{Heap before GC invocations=1 (full 0):
 PSYoungGen      total 917504K, used 786432K [0x00007fda2e550000, 0x00007fda6e550000, 0x00007fda6e550000)
  eden space 786432K, 100% used [0x00007fda2e550000,0x00007fda5e550000,0x00007fda5e550000)
  from space 131072K, 0% used [0x00007fda66550000,0x00007fda66550000,0x00007fda6e550000)
  to   space 131072K, 0% used [0x00007fda5e550000,0x00007fda5e550000,0x00007fda66550000)
 ParOldGen       total 2097152K, used 0K [0x00007fd9ae550000, 0x00007fda2e550000, 0x00007fda2e550000)
  object space 2097152K, 0% used [0x00007fd9ae550000,0x00007fd9ae550000,0x00007fda2e550000)
 PSPermGen       total 22976K, used 22806K [0x00007fd99e550000, 0x00007fd99fbc0000, 0x00007fd9ae550000)
  object space 22976K, 99% used [0x00007fd99e550000,0x00007fd99fb95a60,0x00007fd99fbc0000)
3,335: [GC [PSYoungGen: 786432K->122819K(917504K)] 786432K->122819K(3014656K), 0,0803980 secs] [Times: user=0,25 sys=0,05, real=0,08 secs] 
Heap after GC invocations=1 (full 0):
 PSYoungGen      total 917504K, used 122819K [0x00007fda2e550000, 0x00007fda6e550000, 0x00007fda6e550000)
  eden space 786432K, 0% used [0x00007fda2e550000,0x00007fda2e550000,0x00007fda5e550000)
  from space 131072K, 93% used [0x00007fda5e550000,0x00007fda65d40cb0,0x00007fda66550000)
  to   space 131072K, 0% used [0x00007fda66550000,0x00007fda66550000,0x00007fda6e550000)
 ParOldGen       total 2097152K, used 0K [0x00007fd9ae550000, 0x00007fda2e550000, 0x00007fda2e550000)
  object space 2097152K, 0% used [0x00007fd9ae550000,0x00007fd9ae550000,0x00007fda2e550000)
 PSPermGen       total 22976K, used 22806K [0x00007fd99e550000, 0x00007fd99fbc0000, 0x00007fd9ae550000)
  object space 22976K, 99% used [0x00007fd99e550000,0x00007fd99fb95a60,0x00007fd99fbc0000)
}
{Heap before GC invocations=2 (full 0):
 PSYoungGen      total 917504K, used 909251K [0x00007fda2e550000, 0x00007fda6e550000, 0x00007fda6e550000)
  eden space 786432K, 100% used [0x00007fda2e550000,0x00007fda5e550000,0x00007fda5e550000)
  from space 131072K, 93% used [0x00007fda5e550000,0x00007fda65d40cb0,0x00007fda66550000)
  to   space 131072K, 0% used [0x00007fda66550000,0x00007fda66550000,0x00007fda6e550000)
 ParOldGen       total 2097152K, used 0K [0x00007fd9ae550000, 0x00007fda2e550000, 0x00007fda2e550000)
  object space 2097152K, 0% used [0x00007fd9ae550000,0x00007fd9ae550000,0x00007fda2e550000)
 PSPermGen       total 48512K, used 48373K [0x00007fd99e550000, 0x00007fd9a14b0000, 0x00007fd9ae550000)
  object space 48512K, 99% used [0x00007fd99e550000,0x00007fd9a148d448,0x00007fd9a14b0000)
7,566: [GC [PSYoungGen: 909251K->131043K(917504K)] 909251K->223956K(3014656K), 0,1154250 secs] [Times: user=0,38 sys=0,08, real=0,12 secs] 
Heap after GC invocations=2 (full 0):
 PSYoungGen      total 917504K, used 131043K [0x00007fda2e550000, 0x00007fda6e550000, 0x00007fda6e550000)
  eden space 786432K, 0% used [0x00007fda2e550000,0x00007fda2e550000,0x00007fda5e550000)
  from space 131072K, 99% used [0x00007fda66550000,0x00007fda6e548cf8,0x00007fda6e550000)
  to   space 131072K, 0% used [0x00007fda5e550000,0x00007fda5e550000,0x00007fda66550000)
 ParOldGen       total 2097152K, used 92913K [0x00007fd9ae550000, 0x00007fda2e550000, 0x00007fda2e550000)
  object space 2097152K, 4% used [0x00007fd9ae550000,0x00007fd9b400c650,0x00007fda2e550000)
 PSPermGen       total 48512K, used 48373K [0x00007fd99e550000, 0x00007fd9a14b0000, 0x00007fd9ae550000)
  object space 48512K, 99% used [0x00007fd99e550000,0x00007fd9a148d448,0x00007fd9a14b0000)
}
{Heap before GC invocations=3 (full 0):
 PSYoungGen      total 917504K, used 917475K [0x00007fda2e550000, 0x00007fda6e550000, 0x00007fda6e550000)
  eden space 786432K, 100% used [0x00007fda2e550000,0x00007fda5e550000,0x00007fda5e550000)
  from space 131072K, 99% used [0x00007fda66550000,0x00007fda6e548cf8,0x00007fda6e550000)
  to   space 131072K, 0% used [0x00007fda5e550000,0x00007fda5e550000,0x00007fda66550000)
 ParOldGen       total 2097152K, used 92913K [0x00007fd9ae550000, 0x00007fda2e550000, 0x00007fda2e550000)
  object space 2097152K, 4% used [0x00007fd9ae550000,0x00007fd9b400c650,0x00007fda2e550000)
 PSPermGen       total 96128K, used 96114K [0x00007fd99e550000, 0x00007fd9a4330000, 0x00007fd9ae550000)
  object space 96128K, 99% used [0x00007fd99e550000,0x00007fd9a432c960,0x00007fd9a4330000)
13,897: [GC [PSYoungGen: 917475K->131067K(917504K)] 1010388K->265320K(3014656K), 0,0879000 secs] [Times: user=0,33 sys=0,03, real=0,09 secs] 
Heap after GC invocations=3 (full 0):
 PSYoungGen      total 917504K, used 131067K [0x00007fda2e550000, 0x00007fda6e550000, 0x00007fda6e550000)
  eden space 786432K, 0% used [0x00007fda2e550000,0x00007fda2e550000,0x00007fda5e550000)
  from space 131072K, 99% used [0x00007fda5e550000,0x00007fda6654ed60,0x00007fda66550000)
  to   space 131072K, 0% used [0x00007fda66550000,0x00007fda66550000,0x00007fda6e550000)
 ParOldGen       total 2097152K, used 134252K [0x00007fd9ae550000, 0x00007fda2e550000, 0x00007fda2e550000)
  object space 2097152K, 6% used [0x00007fd9ae550000,0x00007fd9b686b340,0x00007fda2e550000)
 PSPermGen       total 96128K, used 96114K [0x00007fd99e550000, 0x00007fd9a4330000, 0x00007fd9ae550000)
  object space 96128K, 99% used [0x00007fd99e550000,0x00007fd9a432c960,0x00007fd9a4330000)
}
{Heap before GC invocations=4 (full 0):
 PSYoungGen      total 917504K, used 401112K [0x00007fda2e550000, 0x00007fda6e550000, 0x00007fda6e550000)
  eden space 786432K, 34% used [0x00007fda2e550000,0x00007fda3ed075b0,0x00007fda5e550000)
  from space 131072K, 99% used [0x00007fda5e550000,0x00007fda6654ed60,0x00007fda66550000)
  to   space 131072K, 0% used [0x00007fda66550000,0x00007fda66550000,0x00007fda6e550000)
 ParOldGen       total 2097152K, used 134252K [0x00007fd9ae550000, 0x00007fda2e550000, 0x00007fda2e550000)
  object space 2097152K, 6% used [0x00007fd9ae550000,0x00007fd9b686b340,0x00007fda2e550000)
 PSPermGen       total 105920K, used 105889K [0x00007fd99e550000, 0x00007fd9a4cc0000, 0x00007fd9ae550000)
  object space 105920K, 99% used [0x00007fd99e550000,0x00007fd9a4cb86c8,0x00007fd9a4cc0000)
70,960: [GC [PSYoungGen: 401112K->131067K(917504K)] 535365K->281695K(3014656K), 0,0808380 secs] [Times: user=0,32 sys=0,01, real=0,08 secs] 
Heap after GC invocations=4 (full 0):
 PSYoungGen      total 917504K, used 131067K [0x00007fda2e550000, 0x00007fda6e550000, 0x00007fda6e550000)
  eden space 786432K, 0% used [0x00007fda2e550000,0x00007fda2e550000,0x00007fda5e550000)
  from space 131072K, 99% used [0x00007fda66550000,0x00007fda6e54ef48,0x00007fda6e550000)
  to   space 131072K, 0% used [0x00007fda5e550000,0x00007fda5e550000,0x00007fda66550000)
 ParOldGen       total 2097152K, used 150627K [0x00007fd9ae550000, 0x00007fda2e550000, 0x00007fda2e550000)
  object space 2097152K, 7% used [0x00007fd9ae550000,0x00007fd9b7868ef8,0x00007fda2e550000)
 PSPermGen       total 105920K, used 105889K [0x00007fd99e550000, 0x00007fd9a4cc0000, 0x00007fd9ae550000)
  object space 105920K, 99% used [0x00007fd99e550000,0x00007fd9a4cb86c8,0x00007fd9a4cc0000)
}
{Heap before GC invocations=5 (full 1):
 PSYoungGen      total 917504K, used 131067K [0x00007fda2e550000, 0x00007fda6e550000, 0x00007fda6e550000)
  eden space 786432K, 0% used [0x00007fda2e550000,0x00007fda2e550000,0x00007fda5e550000)
  from space 131072K, 99% used [0x00007fda66550000,0x00007fda6e54ef48,0x00007fda6e550000)
  to   space 131072K, 0% used [0x00007fda5e550000,0x00007fda5e550000,0x00007fda66550000)
 ParOldGen       total 2097152K, used 150627K [0x00007fd9ae550000, 0x00007fda2e550000, 0x00007fda2e550000)
  object space 2097152K, 7% used [0x00007fd9ae550000,0x00007fd9b7868ef8,0x00007fda2e550000)
 PSPermGen       total 105920K, used 105889K [0x00007fd99e550000, 0x00007fd9a4cc0000, 0x00007fd9ae550000)
  object space 105920K, 99% used [0x00007fd99e550000,0x00007fd9a4cb86c8,0x00007fd9a4cc0000)
71,041: [Full GC (System) [PSYoungGen: 131067K->0K(917504K)] [ParOldGen: 150627K->272793K(2097152K)] 281695K->272793K(3014656K) [PSPermGen: 105889K->105710K(211904K)], 1,1328020 secs] [Times: user=3,43 sys=0,13, real=1,13 secs] 
Heap after GC invocations=5 (full 1):
 PSYoungGen      total 917504K, used 0K [0x00007fda2e550000, 0x00007fda6e550000, 0x00007fda6e550000)
  eden space 786432K, 0% used [0x00007fda2e550000,0x00007fda2e550000,0x00007fda5e550000)
  from space 131072K, 0% used [0x00007fda66550000,0x00007fda66550000,0x00007fda6e550000)
  to   space 131072K, 0% used [0x00007fda5e550000,0x00007fda5e550000,0x00007fda66550000)
 ParOldGen       total 2097152K, used 272793K [0x00007fd9ae550000, 0x00007fda2e550000, 0x00007fda2e550000)
  object space 2097152K, 13% used [0x00007fd9ae550000,0x00007fd9befb65d0,0x00007fda2e550000)
 PSPermGen       total 211904K, used 105710K [0x00007fd99e550000, 0x00007fd9ab440000, 0x00007fd9ae550000)
  object space 211904K, 49% used [0x00007fd99e550000,0x00007fd9a4c8baf8,0x00007fd9ab440000)
}
{Heap before GC invocations=6 (full 1):
 PSYoungGen      total 917504K, used 786432K [0x00007fda2e550000, 0x00007fda6e550000, 0x00007fda6e550000)
  eden space 786432K, 100% used [0x00007fda2e550000,0x00007fda5e550000,0x00007fda5e550000)
  from space 131072K, 0% used [0x00007fda66550000,0x00007fda66550000,0x00007fda6e550000)
  to   space 131072K, 0% used [0x00007fda5e550000,0x00007fda5e550000,0x00007fda66550000)
 ParOldGen       total 2097152K, used 272793K [0x00007fd9ae550000, 0x00007fda2e550000, 0x00007fda2e550000)
  object space 2097152K, 13% used [0x00007fd9ae550000,0x00007fd9befb65d0,0x00007fda2e550000)
 PSPermGen       total 211904K, used 114123K [0x00007fd99e550000, 0x00007fd9ab440000, 0x00007fd9ae550000)
  object space 211904K, 53% used [0x00007fd99e550000,0x00007fd9a54c2fa8,0x00007fd9ab440000)
1672,913: [GC [PSYoungGen: 786432K->12180K(917504K)] 1059225K->284974K(3014656K), 0,1431710 secs] [Times: user=0,56 sys=0,00, real=0,14 secs] 
Heap after GC invocations=6 (full 1):
 PSYoungGen      total 917504K, used 12180K [0x00007fda2e550000, 0x00007fda6e550000, 0x00007fda6e550000)
  eden space 786432K, 0% used [0x00007fda2e550000,0x00007fda2e550000,0x00007fda5e550000)
  from space 131072K, 9% used [0x00007fda5e550000,0x00007fda5f1352d0,0x00007fda66550000)
  to   space 131072K, 0% used [0x00007fda66550000,0x00007fda66550000,0x00007fda6e550000)
 ParOldGen       total 2097152K, used 272793K [0x00007fd9ae550000, 0x00007fda2e550000, 0x00007fda2e550000)
  object space 2097152K, 13% used [0x00007fd9ae550000,0x00007fd9befb65d0,0x00007fda2e550000)
 PSPermGen       total 211904K, used 114123K [0x00007fd99e550000, 0x00007fd9ab440000, 0x00007fd9ae550000)
  object space 211904K, 53% used [0x00007fd99e550000,0x00007fd9a54c2fa8,0x00007fd9ab440000)
}
{Heap before GC invocations=7 (full 1):
 PSYoungGen      total 917504K, used 664821K [0x00007fda2e550000, 0x00007fda6e550000, 0x00007fda6e550000)
  eden space 786432K, 82% used [0x00007fda2e550000,0x00007fda562a8448,0x00007fda5e550000)
  from space 131072K, 9% used [0x00007fda5e550000,0x00007fda5f1352d0,0x00007fda66550000)
  to   space 131072K, 0% used [0x00007fda66550000,0x00007fda66550000,0x00007fda6e550000)
 ParOldGen       total 2097152K, used 272793K [0x00007fd9ae550000, 0x00007fda2e550000, 0x00007fda2e550000)
  object space 2097152K, 13% used [0x00007fd9ae550000,0x00007fd9befb65d0,0x00007fda2e550000)
 PSPermGen       total 211904K, used 119795K [0x00007fd99e550000, 0x00007fd9ab440000, 0x00007fd9ae550000)
  object space 211904K, 56% used [0x00007fd99e550000,0x00007fd9a5a4cf30,0x00007fd9ab440000)
3672,176: [GC [PSYoungGen: 664821K->17457K(917504K)] 937615K->290251K(3014656K), 0,1226890 secs] [Times: user=0,48 sys=0,00, real=0,12 secs] 
Heap after GC invocations=7 (full 1):
 PSYoungGen      total 917504K, used 17457K [0x00007fda2e550000, 0x00007fda6e550000, 0x00007fda6e550000)
  eden space 786432K, 0% used [0x00007fda2e550000,0x00007fda2e550000,0x00007fda5e550000)
  from space 131072K, 13% used [0x00007fda66550000,0x00007fda6765c6b0,0x00007fda6e550000)
  to   space 131072K, 0% used [0x00007fda5e550000,0x00007fda5e550000,0x00007fda66550000)
 ParOldGen       total 2097152K, used 272793K [0x00007fd9ae550000, 0x00007fda2e550000, 0x00007fda2e550000)
  object space 2097152K, 13% used [0x00007fd9ae550000,0x00007fd9befb65d0,0x00007fda2e550000)
 PSPermGen       total 211904K, used 119795K [0x00007fd99e550000, 0x00007fd9ab440000, 0x00007fd9ae550000)
  object space 211904K, 56% used [0x00007fd99e550000,0x00007fd9a5a4cf30,0x00007fd9ab440000)
}
{Heap before GC invocations=8 (full 2):
 PSYoungGen      total 917504K, used 17457K [0x00007fda2e550000, 0x00007fda6e550000, 0x00007fda6e550000)
  eden space 786432K, 0% used [0x00007fda2e550000,0x00007fda2e550000,0x00007fda5e550000)
  from space 131072K, 13% used [0x00007fda66550000,0x00007fda6765c6b0,0x00007fda6e550000)
  to   space 131072K, 0% used [0x00007fda5e550000,0x00007fda5e550000,0x00007fda66550000)
 ParOldGen       total 2097152K, used 272793K [0x00007fd9ae550000, 0x00007fda2e550000, 0x00007fda2e550000)
  object space 2097152K, 13% used [0x00007fd9ae550000,0x00007fd9befb65d0,0x00007fda2e550000)
 PSPermGen       total 211904K, used 119795K [0x00007fd99e550000, 0x00007fd9ab440000, 0x00007fd9ae550000)
  object space 211904K, 56% used [0x00007fd99e550000,0x00007fd9a5a4cf30,0x00007fd9ab440000)
3672,299: [Full GC (System) [PSYoungGen: 17457K->0K(917504K)] [ParOldGen: 272793K->280175K(2097152K)] 290251K->280175K(3014656K) [PSPermGen: 119795K->118440K(247296K)], 0,6262230 secs] [Times: user=1,65 sys=0,02, real=0,62 secs] 
Heap after GC invocations=8 (full 2):
 PSYoungGen      total 917504K, used 0K [0x00007fda2e550000, 0x00007fda6e550000, 0x00007fda6e550000)
  eden space 786432K, 0% used [0x00007fda2e550000,0x00007fda2e550000,0x00007fda5e550000)
  from space 131072K, 0% used [0x00007fda66550000,0x00007fda66550000,0x00007fda6e550000)
  to   space 131072K, 0% used [0x00007fda5e550000,0x00007fda5e550000,0x00007fda66550000)
 ParOldGen       total 2097152K, used 280175K [0x00007fd9ae550000, 0x00007fda2e550000, 0x00007fda2e550000)
  object space 2097152K, 13% used [0x00007fd9ae550000,0x00007fd9bf6ebff0,0x00007fda2e550000)
 PSPermGen       total 247296K, used 118440K [0x00007fd99e550000, 0x00007fd9ad6d0000, 0x00007fd9ae550000)
  object space 247296K, 47% used [0x00007fd99e550000,0x00007fd9a58fa328,0x00007fd9ad6d0000)
}
{Heap before GC invocations=9 (full 2):
 PSYoungGen      total 917504K, used 786432K [0x00007fda2e550000, 0x00007fda6e550000, 0x00007fda6e550000)
  eden space 786432K, 100% used [0x00007fda2e550000,0x00007fda5e550000,0x00007fda5e550000)
  from space 131072K, 0% used [0x00007fda66550000,0x00007fda66550000,0x00007fda6e550000)
  to   space 131072K, 0% used [0x00007fda5e550000,0x00007fda5e550000,0x00007fda66550000)
 ParOldGen       total 2097152K, used 280175K [0x00007fd9ae550000, 0x00007fda2e550000, 0x00007fda2e550000)
  object space 2097152K, 13% used [0x00007fd9ae550000,0x00007fd9bf6ebff0,0x00007fda2e550000)
 PSPermGen       total 247296K, used 119902K [0x00007fd99e550000, 0x00007fd9ad6d0000, 0x00007fd9ae550000)
  object space 247296K, 48% used [0x00007fd99e550000,0x00007fd9a5a67900,0x00007fd9ad6d0000)
4797,197: [GC [PSYoungGen: 786432K->9600K(796032K)] 1066607K->289775K(2893184K), 0,0351440 secs] [Times: user=0,13 sys=0,00, real=0,03 secs] 
Heap after GC invocations=9 (full 2):
 PSYoungGen      total 796032K, used 9600K [0x00007fda2e550000, 0x00007fda6e550000, 0x00007fda6e550000)
  eden space 786432K, 0% used [0x00007fda2e550000,0x00007fda2e550000,0x00007fda5e550000)
  from space 9600K, 100% used [0x00007fda5e550000,0x00007fda5eeb0000,0x00007fda5eeb0000)
  to   space 252544K, 0% used [0x00007fda5eeb0000,0x00007fda5eeb0000,0x00007fda6e550000)
 ParOldGen       total 2097152K, used 280175K [0x00007fd9ae550000, 0x00007fda2e550000, 0x00007fda2e550000)
  object space 2097152K, 13% used [0x00007fd9ae550000,0x00007fd9bf6ebff0,0x00007fda2e550000)
 PSPermGen       total 247296K, used 119902K [0x00007fd99e550000, 0x00007fd9ad6d0000, 0x00007fd9ae550000)
  object space 247296K, 48% used [0x00007fd99e550000,0x00007fd9a5a67900,0x00007fd9ad6d0000)
}
{Heap before GC invocations=10 (full 2):
 PSYoungGen      total 796032K, used 796032K [0x00007fda2e550000, 0x00007fda6e550000, 0x00007fda6e550000)
  eden space 786432K, 100% used [0x00007fda2e550000,0x00007fda5e550000,0x00007fda5e550000)
  from space 9600K, 100% used [0x00007fda5e550000,0x00007fda5eeb0000,0x00007fda5eeb0000)
  to   space 252544K, 0% used [0x00007fda5eeb0000,0x00007fda5eeb0000,0x00007fda6e550000)
 ParOldGen       total 2097152K, used 280175K [0x00007fd9ae550000, 0x00007fda2e550000, 0x00007fda2e550000)
  object space 2097152K, 13% used [0x00007fd9ae550000,0x00007fd9bf6ebff0,0x00007fda2e550000)
 PSPermGen       total 247296K, used 120868K [0x00007fd99e550000, 0x00007fd9ad6d0000, 0x00007fd9ae550000)
  object space 247296K, 48% used [0x00007fd99e550000,0x00007fd9a5b593c0,0x00007fd9ad6d0000)
4916,456: [GC [PSYoungGen: 796032K->14071K(774272K)] 1076207K->294247K(2871424K), 0,0238300 secs] [Times: user=0,08 sys=0,00, real=0,03 secs] 
Heap after GC invocations=10 (full 2):
 PSYoungGen      total 774272K, used 14071K [0x00007fda2e550000, 0x00007fda6e550000, 0x00007fda6e550000)
  eden space 521728K, 0% used [0x00007fda2e550000,0x00007fda2e550000,0x00007fda4e2d0000)
  from space 252544K, 5% used [0x00007fda5eeb0000,0x00007fda5fc6df38,0x00007fda6e550000)
  to   space 263424K, 0% used [0x00007fda4e2d0000,0x00007fda4e2d0000,0x00007fda5e410000)
 ParOldGen       total 2097152K, used 280175K [0x00007fd9ae550000, 0x00007fda2e550000, 0x00007fda2e550000)
  object space 2097152K, 13% used [0x00007fd9ae550000,0x00007fd9bf6ebff0,0x00007fda2e550000)
 PSPermGen       total 247296K, used 120868K [0x00007fd99e550000, 0x00007fd9ad6d0000, 0x00007fd9ae550000)
  object space 247296K, 48% used [0x00007fd99e550000,0x00007fd9a5b593c0,0x00007fd9ad6d0000)
}
{Heap before GC invocations=11 (full 2):
 PSYoungGen      total 774272K, used 535799K [0x00007fda2e550000, 0x00007fda6e550000, 0x00007fda6e550000)
  eden space 521728K, 100% used [0x00007fda2e550000,0x00007fda4e2d0000,0x00007fda4e2d0000)
  from space 252544K, 5% used [0x00007fda5eeb0000,0x00007fda5fc6df38,0x00007fda6e550000)
  to   space 263424K, 0% used [0x00007fda4e2d0000,0x00007fda4e2d0000,0x00007fda5e410000)
 ParOldGen       total 2097152K, used 280175K [0x00007fd9ae550000, 0x00007fda2e550000, 0x00007fda2e550000)
  object space 2097152K, 13% used [0x00007fd9ae550000,0x00007fd9bf6ebff0,0x00007fda2e550000)
 PSPermGen       total 247296K, used 131497K [0x00007fd99e550000, 0x00007fd9ad6d0000, 0x00007fd9ae550000)
  object space 247296K, 53% used [0x00007fd99e550000,0x00007fd9a65ba768,0x00007fd9ad6d0000)
4949,589: [GC [PSYoungGen: 535799K->20870K(785152K)] 815975K->301046K(2882304K), 0,0196270 secs] [Times: user=0,07 sys=0,00, real=0,02 secs] 
Heap after GC invocations=11 (full 2):
 PSYoungGen      total 785152K, used 20870K [0x00007fda2e550000, 0x00007fda6e550000, 0x00007fda6e550000)
  eden space 521728K, 0% used [0x00007fda2e550000,0x00007fda2e550000,0x00007fda4e2d0000)
  from space 263424K, 7% used [0x00007fda4e2d0000,0x00007fda4f731a20,0x00007fda5e410000)
  to   space 257408K, 0% used [0x00007fda5e9f0000,0x00007fda5e9f0000,0x00007fda6e550000)
 ParOldGen       total 2097152K, used 280175K [0x00007fd9ae550000, 0x00007fda2e550000, 0x00007fda2e550000)
  object space 2097152K, 13% used [0x00007fd9ae550000,0x00007fd9bf6ebff0,0x00007fda2e550000)
 PSPermGen       total 247296K, used 131497K [0x00007fd99e550000, 0x00007fd9ad6d0000, 0x00007fd9ae550000)
  object space 247296K, 53% used [0x00007fd99e550000,0x00007fd9a65ba768,0x00007fd9ad6d0000)
}
{Heap before GC invocations=12 (full 2):
 PSYoungGen      total 785152K, used 542598K [0x00007fda2e550000, 0x00007fda6e550000, 0x00007fda6e550000)
  eden space 521728K, 100% used [0x00007fda2e550000,0x00007fda4e2d0000,0x00007fda4e2d0000)
  from space 263424K, 7% used [0x00007fda4e2d0000,0x00007fda4f731a20,0x00007fda5e410000)
  to   space 257408K, 0% used [0x00007fda5e9f0000,0x00007fda5e9f0000,0x00007fda6e550000)
 ParOldGen       total 2097152K, used 280175K [0x00007fd9ae550000, 0x00007fda2e550000, 0x00007fda2e550000)
  object space 2097152K, 13% used [0x00007fd9ae550000,0x00007fd9bf6ebff0,0x00007fda2e550000)
 PSPermGen       total 247296K, used 131736K [0x00007fd99e550000, 0x00007fd9ad6d0000, 0x00007fd9ae550000)
  object space 247296K, 53% used [0x00007fd99e550000,0x00007fd9a65f60b0,0x00007fd9ad6d0000)
5428,336: [GC [PSYoungGen: 542598K->24262K(798464K)] 822774K->304438K(2895616K), 0,0337740 secs] [Times: user=0,11 sys=0,00, real=0,03 secs] 
Heap after GC invocations=12 (full 2):
 PSYoungGen      total 798464K, used 24262K [0x00007fda2e550000, 0x00007fda6e550000, 0x00007fda6e550000)
  eden space 541056K, 0% used [0x00007fda2e550000,0x00007fda2e550000,0x00007fda4f5b0000)
  from space 257408K, 9% used [0x00007fda5e9f0000,0x00007fda601a1aa0,0x00007fda6e550000)
  to   space 250112K, 0% used [0x00007fda4f5b0000,0x00007fda4f5b0000,0x00007fda5e9f0000)
 ParOldGen       total 2097152K, used 280175K [0x00007fd9ae550000, 0x00007fda2e550000, 0x00007fda2e550000)
  object space 2097152K, 13% used [0x00007fd9ae550000,0x00007fd9bf6ebff0,0x00007fda2e550000)
 PSPermGen       total 247296K, used 131736K [0x00007fd99e550000, 0x00007fd9ad6d0000, 0x00007fd9ae550000)
  object space 247296K, 53% used [0x00007fd99e550000,0x00007fd9a65f60b0,0x00007fd9ad6d0000)
}
{Heap before GC invocations=13 (full 2):
 PSYoungGen      total 798464K, used 565318K [0x00007fda2e550000, 0x00007fda6e550000, 0x00007fda6e550000)
  eden space 541056K, 100% used [0x00007fda2e550000,0x00007fda4f5b0000,0x00007fda4f5b0000)
  from space 257408K, 9% used [0x00007fda5e9f0000,0x00007fda601a1aa0,0x00007fda6e550000)
  to   space 250112K, 0% used [0x00007fda4f5b0000,0x00007fda4f5b0000,0x00007fda5e9f0000)
 ParOldGen       total 2097152K, used 280175K [0x00007fd9ae550000, 0x00007fda2e550000, 0x00007fda2e550000)
  object space 2097152K, 13% used [0x00007fd9ae550000,0x00007fd9bf6ebff0,0x00007fda2e550000)
 PSPermGen       total 247296K, used 132243K [0x00007fd99e550000, 0x00007fd9ad6d0000, 0x00007fd9ae550000)
  object space 247296K, 53% used [0x00007fd99e550000,0x00007fd9a6674f00,0x00007fd9ad6d0000)
5471,752: [GC [PSYoungGen: 565318K->14893K(791168K)] 845494K->304601K(2888320K), 0,0279480 secs] [Times: user=0,09 sys=0,01, real=0,02 secs] 
Heap after GC invocations=13 (full 2):
 PSYoungGen      total 791168K, used 14893K [0x00007fda2e550000, 0x00007fda6e550000, 0x00007fda6e550000)
  eden space 541056K, 0% used [0x00007fda2e550000,0x00007fda2e550000,0x00007fda4f5b0000)
  from space 250112K, 5% used [0x00007fda4f5b0000,0x00007fda5043b5c8,0x00007fda5e9f0000)
  to   space 243520K, 0% used [0x00007fda5f780000,0x00007fda5f780000,0x00007fda6e550000)
 ParOldGen       total 2097152K, used 289707K [0x00007fd9ae550000, 0x00007fda2e550000, 0x00007fda2e550000)
  object space 2097152K, 13% used [0x00007fd9ae550000,0x00007fd9c003aed0,0x00007fda2e550000)
 PSPermGen       total 247296K, used 132243K [0x00007fd99e550000, 0x00007fd9ad6d0000, 0x00007fd9ae550000)
  object space 247296K, 53% used [0x00007fd99e550000,0x00007fd9a6674f00,0x00007fd9ad6d0000)
}
{Heap before GC invocations=14 (full 2):
 PSYoungGen      total 791168K, used 555949K [0x00007fda2e550000, 0x00007fda6e550000, 0x00007fda6e550000)
  eden space 541056K, 100% used [0x00007fda2e550000,0x00007fda4f5b0000,0x00007fda4f5b0000)
  from space 250112K, 5% used [0x00007fda4f5b0000,0x00007fda5043b5c8,0x00007fda5e9f0000)
  to   space 243520K, 0% used [0x00007fda5f780000,0x00007fda5f780000,0x00007fda6e550000)
 ParOldGen       total 2097152K, used 289707K [0x00007fd9ae550000, 0x00007fda2e550000, 0x00007fda2e550000)
  object space 2097152K, 13% used [0x00007fd9ae550000,0x00007fd9c003aed0,0x00007fda2e550000)
 PSPermGen       total 247296K, used 132593K [0x00007fd99e550000, 0x00007fd9ad6d0000, 0x00007fd9ae550000)
  object space 247296K, 53% used [0x00007fd99e550000,0x00007fd9a66cc610,0x00007fd9ad6d0000)
5530,679: [GC [PSYoungGen: 555949K->11048K(812032K)] 845657K->308463K(2909184K), 0,0266250 secs] [Times: user=0,09 sys=0,00, real=0,02 secs] 
Heap after GC invocations=14 (full 2):
 PSYoungGen      total 812032K, used 11048K [0x00007fda2e550000, 0x00007fda6e550000, 0x00007fda6e550000)
  eden space 568512K, 0% used [0x00007fda2e550000,0x00007fda2e550000,0x00007fda51080000)
  from space 243520K, 4% used [0x00007fda5f780000,0x00007fda6024a088,0x00007fda6e550000)
  to   space 236544K, 0% used [0x00007fda51080000,0x00007fda51080000,0x00007fda5f780000)
 ParOldGen       total 2097152K, used 297415K [0x00007fd9ae550000, 0x00007fda2e550000, 0x00007fda2e550000)
  object space 2097152K, 14% used [0x00007fd9ae550000,0x00007fd9c07c1c28,0x00007fda2e550000)
 PSPermGen       total 247296K, used 132593K [0x00007fd99e550000, 0x00007fd9ad6d0000, 0x00007fd9ae550000)
  object space 247296K, 53% used [0x00007fd99e550000,0x00007fd9a66cc610,0x00007fd9ad6d0000)
}
{Heap before GC invocations=15 (full 2):
 PSYoungGen      total 812032K, used 579560K [0x00007fda2e550000, 0x00007fda6e550000, 0x00007fda6e550000)
  eden space 568512K, 100% used [0x00007fda2e550000,0x00007fda51080000,0x00007fda51080000)
  from space 243520K, 4% used [0x00007fda5f780000,0x00007fda6024a088,0x00007fda6e550000)
  to   space 236544K, 0% used [0x00007fda51080000,0x00007fda51080000,0x00007fda5f780000)
 ParOldGen       total 2097152K, used 297415K [0x00007fd9ae550000, 0x00007fda2e550000, 0x00007fda2e550000)
  object space 2097152K, 14% used [0x00007fd9ae550000,0x00007fd9c07c1c28,0x00007fda2e550000)
 PSPermGen       total 247296K, used 132819K [0x00007fd99e550000, 0x00007fd9ad6d0000, 0x00007fd9ae550000)
  object space 247296K, 53% used [0x00007fd99e550000,0x00007fd9a6704f80,0x00007fd9ad6d0000)
5562,975: [GC [PSYoungGen: 579560K->10324K(805056K)] 876975K->316084K(2902208K), 0,0260440 secs] [Times: user=0,08 sys=0,02, real=0,03 secs] 
Heap after GC invocations=15 (full 2):
 PSYoungGen      total 805056K, used 10324K [0x00007fda2e550000, 0x00007fda6e550000, 0x00007fda6e550000)
  eden space 568512K, 0% used [0x00007fda2e550000,0x00007fda2e550000,0x00007fda51080000)
  from space 236544K, 4% used [0x00007fda51080000,0x00007fda51a95368,0x00007fda5f780000)
  to   space 228800K, 0% used [0x00007fda605e0000,0x00007fda605e0000,0x00007fda6e550000)
 ParOldGen       total 2097152K, used 305759K [0x00007fd9ae550000, 0x00007fda2e550000, 0x00007fda2e550000)
  object space 2097152K, 14% used [0x00007fd9ae550000,0x00007fd9c0fe7eb8,0x00007fda2e550000)
 PSPermGen       total 247296K, used 132819K [0x00007fd99e550000, 0x00007fd9ad6d0000, 0x00007fd9ae550000)
  object space 247296K, 53% used [0x00007fd99e550000,0x00007fd9a6704f80,0x00007fd9ad6d0000)
}
{Heap before GC invocations=16 (full 2):
 PSYoungGen      total 805056K, used 578836K [0x00007fda2e550000, 0x00007fda6e550000, 0x00007fda6e550000)
  eden space 568512K, 100% used [0x00007fda2e550000,0x00007fda51080000,0x00007fda51080000)
  from space 236544K, 4% used [0x00007fda51080000,0x00007fda51a95368,0x00007fda5f780000)
  to   space 228800K, 0% used [0x00007fda605e0000,0x00007fda605e0000,0x00007fda6e550000)
 ParOldGen       total 2097152K, used 305759K [0x00007fd9ae550000, 0x00007fda2e550000, 0x00007fda2e550000)
  object space 2097152K, 14% used [0x00007fd9ae550000,0x00007fd9c0fe7eb8,0x00007fda2e550000)
 PSPermGen       total 247296K, used 133148K [0x00007fd99e550000, 0x00007fd9ad6d0000, 0x00007fd9ae550000)
  object space 247296K, 53% used [0x00007fd99e550000,0x00007fd9a6757388,0x00007fd9ad6d0000)
5583,810: [GC [PSYoungGen: 578836K->6432K(827584K)] 884596K->320667K(2924736K), 0,0184750 secs] [Times: user=0,07 sys=0,00, real=0,02 secs] 
Heap after GC invocations=16 (full 2):
 PSYoungGen      total 827584K, used 6432K [0x00007fda2e550000, 0x00007fda6e550000, 0x00007fda6e550000)
  eden space 598784K, 0% used [0x00007fda2e550000,0x00007fda2e550000,0x00007fda52e10000)
  from space 228800K, 2% used [0x00007fda605e0000,0x00007fda60c28000,0x00007fda6e550000)
  to   space 220992K, 0% used [0x00007fda52e10000,0x00007fda52e10000,0x00007fda605e0000)
 ParOldGen       total 2097152K, used 314235K [0x00007fd9ae550000, 0x00007fda2e550000, 0x00007fda2e550000)
  object space 2097152K, 14% used [0x00007fd9ae550000,0x00007fd9c182ef20,0x00007fda2e550000)
 PSPermGen       total 247296K, used 133148K [0x00007fd99e550000, 0x00007fd9ad6d0000, 0x00007fd9ae550000)
  object space 247296K, 53% used [0x00007fd99e550000,0x00007fd9a6757388,0x00007fd9ad6d0000)
}
{Heap before GC invocations=17 (full 2):
 PSYoungGen      total 827584K, used 605216K [0x00007fda2e550000, 0x00007fda6e550000, 0x00007fda6e550000)
  eden space 598784K, 100% used [0x00007fda2e550000,0x00007fda52e10000,0x00007fda52e10000)
  from space 228800K, 2% used [0x00007fda605e0000,0x00007fda60c28000,0x00007fda6e550000)
  to   space 220992K, 0% used [0x00007fda52e10000,0x00007fda52e10000,0x00007fda605e0000)
 ParOldGen       total 2097152K, used 314235K [0x00007fd9ae550000, 0x00007fda2e550000, 0x00007fda2e550000)
  object space 2097152K, 14% used [0x00007fd9ae550000,0x00007fd9c182ef20,0x00007fda2e550000)
 PSPermGen       total 247296K, used 133260K [0x00007fd99e550000, 0x00007fd9ad6d0000, 0x00007fd9ae550000)
  object space 247296K, 53% used [0x00007fd99e550000,0x00007fd9a6773218,0x00007fd9ad6d0000)
5608,295: [GC [PSYoungGen: 605216K->6720K(819776K)] 919451K->326358K(2916928K), 0,0197480 secs] [Times: user=0,05 sys=0,01, real=0,02 secs] 
Heap after GC invocations=17 (full 2):
 PSYoungGen      total 819776K, used 6720K [0x00007fda2e550000, 0x00007fda6e550000, 0x00007fda6e550000)
  eden space 598784K, 0% used [0x00007fda2e550000,0x00007fda2e550000,0x00007fda52e10000)
  from space 220992K, 3% used [0x00007fda52e10000,0x00007fda534a0000,0x00007fda605e0000)
  to   space 212416K, 0% used [0x00007fda615e0000,0x00007fda615e0000,0x00007fda6e550000)
 ParOldGen       total 2097152K, used 319638K [0x00007fd9ae550000, 0x00007fda2e550000, 0x00007fda2e550000)
  object space 2097152K, 15% used [0x00007fd9ae550000,0x00007fd9c1d75ad8,0x00007fda2e550000)
 PSPermGen       total 247296K, used 133260K [0x00007fd99e550000, 0x00007fd9ad6d0000, 0x00007fd9ae550000)
  object space 247296K, 53% used [0x00007fd99e550000,0x00007fd9a6773218,0x00007fd9ad6d0000)
}
{Heap before GC invocations=18 (full 2):
 PSYoungGen      total 819776K, used 605504K [0x00007fda2e550000, 0x00007fda6e550000, 0x00007fda6e550000)
  eden space 598784K, 100% used [0x00007fda2e550000,0x00007fda52e10000,0x00007fda52e10000)
  from space 220992K, 3% used [0x00007fda52e10000,0x00007fda534a0000,0x00007fda605e0000)
  to   space 212416K, 0% used [0x00007fda615e0000,0x00007fda615e0000,0x00007fda6e550000)
 ParOldGen       total 2097152K, used 319638K [0x00007fd9ae550000, 0x00007fda2e550000, 0x00007fda2e550000)
  object space 2097152K, 15% used [0x00007fd9ae550000,0x00007fd9c1d75ad8,0x00007fda2e550000)
 PSPermGen       total 247296K, used 133485K [0x00007fd99e550000, 0x00007fd9ad6d0000, 0x00007fd9ae550000)
  object space 247296K, 53% used [0x00007fd99e550000,0x00007fd9a67ab458,0x00007fd9ad6d0000)
5635,947: [GC [PSYoungGen: 605504K->8410K(845376K)] 925142K->333324K(2942528K), 0,0185710 secs] [Times: user=0,06 sys=0,01, real=0,02 secs] 
Heap after GC invocations=18 (full 2):
 PSYoungGen      total 845376K, used 8410K [0x00007fda2e550000, 0x00007fda6e550000, 0x00007fda6e550000)
  eden space 632960K, 0% used [0x00007fda2e550000,0x00007fda2e550000,0x00007fda54f70000)
  from space 212416K, 3% used [0x00007fda615e0000,0x00007fda61e168f0,0x00007fda6e550000)
  to   space 203200K, 0% used [0x00007fda54f70000,0x00007fda54f70000,0x00007fda615e0000)
 ParOldGen       total 2097152K, used 324914K [0x00007fd9ae550000, 0x00007fda2e550000, 0x00007fda2e550000)
  object space 2097152K, 15% used [0x00007fd9ae550000,0x00007fd9c229c958,0x00007fda2e550000)
 PSPermGen       total 247296K, used 133485K [0x00007fd99e550000, 0x00007fd9ad6d0000, 0x00007fd9ae550000)
  object space 247296K, 53% used [0x00007fd99e550000,0x00007fd9a67ab458,0x00007fd9ad6d0000)
}
{Heap before GC invocations=19 (full 2):
 PSYoungGen      total 845376K, used 641370K [0x00007fda2e550000, 0x00007fda6e550000, 0x00007fda6e550000)
  eden space 632960K, 100% used [0x00007fda2e550000,0x00007fda54f70000,0x00007fda54f70000)
  from space 212416K, 3% used [0x00007fda615e0000,0x00007fda61e168f0,0x00007fda6e550000)
  to   space 203200K, 0% used [0x00007fda54f70000,0x00007fda54f70000,0x00007fda615e0000)
 ParOldGen       total 2097152K, used 324914K [0x00007fd9ae550000, 0x00007fda2e550000, 0x00007fda2e550000)
  object space 2097152K, 15% used [0x00007fd9ae550000,0x00007fd9c229c958,0x00007fda2e550000)
 PSPermGen       total 247296K, used 133566K [0x00007fd99e550000, 0x00007fd9ad6d0000, 0x00007fd9ae550000)
  object space 247296K, 54% used [0x00007fd99e550000,0x00007fd9a67bf9f0,0x00007fd9ad6d0000)
5664,170: [GC [PSYoungGen: 641370K->8896K(836160K)] 966284K->340135K(2933312K), 0,0226410 secs] [Times: user=0,07 sys=0,01, real=0,02 secs] 
Heap after GC invocations=19 (full 2):
 PSYoungGen      total 836160K, used 8896K [0x00007fda2e550000, 0x00007fda6e550000, 0x00007fda6e550000)
  eden space 632960K, 0% used [0x00007fda2e550000,0x00007fda2e550000,0x00007fda54f70000)
  from space 203200K, 4% used [0x00007fda54f70000,0x00007fda55820000,0x00007fda615e0000)
  to   space 193664K, 0% used [0x00007fda62830000,0x00007fda62830000,0x00007fda6e550000)
 ParOldGen       total 2097152K, used 331239K [0x00007fd9ae550000, 0x00007fda2e550000, 0x00007fda2e550000)
  object space 2097152K, 15% used [0x00007fd9ae550000,0x00007fd9c28c9f28,0x00007fda2e550000)
 PSPermGen       total 247296K, used 133566K [0x00007fd99e550000, 0x00007fd9ad6d0000, 0x00007fd9ae550000)
  object space 247296K, 54% used [0x00007fd99e550000,0x00007fd9a67bf9f0,0x00007fd9ad6d0000)
}
{Heap before GC invocations=20 (full 2):
 PSYoungGen      total 836160K, used 641856K [0x00007fda2e550000, 0x00007fda6e550000, 0x00007fda6e550000)
  eden space 632960K, 100% used [0x00007fda2e550000,0x00007fda54f70000,0x00007fda54f70000)
  from space 203200K, 4% used [0x00007fda54f70000,0x00007fda55820000,0x00007fda615e0000)
  to   space 193664K, 0% used [0x00007fda62830000,0x00007fda62830000,0x00007fda6e550000)
 ParOldGen       total 2097152K, used 331239K [0x00007fd9ae550000, 0x00007fda2e550000, 0x00007fda2e550000)
  object space 2097152K, 15% used [0x00007fd9ae550000,0x00007fd9c28c9f28,0x00007fda2e550000)
 PSPermGen       total 247296K, used 133651K [0x00007fd99e550000, 0x00007fd9ad6d0000, 0x00007fd9ae550000)
  object space 247296K, 54% used [0x00007fd99e550000,0x00007fd9a67d4fe8,0x00007fd9ad6d0000)
5684,046: [GC [PSYoungGen: 641856K->8928K(864448K)] 973095K->347673K(2961600K), 0,0513180 secs] [Times: user=0,11 sys=0,01, real=0,06 secs] 
Heap after GC invocations=20 (full 2):
 PSYoungGen      total 864448K, used 8928K [0x00007fda2e550000, 0x00007fda6e550000, 0x00007fda6e550000)
  eden space 670784K, 0% used [0x00007fda2e550000,0x00007fda2e550000,0x00007fda57460000)
  from space 193664K, 4% used [0x00007fda62830000,0x00007fda630e8000,0x00007fda6e550000)
  to   space 184128K, 0% used [0x00007fda57460000,0x00007fda57460000,0x00007fda62830000)
 ParOldGen       total 2097152K, used 338745K [0x00007fd9ae550000, 0x00007fda2e550000, 0x00007fda2e550000)
  object space 2097152K, 16% used [0x00007fd9ae550000,0x00007fd9c301e4b0,0x00007fda2e550000)
 PSPermGen       total 247296K, used 133651K [0x00007fd99e550000, 0x00007fd9ad6d0000, 0x00007fd9ae550000)
  object space 247296K, 54% used [0x00007fd99e550000,0x00007fd9a67d4fe8,0x00007fd9ad6d0000)
}
{Heap before GC invocations=21 (full 2):
 PSYoungGen      total 864448K, used 679712K [0x00007fda2e550000, 0x00007fda6e550000, 0x00007fda6e550000)
  eden space 670784K, 100% used [0x00007fda2e550000,0x00007fda57460000,0x00007fda57460000)
  from space 193664K, 4% used [0x00007fda62830000,0x00007fda630e8000,0x00007fda6e550000)
  to   space 184128K, 0% used [0x00007fda57460000,0x00007fda57460000,0x00007fda62830000)
 ParOldGen       total 2097152K, used 338745K [0x00007fd9ae550000, 0x00007fda2e550000, 0x00007fda2e550000)
  object space 2097152K, 16% used [0x00007fd9ae550000,0x00007fd9c301e4b0,0x00007fda2e550000)
 PSPermGen       total 247296K, used 133731K [0x00007fd99e550000, 0x00007fd9ad6d0000, 0x00007fd9ae550000)
  object space 247296K, 54% used [0x00007fd99e550000,0x00007fd9a67e8da8,0x00007fd9ad6d0000)
5707,238: [GC [PSYoungGen: 679712K->8832K(854912K)] 1018457K->354823K(2952064K), 0,0222360 secs] [Times: user=0,07 sys=0,00, real=0,02 secs] 
Heap after GC invocations=21 (full 2):
 PSYoungGen      total 854912K, used 8832K [0x00007fda2e550000, 0x00007fda6e550000, 0x00007fda6e550000)
  eden space 670784K, 0% used [0x00007fda2e550000,0x00007fda2e550000,0x00007fda57460000)
  from space 184128K, 4% used [0x00007fda57460000,0x00007fda57d00030,0x00007fda62830000)
  to   space 174592K, 0% used [0x00007fda63ad0000,0x00007fda63ad0000,0x00007fda6e550000)
 ParOldGen       total 2097152K, used 345991K [0x00007fd9ae550000, 0x00007fda2e550000, 0x00007fda2e550000)
  object space 2097152K, 16% used [0x00007fd9ae550000,0x00007fd9c3731cc8,0x00007fda2e550000)
 PSPermGen       total 247296K, used 133731K [0x00007fd99e550000, 0x00007fd9ad6d0000, 0x00007fd9ae550000)
  object space 247296K, 54% used [0x00007fd99e550000,0x00007fd9a67e8da8,0x00007fd9ad6d0000)
}
{Heap before GC invocations=22 (full 2):
 PSYoungGen      total 854912K, used 679616K [0x00007fda2e550000, 0x00007fda6e550000, 0x00007fda6e550000)
  eden space 670784K, 100% used [0x00007fda2e550000,0x00007fda57460000,0x00007fda57460000)
  from space 184128K, 4% used [0x00007fda57460000,0x00007fda57d00030,0x00007fda62830000)
  to   space 174592K, 0% used [0x00007fda63ad0000,0x00007fda63ad0000,0x00007fda6e550000)
 ParOldGen       total 2097152K, used 345991K [0x00007fd9ae550000, 0x00007fda2e550000, 0x00007fda2e550000)
  object space 2097152K, 16% used [0x00007fd9ae550000,0x00007fd9c3731cc8,0x00007fda2e550000)
 PSPermGen       total 247296K, used 133868K [0x00007fd99e550000, 0x00007fd9ad6d0000, 0x00007fd9ae550000)
  object space 247296K, 54% used [0x00007fd99e550000,0x00007fd9a680b260,0x00007fd9ad6d0000)
5723,841: [GC [PSYoungGen: 679616K->10019K(883520K)] 1025607K->363459K(2980672K), 0,0260290 secs] [Times: user=0,08 sys=0,00, real=0,03 secs] 
Heap after GC invocations=22 (full 2):
 PSYoungGen      total 883520K, used 10019K [0x00007fda2e550000, 0x00007fda6e550000, 0x00007fda6e550000)
  eden space 708928K, 0% used [0x00007fda2e550000,0x00007fda2e550000,0x00007fda599a0000)
  from space 174592K, 5% used [0x00007fda63ad0000,0x00007fda64498d18,0x00007fda6e550000)
  to   space 165056K, 0% used [0x00007fda599a0000,0x00007fda599a0000,0x00007fda63ad0000)
 ParOldGen       total 2097152K, used 353440K [0x00007fd9ae550000, 0x00007fda2e550000, 0x00007fda2e550000)
  object space 2097152K, 16% used [0x00007fd9ae550000,0x00007fd9c3e78088,0x00007fda2e550000)
 PSPermGen       total 247296K, used 133868K [0x00007fd99e550000, 0x00007fd9ad6d0000, 0x00007fd9ae550000)
  object space 247296K, 54% used [0x00007fd99e550000,0x00007fd9a680b260,0x00007fd9ad6d0000)
}
{Heap before GC invocations=23 (full 2):
 PSYoungGen      total 883520K, used 718947K [0x00007fda2e550000, 0x00007fda6e550000, 0x00007fda6e550000)
  eden space 708928K, 100% used [0x00007fda2e550000,0x00007fda599a0000,0x00007fda599a0000)
  from space 174592K, 5% used [0x00007fda63ad0000,0x00007fda64498d18,0x00007fda6e550000)
  to   space 165056K, 0% used [0x00007fda599a0000,0x00007fda599a0000,0x00007fda63ad0000)
 ParOldGen       total 2097152K, used 353440K [0x00007fd9ae550000, 0x00007fda2e550000, 0x00007fda2e550000)
  object space 2097152K, 16% used [0x00007fd9ae550000,0x00007fd9c3e78088,0x00007fda2e550000)
 PSPermGen       total 247296K, used 133907K [0x00007fd99e550000, 0x00007fd9ad6d0000, 0x00007fd9ae550000)
  object space 247296K, 54% used [0x00007fd99e550000,0x00007fd9a6814fe8,0x00007fd9ad6d0000)
5755,249: [GC [PSYoungGen: 718947K->10032K(873984K)] 1072387K->371346K(2971136K), 0,0270560 secs] [Times: user=0,08 sys=0,00, real=0,03 secs] 
Heap after GC invocations=23 (full 2):
 PSYoungGen      total 873984K, used 10032K [0x00007fda2e550000, 0x00007fda6e550000, 0x00007fda6e550000)
  eden space 708928K, 0% used [0x00007fda2e550000,0x00007fda2e550000,0x00007fda599a0000)
  from space 165056K, 6% used [0x00007fda599a0000,0x00007fda5a36c018,0x00007fda63ad0000)
  to   space 155776K, 0% used [0x00007fda64d30000,0x00007fda64d30000,0x00007fda6e550000)
 ParOldGen       total 2097152K, used 361314K [0x00007fd9ae550000, 0x00007fda2e550000, 0x00007fda2e550000)
  object space 2097152K, 17% used [0x00007fd9ae550000,0x00007fd9c4628940,0x00007fda2e550000)
 PSPermGen       total 247296K, used 133907K [0x00007fd99e550000, 0x00007fd9ad6d0000, 0x00007fd9ae550000)
  object space 247296K, 54% used [0x00007fd99e550000,0x00007fd9a6814fe8,0x00007fd9ad6d0000)
}
{Heap before GC invocations=24 (full 2):
 PSYoungGen      total 873984K, used 718960K [0x00007fda2e550000, 0x00007fda6e550000, 0x00007fda6e550000)
  eden space 708928K, 100% used [0x00007fda2e550000,0x00007fda599a0000,0x00007fda599a0000)
  from space 165056K, 6% used [0x00007fda599a0000,0x00007fda5a36c018,0x00007fda63ad0000)
  to   space 155776K, 0% used [0x00007fda64d30000,0x00007fda64d30000,0x00007fda6e550000)
 ParOldGen       total 2097152K, used 361314K [0x00007fd9ae550000, 0x00007fda2e550000, 0x00007fda2e550000)
  object space 2097152K, 17% used [0x00007fd9ae550000,0x00007fd9c4628940,0x00007fda2e550000)
 PSPermGen       total 247296K, used 134001K [0x00007fd99e550000, 0x00007fd9ad6d0000, 0x00007fd9ae550000)
  object space 247296K, 54% used [0x00007fd99e550000,0x00007fd9a682c468,0x00007fd9ad6d0000)
5786,799: [GC [PSYoungGen: 718960K->8160K(901440K)] 1080274K->378138K(2998592K), 0,0257400 secs] [Times: user=0,08 sys=0,01, real=0,03 secs] 
Heap after GC invocations=24 (full 2):
 PSYoungGen      total 901440K, used 8160K [0x00007fda2e550000, 0x00007fda6e550000, 0x00007fda6e550000)
  eden space 745664K, 0% used [0x00007fda2e550000,0x00007fda2e550000,0x00007fda5bd80000)
  from space 155776K, 5% used [0x00007fda64d30000,0x00007fda65528000,0x00007fda6e550000)
  to   space 147136K, 0% used [0x00007fda5bd80000,0x00007fda5bd80000,0x00007fda64d30000)
 ParOldGen       total 2097152K, used 369978K [0x00007fd9ae550000, 0x00007fda2e550000, 0x00007fda2e550000)
  object space 2097152K, 17% used [0x00007fd9ae550000,0x00007fd9c4e9eb78,0x00007fda2e550000)
 PSPermGen       total 247296K, used 134001K [0x00007fd99e550000, 0x00007fd9ad6d0000, 0x00007fd9ae550000)
  object space 247296K, 54% used [0x00007fd99e550000,0x00007fd9a682c468,0x00007fd9ad6d0000)
}
{Heap before GC invocations=25 (full 2):
 PSYoungGen      total 901440K, used 753824K [0x00007fda2e550000, 0x00007fda6e550000, 0x00007fda6e550000)
  eden space 745664K, 100% used [0x00007fda2e550000,0x00007fda5bd80000,0x00007fda5bd80000)
  from space 155776K, 5% used [0x00007fda64d30000,0x00007fda65528000,0x00007fda6e550000)
  to   space 147136K, 0% used [0x00007fda5bd80000,0x00007fda5bd80000,0x00007fda64d30000)
 ParOldGen       total 2097152K, used 369978K [0x00007fd9ae550000, 0x00007fda2e550000, 0x00007fda2e550000)
  object space 2097152K, 17% used [0x00007fd9ae550000,0x00007fd9c4e9eb78,0x00007fda2e550000)
 PSPermGen       total 247296K, used 134061K [0x00007fd99e550000, 0x00007fd9ad6d0000, 0x00007fd9ae550000)
  object space 247296K, 54% used [0x00007fd99e550000,0x00007fd9a683b630,0x00007fd9ad6d0000)
5800,804: [GC [PSYoungGen: 753824K->6671K(892800K)] 1123802K->383588K(2989952K), 0,0213660 secs] [Times: user=0,07 sys=0,00, real=0,02 secs] 
Heap after GC invocations=25 (full 2):
 PSYoungGen      total 892800K, used 6671K [0x00007fda2e550000, 0x00007fda6e550000, 0x00007fda6e550000)
  eden space 745664K, 0% used [0x00007fda2e550000,0x00007fda2e550000,0x00007fda5bd80000)
  from space 147136K, 4% used [0x00007fda5bd80000,0x00007fda5c403d58,0x00007fda64d30000)
  to   space 139008K, 0% used [0x00007fda65d90000,0x00007fda65d90000,0x00007fda6e550000)
 ParOldGen       total 2097152K, used 376916K [0x00007fd9ae550000, 0x00007fda2e550000, 0x00007fda2e550000)
  object space 2097152K, 17% used [0x00007fd9ae550000,0x00007fd9c5565370,0x00007fda2e550000)
 PSPermGen       total 247296K, used 134061K [0x00007fd99e550000, 0x00007fd9ad6d0000, 0x00007fd9ae550000)
  object space 247296K, 54% used [0x00007fd99e550000,0x00007fd9a683b630,0x00007fd9ad6d0000)
}
{Heap before GC invocations=26 (full 2):
 PSYoungGen      total 892800K, used 752335K [0x00007fda2e550000, 0x00007fda6e550000, 0x00007fda6e550000)
  eden space 745664K, 100% used [0x00007fda2e550000,0x00007fda5bd80000,0x00007fda5bd80000)
  from space 147136K, 4% used [0x00007fda5bd80000,0x00007fda5c403d58,0x00007fda64d30000)
  to   space 139008K, 0% used [0x00007fda65d90000,0x00007fda65d90000,0x00007fda6e550000)
 ParOldGen       total 2097152K, used 376916K [0x00007fd9ae550000, 0x00007fda2e550000, 0x00007fda2e550000)
  object space 2097152K, 17% used [0x00007fd9ae550000,0x00007fd9c5565370,0x00007fda2e550000)
 PSPermGen       total 247296K, used 134129K [0x00007fd99e550000, 0x00007fd9ad6d0000, 0x00007fd9ae550000)
  object space 247296K, 54% used [0x00007fd99e550000,0x00007fd9a684c4e0,0x00007fd9ad6d0000)
5820,206: [GC [PSYoungGen: 752335K->6688K(917504K)] 1129252K->388242K(3014656K), 0,0259680 secs] [Times: user=0,08 sys=0,00, real=0,03 secs] 
Heap after GC invocations=26 (full 2):
 PSYoungGen      total 917504K, used 6688K [0x00007fda2e550000, 0x00007fda6e550000, 0x00007fda6e550000)
  eden space 778496K, 0% used [0x00007fda2e550000,0x00007fda2e550000,0x00007fda5dd90000)
  from space 139008K, 4% used [0x00007fda65d90000,0x00007fda664180e0,0x00007fda6e550000)
  to   space 131072K, 0% used [0x00007fda5dd90000,0x00007fda5dd90000,0x00007fda65d90000)
 ParOldGen       total 2097152K, used 381554K [0x00007fd9ae550000, 0x00007fda2e550000, 0x00007fda2e550000)
  object space 2097152K, 18% used [0x00007fd9ae550000,0x00007fd9c59ec9c0,0x00007fda2e550000)
 PSPermGen       total 247296K, used 134129K [0x00007fd99e550000, 0x00007fd9ad6d0000, 0x00007fd9ae550000)
  object space 247296K, 54% used [0x00007fd99e550000,0x00007fd9a684c4e0,0x00007fd9ad6d0000)
}
{Heap before GC invocations=27 (full 2):
 PSYoungGen      total 917504K, used 785184K [0x00007fda2e550000, 0x00007fda6e550000, 0x00007fda6e550000)
  eden space 778496K, 100% used [0x00007fda2e550000,0x00007fda5dd90000,0x00007fda5dd90000)
  from space 139008K, 4% used [0x00007fda65d90000,0x00007fda664180e0,0x00007fda6e550000)
  to   space 131072K, 0% used [0x00007fda5dd90000,0x00007fda5dd90000,0x00007fda65d90000)
 ParOldGen       total 2097152K, used 381554K [0x00007fd9ae550000, 0x00007fda2e550000, 0x00007fda2e550000)
  object space 2097152K, 18% used [0x00007fd9ae550000,0x00007fd9c59ec9c0,0x00007fda2e550000)
 PSPermGen       total 247296K, used 134269K [0x00007fd99e550000, 0x00007fd9ad6d0000, 0x00007fd9ae550000)
  object space 247296K, 54% used [0x00007fd99e550000,0x00007fd9a686f600,0x00007fd9ad6d0000)
5833,992: [GC [PSYoungGen: 785184K->5927K(909568K)] 1166738K->392432K(3006720K), 0,0169550 secs] [Times: user=0,07 sys=0,00, real=0,01 secs] 
Heap after GC invocations=27 (full 2):
 PSYoungGen      total 909568K, used 5927K [0x00007fda2e550000, 0x00007fda6e550000, 0x00007fda6e550000)
  eden space 778496K, 0% used [0x00007fda2e550000,0x00007fda2e550000,0x00007fda5dd90000)
  from space 131072K, 4% used [0x00007fda5dd90000,0x00007fda5e359ea8,0x00007fda65d90000)
  to   space 123520K, 0% used [0x00007fda66cb0000,0x00007fda66cb0000,0x00007fda6e550000)
 ParOldGen       total 2097152K, used 386504K [0x00007fd9ae550000, 0x00007fda2e550000, 0x00007fda2e550000)
  object space 2097152K, 18% used [0x00007fd9ae550000,0x00007fd9c5ec2200,0x00007fda2e550000)
 PSPermGen       total 247296K, used 134269K [0x00007fd99e550000, 0x00007fd9ad6d0000, 0x00007fd9ae550000)
  object space 247296K, 54% used [0x00007fd99e550000,0x00007fd9a686f600,0x00007fd9ad6d0000)
}
{Heap before GC invocations=28 (full 2):
 PSYoungGen      total 909568K, used 784423K [0x00007fda2e550000, 0x00007fda6e550000, 0x00007fda6e550000)
  eden space 778496K, 100% used [0x00007fda2e550000,0x00007fda5dd90000,0x00007fda5dd90000)
  from space 131072K, 4% used [0x00007fda5dd90000,0x00007fda5e359ea8,0x00007fda65d90000)
  to   space 123520K, 0% used [0x00007fda66cb0000,0x00007fda66cb0000,0x00007fda6e550000)
 ParOldGen       total 2097152K, used 386504K [0x00007fd9ae550000, 0x00007fda2e550000, 0x00007fda2e550000)
  object space 2097152K, 18% used [0x00007fd9ae550000,0x00007fd9c5ec2200,0x00007fda2e550000)
 PSPermGen       total 247296K, used 134332K [0x00007fd99e550000, 0x00007fd9ad6d0000, 0x00007fd9ae550000)
  object space 247296K, 54% used [0x00007fd99e550000,0x00007fd9a687f0d0,0x00007fd9ad6d0000)
5845,541: [GC [PSYoungGen: 784423K->4643K(932096K)] 1170928K->395716K(3029248K), 0,0123390 secs] [Times: user=0,04 sys=0,01, real=0,01 secs] 
Heap after GC invocations=28 (full 2):
 PSYoungGen      total 932096K, used 4643K [0x00007fda2e550000, 0x00007fda6e550000, 0x00007fda6e550000)
  eden space 808576K, 0% used [0x00007fda2e550000,0x00007fda2e550000,0x00007fda5faf0000)
  from space 123520K, 3% used [0x00007fda66cb0000,0x00007fda67138ce8,0x00007fda6e550000)
  to   space 116480K, 0% used [0x00007fda5faf0000,0x00007fda5faf0000,0x00007fda66cb0000)
 ParOldGen       total 2097152K, used 391073K [0x00007fd9ae550000, 0x00007fda2e550000, 0x00007fda2e550000)
  object space 2097152K, 18% used [0x00007fd9ae550000,0x00007fd9c6338480,0x00007fda2e550000)
 PSPermGen       total 247296K, used 134332K [0x00007fd99e550000, 0x00007fd9ad6d0000, 0x00007fd9ae550000)
  object space 247296K, 54% used [0x00007fd99e550000,0x00007fd9a687f0d0,0x00007fd9ad6d0000)
}
{Heap before GC invocations=29 (full 2):
 PSYoungGen      total 932096K, used 813219K [0x00007fda2e550000, 0x00007fda6e550000, 0x00007fda6e550000)
  eden space 808576K, 100% used [0x00007fda2e550000,0x00007fda5faf0000,0x00007fda5faf0000)
  from space 123520K, 3% used [0x00007fda66cb0000,0x00007fda67138ce8,0x00007fda6e550000)
  to   space 116480K, 0% used [0x00007fda5faf0000,0x00007fda5faf0000,0x00007fda66cb0000)
 ParOldGen       total 2097152K, used 391073K [0x00007fd9ae550000, 0x00007fda2e550000, 0x00007fda2e550000)
  object space 2097152K, 18% used [0x00007fd9ae550000,0x00007fd9c6338480,0x00007fda2e550000)
 PSPermGen       total 247296K, used 134376K [0x00007fd99e550000, 0x00007fd9ad6d0000, 0x00007fd9ae550000)
  object space 247296K, 54% used [0x00007fd99e550000,0x00007fd9a688a158,0x00007fd9ad6d0000)
5868,143: [GC [PSYoungGen: 813219K->6800K(925056K)] 1204292K->401087K(3022208K), 0,0137180 secs] [Times: user=0,04 sys=0,00, real=0,01 secs] 
Heap after GC invocations=29 (full 2):
 PSYoungGen      total 925056K, used 6800K [0x00007fda2e550000, 0x00007fda6e550000, 0x00007fda6e550000)
  eden space 808576K, 0% used [0x00007fda2e550000,0x00007fda2e550000,0x00007fda5faf0000)
  from space 116480K, 5% used [0x00007fda5faf0000,0x00007fda60194030,0x00007fda66cb0000)
  to   space 109248K, 0% used [0x00007fda67aa0000,0x00007fda67aa0000,0x00007fda6e550000)
 ParOldGen       total 2097152K, used 394286K [0x00007fd9ae550000, 0x00007fda2e550000, 0x00007fda2e550000)
  object space 2097152K, 18% used [0x00007fd9ae550000,0x00007fd9c665bbe0,0x00007fda2e550000)
 PSPermGen       total 247296K, used 134376K [0x00007fd99e550000, 0x00007fd9ad6d0000, 0x00007fd9ae550000)
  object space 247296K, 54% used [0x00007fd99e550000,0x00007fd9a688a158,0x00007fd9ad6d0000)
}
{Heap before GC invocations=30 (full 2):
 PSYoungGen      total 925056K, used 815376K [0x00007fda2e550000, 0x00007fda6e550000, 0x00007fda6e550000)
  eden space 808576K, 100% used [0x00007fda2e550000,0x00007fda5faf0000,0x00007fda5faf0000)
  from space 116480K, 5% used [0x00007fda5faf0000,0x00007fda60194030,0x00007fda66cb0000)
  to   space 109248K, 0% used [0x00007fda67aa0000,0x00007fda67aa0000,0x00007fda6e550000)
 ParOldGen       total 2097152K, used 394286K [0x00007fd9ae550000, 0x00007fda2e550000, 0x00007fda2e550000)
  object space 2097152K, 18% used [0x00007fd9ae550000,0x00007fd9c665bbe0,0x00007fda2e550000)
 PSPermGen       total 247296K, used 134406K [0x00007fd99e550000, 0x00007fd9ad6d0000, 0x00007fd9ae550000)
  object space 247296K, 54% used [0x00007fd99e550000,0x00007fd9a6891890,0x00007fd9ad6d0000)
5882,042: [GC [PSYoungGen: 815376K->4736K(945792K)] 1209663K->404024K(3042944K), 0,0098980 secs] [Times: user=0,03 sys=0,00, real=0,01 secs] 
Heap after GC invocations=30 (full 2):
 PSYoungGen      total 945792K, used 4736K [0x00007fda2e550000, 0x00007fda6e550000, 0x00007fda6e550000)
  eden space 836544K, 0% used [0x00007fda2e550000,0x00007fda2e550000,0x00007fda61640000)
  from space 109248K, 4% used [0x00007fda67aa0000,0x00007fda67f40018,0x00007fda6e550000)
  to   space 102784K, 0% used [0x00007fda61640000,0x00007fda61640000,0x00007fda67aa0000)
 ParOldGen       total 2097152K, used 399288K [0x00007fd9ae550000, 0x00007fda2e550000, 0x00007fda2e550000)
  object space 2097152K, 19% used [0x00007fd9ae550000,0x00007fd9c6b3e168,0x00007fda2e550000)
 PSPermGen       total 247296K, used 134406K [0x00007fd99e550000, 0x00007fd9ad6d0000, 0x00007fd9ae550000)
  object space 247296K, 54% used [0x00007fd99e550000,0x00007fd9a6891890,0x00007fd9ad6d0000)
}
{Heap before GC invocations=31 (full 2):
 PSYoungGen      total 945792K, used 841280K [0x00007fda2e550000, 0x00007fda6e550000, 0x00007fda6e550000)
  eden space 836544K, 100% used [0x00007fda2e550000,0x00007fda61640000,0x00007fda61640000)
  from space 109248K, 4% used [0x00007fda67aa0000,0x00007fda67f40018,0x00007fda6e550000)
  to   space 102784K, 0% used [0x00007fda61640000,0x00007fda61640000,0x00007fda67aa0000)
 ParOldGen       total 2097152K, used 399288K [0x00007fd9ae550000, 0x00007fda2e550000, 0x00007fda2e550000)
  object space 2097152K, 19% used [0x00007fd9ae550000,0x00007fd9c6b3e168,0x00007fda2e550000)
 PSPermGen       total 247296K, used 134785K [0x00007fd99e550000, 0x00007fd9ad6d0000, 0x00007fd9ae550000)
  object space 247296K, 54% used [0x00007fd99e550000,0x00007fd9a68f0580,0x00007fd9ad6d0000)
5910,141: [GC [PSYoungGen: 841280K->8241K(939328K)] 1240568K->410892K(3036480K), 0,0176710 secs] [Times: user=0,06 sys=0,00, real=0,02 secs] 
Heap after GC invocations=31 (full 2):
 PSYoungGen      total 939328K, used 8241K [0x00007fda2e550000, 0x00007fda6e550000, 0x00007fda6e550000)
  eden space 836544K, 0% used [0x00007fda2e550000,0x00007fda2e550000,0x00007fda61640000)
  from space 102784K, 8% used [0x00007fda61640000,0x00007fda61e4c438,0x00007fda67aa0000)
  to   space 95936K, 0% used [0x00007fda687a0000,0x00007fda687a0000,0x00007fda6e550000)
 ParOldGen       total 2097152K, used 402651K [0x00007fd9ae550000, 0x00007fda2e550000, 0x00007fda2e550000)
  object space 2097152K, 19% used [0x00007fd9ae550000,0x00007fd9c6e86cc0,0x00007fda2e550000)
 PSPermGen       total 247296K, used 134785K [0x00007fd99e550000, 0x00007fd9ad6d0000, 0x00007fd9ae550000)
  object space 247296K, 54% used [0x00007fd99e550000,0x00007fd9a68f0580,0x00007fd9ad6d0000)
}
{Heap before GC invocations=32 (full 2):
 PSYoungGen      total 939328K, used 844785K [0x00007fda2e550000, 0x00007fda6e550000, 0x00007fda6e550000)
  eden space 836544K, 100% used [0x00007fda2e550000,0x00007fda61640000,0x00007fda61640000)
  from space 102784K, 8% used [0x00007fda61640000,0x00007fda61e4c438,0x00007fda67aa0000)
  to   space 95936K, 0% used [0x00007fda687a0000,0x00007fda687a0000,0x00007fda6e550000)
 ParOldGen       total 2097152K, used 402651K [0x00007fd9ae550000, 0x00007fda2e550000, 0x00007fda2e550000)
  object space 2097152K, 19% used [0x00007fd9ae550000,0x00007fd9c6e86cc0,0x00007fda2e550000)
 PSPermGen       total 247296K, used 134912K [0x00007fd99e550000, 0x00007fd9ad6d0000, 0x00007fd9ae550000)
  object space 247296K, 54% used [0x00007fd99e550000,0x00007fd9a6910290,0x00007fd9ad6d0000)
5920,736: [GC [PSYoungGen: 844785K->9120K(959232K)] 1247436K->418404K(3056384K), 0,0213860 secs] [Times: user=0,08 sys=0,00, real=0,02 secs] 
Heap after GC invocations=32 (full 2):
 PSYoungGen      total 959232K, used 9120K [0x00007fda2e550000, 0x00007fda6e550000, 0x00007fda6e550000)
  eden space 863296K, 0% used [0x00007fda2e550000,0x00007fda2e550000,0x00007fda63060000)
  from space 95936K, 9% used [0x00007fda687a0000,0x00007fda69088030,0x00007fda6e550000)
  to   space 89344K, 0% used [0x00007fda63060000,0x00007fda63060000,0x00007fda687a0000)
 ParOldGen       total 2097152K, used 409283K [0x00007fd9ae550000, 0x00007fda2e550000, 0x00007fda2e550000)
  object space 2097152K, 19% used [0x00007fd9ae550000,0x00007fd9c7500ff8,0x00007fda2e550000)
 PSPermGen       total 247296K, used 134912K [0x00007fd99e550000, 0x00007fd9ad6d0000, 0x00007fd9ae550000)
  object space 247296K, 54% used [0x00007fd99e550000,0x00007fd9a6910290,0x00007fd9ad6d0000)
}
{Heap before GC invocations=33 (full 2):
 PSYoungGen      total 959232K, used 872416K [0x00007fda2e550000, 0x00007fda6e550000, 0x00007fda6e550000)
  eden space 863296K, 100% used [0x00007fda2e550000,0x00007fda63060000,0x00007fda63060000)
  from space 95936K, 9% used [0x00007fda687a0000,0x00007fda69088030,0x00007fda6e550000)
  to   space 89344K, 0% used [0x00007fda63060000,0x00007fda63060000,0x00007fda687a0000)
 ParOldGen       total 2097152K, used 409283K [0x00007fd9ae550000, 0x00007fda2e550000, 0x00007fda2e550000)
  object space 2097152K, 19% used [0x00007fd9ae550000,0x00007fd9c7500ff8,0x00007fda2e550000)
 PSPermGen       total 247296K, used 135010K [0x00007fd99e550000, 0x00007fd9ad6d0000, 0x00007fd9ae550000)
  object space 247296K, 54% used [0x00007fd99e550000,0x00007fd9a69289f0,0x00007fd9ad6d0000)
5939,799: [GC [PSYoungGen: 872416K->7264K(952640K)] 1281700K->423461K(3049792K), 0,0193270 secs] [Times: user=0,07 sys=0,00, real=0,02 secs] 
Heap after GC invocations=33 (full 2):
 PSYoungGen      total 952640K, used 7264K [0x00007fda2e550000, 0x00007fda6e550000, 0x00007fda6e550000)
  eden space 863296K, 0% used [0x00007fda2e550000,0x00007fda2e550000,0x00007fda63060000)
  from space 89344K, 8% used [0x00007fda63060000,0x00007fda63778030,0x00007fda687a0000)
  to   space 83520K, 0% used [0x00007fda693c0000,0x00007fda693c0000,0x00007fda6e550000)
 ParOldGen       total 2097152K, used 416197K [0x00007fd9ae550000, 0x00007fda2e550000, 0x00007fda2e550000)
  object space 2097152K, 19% used [0x00007fd9ae550000,0x00007fd9c7bc1588,0x00007fda2e550000)
 PSPermGen       total 247296K, used 135010K [0x00007fd99e550000, 0x00007fd9ad6d0000, 0x00007fd9ae550000)
  object space 247296K, 54% used [0x00007fd99e550000,0x00007fd9a69289f0,0x00007fd9ad6d0000)
}
{Heap before GC invocations=34 (full 2):
 PSYoungGen      total 952640K, used 870560K [0x00007fda2e550000, 0x00007fda6e550000, 0x00007fda6e550000)
  eden space 863296K, 100% used [0x00007fda2e550000,0x00007fda63060000,0x00007fda63060000)
  from space 89344K, 8% used [0x00007fda63060000,0x00007fda63778030,0x00007fda687a0000)
  to   space 83520K, 0% used [0x00007fda693c0000,0x00007fda693c0000,0x00007fda6e550000)
 ParOldGen       total 2097152K, used 416197K [0x00007fd9ae550000, 0x00007fda2e550000, 0x00007fda2e550000)
  object space 2097152K, 19% used [0x00007fd9ae550000,0x00007fd9c7bc1588,0x00007fda2e550000)
 PSPermGen       total 247296K, used 135030K [0x00007fd99e550000, 0x00007fd9ad6d0000, 0x00007fd9ae550000)
  object space 247296K, 54% used [0x00007fd99e550000,0x00007fd9a692da30,0x00007fd9ad6d0000)
5958,423: [GC [PSYoungGen: 870560K->5728K(970240K)] 1286757K->427274K(3067392K), 0,0162720 secs] [Times: user=0,04 sys=0,01, real=0,01 secs] 
Heap after GC invocations=34 (full 2):
 PSYoungGen      total 970240K, used 5728K [0x00007fda2e550000, 0x00007fda6e550000, 0x00007fda6e550000)
  eden space 886720K, 0% used [0x00007fda2e550000,0x00007fda2e550000,0x00007fda64740000)
  from space 83520K, 6% used [0x00007fda693c0000,0x00007fda69958000,0x00007fda6e550000)
  to   space 78336K, 0% used [0x00007fda64740000,0x00007fda64740000,0x00007fda693c0000)
 ParOldGen       total 2097152K, used 421546K [0x00007fd9ae550000, 0x00007fda2e550000, 0x00007fda2e550000)
  object space 2097152K, 20% used [0x00007fd9ae550000,0x00007fd9c80fa920,0x00007fda2e550000)
 PSPermGen       total 247296K, used 135030K [0x00007fd99e550000, 0x00007fd9ad6d0000, 0x00007fd9ae550000)
  object space 247296K, 54% used [0x00007fd99e550000,0x00007fd9a692da30,0x00007fd9ad6d0000)
}
{Heap before GC invocations=35 (full 2):
 PSYoungGen      total 970240K, used 892448K [0x00007fda2e550000, 0x00007fda6e550000, 0x00007fda6e550000)
  eden space 886720K, 100% used [0x00007fda2e550000,0x00007fda64740000,0x00007fda64740000)
  from space 83520K, 6% used [0x00007fda693c0000,0x00007fda69958000,0x00007fda6e550000)
  to   space 78336K, 0% used [0x00007fda64740000,0x00007fda64740000,0x00007fda693c0000)
 ParOldGen       total 2097152K, used 421546K [0x00007fd9ae550000, 0x00007fda2e550000, 0x00007fda2e550000)
  object space 2097152K, 20% used [0x00007fd9ae550000,0x00007fd9c80fa920,0x00007fda2e550000)
 PSPermGen       total 247296K, used 135087K [0x00007fd99e550000, 0x00007fd9ad6d0000, 0x00007fd9ae550000)
  object space 247296K, 54% used [0x00007fd99e550000,0x00007fd9a693be58,0x00007fd9ad6d0000)
5974,472: [GC [PSYoungGen: 892448K->4102K(965056K)] 1313994K->429991K(3062208K), 0,0137280 secs] [Times: user=0,05 sys=0,00, real=0,01 secs] 
Heap after GC invocations=35 (full 2):
 PSYoungGen      total 965056K, used 4102K [0x00007fda2e550000, 0x00007fda6e550000, 0x00007fda6e550000)
  eden space 886720K, 0% used [0x00007fda2e550000,0x00007fda2e550000,0x00007fda64740000)
  from space 78336K, 5% used [0x00007fda64740000,0x00007fda64b41bb8,0x00007fda693c0000)
  to   space 73664K, 0% used [0x00007fda69d60000,0x00007fda69d60000,0x00007fda6e550000)
 ParOldGen       total 2097152K, used 425888K [0x00007fd9ae550000, 0x00007fda2e550000, 0x00007fda2e550000)
  object space 2097152K, 20% used [0x00007fd9ae550000,0x00007fd9c8538200,0x00007fda2e550000)
 PSPermGen       total 247296K, used 135087K [0x00007fd99e550000, 0x00007fd9ad6d0000, 0x00007fd9ae550000)
  object space 247296K, 54% used [0x00007fd99e550000,0x00007fd9a693be58,0x00007fd9ad6d0000)
}
{Heap before GC invocations=36 (full 2):
 PSYoungGen      total 965056K, used 890822K [0x00007fda2e550000, 0x00007fda6e550000, 0x00007fda6e550000)
  eden space 886720K, 100% used [0x00007fda2e550000,0x00007fda64740000,0x00007fda64740000)
  from space 78336K, 5% used [0x00007fda64740000,0x00007fda64b41bb8,0x00007fda693c0000)
  to   space 73664K, 0% used [0x00007fda69d60000,0x00007fda69d60000,0x00007fda6e550000)
 ParOldGen       total 2097152K, used 425888K [0x00007fd9ae550000, 0x00007fda2e550000, 0x00007fda2e550000)
  object space 2097152K, 20% used [0x00007fd9ae550000,0x00007fd9c8538200,0x00007fda2e550000)
 PSPermGen       total 247296K, used 135120K [0x00007fd99e550000, 0x00007fd9ad6d0000, 0x00007fd9ae550000)
  object space 247296K, 54% used [0x00007fd99e550000,0x00007fd9a6944030,0x00007fd9ad6d0000)
5998,058: [GC [PSYoungGen: 890822K->6064K(979712K)] 1316711K->435010K(3076864K), 0,0171260 secs] [Times: user=0,06 sys=0,00, real=0,01 secs] 
Heap after GC invocations=36 (full 2):
 PSYoungGen      total 979712K, used 6064K [0x00007fda2e550000, 0x00007fda6e550000, 0x00007fda6e550000)
  eden space 906048K, 0% used [0x00007fda2e550000,0x00007fda2e550000,0x00007fda65a20000)
  from space 73664K, 8% used [0x00007fda69d60000,0x00007fda6a34c018,0x00007fda6e550000)
  to   space 68864K, 0% used [0x00007fda65a20000,0x00007fda65a20000,0x00007fda69d60000)
 ParOldGen       total 2097152K, used 428946K [0x00007fd9ae550000, 0x00007fda2e550000, 0x00007fda2e550000)
  object space 2097152K, 20% used [0x00007fd9ae550000,0x00007fd9c8834aa0,0x00007fda2e550000)
 PSPermGen       total 247296K, used 135120K [0x00007fd99e550000, 0x00007fd9ad6d0000, 0x00007fd9ae550000)
  object space 247296K, 54% used [0x00007fd99e550000,0x00007fd9a6944030,0x00007fd9ad6d0000)
}
{Heap before GC invocations=37 (full 2):
 PSYoungGen      total 979712K, used 912112K [0x00007fda2e550000, 0x00007fda6e550000, 0x00007fda6e550000)
  eden space 906048K, 100% used [0x00007fda2e550000,0x00007fda65a20000,0x00007fda65a20000)
  from space 73664K, 8% used [0x00007fda69d60000,0x00007fda6a34c018,0x00007fda6e550000)
  to   space 68864K, 0% used [0x00007fda65a20000,0x00007fda65a20000,0x00007fda69d60000)
 ParOldGen       total 2097152K, used 428946K [0x00007fd9ae550000, 0x00007fda2e550000, 0x00007fda2e550000)
  object space 2097152K, 20% used [0x00007fd9ae550000,0x00007fd9c8834aa0,0x00007fda2e550000)
 PSPermGen       total 247296K, used 135141K [0x00007fd99e550000, 0x00007fd9ad6d0000, 0x00007fd9ae550000)
  object space 247296K, 54% used [0x00007fd99e550000,0x00007fd9a6949660,0x00007fd9ad6d0000)
6009,912: [GC [PSYoungGen: 912112K->8008K(974912K)] 1341058K->441660K(3072064K), 0,0188480 secs] [Times: user=0,06 sys=0,01, real=0,02 secs] 
Heap after GC invocations=37 (full 2):
 PSYoungGen      total 974912K, used 8008K [0x00007fda2e550000, 0x00007fda6e550000, 0x00007fda6e550000)
  eden space 906048K, 0% used [0x00007fda2e550000,0x00007fda2e550000,0x00007fda65a20000)
  from space 68864K, 11% used [0x00007fda65a20000,0x00007fda661f2080,0x00007fda69d60000)
  to   space 64000K, 0% used [0x00007fda6a6d0000,0x00007fda6a6d0000,0x00007fda6e550000)
 ParOldGen       total 2097152K, used 433652K [0x00007fd9ae550000, 0x00007fda2e550000, 0x00007fda2e550000)
  object space 2097152K, 20% used [0x00007fd9ae550000,0x00007fd9c8ccd2f0,0x00007fda2e550000)
 PSPermGen       total 247296K, used 135141K [0x00007fd99e550000, 0x00007fd9ad6d0000, 0x00007fd9ae550000)
  object space 247296K, 54% used [0x00007fd99e550000,0x00007fd9a6949660,0x00007fd9ad6d0000)
}
{Heap before GC invocations=38 (full 2):
 PSYoungGen      total 974912K, used 914056K [0x00007fda2e550000, 0x00007fda6e550000, 0x00007fda6e550000)
  eden space 906048K, 100% used [0x00007fda2e550000,0x00007fda65a20000,0x00007fda65a20000)
  from space 68864K, 11% used [0x00007fda65a20000,0x00007fda661f2080,0x00007fda69d60000)
  to   space 64000K, 0% used [0x00007fda6a6d0000,0x00007fda6a6d0000,0x00007fda6e550000)
 ParOldGen       total 2097152K, used 433652K [0x00007fd9ae550000, 0x00007fda2e550000, 0x00007fda2e550000)
  object space 2097152K, 20% used [0x00007fd9ae550000,0x00007fd9c8ccd2f0,0x00007fda2e550000)
 PSPermGen       total 247296K, used 135148K [0x00007fd99e550000, 0x00007fd9ad6d0000, 0x00007fd9ae550000)
  object space 247296K, 54% used [0x00007fd99e550000,0x00007fd9a694b340,0x00007fd9ad6d0000)
6021,008: [GC [PSYoungGen: 914056K->7153K(988928K)] 1347708K->446595K(3086080K), 0,0185030 secs] [Times: user=0,07 sys=0,01, real=0,02 secs] 
Heap after GC invocations=38 (full 2):
 PSYoungGen      total 988928K, used 7153K [0x00007fda2e550000, 0x00007fda6e550000, 0x00007fda6e550000)
  eden space 924928K, 0% used [0x00007fda2e550000,0x00007fda2e550000,0x00007fda66c90000)
  from space 64000K, 11% used [0x00007fda6a6d0000,0x00007fda6adcc7d0,0x00007fda6e550000)
  to   space 59648K, 0% used [0x00007fda66c90000,0x00007fda66c90000,0x00007fda6a6d0000)
 ParOldGen       total 2097152K, used 439441K [0x00007fd9ae550000, 0x00007fda2e550000, 0x00007fda2e550000)
  object space 2097152K, 20% used [0x00007fd9ae550000,0x00007fd9c9274588,0x00007fda2e550000)
 PSPermGen       total 247296K, used 135148K [0x00007fd99e550000, 0x00007fd9ad6d0000, 0x00007fd9ae550000)
  object space 247296K, 54% used [0x00007fd99e550000,0x00007fd9a694b340,0x00007fd9ad6d0000)
}
{Heap before GC invocations=39 (full 2):
 PSYoungGen      total 988928K, used 932081K [0x00007fda2e550000, 0x00007fda6e550000, 0x00007fda6e550000)
  eden space 924928K, 100% used [0x00007fda2e550000,0x00007fda66c90000,0x00007fda66c90000)
  from space 64000K, 11% used [0x00007fda6a6d0000,0x00007fda6adcc7d0,0x00007fda6e550000)
  to   space 59648K, 0% used [0x00007fda66c90000,0x00007fda66c90000,0x00007fda6a6d0000)
 ParOldGen       total 2097152K, used 439441K [0x00007fd9ae550000, 0x00007fda2e550000, 0x00007fda2e550000)
  object space 2097152K, 20% used [0x00007fd9ae550000,0x00007fd9c9274588,0x00007fda2e550000)
 PSPermGen       total 247296K, used 135199K [0x00007fd99e550000, 0x00007fd9ad6d0000, 0x00007fd9ae550000)
  object space 247296K, 54% used [0x00007fd99e550000,0x00007fd9a6957c90,0x00007fd9ad6d0000)
6044,109: [GC [PSYoungGen: 932081K->8514K(984576K)] 1371523K->454049K(3081728K), 0,0265090 secs] [Times: user=0,07 sys=0,00, real=0,02 secs] 
Heap after GC invocations=39 (full 2):
 PSYoungGen      total 984576K, used 8514K [0x00007fda2e550000, 0x00007fda6e550000, 0x00007fda6e550000)
  eden space 924928K, 0% used [0x00007fda2e550000,0x00007fda2e550000,0x00007fda66c90000)
  from space 59648K, 14% used [0x00007fda66c90000,0x00007fda674e0bd0,0x00007fda6a6d0000)
  to   space 55360K, 0% used [0x00007fda6af40000,0x00007fda6af40000,0x00007fda6e550000)
 ParOldGen       total 2097152K, used 445534K [0x00007fd9ae550000, 0x00007fda2e550000, 0x00007fda2e550000)
  object space 2097152K, 21% used [0x00007fd9ae550000,0x00007fd9c9867980,0x00007fda2e550000)
 PSPermGen       total 247296K, used 135199K [0x00007fd99e550000, 0x00007fd9ad6d0000, 0x00007fd9ae550000)
  object space 247296K, 54% used [0x00007fd99e550000,0x00007fd9a6957c90,0x00007fd9ad6d0000)
}
{Heap before GC invocations=40 (full 2):
 PSYoungGen      total 984576K, used 933442K [0x00007fda2e550000, 0x00007fda6e550000, 0x00007fda6e550000)
  eden space 924928K, 100% used [0x00007fda2e550000,0x00007fda66c90000,0x00007fda66c90000)
  from space 59648K, 14% used [0x00007fda66c90000,0x00007fda674e0bd0,0x00007fda6a6d0000)
  to   space 55360K, 0% used [0x00007fda6af40000,0x00007fda6af40000,0x00007fda6e550000)
 ParOldGen       total 2097152K, used 445534K [0x00007fd9ae550000, 0x00007fda2e550000, 0x00007fda2e550000)
  object space 2097152K, 21% used [0x00007fd9ae550000,0x00007fd9c9867980,0x00007fda2e550000)
 PSPermGen       total 247296K, used 135234K [0x00007fd99e550000, 0x00007fd9ad6d0000, 0x00007fd9ae550000)
  object space 247296K, 54% used [0x00007fd99e550000,0x00007fd9a69608d0,0x00007fd9ad6d0000)
6065,508: [GC [PSYoungGen: 933442K->6112K(996736K)] 1378977K->458381K(3093888K), 0,0226330 secs] [Times: user=0,05 sys=0,01, real=0,02 secs] 
Heap after GC invocations=40 (full 2):
 PSYoungGen      total 996736K, used 6112K [0x00007fda2e550000, 0x00007fda6e550000, 0x00007fda6e550000)
  eden space 941376K, 0% used [0x00007fda2e550000,0x00007fda2e550000,0x00007fda67ca0000)
  from space 55360K, 11% used [0x00007fda6af40000,0x00007fda6b538030,0x00007fda6e550000)
  to   space 51840K, 0% used [0x00007fda67ca0000,0x00007fda67ca0000,0x00007fda6af40000)
 ParOldGen       total 2097152K, used 452269K [0x00007fd9ae550000, 0x00007fda2e550000, 0x00007fda2e550000)
  object space 2097152K, 21% used [0x00007fd9ae550000,0x00007fd9c9efb4c8,0x00007fda2e550000)
 PSPermGen       total 247296K, used 135234K [0x00007fd99e550000, 0x00007fd9ad6d0000, 0x00007fd9ae550000)
  object space 247296K, 54% used [0x00007fd99e550000,0x00007fd9a69608d0,0x00007fd9ad6d0000)
}
{Heap before GC invocations=41 (full 2):
 PSYoungGen      total 996736K, used 947488K [0x00007fda2e550000, 0x00007fda6e550000, 0x00007fda6e550000)
  eden space 941376K, 100% used [0x00007fda2e550000,0x00007fda67ca0000,0x00007fda67ca0000)
  from space 55360K, 11% used [0x00007fda6af40000,0x00007fda6b538030,0x00007fda6e550000)
  to   space 51840K, 0% used [0x00007fda67ca0000,0x00007fda67ca0000,0x00007fda6af40000)
 ParOldGen       total 2097152K, used 452269K [0x00007fd9ae550000, 0x00007fda2e550000, 0x00007fda2e550000)
  object space 2097152K, 21% used [0x00007fd9ae550000,0x00007fd9c9efb4c8,0x00007fda2e550000)
 PSPermGen       total 247296K, used 135272K [0x00007fd99e550000, 0x00007fd9ad6d0000, 0x00007fd9ae550000)
  object space 247296K, 54% used [0x00007fd99e550000,0x00007fd9a696a2b0,0x00007fd9ad6d0000)
6088,399: [GC [PSYoungGen: 947488K->7048K(993216K)] 1399757K->463927K(3090368K), 0,0149550 secs] [Times: user=0,06 sys=0,00, real=0,02 secs] 
Heap after GC invocations=41 (full 2):
 PSYoungGen      total 993216K, used 7048K [0x00007fda2e550000, 0x00007fda6e550000, 0x00007fda6e550000)
  eden space 941376K, 0% used [0x00007fda2e550000,0x00007fda2e550000,0x00007fda67ca0000)
  from space 51840K, 13% used [0x00007fda67ca0000,0x00007fda68382230,0x00007fda6af40000)
  to   space 48384K, 0% used [0x00007fda6b610000,0x00007fda6b610000,0x00007fda6e550000)
 ParOldGen       total 2097152K, used 456878K [0x00007fd9ae550000, 0x00007fda2e550000, 0x00007fda2e550000)
  object space 2097152K, 21% used [0x00007fd9ae550000,0x00007fd9ca37ba10,0x00007fda2e550000)
 PSPermGen       total 247296K, used 135272K [0x00007fd99e550000, 0x00007fd9ad6d0000, 0x00007fd9ae550000)
  object space 247296K, 54% used [0x00007fd99e550000,0x00007fd9a696a2b0,0x00007fd9ad6d0000)
}
{Heap before GC invocations=42 (full 2):
 PSYoungGen      total 993216K, used 948424K [0x00007fda2e550000, 0x00007fda6e550000, 0x00007fda6e550000)
  eden space 941376K, 100% used [0x00007fda2e550000,0x00007fda67ca0000,0x00007fda67ca0000)
  from space 51840K, 13% used [0x00007fda67ca0000,0x00007fda68382230,0x00007fda6af40000)
  to   space 48384K, 0% used [0x00007fda6b610000,0x00007fda6b610000,0x00007fda6e550000)
 ParOldGen       total 2097152K, used 456878K [0x00007fd9ae550000, 0x00007fda2e550000, 0x00007fda2e550000)
  object space 2097152K, 21% used [0x00007fd9ae550000,0x00007fd9ca37ba10,0x00007fda2e550000)
 PSPermGen       total 247296K, used 135335K [0x00007fd99e550000, 0x00007fd9ad6d0000, 0x00007fd9ae550000)
  object space 247296K, 54% used [0x00007fd99e550000,0x00007fd9a6979cc8,0x00007fd9ad6d0000)
6100,888: [GC [PSYoungGen: 948424K->5901K(1003200K)] 1405303K->467917K(3100352K), 0,0299930 secs] [Times: user=0,07 sys=0,01, real=0,03 secs] 
Heap after GC invocations=42 (full 2):
 PSYoungGen      total 1003200K, used 5901K [0x00007fda2e550000, 0x00007fda6e550000, 0x00007fda6e550000)
  eden space 954816K, 0% used [0x00007fda2e550000,0x00007fda2e550000,0x00007fda689c0000)
  from space 48384K, 12% used [0x00007fda6b610000,0x00007fda6bbd3738,0x00007fda6e550000)
  to   space 45376K, 0% used [0x00007fda689c0000,0x00007fda689c0000,0x00007fda6b610000)
 ParOldGen       total 2097152K, used 462015K [0x00007fd9ae550000, 0x00007fda2e550000, 0x00007fda2e550000)
  object space 2097152K, 22% used [0x00007fd9ae550000,0x00007fd9ca87fde0,0x00007fda2e550000)
 PSPermGen       total 247296K, used 135335K [0x00007fd99e550000, 0x00007fd9ad6d0000, 0x00007fd9ae550000)
  object space 247296K, 54% used [0x00007fd99e550000,0x00007fd9a6979cc8,0x00007fd9ad6d0000)
}
{Heap before GC invocations=43 (full 2):
 PSYoungGen      total 1003200K, used 960717K [0x00007fda2e550000, 0x00007fda6e550000, 0x00007fda6e550000)
  eden space 954816K, 100% used [0x00007fda2e550000,0x00007fda689c0000,0x00007fda689c0000)
  from space 48384K, 12% used [0x00007fda6b610000,0x00007fda6bbd3738,0x00007fda6e550000)
  to   space 45376K, 0% used [0x00007fda689c0000,0x00007fda689c0000,0x00007fda6b610000)
 ParOldGen       total 2097152K, used 462015K [0x00007fd9ae550000, 0x00007fda2e550000, 0x00007fda2e550000)
  object space 2097152K, 22% used [0x00007fd9ae550000,0x00007fd9ca87fde0,0x00007fda2e550000)
 PSPermGen       total 247296K, used 135340K [0x00007fd99e550000, 0x00007fd9ad6d0000, 0x00007fd9ae550000)
  object space 247296K, 54% used [0x00007fd99e550000,0x00007fd9a697b140,0x00007fd9ad6d0000)
6119,197: [GC [PSYoungGen: 960717K->5664K(1000192K)] 1422733K->471373K(3097344K), 0,0174880 secs] [Times: user=0,06 sys=0,00, real=0,02 secs] 
Heap after GC invocations=43 (full 2):
 PSYoungGen      total 1000192K, used 5664K [0x00007fda2e550000, 0x00007fda6e550000, 0x00007fda6e550000)
  eden space 954816K, 0% used [0x00007fda2e550000,0x00007fda2e550000,0x00007fda689c0000)
  from space 45376K, 12% used [0x00007fda689c0000,0x00007fda68f48000,0x00007fda6b610000)
  to   space 42560K, 0% used [0x00007fda6bbc0000,0x00007fda6bbc0000,0x00007fda6e550000)
 ParOldGen       total 2097152K, used 465709K [0x00007fd9ae550000, 0x00007fda2e550000, 0x00007fda2e550000)
  object space 2097152K, 22% used [0x00007fd9ae550000,0x00007fd9cac1b788,0x00007fda2e550000)
 PSPermGen       total 247296K, used 135340K [0x00007fd99e550000, 0x00007fd9ad6d0000, 0x00007fd9ae550000)
  object space 247296K, 54% used [0x00007fd99e550000,0x00007fd9a697b140,0x00007fd9ad6d0000)
}
{Heap before GC invocations=44 (full 2):
 PSYoungGen      total 1000192K, used 960480K [0x00007fda2e550000, 0x00007fda6e550000, 0x00007fda6e550000)
  eden space 954816K, 100% used [0x00007fda2e550000,0x00007fda689c0000,0x00007fda689c0000)
  from space 45376K, 12% used [0x00007fda689c0000,0x00007fda68f48000,0x00007fda6b610000)
  to   space 42560K, 0% used [0x00007fda6bbc0000,0x00007fda6bbc0000,0x00007fda6e550000)
 ParOldGen       total 2097152K, used 465709K [0x00007fd9ae550000, 0x00007fda2e550000, 0x00007fda2e550000)
  object space 2097152K, 22% used [0x00007fd9ae550000,0x00007fd9cac1b788,0x00007fda2e550000)
 PSPermGen       total 247296K, used 135383K [0x00007fd99e550000, 0x00007fd9ad6d0000, 0x00007fd9ae550000)
  object space 247296K, 54% used [0x00007fd99e550000,0x00007fd9a6985e68,0x00007fd9ad6d0000)
6141,428: [GC [PSYoungGen: 960480K->4753K(1008512K)] 1426189K->474671K(3105664K), 0,0149060 secs] [Times: user=0,05 sys=0,00, real=0,02 secs] 
Heap after GC invocations=44 (full 2):
 PSYoungGen      total 1008512K, used 4753K [0x00007fda2e550000, 0x00007fda6e550000, 0x00007fda6e550000)
  eden space 965952K, 0% used [0x00007fda2e550000,0x00007fda2e550000,0x00007fda694a0000)
  from space 42560K, 11% used [0x00007fda6bbc0000,0x00007fda6c0644d0,0x00007fda6e550000)
  to   space 40064K, 0% used [0x00007fda694a0000,0x00007fda694a0000,0x00007fda6bbc0000)
 ParOldGen       total 2097152K, used 469918K [0x00007fd9ae550000, 0x00007fda2e550000, 0x00007fda2e550000)
  object space 2097152K, 22% used [0x00007fd9ae550000,0x00007fd9cb0379c8,0x00007fda2e550000)
 PSPermGen       total 247296K, used 135383K [0x00007fd99e550000, 0x00007fd9ad6d0000, 0x00007fd9ae550000)
  object space 247296K, 54% used [0x00007fd99e550000,0x00007fd9a6985e68,0x00007fd9ad6d0000)
}
{Heap before GC invocations=45 (full 2):
 PSYoungGen      total 1008512K, used 970705K [0x00007fda2e550000, 0x00007fda6e550000, 0x00007fda6e550000)
  eden space 965952K, 100% used [0x00007fda2e550000,0x00007fda694a0000,0x00007fda694a0000)
  from space 42560K, 11% used [0x00007fda6bbc0000,0x00007fda6c0644d0,0x00007fda6e550000)
  to   space 40064K, 0% used [0x00007fda694a0000,0x00007fda694a0000,0x00007fda6bbc0000)
 ParOldGen       total 2097152K, used 469918K [0x00007fd9ae550000, 0x00007fda2e550000, 0x00007fda2e550000)
  object space 2097152K, 22% used [0x00007fd9ae550000,0x00007fd9cb0379c8,0x00007fda2e550000)
 PSPermGen       total 247296K, used 135433K [0x00007fd99e550000, 0x00007fd9ad6d0000, 0x00007fd9ae550000)
  object space 247296K, 54% used [0x00007fd99e550000,0x00007fd9a6992448,0x00007fd9ad6d0000)
6159,906: [GC [PSYoungGen: 970705K->7808K(1006016K)] 1440623K->479682K(3103168K), 0,0150770 secs] [Times: user=0,06 sys=0,00, real=0,02 secs] 
Heap after GC invocations=45 (full 2):
 PSYoungGen      total 1006016K, used 7808K [0x00007fda2e550000, 0x00007fda6e550000, 0x00007fda6e550000)
  eden space 965952K, 0% used [0x00007fda2e550000,0x00007fda2e550000,0x00007fda694a0000)
  from space 40064K, 19% used [0x00007fda694a0000,0x00007fda69c40030,0x00007fda6bbc0000)
  to   space 37184K, 0% used [0x00007fda6c100000,0x00007fda6c100000,0x00007fda6e550000)
 ParOldGen       total 2097152K, used 471874K [0x00007fd9ae550000, 0x00007fda2e550000, 0x00007fda2e550000)
  object space 2097152K, 22% used [0x00007fd9ae550000,0x00007fd9cb220bc8,0x00007fda2e550000)
 PSPermGen       total 247296K, used 135433K [0x00007fd99e550000, 0x00007fd9ad6d0000, 0x00007fd9ae550000)
  object space 247296K, 54% used [0x00007fd99e550000,0x00007fd9a6992448,0x00007fd9ad6d0000)
}
{Heap before GC invocations=46 (full 2):
 PSYoungGen      total 1006016K, used 973760K [0x00007fda2e550000, 0x00007fda6e550000, 0x00007fda6e550000)
  eden space 965952K, 100% used [0x00007fda2e550000,0x00007fda694a0000,0x00007fda694a0000)
  from space 40064K, 19% used [0x00007fda694a0000,0x00007fda69c40030,0x00007fda6bbc0000)
  to   space 37184K, 0% used [0x00007fda6c100000,0x00007fda6c100000,0x00007fda6e550000)
 ParOldGen       total 2097152K, used 471874K [0x00007fd9ae550000, 0x00007fda2e550000, 0x00007fda2e550000)
  object space 2097152K, 22% used [0x00007fd9ae550000,0x00007fd9cb220bc8,0x00007fda2e550000)
 PSPermGen       total 247296K, used 135445K [0x00007fd99e550000, 0x00007fd9ad6d0000, 0x00007fd9ae550000)
  object space 247296K, 54% used [0x00007fd99e550000,0x00007fd9a69954f8,0x00007fd9ad6d0000)
6178,165: [GC [PSYoungGen: 973760K->6778K(1013888K)] 1445634K->484491K(3111040K), 0,0110490 secs] [Times: user=0,04 sys=0,00, real=0,01 secs] 
Heap after GC invocations=46 (full 2):
 PSYoungGen      total 1013888K, used 6778K [0x00007fda2e550000, 0x00007fda6e550000, 0x00007fda6e550000)
  eden space 976704K, 0% used [0x00007fda2e550000,0x00007fda2e550000,0x00007fda69f20000)
  from space 37184K, 18% used [0x00007fda6c100000,0x00007fda6c79eba0,0x00007fda6e550000)
  to   space 34688K, 0% used [0x00007fda69f20000,0x00007fda69f20000,0x00007fda6c100000)
 ParOldGen       total 2097152K, used 477712K [0x00007fd9ae550000, 0x00007fda2e550000, 0x00007fda2e550000)
  object space 2097152K, 22% used [0x00007fd9ae550000,0x00007fd9cb7d4320,0x00007fda2e550000)
 PSPermGen       total 247296K, used 135445K [0x00007fd99e550000, 0x00007fd9ad6d0000, 0x00007fd9ae550000)
  object space 247296K, 54% used [0x00007fd99e550000,0x00007fd9a69954f8,0x00007fd9ad6d0000)
}
{Heap before GC invocations=47 (full 2):
 PSYoungGen      total 1013888K, used 983482K [0x00007fda2e550000, 0x00007fda6e550000, 0x00007fda6e550000)
  eden space 976704K, 100% used [0x00007fda2e550000,0x00007fda69f20000,0x00007fda69f20000)
  from space 37184K, 18% used [0x00007fda6c100000,0x00007fda6c79eba0,0x00007fda6e550000)
  to   space 34688K, 0% used [0x00007fda69f20000,0x00007fda69f20000,0x00007fda6c100000)
 ParOldGen       total 2097152K, used 477712K [0x00007fd9ae550000, 0x00007fda2e550000, 0x00007fda2e550000)
  object space 2097152K, 22% used [0x00007fd9ae550000,0x00007fd9cb7d4320,0x00007fda2e550000)
 PSPermGen       total 247296K, used 135631K [0x00007fd99e550000, 0x00007fd9ad6d0000, 0x00007fd9ae550000)
  object space 247296K, 54% used [0x00007fd99e550000,0x00007fd9a69c3ff8,0x00007fd9ad6d0000)
6190,987: [GC [PSYoungGen: 983482K->5328K(1011392K)] 1461195K->487626K(3108544K), 0,0214560 secs] [Times: user=0,08 sys=0,00, real=0,02 secs] 
Heap after GC invocations=47 (full 2):
 PSYoungGen      total 1011392K, used 5328K [0x00007fda2e550000, 0x00007fda6e550000, 0x00007fda6e550000)
  eden space 976704K, 0% used [0x00007fda2e550000,0x00007fda2e550000,0x00007fda69f20000)
  from space 34688K, 15% used [0x00007fda69f20000,0x00007fda6a454048,0x00007fda6c100000)
  to   space 32704K, 0% used [0x00007fda6c560000,0x00007fda6c560000,0x00007fda6e550000)
 ParOldGen       total 2097152K, used 482298K [0x00007fd9ae550000, 0x00007fda2e550000, 0x00007fda2e550000)
  object space 2097152K, 22% used [0x00007fd9ae550000,0x00007fd9cbc4e840,0x00007fda2e550000)
 PSPermGen       total 247296K, used 135631K [0x00007fd99e550000, 0x00007fd9ad6d0000, 0x00007fd9ae550000)
  object space 247296K, 54% used [0x00007fd99e550000,0x00007fd9a69c3ff8,0x00007fd9ad6d0000)
}
{Heap before GC invocations=48 (full 2):
 PSYoungGen      total 1011392K, used 982032K [0x00007fda2e550000, 0x00007fda6e550000, 0x00007fda6e550000)
  eden space 976704K, 100% used [0x00007fda2e550000,0x00007fda69f20000,0x00007fda69f20000)
  from space 34688K, 15% used [0x00007fda69f20000,0x00007fda6a454048,0x00007fda6c100000)
  to   space 32704K, 0% used [0x00007fda6c560000,0x00007fda6c560000,0x00007fda6e550000)
 ParOldGen       total 2097152K, used 482298K [0x00007fd9ae550000, 0x00007fda2e550000, 0x00007fda2e550000)
  object space 2097152K, 22% used [0x00007fd9ae550000,0x00007fd9cbc4e840,0x00007fda2e550000)
 PSPermGen       total 247296K, used 135678K [0x00007fd99e550000, 0x00007fd9ad6d0000, 0x00007fd9ae550000)
  object space 247296K, 54% used [0x00007fd99e550000,0x00007fd9a69cfbd8,0x00007fd9ad6d0000)
6204,624: [GC [PSYoungGen: 982032K->4262K(1017600K)] 1464330K->489932K(3114752K), 0,0089260 secs] [Times: user=0,04 sys=0,00, real=0,01 secs] 
Heap after GC invocations=48 (full 2):
 PSYoungGen      total 1017600K, used 4262K [0x00007fda2e550000, 0x00007fda6e550000, 0x00007fda6e550000)
  eden space 984896K, 0% used [0x00007fda2e550000,0x00007fda2e550000,0x00007fda6a720000)
  from space 32704K, 13% used [0x00007fda6c560000,0x00007fda6c989bb8,0x00007fda6e550000)
  to   space 30976K, 0% used [0x00007fda6a720000,0x00007fda6a720000,0x00007fda6c560000)
 ParOldGen       total 2097152K, used 485669K [0x00007fd9ae550000, 0x00007fda2e550000, 0x00007fda2e550000)
  object space 2097152K, 23% used [0x00007fd9ae550000,0x00007fd9cbf99540,0x00007fda2e550000)
 PSPermGen       total 247296K, used 135678K [0x00007fd99e550000, 0x00007fd9ad6d0000, 0x00007fd9ae550000)
  object space 247296K, 54% used [0x00007fd99e550000,0x00007fd9a69cfbd8,0x00007fd9ad6d0000)
}
{Heap before GC invocations=49 (full 2):
 PSYoungGen      total 1017600K, used 989158K [0x00007fda2e550000, 0x00007fda6e550000, 0x00007fda6e550000)
  eden space 984896K, 100% used [0x00007fda2e550000,0x00007fda6a720000,0x00007fda6a720000)
  from space 32704K, 13% used [0x00007fda6c560000,0x00007fda6c989bb8,0x00007fda6e550000)
  to   space 30976K, 0% used [0x00007fda6a720000,0x00007fda6a720000,0x00007fda6c560000)
 ParOldGen       total 2097152K, used 485669K [0x00007fd9ae550000, 0x00007fda2e550000, 0x00007fda2e550000)
  object space 2097152K, 23% used [0x00007fd9ae550000,0x00007fd9cbf99540,0x00007fda2e550000)
 PSPermGen       total 247296K, used 135697K [0x00007fd99e550000, 0x00007fd9ad6d0000, 0x00007fd9ae550000)
  object space 247296K, 54% used [0x00007fd99e550000,0x00007fd9a69d4520,0x00007fd9ad6d0000)
6225,312: [GC [PSYoungGen: 989158K->6784K(1015872K)] 1474828K->495358K(3113024K), 0,0168980 secs] [Times: user=0,07 sys=0,00, real=0,02 secs] 
Heap after GC invocations=49 (full 2):
 PSYoungGen      total 1015872K, used 6784K [0x00007fda2e550000, 0x00007fda6e550000, 0x00007fda6e550000)
  eden space 984896K, 0% used [0x00007fda2e550000,0x00007fda2e550000,0x00007fda6a720000)
  from space 30976K, 21% used [0x00007fda6a720000,0x00007fda6adc0030,0x00007fda6c560000)
  to   space 28864K, 0% used [0x00007fda6c920000,0x00007fda6c920000,0x00007fda6e550000)
 ParOldGen       total 2097152K, used 488574K [0x00007fd9ae550000, 0x00007fda2e550000, 0x00007fda2e550000)
  object space 2097152K, 23% used [0x00007fd9ae550000,0x00007fd9cc26fb10,0x00007fda2e550000)
 PSPermGen       total 247296K, used 135697K [0x00007fd99e550000, 0x00007fd9ad6d0000, 0x00007fd9ae550000)
  object space 247296K, 54% used [0x00007fd99e550000,0x00007fd9a69d4520,0x00007fd9ad6d0000)
}
{Heap before GC invocations=50 (full 2):
 PSYoungGen      total 1015872K, used 991680K [0x00007fda2e550000, 0x00007fda6e550000, 0x00007fda6e550000)
  eden space 984896K, 100% used [0x00007fda2e550000,0x00007fda6a720000,0x00007fda6a720000)
  from space 30976K, 21% used [0x00007fda6a720000,0x00007fda6adc0030,0x00007fda6c560000)
  to   space 28864K, 0% used [0x00007fda6c920000,0x00007fda6c920000,0x00007fda6e550000)
 ParOldGen       total 2097152K, used 488574K [0x00007fd9ae550000, 0x00007fda2e550000, 0x00007fda2e550000)
  object space 2097152K, 23% used [0x00007fd9ae550000,0x00007fd9cc26fb10,0x00007fda2e550000)
 PSPermGen       total 247296K, used 135703K [0x00007fd99e550000, 0x00007fd9ad6d0000, 0x00007fd9ae550000)
  object space 247296K, 54% used [0x00007fd99e550000,0x00007fd9a69d5c18,0x00007fd9ad6d0000)
6234,496: [GC [PSYoungGen: 991680K->8080K(1021696K)] 1480254K->501440K(3118848K), 0,0198340 secs] [Times: user=0,08 sys=0,00, real=0,02 secs] 
Heap after GC invocations=50 (full 2):
 PSYoungGen      total 1021696K, used 8080K [0x00007fda2e550000, 0x00007fda6e550000, 0x00007fda6e550000)
  eden space 992832K, 0% used [0x00007fda2e550000,0x00007fda2e550000,0x00007fda6aee0000)
  from space 28864K, 27% used [0x00007fda6c920000,0x00007fda6d104078,0x00007fda6e550000)
  to   space 26880K, 0% used [0x00007fda6aee0000,0x00007fda6aee0000,0x00007fda6c920000)
 ParOldGen       total 2097152K, used 493360K [0x00007fd9ae550000, 0x00007fda2e550000, 0x00007fda2e550000)
  object space 2097152K, 23% used [0x00007fd9ae550000,0x00007fd9cc71c010,0x00007fda2e550000)
 PSPermGen       total 247296K, used 135703K [0x00007fd99e550000, 0x00007fd9ad6d0000, 0x00007fd9ae550000)
  object space 247296K, 54% used [0x00007fd99e550000,0x00007fd9a69d5c18,0x00007fd9ad6d0000)
}
{Heap before GC invocations=51 (full 2):
 PSYoungGen      total 1021696K, used 1000912K [0x00007fda2e550000, 0x00007fda6e550000, 0x00007fda6e550000)
  eden space 992832K, 100% used [0x00007fda2e550000,0x00007fda6aee0000,0x00007fda6aee0000)
  from space 28864K, 27% used [0x00007fda6c920000,0x00007fda6d104078,0x00007fda6e550000)
  to   space 26880K, 0% used [0x00007fda6aee0000,0x00007fda6aee0000,0x00007fda6c920000)
 ParOldGen       total 2097152K, used 493360K [0x00007fd9ae550000, 0x00007fda2e550000, 0x00007fda2e550000)
  object space 2097152K, 23% used [0x00007fd9ae550000,0x00007fd9cc71c010,0x00007fda2e550000)
 PSPermGen       total 247296K, used 135708K [0x00007fd99e550000, 0x00007fd9ad6d0000, 0x00007fd9ae550000)
  object space 247296K, 54% used [0x00007fd99e550000,0x00007fd9a69d7040,0x00007fd9ad6d0000)
6246,500: [GC [PSYoungGen: 1000912K->4992K(1019712K)] 1494272K->504292K(3116864K), 0,0150290 secs] [Times: user=0,06 sys=0,00, real=0,02 secs] 
Heap after GC invocations=51 (full 2):
 PSYoungGen      total 1019712K, used 4992K [0x00007fda2e550000, 0x00007fda6e550000, 0x00007fda6e550000)
  eden space 992832K, 0% used [0x00007fda2e550000,0x00007fda2e550000,0x00007fda6aee0000)
  from space 26880K, 18% used [0x00007fda6aee0000,0x00007fda6b3c00e0,0x00007fda6c920000)
  to   space 25472K, 0% used [0x00007fda6cc70000,0x00007fda6cc70000,0x00007fda6e550000)
 ParOldGen       total 2097152K, used 499300K [0x00007fd9ae550000, 0x00007fda2e550000, 0x00007fda2e550000)
  object space 2097152K, 23% used [0x00007fd9ae550000,0x00007fd9ccce9000,0x00007fda2e550000)
 PSPermGen       total 247296K, used 135708K [0x00007fd99e550000, 0x00007fd9ad6d0000, 0x00007fd9ae550000)
  object space 247296K, 54% used [0x00007fd99e550000,0x00007fd9a69d7040,0x00007fd9ad6d0000)
}
{Heap before GC invocations=52 (full 2):
 PSYoungGen      total 1019712K, used 997824K [0x00007fda2e550000, 0x00007fda6e550000, 0x00007fda6e550000)
  eden space 992832K, 100% used [0x00007fda2e550000,0x00007fda6aee0000,0x00007fda6aee0000)
  from space 26880K, 18% used [0x00007fda6aee0000,0x00007fda6b3c00e0,0x00007fda6c920000)
  to   space 25472K, 0% used [0x00007fda6cc70000,0x00007fda6cc70000,0x00007fda6e550000)
 ParOldGen       total 2097152K, used 499300K [0x00007fd9ae550000, 0x00007fda2e550000, 0x00007fda2e550000)
  object space 2097152K, 23% used [0x00007fd9ae550000,0x00007fd9ccce9000,0x00007fda2e550000)
 PSPermGen       total 247296K, used 135877K [0x00007fd99e550000, 0x00007fd9ad6d0000, 0x00007fd9ae550000)
  object space 247296K, 54% used [0x00007fd99e550000,0x00007fd9a6a015a8,0x00007fd9ad6d0000)
6263,818: [GC [PSYoungGen: 997824K->3974K(1024320K)] 1497124K->506843K(3121472K), 0,0097460 secs] [Times: user=0,03 sys=0,00, real=0,01 secs] 
Heap after GC invocations=52 (full 2):
 PSYoungGen      total 1024320K, used 3974K [0x00007fda2e550000, 0x00007fda6e550000, 0x00007fda6e550000)
  eden space 998848K, 0% used [0x00007fda2e550000,0x00007fda2e550000,0x00007fda6b4c0000)
  from space 25472K, 15% used [0x00007fda6cc70000,0x00007fda6d051bb8,0x00007fda6e550000)
  to   space 24256K, 0% used [0x00007fda6b4c0000,0x00007fda6b4c0000,0x00007fda6cc70000)
 ParOldGen       total 2097152K, used 502868K [0x00007fd9ae550000, 0x00007fda2e550000, 0x00007fda2e550000)
  object space 2097152K, 23% used [0x00007fd9ae550000,0x00007fd9cd065050,0x00007fda2e550000)
 PSPermGen       total 247296K, used 135877K [0x00007fd99e550000, 0x00007fd9ad6d0000, 0x00007fd9ae550000)
  object space 247296K, 54% used [0x00007fd99e550000,0x00007fd9a6a015a8,0x00007fd9ad6d0000)
}
{Heap before GC invocations=53 (full 2):
 PSYoungGen      total 1024320K, used 1002822K [0x00007fda2e550000, 0x00007fda6e550000, 0x00007fda6e550000)
  eden space 998848K, 100% used [0x00007fda2e550000,0x00007fda6b4c0000,0x00007fda6b4c0000)
  from space 25472K, 15% used [0x00007fda6cc70000,0x00007fda6d051bb8,0x00007fda6e550000)
  to   space 24256K, 0% used [0x00007fda6b4c0000,0x00007fda6b4c0000,0x00007fda6cc70000)
 ParOldGen       total 2097152K, used 502868K [0x00007fd9ae550000, 0x00007fda2e550000, 0x00007fda2e550000)
  object space 2097152K, 23% used [0x00007fd9ae550000,0x00007fd9cd065050,0x00007fda2e550000)
 PSPermGen       total 247296K, used 135911K [0x00007fd99e550000, 0x00007fd9ad6d0000, 0x00007fd9ae550000)
  object space 247296K, 54% used [0x00007fd99e550000,0x00007fd9a6a09e68,0x00007fd9ad6d0000)
6304,215: [GC [PSYoungGen: 1002822K->6064K(1023104K)] 1505691K->511667K(3120256K), 0,0212750 secs] [Times: user=0,07 sys=0,00, real=0,02 secs] 
Heap after GC invocations=53 (full 2):
 PSYoungGen      total 1023104K, used 6064K [0x00007fda2e550000, 0x00007fda6e550000, 0x00007fda6e550000)
  eden space 998848K, 0% used [0x00007fda2e550000,0x00007fda2e550000,0x00007fda6b4c0000)
  from space 24256K, 25% used [0x00007fda6b4c0000,0x00007fda6baac018,0x00007fda6cc70000)
  to   space 22784K, 0% used [0x00007fda6cf10000,0x00007fda6cf10000,0x00007fda6e550000)
 ParOldGen       total 2097152K, used 505603K [0x00007fd9ae550000, 0x00007fda2e550000, 0x00007fda2e550000)
  object space 2097152K, 24% used [0x00007fd9ae550000,0x00007fd9cd310d10,0x00007fda2e550000)
 PSPermGen       total 247296K, used 135911K [0x00007fd99e550000, 0x00007fd9ad6d0000, 0x00007fd9ae550000)
  object space 247296K, 54% used [0x00007fd99e550000,0x00007fd9a6a09e68,0x00007fd9ad6d0000)
}
{Heap before GC invocations=54 (full 2):
 PSYoungGen      total 1023104K, used 1004912K [0x00007fda2e550000, 0x00007fda6e550000, 0x00007fda6e550000)
  eden space 998848K, 100% used [0x00007fda2e550000,0x00007fda6b4c0000,0x00007fda6b4c0000)
  from space 24256K, 25% used [0x00007fda6b4c0000,0x00007fda6baac018,0x00007fda6cc70000)
  to   space 22784K, 0% used [0x00007fda6cf10000,0x00007fda6cf10000,0x00007fda6e550000)
 ParOldGen       total 2097152K, used 505603K [0x00007fd9ae550000, 0x00007fda2e550000, 0x00007fda2e550000)
  object space 2097152K, 24% used [0x00007fd9ae550000,0x00007fd9cd310d10,0x00007fda2e550000)
 PSPermGen       total 247296K, used 135916K [0x00007fd99e550000, 0x00007fd9ad6d0000, 0x00007fd9ae550000)
  object space 247296K, 54% used [0x00007fd99e550000,0x00007fd9a6a0b130,0x00007fd9ad6d0000)
6322,036: [GC [PSYoungGen: 1004912K->5600K(1027136K)] 1510515K->515827K(3124288K), 0,0164540 secs] [Times: user=0,06 sys=0,01, real=0,02 secs] 
Heap after GC invocations=54 (full 2):
 PSYoungGen      total 1027136K, used 5600K [0x00007fda2e550000, 0x00007fda6e550000, 0x00007fda6e550000)
  eden space 1004352K, 0% used [0x00007fda2e550000,0x00007fda2e550000,0x00007fda6ba20000)
  from space 22784K, 24% used [0x00007fda6cf10000,0x00007fda6d488000,0x00007fda6e550000)
  to   space 21440K, 0% used [0x00007fda6ba20000,0x00007fda6ba20000,0x00007fda6cf10000)
 ParOldGen       total 2097152K, used 510227K [0x00007fd9ae550000, 0x00007fda2e550000, 0x00007fda2e550000)
  object space 2097152K, 24% used [0x00007fd9ae550000,0x00007fd9cd794e48,0x00007fda2e550000)
 PSPermGen       total 247296K, used 135916K [0x00007fd99e550000, 0x00007fd9ad6d0000, 0x00007fd9ae550000)
  object space 247296K, 54% used [0x00007fd99e550000,0x00007fd9a6a0b130,0x00007fd9ad6d0000)
}
{Heap before GC invocations=55 (full 2):
 PSYoungGen      total 1027136K, used 1009952K [0x00007fda2e550000, 0x00007fda6e550000, 0x00007fda6e550000)
  eden space 1004352K, 100% used [0x00007fda2e550000,0x00007fda6ba20000,0x00007fda6ba20000)
  from space 22784K, 24% used [0x00007fda6cf10000,0x00007fda6d488000,0x00007fda6e550000)
  to   space 21440K, 0% used [0x00007fda6ba20000,0x00007fda6ba20000,0x00007fda6cf10000)
 ParOldGen       total 2097152K, used 510227K [0x00007fd9ae550000, 0x00007fda2e550000, 0x00007fda2e550000)
  object space 2097152K, 24% used [0x00007fd9ae550000,0x00007fd9cd794e48,0x00007fda2e550000)
 PSPermGen       total 247296K, used 136011K [0x00007fd99e550000, 0x00007fd9ad6d0000, 0x00007fd9ae550000)
  object space 247296K, 54% used [0x00007fd99e550000,0x00007fd9a6a22d78,0x00007fd9ad6d0000)
6348,813: [GC [PSYoungGen: 1009952K->9202K(1025792K)] 1520179K->524319K(3122944K), 0,0204880 secs] [Times: user=0,08 sys=0,00, real=0,02 secs] 
Heap after GC invocations=55 (full 2):
 PSYoungGen      total 1025792K, used 9202K [0x00007fda2e550000, 0x00007fda6e550000, 0x00007fda6e550000)
  eden space 1004352K, 0% used [0x00007fda2e550000,0x00007fda2e550000,0x00007fda6ba20000)
  from space 21440K, 42% used [0x00007fda6ba20000,0x00007fda6c31cbb8,0x00007fda6cf10000)
  to   space 20864K, 0% used [0x00007fda6d0f0000,0x00007fda6d0f0000,0x00007fda6e550000)
 ParOldGen       total 2097152K, used 515116K [0x00007fd9ae550000, 0x00007fda2e550000, 0x00007fda2e550000)
  object space 2097152K, 24% used [0x00007fd9ae550000,0x00007fd9cdc5b080,0x00007fda2e550000)
 PSPermGen       total 247296K, used 136011K [0x00007fd99e550000, 0x00007fd9ad6d0000, 0x00007fd9ae550000)
  object space 247296K, 54% used [0x00007fd99e550000,0x00007fd9a6a22d78,0x00007fd9ad6d0000)
}
{Heap before GC invocations=56 (full 2):
 PSYoungGen      total 1025792K, used 1013554K [0x00007fda2e550000, 0x00007fda6e550000, 0x00007fda6e550000)
  eden space 1004352K, 100% used [0x00007fda2e550000,0x00007fda6ba20000,0x00007fda6ba20000)
  from space 21440K, 42% used [0x00007fda6ba20000,0x00007fda6c31cbb8,0x00007fda6cf10000)
  to   space 20864K, 0% used [0x00007fda6d0f0000,0x00007fda6d0f0000,0x00007fda6e550000)
 ParOldGen       total 2097152K, used 515116K [0x00007fd9ae550000, 0x00007fda2e550000, 0x00007fda2e550000)
  object space 2097152K, 24% used [0x00007fd9ae550000,0x00007fd9cdc5b080,0x00007fda2e550000)
 PSPermGen       total 247296K, used 136013K [0x00007fd99e550000, 0x00007fd9ad6d0000, 0x00007fd9ae550000)
  object space 247296K, 55% used [0x00007fd99e550000,0x00007fd9a6a23530,0x00007fd9ad6d0000)
6360,683: [GC [PSYoungGen: 1013554K->4944K(1028736K)] 1528671K->528058K(3125888K), 0,0166440 secs] [Times: user=0,06 sys=0,00, real=0,02 secs] 
Heap after GC invocations=56 (full 2):
 PSYoungGen      total 1028736K, used 4944K [0x00007fda2e550000, 0x00007fda6e550000, 0x00007fda6e550000)
  eden space 1007872K, 0% used [0x00007fda2e550000,0x00007fda2e550000,0x00007fda6bd90000)
  from space 20864K, 23% used [0x00007fda6d0f0000,0x00007fda6d5c4048,0x00007fda6e550000)
  to   space 19840K, 0% used [0x00007fda6bd90000,0x00007fda6bd90000,0x00007fda6d0f0000)
 ParOldGen       total 2097152K, used 523114K [0x00007fd9ae550000, 0x00007fda2e550000, 0x00007fda2e550000)
  object space 2097152K, 24% used [0x00007fd9ae550000,0x00007fd9ce42a8b8,0x00007fda2e550000)
 PSPermGen       total 247296K, used 136013K [0x00007fd99e550000, 0x00007fd9ad6d0000, 0x00007fd9ae550000)
  object space 247296K, 55% used [0x00007fd99e550000,0x00007fd9a6a23530,0x00007fd9ad6d0000)
}
{Heap before GC invocations=57 (full 2):
 PSYoungGen      total 1028736K, used 1012816K [0x00007fda2e550000, 0x00007fda6e550000, 0x00007fda6e550000)
  eden space 1007872K, 100% used [0x00007fda2e550000,0x00007fda6bd90000,0x00007fda6bd90000)
  from space 20864K, 23% used [0x00007fda6d0f0000,0x00007fda6d5c4048,0x00007fda6e550000)
  to   space 19840K, 0% used [0x00007fda6bd90000,0x00007fda6bd90000,0x00007fda6d0f0000)
 ParOldGen       total 2097152K, used 523114K [0x00007fd9ae550000, 0x00007fda2e550000, 0x00007fda2e550000)
  object space 2097152K, 24% used [0x00007fd9ae550000,0x00007fd9ce42a8b8,0x00007fda2e550000)
 PSPermGen       total 247296K, used 136103K [0x00007fd99e550000, 0x00007fd9ad6d0000, 0x00007fd9ae550000)
  object space 247296K, 55% used [0x00007fd99e550000,0x00007fd9a6a39f50,0x00007fd9ad6d0000)
6378,147: [GC [PSYoungGen: 1012816K->5376K(1027712K)] 1535930K->532239K(3124864K), 0,0146780 secs] [Times: user=0,06 sys=0,01, real=0,01 secs] 
Heap after GC invocations=57 (full 2):
 PSYoungGen      total 1027712K, used 5376K [0x00007fda2e550000, 0x00007fda6e550000, 0x00007fda6e550000)
  eden space 1007872K, 0% used [0x00007fda2e550000,0x00007fda2e550000,0x00007fda6bd90000)
  from space 19840K, 27% used [0x00007fda6bd90000,0x00007fda6c2d0018,0x00007fda6d0f0000)
  to   space 18816K, 0% used [0x00007fda6d2f0000,0x00007fda6d2f0000,0x00007fda6e550000)
 ParOldGen       total 2097152K, used 526863K [0x00007fd9ae550000, 0x00007fda2e550000, 0x00007fda2e550000)
  object space 2097152K, 25% used [0x00007fd9ae550000,0x00007fd9ce7d3cf0,0x00007fda2e550000)
 PSPermGen       total 247296K, used 136103K [0x00007fd99e550000, 0x00007fd9ad6d0000, 0x00007fd9ae550000)
  object space 247296K, 55% used [0x00007fd99e550000,0x00007fd9a6a39f50,0x00007fd9ad6d0000)
}
{Heap before GC invocations=58 (full 2):
 PSYoungGen      total 1027712K, used 1013248K [0x00007fda2e550000, 0x00007fda6e550000, 0x00007fda6e550000)
  eden space 1007872K, 100% used [0x00007fda2e550000,0x00007fda6bd90000,0x00007fda6bd90000)
  from space 19840K, 27% used [0x00007fda6bd90000,0x00007fda6c2d0018,0x00007fda6d0f0000)
  to   space 18816K, 0% used [0x00007fda6d2f0000,0x00007fda6d2f0000,0x00007fda6e550000)
 ParOldGen       total 2097152K, used 526863K [0x00007fd9ae550000, 0x00007fda2e550000, 0x00007fda2e550000)
  object space 2097152K, 25% used [0x00007fd9ae550000,0x00007fd9ce7d3cf0,0x00007fda2e550000)
 PSPermGen       total 247296K, used 136174K [0x00007fd99e550000, 0x00007fd9ad6d0000, 0x00007fd9ae550000)
  object space 247296K, 55% used [0x00007fd99e550000,0x00007fd9a6a4bb00,0x00007fd9ad6d0000)
6391,926: [GC [PSYoungGen: 1013248K->8904K(1030144K)] 1540111K->539364K(3127296K), 0,0112740 secs] [Times: user=0,04 sys=0,00, real=0,01 secs] 
Heap after GC invocations=58 (full 2):
 PSYoungGen      total 1030144K, used 8904K [0x00007fda2e550000, 0x00007fda6e550000, 0x00007fda6e550000)
  eden space 1011328K, 0% used [0x00007fda2e550000,0x00007fda2e550000,0x00007fda6c0f0000)
  from space 18816K, 47% used [0x00007fda6d2f0000,0x00007fda6dba2110,0x00007fda6e550000)
  to   space 18432K, 0% used [0x00007fda6c0f0000,0x00007fda6c0f0000,0x00007fda6d2f0000)
 ParOldGen       total 2097152K, used 530459K [0x00007fd9ae550000, 0x00007fda2e550000, 0x00007fda2e550000)
  object space 2097152K, 25% used [0x00007fd9ae550000,0x00007fd9ceb56f18,0x00007fda2e550000)
 PSPermGen       total 247296K, used 136174K [0x00007fd99e550000, 0x00007fd9ad6d0000, 0x00007fd9ae550000)
  object space 247296K, 55% used [0x00007fd99e550000,0x00007fd9a6a4bb00,0x00007fd9ad6d0000)
}
{Heap before GC invocations=59 (full 2):
 PSYoungGen      total 1030144K, used 1020232K [0x00007fda2e550000, 0x00007fda6e550000, 0x00007fda6e550000)
  eden space 1011328K, 100% used [0x00007fda2e550000,0x00007fda6c0f0000,0x00007fda6c0f0000)
  from space 18816K, 47% used [0x00007fda6d2f0000,0x00007fda6dba2110,0x00007fda6e550000)
  to   space 18432K, 0% used [0x00007fda6c0f0000,0x00007fda6c0f0000,0x00007fda6d2f0000)
 ParOldGen       total 2097152K, used 530459K [0x00007fd9ae550000, 0x00007fda2e550000, 0x00007fda2e550000)
  object space 2097152K, 25% used [0x00007fd9ae550000,0x00007fd9ceb56f18,0x00007fda2e550000)
 PSPermGen       total 247296K, used 136196K [0x00007fd99e550000, 0x00007fd9ad6d0000, 0x00007fd9ae550000)
  object space 247296K, 55% used [0x00007fd99e550000,0x00007fd9a6a51378,0x00007fd9ad6d0000)
6425,209: [GC [PSYoungGen: 1020232K->7376K(1029760K)] 1550692K->543411K(3126912K), 0,0230180 secs] [Times: user=0,09 sys=0,01, real=0,02 secs] 
Heap after GC invocations=59 (full 2):
 PSYoungGen      total 1029760K, used 7376K [0x00007fda2e550000, 0x00007fda6e550000, 0x00007fda6e550000)
  eden space 1011328K, 0% used [0x00007fda2e550000,0x00007fda2e550000,0x00007fda6c0f0000)
  from space 18432K, 40% used [0x00007fda6c0f0000,0x00007fda6c824018,0x00007fda6d2f0000)
  to   space 17408K, 0% used [0x00007fda6d450000,0x00007fda6d450000,0x00007fda6e550000)
 ParOldGen       total 2097152K, used 536035K [0x00007fd9ae550000, 0x00007fda2e550000, 0x00007fda2e550000)
  object space 2097152K, 25% used [0x00007fd9ae550000,0x00007fd9cf0c8ef0,0x00007fda2e550000)
 PSPermGen       total 247296K, used 136196K [0x00007fd99e550000, 0x00007fd9ad6d0000, 0x00007fd9ae550000)
  object space 247296K, 55% used [0x00007fd99e550000,0x00007fd9a6a51378,0x00007fd9ad6d0000)
}
{Heap before GC invocations=60 (full 2):
 PSYoungGen      total 1029760K, used 1018704K [0x00007fda2e550000, 0x00007fda6e550000, 0x00007fda6e550000)
  eden space 1011328K, 100% used [0x00007fda2e550000,0x00007fda6c0f0000,0x00007fda6c0f0000)
  from space 18432K, 40% used [0x00007fda6c0f0000,0x00007fda6c824018,0x00007fda6d2f0000)
  to   space 17408K, 0% used [0x00007fda6d450000,0x00007fda6d450000,0x00007fda6e550000)
 ParOldGen       total 2097152K, used 536035K [0x00007fd9ae550000, 0x00007fda2e550000, 0x00007fda2e550000)
  object space 2097152K, 25% used [0x00007fd9ae550000,0x00007fd9cf0c8ef0,0x00007fda2e550000)
 PSPermGen       total 247296K, used 136303K [0x00007fd99e550000, 0x00007fd9ad6d0000, 0x00007fd9ae550000)
  object space 247296K, 55% used [0x00007fd99e550000,0x00007fd9a6a6bfe8,0x00007fd9ad6d0000)
6442,426: [GC [PSYoungGen: 1018704K->7158K(1032128K)] 1554739K->548960K(3129280K), 0,0207130 secs] [Times: user=0,07 sys=0,01, real=0,02 secs] 
Heap after GC invocations=60 (full 2):
 PSYoungGen      total 1032128K, used 7158K [0x00007fda2e550000, 0x00007fda6e550000, 0x00007fda6e550000)
  eden space 1014720K, 0% used [0x00007fda2e550000,0x00007fda2e550000,0x00007fda6c440000)
  from space 17408K, 41% used [0x00007fda6d450000,0x00007fda6db4db08,0x00007fda6e550000)
  to   space 16448K, 0% used [0x00007fda6c440000,0x00007fda6c440000,0x00007fda6d450000)
 ParOldGen       total 2097152K, used 541801K [0x00007fd9ae550000, 0x00007fda2e550000, 0x00007fda2e550000)
  object space 2097152K, 25% used [0x00007fd9ae550000,0x00007fd9cf66a600,0x00007fda2e550000)
 PSPermGen       total 247296K, used 136303K [0x00007fd99e550000, 0x00007fd9ad6d0000, 0x00007fd9ae550000)
  object space 247296K, 55% used [0x00007fd99e550000,0x00007fd9a6a6bfe8,0x00007fd9ad6d0000)
}
{Heap before GC invocations=61 (full 2):
 PSYoungGen      total 1032128K, used 1021878K [0x00007fda2e550000, 0x00007fda6e550000, 0x00007fda6e550000)
  eden space 1014720K, 100% used [0x00007fda2e550000,0x00007fda6c440000,0x00007fda6c440000)
  from space 17408K, 41% used [0x00007fda6d450000,0x00007fda6db4db08,0x00007fda6e550000)
  to   space 16448K, 0% used [0x00007fda6c440000,0x00007fda6c440000,0x00007fda6d450000)
 ParOldGen       total 2097152K, used 541801K [0x00007fd9ae550000, 0x00007fda2e550000, 0x00007fda2e550000)
  object space 2097152K, 25% used [0x00007fd9ae550000,0x00007fd9cf66a600,0x00007fda2e550000)
 PSPermGen       total 247296K, used 136356K [0x00007fd99e550000, 0x00007fd9ad6d0000, 0x00007fd9ae550000)
  object space 247296K, 55% used [0x00007fd99e550000,0x00007fd9a6a79340,0x00007fd9ad6d0000)
6458,077: [GC [PSYoungGen: 1021878K->8384K(1031168K)] 1563680K->556020K(3128320K), 0,0196060 secs] [Times: user=0,08 sys=0,00, real=0,02 secs] 
Heap after GC invocations=61 (full 2):
 PSYoungGen      total 1031168K, used 8384K [0x00007fda2e550000, 0x00007fda6e550000, 0x00007fda6e550000)
  eden space 1014720K, 0% used [0x00007fda2e550000,0x00007fda2e550000,0x00007fda6c440000)
  from space 16448K, 50% used [0x00007fda6c440000,0x00007fda6cc70030,0x00007fda6d450000)
  to   space 16000K, 0% used [0x00007fda6d5b0000,0x00007fda6d5b0000,0x00007fda6e550000)
 ParOldGen       total 2097152K, used 547636K [0x00007fd9ae550000, 0x00007fda2e550000, 0x00007fda2e550000)
  object space 2097152K, 26% used [0x00007fd9ae550000,0x00007fd9cfc1d008,0x00007fda2e550000)
 PSPermGen       total 247296K, used 136356K [0x00007fd99e550000, 0x00007fd9ad6d0000, 0x00007fd9ae550000)
  object space 247296K, 55% used [0x00007fd99e550000,0x00007fd9a6a79340,0x00007fd9ad6d0000)
}
{Heap before GC invocations=62 (full 2):
 PSYoungGen      total 1031168K, used 1023104K [0x00007fda2e550000, 0x00007fda6e550000, 0x00007fda6e550000)
  eden space 1014720K, 100% used [0x00007fda2e550000,0x00007fda6c440000,0x00007fda6c440000)
  from space 16448K, 50% used [0x00007fda6c440000,0x00007fda6cc70030,0x00007fda6d450000)
  to   space 16000K, 0% used [0x00007fda6d5b0000,0x00007fda6d5b0000,0x00007fda6e550000)
 ParOldGen       total 2097152K, used 547636K [0x00007fd9ae550000, 0x00007fda2e550000, 0x00007fda2e550000)
  object space 2097152K, 26% used [0x00007fd9ae550000,0x00007fd9cfc1d008,0x00007fda2e550000)
 PSPermGen       total 247296K, used 136362K [0x00007fd99e550000, 0x00007fd9ad6d0000, 0x00007fd9ae550000)
  object space 247296K, 55% used [0x00007fd99e550000,0x00007fd9a6a7aa48,0x00007fd9ad6d0000)
6469,306: [GC [PSYoungGen: 1023104K->3584K(1032832K)] 1570740K->557677K(3129984K), 0,0211170 secs] [Times: user=0,06 sys=0,01, real=0,02 secs] 
Heap after GC invocations=62 (full 2):
 PSYoungGen      total 1032832K, used 3584K [0x00007fda2e550000, 0x00007fda6e550000, 0x00007fda6e550000)
  eden space 1016832K, 0% used [0x00007fda2e550000,0x00007fda2e550000,0x00007fda6c650000)
  from space 16000K, 22% used [0x00007fda6d5b0000,0x00007fda6d930000,0x00007fda6e550000)
  to   space 15744K, 0% used [0x00007fda6c650000,0x00007fda6c650000,0x00007fda6d5b0000)
 ParOldGen       total 2097152K, used 554093K [0x00007fd9ae550000, 0x00007fda2e550000, 0x00007fda2e550000)
  object space 2097152K, 26% used [0x00007fd9ae550000,0x00007fd9d026b408,0x00007fda2e550000)
 PSPermGen       total 247296K, used 136362K [0x00007fd99e550000, 0x00007fd9ad6d0000, 0x00007fd9ae550000)
  object space 247296K, 55% used [0x00007fd99e550000,0x00007fd9a6a7aa48,0x00007fd9ad6d0000)
}
{Heap before GC invocations=63 (full 2):
 PSYoungGen      total 1032832K, used 1020416K [0x00007fda2e550000, 0x00007fda6e550000, 0x00007fda6e550000)
  eden space 1016832K, 100% used [0x00007fda2e550000,0x00007fda6c650000,0x00007fda6c650000)
  from space 16000K, 22% used [0x00007fda6d5b0000,0x00007fda6d930000,0x00007fda6e550000)
  to   space 15744K, 0% used [0x00007fda6c650000,0x00007fda6c650000,0x00007fda6d5b0000)
 ParOldGen       total 2097152K, used 554093K [0x00007fd9ae550000, 0x00007fda2e550000, 0x00007fda2e550000)
  object space 2097152K, 26% used [0x00007fd9ae550000,0x00007fd9d026b408,0x00007fda2e550000)
 PSPermGen       total 247296K, used 136399K [0x00007fd99e550000, 0x00007fd9ad6d0000, 0x00007fd9ae550000)
  object space 247296K, 55% used [0x00007fd99e550000,0x00007fd9a6a83e00,0x00007fd9ad6d0000)
6485,933: [GC [PSYoungGen: 1020416K->7072K(1032576K)] 1574509K->563645K(3129728K), 0,0154010 secs] [Times: user=0,06 sys=0,00, real=0,01 secs] 
Heap after GC invocations=63 (full 2):
 PSYoungGen      total 1032576K, used 7072K [0x00007fda2e550000, 0x00007fda6e550000, 0x00007fda6e550000)
  eden space 1016832K, 0% used [0x00007fda2e550000,0x00007fda2e550000,0x00007fda6c650000)
  from space 15744K, 44% used [0x00007fda6c650000,0x00007fda6cd38000,0x00007fda6d5b0000)
  to   space 14912K, 0% used [0x00007fda6d6c0000,0x00007fda6d6c0000,0x00007fda6e550000)
 ParOldGen       total 2097152K, used 556573K [0x00007fd9ae550000, 0x00007fda2e550000, 0x00007fda2e550000)
  object space 2097152K, 26% used [0x00007fd9ae550000,0x00007fd9d04d76b0,0x00007fda2e550000)
 PSPermGen       total 247296K, used 136399K [0x00007fd99e550000, 0x00007fd9ad6d0000, 0x00007fd9ae550000)
  object space 247296K, 55% used [0x00007fd99e550000,0x00007fd9a6a83e00,0x00007fd9ad6d0000)
}
{Heap before GC invocations=64 (full 2):
 PSYoungGen      total 1032576K, used 1023904K [0x00007fda2e550000, 0x00007fda6e550000, 0x00007fda6e550000)
  eden space 1016832K, 100% used [0x00007fda2e550000,0x00007fda6c650000,0x00007fda6c650000)
  from space 15744K, 44% used [0x00007fda6c650000,0x00007fda6cd38000,0x00007fda6d5b0000)
  to   space 14912K, 0% used [0x00007fda6d6c0000,0x00007fda6d6c0000,0x00007fda6e550000)
 ParOldGen       total 2097152K, used 556573K [0x00007fd9ae550000, 0x00007fda2e550000, 0x00007fda2e550000)
  object space 2097152K, 26% used [0x00007fd9ae550000,0x00007fd9d04d76b0,0x00007fda2e550000)
 PSPermGen       total 247296K, used 136417K [0x00007fd99e550000, 0x00007fd9ad6d0000, 0x00007fd9ae550000)
  object space 247296K, 55% used [0x00007fd99e550000,0x00007fd9a6a88548,0x00007fd9ad6d0000)
6507,972: [GC [PSYoungGen: 1023904K->7792K(1034112K)] 1580477K->570055K(3131264K), 0,0114530 secs] [Times: user=0,04 sys=0,01, real=0,01 secs] 
Heap after GC invocations=64 (full 2):
 PSYoungGen      total 1034112K, used 7792K [0x00007fda2e550000, 0x00007fda6e550000, 0x00007fda6e550000)
  eden space 1019200K, 0% used [0x00007fda2e550000,0x00007fda2e550000,0x00007fda6c8a0000)
  from space 14912K, 52% used [0x00007fda6d6c0000,0x00007fda6de5c048,0x00007fda6e550000)
  to   space 14464K, 0% used [0x00007fda6c8a0000,0x00007fda6c8a0000,0x00007fda6d6c0000)
 ParOldGen       total 2097152K, used 562263K [0x00007fd9ae550000, 0x00007fda2e550000, 0x00007fda2e550000)
  object space 2097152K, 26% used [0x00007fd9ae550000,0x00007fd9d0a65e40,0x00007fda2e550000)
 PSPermGen       total 247296K, used 136417K [0x00007fd99e550000, 0x00007fd9ad6d0000, 0x00007fd9ae550000)
  object space 247296K, 55% used [0x00007fd99e550000,0x00007fd9a6a88548,0x00007fd9ad6d0000)
}
{Heap before GC invocations=65 (full 2):
 PSYoungGen      total 1034112K, used 1026992K [0x00007fda2e550000, 0x00007fda6e550000, 0x00007fda6e550000)
  eden space 1019200K, 100% used [0x00007fda2e550000,0x00007fda6c8a0000,0x00007fda6c8a0000)
  from space 14912K, 52% used [0x00007fda6d6c0000,0x00007fda6de5c048,0x00007fda6e550000)
  to   space 14464K, 0% used [0x00007fda6c8a0000,0x00007fda6c8a0000,0x00007fda6d6c0000)
 ParOldGen       total 2097152K, used 562263K [0x00007fd9ae550000, 0x00007fda2e550000, 0x00007fda2e550000)
  object space 2097152K, 26% used [0x00007fd9ae550000,0x00007fd9d0a65e40,0x00007fda2e550000)
 PSPermGen       total 247296K, used 136421K [0x00007fd99e550000, 0x00007fd9ad6d0000, 0x00007fd9ae550000)
  object space 247296K, 55% used [0x00007fd99e550000,0x00007fd9a6a897d8,0x00007fd9ad6d0000)
6524,843: [GC [PSYoungGen: 1026992K->3968K(1033664K)] 1589255K->571654K(3130816K), 0,0258810 secs] [Times: user=0,07 sys=0,01, real=0,03 secs] 
Heap after GC invocations=65 (full 2):
 PSYoungGen      total 1033664K, used 3968K [0x00007fda2e550000, 0x00007fda6e550000, 0x00007fda6e550000)
  eden space 1019200K, 0% used [0x00007fda2e550000,0x00007fda2e550000,0x00007fda6c8a0000)
  from space 14464K, 27% used [0x00007fda6c8a0000,0x00007fda6cc80000,0x00007fda6d6c0000)
  to   space 14208K, 0% used [0x00007fda6d770000,0x00007fda6d770000,0x00007fda6e550000)
 ParOldGen       total 2097152K, used 567686K [0x00007fd9ae550000, 0x00007fda2e550000, 0x00007fda2e550000)
  object space 2097152K, 27% used [0x00007fd9ae550000,0x00007fd9d0fb1840,0x00007fda2e550000)
 PSPermGen       total 247296K, used 136421K [0x00007fd99e550000, 0x00007fd9ad6d0000, 0x00007fd9ae550000)
  object space 247296K, 55% used [0x00007fd99e550000,0x00007fd9a6a897d8,0x00007fd9ad6d0000)
}
{Heap before GC invocations=66 (full 2):
 PSYoungGen      total 1033664K, used 1023168K [0x00007fda2e550000, 0x00007fda6e550000, 0x00007fda6e550000)
  eden space 1019200K, 100% used [0x00007fda2e550000,0x00007fda6c8a0000,0x00007fda6c8a0000)
  from space 14464K, 27% used [0x00007fda6c8a0000,0x00007fda6cc80000,0x00007fda6d6c0000)
  to   space 14208K, 0% used [0x00007fda6d770000,0x00007fda6d770000,0x00007fda6e550000)
 ParOldGen       total 2097152K, used 567686K [0x00007fd9ae550000, 0x00007fda2e550000, 0x00007fda2e550000)
  object space 2097152K, 27% used [0x00007fd9ae550000,0x00007fd9d0fb1840,0x00007fda2e550000)
 PSPermGen       total 247296K, used 136453K [0x00007fd99e550000, 0x00007fd9ad6d0000, 0x00007fd9ae550000)
  object space 247296K, 55% used [0x00007fd99e550000,0x00007fd9a6a91738,0x00007fd9ad6d0000)
6539,659: [GC [PSYoungGen: 1023168K->4352K(1034688K)] 1590854K->574654K(3131840K), 0,0231450 secs] [Times: user=0,06 sys=0,00, real=0,02 secs] 
Heap after GC invocations=66 (full 2):
 PSYoungGen      total 1034688K, used 4352K [0x00007fda2e550000, 0x00007fda6e550000, 0x00007fda6e550000)
  eden space 1020480K, 0% used [0x00007fda2e550000,0x00007fda2e550000,0x00007fda6c9e0000)
  from space 14208K, 30% used [0x00007fda6d770000,0x00007fda6dbb0000,0x00007fda6e550000)
  to   space 13888K, 0% used [0x00007fda6c9e0000,0x00007fda6c9e0000,0x00007fda6d770000)
 ParOldGen       total 2097152K, used 570302K [0x00007fd9ae550000, 0x00007fda2e550000, 0x00007fda2e550000)
  object space 2097152K, 27% used [0x00007fd9ae550000,0x00007fd9d123f810,0x00007fda2e550000)
 PSPermGen       total 247296K, used 136453K [0x00007fd99e550000, 0x00007fd9ad6d0000, 0x00007fd9ae550000)
  object space 247296K, 55% used [0x00007fd99e550000,0x00007fd9a6a91738,0x00007fd9ad6d0000)
}
{Heap before GC invocations=67 (full 2):
 PSYoungGen      total 1034688K, used 1024832K [0x00007fda2e550000, 0x00007fda6e550000, 0x00007fda6e550000)
  eden space 1020480K, 100% used [0x00007fda2e550000,0x00007fda6c9e0000,0x00007fda6c9e0000)
  from space 14208K, 30% used [0x00007fda6d770000,0x00007fda6dbb0000,0x00007fda6e550000)
  to   space 13888K, 0% used [0x00007fda6c9e0000,0x00007fda6c9e0000,0x00007fda6d770000)
 ParOldGen       total 2097152K, used 570302K [0x00007fd9ae550000, 0x00007fda2e550000, 0x00007fda2e550000)
  object space 2097152K, 27% used [0x00007fd9ae550000,0x00007fd9d123f810,0x00007fda2e550000)
 PSPermGen       total 247296K, used 136468K [0x00007fd99e550000, 0x00007fd9ad6d0000, 0x00007fd9ae550000)
  object space 247296K, 55% used [0x00007fd99e550000,0x00007fd9a6a95290,0x00007fd9ad6d0000)
6549,987: [GC [PSYoungGen: 1024832K->5504K(1034368K)] 1595134K->579039K(3131520K), 0,0087240 secs] [Times: user=0,03 sys=0,00, real=0,01 secs] 
Heap after GC invocations=67 (full 2):
 PSYoungGen      total 1034368K, used 5504K [0x00007fda2e550000, 0x00007fda6e550000, 0x00007fda6e550000)
  eden space 1020480K, 0% used [0x00007fda2e550000,0x00007fda2e550000,0x00007fda6c9e0000)
  from space 13888K, 39% used [0x00007fda6c9e0000,0x00007fda6cf40000,0x00007fda6d770000)
  to   space 13248K, 0% used [0x00007fda6d860000,0x00007fda6d860000,0x00007fda6e550000)
 ParOldGen       total 2097152K, used 573535K [0x00007fd9ae550000, 0x00007fda2e550000, 0x00007fda2e550000)
  object space 2097152K, 27% used [0x00007fd9ae550000,0x00007fd9d1567fe8,0x00007fda2e550000)
 PSPermGen       total 247296K, used 136468K [0x00007fd99e550000, 0x00007fd9ad6d0000, 0x00007fd9ae550000)
  object space 247296K, 55% used [0x00007fd99e550000,0x00007fd9a6a95290,0x00007fd9ad6d0000)
}
{Heap before GC invocations=68 (full 2):
 PSYoungGen      total 1034368K, used 1025984K [0x00007fda2e550000, 0x00007fda6e550000, 0x00007fda6e550000)
  eden space 1020480K, 100% used [0x00007fda2e550000,0x00007fda6c9e0000,0x00007fda6c9e0000)
  from space 13888K, 39% used [0x00007fda6c9e0000,0x00007fda6cf40000,0x00007fda6d770000)
  to   space 13248K, 0% used [0x00007fda6d860000,0x00007fda6d860000,0x00007fda6e550000)
 ParOldGen       total 2097152K, used 573535K [0x00007fd9ae550000, 0x00007fda2e550000, 0x00007fda2e550000)
  object space 2097152K, 27% used [0x00007fd9ae550000,0x00007fd9d1567fe8,0x00007fda2e550000)
 PSPermGen       total 247296K, used 136482K [0x00007fd99e550000, 0x00007fd9ad6d0000, 0x00007fd9ae550000)
  object space 247296K, 55% used [0x00007fd99e550000,0x00007fd9a6a98bb8,0x00007fd9ad6d0000)
6571,076: [GC [PSYoungGen: 1025984K->5479K(1035840K)] 1599519K->583676K(3132992K), 0,0143840 secs] [Times: user=0,05 sys=0,00, real=0,01 secs] 
Heap after GC invocations=68 (full 2):
 PSYoungGen      total 1035840K, used 5479K [0x00007fda2e550000, 0x00007fda6e550000, 0x00007fda6e550000)
  eden space 1022592K, 0% used [0x00007fda2e550000,0x00007fda2e550000,0x00007fda6cbf0000)
  from space 13248K, 41% used [0x00007fda6d860000,0x00007fda6ddb9e88,0x00007fda6e550000)
  to   space 12736K, 0% used [0x00007fda6cbf0000,0x00007fda6cbf0000,0x00007fda6d860000)
 ParOldGen       total 2097152K, used 578197K [0x00007fd9ae550000, 0x00007fda2e550000, 0x00007fda2e550000)
  object space 2097152K, 27% used [0x00007fd9ae550000,0x00007fd9d19f5430,0x00007fda2e550000)
 PSPermGen       total 247296K, used 136482K [0x00007fd99e550000, 0x00007fd9ad6d0000, 0x00007fd9ae550000)
  object space 247296K, 55% used [0x00007fd99e550000,0x00007fd9a6a98bb8,0x00007fd9ad6d0000)
}
{Heap before GC invocations=69 (full 2):
 PSYoungGen      total 1035840K, used 1028071K [0x00007fda2e550000, 0x00007fda6e550000, 0x00007fda6e550000)
  eden space 1022592K, 100% used [0x00007fda2e550000,0x00007fda6cbf0000,0x00007fda6cbf0000)
  from space 13248K, 41% used [0x00007fda6d860000,0x00007fda6ddb9e88,0x00007fda6e550000)
  to   space 12736K, 0% used [0x00007fda6cbf0000,0x00007fda6cbf0000,0x00007fda6d860000)
 ParOldGen       total 2097152K, used 578197K [0x00007fd9ae550000, 0x00007fda2e550000, 0x00007fda2e550000)
  object space 2097152K, 27% used [0x00007fd9ae550000,0x00007fd9d19f5430,0x00007fda2e550000)
 PSPermGen       total 247296K, used 136522K [0x00007fd99e550000, 0x00007fd9ad6d0000, 0x00007fd9ae550000)
  object space 247296K, 55% used [0x00007fd99e550000,0x00007fd9a6aa2878,0x00007fd9ad6d0000)
6583,061: [GC [PSYoungGen: 1028071K->5728K(1035328K)] 1606268K->587275K(3132480K), 0,0199830 secs] [Times: user=0,06 sys=0,00, real=0,02 secs] 
Heap after GC invocations=69 (full 2):
 PSYoungGen      total 1035328K, used 5728K [0x00007fda2e550000, 0x00007fda6e550000, 0x00007fda6e550000)
  eden space 1022592K, 0% used [0x00007fda2e550000,0x00007fda2e550000,0x00007fda6cbf0000)
  from space 12736K, 44% used [0x00007fda6cbf0000,0x00007fda6d188000,0x00007fda6d860000)
  to   space 12160K, 0% used [0x00007fda6d970000,0x00007fda6d970000,0x00007fda6e550000)
 ParOldGen       total 2097152K, used 581547K [0x00007fd9ae550000, 0x00007fda2e550000, 0x00007fda2e550000)
  object space 2097152K, 27% used [0x00007fd9ae550000,0x00007fd9d1d3aee0,0x00007fda2e550000)
 PSPermGen       total 247296K, used 136522K [0x00007fd99e550000, 0x00007fd9ad6d0000, 0x00007fd9ae550000)
  object space 247296K, 55% used [0x00007fd99e550000,0x00007fd9a6aa2878,0x00007fd9ad6d0000)
}
{Heap before GC invocations=70 (full 2):
 PSYoungGen      total 1035328K, used 1028320K [0x00007fda2e550000, 0x00007fda6e550000, 0x00007fda6e550000)
  eden space 1022592K, 100% used [0x00007fda2e550000,0x00007fda6cbf0000,0x00007fda6cbf0000)
  from space 12736K, 44% used [0x00007fda6cbf0000,0x00007fda6d188000,0x00007fda6d860000)
  to   space 12160K, 0% used [0x00007fda6d970000,0x00007fda6d970000,0x00007fda6e550000)
 ParOldGen       total 2097152K, used 581547K [0x00007fd9ae550000, 0x00007fda2e550000, 0x00007fda2e550000)
  object space 2097152K, 27% used [0x00007fd9ae550000,0x00007fd9d1d3aee0,0x00007fda2e550000)
 PSPermGen       total 247296K, used 136552K [0x00007fd99e550000, 0x00007fd9ad6d0000, 0x00007fd9ae550000)
  object space 247296K, 55% used [0x00007fd99e550000,0x00007fd9a6aaa360,0x00007fd9ad6d0000)
6598,993: [GC [PSYoungGen: 1028320K->4896K(1036800K)] 1609867K->591073K(3133952K), 0,0171270 secs] [Times: user=0,06 sys=0,01, real=0,02 secs] 
Heap after GC invocations=70 (full 2):
 PSYoungGen      total 1036800K, used 4896K [0x00007fda2e550000, 0x00007fda6e550000, 0x00007fda6e550000)
  eden space 1024640K, 0% used [0x00007fda2e550000,0x00007fda2e550000,0x00007fda6cdf0000)
  from space 12160K, 40% used [0x00007fda6d970000,0x00007fda6de38000,0x00007fda6e550000)
  to   space 11776K, 0% used [0x00007fda6cdf0000,0x00007fda6cdf0000,0x00007fda6d970000)
 ParOldGen       total 2097152K, used 586177K [0x00007fd9ae550000, 0x00007fda2e550000, 0x00007fda2e550000)
  object space 2097152K, 27% used [0x00007fd9ae550000,0x00007fd9d21c05c0,0x00007fda2e550000)
 PSPermGen       total 247296K, used 136552K [0x00007fd99e550000, 0x00007fd9ad6d0000, 0x00007fd9ae550000)
  object space 247296K, 55% used [0x00007fd99e550000,0x00007fd9a6aaa360,0x00007fd9ad6d0000)
}
{Heap before GC invocations=71 (full 2):
 PSYoungGen      total 1036800K, used 1029536K [0x00007fda2e550000, 0x00007fda6e550000, 0x00007fda6e550000)
  eden space 1024640K, 100% used [0x00007fda2e550000,0x00007fda6cdf0000,0x00007fda6cdf0000)
  from space 12160K, 40% used [0x00007fda6d970000,0x00007fda6de38000,0x00007fda6e550000)
  to   space 11776K, 0% used [0x00007fda6cdf0000,0x00007fda6cdf0000,0x00007fda6d970000)
 ParOldGen       total 2097152K, used 586177K [0x00007fd9ae550000, 0x00007fda2e550000, 0x00007fda2e550000)
  object space 2097152K, 27% used [0x00007fd9ae550000,0x00007fd9d21c05c0,0x00007fda2e550000)
 PSPermGen       total 247296K, used 136558K [0x00007fd99e550000, 0x00007fd9ad6d0000, 0x00007fd9ae550000)
  object space 247296K, 55% used [0x00007fd99e550000,0x00007fd9a6aab918,0x00007fd9ad6d0000)
6612,191: [GC [PSYoungGen: 1029536K->3968K(1036416K)] 1615713K->593187K(3133568K), 0,0100970 secs] [Times: user=0,03 sys=0,01, real=0,00 secs] 
Heap after GC invocations=71 (full 2):
 PSYoungGen      total 1036416K, used 3968K [0x00007fda2e550000, 0x00007fda6e550000, 0x00007fda6e550000)
  eden space 1024640K, 0% used [0x00007fda2e550000,0x00007fda2e550000,0x00007fda6cdf0000)
  from space 11776K, 33% used [0x00007fda6cdf0000,0x00007fda6d1d0030,0x00007fda6d970000)
  to   space 11584K, 0% used [0x00007fda6da00000,0x00007fda6da00000,0x00007fda6e550000)
 ParOldGen       total 2097152K, used 589219K [0x00007fd9ae550000, 0x00007fda2e550000, 0x00007fda2e550000)
  object space 2097152K, 28% used [0x00007fd9ae550000,0x00007fd9d24b8d00,0x00007fda2e550000)
 PSPermGen       total 247296K, used 136558K [0x00007fd99e550000, 0x00007fd9ad6d0000, 0x00007fd9ae550000)
  object space 247296K, 55% used [0x00007fd99e550000,0x00007fd9a6aab918,0x00007fd9ad6d0000)
}
{Heap before GC invocations=72 (full 2):
 PSYoungGen      total 1036416K, used 1028608K [0x00007fda2e550000, 0x00007fda6e550000, 0x00007fda6e550000)
  eden space 1024640K, 100% used [0x00007fda2e550000,0x00007fda6cdf0000,0x00007fda6cdf0000)
  from space 11776K, 33% used [0x00007fda6cdf0000,0x00007fda6d1d0030,0x00007fda6d970000)
  to   space 11584K, 0% used [0x00007fda6da00000,0x00007fda6da00000,0x00007fda6e550000)
 ParOldGen       total 2097152K, used 589219K [0x00007fd9ae550000, 0x00007fda2e550000, 0x00007fda2e550000)
  object space 2097152K, 28% used [0x00007fd9ae550000,0x00007fd9d24b8d00,0x00007fda2e550000)
 PSPermGen       total 247296K, used 136566K [0x00007fd99e550000, 0x00007fd9ad6d0000, 0x00007fd9ae550000)
  object space 247296K, 55% used [0x00007fd99e550000,0x00007fd9a6aad988,0x00007fd9ad6d0000)
6619,551: [GC [PSYoungGen: 1028608K->4000K(1037248K)] 1617827K->596035K(3134400K), 0,0191830 secs] [Times: user=0,05 sys=0,00, real=0,02 secs] 
Heap after GC invocations=72 (full 2):
 PSYoungGen      total 1037248K, used 4000K [0x00007fda2e550000, 0x00007fda6e550000, 0x00007fda6e550000)
  eden space 1025664K, 0% used [0x00007fda2e550000,0x00007fda2e550000,0x00007fda6cef0000)
  from space 11584K, 34% used [0x00007fda6da00000,0x00007fda6dde8018,0x00007fda6e550000)
  to   space 11328K, 0% used [0x00007fda6cef0000,0x00007fda6cef0000,0x00007fda6da00000)
 ParOldGen       total 2097152K, used 592035K [0x00007fd9ae550000, 0x00007fda2e550000, 0x00007fda2e550000)
  object space 2097152K, 28% used [0x00007fd9ae550000,0x00007fd9d2778d40,0x00007fda2e550000)
 PSPermGen       total 247296K, used 136566K [0x00007fd99e550000, 0x00007fd9ad6d0000, 0x00007fd9ae550000)
  object space 247296K, 55% used [0x00007fd99e550000,0x00007fd9a6aad988,0x00007fd9ad6d0000)
}
{Heap before GC invocations=73 (full 2):
 PSYoungGen      total 1037248K, used 1029664K [0x00007fda2e550000, 0x00007fda6e550000, 0x00007fda6e550000)
  eden space 1025664K, 100% used [0x00007fda2e550000,0x00007fda6cef0000,0x00007fda6cef0000)
  from space 11584K, 34% used [0x00007fda6da00000,0x00007fda6dde8018,0x00007fda6e550000)
  to   space 11328K, 0% used [0x00007fda6cef0000,0x00007fda6cef0000,0x00007fda6da00000)
 ParOldGen       total 2097152K, used 592035K [0x00007fd9ae550000, 0x00007fda2e550000, 0x00007fda2e550000)
  object space 2097152K, 28% used [0x00007fd9ae550000,0x00007fd9d2778d40,0x00007fda2e550000)
 PSPermGen       total 247296K, used 136579K [0x00007fd99e550000, 0x00007fd9ad6d0000, 0x00007fd9ae550000)
  object space 247296K, 55% used [0x00007fd99e550000,0x00007fd9a6ab0da8,0x00007fd9ad6d0000)
6628,119: [GC [PSYoungGen: 1029664K->3696K(1036992K)] 1621699K->597804K(3134144K), 0,0118920 secs] [Times: user=0,03 sys=0,01, real=0,01 secs] 
Heap after GC invocations=73 (full 2):
 PSYoungGen      total 1036992K, used 3696K [0x00007fda2e550000, 0x00007fda6e550000, 0x00007fda6e550000)
  eden space 1025664K, 0% used [0x00007fda2e550000,0x00007fda2e550000,0x00007fda6cef0000)
  from space 11328K, 32% used [0x00007fda6cef0000,0x00007fda6d28c018,0x00007fda6da00000)
  to   space 11072K, 0% used [0x00007fda6da80000,0x00007fda6da80000,0x00007fda6e550000)
 ParOldGen       total 2097152K, used 594108K [0x00007fd9ae550000, 0x00007fda2e550000, 0x00007fda2e550000)
  object space 2097152K, 28% used [0x00007fd9ae550000,0x00007fd9d297f018,0x00007fda2e550000)
 PSPermGen       total 247296K, used 136579K [0x00007fd99e550000, 0x00007fd9ad6d0000, 0x00007fd9ae550000)
  object space 247296K, 55% used [0x00007fd99e550000,0x00007fd9a6ab0da8,0x00007fd9ad6d0000)
}
{Heap before GC invocations=74 (full 2):
 PSYoungGen      total 1036992K, used 1029360K [0x00007fda2e550000, 0x00007fda6e550000, 0x00007fda6e550000)
  eden space 1025664K, 100% used [0x00007fda2e550000,0x00007fda6cef0000,0x00007fda6cef0000)
  from space 11328K, 32% used [0x00007fda6cef0000,0x00007fda6d28c018,0x00007fda6da00000)
  to   space 11072K, 0% used [0x00007fda6da80000,0x00007fda6da80000,0x00007fda6e550000)
 ParOldGen       total 2097152K, used 594108K [0x00007fd9ae550000, 0x00007fda2e550000, 0x00007fda2e550000)
  object space 2097152K, 28% used [0x00007fd9ae550000,0x00007fd9d297f018,0x00007fda2e550000)
 PSPermGen       total 247296K, used 136600K [0x00007fd99e550000, 0x00007fd9ad6d0000, 0x00007fd9ae550000)
  object space 247296K, 55% used [0x00007fd99e550000,0x00007fd9a6ab6190,0x00007fd9ad6d0000)
6636,019: [GC [PSYoungGen: 1029360K->3904K(1037760K)] 1623468K->599726K(3134912K), 0,0112530 secs] [Times: user=0,04 sys=0,00, real=0,01 secs] 
Heap after GC invocations=74 (full 2):
 PSYoungGen      total 1037760K, used 3904K [0x00007fda2e550000, 0x00007fda6e550000, 0x00007fda6e550000)
  eden space 1026688K, 0% used [0x00007fda2e550000,0x00007fda2e550000,0x00007fda6cff0000)
  from space 11072K, 35% used [0x00007fda6da80000,0x00007fda6de50000,0x00007fda6e550000)
  to   space 10816K, 0% used [0x00007fda6cff0000,0x00007fda6cff0000,0x00007fda6da80000)
 ParOldGen       total 2097152K, used 595822K [0x00007fd9ae550000, 0x00007fda2e550000, 0x00007fda2e550000)
  object space 2097152K, 28% used [0x00007fd9ae550000,0x00007fd9d2b2b9a8,0x00007fda2e550000)
 PSPermGen       total 247296K, used 136600K [0x00007fd99e550000, 0x00007fd9ad6d0000, 0x00007fd9ae550000)
  object space 247296K, 55% used [0x00007fd99e550000,0x00007fd9a6ab6190,0x00007fd9ad6d0000)
}
{Heap before GC invocations=75 (full 2):
 PSYoungGen      total 1037760K, used 1030592K [0x00007fda2e550000, 0x00007fda6e550000, 0x00007fda6e550000)
  eden space 1026688K, 100% used [0x00007fda2e550000,0x00007fda6cff0000,0x00007fda6cff0000)
  from space 11072K, 35% used [0x00007fda6da80000,0x00007fda6de50000,0x00007fda6e550000)
  to   space 10816K, 0% used [0x00007fda6cff0000,0x00007fda6cff0000,0x00007fda6da80000)
 ParOldGen       total 2097152K, used 595822K [0x00007fd9ae550000, 0x00007fda2e550000, 0x00007fda2e550000)
  object space 2097152K, 28% used [0x00007fd9ae550000,0x00007fd9d2b2b9a8,0x00007fda2e550000)
 PSPermGen       total 247296K, used 136630K [0x00007fd99e550000, 0x00007fd9ad6d0000, 0x00007fd9ae550000)
  object space 247296K, 55% used [0x00007fd99e550000,0x00007fd9a6abd808,0x00007fd9ad6d0000)
6646,847: [GC [PSYoungGen: 1030592K->2480K(1037504K)] 1626414K->600430K(3134656K), 0,0128590 secs] [Times: user=0,04 sys=0,00, real=0,02 secs] 
Heap after GC invocations=75 (full 2):
 PSYoungGen      total 1037504K, used 2480K [0x00007fda2e550000, 0x00007fda6e550000, 0x00007fda6e550000)
  eden space 1026688K, 0% used [0x00007fda2e550000,0x00007fda2e550000,0x00007fda6cff0000)
  from space 10816K, 22% used [0x00007fda6cff0000,0x00007fda6d25c030,0x00007fda6da80000)
  to   space 10752K, 0% used [0x00007fda6dad0000,0x00007fda6dad0000,0x00007fda6e550000)
 ParOldGen       total 2097152K, used 597950K [0x00007fd9ae550000, 0x00007fda2e550000, 0x00007fda2e550000)
  object space 2097152K, 28% used [0x00007fd9ae550000,0x00007fd9d2d3f9c8,0x00007fda2e550000)
 PSPermGen       total 247296K, used 136630K [0x00007fd99e550000, 0x00007fd9ad6d0000, 0x00007fd9ae550000)
  object space 247296K, 55% used [0x00007fd99e550000,0x00007fd9a6abd808,0x00007fd9ad6d0000)
}
{Heap before GC invocations=76 (full 2):
 PSYoungGen      total 1037504K, used 1029168K [0x00007fda2e550000, 0x00007fda6e550000, 0x00007fda6e550000)
  eden space 1026688K, 100% used [0x00007fda2e550000,0x00007fda6cff0000,0x00007fda6cff0000)
  from space 10816K, 22% used [0x00007fda6cff0000,0x00007fda6d25c030,0x00007fda6da80000)
  to   space 10752K, 0% used [0x00007fda6dad0000,0x00007fda6dad0000,0x00007fda6e550000)
 ParOldGen       total 2097152K, used 597950K [0x00007fd9ae550000, 0x00007fda2e550000, 0x00007fda2e550000)
  object space 2097152K, 28% used [0x00007fd9ae550000,0x00007fd9d2d3f9c8,0x00007fda2e550000)
 PSPermGen       total 247296K, used 136645K [0x00007fd99e550000, 0x00007fd9ad6d0000, 0x00007fd9ae550000)
  object space 247296K, 55% used [0x00007fd99e550000,0x00007fd9a6ac1498,0x00007fd9ad6d0000)
6652,965: [GC [PSYoungGen: 1029168K->4034K(1038208K)] 1627118K->603184K(3135360K), 0,0155460 secs] [Times: user=0,03 sys=0,01, real=0,02 secs] 
Heap after GC invocations=76 (full 2):
 PSYoungGen      total 1038208K, used 4034K [0x00007fda2e550000, 0x00007fda6e550000, 0x00007fda6e550000)
  eden space 1027456K, 0% used [0x00007fda2e550000,0x00007fda2e550000,0x00007fda6d0b0000)
  from space 10752K, 37% used [0x00007fda6dad0000,0x00007fda6dec0970,0x00007fda6e550000)
  to   space 10368K, 0% used [0x00007fda6d0b0000,0x00007fda6d0b0000,0x00007fda6dad0000)
 ParOldGen       total 2097152K, used 599150K [0x00007fd9ae550000, 0x00007fda2e550000, 0x00007fda2e550000)
  object space 2097152K, 28% used [0x00007fd9ae550000,0x00007fd9d2e6b9c8,0x00007fda2e550000)
 PSPermGen       total 247296K, used 136645K [0x00007fd99e550000, 0x00007fd9ad6d0000, 0x00007fd9ae550000)
  object space 247296K, 55% used [0x00007fd99e550000,0x00007fd9a6ac1498,0x00007fd9ad6d0000)
}
{Heap before GC invocations=77 (full 2):
 PSYoungGen      total 1038208K, used 1031490K [0x00007fda2e550000, 0x00007fda6e550000, 0x00007fda6e550000)
  eden space 1027456K, 100% used [0x00007fda2e550000,0x00007fda6d0b0000,0x00007fda6d0b0000)
  from space 10752K, 37% used [0x00007fda6dad0000,0x00007fda6dec0970,0x00007fda6e550000)
  to   space 10368K, 0% used [0x00007fda6d0b0000,0x00007fda6d0b0000,0x00007fda6dad0000)
 ParOldGen       total 2097152K, used 599150K [0x00007fd9ae550000, 0x00007fda2e550000, 0x00007fda2e550000)
  object space 2097152K, 28% used [0x00007fd9ae550000,0x00007fd9d2e6b9c8,0x00007fda2e550000)
 PSPermGen       total 247296K, used 136677K [0x00007fd99e550000, 0x00007fd9ad6d0000, 0x00007fd9ae550000)
  object space 247296K, 55% used [0x00007fd99e550000,0x00007fd9a6ac97d8,0x00007fd9ad6d0000)
6666,090: [GC [PSYoungGen: 1031490K->4768K(1037824K)] 1630640K->606378K(3134976K), 0,0132440 secs] [Times: user=0,05 sys=0,00, real=0,01 secs] 
Heap after GC invocations=77 (full 2):
 PSYoungGen      total 1037824K, used 4768K [0x00007fda2e550000, 0x00007fda6e550000, 0x00007fda6e550000)
  eden space 1027456K, 0% used [0x00007fda2e550000,0x00007fda2e550000,0x00007fda6d0b0000)
  from space 10368K, 45% used [0x00007fda6d0b0000,0x00007fda6d558330,0x00007fda6dad0000)
  to   space 9856K, 0% used [0x00007fda6dbb0000,0x00007fda6dbb0000,0x00007fda6e550000)
 ParOldGen       total 2097152K, used 601609K [0x00007fd9ae550000, 0x00007fda2e550000, 0x00007fda2e550000)
  object space 2097152K, 28% used [0x00007fd9ae550000,0x00007fd9d30d2750,0x00007fda2e550000)
 PSPermGen       total 247296K, used 136677K [0x00007fd99e550000, 0x00007fd9ad6d0000, 0x00007fd9ae550000)
  object space 247296K, 55% used [0x00007fd99e550000,0x00007fd9a6ac97d8,0x00007fd9ad6d0000)
}
{Heap before GC invocations=78 (full 2):
 PSYoungGen      total 1037824K, used 1032224K [0x00007fda2e550000, 0x00007fda6e550000, 0x00007fda6e550000)
  eden space 1027456K, 100% used [0x00007fda2e550000,0x00007fda6d0b0000,0x00007fda6d0b0000)
  from space 10368K, 45% used [0x00007fda6d0b0000,0x00007fda6d558330,0x00007fda6dad0000)
  to   space 9856K, 0% used [0x00007fda6dbb0000,0x00007fda6dbb0000,0x00007fda6e550000)
 ParOldGen       total 2097152K, used 601609K [0x00007fd9ae550000, 0x00007fda2e550000, 0x00007fda2e550000)
  object space 2097152K, 28% used [0x00007fd9ae550000,0x00007fd9d30d2750,0x00007fda2e550000)
 PSPermGen       total 247296K, used 136730K [0x00007fd99e550000, 0x00007fd9ad6d0000, 0x00007fd9ae550000)
  object space 247296K, 55% used [0x00007fd99e550000,0x00007fd9a6ad6a38,0x00007fd9ad6d0000)
6675,331: [GC [PSYoungGen: 1032224K->4528K(1039168K)] 1633834K->608803K(3136320K), 0,0145050 secs] [Times: user=0,05 sys=0,00, real=0,01 secs] 
Heap after GC invocations=78 (full 2):
 PSYoungGen      total 1039168K, used 4528K [0x00007fda2e550000, 0x00007fda6e550000, 0x00007fda6e550000)
  eden space 1029312K, 0% used [0x00007fda2e550000,0x00007fda2e550000,0x00007fda6d280000)
  from space 9856K, 45% used [0x00007fda6dbb0000,0x00007fda6e01c018,0x00007fda6e550000)
  to   space 9408K, 0% used [0x00007fda6d280000,0x00007fda6d280000,0x00007fda6dbb0000)
 ParOldGen       total 2097152K, used 604275K [0x00007fd9ae550000, 0x00007fda2e550000, 0x00007fda2e550000)
  object space 2097152K, 28% used [0x00007fd9ae550000,0x00007fd9d336cdf8,0x00007fda2e550000)
 PSPermGen       total 247296K, used 136730K [0x00007fd99e550000, 0x00007fd9ad6d0000, 0x00007fd9ae550000)
  object space 247296K, 55% used [0x00007fd99e550000,0x00007fd9a6ad6a38,0x00007fd9ad6d0000)
}
{Heap before GC invocations=79 (full 2):
 PSYoungGen      total 1039168K, used 1033840K [0x00007fda2e550000, 0x00007fda6e550000, 0x00007fda6e550000)
  eden space 1029312K, 100% used [0x00007fda2e550000,0x00007fda6d280000,0x00007fda6d280000)
  from space 9856K, 45% used [0x00007fda6dbb0000,0x00007fda6e01c018,0x00007fda6e550000)
  to   space 9408K, 0% used [0x00007fda6d280000,0x00007fda6d280000,0x00007fda6dbb0000)
 ParOldGen       total 2097152K, used 604275K [0x00007fd9ae550000, 0x00007fda2e550000, 0x00007fda2e550000)
  object space 2097152K, 28% used [0x00007fd9ae550000,0x00007fd9d336cdf8,0x00007fda2e550000)
 PSPermGen       total 247296K, used 136737K [0x00007fd99e550000, 0x00007fd9ad6d0000, 0x00007fd9ae550000)
  object space 247296K, 55% used [0x00007fd99e550000,0x00007fd9a6ad87d8,0x00007fd9ad6d0000)
6684,591: [GC [PSYoungGen: 1033840K->3760K(1038720K)] 1638115K->610649K(3135872K), 0,0212640 secs] [Times: user=0,04 sys=0,00, real=0,02 secs] 
Heap after GC invocations=79 (full 2):
 PSYoungGen      total 1038720K, used 3760K [0x00007fda2e550000, 0x00007fda6e550000, 0x00007fda6e550000)
  eden space 1029312K, 0% used [0x00007fda2e550000,0x00007fda2e550000,0x00007fda6d280000)
  from space 9408K, 39% used [0x00007fda6d280000,0x00007fda6d62c030,0x00007fda6dbb0000)
  to   space 9152K, 0% used [0x00007fda6dc60000,0x00007fda6dc60000,0x00007fda6e550000)
 ParOldGen       total 2097152K, used 606889K [0x00007fd9ae550000, 0x00007fda2e550000, 0x00007fda2e550000)
  object space 2097152K, 28% used [0x00007fd9ae550000,0x00007fd9d35fa430,0x00007fda2e550000)
 PSPermGen       total 247296K, used 136737K [0x00007fd99e550000, 0x00007fd9ad6d0000, 0x00007fd9ae550000)
  object space 247296K, 55% used [0x00007fd99e550000,0x00007fd9a6ad87d8,0x00007fd9ad6d0000)
}
{Heap before GC invocations=80 (full 2):
 PSYoungGen      total 1038720K, used 1033072K [0x00007fda2e550000, 0x00007fda6e550000, 0x00007fda6e550000)
  eden space 1029312K, 100% used [0x00007fda2e550000,0x00007fda6d280000,0x00007fda6d280000)
  from space 9408K, 39% used [0x00007fda6d280000,0x00007fda6d62c030,0x00007fda6dbb0000)
  to   space 9152K, 0% used [0x00007fda6dc60000,0x00007fda6dc60000,0x00007fda6e550000)
 ParOldGen       total 2097152K, used 606889K [0x00007fd9ae550000, 0x00007fda2e550000, 0x00007fda2e550000)
  object space 2097152K, 28% used [0x00007fd9ae550000,0x00007fd9d35fa430,0x00007fda2e550000)
 PSPermGen       total 247296K, used 136764K [0x00007fd99e550000, 0x00007fd9ad6d0000, 0x00007fd9ae550000)
  object space 247296K, 55% used [0x00007fd99e550000,0x00007fd9a6adf0e8,0x00007fd9ad6d0000)
6703,593: [GC [PSYoungGen: 1033072K->3520K(1039680K)] 1639961K->613309K(3136832K), 0,0168910 secs] [Times: user=0,05 sys=0,01, real=0,02 secs] 
Heap after GC invocations=80 (full 2):
 PSYoungGen      total 1039680K, used 3520K [0x00007fda2e550000, 0x00007fda6e550000, 0x00007fda6e550000)
  eden space 1030528K, 0% used [0x00007fda2e550000,0x00007fda2e550000,0x00007fda6d3b0000)
  from space 9152K, 38% used [0x00007fda6dc60000,0x00007fda6dfd0000,0x00007fda6e550000)
  to   space 8896K, 0% used [0x00007fda6d3b0000,0x00007fda6d3b0000,0x00007fda6dc60000)
 ParOldGen       total 2097152K, used 609789K [0x00007fd9ae550000, 0x00007fda2e550000, 0x00007fda2e550000)
  object space 2097152K, 29% used [0x00007fd9ae550000,0x00007fd9d38cf490,0x00007fda2e550000)
 PSPermGen       total 247296K, used 136764K [0x00007fd99e550000, 0x00007fd9ad6d0000, 0x00007fd9ae550000)
  object space 247296K, 55% used [0x00007fd99e550000,0x00007fd9a6adf0e8,0x00007fd9ad6d0000)
}
{Heap before GC invocations=81 (full 2):
 PSYoungGen      total 1039680K, used 1034048K [0x00007fda2e550000, 0x00007fda6e550000, 0x00007fda6e550000)
  eden space 1030528K, 100% used [0x00007fda2e550000,0x00007fda6d3b0000,0x00007fda6d3b0000)
  from space 9152K, 38% used [0x00007fda6dc60000,0x00007fda6dfd0000,0x00007fda6e550000)
  to   space 8896K, 0% used [0x00007fda6d3b0000,0x00007fda6d3b0000,0x00007fda6dc60000)
 ParOldGen       total 2097152K, used 609789K [0x00007fd9ae550000, 0x00007fda2e550000, 0x00007fda2e550000)
  object space 2097152K, 29% used [0x00007fd9ae550000,0x00007fd9d38cf490,0x00007fda2e550000)
 PSPermGen       total 247296K, used 136771K [0x00007fd99e550000, 0x00007fd9ad6d0000, 0x00007fd9ae550000)
  object space 247296K, 55% used [0x00007fd99e550000,0x00007fd9a6ae0d18,0x00007fd9ad6d0000)
6730,053: [GC [PSYoungGen: 1034048K->6068K(1039424K)] 1643837K->618021K(3136576K), 0,0144820 secs] [Times: user=0,05 sys=0,00, real=0,02 secs] 
Heap after GC invocations=81 (full 2):
 PSYoungGen      total 1039424K, used 6068K [0x00007fda2e550000, 0x00007fda6e550000, 0x00007fda6e550000)
  eden space 1030528K, 0% used [0x00007fda2e550000,0x00007fda2e550000,0x00007fda6d3b0000)
  from space 8896K, 68% used [0x00007fda6d3b0000,0x00007fda6d99d078,0x00007fda6dc60000)
  to   space 9024K, 0% used [0x00007fda6dc80000,0x00007fda6dc80000,0x00007fda6e550000)
 ParOldGen       total 2097152K, used 611953K [0x00007fd9ae550000, 0x00007fda2e550000, 0x00007fda2e550000)
  object space 2097152K, 29% used [0x00007fd9ae550000,0x00007fd9d3aec670,0x00007fda2e550000)
 PSPermGen       total 247296K, used 136771K [0x00007fd99e550000, 0x00007fd9ad6d0000, 0x00007fd9ae550000)
  object space 247296K, 55% used [0x00007fd99e550000,0x00007fd9a6ae0d18,0x00007fd9ad6d0000)
}
{Heap before GC invocations=82 (full 2):
 PSYoungGen      total 1039424K, used 1036596K [0x00007fda2e550000, 0x00007fda6e550000, 0x00007fda6e550000)
  eden space 1030528K, 100% used [0x00007fda2e550000,0x00007fda6d3b0000,0x00007fda6d3b0000)
  from space 8896K, 68% used [0x00007fda6d3b0000,0x00007fda6d99d078,0x00007fda6dc60000)
  to   space 9024K, 0% used [0x00007fda6dc80000,0x00007fda6dc80000,0x00007fda6e550000)
 ParOldGen       total 2097152K, used 611953K [0x00007fd9ae550000, 0x00007fda2e550000, 0x00007fda2e550000)
  object space 2097152K, 29% used [0x00007fd9ae550000,0x00007fd9d3aec670,0x00007fda2e550000)
 PSPermGen       total 247296K, used 136778K [0x00007fd99e550000, 0x00007fd9ad6d0000, 0x00007fd9ae550000)
  object space 247296K, 55% used [0x00007fd99e550000,0x00007fd9a6ae2898,0x00007fd9ad6d0000)
6745,190: [GC [PSYoungGen: 1036596K->3872K(1039808K)] 1648549K->619043K(3136960K), 0,0120740 secs] [Times: user=0,04 sys=0,01, real=0,02 secs] 
Heap after GC invocations=82 (full 2):
 PSYoungGen      total 1039808K, used 3872K [0x00007fda2e550000, 0x00007fda6e550000, 0x00007fda6e550000)
  eden space 1030784K, 0% used [0x00007fda2e550000,0x00007fda2e550000,0x00007fda6d3f0000)
  from space 9024K, 42% used [0x00007fda6dc80000,0x00007fda6e048000,0x00007fda6e550000)
  to   space 8768K, 0% used [0x00007fda6d3f0000,0x00007fda6d3f0000,0x00007fda6dc80000)
 ParOldGen       total 2097152K, used 615171K [0x00007fd9ae550000, 0x00007fda2e550000, 0x00007fda2e550000)
  object space 2097152K, 29% used [0x00007fd9ae550000,0x00007fd9d3e10c60,0x00007fda2e550000)
 PSPermGen       total 247296K, used 136778K [0x00007fd99e550000, 0x00007fd9ad6d0000, 0x00007fd9ae550000)
  object space 247296K, 55% used [0x00007fd99e550000,0x00007fd9a6ae2898,0x00007fd9ad6d0000)
}
{Heap before GC invocations=83 (full 2):
 PSYoungGen      total 1039808K, used 1034656K [0x00007fda2e550000, 0x00007fda6e550000, 0x00007fda6e550000)
  eden space 1030784K, 100% used [0x00007fda2e550000,0x00007fda6d3f0000,0x00007fda6d3f0000)
  from space 9024K, 42% used [0x00007fda6dc80000,0x00007fda6e048000,0x00007fda6e550000)
  to   space 8768K, 0% used [0x00007fda6d3f0000,0x00007fda6d3f0000,0x00007fda6dc80000)
 ParOldGen       total 2097152K, used 615171K [0x00007fd9ae550000, 0x00007fda2e550000, 0x00007fda2e550000)
  object space 2097152K, 29% used [0x00007fd9ae550000,0x00007fd9d3e10c60,0x00007fda2e550000)
 PSPermGen       total 247296K, used 136781K [0x00007fd99e550000, 0x00007fd9ad6d0000, 0x00007fd9ae550000)
  object space 247296K, 55% used [0x00007fd99e550000,0x00007fd9a6ae3600,0x00007fd9ad6d0000)
6757,659: [GC [PSYoungGen: 1034656K->3712K(1039552K)] 1649827K->621140K(3136704K), 0,0174110 secs] [Times: user=0,04 sys=0,00, real=0,02 secs] 
Heap after GC invocations=83 (full 2):
 PSYoungGen      total 1039552K, used 3712K [0x00007fda2e550000, 0x00007fda6e550000, 0x00007fda6e550000)
  eden space 1030784K, 0% used [0x00007fda2e550000,0x00007fda2e550000,0x00007fda6d3f0000)
  from space 8768K, 42% used [0x00007fda6d3f0000,0x00007fda6d790000,0x00007fda6dc80000)
  to   space 8512K, 0% used [0x00007fda6dd00000,0x00007fda6dd00000,0x00007fda6e550000)
 ParOldGen       total 2097152K, used 617428K [0x00007fd9ae550000, 0x00007fda2e550000, 0x00007fda2e550000)
  object space 2097152K, 29% used [0x00007fd9ae550000,0x00007fd9d40452d0,0x00007fda2e550000)
 PSPermGen       total 247296K, used 136781K [0x00007fd99e550000, 0x00007fd9ad6d0000, 0x00007fd9ae550000)
  object space 247296K, 55% used [0x00007fd99e550000,0x00007fd9a6ae3600,0x00007fd9ad6d0000)
}
{Heap before GC invocations=84 (full 2):
 PSYoungGen      total 1039552K, used 1034496K [0x00007fda2e550000, 0x00007fda6e550000, 0x00007fda6e550000)
  eden space 1030784K, 100% used [0x00007fda2e550000,0x00007fda6d3f0000,0x00007fda6d3f0000)
  from space 8768K, 42% used [0x00007fda6d3f0000,0x00007fda6d790000,0x00007fda6dc80000)
  to   space 8512K, 0% used [0x00007fda6dd00000,0x00007fda6dd00000,0x00007fda6e550000)
 ParOldGen       total 2097152K, used 617428K [0x00007fd9ae550000, 0x00007fda2e550000, 0x00007fda2e550000)
  object space 2097152K, 29% used [0x00007fd9ae550000,0x00007fd9d40452d0,0x00007fda2e550000)
 PSPermGen       total 247296K, used 136788K [0x00007fd99e550000, 0x00007fd9ad6d0000, 0x00007fd9ae550000)
  object space 247296K, 55% used [0x00007fd99e550000,0x00007fd9a6ae5110,0x00007fd9ad6d0000)
6772,891: [GC [PSYoungGen: 1034496K->4749K(1040384K)] 1651924K->624581K(3137536K), 0,0153800 secs] [Times: user=0,06 sys=0,00, real=0,01 secs] 
Heap after GC invocations=84 (full 2):
 PSYoungGen      total 1040384K, used 4749K [0x00007fda2e550000, 0x00007fda6e550000, 0x00007fda6e550000)
  eden space 1031872K, 0% used [0x00007fda2e550000,0x00007fda2e550000,0x00007fda6d500000)
  from space 8512K, 55% used [0x00007fda6dd00000,0x00007fda6e1a3760,0x00007fda6e550000)
  to   space 8192K, 0% used [0x00007fda6d500000,0x00007fda6d500000,0x00007fda6dd00000)
 ParOldGen       total 2097152K, used 619832K [0x00007fd9ae550000, 0x00007fda2e550000, 0x00007fda2e550000)
  object space 2097152K, 29% used [0x00007fd9ae550000,0x00007fd9d429e020,0x00007fda2e550000)
 PSPermGen       total 247296K, used 136788K [0x00007fd99e550000, 0x00007fd9ad6d0000, 0x00007fd9ae550000)
  object space 247296K, 55% used [0x00007fd99e550000,0x00007fd9a6ae5110,0x00007fd9ad6d0000)
}
{Heap before GC invocations=85 (full 2):
 PSYoungGen      total 1040384K, used 1036621K [0x00007fda2e550000, 0x00007fda6e550000, 0x00007fda6e550000)
  eden space 1031872K, 100% used [0x00007fda2e550000,0x00007fda6d500000,0x00007fda6d500000)
  from space 8512K, 55% used [0x00007fda6dd00000,0x00007fda6e1a3760,0x00007fda6e550000)
  to   space 8192K, 0% used [0x00007fda6d500000,0x00007fda6d500000,0x00007fda6dd00000)
 ParOldGen       total 2097152K, used 619832K [0x00007fd9ae550000, 0x00007fda2e550000, 0x00007fda2e550000)
  object space 2097152K, 29% used [0x00007fd9ae550000,0x00007fd9d429e020,0x00007fda2e550000)
 PSPermGen       total 247296K, used 136797K [0x00007fd99e550000, 0x00007fd9ad6d0000, 0x00007fd9ae550000)
  object space 247296K, 55% used [0x00007fd99e550000,0x00007fd9a6ae7420,0x00007fd9ad6d0000)
6784,134: [GC [PSYoungGen: 1036621K->2816K(1040064K)] 1656453K->625554K(3137216K), 0,0145610 secs] [Times: user=0,04 sys=0,00, real=0,01 secs] 
Heap after GC invocations=85 (full 2):
 PSYoungGen      total 1040064K, used 2816K [0x00007fda2e550000, 0x00007fda6e550000, 0x00007fda6e550000)
  eden space 1031872K, 0% used [0x00007fda2e550000,0x00007fda2e550000,0x00007fda6d500000)
  from space 8192K, 34% used [0x00007fda6d500000,0x00007fda6d7c0000,0x00007fda6dd00000)
  to   space 8128K, 0% used [0x00007fda6dd60000,0x00007fda6dd60000,0x00007fda6e550000)
 ParOldGen       total 2097152K, used 622738K [0x00007fd9ae550000, 0x00007fda2e550000, 0x00007fda2e550000)
  object space 2097152K, 29% used [0x00007fd9ae550000,0x00007fd9d4574968,0x00007fda2e550000)
 PSPermGen       total 247296K, used 136797K [0x00007fd99e550000, 0x00007fd9ad6d0000, 0x00007fd9ae550000)
  object space 247296K, 55% used [0x00007fd99e550000,0x00007fd9a6ae7420,0x00007fd9ad6d0000)
}
{Heap before GC invocations=86 (full 2):
 PSYoungGen      total 1040064K, used 1034688K [0x00007fda2e550000, 0x00007fda6e550000, 0x00007fda6e550000)
  eden space 1031872K, 100% used [0x00007fda2e550000,0x00007fda6d500000,0x00007fda6d500000)
  from space 8192K, 34% used [0x00007fda6d500000,0x00007fda6d7c0000,0x00007fda6dd00000)
  to   space 8128K, 0% used [0x00007fda6dd60000,0x00007fda6dd60000,0x00007fda6e550000)
 ParOldGen       total 2097152K, used 622738K [0x00007fd9ae550000, 0x00007fda2e550000, 0x00007fda2e550000)
  object space 2097152K, 29% used [0x00007fd9ae550000,0x00007fd9d4574968,0x00007fda2e550000)
 PSPermGen       total 247296K, used 136797K [0x00007fd99e550000, 0x00007fd9ad6d0000, 0x00007fd9ae550000)
  object space 247296K, 55% used [0x00007fd99e550000,0x00007fd9a6ae77f8,0x00007fd9ad6d0000)
6793,609: [GC [PSYoungGen: 1034688K->2692K(1040512K)] 1657426K->626761K(3137664K), 0,0069900 secs] [Times: user=0,03 sys=0,00, real=0,01 secs] 
Heap after GC invocations=86 (full 2):
 PSYoungGen      total 1040512K, used 2692K [0x00007fda2e550000, 0x00007fda6e550000, 0x00007fda6e550000)
  eden space 1032384K, 0% used [0x00007fda2e550000,0x00007fda2e550000,0x00007fda6d580000)
  from space 8128K, 33% used [0x00007fda6dd60000,0x00007fda6e001388,0x00007fda6e550000)
  to   space 8064K, 0% used [0x00007fda6d580000,0x00007fda6d580000,0x00007fda6dd60000)
 ParOldGen       total 2097152K, used 624068K [0x00007fd9ae550000, 0x00007fda2e550000, 0x00007fda2e550000)
  object space 2097152K, 29% used [0x00007fd9ae550000,0x00007fd9d46c1090,0x00007fda2e550000)
 PSPermGen       total 247296K, used 136797K [0x00007fd99e550000, 0x00007fd9ad6d0000, 0x00007fd9ae550000)
  object space 247296K, 55% used [0x00007fd99e550000,0x00007fd9a6ae77f8,0x00007fd9ad6d0000)
}
{Heap before GC invocations=87 (full 2):
 PSYoungGen      total 1040512K, used 1035076K [0x00007fda2e550000, 0x00007fda6e550000, 0x00007fda6e550000)
  eden space 1032384K, 100% used [0x00007fda2e550000,0x00007fda6d580000,0x00007fda6d580000)
  from space 8128K, 33% used [0x00007fda6dd60000,0x00007fda6e001388,0x00007fda6e550000)
  to   space 8064K, 0% used [0x00007fda6d580000,0x00007fda6d580000,0x00007fda6dd60000)
 ParOldGen       total 2097152K, used 624068K [0x00007fd9ae550000, 0x00007fda2e550000, 0x00007fda2e550000)
  object space 2097152K, 29% used [0x00007fd9ae550000,0x00007fd9d46c1090,0x00007fda2e550000)
 PSPermGen       total 247296K, used 136835K [0x00007fd99e550000, 0x00007fd9ad6d0000, 0x00007fd9ae550000)
  object space 247296K, 55% used [0x00007fd99e550000,0x00007fd9a6af0cd0,0x00007fd9ad6d0000)
6802,653: [GC [PSYoungGen: 1035076K->3968K(1040448K)] 1659145K->628324K(3137600K), 0,0102250 secs] [Times: user=0,04 sys=0,00, real=0,01 secs] 
Heap after GC invocations=87 (full 2):
 PSYoungGen      total 1040448K, used 3968K [0x00007fda2e550000, 0x00007fda6e550000, 0x00007fda6e550000)
  eden space 1032384K, 0% used [0x00007fda2e550000,0x00007fda2e550000,0x00007fda6d580000)
  from space 8064K, 49% used [0x00007fda6d580000,0x00007fda6d960018,0x00007fda6dd60000)
  to   space 7744K, 0% used [0x00007fda6ddc0000,0x00007fda6ddc0000,0x00007fda6e550000)
 ParOldGen       total 2097152K, used 624356K [0x00007fd9ae550000, 0x00007fda2e550000, 0x00007fda2e550000)
  object space 2097152K, 29% used [0x00007fd9ae550000,0x00007fd9d4709080,0x00007fda2e550000)
 PSPermGen       total 247296K, used 136835K [0x00007fd99e550000, 0x00007fd9ad6d0000, 0x00007fd9ae550000)
  object space 247296K, 55% used [0x00007fd99e550000,0x00007fd9a6af0cd0,0x00007fd9ad6d0000)
}
{Heap before GC invocations=88 (full 2):
 PSYoungGen      total 1040448K, used 1036352K [0x00007fda2e550000, 0x00007fda6e550000, 0x00007fda6e550000)
  eden space 1032384K, 100% used [0x00007fda2e550000,0x00007fda6d580000,0x00007fda6d580000)
  from space 8064K, 49% used [0x00007fda6d580000,0x00007fda6d960018,0x00007fda6dd60000)
  to   space 7744K, 0% used [0x00007fda6ddc0000,0x00007fda6ddc0000,0x00007fda6e550000)
 ParOldGen       total 2097152K, used 624356K [0x00007fd9ae550000, 0x00007fda2e550000, 0x00007fda2e550000)
  object space 2097152K, 29% used [0x00007fd9ae550000,0x00007fd9d4709080,0x00007fda2e550000)
 PSPermGen       total 247296K, used 136864K [0x00007fd99e550000, 0x00007fd9ad6d0000, 0x00007fd9ae550000)
  object space 247296K, 55% used [0x00007fd99e550000,0x00007fd9a6af80f8,0x00007fd9ad6d0000)
6817,004: [GC [PSYoungGen: 1036352K->3840K(1041088K)] 1660708K->631036K(3138240K), 0,0114150 secs] [Times: user=0,04 sys=0,00, real=0,01 secs] 
Heap after GC invocations=88 (full 2):
 PSYoungGen      total 1041088K, used 3840K [0x00007fda2e550000, 0x00007fda6e550000, 0x00007fda6e550000)
  eden space 1033344K, 0% used [0x00007fda2e550000,0x00007fda2e550000,0x00007fda6d670000)
  from space 7744K, 49% used [0x00007fda6ddc0000,0x00007fda6e180000,0x00007fda6e550000)
  to   space 7488K, 0% used [0x00007fda6d670000,0x00007fda6d670000,0x00007fda6ddc0000)
 ParOldGen       total 2097152K, used 627196K [0x00007fd9ae550000, 0x00007fda2e550000, 0x00007fda2e550000)
  object space 2097152K, 29% used [0x00007fd9ae550000,0x00007fd9d49cf068,0x00007fda2e550000)
 PSPermGen       total 247296K, used 136864K [0x00007fd99e550000, 0x00007fd9ad6d0000, 0x00007fd9ae550000)
  object space 247296K, 55% used [0x00007fd99e550000,0x00007fd9a6af80f8,0x00007fd9ad6d0000)
}
{Heap before GC invocations=89 (full 2):
 PSYoungGen      total 1041088K, used 1037184K [0x00007fda2e550000, 0x00007fda6e550000, 0x00007fda6e550000)
  eden space 1033344K, 100% used [0x00007fda2e550000,0x00007fda6d670000,0x00007fda6d670000)
  from space 7744K, 49% used [0x00007fda6ddc0000,0x00007fda6e180000,0x00007fda6e550000)
  to   space 7488K, 0% used [0x00007fda6d670000,0x00007fda6d670000,0x00007fda6ddc0000)
 ParOldGen       total 2097152K, used 627196K [0x00007fd9ae550000, 0x00007fda2e550000, 0x00007fda2e550000)
  object space 2097152K, 29% used [0x00007fd9ae550000,0x00007fd9d49cf068,0x00007fda2e550000)
 PSPermGen       total 247296K, used 136869K [0x00007fd99e550000, 0x00007fd9ad6d0000, 0x00007fd9ae550000)
  object space 247296K, 55% used [0x00007fd99e550000,0x00007fd9a6af95f0,0x00007fd9ad6d0000)
6826,745: [GC [PSYoungGen: 1037184K->4676K(1040832K)] 1664380K->634749K(3137984K), 0,0081850 secs] [Times: user=0,03 sys=0,00, real=0,01 secs] 
Heap after GC invocations=89 (full 2):
 PSYoungGen      total 1040832K, used 4676K [0x00007fda2e550000, 0x00007fda6e550000, 0x00007fda6e550000)
  eden space 1033344K, 0% used [0x00007fda2e550000,0x00007fda2e550000,0x00007fda6d670000)
  from space 7488K, 62% used [0x00007fda6d670000,0x00007fda6db01390,0x00007fda6ddc0000)
  to   space 7296K, 0% used [0x00007fda6de30000,0x00007fda6de30000,0x00007fda6e550000)
 ParOldGen       total 2097152K, used 630072K [0x00007fd9ae550000, 0x00007fda2e550000, 0x00007fda2e550000)
  object space 2097152K, 30% used [0x00007fd9ae550000,0x00007fd9d4c9e328,0x00007fda2e550000)
 PSPermGen       total 247296K, used 136869K [0x00007fd99e550000, 0x00007fd9ad6d0000, 0x00007fd9ae550000)
  object space 247296K, 55% used [0x00007fd99e550000,0x00007fd9a6af95f0,0x00007fd9ad6d0000)
}
{Heap before GC invocations=90 (full 2):
 PSYoungGen      total 1040832K, used 1038020K [0x00007fda2e550000, 0x00007fda6e550000, 0x00007fda6e550000)
  eden space 1033344K, 100% used [0x00007fda2e550000,0x00007fda6d670000,0x00007fda6d670000)
  from space 7488K, 62% used [0x00007fda6d670000,0x00007fda6db01390,0x00007fda6ddc0000)
  to   space 7296K, 0% used [0x00007fda6de30000,0x00007fda6de30000,0x00007fda6e550000)
 ParOldGen       total 2097152K, used 630072K [0x00007fd9ae550000, 0x00007fda2e550000, 0x00007fda2e550000)
  object space 2097152K, 30% used [0x00007fd9ae550000,0x00007fd9d4c9e328,0x00007fda2e550000)
 PSPermGen       total 247296K, used 136891K [0x00007fd99e550000, 0x00007fd9ad6d0000, 0x00007fd9ae550000)
  object space 247296K, 55% used [0x00007fd99e550000,0x00007fd9a6afef00,0x00007fd9ad6d0000)
6840,845: [GC [PSYoungGen: 1038020K->6560K(1040128K)] 1668093K->639468K(3137280K), 0,0196270 secs] [Times: user=0,06 sys=0,00, real=0,02 secs] 
Heap after GC invocations=90 (full 2):
 PSYoungGen      total 1040128K, used 6560K [0x00007fda2e550000, 0x00007fda6e550000, 0x00007fda6e550000)
  eden space 1032832K, 0% used [0x00007fda2e550000,0x00007fda2e550000,0x00007fda6d5f0000)
  from space 7296K, 89% used [0x00007fda6de30000,0x00007fda6e498018,0x00007fda6e550000)
  to   space 7872K, 0% used [0x00007fda6d5f0000,0x00007fda6d5f0000,0x00007fda6dda0000)
 ParOldGen       total 2097152K, used 632908K [0x00007fd9ae550000, 0x00007fda2e550000, 0x00007fda2e550000)
  object space 2097152K, 30% used [0x00007fd9ae550000,0x00007fd9d4f63040,0x00007fda2e550000)
 PSPermGen       total 247296K, used 136891K [0x00007fd99e550000, 0x00007fd9ad6d0000, 0x00007fd9ae550000)
  object space 247296K, 55% used [0x00007fd99e550000,0x00007fd9a6afef00,0x00007fd9ad6d0000)
}
{Heap before GC invocations=91 (full 2):
 PSYoungGen      total 1040128K, used 1039392K [0x00007fda2e550000, 0x00007fda6e550000, 0x00007fda6e550000)
  eden space 1032832K, 100% used [0x00007fda2e550000,0x00007fda6d5f0000,0x00007fda6d5f0000)
  from space 7296K, 89% used [0x00007fda6de30000,0x00007fda6e498018,0x00007fda6e550000)
  to   space 7872K, 0% used [0x00007fda6d5f0000,0x00007fda6d5f0000,0x00007fda6dda0000)
 ParOldGen       total 2097152K, used 632908K [0x00007fd9ae550000, 0x00007fda2e550000, 0x00007fda2e550000)
  object space 2097152K, 30% used [0x00007fd9ae550000,0x00007fd9d4f63040,0x00007fda2e550000)
 PSPermGen       total 247296K, used 136898K [0x00007fd99e550000, 0x00007fd9ad6d0000, 0x00007fd9ae550000)
  object space 247296K, 55% used [0x00007fd99e550000,0x00007fd9a6b00ac8,0x00007fd9ad6d0000)
6858,081: [GC [PSYoungGen: 1039392K->4456K(1040704K)] 1672300K->642362K(3137856K), 0,0143820 secs] [Times: user=0,05 sys=0,01, real=0,02 secs] 
Heap after GC invocations=91 (full 2):
 PSYoungGen      total 1040704K, used 4456K [0x00007fda2e550000, 0x00007fda6e550000, 0x00007fda6e550000)
  eden space 1032832K, 0% used [0x00007fda2e550000,0x00007fda2e550000,0x00007fda6d5f0000)
  from space 7872K, 56% used [0x00007fda6d5f0000,0x00007fda6da4a230,0x00007fda6dda0000)
  to   space 7552K, 0% used [0x00007fda6ddf0000,0x00007fda6ddf0000,0x00007fda6e550000)
 ParOldGen       total 2097152K, used 637906K [0x00007fd9ae550000, 0x00007fda2e550000, 0x00007fda2e550000)
  object space 2097152K, 30% used [0x00007fd9ae550000,0x00007fd9d5444908,0x00007fda2e550000)
 PSPermGen       total 247296K, used 136898K [0x00007fd99e550000, 0x00007fd9ad6d0000, 0x00007fd9ae550000)
  object space 247296K, 55% used [0x00007fd99e550000,0x00007fd9a6b00ac8,0x00007fd9ad6d0000)
}
{Heap before GC invocations=92 (full 2):
 PSYoungGen      total 1040704K, used 1037288K [0x00007fda2e550000, 0x00007fda6e550000, 0x00007fda6e550000)
  eden space 1032832K, 100% used [0x00007fda2e550000,0x00007fda6d5f0000,0x00007fda6d5f0000)
  from space 7872K, 56% used [0x00007fda6d5f0000,0x00007fda6da4a230,0x00007fda6dda0000)
  to   space 7552K, 0% used [0x00007fda6ddf0000,0x00007fda6ddf0000,0x00007fda6e550000)
 ParOldGen       total 2097152K, used 637906K [0x00007fd9ae550000, 0x00007fda2e550000, 0x00007fda2e550000)
  object space 2097152K, 30% used [0x00007fd9ae550000,0x00007fd9d5444908,0x00007fda2e550000)
 PSPermGen       total 247296K, used 136927K [0x00007fd99e550000, 0x00007fd9ad6d0000, 0x00007fd9ae550000)
  object space 247296K, 55% used [0x00007fd99e550000,0x00007fd9a6b07ff0,0x00007fd9ad6d0000)
6876,296: [GC [PSYoungGen: 1037288K->7552K(1037312K)] 1675194K->648294K(3134464K), 0,0159250 secs] [Times: user=0,06 sys=0,00, real=0,01 secs] 
Heap after GC invocations=92 (full 2):
 PSYoungGen      total 1037312K, used 7552K [0x00007fda2e550000, 0x00007fda6e550000, 0x00007fda6e550000)
  eden space 1029760K, 0% used [0x00007fda2e550000,0x00007fda2e550000,0x00007fda6d2f0000)
  from space 7552K, 100% used [0x00007fda6ddf0000,0x00007fda6e550000,0x00007fda6e550000)
  to   space 9408K, 0% used [0x00007fda6d2f0000,0x00007fda6d2f0000,0x00007fda6dc20000)
 ParOldGen       total 2097152K, used 640742K [0x00007fd9ae550000, 0x00007fda2e550000, 0x00007fda2e550000)
  object space 2097152K, 30% used [0x00007fd9ae550000,0x00007fd9d5709988,0x00007fda2e550000)
 PSPermGen       total 247296K, used 136927K [0x00007fd99e550000, 0x00007fd9ad6d0000, 0x00007fd9ae550000)
  object space 247296K, 55% used [0x00007fd99e550000,0x00007fd9a6b07ff0,0x00007fd9ad6d0000)
}
{Heap before GC invocations=93 (full 2):
 PSYoungGen      total 1037312K, used 1037312K [0x00007fda2e550000, 0x00007fda6e550000, 0x00007fda6e550000)
  eden space 1029760K, 100% used [0x00007fda2e550000,0x00007fda6d2f0000,0x00007fda6d2f0000)
  from space 7552K, 100% used [0x00007fda6ddf0000,0x00007fda6e550000,0x00007fda6e550000)
  to   space 9408K, 0% used [0x00007fda6d2f0000,0x00007fda6d2f0000,0x00007fda6dc20000)
 ParOldGen       total 2097152K, used 640742K [0x00007fd9ae550000, 0x00007fda2e550000, 0x00007fda2e550000)
  object space 2097152K, 30% used [0x00007fd9ae550000,0x00007fd9d5709988,0x00007fda2e550000)
 PSPermGen       total 247296K, used 136935K [0x00007fd99e550000, 0x00007fd9ad6d0000, 0x00007fd9ae550000)
  object space 247296K, 55% used [0x00007fd99e550000,0x00007fd9a6b09ea0,0x00007fd9ad6d0000)
6889,669: [GC [PSYoungGen: 1037312K->6560K(1036352K)] 1678054K->653446K(3133504K), 0,0204000 secs] [Times: user=0,07 sys=0,00, real=0,02 secs] 
Heap after GC invocations=93 (full 2):
 PSYoungGen      total 1036352K, used 6560K [0x00007fda2e550000, 0x00007fda6e550000, 0x00007fda6e550000)
  eden space 1029760K, 0% used [0x00007fda2e550000,0x00007fda2e550000,0x00007fda6d2f0000)
  from space 6592K, 99% used [0x00007fda6d2f0000,0x00007fda6d958030,0x00007fda6d960000)
  to   space 9536K, 0% used [0x00007fda6dc00000,0x00007fda6dc00000,0x00007fda6e550000)
 ParOldGen       total 2097152K, used 646886K [0x00007fd9ae550000, 0x00007fda2e550000, 0x00007fda2e550000)
  object space 2097152K, 30% used [0x00007fd9ae550000,0x00007fd9d5d09a58,0x00007fda2e550000)
 PSPermGen       total 247296K, used 136935K [0x00007fd99e550000, 0x00007fd9ad6d0000, 0x00007fd9ae550000)
  object space 247296K, 55% used [0x00007fd99e550000,0x00007fd9a6b09ea0,0x00007fd9ad6d0000)
}
{Heap before GC invocations=94 (full 2):
 PSYoungGen      total 1036352K, used 1036320K [0x00007fda2e550000, 0x00007fda6e550000, 0x00007fda6e550000)
  eden space 1029760K, 100% used [0x00007fda2e550000,0x00007fda6d2f0000,0x00007fda6d2f0000)
  from space 6592K, 99% used [0x00007fda6d2f0000,0x00007fda6d958030,0x00007fda6d960000)
  to   space 9536K, 0% used [0x00007fda6dc00000,0x00007fda6dc00000,0x00007fda6e550000)
 ParOldGen       total 2097152K, used 646886K [0x00007fd9ae550000, 0x00007fda2e550000, 0x00007fda2e550000)
  object space 2097152K, 30% used [0x00007fd9ae550000,0x00007fd9d5d09a58,0x00007fda2e550000)
 PSPermGen       total 247296K, used 136947K [0x00007fd99e550000, 0x00007fd9ad6d0000, 0x00007fd9ae550000)
  object space 247296K, 55% used [0x00007fd99e550000,0x00007fd9a6b0cd40,0x00007fd9ad6d0000)
6902,961: [GC [PSYoungGen: 1036320K->4451K(1039360K)] 1683206K->656715K(3136512K), 0,0097200 secs] [Times: user=0,04 sys=0,00, real=0,01 secs] 
Heap after GC invocations=94 (full 2):
 PSYoungGen      total 1039360K, used 4451K [0x00007fda2e550000, 0x00007fda6e550000, 0x00007fda6e550000)
  eden space 1029824K, 0% used [0x00007fda2e550000,0x00007fda2e550000,0x00007fda6d300000)
  from space 9536K, 46% used [0x00007fda6dc00000,0x00007fda6e058fe0,0x00007fda6e550000)
  to   space 9216K, 0% used [0x00007fda6d300000,0x00007fda6d300000,0x00007fda6dc00000)
 ParOldGen       total 2097152K, used 652263K [0x00007fd9ae550000, 0x00007fda2e550000, 0x00007fda2e550000)
  object space 2097152K, 31% used [0x00007fd9ae550000,0x00007fd9d6249cf8,0x00007fda2e550000)
 PSPermGen       total 247296K, used 136947K [0x00007fd99e550000, 0x00007fd9ad6d0000, 0x00007fd9ae550000)
  object space 247296K, 55% used [0x00007fd99e550000,0x00007fd9a6b0cd40,0x00007fd9ad6d0000)
}
{Heap before GC invocations=95 (full 2):
 PSYoungGen      total 1039360K, used 1034275K [0x00007fda2e550000, 0x00007fda6e550000, 0x00007fda6e550000)
  eden space 1029824K, 100% used [0x00007fda2e550000,0x00007fda6d300000,0x00007fda6d300000)
  from space 9536K, 46% used [0x00007fda6dc00000,0x00007fda6e058fe0,0x00007fda6e550000)
  to   space 9216K, 0% used [0x00007fda6d300000,0x00007fda6d300000,0x00007fda6dc00000)
 ParOldGen       total 2097152K, used 652263K [0x00007fd9ae550000, 0x00007fda2e550000, 0x00007fda2e550000)
  object space 2097152K, 31% used [0x00007fd9ae550000,0x00007fd9d6249cf8,0x00007fda2e550000)
 PSPermGen       total 247296K, used 137027K [0x00007fd99e550000, 0x00007fd9ad6d0000, 0x00007fd9ae550000)
  object space 247296K, 55% used [0x00007fd99e550000,0x00007fd9a6b20cb8,0x00007fd9ad6d0000)
6916,902: [GC [PSYoungGen: 1034275K->4473K(1039040K)] 1686539K->657740K(3136192K), 0,0118450 secs] [Times: user=0,04 sys=0,00, real=0,01 secs] 
Heap after GC invocations=95 (full 2):
 PSYoungGen      total 1039040K, used 4473K [0x00007fda2e550000, 0x00007fda6e550000, 0x00007fda6e550000)
  eden space 1029824K, 0% used [0x00007fda2e550000,0x00007fda2e550000,0x00007fda6d300000)
  from space 9216K, 48% used [0x00007fda6d300000,0x00007fda6d75e5c0,0x00007fda6dc00000)
  to   space 8960K, 0% used [0x00007fda6dc90000,0x00007fda6dc90000,0x00007fda6e550000)
 ParOldGen       total 2097152K, used 653267K [0x00007fd9ae550000, 0x00007fda2e550000, 0x00007fda2e550000)
  object space 2097152K, 31% used [0x00007fd9ae550000,0x00007fd9d6344d20,0x00007fda2e550000)
 PSPermGen       total 247296K, used 137027K [0x00007fd99e550000, 0x00007fd9ad6d0000, 0x00007fd9ae550000)
  object space 247296K, 55% used [0x00007fd99e550000,0x00007fd9a6b20cb8,0x00007fd9ad6d0000)
}
{Heap before GC invocations=96 (full 2):
 PSYoungGen      total 1039040K, used 1034297K [0x00007fda2e550000, 0x00007fda6e550000, 0x00007fda6e550000)
  eden space 1029824K, 100% used [0x00007fda2e550000,0x00007fda6d300000,0x00007fda6d300000)
  from space 9216K, 48% used [0x00007fda6d300000,0x00007fda6d75e5c0,0x00007fda6dc00000)
  to   space 8960K, 0% used [0x00007fda6dc90000,0x00007fda6dc90000,0x00007fda6e550000)
 ParOldGen       total 2097152K, used 653267K [0x00007fd9ae550000, 0x00007fda2e550000, 0x00007fda2e550000)
  object space 2097152K, 31% used [0x00007fd9ae550000,0x00007fd9d6344d20,0x00007fda2e550000)
 PSPermGen       total 247296K, used 137079K [0x00007fd99e550000, 0x00007fd9ad6d0000, 0x00007fd9ae550000)
  object space 247296K, 55% used [0x00007fd99e550000,0x00007fd9a6b2de18,0x00007fd9ad6d0000)
6930,493: [GC [PSYoungGen: 1034297K->6673K(1039232K)] 1687564K->662735K(3136384K), 0,0208950 secs] [Times: user=0,06 sys=0,00, real=0,02 secs] 
Heap after GC invocations=96 (full 2):
 PSYoungGen      total 1039232K, used 6673K [0x00007fda2e550000, 0x00007fda6e550000, 0x00007fda6e550000)
  eden space 1030272K, 0% used [0x00007fda2e550000,0x00007fda2e550000,0x00007fda6d370000)
  from space 8960K, 74% used [0x00007fda6dc90000,0x00007fda6e314558,0x00007fda6e550000)
  to   space 9152K, 0% used [0x00007fda6d370000,0x00007fda6d370000,0x00007fda6dc60000)
 ParOldGen       total 2097152K, used 656061K [0x00007fd9ae550000, 0x00007fda2e550000, 0x00007fda2e550000)
  object space 2097152K, 31% used [0x00007fd9ae550000,0x00007fd9d65ff768,0x00007fda2e550000)
 PSPermGen       total 247296K, used 137079K [0x00007fd99e550000, 0x00007fd9ad6d0000, 0x00007fd9ae550000)
  object space 247296K, 55% used [0x00007fd99e550000,0x00007fd9a6b2de18,0x00007fd9ad6d0000)
}
{Heap before GC invocations=97 (full 2):
 PSYoungGen      total 1039232K, used 1036945K [0x00007fda2e550000, 0x00007fda6e550000, 0x00007fda6e550000)
  eden space 1030272K, 100% used [0x00007fda2e550000,0x00007fda6d370000,0x00007fda6d370000)
  from space 8960K, 74% used [0x00007fda6dc90000,0x00007fda6e314558,0x00007fda6e550000)
  to   space 9152K, 0% used [0x00007fda6d370000,0x00007fda6d370000,0x00007fda6dc60000)
 ParOldGen       total 2097152K, used 656061K [0x00007fd9ae550000, 0x00007fda2e550000, 0x00007fda2e550000)
  object space 2097152K, 31% used [0x00007fd9ae550000,0x00007fd9d65ff768,0x00007fda2e550000)
 PSPermGen       total 247296K, used 137143K [0x00007fd99e550000, 0x00007fd9ad6d0000, 0x00007fd9ae550000)
  object space 247296K, 55% used [0x00007fd99e550000,0x00007fd9a6b3dd68,0x00007fd9ad6d0000)
6943,276: [GC [PSYoungGen: 1036945K->4001K(1039424K)] 1693007K->664694K(3136576K), 0,0159810 secs] [Times: user=0,06 sys=0,00, real=0,02 secs] 
Heap after GC invocations=97 (full 2):
 PSYoungGen      total 1039424K, used 4001K [0x00007fda2e550000, 0x00007fda6e550000, 0x00007fda6e550000)
  eden space 1030272K, 0% used [0x00007fda2e550000,0x00007fda2e550000,0x00007fda6d370000)
  from space 9152K, 43% used [0x00007fda6d370000,0x00007fda6d7586d8,0x00007fda6dc60000)
  to   space 8960K, 0% used [0x00007fda6dc90000,0x00007fda6dc90000,0x00007fda6e550000)
 ParOldGen       total 2097152K, used 660692K [0x00007fd9ae550000, 0x00007fda2e550000, 0x00007fda2e550000)
  object space 2097152K, 31% used [0x00007fd9ae550000,0x00007fd9d6a85330,0x00007fda2e550000)
 PSPermGen       total 247296K, used 137143K [0x00007fd99e550000, 0x00007fd9ad6d0000, 0x00007fd9ae550000)
  object space 247296K, 55% used [0x00007fd99e550000,0x00007fd9a6b3dd68,0x00007fd9ad6d0000)
}
{Heap before GC invocations=98 (full 2):
 PSYoungGen      total 1039424K, used 1034273K [0x00007fda2e550000, 0x00007fda6e550000, 0x00007fda6e550000)
  eden space 1030272K, 100% used [0x00007fda2e550000,0x00007fda6d370000,0x00007fda6d370000)
  from space 9152K, 43% used [0x00007fda6d370000,0x00007fda6d7586d8,0x00007fda6dc60000)
  to   space 8960K, 0% used [0x00007fda6dc90000,0x00007fda6dc90000,0x00007fda6e550000)
 ParOldGen       total 2097152K, used 660692K [0x00007fd9ae550000, 0x00007fda2e550000, 0x00007fda2e550000)
  object space 2097152K, 31% used [0x00007fd9ae550000,0x00007fd9d6a85330,0x00007fda2e550000)
 PSPermGen       total 247296K, used 137147K [0x00007fd99e550000, 0x00007fd9ad6d0000, 0x00007fd9ae550000)
  object space 247296K, 55% used [0x00007fd99e550000,0x00007fd9a6b3ee20,0x00007fd9ad6d0000)
6959,367: [GC [PSYoungGen: 1034273K->4003K(1039808K)] 1694966K->666468K(3136960K), 0,0128110 secs] [Times: user=0,05 sys=0,00, real=0,02 secs] 
Heap after GC invocations=98 (full 2):
 PSYoungGen      total 1039808K, used 4003K [0x00007fda2e550000, 0x00007fda6e550000, 0x00007fda6e550000)
  eden space 1030848K, 0% used [0x00007fda2e550000,0x00007fda2e550000,0x00007fda6d400000)
  from space 8960K, 44% used [0x00007fda6dc90000,0x00007fda6e078ce8,0x00007fda6e550000)
  to   space 8768K, 0% used [0x00007fda6d400000,0x00007fda6d400000,0x00007fda6dc90000)
 ParOldGen       total 2097152K, used 662465K [0x00007fd9ae550000, 0x00007fda2e550000, 0x00007fda2e550000)
  object space 2097152K, 31% used [0x00007fd9ae550000,0x00007fd9d6c405c8,0x00007fda2e550000)
 PSPermGen       total 247296K, used 137147K [0x00007fd99e550000, 0x00007fd9ad6d0000, 0x00007fd9ae550000)
  object space 247296K, 55% used [0x00007fd99e550000,0x00007fd9a6b3ee20,0x00007fd9ad6d0000)
}
{Heap before GC invocations=99 (full 2):
 PSYoungGen      total 1039808K, used 1034851K [0x00007fda2e550000, 0x00007fda6e550000, 0x00007fda6e550000)
  eden space 1030848K, 100% used [0x00007fda2e550000,0x00007fda6d400000,0x00007fda6d400000)
  from space 8960K, 44% used [0x00007fda6dc90000,0x00007fda6e078ce8,0x00007fda6e550000)
  to   space 8768K, 0% used [0x00007fda6d400000,0x00007fda6d400000,0x00007fda6dc90000)
 ParOldGen       total 2097152K, used 662465K [0x00007fd9ae550000, 0x00007fda2e550000, 0x00007fda2e550000)
  object space 2097152K, 31% used [0x00007fd9ae550000,0x00007fd9d6c405c8,0x00007fda2e550000)
 PSPermGen       total 247296K, used 137161K [0x00007fd99e550000, 0x00007fd9ad6d0000, 0x00007fd9ae550000)
  object space 247296K, 55% used [0x00007fd99e550000,0x00007fd9a6b427a0,0x00007fd9ad6d0000)
6966,901: [GC [PSYoungGen: 1034851K->4081K(1039616K)] 1697316K->668422K(3136768K), 0,0118800 secs] [Times: user=0,04 sys=0,01, real=0,01 secs] 
Heap after GC invocations=99 (full 2):
 PSYoungGen      total 1039616K, used 4081K [0x00007fda2e550000, 0x00007fda6e550000, 0x00007fda6e550000)
  eden space 1030848K, 0% used [0x00007fda2e550000,0x00007fda2e550000,0x00007fda6d400000)
  from space 8768K, 46% used [0x00007fda6d400000,0x00007fda6d7fc448,0x00007fda6dc90000)
  to   space 8576K, 0% used [0x00007fda6dcf0000,0x00007fda6dcf0000,0x00007fda6e550000)
 ParOldGen       total 2097152K, used 664341K [0x00007fd9ae550000, 0x00007fda2e550000, 0x00007fda2e550000)
  object space 2097152K, 31% used [0x00007fd9ae550000,0x00007fd9d6e156f8,0x00007fda2e550000)
 PSPermGen       total 247296K, used 137161K [0x00007fd99e550000, 0x00007fd9ad6d0000, 0x00007fd9ae550000)
  object space 247296K, 55% used [0x00007fd99e550000,0x00007fd9a6b427a0,0x00007fd9ad6d0000)
}
{Heap before GC invocations=100 (full 2):
 PSYoungGen      total 1039616K, used 1034929K [0x00007fda2e550000, 0x00007fda6e550000, 0x00007fda6e550000)
  eden space 1030848K, 100% used [0x00007fda2e550000,0x00007fda6d400000,0x00007fda6d400000)
  from space 8768K, 46% used [0x00007fda6d400000,0x00007fda6d7fc448,0x00007fda6dc90000)
  to   space 8576K, 0% used [0x00007fda6dcf0000,0x00007fda6dcf0000,0x00007fda6e550000)
 ParOldGen       total 2097152K, used 664341K [0x00007fd9ae550000, 0x00007fda2e550000, 0x00007fda2e550000)
  object space 2097152K, 31% used [0x00007fd9ae550000,0x00007fd9d6e156f8,0x00007fda2e550000)
 PSPermGen       total 247296K, used 137171K [0x00007fd99e550000, 0x00007fd9ad6d0000, 0x00007fd9ae550000)
  object space 247296K, 55% used [0x00007fd99e550000,0x00007fd9a6b44e30,0x00007fd9ad6d0000)
6975,403: [GC [PSYoungGen: 1034929K->6782K(1039360K)] 1699270K->673356K(3136512K), 0,0155270 secs] [Times: user=0,06 sys=0,01, real=0,02 secs] 
Heap after GC invocations=100 (full 2):
 PSYoungGen      total 1039360K, used 6782K [0x00007fda2e550000, 0x00007fda6e550000, 0x00007fda6e550000)
  eden space 1030784K, 0% used [0x00007fda2e550000,0x00007fda2e550000,0x00007fda6d3f0000)
  from space 8576K, 79% used [0x00007fda6dcf0000,0x00007fda6e38fbe0,0x00007fda6e550000)
  to   space 8896K, 0% used [0x00007fda6d3f0000,0x00007fda6d3f0000,0x00007fda6dca0000)
 ParOldGen       total 2097152K, used 666573K [0x00007fd9ae550000, 0x00007fda2e550000, 0x00007fda2e550000)
  object space 2097152K, 31% used [0x00007fd9ae550000,0x00007fd9d70436e8,0x00007fda2e550000)
 PSPermGen       total 247296K, used 137171K [0x00007fd99e550000, 0x00007fd9ad6d0000, 0x00007fd9ae550000)
  object space 247296K, 55% used [0x00007fd99e550000,0x00007fd9a6b44e30,0x00007fd9ad6d0000)
}
{Heap before GC invocations=101 (full 2):
 PSYoungGen      total 1039360K, used 1037566K [0x00007fda2e550000, 0x00007fda6e550000, 0x00007fda6e550000)
  eden space 1030784K, 100% used [0x00007fda2e550000,0x00007fda6d3f0000,0x00007fda6d3f0000)
  from space 8576K, 79% used [0x00007fda6dcf0000,0x00007fda6e38fbe0,0x00007fda6e550000)
  to   space 8896K, 0% used [0x00007fda6d3f0000,0x00007fda6d3f0000,0x00007fda6dca0000)
 ParOldGen       total 2097152K, used 666573K [0x00007fd9ae550000, 0x00007fda2e550000, 0x00007fda2e550000)
  object space 2097152K, 31% used [0x00007fd9ae550000,0x00007fd9d70436e8,0x00007fda2e550000)
 PSPermGen       total 247296K, used 137180K [0x00007fd99e550000, 0x00007fd9ad6d0000, 0x00007fd9ae550000)
  object space 247296K, 55% used [0x00007fd99e550000,0x00007fd9a6b470a8,0x00007fd9ad6d0000)
6988,017: [GC [PSYoungGen: 1037566K->4640K(1039680K)] 1704140K->674823K(3136832K), 0,0143000 secs] [Times: user=0,05 sys=0,00, real=0,02 secs] 
Heap after GC invocations=101 (full 2):
 PSYoungGen      total 1039680K, used 4640K [0x00007fda2e550000, 0x00007fda6e550000, 0x00007fda6e550000)
  eden space 1030784K, 0% used [0x00007fda2e550000,0x00007fda2e550000,0x00007fda6d3f0000)
  from space 8896K, 52% used [0x00007fda6d3f0000,0x00007fda6d878000,0x00007fda6dca0000)
  to   space 8576K, 0% used [0x00007fda6dcf0000,0x00007fda6dcf0000,0x00007fda6e550000)
 ParOldGen       total 2097152K, used 670183K [0x00007fd9ae550000, 0x00007fda2e550000, 0x00007fda2e550000)
  object space 2097152K, 31% used [0x00007fd9ae550000,0x00007fd9d73c9e50,0x00007fda2e550000)
 PSPermGen       total 247296K, used 137180K [0x00007fd99e550000, 0x00007fd9ad6d0000, 0x00007fd9ae550000)
  object space 247296K, 55% used [0x00007fd99e550000,0x00007fd9a6b470a8,0x00007fd9ad6d0000)
}
{Heap before GC invocations=102 (full 2):
 PSYoungGen      total 1039680K, used 1035424K [0x00007fda2e550000, 0x00007fda6e550000, 0x00007fda6e550000)
  eden space 1030784K, 100% used [0x00007fda2e550000,0x00007fda6d3f0000,0x00007fda6d3f0000)
  from space 8896K, 52% used [0x00007fda6d3f0000,0x00007fda6d878000,0x00007fda6dca0000)
  to   space 8576K, 0% used [0x00007fda6dcf0000,0x00007fda6dcf0000,0x00007fda6e550000)
 ParOldGen       total 2097152K, used 670183K [0x00007fd9ae550000, 0x00007fda2e550000, 0x00007fda2e550000)
  object space 2097152K, 31% used [0x00007fd9ae550000,0x00007fd9d73c9e50,0x00007fda2e550000)
 PSPermGen       total 247296K, used 137202K [0x00007fd99e550000, 0x00007fd9ad6d0000, 0x00007fd9ae550000)
  object space 247296K, 55% used [0x00007fd99e550000,0x00007fd9a6b4c910,0x00007fd9ad6d0000)
6999,290: [GC [PSYoungGen: 1035424K->5280K(1040256K)] 1705607K->679295K(3137408K), 0,0154130 secs] [Times: user=0,06 sys=0,00, real=0,01 secs] 
Heap after GC invocations=102 (full 2):
 PSYoungGen      total 1040256K, used 5280K [0x00007fda2e550000, 0x00007fda6e550000, 0x00007fda6e550000)
  eden space 1031680K, 0% used [0x00007fda2e550000,0x00007fda2e550000,0x00007fda6d4d0000)
  from space 8576K, 61% used [0x00007fda6dcf0000,0x00007fda6e218000,0x00007fda6e550000)
  to   space 8320K, 0% used [0x00007fda6d4d0000,0x00007fda6d4d0000,0x00007fda6dcf0000)
 ParOldGen       total 2097152K, used 674015K [0x00007fd9ae550000, 0x00007fda2e550000, 0x00007fda2e550000)
  object space 2097152K, 32% used [0x00007fd9ae550000,0x00007fd9d7787fa0,0x00007fda2e550000)
 PSPermGen       total 247296K, used 137202K [0x00007fd99e550000, 0x00007fd9ad6d0000, 0x00007fd9ae550000)
  object space 247296K, 55% used [0x00007fd99e550000,0x00007fd9a6b4c910,0x00007fd9ad6d0000)
}
{Heap before GC invocations=103 (full 2):
 PSYoungGen      total 1040256K, used 1036960K [0x00007fda2e550000, 0x00007fda6e550000, 0x00007fda6e550000)
  eden space 1031680K, 100% used [0x00007fda2e550000,0x00007fda6d4d0000,0x00007fda6d4d0000)
  from space 8576K, 61% used [0x00007fda6dcf0000,0x00007fda6e218000,0x00007fda6e550000)
  to   space 8320K, 0% used [0x00007fda6d4d0000,0x00007fda6d4d0000,0x00007fda6dcf0000)
 ParOldGen       total 2097152K, used 674015K [0x00007fd9ae550000, 0x00007fda2e550000, 0x00007fda2e550000)
  object space 2097152K, 32% used [0x00007fd9ae550000,0x00007fd9d7787fa0,0x00007fda2e550000)
 PSPermGen       total 247296K, used 137208K [0x00007fd99e550000, 0x00007fd9ad6d0000, 0x00007fd9ae550000)
  object space 247296K, 55% used [0x00007fd99e550000,0x00007fd9a6b4e048,0x00007fd9ad6d0000)
7011,916: [GC [PSYoungGen: 1036960K->3680K(1040000K)] 1710975K->681544K(3137152K), 0,0137000 secs] [Times: user=0,04 sys=0,01, real=0,01 secs] 
Heap after GC invocations=103 (full 2):
 PSYoungGen      total 1040000K, used 3680K [0x00007fda2e550000, 0x00007fda6e550000, 0x00007fda6e550000)
  eden space 1031680K, 0% used [0x00007fda2e550000,0x00007fda2e550000,0x00007fda6d4d0000)
  from space 8320K, 44% used [0x00007fda6d4d0000,0x00007fda6d868000,0x00007fda6dcf0000)
  to   space 8256K, 0% used [0x00007fda6dd40000,0x00007fda6dd40000,0x00007fda6e550000)
 ParOldGen       total 2097152K, used 677864K [0x00007fd9ae550000, 0x00007fda2e550000, 0x00007fda2e550000)
  object space 2097152K, 32% used [0x00007fd9ae550000,0x00007fd9d7b4a338,0x00007fda2e550000)
 PSPermGen       total 247296K, used 137208K [0x00007fd99e550000, 0x00007fd9ad6d0000, 0x00007fd9ae550000)
  object space 247296K, 55% used [0x00007fd99e550000,0x00007fd9a6b4e048,0x00007fd9ad6d0000)
}
{Heap before GC invocations=104 (full 2):
 PSYoungGen      total 1040000K, used 1035360K [0x00007fda2e550000, 0x00007fda6e550000, 0x00007fda6e550000)
  eden space 1031680K, 100% used [0x00007fda2e550000,0x00007fda6d4d0000,0x00007fda6d4d0000)
  from space 8320K, 44% used [0x00007fda6d4d0000,0x00007fda6d868000,0x00007fda6dcf0000)
  to   space 8256K, 0% used [0x00007fda6dd40000,0x00007fda6dd40000,0x00007fda6e550000)
 ParOldGen       total 2097152K, used 677864K [0x00007fd9ae550000, 0x00007fda2e550000, 0x00007fda2e550000)
  object space 2097152K, 32% used [0x00007fd9ae550000,0x00007fd9d7b4a338,0x00007fda2e550000)
 PSPermGen       total 247296K, used 137247K [0x00007fd99e550000, 0x00007fd9ad6d0000, 0x00007fd9ae550000)
  object space 247296K, 55% used [0x00007fd99e550000,0x00007fd9a6b57f70,0x00007fd9ad6d0000)
7021,126: [GC [PSYoungGen: 1035360K->3104K(1040320K)] 1713224K->683289K(3137472K), 0,0125660 secs] [Times: user=0,05 sys=0,00, real=0,02 secs] 
Heap after GC invocations=104 (full 2):
 PSYoungGen      total 1040320K, used 3104K [0x00007fda2e550000, 0x00007fda6e550000, 0x00007fda6e550000)
  eden space 1032064K, 0% used [0x00007fda2e550000,0x00007fda2e550000,0x00007fda6d530000)
  from space 8256K, 37% used [0x00007fda6dd40000,0x00007fda6e048000,0x00007fda6e550000)
  to   space 8256K, 0% used [0x00007fda6d530000,0x00007fda6d530000,0x00007fda6dd40000)
 ParOldGen       total 2097152K, used 680185K [0x00007fd9ae550000, 0x00007fda2e550000, 0x00007fda2e550000)
  object space 2097152K, 32% used [0x00007fd9ae550000,0x00007fd9d7d8e720,0x00007fda2e550000)
 PSPermGen       total 247296K, used 137247K [0x00007fd99e550000, 0x00007fd9ad6d0000, 0x00007fd9ae550000)
  object space 247296K, 55% used [0x00007fd99e550000,0x00007fd9a6b57f70,0x00007fd9ad6d0000)
}
{Heap before GC invocations=105 (full 2):
 PSYoungGen      total 1040320K, used 1035168K [0x00007fda2e550000, 0x00007fda6e550000, 0x00007fda6e550000)
  eden space 1032064K, 100% used [0x00007fda2e550000,0x00007fda6d530000,0x00007fda6d530000)
  from space 8256K, 37% used [0x00007fda6dd40000,0x00007fda6e048000,0x00007fda6e550000)
  to   space 8256K, 0% used [0x00007fda6d530000,0x00007fda6d530000,0x00007fda6dd40000)
 ParOldGen       total 2097152K, used 680185K [0x00007fd9ae550000, 0x00007fda2e550000, 0x00007fda2e550000)
  object space 2097152K, 32% used [0x00007fd9ae550000,0x00007fd9d7d8e720,0x00007fda2e550000)
 PSPermGen       total 247296K, used 137253K [0x00007fd99e550000, 0x00007fd9ad6d0000, 0x00007fd9ae550000)
  object space 247296K, 55% used [0x00007fd99e550000,0x00007fd9a6b59698,0x00007fd9ad6d0000)
7037,870: [GC [PSYoungGen: 1035168K->3616K(1040320K)] 1715353K->686053K(3137472K), 0,0116530 secs] [Times: user=0,05 sys=0,01, real=0,01 secs] 
Heap after GC invocations=105 (full 2):
 PSYoungGen      total 1040320K, used 3616K [0x00007fda2e550000, 0x00007fda6e550000, 0x00007fda6e550000)
  eden space 1032064K, 0% used [0x00007fda2e550000,0x00007fda2e550000,0x00007fda6d530000)
  from space 8256K, 43% used [0x00007fda6d530000,0x00007fda6d8b8000,0x00007fda6dd40000)
  to   space 8064K, 0% used [0x00007fda6dd70000,0x00007fda6dd70000,0x00007fda6e550000)
 ParOldGen       total 2097152K, used 682437K [0x00007fd9ae550000, 0x00007fda2e550000, 0x00007fda2e550000)
  object space 2097152K, 32% used [0x00007fd9ae550000,0x00007fd9d7fc14f0,0x00007fda2e550000)
 PSPermGen       total 247296K, used 137253K [0x00007fd99e550000, 0x00007fd9ad6d0000, 0x00007fd9ae550000)
  object space 247296K, 55% used [0x00007fd99e550000,0x00007fd9a6b59698,0x00007fd9ad6d0000)
}
{Heap before GC invocations=106 (full 2):
 PSYoungGen      total 1040320K, used 1035680K [0x00007fda2e550000, 0x00007fda6e550000, 0x00007fda6e550000)
  eden space 1032064K, 100% used [0x00007fda2e550000,0x00007fda6d530000,0x00007fda6d530000)
  from space 8256K, 43% used [0x00007fda6d530000,0x00007fda6d8b8000,0x00007fda6dd40000)
  to   space 8064K, 0% used [0x00007fda6dd70000,0x00007fda6dd70000,0x00007fda6e550000)
 ParOldGen       total 2097152K, used 682437K [0x00007fd9ae550000, 0x00007fda2e550000, 0x00007fda2e550000)
  object space 2097152K, 32% used [0x00007fd9ae550000,0x00007fd9d7fc14f0,0x00007fda2e550000)
 PSPermGen       total 247296K, used 137373K [0x00007fd99e550000, 0x00007fd9ad6d0000, 0x00007fd9ae550000)
  object space 247296K, 55% used [0x00007fd99e550000,0x00007fd9a6b77770,0x00007fd9ad6d0000)
7044,866: [GC [PSYoungGen: 1035680K->3701K(1040704K)] 1718117K->688171K(3137856K), 0,0075480 secs] [Times: user=0,03 sys=0,00, real=0,00 secs] 
Heap after GC invocations=106 (full 2):
 PSYoungGen      total 1040704K, used 3701K [0x00007fda2e550000, 0x00007fda6e550000, 0x00007fda6e550000)
  eden space 1032640K, 0% used [0x00007fda2e550000,0x00007fda2e550000,0x00007fda6d5c0000)
  from space 8064K, 45% used [0x00007fda6dd70000,0x00007fda6e10d6e0,0x00007fda6e550000)
  to   space 7872K, 0% used [0x00007fda6d5c0000,0x00007fda6d5c0000,0x00007fda6dd70000)
 ParOldGen       total 2097152K, used 684470K [0x00007fd9ae550000, 0x00007fda2e550000, 0x00007fda2e550000)
  object space 2097152K, 32% used [0x00007fd9ae550000,0x00007fd9d81bd8f8,0x00007fda2e550000)
 PSPermGen       total 247296K, used 137373K [0x00007fd99e550000, 0x00007fd9ad6d0000, 0x00007fd9ae550000)
  object space 247296K, 55% used [0x00007fd99e550000,0x00007fd9a6b77770,0x00007fd9ad6d0000)
}
{Heap before GC invocations=107 (full 2):
 PSYoungGen      total 1040704K, used 1036341K [0x00007fda2e550000, 0x00007fda6e550000, 0x00007fda6e550000)
  eden space 1032640K, 100% used [0x00007fda2e550000,0x00007fda6d5c0000,0x00007fda6d5c0000)
  from space 8064K, 45% used [0x00007fda6dd70000,0x00007fda6e10d6e0,0x00007fda6e550000)
  to   space 7872K, 0% used [0x00007fda6d5c0000,0x00007fda6d5c0000,0x00007fda6dd70000)
 ParOldGen       total 2097152K, used 684470K [0x00007fd9ae550000, 0x00007fda2e550000, 0x00007fda2e550000)
  object space 2097152K, 32% used [0x00007fd9ae550000,0x00007fd9d81bd8f8,0x00007fda2e550000)
 PSPermGen       total 247296K, used 137382K [0x00007fd99e550000, 0x00007fd9ad6d0000, 0x00007fd9ae550000)
  object space 247296K, 55% used [0x00007fd99e550000,0x00007fd9a6b79af8,0x00007fd9ad6d0000)
7058,637: [GC [PSYoungGen: 1036341K->3889K(1040512K)] 1720811K->690156K(3137664K), 0,0087290 secs] [Times: user=0,02 sys=0,00, real=0,01 secs] 
Heap after GC invocations=107 (full 2):
 PSYoungGen      total 1040512K, used 3889K [0x00007fda2e550000, 0x00007fda6e550000, 0x00007fda6e550000)
  eden space 1032640K, 0% used [0x00007fda2e550000,0x00007fda2e550000,0x00007fda6d5c0000)
  from space 7872K, 49% used [0x00007fda6d5c0000,0x00007fda6d98c7f8,0x00007fda6dd70000)
  to   space 7680K, 0% used [0x00007fda6ddd0000,0x00007fda6ddd0000,0x00007fda6e550000)
 ParOldGen       total 2097152K, used 686266K [0x00007fd9ae550000, 0x00007fda2e550000, 0x00007fda2e550000)
  object space 2097152K, 32% used [0x00007fd9ae550000,0x00007fd9d837e838,0x00007fda2e550000)
 PSPermGen       total 247296K, used 137382K [0x00007fd99e550000, 0x00007fd9ad6d0000, 0x00007fd9ae550000)
  object space 247296K, 55% used [0x00007fd99e550000,0x00007fd9a6b79af8,0x00007fd9ad6d0000)
}
{Heap before GC invocations=108 (full 2):
 PSYoungGen      total 1040512K, used 1036529K [0x00007fda2e550000, 0x00007fda6e550000, 0x00007fda6e550000)
  eden space 1032640K, 100% used [0x00007fda2e550000,0x00007fda6d5c0000,0x00007fda6d5c0000)
  from space 7872K, 49% used [0x00007fda6d5c0000,0x00007fda6d98c7f8,0x00007fda6dd70000)
  to   space 7680K, 0% used [0x00007fda6ddd0000,0x00007fda6ddd0000,0x00007fda6e550000)
 ParOldGen       total 2097152K, used 686266K [0x00007fd9ae550000, 0x00007fda2e550000, 0x00007fda2e550000)
  object space 2097152K, 32% used [0x00007fd9ae550000,0x00007fd9d837e838,0x00007fda2e550000)
 PSPermGen       total 247296K, used 137414K [0x00007fd99e550000, 0x00007fd9ad6d0000, 0x00007fd9ae550000)
  object space 247296K, 55% used [0x00007fd99e550000,0x00007fd9a6b81a88,0x00007fd9ad6d0000)
7082,070: [GC [PSYoungGen: 1036529K->5360K(1040896K)] 1722796K->693170K(3138048K), 0,0182200 secs] [Times: user=0,05 sys=0,00, real=0,01 secs] 
Heap after GC invocations=108 (full 2):
 PSYoungGen      total 1040896K, used 5360K [0x00007fda2e550000, 0x00007fda6e550000, 0x00007fda6e550000)
  eden space 1033216K, 0% used [0x00007fda2e550000,0x00007fda2e550000,0x00007fda6d650000)
  from space 7680K, 69% used [0x00007fda6ddd0000,0x00007fda6e30c300,0x00007fda6e550000)
  to   space 7680K, 0% used [0x00007fda6d650000,0x00007fda6d650000,0x00007fda6ddd0000)
 ParOldGen       total 2097152K, used 687810K [0x00007fd9ae550000, 0x00007fda2e550000, 0x00007fda2e550000)
  object space 2097152K, 32% used [0x00007fd9ae550000,0x00007fd9d8500828,0x00007fda2e550000)
 PSPermGen       total 247296K, used 137414K [0x00007fd99e550000, 0x00007fd9ad6d0000, 0x00007fd9ae550000)
  object space 247296K, 55% used [0x00007fd99e550000,0x00007fd9a6b81a88,0x00007fd9ad6d0000)
}
{Heap before GC invocations=109 (full 2):
 PSYoungGen      total 1040896K, used 1038576K [0x00007fda2e550000, 0x00007fda6e550000, 0x00007fda6e550000)
  eden space 1033216K, 100% used [0x00007fda2e550000,0x00007fda6d650000,0x00007fda6d650000)
  from space 7680K, 69% used [0x00007fda6ddd0000,0x00007fda6e30c300,0x00007fda6e550000)
  to   space 7680K, 0% used [0x00007fda6d650000,0x00007fda6d650000,0x00007fda6ddd0000)
 ParOldGen       total 2097152K, used 687810K [0x00007fd9ae550000, 0x00007fda2e550000, 0x00007fda2e550000)
  object space 2097152K, 32% used [0x00007fd9ae550000,0x00007fd9d8500828,0x00007fda2e550000)
 PSPermGen       total 247296K, used 137423K [0x00007fd99e550000, 0x00007fd9ad6d0000, 0x00007fd9ae550000)
  object space 247296K, 55% used [0x00007fd99e550000,0x00007fd9a6b83e88,0x00007fd9ad6d0000)
7109,436: [GC [PSYoungGen: 1038576K->6247K(1039488K)] 1726386K->697945K(3136640K), 0,0247730 secs] [Times: user=0,06 sys=0,00, real=0,03 secs] 
Heap after GC invocations=109 (full 2):
 PSYoungGen      total 1039488K, used 6247K [0x00007fda2e550000, 0x00007fda6e550000, 0x00007fda6e550000)
  eden space 1033216K, 0% used [0x00007fda2e550000,0x00007fda2e550000,0x00007fda6d650000)
  from space 6272K, 99% used [0x00007fda6d650000,0x00007fda6dc69d50,0x00007fda6dc70000)
  to   space 8000K, 0% used [0x00007fda6dd80000,0x00007fda6dd80000,0x00007fda6e550000)
 ParOldGen       total 2097152K, used 691698K [0x00007fd9ae550000, 0x00007fda2e550000, 0x00007fda2e550000)
  object space 2097152K, 32% used [0x00007fd9ae550000,0x00007fd9d88cc8f8,0x00007fda2e550000)
 PSPermGen       total 247296K, used 137423K [0x00007fd99e550000, 0x00007fd9ad6d0000, 0x00007fd9ae550000)
  object space 247296K, 55% used [0x00007fd99e550000,0x00007fd9a6b83e88,0x00007fd9ad6d0000)
}
{Heap before GC invocations=110 (full 2):
 PSYoungGen      total 1039488K, used 1039463K [0x00007fda2e550000, 0x00007fda6e550000, 0x00007fda6e550000)
  eden space 1033216K, 100% used [0x00007fda2e550000,0x00007fda6d650000,0x00007fda6d650000)
  from space 6272K, 99% used [0x00007fda6d650000,0x00007fda6dc69d50,0x00007fda6dc70000)
  to   space 8000K, 0% used [0x00007fda6dd80000,0x00007fda6dd80000,0x00007fda6e550000)
 ParOldGen       total 2097152K, used 691698K [0x00007fd9ae550000, 0x00007fda2e550000, 0x00007fda2e550000)
  object space 2097152K, 32% used [0x00007fd9ae550000,0x00007fd9d88cc8f8,0x00007fda2e550000)
 PSPermGen       total 247296K, used 137454K [0x00007fd99e550000, 0x00007fd9ad6d0000, 0x00007fd9ae550000)
  object space 247296K, 55% used [0x00007fd99e550000,0x00007fd9a6b8bbe0,0x00007fd9ad6d0000)
7124,560: [GC [PSYoungGen: 1039463K->7968K(1034944K)] 1731161K->704998K(3132096K), 0,0204500 secs] [Times: user=0,07 sys=0,01, real=0,02 secs] 
Heap after GC invocations=110 (full 2):
 PSYoungGen      total 1034944K, used 7968K [0x00007fda2e550000, 0x00007fda6e550000, 0x00007fda6e550000)
  eden space 1026944K, 0% used [0x00007fda2e550000,0x00007fda2e550000,0x00007fda6d030000)
  from space 8000K, 99% used [0x00007fda6dd80000,0x00007fda6e548148,0x00007fda6e550000)
  to   space 10816K, 0% used [0x00007fda6d030000,0x00007fda6d030000,0x00007fda6dac0000)
 ParOldGen       total 2097152K, used 697030K [0x00007fd9ae550000, 0x00007fda2e550000, 0x00007fda2e550000)
  object space 2097152K, 33% used [0x00007fd9ae550000,0x00007fd9d8e01980,0x00007fda2e550000)
 PSPermGen       total 247296K, used 137454K [0x00007fd99e550000, 0x00007fd9ad6d0000, 0x00007fd9ae550000)
  object space 247296K, 55% used [0x00007fd99e550000,0x00007fd9a6b8bbe0,0x00007fd9ad6d0000)
}
{Heap before GC invocations=111 (full 2):
 PSYoungGen      total 1034944K, used 1034912K [0x00007fda2e550000, 0x00007fda6e550000, 0x00007fda6e550000)
  eden space 1026944K, 100% used [0x00007fda2e550000,0x00007fda6d030000,0x00007fda6d030000)
  from space 8000K, 99% used [0x00007fda6dd80000,0x00007fda6e548148,0x00007fda6e550000)
  to   space 10816K, 0% used [0x00007fda6d030000,0x00007fda6d030000,0x00007fda6dac0000)
 ParOldGen       total 2097152K, used 697030K [0x00007fd9ae550000, 0x00007fda2e550000, 0x00007fda2e550000)
  object space 2097152K, 33% used [0x00007fd9ae550000,0x00007fd9d8e01980,0x00007fda2e550000)
 PSPermGen       total 247296K, used 137470K [0x00007fd99e550000, 0x00007fd9ad6d0000, 0x00007fd9ae550000)
  object space 247296K, 55% used [0x00007fd99e550000,0x00007fd9a6b8f878,0x00007fd9ad6d0000)
7146,456: [GC [PSYoungGen: 1034912K->5216K(1037760K)] 1731942K->708405K(3134912K), 0,0158020 secs] [Times: user=0,05 sys=0,00, real=0,02 secs] 
Heap after GC invocations=111 (full 2):
 PSYoungGen      total 1037760K, used 5216K [0x00007fda2e550000, 0x00007fda6e550000, 0x00007fda6e550000)
  eden space 1026944K, 0% used [0x00007fda2e550000,0x00007fda2e550000,0x00007fda6d030000)
  from space 10816K, 48% used [0x00007fda6d030000,0x00007fda6d548030,0x00007fda6dac0000)
  to   space 10368K, 0% used [0x00007fda6db30000,0x00007fda6db30000,0x00007fda6e550000)
 ParOldGen       total 2097152K, used 703189K [0x00007fd9ae550000, 0x00007fda2e550000, 0x00007fda2e550000)
  object space 2097152K, 33% used [0x00007fd9ae550000,0x00007fd9d9405740,0x00007fda2e550000)
 PSPermGen       total 247296K, used 137470K [0x00007fd99e550000, 0x00007fd9ad6d0000, 0x00007fd9ae550000)
  object space 247296K, 55% used [0x00007fd99e550000,0x00007fd9a6b8f878,0x00007fd9ad6d0000)
}
{Heap before GC invocations=112 (full 2):
 PSYoungGen      total 1037760K, used 1032160K [0x00007fda2e550000, 0x00007fda6e550000, 0x00007fda6e550000)
  eden space 1026944K, 100% used [0x00007fda2e550000,0x00007fda6d030000,0x00007fda6d030000)
  from space 10816K, 48% used [0x00007fda6d030000,0x00007fda6d548030,0x00007fda6dac0000)
  to   space 10368K, 0% used [0x00007fda6db30000,0x00007fda6db30000,0x00007fda6e550000)
 ParOldGen       total 2097152K, used 703189K [0x00007fd9ae550000, 0x00007fda2e550000, 0x00007fda2e550000)
  object space 2097152K, 33% used [0x00007fd9ae550000,0x00007fd9d9405740,0x00007fda2e550000)
 PSPermGen       total 247296K, used 137480K [0x00007fd99e550000, 0x00007fd9ad6d0000, 0x00007fd9ae550000)
  object space 247296K, 55% used [0x00007fd99e550000,0x00007fd9a6b92288,0x00007fd9ad6d0000)
7173,228: [GC [PSYoungGen: 1032160K->8995K(1036544K)] 1735349K->715357K(3133696K), 0,0219130 secs] [Times: user=0,06 sys=0,00, real=0,02 secs] 
Heap after GC invocations=112 (full 2):
 PSYoungGen      total 1036544K, used 8995K [0x00007fda2e550000, 0x00007fda6e550000, 0x00007fda6e550000)
  eden space 1026176K, 0% used [0x00007fda2e550000,0x00007fda2e550000,0x00007fda6cf70000)
  from space 10368K, 86% used [0x00007fda6db30000,0x00007fda6e3f8ce8,0x00007fda6e550000)
  to   space 11200K, 0% used [0x00007fda6cf70000,0x00007fda6cf70000,0x00007fda6da60000)
 ParOldGen       total 2097152K, used 706361K [0x00007fd9ae550000, 0x00007fda2e550000, 0x00007fda2e550000)
  object space 2097152K, 33% used [0x00007fd9ae550000,0x00007fd9d971e770,0x00007fda2e550000)
 PSPermGen       total 247296K, used 137480K [0x00007fd99e550000, 0x00007fd9ad6d0000, 0x00007fd9ae550000)
  object space 247296K, 55% used [0x00007fd99e550000,0x00007fd9a6b92288,0x00007fd9ad6d0000)
}
{Heap before GC invocations=113 (full 2):
 PSYoungGen      total 1036544K, used 1035171K [0x00007fda2e550000, 0x00007fda6e550000, 0x00007fda6e550000)
  eden space 1026176K, 100% used [0x00007fda2e550000,0x00007fda6cf70000,0x00007fda6cf70000)
  from space 10368K, 86% used [0x00007fda6db30000,0x00007fda6e3f8ce8,0x00007fda6e550000)
  to   space 11200K, 0% used [0x00007fda6cf70000,0x00007fda6cf70000,0x00007fda6da60000)
 ParOldGen       total 2097152K, used 706361K [0x00007fd9ae550000, 0x00007fda2e550000, 0x00007fda2e550000)
  object space 2097152K, 33% used [0x00007fd9ae550000,0x00007fd9d971e770,0x00007fda2e550000)
 PSPermGen       total 247296K, used 137486K [0x00007fd99e550000, 0x00007fd9ad6d0000, 0x00007fd9ae550000)
  object space 247296K, 55% used [0x00007fd99e550000,0x00007fd9a6b93bd0,0x00007fd9ad6d0000)
7208,180: [GC [PSYoungGen: 1035171K->8985K(1035200K)] 1741533K->721945K(3132352K), 0,0225650 secs] [Times: user=0,08 sys=0,00, real=0,02 secs] 
Heap after GC invocations=113 (full 2):
 PSYoungGen      total 1035200K, used 8985K [0x00007fda2e550000, 0x00007fda6e550000, 0x00007fda6e550000)
  eden space 1026176K, 0% used [0x00007fda2e550000,0x00007fda2e550000,0x00007fda6cf70000)
  from space 9024K, 99% used [0x00007fda6cf70000,0x00007fda6d836408,0x00007fda6d840000)
  to   space 11776K, 0% used [0x00007fda6d9d0000,0x00007fda6d9d0000,0x00007fda6e550000)
 ParOldGen       total 2097152K, used 712960K [0x00007fd9ae550000, 0x00007fda2e550000, 0x00007fda2e550000)
  object space 2097152K, 33% used [0x00007fd9ae550000,0x00007fd9d9d90348,0x00007fda2e550000)
 PSPermGen       total 247296K, used 137486K [0x00007fd99e550000, 0x00007fd9ad6d0000, 0x00007fd9ae550000)
  object space 247296K, 55% used [0x00007fd99e550000,0x00007fd9a6b93bd0,0x00007fd9ad6d0000)
}
{Heap before GC invocations=114 (full 2):
 PSYoungGen      total 1035200K, used 1035161K [0x00007fda2e550000, 0x00007fda6e550000, 0x00007fda6e550000)
  eden space 1026176K, 100% used [0x00007fda2e550000,0x00007fda6cf70000,0x00007fda6cf70000)
  from space 9024K, 99% used [0x00007fda6cf70000,0x00007fda6d836408,0x00007fda6d840000)
  to   space 11776K, 0% used [0x00007fda6d9d0000,0x00007fda6d9d0000,0x00007fda6e550000)
 ParOldGen       total 2097152K, used 712960K [0x00007fd9ae550000, 0x00007fda2e550000, 0x00007fda2e550000)
  object space 2097152K, 33% used [0x00007fd9ae550000,0x00007fd9d9d90348,0x00007fda2e550000)
 PSPermGen       total 247296K, used 137558K [0x00007fd99e550000, 0x00007fd9ad6d0000, 0x00007fd9ae550000)
  object space 247296K, 55% used [0x00007fd99e550000,0x00007fd9a6ba5a98,0x00007fd9ad6d0000)
7227,835: [GC [PSYoungGen: 1035161K->10946K(1034368K)] 1748121K->730355K(3131520K), 0,0226000 secs] [Times: user=0,08 sys=0,00, real=0,02 secs] 
Heap after GC invocations=114 (full 2):
 PSYoungGen      total 1034368K, used 10946K [0x00007fda2e550000, 0x00007fda6e550000, 0x00007fda6e550000)
  eden space 1022592K, 0% used [0x00007fda2e550000,0x00007fda2e550000,0x00007fda6cbf0000)
  from space 11776K, 92% used [0x00007fda6d9d0000,0x00007fda6e480908,0x00007fda6e550000)
  to   space 12992K, 0% used [0x00007fda6cbf0000,0x00007fda6cbf0000,0x00007fda6d8a0000)
 ParOldGen       total 2097152K, used 719409K [0x00007fd9ae550000, 0x00007fda2e550000, 0x00007fda2e550000)
  object space 2097152K, 34% used [0x00007fd9ae550000,0x00007fd9da3dc6c8,0x00007fda2e550000)
 PSPermGen       total 247296K, used 137558K [0x00007fd99e550000, 0x00007fd9ad6d0000, 0x00007fd9ae550000)
  object space 247296K, 55% used [0x00007fd99e550000,0x00007fd9a6ba5a98,0x00007fd9ad6d0000)
}
{Heap before GC invocations=115 (full 2):
 PSYoungGen      total 1034368K, used 1033538K [0x00007fda2e550000, 0x00007fda6e550000, 0x00007fda6e550000)
  eden space 1022592K, 100% used [0x00007fda2e550000,0x00007fda6cbf0000,0x00007fda6cbf0000)
  from space 11776K, 92% used [0x00007fda6d9d0000,0x00007fda6e480908,0x00007fda6e550000)
  to   space 12992K, 0% used [0x00007fda6cbf0000,0x00007fda6cbf0000,0x00007fda6d8a0000)
 ParOldGen       total 2097152K, used 719409K [0x00007fd9ae550000, 0x00007fda2e550000, 0x00007fda2e550000)
  object space 2097152K, 34% used [0x00007fd9ae550000,0x00007fd9da3dc6c8,0x00007fda2e550000)
 PSPermGen       total 247296K, used 137636K [0x00007fd99e550000, 0x00007fd9ad6d0000, 0x00007fd9ae550000)
  object space 247296K, 55% used [0x00007fd99e550000,0x00007fd9a6bb9030,0x00007fd9ad6d0000)
7247,218: [GC [PSYoungGen: 1033538K->7136K(1035584K)] 1752947K->735792K(3132736K), 0,0251130 secs] [Times: user=0,09 sys=0,00, real=0,03 secs] 
Heap after GC invocations=115 (full 2):
 PSYoungGen      total 1035584K, used 7136K [0x00007fda2e550000, 0x00007fda6e550000, 0x00007fda6e550000)
  eden space 1022592K, 0% used [0x00007fda2e550000,0x00007fda2e550000,0x00007fda6cbf0000)
  from space 12992K, 54% used [0x00007fda6cbf0000,0x00007fda6d2e8000,0x00007fda6d8a0000)
  to   space 12544K, 0% used [0x00007fda6d910000,0x00007fda6d910000,0x00007fda6e550000)
 ParOldGen       total 2097152K, used 728656K [0x00007fd9ae550000, 0x00007fda2e550000, 0x00007fda2e550000)
  object space 2097152K, 34% used [0x00007fd9ae550000,0x00007fd9dace40b8,0x00007fda2e550000)
 PSPermGen       total 247296K, used 137636K [0x00007fd99e550000, 0x00007fd9ad6d0000, 0x00007fd9ae550000)
  object space 247296K, 55% used [0x00007fd99e550000,0x00007fd9a6bb9030,0x00007fd9ad6d0000)
}
{Heap before GC invocations=116 (full 2):
 PSYoungGen      total 1035584K, used 914901K [0x00007fda2e550000, 0x00007fda6e550000, 0x00007fda6e550000)
  eden space 1022592K, 88% used [0x00007fda2e550000,0x00007fda65bcd530,0x00007fda6cbf0000)
  from space 12992K, 54% used [0x00007fda6cbf0000,0x00007fda6d2e8000,0x00007fda6d8a0000)
  to   space 12544K, 0% used [0x00007fda6d910000,0x00007fda6d910000,0x00007fda6e550000)
 ParOldGen       total 2097152K, used 728656K [0x00007fd9ae550000, 0x00007fda2e550000, 0x00007fda2e550000)
  object space 2097152K, 34% used [0x00007fd9ae550000,0x00007fd9dace40b8,0x00007fda2e550000)
 PSPermGen       total 247296K, used 137657K [0x00007fd99e550000, 0x00007fd9ad6d0000, 0x00007fd9ae550000)
  object space 247296K, 55% used [0x00007fd99e550000,0x00007fd9a6bbe488,0x00007fd9ad6d0000)
7272,934: [GC [PSYoungGen: 914901K->7936K(1036160K)] 1643557K->742026K(3133312K), 0,0193290 secs] [Times: user=0,07 sys=0,01, real=0,02 secs] 
Heap after GC invocations=116 (full 2):
 PSYoungGen      total 1036160K, used 7936K [0x00007fda2e550000, 0x00007fda6e550000, 0x00007fda6e550000)
  eden space 1023616K, 0% used [0x00007fda2e550000,0x00007fda2e550000,0x00007fda6ccf0000)
  from space 12544K, 63% used [0x00007fda6d910000,0x00007fda6e0d0000,0x00007fda6e550000)
  to   space 12416K, 0% used [0x00007fda6ccf0000,0x00007fda6ccf0000,0x00007fda6d910000)
 ParOldGen       total 2097152K, used 734090K [0x00007fd9ae550000, 0x00007fda2e550000, 0x00007fda2e550000)
  object space 2097152K, 35% used [0x00007fd9ae550000,0x00007fd9db232a08,0x00007fda2e550000)
 PSPermGen       total 247296K, used 137657K [0x00007fd99e550000, 0x00007fd9ad6d0000, 0x00007fd9ae550000)
  object space 247296K, 55% used [0x00007fd99e550000,0x00007fd9a6bbe488,0x00007fd9ad6d0000)
}
{Heap before GC invocations=117 (full 3):
 PSYoungGen      total 1036160K, used 7936K [0x00007fda2e550000, 0x00007fda6e550000, 0x00007fda6e550000)
  eden space 1023616K, 0% used [0x00007fda2e550000,0x00007fda2e550000,0x00007fda6ccf0000)
  from space 12544K, 63% used [0x00007fda6d910000,0x00007fda6e0d0000,0x00007fda6e550000)
  to   space 12416K, 0% used [0x00007fda6ccf0000,0x00007fda6ccf0000,0x00007fda6d910000)
 ParOldGen       total 2097152K, used 734090K [0x00007fd9ae550000, 0x00007fda2e550000, 0x00007fda2e550000)
  object space 2097152K, 35% used [0x00007fd9ae550000,0x00007fd9db232a08,0x00007fda2e550000)
 PSPermGen       total 247296K, used 137657K [0x00007fd99e550000, 0x00007fd9ad6d0000, 0x00007fd9ae550000)
  object space 247296K, 55% used [0x00007fd99e550000,0x00007fd9a6bbe488,0x00007fd9ad6d0000)
7272,953: [Full GC (System) [PSYoungGen: 7936K->0K(1036160K)] [ParOldGen: 734090K->615069K(2097152K)] 742026K->615069K(3133312K) [PSPermGen: 137657K->137561K(257536K)], 1,8791550 secs] [Times: user=6,18 sys=0,03, real=1,88 secs] 
Heap after GC invocations=117 (full 3):
 PSYoungGen      total 1036160K, used 0K [0x00007fda2e550000, 0x00007fda6e550000, 0x00007fda6e550000)
  eden space 1023616K, 0% used [0x00007fda2e550000,0x00007fda2e550000,0x00007fda6ccf0000)
  from space 12544K, 0% used [0x00007fda6d910000,0x00007fda6d910000,0x00007fda6e550000)
  to   space 12416K, 0% used [0x00007fda6ccf0000,0x00007fda6ccf0000,0x00007fda6d910000)
 ParOldGen       total 2097152K, used 615069K [0x00007fd9ae550000, 0x00007fda2e550000, 0x00007fda2e550000)
  object space 2097152K, 29% used [0x00007fd9ae550000,0x00007fd9d3df7680,0x00007fda2e550000)
 PSPermGen       total 257536K, used 137561K [0x00007fd99e550000, 0x00007fd9ae0d0000, 0x00007fd9ae550000)
  object space 257536K, 53% used [0x00007fd99e550000,0x00007fd9a6ba66f0,0x00007fd9ae0d0000)
}
{Heap before GC invocations=118 (full 3):
 PSYoungGen      total 1036160K, used 1023616K [0x00007fda2e550000, 0x00007fda6e550000, 0x00007fda6e550000)
  eden space 1023616K, 100% used [0x00007fda2e550000,0x00007fda6ccf0000,0x00007fda6ccf0000)
  from space 12544K, 0% used [0x00007fda6d910000,0x00007fda6d910000,0x00007fda6e550000)
  to   space 12416K, 0% used [0x00007fda6ccf0000,0x00007fda6ccf0000,0x00007fda6d910000)
 ParOldGen       total 2097152K, used 615069K [0x00007fd9ae550000, 0x00007fda2e550000, 0x00007fda2e550000)
  object space 2097152K, 29% used [0x00007fd9ae550000,0x00007fd9d3df7680,0x00007fda2e550000)
 PSPermGen       total 257536K, used 137596K [0x00007fd99e550000, 0x00007fd9ae0d0000, 0x00007fd9ae550000)
  object space 257536K, 53% used [0x00007fd99e550000,0x00007fd9a6baf340,0x00007fd9ae0d0000)
7295,469: [GC [PSYoungGen: 1023616K->8241K(1036032K)] 1638685K->623310K(3133184K), 0,0138550 secs] [Times: user=0,06 sys=0,00, real=0,01 secs] 
Heap after GC invocations=118 (full 3):
 PSYoungGen      total 1036032K, used 8241K [0x00007fda2e550000, 0x00007fda6e550000, 0x00007fda6e550000)
  eden space 1023616K, 0% used [0x00007fda2e550000,0x00007fda2e550000,0x00007fda6ccf0000)
  from space 12416K, 66% used [0x00007fda6ccf0000,0x00007fda6d4fc498,0x00007fda6d910000)
  to   space 12352K, 0% used [0x00007fda6d940000,0x00007fda6d940000,0x00007fda6e550000)
 ParOldGen       total 2097152K, used 615069K [0x00007fd9ae550000, 0x00007fda2e550000, 0x00007fda2e550000)
  object space 2097152K, 29% used [0x00007fd9ae550000,0x00007fd9d3df7680,0x00007fda2e550000)
 PSPermGen       total 257536K, used 137596K [0x00007fd99e550000, 0x00007fd9ae0d0000, 0x00007fd9ae550000)
  object space 257536K, 53% used [0x00007fd99e550000,0x00007fd9a6baf340,0x00007fd9ae0d0000)
}
{Heap before GC invocations=119 (full 3):
 PSYoungGen      total 1036032K, used 1031857K [0x00007fda2e550000, 0x00007fda6e550000, 0x00007fda6e550000)
  eden space 1023616K, 100% used [0x00007fda2e550000,0x00007fda6ccf0000,0x00007fda6ccf0000)
  from space 12416K, 66% used [0x00007fda6ccf0000,0x00007fda6d4fc498,0x00007fda6d910000)
  to   space 12352K, 0% used [0x00007fda6d940000,0x00007fda6d940000,0x00007fda6e550000)
 ParOldGen       total 2097152K, used 615069K [0x00007fd9ae550000, 0x00007fda2e550000, 0x00007fda2e550000)
  object space 2097152K, 29% used [0x00007fd9ae550000,0x00007fd9d3df7680,0x00007fda2e550000)
 PSPermGen       total 257536K, used 137653K [0x00007fd99e550000, 0x00007fd9ae0d0000, 0x00007fd9ae550000)
  object space 257536K, 53% used [0x00007fd99e550000,0x00007fd9a6bbd638,0x00007fd9ae0d0000)
7313,775: [GC [PSYoungGen: 1031857K->9488K(1035456K)] 1646926K->631252K(3132608K), 0,0205680 secs] [Times: user=0,08 sys=0,00, real=0,02 secs] 
Heap after GC invocations=119 (full 3):
 PSYoungGen      total 1035456K, used 9488K [0x00007fda2e550000, 0x00007fda6e550000, 0x00007fda6e550000)
  eden space 1023104K, 0% used [0x00007fda2e550000,0x00007fda2e550000,0x00007fda6cc70000)
  from space 12352K, 76% used [0x00007fda6d940000,0x00007fda6e284390,0x00007fda6e550000)
  to   space 12736K, 0% used [0x00007fda6cc70000,0x00007fda6cc70000,0x00007fda6d8e0000)
 ParOldGen       total 2097152K, used 621763K [0x00007fd9ae550000, 0x00007fda2e550000, 0x00007fda2e550000)
  object space 2097152K, 29% used [0x00007fd9ae550000,0x00007fd9d4480c80,0x00007fda2e550000)
 PSPermGen       total 257536K, used 137653K [0x00007fd99e550000, 0x00007fd9ae0d0000, 0x00007fd9ae550000)
  object space 257536K, 53% used [0x00007fd99e550000,0x00007fd9a6bbd638,0x00007fd9ae0d0000)
}
{Heap before GC invocations=120 (full 3):
 PSYoungGen      total 1035456K, used 1032592K [0x00007fda2e550000, 0x00007fda6e550000, 0x00007fda6e550000)
  eden space 1023104K, 100% used [0x00007fda2e550000,0x00007fda6cc70000,0x00007fda6cc70000)
  from space 12352K, 76% used [0x00007fda6d940000,0x00007fda6e284390,0x00007fda6e550000)
  to   space 12736K, 0% used [0x00007fda6cc70000,0x00007fda6cc70000,0x00007fda6d8e0000)
 ParOldGen       total 2097152K, used 621763K [0x00007fd9ae550000, 0x00007fda2e550000, 0x00007fda2e550000)
  object space 2097152K, 29% used [0x00007fd9ae550000,0x00007fd9d4480c80,0x00007fda2e550000)
 PSPermGen       total 257536K, used 137665K [0x00007fd99e550000, 0x00007fd9ae0d0000, 0x00007fd9ae550000)
  object space 257536K, 53% used [0x00007fd99e550000,0x00007fd9a6bc0480,0x00007fd9ae0d0000)
7327,939: [GC [PSYoungGen: 1032592K->9216K(1032384K)] 1654356K->638183K(3129536K), 0,0271130 secs] [Times: user=0,07 sys=0,00, real=0,03 secs] 
Heap after GC invocations=120 (full 3):
 PSYoungGen      total 1032384K, used 9216K [0x00007fda2e550000, 0x00007fda6e550000, 0x00007fda6e550000)
  eden space 1023104K, 0% used [0x00007fda2e550000,0x00007fda2e550000,0x00007fda6cc70000)
  from space 9280K, 99% used [0x00007fda6cc70000,0x00007fda6d570030,0x00007fda6d580000)
  to   space 12928K, 0% used [0x00007fda6d8b0000,0x00007fda6d8b0000,0x00007fda6e550000)
 ParOldGen       total 2097152K, used 628967K [0x00007fd9ae550000, 0x00007fda2e550000, 0x00007fda2e550000)
  object space 2097152K, 29% used [0x00007fd9ae550000,0x00007fd9d4b89cc0,0x00007fda2e550000)
 PSPermGen       total 257536K, used 137665K [0x00007fd99e550000, 0x00007fd9ae0d0000, 0x00007fd9ae550000)
  object space 257536K, 53% used [0x00007fd99e550000,0x00007fd9a6bc0480,0x00007fd9ae0d0000)
}
{Heap before GC invocations=121 (full 3):
 PSYoungGen      total 1032384K, used 1032320K [0x00007fda2e550000, 0x00007fda6e550000, 0x00007fda6e550000)
  eden space 1023104K, 100% used [0x00007fda2e550000,0x00007fda6cc70000,0x00007fda6cc70000)
  from space 9280K, 99% used [0x00007fda6cc70000,0x00007fda6d570030,0x00007fda6d580000)
  to   space 12928K, 0% used [0x00007fda6d8b0000,0x00007fda6d8b0000,0x00007fda6e550000)
 ParOldGen       total 2097152K, used 628967K [0x00007fd9ae550000, 0x00007fda2e550000, 0x00007fda2e550000)
  object space 2097152K, 29% used [0x00007fd9ae550000,0x00007fd9d4b89cc0,0x00007fda2e550000)
 PSPermGen       total 257536K, used 137726K [0x00007fd99e550000, 0x00007fd9ae0d0000, 0x00007fd9ae550000)
  object space 257536K, 53% used [0x00007fd99e550000,0x00007fd9a6bcf900,0x00007fd9ae0d0000)
7347,243: [GC [PSYoungGen: 1032320K->5377K(1035840K)] 1661287K->641690K(3132992K), 0,0206870 secs] [Times: user=0,07 sys=0,00, real=0,02 secs] 
Heap after GC invocations=121 (full 3):
 PSYoungGen      total 1035840K, used 5377K [0x00007fda2e550000, 0x00007fda6e550000, 0x00007fda6e550000)
  eden space 1022912K, 0% used [0x00007fda2e550000,0x00007fda2e550000,0x00007fda6cc40000)
  from space 12928K, 41% used [0x00007fda6d8b0000,0x00007fda6ddf06c0,0x00007fda6e550000)
  to   space 12736K, 0% used [0x00007fda6cc40000,0x00007fda6cc40000,0x00007fda6d8b0000)
 ParOldGen       total 2097152K, used 636312K [0x00007fd9ae550000, 0x00007fda2e550000, 0x00007fda2e550000)
  object space 2097152K, 30% used [0x00007fd9ae550000,0x00007fd9d52b6350,0x00007fda2e550000)
 PSPermGen       total 257536K, used 137726K [0x00007fd99e550000, 0x00007fd9ae0d0000, 0x00007fd9ae550000)
  object space 257536K, 53% used [0x00007fd99e550000,0x00007fd9a6bcf900,0x00007fd9ae0d0000)
}
{Heap before GC invocations=122 (full 3):
 PSYoungGen      total 1035840K, used 1028289K [0x00007fda2e550000, 0x00007fda6e550000, 0x00007fda6e550000)
  eden space 1022912K, 100% used [0x00007fda2e550000,0x00007fda6cc40000,0x00007fda6cc40000)
  from space 12928K, 41% used [0x00007fda6d8b0000,0x00007fda6ddf06c0,0x00007fda6e550000)
  to   space 12736K, 0% used [0x00007fda6cc40000,0x00007fda6cc40000,0x00007fda6d8b0000)
 ParOldGen       total 2097152K, used 636312K [0x00007fd9ae550000, 0x00007fda2e550000, 0x00007fda2e550000)
  object space 2097152K, 30% used [0x00007fd9ae550000,0x00007fd9d52b6350,0x00007fda2e550000)
 PSPermGen       total 257536K, used 137735K [0x00007fd99e550000, 0x00007fd9ae0d0000, 0x00007fd9ae550000)
  object space 257536K, 53% used [0x00007fd99e550000,0x00007fd9a6bd1cd8,0x00007fd9ae0d0000)
7355,979: [GC [PSYoungGen: 1028289K->7824K(1035648K)] 1664602K->648188K(3132800K), 0,0198010 secs] [Times: user=0,06 sys=0,00, real=0,02 secs] 
Heap after GC invocations=122 (full 3):
 PSYoungGen      total 1035648K, used 7824K [0x00007fda2e550000, 0x00007fda6e550000, 0x00007fda6e550000)
  eden space 1022912K, 0% used [0x00007fda2e550000,0x00007fda2e550000,0x00007fda6cc40000)
  from space 12736K, 61% used [0x00007fda6cc40000,0x00007fda6d3e4048,0x00007fda6d8b0000)
  to   space 12416K, 0% used [0x00007fda6d930000,0x00007fda6d930000,0x00007fda6e550000)
 ParOldGen       total 2097152K, used 640364K [0x00007fd9ae550000, 0x00007fda2e550000, 0x00007fda2e550000)
  object space 2097152K, 30% used [0x00007fd9ae550000,0x00007fd9d56ab2d8,0x00007fda2e550000)
 PSPermGen       total 257536K, used 137735K [0x00007fd99e550000, 0x00007fd9ae0d0000, 0x00007fd9ae550000)
  object space 257536K, 53% used [0x00007fd99e550000,0x00007fd9a6bd1cd8,0x00007fd9ae0d0000)
}
{Heap before GC invocations=123 (full 3):
 PSYoungGen      total 1035648K, used 1030736K [0x00007fda2e550000, 0x00007fda6e550000, 0x00007fda6e550000)
  eden space 1022912K, 100% used [0x00007fda2e550000,0x00007fda6cc40000,0x00007fda6cc40000)
  from space 12736K, 61% used [0x00007fda6cc40000,0x00007fda6d3e4048,0x00007fda6d8b0000)
  to   space 12416K, 0% used [0x00007fda6d930000,0x00007fda6d930000,0x00007fda6e550000)
 ParOldGen       total 2097152K, used 640364K [0x00007fd9ae550000, 0x00007fda2e550000, 0x00007fda2e550000)
  object space 2097152K, 30% used [0x00007fd9ae550000,0x00007fd9d56ab2d8,0x00007fda2e550000)
 PSPermGen       total 257536K, used 137739K [0x00007fd99e550000, 0x00007fd9ae0d0000, 0x00007fd9ae550000)
  object space 257536K, 53% used [0x00007fd99e550000,0x00007fd9a6bd2cd8,0x00007fd9ae0d0000)
7362,504: [GC [PSYoungGen: 1030736K->3214K(1035776K)] 1671100K->649776K(3132928K), 0,0139310 secs] [Times: user=0,05 sys=0,00, real=0,01 secs] 
Heap after GC invocations=123 (full 3):
 PSYoungGen      total 1035776K, used 3214K [0x00007fda2e550000, 0x00007fda6e550000, 0x00007fda6e550000)
  eden space 1023360K, 0% used [0x00007fda2e550000,0x00007fda2e550000,0x00007fda6ccb0000)
  from space 12416K, 25% used [0x00007fda6d930000,0x00007fda6dc53ba8,0x00007fda6e550000)
  to   space 12608K, 0% used [0x00007fda6ccb0000,0x00007fda6ccb0000,0x00007fda6d900000)
 ParOldGen       total 2097152K, used 646561K [0x00007fd9ae550000, 0x00007fda2e550000, 0x00007fda2e550000)
  object space 2097152K, 30% used [0x00007fd9ae550000,0x00007fd9d5cb87c8,0x00007fda2e550000)
 PSPermGen       total 257536K, used 137739K [0x00007fd99e550000, 0x00007fd9ae0d0000, 0x00007fd9ae550000)
  object space 257536K, 53% used [0x00007fd99e550000,0x00007fd9a6bd2cd8,0x00007fd9ae0d0000)
}
{Heap before GC invocations=124 (full 3):
 PSYoungGen      total 1035776K, used 1026574K [0x00007fda2e550000, 0x00007fda6e550000, 0x00007fda6e550000)
  eden space 1023360K, 100% used [0x00007fda2e550000,0x00007fda6ccb0000,0x00007fda6ccb0000)
  from space 12416K, 25% used [0x00007fda6d930000,0x00007fda6dc53ba8,0x00007fda6e550000)
  to   space 12608K, 0% used [0x00007fda6ccb0000,0x00007fda6ccb0000,0x00007fda6d900000)
 ParOldGen       total 2097152K, used 646561K [0x00007fd9ae550000, 0x00007fda2e550000, 0x00007fda2e550000)
  object space 2097152K, 30% used [0x00007fd9ae550000,0x00007fd9d5cb87c8,0x00007fda2e550000)
 PSPermGen       total 257536K, used 137786K [0x00007fd99e550000, 0x00007fd9ae0d0000, 0x00007fd9ae550000)
  object space 257536K, 53% used [0x00007fd99e550000,0x00007fd9a6bde9e0,0x00007fd9ae0d0000)
7381,080: [GC [PSYoungGen: 1026574K->10610K(1033984K)] 1673136K->659180K(3131136K), 0,0176560 secs] [Times: user=0,07 sys=0,00, real=0,02 secs] 
Heap after GC invocations=124 (full 3):
 PSYoungGen      total 1033984K, used 10610K [0x00007fda2e550000, 0x00007fda6e550000, 0x00007fda6e550000)
  eden space 1023360K, 0% used [0x00007fda2e550000,0x00007fda2e550000,0x00007fda6ccb0000)
  from space 10624K, 99% used [0x00007fda6ccb0000,0x00007fda6d70c920,0x00007fda6d710000)
  to   space 13440K, 0% used [0x00007fda6d830000,0x00007fda6d830000,0x00007fda6e550000)
 ParOldGen       total 2097152K, used 648569K [0x00007fd9ae550000, 0x00007fda2e550000, 0x00007fda2e550000)
  object space 2097152K, 30% used [0x00007fd9ae550000,0x00007fd9d5eae7b8,0x00007fda2e550000)
 PSPermGen       total 257536K, used 137786K [0x00007fd99e550000, 0x00007fd9ae0d0000, 0x00007fd9ae550000)
  object space 257536K, 53% used [0x00007fd99e550000,0x00007fd9a6bde9e0,0x00007fd9ae0d0000)
}
{Heap before GC invocations=125 (full 3):
 PSYoungGen      total 1033984K, used 1033970K [0x00007fda2e550000, 0x00007fda6e550000, 0x00007fda6e550000)
  eden space 1023360K, 100% used [0x00007fda2e550000,0x00007fda6ccb0000,0x00007fda6ccb0000)
  from space 10624K, 99% used [0x00007fda6ccb0000,0x00007fda6d70c920,0x00007fda6d710000)
  to   space 13440K, 0% used [0x00007fda6d830000,0x00007fda6d830000,0x00007fda6e550000)
 ParOldGen       total 2097152K, used 648569K [0x00007fd9ae550000, 0x00007fda2e550000, 0x00007fda2e550000)
  object space 2097152K, 30% used [0x00007fd9ae550000,0x00007fd9d5eae7b8,0x00007fda2e550000)
 PSPermGen       total 257536K, used 137847K [0x00007fd99e550000, 0x00007fd9ae0d0000, 0x00007fd9ae550000)
  object space 257536K, 53% used [0x00007fd99e550000,0x00007fd9a6bedeb8,0x00007fd9ae0d0000)
7400,235: [GC [PSYoungGen: 1033970K->7202K(1035776K)] 1682540K->663850K(3132928K), 0,0187110 secs] [Times: user=0,08 sys=0,00, real=0,02 secs] 
Heap after GC invocations=125 (full 3):
 PSYoungGen      total 1035776K, used 7202K [0x00007fda2e550000, 0x00007fda6e550000, 0x00007fda6e550000)
  eden space 1022336K, 0% used [0x00007fda2e550000,0x00007fda2e550000,0x00007fda6cbb0000)
  from space 13440K, 53% used [0x00007fda6d830000,0x00007fda6df38810,0x00007fda6e550000)
  to   space 12800K, 0% used [0x00007fda6cbb0000,0x00007fda6cbb0000,0x00007fda6d830000)
 ParOldGen       total 2097152K, used 656648K [0x00007fd9ae550000, 0x00007fda2e550000, 0x00007fda2e550000)
  object space 2097152K, 31% used [0x00007fd9ae550000,0x00007fd9d66921e8,0x00007fda2e550000)
 PSPermGen       total 257536K, used 137847K [0x00007fd99e550000, 0x00007fd9ae0d0000, 0x00007fd9ae550000)
  object space 257536K, 53% used [0x00007fd99e550000,0x00007fd9a6bedeb8,0x00007fd9ae0d0000)
}
{Heap before GC invocations=126 (full 3):
 PSYoungGen      total 1035776K, used 1029538K [0x00007fda2e550000, 0x00007fda6e550000, 0x00007fda6e550000)
  eden space 1022336K, 100% used [0x00007fda2e550000,0x00007fda6cbb0000,0x00007fda6cbb0000)
  from space 13440K, 53% used [0x00007fda6d830000,0x00007fda6df38810,0x00007fda6e550000)
  to   space 12800K, 0% used [0x00007fda6cbb0000,0x00007fda6cbb0000,0x00007fda6d830000)
 ParOldGen       total 2097152K, used 656648K [0x00007fd9ae550000, 0x00007fda2e550000, 0x00007fda2e550000)
  object space 2097152K, 31% used [0x00007fd9ae550000,0x00007fd9d66921e8,0x00007fda2e550000)
 PSPermGen       total 257536K, used 137913K [0x00007fd99e550000, 0x00007fd9ae0d0000, 0x00007fd9ae550000)
  object space 257536K, 53% used [0x00007fd99e550000,0x00007fd9a6bfe6d0,0x00007fd9ae0d0000)
7417,295: [GC [PSYoungGen: 1029538K->7520K(1035136K)] 1686186K->669208K(3132288K), 0,0168720 secs] [Times: user=0,07 sys=0,00, real=0,02 secs] 
Heap after GC invocations=126 (full 3):
 PSYoungGen      total 1035136K, used 7520K [0x00007fda2e550000, 0x00007fda6e550000, 0x00007fda6e550000)
  eden space 1022336K, 0% used [0x00007fda2e550000,0x00007fda2e550000,0x00007fda6cbb0000)
  from space 12800K, 58% used [0x00007fda6cbb0000,0x00007fda6d308148,0x00007fda6d830000)
  to   space 12352K, 0% used [0x00007fda6d940000,0x00007fda6d940000,0x00007fda6e550000)
 ParOldGen       total 2097152K, used 661688K [0x00007fd9ae550000, 0x00007fda2e550000, 0x00007fda2e550000)
  object space 2097152K, 31% used [0x00007fd9ae550000,0x00007fd9d6b7e1e8,0x00007fda2e550000)
 PSPermGen       total 257536K, used 137913K [0x00007fd99e550000, 0x00007fd9ae0d0000, 0x00007fd9ae550000)
  object space 257536K, 53% used [0x00007fd99e550000,0x00007fd9a6bfe6d0,0x00007fd9ae0d0000)
}
{Heap before GC invocations=127 (full 3):
 PSYoungGen      total 1035136K, used 1029856K [0x00007fda2e550000, 0x00007fda6e550000, 0x00007fda6e550000)
  eden space 1022336K, 100% used [0x00007fda2e550000,0x00007fda6cbb0000,0x00007fda6cbb0000)
  from space 12800K, 58% used [0x00007fda6cbb0000,0x00007fda6d308148,0x00007fda6d830000)
  to   space 12352K, 0% used [0x00007fda6d940000,0x00007fda6d940000,0x00007fda6e550000)
 ParOldGen       total 2097152K, used 661688K [0x00007fd9ae550000, 0x00007fda2e550000, 0x00007fda2e550000)
  object space 2097152K, 31% used [0x00007fd9ae550000,0x00007fd9d6b7e1e8,0x00007fda2e550000)
 PSPermGen       total 257536K, used 137921K [0x00007fd99e550000, 0x00007fd9ae0d0000, 0x00007fd9ae550000)
  object space 257536K, 53% used [0x00007fd99e550000,0x00007fd9a6c00428,0x00007fd9ae0d0000)
7430,177: [GC [PSYoungGen: 1029856K->4000K(1036096K)] 1691544K->671572K(3133248K), 0,0176880 secs] [Times: user=0,07 sys=0,00, real=0,02 secs] 
Heap after GC invocations=127 (full 3):
 PSYoungGen      total 1036096K, used 4000K [0x00007fda2e550000, 0x00007fda6e550000, 0x00007fda6e550000)
  eden space 1023744K, 0% used [0x00007fda2e550000,0x00007fda2e550000,0x00007fda6cd10000)
  from space 12352K, 32% used [0x00007fda6d940000,0x00007fda6dd28000,0x00007fda6e550000)
  to   space 12416K, 0% used [0x00007fda6cd10000,0x00007fda6cd10000,0x00007fda6d930000)
 ParOldGen       total 2097152K, used 667572K [0x00007fd9ae550000, 0x00007fda2e550000, 0x00007fda2e550000)
  object space 2097152K, 31% used [0x00007fd9ae550000,0x00007fd9d713d2a8,0x00007fda2e550000)
 PSPermGen       total 257536K, used 137921K [0x00007fd99e550000, 0x00007fd9ae0d0000, 0x00007fd9ae550000)
  object space 257536K, 53% used [0x00007fd99e550000,0x00007fd9a6c00428,0x00007fd9ae0d0000)
}
{Heap before GC invocations=128 (full 3):
 PSYoungGen      total 1036096K, used 1027744K [0x00007fda2e550000, 0x00007fda6e550000, 0x00007fda6e550000)
  eden space 1023744K, 100% used [0x00007fda2e550000,0x00007fda6cd10000,0x00007fda6cd10000)
  from space 12352K, 32% used [0x00007fda6d940000,0x00007fda6dd28000,0x00007fda6e550000)
  to   space 12416K, 0% used [0x00007fda6cd10000,0x00007fda6cd10000,0x00007fda6d930000)
 ParOldGen       total 2097152K, used 667572K [0x00007fd9ae550000, 0x00007fda2e550000, 0x00007fda2e550000)
  object space 2097152K, 31% used [0x00007fd9ae550000,0x00007fd9d713d2a8,0x00007fda2e550000)
 PSPermGen       total 257536K, used 137970K [0x00007fd99e550000, 0x00007fd9ae0d0000, 0x00007fd9ae550000)
  object space 257536K, 53% used [0x00007fd99e550000,0x00007fd9a6c0cbd0,0x00007fd9ae0d0000)
7453,265: [GC [PSYoungGen: 1027744K->4416K(1036160K)] 1695316K->674732K(3133312K), 0,0234140 secs] [Times: user=0,06 sys=0,00, real=0,02 secs] 
Heap after GC invocations=128 (full 3):
 PSYoungGen      total 1036160K, used 4416K [0x00007fda2e550000, 0x00007fda6e550000, 0x00007fda6e550000)
  eden space 1023744K, 0% used [0x00007fda2e550000,0x00007fda2e550000,0x00007fda6cd10000)
  from space 12416K, 35% used [0x00007fda6cd10000,0x00007fda6d160000,0x00007fda6d930000)
  to   space 12288K, 0% used [0x00007fda6d950000,0x00007fda6d950000,0x00007fda6e550000)
 ParOldGen       total 2097152K, used 670316K [0x00007fd9ae550000, 0x00007fda2e550000, 0x00007fda2e550000)
  object space 2097152K, 31% used [0x00007fd9ae550000,0x00007fd9d73eb020,0x00007fda2e550000)
 PSPermGen       total 257536K, used 137970K [0x00007fd99e550000, 0x00007fd9ae0d0000, 0x00007fd9ae550000)
  object space 257536K, 53% used [0x00007fd99e550000,0x00007fd9a6c0cbd0,0x00007fd9ae0d0000)
}
{Heap before GC invocations=129 (full 3):
 PSYoungGen      total 1036160K, used 1028160K [0x00007fda2e550000, 0x00007fda6e550000, 0x00007fda6e550000)
  eden space 1023744K, 100% used [0x00007fda2e550000,0x00007fda6cd10000,0x00007fda6cd10000)
  from space 12416K, 35% used [0x00007fda6cd10000,0x00007fda6d160000,0x00007fda6d930000)
  to   space 12288K, 0% used [0x00007fda6d950000,0x00007fda6d950000,0x00007fda6e550000)
 ParOldGen       total 2097152K, used 670316K [0x00007fd9ae550000, 0x00007fda2e550000, 0x00007fda2e550000)
  object space 2097152K, 31% used [0x00007fd9ae550000,0x00007fd9d73eb020,0x00007fda2e550000)
 PSPermGen       total 257536K, used 137985K [0x00007fd99e550000, 0x00007fd9ae0d0000, 0x00007fd9ae550000)
  object space 257536K, 53% used [0x00007fd99e550000,0x00007fd9a6c104f8,0x00007fd9ae0d0000)
7474,848: [GC [PSYoungGen: 1028160K->7024K(1036736K)] 1698476K->680100K(3133888K), 0,0149320 secs] [Times: user=0,05 sys=0,00, real=0,01 secs] 
Heap after GC invocations=129 (full 3):
 PSYoungGen      total 1036736K, used 7024K [0x00007fda2e550000, 0x00007fda6e550000, 0x00007fda6e550000)
  eden space 1024448K, 0% used [0x00007fda2e550000,0x00007fda2e550000,0x00007fda6cdc0000)
  from space 12288K, 57% used [0x00007fda6d950000,0x00007fda6e02c030,0x00007fda6e550000)
  to   space 11840K, 0% used [0x00007fda6cdc0000,0x00007fda6cdc0000,0x00007fda6d950000)
 ParOldGen       total 2097152K, used 673076K [0x00007fd9ae550000, 0x00007fda2e550000, 0x00007fda2e550000)
  object space 2097152K, 32% used [0x00007fd9ae550000,0x00007fd9d769d2d8,0x00007fda2e550000)
 PSPermGen       total 257536K, used 137985K [0x00007fd99e550000, 0x00007fd9ae0d0000, 0x00007fd9ae550000)
  object space 257536K, 53% used [0x00007fd99e550000,0x00007fd9a6c104f8,0x00007fd9ae0d0000)
}
{Heap before GC invocations=130 (full 3):
 PSYoungGen      total 1036736K, used 1031472K [0x00007fda2e550000, 0x00007fda6e550000, 0x00007fda6e550000)
  eden space 1024448K, 100% used [0x00007fda2e550000,0x00007fda6cdc0000,0x00007fda6cdc0000)
  from space 12288K, 57% used [0x00007fda6d950000,0x00007fda6e02c030,0x00007fda6e550000)
  to   space 11840K, 0% used [0x00007fda6cdc0000,0x00007fda6cdc0000,0x00007fda6d950000)
 ParOldGen       total 2097152K, used 673076K [0x00007fd9ae550000, 0x00007fda2e550000, 0x00007fda2e550000)
  object space 2097152K, 32% used [0x00007fd9ae550000,0x00007fd9d769d2d8,0x00007fda2e550000)
 PSPermGen       total 257536K, used 138063K [0x00007fd99e550000, 0x00007fd9ae0d0000, 0x00007fd9ae550000)
  object space 257536K, 53% used [0x00007fd99e550000,0x00007fd9a6c23d80,0x00007fd9ae0d0000)
7492,369: [GC [PSYoungGen: 1031472K->5614K(1036288K)] 1704548K->683391K(3133440K), 0,0168770 secs] [Times: user=0,06 sys=0,00, real=0,01 secs] 
Heap after GC invocations=130 (full 3):
 PSYoungGen      total 1036288K, used 5614K [0x00007fda2e550000, 0x00007fda6e550000, 0x00007fda6e550000)
  eden space 1024448K, 0% used [0x00007fda2e550000,0x00007fda2e550000,0x00007fda6cdc0000)
  from space 11840K, 47% used [0x00007fda6cdc0000,0x00007fda6d33ba60,0x00007fda6d950000)
  to   space 11520K, 0% used [0x00007fda6da10000,0x00007fda6da10000,0x00007fda6e550000)
 ParOldGen       total 2097152K, used 677776K [0x00007fd9ae550000, 0x00007fda2e550000, 0x00007fda2e550000)
  object space 2097152K, 32% used [0x00007fd9ae550000,0x00007fd9d7b342b8,0x00007fda2e550000)
 PSPermGen       total 257536K, used 138063K [0x00007fd99e550000, 0x00007fd9ae0d0000, 0x00007fd9ae550000)
  object space 257536K, 53% used [0x00007fd99e550000,0x00007fd9a6c23d80,0x00007fd9ae0d0000)
}
{Heap before GC invocations=131 (full 3):
 PSYoungGen      total 1036288K, used 1030062K [0x00007fda2e550000, 0x00007fda6e550000, 0x00007fda6e550000)
  eden space 1024448K, 100% used [0x00007fda2e550000,0x00007fda6cdc0000,0x00007fda6cdc0000)
  from space 11840K, 47% used [0x00007fda6cdc0000,0x00007fda6d33ba60,0x00007fda6d950000)
  to   space 11520K, 0% used [0x00007fda6da10000,0x00007fda6da10000,0x00007fda6e550000)
 ParOldGen       total 2097152K, used 677776K [0x00007fd9ae550000, 0x00007fda2e550000, 0x00007fda2e550000)
  object space 2097152K, 32% used [0x00007fd9ae550000,0x00007fd9d7b342b8,0x00007fda2e550000)
 PSPermGen       total 257536K, used 138109K [0x00007fd99e550000, 0x00007fd9ae0d0000, 0x00007fd9ae550000)
  object space 257536K, 53% used [0x00007fd99e550000,0x00007fd9a6c2f580,0x00007fd9ae0d0000)
7500,582: [GC [PSYoungGen: 1030062K->5776K(1037376K)] 1707839K->687154K(3134528K), 0,0189300 secs] [Times: user=0,04 sys=0,01, real=0,02 secs] 
Heap after GC invocations=131 (full 3):
 PSYoungGen      total 1037376K, used 5776K [0x00007fda2e550000, 0x00007fda6e550000, 0x00007fda6e550000)
  eden space 1025856K, 0% used [0x00007fda2e550000,0x00007fda2e550000,0x00007fda6cf20000)
  from space 11520K, 50% used [0x00007fda6da10000,0x00007fda6dfb4378,0x00007fda6e550000)
  to   space 11200K, 0% used [0x00007fda6cf20000,0x00007fda6cf20000,0x00007fda6da10000)
 ParOldGen       total 2097152K, used 681377K [0x00007fd9ae550000, 0x00007fda2e550000, 0x00007fda2e550000)
  object space 2097152K, 32% used [0x00007fd9ae550000,0x00007fd9d7eb8630,0x00007fda2e550000)
 PSPermGen       total 257536K, used 138109K [0x00007fd99e550000, 0x00007fd9ae0d0000, 0x00007fd9ae550000)
  object space 257536K, 53% used [0x00007fd99e550000,0x00007fd9a6c2f580,0x00007fd9ae0d0000)
}
{Heap before GC invocations=132 (full 3):
 PSYoungGen      total 1037376K, used 1031632K [0x00007fda2e550000, 0x00007fda6e550000, 0x00007fda6e550000)
  eden space 1025856K, 100% used [0x00007fda2e550000,0x00007fda6cf20000,0x00007fda6cf20000)
  from space 11520K, 50% used [0x00007fda6da10000,0x00007fda6dfb4378,0x00007fda6e550000)
  to   space 11200K, 0% used [0x00007fda6cf20000,0x00007fda6cf20000,0x00007fda6da10000)
 ParOldGen       total 2097152K, used 681377K [0x00007fd9ae550000, 0x00007fda2e550000, 0x00007fda2e550000)
  object space 2097152K, 32% used [0x00007fd9ae550000,0x00007fd9d7eb8630,0x00007fda2e550000)
 PSPermGen       total 257536K, used 138114K [0x00007fd99e550000, 0x00007fd9ae0d0000, 0x00007fd9ae550000)
  object space 257536K, 53% used [0x00007fd99e550000,0x00007fd9a6c30a80,0x00007fd9ae0d0000)
7508,609: [GC [PSYoungGen: 1031632K->3136K(1037056K)] 1713010K->687704K(3134208K), 0,0170160 secs] [Times: user=0,05 sys=0,00, real=0,01 secs] 
Heap after GC invocations=132 (full 3):
 PSYoungGen      total 1037056K, used 3136K [0x00007fda2e550000, 0x00007fda6e550000, 0x00007fda6e550000)
  eden space 1025856K, 0% used [0x00007fda2e550000,0x00007fda2e550000,0x00007fda6cf20000)
  from space 11200K, 28% used [0x00007fda6cf20000,0x00007fda6d230000,0x00007fda6da10000)
  to   space 11328K, 0% used [0x00007fda6da40000,0x00007fda6da40000,0x00007fda6e550000)
 ParOldGen       total 2097152K, used 684568K [0x00007fd9ae550000, 0x00007fda2e550000, 0x00007fda2e550000)
  object space 2097152K, 32% used [0x00007fd9ae550000,0x00007fd9d81d6280,0x00007fda2e550000)
 PSPermGen       total 257536K, used 138114K [0x00007fd99e550000, 0x00007fd9ae0d0000, 0x00007fd9ae550000)
  object space 257536K, 53% used [0x00007fd99e550000,0x00007fd9a6c30a80,0x00007fd9ae0d0000)
}
{Heap before GC invocations=133 (full 3):
 PSYoungGen      total 1037056K, used 1028992K [0x00007fda2e550000, 0x00007fda6e550000, 0x00007fda6e550000)
  eden space 1025856K, 100% used [0x00007fda2e550000,0x00007fda6cf20000,0x00007fda6cf20000)
  from space 11200K, 28% used [0x00007fda6cf20000,0x00007fda6d230000,0x00007fda6da10000)
  to   space 11328K, 0% used [0x00007fda6da40000,0x00007fda6da40000,0x00007fda6e550000)
 ParOldGen       total 2097152K, used 684568K [0x00007fd9ae550000, 0x00007fda2e550000, 0x00007fda2e550000)
  object space 2097152K, 32% used [0x00007fd9ae550000,0x00007fd9d81d6280,0x00007fda2e550000)
 PSPermGen       total 257536K, used 138124K [0x00007fd99e550000, 0x00007fd9ae0d0000, 0x00007fd9ae550000)
  object space 257536K, 53% used [0x00007fd99e550000,0x00007fd9a6c33340,0x00007fd9ae0d0000)
7520,620: [GC [PSYoungGen: 1028992K->4388K(1037440K)] 1713560K->690776K(3134592K), 0,0122050 secs] [Times: user=0,03 sys=0,00, real=0,01 secs] 
Heap after GC invocations=133 (full 3):
 PSYoungGen      total 1037440K, used 4388K [0x00007fda2e550000, 0x00007fda6e550000, 0x00007fda6e550000)
  eden space 1026112K, 0% used [0x00007fda2e550000,0x00007fda2e550000,0x00007fda6cf60000)
  from space 11328K, 38% used [0x00007fda6da40000,0x00007fda6de89390,0x00007fda6e550000)
  to   space 11136K, 0% used [0x00007fda6cf60000,0x00007fda6cf60000,0x00007fda6da40000)
 ParOldGen       total 2097152K, used 686387K [0x00007fd9ae550000, 0x00007fda2e550000, 0x00007fda2e550000)
  object space 2097152K, 32% used [0x00007fd9ae550000,0x00007fd9d839ced0,0x00007fda2e550000)
 PSPermGen       total 257536K, used 138124K [0x00007fd99e550000, 0x00007fd9ae0d0000, 0x00007fd9ae550000)
  object space 257536K, 53% used [0x00007fd99e550000,0x00007fd9a6c33340,0x00007fd9ae0d0000)
}
{Heap before GC invocations=134 (full 3):
 PSYoungGen      total 1037440K, used 1030500K [0x00007fda2e550000, 0x00007fda6e550000, 0x00007fda6e550000)
  eden space 1026112K, 100% used [0x00007fda2e550000,0x00007fda6cf60000,0x00007fda6cf60000)
  from space 11328K, 38% used [0x00007fda6da40000,0x00007fda6de89390,0x00007fda6e550000)
  to   space 11136K, 0% used [0x00007fda6cf60000,0x00007fda6cf60000,0x00007fda6da40000)
 ParOldGen       total 2097152K, used 686387K [0x00007fd9ae550000, 0x00007fda2e550000, 0x00007fda2e550000)
  object space 2097152K, 32% used [0x00007fd9ae550000,0x00007fd9d839ced0,0x00007fda2e550000)
 PSPermGen       total 257536K, used 138135K [0x00007fd99e550000, 0x00007fd9ae0d0000, 0x00007fd9ae550000)
  object space 257536K, 53% used [0x00007fd99e550000,0x00007fd9a6c35ee8,0x00007fd9ae0d0000)
7530,079: [GC [PSYoungGen: 1030500K->3490K(1037248K)] 1716888K->692514K(3134400K), 0,0087450 secs] [Times: user=0,03 sys=0,00, real=0,01 secs] 
Heap after GC invocations=134 (full 3):
 PSYoungGen      total 1037248K, used 3490K [0x00007fda2e550000, 0x00007fda6e550000, 0x00007fda6e550000)
  eden space 1026112K, 0% used [0x00007fda2e550000,0x00007fda2e550000,0x00007fda6cf60000)
  from space 11136K, 31% used [0x00007fda6cf60000,0x00007fda6d2c88d0,0x00007fda6da40000)
  to   space 11008K, 0% used [0x00007fda6da90000,0x00007fda6da90000,0x00007fda6e550000)
 ParOldGen       total 2097152K, used 689024K [0x00007fd9ae550000, 0x00007fda2e550000, 0x00007fda2e550000)
  object space 2097152K, 32% used [0x00007fd9ae550000,0x00007fd9d8630130,0x00007fda2e550000)
 PSPermGen       total 257536K, used 138135K [0x00007fd99e550000, 0x00007fd9ae0d0000, 0x00007fd9ae550000)
  object space 257536K, 53% used [0x00007fd99e550000,0x00007fd9a6c35ee8,0x00007fd9ae0d0000)
}
{Heap before GC invocations=135 (full 3):
 PSYoungGen      total 1037248K, used 1029602K [0x00007fda2e550000, 0x00007fda6e550000, 0x00007fda6e550000)
  eden space 1026112K, 100% used [0x00007fda2e550000,0x00007fda6cf60000,0x00007fda6cf60000)
  from space 11136K, 31% used [0x00007fda6cf60000,0x00007fda6d2c88d0,0x00007fda6da40000)
  to   space 11008K, 0% used [0x00007fda6da90000,0x00007fda6da90000,0x00007fda6e550000)
 ParOldGen       total 2097152K, used 689024K [0x00007fd9ae550000, 0x00007fda2e550000, 0x00007fda2e550000)
  object space 2097152K, 32% used [0x00007fd9ae550000,0x00007fd9d8630130,0x00007fda2e550000)
 PSPermGen       total 257536K, used 138184K [0x00007fd99e550000, 0x00007fd9ae0d0000, 0x00007fd9ae550000)
  object space 257536K, 53% used [0x00007fd99e550000,0x00007fd9a6c423e8,0x00007fd9ae0d0000)
7543,922: [GC [PSYoungGen: 1029602K->4955K(1037952K)] 1718626K->695681K(3135104K), 0,0170790 secs] [Times: user=0,07 sys=0,00, real=0,01 secs] 
Heap after GC invocations=135 (full 3):
 PSYoungGen      total 1037952K, used 4955K [0x00007fda2e550000, 0x00007fda6e550000, 0x00007fda6e550000)
  eden space 1026944K, 0% used [0x00007fda2e550000,0x00007fda2e550000,0x00007fda6d030000)
  from space 11008K, 45% used [0x00007fda6da90000,0x00007fda6df66d40,0x00007fda6e550000)
  to   space 10624K, 0% used [0x00007fda6d030000,0x00007fda6d030000,0x00007fda6da90000)
 ParOldGen       total 2097152K, used 690726K [0x00007fd9ae550000, 0x00007fda2e550000, 0x00007fda2e550000)
  object space 2097152K, 32% used [0x00007fd9ae550000,0x00007fd9d87d9930,0x00007fda2e550000)
 PSPermGen       total 257536K, used 138184K [0x00007fd99e550000, 0x00007fd9ae0d0000, 0x00007fd9ae550000)
  object space 257536K, 53% used [0x00007fd99e550000,0x00007fd9a6c423e8,0x00007fd9ae0d0000)
}
{Heap before GC invocations=136 (full 3):
 PSYoungGen      total 1037952K, used 1031899K [0x00007fda2e550000, 0x00007fda6e550000, 0x00007fda6e550000)
  eden space 1026944K, 100% used [0x00007fda2e550000,0x00007fda6d030000,0x00007fda6d030000)
  from space 11008K, 45% used [0x00007fda6da90000,0x00007fda6df66d40,0x00007fda6e550000)
  to   space 10624K, 0% used [0x00007fda6d030000,0x00007fda6d030000,0x00007fda6da90000)
 ParOldGen       total 2097152K, used 690726K [0x00007fd9ae550000, 0x00007fda2e550000, 0x00007fda2e550000)
  object space 2097152K, 32% used [0x00007fd9ae550000,0x00007fd9d87d9930,0x00007fda2e550000)
 PSPermGen       total 257536K, used 138189K [0x00007fd99e550000, 0x00007fd9ae0d0000, 0x00007fd9ae550000)
  object space 257536K, 53% used [0x00007fd99e550000,0x00007fd9a6c43498,0x00007fd9ae0d0000)
7573,561: [GC [PSYoungGen: 1031899K->10359K(1037312K)] 1722625K->703613K(3134464K), 0,0237740 secs] [Times: user=0,07 sys=0,00, real=0,03 secs] 
Heap after GC invocations=136 (full 3):
 PSYoungGen      total 1037312K, used 10359K [0x00007fda2e550000, 0x00007fda6e550000, 0x00007fda6e550000)
  eden space 1026944K, 0% used [0x00007fda2e550000,0x00007fda2e550000,0x00007fda6d030000)
  from space 10368K, 99% used [0x00007fda6d030000,0x00007fda6da4dc18,0x00007fda6da50000)
  to   space 11264K, 0% used [0x00007fda6da50000,0x00007fda6da50000,0x00007fda6e550000)
 ParOldGen       total 2097152K, used 693254K [0x00007fd9ae550000, 0x00007fda2e550000, 0x00007fda2e550000)
  object space 2097152K, 33% used [0x00007fd9ae550000,0x00007fd9d8a51930,0x00007fda2e550000)
 PSPermGen       total 257536K, used 138189K [0x00007fd99e550000, 0x00007fd9ae0d0000, 0x00007fd9ae550000)
  object space 257536K, 53% used [0x00007fd99e550000,0x00007fd9a6c43498,0x00007fd9ae0d0000)
}
{Heap before GC invocations=137 (full 3):
 PSYoungGen      total 1037312K, used 1037303K [0x00007fda2e550000, 0x00007fda6e550000, 0x00007fda6e550000)
  eden space 1026944K, 100% used [0x00007fda2e550000,0x00007fda6d030000,0x00007fda6d030000)
  from space 10368K, 99% used [0x00007fda6d030000,0x00007fda6da4dc18,0x00007fda6da50000)
  to   space 11264K, 0% used [0x00007fda6da50000,0x00007fda6da50000,0x00007fda6e550000)
 ParOldGen       total 2097152K, used 693254K [0x00007fd9ae550000, 0x00007fda2e550000, 0x00007fda2e550000)
  object space 2097152K, 33% used [0x00007fd9ae550000,0x00007fd9d8a51930,0x00007fda2e550000)
 PSPermGen       total 257536K, used 138190K [0x00007fd99e550000, 0x00007fd9ae0d0000, 0x00007fd9ae550000)
  object space 257536K, 53% used [0x00007fd99e550000,0x00007fd9a6c43a28,0x00007fd9ae0d0000)
7597,144: [GC [PSYoungGen: 1037303K->5508K(1037056K)] 1730557K->706308K(3134208K), 0,0193210 secs] [Times: user=0,07 sys=0,00, real=0,02 secs] 
Heap after GC invocations=137 (full 3):
 PSYoungGen      total 1037056K, used 5508K [0x00007fda2e550000, 0x00007fda6e550000, 0x00007fda6e550000)
  eden space 1025792K, 0% used [0x00007fda2e550000,0x00007fda2e550000,0x00007fda6cf10000)
  from space 11264K, 48% used [0x00007fda6da50000,0x00007fda6dfb1090,0x00007fda6e550000)
  to   space 11392K, 0% used [0x00007fda6cf10000,0x00007fda6cf10000,0x00007fda6da30000)
 ParOldGen       total 2097152K, used 700800K [0x00007fd9ae550000, 0x00007fda2e550000, 0x00007fda2e550000)
  object space 2097152K, 33% used [0x00007fd9ae550000,0x00007fd9d91b0258,0x00007fda2e550000)
 PSPermGen       total 257536K, used 138190K [0x00007fd99e550000, 0x00007fd9ae0d0000, 0x00007fd9ae550000)
  object space 257536K, 53% used [0x00007fd99e550000,0x00007fd9a6c43a28,0x00007fd9ae0d0000)
}
{Heap before GC invocations=138 (full 3):
 PSYoungGen      total 1037056K, used 1031300K [0x00007fda2e550000, 0x00007fda6e550000, 0x00007fda6e550000)
  eden space 1025792K, 100% used [0x00007fda2e550000,0x00007fda6cf10000,0x00007fda6cf10000)
  from space 11264K, 48% used [0x00007fda6da50000,0x00007fda6dfb1090,0x00007fda6e550000)
  to   space 11392K, 0% used [0x00007fda6cf10000,0x00007fda6cf10000,0x00007fda6da30000)
 ParOldGen       total 2097152K, used 700800K [0x00007fd9ae550000, 0x00007fda2e550000, 0x00007fda2e550000)
  object space 2097152K, 33% used [0x00007fd9ae550000,0x00007fd9d91b0258,0x00007fda2e550000)
 PSPermGen       total 257536K, used 138212K [0x00007fd99e550000, 0x00007fd9ae0d0000, 0x00007fd9ae550000)
  object space 257536K, 53% used [0x00007fd99e550000,0x00007fd9a6c49008,0x00007fd9ae0d0000)
7608,565: [GC [PSYoungGen: 1031300K->5441K(1037184K)] 1732100K->709370K(3134336K), 0,0136020 secs] [Times: user=0,06 sys=0,00, real=0,02 secs] 
Heap after GC invocations=138 (full 3):
 PSYoungGen      total 1037184K, used 5441K [0x00007fda2e550000, 0x00007fda6e550000, 0x00007fda6e550000)
  eden space 1025792K, 0% used [0x00007fda2e550000,0x00007fda2e550000,0x00007fda6cf10000)
  from space 11392K, 47% used [0x00007fda6cf10000,0x00007fda6d460778,0x00007fda6da30000)
  to   space 11008K, 0% used [0x00007fda6da90000,0x00007fda6da90000,0x00007fda6e550000)
 ParOldGen       total 2097152K, used 703928K [0x00007fd9ae550000, 0x00007fda2e550000, 0x00007fda2e550000)
  object space 2097152K, 33% used [0x00007fd9ae550000,0x00007fd9d94be288,0x00007fda2e550000)
 PSPermGen       total 257536K, used 138212K [0x00007fd99e550000, 0x00007fd9ae0d0000, 0x00007fd9ae550000)
  object space 257536K, 53% used [0x00007fd99e550000,0x00007fd9a6c49008,0x00007fd9ae0d0000)
}
{Heap before GC invocations=139 (full 3):
 PSYoungGen      total 1037184K, used 1031233K [0x00007fda2e550000, 0x00007fda6e550000, 0x00007fda6e550000)
  eden space 1025792K, 100% used [0x00007fda2e550000,0x00007fda6cf10000,0x00007fda6cf10000)
  from space 11392K, 47% used [0x00007fda6cf10000,0x00007fda6d460778,0x00007fda6da30000)
  to   space 11008K, 0% used [0x00007fda6da90000,0x00007fda6da90000,0x00007fda6e550000)
 ParOldGen       total 2097152K, used 703928K [0x00007fd9ae550000, 0x00007fda2e550000, 0x00007fda2e550000)
  object space 2097152K, 33% used [0x00007fd9ae550000,0x00007fd9d94be288,0x00007fda2e550000)
 PSPermGen       total 257536K, used 138244K [0x00007fd99e550000, 0x00007fd9ae0d0000, 0x00007fd9ae550000)
  object space 257536K, 53% used [0x00007fd99e550000,0x00007fd9a6c51388,0x00007fd9ae0d0000)
7634,866: [GC [PSYoungGen: 1031233K->7152K(1037632K)] 1735162K->715406K(3134784K), 0,0215560 secs] [Times: user=0,06 sys=0,00, real=0,03 secs] 
Heap after GC invocations=139 (full 3):
 PSYoungGen      total 1037632K, used 7152K [0x00007fda2e550000, 0x00007fda6e550000, 0x00007fda6e550000)
  eden space 1026624K, 0% used [0x00007fda2e550000,0x00007fda2e550000,0x00007fda6cfe0000)
  from space 11008K, 64% used [0x00007fda6da90000,0x00007fda6e18c030,0x00007fda6e550000)
  to   space 10944K, 0% used [0x00007fda6cfe0000,0x00007fda6cfe0000,0x00007fda6da90000)
 ParOldGen       total 2097152K, used 708254K [0x00007fd9ae550000, 0x00007fda2e550000, 0x00007fda2e550000)
  object space 2097152K, 33% used [0x00007fd9ae550000,0x00007fd9d98f7b10,0x00007fda2e550000)
 PSPermGen       total 257536K, used 138244K [0x00007fd99e550000, 0x00007fd9ae0d0000, 0x00007fd9ae550000)
  object space 257536K, 53% used [0x00007fd99e550000,0x00007fd9a6c51388,0x00007fd9ae0d0000)
}
{Heap before GC invocations=140 (full 3):
 PSYoungGen      total 1037632K, used 1033776K [0x00007fda2e550000, 0x00007fda6e550000, 0x00007fda6e550000)
  eden space 1026624K, 100% used [0x00007fda2e550000,0x00007fda6cfe0000,0x00007fda6cfe0000)
  from space 11008K, 64% used [0x00007fda6da90000,0x00007fda6e18c030,0x00007fda6e550000)
  to   space 10944K, 0% used [0x00007fda6cfe0000,0x00007fda6cfe0000,0x00007fda6da90000)
 ParOldGen       total 2097152K, used 708254K [0x00007fd9ae550000, 0x00007fda2e550000, 0x00007fda2e550000)
  object space 2097152K, 33% used [0x00007fd9ae550000,0x00007fd9d98f7b10,0x00007fda2e550000)
 PSPermGen       total 257536K, used 138262K [0x00007fd99e550000, 0x00007fd9ae0d0000, 0x00007fd9ae550000)
  object space 257536K, 53% used [0x00007fd99e550000,0x00007fd9a6c55ba8,0x00007fd9ae0d0000)
7655,010: [GC [PSYoungGen: 1033776K->7379K(1037568K)] 1742030K->721134K(3134720K), 0,0209740 secs] [Times: user=0,07 sys=0,00, real=0,02 secs] 
Heap after GC invocations=140 (full 3):
 PSYoungGen      total 1037568K, used 7379K [0x00007fda2e550000, 0x00007fda6e550000, 0x00007fda6e550000)
  eden space 1026624K, 0% used [0x00007fda2e550000,0x00007fda2e550000,0x00007fda6cfe0000)
  from space 10944K, 67% used [0x00007fda6cfe0000,0x00007fda6d714e90,0x00007fda6da90000)
  to   space 10880K, 0% used [0x00007fda6dab0000,0x00007fda6dab0000,0x00007fda6e550000)
 ParOldGen       total 2097152K, used 713754K [0x00007fd9ae550000, 0x00007fda2e550000, 0x00007fda2e550000)
  object space 2097152K, 34% used [0x00007fd9ae550000,0x00007fd9d9e56a68,0x00007fda2e550000)
 PSPermGen       total 257536K, used 138262K [0x00007fd99e550000, 0x00007fd9ae0d0000, 0x00007fd9ae550000)
  object space 257536K, 53% used [0x00007fd99e550000,0x00007fd9a6c55ba8,0x00007fd9ae0d0000)
}
{Heap before GC invocations=141 (full 3):
 PSYoungGen      total 1037568K, used 1034003K [0x00007fda2e550000, 0x00007fda6e550000, 0x00007fda6e550000)
  eden space 1026624K, 100% used [0x00007fda2e550000,0x00007fda6cfe0000,0x00007fda6cfe0000)
  from space 10944K, 67% used [0x00007fda6cfe0000,0x00007fda6d714e90,0x00007fda6da90000)
  to   space 10880K, 0% used [0x00007fda6dab0000,0x00007fda6dab0000,0x00007fda6e550000)
 ParOldGen       total 2097152K, used 713754K [0x00007fd9ae550000, 0x00007fda2e550000, 0x00007fda2e550000)
  object space 2097152K, 34% used [0x00007fd9ae550000,0x00007fd9d9e56a68,0x00007fda2e550000)
 PSPermGen       total 257536K, used 138269K [0x00007fd99e550000, 0x00007fd9ae0d0000, 0x00007fd9ae550000)
  object space 257536K, 53% used [0x00007fd99e550000,0x00007fd9a6c57728,0x00007fd9ae0d0000)
7670,423: [GC [PSYoungGen: 1034003K->5376K(1037952K)] 1747758K->724396K(3135104K), 0,0166650 secs] [Times: user=0,07 sys=0,00, real=0,02 secs] 
Heap after GC invocations=141 (full 3):
 PSYoungGen      total 1037952K, used 5376K [0x00007fda2e550000, 0x00007fda6e550000, 0x00007fda6e550000)
  eden space 1027072K, 0% used [0x00007fda2e550000,0x00007fda2e550000,0x00007fda6d050000)
  from space 10880K, 49% used [0x00007fda6dab0000,0x00007fda6dff0148,0x00007fda6e550000)
  to   space 10624K, 0% used [0x00007fda6d050000,0x00007fda6d050000,0x00007fda6dab0000)
 ParOldGen       total 2097152K, used 719020K [0x00007fd9ae550000, 0x00007fda2e550000, 0x00007fda2e550000)
  object space 2097152K, 34% used [0x00007fd9ae550000,0x00007fd9da37b140,0x00007fda2e550000)
 PSPermGen       total 257536K, used 138269K [0x00007fd99e550000, 0x00007fd9ae0d0000, 0x00007fd9ae550000)
  object space 257536K, 53% used [0x00007fd99e550000,0x00007fd9a6c57728,0x00007fd9ae0d0000)
}
{Heap before GC invocations=142 (full 3):
 PSYoungGen      total 1037952K, used 1032448K [0x00007fda2e550000, 0x00007fda6e550000, 0x00007fda6e550000)
  eden space 1027072K, 100% used [0x00007fda2e550000,0x00007fda6d050000,0x00007fda6d050000)
  from space 10880K, 49% used [0x00007fda6dab0000,0x00007fda6dff0148,0x00007fda6e550000)
  to   space 10624K, 0% used [0x00007fda6d050000,0x00007fda6d050000,0x00007fda6dab0000)
 ParOldGen       total 2097152K, used 719020K [0x00007fd9ae550000, 0x00007fda2e550000, 0x00007fda2e550000)
  object space 2097152K, 34% used [0x00007fd9ae550000,0x00007fd9da37b140,0x00007fda2e550000)
 PSPermGen       total 257536K, used 138340K [0x00007fd99e550000, 0x00007fd9ae0d0000, 0x00007fd9ae550000)
  object space 257536K, 53% used [0x00007fd99e550000,0x00007fd9a6c69130,0x00007fd9ae0d0000)
7682,505: [GC [PSYoungGen: 1032448K->7136K(1037696K)] 1751468K->730248K(3134848K), 0,0163870 secs] [Times: user=0,07 sys=0,00, real=0,01 secs] 
Heap after GC invocations=142 (full 3):
 PSYoungGen      total 1037696K, used 7136K [0x00007fda2e550000, 0x00007fda6e550000, 0x00007fda6e550000)
  eden space 1027072K, 0% used [0x00007fda2e550000,0x00007fda2e550000,0x00007fda6d050000)
  from space 10624K, 67% used [0x00007fda6d050000,0x00007fda6d748018,0x00007fda6dab0000)
  to   space 10496K, 0% used [0x00007fda6db10000,0x00007fda6db10000,0x00007fda6e550000)
 ParOldGen       total 2097152K, used 723112K [0x00007fd9ae550000, 0x00007fda2e550000, 0x00007fda2e550000)
  object space 2097152K, 34% used [0x00007fd9ae550000,0x00007fd9da77a070,0x00007fda2e550000)
 PSPermGen       total 257536K, used 138340K [0x00007fd99e550000, 0x00007fd9ae0d0000, 0x00007fd9ae550000)
  object space 257536K, 53% used [0x00007fd99e550000,0x00007fd9a6c69130,0x00007fd9ae0d0000)
}
{Heap before GC invocations=143 (full 3):
 PSYoungGen      total 1037696K, used 1034208K [0x00007fda2e550000, 0x00007fda6e550000, 0x00007fda6e550000)
  eden space 1027072K, 100% used [0x00007fda2e550000,0x00007fda6d050000,0x00007fda6d050000)
  from space 10624K, 67% used [0x00007fda6d050000,0x00007fda6d748018,0x00007fda6dab0000)
  to   space 10496K, 0% used [0x00007fda6db10000,0x00007fda6db10000,0x00007fda6e550000)
 ParOldGen       total 2097152K, used 723112K [0x00007fd9ae550000, 0x00007fda2e550000, 0x00007fda2e550000)
  object space 2097152K, 34% used [0x00007fd9ae550000,0x00007fd9da77a070,0x00007fda2e550000)
 PSPermGen       total 257536K, used 138368K [0x00007fd99e550000, 0x00007fd9ae0d0000, 0x00007fd9ae550000)
  object space 257536K, 53% used [0x00007fd99e550000,0x00007fd9a6c70120,0x00007fd9ae0d0000)
7706,658: [GC [PSYoungGen: 1034208K->6981K(1038208K)] 1757320K->735250K(3135360K), 0,0178840 secs] [Times: user=0,04 sys=0,00, real=0,02 secs] 
Heap after GC invocations=143 (full 3):
 PSYoungGen      total 1038208K, used 6981K [0x00007fda2e550000, 0x00007fda6e550000, 0x00007fda6e550000)
  eden space 1027712K, 0% used [0x00007fda2e550000,0x00007fda2e550000,0x00007fda6d0f0000)
  from space 10496K, 66% used [0x00007fda6db10000,0x00007fda6e1e1558,0x00007fda6e550000)
  to   space 10368K, 0% used [0x00007fda6d0f0000,0x00007fda6d0f0000,0x00007fda6db10000)
 ParOldGen       total 2097152K, used 728269K [0x00007fd9ae550000, 0x00007fda2e550000, 0x00007fda2e550000)
  object space 2097152K, 34% used [0x00007fd9ae550000,0x00007fd9dac834e0,0x00007fda2e550000)
 PSPermGen       total 257536K, used 138368K [0x00007fd99e550000, 0x00007fd9ae0d0000, 0x00007fd9ae550000)
  object space 257536K, 53% used [0x00007fd99e550000,0x00007fd9a6c70120,0x00007fd9ae0d0000)
}
{Heap before GC invocations=144 (full 3):
 PSYoungGen      total 1038208K, used 1034693K [0x00007fda2e550000, 0x00007fda6e550000, 0x00007fda6e550000)
  eden space 1027712K, 100% used [0x00007fda2e550000,0x00007fda6d0f0000,0x00007fda6d0f0000)
  from space 10496K, 66% used [0x00007fda6db10000,0x00007fda6e1e1558,0x00007fda6e550000)
  to   space 10368K, 0% used [0x00007fda6d0f0000,0x00007fda6d0f0000,0x00007fda6db10000)
 ParOldGen       total 2097152K, used 728269K [0x00007fd9ae550000, 0x00007fda2e550000, 0x00007fda2e550000)
  object space 2097152K, 34% used [0x00007fd9ae550000,0x00007fd9dac834e0,0x00007fda2e550000)
 PSPermGen       total 257536K, used 138370K [0x00007fd99e550000, 0x00007fd9ae0d0000, 0x00007fd9ae550000)
  object space 257536K, 53% used [0x00007fd99e550000,0x00007fd9a6c70a98,0x00007fd9ae0d0000)
7732,578: [GC [PSYoungGen: 1034693K->6176K(1038080K)] 1762962K->739157K(3135232K), 0,0176120 secs] [Times: user=0,06 sys=0,00, real=0,02 secs] 
Heap after GC invocations=144 (full 3):
 PSYoungGen      total 1038080K, used 6176K [0x00007fda2e550000, 0x00007fda6e550000, 0x00007fda6e550000)
  eden space 1027712K, 0% used [0x00007fda2e550000,0x00007fda2e550000,0x00007fda6d0f0000)
  from space 10368K, 59% used [0x00007fda6d0f0000,0x00007fda6d6f8018,0x00007fda6db10000)
  to   space 9984K, 0% used [0x00007fda6db90000,0x00007fda6db90000,0x00007fda6e550000)
 ParOldGen       total 2097152K, used 732981K [0x00007fd9ae550000, 0x00007fda2e550000, 0x00007fda2e550000)
  object space 2097152K, 34% used [0x00007fd9ae550000,0x00007fd9db11d610,0x00007fda2e550000)
 PSPermGen       total 257536K, used 138370K [0x00007fd99e550000, 0x00007fd9ae0d0000, 0x00007fd9ae550000)
  object space 257536K, 53% used [0x00007fd99e550000,0x00007fd9a6c70a98,0x00007fd9ae0d0000)
}
{Heap before GC invocations=145 (full 3):
 PSYoungGen      total 1038080K, used 1033888K [0x00007fda2e550000, 0x00007fda6e550000, 0x00007fda6e550000)
  eden space 1027712K, 100% used [0x00007fda2e550000,0x00007fda6d0f0000,0x00007fda6d0f0000)
  from space 10368K, 59% used [0x00007fda6d0f0000,0x00007fda6d6f8018,0x00007fda6db10000)
  to   space 9984K, 0% used [0x00007fda6db90000,0x00007fda6db90000,0x00007fda6e550000)
 ParOldGen       total 2097152K, used 732981K [0x00007fd9ae550000, 0x00007fda2e550000, 0x00007fda2e550000)
  object space 2097152K, 34% used [0x00007fd9ae550000,0x00007fd9db11d610,0x00007fda2e550000)
 PSPermGen       total 257536K, used 138375K [0x00007fd99e550000, 0x00007fd9ae0d0000, 0x00007fd9ae550000)
  object space 257536K, 53% used [0x00007fd99e550000,0x00007fd9a6c71e38,0x00007fd9ae0d0000)
7749,982: [GC [PSYoungGen: 1033888K->7520K(1038464K)] 1766869K->745134K(3135616K), 0,0168570 secs] [Times: user=0,06 sys=0,01, real=0,02 secs] 
Heap after GC invocations=145 (full 3):
 PSYoungGen      total 1038464K, used 7520K [0x00007fda2e550000, 0x00007fda6e550000, 0x00007fda6e550000)
  eden space 1028480K, 0% used [0x00007fda2e550000,0x00007fda2e550000,0x00007fda6d1b0000)
  from space 9984K, 75% used [0x00007fda6db90000,0x00007fda6e2e8018,0x00007fda6e550000)
  to   space 10048K, 0% used [0x00007fda6d1b0000,0x00007fda6d1b0000,0x00007fda6db80000)
 ParOldGen       total 2097152K, used 737614K [0x00007fd9ae550000, 0x00007fda2e550000, 0x00007fda2e550000)
  object space 2097152K, 35% used [0x00007fd9ae550000,0x00007fd9db5a3b08,0x00007fda2e550000)
 PSPermGen       total 257536K, used 138375K [0x00007fd99e550000, 0x00007fd9ae0d0000, 0x00007fd9ae550000)
  object space 257536K, 53% used [0x00007fd99e550000,0x00007fd9a6c71e38,0x00007fd9ae0d0000)
}
{Heap before GC invocations=146 (full 3):
 PSYoungGen      total 1038464K, used 1036000K [0x00007fda2e550000, 0x00007fda6e550000, 0x00007fda6e550000)
  eden space 1028480K, 100% used [0x00007fda2e550000,0x00007fda6d1b0000,0x00007fda6d1b0000)
  from space 9984K, 75% used [0x00007fda6db90000,0x00007fda6e2e8018,0x00007fda6e550000)
  to   space 10048K, 0% used [0x00007fda6d1b0000,0x00007fda6d1b0000,0x00007fda6db80000)
 ParOldGen       total 2097152K, used 737614K [0x00007fd9ae550000, 0x00007fda2e550000, 0x00007fda2e550000)
  object space 2097152K, 35% used [0x00007fd9ae550000,0x00007fd9db5a3b08,0x00007fda2e550000)
 PSPermGen       total 257536K, used 138383K [0x00007fd99e550000, 0x00007fd9ae0d0000, 0x00007fd9ae550000)
  object space 257536K, 53% used [0x00007fd99e550000,0x00007fd9a6c73ff8,0x00007fd9ae0d0000)
7784,586: [GC [PSYoungGen: 1036000K->5152K(1038528K)] 1773614K->748948K(3135680K), 0,0188140 secs] [Times: user=0,07 sys=0,00, real=0,01 secs] 
Heap after GC invocations=146 (full 3):
 PSYoungGen      total 1038528K, used 5152K [0x00007fda2e550000, 0x00007fda6e550000, 0x00007fda6e550000)
  eden space 1028480K, 0% used [0x00007fda2e550000,0x00007fda2e550000,0x00007fda6d1b0000)
  from space 10048K, 51% used [0x00007fda6d1b0000,0x00007fda6d6b8030,0x00007fda6db80000)
  to   space 9920K, 0% used [0x00007fda6dba0000,0x00007fda6dba0000,0x00007fda6e550000)
 ParOldGen       total 2097152K, used 743796K [0x00007fd9ae550000, 0x00007fda2e550000, 0x00007fda2e550000)
  object space 2097152K, 35% used [0x00007fd9ae550000,0x00007fd9dbbad3a8,0x00007fda2e550000)
 PSPermGen       total 257536K, used 138383K [0x00007fd99e550000, 0x00007fd9ae0d0000, 0x00007fd9ae550000)
  object space 257536K, 53% used [0x00007fd99e550000,0x00007fd9a6c73ff8,0x00007fd9ae0d0000)
}
{Heap before GC invocations=147 (full 3):
 PSYoungGen      total 1038528K, used 1033632K [0x00007fda2e550000, 0x00007fda6e550000, 0x00007fda6e550000)
  eden space 1028480K, 100% used [0x00007fda2e550000,0x00007fda6d1b0000,0x00007fda6d1b0000)
  from space 10048K, 51% used [0x00007fda6d1b0000,0x00007fda6d6b8030,0x00007fda6db80000)
  to   space 9920K, 0% used [0x00007fda6dba0000,0x00007fda6dba0000,0x00007fda6e550000)
 ParOldGen       total 2097152K, used 743796K [0x00007fd9ae550000, 0x00007fda2e550000, 0x00007fda2e550000)
  object space 2097152K, 35% used [0x00007fd9ae550000,0x00007fd9dbbad3a8,0x00007fda2e550000)
 PSPermGen       total 257536K, used 138389K [0x00007fd99e550000, 0x00007fd9ae0d0000, 0x00007fd9ae550000)
  object space 257536K, 53% used [0x00007fd99e550000,0x00007fd9a6c75580,0x00007fd9ae0d0000)
7801,211: [GC [PSYoungGen: 1033632K->5636K(1038912K)] 1777428K->752728K(3136064K), 0,0164860 secs] [Times: user=0,05 sys=0,00, real=0,02 secs] 
Heap after GC invocations=147 (full 3):
 PSYoungGen      total 1038912K, used 5636K [0x00007fda2e550000, 0x00007fda6e550000, 0x00007fda6e550000)
  eden space 1028992K, 0% used [0x00007fda2e550000,0x00007fda2e550000,0x00007fda6d230000)
  from space 9920K, 56% used [0x00007fda6dba0000,0x00007fda6e121378,0x00007fda6e550000)
  to   space 9664K, 0% used [0x00007fda6d230000,0x00007fda6d230000,0x00007fda6dba0000)
 ParOldGen       total 2097152K, used 747091K [0x00007fd9ae550000, 0x00007fda2e550000, 0x00007fda2e550000)
  object space 2097152K, 35% used [0x00007fd9ae550000,0x00007fd9dbee4cc8,0x00007fda2e550000)
 PSPermGen       total 257536K, used 138389K [0x00007fd99e550000, 0x00007fd9ae0d0000, 0x00007fd9ae550000)
  object space 257536K, 53% used [0x00007fd99e550000,0x00007fd9a6c75580,0x00007fd9ae0d0000)
}
{Heap before GC invocations=148 (full 3):
 PSYoungGen      total 1038912K, used 1034628K [0x00007fda2e550000, 0x00007fda6e550000, 0x00007fda6e550000)
  eden space 1028992K, 100% used [0x00007fda2e550000,0x00007fda6d230000,0x00007fda6d230000)
  from space 9920K, 56% used [0x00007fda6dba0000,0x00007fda6e121378,0x00007fda6e550000)
  to   space 9664K, 0% used [0x00007fda6d230000,0x00007fda6d230000,0x00007fda6dba0000)
 ParOldGen       total 2097152K, used 747091K [0x00007fd9ae550000, 0x00007fda2e550000, 0x00007fda2e550000)
  object space 2097152K, 35% used [0x00007fd9ae550000,0x00007fd9dbee4cc8,0x00007fda2e550000)
 PSPermGen       total 257536K, used 138395K [0x00007fd99e550000, 0x00007fd9ae0d0000, 0x00007fd9ae550000)
  object space 257536K, 53% used [0x00007fd99e550000,0x00007fd9a6c76fb8,0x00007fd9ae0d0000)
7812,250: [GC [PSYoungGen: 1034628K->5072K(1038656K)] 1781720K->754967K(3135808K), 0,0174190 secs] [Times: user=0,05 sys=0,01, real=0,02 secs] 
Heap after GC invocations=148 (full 3):
 PSYoungGen      total 1038656K, used 5072K [0x00007fda2e550000, 0x00007fda6e550000, 0x00007fda6e550000)
  eden space 1028992K, 0% used [0x00007fda2e550000,0x00007fda2e550000,0x00007fda6d230000)
  from space 9664K, 52% used [0x00007fda6d230000,0x00007fda6d724060,0x00007fda6dba0000)
  to   space 9536K, 0% used [0x00007fda6dc00000,0x00007fda6dc00000,0x00007fda6e550000)
 ParOldGen       total 2097152K, used 749895K [0x00007fd9ae550000, 0x00007fda2e550000, 0x00007fda2e550000)
  object space 2097152K, 35% used [0x00007fd9ae550000,0x00007fd9dc1a1c88,0x00007fda2e550000)
 PSPermGen       total 257536K, used 138395K [0x00007fd99e550000, 0x00007fd9ae0d0000, 0x00007fd9ae550000)
  object space 257536K, 53% used [0x00007fd99e550000,0x00007fd9a6c76fb8,0x00007fd9ae0d0000)
}
{Heap before GC invocations=149 (full 3):
 PSYoungGen      total 1038656K, used 1034064K [0x00007fda2e550000, 0x00007fda6e550000, 0x00007fda6e550000)
  eden space 1028992K, 100% used [0x00007fda2e550000,0x00007fda6d230000,0x00007fda6d230000)
  from space 9664K, 52% used [0x00007fda6d230000,0x00007fda6d724060,0x00007fda6dba0000)
  to   space 9536K, 0% used [0x00007fda6dc00000,0x00007fda6dc00000,0x00007fda6e550000)
 ParOldGen       total 2097152K, used 749895K [0x00007fd9ae550000, 0x00007fda2e550000, 0x00007fda2e550000)
  object space 2097152K, 35% used [0x00007fd9ae550000,0x00007fd9dc1a1c88,0x00007fda2e550000)
 PSPermGen       total 257536K, used 138424K [0x00007fd99e550000, 0x00007fd9ae0d0000, 0x00007fd9ae550000)
  object space 257536K, 53% used [0x00007fd99e550000,0x00007fd9a6c7e3b0,0x00007fd9ae0d0000)
7829,951: [GC [PSYoungGen: 1034064K->7024K(1039040K)] 1783959K->760224K(3136192K), 0,0163660 secs] [Times: user=0,05 sys=0,00, real=0,02 secs] 
Heap after GC invocations=149 (full 3):
 PSYoungGen      total 1039040K, used 7024K [0x00007fda2e550000, 0x00007fda6e550000, 0x00007fda6e550000)
  eden space 1029504K, 0% used [0x00007fda2e550000,0x00007fda2e550000,0x00007fda6d2b0000)
  from space 9536K, 73% used [0x00007fda6dc00000,0x00007fda6e2dc360,0x00007fda6e550000)
  to   space 9536K, 0% used [0x00007fda6d2b0000,0x00007fda6d2b0000,0x00007fda6dc00000)
 ParOldGen       total 2097152K, used 753199K [0x00007fd9ae550000, 0x00007fda2e550000, 0x00007fda2e550000)
  object space 2097152K, 35% used [0x00007fd9ae550000,0x00007fd9dc4dbca0,0x00007fda2e550000)
 PSPermGen       total 257536K, used 138424K [0x00007fd99e550000, 0x00007fd9ae0d0000, 0x00007fd9ae550000)
  object space 257536K, 53% used [0x00007fd99e550000,0x00007fd9a6c7e3b0,0x00007fd9ae0d0000)
}
{Heap before GC invocations=150 (full 3):
 PSYoungGen      total 1039040K, used 1036528K [0x00007fda2e550000, 0x00007fda6e550000, 0x00007fda6e550000)
  eden space 1029504K, 100% used [0x00007fda2e550000,0x00007fda6d2b0000,0x00007fda6d2b0000)
  from space 9536K, 73% used [0x00007fda6dc00000,0x00007fda6e2dc360,0x00007fda6e550000)
  to   space 9536K, 0% used [0x00007fda6d2b0000,0x00007fda6d2b0000,0x00007fda6dc00000)
 ParOldGen       total 2097152K, used 753199K [0x00007fd9ae550000, 0x00007fda2e550000, 0x00007fda2e550000)
  object space 2097152K, 35% used [0x00007fd9ae550000,0x00007fd9dc4dbca0,0x00007fda2e550000)
 PSPermGen       total 257536K, used 138429K [0x00007fd99e550000, 0x00007fd9ae0d0000, 0x00007fd9ae550000)
  object space 257536K, 53% used [0x00007fd99e550000,0x00007fd9a6c7f648,0x00007fd9ae0d0000)
7850,071: [GC [PSYoungGen: 1036528K->6417K(1039040K)] 1789728K->764714K(3136192K), 0,0250650 secs] [Times: user=0,06 sys=0,00, real=0,03 secs] 
Heap after GC invocations=150 (full 3):
 PSYoungGen      total 1039040K, used 6417K [0x00007fda2e550000, 0x00007fda6e550000, 0x00007fda6e550000)
  eden space 1029504K, 0% used [0x00007fda2e550000,0x00007fda2e550000,0x00007fda6d2b0000)
  from space 9536K, 67% used [0x00007fda6d2b0000,0x00007fda6d8f44f0,0x00007fda6dc00000)
  to   space 9280K, 0% used [0x00007fda6dc40000,0x00007fda6dc40000,0x00007fda6e550000)
 ParOldGen       total 2097152K, used 758297K [0x00007fd9ae550000, 0x00007fda2e550000, 0x00007fda2e550000)
  object space 2097152K, 36% used [0x00007fd9ae550000,0x00007fd9dc9d66c8,0x00007fda2e550000)
 PSPermGen       total 257536K, used 138429K [0x00007fd99e550000, 0x00007fd9ae0d0000, 0x00007fd9ae550000)
  object space 257536K, 53% used [0x00007fd99e550000,0x00007fd9a6c7f648,0x00007fd9ae0d0000)
}
{Heap before GC invocations=151 (full 3):
 PSYoungGen      total 1039040K, used 1035921K [0x00007fda2e550000, 0x00007fda6e550000, 0x00007fda6e550000)
  eden space 1029504K, 100% used [0x00007fda2e550000,0x00007fda6d2b0000,0x00007fda6d2b0000)
  from space 9536K, 67% used [0x00007fda6d2b0000,0x00007fda6d8f44f0,0x00007fda6dc00000)
  to   space 9280K, 0% used [0x00007fda6dc40000,0x00007fda6dc40000,0x00007fda6e550000)
 ParOldGen       total 2097152K, used 758297K [0x00007fd9ae550000, 0x00007fda2e550000, 0x00007fda2e550000)
  object space 2097152K, 36% used [0x00007fd9ae550000,0x00007fd9dc9d66c8,0x00007fda2e550000)
 PSPermGen       total 257536K, used 138548K [0x00007fd99e550000, 0x00007fd9ae0d0000, 0x00007fd9ae550000)
  object space 257536K, 53% used [0x00007fd99e550000,0x00007fd9a6c9d088,0x00007fd9ae0d0000)
7869,650: [GC [PSYoungGen: 1035921K->5924K(1039552K)] 1794218K->768583K(3136704K), 0,0200060 secs] [Times: user=0,06 sys=0,00, real=0,02 secs] 
Heap after GC invocations=151 (full 3):
 PSYoungGen      total 1039552K, used 5924K [0x00007fda2e550000, 0x00007fda6e550000, 0x00007fda6e550000)
  eden space 1030272K, 0% used [0x00007fda2e550000,0x00007fda2e550000,0x00007fda6d370000)
  from space 9280K, 63% used [0x00007fda6dc40000,0x00007fda6e2092e8,0x00007fda6e550000)
  to   space 9024K, 0% used [0x00007fda6d370000,0x00007fda6d370000,0x00007fda6dc40000)
 ParOldGen       total 2097152K, used 762658K [0x00007fd9ae550000, 0x00007fda2e550000, 0x00007fda2e550000)
  object space 2097152K, 36% used [0x00007fd9ae550000,0x00007fd9dce18ad0,0x00007fda2e550000)
 PSPermGen       total 257536K, used 138548K [0x00007fd99e550000, 0x00007fd9ae0d0000, 0x00007fd9ae550000)
  object space 257536K, 53% used [0x00007fd99e550000,0x00007fd9a6c9d088,0x00007fd9ae0d0000)
}
{Heap before GC invocations=152 (full 3):
 PSYoungGen      total 1039552K, used 1036196K [0x00007fda2e550000, 0x00007fda6e550000, 0x00007fda6e550000)
  eden space 1030272K, 100% used [0x00007fda2e550000,0x00007fda6d370000,0x00007fda6d370000)
  from space 9280K, 63% used [0x00007fda6dc40000,0x00007fda6e2092e8,0x00007fda6e550000)
  to   space 9024K, 0% used [0x00007fda6d370000,0x00007fda6d370000,0x00007fda6dc40000)
 ParOldGen       total 2097152K, used 762658K [0x00007fd9ae550000, 0x00007fda2e550000, 0x00007fda2e550000)
  object space 2097152K, 36% used [0x00007fd9ae550000,0x00007fd9dce18ad0,0x00007fda2e550000)
 PSPermGen       total 257536K, used 138601K [0x00007fd99e550000, 0x00007fd9ae0d0000, 0x00007fd9ae550000)
  object space 257536K, 53% used [0x00007fd99e550000,0x00007fd9a6caa740,0x00007fd9ae0d0000)
7896,641: [GC [PSYoungGen: 1036196K->4784K(1039296K)] 1798855K->770965K(3136448K), 0,0142820 secs] [Times: user=0,04 sys=0,01, real=0,02 secs] 
Heap after GC invocations=152 (full 3):
 PSYoungGen      total 1039296K, used 4784K [0x00007fda2e550000, 0x00007fda6e550000, 0x00007fda6e550000)
  eden space 1030272K, 0% used [0x00007fda2e550000,0x00007fda2e550000,0x00007fda6d370000)
  from space 9024K, 53% used [0x00007fda6d370000,0x00007fda6d81c360,0x00007fda6dc40000)
  to   space 9024K, 0% used [0x00007fda6dc80000,0x00007fda6dc80000,0x00007fda6e550000)
 ParOldGen       total 2097152K, used 766181K [0x00007fd9ae550000, 0x00007fda2e550000, 0x00007fda2e550000)
  object space 2097152K, 36% used [0x00007fd9ae550000,0x00007fd9dd189408,0x00007fda2e550000)
 PSPermGen       total 257536K, used 138601K [0x00007fd99e550000, 0x00007fd9ae0d0000, 0x00007fd9ae550000)
  object space 257536K, 53% used [0x00007fd99e550000,0x00007fd9a6caa740,0x00007fd9ae0d0000)
}
{Heap before GC invocations=153 (full 3):
 PSYoungGen      total 1039296K, used 1035056K [0x00007fda2e550000, 0x00007fda6e550000, 0x00007fda6e550000)
  eden space 1030272K, 100% used [0x00007fda2e550000,0x00007fda6d370000,0x00007fda6d370000)
  from space 9024K, 53% used [0x00007fda6d370000,0x00007fda6d81c360,0x00007fda6dc40000)
  to   space 9024K, 0% used [0x00007fda6dc80000,0x00007fda6dc80000,0x00007fda6e550000)
 ParOldGen       total 2097152K, used 766181K [0x00007fd9ae550000, 0x00007fda2e550000, 0x00007fda2e550000)
  object space 2097152K, 36% used [0x00007fd9ae550000,0x00007fd9dd189408,0x00007fda2e550000)
 PSPermGen       total 257536K, used 138602K [0x00007fd99e550000, 0x00007fd9ae0d0000, 0x00007fd9ae550000)
  object space 257536K, 53% used [0x00007fd99e550000,0x00007fd9a6caa8d0,0x00007fd9ae0d0000)
7910,891: [GC [PSYoungGen: 1035056K->4128K(1039552K)] 1801237K->773661K(3136704K), 0,0154740 secs] [Times: user=0,05 sys=0,01, real=0,01 secs] 
Heap after GC invocations=153 (full 3):
 PSYoungGen      total 1039552K, used 4128K [0x00007fda2e550000, 0x00007fda6e550000, 0x00007fda6e550000)
  eden space 1030528K, 0% used [0x00007fda2e550000,0x00007fda2e550000,0x00007fda6d3b0000)
  from space 9024K, 45% used [0x00007fda6dc80000,0x00007fda6e088000,0x00007fda6e550000)
  to   space 9024K, 0% used [0x00007fda6d3b0000,0x00007fda6d3b0000,0x00007fda6dc80000)
 ParOldGen       total 2097152K, used 769533K [0x00007fd9ae550000, 0x00007fda2e550000, 0x00007fda2e550000)
  object space 2097152K, 36% used [0x00007fd9ae550000,0x00007fd9dd4cf4e8,0x00007fda2e550000)
 PSPermGen       total 257536K, used 138602K [0x00007fd99e550000, 0x00007fd9ae0d0000, 0x00007fd9ae550000)
  object space 257536K, 53% used [0x00007fd99e550000,0x00007fd9a6caa8d0,0x00007fd9ae0d0000)
}
{Heap before GC invocations=154 (full 3):
 PSYoungGen      total 1039552K, used 1034656K [0x00007fda2e550000, 0x00007fda6e550000, 0x00007fda6e550000)
  eden space 1030528K, 100% used [0x00007fda2e550000,0x00007fda6d3b0000,0x00007fda6d3b0000)
  from space 9024K, 45% used [0x00007fda6dc80000,0x00007fda6e088000,0x00007fda6e550000)
  to   space 9024K, 0% used [0x00007fda6d3b0000,0x00007fda6d3b0000,0x00007fda6dc80000)
 ParOldGen       total 2097152K, used 769533K [0x00007fd9ae550000, 0x00007fda2e550000, 0x00007fda2e550000)
  object space 2097152K, 36% used [0x00007fd9ae550000,0x00007fd9dd4cf4e8,0x00007fda2e550000)
 PSPermGen       total 257536K, used 138602K [0x00007fd99e550000, 0x00007fd9ae0d0000, 0x00007fd9ae550000)
  object space 257536K, 53% used [0x00007fd99e550000,0x00007fd9a6caa8d0,0x00007fd9ae0d0000)
7926,911: [GC [PSYoungGen: 1034656K->4160K(1039552K)] 1804189K->776254K(3136704K), 0,0117320 secs] [Times: user=0,04 sys=0,01, real=0,01 secs] 
Heap after GC invocations=154 (full 3):
 PSYoungGen      total 1039552K, used 4160K [0x00007fda2e550000, 0x00007fda6e550000, 0x00007fda6e550000)
  eden space 1030528K, 0% used [0x00007fda2e550000,0x00007fda2e550000,0x00007fda6d3b0000)
  from space 9024K, 46% used [0x00007fda6d3b0000,0x00007fda6d7c0000,0x00007fda6dc80000)
  to   space 9024K, 0% used [0x00007fda6dc80000,0x00007fda6dc80000,0x00007fda6e550000)
 ParOldGen       total 2097152K, used 772094K [0x00007fd9ae550000, 0x00007fda2e550000, 0x00007fda2e550000)
  object space 2097152K, 36% used [0x00007fd9ae550000,0x00007fd9dd74f9c0,0x00007fda2e550000)
 PSPermGen       total 257536K, used 138602K [0x00007fd99e550000, 0x00007fd9ae0d0000, 0x00007fd9ae550000)
  object space 257536K, 53% used [0x00007fd99e550000,0x00007fd9a6caa8d0,0x00007fd9ae0d0000)
}
{Heap before GC invocations=155 (full 3):
 PSYoungGen      total 1039552K, used 1034688K [0x00007fda2e550000, 0x00007fda6e550000, 0x00007fda6e550000)
  eden space 1030528K, 100% used [0x00007fda2e550000,0x00007fda6d3b0000,0x00007fda6d3b0000)
  from space 9024K, 46% used [0x00007fda6d3b0000,0x00007fda6d7c0000,0x00007fda6dc80000)
  to   space 9024K, 0% used [0x00007fda6dc80000,0x00007fda6dc80000,0x00007fda6e550000)
 ParOldGen       total 2097152K, used 772094K [0x00007fd9ae550000, 0x00007fda2e550000, 0x00007fda2e550000)
  object space 2097152K, 36% used [0x00007fd9ae550000,0x00007fd9dd74f9c0,0x00007fda2e550000)
 PSPermGen       total 257536K, used 138704K [0x00007fd99e550000, 0x00007fd9ae0d0000, 0x00007fd9ae550000)
  object space 257536K, 53% used [0x00007fd99e550000,0x00007fd9a6cc41b8,0x00007fd9ae0d0000)
7949,349: [GC [PSYoungGen: 1034688K->5058K(1039808K)] 1806782K->779683K(3136960K), 0,0155140 secs] [Times: user=0,05 sys=0,00, real=0,01 secs] 
Heap after GC invocations=155 (full 3):
 PSYoungGen      total 1039808K, used 5058K [0x00007fda2e550000, 0x00007fda6e550000, 0x00007fda6e550000)
  eden space 1030784K, 0% used [0x00007fda2e550000,0x00007fda2e550000,0x00007fda6d3f0000)
  from space 9024K, 56% used [0x00007fda6dc80000,0x00007fda6e170858,0x00007fda6e550000)
  to   space 8768K, 0% used [0x00007fda6d3f0000,0x00007fda6d3f0000,0x00007fda6dc80000)
 ParOldGen       total 2097152K, used 774625K [0x00007fd9ae550000, 0x00007fda2e550000, 0x00007fda2e550000)
  object space 2097152K, 36% used [0x00007fd9ae550000,0x00007fd9dd9c8730,0x00007fda2e550000)
 PSPermGen       total 257536K, used 138704K [0x00007fd99e550000, 0x00007fd9ae0d0000, 0x00007fd9ae550000)
  object space 257536K, 53% used [0x00007fd99e550000,0x00007fd9a6cc41b8,0x00007fd9ae0d0000)
}
{Heap before GC invocations=156 (full 3):
 PSYoungGen      total 1039808K, used 1035842K [0x00007fda2e550000, 0x00007fda6e550000, 0x00007fda6e550000)
  eden space 1030784K, 100% used [0x00007fda2e550000,0x00007fda6d3f0000,0x00007fda6d3f0000)
  from space 9024K, 56% used [0x00007fda6dc80000,0x00007fda6e170858,0x00007fda6e550000)
  to   space 8768K, 0% used [0x00007fda6d3f0000,0x00007fda6d3f0000,0x00007fda6dc80000)
 ParOldGen       total 2097152K, used 774625K [0x00007fd9ae550000, 0x00007fda2e550000, 0x00007fda2e550000)
  object space 2097152K, 36% used [0x00007fd9ae550000,0x00007fd9dd9c8730,0x00007fda2e550000)
 PSPermGen       total 257536K, used 138714K [0x00007fd99e550000, 0x00007fd9ae0d0000, 0x00007fd9ae550000)
  object space 257536K, 53% used [0x00007fd99e550000,0x00007fd9a6cc6890,0x00007fd9ae0d0000)
7982,943: [GC [PSYoungGen: 1035842K->8768K(1039552K)] 1810467K->787276K(3136704K), 0,0254660 secs] [Times: user=0,07 sys=0,00, real=0,03 secs] 
Heap after GC invocations=156 (full 3):
 PSYoungGen      total 1039552K, used 8768K [0x00007fda2e550000, 0x00007fda6e550000, 0x00007fda6e550000)
  eden space 1030784K, 0% used [0x00007fda2e550000,0x00007fda2e550000,0x00007fda6d3f0000)
  from space 8768K, 100% used [0x00007fda6d3f0000,0x00007fda6dc80000,0x00007fda6dc80000)
  to   space 9024K, 0% used [0x00007fda6dc80000,0x00007fda6dc80000,0x00007fda6e550000)
 ParOldGen       total 2097152K, used 778508K [0x00007fd9ae550000, 0x00007fda2e550000, 0x00007fda2e550000)
  object space 2097152K, 37% used [0x00007fd9ae550000,0x00007fd9ddd93138,0x00007fda2e550000)
 PSPermGen       total 257536K, used 138714K [0x00007fd99e550000, 0x00007fd9ae0d0000, 0x00007fd9ae550000)
  object space 257536K, 53% used [0x00007fd99e550000,0x00007fd9a6cc6890,0x00007fd9ae0d0000)
}
{Heap before GC invocations=157 (full 3):
 PSYoungGen      total 1039552K, used 1039552K [0x00007fda2e550000, 0x00007fda6e550000, 0x00007fda6e550000)
  eden space 1030784K, 100% used [0x00007fda2e550000,0x00007fda6d3f0000,0x00007fda6d3f0000)
  from space 8768K, 100% used [0x00007fda6d3f0000,0x00007fda6dc80000,0x00007fda6dc80000)
  to   space 9024K, 0% used [0x00007fda6dc80000,0x00007fda6dc80000,0x00007fda6e550000)
 ParOldGen       total 2097152K, used 778508K [0x00007fd9ae550000, 0x00007fda2e550000, 0x00007fda2e550000)
  object space 2097152K, 37% used [0x00007fd9ae550000,0x00007fd9ddd93138,0x00007fda2e550000)
 PSPermGen       total 257536K, used 138716K [0x00007fd99e550000, 0x00007fd9ae0d0000, 0x00007fd9ae550000)
  object space 257536K, 53% used [0x00007fd99e550000,0x00007fd9a6cc7188,0x00007fd9ae0d0000)
8009,763: [GC [PSYoungGen: 1039552K->7463K(1035584K)] 1818060K->793158K(3132736K), 0,0211590 secs] [Times: user=0,08 sys=0,00, real=0,02 secs] 
Heap after GC invocations=157 (full 3):
 PSYoungGen      total 1035584K, used 7463K [0x00007fda2e550000, 0x00007fda6e550000, 0x00007fda6e550000)
  eden space 1026560K, 0% used [0x00007fda2e550000,0x00007fda2e550000,0x00007fda6cfd0000)
  from space 9024K, 82% used [0x00007fda6dc80000,0x00007fda6e3c9c48,0x00007fda6e550000)
  to   space 11008K, 0% used [0x00007fda6cfd0000,0x00007fda6cfd0000,0x00007fda6da90000)
 ParOldGen       total 2097152K, used 785695K [0x00007fd9ae550000, 0x00007fda2e550000, 0x00007fda2e550000)
  object space 2097152K, 37% used [0x00007fd9ae550000,0x00007fd9de497f48,0x00007fda2e550000)
 PSPermGen       total 257536K, used 138716K [0x00007fd99e550000, 0x00007fd9ae0d0000, 0x00007fd9ae550000)
  object space 257536K, 53% used [0x00007fd99e550000,0x00007fd9a6cc7188,0x00007fd9ae0d0000)
}
{Heap before GC invocations=158 (full 3):
 PSYoungGen      total 1035584K, used 1034023K [0x00007fda2e550000, 0x00007fda6e550000, 0x00007fda6e550000)
  eden space 1026560K, 100% used [0x00007fda2e550000,0x00007fda6cfd0000,0x00007fda6cfd0000)
  from space 9024K, 82% used [0x00007fda6dc80000,0x00007fda6e3c9c48,0x00007fda6e550000)
  to   space 11008K, 0% used [0x00007fda6cfd0000,0x00007fda6cfd0000,0x00007fda6da90000)
 ParOldGen       total 2097152K, used 785695K [0x00007fd9ae550000, 0x00007fda2e550000, 0x00007fda2e550000)
  object space 2097152K, 37% used [0x00007fd9ae550000,0x00007fd9de497f48,0x00007fda2e550000)
 PSPermGen       total 257536K, used 139010K [0x00007fd99e550000, 0x00007fd9ae0d0000, 0x00007fd9ae550000)
  object space 257536K, 53% used [0x00007fd99e550000,0x00007fd9a6d10960,0x00007fd9ae0d0000)
8053,769: [GC [PSYoungGen: 1034023K->10672K(1037248K)] 1819718K->802650K(3134400K), 0,0232050 secs] [Times: user=0,09 sys=0,00, real=0,03 secs] 
Heap after GC invocations=158 (full 3):
 PSYoungGen      total 1037248K, used 10672K [0x00007fda2e550000, 0x00007fda6e550000, 0x00007fda6e550000)
  eden space 1026560K, 0% used [0x00007fda2e550000,0x00007fda2e550000,0x00007fda6cfd0000)
  from space 10688K, 99% used [0x00007fda6cfd0000,0x00007fda6da3c048,0x00007fda6da40000)
  to   space 11328K, 0% used [0x00007fda6da40000,0x00007fda6da40000,0x00007fda6e550000)
 ParOldGen       total 2097152K, used 791978K [0x00007fd9ae550000, 0x00007fda2e550000, 0x00007fda2e550000)
  object space 2097152K, 37% used [0x00007fd9ae550000,0x00007fd9deaba8b8,0x00007fda2e550000)
 PSPermGen       total 257536K, used 139010K [0x00007fd99e550000, 0x00007fd9ae0d0000, 0x00007fd9ae550000)
  object space 257536K, 53% used [0x00007fd99e550000,0x00007fd9a6d10960,0x00007fd9ae0d0000)
}
{Heap before GC invocations=159 (full 3):
 PSYoungGen      total 1037248K, used 1037232K [0x00007fda2e550000, 0x00007fda6e550000, 0x00007fda6e550000)
  eden space 1026560K, 100% used [0x00007fda2e550000,0x00007fda6cfd0000,0x00007fda6cfd0000)
  from space 10688K, 99% used [0x00007fda6cfd0000,0x00007fda6da3c048,0x00007fda6da40000)
  to   space 11328K, 0% used [0x00007fda6da40000,0x00007fda6da40000,0x00007fda6e550000)
 ParOldGen       total 2097152K, used 791978K [0x00007fd9ae550000, 0x00007fda2e550000, 0x00007fda2e550000)
  object space 2097152K, 37% used [0x00007fd9ae550000,0x00007fd9deaba8b8,0x00007fda2e550000)
 PSPermGen       total 257536K, used 139054K [0x00007fd99e550000, 0x00007fd9ae0d0000, 0x00007fd9ae550000)
  object space 257536K, 53% used [0x00007fd99e550000,0x00007fd9a6d1b958,0x00007fd9ae0d0000)
8089,708: [GC [PSYoungGen: 1037232K->7376K(1036352K)] 1829210K->807631K(3133504K), 0,0235650 secs] [Times: user=0,07 sys=0,02, real=0,03 secs] 
Heap after GC invocations=159 (full 3):
 PSYoungGen      total 1036352K, used 7376K [0x00007fda2e550000, 0x00007fda6e550000, 0x00007fda6e550000)
  eden space 1025024K, 0% used [0x00007fda2e550000,0x00007fda2e550000,0x00007fda6ce50000)
  from space 11328K, 65% used [0x00007fda6da40000,0x00007fda6e174390,0x00007fda6e550000)
  to   space 11776K, 0% used [0x00007fda6ce50000,0x00007fda6ce50000,0x00007fda6d9d0000)
 ParOldGen       total 2097152K, used 800254K [0x00007fd9ae550000, 0x00007fda2e550000, 0x00007fda2e550000)
  object space 2097152K, 38% used [0x00007fd9ae550000,0x00007fd9df2cf880,0x00007fda2e550000)
 PSPermGen       total 257536K, used 139054K [0x00007fd99e550000, 0x00007fd9ae0d0000, 0x00007fd9ae550000)
  object space 257536K, 53% used [0x00007fd99e550000,0x00007fd9a6d1b958,0x00007fd9ae0d0000)
}
{Heap before GC invocations=160 (full 3):
 PSYoungGen      total 1036352K, used 1032400K [0x00007fda2e550000, 0x00007fda6e550000, 0x00007fda6e550000)
  eden space 1025024K, 100% used [0x00007fda2e550000,0x00007fda6ce50000,0x00007fda6ce50000)
  from space 11328K, 65% used [0x00007fda6da40000,0x00007fda6e174390,0x00007fda6e550000)
  to   space 11776K, 0% used [0x00007fda6ce50000,0x00007fda6ce50000,0x00007fda6d9d0000)
 ParOldGen       total 2097152K, used 800254K [0x00007fd9ae550000, 0x00007fda2e550000, 0x00007fda2e550000)
  object space 2097152K, 38% used [0x00007fd9ae550000,0x00007fd9df2cf880,0x00007fda2e550000)
 PSPermGen       total 257536K, used 139132K [0x00007fd99e550000, 0x00007fd9ae0d0000, 0x00007fd9ae550000)
  object space 257536K, 54% used [0x00007fd99e550000,0x00007fd9a6d2f0d0,0x00007fd9ae0d0000)
8132,776: [GC [PSYoungGen: 1032400K->8596K(1033664K)] 1832655K->814080K(3130816K), 0,0189730 secs] [Times: user=0,07 sys=0,00, real=0,02 secs] 
Heap after GC invocations=160 (full 3):
 PSYoungGen      total 1033664K, used 8596K [0x00007fda2e550000, 0x00007fda6e550000, 0x00007fda6e550000)
  eden space 1025024K, 0% used [0x00007fda2e550000,0x00007fda2e550000,0x00007fda6ce50000)
  from space 8640K, 99% used [0x00007fda6ce50000,0x00007fda6d6b5078,0x00007fda6d6c0000)
  to   space 11904K, 0% used [0x00007fda6d9b0000,0x00007fda6d9b0000,0x00007fda6e550000)
 ParOldGen       total 2097152K, used 805484K [0x00007fd9ae550000, 0x00007fda2e550000, 0x00007fda2e550000)
  object space 2097152K, 38% used [0x00007fd9ae550000,0x00007fd9df7eb148,0x00007fda2e550000)
 PSPermGen       total 257536K, used 139132K [0x00007fd99e550000, 0x00007fd9ae0d0000, 0x00007fd9ae550000)
  object space 257536K, 54% used [0x00007fd99e550000,0x00007fd9a6d2f0d0,0x00007fd9ae0d0000)
}
{Heap before GC invocations=161 (full 3):
 PSYoungGen      total 1033664K, used 1033620K [0x00007fda2e550000, 0x00007fda6e550000, 0x00007fda6e550000)
  eden space 1025024K, 100% used [0x00007fda2e550000,0x00007fda6ce50000,0x00007fda6ce50000)
  from space 8640K, 99% used [0x00007fda6ce50000,0x00007fda6d6b5078,0x00007fda6d6c0000)
  to   space 11904K, 0% used [0x00007fda6d9b0000,0x00007fda6d9b0000,0x00007fda6e550000)
 ParOldGen       total 2097152K, used 805484K [0x00007fd9ae550000, 0x00007fda2e550000, 0x00007fda2e550000)
  object space 2097152K, 38% used [0x00007fd9ae550000,0x00007fd9df7eb148,0x00007fda2e550000)
 PSPermGen       total 257536K, used 139148K [0x00007fd99e550000, 0x00007fd9ae0d0000, 0x00007fd9ae550000)
  object space 257536K, 54% used [0x00007fd99e550000,0x00007fd9a6d331a8,0x00007fd9ae0d0000)
8160,877: [GC [PSYoungGen: 1033620K->11136K(1034624K)] 1839104K->821863K(3131776K), 0,0244190 secs] [Times: user=0,08 sys=0,01, real=0,02 secs] 
Heap after GC invocations=161 (full 3):
 PSYoungGen      total 1034624K, used 11136K [0x00007fda2e550000, 0x00007fda6e550000, 0x00007fda6e550000)
  eden space 1022720K, 0% used [0x00007fda2e550000,0x00007fda2e550000,0x00007fda6cc10000)
  from space 11904K, 93% used [0x00007fda6d9b0000,0x00007fda6e490000,0x00007fda6e550000)
  to   space 12928K, 0% used [0x00007fda6cc10000,0x00007fda6cc10000,0x00007fda6d8b0000)
 ParOldGen       total 2097152K, used 810727K [0x00007fd9ae550000, 0x00007fda2e550000, 0x00007fda2e550000)
  object space 2097152K, 38% used [0x00007fd9ae550000,0x00007fd9dfd09fe0,0x00007fda2e550000)
 PSPermGen       total 257536K, used 139148K [0x00007fd99e550000, 0x00007fd9ae0d0000, 0x00007fd9ae550000)
  object space 257536K, 54% used [0x00007fd99e550000,0x00007fd9a6d331a8,0x00007fd9ae0d0000)
}
{Heap before GC invocations=162 (full 3):
 PSYoungGen      total 1034624K, used 1033856K [0x00007fda2e550000, 0x00007fda6e550000, 0x00007fda6e550000)
  eden space 1022720K, 100% used [0x00007fda2e550000,0x00007fda6cc10000,0x00007fda6cc10000)
  from space 11904K, 93% used [0x00007fda6d9b0000,0x00007fda6e490000,0x00007fda6e550000)
  to   space 12928K, 0% used [0x00007fda6cc10000,0x00007fda6cc10000,0x00007fda6d8b0000)
 ParOldGen       total 2097152K, used 810727K [0x00007fd9ae550000, 0x00007fda2e550000, 0x00007fda2e550000)
  object space 2097152K, 38% used [0x00007fd9ae550000,0x00007fd9dfd09fe0,0x00007fda2e550000)
 PSPermGen       total 257536K, used 139177K [0x00007fd99e550000, 0x00007fd9ae0d0000, 0x00007fd9ae550000)
  object space 257536K, 54% used [0x00007fd99e550000,0x00007fd9a6d3a400,0x00007fd9ae0d0000)
8195,082: [GC [PSYoungGen: 1033856K->10931K(1033664K)] 1844583K->830023K(3130816K), 0,0227750 secs] [Times: user=0,09 sys=0,00, real=0,02 secs] 
Heap after GC invocations=162 (full 3):
 PSYoungGen      total 1033664K, used 10931K [0x00007fda2e550000, 0x00007fda6e550000, 0x00007fda6e550000)
  eden space 1022720K, 0% used [0x00007fda2e550000,0x00007fda2e550000,0x00007fda6cc10000)
  from space 10944K, 99% used [0x00007fda6cc10000,0x00007fda6d6bcca0,0x00007fda6d6c0000)
  to   space 13696K, 0% used [0x00007fda6d7f0000,0x00007fda6d7f0000,0x00007fda6e550000)
 ParOldGen       total 2097152K, used 819091K [0x00007fd9ae550000, 0x00007fda2e550000, 0x00007fda2e550000)
  object space 2097152K, 39% used [0x00007fd9ae550000,0x00007fd9e0534fc8,0x00007fda2e550000)
 PSPermGen       total 257536K, used 139177K [0x00007fd99e550000, 0x00007fd9ae0d0000, 0x00007fd9ae550000)
  object space 257536K, 54% used [0x00007fd99e550000,0x00007fd9a6d3a400,0x00007fd9ae0d0000)
}
{Heap before GC invocations=163 (full 3):
 PSYoungGen      total 1033664K, used 1033651K [0x00007fda2e550000, 0x00007fda6e550000, 0x00007fda6e550000)
  eden space 1022720K, 100% used [0x00007fda2e550000,0x00007fda6cc10000,0x00007fda6cc10000)
  from space 10944K, 99% used [0x00007fda6cc10000,0x00007fda6d6bcca0,0x00007fda6d6c0000)
  to   space 13696K, 0% used [0x00007fda6d7f0000,0x00007fda6d7f0000,0x00007fda6e550000)
 ParOldGen       total 2097152K, used 819091K [0x00007fd9ae550000, 0x00007fda2e550000, 0x00007fda2e550000)
  object space 2097152K, 39% used [0x00007fd9ae550000,0x00007fd9e0534fc8,0x00007fda2e550000)
 PSPermGen       total 257536K, used 139199K [0x00007fd99e550000, 0x00007fd9ae0d0000, 0x00007fd9ae550000)
  object space 257536K, 54% used [0x00007fd99e550000,0x00007fd9a6d3feb0,0x00007fd9ae0d0000)
8211,894: [GC [PSYoungGen: 1033651K->6928K(1035328K)] 1852743K->834258K(3132480K), 0,0230600 secs] [Times: user=0,08 sys=0,01, real=0,02 secs] 
Heap after GC invocations=163 (full 3):
 PSYoungGen      total 1035328K, used 6928K [0x00007fda2e550000, 0x00007fda6e550000, 0x00007fda6e550000)
  eden space 1021632K, 0% used [0x00007fda2e550000,0x00007fda2e550000,0x00007fda6cb00000)
  from space 13696K, 50% used [0x00007fda6d7f0000,0x00007fda6deb4390,0x00007fda6e550000)
  to   space 13248K, 0% used [0x00007fda6cb00000,0x00007fda6cb00000,0x00007fda6d7f0000)
 ParOldGen       total 2097152K, used 827329K [0x00007fd9ae550000, 0x00007fda2e550000, 0x00007fda2e550000)
  object space 2097152K, 39% used [0x00007fd9ae550000,0x00007fd9e0d405c8,0x00007fda2e550000)
 PSPermGen       total 257536K, used 139199K [0x00007fd99e550000, 0x00007fd9ae0d0000, 0x00007fd9ae550000)
  object space 257536K, 54% used [0x00007fd99e550000,0x00007fd9a6d3feb0,0x00007fd9ae0d0000)
}
{Heap before GC invocations=164 (full 3):
 PSYoungGen      total 1035328K, used 1028560K [0x00007fda2e550000, 0x00007fda6e550000, 0x00007fda6e550000)
  eden space 1021632K, 100% used [0x00007fda2e550000,0x00007fda6cb00000,0x00007fda6cb00000)
  from space 13696K, 50% used [0x00007fda6d7f0000,0x00007fda6deb4390,0x00007fda6e550000)
  to   space 13248K, 0% used [0x00007fda6cb00000,0x00007fda6cb00000,0x00007fda6d7f0000)
 ParOldGen       total 2097152K, used 827329K [0x00007fd9ae550000, 0x00007fda2e550000, 0x00007fda2e550000)
  object space 2097152K, 39% used [0x00007fd9ae550000,0x00007fd9e0d405c8,0x00007fda2e550000)
 PSPermGen       total 257536K, used 139289K [0x00007fd99e550000, 0x00007fd9ae0d0000, 0x00007fd9ae550000)
  object space 257536K, 54% used [0x00007fd99e550000,0x00007fd9a6d567a0,0x00007fd9ae0d0000)
8250,735: [GC [PSYoungGen: 1028560K->6224K(1034880K)] 1855890K->837467K(3132032K), 0,0176170 secs] [Times: user=0,07 sys=0,00, real=0,02 secs] 
Heap after GC invocations=164 (full 3):
 PSYoungGen      total 1034880K, used 6224K [0x00007fda2e550000, 0x00007fda6e550000, 0x00007fda6e550000)
  eden space 1021632K, 0% used [0x00007fda2e550000,0x00007fda2e550000,0x00007fda6cb00000)
  from space 13248K, 46% used [0x00007fda6cb00000,0x00007fda6d114390,0x00007fda6d7f0000)
  to   space 12992K, 0% used [0x00007fda6d8a0000,0x00007fda6d8a0000,0x00007fda6e550000)
 ParOldGen       total 2097152K, used 831242K [0x00007fd9ae550000, 0x00007fda2e550000, 0x00007fda2e550000)
  object space 2097152K, 39% used [0x00007fd9ae550000,0x00007fd9e11128e0,0x00007fda2e550000)
 PSPermGen       total 257536K, used 139289K [0x00007fd99e550000, 0x00007fd9ae0d0000, 0x00007fd9ae550000)
  object space 257536K, 54% used [0x00007fd99e550000,0x00007fd9a6d567a0,0x00007fd9ae0d0000)
}
{Heap before GC invocations=165 (full 3):
 PSYoungGen      total 1034880K, used 1027856K [0x00007fda2e550000, 0x00007fda6e550000, 0x00007fda6e550000)
  eden space 1021632K, 100% used [0x00007fda2e550000,0x00007fda6cb00000,0x00007fda6cb00000)
  from space 13248K, 46% used [0x00007fda6cb00000,0x00007fda6d114390,0x00007fda6d7f0000)
  to   space 12992K, 0% used [0x00007fda6d8a0000,0x00007fda6d8a0000,0x00007fda6e550000)
 ParOldGen       total 2097152K, used 831242K [0x00007fd9ae550000, 0x00007fda2e550000, 0x00007fda2e550000)
  object space 2097152K, 39% used [0x00007fd9ae550000,0x00007fd9e11128e0,0x00007fda2e550000)
 PSPermGen       total 257536K, used 139443K [0x00007fd99e550000, 0x00007fd9ae0d0000, 0x00007fd9ae550000)
  object space 257536K, 54% used [0x00007fd99e550000,0x00007fd9a6d7cf78,0x00007fd9ae0d0000)
8295,524: [GC [PSYoungGen: 1027856K->11047K(1034176K)] 1859099K->845360K(3131328K), 0,0230540 secs] [Times: user=0,09 sys=0,00, real=0,03 secs] 
Heap after GC invocations=165 (full 3):
 PSYoungGen      total 1034176K, used 11047K [0x00007fda2e550000, 0x00007fda6e550000, 0x00007fda6e550000)
  eden space 1021184K, 0% used [0x00007fda2e550000,0x00007fda2e550000,0x00007fda6ca90000)
  from space 12992K, 85% used [0x00007fda6d8a0000,0x00007fda6e369d68,0x00007fda6e550000)
  to   space 13696K, 0% used [0x00007fda6ca90000,0x00007fda6ca90000,0x00007fda6d7f0000)
 ParOldGen       total 2097152K, used 834313K [0x00007fd9ae550000, 0x00007fda2e550000, 0x00007fda2e550000)
  object space 2097152K, 39% used [0x00007fd9ae550000,0x00007fd9e1412470,0x00007fda2e550000)
 PSPermGen       total 257536K, used 139443K [0x00007fd99e550000, 0x00007fd9ae0d0000, 0x00007fd9ae550000)
  object space 257536K, 54% used [0x00007fd99e550000,0x00007fd9a6d7cf78,0x00007fd9ae0d0000)
}
{Heap before GC invocations=166 (full 3):
 PSYoungGen      total 1034176K, used 1032231K [0x00007fda2e550000, 0x00007fda6e550000, 0x00007fda6e550000)
  eden space 1021184K, 100% used [0x00007fda2e550000,0x00007fda6ca90000,0x00007fda6ca90000)
  from space 12992K, 85% used [0x00007fda6d8a0000,0x00007fda6e369d68,0x00007fda6e550000)
  to   space 13696K, 0% used [0x00007fda6ca90000,0x00007fda6ca90000,0x00007fda6d7f0000)
 ParOldGen       total 2097152K, used 834313K [0x00007fd9ae550000, 0x00007fda2e550000, 0x00007fda2e550000)
  object space 2097152K, 39% used [0x00007fd9ae550000,0x00007fd9e1412470,0x00007fda2e550000)
 PSPermGen       total 257536K, used 139509K [0x00007fd99e550000, 0x00007fd9ae0d0000, 0x00007fd9ae550000)
  object space 257536K, 54% used [0x00007fd99e550000,0x00007fd9a6d8d720,0x00007fd9ae0d0000)
8378,894: [GC [PSYoungGen: 1032231K->8544K(1034880K)] 1866544K->851150K(3132032K), 0,0224710 secs] [Times: user=0,08 sys=0,00, real=0,02 secs] 
Heap after GC invocations=166 (full 3):
 PSYoungGen      total 1034880K, used 8544K [0x00007fda2e550000, 0x00007fda6e550000, 0x00007fda6e550000)
  eden space 1021184K, 0% used [0x00007fda2e550000,0x00007fda2e550000,0x00007fda6ca90000)
  from space 13696K, 62% used [0x00007fda6ca90000,0x00007fda6d2e8000,0x00007fda6d7f0000)
  to   space 13376K, 0% used [0x00007fda6d840000,0x00007fda6d840000,0x00007fda6e550000)
 ParOldGen       total 2097152K, used 842606K [0x00007fd9ae550000, 0x00007fda2e550000, 0x00007fda2e550000)
  object space 2097152K, 40% used [0x00007fd9ae550000,0x00007fd9e1c2b990,0x00007fda2e550000)
 PSPermGen       total 257536K, used 139509K [0x00007fd99e550000, 0x00007fd9ae0d0000, 0x00007fd9ae550000)
  object space 257536K, 54% used [0x00007fd99e550000,0x00007fd9a6d8d720,0x00007fd9ae0d0000)
}
{Heap before GC invocations=167 (full 3):
 PSYoungGen      total 1034880K, used 1029728K [0x00007fda2e550000, 0x00007fda6e550000, 0x00007fda6e550000)
  eden space 1021184K, 100% used [0x00007fda2e550000,0x00007fda6ca90000,0x00007fda6ca90000)
  from space 13696K, 62% used [0x00007fda6ca90000,0x00007fda6d2e8000,0x00007fda6d7f0000)
  to   space 13376K, 0% used [0x00007fda6d840000,0x00007fda6d840000,0x00007fda6e550000)
 ParOldGen       total 2097152K, used 842606K [0x00007fd9ae550000, 0x00007fda2e550000, 0x00007fda2e550000)
  object space 2097152K, 40% used [0x00007fd9ae550000,0x00007fd9e1c2b990,0x00007fda2e550000)
 PSPermGen       total 257536K, used 139517K [0x00007fd99e550000, 0x00007fd9ae0d0000, 0x00007fd9ae550000)
  object space 257536K, 54% used [0x00007fd99e550000,0x00007fd9a6d8f5a8,0x00007fd9ae0d0000)
8438,588: [GC [PSYoungGen: 1029728K->10901K(1034176K)] 1872334K->858148K(3131328K), 0,0210820 secs] [Times: user=0,07 sys=0,01, real=0,02 secs] 
Heap after GC invocations=167 (full 3):
 PSYoungGen      total 1034176K, used 10901K [0x00007fda2e550000, 0x00007fda6e550000, 0x00007fda6e550000)
  eden space 1020800K, 0% used [0x00007fda2e550000,0x00007fda2e550000,0x00007fda6ca30000)
  from space 13376K, 81% used [0x00007fda6d840000,0x00007fda6e2e5690,0x00007fda6e550000)
  to   space 13888K, 0% used [0x00007fda6ca30000,0x00007fda6ca30000,0x00007fda6d7c0000)
 ParOldGen       total 2097152K, used 847246K [0x00007fd9ae550000, 0x00007fda2e550000, 0x00007fda2e550000)
  object space 2097152K, 40% used [0x00007fd9ae550000,0x00007fd9e20b3990,0x00007fda2e550000)
 PSPermGen       total 257536K, used 139517K [0x00007fd99e550000, 0x00007fd9ae0d0000, 0x00007fd9ae550000)
  object space 257536K, 54% used [0x00007fd99e550000,0x00007fd9a6d8f5a8,0x00007fd9ae0d0000)
}
{Heap before GC invocations=168 (full 3):
 PSYoungGen      total 1034176K, used 1031701K [0x00007fda2e550000, 0x00007fda6e550000, 0x00007fda6e550000)
  eden space 1020800K, 100% used [0x00007fda2e550000,0x00007fda6ca30000,0x00007fda6ca30000)
  from space 13376K, 81% used [0x00007fda6d840000,0x00007fda6e2e5690,0x00007fda6e550000)
  to   space 13888K, 0% used [0x00007fda6ca30000,0x00007fda6ca30000,0x00007fda6d7c0000)
 ParOldGen       total 2097152K, used 847246K [0x00007fd9ae550000, 0x00007fda2e550000, 0x00007fda2e550000)
  object space 2097152K, 40% used [0x00007fd9ae550000,0x00007fd9e20b3990,0x00007fda2e550000)
 PSPermGen       total 257536K, used 139596K [0x00007fd99e550000, 0x00007fd9ae0d0000, 0x00007fd9ae550000)
  object space 257536K, 54% used [0x00007fd99e550000,0x00007fd9a6da31a8,0x00007fd9ae0d0000)
8523,055: [GC [PSYoungGen: 1031701K->12256K(1033088K)] 1878948K->868415K(3130240K), 0,0289440 secs] [Times: user=0,11 sys=0,01, real=0,03 secs] 
Heap after GC invocations=168 (full 3):
 PSYoungGen      total 1033088K, used 12256K [0x00007fda2e550000, 0x00007fda6e550000, 0x00007fda6e550000)
  eden space 1020800K, 0% used [0x00007fda2e550000,0x00007fda2e550000,0x00007fda6ca30000)
  from space 12288K, 99% used [0x00007fda6ca30000,0x00007fda6d628000,0x00007fda6d630000)
  to   space 14784K, 0% used [0x00007fda6d6e0000,0x00007fda6d6e0000,0x00007fda6e550000)
 ParOldGen       total 2097152K, used 856159K [0x00007fd9ae550000, 0x00007fda2e550000, 0x00007fda2e550000)
  object space 2097152K, 40% used [0x00007fd9ae550000,0x00007fd9e2967f68,0x00007fda2e550000)
 PSPermGen       total 257536K, used 139596K [0x00007fd99e550000, 0x00007fd9ae0d0000, 0x00007fd9ae550000)
  object space 257536K, 54% used [0x00007fd99e550000,0x00007fd9a6da31a8,0x00007fd9ae0d0000)
}
{Heap before GC invocations=169 (full 3):
 PSYoungGen      total 1033088K, used 1033056K [0x00007fda2e550000, 0x00007fda6e550000, 0x00007fda6e550000)
  eden space 1020800K, 100% used [0x00007fda2e550000,0x00007fda6ca30000,0x00007fda6ca30000)
  from space 12288K, 99% used [0x00007fda6ca30000,0x00007fda6d628000,0x00007fda6d630000)
  to   space 14784K, 0% used [0x00007fda6d6e0000,0x00007fda6d6e0000,0x00007fda6e550000)
 ParOldGen       total 2097152K, used 856159K [0x00007fd9ae550000, 0x00007fda2e550000, 0x00007fda2e550000)
  object space 2097152K, 40% used [0x00007fd9ae550000,0x00007fd9e2967f68,0x00007fda2e550000)
 PSPermGen       total 257536K, used 139694K [0x00007fd99e550000, 0x00007fd9ae0d0000, 0x00007fd9ae550000)
  object space 257536K, 54% used [0x00007fd99e550000,0x00007fd9a6dbba60,0x00007fd9ae0d0000)
8603,334: [GC [PSYoungGen: 1033056K->9664K(1034048K)] 1889215K->875860K(3131200K), 0,0253890 secs] [Times: user=0,09 sys=0,01, real=0,03 secs] 
Heap after GC invocations=169 (full 3):
 PSYoungGen      total 1034048K, used 9664K [0x00007fda2e550000, 0x00007fda6e550000, 0x00007fda6e550000)
  eden space 1019264K, 0% used [0x00007fda2e550000,0x00007fda2e550000,0x00007fda6c8b0000)
  from space 14784K, 65% used [0x00007fda6d6e0000,0x00007fda6e050000,0x00007fda6e550000)
  to   space 14528K, 0% used [0x00007fda6c8b0000,0x00007fda6c8b0000,0x00007fda6d6e0000)
 ParOldGen       total 2097152K, used 866196K [0x00007fd9ae550000, 0x00007fda2e550000, 0x00007fda2e550000)
  object space 2097152K, 41% used [0x00007fd9ae550000,0x00007fd9e3335380,0x00007fda2e550000)
 PSPermGen       total 257536K, used 139694K [0x00007fd99e550000, 0x00007fd9ae0d0000, 0x00007fd9ae550000)
  object space 257536K, 54% used [0x00007fd99e550000,0x00007fd9a6dbba60,0x00007fd9ae0d0000)
}
{Heap before GC invocations=170 (full 3):
 PSYoungGen      total 1034048K, used 1028928K [0x00007fda2e550000, 0x00007fda6e550000, 0x00007fda6e550000)
  eden space 1019264K, 100% used [0x00007fda2e550000,0x00007fda6c8b0000,0x00007fda6c8b0000)
  from space 14784K, 65% used [0x00007fda6d6e0000,0x00007fda6e050000,0x00007fda6e550000)
  to   space 14528K, 0% used [0x00007fda6c8b0000,0x00007fda6c8b0000,0x00007fda6d6e0000)
 ParOldGen       total 2097152K, used 866196K [0x00007fd9ae550000, 0x00007fda2e550000, 0x00007fda2e550000)
  object space 2097152K, 41% used [0x00007fd9ae550000,0x00007fd9e3335380,0x00007fda2e550000)
 PSPermGen       total 257536K, used 139790K [0x00007fd99e550000, 0x00007fd9ae0d0000, 0x00007fd9ae550000)
  object space 257536K, 54% used [0x00007fd99e550000,0x00007fd9a6dd3938,0x00007fd9ae0d0000)
8676,180: [GC [PSYoungGen: 1028928K->13134K(1032448K)] 1895124K->887684K(3129600K), 0,0274660 secs] [Times: user=0,10 sys=0,00, real=0,03 secs] 
Heap after GC invocations=170 (full 3):
 PSYoungGen      total 1032448K, used 13134K [0x00007fda2e550000, 0x00007fda6e550000, 0x00007fda6e550000)
  eden space 1019264K, 0% used [0x00007fda2e550000,0x00007fda2e550000,0x00007fda6c8b0000)
  from space 13184K, 99% used [0x00007fda6c8b0000,0x00007fda6d583bb0,0x00007fda6d590000)
  to   space 15616K, 0% used [0x00007fda6d610000,0x00007fda6d610000,0x00007fda6e550000)
 ParOldGen       total 2097152K, used 874549K [0x00007fd9ae550000, 0x00007fda2e550000, 0x00007fda2e550000)
  object space 2097152K, 41% used [0x00007fd9ae550000,0x00007fd9e3b5d7b0,0x00007fda2e550000)
 PSPermGen       total 257536K, used 139790K [0x00007fd99e550000, 0x00007fd9ae0d0000, 0x00007fd9ae550000)
  object space 257536K, 54% used [0x00007fd99e550000,0x00007fd9a6dd3938,0x00007fd9ae0d0000)
}
{Heap before GC invocations=171 (full 3):
 PSYoungGen      total 1032448K, used 1031789K [0x00007fda2e550000, 0x00007fda6e550000, 0x00007fda6e550000)
  eden space 1019264K, 99% used [0x00007fda2e550000,0x00007fda6c817898,0x00007fda6c8b0000)
  from space 13184K, 99% used [0x00007fda6c8b0000,0x00007fda6d583bb0,0x00007fda6d590000)
  to   space 15616K, 0% used [0x00007fda6d610000,0x00007fda6d610000,0x00007fda6e550000)
 ParOldGen       total 2097152K, used 874549K [0x00007fd9ae550000, 0x00007fda2e550000, 0x00007fda2e550000)
  object space 2097152K, 41% used [0x00007fd9ae550000,0x00007fd9e3b5d7b0,0x00007fda2e550000)
 PSPermGen       total 257536K, used 139839K [0x00007fd99e550000, 0x00007fd9ae0d0000, 0x00007fd9ae550000)
  object space 257536K, 54% used [0x00007fd99e550000,0x00007fd9a6ddfe88,0x00007fd9ae0d0000)
8772,991: [GC [PSYoungGen: 1031789K->14132K(1030656K)] 1906338K->899110K(3127808K), 0,0416460 secs] [Times: user=0,14 sys=0,02, real=0,04 secs] 
Heap after GC invocations=171 (full 3):
 PSYoungGen      total 1030656K, used 14132K [0x00007fda2e550000, 0x00007fda6e550000, 0x00007fda6e550000)
  eden space 1015040K, 0% used [0x00007fda2e550000,0x00007fda2e550000,0x00007fda6c490000)
  from space 15616K, 90% used [0x00007fda6d610000,0x00007fda6e3dd280,0x00007fda6e550000)
  to   space 16768K, 0% used [0x00007fda6c490000,0x00007fda6c490000,0x00007fda6d4f0000)
 ParOldGen       total 2097152K, used 884978K [0x00007fd9ae550000, 0x00007fda2e550000, 0x00007fda2e550000)
  object space 2097152K, 42% used [0x00007fd9ae550000,0x00007fd9e458c888,0x00007fda2e550000)
 PSPermGen       total 257536K, used 139839K [0x00007fd99e550000, 0x00007fd9ae0d0000, 0x00007fd9ae550000)
  object space 257536K, 54% used [0x00007fd99e550000,0x00007fd9a6ddfe88,0x00007fd9ae0d0000)
}
{Heap before GC invocations=172 (full 3):
 PSYoungGen      total 1030656K, used 1029172K [0x00007fda2e550000, 0x00007fda6e550000, 0x00007fda6e550000)
  eden space 1015040K, 100% used [0x00007fda2e550000,0x00007fda6c490000,0x00007fda6c490000)
  from space 15616K, 90% used [0x00007fda6d610000,0x00007fda6e3dd280,0x00007fda6e550000)
  to   space 16768K, 0% used [0x00007fda6c490000,0x00007fda6c490000,0x00007fda6d4f0000)
 ParOldGen       total 2097152K, used 884978K [0x00007fd9ae550000, 0x00007fda2e550000, 0x00007fda2e550000)
  object space 2097152K, 42% used [0x00007fd9ae550000,0x00007fd9e458c888,0x00007fda2e550000)
 PSPermGen       total 257536K, used 139910K [0x00007fd99e550000, 0x00007fd9ae0d0000, 0x00007fd9ae550000)
  object space 257536K, 54% used [0x00007fd99e550000,0x00007fd9a6df1970,0x00007fd9ae0d0000)
8820,549: [GC [PSYoungGen: 1029172K->10118K(1031808K)] 1914150K->906290K(3128960K), 0,0264070 secs] [Times: user=0,08 sys=0,02, real=0,03 secs] 
Heap after GC invocations=172 (full 3):
 PSYoungGen      total 1031808K, used 10118K [0x00007fda2e550000, 0x00007fda6e550000, 0x00007fda6e550000)
  eden space 1015040K, 0% used [0x00007fda2e550000,0x00007fda2e550000,0x00007fda6c490000)
  from space 16768K, 60% used [0x00007fda6c490000,0x00007fda6ce71b10,0x00007fda6d4f0000)
  to   space 16256K, 0% used [0x00007fda6d570000,0x00007fda6d570000,0x00007fda6e550000)
 ParOldGen       total 2097152K, used 896172K [0x00007fd9ae550000, 0x00007fda2e550000, 0x00007fda2e550000)
  object space 2097152K, 42% used [0x00007fd9ae550000,0x00007fd9e507b0a8,0x00007fda2e550000)
 PSPermGen       total 257536K, used 139910K [0x00007fd99e550000, 0x00007fd9ae0d0000, 0x00007fd9ae550000)
  object space 257536K, 54% used [0x00007fd99e550000,0x00007fd9a6df1970,0x00007fd9ae0d0000)
}
{Heap before GC invocations=173 (full 3):
 PSYoungGen      total 1031808K, used 1025158K [0x00007fda2e550000, 0x00007fda6e550000, 0x00007fda6e550000)
  eden space 1015040K, 100% used [0x00007fda2e550000,0x00007fda6c490000,0x00007fda6c490000)
  from space 16768K, 60% used [0x00007fda6c490000,0x00007fda6ce71b10,0x00007fda6d4f0000)
  to   space 16256K, 0% used [0x00007fda6d570000,0x00007fda6d570000,0x00007fda6e550000)
 ParOldGen       total 2097152K, used 896172K [0x00007fd9ae550000, 0x00007fda2e550000, 0x00007fda2e550000)
  object space 2097152K, 42% used [0x00007fd9ae550000,0x00007fd9e507b0a8,0x00007fda2e550000)
 PSPermGen       total 257536K, used 139920K [0x00007fd99e550000, 0x00007fd9ae0d0000, 0x00007fd9ae550000)
  object space 257536K, 54% used [0x00007fd99e550000,0x00007fd9a6df40b8,0x00007fd9ae0d0000)
8956,963: [GC [PSYoungGen: 1025158K->4208K(1031808K)] 1921330K->908009K(3128960K), 0,0283430 secs] [Times: user=0,07 sys=0,01, real=0,03 secs] 
Heap after GC invocations=173 (full 3):
 PSYoungGen      total 1031808K, used 4208K [0x00007fda2e550000, 0x00007fda6e550000, 0x00007fda6e550000)
  eden space 1015552K, 0% used [0x00007fda2e550000,0x00007fda2e550000,0x00007fda6c510000)
  from space 16256K, 25% used [0x00007fda6d570000,0x00007fda6d98c018,0x00007fda6e550000)
  to   space 16512K, 0% used [0x00007fda6c510000,0x00007fda6c510000,0x00007fda6d530000)
 ParOldGen       total 2097152K, used 903801K [0x00007fd9ae550000, 0x00007fda2e550000, 0x00007fda2e550000)
  object space 2097152K, 43% used [0x00007fd9ae550000,0x00007fd9e57ee678,0x00007fda2e550000)
 PSPermGen       total 257536K, used 139920K [0x00007fd99e550000, 0x00007fd9ae0d0000, 0x00007fd9ae550000)
  object space 257536K, 54% used [0x00007fd99e550000,0x00007fd9a6df40b8,0x00007fd9ae0d0000)
}
{Heap before GC invocations=174 (full 3):
 PSYoungGen      total 1031808K, used 1019760K [0x00007fda2e550000, 0x00007fda6e550000, 0x00007fda6e550000)
  eden space 1015552K, 100% used [0x00007fda2e550000,0x00007fda6c510000,0x00007fda6c510000)
  from space 16256K, 25% used [0x00007fda6d570000,0x00007fda6d98c018,0x00007fda6e550000)
  to   space 16512K, 0% used [0x00007fda6c510000,0x00007fda6c510000,0x00007fda6d530000)
 ParOldGen       total 2097152K, used 903801K [0x00007fd9ae550000, 0x00007fda2e550000, 0x00007fda2e550000)
  object space 2097152K, 43% used [0x00007fd9ae550000,0x00007fd9e57ee678,0x00007fda2e550000)
 PSPermGen       total 257536K, used 139953K [0x00007fd99e550000, 0x00007fd9ae0d0000, 0x00007fd9ae550000)
  object space 257536K, 54% used [0x00007fd99e550000,0x00007fd9a6dfc7c8,0x00007fd9ae0d0000)
9223,270: [GC [PSYoungGen: 1019760K->5872K(1032064K)] 1923561K->912745K(3129216K), 0,0241190 secs] [Times: user=0,07 sys=0,02, real=0,02 secs] 
Heap after GC invocations=174 (full 3):
 PSYoungGen      total 1032064K, used 5872K [0x00007fda2e550000, 0x00007fda6e550000, 0x00007fda6e550000)
  eden space 1015552K, 0% used [0x00007fda2e550000,0x00007fda2e550000,0x00007fda6c510000)
  from space 16512K, 35% used [0x00007fda6c510000,0x00007fda6cacc048,0x00007fda6d530000)
  to   space 16384K, 0% used [0x00007fda6d550000,0x00007fda6d550000,0x00007fda6e550000)
 ParOldGen       total 2097152K, used 906873K [0x00007fd9ae550000, 0x00007fda2e550000, 0x00007fda2e550000)
  object space 2097152K, 43% used [0x00007fd9ae550000,0x00007fd9e5aee668,0x00007fda2e550000)
 PSPermGen       total 257536K, used 139953K [0x00007fd99e550000, 0x00007fd9ae0d0000, 0x00007fd9ae550000)
  object space 257536K, 54% used [0x00007fd99e550000,0x00007fd9a6dfc7c8,0x00007fd9ae0d0000)
}
{Heap before GC invocations=175 (full 3):
 PSYoungGen      total 1032064K, used 1021424K [0x00007fda2e550000, 0x00007fda6e550000, 0x00007fda6e550000)
  eden space 1015552K, 100% used [0x00007fda2e550000,0x00007fda6c510000,0x00007fda6c510000)
  from space 16512K, 35% used [0x00007fda6c510000,0x00007fda6cacc048,0x00007fda6d530000)
  to   space 16384K, 0% used [0x00007fda6d550000,0x00007fda6d550000,0x00007fda6e550000)
 ParOldGen       total 2097152K, used 906873K [0x00007fd9ae550000, 0x00007fda2e550000, 0x00007fda2e550000)
  object space 2097152K, 43% used [0x00007fd9ae550000,0x00007fd9e5aee668,0x00007fda2e550000)
 PSPermGen       total 257536K, used 140001K [0x00007fd99e550000, 0x00007fd9ae0d0000, 0x00007fd9ae550000)
  object space 257536K, 54% used [0x00007fd99e550000,0x00007fd9a6e087c8,0x00007fd9ae0d0000)
9607,473: [GC [PSYoungGen: 1021424K->3136K(1031808K)] 1928297K->914247K(3128960K), 0,0366930 secs] [Times: user=0,14 sys=0,01, real=0,04 secs] 
Heap after GC invocations=175 (full 3):
 PSYoungGen      total 1031808K, used 3136K [0x00007fda2e550000, 0x00007fda6e550000, 0x00007fda6e550000)
  eden space 1015424K, 0% used [0x00007fda2e550000,0x00007fda2e550000,0x00007fda6c4f0000)
  from space 16384K, 19% used [0x00007fda6d550000,0x00007fda6d860000,0x00007fda6e550000)
  to   space 16576K, 0% used [0x00007fda6c4f0000,0x00007fda6c4f0000,0x00007fda6d520000)
 ParOldGen       total 2097152K, used 911111K [0x00007fd9ae550000, 0x00007fda2e550000, 0x00007fda2e550000)
  object space 2097152K, 43% used [0x00007fd9ae550000,0x00007fd9e5f11e78,0x00007fda2e550000)
 PSPermGen       total 257536K, used 140001K [0x00007fd99e550000, 0x00007fd9ae0d0000, 0x00007fd9ae550000)
  object space 257536K, 54% used [0x00007fd99e550000,0x00007fd9a6e087c8,0x00007fd9ae0d0000)
}
{Heap before GC invocations=176 (full 3):
 PSYoungGen      total 1031808K, used 1018560K [0x00007fda2e550000, 0x00007fda6e550000, 0x00007fda6e550000)
  eden space 1015424K, 100% used [0x00007fda2e550000,0x00007fda6c4f0000,0x00007fda6c4f0000)
  from space 16384K, 19% used [0x00007fda6d550000,0x00007fda6d860000,0x00007fda6e550000)
  to   space 16576K, 0% used [0x00007fda6c4f0000,0x00007fda6c4f0000,0x00007fda6d520000)
 ParOldGen       total 2097152K, used 911111K [0x00007fd9ae550000, 0x00007fda2e550000, 0x00007fda2e550000)
  object space 2097152K, 43% used [0x00007fd9ae550000,0x00007fd9e5f11e78,0x00007fda2e550000)
 PSPermGen       total 257536K, used 140206K [0x00007fd99e550000, 0x00007fd9ae0d0000, 0x00007fd9ae550000)
  object space 257536K, 54% used [0x00007fd99e550000,0x00007fd9a6e3b908,0x00007fd9ae0d0000)
9703,163: [GC [PSYoungGen: 1018560K->4032K(1032000K)] 1929671K->917332K(3129152K), 0,0125600 secs] [Times: user=0,05 sys=0,00, real=0,01 secs] 
Heap after GC invocations=176 (full 3):
 PSYoungGen      total 1032000K, used 4032K [0x00007fda2e550000, 0x00007fda6e550000, 0x00007fda6e550000)
  eden space 1015424K, 0% used [0x00007fda2e550000,0x00007fda2e550000,0x00007fda6c4f0000)
  from space 16576K, 24% used [0x00007fda6c4f0000,0x00007fda6c8e0000,0x00007fda6d520000)
  to   space 16512K, 0% used [0x00007fda6d530000,0x00007fda6d530000,0x00007fda6e550000)
 ParOldGen       total 2097152K, used 913300K [0x00007fd9ae550000, 0x00007fda2e550000, 0x00007fda2e550000)
  object space 2097152K, 43% used [0x00007fd9ae550000,0x00007fd9e6135160,0x00007fda2e550000)
 PSPermGen       total 257536K, used 140206K [0x00007fd99e550000, 0x00007fd9ae0d0000, 0x00007fd9ae550000)
  object space 257536K, 54% used [0x00007fd99e550000,0x00007fd9a6e3b908,0x00007fd9ae0d0000)
}
{Heap before GC invocations=177 (full 3):
 PSYoungGen      total 1032000K, used 1019456K [0x00007fda2e550000, 0x00007fda6e550000, 0x00007fda6e550000)
  eden space 1015424K, 100% used [0x00007fda2e550000,0x00007fda6c4f0000,0x00007fda6c4f0000)
  from space 16576K, 24% used [0x00007fda6c4f0000,0x00007fda6c8e0000,0x00007fda6d520000)
  to   space 16512K, 0% used [0x00007fda6d530000,0x00007fda6d530000,0x00007fda6e550000)
 ParOldGen       total 2097152K, used 913300K [0x00007fd9ae550000, 0x00007fda2e550000, 0x00007fda2e550000)
  object space 2097152K, 43% used [0x00007fd9ae550000,0x00007fd9e6135160,0x00007fda2e550000)
 PSPermGen       total 257536K, used 140500K [0x00007fd99e550000, 0x00007fd9ae0d0000, 0x00007fd9ae550000)
  object space 257536K, 54% used [0x00007fd99e550000,0x00007fd9a6e85398,0x00007fd9ae0d0000)
10471,577: [GC [PSYoungGen: 1019456K->5824K(1032576K)] 1932756K->922268K(3129728K), 0,0518340 secs] [Times: user=0,20 sys=0,01, real=0,05 secs] 
Heap after GC invocations=177 (full 3):
 PSYoungGen      total 1032576K, used 5824K [0x00007fda2e550000, 0x00007fda6e550000, 0x00007fda6e550000)
  eden space 1016064K, 0% used [0x00007fda2e550000,0x00007fda2e550000,0x00007fda6c590000)
  from space 16512K, 35% used [0x00007fda6d530000,0x00007fda6dae0018,0x00007fda6e550000)
  to   space 16000K, 0% used [0x00007fda6c590000,0x00007fda6c590000,0x00007fda6d530000)
 ParOldGen       total 2097152K, used 916444K [0x00007fd9ae550000, 0x00007fda2e550000, 0x00007fda2e550000)
  object space 2097152K, 43% used [0x00007fd9ae550000,0x00007fd9e64471a8,0x00007fda2e550000)
 PSPermGen       total 257536K, used 140500K [0x00007fd99e550000, 0x00007fd9ae0d0000, 0x00007fd9ae550000)
  object space 257536K, 54% used [0x00007fd99e550000,0x00007fd9a6e85398,0x00007fd9ae0d0000)
}
{Heap before GC invocations=178 (full 3):
 PSYoungGen      total 1032576K, used 1021888K [0x00007fda2e550000, 0x00007fda6e550000, 0x00007fda6e550000)
  eden space 1016064K, 100% used [0x00007fda2e550000,0x00007fda6c590000,0x00007fda6c590000)
  from space 16512K, 35% used [0x00007fda6d530000,0x00007fda6dae0018,0x00007fda6e550000)
  to   space 16000K, 0% used [0x00007fda6c590000,0x00007fda6c590000,0x00007fda6d530000)
 ParOldGen       total 2097152K, used 916444K [0x00007fd9ae550000, 0x00007fda2e550000, 0x00007fda2e550000)
  object space 2097152K, 43% used [0x00007fd9ae550000,0x00007fd9e64471a8,0x00007fda2e550000)
 PSPermGen       total 257536K, used 140508K [0x00007fd99e550000, 0x00007fd9ae0d0000, 0x00007fd9ae550000)
  object space 257536K, 54% used [0x00007fd99e550000,0x00007fd9a6e87110,0x00007fd9ae0d0000)
10733,264: [GC [PSYoungGen: 1021888K->7504K(1032064K)] 1938332K->928248K(3129216K), 0,0396560 secs] [Times: user=0,11 sys=0,04, real=0,04 secs] 
Heap after GC invocations=178 (full 3):
 PSYoungGen      total 1032064K, used 7504K [0x00007fda2e550000, 0x00007fda6e550000, 0x00007fda6e550000)
  eden space 1016064K, 0% used [0x00007fda2e550000,0x00007fda2e550000,0x00007fda6c590000)
  from space 16000K, 46% used [0x00007fda6c590000,0x00007fda6cce4048,0x00007fda6d530000)
  to   space 15168K, 0% used [0x00007fda6d680000,0x00007fda6d680000,0x00007fda6e550000)
 ParOldGen       total 2097152K, used 920744K [0x00007fd9ae550000, 0x00007fda2e550000, 0x00007fda2e550000)
  object space 2097152K, 43% used [0x00007fd9ae550000,0x00007fd9e687a250,0x00007fda2e550000)
 PSPermGen       total 257536K, used 140508K [0x00007fd99e550000, 0x00007fd9ae0d0000, 0x00007fd9ae550000)
  object space 257536K, 54% used [0x00007fd99e550000,0x00007fd9a6e87110,0x00007fd9ae0d0000)
}
{Heap before GC invocations=179 (full 3):
 PSYoungGen      total 1032064K, used 1023568K [0x00007fda2e550000, 0x00007fda6e550000, 0x00007fda6e550000)
  eden space 1016064K, 100% used [0x00007fda2e550000,0x00007fda6c590000,0x00007fda6c590000)
  from space 16000K, 46% used [0x00007fda6c590000,0x00007fda6cce4048,0x00007fda6d530000)
  to   space 15168K, 0% used [0x00007fda6d680000,0x00007fda6d680000,0x00007fda6e550000)
 ParOldGen       total 2097152K, used 920744K [0x00007fd9ae550000, 0x00007fda2e550000, 0x00007fda2e550000)
  object space 2097152K, 43% used [0x00007fd9ae550000,0x00007fd9e687a250,0x00007fda2e550000)
 PSPermGen       total 257536K, used 140528K [0x00007fd99e550000, 0x00007fd9ae0d0000, 0x00007fd9ae550000)
  object space 257536K, 54% used [0x00007fd99e550000,0x00007fd9a6e8c3b0,0x00007fd9ae0d0000)
10843,666: [GC [PSYoungGen: 1023568K->3328K(1033408K)] 1944312K->930114K(3130560K), 0,0160490 secs] [Times: user=0,05 sys=0,00, real=0,02 secs] 
Heap after GC invocations=179 (full 3):
 PSYoungGen      total 1033408K, used 3328K [0x00007fda2e550000, 0x00007fda6e550000, 0x00007fda6e550000)
  eden space 1018240K, 0% used [0x00007fda2e550000,0x00007fda2e550000,0x00007fda6c7b0000)
  from space 15168K, 21% used [0x00007fda6d680000,0x00007fda6d9c0018,0x00007fda6e550000)
  to   space 15168K, 0% used [0x00007fda6c7b0000,0x00007fda6c7b0000,0x00007fda6d680000)
 ParOldGen       total 2097152K, used 926786K [0x00007fd9ae550000, 0x00007fda2e550000, 0x00007fda2e550000)
  object space 2097152K, 44% used [0x00007fd9ae550000,0x00007fd9e6e609a0,0x00007fda2e550000)
 PSPermGen       total 257536K, used 140528K [0x00007fd99e550000, 0x00007fd9ae0d0000, 0x00007fd9ae550000)
  object space 257536K, 54% used [0x00007fd99e550000,0x00007fd9a6e8c3b0,0x00007fd9ae0d0000)
}
{Heap before GC invocations=180 (full 3):
 PSYoungGen      total 1033408K, used 446842K [0x00007fda2e550000, 0x00007fda6e550000, 0x00007fda6e550000)
  eden space 1018240K, 43% used [0x00007fda2e550000,0x00007fda4966eba0,0x00007fda6c7b0000)
  from space 15168K, 21% used [0x00007fda6d680000,0x00007fda6d9c0018,0x00007fda6e550000)
  to   space 15168K, 0% used [0x00007fda6c7b0000,0x00007fda6c7b0000,0x00007fda6d680000)
 ParOldGen       total 2097152K, used 926786K [0x00007fd9ae550000, 0x00007fda2e550000, 0x00007fda2e550000)
  object space 2097152K, 44% used [0x00007fd9ae550000,0x00007fd9e6e609a0,0x00007fda2e550000)
 PSPermGen       total 257536K, used 140528K [0x00007fd99e550000, 0x00007fd9ae0d0000, 0x00007fd9ae550000)
  object space 257536K, 54% used [0x00007fd99e550000,0x00007fd9a6e8c3b0,0x00007fd9ae0d0000)
10874,834: [GC [PSYoungGen: 446842K->768K(1019008K)] 1373629K->930174K(3116160K), 0,0100480 secs] [Times: user=0,03 sys=0,00, real=0,01 secs] 
Heap after GC invocations=180 (full 3):
 PSYoungGen      total 1019008K, used 768K [0x00007fda2e550000, 0x00007fda6e550000, 0x00007fda6e550000)
  eden space 1018240K, 0% used [0x00007fda2e550000,0x00007fda2e550000,0x00007fda6c7b0000)
  from space 768K, 100% used [0x00007fda6c7b0000,0x00007fda6c870000,0x00007fda6c870000)
  to   space 15488K, 0% used [0x00007fda6d630000,0x00007fda6d630000,0x00007fda6e550000)
 ParOldGen       total 2097152K, used 929406K [0x00007fd9ae550000, 0x00007fda2e550000, 0x00007fda2e550000)
  object space 2097152K, 44% used [0x00007fd9ae550000,0x00007fd9e70ef880,0x00007fda2e550000)
 PSPermGen       total 257536K, used 140528K [0x00007fd99e550000, 0x00007fd9ae0d0000, 0x00007fd9ae550000)
  object space 257536K, 54% used [0x00007fd99e550000,0x00007fd9a6e8c3b0,0x00007fd9ae0d0000)
}
{Heap before GC invocations=181 (full 4):
 PSYoungGen      total 1019008K, used 768K [0x00007fda2e550000, 0x00007fda6e550000, 0x00007fda6e550000)
  eden space 1018240K, 0% used [0x00007fda2e550000,0x00007fda2e550000,0x00007fda6c7b0000)
  from space 768K, 100% used [0x00007fda6c7b0000,0x00007fda6c870000,0x00007fda6c870000)
  to   space 15488K, 0% used [0x00007fda6d630000,0x00007fda6d630000,0x00007fda6e550000)
 ParOldGen       total 2097152K, used 929406K [0x00007fd9ae550000, 0x00007fda2e550000, 0x00007fda2e550000)
  object space 2097152K, 44% used [0x00007fd9ae550000,0x00007fd9e70ef880,0x00007fda2e550000)
 PSPermGen       total 257536K, used 140528K [0x00007fd99e550000, 0x00007fd9ae0d0000, 0x00007fd9ae550000)
  object space 257536K, 54% used [0x00007fd99e550000,0x00007fd9a6e8c3b0,0x00007fd9ae0d0000)
10874,844: [Full GC (System) [PSYoungGen: 768K->0K(1019008K)] [ParOldGen: 929406K->318649K(2097152K)] 930174K->318649K(3116160K) [PSPermGen: 140528K->138960K(254272K)], 0,7427730 secs] [Times: user=2,08 sys=0,02, real=0,75 secs] 
Heap after GC invocations=181 (full 4):
 PSYoungGen      total 1019008K, used 0K [0x00007fda2e550000, 0x00007fda6e550000, 0x00007fda6e550000)
  eden space 1018240K, 0% used [0x00007fda2e550000,0x00007fda2e550000,0x00007fda6c7b0000)
  from space 768K, 0% used [0x00007fda6c7b0000,0x00007fda6c7b0000,0x00007fda6c870000)
  to   space 15488K, 0% used [0x00007fda6d630000,0x00007fda6d630000,0x00007fda6e550000)
 ParOldGen       total 2097152K, used 318649K [0x00007fd9ae550000, 0x00007fda2e550000, 0x00007fda2e550000)
  object space 2097152K, 15% used [0x00007fd9ae550000,0x00007fd9c1c7e640,0x00007fda2e550000)
 PSPermGen       total 254272K, used 138960K [0x00007fd99e550000, 0x00007fd9adda0000, 0x00007fd9ae550000)
  object space 254272K, 54% used [0x00007fd99e550000,0x00007fd9a6d04330,0x00007fd9adda0000)
}
{Heap before GC invocations=182 (full 4):
 PSYoungGen      total 1019008K, used 1018240K [0x00007fda2e550000, 0x00007fda6e550000, 0x00007fda6e550000)
  eden space 1018240K, 100% used [0x00007fda2e550000,0x00007fda6c7b0000,0x00007fda6c7b0000)
  from space 768K, 0% used [0x00007fda6c7b0000,0x00007fda6c7b0000,0x00007fda6c870000)
  to   space 15488K, 0% used [0x00007fda6d630000,0x00007fda6d630000,0x00007fda6e550000)
 ParOldGen       total 2097152K, used 318649K [0x00007fd9ae550000, 0x00007fda2e550000, 0x00007fda2e550000)
  object space 2097152K, 15% used [0x00007fd9ae550000,0x00007fd9c1c7e640,0x00007fda2e550000)
 PSPermGen       total 254272K, used 138993K [0x00007fd99e550000, 0x00007fd9adda0000, 0x00007fd9ae550000)
  object space 254272K, 54% used [0x00007fd99e550000,0x00007fd9a6d0c4e8,0x00007fd9adda0000)
11037,010: [GC [PSYoungGen: 1018240K->3956K(1033536K)] 1336889K->322605K(3130688K), 0,0126190 secs] [Times: user=0,04 sys=0,00, real=0,01 secs] 
Heap after GC invocations=182 (full 4):
 PSYoungGen      total 1033536K, used 3956K [0x00007fda2e550000, 0x00007fda6e550000, 0x00007fda6e550000)
  eden space 1018048K, 0% used [0x00007fda2e550000,0x00007fda2e550000,0x00007fda6c780000)
  from space 15488K, 25% used [0x00007fda6d630000,0x00007fda6da0d040,0x00007fda6e550000)
  to   space 15040K, 0% used [0x00007fda6c780000,0x00007fda6c780000,0x00007fda6d630000)
 ParOldGen       total 2097152K, used 318649K [0x00007fd9ae550000, 0x00007fda2e550000, 0x00007fda2e550000)
  object space 2097152K, 15% used [0x00007fd9ae550000,0x00007fd9c1c7e640,0x00007fda2e550000)
 PSPermGen       total 254272K, used 138993K [0x00007fd99e550000, 0x00007fd9adda0000, 0x00007fd9ae550000)
  object space 254272K, 54% used [0x00007fd99e550000,0x00007fd9a6d0c4e8,0x00007fd9adda0000)
}
{Heap before GC invocations=183 (full 4):
 PSYoungGen      total 1033536K, used 1022004K [0x00007fda2e550000, 0x00007fda6e550000, 0x00007fda6e550000)
  eden space 1018048K, 100% used [0x00007fda2e550000,0x00007fda6c780000,0x00007fda6c780000)
  from space 15488K, 25% used [0x00007fda6d630000,0x00007fda6da0d040,0x00007fda6e550000)
  to   space 15040K, 0% used [0x00007fda6c780000,0x00007fda6c780000,0x00007fda6d630000)
 ParOldGen       total 2097152K, used 318649K [0x00007fd9ae550000, 0x00007fda2e550000, 0x00007fda2e550000)
  object space 2097152K, 15% used [0x00007fd9ae550000,0x00007fd9c1c7e640,0x00007fda2e550000)
 PSPermGen       total 254272K, used 139035K [0x00007fd99e550000, 0x00007fd9adda0000, 0x00007fd9ae550000)
  object space 254272K, 54% used [0x00007fd99e550000,0x00007fd9a6d16fd0,0x00007fd9adda0000)
11125,521: [GC [PSYoungGen: 1022004K->2656K(1033088K)] 1340653K->324140K(3130240K), 0,0109020 secs] [Times: user=0,03 sys=0,00, real=0,01 secs] 
Heap after GC invocations=183 (full 4):
 PSYoungGen      total 1033088K, used 2656K [0x00007fda2e550000, 0x00007fda6e550000, 0x00007fda6e550000)
  eden space 1018048K, 0% used [0x00007fda2e550000,0x00007fda2e550000,0x00007fda6c780000)
  from space 15040K, 17% used [0x00007fda6c780000,0x00007fda6ca18000,0x00007fda6d630000)
  to   space 14784K, 0% used [0x00007fda6d6e0000,0x00007fda6d6e0000,0x00007fda6e550000)
 ParOldGen       total 2097152K, used 321484K [0x00007fd9ae550000, 0x00007fda2e550000, 0x00007fda2e550000)
  object space 2097152K, 15% used [0x00007fd9ae550000,0x00007fd9c1f431b0,0x00007fda2e550000)
 PSPermGen       total 254272K, used 139035K [0x00007fd99e550000, 0x00007fd9adda0000, 0x00007fd9ae550000)
  object space 254272K, 54% used [0x00007fd99e550000,0x00007fd9a6d16fd0,0x00007fd9adda0000)
}
{Heap before GC invocations=184 (full 4):
 PSYoungGen      total 1033088K, used 1020704K [0x00007fda2e550000, 0x00007fda6e550000, 0x00007fda6e550000)
  eden space 1018048K, 100% used [0x00007fda2e550000,0x00007fda6c780000,0x00007fda6c780000)
  from space 15040K, 17% used [0x00007fda6c780000,0x00007fda6ca18000,0x00007fda6d630000)
  to   space 14784K, 0% used [0x00007fda6d6e0000,0x00007fda6d6e0000,0x00007fda6e550000)
 ParOldGen       total 2097152K, used 321484K [0x00007fd9ae550000, 0x00007fda2e550000, 0x00007fda2e550000)
  object space 2097152K, 15% used [0x00007fd9ae550000,0x00007fd9c1f431b0,0x00007fda2e550000)
 PSPermGen       total 254272K, used 139051K [0x00007fd99e550000, 0x00007fd9adda0000, 0x00007fd9ae550000)
  object space 254272K, 54% used [0x00007fd99e550000,0x00007fd9a6d1ae50,0x00007fd9adda0000)
11232,285: [GC [PSYoungGen: 1020704K->4881K(1034496K)] 1342188K->327937K(3131648K), 0,0124250 secs] [Times: user=0,04 sys=0,00, real=0,01 secs] 
Heap after GC invocations=184 (full 4):
 PSYoungGen      total 1034496K, used 4881K [0x00007fda2e550000, 0x00007fda6e550000, 0x00007fda6e550000)
  eden space 1019712K, 0% used [0x00007fda2e550000,0x00007fda2e550000,0x00007fda6c920000)
  from space 14784K, 33% used [0x00007fda6d6e0000,0x00007fda6dba4478,0x00007fda6e550000)
  to   space 14080K, 0% used [0x00007fda6c920000,0x00007fda6c920000,0x00007fda6d6e0000)
 ParOldGen       total 2097152K, used 323056K [0x00007fd9ae550000, 0x00007fda2e550000, 0x00007fda2e550000)
  object space 2097152K, 15% used [0x00007fd9ae550000,0x00007fd9c20cc380,0x00007fda2e550000)
 PSPermGen       total 254272K, used 139051K [0x00007fd99e550000, 0x00007fd9adda0000, 0x00007fd9ae550000)
  object space 254272K, 54% used [0x00007fd99e550000,0x00007fd9a6d1ae50,0x00007fd9adda0000)
}
{Heap before GC invocations=185 (full 4):
 PSYoungGen      total 1034496K, used 1024593K [0x00007fda2e550000, 0x00007fda6e550000, 0x00007fda6e550000)
  eden space 1019712K, 100% used [0x00007fda2e550000,0x00007fda6c920000,0x00007fda6c920000)
  from space 14784K, 33% used [0x00007fda6d6e0000,0x00007fda6dba4478,0x00007fda6e550000)
  to   space 14080K, 0% used [0x00007fda6c920000,0x00007fda6c920000,0x00007fda6d6e0000)
 ParOldGen       total 2097152K, used 323056K [0x00007fd9ae550000, 0x00007fda2e550000, 0x00007fda2e550000)
  object space 2097152K, 15% used [0x00007fd9ae550000,0x00007fd9c20cc380,0x00007fda2e550000)
 PSPermGen       total 254272K, used 139052K [0x00007fd99e550000, 0x00007fd9adda0000, 0x00007fd9ae550000)
  object space 254272K, 54% used [0x00007fd99e550000,0x00007fd9a6d1b040,0x00007fd9adda0000)
11387,583: [GC [PSYoungGen: 1024593K->5728K(1033792K)] 1347649K->332464K(3130944K), 0,0190680 secs] [Times: user=0,06 sys=0,00, real=0,01 secs] 
Heap after GC invocations=185 (full 4):
 PSYoungGen      total 1033792K, used 5728K [0x00007fda2e550000, 0x00007fda6e550000, 0x00007fda6e550000)
  eden space 1019712K, 0% used [0x00007fda2e550000,0x00007fda2e550000,0x00007fda6c920000)
  from space 14080K, 40% used [0x00007fda6c920000,0x00007fda6ceb8000,0x00007fda6d6e0000)
  to   space 13248K, 0% used [0x00007fda6d860000,0x00007fda6d860000,0x00007fda6e550000)
 ParOldGen       total 2097152K, used 326736K [0x00007fd9ae550000, 0x00007fda2e550000, 0x00007fda2e550000)
  object space 2097152K, 15% used [0x00007fd9ae550000,0x00007fd9c2464230,0x00007fda2e550000)
 PSPermGen       total 254272K, used 139052K [0x00007fd99e550000, 0x00007fd9adda0000, 0x00007fd9ae550000)
  object space 254272K, 54% used [0x00007fd99e550000,0x00007fd9a6d1b040,0x00007fd9adda0000)
}
{Heap before GC invocations=186 (full 4):
 PSYoungGen      total 1033792K, used 1025440K [0x00007fda2e550000, 0x00007fda6e550000, 0x00007fda6e550000)
  eden space 1019712K, 100% used [0x00007fda2e550000,0x00007fda6c920000,0x00007fda6c920000)
  from space 14080K, 40% used [0x00007fda6c920000,0x00007fda6ceb8000,0x00007fda6d6e0000)
  to   space 13248K, 0% used [0x00007fda6d860000,0x00007fda6d860000,0x00007fda6e550000)
 ParOldGen       total 2097152K, used 326736K [0x00007fd9ae550000, 0x00007fda2e550000, 0x00007fda2e550000)
  object space 2097152K, 15% used [0x00007fd9ae550000,0x00007fd9c2464230,0x00007fda2e550000)
 PSPermGen       total 254272K, used 139056K [0x00007fd99e550000, 0x00007fd9adda0000, 0x00007fd9ae550000)
  object space 254272K, 54% used [0x00007fd99e550000,0x00007fd9a6d1c2a8,0x00007fd9adda0000)
11414,962: [GC [PSYoungGen: 1025440K->5632K(1036032K)] 1352176K->336799K(3133184K), 0,0137140 secs] [Times: user=0,04 sys=0,00, real=0,01 secs] 
Heap after GC invocations=186 (full 4):
 PSYoungGen      total 1036032K, used 5632K [0x00007fda2e550000, 0x00007fda6e550000, 0x00007fda6e550000)
  eden space 1022784K, 0% used [0x00007fda2e550000,0x00007fda2e550000,0x00007fda6cc20000)
  from space 13248K, 42% used [0x00007fda6d860000,0x00007fda6dde0030,0x00007fda6e550000)
  to   space 12544K, 0% used [0x00007fda6cc20000,0x00007fda6cc20000,0x00007fda6d860000)
 ParOldGen       total 2097152K, used 331167K [0x00007fd9ae550000, 0x00007fda2e550000, 0x00007fda2e550000)
  object space 2097152K, 15% used [0x00007fd9ae550000,0x00007fd9c28b7ea0,0x00007fda2e550000)
 PSPermGen       total 254272K, used 139056K [0x00007fd99e550000, 0x00007fd9adda0000, 0x00007fd9ae550000)
  object space 254272K, 54% used [0x00007fd99e550000,0x00007fd9a6d1c2a8,0x00007fd9adda0000)
}
{Heap before GC invocations=187 (full 4):
 PSYoungGen      total 1036032K, used 1028416K [0x00007fda2e550000, 0x00007fda6e550000, 0x00007fda6e550000)
  eden space 1022784K, 100% used [0x00007fda2e550000,0x00007fda6cc20000,0x00007fda6cc20000)
  from space 13248K, 42% used [0x00007fda6d860000,0x00007fda6dde0030,0x00007fda6e550000)
  to   space 12544K, 0% used [0x00007fda6cc20000,0x00007fda6cc20000,0x00007fda6d860000)
 ParOldGen       total 2097152K, used 331167K [0x00007fd9ae550000, 0x00007fda2e550000, 0x00007fda2e550000)
  object space 2097152K, 15% used [0x00007fd9ae550000,0x00007fd9c28b7ea0,0x00007fda2e550000)
 PSPermGen       total 254272K, used 139080K [0x00007fd99e550000, 0x00007fd9adda0000, 0x00007fd9ae550000)
  object space 254272K, 54% used [0x00007fd99e550000,0x00007fd9a6d22108,0x00007fd9adda0000)
11456,607: [GC [PSYoungGen: 1028416K->9824K(1032640K)] 1359583K->345647K(3129792K), 0,0209110 secs] [Times: user=0,05 sys=0,00, real=0,02 secs] 
Heap after GC invocations=187 (full 4):
 PSYoungGen      total 1032640K, used 9824K [0x00007fda2e550000, 0x00007fda6e550000, 0x00007fda6e550000)
  eden space 1022784K, 0% used [0x00007fda2e550000,0x00007fda2e550000,0x00007fda6cc20000)
  from space 9856K, 99% used [0x00007fda6cc20000,0x00007fda6d5b8000,0x00007fda6d5c0000)
  to   space 13376K, 0% used [0x00007fda6d840000,0x00007fda6d840000,0x00007fda6e550000)
 ParOldGen       total 2097152K, used 335823K [0x00007fd9ae550000, 0x00007fda2e550000, 0x00007fda2e550000)
  object space 2097152K, 16% used [0x00007fd9ae550000,0x00007fd9c2d43f20,0x00007fda2e550000)
 PSPermGen       total 254272K, used 139080K [0x00007fd99e550000, 0x00007fd9adda0000, 0x00007fd9ae550000)
  object space 254272K, 54% used [0x00007fd99e550000,0x00007fd9a6d22108,0x00007fd9adda0000)
}
{Heap before GC invocations=188 (full 4):
 PSYoungGen      total 1032640K, used 1032608K [0x00007fda2e550000, 0x00007fda6e550000, 0x00007fda6e550000)
  eden space 1022784K, 100% used [0x00007fda2e550000,0x00007fda6cc20000,0x00007fda6cc20000)
  from space 9856K, 99% used [0x00007fda6cc20000,0x00007fda6d5b8000,0x00007fda6d5c0000)
  to   space 13376K, 0% used [0x00007fda6d840000,0x00007fda6d840000,0x00007fda6e550000)
 ParOldGen       total 2097152K, used 335823K [0x00007fd9ae550000, 0x00007fda2e550000, 0x00007fda2e550000)
  object space 2097152K, 16% used [0x00007fd9ae550000,0x00007fd9c2d43f20,0x00007fda2e550000)
 PSPermGen       total 254272K, used 139082K [0x00007fd99e550000, 0x00007fd9adda0000, 0x00007fd9ae550000)
  object space 254272K, 54% used [0x00007fd99e550000,0x00007fd9a6d22b48,0x00007fd9adda0000)
11474,577: [GC [PSYoungGen: 1032608K->6896K(1035648K)] 1368431K->350628K(3132800K), 0,0184350 secs] [Times: user=0,07 sys=0,00, real=0,02 secs] 
Heap after GC invocations=188 (full 4):
 PSYoungGen      total 1035648K, used 6896K [0x00007fda2e550000, 0x00007fda6e550000, 0x00007fda6e550000)
  eden space 1022272K, 0% used [0x00007fda2e550000,0x00007fda2e550000,0x00007fda6cba0000)
  from space 13376K, 51% used [0x00007fda6d840000,0x00007fda6defc018,0x00007fda6e550000)
  to   space 12928K, 0% used [0x00007fda6cba0000,0x00007fda6cba0000,0x00007fda6d840000)
 ParOldGen       total 2097152K, used 343732K [0x00007fd9ae550000, 0x00007fda2e550000, 0x00007fda2e550000)
  object space 2097152K, 16% used [0x00007fd9ae550000,0x00007fd9c34fd358,0x00007fda2e550000)
 PSPermGen       total 254272K, used 139082K [0x00007fd99e550000, 0x00007fd9adda0000, 0x00007fd9ae550000)
  object space 254272K, 54% used [0x00007fd99e550000,0x00007fd9a6d22b48,0x00007fd9adda0000)
}
{Heap before GC invocations=189 (full 4):
 PSYoungGen      total 1035648K, used 1029168K [0x00007fda2e550000, 0x00007fda6e550000, 0x00007fda6e550000)
  eden space 1022272K, 100% used [0x00007fda2e550000,0x00007fda6cba0000,0x00007fda6cba0000)
  from space 13376K, 51% used [0x00007fda6d840000,0x00007fda6defc018,0x00007fda6e550000)
  to   space 12928K, 0% used [0x00007fda6cba0000,0x00007fda6cba0000,0x00007fda6d840000)
 ParOldGen       total 2097152K, used 343732K [0x00007fd9ae550000, 0x00007fda2e550000, 0x00007fda2e550000)
  object space 2097152K, 16% used [0x00007fd9ae550000,0x00007fd9c34fd358,0x00007fda2e550000)
 PSPermGen       total 254272K, used 139112K [0x00007fd99e550000, 0x00007fd9adda0000, 0x00007fd9ae550000)
  object space 254272K, 54% used [0x00007fd99e550000,0x00007fd9a6d2a210,0x00007fd9adda0000)
11498,082: [GC [PSYoungGen: 1029168K->10149K(1032448K)] 1372900K->359475K(3129600K), 0,0170440 secs] [Times: user=0,06 sys=0,00, real=0,02 secs] 
Heap after GC invocations=189 (full 4):
 PSYoungGen      total 1032448K, used 10149K [0x00007fda2e550000, 0x00007fda6e550000, 0x00007fda6e550000)
  eden space 1022272K, 0% used [0x00007fda2e550000,0x00007fda2e550000,0x00007fda6cba0000)
  from space 10176K, 99% used [0x00007fda6cba0000,0x00007fda6d589678,0x00007fda6d590000)
  to   space 13696K, 0% used [0x00007fda6d7f0000,0x00007fda6d7f0000,0x00007fda6e550000)
 ParOldGen       total 2097152K, used 349326K [0x00007fd9ae550000, 0x00007fda2e550000, 0x00007fda2e550000)
  object space 2097152K, 16% used [0x00007fd9ae550000,0x00007fd9c3a73878,0x00007fda2e550000)
 PSPermGen       total 254272K, used 139112K [0x00007fd99e550000, 0x00007fd9adda0000, 0x00007fd9ae550000)
  object space 254272K, 54% used [0x00007fd99e550000,0x00007fd9a6d2a210,0x00007fd9adda0000)
}
{Heap before GC invocations=190 (full 4):
 PSYoungGen      total 1032448K, used 1032421K [0x00007fda2e550000, 0x00007fda6e550000, 0x00007fda6e550000)
  eden space 1022272K, 100% used [0x00007fda2e550000,0x00007fda6cba0000,0x00007fda6cba0000)
  from space 10176K, 99% used [0x00007fda6cba0000,0x00007fda6d589678,0x00007fda6d590000)
  to   space 13696K, 0% used [0x00007fda6d7f0000,0x00007fda6d7f0000,0x00007fda6e550000)
 ParOldGen       total 2097152K, used 349326K [0x00007fd9ae550000, 0x00007fda2e550000, 0x00007fda2e550000)
  object space 2097152K, 16% used [0x00007fd9ae550000,0x00007fd9c3a73878,0x00007fda2e550000)
 PSPermGen       total 254272K, used 139113K [0x00007fd99e550000, 0x00007fd9adda0000, 0x00007fd9ae550000)
  object space 254272K, 54% used [0x00007fd99e550000,0x00007fd9a6d2a478,0x00007fd9adda0000)
11510,682: [GC [PSYoungGen: 1032421K->9568K(1034112K)] 1381747K->367110K(3131264K), 0,0231620 secs] [Times: user=0,09 sys=0,00, real=0,02 secs] 
Heap after GC invocations=190 (full 4):
 PSYoungGen      total 1034112K, used 9568K [0x00007fda2e550000, 0x00007fda6e550000, 0x00007fda6e550000)
  eden space 1020416K, 0% used [0x00007fda2e550000,0x00007fda2e550000,0x00007fda6c9d0000)
  from space 13696K, 69% used [0x00007fda6d7f0000,0x00007fda6e148060,0x00007fda6e550000)
  to   space 14080K, 0% used [0x00007fda6c9d0000,0x00007fda6c9d0000,0x00007fda6d790000)
 ParOldGen       total 2097152K, used 357542K [0x00007fd9ae550000, 0x00007fda2e550000, 0x00007fda2e550000)
  object space 2097152K, 17% used [0x00007fd9ae550000,0x00007fd9c42799b8,0x00007fda2e550000)
 PSPermGen       total 254272K, used 139113K [0x00007fd99e550000, 0x00007fd9adda0000, 0x00007fd9ae550000)
  object space 254272K, 54% used [0x00007fd99e550000,0x00007fd9a6d2a478,0x00007fd9adda0000)
}
{Heap before GC invocations=191 (full 4):
 PSYoungGen      total 1034112K, used 1029984K [0x00007fda2e550000, 0x00007fda6e550000, 0x00007fda6e550000)
  eden space 1020416K, 100% used [0x00007fda2e550000,0x00007fda6c9d0000,0x00007fda6c9d0000)
  from space 13696K, 69% used [0x00007fda6d7f0000,0x00007fda6e148060,0x00007fda6e550000)
  to   space 14080K, 0% used [0x00007fda6c9d0000,0x00007fda6c9d0000,0x00007fda6d790000)
 ParOldGen       total 2097152K, used 357542K [0x00007fd9ae550000, 0x00007fda2e550000, 0x00007fda2e550000)
  object space 2097152K, 17% used [0x00007fd9ae550000,0x00007fd9c42799b8,0x00007fda2e550000)
 PSPermGen       total 254272K, used 139113K [0x00007fd99e550000, 0x00007fd9adda0000, 0x00007fd9ae550000)
  object space 254272K, 54% used [0x00007fd99e550000,0x00007fd9a6d2a6d0,0x00007fd9adda0000)
11531,763: [GC [PSYoungGen: 1029984K->8464K(1034496K)] 1387526K->374510K(3131648K), 0,0198950 secs] [Times: user=0,08 sys=0,00, real=0,02 secs] 
Heap after GC invocations=191 (full 4):
 PSYoungGen      total 1034496K, used 8464K [0x00007fda2e550000, 0x00007fda6e550000, 0x00007fda6e550000)
  eden space 1020416K, 0% used [0x00007fda2e550000,0x00007fda2e550000,0x00007fda6c9d0000)
  from space 14080K, 60% used [0x00007fda6c9d0000,0x00007fda6d2140a8,0x00007fda6d790000)
  to   space 13888K, 0% used [0x00007fda6d7c0000,0x00007fda6d7c0000,0x00007fda6e550000)
 ParOldGen       total 2097152K, used 366046K [0x00007fd9ae550000, 0x00007fda2e550000, 0x00007fda2e550000)
  object space 2097152K, 17% used [0x00007fd9ae550000,0x00007fd9c4ac7b08,0x00007fda2e550000)
 PSPermGen       total 254272K, used 139113K [0x00007fd99e550000, 0x00007fd9adda0000, 0x00007fd9ae550000)
  object space 254272K, 54% used [0x00007fd99e550000,0x00007fd9a6d2a6d0,0x00007fd9adda0000)
}
{Heap before GC invocations=192 (full 4):
 PSYoungGen      total 1034496K, used 1028880K [0x00007fda2e550000, 0x00007fda6e550000, 0x00007fda6e550000)
  eden space 1020416K, 100% used [0x00007fda2e550000,0x00007fda6c9d0000,0x00007fda6c9d0000)
  from space 14080K, 60% used [0x00007fda6c9d0000,0x00007fda6d2140a8,0x00007fda6d790000)
  to   space 13888K, 0% used [0x00007fda6d7c0000,0x00007fda6d7c0000,0x00007fda6e550000)
 ParOldGen       total 2097152K, used 366046K [0x00007fd9ae550000, 0x00007fda2e550000, 0x00007fda2e550000)
  object space 2097152K, 17% used [0x00007fd9ae550000,0x00007fd9c4ac7b08,0x00007fda2e550000)
 PSPermGen       total 254272K, used 139113K [0x00007fd99e550000, 0x00007fd9adda0000, 0x00007fd9ae550000)
  object space 254272K, 54% used [0x00007fd99e550000,0x00007fd9a6d2a6d0,0x00007fd9adda0000)
11543,001: [GC [PSYoungGen: 1028880K->7719K(1035136K)] 1394926K->380695K(3132288K), 0,0246880 secs] [Times: user=0,07 sys=0,00, real=0,03 secs] 
Heap after GC invocations=192 (full 4):
 PSYoungGen      total 1035136K, used 7719K [0x00007fda2e550000, 0x00007fda6e550000, 0x00007fda6e550000)
  eden space 1021248K, 0% used [0x00007fda2e550000,0x00007fda2e550000,0x00007fda6caa0000)
  from space 13888K, 55% used [0x00007fda6d7c0000,0x00007fda6df49f30,0x00007fda6e550000)
  to   space 13440K, 0% used [0x00007fda6caa0000,0x00007fda6caa0000,0x00007fda6d7c0000)
 ParOldGen       total 2097152K, used 372976K [0x00007fd9ae550000, 0x00007fda2e550000, 0x00007fda2e550000)
  object space 2097152K, 17% used [0x00007fd9ae550000,0x00007fd9c518c070,0x00007fda2e550000)
 PSPermGen       total 254272K, used 139113K [0x00007fd99e550000, 0x00007fd9adda0000, 0x00007fd9ae550000)
  object space 254272K, 54% used [0x00007fd99e550000,0x00007fd9a6d2a6d0,0x00007fd9adda0000)
}
{Heap before GC invocations=193 (full 4):
 PSYoungGen      total 1035136K, used 1028967K [0x00007fda2e550000, 0x00007fda6e550000, 0x00007fda6e550000)
  eden space 1021248K, 100% used [0x00007fda2e550000,0x00007fda6caa0000,0x00007fda6caa0000)
  from space 13888K, 55% used [0x00007fda6d7c0000,0x00007fda6df49f30,0x00007fda6e550000)
  to   space 13440K, 0% used [0x00007fda6caa0000,0x00007fda6caa0000,0x00007fda6d7c0000)
 ParOldGen       total 2097152K, used 372976K [0x00007fd9ae550000, 0x00007fda2e550000, 0x00007fda2e550000)
  object space 2097152K, 17% used [0x00007fd9ae550000,0x00007fd9c518c070,0x00007fda2e550000)
 PSPermGen       total 254272K, used 139117K [0x00007fd99e550000, 0x00007fd9adda0000, 0x00007fd9ae550000)
  object space 254272K, 54% used [0x00007fd99e550000,0x00007fd9a6d2b6e0,0x00007fd9adda0000)
11559,053: [GC [PSYoungGen: 1028967K->8544K(1034688K)] 1401943K->387899K(3131840K), 0,0222230 secs] [Times: user=0,07 sys=0,00, real=0,02 secs] 
Heap after GC invocations=193 (full 4):
 PSYoungGen      total 1034688K, used 8544K [0x00007fda2e550000, 0x00007fda6e550000, 0x00007fda6e550000)
  eden space 1021248K, 0% used [0x00007fda2e550000,0x00007fda2e550000,0x00007fda6caa0000)
  from space 13440K, 63% used [0x00007fda6caa0000,0x00007fda6d2f8110,0x00007fda6d7c0000)
  to   space 13376K, 0% used [0x00007fda6d840000,0x00007fda6d840000,0x00007fda6e550000)
 ParOldGen       total 2097152K, used 379355K [0x00007fd9ae550000, 0x00007fda2e550000, 0x00007fda2e550000)
  object space 2097152K, 18% used [0x00007fd9ae550000,0x00007fd9c57c6d68,0x00007fda2e550000)
 PSPermGen       total 254272K, used 139117K [0x00007fd99e550000, 0x00007fd9adda0000, 0x00007fd9ae550000)
  object space 254272K, 54% used [0x00007fd99e550000,0x00007fd9a6d2b6e0,0x00007fd9adda0000)
}
{Heap before GC invocations=194 (full 4):
 PSYoungGen      total 1034688K, used 1029792K [0x00007fda2e550000, 0x00007fda6e550000, 0x00007fda6e550000)
  eden space 1021248K, 100% used [0x00007fda2e550000,0x00007fda6caa0000,0x00007fda6caa0000)
  from space 13440K, 63% used [0x00007fda6caa0000,0x00007fda6d2f8110,0x00007fda6d7c0000)
  to   space 13376K, 0% used [0x00007fda6d840000,0x00007fda6d840000,0x00007fda6e550000)
 ParOldGen       total 2097152K, used 379355K [0x00007fd9ae550000, 0x00007fda2e550000, 0x00007fda2e550000)
  object space 2097152K, 18% used [0x00007fd9ae550000,0x00007fd9c57c6d68,0x00007fda2e550000)
 PSPermGen       total 254272K, used 139117K [0x00007fd99e550000, 0x00007fd9adda0000, 0x00007fd9ae550000)
  object space 254272K, 54% used [0x00007fd99e550000,0x00007fd9a6d2b6e0,0x00007fd9adda0000)
11571,306: [GC [PSYoungGen: 1029792K->6528K(1035712K)] 1409147K->392505K(3132864K), 0,0218920 secs] [Times: user=0,07 sys=0,00, real=0,02 secs] 
Heap after GC invocations=194 (full 4):
 PSYoungGen      total 1035712K, used 6528K [0x00007fda2e550000, 0x00007fda6e550000, 0x00007fda6e550000)
  eden space 1022336K, 0% used [0x00007fda2e550000,0x00007fda2e550000,0x00007fda6cbb0000)
  from space 13376K, 48% used [0x00007fda6d840000,0x00007fda6dea0060,0x00007fda6e550000)
  to   space 12864K, 0% used [0x00007fda6cbb0000,0x00007fda6cbb0000,0x00007fda6d840000)
 ParOldGen       total 2097152K, used 385977K [0x00007fd9ae550000, 0x00007fda2e550000, 0x00007fda2e550000)
  object space 2097152K, 18% used [0x00007fd9ae550000,0x00007fd9c5e3e6b8,0x00007fda2e550000)
 PSPermGen       total 254272K, used 139117K [0x00007fd99e550000, 0x00007fd9adda0000, 0x00007fd9ae550000)
  object space 254272K, 54% used [0x00007fd99e550000,0x00007fd9a6d2b6e0,0x00007fd9adda0000)
}
{Heap before GC invocations=195 (full 4):
 PSYoungGen      total 1035712K, used 1028864K [0x00007fda2e550000, 0x00007fda6e550000, 0x00007fda6e550000)
  eden space 1022336K, 100% used [0x00007fda2e550000,0x00007fda6cbb0000,0x00007fda6cbb0000)
  from space 13376K, 48% used [0x00007fda6d840000,0x00007fda6dea0060,0x00007fda6e550000)
  to   space 12864K, 0% used [0x00007fda6cbb0000,0x00007fda6cbb0000,0x00007fda6d840000)
 ParOldGen       total 2097152K, used 385977K [0x00007fd9ae550000, 0x00007fda2e550000, 0x00007fda2e550000)
  object space 2097152K, 18% used [0x00007fd9ae550000,0x00007fd9c5e3e6b8,0x00007fda2e550000)
 PSPermGen       total 254272K, used 139117K [0x00007fd99e550000, 0x00007fd9adda0000, 0x00007fd9ae550000)
  object space 254272K, 54% used [0x00007fd99e550000,0x00007fd9a6d2b6e0,0x00007fd9adda0000)
11581,580: [GC [PSYoungGen: 1028864K->5824K(1035200K)] 1414841K->397376K(3132352K), 0,0164800 secs] [Times: user=0,06 sys=0,00, real=0,02 secs] 
Heap after GC invocations=195 (full 4):
 PSYoungGen      total 1035200K, used 5824K [0x00007fda2e550000, 0x00007fda6e550000, 0x00007fda6e550000)
  eden space 1022336K, 0% used [0x00007fda2e550000,0x00007fda2e550000,0x00007fda6cbb0000)
  from space 12864K, 45% used [0x00007fda6cbb0000,0x00007fda6d160030,0x00007fda6d840000)
  to   space 12544K, 0% used [0x00007fda6d910000,0x00007fda6d910000,0x00007fda6e550000)
 ParOldGen       total 2097152K, used 391552K [0x00007fd9ae550000, 0x00007fda2e550000, 0x00007fda2e550000)
  object space 2097152K, 18% used [0x00007fd9ae550000,0x00007fd9c63b02b8,0x00007fda2e550000)
 PSPermGen       total 254272K, used 139117K [0x00007fd99e550000, 0x00007fd9adda0000, 0x00007fd9ae550000)
  object space 254272K, 54% used [0x00007fd99e550000,0x00007fd9a6d2b6e0,0x00007fd9adda0000)
}
{Heap before GC invocations=196 (full 4):
 PSYoungGen      total 1035200K, used 1028160K [0x00007fda2e550000, 0x00007fda6e550000, 0x00007fda6e550000)
  eden space 1022336K, 100% used [0x00007fda2e550000,0x00007fda6cbb0000,0x00007fda6cbb0000)
  from space 12864K, 45% used [0x00007fda6cbb0000,0x00007fda6d160030,0x00007fda6d840000)
  to   space 12544K, 0% used [0x00007fda6d910000,0x00007fda6d910000,0x00007fda6e550000)
 ParOldGen       total 2097152K, used 391552K [0x00007fd9ae550000, 0x00007fda2e550000, 0x00007fda2e550000)
  object space 2097152K, 18% used [0x00007fd9ae550000,0x00007fd9c63b02b8,0x00007fda2e550000)
 PSPermGen       total 254272K, used 139117K [0x00007fd99e550000, 0x00007fd9adda0000, 0x00007fd9ae550000)
  object space 254272K, 54% used [0x00007fd99e550000,0x00007fd9a6d2b768,0x00007fd9adda0000)
11589,443: [GC [PSYoungGen: 1028160K->4360K(1036096K)] 1419712K->399778K(3133248K), 0,0142450 secs] [Times: user=0,05 sys=0,00, real=0,01 secs] 
Heap after GC invocations=196 (full 4):
 PSYoungGen      total 1036096K, used 4360K [0x00007fda2e550000, 0x00007fda6e550000, 0x00007fda6e550000)
  eden space 1023552K, 0% used [0x00007fda2e550000,0x00007fda2e550000,0x00007fda6cce0000)
  from space 12544K, 34% used [0x00007fda6d910000,0x00007fda6dd520f0,0x00007fda6e550000)
  to   space 12480K, 0% used [0x00007fda6cce0000,0x00007fda6cce0000,0x00007fda6d910000)
 ParOldGen       total 2097152K, used 395418K [0x00007fd9ae550000, 0x00007fda2e550000, 0x00007fda2e550000)
  object space 2097152K, 18% used [0x00007fd9ae550000,0x00007fd9c6776ac8,0x00007fda2e550000)
 PSPermGen       total 254272K, used 139117K [0x00007fd99e550000, 0x00007fd9adda0000, 0x00007fd9ae550000)
  object space 254272K, 54% used [0x00007fd99e550000,0x00007fd9a6d2b768,0x00007fd9adda0000)
}
{Heap before GC invocations=197 (full 4):
 PSYoungGen      total 1036096K, used 1027912K [0x00007fda2e550000, 0x00007fda6e550000, 0x00007fda6e550000)
  eden space 1023552K, 100% used [0x00007fda2e550000,0x00007fda6cce0000,0x00007fda6cce0000)
  from space 12544K, 34% used [0x00007fda6d910000,0x00007fda6dd520f0,0x00007fda6e550000)
  to   space 12480K, 0% used [0x00007fda6cce0000,0x00007fda6cce0000,0x00007fda6d910000)
 ParOldGen       total 2097152K, used 395418K [0x00007fd9ae550000, 0x00007fda2e550000, 0x00007fda2e550000)
  object space 2097152K, 18% used [0x00007fd9ae550000,0x00007fd9c6776ac8,0x00007fda2e550000)
 PSPermGen       total 254272K, used 139117K [0x00007fd99e550000, 0x00007fd9adda0000, 0x00007fd9ae550000)
  object space 254272K, 54% used [0x00007fd99e550000,0x00007fd9a6d2b768,0x00007fd9adda0000)
11602,409: [GC [PSYoungGen: 1027912K->5747K(1036032K)] 1423330K->404118K(3133184K), 0,0142780 secs] [Times: user=0,06 sys=0,00, real=0,02 secs] 
Heap after GC invocations=197 (full 4):
 PSYoungGen      total 1036032K, used 5747K [0x00007fda2e550000, 0x00007fda6e550000, 0x00007fda6e550000)
  eden space 1023552K, 0% used [0x00007fda2e550000,0x00007fda2e550000,0x00007fda6cce0000)
  from space 12480K, 46% used [0x00007fda6cce0000,0x00007fda6d27cf10,0x00007fda6d910000)
  to   space 12096K, 0% used [0x00007fda6d980000,0x00007fda6d980000,0x00007fda6e550000)
 ParOldGen       total 2097152K, used 398370K [0x00007fd9ae550000, 0x00007fda2e550000, 0x00007fda2e550000)
  object space 2097152K, 18% used [0x00007fd9ae550000,0x00007fd9c6a58aa8,0x00007fda2e550000)
 PSPermGen       total 254272K, used 139117K [0x00007fd99e550000, 0x00007fd9adda0000, 0x00007fd9ae550000)
  object space 254272K, 54% used [0x00007fd99e550000,0x00007fd9a6d2b768,0x00007fd9adda0000)
}
{Heap before GC invocations=198 (full 4):
 PSYoungGen      total 1036032K, used 1029299K [0x00007fda2e550000, 0x00007fda6e550000, 0x00007fda6e550000)
  eden space 1023552K, 100% used [0x00007fda2e550000,0x00007fda6cce0000,0x00007fda6cce0000)
  from space 12480K, 46% used [0x00007fda6cce0000,0x00007fda6d27cf10,0x00007fda6d910000)
  to   space 12096K, 0% used [0x00007fda6d980000,0x00007fda6d980000,0x00007fda6e550000)
 ParOldGen       total 2097152K, used 398370K [0x00007fd9ae550000, 0x00007fda2e550000, 0x00007fda2e550000)
  object space 2097152K, 18% used [0x00007fd9ae550000,0x00007fd9c6a58aa8,0x00007fda2e550000)
 PSPermGen       total 254272K, used 139118K [0x00007fd99e550000, 0x00007fd9adda0000, 0x00007fd9ae550000)
  object space 254272K, 54% used [0x00007fd99e550000,0x00007fd9a6d2b858,0x00007fd9adda0000)
11611,732: [GC [PSYoungGen: 1029299K->4516K(1036672K)] 1427670K->407290K(3133824K), 0,0148370 secs] [Times: user=0,05 sys=0,00, real=0,01 secs] 
Heap after GC invocations=198 (full 4):
 PSYoungGen      total 1036672K, used 4516K [0x00007fda2e550000, 0x00007fda6e550000, 0x00007fda6e550000)
  eden space 1024576K, 0% used [0x00007fda2e550000,0x00007fda2e550000,0x00007fda6cde0000)
  from space 12096K, 37% used [0x00007fda6d980000,0x00007fda6dde91b8,0x00007fda6e550000)
  to   space 11904K, 0% used [0x00007fda6cde0000,0x00007fda6cde0000,0x00007fda6d980000)
 ParOldGen       total 2097152K, used 402774K [0x00007fd9ae550000, 0x00007fda2e550000, 0x00007fda2e550000)
  object space 2097152K, 19% used [0x00007fd9ae550000,0x00007fd9c6ea5858,0x00007fda2e550000)
 PSPermGen       total 254272K, used 139118K [0x00007fd99e550000, 0x00007fd9adda0000, 0x00007fd9ae550000)
  object space 254272K, 54% used [0x00007fd99e550000,0x00007fd9a6d2b858,0x00007fd9adda0000)
}
{Heap before GC invocations=199 (full 4):
 PSYoungGen      total 1036672K, used 1029092K [0x00007fda2e550000, 0x00007fda6e550000, 0x00007fda6e550000)
  eden space 1024576K, 100% used [0x00007fda2e550000,0x00007fda6cde0000,0x00007fda6cde0000)
  from space 12096K, 37% used [0x00007fda6d980000,0x00007fda6dde91b8,0x00007fda6e550000)
  to   space 11904K, 0% used [0x00007fda6cde0000,0x00007fda6cde0000,0x00007fda6d980000)
 ParOldGen       total 2097152K, used 402774K [0x00007fd9ae550000, 0x00007fda2e550000, 0x00007fda2e550000)
  object space 2097152K, 19% used [0x00007fd9ae550000,0x00007fd9c6ea5858,0x00007fda2e550000)
 PSPermGen       total 254272K, used 139118K [0x00007fd99e550000, 0x00007fd9adda0000, 0x00007fd9ae550000)
  object space 254272K, 54% used [0x00007fd99e550000,0x00007fd9a6d2ba38,0x00007fd9adda0000)
11624,238: [GC [PSYoungGen: 1029092K->3616K(1036480K)] 1431866K->409675K(3133632K), 0,0121880 secs] [Times: user=0,04 sys=0,00, real=0,02 secs] 
Heap after GC invocations=199 (full 4):
 PSYoungGen      total 1036480K, used 3616K [0x00007fda2e550000, 0x00007fda6e550000, 0x00007fda6e550000)
  eden space 1024576K, 0% used [0x00007fda2e550000,0x00007fda2e550000,0x00007fda6cde0000)
  from space 11904K, 30% used [0x00007fda6cde0000,0x00007fda6d168000,0x00007fda6d980000)
  to   space 11904K, 0% used [0x00007fda6d9b0000,0x00007fda6d9b0000,0x00007fda6e550000)
 ParOldGen       total 2097152K, used 406059K [0x00007fd9ae550000, 0x00007fda2e550000, 0x00007fda2e550000)
  object space 2097152K, 19% used [0x00007fd9ae550000,0x00007fd9c71dace8,0x00007fda2e550000)
 PSPermGen       total 254272K, used 139118K [0x00007fd99e550000, 0x00007fd9adda0000, 0x00007fd9ae550000)
  object space 254272K, 54% used [0x00007fd99e550000,0x00007fd9a6d2ba38,0x00007fd9adda0000)
}
{Heap before GC invocations=200 (full 4):
 PSYoungGen      total 1036480K, used 1028192K [0x00007fda2e550000, 0x00007fda6e550000, 0x00007fda6e550000)
  eden space 1024576K, 100% used [0x00007fda2e550000,0x00007fda6cde0000,0x00007fda6cde0000)
  from space 11904K, 30% used [0x00007fda6cde0000,0x00007fda6d168000,0x00007fda6d980000)
  to   space 11904K, 0% used [0x00007fda6d9b0000,0x00007fda6d9b0000,0x00007fda6e550000)
 ParOldGen       total 2097152K, used 406059K [0x00007fd9ae550000, 0x00007fda2e550000, 0x00007fda2e550000)
  object space 2097152K, 19% used [0x00007fd9ae550000,0x00007fd9c71dace8,0x00007fda2e550000)
 PSPermGen       total 254272K, used 139118K [0x00007fd99e550000, 0x00007fd9adda0000, 0x00007fd9ae550000)
  object space 254272K, 54% used [0x00007fd99e550000,0x00007fd9a6d2ba58,0x00007fd9adda0000)
11635,334: [GC [PSYoungGen: 1028192K->6256K(1037248K)] 1434251K->414630K(3134400K), 0,0144490 secs] [Times: user=0,05 sys=0,00, real=0,02 secs] 
Heap after GC invocations=200 (full 4):
 PSYoungGen      total 1037248K, used 6256K [0x00007fda2e550000, 0x00007fda6e550000, 0x00007fda6e550000)
  eden space 1025344K, 0% used [0x00007fda2e550000,0x00007fda2e550000,0x00007fda6cea0000)
  from space 11904K, 52% used [0x00007fda6d9b0000,0x00007fda6dfcc048,0x00007fda6e550000)
  to   space 11328K, 0% used [0x00007fda6cea0000,0x00007fda6cea0000,0x00007fda6d9b0000)
 ParOldGen       total 2097152K, used 408374K [0x00007fd9ae550000, 0x00007fda2e550000, 0x00007fda2e550000)
  object space 2097152K, 19% used [0x00007fd9ae550000,0x00007fd9c741d828,0x00007fda2e550000)
 PSPermGen       total 254272K, used 139118K [0x00007fd99e550000, 0x00007fd9adda0000, 0x00007fd9ae550000)
  object space 254272K, 54% used [0x00007fd99e550000,0x00007fd9a6d2ba58,0x00007fd9adda0000)
}
{Heap before GC invocations=201 (full 4):
 PSYoungGen      total 1037248K, used 1031600K [0x00007fda2e550000, 0x00007fda6e550000, 0x00007fda6e550000)
  eden space 1025344K, 100% used [0x00007fda2e550000,0x00007fda6cea0000,0x00007fda6cea0000)
  from space 11904K, 52% used [0x00007fda6d9b0000,0x00007fda6dfcc048,0x00007fda6e550000)
  to   space 11328K, 0% used [0x00007fda6cea0000,0x00007fda6cea0000,0x00007fda6d9b0000)
 ParOldGen       total 2097152K, used 408374K [0x00007fd9ae550000, 0x00007fda2e550000, 0x00007fda2e550000)
  object space 2097152K, 19% used [0x00007fd9ae550000,0x00007fd9c741d828,0x00007fda2e550000)
 PSPermGen       total 254272K, used 139118K [0x00007fd99e550000, 0x00007fd9adda0000, 0x00007fd9ae550000)
  object space 254272K, 54% used [0x00007fd99e550000,0x00007fd9a6d2ba58,0x00007fd9adda0000)
11642,246: [GC [PSYoungGen: 1031600K->4248K(1036672K)] 1439974K->417306K(3133824K), 0,0132590 secs] [Times: user=0,04 sys=0,00, real=0,01 secs] 
Heap after GC invocations=201 (full 4):
 PSYoungGen      total 1036672K, used 4248K [0x00007fda2e550000, 0x00007fda6e550000, 0x00007fda6e550000)
  eden space 1025344K, 0% used [0x00007fda2e550000,0x00007fda2e550000,0x00007fda6cea0000)
  from space 11328K, 37% used [0x00007fda6cea0000,0x00007fda6d2c6078,0x00007fda6d9b0000)
  to   space 11136K, 0% used [0x00007fda6da70000,0x00007fda6da70000,0x00007fda6e550000)
 ParOldGen       total 2097152K, used 413058K [0x00007fd9ae550000, 0x00007fda2e550000, 0x00007fda2e550000)
  object space 2097152K, 19% used [0x00007fd9ae550000,0x00007fd9c78b0980,0x00007fda2e550000)
 PSPermGen       total 254272K, used 139118K [0x00007fd99e550000, 0x00007fd9adda0000, 0x00007fd9ae550000)
  object space 254272K, 54% used [0x00007fd99e550000,0x00007fd9a6d2ba58,0x00007fd9adda0000)
}
{Heap before GC invocations=202 (full 4):
 PSYoungGen      total 1036672K, used 1029592K [0x00007fda2e550000, 0x00007fda6e550000, 0x00007fda6e550000)
  eden space 1025344K, 100% used [0x00007fda2e550000,0x00007fda6cea0000,0x00007fda6cea0000)
  from space 11328K, 37% used [0x00007fda6cea0000,0x00007fda6d2c6078,0x00007fda6d9b0000)
  to   space 11136K, 0% used [0x00007fda6da70000,0x00007fda6da70000,0x00007fda6e550000)
 ParOldGen       total 2097152K, used 413058K [0x00007fd9ae550000, 0x00007fda2e550000, 0x00007fda2e550000)
  object space 2097152K, 19% used [0x00007fd9ae550000,0x00007fd9c78b0980,0x00007fda2e550000)
 PSPermGen       total 254272K, used 139119K [0x00007fd99e550000, 0x00007fd9adda0000, 0x00007fd9ae550000)
  object space 254272K, 54% used [0x00007fd99e550000,0x00007fd9a6d2bcb8,0x00007fd9adda0000)
11647,145: [GC [PSYoungGen: 1029592K->3168K(1037440K)] 1442650K->417951K(3134592K), 0,0112100 secs] [Times: user=0,04 sys=0,00, real=0,01 secs] 
Heap after GC invocations=202 (full 4):
 PSYoungGen      total 1037440K, used 3168K [0x00007fda2e550000, 0x00007fda6e550000, 0x00007fda6e550000)
  eden space 1026304K, 0% used [0x00007fda2e550000,0x00007fda2e550000,0x00007fda6cf90000)
  from space 11136K, 28% used [0x00007fda6da70000,0x00007fda6dd88000,0x00007fda6e550000)
  to   space 11136K, 0% used [0x00007fda6cf90000,0x00007fda6cf90000,0x00007fda6da70000)
 ParOldGen       total 2097152K, used 414783K [0x00007fd9ae550000, 0x00007fda2e550000, 0x00007fda2e550000)
  object space 2097152K, 19% used [0x00007fd9ae550000,0x00007fd9c7a5fe00,0x00007fda2e550000)
 PSPermGen       total 254272K, used 139119K [0x00007fd99e550000, 0x00007fd9adda0000, 0x00007fd9ae550000)
  object space 254272K, 54% used [0x00007fd99e550000,0x00007fd9a6d2bcb8,0x00007fd9adda0000)
}
{Heap before GC invocations=203 (full 4):
 PSYoungGen      total 1037440K, used 1029472K [0x00007fda2e550000, 0x00007fda6e550000, 0x00007fda6e550000)
  eden space 1026304K, 100% used [0x00007fda2e550000,0x00007fda6cf90000,0x00007fda6cf90000)
  from space 11136K, 28% used [0x00007fda6da70000,0x00007fda6dd88000,0x00007fda6e550000)
  to   space 11136K, 0% used [0x00007fda6cf90000,0x00007fda6cf90000,0x00007fda6da70000)
 ParOldGen       total 2097152K, used 414783K [0x00007fd9ae550000, 0x00007fda2e550000, 0x00007fda2e550000)
  object space 2097152K, 19% used [0x00007fd9ae550000,0x00007fd9c7a5fe00,0x00007fda2e550000)
 PSPermGen       total 254272K, used 139120K [0x00007fd99e550000, 0x00007fd9adda0000, 0x00007fd9ae550000)
  object space 254272K, 54% used [0x00007fd99e550000,0x00007fd9a6d2c308,0x00007fd9adda0000)
11655,494: [GC [PSYoungGen: 1029472K->4712K(1037440K)] 1444255K->421426K(3134592K), 0,0122690 secs] [Times: user=0,04 sys=0,00, real=0,02 secs] 
Heap after GC invocations=203 (full 4):
 PSYoungGen      total 1037440K, used 4712K [0x00007fda2e550000, 0x00007fda6e550000, 0x00007fda6e550000)
  eden space 1026304K, 0% used [0x00007fda2e550000,0x00007fda2e550000,0x00007fda6cf90000)
  from space 11136K, 42% used [0x00007fda6cf90000,0x00007fda6d42a110,0x00007fda6da70000)
  to   space 10752K, 0% used [0x00007fda6dad0000,0x00007fda6dad0000,0x00007fda6e550000)
 ParOldGen       total 2097152K, used 416714K [0x00007fd9ae550000, 0x00007fda2e550000, 0x00007fda2e550000)
  object space 2097152K, 19% used [0x00007fd9ae550000,0x00007fd9c7c42988,0x00007fda2e550000)
 PSPermGen       total 254272K, used 139120K [0x00007fd99e550000, 0x00007fd9adda0000, 0x00007fd9ae550000)
  object space 254272K, 54% used [0x00007fd99e550000,0x00007fd9a6d2c308,0x00007fd9adda0000)
}
{Heap before GC invocations=204 (full 4):
 PSYoungGen      total 1037440K, used 1031016K [0x00007fda2e550000, 0x00007fda6e550000, 0x00007fda6e550000)
  eden space 1026304K, 100% used [0x00007fda2e550000,0x00007fda6cf90000,0x00007fda6cf90000)
  from space 11136K, 42% used [0x00007fda6cf90000,0x00007fda6d42a110,0x00007fda6da70000)
  to   space 10752K, 0% used [0x00007fda6dad0000,0x00007fda6dad0000,0x00007fda6e550000)
 ParOldGen       total 2097152K, used 416714K [0x00007fd9ae550000, 0x00007fda2e550000, 0x00007fda2e550000)
  object space 2097152K, 19% used [0x00007fd9ae550000,0x00007fd9c7c42988,0x00007fda2e550000)
 PSPermGen       total 254272K, used 139145K [0x00007fd99e550000, 0x00007fd9adda0000, 0x00007fd9ae550000)
  object space 254272K, 54% used [0x00007fd99e550000,0x00007fd9a6d32460,0x00007fd9adda0000)
11671,917: [GC [PSYoungGen: 1031016K->4768K(1038208K)] 1447730K->424620K(3135360K), 0,0143480 secs] [Times: user=0,06 sys=0,00, real=0,01 secs] 
Heap after GC invocations=204 (full 4):
 PSYoungGen      total 1038208K, used 4768K [0x00007fda2e550000, 0x00007fda6e550000, 0x00007fda6e550000)
  eden space 1027456K, 0% used [0x00007fda2e550000,0x00007fda2e550000,0x00007fda6d0b0000)
  from space 10752K, 44% used [0x00007fda6dad0000,0x00007fda6df78000,0x00007fda6e550000)
  to   space 10368K, 0% used [0x00007fda6d0b0000,0x00007fda6d0b0000,0x00007fda6dad0000)
 ParOldGen       total 2097152K, used 419852K [0x00007fd9ae550000, 0x00007fda2e550000, 0x00007fda2e550000)
  object space 2097152K, 20% used [0x00007fd9ae550000,0x00007fd9c7f53068,0x00007fda2e550000)
 PSPermGen       total 254272K, used 139145K [0x00007fd99e550000, 0x00007fd9adda0000, 0x00007fd9ae550000)
  object space 254272K, 54% used [0x00007fd99e550000,0x00007fd9a6d32460,0x00007fd9adda0000)
}
{Heap before GC invocations=205 (full 4):
 PSYoungGen      total 1038208K, used 1032224K [0x00007fda2e550000, 0x00007fda6e550000, 0x00007fda6e550000)
  eden space 1027456K, 100% used [0x00007fda2e550000,0x00007fda6d0b0000,0x00007fda6d0b0000)
  from space 10752K, 44% used [0x00007fda6dad0000,0x00007fda6df78000,0x00007fda6e550000)
  to   space 10368K, 0% used [0x00007fda6d0b0000,0x00007fda6d0b0000,0x00007fda6dad0000)
 ParOldGen       total 2097152K, used 419852K [0x00007fd9ae550000, 0x00007fda2e550000, 0x00007fda2e550000)
  object space 2097152K, 20% used [0x00007fd9ae550000,0x00007fd9c7f53068,0x00007fda2e550000)
 PSPermGen       total 254272K, used 139145K [0x00007fd99e550000, 0x00007fd9adda0000, 0x00007fd9ae550000)
  object space 254272K, 54% used [0x00007fd99e550000,0x00007fd9a6d326a0,0x00007fd9adda0000)
11681,633: [GC [PSYoungGen: 1032224K->2823K(1037824K)] 1452076K->426277K(3134976K), 0,0129070 secs] [Times: user=0,05 sys=0,00, real=0,02 secs] 
Heap after GC invocations=205 (full 4):
 PSYoungGen      total 1037824K, used 2823K [0x00007fda2e550000, 0x00007fda6e550000, 0x00007fda6e550000)
  eden space 1027456K, 0% used [0x00007fda2e550000,0x00007fda2e550000,0x00007fda6d0b0000)
  from space 10368K, 27% used [0x00007fda6d0b0000,0x00007fda6d371c20,0x00007fda6dad0000)
  to   space 10368K, 0% used [0x00007fda6db30000,0x00007fda6db30000,0x00007fda6e550000)
 ParOldGen       total 2097152K, used 423454K [0x00007fd9ae550000, 0x00007fda2e550000, 0x00007fda2e550000)
  object space 2097152K, 20% used [0x00007fd9ae550000,0x00007fd9c82d7a28,0x00007fda2e550000)
 PSPermGen       total 254272K, used 139145K [0x00007fd99e550000, 0x00007fd9adda0000, 0x00007fd9ae550000)
  object space 254272K, 54% used [0x00007fd99e550000,0x00007fd9a6d326a0,0x00007fd9adda0000)
}
{Heap before GC invocations=206 (full 4):
 PSYoungGen      total 1037824K, used 1030279K [0x00007fda2e550000, 0x00007fda6e550000, 0x00007fda6e550000)
  eden space 1027456K, 100% used [0x00007fda2e550000,0x00007fda6d0b0000,0x00007fda6d0b0000)
  from space 10368K, 27% used [0x00007fda6d0b0000,0x00007fda6d371c20,0x00007fda6dad0000)
  to   space 10368K, 0% used [0x00007fda6db30000,0x00007fda6db30000,0x00007fda6e550000)
 ParOldGen       total 2097152K, used 423454K [0x00007fd9ae550000, 0x00007fda2e550000, 0x00007fda2e550000)
  object space 2097152K, 20% used [0x00007fd9ae550000,0x00007fd9c82d7a28,0x00007fda2e550000)
 PSPermGen       total 254272K, used 139146K [0x00007fd99e550000, 0x00007fd9adda0000, 0x00007fd9ae550000)
  object space 254272K, 54% used [0x00007fd99e550000,0x00007fd9a6d329c8,0x00007fd9adda0000)
11688,664: [GC [PSYoungGen: 1030279K->4371K(1038528K)] 1453733K->429572K(3135680K), 0,0173970 secs] [Times: user=0,05 sys=0,00, real=0,01 secs] 
Heap after GC invocations=206 (full 4):
 PSYoungGen      total 1038528K, used 4371K [0x00007fda2e550000, 0x00007fda6e550000, 0x00007fda6e550000)
  eden space 1028160K, 0% used [0x00007fda2e550000,0x00007fda2e550000,0x00007fda6d160000)
  from space 10368K, 42% used [0x00007fda6db30000,0x00007fda6df74e18,0x00007fda6e550000)
  to   space 10048K, 0% used [0x00007fda6d160000,0x00007fda6d160000,0x00007fda6db30000)
 ParOldGen       total 2097152K, used 425200K [0x00007fd9ae550000, 0x00007fda2e550000, 0x00007fda2e550000)
  object space 2097152K, 20% used [0x00007fd9ae550000,0x00007fd9c848c2e0,0x00007fda2e550000)
 PSPermGen       total 254272K, used 139146K [0x00007fd99e550000, 0x00007fd9adda0000, 0x00007fd9ae550000)
  object space 254272K, 54% used [0x00007fd99e550000,0x00007fd9a6d329c8,0x00007fd9adda0000)
}
{Heap before GC invocations=207 (full 4):
 PSYoungGen      total 1038528K, used 1032531K [0x00007fda2e550000, 0x00007fda6e550000, 0x00007fda6e550000)
  eden space 1028160K, 100% used [0x00007fda2e550000,0x00007fda6d160000,0x00007fda6d160000)
  from space 10368K, 42% used [0x00007fda6db30000,0x00007fda6df74e18,0x00007fda6e550000)
  to   space 10048K, 0% used [0x00007fda6d160000,0x00007fda6d160000,0x00007fda6db30000)
 ParOldGen       total 2097152K, used 425200K [0x00007fd9ae550000, 0x00007fda2e550000, 0x00007fda2e550000)
  object space 2097152K, 20% used [0x00007fd9ae550000,0x00007fd9c848c2e0,0x00007fda2e550000)
 PSPermGen       total 254272K, used 139146K [0x00007fd99e550000, 0x00007fd9adda0000, 0x00007fd9ae550000)
  object space 254272K, 54% used [0x00007fd99e550000,0x00007fd9a6d329e8,0x00007fd9adda0000)
11696,722: [GC [PSYoungGen: 1032531K->4185K(1038208K)] 1457732K->433223K(3135360K), 0,0077380 secs] [Times: user=0,02 sys=0,00, real=0,00 secs] 
Heap after GC invocations=207 (full 4):
 PSYoungGen      total 1038208K, used 4185K [0x00007fda2e550000, 0x00007fda6e550000, 0x00007fda6e550000)
  eden space 1028160K, 0% used [0x00007fda2e550000,0x00007fda2e550000,0x00007fda6d160000)
  from space 10048K, 41% used [0x00007fda6d160000,0x00007fda6d576698,0x00007fda6db30000)
  to   space 9728K, 0% used [0x00007fda6dbd0000,0x00007fda6dbd0000,0x00007fda6e550000)
 ParOldGen       total 2097152K, used 429037K [0x00007fd9ae550000, 0x00007fda2e550000, 0x00007fda2e550000)
  object space 2097152K, 20% used [0x00007fd9ae550000,0x00007fd9c884b6c8,0x00007fda2e550000)
 PSPermGen       total 254272K, used 139146K [0x00007fd99e550000, 0x00007fd9adda0000, 0x00007fd9ae550000)
  object space 254272K, 54% used [0x00007fd99e550000,0x00007fd9a6d329e8,0x00007fd9adda0000)
}
{Heap before GC invocations=208 (full 4):
 PSYoungGen      total 1038208K, used 1032345K [0x00007fda2e550000, 0x00007fda6e550000, 0x00007fda6e550000)
  eden space 1028160K, 100% used [0x00007fda2e550000,0x00007fda6d160000,0x00007fda6d160000)
  from space 10048K, 41% used [0x00007fda6d160000,0x00007fda6d576698,0x00007fda6db30000)
  to   space 9728K, 0% used [0x00007fda6dbd0000,0x00007fda6dbd0000,0x00007fda6e550000)
 ParOldGen       total 2097152K, used 429037K [0x00007fd9ae550000, 0x00007fda2e550000, 0x00007fda2e550000)
  object space 2097152K, 20% used [0x00007fd9ae550000,0x00007fd9c884b6c8,0x00007fda2e550000)
 PSPermGen       total 254272K, used 139147K [0x00007fd99e550000, 0x00007fd9adda0000, 0x00007fd9ae550000)
  object space 254272K, 54% used [0x00007fd99e550000,0x00007fd9a6d32d38,0x00007fd9adda0000)
11710,264: [GC [PSYoungGen: 1032345K->5515K(1039168K)] 1461383K->437506K(3136320K), 0,0236490 secs] [Times: user=0,08 sys=0,00, real=0,02 secs] 
Heap after GC invocations=208 (full 4):
 PSYoungGen      total 1039168K, used 5515K [0x00007fda2e550000, 0x00007fda6e550000, 0x00007fda6e550000)
  eden space 1029440K, 0% used [0x00007fda2e550000,0x00007fda2e550000,0x00007fda6d2a0000)
  from space 9728K, 56% used [0x00007fda6dbd0000,0x00007fda6e132da8,0x00007fda6e550000)
  to   space 9408K, 0% used [0x00007fda6d2a0000,0x00007fda6d2a0000,0x00007fda6dbd0000)
 ParOldGen       total 2097152K, used 431990K [0x00007fd9ae550000, 0x00007fda2e550000, 0x00007fda2e550000)
  object space 2097152K, 20% used [0x00007fd9ae550000,0x00007fd9c8b2daa8,0x00007fda2e550000)
 PSPermGen       total 254272K, used 139147K [0x00007fd99e550000, 0x00007fd9adda0000, 0x00007fd9ae550000)
  object space 254272K, 54% used [0x00007fd99e550000,0x00007fd9a6d32d38,0x00007fd9adda0000)
}
{Heap before GC invocations=209 (full 4):
 PSYoungGen      total 1039168K, used 1034955K [0x00007fda2e550000, 0x00007fda6e550000, 0x00007fda6e550000)
  eden space 1029440K, 100% used [0x00007fda2e550000,0x00007fda6d2a0000,0x00007fda6d2a0000)
  from space 9728K, 56% used [0x00007fda6dbd0000,0x00007fda6e132da8,0x00007fda6e550000)
  to   space 9408K, 0% used [0x00007fda6d2a0000,0x00007fda6d2a0000,0x00007fda6dbd0000)
 ParOldGen       total 2097152K, used 431990K [0x00007fd9ae550000, 0x00007fda2e550000, 0x00007fda2e550000)
  object space 2097152K, 20% used [0x00007fd9ae550000,0x00007fd9c8b2daa8,0x00007fda2e550000)
 PSPermGen       total 254272K, used 139147K [0x00007fd99e550000, 0x00007fd9adda0000, 0x00007fd9ae550000)
  object space 254272K, 54% used [0x00007fd99e550000,0x00007fd9a6d32df0,0x00007fd9adda0000)
11717,900: [GC [PSYoungGen: 1034955K->6048K(1038848K)] 1466946K->442202K(3136000K), 0,0188290 secs] [Times: user=0,06 sys=0,00, real=0,02 secs] 
Heap after GC invocations=209 (full 4):
 PSYoungGen      total 1038848K, used 6048K [0x00007fda2e550000, 0x00007fda6e550000, 0x00007fda6e550000)
  eden space 1029440K, 0% used [0x00007fda2e550000,0x00007fda2e550000,0x00007fda6d2a0000)
  from space 9408K, 64% used [0x00007fda6d2a0000,0x00007fda6d8883b8,0x00007fda6dbd0000)
  to   space 9344K, 0% used [0x00007fda6dc30000,0x00007fda6dc30000,0x00007fda6e550000)
 ParOldGen       total 2097152K, used 436153K [0x00007fd9ae550000, 0x00007fda2e550000, 0x00007fda2e550000)
  object space 2097152K, 20% used [0x00007fd9ae550000,0x00007fd9c8f3e4f0,0x00007fda2e550000)
 PSPermGen       total 254272K, used 139147K [0x00007fd99e550000, 0x00007fd9adda0000, 0x00007fd9ae550000)
  object space 254272K, 54% used [0x00007fd99e550000,0x00007fd9a6d32df0,0x00007fd9adda0000)
}
{Heap before GC invocations=210 (full 4):
 PSYoungGen      total 1038848K, used 1035488K [0x00007fda2e550000, 0x00007fda6e550000, 0x00007fda6e550000)
  eden space 1029440K, 100% used [0x00007fda2e550000,0x00007fda6d2a0000,0x00007fda6d2a0000)
  from space 9408K, 64% used [0x00007fda6d2a0000,0x00007fda6d8883b8,0x00007fda6dbd0000)
  to   space 9344K, 0% used [0x00007fda6dc30000,0x00007fda6dc30000,0x00007fda6e550000)
 ParOldGen       total 2097152K, used 436153K [0x00007fd9ae550000, 0x00007fda2e550000, 0x00007fda2e550000)
  object space 2097152K, 20% used [0x00007fd9ae550000,0x00007fd9c8f3e4f0,0x00007fda2e550000)
 PSPermGen       total 254272K, used 139147K [0x00007fd99e550000, 0x00007fd9adda0000, 0x00007fd9ae550000)
  object space 254272K, 54% used [0x00007fd99e550000,0x00007fd9a6d32eb0,0x00007fd9adda0000)
11733,132: [GC [PSYoungGen: 1035488K->3456K(1039360K)] 1471642K->443912K(3136512K), 0,0146140 secs] [Times: user=0,05 sys=0,00, real=0,01 secs] 
Heap after GC invocations=210 (full 4):
 PSYoungGen      total 1039360K, used 3456K [0x00007fda2e550000, 0x00007fda6e550000, 0x00007fda6e550000)
  eden space 1030016K, 0% used [0x00007fda2e550000,0x00007fda2e550000,0x00007fda6d330000)
  from space 9344K, 36% used [0x00007fda6dc30000,0x00007fda6df90000,0x00007fda6e550000)
  to   space 9216K, 0% used [0x00007fda6d330000,0x00007fda6d330000,0x00007fda6dc30000)
 ParOldGen       total 2097152K, used 440456K [0x00007fd9ae550000, 0x00007fda2e550000, 0x00007fda2e550000)
  object space 2097152K, 21% used [0x00007fd9ae550000,0x00007fd9c9372198,0x00007fda2e550000)
 PSPermGen       total 254272K, used 139147K [0x00007fd99e550000, 0x00007fd9adda0000, 0x00007fd9ae550000)
  object space 254272K, 54% used [0x00007fd99e550000,0x00007fd9a6d32eb0,0x00007fd9adda0000)
}
{Heap before GC invocations=211 (full 4):
 PSYoungGen      total 1039360K, used 1033472K [0x00007fda2e550000, 0x00007fda6e550000, 0x00007fda6e550000)
  eden space 1030016K, 100% used [0x00007fda2e550000,0x00007fda6d330000,0x00007fda6d330000)
  from space 9344K, 36% used [0x00007fda6dc30000,0x00007fda6df90000,0x00007fda6e550000)
  to   space 9216K, 0% used [0x00007fda6d330000,0x00007fda6d330000,0x00007fda6dc30000)
 ParOldGen       total 2097152K, used 440456K [0x00007fd9ae550000, 0x00007fda2e550000, 0x00007fda2e550000)
  object space 2097152K, 21% used [0x00007fd9ae550000,0x00007fd9c9372198,0x00007fda2e550000)
 PSPermGen       total 254272K, used 139174K [0x00007fd99e550000, 0x00007fd9adda0000, 0x00007fd9ae550000)
  object space 254272K, 54% used [0x00007fd99e550000,0x00007fd9a6d398c8,0x00007fd9adda0000)
11745,056: [GC [PSYoungGen: 1033472K->2304K(1039232K)] 1473928K->445352K(3136384K), 0,0095610 secs] [Times: user=0,04 sys=0,00, real=0,01 secs] 
Heap after GC invocations=211 (full 4):
 PSYoungGen      total 1039232K, used 2304K [0x00007fda2e550000, 0x00007fda6e550000, 0x00007fda6e550000)
  eden space 1030016K, 0% used [0x00007fda2e550000,0x00007fda2e550000,0x00007fda6d330000)
  from space 9216K, 25% used [0x00007fda6d330000,0x00007fda6d570000,0x00007fda6dc30000)
  to   space 9280K, 0% used [0x00007fda6dc40000,0x00007fda6dc40000,0x00007fda6e550000)
 ParOldGen       total 2097152K, used 443048K [0x00007fd9ae550000, 0x00007fda2e550000, 0x00007fda2e550000)
  object space 2097152K, 21% used [0x00007fd9ae550000,0x00007fd9c95fa3b0,0x00007fda2e550000)
 PSPermGen       total 254272K, used 139174K [0x00007fd99e550000, 0x00007fd9adda0000, 0x00007fd9ae550000)
  object space 254272K, 54% used [0x00007fd99e550000,0x00007fd9a6d398c8,0x00007fd9adda0000)
}
{Heap before GC invocations=212 (full 4):
 PSYoungGen      total 1039232K, used 1032320K [0x00007fda2e550000, 0x00007fda6e550000, 0x00007fda6e550000)
  eden space 1030016K, 100% used [0x00007fda2e550000,0x00007fda6d330000,0x00007fda6d330000)
  from space 9216K, 25% used [0x00007fda6d330000,0x00007fda6d570000,0x00007fda6dc30000)
  to   space 9280K, 0% used [0x00007fda6dc40000,0x00007fda6dc40000,0x00007fda6e550000)
 ParOldGen       total 2097152K, used 443048K [0x00007fd9ae550000, 0x00007fda2e550000, 0x00007fda2e550000)
  object space 2097152K, 21% used [0x00007fd9ae550000,0x00007fd9c95fa3b0,0x00007fda2e550000)
 PSPermGen       total 254272K, used 139189K [0x00007fd99e550000, 0x00007fd9adda0000, 0x00007fd9ae550000)
  object space 254272K, 54% used [0x00007fd99e550000,0x00007fd9a6d3d4d0,0x00007fd9adda0000)
11762,037: [GC [PSYoungGen: 1032320K->5696K(1039424K)] 1475368K->450611K(3136576K), 0,0144310 secs] [Times: user=0,06 sys=0,00, real=0,02 secs] 
Heap after GC invocations=212 (full 4):
 PSYoungGen      total 1039424K, used 5696K [0x00007fda2e550000, 0x00007fda6e550000, 0x00007fda6e550000)
  eden space 1030144K, 0% used [0x00007fda2e550000,0x00007fda2e550000,0x00007fda6d350000)
  from space 9280K, 61% used [0x00007fda6dc40000,0x00007fda6e1d0000,0x00007fda6e550000)
  to   space 9152K, 0% used [0x00007fda6d350000,0x00007fda6d350000,0x00007fda6dc40000)
 ParOldGen       total 2097152K, used 444915K [0x00007fd9ae550000, 0x00007fda2e550000, 0x00007fda2e550000)
  object space 2097152K, 21% used [0x00007fd9ae550000,0x00007fd9c97ccfc0,0x00007fda2e550000)
 PSPermGen       total 254272K, used 139189K [0x00007fd99e550000, 0x00007fd9adda0000, 0x00007fd9ae550000)
  object space 254272K, 54% used [0x00007fd99e550000,0x00007fd9a6d3d4d0,0x00007fd9adda0000)
}
{Heap before GC invocations=213 (full 4):
 PSYoungGen      total 1039424K, used 1035840K [0x00007fda2e550000, 0x00007fda6e550000, 0x00007fda6e550000)
  eden space 1030144K, 100% used [0x00007fda2e550000,0x00007fda6d350000,0x00007fda6d350000)
  from space 9280K, 61% used [0x00007fda6dc40000,0x00007fda6e1d0000,0x00007fda6e550000)
  to   space 9152K, 0% used [0x00007fda6d350000,0x00007fda6d350000,0x00007fda6dc40000)
 ParOldGen       total 2097152K, used 444915K [0x00007fd9ae550000, 0x00007fda2e550000, 0x00007fda2e550000)
  object space 2097152K, 21% used [0x00007fd9ae550000,0x00007fd9c97ccfc0,0x00007fda2e550000)
 PSPermGen       total 254272K, used 139191K [0x00007fd99e550000, 0x00007fd9adda0000, 0x00007fd9ae550000)
  object space 254272K, 54% used [0x00007fd99e550000,0x00007fd9a6d3dcc0,0x00007fd9adda0000)
11790,242: [GC [PSYoungGen: 1035840K->7168K(1037312K)] 1480755K->456352K(3134464K), 0,0158170 secs] [Times: user=0,06 sys=0,00, real=0,02 secs] 
Heap after GC invocations=213 (full 4):
 PSYoungGen      total 1037312K, used 7168K [0x00007fda2e550000, 0x00007fda6e550000, 0x00007fda6e550000)
  eden space 1030144K, 0% used [0x00007fda2e550000,0x00007fda2e550000,0x00007fda6d350000)
  from space 7168K, 100% used [0x00007fda6d350000,0x00007fda6da50000,0x00007fda6da50000)
  to   space 9600K, 0% used [0x00007fda6dbf0000,0x00007fda6dbf0000,0x00007fda6e550000)
 ParOldGen       total 2097152K, used 449184K [0x00007fd9ae550000, 0x00007fda2e550000, 0x00007fda2e550000)
  object space 2097152K, 21% used [0x00007fd9ae550000,0x00007fd9c9bf8070,0x00007fda2e550000)
 PSPermGen       total 254272K, used 139191K [0x00007fd99e550000, 0x00007fd9adda0000, 0x00007fd9ae550000)
  object space 254272K, 54% used [0x00007fd99e550000,0x00007fd9a6d3dcc0,0x00007fd9adda0000)
}
{Heap before GC invocations=214 (full 4):
 PSYoungGen      total 1037312K, used 1037312K [0x00007fda2e550000, 0x00007fda6e550000, 0x00007fda6e550000)
  eden space 1030144K, 100% used [0x00007fda2e550000,0x00007fda6d350000,0x00007fda6d350000)
  from space 7168K, 100% used [0x00007fda6d350000,0x00007fda6da50000,0x00007fda6da50000)
  to   space 9600K, 0% used [0x00007fda6dbf0000,0x00007fda6dbf0000,0x00007fda6e550000)
 ParOldGen       total 2097152K, used 449184K [0x00007fd9ae550000, 0x00007fda2e550000, 0x00007fda2e550000)
  object space 2097152K, 21% used [0x00007fd9ae550000,0x00007fd9c9bf8070,0x00007fda2e550000)
 PSPermGen       total 254272K, used 139191K [0x00007fd99e550000, 0x00007fd9adda0000, 0x00007fd9ae550000)
  object space 254272K, 54% used [0x00007fd99e550000,0x00007fd9a6d3df68,0x00007fd9adda0000)
11802,478: [GC [PSYoungGen: 1037312K->5273K(1039360K)] 1486496K->459977K(3136512K), 0,0089050 secs] [Times: user=0,04 sys=0,00, real=0,01 secs] 
Heap after GC invocations=214 (full 4):
 PSYoungGen      total 1039360K, used 5273K [0x00007fda2e550000, 0x00007fda6e550000, 0x00007fda6e550000)
  eden space 1029760K, 0% used [0x00007fda2e550000,0x00007fda2e550000,0x00007fda6d2f0000)
  from space 9600K, 54% used [0x00007fda6dbf0000,0x00007fda6e1166a8,0x00007fda6e550000)
  to   space 9216K, 0% used [0x00007fda6d2f0000,0x00007fda6d2f0000,0x00007fda6dbf0000)
 ParOldGen       total 2097152K, used 454703K [0x00007fd9ae550000, 0x00007fda2e550000, 0x00007fda2e550000)
  object space 2097152K, 21% used [0x00007fd9ae550000,0x00007fd9ca15bf00,0x00007fda2e550000)
 PSPermGen       total 254272K, used 139191K [0x00007fd99e550000, 0x00007fd9adda0000, 0x00007fd9ae550000)
  object space 254272K, 54% used [0x00007fd99e550000,0x00007fd9a6d3df68,0x00007fd9adda0000)
}
{Heap before GC invocations=215 (full 4):
 PSYoungGen      total 1039360K, used 1035033K [0x00007fda2e550000, 0x00007fda6e550000, 0x00007fda6e550000)
  eden space 1029760K, 100% used [0x00007fda2e550000,0x00007fda6d2f0000,0x00007fda6d2f0000)
  from space 9600K, 54% used [0x00007fda6dbf0000,0x00007fda6e1166a8,0x00007fda6e550000)
  to   space 9216K, 0% used [0x00007fda6d2f0000,0x00007fda6d2f0000,0x00007fda6dbf0000)
 ParOldGen       total 2097152K, used 454703K [0x00007fd9ae550000, 0x00007fda2e550000, 0x00007fda2e550000)
  object space 2097152K, 21% used [0x00007fd9ae550000,0x00007fd9ca15bf00,0x00007fda2e550000)
 PSPermGen       total 254272K, used 139193K [0x00007fd99e550000, 0x00007fd9adda0000, 0x00007fd9ae550000)
  object space 254272K, 54% used [0x00007fd99e550000,0x00007fd9a6d3e5f0,0x00007fd9adda0000)
11817,194: [GC [PSYoungGen: 1035033K->3157K(1038976K)] 1489737K->461407K(3136128K), 0,0174380 secs] [Times: user=0,05 sys=0,00, real=0,01 secs] 
Heap after GC invocations=215 (full 4):
 PSYoungGen      total 1038976K, used 3157K [0x00007fda2e550000, 0x00007fda6e550000, 0x00007fda6e550000)
  eden space 1029760K, 0% used [0x00007fda2e550000,0x00007fda2e550000,0x00007fda6d2f0000)
  from space 9216K, 34% used [0x00007fda6d2f0000,0x00007fda6d6057f0,0x00007fda6dbf0000)
  to   space 9152K, 0% used [0x00007fda6dc60000,0x00007fda6dc60000,0x00007fda6e550000)
 ParOldGen       total 2097152K, used 458249K [0x00007fd9ae550000, 0x00007fda2e550000, 0x00007fda2e550000)
  object space 2097152K, 21% used [0x00007fd9ae550000,0x00007fd9ca4d2780,0x00007fda2e550000)
 PSPermGen       total 254272K, used 139193K [0x00007fd99e550000, 0x00007fd9adda0000, 0x00007fd9ae550000)
  object space 254272K, 54% used [0x00007fd99e550000,0x00007fd9a6d3e5f0,0x00007fd9adda0000)
}
{Heap before GC invocations=216 (full 4):
 PSYoungGen      total 1038976K, used 1032917K [0x00007fda2e550000, 0x00007fda6e550000, 0x00007fda6e550000)
  eden space 1029760K, 100% used [0x00007fda2e550000,0x00007fda6d2f0000,0x00007fda6d2f0000)
  from space 9216K, 34% used [0x00007fda6d2f0000,0x00007fda6d6057f0,0x00007fda6dbf0000)
  to   space 9152K, 0% used [0x00007fda6dc60000,0x00007fda6dc60000,0x00007fda6e550000)
 ParOldGen       total 2097152K, used 458249K [0x00007fd9ae550000, 0x00007fda2e550000, 0x00007fda2e550000)
  object space 2097152K, 21% used [0x00007fd9ae550000,0x00007fd9ca4d2780,0x00007fda2e550000)
 PSPermGen       total 254272K, used 139193K [0x00007fd99e550000, 0x00007fd9adda0000, 0x00007fd9ae550000)
  object space 254272K, 54% used [0x00007fd99e550000,0x00007fd9a6d3e5f0,0x00007fd9adda0000)
11827,963: [GC [PSYoungGen: 1032917K->4867K(1039872K)] 1491167K->465547K(3137024K), 0,0133880 secs] [Times: user=0,05 sys=0,00, real=0,02 secs] 
Heap after GC invocations=216 (full 4):
 PSYoungGen      total 1039872K, used 4867K [0x00007fda2e550000, 0x00007fda6e550000, 0x00007fda6e550000)
  eden space 1030720K, 0% used [0x00007fda2e550000,0x00007fda2e550000,0x00007fda6d3e0000)
  from space 9152K, 53% used [0x00007fda6dc60000,0x00007fda6e120f70,0x00007fda6e550000)
  to   space 8704K, 0% used [0x00007fda6d3e0000,0x00007fda6d3e0000,0x00007fda6dc60000)
 ParOldGen       total 2097152K, used 460679K [0x00007fd9ae550000, 0x00007fda2e550000, 0x00007fda2e550000)
  object space 2097152K, 21% used [0x00007fd9ae550000,0x00007fd9ca731e60,0x00007fda2e550000)
 PSPermGen       total 254272K, used 139193K [0x00007fd99e550000, 0x00007fd9adda0000, 0x00007fd9ae550000)
  object space 254272K, 54% used [0x00007fd99e550000,0x00007fd9a6d3e5f0,0x00007fd9adda0000)
}
{Heap before GC invocations=217 (full 4):
 PSYoungGen      total 1039872K, used 1035587K [0x00007fda2e550000, 0x00007fda6e550000, 0x00007fda6e550000)
  eden space 1030720K, 100% used [0x00007fda2e550000,0x00007fda6d3e0000,0x00007fda6d3e0000)
  from space 9152K, 53% used [0x00007fda6dc60000,0x00007fda6e120f70,0x00007fda6e550000)
  to   space 8704K, 0% used [0x00007fda6d3e0000,0x00007fda6d3e0000,0x00007fda6dc60000)
 ParOldGen       total 2097152K, used 460679K [0x00007fd9ae550000, 0x00007fda2e550000, 0x00007fda2e550000)
  object space 2097152K, 21% used [0x00007fd9ae550000,0x00007fd9ca731e60,0x00007fda2e550000)
 PSPermGen       total 254272K, used 139193K [0x00007fd99e550000, 0x00007fd9adda0000, 0x00007fd9ae550000)
  object space 254272K, 54% used [0x00007fd99e550000,0x00007fd9a6d3e7a0,0x00007fd9adda0000)
11840,753: [GC [PSYoungGen: 1035587K->4848K(1039424K)] 1496267K->469272K(3136576K), 0,0190120 secs] [Times: user=0,05 sys=0,01, real=0,01 secs] 
Heap after GC invocations=217 (full 4):
 PSYoungGen      total 1039424K, used 4848K [0x00007fda2e550000, 0x00007fda6e550000, 0x00007fda6e550000)
  eden space 1030720K, 0% used [0x00007fda2e550000,0x00007fda2e550000,0x00007fda6d3e0000)
  from space 8704K, 55% used [0x00007fda6d3e0000,0x00007fda6d89c078,0x00007fda6dc60000)
  to   space 8384K, 0% used [0x00007fda6dd20000,0x00007fda6dd20000,0x00007fda6e550000)
 ParOldGen       total 2097152K, used 464424K [0x00007fd9ae550000, 0x00007fda2e550000, 0x00007fda2e550000)
  object space 2097152K, 22% used [0x00007fd9ae550000,0x00007fd9caada140,0x00007fda2e550000)
 PSPermGen       total 254272K, used 139193K [0x00007fd99e550000, 0x00007fd9adda0000, 0x00007fd9ae550000)
  object space 254272K, 54% used [0x00007fd99e550000,0x00007fd9a6d3e7a0,0x00007fd9adda0000)
}
{Heap before GC invocations=218 (full 4):
 PSYoungGen      total 1039424K, used 1035568K [0x00007fda2e550000, 0x00007fda6e550000, 0x00007fda6e550000)
  eden space 1030720K, 100% used [0x00007fda2e550000,0x00007fda6d3e0000,0x00007fda6d3e0000)
  from space 8704K, 55% used [0x00007fda6d3e0000,0x00007fda6d89c078,0x00007fda6dc60000)
  to   space 8384K, 0% used [0x00007fda6dd20000,0x00007fda6dd20000,0x00007fda6e550000)
 ParOldGen       total 2097152K, used 464424K [0x00007fd9ae550000, 0x00007fda2e550000, 0x00007fda2e550000)
  object space 2097152K, 22% used [0x00007fd9ae550000,0x00007fd9caada140,0x00007fda2e550000)
 PSPermGen       total 254272K, used 139218K [0x00007fd99e550000, 0x00007fd9adda0000, 0x00007fd9ae550000)
  object space 254272K, 54% used [0x00007fd99e550000,0x00007fd9a6d448f0,0x00007fd9adda0000)
11850,365: [GC [PSYoungGen: 1035568K->3696K(1040384K)] 1499992K->471071K(3137536K), 0,0128730 secs] [Times: user=0,05 sys=0,00, real=0,01 secs] 
Heap after GC invocations=218 (full 4):
 PSYoungGen      total 1040384K, used 3696K [0x00007fda2e550000, 0x00007fda6e550000, 0x00007fda6e550000)
  eden space 1032000K, 0% used [0x00007fda2e550000,0x00007fda2e550000,0x00007fda6d520000)
  from space 8384K, 44% used [0x00007fda6dd20000,0x00007fda6e0bc030,0x00007fda6e550000)
  to   space 8192K, 0% used [0x00007fda6d520000,0x00007fda6d520000,0x00007fda6dd20000)
 ParOldGen       total 2097152K, used 467375K [0x00007fd9ae550000, 0x00007fda2e550000, 0x00007fda2e550000)
  object space 2097152K, 22% used [0x00007fd9ae550000,0x00007fd9cadbbc40,0x00007fda2e550000)
 PSPermGen       total 254272K, used 139218K [0x00007fd99e550000, 0x00007fd9adda0000, 0x00007fd9ae550000)
  object space 254272K, 54% used [0x00007fd99e550000,0x00007fd9a6d448f0,0x00007fd9adda0000)
}
{Heap before GC invocations=219 (full 4):
 PSYoungGen      total 1040384K, used 1035696K [0x00007fda2e550000, 0x00007fda6e550000, 0x00007fda6e550000)
  eden space 1032000K, 100% used [0x00007fda2e550000,0x00007fda6d520000,0x00007fda6d520000)
  from space 8384K, 44% used [0x00007fda6dd20000,0x00007fda6e0bc030,0x00007fda6e550000)
  to   space 8192K, 0% used [0x00007fda6d520000,0x00007fda6d520000,0x00007fda6dd20000)
 ParOldGen       total 2097152K, used 467375K [0x00007fd9ae550000, 0x00007fda2e550000, 0x00007fda2e550000)
  object space 2097152K, 22% used [0x00007fd9ae550000,0x00007fd9cadbbc40,0x00007fda2e550000)
 PSPermGen       total 254272K, used 139240K [0x00007fd99e550000, 0x00007fd9adda0000, 0x00007fd9ae550000)
  object space 254272K, 54% used [0x00007fd99e550000,0x00007fd9a6d4a1c0,0x00007fd9adda0000)
11861,887: [GC [PSYoungGen: 1035696K->5599K(1040192K)] 1503071K->475266K(3137344K), 0,0155460 secs] [Times: user=0,05 sys=0,00, real=0,02 secs] 
Heap after GC invocations=219 (full 4):
 PSYoungGen      total 1040192K, used 5599K [0x00007fda2e550000, 0x00007fda6e550000, 0x00007fda6e550000)
  eden space 1032000K, 0% used [0x00007fda2e550000,0x00007fda2e550000,0x00007fda6d520000)
  from space 8192K, 68% used [0x00007fda6d520000,0x00007fda6da97c90,0x00007fda6dd20000)
  to   space 8192K, 0% used [0x00007fda6dd50000,0x00007fda6dd50000,0x00007fda6e550000)
 ParOldGen       total 2097152K, used 469667K [0x00007fd9ae550000, 0x00007fda2e550000, 0x00007fda2e550000)
  object space 2097152K, 22% used [0x00007fd9ae550000,0x00007fd9caff8f50,0x00007fda2e550000)
 PSPermGen       total 254272K, used 139240K [0x00007fd99e550000, 0x00007fd9adda0000, 0x00007fd9ae550000)
  object space 254272K, 54% used [0x00007fd99e550000,0x00007fd9a6d4a1c0,0x00007fd9adda0000)
}
{Heap before GC invocations=220 (full 4):
 PSYoungGen      total 1040192K, used 1037599K [0x00007fda2e550000, 0x00007fda6e550000, 0x00007fda6e550000)
  eden space 1032000K, 100% used [0x00007fda2e550000,0x00007fda6d520000,0x00007fda6d520000)
  from space 8192K, 68% used [0x00007fda6d520000,0x00007fda6da97c90,0x00007fda6dd20000)
  to   space 8192K, 0% used [0x00007fda6dd50000,0x00007fda6dd50000,0x00007fda6e550000)
 ParOldGen       total 2097152K, used 469667K [0x00007fd9ae550000, 0x00007fda2e550000, 0x00007fda2e550000)
  object space 2097152K, 22% used [0x00007fd9ae550000,0x00007fd9caff8f50,0x00007fda2e550000)
 PSPermGen       total 254272K, used 139243K [0x00007fd99e550000, 0x00007fd9adda0000, 0x00007fd9ae550000)
  object space 254272K, 54% used [0x00007fd99e550000,0x00007fd9a6d4ad00,0x00007fd9adda0000)
11875,112: [GC [PSYoungGen: 1037599K->4640K(1040704K)] 1507266K->478577K(3137856K), 0,0211650 secs] [Times: user=0,06 sys=0,00, real=0,02 secs] 
Heap after GC invocations=220 (full 4):
 PSYoungGen      total 1040704K, used 4640K [0x00007fda2e550000, 0x00007fda6e550000, 0x00007fda6e550000)
  eden space 1032512K, 0% used [0x00007fda2e550000,0x00007fda2e550000,0x00007fda6d5a0000)
  from space 8192K, 56% used [0x00007fda6dd50000,0x00007fda6e1d8000,0x00007fda6e550000)
  to   space 7872K, 0% used [0x00007fda6d5a0000,0x00007fda6d5a0000,0x00007fda6dd50000)
 ParOldGen       total 2097152K, used 473937K [0x00007fd9ae550000, 0x00007fda2e550000, 0x00007fda2e550000)
  object space 2097152K, 22% used [0x00007fd9ae550000,0x00007fd9cb424790,0x00007fda2e550000)
 PSPermGen       total 254272K, used 139243K [0x00007fd99e550000, 0x00007fd9adda0000, 0x00007fd9ae550000)
  object space 254272K, 54% used [0x00007fd99e550000,0x00007fd9a6d4ad00,0x00007fd9adda0000)
}
{Heap before GC invocations=221 (full 4):
 PSYoungGen      total 1040704K, used 1037152K [0x00007fda2e550000, 0x00007fda6e550000, 0x00007fda6e550000)
  eden space 1032512K, 100% used [0x00007fda2e550000,0x00007fda6d5a0000,0x00007fda6d5a0000)
  from space 8192K, 56% used [0x00007fda6dd50000,0x00007fda6e1d8000,0x00007fda6e550000)
  to   space 7872K, 0% used [0x00007fda6d5a0000,0x00007fda6d5a0000,0x00007fda6dd50000)
 ParOldGen       total 2097152K, used 473937K [0x00007fd9ae550000, 0x00007fda2e550000, 0x00007fda2e550000)
  object space 2097152K, 22% used [0x00007fd9ae550000,0x00007fd9cb424790,0x00007fda2e550000)
 PSPermGen       total 254272K, used 139243K [0x00007fd99e550000, 0x00007fd9adda0000, 0x00007fd9ae550000)
  object space 254272K, 54% used [0x00007fd99e550000,0x00007fd9a6d4ad00,0x00007fd9adda0000)
11882,661: [GC [PSYoungGen: 1037152K->5185K(1040384K)] 1511089K->482539K(3137536K), 0,0131820 secs] [Times: user=0,03 sys=0,00, real=0,02 secs] 
Heap after GC invocations=221 (full 4):
 PSYoungGen      total 1040384K, used 5185K [0x00007fda2e550000, 0x00007fda6e550000, 0x00007fda6e550000)
  eden space 1032512K, 0% used [0x00007fda2e550000,0x00007fda2e550000,0x00007fda6d5a0000)
  from space 7872K, 65% used [0x00007fda6d5a0000,0x00007fda6dab0748,0x00007fda6dd50000)
  to   space 7744K, 0% used [0x00007fda6ddc0000,0x00007fda6ddc0000,0x00007fda6e550000)
 ParOldGen       total 2097152K, used 477353K [0x00007fd9ae550000, 0x00007fda2e550000, 0x00007fda2e550000)
  object space 2097152K, 22% used [0x00007fd9ae550000,0x00007fd9cb77a700,0x00007fda2e550000)
 PSPermGen       total 254272K, used 139243K [0x00007fd99e550000, 0x00007fd9adda0000, 0x00007fd9ae550000)
  object space 254272K, 54% used [0x00007fd99e550000,0x00007fd9a6d4ad00,0x00007fd9adda0000)
}
{Heap before GC invocations=222 (full 4):
 PSYoungGen      total 1040384K, used 1037697K [0x00007fda2e550000, 0x00007fda6e550000, 0x00007fda6e550000)
  eden space 1032512K, 100% used [0x00007fda2e550000,0x00007fda6d5a0000,0x00007fda6d5a0000)
  from space 7872K, 65% used [0x00007fda6d5a0000,0x00007fda6dab0748,0x00007fda6dd50000)
  to   space 7744K, 0% used [0x00007fda6ddc0000,0x00007fda6ddc0000,0x00007fda6e550000)
 ParOldGen       total 2097152K, used 477353K [0x00007fd9ae550000, 0x00007fda2e550000, 0x00007fda2e550000)
  object space 2097152K, 22% used [0x00007fd9ae550000,0x00007fd9cb77a700,0x00007fda2e550000)
 PSPermGen       total 254272K, used 139244K [0x00007fd99e550000, 0x00007fd9adda0000, 0x00007fd9ae550000)
  object space 254272K, 54% used [0x00007fd99e550000,0x00007fd9a6d4b118,0x00007fd9adda0000)
11890,944: [GC [PSYoungGen: 1037697K->4144K(1041024K)] 1515051K->485303K(3138176K), 0,0162950 secs] [Times: user=0,05 sys=0,00, real=0,01 secs] 
Heap after GC invocations=222 (full 4):
 PSYoungGen      total 1041024K, used 4144K [0x00007fda2e550000, 0x00007fda6e550000, 0x00007fda6e550000)
  eden space 1033280K, 0% used [0x00007fda2e550000,0x00007fda2e550000,0x00007fda6d660000)
  from space 7744K, 53% used [0x00007fda6ddc0000,0x00007fda6e1cc030,0x00007fda6e550000)
  to   space 7552K, 0% used [0x00007fda6d660000,0x00007fda6d660000,0x00007fda6ddc0000)
 ParOldGen       total 2097152K, used 481159K [0x00007fd9ae550000, 0x00007fda2e550000, 0x00007fda2e550000)
  object space 2097152K, 22% used [0x00007fd9ae550000,0x00007fd9cbb31c68,0x00007fda2e550000)
 PSPermGen       total 254272K, used 139244K [0x00007fd99e550000, 0x00007fd9adda0000, 0x00007fd9ae550000)
  object space 254272K, 54% used [0x00007fd99e550000,0x00007fd9a6d4b118,0x00007fd9adda0000)
}
{Heap before GC invocations=223 (full 4):
 PSYoungGen      total 1041024K, used 1037424K [0x00007fda2e550000, 0x00007fda6e550000, 0x00007fda6e550000)
  eden space 1033280K, 100% used [0x00007fda2e550000,0x00007fda6d660000,0x00007fda6d660000)
  from space 7744K, 53% used [0x00007fda6ddc0000,0x00007fda6e1cc030,0x00007fda6e550000)
  to   space 7552K, 0% used [0x00007fda6d660000,0x00007fda6d660000,0x00007fda6ddc0000)
 ParOldGen       total 2097152K, used 481159K [0x00007fd9ae550000, 0x00007fda2e550000, 0x00007fda2e550000)
  object space 2097152K, 22% used [0x00007fd9ae550000,0x00007fd9cbb31c68,0x00007fda2e550000)
 PSPermGen       total 254272K, used 139244K [0x00007fd99e550000, 0x00007fd9adda0000, 0x00007fd9ae550000)
  object space 254272K, 54% used [0x00007fd99e550000,0x00007fd9a6d4b178,0x00007fd9adda0000)
11898,404: [GC [PSYoungGen: 1037424K->3695K(1040832K)] 1518583K->486734K(3137984K), 0,0169700 secs] [Times: user=0,04 sys=0,00, real=0,01 secs] 
Heap after GC invocations=223 (full 4):
 PSYoungGen      total 1040832K, used 3695K [0x00007fda2e550000, 0x00007fda6e550000, 0x00007fda6e550000)
  eden space 1033280K, 0% used [0x00007fda2e550000,0x00007fda2e550000,0x00007fda6d660000)
  from space 7552K, 48% used [0x00007fda6d660000,0x00007fda6d9fbe30,0x00007fda6ddc0000)
  to   space 7488K, 0% used [0x00007fda6de00000,0x00007fda6de00000,0x00007fda6e550000)
 ParOldGen       total 2097152K, used 483039K [0x00007fd9ae550000, 0x00007fda2e550000, 0x00007fda2e550000)
  object space 2097152K, 23% used [0x00007fd9ae550000,0x00007fd9cbd07c48,0x00007fda2e550000)
 PSPermGen       total 254272K, used 139244K [0x00007fd99e550000, 0x00007fd9adda0000, 0x00007fd9ae550000)
  object space 254272K, 54% used [0x00007fd99e550000,0x00007fd9a6d4b178,0x00007fd9adda0000)
}
{Heap before GC invocations=224 (full 4):
 PSYoungGen      total 1040832K, used 1036975K [0x00007fda2e550000, 0x00007fda6e550000, 0x00007fda6e550000)
  eden space 1033280K, 100% used [0x00007fda2e550000,0x00007fda6d660000,0x00007fda6d660000)
  from space 7552K, 48% used [0x00007fda6d660000,0x00007fda6d9fbe30,0x00007fda6ddc0000)
  to   space 7488K, 0% used [0x00007fda6de00000,0x00007fda6de00000,0x00007fda6e550000)
 ParOldGen       total 2097152K, used 483039K [0x00007fd9ae550000, 0x00007fda2e550000, 0x00007fda2e550000)
  object space 2097152K, 23% used [0x00007fd9ae550000,0x00007fd9cbd07c48,0x00007fda2e550000)
 PSPermGen       total 254272K, used 139246K [0x00007fd99e550000, 0x00007fd9adda0000, 0x00007fd9ae550000)
  object space 254272K, 54% used [0x00007fd99e550000,0x00007fd9a6d4b950,0x00007fd9adda0000)
11910,233: [GC [PSYoungGen: 1036975K->6644K(1040192K)] 1520014K->492139K(3137344K), 0,0129590 secs] [Times: user=0,04 sys=0,00, real=0,01 secs] 
Heap after GC invocations=224 (full 4):
 PSYoungGen      total 1040192K, used 6644K [0x00007fda2e550000, 0x00007fda6e550000, 0x00007fda6e550000)
  eden space 1032704K, 0% used [0x00007fda2e550000,0x00007fda2e550000,0x00007fda6d5d0000)
  from space 7488K, 88% used [0x00007fda6de00000,0x00007fda6e47d090,0x00007fda6e550000)
  to   space 7936K, 0% used [0x00007fda6d5d0000,0x00007fda6d5d0000,0x00007fda6dd90000)
 ParOldGen       total 2097152K, used 485494K [0x00007fd9ae550000, 0x00007fda2e550000, 0x00007fda2e550000)
  object space 2097152K, 23% used [0x00007fd9ae550000,0x00007fd9cbf6dbc0,0x00007fda2e550000)
 PSPermGen       total 254272K, used 139246K [0x00007fd99e550000, 0x00007fd9adda0000, 0x00007fd9ae550000)
  object space 254272K, 54% used [0x00007fd99e550000,0x00007fd9a6d4b950,0x00007fd9adda0000)
}
{Heap before GC invocations=225 (full 4):
 PSYoungGen      total 1040192K, used 1039348K [0x00007fda2e550000, 0x00007fda6e550000, 0x00007fda6e550000)
  eden space 1032704K, 100% used [0x00007fda2e550000,0x00007fda6d5d0000,0x00007fda6d5d0000)
  from space 7488K, 88% used [0x00007fda6de00000,0x00007fda6e47d090,0x00007fda6e550000)
  to   space 7936K, 0% used [0x00007fda6d5d0000,0x00007fda6d5d0000,0x00007fda6dd90000)
 ParOldGen       total 2097152K, used 485494K [0x00007fd9ae550000, 0x00007fda2e550000, 0x00007fda2e550000)
  object space 2097152K, 23% used [0x00007fd9ae550000,0x00007fd9cbf6dbc0,0x00007fda2e550000)
 PSPermGen       total 254272K, used 139248K [0x00007fd99e550000, 0x00007fd9adda0000, 0x00007fd9ae550000)
  object space 254272K, 54% used [0x00007fd99e550000,0x00007fd9a6d4c370,0x00007fd9adda0000)
11919,914: [GC [PSYoungGen: 1039348K->6426K(1039168K)] 1524843K->496448K(3136320K), 0,0163170 secs] [Times: user=0,05 sys=0,00, real=0,02 secs] 
Heap after GC invocations=225 (full 4):
 PSYoungGen      total 1039168K, used 6426K [0x00007fda2e550000, 0x00007fda6e550000, 0x00007fda6e550000)
  eden space 1032704K, 0% used [0x00007fda2e550000,0x00007fda2e550000,0x00007fda6d5d0000)
  from space 6464K, 99% used [0x00007fda6d5d0000,0x00007fda6dc16b98,0x00007fda6dc20000)
  to   space 8192K, 0% used [0x00007fda6dd50000,0x00007fda6dd50000,0x00007fda6e550000)
 ParOldGen       total 2097152K, used 490021K [0x00007fd9ae550000, 0x00007fda2e550000, 0x00007fda2e550000)
  object space 2097152K, 23% used [0x00007fd9ae550000,0x00007fd9cc3d97f8,0x00007fda2e550000)
 PSPermGen       total 254272K, used 139248K [0x00007fd99e550000, 0x00007fd9adda0000, 0x00007fd9ae550000)
  object space 254272K, 54% used [0x00007fd99e550000,0x00007fd9a6d4c370,0x00007fd9adda0000)
}
{Heap before GC invocations=226 (full 4):
 PSYoungGen      total 1039168K, used 1039130K [0x00007fda2e550000, 0x00007fda6e550000, 0x00007fda6e550000)
  eden space 1032704K, 100% used [0x00007fda2e550000,0x00007fda6d5d0000,0x00007fda6d5d0000)
  from space 6464K, 99% used [0x00007fda6d5d0000,0x00007fda6dc16b98,0x00007fda6dc20000)
  to   space 8192K, 0% used [0x00007fda6dd50000,0x00007fda6dd50000,0x00007fda6e550000)
 ParOldGen       total 2097152K, used 490021K [0x00007fd9ae550000, 0x00007fda2e550000, 0x00007fda2e550000)
  object space 2097152K, 23% used [0x00007fd9ae550000,0x00007fd9cc3d97f8,0x00007fda2e550000)
 PSPermGen       total 254272K, used 139250K [0x00007fd99e550000, 0x00007fd9adda0000, 0x00007fd9ae550000)
  object space 254272K, 54% used [0x00007fd99e550000,0x00007fd9a6d4ca48,0x00007fd9adda0000)
11937,649: [GC [PSYoungGen: 1039130K->3712K(1040448K)] 1529152K->498511K(3137600K), 0,0188140 secs] [Times: user=0,06 sys=0,00, real=0,02 secs] 
Heap after GC invocations=226 (full 4):
 PSYoungGen      total 1040448K, used 3712K [0x00007fda2e550000, 0x00007fda6e550000, 0x00007fda6e550000)
  eden space 1032256K, 0% used [0x00007fda2e550000,0x00007fda2e550000,0x00007fda6d560000)
  from space 8192K, 45% used [0x00007fda6dd50000,0x00007fda6e0f0000,0x00007fda6e550000)
  to   space 8128K, 0% used [0x00007fda6d560000,0x00007fda6d560000,0x00007fda6dd50000)
 ParOldGen       total 2097152K, used 494799K [0x00007fd9ae550000, 0x00007fda2e550000, 0x00007fda2e550000)
  object space 2097152K, 23% used [0x00007fd9ae550000,0x00007fd9cc883dd0,0x00007fda2e550000)
 PSPermGen       total 254272K, used 139250K [0x00007fd99e550000, 0x00007fd9adda0000, 0x00007fd9ae550000)
  object space 254272K, 54% used [0x00007fd99e550000,0x00007fd9a6d4ca48,0x00007fd9adda0000)
}
{Heap before GC invocations=227 (full 4):
 PSYoungGen      total 1040448K, used 1035968K [0x00007fda2e550000, 0x00007fda6e550000, 0x00007fda6e550000)
  eden space 1032256K, 100% used [0x00007fda2e550000,0x00007fda6d560000,0x00007fda6d560000)
  from space 8192K, 45% used [0x00007fda6dd50000,0x00007fda6e0f0000,0x00007fda6e550000)
  to   space 8128K, 0% used [0x00007fda6d560000,0x00007fda6d560000,0x00007fda6dd50000)
 ParOldGen       total 2097152K, used 494799K [0x00007fd9ae550000, 0x00007fda2e550000, 0x00007fda2e550000)
  object space 2097152K, 23% used [0x00007fd9ae550000,0x00007fd9cc883dd0,0x00007fda2e550000)
 PSPermGen       total 254272K, used 139255K [0x00007fd99e550000, 0x00007fd9adda0000, 0x00007fd9ae550000)
  object space 254272K, 54% used [0x00007fd99e550000,0x00007fd9a6d4dd28,0x00007fd9adda0000)
11951,811: [GC [PSYoungGen: 1035968K->6192K(1038464K)] 1530767K->503690K(3135616K), 0,0183720 secs] [Times: user=0,06 sys=0,00, real=0,02 secs] 
Heap after GC invocations=227 (full 4):
 PSYoungGen      total 1038464K, used 6192K [0x00007fda2e550000, 0x00007fda6e550000, 0x00007fda6e550000)
  eden space 1032256K, 0% used [0x00007fda2e550000,0x00007fda2e550000,0x00007fda6d560000)
  from space 6208K, 99% used [0x00007fda6d560000,0x00007fda6db6c018,0x00007fda6db70000)
  to   space 8256K, 0% used [0x00007fda6dd40000,0x00007fda6dd40000,0x00007fda6e550000)
 ParOldGen       total 2097152K, used 497498K [0x00007fd9ae550000, 0x00007fda2e550000, 0x00007fda2e550000)
  object space 2097152K, 23% used [0x00007fd9ae550000,0x00007fd9ccb269a8,0x00007fda2e550000)
 PSPermGen       total 254272K, used 139255K [0x00007fd99e550000, 0x00007fd9adda0000, 0x00007fd9ae550000)
  object space 254272K, 54% used [0x00007fd99e550000,0x00007fd9a6d4dd28,0x00007fd9adda0000)
}
{Heap before GC invocations=228 (full 4):
 PSYoungGen      total 1038464K, used 1038448K [0x00007fda2e550000, 0x00007fda6e550000, 0x00007fda6e550000)
  eden space 1032256K, 100% used [0x00007fda2e550000,0x00007fda6d560000,0x00007fda6d560000)
  from space 6208K, 99% used [0x00007fda6d560000,0x00007fda6db6c018,0x00007fda6db70000)
  to   space 8256K, 0% used [0x00007fda6dd40000,0x00007fda6dd40000,0x00007fda6e550000)
 ParOldGen       total 2097152K, used 497498K [0x00007fd9ae550000, 0x00007fda2e550000, 0x00007fda2e550000)
  object space 2097152K, 23% used [0x00007fd9ae550000,0x00007fd9ccb269a8,0x00007fda2e550000)
 PSPermGen       total 254272K, used 139260K [0x00007fd99e550000, 0x00007fd9adda0000, 0x00007fd9ae550000)
  object space 254272K, 54% used [0x00007fd99e550000,0x00007fd9a6d4f078,0x00007fd9adda0000)
11968,830: [GC [PSYoungGen: 1038448K->8254K(1034048K)] 1535946K->511889K(3131200K), 0,0191390 secs] [Times: user=0,07 sys=0,00, real=0,02 secs] 
Heap after GC invocations=228 (full 4):
 PSYoungGen      total 1034048K, used 8254K [0x00007fda2e550000, 0x00007fda6e550000, 0x00007fda6e550000)
  eden space 1025792K, 0% used [0x00007fda2e550000,0x00007fda2e550000,0x00007fda6cf10000)
  from space 8256K, 99% used [0x00007fda6dd40000,0x00007fda6e54fa18,0x00007fda6e550000)
  to   space 11392K, 0% used [0x00007fda6cf10000,0x00007fda6cf10000,0x00007fda6da30000)
 ParOldGen       total 2097152K, used 503635K [0x00007fd9ae550000, 0x00007fda2e550000, 0x00007fda2e550000)
  object space 2097152K, 24% used [0x00007fd9ae550000,0x00007fd9cd124c10,0x00007fda2e550000)
 PSPermGen       total 254272K, used 139260K [0x00007fd99e550000, 0x00007fd9adda0000, 0x00007fd9ae550000)
  object space 254272K, 54% used [0x00007fd99e550000,0x00007fd9a6d4f078,0x00007fd9adda0000)
}
{Heap before GC invocations=229 (full 4):
 PSYoungGen      total 1034048K, used 1034046K [0x00007fda2e550000, 0x00007fda6e550000, 0x00007fda6e550000)
  eden space 1025792K, 100% used [0x00007fda2e550000,0x00007fda6cf10000,0x00007fda6cf10000)
  from space 8256K, 99% used [0x00007fda6dd40000,0x00007fda6e54fa18,0x00007fda6e550000)
  to   space 11392K, 0% used [0x00007fda6cf10000,0x00007fda6cf10000,0x00007fda6da30000)
 ParOldGen       total 2097152K, used 503635K [0x00007fd9ae550000, 0x00007fda2e550000, 0x00007fda2e550000)
  object space 2097152K, 24% used [0x00007fd9ae550000,0x00007fd9cd124c10,0x00007fda2e550000)
 PSPermGen       total 254272K, used 139266K [0x00007fd99e550000, 0x00007fd9adda0000, 0x00007fd9ae550000)
  object space 254272K, 54% used [0x00007fd99e550000,0x00007fd9a6d50810,0x00007fd9adda0000)
11983,517: [GC [PSYoungGen: 1034046K->5488K(1037184K)] 1537681K->516126K(3134336K), 0,0174080 secs] [Times: user=0,07 sys=0,00, real=0,02 secs] 
Heap after GC invocations=229 (full 4):
 PSYoungGen      total 1037184K, used 5488K [0x00007fda2e550000, 0x00007fda6e550000, 0x00007fda6e550000)
  eden space 1025792K, 0% used [0x00007fda2e550000,0x00007fda2e550000,0x00007fda6cf10000)
  from space 11392K, 48% used [0x00007fda6cf10000,0x00007fda6d46c0f8,0x00007fda6da30000)
  to   space 10944K, 0% used [0x00007fda6daa0000,0x00007fda6daa0000,0x00007fda6e550000)
 ParOldGen       total 2097152K, used 510637K [0x00007fd9ae550000, 0x00007fda2e550000, 0x00007fda2e550000)
  object space 2097152K, 24% used [0x00007fd9ae550000,0x00007fd9cd7fb738,0x00007fda2e550000)
 PSPermGen       total 254272K, used 139266K [0x00007fd99e550000, 0x00007fd9adda0000, 0x00007fd9ae550000)
  object space 254272K, 54% used [0x00007fd99e550000,0x00007fd9a6d50810,0x00007fd9adda0000)
}
{Heap before GC invocations=230 (full 4):
 PSYoungGen      total 1037184K, used 1031280K [0x00007fda2e550000, 0x00007fda6e550000, 0x00007fda6e550000)
  eden space 1025792K, 100% used [0x00007fda2e550000,0x00007fda6cf10000,0x00007fda6cf10000)
  from space 11392K, 48% used [0x00007fda6cf10000,0x00007fda6d46c0f8,0x00007fda6da30000)
  to   space 10944K, 0% used [0x00007fda6daa0000,0x00007fda6daa0000,0x00007fda6e550000)
 ParOldGen       total 2097152K, used 510637K [0x00007fd9ae550000, 0x00007fda2e550000, 0x00007fda2e550000)
  object space 2097152K, 24% used [0x00007fd9ae550000,0x00007fd9cd7fb738,0x00007fda2e550000)
 PSPermGen       total 254272K, used 139268K [0x00007fd99e550000, 0x00007fd9adda0000, 0x00007fd9ae550000)
  object space 254272K, 54% used [0x00007fd99e550000,0x00007fd9a6d51118,0x00007fd9adda0000)
11992,729: [GC [PSYoungGen: 1031280K->4144K(1037824K)] 1541918K->518343K(3134976K), 0,0125950 secs] [Times: user=0,05 sys=0,00, real=0,01 secs] 
Heap after GC invocations=230 (full 4):
 PSYoungGen      total 1037824K, used 4144K [0x00007fda2e550000, 0x00007fda6e550000, 0x00007fda6e550000)
  eden space 1026880K, 0% used [0x00007fda2e550000,0x00007fda2e550000,0x00007fda6d020000)
  from space 10944K, 37% used [0x00007fda6daa0000,0x00007fda6deac0f8,0x00007fda6e550000)
  to   space 10752K, 0% used [0x00007fda6d020000,0x00007fda6d020000,0x00007fda6daa0000)
 ParOldGen       total 2097152K, used 514199K [0x00007fd9ae550000, 0x00007fda2e550000, 0x00007fda2e550000)
  object space 2097152K, 24% used [0x00007fd9ae550000,0x00007fd9cdb75de0,0x00007fda2e550000)
 PSPermGen       total 254272K, used 139268K [0x00007fd99e550000, 0x00007fd9adda0000, 0x00007fd9ae550000)
  object space 254272K, 54% used [0x00007fd99e550000,0x00007fd9a6d51118,0x00007fd9adda0000)
}
{Heap before GC invocations=231 (full 4):
 PSYoungGen      total 1037824K, used 1031024K [0x00007fda2e550000, 0x00007fda6e550000, 0x00007fda6e550000)
  eden space 1026880K, 100% used [0x00007fda2e550000,0x00007fda6d020000,0x00007fda6d020000)
  from space 10944K, 37% used [0x00007fda6daa0000,0x00007fda6deac0f8,0x00007fda6e550000)
  to   space 10752K, 0% used [0x00007fda6d020000,0x00007fda6d020000,0x00007fda6daa0000)
 ParOldGen       total 2097152K, used 514199K [0x00007fd9ae550000, 0x00007fda2e550000, 0x00007fda2e550000)
  object space 2097152K, 24% used [0x00007fd9ae550000,0x00007fd9cdb75de0,0x00007fda2e550000)
 PSPermGen       total 254272K, used 139268K [0x00007fd99e550000, 0x00007fd9adda0000, 0x00007fd9ae550000)
  object space 254272K, 54% used [0x00007fd99e550000,0x00007fd9a6d512c0,0x00007fd9adda0000)
12002,296: [GC [PSYoungGen: 1031024K->6103K(1037632K)] 1545223K->522222K(3134784K), 0,0134930 secs] [Times: user=0,05 sys=0,00, real=0,01 secs] 
Heap after GC invocations=231 (full 4):
 PSYoungGen      total 1037632K, used 6103K [0x00007fda2e550000, 0x00007fda6e550000, 0x00007fda6e550000)
  eden space 1026880K, 0% used [0x00007fda2e550000,0x00007fda2e550000,0x00007fda6d020000)
  from space 10752K, 56% used [0x00007fda6d020000,0x00007fda6d615f68,0x00007fda6daa0000)
  to   space 10368K, 0% used [0x00007fda6db30000,0x00007fda6db30000,0x00007fda6e550000)
 ParOldGen       total 2097152K, used 516118K [0x00007fd9ae550000, 0x00007fda2e550000, 0x00007fda2e550000)
  object space 2097152K, 24% used [0x00007fd9ae550000,0x00007fd9cdd55ad8,0x00007fda2e550000)
 PSPermGen       total 254272K, used 139268K [0x00007fd99e550000, 0x00007fd9adda0000, 0x00007fd9ae550000)
  object space 254272K, 54% used [0x00007fd99e550000,0x00007fd9a6d512c0,0x00007fd9adda0000)
}
{Heap before GC invocations=232 (full 4):
 PSYoungGen      total 1037632K, used 1032983K [0x00007fda2e550000, 0x00007fda6e550000, 0x00007fda6e550000)
  eden space 1026880K, 100% used [0x00007fda2e550000,0x00007fda6d020000,0x00007fda6d020000)
  from space 10752K, 56% used [0x00007fda6d020000,0x00007fda6d615f68,0x00007fda6daa0000)
  to   space 10368K, 0% used [0x00007fda6db30000,0x00007fda6db30000,0x00007fda6e550000)
 ParOldGen       total 2097152K, used 516118K [0x00007fd9ae550000, 0x00007fda2e550000, 0x00007fda2e550000)
  object space 2097152K, 24% used [0x00007fd9ae550000,0x00007fd9cdd55ad8,0x00007fda2e550000)
 PSPermGen       total 254272K, used 139277K [0x00007fd99e550000, 0x00007fd9adda0000, 0x00007fd9ae550000)
  object space 254272K, 54% used [0x00007fd99e550000,0x00007fd9a6d535e8,0x00007fd9adda0000)
12019,070: [GC [PSYoungGen: 1032983K->7183K(1038080K)] 1549102K->528202K(3135232K), 0,0185020 secs] [Times: user=0,07 sys=0,00, real=0,02 secs] 
Heap after GC invocations=232 (full 4):
 PSYoungGen      total 1038080K, used 7183K [0x00007fda2e550000, 0x00007fda6e550000, 0x00007fda6e550000)
  eden space 1027712K, 0% used [0x00007fda2e550000,0x00007fda2e550000,0x00007fda6d0f0000)
  from space 10368K, 69% used [0x00007fda6db30000,0x00007fda6e233e18,0x00007fda6e550000)
  to   space 10432K, 0% used [0x00007fda6d0f0000,0x00007fda6d0f0000,0x00007fda6db20000)
 ParOldGen       total 2097152K, used 521019K [0x00007fd9ae550000, 0x00007fda2e550000, 0x00007fda2e550000)
  object space 2097152K, 24% used [0x00007fd9ae550000,0x00007fd9ce21ecd0,0x00007fda2e550000)
 PSPermGen       total 254272K, used 139277K [0x00007fd99e550000, 0x00007fd9adda0000, 0x00007fd9ae550000)
  object space 254272K, 54% used [0x00007fd99e550000,0x00007fd9a6d535e8,0x00007fd9adda0000)
}
{Heap before GC invocations=233 (full 4):
 PSYoungGen      total 1038080K, used 1034895K [0x00007fda2e550000, 0x00007fda6e550000, 0x00007fda6e550000)
  eden space 1027712K, 100% used [0x00007fda2e550000,0x00007fda6d0f0000,0x00007fda6d0f0000)
  from space 10368K, 69% used [0x00007fda6db30000,0x00007fda6e233e18,0x00007fda6e550000)
  to   space 10432K, 0% used [0x00007fda6d0f0000,0x00007fda6d0f0000,0x00007fda6db20000)
 ParOldGen       total 2097152K, used 521019K [0x00007fd9ae550000, 0x00007fda2e550000, 0x00007fda2e550000)
  object space 2097152K, 24% used [0x00007fd9ae550000,0x00007fd9ce21ecd0,0x00007fda2e550000)
 PSPermGen       total 254272K, used 139278K [0x00007fd99e550000, 0x00007fd9adda0000, 0x00007fd9ae550000)
  object space 254272K, 54% used [0x00007fd99e550000,0x00007fd9a6d53930,0x00007fd9adda0000)
12030,451: [GC [PSYoungGen: 1034895K->5299K(1038144K)] 1555914K->532032K(3135296K), 0,0129100 secs] [Times: user=0,04 sys=0,00, real=0,01 secs] 
Heap after GC invocations=233 (full 4):
 PSYoungGen      total 1038144K, used 5299K [0x00007fda2e550000, 0x00007fda6e550000, 0x00007fda6e550000)
  eden space 1027712K, 0% used [0x00007fda2e550000,0x00007fda2e550000,0x00007fda6d0f0000)
  from space 10432K, 50% used [0x00007fda6d0f0000,0x00007fda6d61cf50,0x00007fda6db20000)
  to   space 10112K, 0% used [0x00007fda6db70000,0x00007fda6db70000,0x00007fda6e550000)
 ParOldGen       total 2097152K, used 526732K [0x00007fd9ae550000, 0x00007fda2e550000, 0x00007fda2e550000)
  object space 2097152K, 25% used [0x00007fd9ae550000,0x00007fd9ce7b33d8,0x00007fda2e550000)
 PSPermGen       total 254272K, used 139278K [0x00007fd99e550000, 0x00007fd9adda0000, 0x00007fd9ae550000)
  object space 254272K, 54% used [0x00007fd99e550000,0x00007fd9a6d53930,0x00007fd9adda0000)
}
{Heap before GC invocations=234 (full 4):
 PSYoungGen      total 1038144K, used 1033011K [0x00007fda2e550000, 0x00007fda6e550000, 0x00007fda6e550000)
  eden space 1027712K, 100% used [0x00007fda2e550000,0x00007fda6d0f0000,0x00007fda6d0f0000)
  from space 10432K, 50% used [0x00007fda6d0f0000,0x00007fda6d61cf50,0x00007fda6db20000)
  to   space 10112K, 0% used [0x00007fda6db70000,0x00007fda6db70000,0x00007fda6e550000)
 ParOldGen       total 2097152K, used 526732K [0x00007fd9ae550000, 0x00007fda2e550000, 0x00007fda2e550000)
  object space 2097152K, 25% used [0x00007fd9ae550000,0x00007fd9ce7b33d8,0x00007fda2e550000)
 PSPermGen       total 254272K, used 139279K [0x00007fd99e550000, 0x00007fd9adda0000, 0x00007fd9ae550000)
  object space 254272K, 54% used [0x00007fd99e550000,0x00007fd9a6d53f50,0x00007fd9adda0000)
12042,533: [GC [PSYoungGen: 1033011K->7840K(1037824K)] 1559744K->538564K(3134976K), 0,0150970 secs] [Times: user=0,05 sys=0,00, real=0,01 secs] 
Heap after GC invocations=234 (full 4):
 PSYoungGen      total 1037824K, used 7840K [0x00007fda2e550000, 0x00007fda6e550000, 0x00007fda6e550000)
  eden space 1027712K, 0% used [0x00007fda2e550000,0x00007fda2e550000,0x00007fda6d0f0000)
  from space 10112K, 77% used [0x00007fda6db70000,0x00007fda6e318090,0x00007fda6e550000)
  to   space 10432K, 0% used [0x00007fda6d0f0000,0x00007fda6d0f0000,0x00007fda6db20000)
 ParOldGen       total 2097152K, used 530724K [0x00007fd9ae550000, 0x00007fda2e550000, 0x00007fda2e550000)
  object space 2097152K, 25% used [0x00007fd9ae550000,0x00007fd9ceb990b0,0x00007fda2e550000)
 PSPermGen       total 254272K, used 139279K [0x00007fd99e550000, 0x00007fd9adda0000, 0x00007fd9ae550000)
  object space 254272K, 54% used [0x00007fd99e550000,0x00007fd9a6d53f50,0x00007fd9adda0000)
}
{Heap before GC invocations=235 (full 4):
 PSYoungGen      total 1037824K, used 1035552K [0x00007fda2e550000, 0x00007fda6e550000, 0x00007fda6e550000)
  eden space 1027712K, 100% used [0x00007fda2e550000,0x00007fda6d0f0000,0x00007fda6d0f0000)
  from space 10112K, 77% used [0x00007fda6db70000,0x00007fda6e318090,0x00007fda6e550000)
  to   space 10432K, 0% used [0x00007fda6d0f0000,0x00007fda6d0f0000,0x00007fda6db20000)
 ParOldGen       total 2097152K, used 530724K [0x00007fd9ae550000, 0x00007fda2e550000, 0x00007fda2e550000)
  object space 2097152K, 25% used [0x00007fd9ae550000,0x00007fd9ceb990b0,0x00007fda2e550000)
 PSPermGen       total 254272K, used 139281K [0x00007fd99e550000, 0x00007fd9adda0000, 0x00007fd9ae550000)
  object space 254272K, 54% used [0x00007fd99e550000,0x00007fd9a6d546f0,0x00007fd9adda0000)
12059,537: [GC [PSYoungGen: 1035552K->6256K(1038144K)] 1566276K->543616K(3135296K), 0,0181920 secs] [Times: user=0,07 sys=0,00, real=0,02 secs] 
Heap after GC invocations=235 (full 4):
 PSYoungGen      total 1038144K, used 6256K [0x00007fda2e550000, 0x00007fda6e550000, 0x00007fda6e550000)
  eden space 1027712K, 0% used [0x00007fda2e550000,0x00007fda2e550000,0x00007fda6d0f0000)
  from space 10432K, 59% used [0x00007fda6d0f0000,0x00007fda6d70c300,0x00007fda6db20000)
  to   space 10048K, 0% used [0x00007fda6db80000,0x00007fda6db80000,0x00007fda6e550000)
 ParOldGen       total 2097152K, used 537359K [0x00007fd9ae550000, 0x00007fda2e550000, 0x00007fda2e550000)
  object space 2097152K, 25% used [0x00007fd9ae550000,0x00007fd9cf213f78,0x00007fda2e550000)
 PSPermGen       total 254272K, used 139281K [0x00007fd99e550000, 0x00007fd9adda0000, 0x00007fd9ae550000)
  object space 254272K, 54% used [0x00007fd99e550000,0x00007fd9a6d546f0,0x00007fd9adda0000)
}
{Heap before GC invocations=236 (full 4):
 PSYoungGen      total 1038144K, used 1033968K [0x00007fda2e550000, 0x00007fda6e550000, 0x00007fda6e550000)
  eden space 1027712K, 100% used [0x00007fda2e550000,0x00007fda6d0f0000,0x00007fda6d0f0000)
  from space 10432K, 59% used [0x00007fda6d0f0000,0x00007fda6d70c300,0x00007fda6db20000)
  to   space 10048K, 0% used [0x00007fda6db80000,0x00007fda6db80000,0x00007fda6e550000)
 ParOldGen       total 2097152K, used 537359K [0x00007fd9ae550000, 0x00007fda2e550000, 0x00007fda2e550000)
  object space 2097152K, 25% used [0x00007fd9ae550000,0x00007fd9cf213f78,0x00007fda2e550000)
 PSPermGen       total 254272K, used 139307K [0x00007fd99e550000, 0x00007fd9adda0000, 0x00007fd9ae550000)
  object space 254272K, 54% used [0x00007fd99e550000,0x00007fd9a6d5ae60,0x00007fd9adda0000)
12076,213: [GC [PSYoungGen: 1033968K->5935K(1038912K)] 1571328K->547789K(3136064K), 0,0176700 secs] [Times: user=0,06 sys=0,00, real=0,02 secs] 
Heap after GC invocations=236 (full 4):
 PSYoungGen      total 1038912K, used 5935K [0x00007fda2e550000, 0x00007fda6e550000, 0x00007fda6e550000)
  eden space 1028864K, 0% used [0x00007fda2e550000,0x00007fda2e550000,0x00007fda6d210000)
  from space 10048K, 59% used [0x00007fda6db80000,0x00007fda6e14bc88,0x00007fda6e550000)
  to   space 9664K, 0% used [0x00007fda6d210000,0x00007fda6d210000,0x00007fda6db80000)
 ParOldGen       total 2097152K, used 541854K [0x00007fd9ae550000, 0x00007fda2e550000, 0x00007fda2e550000)
  object space 2097152K, 25% used [0x00007fd9ae550000,0x00007fd9cf677990,0x00007fda2e550000)
 PSPermGen       total 254272K, used 139307K [0x00007fd99e550000, 0x00007fd9adda0000, 0x00007fd9ae550000)
  object space 254272K, 54% used [0x00007fd99e550000,0x00007fd9a6d5ae60,0x00007fd9adda0000)
}
{Heap before GC invocations=237 (full 4):
 PSYoungGen      total 1038912K, used 1034799K [0x00007fda2e550000, 0x00007fda6e550000, 0x00007fda6e550000)
  eden space 1028864K, 100% used [0x00007fda2e550000,0x00007fda6d210000,0x00007fda6d210000)
  from space 10048K, 59% used [0x00007fda6db80000,0x00007fda6e14bc88,0x00007fda6e550000)
  to   space 9664K, 0% used [0x00007fda6d210000,0x00007fda6d210000,0x00007fda6db80000)
 ParOldGen       total 2097152K, used 541854K [0x00007fd9ae550000, 0x00007fda2e550000, 0x00007fda2e550000)
  object space 2097152K, 25% used [0x00007fd9ae550000,0x00007fd9cf677990,0x00007fda2e550000)
 PSPermGen       total 254272K, used 139313K [0x00007fd99e550000, 0x00007fd9adda0000, 0x00007fd9ae550000)
  object space 254272K, 54% used [0x00007fd99e550000,0x00007fd9a6d5c568,0x00007fd9adda0000)
12092,587: [GC [PSYoungGen: 1034799K->5374K(1038528K)] 1576653K->550460K(3135680K), 0,0143100 secs] [Times: user=0,06 sys=0,00, real=0,02 secs] 
Heap after GC invocations=237 (full 4):
 PSYoungGen      total 1038528K, used 5374K [0x00007fda2e550000, 0x00007fda6e550000, 0x00007fda6e550000)
  eden space 1028864K, 0% used [0x00007fda2e550000,0x00007fda2e550000,0x00007fda6d210000)
  from space 9664K, 55% used [0x00007fda6d210000,0x00007fda6d74f8e0,0x00007fda6db80000)
  to   space 9472K, 0% used [0x00007fda6dc10000,0x00007fda6dc10000,0x00007fda6e550000)
 ParOldGen       total 2097152K, used 545086K [0x00007fd9ae550000, 0x00007fda2e550000, 0x00007fda2e550000)
  object space 2097152K, 25% used [0x00007fd9ae550000,0x00007fd9cf99f9d0,0x00007fda2e550000)
 PSPermGen       total 254272K, used 139313K [0x00007fd99e550000, 0x00007fd9adda0000, 0x00007fd9ae550000)
  object space 254272K, 54% used [0x00007fd99e550000,0x00007fd9a6d5c568,0x00007fd9adda0000)
}
{Heap before GC invocations=238 (full 4):
 PSYoungGen      total 1038528K, used 1034238K [0x00007fda2e550000, 0x00007fda6e550000, 0x00007fda6e550000)
  eden space 1028864K, 100% used [0x00007fda2e550000,0x00007fda6d210000,0x00007fda6d210000)
  from space 9664K, 55% used [0x00007fda6d210000,0x00007fda6d74f8e0,0x00007fda6db80000)
  to   space 9472K, 0% used [0x00007fda6dc10000,0x00007fda6dc10000,0x00007fda6e550000)
 ParOldGen       total 2097152K, used 545086K [0x00007fd9ae550000, 0x00007fda2e550000, 0x00007fda2e550000)
  object space 2097152K, 25% used [0x00007fd9ae550000,0x00007fd9cf99f9d0,0x00007fda2e550000)
 PSPermGen       total 254272K, used 139343K [0x00007fd99e550000, 0x00007fd9adda0000, 0x00007fd9ae550000)
  object space 254272K, 54% used [0x00007fd99e550000,0x00007fd9a6d63c18,0x00007fd9adda0000)
12110,476: [GC [PSYoungGen: 1034238K->8827K(1037696K)] 1579324K->557745K(3134848K), 0,0113500 secs] [Times: user=0,05 sys=0,00, real=0,02 secs] 
Heap after GC invocations=238 (full 4):
 PSYoungGen      total 1037696K, used 8827K [0x00007fda2e550000, 0x00007fda6e550000, 0x00007fda6e550000)
  eden space 1028224K, 0% used [0x00007fda2e550000,0x00007fda2e550000,0x00007fda6d170000)
  from space 9472K, 93% used [0x00007fda6dc10000,0x00007fda6e4aeea8,0x00007fda6e550000)
  to   space 10176K, 0% used [0x00007fda6d170000,0x00007fda6d170000,0x00007fda6db60000)
 ParOldGen       total 2097152K, used 548917K [0x00007fd9ae550000, 0x00007fda2e550000, 0x00007fda2e550000)
  object space 2097152K, 26% used [0x00007fd9ae550000,0x00007fd9cfd5d5b8,0x00007fda2e550000)
 PSPermGen       total 254272K, used 139343K [0x00007fd99e550000, 0x00007fd9adda0000, 0x00007fd9ae550000)
  object space 254272K, 54% used [0x00007fd99e550000,0x00007fd9a6d63c18,0x00007fd9adda0000)
}
{Heap before GC invocations=239 (full 4):
 PSYoungGen      total 1037696K, used 1037051K [0x00007fda2e550000, 0x00007fda6e550000, 0x00007fda6e550000)
  eden space 1028224K, 100% used [0x00007fda2e550000,0x00007fda6d170000,0x00007fda6d170000)
  from space 9472K, 93% used [0x00007fda6dc10000,0x00007fda6e4aeea8,0x00007fda6e550000)
  to   space 10176K, 0% used [0x00007fda6d170000,0x00007fda6d170000,0x00007fda6db60000)
 ParOldGen       total 2097152K, used 548917K [0x00007fd9ae550000, 0x00007fda2e550000, 0x00007fda2e550000)
  object space 2097152K, 26% used [0x00007fd9ae550000,0x00007fd9cfd5d5b8,0x00007fda2e550000)
 PSPermGen       total 254272K, used 139346K [0x00007fd99e550000, 0x00007fd9adda0000, 0x00007fd9ae550000)
  object space 254272K, 54% used [0x00007fd99e550000,0x00007fd9a6d64bd0,0x00007fd9adda0000)
12143,502: [GC [PSYoungGen: 1037051K->5955K(1038400K)] 1585969K->561599K(3135552K), 0,0172510 secs] [Times: user=0,06 sys=0,00, real=0,02 secs] 
Heap after GC invocations=239 (full 4):
 PSYoungGen      total 1038400K, used 5955K [0x00007fda2e550000, 0x00007fda6e550000, 0x00007fda6e550000)
  eden space 1028224K, 0% used [0x00007fda2e550000,0x00007fda2e550000,0x00007fda6d170000)
  from space 10176K, 58% used [0x00007fda6d170000,0x00007fda6d740f98,0x00007fda6db60000)
  to   space 9792K, 0% used [0x00007fda6dbc0000,0x00007fda6dbc0000,0x00007fda6e550000)
 ParOldGen       total 2097152K, used 555643K [0x00007fd9ae550000, 0x00007fda2e550000, 0x00007fda2e550000)
  object space 2097152K, 26% used [0x00007fd9ae550000,0x00007fd9d03eece0,0x00007fda2e550000)
 PSPermGen       total 254272K, used 139346K [0x00007fd99e550000, 0x00007fd9adda0000, 0x00007fd9ae550000)
  object space 254272K, 54% used [0x00007fd99e550000,0x00007fd9a6d64bd0,0x00007fd9adda0000)
}
{Heap before GC invocations=240 (full 4):
 PSYoungGen      total 1038400K, used 1034179K [0x00007fda2e550000, 0x00007fda6e550000, 0x00007fda6e550000)
  eden space 1028224K, 100% used [0x00007fda2e550000,0x00007fda6d170000,0x00007fda6d170000)
  from space 10176K, 58% used [0x00007fda6d170000,0x00007fda6d740f98,0x00007fda6db60000)
  to   space 9792K, 0% used [0x00007fda6dbc0000,0x00007fda6dbc0000,0x00007fda6e550000)
 ParOldGen       total 2097152K, used 555643K [0x00007fd9ae550000, 0x00007fda2e550000, 0x00007fda2e550000)
  object space 2097152K, 26% used [0x00007fd9ae550000,0x00007fd9d03eece0,0x00007fda2e550000)
 PSPermGen       total 254272K, used 139355K [0x00007fd99e550000, 0x00007fd9adda0000, 0x00007fd9ae550000)
  object space 254272K, 54% used [0x00007fd99e550000,0x00007fd9a6d66ef0,0x00007fd9adda0000)
12175,282: [GC [PSYoungGen: 1034179K->6304K(1039104K)] 1589823K->565960K(3136256K), 0,0161810 secs] [Times: user=0,06 sys=0,00, real=0,01 secs] 
Heap after GC invocations=240 (full 4):
 PSYoungGen      total 1039104K, used 6304K [0x00007fda2e550000, 0x00007fda6e550000, 0x00007fda6e550000)
  eden space 1029312K, 0% used [0x00007fda2e550000,0x00007fda2e550000,0x00007fda6d280000)
  from space 9792K, 64% used [0x00007fda6dbc0000,0x00007fda6e1e8000,0x00007fda6e550000)
  to   space 9472K, 0% used [0x00007fda6d280000,0x00007fda6d280000,0x00007fda6dbc0000)
 ParOldGen       total 2097152K, used 559656K [0x00007fd9ae550000, 0x00007fda2e550000, 0x00007fda2e550000)
  object space 2097152K, 26% used [0x00007fd9ae550000,0x00007fd9d07da1f8,0x00007fda2e550000)
 PSPermGen       total 254272K, used 139355K [0x00007fd99e550000, 0x00007fd9adda0000, 0x00007fd9ae550000)
  object space 254272K, 54% used [0x00007fd99e550000,0x00007fd9a6d66ef0,0x00007fd9adda0000)
}
{Heap before GC invocations=241 (full 4):
 PSYoungGen      total 1039104K, used 1035616K [0x00007fda2e550000, 0x00007fda6e550000, 0x00007fda6e550000)
  eden space 1029312K, 100% used [0x00007fda2e550000,0x00007fda6d280000,0x00007fda6d280000)
  from space 9792K, 64% used [0x00007fda6dbc0000,0x00007fda6e1e8000,0x00007fda6e550000)
  to   space 9472K, 0% used [0x00007fda6d280000,0x00007fda6d280000,0x00007fda6dbc0000)
 ParOldGen       total 2097152K, used 559656K [0x00007fd9ae550000, 0x00007fda2e550000, 0x00007fda2e550000)
  object space 2097152K, 26% used [0x00007fd9ae550000,0x00007fd9d07da1f8,0x00007fda2e550000)
 PSPermGen       total 254272K, used 139357K [0x00007fd99e550000, 0x00007fd9adda0000, 0x00007fd9ae550000)
  object space 254272K, 54% used [0x00007fd99e550000,0x00007fd9a6d67428,0x00007fd9adda0000)
12204,578: [GC [PSYoungGen: 1035616K->9447K(1038784K)] 1595272K->573284K(3135936K), 0,0180130 secs] [Times: user=0,07 sys=0,00, real=0,02 secs] 
Heap after GC invocations=241 (full 4):
 PSYoungGen      total 1038784K, used 9447K [0x00007fda2e550000, 0x00007fda6e550000, 0x00007fda6e550000)
  eden space 1029312K, 0% used [0x00007fda2e550000,0x00007fda2e550000,0x00007fda6d280000)
  from space 9472K, 99% used [0x00007fda6d280000,0x00007fda6dbb9fc0,0x00007fda6dbc0000)
  to   space 9792K, 0% used [0x00007fda6dbc0000,0x00007fda6dbc0000,0x00007fda6e550000)
 ParOldGen       total 2097152K, used 563836K [0x00007fd9ae550000, 0x00007fda2e550000, 0x00007fda2e550000)
  object space 2097152K, 26% used [0x00007fd9ae550000,0x00007fd9d0bef188,0x00007fda2e550000)
 PSPermGen       total 254272K, used 139357K [0x00007fd99e550000, 0x00007fd9adda0000, 0x00007fd9ae550000)
  object space 254272K, 54% used [0x00007fd99e550000,0x00007fd9a6d67428,0x00007fd9adda0000)
}
{Heap before GC invocations=242 (full 4):
 PSYoungGen      total 1038784K, used 1038759K [0x00007fda2e550000, 0x00007fda6e550000, 0x00007fda6e550000)
  eden space 1029312K, 100% used [0x00007fda2e550000,0x00007fda6d280000,0x00007fda6d280000)
  from space 9472K, 99% used [0x00007fda6d280000,0x00007fda6dbb9fc0,0x00007fda6dbc0000)
  to   space 9792K, 0% used [0x00007fda6dbc0000,0x00007fda6dbc0000,0x00007fda6e550000)
 ParOldGen       total 2097152K, used 563836K [0x00007fd9ae550000, 0x00007fda2e550000, 0x00007fda2e550000)
  object space 2097152K, 26% used [0x00007fd9ae550000,0x00007fd9d0bef188,0x00007fda2e550000)
 PSPermGen       total 254272K, used 139459K [0x00007fd99e550000, 0x00007fd9adda0000, 0x00007fd9ae550000)
  object space 254272K, 54% used [0x00007fd99e550000,0x00007fd9a6d80c98,0x00007fd9adda0000)
12256,843: [GC [PSYoungGen: 1038759K->8820K(1036736K)] 1602596K->579950K(3133888K), 0,0225250 secs] [Times: user=0,08 sys=0,00, real=0,03 secs] 
Heap after GC invocations=242 (full 4):
 PSYoungGen      total 1036736K, used 8820K [0x00007fda2e550000, 0x00007fda6e550000, 0x00007fda6e550000)
  eden space 1026944K, 0% used [0x00007fda2e550000,0x00007fda2e550000,0x00007fda6d030000)
  from space 9792K, 90% used [0x00007fda6dbc0000,0x00007fda6e45d0a0,0x00007fda6e550000)
  to   space 10816K, 0% used [0x00007fda6d030000,0x00007fda6d030000,0x00007fda6dac0000)
 ParOldGen       total 2097152K, used 571129K [0x00007fd9ae550000, 0x00007fda2e550000, 0x00007fda2e550000)
  object space 2097152K, 27% used [0x00007fd9ae550000,0x00007fd9d130e7e0,0x00007fda2e550000)
 PSPermGen       total 254272K, used 139459K [0x00007fd99e550000, 0x00007fd9adda0000, 0x00007fd9ae550000)
  object space 254272K, 54% used [0x00007fd99e550000,0x00007fd9a6d80c98,0x00007fd9adda0000)
}
{Heap before GC invocations=243 (full 4):
 PSYoungGen      total 1036736K, used 1035764K [0x00007fda2e550000, 0x00007fda6e550000, 0x00007fda6e550000)
  eden space 1026944K, 100% used [0x00007fda2e550000,0x00007fda6d030000,0x00007fda6d030000)
  from space 9792K, 90% used [0x00007fda6dbc0000,0x00007fda6e45d0a0,0x00007fda6e550000)
  to   space 10816K, 0% used [0x00007fda6d030000,0x00007fda6d030000,0x00007fda6dac0000)
 ParOldGen       total 2097152K, used 571129K [0x00007fd9ae550000, 0x00007fda2e550000, 0x00007fda2e550000)
  object space 2097152K, 27% used [0x00007fd9ae550000,0x00007fd9d130e7e0,0x00007fda2e550000)
 PSPermGen       total 254272K, used 139653K [0x00007fd99e550000, 0x00007fd9adda0000, 0x00007fd9ae550000)
  object space 254272K, 54% used [0x00007fd99e550000,0x00007fd9a6db1478,0x00007fd9adda0000)
12293,714: [GC [PSYoungGen: 1035764K->8761K(1035712K)] 1606894K->586530K(3132864K), 0,0227290 secs] [Times: user=0,08 sys=0,00, real=0,02 secs] 
Heap after GC invocations=243 (full 4):
 PSYoungGen      total 1035712K, used 8761K [0x00007fda2e550000, 0x00007fda6e550000, 0x00007fda6e550000)
  eden space 1026944K, 0% used [0x00007fda2e550000,0x00007fda2e550000,0x00007fda6d030000)
  from space 8768K, 99% used [0x00007fda6d030000,0x00007fda6d8be6f0,0x00007fda6d8c0000)
  to   space 11136K, 0% used [0x00007fda6da70000,0x00007fda6da70000,0x00007fda6e550000)
 ParOldGen       total 2097152K, used 577768K [0x00007fd9ae550000, 0x00007fda2e550000, 0x00007fda2e550000)
  object space 2097152K, 27% used [0x00007fd9ae550000,0x00007fd9d198a1c8,0x00007fda2e550000)
 PSPermGen       total 254272K, used 139653K [0x00007fd99e550000, 0x00007fd9adda0000, 0x00007fd9ae550000)
  object space 254272K, 54% used [0x00007fd99e550000,0x00007fd9a6db1478,0x00007fd9adda0000)
}
{Heap before GC invocations=244 (full 4):
 PSYoungGen      total 1035712K, used 1035705K [0x00007fda2e550000, 0x00007fda6e550000, 0x00007fda6e550000)
  eden space 1026944K, 100% used [0x00007fda2e550000,0x00007fda6d030000,0x00007fda6d030000)
  from space 8768K, 99% used [0x00007fda6d030000,0x00007fda6d8be6f0,0x00007fda6d8c0000)
  to   space 11136K, 0% used [0x00007fda6da70000,0x00007fda6da70000,0x00007fda6e550000)
 ParOldGen       total 2097152K, used 577768K [0x00007fd9ae550000, 0x00007fda2e550000, 0x00007fda2e550000)
  object space 2097152K, 27% used [0x00007fd9ae550000,0x00007fd9d198a1c8,0x00007fda2e550000)
 PSPermGen       total 254272K, used 139695K [0x00007fd99e550000, 0x00007fd9adda0000, 0x00007fd9ae550000)
  object space 254272K, 54% used [0x00007fd99e550000,0x00007fd9a6dbbce8,0x00007fd9adda0000)
12337,689: [GC [PSYoungGen: 1035705K->11104K(1030016K)] 1613474K->595979K(3127168K), 0,0266850 secs] [Times: user=0,08 sys=0,00, real=0,03 secs] 
Heap after GC invocations=244 (full 4):
 PSYoungGen      total 1030016K, used 11104K [0x00007fda2e550000, 0x00007fda6e550000, 0x00007fda6e550000)
  eden space 1018880K, 0% used [0x00007fda2e550000,0x00007fda2e550000,0x00007fda6c850000)
  from space 11136K, 99% used [0x00007fda6da70000,0x00007fda6e548030,0x00007fda6e550000)
  to   space 14848K, 0% used [0x00007fda6c850000,0x00007fda6c850000,0x00007fda6d6d0000)
 ParOldGen       total 2097152K, used 584874K [0x00007fd9ae550000, 0x00007fda2e550000, 0x00007fda2e550000)
  object space 2097152K, 27% used [0x00007fd9ae550000,0x00007fd9d207abe0,0x00007fda2e550000)
 PSPermGen       total 254272K, used 139695K [0x00007fd99e550000, 0x00007fd9adda0000, 0x00007fd9ae550000)
  object space 254272K, 54% used [0x00007fd99e550000,0x00007fd9a6dbbce8,0x00007fd9adda0000)
}
{Heap before GC invocations=245 (full 4):
 PSYoungGen      total 1030016K, used 1029984K [0x00007fda2e550000, 0x00007fda6e550000, 0x00007fda6e550000)
  eden space 1018880K, 100% used [0x00007fda2e550000,0x00007fda6c850000,0x00007fda6c850000)
  from space 11136K, 99% used [0x00007fda6da70000,0x00007fda6e548030,0x00007fda6e550000)
  to   space 14848K, 0% used [0x00007fda6c850000,0x00007fda6c850000,0x00007fda6d6d0000)
 ParOldGen       total 2097152K, used 584874K [0x00007fd9ae550000, 0x00007fda2e550000, 0x00007fda2e550000)
  object space 2097152K, 27% used [0x00007fd9ae550000,0x00007fd9d207abe0,0x00007fda2e550000)
 PSPermGen       total 254272K, used 139763K [0x00007fd99e550000, 0x00007fd9adda0000, 0x00007fd9ae550000)
  object space 254272K, 54% used [0x00007fd99e550000,0x00007fd9a6dccd20,0x00007fd9adda0000)
12368,621: [GC [PSYoungGen: 1029984K->9856K(1033728K)] 1614859K->603393K(3130880K), 0,0311110 secs] [Times: user=0,08 sys=0,00, real=0,04 secs] 
Heap after GC invocations=245 (full 4):
 PSYoungGen      total 1033728K, used 9856K [0x00007fda2e550000, 0x00007fda6e550000, 0x00007fda6e550000)
  eden space 1018880K, 0% used [0x00007fda2e550000,0x00007fda2e550000,0x00007fda6c850000)
  from space 14848K, 66% used [0x00007fda6c850000,0x00007fda6d1f0030,0x00007fda6d6d0000)
  to   space 14848K, 0% used [0x00007fda6d6d0000,0x00007fda6d6d0000,0x00007fda6e550000)
 ParOldGen       total 2097152K, used 593537K [0x00007fd9ae550000, 0x00007fda2e550000, 0x00007fda2e550000)
  object space 2097152K, 28% used [0x00007fd9ae550000,0x00007fd9d28f0428,0x00007fda2e550000)
 PSPermGen       total 254272K, used 139763K [0x00007fd99e550000, 0x00007fd9adda0000, 0x00007fd9ae550000)
  object space 254272K, 54% used [0x00007fd99e550000,0x00007fd9a6dccd20,0x00007fd9adda0000)
}
{Heap before GC invocations=246 (full 4):
 PSYoungGen      total 1033728K, used 1028736K [0x00007fda2e550000, 0x00007fda6e550000, 0x00007fda6e550000)
  eden space 1018880K, 100% used [0x00007fda2e550000,0x00007fda6c850000,0x00007fda6c850000)
  from space 14848K, 66% used [0x00007fda6c850000,0x00007fda6d1f0030,0x00007fda6d6d0000)
  to   space 14848K, 0% used [0x00007fda6d6d0000,0x00007fda6d6d0000,0x00007fda6e550000)
 ParOldGen       total 2097152K, used 593537K [0x00007fd9ae550000, 0x00007fda2e550000, 0x00007fda2e550000)
  object space 2097152K, 28% used [0x00007fd9ae550000,0x00007fd9d28f0428,0x00007fda2e550000)
 PSPermGen       total 254272K, used 139797K [0x00007fd99e550000, 0x00007fd9adda0000, 0x00007fd9ae550000)
  object space 254272K, 54% used [0x00007fd99e550000,0x00007fd9a6dd5680,0x00007fd9adda0000)
12429,459: [GC [PSYoungGen: 1028736K->13440K(1031168K)] 1622273K->614707K(3128320K), 0,0343570 secs] [Times: user=0,09 sys=0,00, real=0,03 secs] 
Heap after GC invocations=246 (full 4):
 PSYoungGen      total 1031168K, used 13440K [0x00007fda2e550000, 0x00007fda6e550000, 0x00007fda6e550000)
  eden space 1016320K, 0% used [0x00007fda2e550000,0x00007fda2e550000,0x00007fda6c5d0000)
  from space 14848K, 90% used [0x00007fda6d6d0000,0x00007fda6e3f0030,0x00007fda6e550000)
  to   space 16128K, 0% used [0x00007fda6c5d0000,0x00007fda6c5d0000,0x00007fda6d590000)
 ParOldGen       total 2097152K, used 601266K [0x00007fd9ae550000, 0x00007fda2e550000, 0x00007fda2e550000)
  object space 2097152K, 28% used [0x00007fd9ae550000,0x00007fd9d307cbf8,0x00007fda2e550000)
 PSPermGen       total 254272K, used 139797K [0x00007fd99e550000, 0x00007fd9adda0000, 0x00007fd9ae550000)
  object space 254272K, 54% used [0x00007fd99e550000,0x00007fd9a6dd5680,0x00007fd9adda0000)
}
{Heap before GC invocations=247 (full 4):
 PSYoungGen      total 1031168K, used 1029760K [0x00007fda2e550000, 0x00007fda6e550000, 0x00007fda6e550000)
  eden space 1016320K, 100% used [0x00007fda2e550000,0x00007fda6c5d0000,0x00007fda6c5d0000)
  from space 14848K, 90% used [0x00007fda6d6d0000,0x00007fda6e3f0030,0x00007fda6e550000)
  to   space 16128K, 0% used [0x00007fda6c5d0000,0x00007fda6c5d0000,0x00007fda6d590000)
 ParOldGen       total 2097152K, used 601266K [0x00007fd9ae550000, 0x00007fda2e550000, 0x00007fda2e550000)
  object space 2097152K, 28% used [0x00007fd9ae550000,0x00007fd9d307cbf8,0x00007fda2e550000)
 PSPermGen       total 254272K, used 139797K [0x00007fd99e550000, 0x00007fd9adda0000, 0x00007fd9ae550000)
  object space 254272K, 54% used [0x00007fd99e550000,0x00007fd9a6dd5680,0x00007fd9adda0000)
12484,864: [GC [PSYoungGen: 1029760K->10403K(1032448K)] 1631027K->621987K(3129600K), 0,0203430 secs] [Times: user=0,06 sys=0,00, real=0,02 secs] 
Heap after GC invocations=247 (full 4):
 PSYoungGen      total 1032448K, used 10403K [0x00007fda2e550000, 0x00007fda6e550000, 0x00007fda6e550000)
  eden space 1016320K, 0% used [0x00007fda2e550000,0x00007fda2e550000,0x00007fda6c5d0000)
  from space 16128K, 64% used [0x00007fda6c5d0000,0x00007fda6cff8f80,0x00007fda6d590000)
  to   space 15936K, 0% used [0x00007fda6d5c0000,0x00007fda6d5c0000,0x00007fda6e550000)
 ParOldGen       total 2097152K, used 611583K [0x00007fd9ae550000, 0x00007fda2e550000, 0x00007fda2e550000)
  object space 2097152K, 29% used [0x00007fd9ae550000,0x00007fd9d3a8fef8,0x00007fda2e550000)
 PSPermGen       total 254272K, used 139797K [0x00007fd99e550000, 0x00007fd9adda0000, 0x00007fd9ae550000)
  object space 254272K, 54% used [0x00007fd99e550000,0x00007fd9a6dd5680,0x00007fd9adda0000)
}
{Heap before GC invocations=248 (full 4):
 PSYoungGen      total 1032448K, used 1026723K [0x00007fda2e550000, 0x00007fda6e550000, 0x00007fda6e550000)
  eden space 1016320K, 100% used [0x00007fda2e550000,0x00007fda6c5d0000,0x00007fda6c5d0000)
  from space 16128K, 64% used [0x00007fda6c5d0000,0x00007fda6cff8f80,0x00007fda6d590000)
  to   space 15936K, 0% used [0x00007fda6d5c0000,0x00007fda6d5c0000,0x00007fda6e550000)
 ParOldGen       total 2097152K, used 611583K [0x00007fd9ae550000, 0x00007fda2e550000, 0x00007fda2e550000)
  object space 2097152K, 29% used [0x00007fd9ae550000,0x00007fd9d3a8fef8,0x00007fda2e550000)
 PSPermGen       total 254272K, used 139807K [0x00007fd99e550000, 0x00007fd9adda0000, 0x00007fd9ae550000)
  object space 254272K, 54% used [0x00007fd99e550000,0x00007fd9a6dd7eb0,0x00007fd9adda0000)
12501,787: [GC [PSYoungGen: 1026723K->5984K(1032768K)] 1638307K->626104K(3129920K), 0,0177980 secs] [Times: user=0,07 sys=0,00, real=0,02 secs] 
Heap after GC invocations=248 (full 4):
 PSYoungGen      total 1032768K, used 5984K [0x00007fda2e550000, 0x00007fda6e550000, 0x00007fda6e550000)
  eden space 1016832K, 0% used [0x00007fda2e550000,0x00007fda2e550000,0x00007fda6c650000)
  from space 15936K, 37% used [0x00007fda6d5c0000,0x00007fda6db98030,0x00007fda6e550000)
  to   space 15808K, 0% used [0x00007fda6c650000,0x00007fda6c650000,0x00007fda6d5c0000)
 ParOldGen       total 2097152K, used 620120K [0x00007fd9ae550000, 0x00007fda2e550000, 0x00007fda2e550000)
  object space 2097152K, 29% used [0x00007fd9ae550000,0x00007fd9d42e61b0,0x00007fda2e550000)
 PSPermGen       total 254272K, used 139807K [0x00007fd99e550000, 0x00007fd9adda0000, 0x00007fd9ae550000)
  object space 254272K, 54% used [0x00007fd99e550000,0x00007fd9a6dd7eb0,0x00007fd9adda0000)
}
{Heap before GC invocations=249 (full 4):
 PSYoungGen      total 1032768K, used 1022816K [0x00007fda2e550000, 0x00007fda6e550000, 0x00007fda6e550000)
  eden space 1016832K, 100% used [0x00007fda2e550000,0x00007fda6c650000,0x00007fda6c650000)
  from space 15936K, 37% used [0x00007fda6d5c0000,0x00007fda6db98030,0x00007fda6e550000)
  to   space 15808K, 0% used [0x00007fda6c650000,0x00007fda6c650000,0x00007fda6d5c0000)
 ParOldGen       total 2097152K, used 620120K [0x00007fd9ae550000, 0x00007fda2e550000, 0x00007fda2e550000)
  object space 2097152K, 29% used [0x00007fd9ae550000,0x00007fd9d42e61b0,0x00007fda2e550000)
 PSPermGen       total 254272K, used 139912K [0x00007fd99e550000, 0x00007fd9adda0000, 0x00007fd9ae550000)
  object space 254272K, 55% used [0x00007fd99e550000,0x00007fd9a6df2248,0x00007fd9adda0000)
12528,603: [GC [PSYoungGen: 1022816K->6707K(1032640K)] 1642936K->630794K(3129792K), 0,0151540 secs] [Times: user=0,06 sys=0,00, real=0,01 secs] 
Heap after GC invocations=249 (full 4):
 PSYoungGen      total 1032640K, used 6707K [0x00007fda2e550000, 0x00007fda6e550000, 0x00007fda6e550000)
  eden space 1016832K, 0% used [0x00007fda2e550000,0x00007fda2e550000,0x00007fda6c650000)
  from space 15808K, 42% used [0x00007fda6c650000,0x00007fda6ccdcf90,0x00007fda6d5c0000)
  to   space 15424K, 0% used [0x00007fda6d640000,0x00007fda6d640000,0x00007fda6e550000)
 ParOldGen       total 2097152K, used 624086K [0x00007fd9ae550000, 0x00007fda2e550000, 0x00007fda2e550000)
  object space 2097152K, 29% used [0x00007fd9ae550000,0x00007fd9d46c5968,0x00007fda2e550000)
 PSPermGen       total 254272K, used 139912K [0x00007fd99e550000, 0x00007fd9adda0000, 0x00007fd9ae550000)
  object space 254272K, 55% used [0x00007fd99e550000,0x00007fd9a6df2248,0x00007fd9adda0000)
}
{Heap before GC invocations=250 (full 4):
 PSYoungGen      total 1032640K, used 1023539K [0x00007fda2e550000, 0x00007fda6e550000, 0x00007fda6e550000)
  eden space 1016832K, 100% used [0x00007fda2e550000,0x00007fda6c650000,0x00007fda6c650000)
  from space 15808K, 42% used [0x00007fda6c650000,0x00007fda6ccdcf90,0x00007fda6d5c0000)
  to   space 15424K, 0% used [0x00007fda6d640000,0x00007fda6d640000,0x00007fda6e550000)
 ParOldGen       total 2097152K, used 624086K [0x00007fd9ae550000, 0x00007fda2e550000, 0x00007fda2e550000)
  object space 2097152K, 29% used [0x00007fd9ae550000,0x00007fd9d46c5968,0x00007fda2e550000)
 PSPermGen       total 254272K, used 140108K [0x00007fd99e550000, 0x00007fd9adda0000, 0x00007fd9ae550000)
  object space 254272K, 55% used [0x00007fd99e550000,0x00007fd9a6e23170,0x00007fd9adda0000)
12596,940: [GC [PSYoungGen: 1023539K->9600K(1033472K)] 1647626K->638489K(3130624K), 0,0239660 secs] [Times: user=0,06 sys=0,00, real=0,02 secs] 
Heap after GC invocations=250 (full 4):
 PSYoungGen      total 1033472K, used 9600K [0x00007fda2e550000, 0x00007fda6e550000, 0x00007fda6e550000)
  eden space 1018048K, 0% used [0x00007fda2e550000,0x00007fda2e550000,0x00007fda6c780000)
  from space 15424K, 62% used [0x00007fda6d640000,0x00007fda6dfa0030,0x00007fda6e550000)
  to   space 15104K, 0% used [0x00007fda6c780000,0x00007fda6c780000,0x00007fda6d640000)
 ParOldGen       total 2097152K, used 628889K [0x00007fd9ae550000, 0x00007fda2e550000, 0x00007fda2e550000)
  object space 2097152K, 29% used [0x00007fd9ae550000,0x00007fd9d4b765c8,0x00007fda2e550000)
 PSPermGen       total 254272K, used 140108K [0x00007fd99e550000, 0x00007fd9adda0000, 0x00007fd9ae550000)
  object space 254272K, 55% used [0x00007fd99e550000,0x00007fd9a6e23170,0x00007fd9adda0000)
}
{Heap before GC invocations=251 (full 4):
 PSYoungGen      total 1033472K, used 1027648K [0x00007fda2e550000, 0x00007fda6e550000, 0x00007fda6e550000)
  eden space 1018048K, 100% used [0x00007fda2e550000,0x00007fda6c780000,0x00007fda6c780000)
  from space 15424K, 62% used [0x00007fda6d640000,0x00007fda6dfa0030,0x00007fda6e550000)
  to   space 15104K, 0% used [0x00007fda6c780000,0x00007fda6c780000,0x00007fda6d640000)
 ParOldGen       total 2097152K, used 628889K [0x00007fd9ae550000, 0x00007fda2e550000, 0x00007fda2e550000)
  object space 2097152K, 29% used [0x00007fd9ae550000,0x00007fd9d4b765c8,0x00007fda2e550000)
 PSPermGen       total 254272K, used 140158K [0x00007fd99e550000, 0x00007fd9adda0000, 0x00007fd9ae550000)
  object space 254272K, 55% used [0x00007fd99e550000,0x00007fd9a6e2fbb0,0x00007fd9adda0000)
12680,125: [GC [PSYoungGen: 1027648K->8101K(1033152K)] 1656537K->644805K(3130304K), 0,0280250 secs] [Times: user=0,07 sys=0,00, real=0,03 secs] 
Heap after GC invocations=251 (full 4):
 PSYoungGen      total 1033152K, used 8101K [0x00007fda2e550000, 0x00007fda6e550000, 0x00007fda6e550000)
  eden space 1018048K, 0% used [0x00007fda2e550000,0x00007fda2e550000,0x00007fda6c780000)
  from space 15104K, 53% used [0x00007fda6c780000,0x00007fda6cf69678,0x00007fda6d640000)
  to   space 14592K, 0% used [0x00007fda6d710000,0x00007fda6d710000,0x00007fda6e550000)
 ParOldGen       total 2097152K, used 636703K [0x00007fd9ae550000, 0x00007fda2e550000, 0x00007fda2e550000)
  object space 2097152K, 30% used [0x00007fd9ae550000,0x00007fd9d5317de0,0x00007fda2e550000)
 PSPermGen       total 254272K, used 140158K [0x00007fd99e550000, 0x00007fd9adda0000, 0x00007fd9ae550000)
  object space 254272K, 55% used [0x00007fd99e550000,0x00007fd9a6e2fbb0,0x00007fd9adda0000)
}
{Heap before GC invocations=252 (full 4):
 PSYoungGen      total 1033152K, used 1026149K [0x00007fda2e550000, 0x00007fda6e550000, 0x00007fda6e550000)
  eden space 1018048K, 100% used [0x00007fda2e550000,0x00007fda6c780000,0x00007fda6c780000)
  from space 15104K, 53% used [0x00007fda6c780000,0x00007fda6cf69678,0x00007fda6d640000)
  to   space 14592K, 0% used [0x00007fda6d710000,0x00007fda6d710000,0x00007fda6e550000)
 ParOldGen       total 2097152K, used 636703K [0x00007fd9ae550000, 0x00007fda2e550000, 0x00007fda2e550000)
  object space 2097152K, 30% used [0x00007fd9ae550000,0x00007fd9d5317de0,0x00007fda2e550000)
 PSPermGen       total 254272K, used 140198K [0x00007fd99e550000, 0x00007fd9adda0000, 0x00007fd9ae550000)
  object space 254272K, 55% used [0x00007fd99e550000,0x00007fd9a6e39a60,0x00007fd9adda0000)
12753,875: [GC [PSYoungGen: 1026149K->8564K(1034624K)] 1662853K->651862K(3131776K), 0,0203280 secs] [Times: user=0,07 sys=0,01, real=0,02 secs] 
Heap after GC invocations=252 (full 4):
 PSYoungGen      total 1034624K, used 8564K [0x00007fda2e550000, 0x00007fda6e550000, 0x00007fda6e550000)
  eden space 1020032K, 0% used [0x00007fda2e550000,0x00007fda2e550000,0x00007fda6c970000)
  from space 14592K, 58% used [0x00007fda6d710000,0x00007fda6df6d0d8,0x00007fda6e550000)
  to   space 13952K, 0% used [0x00007fda6c970000,0x00007fda6c970000,0x00007fda6d710000)
 ParOldGen       total 2097152K, used 643297K [0x00007fd9ae550000, 0x00007fda2e550000, 0x00007fda2e550000)
  object space 2097152K, 30% used [0x00007fd9ae550000,0x00007fd9d59887b8,0x00007fda2e550000)
 PSPermGen       total 254272K, used 140198K [0x00007fd99e550000, 0x00007fd9adda0000, 0x00007fd9ae550000)
  object space 254272K, 55% used [0x00007fd99e550000,0x00007fd9a6e39a60,0x00007fd9adda0000)
}
{Heap before GC invocations=253 (full 4):
 PSYoungGen      total 1034624K, used 1028596K [0x00007fda2e550000, 0x00007fda6e550000, 0x00007fda6e550000)
  eden space 1020032K, 100% used [0x00007fda2e550000,0x00007fda6c970000,0x00007fda6c970000)
  from space 14592K, 58% used [0x00007fda6d710000,0x00007fda6df6d0d8,0x00007fda6e550000)
  to   space 13952K, 0% used [0x00007fda6c970000,0x00007fda6c970000,0x00007fda6d710000)
 ParOldGen       total 2097152K, used 643297K [0x00007fd9ae550000, 0x00007fda2e550000, 0x00007fda2e550000)
  object space 2097152K, 30% used [0x00007fd9ae550000,0x00007fd9d59887b8,0x00007fda2e550000)
 PSPermGen       total 254272K, used 140198K [0x00007fd99e550000, 0x00007fd9adda0000, 0x00007fd9ae550000)
  object space 254272K, 55% used [0x00007fd99e550000,0x00007fd9a6e39ae0,0x00007fd9adda0000)
12785,736: [GC [PSYoungGen: 1028596K->4517K(1033984K)] 1671894K->655391K(3131136K), 0,0147090 secs] [Times: user=0,06 sys=0,00, real=0,01 secs] 
Heap after GC invocations=253 (full 4):
 PSYoungGen      total 1033984K, used 4517K [0x00007fda2e550000, 0x00007fda6e550000, 0x00007fda6e550000)
  eden space 1020032K, 0% used [0x00007fda2e550000,0x00007fda2e550000,0x00007fda6c970000)
  from space 13952K, 32% used [0x00007fda6c970000,0x00007fda6cdd9648,0x00007fda6d710000)
  to   space 14144K, 0% used [0x00007fda6d780000,0x00007fda6d780000,0x00007fda6e550000)
 ParOldGen       total 2097152K, used 650873K [0x00007fd9ae550000, 0x00007fda2e550000, 0x00007fda2e550000)
  object space 2097152K, 31% used [0x00007fd9ae550000,0x00007fd9d60ee7d0,0x00007fda2e550000)
 PSPermGen       total 254272K, used 140198K [0x00007fd99e550000, 0x00007fd9adda0000, 0x00007fd9ae550000)
  object space 254272K, 55% used [0x00007fd99e550000,0x00007fd9a6e39ae0,0x00007fd9adda0000)
}
{Heap before GC invocations=254 (full 4):
 PSYoungGen      total 1033984K, used 1024549K [0x00007fda2e550000, 0x00007fda6e550000, 0x00007fda6e550000)
  eden space 1020032K, 100% used [0x00007fda2e550000,0x00007fda6c970000,0x00007fda6c970000)
  from space 13952K, 32% used [0x00007fda6c970000,0x00007fda6cdd9648,0x00007fda6d710000)
  to   space 14144K, 0% used [0x00007fda6d780000,0x00007fda6d780000,0x00007fda6e550000)
 ParOldGen       total 2097152K, used 650873K [0x00007fd9ae550000, 0x00007fda2e550000, 0x00007fda2e550000)
  object space 2097152K, 31% used [0x00007fd9ae550000,0x00007fd9d60ee7d0,0x00007fda2e550000)
 PSPermGen       total 254272K, used 140236K [0x00007fd99e550000, 0x00007fd9adda0000, 0x00007fd9ae550000)
  object space 254272K, 55% used [0x00007fd99e550000,0x00007fd9a6e43158,0x00007fd9adda0000)
12856,372: [GC [PSYoungGen: 1024549K->6816K(1034816K)] 1675423K->660633K(3131968K), 0,0155990 secs] [Times: user=0,06 sys=0,00, real=0,01 secs] 
Heap after GC invocations=254 (full 4):
 PSYoungGen      total 1034816K, used 6816K [0x00007fda2e550000, 0x00007fda6e550000, 0x00007fda6e550000)
  eden space 1020672K, 0% used [0x00007fda2e550000,0x00007fda2e550000,0x00007fda6ca10000)
  from space 14144K, 48% used [0x00007fda6d780000,0x00007fda6de28000,0x00007fda6e550000)
  to   space 13760K, 0% used [0x00007fda6ca10000,0x00007fda6ca10000,0x00007fda6d780000)
 ParOldGen       total 2097152K, used 653817K [0x00007fd9ae550000, 0x00007fda2e550000, 0x00007fda2e550000)
  object space 2097152K, 31% used [0x00007fd9ae550000,0x00007fd9d63ce7d0,0x00007fda2e550000)
 PSPermGen       total 254272K, used 140236K [0x00007fd99e550000, 0x00007fd9adda0000, 0x00007fd9ae550000)
  object space 254272K, 55% used [0x00007fd99e550000,0x00007fd9a6e43158,0x00007fd9adda0000)
}
{Heap before GC invocations=255 (full 4):
 PSYoungGen      total 1034816K, used 1027488K [0x00007fda2e550000, 0x00007fda6e550000, 0x00007fda6e550000)
  eden space 1020672K, 100% used [0x00007fda2e550000,0x00007fda6ca10000,0x00007fda6ca10000)
  from space 14144K, 48% used [0x00007fda6d780000,0x00007fda6de28000,0x00007fda6e550000)
  to   space 13760K, 0% used [0x00007fda6ca10000,0x00007fda6ca10000,0x00007fda6d780000)
 ParOldGen       total 2097152K, used 653817K [0x00007fd9ae550000, 0x00007fda2e550000, 0x00007fda2e550000)
  object space 2097152K, 31% used [0x00007fd9ae550000,0x00007fd9d63ce7d0,0x00007fda2e550000)
 PSPermGen       total 254272K, used 140238K [0x00007fd99e550000, 0x00007fd9adda0000, 0x00007fd9ae550000)
  object space 254272K, 55% used [0x00007fd99e550000,0x00007fd9a6e43a68,0x00007fd9adda0000)
12890,797: [GC [PSYoungGen: 1027488K->5696K(1034432K)] 1681305K->664510K(3131584K), 0,0189920 secs] [Times: user=0,07 sys=0,00, real=0,02 secs] 
Heap after GC invocations=255 (full 4):
 PSYoungGen      total 1034432K, used 5696K [0x00007fda2e550000, 0x00007fda6e550000, 0x00007fda6e550000)
  eden space 1020672K, 0% used [0x00007fda2e550000,0x00007fda2e550000,0x00007fda6ca10000)
  from space 13760K, 41% used [0x00007fda6ca10000,0x00007fda6cfa0000,0x00007fda6d780000)
  to   space 13568K, 0% used [0x00007fda6d810000,0x00007fda6d810000,0x00007fda6e550000)
 ParOldGen       total 2097152K, used 658814K [0x00007fd9ae550000, 0x00007fda2e550000, 0x00007fda2e550000)
  object space 2097152K, 31% used [0x00007fd9ae550000,0x00007fd9d68af9b0,0x00007fda2e550000)
 PSPermGen       total 254272K, used 140238K [0x00007fd99e550000, 0x00007fd9adda0000, 0x00007fd9ae550000)
  object space 254272K, 55% used [0x00007fd99e550000,0x00007fd9a6e43a68,0x00007fd9adda0000)
}
{Heap before GC invocations=256 (full 4):
 PSYoungGen      total 1034432K, used 1026368K [0x00007fda2e550000, 0x00007fda6e550000, 0x00007fda6e550000)
  eden space 1020672K, 100% used [0x00007fda2e550000,0x00007fda6ca10000,0x00007fda6ca10000)
  from space 13760K, 41% used [0x00007fda6ca10000,0x00007fda6cfa0000,0x00007fda6d780000)
  to   space 13568K, 0% used [0x00007fda6d810000,0x00007fda6d810000,0x00007fda6e550000)
 ParOldGen       total 2097152K, used 658814K [0x00007fd9ae550000, 0x00007fda2e550000, 0x00007fda2e550000)
  object space 2097152K, 31% used [0x00007fd9ae550000,0x00007fd9d68af9b0,0x00007fda2e550000)
 PSPermGen       total 254272K, used 140246K [0x00007fd99e550000, 0x00007fd9adda0000, 0x00007fd9ae550000)
  object space 254272K, 55% used [0x00007fd99e550000,0x00007fd9a6e45820,0x00007fd9adda0000)
12953,359: [GC [PSYoungGen: 1026368K->12185K(1032960K)] 1685182K->674764K(3130112K), 0,0249500 secs] [Times: user=0,10 sys=0,00, real=0,02 secs] 
Heap after GC invocations=256 (full 4):
 PSYoungGen      total 1032960K, used 12185K [0x00007fda2e550000, 0x00007fda6e550000, 0x00007fda6e550000)
  eden space 1019392K, 0% used [0x00007fda2e550000,0x00007fda2e550000,0x00007fda6c8d0000)
  from space 13568K, 89% used [0x00007fda6d810000,0x00007fda6e3f6408,0x00007fda6e550000)
  to   space 14592K, 0% used [0x00007fda6c8d0000,0x00007fda6c8d0000,0x00007fda6d710000)
 ParOldGen       total 2097152K, used 662579K [0x00007fd9ae550000, 0x00007fda2e550000, 0x00007fda2e550000)
  object space 2097152K, 31% used [0x00007fd9ae550000,0x00007fd9d6c5ce40,0x00007fda2e550000)
 PSPermGen       total 254272K, used 140246K [0x00007fd99e550000, 0x00007fd9adda0000, 0x00007fd9ae550000)
  object space 254272K, 55% used [0x00007fd99e550000,0x00007fd9a6e45820,0x00007fd9adda0000)
}
{Heap before GC invocations=257 (full 4):
 PSYoungGen      total 1032960K, used 1031577K [0x00007fda2e550000, 0x00007fda6e550000, 0x00007fda6e550000)
  eden space 1019392K, 100% used [0x00007fda2e550000,0x00007fda6c8d0000,0x00007fda6c8d0000)
  from space 13568K, 89% used [0x00007fda6d810000,0x00007fda6e3f6408,0x00007fda6e550000)
  to   space 14592K, 0% used [0x00007fda6c8d0000,0x00007fda6c8d0000,0x00007fda6d710000)
 ParOldGen       total 2097152K, used 662579K [0x00007fd9ae550000, 0x00007fda2e550000, 0x00007fda2e550000)
  object space 2097152K, 31% used [0x00007fd9ae550000,0x00007fd9d6c5ce40,0x00007fda2e550000)
 PSPermGen       total 254272K, used 140257K [0x00007fd99e550000, 0x00007fd9adda0000, 0x00007fd9ae550000)
  object space 254272K, 55% used [0x00007fd99e550000,0x00007fd9a6e486e0,0x00007fd9adda0000)
13001,609: [GC [PSYoungGen: 1031577K->5472K(1033984K)] 1694156K->678147K(3131136K), 0,0238040 secs] [Times: user=0,07 sys=0,00, real=0,03 secs] 
Heap after GC invocations=257 (full 4):
 PSYoungGen      total 1033984K, used 5472K [0x00007fda2e550000, 0x00007fda6e550000, 0x00007fda6e550000)
  eden space 1019392K, 0% used [0x00007fda2e550000,0x00007fda2e550000,0x00007fda6c8d0000)
  from space 14592K, 37% used [0x00007fda6c8d0000,0x00007fda6ce28000,0x00007fda6d710000)
  to   space 14464K, 0% used [0x00007fda6d730000,0x00007fda6d730000,0x00007fda6e550000)
 ParOldGen       total 2097152K, used 672675K [0x00007fd9ae550000, 0x00007fda2e550000, 0x00007fda2e550000)
  object space 2097152K, 32% used [0x00007fd9ae550000,0x00007fd9d7638f98,0x00007fda2e550000)
 PSPermGen       total 254272K, used 140257K [0x00007fd99e550000, 0x00007fd9adda0000, 0x00007fd9ae550000)
  object space 254272K, 55% used [0x00007fd99e550000,0x00007fd9a6e486e0,0x00007fd9adda0000)
}
{Heap before GC invocations=258 (full 4):
 PSYoungGen      total 1033984K, used 1024864K [0x00007fda2e550000, 0x00007fda6e550000, 0x00007fda6e550000)
  eden space 1019392K, 100% used [0x00007fda2e550000,0x00007fda6c8d0000,0x00007fda6c8d0000)
  from space 14592K, 37% used [0x00007fda6c8d0000,0x00007fda6ce28000,0x00007fda6d710000)
  to   space 14464K, 0% used [0x00007fda6d730000,0x00007fda6d730000,0x00007fda6e550000)
 ParOldGen       total 2097152K, used 672675K [0x00007fd9ae550000, 0x00007fda2e550000, 0x00007fda2e550000)
  object space 2097152K, 32% used [0x00007fd9ae550000,0x00007fd9d7638f98,0x00007fda2e550000)
 PSPermGen       total 254272K, used 140343K [0x00007fd99e550000, 0x00007fd9adda0000, 0x00007fd9ae550000)
  object space 254272K, 55% used [0x00007fd99e550000,0x00007fd9a6e5dc10,0x00007fd9adda0000)
13071,828: [GC [PSYoungGen: 1024864K->4160K(1034112K)] 1697539K->680667K(3131264K), 0,0155970 secs] [Times: user=0,06 sys=0,00, real=0,01 secs] 
Heap after GC invocations=258 (full 4):
 PSYoungGen      total 1034112K, used 4160K [0x00007fda2e550000, 0x00007fda6e550000, 0x00007fda6e550000)
  eden space 1019648K, 0% used [0x00007fda2e550000,0x00007fda2e550000,0x00007fda6c910000)
  from space 14464K, 28% used [0x00007fda6d730000,0x00007fda6db40000,0x00007fda6e550000)
  to   space 14464K, 0% used [0x00007fda6c910000,0x00007fda6c910000,0x00007fda6d730000)
 ParOldGen       total 2097152K, used 676507K [0x00007fd9ae550000, 0x00007fda2e550000, 0x00007fda2e550000)
  object space 2097152K, 32% used [0x00007fd9ae550000,0x00007fd9d79f6f98,0x00007fda2e550000)
 PSPermGen       total 254272K, used 140343K [0x00007fd99e550000, 0x00007fd9adda0000, 0x00007fd9ae550000)
  object space 254272K, 55% used [0x00007fd99e550000,0x00007fd9a6e5dc10,0x00007fd9adda0000)
}
{Heap before GC invocations=259 (full 4):
 PSYoungGen      total 1034112K, used 1023808K [0x00007fda2e550000, 0x00007fda6e550000, 0x00007fda6e550000)
  eden space 1019648K, 100% used [0x00007fda2e550000,0x00007fda6c910000,0x00007fda6c910000)
  from space 14464K, 28% used [0x00007fda6d730000,0x00007fda6db40000,0x00007fda6e550000)
  to   space 14464K, 0% used [0x00007fda6c910000,0x00007fda6c910000,0x00007fda6d730000)
 ParOldGen       total 2097152K, used 676507K [0x00007fd9ae550000, 0x00007fda2e550000, 0x00007fda2e550000)
  object space 2097152K, 32% used [0x00007fd9ae550000,0x00007fd9d79f6f98,0x00007fda2e550000)
 PSPermGen       total 254272K, used 140397K [0x00007fd99e550000, 0x00007fd9adda0000, 0x00007fd9ae550000)
  object space 254272K, 55% used [0x00007fd99e550000,0x00007fd9a6e6b5f8,0x00007fd9adda0000)
13375,614: [GC [PSYoungGen: 1023808K->12542K(1032192K)] 1700315K->692538K(3129344K), 0,0591010 secs] [Times: user=0,22 sys=0,00, real=0,06 secs] 
Heap after GC invocations=259 (full 4):
 PSYoungGen      total 1032192K, used 12542K [0x00007fda2e550000, 0x00007fda6e550000, 0x00007fda6e550000)
  eden space 1019648K, 0% used [0x00007fda2e550000,0x00007fda2e550000,0x00007fda6c910000)
  from space 12544K, 99% used [0x00007fda6c910000,0x00007fda6d54f810,0x00007fda6d550000)
  to   space 15616K, 0% used [0x00007fda6d610000,0x00007fda6d610000,0x00007fda6e550000)
 ParOldGen       total 2097152K, used 679996K [0x00007fd9ae550000, 0x00007fda2e550000, 0x00007fda2e550000)
  object space 2097152K, 32% used [0x00007fd9ae550000,0x00007fd9d7d5f180,0x00007fda2e550000)
 PSPermGen       total 254272K, used 140397K [0x00007fd99e550000, 0x00007fd9adda0000, 0x00007fd9ae550000)
  object space 254272K, 55% used [0x00007fd99e550000,0x00007fd9a6e6b5f8,0x00007fd9adda0000)
}
{Heap before GC invocations=260 (full 4):
 PSYoungGen      total 1032192K, used 1032190K [0x00007fda2e550000, 0x00007fda6e550000, 0x00007fda6e550000)
  eden space 1019648K, 100% used [0x00007fda2e550000,0x00007fda6c910000,0x00007fda6c910000)
  from space 12544K, 99% used [0x00007fda6c910000,0x00007fda6d54f810,0x00007fda6d550000)
  to   space 15616K, 0% used [0x00007fda6d610000,0x00007fda6d610000,0x00007fda6e550000)
 ParOldGen       total 2097152K, used 679996K [0x00007fd9ae550000, 0x00007fda2e550000, 0x00007fda2e550000)
  object space 2097152K, 32% used [0x00007fd9ae550000,0x00007fd9d7d5f180,0x00007fda2e550000)
 PSPermGen       total 254272K, used 140424K [0x00007fd99e550000, 0x00007fd9adda0000, 0x00007fd9ae550000)
  object space 254272K, 55% used [0x00007fd99e550000,0x00007fd9a6e721b0,0x00007fd9adda0000)
14129,655: [GC [PSYoungGen: 1032190K->10944K(1032320K)] 1712186K->700572K(3129472K), 0,0917090 secs] [Times: user=0,36 sys=0,00, real=0,09 secs] 
Heap after GC invocations=260 (full 4):
 PSYoungGen      total 1032320K, used 10944K [0x00007fda2e550000, 0x00007fda6e550000, 0x00007fda6e550000)
  eden space 1016704K, 0% used [0x00007fda2e550000,0x00007fda2e550000,0x00007fda6c630000)
  from space 15616K, 70% used [0x00007fda6d610000,0x00007fda6e0c0000,0x00007fda6e550000)
  to   space 15936K, 0% used [0x00007fda6c630000,0x00007fda6c630000,0x00007fda6d5c0000)
 ParOldGen       total 2097152K, used 689628K [0x00007fd9ae550000, 0x00007fda2e550000, 0x00007fda2e550000)
  object space 2097152K, 32% used [0x00007fd9ae550000,0x00007fd9d86c7360,0x00007fda2e550000)
 PSPermGen       total 254272K, used 140424K [0x00007fd99e550000, 0x00007fd9adda0000, 0x00007fd9ae550000)
  object space 254272K, 55% used [0x00007fd99e550000,0x00007fd9a6e721b0,0x00007fd9adda0000)
}
{Heap before GC invocations=261 (full 4):
 PSYoungGen      total 1032320K, used 55934K [0x00007fda2e550000, 0x00007fda6e550000, 0x00007fda6e550000)
  eden space 1016704K, 4% used [0x00007fda2e550000,0x00007fda3113f948,0x00007fda6c630000)
  from space 15616K, 70% used [0x00007fda6d610000,0x00007fda6e0c0000,0x00007fda6e550000)
  to   space 15936K, 0% used [0x00007fda6c630000,0x00007fda6c630000,0x00007fda6d5c0000)
 ParOldGen       total 2097152K, used 689628K [0x00007fd9ae550000, 0x00007fda2e550000, 0x00007fda2e550000)
  object space 2097152K, 32% used [0x00007fd9ae550000,0x00007fd9d86c7360,0x00007fda2e550000)
 PSPermGen       total 254272K, used 140425K [0x00007fd99e550000, 0x00007fd9adda0000, 0x00007fd9ae550000)
  object space 254272K, 55% used [0x00007fd99e550000,0x00007fd9a6e727e8,0x00007fd9adda0000)
14475,589: [GC [PSYoungGen: 55934K->512K(1017216K)] 745563K->699207K(3114368K), 0,0311130 secs] [Times: user=0,11 sys=0,00, real=0,04 secs] 
Heap after GC invocations=261 (full 4):
 PSYoungGen      total 1017216K, used 512K [0x00007fda2e550000, 0x00007fda6e550000, 0x00007fda6e550000)
  eden space 1016704K, 0% used [0x00007fda2e550000,0x00007fda2e550000,0x00007fda6c630000)
  from space 512K, 100% used [0x00007fda6c630000,0x00007fda6c6b0000,0x00007fda6c6b0000)
  to   space 16512K, 0% used [0x00007fda6d530000,0x00007fda6d530000,0x00007fda6e550000)
 ParOldGen       total 2097152K, used 698695K [0x00007fd9ae550000, 0x00007fda2e550000, 0x00007fda2e550000)
  object space 2097152K, 33% used [0x00007fd9ae550000,0x00007fd9d8fa1c68,0x00007fda2e550000)
 PSPermGen       total 254272K, used 140425K [0x00007fd99e550000, 0x00007fd9adda0000, 0x00007fd9ae550000)
  object space 254272K, 55% used [0x00007fd99e550000,0x00007fd9a6e727e8,0x00007fd9adda0000)
}
{Heap before GC invocations=262 (full 5):
 PSYoungGen      total 1017216K, used 512K [0x00007fda2e550000, 0x00007fda6e550000, 0x00007fda6e550000)
  eden space 1016704K, 0% used [0x00007fda2e550000,0x00007fda2e550000,0x00007fda6c630000)
  from space 512K, 100% used [0x00007fda6c630000,0x00007fda6c6b0000,0x00007fda6c6b0000)
  to   space 16512K, 0% used [0x00007fda6d530000,0x00007fda6d530000,0x00007fda6e550000)
 ParOldGen       total 2097152K, used 698695K [0x00007fd9ae550000, 0x00007fda2e550000, 0x00007fda2e550000)
  object space 2097152K, 33% used [0x00007fd9ae550000,0x00007fd9d8fa1c68,0x00007fda2e550000)
 PSPermGen       total 254272K, used 140425K [0x00007fd99e550000, 0x00007fd9adda0000, 0x00007fd9ae550000)
  object space 254272K, 55% used [0x00007fd99e550000,0x00007fd9a6e727e8,0x00007fd9adda0000)
14475,620: [Full GC (System) [PSYoungGen: 512K->0K(1017216K)] [ParOldGen: 698695K->323213K(2097152K)] 699207K->323213K(3114368K) [PSPermGen: 140425K->140066K(249088K)], 0,7353230 secs] [Times: user=2,11 sys=0,00, real=0,73 secs] 
Heap after GC invocations=262 (full 5):
 PSYoungGen      total 1017216K, used 0K [0x00007fda2e550000, 0x00007fda6e550000, 0x00007fda6e550000)
  eden space 1016704K, 0% used [0x00007fda2e550000,0x00007fda2e550000,0x00007fda6c630000)
  from space 512K, 0% used [0x00007fda6c630000,0x00007fda6c630000,0x00007fda6c6b0000)
  to   space 16512K, 0% used [0x00007fda6d530000,0x00007fda6d530000,0x00007fda6e550000)
 ParOldGen       total 2097152K, used 323213K [0x00007fd9ae550000, 0x00007fda2e550000, 0x00007fda2e550000)
  object space 2097152K, 15% used [0x00007fd9ae550000,0x00007fd9c20f3728,0x00007fda2e550000)
 PSPermGen       total 249088K, used 140066K [0x00007fd99e550000, 0x00007fd9ad890000, 0x00007fd9ae550000)
  object space 249088K, 56% used [0x00007fd99e550000,0x00007fd9a6e18940,0x00007fd9ad890000)
}
Heap
 PSYoungGen      total 1017216K, used 332102K [0x00007fda2e550000, 0x00007fda6e550000, 0x00007fda6e550000)
  eden space 1016704K, 32% used [0x00007fda2e550000,0x00007fda429a19d0,0x00007fda6c630000)
  from space 512K, 0% used [0x00007fda6c630000,0x00007fda6c630000,0x00007fda6c6b0000)
  to   space 16512K, 0% used [0x00007fda6d530000,0x00007fda6d530000,0x00007fda6e550000)
 ParOldGen       total 2097152K, used 323213K [0x00007fd9ae550000, 0x00007fda2e550000, 0x00007fda2e550000)
  object space 2097152K, 15% used [0x00007fd9ae550000,0x00007fd9c20f3728,0x00007fda2e550000)
 PSPermGen       total 249088K, used 145427K [0x00007fd99e550000, 0x00007fd9ad890000, 0x00007fd9ae550000)
  object space 249088K, 58% used [0x00007fd99e550000,0x00007fd9a7354f30,0x00007fd9ad890000)
