Application time: 0.4720950 seconds
Total time for which application threads were stopped: 0.0032350 seconds
Application time: 0.2220510 seconds
Total time for which application threads were stopped: 0.0020580 seconds
Application time: 0.3401330 seconds
Total time for which application threads were stopped: 0.0004270 seconds
Application time: 0.0002260 seconds
Total time for which application threads were stopped: 0.0003850 seconds
Application time: 0.1490300 seconds
Total time for which application threads were stopped: 0.0031340 seconds
Application time: 0.4450520 seconds
Total time for which application threads were stopped: 0.0039980 seconds
Application time: 0.9427640 seconds
Total time for which application threads were stopped: 0.0033410 seconds
Application time: 0.4824720 seconds
Total time for which application threads were stopped: 0.0071840 seconds
Application time: 0.2328950 seconds
Total time for which application threads were stopped: 0.0005840 seconds
Application time: 0.5704540 seconds
Total time for which application threads were stopped: 0.0032970 seconds
Application time: 0.0215760 seconds
Total time for which application threads were stopped: 0.0103550 seconds
Application time: 0.2255170 seconds
Total time for which application threads were stopped: 0.0103150 seconds
Application time: 0.2391560 seconds
Total time for which application threads were stopped: 0.0035110 seconds
Application time: 0.1257450 seconds
Total time for which application threads were stopped: 0.0183780 seconds
Application time: 0.3504960 seconds
{Heap before gc invocations=1:
 PSYoungGen      total 917504K, used 786432K [0x00002ba6bb4e0000, 0x00002ba6fb4e0000, 0x00002ba6fb4e0000)
  eden space 786432K, 100% used [0x00002ba6bb4e0000,0x00002ba6eb4e0000,0x00002ba6eb4e0000)
  from space 131072K, 0% used [0x00002ba6f34e0000,0x00002ba6f34e0000,0x00002ba6fb4e0000)
  to   space 131072K, 0% used [0x00002ba6eb4e0000,0x00002ba6eb4e0000,0x00002ba6f34e0000)
 PSOldGen        total 5242880K, used 0K [0x00002ba57b4e0000, 0x00002ba6bb4e0000, 0x00002ba6bb4e0000)
  object space 5242880K, 0% used [0x00002ba57b4e0000,0x00002ba57b4e0000,0x00002ba6bb4e0000)
 PSPermGen       total 524288K, used 37943K [0x00002ba55b4e0000, 0x00002ba57b4e0000, 0x00002ba57b4e0000)
  object space 524288K, 7% used [0x00002ba55b4e0000,0x00002ba55d9edcc8,0x00002ba57b4e0000)
11.067: [GC [PSYoungGen: 786432K->55616K(917504K)] 786432K->55616K(6160384K), 0.0875470 secs]
Heap after gc invocations=1:
 PSYoungGen      total 917504K, used 55616K [0x00002ba6bb4e0000, 0x00002ba6fb4e0000, 0x00002ba6fb4e0000)
  eden space 786432K, 0% used [0x00002ba6bb4e0000,0x00002ba6bb4e0000,0x00002ba6eb4e0000)
  from space 131072K, 42% used [0x00002ba6eb4e0000,0x00002ba6eeb30138,0x00002ba6f34e0000)
  to   space 131072K, 0% used [0x00002ba6f34e0000,0x00002ba6f34e0000,0x00002ba6fb4e0000)
 PSOldGen        total 5242880K, used 0K [0x00002ba57b4e0000, 0x00002ba6bb4e0000, 0x00002ba6bb4e0000)
  object space 5242880K, 0% used [0x00002ba57b4e0000,0x00002ba57b4e0000,0x00002ba6bb4e0000)
 PSPermGen       total 524288K, used 37943K [0x00002ba55b4e0000, 0x00002ba57b4e0000, 0x00002ba57b4e0000)
  object space 524288K, 7% used [0x00002ba55b4e0000,0x00002ba55d9edcc8,0x00002ba57b4e0000)
}
Total time for which application threads were stopped: 0.0887790 seconds
Application time: 0.3275950 seconds
Total time for which application threads were stopped: 0.0019200 seconds
Application time: 0.8065370 seconds
Total time for which application threads were stopped: 0.0048820 seconds
Application time: 0.1158800 seconds
Total time for which application threads were stopped: 0.0081160 seconds
Application time: 0.1711370 seconds
Total time for which application threads were stopped: 0.0186330 seconds
Application time: 0.5915770 seconds
{Heap before gc invocations=2:
 PSYoungGen      total 917504K, used 842048K [0x00002ba6bb4e0000, 0x00002ba6fb4e0000, 0x00002ba6fb4e0000)
  eden space 786432K, 100% used [0x00002ba6bb4e0000,0x00002ba6eb4e0000,0x00002ba6eb4e0000)
  from space 131072K, 42% used [0x00002ba6eb4e0000,0x00002ba6eeb30138,0x00002ba6f34e0000)
  to   space 131072K, 0% used [0x00002ba6f34e0000,0x00002ba6f34e0000,0x00002ba6fb4e0000)
 PSOldGen        total 5242880K, used 0K [0x00002ba57b4e0000, 0x00002ba6bb4e0000, 0x00002ba6bb4e0000)
  object space 5242880K, 0% used [0x00002ba57b4e0000,0x00002ba57b4e0000,0x00002ba6bb4e0000)
 PSPermGen       total 524288K, used 53607K [0x00002ba55b4e0000, 0x00002ba57b4e0000, 0x00002ba57b4e0000)
  object space 524288K, 10% used [0x00002ba55b4e0000,0x00002ba55e939fa0,0x00002ba57b4e0000)
16.235: [GC [PSYoungGen: 842048K->121676K(917504K)] 842048K->121676K(6160384K), 0.1495810 secs]
Heap after gc invocations=2:
 PSYoungGen      total 917504K, used 121676K [0x00002ba6bb4e0000, 0x00002ba6fb4e0000, 0x00002ba6fb4e0000)
  eden space 786432K, 0% used [0x00002ba6bb4e0000,0x00002ba6bb4e0000,0x00002ba6eb4e0000)
  from space 131072K, 92% used [0x00002ba6f34e0000,0x00002ba6fabb3350,0x00002ba6fb4e0000)
  to   space 131072K, 0% used [0x00002ba6eb4e0000,0x00002ba6eb4e0000,0x00002ba6f34e0000)
 PSOldGen        total 5242880K, used 0K [0x00002ba57b4e0000, 0x00002ba6bb4e0000, 0x00002ba6bb4e0000)
  object space 5242880K, 0% used [0x00002ba57b4e0000,0x00002ba57b4e0000,0x00002ba6bb4e0000)
 PSPermGen       total 524288K, used 53607K [0x00002ba55b4e0000, 0x00002ba57b4e0000, 0x00002ba57b4e0000)
  object space 524288K, 10% used [0x00002ba55b4e0000,0x00002ba55e939fa0,0x00002ba57b4e0000)
}
Total time for which application threads were stopped: 0.1524220 seconds
Application time: 0.1608550 seconds
Total time for which application threads were stopped: 0.0060500 seconds
Application time: 0.2005270 seconds
Total time for which application threads were stopped: 0.0240910 seconds
Application time: 0.0206110 seconds
Total time for which application threads were stopped: 0.0035090 seconds
Application time: 0.5518320 seconds
Total time for which application threads were stopped: 0.0076220 seconds
Application time: 0.7454300 seconds
Total time for which application threads were stopped: 0.0012170 seconds
Application time: 0.1548600 seconds
{Heap before gc invocations=3:
 PSYoungGen      total 917504K, used 825385K [0x00002ba6bb4e0000, 0x00002ba6fb4e0000, 0x00002ba6fb4e0000)
  eden space 786432K, 89% used [0x00002ba6bb4e0000,0x00002ba6e64171d8,0x00002ba6eb4e0000)
  from space 131072K, 92% used [0x00002ba6f34e0000,0x00002ba6fabb3350,0x00002ba6fb4e0000)
  to   space 131072K, 0% used [0x00002ba6eb4e0000,0x00002ba6eb4e0000,0x00002ba6f34e0000)
 PSOldGen        total 5242880K, used 0K [0x00002ba57b4e0000, 0x00002ba6bb4e0000, 0x00002ba6bb4e0000)
  object space 5242880K, 0% used [0x00002ba57b4e0000,0x00002ba57b4e0000,0x00002ba6bb4e0000)
 PSPermGen       total 524288K, used 62655K [0x00002ba55b4e0000, 0x00002ba57b4e0000, 0x00002ba57b4e0000)
  object space 524288K, 11% used [0x00002ba55b4e0000,0x00002ba55f20fcd8,0x00002ba57b4e0000)
23.330: [GC [PSYoungGen: 825385K->131055K(917504K)] 825385K->183260K(6160384K), 0.2945850 secs]
Heap after gc invocations=3:
 PSYoungGen      total 917504K, used 131055K [0x00002ba6bb4e0000, 0x00002ba6fb4e0000, 0x00002ba6fb4e0000)
  eden space 786432K, 0% used [0x00002ba6bb4e0000,0x00002ba6bb4e0000,0x00002ba6eb4e0000)
  from space 131072K, 99% used [0x00002ba6eb4e0000,0x00002ba6f34dbc60,0x00002ba6f34e0000)
  to   space 131072K, 0% used [0x00002ba6f34e0000,0x00002ba6f34e0000,0x00002ba6fb4e0000)
 PSOldGen        total 5242880K, used 52205K [0x00002ba57b4e0000, 0x00002ba6bb4e0000, 0x00002ba6bb4e0000)
  object space 5242880K, 0% used [0x00002ba57b4e0000,0x00002ba57e7db4f8,0x00002ba6bb4e0000)
 PSPermGen       total 524288K, used 62655K [0x00002ba55b4e0000, 0x00002ba57b4e0000, 0x00002ba57b4e0000)
  object space 524288K, 11% used [0x00002ba55b4e0000,0x00002ba55f20fcd8,0x00002ba57b4e0000)
}
{Heap before gc invocations=4:
 PSYoungGen      total 917504K, used 131055K [0x00002ba6bb4e0000, 0x00002ba6fb4e0000, 0x00002ba6fb4e0000)
  eden space 786432K, 0% used [0x00002ba6bb4e0000,0x00002ba6bb4e0000,0x00002ba6eb4e0000)
  from space 131072K, 99% used [0x00002ba6eb4e0000,0x00002ba6f34dbc60,0x00002ba6f34e0000)
  to   space 131072K, 0% used [0x00002ba6f34e0000,0x00002ba6f34e0000,0x00002ba6fb4e0000)
 PSOldGen        total 5242880K, used 52205K [0x00002ba57b4e0000, 0x00002ba6bb4e0000, 0x00002ba6bb4e0000)
  object space 5242880K, 0% used [0x00002ba57b4e0000,0x00002ba57e7db4f8,0x00002ba6bb4e0000)
 PSPermGen       total 524288K, used 62655K [0x00002ba55b4e0000, 0x00002ba57b4e0000, 0x00002ba57b4e0000)
  object space 524288K, 11% used [0x00002ba55b4e0000,0x00002ba55f20fcd8,0x00002ba57b4e0000)
23.624: [Full GC [PSYoungGen: 131055K->0K(917504K)] [PSOldGen: 52205K->181665K(5242880K)] 183260K->181665K(6160384K) [PSPermGen: 62655K->62655K(524288K)], 0.9179020 secs]
Heap after gc invocations=4:
 PSYoungGen      total 917504K, used 0K [0x00002ba6bb4e0000, 0x00002ba6fb4e0000, 0x00002ba6fb4e0000)
  eden space 786432K, 0% used [0x00002ba6bb4e0000,0x00002ba6bb4e0000,0x00002ba6eb4e0000)
  from space 131072K, 0% used [0x00002ba6eb4e0000,0x00002ba6eb4e0000,0x00002ba6f34e0000)
  to   space 131072K, 0% used [0x00002ba6f34e0000,0x00002ba6f34e0000,0x00002ba6fb4e0000)
 PSOldGen        total 5242880K, used 181665K [0x00002ba57b4e0000, 0x00002ba6bb4e0000, 0x00002ba6bb4e0000)
  object space 5242880K, 3% used [0x00002ba57b4e0000,0x00002ba5866484d8,0x00002ba6bb4e0000)
 PSPermGen       total 524288K, used 62655K [0x00002ba55b4e0000, 0x00002ba57b4e0000, 0x00002ba57b4e0000)
  object space 524288K, 11% used [0x00002ba55b4e0000,0x00002ba55f20fcd8,0x00002ba57b4e0000)
}
Total time for which application threads were stopped: 1.2218180 seconds
Application time: 0.0143060 seconds
Total time for which application threads were stopped: 0.0101790 seconds
Application time: 0.4916270 seconds
Total time for which application threads were stopped: 0.0039390 seconds
Application time: 0.1782050 seconds
Total time for which application threads were stopped: 0.0067510 seconds
Application time: 0.9369350 seconds
Total time for which application threads were stopped: 0.0009350 seconds
Application time: 0.3794830 seconds
Total time for which application threads were stopped: 0.0104030 seconds
Application time: 0.4871780 seconds
{Heap before gc invocations=5:
 PSYoungGen      total 917504K, used 786432K [0x00002ba6bb4e0000, 0x00002ba6fb4e0000, 0x00002ba6fb4e0000)
  eden space 786432K, 100% used [0x00002ba6bb4e0000,0x00002ba6eb4e0000,0x00002ba6eb4e0000)
  from space 131072K, 0% used [0x00002ba6eb4e0000,0x00002ba6eb4e0000,0x00002ba6f34e0000)
  to   space 131072K, 0% used [0x00002ba6f34e0000,0x00002ba6f34e0000,0x00002ba6fb4e0000)
 PSOldGen        total 5242880K, used 181665K [0x00002ba57b4e0000, 0x00002ba6bb4e0000, 0x00002ba6bb4e0000)
  object space 5242880K, 3% used [0x00002ba57b4e0000,0x00002ba5866484d8,0x00002ba6bb4e0000)
 PSPermGen       total 524288K, used 71738K [0x00002ba55b4e0000, 0x00002ba57b4e0000, 0x00002ba57b4e0000)
  object space 524288K, 13% used [0x00002ba55b4e0000,0x00002ba55faeeba8,0x00002ba57b4e0000)
46.316: [GC [PSYoungGen: 786432K->73974K(917504K)] 968097K->255639K(6160384K), 0.0547180 secs]
Heap after gc invocations=5:
 PSYoungGen      total 917504K, used 73974K [0x00002ba6bb4e0000, 0x00002ba6fb4e0000, 0x00002ba6fb4e0000)
  eden space 786432K, 0% used [0x00002ba6bb4e0000,0x00002ba6bb4e0000,0x00002ba6eb4e0000)
  from space 131072K, 56% used [0x00002ba6f34e0000,0x00002ba6f7d1da00,0x00002ba6fb4e0000)
  to   space 131072K, 0% used [0x00002ba6eb4e0000,0x00002ba6eb4e0000,0x00002ba6f34e0000)
 PSOldGen        total 5242880K, used 181665K [0x00002ba57b4e0000, 0x00002ba6bb4e0000, 0x00002ba6bb4e0000)
  object space 5242880K, 3% used [0x00002ba57b4e0000,0x00002ba5866484d8,0x00002ba6bb4e0000)
 PSPermGen       total 524288K, used 71738K [0x00002ba55b4e0000, 0x00002ba57b4e0000, 0x00002ba57b4e0000)
  object space 524288K, 13% used [0x00002ba55b4e0000,0x00002ba55faeeba8,0x00002ba57b4e0000)
}
Total time for which application threads were stopped: 0.0845380 seconds
Application time: 0.7693270 seconds
Total time for which application threads were stopped: 0.0047450 seconds
Application time: 0.1979990 seconds
Total time for which application threads were stopped: 0.0092870 seconds
Application time: 0.0021840 seconds
Total time for which application threads were stopped: 0.0106520 seconds
Application time: 0.1926120 seconds
Total time for which application threads were stopped: 0.0308880 seconds
Application time: 0.6391250 seconds
Total time for which application threads were stopped: 0.0044700 seconds
Application time: 0.0038540 seconds
Total time for which application threads were stopped: 0.0093040 seconds
Application time: 0.0473330 seconds
Total time for which application threads were stopped: 0.0109560 seconds
Application time: 0.1535900 seconds
Total time for which application threads were stopped: 0.0315500 seconds
Application time: 0.0107940 seconds
Total time for which application threads were stopped: 0.0041450 seconds
Application time: 0.0820450 seconds
Total time for which application threads were stopped: 0.0094050 seconds
Application time: 0.1322760 seconds
Total time for which application threads were stopped: 0.0108740 seconds
Application time: 0.0206840 seconds
Total time for which application threads were stopped: 0.0307590 seconds
Application time: 0.0734320 seconds
Total time for which application threads were stopped: 0.0041160 seconds
Application time: 0.2499500 seconds
Total time for which application threads were stopped: 0.0092860 seconds
Application time: 0.0418580 seconds
Total time for which application threads were stopped: 0.0111990 seconds
Application time: 0.0053070 seconds
Total time for which application threads were stopped: 0.0305050 seconds
Application time: 0.2256940 seconds
Total time for which application threads were stopped: 0.0044070 seconds
Application time: 0.3401870 seconds
Total time for which application threads were stopped: 0.0007020 seconds
Application time: 0.7404530 seconds
Total time for which application threads were stopped: 0.0417700 seconds
Application time: 0.4381230 seconds
Total time for which application threads were stopped: 0.0008490 seconds
Application time: 0.6887130 seconds
Total time for which application threads were stopped: 0.0050280 seconds
Application time: 0.7228510 seconds
Total time for which application threads were stopped: 0.0122280 seconds
Application time: 0.8842390 seconds
Total time for which application threads were stopped: 0.0183270 seconds
Application time: 0.0982500 seconds
Total time for which application threads were stopped: 0.0454600 seconds
Application time: 0.0264030 seconds
Total time for which application threads were stopped: 0.0050420 seconds
Application time: 0.5122610 seconds
Total time for which application threads were stopped: 0.0368010 seconds
Application time: 0.8104660 seconds
{Heap before gc invocations=6:
 PSYoungGen      total 917504K, used 860406K [0x00002ba6bb4e0000, 0x00002ba6fb4e0000, 0x00002ba6fb4e0000)
  eden space 786432K, 100% used [0x00002ba6bb4e0000,0x00002ba6eb4e0000,0x00002ba6eb4e0000)
  from space 131072K, 56% used [0x00002ba6f34e0000,0x00002ba6f7d1da00,0x00002ba6fb4e0000)
  to   space 131072K, 0% used [0x00002ba6eb4e0000,0x00002ba6eb4e0000,0x00002ba6f34e0000)
 PSOldGen        total 5242880K, used 181665K [0x00002ba57b4e0000, 0x00002ba6bb4e0000, 0x00002ba6bb4e0000)
  object space 5242880K, 3% used [0x00002ba57b4e0000,0x00002ba5866484d8,0x00002ba6bb4e0000)
 PSPermGen       total 524288K, used 86543K [0x00002ba55b4e0000, 0x00002ba57b4e0000, 0x00002ba57b4e0000)
  object space 524288K, 16% used [0x00002ba55b4e0000,0x00002ba560963c80,0x00002ba57b4e0000)
58.944: [GC [PSYoungGen: 860406K->131042K(917504K)] 1042071K->372321K(6160384K), 0.1220840 secs]
Heap after gc invocations=6:
 PSYoungGen      total 917504K, used 131042K [0x00002ba6bb4e0000, 0x00002ba6fb4e0000, 0x00002ba6fb4e0000)
  eden space 786432K, 0% used [0x00002ba6bb4e0000,0x00002ba6bb4e0000,0x00002ba6eb4e0000)
  from space 131072K, 99% used [0x00002ba6eb4e0000,0x00002ba6f34d88b8,0x00002ba6f34e0000)
  to   space 131072K, 0% used [0x00002ba6f34e0000,0x00002ba6f34e0000,0x00002ba6fb4e0000)
 PSOldGen        total 5242880K, used 241278K [0x00002ba57b4e0000, 0x00002ba6bb4e0000, 0x00002ba6bb4e0000)
  object space 5242880K, 4% used [0x00002ba57b4e0000,0x00002ba58a07fbd0,0x00002ba6bb4e0000)
 PSPermGen       total 524288K, used 86543K [0x00002ba55b4e0000, 0x00002ba57b4e0000, 0x00002ba57b4e0000)
  object space 524288K, 16% used [0x00002ba55b4e0000,0x00002ba560963c80,0x00002ba57b4e0000)
}
Total time for which application threads were stopped: 0.1274000 seconds
Application time: 0.2813830 seconds
Total time for which application threads were stopped: 0.0068790 seconds
Application time: 0.9165970 seconds
Total time for which application threads were stopped: 0.0286900 seconds
Application time: 0.7749140 seconds
Total time for which application threads were stopped: 0.0074980 seconds
Application time: 0.8236770 seconds
Total time for which application threads were stopped: 0.0142160 seconds
Application time: 0.8047930 seconds
Total time for which application threads were stopped: 0.0323910 seconds
Application time: 0.9305510 seconds
Total time for which application threads were stopped: 0.0565040 seconds
Application time: 0.6415880 seconds
Total time for which application threads were stopped: 0.0336450 seconds
Application time: 2.9342150 seconds
Total time for which application threads were stopped: 0.0075440 seconds
Application time: 95.2049200 seconds
{Heap before gc invocations=7:
 PSYoungGen      total 917504K, used 917474K [0x00002ba6bb4e0000, 0x00002ba6fb4e0000, 0x00002ba6fb4e0000)
  eden space 786432K, 100% used [0x00002ba6bb4e0000,0x00002ba6eb4e0000,0x00002ba6eb4e0000)
  from space 131072K, 99% used [0x00002ba6eb4e0000,0x00002ba6f34d88b8,0x00002ba6f34e0000)
  to   space 131072K, 0% used [0x00002ba6f34e0000,0x00002ba6f34e0000,0x00002ba6fb4e0000)
 PSOldGen        total 5242880K, used 241278K [0x00002ba57b4e0000, 0x00002ba6bb4e0000, 0x00002ba6bb4e0000)
  object space 5242880K, 4% used [0x00002ba57b4e0000,0x00002ba58a07fbd0,0x00002ba6bb4e0000)
 PSPermGen       total 524288K, used 111314K [0x00002ba55b4e0000, 0x00002ba57b4e0000, 0x00002ba57b4e0000)
  object space 524288K, 21% used [0x00002ba55b4e0000,0x00002ba562194b10,0x00002ba57b4e0000)
549.780: [GC [PSYoungGen: 917474K->131070K(671744K)] 1158753K->419721K(5914624K), 0.1444670 secs]
Heap after gc invocations=7:
 PSYoungGen      total 671744K, used 131070K [0x00002ba6bb4e0000, 0x00002ba6fb4e0000, 0x00002ba6fb4e0000)
  eden space 540672K, 0% used [0x00002ba6bb4e0000,0x00002ba6bb4e0000,0x00002ba6dc4e0000)
  from space 131072K, 99% used [0x00002ba6f34e0000,0x00002ba6fb4dfa90,0x00002ba6fb4e0000)
  to   space 253952K, 0% used [0x00002ba6dc4e0000,0x00002ba6dc4e0000,0x00002ba6ebce0000)
 PSOldGen        total 5242880K, used 288650K [0x00002ba57b4e0000, 0x00002ba6bb4e0000, 0x00002ba6bb4e0000)
  object space 5242880K, 5% used [0x00002ba57b4e0000,0x00002ba58cec2a28,0x00002ba6bb4e0000)
 PSPermGen       total 524288K, used 111314K [0x00002ba55b4e0000, 0x00002ba57b4e0000, 0x00002ba57b4e0000)
  object space 524288K, 21% used [0x00002ba55b4e0000,0x00002ba562194b10,0x00002ba57b4e0000)
}
Total time for which application threads were stopped: 0.1956170 seconds
Application time: 8.1116670 seconds
{Heap before gc invocations=8:
 PSYoungGen      total 671744K, used 671742K [0x00002ba6bb4e0000, 0x00002ba6fb4e0000, 0x00002ba6fb4e0000)
  eden space 540672K, 100% used [0x00002ba6bb4e0000,0x00002ba6dc4e0000,0x00002ba6dc4e0000)
  from space 131072K, 99% used [0x00002ba6f34e0000,0x00002ba6fb4dfa90,0x00002ba6fb4e0000)
  to   space 253952K, 0% used [0x00002ba6dc4e0000,0x00002ba6dc4e0000,0x00002ba6ebce0000)
 PSOldGen        total 5242880K, used 288650K [0x00002ba57b4e0000, 0x00002ba6bb4e0000, 0x00002ba6bb4e0000)
  object space 5242880K, 5% used [0x00002ba57b4e0000,0x00002ba58cec2a28,0x00002ba6bb4e0000)
 PSPermGen       total 524288K, used 111593K [0x00002ba55b4e0000, 0x00002ba57b4e0000, 0x00002ba57b4e0000)
  object space 524288K, 21% used [0x00002ba55b4e0000,0x00002ba5621da648,0x00002ba57b4e0000)
2525.342: [GC [PSYoungGen: 671742K->135713K(794624K)] 960393K->424363K(6037504K), 0.0819870 secs]
Heap after gc invocations=8:
 PSYoungGen      total 794624K, used 135713K [0x00002ba6bb4e0000, 0x00002ba6fb4e0000, 0x00002ba6fb4e0000)
  eden space 540672K, 0% used [0x00002ba6bb4e0000,0x00002ba6bb4e0000,0x00002ba6dc4e0000)
  from space 253952K, 53% used [0x00002ba6dc4e0000,0x00002ba6e49685b0,0x00002ba6ebce0000)
  to   space 238208K, 0% used [0x00002ba6ecc40000,0x00002ba6ecc40000,0x00002ba6fb4e0000)
 PSOldGen        total 5242880K, used 288650K [0x00002ba57b4e0000, 0x00002ba6bb4e0000, 0x00002ba6bb4e0000)
  object space 5242880K, 5% used [0x00002ba57b4e0000,0x00002ba58cec2a28,0x00002ba6bb4e0000)
 PSPermGen       total 524288K, used 111593K [0x00002ba55b4e0000, 0x00002ba57b4e0000, 0x00002ba57b4e0000)
  object space 524288K, 21% used [0x00002ba55b4e0000,0x00002ba5621da648,0x00002ba57b4e0000)
}
Total time for which application threads were stopped: 0.0830690 seconds
Application time: 67.2708790 seconds
{Heap before gc invocations=9:
 PSYoungGen      total 794624K, used 420090K [0x00002ba6bb4e0000, 0x00002ba6fb4e0000, 0x00002ba6fb4e0000)
  eden space 540672K, 52% used [0x00002ba6bb4e0000,0x00002ba6cca96330,0x00002ba6dc4e0000)
  from space 253952K, 53% used [0x00002ba6dc4e0000,0x00002ba6e49685b0,0x00002ba6ebce0000)
  to   space 238208K, 0% used [0x00002ba6ecc40000,0x00002ba6ecc40000,0x00002ba6fb4e0000)
 PSOldGen        total 5242880K, used 288650K [0x00002ba57b4e0000, 0x00002ba6bb4e0000, 0x00002ba6bb4e0000)
  object space 5242880K, 5% used [0x00002ba57b4e0000,0x00002ba58cec2a28,0x00002ba6bb4e0000)
 PSPermGen       total 524288K, used 111661K [0x00002ba55b4e0000, 0x00002ba57b4e0000, 0x00002ba57b4e0000)
  object space 524288K, 21% used [0x00002ba55b4e0000,0x00002ba5621eb738,0x00002ba57b4e0000)
3624.952: [GC [PSYoungGen: 420090K->135425K(822144K)] 708740K->424075K(6065024K), 0.0729320 secs]
Heap after gc invocations=9:
 PSYoungGen      total 822144K, used 135425K [0x00002ba6bb4e0000, 0x00002ba6fb4e0000, 0x00002ba6fb4e0000)
  eden space 583936K, 0% used [0x00002ba6bb4e0000,0x00002ba6bb4e0000,0x00002ba6def20000)
  from space 238208K, 56% used [0x00002ba6ecc40000,0x00002ba6f5080550,0x00002ba6fb4e0000)
  to   space 226432K, 0% used [0x00002ba6def20000,0x00002ba6def20000,0x00002ba6ecc40000)
 PSOldGen        total 5242880K, used 288650K [0x00002ba57b4e0000, 0x00002ba6bb4e0000, 0x00002ba6bb4e0000)
  object space 5242880K, 5% used [0x00002ba57b4e0000,0x00002ba58cec2a28,0x00002ba6bb4e0000)
 PSPermGen       total 524288K, used 111661K [0x00002ba55b4e0000, 0x00002ba57b4e0000, 0x00002ba57b4e0000)
  object space 524288K, 21% used [0x00002ba55b4e0000,0x00002ba5621eb738,0x00002ba57b4e0000)
}
{Heap before gc invocations=10:
 PSYoungGen      total 822144K, used 135425K [0x00002ba6bb4e0000, 0x00002ba6fb4e0000, 0x00002ba6fb4e0000)
  eden space 583936K, 0% used [0x00002ba6bb4e0000,0x00002ba6bb4e0000,0x00002ba6def20000)
  from space 238208K, 56% used [0x00002ba6ecc40000,0x00002ba6f5080550,0x00002ba6fb4e0000)
  to   space 226432K, 0% used [0x00002ba6def20000,0x00002ba6def20000,0x00002ba6ecc40000)
 PSOldGen        total 5242880K, used 288650K [0x00002ba57b4e0000, 0x00002ba6bb4e0000, 0x00002ba6bb4e0000)
  object space 5242880K, 5% used [0x00002ba57b4e0000,0x00002ba58cec2a28,0x00002ba6bb4e0000)
 PSPermGen       total 524288K, used 111661K [0x00002ba55b4e0000, 0x00002ba57b4e0000, 0x00002ba57b4e0000)
  object space 524288K, 21% used [0x00002ba55b4e0000,0x00002ba5621eb738,0x00002ba57b4e0000)
3625.025: [Full GC [PSYoungGen: 135425K->0K(822144K)] [PSOldGen: 288650K->422396K(5242880K)] 424075K->422396K(6065024K) [PSPermGen: 111661K->111661K(524288K)], 1.7716670 secs]
Heap after gc invocations=10:
 PSYoungGen      total 822144K, used 0K [0x00002ba6bb4e0000, 0x00002ba6fb4e0000, 0x00002ba6fb4e0000)
  eden space 583936K, 0% used [0x00002ba6bb4e0000,0x00002ba6bb4e0000,0x00002ba6def20000)
  from space 238208K, 0% used [0x00002ba6ecc40000,0x00002ba6ecc40000,0x00002ba6fb4e0000)
  to   space 226432K, 0% used [0x00002ba6def20000,0x00002ba6def20000,0x00002ba6ecc40000)
 PSOldGen        total 5242880K, used 422396K [0x00002ba57b4e0000, 0x00002ba6bb4e0000, 0x00002ba6bb4e0000)
  object space 5242880K, 8% used [0x00002ba57b4e0000,0x00002ba59515f110,0x00002ba6bb4e0000)
 PSPermGen       total 524288K, used 111661K [0x00002ba55b4e0000, 0x00002ba57b4e0000, 0x00002ba57b4e0000)
  object space 524288K, 21% used [0x00002ba55b4e0000,0x00002ba5621eb738,0x00002ba57b4e0000)
}
Total time for which application threads were stopped: 1.8459130 seconds
Application time: 64.3137400 seconds
{Heap before gc invocations=11:
 PSYoungGen      total 822144K, used 583936K [0x00002ba6bb4e0000, 0x00002ba6fb4e0000, 0x00002ba6fb4e0000)
  eden space 583936K, 100% used [0x00002ba6bb4e0000,0x00002ba6def20000,0x00002ba6def20000)
  from space 238208K, 0% used [0x00002ba6ecc40000,0x00002ba6ecc40000,0x00002ba6fb4e0000)
  to   space 226432K, 0% used [0x00002ba6def20000,0x00002ba6def20000,0x00002ba6ecc40000)
 PSOldGen        total 5242880K, used 422396K [0x00002ba57b4e0000, 0x00002ba6bb4e0000, 0x00002ba6bb4e0000)
  object space 5242880K, 8% used [0x00002ba57b4e0000,0x00002ba59515f110,0x00002ba6bb4e0000)
 PSPermGen       total 524288K, used 111722K [0x00002ba55b4e0000, 0x00002ba57b4e0000, 0x00002ba57b4e0000)
  object space 524288K, 21% used [0x00002ba55b4e0000,0x00002ba5621faa30,0x00002ba57b4e0000)
5967.890: [GC [PSYoungGen: 583936K->9216K(590272K)] 1006332K->431612K(5833152K), 0.0312580 secs]
Heap after gc invocations=11:
 PSYoungGen      total 590272K, used 9216K [0x00002ba6bb4e0000, 0x00002ba6fb4e0000, 0x00002ba6fb4e0000)
  eden space 581056K, 0% used [0x00002ba6bb4e0000,0x00002ba6bb4e0000,0x00002ba6dec50000)
  from space 9216K, 100% used [0x00002ba6def20000,0x00002ba6df820000,0x00002ba6df820000)
  to   space 239168K, 0% used [0x00002ba6ecb50000,0x00002ba6ecb50000,0x00002ba6fb4e0000)
 PSOldGen        total 5242880K, used 422396K [0x00002ba57b4e0000, 0x00002ba6bb4e0000, 0x00002ba6bb4e0000)
  object space 5242880K, 8% used [0x00002ba57b4e0000,0x00002ba59515f110,0x00002ba6bb4e0000)
 PSPermGen       total 524288K, used 111722K [0x00002ba55b4e0000, 0x00002ba57b4e0000, 0x00002ba57b4e0000)
  object space 524288K, 21% used [0x00002ba55b4e0000,0x00002ba5621faa30,0x00002ba57b4e0000)
}
Total time for which application threads were stopped: 0.0456000 seconds
Application time: 120.5664660 seconds
{Heap before gc invocations=12:
 PSYoungGen      total 590272K, used 344711K [0x00002ba6bb4e0000, 0x00002ba6fb4e0000, 0x00002ba6fb4e0000)
  eden space 581056K, 57% used [0x00002ba6bb4e0000,0x00002ba6cfc81cd0,0x00002ba6dec50000)
  from space 9216K, 100% used [0x00002ba6def20000,0x00002ba6df820000,0x00002ba6df820000)
  to   space 239168K, 0% used [0x00002ba6ecb50000,0x00002ba6ecb50000,0x00002ba6fb4e0000)
 PSOldGen        total 5242880K, used 422396K [0x00002ba57b4e0000, 0x00002ba6bb4e0000, 0x00002ba6bb4e0000)
  object space 5242880K, 8% used [0x00002ba57b4e0000,0x00002ba59515f110,0x00002ba6bb4e0000)
 PSPermGen       total 524288K, used 111886K [0x00002ba55b4e0000, 0x00002ba57b4e0000, 0x00002ba57b4e0000)
  object space 524288K, 21% used [0x00002ba55b4e0000,0x00002ba562223a08,0x00002ba57b4e0000)
7227.207: [GC [PSYoungGen: 344711K->9729K(795584K)] 767107K->432125K(6038464K), 0.0363290 secs]
Heap after gc invocations=12:
 PSYoungGen      total 795584K, used 9729K [0x00002ba6bb4e0000, 0x00002ba6fb4e0000, 0x00002ba6fb4e0000)
  eden space 556416K, 0% used [0x00002ba6bb4e0000,0x00002ba6bb4e0000,0x00002ba6dd440000)
  from space 239168K, 4% used [0x00002ba6ecb50000,0x00002ba6ed4d0510,0x00002ba6fb4e0000)
  to   space 246080K, 0% used [0x00002ba6dd440000,0x00002ba6dd440000,0x00002ba6ec490000)
 PSOldGen        total 5242880K, used 422396K [0x00002ba57b4e0000, 0x00002ba6bb4e0000, 0x00002ba6bb4e0000)
  object space 5242880K, 8% used [0x00002ba57b4e0000,0x00002ba59515f110,0x00002ba6bb4e0000)
 PSPermGen       total 524288K, used 111886K [0x00002ba55b4e0000, 0x00002ba57b4e0000, 0x00002ba57b4e0000)
  object space 524288K, 21% used [0x00002ba55b4e0000,0x00002ba562223a08,0x00002ba57b4e0000)
}
{Heap before gc invocations=13:
 PSYoungGen      total 795584K, used 9729K [0x00002ba6bb4e0000, 0x00002ba6fb4e0000, 0x00002ba6fb4e0000)
  eden space 556416K, 0% used [0x00002ba6bb4e0000,0x00002ba6bb4e0000,0x00002ba6dd440000)
  from space 239168K, 4% used [0x00002ba6ecb50000,0x00002ba6ed4d0510,0x00002ba6fb4e0000)
  to   space 246080K, 0% used [0x00002ba6dd440000,0x00002ba6dd440000,0x00002ba6ec490000)
 PSOldGen        total 5242880K, used 422396K [0x00002ba57b4e0000, 0x00002ba6bb4e0000, 0x00002ba6bb4e0000)
  object space 5242880K, 8% used [0x00002ba57b4e0000,0x00002ba59515f110,0x00002ba6bb4e0000)
 PSPermGen       total 524288K, used 111886K [0x00002ba55b4e0000, 0x00002ba57b4e0000, 0x00002ba57b4e0000)
  object space 524288K, 21% used [0x00002ba55b4e0000,0x00002ba562223a08,0x00002ba57b4e0000)
7227.243: [Full GC [PSYoungGen: 9729K->0K(795584K)] [PSOldGen: 422396K->431630K(5242880K)] 432125K->431630K(6038464K) [PSPermGen: 111886K->111886K(524288K)], 1.6449150 secs]
Heap after gc invocations=13:
 PSYoungGen      total 795584K, used 0K [0x00002ba6bb4e0000, 0x00002ba6fb4e0000, 0x00002ba6fb4e0000)
  eden space 556416K, 0% used [0x00002ba6bb4e0000,0x00002ba6bb4e0000,0x00002ba6dd440000)
  from space 239168K, 0% used [0x00002ba6ecb50000,0x00002ba6ecb50000,0x00002ba6fb4e0000)
  to   space 246080K, 0% used [0x00002ba6dd440000,0x00002ba6dd440000,0x00002ba6ec490000)
 PSOldGen        total 5242880K, used 431630K [0x00002ba57b4e0000, 0x00002ba6bb4e0000, 0x00002ba6bb4e0000)
  object space 5242880K, 8% used [0x00002ba57b4e0000,0x00002ba595a63a90,0x00002ba6bb4e0000)
 PSPermGen       total 524288K, used 111886K [0x00002ba55b4e0000, 0x00002ba57b4e0000, 0x00002ba57b4e0000)
  object space 524288K, 21% used [0x00002ba55b4e0000,0x00002ba562223a08,0x00002ba57b4e0000)
}
Total time for which application threads were stopped: 1.6823990 seconds
Application time: 247.0937050 seconds
{Heap before gc invocations=14:
 PSYoungGen      total 795584K, used 556416K [0x00002ba6bb4e0000, 0x00002ba6fb4e0000, 0x00002ba6fb4e0000)
  eden space 556416K, 100% used [0x00002ba6bb4e0000,0x00002ba6dd440000,0x00002ba6dd440000)
  from space 239168K, 0% used [0x00002ba6ecb50000,0x00002ba6ecb50000,0x00002ba6fb4e0000)
  to   space 246080K, 0% used [0x00002ba6dd440000,0x00002ba6dd440000,0x00002ba6ec490000)
 PSOldGen        total 5242880K, used 431630K [0x00002ba57b4e0000, 0x00002ba6bb4e0000, 0x00002ba6bb4e0000)
  object space 5242880K, 8% used [0x00002ba57b4e0000,0x00002ba595a63a90,0x00002ba6bb4e0000)
 PSPermGen       total 524288K, used 111933K [0x00002ba55b4e0000, 0x00002ba57b4e0000, 0x00002ba57b4e0000)
  object space 524288K, 21% used [0x00002ba55b4e0000,0x00002ba56222f510,0x00002ba57b4e0000)
9436.418: [GC [PSYoungGen: 556416K->9344K(563136K)] 988046K->440974K(5806016K), 0.0318090 secs]
Heap after gc invocations=14:
 PSYoungGen      total 563136K, used 9344K [0x00002ba6bb4e0000, 0x00002ba6fb4e0000, 0x00002ba6fb4e0000)
  eden space 553792K, 0% used [0x00002ba6bb4e0000,0x00002ba6bb4e0000,0x00002ba6dd1b0000)
  from space 9344K, 100% used [0x00002ba6dd440000,0x00002ba6ddd60000,0x00002ba6ddd60000)
  to   space 249344K, 0% used [0x00002ba6ec160000,0x00002ba6ec160000,0x00002ba6fb4e0000)
 PSOldGen        total 5242880K, used 431630K [0x00002ba57b4e0000, 0x00002ba6bb4e0000, 0x00002ba6bb4e0000)
  object space 5242880K, 8% used [0x00002ba57b4e0000,0x00002ba595a63a90,0x00002ba6bb4e0000)
 PSPermGen       total 524288K, used 111933K [0x00002ba55b4e0000, 0x00002ba57b4e0000, 0x00002ba57b4e0000)
  object space 524288K, 21% used [0x00002ba55b4e0000,0x00002ba56222f510,0x00002ba57b4e0000)
}
Total time for which application threads were stopped: 0.0328330 seconds
Application time: 154.2840210 seconds
{Heap before gc invocations=15:
 PSYoungGen      total 563136K, used 384146K [0x00002ba6bb4e0000, 0x00002ba6fb4e0000, 0x00002ba6fb4e0000)
  eden space 553792K, 67% used [0x00002ba6bb4e0000,0x00002ba6d22e4968,0x00002ba6dd1b0000)
  from space 9344K, 100% used [0x00002ba6dd440000,0x00002ba6ddd60000,0x00002ba6ddd60000)
  to   space 249344K, 0% used [0x00002ba6ec160000,0x00002ba6ec160000,0x00002ba6fb4e0000)
 PSOldGen        total 5242880K, used 431630K [0x00002ba57b4e0000, 0x00002ba6bb4e0000, 0x00002ba6bb4e0000)
  object space 5242880K, 8% used [0x00002ba57b4e0000,0x00002ba595a63a90,0x00002ba6bb4e0000)
 PSPermGen       total 524288K, used 111967K [0x00002ba55b4e0000, 0x00002ba57b4e0000, 0x00002ba57b4e0000)
  object space 524288K, 21% used [0x00002ba55b4e0000,0x00002ba562237d30,0x00002ba57b4e0000)
10829.300: [GC [PSYoungGen: 384146K->9216K(798720K)] 815776K->441246K(6041600K), 0.0362350 secs]
Heap after gc invocations=15:
 PSYoungGen      total 798720K, used 9216K [0x00002ba6bb4e0000, 0x00002ba6fb4e0000, 0x00002ba6fb4e0000)
  eden space 549376K, 0% used [0x00002ba6bb4e0000,0x00002ba6bb4e0000,0x00002ba6dcd60000)
  from space 249344K, 3% used [0x00002ba6ec160000,0x00002ba6eca60000,0x00002ba6fb4e0000)
  to   space 249600K, 0% used [0x00002ba6dcd60000,0x00002ba6dcd60000,0x00002ba6ec120000)
 PSOldGen        total 5242880K, used 432030K [0x00002ba57b4e0000, 0x00002ba6bb4e0000, 0x00002ba6bb4e0000)
  object space 5242880K, 8% used [0x00002ba57b4e0000,0x00002ba595ac7a90,0x00002ba6bb4e0000)
 PSPermGen       total 524288K, used 111967K [0x00002ba55b4e0000, 0x00002ba57b4e0000, 0x00002ba57b4e0000)
  object space 524288K, 21% used [0x00002ba55b4e0000,0x00002ba562237d30,0x00002ba57b4e0000)
}
{Heap before gc invocations=16:
 PSYoungGen      total 798720K, used 9216K [0x00002ba6bb4e0000, 0x00002ba6fb4e0000, 0x00002ba6fb4e0000)
  eden space 549376K, 0% used [0x00002ba6bb4e0000,0x00002ba6bb4e0000,0x00002ba6dcd60000)
  from space 249344K, 3% used [0x00002ba6ec160000,0x00002ba6eca60000,0x00002ba6fb4e0000)
  to   space 249600K, 0% used [0x00002ba6dcd60000,0x00002ba6dcd60000,0x00002ba6ec120000)
 PSOldGen        total 5242880K, used 432030K [0x00002ba57b4e0000, 0x00002ba6bb4e0000, 0x00002ba6bb4e0000)
  object space 5242880K, 8% used [0x00002ba57b4e0000,0x00002ba595ac7a90,0x00002ba6bb4e0000)
 PSPermGen       total 524288K, used 111967K [0x00002ba55b4e0000, 0x00002ba57b4e0000, 0x00002ba57b4e0000)
  object space 524288K, 21% used [0x00002ba55b4e0000,0x00002ba562237d30,0x00002ba57b4e0000)
10829.336: [Full GC [PSYoungGen: 9216K->0K(798720K)] [PSOldGen: 432030K->355990K(5242880K)] 441246K->355990K(6041600K) [PSPermGen: 111967K->110392K(524288K)], 2.0780610 secs]
Heap after gc invocations=16:
 PSYoungGen      total 798720K, used 0K [0x00002ba6bb4e0000, 0x00002ba6fb4e0000, 0x00002ba6fb4e0000)
  eden space 549376K, 0% used [0x00002ba6bb4e0000,0x00002ba6bb4e0000,0x00002ba6dcd60000)
  from space 249344K, 0% used [0x00002ba6ec160000,0x00002ba6ec160000,0x00002ba6fb4e0000)
  to   space 249600K, 0% used [0x00002ba6dcd60000,0x00002ba6dcd60000,0x00002ba6ec120000)
 PSOldGen        total 5242880K, used 355990K [0x00002ba57b4e0000, 0x00002ba6bb4e0000, 0x00002ba6bb4e0000)
  object space 5242880K, 6% used [0x00002ba57b4e0000,0x00002ba591085ad8,0x00002ba6bb4e0000)
 PSPermGen       total 524288K, used 110392K [0x00002ba55b4e0000, 0x00002ba57b4e0000, 0x00002ba57b4e0000)
  object space 524288K, 21% used [0x00002ba55b4e0000,0x00002ba5620ae288,0x00002ba57b4e0000)
}
Total time for which application threads were stopped: 2.1154700 seconds
Application time: 113.4234860 seconds
{Heap before gc invocations=17:
 PSYoungGen      total 798720K, used 549376K [0x00002ba6bb4e0000, 0x00002ba6fb4e0000, 0x00002ba6fb4e0000)
  eden space 549376K, 100% used [0x00002ba6bb4e0000,0x00002ba6dcd60000,0x00002ba6dcd60000)
  from space 249344K, 0% used [0x00002ba6ec160000,0x00002ba6ec160000,0x00002ba6fb4e0000)
  to   space 249600K, 0% used [0x00002ba6dcd60000,0x00002ba6dcd60000,0x00002ba6ec120000)
 PSOldGen        total 5242880K, used 355990K [0x00002ba57b4e0000, 0x00002ba6bb4e0000, 0x00002ba6bb4e0000)
  object space 5242880K, 6% used [0x00002ba57b4e0000,0x00002ba591085ad8,0x00002ba6bb4e0000)
 PSPermGen       total 524288K, used 110445K [0x00002ba55b4e0000, 0x00002ba57b4e0000, 0x00002ba57b4e0000)
  object space 524288K, 21% used [0x00002ba55b4e0000,0x00002ba5620bb520,0x00002ba57b4e0000)
13007.174: [GC [PSYoungGen: 549376K->9344K(798976K)] 905366K->365334K(6041856K), 0.0335590 secs]
Heap after gc invocations=17:
 PSYoungGen      total 798976K, used 9344K [0x00002ba6bb4e0000, 0x00002ba6fb4e0000, 0x00002ba6fb4e0000)
  eden space 549376K, 0% used [0x00002ba6bb4e0000,0x00002ba6bb4e0000,0x00002ba6dcd60000)
  from space 249600K, 3% used [0x00002ba6dcd60000,0x00002ba6dd680000,0x00002ba6ec120000)
  to   space 247424K, 0% used [0x00002ba6ec340000,0x00002ba6ec340000,0x00002ba6fb4e0000)
 PSOldGen        total 5242880K, used 355990K [0x00002ba57b4e0000, 0x00002ba6bb4e0000, 0x00002ba6bb4e0000)
  object space 5242880K, 6% used [0x00002ba57b4e0000,0x00002ba591085ad8,0x00002ba6bb4e0000)
 PSPermGen       total 524288K, used 110445K [0x00002ba55b4e0000, 0x00002ba57b4e0000, 0x00002ba57b4e0000)
  object space 524288K, 21% used [0x00002ba55b4e0000,0x00002ba5620bb520,0x00002ba57b4e0000)
}
Total time for which application threads were stopped: 0.0442690 seconds
Application time: 89.0352530 seconds
Total time for which application threads were stopped: 0.0017060 seconds
Application time: 0.2736910 seconds
Total time for which application threads were stopped: 0.0326840 seconds
Application time: 30.4164020 seconds
Total time for which application threads were stopped: 0.0331880 seconds
Application time: 0.2789840 seconds
Total time for which application threads were stopped: 0.0528010 seconds
Application time: 0.6912640 seconds
{Heap before gc invocations=18:
 PSYoungGen      total 798976K, used 558720K [0x00002ba6bb4e0000, 0x00002ba6fb4e0000, 0x00002ba6fb4e0000)
  eden space 549376K, 100% used [0x00002ba6bb4e0000,0x00002ba6dcd60000,0x00002ba6dcd60000)
  from space 249600K, 3% used [0x00002ba6dcd60000,0x00002ba6dd680000,0x00002ba6ec120000)
  to   space 247424K, 0% used [0x00002ba6ec340000,0x00002ba6ec340000,0x00002ba6fb4e0000)
 PSOldGen        total 5242880K, used 355990K [0x00002ba57b4e0000, 0x00002ba6bb4e0000, 0x00002ba6bb4e0000)
  object space 5242880K, 6% used [0x00002ba57b4e0000,0x00002ba591085ad8,0x00002ba6bb4e0000)
 PSPermGen       total 524288K, used 114216K [0x00002ba55b4e0000, 0x00002ba57b4e0000, 0x00002ba57b4e0000)
  object space 524288K, 21% used [0x00002ba55b4e0000,0x00002ba56246a108,0x00002ba57b4e0000)
13815.573: [GC [PSYoungGen: 558720K->22209K(807488K)] 914710K->379664K(6050368K), 0.0467650 secs]
Heap after gc invocations=18:
 PSYoungGen      total 807488K, used 22209K [0x00002ba6bb4e0000, 0x00002ba6fb4e0000, 0x00002ba6fb4e0000)
  eden space 560064K, 0% used [0x00002ba6bb4e0000,0x00002ba6bb4e0000,0x00002ba6dd7d0000)
  from space 247424K, 8% used [0x00002ba6ec340000,0x00002ba6ed8f0610,0x00002ba6fb4e0000)
  to   space 241088K, 0% used [0x00002ba6dd7d0000,0x00002ba6dd7d0000,0x00002ba6ec340000)
 PSOldGen        total 5242880K, used 357454K [0x00002ba57b4e0000, 0x00002ba6bb4e0000, 0x00002ba6bb4e0000)
  object space 5242880K, 6% used [0x00002ba57b4e0000,0x00002ba5911f3ad8,0x00002ba6bb4e0000)
 PSPermGen       total 524288K, used 114216K [0x00002ba55b4e0000, 0x00002ba57b4e0000, 0x00002ba57b4e0000)
  object space 524288K, 21% used [0x00002ba55b4e0000,0x00002ba56246a108,0x00002ba57b4e0000)
}
Total time for which application threads were stopped: 0.0801320 seconds
Application time: 0.9785720 seconds
Total time for which application threads were stopped: 0.0018190 seconds
Application time: 0.7721780 seconds
Total time for which application threads were stopped: 0.0012650 seconds
Application time: 0.3867030 seconds
{Heap before gc invocations=19:
 PSYoungGen      total 807488K, used 582273K [0x00002ba6bb4e0000, 0x00002ba6fb4e0000, 0x00002ba6fb4e0000)
  eden space 560064K, 100% used [0x00002ba6bb4e0000,0x00002ba6dd7d0000,0x00002ba6dd7d0000)
  from space 247424K, 8% used [0x00002ba6ec340000,0x00002ba6ed8f0610,0x00002ba6fb4e0000)
  to   space 241088K, 0% used [0x00002ba6dd7d0000,0x00002ba6dd7d0000,0x00002ba6ec340000)
 PSOldGen        total 5242880K, used 357454K [0x00002ba57b4e0000, 0x00002ba6bb4e0000, 0x00002ba6bb4e0000)
  object space 5242880K, 6% used [0x00002ba57b4e0000,0x00002ba5911f3ad8,0x00002ba6bb4e0000)
 PSPermGen       total 524288K, used 114920K [0x00002ba55b4e0000, 0x00002ba57b4e0000, 0x00002ba57b4e0000)
  object space 524288K, 21% used [0x00002ba55b4e0000,0x00002ba56251a378,0x00002ba57b4e0000)
13819.852: [GC [PSYoungGen: 582273K->24364K(801152K)] 939728K->402354K(6044032K), 0.0451910 secs]
Heap after gc invocations=19:
 PSYoungGen      total 801152K, used 24364K [0x00002ba6bb4e0000, 0x00002ba6fb4e0000, 0x00002ba6fb4e0000)
  eden space 560064K, 0% used [0x00002ba6bb4e0000,0x00002ba6bb4e0000,0x00002ba6dd7d0000)
  from space 241088K, 10% used [0x00002ba6dd7d0000,0x00002ba6def9b048,0x00002ba6ec340000)
  to   space 233408K, 0% used [0x00002ba6ed0f0000,0x00002ba6ed0f0000,0x00002ba6fb4e0000)
 PSOldGen        total 5242880K, used 377990K [0x00002ba57b4e0000, 0x00002ba6bb4e0000, 0x00002ba6bb4e0000)
  object space 5242880K, 7% used [0x00002ba57b4e0000,0x00002ba592601998,0x00002ba6bb4e0000)
 PSPermGen       total 524288K, used 114920K [0x00002ba55b4e0000, 0x00002ba57b4e0000, 0x00002ba57b4e0000)
  object space 524288K, 21% used [0x00002ba55b4e0000,0x00002ba56251a378,0x00002ba57b4e0000)
}
Total time for which application threads were stopped: 0.0627040 seconds
Application time: 0.2902070 seconds
{Heap before gc invocations=20:
 PSYoungGen      total 801152K, used 584428K [0x00002ba6bb4e0000, 0x00002ba6fb4e0000, 0x00002ba6fb4e0000)
  eden space 560064K, 100% used [0x00002ba6bb4e0000,0x00002ba6dd7d0000,0x00002ba6dd7d0000)
  from space 241088K, 10% used [0x00002ba6dd7d0000,0x00002ba6def9b048,0x00002ba6ec340000)
  to   space 233408K, 0% used [0x00002ba6ed0f0000,0x00002ba6ed0f0000,0x00002ba6fb4e0000)
 PSOldGen        total 5242880K, used 377990K [0x00002ba57b4e0000, 0x00002ba6bb4e0000, 0x00002ba6bb4e0000)
  object space 5242880K, 7% used [0x00002ba57b4e0000,0x00002ba592601998,0x00002ba6bb4e0000)
 PSPermGen       total 524288K, used 115296K [0x00002ba55b4e0000, 0x00002ba57b4e0000, 0x00002ba57b4e0000)
  object space 524288K, 21% used [0x00002ba55b4e0000,0x00002ba5625783d8,0x00002ba57b4e0000)
13824.364: [GC [PSYoungGen: 584428K->32064K(824832K)] 962418K->433801K(6067712K), 0.0380610 secs]
Heap after gc invocations=20:
 PSYoungGen      total 824832K, used 32064K [0x00002ba6bb4e0000, 0x00002ba6fb4e0000, 0x00002ba6fb4e0000)
  eden space 591424K, 0% used [0x00002ba6bb4e0000,0x00002ba6bb4e0000,0x00002ba6df670000)
  from space 233408K, 13% used [0x00002ba6ed0f0000,0x00002ba6ef040048,0x00002ba6fb4e0000)
  to   space 223744K, 0% used [0x00002ba6df670000,0x00002ba6df670000,0x00002ba6ed0f0000)
 PSOldGen        total 5242880K, used 401737K [0x00002ba57b4e0000, 0x00002ba6bb4e0000, 0x00002ba6bb4e0000)
  object space 5242880K, 7% used [0x00002ba57b4e0000,0x00002ba593d32508,0x00002ba6bb4e0000)
 PSPermGen       total 524288K, used 115296K [0x00002ba55b4e0000, 0x00002ba57b4e0000, 0x00002ba57b4e0000)
  object space 524288K, 21% used [0x00002ba55b4e0000,0x00002ba5625783d8,0x00002ba57b4e0000)
}
Total time for which application threads were stopped: 0.0732310 seconds
Application time: 0.3235890 seconds
{Heap before gc invocations=21:
 PSYoungGen      total 824832K, used 623488K [0x00002ba6bb4e0000, 0x00002ba6fb4e0000, 0x00002ba6fb4e0000)
  eden space 591424K, 100% used [0x00002ba6bb4e0000,0x00002ba6df670000,0x00002ba6df670000)
  from space 233408K, 13% used [0x00002ba6ed0f0000,0x00002ba6ef040048,0x00002ba6fb4e0000)
  to   space 223744K, 0% used [0x00002ba6df670000,0x00002ba6df670000,0x00002ba6ed0f0000)
 PSOldGen        total 5242880K, used 401737K [0x00002ba57b4e0000, 0x00002ba6bb4e0000, 0x00002ba6bb4e0000)
  object space 5242880K, 7% used [0x00002ba57b4e0000,0x00002ba593d32508,0x00002ba6bb4e0000)
 PSPermGen       total 524288K, used 115812K [0x00002ba55b4e0000, 0x00002ba57b4e0000, 0x00002ba57b4e0000)
  object space 524288K, 22% used [0x00002ba55b4e0000,0x00002ba5625f92f8,0x00002ba57b4e0000)
13828.939: [GC [PSYoungGen: 623488K->33392K(815168K)] 1025225K->466653K(6058048K), 0.0434760 secs]
Heap after gc invocations=21:
 PSYoungGen      total 815168K, used 33392K [0x00002ba6bb4e0000, 0x00002ba6fb4e0000, 0x00002ba6fb4e0000)
  eden space 591424K, 0% used [0x00002ba6bb4e0000,0x00002ba6bb4e0000,0x00002ba6df670000)
  from space 223744K, 14% used [0x00002ba6df670000,0x00002ba6e170c2a0,0x00002ba6ed0f0000)
  to   space 213824K, 0% used [0x00002ba6ee410000,0x00002ba6ee410000,0x00002ba6fb4e0000)
 PSOldGen        total 5242880K, used 433260K [0x00002ba57b4e0000, 0x00002ba6bb4e0000, 0x00002ba6bb4e0000)
  object space 5242880K, 8% used [0x00002ba57b4e0000,0x00002ba595bfb1c0,0x00002ba6bb4e0000)
 PSPermGen       total 524288K, used 115812K [0x00002ba55b4e0000, 0x00002ba57b4e0000, 0x00002ba57b4e0000)
  object space 524288K, 22% used [0x00002ba55b4e0000,0x00002ba5625f92f8,0x00002ba57b4e0000)
}
Total time for which application threads were stopped: 0.1129640 seconds
Application time: 0.9263870 seconds
Total time for which application threads were stopped: 0.0221600 seconds
Application time: 0.3745200 seconds
{Heap before gc invocations=22:
 PSYoungGen      total 815168K, used 624816K [0x00002ba6bb4e0000, 0x00002ba6fb4e0000, 0x00002ba6fb4e0000)
  eden space 591424K, 100% used [0x00002ba6bb4e0000,0x00002ba6df670000,0x00002ba6df670000)
  from space 223744K, 14% used [0x00002ba6df670000,0x00002ba6e170c2a0,0x00002ba6ed0f0000)
  to   space 213824K, 0% used [0x00002ba6ee410000,0x00002ba6ee410000,0x00002ba6fb4e0000)
 PSOldGen        total 5242880K, used 433260K [0x00002ba57b4e0000, 0x00002ba6bb4e0000, 0x00002ba6bb4e0000)
  object space 5242880K, 8% used [0x00002ba57b4e0000,0x00002ba595bfb1c0,0x00002ba6bb4e0000)
 PSPermGen       total 524288K, used 116144K [0x00002ba55b4e0000, 0x00002ba57b4e0000, 0x00002ba57b4e0000)
  object space 524288K, 22% used [0x00002ba55b4e0000,0x00002ba56264c088,0x00002ba57b4e0000)
13833.446: [GC [PSYoungGen: 624816K->32870K(844544K)] 1058077K->498954K(6087424K), 0.0410150 secs]
Heap after gc invocations=22:
 PSYoungGen      total 844544K, used 32870K [0x00002ba6bb4e0000, 0x00002ba6fb4e0000, 0x00002ba6fb4e0000)
  eden space 630720K, 0% used [0x00002ba6bb4e0000,0x00002ba6bb4e0000,0x00002ba6e1cd0000)
  from space 213824K, 15% used [0x00002ba6ee410000,0x00002ba6f0429a28,0x00002ba6fb4e0000)
  to   space 204032K, 0% used [0x00002ba6e1cd0000,0x00002ba6e1cd0000,0x00002ba6ee410000)
 PSOldGen        total 5242880K, used 466083K [0x00002ba57b4e0000, 0x00002ba6bb4e0000, 0x00002ba6bb4e0000)
  object space 5242880K, 8% used [0x00002ba57b4e0000,0x00002ba597c08f58,0x00002ba6bb4e0000)
 PSPermGen       total 524288K, used 116144K [0x00002ba55b4e0000, 0x00002ba57b4e0000, 0x00002ba57b4e0000)
  object space 524288K, 22% used [0x00002ba55b4e0000,0x00002ba56264c088,0x00002ba57b4e0000)
}
Total time for which application threads were stopped: 0.0534200 seconds
Application time: 0.1865490 seconds
{Heap before gc invocations=23:
 PSYoungGen      total 844544K, used 663590K [0x00002ba6bb4e0000, 0x00002ba6fb4e0000, 0x00002ba6fb4e0000)
  eden space 630720K, 100% used [0x00002ba6bb4e0000,0x00002ba6e1cd0000,0x00002ba6e1cd0000)
  from space 213824K, 15% used [0x00002ba6ee410000,0x00002ba6f0429a28,0x00002ba6fb4e0000)
  to   space 204032K, 0% used [0x00002ba6e1cd0000,0x00002ba6e1cd0000,0x00002ba6ee410000)
 PSOldGen        total 5242880K, used 466083K [0x00002ba57b4e0000, 0x00002ba6bb4e0000, 0x00002ba6bb4e0000)
  object space 5242880K, 8% used [0x00002ba57b4e0000,0x00002ba597c08f58,0x00002ba6bb4e0000)
 PSPermGen       total 524288K, used 116712K [0x00002ba55b4e0000, 0x00002ba57b4e0000, 0x00002ba57b4e0000)
  object space 524288K, 22% used [0x00002ba55b4e0000,0x00002ba5626da300,0x00002ba57b4e0000)
13837.850: [GC [PSYoungGen: 663590K->34656K(834752K)] 1129674K->532850K(6077632K), 0.0438010 secs]
Heap after gc invocations=23:
 PSYoungGen      total 834752K, used 34656K [0x00002ba6bb4e0000, 0x00002ba6fb4e0000, 0x00002ba6fb4e0000)
  eden space 630720K, 0% used [0x00002ba6bb4e0000,0x00002ba6bb4e0000,0x00002ba6e1cd0000)
  from space 204032K, 16% used [0x00002ba6e1cd0000,0x00002ba6e3ea8108,0x00002ba6ee410000)
  to   space 194112K, 0% used [0x00002ba6ef750000,0x00002ba6ef750000,0x00002ba6fb4e0000)
 PSOldGen        total 5242880K, used 498194K [0x00002ba57b4e0000, 0x00002ba6bb4e0000, 0x00002ba6bb4e0000)
  object space 5242880K, 9% used [0x00002ba57b4e0000,0x00002ba599b648a8,0x00002ba6bb4e0000)
 PSPermGen       total 524288K, used 116712K [0x00002ba55b4e0000, 0x00002ba57b4e0000, 0x00002ba57b4e0000)
  object space 524288K, 22% used [0x00002ba55b4e0000,0x00002ba5626da300,0x00002ba57b4e0000)
}
Total time for which application threads were stopped: 0.0687100 seconds
Application time: 0.9135680 seconds
{Heap before gc invocations=24:
 PSYoungGen      total 834752K, used 665376K [0x00002ba6bb4e0000, 0x00002ba6fb4e0000, 0x00002ba6fb4e0000)
  eden space 630720K, 100% used [0x00002ba6bb4e0000,0x00002ba6e1cd0000,0x00002ba6e1cd0000)
  from space 204032K, 16% used [0x00002ba6e1cd0000,0x00002ba6e3ea8108,0x00002ba6ee410000)
  to   space 194112K, 0% used [0x00002ba6ef750000,0x00002ba6ef750000,0x00002ba6fb4e0000)
 PSOldGen        total 5242880K, used 498194K [0x00002ba57b4e0000, 0x00002ba6bb4e0000, 0x00002ba6bb4e0000)
  object space 5242880K, 9% used [0x00002ba57b4e0000,0x00002ba599b648a8,0x00002ba6bb4e0000)
 PSPermGen       total 524288K, used 118313K [0x00002ba55b4e0000, 0x00002ba57b4e0000, 0x00002ba57b4e0000)
  object space 524288K, 22% used [0x00002ba55b4e0000,0x00002ba56286a5f0,0x00002ba57b4e0000)
13845.076: [GC [PSYoungGen: 665376K->29727K(863232K)] 1163570K->561976K(6106112K), 0.0441810 secs]
Heap after gc invocations=24:
 PSYoungGen      total 863232K, used 29727K [0x00002ba6bb4e0000, 0x00002ba6fb4e0000, 0x00002ba6fb4e0000)
  eden space 669120K, 0% used [0x00002ba6bb4e0000,0x00002ba6bb4e0000,0x00002ba6e4250000)
  from space 194112K, 15% used [0x00002ba6ef750000,0x00002ba6f1457c60,0x00002ba6fb4e0000)
  to   space 185344K, 0% used [0x00002ba6e4250000,0x00002ba6e4250000,0x00002ba6ef750000)
 PSOldGen        total 5242880K, used 532248K [0x00002ba57b4e0000, 0x00002ba6bb4e0000, 0x00002ba6bb4e0000)
  object space 5242880K, 10% used [0x00002ba57b4e0000,0x00002ba59bca63c8,0x00002ba6bb4e0000)
 PSPermGen       total 524288K, used 118313K [0x00002ba55b4e0000, 0x00002ba57b4e0000, 0x00002ba57b4e0000)
  object space 524288K, 22% used [0x00002ba55b4e0000,0x00002ba56286a5f0,0x00002ba57b4e0000)
}
Total time for which application threads were stopped: 0.0578600 seconds
Application time: 0.7036150 seconds
Total time for which application threads were stopped: 0.0275080 seconds
Application time: 0.7457420 seconds
Total time for which application threads were stopped: 0.0372540 seconds
Application time: 5.6237120 seconds
{Heap before gc invocations=25:
 PSYoungGen      total 863232K, used 698847K [0x00002ba6bb4e0000, 0x00002ba6fb4e0000, 0x00002ba6fb4e0000)
  eden space 669120K, 100% used [0x00002ba6bb4e0000,0x00002ba6e4250000,0x00002ba6e4250000)
  from space 194112K, 15% used [0x00002ba6ef750000,0x00002ba6f1457c60,0x00002ba6fb4e0000)
  to   space 185344K, 0% used [0x00002ba6e4250000,0x00002ba6e4250000,0x00002ba6ef750000)
 PSOldGen        total 5242880K, used 532248K [0x00002ba57b4e0000, 0x00002ba6bb4e0000, 0x00002ba6bb4e0000)
  object space 5242880K, 10% used [0x00002ba57b4e0000,0x00002ba59bca63c8,0x00002ba6bb4e0000)
 PSPermGen       total 524288K, used 120446K [0x00002ba55b4e0000, 0x00002ba57b4e0000, 0x00002ba57b4e0000)
  object space 524288K, 22% used [0x00002ba55b4e0000,0x00002ba562a7f998,0x00002ba57b4e0000)
13861.642: [GC [PSYoungGen: 698847K->30364K(854464K)] 1231096K->591522K(6097344K), 0.0461330 secs]
Heap after gc invocations=25:
 PSYoungGen      total 854464K, used 30364K [0x00002ba6bb4e0000, 0x00002ba6fb4e0000, 0x00002ba6fb4e0000)
  eden space 669120K, 0% used [0x00002ba6bb4e0000,0x00002ba6bb4e0000,0x00002ba6e4250000)
  from space 185344K, 16% used [0x00002ba6e4250000,0x00002ba6e5ff7150,0x00002ba6ef750000)
  to   space 176512K, 0% used [0x00002ba6f0880000,0x00002ba6f0880000,0x00002ba6fb4e0000)
 PSOldGen        total 5242880K, used 561158K [0x00002ba57b4e0000, 0x00002ba6bb4e0000, 0x00002ba6bb4e0000)
  object space 5242880K, 10% used [0x00002ba57b4e0000,0x00002ba59d8e1a50,0x00002ba6bb4e0000)
 PSPermGen       total 524288K, used 120446K [0x00002ba55b4e0000, 0x00002ba57b4e0000, 0x00002ba57b4e0000)
  object space 524288K, 22% used [0x00002ba55b4e0000,0x00002ba562a7f998,0x00002ba57b4e0000)
}
Total time for which application threads were stopped: 0.0596840 seconds
Application time: 1.5087510 seconds
Total time for which application threads were stopped: 0.0380740 seconds
Application time: 0.3840870 seconds
{Heap before gc invocations=26:
 PSYoungGen      total 854464K, used 699484K [0x00002ba6bb4e0000, 0x00002ba6fb4e0000, 0x00002ba6fb4e0000)
  eden space 669120K, 100% used [0x00002ba6bb4e0000,0x00002ba6e4250000,0x00002ba6e4250000)
  from space 185344K, 16% used [0x00002ba6e4250000,0x00002ba6e5ff7150,0x00002ba6ef750000)
  to   space 176512K, 0% used [0x00002ba6f0880000,0x00002ba6f0880000,0x00002ba6fb4e0000)
 PSOldGen        total 5242880K, used 561158K [0x00002ba57b4e0000, 0x00002ba6bb4e0000, 0x00002ba6bb4e0000)
  object space 5242880K, 10% used [0x00002ba57b4e0000,0x00002ba59d8e1a50,0x00002ba6bb4e0000)
 PSPermGen       total 524288K, used 121713K [0x00002ba55b4e0000, 0x00002ba57b4e0000, 0x00002ba57b4e0000)
  object space 524288K, 23% used [0x00002ba55b4e0000,0x00002ba562bbc470,0x00002ba57b4e0000)
14230.955: [GC [PSYoungGen: 699484K->8735K(876928K)] 1260642K->599676K(6119808K), 0.0420080 secs]
Heap after gc invocations=26:
 PSYoungGen      total 876928K, used 8735K [0x00002ba6bb4e0000, 0x00002ba6fb4e0000, 0x00002ba6fb4e0000)
  eden space 700416K, 0% used [0x00002ba6bb4e0000,0x00002ba6bb4e0000,0x00002ba6e60e0000)
  from space 176512K, 4% used [0x00002ba6f0880000,0x00002ba6f1107d60,0x00002ba6fb4e0000)
  to   space 171648K, 0% used [0x00002ba6e60e0000,0x00002ba6e60e0000,0x00002ba6f0880000)
 PSOldGen        total 5242880K, used 590941K [0x00002ba57b4e0000, 0x00002ba6bb4e0000, 0x00002ba6bb4e0000)
  object space 5242880K, 11% used [0x00002ba57b4e0000,0x00002ba59f5f7668,0x00002ba6bb4e0000)
 PSPermGen       total 524288K, used 121713K [0x00002ba55b4e0000, 0x00002ba57b4e0000, 0x00002ba57b4e0000)
  object space 524288K, 23% used [0x00002ba55b4e0000,0x00002ba562bbc470,0x00002ba57b4e0000)
}
Total time for which application threads were stopped: 0.1040840 seconds
Application time: 7.8795060 seconds
{Heap before gc invocations=27:
 PSYoungGen      total 876928K, used 224280K [0x00002ba6bb4e0000, 0x00002ba6fb4e0000, 0x00002ba6fb4e0000)
  eden space 700416K, 30% used [0x00002ba6bb4e0000,0x00002ba6c875e5e0,0x00002ba6e60e0000)
  from space 176512K, 4% used [0x00002ba6f0880000,0x00002ba6f1107d60,0x00002ba6fb4e0000)
  to   space 171648K, 0% used [0x00002ba6e60e0000,0x00002ba6e60e0000,0x00002ba6f0880000)
 PSOldGen        total 5242880K, used 590941K [0x00002ba57b4e0000, 0x00002ba6bb4e0000, 0x00002ba6bb4e0000)
  object space 5242880K, 11% used [0x00002ba57b4e0000,0x00002ba59f5f7668,0x00002ba6bb4e0000)
 PSPermGen       total 524288K, used 121758K [0x00002ba55b4e0000, 0x00002ba57b4e0000, 0x00002ba57b4e0000)
  object space 524288K, 23% used [0x00002ba55b4e0000,0x00002ba562bc7840,0x00002ba57b4e0000)
14431.890: [GC [PSYoungGen: 224280K->3200K(872064K)] 815222K->602065K(6114944K), 0.0241970 secs]
Heap after gc invocations=27:
 PSYoungGen      total 872064K, used 3200K [0x00002ba6bb4e0000, 0x00002ba6fb4e0000, 0x00002ba6fb4e0000)
  eden space 700416K, 0% used [0x00002ba6bb4e0000,0x00002ba6bb4e0000,0x00002ba6e60e0000)
  from space 171648K, 1% used [0x00002ba6e60e0000,0x00002ba6e6400000,0x00002ba6f0880000)
  to   space 166976K, 0% used [0x00002ba6f11d0000,0x00002ba6f11d0000,0x00002ba6fb4e0000)
 PSOldGen        total 5242880K, used 598865K [0x00002ba57b4e0000, 0x00002ba6bb4e0000, 0x00002ba6bb4e0000)
  object space 5242880K, 11% used [0x00002ba57b4e0000,0x00002ba59fdb44d0,0x00002ba6bb4e0000)
 PSPermGen       total 524288K, used 121758K [0x00002ba55b4e0000, 0x00002ba57b4e0000, 0x00002ba57b4e0000)
  object space 524288K, 23% used [0x00002ba55b4e0000,0x00002ba562bc7840,0x00002ba57b4e0000)
}
{Heap before gc invocations=28:
 PSYoungGen      total 872064K, used 3200K [0x00002ba6bb4e0000, 0x00002ba6fb4e0000, 0x00002ba6fb4e0000)
  eden space 700416K, 0% used [0x00002ba6bb4e0000,0x00002ba6bb4e0000,0x00002ba6e60e0000)
  from space 171648K, 1% used [0x00002ba6e60e0000,0x00002ba6e6400000,0x00002ba6f0880000)
  to   space 166976K, 0% used [0x00002ba6f11d0000,0x00002ba6f11d0000,0x00002ba6fb4e0000)
 PSOldGen        total 5242880K, used 598865K [0x00002ba57b4e0000, 0x00002ba6bb4e0000, 0x00002ba6bb4e0000)
  object space 5242880K, 11% used [0x00002ba57b4e0000,0x00002ba59fdb44d0,0x00002ba6bb4e0000)
 PSPermGen       total 524288K, used 121758K [0x00002ba55b4e0000, 0x00002ba57b4e0000, 0x00002ba57b4e0000)
  object space 524288K, 23% used [0x00002ba55b4e0000,0x00002ba562bc7840,0x00002ba57b4e0000)
14431.914: [Full GC [PSYoungGen: 3200K->0K(872064K)] [PSOldGen: 598865K->601648K(5242880K)] 602065K->601648K(6114944K) [PSPermGen: 121758K->121758K(524288K)], 2.6680010 secs]
Heap after gc invocations=28:
 PSYoungGen      total 872064K, used 0K [0x00002ba6bb4e0000, 0x00002ba6fb4e0000, 0x00002ba6fb4e0000)
  eden space 700416K, 0% used [0x00002ba6bb4e0000,0x00002ba6bb4e0000,0x00002ba6e60e0000)
  from space 171648K, 0% used [0x00002ba6e60e0000,0x00002ba6e60e0000,0x00002ba6f0880000)
  to   space 166976K, 0% used [0x00002ba6f11d0000,0x00002ba6f11d0000,0x00002ba6fb4e0000)
 PSOldGen        total 5242880K, used 601648K [0x00002ba57b4e0000, 0x00002ba6bb4e0000, 0x00002ba6bb4e0000)
  object space 5242880K, 11% used [0x00002ba57b4e0000,0x00002ba5a006c370,0x00002ba6bb4e0000)
 PSPermGen       total 524288K, used 121758K [0x00002ba55b4e0000, 0x00002ba57b4e0000, 0x00002ba57b4e0000)
  object space 524288K, 23% used [0x00002ba55b4e0000,0x00002ba562bc7840,0x00002ba57b4e0000)
}
Total time for which application threads were stopped: 2.7577970 seconds
Application time: 0.0495220 seconds
Total time for which application threads were stopped: 0.0475220 seconds
Application time: 0.7233240 seconds
Total time for which application threads were stopped: 0.0015070 seconds
Application time: 0.8646970 seconds
{Heap before gc invocations=29:
 PSYoungGen      total 872064K, used 700416K [0x00002ba6bb4e0000, 0x00002ba6fb4e0000, 0x00002ba6fb4e0000)
  eden space 700416K, 100% used [0x00002ba6bb4e0000,0x00002ba6e60e0000,0x00002ba6e60e0000)
  from space 171648K, 0% used [0x00002ba6e60e0000,0x00002ba6e60e0000,0x00002ba6f0880000)
  to   space 166976K, 0% used [0x00002ba6f11d0000,0x00002ba6f11d0000,0x00002ba6fb4e0000)
 PSOldGen        total 5242880K, used 601648K [0x00002ba57b4e0000, 0x00002ba6bb4e0000, 0x00002ba6bb4e0000)
  object space 5242880K, 11% used [0x00002ba57b4e0000,0x00002ba5a006c370,0x00002ba6bb4e0000)
 PSPermGen       total 524288K, used 122452K [0x00002ba55b4e0000, 0x00002ba57b4e0000, 0x00002ba57b4e0000)
  object space 524288K, 23% used [0x00002ba55b4e0000,0x00002ba562c751a0,0x00002ba57b4e0000)
14628.879: [GC [PSYoungGen: 700416K->29023K(891392K)] 1302064K->630672K(6134272K), 0.0302300 secs]
Heap after gc invocations=29:
 PSYoungGen      total 891392K, used 29023K [0x00002ba6bb4e0000, 0x00002ba6fb4e0000, 0x00002ba6fb4e0000)
  eden space 724416K, 0% used [0x00002ba6bb4e0000,0x00002ba6bb4e0000,0x00002ba6e7850000)
  from space 166976K, 17% used [0x00002ba6f11d0000,0x00002ba6f2e27dd0,0x00002ba6fb4e0000)
  to   space 157184K, 0% used [0x00002ba6e7850000,0x00002ba6e7850000,0x00002ba6f11d0000)
 PSOldGen        total 5242880K, used 601648K [0x00002ba57b4e0000, 0x00002ba6bb4e0000, 0x00002ba6bb4e0000)
  object space 5242880K, 11% used [0x00002ba57b4e0000,0x00002ba5a006c370,0x00002ba6bb4e0000)
 PSPermGen       total 524288K, used 122452K [0x00002ba55b4e0000, 0x00002ba57b4e0000, 0x00002ba57b4e0000)
  object space 524288K, 23% used [0x00002ba55b4e0000,0x00002ba562c751a0,0x00002ba57b4e0000)
}
Total time for which application threads were stopped: 0.0785390 seconds
Application time: 0.5093680 seconds
Total time for which application threads were stopped: 0.0708660 seconds
Application time: 7.8369720 seconds
{Heap before gc invocations=30:
 PSYoungGen      total 891392K, used 753439K [0x00002ba6bb4e0000, 0x00002ba6fb4e0000, 0x00002ba6fb4e0000)
  eden space 724416K, 100% used [0x00002ba6bb4e0000,0x00002ba6e7850000,0x00002ba6e7850000)
  from space 166976K, 17% used [0x00002ba6f11d0000,0x00002ba6f2e27dd0,0x00002ba6fb4e0000)
  to   space 157184K, 0% used [0x00002ba6e7850000,0x00002ba6e7850000,0x00002ba6f11d0000)
 PSOldGen        total 5242880K, used 601648K [0x00002ba57b4e0000, 0x00002ba6bb4e0000, 0x00002ba6bb4e0000)
  object space 5242880K, 11% used [0x00002ba57b4e0000,0x00002ba5a006c370,0x00002ba6bb4e0000)
 PSPermGen       total 524288K, used 122600K [0x00002ba55b4e0000, 0x00002ba57b4e0000, 0x00002ba57b4e0000)
  object space 524288K, 23% used [0x00002ba55b4e0000,0x00002ba562c9a128,0x00002ba57b4e0000)
14641.429: [GC [PSYoungGen: 753439K->48000K(881600K)] 1355088K->678231K(6124480K), 0.0555670 secs]
Heap after gc invocations=30:
 PSYoungGen      total 881600K, used 48000K [0x00002ba6bb4e0000, 0x00002ba6fb4e0000, 0x00002ba6fb4e0000)
  eden space 724416K, 0% used [0x00002ba6bb4e0000,0x00002ba6bb4e0000,0x00002ba6e7850000)
  from space 157184K, 30% used [0x00002ba6e7850000,0x00002ba6ea730018,0x00002ba6f11d0000)
  to   space 147776K, 0% used [0x00002ba6f2490000,0x00002ba6f2490000,0x00002ba6fb4e0000)
 PSOldGen        total 5242880K, used 630231K [0x00002ba57b4e0000, 0x00002ba6bb4e0000, 0x00002ba6bb4e0000)
  object space 5242880K, 12% used [0x00002ba57b4e0000,0x00002ba5a1c55fc8,0x00002ba6bb4e0000)
 PSPermGen       total 524288K, used 122600K [0x00002ba55b4e0000, 0x00002ba57b4e0000, 0x00002ba57b4e0000)
  object space 524288K, 23% used [0x00002ba55b4e0000,0x00002ba562c9a128,0x00002ba57b4e0000)
}
Total time for which application threads were stopped: 0.1046020 seconds
Application time: 0.9620240 seconds
Total time for which application threads were stopped: 0.0336900 seconds
Application time: 0.0675020 seconds
Total time for which application threads were stopped: 0.0634500 seconds
Application time: 0.5812910 seconds
{Heap before gc invocations=31:
 PSYoungGen      total 881600K, used 772416K [0x00002ba6bb4e0000, 0x00002ba6fb4e0000, 0x00002ba6fb4e0000)
  eden space 724416K, 100% used [0x00002ba6bb4e0000,0x00002ba6e7850000,0x00002ba6e7850000)
  from space 157184K, 30% used [0x00002ba6e7850000,0x00002ba6ea730018,0x00002ba6f11d0000)
  to   space 147776K, 0% used [0x00002ba6f2490000,0x00002ba6f2490000,0x00002ba6fb4e0000)
 PSOldGen        total 5242880K, used 630231K [0x00002ba57b4e0000, 0x00002ba6bb4e0000, 0x00002ba6bb4e0000)
  object space 5242880K, 12% used [0x00002ba57b4e0000,0x00002ba5a1c55fc8,0x00002ba6bb4e0000)
 PSPermGen       total 524288K, used 123670K [0x00002ba55b4e0000, 0x00002ba57b4e0000, 0x00002ba57b4e0000)
  object space 524288K, 23% used [0x00002ba55b4e0000,0x00002ba562da5b78,0x00002ba57b4e0000)
14653.434: [GC [PSYoungGen: 772416K->32831K(909568K)] 1402647K->708844K(6152448K), 0.0500260 secs]
Heap after gc invocations=31:
 PSYoungGen      total 909568K, used 32831K [0x00002ba6bb4e0000, 0x00002ba6fb4e0000, 0x00002ba6fb4e0000)
  eden space 761792K, 0% used [0x00002ba6bb4e0000,0x00002ba6bb4e0000,0x00002ba6e9cd0000)
  from space 147776K, 22% used [0x00002ba6f2490000,0x00002ba6f449fd60,0x00002ba6fb4e0000)
  to   space 139008K, 0% used [0x00002ba6e9cd0000,0x00002ba6e9cd0000,0x00002ba6f2490000)
 PSOldGen        total 5242880K, used 676013K [0x00002ba57b4e0000, 0x00002ba6bb4e0000, 0x00002ba6bb4e0000)
  object space 5242880K, 12% used [0x00002ba57b4e0000,0x00002ba5a490b580,0x00002ba6bb4e0000)
 PSPermGen       total 524288K, used 123670K [0x00002ba55b4e0000, 0x00002ba57b4e0000, 0x00002ba57b4e0000)
  object space 524288K, 23% used [0x00002ba55b4e0000,0x00002ba562da5b78,0x00002ba57b4e0000)
}
Total time for which application threads were stopped: 0.0976260 seconds
Application time: 0.1794110 seconds
{Heap before gc invocations=32:
 PSYoungGen      total 909568K, used 794623K [0x00002ba6bb4e0000, 0x00002ba6fb4e0000, 0x00002ba6fb4e0000)
  eden space 761792K, 100% used [0x00002ba6bb4e0000,0x00002ba6e9cd0000,0x00002ba6e9cd0000)
  from space 147776K, 22% used [0x00002ba6f2490000,0x00002ba6f449fd60,0x00002ba6fb4e0000)
  to   space 139008K, 0% used [0x00002ba6e9cd0000,0x00002ba6e9cd0000,0x00002ba6f2490000)
 PSOldGen        total 5242880K, used 676013K [0x00002ba57b4e0000, 0x00002ba6bb4e0000, 0x00002ba6bb4e0000)
  object space 5242880K, 12% used [0x00002ba57b4e0000,0x00002ba5a490b580,0x00002ba6bb4e0000)
 PSPermGen       total 524288K, used 124121K [0x00002ba55b4e0000, 0x00002ba57b4e0000, 0x00002ba57b4e0000)
  object space 524288K, 23% used [0x00002ba55b4e0000,0x00002ba562e16718,0x00002ba57b4e0000)
14675.088: [GC [PSYoungGen: 794623K->30005K(900800K)] 1470636K->737625K(6143680K), 0.0403170 secs]
Heap after gc invocations=32:
 PSYoungGen      total 900800K, used 30005K [0x00002ba6bb4e0000, 0x00002ba6fb4e0000, 0x00002ba6fb4e0000)
  eden space 761792K, 0% used [0x00002ba6bb4e0000,0x00002ba6bb4e0000,0x00002ba6e9cd0000)
  from space 139008K, 21% used [0x00002ba6e9cd0000,0x00002ba6eba1d440,0x00002ba6f2490000)
  to   space 131328K, 0% used [0x00002ba6f34a0000,0x00002ba6f34a0000,0x00002ba6fb4e0000)
 PSOldGen        total 5242880K, used 707620K [0x00002ba57b4e0000, 0x00002ba6bb4e0000, 0x00002ba6bb4e0000)
  object space 5242880K, 13% used [0x00002ba57b4e0000,0x00002ba5a67e9370,0x00002ba6bb4e0000)
 PSPermGen       total 524288K, used 124121K [0x00002ba55b4e0000, 0x00002ba57b4e0000, 0x00002ba57b4e0000)
  object space 524288K, 23% used [0x00002ba55b4e0000,0x00002ba562e16718,0x00002ba57b4e0000)
}
Total time for which application threads were stopped: 0.1076410 seconds
Application time: 0.0018300 seconds
Total time for which application threads were stopped: 0.0147330 seconds
Application time: 0.0024650 seconds
Total time for which application threads were stopped: 0.0338040 seconds
Application time: 0.4413310 seconds
Total time for which application threads were stopped: 0.0421030 seconds
Application time: 0.3701440 seconds
Total time for which application threads were stopped: 0.0711930 seconds
Application time: 0.0923930 seconds
Total time for which application threads were stopped: 0.0344040 seconds
Application time: 0.1602130 seconds
Total time for which application threads were stopped: 0.0406750 seconds
Application time: 0.1571780 seconds
Total time for which application threads were stopped: 0.0148280 seconds
Application time: 0.6595750 seconds
{Heap before gc invocations=33:
 PSYoungGen      total 900800K, used 791797K [0x00002ba6bb4e0000, 0x00002ba6fb4e0000, 0x00002ba6fb4e0000)
  eden space 761792K, 100% used [0x00002ba6bb4e0000,0x00002ba6e9cd0000,0x00002ba6e9cd0000)
  from space 139008K, 21% used [0x00002ba6e9cd0000,0x00002ba6eba1d440,0x00002ba6f2490000)
  to   space 131328K, 0% used [0x00002ba6f34a0000,0x00002ba6f34a0000,0x00002ba6fb4e0000)
 PSOldGen        total 5242880K, used 707620K [0x00002ba57b4e0000, 0x00002ba6bb4e0000, 0x00002ba6bb4e0000)
  object space 5242880K, 13% used [0x00002ba57b4e0000,0x00002ba5a67e9370,0x00002ba6bb4e0000)
 PSPermGen       total 524288K, used 144068K [0x00002ba55b4e0000, 0x00002ba57b4e0000, 0x00002ba57b4e0000)
  object space 524288K, 27% used [0x00002ba55b4e0000,0x00002ba5641912b0,0x00002ba57b4e0000)
14726.400: [GC [PSYoungGen: 791797K->29434K(924416K)] 1499417K->766371K(6167296K), 0.0586490 secs]
Heap after gc invocations=33:
 PSYoungGen      total 924416K, used 29434K [0x00002ba6bb4e0000, 0x00002ba6fb4e0000, 0x00002ba6fb4e0000)
  eden space 793088K, 0% used [0x00002ba6bb4e0000,0x00002ba6bb4e0000,0x00002ba6ebb60000)
  from space 131328K, 22% used [0x00002ba6f34a0000,0x00002ba6f515ebf0,0x00002ba6fb4e0000)
  to   space 124160K, 0% used [0x00002ba6ebb60000,0x00002ba6ebb60000,0x00002ba6f34a0000)
 PSOldGen        total 5242880K, used 736936K [0x00002ba57b4e0000, 0x00002ba6bb4e0000, 0x00002ba6bb4e0000)
  object space 5242880K, 14% used [0x00002ba57b4e0000,0x00002ba5a848a148,0x00002ba6bb4e0000)
 PSPermGen       total 524288K, used 144068K [0x00002ba55b4e0000, 0x00002ba57b4e0000, 0x00002ba57b4e0000)
  object space 524288K, 27% used [0x00002ba55b4e0000,0x00002ba5641912b0,0x00002ba57b4e0000)
}
Total time for which application threads were stopped: 0.1277450 seconds
Application time: 0.6073460 seconds
Total time for which application threads were stopped: 0.0523480 seconds
Application time: 0.8173170 seconds
Total time for which application threads were stopped: 0.0684340 seconds
Application time: 0.5490870 seconds
Total time for which application threads were stopped: 0.0179830 seconds
Application time: 66.1473580 seconds
{Heap before gc invocations=34:
 PSYoungGen      total 924416K, used 822522K [0x00002ba6bb4e0000, 0x00002ba6fb4e0000, 0x00002ba6fb4e0000)
  eden space 793088K, 100% used [0x00002ba6bb4e0000,0x00002ba6ebb60000,0x00002ba6ebb60000)
  from space 131328K, 22% used [0x00002ba6f34a0000,0x00002ba6f515ebf0,0x00002ba6fb4e0000)
  to   space 124160K, 0% used [0x00002ba6ebb60000,0x00002ba6ebb60000,0x00002ba6f34a0000)
 PSOldGen        total 5242880K, used 736936K [0x00002ba57b4e0000, 0x00002ba6bb4e0000, 0x00002ba6bb4e0000)
  object space 5242880K, 14% used [0x00002ba57b4e0000,0x00002ba5a848a148,0x00002ba6bb4e0000)
 PSPermGen       total 524288K, used 153751K [0x00002ba55b4e0000, 0x00002ba57b4e0000, 0x00002ba57b4e0000)
  object space 524288K, 29% used [0x00002ba55b4e0000,0x00002ba564b05d38,0x00002ba57b4e0000)
14993.028: [GC [PSYoungGen: 822522K->20831K(917248K)] 1559459K->785956K(6160128K), 0.0527750 secs]
Heap after gc invocations=34:
 PSYoungGen      total 917248K, used 20831K [0x00002ba6bb4e0000, 0x00002ba6fb4e0000, 0x00002ba6fb4e0000)
  eden space 793088K, 0% used [0x00002ba6bb4e0000,0x00002ba6bb4e0000,0x00002ba6ebb60000)
  from space 124160K, 16% used [0x00002ba6ebb60000,0x00002ba6ecfb7dc0,0x00002ba6f34a0000)
  to   space 118912K, 0% used [0x00002ba6f40c0000,0x00002ba6f40c0000,0x00002ba6fb4e0000)
 PSOldGen        total 5242880K, used 765124K [0x00002ba57b4e0000, 0x00002ba6bb4e0000, 0x00002ba6bb4e0000)
  object space 5242880K, 14% used [0x00002ba57b4e0000,0x00002ba5aa011340,0x00002ba6bb4e0000)
 PSPermGen       total 524288K, used 153751K [0x00002ba55b4e0000, 0x00002ba57b4e0000, 0x00002ba57b4e0000)
  object space 524288K, 29% used [0x00002ba55b4e0000,0x00002ba564b05d38,0x00002ba57b4e0000)
}
Total time for which application threads were stopped: 0.0870710 seconds
Application time: 1.2306780 seconds
Total time for which application threads were stopped: 0.0645980 seconds
Application time: 0.4187450 seconds
Total time for which application threads were stopped: 0.0320010 seconds
Application time: 0.3380720 seconds
{Heap before gc invocations=35:
 PSYoungGen      total 917248K, used 813919K [0x00002ba6bb4e0000, 0x00002ba6fb4e0000, 0x00002ba6fb4e0000)
  eden space 793088K, 100% used [0x00002ba6bb4e0000,0x00002ba6ebb60000,0x00002ba6ebb60000)
  from space 124160K, 16% used [0x00002ba6ebb60000,0x00002ba6ecfb7dc0,0x00002ba6f34a0000)
  to   space 118912K, 0% used [0x00002ba6f40c0000,0x00002ba6f40c0000,0x00002ba6fb4e0000)
 PSOldGen        total 5242880K, used 765124K [0x00002ba57b4e0000, 0x00002ba6bb4e0000, 0x00002ba6bb4e0000)
  object space 5242880K, 14% used [0x00002ba57b4e0000,0x00002ba5aa011340,0x00002ba6bb4e0000)
 PSPermGen       total 524288K, used 156194K [0x00002ba55b4e0000, 0x00002ba57b4e0000, 0x00002ba57b4e0000)
  object space 524288K, 29% used [0x00002ba55b4e0000,0x00002ba564d68860,0x00002ba57b4e0000)
15189.478: [GC [PSYoungGen: 813919K->18415K(934528K)] 1579044K->802760K(6177408K), 0.0386080 secs]
Heap after gc invocations=35:
 PSYoungGen      total 934528K, used 18415K [0x00002ba6bb4e0000, 0x00002ba6fb4e0000, 0x00002ba6fb4e0000)
  eden space 815616K, 0% used [0x00002ba6bb4e0000,0x00002ba6bb4e0000,0x00002ba6ed160000)
  from space 118912K, 15% used [0x00002ba6f40c0000,0x00002ba6f52bbf48,0x00002ba6fb4e0000)
  to   space 114048K, 0% used [0x00002ba6ed160000,0x00002ba6ed160000,0x00002ba6f40c0000)
 PSOldGen        total 5242880K, used 784344K [0x00002ba57b4e0000, 0x00002ba6bb4e0000, 0x00002ba6bb4e0000)
  object space 5242880K, 14% used [0x00002ba57b4e0000,0x00002ba5ab2d6258,0x00002ba6bb4e0000)
 PSPermGen       total 524288K, used 156194K [0x00002ba55b4e0000, 0x00002ba57b4e0000, 0x00002ba57b4e0000)
  object space 524288K, 29% used [0x00002ba55b4e0000,0x00002ba564d68860,0x00002ba57b4e0000)
}
Total time for which application threads were stopped: 0.0538700 seconds
Application time: 1.6011300 seconds
{Heap before gc invocations=36:
 PSYoungGen      total 934528K, used 834031K [0x00002ba6bb4e0000, 0x00002ba6fb4e0000, 0x00002ba6fb4e0000)
  eden space 815616K, 100% used [0x00002ba6bb4e0000,0x00002ba6ed160000,0x00002ba6ed160000)
  from space 118912K, 15% used [0x00002ba6f40c0000,0x00002ba6f52bbf48,0x00002ba6fb4e0000)
  to   space 114048K, 0% used [0x00002ba6ed160000,0x00002ba6ed160000,0x00002ba6f40c0000)
 PSOldGen        total 5242880K, used 784344K [0x00002ba57b4e0000, 0x00002ba6bb4e0000, 0x00002ba6bb4e0000)
  object space 5242880K, 14% used [0x00002ba57b4e0000,0x00002ba5ab2d6258,0x00002ba6bb4e0000)
 PSPermGen       total 524288K, used 156763K [0x00002ba55b4e0000, 0x00002ba57b4e0000, 0x00002ba57b4e0000)
  object space 524288K, 29% used [0x00002ba55b4e0000,0x00002ba564df6d60,0x00002ba57b4e0000)
15654.626: [GC [PSYoungGen: 834031K->15567K(929664K)] 1618376K->816785K(6172544K), 0.0366320 secs]
Heap after gc invocations=36:
 PSYoungGen      total 929664K, used 15567K [0x00002ba6bb4e0000, 0x00002ba6fb4e0000, 0x00002ba6fb4e0000)
  eden space 815616K, 0% used [0x00002ba6bb4e0000,0x00002ba6bb4e0000,0x00002ba6ed160000)
  from space 114048K, 13% used [0x00002ba6ed160000,0x00002ba6ee093d78,0x00002ba6f40c0000)
  to   space 109696K, 0% used [0x00002ba6f49c0000,0x00002ba6f49c0000,0x00002ba6fb4e0000)
 PSOldGen        total 5242880K, used 801217K [0x00002ba57b4e0000, 0x00002ba6bb4e0000, 0x00002ba6bb4e0000)
  object space 5242880K, 15% used [0x00002ba57b4e0000,0x00002ba5ac3506b8,0x00002ba6bb4e0000)
 PSPermGen       total 524288K, used 156763K [0x00002ba55b4e0000, 0x00002ba57b4e0000, 0x00002ba57b4e0000)
  object space 524288K, 29% used [0x00002ba55b4e0000,0x00002ba564df6d60,0x00002ba57b4e0000)
}
Total time for which application threads were stopped: 0.0697520 seconds
Application time: 0.5352250 seconds
{Heap before gc invocations=37:
 PSYoungGen      total 929664K, used 831183K [0x00002ba6bb4e0000, 0x00002ba6fb4e0000, 0x00002ba6fb4e0000)
  eden space 815616K, 100% used [0x00002ba6bb4e0000,0x00002ba6ed160000,0x00002ba6ed160000)
  from space 114048K, 13% used [0x00002ba6ed160000,0x00002ba6ee093d78,0x00002ba6f40c0000)
  to   space 109696K, 0% used [0x00002ba6f49c0000,0x00002ba6f49c0000,0x00002ba6fb4e0000)
 PSOldGen        total 5242880K, used 801217K [0x00002ba57b4e0000, 0x00002ba6bb4e0000, 0x00002ba6bb4e0000)
  object space 5242880K, 15% used [0x00002ba57b4e0000,0x00002ba5ac3506b8,0x00002ba6bb4e0000)
 PSPermGen       total 524288K, used 157764K [0x00002ba55b4e0000, 0x00002ba57b4e0000, 0x00002ba57b4e0000)
  object space 524288K, 30% used [0x00002ba55b4e0000,0x00002ba564ef11e8,0x00002ba57b4e0000)
15899.710: [GC [PSYoungGen: 831183K->18348K(943872K)] 1632401K->833353K(6186752K), 0.0380680 secs]
Heap after gc invocations=37:
 PSYoungGen      total 943872K, used 18348K [0x00002ba6bb4e0000, 0x00002ba6fb4e0000, 0x00002ba6fb4e0000)
  eden space 834176K, 0% used [0x00002ba6bb4e0000,0x00002ba6bb4e0000,0x00002ba6ee380000)
  from space 109696K, 16% used [0x00002ba6f49c0000,0x00002ba6f5bab350,0x00002ba6fb4e0000)
  to   space 104704K, 0% used [0x00002ba6ee380000,0x00002ba6ee380000,0x00002ba6f49c0000)
 PSOldGen        total 5242880K, used 815004K [0x00002ba57b4e0000, 0x00002ba6bb4e0000, 0x00002ba6bb4e0000)
  object space 5242880K, 15% used [0x00002ba57b4e0000,0x00002ba5ad0c7110,0x00002ba6bb4e0000)
 PSPermGen       total 524288K, used 157764K [0x00002ba55b4e0000, 0x00002ba57b4e0000, 0x00002ba57b4e0000)
  object space 524288K, 30% used [0x00002ba55b4e0000,0x00002ba564ef11e8,0x00002ba57b4e0000)
}
Total time for which application threads were stopped: 0.0554140 seconds
Application time: 5.6230900 seconds
{Heap before gc invocations=38:
 PSYoungGen      total 943872K, used 852524K [0x00002ba6bb4e0000, 0x00002ba6fb4e0000, 0x00002ba6fb4e0000)
  eden space 834176K, 100% used [0x00002ba6bb4e0000,0x00002ba6ee380000,0x00002ba6ee380000)
  from space 109696K, 16% used [0x00002ba6f49c0000,0x00002ba6f5bab350,0x00002ba6fb4e0000)
  to   space 104704K, 0% used [0x00002ba6ee380000,0x00002ba6ee380000,0x00002ba6f49c0000)
 PSOldGen        total 5242880K, used 815004K [0x00002ba57b4e0000, 0x00002ba6bb4e0000, 0x00002ba6bb4e0000)
  object space 5242880K, 15% used [0x00002ba57b4e0000,0x00002ba5ad0c7110,0x00002ba6bb4e0000)
 PSPermGen       total 524288K, used 159070K [0x00002ba55b4e0000, 0x00002ba57b4e0000, 0x00002ba57b4e0000)
  object space 524288K, 30% used [0x00002ba55b4e0000,0x00002ba565037b28,0x00002ba57b4e0000)
16686.579: [GC [PSYoungGen: 852524K->15615K(938880K)] 1667529K->846427K(6181760K), 0.0441970 secs]
Heap after gc invocations=38:
 PSYoungGen      total 938880K, used 15615K [0x00002ba6bb4e0000, 0x00002ba6fb4e0000, 0x00002ba6fb4e0000)
  eden space 834176K, 0% used [0x00002ba6bb4e0000,0x00002ba6bb4e0000,0x00002ba6ee380000)
  from space 104704K, 14% used [0x00002ba6ee380000,0x00002ba6ef2bfd90,0x00002ba6f49c0000)
  to   space 100288K, 0% used [0x00002ba6f52f0000,0x00002ba6f52f0000,0x00002ba6fb4e0000)
 PSOldGen        total 5242880K, used 830812K [0x00002ba57b4e0000, 0x00002ba6bb4e0000, 0x00002ba6bb4e0000)
  object space 5242880K, 15% used [0x00002ba57b4e0000,0x00002ba5ae037218,0x00002ba6bb4e0000)
 PSPermGen       total 524288K, used 159070K [0x00002ba55b4e0000, 0x00002ba57b4e0000, 0x00002ba57b4e0000)
  object space 524288K, 30% used [0x00002ba55b4e0000,0x00002ba565037b28,0x00002ba57b4e0000)
}
Total time for which application threads were stopped: 0.0788510 seconds
Application time: 35.9329310 seconds
Total time for which application threads were stopped: 0.0752480 seconds
Application time: 0.5743070 seconds
{Heap before gc invocations=39:
 PSYoungGen      total 938880K, used 849791K [0x00002ba6bb4e0000, 0x00002ba6fb4e0000, 0x00002ba6fb4e0000)
  eden space 834176K, 100% used [0x00002ba6bb4e0000,0x00002ba6ee380000,0x00002ba6ee380000)
  from space 104704K, 14% used [0x00002ba6ee380000,0x00002ba6ef2bfd90,0x00002ba6f49c0000)
  to   space 100288K, 0% used [0x00002ba6f52f0000,0x00002ba6f52f0000,0x00002ba6fb4e0000)
 PSOldGen        total 5242880K, used 830812K [0x00002ba57b4e0000, 0x00002ba6bb4e0000, 0x00002ba6bb4e0000)
  object space 5242880K, 15% used [0x00002ba57b4e0000,0x00002ba5ae037218,0x00002ba6bb4e0000)
 PSPermGen       total 524288K, used 160078K [0x00002ba55b4e0000, 0x00002ba57b4e0000, 0x00002ba57b4e0000)
  object space 524288K, 30% used [0x00002ba55b4e0000,0x00002ba5651339f8,0x00002ba57b4e0000)
16965.918: [GC [PSYoungGen: 849791K->19055K(953344K)] 1680603K->861562K(6196224K), 0.0604730 secs]
Heap after gc invocations=39:
 PSYoungGen      total 953344K, used 19055K [0x00002ba6bb4e0000, 0x00002ba6fb4e0000, 0x00002ba6fb4e0000)
  eden space 853056K, 0% used [0x00002ba6bb4e0000,0x00002ba6bb4e0000,0x00002ba6ef5f0000)
  from space 100288K, 19% used [0x00002ba6f52f0000,0x00002ba6f658bd60,0x00002ba6fb4e0000)
  to   space 95232K, 0% used [0x00002ba6ef5f0000,0x00002ba6ef5f0000,0x00002ba6f52f0000)
 PSOldGen        total 5242880K, used 842507K [0x00002ba57b4e0000, 0x00002ba6bb4e0000, 0x00002ba6bb4e0000)
  object space 5242880K, 16% used [0x00002ba57b4e0000,0x00002ba5aeba2e58,0x00002ba6bb4e0000)
 PSPermGen       total 524288K, used 160078K [0x00002ba55b4e0000, 0x00002ba57b4e0000, 0x00002ba57b4e0000)
  object space 524288K, 30% used [0x00002ba55b4e0000,0x00002ba5651339f8,0x00002ba57b4e0000)
}
Total time for which application threads were stopped: 0.1144250 seconds
Application time: 77.4108230 seconds
{Heap before gc invocations=40:
 PSYoungGen      total 953344K, used 872111K [0x00002ba6bb4e0000, 0x00002ba6fb4e0000, 0x00002ba6fb4e0000)
  eden space 853056K, 100% used [0x00002ba6bb4e0000,0x00002ba6ef5f0000,0x00002ba6ef5f0000)
  from space 100288K, 19% used [0x00002ba6f52f0000,0x00002ba6f658bd60,0x00002ba6fb4e0000)
  to   space 95232K, 0% used [0x00002ba6ef5f0000,0x00002ba6ef5f0000,0x00002ba6f52f0000)
 PSOldGen        total 5242880K, used 842507K [0x00002ba57b4e0000, 0x00002ba6bb4e0000, 0x00002ba6bb4e0000)
  object space 5242880K, 16% used [0x00002ba57b4e0000,0x00002ba5aeba2e58,0x00002ba6bb4e0000)
 PSPermGen       total 524288K, used 161187K [0x00002ba55b4e0000, 0x00002ba57b4e0000, 0x00002ba57b4e0000)
  object space 524288K, 30% used [0x00002ba55b4e0000,0x00002ba565248e88,0x00002ba57b4e0000)
17452.748: [GC [PSYoungGen: 872111K->9359K(948288K)] 1714618K->868789K(6191168K), 0.0366820 secs]
Heap after gc invocations=40:
 PSYoungGen      total 948288K, used 9359K [0x00002ba6bb4e0000, 0x00002ba6fb4e0000, 0x00002ba6fb4e0000)
  eden space 853056K, 0% used [0x00002ba6bb4e0000,0x00002ba6bb4e0000,0x00002ba6ef5f0000)
  from space 95232K, 9% used [0x00002ba6ef5f0000,0x00002ba6eff13d60,0x00002ba6f52f0000)
  to   space 92096K, 0% used [0x00002ba6f5af0000,0x00002ba6f5af0000,0x00002ba6fb4e0000)
 PSOldGen        total 5242880K, used 859430K [0x00002ba57b4e0000, 0x00002ba6bb4e0000, 0x00002ba6bb4e0000)
  object space 5242880K, 16% used [0x00002ba57b4e0000,0x00002ba5afc29a70,0x00002ba6bb4e0000)
 PSPermGen       total 524288K, used 161187K [0x00002ba55b4e0000, 0x00002ba57b4e0000, 0x00002ba57b4e0000)
  object space 524288K, 30% used [0x00002ba55b4e0000,0x00002ba565248e88,0x00002ba57b4e0000)
}
Total time for which application threads were stopped: 0.0546210 seconds
Application time: 17.5411060 seconds
Total time for which application threads were stopped: 0.0380510 seconds
Application time: 0.6851230 seconds
{Heap before gc invocations=41:
 PSYoungGen      total 948288K, used 862415K [0x00002ba6bb4e0000, 0x00002ba6fb4e0000, 0x00002ba6fb4e0000)
  eden space 853056K, 100% used [0x00002ba6bb4e0000,0x00002ba6ef5f0000,0x00002ba6ef5f0000)
  from space 95232K, 9% used [0x00002ba6ef5f0000,0x00002ba6eff13d60,0x00002ba6f52f0000)
  to   space 92096K, 0% used [0x00002ba6f5af0000,0x00002ba6f5af0000,0x00002ba6fb4e0000)
 PSOldGen        total 5242880K, used 859430K [0x00002ba57b4e0000, 0x00002ba6bb4e0000, 0x00002ba6bb4e0000)
  object space 5242880K, 16% used [0x00002ba57b4e0000,0x00002ba5afc29a70,0x00002ba6bb4e0000)
 PSPermGen       total 524288K, used 161376K [0x00002ba55b4e0000, 0x00002ba57b4e0000, 0x00002ba57b4e0000)
  object space 524288K, 30% used [0x00002ba55b4e0000,0x00002ba5652781c0,0x00002ba57b4e0000)
17908.975: [GC [PSYoungGen: 862415K->29911K(962048K)] 1721845K->897477K(6204928K), 0.0431400 secs]
Heap after gc invocations=41:
 PSYoungGen      total 962048K, used 29911K [0x00002ba6bb4e0000, 0x00002ba6fb4e0000, 0x00002ba6fb4e0000)
  eden space 869952K, 0% used [0x00002ba6bb4e0000,0x00002ba6bb4e0000,0x00002ba6f0670000)
  from space 92096K, 32% used [0x00002ba6f5af0000,0x00002ba6f7825d50,0x00002ba6fb4e0000)
  to   space 86528K, 0% used [0x00002ba6f0670000,0x00002ba6f0670000,0x00002ba6f5af0000)
 PSOldGen        total 5242880K, used 867565K [0x00002ba57b4e0000, 0x00002ba6bb4e0000, 0x00002ba6bb4e0000)
  object space 5242880K, 16% used [0x00002ba57b4e0000,0x00002ba5b041b7f8,0x00002ba6bb4e0000)
 PSPermGen       total 524288K, used 161376K [0x00002ba55b4e0000, 0x00002ba57b4e0000, 0x00002ba57b4e0000)
  object space 524288K, 30% used [0x00002ba55b4e0000,0x00002ba5652781c0,0x00002ba57b4e0000)
}
Total time for which application threads were stopped: 0.1217710 seconds
Application time: 0.0561820 seconds
{Heap before gc invocations=42:
 PSYoungGen      total 962048K, used 899863K [0x00002ba6bb4e0000, 0x00002ba6fb4e0000, 0x00002ba6fb4e0000)
  eden space 869952K, 100% used [0x00002ba6bb4e0000,0x00002ba6f0670000,0x00002ba6f0670000)
  from space 92096K, 32% used [0x00002ba6f5af0000,0x00002ba6f7825d50,0x00002ba6fb4e0000)
  to   space 86528K, 0% used [0x00002ba6f0670000,0x00002ba6f0670000,0x00002ba6f5af0000)
 PSOldGen        total 5242880K, used 867565K [0x00002ba57b4e0000, 0x00002ba6bb4e0000, 0x00002ba6bb4e0000)
  object space 5242880K, 16% used [0x00002ba57b4e0000,0x00002ba5b041b7f8,0x00002ba6bb4e0000)
 PSPermGen       total 524288K, used 161433K [0x00002ba55b4e0000, 0x00002ba57b4e0000, 0x00002ba57b4e0000)
  object space 524288K, 30% used [0x00002ba55b4e0000,0x00002ba565286580,0x00002ba57b4e0000)
17970.498: [GC [PSYoungGen: 899863K->29679K(956480K)] 1767429K->924835K(6199360K), 0.0483150 secs]
Heap after gc invocations=42:
 PSYoungGen      total 956480K, used 29679K [0x00002ba6bb4e0000, 0x00002ba6fb4e0000, 0x00002ba6fb4e0000)
  eden space 869952K, 0% used [0x00002ba6bb4e0000,0x00002ba6bb4e0000,0x00002ba6f0670000)
  from space 86528K, 34% used [0x00002ba6f0670000,0x00002ba6f236be70,0x00002ba6f5af0000)
  to   space 81408K, 0% used [0x00002ba6f6560000,0x00002ba6f6560000,0x00002ba6fb4e0000)
 PSOldGen        total 5242880K, used 895156K [0x00002ba57b4e0000, 0x00002ba6bb4e0000, 0x00002ba6bb4e0000)
  object space 5242880K, 17% used [0x00002ba57b4e0000,0x00002ba5b1f0d040,0x00002ba6bb4e0000)
 PSPermGen       total 524288K, used 161433K [0x00002ba55b4e0000, 0x00002ba57b4e0000, 0x00002ba57b4e0000)
  object space 524288K, 30% used [0x00002ba55b4e0000,0x00002ba565286580,0x00002ba57b4e0000)
}
Total time for which application threads were stopped: 0.0982490 seconds
Application time: 22.8915080 seconds
{Heap before gc invocations=43:
 PSYoungGen      total 956480K, used 611033K [0x00002ba6bb4e0000, 0x00002ba6fb4e0000, 0x00002ba6fb4e0000)
  eden space 869952K, 66% used [0x00002ba6bb4e0000,0x00002ba6dec9a718,0x00002ba6f0670000)
  from space 86528K, 34% used [0x00002ba6f0670000,0x00002ba6f236be70,0x00002ba6f5af0000)
  to   space 81408K, 0% used [0x00002ba6f6560000,0x00002ba6f6560000,0x00002ba6fb4e0000)
 PSOldGen        total 5242880K, used 895156K [0x00002ba57b4e0000, 0x00002ba6bb4e0000, 0x00002ba6bb4e0000)
  object space 5242880K, 17% used [0x00002ba57b4e0000,0x00002ba5b1f0d040,0x00002ba6bb4e0000)
 PSPermGen       total 524288K, used 161842K [0x00002ba55b4e0000, 0x00002ba57b4e0000, 0x00002ba57b4e0000)
  object space 524288K, 30% used [0x00002ba55b4e0000,0x00002ba5652ec8e8,0x00002ba57b4e0000)
18035.009: [GC [PSYoungGen: 611033K->22098K(971520K)] 1506189K->946102K(6214400K), 0.0414380 secs]
Heap after gc invocations=43:
 PSYoungGen      total 971520K, used 22098K [0x00002ba6bb4e0000, 0x00002ba6fb4e0000, 0x00002ba6fb4e0000)
  eden space 890112K, 0% used [0x00002ba6bb4e0000,0x00002ba6bb4e0000,0x00002ba6f1a20000)
  from space 81408K, 27% used [0x00002ba6f6560000,0x00002ba6f7af4880,0x00002ba6fb4e0000)
  to   space 77056K, 0% used [0x00002ba6f1a20000,0x00002ba6f1a20000,0x00002ba6f6560000)
 PSOldGen        total 5242880K, used 924004K [0x00002ba57b4e0000, 0x00002ba6bb4e0000, 0x00002ba6bb4e0000)
  object space 5242880K, 17% used [0x00002ba57b4e0000,0x00002ba5b3b39368,0x00002ba6bb4e0000)
 PSPermGen       total 524288K, used 161842K [0x00002ba55b4e0000, 0x00002ba57b4e0000, 0x00002ba57b4e0000)
  object space 524288K, 30% used [0x00002ba55b4e0000,0x00002ba5652ec8e8,0x00002ba57b4e0000)
}
{Heap before gc invocations=44:
 PSYoungGen      total 971520K, used 22098K [0x00002ba6bb4e0000, 0x00002ba6fb4e0000, 0x00002ba6fb4e0000)
  eden space 890112K, 0% used [0x00002ba6bb4e0000,0x00002ba6bb4e0000,0x00002ba6f1a20000)
  from space 81408K, 27% used [0x00002ba6f6560000,0x00002ba6f7af4880,0x00002ba6fb4e0000)
  to   space 77056K, 0% used [0x00002ba6f1a20000,0x00002ba6f1a20000,0x00002ba6f6560000)
 PSOldGen        total 5242880K, used 924004K [0x00002ba57b4e0000, 0x00002ba6bb4e0000, 0x00002ba6bb4e0000)
  object space 5242880K, 17% used [0x00002ba57b4e0000,0x00002ba5b3b39368,0x00002ba6bb4e0000)
 PSPermGen       total 524288K, used 161842K [0x00002ba55b4e0000, 0x00002ba57b4e0000, 0x00002ba57b4e0000)
  object space 524288K, 30% used [0x00002ba55b4e0000,0x00002ba5652ec8e8,0x00002ba57b4e0000)
18035.051: [Full GC [PSYoungGen: 22098K->0K(971520K)] [PSOldGen: 924004K->945459K(5242880K)] 946102K->945459K(6214400K) [PSPermGen: 161842K->161842K(524288K)], 3.9413610 secs]
Heap after gc invocations=44:
 PSYoungGen      total 971520K, used 0K [0x00002ba6bb4e0000, 0x00002ba6fb4e0000, 0x00002ba6fb4e0000)
  eden space 890112K, 0% used [0x00002ba6bb4e0000,0x00002ba6bb4e0000,0x00002ba6f1a20000)
  from space 81408K, 0% used [0x00002ba6f6560000,0x00002ba6f6560000,0x00002ba6fb4e0000)
  to   space 77056K, 0% used [0x00002ba6f1a20000,0x00002ba6f1a20000,0x00002ba6f6560000)
 PSOldGen        total 5242880K, used 945459K [0x00002ba57b4e0000, 0x00002ba6bb4e0000, 0x00002ba6bb4e0000)
  object space 5242880K, 18% used [0x00002ba57b4e0000,0x00002ba5b502cdd8,0x00002ba6bb4e0000)
 PSPermGen       total 524288K, used 161842K [0x00002ba55b4e0000, 0x00002ba57b4e0000, 0x00002ba57b4e0000)
  object space 524288K, 30% used [0x00002ba55b4e0000,0x00002ba5652ec8e8,0x00002ba57b4e0000)
}
Total time for which application threads were stopped: 4.0007850 seconds
Application time: 0.0932300 seconds
{Heap before gc invocations=45:
 PSYoungGen      total 971520K, used 890112K [0x00002ba6bb4e0000, 0x00002ba6fb4e0000, 0x00002ba6fb4e0000)
  eden space 890112K, 100% used [0x00002ba6bb4e0000,0x00002ba6f1a20000,0x00002ba6f1a20000)
  from space 81408K, 0% used [0x00002ba6f6560000,0x00002ba6f6560000,0x00002ba6fb4e0000)
  to   space 77056K, 0% used [0x00002ba6f1a20000,0x00002ba6f1a20000,0x00002ba6f6560000)
 PSOldGen        total 5242880K, used 945459K [0x00002ba57b4e0000, 0x00002ba6bb4e0000, 0x00002ba6bb4e0000)
  object space 5242880K, 18% used [0x00002ba57b4e0000,0x00002ba5b502cdd8,0x00002ba6bb4e0000)
 PSPermGen       total 524288K, used 163128K [0x00002ba55b4e0000, 0x00002ba57b4e0000, 0x00002ba57b4e0000)
  object space 524288K, 31% used [0x00002ba55b4e0000,0x00002ba56542e248,0x00002ba57b4e0000)
18604.694: [GC [PSYoungGen: 890112K->17810K(967168K)] 1835571K->963270K(6210048K), 0.0339680 secs]
Heap after gc invocations=45:
 PSYoungGen      total 967168K, used 17810K [0x00002ba6bb4e0000, 0x00002ba6fb4e0000, 0x00002ba6fb4e0000)
  eden space 890112K, 0% used [0x00002ba6bb4e0000,0x00002ba6bb4e0000,0x00002ba6f1a20000)
  from space 77056K, 23% used [0x00002ba6f1a20000,0x00002ba6f2b84a88,0x00002ba6f6560000)
  to   space 73664K, 0% used [0x00002ba6f6cf0000,0x00002ba6f6cf0000,0x00002ba6fb4e0000)
 PSOldGen        total 5242880K, used 945459K [0x00002ba57b4e0000, 0x00002ba6bb4e0000, 0x00002ba6bb4e0000)
  object space 5242880K, 18% used [0x00002ba57b4e0000,0x00002ba5b502cdd8,0x00002ba6bb4e0000)
 PSPermGen       total 524288K, used 163128K [0x00002ba55b4e0000, 0x00002ba57b4e0000, 0x00002ba57b4e0000)
  object space 524288K, 31% used [0x00002ba55b4e0000,0x00002ba56542e248,0x00002ba57b4e0000)
}
Total time for which application threads were stopped: 0.1193680 seconds
Application time: 6.4069260 seconds
{Heap before gc invocations=46:
 PSYoungGen      total 967168K, used 907922K [0x00002ba6bb4e0000, 0x00002ba6fb4e0000, 0x00002ba6fb4e0000)
  eden space 890112K, 100% used [0x00002ba6bb4e0000,0x00002ba6f1a20000,0x00002ba6f1a20000)
  from space 77056K, 23% used [0x00002ba6f1a20000,0x00002ba6f2b84a88,0x00002ba6f6560000)
  to   space 73664K, 0% used [0x00002ba6f6cf0000,0x00002ba6f6cf0000,0x00002ba6fb4e0000)
 PSOldGen        total 5242880K, used 945459K [0x00002ba57b4e0000, 0x00002ba6bb4e0000, 0x00002ba6bb4e0000)
  object space 5242880K, 18% used [0x00002ba57b4e0000,0x00002ba5b502cdd8,0x00002ba6bb4e0000)
 PSPermGen       total 524288K, used 163194K [0x00002ba55b4e0000, 0x00002ba57b4e0000, 0x00002ba57b4e0000)
  object space 524288K, 31% used [0x00002ba55b4e0000,0x00002ba56543ea28,0x00002ba57b4e0000)
18696.992: [GC [PSYoungGen: 907922K->15232K(977728K)] 1853382K->976707K(6220608K), 0.0357970 secs]
Heap after gc invocations=46:
 PSYoungGen      total 977728K, used 15232K [0x00002ba6bb4e0000, 0x00002ba6fb4e0000, 0x00002ba6fb4e0000)
  eden space 904064K, 0% used [0x00002ba6bb4e0000,0x00002ba6bb4e0000,0x00002ba6f27c0000)
  from space 73664K, 20% used [0x00002ba6f6cf0000,0x00002ba6f7bd0000,0x00002ba6fb4e0000)
  to   space 70848K, 0% used [0x00002ba6f27c0000,0x00002ba6f27c0000,0x00002ba6f6cf0000)
 PSOldGen        total 5242880K, used 961475K [0x00002ba57b4e0000, 0x00002ba6bb4e0000, 0x00002ba6bb4e0000)
  object space 5242880K, 18% used [0x00002ba57b4e0000,0x00002ba5b5fd0fd0,0x00002ba6bb4e0000)
 PSPermGen       total 524288K, used 163194K [0x00002ba55b4e0000, 0x00002ba57b4e0000, 0x00002ba57b4e0000)
  object space 524288K, 31% used [0x00002ba55b4e0000,0x00002ba56543ea28,0x00002ba57b4e0000)
}
Total time for which application threads were stopped: 0.0868810 seconds
Application time: 0.3584710 seconds
Total time for which application threads were stopped: 0.0869160 seconds
Application time: 0.2032890 seconds
Total time for which application threads were stopped: 0.0191600 seconds
Application time: 0.1343260 seconds
Total time for which application threads were stopped: 0.0393280 seconds
Application time: 0.0053930 seconds
Total time for which application threads were stopped: 0.0520640 seconds
Application time: 3.6760160 seconds
{Heap before gc invocations=47:
 PSYoungGen      total 977728K, used 919296K [0x00002ba6bb4e0000, 0x00002ba6fb4e0000, 0x00002ba6fb4e0000)
  eden space 904064K, 100% used [0x00002ba6bb4e0000,0x00002ba6f27c0000,0x00002ba6f27c0000)
  from space 73664K, 20% used [0x00002ba6f6cf0000,0x00002ba6f7bd0000,0x00002ba6fb4e0000)
  to   space 70848K, 0% used [0x00002ba6f27c0000,0x00002ba6f27c0000,0x00002ba6f6cf0000)
 PSOldGen        total 5242880K, used 961475K [0x00002ba57b4e0000, 0x00002ba6bb4e0000, 0x00002ba6bb4e0000)
  object space 5242880K, 18% used [0x00002ba57b4e0000,0x00002ba5b5fd0fd0,0x00002ba6bb4e0000)
 PSPermGen       total 524288K, used 169026K [0x00002ba55b4e0000, 0x00002ba57b4e0000, 0x00002ba57b4e0000)
  object space 524288K, 32% used [0x00002ba55b4e0000,0x00002ba5659f08a8,0x00002ba57b4e0000)
19252.354: [GC [PSYoungGen: 919296K->19792K(974912K)] 1880771K->994761K(6217792K), 0.0424460 secs]
Heap after gc invocations=47:
 PSYoungGen      total 974912K, used 19792K [0x00002ba6bb4e0000, 0x00002ba6fb4e0000, 0x00002ba6fb4e0000)
  eden space 904064K, 0% used [0x00002ba6bb4e0000,0x00002ba6bb4e0000,0x00002ba6f27c0000)
  from space 70848K, 27% used [0x00002ba6f27c0000,0x00002ba6f3b14118,0x00002ba6f6cf0000)
  to   space 67200K, 0% used [0x00002ba6f7340000,0x00002ba6f7340000,0x00002ba6fb4e0000)
 PSOldGen        total 5242880K, used 974969K [0x00002ba57b4e0000, 0x00002ba6bb4e0000, 0x00002ba6bb4e0000)
  object space 5242880K, 18% used [0x00002ba57b4e0000,0x00002ba5b6cfe4b0,0x00002ba6bb4e0000)
 PSPermGen       total 524288K, used 169026K [0x00002ba55b4e0000, 0x00002ba57b4e0000, 0x00002ba57b4e0000)
  object space 524288K, 32% used [0x00002ba55b4e0000,0x00002ba5659f08a8,0x00002ba57b4e0000)
}
Total time for which application threads were stopped: 0.1266330 seconds
Application time: 0.2107510 seconds
Total time for which application threads were stopped: 0.0019490 seconds
Application time: 4.5417360 seconds
Total time for which application threads were stopped: 0.0392360 seconds
Application time: 6.6030560 seconds
{Heap before gc invocations=48:
 PSYoungGen      total 974912K, used 923856K [0x00002ba6bb4e0000, 0x00002ba6fb4e0000, 0x00002ba6fb4e0000)
  eden space 904064K, 100% used [0x00002ba6bb4e0000,0x00002ba6f27c0000,0x00002ba6f27c0000)
  from space 70848K, 27% used [0x00002ba6f27c0000,0x00002ba6f3b14118,0x00002ba6f6cf0000)
  to   space 67200K, 0% used [0x00002ba6f7340000,0x00002ba6f7340000,0x00002ba6fb4e0000)
 PSOldGen        total 5242880K, used 974969K [0x00002ba57b4e0000, 0x00002ba6bb4e0000, 0x00002ba6bb4e0000)
  object space 5242880K, 18% used [0x00002ba57b4e0000,0x00002ba5b6cfe4b0,0x00002ba6bb4e0000)
 PSPermGen       total 524288K, used 170750K [0x00002ba55b4e0000, 0x00002ba57b4e0000, 0x00002ba57b4e0000)
  object space 524288K, 32% used [0x00002ba55b4e0000,0x00002ba565b9f9a8,0x00002ba57b4e0000)
19418.611: [GC [PSYoungGen: 923856K->22224K(985216K)] 1898825K->1014588K(6228096K), 0.0405700 secs]
Heap after gc invocations=48:
 PSYoungGen      total 985216K, used 22224K [0x00002ba6bb4e0000, 0x00002ba6fb4e0000, 0x00002ba6fb4e0000)
  eden space 918016K, 0% used [0x00002ba6bb4e0000,0x00002ba6bb4e0000,0x00002ba6f3560000)
  from space 67200K, 33% used [0x00002ba6f7340000,0x00002ba6f88f42e8,0x00002ba6fb4e0000)
  to   space 63360K, 0% used [0x00002ba6f3560000,0x00002ba6f3560000,0x00002ba6f7340000)
 PSOldGen        total 5242880K, used 992363K [0x00002ba57b4e0000, 0x00002ba6bb4e0000, 0x00002ba6bb4e0000)
  object space 5242880K, 18% used [0x00002ba57b4e0000,0x00002ba5b7dfafd0,0x00002ba6bb4e0000)
 PSPermGen       total 524288K, used 170750K [0x00002ba55b4e0000, 0x00002ba57b4e0000, 0x00002ba57b4e0000)
  object space 524288K, 32% used [0x00002ba55b4e0000,0x00002ba565b9f9a8,0x00002ba57b4e0000)
}
Total time for which application threads were stopped: 0.1257590 seconds
Application time: 2.1358290 seconds
{Heap before gc invocations=49:
 PSYoungGen      total 985216K, used 940240K [0x00002ba6bb4e0000, 0x00002ba6fb4e0000, 0x00002ba6fb4e0000)
  eden space 918016K, 100% used [0x00002ba6bb4e0000,0x00002ba6f3560000,0x00002ba6f3560000)
  from space 67200K, 33% used [0x00002ba6f7340000,0x00002ba6f88f42e8,0x00002ba6fb4e0000)
  to   space 63360K, 0% used [0x00002ba6f3560000,0x00002ba6f3560000,0x00002ba6f7340000)
 PSOldGen        total 5242880K, used 992363K [0x00002ba57b4e0000, 0x00002ba6bb4e0000, 0x00002ba6bb4e0000)
  object space 5242880K, 18% used [0x00002ba57b4e0000,0x00002ba5b7dfafd0,0x00002ba6bb4e0000)
 PSPermGen       total 524288K, used 171431K [0x00002ba55b4e0000, 0x00002ba57b4e0000, 0x00002ba57b4e0000)
  object space 524288K, 32% used [0x00002ba55b4e0000,0x00002ba565c49c30,0x00002ba57b4e0000)
19603.115: [GC [PSYoungGen: 940240K->22913K(981376K)] 1932604K->1036421K(6224256K), 0.0513340 secs]
Heap after gc invocations=49:
 PSYoungGen      total 981376K, used 22913K [0x00002ba6bb4e0000, 0x00002ba6fb4e0000, 0x00002ba6fb4e0000)
  eden space 918016K, 0% used [0x00002ba6bb4e0000,0x00002ba6bb4e0000,0x00002ba6f3560000)
  from space 63360K, 36% used [0x00002ba6f3560000,0x00002ba6f4bc0620,0x00002ba6f7340000)
  to   space 59712K, 0% used [0x00002ba6f7a90000,0x00002ba6f7a90000,0x00002ba6fb4e0000)
 PSOldGen        total 5242880K, used 1013507K [0x00002ba57b4e0000, 0x00002ba6bb4e0000, 0x00002ba6bb4e0000)
  object space 5242880K, 19% used [0x00002ba57b4e0000,0x00002ba5b92a0f00,0x00002ba6bb4e0000)
 PSPermGen       total 524288K, used 171431K [0x00002ba55b4e0000, 0x00002ba57b4e0000, 0x00002ba57b4e0000)
  object space 524288K, 32% used [0x00002ba55b4e0000,0x00002ba565c49c30,0x00002ba57b4e0000)
}
Total time for which application threads were stopped: 0.0687580 seconds
Application time: 0.3877270 seconds
{Heap before gc invocations=50:
 PSYoungGen      total 981376K, used 940929K [0x00002ba6bb4e0000, 0x00002ba6fb4e0000, 0x00002ba6fb4e0000)
  eden space 918016K, 100% used [0x00002ba6bb4e0000,0x00002ba6f3560000,0x00002ba6f3560000)
  from space 63360K, 36% used [0x00002ba6f3560000,0x00002ba6f4bc0620,0x00002ba6f7340000)
  to   space 59712K, 0% used [0x00002ba6f7a90000,0x00002ba6f7a90000,0x00002ba6fb4e0000)
 PSOldGen        total 5242880K, used 1013507K [0x00002ba57b4e0000, 0x00002ba6bb4e0000, 0x00002ba6bb4e0000)
  object space 5242880K, 19% used [0x00002ba57b4e0000,0x00002ba5b92a0f00,0x00002ba6bb4e0000)
 PSPermGen       total 524288K, used 171906K [0x00002ba55b4e0000, 0x00002ba57b4e0000, 0x00002ba57b4e0000)
  object space 524288K, 32% used [0x00002ba55b4e0000,0x00002ba565cc08e0,0x00002ba57b4e0000)
19775.366: [GC [PSYoungGen: 940929K->19049K(991488K)] 1954437K->1050957K(6234368K), 0.0505470 secs]
Heap after gc invocations=50:
 PSYoungGen      total 991488K, used 19049K [0x00002ba6bb4e0000, 0x00002ba6fb4e0000, 0x00002ba6fb4e0000)
  eden space 931776K, 0% used [0x00002ba6bb4e0000,0x00002ba6bb4e0000,0x00002ba6f42d0000)
  from space 59712K, 31% used [0x00002ba6f7a90000,0x00002ba6f8d2a468,0x00002ba6fb4e0000)
  to   space 57088K, 0% used [0x00002ba6f42d0000,0x00002ba6f42d0000,0x00002ba6f7a90000)
 PSOldGen        total 5242880K, used 1031908K [0x00002ba57b4e0000, 0x00002ba6bb4e0000, 0x00002ba6bb4e0000)
  object space 5242880K, 19% used [0x00002ba57b4e0000,0x00002ba5ba499088,0x00002ba6bb4e0000)
 PSPermGen       total 524288K, used 171906K [0x00002ba55b4e0000, 0x00002ba57b4e0000, 0x00002ba57b4e0000)
  object space 524288K, 32% used [0x00002ba55b4e0000,0x00002ba565cc08e0,0x00002ba57b4e0000)
}
Total time for which application threads were stopped: 0.1042400 seconds
Application time: 0.0181430 seconds
Total time for which application threads were stopped: 0.0560950 seconds
Application time: 0.8067420 seconds
{Heap before gc invocations=51:
 PSYoungGen      total 991488K, used 950825K [0x00002ba6bb4e0000, 0x00002ba6fb4e0000, 0x00002ba6fb4e0000)
  eden space 931776K, 100% used [0x00002ba6bb4e0000,0x00002ba6f42d0000,0x00002ba6f42d0000)
  from space 59712K, 31% used [0x00002ba6f7a90000,0x00002ba6f8d2a468,0x00002ba6fb4e0000)
  to   space 57088K, 0% used [0x00002ba6f42d0000,0x00002ba6f42d0000,0x00002ba6f7a90000)
 PSOldGen        total 5242880K, used 1031908K [0x00002ba57b4e0000, 0x00002ba6bb4e0000, 0x00002ba6bb4e0000)
  object space 5242880K, 19% used [0x00002ba57b4e0000,0x00002ba5ba499088,0x00002ba6bb4e0000)
 PSPermGen       total 524288K, used 172976K [0x00002ba55b4e0000, 0x00002ba57b4e0000, 0x00002ba57b4e0000)
  object space 524288K, 32% used [0x00002ba55b4e0000,0x00002ba565dcc2f8,0x00002ba57b4e0000)
20057.349: [GC [PSYoungGen: 950825K->16413K(988864K)] 1982733K->1060911K(6231744K), 0.0341840 secs]
Heap after gc invocations=51:
 PSYoungGen      total 988864K, used 16413K [0x00002ba6bb4e0000, 0x00002ba6fb4e0000, 0x00002ba6fb4e0000)
  eden space 931776K, 0% used [0x00002ba6bb4e0000,0x00002ba6bb4e0000,0x00002ba6f42d0000)
  from space 57088K, 28% used [0x00002ba6f42d0000,0x00002ba6f52d7780,0x00002ba6f7a90000)
  to   space 54976K, 0% used [0x00002ba6f7f30000,0x00002ba6f7f30000,0x00002ba6fb4e0000)
 PSOldGen        total 5242880K, used 1044498K [0x00002ba57b4e0000, 0x00002ba6bb4e0000, 0x00002ba6bb4e0000)
  object space 5242880K, 19% used [0x00002ba57b4e0000,0x00002ba5bb0e4808,0x00002ba6bb4e0000)
 PSPermGen       total 524288K, used 172976K [0x00002ba55b4e0000, 0x00002ba57b4e0000, 0x00002ba57b4e0000)
  object space 524288K, 32% used [0x00002ba55b4e0000,0x00002ba565dcc2f8,0x00002ba57b4e0000)
}
Total time for which application threads were stopped: 0.0736570 seconds
Application time: 1.2034740 seconds
{Heap before gc invocations=52:
 PSYoungGen      total 988864K, used 948189K [0x00002ba6bb4e0000, 0x00002ba6fb4e0000, 0x00002ba6fb4e0000)
  eden space 931776K, 100% used [0x00002ba6bb4e0000,0x00002ba6f42d0000,0x00002ba6f42d0000)
  from space 57088K, 28% used [0x00002ba6f42d0000,0x00002ba6f52d7780,0x00002ba6f7a90000)
  to   space 54976K, 0% used [0x00002ba6f7f30000,0x00002ba6f7f30000,0x00002ba6fb4e0000)
 PSOldGen        total 5242880K, used 1044498K [0x00002ba57b4e0000, 0x00002ba6bb4e0000, 0x00002ba6bb4e0000)
  object space 5242880K, 19% used [0x00002ba57b4e0000,0x00002ba5bb0e4808,0x00002ba6bb4e0000)
 PSPermGen       total 524288K, used 173673K [0x00002ba55b4e0000, 0x00002ba57b4e0000, 0x00002ba57b4e0000)
  object space 524288K, 33% used [0x00002ba55b4e0000,0x00002ba565e7a628,0x00002ba57b4e0000)
20291.625: [GC [PSYoungGen: 948189K->16297K(995648K)] 1992687K->1072650K(6238528K), 0.0329130 secs]
Heap after gc invocations=52:
 PSYoungGen      total 995648K, used 16297K [0x00002ba6bb4e0000, 0x00002ba6fb4e0000, 0x00002ba6fb4e0000)
  eden space 940672K, 0% used [0x00002ba6bb4e0000,0x00002ba6bb4e0000,0x00002ba6f4b80000)
  from space 54976K, 29% used [0x00002ba6f7f30000,0x00002ba6f8f1a400,0x00002ba6fb4e0000)
  to   space 52928K, 0% used [0x00002ba6f4b80000,0x00002ba6f4b80000,0x00002ba6f7f30000)
 PSOldGen        total 5242880K, used 1056353K [0x00002ba57b4e0000, 0x00002ba6bb4e0000, 0x00002ba6bb4e0000)
  object space 5242880K, 20% used [0x00002ba57b4e0000,0x00002ba5bbc784b0,0x00002ba6bb4e0000)
 PSPermGen       total 524288K, used 173673K [0x00002ba55b4e0000, 0x00002ba57b4e0000, 0x00002ba57b4e0000)
  object space 524288K, 33% used [0x00002ba55b4e0000,0x00002ba565e7a628,0x00002ba57b4e0000)
}
Total time for which application threads were stopped: 0.0511630 seconds
Application time: 4.7886450 seconds
Total time for which application threads were stopped: 0.0403100 seconds
Application time: 6.3328850 seconds
{Heap before gc invocations=53:
 PSYoungGen      total 995648K, used 956969K [0x00002ba6bb4e0000, 0x00002ba6fb4e0000, 0x00002ba6fb4e0000)
  eden space 940672K, 100% used [0x00002ba6bb4e0000,0x00002ba6f4b80000,0x00002ba6f4b80000)
  from space 54976K, 29% used [0x00002ba6f7f30000,0x00002ba6f8f1a400,0x00002ba6fb4e0000)
  to   space 52928K, 0% used [0x00002ba6f4b80000,0x00002ba6f4b80000,0x00002ba6f7f30000)
 PSOldGen        total 5242880K, used 1056353K [0x00002ba57b4e0000, 0x00002ba6bb4e0000, 0x00002ba6bb4e0000)
  object space 5242880K, 20% used [0x00002ba57b4e0000,0x00002ba5bbc784b0,0x00002ba6bb4e0000)
 PSPermGen       total 524288K, used 177491K [0x00002ba55b4e0000, 0x00002ba57b4e0000, 0x00002ba57b4e0000)
  object space 524288K, 33% used [0x00002ba55b4e0000,0x00002ba566234d28,0x00002ba57b4e0000)
20421.283: [GC [PSYoungGen: 956969K->20466K(993600K)] 2013322K->1089354K(6236480K), 0.0317440 secs]
Heap after gc invocations=53:
 PSYoungGen      total 993600K, used 20466K [0x00002ba6bb4e0000, 0x00002ba6fb4e0000, 0x00002ba6fb4e0000)
  eden space 940672K, 0% used [0x00002ba6bb4e0000,0x00002ba6bb4e0000,0x00002ba6f4b80000)
  from space 52928K, 38% used [0x00002ba6f4b80000,0x00002ba6f5f7cad0,0x00002ba6f7f30000)
  to   space 50176K, 0% used [0x00002ba6f83e0000,0x00002ba6f83e0000,0x00002ba6fb4e0000)
 PSOldGen        total 5242880K, used 1068887K [0x00002ba57b4e0000, 0x00002ba6bb4e0000, 0x00002ba6bb4e0000)
  object space 5242880K, 20% used [0x00002ba57b4e0000,0x00002ba5bc8b5d68,0x00002ba6bb4e0000)
 PSPermGen       total 524288K, used 177491K [0x00002ba55b4e0000, 0x00002ba57b4e0000, 0x00002ba57b4e0000)
  object space 524288K, 33% used [0x00002ba55b4e0000,0x00002ba566234d28,0x00002ba57b4e0000)
}
Total time for which application threads were stopped: 0.0712810 seconds
Application time: 1.2839300 seconds
Total time for which application threads were stopped: 0.0207900 seconds
Application time: 0.3940950 seconds
{Heap before gc invocations=54:
 PSYoungGen      total 993600K, used 961138K [0x00002ba6bb4e0000, 0x00002ba6fb4e0000, 0x00002ba6fb4e0000)
  eden space 940672K, 100% used [0x00002ba6bb4e0000,0x00002ba6f4b80000,0x00002ba6f4b80000)
  from space 52928K, 38% used [0x00002ba6f4b80000,0x00002ba6f5f7cad0,0x00002ba6f7f30000)
  to   space 50176K, 0% used [0x00002ba6f83e0000,0x00002ba6f83e0000,0x00002ba6fb4e0000)
 PSOldGen        total 5242880K, used 1068887K [0x00002ba57b4e0000, 0x00002ba6bb4e0000, 0x00002ba6bb4e0000)
  object space 5242880K, 20% used [0x00002ba57b4e0000,0x00002ba5bc8b5d68,0x00002ba6bb4e0000)
 PSPermGen       total 524288K, used 177924K [0x00002ba55b4e0000, 0x00002ba57b4e0000, 0x00002ba57b4e0000)
  object space 524288K, 33% used [0x00002ba55b4e0000,0x00002ba5662a11a8,0x00002ba57b4e0000)
20506.912: [GC [PSYoungGen: 961138K->23042K(1000832K)] 2030026K->1108980K(6243712K), 0.0638660 secs]
Heap after gc invocations=54:
 PSYoungGen      total 1000832K, used 23042K [0x00002ba6bb4e0000, 0x00002ba6fb4e0000, 0x00002ba6fb4e0000)
  eden space 950656K, 0% used [0x00002ba6bb4e0000,0x00002ba6bb4e0000,0x00002ba6f5540000)
  from space 50176K, 45% used [0x00002ba6f83e0000,0x00002ba6f9a60868,0x00002ba6fb4e0000)
  to   space 47744K, 0% used [0x00002ba6f5540000,0x00002ba6f5540000,0x00002ba6f83e0000)
 PSOldGen        total 5242880K, used 1085938K [0x00002ba57b4e0000, 0x00002ba6bb4e0000, 0x00002ba6bb4e0000)
  object space 5242880K, 20% used [0x00002ba57b4e0000,0x00002ba5bd95c930,0x00002ba6bb4e0000)
 PSPermGen       total 524288K, used 177924K [0x00002ba55b4e0000, 0x00002ba57b4e0000, 0x00002ba57b4e0000)
  object space 524288K, 33% used [0x00002ba55b4e0000,0x00002ba5662a11a8,0x00002ba57b4e0000)
}
Total time for which application threads were stopped: 0.0824580 seconds
Application time: 7.7293330 seconds
{Heap before gc invocations=55:
 PSYoungGen      total 1000832K, used 973698K [0x00002ba6bb4e0000, 0x00002ba6fb4e0000, 0x00002ba6fb4e0000)
  eden space 950656K, 100% used [0x00002ba6bb4e0000,0x00002ba6f5540000,0x00002ba6f5540000)
  from space 50176K, 45% used [0x00002ba6f83e0000,0x00002ba6f9a60868,0x00002ba6fb4e0000)
  to   space 47744K, 0% used [0x00002ba6f5540000,0x00002ba6f5540000,0x00002ba6f83e0000)
 PSOldGen        total 5242880K, used 1085938K [0x00002ba57b4e0000, 0x00002ba6bb4e0000, 0x00002ba6bb4e0000)
  object space 5242880K, 20% used [0x00002ba57b4e0000,0x00002ba5bd95c930,0x00002ba6bb4e0000)
 PSPermGen       total 524288K, used 178424K [0x00002ba55b4e0000, 0x00002ba57b4e0000, 0x00002ba57b4e0000)
  object space 524288K, 34% used [0x00002ba55b4e0000,0x00002ba56631e2c0,0x00002ba57b4e0000)
20638.296: [GC [PSYoungGen: 973698K->17009K(998400K)] 2059636K->1116660K(6241280K), 0.0562070 secs]
Heap after gc invocations=55:
 PSYoungGen      total 998400K, used 17009K [0x00002ba6bb4e0000, 0x00002ba6fb4e0000, 0x00002ba6fb4e0000)
  eden space 950656K, 0% used [0x00002ba6bb4e0000,0x00002ba6bb4e0000,0x00002ba6f5540000)
  from space 47744K, 35% used [0x00002ba6f5540000,0x00002ba6f65dc668,0x00002ba6f83e0000)
  to   space 46080K, 0% used [0x00002ba6f87e0000,0x00002ba6f87e0000,0x00002ba6fb4e0000)
 PSOldGen        total 5242880K, used 1099651K [0x00002ba57b4e0000, 0x00002ba6bb4e0000, 0x00002ba6bb4e0000)
  object space 5242880K, 20% used [0x00002ba57b4e0000,0x00002ba5be6c0ca0,0x00002ba6bb4e0000)
 PSPermGen       total 524288K, used 178424K [0x00002ba55b4e0000, 0x00002ba57b4e0000, 0x00002ba57b4e0000)
  object space 524288K, 34% used [0x00002ba55b4e0000,0x00002ba56631e2c0,0x00002ba57b4e0000)
}
Total time for which application threads were stopped: 0.1108960 seconds
Application time: 0.8602100 seconds
{Heap before gc invocations=56:
 PSYoungGen      total 998400K, used 967665K [0x00002ba6bb4e0000, 0x00002ba6fb4e0000, 0x00002ba6fb4e0000)
  eden space 950656K, 100% used [0x00002ba6bb4e0000,0x00002ba6f5540000,0x00002ba6f5540000)
  from space 47744K, 35% used [0x00002ba6f5540000,0x00002ba6f65dc668,0x00002ba6f83e0000)
  to   space 46080K, 0% used [0x00002ba6f87e0000,0x00002ba6f87e0000,0x00002ba6fb4e0000)
 PSOldGen        total 5242880K, used 1099651K [0x00002ba57b4e0000, 0x00002ba6bb4e0000, 0x00002ba6bb4e0000)
  object space 5242880K, 20% used [0x00002ba57b4e0000,0x00002ba5be6c0ca0,0x00002ba6bb4e0000)
 PSPermGen       total 524288K, used 179206K [0x00002ba55b4e0000, 0x00002ba57b4e0000, 0x00002ba57b4e0000)
  object space 524288K, 34% used [0x00002ba55b4e0000,0x00002ba5663e1af0,0x00002ba57b4e0000)
20797.950: [GC [PSYoungGen: 967665K->12047K(1003264K)] 2067316K->1120576K(6246144K), 0.0253490 secs]
Heap after gc invocations=56:
 PSYoungGen      total 1003264K, used 12047K [0x00002ba6bb4e0000, 0x00002ba6fb4e0000, 0x00002ba6fb4e0000)
  eden space 957184K, 0% used [0x00002ba6bb4e0000,0x00002ba6bb4e0000,0x00002ba6f5ba0000)
  from space 46080K, 26% used [0x00002ba6f87e0000,0x00002ba6f93a3f00,0x00002ba6fb4e0000)
  to   space 45312K, 0% used [0x00002ba6f5ba0000,0x00002ba6f5ba0000,0x00002ba6f87e0000)
 PSOldGen        total 5242880K, used 1108528K [0x00002ba57b4e0000, 0x00002ba6bb4e0000, 0x00002ba6bb4e0000)
  object space 5242880K, 21% used [0x00002ba57b4e0000,0x00002ba5bef6c290,0x00002ba6bb4e0000)
 PSPermGen       total 524288K, used 179206K [0x00002ba55b4e0000, 0x00002ba57b4e0000, 0x00002ba57b4e0000)
  object space 524288K, 34% used [0x00002ba55b4e0000,0x00002ba5663e1af0,0x00002ba57b4e0000)
}
Total time for which application threads were stopped: 0.0642480 seconds
Application time: 2.7701340 seconds
{Heap before gc invocations=57:
 PSYoungGen      total 1003264K, used 969231K [0x00002ba6bb4e0000, 0x00002ba6fb4e0000, 0x00002ba6fb4e0000)
  eden space 957184K, 100% used [0x00002ba6bb4e0000,0x00002ba6f5ba0000,0x00002ba6f5ba0000)
  from space 46080K, 26% used [0x00002ba6f87e0000,0x00002ba6f93a3f00,0x00002ba6fb4e0000)
  to   space 45312K, 0% used [0x00002ba6f5ba0000,0x00002ba6f5ba0000,0x00002ba6f87e0000)
 PSOldGen        total 5242880K, used 1108528K [0x00002ba57b4e0000, 0x00002ba6bb4e0000, 0x00002ba6bb4e0000)
  object space 5242880K, 21% used [0x00002ba57b4e0000,0x00002ba5bef6c290,0x00002ba6bb4e0000)
 PSPermGen       total 524288K, used 179528K [0x00002ba55b4e0000, 0x00002ba57b4e0000, 0x00002ba57b4e0000)
  object space 524288K, 34% used [0x00002ba55b4e0000,0x00002ba5664323a8,0x00002ba57b4e0000)
20938.262: [GC [PSYoungGen: 969231K->13903K(1002496K)] 2077760K->1130081K(6245376K), 0.0359940 secs]
Heap after gc invocations=57:
 PSYoungGen      total 1002496K, used 13903K [0x00002ba6bb4e0000, 0x00002ba6fb4e0000, 0x00002ba6fb4e0000)
  eden space 957184K, 0% used [0x00002ba6bb4e0000,0x00002ba6bb4e0000,0x00002ba6f5ba0000)
  from space 45312K, 30% used [0x00002ba6f5ba0000,0x00002ba6f6933c28,0x00002ba6f87e0000)
  to   space 44032K, 0% used [0x00002ba6f89e0000,0x00002ba6f89e0000,0x00002ba6fb4e0000)
 PSOldGen        total 5242880K, used 1116178K [0x00002ba57b4e0000, 0x00002ba6bb4e0000, 0x00002ba6bb4e0000)
  object space 5242880K, 21% used [0x00002ba57b4e0000,0x00002ba5bf6e4918,0x00002ba6bb4e0000)
 PSPermGen       total 524288K, used 179528K [0x00002ba55b4e0000, 0x00002ba57b4e0000, 0x00002ba57b4e0000)
  object space 524288K, 34% used [0x00002ba55b4e0000,0x00002ba5664323a8,0x00002ba57b4e0000)
}
Total time for which application threads were stopped: 0.0561930 seconds
Application time: 0.5535010 seconds
{Heap before gc invocations=58:
 PSYoungGen      total 1002496K, used 971087K [0x00002ba6bb4e0000, 0x00002ba6fb4e0000, 0x00002ba6fb4e0000)
  eden space 957184K, 100% used [0x00002ba6bb4e0000,0x00002ba6f5ba0000,0x00002ba6f5ba0000)
  from space 45312K, 30% used [0x00002ba6f5ba0000,0x00002ba6f6933c28,0x00002ba6f87e0000)
  to   space 44032K, 0% used [0x00002ba6f89e0000,0x00002ba6f89e0000,0x00002ba6fb4e0000)
 PSOldGen        total 5242880K, used 1116178K [0x00002ba57b4e0000, 0x00002ba6bb4e0000, 0x00002ba6bb4e0000)
  object space 5242880K, 21% used [0x00002ba57b4e0000,0x00002ba5bf6e4918,0x00002ba6bb4e0000)
 PSPermGen       total 524288K, used 179947K [0x00002ba55b4e0000, 0x00002ba57b4e0000, 0x00002ba57b4e0000)
  object space 524288K, 34% used [0x00002ba55b4e0000,0x00002ba56649ae08,0x00002ba57b4e0000)
21072.074: [GC [PSYoungGen: 971087K->10964K(1005440K)] 2087265K->1133014K(6248320K), 0.0235600 secs]
Heap after gc invocations=58:
 PSYoungGen      total 1005440K, used 10964K [0x00002ba6bb4e0000, 0x00002ba6fb4e0000, 0x00002ba6fb4e0000)
  eden space 961408K, 0% used [0x00002ba6bb4e0000,0x00002ba6bb4e0000,0x00002ba6f5fc0000)
  from space 44032K, 24% used [0x00002ba6f89e0000,0x00002ba6f9495380,0x00002ba6fb4e0000)
  to   space 43136K, 0% used [0x00002ba6f5fc0000,0x00002ba6f5fc0000,0x00002ba6f89e0000)
 PSOldGen        total 5242880K, used 1122049K [0x00002ba57b4e0000, 0x00002ba6bb4e0000, 0x00002ba6bb4e0000)
  object space 5242880K, 21% used [0x00002ba57b4e0000,0x00002ba5bfca0758,0x00002ba6bb4e0000)
 PSPermGen       total 524288K, used 179947K [0x00002ba55b4e0000, 0x00002ba57b4e0000, 0x00002ba57b4e0000)
  object space 524288K, 34% used [0x00002ba55b4e0000,0x00002ba56649ae08,0x00002ba57b4e0000)
}
Total time for which application threads were stopped: 0.0797040 seconds
Application time: 0.1086020 seconds
{Heap before gc invocations=59:
 PSYoungGen      total 1005440K, used 972372K [0x00002ba6bb4e0000, 0x00002ba6fb4e0000, 0x00002ba6fb4e0000)
  eden space 961408K, 100% used [0x00002ba6bb4e0000,0x00002ba6f5fc0000,0x00002ba6f5fc0000)
  from space 44032K, 24% used [0x00002ba6f89e0000,0x00002ba6f9495380,0x00002ba6fb4e0000)
  to   space 43136K, 0% used [0x00002ba6f5fc0000,0x00002ba6f5fc0000,0x00002ba6f89e0000)
 PSOldGen        total 5242880K, used 1122049K [0x00002ba57b4e0000, 0x00002ba6bb4e0000, 0x00002ba6bb4e0000)
  object space 5242880K, 21% used [0x00002ba57b4e0000,0x00002ba5bfca0758,0x00002ba6bb4e0000)
 PSPermGen       total 524288K, used 180536K [0x00002ba55b4e0000, 0x00002ba57b4e0000, 0x00002ba57b4e0000)
  object space 524288K, 34% used [0x00002ba55b4e0000,0x00002ba56652e018,0x00002ba57b4e0000)
21253.867: [GC [PSYoungGen: 972372K->11490K(1004544K)] 2094422K->1141401K(6247424K), 0.0260020 secs]
Heap after gc invocations=59:
 PSYoungGen      total 1004544K, used 11490K [0x00002ba6bb4e0000, 0x00002ba6fb4e0000, 0x00002ba6fb4e0000)
  eden space 961408K, 0% used [0x00002ba6bb4e0000,0x00002ba6bb4e0000,0x00002ba6f5fc0000)
  from space 43136K, 26% used [0x00002ba6f5fc0000,0x00002ba6f6af8b18,0x00002ba6f89e0000)
  to   space 42048K, 0% used [0x00002ba6f8bd0000,0x00002ba6f8bd0000,0x00002ba6fb4e0000)
 PSOldGen        total 5242880K, used 1129910K [0x00002ba57b4e0000, 0x00002ba6bb4e0000, 0x00002ba6bb4e0000)
  object space 5242880K, 21% used [0x00002ba57b4e0000,0x00002ba5c044d9d0,0x00002ba6bb4e0000)
 PSPermGen       total 524288K, used 180536K [0x00002ba55b4e0000, 0x00002ba57b4e0000, 0x00002ba57b4e0000)
  object space 524288K, 34% used [0x00002ba55b4e0000,0x00002ba56652e018,0x00002ba57b4e0000)
}
Total time for which application threads were stopped: 0.0839050 seconds
Application time: 3.3453030 seconds
{Heap before gc invocations=60:
 PSYoungGen      total 1004544K, used 972898K [0x00002ba6bb4e0000, 0x00002ba6fb4e0000, 0x00002ba6fb4e0000)
  eden space 961408K, 100% used [0x00002ba6bb4e0000,0x00002ba6f5fc0000,0x00002ba6f5fc0000)
  from space 43136K, 26% used [0x00002ba6f5fc0000,0x00002ba6f6af8b18,0x00002ba6f89e0000)
  to   space 42048K, 0% used [0x00002ba6f8bd0000,0x00002ba6f8bd0000,0x00002ba6fb4e0000)
 PSOldGen        total 5242880K, used 1129910K [0x00002ba57b4e0000, 0x00002ba6bb4e0000, 0x00002ba6bb4e0000)
  object space 5242880K, 21% used [0x00002ba57b4e0000,0x00002ba5c044d9d0,0x00002ba6bb4e0000)
 PSPermGen       total 524288K, used 180970K [0x00002ba55b4e0000, 0x00002ba57b4e0000, 0x00002ba57b4e0000)
  object space 524288K, 34% used [0x00002ba55b4e0000,0x00002ba56659aba8,0x00002ba57b4e0000)
21361.532: [GC [PSYoungGen: 972898K->14472K(1008192K)] 2102809K->1152303K(6251072K), 0.0351370 secs]
Heap after gc invocations=60:
 PSYoungGen      total 1008192K, used 14472K [0x00002ba6bb4e0000, 0x00002ba6fb4e0000, 0x00002ba6fb4e0000)
  eden space 966144K, 0% used [0x00002ba6bb4e0000,0x00002ba6bb4e0000,0x00002ba6f6460000)
  from space 42048K, 34% used [0x00002ba6f8bd0000,0x00002ba6f99f20b8,0x00002ba6fb4e0000)
  to   space 40384K, 0% used [0x00002ba6f6460000,0x00002ba6f6460000,0x00002ba6f8bd0000)
 PSOldGen        total 5242880K, used 1137831K [0x00002ba57b4e0000, 0x00002ba6bb4e0000, 0x00002ba6bb4e0000)
  object space 5242880K, 21% used [0x00002ba57b4e0000,0x00002ba5c0c09c88,0x00002ba6bb4e0000)
 PSPermGen       total 524288K, used 180970K [0x00002ba55b4e0000, 0x00002ba57b4e0000, 0x00002ba57b4e0000)
  object space 524288K, 34% used [0x00002ba55b4e0000,0x00002ba56659aba8,0x00002ba57b4e0000)
}
Total time for which application threads were stopped: 0.0921480 seconds
Application time: 0.4698920 seconds
{Heap before gc invocations=61:
 PSYoungGen      total 1008192K, used 980616K [0x00002ba6bb4e0000, 0x00002ba6fb4e0000, 0x00002ba6fb4e0000)
  eden space 966144K, 100% used [0x00002ba6bb4e0000,0x00002ba6f6460000,0x00002ba6f6460000)
  from space 42048K, 34% used [0x00002ba6f8bd0000,0x00002ba6f99f20b8,0x00002ba6fb4e0000)
  to   space 40384K, 0% used [0x00002ba6f6460000,0x00002ba6f6460000,0x00002ba6f8bd0000)
 PSOldGen        total 5242880K, used 1137831K [0x00002ba57b4e0000, 0x00002ba6bb4e0000, 0x00002ba6bb4e0000)
  object space 5242880K, 21% used [0x00002ba57b4e0000,0x00002ba5c0c09c88,0x00002ba6bb4e0000)
 PSPermGen       total 524288K, used 181241K [0x00002ba55b4e0000, 0x00002ba57b4e0000, 0x00002ba57b4e0000)
  object space 524288K, 34% used [0x00002ba55b4e0000,0x00002ba5665de5c0,0x00002ba57b4e0000)
21455.652: [GC [PSYoungGen: 980616K->17730K(1006528K)] 2118447K->1163247K(6249408K), 0.0518460 secs]
Heap after gc invocations=61:
 PSYoungGen      total 1006528K, used 17730K [0x00002ba6bb4e0000, 0x00002ba6fb4e0000, 0x00002ba6fb4e0000)
  eden space 966144K, 0% used [0x00002ba6bb4e0000,0x00002ba6bb4e0000,0x00002ba6f6460000)
  from space 40384K, 43% used [0x00002ba6f6460000,0x00002ba6f75b0b30,0x00002ba6f8bd0000)
  to   space 38208K, 0% used [0x00002ba6f8f90000,0x00002ba6f8f90000,0x00002ba6fb4e0000)
 PSOldGen        total 5242880K, used 1145516K [0x00002ba57b4e0000, 0x00002ba6bb4e0000, 0x00002ba6bb4e0000)
  object space 5242880K, 21% used [0x00002ba57b4e0000,0x00002ba5c138b198,0x00002ba6bb4e0000)
 PSPermGen       total 524288K, used 181241K [0x00002ba55b4e0000, 0x00002ba57b4e0000, 0x00002ba57b4e0000)
  object space 524288K, 34% used [0x00002ba55b4e0000,0x00002ba5665de5c0,0x00002ba57b4e0000)
}
Total time for which application threads were stopped: 0.0738560 seconds
Application time: 2.7927150 seconds
{Heap before gc invocations=62:
 PSYoungGen      total 1006528K, used 983874K [0x00002ba6bb4e0000, 0x00002ba6fb4e0000, 0x00002ba6fb4e0000)
  eden space 966144K, 100% used [0x00002ba6bb4e0000,0x00002ba6f6460000,0x00002ba6f6460000)
  from space 40384K, 43% used [0x00002ba6f6460000,0x00002ba6f75b0b30,0x00002ba6f8bd0000)
  to   space 38208K, 0% used [0x00002ba6f8f90000,0x00002ba6f8f90000,0x00002ba6fb4e0000)
 PSOldGen        total 5242880K, used 1145516K [0x00002ba57b4e0000, 0x00002ba6bb4e0000, 0x00002ba6bb4e0000)
  object space 5242880K, 21% used [0x00002ba57b4e0000,0x00002ba5c138b198,0x00002ba6bb4e0000)
 PSPermGen       total 524288K, used 181489K [0x00002ba55b4e0000, 0x00002ba57b4e0000, 0x00002ba57b4e0000)
  object space 524288K, 34% used [0x00002ba55b4e0000,0x00002ba56661c660,0x00002ba57b4e0000)
21536.407: [GC [PSYoungGen: 983874K->13034K(1011584K)] 2129391K->1163957K(6254464K), 0.0219730 secs]
Heap after gc invocations=62:
 PSYoungGen      total 1011584K, used 13034K [0x00002ba6bb4e0000, 0x00002ba6fb4e0000, 0x00002ba6fb4e0000)
  eden space 973376K, 0% used [0x00002ba6bb4e0000,0x00002ba6bb4e0000,0x00002ba6f6b70000)
  from space 38208K, 34% used [0x00002ba6f8f90000,0x00002ba6f9c4a8a8,0x00002ba6fb4e0000)
  to   space 36992K, 0% used [0x00002ba6f6b70000,0x00002ba6f6b70000,0x00002ba6f8f90000)
 PSOldGen        total 5242880K, used 1150923K [0x00002ba57b4e0000, 0x00002ba6bb4e0000, 0x00002ba6bb4e0000)
  object space 5242880K, 21% used [0x00002ba57b4e0000,0x00002ba5c18d2f08,0x00002ba6bb4e0000)
 PSPermGen       total 524288K, used 181489K [0x00002ba55b4e0000, 0x00002ba57b4e0000, 0x00002ba57b4e0000)
  object space 524288K, 34% used [0x00002ba55b4e0000,0x00002ba56661c660,0x00002ba57b4e0000)
}
Total time for which application threads were stopped: 0.0799700 seconds
Application time: 0.3336690 seconds
{Heap before gc invocations=63:
 PSYoungGen      total 1011584K, used 973937K [0x00002ba6bb4e0000, 0x00002ba6fb4e0000, 0x00002ba6fb4e0000)
  eden space 973376K, 98% used [0x00002ba6bb4e0000,0x00002ba6f5f41bb0,0x00002ba6f6b70000)
  from space 38208K, 34% used [0x00002ba6f8f90000,0x00002ba6f9c4a8a8,0x00002ba6fb4e0000)
  to   space 36992K, 0% used [0x00002ba6f6b70000,0x00002ba6f6b70000,0x00002ba6f8f90000)
 PSOldGen        total 5242880K, used 1150923K [0x00002ba57b4e0000, 0x00002ba6bb4e0000, 0x00002ba6bb4e0000)
  object space 5242880K, 21% used [0x00002ba57b4e0000,0x00002ba5c18d2f08,0x00002ba6bb4e0000)
 PSPermGen       total 524288K, used 182743K [0x00002ba55b4e0000, 0x00002ba57b4e0000, 0x00002ba57b4e0000)
  object space 524288K, 34% used [0x00002ba55b4e0000,0x00002ba566755c58,0x00002ba57b4e0000)
21639.422: [GC [PSYoungGen: 973937K->11408K(1010368K)] 2124860K->1169145K(6253248K), 0.0226560 secs]
Heap after gc invocations=63:
 PSYoungGen      total 1010368K, used 11408K [0x00002ba6bb4e0000, 0x00002ba6fb4e0000, 0x00002ba6fb4e0000)
  eden space 973376K, 0% used [0x00002ba6bb4e0000,0x00002ba6bb4e0000,0x00002ba6f6b70000)
  from space 36992K, 30% used [0x00002ba6f6b70000,0x00002ba6f76943d0,0x00002ba6f8f90000)
  to   space 36096K, 0% used [0x00002ba6f91a0000,0x00002ba6f91a0000,0x00002ba6fb4e0000)
 PSOldGen        total 5242880K, used 1157736K [0x00002ba57b4e0000, 0x00002ba6bb4e0000, 0x00002ba6bb4e0000)
  object space 5242880K, 22% used [0x00002ba57b4e0000,0x00002ba5c1f7a078,0x00002ba6bb4e0000)
 PSPermGen       total 524288K, used 182743K [0x00002ba55b4e0000, 0x00002ba57b4e0000, 0x00002ba57b4e0000)
  object space 524288K, 34% used [0x00002ba55b4e0000,0x00002ba566755c58,0x00002ba57b4e0000)
}
{Heap before gc invocations=64:
 PSYoungGen      total 1010368K, used 11408K [0x00002ba6bb4e0000, 0x00002ba6fb4e0000, 0x00002ba6fb4e0000)
  eden space 973376K, 0% used [0x00002ba6bb4e0000,0x00002ba6bb4e0000,0x00002ba6f6b70000)
  from space 36992K, 30% used [0x00002ba6f6b70000,0x00002ba6f76943d0,0x00002ba6f8f90000)
  to   space 36096K, 0% used [0x00002ba6f91a0000,0x00002ba6f91a0000,0x00002ba6fb4e0000)
 PSOldGen        total 5242880K, used 1157736K [0x00002ba57b4e0000, 0x00002ba6bb4e0000, 0x00002ba6bb4e0000)
  object space 5242880K, 22% used [0x00002ba57b4e0000,0x00002ba5c1f7a078,0x00002ba6bb4e0000)
 PSPermGen       total 524288K, used 182743K [0x00002ba55b4e0000, 0x00002ba57b4e0000, 0x00002ba57b4e0000)
  object space 524288K, 34% used [0x00002ba55b4e0000,0x00002ba566755c58,0x00002ba57b4e0000)
21639.445: [Full GC [PSYoungGen: 11408K->0K(1010368K)] [PSOldGen: 1157736K->1167946K(5242880K)] 1169145K->1167946K(6253248K) [PSPermGen: 182743K->182743K(524288K)], 4.4232530 secs]
Heap after gc invocations=64:
 PSYoungGen      total 1010368K, used 0K [0x00002ba6bb4e0000, 0x00002ba6fb4e0000, 0x00002ba6fb4e0000)
  eden space 973376K, 0% used [0x00002ba6bb4e0000,0x00002ba6bb4e0000,0x00002ba6f6b70000)
  from space 36992K, 0% used [0x00002ba6f6b70000,0x00002ba6f6b70000,0x00002ba6f8f90000)
  to   space 36096K, 0% used [0x00002ba6f91a0000,0x00002ba6f91a0000,0x00002ba6fb4e0000)
 PSOldGen        total 5242880K, used 1167946K [0x00002ba57b4e0000, 0x00002ba6bb4e0000, 0x00002ba6bb4e0000)
  object space 5242880K, 22% used [0x00002ba57b4e0000,0x00002ba5c2972a30,0x00002ba6bb4e0000)
 PSPermGen       total 524288K, used 182743K [0x00002ba55b4e0000, 0x00002ba57b4e0000, 0x00002ba57b4e0000)
  object space 524288K, 34% used [0x00002ba55b4e0000,0x00002ba566755c58,0x00002ba57b4e0000)
}
Total time for which application threads were stopped: 4.4671330 seconds
Application time: 2.5004890 seconds
{Heap before gc invocations=65:
 PSYoungGen      total 1010368K, used 973376K [0x00002ba6bb4e0000, 0x00002ba6fb4e0000, 0x00002ba6fb4e0000)
  eden space 973376K, 100% used [0x00002ba6bb4e0000,0x00002ba6f6b70000,0x00002ba6f6b70000)
  from space 36992K, 0% used [0x00002ba6f6b70000,0x00002ba6f6b70000,0x00002ba6f8f90000)
  to   space 36096K, 0% used [0x00002ba6f91a0000,0x00002ba6f91a0000,0x00002ba6fb4e0000)
 PSOldGen        total 5242880K, used 1167946K [0x00002ba57b4e0000, 0x00002ba6bb4e0000, 0x00002ba6bb4e0000)
  object space 5242880K, 22% used [0x00002ba57b4e0000,0x00002ba5c2972a30,0x00002ba6bb4e0000)
 PSPermGen       total 524288K, used 183677K [0x00002ba55b4e0000, 0x00002ba57b4e0000, 0x00002ba57b4e0000)
  object space 524288K, 35% used [0x00002ba55b4e0000,0x00002ba56683f440,0x00002ba57b4e0000)
21714.447: [GC [PSYoungGen: 973376K->15022K(1014080K)] 2141322K->1182968K(6256960K), 0.0244980 secs]
Heap after gc invocations=65:
 PSYoungGen      total 1014080K, used 15022K [0x00002ba6bb4e0000, 0x00002ba6fb4e0000, 0x00002ba6fb4e0000)
  eden space 977984K, 0% used [0x00002ba6bb4e0000,0x00002ba6bb4e0000,0x00002ba6f6ff0000)
  from space 36096K, 41% used [0x00002ba6f91a0000,0x00002ba6fa04b898,0x00002ba6fb4e0000)
  to   space 34496K, 0% used [0x00002ba6f6ff0000,0x00002ba6f6ff0000,0x00002ba6f91a0000)
 PSOldGen        total 5242880K, used 1167946K [0x00002ba57b4e0000, 0x00002ba6bb4e0000, 0x00002ba6bb4e0000)
  object space 5242880K, 22% used [0x00002ba57b4e0000,0x00002ba5c2972a30,0x00002ba6bb4e0000)
 PSPermGen       total 524288K, used 183677K [0x00002ba55b4e0000, 0x00002ba57b4e0000, 0x00002ba57b4e0000)
  object space 524288K, 35% used [0x00002ba55b4e0000,0x00002ba56683f440,0x00002ba57b4e0000)
}
Total time for which application threads were stopped: 0.0663110 seconds
Application time: 27.7061270 seconds
{Heap before gc invocations=66:
 PSYoungGen      total 1014080K, used 993006K [0x00002ba6bb4e0000, 0x00002ba6fb4e0000, 0x00002ba6fb4e0000)
  eden space 977984K, 100% used [0x00002ba6bb4e0000,0x00002ba6f6ff0000,0x00002ba6f6ff0000)
  from space 36096K, 41% used [0x00002ba6f91a0000,0x00002ba6fa04b898,0x00002ba6fb4e0000)
  to   space 34496K, 0% used [0x00002ba6f6ff0000,0x00002ba6f6ff0000,0x00002ba6f91a0000)
 PSOldGen        total 5242880K, used 1167946K [0x00002ba57b4e0000, 0x00002ba6bb4e0000, 0x00002ba6bb4e0000)
  object space 5242880K, 22% used [0x00002ba57b4e0000,0x00002ba5c2972a30,0x00002ba6bb4e0000)
 PSPermGen       total 524288K, used 184661K [0x00002ba55b4e0000, 0x00002ba57b4e0000, 0x00002ba57b4e0000)
  object space 524288K, 35% used [0x00002ba55b4e0000,0x00002ba566935788,0x00002ba57b4e0000)
21910.341: [GC [PSYoungGen: 993006K->19771K(1012480K)] 2160952K->1198743K(6255360K), 0.0497290 secs]
Heap after gc invocations=66:
 PSYoungGen      total 1012480K, used 19771K [0x00002ba6bb4e0000, 0x00002ba6fb4e0000, 0x00002ba6fb4e0000)
  eden space 977984K, 0% used [0x00002ba6bb4e0000,0x00002ba6bb4e0000,0x00002ba6f6ff0000)
  from space 34496K, 57% used [0x00002ba6f6ff0000,0x00002ba6f833ed58,0x00002ba6f91a0000)
  to   space 33856K, 0% used [0x00002ba6f93d0000,0x00002ba6f93d0000,0x00002ba6fb4e0000)
 PSOldGen        total 5242880K, used 1178972K [0x00002ba57b4e0000, 0x00002ba6bb4e0000, 0x00002ba6bb4e0000)
  object space 5242880K, 22% used [0x00002ba57b4e0000,0x00002ba5c3437100,0x00002ba6bb4e0000)
 PSPermGen       total 524288K, used 184661K [0x00002ba55b4e0000, 0x00002ba57b4e0000, 0x00002ba57b4e0000)
  object space 524288K, 35% used [0x00002ba55b4e0000,0x00002ba566935788,0x00002ba57b4e0000)
}
Total time for which application threads were stopped: 0.0513350 seconds
Application time: 5.3513080 seconds
{Heap before gc invocations=67:
 PSYoungGen      total 1012480K, used 997755K [0x00002ba6bb4e0000, 0x00002ba6fb4e0000, 0x00002ba6fb4e0000)
  eden space 977984K, 100% used [0x00002ba6bb4e0000,0x00002ba6f6ff0000,0x00002ba6f6ff0000)
  from space 34496K, 57% used [0x00002ba6f6ff0000,0x00002ba6f833ed58,0x00002ba6f91a0000)
  to   space 33856K, 0% used [0x00002ba6f93d0000,0x00002ba6f93d0000,0x00002ba6fb4e0000)
 PSOldGen        total 5242880K, used 1178972K [0x00002ba57b4e0000, 0x00002ba6bb4e0000, 0x00002ba6bb4e0000)
  object space 5242880K, 22% used [0x00002ba57b4e0000,0x00002ba5c3437100,0x00002ba6bb4e0000)
 PSPermGen       total 524288K, used 184914K [0x00002ba55b4e0000, 0x00002ba57b4e0000, 0x00002ba57b4e0000)
  object space 524288K, 35% used [0x00002ba55b4e0000,0x00002ba566974a70,0x00002ba57b4e0000)
21990.458: [GC [PSYoungGen: 997755K->17983K(1016064K)] 2176727K->1209091K(6258944K), 0.0303850 secs]
Heap after gc invocations=67:
 PSYoungGen      total 1016064K, used 17983K [0x00002ba6bb4e0000, 0x00002ba6fb4e0000, 0x00002ba6fb4e0000)
  eden space 982208K, 0% used [0x00002ba6bb4e0000,0x00002ba6bb4e0000,0x00002ba6f7410000)
  from space 33856K, 53% used [0x00002ba6f93d0000,0x00002ba6fa55fed0,0x00002ba6fb4e0000)
  to   space 32512K, 0% used [0x00002ba6f7410000,0x00002ba6f7410000,0x00002ba6f93d0000)
 PSOldGen        total 5242880K, used 1191107K [0x00002ba57b4e0000, 0x00002ba6bb4e0000, 0x00002ba6bb4e0000)
  object space 5242880K, 22% used [0x00002ba57b4e0000,0x00002ba5c4010f88,0x00002ba6bb4e0000)
 PSPermGen       total 524288K, used 184914K [0x00002ba55b4e0000, 0x00002ba57b4e0000, 0x00002ba57b4e0000)
  object space 524288K, 35% used [0x00002ba55b4e0000,0x00002ba566974a70,0x00002ba57b4e0000)
}
Total time for which application threads were stopped: 0.0862450 seconds
Application time: 0.1140000 seconds
{Heap before gc invocations=68:
 PSYoungGen      total 1016064K, used 1000191K [0x00002ba6bb4e0000, 0x00002ba6fb4e0000, 0x00002ba6fb4e0000)
  eden space 982208K, 100% used [0x00002ba6bb4e0000,0x00002ba6f7410000,0x00002ba6f7410000)
  from space 33856K, 53% used [0x00002ba6f93d0000,0x00002ba6fa55fed0,0x00002ba6fb4e0000)
  to   space 32512K, 0% used [0x00002ba6f7410000,0x00002ba6f7410000,0x00002ba6f93d0000)
 PSOldGen        total 5242880K, used 1191107K [0x00002ba57b4e0000, 0x00002ba6bb4e0000, 0x00002ba6bb4e0000)
  object space 5242880K, 22% used [0x00002ba57b4e0000,0x00002ba5c4010f88,0x00002ba6bb4e0000)
 PSPermGen       total 524288K, used 185694K [0x00002ba55b4e0000, 0x00002ba57b4e0000, 0x00002ba57b4e0000)
  object space 524288K, 35% used [0x00002ba55b4e0000,0x00002ba566a37a98,0x00002ba57b4e0000)
22116.913: [GC [PSYoungGen: 1000191K->12320K(1014720K)] 2191299K->1217485K(6257600K), 0.0276770 secs]
Heap after gc invocations=68:
 PSYoungGen      total 1014720K, used 12320K [0x00002ba6bb4e0000, 0x00002ba6fb4e0000, 0x00002ba6fb4e0000)
  eden space 982208K, 0% used [0x00002ba6bb4e0000,0x00002ba6bb4e0000,0x00002ba6f7410000)
  from space 32512K, 37% used [0x00002ba6f7410000,0x00002ba6f8018288,0x00002ba6f93d0000)
  to   space 31808K, 0% used [0x00002ba6f95d0000,0x00002ba6f95d0000,0x00002ba6fb4e0000)
 PSOldGen        total 5242880K, used 1205164K [0x00002ba57b4e0000, 0x00002ba6bb4e0000, 0x00002ba6bb4e0000)
  object space 5242880K, 22% used [0x00002ba57b4e0000,0x00002ba5c4dcb3d0,0x00002ba6bb4e0000)
 PSPermGen       total 524288K, used 185694K [0x00002ba55b4e0000, 0x00002ba57b4e0000, 0x00002ba57b4e0000)
  object space 524288K, 35% used [0x00002ba55b4e0000,0x00002ba566a37a98,0x00002ba57b4e0000)
}
Total time for which application threads were stopped: 0.0696470 seconds
Application time: 10.5890020 seconds
{Heap before gc invocations=69:
 PSYoungGen      total 1014720K, used 994528K [0x00002ba6bb4e0000, 0x00002ba6fb4e0000, 0x00002ba6fb4e0000)
  eden space 982208K, 100% used [0x00002ba6bb4e0000,0x00002ba6f7410000,0x00002ba6f7410000)
  from space 32512K, 37% used [0x00002ba6f7410000,0x00002ba6f8018288,0x00002ba6f93d0000)
  to   space 31808K, 0% used [0x00002ba6f95d0000,0x00002ba6f95d0000,0x00002ba6fb4e0000)
 PSOldGen        total 5242880K, used 1205164K [0x00002ba57b4e0000, 0x00002ba6bb4e0000, 0x00002ba6bb4e0000)
  object space 5242880K, 22% used [0x00002ba57b4e0000,0x00002ba5c4dcb3d0,0x00002ba6bb4e0000)
 PSPermGen       total 524288K, used 186424K [0x00002ba55b4e0000, 0x00002ba57b4e0000, 0x00002ba57b4e0000)
  object space 524288K, 35% used [0x00002ba55b4e0000,0x00002ba566aee3b0,0x00002ba57b4e0000)
22203.515: [GC [PSYoungGen: 994528K->12803K(1017664K)] 2199693K->1224939K(6260544K), 0.0226420 secs]
Heap after gc invocations=69:
 PSYoungGen      total 1017664K, used 12803K [0x00002ba6bb4e0000, 0x00002ba6fb4e0000, 0x00002ba6fb4e0000)
  eden space 985856K, 0% used [0x00002ba6bb4e0000,0x00002ba6bb4e0000,0x00002ba6f77a0000)
  from space 31808K, 40% used [0x00002ba6f95d0000,0x00002ba6fa250cc8,0x00002ba6fb4e0000)
  to   space 30912K, 0% used [0x00002ba6f77a0000,0x00002ba6f77a0000,0x00002ba6f95d0000)
 PSOldGen        total 5242880K, used 1212135K [0x00002ba57b4e0000, 0x00002ba6bb4e0000, 0x00002ba6bb4e0000)
  object space 5242880K, 23% used [0x00002ba57b4e0000,0x00002ba5c5499fb0,0x00002ba6bb4e0000)
 PSPermGen       total 524288K, used 186424K [0x00002ba55b4e0000, 0x00002ba57b4e0000, 0x00002ba57b4e0000)
  object space 524288K, 35% used [0x00002ba55b4e0000,0x00002ba566aee3b0,0x00002ba57b4e0000)
}
Total time for which application threads were stopped: 0.0240480 seconds
Application time: 2.5347740 seconds
{Heap before gc invocations=70:
 PSYoungGen      total 1017664K, used 998659K [0x00002ba6bb4e0000, 0x00002ba6fb4e0000, 0x00002ba6fb4e0000)
  eden space 985856K, 100% used [0x00002ba6bb4e0000,0x00002ba6f77a0000,0x00002ba6f77a0000)
  from space 31808K, 40% used [0x00002ba6f95d0000,0x00002ba6fa250cc8,0x00002ba6fb4e0000)
  to   space 30912K, 0% used [0x00002ba6f77a0000,0x00002ba6f77a0000,0x00002ba6f95d0000)
 PSOldGen        total 5242880K, used 1212135K [0x00002ba57b4e0000, 0x00002ba6bb4e0000, 0x00002ba6bb4e0000)
  object space 5242880K, 23% used [0x00002ba57b4e0000,0x00002ba5c5499fb0,0x00002ba6bb4e0000)
 PSPermGen       total 524288K, used 186840K [0x00002ba55b4e0000, 0x00002ba57b4e0000, 0x00002ba57b4e0000)
  object space 524288K, 35% used [0x00002ba55b4e0000,0x00002ba566b56318,0x00002ba57b4e0000)
22244.040: [GC [PSYoungGen: 998659K->30334K(1016192K)] 2210795K->1251571K(6259072K), 0.0912030 secs]
Heap after gc invocations=70:
 PSYoungGen      total 1016192K, used 30334K [0x00002ba6bb4e0000, 0x00002ba6fb4e0000, 0x00002ba6fb4e0000)
  eden space 985856K, 0% used [0x00002ba6bb4e0000,0x00002ba6bb4e0000,0x00002ba6f77a0000)
  from space 30336K, 99% used [0x00002ba6f77a0000,0x00002ba6f953f8f8,0x00002ba6f9540000)
  to   space 32384K, 0% used [0x00002ba6f9540000,0x00002ba6f9540000,0x00002ba6fb4e0000)
 PSOldGen        total 5242880K, used 1221237K [0x00002ba57b4e0000, 0x00002ba6bb4e0000, 0x00002ba6bb4e0000)
  object space 5242880K, 23% used [0x00002ba57b4e0000,0x00002ba5c5d7d630,0x00002ba6bb4e0000)
 PSPermGen       total 524288K, used 186840K [0x00002ba55b4e0000, 0x00002ba57b4e0000, 0x00002ba57b4e0000)
  object space 524288K, 35% used [0x00002ba55b4e0000,0x00002ba566b56318,0x00002ba57b4e0000)
}
Total time for which application threads were stopped: 0.1923850 seconds
Application time: 0.1692300 seconds
{Heap before gc invocations=71:
 PSYoungGen      total 1016192K, used 1016190K [0x00002ba6bb4e0000, 0x00002ba6fb4e0000, 0x00002ba6fb4e0000)
  eden space 985856K, 100% used [0x00002ba6bb4e0000,0x00002ba6f77a0000,0x00002ba6f77a0000)
  from space 30336K, 99% used [0x00002ba6f77a0000,0x00002ba6f953f8f8,0x00002ba6f9540000)
  to   space 32384K, 0% used [0x00002ba6f9540000,0x00002ba6f9540000,0x00002ba6fb4e0000)
 PSOldGen        total 5242880K, used 1221237K [0x00002ba57b4e0000, 0x00002ba6bb4e0000, 0x00002ba6bb4e0000)
  object space 5242880K, 23% used [0x00002ba57b4e0000,0x00002ba5c5d7d630,0x00002ba6bb4e0000)
 PSPermGen       total 524288K, used 187073K [0x00002ba55b4e0000, 0x00002ba57b4e0000, 0x00002ba57b4e0000)
  object space 524288K, 35% used [0x00002ba55b4e0000,0x00002ba566b906a0,0x00002ba57b4e0000)
22300.552: [GC [PSYoungGen: 1016190K->10156K(1012480K)] 2237427K->1242293K(6255360K), 0.0246070 secs]
Heap after gc invocations=71:
 PSYoungGen      total 1012480K, used 10156K [0x00002ba6bb4e0000, 0x00002ba6fb4e0000, 0x00002ba6fb4e0000)
  eden space 980096K, 0% used [0x00002ba6bb4e0000,0x00002ba6bb4e0000,0x00002ba6f7200000)
  from space 32384K, 31% used [0x00002ba6f9540000,0x00002ba6f9f2b170,0x00002ba6fb4e0000)
  to   space 34240K, 0% used [0x00002ba6f7200000,0x00002ba6f7200000,0x00002ba6f9370000)
 PSOldGen        total 5242880K, used 1232136K [0x00002ba57b4e0000, 0x00002ba6bb4e0000, 0x00002ba6bb4e0000)
  object space 5242880K, 23% used [0x00002ba57b4e0000,0x00002ba5c68222f0,0x00002ba6bb4e0000)
 PSPermGen       total 524288K, used 187073K [0x00002ba55b4e0000, 0x00002ba57b4e0000, 0x00002ba57b4e0000)
  object space 524288K, 35% used [0x00002ba55b4e0000,0x00002ba566b906a0,0x00002ba57b4e0000)
}
Total time for which application threads were stopped: 0.0459950 seconds
Application time: 10.6170490 seconds
{Heap before gc invocations=72:
 PSYoungGen      total 1012480K, used 990252K [0x00002ba6bb4e0000, 0x00002ba6fb4e0000, 0x00002ba6fb4e0000)
  eden space 980096K, 100% used [0x00002ba6bb4e0000,0x00002ba6f7200000,0x00002ba6f7200000)
  from space 32384K, 31% used [0x00002ba6f9540000,0x00002ba6f9f2b170,0x00002ba6fb4e0000)
  to   space 34240K, 0% used [0x00002ba6f7200000,0x00002ba6f7200000,0x00002ba6f9370000)
 PSOldGen        total 5242880K, used 1232136K [0x00002ba57b4e0000, 0x00002ba6bb4e0000, 0x00002ba6bb4e0000)
  object space 5242880K, 23% used [0x00002ba57b4e0000,0x00002ba5c68222f0,0x00002ba6bb4e0000)
 PSPermGen       total 524288K, used 188203K [0x00002ba55b4e0000, 0x00002ba57b4e0000, 0x00002ba57b4e0000)
  object space 524288K, 35% used [0x00002ba55b4e0000,0x00002ba566caaef8,0x00002ba57b4e0000)
22401.277: [GC [PSYoungGen: 990252K->15830K(1014336K)] 2222389K->1252143K(6257216K), 0.0438120 secs]
Heap after gc invocations=72:
 PSYoungGen      total 1014336K, used 15830K [0x00002ba6bb4e0000, 0x00002ba6fb4e0000, 0x00002ba6fb4e0000)
  eden space 980096K, 0% used [0x00002ba6bb4e0000,0x00002ba6bb4e0000,0x00002ba6f7200000)
  from space 34240K, 46% used [0x00002ba6f7200000,0x00002ba6f81759c8,0x00002ba6f9370000)
  to   space 32704K, 0% used [0x00002ba6f94f0000,0x00002ba6f94f0000,0x00002ba6fb4e0000)
 PSOldGen        total 5242880K, used 1236312K [0x00002ba57b4e0000, 0x00002ba6bb4e0000, 0x00002ba6bb4e0000)
  object space 5242880K, 23% used [0x00002ba57b4e0000,0x00002ba5c6c363e8,0x00002ba6bb4e0000)
 PSPermGen       total 524288K, used 188203K [0x00002ba55b4e0000, 0x00002ba57b4e0000, 0x00002ba57b4e0000)
  object space 524288K, 35% used [0x00002ba55b4e0000,0x00002ba566caaef8,0x00002ba57b4e0000)
}
Total time for which application threads were stopped: 0.0666120 seconds
Application time: 6.5260930 seconds
{Heap before gc invocations=73:
 PSYoungGen      total 1014336K, used 995926K [0x00002ba6bb4e0000, 0x00002ba6fb4e0000, 0x00002ba6fb4e0000)
  eden space 980096K, 100% used [0x00002ba6bb4e0000,0x00002ba6f7200000,0x00002ba6f7200000)
  from space 34240K, 46% used [0x00002ba6f7200000,0x00002ba6f81759c8,0x00002ba6f9370000)
  to   space 32704K, 0% used [0x00002ba6f94f0000,0x00002ba6f94f0000,0x00002ba6fb4e0000)
 PSOldGen        total 5242880K, used 1236312K [0x00002ba57b4e0000, 0x00002ba6bb4e0000, 0x00002ba6bb4e0000)
  object space 5242880K, 23% used [0x00002ba57b4e0000,0x00002ba5c6c363e8,0x00002ba6bb4e0000)
 PSPermGen       total 524288K, used 188429K [0x00002ba55b4e0000, 0x00002ba57b4e0000, 0x00002ba57b4e0000)
  object space 524288K, 35% used [0x00002ba55b4e0000,0x00002ba566ce3730,0x00002ba57b4e0000)
22463.614: [GC [PSYoungGen: 995926K->22995K(1014464K)] 2232239K->1267524K(6257344K), 0.0568970 secs]
Heap after gc invocations=73:
 PSYoungGen      total 1014464K, used 22995K [0x00002ba6bb4e0000, 0x00002ba6fb4e0000, 0x00002ba6fb4e0000)
  eden space 981760K, 0% used [0x00002ba6bb4e0000,0x00002ba6bb4e0000,0x00002ba6f73a0000)
  from space 32704K, 70% used [0x00002ba6f94f0000,0x00002ba6fab64cb0,0x00002ba6fb4e0000)
  to   space 33408K, 0% used [0x00002ba6f73a0000,0x00002ba6f73a0000,0x00002ba6f9440000)
 PSOldGen        total 5242880K, used 1244529K [0x00002ba57b4e0000, 0x00002ba6bb4e0000, 0x00002ba6bb4e0000)
  object space 5242880K, 23% used [0x00002ba57b4e0000,0x00002ba5c743c420,0x00002ba6bb4e0000)
 PSPermGen       total 524288K, used 188429K [0x00002ba55b4e0000, 0x00002ba57b4e0000, 0x00002ba57b4e0000)
  object space 524288K, 35% used [0x00002ba55b4e0000,0x00002ba566ce3730,0x00002ba57b4e0000)
}
Total time for which application threads were stopped: 0.1589370 seconds
Application time: 0.8527200 seconds
{Heap before gc invocations=74:
 PSYoungGen      total 1014464K, used 1004755K [0x00002ba6bb4e0000, 0x00002ba6fb4e0000, 0x00002ba6fb4e0000)
  eden space 981760K, 100% used [0x00002ba6bb4e0000,0x00002ba6f73a0000,0x00002ba6f73a0000)
  from space 32704K, 70% used [0x00002ba6f94f0000,0x00002ba6fab64cb0,0x00002ba6fb4e0000)
  to   space 33408K, 0% used [0x00002ba6f73a0000,0x00002ba6f73a0000,0x00002ba6f9440000)
 PSOldGen        total 5242880K, used 1244529K [0x00002ba57b4e0000, 0x00002ba6bb4e0000, 0x00002ba6bb4e0000)
  object space 5242880K, 23% used [0x00002ba57b4e0000,0x00002ba5c743c420,0x00002ba6bb4e0000)
 PSPermGen       total 524288K, used 188888K [0x00002ba55b4e0000, 0x00002ba57b4e0000, 0x00002ba57b4e0000)
  object space 524288K, 36% used [0x00002ba55b4e0000,0x00002ba566d56140,0x00002ba57b4e0000)
22514.109: [GC [PSYoungGen: 1004755K->17399K(1015168K)] 2249284K->1274965K(6258048K), 0.0650150 secs]
Heap after gc invocations=74:
 PSYoungGen      total 1015168K, used 17399K [0x00002ba6bb4e0000, 0x00002ba6fb4e0000, 0x00002ba6fb4e0000)
  eden space 981760K, 0% used [0x00002ba6bb4e0000,0x00002ba6bb4e0000,0x00002ba6f73a0000)
  from space 33408K, 52% used [0x00002ba6f73a0000,0x00002ba6f849df30,0x00002ba6f9440000)
  to   space 31808K, 0% used [0x00002ba6f95d0000,0x00002ba6f95d0000,0x00002ba6fb4e0000)
 PSOldGen        total 5242880K, used 1257565K [0x00002ba57b4e0000, 0x00002ba6bb4e0000, 0x00002ba6bb4e0000)
  object space 5242880K, 23% used [0x00002ba57b4e0000,0x00002ba5c80f76a8,0x00002ba6bb4e0000)
 PSPermGen       total 524288K, used 188888K [0x00002ba55b4e0000, 0x00002ba57b4e0000, 0x00002ba57b4e0000)
  object space 524288K, 36% used [0x00002ba55b4e0000,0x00002ba566d56140,0x00002ba57b4e0000)
}
Total time for which application threads were stopped: 0.0877920 seconds
Application time: 4.1955170 seconds
{Heap before gc invocations=75:
 PSYoungGen      total 1015168K, used 999159K [0x00002ba6bb4e0000, 0x00002ba6fb4e0000, 0x00002ba6fb4e0000)
  eden space 981760K, 100% used [0x00002ba6bb4e0000,0x00002ba6f73a0000,0x00002ba6f73a0000)
  from space 33408K, 52% used [0x00002ba6f73a0000,0x00002ba6f849df30,0x00002ba6f9440000)
  to   space 31808K, 0% used [0x00002ba6f95d0000,0x00002ba6f95d0000,0x00002ba6fb4e0000)
 PSOldGen        total 5242880K, used 1257565K [0x00002ba57b4e0000, 0x00002ba6bb4e0000, 0x00002ba6bb4e0000)
  object space 5242880K, 23% used [0x00002ba57b4e0000,0x00002ba5c80f76a8,0x00002ba6bb4e0000)
 PSPermGen       total 524288K, used 189718K [0x00002ba55b4e0000, 0x00002ba57b4e0000, 0x00002ba57b4e0000)
  object space 524288K, 36% used [0x00002ba55b4e0000,0x00002ba566e25998,0x00002ba57b4e0000)
22619.463: [GC [PSYoungGen: 999159K->14545K(1017728K)] 2256725K->1277208K(6260608K), 0.0235700 secs]
Heap after gc invocations=75:
 PSYoungGen      total 1017728K, used 14545K [0x00002ba6bb4e0000, 0x00002ba6fb4e0000, 0x00002ba6fb4e0000)
  eden space 985920K, 0% used [0x00002ba6bb4e0000,0x00002ba6bb4e0000,0x00002ba6f77b0000)
  from space 31808K, 45% used [0x00002ba6f95d0000,0x00002ba6fa404428,0x00002ba6fb4e0000)
  to   space 30848K, 0% used [0x00002ba6f77b0000,0x00002ba6f77b0000,0x00002ba6f95d0000)
 PSOldGen        total 5242880K, used 1262663K [0x00002ba57b4e0000, 0x00002ba6bb4e0000, 0x00002ba6bb4e0000)
  object space 5242880K, 24% used [0x00002ba57b4e0000,0x00002ba5c85f1ca0,0x00002ba6bb4e0000)
 PSPermGen       total 524288K, used 189718K [0x00002ba55b4e0000, 0x00002ba57b4e0000, 0x00002ba57b4e0000)
  object space 524288K, 36% used [0x00002ba55b4e0000,0x00002ba566e25998,0x00002ba57b4e0000)
}
Total time for which application threads were stopped: 0.1276120 seconds
Application time: 0.6643800 seconds
Total time for which application threads were stopped: 0.0607390 seconds
Application time: 2.8168920 seconds
{Heap before gc invocations=76:
 PSYoungGen      total 1017728K, used 1000465K [0x00002ba6bb4e0000, 0x00002ba6fb4e0000, 0x00002ba6fb4e0000)
  eden space 985920K, 100% used [0x00002ba6bb4e0000,0x00002ba6f77b0000,0x00002ba6f77b0000)
  from space 31808K, 45% used [0x00002ba6f95d0000,0x00002ba6fa404428,0x00002ba6fb4e0000)
  to   space 30848K, 0% used [0x00002ba6f77b0000,0x00002ba6f77b0000,0x00002ba6f95d0000)
 PSOldGen        total 5242880K, used 1262663K [0x00002ba57b4e0000, 0x00002ba6bb4e0000, 0x00002ba6bb4e0000)
  object space 5242880K, 24% used [0x00002ba57b4e0000,0x00002ba5c85f1ca0,0x00002ba6bb4e0000)
 PSPermGen       total 524288K, used 189872K [0x00002ba55b4e0000, 0x00002ba57b4e0000, 0x00002ba57b4e0000)
  object space 524288K, 36% used [0x00002ba55b4e0000,0x00002ba566e4c340,0x00002ba57b4e0000)
22686.134: [GC [PSYoungGen: 1000465K->26119K(1012096K)] 2263128K->1299935K(6254976K), 0.0604180 secs]
Heap after gc invocations=76:
 PSYoungGen      total 1012096K, used 26119K [0x00002ba6bb4e0000, 0x00002ba6fb4e0000, 0x00002ba6fb4e0000)
  eden space 985920K, 0% used [0x00002ba6bb4e0000,0x00002ba6bb4e0000,0x00002ba6f77b0000)
  from space 26176K, 99% used [0x00002ba6f77b0000,0x00002ba6f9131d88,0x00002ba6f9140000)
  to   space 32832K, 0% used [0x00002ba6f94d0000,0x00002ba6f94d0000,0x00002ba6fb4e0000)
 PSOldGen        total 5242880K, used 1273816K [0x00002ba57b4e0000, 0x00002ba6bb4e0000, 0x00002ba6bb4e0000)
  object space 5242880K, 24% used [0x00002ba57b4e0000,0x00002ba5c90d6070,0x00002ba6bb4e0000)
 PSPermGen       total 524288K, used 189872K [0x00002ba55b4e0000, 0x00002ba57b4e0000, 0x00002ba57b4e0000)
  object space 524288K, 36% used [0x00002ba55b4e0000,0x00002ba566e4c340,0x00002ba57b4e0000)
}
Total time for which application threads were stopped: 0.1207990 seconds
Application time: 2.3456350 seconds
{Heap before gc invocations=77:
 PSYoungGen      total 1012096K, used 1012039K [0x00002ba6bb4e0000, 0x00002ba6fb4e0000, 0x00002ba6fb4e0000)
  eden space 985920K, 100% used [0x00002ba6bb4e0000,0x00002ba6f77b0000,0x00002ba6f77b0000)
  from space 26176K, 99% used [0x00002ba6f77b0000,0x00002ba6f9131d88,0x00002ba6f9140000)
  to   space 32832K, 0% used [0x00002ba6f94d0000,0x00002ba6f94d0000,0x00002ba6fb4e0000)
 PSOldGen        total 5242880K, used 1273816K [0x00002ba57b4e0000, 0x00002ba6bb4e0000, 0x00002ba6bb4e0000)
  object space 5242880K, 24% used [0x00002ba57b4e0000,0x00002ba5c90d6070,0x00002ba6bb4e0000)
 PSPermGen       total 524288K, used 190074K [0x00002ba55b4e0000, 0x00002ba57b4e0000, 0x00002ba57b4e0000)
  object space 524288K, 36% used [0x00002ba55b4e0000,0x00002ba566e7ea80,0x00002ba57b4e0000)
22797.555: [GC [PSYoungGen: 1012039K->13351K(1016448K)] 2285855K->1306017K(6259328K), 0.0323680 secs]
Heap after gc invocations=77:
 PSYoungGen      total 1016448K, used 13351K [0x00002ba6bb4e0000, 0x00002ba6fb4e0000, 0x00002ba6fb4e0000)
  eden space 983616K, 0% used [0x00002ba6bb4e0000,0x00002ba6bb4e0000,0x00002ba6f7570000)
  from space 32832K, 40% used [0x00002ba6f94d0000,0x00002ba6fa1d9e00,0x00002ba6fb4e0000)
  to   space 32128K, 0% used [0x00002ba6f7570000,0x00002ba6f7570000,0x00002ba6f94d0000)
 PSOldGen        total 5242880K, used 1292665K [0x00002ba57b4e0000, 0x00002ba6bb4e0000, 0x00002ba6bb4e0000)
  object space 5242880K, 24% used [0x00002ba57b4e0000,0x00002ba5ca33e668,0x00002ba6bb4e0000)
 PSPermGen       total 524288K, used 190074K [0x00002ba55b4e0000, 0x00002ba57b4e0000, 0x00002ba57b4e0000)
  object space 524288K, 36% used [0x00002ba55b4e0000,0x00002ba566e7ea80,0x00002ba57b4e0000)
}
Total time for which application threads were stopped: 0.1375710 seconds
Application time: 0.9356000 seconds
{Heap before gc invocations=78:
 PSYoungGen      total 1016448K, used 996967K [0x00002ba6bb4e0000, 0x00002ba6fb4e0000, 0x00002ba6fb4e0000)
  eden space 983616K, 100% used [0x00002ba6bb4e0000,0x00002ba6f7570000,0x00002ba6f7570000)
  from space 32832K, 40% used [0x00002ba6f94d0000,0x00002ba6fa1d9e00,0x00002ba6fb4e0000)
  to   space 32128K, 0% used [0x00002ba6f7570000,0x00002ba6f7570000,0x00002ba6f94d0000)
 PSOldGen        total 5242880K, used 1292665K [0x00002ba57b4e0000, 0x00002ba6bb4e0000, 0x00002ba6bb4e0000)
  object space 5242880K, 24% used [0x00002ba57b4e0000,0x00002ba5ca33e668,0x00002ba6bb4e0000)
 PSPermGen       total 524288K, used 190714K [0x00002ba55b4e0000, 0x00002ba57b4e0000, 0x00002ba57b4e0000)
  object space 524288K, 36% used [0x00002ba55b4e0000,0x00002ba566f1e950,0x00002ba57b4e0000)
22870.263: [GC [PSYoungGen: 996967K->17713K(1015744K)] 2289633K->1318176K(6258624K), 0.0402350 secs]
Heap after gc invocations=78:
 PSYoungGen      total 1015744K, used 17713K [0x00002ba6bb4e0000, 0x00002ba6fb4e0000, 0x00002ba6fb4e0000)
  eden space 983616K, 0% used [0x00002ba6bb4e0000,0x00002ba6bb4e0000,0x00002ba6f7570000)
  from space 32128K, 55% used [0x00002ba6f7570000,0x00002ba6f86bc570,0x00002ba6f94d0000)
  to   space 30720K, 0% used [0x00002ba6f96e0000,0x00002ba6f96e0000,0x00002ba6fb4e0000)
 PSOldGen        total 5242880K, used 1300463K [0x00002ba57b4e0000, 0x00002ba6bb4e0000, 0x00002ba6bb4e0000)
  object space 5242880K, 24% used [0x00002ba57b4e0000,0x00002ba5caadbe80,0x00002ba6bb4e0000)
 PSPermGen       total 524288K, used 190714K [0x00002ba55b4e0000, 0x00002ba57b4e0000, 0x00002ba57b4e0000)
  object space 524288K, 36% used [0x00002ba55b4e0000,0x00002ba566f1e950,0x00002ba57b4e0000)
}
Total time for which application threads were stopped: 0.1011860 seconds
Application time: 0.0579790 seconds
{Heap before gc invocations=79:
 PSYoungGen      total 1015744K, used 1001329K [0x00002ba6bb4e0000, 0x00002ba6fb4e0000, 0x00002ba6fb4e0000)
  eden space 983616K, 100% used [0x00002ba6bb4e0000,0x00002ba6f7570000,0x00002ba6f7570000)
  from space 32128K, 55% used [0x00002ba6f7570000,0x00002ba6f86bc570,0x00002ba6f94d0000)
  to   space 30720K, 0% used [0x00002ba6f96e0000,0x00002ba6f96e0000,0x00002ba6fb4e0000)
 PSOldGen        total 5242880K, used 1300463K [0x00002ba57b4e0000, 0x00002ba6bb4e0000, 0x00002ba6bb4e0000)
  object space 5242880K, 24% used [0x00002ba57b4e0000,0x00002ba5caadbe80,0x00002ba6bb4e0000)
 PSPermGen       total 524288K, used 190971K [0x00002ba55b4e0000, 0x00002ba57b4e0000, 0x00002ba57b4e0000)
  object space 524288K, 36% used [0x00002ba55b4e0000,0x00002ba566f5ed88,0x00002ba57b4e0000)
22876.776: [GC [PSYoungGen: 1001329K->29341K(1011712K)] 2301792K->1343820K(6254592K), 0.0345390 secs]
Heap after gc invocations=79:
 PSYoungGen      total 1011712K, used 29341K [0x00002ba6bb4e0000, 0x00002ba6fb4e0000, 0x00002ba6fb4e0000)
  eden space 980992K, 0% used [0x00002ba6bb4e0000,0x00002ba6bb4e0000,0x00002ba6f72e0000)
  from space 30720K, 95% used [0x00002ba6f96e0000,0x00002ba6fb387558,0x00002ba6fb4e0000)
  to   space 33792K, 0% used [0x00002ba6f72e0000,0x00002ba6f72e0000,0x00002ba6f93e0000)
 PSOldGen        total 5242880K, used 1314479K [0x00002ba57b4e0000, 0x00002ba6bb4e0000, 0x00002ba6bb4e0000)
  object space 5242880K, 25% used [0x00002ba57b4e0000,0x00002ba5cb88bcb8,0x00002ba6bb4e0000)
 PSPermGen       total 524288K, used 190971K [0x00002ba55b4e0000, 0x00002ba57b4e0000, 0x00002ba57b4e0000)
  object space 524288K, 36% used [0x00002ba55b4e0000,0x00002ba566f5ed88,0x00002ba57b4e0000)
}
Total time for which application threads were stopped: 0.0781350 seconds
Application time: 0.9393130 seconds
{Heap before gc invocations=80:
 PSYoungGen      total 1011712K, used 1010333K [0x00002ba6bb4e0000, 0x00002ba6fb4e0000, 0x00002ba6fb4e0000)
  eden space 980992K, 100% used [0x00002ba6bb4e0000,0x00002ba6f72e0000,0x00002ba6f72e0000)
  from space 30720K, 95% used [0x00002ba6f96e0000,0x00002ba6fb387558,0x00002ba6fb4e0000)
  to   space 33792K, 0% used [0x00002ba6f72e0000,0x00002ba6f72e0000,0x00002ba6f93e0000)
 PSOldGen        total 5242880K, used 1314479K [0x00002ba57b4e0000, 0x00002ba6bb4e0000, 0x00002ba6bb4e0000)
  object space 5242880K, 25% used [0x00002ba57b4e0000,0x00002ba5cb88bcb8,0x00002ba6bb4e0000)
 PSPermGen       total 524288K, used 191331K [0x00002ba55b4e0000, 0x00002ba57b4e0000, 0x00002ba57b4e0000)
  object space 524288K, 36% used [0x00002ba55b4e0000,0x00002ba566fb8d68,0x00002ba57b4e0000)
22922.720: [GC [PSYoungGen: 1010333K->16785K(1014784K)] 2324812K->1359751K(6257664K), 0.0488320 secs]
Heap after gc invocations=80:
 PSYoungGen      total 1014784K, used 16785K [0x00002ba6bb4e0000, 0x00002ba6fb4e0000, 0x00002ba6fb4e0000)
  eden space 980992K, 0% used [0x00002ba6bb4e0000,0x00002ba6bb4e0000,0x00002ba6f72e0000)
  from space 33792K, 49% used [0x00002ba6f72e0000,0x00002ba6f8344640,0x00002ba6f93e0000)
  to   space 32640K, 0% used [0x00002ba6f9500000,0x00002ba6f9500000,0x00002ba6fb4e0000)
 PSOldGen        total 5242880K, used 1342966K [0x00002ba57b4e0000, 0x00002ba6bb4e0000, 0x00002ba6bb4e0000)
  object space 5242880K, 25% used [0x00002ba57b4e0000,0x00002ba5cd45d920,0x00002ba6bb4e0000)
 PSPermGen       total 524288K, used 191331K [0x00002ba55b4e0000, 0x00002ba57b4e0000, 0x00002ba57b4e0000)
  object space 524288K, 36% used [0x00002ba55b4e0000,0x00002ba566fb8d68,0x00002ba57b4e0000)
}
Total time for which application threads were stopped: 0.1547310 seconds
Application time: 1.8621660 seconds
{Heap before gc invocations=81:
 PSYoungGen      total 1014784K, used 997777K [0x00002ba6bb4e0000, 0x00002ba6fb4e0000, 0x00002ba6fb4e0000)
  eden space 980992K, 100% used [0x00002ba6bb4e0000,0x00002ba6f72e0000,0x00002ba6f72e0000)
  from space 33792K, 49% used [0x00002ba6f72e0000,0x00002ba6f8344640,0x00002ba6f93e0000)
  to   space 32640K, 0% used [0x00002ba6f9500000,0x00002ba6f9500000,0x00002ba6fb4e0000)
 PSOldGen        total 5242880K, used 1342966K [0x00002ba57b4e0000, 0x00002ba6bb4e0000, 0x00002ba6bb4e0000)
  object space 5242880K, 25% used [0x00002ba57b4e0000,0x00002ba5cd45d920,0x00002ba6bb4e0000)
 PSPermGen       total 524288K, used 191371K [0x00002ba55b4e0000, 0x00002ba57b4e0000, 0x00002ba57b4e0000)
  object space 524288K, 36% used [0x00002ba55b4e0000,0x00002ba566fc2ec0,0x00002ba57b4e0000)
23071.711: [GC [PSYoungGen: 997777K->21017K(1016448K)] 2340743K->1375640K(6259328K), 0.0706360 secs]
Heap after gc invocations=81:
 PSYoungGen      total 1016448K, used 21017K [0x00002ba6bb4e0000, 0x00002ba6fb4e0000, 0x00002ba6fb4e0000)
  eden space 983808K, 0% used [0x00002ba6bb4e0000,0x00002ba6bb4e0000,0x00002ba6f75a0000)
  from space 32640K, 64% used [0x00002ba6f9500000,0x00002ba6fa986698,0x00002ba6fb4e0000)
  to   space 32128K, 0% used [0x00002ba6f75a0000,0x00002ba6f75a0000,0x00002ba6f9500000)
 PSOldGen        total 5242880K, used 1354622K [0x00002ba57b4e0000, 0x00002ba6bb4e0000, 0x00002ba6bb4e0000)
  object space 5242880K, 25% used [0x00002ba57b4e0000,0x00002ba5cdfbf980,0x00002ba6bb4e0000)
 PSPermGen       total 524288K, used 191371K [0x00002ba55b4e0000, 0x00002ba57b4e0000, 0x00002ba57b4e0000)
  object space 524288K, 36% used [0x00002ba55b4e0000,0x00002ba566fc2ec0,0x00002ba57b4e0000)
}
Total time for which application threads were stopped: 0.1181460 seconds
Application time: 3.4705960 seconds
{Heap before gc invocations=82:
 PSYoungGen      total 1016448K, used 1004825K [0x00002ba6bb4e0000, 0x00002ba6fb4e0000, 0x00002ba6fb4e0000)
  eden space 983808K, 100% used [0x00002ba6bb4e0000,0x00002ba6f75a0000,0x00002ba6f75a0000)
  from space 32640K, 64% used [0x00002ba6f9500000,0x00002ba6fa986698,0x00002ba6fb4e0000)
  to   space 32128K, 0% used [0x00002ba6f75a0000,0x00002ba6f75a0000,0x00002ba6f9500000)
 PSOldGen        total 5242880K, used 1354622K [0x00002ba57b4e0000, 0x00002ba6bb4e0000, 0x00002ba6bb4e0000)
  object space 5242880K, 25% used [0x00002ba57b4e0000,0x00002ba5cdfbf980,0x00002ba6bb4e0000)
 PSPermGen       total 524288K, used 191633K [0x00002ba55b4e0000, 0x00002ba57b4e0000, 0x00002ba57b4e0000)
  object space 524288K, 36% used [0x00002ba55b4e0000,0x00002ba5670046f0,0x00002ba57b4e0000)
23121.826: [GC [PSYoungGen: 1004825K->18353K(1015936K)] 2359448K->1383300K(6258816K), 0.0269710 secs]
Heap after gc invocations=82:
 PSYoungGen      total 1015936K, used 18353K [0x00002ba6bb4e0000, 0x00002ba6fb4e0000, 0x00002ba6fb4e0000)
  eden space 983808K, 0% used [0x00002ba6bb4e0000,0x00002ba6bb4e0000,0x00002ba6f75a0000)
  from space 32128K, 57% used [0x00002ba6f75a0000,0x00002ba6f878c530,0x00002ba6f9500000)
  to   space 30848K, 0% used [0x00002ba6f96c0000,0x00002ba6f96c0000,0x00002ba6fb4e0000)
 PSOldGen        total 5242880K, used 1364947K [0x00002ba57b4e0000, 0x00002ba6bb4e0000, 0x00002ba6bb4e0000)
  object space 5242880K, 26% used [0x00002ba57b4e0000,0x00002ba5ce9d4d20,0x00002ba6bb4e0000)
 PSPermGen       total 524288K, used 191633K [0x00002ba55b4e0000, 0x00002ba57b4e0000, 0x00002ba57b4e0000)
  object space 524288K, 36% used [0x00002ba55b4e0000,0x00002ba5670046f0,0x00002ba57b4e0000)
}
Total time for which application threads were stopped: 0.0744370 seconds
Application time: 0.9950330 seconds
Total time for which application threads were stopped: 0.1105150 seconds
Application time: 2.7083890 seconds
{Heap before gc invocations=83:
 PSYoungGen      total 1015936K, used 1002161K [0x00002ba6bb4e0000, 0x00002ba6fb4e0000, 0x00002ba6fb4e0000)
  eden space 983808K, 100% used [0x00002ba6bb4e0000,0x00002ba6f75a0000,0x00002ba6f75a0000)
  from space 32128K, 57% used [0x00002ba6f75a0000,0x00002ba6f878c530,0x00002ba6f9500000)
  to   space 30848K, 0% used [0x00002ba6f96c0000,0x00002ba6f96c0000,0x00002ba6fb4e0000)
 PSOldGen        total 5242880K, used 1364947K [0x00002ba57b4e0000, 0x00002ba6bb4e0000, 0x00002ba6bb4e0000)
  object space 5242880K, 26% used [0x00002ba57b4e0000,0x00002ba5ce9d4d20,0x00002ba6bb4e0000)
 PSPermGen       total 524288K, used 192853K [0x00002ba55b4e0000, 0x00002ba57b4e0000, 0x00002ba57b4e0000)
  object space 524288K, 36% used [0x00002ba55b4e0000,0x00002ba567135668,0x00002ba57b4e0000)
23159.354: [GC [PSYoungGen: 1002161K->18597K(1018880K)] 2367108K->1397944K(6261760K), 0.0282410 secs]
Heap after gc invocations=83:
 PSYoungGen      total 1018880K, used 18597K [0x00002ba6bb4e0000, 0x00002ba6fb4e0000, 0x00002ba6fb4e0000)
  eden space 988032K, 0% used [0x00002ba6bb4e0000,0x00002ba6bb4e0000,0x00002ba6f79c0000)
  from space 30848K, 60% used [0x00002ba6f96c0000,0x00002ba6fa8e94a8,0x00002ba6fb4e0000)
  to   space 29696K, 0% used [0x00002ba6f79c0000,0x00002ba6f79c0000,0x00002ba6f96c0000)
 PSOldGen        total 5242880K, used 1379347K [0x00002ba57b4e0000, 0x00002ba6bb4e0000, 0x00002ba6bb4e0000)
  object space 5242880K, 26% used [0x00002ba57b4e0000,0x00002ba5cf7e4d88,0x00002ba6bb4e0000)
 PSPermGen       total 524288K, used 192853K [0x00002ba55b4e0000, 0x00002ba57b4e0000, 0x00002ba57b4e0000)
  object space 524288K, 36% used [0x00002ba55b4e0000,0x00002ba567135668,0x00002ba57b4e0000)
}
Total time for which application threads were stopped: 0.0780890 seconds
Application time: 2.5296740 seconds
{Heap before gc invocations=84:
 PSYoungGen      total 1018880K, used 1006629K [0x00002ba6bb4e0000, 0x00002ba6fb4e0000, 0x00002ba6fb4e0000)
  eden space 988032K, 100% used [0x00002ba6bb4e0000,0x00002ba6f79c0000,0x00002ba6f79c0000)
  from space 30848K, 60% used [0x00002ba6f96c0000,0x00002ba6fa8e94a8,0x00002ba6fb4e0000)
  to   space 29696K, 0% used [0x00002ba6f79c0000,0x00002ba6f79c0000,0x00002ba6f96c0000)
 PSOldGen        total 5242880K, used 1379347K [0x00002ba57b4e0000, 0x00002ba6bb4e0000, 0x00002ba6bb4e0000)
  object space 5242880K, 26% used [0x00002ba57b4e0000,0x00002ba5cf7e4d88,0x00002ba6bb4e0000)
 PSPermGen       total 524288K, used 195372K [0x00002ba55b4e0000, 0x00002ba57b4e0000, 0x00002ba57b4e0000)
  object space 524288K, 37% used [0x00002ba55b4e0000,0x00002ba5673ab3d0,0x00002ba57b4e0000)
23196.705: [GC [PSYoungGen: 1006629K->12347K(1017728K)] 2385976K->1406432K(6260608K), 0.0321090 secs]
Heap after gc invocations=84:
 PSYoungGen      total 1017728K, used 12347K [0x00002ba6bb4e0000, 0x00002ba6fb4e0000, 0x00002ba6fb4e0000)
  eden space 988032K, 0% used [0x00002ba6bb4e0000,0x00002ba6bb4e0000,0x00002ba6f79c0000)
  from space 29696K, 41% used [0x00002ba6f79c0000,0x00002ba6f85cef60,0x00002ba6f96c0000)
  to   space 29696K, 0% used [0x00002ba6f97e0000,0x00002ba6f97e0000,0x00002ba6fb4e0000)
 PSOldGen        total 5242880K, used 1394084K [0x00002ba57b4e0000, 0x00002ba6bb4e0000, 0x00002ba6bb4e0000)
  object space 5242880K, 26% used [0x00002ba57b4e0000,0x00002ba5d0649360,0x00002ba6bb4e0000)
 PSPermGen       total 524288K, used 195372K [0x00002ba55b4e0000, 0x00002ba57b4e0000, 0x00002ba57b4e0000)
  object space 524288K, 37% used [0x00002ba55b4e0000,0x00002ba5673ab3d0,0x00002ba57b4e0000)
}
Total time for which application threads were stopped: 0.0807930 seconds
Application time: 2.5836210 seconds
{Heap before gc invocations=85:
 PSYoungGen      total 1017728K, used 1000379K [0x00002ba6bb4e0000, 0x00002ba6fb4e0000, 0x00002ba6fb4e0000)
  eden space 988032K, 100% used [0x00002ba6bb4e0000,0x00002ba6f79c0000,0x00002ba6f79c0000)
  from space 29696K, 41% used [0x00002ba6f79c0000,0x00002ba6f85cef60,0x00002ba6f96c0000)
  to   space 29696K, 0% used [0x00002ba6f97e0000,0x00002ba6f97e0000,0x00002ba6fb4e0000)
 PSOldGen        total 5242880K, used 1394084K [0x00002ba57b4e0000, 0x00002ba6bb4e0000, 0x00002ba6bb4e0000)
  object space 5242880K, 26% used [0x00002ba57b4e0000,0x00002ba5d0649360,0x00002ba6bb4e0000)
 PSPermGen       total 524288K, used 198397K [0x00002ba55b4e0000, 0x00002ba57b4e0000, 0x00002ba57b4e0000)
  object space 524288K, 37% used [0x00002ba55b4e0000,0x00002ba56769f580,0x00002ba57b4e0000)
23222.510: [GC [PSYoungGen: 1000379K->7156K(1017472K)] 2394464K->1407272K(6260352K), 0.0221360 secs]
Heap after gc invocations=85:
 PSYoungGen      total 1017472K, used 7156K [0x00002ba6bb4e0000, 0x00002ba6fb4e0000, 0x00002ba6fb4e0000)
  eden space 987776K, 0% used [0x00002ba6bb4e0000,0x00002ba6bb4e0000,0x00002ba6f7980000)
  from space 29696K, 24% used [0x00002ba6f97e0000,0x00002ba6f9edd290,0x00002ba6fb4e0000)
  to   space 30400K, 0% used [0x00002ba6f7980000,0x00002ba6f7980000,0x00002ba6f9730000)
 PSOldGen        total 5242880K, used 1400115K [0x00002ba57b4e0000, 0x00002ba6bb4e0000, 0x00002ba6bb4e0000)
  object space 5242880K, 26% used [0x00002ba57b4e0000,0x00002ba5d0c2cd88,0x00002ba6bb4e0000)
 PSPermGen       total 524288K, used 198397K [0x00002ba55b4e0000, 0x00002ba57b4e0000, 0x00002ba57b4e0000)
  object space 524288K, 37% used [0x00002ba55b4e0000,0x00002ba56769f580,0x00002ba57b4e0000)
}
Total time for which application threads were stopped: 0.1307590 seconds
Application time: 3.9088840 seconds
{Heap before gc invocations=86:
 PSYoungGen      total 1017472K, used 994932K [0x00002ba6bb4e0000, 0x00002ba6fb4e0000, 0x00002ba6fb4e0000)
  eden space 987776K, 100% used [0x00002ba6bb4e0000,0x00002ba6f7980000,0x00002ba6f7980000)
  from space 29696K, 24% used [0x00002ba6f97e0000,0x00002ba6f9edd290,0x00002ba6fb4e0000)
  to   space 30400K, 0% used [0x00002ba6f7980000,0x00002ba6f7980000,0x00002ba6f9730000)
 PSOldGen        total 5242880K, used 1400115K [0x00002ba57b4e0000, 0x00002ba6bb4e0000, 0x00002ba6bb4e0000)
  object space 5242880K, 26% used [0x00002ba57b4e0000,0x00002ba5d0c2cd88,0x00002ba6bb4e0000)
 PSPermGen       total 524288K, used 199361K [0x00002ba55b4e0000, 0x00002ba57b4e0000, 0x00002ba57b4e0000)
  object space 524288K, 38% used [0x00002ba55b4e0000,0x00002ba5677905a8,0x00002ba57b4e0000)
23272.297: [GC [PSYoungGen: 994932K->17487K(1018176K)] 2395048K->1422832K(6261056K), 0.0248820 secs]
Heap after gc invocations=86:
 PSYoungGen      total 1018176K, used 17487K [0x00002ba6bb4e0000, 0x00002ba6fb4e0000, 0x00002ba6fb4e0000)
  eden space 987776K, 0% used [0x00002ba6bb4e0000,0x00002ba6bb4e0000,0x00002ba6f7980000)
  from space 30400K, 57% used [0x00002ba6f7980000,0x00002ba6f8a93da0,0x00002ba6f9730000)
  to   space 29248K, 0% used [0x00002ba6f9850000,0x00002ba6f9850000,0x00002ba6fb4e0000)
 PSOldGen        total 5242880K, used 1405345K [0x00002ba57b4e0000, 0x00002ba6bb4e0000, 0x00002ba6bb4e0000)
  object space 5242880K, 26% used [0x00002ba57b4e0000,0x00002ba5d11484d0,0x00002ba6bb4e0000)
 PSPermGen       total 524288K, used 199361K [0x00002ba55b4e0000, 0x00002ba57b4e0000, 0x00002ba57b4e0000)
  object space 524288K, 38% used [0x00002ba55b4e0000,0x00002ba5677905a8,0x00002ba57b4e0000)
}
Total time for which application threads were stopped: 0.0506560 seconds
Application time: 2.1519210 seconds
{Heap before gc invocations=87:
 PSYoungGen      total 1018176K, used 1005263K [0x00002ba6bb4e0000, 0x00002ba6fb4e0000, 0x00002ba6fb4e0000)
  eden space 987776K, 100% used [0x00002ba6bb4e0000,0x00002ba6f7980000,0x00002ba6f7980000)
  from space 30400K, 57% used [0x00002ba6f7980000,0x00002ba6f8a93da0,0x00002ba6f9730000)
  to   space 29248K, 0% used [0x00002ba6f9850000,0x00002ba6f9850000,0x00002ba6fb4e0000)
 PSOldGen        total 5242880K, used 1405345K [0x00002ba57b4e0000, 0x00002ba6bb4e0000, 0x00002ba6bb4e0000)
  object space 5242880K, 26% used [0x00002ba57b4e0000,0x00002ba5d11484d0,0x00002ba6bb4e0000)
 PSPermGen       total 524288K, used 199573K [0x00002ba55b4e0000, 0x00002ba57b4e0000, 0x00002ba57b4e0000)
  object space 524288K, 38% used [0x00002ba55b4e0000,0x00002ba5677c5730,0x00002ba57b4e0000)
23329.381: [GC [PSYoungGen: 1005263K->18648K(1019968K)] 2410608K->1437988K(6262848K), 0.0288250 secs]
Heap after gc invocations=87:
 PSYoungGen      total 1019968K, used 18648K [0x00002ba6bb4e0000, 0x00002ba6fb4e0000, 0x00002ba6fb4e0000)
  eden space 990720K, 0% used [0x00002ba6bb4e0000,0x00002ba6bb4e0000,0x00002ba6f7c60000)
  from space 29248K, 63% used [0x00002ba6f9850000,0x00002ba6faa862a8,0x00002ba6fb4e0000)
  to   space 28608K, 0% used [0x00002ba6f7c60000,0x00002ba6f7c60000,0x00002ba6f9850000)
 PSOldGen        total 5242880K, used 1419340K [0x00002ba57b4e0000, 0x00002ba6bb4e0000, 0x00002ba6bb4e0000)
  object space 5242880K, 27% used [0x00002ba57b4e0000,0x00002ba5d1ef3020,0x00002ba6bb4e0000)
 PSPermGen       total 524288K, used 199573K [0x00002ba55b4e0000, 0x00002ba57b4e0000, 0x00002ba57b4e0000)
  object space 524288K, 38% used [0x00002ba55b4e0000,0x00002ba5677c5730,0x00002ba57b4e0000)
}
Total time for which application threads were stopped: 0.0837440 seconds
Application time: 5.1049130 seconds
{Heap before gc invocations=88:
 PSYoungGen      total 1019968K, used 1009368K [0x00002ba6bb4e0000, 0x00002ba6fb4e0000, 0x00002ba6fb4e0000)
  eden space 990720K, 100% used [0x00002ba6bb4e0000,0x00002ba6f7c60000,0x00002ba6f7c60000)
  from space 29248K, 63% used [0x00002ba6f9850000,0x00002ba6faa862a8,0x00002ba6fb4e0000)
  to   space 28608K, 0% used [0x00002ba6f7c60000,0x00002ba6f7c60000,0x00002ba6f9850000)
 PSOldGen        total 5242880K, used 1419340K [0x00002ba57b4e0000, 0x00002ba6bb4e0000, 0x00002ba6bb4e0000)
  object space 5242880K, 27% used [0x00002ba57b4e0000,0x00002ba5d1ef3020,0x00002ba6bb4e0000)
 PSPermGen       total 524288K, used 200071K [0x00002ba55b4e0000, 0x00002ba57b4e0000, 0x00002ba57b4e0000)
  object space 524288K, 38% used [0x00002ba55b4e0000,0x00002ba567841c88,0x00002ba57b4e0000)
23373.281: [GC [PSYoungGen: 1009368K->10482K(1019328K)] 2428708K->1443529K(6262208K), 0.0243490 secs]
Heap after gc invocations=88:
 PSYoungGen      total 1019328K, used 10482K [0x00002ba6bb4e0000, 0x00002ba6fb4e0000, 0x00002ba6fb4e0000)
  eden space 990720K, 0% used [0x00002ba6bb4e0000,0x00002ba6bb4e0000,0x00002ba6f7c60000)
  from space 28608K, 36% used [0x00002ba6f7c60000,0x00002ba6f869cae8,0x00002ba6f9850000)
  to   space 28608K, 0% used [0x00002ba6f98f0000,0x00002ba6f98f0000,0x00002ba6fb4e0000)
 PSOldGen        total 5242880K, used 1433046K [0x00002ba57b4e0000, 0x00002ba6bb4e0000, 0x00002ba6bb4e0000)
  object space 5242880K, 27% used [0x00002ba57b4e0000,0x00002ba5d2c55a68,0x00002ba6bb4e0000)
 PSPermGen       total 524288K, used 200071K [0x00002ba55b4e0000, 0x00002ba57b4e0000, 0x00002ba57b4e0000)
  object space 524288K, 38% used [0x00002ba55b4e0000,0x00002ba567841c88,0x00002ba57b4e0000)
}
Total time for which application threads were stopped: 0.0501160 seconds
Application time: 3.6674640 seconds
{Heap before gc invocations=89:
 PSYoungGen      total 1019328K, used 1001202K [0x00002ba6bb4e0000, 0x00002ba6fb4e0000, 0x00002ba6fb4e0000)
  eden space 990720K, 100% used [0x00002ba6bb4e0000,0x00002ba6f7c60000,0x00002ba6f7c60000)
  from space 28608K, 36% used [0x00002ba6f7c60000,0x00002ba6f869cae8,0x00002ba6f9850000)
  to   space 28608K, 0% used [0x00002ba6f98f0000,0x00002ba6f98f0000,0x00002ba6fb4e0000)
 PSOldGen        total 5242880K, used 1433046K [0x00002ba57b4e0000, 0x00002ba6bb4e0000, 0x00002ba6bb4e0000)
  object space 5242880K, 27% used [0x00002ba57b4e0000,0x00002ba5d2c55a68,0x00002ba6bb4e0000)
 PSPermGen       total 524288K, used 200221K [0x00002ba55b4e0000, 0x00002ba57b4e0000, 0x00002ba57b4e0000)
  object space 524288K, 38% used [0x00002ba55b4e0000,0x00002ba5678675e8,0x00002ba57b4e0000)
23414.906: [GC [PSYoungGen: 1001202K->12286K(1020416K)] 2434249K->1451807K(6263296K), 0.0445170 secs]
Heap after gc invocations=89:
 PSYoungGen      total 1020416K, used 12286K [0x00002ba6bb4e0000, 0x00002ba6fb4e0000, 0x00002ba6fb4e0000)
  eden space 991808K, 0% used [0x00002ba6bb4e0000,0x00002ba6bb4e0000,0x00002ba6f7d70000)
  from space 28608K, 42% used [0x00002ba6f98f0000,0x00002ba6fa4efa40,0x00002ba6fb4e0000)
  to   space 28160K, 0% used [0x00002ba6f7d70000,0x00002ba6f7d70000,0x00002ba6f98f0000)
 PSOldGen        total 5242880K, used 1439520K [0x00002ba57b4e0000, 0x00002ba6bb4e0000, 0x00002ba6bb4e0000)
  object space 5242880K, 27% used [0x00002ba57b4e0000,0x00002ba5d32a8238,0x00002ba6bb4e0000)
 PSPermGen       total 524288K, used 200221K [0x00002ba55b4e0000, 0x00002ba57b4e0000, 0x00002ba57b4e0000)
  object space 524288K, 38% used [0x00002ba55b4e0000,0x00002ba5678675e8,0x00002ba57b4e0000)
}
Total time for which application threads were stopped: 0.1031610 seconds
Application time: 1.9417640 seconds
{Heap before gc invocations=90:
 PSYoungGen      total 1020416K, used 1004094K [0x00002ba6bb4e0000, 0x00002ba6fb4e0000, 0x00002ba6fb4e0000)
  eden space 991808K, 100% used [0x00002ba6bb4e0000,0x00002ba6f7d70000,0x00002ba6f7d70000)
  from space 28608K, 42% used [0x00002ba6f98f0000,0x00002ba6fa4efa40,0x00002ba6fb4e0000)
  to   space 28160K, 0% used [0x00002ba6f7d70000,0x00002ba6f7d70000,0x00002ba6f98f0000)
 PSOldGen        total 5242880K, used 1439520K [0x00002ba57b4e0000, 0x00002ba6bb4e0000, 0x00002ba6bb4e0000)
  object space 5242880K, 27% used [0x00002ba57b4e0000,0x00002ba5d32a8238,0x00002ba6bb4e0000)
 PSPermGen       total 524288K, used 200456K [0x00002ba55b4e0000, 0x00002ba57b4e0000, 0x00002ba57b4e0000)
  object space 524288K, 38% used [0x00002ba55b4e0000,0x00002ba5678a2040,0x00002ba57b4e0000)
23458.583: [GC [PSYoungGen: 1004094K->19053K(1019968K)] 2443615K->1463091K(6262848K), 0.0548960 secs]
Heap after gc invocations=90:
 PSYoungGen      total 1019968K, used 19053K [0x00002ba6bb4e0000, 0x00002ba6fb4e0000, 0x00002ba6fb4e0000)
  eden space 991808K, 0% used [0x00002ba6bb4e0000,0x00002ba6bb4e0000,0x00002ba6f7d70000)
  from space 28160K, 67% used [0x00002ba6f7d70000,0x00002ba6f900b768,0x00002ba6f98f0000)
  to   space 28032K, 0% used [0x00002ba6f9980000,0x00002ba6f9980000,0x00002ba6fb4e0000)
 PSOldGen        total 5242880K, used 1444037K [0x00002ba57b4e0000, 0x00002ba6bb4e0000, 0x00002ba6bb4e0000)
  object space 5242880K, 27% used [0x00002ba57b4e0000,0x00002ba5d3711498,0x00002ba6bb4e0000)
 PSPermGen       total 524288K, used 200456K [0x00002ba55b4e0000, 0x00002ba57b4e0000, 0x00002ba57b4e0000)
  object space 524288K, 38% used [0x00002ba55b4e0000,0x00002ba5678a2040,0x00002ba57b4e0000)
}
Total time for which application threads were stopped: 0.1669150 seconds
Application time: 0.8880950 seconds
{Heap before gc invocations=91:
 PSYoungGen      total 1019968K, used 1010861K [0x00002ba6bb4e0000, 0x00002ba6fb4e0000, 0x00002ba6fb4e0000)
  eden space 991808K, 100% used [0x00002ba6bb4e0000,0x00002ba6f7d70000,0x00002ba6f7d70000)
  from space 28160K, 67% used [0x00002ba6f7d70000,0x00002ba6f900b768,0x00002ba6f98f0000)
  to   space 28032K, 0% used [0x00002ba6f9980000,0x00002ba6f9980000,0x00002ba6fb4e0000)
 PSOldGen        total 5242880K, used 1444037K [0x00002ba57b4e0000, 0x00002ba6bb4e0000, 0x00002ba6bb4e0000)
  object space 5242880K, 27% used [0x00002ba57b4e0000,0x00002ba5d3711498,0x00002ba6bb4e0000)
 PSPermGen       total 524288K, used 201121K [0x00002ba55b4e0000, 0x00002ba57b4e0000, 0x00002ba57b4e0000)
  object space 524288K, 38% used [0x00002ba55b4e0000,0x00002ba567948760,0x00002ba57b4e0000)
23489.360: [GC [PSYoungGen: 1010861K->14754K(1021440K)] 2454899K->1469431K(6264320K), 0.0219300 secs]
Heap after gc invocations=91:
 PSYoungGen      total 1021440K, used 14754K [0x00002ba6bb4e0000, 0x00002ba6fb4e0000, 0x00002ba6fb4e0000)
  eden space 993408K, 0% used [0x00002ba6bb4e0000,0x00002ba6bb4e0000,0x00002ba6f7f00000)
  from space 28032K, 52% used [0x00002ba6f9980000,0x00002ba6fa7e8988,0x00002ba6fb4e0000)
  to   space 27136K, 0% used [0x00002ba6f7f00000,0x00002ba6f7f00000,0x00002ba6f9980000)
 PSOldGen        total 5242880K, used 1454677K [0x00002ba57b4e0000, 0x00002ba6bb4e0000, 0x00002ba6bb4e0000)
  object space 5242880K, 27% used [0x00002ba57b4e0000,0x00002ba5d41754e0,0x00002ba6bb4e0000)
 PSPermGen       total 524288K, used 201121K [0x00002ba55b4e0000, 0x00002ba57b4e0000, 0x00002ba57b4e0000)
  object space 524288K, 38% used [0x00002ba55b4e0000,0x00002ba567948760,0x00002ba57b4e0000)
}
Total time for which application threads were stopped: 0.0486480 seconds
Application time: 2.3677690 seconds
{Heap before gc invocations=92:
 PSYoungGen      total 1021440K, used 1008162K [0x00002ba6bb4e0000, 0x00002ba6fb4e0000, 0x00002ba6fb4e0000)
  eden space 993408K, 100% used [0x00002ba6bb4e0000,0x00002ba6f7f00000,0x00002ba6f7f00000)
  from space 28032K, 52% used [0x00002ba6f9980000,0x00002ba6fa7e8988,0x00002ba6fb4e0000)
  to   space 27136K, 0% used [0x00002ba6f7f00000,0x00002ba6f7f00000,0x00002ba6f9980000)
 PSOldGen        total 5242880K, used 1454677K [0x00002ba57b4e0000, 0x00002ba6bb4e0000, 0x00002ba6bb4e0000)
  object space 5242880K, 27% used [0x00002ba57b4e0000,0x00002ba5d41754e0,0x00002ba6bb4e0000)
 PSPermGen       total 524288K, used 201610K [0x00002ba55b4e0000, 0x00002ba57b4e0000, 0x00002ba57b4e0000)
  object space 524288K, 38% used [0x00002ba55b4e0000,0x00002ba5679c2918,0x00002ba57b4e0000)
23544.867: [GC [PSYoungGen: 1008162K->16143K(1020544K)] 2462839K->1475389K(6263424K), 0.0253880 secs]
Heap after gc invocations=92:
 PSYoungGen      total 1020544K, used 16143K [0x00002ba6bb4e0000, 0x00002ba6fb4e0000, 0x00002ba6fb4e0000)
  eden space 993408K, 0% used [0x00002ba6bb4e0000,0x00002ba6bb4e0000,0x00002ba6f7f00000)
  from space 27136K, 59% used [0x00002ba6f7f00000,0x00002ba6f8ec3c60,0x00002ba6f9980000)
  to   space 26048K, 0% used [0x00002ba6f9b70000,0x00002ba6f9b70000,0x00002ba6fb4e0000)
 PSOldGen        total 5242880K, used 1459246K [0x00002ba57b4e0000, 0x00002ba6bb4e0000, 0x00002ba6bb4e0000)
  object space 5242880K, 27% used [0x00002ba57b4e0000,0x00002ba5d45eb808,0x00002ba6bb4e0000)
 PSPermGen       total 524288K, used 201610K [0x00002ba55b4e0000, 0x00002ba57b4e0000, 0x00002ba57b4e0000)
  object space 524288K, 38% used [0x00002ba55b4e0000,0x00002ba5679c2918,0x00002ba57b4e0000)
}
Total time for which application threads were stopped: 0.0517970 seconds
Application time: 3.7528930 seconds
{Heap before gc invocations=93:
 PSYoungGen      total 1020544K, used 1009551K [0x00002ba6bb4e0000, 0x00002ba6fb4e0000, 0x00002ba6fb4e0000)
  eden space 993408K, 100% used [0x00002ba6bb4e0000,0x00002ba6f7f00000,0x00002ba6f7f00000)
  from space 27136K, 59% used [0x00002ba6f7f00000,0x00002ba6f8ec3c60,0x00002ba6f9980000)
  to   space 26048K, 0% used [0x00002ba6f9b70000,0x00002ba6f9b70000,0x00002ba6fb4e0000)
 PSOldGen        total 5242880K, used 1459246K [0x00002ba57b4e0000, 0x00002ba6bb4e0000, 0x00002ba6bb4e0000)
  object space 5242880K, 27% used [0x00002ba57b4e0000,0x00002ba5d45eb808,0x00002ba6bb4e0000)
 PSPermGen       total 524288K, used 201864K [0x00002ba55b4e0000, 0x00002ba57b4e0000, 0x00002ba57b4e0000)
  object space 524288K, 38% used [0x00002ba55b4e0000,0x00002ba567a02218,0x00002ba57b4e0000)
23614.798: [GC [PSYoungGen: 1009551K->16005K(1023424K)] 2468797K->1485245K(6266304K), 0.0374610 secs]
Heap after gc invocations=93:
 PSYoungGen      total 1023424K, used 16005K [0x00002ba6bb4e0000, 0x00002ba6fb4e0000, 0x00002ba6fb4e0000)
  eden space 997376K, 0% used [0x00002ba6bb4e0000,0x00002ba6bb4e0000,0x00002ba6f82e0000)
  from space 26048K, 61% used [0x00002ba6f9b70000,0x00002ba6fab11690,0x00002ba6fb4e0000)
  to   space 25152K, 0% used [0x00002ba6f82e0000,0x00002ba6f82e0000,0x00002ba6f9b70000)
 PSOldGen        total 5242880K, used 1469239K [0x00002ba57b4e0000, 0x00002ba6bb4e0000, 0x00002ba6bb4e0000)
  object space 5242880K, 28% used [0x00002ba57b4e0000,0x00002ba5d4fadee0,0x00002ba6bb4e0000)
 PSPermGen       total 524288K, used 201864K [0x00002ba55b4e0000, 0x00002ba57b4e0000, 0x00002ba57b4e0000)
  object space 524288K, 38% used [0x00002ba55b4e0000,0x00002ba567a02218,0x00002ba57b4e0000)
}
Total time for which application threads were stopped: 0.0637080 seconds
Application time: 5.5105910 seconds
{Heap before gc invocations=94:
 PSYoungGen      total 1023424K, used 1013381K [0x00002ba6bb4e0000, 0x00002ba6fb4e0000, 0x00002ba6fb4e0000)
  eden space 997376K, 100% used [0x00002ba6bb4e0000,0x00002ba6f82e0000,0x00002ba6f82e0000)
  from space 26048K, 61% used [0x00002ba6f9b70000,0x00002ba6fab11690,0x00002ba6fb4e0000)
  to   space 25152K, 0% used [0x00002ba6f82e0000,0x00002ba6f82e0000,0x00002ba6f9b70000)
 PSOldGen        total 5242880K, used 1469239K [0x00002ba57b4e0000, 0x00002ba6bb4e0000, 0x00002ba6bb4e0000)
  object space 5242880K, 28% used [0x00002ba57b4e0000,0x00002ba5d4fadee0,0x00002ba6bb4e0000)
 PSPermGen       total 524288K, used 202204K [0x00002ba55b4e0000, 0x00002ba57b4e0000, 0x00002ba57b4e0000)
  object space 524288K, 38% used [0x00002ba55b4e0000,0x00002ba567a57150,0x00002ba57b4e0000)
23658.913: [GC [PSYoungGen: 1013381K->25123K(1014592K)] 2482621K->1506979K(6257472K), 0.0825130 secs]
Heap after gc invocations=94:
 PSYoungGen      total 1014592K, used 25123K [0x00002ba6bb4e0000, 0x00002ba6fb4e0000, 0x00002ba6fb4e0000)
  eden space 989440K, 0% used [0x00002ba6bb4e0000,0x00002ba6bb4e0000,0x00002ba6f7b20000)
  from space 25152K, 99% used [0x00002ba6f82e0000,0x00002ba6f9b68eb8,0x00002ba6f9b70000)
  to   space 26048K, 0% used [0x00002ba6f9b70000,0x00002ba6f9b70000,0x00002ba6fb4e0000)
 PSOldGen        total 5242880K, used 1481855K [0x00002ba57b4e0000, 0x00002ba6bb4e0000, 0x00002ba6bb4e0000)
  object space 5242880K, 28% used [0x00002ba57b4e0000,0x00002ba5d5bffd70,0x00002ba6bb4e0000)
 PSPermGen       total 524288K, used 202204K [0x00002ba55b4e0000, 0x00002ba57b4e0000, 0x00002ba57b4e0000)
  object space 524288K, 38% used [0x00002ba55b4e0000,0x00002ba567a57150,0x00002ba57b4e0000)
}
Total time for which application threads were stopped: 0.0840750 seconds
Application time: 1.4884100 seconds
{Heap before gc invocations=95:
 PSYoungGen      total 1014592K, used 1014563K [0x00002ba6bb4e0000, 0x00002ba6fb4e0000, 0x00002ba6fb4e0000)
  eden space 989440K, 100% used [0x00002ba6bb4e0000,0x00002ba6f7b20000,0x00002ba6f7b20000)
  from space 25152K, 99% used [0x00002ba6f82e0000,0x00002ba6f9b68eb8,0x00002ba6f9b70000)
  to   space 26048K, 0% used [0x00002ba6f9b70000,0x00002ba6f9b70000,0x00002ba6fb4e0000)
 PSOldGen        total 5242880K, used 1481855K [0x00002ba57b4e0000, 0x00002ba6bb4e0000, 0x00002ba6bb4e0000)
  object space 5242880K, 28% used [0x00002ba57b4e0000,0x00002ba5d5bffd70,0x00002ba6bb4e0000)
 PSPermGen       total 524288K, used 202436K [0x00002ba55b4e0000, 0x00002ba57b4e0000, 0x00002ba57b4e0000)
  object space 524288K, 38% used [0x00002ba55b4e0000,0x00002ba567a91240,0x00002ba57b4e0000)
23712.131: [GC [PSYoungGen: 1014563K->22670K(1009728K)] 2496419K->1515354K(6252608K), 0.0770840 secs]
Heap after gc invocations=95:
 PSYoungGen      total 1009728K, used 22670K [0x00002ba6bb4e0000, 0x00002ba6fb4e0000, 0x00002ba6fb4e0000)
  eden space 983680K, 0% used [0x00002ba6bb4e0000,0x00002ba6bb4e0000,0x00002ba6f7580000)
  from space 26048K, 87% used [0x00002ba6f9b70000,0x00002ba6fb193a60,0x00002ba6fb4e0000)
  to   space 32448K, 0% used [0x00002ba6f7580000,0x00002ba6f7580000,0x00002ba6f9530000)
 PSOldGen        total 5242880K, used 1492684K [0x00002ba57b4e0000, 0x00002ba6bb4e0000, 0x00002ba6bb4e0000)
  object space 5242880K, 28% used [0x00002ba57b4e0000,0x00002ba5d6693188,0x00002ba6bb4e0000)
 PSPermGen       total 524288K, used 202436K [0x00002ba55b4e0000, 0x00002ba57b4e0000, 0x00002ba57b4e0000)
  object space 524288K, 38% used [0x00002ba55b4e0000,0x00002ba567a91240,0x00002ba57b4e0000)
}
Total time for which application threads were stopped: 0.1036510 seconds
Application time: 0.1725870 seconds
{Heap before gc invocations=96:
 PSYoungGen      total 1009728K, used 1006350K [0x00002ba6bb4e0000, 0x00002ba6fb4e0000, 0x00002ba6fb4e0000)
  eden space 983680K, 100% used [0x00002ba6bb4e0000,0x00002ba6f7580000,0x00002ba6f7580000)
  from space 26048K, 87% used [0x00002ba6f9b70000,0x00002ba6fb193a60,0x00002ba6fb4e0000)
  to   space 32448K, 0% used [0x00002ba6f7580000,0x00002ba6f7580000,0x00002ba6f9530000)
 PSOldGen        total 5242880K, used 1492684K [0x00002ba57b4e0000, 0x00002ba6bb4e0000, 0x00002ba6bb4e0000)
  object space 5242880K, 28% used [0x00002ba57b4e0000,0x00002ba5d6693188,0x00002ba6bb4e0000)
 PSPermGen       total 524288K, used 203202K [0x00002ba55b4e0000, 0x00002ba57b4e0000, 0x00002ba57b4e0000)
  object space 524288K, 38% used [0x00002ba55b4e0000,0x00002ba567b50b08,0x00002ba57b4e0000)
23770.388: [GC [PSYoungGen: 1006350K->32142K(1015872K)] 2499034K->1531966K(6258752K), 0.0761150 secs]
Heap after gc invocations=96:
 PSYoungGen      total 1015872K, used 32142K [0x00002ba6bb4e0000, 0x00002ba6fb4e0000, 0x00002ba6fb4e0000)
  eden space 983680K, 0% used [0x00002ba6bb4e0000,0x00002ba6bb4e0000,0x00002ba6f7580000)
  from space 32192K, 99% used [0x00002ba6f7580000,0x00002ba6f94e3820,0x00002ba6f94f0000)
  to   space 32704K, 0% used [0x00002ba6f94f0000,0x00002ba6f94f0000,0x00002ba6fb4e0000)
 PSOldGen        total 5242880K, used 1499824K [0x00002ba57b4e0000, 0x00002ba6bb4e0000, 0x00002ba6bb4e0000)
  object space 5242880K, 28% used [0x00002ba57b4e0000,0x00002ba5d6d8c0a0,0x00002ba6bb4e0000)
 PSPermGen       total 524288K, used 203202K [0x00002ba55b4e0000, 0x00002ba57b4e0000, 0x00002ba57b4e0000)
  object space 524288K, 38% used [0x00002ba55b4e0000,0x00002ba567b50b08,0x00002ba57b4e0000)
}
Total time for which application threads were stopped: 0.1426340 seconds
Application time: 7.0238130 seconds
{Heap before gc invocations=97:
 PSYoungGen      total 1015872K, used 1015822K [0x00002ba6bb4e0000, 0x00002ba6fb4e0000, 0x00002ba6fb4e0000)
  eden space 983680K, 100% used [0x00002ba6bb4e0000,0x00002ba6f7580000,0x00002ba6f7580000)
  from space 32192K, 99% used [0x00002ba6f7580000,0x00002ba6f94e3820,0x00002ba6f94f0000)
  to   space 32704K, 0% used [0x00002ba6f94f0000,0x00002ba6f94f0000,0x00002ba6fb4e0000)
 PSOldGen        total 5242880K, used 1499824K [0x00002ba57b4e0000, 0x00002ba6bb4e0000, 0x00002ba6bb4e0000)
  object space 5242880K, 28% used [0x00002ba57b4e0000,0x00002ba5d6d8c0a0,0x00002ba6bb4e0000)
 PSPermGen       total 524288K, used 203680K [0x00002ba55b4e0000, 0x00002ba57b4e0000, 0x00002ba57b4e0000)
  object space 524288K, 38% used [0x00002ba55b4e0000,0x00002ba567bc8160,0x00002ba57b4e0000)
23820.948: [GC [PSYoungGen: 1015822K->20047K(1012416K)] 2515646K->1527063K(6255296K), 0.0597360 secs]
Heap after gc invocations=97:
 PSYoungGen      total 1012416K, used 20047K [0x00002ba6bb4e0000, 0x00002ba6fb4e0000, 0x00002ba6fb4e0000)
  eden space 979712K, 0% used [0x00002ba6bb4e0000,0x00002ba6bb4e0000,0x00002ba6f71a0000)
  from space 32704K, 61% used [0x00002ba6f94f0000,0x00002ba6fa883c00,0x00002ba6fb4e0000)
  to   space 34432K, 0% used [0x00002ba6f71a0000,0x00002ba6f71a0000,0x00002ba6f9340000)
 PSOldGen        total 5242880K, used 1507016K [0x00002ba57b4e0000, 0x00002ba6bb4e0000, 0x00002ba6bb4e0000)
  object space 5242880K, 28% used [0x00002ba57b4e0000,0x00002ba5d74923a8,0x00002ba6bb4e0000)
 PSPermGen       total 524288K, used 203680K [0x00002ba55b4e0000, 0x00002ba57b4e0000, 0x00002ba57b4e0000)
  object space 524288K, 38% used [0x00002ba55b4e0000,0x00002ba567bc8160,0x00002ba57b4e0000)
}
Total time for which application threads were stopped: 0.0613350 seconds
Application time: 0.6753470 seconds
{Heap before gc invocations=98:
 PSYoungGen      total 1012416K, used 999759K [0x00002ba6bb4e0000, 0x00002ba6fb4e0000, 0x00002ba6fb4e0000)
  eden space 979712K, 100% used [0x00002ba6bb4e0000,0x00002ba6f71a0000,0x00002ba6f71a0000)
  from space 32704K, 61% used [0x00002ba6f94f0000,0x00002ba6fa883c00,0x00002ba6fb4e0000)
  to   space 34432K, 0% used [0x00002ba6f71a0000,0x00002ba6f71a0000,0x00002ba6f9340000)
 PSOldGen        total 5242880K, used 1507016K [0x00002ba57b4e0000, 0x00002ba6bb4e0000, 0x00002ba6bb4e0000)
  object space 5242880K, 28% used [0x00002ba57b4e0000,0x00002ba5d74923a8,0x00002ba6bb4e0000)
 PSPermGen       total 524288K, used 203909K [0x00002ba55b4e0000, 0x00002ba57b4e0000, 0x00002ba57b4e0000)
  object space 524288K, 38% used [0x00002ba55b4e0000,0x00002ba567c016b8,0x00002ba57b4e0000)
23866.321: [GC [PSYoungGen: 999759K->19375K(1014144K)] 2506775K->1533717K(6257024K), 0.0379920 secs]
Heap after gc invocations=98:
 PSYoungGen      total 1014144K, used 19375K [0x00002ba6bb4e0000, 0x00002ba6fb4e0000, 0x00002ba6fb4e0000)
  eden space 979712K, 0% used [0x00002ba6bb4e0000,0x00002ba6bb4e0000,0x00002ba6f71a0000)
  from space 34432K, 56% used [0x00002ba6f71a0000,0x00002ba6f848bf38,0x00002ba6f9340000)
  to   space 33152K, 0% used [0x00002ba6f9480000,0x00002ba6f9480000,0x00002ba6fb4e0000)
 PSOldGen        total 5242880K, used 1514341K [0x00002ba57b4e0000, 0x00002ba6bb4e0000, 0x00002ba6bb4e0000)
  object space 5242880K, 28% used [0x00002ba57b4e0000,0x00002ba5d7bb94f8,0x00002ba6bb4e0000)
 PSPermGen       total 524288K, used 203909K [0x00002ba55b4e0000, 0x00002ba57b4e0000, 0x00002ba57b4e0000)
  object space 524288K, 38% used [0x00002ba55b4e0000,0x00002ba567c016b8,0x00002ba57b4e0000)
}
Total time for which application threads were stopped: 0.0648420 seconds
Application time: 1.3734380 seconds
{Heap before gc invocations=99:
 PSYoungGen      total 1014144K, used 999087K [0x00002ba6bb4e0000, 0x00002ba6fb4e0000, 0x00002ba6fb4e0000)
  eden space 979712K, 100% used [0x00002ba6bb4e0000,0x00002ba6f71a0000,0x00002ba6f71a0000)
  from space 34432K, 56% used [0x00002ba6f71a0000,0x00002ba6f848bf38,0x00002ba6f9340000)
  to   space 33152K, 0% used [0x00002ba6f9480000,0x00002ba6f9480000,0x00002ba6fb4e0000)
 PSOldGen        total 5242880K, used 1514341K [0x00002ba57b4e0000, 0x00002ba6bb4e0000, 0x00002ba6bb4e0000)
  object space 5242880K, 28% used [0x00002ba57b4e0000,0x00002ba5d7bb94f8,0x00002ba6bb4e0000)
 PSPermGen       total 524288K, used 204155K [0x00002ba55b4e0000, 0x00002ba57b4e0000, 0x00002ba57b4e0000)
  object space 524288K, 38% used [0x00002ba55b4e0000,0x00002ba567c3ee00,0x00002ba57b4e0000)
23924.417: [GC [PSYoungGen: 999087K->11255K(1015040K)] 2513429K->1538092K(6257920K), 0.0365600 secs]
Heap after gc invocations=99:
 PSYoungGen      total 1015040K, used 11255K [0x00002ba6bb4e0000, 0x00002ba6fb4e0000, 0x00002ba6fb4e0000)
  eden space 981888K, 0% used [0x00002ba6bb4e0000,0x00002ba6bb4e0000,0x00002ba6f73c0000)
  from space 33152K, 33% used [0x00002ba6f9480000,0x00002ba6f9f7de08,0x00002ba6fb4e0000)
  to   space 33344K, 0% used [0x00002ba6f73c0000,0x00002ba6f73c0000,0x00002ba6f9450000)
 PSOldGen        total 5242880K, used 1526837K [0x00002ba57b4e0000, 0x00002ba6bb4e0000, 0x00002ba6bb4e0000)
  object space 5242880K, 29% used [0x00002ba57b4e0000,0x00002ba5d87ed430,0x00002ba6bb4e0000)
 PSPermGen       total 524288K, used 204155K [0x00002ba55b4e0000, 0x00002ba57b4e0000, 0x00002ba57b4e0000)
  object space 524288K, 38% used [0x00002ba55b4e0000,0x00002ba567c3ee00,0x00002ba57b4e0000)
}
Total time for which application threads were stopped: 0.0933630 seconds
Application time: 2.6467440 seconds
{Heap before gc invocations=100:
 PSYoungGen      total 1015040K, used 993143K [0x00002ba6bb4e0000, 0x00002ba6fb4e0000, 0x00002ba6fb4e0000)
  eden space 981888K, 100% used [0x00002ba6bb4e0000,0x00002ba6f73c0000,0x00002ba6f73c0000)
  from space 33152K, 33% used [0x00002ba6f9480000,0x00002ba6f9f7de08,0x00002ba6fb4e0000)
  to   space 33344K, 0% used [0x00002ba6f73c0000,0x00002ba6f73c0000,0x00002ba6f9450000)
 PSOldGen        total 5242880K, used 1526837K [0x00002ba57b4e0000, 0x00002ba6bb4e0000, 0x00002ba6bb4e0000)
  object space 5242880K, 29% used [0x00002ba57b4e0000,0x00002ba5d87ed430,0x00002ba6bb4e0000)
 PSPermGen       total 524288K, used 204755K [0x00002ba55b4e0000, 0x00002ba57b4e0000, 0x00002ba57b4e0000)
  object space 524288K, 39% used [0x00002ba55b4e0000,0x00002ba567cd4d60,0x00002ba57b4e0000)
24000.940: [GC [PSYoungGen: 993143K->15199K(1015232K)] 2519980K->1548054K(6258112K), 0.0269120 secs]
Heap after gc invocations=100:
 PSYoungGen      total 1015232K, used 15199K [0x00002ba6bb4e0000, 0x00002ba6fb4e0000, 0x00002ba6fb4e0000)
  eden space 981888K, 0% used [0x00002ba6bb4e0000,0x00002ba6bb4e0000,0x00002ba6f73c0000)
  from space 33344K, 45% used [0x00002ba6f73c0000,0x00002ba6f8297d58,0x00002ba6f9450000)
  to   space 32576K, 0% used [0x00002ba6f9510000,0x00002ba6f9510000,0x00002ba6fb4e0000)
 PSOldGen        total 5242880K, used 1532855K [0x00002ba57b4e0000, 0x00002ba6bb4e0000, 0x00002ba6bb4e0000)
  object space 5242880K, 29% used [0x00002ba57b4e0000,0x00002ba5d8dcdd78,0x00002ba6bb4e0000)
 PSPermGen       total 524288K, used 204755K [0x00002ba55b4e0000, 0x00002ba57b4e0000, 0x00002ba57b4e0000)
  object space 524288K, 39% used [0x00002ba55b4e0000,0x00002ba567cd4d60,0x00002ba57b4e0000)
}
Total time for which application threads were stopped: 0.1366540 seconds
Application time: 9.2214440 seconds
{Heap before gc invocations=101:
 PSYoungGen      total 1015232K, used 997087K [0x00002ba6bb4e0000, 0x00002ba6fb4e0000, 0x00002ba6fb4e0000)
  eden space 981888K, 100% used [0x00002ba6bb4e0000,0x00002ba6f73c0000,0x00002ba6f73c0000)
  from space 33344K, 45% used [0x00002ba6f73c0000,0x00002ba6f8297d58,0x00002ba6f9450000)
  to   space 32576K, 0% used [0x00002ba6f9510000,0x00002ba6f9510000,0x00002ba6fb4e0000)
 PSOldGen        total 5242880K, used 1532855K [0x00002ba57b4e0000, 0x00002ba6bb4e0000, 0x00002ba6bb4e0000)
  object space 5242880K, 29% used [0x00002ba57b4e0000,0x00002ba5d8dcdd78,0x00002ba6bb4e0000)
 PSPermGen       total 524288K, used 205141K [0x00002ba55b4e0000, 0x00002ba57b4e0000, 0x00002ba57b4e0000)
  object space 524288K, 39% used [0x00002ba55b4e0000,0x00002ba567d354b0,0x00002ba57b4e0000)
24074.917: [GC [PSYoungGen: 997087K->16382K(1016960K)] 2529942K->1560469K(6259840K), 0.0369470 secs]
Heap after gc invocations=101:
 PSYoungGen      total 1016960K, used 16382K [0x00002ba6bb4e0000, 0x00002ba6fb4e0000, 0x00002ba6fb4e0000)
  eden space 984384K, 0% used [0x00002ba6bb4e0000,0x00002ba6bb4e0000,0x00002ba6f7630000)
  from space 32576K, 50% used [0x00002ba6f9510000,0x00002ba6fa50f850,0x00002ba6fb4e0000)
  to   space 31616K, 0% used [0x00002ba6f7630000,0x00002ba6f7630000,0x00002ba6f9510000)
 PSOldGen        total 5242880K, used 1544086K [0x00002ba57b4e0000, 0x00002ba6bb4e0000, 0x00002ba6bb4e0000)
  object space 5242880K, 29% used [0x00002ba57b4e0000,0x00002ba5d98c5bf8,0x00002ba6bb4e0000)
 PSPermGen       total 524288K, used 205141K [0x00002ba55b4e0000, 0x00002ba57b4e0000, 0x00002ba57b4e0000)
  object space 524288K, 39% used [0x00002ba55b4e0000,0x00002ba567d354b0,0x00002ba57b4e0000)
}
Total time for which application threads were stopped: 0.0938520 seconds
Application time: 1.5889180 seconds
Total time for which application threads were stopped: 0.0679240 seconds
Application time: 3.1912800 seconds
{Heap before gc invocations=102:
 PSYoungGen      total 1016960K, used 1000766K [0x00002ba6bb4e0000, 0x00002ba6fb4e0000, 0x00002ba6fb4e0000)
  eden space 984384K, 100% used [0x00002ba6bb4e0000,0x00002ba6f7630000,0x00002ba6f7630000)
  from space 32576K, 50% used [0x00002ba6f9510000,0x00002ba6fa50f850,0x00002ba6fb4e0000)
  to   space 31616K, 0% used [0x00002ba6f7630000,0x00002ba6f7630000,0x00002ba6f9510000)
 PSOldGen        total 5242880K, used 1544086K [0x00002ba57b4e0000, 0x00002ba6bb4e0000, 0x00002ba6bb4e0000)
  object space 5242880K, 29% used [0x00002ba57b4e0000,0x00002ba5d98c5bf8,0x00002ba6bb4e0000)
 PSPermGen       total 524288K, used 205667K [0x00002ba55b4e0000, 0x00002ba57b4e0000, 0x00002ba57b4e0000)
  object space 524288K, 39% used [0x00002ba55b4e0000,0x00002ba567db8e98,0x00002ba57b4e0000)
24124.818: [GC [PSYoungGen: 1000766K->18561K(1016000K)] 2544853K->1573614K(6258880K), 0.0290530 secs]
Heap after gc invocations=102:
 PSYoungGen      total 1016000K, used 18561K [0x00002ba6bb4e0000, 0x00002ba6fb4e0000, 0x00002ba6fb4e0000)
  eden space 984384K, 0% used [0x00002ba6bb4e0000,0x00002ba6bb4e0000,0x00002ba6f7630000)
  from space 31616K, 58% used [0x00002ba6f7630000,0x00002ba6f88506f0,0x00002ba6f9510000)
  to   space 30336K, 0% used [0x00002ba6f9740000,0x00002ba6f9740000,0x00002ba6fb4e0000)
 PSOldGen        total 5242880K, used 1555052K [0x00002ba57b4e0000, 0x00002ba6bb4e0000, 0x00002ba6bb4e0000)
  object space 5242880K, 29% used [0x00002ba57b4e0000,0x00002ba5da37b278,0x00002ba6bb4e0000)
 PSPermGen       total 524288K, used 205667K [0x00002ba55b4e0000, 0x00002ba57b4e0000, 0x00002ba57b4e0000)
  object space 524288K, 39% used [0x00002ba55b4e0000,0x00002ba567db8e98,0x00002ba57b4e0000)
}
Total time for which application threads were stopped: 0.0573930 seconds
Application time: 3.8348600 seconds
{Heap before gc invocations=103:
 PSYoungGen      total 1016000K, used 1002945K [0x00002ba6bb4e0000, 0x00002ba6fb4e0000, 0x00002ba6fb4e0000)
  eden space 984384K, 100% used [0x00002ba6bb4e0000,0x00002ba6f7630000,0x00002ba6f7630000)
  from space 31616K, 58% used [0x00002ba6f7630000,0x00002ba6f88506f0,0x00002ba6f9510000)
  to   space 30336K, 0% used [0x00002ba6f9740000,0x00002ba6f9740000,0x00002ba6fb4e0000)
 PSOldGen        total 5242880K, used 1555052K [0x00002ba57b4e0000, 0x00002ba6bb4e0000, 0x00002ba6bb4e0000)
  object space 5242880K, 29% used [0x00002ba57b4e0000,0x00002ba5da37b278,0x00002ba6bb4e0000)
 PSPermGen       total 524288K, used 206261K [0x00002ba55b4e0000, 0x00002ba57b4e0000, 0x00002ba57b4e0000)
  object space 524288K, 39% used [0x00002ba55b4e0000,0x00002ba567e4d4c0,0x00002ba57b4e0000)
24172.800: [GC [PSYoungGen: 1002945K->20173K(1018816K)] 2557998K->1589207K(6261696K), 0.0650620 secs]
Heap after gc invocations=103:
 PSYoungGen      total 1018816K, used 20173K [0x00002ba6bb4e0000, 0x00002ba6fb4e0000, 0x00002ba6fb4e0000)
  eden space 988480K, 0% used [0x00002ba6bb4e0000,0x00002ba6bb4e0000,0x00002ba6f7a30000)
  from space 30336K, 66% used [0x00002ba6f9740000,0x00002ba6faaf3498,0x00002ba6fb4e0000)
  to   space 29760K, 0% used [0x00002ba6f7a30000,0x00002ba6f7a30000,0x00002ba6f9740000)
 PSOldGen        total 5242880K, used 1569034K [0x00002ba57b4e0000, 0x00002ba6bb4e0000, 0x00002ba6bb4e0000)
  object space 5242880K, 29% used [0x00002ba57b4e0000,0x00002ba5db1229d0,0x00002ba6bb4e0000)
 PSPermGen       total 524288K, used 206261K [0x00002ba55b4e0000, 0x00002ba57b4e0000, 0x00002ba57b4e0000)
  object space 524288K, 39% used [0x00002ba55b4e0000,0x00002ba567e4d4c0,0x00002ba57b4e0000)
}
Total time for which application threads were stopped: 0.0666380 seconds
Application time: 0.9025110 seconds
{Heap before gc invocations=104:
 PSYoungGen      total 1018816K, used 1008653K [0x00002ba6bb4e0000, 0x00002ba6fb4e0000, 0x00002ba6fb4e0000)
  eden space 988480K, 100% used [0x00002ba6bb4e0000,0x00002ba6f7a30000,0x00002ba6f7a30000)
  from space 30336K, 66% used [0x00002ba6f9740000,0x00002ba6faaf3498,0x00002ba6fb4e0000)
  to   space 29760K, 0% used [0x00002ba6f7a30000,0x00002ba6f7a30000,0x00002ba6f9740000)
 PSOldGen        total 5242880K, used 1569034K [0x00002ba57b4e0000, 0x00002ba6bb4e0000, 0x00002ba6bb4e0000)
  object space 5242880K, 29% used [0x00002ba57b4e0000,0x00002ba5db1229d0,0x00002ba6bb4e0000)
 PSPermGen       total 524288K, used 207559K [0x00002ba55b4e0000, 0x00002ba57b4e0000, 0x00002ba57b4e0000)
  object space 524288K, 39% used [0x00002ba55b4e0000,0x00002ba567f91e10,0x00002ba57b4e0000)
24206.631: [GC [PSYoungGen: 1008653K->21624K(1018240K)] 2577687K->1600727K(6261120K), 0.0548000 secs]
Heap after gc invocations=104:
 PSYoungGen      total 1018240K, used 21624K [0x00002ba6bb4e0000, 0x00002ba6fb4e0000, 0x00002ba6fb4e0000)
  eden space 988480K, 0% used [0x00002ba6bb4e0000,0x00002ba6bb4e0000,0x00002ba6f7a30000)
  from space 29760K, 72% used [0x00002ba6f7a30000,0x00002ba6f8f4e270,0x00002ba6f9740000)
  to   space 29760K, 0% used [0x00002ba6f97d0000,0x00002ba6f97d0000,0x00002ba6fb4e0000)
 PSOldGen        total 5242880K, used 1579103K [0x00002ba57b4e0000, 0x00002ba6bb4e0000, 0x00002ba6bb4e0000)
  object space 5242880K, 30% used [0x00002ba57b4e0000,0x00002ba5dbaf7cb0,0x00002ba6bb4e0000)
 PSPermGen       total 524288K, used 207559K [0x00002ba55b4e0000, 0x00002ba57b4e0000, 0x00002ba57b4e0000)
  object space 524288K, 39% used [0x00002ba55b4e0000,0x00002ba567f91e10,0x00002ba57b4e0000)
}
Total time for which application threads were stopped: 0.1609990 seconds
Application time: 0.3137120 seconds
Total time for which application threads were stopped: 0.0595520 seconds
Application time: 0.6970430 seconds
{Heap before gc invocations=105:
 PSYoungGen      total 1018240K, used 1010104K [0x00002ba6bb4e0000, 0x00002ba6fb4e0000, 0x00002ba6fb4e0000)
  eden space 988480K, 100% used [0x00002ba6bb4e0000,0x00002ba6f7a30000,0x00002ba6f7a30000)
  from space 29760K, 72% used [0x00002ba6f7a30000,0x00002ba6f8f4e270,0x00002ba6f9740000)
  to   space 29760K, 0% used [0x00002ba6f97d0000,0x00002ba6f97d0000,0x00002ba6fb4e0000)
 PSOldGen        total 5242880K, used 1579103K [0x00002ba57b4e0000, 0x00002ba6bb4e0000, 0x00002ba6bb4e0000)
  object space 5242880K, 30% used [0x00002ba57b4e0000,0x00002ba5dbaf7cb0,0x00002ba6bb4e0000)
 PSPermGen       total 524288K, used 210664K [0x00002ba55b4e0000, 0x00002ba57b4e0000, 0x00002ba57b4e0000)
  object space 524288K, 40% used [0x00002ba55b4e0000,0x00002ba56829a040,0x00002ba57b4e0000)
24247.115: [GC [PSYoungGen: 1010104K->29738K(1002816K)] 2589207K->1622725K(6245696K), 0.1106970 secs]
Heap after gc invocations=105:
 PSYoungGen      total 1002816K, used 29738K [0x00002ba6bb4e0000, 0x00002ba6fb4e0000, 0x00002ba6fb4e0000)
  eden space 973056K, 0% used [0x00002ba6bb4e0000,0x00002ba6bb4e0000,0x00002ba6f6b20000)
  from space 29760K, 99% used [0x00002ba6f97d0000,0x00002ba6fb4dabb0,0x00002ba6fb4e0000)
  to   space 37760K, 0% used [0x00002ba6f6b20000,0x00002ba6f6b20000,0x00002ba6f9000000)
 PSOldGen        total 5242880K, used 1592986K [0x00002ba57b4e0000, 0x00002ba6bb4e0000, 0x00002ba6bb4e0000)
  object space 5242880K, 30% used [0x00002ba57b4e0000,0x00002ba5dc8869c0,0x00002ba6bb4e0000)
 PSPermGen       total 524288K, used 210664K [0x00002ba55b4e0000, 0x00002ba57b4e0000, 0x00002ba57b4e0000)
  object space 524288K, 40% used [0x00002ba55b4e0000,0x00002ba56829a040,0x00002ba57b4e0000)
}
Total time for which application threads were stopped: 0.2163300 seconds
Application time: 38.3645020 seconds
{Heap before gc invocations=106:
 PSYoungGen      total 1002816K, used 1002794K [0x00002ba6bb4e0000, 0x00002ba6fb4e0000, 0x00002ba6fb4e0000)
  eden space 973056K, 100% used [0x00002ba6bb4e0000,0x00002ba6f6b20000,0x00002ba6f6b20000)
  from space 29760K, 99% used [0x00002ba6f97d0000,0x00002ba6fb4dabb0,0x00002ba6fb4e0000)
  to   space 37760K, 0% used [0x00002ba6f6b20000,0x00002ba6f6b20000,0x00002ba6f9000000)
 PSOldGen        total 5242880K, used 1592986K [0x00002ba57b4e0000, 0x00002ba6bb4e0000, 0x00002ba6bb4e0000)
  object space 5242880K, 30% used [0x00002ba57b4e0000,0x00002ba5dc8869c0,0x00002ba6bb4e0000)
 PSPermGen       total 524288K, used 210880K [0x00002ba55b4e0000, 0x00002ba57b4e0000, 0x00002ba57b4e0000)
  object space 524288K, 40% used [0x00002ba55b4e0000,0x00002ba5682d0128,0x00002ba57b4e0000)
24338.046: [GC [PSYoungGen: 1002794K->16458K(1010816K)] 2595781K->1621237K(6253696K), 0.0403760 secs]
Heap after gc invocations=106:
 PSYoungGen      total 1010816K, used 16458K [0x00002ba6bb4e0000, 0x00002ba6fb4e0000, 0x00002ba6fb4e0000)
  eden space 973056K, 0% used [0x00002ba6bb4e0000,0x00002ba6bb4e0000,0x00002ba6f6b20000)
  from space 37760K, 43% used [0x00002ba6f6b20000,0x00002ba6f7b32808,0x00002ba6f9000000)
  to   space 36992K, 0% used [0x00002ba6f90c0000,0x00002ba6f90c0000,0x00002ba6fb4e0000)
 PSOldGen        total 5242880K, used 1604779K [0x00002ba57b4e0000, 0x00002ba6bb4e0000, 0x00002ba6bb4e0000)
  object space 5242880K, 30% used [0x00002ba57b4e0000,0x00002ba5dd40ae68,0x00002ba6bb4e0000)
 PSPermGen       total 524288K, used 210880K [0x00002ba55b4e0000, 0x00002ba57b4e0000, 0x00002ba57b4e0000)
  object space 524288K, 40% used [0x00002ba55b4e0000,0x00002ba5682d0128,0x00002ba57b4e0000)
}
Total time for which application threads were stopped: 0.0984090 seconds
Application time: 24.0743980 seconds
{Heap before gc invocations=107:
 PSYoungGen      total 1010816K, used 989514K [0x00002ba6bb4e0000, 0x00002ba6fb4e0000, 0x00002ba6fb4e0000)
  eden space 973056K, 100% used [0x00002ba6bb4e0000,0x00002ba6f6b20000,0x00002ba6f6b20000)
  from space 37760K, 43% used [0x00002ba6f6b20000,0x00002ba6f7b32808,0x00002ba6f9000000)
  to   space 36992K, 0% used [0x00002ba6f90c0000,0x00002ba6f90c0000,0x00002ba6fb4e0000)
 PSOldGen        total 5242880K, used 1604779K [0x00002ba57b4e0000, 0x00002ba6bb4e0000, 0x00002ba6bb4e0000)
  object space 5242880K, 30% used [0x00002ba57b4e0000,0x00002ba5dd40ae68,0x00002ba6bb4e0000)
 PSPermGen       total 524288K, used 210944K [0x00002ba55b4e0000, 0x00002ba57b4e0000, 0x00002ba57b4e0000)
  object space 524288K, 40% used [0x00002ba55b4e0000,0x00002ba5682e0128,0x00002ba57b4e0000)
24390.397: [GC [PSYoungGen: 989514K->16928K(1012480K)] 2594293K->1630088K(6255360K), 0.0468110 secs]
Heap after gc invocations=107:
 PSYoungGen      total 1012480K, used 16928K [0x00002ba6bb4e0000, 0x00002ba6fb4e0000, 0x00002ba6fb4e0000)
  eden space 975488K, 0% used [0x00002ba6bb4e0000,0x00002ba6bb4e0000,0x00002ba6f6d80000)
  from space 36992K, 45% used [0x00002ba6f90c0000,0x00002ba6fa1483e0,0x00002ba6fb4e0000)
  to   space 36096K, 0% used [0x00002ba6f6d80000,0x00002ba6f6d80000,0x00002ba6f90c0000)
 PSOldGen        total 5242880K, used 1613159K [0x00002ba57b4e0000, 0x00002ba6bb4e0000, 0x00002ba6bb4e0000)
  object space 5242880K, 30% used [0x00002ba57b4e0000,0x00002ba5ddc39d78,0x00002ba6bb4e0000)
 PSPermGen       total 524288K, used 210944K [0x00002ba55b4e0000, 0x00002ba57b4e0000, 0x00002ba57b4e0000)
  object space 524288K, 40% used [0x00002ba55b4e0000,0x00002ba5682e0128,0x00002ba57b4e0000)
}
Total time for which application threads were stopped: 0.1531370 seconds
Application time: 4.7464360 seconds
{Heap before gc invocations=108:
 PSYoungGen      total 1012480K, used 992416K [0x00002ba6bb4e0000, 0x00002ba6fb4e0000, 0x00002ba6fb4e0000)
  eden space 975488K, 100% used [0x00002ba6bb4e0000,0x00002ba6f6d80000,0x00002ba6f6d80000)
  from space 36992K, 45% used [0x00002ba6f90c0000,0x00002ba6fa1483e0,0x00002ba6fb4e0000)
  to   space 36096K, 0% used [0x00002ba6f6d80000,0x00002ba6f6d80000,0x00002ba6f90c0000)
 PSOldGen        total 5242880K, used 1613159K [0x00002ba57b4e0000, 0x00002ba6bb4e0000, 0x00002ba6bb4e0000)
  object space 5242880K, 30% used [0x00002ba57b4e0000,0x00002ba5ddc39d78,0x00002ba6bb4e0000)
 PSPermGen       total 524288K, used 210992K [0x00002ba55b4e0000, 0x00002ba57b4e0000, 0x00002ba57b4e0000)
  object space 524288K, 40% used [0x00002ba55b4e0000,0x00002ba5682ec170,0x00002ba57b4e0000)
24451.133: [GC [PSYoungGen: 992416K->17300K(1011584K)] 2605576K->1638124K(6254464K), 0.0523870 secs]
Heap after gc invocations=108:
 PSYoungGen      total 1011584K, used 17300K [0x00002ba6bb4e0000, 0x00002ba6fb4e0000, 0x00002ba6fb4e0000)
  eden space 975488K, 0% used [0x00002ba6bb4e0000,0x00002ba6bb4e0000,0x00002ba6f6d80000)
  from space 36096K, 47% used [0x00002ba6f6d80000,0x00002ba6f7e65228,0x00002ba6f90c0000)
  to   space 35072K, 0% used [0x00002ba6f92a0000,0x00002ba6f92a0000,0x00002ba6fb4e0000)
 PSOldGen        total 5242880K, used 1620824K [0x00002ba57b4e0000, 0x00002ba6bb4e0000, 0x00002ba6bb4e0000)
  object space 5242880K, 30% used [0x00002ba57b4e0000,0x00002ba5de3b6080,0x00002ba6bb4e0000)
 PSPermGen       total 524288K, used 210992K [0x00002ba55b4e0000, 0x00002ba57b4e0000, 0x00002ba57b4e0000)
  object space 524288K, 40% used [0x00002ba55b4e0000,0x00002ba5682ec170,0x00002ba57b4e0000)
}
Total time for which application threads were stopped: 0.0802720 seconds
Application time: 4.3400270 seconds
{Heap before gc invocations=109:
 PSYoungGen      total 1011584K, used 992788K [0x00002ba6bb4e0000, 0x00002ba6fb4e0000, 0x00002ba6fb4e0000)
  eden space 975488K, 100% used [0x00002ba6bb4e0000,0x00002ba6f6d80000,0x00002ba6f6d80000)
  from space 36096K, 47% used [0x00002ba6f6d80000,0x00002ba6f7e65228,0x00002ba6f90c0000)
  to   space 35072K, 0% used [0x00002ba6f92a0000,0x00002ba6f92a0000,0x00002ba6fb4e0000)
 PSOldGen        total 5242880K, used 1620824K [0x00002ba57b4e0000, 0x00002ba6bb4e0000, 0x00002ba6bb4e0000)
  object space 5242880K, 30% used [0x00002ba57b4e0000,0x00002ba5de3b6080,0x00002ba6bb4e0000)
 PSPermGen       total 524288K, used 211402K [0x00002ba55b4e0000, 0x00002ba57b4e0000, 0x00002ba57b4e0000)
  object space 524288K, 40% used [0x00002ba55b4e0000,0x00002ba568352960,0x00002ba57b4e0000)
24513.310: [GC [PSYoungGen: 992788K->16595K(1014336K)] 2613612K->1644385K(6257216K), 0.0390410 secs]
Heap after gc invocations=109:
 PSYoungGen      total 1014336K, used 16595K [0x00002ba6bb4e0000, 0x00002ba6fb4e0000, 0x00002ba6fb4e0000)
  eden space 979264K, 0% used [0x00002ba6bb4e0000,0x00002ba6bb4e0000,0x00002ba6f7130000)
  from space 35072K, 47% used [0x00002ba6f92a0000,0x00002ba6fa2d4e70,0x00002ba6fb4e0000)
  to   space 34240K, 0% used [0x00002ba6f7130000,0x00002ba6f7130000,0x00002ba6f92a0000)
 PSOldGen        total 5242880K, used 1627790K [0x00002ba57b4e0000, 0x00002ba6bb4e0000, 0x00002ba6bb4e0000)
  object space 5242880K, 31% used [0x00002ba57b4e0000,0x00002ba5dea838f8,0x00002ba6bb4e0000)
 PSPermGen       total 524288K, used 211402K [0x00002ba55b4e0000, 0x00002ba57b4e0000, 0x00002ba57b4e0000)
  object space 524288K, 40% used [0x00002ba55b4e0000,0x00002ba568352960,0x00002ba57b4e0000)
}
Total time for which application threads were stopped: 0.1171360 seconds
Application time: 3.3439470 seconds
{Heap before gc invocations=110:
 PSYoungGen      total 1014336K, used 995859K [0x00002ba6bb4e0000, 0x00002ba6fb4e0000, 0x00002ba6fb4e0000)
  eden space 979264K, 100% used [0x00002ba6bb4e0000,0x00002ba6f7130000,0x00002ba6f7130000)
  from space 35072K, 47% used [0x00002ba6f92a0000,0x00002ba6fa2d4e70,0x00002ba6fb4e0000)
  to   space 34240K, 0% used [0x00002ba6f7130000,0x00002ba6f7130000,0x00002ba6f92a0000)
 PSOldGen        total 5242880K, used 1627790K [0x00002ba57b4e0000, 0x00002ba6bb4e0000, 0x00002ba6bb4e0000)
  object space 5242880K, 31% used [0x00002ba57b4e0000,0x00002ba5dea838f8,0x00002ba6bb4e0000)
 PSPermGen       total 524288K, used 211633K [0x00002ba55b4e0000, 0x00002ba57b4e0000, 0x00002ba57b4e0000)
  object space 524288K, 40% used [0x00002ba55b4e0000,0x00002ba56838c5c8,0x00002ba57b4e0000)
24557.443: [GC [PSYoungGen: 995859K->17875K(1013504K)] 2623649K->1655308K(6256384K), 0.0508090 secs]
Heap after gc invocations=110:
 PSYoungGen      total 1013504K, used 17875K [0x00002ba6bb4e0000, 0x00002ba6fb4e0000, 0x00002ba6fb4e0000)
  eden space 979264K, 0% used [0x00002ba6bb4e0000,0x00002ba6bb4e0000,0x00002ba6f7130000)
  from space 34240K, 52% used [0x00002ba6f7130000,0x00002ba6f82a4ec8,0x00002ba6f92a0000)
  to   space 33152K, 0% used [0x00002ba6f9480000,0x00002ba6f9480000,0x00002ba6fb4e0000)
 PSOldGen        total 5242880K, used 1637432K [0x00002ba57b4e0000, 0x00002ba6bb4e0000, 0x00002ba6bb4e0000)
  object space 5242880K, 31% used [0x00002ba57b4e0000,0x00002ba5df3ee3e0,0x00002ba6bb4e0000)
 PSPermGen       total 524288K, used 211633K [0x00002ba55b4e0000, 0x00002ba57b4e0000, 0x00002ba57b4e0000)
  object space 524288K, 40% used [0x00002ba55b4e0000,0x00002ba56838c5c8,0x00002ba57b4e0000)
}
Total time for which application threads were stopped: 0.0787230 seconds
Application time: 0.7539400 seconds
{Heap before gc invocations=111:
 PSYoungGen      total 1013504K, used 997139K [0x00002ba6bb4e0000, 0x00002ba6fb4e0000, 0x00002ba6fb4e0000)
  eden space 979264K, 100% used [0x00002ba6bb4e0000,0x00002ba6f7130000,0x00002ba6f7130000)
  from space 34240K, 52% used [0x00002ba6f7130000,0x00002ba6f82a4ec8,0x00002ba6f92a0000)
  to   space 33152K, 0% used [0x00002ba6f9480000,0x00002ba6f9480000,0x00002ba6fb4e0000)
 PSOldGen        total 5242880K, used 1637432K [0x00002ba57b4e0000, 0x00002ba6bb4e0000, 0x00002ba6bb4e0000)
  object space 5242880K, 31% used [0x00002ba57b4e0000,0x00002ba5df3ee3e0,0x00002ba6bb4e0000)
 PSPermGen       total 524288K, used 212193K [0x00002ba55b4e0000, 0x00002ba57b4e0000, 0x00002ba57b4e0000)
  object space 524288K, 40% used [0x00002ba55b4e0000,0x00002ba568418630,0x00002ba57b4e0000)
24617.446: [GC [PSYoungGen: 997139K->17275K(1016384K)] 2634572K->1663887K(6259264K), 0.0388530 secs]
Heap after gc invocations=111:
 PSYoungGen      total 1016384K, used 17275K [0x00002ba6bb4e0000, 0x00002ba6fb4e0000, 0x00002ba6fb4e0000)
  eden space 983232K, 0% used [0x00002ba6bb4e0000,0x00002ba6bb4e0000,0x00002ba6f7510000)
  from space 33152K, 52% used [0x00002ba6f9480000,0x00002ba6fa55eee8,0x00002ba6fb4e0000)
  to   space 32192K, 0% used [0x00002ba6f7510000,0x00002ba6f7510000,0x00002ba6f9480000)
 PSOldGen        total 5242880K, used 1646611K [0x00002ba57b4e0000, 0x00002ba6bb4e0000, 0x00002ba6bb4e0000)
  object space 5242880K, 31% used [0x00002ba57b4e0000,0x00002ba5dfce4d80,0x00002ba6bb4e0000)
 PSPermGen       total 524288K, used 212193K [0x00002ba55b4e0000, 0x00002ba57b4e0000, 0x00002ba57b4e0000)
  object space 524288K, 40% used [0x00002ba55b4e0000,0x00002ba568418630,0x00002ba57b4e0000)
}
Total time for which application threads were stopped: 0.0668590 seconds
Application time: 12.6719090 seconds
{Heap before gc invocations=112:
 PSYoungGen      total 1016384K, used 1000507K [0x00002ba6bb4e0000, 0x00002ba6fb4e0000, 0x00002ba6fb4e0000)
  eden space 983232K, 100% used [0x00002ba6bb4e0000,0x00002ba6f7510000,0x00002ba6f7510000)
  from space 33152K, 52% used [0x00002ba6f9480000,0x00002ba6fa55eee8,0x00002ba6fb4e0000)
  to   space 32192K, 0% used [0x00002ba6f7510000,0x00002ba6f7510000,0x00002ba6f9480000)
 PSOldGen        total 5242880K, used 1646611K [0x00002ba57b4e0000, 0x00002ba6bb4e0000, 0x00002ba6bb4e0000)
  object space 5242880K, 31% used [0x00002ba57b4e0000,0x00002ba5dfce4d80,0x00002ba6bb4e0000)
 PSPermGen       total 524288K, used 212390K [0x00002ba55b4e0000, 0x00002ba57b4e0000, 0x00002ba57b4e0000)
  object space 524288K, 40% used [0x00002ba55b4e0000,0x00002ba568449858,0x00002ba57b4e0000)
24672.839: [GC [PSYoungGen: 1000507K->20700K(1015424K)] 2647119K->1676187K(6258304K), 0.0806450 secs]
Heap after gc invocations=112:
 PSYoungGen      total 1015424K, used 20700K [0x00002ba6bb4e0000, 0x00002ba6fb4e0000, 0x00002ba6fb4e0000)
  eden space 983232K, 0% used [0x00002ba6bb4e0000,0x00002ba6bb4e0000,0x00002ba6f7510000)
  from space 32192K, 64% used [0x00002ba6f7510000,0x00002ba6f89471e8,0x00002ba6f9480000)
  to   space 31360K, 0% used [0x00002ba6f9640000,0x00002ba6f9640000,0x00002ba6fb4e0000)
 PSOldGen        total 5242880K, used 1655487K [0x00002ba57b4e0000, 0x00002ba6bb4e0000, 0x00002ba6bb4e0000)
  object space 5242880K, 31% used [0x00002ba57b4e0000,0x00002ba5e058fc18,0x00002ba6bb4e0000)
 PSPermGen       total 524288K, used 212390K [0x00002ba55b4e0000, 0x00002ba57b4e0000, 0x00002ba57b4e0000)
  object space 524288K, 40% used [0x00002ba55b4e0000,0x00002ba568449858,0x00002ba57b4e0000)
}
Total time for which application threads were stopped: 0.1389200 seconds
Application time: 68.0524430 seconds
{Heap before gc invocations=113:
 PSYoungGen      total 1015424K, used 1003932K [0x00002ba6bb4e0000, 0x00002ba6fb4e0000, 0x00002ba6fb4e0000)
  eden space 983232K, 100% used [0x00002ba6bb4e0000,0x00002ba6f7510000,0x00002ba6f7510000)
  from space 32192K, 64% used [0x00002ba6f7510000,0x00002ba6f89471e8,0x00002ba6f9480000)
  to   space 31360K, 0% used [0x00002ba6f9640000,0x00002ba6f9640000,0x00002ba6fb4e0000)
 PSOldGen        total 5242880K, used 1655487K [0x00002ba57b4e0000, 0x00002ba6bb4e0000, 0x00002ba6bb4e0000)
  object space 5242880K, 31% used [0x00002ba57b4e0000,0x00002ba5e058fc18,0x00002ba6bb4e0000)
 PSPermGen       total 524288K, used 213147K [0x00002ba55b4e0000, 0x00002ba57b4e0000, 0x00002ba57b4e0000)
  object space 524288K, 40% used [0x00002ba55b4e0000,0x00002ba568506de8,0x00002ba57b4e0000)
24753.181: [GC [PSYoungGen: 1003932K->17764K(1018048K)] 2659419K->1680511K(6260928K), 0.0416650 secs]
Heap after gc invocations=113:
 PSYoungGen      total 1018048K, used 17764K [0x00002ba6bb4e0000, 0x00002ba6fb4e0000, 0x00002ba6fb4e0000)
  eden space 986688K, 0% used [0x00002ba6bb4e0000,0x00002ba6bb4e0000,0x00002ba6f7870000)
  from space 31360K, 56% used [0x00002ba6f9640000,0x00002ba6fa799208,0x00002ba6fb4e0000)
  to   space 30528K, 0% used [0x00002ba6f7870000,0x00002ba6f7870000,0x00002ba6f9640000)
 PSOldGen        total 5242880K, used 1662746K [0x00002ba57b4e0000, 0x00002ba6bb4e0000, 0x00002ba6bb4e0000)
  object space 5242880K, 31% used [0x00002ba57b4e0000,0x00002ba5e0ca6be8,0x00002ba6bb4e0000)
 PSPermGen       total 524288K, used 213147K [0x00002ba55b4e0000, 0x00002ba57b4e0000, 0x00002ba57b4e0000)
  object space 524288K, 40% used [0x00002ba55b4e0000,0x00002ba568506de8,0x00002ba57b4e0000)
}
Total time for which application threads were stopped: 0.1489980 seconds
Application time: 18.5806820 seconds
{Heap before gc invocations=114:
 PSYoungGen      total 1018048K, used 1004452K [0x00002ba6bb4e0000, 0x00002ba6fb4e0000, 0x00002ba6fb4e0000)
  eden space 986688K, 100% used [0x00002ba6bb4e0000,0x00002ba6f7870000,0x00002ba6f7870000)
  from space 31360K, 56% used [0x00002ba6f9640000,0x00002ba6fa799208,0x00002ba6fb4e0000)
  to   space 30528K, 0% used [0x00002ba6f7870000,0x00002ba6f7870000,0x00002ba6f9640000)
 PSOldGen        total 5242880K, used 1662746K [0x00002ba57b4e0000, 0x00002ba6bb4e0000, 0x00002ba6bb4e0000)
  object space 5242880K, 31% used [0x00002ba57b4e0000,0x00002ba5e0ca6be8,0x00002ba6bb4e0000)
 PSPermGen       total 524288K, used 213506K [0x00002ba55b4e0000, 0x00002ba57b4e0000, 0x00002ba57b4e0000)
  object space 524288K, 40% used [0x00002ba55b4e0000,0x00002ba568560bc0,0x00002ba57b4e0000)
24865.080: [GC [PSYoungGen: 1004452K->16033K(1017216K)] 2667199K->1687742K(6260096K), 0.0355180 secs]
Heap after gc invocations=114:
 PSYoungGen      total 1017216K, used 16033K [0x00002ba6bb4e0000, 0x00002ba6fb4e0000, 0x00002ba6fb4e0000)
  eden space 986688K, 0% used [0x00002ba6bb4e0000,0x00002ba6bb4e0000,0x00002ba6f7870000)
  from space 30528K, 52% used [0x00002ba6f7870000,0x00002ba6f88186f0,0x00002ba6f9640000)
  to   space 29952K, 0% used [0x00002ba6f97a0000,0x00002ba6f97a0000,0x00002ba6fb4e0000)
 PSOldGen        total 5242880K, used 1671709K [0x00002ba57b4e0000, 0x00002ba6bb4e0000, 0x00002ba6bb4e0000)
  object space 5242880K, 31% used [0x00002ba57b4e0000,0x00002ba5e1567420,0x00002ba6bb4e0000)
 PSPermGen       total 524288K, used 213506K [0x00002ba55b4e0000, 0x00002ba57b4e0000, 0x00002ba57b4e0000)
  object space 524288K, 40% used [0x00002ba55b4e0000,0x00002ba568560bc0,0x00002ba57b4e0000)
}
Total time for which application threads were stopped: 0.0939100 seconds
Application time: 2.5129870 seconds
{Heap before gc invocations=115:
 PSYoungGen      total 1017216K, used 1002721K [0x00002ba6bb4e0000, 0x00002ba6fb4e0000, 0x00002ba6fb4e0000)
  eden space 986688K, 100% used [0x00002ba6bb4e0000,0x00002ba6f7870000,0x00002ba6f7870000)
  from space 30528K, 52% used [0x00002ba6f7870000,0x00002ba6f88186f0,0x00002ba6f9640000)
  to   space 29952K, 0% used [0x00002ba6f97a0000,0x00002ba6f97a0000,0x00002ba6fb4e0000)
 PSOldGen        total 5242880K, used 1671709K [0x00002ba57b4e0000, 0x00002ba6bb4e0000, 0x00002ba6bb4e0000)
  object space 5242880K, 31% used [0x00002ba57b4e0000,0x00002ba5e1567420,0x00002ba6bb4e0000)
 PSPermGen       total 524288K, used 217043K [0x00002ba55b4e0000, 0x00002ba57b4e0000, 0x00002ba57b4e0000)
  object space 524288K, 41% used [0x00002ba55b4e0000,0x00002ba5688d4e08,0x00002ba57b4e0000)
24901.314: [GC [PSYoungGen: 1002721K->29946K(1000576K)] 2674430K->1718116K(6243456K), 0.0613750 secs]
Heap after gc invocations=115:
 PSYoungGen      total 1000576K, used 29946K [0x00002ba6bb4e0000, 0x00002ba6fb4e0000, 0x00002ba6fb4e0000)
  eden space 970624K, 0% used [0x00002ba6bb4e0000,0x00002ba6bb4e0000,0x00002ba6f68c0000)
  from space 29952K, 99% used [0x00002ba6f97a0000,0x00002ba6fb4de870,0x00002ba6fb4e0000)
  to   space 38976K, 0% used [0x00002ba6f68c0000,0x00002ba6f68c0000,0x00002ba6f8ed0000)
 PSOldGen        total 5242880K, used 1688170K [0x00002ba57b4e0000, 0x00002ba6bb4e0000, 0x00002ba6bb4e0000)
  object space 5242880K, 32% used [0x00002ba57b4e0000,0x00002ba5e257aad8,0x00002ba6bb4e0000)
 PSPermGen       total 524288K, used 217043K [0x00002ba55b4e0000, 0x00002ba57b4e0000, 0x00002ba57b4e0000)
  object space 524288K, 41% used [0x00002ba55b4e0000,0x00002ba5688d4e08,0x00002ba57b4e0000)
}
Total time for which application threads were stopped: 0.1404220 seconds
Application time: 8.7386540 seconds
{Heap before gc invocations=116:
 PSYoungGen      total 1000576K, used 1000570K [0x00002ba6bb4e0000, 0x00002ba6fb4e0000, 0x00002ba6fb4e0000)
  eden space 970624K, 100% used [0x00002ba6bb4e0000,0x00002ba6f68c0000,0x00002ba6f68c0000)
  from space 29952K, 99% used [0x00002ba6f97a0000,0x00002ba6fb4de870,0x00002ba6fb4e0000)
  to   space 38976K, 0% used [0x00002ba6f68c0000,0x00002ba6f68c0000,0x00002ba6f8ed0000)
 PSOldGen        total 5242880K, used 1688170K [0x00002ba57b4e0000, 0x00002ba6bb4e0000, 0x00002ba6bb4e0000)
  object space 5242880K, 32% used [0x00002ba57b4e0000,0x00002ba5e257aad8,0x00002ba6bb4e0000)
 PSPermGen       total 524288K, used 217400K [0x00002ba55b4e0000, 0x00002ba57b4e0000, 0x00002ba57b4e0000)
  object space 524288K, 41% used [0x00002ba55b4e0000,0x00002ba56892e220,0x00002ba57b4e0000)
24981.938: [GC [PSYoungGen: 1000570K->11504K(982144K)] 2688740K->1725184K(6225024K), 0.0355650 secs]
Heap after gc invocations=116:
 PSYoungGen      total 982144K, used 11504K [0x00002ba6bb4e0000, 0x00002ba6fb4e0000, 0x00002ba6fb4e0000)
  eden space 970624K, 0% used [0x00002ba6bb4e0000,0x00002ba6bb4e0000,0x00002ba6f68c0000)
  from space 11520K, 99% used [0x00002ba6f68c0000,0x00002ba6f73fc2c8,0x00002ba6f7400000)
  to   space 39040K, 0% used [0x00002ba6f8ec0000,0x00002ba6f8ec0000,0x00002ba6fb4e0000)
 PSOldGen        total 5242880K, used 1713679K [0x00002ba57b4e0000, 0x00002ba6bb4e0000, 0x00002ba6bb4e0000)
  object space 5242880K, 32% used [0x00002ba57b4e0000,0x00002ba5e3e63db8,0x00002ba6bb4e0000)
 PSPermGen       total 524288K, used 217400K [0x00002ba55b4e0000, 0x00002ba57b4e0000, 0x00002ba57b4e0000)
  object space 524288K, 41% used [0x00002ba55b4e0000,0x00002ba56892e220,0x00002ba57b4e0000)
}
Total time for which application threads were stopped: 0.0638570 seconds
Application time: 18.8319440 seconds
{Heap before gc invocations=117:
 PSYoungGen      total 982144K, used 982128K [0x00002ba6bb4e0000, 0x00002ba6fb4e0000, 0x00002ba6fb4e0000)
  eden space 970624K, 100% used [0x00002ba6bb4e0000,0x00002ba6f68c0000,0x00002ba6f68c0000)
  from space 11520K, 99% used [0x00002ba6f68c0000,0x00002ba6f73fc2c8,0x00002ba6f7400000)
  to   space 39040K, 0% used [0x00002ba6f8ec0000,0x00002ba6f8ec0000,0x00002ba6fb4e0000)
 PSOldGen        total 5242880K, used 1713679K [0x00002ba57b4e0000, 0x00002ba6bb4e0000, 0x00002ba6bb4e0000)
  object space 5242880K, 32% used [0x00002ba57b4e0000,0x00002ba5e3e63db8,0x00002ba6bb4e0000)
 PSPermGen       total 524288K, used 217421K [0x00002ba55b4e0000, 0x00002ba57b4e0000, 0x00002ba57b4e0000)
  object space 524288K, 41% used [0x00002ba55b4e0000,0x00002ba568933600,0x00002ba57b4e0000)
25035.009: [GC [PSYoungGen: 982128K->11486K(1009792K)] 2695808K->1732434K(6252672K), 0.0263740 secs]
Heap after gc invocations=117:
 PSYoungGen      total 1009792K, used 11486K [0x00002ba6bb4e0000, 0x00002ba6fb4e0000, 0x00002ba6fb4e0000)
  eden space 970752K, 0% used [0x00002ba6bb4e0000,0x00002ba6bb4e0000,0x00002ba6f68e0000)
  from space 39040K, 29% used [0x00002ba6f8ec0000,0x00002ba6f99f7a90,0x00002ba6fb4e0000)
  to   space 38784K, 0% used [0x00002ba6f68e0000,0x00002ba6f68e0000,0x00002ba6f8ec0000)
 PSOldGen        total 5242880K, used 1720948K [0x00002ba57b4e0000, 0x00002ba6bb4e0000, 0x00002ba6bb4e0000)
  object space 5242880K, 32% used [0x00002ba57b4e0000,0x00002ba5e457d048,0x00002ba6bb4e0000)
 PSPermGen       total 524288K, used 217421K [0x00002ba55b4e0000, 0x00002ba57b4e0000, 0x00002ba57b4e0000)
  object space 524288K, 41% used [0x00002ba55b4e0000,0x00002ba568933600,0x00002ba57b4e0000)
}
Total time for which application threads were stopped: 0.1042360 seconds
Application time: 39.3308160 seconds
{Heap before gc invocations=118:
 PSYoungGen      total 1009792K, used 982238K [0x00002ba6bb4e0000, 0x00002ba6fb4e0000, 0x00002ba6fb4e0000)
  eden space 970752K, 100% used [0x00002ba6bb4e0000,0x00002ba6f68e0000,0x00002ba6f68e0000)
  from space 39040K, 29% used [0x00002ba6f8ec0000,0x00002ba6f99f7a90,0x00002ba6fb4e0000)
  to   space 38784K, 0% used [0x00002ba6f68e0000,0x00002ba6f68e0000,0x00002ba6f8ec0000)
 PSOldGen        total 5242880K, used 1720948K [0x00002ba57b4e0000, 0x00002ba6bb4e0000, 0x00002ba6bb4e0000)
  object space 5242880K, 32% used [0x00002ba57b4e0000,0x00002ba5e457d048,0x00002ba6bb4e0000)
 PSPermGen       total 524288K, used 217630K [0x00002ba55b4e0000, 0x00002ba57b4e0000, 0x00002ba57b4e0000)
  object space 524288K, 41% used [0x00002ba55b4e0000,0x00002ba568967880,0x00002ba57b4e0000)
25089.590: [GC [PSYoungGen: 982238K->17061K(1009536K)] 2703186K->1744857K(6252416K), 0.0406970 secs]
Heap after gc invocations=118:
 PSYoungGen      total 1009536K, used 17061K [0x00002ba6bb4e0000, 0x00002ba6fb4e0000, 0x00002ba6fb4e0000)
  eden space 970752K, 0% used [0x00002ba6bb4e0000,0x00002ba6bb4e0000,0x00002ba6f68e0000)
  from space 38784K, 43% used [0x00002ba6f68e0000,0x00002ba6f79897e8,0x00002ba6f8ec0000)
  to   space 37376K, 0% used [0x00002ba6f9060000,0x00002ba6f9060000,0x00002ba6fb4e0000)
 PSOldGen        total 5242880K, used 1727795K [0x00002ba57b4e0000, 0x00002ba6bb4e0000, 0x00002ba6bb4e0000)
  object space 5242880K, 32% used [0x00002ba57b4e0000,0x00002ba5e4c2ce20,0x00002ba6bb4e0000)
 PSPermGen       total 524288K, used 217630K [0x00002ba55b4e0000, 0x00002ba57b4e0000, 0x00002ba57b4e0000)
  object space 524288K, 41% used [0x00002ba55b4e0000,0x00002ba568967880,0x00002ba57b4e0000)
}
Total time for which application threads were stopped: 0.0992710 seconds
Application time: 46.0123830 seconds
{Heap before gc invocations=119:
 PSYoungGen      total 1009536K, used 987813K [0x00002ba6bb4e0000, 0x00002ba6fb4e0000, 0x00002ba6fb4e0000)
  eden space 970752K, 100% used [0x00002ba6bb4e0000,0x00002ba6f68e0000,0x00002ba6f68e0000)
  from space 38784K, 43% used [0x00002ba6f68e0000,0x00002ba6f79897e8,0x00002ba6f8ec0000)
  to   space 37376K, 0% used [0x00002ba6f9060000,0x00002ba6f9060000,0x00002ba6fb4e0000)
 PSOldGen        total 5242880K, used 1727795K [0x00002ba57b4e0000, 0x00002ba6bb4e0000, 0x00002ba6bb4e0000)
  object space 5242880K, 32% used [0x00002ba57b4e0000,0x00002ba5e4c2ce20,0x00002ba6bb4e0000)
 PSPermGen       total 524288K, used 218205K [0x00002ba55b4e0000, 0x00002ba57b4e0000, 0x00002ba57b4e0000)
  object space 524288K, 41% used [0x00002ba55b4e0000,0x00002ba5689f7678,0x00002ba57b4e0000)
25135.721: [GC [PSYoungGen: 987813K->15812K(1012352K)] 2715609K->1750494K(6255232K), 0.0320170 secs]
Heap after gc invocations=119:
 PSYoungGen      total 1012352K, used 15812K [0x00002ba6bb4e0000, 0x00002ba6fb4e0000, 0x00002ba6fb4e0000)
  eden space 974976K, 0% used [0x00002ba6bb4e0000,0x00002ba6bb4e0000,0x00002ba6f6d00000)
  from space 37376K, 42% used [0x00002ba6f9060000,0x00002ba6f9fd1390,0x00002ba6fb4e0000)
  to   space 36224K, 0% used [0x00002ba6f6d00000,0x00002ba6f6d00000,0x00002ba6f9060000)
 PSOldGen        total 5242880K, used 1734681K [0x00002ba57b4e0000, 0x00002ba6bb4e0000, 0x00002ba6bb4e0000)
  object space 5242880K, 33% used [0x00002ba57b4e0000,0x00002ba5e52e64d0,0x00002ba6bb4e0000)
 PSPermGen       total 524288K, used 218205K [0x00002ba55b4e0000, 0x00002ba57b4e0000, 0x00002ba57b4e0000)
  object space 524288K, 41% used [0x00002ba55b4e0000,0x00002ba5689f7678,0x00002ba57b4e0000)
}
Total time for which application threads were stopped: 0.1098520 seconds
Application time: 59.7198580 seconds
{Heap before gc invocations=120:
 PSYoungGen      total 1012352K, used 990788K [0x00002ba6bb4e0000, 0x00002ba6fb4e0000, 0x00002ba6fb4e0000)
  eden space 974976K, 100% used [0x00002ba6bb4e0000,0x00002ba6f6d00000,0x00002ba6f6d00000)
  from space 37376K, 42% used [0x00002ba6f9060000,0x00002ba6f9fd1390,0x00002ba6fb4e0000)
  to   space 36224K, 0% used [0x00002ba6f6d00000,0x00002ba6f6d00000,0x00002ba6f9060000)
 PSOldGen        total 5242880K, used 1734681K [0x00002ba57b4e0000, 0x00002ba6bb4e0000, 0x00002ba6bb4e0000)
  object space 5242880K, 33% used [0x00002ba57b4e0000,0x00002ba5e52e64d0,0x00002ba6bb4e0000)
 PSPermGen       total 524288K, used 218588K [0x00002ba55b4e0000, 0x00002ba57b4e0000, 0x00002ba57b4e0000)
  object space 524288K, 41% used [0x00002ba55b4e0000,0x00002ba568a57208,0x00002ba57b4e0000)
25195.581: [GC [PSYoungGen: 990788K->17783K(1011200K)] 2725470K->1759955K(6254080K), 0.0291430 secs]
Heap after gc invocations=120:
 PSYoungGen      total 1011200K, used 17783K [0x00002ba6bb4e0000, 0x00002ba6fb4e0000, 0x00002ba6fb4e0000)
  eden space 974976K, 0% used [0x00002ba6bb4e0000,0x00002ba6bb4e0000,0x00002ba6f6d00000)
  from space 36224K, 49% used [0x00002ba6f6d00000,0x00002ba6f7e5dc78,0x00002ba6f9060000)
  to   space 34752K, 0% used [0x00002ba6f92f0000,0x00002ba6f92f0000,0x00002ba6fb4e0000)
 PSOldGen        total 5242880K, used 1742172K [0x00002ba57b4e0000, 0x00002ba6bb4e0000, 0x00002ba6bb4e0000)
  object space 5242880K, 33% used [0x00002ba57b4e0000,0x00002ba5e5a37108,0x00002ba6bb4e0000)
 PSPermGen       total 524288K, used 218588K [0x00002ba55b4e0000, 0x00002ba57b4e0000, 0x00002ba57b4e0000)
  object space 524288K, 41% used [0x00002ba55b4e0000,0x00002ba568a57208,0x00002ba57b4e0000)
}
Total time for which application threads were stopped: 0.1370890 seconds
Application time: 0.5413910 seconds
{Heap before gc invocations=121:
 PSYoungGen      total 1011200K, used 950239K [0x00002ba6bb4e0000, 0x00002ba6fb4e0000, 0x00002ba6fb4e0000)
  eden space 974976K, 95% used [0x00002ba6bb4e0000,0x00002ba6f437a150,0x00002ba6f6d00000)
  from space 36224K, 49% used [0x00002ba6f6d00000,0x00002ba6f7e5dc78,0x00002ba6f9060000)
  to   space 34752K, 0% used [0x00002ba6f92f0000,0x00002ba6f92f0000,0x00002ba6fb4e0000)
 PSOldGen        total 5242880K, used 1742172K [0x00002ba57b4e0000, 0x00002ba6bb4e0000, 0x00002ba6bb4e0000)
  object space 5242880K, 33% used [0x00002ba57b4e0000,0x00002ba5e5a37108,0x00002ba6bb4e0000)
 PSPermGen       total 524288K, used 219470K [0x00002ba55b4e0000, 0x00002ba57b4e0000, 0x00002ba57b4e0000)
  object space 524288K, 41% used [0x00002ba55b4e0000,0x00002ba568b33960,0x00002ba57b4e0000)
25244.336: [GC [PSYoungGen: 950239K->12578K(1014272K)] 2692411K->1765112K(6257152K), 0.0266960 secs]
Heap after gc invocations=121:
 PSYoungGen      total 1014272K, used 12578K [0x00002ba6bb4e0000, 0x00002ba6fb4e0000, 0x00002ba6fb4e0000)
  eden space 979520K, 0% used [0x00002ba6bb4e0000,0x00002ba6bb4e0000,0x00002ba6f7170000)
  from space 34752K, 36% used [0x00002ba6f92f0000,0x00002ba6f9f38890,0x00002ba6fb4e0000)
  to   space 34304K, 0% used [0x00002ba6f7170000,0x00002ba6f7170000,0x00002ba6f92f0000)
 PSOldGen        total 5242880K, used 1752534K [0x00002ba57b4e0000, 0x00002ba6bb4e0000, 0x00002ba6bb4e0000)
  object space 5242880K, 33% used [0x00002ba57b4e0000,0x00002ba5e64559c0,0x00002ba6bb4e0000)
 PSPermGen       total 524288K, used 219470K [0x00002ba55b4e0000, 0x00002ba57b4e0000, 0x00002ba57b4e0000)
  object space 524288K, 41% used [0x00002ba55b4e0000,0x00002ba568b33960,0x00002ba57b4e0000)
}
{Heap before gc invocations=122:
 PSYoungGen      total 1014272K, used 12578K [0x00002ba6bb4e0000, 0x00002ba6fb4e0000, 0x00002ba6fb4e0000)
  eden space 979520K, 0% used [0x00002ba6bb4e0000,0x00002ba6bb4e0000,0x00002ba6f7170000)
  from space 34752K, 36% used [0x00002ba6f92f0000,0x00002ba6f9f38890,0x00002ba6fb4e0000)
  to   space 34304K, 0% used [0x00002ba6f7170000,0x00002ba6f7170000,0x00002ba6f92f0000)
 PSOldGen        total 5242880K, used 1752534K [0x00002ba57b4e0000, 0x00002ba6bb4e0000, 0x00002ba6bb4e0000)
  object space 5242880K, 33% used [0x00002ba57b4e0000,0x00002ba5e64559c0,0x00002ba6bb4e0000)
 PSPermGen       total 524288K, used 219470K [0x00002ba55b4e0000, 0x00002ba57b4e0000, 0x00002ba57b4e0000)
  object space 524288K, 41% used [0x00002ba55b4e0000,0x00002ba568b33960,0x00002ba57b4e0000)
25244.363: [Full GC [PSYoungGen: 12578K->0K(1014272K)] [PSOldGen: 1752534K->1216377K(5242880K)] 1765112K->1216377K(6257152K) [PSPermGen: 219470K->182921K(524288K)], 6.5146320 secs]
Heap after gc invocations=122:
 PSYoungGen      total 1014272K, used 0K [0x00002ba6bb4e0000, 0x00002ba6fb4e0000, 0x00002ba6fb4e0000)
  eden space 979520K, 0% used [0x00002ba6bb4e0000,0x00002ba6bb4e0000,0x00002ba6f7170000)
  from space 34752K, 0% used [0x00002ba6f92f0000,0x00002ba6f92f0000,0x00002ba6fb4e0000)
  to   space 34304K, 0% used [0x00002ba6f7170000,0x00002ba6f7170000,0x00002ba6f92f0000)
 PSOldGen        total 5242880K, used 1216377K [0x00002ba57b4e0000, 0x00002ba6bb4e0000, 0x00002ba6bb4e0000)
  object space 5242880K, 23% used [0x00002ba57b4e0000,0x00002ba5c58be450,0x00002ba6bb4e0000)
 PSPermGen       total 524288K, used 182921K [0x00002ba55b4e0000, 0x00002ba57b4e0000, 0x00002ba57b4e0000)
  object space 524288K, 34% used [0x00002ba55b4e0000,0x00002ba5667825f8,0x00002ba57b4e0000)
}
Total time for which application threads were stopped: 6.6000360 seconds
Application time: 6.2723710 seconds
{Heap before gc invocations=123:
 PSYoungGen      total 1014272K, used 979520K [0x00002ba6bb4e0000, 0x00002ba6fb4e0000, 0x00002ba6fb4e0000)
  eden space 979520K, 100% used [0x00002ba6bb4e0000,0x00002ba6f7170000,0x00002ba6f7170000)
  from space 34752K, 0% used [0x00002ba6f92f0000,0x00002ba6f92f0000,0x00002ba6fb4e0000)
  to   space 34304K, 0% used [0x00002ba6f7170000,0x00002ba6f7170000,0x00002ba6f92f0000)
 PSOldGen        total 5242880K, used 1216377K [0x00002ba57b4e0000, 0x00002ba6bb4e0000, 0x00002ba6bb4e0000)
  object space 5242880K, 23% used [0x00002ba57b4e0000,0x00002ba5c58be450,0x00002ba6bb4e0000)
 PSPermGen       total 524288K, used 183884K [0x00002ba55b4e0000, 0x00002ba57b4e0000, 0x00002ba57b4e0000)
  object space 524288K, 35% used [0x00002ba55b4e0000,0x00002ba566873188,0x00002ba57b4e0000)
25284.418: [GC [PSYoungGen: 979520K->13707K(1013824K)] 2195897K->1230084K(6256704K), 0.0257030 secs]
Heap after gc invocations=123:
 PSYoungGen      total 1013824K, used 13707K [0x00002ba6bb4e0000, 0x00002ba6fb4e0000, 0x00002ba6fb4e0000)
  eden space 979520K, 0% used [0x00002ba6bb4e0000,0x00002ba6bb4e0000,0x00002ba6f7170000)
  from space 34304K, 39% used [0x00002ba6f7170000,0x00002ba6f7ed2d08,0x00002ba6f92f0000)
  to   space 33472K, 0% used [0x00002ba6f9430000,0x00002ba6f9430000,0x00002ba6fb4e0000)
 PSOldGen        total 5242880K, used 1216377K [0x00002ba57b4e0000, 0x00002ba6bb4e0000, 0x00002ba6bb4e0000)
  object space 5242880K, 23% used [0x00002ba57b4e0000,0x00002ba5c58be450,0x00002ba6bb4e0000)
 PSPermGen       total 524288K, used 183884K [0x00002ba55b4e0000, 0x00002ba57b4e0000, 0x00002ba57b4e0000)
  object space 524288K, 35% used [0x00002ba55b4e0000,0x00002ba566873188,0x00002ba57b4e0000)
}
Total time for which application threads were stopped: 0.0536790 seconds
Application time: 24.1026030 seconds
{Heap before gc invocations=124:
 PSYoungGen      total 1013824K, used 993227K [0x00002ba6bb4e0000, 0x00002ba6fb4e0000, 0x00002ba6fb4e0000)
  eden space 979520K, 100% used [0x00002ba6bb4e0000,0x00002ba6f7170000,0x00002ba6f7170000)
  from space 34304K, 39% used [0x00002ba6f7170000,0x00002ba6f7ed2d08,0x00002ba6f92f0000)
  to   space 33472K, 0% used [0x00002ba6f9430000,0x00002ba6f9430000,0x00002ba6fb4e0000)
 PSOldGen        total 5242880K, used 1216377K [0x00002ba57b4e0000, 0x00002ba6bb4e0000, 0x00002ba6bb4e0000)
  object space 5242880K, 23% used [0x00002ba57b4e0000,0x00002ba5c58be450,0x00002ba6bb4e0000)
 PSPermGen       total 524288K, used 184633K [0x00002ba55b4e0000, 0x00002ba57b4e0000, 0x00002ba57b4e0000)
  object space 524288K, 35% used [0x00002ba55b4e0000,0x00002ba56692e5f0,0x00002ba57b4e0000)
25322.710: [GC [PSYoungGen: 993227K->17081K(1016512K)] 2209604K->1242469K(6259392K), 0.0435660 secs]
Heap after gc invocations=124:
 PSYoungGen      total 1016512K, used 17081K [0x00002ba6bb4e0000, 0x00002ba6fb4e0000, 0x00002ba6fb4e0000)
  eden space 983040K, 0% used [0x00002ba6bb4e0000,0x00002ba6bb4e0000,0x00002ba6f74e0000)
  from space 33472K, 51% used [0x00002ba6f9430000,0x00002ba6fa4de560,0x00002ba6fb4e0000)
  to   space 32064K, 0% used [0x00002ba6f74e0000,0x00002ba6f74e0000,0x00002ba6f9430000)
 PSOldGen        total 5242880K, used 1225388K [0x00002ba57b4e0000, 0x00002ba6bb4e0000, 0x00002ba6bb4e0000)
  object space 5242880K, 23% used [0x00002ba57b4e0000,0x00002ba5c618b278,0x00002ba6bb4e0000)
 PSPermGen       total 524288K, used 184633K [0x00002ba55b4e0000, 0x00002ba57b4e0000, 0x00002ba57b4e0000)
  object space 524288K, 35% used [0x00002ba55b4e0000,0x00002ba56692e5f0,0x00002ba57b4e0000)
}
Total time for which application threads were stopped: 0.1215840 seconds
Application time: 56.8896120 seconds
{Heap before gc invocations=125:
 PSYoungGen      total 1016512K, used 1000121K [0x00002ba6bb4e0000, 0x00002ba6fb4e0000, 0x00002ba6fb4e0000)
  eden space 983040K, 100% used [0x00002ba6bb4e0000,0x00002ba6f74e0000,0x00002ba6f74e0000)
  from space 33472K, 51% used [0x00002ba6f9430000,0x00002ba6fa4de560,0x00002ba6fb4e0000)
  to   space 32064K, 0% used [0x00002ba6f74e0000,0x00002ba6f74e0000,0x00002ba6f9430000)
 PSOldGen        total 5242880K, used 1225388K [0x00002ba57b4e0000, 0x00002ba6bb4e0000, 0x00002ba6bb4e0000)
  object space 5242880K, 23% used [0x00002ba57b4e0000,0x00002ba5c618b278,0x00002ba6bb4e0000)
 PSPermGen       total 524288K, used 185377K [0x00002ba55b4e0000, 0x00002ba57b4e0000, 0x00002ba57b4e0000)
  object space 524288K, 35% used [0x00002ba55b4e0000,0x00002ba5669e8620,0x00002ba57b4e0000)
25379.750: [GC [PSYoungGen: 1000121K->21445K(1015104K)] 2225509K->1254647K(6257984K), 0.0671210 secs]
Heap after gc invocations=125:
 PSYoungGen      total 1015104K, used 21445K [0x00002ba6bb4e0000, 0x00002ba6fb4e0000, 0x00002ba6fb4e0000)
  eden space 983040K, 0% used [0x00002ba6bb4e0000,0x00002ba6bb4e0000,0x00002ba6f74e0000)
  from space 32064K, 66% used [0x00002ba6f74e0000,0x00002ba6f89d17c0,0x00002ba6f9430000)
  to   space 32000K, 0% used [0x00002ba6f95a0000,0x00002ba6f95a0000,0x00002ba6fb4e0000)
 PSOldGen        total 5242880K, used 1233201K [0x00002ba57b4e0000, 0x00002ba6bb4e0000, 0x00002ba6bb4e0000)
  object space 5242880K, 23% used [0x00002ba57b4e0000,0x00002ba5c692c740,0x00002ba6bb4e0000)
 PSPermGen       total 524288K, used 185377K [0x00002ba55b4e0000, 0x00002ba57b4e0000, 0x00002ba57b4e0000)
  object space 524288K, 35% used [0x00002ba55b4e0000,0x00002ba5669e8620,0x00002ba57b4e0000)
}
Total time for which application threads were stopped: 0.1737010 seconds
Application time: 51.1439600 seconds
{Heap before gc invocations=126:
 PSYoungGen      total 1015104K, used 1004485K [0x00002ba6bb4e0000, 0x00002ba6fb4e0000, 0x00002ba6fb4e0000)
  eden space 983040K, 100% used [0x00002ba6bb4e0000,0x00002ba6f74e0000,0x00002ba6f74e0000)
  from space 32064K, 66% used [0x00002ba6f74e0000,0x00002ba6f89d17c0,0x00002ba6f9430000)
  to   space 32000K, 0% used [0x00002ba6f95a0000,0x00002ba6f95a0000,0x00002ba6fb4e0000)
 PSOldGen        total 5242880K, used 1233201K [0x00002ba57b4e0000, 0x00002ba6bb4e0000, 0x00002ba6bb4e0000)
  object space 5242880K, 23% used [0x00002ba57b4e0000,0x00002ba5c692c740,0x00002ba6bb4e0000)
 PSPermGen       total 524288K, used 186396K [0x00002ba55b4e0000, 0x00002ba57b4e0000, 0x00002ba57b4e0000)
  object space 524288K, 35% used [0x00002ba55b4e0000,0x00002ba566ae7388,0x00002ba57b4e0000)
25453.095: [GC [PSYoungGen: 1004485K->14347K(1017280K)] 2237687K->1258331K(6260160K), 0.0297840 secs]
Heap after gc invocations=126:
 PSYoungGen      total 1017280K, used 14347K [0x00002ba6bb4e0000, 0x00002ba6fb4e0000, 0x00002ba6fb4e0000)
  eden space 985280K, 0% used [0x00002ba6bb4e0000,0x00002ba6bb4e0000,0x00002ba6f7710000)
  from space 32000K, 44% used [0x00002ba6f95a0000,0x00002ba6fa3a2d90,0x00002ba6fb4e0000)
  to   space 31296K, 0% used [0x00002ba6f7710000,0x00002ba6f7710000,0x00002ba6f95a0000)
 PSOldGen        total 5242880K, used 1243984K [0x00002ba57b4e0000, 0x00002ba6bb4e0000, 0x00002ba6bb4e0000)
  object space 5242880K, 23% used [0x00002ba57b4e0000,0x00002ba5c73b4260,0x00002ba6bb4e0000)
 PSPermGen       total 524288K, used 186396K [0x00002ba55b4e0000, 0x00002ba57b4e0000, 0x00002ba57b4e0000)
  object space 524288K, 35% used [0x00002ba55b4e0000,0x00002ba566ae7388,0x00002ba57b4e0000)
}
Total time for which application threads were stopped: 0.0882090 seconds
Application time: 34.8791150 seconds
{Heap before gc invocations=127:
 PSYoungGen      total 1017280K, used 999627K [0x00002ba6bb4e0000, 0x00002ba6fb4e0000, 0x00002ba6fb4e0000)
  eden space 985280K, 100% used [0x00002ba6bb4e0000,0x00002ba6f7710000,0x00002ba6f7710000)
  from space 32000K, 44% used [0x00002ba6f95a0000,0x00002ba6fa3a2d90,0x00002ba6fb4e0000)
  to   space 31296K, 0% used [0x00002ba6f7710000,0x00002ba6f7710000,0x00002ba6f95a0000)
 PSOldGen        total 5242880K, used 1243984K [0x00002ba57b4e0000, 0x00002ba6bb4e0000, 0x00002ba6bb4e0000)
  object space 5242880K, 23% used [0x00002ba57b4e0000,0x00002ba5c73b4260,0x00002ba6bb4e0000)
 PSPermGen       total 524288K, used 187134K [0x00002ba55b4e0000, 0x00002ba57b4e0000, 0x00002ba57b4e0000)
  object space 524288K, 35% used [0x00002ba55b4e0000,0x00002ba566b9f9a8,0x00002ba57b4e0000)
25521.254: [GC [PSYoungGen: 999627K->16964K(1016576K)] 2243611K->1270045K(6259456K), 0.0294440 secs]
Heap after gc invocations=127:
 PSYoungGen      total 1016576K, used 16964K [0x00002ba6bb4e0000, 0x00002ba6fb4e0000, 0x00002ba6fb4e0000)
  eden space 985280K, 0% used [0x00002ba6bb4e0000,0x00002ba6bb4e0000,0x00002ba6f7710000)
  from space 31296K, 54% used [0x00002ba6f7710000,0x00002ba6f87a1118,0x00002ba6f95a0000)
  to   space 30080K, 0% used [0x00002ba6f9780000,0x00002ba6f9780000,0x00002ba6fb4e0000)
 PSOldGen        total 5242880K, used 1253080K [0x00002ba57b4e0000, 0x00002ba6bb4e0000, 0x00002ba6bb4e0000)
  object space 5242880K, 23% used [0x00002ba57b4e0000,0x00002ba5c7c963c0,0x00002ba6bb4e0000)
 PSPermGen       total 524288K, used 187134K [0x00002ba55b4e0000, 0x00002ba57b4e0000, 0x00002ba57b4e0000)
  object space 524288K, 35% used [0x00002ba55b4e0000,0x00002ba566b9f9a8,0x00002ba57b4e0000)
}
Total time for which application threads were stopped: 0.1358060 seconds
Application time: 37.8032410 seconds
{Heap before gc invocations=128:
 PSYoungGen      total 1016576K, used 1002244K [0x00002ba6bb4e0000, 0x00002ba6fb4e0000, 0x00002ba6fb4e0000)
  eden space 985280K, 100% used [0x00002ba6bb4e0000,0x00002ba6f7710000,0x00002ba6f7710000)
  from space 31296K, 54% used [0x00002ba6f7710000,0x00002ba6f87a1118,0x00002ba6f95a0000)
  to   space 30080K, 0% used [0x00002ba6f9780000,0x00002ba6f9780000,0x00002ba6fb4e0000)
 PSOldGen        total 5242880K, used 1253080K [0x00002ba57b4e0000, 0x00002ba6bb4e0000, 0x00002ba6bb4e0000)
  object space 5242880K, 23% used [0x00002ba57b4e0000,0x00002ba5c7c963c0,0x00002ba6bb4e0000)
 PSPermGen       total 524288K, used 188068K [0x00002ba55b4e0000, 0x00002ba57b4e0000, 0x00002ba57b4e0000)
  object space 524288K, 35% used [0x00002ba55b4e0000,0x00002ba566c890d0,0x00002ba57b4e0000)
25559.115: [GC [PSYoungGen: 1002244K->14863K(1019264K)] 2255325K->1278478K(6262144K), 0.0297260 secs]
Heap after gc invocations=128:
 PSYoungGen      total 1019264K, used 14863K [0x00002ba6bb4e0000, 0x00002ba6fb4e0000, 0x00002ba6fb4e0000)
  eden space 989184K, 0% used [0x00002ba6bb4e0000,0x00002ba6bb4e0000,0x00002ba6f7ae0000)
  from space 30080K, 49% used [0x00002ba6f9780000,0x00002ba6fa603e60,0x00002ba6fb4e0000)
  to   space 29312K, 0% used [0x00002ba6f7ae0000,0x00002ba6f7ae0000,0x00002ba6f9780000)
 PSOldGen        total 5242880K, used 1263615K [0x00002ba57b4e0000, 0x00002ba6bb4e0000, 0x00002ba6bb4e0000)
  object space 5242880K, 24% used [0x00002ba57b4e0000,0x00002ba5c86dfc58,0x00002ba6bb4e0000)
 PSPermGen       total 524288K, used 188068K [0x00002ba55b4e0000, 0x00002ba57b4e0000, 0x00002ba57b4e0000)
  object space 524288K, 35% used [0x00002ba55b4e0000,0x00002ba566c890d0,0x00002ba57b4e0000)
}
Total time for which application threads were stopped: 0.0578960 seconds
Application time: 31.7190600 seconds
{Heap before gc invocations=129:
 PSYoungGen      total 1019264K, used 1004047K [0x00002ba6bb4e0000, 0x00002ba6fb4e0000, 0x00002ba6fb4e0000)
  eden space 989184K, 100% used [0x00002ba6bb4e0000,0x00002ba6f7ae0000,0x00002ba6f7ae0000)
  from space 30080K, 49% used [0x00002ba6f9780000,0x00002ba6fa603e60,0x00002ba6fb4e0000)
  to   space 29312K, 0% used [0x00002ba6f7ae0000,0x00002ba6f7ae0000,0x00002ba6f9780000)
 PSOldGen        total 5242880K, used 1263615K [0x00002ba57b4e0000, 0x00002ba6bb4e0000, 0x00002ba6bb4e0000)
  object space 5242880K, 24% used [0x00002ba57b4e0000,0x00002ba5c86dfc58,0x00002ba6bb4e0000)
 PSPermGen       total 524288K, used 188911K [0x00002ba55b4e0000, 0x00002ba57b4e0000, 0x00002ba57b4e0000)
  object space 524288K, 36% used [0x00002ba55b4e0000,0x00002ba566d5bd08,0x00002ba57b4e0000)
25633.087: [GC [PSYoungGen: 1004047K->22214K(1018496K)] 2267662K->1293432K(6261376K), 0.0574170 secs]
Heap after gc invocations=129:
 PSYoungGen      total 1018496K, used 22214K [0x00002ba6bb4e0000, 0x00002ba6fb4e0000, 0x00002ba6fb4e0000)
  eden space 989184K, 0% used [0x00002ba6bb4e0000,0x00002ba6bb4e0000,0x00002ba6f7ae0000)
  from space 29312K, 75% used [0x00002ba6f7ae0000,0x00002ba6f90919e8,0x00002ba6f9780000)
  to   space 29888K, 0% used [0x00002ba6f97b0000,0x00002ba6f97b0000,0x00002ba6fb4e0000)
 PSOldGen        total 5242880K, used 1271218K [0x00002ba57b4e0000, 0x00002ba6bb4e0000, 0x00002ba6bb4e0000)
  object space 5242880K, 24% used [0x00002ba57b4e0000,0x00002ba5c8e4c880,0x00002ba6bb4e0000)
 PSPermGen       total 524288K, used 188911K [0x00002ba55b4e0000, 0x00002ba57b4e0000, 0x00002ba57b4e0000)
  object space 524288K, 36% used [0x00002ba55b4e0000,0x00002ba566d5bd08,0x00002ba57b4e0000)
}
Total time for which application threads were stopped: 0.1358340 seconds
Application time: 9.2256930 seconds
{Heap before gc invocations=130:
 PSYoungGen      total 1018496K, used 1011398K [0x00002ba6bb4e0000, 0x00002ba6fb4e0000, 0x00002ba6fb4e0000)
  eden space 989184K, 100% used [0x00002ba6bb4e0000,0x00002ba6f7ae0000,0x00002ba6f7ae0000)
  from space 29312K, 75% used [0x00002ba6f7ae0000,0x00002ba6f90919e8,0x00002ba6f9780000)
  to   space 29888K, 0% used [0x00002ba6f97b0000,0x00002ba6f97b0000,0x00002ba6fb4e0000)
 PSOldGen        total 5242880K, used 1271218K [0x00002ba57b4e0000, 0x00002ba6bb4e0000, 0x00002ba6bb4e0000)
  object space 5242880K, 24% used [0x00002ba57b4e0000,0x00002ba5c8e4c880,0x00002ba6bb4e0000)
 PSPermGen       total 524288K, used 188939K [0x00002ba55b4e0000, 0x00002ba57b4e0000, 0x00002ba57b4e0000)
  object space 524288K, 36% used [0x00002ba55b4e0000,0x00002ba566d62e00,0x00002ba57b4e0000)
25664.549: [GC [PSYoungGen: 1011398K->23230K(1017152K)] 2282616K->1304356K(6260032K), 0.0266710 secs]
Heap after gc invocations=130:
 PSYoungGen      total 1017152K, used 23230K [0x00002ba6bb4e0000, 0x00002ba6fb4e0000, 0x00002ba6fb4e0000)
  eden space 987264K, 0% used [0x00002ba6bb4e0000,0x00002ba6bb4e0000,0x00002ba6f7900000)
  from space 29888K, 77% used [0x00002ba6f97b0000,0x00002ba6fae5fa90,0x00002ba6fb4e0000)
  to   space 30656K, 0% used [0x00002ba6f7900000,0x00002ba6f7900000,0x00002ba6f96f0000)
 PSOldGen        total 5242880K, used 1281125K [0x00002ba57b4e0000, 0x00002ba6bb4e0000, 0x00002ba6bb4e0000)
  object space 5242880K, 24% used [0x00002ba57b4e0000,0x00002ba5c97f9658,0x00002ba6bb4e0000)
 PSPermGen       total 524288K, used 188939K [0x00002ba55b4e0000, 0x00002ba57b4e0000, 0x00002ba57b4e0000)
  object space 524288K, 36% used [0x00002ba55b4e0000,0x00002ba566d62e00,0x00002ba57b4e0000)
}
Total time for which application threads were stopped: 0.0546990 seconds
Application time: 2.2761760 seconds
Total time for which application threads were stopped: 0.0625060 seconds
Application time: 38.1606980 seconds
{Heap before gc invocations=131:
 PSYoungGen      total 1017152K, used 1010494K [0x00002ba6bb4e0000, 0x00002ba6fb4e0000, 0x00002ba6fb4e0000)
  eden space 987264K, 100% used [0x00002ba6bb4e0000,0x00002ba6f7900000,0x00002ba6f7900000)
  from space 29888K, 77% used [0x00002ba6f97b0000,0x00002ba6fae5fa90,0x00002ba6fb4e0000)
  to   space 30656K, 0% used [0x00002ba6f7900000,0x00002ba6f7900000,0x00002ba6f96f0000)
 PSOldGen        total 5242880K, used 1281125K [0x00002ba57b4e0000, 0x00002ba6bb4e0000, 0x00002ba6bb4e0000)
  object space 5242880K, 24% used [0x00002ba57b4e0000,0x00002ba5c97f9658,0x00002ba6bb4e0000)
 PSPermGen       total 524288K, used 189829K [0x00002ba55b4e0000, 0x00002ba57b4e0000, 0x00002ba57b4e0000)
  object space 524288K, 36% used [0x00002ba55b4e0000,0x00002ba566e416f8,0x00002ba57b4e0000)
25705.153: [GC [PSYoungGen: 1010494K->10723K(998016K)] 2291620K->1308997K(6240896K), 0.0273230 secs]
Heap after gc invocations=131:
 PSYoungGen      total 998016K, used 10723K [0x00002ba6bb4e0000, 0x00002ba6fb4e0000, 0x00002ba6fb4e0000)
  eden space 987264K, 0% used [0x00002ba6bb4e0000,0x00002ba6bb4e0000,0x00002ba6f7900000)
  from space 10752K, 99% used [0x00002ba6f7900000,0x00002ba6f8378f58,0x00002ba6f8380000)
  to   space 30784K, 0% used [0x00002ba6f96d0000,0x00002ba6f96d0000,0x00002ba6fb4e0000)
 PSOldGen        total 5242880K, used 1298273K [0x00002ba57b4e0000, 0x00002ba6bb4e0000, 0x00002ba6bb4e0000)
  object space 5242880K, 24% used [0x00002ba57b4e0000,0x00002ba5ca8b8590,0x00002ba6bb4e0000)
 PSPermGen       total 524288K, used 189829K [0x00002ba55b4e0000, 0x00002ba57b4e0000, 0x00002ba57b4e0000)
  object space 524288K, 36% used [0x00002ba55b4e0000,0x00002ba566e416f8,0x00002ba57b4e0000)
}
Total time for which application threads were stopped: 0.1050940 seconds
Application time: 11.5211440 seconds
{Heap before gc invocations=132:
 PSYoungGen      total 998016K, used 997987K [0x00002ba6bb4e0000, 0x00002ba6fb4e0000, 0x00002ba6fb4e0000)
  eden space 987264K, 100% used [0x00002ba6bb4e0000,0x00002ba6f7900000,0x00002ba6f7900000)
  from space 10752K, 99% used [0x00002ba6f7900000,0x00002ba6f8378f58,0x00002ba6f8380000)
  to   space 30784K, 0% used [0x00002ba6f96d0000,0x00002ba6f96d0000,0x00002ba6fb4e0000)
 PSOldGen        total 5242880K, used 1298273K [0x00002ba57b4e0000, 0x00002ba6bb4e0000, 0x00002ba6bb4e0000)
  object space 5242880K, 24% used [0x00002ba57b4e0000,0x00002ba5ca8b8590,0x00002ba6bb4e0000)
 PSPermGen       total 524288K, used 190411K [0x00002ba55b4e0000, 0x00002ba57b4e0000, 0x00002ba57b4e0000)
  object space 524288K, 36% used [0x00002ba55b4e0000,0x00002ba566ed2dd0,0x00002ba57b4e0000)
25747.957: [GC [PSYoungGen: 997987K->16384K(1018880K)] 2296261K->1320929K(6261760K), 0.0250620 secs]
Heap after gc invocations=132:
 PSYoungGen      total 1018880K, used 16384K [0x00002ba6bb4e0000, 0x00002ba6fb4e0000, 0x00002ba6fb4e0000)
  eden space 988096K, 0% used [0x00002ba6bb4e0000,0x00002ba6bb4e0000,0x00002ba6f79d0000)
  from space 30784K, 53% used [0x00002ba6f96d0000,0x00002ba6fa6d0248,0x00002ba6fb4e0000)
  to   space 29696K, 0% used [0x00002ba6f79d0000,0x00002ba6f79d0000,0x00002ba6f96d0000)
 PSOldGen        total 5242880K, used 1304544K [0x00002ba57b4e0000, 0x00002ba6bb4e0000, 0x00002ba6bb4e0000)
  object space 5242880K, 24% used [0x00002ba57b4e0000,0x00002ba5caed8350,0x00002ba6bb4e0000)
 PSPermGen       total 524288K, used 190411K [0x00002ba55b4e0000, 0x00002ba57b4e0000, 0x00002ba57b4e0000)
  object space 524288K, 36% used [0x00002ba55b4e0000,0x00002ba566ed2dd0,0x00002ba57b4e0000)
}
Total time for which application threads were stopped: 0.0834500 seconds
Application time: 48.1408120 seconds
{Heap before gc invocations=133:
 PSYoungGen      total 1018880K, used 1004480K [0x00002ba6bb4e0000, 0x00002ba6fb4e0000, 0x00002ba6fb4e0000)
  eden space 988096K, 100% used [0x00002ba6bb4e0000,0x00002ba6f79d0000,0x00002ba6f79d0000)
  from space 30784K, 53% used [0x00002ba6f96d0000,0x00002ba6fa6d0248,0x00002ba6fb4e0000)
  to   space 29696K, 0% used [0x00002ba6f79d0000,0x00002ba6f79d0000,0x00002ba6f96d0000)
 PSOldGen        total 5242880K, used 1304544K [0x00002ba57b4e0000, 0x00002ba6bb4e0000, 0x00002ba6bb4e0000)
  object space 5242880K, 24% used [0x00002ba57b4e0000,0x00002ba5caed8350,0x00002ba6bb4e0000)
 PSPermGen       total 524288K, used 190696K [0x00002ba55b4e0000, 0x00002ba57b4e0000, 0x00002ba57b4e0000)
  object space 524288K, 36% used [0x00002ba55b4e0000,0x00002ba566f1a290,0x00002ba57b4e0000)
25796.201: [GC [PSYoungGen: 1004480K->18232K(1017792K)] 2309025K->1331951K(6260672K), 0.0293180 secs]
Heap after gc invocations=133:
 PSYoungGen      total 1017792K, used 18232K [0x00002ba6bb4e0000, 0x00002ba6fb4e0000, 0x00002ba6fb4e0000)
  eden space 988096K, 0% used [0x00002ba6bb4e0000,0x00002ba6bb4e0000,0x00002ba6f79d0000)
  from space 29696K, 61% used [0x00002ba6f79d0000,0x00002ba6f8b9e080,0x00002ba6f96d0000)
  to   space 28736K, 0% used [0x00002ba6f98d0000,0x00002ba6f98d0000,0x00002ba6fb4e0000)
 PSOldGen        total 5242880K, used 1313719K [0x00002ba57b4e0000, 0x00002ba6bb4e0000, 0x00002ba6bb4e0000)
  object space 5242880K, 25% used [0x00002ba57b4e0000,0x00002ba5cb7cdc58,0x00002ba6bb4e0000)
 PSPermGen       total 524288K, used 190696K [0x00002ba55b4e0000, 0x00002ba57b4e0000, 0x00002ba57b4e0000)
  object space 524288K, 36% used [0x00002ba55b4e0000,0x00002ba566f1a290,0x00002ba57b4e0000)
}
Total time for which application threads were stopped: 0.1071480 seconds
Application time: 2.5874360 seconds
{Heap before gc invocations=134:
 PSYoungGen      total 1017792K, used 1006328K [0x00002ba6bb4e0000, 0x00002ba6fb4e0000, 0x00002ba6fb4e0000)
  eden space 988096K, 100% used [0x00002ba6bb4e0000,0x00002ba6f79d0000,0x00002ba6f79d0000)
  from space 29696K, 61% used [0x00002ba6f79d0000,0x00002ba6f8b9e080,0x00002ba6f96d0000)
  to   space 28736K, 0% used [0x00002ba6f98d0000,0x00002ba6f98d0000,0x00002ba6fb4e0000)
 PSOldGen        total 5242880K, used 1313719K [0x00002ba57b4e0000, 0x00002ba6bb4e0000, 0x00002ba6bb4e0000)
  object space 5242880K, 25% used [0x00002ba57b4e0000,0x00002ba5cb7cdc58,0x00002ba6bb4e0000)
 PSPermGen       total 524288K, used 191076K [0x00002ba55b4e0000, 0x00002ba57b4e0000, 0x00002ba57b4e0000)
  object space 524288K, 36% used [0x00002ba55b4e0000,0x00002ba566f793a8,0x00002ba57b4e0000)
25859.073: [GC [PSYoungGen: 1006328K->18346K(1020672K)] 2320047K->1343040K(6263552K), 0.0367380 secs]
Heap after gc invocations=134:
 PSYoungGen      total 1020672K, used 18346K [0x00002ba6bb4e0000, 0x00002ba6fb4e0000, 0x00002ba6fb4e0000)
  eden space 991936K, 0% used [0x00002ba6bb4e0000,0x00002ba6bb4e0000,0x00002ba6f7d90000)
  from space 28736K, 63% used [0x00002ba6f98d0000,0x00002ba6faaba9c0,0x00002ba6fb4e0000)
  to   space 27904K, 0% used [0x00002ba6f7d90000,0x00002ba6f7d90000,0x00002ba6f98d0000)
 PSOldGen        total 5242880K, used 1324694K [0x00002ba57b4e0000, 0x00002ba6bb4e0000, 0x00002ba6bb4e0000)
  object space 5242880K, 25% used [0x00002ba57b4e0000,0x00002ba5cc2858e8,0x00002ba6bb4e0000)
 PSPermGen       total 524288K, used 191076K [0x00002ba55b4e0000, 0x00002ba57b4e0000, 0x00002ba57b4e0000)
  object space 524288K, 36% used [0x00002ba55b4e0000,0x00002ba566f793a8,0x00002ba57b4e0000)
}
Total time for which application threads were stopped: 0.0646930 seconds
Application time: 47.1027980 seconds
{Heap before gc invocations=135:
 PSYoungGen      total 1020672K, used 1010282K [0x00002ba6bb4e0000, 0x00002ba6fb4e0000, 0x00002ba6fb4e0000)
  eden space 991936K, 100% used [0x00002ba6bb4e0000,0x00002ba6f7d90000,0x00002ba6f7d90000)
  from space 28736K, 63% used [0x00002ba6f98d0000,0x00002ba6faaba9c0,0x00002ba6fb4e0000)
  to   space 27904K, 0% used [0x00002ba6f7d90000,0x00002ba6f7d90000,0x00002ba6f98d0000)
 PSOldGen        total 5242880K, used 1324694K [0x00002ba57b4e0000, 0x00002ba6bb4e0000, 0x00002ba6bb4e0000)
  object space 5242880K, 25% used [0x00002ba57b4e0000,0x00002ba5cc2858e8,0x00002ba6bb4e0000)
 PSPermGen       total 524288K, used 191813K [0x00002ba55b4e0000, 0x00002ba57b4e0000, 0x00002ba57b4e0000)
  object space 524288K, 36% used [0x00002ba55b4e0000,0x00002ba567031768,0x00002ba57b4e0000)
25922.383: [GC [PSYoungGen: 1010282K->20145K(1019840K)] 2334976K->1356225K(6262720K), 0.0491110 secs]
Heap after gc invocations=135:
 PSYoungGen      total 1019840K, used 20145K [0x00002ba6bb4e0000, 0x00002ba6fb4e0000, 0x00002ba6fb4e0000)
  eden space 991936K, 0% used [0x00002ba6bb4e0000,0x00002ba6bb4e0000,0x00002ba6f7d90000)
  from space 27904K, 72% used [0x00002ba6f7d90000,0x00002ba6f913c580,0x00002ba6f98d0000)
  to   space 27776K, 0% used [0x00002ba6f99c0000,0x00002ba6f99c0000,0x00002ba6fb4e0000)
 PSOldGen        total 5242880K, used 1336080K [0x00002ba57b4e0000, 0x00002ba6bb4e0000, 0x00002ba6bb4e0000)
  object space 5242880K, 25% used [0x00002ba57b4e0000,0x00002ba5ccda41b8,0x00002ba6bb4e0000)
 PSPermGen       total 524288K, used 191813K [0x00002ba55b4e0000, 0x00002ba57b4e0000, 0x00002ba57b4e0000)
  object space 524288K, 36% used [0x00002ba55b4e0000,0x00002ba567031768,0x00002ba57b4e0000)
}
Total time for which application threads were stopped: 0.1273830 seconds
Application time: 18.3011730 seconds
{Heap before gc invocations=136:
 PSYoungGen      total 1019840K, used 1012081K [0x00002ba6bb4e0000, 0x00002ba6fb4e0000, 0x00002ba6fb4e0000)
  eden space 991936K, 100% used [0x00002ba6bb4e0000,0x00002ba6f7d90000,0x00002ba6f7d90000)
  from space 27904K, 72% used [0x00002ba6f7d90000,0x00002ba6f913c580,0x00002ba6f98d0000)
  to   space 27776K, 0% used [0x00002ba6f99c0000,0x00002ba6f99c0000,0x00002ba6fb4e0000)
 PSOldGen        total 5242880K, used 1336080K [0x00002ba57b4e0000, 0x00002ba6bb4e0000, 0x00002ba6bb4e0000)
  object space 5242880K, 25% used [0x00002ba57b4e0000,0x00002ba5ccda41b8,0x00002ba6bb4e0000)
 PSPermGen       total 524288K, used 192696K [0x00002ba55b4e0000, 0x00002ba57b4e0000, 0x00002ba57b4e0000)
  object space 524288K, 36% used [0x00002ba55b4e0000,0x00002ba56710e388,0x00002ba57b4e0000)
25983.007: [GC [PSYoungGen: 1012081K->11715K(1020672K)] 2348161K->1357625K(6263552K), 0.0257290 secs]
Heap after gc invocations=136:
 PSYoungGen      total 1020672K, used 11715K [0x00002ba6bb4e0000, 0x00002ba6fb4e0000, 0x00002ba6fb4e0000)
  eden space 992896K, 0% used [0x00002ba6bb4e0000,0x00002ba6bb4e0000,0x00002ba6f7e80000)
  from space 27776K, 42% used [0x00002ba6f99c0000,0x00002ba6fa530de8,0x00002ba6fb4e0000)
  to   space 27840K, 0% used [0x00002ba6f7e80000,0x00002ba6f7e80000,0x00002ba6f99b0000)
 PSOldGen        total 5242880K, used 1345910K [0x00002ba57b4e0000, 0x00002ba6bb4e0000, 0x00002ba6bb4e0000)
  object space 5242880K, 25% used [0x00002ba57b4e0000,0x00002ba5cd73d928,0x00002ba6bb4e0000)
 PSPermGen       total 524288K, used 192696K [0x00002ba55b4e0000, 0x00002ba57b4e0000, 0x00002ba57b4e0000)
  object space 524288K, 36% used [0x00002ba55b4e0000,0x00002ba56710e388,0x00002ba57b4e0000)
}
Total time for which application threads were stopped: 0.0835710 seconds
Application time: 22.5088800 seconds
{Heap before gc invocations=137:
 PSYoungGen      total 1020672K, used 1004611K [0x00002ba6bb4e0000, 0x00002ba6fb4e0000, 0x00002ba6fb4e0000)
  eden space 992896K, 100% used [0x00002ba6bb4e0000,0x00002ba6f7e80000,0x00002ba6f7e80000)
  from space 27776K, 42% used [0x00002ba6f99c0000,0x00002ba6fa530de8,0x00002ba6fb4e0000)
  to   space 27840K, 0% used [0x00002ba6f7e80000,0x00002ba6f7e80000,0x00002ba6f99b0000)
 PSOldGen        total 5242880K, used 1345910K [0x00002ba57b4e0000, 0x00002ba6bb4e0000, 0x00002ba6bb4e0000)
  object space 5242880K, 25% used [0x00002ba57b4e0000,0x00002ba5cd73d928,0x00002ba6bb4e0000)
 PSPermGen       total 524288K, used 192871K [0x00002ba55b4e0000, 0x00002ba57b4e0000, 0x00002ba57b4e0000)
  object space 524288K, 36% used [0x00002ba55b4e0000,0x00002ba567139d60,0x00002ba57b4e0000)
26005.620: [GC [PSYoungGen: 1004611K->10960K(1003904K)] 2350521K->1365129K(6246784K), 0.0296720 secs]
Heap after gc invocations=137:
 PSYoungGen      total 1003904K, used 10960K [0x00002ba6bb4e0000, 0x00002ba6fb4e0000, 0x00002ba6fb4e0000)
  eden space 992896K, 0% used [0x00002ba6bb4e0000,0x00002ba6bb4e0000,0x00002ba6f7e80000)
  from space 11008K, 99% used [0x00002ba6f7e80000,0x00002ba6f89342e0,0x00002ba6f8940000)
  to   space 27904K, 0% used [0x00002ba6f99a0000,0x00002ba6f99a0000,0x00002ba6fb4e0000)
 PSOldGen        total 5242880K, used 1354168K [0x00002ba57b4e0000, 0x00002ba6bb4e0000, 0x00002ba6bb4e0000)
  object space 5242880K, 25% used [0x00002ba57b4e0000,0x00002ba5cdf4e308,0x00002ba6bb4e0000)
 PSPermGen       total 524288K, used 192871K [0x00002ba55b4e0000, 0x00002ba57b4e0000, 0x00002ba57b4e0000)
  object space 524288K, 36% used [0x00002ba55b4e0000,0x00002ba567139d60,0x00002ba57b4e0000)
}
Total time for which application threads were stopped: 0.1075430 seconds
Application time: 14.9885450 seconds
{Heap before gc invocations=138:
 PSYoungGen      total 1003904K, used 1003856K [0x00002ba6bb4e0000, 0x00002ba6fb4e0000, 0x00002ba6fb4e0000)
  eden space 992896K, 100% used [0x00002ba6bb4e0000,0x00002ba6f7e80000,0x00002ba6f7e80000)
  from space 11008K, 99% used [0x00002ba6f7e80000,0x00002ba6f89342e0,0x00002ba6f8940000)
  to   space 27904K, 0% used [0x00002ba6f99a0000,0x00002ba6f99a0000,0x00002ba6fb4e0000)
 PSOldGen        total 5242880K, used 1354168K [0x00002ba57b4e0000, 0x00002ba6bb4e0000, 0x00002ba6bb4e0000)
  object space 5242880K, 25% used [0x00002ba57b4e0000,0x00002ba5cdf4e308,0x00002ba6bb4e0000)
 PSPermGen       total 524288K, used 193256K [0x00002ba55b4e0000, 0x00002ba57b4e0000, 0x00002ba57b4e0000)
  object space 524288K, 36% used [0x00002ba55b4e0000,0x00002ba56719a250,0x00002ba57b4e0000)
26054.898: [GC [PSYoungGen: 1003856K->15404K(1021568K)] 2358025K->1377741K(6264448K), 0.0458860 secs]
Heap after gc invocations=138:
 PSYoungGen      total 1021568K, used 15404K [0x00002ba6bb4e0000, 0x00002ba6fb4e0000, 0x00002ba6fb4e0000)
  eden space 993664K, 0% used [0x00002ba6bb4e0000,0x00002ba6bb4e0000,0x00002ba6f7f40000)
  from space 27904K, 55% used [0x00002ba6f99a0000,0x00002ba6fa8ab240,0x00002ba6fb4e0000)
  to   space 27008K, 0% used [0x00002ba6f7f40000,0x00002ba6f7f40000,0x00002ba6f99a0000)
 PSOldGen        total 5242880K, used 1362337K [0x00002ba57b4e0000, 0x00002ba6bb4e0000, 0x00002ba6bb4e0000)
  object space 5242880K, 25% used [0x00002ba57b4e0000,0x00002ba5ce748560,0x00002ba6bb4e0000)
 PSPermGen       total 524288K, used 193256K [0x00002ba55b4e0000, 0x00002ba57b4e0000, 0x00002ba57b4e0000)
  object space 524288K, 36% used [0x00002ba55b4e0000,0x00002ba56719a250,0x00002ba57b4e0000)
}
Total time for which application threads were stopped: 0.1036200 seconds
Application time: 35.3679900 seconds
{Heap before gc invocations=139:
 PSYoungGen      total 1021568K, used 1009068K [0x00002ba6bb4e0000, 0x00002ba6fb4e0000, 0x00002ba6fb4e0000)
  eden space 993664K, 100% used [0x00002ba6bb4e0000,0x00002ba6f7f40000,0x00002ba6f7f40000)
  from space 27904K, 55% used [0x00002ba6f99a0000,0x00002ba6fa8ab240,0x00002ba6fb4e0000)
  to   space 27008K, 0% used [0x00002ba6f7f40000,0x00002ba6f7f40000,0x00002ba6f99a0000)
 PSOldGen        total 5242880K, used 1362337K [0x00002ba57b4e0000, 0x00002ba6bb4e0000, 0x00002ba6bb4e0000)
  object space 5242880K, 25% used [0x00002ba57b4e0000,0x00002ba5ce748560,0x00002ba6bb4e0000)
 PSPermGen       total 524288K, used 194346K [0x00002ba55b4e0000, 0x00002ba57b4e0000, 0x00002ba57b4e0000)
  object space 524288K, 37% used [0x00002ba55b4e0000,0x00002ba5672aaad0,0x00002ba57b4e0000)
26107.614: [GC [PSYoungGen: 1009068K->21085K(1020672K)] 2371405K->1390129K(6263552K), 0.0497350 secs]
Heap after gc invocations=139:
 PSYoungGen      total 1020672K, used 21085K [0x00002ba6bb4e0000, 0x00002ba6fb4e0000, 0x00002ba6fb4e0000)
  eden space 993664K, 0% used [0x00002ba6bb4e0000,0x00002ba6bb4e0000,0x00002ba6f7f40000)
  from space 27008K, 78% used [0x00002ba6f7f40000,0x00002ba6f93d7680,0x00002ba6f99a0000)
  to   space 27648K, 0% used [0x00002ba6f99e0000,0x00002ba6f99e0000,0x00002ba6fb4e0000)
 PSOldGen        total 5242880K, used 1369043K [0x00002ba57b4e0000, 0x00002ba6bb4e0000, 0x00002ba6bb4e0000)
  object space 5242880K, 26% used [0x00002ba57b4e0000,0x00002ba5cedd4e80,0x00002ba6bb4e0000)
 PSPermGen       total 524288K, used 194346K [0x00002ba55b4e0000, 0x00002ba57b4e0000, 0x00002ba57b4e0000)
  object space 524288K, 37% used [0x00002ba55b4e0000,0x00002ba5672aaad0,0x00002ba57b4e0000)
}
Total time for which application threads were stopped: 0.1075790 seconds
Application time: 66.0692400 seconds
{Heap before gc invocations=140:
 PSYoungGen      total 1020672K, used 1014749K [0x00002ba6bb4e0000, 0x00002ba6fb4e0000, 0x00002ba6fb4e0000)
  eden space 993664K, 100% used [0x00002ba6bb4e0000,0x00002ba6f7f40000,0x00002ba6f7f40000)
  from space 27008K, 78% used [0x00002ba6f7f40000,0x00002ba6f93d7680,0x00002ba6f99a0000)
  to   space 27648K, 0% used [0x00002ba6f99e0000,0x00002ba6f99e0000,0x00002ba6fb4e0000)
 PSOldGen        total 5242880K, used 1369043K [0x00002ba57b4e0000, 0x00002ba6bb4e0000, 0x00002ba6bb4e0000)
  object space 5242880K, 26% used [0x00002ba57b4e0000,0x00002ba5cedd4e80,0x00002ba6bb4e0000)
 PSPermGen       total 524288K, used 194709K [0x00002ba55b4e0000, 0x00002ba57b4e0000, 0x00002ba57b4e0000)
  object space 524288K, 37% used [0x00002ba55b4e0000,0x00002ba567305530,0x00002ba57b4e0000)
26173.810: [GC [PSYoungGen: 1014749K->14909K(1021632K)] 2383793K->1395762K(6264512K), 0.0268610 secs]
Heap after gc invocations=140:
 PSYoungGen      total 1021632K, used 14909K [0x00002ba6bb4e0000, 0x00002ba6fb4e0000, 0x00002ba6fb4e0000)
  eden space 993984K, 0% used [0x00002ba6bb4e0000,0x00002ba6bb4e0000,0x00002ba6f7f90000)
  from space 27648K, 53% used [0x00002ba6f99e0000,0x00002ba6fa86f7d8,0x00002ba6fb4e0000)
  to   space 26944K, 0% used [0x00002ba6f7f90000,0x00002ba6f7f90000,0x00002ba6f99e0000)
 PSOldGen        total 5242880K, used 1380852K [0x00002ba57b4e0000, 0x00002ba6bb4e0000, 0x00002ba6bb4e0000)
  object space 5242880K, 26% used [0x00002ba57b4e0000,0x00002ba5cf95d200,0x00002ba6bb4e0000)
 PSPermGen       total 524288K, used 194709K [0x00002ba55b4e0000, 0x00002ba57b4e0000, 0x00002ba57b4e0000)
  object space 524288K, 37% used [0x00002ba55b4e0000,0x00002ba567305530,0x00002ba57b4e0000)
}
Total time for which application threads were stopped: 0.1046160 seconds
Application time: 67.2338980 seconds
{Heap before gc invocations=141:
 PSYoungGen      total 1021632K, used 1008893K [0x00002ba6bb4e0000, 0x00002ba6fb4e0000, 0x00002ba6fb4e0000)
  eden space 993984K, 100% used [0x00002ba6bb4e0000,0x00002ba6f7f90000,0x00002ba6f7f90000)
  from space 27648K, 53% used [0x00002ba6f99e0000,0x00002ba6fa86f7d8,0x00002ba6fb4e0000)
  to   space 26944K, 0% used [0x00002ba6f7f90000,0x00002ba6f7f90000,0x00002ba6f99e0000)
 PSOldGen        total 5242880K, used 1380852K [0x00002ba57b4e0000, 0x00002ba6bb4e0000, 0x00002ba6bb4e0000)
  object space 5242880K, 26% used [0x00002ba57b4e0000,0x00002ba5cf95d200,0x00002ba6bb4e0000)
 PSPermGen       total 524288K, used 195440K [0x00002ba55b4e0000, 0x00002ba57b4e0000, 0x00002ba57b4e0000)
  object space 524288K, 37% used [0x00002ba55b4e0000,0x00002ba5673bc190,0x00002ba57b4e0000)
26241.177: [GC [PSYoungGen: 1008893K->16721K(1020928K)] 2389746K->1405691K(6263808K), 0.0373540 secs]
Heap after gc invocations=141:
 PSYoungGen      total 1020928K, used 16721K [0x00002ba6bb4e0000, 0x00002ba6fb4e0000, 0x00002ba6fb4e0000)
  eden space 993984K, 0% used [0x00002ba6bb4e0000,0x00002ba6bb4e0000,0x00002ba6f7f90000)
  from space 26944K, 62% used [0x00002ba6f7f90000,0x00002ba6f8fe44d0,0x00002ba6f99e0000)
  to   space 25920K, 0% used [0x00002ba6f9b90000,0x00002ba6f9b90000,0x00002ba6fb4e0000)
 PSOldGen        total 5242880K, used 1388970K [0x00002ba57b4e0000, 0x00002ba6bb4e0000, 0x00002ba6bb4e0000)
  object space 5242880K, 26% used [0x00002ba57b4e0000,0x00002ba5d014a970,0x00002ba6bb4e0000)
 PSPermGen       total 524288K, used 195440K [0x00002ba55b4e0000, 0x00002ba57b4e0000, 0x00002ba57b4e0000)
  object space 524288K, 37% used [0x00002ba55b4e0000,0x00002ba5673bc190,0x00002ba57b4e0000)
}
Total time for which application threads were stopped: 0.1430840 seconds
Application time: 64.6762450 seconds
{Heap before gc invocations=142:
 PSYoungGen      total 1020928K, used 1010705K [0x00002ba6bb4e0000, 0x00002ba6fb4e0000, 0x00002ba6fb4e0000)
  eden space 993984K, 100% used [0x00002ba6bb4e0000,0x00002ba6f7f90000,0x00002ba6f7f90000)
  from space 26944K, 62% used [0x00002ba6f7f90000,0x00002ba6f8fe44d0,0x00002ba6f99e0000)
  to   space 25920K, 0% used [0x00002ba6f9b90000,0x00002ba6f9b90000,0x00002ba6fb4e0000)
 PSOldGen        total 5242880K, used 1388970K [0x00002ba57b4e0000, 0x00002ba6bb4e0000, 0x00002ba6bb4e0000)
  object space 5242880K, 26% used [0x00002ba57b4e0000,0x00002ba5d014a970,0x00002ba6bb4e0000)
 PSPermGen       total 524288K, used 195829K [0x00002ba55b4e0000, 0x00002ba57b4e0000, 0x00002ba57b4e0000)
  object space 524288K, 37% used [0x00002ba55b4e0000,0x00002ba56741d538,0x00002ba57b4e0000)
26305.919: [GC [PSYoungGen: 1010705K->25010K(1018432K)] 2399675K->1424100K(6261312K), 0.0824650 secs]
Heap after gc invocations=142:
 PSYoungGen      total 1018432K, used 25010K [0x00002ba6bb4e0000, 0x00002ba6fb4e0000, 0x00002ba6fb4e0000)
  eden space 992512K, 0% used [0x00002ba6bb4e0000,0x00002ba6bb4e0000,0x00002ba6f7e20000)
  from space 25920K, 96% used [0x00002ba6f9b90000,0x00002ba6fb3fcb60,0x00002ba6fb4e0000)
  to   space 28032K, 0% used [0x00002ba6f7e20000,0x00002ba6f7e20000,0x00002ba6f9980000)
 PSOldGen        total 5242880K, used 1399089K [0x00002ba57b4e0000, 0x00002ba6bb4e0000, 0x00002ba6bb4e0000)
  object space 5242880K, 26% used [0x00002ba57b4e0000,0x00002ba5d0b2c7f0,0x00002ba6bb4e0000)
 PSPermGen       total 524288K, used 195829K [0x00002ba55b4e0000, 0x00002ba57b4e0000, 0x00002ba57b4e0000)
  object space 524288K, 37% used [0x00002ba55b4e0000,0x00002ba56741d538,0x00002ba57b4e0000)
}
Total time for which application threads were stopped: 0.1108840 seconds
Application time: 39.8513570 seconds
{Heap before gc invocations=143:
 PSYoungGen      total 1018432K, used 1017522K [0x00002ba6bb4e0000, 0x00002ba6fb4e0000, 0x00002ba6fb4e0000)
  eden space 992512K, 100% used [0x00002ba6bb4e0000,0x00002ba6f7e20000,0x00002ba6f7e20000)
  from space 25920K, 96% used [0x00002ba6f9b90000,0x00002ba6fb3fcb60,0x00002ba6fb4e0000)
  to   space 28032K, 0% used [0x00002ba6f7e20000,0x00002ba6f7e20000,0x00002ba6f9980000)
 PSOldGen        total 5242880K, used 1399089K [0x00002ba57b4e0000, 0x00002ba6bb4e0000, 0x00002ba6bb4e0000)
  object space 5242880K, 26% used [0x00002ba57b4e0000,0x00002ba5d0b2c7f0,0x00002ba6bb4e0000)
 PSPermGen       total 524288K, used 196063K [0x00002ba55b4e0000, 0x00002ba57b4e0000, 0x00002ba57b4e0000)
  object space 524288K, 37% used [0x00002ba55b4e0000,0x00002ba567457c88,0x00002ba57b4e0000)
26345.909: [GC [PSYoungGen: 1017522K->11601K(1020544K)] 2416612K->1419151K(6263424K), 0.0241430 secs]
Heap after gc invocations=143:
 PSYoungGen      total 1020544K, used 11601K [0x00002ba6bb4e0000, 0x00002ba6fb4e0000, 0x00002ba6fb4e0000)
  eden space 992512K, 0% used [0x00002ba6bb4e0000,0x00002ba6bb4e0000,0x00002ba6f7e20000)
  from space 28032K, 41% used [0x00002ba6f7e20000,0x00002ba6f8974568,0x00002ba6f9980000)
  to   space 28032K, 0% used [0x00002ba6f9980000,0x00002ba6f9980000,0x00002ba6fb4e0000)
 PSOldGen        total 5242880K, used 1407550K [0x00002ba57b4e0000, 0x00002ba6bb4e0000, 0x00002ba6bb4e0000)
  object space 5242880K, 26% used [0x00002ba57b4e0000,0x00002ba5d136f8e8,0x00002ba6bb4e0000)
 PSPermGen       total 524288K, used 196063K [0x00002ba55b4e0000, 0x00002ba57b4e0000, 0x00002ba57b4e0000)
  object space 524288K, 37% used [0x00002ba55b4e0000,0x00002ba567457c88,0x00002ba57b4e0000)
}
Total time for which application threads were stopped: 0.0797550 seconds
Application time: 49.7928590 seconds
{Heap before gc invocations=144:
 PSYoungGen      total 1020544K, used 1004113K [0x00002ba6bb4e0000, 0x00002ba6fb4e0000, 0x00002ba6fb4e0000)
  eden space 992512K, 100% used [0x00002ba6bb4e0000,0x00002ba6f7e20000,0x00002ba6f7e20000)
  from space 28032K, 41% used [0x00002ba6f7e20000,0x00002ba6f8974568,0x00002ba6f9980000)
  to   space 28032K, 0% used [0x00002ba6f9980000,0x00002ba6f9980000,0x00002ba6fb4e0000)
 PSOldGen        total 5242880K, used 1407550K [0x00002ba57b4e0000, 0x00002ba6bb4e0000, 0x00002ba6bb4e0000)
  object space 5242880K, 26% used [0x00002ba57b4e0000,0x00002ba5d136f8e8,0x00002ba6bb4e0000)
 PSPermGen       total 524288K, used 197296K [0x00002ba55b4e0000, 0x00002ba57b4e0000, 0x00002ba57b4e0000)
  object space 524288K, 37% used [0x00002ba55b4e0000,0x00002ba56758c088,0x00002ba57b4e0000)
26395.804: [GC [PSYoungGen: 1004113K->16051K(1021504K)] 2411663K->1427745K(6264384K), 0.0261320 secs]
Heap after gc invocations=144:
 PSYoungGen      total 1021504K, used 16051K [0x00002ba6bb4e0000, 0x00002ba6fb4e0000, 0x00002ba6fb4e0000)
  eden space 993472K, 0% used [0x00002ba6bb4e0000,0x00002ba6bb4e0000,0x00002ba6f7f10000)
  from space 28032K, 57% used [0x00002ba6f9980000,0x00002ba6fa92ccd0,0x00002ba6fb4e0000)
  to   space 27072K, 0% used [0x00002ba6f7f10000,0x00002ba6f7f10000,0x00002ba6f9980000)
 PSOldGen        total 5242880K, used 1411694K [0x00002ba57b4e0000, 0x00002ba6bb4e0000, 0x00002ba6bb4e0000)
  object space 5242880K, 26% used [0x00002ba57b4e0000,0x00002ba5d177b888,0x00002ba6bb4e0000)
 PSPermGen       total 524288K, used 197296K [0x00002ba55b4e0000, 0x00002ba57b4e0000, 0x00002ba57b4e0000)
  object space 524288K, 37% used [0x00002ba55b4e0000,0x00002ba56758c088,0x00002ba57b4e0000)
}
Total time for which application threads were stopped: 0.1047020 seconds
Application time: 70.5624440 seconds
{Heap before gc invocations=145:
 PSYoungGen      total 1021504K, used 1009523K [0x00002ba6bb4e0000, 0x00002ba6fb4e0000, 0x00002ba6fb4e0000)
  eden space 993472K, 100% used [0x00002ba6bb4e0000,0x00002ba6f7f10000,0x00002ba6f7f10000)
  from space 28032K, 57% used [0x00002ba6f9980000,0x00002ba6fa92ccd0,0x00002ba6fb4e0000)
  to   space 27072K, 0% used [0x00002ba6f7f10000,0x00002ba6f7f10000,0x00002ba6f9980000)
 PSOldGen        total 5242880K, used 1411694K [0x00002ba57b4e0000, 0x00002ba6bb4e0000, 0x00002ba6bb4e0000)
  object space 5242880K, 26% used [0x00002ba57b4e0000,0x00002ba5d177b888,0x00002ba6bb4e0000)
 PSPermGen       total 524288K, used 197681K [0x00002ba55b4e0000, 0x00002ba57b4e0000, 0x00002ba57b4e0000)
  object space 524288K, 37% used [0x00002ba55b4e0000,0x00002ba5675ec5d0,0x00002ba57b4e0000)
26466.498: [GC [PSYoungGen: 1009523K->17619K(1020544K)] 2421217K->1441178K(6263424K), 0.0529680 secs]
Heap after gc invocations=145:
 PSYoungGen      total 1020544K, used 17619K [0x00002ba6bb4e0000, 0x00002ba6fb4e0000, 0x00002ba6fb4e0000)
  eden space 993472K, 0% used [0x00002ba6bb4e0000,0x00002ba6bb4e0000,0x00002ba6f7f10000)
  from space 27072K, 65% used [0x00002ba6f7f10000,0x00002ba6f9044f10,0x00002ba6f9980000)
  to   space 26368K, 0% used [0x00002ba6f9b20000,0x00002ba6f9b20000,0x00002ba6fb4e0000)
 PSOldGen        total 5242880K, used 1423558K [0x00002ba57b4e0000, 0x00002ba6bb4e0000, 0x00002ba6bb4e0000)
  object space 5242880K, 27% used [0x00002ba57b4e0000,0x00002ba5d2311b80,0x00002ba6bb4e0000)
 PSPermGen       total 524288K, used 197681K [0x00002ba55b4e0000, 0x00002ba57b4e0000, 0x00002ba57b4e0000)
  object space 524288K, 37% used [0x00002ba55b4e0000,0x00002ba5675ec5d0,0x00002ba57b4e0000)
}
Total time for which application threads were stopped: 0.1585110 seconds
Application time: 39.4611920 seconds
{Heap before gc invocations=146:
 PSYoungGen      total 1020544K, used 1011091K [0x00002ba6bb4e0000, 0x00002ba6fb4e0000, 0x00002ba6fb4e0000)
  eden space 993472K, 100% used [0x00002ba6bb4e0000,0x00002ba6f7f10000,0x00002ba6f7f10000)
  from space 27072K, 65% used [0x00002ba6f7f10000,0x00002ba6f9044f10,0x00002ba6f9980000)
  to   space 26368K, 0% used [0x00002ba6f9b20000,0x00002ba6f9b20000,0x00002ba6fb4e0000)
 PSOldGen        total 5242880K, used 1423558K [0x00002ba57b4e0000, 0x00002ba6bb4e0000, 0x00002ba6bb4e0000)
  object space 5242880K, 27% used [0x00002ba57b4e0000,0x00002ba5d2311b80,0x00002ba6bb4e0000)
 PSPermGen       total 524288K, used 198532K [0x00002ba55b4e0000, 0x00002ba57b4e0000, 0x00002ba57b4e0000)
  object space 524288K, 37% used [0x00002ba55b4e0000,0x00002ba5676c1340,0x00002ba57b4e0000)
26539.241: [GC [PSYoungGen: 1011091K->19266K(1022336K)] 2434650K->1449776K(6265216K), 0.0624380 secs]
Heap after gc invocations=146:
 PSYoungGen      total 1022336K, used 19266K [0x00002ba6bb4e0000, 0x00002ba6fb4e0000, 0x00002ba6fb4e0000)
  eden space 995968K, 0% used [0x00002ba6bb4e0000,0x00002ba6bb4e0000,0x00002ba6f8180000)
  from space 26368K, 73% used [0x00002ba6f9b20000,0x00002ba6fadf0890,0x00002ba6fb4e0000)
  to   space 26240K, 0% used [0x00002ba6f8180000,0x00002ba6f8180000,0x00002ba6f9b20000)
 PSOldGen        total 5242880K, used 1430509K [0x00002ba57b4e0000, 0x00002ba6bb4e0000, 0x00002ba6bb4e0000)
  object space 5242880K, 27% used [0x00002ba57b4e0000,0x00002ba5d29db7f8,0x00002ba6bb4e0000)
 PSPermGen       total 524288K, used 198532K [0x00002ba55b4e0000, 0x00002ba57b4e0000, 0x00002ba57b4e0000)
  object space 524288K, 37% used [0x00002ba55b4e0000,0x00002ba5676c1340,0x00002ba57b4e0000)
}
Total time for which application threads were stopped: 0.1401270 seconds
Application time: 63.5188720 seconds
{Heap before gc invocations=147:
 PSYoungGen      total 1022336K, used 1015234K [0x00002ba6bb4e0000, 0x00002ba6fb4e0000, 0x00002ba6fb4e0000)
  eden space 995968K, 100% used [0x00002ba6bb4e0000,0x00002ba6f8180000,0x00002ba6f8180000)
  from space 26368K, 73% used [0x00002ba6f9b20000,0x00002ba6fadf0890,0x00002ba6fb4e0000)
  to   space 26240K, 0% used [0x00002ba6f8180000,0x00002ba6f8180000,0x00002ba6f9b20000)
 PSOldGen        total 5242880K, used 1430509K [0x00002ba57b4e0000, 0x00002ba6bb4e0000, 0x00002ba6bb4e0000)
  object space 5242880K, 27% used [0x00002ba57b4e0000,0x00002ba5d29db7f8,0x00002ba6bb4e0000)
 PSPermGen       total 524288K, used 199085K [0x00002ba55b4e0000, 0x00002ba57b4e0000, 0x00002ba57b4e0000)
  object space 524288K, 37% used [0x00002ba55b4e0000,0x00002ba56774b4e8,0x00002ba57b4e0000)
26602.928: [GC [PSYoungGen: 1015234K->20381K(1016384K)] 2445744K->1459458K(6259264K), 0.0357930 secs]
Heap after gc invocations=147:
 PSYoungGen      total 1016384K, used 20381K [0x00002ba6bb4e0000, 0x00002ba6fb4e0000, 0x00002ba6fb4e0000)
  eden space 995968K, 0% used [0x00002ba6bb4e0000,0x00002ba6bb4e0000,0x00002ba6f8180000)
  from space 20416K, 99% used [0x00002ba6f8180000,0x00002ba6f9567638,0x00002ba6f9570000)
  to   space 26560K, 0% used [0x00002ba6f9af0000,0x00002ba6f9af0000,0x00002ba6fb4e0000)
 PSOldGen        total 5242880K, used 1439076K [0x00002ba57b4e0000, 0x00002ba6bb4e0000, 0x00002ba6bb4e0000)
  object space 5242880K, 27% used [0x00002ba57b4e0000,0x00002ba5d3239268,0x00002ba6bb4e0000)
 PSPermGen       total 524288K, used 199085K [0x00002ba55b4e0000, 0x00002ba57b4e0000, 0x00002ba57b4e0000)
  object space 524288K, 37% used [0x00002ba55b4e0000,0x00002ba56774b4e8,0x00002ba57b4e0000)
}
Total time for which application threads were stopped: 0.1411540 seconds
Application time: 74.3498440 seconds
{Heap before gc invocations=148:
 PSYoungGen      total 1016384K, used 1016349K [0x00002ba6bb4e0000, 0x00002ba6fb4e0000, 0x00002ba6fb4e0000)
  eden space 995968K, 100% used [0x00002ba6bb4e0000,0x00002ba6f8180000,0x00002ba6f8180000)
  from space 20416K, 99% used [0x00002ba6f8180000,0x00002ba6f9567638,0x00002ba6f9570000)
  to   space 26560K, 0% used [0x00002ba6f9af0000,0x00002ba6f9af0000,0x00002ba6fb4e0000)
 PSOldGen        total 5242880K, used 1439076K [0x00002ba57b4e0000, 0x00002ba6bb4e0000, 0x00002ba6bb4e0000)
  object space 5242880K, 27% used [0x00002ba57b4e0000,0x00002ba5d3239268,0x00002ba6bb4e0000)
 PSPermGen       total 524288K, used 199462K [0x00002ba55b4e0000, 0x00002ba57b4e0000, 0x00002ba57b4e0000)
  object space 524288K, 38% used [0x00002ba55b4e0000,0x00002ba5677a9b20,0x00002ba57b4e0000)
26677.341: [GC [PSYoungGen: 1016349K->12370K(1022080K)] 2455426K->1465704K(6264960K), 0.0337600 secs]
Heap after gc invocations=148:
 PSYoungGen      total 1022080K, used 12370K [0x00002ba6bb4e0000, 0x00002ba6fb4e0000, 0x00002ba6fb4e0000)
  eden space 995520K, 0% used [0x00002ba6bb4e0000,0x00002ba6bb4e0000,0x00002ba6f8110000)
  from space 26560K, 46% used [0x00002ba6f9af0000,0x00002ba6fa704830,0x00002ba6fb4e0000)
  to   space 26496K, 0% used [0x00002ba6f8110000,0x00002ba6f8110000,0x00002ba6f9af0000)
 PSOldGen        total 5242880K, used 1453334K [0x00002ba57b4e0000, 0x00002ba6bb4e0000, 0x00002ba6bb4e0000)
  object space 5242880K, 27% used [0x00002ba57b4e0000,0x00002ba5d4025928,0x00002ba6bb4e0000)
 PSPermGen       total 524288K, used 199462K [0x00002ba55b4e0000, 0x00002ba57b4e0000, 0x00002ba57b4e0000)
  object space 524288K, 38% used [0x00002ba55b4e0000,0x00002ba5677a9b20,0x00002ba57b4e0000)
}
Total time for which application threads were stopped: 0.0617470 seconds
Application time: 21.9826970 seconds
{Heap before gc invocations=149:
 PSYoungGen      total 1022080K, used 1007890K [0x00002ba6bb4e0000, 0x00002ba6fb4e0000, 0x00002ba6fb4e0000)
  eden space 995520K, 100% used [0x00002ba6bb4e0000,0x00002ba6f8110000,0x00002ba6f8110000)
  from space 26560K, 46% used [0x00002ba6f9af0000,0x00002ba6fa704830,0x00002ba6fb4e0000)
  to   space 26496K, 0% used [0x00002ba6f8110000,0x00002ba6f8110000,0x00002ba6f9af0000)
 PSOldGen        total 5242880K, used 1453334K [0x00002ba57b4e0000, 0x00002ba6bb4e0000, 0x00002ba6bb4e0000)
  object space 5242880K, 27% used [0x00002ba57b4e0000,0x00002ba5d4025928,0x00002ba6bb4e0000)
 PSPermGen       total 524288K, used 199680K [0x00002ba55b4e0000, 0x00002ba57b4e0000, 0x00002ba57b4e0000)
  object space 524288K, 38% used [0x00002ba55b4e0000,0x00002ba5677e0128,0x00002ba57b4e0000)
26741.575: [GC [PSYoungGen: 1007890K->17126K(1022016K)] 2461224K->1478290K(6264896K), 0.0560690 secs]
Heap after gc invocations=149:
 PSYoungGen      total 1022016K, used 17126K [0x00002ba6bb4e0000, 0x00002ba6fb4e0000, 0x00002ba6fb4e0000)
  eden space 995520K, 0% used [0x00002ba6bb4e0000,0x00002ba6bb4e0000,0x00002ba6f8110000)
  from space 26496K, 64% used [0x00002ba6f8110000,0x00002ba6f91c98a0,0x00002ba6f9af0000)
  to   space 25600K, 0% used [0x00002ba6f9be0000,0x00002ba6f9be0000,0x00002ba6fb4e0000)
 PSOldGen        total 5242880K, used 1461164K [0x00002ba57b4e0000, 0x00002ba6bb4e0000, 0x00002ba6bb4e0000)
  object space 5242880K, 27% used [0x00002ba57b4e0000,0x00002ba5d47cb218,0x00002ba6bb4e0000)
 PSPermGen       total 524288K, used 199680K [0x00002ba55b4e0000, 0x00002ba57b4e0000, 0x00002ba57b4e0000)
  object space 524288K, 38% used [0x00002ba55b4e0000,0x00002ba5677e0128,0x00002ba57b4e0000)
}
Total time for which application threads were stopped: 0.1326510 seconds
Application time: 47.9106870 seconds
{Heap before gc invocations=150:
 PSYoungGen      total 1022016K, used 1012646K [0x00002ba6bb4e0000, 0x00002ba6fb4e0000, 0x00002ba6fb4e0000)
  eden space 995520K, 100% used [0x00002ba6bb4e0000,0x00002ba6f8110000,0x00002ba6f8110000)
  from space 26496K, 64% used [0x00002ba6f8110000,0x00002ba6f91c98a0,0x00002ba6f9af0000)
  to   space 25600K, 0% used [0x00002ba6f9be0000,0x00002ba6f9be0000,0x00002ba6fb4e0000)
 PSOldGen        total 5242880K, used 1461164K [0x00002ba57b4e0000, 0x00002ba6bb4e0000, 0x00002ba6bb4e0000)
  object space 5242880K, 27% used [0x00002ba57b4e0000,0x00002ba5d47cb218,0x00002ba6bb4e0000)
 PSPermGen       total 524288K, used 199889K [0x00002ba55b4e0000, 0x00002ba57b4e0000, 0x00002ba57b4e0000)
  object space 524288K, 38% used [0x00002ba55b4e0000,0x00002ba567814480,0x00002ba57b4e0000)
26789.647: [GC [PSYoungGen: 1012646K->13543K(1023232K)] 2473810K->1480298K(6266112K), 0.0322740 secs]
Heap after gc invocations=150:
 PSYoungGen      total 1023232K, used 13543K [0x00002ba6bb4e0000, 0x00002ba6fb4e0000, 0x00002ba6fb4e0000)
  eden space 997632K, 0% used [0x00002ba6bb4e0000,0x00002ba6bb4e0000,0x00002ba6f8320000)
  from space 25600K, 52% used [0x00002ba6f9be0000,0x00002ba6fa919e50,0x00002ba6fb4e0000)
  to   space 25344K, 0% used [0x00002ba6f8320000,0x00002ba6f8320000,0x00002ba6f9be0000)
 PSOldGen        total 5242880K, used 1466754K [0x00002ba57b4e0000, 0x00002ba6bb4e0000, 0x00002ba6bb4e0000)
  object space 5242880K, 27% used [0x00002ba57b4e0000,0x00002ba5d4d40b28,0x00002ba6bb4e0000)
 PSPermGen       total 524288K, used 199889K [0x00002ba55b4e0000, 0x00002ba57b4e0000, 0x00002ba57b4e0000)
  object space 524288K, 38% used [0x00002ba55b4e0000,0x00002ba567814480,0x00002ba57b4e0000)
}
Total time for which application threads were stopped: 0.1383480 seconds
Application time: 64.1085380 seconds
{Heap before gc invocations=151:
 PSYoungGen      total 1023232K, used 1011175K [0x00002ba6bb4e0000, 0x00002ba6fb4e0000, 0x00002ba6fb4e0000)
  eden space 997632K, 100% used [0x00002ba6bb4e0000,0x00002ba6f8320000,0x00002ba6f8320000)
  from space 25600K, 52% used [0x00002ba6f9be0000,0x00002ba6fa919e50,0x00002ba6fb4e0000)
  to   space 25344K, 0% used [0x00002ba6f8320000,0x00002ba6f8320000,0x00002ba6f9be0000)
 PSOldGen        total 5242880K, used 1466754K [0x00002ba57b4e0000, 0x00002ba6bb4e0000, 0x00002ba6bb4e0000)
  object space 5242880K, 27% used [0x00002ba57b4e0000,0x00002ba5d4d40b28,0x00002ba6bb4e0000)
 PSPermGen       total 524288K, used 200252K [0x00002ba55b4e0000, 0x00002ba57b4e0000, 0x00002ba57b4e0000)
  object space 524288K, 38% used [0x00002ba55b4e0000,0x00002ba56786f078,0x00002ba57b4e0000)
26853.816: [GC [PSYoungGen: 1011175K->15154K(1022976K)] 2477930K->1488407K(6265856K), 0.0325200 secs]
Heap after gc invocations=151:
 PSYoungGen      total 1022976K, used 15154K [0x00002ba6bb4e0000, 0x00002ba6fb4e0000, 0x00002ba6fb4e0000)
  eden space 997632K, 0% used [0x00002ba6bb4e0000,0x00002ba6bb4e0000,0x00002ba6f8320000)
  from space 25344K, 59% used [0x00002ba6f8320000,0x00002ba6f91ec9f8,0x00002ba6f9be0000)
  to   space 24768K, 0% used [0x00002ba6f9cb0000,0x00002ba6f9cb0000,0x00002ba6fb4e0000)
 PSOldGen        total 5242880K, used 1473253K [0x00002ba57b4e0000, 0x00002ba6bb4e0000, 0x00002ba6bb4e0000)
  object space 5242880K, 28% used [0x00002ba57b4e0000,0x00002ba5d5399590,0x00002ba6bb4e0000)
 PSPermGen       total 524288K, used 200252K [0x00002ba55b4e0000, 0x00002ba57b4e0000, 0x00002ba57b4e0000)
  object space 524288K, 38% used [0x00002ba55b4e0000,0x00002ba56786f078,0x00002ba57b4e0000)
}
Total time for which application threads were stopped: 0.0604540 seconds
Application time: 28.2295150 seconds
{Heap before gc invocations=152:
 PSYoungGen      total 1022976K, used 1012786K [0x00002ba6bb4e0000, 0x00002ba6fb4e0000, 0x00002ba6fb4e0000)
  eden space 997632K, 100% used [0x00002ba6bb4e0000,0x00002ba6f8320000,0x00002ba6f8320000)
  from space 25344K, 59% used [0x00002ba6f8320000,0x00002ba6f91ec9f8,0x00002ba6f9be0000)
  to   space 24768K, 0% used [0x00002ba6f9cb0000,0x00002ba6f9cb0000,0x00002ba6fb4e0000)
 PSOldGen        total 5242880K, used 1473253K [0x00002ba57b4e0000, 0x00002ba6bb4e0000, 0x00002ba6bb4e0000)
  object space 5242880K, 28% used [0x00002ba57b4e0000,0x00002ba5d5399590,0x00002ba6bb4e0000)
 PSPermGen       total 524288K, used 200629K [0x00002ba55b4e0000, 0x00002ba57b4e0000, 0x00002ba57b4e0000)
  object space 524288K, 38% used [0x00002ba55b4e0000,0x00002ba5678cd548,0x00002ba57b4e0000)
26898.244: [GC [PSYoungGen: 1012786K->24291K(1019712K)] 2486039K->1507291K(6262592K), 0.0772000 secs]
Heap after gc invocations=152:
 PSYoungGen      total 1019712K, used 24291K [0x00002ba6bb4e0000, 0x00002ba6fb4e0000, 0x00002ba6fb4e0000)
  eden space 994944K, 0% used [0x00002ba6bb4e0000,0x00002ba6bb4e0000,0x00002ba6f8080000)
  from space 24768K, 98% used [0x00002ba6f9cb0000,0x00002ba6fb468f90,0x00002ba6fb4e0000)
  to   space 26816K, 0% used [0x00002ba6f8080000,0x00002ba6f8080000,0x00002ba6f9ab0000)
 PSOldGen        total 5242880K, used 1482999K [0x00002ba57b4e0000, 0x00002ba6bb4e0000, 0x00002ba6bb4e0000)
  object space 5242880K, 28% used [0x00002ba57b4e0000,0x00002ba5d5d1de78,0x00002ba6bb4e0000)
 PSPermGen       total 524288K, used 200629K [0x00002ba55b4e0000, 0x00002ba57b4e0000, 0x00002ba57b4e0000)
  object space 524288K, 38% used [0x00002ba55b4e0000,0x00002ba5678cd548,0x00002ba57b4e0000)
}
Total time for which application threads were stopped: 0.1544890 seconds
Application time: 57.1380290 seconds
{Heap before gc invocations=153:
 PSYoungGen      total 1019712K, used 1019235K [0x00002ba6bb4e0000, 0x00002ba6fb4e0000, 0x00002ba6fb4e0000)
  eden space 994944K, 100% used [0x00002ba6bb4e0000,0x00002ba6f8080000,0x00002ba6f8080000)
  from space 24768K, 98% used [0x00002ba6f9cb0000,0x00002ba6fb468f90,0x00002ba6fb4e0000)
  to   space 26816K, 0% used [0x00002ba6f8080000,0x00002ba6f8080000,0x00002ba6f9ab0000)
 PSOldGen        total 5242880K, used 1482999K [0x00002ba57b4e0000, 0x00002ba6bb4e0000, 0x00002ba6bb4e0000)
  object space 5242880K, 28% used [0x00002ba57b4e0000,0x00002ba5d5d1de78,0x00002ba6bb4e0000)
 PSPermGen       total 524288K, used 201352K [0x00002ba55b4e0000, 0x00002ba57b4e0000, 0x00002ba57b4e0000)
  object space 524288K, 38% used [0x00002ba55b4e0000,0x00002ba567982350,0x00002ba57b4e0000)
26955.564: [GC [PSYoungGen: 1019235K->13969K(1021760K)] 2502235K->1508490K(6264640K), 0.0376660 secs]
Heap after gc invocations=153:
 PSYoungGen      total 1021760K, used 13969K [0x00002ba6bb4e0000, 0x00002ba6fb4e0000, 0x00002ba6fb4e0000)
  eden space 994944K, 0% used [0x00002ba6bb4e0000,0x00002ba6bb4e0000,0x00002ba6f8080000)
  from space 26816K, 52% used [0x00002ba6f8080000,0x00002ba6f8e245e0,0x00002ba6f9ab0000)
  to   space 26432K, 0% used [0x00002ba6f9b10000,0x00002ba6f9b10000,0x00002ba6fb4e0000)
 PSOldGen        total 5242880K, used 1494521K [0x00002ba57b4e0000, 0x00002ba6bb4e0000, 0x00002ba6bb4e0000)
  object space 5242880K, 28% used [0x00002ba57b4e0000,0x00002ba5d685e458,0x00002ba6bb4e0000)
 PSPermGen       total 524288K, used 201352K [0x00002ba55b4e0000, 0x00002ba57b4e0000, 0x00002ba57b4e0000)
  object space 524288K, 38% used [0x00002ba55b4e0000,0x00002ba567982350,0x00002ba57b4e0000)
}
Total time for which application threads were stopped: 0.1430100 seconds
Application time: 37.6385400 seconds
{Heap before gc invocations=154:
 PSYoungGen      total 1021760K, used 1008913K [0x00002ba6bb4e0000, 0x00002ba6fb4e0000, 0x00002ba6fb4e0000)
  eden space 994944K, 100% used [0x00002ba6bb4e0000,0x00002ba6f8080000,0x00002ba6f8080000)
  from space 26816K, 52% used [0x00002ba6f8080000,0x00002ba6f8e245e0,0x00002ba6f9ab0000)
  to   space 26432K, 0% used [0x00002ba6f9b10000,0x00002ba6f9b10000,0x00002ba6fb4e0000)
 PSOldGen        total 5242880K, used 1494521K [0x00002ba57b4e0000, 0x00002ba6bb4e0000, 0x00002ba6bb4e0000)
  object space 5242880K, 28% used [0x00002ba57b4e0000,0x00002ba5d685e458,0x00002ba6bb4e0000)
 PSPermGen       total 524288K, used 201382K [0x00002ba55b4e0000, 0x00002ba57b4e0000, 0x00002ba57b4e0000)
  object space 524288K, 38% used [0x00002ba55b4e0000,0x00002ba567989a58,0x00002ba57b4e0000)
26993.268: [GC [PSYoungGen: 1008913K->15921K(1022912K)] 2503434K->1516752K(6265792K), 0.0320230 secs]
Heap after gc invocations=154:
 PSYoungGen      total 1022912K, used 15921K [0x00002ba6bb4e0000, 0x00002ba6fb4e0000, 0x00002ba6fb4e0000)
  eden space 996480K, 0% used [0x00002ba6bb4e0000,0x00002ba6bb4e0000,0x00002ba6f8200000)
  from space 26432K, 60% used [0x00002ba6f9b10000,0x00002ba6faa9c428,0x00002ba6fb4e0000)
  to   space 25664K, 0% used [0x00002ba6f8200000,0x00002ba6f8200000,0x00002ba6f9b10000)
 PSOldGen        total 5242880K, used 1500831K [0x00002ba57b4e0000, 0x00002ba6bb4e0000, 0x00002ba6bb4e0000)
  object space 5242880K, 28% used [0x00002ba57b4e0000,0x00002ba5d6e87ef8,0x00002ba6bb4e0000)
 PSPermGen       total 524288K, used 201382K [0x00002ba55b4e0000, 0x00002ba57b4e0000, 0x00002ba57b4e0000)
  object space 524288K, 38% used [0x00002ba55b4e0000,0x00002ba567989a58,0x00002ba57b4e0000)
}
Total time for which application threads were stopped: 0.0597720 seconds
Application time: 15.4258320 seconds
{Heap before gc invocations=155:
 PSYoungGen      total 1022912K, used 1012401K [0x00002ba6bb4e0000, 0x00002ba6fb4e0000, 0x00002ba6fb4e0000)
  eden space 996480K, 100% used [0x00002ba6bb4e0000,0x00002ba6f8200000,0x00002ba6f8200000)
  from space 26432K, 60% used [0x00002ba6f9b10000,0x00002ba6faa9c428,0x00002ba6fb4e0000)
  to   space 25664K, 0% used [0x00002ba6f8200000,0x00002ba6f8200000,0x00002ba6f9b10000)
 PSOldGen        total 5242880K, used 1500831K [0x00002ba57b4e0000, 0x00002ba6bb4e0000, 0x00002ba6bb4e0000)
  object space 5242880K, 28% used [0x00002ba57b4e0000,0x00002ba5d6e87ef8,0x00002ba6bb4e0000)
 PSPermGen       total 524288K, used 201630K [0x00002ba55b4e0000, 0x00002ba57b4e0000, 0x00002ba57b4e0000)
  object space 524288K, 38% used [0x00002ba55b4e0000,0x00002ba5679c7848,0x00002ba57b4e0000)
27046.935: [GC [PSYoungGen: 1012401K->19661K(1022144K)] 2513232K->1532011K(6265024K), 0.0751420 secs]
Heap after gc invocations=155:
 PSYoungGen      total 1022144K, used 19661K [0x00002ba6bb4e0000, 0x00002ba6fb4e0000, 0x00002ba6fb4e0000)
  eden space 996480K, 0% used [0x00002ba6bb4e0000,0x00002ba6bb4e0000,0x00002ba6f8200000)
  from space 25664K, 76% used [0x00002ba6f8200000,0x00002ba6f9533768,0x00002ba6f9b10000)
  to   space 25792K, 0% used [0x00002ba6f9bb0000,0x00002ba6f9bb0000,0x00002ba6fb4e0000)
 PSOldGen        total 5242880K, used 1512350K [0x00002ba57b4e0000, 0x00002ba6bb4e0000, 0x00002ba6bb4e0000)
  object space 5242880K, 28% used [0x00002ba57b4e0000,0x00002ba5d79c7820,0x00002ba6bb4e0000)
 PSPermGen       total 524288K, used 201630K [0x00002ba55b4e0000, 0x00002ba57b4e0000, 0x00002ba57b4e0000)
  object space 524288K, 38% used [0x00002ba55b4e0000,0x00002ba5679c7848,0x00002ba57b4e0000)
}
Total time for which application threads were stopped: 0.1526880 seconds
Application time: 63.6913930 seconds
{Heap before gc invocations=156:
 PSYoungGen      total 1022144K, used 1016141K [0x00002ba6bb4e0000, 0x00002ba6fb4e0000, 0x00002ba6fb4e0000)
  eden space 996480K, 100% used [0x00002ba6bb4e0000,0x00002ba6f8200000,0x00002ba6f8200000)
  from space 25664K, 76% used [0x00002ba6f8200000,0x00002ba6f9533768,0x00002ba6f9b10000)
  to   space 25792K, 0% used [0x00002ba6f9bb0000,0x00002ba6f9bb0000,0x00002ba6fb4e0000)
 PSOldGen        total 5242880K, used 1512350K [0x00002ba57b4e0000, 0x00002ba6bb4e0000, 0x00002ba6bb4e0000)
  object space 5242880K, 28% used [0x00002ba57b4e0000,0x00002ba5d79c7820,0x00002ba6bb4e0000)
 PSPermGen       total 524288K, used 201836K [0x00002ba55b4e0000, 0x00002ba57b4e0000, 0x00002ba57b4e0000)
  object space 524288K, 38% used [0x00002ba55b4e0000,0x00002ba5679fb318,0x00002ba57b4e0000)
27110.806: [GC [PSYoungGen: 1016141K->16442K(1023488K)] 2528491K->1536388K(6266368K), 0.0510490 secs]
Heap after gc invocations=156:
 PSYoungGen      total 1023488K, used 16442K [0x00002ba6bb4e0000, 0x00002ba6fb4e0000, 0x00002ba6fb4e0000)
  eden space 997696K, 0% used [0x00002ba6bb4e0000,0x00002ba6bb4e0000,0x00002ba6f8330000)
  from space 25792K, 63% used [0x00002ba6f9bb0000,0x00002ba6fabbe9e0,0x00002ba6fb4e0000)
  to   space 25088K, 0% used [0x00002ba6f8330000,0x00002ba6f8330000,0x00002ba6f9bb0000)
 PSOldGen        total 5242880K, used 1519946K [0x00002ba57b4e0000, 0x00002ba6bb4e0000, 0x00002ba6bb4e0000)
  object space 5242880K, 28% used [0x00002ba57b4e0000,0x00002ba5d8132860,0x00002ba6bb4e0000)
 PSPermGen       total 524288K, used 201836K [0x00002ba55b4e0000, 0x00002ba57b4e0000, 0x00002ba57b4e0000)
  object space 524288K, 38% used [0x00002ba55b4e0000,0x00002ba5679fb318,0x00002ba57b4e0000)
}
Total time for which application threads were stopped: 0.1560250 seconds
Application time: 54.0717800 seconds
{Heap before gc invocations=157:
 PSYoungGen      total 1023488K, used 1014138K [0x00002ba6bb4e0000, 0x00002ba6fb4e0000, 0x00002ba6fb4e0000)
  eden space 997696K, 100% used [0x00002ba6bb4e0000,0x00002ba6f8330000,0x00002ba6f8330000)
  from space 25792K, 63% used [0x00002ba6f9bb0000,0x00002ba6fabbe9e0,0x00002ba6fb4e0000)
  to   space 25088K, 0% used [0x00002ba6f8330000,0x00002ba6f8330000,0x00002ba6f9bb0000)
 PSOldGen        total 5242880K, used 1519946K [0x00002ba57b4e0000, 0x00002ba6bb4e0000, 0x00002ba6bb4e0000)
  object space 5242880K, 28% used [0x00002ba57b4e0000,0x00002ba5d8132860,0x00002ba6bb4e0000)
 PSPermGen       total 524288K, used 201890K [0x00002ba55b4e0000, 0x00002ba57b4e0000, 0x00002ba57b4e0000)
  object space 524288K, 38% used [0x00002ba55b4e0000,0x00002ba567a08850,0x00002ba57b4e0000)
27164.957: [GC [PSYoungGen: 1014138K->23136K(1020864K)] 2534084K->1549583K(6263744K), 0.0937760 secs]
Heap after gc invocations=157:
 PSYoungGen      total 1020864K, used 23136K [0x00002ba6bb4e0000, 0x00002ba6fb4e0000, 0x00002ba6fb4e0000)
  eden space 997696K, 0% used [0x00002ba6bb4e0000,0x00002ba6bb4e0000,0x00002ba6f8330000)
  from space 23168K, 99% used [0x00002ba6f8330000,0x00002ba6f99c8118,0x00002ba6f99d0000)
  to   space 26496K, 0% used [0x00002ba6f9b00000,0x00002ba6f9b00000,0x00002ba6fb4e0000)
 PSOldGen        total 5242880K, used 1526447K [0x00002ba57b4e0000, 0x00002ba6bb4e0000, 0x00002ba6bb4e0000)
  object space 5242880K, 29% used [0x00002ba57b4e0000,0x00002ba5d878bcb0,0x00002ba6bb4e0000)
 PSPermGen       total 524288K, used 201890K [0x00002ba55b4e0000, 0x00002ba57b4e0000, 0x00002ba57b4e0000)
  object space 524288K, 38% used [0x00002ba55b4e0000,0x00002ba567a08850,0x00002ba57b4e0000)
}
Total time for which application threads were stopped: 0.1216610 seconds
Application time: 11.1081610 seconds
{Heap before gc invocations=158:
 PSYoungGen      total 1020864K, used 1020832K [0x00002ba6bb4e0000, 0x00002ba6fb4e0000, 0x00002ba6fb4e0000)
  eden space 997696K, 100% used [0x00002ba6bb4e0000,0x00002ba6f8330000,0x00002ba6f8330000)
  from space 23168K, 99% used [0x00002ba6f8330000,0x00002ba6f99c8118,0x00002ba6f99d0000)
  to   space 26496K, 0% used [0x00002ba6f9b00000,0x00002ba6f9b00000,0x00002ba6fb4e0000)
 PSOldGen        total 5242880K, used 1526447K [0x00002ba57b4e0000, 0x00002ba6bb4e0000, 0x00002ba6bb4e0000)
  object space 5242880K, 29% used [0x00002ba57b4e0000,0x00002ba5d878bcb0,0x00002ba6bb4e0000)
 PSPermGen       total 524288K, used 202331K [0x00002ba55b4e0000, 0x00002ba57b4e0000, 0x00002ba57b4e0000)
  object space 524288K, 38% used [0x00002ba55b4e0000,0x00002ba567a76f20,0x00002ba57b4e0000)
27205.347: [GC [PSYoungGen: 1020832K->16644K(1022784K)] 2547279K->1550475K(6265664K), 0.0631670 secs]
Heap after gc invocations=158:
 PSYoungGen      total 1022784K, used 16644K [0x00002ba6bb4e0000, 0x00002ba6fb4e0000, 0x00002ba6fb4e0000)
  eden space 996288K, 0% used [0x00002ba6bb4e0000,0x00002ba6bb4e0000,0x00002ba6f81d0000)
  from space 26496K, 62% used [0x00002ba6f9b00000,0x00002ba6fab41168,0x00002ba6fb4e0000)
  to   space 25792K, 0% used [0x00002ba6f81d0000,0x00002ba6f81d0000,0x00002ba6f9b00000)
 PSOldGen        total 5242880K, used 1533830K [0x00002ba57b4e0000, 0x00002ba6bb4e0000, 0x00002ba6bb4e0000)
  object space 5242880K, 29% used [0x00002ba57b4e0000,0x00002ba5d8ec1aa0,0x00002ba6bb4e0000)
 PSPermGen       total 524288K, used 202331K [0x00002ba55b4e0000, 0x00002ba57b4e0000, 0x00002ba57b4e0000)
  object space 524288K, 38% used [0x00002ba55b4e0000,0x00002ba567a76f20,0x00002ba57b4e0000)
}
Total time for which application threads were stopped: 0.1405500 seconds
Application time: 46.1370750 seconds
{Heap before gc invocations=159:
 PSYoungGen      total 1022784K, used 1012932K [0x00002ba6bb4e0000, 0x00002ba6fb4e0000, 0x00002ba6fb4e0000)
  eden space 996288K, 100% used [0x00002ba6bb4e0000,0x00002ba6f81d0000,0x00002ba6f81d0000)
  from space 26496K, 62% used [0x00002ba6f9b00000,0x00002ba6fab41168,0x00002ba6fb4e0000)
  to   space 25792K, 0% used [0x00002ba6f81d0000,0x00002ba6f81d0000,0x00002ba6f9b00000)
 PSOldGen        total 5242880K, used 1533830K [0x00002ba57b4e0000, 0x00002ba6bb4e0000, 0x00002ba6bb4e0000)
  object space 5242880K, 29% used [0x00002ba57b4e0000,0x00002ba5d8ec1aa0,0x00002ba6bb4e0000)
 PSPermGen       total 524288K, used 203007K [0x00002ba55b4e0000, 0x00002ba57b4e0000, 0x00002ba57b4e0000)
  object space 524288K, 38% used [0x00002ba55b4e0000,0x00002ba567b1fd20,0x00002ba57b4e0000)
27251.652: [GC [PSYoungGen: 1012932K->19021K(1022080K)] 2546763K->1560472K(6264960K), 0.0524650 secs]
Heap after gc invocations=159:
 PSYoungGen      total 1022080K, used 19021K [0x00002ba6bb4e0000, 0x00002ba6fb4e0000, 0x00002ba6fb4e0000)
  eden space 996288K, 0% used [0x00002ba6bb4e0000,0x00002ba6bb4e0000,0x00002ba6f81d0000)
  from space 25792K, 73% used [0x00002ba6f81d0000,0x00002ba6f94637e8,0x00002ba6f9b00000)
  to   space 25536K, 0% used [0x00002ba6f9bf0000,0x00002ba6f9bf0000,0x00002ba6fb4e0000)
 PSOldGen        total 5242880K, used 1541450K [0x00002ba57b4e0000, 0x00002ba6bb4e0000, 0x00002ba6bb4e0000)
  object space 5242880K, 29% used [0x00002ba57b4e0000,0x00002ba5d9632b18,0x00002ba6bb4e0000)
 PSPermGen       total 524288K, used 203007K [0x00002ba55b4e0000, 0x00002ba57b4e0000, 0x00002ba57b4e0000)
  object space 524288K, 38% used [0x00002ba55b4e0000,0x00002ba567b1fd20,0x00002ba57b4e0000)
}
Total time for which application threads were stopped: 0.1572100 seconds
Application time: 6.9251380 seconds
{Heap before gc invocations=160:
 PSYoungGen      total 1022080K, used 1015309K [0x00002ba6bb4e0000, 0x00002ba6fb4e0000, 0x00002ba6fb4e0000)
  eden space 996288K, 100% used [0x00002ba6bb4e0000,0x00002ba6f81d0000,0x00002ba6f81d0000)
  from space 25792K, 73% used [0x00002ba6f81d0000,0x00002ba6f94637e8,0x00002ba6f9b00000)
  to   space 25536K, 0% used [0x00002ba6f9bf0000,0x00002ba6f9bf0000,0x00002ba6fb4e0000)
 PSOldGen        total 5242880K, used 1541450K [0x00002ba57b4e0000, 0x00002ba6bb4e0000, 0x00002ba6bb4e0000)
  object space 5242880K, 29% used [0x00002ba57b4e0000,0x00002ba5d9632b18,0x00002ba6bb4e0000)
 PSPermGen       total 524288K, used 203204K [0x00002ba55b4e0000, 0x00002ba57b4e0000, 0x00002ba57b4e0000)
  object space 524288K, 38% used [0x00002ba55b4e0000,0x00002ba567b51320,0x00002ba57b4e0000)
27303.985: [GC [PSYoungGen: 1015309K->12076K(1022656K)] 2556760K->1563578K(6265536K), 0.0282940 secs]
Heap after gc invocations=160:
 PSYoungGen      total 1022656K, used 12076K [0x00002ba6bb4e0000, 0x00002ba6fb4e0000, 0x00002ba6fb4e0000)
  eden space 997120K, 0% used [0x00002ba6bb4e0000,0x00002ba6bb4e0000,0x00002ba6f82a0000)
  from space 25536K, 47% used [0x00002ba6f9bf0000,0x00002ba6fa7bb1f8,0x00002ba6fb4e0000)
  to   space 25728K, 0% used [0x00002ba6f82a0000,0x00002ba6f82a0000,0x00002ba6f9bc0000)
 PSOldGen        total 5242880K, used 1551501K [0x00002ba57b4e0000, 0x00002ba6bb4e0000, 0x00002ba6bb4e0000)
  object space 5242880K, 29% used [0x00002ba57b4e0000,0x00002ba5da003720,0x00002ba6bb4e0000)
 PSPermGen       total 524288K, used 203204K [0x00002ba55b4e0000, 0x00002ba57b4e0000, 0x00002ba57b4e0000)
  object space 524288K, 38% used [0x00002ba55b4e0000,0x00002ba567b51320,0x00002ba57b4e0000)
}
Total time for which application threads were stopped: 0.1336740 seconds
Application time: 2.8852110 seconds
{Heap before gc invocations=161:
 PSYoungGen      total 1022656K, used 1009196K [0x00002ba6bb4e0000, 0x00002ba6fb4e0000, 0x00002ba6fb4e0000)
  eden space 997120K, 100% used [0x00002ba6bb4e0000,0x00002ba6f82a0000,0x00002ba6f82a0000)
  from space 25536K, 47% used [0x00002ba6f9bf0000,0x00002ba6fa7bb1f8,0x00002ba6fb4e0000)
  to   space 25728K, 0% used [0x00002ba6f82a0000,0x00002ba6f82a0000,0x00002ba6f9bc0000)
 PSOldGen        total 5242880K, used 1551501K [0x00002ba57b4e0000, 0x00002ba6bb4e0000, 0x00002ba6bb4e0000)
  object space 5242880K, 29% used [0x00002ba57b4e0000,0x00002ba5da003720,0x00002ba6bb4e0000)
 PSPermGen       total 524288K, used 203683K [0x00002ba55b4e0000, 0x00002ba57b4e0000, 0x00002ba57b4e0000)
  object space 524288K, 38% used [0x00002ba55b4e0000,0x00002ba567bc8f78,0x00002ba57b4e0000)
27339.045: [GC [PSYoungGen: 1009196K->15739K(1022848K)] 2560698K->1576085K(6265728K), 0.0472030 secs]
Heap after gc invocations=161:
 PSYoungGen      total 1022848K, used 15739K [0x00002ba6bb4e0000, 0x00002ba6fb4e0000, 0x00002ba6fb4e0000)
  eden space 997120K, 0% used [0x00002ba6bb4e0000,0x00002ba6bb4e0000,0x00002ba6f82a0000)
  from space 25728K, 61% used [0x00002ba6f82a0000,0x00002ba6f91fed18,0x00002ba6f9bc0000)
  to   space 25088K, 0% used [0x00002ba6f9c60000,0x00002ba6f9c60000,0x00002ba6fb4e0000)
 PSOldGen        total 5242880K, used 1560345K [0x00002ba57b4e0000, 0x00002ba6bb4e0000, 0x00002ba6bb4e0000)
  object space 5242880K, 29% used [0x00002ba57b4e0000,0x00002ba5da8a6790,0x00002ba6bb4e0000)
 PSPermGen       total 524288K, used 203683K [0x00002ba55b4e0000, 0x00002ba57b4e0000, 0x00002ba57b4e0000)
  object space 524288K, 38% used [0x00002ba55b4e0000,0x00002ba567bc8f78,0x00002ba57b4e0000)
}
Total time for which application threads were stopped: 0.1016960 seconds
Application time: 16.0401010 seconds
{Heap before gc invocations=162:
 PSYoungGen      total 1022848K, used 1012859K [0x00002ba6bb4e0000, 0x00002ba6fb4e0000, 0x00002ba6fb4e0000)
  eden space 997120K, 100% used [0x00002ba6bb4e0000,0x00002ba6f82a0000,0x00002ba6f82a0000)
  from space 25728K, 61% used [0x00002ba6f82a0000,0x00002ba6f91fed18,0x00002ba6f9bc0000)
  to   space 25088K, 0% used [0x00002ba6f9c60000,0x00002ba6f9c60000,0x00002ba6fb4e0000)
 PSOldGen        total 5242880K, used 1560345K [0x00002ba57b4e0000, 0x00002ba6bb4e0000, 0x00002ba6bb4e0000)
  object space 5242880K, 29% used [0x00002ba57b4e0000,0x00002ba5da8a6790,0x00002ba6bb4e0000)
 PSPermGen       total 524288K, used 205130K [0x00002ba55b4e0000, 0x00002ba57b4e0000, 0x00002ba57b4e0000)
  object space 524288K, 39% used [0x00002ba55b4e0000,0x00002ba567d32ba0,0x00002ba57b4e0000)
27401.564: [GC [PSYoungGen: 1012859K->17085K(1024256K)] 2573205K->1585563K(6267136K), 0.0449800 secs]
Heap after gc invocations=162:
 PSYoungGen      total 1024256K, used 17085K [0x00002ba6bb4e0000, 0x00002ba6fb4e0000, 0x00002ba6fb4e0000)
  eden space 999168K, 0% used [0x00002ba6bb4e0000,0x00002ba6bb4e0000,0x00002ba6f84a0000)
  from space 25088K, 68% used [0x00002ba6f9c60000,0x00002ba6fad0f500,0x00002ba6fb4e0000)
  to   space 24320K, 0% used [0x00002ba6f84a0000,0x00002ba6f84a0000,0x00002ba6f9c60000)
 PSOldGen        total 5242880K, used 1568478K [0x00002ba57b4e0000, 0x00002ba6bb4e0000, 0x00002ba6bb4e0000)
  object space 5242880K, 29% used [0x00002ba57b4e0000,0x00002ba5db0978b0,0x00002ba6bb4e0000)
 PSPermGen       total 524288K, used 205130K [0x00002ba55b4e0000, 0x00002ba57b4e0000, 0x00002ba57b4e0000)
  object space 524288K, 39% used [0x00002ba55b4e0000,0x00002ba567d32ba0,0x00002ba57b4e0000)
}
Total time for which application threads were stopped: 0.1199720 seconds
Application time: 43.7446410 seconds
{Heap before gc invocations=163:
 PSYoungGen      total 1024256K, used 1016253K [0x00002ba6bb4e0000, 0x00002ba6fb4e0000, 0x00002ba6fb4e0000)
  eden space 999168K, 100% used [0x00002ba6bb4e0000,0x00002ba6f84a0000,0x00002ba6f84a0000)
  from space 25088K, 68% used [0x00002ba6f9c60000,0x00002ba6fad0f500,0x00002ba6fb4e0000)
  to   space 24320K, 0% used [0x00002ba6f84a0000,0x00002ba6f84a0000,0x00002ba6f9c60000)
 PSOldGen        total 5242880K, used 1568478K [0x00002ba57b4e0000, 0x00002ba6bb4e0000, 0x00002ba6bb4e0000)
  object space 5242880K, 29% used [0x00002ba57b4e0000,0x00002ba5db0978b0,0x00002ba6bb4e0000)
 PSPermGen       total 524288K, used 205341K [0x00002ba55b4e0000, 0x00002ba57b4e0000, 0x00002ba57b4e0000)
  object space 524288K, 39% used [0x00002ba55b4e0000,0x00002ba567d67678,0x00002ba57b4e0000)
27455.481: [GC [PSYoungGen: 1016253K->13811K(1023488K)] 2584731K->1593159K(6266368K), 0.0338390 secs]
Heap after gc invocations=163:
 PSYoungGen      total 1023488K, used 13811K [0x00002ba6bb4e0000, 0x00002ba6fb4e0000, 0x00002ba6fb4e0000)
  eden space 999168K, 0% used [0x00002ba6bb4e0000,0x00002ba6bb4e0000,0x00002ba6f84a0000)
  from space 24320K, 56% used [0x00002ba6f84a0000,0x00002ba6f921cd08,0x00002ba6f9c60000)
  to   space 24128K, 0% used [0x00002ba6f9d50000,0x00002ba6f9d50000,0x00002ba6fb4e0000)
 PSOldGen        total 5242880K, used 1579347K [0x00002ba57b4e0000, 0x00002ba6bb4e0000, 0x00002ba6bb4e0000)
  object space 5242880K, 30% used [0x00002ba57b4e0000,0x00002ba5dbb34f40,0x00002ba6bb4e0000)
 PSPermGen       total 524288K, used 205341K [0x00002ba55b4e0000, 0x00002ba57b4e0000, 0x00002ba57b4e0000)
  object space 524288K, 39% used [0x00002ba55b4e0000,0x00002ba567d67678,0x00002ba57b4e0000)
}
Total time for which application threads were stopped: 0.0355840 seconds
Application time: 40.9731350 seconds
{Heap before gc invocations=164:
 PSYoungGen      total 1023488K, used 1012979K [0x00002ba6bb4e0000, 0x00002ba6fb4e0000, 0x00002ba6fb4e0000)
  eden space 999168K, 100% used [0x00002ba6bb4e0000,0x00002ba6f84a0000,0x00002ba6f84a0000)
  from space 24320K, 56% used [0x00002ba6f84a0000,0x00002ba6f921cd08,0x00002ba6f9c60000)
  to   space 24128K, 0% used [0x00002ba6f9d50000,0x00002ba6f9d50000,0x00002ba6fb4e0000)
 PSOldGen        total 5242880K, used 1579347K [0x00002ba57b4e0000, 0x00002ba6bb4e0000, 0x00002ba6bb4e0000)
  object space 5242880K, 30% used [0x00002ba57b4e0000,0x00002ba5dbb34f40,0x00002ba6bb4e0000)
 PSPermGen       total 524288K, used 205736K [0x00002ba55b4e0000, 0x00002ba57b4e0000, 0x00002ba57b4e0000)
  object space 524288K, 39% used [0x00002ba55b4e0000,0x00002ba567dca378,0x00002ba57b4e0000)
27499.497: [GC [PSYoungGen: 1012979K->22480K(1021632K)] 2592327K->1610074K(6264512K), 0.0688390 secs]
Heap after gc invocations=164:
 PSYoungGen      total 1021632K, used 22480K [0x00002ba6bb4e0000, 0x00002ba6fb4e0000, 0x00002ba6fb4e0000)
  eden space 997504K, 0% used [0x00002ba6bb4e0000,0x00002ba6bb4e0000,0x00002ba6f8300000)
  from space 24128K, 93% used [0x00002ba6f9d50000,0x00002ba6fb3441a0,0x00002ba6fb4e0000)
  to   space 25536K, 0% used [0x00002ba6f8300000,0x00002ba6f8300000,0x00002ba6f9bf0000)
 PSOldGen        total 5242880K, used 1587593K [0x00002ba57b4e0000, 0x00002ba6bb4e0000, 0x00002ba6bb4e0000)
  object space 5242880K, 30% used [0x00002ba57b4e0000,0x00002ba5dc3427a0,0x00002ba6bb4e0000)
 PSPermGen       total 524288K, used 205736K [0x00002ba55b4e0000, 0x00002ba57b4e0000, 0x00002ba57b4e0000)
  object space 524288K, 39% used [0x00002ba55b4e0000,0x00002ba567dca378,0x00002ba57b4e0000)
}
Total time for which application threads were stopped: 0.0705700 seconds
Application time: 2.9377530 seconds
{Heap before gc invocations=165:
 PSYoungGen      total 1021632K, used 1019984K [0x00002ba6bb4e0000, 0x00002ba6fb4e0000, 0x00002ba6fb4e0000)
  eden space 997504K, 100% used [0x00002ba6bb4e0000,0x00002ba6f8300000,0x00002ba6f8300000)
  from space 24128K, 93% used [0x00002ba6f9d50000,0x00002ba6fb3441a0,0x00002ba6fb4e0000)
  to   space 25536K, 0% used [0x00002ba6f8300000,0x00002ba6f8300000,0x00002ba6f9bf0000)
 PSOldGen        total 5242880K, used 1587593K [0x00002ba57b4e0000, 0x00002ba6bb4e0000, 0x00002ba6bb4e0000)
  object space 5242880K, 30% used [0x00002ba57b4e0000,0x00002ba5dc3427a0,0x00002ba6bb4e0000)
 PSPermGen       total 524288K, used 206013K [0x00002ba55b4e0000, 0x00002ba57b4e0000, 0x00002ba57b4e0000)
  object space 524288K, 39% used [0x00002ba55b4e0000,0x00002ba567e0f640,0x00002ba57b4e0000)
27511.680: [GC [PSYoungGen: 1019984K->16744K(1023040K)] 2607578K->1612022K(6265920K), 0.0361820 secs]
Heap after gc invocations=165:
 PSYoungGen      total 1023040K, used 16744K [0x00002ba6bb4e0000, 0x00002ba6fb4e0000, 0x00002ba6fb4e0000)
  eden space 997504K, 0% used [0x00002ba6bb4e0000,0x00002ba6bb4e0000,0x00002ba6f8300000)
  from space 25536K, 65% used [0x00002ba6f8300000,0x00002ba6f935a230,0x00002ba6f9bf0000)
  to   space 24832K, 0% used [0x00002ba6f9ca0000,0x00002ba6f9ca0000,0x00002ba6fb4e0000)
 PSOldGen        total 5242880K, used 1595277K [0x00002ba57b4e0000, 0x00002ba6bb4e0000, 0x00002ba6bb4e0000)
  object space 5242880K, 30% used [0x00002ba57b4e0000,0x00002ba5dcac36a8,0x00002ba6bb4e0000)
 PSPermGen       total 524288K, used 206013K [0x00002ba55b4e0000, 0x00002ba57b4e0000, 0x00002ba57b4e0000)
  object space 524288K, 39% used [0x00002ba55b4e0000,0x00002ba567e0f640,0x00002ba57b4e0000)
}
Total time for which application threads were stopped: 0.1116620 seconds
Application time: 21.6938390 seconds
{Heap before gc invocations=166:
 PSYoungGen      total 1023040K, used 1014248K [0x00002ba6bb4e0000, 0x00002ba6fb4e0000, 0x00002ba6fb4e0000)
  eden space 997504K, 100% used [0x00002ba6bb4e0000,0x00002ba6f8300000,0x00002ba6f8300000)
  from space 25536K, 65% used [0x00002ba6f8300000,0x00002ba6f935a230,0x00002ba6f9bf0000)
  to   space 24832K, 0% used [0x00002ba6f9ca0000,0x00002ba6f9ca0000,0x00002ba6fb4e0000)
 PSOldGen        total 5242880K, used 1595277K [0x00002ba57b4e0000, 0x00002ba6bb4e0000, 0x00002ba6bb4e0000)
  object space 5242880K, 30% used [0x00002ba57b4e0000,0x00002ba5dcac36a8,0x00002ba6bb4e0000)
 PSPermGen       total 524288K, used 206206K [0x00002ba55b4e0000, 0x00002ba57b4e0000, 0x00002ba57b4e0000)
  object space 524288K, 39% used [0x00002ba55b4e0000,0x00002ba567e3f830,0x00002ba57b4e0000)
27551.634: [GC [PSYoungGen: 1014248K->15231K(1024192K)] 2609526K->1622568K(6267072K), 0.0289110 secs]
Heap after gc invocations=166:
 PSYoungGen      total 1024192K, used 15231K [0x00002ba6bb4e0000, 0x00002ba6fb4e0000, 0x00002ba6fb4e0000)
  eden space 999360K, 0% used [0x00002ba6bb4e0000,0x00002ba6bb4e0000,0x00002ba6f84d0000)
  from space 24832K, 61% used [0x00002ba6f9ca0000,0x00002ba6fab7fc30,0x00002ba6fb4e0000)
  to   space 24384K, 0% used [0x00002ba6f84d0000,0x00002ba6f84d0000,0x00002ba6f9ca0000)
 PSOldGen        total 5242880K, used 1607337K [0x00002ba57b4e0000, 0x00002ba6bb4e0000, 0x00002ba6bb4e0000)
  object space 5242880K, 30% used [0x00002ba57b4e0000,0x00002ba5dd68a508,0x00002ba6bb4e0000)
 PSPermGen       total 524288K, used 206206K [0x00002ba55b4e0000, 0x00002ba57b4e0000, 0x00002ba57b4e0000)
  object space 524288K, 39% used [0x00002ba55b4e0000,0x00002ba567e3f830,0x00002ba57b4e0000)
}
Total time for which application threads were stopped: 0.0838760 seconds
Application time: 1.0148500 seconds
{Heap before gc invocations=167:
 PSYoungGen      total 1024192K, used 1014591K [0x00002ba6bb4e0000, 0x00002ba6fb4e0000, 0x00002ba6fb4e0000)
  eden space 999360K, 100% used [0x00002ba6bb4e0000,0x00002ba6f84d0000,0x00002ba6f84d0000)
  from space 24832K, 61% used [0x00002ba6f9ca0000,0x00002ba6fab7fc30,0x00002ba6fb4e0000)
  to   space 24384K, 0% used [0x00002ba6f84d0000,0x00002ba6f84d0000,0x00002ba6f9ca0000)
 PSOldGen        total 5242880K, used 1607337K [0x00002ba57b4e0000, 0x00002ba6bb4e0000, 0x00002ba6bb4e0000)
  object space 5242880K, 30% used [0x00002ba57b4e0000,0x00002ba5dd68a508,0x00002ba6bb4e0000)
 PSPermGen       total 524288K, used 206244K [0x00002ba55b4e0000, 0x00002ba57b4e0000, 0x00002ba57b4e0000)
  object space 524288K, 39% used [0x00002ba55b4e0000,0x00002ba567e49370,0x00002ba57b4e0000)
27566.042: [GC [PSYoungGen: 1014591K->24362K(1015808K)] 2621928K->1645841K(6258688K), 0.0359640 secs]
Heap after gc invocations=167:
 PSYoungGen      total 1015808K, used 24362K [0x00002ba6bb4e0000, 0x00002ba6fb4e0000, 0x00002ba6fb4e0000)
  eden space 991424K, 0% used [0x00002ba6bb4e0000,0x00002ba6bb4e0000,0x00002ba6f7d10000)
  from space 24384K, 99% used [0x00002ba6f84d0000,0x00002ba6f9c9a988,0x00002ba6f9ca0000)
  to   space 24832K, 0% used [0x00002ba6f9ca0000,0x00002ba6f9ca0000,0x00002ba6fb4e0000)
 PSOldGen        total 5242880K, used 1621478K [0x00002ba57b4e0000, 0x00002ba6bb4e0000, 0x00002ba6bb4e0000)
  object space 5242880K, 30% used [0x00002ba57b4e0000,0x00002ba5de459b20,0x00002ba6bb4e0000)
 PSPermGen       total 524288K, used 206244K [0x00002ba55b4e0000, 0x00002ba57b4e0000, 0x00002ba57b4e0000)
  object space 524288K, 39% used [0x00002ba55b4e0000,0x00002ba567e49370,0x00002ba57b4e0000)
}
Total time for which application threads were stopped: 0.1112940 seconds
Application time: 48.1470160 seconds
{Heap before gc invocations=168:
 PSYoungGen      total 1015808K, used 1015786K [0x00002ba6bb4e0000, 0x00002ba6fb4e0000, 0x00002ba6fb4e0000)
  eden space 991424K, 100% used [0x00002ba6bb4e0000,0x00002ba6f7d10000,0x00002ba6f7d10000)
  from space 24384K, 99% used [0x00002ba6f84d0000,0x00002ba6f9c9a988,0x00002ba6f9ca0000)
  to   space 24832K, 0% used [0x00002ba6f9ca0000,0x00002ba6f9ca0000,0x00002ba6fb4e0000)
 PSOldGen        total 5242880K, used 1621478K [0x00002ba57b4e0000, 0x00002ba6bb4e0000, 0x00002ba6bb4e0000)
  object space 5242880K, 30% used [0x00002ba57b4e0000,0x00002ba5de459b20,0x00002ba6bb4e0000)
 PSPermGen       total 524288K, used 209061K [0x00002ba55b4e0000, 0x00002ba57b4e0000, 0x00002ba57b4e0000)
  object space 524288K, 39% used [0x00002ba55b4e0000,0x00002ba568109500,0x00002ba57b4e0000)
27615.362: [GC [PSYoungGen: 1015786K->12272K(1010304K)] 2637265K->1639129K(6253184K), 0.0237130 secs]
Heap after gc invocations=168:
 PSYoungGen      total 1010304K, used 12272K [0x00002ba6bb4e0000, 0x00002ba6fb4e0000, 0x00002ba6fb4e0000)
  eden space 985472K, 0% used [0x00002ba6bb4e0000,0x00002ba6bb4e0000,0x00002ba6f7740000)
  from space 24832K, 49% used [0x00002ba6f9ca0000,0x00002ba6fa89c2e0,0x00002ba6fb4e0000)
  to   space 31552K, 0% used [0x00002ba6f7740000,0x00002ba6f7740000,0x00002ba6f9610000)
 PSOldGen        total 5242880K, used 1626856K [0x00002ba57b4e0000, 0x00002ba6bb4e0000, 0x00002ba6bb4e0000)
  object space 5242880K, 31% used [0x00002ba57b4e0000,0x00002ba5de99a2d0,0x00002ba6bb4e0000)
 PSPermGen       total 524288K, used 209061K [0x00002ba55b4e0000, 0x00002ba57b4e0000, 0x00002ba57b4e0000)
  object space 524288K, 39% used [0x00002ba55b4e0000,0x00002ba568109500,0x00002ba57b4e0000)
}
Total time for which application threads were stopped: 0.0516170 seconds
Application time: 43.8344100 seconds
{Heap before gc invocations=169:
 PSYoungGen      total 1010304K, used 997744K [0x00002ba6bb4e0000, 0x00002ba6fb4e0000, 0x00002ba6fb4e0000)
  eden space 985472K, 100% used [0x00002ba6bb4e0000,0x00002ba6f7740000,0x00002ba6f7740000)
  from space 24832K, 49% used [0x00002ba6f9ca0000,0x00002ba6fa89c2e0,0x00002ba6fb4e0000)
  to   space 31552K, 0% used [0x00002ba6f7740000,0x00002ba6f7740000,0x00002ba6f9610000)
 PSOldGen        total 5242880K, used 1626856K [0x00002ba57b4e0000, 0x00002ba6bb4e0000, 0x00002ba6bb4e0000)
  object space 5242880K, 31% used [0x00002ba57b4e0000,0x00002ba5de99a2d0,0x00002ba6bb4e0000)
 PSPermGen       total 524288K, used 209080K [0x00002ba55b4e0000, 0x00002ba57b4e0000, 0x00002ba57b4e0000)
  object space 524288K, 39% used [0x00002ba55b4e0000,0x00002ba56810e250,0x00002ba57b4e0000)
27659.275: [GC [PSYoungGen: 997744K->20988K(1017024K)] 2624601K->1654684K(6259904K), 0.0684340 secs]
Heap after gc invocations=169:
 PSYoungGen      total 1017024K, used 20988K [0x00002ba6bb4e0000, 0x00002ba6fb4e0000, 0x00002ba6fb4e0000)
  eden space 985472K, 0% used [0x00002ba6bb4e0000,0x00002ba6bb4e0000,0x00002ba6f7740000)
  from space 31552K, 66% used [0x00002ba6f7740000,0x00002ba6f8bbf0f8,0x00002ba6f9610000)
  to   space 31168K, 0% used [0x00002ba6f9670000,0x00002ba6f9670000,0x00002ba6fb4e0000)
 PSOldGen        total 5242880K, used 1633696K [0x00002ba57b4e0000, 0x00002ba6bb4e0000, 0x00002ba6bb4e0000)
  object space 5242880K, 31% used [0x00002ba57b4e0000,0x00002ba5df0482b0,0x00002ba6bb4e0000)
 PSPermGen       total 524288K, used 209080K [0x00002ba55b4e0000, 0x00002ba57b4e0000, 0x00002ba57b4e0000)
  object space 524288K, 39% used [0x00002ba55b4e0000,0x00002ba56810e250,0x00002ba57b4e0000)
}
Total time for which application threads were stopped: 0.1230850 seconds
Application time: 74.1856800 seconds
{Heap before gc invocations=170:
 PSYoungGen      total 1017024K, used 1006460K [0x00002ba6bb4e0000, 0x00002ba6fb4e0000, 0x00002ba6fb4e0000)
  eden space 985472K, 100% used [0x00002ba6bb4e0000,0x00002ba6f7740000,0x00002ba6f7740000)
  from space 31552K, 66% used [0x00002ba6f7740000,0x00002ba6f8bbf0f8,0x00002ba6f9610000)
  to   space 31168K, 0% used [0x00002ba6f9670000,0x00002ba6f9670000,0x00002ba6fb4e0000)
 PSOldGen        total 5242880K, used 1633696K [0x00002ba57b4e0000, 0x00002ba6bb4e0000, 0x00002ba6bb4e0000)
  object space 5242880K, 31% used [0x00002ba57b4e0000,0x00002ba5df0482b0,0x00002ba6bb4e0000)
 PSPermGen       total 524288K, used 209473K [0x00002ba55b4e0000, 0x00002ba57b4e0000, 0x00002ba57b4e0000)
  object space 524288K, 39% used [0x00002ba55b4e0000,0x00002ba568170630,0x00002ba57b4e0000)
27733.604: [GC [PSYoungGen: 1006460K->16987K(1018368K)] 2640156K->1659352K(6261248K), 0.0496060 secs]
Heap after gc invocations=170:
 PSYoungGen      total 1018368K, used 16987K [0x00002ba6bb4e0000, 0x00002ba6fb4e0000, 0x00002ba6fb4e0000)
  eden space 987200K, 0% used [0x00002ba6bb4e0000,0x00002ba6bb4e0000,0x00002ba6f78f0000)
  from space 31168K, 54% used [0x00002ba6f9670000,0x00002ba6fa706d20,0x00002ba6fb4e0000)
  to   space 30208K, 0% used [0x00002ba6f78f0000,0x00002ba6f78f0000,0x00002ba6f9670000)
 PSOldGen        total 5242880K, used 1642365K [0x00002ba57b4e0000, 0x00002ba6bb4e0000, 0x00002ba6bb4e0000)
  object space 5242880K, 31% used [0x00002ba57b4e0000,0x00002ba5df8bf430,0x00002ba6bb4e0000)
 PSPermGen       total 524288K, used 209473K [0x00002ba55b4e0000, 0x00002ba57b4e0000, 0x00002ba57b4e0000)
  object space 524288K, 39% used [0x00002ba55b4e0000,0x00002ba568170630,0x00002ba57b4e0000)
}
Total time for which application threads were stopped: 0.1247200 seconds
Application time: 26.2339020 seconds
{Heap before gc invocations=171:
 PSYoungGen      total 1018368K, used 1004187K [0x00002ba6bb4e0000, 0x00002ba6fb4e0000, 0x00002ba6fb4e0000)
  eden space 987200K, 100% used [0x00002ba6bb4e0000,0x00002ba6f78f0000,0x00002ba6f78f0000)
  from space 31168K, 54% used [0x00002ba6f9670000,0x00002ba6fa706d20,0x00002ba6fb4e0000)
  to   space 30208K, 0% used [0x00002ba6f78f0000,0x00002ba6f78f0000,0x00002ba6f9670000)
 PSOldGen        total 5242880K, used 1642365K [0x00002ba57b4e0000, 0x00002ba6bb4e0000, 0x00002ba6bb4e0000)
  object space 5242880K, 31% used [0x00002ba57b4e0000,0x00002ba5df8bf430,0x00002ba6bb4e0000)
 PSPermGen       total 524288K, used 212105K [0x00002ba55b4e0000, 0x00002ba57b4e0000, 0x00002ba57b4e0000)
  object space 524288K, 40% used [0x00002ba55b4e0000,0x00002ba568402760,0x00002ba57b4e0000)
27759.994: [GC [PSYoungGen: 1004187K->11035K(1017408K)] 2646552K->1662974K(6260288K), 0.0317690 secs]
Heap after gc invocations=171:
 PSYoungGen      total 1017408K, used 11035K [0x00002ba6bb4e0000, 0x00002ba6fb4e0000, 0x00002ba6fb4e0000)
  eden space 987200K, 0% used [0x00002ba6bb4e0000,0x00002ba6bb4e0000,0x00002ba6f78f0000)
  from space 30208K, 36% used [0x00002ba6f78f0000,0x00002ba6f83b6cb8,0x00002ba6f9670000)
  to   space 30336K, 0% used [0x00002ba6f9740000,0x00002ba6f9740000,0x00002ba6fb4e0000)
 PSOldGen        total 5242880K, used 1651939K [0x00002ba57b4e0000, 0x00002ba6bb4e0000, 0x00002ba6bb4e0000)
  object space 5242880K, 31% used [0x00002ba57b4e0000,0x00002ba5e0218d58,0x00002ba6bb4e0000)
 PSPermGen       total 524288K, used 212105K [0x00002ba55b4e0000, 0x00002ba57b4e0000, 0x00002ba57b4e0000)
  object space 524288K, 40% used [0x00002ba55b4e0000,0x00002ba568402760,0x00002ba57b4e0000)
}
Total time for which application threads were stopped: 0.1385130 seconds
Application time: 41.1045260 seconds
{Heap before gc invocations=172:
 PSYoungGen      total 1017408K, used 998235K [0x00002ba6bb4e0000, 0x00002ba6fb4e0000, 0x00002ba6fb4e0000)
  eden space 987200K, 100% used [0x00002ba6bb4e0000,0x00002ba6f78f0000,0x00002ba6f78f0000)
  from space 30208K, 36% used [0x00002ba6f78f0000,0x00002ba6f83b6cb8,0x00002ba6f9670000)
  to   space 30336K, 0% used [0x00002ba6f9740000,0x00002ba6f9740000,0x00002ba6fb4e0000)
 PSOldGen        total 5242880K, used 1651939K [0x00002ba57b4e0000, 0x00002ba6bb4e0000, 0x00002ba6bb4e0000)
  object space 5242880K, 31% used [0x00002ba57b4e0000,0x00002ba5e0218d58,0x00002ba6bb4e0000)
 PSPermGen       total 524288K, used 212489K [0x00002ba55b4e0000, 0x00002ba57b4e0000, 0x00002ba57b4e0000)
  object space 524288K, 40% used [0x00002ba55b4e0000,0x00002ba5684627c0,0x00002ba57b4e0000)
27801.159: [GC [PSYoungGen: 998235K->28002K(1013248K)] 2650174K->1683872K(6256128K), 0.1046800 secs]
Heap after gc invocations=172:
 PSYoungGen      total 1013248K, used 28002K [0x00002ba6bb4e0000, 0x00002ba6fb4e0000, 0x00002ba6fb4e0000)
  eden space 982912K, 0% used [0x00002ba6bb4e0000,0x00002ba6bb4e0000,0x00002ba6f74c0000)
  from space 30336K, 92% used [0x00002ba6f9740000,0x00002ba6fb298958,0x00002ba6fb4e0000)
  to   space 32832K, 0% used [0x00002ba6f74c0000,0x00002ba6f74c0000,0x00002ba6f94d0000)
 PSOldGen        total 5242880K, used 1655870K [0x00002ba57b4e0000, 0x00002ba6bb4e0000, 0x00002ba6bb4e0000)
  object space 5242880K, 31% used [0x00002ba57b4e0000,0x00002ba5e05ef840,0x00002ba6bb4e0000)
 PSPermGen       total 524288K, used 212489K [0x00002ba55b4e0000, 0x00002ba57b4e0000, 0x00002ba57b4e0000)
  object space 524288K, 40% used [0x00002ba55b4e0000,0x00002ba5684627c0,0x00002ba57b4e0000)
}
Total time for which application threads were stopped: 0.1327070 seconds
Application time: 23.7980500 seconds
{Heap before gc invocations=173:
 PSYoungGen      total 1013248K, used 1010914K [0x00002ba6bb4e0000, 0x00002ba6fb4e0000, 0x00002ba6fb4e0000)
  eden space 982912K, 100% used [0x00002ba6bb4e0000,0x00002ba6f74c0000,0x00002ba6f74c0000)
  from space 30336K, 92% used [0x00002ba6f9740000,0x00002ba6fb298958,0x00002ba6fb4e0000)
  to   space 32832K, 0% used [0x00002ba6f74c0000,0x00002ba6f74c0000,0x00002ba6f94d0000)
 PSOldGen        total 5242880K, used 1655870K [0x00002ba57b4e0000, 0x00002ba6bb4e0000, 0x00002ba6bb4e0000)
  object space 5242880K, 31% used [0x00002ba57b4e0000,0x00002ba5e05ef840,0x00002ba6bb4e0000)
 PSPermGen       total 524288K, used 212846K [0x00002ba55b4e0000, 0x00002ba57b4e0000, 0x00002ba57b4e0000)
  object space 524288K, 40% used [0x00002ba55b4e0000,0x00002ba5684bb848,0x00002ba57b4e0000)
27825.116: [GC [PSYoungGen: 1010914K->7602K(990528K)] 2666784K->1671708K(6233408K), 0.0243750 secs]
Heap after gc invocations=173:
 PSYoungGen      total 990528K, used 7602K [0x00002ba6bb4e0000, 0x00002ba6fb4e0000, 0x00002ba6fb4e0000)
  eden space 982912K, 0% used [0x00002ba6bb4e0000,0x00002ba6bb4e0000,0x00002ba6f74c0000)
  from space 7616K, 99% used [0x00002ba6f74c0000,0x00002ba6f7c2c820,0x00002ba6f7c30000)
  to   space 33344K, 0% used [0x00002ba6f9450000,0x00002ba6f9450000,0x00002ba6fb4e0000)
 PSOldGen        total 5242880K, used 1664106K [0x00002ba57b4e0000, 0x00002ba6bb4e0000, 0x00002ba6bb4e0000)
  object space 5242880K, 31% used [0x00002ba57b4e0000,0x00002ba5e0dfab28,0x00002ba6bb4e0000)
 PSPermGen       total 524288K, used 212846K [0x00002ba55b4e0000, 0x00002ba57b4e0000, 0x00002ba57b4e0000)
  object space 524288K, 40% used [0x00002ba55b4e0000,0x00002ba5684bb848,0x00002ba57b4e0000)
}
Total time for which application threads were stopped: 0.0789720 seconds
Application time: 22.2273630 seconds
{Heap before gc invocations=174:
 PSYoungGen      total 990528K, used 990514K [0x00002ba6bb4e0000, 0x00002ba6fb4e0000, 0x00002ba6fb4e0000)
  eden space 982912K, 100% used [0x00002ba6bb4e0000,0x00002ba6f74c0000,0x00002ba6f74c0000)
  from space 7616K, 99% used [0x00002ba6f74c0000,0x00002ba6f7c2c820,0x00002ba6f7c30000)
  to   space 33344K, 0% used [0x00002ba6f9450000,0x00002ba6f9450000,0x00002ba6fb4e0000)
 PSOldGen        total 5242880K, used 1664106K [0x00002ba57b4e0000, 0x00002ba6bb4e0000, 0x00002ba6bb4e0000)
  object space 5242880K, 31% used [0x00002ba57b4e0000,0x00002ba5e0dfab28,0x00002ba6bb4e0000)
 PSPermGen       total 524288K, used 213026K [0x00002ba55b4e0000, 0x00002ba57b4e0000, 0x00002ba57b4e0000)
  object space 524288K, 40% used [0x00002ba55b4e0000,0x00002ba5684e88f0,0x00002ba57b4e0000)
27847.443: [GC [PSYoungGen: 990514K->10878K(1015616K)] 2654620K->1678978K(6258496K), 0.0247120 secs]
Heap after gc invocations=174:
 PSYoungGen      total 1015616K, used 10878K [0x00002ba6bb4e0000, 0x00002ba6fb4e0000, 0x00002ba6fb4e0000)
  eden space 982272K, 0% used [0x00002ba6bb4e0000,0x00002ba6bb4e0000,0x00002ba6f7420000)
  from space 33344K, 32% used [0x00002ba6f9450000,0x00002ba6f9eefac0,0x00002ba6fb4e0000)
  to   space 32960K, 0% used [0x00002ba6f7420000,0x00002ba6f7420000,0x00002ba6f9450000)
 PSOldGen        total 5242880K, used 1668100K [0x00002ba57b4e0000, 0x00002ba6bb4e0000, 0x00002ba6bb4e0000)
  object space 5242880K, 31% used [0x00002ba57b4e0000,0x00002ba5e11e10b0,0x00002ba6bb4e0000)
 PSPermGen       total 524288K, used 213026K [0x00002ba55b4e0000, 0x00002ba57b4e0000, 0x00002ba57b4e0000)
  object space 524288K, 40% used [0x00002ba55b4e0000,0x00002ba5684e88f0,0x00002ba57b4e0000)
}
Total time for which application threads were stopped: 0.0998920 seconds
Application time: 21.1871980 seconds
{Heap before gc invocations=175:
 PSYoungGen      total 1015616K, used 993150K [0x00002ba6bb4e0000, 0x00002ba6fb4e0000, 0x00002ba6fb4e0000)
  eden space 982272K, 100% used [0x00002ba6bb4e0000,0x00002ba6f7420000,0x00002ba6f7420000)
  from space 33344K, 32% used [0x00002ba6f9450000,0x00002ba6f9eefac0,0x00002ba6fb4e0000)
  to   space 32960K, 0% used [0x00002ba6f7420000,0x00002ba6f7420000,0x00002ba6f9450000)
 PSOldGen        total 5242880K, used 1668100K [0x00002ba57b4e0000, 0x00002ba6bb4e0000, 0x00002ba6bb4e0000)
  object space 5242880K, 31% used [0x00002ba57b4e0000,0x00002ba5e11e10b0,0x00002ba6bb4e0000)
 PSPermGen       total 524288K, used 213393K [0x00002ba55b4e0000, 0x00002ba57b4e0000, 0x00002ba57b4e0000)
  object space 524288K, 40% used [0x00002ba55b4e0000,0x00002ba568544620,0x00002ba57b4e0000)
27868.761: [GC [PSYoungGen: 993150K->6417K(1015232K)] 2661250K->1681462K(6258112K), 0.0231370 secs]
Heap after gc invocations=175:
 PSYoungGen      total 1015232K, used 6417K [0x00002ba6bb4e0000, 0x00002ba6fb4e0000, 0x00002ba6fb4e0000)
  eden space 982272K, 0% used [0x00002ba6bb4e0000,0x00002ba6bb4e0000,0x00002ba6f7420000)
  from space 32960K, 19% used [0x00002ba6f7420000,0x00002ba6f7a64708,0x00002ba6f9450000)
  to   space 33152K, 0% used [0x00002ba6f9480000,0x00002ba6f9480000,0x00002ba6fb4e0000)
 PSOldGen        total 5242880K, used 1675045K [0x00002ba57b4e0000, 0x00002ba6bb4e0000, 0x00002ba6bb4e0000)
  object space 5242880K, 31% used [0x00002ba57b4e0000,0x00002ba5e18a94d8,0x00002ba6bb4e0000)
 PSPermGen       total 524288K, used 213393K [0x00002ba55b4e0000, 0x00002ba57b4e0000, 0x00002ba57b4e0000)
  object space 524288K, 40% used [0x00002ba55b4e0000,0x00002ba568544620,0x00002ba57b4e0000)
}
Total time for which application threads were stopped: 0.1294620 seconds
Application time: 22.3021900 seconds
{Heap before gc invocations=176:
 PSYoungGen      total 1015232K, used 988689K [0x00002ba6bb4e0000, 0x00002ba6fb4e0000, 0x00002ba6fb4e0000)
  eden space 982272K, 100% used [0x00002ba6bb4e0000,0x00002ba6f7420000,0x00002ba6f7420000)
  from space 32960K, 19% used [0x00002ba6f7420000,0x00002ba6f7a64708,0x00002ba6f9450000)
  to   space 33152K, 0% used [0x00002ba6f9480000,0x00002ba6f9480000,0x00002ba6fb4e0000)
 PSOldGen        total 5242880K, used 1675045K [0x00002ba57b4e0000, 0x00002ba6bb4e0000, 0x00002ba6bb4e0000)
  object space 5242880K, 31% used [0x00002ba57b4e0000,0x00002ba5e18a94d8,0x00002ba6bb4e0000)
 PSPermGen       total 524288K, used 213575K [0x00002ba55b4e0000, 0x00002ba57b4e0000, 0x00002ba57b4e0000)
  object space 524288K, 40% used [0x00002ba55b4e0000,0x00002ba568571fe0,0x00002ba57b4e0000)
27891.115: [GC [PSYoungGen: 988689K->8543K(1015872K)] 2663734K->1686894K(6258752K), 0.0241980 secs]
Heap after gc invocations=176:
 PSYoungGen      total 1015872K, used 8543K [0x00002ba6bb4e0000, 0x00002ba6fb4e0000, 0x00002ba6fb4e0000)
  eden space 982720K, 0% used [0x00002ba6bb4e0000,0x00002ba6bb4e0000,0x00002ba6f7490000)
  from space 33152K, 25% used [0x00002ba6f9480000,0x00002ba6f9cd7d48,0x00002ba6fb4e0000)
  to   space 32704K, 0% used [0x00002ba6f7490000,0x00002ba6f7490000,0x00002ba6f9480000)
 PSOldGen        total 5242880K, used 1678351K [0x00002ba57b4e0000, 0x00002ba6bb4e0000, 0x00002ba6bb4e0000)
  object space 5242880K, 32% used [0x00002ba57b4e0000,0x00002ba5e1be3c98,0x00002ba6bb4e0000)
 PSPermGen       total 524288K, used 213575K [0x00002ba55b4e0000, 0x00002ba57b4e0000, 0x00002ba57b4e0000)
  object space 524288K, 40% used [0x00002ba55b4e0000,0x00002ba568571fe0,0x00002ba57b4e0000)
}
Total time for which application threads were stopped: 0.0521800 seconds
Application time: 22.3196980 seconds
{Heap before gc invocations=177:
 PSYoungGen      total 1015872K, used 991263K [0x00002ba6bb4e0000, 0x00002ba6fb4e0000, 0x00002ba6fb4e0000)
  eden space 982720K, 100% used [0x00002ba6bb4e0000,0x00002ba6f7490000,0x00002ba6f7490000)
  from space 33152K, 25% used [0x00002ba6f9480000,0x00002ba6f9cd7d48,0x00002ba6fb4e0000)
  to   space 32704K, 0% used [0x00002ba6f7490000,0x00002ba6f7490000,0x00002ba6f9480000)
 PSOldGen        total 5242880K, used 1678351K [0x00002ba57b4e0000, 0x00002ba6bb4e0000, 0x00002ba6bb4e0000)
  object space 5242880K, 32% used [0x00002ba57b4e0000,0x00002ba5e1be3c98,0x00002ba6bb4e0000)
 PSPermGen       total 524288K, used 213926K [0x00002ba55b4e0000, 0x00002ba57b4e0000, 0x00002ba57b4e0000)
  object space 524288K, 40% used [0x00002ba55b4e0000,0x00002ba5685c9898,0x00002ba57b4e0000)
27913.513: [GC [PSYoungGen: 991263K->8496K(1015424K)] 2669614K->1692248K(6258304K), 0.0221260 secs]
Heap after gc invocations=177:
 PSYoungGen      total 1015424K, used 8496K [0x00002ba6bb4e0000, 0x00002ba6fb4e0000, 0x00002ba6fb4e0000)
  eden space 982720K, 0% used [0x00002ba6bb4e0000,0x00002ba6bb4e0000,0x00002ba6f7490000)
  from space 32704K, 25% used [0x00002ba6f7490000,0x00002ba6f7cdc028,0x00002ba6f9480000)
  to   space 32128K, 0% used [0x00002ba6f9580000,0x00002ba6f9580000,0x00002ba6fb4e0000)
 PSOldGen        total 5242880K, used 1683752K [0x00002ba57b4e0000, 0x00002ba6bb4e0000, 0x00002ba6bb4e0000)
  object space 5242880K, 32% used [0x00002ba57b4e0000,0x00002ba5e212a070,0x00002ba6bb4e0000)
 PSPermGen       total 524288K, used 213926K [0x00002ba55b4e0000, 0x00002ba57b4e0000, 0x00002ba57b4e0000)
  object space 524288K, 40% used [0x00002ba55b4e0000,0x00002ba5685c9898,0x00002ba57b4e0000)
}
Total time for which application threads were stopped: 0.0766870 seconds
Application time: 20.2798800 seconds
{Heap before gc invocations=178:
 PSYoungGen      total 1015424K, used 991216K [0x00002ba6bb4e0000, 0x00002ba6fb4e0000, 0x00002ba6fb4e0000)
  eden space 982720K, 100% used [0x00002ba6bb4e0000,0x00002ba6f7490000,0x00002ba6f7490000)
  from space 32704K, 25% used [0x00002ba6f7490000,0x00002ba6f7cdc028,0x00002ba6f9480000)
  to   space 32128K, 0% used [0x00002ba6f9580000,0x00002ba6f9580000,0x00002ba6fb4e0000)
 PSOldGen        total 5242880K, used 1683752K [0x00002ba57b4e0000, 0x00002ba6bb4e0000, 0x00002ba6bb4e0000)
  object space 5242880K, 32% used [0x00002ba57b4e0000,0x00002ba5e212a070,0x00002ba6bb4e0000)
 PSPermGen       total 524288K, used 215666K [0x00002ba55b4e0000, 0x00002ba57b4e0000, 0x00002ba57b4e0000)
  object space 524288K, 41% used [0x00002ba55b4e0000,0x00002ba56877c960,0x00002ba57b4e0000)
27933.890: [GC [PSYoungGen: 991216K->10338K(1017472K)] 2674968K->1699925K(6260352K), 0.0198310 secs]
Heap after gc invocations=178:
 PSYoungGen      total 1017472K, used 10338K [0x00002ba6bb4e0000, 0x00002ba6fb4e0000, 0x00002ba6fb4e0000)
  eden space 985344K, 0% used [0x00002ba6bb4e0000,0x00002ba6bb4e0000,0x00002ba6f7720000)
  from space 32128K, 32% used [0x00002ba6f9580000,0x00002ba6f9f98b48,0x00002ba6fb4e0000)
  to   space 31104K, 0% used [0x00002ba6f7720000,0x00002ba6f7720000,0x00002ba6f9580000)
 PSOldGen        total 5242880K, used 1689587K [0x00002ba57b4e0000, 0x00002ba6bb4e0000, 0x00002ba6bb4e0000)
  object space 5242880K, 32% used [0x00002ba57b4e0000,0x00002ba5e26dcc38,0x00002ba6bb4e0000)
 PSPermGen       total 524288K, used 215666K [0x00002ba55b4e0000, 0x00002ba57b4e0000, 0x00002ba57b4e0000)
  object space 524288K, 41% used [0x00002ba55b4e0000,0x00002ba56877c960,0x00002ba57b4e0000)
}
Total time for which application threads were stopped: 0.0952580 seconds
Application time: 19.7924880 seconds
{Heap before gc invocations=179:
 PSYoungGen      total 1017472K, used 995682K [0x00002ba6bb4e0000, 0x00002ba6fb4e0000, 0x00002ba6fb4e0000)
  eden space 985344K, 100% used [0x00002ba6bb4e0000,0x00002ba6f7720000,0x00002ba6f7720000)
  from space 32128K, 32% used [0x00002ba6f9580000,0x00002ba6f9f98b48,0x00002ba6fb4e0000)
  to   space 31104K, 0% used [0x00002ba6f7720000,0x00002ba6f7720000,0x00002ba6f9580000)
 PSOldGen        total 5242880K, used 1689587K [0x00002ba57b4e0000, 0x00002ba6bb4e0000, 0x00002ba6bb4e0000)
  object space 5242880K, 32% used [0x00002ba57b4e0000,0x00002ba5e26dcc38,0x00002ba6bb4e0000)
 PSPermGen       total 524288K, used 215843K [0x00002ba55b4e0000, 0x00002ba57b4e0000, 0x00002ba57b4e0000)
  object space 524288K, 41% used [0x00002ba55b4e0000,0x00002ba5687a8ca8,0x00002ba57b4e0000)
27954.839: [GC [PSYoungGen: 995682K->10806K(1016448K)] 2685269K->1708432K(6259328K), 0.0316380 secs]
Heap after gc invocations=179:
 PSYoungGen      total 1016448K, used 10806K [0x00002ba6bb4e0000, 0x00002ba6fb4e0000, 0x00002ba6fb4e0000)
  eden space 985344K, 0% used [0x00002ba6bb4e0000,0x00002ba6bb4e0000,0x00002ba6f7720000)
  from space 31104K, 34% used [0x00002ba6f7720000,0x00002ba6f81ad9f0,0x00002ba6f9580000)
  to   space 29952K, 0% used [0x00002ba6f97a0000,0x00002ba6f97a0000,0x00002ba6fb4e0000)
 PSOldGen        total 5242880K, used 1697625K [0x00002ba57b4e0000, 0x00002ba6bb4e0000, 0x00002ba6bb4e0000)
  object space 5242880K, 32% used [0x00002ba57b4e0000,0x00002ba5e2eb6670,0x00002ba6bb4e0000)
 PSPermGen       total 524288K, used 215843K [0x00002ba55b4e0000, 0x00002ba57b4e0000, 0x00002ba57b4e0000)
  object space 524288K, 41% used [0x00002ba55b4e0000,0x00002ba5687a8ca8,0x00002ba57b4e0000)
}
Total time for which application threads were stopped: 0.0596010 seconds
Application time: 19.6741300 seconds
{Heap before gc invocations=180:
 PSYoungGen      total 1016448K, used 996150K [0x00002ba6bb4e0000, 0x00002ba6fb4e0000, 0x00002ba6fb4e0000)
  eden space 985344K, 100% used [0x00002ba6bb4e0000,0x00002ba6f7720000,0x00002ba6f7720000)
  from space 31104K, 34% used [0x00002ba6f7720000,0x00002ba6f81ad9f0,0x00002ba6f9580000)
  to   space 29952K, 0% used [0x00002ba6f97a0000,0x00002ba6f97a0000,0x00002ba6fb4e0000)
 PSOldGen        total 5242880K, used 1697625K [0x00002ba57b4e0000, 0x00002ba6bb4e0000, 0x00002ba6bb4e0000)
  object space 5242880K, 32% used [0x00002ba57b4e0000,0x00002ba5e2eb6670,0x00002ba6bb4e0000)
 PSPermGen       total 524288K, used 216385K [0x00002ba55b4e0000, 0x00002ba57b4e0000, 0x00002ba57b4e0000)
  object space 524288K, 41% used [0x00002ba55b4e0000,0x00002ba568830588,0x00002ba57b4e0000)
27974.600: [GC [PSYoungGen: 996150K->6918K(1019072K)] 2693776K->1711384K(6261952K), 0.0224500 secs]
Heap after gc invocations=180:
 PSYoungGen      total 1019072K, used 6918K [0x00002ba6bb4e0000, 0x00002ba6fb4e0000, 0x00002ba6fb4e0000)
  eden space 989120K, 0% used [0x00002ba6bb4e0000,0x00002ba6bb4e0000,0x00002ba6f7ad0000)
  from space 29952K, 23% used [0x00002ba6f97a0000,0x00002ba6f9e61ab8,0x00002ba6fb4e0000)
  to   space 29504K, 0% used [0x00002ba6f7ad0000,0x00002ba6f7ad0000,0x00002ba6f97a0000)
 PSOldGen        total 5242880K, used 1704466K [0x00002ba57b4e0000, 0x00002ba6bb4e0000, 0x00002ba6bb4e0000)
  object space 5242880K, 32% used [0x00002ba57b4e0000,0x00002ba5e35648d0,0x00002ba6bb4e0000)
 PSPermGen       total 524288K, used 216385K [0x00002ba55b4e0000, 0x00002ba57b4e0000, 0x00002ba57b4e0000)
  object space 524288K, 41% used [0x00002ba55b4e0000,0x00002ba568830588,0x00002ba57b4e0000)
}
Total time for which application threads were stopped: 0.0771660 seconds
Application time: 17.3761140 seconds
{Heap before gc invocations=181:
 PSYoungGen      total 1019072K, used 996038K [0x00002ba6bb4e0000, 0x00002ba6fb4e0000, 0x00002ba6fb4e0000)
  eden space 989120K, 100% used [0x00002ba6bb4e0000,0x00002ba6f7ad0000,0x00002ba6f7ad0000)
  from space 29952K, 23% used [0x00002ba6f97a0000,0x00002ba6f9e61ab8,0x00002ba6fb4e0000)
  to   space 29504K, 0% used [0x00002ba6f7ad0000,0x00002ba6f7ad0000,0x00002ba6f97a0000)
 PSOldGen        total 5242880K, used 1704466K [0x00002ba57b4e0000, 0x00002ba6bb4e0000, 0x00002ba6bb4e0000)
  object space 5242880K, 32% used [0x00002ba57b4e0000,0x00002ba5e35648d0,0x00002ba6bb4e0000)
 PSPermGen       total 524288K, used 217105K [0x00002ba55b4e0000, 0x00002ba57b4e0000, 0x00002ba57b4e0000)
  object space 524288K, 41% used [0x00002ba55b4e0000,0x00002ba5688e4560,0x00002ba57b4e0000)
27992.074: [GC [PSYoungGen: 996038K->13346K(1018624K)] 2700504K->1721603K(6261504K), 0.0355380 secs]
Heap after gc invocations=181:
 PSYoungGen      total 1018624K, used 13346K [0x00002ba6bb4e0000, 0x00002ba6fb4e0000, 0x00002ba6fb4e0000)
  eden space 989120K, 0% used [0x00002ba6bb4e0000,0x00002ba6bb4e0000,0x00002ba6f7ad0000)
  from space 29504K, 45% used [0x00002ba6f7ad0000,0x00002ba6f87d8a90,0x00002ba6f97a0000)
  to   space 27968K, 0% used [0x00002ba6f9990000,0x00002ba6f9990000,0x00002ba6fb4e0000)
 PSOldGen        total 5242880K, used 1708256K [0x00002ba57b4e0000, 0x00002ba6bb4e0000, 0x00002ba6bb4e0000)
  object space 5242880K, 32% used [0x00002ba57b4e0000,0x00002ba5e3918198,0x00002ba6bb4e0000)
 PSPermGen       total 524288K, used 217105K [0x00002ba55b4e0000, 0x00002ba57b4e0000, 0x00002ba57b4e0000)
  object space 524288K, 41% used [0x00002ba55b4e0000,0x00002ba5688e4560,0x00002ba57b4e0000)
}
Total time for which application threads were stopped: 0.1106680 seconds
Application time: 3.7024520 seconds
{Heap before gc invocations=182:
 PSYoungGen      total 1018624K, used 1002466K [0x00002ba6bb4e0000, 0x00002ba6fb4e0000, 0x00002ba6fb4e0000)
  eden space 989120K, 100% used [0x00002ba6bb4e0000,0x00002ba6f7ad0000,0x00002ba6f7ad0000)
  from space 29504K, 45% used [0x00002ba6f7ad0000,0x00002ba6f87d8a90,0x00002ba6f97a0000)
  to   space 27968K, 0% used [0x00002ba6f9990000,0x00002ba6f9990000,0x00002ba6fb4e0000)
 PSOldGen        total 5242880K, used 1708256K [0x00002ba57b4e0000, 0x00002ba6bb4e0000, 0x00002ba6bb4e0000)
  object space 5242880K, 32% used [0x00002ba57b4e0000,0x00002ba5e3918198,0x00002ba6bb4e0000)
 PSPermGen       total 524288K, used 218150K [0x00002ba55b4e0000, 0x00002ba57b4e0000, 0x00002ba57b4e0000)
  object space 524288K, 41% used [0x00002ba55b4e0000,0x00002ba5689e9840,0x00002ba57b4e0000)
28007.943: [GC [PSYoungGen: 1002466K->19215K(1019072K)] 2710723K->1732144K(6261952K), 0.0583270 secs]
Heap after gc invocations=182:
 PSYoungGen      total 1019072K, used 19215K [0x00002ba6bb4e0000, 0x00002ba6fb4e0000, 0x00002ba6fb4e0000)
  eden space 991104K, 0% used [0x00002ba6bb4e0000,0x00002ba6bb4e0000,0x00002ba6f7cc0000)
  from space 27968K, 68% used [0x00002ba6f9990000,0x00002ba6fac53e60,0x00002ba6fb4e0000)
  to   space 28736K, 0% used [0x00002ba6f7cc0000,0x00002ba6f7cc0000,0x00002ba6f98d0000)
 PSOldGen        total 5242880K, used 1712929K [0x00002ba57b4e0000, 0x00002ba6bb4e0000, 0x00002ba6bb4e0000)
  object space 5242880K, 32% used [0x00002ba57b4e0000,0x00002ba5e3da84a8,0x00002ba6bb4e0000)
 PSPermGen       total 524288K, used 218150K [0x00002ba55b4e0000, 0x00002ba57b4e0000, 0x00002ba57b4e0000)
  object space 524288K, 41% used [0x00002ba55b4e0000,0x00002ba5689e9840,0x00002ba57b4e0000)
}
Total time for which application threads were stopped: 0.0599490 seconds
Application time: 11.9961150 seconds
{Heap before gc invocations=183:
 PSYoungGen      total 1019072K, used 1010319K [0x00002ba6bb4e0000, 0x00002ba6fb4e0000, 0x00002ba6fb4e0000)
  eden space 991104K, 100% used [0x00002ba6bb4e0000,0x00002ba6f7cc0000,0x00002ba6f7cc0000)
  from space 27968K, 68% used [0x00002ba6f9990000,0x00002ba6fac53e60,0x00002ba6fb4e0000)
  to   space 28736K, 0% used [0x00002ba6f7cc0000,0x00002ba6f7cc0000,0x00002ba6f98d0000)
 PSOldGen        total 5242880K, used 1712929K [0x00002ba57b4e0000, 0x00002ba6bb4e0000, 0x00002ba6bb4e0000)
  object space 5242880K, 32% used [0x00002ba57b4e0000,0x00002ba5e3da84a8,0x00002ba6bb4e0000)
 PSPermGen       total 524288K, used 218398K [0x00002ba55b4e0000, 0x00002ba57b4e0000, 0x00002ba57b4e0000)
  object space 524288K, 41% used [0x00002ba55b4e0000,0x00002ba568a27930,0x00002ba57b4e0000)
28027.094: [GC [PSYoungGen: 1010319K->11165K(1019840K)] 2723248K->1731796K(6262720K), 0.0287100 secs]
Heap after gc invocations=183:
 PSYoungGen      total 1019840K, used 11165K [0x00002ba6bb4e0000, 0x00002ba6fb4e0000, 0x00002ba6fb4e0000)
  eden space 991104K, 0% used [0x00002ba6bb4e0000,0x00002ba6bb4e0000,0x00002ba6f7cc0000)
  from space 28736K, 38% used [0x00002ba6f7cc0000,0x00002ba6f87a7490,0x00002ba6f98d0000)
  to   space 27648K, 0% used [0x00002ba6f99e0000,0x00002ba6f99e0000,0x00002ba6fb4e0000)
 PSOldGen        total 5242880K, used 1720631K [0x00002ba57b4e0000, 0x00002ba6bb4e0000, 0x00002ba6bb4e0000)
  object space 5242880K, 32% used [0x00002ba57b4e0000,0x00002ba5e452de50,0x00002ba6bb4e0000)
 PSPermGen       total 524288K, used 218398K [0x00002ba55b4e0000, 0x00002ba57b4e0000, 0x00002ba57b4e0000)
  object space 524288K, 41% used [0x00002ba55b4e0000,0x00002ba568a27930,0x00002ba57b4e0000)
}
Total time for which application threads were stopped: 0.0833210 seconds
Application time: 16.8128090 seconds
{Heap before gc invocations=184:
 PSYoungGen      total 1019840K, used 1002269K [0x00002ba6bb4e0000, 0x00002ba6fb4e0000, 0x00002ba6fb4e0000)
  eden space 991104K, 100% used [0x00002ba6bb4e0000,0x00002ba6f7cc0000,0x00002ba6f7cc0000)
  from space 28736K, 38% used [0x00002ba6f7cc0000,0x00002ba6f87a7490,0x00002ba6f98d0000)
  to   space 27648K, 0% used [0x00002ba6f99e0000,0x00002ba6f99e0000,0x00002ba6fb4e0000)
 PSOldGen        total 5242880K, used 1720631K [0x00002ba57b4e0000, 0x00002ba6bb4e0000, 0x00002ba6bb4e0000)
  object space 5242880K, 32% used [0x00002ba57b4e0000,0x00002ba5e452de50,0x00002ba6bb4e0000)
 PSPermGen       total 524288K, used 218745K [0x00002ba55b4e0000, 0x00002ba57b4e0000, 0x00002ba57b4e0000)
  object space 524288K, 41% used [0x00002ba55b4e0000,0x00002ba568a7e498,0x00002ba57b4e0000)
28044.010: [GC [PSYoungGen: 1002269K->7482K(1021312K)] 2722900K->1734324K(6264192K), 0.0191430 secs]
Heap after gc invocations=184:
 PSYoungGen      total 1021312K, used 7482K [0x00002ba6bb4e0000, 0x00002ba6fb4e0000, 0x00002ba6fb4e0000)
  eden space 993664K, 0% used [0x00002ba6bb4e0000,0x00002ba6bb4e0000,0x00002ba6f7f40000)
  from space 27648K, 27% used [0x00002ba6f99e0000,0x00002ba6fa12e820,0x00002ba6fb4e0000)
  to   space 27264K, 0% used [0x00002ba6f7f40000,0x00002ba6f7f40000,0x00002ba6f99e0000)
 PSOldGen        total 5242880K, used 1726842K [0x00002ba57b4e0000, 0x00002ba6bb4e0000, 0x00002ba6bb4e0000)
  object space 5242880K, 32% used [0x00002ba57b4e0000,0x00002ba5e4b3eb80,0x00002ba6bb4e0000)
 PSPermGen       total 524288K, used 218745K [0x00002ba55b4e0000, 0x00002ba57b4e0000, 0x00002ba57b4e0000)
  object space 524288K, 41% used [0x00002ba55b4e0000,0x00002ba568a7e498,0x00002ba57b4e0000)
}
Total time for which application threads were stopped: 0.0942400 seconds
Application time: 0.1791050 seconds
{Heap before gc invocations=185:
 PSYoungGen      total 1021312K, used 1001146K [0x00002ba6bb4e0000, 0x00002ba6fb4e0000, 0x00002ba6fb4e0000)
  eden space 993664K, 100% used [0x00002ba6bb4e0000,0x00002ba6f7f40000,0x00002ba6f7f40000)
  from space 27648K, 27% used [0x00002ba6f99e0000,0x00002ba6fa12e820,0x00002ba6fb4e0000)
  to   space 27264K, 0% used [0x00002ba6f7f40000,0x00002ba6f7f40000,0x00002ba6f99e0000)
 PSOldGen        total 5242880K, used 1726842K [0x00002ba57b4e0000, 0x00002ba6bb4e0000, 0x00002ba6bb4e0000)
  object space 5242880K, 32% used [0x00002ba57b4e0000,0x00002ba5e4b3eb80,0x00002ba6bb4e0000)
 PSPermGen       total 524288K, used 218760K [0x00002ba55b4e0000, 0x00002ba57b4e0000, 0x00002ba57b4e0000)
  object space 524288K, 41% used [0x00002ba55b4e0000,0x00002ba568a82100,0x00002ba57b4e0000)
28064.384: [GC [PSYoungGen: 1001146K->11506K(1020928K)] 2727988K->1743026K(6263808K), 0.0215510 secs]
Heap after gc invocations=185:
 PSYoungGen      total 1020928K, used 11506K [0x00002ba6bb4e0000, 0x00002ba6fb4e0000, 0x00002ba6fb4e0000)
  eden space 993664K, 0% used [0x00002ba6bb4e0000,0x00002ba6bb4e0000,0x00002ba6f7f40000)
  from space 27264K, 42% used [0x00002ba6f7f40000,0x00002ba6f8a7c840,0x00002ba6f99e0000)
  to   space 26048K, 0% used [0x00002ba6f9b70000,0x00002ba6f9b70000,0x00002ba6fb4e0000)
 PSOldGen        total 5242880K, used 1731520K [0x00002ba57b4e0000, 0x00002ba6bb4e0000, 0x00002ba6bb4e0000)
  object space 5242880K, 33% used [0x00002ba57b4e0000,0x00002ba5e4fd0058,0x00002ba6bb4e0000)
 PSPermGen       total 524288K, used 218760K [0x00002ba55b4e0000, 0x00002ba57b4e0000, 0x00002ba57b4e0000)
  object space 524288K, 41% used [0x00002ba55b4e0000,0x00002ba568a82100,0x00002ba57b4e0000)
}
Total time for which application threads were stopped: 0.0499560 seconds
Application time: 26.2578110 seconds
{Heap before gc invocations=186:
 PSYoungGen      total 1020928K, used 1005170K [0x00002ba6bb4e0000, 0x00002ba6fb4e0000, 0x00002ba6fb4e0000)
  eden space 993664K, 100% used [0x00002ba6bb4e0000,0x00002ba6f7f40000,0x00002ba6f7f40000)
  from space 27264K, 42% used [0x00002ba6f7f40000,0x00002ba6f8a7c840,0x00002ba6f99e0000)
  to   space 26048K, 0% used [0x00002ba6f9b70000,0x00002ba6f9b70000,0x00002ba6fb4e0000)
 PSOldGen        total 5242880K, used 1731520K [0x00002ba57b4e0000, 0x00002ba6bb4e0000, 0x00002ba6bb4e0000)
  object space 5242880K, 33% used [0x00002ba57b4e0000,0x00002ba5e4fd0058,0x00002ba6bb4e0000)
 PSPermGen       total 524288K, used 218762K [0x00002ba55b4e0000, 0x00002ba57b4e0000, 0x00002ba57b4e0000)
  object space 524288K, 41% used [0x00002ba55b4e0000,0x00002ba568a82a18,0x00002ba57b4e0000)
28090.718: [GC [PSYoungGen: 1005170K->6655K(1022784K)] 2736690K->1746693K(6265664K), 0.0229510 secs]
Heap after gc invocations=186:
 PSYoungGen      total 1022784K, used 6655K [0x00002ba6bb4e0000, 0x00002ba6fb4e0000, 0x00002ba6fb4e0000)
  eden space 996736K, 0% used [0x00002ba6bb4e0000,0x00002ba6bb4e0000,0x00002ba6f8240000)
  from space 26048K, 25% used [0x00002ba6f9b70000,0x00002ba6fa1efd48,0x00002ba6fb4e0000)
  to   space 25792K, 0% used [0x00002ba6f8240000,0x00002ba6f8240000,0x00002ba6f9b70000)
 PSOldGen        total 5242880K, used 1740037K [0x00002ba57b4e0000, 0x00002ba6bb4e0000, 0x00002ba6bb4e0000)
  object space 5242880K, 33% used [0x00002ba57b4e0000,0x00002ba5e5821728,0x00002ba6bb4e0000)
 PSPermGen       total 524288K, used 218762K [0x00002ba55b4e0000, 0x00002ba57b4e0000, 0x00002ba57b4e0000)
  object space 524288K, 41% used [0x00002ba55b4e0000,0x00002ba568a82a18,0x00002ba57b4e0000)
}
Total time for which application threads were stopped: 0.0777670 seconds
Application time: 22.3652910 seconds
{Heap before gc invocations=187:
 PSYoungGen      total 1022784K, used 1003391K [0x00002ba6bb4e0000, 0x00002ba6fb4e0000, 0x00002ba6fb4e0000)
  eden space 996736K, 100% used [0x00002ba6bb4e0000,0x00002ba6f8240000,0x00002ba6f8240000)
  from space 26048K, 25% used [0x00002ba6f9b70000,0x00002ba6fa1efd48,0x00002ba6fb4e0000)
  to   space 25792K, 0% used [0x00002ba6f8240000,0x00002ba6f8240000,0x00002ba6f9b70000)
 PSOldGen        total 5242880K, used 1740037K [0x00002ba57b4e0000, 0x00002ba6bb4e0000, 0x00002ba6bb4e0000)
  object space 5242880K, 33% used [0x00002ba57b4e0000,0x00002ba5e5821728,0x00002ba6bb4e0000)
 PSPermGen       total 524288K, used 219309K [0x00002ba55b4e0000, 0x00002ba57b4e0000, 0x00002ba57b4e0000)
  object space 524288K, 41% used [0x00002ba55b4e0000,0x00002ba568b0b7f8,0x00002ba57b4e0000)
28113.182: [GC [PSYoungGen: 1003391K->8198K(1022528K)] 2743429K->1751451K(6265408K), 0.0197940 secs]
Heap after gc invocations=187:
 PSYoungGen      total 1022528K, used 8198K [0x00002ba6bb4e0000, 0x00002ba6fb4e0000, 0x00002ba6fb4e0000)
  eden space 996736K, 0% used [0x00002ba6bb4e0000,0x00002ba6bb4e0000,0x00002ba6f8240000)
  from space 25792K, 31% used [0x00002ba6f8240000,0x00002ba6f8a41810,0x00002ba6f9b70000)
  to   space 25088K, 0% used [0x00002ba6f9c60000,0x00002ba6f9c60000,0x00002ba6fb4e0000)
 PSOldGen        total 5242880K, used 1743253K [0x00002ba57b4e0000, 0x00002ba6bb4e0000, 0x00002ba6bb4e0000)
  object space 5242880K, 33% used [0x00002ba57b4e0000,0x00002ba5e5b45758,0x00002ba6bb4e0000)
 PSPermGen       total 524288K, used 219309K [0x00002ba55b4e0000, 0x00002ba57b4e0000, 0x00002ba57b4e0000)
  object space 524288K, 41% used [0x00002ba55b4e0000,0x00002ba568b0b7f8,0x00002ba57b4e0000)
}
Total time for which application threads were stopped: 0.0952030 seconds
Application time: 27.0846050 seconds
{Heap before gc invocations=188:
 PSYoungGen      total 1022528K, used 1004934K [0x00002ba6bb4e0000, 0x00002ba6fb4e0000, 0x00002ba6fb4e0000)
  eden space 996736K, 100% used [0x00002ba6bb4e0000,0x00002ba6f8240000,0x00002ba6f8240000)
  from space 25792K, 31% used [0x00002ba6f8240000,0x00002ba6f8a41810,0x00002ba6f9b70000)
  to   space 25088K, 0% used [0x00002ba6f9c60000,0x00002ba6f9c60000,0x00002ba6fb4e0000)
 PSOldGen        total 5242880K, used 1743253K [0x00002ba57b4e0000, 0x00002ba6bb4e0000, 0x00002ba6bb4e0000)
  object space 5242880K, 33% used [0x00002ba57b4e0000,0x00002ba5e5b45758,0x00002ba6bb4e0000)
 PSPermGen       total 524288K, used 219494K [0x00002ba55b4e0000, 0x00002ba57b4e0000, 0x00002ba57b4e0000)
  object space 524288K, 41% used [0x00002ba55b4e0000,0x00002ba568b39a98,0x00002ba57b4e0000)
28140.393: [GC [PSYoungGen: 1004934K->6239K(1023872K)] 2748187K->1755117K(6266752K), 0.0206820 secs]
Heap after gc invocations=188:
 PSYoungGen      total 1023872K, used 6239K [0x00002ba6bb4e0000, 0x00002ba6fb4e0000, 0x00002ba6fb4e0000)
  eden space 998784K, 0% used [0x00002ba6bb4e0000,0x00002ba6bb4e0000,0x00002ba6f8440000)
  from space 25088K, 24% used [0x00002ba6f9c60000,0x00002ba6fa277d48,0x00002ba6fb4e0000)
  to   space 24704K, 0% used [0x00002ba6f8440000,0x00002ba6f8440000,0x00002ba6f9c60000)
 PSOldGen        total 5242880K, used 1748878K [0x00002ba57b4e0000, 0x00002ba6bb4e0000, 0x00002ba6bb4e0000)
  object space 5242880K, 33% used [0x00002ba57b4e0000,0x00002ba5e60c3a68,0x00002ba6bb4e0000)
 PSPermGen       total 524288K, used 219494K [0x00002ba55b4e0000, 0x00002ba57b4e0000, 0x00002ba57b4e0000)
  object space 524288K, 41% used [0x00002ba55b4e0000,0x00002ba568b39a98,0x00002ba57b4e0000)
}
Total time for which application threads were stopped: 0.1271060 seconds
Application time: 26.8299940 seconds
{Heap before gc invocations=189:
 PSYoungGen      total 1023872K, used 1005023K [0x00002ba6bb4e0000, 0x00002ba6fb4e0000, 0x00002ba6fb4e0000)
  eden space 998784K, 100% used [0x00002ba6bb4e0000,0x00002ba6f8440000,0x00002ba6f8440000)
  from space 25088K, 24% used [0x00002ba6f9c60000,0x00002ba6fa277d48,0x00002ba6fb4e0000)
  to   space 24704K, 0% used [0x00002ba6f8440000,0x00002ba6f8440000,0x00002ba6f9c60000)
 PSOldGen        total 5242880K, used 1748878K [0x00002ba57b4e0000, 0x00002ba6bb4e0000, 0x00002ba6bb4e0000)
  object space 5242880K, 33% used [0x00002ba57b4e0000,0x00002ba5e60c3a68,0x00002ba6bb4e0000)
 PSPermGen       total 524288K, used 219669K [0x00002ba55b4e0000, 0x00002ba57b4e0000, 0x00002ba57b4e0000)
  object space 524288K, 41% used [0x00002ba55b4e0000,0x00002ba568b65450,0x00002ba57b4e0000)
28167.271: [GC [PSYoungGen: 1005023K->9120K(1023488K)] 2753901K->1761850K(6266368K), 0.0214610 secs]
Heap after gc invocations=189:
 PSYoungGen      total 1023488K, used 9120K [0x00002ba6bb4e0000, 0x00002ba6fb4e0000, 0x00002ba6fb4e0000)
  eden space 998784K, 0% used [0x00002ba6bb4e0000,0x00002ba6bb4e0000,0x00002ba6f8440000)
  from space 24704K, 36% used [0x00002ba6f8440000,0x00002ba6f8d282c8,0x00002ba6f9c60000)
  to   space 23680K, 0% used [0x00002ba6f9dc0000,0x00002ba6f9dc0000,0x00002ba6fb4e0000)
 PSOldGen        total 5242880K, used 1752729K [0x00002ba57b4e0000, 0x00002ba6bb4e0000, 0x00002ba6bb4e0000)
  object space 5242880K, 33% used [0x00002ba57b4e0000,0x00002ba5e6486600,0x00002ba6bb4e0000)
 PSPermGen       total 524288K, used 219669K [0x00002ba55b4e0000, 0x00002ba57b4e0000, 0x00002ba57b4e0000)
  object space 524288K, 41% used [0x00002ba55b4e0000,0x00002ba568b65450,0x00002ba57b4e0000)
}
Total time for which application threads were stopped: 0.0494700 seconds
Application time: 61.6334470 seconds
{Heap before gc invocations=190:
 PSYoungGen      total 1023488K, used 1007904K [0x00002ba6bb4e0000, 0x00002ba6fb4e0000, 0x00002ba6fb4e0000)
  eden space 998784K, 100% used [0x00002ba6bb4e0000,0x00002ba6f8440000,0x00002ba6f8440000)
  from space 24704K, 36% used [0x00002ba6f8440000,0x00002ba6f8d282c8,0x00002ba6f9c60000)
  to   space 23680K, 0% used [0x00002ba6f9dc0000,0x00002ba6f9dc0000,0x00002ba6fb4e0000)
 PSOldGen        total 5242880K, used 1752729K [0x00002ba57b4e0000, 0x00002ba6bb4e0000, 0x00002ba6bb4e0000)
  object space 5242880K, 33% used [0x00002ba57b4e0000,0x00002ba5e6486600,0x00002ba6bb4e0000)
 PSPermGen       total 524288K, used 220365K [0x00002ba55b4e0000, 0x00002ba57b4e0000, 0x00002ba57b4e0000)
  object space 524288K, 42% used [0x00002ba55b4e0000,0x00002ba568c13420,0x00002ba57b4e0000)
28228.981: [GC [PSYoungGen: 1007904K->12881K(1025472K)] 2760634K->1768700K(6268352K), 0.0258240 secs]
Heap after gc invocations=190:
 PSYoungGen      total 1025472K, used 12881K [0x00002ba6bb4e0000, 0x00002ba6fb4e0000, 0x00002ba6fb4e0000)
  eden space 1001792K, 0% used [0x00002ba6bb4e0000,0x00002ba6bb4e0000,0x00002ba6f8730000)
  from space 23680K, 54% used [0x00002ba6f9dc0000,0x00002ba6faa54608,0x00002ba6fb4e0000)
  to   space 23104K, 0% used [0x00002ba6f8730000,0x00002ba6f8730000,0x00002ba6f9dc0000)
 PSOldGen        total 5242880K, used 1755818K [0x00002ba57b4e0000, 0x00002ba6bb4e0000, 0x00002ba6bb4e0000)
  object space 5242880K, 33% used [0x00002ba57b4e0000,0x00002ba5e678abf8,0x00002ba6bb4e0000)
 PSPermGen       total 524288K, used 220365K [0x00002ba55b4e0000, 0x00002ba57b4e0000, 0x00002ba57b4e0000)
  object space 524288K, 42% used [0x00002ba55b4e0000,0x00002ba568c13420,0x00002ba57b4e0000)
}
Total time for which application threads were stopped: 0.0808650 seconds
Application time: 94.2709850 seconds
{Heap before gc invocations=191:
 PSYoungGen      total 1025472K, used 1012799K [0x00002ba6bb4e0000, 0x00002ba6fb4e0000, 0x00002ba6fb4e0000)
  eden space 1001792K, 99% used [0x00002ba6bb4e0000,0x00002ba6f855b790,0x00002ba6f8730000)
  from space 23680K, 54% used [0x00002ba6f9dc0000,0x00002ba6faa54608,0x00002ba6fb4e0000)
  to   space 23104K, 0% used [0x00002ba6f8730000,0x00002ba6f8730000,0x00002ba6f9dc0000)
 PSOldGen        total 5242880K, used 1755818K [0x00002ba57b4e0000, 0x00002ba6bb4e0000, 0x00002ba6bb4e0000)
  object space 5242880K, 33% used [0x00002ba57b4e0000,0x00002ba5e678abf8,0x00002ba6bb4e0000)
 PSPermGen       total 524288K, used 222212K [0x00002ba55b4e0000, 0x00002ba57b4e0000, 0x00002ba57b4e0000)
  object space 524288K, 42% used [0x00002ba55b4e0000,0x00002ba568de1088,0x00002ba57b4e0000)
28323.353: [GC [PSYoungGen: 1012799K->16002K(1017856K)] 2768618K->1778570K(6260736K), 0.0334110 secs]
Heap after gc invocations=191:
 PSYoungGen      total 1017856K, used 16002K [0x00002ba6bb4e0000, 0x00002ba6fb4e0000, 0x00002ba6fb4e0000)
  eden space 1001792K, 0% used [0x00002ba6bb4e0000,0x00002ba6bb4e0000,0x00002ba6f8730000)
  from space 16064K, 99% used [0x00002ba6f8730000,0x00002ba6f96d0b68,0x00002ba6f96e0000)
  to   space 23744K, 0% used [0x00002ba6f9db0000,0x00002ba6f9db0000,0x00002ba6fb4e0000)
 PSOldGen        total 5242880K, used 1762567K [0x00002ba57b4e0000, 0x00002ba6bb4e0000, 0x00002ba6bb4e0000)
  object space 5242880K, 33% used [0x00002ba57b4e0000,0x00002ba5e6e21e48,0x00002ba6bb4e0000)
 PSPermGen       total 524288K, used 222212K [0x00002ba55b4e0000, 0x00002ba57b4e0000, 0x00002ba57b4e0000)
  object space 524288K, 42% used [0x00002ba55b4e0000,0x00002ba568de1088,0x00002ba57b4e0000)
}
Total time for which application threads were stopped: 0.1085080 seconds
Application time: 52.9185360 seconds
{Heap before gc invocations=192:
 PSYoungGen      total 1017856K, used 1017794K [0x00002ba6bb4e0000, 0x00002ba6fb4e0000, 0x00002ba6fb4e0000)
  eden space 1001792K, 100% used [0x00002ba6bb4e0000,0x00002ba6f8730000,0x00002ba6f8730000)
  from space 16064K, 99% used [0x00002ba6f8730000,0x00002ba6f96d0b68,0x00002ba6f96e0000)
  to   space 23744K, 0% used [0x00002ba6f9db0000,0x00002ba6f9db0000,0x00002ba6fb4e0000)
 PSOldGen        total 5242880K, used 1762567K [0x00002ba57b4e0000, 0x00002ba6bb4e0000, 0x00002ba6bb4e0000)
  object space 5242880K, 33% used [0x00002ba57b4e0000,0x00002ba5e6e21e48,0x00002ba6bb4e0000)
 PSPermGen       total 524288K, used 222730K [0x00002ba55b4e0000, 0x00002ba57b4e0000, 0x00002ba57b4e0000)
  object space 524288K, 42% used [0x00002ba55b4e0000,0x00002ba568e62980,0x00002ba57b4e0000)
28376.411: [GC [PSYoungGen: 1017794K->9488K(1025664K)] 2780362K->1782867K(6268544K), 0.0253640 secs]
Heap after gc invocations=192:
 PSYoungGen      total 1025664K, used 9488K [0x00002ba6bb4e0000, 0x00002ba6fb4e0000, 0x00002ba6fb4e0000)
  eden space 1001920K, 0% used [0x00002ba6bb4e0000,0x00002ba6bb4e0000,0x00002ba6f8750000)
  from space 23744K, 39% used [0x00002ba6f9db0000,0x00002ba6fa6f4068,0x00002ba6fb4e0000)
  to   space 22912K, 0% used [0x00002ba6f8750000,0x00002ba6f8750000,0x00002ba6f9db0000)
 PSOldGen        total 5242880K, used 1773379K [0x00002ba57b4e0000, 0x00002ba6bb4e0000, 0x00002ba6bb4e0000)
  object space 5242880K, 33% used [0x00002ba57b4e0000,0x00002ba5e78b0f60,0x00002ba6bb4e0000)
 PSPermGen       total 524288K, used 222730K [0x00002ba55b4e0000, 0x00002ba57b4e0000, 0x00002ba57b4e0000)
  object space 524288K, 42% used [0x00002ba55b4e0000,0x00002ba568e62980,0x00002ba57b4e0000)
}
Total time for which application threads were stopped: 0.1315770 seconds
Application time: 67.9319550 seconds
{Heap before gc invocations=193:
 PSYoungGen      total 1025664K, used 1011408K [0x00002ba6bb4e0000, 0x00002ba6fb4e0000, 0x00002ba6fb4e0000)
  eden space 1001920K, 100% used [0x00002ba6bb4e0000,0x00002ba6f8750000,0x00002ba6f8750000)
  from space 23744K, 39% used [0x00002ba6f9db0000,0x00002ba6fa6f4068,0x00002ba6fb4e0000)
  to   space 22912K, 0% used [0x00002ba6f8750000,0x00002ba6f8750000,0x00002ba6f9db0000)
 PSOldGen        total 5242880K, used 1773379K [0x00002ba57b4e0000, 0x00002ba6bb4e0000, 0x00002ba6bb4e0000)
  object space 5242880K, 33% used [0x00002ba57b4e0000,0x00002ba5e78b0f60,0x00002ba6bb4e0000)
 PSPermGen       total 524288K, used 223981K [0x00002ba55b4e0000, 0x00002ba57b4e0000, 0x00002ba57b4e0000)
  object space 524288K, 42% used [0x00002ba55b4e0000,0x00002ba568f9b460,0x00002ba57b4e0000)
28444.397: [GC [PSYoungGen: 1011408K->8562K(1024832K)] 2784787K->1785396K(6267712K), 0.0241050 secs]
Heap after gc invocations=193:
 PSYoungGen      total 1024832K, used 8562K [0x00002ba6bb4e0000, 0x00002ba6fb4e0000, 0x00002ba6fb4e0000)
  eden space 1001920K, 0% used [0x00002ba6bb4e0000,0x00002ba6bb4e0000,0x00002ba6f8750000)
  from space 22912K, 37% used [0x00002ba6f8750000,0x00002ba6f8facb48,0x00002ba6f9db0000)
  to   space 22208K, 0% used [0x00002ba6f9f30000,0x00002ba6f9f30000,0x00002ba6fb4e0000)
 PSOldGen        total 5242880K, used 1776833K [0x00002ba57b4e0000, 0x00002ba6bb4e0000, 0x00002ba6bb4e0000)
  object space 5242880K, 33% used [0x00002ba57b4e0000,0x00002ba5e7c105b0,0x00002ba6bb4e0000)
 PSPermGen       total 524288K, used 223981K [0x00002ba55b4e0000, 0x00002ba57b4e0000, 0x00002ba57b4e0000)
  object space 524288K, 42% used [0x00002ba55b4e0000,0x00002ba568f9b460,0x00002ba57b4e0000)
}
Total time for which application threads were stopped: 0.0521110 seconds
Application time: 70.5696720 seconds
{Heap before gc invocations=194:
 PSYoungGen      total 1024832K, used 1010482K [0x00002ba6bb4e0000, 0x00002ba6fb4e0000, 0x00002ba6fb4e0000)
  eden space 1001920K, 100% used [0x00002ba6bb4e0000,0x00002ba6f8750000,0x00002ba6f8750000)
  from space 22912K, 37% used [0x00002ba6f8750000,0x00002ba6f8facb48,0x00002ba6f9db0000)
  to   space 22208K, 0% used [0x00002ba6f9f30000,0x00002ba6f9f30000,0x00002ba6fb4e0000)
 PSOldGen        total 5242880K, used 1776833K [0x00002ba57b4e0000, 0x00002ba6bb4e0000, 0x00002ba6bb4e0000)
  object space 5242880K, 33% used [0x00002ba57b4e0000,0x00002ba5e7c105b0,0x00002ba6bb4e0000)
 PSPermGen       total 524288K, used 224522K [0x00002ba55b4e0000, 0x00002ba57b4e0000, 0x00002ba57b4e0000)
  object space 524288K, 42% used [0x00002ba55b4e0000,0x00002ba569022af0,0x00002ba57b4e0000)
28515.045: [GC [PSYoungGen: 1010482K->14706K(1025856K)] 2787316K->1795422K(6268736K), 0.0314580 secs]
Heap after gc invocations=194:
 PSYoungGen      total 1025856K, used 14706K [0x00002ba6bb4e0000, 0x00002ba6fb4e0000, 0x00002ba6fb4e0000)
  eden space 1003648K, 0% used [0x00002ba6bb4e0000,0x00002ba6bb4e0000,0x00002ba6f8900000)
  from space 22208K, 66% used [0x00002ba6f9f30000,0x00002ba6fad8c860,0x00002ba6fb4e0000)
  to   space 22464K, 0% used [0x00002ba6f8900000,0x00002ba6f8900000,0x00002ba6f9ef0000)
 PSOldGen        total 5242880K, used 1780716K [0x00002ba57b4e0000, 0x00002ba6bb4e0000, 0x00002ba6bb4e0000)
  object space 5242880K, 33% used [0x00002ba57b4e0000,0x00002ba5e7fdb388,0x00002ba6bb4e0000)
 PSPermGen       total 524288K, used 224522K [0x00002ba55b4e0000, 0x00002ba57b4e0000, 0x00002ba57b4e0000)
  object space 524288K, 42% used [0x00002ba55b4e0000,0x00002ba569022af0,0x00002ba57b4e0000)
}
Total time for which application threads were stopped: 0.0862470 seconds
Application time: 9.6202560 seconds
{Heap before gc invocations=195:
 PSYoungGen      total 1025856K, used 1018354K [0x00002ba6bb4e0000, 0x00002ba6fb4e0000, 0x00002ba6fb4e0000)
  eden space 1003648K, 100% used [0x00002ba6bb4e0000,0x00002ba6f8900000,0x00002ba6f8900000)
  from space 22208K, 66% used [0x00002ba6f9f30000,0x00002ba6fad8c860,0x00002ba6fb4e0000)
  to   space 22464K, 0% used [0x00002ba6f8900000,0x00002ba6f8900000,0x00002ba6f9ef0000)
 PSOldGen        total 5242880K, used 1780716K [0x00002ba57b4e0000, 0x00002ba6bb4e0000, 0x00002ba6bb4e0000)
  object space 5242880K, 33% used [0x00002ba57b4e0000,0x00002ba5e7fdb388,0x00002ba6bb4e0000)
 PSPermGen       total 524288K, used 224577K [0x00002ba55b4e0000, 0x00002ba57b4e0000, 0x00002ba57b4e0000)
  object space 524288K, 42% used [0x00002ba55b4e0000,0x00002ba569030648,0x00002ba57b4e0000)
28603.038: [GC [PSYoungGen: 1018354K->21110K(1024768K)] 2799070K->1810057K(6267648K), 0.0687550 secs]
Heap after gc invocations=195:
 PSYoungGen      total 1024768K, used 21110K [0x00002ba6bb4e0000, 0x00002ba6fb4e0000, 0x00002ba6fb4e0000)
  eden space 1003648K, 0% used [0x00002ba6bb4e0000,0x00002ba6bb4e0000,0x00002ba6f8900000)
  from space 21120K, 99% used [0x00002ba6f8900000,0x00002ba6f9d9dbf8,0x00002ba6f9da0000)
  to   space 23808K, 0% used [0x00002ba6f9da0000,0x00002ba6f9da0000,0x00002ba6fb4e0000)
 PSOldGen        total 5242880K, used 1788946K [0x00002ba57b4e0000, 0x00002ba6bb4e0000, 0x00002ba6bb4e0000)
  object space 5242880K, 34% used [0x00002ba57b4e0000,0x00002ba5e87e49a8,0x00002ba6bb4e0000)
 PSPermGen       total 524288K, used 224577K [0x00002ba55b4e0000, 0x00002ba57b4e0000, 0x00002ba57b4e0000)
  object space 524288K, 42% used [0x00002ba55b4e0000,0x00002ba569030648,0x00002ba57b4e0000)
}
Total time for which application threads were stopped: 0.0703030 seconds
Application time: 1.7259910 seconds
Total time for which application threads were stopped: 0.0566610 seconds
Application time: 5.9112440 seconds
{Heap before gc invocations=196:
 PSYoungGen      total 1024768K, used 1024758K [0x00002ba6bb4e0000, 0x00002ba6fb4e0000, 0x00002ba6fb4e0000)
  eden space 1003648K, 100% used [0x00002ba6bb4e0000,0x00002ba6f8900000,0x00002ba6f8900000)
  from space 21120K, 99% used [0x00002ba6f8900000,0x00002ba6f9d9dbf8,0x00002ba6f9da0000)
  to   space 23808K, 0% used [0x00002ba6f9da0000,0x00002ba6f9da0000,0x00002ba6fb4e0000)
 PSOldGen        total 5242880K, used 1788946K [0x00002ba57b4e0000, 0x00002ba6bb4e0000, 0x00002ba6bb4e0000)
  object space 5242880K, 34% used [0x00002ba57b4e0000,0x00002ba5e87e49a8,0x00002ba6bb4e0000)
 PSPermGen       total 524288K, used 224858K [0x00002ba55b4e0000, 0x00002ba57b4e0000, 0x00002ba57b4e0000)
  object space 524288K, 42% used [0x00002ba55b4e0000,0x00002ba5690768c8,0x00002ba57b4e0000)
28668.416: [GC [PSYoungGen: 1024758K->23787K(1005056K)] 2813705K->1828455K(6247936K), 0.1219660 secs]
Heap after gc invocations=196:
 PSYoungGen      total 1005056K, used 23787K [0x00002ba6bb4e0000, 0x00002ba6fb4e0000, 0x00002ba6fb4e0000)
  eden space 981248K, 0% used [0x00002ba6bb4e0000,0x00002ba6bb4e0000,0x00002ba6f7320000)
  from space 23808K, 99% used [0x00002ba6f9da0000,0x00002ba6fb4dafb8,0x00002ba6fb4e0000)
  to   space 33664K, 0% used [0x00002ba6f7320000,0x00002ba6f7320000,0x00002ba6f9400000)
 PSOldGen        total 5242880K, used 1804667K [0x00002ba57b4e0000, 0x00002ba6bb4e0000, 0x00002ba6bb4e0000)
  object space 5242880K, 34% used [0x00002ba57b4e0000,0x00002ba5e973ef60,0x00002ba6bb4e0000)
 PSPermGen       total 524288K, used 224858K [0x00002ba55b4e0000, 0x00002ba57b4e0000, 0x00002ba57b4e0000)
  object space 524288K, 42% used [0x00002ba55b4e0000,0x00002ba5690768c8,0x00002ba57b4e0000)
}
Total time for which application threads were stopped: 0.1501230 seconds
Application time: 24.0093400 seconds
{Heap before gc invocations=197:
 PSYoungGen      total 1005056K, used 1005035K [0x00002ba6bb4e0000, 0x00002ba6fb4e0000, 0x00002ba6fb4e0000)
  eden space 981248K, 100% used [0x00002ba6bb4e0000,0x00002ba6f7320000,0x00002ba6f7320000)
  from space 23808K, 99% used [0x00002ba6f9da0000,0x00002ba6fb4dafb8,0x00002ba6fb4e0000)
  to   space 33664K, 0% used [0x00002ba6f7320000,0x00002ba6f7320000,0x00002ba6f9400000)
 PSOldGen        total 5242880K, used 1804667K [0x00002ba57b4e0000, 0x00002ba6bb4e0000, 0x00002ba6bb4e0000)
  object space 5242880K, 34% used [0x00002ba57b4e0000,0x00002ba5e973ef60,0x00002ba6bb4e0000)
 PSPermGen       total 524288K, used 225258K [0x00002ba55b4e0000, 0x00002ba57b4e0000, 0x00002ba57b4e0000)
  object space 524288K, 42% used [0x00002ba55b4e0000,0x00002ba5690da920,0x00002ba57b4e0000)
28742.039: [GC [PSYoungGen: 1005035K->13868K(1014912K)] 2809703K->1830470K(6257792K), 0.0328680 secs]
Heap after gc invocations=197:
 PSYoungGen      total 1014912K, used 13868K [0x00002ba6bb4e0000, 0x00002ba6fb4e0000, 0x00002ba6fb4e0000)
  eden space 981248K, 0% used [0x00002ba6bb4e0000,0x00002ba6bb4e0000,0x00002ba6f7320000)
  from space 33664K, 41% used [0x00002ba6f7320000,0x00002ba6f80ab3c0,0x00002ba6f9400000)
  to   space 32064K, 0% used [0x00002ba6f9590000,0x00002ba6f9590000,0x00002ba6fb4e0000)
 PSOldGen        total 5242880K, used 1816601K [0x00002ba57b4e0000, 0x00002ba6bb4e0000, 0x00002ba6bb4e0000)
  object space 5242880K, 34% used [0x00002ba57b4e0000,0x00002ba5ea2e6610,0x00002ba6bb4e0000)
 PSPermGen       total 524288K, used 225258K [0x00002ba55b4e0000, 0x00002ba57b4e0000, 0x00002ba57b4e0000)
  object space 524288K, 42% used [0x00002ba55b4e0000,0x00002ba5690da920,0x00002ba57b4e0000)
}
Total time for which application threads were stopped: 0.1081320 seconds
Application time: 19.8868150 seconds
{Heap before gc invocations=198:
 PSYoungGen      total 1014912K, used 995116K [0x00002ba6bb4e0000, 0x00002ba6fb4e0000, 0x00002ba6fb4e0000)
  eden space 981248K, 100% used [0x00002ba6bb4e0000,0x00002ba6f7320000,0x00002ba6f7320000)
  from space 33664K, 41% used [0x00002ba6f7320000,0x00002ba6f80ab3c0,0x00002ba6f9400000)
  to   space 32064K, 0% used [0x00002ba6f9590000,0x00002ba6f9590000,0x00002ba6fb4e0000)
 PSOldGen        total 5242880K, used 1816601K [0x00002ba57b4e0000, 0x00002ba6bb4e0000, 0x00002ba6bb4e0000)
  object space 5242880K, 34% used [0x00002ba57b4e0000,0x00002ba5ea2e6610,0x00002ba6bb4e0000)
 PSPermGen       total 524288K, used 225968K [0x00002ba55b4e0000, 0x00002ba57b4e0000, 0x00002ba57b4e0000)
  object space 524288K, 43% used [0x00002ba55b4e0000,0x00002ba56918c0d8,0x00002ba57b4e0000)
28829.361: [GC [PSYoungGen: 995116K->19377K(1016640K)] 2811718K->1842251K(6259520K), 0.0331480 secs]
Heap after gc invocations=198:
 PSYoungGen      total 1016640K, used 19377K [0x00002ba6bb4e0000, 0x00002ba6fb4e0000, 0x00002ba6fb4e0000)
  eden space 984576K, 0% used [0x00002ba6bb4e0000,0x00002ba6bb4e0000,0x00002ba6f7660000)
  from space 32064K, 60% used [0x00002ba6f9590000,0x00002ba6fa87c530,0x00002ba6fb4e0000)
  to   space 31936K, 0% used [0x00002ba6f7660000,0x00002ba6f7660000,0x00002ba6f9590000)
 PSOldGen        total 5242880K, used 1822873K [0x00002ba57b4e0000, 0x00002ba6bb4e0000, 0x00002ba6bb4e0000)
  object space 5242880K, 34% used [0x00002ba57b4e0000,0x00002ba5ea9066e8,0x00002ba6bb4e0000)
 PSPermGen       total 524288K, used 225968K [0x00002ba55b4e0000, 0x00002ba57b4e0000, 0x00002ba57b4e0000)
  object space 524288K, 43% used [0x00002ba55b4e0000,0x00002ba56918c0d8,0x00002ba57b4e0000)
}
Total time for which application threads were stopped: 0.1094820 seconds
Application time: 21.8943720 seconds
{Heap before gc invocations=199:
 PSYoungGen      total 1016640K, used 235630K [0x00002ba6bb4e0000, 0x00002ba6fb4e0000, 0x00002ba6fb4e0000)
  eden space 984576K, 21% used [0x00002ba6bb4e0000,0x00002ba6c880f558,0x00002ba6f7660000)
  from space 32064K, 60% used [0x00002ba6f9590000,0x00002ba6fa87c530,0x00002ba6fb4e0000)
  to   space 31936K, 0% used [0x00002ba6f7660000,0x00002ba6f7660000,0x00002ba6f9590000)
 PSOldGen        total 5242880K, used 1822873K [0x00002ba57b4e0000, 0x00002ba6bb4e0000, 0x00002ba6bb4e0000)
  object space 5242880K, 34% used [0x00002ba57b4e0000,0x00002ba5ea9066e8,0x00002ba6bb4e0000)
 PSPermGen       total 524288K, used 226141K [0x00002ba55b4e0000, 0x00002ba57b4e0000, 0x00002ba57b4e0000)
  object space 524288K, 43% used [0x00002ba55b4e0000,0x00002ba5691b74f0,0x00002ba57b4e0000)
28851.394: [GC [PSYoungGen: 235630K->4208K(988800K)] 2058504K->1844695K(6231680K), 0.0267460 secs]
Heap after gc invocations=199:
 PSYoungGen      total 988800K, used 4208K [0x00002ba6bb4e0000, 0x00002ba6fb4e0000, 0x00002ba6fb4e0000)
  eden space 984576K, 0% used [0x00002ba6bb4e0000,0x00002ba6bb4e0000,0x00002ba6f7660000)
  from space 4224K, 99% used [0x00002ba6f7660000,0x00002ba6f7a7c048,0x00002ba6f7a80000)
  to   space 32256K, 0% used [0x00002ba6f9560000,0x00002ba6f9560000,0x00002ba6fb4e0000)
 PSOldGen        total 5242880K, used 1840486K [0x00002ba57b4e0000, 0x00002ba6bb4e0000, 0x00002ba6bb4e0000)
  object space 5242880K, 35% used [0x00002ba57b4e0000,0x00002ba5eba39bd8,0x00002ba6bb4e0000)
 PSPermGen       total 524288K, used 226141K [0x00002ba55b4e0000, 0x00002ba57b4e0000, 0x00002ba57b4e0000)
  object space 524288K, 43% used [0x00002ba55b4e0000,0x00002ba5691b74f0,0x00002ba57b4e0000)
}
{Heap before gc invocations=200:
 PSYoungGen      total 988800K, used 4208K [0x00002ba6bb4e0000, 0x00002ba6fb4e0000, 0x00002ba6fb4e0000)
  eden space 984576K, 0% used [0x00002ba6bb4e0000,0x00002ba6bb4e0000,0x00002ba6f7660000)
  from space 4224K, 99% used [0x00002ba6f7660000,0x00002ba6f7a7c048,0x00002ba6f7a80000)
  to   space 32256K, 0% used [0x00002ba6f9560000,0x00002ba6f9560000,0x00002ba6fb4e0000)
 PSOldGen        total 5242880K, used 1840486K [0x00002ba57b4e0000, 0x00002ba6bb4e0000, 0x00002ba6bb4e0000)
  object space 5242880K, 35% used [0x00002ba57b4e0000,0x00002ba5eba39bd8,0x00002ba6bb4e0000)
 PSPermGen       total 524288K, used 226141K [0x00002ba55b4e0000, 0x00002ba57b4e0000, 0x00002ba57b4e0000)
  object space 524288K, 43% used [0x00002ba55b4e0000,0x00002ba5691b74f0,0x00002ba57b4e0000)
28851.421: [Full GC [PSYoungGen: 4208K->0K(988800K)] [PSOldGen: 1840486K->1555930K(5242880K)] 1844695K->1555930K(6231680K) [PSPermGen: 226141K->226141K(524288K)], 5.9388540 secs]
Heap after gc invocations=200:
 PSYoungGen      total 988800K, used 0K [0x00002ba6bb4e0000, 0x00002ba6fb4e0000, 0x00002ba6fb4e0000)
  eden space 984576K, 0% used [0x00002ba6bb4e0000,0x00002ba6bb4e0000,0x00002ba6f7660000)
  from space 4224K, 0% used [0x00002ba6f7660000,0x00002ba6f7660000,0x00002ba6f7a80000)
  to   space 32256K, 0% used [0x00002ba6f9560000,0x00002ba6f9560000,0x00002ba6fb4e0000)
 PSOldGen        total 5242880K, used 1555930K [0x00002ba57b4e0000, 0x00002ba6bb4e0000, 0x00002ba6bb4e0000)
  object space 5242880K, 29% used [0x00002ba57b4e0000,0x00002ba5da456ae8,0x00002ba6bb4e0000)
 PSPermGen       total 524288K, used 226141K [0x00002ba55b4e0000, 0x00002ba57b4e0000, 0x00002ba57b4e0000)
  object space 524288K, 43% used [0x00002ba55b4e0000,0x00002ba5691b74f0,0x00002ba57b4e0000)
}
Total time for which application threads were stopped: 6.0709570 seconds
Application time: 108.7138400 seconds
{Heap before gc invocations=201:
 PSYoungGen      total 988800K, used 984576K [0x00002ba6bb4e0000, 0x00002ba6fb4e0000, 0x00002ba6fb4e0000)
  eden space 984576K, 100% used [0x00002ba6bb4e0000,0x00002ba6f7660000,0x00002ba6f7660000)
  from space 4224K, 0% used [0x00002ba6f7660000,0x00002ba6f7660000,0x00002ba6f7a80000)
  to   space 32256K, 0% used [0x00002ba6f9560000,0x00002ba6f9560000,0x00002ba6fb4e0000)
 PSOldGen        total 5242880K, used 1555930K [0x00002ba57b4e0000, 0x00002ba6bb4e0000, 0x00002ba6bb4e0000)
  object space 5242880K, 29% used [0x00002ba57b4e0000,0x00002ba5da456ae8,0x00002ba6bb4e0000)
 PSPermGen       total 524288K, used 226674K [0x00002ba55b4e0000, 0x00002ba57b4e0000, 0x00002ba57b4e0000)
  object space 524288K, 43% used [0x00002ba55b4e0000,0x00002ba56923c8c0,0x00002ba57b4e0000)
28974.171: [GC [PSYoungGen: 984576K->16897K(1017216K)] 2540506K->1572828K(6260096K), 0.0295720 secs]
Heap after gc invocations=201:
 PSYoungGen      total 1017216K, used 16897K [0x00002ba6bb4e0000, 0x00002ba6fb4e0000, 0x00002ba6fb4e0000)
  eden space 984960K, 0% used [0x00002ba6bb4e0000,0x00002ba6bb4e0000,0x00002ba6f76c0000)
  from space 32256K, 52% used [0x00002ba6f9560000,0x00002ba6fa5e07e0,0x00002ba6fb4e0000)
  to   space 31360K, 0% used [0x00002ba6f76c0000,0x00002ba6f76c0000,0x00002ba6f9560000)
 PSOldGen        total 5242880K, used 1555930K [0x00002ba57b4e0000, 0x00002ba6bb4e0000, 0x00002ba6bb4e0000)
  object space 5242880K, 29% used [0x00002ba57b4e0000,0x00002ba5da456ae8,0x00002ba6bb4e0000)
 PSPermGen       total 524288K, used 226674K [0x00002ba55b4e0000, 0x00002ba57b4e0000, 0x00002ba57b4e0000)
  object space 524288K, 43% used [0x00002ba55b4e0000,0x00002ba56923c8c0,0x00002ba57b4e0000)
}
Total time for which application threads were stopped: 0.0843920 seconds
Application time: 64.3179700 seconds
{Heap before gc invocations=202:
 PSYoungGen      total 1017216K, used 1001857K [0x00002ba6bb4e0000, 0x00002ba6fb4e0000, 0x00002ba6fb4e0000)
  eden space 984960K, 100% used [0x00002ba6bb4e0000,0x00002ba6f76c0000,0x00002ba6f76c0000)
  from space 32256K, 52% used [0x00002ba6f9560000,0x00002ba6fa5e07e0,0x00002ba6fb4e0000)
  to   space 31360K, 0% used [0x00002ba6f76c0000,0x00002ba6f76c0000,0x00002ba6f9560000)
 PSOldGen        total 5242880K, used 1555930K [0x00002ba57b4e0000, 0x00002ba6bb4e0000, 0x00002ba6bb4e0000)
  object space 5242880K, 29% used [0x00002ba57b4e0000,0x00002ba5da456ae8,0x00002ba6bb4e0000)
 PSPermGen       total 524288K, used 226921K [0x00002ba55b4e0000, 0x00002ba57b4e0000, 0x00002ba57b4e0000)
  object space 524288K, 43% used [0x00002ba55b4e0000,0x00002ba56927a490,0x00002ba57b4e0000)
29047.717: [GC [PSYoungGen: 1001857K->19128K(1016320K)] 2557788K->1587006K(6259200K), 0.0508160 secs]
Heap after gc invocations=202:
 PSYoungGen      total 1016320K, used 19128K [0x00002ba6bb4e0000, 0x00002ba6fb4e0000, 0x00002ba6fb4e0000)
  eden space 984960K, 0% used [0x00002ba6bb4e0000,0x00002ba6bb4e0000,0x00002ba6f76c0000)
  from space 31360K, 60% used [0x00002ba6f76c0000,0x00002ba6f896e040,0x00002ba6f9560000)
  to   space 31360K, 0% used [0x00002ba6f9640000,0x00002ba6f9640000,0x00002ba6fb4e0000)
 PSOldGen        total 5242880K, used 1567878K [0x00002ba57b4e0000, 0x00002ba6bb4e0000, 0x00002ba6bb4e0000)
  object space 5242880K, 29% used [0x00002ba57b4e0000,0x00002ba5db001930,0x00002ba6bb4e0000)
 PSPermGen       total 524288K, used 226921K [0x00002ba55b4e0000, 0x00002ba57b4e0000, 0x00002ba57b4e0000)
  object space 524288K, 43% used [0x00002ba55b4e0000,0x00002ba56927a490,0x00002ba57b4e0000)
}
Total time for which application threads were stopped: 0.1562520 seconds
Application time: 68.8482260 seconds
{Heap before gc invocations=203:
 PSYoungGen      total 1016320K, used 1004088K [0x00002ba6bb4e0000, 0x00002ba6fb4e0000, 0x00002ba6fb4e0000)
  eden space 984960K, 100% used [0x00002ba6bb4e0000,0x00002ba6f76c0000,0x00002ba6f76c0000)
  from space 31360K, 60% used [0x00002ba6f76c0000,0x00002ba6f896e040,0x00002ba6f9560000)
  to   space 31360K, 0% used [0x00002ba6f9640000,0x00002ba6f9640000,0x00002ba6fb4e0000)
 PSOldGen        total 5242880K, used 1567878K [0x00002ba57b4e0000, 0x00002ba6bb4e0000, 0x00002ba6bb4e0000)
  object space 5242880K, 29% used [0x00002ba57b4e0000,0x00002ba5db001930,0x00002ba6bb4e0000)
 PSPermGen       total 524288K, used 227623K [0x00002ba55b4e0000, 0x00002ba57b4e0000, 0x00002ba57b4e0000)
  object space 524288K, 43% used [0x00002ba55b4e0000,0x00002ba569329e80,0x00002ba57b4e0000)
29116.644: [GC [PSYoungGen: 1004088K->13527K(1018560K)] 2571966K->1592343K(6261440K), 0.0394190 secs]
Heap after gc invocations=203:
 PSYoungGen      total 1018560K, used 13527K [0x00002ba6bb4e0000, 0x00002ba6fb4e0000, 0x00002ba6fb4e0000)
  eden space 987200K, 0% used [0x00002ba6bb4e0000,0x00002ba6bb4e0000,0x00002ba6f78f0000)
  from space 31360K, 43% used [0x00002ba6f9640000,0x00002ba6fa375dc0,0x00002ba6fb4e0000)
  to   space 30016K, 0% used [0x00002ba6f78f0000,0x00002ba6f78f0000,0x00002ba6f9640000)
 PSOldGen        total 5242880K, used 1578816K [0x00002ba57b4e0000, 0x00002ba6bb4e0000, 0x00002ba6bb4e0000)
  object space 5242880K, 30% used [0x00002ba57b4e0000,0x00002ba5dbab0048,0x00002ba6bb4e0000)
 PSPermGen       total 524288K, used 227623K [0x00002ba55b4e0000, 0x00002ba57b4e0000, 0x00002ba57b4e0000)
  object space 524288K, 43% used [0x00002ba55b4e0000,0x00002ba569329e80,0x00002ba57b4e0000)
}
Total time for which application threads were stopped: 0.0674140 seconds
Application time: 65.3545350 seconds
{Heap before gc invocations=204:
 PSYoungGen      total 1018560K, used 1000727K [0x00002ba6bb4e0000, 0x00002ba6fb4e0000, 0x00002ba6fb4e0000)
  eden space 987200K, 100% used [0x00002ba6bb4e0000,0x00002ba6f78f0000,0x00002ba6f78f0000)
  from space 31360K, 43% used [0x00002ba6f9640000,0x00002ba6fa375dc0,0x00002ba6fb4e0000)
  to   space 30016K, 0% used [0x00002ba6f78f0000,0x00002ba6f78f0000,0x00002ba6f9640000)
 PSOldGen        total 5242880K, used 1578816K [0x00002ba57b4e0000, 0x00002ba6bb4e0000, 0x00002ba6bb4e0000)
  object space 5242880K, 30% used [0x00002ba57b4e0000,0x00002ba5dbab0048,0x00002ba6bb4e0000)
 PSPermGen       total 524288K, used 228385K [0x00002ba55b4e0000, 0x00002ba57b4e0000, 0x00002ba57b4e0000)
  object space 524288K, 43% used [0x00002ba55b4e0000,0x00002ba5693e87b8,0x00002ba57b4e0000)
29182.093: [GC [PSYoungGen: 1000727K->20957K(1017216K)] 2579543K->1605516K(6260096K), 0.0599070 secs]
Heap after gc invocations=204:
 PSYoungGen      total 1017216K, used 20957K [0x00002ba6bb4e0000, 0x00002ba6fb4e0000, 0x00002ba6fb4e0000)
  eden space 987200K, 0% used [0x00002ba6bb4e0000,0x00002ba6bb4e0000,0x00002ba6f78f0000)
  from space 30016K, 69% used [0x00002ba6f78f0000,0x00002ba6f8d67448,0x00002ba6f9640000)
  to   space 30720K, 0% used [0x00002ba6f96e0000,0x00002ba6f96e0000,0x00002ba6fb4e0000)
 PSOldGen        total 5242880K, used 1584559K [0x00002ba57b4e0000, 0x00002ba6bb4e0000, 0x00002ba6bb4e0000)
  object space 5242880K, 30% used [0x00002ba57b4e0000,0x00002ba5dc04bf98,0x00002ba6bb4e0000)
 PSPermGen       total 524288K, used 228385K [0x00002ba55b4e0000, 0x00002ba57b4e0000, 0x00002ba57b4e0000)
  object space 524288K, 43% used [0x00002ba55b4e0000,0x00002ba5693e87b8,0x00002ba57b4e0000)
}
Total time for which application threads were stopped: 0.1145730 seconds
Application time: 57.9160180 seconds
{Heap before gc invocations=205:
 PSYoungGen      total 1017216K, used 1008157K [0x00002ba6bb4e0000, 0x00002ba6fb4e0000, 0x00002ba6fb4e0000)
  eden space 987200K, 100% used [0x00002ba6bb4e0000,0x00002ba6f78f0000,0x00002ba6f78f0000)
  from space 30016K, 69% used [0x00002ba6f78f0000,0x00002ba6f8d67448,0x00002ba6f9640000)
  to   space 30720K, 0% used [0x00002ba6f96e0000,0x00002ba6f96e0000,0x00002ba6fb4e0000)
 PSOldGen        total 5242880K, used 1584559K [0x00002ba57b4e0000, 0x00002ba6bb4e0000, 0x00002ba6bb4e0000)
  object space 5242880K, 30% used [0x00002ba57b4e0000,0x00002ba5dc04bf98,0x00002ba6bb4e0000)
 PSPermGen       total 524288K, used 228637K [0x00002ba55b4e0000, 0x00002ba57b4e0000, 0x00002ba57b4e0000)
  object space 524288K, 43% used [0x00002ba55b4e0000,0x00002ba569427550,0x00002ba57b4e0000)
29240.144: [GC [PSYoungGen: 1008157K->17684K(1018560K)] 2592716K->1612999K(6261440K), 0.0409170 secs]
Heap after gc invocations=205:
 PSYoungGen      total 1018560K, used 17684K [0x00002ba6bb4e0000, 0x00002ba6fb4e0000, 0x00002ba6fb4e0000)
  eden space 987840K, 0% used [0x00002ba6bb4e0000,0x00002ba6bb4e0000,0x00002ba6f7990000)
  from space 30720K, 57% used [0x00002ba6f96e0000,0x00002ba6fa825308,0x00002ba6fb4e0000)
  to   space 30016K, 0% used [0x00002ba6f7990000,0x00002ba6f7990000,0x00002ba6f96e0000)
 PSOldGen        total 5242880K, used 1595314K [0x00002ba57b4e0000, 0x00002ba6bb4e0000, 0x00002ba6bb4e0000)
  object space 5242880K, 30% used [0x00002ba57b4e0000,0x00002ba5dcacc958,0x00002ba6bb4e0000)
 PSPermGen       total 524288K, used 228637K [0x00002ba55b4e0000, 0x00002ba57b4e0000, 0x00002ba57b4e0000)
  object space 524288K, 43% used [0x00002ba55b4e0000,0x00002ba569427550,0x00002ba57b4e0000)
}
Total time for which application threads were stopped: 0.1160830 seconds
Application time: 79.9768310 seconds
{Heap before gc invocations=206:
 PSYoungGen      total 1018560K, used 1005524K [0x00002ba6bb4e0000, 0x00002ba6fb4e0000, 0x00002ba6fb4e0000)
  eden space 987840K, 100% used [0x00002ba6bb4e0000,0x00002ba6f7990000,0x00002ba6f7990000)
  from space 30720K, 57% used [0x00002ba6f96e0000,0x00002ba6fa825308,0x00002ba6fb4e0000)
  to   space 30016K, 0% used [0x00002ba6f7990000,0x00002ba6f7990000,0x00002ba6f96e0000)
 PSOldGen        total 5242880K, used 1595314K [0x00002ba57b4e0000, 0x00002ba6bb4e0000, 0x00002ba6bb4e0000)
  object space 5242880K, 30% used [0x00002ba57b4e0000,0x00002ba5dcacc958,0x00002ba6bb4e0000)
 PSPermGen       total 524288K, used 228676K [0x00002ba55b4e0000, 0x00002ba57b4e0000, 0x00002ba57b4e0000)
  object space 524288K, 43% used [0x00002ba55b4e0000,0x00002ba5694311a0,0x00002ba57b4e0000)
29320.267: [GC [PSYoungGen: 1005524K->17215K(1017856K)] 2600839K->1622836K(6260736K), 0.0256180 secs]
Heap after gc invocations=206:
 PSYoungGen      total 1017856K, used 17215K [0x00002ba6bb4e0000, 0x00002ba6fb4e0000, 0x00002ba6fb4e0000)
  eden space 987840K, 0% used [0x00002ba6bb4e0000,0x00002ba6bb4e0000,0x00002ba6f7990000)
  from space 30016K, 57% used [0x00002ba6f7990000,0x00002ba6f8a5ffc0,0x00002ba6f96e0000)
  to   space 29184K, 0% used [0x00002ba6f9860000,0x00002ba6f9860000,0x00002ba6fb4e0000)
 PSOldGen        total 5242880K, used 1605620K [0x00002ba57b4e0000, 0x00002ba6bb4e0000, 0x00002ba6bb4e0000)
  object space 5242880K, 30% used [0x00002ba57b4e0000,0x00002ba5dd4dd2e0,0x00002ba6bb4e0000)
 PSPermGen       total 524288K, used 228676K [0x00002ba55b4e0000, 0x00002ba57b4e0000, 0x00002ba57b4e0000)
  object space 524288K, 43% used [0x00002ba55b4e0000,0x00002ba5694311a0,0x00002ba57b4e0000)
}
Total time for which application threads were stopped: 0.1311650 seconds
Application time: 98.4409030 seconds
{Heap before gc invocations=207:
 PSYoungGen      total 1017856K, used 1005055K [0x00002ba6bb4e0000, 0x00002ba6fb4e0000, 0x00002ba6fb4e0000)
  eden space 987840K, 100% used [0x00002ba6bb4e0000,0x00002ba6f7990000,0x00002ba6f7990000)
  from space 30016K, 57% used [0x00002ba6f7990000,0x00002ba6f8a5ffc0,0x00002ba6f96e0000)
  to   space 29184K, 0% used [0x00002ba6f9860000,0x00002ba6f9860000,0x00002ba6fb4e0000)
 PSOldGen        total 5242880K, used 1605620K [0x00002ba57b4e0000, 0x00002ba6bb4e0000, 0x00002ba6bb4e0000)
  object space 5242880K, 30% used [0x00002ba57b4e0000,0x00002ba5dd4dd2e0,0x00002ba6bb4e0000)
 PSPermGen       total 524288K, used 228854K [0x00002ba55b4e0000, 0x00002ba57b4e0000, 0x00002ba57b4e0000)
  object space 524288K, 43% used [0x00002ba55b4e0000,0x00002ba56945d840,0x00002ba57b4e0000)
29418.761: [GC [PSYoungGen: 1005055K->14416K(1020480K)] 2610676K->1631398K(6263360K), 0.0303740 secs]
Heap after gc invocations=207:
 PSYoungGen      total 1020480K, used 14416K [0x00002ba6bb4e0000, 0x00002ba6fb4e0000, 0x00002ba6fb4e0000)
  eden space 991296K, 0% used [0x00002ba6bb4e0000,0x00002ba6bb4e0000,0x00002ba6f7cf0000)
  from space 29184K, 49% used [0x00002ba6f9860000,0x00002ba6fa674028,0x00002ba6fb4e0000)
  to   space 28096K, 0% used [0x00002ba6f7cf0000,0x00002ba6f7cf0000,0x00002ba6f9860000)
 PSOldGen        total 5242880K, used 1616982K [0x00002ba57b4e0000, 0x00002ba6bb4e0000, 0x00002ba6bb4e0000)
  object space 5242880K, 30% used [0x00002ba57b4e0000,0x00002ba5ddff5840,0x00002ba6bb4e0000)
 PSPermGen       total 524288K, used 228854K [0x00002ba55b4e0000, 0x00002ba57b4e0000, 0x00002ba57b4e0000)
  object space 524288K, 43% used [0x00002ba55b4e0000,0x00002ba56945d840,0x00002ba57b4e0000)
}
Total time for which application threads were stopped: 0.0581710 seconds
Application time: 95.2118330 seconds
{Heap before gc invocations=208:
 PSYoungGen      total 1020480K, used 1005712K [0x00002ba6bb4e0000, 0x00002ba6fb4e0000, 0x00002ba6fb4e0000)
  eden space 991296K, 100% used [0x00002ba6bb4e0000,0x00002ba6f7cf0000,0x00002ba6f7cf0000)
  from space 29184K, 49% used [0x00002ba6f9860000,0x00002ba6fa674028,0x00002ba6fb4e0000)
  to   space 28096K, 0% used [0x00002ba6f7cf0000,0x00002ba6f7cf0000,0x00002ba6f9860000)
 PSOldGen        total 5242880K, used 1616982K [0x00002ba57b4e0000, 0x00002ba6bb4e0000, 0x00002ba6bb4e0000)
  object space 5242880K, 30% used [0x00002ba57b4e0000,0x00002ba5ddff5840,0x00002ba6bb4e0000)
 PSPermGen       total 524288K, used 229408K [0x00002ba55b4e0000, 0x00002ba57b4e0000, 0x00002ba57b4e0000)
  object space 524288K, 43% used [0x00002ba55b4e0000,0x00002ba5694e81e8,0x00002ba57b4e0000)
29515.135: [GC [PSYoungGen: 1005712K->16553K(1019392K)] 2622694K->1644342K(6262272K), 0.0369800 secs]
Heap after gc invocations=208:
 PSYoungGen      total 1019392K, used 16553K [0x00002ba6bb4e0000, 0x00002ba6fb4e0000, 0x00002ba6fb4e0000)
  eden space 991296K, 0% used [0x00002ba6bb4e0000,0x00002ba6bb4e0000,0x00002ba6f7cf0000)
  from space 28096K, 58% used [0x00002ba6f7cf0000,0x00002ba6f8d1a5a8,0x00002ba6f9860000)
  to   space 27136K, 0% used [0x00002ba6f9a60000,0x00002ba6f9a60000,0x00002ba6fb4e0000)
 PSOldGen        total 5242880K, used 1627788K [0x00002ba57b4e0000, 0x00002ba6bb4e0000, 0x00002ba6bb4e0000)
  object space 5242880K, 31% used [0x00002ba57b4e0000,0x00002ba5dea83330,0x00002ba6bb4e0000)
 PSPermGen       total 524288K, used 229408K [0x00002ba55b4e0000, 0x00002ba57b4e0000, 0x00002ba57b4e0000)
  object space 524288K, 43% used [0x00002ba55b4e0000,0x00002ba5694e81e8,0x00002ba57b4e0000)
}
Total time for which application threads were stopped: 0.1120630 seconds
Application time: 17.8780240 seconds
{Heap before gc invocations=209:
 PSYoungGen      total 1019392K, used 1007849K [0x00002ba6bb4e0000, 0x00002ba6fb4e0000, 0x00002ba6fb4e0000)
  eden space 991296K, 100% used [0x00002ba6bb4e0000,0x00002ba6f7cf0000,0x00002ba6f7cf0000)
  from space 28096K, 58% used [0x00002ba6f7cf0000,0x00002ba6f8d1a5a8,0x00002ba6f9860000)
  to   space 27136K, 0% used [0x00002ba6f9a60000,0x00002ba6f9a60000,0x00002ba6fb4e0000)
 PSOldGen        total 5242880K, used 1627788K [0x00002ba57b4e0000, 0x00002ba6bb4e0000, 0x00002ba6bb4e0000)
  object space 5242880K, 31% used [0x00002ba57b4e0000,0x00002ba5dea83330,0x00002ba6bb4e0000)
 PSPermGen       total 524288K, used 229934K [0x00002ba55b4e0000, 0x00002ba57b4e0000, 0x00002ba57b4e0000)
  object space 524288K, 43% used [0x00002ba55b4e0000,0x00002ba56956bac8,0x00002ba57b4e0000)
29614.346: [GC [PSYoungGen: 1007849K->12240K(1021952K)] 2635638K->1649364K(6264832K), 0.0297160 secs]
Heap after gc invocations=209:
 PSYoungGen      total 1021952K, used 12240K [0x00002ba6bb4e0000, 0x00002ba6fb4e0000, 0x00002ba6fb4e0000)
  eden space 994816K, 0% used [0x00002ba6bb4e0000,0x00002ba6bb4e0000,0x00002ba6f8060000)
  from space 27136K, 45% used [0x00002ba6f9a60000,0x00002ba6fa654308,0x00002ba6fb4e0000)
  to   space 26624K, 0% used [0x00002ba6f8060000,0x00002ba6f8060000,0x00002ba6f9a60000)
 PSOldGen        total 5242880K, used 1637123K [0x00002ba57b4e0000, 0x00002ba6bb4e0000, 0x00002ba6bb4e0000)
  object space 5242880K, 31% used [0x00002ba57b4e0000,0x00002ba5df3a0e70,0x00002ba6bb4e0000)
 PSPermGen       total 524288K, used 229934K [0x00002ba55b4e0000, 0x00002ba57b4e0000, 0x00002ba57b4e0000)
  object space 524288K, 43% used [0x00002ba55b4e0000,0x00002ba56956bac8,0x00002ba57b4e0000)
}
Total time for which application threads were stopped: 0.0573810 seconds
Application time: 106.7533230 seconds
{Heap before gc invocations=210:
 PSYoungGen      total 1021952K, used 1007056K [0x00002ba6bb4e0000, 0x00002ba6fb4e0000, 0x00002ba6fb4e0000)
  eden space 994816K, 100% used [0x00002ba6bb4e0000,0x00002ba6f8060000,0x00002ba6f8060000)
  from space 27136K, 45% used [0x00002ba6f9a60000,0x00002ba6fa654308,0x00002ba6fb4e0000)
  to   space 26624K, 0% used [0x00002ba6f8060000,0x00002ba6f8060000,0x00002ba6f9a60000)
 PSOldGen        total 5242880K, used 1637123K [0x00002ba57b4e0000, 0x00002ba6bb4e0000, 0x00002ba6bb4e0000)
  object space 5242880K, 31% used [0x00002ba57b4e0000,0x00002ba5df3a0e70,0x00002ba6bb4e0000)
 PSPermGen       total 524288K, used 230520K [0x00002ba55b4e0000, 0x00002ba57b4e0000, 0x00002ba57b4e0000)
  object space 524288K, 43% used [0x00002ba55b4e0000,0x00002ba5695fe2a0,0x00002ba57b4e0000)
29721.184: [GC [PSYoungGen: 1007056K->15283K(1021440K)] 2644180K->1660532K(6264320K), 0.0314110 secs]
Heap after gc invocations=210:
 PSYoungGen      total 1021440K, used 15283K [0x00002ba6bb4e0000, 0x00002ba6fb4e0000, 0x00002ba6fb4e0000)
  eden space 994816K, 0% used [0x00002ba6bb4e0000,0x00002ba6bb4e0000,0x00002ba6f8060000)
  from space 26624K, 57% used [0x00002ba6f8060000,0x00002ba6f8f4cd38,0x00002ba6f9a60000)
  to   space 25536K, 0% used [0x00002ba6f9bf0000,0x00002ba6f9bf0000,0x00002ba6fb4e0000)
 PSOldGen        total 5242880K, used 1645249K [0x00002ba57b4e0000, 0x00002ba6bb4e0000, 0x00002ba6bb4e0000)
  object space 5242880K, 31% used [0x00002ba57b4e0000,0x00002ba5dfb905a8,0x00002ba6bb4e0000)
 PSPermGen       total 524288K, used 230520K [0x00002ba55b4e0000, 0x00002ba57b4e0000, 0x00002ba57b4e0000)
  object space 524288K, 43% used [0x00002ba55b4e0000,0x00002ba5695fe2a0,0x00002ba57b4e0000)
}
Total time for which application threads were stopped: 0.0862830 seconds
Application time: 93.3254230 seconds
{Heap before gc invocations=211:
 PSYoungGen      total 1021440K, used 1010099K [0x00002ba6bb4e0000, 0x00002ba6fb4e0000, 0x00002ba6fb4e0000)
  eden space 994816K, 100% used [0x00002ba6bb4e0000,0x00002ba6f8060000,0x00002ba6f8060000)
  from space 26624K, 57% used [0x00002ba6f8060000,0x00002ba6f8f4cd38,0x00002ba6f9a60000)
  to   space 25536K, 0% used [0x00002ba6f9bf0000,0x00002ba6f9bf0000,0x00002ba6fb4e0000)
 PSOldGen        total 5242880K, used 1645249K [0x00002ba57b4e0000, 0x00002ba6bb4e0000, 0x00002ba6bb4e0000)
  object space 5242880K, 31% used [0x00002ba57b4e0000,0x00002ba5dfb905a8,0x00002ba6bb4e0000)
 PSPermGen       total 524288K, used 231224K [0x00002ba55b4e0000, 0x00002ba57b4e0000, 0x00002ba57b4e0000)
  object space 524288K, 44% used [0x00002ba55b4e0000,0x00002ba5696ae048,0x00002ba57b4e0000)
29814.616: [GC [PSYoungGen: 1010099K->14694K(1023936K)] 2655348K->1669450K(6266816K), 0.0275220 secs]
Heap after gc invocations=211:
 PSYoungGen      total 1023936K, used 14694K [0x00002ba6bb4e0000, 0x00002ba6fb4e0000, 0x00002ba6fb4e0000)
  eden space 998400K, 0% used [0x00002ba6bb4e0000,0x00002ba6bb4e0000,0x00002ba6f83e0000)
  from space 25536K, 57% used [0x00002ba6f9bf0000,0x00002ba6faa49a00,0x00002ba6fb4e0000)
  to   space 24640K, 0% used [0x00002ba6f83e0000,0x00002ba6f83e0000,0x00002ba6f9bf0000)
 PSOldGen        total 5242880K, used 1654756K [0x00002ba57b4e0000, 0x00002ba6bb4e0000, 0x00002ba6bb4e0000)
  object space 5242880K, 31% used [0x00002ba57b4e0000,0x00002ba5e04d9000,0x00002ba6bb4e0000)
 PSPermGen       total 524288K, used 231224K [0x00002ba55b4e0000, 0x00002ba57b4e0000, 0x00002ba57b4e0000)
  object space 524288K, 44% used [0x00002ba55b4e0000,0x00002ba5696ae048,0x00002ba57b4e0000)
}
Total time for which application threads were stopped: 0.1029430 seconds
Application time: 80.0652320 seconds
{Heap before gc invocations=212:
 PSYoungGen      total 1023936K, used 1013094K [0x00002ba6bb4e0000, 0x00002ba6fb4e0000, 0x00002ba6fb4e0000)
  eden space 998400K, 100% used [0x00002ba6bb4e0000,0x00002ba6f83e0000,0x00002ba6f83e0000)
  from space 25536K, 57% used [0x00002ba6f9bf0000,0x00002ba6faa49a00,0x00002ba6fb4e0000)
  to   space 24640K, 0% used [0x00002ba6f83e0000,0x00002ba6f83e0000,0x00002ba6f9bf0000)
 PSOldGen        total 5242880K, used 1654756K [0x00002ba57b4e0000, 0x00002ba6bb4e0000, 0x00002ba6bb4e0000)
  object space 5242880K, 31% used [0x00002ba57b4e0000,0x00002ba5e04d9000,0x00002ba6bb4e0000)
 PSPermGen       total 524288K, used 231456K [0x00002ba55b4e0000, 0x00002ba57b4e0000, 0x00002ba57b4e0000)
  object space 524288K, 44% used [0x00002ba55b4e0000,0x00002ba5696e82f0,0x00002ba57b4e0000)
29894.814: [GC [PSYoungGen: 1013094K->16156K(1023040K)] 2667850K->1681140K(6265920K), 0.0503130 secs]
Heap after gc invocations=212:
 PSYoungGen      total 1023040K, used 16156K [0x00002ba6bb4e0000, 0x00002ba6fb4e0000, 0x00002ba6fb4e0000)
  eden space 998400K, 0% used [0x00002ba6bb4e0000,0x00002ba6bb4e0000,0x00002ba6f83e0000)
  from space 24640K, 65% used [0x00002ba6f83e0000,0x00002ba6f93a7068,0x00002ba6f9bf0000)
  to   space 24000K, 0% used [0x00002ba6f9d70000,0x00002ba6f9d70000,0x00002ba6fb4e0000)
 PSOldGen        total 5242880K, used 1664984K [0x00002ba57b4e0000, 0x00002ba6bb4e0000, 0x00002ba6bb4e0000)
  object space 5242880K, 31% used [0x00002ba57b4e0000,0x00002ba5e0ed62a8,0x00002ba6bb4e0000)
 PSPermGen       total 524288K, used 231456K [0x00002ba55b4e0000, 0x00002ba57b4e0000, 0x00002ba57b4e0000)
  object space 524288K, 44% used [0x00002ba55b4e0000,0x00002ba5696e82f0,0x00002ba57b4e0000)
}
Total time for which application threads were stopped: 0.1559120 seconds
Application time: 86.9457860 seconds
{Heap before gc invocations=213:
 PSYoungGen      total 1023040K, used 1014556K [0x00002ba6bb4e0000, 0x00002ba6fb4e0000, 0x00002ba6fb4e0000)
  eden space 998400K, 100% used [0x00002ba6bb4e0000,0x00002ba6f83e0000,0x00002ba6f83e0000)
  from space 24640K, 65% used [0x00002ba6f83e0000,0x00002ba6f93a7068,0x00002ba6f9bf0000)
  to   space 24000K, 0% used [0x00002ba6f9d70000,0x00002ba6f9d70000,0x00002ba6fb4e0000)
 PSOldGen        total 5242880K, used 1664984K [0x00002ba57b4e0000, 0x00002ba6bb4e0000, 0x00002ba6bb4e0000)
  object space 5242880K, 31% used [0x00002ba57b4e0000,0x00002ba5e0ed62a8,0x00002ba6bb4e0000)
 PSPermGen       total 524288K, used 232422K [0x00002ba55b4e0000, 0x00002ba57b4e0000, 0x00002ba57b4e0000)
  object space 524288K, 44% used [0x00002ba55b4e0000,0x00002ba5697d99c8,0x00002ba57b4e0000)
29981.838: [GC [PSYoungGen: 1014556K->16034K(1025216K)] 2679540K->1688339K(6268096K), 0.0298640 secs]
Heap after gc invocations=213:
 PSYoungGen      total 1025216K, used 16034K [0x00002ba6bb4e0000, 0x00002ba6fb4e0000, 0x00002ba6fb4e0000)
  eden space 1001216K, 0% used [0x00002ba6bb4e0000,0x00002ba6bb4e0000,0x00002ba6f86a0000)
  from space 24000K, 66% used [0x00002ba6f9d70000,0x00002ba6fad18af8,0x00002ba6fb4e0000)
  to   space 23360K, 0% used [0x00002ba6f86a0000,0x00002ba6f86a0000,0x00002ba6f9d70000)
 PSOldGen        total 5242880K, used 1672304K [0x00002ba57b4e0000, 0x00002ba6bb4e0000, 0x00002ba6bb4e0000)
  object space 5242880K, 31% used [0x00002ba57b4e0000,0x00002ba5e15fc1f8,0x00002ba6bb4e0000)
 PSPermGen       total 524288K, used 232422K [0x00002ba55b4e0000, 0x00002ba57b4e0000, 0x00002ba57b4e0000)
  object space 524288K, 44% used [0x00002ba55b4e0000,0x00002ba5697d99c8,0x00002ba57b4e0000)
}
Total time for which application threads were stopped: 0.0577010 seconds
Application time: 28.8816520 seconds
{Heap before gc invocations=214:
 PSYoungGen      total 1025216K, used 1017250K [0x00002ba6bb4e0000, 0x00002ba6fb4e0000, 0x00002ba6fb4e0000)
  eden space 1001216K, 100% used [0x00002ba6bb4e0000,0x00002ba6f86a0000,0x00002ba6f86a0000)
  from space 24000K, 66% used [0x00002ba6f9d70000,0x00002ba6fad18af8,0x00002ba6fb4e0000)
  to   space 23360K, 0% used [0x00002ba6f86a0000,0x00002ba6f86a0000,0x00002ba6f9d70000)
 PSOldGen        total 5242880K, used 1672304K [0x00002ba57b4e0000, 0x00002ba6bb4e0000, 0x00002ba6bb4e0000)
  object space 5242880K, 31% used [0x00002ba57b4e0000,0x00002ba5e15fc1f8,0x00002ba6bb4e0000)
 PSPermGen       total 524288K, used 233494K [0x00002ba55b4e0000, 0x00002ba57b4e0000, 0x00002ba57b4e0000)
  object space 524288K, 44% used [0x00002ba55b4e0000,0x00002ba5698e5b90,0x00002ba57b4e0000)
30077.012: [GC [PSYoungGen: 1017250K->17195K(1024576K)] 2689555K->1699642K(6267456K), 0.0440070 secs]
Heap after gc invocations=214:
 PSYoungGen      total 1024576K, used 17195K [0x00002ba6bb4e0000, 0x00002ba6fb4e0000, 0x00002ba6fb4e0000)
  eden space 1001216K, 0% used [0x00002ba6bb4e0000,0x00002ba6bb4e0000,0x00002ba6f86a0000)
  from space 23360K, 73% used [0x00002ba6f86a0000,0x00002ba6f976af08,0x00002ba6f9d70000)
  to   space 23232K, 0% used [0x00002ba6f9e30000,0x00002ba6f9e30000,0x00002ba6fb4e0000)
 PSOldGen        total 5242880K, used 1682447K [0x00002ba57b4e0000, 0x00002ba6bb4e0000, 0x00002ba6bb4e0000)
  object space 5242880K, 32% used [0x00002ba57b4e0000,0x00002ba5e1fe3c30,0x00002ba6bb4e0000)
 PSPermGen       total 524288K, used 233494K [0x00002ba55b4e0000, 0x00002ba57b4e0000, 0x00002ba57b4e0000)
  object space 524288K, 44% used [0x00002ba55b4e0000,0x00002ba5698e5b90,0x00002ba57b4e0000)
}
Total time for which application threads were stopped: 0.1191530 seconds
Application time: 55.4304210 seconds
{Heap before gc invocations=215:
 PSYoungGen      total 1024576K, used 1018411K [0x00002ba6bb4e0000, 0x00002ba6fb4e0000, 0x00002ba6fb4e0000)
  eden space 1001216K, 100% used [0x00002ba6bb4e0000,0x00002ba6f86a0000,0x00002ba6f86a0000)
  from space 23360K, 73% used [0x00002ba6f86a0000,0x00002ba6f976af08,0x00002ba6f9d70000)
  to   space 23232K, 0% used [0x00002ba6f9e30000,0x00002ba6f9e30000,0x00002ba6fb4e0000)
 PSOldGen        total 5242880K, used 1682447K [0x00002ba57b4e0000, 0x00002ba6bb4e0000, 0x00002ba6bb4e0000)
  object space 5242880K, 32% used [0x00002ba57b4e0000,0x00002ba5e1fe3c30,0x00002ba6bb4e0000)
 PSPermGen       total 524288K, used 233533K [0x00002ba55b4e0000, 0x00002ba57b4e0000, 0x00002ba57b4e0000)
  object space 524288K, 44% used [0x00002ba55b4e0000,0x00002ba5698ef598,0x00002ba57b4e0000)
30132.592: [GC [PSYoungGen: 1018411K->17648K(1025344K)] 2700858K->1709752K(6268224K), 0.0653590 secs]
Heap after gc invocations=215:
 PSYoungGen      total 1025344K, used 17648K [0x00002ba6bb4e0000, 0x00002ba6fb4e0000, 0x00002ba6fb4e0000)
  eden space 1002112K, 0% used [0x00002ba6bb4e0000,0x00002ba6bb4e0000,0x00002ba6f8780000)
  from space 23232K, 75% used [0x00002ba6f9e30000,0x00002ba6faf6c060,0x00002ba6fb4e0000)
  to   space 23232K, 0% used [0x00002ba6f8780000,0x00002ba6f8780000,0x00002ba6f9e30000)
 PSOldGen        total 5242880K, used 1692103K [0x00002ba57b4e0000, 0x00002ba6bb4e0000, 0x00002ba6bb4e0000)
  object space 5242880K, 32% used [0x00002ba57b4e0000,0x00002ba5e2951fb0,0x00002ba6bb4e0000)
 PSPermGen       total 524288K, used 233533K [0x00002ba55b4e0000, 0x00002ba57b4e0000, 0x00002ba57b4e0000)
  object space 524288K, 44% used [0x00002ba55b4e0000,0x00002ba5698ef598,0x00002ba57b4e0000)
}
Total time for which application threads were stopped: 0.1713830 seconds
Application time: 62.4699150 seconds
{Heap before gc invocations=216:
 PSYoungGen      total 1025344K, used 1019760K [0x00002ba6bb4e0000, 0x00002ba6fb4e0000, 0x00002ba6fb4e0000)
  eden space 1002112K, 100% used [0x00002ba6bb4e0000,0x00002ba6f8780000,0x00002ba6f8780000)
  from space 23232K, 75% used [0x00002ba6f9e30000,0x00002ba6faf6c060,0x00002ba6fb4e0000)
  to   space 23232K, 0% used [0x00002ba6f8780000,0x00002ba6f8780000,0x00002ba6f9e30000)
 PSOldGen        total 5242880K, used 1692103K [0x00002ba57b4e0000, 0x00002ba6bb4e0000, 0x00002ba6bb4e0000)
  object space 5242880K, 32% used [0x00002ba57b4e0000,0x00002ba5e2951fb0,0x00002ba6bb4e0000)
 PSPermGen       total 524288K, used 233960K [0x00002ba55b4e0000, 0x00002ba57b4e0000, 0x00002ba57b4e0000)
  object space 524288K, 44% used [0x00002ba55b4e0000,0x00002ba56995a038,0x00002ba57b4e0000)
30195.155: [GC [PSYoungGen: 1019760K->16292K(1025344K)] 2711864K->1715759K(6268224K), 0.0481000 secs]
Heap after gc invocations=216:
 PSYoungGen      total 1025344K, used 16292K [0x00002ba6bb4e0000, 0x00002ba6fb4e0000, 0x00002ba6fb4e0000)
  eden space 1002112K, 0% used [0x00002ba6bb4e0000,0x00002ba6bb4e0000,0x00002ba6f8780000)
  from space 23232K, 70% used [0x00002ba6f8780000,0x00002ba6f9769058,0x00002ba6f9e30000)
  to   space 22656K, 0% used [0x00002ba6f9ec0000,0x00002ba6f9ec0000,0x00002ba6fb4e0000)
 PSOldGen        total 5242880K, used 1699467K [0x00002ba57b4e0000, 0x00002ba6bb4e0000, 0x00002ba6bb4e0000)
  object space 5242880K, 32% used [0x00002ba57b4e0000,0x00002ba5e3082ca8,0x00002ba6bb4e0000)
 PSPermGen       total 524288K, used 233960K [0x00002ba55b4e0000, 0x00002ba57b4e0000, 0x00002ba57b4e0000)
  object space 524288K, 44% used [0x00002ba55b4e0000,0x00002ba56995a038,0x00002ba57b4e0000)
}
Total time for which application threads were stopped: 0.0757720 seconds
Application time: 63.1751130 seconds
{Heap before gc invocations=217:
 PSYoungGen      total 1025344K, used 1018404K [0x00002ba6bb4e0000, 0x00002ba6fb4e0000, 0x00002ba6fb4e0000)
  eden space 1002112K, 100% used [0x00002ba6bb4e0000,0x00002ba6f8780000,0x00002ba6f8780000)
  from space 23232K, 70% used [0x00002ba6f8780000,0x00002ba6f9769058,0x00002ba6f9e30000)
  to   space 22656K, 0% used [0x00002ba6f9ec0000,0x00002ba6f9ec0000,0x00002ba6fb4e0000)
 PSOldGen        total 5242880K, used 1699467K [0x00002ba57b4e0000, 0x00002ba6bb4e0000, 0x00002ba6bb4e0000)
  object space 5242880K, 32% used [0x00002ba57b4e0000,0x00002ba5e3082ca8,0x00002ba6bb4e0000)
 PSPermGen       total 524288K, used 234201K [0x00002ba55b4e0000, 0x00002ba57b4e0000, 0x00002ba57b4e0000)
  object space 524288K, 44% used [0x00002ba55b4e0000,0x00002ba569996430,0x00002ba57b4e0000)
30258.433: [GC [PSYoungGen: 1018404K->15964K(1026560K)] 2717871K->1722414K(6269440K), 0.0385590 secs]
Heap after gc invocations=217:
 PSYoungGen      total 1026560K, used 15964K [0x00002ba6bb4e0000, 0x00002ba6fb4e0000, 0x00002ba6fb4e0000)
  eden space 1003904K, 0% used [0x00002ba6bb4e0000,0x00002ba6bb4e0000,0x00002ba6f8940000)
  from space 22656K, 70% used [0x00002ba6f9ec0000,0x00002ba6fae57298,0x00002ba6fb4e0000)
  to   space 22016K, 0% used [0x00002ba6f8940000,0x00002ba6f8940000,0x00002ba6f9ec0000)
 PSOldGen        total 5242880K, used 1706450K [0x00002ba57b4e0000, 0x00002ba6bb4e0000, 0x00002ba6bb4e0000)
  object space 5242880K, 32% used [0x00002ba57b4e0000,0x00002ba5e3754908,0x00002ba6bb4e0000)
 PSPermGen       total 524288K, used 234201K [0x00002ba55b4e0000, 0x00002ba57b4e0000, 0x00002ba57b4e0000)
  object space 524288K, 44% used [0x00002ba55b4e0000,0x00002ba569996430,0x00002ba57b4e0000)
}
Total time for which application threads were stopped: 0.0930670 seconds
Application time: 53.4141710 seconds
{Heap before gc invocations=218:
 PSYoungGen      total 1026560K, used 1019868K [0x00002ba6bb4e0000, 0x00002ba6fb4e0000, 0x00002ba6fb4e0000)
  eden space 1003904K, 100% used [0x00002ba6bb4e0000,0x00002ba6f8940000,0x00002ba6f8940000)
  from space 22656K, 70% used [0x00002ba6f9ec0000,0x00002ba6fae57298,0x00002ba6fb4e0000)
  to   space 22016K, 0% used [0x00002ba6f8940000,0x00002ba6f8940000,0x00002ba6f9ec0000)
 PSOldGen        total 5242880K, used 1706450K [0x00002ba57b4e0000, 0x00002ba6bb4e0000, 0x00002ba6bb4e0000)
  object space 5242880K, 32% used [0x00002ba57b4e0000,0x00002ba5e3754908,0x00002ba6bb4e0000)
 PSPermGen       total 524288K, used 234737K [0x00002ba55b4e0000, 0x00002ba57b4e0000, 0x00002ba57b4e0000)
  object space 524288K, 44% used [0x00002ba55b4e0000,0x00002ba569a1c480,0x00002ba57b4e0000)
30311.961: [GC [PSYoungGen: 1019868K->16356K(1025920K)] 2726318K->1729202K(6268800K), 0.0418090 secs]
Heap after gc invocations=218:
 PSYoungGen      total 1025920K, used 16356K [0x00002ba6bb4e0000, 0x00002ba6fb4e0000, 0x00002ba6fb4e0000)
  eden space 1003904K, 0% used [0x00002ba6bb4e0000,0x00002ba6bb4e0000,0x00002ba6f8940000)
  from space 22016K, 74% used [0x00002ba6f8940000,0x00002ba6f9939080,0x00002ba6f9ec0000)
  to   space 21568K, 0% used [0x00002ba6f9fd0000,0x00002ba6f9fd0000,0x00002ba6fb4e0000)
 PSOldGen        total 5242880K, used 1712846K [0x00002ba57b4e0000, 0x00002ba6bb4e0000, 0x00002ba6bb4e0000)
  object space 5242880K, 32% used [0x00002ba57b4e0000,0x00002ba5e3d939a8,0x00002ba6bb4e0000)
 PSPermGen       total 524288K, used 234737K [0x00002ba55b4e0000, 0x00002ba57b4e0000, 0x00002ba57b4e0000)
  object space 524288K, 44% used [0x00002ba55b4e0000,0x00002ba569a1c480,0x00002ba57b4e0000)
}
Total time for which application threads were stopped: 0.1168540 seconds
Application time: 45.3505700 seconds
{Heap before gc invocations=219:
 PSYoungGen      total 1025920K, used 1020260K [0x00002ba6bb4e0000, 0x00002ba6fb4e0000, 0x00002ba6fb4e0000)
  eden space 1003904K, 100% used [0x00002ba6bb4e0000,0x00002ba6f8940000,0x00002ba6f8940000)
  from space 22016K, 74% used [0x00002ba6f8940000,0x00002ba6f9939080,0x00002ba6f9ec0000)
  to   space 21568K, 0% used [0x00002ba6f9fd0000,0x00002ba6f9fd0000,0x00002ba6fb4e0000)
 PSOldGen        total 5242880K, used 1712846K [0x00002ba57b4e0000, 0x00002ba6bb4e0000, 0x00002ba6bb4e0000)
  object space 5242880K, 32% used [0x00002ba57b4e0000,0x00002ba5e3d939a8,0x00002ba6bb4e0000)
 PSPermGen       total 524288K, used 234947K [0x00002ba55b4e0000, 0x00002ba57b4e0000, 0x00002ba57b4e0000)
  object space 524288K, 44% used [0x00002ba55b4e0000,0x00002ba569a50d08,0x00002ba57b4e0000)
30357.458: [GC [PSYoungGen: 1020260K->16381K(1027456K)] 2733106K->1736199K(6270336K), 0.0487920 secs]
Heap after gc invocations=219:
 PSYoungGen      total 1027456K, used 16381K [0x00002ba6bb4e0000, 0x00002ba6fb4e0000, 0x00002ba6fb4e0000)
  eden space 1005888K, 0% used [0x00002ba6bb4e0000,0x00002ba6bb4e0000,0x00002ba6f8b30000)
  from space 21568K, 75% used [0x00002ba6f9fd0000,0x00002ba6fafcf798,0x00002ba6fb4e0000)
  to   space 21120K, 0% used [0x00002ba6f8b30000,0x00002ba6f8b30000,0x00002ba6f9fd0000)
 PSOldGen        total 5242880K, used 1719817K [0x00002ba57b4e0000, 0x00002ba6bb4e0000, 0x00002ba6bb4e0000)
  object space 5242880K, 32% used [0x00002ba57b4e0000,0x00002ba5e4462720,0x00002ba6bb4e0000)
 PSPermGen       total 524288K, used 234947K [0x00002ba55b4e0000, 0x00002ba57b4e0000, 0x00002ba57b4e0000)
  object space 524288K, 44% used [0x00002ba55b4e0000,0x00002ba569a50d08,0x00002ba57b4e0000)
}
Total time for which application threads were stopped: 0.1537260 seconds
Application time: 7.3088530 seconds
{Heap before gc invocations=220:
 PSYoungGen      total 1027456K, used 1022269K [0x00002ba6bb4e0000, 0x00002ba6fb4e0000, 0x00002ba6fb4e0000)
  eden space 1005888K, 100% used [0x00002ba6bb4e0000,0x00002ba6f8b30000,0x00002ba6f8b30000)
  from space 21568K, 75% used [0x00002ba6f9fd0000,0x00002ba6fafcf798,0x00002ba6fb4e0000)
  to   space 21120K, 0% used [0x00002ba6f8b30000,0x00002ba6f8b30000,0x00002ba6f9fd0000)
 PSOldGen        total 5242880K, used 1719817K [0x00002ba57b4e0000, 0x00002ba6bb4e0000, 0x00002ba6bb4e0000)
  object space 5242880K, 32% used [0x00002ba57b4e0000,0x00002ba5e4462720,0x00002ba6bb4e0000)
 PSPermGen       total 524288K, used 235321K [0x00002ba55b4e0000, 0x00002ba57b4e0000, 0x00002ba57b4e0000)
  object space 524288K, 44% used [0x00002ba55b4e0000,0x00002ba569aae5b8,0x00002ba57b4e0000)
30432.052: [GC [PSYoungGen: 1022269K->16687K(1027008K)] 2742087K->1742767K(6269888K), 0.0325300 secs]
Heap after gc invocations=220:
 PSYoungGen      total 1027008K, used 16687K [0x00002ba6bb4e0000, 0x00002ba6fb4e0000, 0x00002ba6fb4e0000)
  eden space 1005888K, 0% used [0x00002ba6bb4e0000,0x00002ba6bb4e0000,0x00002ba6f8b30000)
  from space 21120K, 79% used [0x00002ba6f8b30000,0x00002ba6f9b7be90,0x00002ba6f9fd0000)
  to   space 20864K, 0% used [0x00002ba6fa080000,0x00002ba6fa080000,0x00002ba6fb4e0000)
 PSOldGen        total 5242880K, used 1726079K [0x00002ba57b4e0000, 0x00002ba6bb4e0000, 0x00002ba6bb4e0000)
  object space 5242880K, 32% used [0x00002ba57b4e0000,0x00002ba5e4a7ff58,0x00002ba6bb4e0000)
 PSPermGen       total 524288K, used 235321K [0x00002ba55b4e0000, 0x00002ba57b4e0000, 0x00002ba57b4e0000)
  object space 524288K, 44% used [0x00002ba55b4e0000,0x00002ba569aae5b8,0x00002ba57b4e0000)
}
Total time for which application threads were stopped: 0.0876040 seconds
Application time: 71.2472940 seconds
{Heap before gc invocations=221:
 PSYoungGen      total 1027008K, used 1022575K [0x00002ba6bb4e0000, 0x00002ba6fb4e0000, 0x00002ba6fb4e0000)
  eden space 1005888K, 100% used [0x00002ba6bb4e0000,0x00002ba6f8b30000,0x00002ba6f8b30000)
  from space 21120K, 79% used [0x00002ba6f8b30000,0x00002ba6f9b7be90,0x00002ba6f9fd0000)
  to   space 20864K, 0% used [0x00002ba6fa080000,0x00002ba6fa080000,0x00002ba6fb4e0000)
 PSOldGen        total 5242880K, used 1726079K [0x00002ba57b4e0000, 0x00002ba6bb4e0000, 0x00002ba6bb4e0000)
  object space 5242880K, 32% used [0x00002ba57b4e0000,0x00002ba5e4a7ff58,0x00002ba6bb4e0000)
 PSPermGen       total 524288K, used 235696K [0x00002ba55b4e0000, 0x00002ba57b4e0000, 0x00002ba57b4e0000)
  object space 524288K, 44% used [0x00002ba55b4e0000,0x00002ba569b0c030,0x00002ba57b4e0000)
30503.407: [GC [PSYoungGen: 1022575K->15156K(1028032K)] 2748655K->1752384K(6270912K), 0.0297980 secs]
Heap after gc invocations=221:
 PSYoungGen      total 1028032K, used 15156K [0x00002ba6bb4e0000, 0x00002ba6fb4e0000, 0x00002ba6fb4e0000)
  eden space 1007168K, 0% used [0x00002ba6bb4e0000,0x00002ba6bb4e0000,0x00002ba6f8c70000)
  from space 20864K, 72% used [0x00002ba6fa080000,0x00002ba6faf4d298,0x00002ba6fb4e0000)
  to   space 20544K, 0% used [0x00002ba6f8c70000,0x00002ba6f8c70000,0x00002ba6fa080000)
 PSOldGen        total 5242880K, used 1737227K [0x00002ba57b4e0000, 0x00002ba6bb4e0000, 0x00002ba6bb4e0000)
  object space 5242880K, 33% used [0x00002ba57b4e0000,0x00002ba5e5562e88,0x00002ba6bb4e0000)
 PSPermGen       total 524288K, used 235696K [0x00002ba55b4e0000, 0x00002ba57b4e0000, 0x00002ba57b4e0000)
  object space 524288K, 44% used [0x00002ba55b4e0000,0x00002ba569b0c030,0x00002ba57b4e0000)
}
Total time for which application threads were stopped: 0.1049310 seconds
Application time: 0.1767870 seconds
{Heap before gc invocations=222:
 PSYoungGen      total 1028032K, used 1022324K [0x00002ba6bb4e0000, 0x00002ba6fb4e0000, 0x00002ba6fb4e0000)
  eden space 1007168K, 100% used [0x00002ba6bb4e0000,0x00002ba6f8c70000,0x00002ba6f8c70000)
  from space 20864K, 72% used [0x00002ba6fa080000,0x00002ba6faf4d298,0x00002ba6fb4e0000)
  to   space 20544K, 0% used [0x00002ba6f8c70000,0x00002ba6f8c70000,0x00002ba6fa080000)
 PSOldGen        total 5242880K, used 1737227K [0x00002ba57b4e0000, 0x00002ba6bb4e0000, 0x00002ba6bb4e0000)
  object space 5242880K, 33% used [0x00002ba57b4e0000,0x00002ba5e5562e88,0x00002ba6bb4e0000)
 PSPermGen       total 524288K, used 235860K [0x00002ba55b4e0000, 0x00002ba57b4e0000, 0x00002ba57b4e0000)
  object space 524288K, 44% used [0x00002ba55b4e0000,0x00002ba569b352d0,0x00002ba57b4e0000)
30594.930: [GC [PSYoungGen: 1022324K->20541K(1019648K)] 2759552K->1767757K(6262528K), 0.0578270 secs]
Heap after gc invocations=222:
 PSYoungGen      total 1019648K, used 20541K [0x00002ba6bb4e0000, 0x00002ba6fb4e0000, 0x00002ba6fb4e0000)
  eden space 999104K, 0% used [0x00002ba6bb4e0000,0x00002ba6bb4e0000,0x00002ba6f8490000)
  from space 20544K, 99% used [0x00002ba6f8c70000,0x00002ba6fa07f6c0,0x00002ba6fa080000)
  to   space 20864K, 0% used [0x00002ba6fa080000,0x00002ba6fa080000,0x00002ba6fb4e0000)
 PSOldGen        total 5242880K, used 1747215K [0x00002ba57b4e0000, 0x00002ba6bb4e0000, 0x00002ba6bb4e0000)
  object space 5242880K, 33% used [0x00002ba57b4e0000,0x00002ba5e5f23e50,0x00002ba6bb4e0000)
 PSPermGen       total 524288K, used 235860K [0x00002ba55b4e0000, 0x00002ba57b4e0000, 0x00002ba57b4e0000)
  object space 524288K, 44% used [0x00002ba55b4e0000,0x00002ba569b352d0,0x00002ba57b4e0000)
}
Total time for which application threads were stopped: 0.0845990 seconds
Application time: 14.3783740 seconds
{Heap before gc invocations=223:
 PSYoungGen      total 1019648K, used 1019645K [0x00002ba6bb4e0000, 0x00002ba6fb4e0000, 0x00002ba6fb4e0000)
  eden space 999104K, 100% used [0x00002ba6bb4e0000,0x00002ba6f8490000,0x00002ba6f8490000)
  from space 20544K, 99% used [0x00002ba6f8c70000,0x00002ba6fa07f6c0,0x00002ba6fa080000)
  to   space 20864K, 0% used [0x00002ba6fa080000,0x00002ba6fa080000,0x00002ba6fb4e0000)
 PSOldGen        total 5242880K, used 1747215K [0x00002ba57b4e0000, 0x00002ba6bb4e0000, 0x00002ba6bb4e0000)
  object space 5242880K, 33% used [0x00002ba57b4e0000,0x00002ba5e5f23e50,0x00002ba6bb4e0000)
 PSPermGen       total 524288K, used 236168K [0x00002ba55b4e0000, 0x00002ba57b4e0000, 0x00002ba57b4e0000)
  object space 524288K, 45% used [0x00002ba55b4e0000,0x00002ba569b823e0,0x00002ba57b4e0000)
30665.608: [GC [PSYoungGen: 1019645K->13558K(1018752K)] 2766861K->1771493K(6261632K), 0.0362610 secs]
Heap after gc invocations=223:
 PSYoungGen      total 1018752K, used 13558K [0x00002ba6bb4e0000, 0x00002ba6fb4e0000, 0x00002ba6fb4e0000)
  eden space 997888K, 0% used [0x00002ba6bb4e0000,0x00002ba6bb4e0000,0x00002ba6f8360000)
  from space 20864K, 64% used [0x00002ba6fa080000,0x00002ba6fadbdae0,0x00002ba6fb4e0000)
  to   space 25344K, 0% used [0x00002ba6f8360000,0x00002ba6f8360000,0x00002ba6f9c20000)
 PSOldGen        total 5242880K, used 1757934K [0x00002ba57b4e0000, 0x00002ba6bb4e0000, 0x00002ba6bb4e0000)
  object space 5242880K, 33% used [0x00002ba57b4e0000,0x00002ba5e699b968,0x00002ba6bb4e0000)
 PSPermGen       total 524288K, used 236168K [0x00002ba55b4e0000, 0x00002ba57b4e0000, 0x00002ba57b4e0000)
  object space 524288K, 45% used [0x00002ba55b4e0000,0x00002ba569b823e0,0x00002ba57b4e0000)
}
Total time for which application threads were stopped: 0.1115380 seconds
Application time: 7.1740060 seconds
Total time for which application threads were stopped: 0.0300510 seconds
Application time: 13.5558360 seconds
{Heap before gc invocations=224:
 PSYoungGen      total 1018752K, used 1011446K [0x00002ba6bb4e0000, 0x00002ba6fb4e0000, 0x00002ba6fb4e0000)
  eden space 997888K, 100% used [0x00002ba6bb4e0000,0x00002ba6f8360000,0x00002ba6f8360000)
  from space 20864K, 64% used [0x00002ba6fa080000,0x00002ba6fadbdae0,0x00002ba6fb4e0000)
  to   space 25344K, 0% used [0x00002ba6f8360000,0x00002ba6f8360000,0x00002ba6f9c20000)
 PSOldGen        total 5242880K, used 1757934K [0x00002ba57b4e0000, 0x00002ba6bb4e0000, 0x00002ba6bb4e0000)
  object space 5242880K, 33% used [0x00002ba57b4e0000,0x00002ba5e699b968,0x00002ba6bb4e0000)
 PSPermGen       total 524288K, used 236454K [0x00002ba55b4e0000, 0x00002ba57b4e0000, 0x00002ba57b4e0000)
  object space 524288K, 45% used [0x00002ba55b4e0000,0x00002ba569bc98a8,0x00002ba57b4e0000)
30725.718: [GC [PSYoungGen: 1011446K->23837K(1021760K)] 2769381K->1790131K(6264640K), 0.0541790 secs]
Heap after gc invocations=224:
 PSYoungGen      total 1021760K, used 23837K [0x00002ba6bb4e0000, 0x00002ba6fb4e0000, 0x00002ba6fb4e0000)
  eden space 997888K, 0% used [0x00002ba6bb4e0000,0x00002ba6bb4e0000,0x00002ba6f8360000)
  from space 23872K, 99% used [0x00002ba6f8360000,0x00002ba6f9aa76f8,0x00002ba6f9ab0000)
  to   space 26816K, 0% used [0x00002ba6f9ab0000,0x00002ba6f9ab0000,0x00002ba6fb4e0000)
 PSOldGen        total 5242880K, used 1766293K [0x00002ba57b4e0000, 0x00002ba6bb4e0000, 0x00002ba6bb4e0000)
  object space 5242880K, 33% used [0x00002ba57b4e0000,0x00002ba5e71c55c0,0x00002ba6bb4e0000)
 PSPermGen       total 524288K, used 236454K [0x00002ba55b4e0000, 0x00002ba57b4e0000, 0x00002ba57b4e0000)
  object space 524288K, 45% used [0x00002ba55b4e0000,0x00002ba569bc98a8,0x00002ba57b4e0000)
}
Total time for which application threads were stopped: 0.1292410 seconds
Application time: 96.8949610 seconds
{Heap before gc invocations=225:
 PSYoungGen      total 1021760K, used 1021725K [0x00002ba6bb4e0000, 0x00002ba6fb4e0000, 0x00002ba6fb4e0000)
  eden space 997888K, 100% used [0x00002ba6bb4e0000,0x00002ba6f8360000,0x00002ba6f8360000)
  from space 23872K, 99% used [0x00002ba6f8360000,0x00002ba6f9aa76f8,0x00002ba6f9ab0000)
  to   space 26816K, 0% used [0x00002ba6f9ab0000,0x00002ba6f9ab0000,0x00002ba6fb4e0000)
 PSOldGen        total 5242880K, used 1766293K [0x00002ba57b4e0000, 0x00002ba6bb4e0000, 0x00002ba6bb4e0000)
  object space 5242880K, 33% used [0x00002ba57b4e0000,0x00002ba5e71c55c0,0x00002ba6bb4e0000)
 PSPermGen       total 524288K, used 237541K [0x00002ba55b4e0000, 0x00002ba57b4e0000, 0x00002ba57b4e0000)
  object space 524288K, 45% used [0x00002ba55b4e0000,0x00002ba569cd9730,0x00002ba57b4e0000)
30822.772: [GC [PSYoungGen: 1021725K->17622K(1022464K)] 2788019K->1798836K(6265344K), 0.0643040 secs]
Heap after gc invocations=225:
 PSYoungGen      total 1022464K, used 17622K [0x00002ba6bb4e0000, 0x00002ba6fb4e0000, 0x00002ba6fb4e0000)
  eden space 995648K, 0% used [0x00002ba6bb4e0000,0x00002ba6bb4e0000,0x00002ba6f8130000)
  from space 26816K, 65% used [0x00002ba6f9ab0000,0x00002ba6fabe5990,0x00002ba6fb4e0000)
  to   space 26112K, 0% used [0x00002ba6f8130000,0x00002ba6f8130000,0x00002ba6f9ab0000)
 PSOldGen        total 5242880K, used 1781214K [0x00002ba57b4e0000, 0x00002ba6bb4e0000, 0x00002ba6bb4e0000)
  object space 5242880K, 33% used [0x00002ba57b4e0000,0x00002ba5e8057a58,0x00002ba6bb4e0000)
 PSPermGen       total 524288K, used 237541K [0x00002ba55b4e0000, 0x00002ba57b4e0000, 0x00002ba57b4e0000)
  object space 524288K, 45% used [0x00002ba55b4e0000,0x00002ba569cd9730,0x00002ba57b4e0000)
}
Total time for which application threads were stopped: 0.1691710 seconds
Application time: 78.1074420 seconds
{Heap before gc invocations=226:
 PSYoungGen      total 1022464K, used 1013270K [0x00002ba6bb4e0000, 0x00002ba6fb4e0000, 0x00002ba6fb4e0000)
  eden space 995648K, 100% used [0x00002ba6bb4e0000,0x00002ba6f8130000,0x00002ba6f8130000)
  from space 26816K, 65% used [0x00002ba6f9ab0000,0x00002ba6fabe5990,0x00002ba6fb4e0000)
  to   space 26112K, 0% used [0x00002ba6f8130000,0x00002ba6f8130000,0x00002ba6f9ab0000)
 PSOldGen        total 5242880K, used 1781214K [0x00002ba57b4e0000, 0x00002ba6bb4e0000, 0x00002ba6bb4e0000)
  object space 5242880K, 33% used [0x00002ba57b4e0000,0x00002ba5e8057a58,0x00002ba6bb4e0000)
 PSPermGen       total 524288K, used 237954K [0x00002ba55b4e0000, 0x00002ba57b4e0000, 0x00002ba57b4e0000)
  object space 524288K, 45% used [0x00002ba55b4e0000,0x00002ba569d40a58,0x00002ba57b4e0000)
30900.972: [GC [PSYoungGen: 1013270K->18151K(1021760K)] 2794484K->1805415K(6264640K), 0.0344390 secs]
Heap after gc invocations=226:
 PSYoungGen      total 1021760K, used 18151K [0x00002ba6bb4e0000, 0x00002ba6fb4e0000, 0x00002ba6fb4e0000)
  eden space 995648K, 0% used [0x00002ba6bb4e0000,0x00002ba6bb4e0000,0x00002ba6f8130000)
  from space 26112K, 69% used [0x00002ba6f8130000,0x00002ba6f92e9d50,0x00002ba6f9ab0000)
  to   space 25472K, 0% used [0x00002ba6f9c00000,0x00002ba6f9c00000,0x00002ba6fb4e0000)
 PSOldGen        total 5242880K, used 1787263K [0x00002ba57b4e0000, 0x00002ba6bb4e0000, 0x00002ba6bb4e0000)
  object space 5242880K, 34% used [0x00002ba57b4e0000,0x00002ba5e863fec0,0x00002ba6bb4e0000)
 PSPermGen       total 524288K, used 237954K [0x00002ba55b4e0000, 0x00002ba57b4e0000, 0x00002ba57b4e0000)
  object space 524288K, 45% used [0x00002ba55b4e0000,0x00002ba569d40a58,0x00002ba57b4e0000)
}
Total time for which application threads were stopped: 0.0624750 seconds
Application time: 3.5500500 seconds
{Heap before gc invocations=227:
 PSYoungGen      total 1021760K, used 1013799K [0x00002ba6bb4e0000, 0x00002ba6fb4e0000, 0x00002ba6fb4e0000)
  eden space 995648K, 100% used [0x00002ba6bb4e0000,0x00002ba6f8130000,0x00002ba6f8130000)
  from space 26112K, 69% used [0x00002ba6f8130000,0x00002ba6f92e9d50,0x00002ba6f9ab0000)
  to   space 25472K, 0% used [0x00002ba6f9c00000,0x00002ba6f9c00000,0x00002ba6fb4e0000)
 PSOldGen        total 5242880K, used 1787263K [0x00002ba57b4e0000, 0x00002ba6bb4e0000, 0x00002ba6bb4e0000)
  object space 5242880K, 34% used [0x00002ba57b4e0000,0x00002ba5e863fec0,0x00002ba6bb4e0000)
 PSPermGen       total 524288K, used 238163K [0x00002ba55b4e0000, 0x00002ba57b4e0000, 0x00002ba57b4e0000)
  object space 524288K, 45% used [0x00002ba55b4e0000,0x00002ba569d74c30,0x00002ba57b4e0000)
30994.971: [GC [PSYoungGen: 1013799K->19550K(1023232K)] 2801063K->1814733K(6266112K), 0.0282980 secs]
Heap after gc invocations=227:
 PSYoungGen      total 1023232K, used 19550K [0x00002ba6bb4e0000, 0x00002ba6fb4e0000, 0x00002ba6fb4e0000)
  eden space 997760K, 0% used [0x00002ba6bb4e0000,0x00002ba6bb4e0000,0x00002ba6f8340000)
  from space 25472K, 76% used [0x00002ba6f9c00000,0x00002ba6faf179b0,0x00002ba6fb4e0000)
  to   space 25344K, 0% used [0x00002ba6f8340000,0x00002ba6f8340000,0x00002ba6f9c00000)
 PSOldGen        total 5242880K, used 1795183K [0x00002ba57b4e0000, 0x00002ba6bb4e0000, 0x00002ba6bb4e0000)
  object space 5242880K, 34% used [0x00002ba57b4e0000,0x00002ba5e8dfbc00,0x00002ba6bb4e0000)
 PSPermGen       total 524288K, used 238163K [0x00002ba55b4e0000, 0x00002ba57b4e0000, 0x00002ba57b4e0000)
  object space 524288K, 45% used [0x00002ba55b4e0000,0x00002ba569d74c30,0x00002ba57b4e0000)
}
Total time for which application threads were stopped: 0.1330940 seconds
Application time: 101.2783400 seconds
{Heap before gc invocations=228:
 PSYoungGen      total 1023232K, used 1017310K [0x00002ba6bb4e0000, 0x00002ba6fb4e0000, 0x00002ba6fb4e0000)
  eden space 997760K, 100% used [0x00002ba6bb4e0000,0x00002ba6f8340000,0x00002ba6f8340000)
  from space 25472K, 76% used [0x00002ba6f9c00000,0x00002ba6faf179b0,0x00002ba6fb4e0000)
  to   space 25344K, 0% used [0x00002ba6f8340000,0x00002ba6f8340000,0x00002ba6f9c00000)
 PSOldGen        total 5242880K, used 1795183K [0x00002ba57b4e0000, 0x00002ba6bb4e0000, 0x00002ba6bb4e0000)
  object space 5242880K, 34% used [0x00002ba57b4e0000,0x00002ba5e8dfbc00,0x00002ba6bb4e0000)
 PSPermGen       total 524288K, used 238713K [0x00002ba55b4e0000, 0x00002ba57b4e0000, 0x00002ba57b4e0000)
  object space 524288K, 45% used [0x00002ba55b4e0000,0x00002ba569dfe688,0x00002ba57b4e0000)
31103.449: [GC [PSYoungGen: 1017310K->11140K(1008960K)] 2812493K->1818358K(6251840K), 0.0301430 secs]
Heap after gc invocations=228:
 PSYoungGen      total 1008960K, used 11140K [0x00002ba6bb4e0000, 0x00002ba6fb4e0000, 0x00002ba6fb4e0000)
  eden space 997760K, 0% used [0x00002ba6bb4e0000,0x00002ba6bb4e0000,0x00002ba6f8340000)
  from space 11200K, 99% used [0x00002ba6f8340000,0x00002ba6f8e21318,0x00002ba6f8e30000)
  to   space 25792K, 0% used [0x00002ba6f9bb0000,0x00002ba6f9bb0000,0x00002ba6fb4e0000)
 PSOldGen        total 5242880K, used 1807217K [0x00002ba57b4e0000, 0x00002ba6bb4e0000, 0x00002ba6bb4e0000)
  object space 5242880K, 34% used [0x00002ba57b4e0000,0x00002ba5e99bc6a8,0x00002ba6bb4e0000)
 PSPermGen       total 524288K, used 238713K [0x00002ba55b4e0000, 0x00002ba57b4e0000, 0x00002ba57b4e0000)
  object space 524288K, 45% used [0x00002ba55b4e0000,0x00002ba569dfe688,0x00002ba57b4e0000)
}
Total time for which application threads were stopped: 0.1053030 seconds
Application time: 67.4913500 seconds
{Heap before gc invocations=229:
 PSYoungGen      total 1008960K, used 1008900K [0x00002ba6bb4e0000, 0x00002ba6fb4e0000, 0x00002ba6fb4e0000)
  eden space 997760K, 100% used [0x00002ba6bb4e0000,0x00002ba6f8340000,0x00002ba6f8340000)
  from space 11200K, 99% used [0x00002ba6f8340000,0x00002ba6f8e21318,0x00002ba6f8e30000)
  to   space 25792K, 0% used [0x00002ba6f9bb0000,0x00002ba6f9bb0000,0x00002ba6fb4e0000)
 PSOldGen        total 5242880K, used 1807217K [0x00002ba57b4e0000, 0x00002ba6bb4e0000, 0x00002ba6bb4e0000)
  object space 5242880K, 34% used [0x00002ba57b4e0000,0x00002ba5e99bc6a8,0x00002ba6bb4e0000)
 PSPermGen       total 524288K, used 239114K [0x00002ba55b4e0000, 0x00002ba57b4e0000, 0x00002ba57b4e0000)
  object space 524288K, 45% used [0x00002ba55b4e0000,0x00002ba569e62940,0x00002ba57b4e0000)
31171.076: [GC [PSYoungGen: 1008900K->16999K(1023616K)] 2816118K->1831825K(6266496K), 0.0307760 secs]
Heap after gc invocations=229:
 PSYoungGen      total 1023616K, used 16999K [0x00002ba6bb4e0000, 0x00002ba6fb4e0000, 0x00002ba6fb4e0000)
  eden space 997824K, 0% used [0x00002ba6bb4e0000,0x00002ba6bb4e0000,0x00002ba6f8350000)
  from space 25792K, 65% used [0x00002ba6f9bb0000,0x00002ba6fac49f28,0x00002ba6fb4e0000)
  to   space 24960K, 0% used [0x00002ba6f8350000,0x00002ba6f8350000,0x00002ba6f9bb0000)
 PSOldGen        total 5242880K, used 1814825K [0x00002ba57b4e0000, 0x00002ba6bb4e0000, 0x00002ba6bb4e0000)
  object space 5242880K, 34% used [0x00002ba57b4e0000,0x00002ba5ea12a7e0,0x00002ba6bb4e0000)
 PSPermGen       total 524288K, used 239114K [0x00002ba55b4e0000, 0x00002ba57b4e0000, 0x00002ba57b4e0000)
  object space 524288K, 45% used [0x00002ba55b4e0000,0x00002ba569e62940,0x00002ba57b4e0000)
}
Total time for which application threads were stopped: 0.1362730 seconds
Application time: 9.9078490 seconds
{Heap before gc invocations=230:
 PSYoungGen      total 1023616K, used 1014823K [0x00002ba6bb4e0000, 0x00002ba6fb4e0000, 0x00002ba6fb4e0000)
  eden space 997824K, 100% used [0x00002ba6bb4e0000,0x00002ba6f8350000,0x00002ba6f8350000)
  from space 25792K, 65% used [0x00002ba6f9bb0000,0x00002ba6fac49f28,0x00002ba6fb4e0000)
  to   space 24960K, 0% used [0x00002ba6f8350000,0x00002ba6f8350000,0x00002ba6f9bb0000)
 PSOldGen        total 5242880K, used 1814825K [0x00002ba57b4e0000, 0x00002ba6bb4e0000, 0x00002ba6bb4e0000)
  object space 5242880K, 34% used [0x00002ba57b4e0000,0x00002ba5ea12a7e0,0x00002ba6bb4e0000)
 PSPermGen       total 524288K, used 239833K [0x00002ba55b4e0000, 0x00002ba57b4e0000, 0x00002ba57b4e0000)
  object space 524288K, 45% used [0x00002ba55b4e0000,0x00002ba569f16500,0x00002ba57b4e0000)
31271.355: [GC [PSYoungGen: 1014823K->18739K(1022784K)] 2829649K->1841886K(6265664K), 0.0299140 secs]
Heap after gc invocations=230:
 PSYoungGen      total 1022784K, used 18739K [0x00002ba6bb4e0000, 0x00002ba6fb4e0000, 0x00002ba6fb4e0000)
  eden space 997824K, 0% used [0x00002ba6bb4e0000,0x00002ba6bb4e0000,0x00002ba6f8350000)
  from space 24960K, 75% used [0x00002ba6f8350000,0x00002ba6f959cc78,0x00002ba6f9bb0000)
  to   space 24768K, 0% used [0x00002ba6f9cb0000,0x00002ba6f9cb0000,0x00002ba6fb4e0000)
 PSOldGen        total 5242880K, used 1823147K [0x00002ba57b4e0000, 0x00002ba6bb4e0000, 0x00002ba6bb4e0000)
  object space 5242880K, 34% used [0x00002ba57b4e0000,0x00002ba5ea94af30,0x00002ba6bb4e0000)
 PSPermGen       total 524288K, used 239833K [0x00002ba55b4e0000, 0x00002ba57b4e0000, 0x00002ba57b4e0000)
  object space 524288K, 45% used [0x00002ba55b4e0000,0x00002ba569f16500,0x00002ba57b4e0000)
}
Total time for which application threads were stopped: 0.1050110 seconds
Application time: 123.4196900 seconds
{Heap before gc invocations=231:
 PSYoungGen      total 1022784K, used 1016563K [0x00002ba6bb4e0000, 0x00002ba6fb4e0000, 0x00002ba6fb4e0000)
  eden space 997824K, 100% used [0x00002ba6bb4e0000,0x00002ba6f8350000,0x00002ba6f8350000)
  from space 24960K, 75% used [0x00002ba6f8350000,0x00002ba6f959cc78,0x00002ba6f9bb0000)
  to   space 24768K, 0% used [0x00002ba6f9cb0000,0x00002ba6f9cb0000,0x00002ba6fb4e0000)
 PSOldGen        total 5242880K, used 1823147K [0x00002ba57b4e0000, 0x00002ba6bb4e0000, 0x00002ba6bb4e0000)
  object space 5242880K, 34% used [0x00002ba57b4e0000,0x00002ba5ea94af30,0x00002ba6bb4e0000)
 PSPermGen       total 524288K, used 240533K [0x00002ba55b4e0000, 0x00002ba57b4e0000, 0x00002ba57b4e0000)
  object space 524288K, 45% used [0x00002ba55b4e0000,0x00002ba569fc54c8,0x00002ba57b4e0000)
31394.909: [GC [PSYoungGen: 1016563K->17247K(1024512K)] 2839710K->1849193K(6267392K), 0.0275110 secs]
Heap after gc invocations=231:
 PSYoungGen      total 1024512K, used 17247K [0x00002ba6bb4e0000, 0x00002ba6fb4e0000, 0x00002ba6fb4e0000)
  eden space 999744K, 0% used [0x00002ba6bb4e0000,0x00002ba6bb4e0000,0x00002ba6f8530000)
  from space 24768K, 69% used [0x00002ba6f9cb0000,0x00002ba6fad87c60,0x00002ba6fb4e0000)
  to   space 24064K, 0% used [0x00002ba6f8530000,0x00002ba6f8530000,0x00002ba6f9cb0000)
 PSOldGen        total 5242880K, used 1831946K [0x00002ba57b4e0000, 0x00002ba6bb4e0000, 0x00002ba6bb4e0000)
  object space 5242880K, 34% used [0x00002ba57b4e0000,0x00002ba5eb1e2930,0x00002ba6bb4e0000)
 PSPermGen       total 524288K, used 240533K [0x00002ba55b4e0000, 0x00002ba57b4e0000, 0x00002ba57b4e0000)
  object space 524288K, 45% used [0x00002ba55b4e0000,0x00002ba569fc54c8,0x00002ba57b4e0000)
}
Total time for which application threads were stopped: 0.1319200 seconds
Application time: 90.2769580 seconds
{Heap before gc invocations=232:
 PSYoungGen      total 1024512K, used 1016991K [0x00002ba6bb4e0000, 0x00002ba6fb4e0000, 0x00002ba6fb4e0000)
  eden space 999744K, 100% used [0x00002ba6bb4e0000,0x00002ba6f8530000,0x00002ba6f8530000)
  from space 24768K, 69% used [0x00002ba6f9cb0000,0x00002ba6fad87c60,0x00002ba6fb4e0000)
  to   space 24064K, 0% used [0x00002ba6f8530000,0x00002ba6f8530000,0x00002ba6f9cb0000)
 PSOldGen        total 5242880K, used 1831946K [0x00002ba57b4e0000, 0x00002ba6bb4e0000, 0x00002ba6bb4e0000)
  object space 5242880K, 34% used [0x00002ba57b4e0000,0x00002ba5eb1e2930,0x00002ba6bb4e0000)
 PSPermGen       total 524288K, used 240886K [0x00002ba55b4e0000, 0x00002ba57b4e0000, 0x00002ba57b4e0000)
  object space 524288K, 45% used [0x00002ba55b4e0000,0x00002ba56a01d9b8,0x00002ba57b4e0000)
31485.242: [GC [PSYoungGen: 1016991K->20663K(1023808K)] 2848937K->1866166K(6266688K), 0.0406980 secs]
Heap after gc invocations=232:
 PSYoungGen      total 1023808K, used 20663K [0x00002ba6bb4e0000, 0x00002ba6fb4e0000, 0x00002ba6fb4e0000)
  eden space 999744K, 0% used [0x00002ba6bb4e0000,0x00002ba6bb4e0000,0x00002ba6f8530000)
  from space 24064K, 85% used [0x00002ba6f8530000,0x00002ba6f995dfd0,0x00002ba6f9cb0000)
  to   space 24576K, 0% used [0x00002ba6f9ce0000,0x00002ba6f9ce0000,0x00002ba6fb4e0000)
 PSOldGen        total 5242880K, used 1845502K [0x00002ba57b4e0000, 0x00002ba6bb4e0000, 0x00002ba6bb4e0000)
  object space 5242880K, 35% used [0x00002ba57b4e0000,0x00002ba5ebf1fb58,0x00002ba6bb4e0000)
 PSPermGen       total 524288K, used 240886K [0x00002ba55b4e0000, 0x00002ba57b4e0000, 0x00002ba57b4e0000)
  object space 524288K, 45% used [0x00002ba55b4e0000,0x00002ba56a01d9b8,0x00002ba57b4e0000)
}
Total time for which application threads were stopped: 0.0684210 seconds
Application time: 39.2481730 seconds
{Heap before gc invocations=233:
 PSYoungGen      total 1023808K, used 1020407K [0x00002ba6bb4e0000, 0x00002ba6fb4e0000, 0x00002ba6fb4e0000)
  eden space 999744K, 100% used [0x00002ba6bb4e0000,0x00002ba6f8530000,0x00002ba6f8530000)
  from space 24064K, 85% used [0x00002ba6f8530000,0x00002ba6f995dfd0,0x00002ba6f9cb0000)
  to   space 24576K, 0% used [0x00002ba6f9ce0000,0x00002ba6f9ce0000,0x00002ba6fb4e0000)
 PSOldGen        total 5242880K, used 1845502K [0x00002ba57b4e0000, 0x00002ba6bb4e0000, 0x00002ba6bb4e0000)
  object space 5242880K, 35% used [0x00002ba57b4e0000,0x00002ba5ebf1fb58,0x00002ba6bb4e0000)
 PSPermGen       total 524288K, used 240908K [0x00002ba55b4e0000, 0x00002ba57b4e0000, 0x00002ba57b4e0000)
  object space 524288K, 45% used [0x00002ba55b4e0000,0x00002ba56a0233c0,0x00002ba57b4e0000)
31524.585: [GC [PSYoungGen: 1020407K->15775K(1024320K)] 2865910K->1874196K(6267200K), 0.0371360 secs]
Heap after gc invocations=233:
 PSYoungGen      total 1024320K, used 15775K [0x00002ba6bb4e0000, 0x00002ba6fb4e0000, 0x00002ba6fb4e0000)
  eden space 999744K, 0% used [0x00002ba6bb4e0000,0x00002ba6bb4e0000,0x00002ba6f8530000)
  from space 24576K, 64% used [0x00002ba6f9ce0000,0x00002ba6fac47ca8,0x00002ba6fb4e0000)
  to   space 24256K, 0% used [0x00002ba6f8530000,0x00002ba6f8530000,0x00002ba6f9ce0000)
 PSOldGen        total 5242880K, used 1858421K [0x00002ba57b4e0000, 0x00002ba6bb4e0000, 0x00002ba6bb4e0000)
  object space 5242880K, 35% used [0x00002ba57b4e0000,0x00002ba5ecbbd6a0,0x00002ba6bb4e0000)
 PSPermGen       total 524288K, used 240908K [0x00002ba55b4e0000, 0x00002ba57b4e0000, 0x00002ba57b4e0000)
  object space 524288K, 45% used [0x00002ba55b4e0000,0x00002ba56a0233c0,0x00002ba57b4e0000)
}
Total time for which application threads were stopped: 0.0920620 seconds
Application time: 43.1917510 seconds
{Heap before gc invocations=234:
 PSYoungGen      total 1024320K, used 1015519K [0x00002ba6bb4e0000, 0x00002ba6fb4e0000, 0x00002ba6fb4e0000)
  eden space 999744K, 100% used [0x00002ba6bb4e0000,0x00002ba6f8530000,0x00002ba6f8530000)
  from space 24576K, 64% used [0x00002ba6f9ce0000,0x00002ba6fac47ca8,0x00002ba6fb4e0000)
  to   space 24256K, 0% used [0x00002ba6f8530000,0x00002ba6f8530000,0x00002ba6f9ce0000)
 PSOldGen        total 5242880K, used 1858421K [0x00002ba57b4e0000, 0x00002ba6bb4e0000, 0x00002ba6bb4e0000)
  object space 5242880K, 35% used [0x00002ba57b4e0000,0x00002ba5ecbbd6a0,0x00002ba6bb4e0000)
 PSPermGen       total 524288K, used 241331K [0x00002ba55b4e0000, 0x00002ba57b4e0000, 0x00002ba57b4e0000)
  object space 524288K, 46% used [0x00002ba55b4e0000,0x00002ba56a08cfa0,0x00002ba57b4e0000)
31567.891: [GC [PSYoungGen: 1015519K->17459K(1024000K)] 2873940K->1883372K(6266880K), 0.0333300 secs]
Heap after gc invocations=234:
 PSYoungGen      total 1024000K, used 17459K [0x00002ba6bb4e0000, 0x00002ba6fb4e0000, 0x00002ba6fb4e0000)
  eden space 999744K, 0% used [0x00002ba6bb4e0000,0x00002ba6bb4e0000,0x00002ba6f8530000)
  from space 24256K, 71% used [0x00002ba6f8530000,0x00002ba6f963cea8,0x00002ba6f9ce0000)
  to   space 23552K, 0% used [0x00002ba6f9de0000,0x00002ba6f9de0000,0x00002ba6fb4e0000)
 PSOldGen        total 5242880K, used 1865912K [0x00002ba57b4e0000, 0x00002ba6bb4e0000, 0x00002ba6bb4e0000)
  object space 5242880K, 35% used [0x00002ba57b4e0000,0x00002ba5ed30e240,0x00002ba6bb4e0000)
 PSPermGen       total 524288K, used 241331K [0x00002ba55b4e0000, 0x00002ba57b4e0000, 0x00002ba57b4e0000)
  object space 524288K, 46% used [0x00002ba55b4e0000,0x00002ba56a08cfa0,0x00002ba57b4e0000)
}
Total time for which application threads were stopped: 0.1095130 seconds
Application time: 8.5432580 seconds
{Heap before gc invocations=235:
 PSYoungGen      total 1024000K, used 1017203K [0x00002ba6bb4e0000, 0x00002ba6fb4e0000, 0x00002ba6fb4e0000)
  eden space 999744K, 100% used [0x00002ba6bb4e0000,0x00002ba6f8530000,0x00002ba6f8530000)
  from space 24256K, 71% used [0x00002ba6f8530000,0x00002ba6f963cea8,0x00002ba6f9ce0000)
  to   space 23552K, 0% used [0x00002ba6f9de0000,0x00002ba6f9de0000,0x00002ba6fb4e0000)
 PSOldGen        total 5242880K, used 1865912K [0x00002ba57b4e0000, 0x00002ba6bb4e0000, 0x00002ba6bb4e0000)
  object space 5242880K, 35% used [0x00002ba57b4e0000,0x00002ba5ed30e240,0x00002ba6bb4e0000)
 PSPermGen       total 524288K, used 241873K [0x00002ba55b4e0000, 0x00002ba57b4e0000, 0x00002ba57b4e0000)
  object space 524288K, 46% used [0x00002ba55b4e0000,0x00002ba56a1146f8,0x00002ba57b4e0000)
31624.749: [GC [PSYoungGen: 1017203K->21946K(1022848K)] 2883116K->1899156K(6265728K), 0.0497100 secs]
Heap after gc invocations=235:
 PSYoungGen      total 1022848K, used 21946K [0x00002ba6bb4e0000, 0x00002ba6fb4e0000, 0x00002ba6fb4e0000)
  eden space 999296K, 0% used [0x00002ba6bb4e0000,0x00002ba6bb4e0000,0x00002ba6f84c0000)
  from space 23552K, 93% used [0x00002ba6f9de0000,0x00002ba6fb34e8d0,0x00002ba6fb4e0000)
  to   space 24640K, 0% used [0x00002ba6f84c0000,0x00002ba6f84c0000,0x00002ba6f9cd0000)
 PSOldGen        total 5242880K, used 1877210K [0x00002ba57b4e0000, 0x00002ba6bb4e0000, 0x00002ba6bb4e0000)
  object space 5242880K, 35% used [0x00002ba57b4e0000,0x00002ba5ede169c8,0x00002ba6bb4e0000)
 PSPermGen       total 524288K, used 241873K [0x00002ba55b4e0000, 0x00002ba57b4e0000, 0x00002ba57b4e0000)
  object space 524288K, 46% used [0x00002ba55b4e0000,0x00002ba56a1146f8,0x00002ba57b4e0000)
}
Total time for which application threads were stopped: 0.1042290 seconds
Application time: 83.8001610 seconds
{Heap before gc invocations=236:
 PSYoungGen      total 1022848K, used 1021242K [0x00002ba6bb4e0000, 0x00002ba6fb4e0000, 0x00002ba6fb4e0000)
  eden space 999296K, 100% used [0x00002ba6bb4e0000,0x00002ba6f84c0000,0x00002ba6f84c0000)
  from space 23552K, 93% used [0x00002ba6f9de0000,0x00002ba6fb34e8d0,0x00002ba6fb4e0000)
  to   space 24640K, 0% used [0x00002ba6f84c0000,0x00002ba6f84c0000,0x00002ba6f9cd0000)
 PSOldGen        total 5242880K, used 1877210K [0x00002ba57b4e0000, 0x00002ba6bb4e0000, 0x00002ba6bb4e0000)
  object space 5242880K, 35% used [0x00002ba57b4e0000,0x00002ba5ede169c8,0x00002ba6bb4e0000)
 PSPermGen       total 524288K, used 242942K [0x00002ba55b4e0000, 0x00002ba57b4e0000, 0x00002ba57b4e0000)
  object space 524288K, 46% used [0x00002ba55b4e0000,0x00002ba56a21fa08,0x00002ba57b4e0000)
31708.674: [GC [PSYoungGen: 1021242K->16685K(1023936K)] 2898452K->1909000K(6266816K), 0.0413280 secs]
Heap after gc invocations=236:
 PSYoungGen      total 1023936K, used 16685K [0x00002ba6bb4e0000, 0x00002ba6fb4e0000, 0x00002ba6fb4e0000)
  eden space 999296K, 0% used [0x00002ba6bb4e0000,0x00002ba6bb4e0000,0x00002ba6f84c0000)
  from space 24640K, 67% used [0x00002ba6f84c0000,0x00002ba6f950b650,0x00002ba6f9cd0000)
  to   space 24192K, 0% used [0x00002ba6f9d40000,0x00002ba6f9d40000,0x00002ba6fb4e0000)
 PSOldGen        total 5242880K, used 1892315K [0x00002ba57b4e0000, 0x00002ba6bb4e0000, 0x00002ba6bb4e0000)
  object space 5242880K, 36% used [0x00002ba57b4e0000,0x00002ba5eecd6c08,0x00002ba6bb4e0000)
 PSPermGen       total 524288K, used 242942K [0x00002ba55b4e0000, 0x00002ba57b4e0000, 0x00002ba57b4e0000)
  object space 524288K, 46% used [0x00002ba55b4e0000,0x00002ba56a21fa08,0x00002ba57b4e0000)
}
Total time for which application threads were stopped: 0.1165850 seconds
Application time: 69.2467280 seconds
{Heap before gc invocations=237:
 PSYoungGen      total 1023936K, used 1015981K [0x00002ba6bb4e0000, 0x00002ba6fb4e0000, 0x00002ba6fb4e0000)
  eden space 999296K, 100% used [0x00002ba6bb4e0000,0x00002ba6f84c0000,0x00002ba6f84c0000)
  from space 24640K, 67% used [0x00002ba6f84c0000,0x00002ba6f950b650,0x00002ba6f9cd0000)
  to   space 24192K, 0% used [0x00002ba6f9d40000,0x00002ba6f9d40000,0x00002ba6fb4e0000)
 PSOldGen        total 5242880K, used 1892315K [0x00002ba57b4e0000, 0x00002ba6bb4e0000, 0x00002ba6bb4e0000)
  object space 5242880K, 36% used [0x00002ba57b4e0000,0x00002ba5eecd6c08,0x00002ba6bb4e0000)
 PSPermGen       total 524288K, used 243501K [0x00002ba55b4e0000, 0x00002ba57b4e0000, 0x00002ba57b4e0000)
  object space 524288K, 46% used [0x00002ba55b4e0000,0x00002ba56a2ab518,0x00002ba57b4e0000)
31778.066: [GC [PSYoungGen: 1015981K->15135K(1024576K)] 2908296K->1917330K(6267456K), 0.0306830 secs]
Heap after gc invocations=237:
 PSYoungGen      total 1024576K, used 15135K [0x00002ba6bb4e0000, 0x00002ba6fb4e0000, 0x00002ba6fb4e0000)
  eden space 1000384K, 0% used [0x00002ba6bb4e0000,0x00002ba6bb4e0000,0x00002ba6f85d0000)
  from space 24192K, 62% used [0x00002ba6f9d40000,0x00002ba6fac07eb8,0x00002ba6fb4e0000)
  to   space 24000K, 0% used [0x00002ba6f85d0000,0x00002ba6f85d0000,0x00002ba6f9d40000)
 PSOldGen        total 5242880K, used 1902195K [0x00002ba57b4e0000, 0x00002ba6bb4e0000, 0x00002ba6bb4e0000)
  object space 5242880K, 36% used [0x00002ba57b4e0000,0x00002ba5ef67cc20,0x00002ba6bb4e0000)
 PSPermGen       total 524288K, used 243501K [0x00002ba55b4e0000, 0x00002ba57b4e0000, 0x00002ba57b4e0000)
  object space 524288K, 46% used [0x00002ba55b4e0000,0x00002ba56a2ab518,0x00002ba57b4e0000)
}
Total time for which application threads were stopped: 0.1353740 seconds
Application time: 49.3070020 seconds
{Heap before gc invocations=238:
 PSYoungGen      total 1024576K, used 1015519K [0x00002ba6bb4e0000, 0x00002ba6fb4e0000, 0x00002ba6fb4e0000)
  eden space 1000384K, 100% used [0x00002ba6bb4e0000,0x00002ba6f85d0000,0x00002ba6f85d0000)
  from space 24192K, 62% used [0x00002ba6f9d40000,0x00002ba6fac07eb8,0x00002ba6fb4e0000)
  to   space 24000K, 0% used [0x00002ba6f85d0000,0x00002ba6f85d0000,0x00002ba6f9d40000)
 PSOldGen        total 5242880K, used 1902195K [0x00002ba57b4e0000, 0x00002ba6bb4e0000, 0x00002ba6bb4e0000)
  object space 5242880K, 36% used [0x00002ba57b4e0000,0x00002ba5ef67cc20,0x00002ba6bb4e0000)
 PSPermGen       total 524288K, used 244924K [0x00002ba55b4e0000, 0x00002ba57b4e0000, 0x00002ba57b4e0000)
  object space 524288K, 46% used [0x00002ba55b4e0000,0x00002ba56a40f1c8,0x00002ba57b4e0000)
31827.406: [GC [PSYoungGen: 1015519K->19727K(1024384K)] 2917714K->1931456K(6267264K), 0.0366350 secs]
Heap after gc invocations=238:
 PSYoungGen      total 1024384K, used 19727K [0x00002ba6bb4e0000, 0x00002ba6fb4e0000, 0x00002ba6fb4e0000)
  eden space 1000384K, 0% used [0x00002ba6bb4e0000,0x00002ba6bb4e0000,0x00002ba6f85d0000)
  from space 24000K, 82% used [0x00002ba6f85d0000,0x00002ba6f9913eb8,0x00002ba6f9d40000)
  to   space 24128K, 0% used [0x00002ba6f9d50000,0x00002ba6f9d50000,0x00002ba6fb4e0000)
 PSOldGen        total 5242880K, used 1911729K [0x00002ba57b4e0000, 0x00002ba6bb4e0000, 0x00002ba6bb4e0000)
  object space 5242880K, 36% used [0x00002ba57b4e0000,0x00002ba5effcc418,0x00002ba6bb4e0000)
 PSPermGen       total 524288K, used 244924K [0x00002ba55b4e0000, 0x00002ba57b4e0000, 0x00002ba57b4e0000)
  object space 524288K, 46% used [0x00002ba55b4e0000,0x00002ba56a40f1c8,0x00002ba57b4e0000)
}
Total time for which application threads were stopped: 0.0382860 seconds
Application time: 53.4174540 seconds
{Heap before gc invocations=239:
 PSYoungGen      total 1024384K, used 1020111K [0x00002ba6bb4e0000, 0x00002ba6fb4e0000, 0x00002ba6fb4e0000)
  eden space 1000384K, 100% used [0x00002ba6bb4e0000,0x00002ba6f85d0000,0x00002ba6f85d0000)
  from space 24000K, 82% used [0x00002ba6f85d0000,0x00002ba6f9913eb8,0x00002ba6f9d40000)
  to   space 24128K, 0% used [0x00002ba6f9d50000,0x00002ba6f9d50000,0x00002ba6fb4e0000)
 PSOldGen        total 5242880K, used 1911729K [0x00002ba57b4e0000, 0x00002ba6bb4e0000, 0x00002ba6bb4e0000)
  object space 5242880K, 36% used [0x00002ba57b4e0000,0x00002ba5effcc418,0x00002ba6bb4e0000)
 PSPermGen       total 524288K, used 245464K [0x00002ba55b4e0000, 0x00002ba57b4e0000, 0x00002ba57b4e0000)
  object space 524288K, 46% used [0x00002ba55b4e0000,0x00002ba56a496260,0x00002ba57b4e0000)
31880.888: [GC [PSYoungGen: 1020111K->16382K(1024832K)] 2931840K->1939668K(6267712K), 0.0299250 secs]
Heap after gc invocations=239:
 PSYoungGen      total 1024832K, used 16382K [0x00002ba6bb4e0000, 0x00002ba6fb4e0000, 0x00002ba6fb4e0000)
  eden space 1000704K, 0% used [0x00002ba6bb4e0000,0x00002ba6bb4e0000,0x00002ba6f8620000)
  from space 24128K, 67% used [0x00002ba6f9d50000,0x00002ba6fad4f968,0x00002ba6fb4e0000)
  to   space 23744K, 0% used [0x00002ba6f8620000,0x00002ba6f8620000,0x00002ba6f9d50000)
 PSOldGen        total 5242880K, used 1923286K [0x00002ba57b4e0000, 0x00002ba6bb4e0000, 0x00002ba6bb4e0000)
  object space 5242880K, 36% used [0x00002ba57b4e0000,0x00002ba5f0b15838,0x00002ba6bb4e0000)
 PSPermGen       total 524288K, used 245464K [0x00002ba55b4e0000, 0x00002ba57b4e0000, 0x00002ba57b4e0000)
  object space 524288K, 46% used [0x00002ba55b4e0000,0x00002ba56a496260,0x00002ba57b4e0000)
}
Total time for which application threads were stopped: 0.0578090 seconds
Application time: 55.3203390 seconds
{Heap before gc invocations=240:
 PSYoungGen      total 1024832K, used 1017086K [0x00002ba6bb4e0000, 0x00002ba6fb4e0000, 0x00002ba6fb4e0000)
  eden space 1000704K, 100% used [0x00002ba6bb4e0000,0x00002ba6f8620000,0x00002ba6f8620000)
  from space 24128K, 67% used [0x00002ba6f9d50000,0x00002ba6fad4f968,0x00002ba6fb4e0000)
  to   space 23744K, 0% used [0x00002ba6f8620000,0x00002ba6f8620000,0x00002ba6f9d50000)
 PSOldGen        total 5242880K, used 1923286K [0x00002ba57b4e0000, 0x00002ba6bb4e0000, 0x00002ba6bb4e0000)
  object space 5242880K, 36% used [0x00002ba57b4e0000,0x00002ba5f0b15838,0x00002ba6bb4e0000)
 PSPermGen       total 524288K, used 246034K [0x00002ba55b4e0000, 0x00002ba57b4e0000, 0x00002ba57b4e0000)
  object space 524288K, 46% used [0x00002ba55b4e0000,0x00002ba56a5249e0,0x00002ba57b4e0000)
31936.293: [GC [PSYoungGen: 1017086K->16212K(1024448K)] 2940372K->1947681K(6267328K), 0.0343580 secs]
Heap after gc invocations=240:
 PSYoungGen      total 1024448K, used 16212K [0x00002ba6bb4e0000, 0x00002ba6fb4e0000, 0x00002ba6fb4e0000)
  eden space 1000704K, 0% used [0x00002ba6bb4e0000,0x00002ba6bb4e0000,0x00002ba6f8620000)
  from space 23744K, 68% used [0x00002ba6f8620000,0x00002ba6f95f50c8,0x00002ba6f9d50000)
  to   space 23360K, 0% used [0x00002ba6f9e10000,0x00002ba6f9e10000,0x00002ba6fb4e0000)
 PSOldGen        total 5242880K, used 1931468K [0x00002ba57b4e0000, 0x00002ba6bb4e0000, 0x00002ba6bb4e0000)
  object space 5242880K, 36% used [0x00002ba57b4e0000,0x00002ba5f13133b8,0x00002ba6bb4e0000)
 PSPermGen       total 524288K, used 246034K [0x00002ba55b4e0000, 0x00002ba57b4e0000, 0x00002ba57b4e0000)
  object space 524288K, 46% used [0x00002ba55b4e0000,0x00002ba56a5249e0,0x00002ba57b4e0000)
}
Total time for which application threads were stopped: 0.0890720 seconds
Application time: 53.4533460 seconds
{Heap before gc invocations=241:
 PSYoungGen      total 1024448K, used 1016916K [0x00002ba6bb4e0000, 0x00002ba6fb4e0000, 0x00002ba6fb4e0000)
  eden space 1000704K, 100% used [0x00002ba6bb4e0000,0x00002ba6f8620000,0x00002ba6f8620000)
  from space 23744K, 68% used [0x00002ba6f8620000,0x00002ba6f95f50c8,0x00002ba6f9d50000)
  to   space 23360K, 0% used [0x00002ba6f9e10000,0x00002ba6f9e10000,0x00002ba6fb4e0000)
 PSOldGen        total 5242880K, used 1931468K [0x00002ba57b4e0000, 0x00002ba6bb4e0000, 0x00002ba6bb4e0000)
  object space 5242880K, 36% used [0x00002ba57b4e0000,0x00002ba5f13133b8,0x00002ba6bb4e0000)
 PSPermGen       total 524288K, used 246557K [0x00002ba55b4e0000, 0x00002ba57b4e0000, 0x00002ba57b4e0000)
  object space 524288K, 47% used [0x00002ba55b4e0000,0x00002ba56a5a75b8,0x00002ba57b4e0000)
31989.856: [GC [PSYoungGen: 1016916K->16172K(1025536K)] 2948385K->1957489K(6268416K), 0.0348720 secs]
Heap after gc invocations=241:
 PSYoungGen      total 1025536K, used 16172K [0x00002ba6bb4e0000, 0x00002ba6fb4e0000, 0x00002ba6fb4e0000)
  eden space 1002176K, 0% used [0x00002ba6bb4e0000,0x00002ba6bb4e0000,0x00002ba6f8790000)
  from space 23360K, 69% used [0x00002ba6f9e10000,0x00002ba6faddb220,0x00002ba6fb4e0000)
  to   space 23040K, 0% used [0x00002ba6f8790000,0x00002ba6f8790000,0x00002ba6f9e10000)
 PSOldGen        total 5242880K, used 1941317K [0x00002ba57b4e0000, 0x00002ba6bb4e0000, 0x00002ba6bb4e0000)
  object space 5242880K, 37% used [0x00002ba57b4e0000,0x00002ba5f1cb1438,0x00002ba6bb4e0000)
 PSPermGen       total 524288K, used 246557K [0x00002ba55b4e0000, 0x00002ba57b4e0000, 0x00002ba57b4e0000)
  object space 524288K, 47% used [0x00002ba55b4e0000,0x00002ba56a5a75b8,0x00002ba57b4e0000)
}
Total time for which application threads were stopped: 0.1100780 seconds
Application time: 42.5295390 seconds
{Heap before gc invocations=242:
 PSYoungGen      total 1025536K, used 1018348K [0x00002ba6bb4e0000, 0x00002ba6fb4e0000, 0x00002ba6fb4e0000)
  eden space 1002176K, 100% used [0x00002ba6bb4e0000,0x00002ba6f8790000,0x00002ba6f8790000)
  from space 23360K, 69% used [0x00002ba6f9e10000,0x00002ba6faddb220,0x00002ba6fb4e0000)
  to   space 23040K, 0% used [0x00002ba6f8790000,0x00002ba6f8790000,0x00002ba6f9e10000)
 PSOldGen        total 5242880K, used 1941317K [0x00002ba57b4e0000, 0x00002ba6bb4e0000, 0x00002ba6bb4e0000)
  object space 5242880K, 37% used [0x00002ba57b4e0000,0x00002ba5f1cb1438,0x00002ba6bb4e0000)
 PSPermGen       total 524288K, used 247123K [0x00002ba55b4e0000, 0x00002ba57b4e0000, 0x00002ba57b4e0000)
  object space 524288K, 47% used [0x00002ba55b4e0000,0x00002ba56a634c48,0x00002ba57b4e0000)
32039.566: [GC [PSYoungGen: 1018348K->16538K(1025216K)] 2959665K->1966443K(6268096K), 0.0276090 secs]
Heap after gc invocations=242:
 PSYoungGen      total 1025216K, used 16538K [0x00002ba6bb4e0000, 0x00002ba6fb4e0000, 0x00002ba6fb4e0000)
  eden space 1002176K, 0% used [0x00002ba6bb4e0000,0x00002ba6bb4e0000,0x00002ba6f8790000)
  from space 23040K, 71% used [0x00002ba6f8790000,0x00002ba6f97b6968,0x00002ba6f9e10000)
  to   space 22592K, 0% used [0x00002ba6f9ed0000,0x00002ba6f9ed0000,0x00002ba6fb4e0000)
 PSOldGen        total 5242880K, used 1949905K [0x00002ba57b4e0000, 0x00002ba6bb4e0000, 0x00002ba6bb4e0000)
  object space 5242880K, 37% used [0x00002ba57b4e0000,0x00002ba5f2514650,0x00002ba6bb4e0000)
 PSPermGen       total 524288K, used 247123K [0x00002ba55b4e0000, 0x00002ba57b4e0000, 0x00002ba57b4e0000)
  object space 524288K, 47% used [0x00002ba55b4e0000,0x00002ba56a634c48,0x00002ba57b4e0000)
}
Total time for which application threads were stopped: 0.0554950 seconds
Application time: 11.1078960 seconds
{Heap before gc invocations=243:
 PSYoungGen      total 1025216K, used 1018714K [0x00002ba6bb4e0000, 0x00002ba6fb4e0000, 0x00002ba6fb4e0000)
  eden space 1002176K, 100% used [0x00002ba6bb4e0000,0x00002ba6f8790000,0x00002ba6f8790000)
  from space 23040K, 71% used [0x00002ba6f8790000,0x00002ba6f97b6968,0x00002ba6f9e10000)
  to   space 22592K, 0% used [0x00002ba6f9ed0000,0x00002ba6f9ed0000,0x00002ba6fb4e0000)
 PSOldGen        total 5242880K, used 1949905K [0x00002ba57b4e0000, 0x00002ba6bb4e0000, 0x00002ba6bb4e0000)
  object space 5242880K, 37% used [0x00002ba57b4e0000,0x00002ba5f2514650,0x00002ba6bb4e0000)
 PSPermGen       total 524288K, used 247671K [0x00002ba55b4e0000, 0x00002ba57b4e0000, 0x00002ba57b4e0000)
  object space 524288K, 47% used [0x00002ba55b4e0000,0x00002ba56a6bdea0,0x00002ba57b4e0000)
32083.899: [GC [PSYoungGen: 1018714K->15384K(1026176K)] 2968619K->1975176K(6269056K), 0.0377030 secs]
Heap after gc invocations=243:
 PSYoungGen      total 1026176K, used 15384K [0x00002ba6bb4e0000, 0x00002ba6fb4e0000, 0x00002ba6fb4e0000)
  eden space 1003584K, 0% used [0x00002ba6bb4e0000,0x00002ba6bb4e0000,0x00002ba6f88f0000)
  from space 22592K, 68% used [0x00002ba6f9ed0000,0x00002ba6fadd63d8,0x00002ba6fb4e0000)
  to   space 22400K, 0% used [0x00002ba6f88f0000,0x00002ba6f88f0000,0x00002ba6f9ed0000)
 PSOldGen        total 5242880K, used 1959791K [0x00002ba57b4e0000, 0x00002ba6bb4e0000, 0x00002ba6bb4e0000)
  object space 5242880K, 37% used [0x00002ba57b4e0000,0x00002ba5f2ebbd98,0x00002ba6bb4e0000)
 PSPermGen       total 524288K, used 247671K [0x00002ba55b4e0000, 0x00002ba57b4e0000, 0x00002ba57b4e0000)
  object space 524288K, 47% used [0x00002ba55b4e0000,0x00002ba56a6bdea0,0x00002ba57b4e0000)
}
Total time for which application threads were stopped: 0.1127440 seconds
Application time: 35.3262520 seconds
{Heap before gc invocations=244:
 PSYoungGen      total 1026176K, used 1018968K [0x00002ba6bb4e0000, 0x00002ba6fb4e0000, 0x00002ba6fb4e0000)
  eden space 1003584K, 100% used [0x00002ba6bb4e0000,0x00002ba6f88f0000,0x00002ba6f88f0000)
  from space 22592K, 68% used [0x00002ba6f9ed0000,0x00002ba6fadd63d8,0x00002ba6fb4e0000)
  to   space 22400K, 0% used [0x00002ba6f88f0000,0x00002ba6f88f0000,0x00002ba6f9ed0000)
 PSOldGen        total 5242880K, used 1959791K [0x00002ba57b4e0000, 0x00002ba6bb4e0000, 0x00002ba6bb4e0000)
  object space 5242880K, 37% used [0x00002ba57b4e0000,0x00002ba5f2ebbd98,0x00002ba6bb4e0000)
 PSPermGen       total 524288K, used 248052K [0x00002ba55b4e0000, 0x00002ba57b4e0000, 0x00002ba57b4e0000)
  object space 524288K, 47% used [0x00002ba55b4e0000,0x00002ba56a71d098,0x00002ba57b4e0000)
32119.367: [GC [PSYoungGen: 1018968K->14325K(1025984K)] 2978760K->1983649K(6268864K), 0.0325340 secs]
Heap after gc invocations=244:
 PSYoungGen      total 1025984K, used 14325K [0x00002ba6bb4e0000, 0x00002ba6fb4e0000, 0x00002ba6fb4e0000)
  eden space 1003584K, 0% used [0x00002ba6bb4e0000,0x00002ba6bb4e0000,0x00002ba6f88f0000)
  from space 22400K, 63% used [0x00002ba6f88f0000,0x00002ba6f96ed490,0x00002ba6f9ed0000)
  to   space 22336K, 0% used [0x00002ba6f9f10000,0x00002ba6f9f10000,0x00002ba6fb4e0000)
 PSOldGen        total 5242880K, used 1969324K [0x00002ba57b4e0000, 0x00002ba6bb4e0000, 0x00002ba6bb4e0000)
  object space 5242880K, 37% used [0x00002ba57b4e0000,0x00002ba5f380b2b8,0x00002ba6bb4e0000)
 PSPermGen       total 524288K, used 248052K [0x00002ba55b4e0000, 0x00002ba57b4e0000, 0x00002ba57b4e0000)
  object space 524288K, 47% used [0x00002ba55b4e0000,0x00002ba56a71d098,0x00002ba57b4e0000)
}
Total time for which application threads were stopped: 0.1370490 seconds
Application time: 29.8319330 seconds
{Heap before gc invocations=245:
 PSYoungGen      total 1025984K, used 1017909K [0x00002ba6bb4e0000, 0x00002ba6fb4e0000, 0x00002ba6fb4e0000)
  eden space 1003584K, 100% used [0x00002ba6bb4e0000,0x00002ba6f88f0000,0x00002ba6f88f0000)
  from space 22400K, 63% used [0x00002ba6f88f0000,0x00002ba6f96ed490,0x00002ba6f9ed0000)
  to   space 22336K, 0% used [0x00002ba6f9f10000,0x00002ba6f9f10000,0x00002ba6fb4e0000)
 PSOldGen        total 5242880K, used 1969324K [0x00002ba57b4e0000, 0x00002ba6bb4e0000, 0x00002ba6bb4e0000)
  object space 5242880K, 37% used [0x00002ba57b4e0000,0x00002ba5f380b2b8,0x00002ba6bb4e0000)
 PSPermGen       total 524288K, used 248239K [0x00002ba55b4e0000, 0x00002ba57b4e0000, 0x00002ba57b4e0000)
  object space 524288K, 47% used [0x00002ba55b4e0000,0x00002ba56a74bcf0,0x00002ba57b4e0000)
32149.260: [GC [PSYoungGen: 1017909K->14541K(1026432K)] 2987233K->1991795K(6269312K), 0.0306470 secs]
Heap after gc invocations=245:
 PSYoungGen      total 1026432K, used 14541K [0x00002ba6bb4e0000, 0x00002ba6fb4e0000, 0x00002ba6fb4e0000)
  eden space 1004096K, 0% used [0x00002ba6bb4e0000,0x00002ba6bb4e0000,0x00002ba6f8970000)
  from space 22336K, 65% used [0x00002ba6f9f10000,0x00002ba6fad43780,0x00002ba6fb4e0000)
  to   space 22144K, 0% used [0x00002ba6f8970000,0x00002ba6f8970000,0x00002ba6f9f10000)
 PSOldGen        total 5242880K, used 1977253K [0x00002ba57b4e0000, 0x00002ba6bb4e0000, 0x00002ba6bb4e0000)
  object space 5242880K, 37% used [0x00002ba57b4e0000,0x00002ba5f3fc9778,0x00002ba6bb4e0000)
 PSPermGen       total 524288K, used 248239K [0x00002ba55b4e0000, 0x00002ba57b4e0000, 0x00002ba57b4e0000)
  object space 524288K, 47% used [0x00002ba55b4e0000,0x00002ba56a74bcf0,0x00002ba57b4e0000)
}
Total time for which application threads were stopped: 0.0588340 seconds
Application time: 18.0467440 seconds
{Heap before gc invocations=246:
 PSYoungGen      total 1026432K, used 1018637K [0x00002ba6bb4e0000, 0x00002ba6fb4e0000, 0x00002ba6fb4e0000)
  eden space 1004096K, 100% used [0x00002ba6bb4e0000,0x00002ba6f8970000,0x00002ba6f8970000)
  from space 22336K, 65% used [0x00002ba6f9f10000,0x00002ba6fad43780,0x00002ba6fb4e0000)
  to   space 22144K, 0% used [0x00002ba6f8970000,0x00002ba6f8970000,0x00002ba6f9f10000)
 PSOldGen        total 5242880K, used 1977253K [0x00002ba57b4e0000, 0x00002ba6bb4e0000, 0x00002ba6bb4e0000)
  object space 5242880K, 37% used [0x00002ba57b4e0000,0x00002ba5f3fc9778,0x00002ba6bb4e0000)
 PSPermGen       total 524288K, used 248644K [0x00002ba55b4e0000, 0x00002ba57b4e0000, 0x00002ba57b4e0000)
  object space 524288K, 47% used [0x00002ba55b4e0000,0x00002ba56a7b13d0,0x00002ba57b4e0000)
32188.612: [GC [PSYoungGen: 1018637K->22130K(1018176K)] 2995891K->2010476K(6261056K), 0.0697000 secs]
Heap after gc invocations=246:
 PSYoungGen      total 1018176K, used 22130K [0x00002ba6bb4e0000, 0x00002ba6fb4e0000, 0x00002ba6fb4e0000)
  eden space 996032K, 0% used [0x00002ba6bb4e0000,0x00002ba6bb4e0000,0x00002ba6f8190000)
  from space 22144K, 99% used [0x00002ba6f8970000,0x00002ba6f9f0c870,0x00002ba6f9f10000)
  to   space 22336K, 0% used [0x00002ba6f9f10000,0x00002ba6f9f10000,0x00002ba6fb4e0000)
 PSOldGen        total 5242880K, used 1988346K [0x00002ba57b4e0000, 0x00002ba6bb4e0000, 0x00002ba6bb4e0000)
  object space 5242880K, 37% used [0x00002ba57b4e0000,0x00002ba5f4a9eae8,0x00002ba6bb4e0000)
 PSPermGen       total 524288K, used 248644K [0x00002ba55b4e0000, 0x00002ba57b4e0000, 0x00002ba57b4e0000)
  object space 524288K, 47% used [0x00002ba55b4e0000,0x00002ba56a7b13d0,0x00002ba57b4e0000)
}
Total time for which application threads were stopped: 0.1740400 seconds
Application time: 31.1080640 seconds
{Heap before gc invocations=247:
 PSYoungGen      total 1018176K, used 1018162K [0x00002ba6bb4e0000, 0x00002ba6fb4e0000, 0x00002ba6fb4e0000)
  eden space 996032K, 100% used [0x00002ba6bb4e0000,0x00002ba6f8190000,0x00002ba6f8190000)
  from space 22144K, 99% used [0x00002ba6f8970000,0x00002ba6f9f0c870,0x00002ba6f9f10000)
  to   space 22336K, 0% used [0x00002ba6f9f10000,0x00002ba6f9f10000,0x00002ba6fb4e0000)
 PSOldGen        total 5242880K, used 1988346K [0x00002ba57b4e0000, 0x00002ba6bb4e0000, 0x00002ba6bb4e0000)
  object space 5242880K, 37% used [0x00002ba57b4e0000,0x00002ba5f4a9eae8,0x00002ba6bb4e0000)
 PSPermGen       total 524288K, used 249709K [0x00002ba55b4e0000, 0x00002ba57b4e0000, 0x00002ba57b4e0000)
  object space 524288K, 47% used [0x00002ba55b4e0000,0x00002ba56a8bb638,0x00002ba57b4e0000)
32219.818: [GC [PSYoungGen: 1018162K->14593K(1016000K)] 3006508K->2012952K(6258880K), 0.0300600 secs]
Heap after gc invocations=247:
 PSYoungGen      total 1016000K, used 14593K [0x00002ba6bb4e0000, 0x00002ba6fb4e0000, 0x00002ba6fb4e0000)
  eden space 993664K, 0% used [0x00002ba6bb4e0000,0x00002ba6bb4e0000,0x00002ba6f7f40000)
  from space 22336K, 65% used [0x00002ba6f9f10000,0x00002ba6fad50478,0x00002ba6fb4e0000)
  to   space 27456K, 0% used [0x00002ba6f7f40000,0x00002ba6f7f40000,0x00002ba6f9a10000)
 PSOldGen        total 5242880K, used 1998359K [0x00002ba57b4e0000, 0x00002ba6bb4e0000, 0x00002ba6bb4e0000)
  object space 5242880K, 38% used [0x00002ba57b4e0000,0x00002ba5f5465e48,0x00002ba6bb4e0000)
 PSPermGen       total 524288K, used 249709K [0x00002ba55b4e0000, 0x00002ba57b4e0000, 0x00002ba57b4e0000)
  object space 524288K, 47% used [0x00002ba55b4e0000,0x00002ba56a8bb638,0x00002ba57b4e0000)
}
Total time for which application threads were stopped: 0.0579370 seconds
Application time: 38.4323310 seconds
{Heap before gc invocations=248:
 PSYoungGen      total 1016000K, used 1008257K [0x00002ba6bb4e0000, 0x00002ba6fb4e0000, 0x00002ba6fb4e0000)
  eden space 993664K, 100% used [0x00002ba6bb4e0000,0x00002ba6f7f40000,0x00002ba6f7f40000)
  from space 22336K, 65% used [0x00002ba6f9f10000,0x00002ba6fad50478,0x00002ba6fb4e0000)
  to   space 27456K, 0% used [0x00002ba6f7f40000,0x00002ba6f7f40000,0x00002ba6f9a10000)
 PSOldGen        total 5242880K, used 1998359K [0x00002ba57b4e0000, 0x00002ba6bb4e0000, 0x00002ba6bb4e0000)
  object space 5242880K, 38% used [0x00002ba57b4e0000,0x00002ba5f5465e48,0x00002ba6bb4e0000)
 PSPermGen       total 524288K, used 249904K [0x00002ba55b4e0000, 0x00002ba57b4e0000, 0x00002ba57b4e0000)
  object space 524288K, 47% used [0x00002ba55b4e0000,0x00002ba56a8ec2c8,0x00002ba57b4e0000)
32258.335: [GC [PSYoungGen: 1008257K->19990K(1021120K)] 3006616K->2026230K(6264000K), 0.0550320 secs]
Heap after gc invocations=248:
 PSYoungGen      total 1021120K, used 19990K [0x00002ba6bb4e0000, 0x00002ba6fb4e0000, 0x00002ba6fb4e0000)
  eden space 993664K, 0% used [0x00002ba6bb4e0000,0x00002ba6bb4e0000,0x00002ba6f7f40000)
  from space 27456K, 72% used [0x00002ba6f7f40000,0x00002ba6f92c5a80,0x00002ba6f9a10000)
  to   space 27264K, 0% used [0x00002ba6f9a40000,0x00002ba6f9a40000,0x00002ba6fb4e0000)
 PSOldGen        total 5242880K, used 2006240K [0x00002ba57b4e0000, 0x00002ba6bb4e0000, 0x00002ba6bb4e0000)
  object space 5242880K, 38% used [0x00002ba57b4e0000,0x00002ba5f5c18090,0x00002ba6bb4e0000)
 PSPermGen       total 524288K, used 249904K [0x00002ba55b4e0000, 0x00002ba57b4e0000, 0x00002ba57b4e0000)
  object space 524288K, 47% used [0x00002ba55b4e0000,0x00002ba56a8ec2c8,0x00002ba57b4e0000)
}
Total time for which application threads were stopped: 0.1097580 seconds
Application time: 35.6876430 seconds
{Heap before gc invocations=249:
 PSYoungGen      total 1021120K, used 1013654K [0x00002ba6bb4e0000, 0x00002ba6fb4e0000, 0x00002ba6fb4e0000)
  eden space 993664K, 100% used [0x00002ba6bb4e0000,0x00002ba6f7f40000,0x00002ba6f7f40000)
  from space 27456K, 72% used [0x00002ba6f7f40000,0x00002ba6f92c5a80,0x00002ba6f9a10000)
  to   space 27264K, 0% used [0x00002ba6f9a40000,0x00002ba6f9a40000,0x00002ba6fb4e0000)
 PSOldGen        total 5242880K, used 2006240K [0x00002ba57b4e0000, 0x00002ba6bb4e0000, 0x00002ba6bb4e0000)
  object space 5242880K, 38% used [0x00002ba57b4e0000,0x00002ba5f5c18090,0x00002ba6bb4e0000)
 PSPermGen       total 524288K, used 250449K [0x00002ba55b4e0000, 0x00002ba57b4e0000, 0x00002ba57b4e0000)
  object space 524288K, 47% used [0x00002ba55b4e0000,0x00002ba56a974688,0x00002ba57b4e0000)
32294.153: [GC [PSYoungGen: 1013654K->13289K(1021376K)] 3019894K->2029119K(6264256K), 0.0396440 secs]
Heap after gc invocations=249:
 PSYoungGen      total 1021376K, used 13289K [0x00002ba6bb4e0000, 0x00002ba6fb4e0000, 0x00002ba6fb4e0000)
  eden space 994112K, 0% used [0x00002ba6bb4e0000,0x00002ba6bb4e0000,0x00002ba6f7fb0000)
  from space 27264K, 48% used [0x00002ba6f9a40000,0x00002ba6fa73a520,0x00002ba6fb4e0000)
  to   space 27200K, 0% used [0x00002ba6f7fb0000,0x00002ba6f7fb0000,0x00002ba6f9a40000)
 PSOldGen        total 5242880K, used 2015829K [0x00002ba57b4e0000, 0x00002ba6bb4e0000, 0x00002ba6bb4e0000)
  object space 5242880K, 38% used [0x00002ba57b4e0000,0x00002ba5f65757a0,0x00002ba6bb4e0000)
 PSPermGen       total 524288K, used 250449K [0x00002ba55b4e0000, 0x00002ba57b4e0000, 0x00002ba57b4e0000)
  object space 524288K, 47% used [0x00002ba55b4e0000,0x00002ba56a974688,0x00002ba57b4e0000)
}
Total time for which application threads were stopped: 0.1152420 seconds
Application time: 33.3890490 seconds
{Heap before gc invocations=250:
 PSYoungGen      total 1021376K, used 1007401K [0x00002ba6bb4e0000, 0x00002ba6fb4e0000, 0x00002ba6fb4e0000)
  eden space 994112K, 100% used [0x00002ba6bb4e0000,0x00002ba6f7fb0000,0x00002ba6f7fb0000)
  from space 27264K, 48% used [0x00002ba6f9a40000,0x00002ba6fa73a520,0x00002ba6fb4e0000)
  to   space 27200K, 0% used [0x00002ba6f7fb0000,0x00002ba6f7fb0000,0x00002ba6f9a40000)
 PSOldGen        total 5242880K, used 2015829K [0x00002ba57b4e0000, 0x00002ba6bb4e0000, 0x00002ba6bb4e0000)
  object space 5242880K, 38% used [0x00002ba57b4e0000,0x00002ba5f65757a0,0x00002ba6bb4e0000)
 PSPermGen       total 524288K, used 251197K [0x00002ba55b4e0000, 0x00002ba57b4e0000, 0x00002ba57b4e0000)
  object space 524288K, 47% used [0x00002ba55b4e0000,0x00002ba56aa2f700,0x00002ba57b4e0000)
32327.687: [GC [PSYoungGen: 1007401K->14611K(1021312K)] 3023231K->2036969K(6264192K), 0.0336710 secs]
Heap after gc invocations=250:
 PSYoungGen      total 1021312K, used 14611K [0x00002ba6bb4e0000, 0x00002ba6fb4e0000, 0x00002ba6fb4e0000)
  eden space 994112K, 0% used [0x00002ba6bb4e0000,0x00002ba6bb4e0000,0x00002ba6f7fb0000)
  from space 27200K, 53% used [0x00002ba6f7fb0000,0x00002ba6f8df4f28,0x00002ba6f9a40000)
  to   space 26752K, 0% used [0x00002ba6f9ac0000,0x00002ba6f9ac0000,0x00002ba6fb4e0000)
 PSOldGen        total 5242880K, used 2022357K [0x00002ba57b4e0000, 0x00002ba6bb4e0000, 0x00002ba6bb4e0000)
  object space 5242880K, 38% used [0x00002ba57b4e0000,0x00002ba5f6bd56e0,0x00002ba6bb4e0000)
 PSPermGen       total 524288K, used 251197K [0x00002ba55b4e0000, 0x00002ba57b4e0000, 0x00002ba57b4e0000)
  object space 524288K, 47% used [0x00002ba55b4e0000,0x00002ba56aa2f700,0x00002ba57b4e0000)
}
Total time for which application threads were stopped: 0.1382870 seconds
Application time: 72.1377760 seconds
{Heap before gc invocations=251:
 PSYoungGen      total 1021312K, used 1008723K [0x00002ba6bb4e0000, 0x00002ba6fb4e0000, 0x00002ba6fb4e0000)
  eden space 994112K, 100% used [0x00002ba6bb4e0000,0x00002ba6f7fb0000,0x00002ba6f7fb0000)
  from space 27200K, 53% used [0x00002ba6f7fb0000,0x00002ba6f8df4f28,0x00002ba6f9a40000)
  to   space 26752K, 0% used [0x00002ba6f9ac0000,0x00002ba6f9ac0000,0x00002ba6fb4e0000)
 PSOldGen        total 5242880K, used 2022357K [0x00002ba57b4e0000, 0x00002ba6bb4e0000, 0x00002ba6bb4e0000)
  object space 5242880K, 38% used [0x00002ba57b4e0000,0x00002ba5f6bd56e0,0x00002ba6bb4e0000)
 PSPermGen       total 524288K, used 252078K [0x00002ba55b4e0000, 0x00002ba57b4e0000, 0x00002ba57b4e0000)
  object space 524288K, 48% used [0x00002ba55b4e0000,0x00002ba56ab0b918,0x00002ba57b4e0000)
32399.860: [GC [PSYoungGen: 1008723K->16158K(1022592K)] 3031081K->2046193K(6265472K), 0.0338970 secs]
Heap after gc invocations=251:
 PSYoungGen      total 1022592K, used 16158K [0x00002ba6bb4e0000, 0x00002ba6fb4e0000, 0x00002ba6fb4e0000)
  eden space 995840K, 0% used [0x00002ba6bb4e0000,0x00002ba6bb4e0000,0x00002ba6f8160000)
  from space 26752K, 60% used [0x00002ba6f9ac0000,0x00002ba6faa87be0,0x00002ba6fb4e0000)
  to   space 25984K, 0% used [0x00002ba6f8160000,0x00002ba6f8160000,0x00002ba6f9ac0000)
 PSOldGen        total 5242880K, used 2030034K [0x00002ba57b4e0000, 0x00002ba6bb4e0000, 0x00002ba6bb4e0000)
  object space 5242880K, 38% used [0x00002ba57b4e0000,0x00002ba5f7354890,0x00002ba6bb4e0000)
 PSPermGen       total 524288K, used 252078K [0x00002ba55b4e0000, 0x00002ba57b4e0000, 0x00002ba57b4e0000)
  object space 524288K, 48% used [0x00002ba55b4e0000,0x00002ba56ab0b918,0x00002ba57b4e0000)
}
Total time for which application threads were stopped: 0.0354680 seconds
Application time: 45.7254920 seconds
{Heap before gc invocations=252:
 PSYoungGen      total 1022592K, used 1011998K [0x00002ba6bb4e0000, 0x00002ba6fb4e0000, 0x00002ba6fb4e0000)
  eden space 995840K, 100% used [0x00002ba6bb4e0000,0x00002ba6f8160000,0x00002ba6f8160000)
  from space 26752K, 60% used [0x00002ba6f9ac0000,0x00002ba6faa87be0,0x00002ba6fb4e0000)
  to   space 25984K, 0% used [0x00002ba6f8160000,0x00002ba6f8160000,0x00002ba6f9ac0000)
 PSOldGen        total 5242880K, used 2030034K [0x00002ba57b4e0000, 0x00002ba6bb4e0000, 0x00002ba6bb4e0000)
  object space 5242880K, 38% used [0x00002ba57b4e0000,0x00002ba5f7354890,0x00002ba6bb4e0000)
 PSPermGen       total 524288K, used 252104K [0x00002ba55b4e0000, 0x00002ba57b4e0000, 0x00002ba57b4e0000)
  object space 524288K, 48% used [0x00002ba55b4e0000,0x00002ba56ab12328,0x00002ba57b4e0000)
32445.621: [GC [PSYoungGen: 1011998K->16265K(1021824K)] 3042033K->2057308K(6264704K), 0.0394330 secs]
Heap after gc invocations=252:
 PSYoungGen      total 1021824K, used 16265K [0x00002ba6bb4e0000, 0x00002ba6fb4e0000, 0x00002ba6fb4e0000)
  eden space 995840K, 0% used [0x00002ba6bb4e0000,0x00002ba6bb4e0000,0x00002ba6f8160000)
  from space 25984K, 62% used [0x00002ba6f8160000,0x00002ba6f9142698,0x00002ba6f9ac0000)
  to   space 25280K, 0% used [0x00002ba6f9c30000,0x00002ba6f9c30000,0x00002ba6fb4e0000)
 PSOldGen        total 5242880K, used 2041042K [0x00002ba57b4e0000, 0x00002ba6bb4e0000, 0x00002ba6bb4e0000)
  object space 5242880K, 38% used [0x00002ba57b4e0000,0x00002ba5f7e14ba0,0x00002ba6bb4e0000)
 PSPermGen       total 524288K, used 252104K [0x00002ba55b4e0000, 0x00002ba57b4e0000, 0x00002ba57b4e0000)
  object space 524288K, 48% used [0x00002ba55b4e0000,0x00002ba56ab12328,0x00002ba57b4e0000)
}
Total time for which application threads were stopped: 0.0409430 seconds
Application time: 12.1114900 seconds
{Heap before gc invocations=253:
 PSYoungGen      total 1021824K, used 426033K [0x00002ba6bb4e0000, 0x00002ba6fb4e0000, 0x00002ba6fb4e0000)
  eden space 995840K, 41% used [0x00002ba6bb4e0000,0x00002ba6d450a158,0x00002ba6f8160000)
  from space 25984K, 62% used [0x00002ba6f8160000,0x00002ba6f9142698,0x00002ba6f9ac0000)
  to   space 25280K, 0% used [0x00002ba6f9c30000,0x00002ba6f9c30000,0x00002ba6fb4e0000)
 PSOldGen        total 5242880K, used 2041042K [0x00002ba57b4e0000, 0x00002ba6bb4e0000, 0x00002ba6bb4e0000)
  object space 5242880K, 38% used [0x00002ba57b4e0000,0x00002ba5f7e14ba0,0x00002ba6bb4e0000)
 PSPermGen       total 524288K, used 252290K [0x00002ba55b4e0000, 0x00002ba57b4e0000, 0x00002ba57b4e0000)
  object space 524288K, 48% used [0x00002ba55b4e0000,0x00002ba56ab408b0,0x00002ba57b4e0000)
32457.773: [GC [PSYoungGen: 426033K->9342K(1022272K)] 2467076K->2061148K(6265152K), 0.0258820 secs]
Heap after gc invocations=253:
 PSYoungGen      total 1022272K, used 9342K [0x00002ba6bb4e0000, 0x00002ba6fb4e0000, 0x00002ba6fb4e0000)
  eden space 996992K, 0% used [0x00002ba6bb4e0000,0x00002ba6bb4e0000,0x00002ba6f8280000)
  from space 25280K, 36% used [0x00002ba6f9c30000,0x00002ba6fa54fad8,0x00002ba6fb4e0000)
  to   space 25792K, 0% used [0x00002ba6f8280000,0x00002ba6f8280000,0x00002ba6f9bb0000)
 PSOldGen        total 5242880K, used 2051805K [0x00002ba57b4e0000, 0x00002ba6bb4e0000, 0x00002ba6bb4e0000)
  object space 5242880K, 39% used [0x00002ba57b4e0000,0x00002ba5f88977a0,0x00002ba6bb4e0000)
 PSPermGen       total 524288K, used 252290K [0x00002ba55b4e0000, 0x00002ba57b4e0000, 0x00002ba57b4e0000)
  object space 524288K, 48% used [0x00002ba55b4e0000,0x00002ba56ab408b0,0x00002ba57b4e0000)
}
{Heap before gc invocations=254:
 PSYoungGen      total 1022272K, used 9342K [0x00002ba6bb4e0000, 0x00002ba6fb4e0000, 0x00002ba6fb4e0000)
  eden space 996992K, 0% used [0x00002ba6bb4e0000,0x00002ba6bb4e0000,0x00002ba6f8280000)
  from space 25280K, 36% used [0x00002ba6f9c30000,0x00002ba6fa54fad8,0x00002ba6fb4e0000)
  to   space 25792K, 0% used [0x00002ba6f8280000,0x00002ba6f8280000,0x00002ba6f9bb0000)
 PSOldGen        total 5242880K, used 2051805K [0x00002ba57b4e0000, 0x00002ba6bb4e0000, 0x00002ba6bb4e0000)
  object space 5242880K, 39% used [0x00002ba57b4e0000,0x00002ba5f88977a0,0x00002ba6bb4e0000)
 PSPermGen       total 524288K, used 252290K [0x00002ba55b4e0000, 0x00002ba57b4e0000, 0x00002ba57b4e0000)
  object space 524288K, 48% used [0x00002ba55b4e0000,0x00002ba56ab408b0,0x00002ba57b4e0000)
32457.799: [Full GC [PSYoungGen: 9342K->0K(1022272K)] [PSOldGen: 2051805K->1588764K(5242880K)] 2061148K->1588764K(6265152K) [PSPermGen: 252290K->252290K(524288K)], 6.2827070 secs]
Heap after gc invocations=254:
 PSYoungGen      total 1022272K, used 0K [0x00002ba6bb4e0000, 0x00002ba6fb4e0000, 0x00002ba6fb4e0000)
  eden space 996992K, 0% used [0x00002ba6bb4e0000,0x00002ba6bb4e0000,0x00002ba6f8280000)
  from space 25280K, 0% used [0x00002ba6f9c30000,0x00002ba6f9c30000,0x00002ba6fb4e0000)
  to   space 25792K, 0% used [0x00002ba6f8280000,0x00002ba6f8280000,0x00002ba6f9bb0000)
 PSOldGen        total 5242880K, used 1588764K [0x00002ba57b4e0000, 0x00002ba6bb4e0000, 0x00002ba6bb4e0000)
  object space 5242880K, 30% used [0x00002ba57b4e0000,0x00002ba5dc467250,0x00002ba6bb4e0000)
 PSPermGen       total 524288K, used 252290K [0x00002ba55b4e0000, 0x00002ba57b4e0000, 0x00002ba57b4e0000)
  object space 524288K, 48% used [0x00002ba55b4e0000,0x00002ba56ab408b0,0x00002ba57b4e0000)
}
Total time for which application threads were stopped: 6.3103670 seconds
Application time: 32.6044160 seconds
{Heap before gc invocations=255:
 PSYoungGen      total 1022272K, used 996992K [0x00002ba6bb4e0000, 0x00002ba6fb4e0000, 0x00002ba6fb4e0000)
  eden space 996992K, 100% used [0x00002ba6bb4e0000,0x00002ba6f8280000,0x00002ba6f8280000)
  from space 25280K, 0% used [0x00002ba6f9c30000,0x00002ba6f9c30000,0x00002ba6fb4e0000)
  to   space 25792K, 0% used [0x00002ba6f8280000,0x00002ba6f8280000,0x00002ba6f9bb0000)
 PSOldGen        total 5242880K, used 1588764K [0x00002ba57b4e0000, 0x00002ba6bb4e0000, 0x00002ba6bb4e0000)
  object space 5242880K, 30% used [0x00002ba57b4e0000,0x00002ba5dc467250,0x00002ba6bb4e0000)
 PSPermGen       total 524288K, used 252405K [0x00002ba55b4e0000, 0x00002ba57b4e0000, 0x00002ba57b4e0000)
  object space 524288K, 48% used [0x00002ba55b4e0000,0x00002ba56ab5d4a8,0x00002ba57b4e0000)
32496.688: [GC [PSYoungGen: 996992K->13119K(1022784K)] 2585756K->1601884K(6265664K), 0.0286630 secs]
Heap after gc invocations=255:
 PSYoungGen      total 1022784K, used 13119K [0x00002ba6bb4e0000, 0x00002ba6fb4e0000, 0x00002ba6fb4e0000)
  eden space 996992K, 0% used [0x00002ba6bb4e0000,0x00002ba6bb4e0000,0x00002ba6f8280000)
  from space 25792K, 50% used [0x00002ba6f8280000,0x00002ba6f8f4fff0,0x00002ba6f9bb0000)
  to   space 25408K, 0% used [0x00002ba6f9c10000,0x00002ba6f9c10000,0x00002ba6fb4e0000)
 PSOldGen        total 5242880K, used 1588764K [0x00002ba57b4e0000, 0x00002ba6bb4e0000, 0x00002ba6bb4e0000)
  object space 5242880K, 30% used [0x00002ba57b4e0000,0x00002ba5dc467250,0x00002ba6bb4e0000)
 PSPermGen       total 524288K, used 252405K [0x00002ba55b4e0000, 0x00002ba57b4e0000, 0x00002ba57b4e0000)
  object space 524288K, 48% used [0x00002ba55b4e0000,0x00002ba56ab5d4a8,0x00002ba57b4e0000)
}
Total time for which application threads were stopped: 0.0304510 seconds
Application time: 39.6244260 seconds
{Heap before gc invocations=256:
 PSYoungGen      total 1022784K, used 1010111K [0x00002ba6bb4e0000, 0x00002ba6fb4e0000, 0x00002ba6fb4e0000)
  eden space 996992K, 100% used [0x00002ba6bb4e0000,0x00002ba6f8280000,0x00002ba6f8280000)
  from space 25792K, 50% used [0x00002ba6f8280000,0x00002ba6f8f4fff0,0x00002ba6f9bb0000)
  to   space 25408K, 0% used [0x00002ba6f9c10000,0x00002ba6f9c10000,0x00002ba6fb4e0000)
 PSOldGen        total 5242880K, used 1588764K [0x00002ba57b4e0000, 0x00002ba6bb4e0000, 0x00002ba6bb4e0000)
  object space 5242880K, 30% used [0x00002ba57b4e0000,0x00002ba5dc467250,0x00002ba6bb4e0000)
 PSPermGen       total 524288K, used 252785K [0x00002ba55b4e0000, 0x00002ba57b4e0000, 0x00002ba57b4e0000)
  object space 524288K, 48% used [0x00002ba55b4e0000,0x00002ba56abbc608,0x00002ba57b4e0000)
32536.370: [GC [PSYoungGen: 1010111K->25379K(1011648K)] 2598876K->1623008K(6254528K), 0.0902230 secs]
Heap after gc invocations=256:
 PSYoungGen      total 1011648K, used 25379K [0x00002ba6bb4e0000, 0x00002ba6fb4e0000, 0x00002ba6fb4e0000)
  eden space 986240K, 0% used [0x00002ba6bb4e0000,0x00002ba6bb4e0000,0x00002ba6f7800000)
  from space 25408K, 99% used [0x00002ba6f9c10000,0x00002ba6fb4d8d48,0x00002ba6fb4e0000)
  to   space 31168K, 0% used [0x00002ba6f7800000,0x00002ba6f7800000,0x00002ba6f9670000)
 PSOldGen        total 5242880K, used 1597628K [0x00002ba57b4e0000, 0x00002ba6bb4e0000, 0x00002ba6bb4e0000)
  object space 5242880K, 30% used [0x00002ba57b4e0000,0x00002ba5dcd0f3a0,0x00002ba6bb4e0000)
 PSPermGen       total 524288K, used 252785K [0x00002ba55b4e0000, 0x00002ba57b4e0000, 0x00002ba57b4e0000)
  object space 524288K, 48% used [0x00002ba55b4e0000,0x00002ba56abbc608,0x00002ba57b4e0000)
}
Total time for which application threads were stopped: 0.1183550 seconds
Application time: 58.8128630 seconds
{Heap before gc invocations=257:
 PSYoungGen      total 1011648K, used 1011619K [0x00002ba6bb4e0000, 0x00002ba6fb4e0000, 0x00002ba6fb4e0000)
  eden space 986240K, 100% used [0x00002ba6bb4e0000,0x00002ba6f7800000,0x00002ba6f7800000)
  from space 25408K, 99% used [0x00002ba6f9c10000,0x00002ba6fb4d8d48,0x00002ba6fb4e0000)
  to   space 31168K, 0% used [0x00002ba6f7800000,0x00002ba6f7800000,0x00002ba6f9670000)
 PSOldGen        total 5242880K, used 1597628K [0x00002ba57b4e0000, 0x00002ba6bb4e0000, 0x00002ba6bb4e0000)
  object space 5242880K, 30% used [0x00002ba57b4e0000,0x00002ba5dcd0f3a0,0x00002ba6bb4e0000)
 PSPermGen       total 524288K, used 253533K [0x00002ba55b4e0000, 0x00002ba57b4e0000, 0x00002ba57b4e0000)
  object space 524288K, 48% used [0x00002ba55b4e0000,0x00002ba56ac77700,0x00002ba57b4e0000)
32595.327: [GC [PSYoungGen: 1011619K->19728K(1017408K)] 2609248K->1625322K(6260288K), 0.0434660 secs]
Heap after gc invocations=257:
 PSYoungGen      total 1017408K, used 19728K [0x00002ba6bb4e0000, 0x00002ba6fb4e0000, 0x00002ba6fb4e0000)
  eden space 986240K, 0% used [0x00002ba6bb4e0000,0x00002ba6bb4e0000,0x00002ba6f7800000)
  from space 31168K, 63% used [0x00002ba6f7800000,0x00002ba6f8b44190,0x00002ba6f9670000)
  to   space 30592K, 0% used [0x00002ba6f9700000,0x00002ba6f9700000,0x00002ba6fb4e0000)
 PSOldGen        total 5242880K, used 1605594K [0x00002ba57b4e0000, 0x00002ba6bb4e0000, 0x00002ba6bb4e0000)
  object space 5242880K, 30% used [0x00002ba57b4e0000,0x00002ba5dd4d6a08,0x00002ba6bb4e0000)
 PSPermGen       total 524288K, used 253533K [0x00002ba55b4e0000, 0x00002ba57b4e0000, 0x00002ba57b4e0000)
  object space 524288K, 48% used [0x00002ba55b4e0000,0x00002ba56ac77700,0x00002ba57b4e0000)
}
Total time for which application threads were stopped: 0.0979910 seconds
Application time: 21.7579840 seconds
{Heap before gc invocations=258:
 PSYoungGen      total 1017408K, used 1005968K [0x00002ba6bb4e0000, 0x00002ba6fb4e0000, 0x00002ba6fb4e0000)
  eden space 986240K, 100% used [0x00002ba6bb4e0000,0x00002ba6f7800000,0x00002ba6f7800000)
  from space 31168K, 63% used [0x00002ba6f7800000,0x00002ba6f8b44190,0x00002ba6f9670000)
  to   space 30592K, 0% used [0x00002ba6f9700000,0x00002ba6f9700000,0x00002ba6fb4e0000)
 PSOldGen        total 5242880K, used 1605594K [0x00002ba57b4e0000, 0x00002ba6bb4e0000, 0x00002ba6bb4e0000)
  object space 5242880K, 30% used [0x00002ba57b4e0000,0x00002ba5dd4d6a08,0x00002ba6bb4e0000)
 PSPermGen       total 524288K, used 254050K [0x00002ba55b4e0000, 0x00002ba57b4e0000, 0x00002ba57b4e0000)
  object space 524288K, 48% used [0x00002ba55b4e0000,0x00002ba56acf8a58,0x00002ba57b4e0000)
32647.371: [GC [PSYoungGen: 1005968K->13974K(1018560K)] 2611562K->1630032K(6261440K), 0.0296420 secs]
Heap after gc invocations=258:
 PSYoungGen      total 1018560K, used 13974K [0x00002ba6bb4e0000, 0x00002ba6fb4e0000, 0x00002ba6fb4e0000)
  eden space 987968K, 0% used [0x00002ba6bb4e0000,0x00002ba6bb4e0000,0x00002ba6f79b0000)
  from space 30592K, 45% used [0x00002ba6f9700000,0x00002ba6fa4a5b80,0x00002ba6fb4e0000)
  to   space 30016K, 0% used [0x00002ba6f79b0000,0x00002ba6f79b0000,0x00002ba6f9700000)
 PSOldGen        total 5242880K, used 1616057K [0x00002ba57b4e0000, 0x00002ba6bb4e0000, 0x00002ba6bb4e0000)
  object space 5242880K, 30% used [0x00002ba57b4e0000,0x00002ba5ddf0e708,0x00002ba6bb4e0000)
 PSPermGen       total 524288K, used 254050K [0x00002ba55b4e0000, 0x00002ba57b4e0000, 0x00002ba57b4e0000)
  object space 524288K, 48% used [0x00002ba55b4e0000,0x00002ba56acf8a58,0x00002ba57b4e0000)
}
Total time for which application threads were stopped: 0.1334570 seconds
Application time: 53.2465900 seconds
{Heap before gc invocations=259:
 PSYoungGen      total 1018560K, used 1001942K [0x00002ba6bb4e0000, 0x00002ba6fb4e0000, 0x00002ba6fb4e0000)
  eden space 987968K, 100% used [0x00002ba6bb4e0000,0x00002ba6f79b0000,0x00002ba6f79b0000)
  from space 30592K, 45% used [0x00002ba6f9700000,0x00002ba6fa4a5b80,0x00002ba6fb4e0000)
  to   space 30016K, 0% used [0x00002ba6f79b0000,0x00002ba6f79b0000,0x00002ba6f9700000)
 PSOldGen        total 5242880K, used 1616057K [0x00002ba57b4e0000, 0x00002ba6bb4e0000, 0x00002ba6bb4e0000)
  object space 5242880K, 30% used [0x00002ba57b4e0000,0x00002ba5ddf0e708,0x00002ba6bb4e0000)
 PSPermGen       total 524288K, used 254229K [0x00002ba55b4e0000, 0x00002ba57b4e0000, 0x00002ba57b4e0000)
  object space 524288K, 48% used [0x00002ba55b4e0000,0x00002ba56ad25490,0x00002ba57b4e0000)
32700.649: [GC [PSYoungGen: 1001942K->18182K(1017984K)] 2618000K->1642079K(6260864K), 0.0282810 secs]
Heap after gc invocations=259:
 PSYoungGen      total 1017984K, used 18182K [0x00002ba6bb4e0000, 0x00002ba6fb4e0000, 0x00002ba6fb4e0000)
  eden space 987968K, 0% used [0x00002ba6bb4e0000,0x00002ba6bb4e0000,0x00002ba6f79b0000)
  from space 30016K, 60% used [0x00002ba6f79b0000,0x00002ba6f8b71a20,0x00002ba6f9700000)
  to   space 28992K, 0% used [0x00002ba6f9890000,0x00002ba6f9890000,0x00002ba6fb4e0000)
 PSOldGen        total 5242880K, used 1623896K [0x00002ba57b4e0000, 0x00002ba6bb4e0000, 0x00002ba6bb4e0000)
  object space 5242880K, 30% used [0x00002ba57b4e0000,0x00002ba5de6b6218,0x00002ba6bb4e0000)
 PSPermGen       total 524288K, used 254229K [0x00002ba55b4e0000, 0x00002ba57b4e0000, 0x00002ba57b4e0000)
  object space 524288K, 48% used [0x00002ba55b4e0000,0x00002ba56ad25490,0x00002ba57b4e0000)
}
Total time for which application threads were stopped: 0.0299630 seconds
Application time: 46.8350770 seconds
{Heap before gc invocations=260:
 PSYoungGen      total 1017984K, used 1006150K [0x00002ba6bb4e0000, 0x00002ba6fb4e0000, 0x00002ba6fb4e0000)
  eden space 987968K, 100% used [0x00002ba6bb4e0000,0x00002ba6f79b0000,0x00002ba6f79b0000)
  from space 30016K, 60% used [0x00002ba6f79b0000,0x00002ba6f8b71a20,0x00002ba6f9700000)
  to   space 28992K, 0% used [0x00002ba6f9890000,0x00002ba6f9890000,0x00002ba6fb4e0000)
 PSOldGen        total 5242880K, used 1623896K [0x00002ba57b4e0000, 0x00002ba6bb4e0000, 0x00002ba6bb4e0000)
  object space 5242880K, 30% used [0x00002ba57b4e0000,0x00002ba5de6b6218,0x00002ba6bb4e0000)
 PSPermGen       total 524288K, used 254779K [0x00002ba55b4e0000, 0x00002ba57b4e0000, 0x00002ba57b4e0000)
  object space 524288K, 48% used [0x00002ba55b4e0000,0x00002ba56adaec20,0x00002ba57b4e0000)
32747.514: [GC [PSYoungGen: 1006150K->13532K(1020032K)] 2630047K->1646677K(6262912K), 0.0304440 secs]
Heap after gc invocations=260:
 PSYoungGen      total 1020032K, used 13532K [0x00002ba6bb4e0000, 0x00002ba6fb4e0000, 0x00002ba6fb4e0000)
  eden space 991040K, 0% used [0x00002ba6bb4e0000,0x00002ba6bb4e0000,0x00002ba6f7cb0000)
  from space 28992K, 46% used [0x00002ba6f9890000,0x00002ba6fa5c7048,0x00002ba6fb4e0000)
  to   space 28544K, 0% used [0x00002ba6f7cb0000,0x00002ba6f7cb0000,0x00002ba6f9890000)
 PSOldGen        total 5242880K, used 1633145K [0x00002ba57b4e0000, 0x00002ba6bb4e0000, 0x00002ba6bb4e0000)
  object space 5242880K, 31% used [0x00002ba57b4e0000,0x00002ba5defbe788,0x00002ba6bb4e0000)
 PSPermGen       total 524288K, used 254779K [0x00002ba55b4e0000, 0x00002ba57b4e0000, 0x00002ba57b4e0000)
  object space 524288K, 48% used [0x00002ba55b4e0000,0x00002ba56adaec20,0x00002ba57b4e0000)
}
Total time for which application threads were stopped: 0.0319840 seconds
Application time: 46.8277650 seconds
{Heap before gc invocations=261:
 PSYoungGen      total 1020032K, used 1004572K [0x00002ba6bb4e0000, 0x00002ba6fb4e0000, 0x00002ba6fb4e0000)
  eden space 991040K, 100% used [0x00002ba6bb4e0000,0x00002ba6f7cb0000,0x00002ba6f7cb0000)
  from space 28992K, 46% used [0x00002ba6f9890000,0x00002ba6fa5c7048,0x00002ba6fb4e0000)
  to   space 28544K, 0% used [0x00002ba6f7cb0000,0x00002ba6f7cb0000,0x00002ba6f9890000)
 PSOldGen        total 5242880K, used 1633145K [0x00002ba57b4e0000, 0x00002ba6bb4e0000, 0x00002ba6bb4e0000)
  object space 5242880K, 31% used [0x00002ba57b4e0000,0x00002ba5defbe788,0x00002ba6bb4e0000)
 PSPermGen       total 524288K, used 255650K [0x00002ba55b4e0000, 0x00002ba57b4e0000, 0x00002ba57b4e0000)
  object space 524288K, 48% used [0x00002ba55b4e0000,0x00002ba56ae88938,0x00002ba57b4e0000)
32794.374: [GC [PSYoungGen: 1004572K->16163K(1019584K)] 2637717K->1655596K(6262464K), 0.0209220 secs]
Heap after gc invocations=261:
 PSYoungGen      total 1019584K, used 16163K [0x00002ba6bb4e0000, 0x00002ba6fb4e0000, 0x00002ba6fb4e0000)
  eden space 991040K, 0% used [0x00002ba6bb4e0000,0x00002ba6bb4e0000,0x00002ba6f7cb0000)
  from space 28544K, 56% used [0x00002ba6f7cb0000,0x00002ba6f8c78da8,0x00002ba6f9890000)
  to   space 27584K, 0% used [0x00002ba6f99f0000,0x00002ba6f99f0000,0x00002ba6fb4e0000)
 PSOldGen        total 5242880K, used 1639433K [0x00002ba57b4e0000, 0x00002ba6bb4e0000, 0x00002ba6bb4e0000)
  object space 5242880K, 31% used [0x00002ba57b4e0000,0x00002ba5df5e25c0,0x00002ba6bb4e0000)
 PSPermGen       total 524288K, used 255650K [0x00002ba55b4e0000, 0x00002ba57b4e0000, 0x00002ba57b4e0000)
  object space 524288K, 48% used [0x00002ba55b4e0000,0x00002ba56ae88938,0x00002ba57b4e0000)
}
Total time for which application threads were stopped: 0.0224850 seconds
Application time: 69.1138520 seconds
{Heap before gc invocations=262:
 PSYoungGen      total 1019584K, used 1007203K [0x00002ba6bb4e0000, 0x00002ba6fb4e0000, 0x00002ba6fb4e0000)
  eden space 991040K, 100% used [0x00002ba6bb4e0000,0x00002ba6f7cb0000,0x00002ba6f7cb0000)
  from space 28544K, 56% used [0x00002ba6f7cb0000,0x00002ba6f8c78da8,0x00002ba6f9890000)
  to   space 27584K, 0% used [0x00002ba6f99f0000,0x00002ba6f99f0000,0x00002ba6fb4e0000)
 PSOldGen        total 5242880K, used 1639433K [0x00002ba57b4e0000, 0x00002ba6bb4e0000, 0x00002ba6bb4e0000)
  object space 5242880K, 31% used [0x00002ba57b4e0000,0x00002ba5df5e25c0,0x00002ba6bb4e0000)
 PSPermGen       total 524288K, used 256209K [0x00002ba55b4e0000, 0x00002ba57b4e0000, 0x00002ba57b4e0000)
  object space 524288K, 48% used [0x00002ba55b4e0000,0x00002ba56af14580,0x00002ba57b4e0000)
32863.510: [GC [PSYoungGen: 1007203K->17397K(1021888K)] 2646636K->1665848K(6264768K), 0.0368940 secs]
Heap after gc invocations=262:
 PSYoungGen      total 1021888K, used 17397K [0x00002ba6bb4e0000, 0x00002ba6fb4e0000, 0x00002ba6fb4e0000)
  eden space 994304K, 0% used [0x00002ba6bb4e0000,0x00002ba6bb4e0000,0x00002ba6f7fe0000)
  from space 27584K, 63% used [0x00002ba6f99f0000,0x00002ba6faaed6f0,0x00002ba6fb4e0000)
  to   space 26688K, 0% used [0x00002ba6f7fe0000,0x00002ba6f7fe0000,0x00002ba6f99f0000)
 PSOldGen        total 5242880K, used 1648450K [0x00002ba57b4e0000, 0x00002ba6bb4e0000, 0x00002ba6bb4e0000)
  object space 5242880K, 31% used [0x00002ba57b4e0000,0x00002ba5dfeb0ac8,0x00002ba6bb4e0000)
 PSPermGen       total 524288K, used 256209K [0x00002ba55b4e0000, 0x00002ba57b4e0000, 0x00002ba57b4e0000)
  object space 524288K, 48% used [0x00002ba55b4e0000,0x00002ba56af14580,0x00002ba57b4e0000)
}
Total time for which application threads were stopped: 0.0384830 seconds
Application time: 47.7298080 seconds
{Heap before gc invocations=263:
 PSYoungGen      total 1021888K, used 1011701K [0x00002ba6bb4e0000, 0x00002ba6fb4e0000, 0x00002ba6fb4e0000)
  eden space 994304K, 100% used [0x00002ba6bb4e0000,0x00002ba6f7fe0000,0x00002ba6f7fe0000)
  from space 27584K, 63% used [0x00002ba6f99f0000,0x00002ba6faaed6f0,0x00002ba6fb4e0000)
  to   space 26688K, 0% used [0x00002ba6f7fe0000,0x00002ba6f7fe0000,0x00002ba6f99f0000)
 PSOldGen        total 5242880K, used 1648450K [0x00002ba57b4e0000, 0x00002ba6bb4e0000, 0x00002ba6bb4e0000)
  object space 5242880K, 31% used [0x00002ba57b4e0000,0x00002ba5dfeb0ac8,0x00002ba6bb4e0000)
 PSPermGen       total 524288K, used 256404K [0x00002ba55b4e0000, 0x00002ba57b4e0000, 0x00002ba57b4e0000)
  object space 524288K, 48% used [0x00002ba55b4e0000,0x00002ba56af45128,0x00002ba57b4e0000)
32911.279: [GC [PSYoungGen: 1011701K->12491K(1020992K)] 2660152K->1672204K(6263872K), 0.0329250 secs]
Heap after gc invocations=263:
 PSYoungGen      total 1020992K, used 12491K [0x00002ba6bb4e0000, 0x00002ba6fb4e0000, 0x00002ba6fb4e0000)
  eden space 994304K, 0% used [0x00002ba6bb4e0000,0x00002ba6bb4e0000,0x00002ba6f7fe0000)
  from space 26688K, 46% used [0x00002ba6f7fe0000,0x00002ba6f8c12ff8,0x00002ba6f99f0000)
  to   space 26496K, 0% used [0x00002ba6f9b00000,0x00002ba6f9b00000,0x00002ba6fb4e0000)
 PSOldGen        total 5242880K, used 1659712K [0x00002ba57b4e0000, 0x00002ba6bb4e0000, 0x00002ba6bb4e0000)
  object space 5242880K, 31% used [0x00002ba57b4e0000,0x00002ba5e09b0100,0x00002ba6bb4e0000)
 PSPermGen       total 524288K, used 256404K [0x00002ba55b4e0000, 0x00002ba57b4e0000, 0x00002ba57b4e0000)
  object space 524288K, 48% used [0x00002ba55b4e0000,0x00002ba56af45128,0x00002ba57b4e0000)
}
Total time for which application threads were stopped: 0.0345080 seconds
Application time: 30.4243870 seconds
{Heap before gc invocations=264:
 PSYoungGen      total 1020992K, used 1006795K [0x00002ba6bb4e0000, 0x00002ba6fb4e0000, 0x00002ba6fb4e0000)
  eden space 994304K, 100% used [0x00002ba6bb4e0000,0x00002ba6f7fe0000,0x00002ba6f7fe0000)
  from space 26688K, 46% used [0x00002ba6f7fe0000,0x00002ba6f8c12ff8,0x00002ba6f99f0000)
  to   space 26496K, 0% used [0x00002ba6f9b00000,0x00002ba6f9b00000,0x00002ba6fb4e0000)
 PSOldGen        total 5242880K, used 1659712K [0x00002ba57b4e0000, 0x00002ba6bb4e0000, 0x00002ba6bb4e0000)
  object space 5242880K, 31% used [0x00002ba57b4e0000,0x00002ba5e09b0100,0x00002ba6bb4e0000)
 PSPermGen       total 524288K, used 256940K [0x00002ba55b4e0000, 0x00002ba57b4e0000, 0x00002ba57b4e0000)
  object space 524288K, 49% used [0x00002ba55b4e0000,0x00002ba56afcb040,0x00002ba57b4e0000)
32941.738: [GC [PSYoungGen: 1006795K->15769K(1022912K)] 2666508K->1682669K(6265792K), 0.0463470 secs]
Heap after gc invocations=264:
 PSYoungGen      total 1022912K, used 15769K [0x00002ba6bb4e0000, 0x00002ba6fb4e0000, 0x00002ba6fb4e0000)
  eden space 996416K, 0% used [0x00002ba6bb4e0000,0x00002ba6bb4e0000,0x00002ba6f81f0000)
  from space 26496K, 59% used [0x00002ba6f9b00000,0x00002ba6faa66648,0x00002ba6fb4e0000)
  to   space 25664K, 0% used [0x00002ba6f81f0000,0x00002ba6f81f0000,0x00002ba6f9b00000)
 PSOldGen        total 5242880K, used 1666899K [0x00002ba57b4e0000, 0x00002ba6bb4e0000, 0x00002ba6bb4e0000)
  object space 5242880K, 31% used [0x00002ba57b4e0000,0x00002ba5e10b4de8,0x00002ba6bb4e0000)
 PSPermGen       total 524288K, used 256940K [0x00002ba55b4e0000, 0x00002ba57b4e0000, 0x00002ba57b4e0000)
  object space 524288K, 49% used [0x00002ba55b4e0000,0x00002ba56afcb040,0x00002ba57b4e0000)
}
Total time for which application threads were stopped: 0.0480950 seconds
Application time: 32.9524270 seconds
{Heap before gc invocations=265:
 PSYoungGen      total 1022912K, used 1012185K [0x00002ba6bb4e0000, 0x00002ba6fb4e0000, 0x00002ba6fb4e0000)
  eden space 996416K, 100% used [0x00002ba6bb4e0000,0x00002ba6f81f0000,0x00002ba6f81f0000)
  from space 26496K, 59% used [0x00002ba6f9b00000,0x00002ba6faa66648,0x00002ba6fb4e0000)
  to   space 25664K, 0% used [0x00002ba6f81f0000,0x00002ba6f81f0000,0x00002ba6f9b00000)
 PSOldGen        total 5242880K, used 1666899K [0x00002ba57b4e0000, 0x00002ba6bb4e0000, 0x00002ba6bb4e0000)
  object space 5242880K, 31% used [0x00002ba57b4e0000,0x00002ba5e10b4de8,0x00002ba6bb4e0000)
 PSPermGen       total 524288K, used 259538K [0x00002ba55b4e0000, 0x00002ba57b4e0000, 0x00002ba57b4e0000)
  object space 524288K, 49% used [0x00002ba55b4e0000,0x00002ba56b254900,0x00002ba57b4e0000)
32974.738: [GC [PSYoungGen: 1012185K->12040K(1022080K)] 2679085K->1685474K(6264960K), 0.0238040 secs]
Heap after gc invocations=265:
 PSYoungGen      total 1022080K, used 12040K [0x00002ba6bb4e0000, 0x00002ba6fb4e0000, 0x00002ba6fb4e0000)
  eden space 996416K, 0% used [0x00002ba6bb4e0000,0x00002ba6bb4e0000,0x00002ba6f81f0000)
  from space 25664K, 46% used [0x00002ba6f81f0000,0x00002ba6f8db21d0,0x00002ba6f9b00000)
  to   space 25536K, 0% used [0x00002ba6f9bf0000,0x00002ba6f9bf0000,0x00002ba6fb4e0000)
 PSOldGen        total 5242880K, used 1673433K [0x00002ba57b4e0000, 0x00002ba6bb4e0000, 0x00002ba6bb4e0000)
  object space 5242880K, 31% used [0x00002ba57b4e0000,0x00002ba5e1716738,0x00002ba6bb4e0000)
 PSPermGen       total 524288K, used 259538K [0x00002ba55b4e0000, 0x00002ba57b4e0000, 0x00002ba57b4e0000)
  object space 524288K, 49% used [0x00002ba55b4e0000,0x00002ba56b254900,0x00002ba57b4e0000)
}
Total time for which application threads were stopped: 0.0254920 seconds
Application time: 46.6142350 seconds
{Heap before gc invocations=266:
 PSYoungGen      total 1022080K, used 1008456K [0x00002ba6bb4e0000, 0x00002ba6fb4e0000, 0x00002ba6fb4e0000)
  eden space 996416K, 100% used [0x00002ba6bb4e0000,0x00002ba6f81f0000,0x00002ba6f81f0000)
  from space 25664K, 46% used [0x00002ba6f81f0000,0x00002ba6f8db21d0,0x00002ba6f9b00000)
  to   space 25536K, 0% used [0x00002ba6f9bf0000,0x00002ba6f9bf0000,0x00002ba6fb4e0000)
 PSOldGen        total 5242880K, used 1673433K [0x00002ba57b4e0000, 0x00002ba6bb4e0000, 0x00002ba6bb4e0000)
  object space 5242880K, 31% used [0x00002ba57b4e0000,0x00002ba5e1716738,0x00002ba6bb4e0000)
 PSPermGen       total 524288K, used 259889K [0x00002ba55b4e0000, 0x00002ba57b4e0000, 0x00002ba57b4e0000)
  object space 524288K, 49% used [0x00002ba55b4e0000,0x00002ba56b2ac440,0x00002ba57b4e0000)
33027.392: [GC [PSYoungGen: 1008456K->13652K(1023552K)] 2681890K->1694250K(6266432K), 0.0277370 secs]
Heap after gc invocations=266:
 PSYoungGen      total 1023552K, used 13652K [0x00002ba6bb4e0000, 0x00002ba6fb4e0000, 0x00002ba6fb4e0000)
  eden space 998016K, 0% used [0x00002ba6bb4e0000,0x00002ba6bb4e0000,0x00002ba6f8380000)
  from space 25536K, 53% used [0x00002ba6f9bf0000,0x00002ba6fa9450e0,0x00002ba6fb4e0000)
  to   space 25024K, 0% used [0x00002ba6f8380000,0x00002ba6f8380000,0x00002ba6f9bf0000)
 PSOldGen        total 5242880K, used 1680598K [0x00002ba57b4e0000, 0x00002ba6bb4e0000, 0x00002ba6bb4e0000)
  object space 5242880K, 32% used [0x00002ba57b4e0000,0x00002ba5e1e15898,0x00002ba6bb4e0000)
 PSPermGen       total 524288K, used 259889K [0x00002ba55b4e0000, 0x00002ba57b4e0000, 0x00002ba57b4e0000)
  object space 524288K, 49% used [0x00002ba55b4e0000,0x00002ba56b2ac440,0x00002ba57b4e0000)
}
Total time for which application threads were stopped: 0.0292910 seconds
Application time: 57.1077900 seconds
{Heap before gc invocations=267:
 PSYoungGen      total 1023552K, used 1011668K [0x00002ba6bb4e0000, 0x00002ba6fb4e0000, 0x00002ba6fb4e0000)
  eden space 998016K, 100% used [0x00002ba6bb4e0000,0x00002ba6f8380000,0x00002ba6f8380000)
  from space 25536K, 53% used [0x00002ba6f9bf0000,0x00002ba6fa9450e0,0x00002ba6fb4e0000)
  to   space 25024K, 0% used [0x00002ba6f8380000,0x00002ba6f8380000,0x00002ba6f9bf0000)
 PSOldGen        total 5242880K, used 1680598K [0x00002ba57b4e0000, 0x00002ba6bb4e0000, 0x00002ba6bb4e0000)
  object space 5242880K, 32% used [0x00002ba57b4e0000,0x00002ba5e1e15898,0x00002ba6bb4e0000)
 PSPermGen       total 524288K, used 260421K [0x00002ba55b4e0000, 0x00002ba57b4e0000, 0x00002ba57b4e0000)
  object space 524288K, 49% used [0x00002ba55b4e0000,0x00002ba56b3317f8,0x00002ba57b4e0000)
33084.529: [GC [PSYoungGen: 1011668K->13247K(1023040K)] 2692266K->1700486K(6265920K), 0.0303410 secs]
Heap after gc invocations=267:
 PSYoungGen      total 1023040K, used 13247K [0x00002ba6bb4e0000, 0x00002ba6fb4e0000, 0x00002ba6fb4e0000)
  eden space 998016K, 0% used [0x00002ba6bb4e0000,0x00002ba6bb4e0000,0x00002ba6f8380000)
  from space 25024K, 52% used [0x00002ba6f8380000,0x00002ba6f906fd70,0x00002ba6f9bf0000)
  to   space 24576K, 0% used [0x00002ba6f9ce0000,0x00002ba6f9ce0000,0x00002ba6fb4e0000)
 PSOldGen        total 5242880K, used 1687239K [0x00002ba57b4e0000, 0x00002ba6bb4e0000, 0x00002ba6bb4e0000)
  object space 5242880K, 32% used [0x00002ba57b4e0000,0x00002ba5e2491c48,0x00002ba6bb4e0000)
 PSPermGen       total 524288K, used 260421K [0x00002ba55b4e0000, 0x00002ba57b4e0000, 0x00002ba57b4e0000)
  object space 524288K, 49% used [0x00002ba55b4e0000,0x00002ba56b3317f8,0x00002ba57b4e0000)
}
Total time for which application threads were stopped: 0.0319730 seconds
Application time: 78.0283220 seconds
{Heap before gc invocations=268:
 PSYoungGen      total 1023040K, used 1011263K [0x00002ba6bb4e0000, 0x00002ba6fb4e0000, 0x00002ba6fb4e0000)
  eden space 998016K, 100% used [0x00002ba6bb4e0000,0x00002ba6f8380000,0x00002ba6f8380000)
  from space 25024K, 52% used [0x00002ba6f8380000,0x00002ba6f906fd70,0x00002ba6f9bf0000)
  to   space 24576K, 0% used [0x00002ba6f9ce0000,0x00002ba6f9ce0000,0x00002ba6fb4e0000)
 PSOldGen        total 5242880K, used 1687239K [0x00002ba57b4e0000, 0x00002ba6bb4e0000, 0x00002ba6bb4e0000)
  object space 5242880K, 32% used [0x00002ba57b4e0000,0x00002ba5e2491c48,0x00002ba6bb4e0000)
 PSPermGen       total 524288K, used 263580K [0x00002ba55b4e0000, 0x00002ba57b4e0000, 0x00002ba57b4e0000)
  object space 524288K, 50% used [0x00002ba55b4e0000,0x00002ba56b647258,0x00002ba57b4e0000)
33162.615: [GC [PSYoungGen: 1011263K->13912K(1024576K)] 2698502K->1710500K(6267456K), 0.0395850 secs]
Heap after gc invocations=268:
 PSYoungGen      total 1024576K, used 13912K [0x00002ba6bb4e0000, 0x00002ba6fb4e0000, 0x00002ba6fb4e0000)
  eden space 1000000K, 0% used [0x00002ba6bb4e0000,0x00002ba6bb4e0000,0x00002ba6f8570000)
  from space 24576K, 56% used [0x00002ba6f9ce0000,0x00002ba6faa762d0,0x00002ba6fb4e0000)
  to   space 24000K, 0% used [0x00002ba6f8570000,0x00002ba6f8570000,0x00002ba6f9ce0000)
 PSOldGen        total 5242880K, used 1696587K [0x00002ba57b4e0000, 0x00002ba6bb4e0000, 0x00002ba6bb4e0000)
  object space 5242880K, 32% used [0x00002ba57b4e0000,0x00002ba5e2db2f30,0x00002ba6bb4e0000)
 PSPermGen       total 524288K, used 263580K [0x00002ba55b4e0000, 0x00002ba57b4e0000, 0x00002ba57b4e0000)
  object space 524288K, 50% used [0x00002ba55b4e0000,0x00002ba56b647258,0x00002ba57b4e0000)
}
Total time for which application threads were stopped: 0.0673550 seconds
Application time: 45.5725020 seconds
{Heap before gc invocations=269:
 PSYoungGen      total 1024576K, used 1013912K [0x00002ba6bb4e0000, 0x00002ba6fb4e0000, 0x00002ba6fb4e0000)
  eden space 1000000K, 100% used [0x00002ba6bb4e0000,0x00002ba6f8570000,0x00002ba6f8570000)
  from space 24576K, 56% used [0x00002ba6f9ce0000,0x00002ba6faa762d0,0x00002ba6fb4e0000)
  to   space 24000K, 0% used [0x00002ba6f8570000,0x00002ba6f8570000,0x00002ba6f9ce0000)
 PSOldGen        total 5242880K, used 1696587K [0x00002ba57b4e0000, 0x00002ba6bb4e0000, 0x00002ba6bb4e0000)
  object space 5242880K, 32% used [0x00002ba57b4e0000,0x00002ba5e2db2f30,0x00002ba6bb4e0000)
 PSPermGen       total 524288K, used 264114K [0x00002ba55b4e0000, 0x00002ba57b4e0000, 0x00002ba57b4e0000)
  object space 524288K, 50% used [0x00002ba55b4e0000,0x00002ba56b6cc928,0x00002ba57b4e0000)
33256.454: [GC [PSYoungGen: 1013912K->14542K(1024000K)] 2710500K->1718232K(6266880K), 0.0311390 secs]
Heap after gc invocations=269:
 PSYoungGen      total 1024000K, used 14542K [0x00002ba6bb4e0000, 0x00002ba6fb4e0000, 0x00002ba6fb4e0000)
  eden space 1000000K, 0% used [0x00002ba6bb4e0000,0x00002ba6bb4e0000,0x00002ba6f8570000)
  from space 24000K, 60% used [0x00002ba6f8570000,0x00002ba6f93a3a58,0x00002ba6f9ce0000)
  to   space 23296K, 0% used [0x00002ba6f9e20000,0x00002ba6f9e20000,0x00002ba6fb4e0000)
 PSOldGen        total 5242880K, used 1703690K [0x00002ba57b4e0000, 0x00002ba6bb4e0000, 0x00002ba6bb4e0000)
  object space 5242880K, 32% used [0x00002ba57b4e0000,0x00002ba5e34a28a0,0x00002ba6bb4e0000)
 PSPermGen       total 524288K, used 264114K [0x00002ba55b4e0000, 0x00002ba57b4e0000, 0x00002ba57b4e0000)
  object space 524288K, 50% used [0x00002ba55b4e0000,0x00002ba56b6cc928,0x00002ba57b4e0000)
}
Total time for which application threads were stopped: 0.1060620 seconds
Application time: 52.3560500 seconds
{Heap before gc invocations=270:
 PSYoungGen      total 1024000K, used 1014431K [0x00002ba6bb4e0000, 0x00002ba6fb4e0000, 0x00002ba6fb4e0000)
  eden space 1000000K, 99% used [0x00002ba6bb4e0000,0x00002ba6f85543b8,0x00002ba6f8570000)
  from space 24000K, 60% used [0x00002ba6f8570000,0x00002ba6f93a3a58,0x00002ba6f9ce0000)
  to   space 23296K, 0% used [0x00002ba6f9e20000,0x00002ba6f9e20000,0x00002ba6fb4e0000)
 PSOldGen        total 5242880K, used 1703690K [0x00002ba57b4e0000, 0x00002ba6bb4e0000, 0x00002ba6bb4e0000)
  object space 5242880K, 32% used [0x00002ba57b4e0000,0x00002ba5e34a28a0,0x00002ba6bb4e0000)
 PSPermGen       total 524288K, used 264368K [0x00002ba55b4e0000, 0x00002ba57b4e0000, 0x00002ba57b4e0000)
  object space 524288K, 50% used [0x00002ba55b4e0000,0x00002ba56b70c360,0x00002ba57b4e0000)
33308.945: [GC [PSYoungGen: 1014431K->12383K(1025536K)] 2718121K->1724529K(6268416K), 0.0392370 secs]
Heap after gc invocations=270:
 PSYoungGen      total 1025536K, used 12383K [0x00002ba6bb4e0000, 0x00002ba6fb4e0000, 0x00002ba6fb4e0000)
  eden space 1002240K, 0% used [0x00002ba6bb4e0000,0x00002ba6bb4e0000,0x00002ba6f87a0000)
  from space 23296K, 53% used [0x00002ba6f9e20000,0x00002ba6faa37dd8,0x00002ba6fb4e0000)
  to   space 23040K, 0% used [0x00002ba6f87a0000,0x00002ba6f87a0000,0x00002ba6f9e20000)
 PSOldGen        total 5242880K, used 1712146K [0x00002ba57b4e0000, 0x00002ba6bb4e0000, 0x00002ba6bb4e0000)
  object space 5242880K, 32% used [0x00002ba57b4e0000,0x00002ba5e3ce4890,0x00002ba6bb4e0000)
 PSPermGen       total 524288K, used 264368K [0x00002ba55b4e0000, 0x00002ba57b4e0000, 0x00002ba57b4e0000)
  object space 524288K, 50% used [0x00002ba55b4e0000,0x00002ba56b70c360,0x00002ba57b4e0000)
}
Total time for which application threads were stopped: 0.1431920 seconds
Application time: 58.8175060 seconds
{Heap before gc invocations=271:
 PSYoungGen      total 1025536K, used 1014623K [0x00002ba6bb4e0000, 0x00002ba6fb4e0000, 0x00002ba6fb4e0000)
  eden space 1002240K, 100% used [0x00002ba6bb4e0000,0x00002ba6f87a0000,0x00002ba6f87a0000)
  from space 23296K, 53% used [0x00002ba6f9e20000,0x00002ba6faa37dd8,0x00002ba6fb4e0000)
  to   space 23040K, 0% used [0x00002ba6f87a0000,0x00002ba6f87a0000,0x00002ba6f9e20000)
 PSOldGen        total 5242880K, used 1712146K [0x00002ba57b4e0000, 0x00002ba6bb4e0000, 0x00002ba6bb4e0000)
  object space 5242880K, 32% used [0x00002ba57b4e0000,0x00002ba5e3ce4890,0x00002ba6bb4e0000)
 PSPermGen       total 524288K, used 264482K [0x00002ba55b4e0000, 0x00002ba57b4e0000, 0x00002ba57b4e0000)
  object space 524288K, 50% used [0x00002ba55b4e0000,0x00002ba56b728978,0x00002ba57b4e0000)
33367.830: [GC [PSYoungGen: 1014623K->16215K(1025280K)] 2726769K->1733556K(6268160K), 0.0634370 secs]
Heap after gc invocations=271:
 PSYoungGen      total 1025280K, used 16215K [0x00002ba6bb4e0000, 0x00002ba6fb4e0000, 0x00002ba6fb4e0000)
  eden space 1002240K, 0% used [0x00002ba6bb4e0000,0x00002ba6bb4e0000,0x00002ba6f87a0000)
  from space 23040K, 70% used [0x00002ba6f87a0000,0x00002ba6f9775df8,0x00002ba6f9e20000)
  to   space 22656K, 0% used [0x00002ba6f9ec0000,0x00002ba6f9ec0000,0x00002ba6fb4e0000)
 PSOldGen        total 5242880K, used 1717340K [0x00002ba57b4e0000, 0x00002ba6bb4e0000, 0x00002ba6bb4e0000)
  object space 5242880K, 32% used [0x00002ba57b4e0000,0x00002ba5e41f73d8,0x00002ba6bb4e0000)
 PSPermGen       total 524288K, used 264482K [0x00002ba55b4e0000, 0x00002ba57b4e0000, 0x00002ba57b4e0000)
  object space 524288K, 50% used [0x00002ba55b4e0000,0x00002ba56b728978,0x00002ba57b4e0000)
}
Total time for which application threads were stopped: 0.0911370 seconds
Application time: 4.3635190 seconds
{Heap before gc invocations=272:
 PSYoungGen      total 1025280K, used 1018455K [0x00002ba6bb4e0000, 0x00002ba6fb4e0000, 0x00002ba6fb4e0000)
  eden space 1002240K, 100% used [0x00002ba6bb4e0000,0x00002ba6f87a0000,0x00002ba6f87a0000)
  from space 23040K, 70% used [0x00002ba6f87a0000,0x00002ba6f9775df8,0x00002ba6f9e20000)
  to   space 22656K, 0% used [0x00002ba6f9ec0000,0x00002ba6f9ec0000,0x00002ba6fb4e0000)
 PSOldGen        total 5242880K, used 1717340K [0x00002ba57b4e0000, 0x00002ba6bb4e0000, 0x00002ba6bb4e0000)
  object space 5242880K, 32% used [0x00002ba57b4e0000,0x00002ba5e41f73d8,0x00002ba6bb4e0000)
 PSPermGen       total 524288K, used 265273K [0x00002ba55b4e0000, 0x00002ba57b4e0000, 0x00002ba57b4e0000)
  object space 524288K, 50% used [0x00002ba55b4e0000,0x00002ba56b7ee6e0,0x00002ba57b4e0000)
33438.518: [GC [PSYoungGen: 1018455K->18381K(1025024K)] 2735796K->1741959K(6267904K), 0.0338650 secs]
Heap after gc invocations=272:
 PSYoungGen      total 1025024K, used 18381K [0x00002ba6bb4e0000, 0x00002ba6fb4e0000, 0x00002ba6fb4e0000)
  eden space 1002368K, 0% used [0x00002ba6bb4e0000,0x00002ba6bb4e0000,0x00002ba6f87c0000)
  from space 22656K, 81% used [0x00002ba6f9ec0000,0x00002ba6fb0b3490,0x00002ba6fb4e0000)
  to   space 23104K, 0% used [0x00002ba6f87c0000,0x00002ba6f87c0000,0x00002ba6f9e50000)
 PSOldGen        total 5242880K, used 1723578K [0x00002ba57b4e0000, 0x00002ba6bb4e0000, 0x00002ba6bb4e0000)
  object space 5242880K, 32% used [0x00002ba57b4e0000,0x00002ba5e480ea08,0x00002ba6bb4e0000)
 PSPermGen       total 524288K, used 265273K [0x00002ba55b4e0000, 0x00002ba57b4e0000, 0x00002ba57b4e0000)
  object space 524288K, 50% used [0x00002ba55b4e0000,0x00002ba56b7ee6e0,0x00002ba57b4e0000)
}
Total time for which application threads were stopped: 0.1089820 seconds
Application time: 22.6941170 seconds
{Heap before gc invocations=273:
 PSYoungGen      total 1025024K, used 1020749K [0x00002ba6bb4e0000, 0x00002ba6fb4e0000, 0x00002ba6fb4e0000)
  eden space 1002368K, 100% used [0x00002ba6bb4e0000,0x00002ba6f87c0000,0x00002ba6f87c0000)
  from space 22656K, 81% used [0x00002ba6f9ec0000,0x00002ba6fb0b3490,0x00002ba6fb4e0000)
  to   space 23104K, 0% used [0x00002ba6f87c0000,0x00002ba6f87c0000,0x00002ba6f9e50000)
 PSOldGen        total 5242880K, used 1723578K [0x00002ba57b4e0000, 0x00002ba6bb4e0000, 0x00002ba6bb4e0000)
  object space 5242880K, 32% used [0x00002ba57b4e0000,0x00002ba5e480ea08,0x00002ba6bb4e0000)
 PSPermGen       total 524288K, used 269767K [0x00002ba55b4e0000, 0x00002ba57b4e0000, 0x00002ba57b4e0000)
  object space 524288K, 51% used [0x00002ba55b4e0000,0x00002ba56bc51fe8,0x00002ba57b4e0000)
33461.350: [GC [PSYoungGen: 1020749K->8415K(1010816K)] 2744327K->1741443K(6253696K), 0.0228440 secs]
Heap after gc invocations=273:
 PSYoungGen      total 1010816K, used 8415K [0x00002ba6bb4e0000, 0x00002ba6fb4e0000, 0x00002ba6fb4e0000)
  eden space 1002368K, 0% used [0x00002ba6bb4e0000,0x00002ba6bb4e0000,0x00002ba6f87c0000)
  from space 8448K, 99% used [0x00002ba6f87c0000,0x00002ba6f8ff7eb8,0x00002ba6f9000000)
  to   space 23552K, 0% used [0x00002ba6f9de0000,0x00002ba6f9de0000,0x00002ba6fb4e0000)
 PSOldGen        total 5242880K, used 1733027K [0x00002ba57b4e0000, 0x00002ba6bb4e0000, 0x00002ba6bb4e0000)
  object space 5242880K, 33% used [0x00002ba57b4e0000,0x00002ba5e5148f10,0x00002ba6bb4e0000)
 PSPermGen       total 524288K, used 269767K [0x00002ba55b4e0000, 0x00002ba57b4e0000, 0x00002ba57b4e0000)
  object space 524288K, 51% used [0x00002ba55b4e0000,0x00002ba56bc51fe8,0x00002ba57b4e0000)
}
Total time for which application threads were stopped: 0.1265910 seconds
Application time: 39.2917090 seconds
{Heap before gc invocations=274:
 PSYoungGen      total 1010816K, used 1010783K [0x00002ba6bb4e0000, 0x00002ba6fb4e0000, 0x00002ba6fb4e0000)
  eden space 1002368K, 100% used [0x00002ba6bb4e0000,0x00002ba6f87c0000,0x00002ba6f87c0000)
  from space 8448K, 99% used [0x00002ba6f87c0000,0x00002ba6f8ff7eb8,0x00002ba6f9000000)
  to   space 23552K, 0% used [0x00002ba6f9de0000,0x00002ba6f9de0000,0x00002ba6fb4e0000)
 PSOldGen        total 5242880K, used 1733027K [0x00002ba57b4e0000, 0x00002ba6bb4e0000, 0x00002ba6bb4e0000)
  object space 5242880K, 33% used [0x00002ba57b4e0000,0x00002ba5e5148f10,0x00002ba6bb4e0000)
 PSPermGen       total 524288K, used 271326K [0x00002ba55b4e0000, 0x00002ba57b4e0000, 0x00002ba57b4e0000)
  object space 524288K, 51% used [0x00002ba55b4e0000,0x00002ba56bdd7b40,0x00002ba57b4e0000)
33500.692: [GC [PSYoungGen: 1010783K->15715K(1025600K)] 2743811K->1753536K(6268480K), 0.0477410 secs]
Heap after gc invocations=274:
 PSYoungGen      total 1025600K, used 15715K [0x00002ba6bb4e0000, 0x00002ba6fb4e0000, 0x00002ba6fb4e0000)
  eden space 1002048K, 0% used [0x00002ba6bb4e0000,0x00002ba6bb4e0000,0x00002ba6f8770000)
  from space 23552K, 66% used [0x00002ba6f9de0000,0x00002ba6fad38d78,0x00002ba6fb4e0000)
  to   space 22976K, 0% used [0x00002ba6f8770000,0x00002ba6f8770000,0x00002ba6f9de0000)
 PSOldGen        total 5242880K, used 1737821K [0x00002ba57b4e0000, 0x00002ba6bb4e0000, 0x00002ba6bb4e0000)
  object space 5242880K, 33% used [0x00002ba57b4e0000,0x00002ba5e55f7630,0x00002ba6bb4e0000)
 PSPermGen       total 524288K, used 271326K [0x00002ba55b4e0000, 0x00002ba57b4e0000, 0x00002ba57b4e0000)
  object space 524288K, 51% used [0x00002ba55b4e0000,0x00002ba56bdd7b40,0x00002ba57b4e0000)
}
Total time for which application threads were stopped: 0.0754690 seconds
Application time: 91.3245040 seconds
{Heap before gc invocations=275:
 PSYoungGen      total 1025600K, used 1017763K [0x00002ba6bb4e0000, 0x00002ba6fb4e0000, 0x00002ba6fb4e0000)
  eden space 1002048K, 100% used [0x00002ba6bb4e0000,0x00002ba6f8770000,0x00002ba6f8770000)
  from space 23552K, 66% used [0x00002ba6f9de0000,0x00002ba6fad38d78,0x00002ba6fb4e0000)
  to   space 22976K, 0% used [0x00002ba6f8770000,0x00002ba6f8770000,0x00002ba6f9de0000)
 PSOldGen        total 5242880K, used 1737821K [0x00002ba57b4e0000, 0x00002ba6bb4e0000, 0x00002ba6bb4e0000)
  object space 5242880K, 33% used [0x00002ba57b4e0000,0x00002ba5e55f7630,0x00002ba6bb4e0000)
 PSPermGen       total 524288K, used 273941K [0x00002ba55b4e0000, 0x00002ba57b4e0000, 0x00002ba57b4e0000)
  object space 524288K, 52% used [0x00002ba55b4e0000,0x00002ba56c0656a8,0x00002ba57b4e0000)
33592.118: [GC [PSYoungGen: 1017763K->14898K(1025024K)] 2755584K->1761891K(6267904K), 0.0286020 secs]
Heap after gc invocations=275:
 PSYoungGen      total 1025024K, used 14898K [0x00002ba6bb4e0000, 0x00002ba6fb4e0000, 0x00002ba6fb4e0000)
  eden space 1002048K, 0% used [0x00002ba6bb4e0000,0x00002ba6bb4e0000,0x00002ba6f8770000)
  from space 22976K, 64% used [0x00002ba6f8770000,0x00002ba6f95fc840,0x00002ba6f9de0000)
  to   space 22208K, 0% used [0x00002ba6f9f30000,0x00002ba6f9f30000,0x00002ba6fb4e0000)
 PSOldGen        total 5242880K, used 1746993K [0x00002ba57b4e0000, 0x00002ba6bb4e0000, 0x00002ba6bb4e0000)
  object space 5242880K, 33% used [0x00002ba57b4e0000,0x00002ba5e5eec458,0x00002ba6bb4e0000)
 PSPermGen       total 524288K, used 273941K [0x00002ba55b4e0000, 0x00002ba57b4e0000, 0x00002ba57b4e0000)
  object space 524288K, 52% used [0x00002ba55b4e0000,0x00002ba56c0656a8,0x00002ba57b4e0000)
}
Total time for which application threads were stopped: 0.0829620 seconds
Application time: 1.3150960 seconds
{Heap before gc invocations=276:
 PSYoungGen      total 1025024K, used 1016946K [0x00002ba6bb4e0000, 0x00002ba6fb4e0000, 0x00002ba6fb4e0000)
  eden space 1002048K, 100% used [0x00002ba6bb4e0000,0x00002ba6f8770000,0x00002ba6f8770000)
  from space 22976K, 64% used [0x00002ba6f8770000,0x00002ba6f95fc840,0x00002ba6f9de0000)
  to   space 22208K, 0% used [0x00002ba6f9f30000,0x00002ba6f9f30000,0x00002ba6fb4e0000)
 PSOldGen        total 5242880K, used 1746993K [0x00002ba57b4e0000, 0x00002ba6bb4e0000, 0x00002ba6bb4e0000)
  object space 5242880K, 33% used [0x00002ba57b4e0000,0x00002ba5e5eec458,0x00002ba6bb4e0000)
 PSPermGen       total 524288K, used 274127K [0x00002ba55b4e0000, 0x00002ba57b4e0000, 0x00002ba57b4e0000)
  object space 524288K, 52% used [0x00002ba55b4e0000,0x00002ba56c093e48,0x00002ba57b4e0000)
33656.772: [GC [PSYoungGen: 1016946K->18896K(1024832K)] 2763939K->1776519K(6267712K), 0.0514430 secs]
Heap after gc invocations=276:
 PSYoungGen      total 1024832K, used 18896K [0x00002ba6bb4e0000, 0x00002ba6fb4e0000, 0x00002ba6fb4e0000)
  eden space 1002624K, 0% used [0x00002ba6bb4e0000,0x00002ba6bb4e0000,0x00002ba6f8800000)
  from space 22208K, 85% used [0x00002ba6f9f30000,0x00002ba6fb1a4048,0x00002ba6fb4e0000)
  to   space 22976K, 0% used [0x00002ba6f8800000,0x00002ba6f8800000,0x00002ba6f9e70000)
 PSOldGen        total 5242880K, used 1757623K [0x00002ba57b4e0000, 0x00002ba6bb4e0000, 0x00002ba6bb4e0000)
  object space 5242880K, 33% used [0x00002ba57b4e0000,0x00002ba5e694dcf8,0x00002ba6bb4e0000)
 PSPermGen       total 524288K, used 274127K [0x00002ba55b4e0000, 0x00002ba57b4e0000, 0x00002ba57b4e0000)
  object space 524288K, 52% used [0x00002ba55b4e0000,0x00002ba56c093e48,0x00002ba57b4e0000)
}
Total time for which application threads were stopped: 0.1544500 seconds
Application time: 48.7655750 seconds
{Heap before gc invocations=277:
 PSYoungGen      total 1024832K, used 1021520K [0x00002ba6bb4e0000, 0x00002ba6fb4e0000, 0x00002ba6fb4e0000)
  eden space 1002624K, 100% used [0x00002ba6bb4e0000,0x00002ba6f8800000,0x00002ba6f8800000)
  from space 22208K, 85% used [0x00002ba6f9f30000,0x00002ba6fb1a4048,0x00002ba6fb4e0000)
  to   space 22976K, 0% used [0x00002ba6f8800000,0x00002ba6f8800000,0x00002ba6f9e70000)
 PSOldGen        total 5242880K, used 1757623K [0x00002ba57b4e0000, 0x00002ba6bb4e0000, 0x00002ba6bb4e0000)
  object space 5242880K, 33% used [0x00002ba57b4e0000,0x00002ba5e694dcf8,0x00002ba6bb4e0000)
 PSPermGen       total 524288K, used 274844K [0x00002ba55b4e0000, 0x00002ba57b4e0000, 0x00002ba57b4e0000)
  object space 524288K, 52% used [0x00002ba55b4e0000,0x00002ba56c1471a8,0x00002ba57b4e0000)
33705.617: [GC [PSYoungGen: 1021520K->15674K(1025600K)] 2779143K->1781785K(6268480K), 0.0312400 secs]
Heap after gc invocations=277:
 PSYoungGen      total 1025600K, used 15674K [0x00002ba6bb4e0000, 0x00002ba6fb4e0000, 0x00002ba6fb4e0000)
  eden space 1002624K, 0% used [0x00002ba6bb4e0000,0x00002ba6bb4e0000,0x00002ba6f8800000)
  from space 22976K, 68% used [0x00002ba6f8800000,0x00002ba6f974ebc0,0x00002ba6f9e70000)
  to   space 22336K, 0% used [0x00002ba6f9f10000,0x00002ba6f9f10000,0x00002ba6fb4e0000)
 PSOldGen        total 5242880K, used 1766110K [0x00002ba57b4e0000, 0x00002ba6bb4e0000, 0x00002ba6bb4e0000)
  object space 5242880K, 33% used [0x00002ba57b4e0000,0x00002ba5e7197a18,0x00002ba6bb4e0000)
 PSPermGen       total 524288K, used 274844K [0x00002ba55b4e0000, 0x00002ba57b4e0000, 0x00002ba57b4e0000)
  object space 524288K, 52% used [0x00002ba55b4e0000,0x00002ba56c1471a8,0x00002ba57b4e0000)
}
Total time for which application threads were stopped: 0.0599230 seconds
Application time: 72.2411600 seconds
{Heap before gc invocations=278:
 PSYoungGen      total 1025600K, used 1018298K [0x00002ba6bb4e0000, 0x00002ba6fb4e0000, 0x00002ba6fb4e0000)
  eden space 1002624K, 100% used [0x00002ba6bb4e0000,0x00002ba6f8800000,0x00002ba6f8800000)
  from space 22976K, 68% used [0x00002ba6f8800000,0x00002ba6f974ebc0,0x00002ba6f9e70000)
  to   space 22336K, 0% used [0x00002ba6f9f10000,0x00002ba6f9f10000,0x00002ba6fb4e0000)
 PSOldGen        total 5242880K, used 1766110K [0x00002ba57b4e0000, 0x00002ba6bb4e0000, 0x00002ba6bb4e0000)
  object space 5242880K, 33% used [0x00002ba57b4e0000,0x00002ba5e7197a18,0x00002ba6bb4e0000)
 PSPermGen       total 524288K, used 275560K [0x00002ba55b4e0000, 0x00002ba57b4e0000, 0x00002ba57b4e0000)
  object space 524288K, 52% used [0x00002ba55b4e0000,0x00002ba56c1fa108,0x00002ba57b4e0000)
33777.944: [GC [PSYoungGen: 1018298K->12785K(1026496K)] 2784409K->1788515K(6269376K), 0.0297600 secs]
Heap after gc invocations=278:
 PSYoungGen      total 1026496K, used 12785K [0x00002ba6bb4e0000, 0x00002ba6fb4e0000, 0x00002ba6fb4e0000)
  eden space 1004160K, 0% used [0x00002ba6bb4e0000,0x00002ba6bb4e0000,0x00002ba6f8980000)
  from space 22336K, 57% used [0x00002ba6f9f10000,0x00002ba6fab8c450,0x00002ba6fb4e0000)
  to   space 22080K, 0% used [0x00002ba6f8980000,0x00002ba6f8980000,0x00002ba6f9f10000)
 PSOldGen        total 5242880K, used 1775730K [0x00002ba57b4e0000, 0x00002ba6bb4e0000, 0x00002ba6bb4e0000)
  object space 5242880K, 33% used [0x00002ba57b4e0000,0x00002ba5e7afc8a8,0x00002ba6bb4e0000)
 PSPermGen       total 524288K, used 275560K [0x00002ba55b4e0000, 0x00002ba57b4e0000, 0x00002ba57b4e0000)
  object space 524288K, 52% used [0x00002ba55b4e0000,0x00002ba56c1fa108,0x00002ba57b4e0000)
}
Total time for which application threads were stopped: 0.0839780 seconds
Application time: 48.3016190 seconds
{Heap before gc invocations=279:
 PSYoungGen      total 1026496K, used 1016945K [0x00002ba6bb4e0000, 0x00002ba6fb4e0000, 0x00002ba6fb4e0000)
  eden space 1004160K, 100% used [0x00002ba6bb4e0000,0x00002ba6f8980000,0x00002ba6f8980000)
  from space 22336K, 57% used [0x00002ba6f9f10000,0x00002ba6fab8c450,0x00002ba6fb4e0000)
  to   space 22080K, 0% used [0x00002ba6f8980000,0x00002ba6f8980000,0x00002ba6f9f10000)
 PSOldGen        total 5242880K, used 1775730K [0x00002ba57b4e0000, 0x00002ba6bb4e0000, 0x00002ba6bb4e0000)
  object space 5242880K, 33% used [0x00002ba57b4e0000,0x00002ba5e7afc8a8,0x00002ba6bb4e0000)
 PSPermGen       total 524288K, used 276091K [0x00002ba55b4e0000, 0x00002ba57b4e0000, 0x00002ba57b4e0000)
  object space 524288K, 52% used [0x00002ba55b4e0000,0x00002ba56c27edf0,0x00002ba57b4e0000)
33826.350: [GC [PSYoungGen: 1016945K->15311K(1026240K)] 2792675K->1798924K(6269120K), 0.0275880 secs]
Heap after gc invocations=279:
 PSYoungGen      total 1026240K, used 15311K [0x00002ba6bb4e0000, 0x00002ba6fb4e0000, 0x00002ba6fb4e0000)
  eden space 1004160K, 0% used [0x00002ba6bb4e0000,0x00002ba6bb4e0000,0x00002ba6f8980000)
  from space 22080K, 69% used [0x00002ba6f8980000,0x00002ba6f9873f30,0x00002ba6f9f10000)
  to   space 21440K, 0% used [0x00002ba6f9ff0000,0x00002ba6f9ff0000,0x00002ba6fb4e0000)
 PSOldGen        total 5242880K, used 1783612K [0x00002ba57b4e0000, 0x00002ba6bb4e0000, 0x00002ba6bb4e0000)
  object space 5242880K, 34% used [0x00002ba57b4e0000,0x00002ba5e82af1f0,0x00002ba6bb4e0000)
 PSPermGen       total 524288K, used 276091K [0x00002ba55b4e0000, 0x00002ba57b4e0000, 0x00002ba57b4e0000)
  object space 524288K, 52% used [0x00002ba55b4e0000,0x00002ba56c27edf0,0x00002ba57b4e0000)
}
Total time for which application threads were stopped: 0.1023160 seconds
Application time: 40.2708350 seconds
{Heap before gc invocations=280:
 PSYoungGen      total 1026240K, used 1019471K [0x00002ba6bb4e0000, 0x00002ba6fb4e0000, 0x00002ba6fb4e0000)
  eden space 1004160K, 100% used [0x00002ba6bb4e0000,0x00002ba6f8980000,0x00002ba6f8980000)
  from space 22080K, 69% used [0x00002ba6f8980000,0x00002ba6f9873f30,0x00002ba6f9f10000)
  to   space 21440K, 0% used [0x00002ba6f9ff0000,0x00002ba6f9ff0000,0x00002ba6fb4e0000)
 PSOldGen        total 5242880K, used 1783612K [0x00002ba57b4e0000, 0x00002ba6bb4e0000, 0x00002ba6bb4e0000)
  object space 5242880K, 34% used [0x00002ba57b4e0000,0x00002ba5e82af1f0,0x00002ba6bb4e0000)
 PSPermGen       total 524288K, used 276280K [0x00002ba55b4e0000, 0x00002ba57b4e0000, 0x00002ba57b4e0000)
  object space 524288K, 52% used [0x00002ba55b4e0000,0x00002ba56c2ae1a8,0x00002ba57b4e0000)
33866.751: [GC [PSYoungGen: 1019471K->13808K(1027520K)] 2803084K->1807259K(6270400K), 0.0316010 secs]
Heap after gc invocations=280:
 PSYoungGen      total 1027520K, used 13808K [0x00002ba6bb4e0000, 0x00002ba6fb4e0000, 0x00002ba6fb4e0000)
  eden space 1006080K, 0% used [0x00002ba6bb4e0000,0x00002ba6bb4e0000,0x00002ba6f8b60000)
  from space 21440K, 64% used [0x00002ba6f9ff0000,0x00002ba6fad6c260,0x00002ba6fb4e0000)
  to   space 21056K, 0% used [0x00002ba6f8b60000,0x00002ba6f8b60000,0x00002ba6f9ff0000)
 PSOldGen        total 5242880K, used 1793451K [0x00002ba57b4e0000, 0x00002ba6bb4e0000, 0x00002ba6bb4e0000)
  object space 5242880K, 34% used [0x00002ba57b4e0000,0x00002ba5e8c4ad10,0x00002ba6bb4e0000)
 PSPermGen       total 524288K, used 276280K [0x00002ba55b4e0000, 0x00002ba57b4e0000, 0x00002ba57b4e0000)
  object space 524288K, 52% used [0x00002ba55b4e0000,0x00002ba56c2ae1a8,0x00002ba57b4e0000)
}
Total time for which application threads were stopped: 0.1345750 seconds
Application time: 81.1392690 seconds
{Heap before gc invocations=281:
 PSYoungGen      total 1027520K, used 1019888K [0x00002ba6bb4e0000, 0x00002ba6fb4e0000, 0x00002ba6fb4e0000)
  eden space 1006080K, 100% used [0x00002ba6bb4e0000,0x00002ba6f8b60000,0x00002ba6f8b60000)
  from space 21440K, 64% used [0x00002ba6f9ff0000,0x00002ba6fad6c260,0x00002ba6fb4e0000)
  to   space 21056K, 0% used [0x00002ba6f8b60000,0x00002ba6f8b60000,0x00002ba6f9ff0000)
 PSOldGen        total 5242880K, used 1793451K [0x00002ba57b4e0000, 0x00002ba6bb4e0000, 0x00002ba6bb4e0000)
  object space 5242880K, 34% used [0x00002ba57b4e0000,0x00002ba5e8c4ad10,0x00002ba6bb4e0000)
 PSPermGen       total 524288K, used 276662K [0x00002ba55b4e0000, 0x00002ba57b4e0000, 0x00002ba57b4e0000)
  object space 524288K, 52% used [0x00002ba55b4e0000,0x00002ba56c30d9b0,0x00002ba57b4e0000)
33947.951: [GC [PSYoungGen: 1019888K->18350K(1024448K)] 2813339K->1820187K(6267328K), 0.0384630 secs]
Heap after gc invocations=281:
 PSYoungGen      total 1024448K, used 18350K [0x00002ba6bb4e0000, 0x00002ba6fb4e0000, 0x00002ba6fb4e0000)
  eden space 1006080K, 0% used [0x00002ba6bb4e0000,0x00002ba6bb4e0000,0x00002ba6f8b60000)
  from space 18368K, 99% used [0x00002ba6f8b60000,0x00002ba6f9d4b960,0x00002ba6f9d50000)
  to   space 21696K, 0% used [0x00002ba6f9fb0000,0x00002ba6f9fb0000,0x00002ba6fb4e0000)
 PSOldGen        total 5242880K, used 1801837K [0x00002ba57b4e0000, 0x00002ba6bb4e0000, 0x00002ba6bb4e0000)
  object space 5242880K, 34% used [0x00002ba57b4e0000,0x00002ba5e947b620,0x00002ba6bb4e0000)
 PSPermGen       total 524288K, used 276662K [0x00002ba55b4e0000, 0x00002ba57b4e0000, 0x00002ba57b4e0000)
  object space 524288K, 52% used [0x00002ba55b4e0000,0x00002ba56c30d9b0,0x00002ba57b4e0000)
}
Total time for which application threads were stopped: 0.0665930 seconds
Application time: 49.6263000 seconds
{Heap before gc invocations=282:
 PSYoungGen      total 1024448K, used 1024430K [0x00002ba6bb4e0000, 0x00002ba6fb4e0000, 0x00002ba6fb4e0000)
  eden space 1006080K, 100% used [0x00002ba6bb4e0000,0x00002ba6f8b60000,0x00002ba6f8b60000)
  from space 18368K, 99% used [0x00002ba6f8b60000,0x00002ba6f9d4b960,0x00002ba6f9d50000)
  to   space 21696K, 0% used [0x00002ba6f9fb0000,0x00002ba6f9fb0000,0x00002ba6fb4e0000)
 PSOldGen        total 5242880K, used 1801837K [0x00002ba57b4e0000, 0x00002ba6bb4e0000, 0x00002ba6bb4e0000)
  object space 5242880K, 34% used [0x00002ba57b4e0000,0x00002ba5e947b620,0x00002ba6bb4e0000)
 PSPermGen       total 524288K, used 277363K [0x00002ba55b4e0000, 0x00002ba57b4e0000, 0x00002ba57b4e0000)
  object space 524288K, 52% used [0x00002ba55b4e0000,0x00002ba56c3bcea0,0x00002ba57b4e0000)
33997.669: [GC [PSYoungGen: 1024430K->12681K(1027072K)] 2826267K->1824190K(6269952K), 0.0371920 secs]
Heap after gc invocations=282:
 PSYoungGen      total 1027072K, used 12681K [0x00002ba6bb4e0000, 0x00002ba6fb4e0000, 0x00002ba6fb4e0000)
  eden space 1005376K, 0% used [0x00002ba6bb4e0000,0x00002ba6bb4e0000,0x00002ba6f8ab0000)
  from space 21696K, 58% used [0x00002ba6f9fb0000,0x00002ba6fac12570,0x00002ba6fb4e0000)
  to   space 21504K, 0% used [0x00002ba6f8ab0000,0x00002ba6f8ab0000,0x00002ba6f9fb0000)
 PSOldGen        total 5242880K, used 1811509K [0x00002ba57b4e0000, 0x00002ba6bb4e0000, 0x00002ba6bb4e0000)
  object space 5242880K, 34% used [0x00002ba57b4e0000,0x00002ba5e9ded408,0x00002ba6bb4e0000)
 PSPermGen       total 524288K, used 277363K [0x00002ba55b4e0000, 0x00002ba57b4e0000, 0x00002ba57b4e0000)
  object space 524288K, 52% used [0x00002ba55b4e0000,0x00002ba56c3bcea0,0x00002ba57b4e0000)
}
Total time for which application threads were stopped: 0.0912580 seconds
Application time: 68.5108320 seconds
{Heap before gc invocations=283:
 PSYoungGen      total 1027072K, used 1018057K [0x00002ba6bb4e0000, 0x00002ba6fb4e0000, 0x00002ba6fb4e0000)
  eden space 1005376K, 100% used [0x00002ba6bb4e0000,0x00002ba6f8ab0000,0x00002ba6f8ab0000)
  from space 21696K, 58% used [0x00002ba6f9fb0000,0x00002ba6fac12570,0x00002ba6fb4e0000)
  to   space 21504K, 0% used [0x00002ba6f8ab0000,0x00002ba6f8ab0000,0x00002ba6f9fb0000)
 PSOldGen        total 5242880K, used 1811509K [0x00002ba57b4e0000, 0x00002ba6bb4e0000, 0x00002ba6bb4e0000)
  object space 5242880K, 34% used [0x00002ba57b4e0000,0x00002ba5e9ded408,0x00002ba6bb4e0000)
 PSPermGen       total 524288K, used 278404K [0x00002ba55b4e0000, 0x00002ba57b4e0000, 0x00002ba57b4e0000)
  object space 524288K, 53% used [0x00002ba55b4e0000,0x00002ba56c4c1370,0x00002ba57b4e0000)
34066.293: [GC [PSYoungGen: 1018057K->13949K(1026880K)] 2829566K->1832337K(6269760K), 0.0290980 secs]
Heap after gc invocations=283:
 PSYoungGen      total 1026880K, used 13949K [0x00002ba6bb4e0000, 0x00002ba6fb4e0000, 0x00002ba6fb4e0000)
  eden space 1005376K, 0% used [0x00002ba6bb4e0000,0x00002ba6bb4e0000,0x00002ba6f8ab0000)
  from space 21504K, 64% used [0x00002ba6f8ab0000,0x00002ba6f984f688,0x00002ba6f9fb0000)
  to   space 21056K, 0% used [0x00002ba6fa050000,0x00002ba6fa050000,0x00002ba6fb4e0000)
 PSOldGen        total 5242880K, used 1818387K [0x00002ba57b4e0000, 0x00002ba6bb4e0000, 0x00002ba6bb4e0000)
  object space 5242880K, 34% used [0x00002ba57b4e0000,0x00002ba5ea4a4f98,0x00002ba6bb4e0000)
 PSPermGen       total 524288K, used 278404K [0x00002ba55b4e0000, 0x00002ba57b4e0000, 0x00002ba57b4e0000)
  object space 524288K, 53% used [0x00002ba55b4e0000,0x00002ba56c4c1370,0x00002ba57b4e0000)
}
Total time for which application threads were stopped: 0.1043070 seconds
Application time: 110.1156120 seconds
{Heap before gc invocations=284:
 PSYoungGen      total 1026880K, used 1019325K [0x00002ba6bb4e0000, 0x00002ba6fb4e0000, 0x00002ba6fb4e0000)
  eden space 1005376K, 100% used [0x00002ba6bb4e0000,0x00002ba6f8ab0000,0x00002ba6f8ab0000)
  from space 21504K, 64% used [0x00002ba6f8ab0000,0x00002ba6f984f688,0x00002ba6f9fb0000)
  to   space 21056K, 0% used [0x00002ba6fa050000,0x00002ba6fa050000,0x00002ba6fb4e0000)
 PSOldGen        total 5242880K, used 1818387K [0x00002ba57b4e0000, 0x00002ba6bb4e0000, 0x00002ba6bb4e0000)
  object space 5242880K, 34% used [0x00002ba57b4e0000,0x00002ba5ea4a4f98,0x00002ba6bb4e0000)
 PSPermGen       total 524288K, used 278758K [0x00002ba55b4e0000, 0x00002ba57b4e0000, 0x00002ba57b4e0000)
  object space 524288K, 53% used [0x00002ba55b4e0000,0x00002ba56c5199a8,0x00002ba57b4e0000)
34176.540: [GC [PSYoungGen: 1019325K->14304K(1028032K)] 2837713K->1841774K(6270912K), 0.0278300 secs]
Heap after gc invocations=284:
 PSYoungGen      total 1028032K, used 14304K [0x00002ba6bb4e0000, 0x00002ba6fb4e0000, 0x00002ba6fb4e0000)
  eden space 1006976K, 0% used [0x00002ba6bb4e0000,0x00002ba6bb4e0000,0x00002ba6f8c40000)
  from space 21056K, 67% used [0x00002ba6fa050000,0x00002ba6fae482e0,0x00002ba6fb4e0000)
  to   space 20544K, 0% used [0x00002ba6f8c40000,0x00002ba6f8c40000,0x00002ba6fa050000)
 PSOldGen        total 5242880K, used 1827469K [0x00002ba57b4e0000, 0x00002ba6bb4e0000, 0x00002ba6bb4e0000)
  object space 5242880K, 34% used [0x00002ba57b4e0000,0x00002ba5ead83750,0x00002ba6bb4e0000)
 PSPermGen       total 524288K, used 278758K [0x00002ba55b4e0000, 0x00002ba57b4e0000, 0x00002ba57b4e0000)
  object space 524288K, 53% used [0x00002ba55b4e0000,0x00002ba56c5199a8,0x00002ba57b4e0000)
}
Total time for which application threads were stopped: 0.1305720 seconds
Application time: 76.3375490 seconds
{Heap before gc invocations=285:
 PSYoungGen      total 1028032K, used 1021280K [0x00002ba6bb4e0000, 0x00002ba6fb4e0000, 0x00002ba6fb4e0000)
  eden space 1006976K, 100% used [0x00002ba6bb4e0000,0x00002ba6f8c40000,0x00002ba6f8c40000)
  from space 21056K, 67% used [0x00002ba6fa050000,0x00002ba6fae482e0,0x00002ba6fb4e0000)
  to   space 20544K, 0% used [0x00002ba6f8c40000,0x00002ba6f8c40000,0x00002ba6fa050000)
 PSOldGen        total 5242880K, used 1827469K [0x00002ba57b4e0000, 0x00002ba6bb4e0000, 0x00002ba6bb4e0000)
  object space 5242880K, 34% used [0x00002ba57b4e0000,0x00002ba5ead83750,0x00002ba6bb4e0000)
 PSPermGen       total 524288K, used 279288K [0x00002ba55b4e0000, 0x00002ba57b4e0000, 0x00002ba57b4e0000)
  object space 524288K, 53% used [0x00002ba55b4e0000,0x00002ba56c59e148,0x00002ba57b4e0000)
34252.934: [GC [PSYoungGen: 1021280K->15557K(1027520K)] 2848750K->1852716K(6270400K), 0.0319950 secs]
Heap after gc invocations=285:
 PSYoungGen      total 1027520K, used 15557K [0x00002ba6bb4e0000, 0x00002ba6fb4e0000, 0x00002ba6fb4e0000)
  eden space 1006976K, 0% used [0x00002ba6bb4e0000,0x00002ba6bb4e0000,0x00002ba6f8c40000)
  from space 20544K, 75% used [0x00002ba6f8c40000,0x00002ba6f9b71588,0x00002ba6fa050000)
  to   space 20224K, 0% used [0x00002ba6fa120000,0x00002ba6fa120000,0x00002ba6fb4e0000)
 PSOldGen        total 5242880K, used 1837158K [0x00002ba57b4e0000, 0x00002ba6bb4e0000, 0x00002ba6bb4e0000)
  object space 5242880K, 35% used [0x00002ba57b4e0000,0x00002ba5eb6f9af8,0x00002ba6bb4e0000)
 PSPermGen       total 524288K, used 279288K [0x00002ba55b4e0000, 0x00002ba57b4e0000, 0x00002ba57b4e0000)
  object space 524288K, 53% used [0x00002ba55b4e0000,0x00002ba56c59e148,0x00002ba57b4e0000)
}
Total time for which application threads were stopped: 0.0605330 seconds
Application time: 82.3086330 seconds
{Heap before gc invocations=286:
 PSYoungGen      total 1027520K, used 1022533K [0x00002ba6bb4e0000, 0x00002ba6fb4e0000, 0x00002ba6fb4e0000)
  eden space 1006976K, 100% used [0x00002ba6bb4e0000,0x00002ba6f8c40000,0x00002ba6f8c40000)
  from space 20544K, 75% used [0x00002ba6f8c40000,0x00002ba6f9b71588,0x00002ba6fa050000)
  to   space 20224K, 0% used [0x00002ba6fa120000,0x00002ba6fa120000,0x00002ba6fb4e0000)
 PSOldGen        total 5242880K, used 1837158K [0x00002ba57b4e0000, 0x00002ba6bb4e0000, 0x00002ba6bb4e0000)
  object space 5242880K, 35% used [0x00002ba57b4e0000,0x00002ba5eb6f9af8,0x00002ba6bb4e0000)
 PSPermGen       total 524288K, used 279979K [0x00002ba55b4e0000, 0x00002ba57b4e0000, 0x00002ba57b4e0000)
  object space 524288K, 53% used [0x00002ba55b4e0000,0x00002ba56c64ae70,0x00002ba57b4e0000)
34335.328: [GC [PSYoungGen: 1022533K->15538K(1028672K)] 2859692K->1860636K(6271552K), 0.0260230 secs]
Heap after gc invocations=286:
 PSYoungGen      total 1028672K, used 15538K [0x00002ba6bb4e0000, 0x00002ba6fb4e0000, 0x00002ba6fb4e0000)
  eden space 1008448K, 0% used [0x00002ba6bb4e0000,0x00002ba6bb4e0000,0x00002ba6f8db0000)
  from space 20224K, 76% used [0x00002ba6fa120000,0x00002ba6fb04ca08,0x00002ba6fb4e0000)
  to   space 19904K, 0% used [0x00002ba6f8db0000,0x00002ba6f8db0000,0x00002ba6fa120000)
 PSOldGen        total 5242880K, used 1845097K [0x00002ba57b4e0000, 0x00002ba6bb4e0000, 0x00002ba6bb4e0000)
  object space 5242880K, 35% used [0x00002ba57b4e0000,0x00002ba5ebeba7a0,0x00002ba6bb4e0000)
 PSPermGen       total 524288K, used 279979K [0x00002ba55b4e0000, 0x00002ba57b4e0000, 0x00002ba57b4e0000)
  object space 524288K, 53% used [0x00002ba55b4e0000,0x00002ba56c64ae70,0x00002ba57b4e0000)
}
Total time for which application threads were stopped: 0.0796850 seconds
Application time: 76.0077010 seconds
{Heap before gc invocations=287:
 PSYoungGen      total 1028672K, used 1023986K [0x00002ba6bb4e0000, 0x00002ba6fb4e0000, 0x00002ba6fb4e0000)
  eden space 1008448K, 100% used [0x00002ba6bb4e0000,0x00002ba6f8db0000,0x00002ba6f8db0000)
  from space 20224K, 76% used [0x00002ba6fa120000,0x00002ba6fb04ca08,0x00002ba6fb4e0000)
  to   space 19904K, 0% used [0x00002ba6f8db0000,0x00002ba6f8db0000,0x00002ba6fa120000)
 PSOldGen        total 5242880K, used 1845097K [0x00002ba57b4e0000, 0x00002ba6bb4e0000, 0x00002ba6bb4e0000)
  object space 5242880K, 35% used [0x00002ba57b4e0000,0x00002ba5ebeba7a0,0x00002ba6bb4e0000)
 PSPermGen       total 524288K, used 280338K [0x00002ba55b4e0000, 0x00002ba57b4e0000, 0x00002ba57b4e0000)
  object space 524288K, 53% used [0x00002ba55b4e0000,0x00002ba56c6a4b10,0x00002ba57b4e0000)
34411.437: [GC [PSYoungGen: 1023986K->13601K(1028352K)] 2869084K->1870418K(6271232K), 0.0274700 secs]
Heap after gc invocations=287:
 PSYoungGen      total 1028352K, used 13601K [0x00002ba6bb4e0000, 0x00002ba6fb4e0000, 0x00002ba6fb4e0000)
  eden space 1008448K, 0% used [0x00002ba6bb4e0000,0x00002ba6bb4e0000,0x00002ba6f8db0000)
  from space 19904K, 68% used [0x00002ba6f8db0000,0x00002ba6f9af85e0,0x00002ba6fa120000)
  to   space 19648K, 0% used [0x00002ba6fa1b0000,0x00002ba6fa1b0000,0x00002ba6fb4e0000)
 PSOldGen        total 5242880K, used 1856816K [0x00002ba57b4e0000, 0x00002ba6bb4e0000, 0x00002ba6bb4e0000)
  object space 5242880K, 35% used [0x00002ba57b4e0000,0x00002ba5eca2c358,0x00002ba6bb4e0000)
 PSPermGen       total 524288K, used 280338K [0x00002ba55b4e0000, 0x00002ba57b4e0000, 0x00002ba57b4e0000)
  object space 524288K, 53% used [0x00002ba55b4e0000,0x00002ba56c6a4b10,0x00002ba57b4e0000)
}
Total time for which application threads were stopped: 0.1027750 seconds
Application time: 68.8950670 seconds
{Heap before gc invocations=288:
 PSYoungGen      total 1028352K, used 1022049K [0x00002ba6bb4e0000, 0x00002ba6fb4e0000, 0x00002ba6fb4e0000)
  eden space 1008448K, 100% used [0x00002ba6bb4e0000,0x00002ba6f8db0000,0x00002ba6f8db0000)
  from space 19904K, 68% used [0x00002ba6f8db0000,0x00002ba6f9af85e0,0x00002ba6fa120000)
  to   space 19648K, 0% used [0x00002ba6fa1b0000,0x00002ba6fa1b0000,0x00002ba6fb4e0000)
 PSOldGen        total 5242880K, used 1856816K [0x00002ba57b4e0000, 0x00002ba6bb4e0000, 0x00002ba6bb4e0000)
  object space 5242880K, 35% used [0x00002ba57b4e0000,0x00002ba5eca2c358,0x00002ba6bb4e0000)
 PSPermGen       total 524288K, used 280346K [0x00002ba55b4e0000, 0x00002ba57b4e0000, 0x00002ba57b4e0000)
  object space 524288K, 53% used [0x00002ba55b4e0000,0x00002ba56c6a6890,0x00002ba57b4e0000)
34480.463: [GC [PSYoungGen: 1022049K->19623K(1018560K)] 2878866K->1886918K(6261440K), 0.0691840 secs]
Heap after gc invocations=288:
 PSYoungGen      total 1018560K, used 19623K [0x00002ba6bb4e0000, 0x00002ba6fb4e0000, 0x00002ba6fb4e0000)
  eden space 998912K, 0% used [0x00002ba6bb4e0000,0x00002ba6bb4e0000,0x00002ba6f8460000)
  from space 19648K, 99% used [0x00002ba6fa1b0000,0x00002ba6fb4d9c48,0x00002ba6fb4e0000)
  to   space 24832K, 0% used [0x00002ba6f8460000,0x00002ba6f8460000,0x00002ba6f9ca0000)
 PSOldGen        total 5242880K, used 1867295K [0x00002ba57b4e0000, 0x00002ba6bb4e0000, 0x00002ba6bb4e0000)
  object space 5242880K, 35% used [0x00002ba57b4e0000,0x00002ba5ed467f40,0x00002ba6bb4e0000)
 PSPermGen       total 524288K, used 280346K [0x00002ba55b4e0000, 0x00002ba57b4e0000, 0x00002ba57b4e0000)
  object space 524288K, 53% used [0x00002ba55b4e0000,0x00002ba56c6a6890,0x00002ba57b4e0000)
}
Total time for which application threads were stopped: 0.1721520 seconds
Application time: 6.4020060 seconds
{Heap before gc invocations=289:
 PSYoungGen      total 1018560K, used 1018535K [0x00002ba6bb4e0000, 0x00002ba6fb4e0000, 0x00002ba6fb4e0000)
  eden space 998912K, 100% used [0x00002ba6bb4e0000,0x00002ba6f8460000,0x00002ba6f8460000)
  from space 19648K, 99% used [0x00002ba6fa1b0000,0x00002ba6fb4d9c48,0x00002ba6fb4e0000)
  to   space 24832K, 0% used [0x00002ba6f8460000,0x00002ba6f8460000,0x00002ba6f9ca0000)
 PSOldGen        total 5242880K, used 1867295K [0x00002ba57b4e0000, 0x00002ba6bb4e0000, 0x00002ba6bb4e0000)
  object space 5242880K, 35% used [0x00002ba57b4e0000,0x00002ba5ed467f40,0x00002ba6bb4e0000)
 PSPermGen       total 524288K, used 280752K [0x00002ba55b4e0000, 0x00002ba57b4e0000, 0x00002ba57b4e0000)
  object space 524288K, 53% used [0x00002ba55b4e0000,0x00002ba56c70c200,0x00002ba57b4e0000)
34518.079: [GC [PSYoungGen: 1018535K->14324K(1023744K)] 2885830K->1888903K(6266624K), 0.0329140 secs]
Heap after gc invocations=289:
 PSYoungGen      total 1023744K, used 14324K [0x00002ba6bb4e0000, 0x00002ba6fb4e0000, 0x00002ba6fb4e0000)
  eden space 998912K, 0% used [0x00002ba6bb4e0000,0x00002ba6bb4e0000,0x00002ba6f8460000)
  from space 24832K, 57% used [0x00002ba6f8460000,0x00002ba6f925d180,0x00002ba6f9ca0000)
  to   space 24320K, 0% used [0x00002ba6f9d20000,0x00002ba6f9d20000,0x00002ba6fb4e0000)
 PSOldGen        total 5242880K, used 1874578K [0x00002ba57b4e0000, 0x00002ba6bb4e0000, 0x00002ba6bb4e0000)
  object space 5242880K, 35% used [0x00002ba57b4e0000,0x00002ba5edb84b20,0x00002ba6bb4e0000)
 PSPermGen       total 524288K, used 280752K [0x00002ba55b4e0000, 0x00002ba57b4e0000, 0x00002ba57b4e0000)
  object space 524288K, 53% used [0x00002ba55b4e0000,0x00002ba56c70c200,0x00002ba57b4e0000)
}
Total time for which application threads were stopped: 0.0867030 seconds
Application time: 36.0292270 seconds
{Heap before gc invocations=290:
 PSYoungGen      total 1023744K, used 1013236K [0x00002ba6bb4e0000, 0x00002ba6fb4e0000, 0x00002ba6fb4e0000)
  eden space 998912K, 100% used [0x00002ba6bb4e0000,0x00002ba6f8460000,0x00002ba6f8460000)
  from space 24832K, 57% used [0x00002ba6f8460000,0x00002ba6f925d180,0x00002ba6f9ca0000)
  to   space 24320K, 0% used [0x00002ba6f9d20000,0x00002ba6f9d20000,0x00002ba6fb4e0000)
 PSOldGen        total 5242880K, used 1874578K [0x00002ba57b4e0000, 0x00002ba6bb4e0000, 0x00002ba6bb4e0000)
  object space 5242880K, 35% used [0x00002ba57b4e0000,0x00002ba5edb84b20,0x00002ba6bb4e0000)
 PSPermGen       total 524288K, used 281498K [0x00002ba55b4e0000, 0x00002ba57b4e0000, 0x00002ba57b4e0000)
  object space 524288K, 53% used [0x00002ba55b4e0000,0x00002ba56c7c6ad8,0x00002ba57b4e0000)
34554.216: [GC [PSYoungGen: 1013236K->16833K(1024768K)] 2887815K->1899284K(6267648K), 0.0381710 secs]
Heap after gc invocations=290:
 PSYoungGen      total 1024768K, used 16833K [0x00002ba6bb4e0000, 0x00002ba6fb4e0000, 0x00002ba6fb4e0000)
  eden space 1000448K, 0% used [0x00002ba6bb4e0000,0x00002ba6bb4e0000,0x00002ba6f85e0000)
  from space 24320K, 69% used [0x00002ba6f9d20000,0x00002ba6fad906c0,0x00002ba6fb4e0000)
  to   space 23808K, 0% used [0x00002ba6f85e0000,0x00002ba6f85e0000,0x00002ba6f9d20000)
 PSOldGen        total 5242880K, used 1882450K [0x00002ba57b4e0000, 0x00002ba6bb4e0000, 0x00002ba6bb4e0000)
  object space 5242880K, 35% used [0x00002ba57b4e0000,0x00002ba5ee3349e0,0x00002ba6bb4e0000)
 PSPermGen       total 524288K, used 281498K [0x00002ba55b4e0000, 0x00002ba57b4e0000, 0x00002ba57b4e0000)
  object space 524288K, 53% used [0x00002ba55b4e0000,0x00002ba56c7c6ad8,0x00002ba57b4e0000)
}
Total time for which application threads were stopped: 0.1131090 seconds
Application time: 47.5984520 seconds
{Heap before gc invocations=291:
 PSYoungGen      total 1024768K, used 1017281K [0x00002ba6bb4e0000, 0x00002ba6fb4e0000, 0x00002ba6fb4e0000)
  eden space 1000448K, 100% used [0x00002ba6bb4e0000,0x00002ba6f85e0000,0x00002ba6f85e0000)
  from space 24320K, 69% used [0x00002ba6f9d20000,0x00002ba6fad906c0,0x00002ba6fb4e0000)
  to   space 23808K, 0% used [0x00002ba6f85e0000,0x00002ba6f85e0000,0x00002ba6f9d20000)
 PSOldGen        total 5242880K, used 1882450K [0x00002ba57b4e0000, 0x00002ba6bb4e0000, 0x00002ba6bb4e0000)
  object space 5242880K, 35% used [0x00002ba57b4e0000,0x00002ba5ee3349e0,0x00002ba6bb4e0000)
 PSPermGen       total 524288K, used 281879K [0x00002ba55b4e0000, 0x00002ba57b4e0000, 0x00002ba57b4e0000)
  object space 524288K, 53% used [0x00002ba55b4e0000,0x00002ba56c825e10,0x00002ba57b4e0000)
34601.957: [GC [PSYoungGen: 1017281K->15510K(1024256K)] 2899732K->1906497K(6267136K), 0.0290030 secs]
Heap after gc invocations=291:
 PSYoungGen      total 1024256K, used 15510K [0x00002ba6bb4e0000, 0x00002ba6fb4e0000, 0x00002ba6fb4e0000)
  eden space 1000448K, 0% used [0x00002ba6bb4e0000,0x00002ba6bb4e0000,0x00002ba6f85e0000)
  from space 23808K, 65% used [0x00002ba6f85e0000,0x00002ba6f9505be8,0x00002ba6f9d20000)
  to   space 23168K, 0% used [0x00002ba6f9e40000,0x00002ba6f9e40000,0x00002ba6fb4e0000)
 PSOldGen        total 5242880K, used 1890986K [0x00002ba57b4e0000, 0x00002ba6bb4e0000, 0x00002ba6bb4e0000)
  object space 5242880K, 36% used [0x00002ba57b4e0000,0x00002ba5eeb8a890,0x00002ba6bb4e0000)
 PSPermGen       total 524288K, used 281879K [0x00002ba55b4e0000, 0x00002ba57b4e0000, 0x00002ba57b4e0000)
  object space 524288K, 53% used [0x00002ba55b4e0000,0x00002ba56c825e10,0x00002ba57b4e0000)
}
Total time for which application threads were stopped: 0.1327310 seconds
Application time: 1.8787130 seconds
{Heap before gc invocations=292:
 PSYoungGen      total 1024256K, used 1015958K [0x00002ba6bb4e0000, 0x00002ba6fb4e0000, 0x00002ba6fb4e0000)
  eden space 1000448K, 100% used [0x00002ba6bb4e0000,0x00002ba6f85e0000,0x00002ba6f85e0000)
  from space 23808K, 65% used [0x00002ba6f85e0000,0x00002ba6f9505be8,0x00002ba6f9d20000)
  to   space 23168K, 0% used [0x00002ba6f9e40000,0x00002ba6f9e40000,0x00002ba6fb4e0000)
 PSOldGen        total 5242880K, used 1890986K [0x00002ba57b4e0000, 0x00002ba6bb4e0000, 0x00002ba6bb4e0000)
  object space 5242880K, 36% used [0x00002ba57b4e0000,0x00002ba5eeb8a890,0x00002ba6bb4e0000)
 PSPermGen       total 524288K, used 282400K [0x00002ba55b4e0000, 0x00002ba57b4e0000, 0x00002ba57b4e0000)
  object space 524288K, 53% used [0x00002ba55b4e0000,0x00002ba56c8a83e0,0x00002ba57b4e0000)
34634.929: [GC [PSYoungGen: 1015958K->21632K(1022848K)] 2906945K->1923380K(6265728K), 0.0621940 secs]
Heap after gc invocations=292:
 PSYoungGen      total 1022848K, used 21632K [0x00002ba6bb4e0000, 0x00002ba6fb4e0000, 0x00002ba6fb4e0000)
  eden space 999680K, 0% used [0x00002ba6bb4e0000,0x00002ba6bb4e0000,0x00002ba6f8520000)
  from space 23168K, 93% used [0x00002ba6f9e40000,0x00002ba6fb360278,0x00002ba6fb4e0000)
  to   space 24448K, 0% used [0x00002ba6f8520000,0x00002ba6f8520000,0x00002ba6f9d00000)
 PSOldGen        total 5242880K, used 1901747K [0x00002ba57b4e0000, 0x00002ba6bb4e0000, 0x00002ba6bb4e0000)
  object space 5242880K, 36% used [0x00002ba57b4e0000,0x00002ba5ef60ce28,0x00002ba6bb4e0000)
 PSPermGen       total 524288K, used 282400K [0x00002ba55b4e0000, 0x00002ba57b4e0000, 0x00002ba57b4e0000)
  object space 524288K, 53% used [0x00002ba55b4e0000,0x00002ba56c8a83e0,0x00002ba57b4e0000)
}
Total time for which application threads were stopped: 0.0640090 seconds
Application time: 42.2075190 seconds
{Heap before gc invocations=293:
 PSYoungGen      total 1022848K, used 1021312K [0x00002ba6bb4e0000, 0x00002ba6fb4e0000, 0x00002ba6fb4e0000)
  eden space 999680K, 100% used [0x00002ba6bb4e0000,0x00002ba6f8520000,0x00002ba6f8520000)
  from space 23168K, 93% used [0x00002ba6f9e40000,0x00002ba6fb360278,0x00002ba6fb4e0000)
  to   space 24448K, 0% used [0x00002ba6f8520000,0x00002ba6f8520000,0x00002ba6f9d00000)
 PSOldGen        total 5242880K, used 1901747K [0x00002ba57b4e0000, 0x00002ba6bb4e0000, 0x00002ba6bb4e0000)
  object space 5242880K, 36% used [0x00002ba57b4e0000,0x00002ba5ef60ce28,0x00002ba6bb4e0000)
 PSPermGen       total 524288K, used 285020K [0x00002ba55b4e0000, 0x00002ba57b4e0000, 0x00002ba57b4e0000)
  object space 524288K, 54% used [0x00002ba55b4e0000,0x00002ba56cb37180,0x00002ba57b4e0000)
34677.200: [GC [PSYoungGen: 1021312K->15505K(1024128K)] 2923060K->1927195K(6267008K), 0.0292080 secs]
Heap after gc invocations=293:
 PSYoungGen      total 1024128K, used 15505K [0x00002ba6bb4e0000, 0x00002ba6fb4e0000, 0x00002ba6fb4e0000)
  eden space 999680K, 0% used [0x00002ba6bb4e0000,0x00002ba6bb4e0000,0x00002ba6f8520000)
  from space 24448K, 63% used [0x00002ba6f8520000,0x00002ba6f9444518,0x00002ba6f9d00000)
  to   space 23936K, 0% used [0x00002ba6f9d80000,0x00002ba6f9d80000,0x00002ba6fb4e0000)
 PSOldGen        total 5242880K, used 1911689K [0x00002ba57b4e0000, 0x00002ba6bb4e0000, 0x00002ba6bb4e0000)
  object space 5242880K, 36% used [0x00002ba57b4e0000,0x00002ba5effc2730,0x00002ba6bb4e0000)
 PSPermGen       total 524288K, used 285020K [0x00002ba55b4e0000, 0x00002ba57b4e0000, 0x00002ba57b4e0000)
  object space 524288K, 54% used [0x00002ba55b4e0000,0x00002ba56cb37180,0x00002ba57b4e0000)
}
Total time for which application threads were stopped: 0.0307450 seconds
Application time: 46.5664090 seconds
{Heap before gc invocations=294:
 PSYoungGen      total 1024128K, used 1015185K [0x00002ba6bb4e0000, 0x00002ba6fb4e0000, 0x00002ba6fb4e0000)
  eden space 999680K, 100% used [0x00002ba6bb4e0000,0x00002ba6f8520000,0x00002ba6f8520000)
  from space 24448K, 63% used [0x00002ba6f8520000,0x00002ba6f9444518,0x00002ba6f9d00000)
  to   space 23936K, 0% used [0x00002ba6f9d80000,0x00002ba6f9d80000,0x00002ba6fb4e0000)
 PSOldGen        total 5242880K, used 1911689K [0x00002ba57b4e0000, 0x00002ba6bb4e0000, 0x00002ba6bb4e0000)
  object space 5242880K, 36% used [0x00002ba57b4e0000,0x00002ba5effc2730,0x00002ba6bb4e0000)
 PSPermGen       total 524288K, used 285400K [0x00002ba55b4e0000, 0x00002ba57b4e0000, 0x00002ba57b4e0000)
  object space 524288K, 54% used [0x00002ba55b4e0000,0x00002ba56cb96108,0x00002ba57b4e0000)
34723.798: [GC [PSYoungGen: 1015185K->14880K(1025088K)] 2926875K->1936782K(6267968K), 0.0371520 secs]
Heap after gc invocations=294:
 PSYoungGen      total 1025088K, used 14880K [0x00002ba6bb4e0000, 0x00002ba6fb4e0000, 0x00002ba6fb4e0000)
  eden space 1001152K, 0% used [0x00002ba6bb4e0000,0x00002ba6bb4e0000,0x00002ba6f8690000)
  from space 23936K, 62% used [0x00002ba6f9d80000,0x00002ba6fac08160,0x00002ba6fb4e0000)
  to   space 23488K, 0% used [0x00002ba6f8690000,0x00002ba6f8690000,0x00002ba6f9d80000)
 PSOldGen        total 5242880K, used 1921902K [0x00002ba57b4e0000, 0x00002ba6bb4e0000, 0x00002ba6bb4e0000)
  object space 5242880K, 36% used [0x00002ba57b4e0000,0x00002ba5f09bb880,0x00002ba6bb4e0000)
 PSPermGen       total 524288K, used 285400K [0x00002ba55b4e0000, 0x00002ba57b4e0000, 0x00002ba57b4e0000)
  object space 524288K, 54% used [0x00002ba55b4e0000,0x00002ba56cb96108,0x00002ba57b4e0000)
}
Total time for which application threads were stopped: 0.0389310 seconds
Application time: 62.3654490 seconds
{Heap before gc invocations=295:
 PSYoungGen      total 1025088K, used 1016032K [0x00002ba6bb4e0000, 0x00002ba6fb4e0000, 0x00002ba6fb4e0000)
  eden space 1001152K, 100% used [0x00002ba6bb4e0000,0x00002ba6f8690000,0x00002ba6f8690000)
  from space 23936K, 62% used [0x00002ba6f9d80000,0x00002ba6fac08160,0x00002ba6fb4e0000)
  to   space 23488K, 0% used [0x00002ba6f8690000,0x00002ba6f8690000,0x00002ba6f9d80000)
 PSOldGen        total 5242880K, used 1921902K [0x00002ba57b4e0000, 0x00002ba6bb4e0000, 0x00002ba6bb4e0000)
  object space 5242880K, 36% used [0x00002ba57b4e0000,0x00002ba5f09bb880,0x00002ba6bb4e0000)
 PSPermGen       total 524288K, used 285925K [0x00002ba55b4e0000, 0x00002ba57b4e0000, 0x00002ba57b4e0000)
  object space 524288K, 54% used [0x00002ba55b4e0000,0x00002ba56cc195b0,0x00002ba57b4e0000)
34786.202: [GC [PSYoungGen: 1016032K->15566K(1024640K)] 2937934K->1945892K(6267520K), 0.0331530 secs]
Heap after gc invocations=295:
 PSYoungGen      total 1024640K, used 15566K [0x00002ba6bb4e0000, 0x00002ba6fb4e0000, 0x00002ba6fb4e0000)
  eden space 1001152K, 0% used [0x00002ba6bb4e0000,0x00002ba6bb4e0000,0x00002ba6f8690000)
  from space 23488K, 66% used [0x00002ba6f8690000,0x00002ba6f95c3978,0x00002ba6f9d80000)
  to   space 22912K, 0% used [0x00002ba6f9e80000,0x00002ba6f9e80000,0x00002ba6fb4e0000)
 PSOldGen        total 5242880K, used 1930326K [0x00002ba57b4e0000, 0x00002ba6bb4e0000, 0x00002ba6bb4e0000)
  object space 5242880K, 36% used [0x00002ba57b4e0000,0x00002ba5f11f5998,0x00002ba6bb4e0000)
 PSPermGen       total 524288K, used 285925K [0x00002ba55b4e0000, 0x00002ba57b4e0000, 0x00002ba57b4e0000)
  object space 524288K, 54% used [0x00002ba55b4e0000,0x00002ba56cc195b0,0x00002ba57b4e0000)
}
Total time for which application threads were stopped: 0.0350370 seconds
Application time: 54.6833090 seconds
{Heap before gc invocations=296:
 PSYoungGen      total 1024640K, used 1016718K [0x00002ba6bb4e0000, 0x00002ba6fb4e0000, 0x00002ba6fb4e0000)
  eden space 1001152K, 100% used [0x00002ba6bb4e0000,0x00002ba6f8690000,0x00002ba6f8690000)
  from space 23488K, 66% used [0x00002ba6f8690000,0x00002ba6f95c3978,0x00002ba6f9d80000)
  to   space 22912K, 0% used [0x00002ba6f9e80000,0x00002ba6f9e80000,0x00002ba6fb4e0000)
 PSOldGen        total 5242880K, used 1930326K [0x00002ba57b4e0000, 0x00002ba6bb4e0000, 0x00002ba6bb4e0000)
  object space 5242880K, 36% used [0x00002ba57b4e0000,0x00002ba5f11f5998,0x00002ba6bb4e0000)
 PSPermGen       total 524288K, used 286825K [0x00002ba55b4e0000, 0x00002ba57b4e0000, 0x00002ba57b4e0000)
  object space 524288K, 54% used [0x00002ba55b4e0000,0x00002ba56ccfa7f0,0x00002ba57b4e0000)
34840.920: [GC [PSYoungGen: 1016718K->17230K(1025984K)] 2947044K->1956678K(6268864K), 0.0385170 secs]
Heap after gc invocations=296:
 PSYoungGen      total 1025984K, used 17230K [0x00002ba6bb4e0000, 0x00002ba6fb4e0000, 0x00002ba6fb4e0000)
  eden space 1003072K, 0% used [0x00002ba6bb4e0000,0x00002ba6bb4e0000,0x00002ba6f8870000)
  from space 22912K, 75% used [0x00002ba6f9e80000,0x00002ba6faf53ad8,0x00002ba6fb4e0000)
  to   space 22592K, 0% used [0x00002ba6f8870000,0x00002ba6f8870000,0x00002ba6f9e80000)
 PSOldGen        total 5242880K, used 1939448K [0x00002ba57b4e0000, 0x00002ba6bb4e0000, 0x00002ba6bb4e0000)
  object space 5242880K, 36% used [0x00002ba57b4e0000,0x00002ba5f1ade0c0,0x00002ba6bb4e0000)
 PSPermGen       total 524288K, used 286825K [0x00002ba55b4e0000, 0x00002ba57b4e0000, 0x00002ba57b4e0000)
  object space 524288K, 54% used [0x00002ba55b4e0000,0x00002ba56ccfa7f0,0x00002ba57b4e0000)
}
Total time for which application threads were stopped: 0.0402770 seconds
Application time: 36.9273650 seconds
{Heap before gc invocations=297:
 PSYoungGen      total 1025984K, used 1020302K [0x00002ba6bb4e0000, 0x00002ba6fb4e0000, 0x00002ba6fb4e0000)
  eden space 1003072K, 100% used [0x00002ba6bb4e0000,0x00002ba6f8870000,0x00002ba6f8870000)
  from space 22912K, 75% used [0x00002ba6f9e80000,0x00002ba6faf53ad8,0x00002ba6fb4e0000)
  to   space 22592K, 0% used [0x00002ba6f8870000,0x00002ba6f8870000,0x00002ba6f9e80000)
 PSOldGen        total 5242880K, used 1939448K [0x00002ba57b4e0000, 0x00002ba6bb4e0000, 0x00002ba6bb4e0000)
  object space 5242880K, 36% used [0x00002ba57b4e0000,0x00002ba5f1ade0c0,0x00002ba6bb4e0000)
 PSPermGen       total 524288K, used 287257K [0x00002ba55b4e0000, 0x00002ba57b4e0000, 0x00002ba57b4e0000)
  object space 524288K, 54% used [0x00002ba55b4e0000,0x00002ba56cd665e8,0x00002ba57b4e0000)
34877.888: [GC [PSYoungGen: 1020302K->14942K(1025664K)] 2959750K->1963725K(6268544K), 0.0283580 secs]
Heap after gc invocations=297:
 PSYoungGen      total 1025664K, used 14942K [0x00002ba6bb4e0000, 0x00002ba6fb4e0000, 0x00002ba6fb4e0000)
  eden space 1003072K, 0% used [0x00002ba6bb4e0000,0x00002ba6bb4e0000,0x00002ba6f8870000)
  from space 22592K, 66% used [0x00002ba6f8870000,0x00002ba6f9707af0,0x00002ba6f9e80000)
  to   space 22208K, 0% used [0x00002ba6f9f30000,0x00002ba6f9f30000,0x00002ba6fb4e0000)
 PSOldGen        total 5242880K, used 1948782K [0x00002ba57b4e0000, 0x00002ba6bb4e0000, 0x00002ba6bb4e0000)
  object space 5242880K, 37% used [0x00002ba57b4e0000,0x00002ba5f23fbbe8,0x00002ba6bb4e0000)
 PSPermGen       total 524288K, used 287257K [0x00002ba55b4e0000, 0x00002ba57b4e0000, 0x00002ba57b4e0000)
  object space 524288K, 54% used [0x00002ba55b4e0000,0x00002ba56cd665e8,0x00002ba57b4e0000)
}
Total time for which application threads were stopped: 0.0299950 seconds
Application time: 65.7179010 seconds
{Heap before gc invocations=298:
 PSYoungGen      total 1025664K, used 1018014K [0x00002ba6bb4e0000, 0x00002ba6fb4e0000, 0x00002ba6fb4e0000)
  eden space 1003072K, 100% used [0x00002ba6bb4e0000,0x00002ba6f8870000,0x00002ba6f8870000)
  from space 22592K, 66% used [0x00002ba6f8870000,0x00002ba6f9707af0,0x00002ba6f9e80000)
  to   space 22208K, 0% used [0x00002ba6f9f30000,0x00002ba6f9f30000,0x00002ba6fb4e0000)
 PSOldGen        total 5242880K, used 1948782K [0x00002ba57b4e0000, 0x00002ba6bb4e0000, 0x00002ba6bb4e0000)
  object space 5242880K, 37% used [0x00002ba57b4e0000,0x00002ba5f23fbbe8,0x00002ba6bb4e0000)
 PSPermGen       total 524288K, used 288071K [0x00002ba55b4e0000, 0x00002ba57b4e0000, 0x00002ba57b4e0000)
  object space 524288K, 54% used [0x00002ba55b4e0000,0x00002ba56ce31c30,0x00002ba57b4e0000)
34943.636: [GC [PSYoungGen: 1018014K->17266K(1026560K)] 2966797K->1974790K(6269440K), 0.0424310 secs]
Heap after gc invocations=298:
 PSYoungGen      total 1026560K, used 17266K [0x00002ba6bb4e0000, 0x00002ba6fb4e0000, 0x00002ba6fb4e0000)
  eden space 1004352K, 0% used [0x00002ba6bb4e0000,0x00002ba6bb4e0000,0x00002ba6f89b0000)
  from space 22208K, 77% used [0x00002ba6f9f30000,0x00002ba6fb00c9d8,0x00002ba6fb4e0000)
  to   space 22016K, 0% used [0x00002ba6f89b0000,0x00002ba6f89b0000,0x00002ba6f9f30000)
 PSOldGen        total 5242880K, used 1957524K [0x00002ba57b4e0000, 0x00002ba6bb4e0000, 0x00002ba6bb4e0000)
  object space 5242880K, 37% used [0x00002ba57b4e0000,0x00002ba5f2c850c0,0x00002ba6bb4e0000)
 PSPermGen       total 524288K, used 288071K [0x00002ba55b4e0000, 0x00002ba57b4e0000, 0x00002ba57b4e0000)
  object space 524288K, 54% used [0x00002ba55b4e0000,0x00002ba56ce31c30,0x00002ba57b4e0000)
}
Total time for which application threads were stopped: 0.0442170 seconds
Application time: 75.1430590 seconds
{Heap before gc invocations=299:
 PSYoungGen      total 1026560K, used 1021618K [0x00002ba6bb4e0000, 0x00002ba6fb4e0000, 0x00002ba6fb4e0000)
  eden space 1004352K, 100% used [0x00002ba6bb4e0000,0x00002ba6f89b0000,0x00002ba6f89b0000)
  from space 22208K, 77% used [0x00002ba6f9f30000,0x00002ba6fb00c9d8,0x00002ba6fb4e0000)
  to   space 22016K, 0% used [0x00002ba6f89b0000,0x00002ba6f89b0000,0x00002ba6f9f30000)
 PSOldGen        total 5242880K, used 1957524K [0x00002ba57b4e0000, 0x00002ba6bb4e0000, 0x00002ba6bb4e0000)
  object space 5242880K, 37% used [0x00002ba57b4e0000,0x00002ba5f2c850c0,0x00002ba6bb4e0000)
 PSPermGen       total 524288K, used 289113K [0x00002ba55b4e0000, 0x00002ba57b4e0000, 0x00002ba57b4e0000)
  object space 524288K, 55% used [0x00002ba55b4e0000,0x00002ba56cf36628,0x00002ba57b4e0000)
35018.823: [GC [PSYoungGen: 1021618K->15092K(1026368K)] 2979142K->1981557K(6269248K), 0.0260610 secs]
Heap after gc invocations=299:
 PSYoungGen      total 1026368K, used 15092K [0x00002ba6bb4e0000, 0x00002ba6fb4e0000, 0x00002ba6fb4e0000)
  eden space 1004352K, 0% used [0x00002ba6bb4e0000,0x00002ba6bb4e0000,0x00002ba6f89b0000)
  from space 22016K, 68% used [0x00002ba6f89b0000,0x00002ba6f986d210,0x00002ba6f9f30000)
  to   space 21696K, 0% used [0x00002ba6f9fb0000,0x00002ba6f9fb0000,0x00002ba6fb4e0000)
 PSOldGen        total 5242880K, used 1966464K [0x00002ba57b4e0000, 0x00002ba6bb4e0000, 0x00002ba6bb4e0000)
  object space 5242880K, 37% used [0x00002ba57b4e0000,0x00002ba5f3540250,0x00002ba6bb4e0000)
 PSPermGen       total 524288K, used 289113K [0x00002ba55b4e0000, 0x00002ba57b4e0000, 0x00002ba57b4e0000)
  object space 524288K, 55% used [0x00002ba55b4e0000,0x00002ba56cf36628,0x00002ba57b4e0000)
}
Total time for which application threads were stopped: 0.0278410 seconds
Application time: 49.0753470 seconds
{Heap before gc invocations=300:
 PSYoungGen      total 1026368K, used 1019444K [0x00002ba6bb4e0000, 0x00002ba6fb4e0000, 0x00002ba6fb4e0000)
  eden space 1004352K, 100% used [0x00002ba6bb4e0000,0x00002ba6f89b0000,0x00002ba6f89b0000)
  from space 22016K, 68% used [0x00002ba6f89b0000,0x00002ba6f986d210,0x00002ba6f9f30000)
  to   space 21696K, 0% used [0x00002ba6f9fb0000,0x00002ba6f9fb0000,0x00002ba6fb4e0000)
 PSOldGen        total 5242880K, used 1966464K [0x00002ba57b4e0000, 0x00002ba6bb4e0000, 0x00002ba6bb4e0000)
  object space 5242880K, 37% used [0x00002ba57b4e0000,0x00002ba5f3540250,0x00002ba6bb4e0000)
 PSPermGen       total 524288K, used 289658K [0x00002ba55b4e0000, 0x00002ba57b4e0000, 0x00002ba57b4e0000)
  object space 524288K, 55% used [0x00002ba55b4e0000,0x00002ba56cfbeb80,0x00002ba57b4e0000)
35067.926: [GC [PSYoungGen: 1019444K->15389K(1027328K)] 2985909K->1991465K(6270208K), 0.0290600 secs]
Heap after gc invocations=300:
 PSYoungGen      total 1027328K, used 15389K [0x00002ba6bb4e0000, 0x00002ba6fb4e0000, 0x00002ba6fb4e0000)
  eden space 1005632K, 0% used [0x00002ba6bb4e0000,0x00002ba6bb4e0000,0x00002ba6f8af0000)
  from space 21696K, 70% used [0x00002ba6f9fb0000,0x00002ba6faeb7730,0x00002ba6fb4e0000)
  to   space 21248K, 0% used [0x00002ba6f8af0000,0x00002ba6f8af0000,0x00002ba6f9fb0000)
 PSOldGen        total 5242880K, used 1976075K [0x00002ba57b4e0000, 0x00002ba6bb4e0000, 0x00002ba6bb4e0000)
  object space 5242880K, 37% used [0x00002ba57b4e0000,0x00002ba5f3ea2e30,0x00002ba6bb4e0000)
 PSPermGen       total 524288K, used 289658K [0x00002ba55b4e0000, 0x00002ba57b4e0000, 0x00002ba57b4e0000)
  object space 524288K, 55% used [0x00002ba55b4e0000,0x00002ba56cfbeb80,0x00002ba57b4e0000)
}
Total time for which application threads were stopped: 0.0306510 seconds
Application time: 49.8862300 seconds
{Heap before gc invocations=301:
 PSYoungGen      total 1027328K, used 1021021K [0x00002ba6bb4e0000, 0x00002ba6fb4e0000, 0x00002ba6fb4e0000)
  eden space 1005632K, 100% used [0x00002ba6bb4e0000,0x00002ba6f8af0000,0x00002ba6f8af0000)
  from space 21696K, 70% used [0x00002ba6f9fb0000,0x00002ba6faeb7730,0x00002ba6fb4e0000)
  to   space 21248K, 0% used [0x00002ba6f8af0000,0x00002ba6f8af0000,0x00002ba6f9fb0000)
 PSOldGen        total 5242880K, used 1976075K [0x00002ba57b4e0000, 0x00002ba6bb4e0000, 0x00002ba6bb4e0000)
  object space 5242880K, 37% used [0x00002ba57b4e0000,0x00002ba5f3ea2e30,0x00002ba6bb4e0000)
 PSPermGen       total 524288K, used 290012K [0x00002ba55b4e0000, 0x00002ba57b4e0000, 0x00002ba57b4e0000)
  object space 524288K, 55% used [0x00002ba55b4e0000,0x00002ba56d017028,0x00002ba57b4e0000)
35117.843: [GC [PSYoungGen: 1021021K->14591K(1026880K)] 2997097K->1999401K(6269760K), 0.0277540 secs]
Heap after gc invocations=301:
 PSYoungGen      total 1026880K, used 14591K [0x00002ba6bb4e0000, 0x00002ba6fb4e0000, 0x00002ba6fb4e0000)
  eden space 1005632K, 0% used [0x00002ba6bb4e0000,0x00002ba6bb4e0000,0x00002ba6f8af0000)
  from space 21248K, 68% used [0x00002ba6f8af0000,0x00002ba6f992fc78,0x00002ba6f9fb0000)
  to   space 21056K, 0% used [0x00002ba6fa050000,0x00002ba6fa050000,0x00002ba6fb4e0000)
 PSOldGen        total 5242880K, used 1984810K [0x00002ba57b4e0000, 0x00002ba6bb4e0000, 0x00002ba6bb4e0000)
  object space 5242880K, 37% used [0x00002ba57b4e0000,0x00002ba5f472aa78,0x00002ba6bb4e0000)
 PSPermGen       total 524288K, used 290012K [0x00002ba55b4e0000, 0x00002ba57b4e0000, 0x00002ba57b4e0000)
  object space 524288K, 55% used [0x00002ba55b4e0000,0x00002ba56d017028,0x00002ba57b4e0000)
}
Total time for which application threads were stopped: 0.0295290 seconds
Application time: 112.8659460 seconds
{Heap before gc invocations=302:
 PSYoungGen      total 1026880K, used 1020223K [0x00002ba6bb4e0000, 0x00002ba6fb4e0000, 0x00002ba6fb4e0000)
  eden space 1005632K, 100% used [0x00002ba6bb4e0000,0x00002ba6f8af0000,0x00002ba6f8af0000)
  from space 21248K, 68% used [0x00002ba6f8af0000,0x00002ba6f992fc78,0x00002ba6f9fb0000)
  to   space 21056K, 0% used [0x00002ba6fa050000,0x00002ba6fa050000,0x00002ba6fb4e0000)
 PSOldGen        total 5242880K, used 1984810K [0x00002ba57b4e0000, 0x00002ba6bb4e0000, 0x00002ba6bb4e0000)
  object space 5242880K, 37% used [0x00002ba57b4e0000,0x00002ba5f472aa78,0x00002ba6bb4e0000)
 PSPermGen       total 524288K, used 290886K [0x00002ba55b4e0000, 0x00002ba57b4e0000, 0x00002ba57b4e0000)
  object space 524288K, 55% used [0x00002ba55b4e0000,0x00002ba56d0f1858,0x00002ba57b4e0000)
35230.739: [GC [PSYoungGen: 1020223K->15574K(1027968K)] 3005033K->2007855K(6270848K), 0.0277490 secs]
Heap after gc invocations=302:
 PSYoungGen      total 1027968K, used 15574K [0x00002ba6bb4e0000, 0x00002ba6fb4e0000, 0x00002ba6fb4e0000)
  eden space 1006912K, 0% used [0x00002ba6bb4e0000,0x00002ba6bb4e0000,0x00002ba6f8c30000)
  from space 21056K, 73% used [0x00002ba6fa050000,0x00002ba6faf85840,0x00002ba6fb4e0000)
  to   space 20608K, 0% used [0x00002ba6f8c30000,0x00002ba6f8c30000,0x00002ba6fa050000)
 PSOldGen        total 5242880K, used 1992281K [0x00002ba57b4e0000, 0x00002ba6bb4e0000, 0x00002ba6bb4e0000)
  object space 5242880K, 37% used [0x00002ba57b4e0000,0x00002ba5f4e76770,0x00002ba6bb4e0000)
 PSPermGen       total 524288K, used 290886K [0x00002ba55b4e0000, 0x00002ba57b4e0000, 0x00002ba57b4e0000)
  object space 524288K, 55% used [0x00002ba55b4e0000,0x00002ba56d0f1858,0x00002ba57b4e0000)
}
Total time for which application threads were stopped: 0.0293390 seconds
Application time: 88.5024680 seconds
{Heap before gc invocations=303:
 PSYoungGen      total 1027968K, used 1022486K [0x00002ba6bb4e0000, 0x00002ba6fb4e0000, 0x00002ba6fb4e0000)
  eden space 1006912K, 100% used [0x00002ba6bb4e0000,0x00002ba6f8c30000,0x00002ba6f8c30000)
  from space 21056K, 73% used [0x00002ba6fa050000,0x00002ba6faf85840,0x00002ba6fb4e0000)
  to   space 20608K, 0% used [0x00002ba6f8c30000,0x00002ba6f8c30000,0x00002ba6fa050000)
 PSOldGen        total 5242880K, used 1992281K [0x00002ba57b4e0000, 0x00002ba6bb4e0000, 0x00002ba6bb4e0000)
  object space 5242880K, 37% used [0x00002ba57b4e0000,0x00002ba5f4e76770,0x00002ba6bb4e0000)
 PSPermGen       total 524288K, used 292264K [0x00002ba55b4e0000, 0x00002ba57b4e0000, 0x00002ba57b4e0000)
  object space 524288K, 55% used [0x00002ba55b4e0000,0x00002ba56d24a1e8,0x00002ba57b4e0000)
35319.271: [GC [PSYoungGen: 1022486K->15620K(1027520K)] 3014767K->2017722K(6270400K), 0.0282830 secs]
Heap after gc invocations=303:
 PSYoungGen      total 1027520K, used 15620K [0x00002ba6bb4e0000, 0x00002ba6fb4e0000, 0x00002ba6fb4e0000)
  eden space 1006912K, 0% used [0x00002ba6bb4e0000,0x00002ba6bb4e0000,0x00002ba6f8c30000)
  from space 20608K, 75% used [0x00002ba6f8c30000,0x00002ba6f9b710c8,0x00002ba6fa050000)
  to   space 20224K, 0% used [0x00002ba6fa120000,0x00002ba6fa120000,0x00002ba6fb4e0000)
 PSOldGen        total 5242880K, used 2002102K [0x00002ba57b4e0000, 0x00002ba6bb4e0000, 0x00002ba6bb4e0000)
  object space 5242880K, 38% used [0x00002ba57b4e0000,0x00002ba5f580dad8,0x00002ba6bb4e0000)
 PSPermGen       total 524288K, used 292264K [0x00002ba55b4e0000, 0x00002ba57b4e0000, 0x00002ba57b4e0000)
  object space 524288K, 55% used [0x00002ba55b4e0000,0x00002ba56d24a1e8,0x00002ba57b4e0000)
}
Total time for which application threads were stopped: 0.0300300 seconds
Application time: 105.4717550 seconds
{Heap before gc invocations=304:
 PSYoungGen      total 1027520K, used 1022532K [0x00002ba6bb4e0000, 0x00002ba6fb4e0000, 0x00002ba6fb4e0000)
  eden space 1006912K, 100% used [0x00002ba6bb4e0000,0x00002ba6f8c30000,0x00002ba6f8c30000)
  from space 20608K, 75% used [0x00002ba6f8c30000,0x00002ba6f9b710c8,0x00002ba6fa050000)
  to   space 20224K, 0% used [0x00002ba6fa120000,0x00002ba6fa120000,0x00002ba6fb4e0000)
 PSOldGen        total 5242880K, used 2002102K [0x00002ba57b4e0000, 0x00002ba6bb4e0000, 0x00002ba6bb4e0000)
  object space 5242880K, 38% used [0x00002ba57b4e0000,0x00002ba5f580dad8,0x00002ba6bb4e0000)
 PSPermGen       total 524288K, used 292841K [0x00002ba55b4e0000, 0x00002ba57b4e0000, 0x00002ba57b4e0000)
  object space 524288K, 55% used [0x00002ba55b4e0000,0x00002ba56d2da738,0x00002ba57b4e0000)
35424.772: [GC [PSYoungGen: 1022532K->17521K(1028096K)] 3024634K->2026694K(6270976K), 0.0323880 secs]
Heap after gc invocations=304:
 PSYoungGen      total 1028096K, used 17521K [0x00002ba6bb4e0000, 0x00002ba6fb4e0000, 0x00002ba6fb4e0000)
  eden space 1007872K, 0% used [0x00002ba6bb4e0000,0x00002ba6bb4e0000,0x00002ba6f8d20000)
  from space 20224K, 86% used [0x00002ba6fa120000,0x00002ba6fb23c530,0x00002ba6fb4e0000)
  to   space 20352K, 0% used [0x00002ba6f8d20000,0x00002ba6f8d20000,0x00002ba6fa100000)
 PSOldGen        total 5242880K, used 2009172K [0x00002ba57b4e0000, 0x00002ba6bb4e0000, 0x00002ba6bb4e0000)
  object space 5242880K, 38% used [0x00002ba57b4e0000,0x00002ba5f5ef53f8,0x00002ba6bb4e0000)
 PSPermGen       total 524288K, used 292841K [0x00002ba55b4e0000, 0x00002ba57b4e0000, 0x00002ba57b4e0000)
  object space 524288K, 55% used [0x00002ba55b4e0000,0x00002ba56d2da738,0x00002ba57b4e0000)
}
Total time for which application threads were stopped: 0.0340240 seconds
Application time: 30.4849360 seconds
{Heap before gc invocations=305:
 PSYoungGen      total 1028096K, used 1025393K [0x00002ba6bb4e0000, 0x00002ba6fb4e0000, 0x00002ba6fb4e0000)
  eden space 1007872K, 100% used [0x00002ba6bb4e0000,0x00002ba6f8d20000,0x00002ba6f8d20000)
  from space 20224K, 86% used [0x00002ba6fa120000,0x00002ba6fb23c530,0x00002ba6fb4e0000)
  to   space 20352K, 0% used [0x00002ba6f8d20000,0x00002ba6f8d20000,0x00002ba6fa100000)
 PSOldGen        total 5242880K, used 2009172K [0x00002ba57b4e0000, 0x00002ba6bb4e0000, 0x00002ba6bb4e0000)
  object space 5242880K, 38% used [0x00002ba57b4e0000,0x00002ba5f5ef53f8,0x00002ba6bb4e0000)
 PSPermGen       total 524288K, used 293018K [0x00002ba55b4e0000, 0x00002ba57b4e0000, 0x00002ba57b4e0000)
  object space 524288K, 55% used [0x00002ba55b4e0000,0x00002ba56d306988,0x00002ba57b4e0000)
35455.291: [GC [PSYoungGen: 1025393K->13240K(1021120K)] 3034566K->2035162K(6264000K), 0.0355540 secs]
Heap after gc invocations=305:
 PSYoungGen      total 1021120K, used 13240K [0x00002ba6bb4e0000, 0x00002ba6fb4e0000, 0x00002ba6fb4e0000)
  eden space 1007872K, 0% used [0x00002ba6bb4e0000,0x00002ba6bb4e0000,0x00002ba6f8d20000)
  from space 13248K, 99% used [0x00002ba6f8d20000,0x00002ba6f9a0e180,0x00002ba6f9a10000)
  to   space 20416K, 0% used [0x00002ba6fa0f0000,0x00002ba6fa0f0000,0x00002ba6fb4e0000)
 PSOldGen        total 5242880K, used 2021922K [0x00002ba57b4e0000, 0x00002ba6bb4e0000, 0x00002ba6bb4e0000)
  object space 5242880K, 38% used [0x00002ba57b4e0000,0x00002ba5f6b68818,0x00002ba6bb4e0000)
 PSPermGen       total 524288K, used 293018K [0x00002ba55b4e0000, 0x00002ba57b4e0000, 0x00002ba57b4e0000)
  object space 524288K, 55% used [0x00002ba55b4e0000,0x00002ba56d306988,0x00002ba57b4e0000)
}
Total time for which application threads were stopped: 0.0371410 seconds
Application time: 81.6134530 seconds
{Heap before gc invocations=306:
 PSYoungGen      total 1021120K, used 1021112K [0x00002ba6bb4e0000, 0x00002ba6fb4e0000, 0x00002ba6fb4e0000)
  eden space 1007872K, 100% used [0x00002ba6bb4e0000,0x00002ba6f8d20000,0x00002ba6f8d20000)
  from space 13248K, 99% used [0x00002ba6f8d20000,0x00002ba6f9a0e180,0x00002ba6f9a10000)
  to   space 20416K, 0% used [0x00002ba6fa0f0000,0x00002ba6fa0f0000,0x00002ba6fb4e0000)
 PSOldGen        total 5242880K, used 2021922K [0x00002ba57b4e0000, 0x00002ba6bb4e0000, 0x00002ba6bb4e0000)
  object space 5242880K, 38% used [0x00002ba57b4e0000,0x00002ba5f6b68818,0x00002ba6bb4e0000)
 PSPermGen       total 524288K, used 293544K [0x00002ba55b4e0000, 0x00002ba57b4e0000, 0x00002ba57b4e0000)
  object space 524288K, 55% used [0x00002ba55b4e0000,0x00002ba56d38a3e0,0x00002ba57b4e0000)
35536.942: [GC [PSYoungGen: 1021112K->18866K(1026752K)] 3043034K->2046154K(6269632K), 0.0320240 secs]
Heap after gc invocations=306:
 PSYoungGen      total 1026752K, used 18866K [0x00002ba6bb4e0000, 0x00002ba6fb4e0000, 0x00002ba6fb4e0000)
  eden space 1006336K, 0% used [0x00002ba6bb4e0000,0x00002ba6bb4e0000,0x00002ba6f8ba0000)
  from space 20416K, 92% used [0x00002ba6fa0f0000,0x00002ba6fb35cad0,0x00002ba6fb4e0000)
  to   space 21120K, 0% used [0x00002ba6f8ba0000,0x00002ba6f8ba0000,0x00002ba6fa040000)
 PSOldGen        total 5242880K, used 2027287K [0x00002ba57b4e0000, 0x00002ba6bb4e0000, 0x00002ba6bb4e0000)
  object space 5242880K, 38% used [0x00002ba57b4e0000,0x00002ba5f70a5d78,0x00002ba6bb4e0000)
 PSPermGen       total 524288K, used 293544K [0x00002ba55b4e0000, 0x00002ba57b4e0000, 0x00002ba57b4e0000)
  object space 524288K, 55% used [0x00002ba55b4e0000,0x00002ba56d38a3e0,0x00002ba57b4e0000)
}
Total time for which application threads were stopped: 0.0335500 seconds
Application time: 66.9020670 seconds
{Heap before gc invocations=307:
 PSYoungGen      total 1026752K, used 1025202K [0x00002ba6bb4e0000, 0x00002ba6fb4e0000, 0x00002ba6fb4e0000)
  eden space 1006336K, 100% used [0x00002ba6bb4e0000,0x00002ba6f8ba0000,0x00002ba6f8ba0000)
  from space 20416K, 92% used [0x00002ba6fa0f0000,0x00002ba6fb35cad0,0x00002ba6fb4e0000)
  to   space 21120K, 0% used [0x00002ba6f8ba0000,0x00002ba6f8ba0000,0x00002ba6fa040000)
 PSOldGen        total 5242880K, used 2027287K [0x00002ba57b4e0000, 0x00002ba6bb4e0000, 0x00002ba6bb4e0000)
  object space 5242880K, 38% used [0x00002ba57b4e0000,0x00002ba5f70a5d78,0x00002ba6bb4e0000)
 PSPermGen       total 524288K, used 293748K [0x00002ba55b4e0000, 0x00002ba57b4e0000, 0x00002ba57b4e0000)
  object space 524288K, 56% used [0x00002ba55b4e0000,0x00002ba56d3bd070,0x00002ba57b4e0000)
35603.878: [GC [PSYoungGen: 1025202K->14048K(1027456K)] 3052490K->2051879K(6270336K), 0.0412970 secs]
Heap after gc invocations=307:
 PSYoungGen      total 1027456K, used 14048K [0x00002ba6bb4e0000, 0x00002ba6fb4e0000, 0x00002ba6fb4e0000)
  eden space 1006336K, 0% used [0x00002ba6bb4e0000,0x00002ba6bb4e0000,0x00002ba6f8ba0000)
  from space 21120K, 66% used [0x00002ba6f8ba0000,0x00002ba6f9958178,0x00002ba6fa040000)
  to   space 20928K, 0% used [0x00002ba6fa070000,0x00002ba6fa070000,0x00002ba6fb4e0000)
 PSOldGen        total 5242880K, used 2037830K [0x00002ba57b4e0000, 0x00002ba6bb4e0000, 0x00002ba6bb4e0000)
  object space 5242880K, 38% used [0x00002ba57b4e0000,0x00002ba5f7af1ac0,0x00002ba6bb4e0000)
 PSPermGen       total 524288K, used 293748K [0x00002ba55b4e0000, 0x00002ba57b4e0000, 0x00002ba57b4e0000)
  object space 524288K, 56% used [0x00002ba55b4e0000,0x00002ba56d3bd070,0x00002ba57b4e0000)
}
Total time for which application threads were stopped: 0.0431400 seconds
Application time: 55.0683840 seconds
{Heap before gc invocations=308:
 PSYoungGen      total 1027456K, used 1020384K [0x00002ba6bb4e0000, 0x00002ba6fb4e0000, 0x00002ba6fb4e0000)
  eden space 1006336K, 100% used [0x00002ba6bb4e0000,0x00002ba6f8ba0000,0x00002ba6f8ba0000)
  from space 21120K, 66% used [0x00002ba6f8ba0000,0x00002ba6f9958178,0x00002ba6fa040000)
  to   space 20928K, 0% used [0x00002ba6fa070000,0x00002ba6fa070000,0x00002ba6fb4e0000)
 PSOldGen        total 5242880K, used 2037830K [0x00002ba57b4e0000, 0x00002ba6bb4e0000, 0x00002ba6bb4e0000)
  object space 5242880K, 38% used [0x00002ba57b4e0000,0x00002ba5f7af1ac0,0x00002ba6bb4e0000)
 PSPermGen       total 524288K, used 293927K [0x00002ba55b4e0000, 0x00002ba57b4e0000, 0x00002ba57b4e0000)
  object space 524288K, 56% used [0x00002ba55b4e0000,0x00002ba56d3e9db0,0x00002ba57b4e0000)
35658.989: [GC [PSYoungGen: 1020384K->13665K(1027712K)] 3058215K->2056598K(6270592K), 0.0266210 secs]
Heap after gc invocations=308:
 PSYoungGen      total 1027712K, used 13665K [0x00002ba6bb4e0000, 0x00002ba6fb4e0000, 0x00002ba6fb4e0000)
  eden space 1006784K, 0% used [0x00002ba6bb4e0000,0x00002ba6bb4e0000,0x00002ba6f8c10000)
  from space 20928K, 65% used [0x00002ba6fa070000,0x00002ba6fadc85a0,0x00002ba6fb4e0000)
  to   space 20864K, 0% used [0x00002ba6f8c10000,0x00002ba6f8c10000,0x00002ba6fa070000)
 PSOldGen        total 5242880K, used 2042933K [0x00002ba57b4e0000, 0x00002ba6bb4e0000, 0x00002ba6bb4e0000)
  object space 5242880K, 38% used [0x00002ba57b4e0000,0x00002ba5f7fed498,0x00002ba6bb4e0000)
 PSPermGen       total 524288K, used 293927K [0x00002ba55b4e0000, 0x00002ba57b4e0000, 0x00002ba57b4e0000)
  object space 524288K, 56% used [0x00002ba55b4e0000,0x00002ba56d3e9db0,0x00002ba57b4e0000)
}
Total time for which application threads were stopped: 0.0283100 seconds
Application time: 73.7667450 seconds
{Heap before gc invocations=309:
 PSYoungGen      total 1027712K, used 1020449K [0x00002ba6bb4e0000, 0x00002ba6fb4e0000, 0x00002ba6fb4e0000)
  eden space 1006784K, 100% used [0x00002ba6bb4e0000,0x00002ba6f8c10000,0x00002ba6f8c10000)
  from space 20928K, 65% used [0x00002ba6fa070000,0x00002ba6fadc85a0,0x00002ba6fb4e0000)
  to   space 20864K, 0% used [0x00002ba6f8c10000,0x00002ba6f8c10000,0x00002ba6fa070000)
 PSOldGen        total 5242880K, used 2042933K [0x00002ba57b4e0000, 0x00002ba6bb4e0000, 0x00002ba6bb4e0000)
  object space 5242880K, 38% used [0x00002ba57b4e0000,0x00002ba5f7fed498,0x00002ba6bb4e0000)
 PSPermGen       total 524288K, used 293937K [0x00002ba55b4e0000, 0x00002ba57b4e0000, 0x00002ba57b4e0000)
  object space 524288K, 56% used [0x00002ba55b4e0000,0x00002ba56d3ec420,0x00002ba57b4e0000)
35732.811: [GC [PSYoungGen: 1020449K->12860K(1027648K)] 3063382K->2064241K(6270528K), 0.0255040 secs]
Heap after gc invocations=309:
 PSYoungGen      total 1027648K, used 12860K [0x00002ba6bb4e0000, 0x00002ba6fb4e0000, 0x00002ba6fb4e0000)
  eden space 1006784K, 0% used [0x00002ba6bb4e0000,0x00002ba6bb4e0000,0x00002ba6f8c10000)
  from space 20864K, 61% used [0x00002ba6f8c10000,0x00002ba6f989f280,0x00002ba6fa070000)
  to   space 20800K, 0% used [0x00002ba6fa090000,0x00002ba6fa090000,0x00002ba6fb4e0000)
 PSOldGen        total 5242880K, used 2051381K [0x00002ba57b4e0000, 0x00002ba6bb4e0000, 0x00002ba6bb4e0000)
  object space 5242880K, 39% used [0x00002ba57b4e0000,0x00002ba5f882d540,0x00002ba6bb4e0000)
 PSPermGen       total 524288K, used 293937K [0x00002ba55b4e0000, 0x00002ba57b4e0000, 0x00002ba57b4e0000)
  object space 524288K, 56% used [0x00002ba55b4e0000,0x00002ba56d3ec420,0x00002ba57b4e0000)
}
Total time for which application threads were stopped: 0.0534970 seconds
Application time: 30.8696140 seconds
{Heap before gc invocations=310:
 PSYoungGen      total 1027648K, used 1019644K [0x00002ba6bb4e0000, 0x00002ba6fb4e0000, 0x00002ba6fb4e0000)
  eden space 1006784K, 100% used [0x00002ba6bb4e0000,0x00002ba6f8c10000,0x00002ba6f8c10000)
  from space 20864K, 61% used [0x00002ba6f8c10000,0x00002ba6f989f280,0x00002ba6fa070000)
  to   space 20800K, 0% used [0x00002ba6fa090000,0x00002ba6fa090000,0x00002ba6fb4e0000)
 PSOldGen        total 5242880K, used 2051381K [0x00002ba57b4e0000, 0x00002ba6bb4e0000, 0x00002ba6bb4e0000)
  object space 5242880K, 39% used [0x00002ba57b4e0000,0x00002ba5f882d540,0x00002ba6bb4e0000)
 PSPermGen       total 524288K, used 294302K [0x00002ba55b4e0000, 0x00002ba57b4e0000, 0x00002ba57b4e0000)
  object space 524288K, 56% used [0x00002ba55b4e0000,0x00002ba56d4478c0,0x00002ba57b4e0000)
35763.760: [GC [PSYoungGen: 1019644K->12808K(1027840K)] 3071025K->2072778K(6270720K), 0.0326950 secs]
Heap after gc invocations=310:
 PSYoungGen      total 1027840K, used 12808K [0x00002ba6bb4e0000, 0x00002ba6fb4e0000, 0x00002ba6fb4e0000)
  eden space 1007040K, 0% used [0x00002ba6bb4e0000,0x00002ba6bb4e0000,0x00002ba6f8c50000)
  from space 20800K, 61% used [0x00002ba6fa090000,0x00002ba6fad12058,0x00002ba6fb4e0000)
  to   space 20736K, 0% used [0x00002ba6f8c50000,0x00002ba6f8c50000,0x00002ba6fa090000)
 PSOldGen        total 5242880K, used 2059970K [0x00002ba57b4e0000, 0x00002ba6bb4e0000, 0x00002ba6bb4e0000)
  object space 5242880K, 39% used [0x00002ba57b4e0000,0x00002ba5f9090a90,0x00002ba6bb4e0000)
 PSPermGen       total 524288K, used 294302K [0x00002ba55b4e0000, 0x00002ba57b4e0000, 0x00002ba57b4e0000)
  object space 524288K, 56% used [0x00002ba55b4e0000,0x00002ba56d4478c0,0x00002ba57b4e0000)
}
Total time for which application threads were stopped: 0.0869420 seconds
Application time: 39.1825690 seconds
{Heap before gc invocations=311:
 PSYoungGen      total 1027840K, used 1019848K [0x00002ba6bb4e0000, 0x00002ba6fb4e0000, 0x00002ba6fb4e0000)
  eden space 1007040K, 100% used [0x00002ba6bb4e0000,0x00002ba6f8c50000,0x00002ba6f8c50000)
  from space 20800K, 61% used [0x00002ba6fa090000,0x00002ba6fad12058,0x00002ba6fb4e0000)
  to   space 20736K, 0% used [0x00002ba6f8c50000,0x00002ba6f8c50000,0x00002ba6fa090000)
 PSOldGen        total 5242880K, used 2059970K [0x00002ba57b4e0000, 0x00002ba6bb4e0000, 0x00002ba6bb4e0000)
  object space 5242880K, 39% used [0x00002ba57b4e0000,0x00002ba5f9090a90,0x00002ba6bb4e0000)
 PSPermGen       total 524288K, used 294515K [0x00002ba55b4e0000, 0x00002ba57b4e0000, 0x00002ba57b4e0000)
  object space 524288K, 56% used [0x00002ba55b4e0000,0x00002ba56d47cf70,0x00002ba57b4e0000)
35803.051: [GC [PSYoungGen: 1019848K->17370K(1024448K)] 3079818K->2086904K(6267328K), 0.0521700 secs]
Heap after gc invocations=311:
 PSYoungGen      total 1024448K, used 17370K [0x00002ba6bb4e0000, 0x00002ba6fb4e0000, 0x00002ba6fb4e0000)
  eden space 1007040K, 0% used [0x00002ba6bb4e0000,0x00002ba6bb4e0000,0x00002ba6f8c50000)
  from space 17408K, 99% used [0x00002ba6f8c50000,0x00002ba6f9d46830,0x00002ba6f9d50000)
  to   space 20992K, 0% used [0x00002ba6fa060000,0x00002ba6fa060000,0x00002ba6fb4e0000)
 PSOldGen        total 5242880K, used 2069534K [0x00002ba57b4e0000, 0x00002ba6bb4e0000, 0x00002ba6bb4e0000)
  object space 5242880K, 39% used [0x00002ba57b4e0000,0x00002ba5f99e7a08,0x00002ba6bb4e0000)
 PSPermGen       total 524288K, used 294515K [0x00002ba55b4e0000, 0x00002ba57b4e0000, 0x00002ba57b4e0000)
  object space 524288K, 56% used [0x00002ba55b4e0000,0x00002ba56d47cf70,0x00002ba57b4e0000)
}
Total time for which application threads were stopped: 0.1278910 seconds
Application time: 50.9908710 seconds
{Heap before gc invocations=312:
 PSYoungGen      total 1024448K, used 1024410K [0x00002ba6bb4e0000, 0x00002ba6fb4e0000, 0x00002ba6fb4e0000)
  eden space 1007040K, 100% used [0x00002ba6bb4e0000,0x00002ba6f8c50000,0x00002ba6f8c50000)
  from space 17408K, 99% used [0x00002ba6f8c50000,0x00002ba6f9d46830,0x00002ba6f9d50000)
  to   space 20992K, 0% used [0x00002ba6fa060000,0x00002ba6fa060000,0x00002ba6fb4e0000)
 PSOldGen        total 5242880K, used 2069534K [0x00002ba57b4e0000, 0x00002ba6bb4e0000, 0x00002ba6bb4e0000)
  object space 5242880K, 39% used [0x00002ba57b4e0000,0x00002ba5f99e7a08,0x00002ba6bb4e0000)
 PSPermGen       total 524288K, used 294558K [0x00002ba55b4e0000, 0x00002ba57b4e0000, 0x00002ba57b4e0000)
  object space 524288K, 56% used [0x00002ba55b4e0000,0x00002ba56d487aa8,0x00002ba57b4e0000)
35854.197: [GC [PSYoungGen: 1024410K->20970K(1019648K)] 3093944K->2097198K(6262528K), 0.0565570 secs]
Heap after gc invocations=312:
 PSYoungGen      total 1019648K, used 20970K [0x00002ba6bb4e0000, 0x00002ba6fb4e0000, 0x00002ba6fb4e0000)
  eden space 998656K, 0% used [0x00002ba6bb4e0000,0x00002ba6bb4e0000,0x00002ba6f8420000)
  from space 20992K, 99% used [0x00002ba6fa060000,0x00002ba6fb4daba0,0x00002ba6fb4e0000)
  to   space 24960K, 0% used [0x00002ba6f8420000,0x00002ba6f8420000,0x00002ba6f9c80000)
 PSOldGen        total 5242880K, used 2076227K [0x00002ba57b4e0000, 0x00002ba6bb4e0000, 0x00002ba6bb4e0000)
  object space 5242880K, 39% used [0x00002ba57b4e0000,0x00002ba5fa070d48,0x00002ba6bb4e0000)
 PSPermGen       total 524288K, used 294558K [0x00002ba55b4e0000, 0x00002ba57b4e0000, 0x00002ba57b4e0000)
  object space 524288K, 56% used [0x00002ba55b4e0000,0x00002ba56d487aa8,0x00002ba57b4e0000)
}
Total time for which application threads were stopped: 0.1592150 seconds
Application time: 104.1723720 seconds
{Heap before gc invocations=313:
 PSYoungGen      total 1019648K, used 1019626K [0x00002ba6bb4e0000, 0x00002ba6fb4e0000, 0x00002ba6fb4e0000)
  eden space 998656K, 100% used [0x00002ba6bb4e0000,0x00002ba6f8420000,0x00002ba6f8420000)
  from space 20992K, 99% used [0x00002ba6fa060000,0x00002ba6fb4daba0,0x00002ba6fb4e0000)
  to   space 24960K, 0% used [0x00002ba6f8420000,0x00002ba6f8420000,0x00002ba6f9c80000)
 PSOldGen        total 5242880K, used 2076227K [0x00002ba57b4e0000, 0x00002ba6bb4e0000, 0x00002ba6bb4e0000)
  object space 5242880K, 39% used [0x00002ba57b4e0000,0x00002ba5fa070d48,0x00002ba6bb4e0000)
 PSPermGen       total 524288K, used 294567K [0x00002ba55b4e0000, 0x00002ba57b4e0000, 0x00002ba57b4e0000)
  object space 524288K, 56% used [0x00002ba55b4e0000,0x00002ba56d489e90,0x00002ba57b4e0000)
35958.454: [GC [PSYoungGen: 1019626K->18044K(1023616K)] 3095854K->2106349K(6266496K), 0.0576180 secs]
Heap after gc invocations=313:
 PSYoungGen      total 1023616K, used 18044K [0x00002ba6bb4e0000, 0x00002ba6fb4e0000, 0x00002ba6fb4e0000)
  eden space 998656K, 0% used [0x00002ba6bb4e0000,0x00002ba6bb4e0000,0x00002ba6f8420000)
  from space 24960K, 72% used [0x00002ba6f8420000,0x00002ba6f95bf128,0x00002ba6f9c80000)
  to   space 24704K, 0% used [0x00002ba6f9cc0000,0x00002ba6f9cc0000,0x00002ba6fb4e0000)
 PSOldGen        total 5242880K, used 2088305K [0x00002ba57b4e0000, 0x00002ba6bb4e0000, 0x00002ba6bb4e0000)
  object space 5242880K, 39% used [0x00002ba57b4e0000,0x00002ba5fac3c490,0x00002ba6bb4e0000)
 PSPermGen       total 524288K, used 294567K [0x00002ba55b4e0000, 0x00002ba57b4e0000, 0x00002ba57b4e0000)
  object space 524288K, 56% used [0x00002ba55b4e0000,0x00002ba56d489e90,0x00002ba57b4e0000)
}
Total time for which application threads were stopped: 0.0857290 seconds
Application time: 58.6503440 seconds
{Heap before gc invocations=314:
 PSYoungGen      total 1023616K, used 1016700K [0x00002ba6bb4e0000, 0x00002ba6fb4e0000, 0x00002ba6fb4e0000)
  eden space 998656K, 100% used [0x00002ba6bb4e0000,0x00002ba6f8420000,0x00002ba6f8420000)
  from space 24960K, 72% used [0x00002ba6f8420000,0x00002ba6f95bf128,0x00002ba6f9c80000)
  to   space 24704K, 0% used [0x00002ba6f9cc0000,0x00002ba6f9cc0000,0x00002ba6fb4e0000)
 PSOldGen        total 5242880K, used 2088305K [0x00002ba57b4e0000, 0x00002ba6bb4e0000, 0x00002ba6bb4e0000)
  object space 5242880K, 39% used [0x00002ba57b4e0000,0x00002ba5fac3c490,0x00002ba6bb4e0000)
 PSPermGen       total 524288K, used 294919K [0x00002ba55b4e0000, 0x00002ba57b4e0000, 0x00002ba57b4e0000)
  object space 524288K, 56% used [0x00002ba55b4e0000,0x00002ba56d4e1ca8,0x00002ba57b4e0000)
36017.216: [GC [PSYoungGen: 1016700K->12952K(1024064K)] 3105005K->2110543K(6266944K), 0.0358690 secs]
Heap after gc invocations=314:
 PSYoungGen      total 1024064K, used 12952K [0x00002ba6bb4e0000, 0x00002ba6fb4e0000, 0x00002ba6fb4e0000)
  eden space 999360K, 0% used [0x00002ba6bb4e0000,0x00002ba6bb4e0000,0x00002ba6f84d0000)
  from space 24704K, 52% used [0x00002ba6f9cc0000,0x00002ba6fa9663a0,0x00002ba6fb4e0000)
  to   space 24512K, 0% used [0x00002ba6f84d0000,0x00002ba6f84d0000,0x00002ba6f9cc0000)
 PSOldGen        total 5242880K, used 2097590K [0x00002ba57b4e0000, 0x00002ba6bb4e0000, 0x00002ba6bb4e0000)
  object space 5242880K, 40% used [0x00002ba57b4e0000,0x00002ba5fb54dae0,0x00002ba6bb4e0000)
 PSPermGen       total 524288K, used 294919K [0x00002ba55b4e0000, 0x00002ba57b4e0000, 0x00002ba57b4e0000)
  object space 524288K, 56% used [0x00002ba55b4e0000,0x00002ba56d4e1ca8,0x00002ba57b4e0000)
}
Total time for which application threads were stopped: 0.0898070 seconds
Application time: 44.1391580 seconds
{Heap before gc invocations=315:
 PSYoungGen      total 1024064K, used 1012312K [0x00002ba6bb4e0000, 0x00002ba6fb4e0000, 0x00002ba6fb4e0000)
  eden space 999360K, 100% used [0x00002ba6bb4e0000,0x00002ba6f84d0000,0x00002ba6f84d0000)
  from space 24704K, 52% used [0x00002ba6f9cc0000,0x00002ba6fa9663a0,0x00002ba6fb4e0000)
  to   space 24512K, 0% used [0x00002ba6f84d0000,0x00002ba6f84d0000,0x00002ba6f9cc0000)
 PSOldGen        total 5242880K, used 2097590K [0x00002ba57b4e0000, 0x00002ba6bb4e0000, 0x00002ba6bb4e0000)
  object space 5242880K, 40% used [0x00002ba57b4e0000,0x00002ba5fb54dae0,0x00002ba6bb4e0000)
 PSPermGen       total 524288K, used 295104K [0x00002ba55b4e0000, 0x00002ba57b4e0000, 0x00002ba57b4e0000)
  object space 524288K, 56% used [0x00002ba55b4e0000,0x00002ba56d5100f8,0x00002ba57b4e0000)
36061.466: [GC [PSYoungGen: 1012312K->19352K(1018752K)] 3109903K->2123930K(6261632K), 0.0744260 secs]
Heap after gc invocations=315:
 PSYoungGen      total 1018752K, used 19352K [0x00002ba6bb4e0000, 0x00002ba6fb4e0000, 0x00002ba6fb4e0000)
  eden space 999360K, 0% used [0x00002ba6bb4e0000,0x00002ba6bb4e0000,0x00002ba6f84d0000)
  from space 19392K, 99% used [0x00002ba6f84d0000,0x00002ba6f97b6090,0x00002ba6f97c0000)
  to   space 24832K, 0% used [0x00002ba6f9ca0000,0x00002ba6f9ca0000,0x00002ba6fb4e0000)
 PSOldGen        total 5242880K, used 2104577K [0x00002ba57b4e0000, 0x00002ba6bb4e0000, 0x00002ba6bb4e0000)
  object space 5242880K, 40% used [0x00002ba57b4e0000,0x00002ba5fbc207f0,0x00002ba6bb4e0000)
 PSPermGen       total 524288K, used 295104K [0x00002ba55b4e0000, 0x00002ba57b4e0000, 0x00002ba57b4e0000)
  object space 524288K, 56% used [0x00002ba55b4e0000,0x00002ba56d5100f8,0x00002ba57b4e0000)
}
Total time for which application threads were stopped: 0.1498710 seconds
Application time: 2.9541220 seconds
{Heap before gc invocations=316:
 PSYoungGen      total 1018752K, used 157866K [0x00002ba6bb4e0000, 0x00002ba6fb4e0000, 0x00002ba6fb4e0000)
  eden space 999360K, 13% used [0x00002ba6bb4e0000,0x00002ba6c3c248e0,0x00002ba6f84d0000)
  from space 19392K, 99% used [0x00002ba6f84d0000,0x00002ba6f97b6090,0x00002ba6f97c0000)
  to   space 24832K, 0% used [0x00002ba6f9ca0000,0x00002ba6f9ca0000,0x00002ba6fb4e0000)
 PSOldGen        total 5242880K, used 2104577K [0x00002ba57b4e0000, 0x00002ba6bb4e0000, 0x00002ba6bb4e0000)
  object space 5242880K, 40% used [0x00002ba57b4e0000,0x00002ba5fbc207f0,0x00002ba6bb4e0000)
 PSPermGen       total 524288K, used 295120K [0x00002ba55b4e0000, 0x00002ba57b4e0000, 0x00002ba57b4e0000)
  object space 524288K, 56% used [0x00002ba55b4e0000,0x00002ba56d5142e8,0x00002ba57b4e0000)
36064.597: [GC [PSYoungGen: 157866K->5678K(1021696K)] 2262444K->2118949K(6264576K), 0.0198090 secs]
Heap after gc invocations=316:
 PSYoungGen      total 1021696K, used 5678K [0x00002ba6bb4e0000, 0x00002ba6fb4e0000, 0x00002ba6fb4e0000)
  eden space 996864K, 0% used [0x00002ba6bb4e0000,0x00002ba6bb4e0000,0x00002ba6f8260000)
  from space 24832K, 22% used [0x00002ba6f9ca0000,0x00002ba6fa22b918,0x00002ba6fb4e0000)
  to   space 25856K, 0% used [0x00002ba6f8260000,0x00002ba6f8260000,0x00002ba6f9ba0000)
 PSOldGen        total 5242880K, used 2113271K [0x00002ba57b4e0000, 0x00002ba6bb4e0000, 0x00002ba6bb4e0000)
  object space 5242880K, 40% used [0x00002ba57b4e0000,0x00002ba5fc49de28,0x00002ba6bb4e0000)
 PSPermGen       total 524288K, used 295120K [0x00002ba55b4e0000, 0x00002ba57b4e0000, 0x00002ba57b4e0000)
  object space 524288K, 56% used [0x00002ba55b4e0000,0x00002ba56d5142e8,0x00002ba57b4e0000)
}
{Heap before gc invocations=317:
 PSYoungGen      total 1021696K, used 5678K [0x00002ba6bb4e0000, 0x00002ba6fb4e0000, 0x00002ba6fb4e0000)
  eden space 996864K, 0% used [0x00002ba6bb4e0000,0x00002ba6bb4e0000,0x00002ba6f8260000)
  from space 24832K, 22% used [0x00002ba6f9ca0000,0x00002ba6fa22b918,0x00002ba6fb4e0000)
  to   space 25856K, 0% used [0x00002ba6f8260000,0x00002ba6f8260000,0x00002ba6f9ba0000)
 PSOldGen        total 5242880K, used 2113271K [0x00002ba57b4e0000, 0x00002ba6bb4e0000, 0x00002ba6bb4e0000)
  object space 5242880K, 40% used [0x00002ba57b4e0000,0x00002ba5fc49de28,0x00002ba6bb4e0000)
 PSPermGen       total 524288K, used 295120K [0x00002ba55b4e0000, 0x00002ba57b4e0000, 0x00002ba57b4e0000)
  object space 524288K, 56% used [0x00002ba55b4e0000,0x00002ba56d5142e8,0x00002ba57b4e0000)
36064.617: [Full GC [PSYoungGen: 5678K->0K(1021696K)] [PSOldGen: 2113271K->1601471K(5242880K)] 2118949K->1601471K(6264576K) [PSPermGen: 295120K->295120K(524288K)], 6.3048470 secs]
Heap after gc invocations=317:
 PSYoungGen      total 1021696K, used 0K [0x00002ba6bb4e0000, 0x00002ba6fb4e0000, 0x00002ba6fb4e0000)
  eden space 996864K, 0% used [0x00002ba6bb4e0000,0x00002ba6bb4e0000,0x00002ba6f8260000)
  from space 24832K, 0% used [0x00002ba6f9ca0000,0x00002ba6f9ca0000,0x00002ba6fb4e0000)
  to   space 25856K, 0% used [0x00002ba6f8260000,0x00002ba6f8260000,0x00002ba6f9ba0000)
 PSOldGen        total 5242880K, used 1601471K [0x00002ba57b4e0000, 0x00002ba6bb4e0000, 0x00002ba6bb4e0000)
  object space 5242880K, 30% used [0x00002ba57b4e0000,0x00002ba5dd0cfdf8,0x00002ba6bb4e0000)
 PSPermGen       total 524288K, used 295120K [0x00002ba55b4e0000, 0x00002ba57b4e0000, 0x00002ba57b4e0000)
  object space 524288K, 56% used [0x00002ba55b4e0000,0x00002ba56d5142e8,0x00002ba57b4e0000)
}
Total time for which application threads were stopped: 6.4267650 seconds
Application time: 65.9705330 seconds
{Heap before gc invocations=318:
 PSYoungGen      total 1021696K, used 996864K [0x00002ba6bb4e0000, 0x00002ba6fb4e0000, 0x00002ba6fb4e0000)
  eden space 996864K, 100% used [0x00002ba6bb4e0000,0x00002ba6f8260000,0x00002ba6f8260000)
  from space 24832K, 0% used [0x00002ba6f9ca0000,0x00002ba6f9ca0000,0x00002ba6fb4e0000)
  to   space 25856K, 0% used [0x00002ba6f8260000,0x00002ba6f8260000,0x00002ba6f9ba0000)
 PSOldGen        total 5242880K, used 1601471K [0x00002ba57b4e0000, 0x00002ba6bb4e0000, 0x00002ba6bb4e0000)
  object space 5242880K, 30% used [0x00002ba57b4e0000,0x00002ba5dd0cfdf8,0x00002ba6bb4e0000)
 PSPermGen       total 524288K, used 297733K [0x00002ba55b4e0000, 0x00002ba57b4e0000, 0x00002ba57b4e0000)
  object space 524288K, 56% used [0x00002ba55b4e0000,0x00002ba56d7a14a0,0x00002ba57b4e0000)
36136.920: [GC [PSYoungGen: 996864K->14339K(1022720K)] 2598335K->1615810K(6265600K), 0.0326020 secs]
Heap after gc invocations=318:
 PSYoungGen      total 1022720K, used 14339K [0x00002ba6bb4e0000, 0x00002ba6fb4e0000, 0x00002ba6fb4e0000)
  eden space 996864K, 0% used [0x00002ba6bb4e0000,0x00002ba6bb4e0000,0x00002ba6f8260000)
  from space 25856K, 55% used [0x00002ba6f8260000,0x00002ba6f9060db8,0x00002ba6f9ba0000)
  to   space 25024K, 0% used [0x00002ba6f9c70000,0x00002ba6f9c70000,0x00002ba6fb4e0000)
 PSOldGen        total 5242880K, used 1601471K [0x00002ba57b4e0000, 0x00002ba6bb4e0000, 0x00002ba6bb4e0000)
  object space 5242880K, 30% used [0x00002ba57b4e0000,0x00002ba5dd0cfdf8,0x00002ba6bb4e0000)
 PSPermGen       total 524288K, used 297733K [0x00002ba55b4e0000, 0x00002ba57b4e0000, 0x00002ba57b4e0000)
  object space 524288K, 56% used [0x00002ba55b4e0000,0x00002ba56d7a14a0,0x00002ba57b4e0000)
}
Total time for which application threads were stopped: 0.0603580 seconds
Application time: 74.4104450 seconds
{Heap before gc invocations=319:
 PSYoungGen      total 1022720K, used 1011203K [0x00002ba6bb4e0000, 0x00002ba6fb4e0000, 0x00002ba6fb4e0000)
  eden space 996864K, 100% used [0x00002ba6bb4e0000,0x00002ba6f8260000,0x00002ba6f8260000)
  from space 25856K, 55% used [0x00002ba6f8260000,0x00002ba6f9060db8,0x00002ba6f9ba0000)
  to   space 25024K, 0% used [0x00002ba6f9c70000,0x00002ba6f9c70000,0x00002ba6fb4e0000)
 PSOldGen        total 5242880K, used 1601471K [0x00002ba57b4e0000, 0x00002ba6bb4e0000, 0x00002ba6bb4e0000)
  object space 5242880K, 30% used [0x00002ba57b4e0000,0x00002ba5dd0cfdf8,0x00002ba6bb4e0000)
 PSPermGen       total 524288K, used 298330K [0x00002ba55b4e0000, 0x00002ba57b4e0000, 0x00002ba57b4e0000)
  object space 524288K, 56% used [0x00002ba55b4e0000,0x00002ba56d836888,0x00002ba57b4e0000)
36211.417: [GC [PSYoungGen: 1011203K->24992K(1007168K)] 2612674K->1641509K(6250048K), 0.1328470 secs]
Heap after gc invocations=319:
 PSYoungGen      total 1007168K, used 24992K [0x00002ba6bb4e0000, 0x00002ba6fb4e0000, 0x00002ba6fb4e0000)
  eden space 982144K, 0% used [0x00002ba6bb4e0000,0x00002ba6bb4e0000,0x00002ba6f7400000)
  from space 25024K, 99% used [0x00002ba6f9c70000,0x00002ba6fb4d82a8,0x00002ba6fb4e0000)
  to   space 33216K, 0% used [0x00002ba6f7400000,0x00002ba6f7400000,0x00002ba6f9470000)
 PSOldGen        total 5242880K, used 1616516K [0x00002ba57b4e0000, 0x00002ba6bb4e0000, 0x00002ba6bb4e0000)
  object space 5242880K, 30% used [0x00002ba57b4e0000,0x00002ba5ddf81290,0x00002ba6bb4e0000)
 PSPermGen       total 524288K, used 298330K [0x00002ba55b4e0000, 0x00002ba57b4e0000, 0x00002ba57b4e0000)
  object space 524288K, 56% used [0x00002ba55b4e0000,0x00002ba56d836888,0x00002ba57b4e0000)
}
Total time for which application threads were stopped: 0.1870500 seconds
Application time: 106.0105620 seconds
{Heap before gc invocations=320:
 PSYoungGen      total 1007168K, used 1007136K [0x00002ba6bb4e0000, 0x00002ba6fb4e0000, 0x00002ba6fb4e0000)
  eden space 982144K, 100% used [0x00002ba6bb4e0000,0x00002ba6f7400000,0x00002ba6f7400000)
  from space 25024K, 99% used [0x00002ba6f9c70000,0x00002ba6fb4d82a8,0x00002ba6fb4e0000)
  to   space 33216K, 0% used [0x00002ba6f7400000,0x00002ba6f7400000,0x00002ba6f9470000)
 PSOldGen        total 5242880K, used 1616516K [0x00002ba57b4e0000, 0x00002ba6bb4e0000, 0x00002ba6bb4e0000)
  object space 5242880K, 30% used [0x00002ba57b4e0000,0x00002ba5ddf81290,0x00002ba6bb4e0000)
 PSPermGen       total 524288K, used 299197K [0x00002ba55b4e0000, 0x00002ba57b4e0000, 0x00002ba57b4e0000)
  object space 524288K, 57% used [0x00002ba55b4e0000,0x00002ba56d90f778,0x00002ba57b4e0000)
36317.636: [GC [PSYoungGen: 1007136K->11636K(1015360K)] 2623653K->1637183K(6258240K), 0.0291840 secs]
Heap after gc invocations=320:
 PSYoungGen      total 1015360K, used 11636K [0x00002ba6bb4e0000, 0x00002ba6fb4e0000, 0x00002ba6fb4e0000)
  eden space 982144K, 0% used [0x00002ba6bb4e0000,0x00002ba6bb4e0000,0x00002ba6f7400000)
  from space 33216K, 35% used [0x00002ba6f7400000,0x00002ba6f7f5d140,0x00002ba6f9470000)
  to   space 32704K, 0% used [0x00002ba6f94f0000,0x00002ba6f94f0000,0x00002ba6fb4e0000)
 PSOldGen        total 5242880K, used 1625546K [0x00002ba57b4e0000, 0x00002ba6bb4e0000, 0x00002ba6bb4e0000)
  object space 5242880K, 31% used [0x00002ba57b4e0000,0x00002ba5de852bf8,0x00002ba6bb4e0000)
 PSPermGen       total 524288K, used 299197K [0x00002ba55b4e0000, 0x00002ba57b4e0000, 0x00002ba57b4e0000)
  object space 524288K, 57% used [0x00002ba55b4e0000,0x00002ba56d90f778,0x00002ba57b4e0000)
}
Total time for which application threads were stopped: 0.1045280 seconds
Application time: 81.8427180 seconds
{Heap before gc invocations=321:
 PSYoungGen      total 1015360K, used 993780K [0x00002ba6bb4e0000, 0x00002ba6fb4e0000, 0x00002ba6fb4e0000)
  eden space 982144K, 100% used [0x00002ba6bb4e0000,0x00002ba6f7400000,0x00002ba6f7400000)
  from space 33216K, 35% used [0x00002ba6f7400000,0x00002ba6f7f5d140,0x00002ba6f9470000)
  to   space 32704K, 0% used [0x00002ba6f94f0000,0x00002ba6f94f0000,0x00002ba6fb4e0000)
 PSOldGen        total 5242880K, used 1625546K [0x00002ba57b4e0000, 0x00002ba6bb4e0000, 0x00002ba6bb4e0000)
  object space 5242880K, 31% used [0x00002ba57b4e0000,0x00002ba5de852bf8,0x00002ba6bb4e0000)
 PSPermGen       total 524288K, used 299780K [0x00002ba55b4e0000, 0x00002ba57b4e0000, 0x00002ba57b4e0000)
  object space 524288K, 57% used [0x00002ba55b4e0000,0x00002ba56d9a1180,0x00002ba57b4e0000)
36399.610: [GC [PSYoungGen: 993780K->13876K(1016832K)] 2619327K->1645219K(6259712K), 0.0343240 secs]
Heap after gc invocations=321:
 PSYoungGen      total 1016832K, used 13876K [0x00002ba6bb4e0000, 0x00002ba6fb4e0000, 0x00002ba6fb4e0000)
  eden space 984128K, 0% used [0x00002ba6bb4e0000,0x00002ba6bb4e0000,0x00002ba6f75f0000)
  from space 32704K, 42% used [0x00002ba6f94f0000,0x00002ba6fa27d268,0x00002ba6fb4e0000)
  to   space 31744K, 0% used [0x00002ba6f75f0000,0x00002ba6f75f0000,0x00002ba6f94f0000)
 PSOldGen        total 5242880K, used 1631342K [0x00002ba57b4e0000, 0x00002ba6bb4e0000, 0x00002ba6bb4e0000)
  object space 5242880K, 31% used [0x00002ba57b4e0000,0x00002ba5dedfbbb0,0x00002ba6bb4e0000)
 PSPermGen       total 524288K, used 299780K [0x00002ba55b4e0000, 0x00002ba57b4e0000, 0x00002ba57b4e0000)
  object space 524288K, 57% used [0x00002ba55b4e0000,0x00002ba56d9a1180,0x00002ba57b4e0000)
}
Total time for which application threads were stopped: 0.1367510 seconds
Application time: 91.6825770 seconds
{Heap before gc invocations=322:
 PSYoungGen      total 1016832K, used 998004K [0x00002ba6bb4e0000, 0x00002ba6fb4e0000, 0x00002ba6fb4e0000)
  eden space 984128K, 100% used [0x00002ba6bb4e0000,0x00002ba6f75f0000,0x00002ba6f75f0000)
  from space 32704K, 42% used [0x00002ba6f94f0000,0x00002ba6fa27d268,0x00002ba6fb4e0000)
  to   space 31744K, 0% used [0x00002ba6f75f0000,0x00002ba6f75f0000,0x00002ba6f94f0000)
 PSOldGen        total 5242880K, used 1631342K [0x00002ba57b4e0000, 0x00002ba6bb4e0000, 0x00002ba6bb4e0000)
  object space 5242880K, 31% used [0x00002ba57b4e0000,0x00002ba5dedfbbb0,0x00002ba6bb4e0000)
 PSPermGen       total 524288K, used 299791K [0x00002ba55b4e0000, 0x00002ba57b4e0000, 0x00002ba57b4e0000)
  object space 524288K, 57% used [0x00002ba55b4e0000,0x00002ba56d9a3cb0,0x00002ba57b4e0000)
36491.355: [GC [PSYoungGen: 998004K->12236K(1015872K)] 2629347K->1651916K(6258752K), 0.0299470 secs]
Heap after gc invocations=322:
 PSYoungGen      total 1015872K, used 12236K [0x00002ba6bb4e0000, 0x00002ba6fb4e0000, 0x00002ba6fb4e0000)
  eden space 984128K, 0% used [0x00002ba6bb4e0000,0x00002ba6bb4e0000,0x00002ba6f75f0000)
  from space 31744K, 38% used [0x00002ba6f75f0000,0x00002ba6f81e3240,0x00002ba6f94f0000)
  to   space 31104K, 0% used [0x00002ba6f9680000,0x00002ba6f9680000,0x00002ba6fb4e0000)
 PSOldGen        total 5242880K, used 1639679K [0x00002ba57b4e0000, 0x00002ba6bb4e0000, 0x00002ba6bb4e0000)
  object space 5242880K, 31% used [0x00002ba57b4e0000,0x00002ba5df61fee0,0x00002ba6bb4e0000)
 PSPermGen       total 524288K, used 299791K [0x00002ba55b4e0000, 0x00002ba57b4e0000, 0x00002ba57b4e0000)
  object space 524288K, 57% used [0x00002ba55b4e0000,0x00002ba56d9a3cb0,0x00002ba57b4e0000)
}
Total time for which application threads were stopped: 0.0580360 seconds
Application time: 57.2174380 seconds
{Heap before gc invocations=323:
 PSYoungGen      total 1015872K, used 996364K [0x00002ba6bb4e0000, 0x00002ba6fb4e0000, 0x00002ba6fb4e0000)
  eden space 984128K, 100% used [0x00002ba6bb4e0000,0x00002ba6f75f0000,0x00002ba6f75f0000)
  from space 31744K, 38% used [0x00002ba6f75f0000,0x00002ba6f81e3240,0x00002ba6f94f0000)
  to   space 31104K, 0% used [0x00002ba6f9680000,0x00002ba6f9680000,0x00002ba6fb4e0000)
 PSOldGen        total 5242880K, used 1639679K [0x00002ba57b4e0000, 0x00002ba6bb4e0000, 0x00002ba6bb4e0000)
  object space 5242880K, 31% used [0x00002ba57b4e0000,0x00002ba5df61fee0,0x00002ba6bb4e0000)
 PSPermGen       total 524288K, used 299825K [0x00002ba55b4e0000, 0x00002ba57b4e0000, 0x00002ba57b4e0000)
  object space 524288K, 57% used [0x00002ba55b4e0000,0x00002ba56d9ac730,0x00002ba57b4e0000)
36548.657: [GC [PSYoungGen: 996364K->19428K(1017856K)] 2636044K->1667258K(6260736K), 0.0575490 secs]
Heap after gc invocations=323:
 PSYoungGen      total 1017856K, used 19428K [0x00002ba6bb4e0000, 0x00002ba6fb4e0000, 0x00002ba6fb4e0000)
  eden space 986752K, 0% used [0x00002ba6bb4e0000,0x00002ba6bb4e0000,0x00002ba6f7880000)
  from space 31104K, 62% used [0x00002ba6f9680000,0x00002ba6fa979358,0x00002ba6fb4e0000)
  to   space 30720K, 0% used [0x00002ba6f7880000,0x00002ba6f7880000,0x00002ba6f9680000)
 PSOldGen        total 5242880K, used 1647829K [0x00002ba57b4e0000, 0x00002ba6bb4e0000, 0x00002ba6bb4e0000)
  object space 5242880K, 31% used [0x00002ba57b4e0000,0x00002ba5dfe155a8,0x00002ba6bb4e0000)
 PSPermGen       total 524288K, used 299825K [0x00002ba55b4e0000, 0x00002ba57b4e0000, 0x00002ba57b4e0000)
  object space 524288K, 57% used [0x00002ba55b4e0000,0x00002ba56d9ac730,0x00002ba57b4e0000)
}
Total time for which application threads were stopped: 0.1115100 seconds
Application time: 36.7720760 seconds
{Heap before gc invocations=324:
 PSYoungGen      total 1017856K, used 1006180K [0x00002ba6bb4e0000, 0x00002ba6fb4e0000, 0x00002ba6fb4e0000)
  eden space 986752K, 100% used [0x00002ba6bb4e0000,0x00002ba6f7880000,0x00002ba6f7880000)
  from space 31104K, 62% used [0x00002ba6f9680000,0x00002ba6fa979358,0x00002ba6fb4e0000)
  to   space 30720K, 0% used [0x00002ba6f7880000,0x00002ba6f7880000,0x00002ba6f9680000)
 PSOldGen        total 5242880K, used 1647829K [0x00002ba57b4e0000, 0x00002ba6bb4e0000, 0x00002ba6bb4e0000)
  object space 5242880K, 31% used [0x00002ba57b4e0000,0x00002ba5dfe155a8,0x00002ba6bb4e0000)
 PSPermGen       total 524288K, used 300171K [0x00002ba55b4e0000, 0x00002ba57b4e0000, 0x00002ba57b4e0000)
  object space 524288K, 57% used [0x00002ba55b4e0000,0x00002ba56da02f40,0x00002ba57b4e0000)
36585.562: [GC [PSYoungGen: 1006180K->12175K(1017472K)] 2654010K->1668489K(6260352K), 0.0231900 secs]
Heap after gc invocations=324:
 PSYoungGen      total 1017472K, used 12175K [0x00002ba6bb4e0000, 0x00002ba6fb4e0000, 0x00002ba6fb4e0000)
  eden space 986752K, 0% used [0x00002ba6bb4e0000,0x00002ba6bb4e0000,0x00002ba6f7880000)
  from space 30720K, 39% used [0x00002ba6f7880000,0x00002ba6f8463dc0,0x00002ba6f9680000)
  to   space 30080K, 0% used [0x00002ba6f9780000,0x00002ba6f9780000,0x00002ba6fb4e0000)
 PSOldGen        total 5242880K, used 1656314K [0x00002ba57b4e0000, 0x00002ba6bb4e0000, 0x00002ba6bb4e0000)
  object space 5242880K, 31% used [0x00002ba57b4e0000,0x00002ba5e065e8e0,0x00002ba6bb4e0000)
 PSPermGen       total 524288K, used 300171K [0x00002ba55b4e0000, 0x00002ba57b4e0000, 0x00002ba57b4e0000)
  object space 524288K, 57% used [0x00002ba55b4e0000,0x00002ba56da02f40,0x00002ba57b4e0000)
}
Total time for which application threads were stopped: 0.0983880 seconds
Application time: 39.9973050 seconds
{Heap before gc invocations=325:
 PSYoungGen      total 1017472K, used 998927K [0x00002ba6bb4e0000, 0x00002ba6fb4e0000, 0x00002ba6fb4e0000)
  eden space 986752K, 100% used [0x00002ba6bb4e0000,0x00002ba6f7880000,0x00002ba6f7880000)
  from space 30720K, 39% used [0x00002ba6f7880000,0x00002ba6f8463dc0,0x00002ba6f9680000)
  to   space 30080K, 0% used [0x00002ba6f9780000,0x00002ba6f9780000,0x00002ba6fb4e0000)
 PSOldGen        total 5242880K, used 1656314K [0x00002ba57b4e0000, 0x00002ba6bb4e0000, 0x00002ba6bb4e0000)
  object space 5242880K, 31% used [0x00002ba57b4e0000,0x00002ba5e065e8e0,0x00002ba6bb4e0000)
 PSPermGen       total 524288K, used 300907K [0x00002ba55b4e0000, 0x00002ba57b4e0000, 0x00002ba57b4e0000)
  object space 524288K, 57% used [0x00002ba55b4e0000,0x00002ba56dabad10,0x00002ba57b4e0000)
36634.730: [GC [PSYoungGen: 998927K->20986K(1017728K)] 2655241K->1681640K(6260608K), 0.0643800 secs]
Heap after gc invocations=325:
 PSYoungGen      total 1017728K, used 20986K [0x00002ba6bb4e0000, 0x00002ba6fb4e0000, 0x00002ba6fb4e0000)
  eden space 987648K, 0% used [0x00002ba6bb4e0000,0x00002ba6bb4e0000,0x00002ba6f7960000)
  from space 30080K, 69% used [0x00002ba6f9780000,0x00002ba6fabfea08,0x00002ba6fb4e0000)
  to   space 30464K, 0% used [0x00002ba6f7960000,0x00002ba6f7960000,0x00002ba6f9720000)
 PSOldGen        total 5242880K, used 1660654K [0x00002ba57b4e0000, 0x00002ba6bb4e0000, 0x00002ba6bb4e0000)
  object space 5242880K, 31% used [0x00002ba57b4e0000,0x00002ba5e0a9b8d0,0x00002ba6bb4e0000)
 PSPermGen       total 524288K, used 300907K [0x00002ba55b4e0000, 0x00002ba57b4e0000, 0x00002ba57b4e0000)
  object space 524288K, 57% used [0x00002ba55b4e0000,0x00002ba56dabad10,0x00002ba57b4e0000)
}
Total time for which application threads were stopped: 0.0926500 seconds
Application time: 114.8112620 seconds
{Heap before gc invocations=326:
 PSYoungGen      total 1017728K, used 1008634K [0x00002ba6bb4e0000, 0x00002ba6fb4e0000, 0x00002ba6fb4e0000)
  eden space 987648K, 100% used [0x00002ba6bb4e0000,0x00002ba6f7960000,0x00002ba6f7960000)
  from space 30080K, 69% used [0x00002ba6f9780000,0x00002ba6fabfea08,0x00002ba6fb4e0000)
  to   space 30464K, 0% used [0x00002ba6f7960000,0x00002ba6f7960000,0x00002ba6f9720000)
 PSOldGen        total 5242880K, used 1660654K [0x00002ba57b4e0000, 0x00002ba6bb4e0000, 0x00002ba6bb4e0000)
  object space 5242880K, 31% used [0x00002ba57b4e0000,0x00002ba5e0a9b8d0,0x00002ba6bb4e0000)
 PSPermGen       total 524288K, used 301085K [0x00002ba55b4e0000, 0x00002ba57b4e0000, 0x00002ba57b4e0000)
  object space 524288K, 57% used [0x00002ba55b4e0000,0x00002ba56dae7640,0x00002ba57b4e0000)
36749.660: [GC [PSYoungGen: 1008634K->17014K(1018112K)] 2669288K->1687589K(6260992K), 0.0337620 secs]
Heap after gc invocations=326:
 PSYoungGen      total 1018112K, used 17014K [0x00002ba6bb4e0000, 0x00002ba6fb4e0000, 0x00002ba6fb4e0000)
  eden space 987648K, 0% used [0x00002ba6bb4e0000,0x00002ba6bb4e0000,0x00002ba6f7960000)
  from space 30464K, 55% used [0x00002ba6f7960000,0x00002ba6f89fdbc8,0x00002ba6f9720000)
  to   space 29184K, 0% used [0x00002ba6f9860000,0x00002ba6f9860000,0x00002ba6fb4e0000)
 PSOldGen        total 5242880K, used 1670574K [0x00002ba57b4e0000, 0x00002ba6bb4e0000, 0x00002ba6bb4e0000)
  object space 5242880K, 31% used [0x00002ba57b4e0000,0x00002ba5e144b8e0,0x00002ba6bb4e0000)
 PSPermGen       total 524288K, used 301085K [0x00002ba55b4e0000, 0x00002ba57b4e0000, 0x00002ba57b4e0000)
  object space 524288K, 57% used [0x00002ba55b4e0000,0x00002ba56dae7640,0x00002ba57b4e0000)
}
Total time for which application threads were stopped: 0.0875390 seconds
Application time: 83.0465690 seconds
{Heap before gc invocations=327:
 PSYoungGen      total 1018112K, used 1004662K [0x00002ba6bb4e0000, 0x00002ba6fb4e0000, 0x00002ba6fb4e0000)
  eden space 987648K, 100% used [0x00002ba6bb4e0000,0x00002ba6f7960000,0x00002ba6f7960000)
  from space 30464K, 55% used [0x00002ba6f7960000,0x00002ba6f89fdbc8,0x00002ba6f9720000)
  to   space 29184K, 0% used [0x00002ba6f9860000,0x00002ba6f9860000,0x00002ba6fb4e0000)
 PSOldGen        total 5242880K, used 1670574K [0x00002ba57b4e0000, 0x00002ba6bb4e0000, 0x00002ba6bb4e0000)
  object space 5242880K, 31% used [0x00002ba57b4e0000,0x00002ba5e144b8e0,0x00002ba6bb4e0000)
 PSPermGen       total 524288K, used 301675K [0x00002ba55b4e0000, 0x00002ba57b4e0000, 0x00002ba57b4e0000)
  object space 524288K, 57% used [0x00002ba55b4e0000,0x00002ba56db7ace8,0x00002ba57b4e0000)
36832.815: [GC [PSYoungGen: 1004662K->29164K(987008K)] 2675237K->1734500K(6229888K), 0.1027230 secs]
Heap after gc invocations=327:
 PSYoungGen      total 987008K, used 29164K [0x00002ba6bb4e0000, 0x00002ba6fb4e0000, 0x00002ba6fb4e0000)
  eden space 957824K, 0% used [0x00002ba6bb4e0000,0x00002ba6bb4e0000,0x00002ba6f5c40000)
  from space 29184K, 99% used [0x00002ba6f9860000,0x00002ba6fb4db250,0x00002ba6fb4e0000)
  to   space 45376K, 0% used [0x00002ba6f5c40000,0x00002ba6f5c40000,0x00002ba6f8890000)
 PSOldGen        total 5242880K, used 1705335K [0x00002ba57b4e0000, 0x00002ba6bb4e0000, 0x00002ba6bb4e0000)
  object space 5242880K, 32% used [0x00002ba57b4e0000,0x00002ba5e363dff8,0x00002ba6bb4e0000)
 PSPermGen       total 524288K, used 301675K [0x00002ba55b4e0000, 0x00002ba57b4e0000, 0x00002ba57b4e0000)
  object space 524288K, 57% used [0x00002ba55b4e0000,0x00002ba56db7ace8,0x00002ba57b4e0000)
}
Total time for which application threads were stopped: 0.1777660 seconds
Application time: 61.9472840 seconds
{Heap before gc invocations=328:
 PSYoungGen      total 987008K, used 986988K [0x00002ba6bb4e0000, 0x00002ba6fb4e0000, 0x00002ba6fb4e0000)
  eden space 957824K, 100% used [0x00002ba6bb4e0000,0x00002ba6f5c40000,0x00002ba6f5c40000)
  from space 29184K, 99% used [0x00002ba6f9860000,0x00002ba6fb4db250,0x00002ba6fb4e0000)
  to   space 45376K, 0% used [0x00002ba6f5c40000,0x00002ba6f5c40000,0x00002ba6f8890000)
 PSOldGen        total 5242880K, used 1705335K [0x00002ba57b4e0000, 0x00002ba6bb4e0000, 0x00002ba6bb4e0000)
  object space 5242880K, 32% used [0x00002ba57b4e0000,0x00002ba5e363dff8,0x00002ba6bb4e0000)
 PSPermGen       total 524288K, used 301677K [0x00002ba55b4e0000, 0x00002ba57b4e0000, 0x00002ba57b4e0000)
  object space 524288K, 57% used [0x00002ba55b4e0000,0x00002ba56db7b728,0x00002ba57b4e0000)
36894.968: [GC [PSYoungGen: 986988K->14933K(1003200K)] 2692324K->1729628K(6246080K), 0.0456800 secs]
Heap after gc invocations=328:
 PSYoungGen      total 1003200K, used 14933K [0x00002ba6bb4e0000, 0x00002ba6fb4e0000, 0x00002ba6fb4e0000)
  eden space 957824K, 0% used [0x00002ba6bb4e0000,0x00002ba6bb4e0000,0x00002ba6f5c40000)
  from space 45376K, 32% used [0x00002ba6f5c40000,0x00002ba6f6ad54f8,0x00002ba6f8890000)
  to   space 44096K, 0% used [0x00002ba6f89d0000,0x00002ba6f89d0000,0x00002ba6fb4e0000)
 PSOldGen        total 5242880K, used 1714695K [0x00002ba57b4e0000, 0x00002ba6bb4e0000, 0x00002ba6bb4e0000)
  object space 5242880K, 32% used [0x00002ba57b4e0000,0x00002ba5e3f61e90,0x00002ba6bb4e0000)
 PSPermGen       total 524288K, used 301677K [0x00002ba55b4e0000, 0x00002ba57b4e0000, 0x00002ba57b4e0000)
  object space 524288K, 57% used [0x00002ba55b4e0000,0x00002ba56db7b728,0x00002ba57b4e0000)
}
Total time for which application threads were stopped: 0.1482100 seconds
Application time: 119.8172080 seconds
{Heap before gc invocations=329:
 PSYoungGen      total 1003200K, used 972757K [0x00002ba6bb4e0000, 0x00002ba6fb4e0000, 0x00002ba6fb4e0000)
  eden space 957824K, 100% used [0x00002ba6bb4e0000,0x00002ba6f5c40000,0x00002ba6f5c40000)
  from space 45376K, 32% used [0x00002ba6f5c40000,0x00002ba6f6ad54f8,0x00002ba6f8890000)
  to   space 44096K, 0% used [0x00002ba6f89d0000,0x00002ba6f89d0000,0x00002ba6fb4e0000)
 PSOldGen        total 5242880K, used 1714695K [0x00002ba57b4e0000, 0x00002ba6bb4e0000, 0x00002ba6bb4e0000)
  object space 5242880K, 32% used [0x00002ba57b4e0000,0x00002ba5e3f61e90,0x00002ba6bb4e0000)
 PSPermGen       total 524288K, used 302034K [0x00002ba55b4e0000, 0x00002ba57b4e0000, 0x00002ba57b4e0000)
  object space 524288K, 57% used [0x00002ba55b4e0000,0x00002ba56dbd4860,0x00002ba57b4e0000)
37014.858: [GC [PSYoungGen: 972757K->11140K(1005120K)] 2687452K->1732201K(6248000K), 0.0246540 secs]
Heap after gc invocations=329:
 PSYoungGen      total 1005120K, used 11140K [0x00002ba6bb4e0000, 0x00002ba6fb4e0000, 0x00002ba6fb4e0000)
  eden space 961024K, 0% used [0x00002ba6bb4e0000,0x00002ba6bb4e0000,0x00002ba6f5f60000)
  from space 44096K, 25% used [0x00002ba6f89d0000,0x00002ba6f94b11c8,0x00002ba6fb4e0000)
  to   space 43456K, 0% used [0x00002ba6f5f60000,0x00002ba6f5f60000,0x00002ba6f89d0000)
 PSOldGen        total 5242880K, used 1721060K [0x00002ba57b4e0000, 0x00002ba6bb4e0000, 0x00002ba6bb4e0000)
  object space 5242880K, 32% used [0x00002ba57b4e0000,0x00002ba5e45993c8,0x00002ba6bb4e0000)
 PSPermGen       total 524288K, used 302034K [0x00002ba55b4e0000, 0x00002ba57b4e0000, 0x00002ba57b4e0000)
  object space 524288K, 57% used [0x00002ba55b4e0000,0x00002ba56dbd4860,0x00002ba57b4e0000)
}
Total time for which application threads were stopped: 0.0526240 seconds
Application time: 81.5785140 seconds
{Heap before gc invocations=330:
 PSYoungGen      total 1005120K, used 972164K [0x00002ba6bb4e0000, 0x00002ba6fb4e0000, 0x00002ba6fb4e0000)
  eden space 961024K, 100% used [0x00002ba6bb4e0000,0x00002ba6f5f60000,0x00002ba6f5f60000)
  from space 44096K, 25% used [0x00002ba6f89d0000,0x00002ba6f94b11c8,0x00002ba6fb4e0000)
  to   space 43456K, 0% used [0x00002ba6f5f60000,0x00002ba6f5f60000,0x00002ba6f89d0000)
 PSOldGen        total 5242880K, used 1721060K [0x00002ba57b4e0000, 0x00002ba6bb4e0000, 0x00002ba6bb4e0000)
  object space 5242880K, 32% used [0x00002ba57b4e0000,0x00002ba5e45993c8,0x00002ba6bb4e0000)
 PSPermGen       total 524288K, used 302209K [0x00002ba55b4e0000, 0x00002ba57b4e0000, 0x00002ba57b4e0000)
  object space 524288K, 57% used [0x00002ba55b4e0000,0x00002ba56dc00768,0x00002ba57b4e0000)
37096.516: [GC [PSYoungGen: 972164K->11660K(1004480K)] 2693225K->1739955K(6247360K), 0.0273000 secs]
Heap after gc invocations=330:
 PSYoungGen      total 1004480K, used 11660K [0x00002ba6bb4e0000, 0x00002ba6fb4e0000, 0x00002ba6fb4e0000)
  eden space 961024K, 0% used [0x00002ba6bb4e0000,0x00002ba6bb4e0000,0x00002ba6f5f60000)
  from space 43456K, 26% used [0x00002ba6f5f60000,0x00002ba6f6ac31c8,0x00002ba6f89d0000)
  to   space 42496K, 0% used [0x00002ba6f8b60000,0x00002ba6f8b60000,0x00002ba6fb4e0000)
 PSOldGen        total 5242880K, used 1728295K [0x00002ba57b4e0000, 0x00002ba6bb4e0000, 0x00002ba6bb4e0000)
  object space 5242880K, 32% used [0x00002ba57b4e0000,0x00002ba5e4ca9dc0,0x00002ba6bb4e0000)
 PSPermGen       total 524288K, used 302209K [0x00002ba55b4e0000, 0x00002ba57b4e0000, 0x00002ba57b4e0000)
  object space 524288K, 57% used [0x00002ba55b4e0000,0x00002ba56dc00768,0x00002ba57b4e0000)
}
Total time for which application threads were stopped: 0.0811930 seconds
Application time: 57.7147490 seconds
{Heap before gc invocations=331:
 PSYoungGen      total 1004480K, used 972684K [0x00002ba6bb4e0000, 0x00002ba6fb4e0000, 0x00002ba6fb4e0000)
  eden space 961024K, 100% used [0x00002ba6bb4e0000,0x00002ba6f5f60000,0x00002ba6f5f60000)
  from space 43456K, 26% used [0x00002ba6f5f60000,0x00002ba6f6ac31c8,0x00002ba6f89d0000)
  to   space 42496K, 0% used [0x00002ba6f8b60000,0x00002ba6f8b60000,0x00002ba6fb4e0000)
 PSOldGen        total 5242880K, used 1728295K [0x00002ba57b4e0000, 0x00002ba6bb4e0000, 0x00002ba6bb4e0000)
  object space 5242880K, 32% used [0x00002ba57b4e0000,0x00002ba5e4ca9dc0,0x00002ba6bb4e0000)
 PSPermGen       total 524288K, used 302562K [0x00002ba55b4e0000, 0x00002ba57b4e0000, 0x00002ba57b4e0000)
  object space 524288K, 57% used [0x00002ba55b4e0000,0x00002ba56dc58888,0x00002ba57b4e0000)
37154.333: [GC [PSYoungGen: 972684K->13925K(1007552K)] 2700979K->1747343K(6250432K), 0.0388230 secs]
Heap after gc invocations=331:
 PSYoungGen      total 1007552K, used 13925K [0x00002ba6bb4e0000, 0x00002ba6fb4e0000, 0x00002ba6fb4e0000)
  eden space 965056K, 0% used [0x00002ba6bb4e0000,0x00002ba6bb4e0000,0x00002ba6f6350000)
  from space 42496K, 32% used [0x00002ba6f8b60000,0x00002ba6f98f97f0,0x00002ba6fb4e0000)
  to   space 41024K, 0% used [0x00002ba6f6350000,0x00002ba6f6350000,0x00002ba6f8b60000)
 PSOldGen        total 5242880K, used 1733417K [0x00002ba57b4e0000, 0x00002ba6bb4e0000, 0x00002ba6bb4e0000)
  object space 5242880K, 33% used [0x00002ba57b4e0000,0x00002ba5e51aa690,0x00002ba6bb4e0000)
 PSPermGen       total 524288K, used 302562K [0x00002ba55b4e0000, 0x00002ba57b4e0000, 0x00002ba57b4e0000)
  object space 524288K, 57% used [0x00002ba55b4e0000,0x00002ba56dc58888,0x00002ba57b4e0000)
}
Total time for which application threads were stopped: 0.1138960 seconds
Application time: 64.7338470 seconds
{Heap before gc invocations=332:
 PSYoungGen      total 1007552K, used 978981K [0x00002ba6bb4e0000, 0x00002ba6fb4e0000, 0x00002ba6fb4e0000)
  eden space 965056K, 100% used [0x00002ba6bb4e0000,0x00002ba6f6350000,0x00002ba6f6350000)
  from space 42496K, 32% used [0x00002ba6f8b60000,0x00002ba6f98f97f0,0x00002ba6fb4e0000)
  to   space 41024K, 0% used [0x00002ba6f6350000,0x00002ba6f6350000,0x00002ba6f8b60000)
 PSOldGen        total 5242880K, used 1733417K [0x00002ba57b4e0000, 0x00002ba6bb4e0000, 0x00002ba6bb4e0000)
  object space 5242880K, 33% used [0x00002ba57b4e0000,0x00002ba5e51aa690,0x00002ba6bb4e0000)
 PSPermGen       total 524288K, used 302912K [0x00002ba55b4e0000, 0x00002ba57b4e0000, 0x00002ba57b4e0000)
  object space 524288K, 57% used [0x00002ba55b4e0000,0x00002ba56dcb03d0,0x00002ba57b4e0000)
37219.208: [GC [PSYoungGen: 978981K->14441K(1006080K)] 2712399K->1752520K(6248960K), 0.0266580 secs]
Heap after gc invocations=332:
 PSYoungGen      total 1006080K, used 14441K [0x00002ba6bb4e0000, 0x00002ba6fb4e0000, 0x00002ba6fb4e0000)
  eden space 965056K, 0% used [0x00002ba6bb4e0000,0x00002ba6bb4e0000,0x00002ba6f6350000)
  from space 41024K, 35% used [0x00002ba6f6350000,0x00002ba6f716a7e8,0x00002ba6f8b60000)
  to   space 39488K, 0% used [0x00002ba6f8e50000,0x00002ba6f8e50000,0x00002ba6fb4e0000)
 PSOldGen        total 5242880K, used 1738078K [0x00002ba57b4e0000, 0x00002ba6bb4e0000, 0x00002ba6bb4e0000)
  object space 5242880K, 33% used [0x00002ba57b4e0000,0x00002ba5e5637830,0x00002ba6bb4e0000)
 PSPermGen       total 524288K, used 302912K [0x00002ba55b4e0000, 0x00002ba57b4e0000, 0x00002ba57b4e0000)
  object space 524288K, 57% used [0x00002ba55b4e0000,0x00002ba56dcb03d0,0x00002ba57b4e0000)
}
Total time for which application threads were stopped: 0.1290890 seconds
Application time: 48.7804310 seconds
{Heap before gc invocations=333:
 PSYoungGen      total 1006080K, used 979497K [0x00002ba6bb4e0000, 0x00002ba6fb4e0000, 0x00002ba6fb4e0000)
  eden space 965056K, 100% used [0x00002ba6bb4e0000,0x00002ba6f6350000,0x00002ba6f6350000)
  from space 41024K, 35% used [0x00002ba6f6350000,0x00002ba6f716a7e8,0x00002ba6f8b60000)
  to   space 39488K, 0% used [0x00002ba6f8e50000,0x00002ba6f8e50000,0x00002ba6fb4e0000)
 PSOldGen        total 5242880K, used 1738078K [0x00002ba57b4e0000, 0x00002ba6bb4e0000, 0x00002ba6bb4e0000)
  object space 5242880K, 33% used [0x00002ba57b4e0000,0x00002ba5e5637830,0x00002ba6bb4e0000)
 PSPermGen       total 524288K, used 303117K [0x00002ba55b4e0000, 0x00002ba57b4e0000, 0x00002ba57b4e0000)
  object space 524288K, 57% used [0x00002ba55b4e0000,0x00002ba56dce36c0,0x00002ba57b4e0000)
37268.043: [GC [PSYoungGen: 979497K->13514K(1010432K)] 2717576K->1759688K(6253312K), 0.0300390 secs]
Heap after gc invocations=333:
 PSYoungGen      total 1010432K, used 13514K [0x00002ba6bb4e0000, 0x00002ba6fb4e0000, 0x00002ba6fb4e0000)
  eden space 970944K, 0% used [0x00002ba6bb4e0000,0x00002ba6bb4e0000,0x00002ba6f6910000)
  from space 39488K, 34% used [0x00002ba6f8e50000,0x00002ba6f9b82b28,0x00002ba6fb4e0000)
  to   space 38144K, 0% used [0x00002ba6f6910000,0x00002ba6f6910000,0x00002ba6f8e50000)
 PSOldGen        total 5242880K, used 1746173K [0x00002ba57b4e0000, 0x00002ba6bb4e0000, 0x00002ba6bb4e0000)
  object space 5242880K, 33% used [0x00002ba57b4e0000,0x00002ba5e5e1f688,0x00002ba6bb4e0000)
 PSPermGen       total 524288K, used 303117K [0x00002ba55b4e0000, 0x00002ba57b4e0000, 0x00002ba57b4e0000)
  object space 524288K, 57% used [0x00002ba55b4e0000,0x00002ba56dce36c0,0x00002ba57b4e0000)
}
Total time for which application threads were stopped: 0.0580190 seconds
Application time: 98.0831070 seconds
{Heap before gc invocations=334:
 PSYoungGen      total 1010432K, used 984458K [0x00002ba6bb4e0000, 0x00002ba6fb4e0000, 0x00002ba6fb4e0000)
  eden space 970944K, 100% used [0x00002ba6bb4e0000,0x00002ba6f6910000,0x00002ba6f6910000)
  from space 39488K, 34% used [0x00002ba6f8e50000,0x00002ba6f9b82b28,0x00002ba6fb4e0000)
  to   space 38144K, 0% used [0x00002ba6f6910000,0x00002ba6f6910000,0x00002ba6f8e50000)
 PSOldGen        total 5242880K, used 1746173K [0x00002ba57b4e0000, 0x00002ba6bb4e0000, 0x00002ba6bb4e0000)
  object space 5242880K, 33% used [0x00002ba57b4e0000,0x00002ba5e5e1f688,0x00002ba6bb4e0000)
 PSPermGen       total 524288K, used 303656K [0x00002ba55b4e0000, 0x00002ba57b4e0000, 0x00002ba57b4e0000)
  object space 524288K, 57% used [0x00002ba55b4e0000,0x00002ba56dd6a010,0x00002ba57b4e0000)
37366.210: [GC [PSYoungGen: 984458K->13125K(1009088K)] 2730632K->1767459K(6251968K), 0.0284660 secs]
Heap after gc invocations=334:
 PSYoungGen      total 1009088K, used 13125K [0x00002ba6bb4e0000, 0x00002ba6fb4e0000, 0x00002ba6fb4e0000)
  eden space 970944K, 0% used [0x00002ba6bb4e0000,0x00002ba6bb4e0000,0x00002ba6f6910000)
  from space 38144K, 34% used [0x00002ba6f6910000,0x00002ba6f75e14c0,0x00002ba6f8e50000)
  to   space 36864K, 0% used [0x00002ba6f90e0000,0x00002ba6f90e0000,0x00002ba6fb4e0000)
 PSOldGen        total 5242880K, used 1754334K [0x00002ba57b4e0000, 0x00002ba6bb4e0000, 0x00002ba6bb4e0000)
  object space 5242880K, 33% used [0x00002ba57b4e0000,0x00002ba5e6617b10,0x00002ba6bb4e0000)
 PSPermGen       total 524288K, used 303656K [0x00002ba55b4e0000, 0x00002ba57b4e0000, 0x00002ba57b4e0000)
  object space 524288K, 57% used [0x00002ba55b4e0000,0x00002ba56dd6a010,0x00002ba57b4e0000)
}
Total time for which application threads were stopped: 0.0826710 seconds
Application time: 74.7930960 seconds
{Heap before gc invocations=335:
 PSYoungGen      total 1009088K, used 984069K [0x00002ba6bb4e0000, 0x00002ba6fb4e0000, 0x00002ba6fb4e0000)
  eden space 970944K, 100% used [0x00002ba6bb4e0000,0x00002ba6f6910000,0x00002ba6f6910000)
  from space 38144K, 34% used [0x00002ba6f6910000,0x00002ba6f75e14c0,0x00002ba6f8e50000)
  to   space 36864K, 0% used [0x00002ba6f90e0000,0x00002ba6f90e0000,0x00002ba6fb4e0000)
 PSOldGen        total 5242880K, used 1754334K [0x00002ba57b4e0000, 0x00002ba6bb4e0000, 0x00002ba6bb4e0000)
  object space 5242880K, 33% used [0x00002ba57b4e0000,0x00002ba5e6617b10,0x00002ba6bb4e0000)
 PSPermGen       total 524288K, used 304028K [0x00002ba55b4e0000, 0x00002ba57b4e0000, 0x00002ba57b4e0000)
  object space 524288K, 57% used [0x00002ba55b4e0000,0x00002ba56ddc71c8,0x00002ba57b4e0000)
37441.107: [GC [PSYoungGen: 984069K->10805K(1012608K)] 2738403K->1772128K(6255488K), 0.0255960 secs]
Heap after gc invocations=335:
 PSYoungGen      total 1012608K, used 10805K [0x00002ba6bb4e0000, 0x00002ba6fb4e0000, 0x00002ba6fb4e0000)
  eden space 975744K, 0% used [0x00002ba6bb4e0000,0x00002ba6bb4e0000,0x00002ba6f6dc0000)
  from space 36864K, 29% used [0x00002ba6f90e0000,0x00002ba6f9b6d770,0x00002ba6fb4e0000)
  to   space 35968K, 0% used [0x00002ba6f6dc0000,0x00002ba6f6dc0000,0x00002ba6f90e0000)
 PSOldGen        total 5242880K, used 1761322K [0x00002ba57b4e0000, 0x00002ba6bb4e0000, 0x00002ba6bb4e0000)
  object space 5242880K, 33% used [0x00002ba57b4e0000,0x00002ba5e6ceab10,0x00002ba6bb4e0000)
 PSPermGen       total 524288K, used 304028K [0x00002ba55b4e0000, 0x00002ba57b4e0000, 0x00002ba57b4e0000)
  object space 524288K, 57% used [0x00002ba55b4e0000,0x00002ba56ddc71c8,0x00002ba57b4e0000)
}
Total time for which application threads were stopped: 0.1011200 seconds
Application time: 49.0008570 seconds
{Heap before gc invocations=336:
 PSYoungGen      total 1012608K, used 986549K [0x00002ba6bb4e0000, 0x00002ba6fb4e0000, 0x00002ba6fb4e0000)
  eden space 975744K, 100% used [0x00002ba6bb4e0000,0x00002ba6f6dc0000,0x00002ba6f6dc0000)
  from space 36864K, 29% used [0x00002ba6f90e0000,0x00002ba6f9b6d770,0x00002ba6fb4e0000)
  to   space 35968K, 0% used [0x00002ba6f6dc0000,0x00002ba6f6dc0000,0x00002ba6f90e0000)
 PSOldGen        total 5242880K, used 1761322K [0x00002ba57b4e0000, 0x00002ba6bb4e0000, 0x00002ba6bb4e0000)
  object space 5242880K, 33% used [0x00002ba57b4e0000,0x00002ba5e6ceab10,0x00002ba6bb4e0000)
 PSPermGen       total 524288K, used 304201K [0x00002ba55b4e0000, 0x00002ba57b4e0000, 0x00002ba57b4e0000)
  object space 524288K, 58% used [0x00002ba55b4e0000,0x00002ba56ddf2748,0x00002ba57b4e0000)
37490.238: [GC [PSYoungGen: 986549K->10854K(1011712K)] 2747872K->1779081K(6254592K), 0.0272430 secs]
Heap after gc invocations=336:
 PSYoungGen      total 1011712K, used 10854K [0x00002ba6bb4e0000, 0x00002ba6fb4e0000, 0x00002ba6fb4e0000)
  eden space 975744K, 0% used [0x00002ba6bb4e0000,0x00002ba6bb4e0000,0x00002ba6f6dc0000)
  from space 35968K, 30% used [0x00002ba6f6dc0000,0x00002ba6f7859b58,0x00002ba6f90e0000)
  to   space 35008K, 0% used [0x00002ba6f92b0000,0x00002ba6f92b0000,0x00002ba6fb4e0000)
 PSOldGen        total 5242880K, used 1768227K [0x00002ba57b4e0000, 0x00002ba6bb4e0000, 0x00002ba6bb4e0000)
  object space 5242880K, 33% used [0x00002ba57b4e0000,0x00002ba5e73a8c48,0x00002ba6bb4e0000)
 PSPermGen       total 524288K, used 304201K [0x00002ba55b4e0000, 0x00002ba57b4e0000, 0x00002ba57b4e0000)
  object space 524288K, 58% used [0x00002ba55b4e0000,0x00002ba56ddf2748,0x00002ba57b4e0000)
}
Total time for which application threads were stopped: 0.1312160 seconds
Application time: 14.1322730 seconds
{Heap before gc invocations=337:
 PSYoungGen      total 1011712K, used 986598K [0x00002ba6bb4e0000, 0x00002ba6fb4e0000, 0x00002ba6fb4e0000)
  eden space 975744K, 100% used [0x00002ba6bb4e0000,0x00002ba6f6dc0000,0x00002ba6f6dc0000)
  from space 35968K, 30% used [0x00002ba6f6dc0000,0x00002ba6f7859b58,0x00002ba6f90e0000)
  to   space 35008K, 0% used [0x00002ba6f92b0000,0x00002ba6f92b0000,0x00002ba6fb4e0000)
 PSOldGen        total 5242880K, used 1768227K [0x00002ba57b4e0000, 0x00002ba6bb4e0000, 0x00002ba6bb4e0000)
  object space 5242880K, 33% used [0x00002ba57b4e0000,0x00002ba5e73a8c48,0x00002ba6bb4e0000)
 PSPermGen       total 524288K, used 304377K [0x00002ba55b4e0000, 0x00002ba57b4e0000, 0x00002ba57b4e0000)
  object space 524288K, 58% used [0x00002ba55b4e0000,0x00002ba56de1e4d0,0x00002ba57b4e0000)
37504.399: [GC [PSYoungGen: 986598K->15919K(1015424K)] 2754825K->1791295K(6258304K), 0.0296310 secs]
Heap after gc invocations=337:
 PSYoungGen      total 1015424K, used 15919K [0x00002ba6bb4e0000, 0x00002ba6fb4e0000, 0x00002ba6fb4e0000)
  eden space 980416K, 0% used [0x00002ba6bb4e0000,0x00002ba6bb4e0000,0x00002ba6f7250000)
  from space 35008K, 45% used [0x00002ba6f92b0000,0x00002ba6fa23bc18,0x00002ba6fb4e0000)
  to   space 33152K, 0% used [0x00002ba6f7250000,0x00002ba6f7250000,0x00002ba6f92b0000)
 PSOldGen        total 5242880K, used 1775376K [0x00002ba57b4e0000, 0x00002ba6bb4e0000, 0x00002ba6bb4e0000)
  object space 5242880K, 33% used [0x00002ba57b4e0000,0x00002ba5e7aa41d0,0x00002ba6bb4e0000)
 PSPermGen       total 524288K, used 304377K [0x00002ba55b4e0000, 0x00002ba57b4e0000, 0x00002ba57b4e0000)
  object space 524288K, 58% used [0x00002ba55b4e0000,0x00002ba56de1e4d0,0x00002ba57b4e0000)
}
Total time for which application threads were stopped: 0.0312280 seconds
Application time: 45.6302530 seconds
{Heap before gc invocations=338:
 PSYoungGen      total 1015424K, used 996335K [0x00002ba6bb4e0000, 0x00002ba6fb4e0000, 0x00002ba6fb4e0000)
  eden space 980416K, 100% used [0x00002ba6bb4e0000,0x00002ba6f7250000,0x00002ba6f7250000)
  from space 35008K, 45% used [0x00002ba6f92b0000,0x00002ba6fa23bc18,0x00002ba6fb4e0000)
  to   space 33152K, 0% used [0x00002ba6f7250000,0x00002ba6f7250000,0x00002ba6f92b0000)
 PSOldGen        total 5242880K, used 1775376K [0x00002ba57b4e0000, 0x00002ba6bb4e0000, 0x00002ba6bb4e0000)
  object space 5242880K, 33% used [0x00002ba57b4e0000,0x00002ba5e7aa41d0,0x00002ba6bb4e0000)
 PSPermGen       total 524288K, used 304561K [0x00002ba55b4e0000, 0x00002ba57b4e0000, 0x00002ba57b4e0000)
  object space 524288K, 58% used [0x00002ba55b4e0000,0x00002ba56de4c698,0x00002ba57b4e0000)
37550.060: [GC [PSYoungGen: 996335K->18181K(1013568K)] 2771711K->1802383K(6256448K), 0.0291550 secs]
Heap after gc invocations=338:
 PSYoungGen      total 1013568K, used 18181K [0x00002ba6bb4e0000, 0x00002ba6fb4e0000, 0x00002ba6fb4e0000)
  eden space 980416K, 0% used [0x00002ba6bb4e0000,0x00002ba6bb4e0000,0x00002ba6f7250000)
  from space 33152K, 54% used [0x00002ba6f7250000,0x00002ba6f84117e0,0x00002ba6f92b0000)
  to   space 32256K, 0% used [0x00002ba6f9560000,0x00002ba6f9560000,0x00002ba6fb4e0000)
 PSOldGen        total 5242880K, used 1784201K [0x00002ba57b4e0000, 0x00002ba6bb4e0000, 0x00002ba6bb4e0000)
  object space 5242880K, 34% used [0x00002ba57b4e0000,0x00002ba5e83427f0,0x00002ba6bb4e0000)
 PSPermGen       total 524288K, used 304561K [0x00002ba55b4e0000, 0x00002ba57b4e0000, 0x00002ba57b4e0000)
  object space 524288K, 58% used [0x00002ba55b4e0000,0x00002ba56de4c698,0x00002ba57b4e0000)
}
Total time for which application threads were stopped: 0.0306710 seconds
Application time: 74.6388400 seconds
{Heap before gc invocations=339:
 PSYoungGen      total 1013568K, used 998597K [0x00002ba6bb4e0000, 0x00002ba6fb4e0000, 0x00002ba6fb4e0000)
  eden space 980416K, 100% used [0x00002ba6bb4e0000,0x00002ba6f7250000,0x00002ba6f7250000)
  from space 33152K, 54% used [0x00002ba6f7250000,0x00002ba6f84117e0,0x00002ba6f92b0000)
  to   space 32256K, 0% used [0x00002ba6f9560000,0x00002ba6f9560000,0x00002ba6fb4e0000)
 PSOldGen        total 5242880K, used 1784201K [0x00002ba57b4e0000, 0x00002ba6bb4e0000, 0x00002ba6bb4e0000)
  object space 5242880K, 34% used [0x00002ba57b4e0000,0x00002ba5e83427f0,0x00002ba6bb4e0000)
 PSPermGen       total 524288K, used 305601K [0x00002ba55b4e0000, 0x00002ba57b4e0000, 0x00002ba57b4e0000)
  object space 524288K, 58% used [0x00002ba55b4e0000,0x00002ba56df50570,0x00002ba57b4e0000)
37624.730: [GC [PSYoungGen: 998597K->16187K(1017920K)] 2782799K->1807529K(6260800K), 0.0331170 secs]
Heap after gc invocations=339:
 PSYoungGen      total 1017920K, used 16187K [0x00002ba6bb4e0000, 0x00002ba6fb4e0000, 0x00002ba6fb4e0000)
  eden space 985664K, 0% used [0x00002ba6bb4e0000,0x00002ba6bb4e0000,0x00002ba6f7770000)
  from space 32256K, 50% used [0x00002ba6f9560000,0x00002ba6fa52ec38,0x00002ba6fb4e0000)
  to   space 30656K, 0% used [0x00002ba6f7770000,0x00002ba6f7770000,0x00002ba6f9560000)
 PSOldGen        total 5242880K, used 1791342K [0x00002ba57b4e0000, 0x00002ba6bb4e0000, 0x00002ba6bb4e0000)
  object space 5242880K, 34% used [0x00002ba57b4e0000,0x00002ba5e8a3ba48,0x00002ba6bb4e0000)
 PSPermGen       total 524288K, used 305601K [0x00002ba55b4e0000, 0x00002ba57b4e0000, 0x00002ba57b4e0000)
  object space 524288K, 58% used [0x00002ba55b4e0000,0x00002ba56df50570,0x00002ba57b4e0000)
}
Total time for which application threads were stopped: 0.0347950 seconds
Application time: 49.9764230 seconds
{Heap before gc invocations=340:
 PSYoungGen      total 1017920K, used 1001851K [0x00002ba6bb4e0000, 0x00002ba6fb4e0000, 0x00002ba6fb4e0000)
  eden space 985664K, 100% used [0x00002ba6bb4e0000,0x00002ba6f7770000,0x00002ba6f7770000)
  from space 32256K, 50% used [0x00002ba6f9560000,0x00002ba6fa52ec38,0x00002ba6fb4e0000)
  to   space 30656K, 0% used [0x00002ba6f7770000,0x00002ba6f7770000,0x00002ba6f9560000)
 PSOldGen        total 5242880K, used 1791342K [0x00002ba57b4e0000, 0x00002ba6bb4e0000, 0x00002ba6bb4e0000)
  object space 5242880K, 34% used [0x00002ba57b4e0000,0x00002ba5e8a3ba48,0x00002ba6bb4e0000)
 PSPermGen       total 524288K, used 306157K [0x00002ba55b4e0000, 0x00002ba57b4e0000, 0x00002ba57b4e0000)
  object space 524288K, 58% used [0x00002ba55b4e0000,0x00002ba56dfdb488,0x00002ba57b4e0000)
37674.741: [GC [PSYoungGen: 1001851K->13793K(1016320K)] 2793193K->1815216K(6259200K), 0.0323330 secs]
Heap after gc invocations=340:
 PSYoungGen      total 1016320K, used 13793K [0x00002ba6bb4e0000, 0x00002ba6fb4e0000, 0x00002ba6fb4e0000)
  eden space 985664K, 0% used [0x00002ba6bb4e0000,0x00002ba6bb4e0000,0x00002ba6f7770000)
  from space 30656K, 44% used [0x00002ba6f7770000,0x00002ba6f84e8430,0x00002ba6f9560000)
  to   space 29632K, 0% used [0x00002ba6f97f0000,0x00002ba6f97f0000,0x00002ba6fb4e0000)
 PSOldGen        total 5242880K, used 1801423K [0x00002ba57b4e0000, 0x00002ba6bb4e0000, 0x00002ba6bb4e0000)
  object space 5242880K, 34% used [0x00002ba57b4e0000,0x00002ba5e9413d28,0x00002ba6bb4e0000)
 PSPermGen       total 524288K, used 306157K [0x00002ba55b4e0000, 0x00002ba57b4e0000, 0x00002ba57b4e0000)
  object space 524288K, 58% used [0x00002ba55b4e0000,0x00002ba56dfdb488,0x00002ba57b4e0000)
}
Total time for which application threads were stopped: 0.0341160 seconds
Application time: 65.5412670 seconds
{Heap before gc invocations=341:
 PSYoungGen      total 1016320K, used 999457K [0x00002ba6bb4e0000, 0x00002ba6fb4e0000, 0x00002ba6fb4e0000)
  eden space 985664K, 100% used [0x00002ba6bb4e0000,0x00002ba6f7770000,0x00002ba6f7770000)
  from space 30656K, 44% used [0x00002ba6f7770000,0x00002ba6f84e8430,0x00002ba6f9560000)
  to   space 29632K, 0% used [0x00002ba6f97f0000,0x00002ba6f97f0000,0x00002ba6fb4e0000)
 PSOldGen        total 5242880K, used 1801423K [0x00002ba57b4e0000, 0x00002ba6bb4e0000, 0x00002ba6bb4e0000)
  object space 5242880K, 34% used [0x00002ba57b4e0000,0x00002ba5e9413d28,0x00002ba6bb4e0000)
 PSPermGen       total 524288K, used 306506K [0x00002ba55b4e0000, 0x00002ba57b4e0000, 0x00002ba57b4e0000)
  object space 524288K, 58% used [0x00002ba55b4e0000,0x00002ba56e032a28,0x00002ba57b4e0000)
37740.317: [GC [PSYoungGen: 999457K->15294K(1020224K)] 2800880K->1825557K(6263104K), 0.0255460 secs]
Heap after gc invocations=341:
 PSYoungGen      total 1020224K, used 15294K [0x00002ba6bb4e0000, 0x00002ba6fb4e0000, 0x00002ba6fb4e0000)
  eden space 990592K, 0% used [0x00002ba6bb4e0000,0x00002ba6bb4e0000,0x00002ba6f7c40000)
  from space 29632K, 51% used [0x00002ba6f97f0000,0x00002ba6fa6df8e0,0x00002ba6fb4e0000)
  to   space 28352K, 0% used [0x00002ba6f7c40000,0x00002ba6f7c40000,0x00002ba6f97f0000)
 PSOldGen        total 5242880K, used 1810262K [0x00002ba57b4e0000, 0x00002ba6bb4e0000, 0x00002ba6bb4e0000)
  object space 5242880K, 34% used [0x00002ba57b4e0000,0x00002ba5e9cb5b20,0x00002ba6bb4e0000)
 PSPermGen       total 524288K, used 306506K [0x00002ba55b4e0000, 0x00002ba57b4e0000, 0x00002ba57b4e0000)
  object space 524288K, 58% used [0x00002ba55b4e0000,0x00002ba56e032a28,0x00002ba57b4e0000)
}
Total time for which application threads were stopped: 0.0273240 seconds
Application time: 87.0518780 seconds
{Heap before gc invocations=342:
 PSYoungGen      total 1020224K, used 1005886K [0x00002ba6bb4e0000, 0x00002ba6fb4e0000, 0x00002ba6fb4e0000)
  eden space 990592K, 100% used [0x00002ba6bb4e0000,0x00002ba6f7c40000,0x00002ba6f7c40000)
  from space 29632K, 51% used [0x00002ba6f97f0000,0x00002ba6fa6df8e0,0x00002ba6fb4e0000)
  to   space 28352K, 0% used [0x00002ba6f7c40000,0x00002ba6f7c40000,0x00002ba6f97f0000)
 PSOldGen        total 5242880K, used 1810262K [0x00002ba57b4e0000, 0x00002ba6bb4e0000, 0x00002ba6bb4e0000)
  object space 5242880K, 34% used [0x00002ba57b4e0000,0x00002ba5e9cb5b20,0x00002ba6bb4e0000)
 PSPermGen       total 524288K, used 307024K [0x00002ba55b4e0000, 0x00002ba57b4e0000, 0x00002ba57b4e0000)
  object space 524288K, 58% used [0x00002ba55b4e0000,0x00002ba56e0b41a0,0x00002ba57b4e0000)
37827.396: [GC [PSYoungGen: 1005886K->13009K(1018944K)] 2816149K->1832050K(6261824K), 0.0243400 secs]
Heap after gc invocations=342:
 PSYoungGen      total 1018944K, used 13009K [0x00002ba6bb4e0000, 0x00002ba6fb4e0000, 0x00002ba6fb4e0000)
  eden space 990592K, 0% used [0x00002ba6bb4e0000,0x00002ba6bb4e0000,0x00002ba6f7c40000)
  from space 28352K, 45% used [0x00002ba6f7c40000,0x00002ba6f88f45e0,0x00002ba6f97f0000)
  to   space 27648K, 0% used [0x00002ba6f99e0000,0x00002ba6f99e0000,0x00002ba6fb4e0000)
 PSOldGen        total 5242880K, used 1819040K [0x00002ba57b4e0000, 0x00002ba6bb4e0000, 0x00002ba6bb4e0000)
  object space 5242880K, 34% used [0x00002ba57b4e0000,0x00002ba5ea548308,0x00002ba6bb4e0000)
 PSPermGen       total 524288K, used 307024K [0x00002ba55b4e0000, 0x00002ba57b4e0000, 0x00002ba57b4e0000)
  object space 524288K, 58% used [0x00002ba55b4e0000,0x00002ba56e0b41a0,0x00002ba57b4e0000)
}
Total time for which application threads were stopped: 0.0261210 seconds
Application time: 72.0079460 seconds
{Heap before gc invocations=343:
 PSYoungGen      total 1018944K, used 1003601K [0x00002ba6bb4e0000, 0x00002ba6fb4e0000, 0x00002ba6fb4e0000)
  eden space 990592K, 100% used [0x00002ba6bb4e0000,0x00002ba6f7c40000,0x00002ba6f7c40000)
  from space 28352K, 45% used [0x00002ba6f7c40000,0x00002ba6f88f45e0,0x00002ba6f97f0000)
  to   space 27648K, 0% used [0x00002ba6f99e0000,0x00002ba6f99e0000,0x00002ba6fb4e0000)
 PSOldGen        total 5242880K, used 1819040K [0x00002ba57b4e0000, 0x00002ba6bb4e0000, 0x00002ba6bb4e0000)
  object space 5242880K, 34% used [0x00002ba57b4e0000,0x00002ba5ea548308,0x00002ba6bb4e0000)
 PSPermGen       total 524288K, used 307921K [0x00002ba55b4e0000, 0x00002ba57b4e0000, 0x00002ba57b4e0000)
  object space 524288K, 58% used [0x00002ba55b4e0000,0x00002ba56e194758,0x00002ba57b4e0000)
37899.430: [GC [PSYoungGen: 1003601K->15965K(1022016K)] 2822642K->1842064K(6264896K), 0.0379510 secs]
Heap after gc invocations=343:
 PSYoungGen      total 1022016K, used 15965K [0x00002ba6bb4e0000, 0x00002ba6fb4e0000, 0x00002ba6fb4e0000)
  eden space 994368K, 0% used [0x00002ba6bb4e0000,0x00002ba6bb4e0000,0x00002ba6f7ff0000)
  from space 27648K, 57% used [0x00002ba6f99e0000,0x00002ba6fa9775d0,0x00002ba6fb4e0000)
  to   space 26560K, 0% used [0x00002ba6f7ff0000,0x00002ba6f7ff0000,0x00002ba6f99e0000)
 PSOldGen        total 5242880K, used 1826099K [0x00002ba57b4e0000, 0x00002ba6bb4e0000, 0x00002ba6bb4e0000)
  object space 5242880K, 34% used [0x00002ba57b4e0000,0x00002ba5eac2cc18,0x00002ba6bb4e0000)
 PSPermGen       total 524288K, used 307921K [0x00002ba55b4e0000, 0x00002ba57b4e0000, 0x00002ba57b4e0000)
  object space 524288K, 58% used [0x00002ba55b4e0000,0x00002ba56e194758,0x00002ba57b4e0000)
}
Total time for which application threads were stopped: 0.0398390 seconds
Application time: 68.2184800 seconds
{Heap before gc invocations=344:
 PSYoungGen      total 1022016K, used 1010333K [0x00002ba6bb4e0000, 0x00002ba6fb4e0000, 0x00002ba6fb4e0000)
  eden space 994368K, 100% used [0x00002ba6bb4e0000,0x00002ba6f7ff0000,0x00002ba6f7ff0000)
  from space 27648K, 57% used [0x00002ba6f99e0000,0x00002ba6fa9775d0,0x00002ba6fb4e0000)
  to   space 26560K, 0% used [0x00002ba6f7ff0000,0x00002ba6f7ff0000,0x00002ba6f99e0000)
 PSOldGen        total 5242880K, used 1826099K [0x00002ba57b4e0000, 0x00002ba6bb4e0000, 0x00002ba6bb4e0000)
  object space 5242880K, 34% used [0x00002ba57b4e0000,0x00002ba5eac2cc18,0x00002ba6bb4e0000)
 PSPermGen       total 524288K, used 308112K [0x00002ba55b4e0000, 0x00002ba57b4e0000, 0x00002ba57b4e0000)
  object space 524288K, 58% used [0x00002ba55b4e0000,0x00002ba56e1c4130,0x00002ba57b4e0000)
37967.688: [GC [PSYoungGen: 1010333K->11037K(1020928K)] 2836432K->1846958K(6263808K), 0.0333720 secs]
Heap after gc invocations=344:
 PSYoungGen      total 1020928K, used 11037K [0x00002ba6bb4e0000, 0x00002ba6fb4e0000, 0x00002ba6fb4e0000)
  eden space 994368K, 0% used [0x00002ba6bb4e0000,0x00002ba6bb4e0000,0x00002ba6f7ff0000)
  from space 26560K, 41% used [0x00002ba6f7ff0000,0x00002ba6f8ab7790,0x00002ba6f99e0000)
  to   space 26240K, 0% used [0x00002ba6f9b40000,0x00002ba6f9b40000,0x00002ba6fb4e0000)
 PSOldGen        total 5242880K, used 1835920K [0x00002ba57b4e0000, 0x00002ba6bb4e0000, 0x00002ba6bb4e0000)
  object space 5242880K, 35% used [0x00002ba57b4e0000,0x00002ba5eb5c43a8,0x00002ba6bb4e0000)
 PSPermGen       total 524288K, used 308112K [0x00002ba55b4e0000, 0x00002ba57b4e0000, 0x00002ba57b4e0000)
  object space 524288K, 58% used [0x00002ba55b4e0000,0x00002ba56e1c4130,0x00002ba57b4e0000)
}
Total time for which application threads were stopped: 0.0349260 seconds
Application time: 84.4046480 seconds
{Heap before gc invocations=345:
 PSYoungGen      total 1020928K, used 1005405K [0x00002ba6bb4e0000, 0x00002ba6fb4e0000, 0x00002ba6fb4e0000)
  eden space 994368K, 100% used [0x00002ba6bb4e0000,0x00002ba6f7ff0000,0x00002ba6f7ff0000)
  from space 26560K, 41% used [0x00002ba6f7ff0000,0x00002ba6f8ab7790,0x00002ba6f99e0000)
  to   space 26240K, 0% used [0x00002ba6f9b40000,0x00002ba6f9b40000,0x00002ba6fb4e0000)
 PSOldGen        total 5242880K, used 1835920K [0x00002ba57b4e0000, 0x00002ba6bb4e0000, 0x00002ba6bb4e0000)
  object space 5242880K, 35% used [0x00002ba57b4e0000,0x00002ba5eb5c43a8,0x00002ba6bb4e0000)
 PSPermGen       total 524288K, used 308996K [0x00002ba55b4e0000, 0x00002ba57b4e0000, 0x00002ba57b4e0000)
  object space 524288K, 58% used [0x00002ba55b4e0000,0x00002ba56e2a1008,0x00002ba57b4e0000)
38052.128: [GC [PSYoungGen: 1005405K->20042K(1020928K)] 2841326K->1862211K(6263808K), 0.0419280 secs]
Heap after gc invocations=345:
 PSYoungGen      total 1020928K, used 20042K [0x00002ba6bb4e0000, 0x00002ba6fb4e0000, 0x00002ba6fb4e0000)
  eden space 994688K, 0% used [0x00002ba6bb4e0000,0x00002ba6bb4e0000,0x00002ba6f8040000)
  from space 26240K, 76% used [0x00002ba6f9b40000,0x00002ba6faed2ba0,0x00002ba6fb4e0000)
  to   space 26944K, 0% used [0x00002ba6f8040000,0x00002ba6f8040000,0x00002ba6f9a90000)
 PSOldGen        total 5242880K, used 1842168K [0x00002ba57b4e0000, 0x00002ba6bb4e0000, 0x00002ba6bb4e0000)
  object space 5242880K, 35% used [0x00002ba57b4e0000,0x00002ba5ebbde2a0,0x00002ba6bb4e0000)
 PSPermGen       total 524288K, used 308996K [0x00002ba55b4e0000, 0x00002ba57b4e0000, 0x00002ba57b4e0000)
  object space 524288K, 58% used [0x00002ba55b4e0000,0x00002ba56e2a1008,0x00002ba57b4e0000)
}
Total time for which application threads were stopped: 0.0435970 seconds
Application time: 87.5979350 seconds
{Heap before gc invocations=346:
 PSYoungGen      total 1020928K, used 1014730K [0x00002ba6bb4e0000, 0x00002ba6fb4e0000, 0x00002ba6fb4e0000)
  eden space 994688K, 100% used [0x00002ba6bb4e0000,0x00002ba6f8040000,0x00002ba6f8040000)
  from space 26240K, 76% used [0x00002ba6f9b40000,0x00002ba6faed2ba0,0x00002ba6fb4e0000)
  to   space 26944K, 0% used [0x00002ba6f8040000,0x00002ba6f8040000,0x00002ba6f9a90000)
 PSOldGen        total 5242880K, used 1842168K [0x00002ba57b4e0000, 0x00002ba6bb4e0000, 0x00002ba6bb4e0000)
  object space 5242880K, 35% used [0x00002ba57b4e0000,0x00002ba5ebbde2a0,0x00002ba6bb4e0000)
 PSPermGen       total 524288K, used 309220K [0x00002ba55b4e0000, 0x00002ba57b4e0000, 0x00002ba57b4e0000)
  object space 524288K, 58% used [0x00002ba55b4e0000,0x00002ba56e2d9140,0x00002ba57b4e0000)
38139.770: [GC [PSYoungGen: 1014730K->16740K(1021632K)] 2856899K->1869345K(6264512K), 0.0501650 secs]
Heap after gc invocations=346:
 PSYoungGen      total 1021632K, used 16740K [0x00002ba6bb4e0000, 0x00002ba6fb4e0000, 0x00002ba6fb4e0000)
  eden space 994688K, 0% used [0x00002ba6bb4e0000,0x00002ba6bb4e0000,0x00002ba6f8040000)
  from space 26944K, 62% used [0x00002ba6f8040000,0x00002ba6f90992b0,0x00002ba6f9a90000)
  to   space 26240K, 0% used [0x00002ba6f9b40000,0x00002ba6f9b40000,0x00002ba6fb4e0000)
 PSOldGen        total 5242880K, used 1852605K [0x00002ba57b4e0000, 0x00002ba6bb4e0000, 0x00002ba6bb4e0000)
  object space 5242880K, 35% used [0x00002ba57b4e0000,0x00002ba5ec60f458,0x00002ba6bb4e0000)
 PSPermGen       total 524288K, used 309220K [0x00002ba55b4e0000, 0x00002ba57b4e0000, 0x00002ba57b4e0000)
  object space 524288K, 58% used [0x00002ba55b4e0000,0x00002ba56e2d9140,0x00002ba57b4e0000)
}
Total time for which application threads were stopped: 0.0518180 seconds
Application time: 58.3100820 seconds
{Heap before gc invocations=347:
 PSYoungGen      total 1021632K, used 1011428K [0x00002ba6bb4e0000, 0x00002ba6fb4e0000, 0x00002ba6fb4e0000)
  eden space 994688K, 100% used [0x00002ba6bb4e0000,0x00002ba6f8040000,0x00002ba6f8040000)
  from space 26944K, 62% used [0x00002ba6f8040000,0x00002ba6f90992b0,0x00002ba6f9a90000)
  to   space 26240K, 0% used [0x00002ba6f9b40000,0x00002ba6f9b40000,0x00002ba6fb4e0000)
 PSOldGen        total 5242880K, used 1852605K [0x00002ba57b4e0000, 0x00002ba6bb4e0000, 0x00002ba6bb4e0000)
  object space 5242880K, 35% used [0x00002ba57b4e0000,0x00002ba5ec60f458,0x00002ba6bb4e0000)
 PSPermGen       total 524288K, used 309396K [0x00002ba55b4e0000, 0x00002ba57b4e0000, 0x00002ba57b4e0000)
  object space 524288K, 59% used [0x00002ba55b4e0000,0x00002ba56e3051d0,0x00002ba57b4e0000)
38198.132: [GC [PSYoungGen: 1011428K->10046K(1022400K)] 2864033K->1870417K(6265280K), 0.0272160 secs]
Heap after gc invocations=347:
 PSYoungGen      total 1022400K, used 10046K [0x00002ba6bb4e0000, 0x00002ba6fb4e0000, 0x00002ba6fb4e0000)
  eden space 996160K, 0% used [0x00002ba6bb4e0000,0x00002ba6bb4e0000,0x00002ba6f81b0000)
  from space 26240K, 38% used [0x00002ba6f9b40000,0x00002ba6fa50f9a0,0x00002ba6fb4e0000)
  to   space 26176K, 0% used [0x00002ba6f81b0000,0x00002ba6f81b0000,0x00002ba6f9b40000)
 PSOldGen        total 5242880K, used 1860370K [0x00002ba57b4e0000, 0x00002ba6bb4e0000, 0x00002ba6bb4e0000)
  object space 5242880K, 35% used [0x00002ba57b4e0000,0x00002ba5ecda4bc8,0x00002ba6bb4e0000)
 PSPermGen       total 524288K, used 309396K [0x00002ba55b4e0000, 0x00002ba57b4e0000, 0x00002ba57b4e0000)
  object space 524288K, 59% used [0x00002ba55b4e0000,0x00002ba56e3051d0,0x00002ba57b4e0000)
}
Total time for which application threads were stopped: 0.0288180 seconds
Application time: 120.7424560 seconds
{Heap before gc invocations=348:
 PSYoungGen      total 1022400K, used 1006206K [0x00002ba6bb4e0000, 0x00002ba6fb4e0000, 0x00002ba6fb4e0000)
  eden space 996160K, 100% used [0x00002ba6bb4e0000,0x00002ba6f81b0000,0x00002ba6f81b0000)
  from space 26240K, 38% used [0x00002ba6f9b40000,0x00002ba6fa50f9a0,0x00002ba6fb4e0000)
  to   space 26176K, 0% used [0x00002ba6f81b0000,0x00002ba6f81b0000,0x00002ba6f9b40000)
 PSOldGen        total 5242880K, used 1860370K [0x00002ba57b4e0000, 0x00002ba6bb4e0000, 0x00002ba6bb4e0000)
  object space 5242880K, 35% used [0x00002ba57b4e0000,0x00002ba5ecda4bc8,0x00002ba6bb4e0000)
 PSPermGen       total 524288K, used 310269K [0x00002ba55b4e0000, 0x00002ba57b4e0000, 0x00002ba57b4e0000)
  object space 524288K, 59% used [0x00002ba55b4e0000,0x00002ba56e3df480,0x00002ba57b4e0000)
38318.903: [GC [PSYoungGen: 1006206K->17252K(1022336K)] 2866577K->1881716K(6265216K), 0.0297290 secs]
Heap after gc invocations=348:
 PSYoungGen      total 1022336K, used 17252K [0x00002ba6bb4e0000, 0x00002ba6fb4e0000, 0x00002ba6fb4e0000)
  eden space 996160K, 0% used [0x00002ba6bb4e0000,0x00002ba6bb4e0000,0x00002ba6f81b0000)
  from space 26176K, 65% used [0x00002ba6f81b0000,0x00002ba6f9289068,0x00002ba6f9b40000)
  to   space 25792K, 0% used [0x00002ba6f9bb0000,0x00002ba6f9bb0000,0x00002ba6fb4e0000)
 PSOldGen        total 5242880K, used 1864464K [0x00002ba57b4e0000, 0x00002ba6bb4e0000, 0x00002ba6bb4e0000)
  object space 5242880K, 35% used [0x00002ba57b4e0000,0x00002ba5ed1a42d8,0x00002ba6bb4e0000)
 PSPermGen       total 524288K, used 310269K [0x00002ba55b4e0000, 0x00002ba57b4e0000, 0x00002ba57b4e0000)
  object space 524288K, 59% used [0x00002ba55b4e0000,0x00002ba56e3df480,0x00002ba57b4e0000)
}
Total time for which application threads were stopped: 0.0314070 seconds
Application time: 99.2720250 seconds
{Heap before gc invocations=349:
 PSYoungGen      total 1022336K, used 1013412K [0x00002ba6bb4e0000, 0x00002ba6fb4e0000, 0x00002ba6fb4e0000)
  eden space 996160K, 100% used [0x00002ba6bb4e0000,0x00002ba6f81b0000,0x00002ba6f81b0000)
  from space 26176K, 65% used [0x00002ba6f81b0000,0x00002ba6f9289068,0x00002ba6f9b40000)
  to   space 25792K, 0% used [0x00002ba6f9bb0000,0x00002ba6f9bb0000,0x00002ba6fb4e0000)
 PSOldGen        total 5242880K, used 1864464K [0x00002ba57b4e0000, 0x00002ba6bb4e0000, 0x00002ba6bb4e0000)
  object space 5242880K, 35% used [0x00002ba57b4e0000,0x00002ba5ed1a42d8,0x00002ba6bb4e0000)
 PSPermGen       total 524288K, used 310462K [0x00002ba55b4e0000, 0x00002ba57b4e0000, 0x00002ba57b4e0000)
  object space 524288K, 59% used [0x00002ba55b4e0000,0x00002ba56e40fa30,0x00002ba57b4e0000)
38418.206: [GC [PSYoungGen: 1013412K->19018K(1022144K)] 2877876K->1892775K(6265024K), 0.0387720 secs]
Heap after gc invocations=349:
 PSYoungGen      total 1022144K, used 19018K [0x00002ba6bb4e0000, 0x00002ba6fb4e0000, 0x00002ba6fb4e0000)
  eden space 996352K, 0% used [0x00002ba6bb4e0000,0x00002ba6bb4e0000,0x00002ba6f81e0000)
  from space 25792K, 73% used [0x00002ba6f9bb0000,0x00002ba6fae428e8,0x00002ba6fb4e0000)
  to   space 26112K, 0% used [0x00002ba6f81e0000,0x00002ba6f81e0000,0x00002ba6f9b60000)
 PSOldGen        total 5242880K, used 1873757K [0x00002ba57b4e0000, 0x00002ba6bb4e0000, 0x00002ba6bb4e0000)
  object space 5242880K, 35% used [0x00002ba57b4e0000,0x00002ba5edab7550,0x00002ba6bb4e0000)
 PSPermGen       total 524288K, used 310462K [0x00002ba55b4e0000, 0x00002ba57b4e0000, 0x00002ba57b4e0000)
  object space 524288K, 59% used [0x00002ba55b4e0000,0x00002ba56e40fa30,0x00002ba57b4e0000)
}
Total time for which application threads were stopped: 0.0404340 seconds
Application time: 146.6081870 seconds
{Heap before gc invocations=350:
 PSYoungGen      total 1022144K, used 1015370K [0x00002ba6bb4e0000, 0x00002ba6fb4e0000, 0x00002ba6fb4e0000)
  eden space 996352K, 100% used [0x00002ba6bb4e0000,0x00002ba6f81e0000,0x00002ba6f81e0000)
  from space 25792K, 73% used [0x00002ba6f9bb0000,0x00002ba6fae428e8,0x00002ba6fb4e0000)
  to   space 26112K, 0% used [0x00002ba6f81e0000,0x00002ba6f81e0000,0x00002ba6f9b60000)
 PSOldGen        total 5242880K, used 1873757K [0x00002ba57b4e0000, 0x00002ba6bb4e0000, 0x00002ba6bb4e0000)
  object space 5242880K, 35% used [0x00002ba57b4e0000,0x00002ba5edab7550,0x00002ba6bb4e0000)
 PSPermGen       total 524288K, used 311342K [0x00002ba55b4e0000, 0x00002ba57b4e0000, 0x00002ba57b4e0000)
  object space 524288K, 59% used [0x00002ba55b4e0000,0x00002ba56e4eb9d0,0x00002ba57b4e0000)
38564.855: [GC [PSYoungGen: 1015370K->14608K(1022464K)] 2889127K->1898575K(6265344K), 0.0272440 secs]
Heap after gc invocations=350:
 PSYoungGen      total 1022464K, used 14608K [0x00002ba6bb4e0000, 0x00002ba6fb4e0000, 0x00002ba6fb4e0000)
  eden space 996352K, 0% used [0x00002ba6bb4e0000,0x00002ba6bb4e0000,0x00002ba6f81e0000)
  from space 26112K, 55% used [0x00002ba6f81e0000,0x00002ba6f9024028,0x00002ba6f9b60000)
  to   space 25280K, 0% used [0x00002ba6f9c30000,0x00002ba6f9c30000,0x00002ba6fb4e0000)
 PSOldGen        total 5242880K, used 1883967K [0x00002ba57b4e0000, 0x00002ba6bb4e0000, 0x00002ba6bb4e0000)
  object space 5242880K, 35% used [0x00002ba57b4e0000,0x00002ba5ee4afcf8,0x00002ba6bb4e0000)
 PSPermGen       total 524288K, used 311342K [0x00002ba55b4e0000, 0x00002ba57b4e0000, 0x00002ba57b4e0000)
  object space 524288K, 59% used [0x00002ba55b4e0000,0x00002ba56e4eb9d0,0x00002ba57b4e0000)
}
Total time for which application threads were stopped: 0.0289850 seconds
Application time: 114.3472270 seconds
{Heap before gc invocations=351:
 PSYoungGen      total 1022464K, used 1010960K [0x00002ba6bb4e0000, 0x00002ba6fb4e0000, 0x00002ba6fb4e0000)
  eden space 996352K, 100% used [0x00002ba6bb4e0000,0x00002ba6f81e0000,0x00002ba6f81e0000)
  from space 26112K, 55% used [0x00002ba6f81e0000,0x00002ba6f9024028,0x00002ba6f9b60000)
  to   space 25280K, 0% used [0x00002ba6f9c30000,0x00002ba6f9c30000,0x00002ba6fb4e0000)
 PSOldGen        total 5242880K, used 1883967K [0x00002ba57b4e0000, 0x00002ba6bb4e0000, 0x00002ba6bb4e0000)
  object space 5242880K, 35% used [0x00002ba57b4e0000,0x00002ba5ee4afcf8,0x00002ba6bb4e0000)
 PSPermGen       total 524288K, used 311362K [0x00002ba55b4e0000, 0x00002ba57b4e0000, 0x00002ba57b4e0000)
  object space 524288K, 59% used [0x00002ba55b4e0000,0x00002ba56e4f09b0,0x00002ba57b4e0000)
38679.231: [GC [PSYoungGen: 1010960K->10846K(1023424K)] 2894927K->1904582K(6266304K), 0.0278800 secs]
Heap after gc invocations=351:
 PSYoungGen      total 1023424K, used 10846K [0x00002ba6bb4e0000, 0x00002ba6fb4e0000, 0x00002ba6fb4e0000)
  eden space 998144K, 0% used [0x00002ba6bb4e0000,0x00002ba6bb4e0000,0x00002ba6f83a0000)
  from space 25280K, 42% used [0x00002ba6f9c30000,0x00002ba6fa6c7a90,0x00002ba6fb4e0000)
  to   space 25152K, 0% used [0x00002ba6f83a0000,0x00002ba6f83a0000,0x00002ba6f9c30000)
 PSOldGen        total 5242880K, used 1893736K [0x00002ba57b4e0000, 0x00002ba6bb4e0000, 0x00002ba6bb4e0000)
  object space 5242880K, 36% used [0x00002ba57b4e0000,0x00002ba5eee3a020,0x00002ba6bb4e0000)
 PSPermGen       total 524288K, used 311362K [0x00002ba55b4e0000, 0x00002ba57b4e0000, 0x00002ba57b4e0000)
  object space 524288K, 59% used [0x00002ba55b4e0000,0x00002ba56e4f09b0,0x00002ba57b4e0000)
}
Total time for which application threads were stopped: 0.0294590 seconds
Application time: 110.4500220 seconds
{Heap before gc invocations=352:
 PSYoungGen      total 1023424K, used 1008990K [0x00002ba6bb4e0000, 0x00002ba6fb4e0000, 0x00002ba6fb4e0000)
  eden space 998144K, 100% used [0x00002ba6bb4e0000,0x00002ba6f83a0000,0x00002ba6f83a0000)
  from space 25280K, 42% used [0x00002ba6f9c30000,0x00002ba6fa6c7a90,0x00002ba6fb4e0000)
  to   space 25152K, 0% used [0x00002ba6f83a0000,0x00002ba6f83a0000,0x00002ba6f9c30000)
 PSOldGen        total 5242880K, used 1893736K [0x00002ba57b4e0000, 0x00002ba6bb4e0000, 0x00002ba6bb4e0000)
  object space 5242880K, 36% used [0x00002ba57b4e0000,0x00002ba5eee3a020,0x00002ba6bb4e0000)
 PSPermGen       total 524288K, used 311880K [0x00002ba55b4e0000, 0x00002ba57b4e0000, 0x00002ba57b4e0000)
  object space 524288K, 59% used [0x00002ba55b4e0000,0x00002ba56e572398,0x00002ba57b4e0000)
38789.711: [GC [PSYoungGen: 1008990K->18312K(1023296K)] 2902726K->1918953K(6266176K), 0.0298130 secs]
Heap after gc invocations=352:
 PSYoungGen      total 1023296K, used 18312K [0x00002ba6bb4e0000, 0x00002ba6fb4e0000, 0x00002ba6fb4e0000)
  eden space 998144K, 0% used [0x00002ba6bb4e0000,0x00002ba6bb4e0000,0x00002ba6f83a0000)
  from space 25152K, 72% used [0x00002ba6f83a0000,0x00002ba6f9582258,0x00002ba6f9c30000)
  to   space 25280K, 0% used [0x00002ba6f9c30000,0x00002ba6f9c30000,0x00002ba6fb4e0000)
 PSOldGen        total 5242880K, used 1900640K [0x00002ba57b4e0000, 0x00002ba6bb4e0000, 0x00002ba6bb4e0000)
  object space 5242880K, 36% used [0x00002ba57b4e0000,0x00002ba5ef4f81e0,0x00002ba6bb4e0000)
 PSPermGen       total 524288K, used 311880K [0x00002ba55b4e0000, 0x00002ba57b4e0000, 0x00002ba57b4e0000)
  object space 524288K, 59% used [0x00002ba55b4e0000,0x00002ba56e572398,0x00002ba57b4e0000)
}
Total time for which application threads were stopped: 0.0315610 seconds
Application time: 58.4448410 seconds
{Heap before gc invocations=353:
 PSYoungGen      total 1023296K, used 1016456K [0x00002ba6bb4e0000, 0x00002ba6fb4e0000, 0x00002ba6fb4e0000)
  eden space 998144K, 100% used [0x00002ba6bb4e0000,0x00002ba6f83a0000,0x00002ba6f83a0000)
  from space 25152K, 72% used [0x00002ba6f83a0000,0x00002ba6f9582258,0x00002ba6f9c30000)
  to   space 25280K, 0% used [0x00002ba6f9c30000,0x00002ba6f9c30000,0x00002ba6fb4e0000)
 PSOldGen        total 5242880K, used 1900640K [0x00002ba57b4e0000, 0x00002ba6bb4e0000, 0x00002ba6bb4e0000)
  object space 5242880K, 36% used [0x00002ba57b4e0000,0x00002ba5ef4f81e0,0x00002ba6bb4e0000)
 PSPermGen       total 524288K, used 312572K [0x00002ba55b4e0000, 0x00002ba57b4e0000, 0x00002ba57b4e0000)
  object space 524288K, 59% used [0x00002ba55b4e0000,0x00002ba56e61f058,0x00002ba57b4e0000)
38890.351: [GC [PSYoungGen: 1016456K->20503K(1021504K)] 2917097K->1930658K(6264384K), 0.0391970 secs]
Heap after gc invocations=353:
 PSYoungGen      total 1021504K, used 20503K [0x00002ba6bb4e0000, 0x00002ba6fb4e0000, 0x00002ba6fb4e0000)
  eden space 996224K, 0% used [0x00002ba6bb4e0000,0x00002ba6bb4e0000,0x00002ba6f81c0000)
  from space 25280K, 81% used [0x00002ba6f9c30000,0x00002ba6fb035f98,0x00002ba6fb4e0000)
  to   space 26176K, 0% used [0x00002ba6f81c0000,0x00002ba6f81c0000,0x00002ba6f9b50000)
 PSOldGen        total 5242880K, used 1910154K [0x00002ba57b4e0000, 0x00002ba6bb4e0000, 0x00002ba6bb4e0000)
  object space 5242880K, 36% used [0x00002ba57b4e0000,0x00002ba5efe42a38,0x00002ba6bb4e0000)
 PSPermGen       total 524288K, used 312572K [0x00002ba55b4e0000, 0x00002ba57b4e0000, 0x00002ba57b4e0000)
  object space 524288K, 59% used [0x00002ba55b4e0000,0x00002ba56e61f058,0x00002ba57b4e0000)
}
Total time for which application threads were stopped: 0.0932020 seconds
Application time: 70.5542010 seconds
{Heap before gc invocations=354:
 PSYoungGen      total 1021504K, used 1016727K [0x00002ba6bb4e0000, 0x00002ba6fb4e0000, 0x00002ba6fb4e0000)
  eden space 996224K, 100% used [0x00002ba6bb4e0000,0x00002ba6f81c0000,0x00002ba6f81c0000)
  from space 25280K, 81% used [0x00002ba6f9c30000,0x00002ba6fb035f98,0x00002ba6fb4e0000)
  to   space 26176K, 0% used [0x00002ba6f81c0000,0x00002ba6f81c0000,0x00002ba6f9b50000)
 PSOldGen        total 5242880K, used 1910154K [0x00002ba57b4e0000, 0x00002ba6bb4e0000, 0x00002ba6bb4e0000)
  object space 5242880K, 36% used [0x00002ba57b4e0000,0x00002ba5efe42a38,0x00002ba6bb4e0000)
 PSPermGen       total 524288K, used 312755K [0x00002ba55b4e0000, 0x00002ba57b4e0000, 0x00002ba57b4e0000)
  object space 524288K, 59% used [0x00002ba55b4e0000,0x00002ba56e64cf68,0x00002ba57b4e0000)
38961.019: [GC [PSYoungGen: 1016727K->14476K(1022400K)] 2926882K->1935492K(6265280K), 0.0247210 secs]
Heap after gc invocations=354:
 PSYoungGen      total 1022400K, used 14476K [0x00002ba6bb4e0000, 0x00002ba6fb4e0000, 0x00002ba6fb4e0000)
  eden space 996224K, 0% used [0x00002ba6bb4e0000,0x00002ba6bb4e0000,0x00002ba6f81c0000)
  from space 26176K, 55% used [0x00002ba6f81c0000,0x00002ba6f8fe3328,0x00002ba6f9b50000)
  to   space 25408K, 0% used [0x00002ba6f9c10000,0x00002ba6f9c10000,0x00002ba6fb4e0000)
 PSOldGen        total 5242880K, used 1921015K [0x00002ba57b4e0000, 0x00002ba6bb4e0000, 0x00002ba6bb4e0000)
  object space 5242880K, 36% used [0x00002ba57b4e0000,0x00002ba5f08dddb8,0x00002ba6bb4e0000)
 PSPermGen       total 524288K, used 312755K [0x00002ba55b4e0000, 0x00002ba57b4e0000, 0x00002ba57b4e0000)
  object space 524288K, 59% used [0x00002ba55b4e0000,0x00002ba56e64cf68,0x00002ba57b4e0000)
}
Total time for which application threads were stopped: 0.0996370 seconds
Application time: 73.5109030 seconds
{Heap before gc invocations=355:
 PSYoungGen      total 1022400K, used 1010700K [0x00002ba6bb4e0000, 0x00002ba6fb4e0000, 0x00002ba6fb4e0000)
  eden space 996224K, 100% used [0x00002ba6bb4e0000,0x00002ba6f81c0000,0x00002ba6f81c0000)
  from space 26176K, 55% used [0x00002ba6f81c0000,0x00002ba6f8fe3328,0x00002ba6f9b50000)
  to   space 25408K, 0% used [0x00002ba6f9c10000,0x00002ba6f9c10000,0x00002ba6fb4e0000)
 PSOldGen        total 5242880K, used 1921015K [0x00002ba57b4e0000, 0x00002ba6bb4e0000, 0x00002ba6bb4e0000)
  object space 5242880K, 36% used [0x00002ba57b4e0000,0x00002ba5f08dddb8,0x00002ba6bb4e0000)
 PSPermGen       total 524288K, used 313976K [0x00002ba55b4e0000, 0x00002ba57b4e0000, 0x00002ba57b4e0000)
  object space 524288K, 59% used [0x00002ba55b4e0000,0x00002ba56e77e318,0x00002ba57b4e0000)
39034.658: [GC [PSYoungGen: 1010700K->18439K(1023168K)] 2931716K->1948173K(6266048K), 0.0410430 secs]
Heap after gc invocations=355:
 PSYoungGen      total 1023168K, used 18439K [0x00002ba6bb4e0000, 0x00002ba6fb4e0000, 0x00002ba6fb4e0000)
  eden space 997760K, 0% used [0x00002ba6bb4e0000,0x00002ba6bb4e0000,0x00002ba6f8340000)
  from space 25408K, 72% used [0x00002ba6f9c10000,0x00002ba6fae11d78,0x00002ba6fb4e0000)
  to   space 25408K, 0% used [0x00002ba6f8340000,0x00002ba6f8340000,0x00002ba6f9c10000)
 PSOldGen        total 5242880K, used 1929734K [0x00002ba57b4e0000, 0x00002ba6bb4e0000, 0x00002ba6bb4e0000)
  object space 5242880K, 36% used [0x00002ba57b4e0000,0x00002ba5f1161918,0x00002ba6bb4e0000)
 PSPermGen       total 524288K, used 313976K [0x00002ba55b4e0000, 0x00002ba57b4e0000, 0x00002ba57b4e0000)
  object space 524288K, 59% used [0x00002ba55b4e0000,0x00002ba56e77e318,0x00002ba57b4e0000)
}
Total time for which application threads were stopped: 0.1439060 seconds
Application time: 82.1639970 seconds
{Heap before gc invocations=356:
 PSYoungGen      total 1023168K, used 1016199K [0x00002ba6bb4e0000, 0x00002ba6fb4e0000, 0x00002ba6fb4e0000)
  eden space 997760K, 100% used [0x00002ba6bb4e0000,0x00002ba6f8340000,0x00002ba6f8340000)
  from space 25408K, 72% used [0x00002ba6f9c10000,0x00002ba6fae11d78,0x00002ba6fb4e0000)
  to   space 25408K, 0% used [0x00002ba6f8340000,0x00002ba6f8340000,0x00002ba6f9c10000)
 PSOldGen        total 5242880K, used 1929734K [0x00002ba57b4e0000, 0x00002ba6bb4e0000, 0x00002ba6bb4e0000)
  object space 5242880K, 36% used [0x00002ba57b4e0000,0x00002ba5f1161918,0x00002ba6bb4e0000)
 PSPermGen       total 524288K, used 314150K [0x00002ba55b4e0000, 0x00002ba57b4e0000, 0x00002ba57b4e0000)
  object space 524288K, 59% used [0x00002ba55b4e0000,0x00002ba56e7a98c0,0x00002ba57b4e0000)
39116.864: [GC [PSYoungGen: 1016199K->21757K(1019520K)] 2945933K->1957951K(6262400K), 0.0435580 secs]
Heap after gc invocations=356:
 PSYoungGen      total 1019520K, used 21757K [0x00002ba6bb4e0000, 0x00002ba6fb4e0000, 0x00002ba6fb4e0000)
  eden space 997760K, 0% used [0x00002ba6bb4e0000,0x00002ba6bb4e0000,0x00002ba6f8340000)
  from space 21760K, 99% used [0x00002ba6f8340000,0x00002ba6f987f4d0,0x00002ba6f9880000)
  to   space 26624K, 0% used [0x00002ba6f9ae0000,0x00002ba6f9ae0000,0x00002ba6fb4e0000)
 PSOldGen        total 5242880K, used 1936194K [0x00002ba57b4e0000, 0x00002ba6bb4e0000, 0x00002ba6bb4e0000)
  object space 5242880K, 36% used [0x00002ba57b4e0000,0x00002ba5f17b0a38,0x00002ba6bb4e0000)
 PSPermGen       total 524288K, used 314150K [0x00002ba55b4e0000, 0x00002ba57b4e0000, 0x00002ba57b4e0000)
  object space 524288K, 59% used [0x00002ba55b4e0000,0x00002ba56e7a98c0,0x00002ba57b4e0000)
}
Total time for which application threads were stopped: 0.0452040 seconds
Application time: 69.6222950 seconds
{Heap before gc invocations=357:
 PSYoungGen      total 1019520K, used 1019517K [0x00002ba6bb4e0000, 0x00002ba6fb4e0000, 0x00002ba6fb4e0000)
  eden space 997760K, 100% used [0x00002ba6bb4e0000,0x00002ba6f8340000,0x00002ba6f8340000)
  from space 21760K, 99% used [0x00002ba6f8340000,0x00002ba6f987f4d0,0x00002ba6f9880000)
  to   space 26624K, 0% used [0x00002ba6f9ae0000,0x00002ba6f9ae0000,0x00002ba6fb4e0000)
 PSOldGen        total 5242880K, used 1936194K [0x00002ba57b4e0000, 0x00002ba6bb4e0000, 0x00002ba6bb4e0000)
  object space 5242880K, 36% used [0x00002ba57b4e0000,0x00002ba5f17b0a38,0x00002ba6bb4e0000)
 PSPermGen       total 524288K, used 314156K [0x00002ba55b4e0000, 0x00002ba57b4e0000, 0x00002ba57b4e0000)
  object space 524288K, 59% used [0x00002ba55b4e0000,0x00002ba56e7ab240,0x00002ba57b4e0000)
39186.532: [GC [PSYoungGen: 1019517K->21220K(1020672K)] 2955711K->1970891K(6263552K), 0.0866650 secs]
Heap after gc invocations=357:
 PSYoungGen      total 1020672K, used 21220K [0x00002ba6bb4e0000, 0x00002ba6fb4e0000, 0x00002ba6fb4e0000)
  eden space 994048K, 0% used [0x00002ba6bb4e0000,0x00002ba6bb4e0000,0x00002ba6f7fa0000)
  from space 26624K, 79% used [0x00002ba6f9ae0000,0x00002ba6faf99190,0x00002ba6fb4e0000)
  to   space 27264K, 0% used [0x00002ba6f7fa0000,0x00002ba6f7fa0000,0x00002ba6f9a40000)
 PSOldGen        total 5242880K, used 1949670K [0x00002ba57b4e0000, 0x00002ba6bb4e0000, 0x00002ba6bb4e0000)
  object space 5242880K, 37% used [0x00002ba57b4e0000,0x00002ba5f24d9ad8,0x00002ba6bb4e0000)
 PSPermGen       total 524288K, used 314156K [0x00002ba55b4e0000, 0x00002ba57b4e0000, 0x00002ba57b4e0000)
  object space 524288K, 59% used [0x00002ba55b4e0000,0x00002ba56e7ab240,0x00002ba57b4e0000)
}
Total time for which application threads were stopped: 0.0884290 seconds
Application time: 100.7188400 seconds
{Heap before gc invocations=358:
 PSYoungGen      total 1020672K, used 1015268K [0x00002ba6bb4e0000, 0x00002ba6fb4e0000, 0x00002ba6fb4e0000)
  eden space 994048K, 100% used [0x00002ba6bb4e0000,0x00002ba6f7fa0000,0x00002ba6f7fa0000)
  from space 26624K, 79% used [0x00002ba6f9ae0000,0x00002ba6faf99190,0x00002ba6fb4e0000)
  to   space 27264K, 0% used [0x00002ba6f7fa0000,0x00002ba6f7fa0000,0x00002ba6f9a40000)
 PSOldGen        total 5242880K, used 1949670K [0x00002ba57b4e0000, 0x00002ba6bb4e0000, 0x00002ba6bb4e0000)
  object space 5242880K, 37% used [0x00002ba57b4e0000,0x00002ba5f24d9ad8,0x00002ba6bb4e0000)
 PSPermGen       total 524288K, used 314346K [0x00002ba55b4e0000, 0x00002ba57b4e0000, 0x00002ba57b4e0000)
  object space 524288K, 59% used [0x00002ba55b4e0000,0x00002ba56e7da8c0,0x00002ba57b4e0000)
39287.339: [GC [PSYoungGen: 1015268K->18512K(1021312K)] 2964939K->1974916K(6264192K), 0.0441520 secs]
Heap after gc invocations=358:
 PSYoungGen      total 1021312K, used 18512K [0x00002ba6bb4e0000, 0x00002ba6fb4e0000, 0x00002ba6fb4e0000)
  eden space 994048K, 0% used [0x00002ba6bb4e0000,0x00002ba6bb4e0000,0x00002ba6f7fa0000)
  from space 27264K, 67% used [0x00002ba6f7fa0000,0x00002ba6f91b43f0,0x00002ba6f9a40000)
  to   space 26816K, 0% used [0x00002ba6f9ab0000,0x00002ba6f9ab0000,0x00002ba6fb4e0000)
 PSOldGen        total 5242880K, used 1956403K [0x00002ba57b4e0000, 0x00002ba6bb4e0000, 0x00002ba6bb4e0000)
  object space 5242880K, 37% used [0x00002ba57b4e0000,0x00002ba5f2b6cca8,0x00002ba6bb4e0000)
 PSPermGen       total 524288K, used 314346K [0x00002ba55b4e0000, 0x00002ba57b4e0000, 0x00002ba57b4e0000)
  object space 524288K, 59% used [0x00002ba55b4e0000,0x00002ba56e7da8c0,0x00002ba57b4e0000)
}
Total time for which application threads were stopped: 0.0458190 seconds
Application time: 88.9893280 seconds
{Heap before gc invocations=359:
 PSYoungGen      total 1021312K, used 1012560K [0x00002ba6bb4e0000, 0x00002ba6fb4e0000, 0x00002ba6fb4e0000)
  eden space 994048K, 100% used [0x00002ba6bb4e0000,0x00002ba6f7fa0000,0x00002ba6f7fa0000)
  from space 27264K, 67% used [0x00002ba6f7fa0000,0x00002ba6f91b43f0,0x00002ba6f9a40000)
  to   space 26816K, 0% used [0x00002ba6f9ab0000,0x00002ba6f9ab0000,0x00002ba6fb4e0000)
 PSOldGen        total 5242880K, used 1956403K [0x00002ba57b4e0000, 0x00002ba6bb4e0000, 0x00002ba6bb4e0000)
  object space 5242880K, 37% used [0x00002ba57b4e0000,0x00002ba5f2b6cca8,0x00002ba6bb4e0000)
 PSPermGen       total 524288K, used 315222K [0x00002ba55b4e0000, 0x00002ba57b4e0000, 0x00002ba57b4e0000)
  object space 524288K, 60% used [0x00002ba55b4e0000,0x00002ba56e8b5868,0x00002ba57b4e0000)
39376.374: [GC [PSYoungGen: 1012560K->11529K(1021760K)] 2968964K->1979533K(6264640K), 0.0263710 secs]
Heap after gc invocations=359:
 PSYoungGen      total 1021760K, used 11529K [0x00002ba6bb4e0000, 0x00002ba6fb4e0000, 0x00002ba6fb4e0000)
  eden space 994944K, 0% used [0x00002ba6bb4e0000,0x00002ba6bb4e0000,0x00002ba6f8080000)
  from space 26816K, 42% used [0x00002ba6f9ab0000,0x00002ba6fa5f2488,0x00002ba6fb4e0000)
  to   space 26816K, 0% used [0x00002ba6f8080000,0x00002ba6f8080000,0x00002ba6f9ab0000)
 PSOldGen        total 5242880K, used 1968004K [0x00002ba57b4e0000, 0x00002ba6bb4e0000, 0x00002ba6bb4e0000)
  object space 5242880K, 37% used [0x00002ba57b4e0000,0x00002ba5f36c10a8,0x00002ba6bb4e0000)
 PSPermGen       total 524288K, used 315222K [0x00002ba55b4e0000, 0x00002ba57b4e0000, 0x00002ba57b4e0000)
  object space 524288K, 60% used [0x00002ba55b4e0000,0x00002ba56e8b5868,0x00002ba57b4e0000)
}
Total time for which application threads were stopped: 0.0280300 seconds
Application time: 56.3736980 seconds
{Heap before gc invocations=360:
 PSYoungGen      total 1021760K, used 1006473K [0x00002ba6bb4e0000, 0x00002ba6fb4e0000, 0x00002ba6fb4e0000)
  eden space 994944K, 100% used [0x00002ba6bb4e0000,0x00002ba6f8080000,0x00002ba6f8080000)
  from space 26816K, 42% used [0x00002ba6f9ab0000,0x00002ba6fa5f2488,0x00002ba6fb4e0000)
  to   space 26816K, 0% used [0x00002ba6f8080000,0x00002ba6f8080000,0x00002ba6f9ab0000)
 PSOldGen        total 5242880K, used 1968004K [0x00002ba57b4e0000, 0x00002ba6bb4e0000, 0x00002ba6bb4e0000)
  object space 5242880K, 37% used [0x00002ba57b4e0000,0x00002ba5f36c10a8,0x00002ba6bb4e0000)
 PSPermGen       total 524288K, used 315916K [0x00002ba55b4e0000, 0x00002ba57b4e0000, 0x00002ba57b4e0000)
  object space 524288K, 60% used [0x00002ba55b4e0000,0x00002ba56e9631c0,0x00002ba57b4e0000)
39432.776: [GC [PSYoungGen: 1006473K->13115K(1021760K)] 2974477K->1988455K(6264640K), 0.0324840 secs]
Heap after gc invocations=360:
 PSYoungGen      total 1021760K, used 13115K [0x00002ba6bb4e0000, 0x00002ba6fb4e0000, 0x00002ba6fb4e0000)
  eden space 994944K, 0% used [0x00002ba6bb4e0000,0x00002ba6bb4e0000,0x00002ba6f8080000)
  from space 26816K, 48% used [0x00002ba6f8080000,0x00002ba6f8d4ec68,0x00002ba6f9ab0000)
  to   space 26432K, 0% used [0x00002ba6f9b10000,0x00002ba6f9b10000,0x00002ba6fb4e0000)
 PSOldGen        total 5242880K, used 1975339K [0x00002ba57b4e0000, 0x00002ba6bb4e0000, 0x00002ba6bb4e0000)
  object space 5242880K, 37% used [0x00002ba57b4e0000,0x00002ba5f3deafc0,0x00002ba6bb4e0000)
 PSPermGen       total 524288K, used 315916K [0x00002ba55b4e0000, 0x00002ba57b4e0000, 0x00002ba57b4e0000)
  object space 524288K, 60% used [0x00002ba55b4e0000,0x00002ba56e9631c0,0x00002ba57b4e0000)
}
Total time for which application threads were stopped: 0.0343130 seconds
Application time: 82.5733930 seconds
{Heap before gc invocations=361:
 PSYoungGen      total 1021760K, used 1008059K [0x00002ba6bb4e0000, 0x00002ba6fb4e0000, 0x00002ba6fb4e0000)
  eden space 994944K, 100% used [0x00002ba6bb4e0000,0x00002ba6f8080000,0x00002ba6f8080000)
  from space 26816K, 48% used [0x00002ba6f8080000,0x00002ba6f8d4ec68,0x00002ba6f9ab0000)
  to   space 26432K, 0% used [0x00002ba6f9b10000,0x00002ba6f9b10000,0x00002ba6fb4e0000)
 PSOldGen        total 5242880K, used 1975339K [0x00002ba57b4e0000, 0x00002ba6bb4e0000, 0x00002ba6bb4e0000)
  object space 5242880K, 37% used [0x00002ba57b4e0000,0x00002ba5f3deafc0,0x00002ba6bb4e0000)
 PSPermGen       total 524288K, used 316289K [0x00002ba55b4e0000, 0x00002ba57b4e0000, 0x00002ba57b4e0000)
  object space 524288K, 60% used [0x00002ba55b4e0000,0x00002ba56e9c0760,0x00002ba57b4e0000)
39515.384: [GC [PSYoungGen: 1008059K->18668K(1022272K)] 2983399K->2002599K(6265152K), 0.0439390 secs]
Heap after gc invocations=361:
 PSYoungGen      total 1022272K, used 18668K [0x00002ba6bb4e0000, 0x00002ba6fb4e0000, 0x00002ba6fb4e0000)
  eden space 995840K, 0% used [0x00002ba6bb4e0000,0x00002ba6bb4e0000,0x00002ba6f8160000)
  from space 26432K, 70% used [0x00002ba6f9b10000,0x00002ba6fad4b018,0x00002ba6fb4e0000)
  to   space 26304K, 0% used [0x00002ba6f8160000,0x00002ba6f8160000,0x00002ba6f9b10000)
 PSOldGen        total 5242880K, used 1983931K [0x00002ba57b4e0000, 0x00002ba6bb4e0000, 0x00002ba6bb4e0000)
  object space 5242880K, 37% used [0x00002ba57b4e0000,0x00002ba5f464edd8,0x00002ba6bb4e0000)
 PSPermGen       total 524288K, used 316289K [0x00002ba55b4e0000, 0x00002ba57b4e0000, 0x00002ba57b4e0000)
  object space 524288K, 60% used [0x00002ba55b4e0000,0x00002ba56e9c0760,0x00002ba57b4e0000)
}
Total time for which application threads were stopped: 0.0457300 seconds
Application time: 57.2986520 seconds
{Heap before gc invocations=362:
 PSYoungGen      total 1022272K, used 1014508K [0x00002ba6bb4e0000, 0x00002ba6fb4e0000, 0x00002ba6fb4e0000)
  eden space 995840K, 100% used [0x00002ba6bb4e0000,0x00002ba6f8160000,0x00002ba6f8160000)
  from space 26432K, 70% used [0x00002ba6f9b10000,0x00002ba6fad4b018,0x00002ba6fb4e0000)
  to   space 26304K, 0% used [0x00002ba6f8160000,0x00002ba6f8160000,0x00002ba6f9b10000)
 PSOldGen        total 5242880K, used 1983931K [0x00002ba57b4e0000, 0x00002ba6bb4e0000, 0x00002ba6bb4e0000)
  object space 5242880K, 37% used [0x00002ba57b4e0000,0x00002ba5f464edd8,0x00002ba6bb4e0000)
 PSPermGen       total 524288K, used 316301K [0x00002ba55b4e0000, 0x00002ba57b4e0000, 0x00002ba57b4e0000)
  object space 524288K, 60% used [0x00002ba55b4e0000,0x00002ba56e9c3650,0x00002ba57b4e0000)
39572.728: [GC [PSYoungGen: 1014508K->14062K(1022144K)] 2998439K->2005636K(6265024K), 0.0278290 secs]
Heap after gc invocations=362:
 PSYoungGen      total 1022144K, used 14062K [0x00002ba6bb4e0000, 0x00002ba6fb4e0000, 0x00002ba6fb4e0000)
  eden space 995840K, 0% used [0x00002ba6bb4e0000,0x00002ba6bb4e0000,0x00002ba6f8160000)
  from space 26304K, 53% used [0x00002ba6f8160000,0x00002ba6f8f1b928,0x00002ba6f9b10000)
  to   space 25728K, 0% used [0x00002ba6f9bc0000,0x00002ba6f9bc0000,0x00002ba6fb4e0000)
 PSOldGen        total 5242880K, used 1991574K [0x00002ba57b4e0000, 0x00002ba6bb4e0000, 0x00002ba6bb4e0000)
  object space 5242880K, 37% used [0x00002ba57b4e0000,0x00002ba5f4dc5a18,0x00002ba6bb4e0000)
 PSPermGen       total 524288K, used 316301K [0x00002ba55b4e0000, 0x00002ba57b4e0000, 0x00002ba57b4e0000)
  object space 524288K, 60% used [0x00002ba55b4e0000,0x00002ba56e9c3650,0x00002ba57b4e0000)
}
Total time for which application threads were stopped: 0.0296660 seconds
Application time: 68.5232580 seconds
{Heap before gc invocations=363:
 PSYoungGen      total 1022144K, used 1009902K [0x00002ba6bb4e0000, 0x00002ba6fb4e0000, 0x00002ba6fb4e0000)
  eden space 995840K, 100% used [0x00002ba6bb4e0000,0x00002ba6f8160000,0x00002ba6f8160000)
  from space 26304K, 53% used [0x00002ba6f8160000,0x00002ba6f8f1b928,0x00002ba6f9b10000)
  to   space 25728K, 0% used [0x00002ba6f9bc0000,0x00002ba6f9bc0000,0x00002ba6fb4e0000)
 PSOldGen        total 5242880K, used 1991574K [0x00002ba57b4e0000, 0x00002ba6bb4e0000, 0x00002ba6bb4e0000)
  object space 5242880K, 37% used [0x00002ba57b4e0000,0x00002ba5f4dc5a18,0x00002ba6bb4e0000)
 PSPermGen       total 524288K, used 316487K [0x00002ba55b4e0000, 0x00002ba57b4e0000, 0x00002ba57b4e0000)
  object space 524288K, 60% used [0x00002ba55b4e0000,0x00002ba56e9f1e00,0x00002ba57b4e0000)
39641.281: [GC [PSYoungGen: 1009902K->11855K(1023040K)] 3001476K->2011261K(6265920K), 0.0282360 secs]
Heap after gc invocations=363:
 PSYoungGen      total 1023040K, used 11855K [0x00002ba6bb4e0000, 0x00002ba6fb4e0000, 0x00002ba6fb4e0000)
  eden space 997312K, 0% used [0x00002ba6bb4e0000,0x00002ba6bb4e0000,0x00002ba6f82d0000)
  from space 25728K, 46% used [0x00002ba6f9bc0000,0x00002ba6fa753ca0,0x00002ba6fb4e0000)
  to   space 25536K, 0% used [0x00002ba6f82d0000,0x00002ba6f82d0000,0x00002ba6f9bc0000)
 PSOldGen        total 5242880K, used 1999406K [0x00002ba57b4e0000, 0x00002ba6bb4e0000, 0x00002ba6bb4e0000)
  object space 5242880K, 38% used [0x00002ba57b4e0000,0x00002ba5f556b8f8,0x00002ba6bb4e0000)
 PSPermGen       total 524288K, used 316487K [0x00002ba55b4e0000, 0x00002ba57b4e0000, 0x00002ba57b4e0000)
  object space 524288K, 60% used [0x00002ba55b4e0000,0x00002ba56e9f1e00,0x00002ba57b4e0000)
}
Total time for which application threads were stopped: 0.0297870 seconds
Application time: 30.0267530 seconds
{Heap before gc invocations=364:
 PSYoungGen      total 1023040K, used 382089K [0x00002ba6bb4e0000, 0x00002ba6fb4e0000, 0x00002ba6fb4e0000)
  eden space 997312K, 37% used [0x00002ba6bb4e0000,0x00002ba6d1e6eb20,0x00002ba6f82d0000)
  from space 25728K, 46% used [0x00002ba6f9bc0000,0x00002ba6fa753ca0,0x00002ba6fb4e0000)
  to   space 25536K, 0% used [0x00002ba6f82d0000,0x00002ba6f82d0000,0x00002ba6f9bc0000)
 PSOldGen        total 5242880K, used 1999406K [0x00002ba57b4e0000, 0x00002ba6bb4e0000, 0x00002ba6bb4e0000)
  object space 5242880K, 38% used [0x00002ba57b4e0000,0x00002ba5f556b8f8,0x00002ba6bb4e0000)
 PSPermGen       total 524288K, used 316490K [0x00002ba55b4e0000, 0x00002ba57b4e0000, 0x00002ba57b4e0000)
  object space 524288K, 60% used [0x00002ba55b4e0000,0x00002ba56e9f2ab0,0x00002ba57b4e0000)
39671.338: [GC [PSYoungGen: 382089K->6910K(1004224K)] 2381496K->2012874K(6247104K), 0.0232120 secs]
Heap after gc invocations=364:
 PSYoungGen      total 1004224K, used 6910K [0x00002ba6bb4e0000, 0x00002ba6fb4e0000, 0x00002ba6fb4e0000)
  eden space 997312K, 0% used [0x00002ba6bb4e0000,0x00002ba6bb4e0000,0x00002ba6f82d0000)
  from space 6912K, 99% used [0x00002ba6f82d0000,0x00002ba6f898fa90,0x00002ba6f8990000)
  to   space 26112K, 0% used [0x00002ba6f9b60000,0x00002ba6f9b60000,0x00002ba6fb4e0000)
 PSOldGen        total 5242880K, used 2005963K [0x00002ba57b4e0000, 0x00002ba6bb4e0000, 0x00002ba6bb4e0000)
  object space 5242880K, 38% used [0x00002ba57b4e0000,0x00002ba5f5bd2e68,0x00002ba6bb4e0000)
 PSPermGen       total 524288K, used 316490K [0x00002ba55b4e0000, 0x00002ba57b4e0000, 0x00002ba57b4e0000)
  object space 524288K, 60% used [0x00002ba55b4e0000,0x00002ba56e9f2ab0,0x00002ba57b4e0000)
}
{Heap before gc invocations=365:
 PSYoungGen      total 1004224K, used 6910K [0x00002ba6bb4e0000, 0x00002ba6fb4e0000, 0x00002ba6fb4e0000)
  eden space 997312K, 0% used [0x00002ba6bb4e0000,0x00002ba6bb4e0000,0x00002ba6f82d0000)
  from space 6912K, 99% used [0x00002ba6f82d0000,0x00002ba6f898fa90,0x00002ba6f8990000)
  to   space 26112K, 0% used [0x00002ba6f9b60000,0x00002ba6f9b60000,0x00002ba6fb4e0000)
 PSOldGen        total 5242880K, used 2005963K [0x00002ba57b4e0000, 0x00002ba6bb4e0000, 0x00002ba6bb4e0000)
  object space 5242880K, 38% used [0x00002ba57b4e0000,0x00002ba5f5bd2e68,0x00002ba6bb4e0000)
 PSPermGen       total 524288K, used 316490K [0x00002ba55b4e0000, 0x00002ba57b4e0000, 0x00002ba57b4e0000)
  object space 524288K, 60% used [0x00002ba55b4e0000,0x00002ba56e9f2ab0,0x00002ba57b4e0000)
39671.361: [Full GC [PSYoungGen: 6910K->0K(1004224K)] [PSOldGen: 2005963K->1322792K(5242880K)] 2012874K->1322792K(6247104K) [PSPermGen: 316490K->191313K(524288K)], 6.9485980 secs]
Heap after gc invocations=365:
 PSYoungGen      total 1004224K, used 0K [0x00002ba6bb4e0000, 0x00002ba6fb4e0000, 0x00002ba6fb4e0000)
  eden space 997312K, 0% used [0x00002ba6bb4e0000,0x00002ba6bb4e0000,0x00002ba6f82d0000)
  from space 6912K, 0% used [0x00002ba6f82d0000,0x00002ba6f82d0000,0x00002ba6f8990000)
  to   space 26112K, 0% used [0x00002ba6f9b60000,0x00002ba6f9b60000,0x00002ba6fb4e0000)
 PSOldGen        total 5242880K, used 1322792K [0x00002ba57b4e0000, 0x00002ba6bb4e0000, 0x00002ba6bb4e0000)
  object space 5242880K, 25% used [0x00002ba57b4e0000,0x00002ba5cc0aa180,0x00002ba6bb4e0000)
 PSPermGen       total 524288K, used 191313K [0x00002ba55b4e0000, 0x00002ba57b4e0000, 0x00002ba57b4e0000)
  object space 524288K, 36% used [0x00002ba55b4e0000,0x00002ba566fb4528,0x00002ba57b4e0000)
}
Total time for which application threads were stopped: 6.9734990 seconds
Application time: 30.7785360 seconds
{Heap before gc invocations=366:
 PSYoungGen      total 1004224K, used 997312K [0x00002ba6bb4e0000, 0x00002ba6fb4e0000, 0x00002ba6fb4e0000)
  eden space 997312K, 100% used [0x00002ba6bb4e0000,0x00002ba6f82d0000,0x00002ba6f82d0000)
  from space 6912K, 0% used [0x00002ba6f82d0000,0x00002ba6f82d0000,0x00002ba6f8990000)
  to   space 26112K, 0% used [0x00002ba6f9b60000,0x00002ba6f9b60000,0x00002ba6fb4e0000)
 PSOldGen        total 5242880K, used 1322792K [0x00002ba57b4e0000, 0x00002ba6bb4e0000, 0x00002ba6bb4e0000)
  object space 5242880K, 25% used [0x00002ba57b4e0000,0x00002ba5cc0aa180,0x00002ba6bb4e0000)
 PSPermGen       total 524288K, used 191517K [0x00002ba55b4e0000, 0x00002ba57b4e0000, 0x00002ba57b4e0000)
  object space 524288K, 36% used [0x00002ba55b4e0000,0x00002ba566fe7490,0x00002ba57b4e0000)
39710.093: [GC [PSYoungGen: 997312K->16012K(1023168K)] 2320104K->1338804K(6266048K), 0.0491690 secs]
Heap after gc invocations=366:
 PSYoungGen      total 1023168K, used 16012K [0x00002ba6bb4e0000, 0x00002ba6fb4e0000, 0x00002ba6fb4e0000)
  eden space 997056K, 0% used [0x00002ba6bb4e0000,0x00002ba6bb4e0000,0x00002ba6f8290000)
  from space 26112K, 61% used [0x00002ba6f9b60000,0x00002ba6fab031a0,0x00002ba6fb4e0000)
  to   space 25408K, 0% used [0x00002ba6f8290000,0x00002ba6f8290000,0x00002ba6f9b60000)
 PSOldGen        total 5242880K, used 1322792K [0x00002ba57b4e0000, 0x00002ba6bb4e0000, 0x00002ba6bb4e0000)
  object space 5242880K, 25% used [0x00002ba57b4e0000,0x00002ba5cc0aa180,0x00002ba6bb4e0000)
 PSPermGen       total 524288K, used 191517K [0x00002ba55b4e0000, 0x00002ba57b4e0000, 0x00002ba57b4e0000)
  object space 524288K, 36% used [0x00002ba55b4e0000,0x00002ba566fe7490,0x00002ba57b4e0000)
}
Total time for which application threads were stopped: 0.0508940 seconds
Application time: 49.5298150 seconds
{Heap before gc invocations=367:
 PSYoungGen      total 1023168K, used 1013068K [0x00002ba6bb4e0000, 0x00002ba6fb4e0000, 0x00002ba6fb4e0000)
  eden space 997056K, 100% used [0x00002ba6bb4e0000,0x00002ba6f8290000,0x00002ba6f8290000)
  from space 26112K, 61% used [0x00002ba6f9b60000,0x00002ba6fab031a0,0x00002ba6fb4e0000)
  to   space 25408K, 0% used [0x00002ba6f8290000,0x00002ba6f8290000,0x00002ba6f9b60000)
 PSOldGen        total 5242880K, used 1322792K [0x00002ba57b4e0000, 0x00002ba6bb4e0000, 0x00002ba6bb4e0000)
  object space 5242880K, 25% used [0x00002ba57b4e0000,0x00002ba5cc0aa180,0x00002ba6bb4e0000)
 PSPermGen       total 524288K, used 191524K [0x00002ba55b4e0000, 0x00002ba57b4e0000, 0x00002ba57b4e0000)
  object space 524288K, 36% used [0x00002ba55b4e0000,0x00002ba566fe9030,0x00002ba57b4e0000)
39787.731: [GC [PSYoungGen: 1013068K->17049K(1022464K)] 2335860K->1348135K(6265344K), 0.0353330 secs]
Heap after gc invocations=367:
 PSYoungGen      total 1022464K, used 17049K [0x00002ba6bb4e0000, 0x00002ba6fb4e0000, 0x00002ba6fb4e0000)
  eden space 997056K, 0% used [0x00002ba6bb4e0000,0x00002ba6bb4e0000,0x00002ba6f8290000)
  from space 25408K, 67% used [0x00002ba6f8290000,0x00002ba6f93367f8,0x00002ba6f9b60000)
  to   space 25088K, 0% used [0x00002ba6f9c60000,0x00002ba6f9c60000,0x00002ba6fb4e0000)
 PSOldGen        total 5242880K, used 1331085K [0x00002ba57b4e0000, 0x00002ba6bb4e0000, 0x00002ba6bb4e0000)
  object space 5242880K, 25% used [0x00002ba57b4e0000,0x00002ba5cc8c3670,0x00002ba6bb4e0000)
 PSPermGen       total 524288K, used 191524K [0x00002ba55b4e0000, 0x00002ba57b4e0000, 0x00002ba57b4e0000)
  object space 524288K, 36% used [0x00002ba55b4e0000,0x00002ba566fe9030,0x00002ba57b4e0000)
}
Total time for which application threads were stopped: 0.0369450 seconds
Application time: 80.9054080 seconds
{Heap before gc invocations=368:
 PSYoungGen      total 1022464K, used 1014105K [0x00002ba6bb4e0000, 0x00002ba6fb4e0000, 0x00002ba6fb4e0000)
  eden space 997056K, 100% used [0x00002ba6bb4e0000,0x00002ba6f8290000,0x00002ba6f8290000)
  from space 25408K, 67% used [0x00002ba6f8290000,0x00002ba6f93367f8,0x00002ba6f9b60000)
  to   space 25088K, 0% used [0x00002ba6f9c60000,0x00002ba6f9c60000,0x00002ba6fb4e0000)
 PSOldGen        total 5242880K, used 1331085K [0x00002ba57b4e0000, 0x00002ba6bb4e0000, 0x00002ba6bb4e0000)
  object space 5242880K, 25% used [0x00002ba57b4e0000,0x00002ba5cc8c3670,0x00002ba6bb4e0000)
 PSPermGen       total 524288K, used 191936K [0x00002ba55b4e0000, 0x00002ba57b4e0000, 0x00002ba57b4e0000)
  object space 524288K, 36% used [0x00002ba55b4e0000,0x00002ba5670502e8,0x00002ba57b4e0000)
39868.674: [GC [PSYoungGen: 1014105K->16832K(1023872K)] 2345191K->1356383K(6266752K), 0.0431300 secs]
Heap after gc invocations=368:
 PSYoungGen      total 1023872K, used 16832K [0x00002ba6bb4e0000, 0x00002ba6fb4e0000, 0x00002ba6fb4e0000)
  eden space 998784K, 0% used [0x00002ba6bb4e0000,0x00002ba6bb4e0000,0x00002ba6f8440000)
  from space 25088K, 67% used [0x00002ba6f9c60000,0x00002ba6facd0188,0x00002ba6fb4e0000)
  to   space 24704K, 0% used [0x00002ba6f8440000,0x00002ba6f8440000,0x00002ba6f9c60000)
 PSOldGen        total 5242880K, used 1339550K [0x00002ba57b4e0000, 0x00002ba6bb4e0000, 0x00002ba6bb4e0000)
  object space 5242880K, 25% used [0x00002ba57b4e0000,0x00002ba5cd107aa0,0x00002ba6bb4e0000)
 PSPermGen       total 524288K, used 191936K [0x00002ba55b4e0000, 0x00002ba57b4e0000, 0x00002ba57b4e0000)
  object space 524288K, 36% used [0x00002ba55b4e0000,0x00002ba5670502e8,0x00002ba57b4e0000)
}
Total time for which application threads were stopped: 0.0449130 seconds
Application time: 78.9189000 seconds
{Heap before gc invocations=369:
 PSYoungGen      total 1023872K, used 1015616K [0x00002ba6bb4e0000, 0x00002ba6fb4e0000, 0x00002ba6fb4e0000)
  eden space 998784K, 100% used [0x00002ba6bb4e0000,0x00002ba6f8440000,0x00002ba6f8440000)
  from space 25088K, 67% used [0x00002ba6f9c60000,0x00002ba6facd0188,0x00002ba6fb4e0000)
  to   space 24704K, 0% used [0x00002ba6f8440000,0x00002ba6f8440000,0x00002ba6f9c60000)
 PSOldGen        total 5242880K, used 1339550K [0x00002ba57b4e0000, 0x00002ba6bb4e0000, 0x00002ba6bb4e0000)
  object space 5242880K, 25% used [0x00002ba57b4e0000,0x00002ba5cd107aa0,0x00002ba6bb4e0000)
 PSPermGen       total 524288K, used 192461K [0x00002ba55b4e0000, 0x00002ba57b4e0000, 0x00002ba57b4e0000)
  object space 524288K, 36% used [0x00002ba55b4e0000,0x00002ba5670d3560,0x00002ba57b4e0000)
39947.664: [GC [PSYoungGen: 1015616K->19296K(1018112K)] 2355167K->1366463K(6260992K), 0.0501970 secs]
Heap after gc invocations=369:
 PSYoungGen      total 1018112K, used 19296K [0x00002ba6bb4e0000, 0x00002ba6fb4e0000, 0x00002ba6fb4e0000)
  eden space 998784K, 0% used [0x00002ba6bb4e0000,0x00002ba6bb4e0000,0x00002ba6f8440000)
  from space 19328K, 99% used [0x00002ba6f8440000,0x00002ba6f9718148,0x00002ba6f9720000)
  to   space 25216K, 0% used [0x00002ba6f9c40000,0x00002ba6f9c40000,0x00002ba6fb4e0000)
 PSOldGen        total 5242880K, used 1347167K [0x00002ba57b4e0000, 0x00002ba6bb4e0000, 0x00002ba6bb4e0000)
  object space 5242880K, 25% used [0x00002ba57b4e0000,0x00002ba5cd877de8,0x00002ba6bb4e0000)
 PSPermGen       total 524288K, used 192461K [0x00002ba55b4e0000, 0x00002ba57b4e0000, 0x00002ba57b4e0000)
  object space 524288K, 36% used [0x00002ba55b4e0000,0x00002ba5670d3560,0x00002ba57b4e0000)
}
Total time for which application threads were stopped: 0.0781700 seconds
Application time: 73.5363590 seconds
{Heap before gc invocations=370:
 PSYoungGen      total 1018112K, used 1017628K [0x00002ba6bb4e0000, 0x00002ba6fb4e0000, 0x00002ba6fb4e0000)
  eden space 998784K, 99% used [0x00002ba6bb4e0000,0x00002ba6f83cf238,0x00002ba6f8440000)
  from space 19328K, 99% used [0x00002ba6f8440000,0x00002ba6f9718148,0x00002ba6f9720000)
  to   space 25216K, 0% used [0x00002ba6f9c40000,0x00002ba6f9c40000,0x00002ba6fb4e0000)
 PSOldGen        total 5242880K, used 1347167K [0x00002ba57b4e0000, 0x00002ba6bb4e0000, 0x00002ba6bb4e0000)
  object space 5242880K, 25% used [0x00002ba57b4e0000,0x00002ba5cd877de8,0x00002ba6bb4e0000)
 PSPermGen       total 524288K, used 192646K [0x00002ba55b4e0000, 0x00002ba57b4e0000, 0x00002ba57b4e0000)
  object space 524288K, 36% used [0x00002ba55b4e0000,0x00002ba567101b98,0x00002ba57b4e0000)
40021.304: [GC [PSYoungGen: 1017628K->16556K(1024064K)] 2364796K->1374849K(6266944K), 0.0258200 secs]
Heap after gc invocations=370:
 PSYoungGen      total 1024064K, used 16556K [0x00002ba6bb4e0000, 0x00002ba6fb4e0000, 0x00002ba6fb4e0000)
  eden space 998848K, 0% used [0x00002ba6bb4e0000,0x00002ba6bb4e0000,0x00002ba6f8450000)
  from space 25216K, 65% used [0x00002ba6f9c40000,0x00002ba6fac6b0c0,0x00002ba6fb4e0000)
  to   space 24512K, 0% used [0x00002ba6f8450000,0x00002ba6f8450000,0x00002ba6f9c40000)
 PSOldGen        total 5242880K, used 1358293K [0x00002ba57b4e0000, 0x00002ba6bb4e0000, 0x00002ba6bb4e0000)
  object space 5242880K, 25% used [0x00002ba57b4e0000,0x00002ba5ce3555d0,0x00002ba6bb4e0000)
 PSPermGen       total 524288K, used 192646K [0x00002ba55b4e0000, 0x00002ba57b4e0000, 0x00002ba57b4e0000)
  object space 524288K, 36% used [0x00002ba55b4e0000,0x00002ba567101b98,0x00002ba57b4e0000)
}
Total time for which application threads were stopped: 0.0796020 seconds
Application time: 7.3914110 seconds
{Heap before gc invocations=371:
 PSYoungGen      total 1024064K, used 1015404K [0x00002ba6bb4e0000, 0x00002ba6fb4e0000, 0x00002ba6fb4e0000)
  eden space 998848K, 100% used [0x00002ba6bb4e0000,0x00002ba6f8450000,0x00002ba6f8450000)
  from space 25216K, 65% used [0x00002ba6f9c40000,0x00002ba6fac6b0c0,0x00002ba6fb4e0000)
  to   space 24512K, 0% used [0x00002ba6f8450000,0x00002ba6f8450000,0x00002ba6f9c40000)
 PSOldGen        total 5242880K, used 1358293K [0x00002ba57b4e0000, 0x00002ba6bb4e0000, 0x00002ba6bb4e0000)
  object space 5242880K, 25% used [0x00002ba57b4e0000,0x00002ba5ce3555d0,0x00002ba6bb4e0000)
 PSPermGen       total 524288K, used 193021K [0x00002ba55b4e0000, 0x00002ba57b4e0000, 0x00002ba57b4e0000)
  object space 524288K, 36% used [0x00002ba55b4e0000,0x00002ba56715f5c0,0x00002ba57b4e0000)
40092.055: [GC [PSYoungGen: 1015404K->13496K(1023360K)] 2373697K->1377835K(6266240K), 0.0253430 secs]
Heap after gc invocations=371:
 PSYoungGen      total 1023360K, used 13496K [0x00002ba6bb4e0000, 0x00002ba6fb4e0000, 0x00002ba6fb4e0000)
  eden space 998848K, 0% used [0x00002ba6bb4e0000,0x00002ba6bb4e0000,0x00002ba6f8450000)
  from space 24512K, 55% used [0x00002ba6f8450000,0x00002ba6f917e0d8,0x00002ba6f9c40000)
  to   space 24064K, 0% used [0x00002ba6f9d60000,0x00002ba6f9d60000,0x00002ba6fb4e0000)
 PSOldGen        total 5242880K, used 1364339K [0x00002ba57b4e0000, 0x00002ba6bb4e0000, 0x00002ba6bb4e0000)
  object space 5242880K, 26% used [0x00002ba57b4e0000,0x00002ba5ce93cc60,0x00002ba6bb4e0000)
 PSPermGen       total 524288K, used 193021K [0x00002ba55b4e0000, 0x00002ba57b4e0000, 0x00002ba57b4e0000)
  object space 524288K, 36% used [0x00002ba55b4e0000,0x00002ba56715f5c0,0x00002ba57b4e0000)
}
Total time for which application threads were stopped: 0.0534440 seconds
Application time: 69.4104590 seconds
{Heap before gc invocations=372:
 PSYoungGen      total 1023360K, used 1012344K [0x00002ba6bb4e0000, 0x00002ba6fb4e0000, 0x00002ba6fb4e0000)
  eden space 998848K, 100% used [0x00002ba6bb4e0000,0x00002ba6f8450000,0x00002ba6f8450000)
  from space 24512K, 55% used [0x00002ba6f8450000,0x00002ba6f917e0d8,0x00002ba6f9c40000)
  to   space 24064K, 0% used [0x00002ba6f9d60000,0x00002ba6f9d60000,0x00002ba6fb4e0000)
 PSOldGen        total 5242880K, used 1364339K [0x00002ba57b4e0000, 0x00002ba6bb4e0000, 0x00002ba6bb4e0000)
  object space 5242880K, 26% used [0x00002ba57b4e0000,0x00002ba5ce93cc60,0x00002ba6bb4e0000)
 PSPermGen       total 524288K, used 193542K [0x00002ba55b4e0000, 0x00002ba57b4e0000, 0x00002ba57b4e0000)
  object space 524288K, 36% used [0x00002ba55b4e0000,0x00002ba5671e19f0,0x00002ba57b4e0000)
40161.545: [GC [PSYoungGen: 1012344K->12462K(1024768K)] 2376683K->1384244K(6267648K), 0.0278520 secs]
Heap after gc invocations=372:
 PSYoungGen      total 1024768K, used 12462K [0x00002ba6bb4e0000, 0x00002ba6fb4e0000, 0x00002ba6fb4e0000)
  eden space 1000704K, 0% used [0x00002ba6bb4e0000,0x00002ba6bb4e0000,0x00002ba6f8620000)
  from space 24064K, 51% used [0x00002ba6f9d60000,0x00002ba6fa98bac8,0x00002ba6fb4e0000)
  to   space 23808K, 0% used [0x00002ba6f8620000,0x00002ba6f8620000,0x00002ba6f9d60000)
 PSOldGen        total 5242880K, used 1371782K [0x00002ba57b4e0000, 0x00002ba6bb4e0000, 0x00002ba6bb4e0000)
  object space 5242880K, 26% used [0x00002ba57b4e0000,0x00002ba5cf081870,0x00002ba6bb4e0000)
 PSPermGen       total 524288K, used 193542K [0x00002ba55b4e0000, 0x00002ba57b4e0000, 0x00002ba57b4e0000)
  object space 524288K, 36% used [0x00002ba55b4e0000,0x00002ba5671e19f0,0x00002ba57b4e0000)
}
Total time for which application threads were stopped: 0.0816910 seconds
Application time: 120.5320980 seconds
{Heap before gc invocations=373:
 PSYoungGen      total 1024768K, used 1013166K [0x00002ba6bb4e0000, 0x00002ba6fb4e0000, 0x00002ba6fb4e0000)
  eden space 1000704K, 100% used [0x00002ba6bb4e0000,0x00002ba6f8620000,0x00002ba6f8620000)
  from space 24064K, 51% used [0x00002ba6f9d60000,0x00002ba6fa98bac8,0x00002ba6fb4e0000)
  to   space 23808K, 0% used [0x00002ba6f8620000,0x00002ba6f8620000,0x00002ba6f9d60000)
 PSOldGen        total 5242880K, used 1371782K [0x00002ba57b4e0000, 0x00002ba6bb4e0000, 0x00002ba6bb4e0000)
  object space 5242880K, 26% used [0x00002ba57b4e0000,0x00002ba5cf081870,0x00002ba6bb4e0000)
 PSPermGen       total 524288K, used 194063K [0x00002ba55b4e0000, 0x00002ba57b4e0000, 0x00002ba57b4e0000)
  object space 524288K, 37% used [0x00002ba55b4e0000,0x00002ba567263e88,0x00002ba57b4e0000)
40282.180: [GC [PSYoungGen: 1013166K->11253K(1024512K)] 2384948K->1390362K(6267392K), 0.0282030 secs]
Heap after gc invocations=373:
 PSYoungGen      total 1024512K, used 11253K [0x00002ba6bb4e0000, 0x00002ba6fb4e0000, 0x00002ba6fb4e0000)
  eden space 1000704K, 0% used [0x00002ba6bb4e0000,0x00002ba6bb4e0000,0x00002ba6f8620000)
  from space 23808K, 47% used [0x00002ba6f8620000,0x00002ba6f911d7a0,0x00002ba6f9d60000)
  to   space 23616K, 0% used [0x00002ba6f9dd0000,0x00002ba6f9dd0000,0x00002ba6fb4e0000)
 PSOldGen        total 5242880K, used 1379108K [0x00002ba57b4e0000, 0x00002ba6bb4e0000, 0x00002ba6bb4e0000)
  object space 5242880K, 26% used [0x00002ba57b4e0000,0x00002ba5cf7a9260,0x00002ba6bb4e0000)
 PSPermGen       total 524288K, used 194063K [0x00002ba55b4e0000, 0x00002ba57b4e0000, 0x00002ba57b4e0000)
  object space 524288K, 37% used [0x00002ba55b4e0000,0x00002ba567263e88,0x00002ba57b4e0000)
}
Total time for which application threads were stopped: 0.1029640 seconds
Application time: 70.7103180 seconds
{Heap before gc invocations=374:
 PSYoungGen      total 1024512K, used 1011957K [0x00002ba6bb4e0000, 0x00002ba6fb4e0000, 0x00002ba6fb4e0000)
  eden space 1000704K, 100% used [0x00002ba6bb4e0000,0x00002ba6f8620000,0x00002ba6f8620000)
  from space 23808K, 47% used [0x00002ba6f8620000,0x00002ba6f911d7a0,0x00002ba6f9d60000)
  to   space 23616K, 0% used [0x00002ba6f9dd0000,0x00002ba6f9dd0000,0x00002ba6fb4e0000)
 PSOldGen        total 5242880K, used 1379108K [0x00002ba57b4e0000, 0x00002ba6bb4e0000, 0x00002ba6bb4e0000)
  object space 5242880K, 26% used [0x00002ba57b4e0000,0x00002ba5cf7a9260,0x00002ba6bb4e0000)
 PSPermGen       total 524288K, used 194426K [0x00002ba55b4e0000, 0x00002ba57b4e0000, 0x00002ba57b4e0000)
  object space 524288K, 37% used [0x00002ba55b4e0000,0x00002ba5672be9f8,0x00002ba57b4e0000)
40353.021: [GC [PSYoungGen: 1011957K->12657K(1025408K)] 2391066K->1399108K(6268288K), 0.0242400 secs]
Heap after gc invocations=374:
 PSYoungGen      total 1025408K, used 12657K [0x00002ba6bb4e0000, 0x00002ba6fb4e0000, 0x00002ba6fb4e0000)
  eden space 1001792K, 0% used [0x00002ba6bb4e0000,0x00002ba6bb4e0000,0x00002ba6f8730000)
  from space 23616K, 53% used [0x00002ba6f9dd0000,0x00002ba6faa2c5e0,0x00002ba6fb4e0000)
  to   space 23168K, 0% used [0x00002ba6f8730000,0x00002ba6f8730000,0x00002ba6f9dd0000)
 PSOldGen        total 5242880K, used 1386451K [0x00002ba57b4e0000, 0x00002ba6bb4e0000, 0x00002ba6bb4e0000)
  object space 5242880K, 26% used [0x00002ba57b4e0000,0x00002ba5cfed4da0,0x00002ba6bb4e0000)
 PSPermGen       total 524288K, used 194426K [0x00002ba55b4e0000, 0x00002ba57b4e0000, 0x00002ba57b4e0000)
  object space 524288K, 37% used [0x00002ba55b4e0000,0x00002ba5672be9f8,0x00002ba57b4e0000)
}
Total time for which application threads were stopped: 0.1266810 seconds
Application time: 86.8772500 seconds
{Heap before gc invocations=375:
 PSYoungGen      total 1025408K, used 1014449K [0x00002ba6bb4e0000, 0x00002ba6fb4e0000, 0x00002ba6fb4e0000)
  eden space 1001792K, 100% used [0x00002ba6bb4e0000,0x00002ba6f8730000,0x00002ba6f8730000)
  from space 23616K, 53% used [0x00002ba6f9dd0000,0x00002ba6faa2c5e0,0x00002ba6fb4e0000)
  to   space 23168K, 0% used [0x00002ba6f8730000,0x00002ba6f8730000,0x00002ba6f9dd0000)
 PSOldGen        total 5242880K, used 1386451K [0x00002ba57b4e0000, 0x00002ba6bb4e0000, 0x00002ba6bb4e0000)
  object space 5242880K, 26% used [0x00002ba57b4e0000,0x00002ba5cfed4da0,0x00002ba6bb4e0000)
 PSPermGen       total 524288K, used 195289K [0x00002ba55b4e0000, 0x00002ba57b4e0000, 0x00002ba57b4e0000)
  object space 524288K, 37% used [0x00002ba55b4e0000,0x00002ba567396728,0x00002ba57b4e0000)
40439.950: [GC [PSYoungGen: 1014449K->12038K(1024960K)] 2400900K->1405182K(6267840K), 0.0299780 secs]
Heap after gc invocations=375:
 PSYoungGen      total 1024960K, used 12038K [0x00002ba6bb4e0000, 0x00002ba6fb4e0000, 0x00002ba6fb4e0000)
  eden space 1001792K, 0% used [0x00002ba6bb4e0000,0x00002ba6bb4e0000,0x00002ba6f8730000)
  from space 23168K, 51% used [0x00002ba6f8730000,0x00002ba6f92f1a68,0x00002ba6f9dd0000)
  to   space 22784K, 0% used [0x00002ba6f9ea0000,0x00002ba6f9ea0000,0x00002ba6fb4e0000)
 PSOldGen        total 5242880K, used 1393144K [0x00002ba57b4e0000, 0x00002ba6bb4e0000, 0x00002ba6bb4e0000)
  object space 5242880K, 26% used [0x00002ba57b4e0000,0x00002ba5d055e0d8,0x00002ba6bb4e0000)
 PSPermGen       total 524288K, used 195289K [0x00002ba55b4e0000, 0x00002ba57b4e0000, 0x00002ba57b4e0000)
  object space 524288K, 37% used [0x00002ba55b4e0000,0x00002ba567396728,0x00002ba57b4e0000)
}
Total time for which application threads were stopped: 0.0578610 seconds
Application time: 154.2808740 seconds
{Heap before gc invocations=376:
 PSYoungGen      total 1024960K, used 1013830K [0x00002ba6bb4e0000, 0x00002ba6fb4e0000, 0x00002ba6fb4e0000)
  eden space 1001792K, 100% used [0x00002ba6bb4e0000,0x00002ba6f8730000,0x00002ba6f8730000)
  from space 23168K, 51% used [0x00002ba6f8730000,0x00002ba6f92f1a68,0x00002ba6f9dd0000)
  to   space 22784K, 0% used [0x00002ba6f9ea0000,0x00002ba6f9ea0000,0x00002ba6fb4e0000)
 PSOldGen        total 5242880K, used 1393144K [0x00002ba57b4e0000, 0x00002ba6bb4e0000, 0x00002ba6bb4e0000)
  object space 5242880K, 26% used [0x00002ba57b4e0000,0x00002ba5d055e0d8,0x00002ba6bb4e0000)
 PSPermGen       total 524288K, used 195650K [0x00002ba55b4e0000, 0x00002ba57b4e0000, 0x00002ba57b4e0000)
  object space 524288K, 37% used [0x00002ba55b4e0000,0x00002ba5673f0be0,0x00002ba57b4e0000)
40594.315: [GC [PSYoungGen: 1013830K->22762K(1013888K)] 2406974K->1425973K(6256768K), 0.1170940 secs]
Heap after gc invocations=376:
 PSYoungGen      total 1013888K, used 22762K [0x00002ba6bb4e0000, 0x00002ba6fb4e0000, 0x00002ba6fb4e0000)
  eden space 991104K, 0% used [0x00002ba6bb4e0000,0x00002ba6bb4e0000,0x00002ba6f7cc0000)
  from space 22784K, 99% used [0x00002ba6f9ea0000,0x00002ba6fb4daa48,0x00002ba6fb4e0000)
  to   space 28736K, 0% used [0x00002ba6f7cc0000,0x00002ba6f7cc0000,0x00002ba6f98d0000)
 PSOldGen        total 5242880K, used 1403211K [0x00002ba57b4e0000, 0x00002ba6bb4e0000, 0x00002ba6bb4e0000)
  object space 5242880K, 26% used [0x00002ba57b4e0000,0x00002ba5d0f32d58,0x00002ba6bb4e0000)
 PSPermGen       total 524288K, used 195650K [0x00002ba55b4e0000, 0x00002ba57b4e0000, 0x00002ba57b4e0000)
  object space 524288K, 37% used [0x00002ba55b4e0000,0x00002ba5673f0be0,0x00002ba57b4e0000)
}
Total time for which application threads were stopped: 0.1711980 seconds
Application time: 103.8687340 seconds
{Heap before gc invocations=377:
 PSYoungGen      total 1013888K, used 1013866K [0x00002ba6bb4e0000, 0x00002ba6fb4e0000, 0x00002ba6fb4e0000)
  eden space 991104K, 100% used [0x00002ba6bb4e0000,0x00002ba6f7cc0000,0x00002ba6f7cc0000)
  from space 22784K, 99% used [0x00002ba6f9ea0000,0x00002ba6fb4daa48,0x00002ba6fb4e0000)
  to   space 28736K, 0% used [0x00002ba6f7cc0000,0x00002ba6f7cc0000,0x00002ba6f98d0000)
 PSOldGen        total 5242880K, used 1403211K [0x00002ba57b4e0000, 0x00002ba6bb4e0000, 0x00002ba6bb4e0000)
  object space 5242880K, 26% used [0x00002ba57b4e0000,0x00002ba5d0f32d58,0x00002ba6bb4e0000)
 PSPermGen       total 524288K, used 195897K [0x00002ba55b4e0000, 0x00002ba57b4e0000, 0x00002ba57b4e0000)
  object space 524288K, 37% used [0x00002ba55b4e0000,0x00002ba56742e798,0x00002ba57b4e0000)
40698.376: [GC [PSYoungGen: 1013866K->27639K(1018752K)] 2417077K->1441197K(6261632K), 0.1015180 secs]
Heap after gc invocations=377:
 PSYoungGen      total 1018752K, used 27639K [0x00002ba6bb4e0000, 0x00002ba6fb4e0000, 0x00002ba6fb4e0000)
  eden space 991104K, 0% used [0x00002ba6bb4e0000,0x00002ba6bb4e0000,0x00002ba6f7cc0000)
  from space 27648K, 99% used [0x00002ba6f7cc0000,0x00002ba6f97bde40,0x00002ba6f97c0000)
  to   space 29824K, 0% used [0x00002ba6f97c0000,0x00002ba6f97c0000,0x00002ba6fb4e0000)
 PSOldGen        total 5242880K, used 1413557K [0x00002ba57b4e0000, 0x00002ba6bb4e0000, 0x00002ba6bb4e0000)
  object space 5242880K, 26% used [0x00002ba57b4e0000,0x00002ba5d194d708,0x00002ba6bb4e0000)
 PSPermGen       total 524288K, used 195897K [0x00002ba55b4e0000, 0x00002ba57b4e0000, 0x00002ba57b4e0000)
  object space 524288K, 37% used [0x00002ba55b4e0000,0x00002ba56742e798,0x00002ba57b4e0000)
}
Total time for which application threads were stopped: 0.1762110 seconds
Application time: 89.4656510 seconds
{Heap before gc invocations=378:
 PSYoungGen      total 1018752K, used 1018743K [0x00002ba6bb4e0000, 0x00002ba6fb4e0000, 0x00002ba6fb4e0000)
  eden space 991104K, 100% used [0x00002ba6bb4e0000,0x00002ba6f7cc0000,0x00002ba6f7cc0000)
  from space 27648K, 99% used [0x00002ba6f7cc0000,0x00002ba6f97bde40,0x00002ba6f97c0000)
  to   space 29824K, 0% used [0x00002ba6f97c0000,0x00002ba6f97c0000,0x00002ba6fb4e0000)
 PSOldGen        total 5242880K, used 1413557K [0x00002ba57b4e0000, 0x00002ba6bb4e0000, 0x00002ba6bb4e0000)
  object space 5242880K, 26% used [0x00002ba57b4e0000,0x00002ba5d194d708,0x00002ba6bb4e0000)
 PSPermGen       total 524288K, used 196421K [0x00002ba55b4e0000, 0x00002ba57b4e0000, 0x00002ba57b4e0000)
  object space 524288K, 37% used [0x00002ba55b4e0000,0x00002ba5674b1758,0x00002ba57b4e0000)
40788.046: [GC [PSYoungGen: 1018743K->12579K(1016192K)] 2432301K->1436220K(6259072K), 0.0286520 secs]
Heap after gc invocations=378:
 PSYoungGen      total 1016192K, used 12579K [0x00002ba6bb4e0000, 0x00002ba6fb4e0000, 0x00002ba6fb4e0000)
  eden space 986368K, 0% used [0x00002ba6bb4e0000,0x00002ba6bb4e0000,0x00002ba6f7820000)
  from space 29824K, 42% used [0x00002ba6f97c0000,0x00002ba6fa408f58,0x00002ba6fb4e0000)
  to   space 31104K, 0% used [0x00002ba6f7820000,0x00002ba6f7820000,0x00002ba6f9680000)
 PSOldGen        total 5242880K, used 1423641K [0x00002ba57b4e0000, 0x00002ba6bb4e0000, 0x00002ba6bb4e0000)
  object space 5242880K, 27% used [0x00002ba57b4e0000,0x00002ba5d2326458,0x00002ba6bb4e0000)
 PSPermGen       total 524288K, used 196421K [0x00002ba55b4e0000, 0x00002ba57b4e0000, 0x00002ba57b4e0000)
  object space 524288K, 37% used [0x00002ba55b4e0000,0x00002ba5674b1758,0x00002ba57b4e0000)
}
Total time for which application threads were stopped: 0.1314360 seconds
Application time: 48.9461090 seconds
{Heap before gc invocations=379:
 PSYoungGen      total 1016192K, used 998947K [0x00002ba6bb4e0000, 0x00002ba6fb4e0000, 0x00002ba6fb4e0000)
  eden space 986368K, 100% used [0x00002ba6bb4e0000,0x00002ba6f7820000,0x00002ba6f7820000)
  from space 29824K, 42% used [0x00002ba6f97c0000,0x00002ba6fa408f58,0x00002ba6fb4e0000)
  to   space 31104K, 0% used [0x00002ba6f7820000,0x00002ba6f7820000,0x00002ba6f9680000)
 PSOldGen        total 5242880K, used 1423641K [0x00002ba57b4e0000, 0x00002ba6bb4e0000, 0x00002ba6bb4e0000)
  object space 5242880K, 27% used [0x00002ba57b4e0000,0x00002ba5d2326458,0x00002ba6bb4e0000)
 PSPermGen       total 524288K, used 196748K [0x00002ba55b4e0000, 0x00002ba57b4e0000, 0x00002ba57b4e0000)
  object space 524288K, 37% used [0x00002ba55b4e0000,0x00002ba567503090,0x00002ba57b4e0000)
40889.205: [GC [PSYoungGen: 998947K->16832K(1017472K)] 2422588K->1449255K(6260352K), 0.0541370 secs]
Heap after gc invocations=379:
 PSYoungGen      total 1017472K, used 16832K [0x00002ba6bb4e0000, 0x00002ba6fb4e0000, 0x00002ba6fb4e0000)
  eden space 986368K, 0% used [0x00002ba6bb4e0000,0x00002ba6bb4e0000,0x00002ba6f7820000)
  from space 31104K, 54% used [0x00002ba6f7820000,0x00002ba6f88903d8,0x00002ba6f9680000)
  to   space 29696K, 0% used [0x00002ba6f97e0000,0x00002ba6f97e0000,0x00002ba6fb4e0000)
 PSOldGen        total 5242880K, used 1432422K [0x00002ba57b4e0000, 0x00002ba6bb4e0000, 0x00002ba6bb4e0000)
  object space 5242880K, 27% used [0x00002ba57b4e0000,0x00002ba5d2bb99e0,0x00002ba6bb4e0000)
 PSPermGen       total 524288K, used 196748K [0x00002ba55b4e0000, 0x00002ba57b4e0000, 0x00002ba57b4e0000)
  object space 524288K, 37% used [0x00002ba55b4e0000,0x00002ba567503090,0x00002ba57b4e0000)
}
Total time for which application threads were stopped: 0.1080490 seconds
Application time: 95.3491890 seconds
{Heap before gc invocations=380:
 PSYoungGen      total 1017472K, used 1003200K [0x00002ba6bb4e0000, 0x00002ba6fb4e0000, 0x00002ba6fb4e0000)
  eden space 986368K, 100% used [0x00002ba6bb4e0000,0x00002ba6f7820000,0x00002ba6f7820000)
  from space 31104K, 54% used [0x00002ba6f7820000,0x00002ba6f88903d8,0x00002ba6f9680000)
  to   space 29696K, 0% used [0x00002ba6f97e0000,0x00002ba6f97e0000,0x00002ba6fb4e0000)
 PSOldGen        total 5242880K, used 1432422K [0x00002ba57b4e0000, 0x00002ba6bb4e0000, 0x00002ba6bb4e0000)
  object space 5242880K, 27% used [0x00002ba57b4e0000,0x00002ba5d2bb99e0,0x00002ba6bb4e0000)
 PSPermGen       total 524288K, used 196967K [0x00002ba55b4e0000, 0x00002ba57b4e0000, 0x00002ba57b4e0000)
  object space 524288K, 37% used [0x00002ba55b4e0000,0x00002ba567539dd0,0x00002ba57b4e0000)
40984.684: [GC [PSYoungGen: 1003200K->16759K(1020096K)] 2435623K->1456424K(6262976K), 0.0644780 secs]
Heap after gc invocations=380:
 PSYoungGen      total 1020096K, used 16759K [0x00002ba6bb4e0000, 0x00002ba6fb4e0000, 0x00002ba6fb4e0000)
  eden space 990400K, 0% used [0x00002ba6bb4e0000,0x00002ba6bb4e0000,0x00002ba6f7c10000)
  from space 29696K, 56% used [0x00002ba6f97e0000,0x00002ba6fa83df10,0x00002ba6fb4e0000)
  to   space 28480K, 0% used [0x00002ba6f7c10000,0x00002ba6f7c10000,0x00002ba6f97e0000)
 PSOldGen        total 5242880K, used 1439665K [0x00002ba57b4e0000, 0x00002ba6bb4e0000, 0x00002ba6bb4e0000)
  object space 5242880K, 27% used [0x00002ba57b4e0000,0x00002ba5d32cc4a8,0x00002ba6bb4e0000)
 PSPermGen       total 524288K, used 196967K [0x00002ba55b4e0000, 0x00002ba57b4e0000, 0x00002ba57b4e0000)
  object space 524288K, 37% used [0x00002ba55b4e0000,0x00002ba567539dd0,0x00002ba57b4e0000)
}
Total time for which application threads were stopped: 0.1393020 seconds
Application time: 138.0999920 seconds
{Heap before gc invocations=381:
 PSYoungGen      total 1020096K, used 1007159K [0x00002ba6bb4e0000, 0x00002ba6fb4e0000, 0x00002ba6fb4e0000)
  eden space 990400K, 100% used [0x00002ba6bb4e0000,0x00002ba6f7c10000,0x00002ba6f7c10000)
  from space 29696K, 56% used [0x00002ba6f97e0000,0x00002ba6fa83df10,0x00002ba6fb4e0000)
  to   space 28480K, 0% used [0x00002ba6f7c10000,0x00002ba6f7c10000,0x00002ba6f97e0000)
 PSOldGen        total 5242880K, used 1439665K [0x00002ba57b4e0000, 0x00002ba6bb4e0000, 0x00002ba6bb4e0000)
  object space 5242880K, 27% used [0x00002ba57b4e0000,0x00002ba5d32cc4a8,0x00002ba6bb4e0000)
 PSPermGen       total 524288K, used 196979K [0x00002ba55b4e0000, 0x00002ba57b4e0000, 0x00002ba57b4e0000)
  object space 524288K, 37% used [0x00002ba55b4e0000,0x00002ba56753cf28,0x00002ba57b4e0000)
41122.950: [GC [PSYoungGen: 1007159K->18816K(1018880K)] 2446824K->1465572K(6261760K), 0.0481170 secs]
Heap after gc invocations=381:
 PSYoungGen      total 1018880K, used 18816K [0x00002ba6bb4e0000, 0x00002ba6fb4e0000, 0x00002ba6fb4e0000)
  eden space 990400K, 0% used [0x00002ba6bb4e0000,0x00002ba6bb4e0000,0x00002ba6f7c10000)
  from space 28480K, 66% used [0x00002ba6f7c10000,0x00002ba6f8e70390,0x00002ba6f97e0000)
  to   space 28032K, 0% used [0x00002ba6f9980000,0x00002ba6f9980000,0x00002ba6fb4e0000)
 PSOldGen        total 5242880K, used 1446755K [0x00002ba57b4e0000, 0x00002ba6bb4e0000, 0x00002ba6bb4e0000)
  object space 5242880K, 27% used [0x00002ba57b4e0000,0x00002ba5d39b8fc0,0x00002ba6bb4e0000)
 PSPermGen       total 524288K, used 196979K [0x00002ba55b4e0000, 0x00002ba57b4e0000, 0x00002ba57b4e0000)
  object space 524288K, 37% used [0x00002ba55b4e0000,0x00002ba56753cf28,0x00002ba57b4e0000)
}
Total time for which application threads were stopped: 0.1504810 seconds
Application time: 171.5137370 seconds
{Heap before gc invocations=382:
 PSYoungGen      total 1018880K, used 1009216K [0x00002ba6bb4e0000, 0x00002ba6fb4e0000, 0x00002ba6fb4e0000)
  eden space 990400K, 100% used [0x00002ba6bb4e0000,0x00002ba6f7c10000,0x00002ba6f7c10000)
  from space 28480K, 66% used [0x00002ba6f7c10000,0x00002ba6f8e70390,0x00002ba6f97e0000)
  to   space 28032K, 0% used [0x00002ba6f9980000,0x00002ba6f9980000,0x00002ba6fb4e0000)
 PSOldGen        total 5242880K, used 1446755K [0x00002ba57b4e0000, 0x00002ba6bb4e0000, 0x00002ba6bb4e0000)
  object space 5242880K, 27% used [0x00002ba57b4e0000,0x00002ba5d39b8fc0,0x00002ba6bb4e0000)
 PSPermGen       total 524288K, used 197849K [0x00002ba55b4e0000, 0x00002ba57b4e0000, 0x00002ba57b4e0000)
  object space 524288K, 37% used [0x00002ba55b4e0000,0x00002ba567616538,0x00002ba57b4e0000)
41294.540: [GC [PSYoungGen: 1009216K->15092K(1021312K)] 2455972K->1471242K(6264192K), 0.0371860 secs]
Heap after gc invocations=382:
 PSYoungGen      total 1021312K, used 15092K [0x00002ba6bb4e0000, 0x00002ba6fb4e0000, 0x00002ba6fb4e0000)
  eden space 993280K, 0% used [0x00002ba6bb4e0000,0x00002ba6bb4e0000,0x00002ba6f7ee0000)
  from space 28032K, 53% used [0x00002ba6f9980000,0x00002ba6fa83d1a8,0x00002ba6fb4e0000)
  to   space 27264K, 0% used [0x00002ba6f7ee0000,0x00002ba6f7ee0000,0x00002ba6f9980000)
 PSOldGen        total 5242880K, used 1456150K [0x00002ba57b4e0000, 0x00002ba6bb4e0000, 0x00002ba6bb4e0000)
  object space 5242880K, 27% used [0x00002ba57b4e0000,0x00002ba5d42e5918,0x00002ba6bb4e0000)
 PSPermGen       total 524288K, used 197849K [0x00002ba55b4e0000, 0x00002ba57b4e0000, 0x00002ba57b4e0000)
  object space 524288K, 37% used [0x00002ba55b4e0000,0x00002ba567616538,0x00002ba57b4e0000)
}
Total time for which application threads were stopped: 0.0648810 seconds
Application time: 87.0359430 seconds
{Heap before gc invocations=383:
 PSYoungGen      total 1021312K, used 1008372K [0x00002ba6bb4e0000, 0x00002ba6fb4e0000, 0x00002ba6fb4e0000)
  eden space 993280K, 100% used [0x00002ba6bb4e0000,0x00002ba6f7ee0000,0x00002ba6f7ee0000)
  from space 28032K, 53% used [0x00002ba6f9980000,0x00002ba6fa83d1a8,0x00002ba6fb4e0000)
  to   space 27264K, 0% used [0x00002ba6f7ee0000,0x00002ba6f7ee0000,0x00002ba6f9980000)
 PSOldGen        total 5242880K, used 1456150K [0x00002ba57b4e0000, 0x00002ba6bb4e0000, 0x00002ba6bb4e0000)
  object space 5242880K, 27% used [0x00002ba57b4e0000,0x00002ba5d42e5918,0x00002ba6bb4e0000)
 PSPermGen       total 524288K, used 198210K [0x00002ba55b4e0000, 0x00002ba57b4e0000, 0x00002ba57b4e0000)
  object space 524288K, 37% used [0x00002ba55b4e0000,0x00002ba5676708a8,0x00002ba57b4e0000)
41381.667: [GC [PSYoungGen: 1008372K->11044K(1020544K)] 2464522K->1476764K(6263424K), 0.0293400 secs]
Heap after gc invocations=383:
 PSYoungGen      total 1020544K, used 11044K [0x00002ba6bb4e0000, 0x00002ba6fb4e0000, 0x00002ba6fb4e0000)
  eden space 993280K, 0% used [0x00002ba6bb4e0000,0x00002ba6bb4e0000,0x00002ba6f7ee0000)
  from space 27264K, 40% used [0x00002ba6f7ee0000,0x00002ba6f89a9058,0x00002ba6f9980000)
  to   space 27200K, 0% used [0x00002ba6f9a50000,0x00002ba6f9a50000,0x00002ba6fb4e0000)
 PSOldGen        total 5242880K, used 1465720K [0x00002ba57b4e0000, 0x00002ba6bb4e0000, 0x00002ba6bb4e0000)
  object space 5242880K, 27% used [0x00002ba57b4e0000,0x00002ba5d4c3e1d8,0x00002ba6bb4e0000)
 PSPermGen       total 524288K, used 198210K [0x00002ba55b4e0000, 0x00002ba57b4e0000, 0x00002ba57b4e0000)
  object space 524288K, 37% used [0x00002ba55b4e0000,0x00002ba5676708a8,0x00002ba57b4e0000)
}
Total time for which application threads were stopped: 0.0829660 seconds
Application time: 88.0595090 seconds
{Heap before gc invocations=384:
 PSYoungGen      total 1020544K, used 1004324K [0x00002ba6bb4e0000, 0x00002ba6fb4e0000, 0x00002ba6fb4e0000)
  eden space 993280K, 100% used [0x00002ba6bb4e0000,0x00002ba6f7ee0000,0x00002ba6f7ee0000)
  from space 27264K, 40% used [0x00002ba6f7ee0000,0x00002ba6f89a9058,0x00002ba6f9980000)
  to   space 27200K, 0% used [0x00002ba6f9a50000,0x00002ba6f9a50000,0x00002ba6fb4e0000)
 PSOldGen        total 5242880K, used 1465720K [0x00002ba57b4e0000, 0x00002ba6bb4e0000, 0x00002ba6bb4e0000)
  object space 5242880K, 27% used [0x00002ba57b4e0000,0x00002ba5d4c3e1d8,0x00002ba6bb4e0000)
 PSPermGen       total 524288K, used 198245K [0x00002ba55b4e0000, 0x00002ba57b4e0000, 0x00002ba57b4e0000)
  object space 524288K, 37% used [0x00002ba55b4e0000,0x00002ba567679608,0x00002ba57b4e0000)
41469.831: [GC [PSYoungGen: 1004324K->18105K(1021760K)] 2470044K->1490156K(6264640K), 0.0735330 secs]
Heap after gc invocations=384:
 PSYoungGen      total 1021760K, used 18105K [0x00002ba6bb4e0000, 0x00002ba6fb4e0000, 0x00002ba6fb4e0000)
  eden space 994560K, 0% used [0x00002ba6bb4e0000,0x00002ba6bb4e0000,0x00002ba6f8020000)
  from space 27200K, 66% used [0x00002ba6f9a50000,0x00002ba6fabfe610,0x00002ba6fb4e0000)
  to   space 26816K, 0% used [0x00002ba6f8020000,0x00002ba6f8020000,0x00002ba6f9a50000)
 PSOldGen        total 5242880K, used 1472050K [0x00002ba57b4e0000, 0x00002ba6bb4e0000, 0x00002ba6bb4e0000)
  object space 5242880K, 28% used [0x00002ba57b4e0000,0x00002ba5d526ca40,0x00002ba6bb4e0000)
 PSPermGen       total 524288K, used 198245K [0x00002ba55b4e0000, 0x00002ba57b4e0000, 0x00002ba57b4e0000)
  object space 524288K, 37% used [0x00002ba55b4e0000,0x00002ba567679608,0x00002ba57b4e0000)
}
Total time for which application threads were stopped: 0.1487440 seconds
Application time: 126.7278620 seconds
{Heap before gc invocations=385:
 PSYoungGen      total 1021760K, used 1012665K [0x00002ba6bb4e0000, 0x00002ba6fb4e0000, 0x00002ba6fb4e0000)
  eden space 994560K, 100% used [0x00002ba6bb4e0000,0x00002ba6f8020000,0x00002ba6f8020000)
  from space 27200K, 66% used [0x00002ba6f9a50000,0x00002ba6fabfe610,0x00002ba6fb4e0000)
  to   space 26816K, 0% used [0x00002ba6f8020000,0x00002ba6f8020000,0x00002ba6f9a50000)
 PSOldGen        total 5242880K, used 1472050K [0x00002ba57b4e0000, 0x00002ba6bb4e0000, 0x00002ba6bb4e0000)
  object space 5242880K, 28% used [0x00002ba57b4e0000,0x00002ba5d526ca40,0x00002ba6bb4e0000)
 PSPermGen       total 524288K, used 198590K [0x00002ba55b4e0000, 0x00002ba57b4e0000, 0x00002ba57b4e0000)
  object space 524288K, 37% used [0x00002ba55b4e0000,0x00002ba5676cfac8,0x00002ba57b4e0000)
41596.735: [GC [PSYoungGen: 1012665K->10611K(1021376K)] 2484716K->1489452K(6264256K), 0.0249860 secs]
Heap after gc invocations=385:
 PSYoungGen      total 1021376K, used 10611K [0x00002ba6bb4e0000, 0x00002ba6fb4e0000, 0x00002ba6fb4e0000)
  eden space 994560K, 0% used [0x00002ba6bb4e0000,0x00002ba6bb4e0000,0x00002ba6f8020000)
  from space 26816K, 39% used [0x00002ba6f8020000,0x00002ba6f8a7cf40,0x00002ba6f9a50000)
  to   space 26752K, 0% used [0x00002ba6f9ac0000,0x00002ba6f9ac0000,0x00002ba6fb4e0000)
 PSOldGen        total 5242880K, used 1478841K [0x00002ba57b4e0000, 0x00002ba6bb4e0000, 0x00002ba6bb4e0000)
  object space 5242880K, 28% used [0x00002ba57b4e0000,0x00002ba5d590e4b0,0x00002ba6bb4e0000)
 PSPermGen       total 524288K, used 198590K [0x00002ba55b4e0000, 0x00002ba57b4e0000, 0x00002ba57b4e0000)
  object space 524288K, 37% used [0x00002ba55b4e0000,0x00002ba5676cfac8,0x00002ba57b4e0000)
}
Total time for which application threads were stopped: 0.1272310 seconds
Application time: 98.3724500 seconds
{Heap before gc invocations=386:
 PSYoungGen      total 1021376K, used 1005171K [0x00002ba6bb4e0000, 0x00002ba6fb4e0000, 0x00002ba6fb4e0000)
  eden space 994560K, 100% used [0x00002ba6bb4e0000,0x00002ba6f8020000,0x00002ba6f8020000)
  from space 26816K, 39% used [0x00002ba6f8020000,0x00002ba6f8a7cf40,0x00002ba6f9a50000)
  to   space 26752K, 0% used [0x00002ba6f9ac0000,0x00002ba6f9ac0000,0x00002ba6fb4e0000)
 PSOldGen        total 5242880K, used 1478841K [0x00002ba57b4e0000, 0x00002ba6bb4e0000, 0x00002ba6bb4e0000)
  object space 5242880K, 28% used [0x00002ba57b4e0000,0x00002ba5d590e4b0,0x00002ba6bb4e0000)
 PSPermGen       total 524288K, used 199473K [0x00002ba55b4e0000, 0x00002ba57b4e0000, 0x00002ba57b4e0000)
  object space 524288K, 38% used [0x00002ba55b4e0000,0x00002ba5677ac708,0x00002ba57b4e0000)
41695.160: [GC [PSYoungGen: 1005171K->16873K(1022528K)] 2484012K->1501617K(6265408K), 0.0554830 secs]
Heap after gc invocations=386:
 PSYoungGen      total 1022528K, used 16873K [0x00002ba6bb4e0000, 0x00002ba6fb4e0000, 0x00002ba6fb4e0000)
  eden space 995776K, 0% used [0x00002ba6bb4e0000,0x00002ba6bb4e0000,0x00002ba6f8150000)
  from space 26752K, 63% used [0x00002ba6f9ac0000,0x00002ba6fab3a498,0x00002ba6fb4e0000)
  to   space 26048K, 0% used [0x00002ba6f8150000,0x00002ba6f8150000,0x00002ba6f9ac0000)
 PSOldGen        total 5242880K, used 1484744K [0x00002ba57b4e0000, 0x00002ba6bb4e0000, 0x00002ba6bb4e0000)
  object space 5242880K, 28% used [0x00002ba57b4e0000,0x00002ba5d5ed2088,0x00002ba6bb4e0000)
 PSPermGen       total 524288K, used 199473K [0x00002ba55b4e0000, 0x00002ba57b4e0000, 0x00002ba57b4e0000)
  object space 524288K, 38% used [0x00002ba55b4e0000,0x00002ba5677ac708,0x00002ba57b4e0000)
}
Total time for which application threads were stopped: 0.0831080 seconds
Application time: 98.7484370 seconds
{Heap before gc invocations=387:
 PSYoungGen      total 1022528K, used 1012649K [0x00002ba6bb4e0000, 0x00002ba6fb4e0000, 0x00002ba6fb4e0000)
  eden space 995776K, 100% used [0x00002ba6bb4e0000,0x00002ba6f8150000,0x00002ba6f8150000)
  from space 26752K, 63% used [0x00002ba6f9ac0000,0x00002ba6fab3a498,0x00002ba6fb4e0000)
  to   space 26048K, 0% used [0x00002ba6f8150000,0x00002ba6f8150000,0x00002ba6f9ac0000)
 PSOldGen        total 5242880K, used 1484744K [0x00002ba57b4e0000, 0x00002ba6bb4e0000, 0x00002ba6bb4e0000)
  object space 5242880K, 28% used [0x00002ba57b4e0000,0x00002ba5d5ed2088,0x00002ba6bb4e0000)
 PSPermGen       total 524288K, used 200172K [0x00002ba55b4e0000, 0x00002ba57b4e0000, 0x00002ba57b4e0000)
  object space 524288K, 38% used [0x00002ba55b4e0000,0x00002ba56785b288,0x00002ba57b4e0000)
41794.017: [GC [PSYoungGen: 1012649K->21264K(1017088K)] 2497393K->1512342K(6259968K), 0.0668650 secs]
Heap after gc invocations=387:
 PSYoungGen      total 1017088K, used 21264K [0x00002ba6bb4e0000, 0x00002ba6fb4e0000, 0x00002ba6fb4e0000)
  eden space 995776K, 0% used [0x00002ba6bb4e0000,0x00002ba6bb4e0000,0x00002ba6f8150000)
  from space 21312K, 99% used [0x00002ba6f8150000,0x00002ba6f96141b8,0x00002ba6f9620000)
  to   space 27008K, 0% used [0x00002ba6f9a80000,0x00002ba6f9a80000,0x00002ba6fb4e0000)
 PSOldGen        total 5242880K, used 1491078K [0x00002ba57b4e0000, 0x00002ba6bb4e0000, 0x00002ba6bb4e0000)
  object space 5242880K, 28% used [0x00002ba57b4e0000,0x00002ba5d65018b0,0x00002ba6bb4e0000)
 PSPermGen       total 524288K, used 200172K [0x00002ba55b4e0000, 0x00002ba57b4e0000, 0x00002ba57b4e0000)
  object space 524288K, 38% used [0x00002ba55b4e0000,0x00002ba56785b288,0x00002ba57b4e0000)
}
Total time for which application threads were stopped: 0.1204040 seconds
Application time: 106.7696710 seconds
{Heap before gc invocations=388:
 PSYoungGen      total 1017088K, used 1017040K [0x00002ba6bb4e0000, 0x00002ba6fb4e0000, 0x00002ba6fb4e0000)
  eden space 995776K, 100% used [0x00002ba6bb4e0000,0x00002ba6f8150000,0x00002ba6f8150000)
  from space 21312K, 99% used [0x00002ba6f8150000,0x00002ba6f96141b8,0x00002ba6f9620000)
  to   space 27008K, 0% used [0x00002ba6f9a80000,0x00002ba6f9a80000,0x00002ba6fb4e0000)
 PSOldGen        total 5242880K, used 1491078K [0x00002ba57b4e0000, 0x00002ba6bb4e0000, 0x00002ba6bb4e0000)
  object space 5242880K, 28% used [0x00002ba57b4e0000,0x00002ba5d65018b0,0x00002ba6bb4e0000)
 PSPermGen       total 524288K, used 200534K [0x00002ba55b4e0000, 0x00002ba57b4e0000, 0x00002ba57b4e0000)
  object space 524288K, 38% used [0x00002ba55b4e0000,0x00002ba5678b5838,0x00002ba57b4e0000)
41900.929: [GC [PSYoungGen: 1017040K->22626K(1019136K)] 2508118K->1522271K(6262016K), 0.0511580 secs]
Heap after gc invocations=388:
 PSYoungGen      total 1019136K, used 22626K [0x00002ba6bb4e0000, 0x00002ba6fb4e0000, 0x00002ba6fb4e0000)
  eden space 992128K, 0% used [0x00002ba6bb4e0000,0x00002ba6bb4e0000,0x00002ba6f7dc0000)
  from space 27008K, 83% used [0x00002ba6f9a80000,0x00002ba6fb098ac8,0x00002ba6fb4e0000)
  to   space 28224K, 0% used [0x00002ba6f7dc0000,0x00002ba6f7dc0000,0x00002ba6f9950000)
 PSOldGen        total 5242880K, used 1499644K [0x00002ba57b4e0000, 0x00002ba6bb4e0000, 0x00002ba6bb4e0000)
  object space 5242880K, 28% used [0x00002ba57b4e0000,0x00002ba5d6d5f260,0x00002ba6bb4e0000)
 PSPermGen       total 524288K, used 200534K [0x00002ba55b4e0000, 0x00002ba57b4e0000, 0x00002ba57b4e0000)
  object space 524288K, 38% used [0x00002ba55b4e0000,0x00002ba5678b5838,0x00002ba57b4e0000)
}
Total time for which application threads were stopped: 0.1262010 seconds
Application time: 69.0939540 seconds
{Heap before gc invocations=389:
 PSYoungGen      total 1019136K, used 1014754K [0x00002ba6bb4e0000, 0x00002ba6fb4e0000, 0x00002ba6fb4e0000)
  eden space 992128K, 100% used [0x00002ba6bb4e0000,0x00002ba6f7dc0000,0x00002ba6f7dc0000)
  from space 27008K, 83% used [0x00002ba6f9a80000,0x00002ba6fb098ac8,0x00002ba6fb4e0000)
  to   space 28224K, 0% used [0x00002ba6f7dc0000,0x00002ba6f7dc0000,0x00002ba6f9950000)
 PSOldGen        total 5242880K, used 1499644K [0x00002ba57b4e0000, 0x00002ba6bb4e0000, 0x00002ba6bb4e0000)
  object space 5242880K, 28% used [0x00002ba57b4e0000,0x00002ba5d6d5f260,0x00002ba6bb4e0000)
 PSPermGen       total 524288K, used 200891K [0x00002ba55b4e0000, 0x00002ba57b4e0000, 0x00002ba57b4e0000)
  object space 524288K, 38% used [0x00002ba55b4e0000,0x00002ba56790ed10,0x00002ba57b4e0000)
41970.176: [GC [PSYoungGen: 1014754K->19229K(1020352K)] 2514399K->1530978K(6263232K), 0.0643360 secs]
Heap after gc invocations=389:
 PSYoungGen      total 1020352K, used 19229K [0x00002ba6bb4e0000, 0x00002ba6fb4e0000, 0x00002ba6fb4e0000)
  eden space 992128K, 0% used [0x00002ba6bb4e0000,0x00002ba6bb4e0000,0x00002ba6f7dc0000)
  from space 28224K, 68% used [0x00002ba6f7dc0000,0x00002ba6f90875d0,0x00002ba6f9950000)
  to   space 27904K, 0% used [0x00002ba6f99a0000,0x00002ba6f99a0000,0x00002ba6fb4e0000)
 PSOldGen        total 5242880K, used 1511749K [0x00002ba57b4e0000, 0x00002ba6bb4e0000, 0x00002ba6bb4e0000)
  object space 5242880K, 28% used [0x00002ba57b4e0000,0x00002ba5d7931578,0x00002ba6bb4e0000)
 PSPermGen       total 524288K, used 200891K [0x00002ba55b4e0000, 0x00002ba57b4e0000, 0x00002ba57b4e0000)
  object space 524288K, 38% used [0x00002ba55b4e0000,0x00002ba56790ed10,0x00002ba57b4e0000)
}
Total time for which application threads were stopped: 0.1664970 seconds
Application time: 63.3584380 seconds
{Heap before gc invocations=390:
 PSYoungGen      total 1020352K, used 1011357K [0x00002ba6bb4e0000, 0x00002ba6fb4e0000, 0x00002ba6fb4e0000)
  eden space 992128K, 100% used [0x00002ba6bb4e0000,0x00002ba6f7dc0000,0x00002ba6f7dc0000)
  from space 28224K, 68% used [0x00002ba6f7dc0000,0x00002ba6f90875d0,0x00002ba6f9950000)
  to   space 27904K, 0% used [0x00002ba6f99a0000,0x00002ba6f99a0000,0x00002ba6fb4e0000)
 PSOldGen        total 5242880K, used 1511749K [0x00002ba57b4e0000, 0x00002ba6bb4e0000, 0x00002ba6bb4e0000)
  object space 5242880K, 28% used [0x00002ba57b4e0000,0x00002ba5d7931578,0x00002ba6bb4e0000)
 PSPermGen       total 524288K, used 201250K [0x00002ba55b4e0000, 0x00002ba57b4e0000, 0x00002ba57b4e0000)
  object space 524288K, 38% used [0x00002ba55b4e0000,0x00002ba567968b40,0x00002ba57b4e0000)
42033.627: [GC [PSYoungGen: 1011357K->17694K(1021632K)] 2523106K->1538576K(6264512K), 0.0607570 secs]
Heap after gc invocations=390:
 PSYoungGen      total 1021632K, used 17694K [0x00002ba6bb4e0000, 0x00002ba6fb4e0000, 0x00002ba6fb4e0000)
  eden space 993728K, 0% used [0x00002ba6bb4e0000,0x00002ba6bb4e0000,0x00002ba6f7f50000)
  from space 27904K, 63% used [0x00002ba6f99a0000,0x00002ba6faae7800,0x00002ba6fb4e0000)
  to   space 26944K, 0% used [0x00002ba6f7f50000,0x00002ba6f7f50000,0x00002ba6f99a0000)
 PSOldGen        total 5242880K, used 1520882K [0x00002ba57b4e0000, 0x00002ba6bb4e0000, 0x00002ba6bb4e0000)
  object space 5242880K, 29% used [0x00002ba57b4e0000,0x00002ba5d821c8b8,0x00002ba6bb4e0000)
 PSPermGen       total 524288K, used 201250K [0x00002ba55b4e0000, 0x00002ba57b4e0000, 0x00002ba57b4e0000)
  object space 524288K, 38% used [0x00002ba55b4e0000,0x00002ba567968b40,0x00002ba57b4e0000)
}
Total time for which application threads were stopped: 0.0890120 seconds
Application time: 62.9288660 seconds
{Heap before gc invocations=391:
 PSYoungGen      total 1021632K, used 1011422K [0x00002ba6bb4e0000, 0x00002ba6fb4e0000, 0x00002ba6fb4e0000)
  eden space 993728K, 100% used [0x00002ba6bb4e0000,0x00002ba6f7f50000,0x00002ba6f7f50000)
  from space 27904K, 63% used [0x00002ba6f99a0000,0x00002ba6faae7800,0x00002ba6fb4e0000)
  to   space 26944K, 0% used [0x00002ba6f7f50000,0x00002ba6f7f50000,0x00002ba6f99a0000)
 PSOldGen        total 5242880K, used 1520882K [0x00002ba57b4e0000, 0x00002ba6bb4e0000, 0x00002ba6bb4e0000)
  object space 5242880K, 29% used [0x00002ba57b4e0000,0x00002ba5d821c8b8,0x00002ba6bb4e0000)
 PSPermGen       total 524288K, used 201612K [0x00002ba55b4e0000, 0x00002ba57b4e0000, 0x00002ba57b4e0000)
  object space 524288K, 38% used [0x00002ba55b4e0000,0x00002ba5679c3390,0x00002ba57b4e0000)
42096.671: [GC [PSYoungGen: 1011422K->20280K(1020672K)] 2532304K->1549186K(6263552K), 0.0463430 secs]
Heap after gc invocations=391:
 PSYoungGen      total 1020672K, used 20280K [0x00002ba6bb4e0000, 0x00002ba6fb4e0000, 0x00002ba6fb4e0000)
  eden space 993728K, 0% used [0x00002ba6bb4e0000,0x00002ba6bb4e0000,0x00002ba6f7f50000)
  from space 26944K, 75% used [0x00002ba6f7f50000,0x00002ba6f931e040,0x00002ba6f99a0000)
  to   space 27072K, 0% used [0x00002ba6f9a70000,0x00002ba6f9a70000,0x00002ba6fb4e0000)
 PSOldGen        total 5242880K, used 1528905K [0x00002ba57b4e0000, 0x00002ba6bb4e0000, 0x00002ba6bb4e0000)
  object space 5242880K, 29% used [0x00002ba57b4e0000,0x00002ba5d89f27f8,0x00002ba6bb4e0000)
 PSPermGen       total 524288K, used 201612K [0x00002ba55b4e0000, 0x00002ba57b4e0000, 0x00002ba57b4e0000)
  object space 524288K, 38% used [0x00002ba55b4e0000,0x00002ba5679c3390,0x00002ba57b4e0000)
}
Total time for which application threads were stopped: 0.1001790 seconds
Application time: 50.6371320 seconds
{Heap before gc invocations=392:
 PSYoungGen      total 1020672K, used 1014008K [0x00002ba6bb4e0000, 0x00002ba6fb4e0000, 0x00002ba6fb4e0000)
  eden space 993728K, 100% used [0x00002ba6bb4e0000,0x00002ba6f7f50000,0x00002ba6f7f50000)
  from space 26944K, 75% used [0x00002ba6f7f50000,0x00002ba6f931e040,0x00002ba6f99a0000)
  to   space 27072K, 0% used [0x00002ba6f9a70000,0x00002ba6f9a70000,0x00002ba6fb4e0000)
 PSOldGen        total 5242880K, used 1528905K [0x00002ba57b4e0000, 0x00002ba6bb4e0000, 0x00002ba6bb4e0000)
  object space 5242880K, 29% used [0x00002ba57b4e0000,0x00002ba5d89f27f8,0x00002ba6bb4e0000)
 PSPermGen       total 524288K, used 201961K [0x00002ba55b4e0000, 0x00002ba57b4e0000, 0x00002ba57b4e0000)
  object space 524288K, 38% used [0x00002ba55b4e0000,0x00002ba567a1a4c8,0x00002ba57b4e0000)
42147.429: [GC [PSYoungGen: 1014008K->17056K(1022336K)] 2542914K->1554405K(6265216K), 0.0307380 secs]
Heap after gc invocations=392:
 PSYoungGen      total 1022336K, used 17056K [0x00002ba6bb4e0000, 0x00002ba6fb4e0000, 0x00002ba6fb4e0000)
  eden space 995264K, 0% used [0x00002ba6bb4e0000,0x00002ba6bb4e0000,0x00002ba6f80d0000)
  from space 27072K, 63% used [0x00002ba6f9a70000,0x00002ba6fab18358,0x00002ba6fb4e0000)
  to   space 26240K, 0% used [0x00002ba6f80d0000,0x00002ba6f80d0000,0x00002ba6f9a70000)
 PSOldGen        total 5242880K, used 1537348K [0x00002ba57b4e0000, 0x00002ba6bb4e0000, 0x00002ba6bb4e0000)
  object space 5242880K, 29% used [0x00002ba57b4e0000,0x00002ba5d92313d0,0x00002ba6bb4e0000)
 PSPermGen       total 524288K, used 201961K [0x00002ba55b4e0000, 0x00002ba57b4e0000, 0x00002ba57b4e0000)
  object space 524288K, 38% used [0x00002ba55b4e0000,0x00002ba567a1a4c8,0x00002ba57b4e0000)
}
Total time for which application threads were stopped: 0.1056870 seconds
Application time: 46.4681940 seconds
{Heap before gc invocations=393:
 PSYoungGen      total 1022336K, used 1012320K [0x00002ba6bb4e0000, 0x00002ba6fb4e0000, 0x00002ba6fb4e0000)
  eden space 995264K, 100% used [0x00002ba6bb4e0000,0x00002ba6f80d0000,0x00002ba6f80d0000)
  from space 27072K, 63% used [0x00002ba6f9a70000,0x00002ba6fab18358,0x00002ba6fb4e0000)
  to   space 26240K, 0% used [0x00002ba6f80d0000,0x00002ba6f80d0000,0x00002ba6f9a70000)
 PSOldGen        total 5242880K, used 1537348K [0x00002ba57b4e0000, 0x00002ba6bb4e0000, 0x00002ba6bb4e0000)
  object space 5242880K, 29% used [0x00002ba57b4e0000,0x00002ba5d92313d0,0x00002ba6bb4e0000)
 PSPermGen       total 524288K, used 202140K [0x00002ba55b4e0000, 0x00002ba57b4e0000, 0x00002ba57b4e0000)
  object space 524288K, 38% used [0x00002ba55b4e0000,0x00002ba567a473c0,0x00002ba57b4e0000)
42194.030: [GC [PSYoungGen: 1012320K->16356K(1021504K)] 2549669K->1561231K(6264384K), 0.0524030 secs]
Heap after gc invocations=393:
 PSYoungGen      total 1021504K, used 16356K [0x00002ba6bb4e0000, 0x00002ba6fb4e0000, 0x00002ba6fb4e0000)
  eden space 995264K, 0% used [0x00002ba6bb4e0000,0x00002ba6bb4e0000,0x00002ba6f80d0000)
  from space 26240K, 62% used [0x00002ba6f80d0000,0x00002ba6f90c93b0,0x00002ba6f9a70000)
  to   space 25600K, 0% used [0x00002ba6f9be0000,0x00002ba6f9be0000,0x00002ba6fb4e0000)
 PSOldGen        total 5242880K, used 1544874K [0x00002ba57b4e0000, 0x00002ba6bb4e0000, 0x00002ba6bb4e0000)
  object space 5242880K, 29% used [0x00002ba57b4e0000,0x00002ba5d998a8c0,0x00002ba6bb4e0000)
 PSPermGen       total 524288K, used 202140K [0x00002ba55b4e0000, 0x00002ba57b4e0000, 0x00002ba57b4e0000)
  object space 524288K, 38% used [0x00002ba55b4e0000,0x00002ba567a473c0,0x00002ba57b4e0000)
}
Total time for which application threads were stopped: 0.1549280 seconds
Application time: 56.4770790 seconds
{Heap before gc invocations=394:
 PSYoungGen      total 1021504K, used 1011620K [0x00002ba6bb4e0000, 0x00002ba6fb4e0000, 0x00002ba6fb4e0000)
  eden space 995264K, 100% used [0x00002ba6bb4e0000,0x00002ba6f80d0000,0x00002ba6f80d0000)
  from space 26240K, 62% used [0x00002ba6f80d0000,0x00002ba6f90c93b0,0x00002ba6f9a70000)
  to   space 25600K, 0% used [0x00002ba6f9be0000,0x00002ba6f9be0000,0x00002ba6fb4e0000)
 PSOldGen        total 5242880K, used 1544874K [0x00002ba57b4e0000, 0x00002ba6bb4e0000, 0x00002ba6bb4e0000)
  object space 5242880K, 29% used [0x00002ba57b4e0000,0x00002ba5d998a8c0,0x00002ba6bb4e0000)
 PSPermGen       total 524288K, used 202175K [0x00002ba55b4e0000, 0x00002ba57b4e0000, 0x00002ba57b4e0000)
  object space 524288K, 38% used [0x00002ba55b4e0000,0x00002ba567a4fdd0,0x00002ba57b4e0000)
42250.562: [GC [PSYoungGen: 1011620K->19773K(1022848K)] 2556495K->1571009K(6265728K), 0.0618270 secs]
Heap after gc invocations=394:
 PSYoungGen      total 1022848K, used 19773K [0x00002ba6bb4e0000, 0x00002ba6fb4e0000, 0x00002ba6fb4e0000)
  eden space 997248K, 0% used [0x00002ba6bb4e0000,0x00002ba6bb4e0000,0x00002ba6f82c0000)
  from space 25600K, 77% used [0x00002ba6f9be0000,0x00002ba6faf2f7b0,0x00002ba6fb4e0000)
  to   space 25664K, 0% used [0x00002ba6f82c0000,0x00002ba6f82c0000,0x00002ba6f9bd0000)
 PSOldGen        total 5242880K, used 1551235K [0x00002ba57b4e0000, 0x00002ba6bb4e0000, 0x00002ba6bb4e0000)
  object space 5242880K, 29% used [0x00002ba57b4e0000,0x00002ba5d9fc0ee0,0x00002ba6bb4e0000)
 PSPermGen       total 524288K, used 202175K [0x00002ba55b4e0000, 0x00002ba57b4e0000, 0x00002ba57b4e0000)
  object space 524288K, 38% used [0x00002ba55b4e0000,0x00002ba567a4fdd0,0x00002ba57b4e0000)
}
Total time for which application threads were stopped: 0.0635020 seconds
Application time: 71.8687710 seconds
{Heap before gc invocations=395:
 PSYoungGen      total 1022848K, used 1017021K [0x00002ba6bb4e0000, 0x00002ba6fb4e0000, 0x00002ba6fb4e0000)
  eden space 997248K, 100% used [0x00002ba6bb4e0000,0x00002ba6f82c0000,0x00002ba6f82c0000)
  from space 25600K, 77% used [0x00002ba6f9be0000,0x00002ba6faf2f7b0,0x00002ba6fb4e0000)
  to   space 25664K, 0% used [0x00002ba6f82c0000,0x00002ba6f82c0000,0x00002ba6f9bd0000)
 PSOldGen        total 5242880K, used 1551235K [0x00002ba57b4e0000, 0x00002ba6bb4e0000, 0x00002ba6bb4e0000)
  object space 5242880K, 29% used [0x00002ba57b4e0000,0x00002ba5d9fc0ee0,0x00002ba6bb4e0000)
 PSPermGen       total 524288K, used 202182K [0x00002ba55b4e0000, 0x00002ba57b4e0000, 0x00002ba57b4e0000)
  object space 524288K, 38% used [0x00002ba55b4e0000,0x00002ba567a519e0,0x00002ba57b4e0000)
42322.494: [GC [PSYoungGen: 1017021K->10398K(1007680K)] 2568257K->1571199K(6250560K), 0.0252030 secs]
Heap after gc invocations=395:
 PSYoungGen      total 1007680K, used 10398K [0x00002ba6bb4e0000, 0x00002ba6fb4e0000, 0x00002ba6fb4e0000)
  eden space 997248K, 0% used [0x00002ba6bb4e0000,0x00002ba6bb4e0000,0x00002ba6f82c0000)
  from space 10432K, 99% used [0x00002ba6f82c0000,0x00002ba6f8ce7a90,0x00002ba6f8cf0000)
  to   space 26112K, 0% used [0x00002ba6f9b60000,0x00002ba6f9b60000,0x00002ba6fb4e0000)
 PSOldGen        total 5242880K, used 1560801K [0x00002ba57b4e0000, 0x00002ba6bb4e0000, 0x00002ba6bb4e0000)
  object space 5242880K, 29% used [0x00002ba57b4e0000,0x00002ba5da9184d0,0x00002ba6bb4e0000)
 PSPermGen       total 524288K, used 202182K [0x00002ba55b4e0000, 0x00002ba57b4e0000, 0x00002ba57b4e0000)
  object space 524288K, 38% used [0x00002ba55b4e0000,0x00002ba567a519e0,0x00002ba57b4e0000)
}
Total time for which application threads were stopped: 0.0268460 seconds
Application time: 60.7813620 seconds
{Heap before gc invocations=396:
 PSYoungGen      total 1007680K, used 1007646K [0x00002ba6bb4e0000, 0x00002ba6fb4e0000, 0x00002ba6fb4e0000)
  eden space 997248K, 100% used [0x00002ba6bb4e0000,0x00002ba6f82c0000,0x00002ba6f82c0000)
  from space 10432K, 99% used [0x00002ba6f82c0000,0x00002ba6f8ce7a90,0x00002ba6f8cf0000)
  to   space 26112K, 0% used [0x00002ba6f9b60000,0x00002ba6f9b60000,0x00002ba6fb4e0000)
 PSOldGen        total 5242880K, used 1560801K [0x00002ba57b4e0000, 0x00002ba6bb4e0000, 0x00002ba6bb4e0000)
  object space 5242880K, 29% used [0x00002ba57b4e0000,0x00002ba5da9184d0,0x00002ba6bb4e0000)
 PSPermGen       total 524288K, used 202447K [0x00002ba55b4e0000, 0x00002ba57b4e0000, 0x00002ba57b4e0000)
  object space 524288K, 38% used [0x00002ba55b4e0000,0x00002ba567a93e08,0x00002ba57b4e0000)
42402.420: [GC [PSYoungGen: 1007646K->23095K(1019776K)] 2568447K->1588902K(6262656K), 0.0529600 secs]
Heap after gc invocations=396:
 PSYoungGen      total 1019776K, used 23095K [0x00002ba6bb4e0000, 0x00002ba6fb4e0000, 0x00002ba6fb4e0000)
  eden space 993664K, 0% used [0x00002ba6bb4e0000,0x00002ba6bb4e0000,0x00002ba6f7f40000)
  from space 26112K, 88% used [0x00002ba6f9b60000,0x00002ba6fb1edd90,0x00002ba6fb4e0000)
  to   space 27456K, 0% used [0x00002ba6f7f40000,0x00002ba6f7f40000,0x00002ba6f9a10000)
 PSOldGen        total 5242880K, used 1565807K [0x00002ba57b4e0000, 0x00002ba6bb4e0000, 0x00002ba6bb4e0000)
  object space 5242880K, 29% used [0x00002ba57b4e0000,0x00002ba5dadfbd90,0x00002ba6bb4e0000)
 PSPermGen       total 524288K, used 202447K [0x00002ba55b4e0000, 0x00002ba57b4e0000, 0x00002ba57b4e0000)
  object space 524288K, 38% used [0x00002ba55b4e0000,0x00002ba567a93e08,0x00002ba57b4e0000)
}
Total time for which application threads were stopped: 0.1065380 seconds
Application time: 39.7209780 seconds
{Heap before gc invocations=397:
 PSYoungGen      total 1019776K, used 1016759K [0x00002ba6bb4e0000, 0x00002ba6fb4e0000, 0x00002ba6fb4e0000)
  eden space 993664K, 100% used [0x00002ba6bb4e0000,0x00002ba6f7f40000,0x00002ba6f7f40000)
  from space 26112K, 88% used [0x00002ba6f9b60000,0x00002ba6fb1edd90,0x00002ba6fb4e0000)
  to   space 27456K, 0% used [0x00002ba6f7f40000,0x00002ba6f7f40000,0x00002ba6f9a10000)
 PSOldGen        total 5242880K, used 1565807K [0x00002ba57b4e0000, 0x00002ba6bb4e0000, 0x00002ba6bb4e0000)
  object space 5242880K, 29% used [0x00002ba57b4e0000,0x00002ba5dadfbd90,0x00002ba6bb4e0000)
 PSPermGen       total 524288K, used 204353K [0x00002ba55b4e0000, 0x00002ba57b4e0000, 0x00002ba57b4e0000)
  object space 524288K, 38% used [0x00002ba55b4e0000,0x00002ba567c70508,0x00002ba57b4e0000)
42442.269: [GC [PSYoungGen: 1016759K->20204K(1021120K)] 2582566K->1598829K(6264000K), 0.0414770 secs]
Heap after gc invocations=397:
 PSYoungGen      total 1021120K, used 20204K [0x00002ba6bb4e0000, 0x00002ba6fb4e0000, 0x00002ba6fb4e0000)
  eden space 993664K, 0% used [0x00002ba6bb4e0000,0x00002ba6bb4e0000,0x00002ba6f7f40000)
  from space 27456K, 73% used [0x00002ba6f7f40000,0x00002ba6f92fb1d8,0x00002ba6f9a10000)
  to   space 27456K, 0% used [0x00002ba6f9a10000,0x00002ba6f9a10000,0x00002ba6fb4e0000)
 PSOldGen        total 5242880K, used 1578625K [0x00002ba57b4e0000, 0x00002ba6bb4e0000, 0x00002ba6bb4e0000)
  object space 5242880K, 30% used [0x00002ba57b4e0000,0x00002ba5dba80508,0x00002ba6bb4e0000)
 PSPermGen       total 524288K, used 204353K [0x00002ba55b4e0000, 0x00002ba57b4e0000, 0x00002ba57b4e0000)
  object space 524288K, 38% used [0x00002ba55b4e0000,0x00002ba567c70508,0x00002ba57b4e0000)
}
Total time for which application threads were stopped: 0.1166860 seconds
Application time: 62.9313910 seconds
{Heap before gc invocations=398:
 PSYoungGen      total 1021120K, used 1013868K [0x00002ba6bb4e0000, 0x00002ba6fb4e0000, 0x00002ba6fb4e0000)
  eden space 993664K, 100% used [0x00002ba6bb4e0000,0x00002ba6f7f40000,0x00002ba6f7f40000)
  from space 27456K, 73% used [0x00002ba6f7f40000,0x00002ba6f92fb1d8,0x00002ba6f9a10000)
  to   space 27456K, 0% used [0x00002ba6f9a10000,0x00002ba6f9a10000,0x00002ba6fb4e0000)
 PSOldGen        total 5242880K, used 1578625K [0x00002ba57b4e0000, 0x00002ba6bb4e0000, 0x00002ba6bb4e0000)
  object space 5242880K, 30% used [0x00002ba57b4e0000,0x00002ba5dba80508,0x00002ba6bb4e0000)
 PSPermGen       total 524288K, used 206083K [0x00002ba55b4e0000, 0x00002ba57b4e0000, 0x00002ba57b4e0000)
  object space 524288K, 39% used [0x00002ba55b4e0000,0x00002ba567e20eb8,0x00002ba57b4e0000)
42505.345: [GC [PSYoungGen: 1013868K->15428K(1021696K)] 2592493K->1604192K(6264576K), 0.0507940 secs]
Heap after gc invocations=398:
 PSYoungGen      total 1021696K, used 15428K [0x00002ba6bb4e0000, 0x00002ba6fb4e0000, 0x00002ba6fb4e0000)
  eden space 994240K, 0% used [0x00002ba6bb4e0000,0x00002ba6bb4e0000,0x00002ba6f7fd0000)
  from space 27456K, 56% used [0x00002ba6f9a10000,0x00002ba6fa9210e8,0x00002ba6fb4e0000)
  to   space 26880K, 0% used [0x00002ba6f7fd0000,0x00002ba6f7fd0000,0x00002ba6f9a10000)
 PSOldGen        total 5242880K, used 1588764K [0x00002ba57b4e0000, 0x00002ba6bb4e0000, 0x00002ba6bb4e0000)
  object space 5242880K, 30% used [0x00002ba57b4e0000,0x00002ba5dc4670d0,0x00002ba6bb4e0000)
 PSPermGen       total 524288K, used 206083K [0x00002ba55b4e0000, 0x00002ba57b4e0000, 0x00002ba57b4e0000)
  object space 524288K, 39% used [0x00002ba55b4e0000,0x00002ba567e20eb8,0x00002ba57b4e0000)
}
Total time for which application threads were stopped: 0.1534090 seconds
Application time: 86.2502580 seconds
{Heap before gc invocations=399:
 PSYoungGen      total 1021696K, used 1009668K [0x00002ba6bb4e0000, 0x00002ba6fb4e0000, 0x00002ba6fb4e0000)
  eden space 994240K, 100% used [0x00002ba6bb4e0000,0x00002ba6f7fd0000,0x00002ba6f7fd0000)
  from space 27456K, 56% used [0x00002ba6f9a10000,0x00002ba6fa9210e8,0x00002ba6fb4e0000)
  to   space 26880K, 0% used [0x00002ba6f7fd0000,0x00002ba6f7fd0000,0x00002ba6f9a10000)
 PSOldGen        total 5242880K, used 1588764K [0x00002ba57b4e0000, 0x00002ba6bb4e0000, 0x00002ba6bb4e0000)
  object space 5242880K, 30% used [0x00002ba57b4e0000,0x00002ba5dc4670d0,0x00002ba6bb4e0000)
 PSPermGen       total 524288K, used 207483K [0x00002ba55b4e0000, 0x00002ba57b4e0000, 0x00002ba57b4e0000)
  object space 524288K, 39% used [0x00002ba55b4e0000,0x00002ba567f7eca8,0x00002ba57b4e0000)
42591.647: [GC [PSYoungGen: 1009668K->21917K(1016192K)] 2598432K->1616771K(6259072K), 0.0533830 secs]
Heap after gc invocations=399:
 PSYoungGen      total 1016192K, used 21917K [0x00002ba6bb4e0000, 0x00002ba6fb4e0000, 0x00002ba6fb4e0000)
  eden space 994240K, 0% used [0x00002ba6bb4e0000,0x00002ba6bb4e0000,0x00002ba6f7fd0000)
  from space 21952K, 99% used [0x00002ba6f7fd0000,0x00002ba6f9537400,0x00002ba6f9540000)
  to   space 27584K, 0% used [0x00002ba6f99f0000,0x00002ba6f99f0000,0x00002ba6fb4e0000)
 PSOldGen        total 5242880K, used 1594854K [0x00002ba57b4e0000, 0x00002ba6bb4e0000, 0x00002ba6bb4e0000)
  object space 5242880K, 30% used [0x00002ba57b4e0000,0x00002ba5dca59908,0x00002ba6bb4e0000)
 PSPermGen       total 524288K, used 207483K [0x00002ba55b4e0000, 0x00002ba57b4e0000, 0x00002ba57b4e0000)
  object space 524288K, 39% used [0x00002ba55b4e0000,0x00002ba567f7eca8,0x00002ba57b4e0000)
}
Total time for which application threads were stopped: 0.0550670 seconds
Application time: 83.3537020 seconds
{Heap before gc invocations=400:
 PSYoungGen      total 1016192K, used 1016157K [0x00002ba6bb4e0000, 0x00002ba6fb4e0000, 0x00002ba6fb4e0000)
  eden space 994240K, 100% used [0x00002ba6bb4e0000,0x00002ba6f7fd0000,0x00002ba6f7fd0000)
  from space 21952K, 99% used [0x00002ba6f7fd0000,0x00002ba6f9537400,0x00002ba6f9540000)
  to   space 27584K, 0% used [0x00002ba6f99f0000,0x00002ba6f99f0000,0x00002ba6fb4e0000)
 PSOldGen        total 5242880K, used 1594854K [0x00002ba57b4e0000, 0x00002ba6bb4e0000, 0x00002ba6bb4e0000)
  object space 5242880K, 30% used [0x00002ba57b4e0000,0x00002ba5dca59908,0x00002ba6bb4e0000)
 PSPermGen       total 524288K, used 208549K [0x00002ba55b4e0000, 0x00002ba57b4e0000, 0x00002ba57b4e0000)
  object space 524288K, 39% used [0x00002ba55b4e0000,0x00002ba568089640,0x00002ba57b4e0000)
42675.056: [GC [PSYoungGen: 1016157K->16544K(1021696K)] 2611011K->1622309K(6264576K), 0.0392070 secs]
Heap after gc invocations=400:
 PSYoungGen      total 1021696K, used 16544K [0x00002ba6bb4e0000, 0x00002ba6fb4e0000, 0x00002ba6fb4e0000)
  eden space 994112K, 0% used [0x00002ba6bb4e0000,0x00002ba6bb4e0000,0x00002ba6f7fb0000)
  from space 27584K, 59% used [0x00002ba6f99f0000,0x00002ba6faa182d8,0x00002ba6fb4e0000)
  to   space 26880K, 0% used [0x00002ba6f7fb0000,0x00002ba6f7fb0000,0x00002ba6f99f0000)
 PSOldGen        total 5242880K, used 1605764K [0x00002ba57b4e0000, 0x00002ba6bb4e0000, 0x00002ba6bb4e0000)
  object space 5242880K, 30% used [0x00002ba57b4e0000,0x00002ba5dd501208,0x00002ba6bb4e0000)
 PSPermGen       total 524288K, used 208549K [0x00002ba55b4e0000, 0x00002ba57b4e0000, 0x00002ba57b4e0000)
  object space 524288K, 39% used [0x00002ba55b4e0000,0x00002ba568089640,0x00002ba57b4e0000)
}
Total time for which application threads were stopped: 0.0408650 seconds
Application time: 55.7713110 seconds
{Heap before gc invocations=401:
 PSYoungGen      total 1021696K, used 1010656K [0x00002ba6bb4e0000, 0x00002ba6fb4e0000, 0x00002ba6fb4e0000)
  eden space 994112K, 100% used [0x00002ba6bb4e0000,0x00002ba6f7fb0000,0x00002ba6f7fb0000)
  from space 27584K, 59% used [0x00002ba6f99f0000,0x00002ba6faa182d8,0x00002ba6fb4e0000)
  to   space 26880K, 0% used [0x00002ba6f7fb0000,0x00002ba6f7fb0000,0x00002ba6f99f0000)
 PSOldGen        total 5242880K, used 1605764K [0x00002ba57b4e0000, 0x00002ba6bb4e0000, 0x00002ba6bb4e0000)
  object space 5242880K, 30% used [0x00002ba57b4e0000,0x00002ba5dd501208,0x00002ba6bb4e0000)
 PSPermGen       total 524288K, used 209083K [0x00002ba55b4e0000, 0x00002ba57b4e0000, 0x00002ba57b4e0000)
  object space 524288K, 39% used [0x00002ba55b4e0000,0x00002ba56810ed18,0x00002ba57b4e0000)
42730.868: [GC [PSYoungGen: 1010656K->11435K(1020992K)] 2616421K->1627794K(6263872K), 0.0276750 secs]
Heap after gc invocations=401:
 PSYoungGen      total 1020992K, used 11435K [0x00002ba6bb4e0000, 0x00002ba6fb4e0000, 0x00002ba6fb4e0000)
  eden space 994112K, 0% used [0x00002ba6bb4e0000,0x00002ba6bb4e0000,0x00002ba6f7fb0000)
  from space 26880K, 42% used [0x00002ba6f7fb0000,0x00002ba6f8adad18,0x00002ba6f99f0000)
  to   space 27072K, 0% used [0x00002ba6f9a70000,0x00002ba6f9a70000,0x00002ba6fb4e0000)
 PSOldGen        total 5242880K, used 1616359K [0x00002ba57b4e0000, 0x00002ba6bb4e0000, 0x00002ba6bb4e0000)
  object space 5242880K, 30% used [0x00002ba57b4e0000,0x00002ba5ddf59d68,0x00002ba6bb4e0000)
 PSPermGen       total 524288K, used 209083K [0x00002ba55b4e0000, 0x00002ba57b4e0000, 0x00002ba57b4e0000)
  object space 524288K, 39% used [0x00002ba55b4e0000,0x00002ba56810ed18,0x00002ba57b4e0000)
}
Total time for which application threads were stopped: 0.0292650 seconds
Application time: 79.2508200 seconds
{Heap before gc invocations=402:
 PSYoungGen      total 1020992K, used 1005547K [0x00002ba6bb4e0000, 0x00002ba6fb4e0000, 0x00002ba6fb4e0000)
  eden space 994112K, 100% used [0x00002ba6bb4e0000,0x00002ba6f7fb0000,0x00002ba6f7fb0000)
  from space 26880K, 42% used [0x00002ba6f7fb0000,0x00002ba6f8adad18,0x00002ba6f99f0000)
  to   space 27072K, 0% used [0x00002ba6f9a70000,0x00002ba6f9a70000,0x00002ba6fb4e0000)
 PSOldGen        total 5242880K, used 1616359K [0x00002ba57b4e0000, 0x00002ba6bb4e0000, 0x00002ba6bb4e0000)
  object space 5242880K, 30% used [0x00002ba57b4e0000,0x00002ba5ddf59d68,0x00002ba6bb4e0000)
 PSPermGen       total 524288K, used 209433K [0x00002ba55b4e0000, 0x00002ba57b4e0000, 0x00002ba57b4e0000)
  object space 524288K, 39% used [0x00002ba55b4e0000,0x00002ba5681666e0,0x00002ba57b4e0000)
42810.148: [GC [PSYoungGen: 1005547K->12747K(1021696K)] 2621906K->1635705K(6264576K), 0.0361040 secs]
Heap after gc invocations=402:
 PSYoungGen      total 1021696K, used 12747K [0x00002ba6bb4e0000, 0x00002ba6fb4e0000, 0x00002ba6fb4e0000)
  eden space 994624K, 0% used [0x00002ba6bb4e0000,0x00002ba6bb4e0000,0x00002ba6f8030000)
  from space 27072K, 47% used [0x00002ba6f9a70000,0x00002ba6fa6e2cc8,0x00002ba6fb4e0000)
  to   space 26880K, 0% used [0x00002ba6f8030000,0x00002ba6f8030000,0x00002ba6f9a70000)
 PSOldGen        total 5242880K, used 1622957K [0x00002ba57b4e0000, 0x00002ba6bb4e0000, 0x00002ba6bb4e0000)
  object space 5242880K, 30% used [0x00002ba57b4e0000,0x00002ba5de5cb760,0x00002ba6bb4e0000)
 PSPermGen       total 524288K, used 209433K [0x00002ba55b4e0000, 0x00002ba57b4e0000, 0x00002ba57b4e0000)
  object space 524288K, 39% used [0x00002ba55b4e0000,0x00002ba5681666e0,0x00002ba57b4e0000)
}
Total time for which application threads were stopped: 0.0378200 seconds
Application time: 57.8498860 seconds
{Heap before gc invocations=403:
 PSYoungGen      total 1021696K, used 1007371K [0x00002ba6bb4e0000, 0x00002ba6fb4e0000, 0x00002ba6fb4e0000)
  eden space 994624K, 100% used [0x00002ba6bb4e0000,0x00002ba6f8030000,0x00002ba6f8030000)
  from space 27072K, 47% used [0x00002ba6f9a70000,0x00002ba6fa6e2cc8,0x00002ba6fb4e0000)
  to   space 26880K, 0% used [0x00002ba6f8030000,0x00002ba6f8030000,0x00002ba6f9a70000)
 PSOldGen        total 5242880K, used 1622957K [0x00002ba57b4e0000, 0x00002ba6bb4e0000, 0x00002ba6bb4e0000)
  object space 5242880K, 30% used [0x00002ba57b4e0000,0x00002ba5de5cb760,0x00002ba6bb4e0000)
 PSPermGen       total 524288K, used 210297K [0x00002ba55b4e0000, 0x00002ba57b4e0000, 0x00002ba57b4e0000)
  object space 524288K, 40% used [0x00002ba55b4e0000,0x00002ba56823e480,0x00002ba57b4e0000)
42868.036: [GC [PSYoungGen: 1007371K->12894K(1021504K)] 2630329K->1641759K(6264384K), 0.0306500 secs]
Heap after gc invocations=403:
 PSYoungGen      total 1021504K, used 12894K [0x00002ba6bb4e0000, 0x00002ba6fb4e0000, 0x00002ba6fb4e0000)
  eden space 994624K, 0% used [0x00002ba6bb4e0000,0x00002ba6bb4e0000,0x00002ba6f8030000)
  from space 26880K, 47% used [0x00002ba6f8030000,0x00002ba6f8cc7bb0,0x00002ba6f9a70000)
  to   space 26496K, 0% used [0x00002ba6f9b00000,0x00002ba6f9b00000,0x00002ba6fb4e0000)
 PSOldGen        total 5242880K, used 1628864K [0x00002ba57b4e0000, 0x00002ba6bb4e0000, 0x00002ba6bb4e0000)
  object space 5242880K, 31% used [0x00002ba57b4e0000,0x00002ba5deb90308,0x00002ba6bb4e0000)
 PSPermGen       total 524288K, used 210297K [0x00002ba55b4e0000, 0x00002ba57b4e0000, 0x00002ba57b4e0000)
  object space 524288K, 40% used [0x00002ba55b4e0000,0x00002ba56823e480,0x00002ba57b4e0000)
}
Total time for which application threads were stopped: 0.0323790 seconds
Application time: 54.6210300 seconds
{Heap before gc invocations=404:
 PSYoungGen      total 1021504K, used 1007518K [0x00002ba6bb4e0000, 0x00002ba6fb4e0000, 0x00002ba6fb4e0000)
  eden space 994624K, 100% used [0x00002ba6bb4e0000,0x00002ba6f8030000,0x00002ba6f8030000)
  from space 26880K, 47% used [0x00002ba6f8030000,0x00002ba6f8cc7bb0,0x00002ba6f9a70000)
  to   space 26496K, 0% used [0x00002ba6f9b00000,0x00002ba6f9b00000,0x00002ba6fb4e0000)
 PSOldGen        total 5242880K, used 1628864K [0x00002ba57b4e0000, 0x00002ba6bb4e0000, 0x00002ba6bb4e0000)
  object space 5242880K, 31% used [0x00002ba57b4e0000,0x00002ba5deb90308,0x00002ba6bb4e0000)
 PSPermGen       total 524288K, used 211049K [0x00002ba55b4e0000, 0x00002ba57b4e0000, 0x00002ba57b4e0000)
  object space 524288K, 40% used [0x00002ba55b4e0000,0x00002ba5682fa6d0,0x00002ba57b4e0000)
42922.690: [GC [PSYoungGen: 1007518K->18174K(1022400K)] 2636383K->1654384K(6265280K), 0.0576780 secs]
Heap after gc invocations=404:
 PSYoungGen      total 1022400K, used 18174K [0x00002ba6bb4e0000, 0x00002ba6fb4e0000, 0x00002ba6fb4e0000)
  eden space 995904K, 0% used [0x00002ba6bb4e0000,0x00002ba6bb4e0000,0x00002ba6f8170000)
  from space 26496K, 68% used [0x00002ba6f9b00000,0x00002ba6facbfa08,0x00002ba6fb4e0000)
  to   space 26176K, 0% used [0x00002ba6f8170000,0x00002ba6f8170000,0x00002ba6f9b00000)
 PSOldGen        total 5242880K, used 1636210K [0x00002ba57b4e0000, 0x00002ba6bb4e0000, 0x00002ba6bb4e0000)
  object space 5242880K, 31% used [0x00002ba57b4e0000,0x00002ba5df2bc818,0x00002ba6bb4e0000)
 PSPermGen       total 524288K, used 211049K [0x00002ba55b4e0000, 0x00002ba57b4e0000, 0x00002ba57b4e0000)
  object space 524288K, 40% used [0x00002ba55b4e0000,0x00002ba5682fa6d0,0x00002ba57b4e0000)
}
Total time for which application threads were stopped: 0.0594160 seconds
Application time: 48.7703890 seconds
{Heap before gc invocations=405:
 PSYoungGen      total 1022400K, used 1014078K [0x00002ba6bb4e0000, 0x00002ba6fb4e0000, 0x00002ba6fb4e0000)
  eden space 995904K, 100% used [0x00002ba6bb4e0000,0x00002ba6f8170000,0x00002ba6f8170000)
  from space 26496K, 68% used [0x00002ba6f9b00000,0x00002ba6facbfa08,0x00002ba6fb4e0000)
  to   space 26176K, 0% used [0x00002ba6f8170000,0x00002ba6f8170000,0x00002ba6f9b00000)
 PSOldGen        total 5242880K, used 1636210K [0x00002ba57b4e0000, 0x00002ba6bb4e0000, 0x00002ba6bb4e0000)
  object space 5242880K, 31% used [0x00002ba57b4e0000,0x00002ba5df2bc818,0x00002ba6bb4e0000)
 PSPermGen       total 524288K, used 211316K [0x00002ba55b4e0000, 0x00002ba57b4e0000, 0x00002ba57b4e0000)
  object space 524288K, 40% used [0x00002ba55b4e0000,0x00002ba56833d3d8,0x00002ba57b4e0000)
42971.519: [GC [PSYoungGen: 1014078K->22360K(1018304K)] 2650288K->1668199K(6261184K), 0.0803330 secs]
Heap after gc invocations=405:
 PSYoungGen      total 1018304K, used 22360K [0x00002ba6bb4e0000, 0x00002ba6fb4e0000, 0x00002ba6fb4e0000)
  eden space 995904K, 0% used [0x00002ba6bb4e0000,0x00002ba6bb4e0000,0x00002ba6f8170000)
  from space 22400K, 99% used [0x00002ba6f8170000,0x00002ba6f97461f0,0x00002ba6f9750000)
  to   space 27328K, 0% used [0x00002ba6f9a30000,0x00002ba6f9a30000,0x00002ba6fb4e0000)
 PSOldGen        total 5242880K, used 1645838K [0x00002ba57b4e0000, 0x00002ba6bb4e0000, 0x00002ba6bb4e0000)
  object space 5242880K, 31% used [0x00002ba57b4e0000,0x00002ba5dfc23bd0,0x00002ba6bb4e0000)
 PSPermGen       total 524288K, used 211316K [0x00002ba55b4e0000, 0x00002ba57b4e0000, 0x00002ba57b4e0000)
  object space 524288K, 40% used [0x00002ba55b4e0000,0x00002ba56833d3d8,0x00002ba57b4e0000)
}
Total time for which application threads were stopped: 0.0820020 seconds
Application time: 99.9558000 seconds
{Heap before gc invocations=406:
 PSYoungGen      total 1018304K, used 1018264K [0x00002ba6bb4e0000, 0x00002ba6fb4e0000, 0x00002ba6fb4e0000)
  eden space 995904K, 100% used [0x00002ba6bb4e0000,0x00002ba6f8170000,0x00002ba6f8170000)
  from space 22400K, 99% used [0x00002ba6f8170000,0x00002ba6f97461f0,0x00002ba6f9750000)
  to   space 27328K, 0% used [0x00002ba6f9a30000,0x00002ba6f9a30000,0x00002ba6fb4e0000)
 PSOldGen        total 5242880K, used 1645838K [0x00002ba57b4e0000, 0x00002ba6bb4e0000, 0x00002ba6bb4e0000)
  object space 5242880K, 31% used [0x00002ba57b4e0000,0x00002ba5dfc23bd0,0x00002ba6bb4e0000)
 PSPermGen       total 524288K, used 211491K [0x00002ba55b4e0000, 0x00002ba57b4e0000, 0x00002ba57b4e0000)
  object space 524288K, 40% used [0x00002ba55b4e0000,0x00002ba568368d98,0x00002ba57b4e0000)
43071.557: [GC [PSYoungGen: 1018264K->15663K(1022016K)] 2664103K->1669329K(6264896K), 0.0281850 secs]
Heap after gc invocations=406:
 PSYoungGen      total 1022016K, used 15663K [0x00002ba6bb4e0000, 0x00002ba6fb4e0000, 0x00002ba6fb4e0000)
  eden space 994688K, 0% used [0x00002ba6bb4e0000,0x00002ba6bb4e0000,0x00002ba6f8040000)
  from space 27328K, 57% used [0x00002ba6f9a30000,0x00002ba6fa97bed0,0x00002ba6fb4e0000)
  to   space 26560K, 0% used [0x00002ba6f8040000,0x00002ba6f8040000,0x00002ba6f9a30000)
 PSOldGen        total 5242880K, used 1653665K [0x00002ba57b4e0000, 0x00002ba6bb4e0000, 0x00002ba6bb4e0000)
  object space 5242880K, 31% used [0x00002ba57b4e0000,0x00002ba5e03c87e0,0x00002ba6bb4e0000)
 PSPermGen       total 524288K, used 211491K [0x00002ba55b4e0000, 0x00002ba57b4e0000, 0x00002ba57b4e0000)
  object space 524288K, 40% used [0x00002ba55b4e0000,0x00002ba568368d98,0x00002ba57b4e0000)
}
Total time for which application threads were stopped: 0.0300220 seconds
Application time: 89.7582150 seconds
{Heap before gc invocations=407:
 PSYoungGen      total 1022016K, used 1010351K [0x00002ba6bb4e0000, 0x00002ba6fb4e0000, 0x00002ba6fb4e0000)
  eden space 994688K, 100% used [0x00002ba6bb4e0000,0x00002ba6f8040000,0x00002ba6f8040000)
  from space 27328K, 57% used [0x00002ba6f9a30000,0x00002ba6fa97bed0,0x00002ba6fb4e0000)
  to   space 26560K, 0% used [0x00002ba6f8040000,0x00002ba6f8040000,0x00002ba6f9a30000)
 PSOldGen        total 5242880K, used 1653665K [0x00002ba57b4e0000, 0x00002ba6bb4e0000, 0x00002ba6bb4e0000)
  object space 5242880K, 31% used [0x00002ba57b4e0000,0x00002ba5e03c87e0,0x00002ba6bb4e0000)
 PSPermGen       total 524288K, used 211842K [0x00002ba55b4e0000, 0x00002ba57b4e0000, 0x00002ba57b4e0000)
  object space 524288K, 40% used [0x00002ba55b4e0000,0x00002ba5683c0900,0x00002ba57b4e0000)
43161.345: [GC [PSYoungGen: 1010351K->19820K(1021248K)] 2664017K->1684118K(6264128K), 0.0718380 secs]
Heap after gc invocations=407:
 PSYoungGen      total 1021248K, used 19820K [0x00002ba6bb4e0000, 0x00002ba6fb4e0000, 0x00002ba6fb4e0000)
  eden space 994688K, 0% used [0x00002ba6bb4e0000,0x00002ba6bb4e0000,0x00002ba6f8040000)
  from space 26560K, 74% used [0x00002ba6f8040000,0x00002ba6f939b0a0,0x00002ba6f9a30000)
  to   space 26688K, 0% used [0x00002ba6f9ad0000,0x00002ba6f9ad0000,0x00002ba6fb4e0000)
 PSOldGen        total 5242880K, used 1664298K [0x00002ba57b4e0000, 0x00002ba6bb4e0000, 0x00002ba6bb4e0000)
  object space 5242880K, 31% used [0x00002ba57b4e0000,0x00002ba5e0e2aa80,0x00002ba6bb4e0000)
 PSPermGen       total 524288K, used 211842K [0x00002ba55b4e0000, 0x00002ba57b4e0000, 0x00002ba57b4e0000)
  object space 524288K, 40% used [0x00002ba55b4e0000,0x00002ba5683c0900,0x00002ba57b4e0000)
}
Total time for which application threads were stopped: 0.0733340 seconds
Application time: 48.7804750 seconds
{Heap before gc invocations=408:
 PSYoungGen      total 1021248K, used 1014508K [0x00002ba6bb4e0000, 0x00002ba6fb4e0000, 0x00002ba6fb4e0000)
  eden space 994688K, 100% used [0x00002ba6bb4e0000,0x00002ba6f8040000,0x00002ba6f8040000)
  from space 26560K, 74% used [0x00002ba6f8040000,0x00002ba6f939b0a0,0x00002ba6f9a30000)
  to   space 26688K, 0% used [0x00002ba6f9ad0000,0x00002ba6f9ad0000,0x00002ba6fb4e0000)
 PSOldGen        total 5242880K, used 1664298K [0x00002ba57b4e0000, 0x00002ba6bb4e0000, 0x00002ba6bb4e0000)
  object space 5242880K, 31% used [0x00002ba57b4e0000,0x00002ba5e0e2aa80,0x00002ba6bb4e0000)
 PSPermGen       total 524288K, used 211862K [0x00002ba55b4e0000, 0x00002ba57b4e0000, 0x00002ba57b4e0000)
  object space 524288K, 40% used [0x00002ba55b4e0000,0x00002ba5683c5860,0x00002ba57b4e0000)
43210.199: [GC [PSYoungGen: 1014508K->14161K(1022336K)] 2678806K->1684741K(6265216K), 0.0283780 secs]
Heap after gc invocations=408:
 PSYoungGen      total 1022336K, used 14161K [0x00002ba6bb4e0000, 0x00002ba6fb4e0000, 0x00002ba6fb4e0000)
  eden space 995648K, 0% used [0x00002ba6bb4e0000,0x00002ba6bb4e0000,0x00002ba6f8130000)
  from space 26688K, 53% used [0x00002ba6f9ad0000,0x00002ba6fa8a46d8,0x00002ba6fb4e0000)
  to   space 26240K, 0% used [0x00002ba6f8130000,0x00002ba6f8130000,0x00002ba6f9ad0000)
 PSOldGen        total 5242880K, used 1670579K [0x00002ba57b4e0000, 0x00002ba6bb4e0000, 0x00002ba6bb4e0000)
  object space 5242880K, 31% used [0x00002ba57b4e0000,0x00002ba5e144cf38,0x00002ba6bb4e0000)
 PSPermGen       total 524288K, used 211862K [0x00002ba55b4e0000, 0x00002ba57b4e0000, 0x00002ba57b4e0000)
  object space 524288K, 40% used [0x00002ba55b4e0000,0x00002ba5683c5860,0x00002ba57b4e0000)
}
Total time for which application threads were stopped: 0.0301760 seconds
Application time: 49.3514400 seconds
{Heap before gc invocations=409:
 PSYoungGen      total 1022336K, used 1009809K [0x00002ba6bb4e0000, 0x00002ba6fb4e0000, 0x00002ba6fb4e0000)
  eden space 995648K, 100% used [0x00002ba6bb4e0000,0x00002ba6f8130000,0x00002ba6f8130000)
  from space 26688K, 53% used [0x00002ba6f9ad0000,0x00002ba6fa8a46d8,0x00002ba6fb4e0000)
  to   space 26240K, 0% used [0x00002ba6f8130000,0x00002ba6f8130000,0x00002ba6f9ad0000)
 PSOldGen        total 5242880K, used 1670579K [0x00002ba57b4e0000, 0x00002ba6bb4e0000, 0x00002ba6bb4e0000)
  object space 5242880K, 31% used [0x00002ba57b4e0000,0x00002ba5e144cf38,0x00002ba6bb4e0000)
 PSPermGen       total 524288K, used 212057K [0x00002ba55b4e0000, 0x00002ba57b4e0000, 0x00002ba57b4e0000)
  object space 524288K, 40% used [0x00002ba55b4e0000,0x00002ba5683f6558,0x00002ba57b4e0000)
43259.581: [GC [PSYoungGen: 1009809K->17307K(1021888K)] 2680389K->1695579K(6264768K), 0.0390920 secs]
Heap after gc invocations=409:
 PSYoungGen      total 1021888K, used 17307K [0x00002ba6bb4e0000, 0x00002ba6fb4e0000, 0x00002ba6fb4e0000)
  eden space 995648K, 0% used [0x00002ba6bb4e0000,0x00002ba6bb4e0000,0x00002ba6f8130000)
  from space 26240K, 65% used [0x00002ba6f8130000,0x00002ba6f9216c48,0x00002ba6f9ad0000)
  to   space 25472K, 0% used [0x00002ba6f9c00000,0x00002ba6f9c00000,0x00002ba6fb4e0000)
 PSOldGen        total 5242880K, used 1678272K [0x00002ba57b4e0000, 0x00002ba6bb4e0000, 0x00002ba6bb4e0000)
  object space 5242880K, 32% used [0x00002ba57b4e0000,0x00002ba5e1bd0260,0x00002ba6bb4e0000)
 PSPermGen       total 524288K, used 212057K [0x00002ba55b4e0000, 0x00002ba57b4e0000, 0x00002ba57b4e0000)
  object space 524288K, 40% used [0x00002ba55b4e0000,0x00002ba5683f6558,0x00002ba57b4e0000)
}
Total time for which application threads were stopped: 0.0407290 seconds
Application time: 19.1037500 seconds
{Heap before gc invocations=410:
 PSYoungGen      total 1021888K, used 377863K [0x00002ba6bb4e0000, 0x00002ba6fb4e0000, 0x00002ba6fb4e0000)
  eden space 995648K, 36% used [0x00002ba6bb4e0000,0x00002ba6d14fb098,0x00002ba6f8130000)
  from space 26240K, 65% used [0x00002ba6f8130000,0x00002ba6f9216c48,0x00002ba6f9ad0000)
  to   space 25472K, 0% used [0x00002ba6f9c00000,0x00002ba6f9c00000,0x00002ba6fb4e0000)
 PSOldGen        total 5242880K, used 1678272K [0x00002ba57b4e0000, 0x00002ba6bb4e0000, 0x00002ba6bb4e0000)
  object space 5242880K, 32% used [0x00002ba57b4e0000,0x00002ba5e1bd0260,0x00002ba6bb4e0000)
 PSPermGen       total 524288K, used 212057K [0x00002ba55b4e0000, 0x00002ba57b4e0000, 0x00002ba57b4e0000)
  object space 524288K, 40% used [0x00002ba55b4e0000,0x00002ba5683f65f0,0x00002ba57b4e0000)
43278.725: [GC [PSYoungGen: 377863K->8515K(1021952K)] 2056135K->1697520K(6264832K), 0.0265140 secs]
Heap after gc invocations=410:
 PSYoungGen      total 1021952K, used 8515K [0x00002ba6bb4e0000, 0x00002ba6fb4e0000, 0x00002ba6fb4e0000)
  eden space 996480K, 0% used [0x00002ba6bb4e0000,0x00002ba6bb4e0000,0x00002ba6f8200000)
  from space 25472K, 33% used [0x00002ba6f9c00000,0x00002ba6fa450d68,0x00002ba6fb4e0000)
  to   space 26048K, 0% used [0x00002ba6f8200000,0x00002ba6f8200000,0x00002ba6f9b70000)
 PSOldGen        total 5242880K, used 1689004K [0x00002ba57b4e0000, 0x00002ba6bb4e0000, 0x00002ba6bb4e0000)
  object space 5242880K, 32% used [0x00002ba57b4e0000,0x00002ba5e264b300,0x00002ba6bb4e0000)
 PSPermGen       total 524288K, used 212057K [0x00002ba55b4e0000, 0x00002ba57b4e0000, 0x00002ba57b4e0000)
  object space 524288K, 40% used [0x00002ba55b4e0000,0x00002ba5683f65f0,0x00002ba57b4e0000)
}
{Heap before gc invocations=411:
 PSYoungGen      total 1021952K, used 8515K [0x00002ba6bb4e0000, 0x00002ba6fb4e0000, 0x00002ba6fb4e0000)
  eden space 996480K, 0% used [0x00002ba6bb4e0000,0x00002ba6bb4e0000,0x00002ba6f8200000)
  from space 25472K, 33% used [0x00002ba6f9c00000,0x00002ba6fa450d68,0x00002ba6fb4e0000)
  to   space 26048K, 0% used [0x00002ba6f8200000,0x00002ba6f8200000,0x00002ba6f9b70000)
 PSOldGen        total 5242880K, used 1689004K [0x00002ba57b4e0000, 0x00002ba6bb4e0000, 0x00002ba6bb4e0000)
  object space 5242880K, 32% used [0x00002ba57b4e0000,0x00002ba5e264b300,0x00002ba6bb4e0000)
 PSPermGen       total 524288K, used 212057K [0x00002ba55b4e0000, 0x00002ba57b4e0000, 0x00002ba57b4e0000)
  object space 524288K, 40% used [0x00002ba55b4e0000,0x00002ba5683f65f0,0x00002ba57b4e0000)
43278.752: [Full GC [PSYoungGen: 8515K->0K(1021952K)] [PSOldGen: 1689004K->1593166K(5242880K)] 1697520K->1593166K(6264832K) [PSPermGen: 212057K->212057K(524288K)], 5.9231470 secs]
Heap after gc invocations=411:
 PSYoungGen      total 1021952K, used 0K [0x00002ba6bb4e0000, 0x00002ba6fb4e0000, 0x00002ba6fb4e0000)
  eden space 996480K, 0% used [0x00002ba6bb4e0000,0x00002ba6bb4e0000,0x00002ba6f8200000)
  from space 25472K, 0% used [0x00002ba6f9c00000,0x00002ba6f9c00000,0x00002ba6fb4e0000)
  to   space 26048K, 0% used [0x00002ba6f8200000,0x00002ba6f8200000,0x00002ba6f9b70000)
 PSOldGen        total 5242880K, used 1593166K [0x00002ba57b4e0000, 0x00002ba6bb4e0000, 0x00002ba6bb4e0000)
  object space 5242880K, 30% used [0x00002ba57b4e0000,0x00002ba5dc8b3bf0,0x00002ba6bb4e0000)
 PSPermGen       total 524288K, used 212057K [0x00002ba55b4e0000, 0x00002ba57b4e0000, 0x00002ba57b4e0000)
  object space 524288K, 40% used [0x00002ba55b4e0000,0x00002ba5683f65f0,0x00002ba57b4e0000)
}
Total time for which application threads were stopped: 5.9514240 seconds
Application time: 69.9605920 seconds
{Heap before gc invocations=412:
 PSYoungGen      total 1021952K, used 996480K [0x00002ba6bb4e0000, 0x00002ba6fb4e0000, 0x00002ba6fb4e0000)
  eden space 996480K, 100% used [0x00002ba6bb4e0000,0x00002ba6f8200000,0x00002ba6f8200000)
  from space 25472K, 0% used [0x00002ba6f9c00000,0x00002ba6f9c00000,0x00002ba6fb4e0000)
  to   space 26048K, 0% used [0x00002ba6f8200000,0x00002ba6f8200000,0x00002ba6f9b70000)
 PSOldGen        total 5242880K, used 1593166K [0x00002ba57b4e0000, 0x00002ba6bb4e0000, 0x00002ba6bb4e0000)
  object space 5242880K, 30% used [0x00002ba57b4e0000,0x00002ba5dc8b3bf0,0x00002ba6bb4e0000)
 PSPermGen       total 524288K, used 213279K [0x00002ba55b4e0000, 0x00002ba57b4e0000, 0x00002ba57b4e0000)
  object space 524288K, 40% used [0x00002ba55b4e0000,0x00002ba568527de0,0x00002ba57b4e0000)
43354.637: [GC [PSYoungGen: 996480K->16552K(1022528K)] 2589646K->1609719K(6265408K), 0.0212290 secs]
Heap after gc invocations=412:
 PSYoungGen      total 1022528K, used 16552K [0x00002ba6bb4e0000, 0x00002ba6fb4e0000, 0x00002ba6fb4e0000)
  eden space 996480K, 0% used [0x00002ba6bb4e0000,0x00002ba6bb4e0000,0x00002ba6f8200000)
  from space 26048K, 63% used [0x00002ba6f8200000,0x00002ba6f922a398,0x00002ba6f9b70000)
  to   space 25216K, 0% used [0x00002ba6f9c40000,0x00002ba6f9c40000,0x00002ba6fb4e0000)
 PSOldGen        total 5242880K, used 1593166K [0x00002ba57b4e0000, 0x00002ba6bb4e0000, 0x00002ba6bb4e0000)
  object space 5242880K, 30% used [0x00002ba57b4e0000,0x00002ba5dc8b3bf0,0x00002ba6bb4e0000)
 PSPermGen       total 524288K, used 213279K [0x00002ba55b4e0000, 0x00002ba57b4e0000, 0x00002ba57b4e0000)
  object space 524288K, 40% used [0x00002ba55b4e0000,0x00002ba568527de0,0x00002ba57b4e0000)
}
Total time for which application threads were stopped: 0.0227510 seconds
Application time: 89.1239820 seconds
{Heap before gc invocations=413:
 PSYoungGen      total 1022528K, used 1013032K [0x00002ba6bb4e0000, 0x00002ba6fb4e0000, 0x00002ba6fb4e0000)
  eden space 996480K, 100% used [0x00002ba6bb4e0000,0x00002ba6f8200000,0x00002ba6f8200000)
  from space 26048K, 63% used [0x00002ba6f8200000,0x00002ba6f922a398,0x00002ba6f9b70000)
  to   space 25216K, 0% used [0x00002ba6f9c40000,0x00002ba6f9c40000,0x00002ba6fb4e0000)
 PSOldGen        total 5242880K, used 1593166K [0x00002ba57b4e0000, 0x00002ba6bb4e0000, 0x00002ba6bb4e0000)
  object space 5242880K, 30% used [0x00002ba57b4e0000,0x00002ba5dc8b3bf0,0x00002ba6bb4e0000)
 PSPermGen       total 524288K, used 213824K [0x00002ba55b4e0000, 0x00002ba57b4e0000, 0x00002ba57b4e0000)
  object space 524288K, 40% used [0x00002ba55b4e0000,0x00002ba5685b0010,0x00002ba57b4e0000)
43443.784: [GC [PSYoungGen: 1013032K->20870K(1021696K)] 2606199K->1626064K(6264576K), 0.0539720 secs]
Heap after gc invocations=413:
 PSYoungGen      total 1021696K, used 20870K [0x00002ba6bb4e0000, 0x00002ba6fb4e0000, 0x00002ba6fb4e0000)
  eden space 996480K, 0% used [0x00002ba6bb4e0000,0x00002ba6bb4e0000,0x00002ba6f8200000)
  from space 25216K, 82% used [0x00002ba6f9c40000,0x00002ba6fb0a1960,0x00002ba6fb4e0000)
  to   space 26048K, 0% used [0x00002ba6f8200000,0x00002ba6f8200000,0x00002ba6f9b70000)
 PSOldGen        total 5242880K, used 1605194K [0x00002ba57b4e0000, 0x00002ba6bb4e0000, 0x00002ba6bb4e0000)
  object space 5242880K, 30% used [0x00002ba57b4e0000,0x00002ba5dd4729c8,0x00002ba6bb4e0000)
 PSPermGen       total 524288K, used 213824K [0x00002ba55b4e0000, 0x00002ba57b4e0000, 0x00002ba57b4e0000)
  object space 524288K, 40% used [0x00002ba55b4e0000,0x00002ba5685b0010,0x00002ba57b4e0000)
}
Total time for which application threads were stopped: 0.0557250 seconds
Application time: 64.4423150 seconds
{Heap before gc invocations=414:
 PSYoungGen      total 1021696K, used 1017350K [0x00002ba6bb4e0000, 0x00002ba6fb4e0000, 0x00002ba6fb4e0000)
  eden space 996480K, 100% used [0x00002ba6bb4e0000,0x00002ba6f8200000,0x00002ba6f8200000)
  from space 25216K, 82% used [0x00002ba6f9c40000,0x00002ba6fb0a1960,0x00002ba6fb4e0000)
  to   space 26048K, 0% used [0x00002ba6f8200000,0x00002ba6f8200000,0x00002ba6f9b70000)
 PSOldGen        total 5242880K, used 1605194K [0x00002ba57b4e0000, 0x00002ba6bb4e0000, 0x00002ba6bb4e0000)
  object space 5242880K, 30% used [0x00002ba57b4e0000,0x00002ba5dd4729c8,0x00002ba6bb4e0000)
 PSPermGen       total 524288K, used 214692K [0x00002ba55b4e0000, 0x00002ba57b4e0000, 0x00002ba57b4e0000)
  object space 524288K, 40% used [0x00002ba55b4e0000,0x00002ba568689080,0x00002ba57b4e0000)
43508.282: [GC [PSYoungGen: 1017350K->26021K(1014592K)] 2622544K->1639750K(6257472K), 0.0740370 secs]
Heap after gc invocations=414:
 PSYoungGen      total 1014592K, used 26021K [0x00002ba6bb4e0000, 0x00002ba6fb4e0000, 0x00002ba6fb4e0000)
  eden space 988544K, 0% used [0x00002ba6bb4e0000,0x00002ba6bb4e0000,0x00002ba6f7a40000)
  from space 26048K, 99% used [0x00002ba6f8200000,0x00002ba6f9b69610,0x00002ba6f9b70000)
  to   space 26048K, 0% used [0x00002ba6f9b70000,0x00002ba6f9b70000,0x00002ba6fb4e0000)
 PSOldGen        total 5242880K, used 1613729K [0x00002ba57b4e0000, 0x00002ba6bb4e0000, 0x00002ba6bb4e0000)
  object space 5242880K, 30% used [0x00002ba57b4e0000,0x00002ba5ddcc8598,0x00002ba6bb4e0000)
 PSPermGen       total 524288K, used 214692K [0x00002ba55b4e0000, 0x00002ba57b4e0000, 0x00002ba57b4e0000)
  object space 524288K, 40% used [0x00002ba55b4e0000,0x00002ba568689080,0x00002ba57b4e0000)
}
Total time for which application threads were stopped: 0.0756100 seconds
Application time: 120.4921880 seconds
{Heap before gc invocations=415:
 PSYoungGen      total 1014592K, used 1014565K [0x00002ba6bb4e0000, 0x00002ba6fb4e0000, 0x00002ba6fb4e0000)
  eden space 988544K, 100% used [0x00002ba6bb4e0000,0x00002ba6f7a40000,0x00002ba6f7a40000)
  from space 26048K, 99% used [0x00002ba6f8200000,0x00002ba6f9b69610,0x00002ba6f9b70000)
  to   space 26048K, 0% used [0x00002ba6f9b70000,0x00002ba6f9b70000,0x00002ba6fb4e0000)
 PSOldGen        total 5242880K, used 1613729K [0x00002ba57b4e0000, 0x00002ba6bb4e0000, 0x00002ba6bb4e0000)
  object space 5242880K, 30% used [0x00002ba57b4e0000,0x00002ba5ddcc8598,0x00002ba6bb4e0000)
 PSPermGen       total 524288K, used 215048K [0x00002ba55b4e0000, 0x00002ba57b4e0000, 0x00002ba57b4e0000)
  object space 524288K, 41% used [0x00002ba55b4e0000,0x00002ba5686e2198,0x00002ba57b4e0000)
43628.850: [GC [PSYoungGen: 1014565K->19133K(1013312K)] 2628294K->1641808K(6256192K), 0.0501580 secs]
Heap after gc invocations=415:
 PSYoungGen      total 1013312K, used 19133K [0x00002ba6bb4e0000, 0x00002ba6fb4e0000, 0x00002ba6fb4e0000)
  eden space 987264K, 0% used [0x00002ba6bb4e0000,0x00002ba6bb4e0000,0x00002ba6f7900000)
  from space 26048K, 73% used [0x00002ba6f9b70000,0x00002ba6fae1f558,0x00002ba6fb4e0000)
  to   space 30656K, 0% used [0x00002ba6f7900000,0x00002ba6f7900000,0x00002ba6f96f0000)
 PSOldGen        total 5242880K, used 1622675K [0x00002ba57b4e0000, 0x00002ba6bb4e0000, 0x00002ba6bb4e0000)
  object space 5242880K, 30% used [0x00002ba57b4e0000,0x00002ba5de584c88,0x00002ba6bb4e0000)
 PSPermGen       total 524288K, used 215048K [0x00002ba55b4e0000, 0x00002ba57b4e0000, 0x00002ba57b4e0000)
  object space 524288K, 41% used [0x00002ba55b4e0000,0x00002ba5686e2198,0x00002ba57b4e0000)
}
Total time for which application threads were stopped: 0.0518960 seconds
Application time: 125.8390370 seconds
{Heap before gc invocations=416:
 PSYoungGen      total 1013312K, used 1006397K [0x00002ba6bb4e0000, 0x00002ba6fb4e0000, 0x00002ba6fb4e0000)
  eden space 987264K, 100% used [0x00002ba6bb4e0000,0x00002ba6f7900000,0x00002ba6f7900000)
  from space 26048K, 73% used [0x00002ba6f9b70000,0x00002ba6fae1f558,0x00002ba6fb4e0000)
  to   space 30656K, 0% used [0x00002ba6f7900000,0x00002ba6f7900000,0x00002ba6f96f0000)
 PSOldGen        total 5242880K, used 1622675K [0x00002ba57b4e0000, 0x00002ba6bb4e0000, 0x00002ba6bb4e0000)
  object space 5242880K, 30% used [0x00002ba57b4e0000,0x00002ba5de584c88,0x00002ba6bb4e0000)
 PSPermGen       total 524288K, used 216089K [0x00002ba55b4e0000, 0x00002ba57b4e0000, 0x00002ba57b4e0000)
  object space 524288K, 41% used [0x00002ba55b4e0000,0x00002ba5687e6660,0x00002ba57b4e0000)
43754.741: [GC [PSYoungGen: 1006397K->18909K(1017920K)] 2629072K->1649596K(6260800K), 0.0265130 secs]
Heap after gc invocations=416:
 PSYoungGen      total 1017920K, used 18909K [0x00002ba6bb4e0000, 0x00002ba6fb4e0000, 0x00002ba6fb4e0000)
  eden space 987264K, 0% used [0x00002ba6bb4e0000,0x00002ba6bb4e0000,0x00002ba6f7900000)
  from space 30656K, 61% used [0x00002ba6f7900000,0x00002ba6f8b77640,0x00002ba6f96f0000)
  to   space 29568K, 0% used [0x00002ba6f9800000,0x00002ba6f9800000,0x00002ba6fb4e0000)
 PSOldGen        total 5242880K, used 1630687K [0x00002ba57b4e0000, 0x00002ba6bb4e0000, 0x00002ba6bb4e0000)
  object space 5242880K, 31% used [0x00002ba57b4e0000,0x00002ba5ded57cf0,0x00002ba6bb4e0000)
 PSPermGen       total 524288K, used 216089K [0x00002ba55b4e0000, 0x00002ba57b4e0000, 0x00002ba57b4e0000)
  object space 524288K, 41% used [0x00002ba55b4e0000,0x00002ba5687e6660,0x00002ba57b4e0000)
}
Total time for which application threads were stopped: 0.0283230 seconds
Application time: 78.0471200 seconds
{Heap before gc invocations=417:
 PSYoungGen      total 1017920K, used 1006173K [0x00002ba6bb4e0000, 0x00002ba6fb4e0000, 0x00002ba6fb4e0000)
  eden space 987264K, 100% used [0x00002ba6bb4e0000,0x00002ba6f7900000,0x00002ba6f7900000)
  from space 30656K, 61% used [0x00002ba6f7900000,0x00002ba6f8b77640,0x00002ba6f96f0000)
  to   space 29568K, 0% used [0x00002ba6f9800000,0x00002ba6f9800000,0x00002ba6fb4e0000)
 PSOldGen        total 5242880K, used 1630687K [0x00002ba57b4e0000, 0x00002ba6bb4e0000, 0x00002ba6bb4e0000)
  object space 5242880K, 31% used [0x00002ba57b4e0000,0x00002ba5ded57cf0,0x00002ba6bb4e0000)
 PSPermGen       total 524288K, used 216619K [0x00002ba55b4e0000, 0x00002ba57b4e0000, 0x00002ba57b4e0000)
  object space 524288K, 41% used [0x00002ba55b4e0000,0x00002ba56886ada0,0x00002ba57b4e0000)
43832.817: [GC [PSYoungGen: 1006173K->13728K(1019264K)] 2636860K->1656251K(6262144K), 0.0271750 secs]
Heap after gc invocations=417:
 PSYoungGen      total 1019264K, used 13728K [0x00002ba6bb4e0000, 0x00002ba6fb4e0000, 0x00002ba6fb4e0000)
  eden space 989696K, 0% used [0x00002ba6bb4e0000,0x00002ba6bb4e0000,0x00002ba6f7b60000)
  from space 29568K, 46% used [0x00002ba6f9800000,0x00002ba6fa568328,0x00002ba6fb4e0000)
  to   space 29312K, 0% used [0x00002ba6f7b60000,0x00002ba6f7b60000,0x00002ba6f9800000)
 PSOldGen        total 5242880K, used 1642522K [0x00002ba57b4e0000, 0x00002ba6bb4e0000, 0x00002ba6bb4e0000)
  object space 5242880K, 31% used [0x00002ba57b4e0000,0x00002ba5df8e6a60,0x00002ba6bb4e0000)
 PSPermGen       total 524288K, used 216619K [0x00002ba55b4e0000, 0x00002ba57b4e0000, 0x00002ba57b4e0000)
  object space 524288K, 41% used [0x00002ba55b4e0000,0x00002ba56886ada0,0x00002ba57b4e0000)
}
Total time for which application threads were stopped: 0.0287460 seconds
Application time: 148.0855840 seconds
{Heap before gc invocations=418:
 PSYoungGen      total 1019264K, used 1003424K [0x00002ba6bb4e0000, 0x00002ba6fb4e0000, 0x00002ba6fb4e0000)
  eden space 989696K, 100% used [0x00002ba6bb4e0000,0x00002ba6f7b60000,0x00002ba6f7b60000)
  from space 29568K, 46% used [0x00002ba6f9800000,0x00002ba6fa568328,0x00002ba6fb4e0000)
  to   space 29312K, 0% used [0x00002ba6f7b60000,0x00002ba6f7b60000,0x00002ba6f9800000)
 PSOldGen        total 5242880K, used 1642522K [0x00002ba57b4e0000, 0x00002ba6bb4e0000, 0x00002ba6bb4e0000)
  object space 5242880K, 31% used [0x00002ba57b4e0000,0x00002ba5df8e6a60,0x00002ba6bb4e0000)
 PSPermGen       total 524288K, used 217659K [0x00002ba55b4e0000, 0x00002ba57b4e0000, 0x00002ba57b4e0000)
  object space 524288K, 41% used [0x00002ba55b4e0000,0x00002ba56896ed00,0x00002ba57b4e0000)
43980.931: [GC [PSYoungGen: 1003424K->16050K(1019008K)] 2645947K->1667905K(6261888K), 0.0316740 secs]
Heap after gc invocations=418:
 PSYoungGen      total 1019008K, used 16050K [0x00002ba6bb4e0000, 0x00002ba6fb4e0000, 0x00002ba6fb4e0000)
  eden space 989696K, 0% used [0x00002ba6bb4e0000,0x00002ba6bb4e0000,0x00002ba6f7b60000)
  from space 29312K, 54% used [0x00002ba6f7b60000,0x00002ba6f8b0c890,0x00002ba6f9800000)
  to   space 28544K, 0% used [0x00002ba6f9900000,0x00002ba6f9900000,0x00002ba6fb4e0000)
 PSOldGen        total 5242880K, used 1651855K [0x00002ba57b4e0000, 0x00002ba6bb4e0000, 0x00002ba6bb4e0000)
  object space 5242880K, 31% used [0x00002ba57b4e0000,0x00002ba5e0203d90,0x00002ba6bb4e0000)
 PSPermGen       total 524288K, used 217659K [0x00002ba55b4e0000, 0x00002ba57b4e0000, 0x00002ba57b4e0000)
  object space 524288K, 41% used [0x00002ba55b4e0000,0x00002ba56896ed00,0x00002ba57b4e0000)
}
Total time for which application threads were stopped: 0.0333960 seconds
Application time: 47.2215150 seconds
{Heap before gc invocations=419:
 PSYoungGen      total 1019008K, used 1005746K [0x00002ba6bb4e0000, 0x00002ba6fb4e0000, 0x00002ba6fb4e0000)
  eden space 989696K, 100% used [0x00002ba6bb4e0000,0x00002ba6f7b60000,0x00002ba6f7b60000)
  from space 29312K, 54% used [0x00002ba6f7b60000,0x00002ba6f8b0c890,0x00002ba6f9800000)
  to   space 28544K, 0% used [0x00002ba6f9900000,0x00002ba6f9900000,0x00002ba6fb4e0000)
 PSOldGen        total 5242880K, used 1651855K [0x00002ba57b4e0000, 0x00002ba6bb4e0000, 0x00002ba6bb4e0000)
  object space 5242880K, 31% used [0x00002ba57b4e0000,0x00002ba5e0203d90,0x00002ba6bb4e0000)
 PSPermGen       total 524288K, used 217833K [0x00002ba55b4e0000, 0x00002ba57b4e0000, 0x00002ba57b4e0000)
  object space 524288K, 41% used [0x00002ba55b4e0000,0x00002ba56899a600,0x00002ba57b4e0000)
44028.186: [GC [PSYoungGen: 1005746K->21778K(1019264K)] 2657601K->1684804K(6262144K), 0.0466050 secs]
Heap after gc invocations=419:
 PSYoungGen      total 1019264K, used 21778K [0x00002ba6bb4e0000, 0x00002ba6fb4e0000, 0x00002ba6fb4e0000)
  eden space 990720K, 0% used [0x00002ba6bb4e0000,0x00002ba6bb4e0000,0x00002ba6f7c60000)
  from space 28544K, 76% used [0x00002ba6f9900000,0x00002ba6fae44aa8,0x00002ba6fb4e0000)
  to   space 28928K, 0% used [0x00002ba6f7c60000,0x00002ba6f7c60000,0x00002ba6f98a0000)
 PSOldGen        total 5242880K, used 1663025K [0x00002ba57b4e0000, 0x00002ba6bb4e0000, 0x00002ba6bb4e0000)
  object space 5242880K, 31% used [0x00002ba57b4e0000,0x00002ba5e0cec6d8,0x00002ba6bb4e0000)
 PSPermGen       total 524288K, used 217833K [0x00002ba55b4e0000, 0x00002ba57b4e0000, 0x00002ba57b4e0000)
  object space 524288K, 41% used [0x00002ba55b4e0000,0x00002ba56899a600,0x00002ba57b4e0000)
}
Total time for which application threads were stopped: 0.0481240 seconds
Application time: 129.4392970 seconds
{Heap before gc invocations=420:
 PSYoungGen      total 1019264K, used 1012498K [0x00002ba6bb4e0000, 0x00002ba6fb4e0000, 0x00002ba6fb4e0000)
  eden space 990720K, 100% used [0x00002ba6bb4e0000,0x00002ba6f7c60000,0x00002ba6f7c60000)
  from space 28544K, 76% used [0x00002ba6f9900000,0x00002ba6fae44aa8,0x00002ba6fb4e0000)
  to   space 28928K, 0% used [0x00002ba6f7c60000,0x00002ba6f7c60000,0x00002ba6f98a0000)
 PSOldGen        total 5242880K, used 1663025K [0x00002ba57b4e0000, 0x00002ba6bb4e0000, 0x00002ba6bb4e0000)
  object space 5242880K, 31% used [0x00002ba57b4e0000,0x00002ba5e0cec6d8,0x00002ba6bb4e0000)
 PSPermGen       total 524288K, used 218631K [0x00002ba55b4e0000, 0x00002ba57b4e0000, 0x00002ba57b4e0000)
  object space 524288K, 41% used [0x00002ba55b4e0000,0x00002ba568a61cd8,0x00002ba57b4e0000)
44161.683: [GC [PSYoungGen: 1012498K->20142K(1019648K)] 2675524K->1699676K(6262528K), 0.0484270 secs]
Heap after gc invocations=420:
 PSYoungGen      total 1019648K, used 20142K [0x00002ba6bb4e0000, 0x00002ba6fb4e0000, 0x00002ba6fb4e0000)
  eden space 990720K, 0% used [0x00002ba6bb4e0000,0x00002ba6bb4e0000,0x00002ba6f7c60000)
  from space 28928K, 69% used [0x00002ba6f7c60000,0x00002ba6f900bae8,0x00002ba6f98a0000)
  to   space 28544K, 0% used [0x00002ba6f9900000,0x00002ba6f9900000,0x00002ba6fb4e0000)
 PSOldGen        total 5242880K, used 1679533K [0x00002ba57b4e0000, 0x00002ba6bb4e0000, 0x00002ba6bb4e0000)
  object space 5242880K, 32% used [0x00002ba57b4e0000,0x00002ba5e1d0b7f8,0x00002ba6bb4e0000)
 PSPermGen       total 524288K, used 218631K [0x00002ba55b4e0000, 0x00002ba57b4e0000, 0x00002ba57b4e0000)
  object space 524288K, 41% used [0x00002ba55b4e0000,0x00002ba568a61cd8,0x00002ba57b4e0000)
}
Total time for which application threads were stopped: 0.0501060 seconds
Application time: 84.6174390 seconds
{Heap before gc invocations=421:
 PSYoungGen      total 1019648K, used 1010862K [0x00002ba6bb4e0000, 0x00002ba6fb4e0000, 0x00002ba6fb4e0000)
  eden space 990720K, 100% used [0x00002ba6bb4e0000,0x00002ba6f7c60000,0x00002ba6f7c60000)
  from space 28928K, 69% used [0x00002ba6f7c60000,0x00002ba6f900bae8,0x00002ba6f98a0000)
  to   space 28544K, 0% used [0x00002ba6f9900000,0x00002ba6f9900000,0x00002ba6fb4e0000)
 PSOldGen        total 5242880K, used 1679533K [0x00002ba57b4e0000, 0x00002ba6bb4e0000, 0x00002ba6bb4e0000)
  object space 5242880K, 32% used [0x00002ba57b4e0000,0x00002ba5e1d0b7f8,0x00002ba6bb4e0000)
 PSPermGen       total 524288K, used 218668K [0x00002ba55b4e0000, 0x00002ba57b4e0000, 0x00002ba57b4e0000)
  object space 524288K, 41% used [0x00002ba55b4e0000,0x00002ba568a6b1f8,0x00002ba57b4e0000)
44246.351: [GC [PSYoungGen: 1010862K->17686K(1020928K)] 2690396K->1710641K(6263808K), 0.0469720 secs]
Heap after gc invocations=421:
 PSYoungGen      total 1020928K, used 17686K [0x00002ba6bb4e0000, 0x00002ba6fb4e0000, 0x00002ba6fb4e0000)
  eden space 992384K, 0% used [0x00002ba6bb4e0000,0x00002ba6bb4e0000,0x00002ba6f7e00000)
  from space 28544K, 61% used [0x00002ba6f9900000,0x00002ba6faa45870,0x00002ba6fb4e0000)
  to   space 27648K, 0% used [0x00002ba6f7e00000,0x00002ba6f7e00000,0x00002ba6f9900000)
 PSOldGen        total 5242880K, used 1692955K [0x00002ba57b4e0000, 0x00002ba6bb4e0000, 0x00002ba6bb4e0000)
  object space 5242880K, 32% used [0x00002ba57b4e0000,0x00002ba5e2a26ee0,0x00002ba6bb4e0000)
 PSPermGen       total 524288K, used 218668K [0x00002ba55b4e0000, 0x00002ba57b4e0000, 0x00002ba57b4e0000)
  object space 524288K, 41% used [0x00002ba55b4e0000,0x00002ba568a6b1f8,0x00002ba57b4e0000)
}
Total time for which application threads were stopped: 0.0485800 seconds
Application time: 47.4309770 seconds
{Heap before gc invocations=422:
 PSYoungGen      total 1020928K, used 1010070K [0x00002ba6bb4e0000, 0x00002ba6fb4e0000, 0x00002ba6fb4e0000)
  eden space 992384K, 100% used [0x00002ba6bb4e0000,0x00002ba6f7e00000,0x00002ba6f7e00000)
  from space 28544K, 61% used [0x00002ba6f9900000,0x00002ba6faa45870,0x00002ba6fb4e0000)
  to   space 27648K, 0% used [0x00002ba6f7e00000,0x00002ba6f7e00000,0x00002ba6f9900000)
 PSOldGen        total 5242880K, used 1692955K [0x00002ba57b4e0000, 0x00002ba6bb4e0000, 0x00002ba6bb4e0000)
  object space 5242880K, 32% used [0x00002ba57b4e0000,0x00002ba5e2a26ee0,0x00002ba6bb4e0000)
 PSPermGen       total 524288K, used 218695K [0x00002ba55b4e0000, 0x00002ba57b4e0000, 0x00002ba57b4e0000)
  object space 524288K, 41% used [0x00002ba55b4e0000,0x00002ba568a71c48,0x00002ba57b4e0000)
44293.830: [GC [PSYoungGen: 1010070K->16201K(1020032K)] 2703025K->1718434K(6262912K), 0.0553250 secs]
Heap after gc invocations=422:
 PSYoungGen      total 1020032K, used 16201K [0x00002ba6bb4e0000, 0x00002ba6fb4e0000, 0x00002ba6fb4e0000)
  eden space 992384K, 0% used [0x00002ba6bb4e0000,0x00002ba6bb4e0000,0x00002ba6f7e00000)
  from space 27648K, 58% used [0x00002ba6f7e00000,0x00002ba6f8dd2678,0x00002ba6f9900000)
  to   space 27136K, 0% used [0x00002ba6f9a60000,0x00002ba6f9a60000,0x00002ba6fb4e0000)
 PSOldGen        total 5242880K, used 1702232K [0x00002ba57b4e0000, 0x00002ba6bb4e0000, 0x00002ba6bb4e0000)
  object space 5242880K, 32% used [0x00002ba57b4e0000,0x00002ba5e33362b0,0x00002ba6bb4e0000)
 PSPermGen       total 524288K, used 218695K [0x00002ba55b4e0000, 0x00002ba57b4e0000, 0x00002ba57b4e0000)
  object space 524288K, 41% used [0x00002ba55b4e0000,0x00002ba568a71c48,0x00002ba57b4e0000)
}
Total time for which application threads were stopped: 0.0570540 seconds
Application time: 33.8607100 seconds
{Heap before gc invocations=423:
 PSYoungGen      total 1020032K, used 1008585K [0x00002ba6bb4e0000, 0x00002ba6fb4e0000, 0x00002ba6fb4e0000)
  eden space 992384K, 100% used [0x00002ba6bb4e0000,0x00002ba6f7e00000,0x00002ba6f7e00000)
  from space 27648K, 58% used [0x00002ba6f7e00000,0x00002ba6f8dd2678,0x00002ba6f9900000)
  to   space 27136K, 0% used [0x00002ba6f9a60000,0x00002ba6f9a60000,0x00002ba6fb4e0000)
 PSOldGen        total 5242880K, used 1702232K [0x00002ba57b4e0000, 0x00002ba6bb4e0000, 0x00002ba6bb4e0000)
  object space 5242880K, 32% used [0x00002ba57b4e0000,0x00002ba5e33362b0,0x00002ba6bb4e0000)
 PSPermGen       total 524288K, used 220941K [0x00002ba55b4e0000, 0x00002ba57b4e0000, 0x00002ba57b4e0000)
  object space 524288K, 42% used [0x00002ba55b4e0000,0x00002ba568ca36a0,0x00002ba57b4e0000)
44327.748: [GC [PSYoungGen: 1008585K->10762K(1020800K)] 2710818K->1721103K(6263680K), 0.0263080 secs]
Heap after gc invocations=423:
 PSYoungGen      total 1020800K, used 10762K [0x00002ba6bb4e0000, 0x00002ba6fb4e0000, 0x00002ba6fb4e0000)
  eden space 993664K, 0% used [0x00002ba6bb4e0000,0x00002ba6bb4e0000,0x00002ba6f7f40000)
  from space 27136K, 39% used [0x00002ba6f9a60000,0x00002ba6fa4e2b00,0x00002ba6fb4e0000)
  to   space 27456K, 0% used [0x00002ba6f7f40000,0x00002ba6f7f40000,0x00002ba6f9a10000)
 PSOldGen        total 5242880K, used 1710340K [0x00002ba57b4e0000, 0x00002ba6bb4e0000, 0x00002ba6bb4e0000)
  object space 5242880K, 32% used [0x00002ba57b4e0000,0x00002ba5e3b21210,0x00002ba6bb4e0000)
 PSPermGen       total 524288K, used 220941K [0x00002ba55b4e0000, 0x00002ba57b4e0000, 0x00002ba57b4e0000)
  object space 524288K, 42% used [0x00002ba55b4e0000,0x00002ba568ca36a0,0x00002ba57b4e0000)
}
Total time for which application threads were stopped: 0.0277850 seconds
Application time: 54.6976770 seconds
{Heap before gc invocations=424:
 PSYoungGen      total 1020800K, used 1004426K [0x00002ba6bb4e0000, 0x00002ba6fb4e0000, 0x00002ba6fb4e0000)
  eden space 993664K, 100% used [0x00002ba6bb4e0000,0x00002ba6f7f40000,0x00002ba6f7f40000)
  from space 27136K, 39% used [0x00002ba6f9a60000,0x00002ba6fa4e2b00,0x00002ba6fb4e0000)
  to   space 27456K, 0% used [0x00002ba6f7f40000,0x00002ba6f7f40000,0x00002ba6f9a10000)
 PSOldGen        total 5242880K, used 1710340K [0x00002ba57b4e0000, 0x00002ba6bb4e0000, 0x00002ba6bb4e0000)
  object space 5242880K, 32% used [0x00002ba57b4e0000,0x00002ba5e3b21210,0x00002ba6bb4e0000)
 PSPermGen       total 524288K, used 221288K [0x00002ba55b4e0000, 0x00002ba57b4e0000, 0x00002ba57b4e0000)
  object space 524288K, 42% used [0x00002ba55b4e0000,0x00002ba568cfa378,0x00002ba57b4e0000)
44382.474: [GC [PSYoungGen: 1004426K->15009K(1021120K)] 2714767K->1732450K(6264000K), 0.0306540 secs]
Heap after gc invocations=424:
 PSYoungGen      total 1021120K, used 15009K [0x00002ba6bb4e0000, 0x00002ba6fb4e0000, 0x00002ba6fb4e0000)
  eden space 993664K, 0% used [0x00002ba6bb4e0000,0x00002ba6bb4e0000,0x00002ba6f7f40000)
  from space 27456K, 54% used [0x00002ba6f7f40000,0x00002ba6f8de8508,0x00002ba6f9a10000)
  to   space 26880K, 0% used [0x00002ba6f9aa0000,0x00002ba6f9aa0000,0x00002ba6fb4e0000)
 PSOldGen        total 5242880K, used 1717441K [0x00002ba57b4e0000, 0x00002ba6bb4e0000, 0x00002ba6bb4e0000)
  object space 5242880K, 32% used [0x00002ba57b4e0000,0x00002ba5e42106e0,0x00002ba6bb4e0000)
 PSPermGen       total 524288K, used 221288K [0x00002ba55b4e0000, 0x00002ba57b4e0000, 0x00002ba57b4e0000)
  object space 524288K, 42% used [0x00002ba55b4e0000,0x00002ba568cfa378,0x00002ba57b4e0000)
}
Total time for which application threads were stopped: 0.0323850 seconds
Application time: 20.1701350 seconds
{Heap before gc invocations=425:
 PSYoungGen      total 1021120K, used 1008673K [0x00002ba6bb4e0000, 0x00002ba6fb4e0000, 0x00002ba6fb4e0000)
  eden space 993664K, 100% used [0x00002ba6bb4e0000,0x00002ba6f7f40000,0x00002ba6f7f40000)
  from space 27456K, 54% used [0x00002ba6f7f40000,0x00002ba6f8de8508,0x00002ba6f9a10000)
  to   space 26880K, 0% used [0x00002ba6f9aa0000,0x00002ba6f9aa0000,0x00002ba6fb4e0000)
 PSOldGen        total 5242880K, used 1717441K [0x00002ba57b4e0000, 0x00002ba6bb4e0000, 0x00002ba6bb4e0000)
  object space 5242880K, 32% used [0x00002ba57b4e0000,0x00002ba5e42106e0,0x00002ba6bb4e0000)
 PSPermGen       total 524288K, used 221306K [0x00002ba55b4e0000, 0x00002ba57b4e0000, 0x00002ba57b4e0000)
  object space 524288K, 42% used [0x00002ba55b4e0000,0x00002ba568cfeae8,0x00002ba57b4e0000)
44402.676: [GC [PSYoungGen: 1008673K->16543K(1022528K)] 2726114K->1743596K(6265408K), 0.0428260 secs]
Heap after gc invocations=425:
 PSYoungGen      total 1022528K, used 16543K [0x00002ba6bb4e0000, 0x00002ba6fb4e0000, 0x00002ba6fb4e0000)
  eden space 995648K, 0% used [0x00002ba6bb4e0000,0x00002ba6bb4e0000,0x00002ba6f8130000)
  from space 26880K, 61% used [0x00002ba6f9aa0000,0x00002ba6faac7ef8,0x00002ba6fb4e0000)
  to   space 26048K, 0% used [0x00002ba6f8130000,0x00002ba6f8130000,0x00002ba6f9aa0000)
 PSOldGen        total 5242880K, used 1727052K [0x00002ba57b4e0000, 0x00002ba6bb4e0000, 0x00002ba6bb4e0000)
  object space 5242880K, 32% used [0x00002ba57b4e0000,0x00002ba5e4b73360,0x00002ba6bb4e0000)
 PSPermGen       total 524288K, used 221306K [0x00002ba55b4e0000, 0x00002ba57b4e0000, 0x00002ba57b4e0000)
  object space 524288K, 42% used [0x00002ba55b4e0000,0x00002ba568cfeae8,0x00002ba57b4e0000)
}
Total time for which application threads were stopped: 0.0445990 seconds
Application time: 38.0717080 seconds
{Heap before gc invocations=426:
 PSYoungGen      total 1022528K, used 1012191K [0x00002ba6bb4e0000, 0x00002ba6fb4e0000, 0x00002ba6fb4e0000)
  eden space 995648K, 100% used [0x00002ba6bb4e0000,0x00002ba6f8130000,0x00002ba6f8130000)
  from space 26880K, 61% used [0x00002ba6f9aa0000,0x00002ba6faac7ef8,0x00002ba6fb4e0000)
  to   space 26048K, 0% used [0x00002ba6f8130000,0x00002ba6f8130000,0x00002ba6f9aa0000)
 PSOldGen        total 5242880K, used 1727052K [0x00002ba57b4e0000, 0x00002ba6bb4e0000, 0x00002ba6bb4e0000)
  object space 5242880K, 32% used [0x00002ba57b4e0000,0x00002ba5e4b73360,0x00002ba6bb4e0000)
 PSPermGen       total 524288K, used 221327K [0x00002ba55b4e0000, 0x00002ba57b4e0000, 0x00002ba57b4e0000)
  object space 524288K, 42% used [0x00002ba55b4e0000,0x00002ba568d03d00,0x00002ba57b4e0000)
44440.792: [GC [PSYoungGen: 1012191K->14247K(1021696K)] 2739244K->1748628K(6264576K), 0.0344490 secs]
Heap after gc invocations=426:
 PSYoungGen      total 1021696K, used 14247K [0x00002ba6bb4e0000, 0x00002ba6fb4e0000, 0x00002ba6fb4e0000)
  eden space 995648K, 0% used [0x00002ba6bb4e0000,0x00002ba6bb4e0000,0x00002ba6f8130000)
  from space 26048K, 54% used [0x00002ba6f8130000,0x00002ba6f8f19fe0,0x00002ba6f9aa0000)
  to   space 25600K, 0% used [0x00002ba6f9be0000,0x00002ba6f9be0000,0x00002ba6fb4e0000)
 PSOldGen        total 5242880K, used 1734380K [0x00002ba57b4e0000, 0x00002ba6bb4e0000, 0x00002ba6bb4e0000)
  object space 5242880K, 33% used [0x00002ba57b4e0000,0x00002ba5e529b2a0,0x00002ba6bb4e0000)
 PSPermGen       total 524288K, used 221327K [0x00002ba55b4e0000, 0x00002ba57b4e0000, 0x00002ba57b4e0000)
  object space 524288K, 42% used [0x00002ba55b4e0000,0x00002ba568d03d00,0x00002ba57b4e0000)
}
Total time for which application threads were stopped: 0.0362410 seconds
Application time: 82.5350950 seconds
{Heap before gc invocations=427:
 PSYoungGen      total 1021696K, used 1009895K [0x00002ba6bb4e0000, 0x00002ba6fb4e0000, 0x00002ba6fb4e0000)
  eden space 995648K, 100% used [0x00002ba6bb4e0000,0x00002ba6f8130000,0x00002ba6f8130000)
  from space 26048K, 54% used [0x00002ba6f8130000,0x00002ba6f8f19fe0,0x00002ba6f9aa0000)
  to   space 25600K, 0% used [0x00002ba6f9be0000,0x00002ba6f9be0000,0x00002ba6fb4e0000)
 PSOldGen        total 5242880K, used 1734380K [0x00002ba57b4e0000, 0x00002ba6bb4e0000, 0x00002ba6bb4e0000)
  object space 5242880K, 33% used [0x00002ba57b4e0000,0x00002ba5e529b2a0,0x00002ba6bb4e0000)
 PSPermGen       total 524288K, used 224397K [0x00002ba55b4e0000, 0x00002ba57b4e0000, 0x00002ba57b4e0000)
  object space 524288K, 42% used [0x00002ba55b4e0000,0x00002ba569003410,0x00002ba57b4e0000)
44523.364: [GC [PSYoungGen: 1009895K->13758K(1023296K)] 2744276K->1754255K(6266176K), 0.0257410 secs]
Heap after gc invocations=427:
 PSYoungGen      total 1023296K, used 13758K [0x00002ba6bb4e0000, 0x00002ba6fb4e0000, 0x00002ba6fb4e0000)
  eden space 997696K, 0% used [0x00002ba6bb4e0000,0x00002ba6bb4e0000,0x00002ba6f8330000)
  from space 25600K, 53% used [0x00002ba6f9be0000,0x00002ba6fa94fbe8,0x00002ba6fb4e0000)
  to   space 25280K, 0% used [0x00002ba6f8330000,0x00002ba6f8330000,0x00002ba6f9be0000)
 PSOldGen        total 5242880K, used 1740496K [0x00002ba57b4e0000, 0x00002ba6bb4e0000, 0x00002ba6bb4e0000)
  object space 5242880K, 33% used [0x00002ba57b4e0000,0x00002ba5e58942d0,0x00002ba6bb4e0000)
 PSPermGen       total 524288K, used 224397K [0x00002ba55b4e0000, 0x00002ba57b4e0000, 0x00002ba57b4e0000)
  object space 524288K, 42% used [0x00002ba55b4e0000,0x00002ba569003410,0x00002ba57b4e0000)
}
Total time for which application threads were stopped: 0.0273390 seconds
Application time: 93.1863940 seconds
{Heap before gc invocations=428:
 PSYoungGen      total 1023296K, used 1011454K [0x00002ba6bb4e0000, 0x00002ba6fb4e0000, 0x00002ba6fb4e0000)
  eden space 997696K, 100% used [0x00002ba6bb4e0000,0x00002ba6f8330000,0x00002ba6f8330000)
  from space 25600K, 53% used [0x00002ba6f9be0000,0x00002ba6fa94fbe8,0x00002ba6fb4e0000)
  to   space 25280K, 0% used [0x00002ba6f8330000,0x00002ba6f8330000,0x00002ba6f9be0000)
 PSOldGen        total 5242880K, used 1740496K [0x00002ba57b4e0000, 0x00002ba6bb4e0000, 0x00002ba6bb4e0000)
  object space 5242880K, 33% used [0x00002ba57b4e0000,0x00002ba5e58942d0,0x00002ba6bb4e0000)
 PSPermGen       total 524288K, used 227897K [0x00002ba55b4e0000, 0x00002ba57b4e0000, 0x00002ba57b4e0000)
  object space 524288K, 43% used [0x00002ba55b4e0000,0x00002ba56936e658,0x00002ba57b4e0000)
44616.577: [GC [PSYoungGen: 1011454K->7188K(1004928K)] 2751951K->1756625K(6247808K), 0.0253010 secs]
Heap after gc invocations=428:
 PSYoungGen      total 1004928K, used 7188K [0x00002ba6bb4e0000, 0x00002ba6fb4e0000, 0x00002ba6fb4e0000)
  eden space 997696K, 0% used [0x00002ba6bb4e0000,0x00002ba6bb4e0000,0x00002ba6f8330000)
  from space 7232K, 99% used [0x00002ba6f8330000,0x00002ba6f8a35258,0x00002ba6f8a40000)
  to   space 25984K, 0% used [0x00002ba6f9b80000,0x00002ba6f9b80000,0x00002ba6fb4e0000)
 PSOldGen        total 5242880K, used 1749436K [0x00002ba57b4e0000, 0x00002ba6bb4e0000, 0x00002ba6bb4e0000)
  object space 5242880K, 33% used [0x00002ba57b4e0000,0x00002ba5e614f1d8,0x00002ba6bb4e0000)
 PSPermGen       total 524288K, used 227897K [0x00002ba55b4e0000, 0x00002ba57b4e0000, 0x00002ba57b4e0000)
  object space 524288K, 43% used [0x00002ba55b4e0000,0x00002ba56936e658,0x00002ba57b4e0000)
}
Total time for which application threads were stopped: 0.0268370 seconds
Application time: 161.4906270 seconds
{Heap before gc invocations=429:
 PSYoungGen      total 1004928K, used 1004884K [0x00002ba6bb4e0000, 0x00002ba6fb4e0000, 0x00002ba6fb4e0000)
  eden space 997696K, 100% used [0x00002ba6bb4e0000,0x00002ba6f8330000,0x00002ba6f8330000)
  from space 7232K, 99% used [0x00002ba6f8330000,0x00002ba6f8a35258,0x00002ba6f8a40000)
  to   space 25984K, 0% used [0x00002ba6f9b80000,0x00002ba6f9b80000,0x00002ba6fb4e0000)
 PSOldGen        total 5242880K, used 1749436K [0x00002ba57b4e0000, 0x00002ba6bb4e0000, 0x00002ba6bb4e0000)
  object space 5242880K, 33% used [0x00002ba57b4e0000,0x00002ba5e614f1d8,0x00002ba6bb4e0000)
 PSPermGen       total 524288K, used 228425K [0x00002ba55b4e0000, 0x00002ba57b4e0000, 0x00002ba57b4e0000)
  object space 524288K, 43% used [0x00002ba55b4e0000,0x00002ba5693f2440,0x00002ba57b4e0000)
44778.095: [GC [PSYoungGen: 1004884K->19642K(1021696K)] 2754321K->1773267K(6264576K), 0.0349140 secs]
Heap after gc invocations=429:
 PSYoungGen      total 1021696K, used 19642K [0x00002ba6bb4e0000, 0x00002ba6fb4e0000, 0x00002ba6fb4e0000)
  eden space 995712K, 0% used [0x00002ba6bb4e0000,0x00002ba6bb4e0000,0x00002ba6f8140000)
  from space 25984K, 75% used [0x00002ba6f9b80000,0x00002ba6faeaeb68,0x00002ba6fb4e0000)
  to   space 26432K, 0% used [0x00002ba6f8140000,0x00002ba6f8140000,0x00002ba6f9b10000)
 PSOldGen        total 5242880K, used 1753624K [0x00002ba57b4e0000, 0x00002ba6bb4e0000, 0x00002ba6bb4e0000)
  object space 5242880K, 33% used [0x00002ba57b4e0000,0x00002ba5e65660f8,0x00002ba6bb4e0000)
 PSPermGen       total 524288K, used 228425K [0x00002ba55b4e0000, 0x00002ba57b4e0000, 0x00002ba57b4e0000)
  object space 524288K, 43% used [0x00002ba55b4e0000,0x00002ba5693f2440,0x00002ba57b4e0000)
}
Total time for which application threads were stopped: 0.0367160 seconds
Application time: 87.4002040 seconds
{Heap before gc invocations=430:
 PSYoungGen      total 1021696K, used 1015354K [0x00002ba6bb4e0000, 0x00002ba6fb4e0000, 0x00002ba6fb4e0000)
  eden space 995712K, 100% used [0x00002ba6bb4e0000,0x00002ba6f8140000,0x00002ba6f8140000)
  from space 25984K, 75% used [0x00002ba6f9b80000,0x00002ba6faeaeb68,0x00002ba6fb4e0000)
  to   space 26432K, 0% used [0x00002ba6f8140000,0x00002ba6f8140000,0x00002ba6f9b10000)
 PSOldGen        total 5242880K, used 1753624K [0x00002ba57b4e0000, 0x00002ba6bb4e0000, 0x00002ba6bb4e0000)
  object space 5242880K, 33% used [0x00002ba57b4e0000,0x00002ba5e65660f8,0x00002ba6bb4e0000)
 PSPermGen       total 524288K, used 229143K [0x00002ba55b4e0000, 0x00002ba57b4e0000, 0x00002ba57b4e0000)
  object space 524288K, 43% used [0x00002ba55b4e0000,0x00002ba5694a5c88,0x00002ba57b4e0000)
44865.532: [GC [PSYoungGen: 1015354K->23196K(1018944K)] 2768979K->1788798K(6261824K), 0.0559100 secs]
Heap after gc invocations=430:
 PSYoungGen      total 1018944K, used 23196K [0x00002ba6bb4e0000, 0x00002ba6fb4e0000, 0x00002ba6fb4e0000)
  eden space 995712K, 0% used [0x00002ba6bb4e0000,0x00002ba6bb4e0000,0x00002ba6f8140000)
  from space 23232K, 99% used [0x00002ba6f8140000,0x00002ba6f97e72e0,0x00002ba6f97f0000)
  to   space 28096K, 0% used [0x00002ba6f9970000,0x00002ba6f9970000,0x00002ba6fb4e0000)
 PSOldGen        total 5242880K, used 1765601K [0x00002ba57b4e0000, 0x00002ba6bb4e0000, 0x00002ba6bb4e0000)
  object space 5242880K, 33% used [0x00002ba57b4e0000,0x00002ba5e71185c0,0x00002ba6bb4e0000)
 PSPermGen       total 524288K, used 229143K [0x00002ba55b4e0000, 0x00002ba57b4e0000, 0x00002ba57b4e0000)
  object space 524288K, 43% used [0x00002ba55b4e0000,0x00002ba5694a5c88,0x00002ba57b4e0000)
}
Total time for which application threads were stopped: 0.0577040 seconds
Application time: 82.3105400 seconds
{Heap before gc invocations=431:
 PSYoungGen      total 1018944K, used 1018908K [0x00002ba6bb4e0000, 0x00002ba6fb4e0000, 0x00002ba6fb4e0000)
  eden space 995712K, 100% used [0x00002ba6bb4e0000,0x00002ba6f8140000,0x00002ba6f8140000)
  from space 23232K, 99% used [0x00002ba6f8140000,0x00002ba6f97e72e0,0x00002ba6f97f0000)
  to   space 28096K, 0% used [0x00002ba6f9970000,0x00002ba6f9970000,0x00002ba6fb4e0000)
 PSOldGen        total 5242880K, used 1765601K [0x00002ba57b4e0000, 0x00002ba6bb4e0000, 0x00002ba6bb4e0000)
  object space 5242880K, 33% used [0x00002ba57b4e0000,0x00002ba5e71185c0,0x00002ba6bb4e0000)
 PSPermGen       total 524288K, used 229840K [0x00002ba55b4e0000, 0x00002ba57b4e0000, 0x00002ba57b4e0000)
  object space 524288K, 43% used [0x00002ba55b4e0000,0x00002ba5695540d0,0x00002ba57b4e0000)
44947.900: [GC [PSYoungGen: 1018908K->16777K(1021632K)] 2784510K->1791396K(6264512K), 0.0265980 secs]
Heap after gc invocations=431:
 PSYoungGen      total 1021632K, used 16777K [0x00002ba6bb4e0000, 0x00002ba6fb4e0000, 0x00002ba6fb4e0000)
  eden space 993536K, 0% used [0x00002ba6bb4e0000,0x00002ba6bb4e0000,0x00002ba6f7f20000)
  from space 28096K, 59% used [0x00002ba6f9970000,0x00002ba6fa9d2500,0x00002ba6fb4e0000)
  to   space 26944K, 0% used [0x00002ba6f7f20000,0x00002ba6f7f20000,0x00002ba6f9970000)
 PSOldGen        total 5242880K, used 1774619K [0x00002ba57b4e0000, 0x00002ba6bb4e0000, 0x00002ba6bb4e0000)
  object space 5242880K, 33% used [0x00002ba57b4e0000,0x00002ba5e79e6e70,0x00002ba6bb4e0000)
 PSPermGen       total 524288K, used 229840K [0x00002ba55b4e0000, 0x00002ba57b4e0000, 0x00002ba57b4e0000)
  object space 524288K, 43% used [0x00002ba55b4e0000,0x00002ba5695540d0,0x00002ba57b4e0000)
}
Total time for which application threads were stopped: 0.0281840 seconds
Application time: 52.9586580 seconds
{Heap before gc invocations=432:
 PSYoungGen      total 1021632K, used 1010313K [0x00002ba6bb4e0000, 0x00002ba6fb4e0000, 0x00002ba6fb4e0000)
  eden space 993536K, 100% used [0x00002ba6bb4e0000,0x00002ba6f7f20000,0x00002ba6f7f20000)
  from space 28096K, 59% used [0x00002ba6f9970000,0x00002ba6fa9d2500,0x00002ba6fb4e0000)
  to   space 26944K, 0% used [0x00002ba6f7f20000,0x00002ba6f7f20000,0x00002ba6f9970000)
 PSOldGen        total 5242880K, used 1774619K [0x00002ba57b4e0000, 0x00002ba6bb4e0000, 0x00002ba6bb4e0000)
  object space 5242880K, 33% used [0x00002ba57b4e0000,0x00002ba5e79e6e70,0x00002ba6bb4e0000)
 PSPermGen       total 524288K, used 230540K [0x00002ba55b4e0000, 0x00002ba57b4e0000, 0x00002ba57b4e0000)
  object space 524288K, 43% used [0x00002ba55b4e0000,0x00002ba569603378,0x00002ba57b4e0000)
45000.887: [GC [PSYoungGen: 1010313K->21961K(1020480K)] 2784932K->1808469K(6263360K), 0.0706340 secs]
Heap after gc invocations=432:
 PSYoungGen      total 1020480K, used 21961K [0x00002ba6bb4e0000, 0x00002ba6fb4e0000, 0x00002ba6fb4e0000)
  eden space 993536K, 0% used [0x00002ba6bb4e0000,0x00002ba6bb4e0000,0x00002ba6f7f20000)
  from space 26944K, 81% used [0x00002ba6f7f20000,0x00002ba6f9492640,0x00002ba6f9970000)
  to   space 27904K, 0% used [0x00002ba6f99a0000,0x00002ba6f99a0000,0x00002ba6fb4e0000)
 PSOldGen        total 5242880K, used 1786507K [0x00002ba57b4e0000, 0x00002ba6bb4e0000, 0x00002ba6bb4e0000)
  object space 5242880K, 34% used [0x00002ba57b4e0000,0x00002ba5e8582e68,0x00002ba6bb4e0000)
 PSPermGen       total 524288K, used 230540K [0x00002ba55b4e0000, 0x00002ba57b4e0000, 0x00002ba57b4e0000)
  object space 524288K, 43% used [0x00002ba55b4e0000,0x00002ba569603378,0x00002ba57b4e0000)
}
Total time for which application threads were stopped: 0.0722030 seconds
Application time: 48.8141220 seconds
{Heap before gc invocations=433:
 PSYoungGen      total 1020480K, used 1015497K [0x00002ba6bb4e0000, 0x00002ba6fb4e0000, 0x00002ba6fb4e0000)
  eden space 993536K, 100% used [0x00002ba6bb4e0000,0x00002ba6f7f20000,0x00002ba6f7f20000)
  from space 26944K, 81% used [0x00002ba6f7f20000,0x00002ba6f9492640,0x00002ba6f9970000)
  to   space 27904K, 0% used [0x00002ba6f99a0000,0x00002ba6f99a0000,0x00002ba6fb4e0000)
 PSOldGen        total 5242880K, used 1786507K [0x00002ba57b4e0000, 0x00002ba6bb4e0000, 0x00002ba6bb4e0000)
  object space 5242880K, 34% used [0x00002ba57b4e0000,0x00002ba5e8582e68,0x00002ba6bb4e0000)
 PSPermGen       total 524288K, used 230721K [0x00002ba55b4e0000, 0x00002ba57b4e0000, 0x00002ba57b4e0000)
  object space 524288K, 44% used [0x00002ba55b4e0000,0x00002ba569630478,0x00002ba57b4e0000)
45049.773: [GC [PSYoungGen: 1015497K->25319K(1016832K)] 2802005K->1822112K(6259712K), 0.1155510 secs]
Heap after gc invocations=433:
 PSYoungGen      total 1016832K, used 25319K [0x00002ba6bb4e0000, 0x00002ba6fb4e0000, 0x00002ba6fb4e0000)
  eden space 988928K, 0% used [0x00002ba6bb4e0000,0x00002ba6bb4e0000,0x00002ba6f7aa0000)
  from space 27904K, 90% used [0x00002ba6f99a0000,0x00002ba6fb259d80,0x00002ba6fb4e0000)
  to   space 29824K, 0% used [0x00002ba6f7aa0000,0x00002ba6f7aa0000,0x00002ba6f97c0000)
 PSOldGen        total 5242880K, used 1796793K [0x00002ba57b4e0000, 0x00002ba6bb4e0000, 0x00002ba6bb4e0000)
  object space 5242880K, 34% used [0x00002ba57b4e0000,0x00002ba5e8f8e588,0x00002ba6bb4e0000)
 PSPermGen       total 524288K, used 230721K [0x00002ba55b4e0000, 0x00002ba57b4e0000, 0x00002ba57b4e0000)
  object space 524288K, 44% used [0x00002ba55b4e0000,0x00002ba569630478,0x00002ba57b4e0000)
}
Total time for which application threads were stopped: 0.1171920 seconds
Application time: 95.0632470 seconds
{Heap before gc invocations=434:
 PSYoungGen      total 1016832K, used 1014247K [0x00002ba6bb4e0000, 0x00002ba6fb4e0000, 0x00002ba6fb4e0000)
  eden space 988928K, 100% used [0x00002ba6bb4e0000,0x00002ba6f7aa0000,0x00002ba6f7aa0000)
  from space 27904K, 90% used [0x00002ba6f99a0000,0x00002ba6fb259d80,0x00002ba6fb4e0000)
  to   space 29824K, 0% used [0x00002ba6f7aa0000,0x00002ba6f7aa0000,0x00002ba6f97c0000)
 PSOldGen        total 5242880K, used 1796793K [0x00002ba57b4e0000, 0x00002ba6bb4e0000, 0x00002ba6bb4e0000)
  object space 5242880K, 34% used [0x00002ba57b4e0000,0x00002ba5e8f8e588,0x00002ba6bb4e0000)
 PSPermGen       total 524288K, used 230725K [0x00002ba55b4e0000, 0x00002ba57b4e0000, 0x00002ba57b4e0000)
  object space 524288K, 44% used [0x00002ba55b4e0000,0x00002ba5696317c0,0x00002ba57b4e0000)
45144.954: [GC [PSYoungGen: 1014247K->11742K(1018752K)] 2811040K->1814554K(6261632K), 0.0229210 secs]
Heap after gc invocations=434:
 PSYoungGen      total 1018752K, used 11742K [0x00002ba6bb4e0000, 0x00002ba6fb4e0000, 0x00002ba6fb4e0000)
  eden space 988928K, 0% used [0x00002ba6bb4e0000,0x00002ba6bb4e0000,0x00002ba6f7aa0000)
  from space 29824K, 39% used [0x00002ba6f7aa0000,0x00002ba6f8617a90,0x00002ba6f97c0000)
  to   space 29696K, 0% used [0x00002ba6f97e0000,0x00002ba6f97e0000,0x00002ba6fb4e0000)
 PSOldGen        total 5242880K, used 1802811K [0x00002ba57b4e0000, 0x00002ba6bb4e0000, 0x00002ba6bb4e0000)
  object space 5242880K, 34% used [0x00002ba57b4e0000,0x00002ba5e956ee18,0x00002ba6bb4e0000)
 PSPermGen       total 524288K, used 230725K [0x00002ba55b4e0000, 0x00002ba57b4e0000, 0x00002ba57b4e0000)
  object space 524288K, 44% used [0x00002ba55b4e0000,0x00002ba5696317c0,0x00002ba57b4e0000)
}
Total time for which application threads were stopped: 0.0245000 seconds
Application time: 29.8682940 seconds
{Heap before gc invocations=435:
 PSYoungGen      total 1018752K, used 1000670K [0x00002ba6bb4e0000, 0x00002ba6fb4e0000, 0x00002ba6fb4e0000)
  eden space 988928K, 100% used [0x00002ba6bb4e0000,0x00002ba6f7aa0000,0x00002ba6f7aa0000)
  from space 29824K, 39% used [0x00002ba6f7aa0000,0x00002ba6f8617a90,0x00002ba6f97c0000)
  to   space 29696K, 0% used [0x00002ba6f97e0000,0x00002ba6f97e0000,0x00002ba6fb4e0000)
 PSOldGen        total 5242880K, used 1802811K [0x00002ba57b4e0000, 0x00002ba6bb4e0000, 0x00002ba6bb4e0000)
  object space 5242880K, 34% used [0x00002ba57b4e0000,0x00002ba5e956ee18,0x00002ba6bb4e0000)
 PSPermGen       total 524288K, used 230740K [0x00002ba55b4e0000, 0x00002ba57b4e0000, 0x00002ba57b4e0000)
  object space 524288K, 44% used [0x00002ba55b4e0000,0x00002ba569635380,0x00002ba57b4e0000)
45206.912: [GC [PSYoungGen: 1000670K->13917K(1019520K)] 2803482K->1822717K(6262400K), 0.0233190 secs]
Heap after gc invocations=435:
 PSYoungGen      total 1019520K, used 13917K [0x00002ba6bb4e0000, 0x00002ba6fb4e0000, 0x00002ba6fb4e0000)
  eden space 989824K, 0% used [0x00002ba6bb4e0000,0x00002ba6bb4e0000,0x00002ba6f7b80000)
  from space 29696K, 46% used [0x00002ba6f97e0000,0x00002ba6fa5777d8,0x00002ba6fb4e0000)
  to   space 29056K, 0% used [0x00002ba6f7b80000,0x00002ba6f7b80000,0x00002ba6f97e0000)
 PSOldGen        total 5242880K, used 1808799K [0x00002ba57b4e0000, 0x00002ba6bb4e0000, 0x00002ba6bb4e0000)
  object space 5242880K, 34% used [0x00002ba57b4e0000,0x00002ba5e9b47c50,0x00002ba6bb4e0000)
 PSPermGen       total 524288K, used 230740K [0x00002ba55b4e0000, 0x00002ba57b4e0000, 0x00002ba57b4e0000)
  object space 524288K, 44% used [0x00002ba55b4e0000,0x00002ba569635380,0x00002ba57b4e0000)
}
Total time for which application threads were stopped: 0.0250400 seconds
Application time: 51.4775240 seconds
{Heap before gc invocations=436:
 PSYoungGen      total 1019520K, used 1003741K [0x00002ba6bb4e0000, 0x00002ba6fb4e0000, 0x00002ba6fb4e0000)
  eden space 989824K, 100% used [0x00002ba6bb4e0000,0x00002ba6f7b80000,0x00002ba6f7b80000)
  from space 29696K, 46% used [0x00002ba6f97e0000,0x00002ba6fa5777d8,0x00002ba6fb4e0000)
  to   space 29056K, 0% used [0x00002ba6f7b80000,0x00002ba6f7b80000,0x00002ba6f97e0000)
 PSOldGen        total 5242880K, used 1808799K [0x00002ba57b4e0000, 0x00002ba6bb4e0000, 0x00002ba6bb4e0000)
  object space 5242880K, 34% used [0x00002ba57b4e0000,0x00002ba5e9b47c50,0x00002ba6bb4e0000)
 PSPermGen       total 524288K, used 230745K [0x00002ba55b4e0000, 0x00002ba57b4e0000, 0x00002ba57b4e0000)
  object space 524288K, 44% used [0x00002ba55b4e0000,0x00002ba569636568,0x00002ba57b4e0000)
45258.415: [GC [PSYoungGen: 1003741K->19341K(1018880K)] 2812541K->1835638K(6261760K), 0.0580720 secs]
Heap after gc invocations=436:
 PSYoungGen      total 1018880K, used 19341K [0x00002ba6bb4e0000, 0x00002ba6fb4e0000, 0x00002ba6fb4e0000)
  eden space 989824K, 0% used [0x00002ba6bb4e0000,0x00002ba6bb4e0000,0x00002ba6f7b80000)
  from space 29056K, 66% used [0x00002ba6f7b80000,0x00002ba6f8e63580,0x00002ba6f97e0000)
  to   space 28736K, 0% used [0x00002ba6f98d0000,0x00002ba6f98d0000,0x00002ba6fb4e0000)
 PSOldGen        total 5242880K, used 1816297K [0x00002ba57b4e0000, 0x00002ba6bb4e0000, 0x00002ba6bb4e0000)
  object space 5242880K, 34% used [0x00002ba57b4e0000,0x00002ba5ea29a4b8,0x00002ba6bb4e0000)
 PSPermGen       total 524288K, used 230745K [0x00002ba55b4e0000, 0x00002ba57b4e0000, 0x00002ba57b4e0000)
  object space 524288K, 44% used [0x00002ba55b4e0000,0x00002ba569636568,0x00002ba57b4e0000)
}
Total time for which application threads were stopped: 0.0596650 seconds
Application time: 49.3165230 seconds
{Heap before gc invocations=437:
 PSYoungGen      total 1018880K, used 1009147K [0x00002ba6bb4e0000, 0x00002ba6fb4e0000, 0x00002ba6fb4e0000)
  eden space 989824K, 99% used [0x00002ba6bb4e0000,0x00002ba6f7b7b6e8,0x00002ba6f7b80000)
  from space 29056K, 66% used [0x00002ba6f7b80000,0x00002ba6f8e63580,0x00002ba6f97e0000)
  to   space 28736K, 0% used [0x00002ba6f98d0000,0x00002ba6f98d0000,0x00002ba6fb4e0000)
 PSOldGen        total 5242880K, used 1816297K [0x00002ba57b4e0000, 0x00002ba6bb4e0000, 0x00002ba6bb4e0000)
  object space 5242880K, 34% used [0x00002ba57b4e0000,0x00002ba5ea29a4b8,0x00002ba6bb4e0000)
 PSPermGen       total 524288K, used 230768K [0x00002ba55b4e0000, 0x00002ba57b4e0000, 0x00002ba57b4e0000)
  object space 524288K, 44% used [0x00002ba55b4e0000,0x00002ba56963c308,0x00002ba57b4e0000)
45307.791: [GC [PSYoungGen: 1009147K->22311K(1018432K)] 2825444K->1845668K(6261312K), 0.0690040 secs]
Heap after gc invocations=437:
 PSYoungGen      total 1018432K, used 22311K [0x00002ba6bb4e0000, 0x00002ba6fb4e0000, 0x00002ba6fb4e0000)
  eden space 989696K, 0% used [0x00002ba6bb4e0000,0x00002ba6bb4e0000,0x00002ba6f7b60000)
  from space 28736K, 77% used [0x00002ba6f98d0000,0x00002ba6fae99eb8,0x00002ba6fb4e0000)
  to   space 29440K, 0% used [0x00002ba6f7b60000,0x00002ba6f7b60000,0x00002ba6f9820000)
 PSOldGen        total 5242880K, used 1823356K [0x00002ba57b4e0000, 0x00002ba6bb4e0000, 0x00002ba6bb4e0000)
  object space 5242880K, 34% used [0x00002ba57b4e0000,0x00002ba5ea97f3a0,0x00002ba6bb4e0000)
 PSPermGen       total 524288K, used 230768K [0x00002ba55b4e0000, 0x00002ba57b4e0000, 0x00002ba57b4e0000)
  object space 524288K, 44% used [0x00002ba55b4e0000,0x00002ba56963c308,0x00002ba57b4e0000)
}
Total time for which application threads were stopped: 0.0705710 seconds
Application time: 76.4345230 seconds
{Heap before gc invocations=438:
 PSYoungGen      total 1018432K, used 1012007K [0x00002ba6bb4e0000, 0x00002ba6fb4e0000, 0x00002ba6fb4e0000)
  eden space 989696K, 100% used [0x00002ba6bb4e0000,0x00002ba6f7b60000,0x00002ba6f7b60000)
  from space 28736K, 77% used [0x00002ba6f98d0000,0x00002ba6fae99eb8,0x00002ba6fb4e0000)
  to   space 29440K, 0% used [0x00002ba6f7b60000,0x00002ba6f7b60000,0x00002ba6f9820000)
 PSOldGen        total 5242880K, used 1823356K [0x00002ba57b4e0000, 0x00002ba6bb4e0000, 0x00002ba6bb4e0000)
  object space 5242880K, 34% used [0x00002ba57b4e0000,0x00002ba5ea97f3a0,0x00002ba6bb4e0000)
 PSPermGen       total 524288K, used 230942K [0x00002ba55b4e0000, 0x00002ba57b4e0000, 0x00002ba57b4e0000)
  object space 524288K, 44% used [0x00002ba55b4e0000,0x00002ba569667868,0x00002ba57b4e0000)
45384.296: [GC [PSYoungGen: 1012007K->16576K(1019136K)] 2835364K->1846156K(6262016K), 0.0298720 secs]
Heap after gc invocations=438:
 PSYoungGen      total 1019136K, used 16576K [0x00002ba6bb4e0000, 0x00002ba6fb4e0000, 0x00002ba6fb4e0000)
  eden space 989696K, 0% used [0x00002ba6bb4e0000,0x00002ba6bb4e0000,0x00002ba6f7b60000)
  from space 29440K, 56% used [0x00002ba6f7b60000,0x00002ba6f8b90058,0x00002ba6f9820000)
  to   space 28480K, 0% used [0x00002ba6f9910000,0x00002ba6f9910000,0x00002ba6fb4e0000)
 PSOldGen        total 5242880K, used 1829580K [0x00002ba57b4e0000, 0x00002ba6bb4e0000, 0x00002ba6bb4e0000)
  object space 5242880K, 34% used [0x00002ba57b4e0000,0x00002ba5eaf93230,0x00002ba6bb4e0000)
 PSPermGen       total 524288K, used 230942K [0x00002ba55b4e0000, 0x00002ba57b4e0000, 0x00002ba57b4e0000)
  object space 524288K, 44% used [0x00002ba55b4e0000,0x00002ba569667868,0x00002ba57b4e0000)
}
Total time for which application threads were stopped: 0.0315060 seconds
Application time: 41.1109530 seconds
{Heap before gc invocations=439:
 PSYoungGen      total 1019136K, used 1006272K [0x00002ba6bb4e0000, 0x00002ba6fb4e0000, 0x00002ba6fb4e0000)
  eden space 989696K, 100% used [0x00002ba6bb4e0000,0x00002ba6f7b60000,0x00002ba6f7b60000)
  from space 29440K, 56% used [0x00002ba6f7b60000,0x00002ba6f8b90058,0x00002ba6f9820000)
  to   space 28480K, 0% used [0x00002ba6f9910000,0x00002ba6f9910000,0x00002ba6fb4e0000)
 PSOldGen        total 5242880K, used 1829580K [0x00002ba57b4e0000, 0x00002ba6bb4e0000, 0x00002ba6bb4e0000)
  object space 5242880K, 34% used [0x00002ba57b4e0000,0x00002ba5eaf93230,0x00002ba6bb4e0000)
 PSPermGen       total 524288K, used 231217K [0x00002ba55b4e0000, 0x00002ba57b4e0000, 0x00002ba57b4e0000)
  object space 524288K, 44% used [0x00002ba55b4e0000,0x00002ba5696ac610,0x00002ba57b4e0000)
45425.439: [GC [PSYoungGen: 1006272K->21644K(1019328K)] 2835852K->1862214K(6262208K), 0.0750460 secs]
Heap after gc invocations=439:
 PSYoungGen      total 1019328K, used 21644K [0x00002ba6bb4e0000, 0x00002ba6fb4e0000, 0x00002ba6fb4e0000)
  eden space 990848K, 0% used [0x00002ba6bb4e0000,0x00002ba6bb4e0000,0x00002ba6f7c80000)
  from space 28480K, 75% used [0x00002ba6f9910000,0x00002ba6fae332f8,0x00002ba6fb4e0000)
  to   space 28864K, 0% used [0x00002ba6f7c80000,0x00002ba6f7c80000,0x00002ba6f98b0000)
 PSOldGen        total 5242880K, used 1840569K [0x00002ba57b4e0000, 0x00002ba6bb4e0000, 0x00002ba6bb4e0000)
  object space 5242880K, 35% used [0x00002ba57b4e0000,0x00002ba5eba4e660,0x00002ba6bb4e0000)
 PSPermGen       total 524288K, used 231217K [0x00002ba55b4e0000, 0x00002ba57b4e0000, 0x00002ba57b4e0000)
  object space 524288K, 44% used [0x00002ba55b4e0000,0x00002ba5696ac610,0x00002ba57b4e0000)
}
Total time for which application threads were stopped: 0.0766110 seconds
Application time: 94.7987020 seconds
{Heap before gc invocations=440:
 PSYoungGen      total 1019328K, used 1012492K [0x00002ba6bb4e0000, 0x00002ba6fb4e0000, 0x00002ba6fb4e0000)
  eden space 990848K, 100% used [0x00002ba6bb4e0000,0x00002ba6f7c80000,0x00002ba6f7c80000)
  from space 28480K, 75% used [0x00002ba6f9910000,0x00002ba6fae332f8,0x00002ba6fb4e0000)
  to   space 28864K, 0% used [0x00002ba6f7c80000,0x00002ba6f7c80000,0x00002ba6f98b0000)
 PSOldGen        total 5242880K, used 1840569K [0x00002ba57b4e0000, 0x00002ba6bb4e0000, 0x00002ba6bb4e0000)
  object space 5242880K, 35% used [0x00002ba57b4e0000,0x00002ba5eba4e660,0x00002ba6bb4e0000)
 PSPermGen       total 524288K, used 231576K [0x00002ba55b4e0000, 0x00002ba57b4e0000, 0x00002ba57b4e0000)
  object space 524288K, 44% used [0x00002ba55b4e0000,0x00002ba569706008,0x00002ba57b4e0000)
45520.314: [GC [PSYoungGen: 1012492K->19648K(1019712K)] 2853062K->1868239K(6262592K), 0.0317380 secs]
Heap after gc invocations=440:
 PSYoungGen      total 1019712K, used 19648K [0x00002ba6bb4e0000, 0x00002ba6fb4e0000, 0x00002ba6fb4e0000)
  eden space 990848K, 0% used [0x00002ba6bb4e0000,0x00002ba6bb4e0000,0x00002ba6f7c80000)
  from space 28864K, 68% used [0x00002ba6f7c80000,0x00002ba6f8fb0240,0x00002ba6f98b0000)
  to   space 28352K, 0% used [0x00002ba6f9930000,0x00002ba6f9930000,0x00002ba6fb4e0000)
 PSOldGen        total 5242880K, used 1848590K [0x00002ba57b4e0000, 0x00002ba6bb4e0000, 0x00002ba6bb4e0000)
  object space 5242880K, 35% used [0x00002ba57b4e0000,0x00002ba5ec223ab8,0x00002ba6bb4e0000)
 PSPermGen       total 524288K, used 231576K [0x00002ba55b4e0000, 0x00002ba57b4e0000, 0x00002ba57b4e0000)
  object space 524288K, 44% used [0x00002ba55b4e0000,0x00002ba569706008,0x00002ba57b4e0000)
}
Total time for which application threads were stopped: 0.0334090 seconds
Application time: 17.5482880 seconds
{Heap before gc invocations=441:
 PSYoungGen      total 1019712K, used 1010496K [0x00002ba6bb4e0000, 0x00002ba6fb4e0000, 0x00002ba6fb4e0000)
  eden space 990848K, 100% used [0x00002ba6bb4e0000,0x00002ba6f7c80000,0x00002ba6f7c80000)
  from space 28864K, 68% used [0x00002ba6f7c80000,0x00002ba6f8fb0240,0x00002ba6f98b0000)
  to   space 28352K, 0% used [0x00002ba6f9930000,0x00002ba6f9930000,0x00002ba6fb4e0000)
 PSOldGen        total 5242880K, used 1848590K [0x00002ba57b4e0000, 0x00002ba6bb4e0000, 0x00002ba6bb4e0000)
  object space 5242880K, 35% used [0x00002ba57b4e0000,0x00002ba5ec223ab8,0x00002ba6bb4e0000)
 PSPermGen       total 524288K, used 232271K [0x00002ba55b4e0000, 0x00002ba57b4e0000, 0x00002ba57b4e0000)
  object space 524288K, 44% used [0x00002ba55b4e0000,0x00002ba5697b3db0,0x00002ba57b4e0000)
45587.077: [GC [PSYoungGen: 1010496K->16530K(1020928K)] 2859087K->1876622K(6263808K), 0.0451740 secs]
Heap after gc invocations=441:
 PSYoungGen      total 1020928K, used 16530K [0x00002ba6bb4e0000, 0x00002ba6fb4e0000, 0x00002ba6fb4e0000)
  eden space 992576K, 0% used [0x00002ba6bb4e0000,0x00002ba6bb4e0000,0x00002ba6f7e30000)
  from space 28352K, 58% used [0x00002ba6f9930000,0x00002ba6fa954938,0x00002ba6fb4e0000)
  to   space 27648K, 0% used [0x00002ba6f7e30000,0x00002ba6f7e30000,0x00002ba6f9930000)
 PSOldGen        total 5242880K, used 1860092K [0x00002ba57b4e0000, 0x00002ba6bb4e0000, 0x00002ba6bb4e0000)
  object space 5242880K, 35% used [0x00002ba57b4e0000,0x00002ba5ecd5f080,0x00002ba6bb4e0000)
 PSPermGen       total 524288K, used 232271K [0x00002ba55b4e0000, 0x00002ba57b4e0000, 0x00002ba57b4e0000)
  object space 524288K, 44% used [0x00002ba55b4e0000,0x00002ba5697b3db0,0x00002ba57b4e0000)
}
Total time for which application threads were stopped: 0.0987960 seconds
Application time: 86.4324720 seconds
{Heap before gc invocations=442:
 PSYoungGen      total 1020928K, used 1009106K [0x00002ba6bb4e0000, 0x00002ba6fb4e0000, 0x00002ba6fb4e0000)
  eden space 992576K, 100% used [0x00002ba6bb4e0000,0x00002ba6f7e30000,0x00002ba6f7e30000)
  from space 28352K, 58% used [0x00002ba6f9930000,0x00002ba6fa954938,0x00002ba6fb4e0000)
  to   space 27648K, 0% used [0x00002ba6f7e30000,0x00002ba6f7e30000,0x00002ba6f9930000)
 PSOldGen        total 5242880K, used 1860092K [0x00002ba57b4e0000, 0x00002ba6bb4e0000, 0x00002ba6bb4e0000)
  object space 5242880K, 35% used [0x00002ba57b4e0000,0x00002ba5ecd5f080,0x00002ba6bb4e0000)
 PSPermGen       total 524288K, used 232970K [0x00002ba55b4e0000, 0x00002ba57b4e0000, 0x00002ba57b4e0000)
  object space 524288K, 44% used [0x00002ba55b4e0000,0x00002ba569862858,0x00002ba57b4e0000)
45673.630: [GC [PSYoungGen: 1009106K->26443K(1019072K)] 2869198K->1895939K(6261952K), 0.0538600 secs]
Heap after gc invocations=442:
 PSYoungGen      total 1019072K, used 26443K [0x00002ba6bb4e0000, 0x00002ba6fb4e0000, 0x00002ba6fb4e0000)
  eden space 992576K, 0% used [0x00002ba6bb4e0000,0x00002ba6bb4e0000,0x00002ba6f7e30000)
  from space 26496K, 99% used [0x00002ba6f7e30000,0x00002ba6f9802db8,0x00002ba6f9810000)
  to   space 29504K, 0% used [0x00002ba6f9810000,0x00002ba6f9810000,0x00002ba6fb4e0000)
 PSOldGen        total 5242880K, used 1869495K [0x00002ba57b4e0000, 0x00002ba6bb4e0000, 0x00002ba6bb4e0000)
  object space 5242880K, 35% used [0x00002ba57b4e0000,0x00002ba5ed68df38,0x00002ba6bb4e0000)
 PSPermGen       total 524288K, used 232970K [0x00002ba55b4e0000, 0x00002ba57b4e0000, 0x00002ba57b4e0000)
  object space 524288K, 44% used [0x00002ba55b4e0000,0x00002ba569862858,0x00002ba57b4e0000)
}
Total time for which application threads were stopped: 0.1294320 seconds
Application time: 76.2804730 seconds
{Heap before gc invocations=443:
 PSYoungGen      total 1019072K, used 1019019K [0x00002ba6bb4e0000, 0x00002ba6fb4e0000, 0x00002ba6fb4e0000)
  eden space 992576K, 100% used [0x00002ba6bb4e0000,0x00002ba6f7e30000,0x00002ba6f7e30000)
  from space 26496K, 99% used [0x00002ba6f7e30000,0x00002ba6f9802db8,0x00002ba6f9810000)
  to   space 29504K, 0% used [0x00002ba6f9810000,0x00002ba6f9810000,0x00002ba6fb4e0000)
 PSOldGen        total 5242880K, used 1869495K [0x00002ba57b4e0000, 0x00002ba6bb4e0000, 0x00002ba6bb4e0000)
  object space 5242880K, 35% used [0x00002ba57b4e0000,0x00002ba5ed68df38,0x00002ba6bb4e0000)
 PSPermGen       total 524288K, used 233318K [0x00002ba55b4e0000, 0x00002ba57b4e0000, 0x00002ba57b4e0000)
  object space 524288K, 44% used [0x00002ba55b4e0000,0x00002ba5698b9990,0x00002ba57b4e0000)
45750.066: [GC [PSYoungGen: 1019019K->14397K(1019072K)] 2888515K->1892968K(6261952K), 0.0422070 secs]
Heap after gc invocations=443:
 PSYoungGen      total 1019072K, used 14397K [0x00002ba6bb4e0000, 0x00002ba6fb4e0000, 0x00002ba6fb4e0000)
  eden space 989568K, 0% used [0x00002ba6bb4e0000,0x00002ba6bb4e0000,0x00002ba6f7b40000)
  from space 29504K, 48% used [0x00002ba6f9810000,0x00002ba6fa61f508,0x00002ba6fb4e0000)
  to   space 29504K, 0% used [0x00002ba6f7b40000,0x00002ba6f7b40000,0x00002ba6f9810000)
 PSOldGen        total 5242880K, used 1878571K [0x00002ba57b4e0000, 0x00002ba6bb4e0000, 0x00002ba6bb4e0000)
  object space 5242880K, 35% used [0x00002ba57b4e0000,0x00002ba5edf6adb8,0x00002ba6bb4e0000)
 PSPermGen       total 524288K, used 233318K [0x00002ba55b4e0000, 0x00002ba57b4e0000, 0x00002ba57b4e0000)
  object space 524288K, 44% used [0x00002ba55b4e0000,0x00002ba5698b9990,0x00002ba57b4e0000)
}
Total time for which application threads were stopped: 0.1441020 seconds
Application time: 39.9114950 seconds
{Heap before gc invocations=444:
 PSYoungGen      total 1019072K, used 1003965K [0x00002ba6bb4e0000, 0x00002ba6fb4e0000, 0x00002ba6fb4e0000)
  eden space 989568K, 100% used [0x00002ba6bb4e0000,0x00002ba6f7b40000,0x00002ba6f7b40000)
  from space 29504K, 48% used [0x00002ba6f9810000,0x00002ba6fa61f508,0x00002ba6fb4e0000)
  to   space 29504K, 0% used [0x00002ba6f7b40000,0x00002ba6f7b40000,0x00002ba6f9810000)
 PSOldGen        total 5242880K, used 1878571K [0x00002ba57b4e0000, 0x00002ba6bb4e0000, 0x00002ba6bb4e0000)
  object space 5242880K, 35% used [0x00002ba57b4e0000,0x00002ba5edf6adb8,0x00002ba6bb4e0000)
 PSPermGen       total 524288K, used 233400K [0x00002ba55b4e0000, 0x00002ba57b4e0000, 0x00002ba57b4e0000)
  object space 524288K, 44% used [0x00002ba55b4e0000,0x00002ba5698ce180,0x00002ba57b4e0000)
45790.048: [GC [PSYoungGen: 1003965K->19886K(1019072K)] 2882536K->1905715K(6261952K), 0.0388100 secs]
Heap after gc invocations=444:
 PSYoungGen      total 1019072K, used 19886K [0x00002ba6bb4e0000, 0x00002ba6fb4e0000, 0x00002ba6fb4e0000)
  eden space 989568K, 0% used [0x00002ba6bb4e0000,0x00002ba6bb4e0000,0x00002ba6f7b40000)
  from space 29504K, 67% used [0x00002ba6f7b40000,0x00002ba6f8eabb20,0x00002ba6f9810000)
  to   space 28928K, 0% used [0x00002ba6f98a0000,0x00002ba6f98a0000,0x00002ba6fb4e0000)
 PSOldGen        total 5242880K, used 1885828K [0x00002ba57b4e0000, 0x00002ba6bb4e0000, 0x00002ba6bb4e0000)
  object space 5242880K, 35% used [0x00002ba57b4e0000,0x00002ba5ee681198,0x00002ba6bb4e0000)
 PSPermGen       total 524288K, used 233400K [0x00002ba55b4e0000, 0x00002ba57b4e0000, 0x00002ba57b4e0000)
  object space 524288K, 44% used [0x00002ba55b4e0000,0x00002ba5698ce180,0x00002ba57b4e0000)
}
Total time for which application threads were stopped: 0.0668580 seconds
Application time: 92.2747190 seconds
{Heap before gc invocations=445:
 PSYoungGen      total 1019072K, used 1009454K [0x00002ba6bb4e0000, 0x00002ba6fb4e0000, 0x00002ba6fb4e0000)
  eden space 989568K, 100% used [0x00002ba6bb4e0000,0x00002ba6f7b40000,0x00002ba6f7b40000)
  from space 29504K, 67% used [0x00002ba6f7b40000,0x00002ba6f8eabb20,0x00002ba6f9810000)
  to   space 28928K, 0% used [0x00002ba6f98a0000,0x00002ba6f98a0000,0x00002ba6fb4e0000)
 PSOldGen        total 5242880K, used 1885828K [0x00002ba57b4e0000, 0x00002ba6bb4e0000, 0x00002ba6bb4e0000)
  object space 5242880K, 35% used [0x00002ba57b4e0000,0x00002ba5ee681198,0x00002ba6bb4e0000)
 PSPermGen       total 524288K, used 233583K [0x00002ba55b4e0000, 0x00002ba57b4e0000, 0x00002ba57b4e0000)
  object space 524288K, 44% used [0x00002ba55b4e0000,0x00002ba5698fbc78,0x00002ba57b4e0000)
45882.416: [GC [PSYoungGen: 1009454K->13944K(1019904K)] 2895283K->1913604K(6262784K), 0.0413180 secs]
Heap after gc invocations=445:
 PSYoungGen      total 1019904K, used 13944K [0x00002ba6bb4e0000, 0x00002ba6fb4e0000, 0x00002ba6fb4e0000)
  eden space 990976K, 0% used [0x00002ba6bb4e0000,0x00002ba6bb4e0000,0x00002ba6f7ca0000)
  from space 28928K, 48% used [0x00002ba6f98a0000,0x00002ba6fa63e338,0x00002ba6fb4e0000)
  to   space 28672K, 0% used [0x00002ba6f7ca0000,0x00002ba6f7ca0000,0x00002ba6f98a0000)
 PSOldGen        total 5242880K, used 1899659K [0x00002ba57b4e0000, 0x00002ba6bb4e0000, 0x00002ba6bb4e0000)
  object space 5242880K, 36% used [0x00002ba57b4e0000,0x00002ba5ef402ff0,0x00002ba6bb4e0000)
 PSPermGen       total 524288K, used 233583K [0x00002ba55b4e0000, 0x00002ba57b4e0000, 0x00002ba57b4e0000)
  object space 524288K, 44% used [0x00002ba55b4e0000,0x00002ba5698fbc78,0x00002ba57b4e0000)
}
Total time for which application threads were stopped: 0.0956610 seconds
Application time: 67.8970180 seconds
{Heap before gc invocations=446:
 PSYoungGen      total 1019904K, used 1004920K [0x00002ba6bb4e0000, 0x00002ba6fb4e0000, 0x00002ba6fb4e0000)
  eden space 990976K, 100% used [0x00002ba6bb4e0000,0x00002ba6f7ca0000,0x00002ba6f7ca0000)
  from space 28928K, 48% used [0x00002ba6f98a0000,0x00002ba6fa63e338,0x00002ba6fb4e0000)
  to   space 28672K, 0% used [0x00002ba6f7ca0000,0x00002ba6f7ca0000,0x00002ba6f98a0000)
 PSOldGen        total 5242880K, used 1899659K [0x00002ba57b4e0000, 0x00002ba6bb4e0000, 0x00002ba6bb4e0000)
  object space 5242880K, 36% used [0x00002ba57b4e0000,0x00002ba5ef402ff0,0x00002ba6bb4e0000)
 PSPermGen       total 524288K, used 233609K [0x00002ba55b4e0000, 0x00002ba57b4e0000, 0x00002ba57b4e0000)
  object space 524288K, 44% used [0x00002ba55b4e0000,0x00002ba569902628,0x00002ba57b4e0000)
45950.430: [GC [PSYoungGen: 1004920K->17996K(1019648K)] 2904580K->1926626K(6262528K), 0.0265350 secs]
Heap after gc invocations=446:
 PSYoungGen      total 1019648K, used 17996K [0x00002ba6bb4e0000, 0x00002ba6fb4e0000, 0x00002ba6fb4e0000)
  eden space 990976K, 0% used [0x00002ba6bb4e0000,0x00002ba6bb4e0000,0x00002ba6f7ca0000)
  from space 28672K, 62% used [0x00002ba6f7ca0000,0x00002ba6f8e33220,0x00002ba6f98a0000)
  to   space 27648K, 0% used [0x00002ba6f99e0000,0x00002ba6f99e0000,0x00002ba6fb4e0000)
 PSOldGen        total 5242880K, used 1908630K [0x00002ba57b4e0000, 0x00002ba6bb4e0000, 0x00002ba6bb4e0000)
  object space 5242880K, 36% used [0x00002ba57b4e0000,0x00002ba5efcc58a8,0x00002ba6bb4e0000)
 PSPermGen       total 524288K, used 233609K [0x00002ba55b4e0000, 0x00002ba57b4e0000, 0x00002ba57b4e0000)
  object space 524288K, 44% used [0x00002ba55b4e0000,0x00002ba569902628,0x00002ba57b4e0000)
}
Total time for which application threads were stopped: 0.1021700 seconds
Application time: 73.8163380 seconds
{Heap before gc invocations=447:
 PSYoungGen      total 1019648K, used 1008972K [0x00002ba6bb4e0000, 0x00002ba6fb4e0000, 0x00002ba6fb4e0000)
  eden space 990976K, 100% used [0x00002ba6bb4e0000,0x00002ba6f7ca0000,0x00002ba6f7ca0000)
  from space 28672K, 62% used [0x00002ba6f7ca0000,0x00002ba6f8e33220,0x00002ba6f98a0000)
  to   space 27648K, 0% used [0x00002ba6f99e0000,0x00002ba6f99e0000,0x00002ba6fb4e0000)
 PSOldGen        total 5242880K, used 1908630K [0x00002ba57b4e0000, 0x00002ba6bb4e0000, 0x00002ba6bb4e0000)
  object space 5242880K, 36% used [0x00002ba57b4e0000,0x00002ba5efcc58a8,0x00002ba6bb4e0000)
 PSPermGen       total 524288K, used 234472K [0x00002ba55b4e0000, 0x00002ba57b4e0000, 0x00002ba57b4e0000)
  object space 524288K, 44% used [0x00002ba55b4e0000,0x00002ba5699da140,0x00002ba57b4e0000)
46024.375: [GC [PSYoungGen: 1008972K->15813K(1021504K)] 2917602K->1937462K(6264384K), 0.0279590 secs]
Heap after gc invocations=447:
 PSYoungGen      total 1021504K, used 15813K [0x00002ba6bb4e0000, 0x00002ba6fb4e0000, 0x00002ba6fb4e0000)
  eden space 993856K, 0% used [0x00002ba6bb4e0000,0x00002ba6bb4e0000,0x00002ba6f7f70000)
  from space 27648K, 57% used [0x00002ba6f99e0000,0x00002ba6fa9514d8,0x00002ba6fb4e0000)
  to   space 27072K, 0% used [0x00002ba6f7f70000,0x00002ba6f7f70000,0x00002ba6f99e0000)
 PSOldGen        total 5242880K, used 1921648K [0x00002ba57b4e0000, 0x00002ba6bb4e0000, 0x00002ba6bb4e0000)
  object space 5242880K, 36% used [0x00002ba57b4e0000,0x00002ba5f097c350,0x00002ba6bb4e0000)
 PSPermGen       total 524288K, used 234472K [0x00002ba55b4e0000, 0x00002ba57b4e0000, 0x00002ba57b4e0000)
  object space 524288K, 44% used [0x00002ba55b4e0000,0x00002ba5699da140,0x00002ba57b4e0000)
}
Total time for which application threads were stopped: 0.1302930 seconds
Application time: 79.7030090 seconds
{Heap before gc invocations=448:
 PSYoungGen      total 1021504K, used 1009669K [0x00002ba6bb4e0000, 0x00002ba6fb4e0000, 0x00002ba6fb4e0000)
  eden space 993856K, 100% used [0x00002ba6bb4e0000,0x00002ba6f7f70000,0x00002ba6f7f70000)
  from space 27648K, 57% used [0x00002ba6f99e0000,0x00002ba6fa9514d8,0x00002ba6fb4e0000)
  to   space 27072K, 0% used [0x00002ba6f7f70000,0x00002ba6f7f70000,0x00002ba6f99e0000)
 PSOldGen        total 5242880K, used 1921648K [0x00002ba57b4e0000, 0x00002ba6bb4e0000, 0x00002ba6bb4e0000)
  object space 5242880K, 36% used [0x00002ba57b4e0000,0x00002ba5f097c350,0x00002ba6bb4e0000)
 PSPermGen       total 524288K, used 234657K [0x00002ba55b4e0000, 0x00002ba57b4e0000, 0x00002ba57b4e0000)
  object space 524288K, 44% used [0x00002ba55b4e0000,0x00002ba569a084b0,0x00002ba57b4e0000)
46104.134: [GC [PSYoungGen: 1009669K->18910K(1020928K)] 2931318K->1951030K(6263808K), 0.0309420 secs]
Heap after gc invocations=448:
 PSYoungGen      total 1020928K, used 18910K [0x00002ba6bb4e0000, 0x00002ba6fb4e0000, 0x00002ba6fb4e0000)
  eden space 993856K, 0% used [0x00002ba6bb4e0000,0x00002ba6bb4e0000,0x00002ba6f7f70000)
  from space 27072K, 69% used [0x00002ba6f7f70000,0x00002ba6f91e7bb0,0x00002ba6f99e0000)
  to   space 26560K, 0% used [0x00002ba6f9af0000,0x00002ba6f9af0000,0x00002ba6fb4e0000)
 PSOldGen        total 5242880K, used 1932119K [0x00002ba57b4e0000, 0x00002ba6bb4e0000, 0x00002ba6bb4e0000)
  object space 5242880K, 36% used [0x00002ba57b4e0000,0x00002ba5f13b5ed0,0x00002ba6bb4e0000)
 PSPermGen       total 524288K, used 234657K [0x00002ba55b4e0000, 0x00002ba57b4e0000, 0x00002ba57b4e0000)
  object space 524288K, 44% used [0x00002ba55b4e0000,0x00002ba569a084b0,0x00002ba57b4e0000)
}
Total time for which application threads were stopped: 0.0588570 seconds
Application time: 59.3552170 seconds
{Heap before gc invocations=449:
 PSYoungGen      total 1020928K, used 1012766K [0x00002ba6bb4e0000, 0x00002ba6fb4e0000, 0x00002ba6fb4e0000)
  eden space 993856K, 100% used [0x00002ba6bb4e0000,0x00002ba6f7f70000,0x00002ba6f7f70000)
  from space 27072K, 69% used [0x00002ba6f7f70000,0x00002ba6f91e7bb0,0x00002ba6f99e0000)
  to   space 26560K, 0% used [0x00002ba6f9af0000,0x00002ba6f9af0000,0x00002ba6fb4e0000)
 PSOldGen        total 5242880K, used 1932119K [0x00002ba57b4e0000, 0x00002ba6bb4e0000, 0x00002ba6bb4e0000)
  object space 5242880K, 36% used [0x00002ba57b4e0000,0x00002ba5f13b5ed0,0x00002ba6bb4e0000)
 PSPermGen       total 524288K, used 234664K [0x00002ba55b4e0000, 0x00002ba57b4e0000, 0x00002ba57b4e0000)
  object space 524288K, 44% used [0x00002ba55b4e0000,0x00002ba569a0a008,0x00002ba57b4e0000)
46163.573: [GC [PSYoungGen: 1012766K->21391K(1021248K)] 2944886K->1963420K(6264128K), 0.0435800 secs]
Heap after gc invocations=449:
 PSYoungGen      total 1021248K, used 21391K [0x00002ba6bb4e0000, 0x00002ba6fb4e0000, 0x00002ba6fb4e0000)
  eden space 994688K, 0% used [0x00002ba6bb4e0000,0x00002ba6bb4e0000,0x00002ba6f8040000)
  from space 26560K, 80% used [0x00002ba6f9af0000,0x00002ba6fafd3f70,0x00002ba6fb4e0000)
  to   space 26944K, 0% used [0x00002ba6f8040000,0x00002ba6f8040000,0x00002ba6f9a90000)
 PSOldGen        total 5242880K, used 1942028K [0x00002ba57b4e0000, 0x00002ba6bb4e0000, 0x00002ba6bb4e0000)
  object space 5242880K, 37% used [0x00002ba57b4e0000,0x00002ba5f1d63368,0x00002ba6bb4e0000)
 PSPermGen       total 524288K, used 234664K [0x00002ba55b4e0000, 0x00002ba57b4e0000, 0x00002ba57b4e0000)
  object space 524288K, 44% used [0x00002ba55b4e0000,0x00002ba569a0a008,0x00002ba57b4e0000)
}
Total time for which application threads were stopped: 0.0970240 seconds
Application time: 67.6982640 seconds
{Heap before gc invocations=450:
 PSYoungGen      total 1021248K, used 1016079K [0x00002ba6bb4e0000, 0x00002ba6fb4e0000, 0x00002ba6fb4e0000)
  eden space 994688K, 100% used [0x00002ba6bb4e0000,0x00002ba6f8040000,0x00002ba6f8040000)
  from space 26560K, 80% used [0x00002ba6f9af0000,0x00002ba6fafd3f70,0x00002ba6fb4e0000)
  to   space 26944K, 0% used [0x00002ba6f8040000,0x00002ba6f8040000,0x00002ba6f9a90000)
 PSOldGen        total 5242880K, used 1942028K [0x00002ba57b4e0000, 0x00002ba6bb4e0000, 0x00002ba6bb4e0000)
  object space 5242880K, 37% used [0x00002ba57b4e0000,0x00002ba5f1d63368,0x00002ba6bb4e0000)
 PSPermGen       total 524288K, used 234843K [0x00002ba55b4e0000, 0x00002ba57b4e0000, 0x00002ba57b4e0000)
  object space 524288K, 44% used [0x00002ba55b4e0000,0x00002ba569a36fc8,0x00002ba57b4e0000)
46231.390: [GC [PSYoungGen: 1016079K->18835K(1021632K)] 2958108K->1972551K(6264512K), 0.0332790 secs]
Heap after gc invocations=450:
 PSYoungGen      total 1021632K, used 18835K [0x00002ba6bb4e0000, 0x00002ba6fb4e0000, 0x00002ba6fb4e0000)
  eden space 994688K, 0% used [0x00002ba6bb4e0000,0x00002ba6bb4e0000,0x00002ba6f8040000)
  from space 26944K, 69% used [0x00002ba6f8040000,0x00002ba6f92a4f48,0x00002ba6f9a90000)
  to   space 26304K, 0% used [0x00002ba6f9b30000,0x00002ba6f9b30000,0x00002ba6fb4e0000)
 PSOldGen        total 5242880K, used 1953716K [0x00002ba57b4e0000, 0x00002ba6bb4e0000, 0x00002ba6bb4e0000)
  object space 5242880K, 37% used [0x00002ba57b4e0000,0x00002ba5f28cd020,0x00002ba6bb4e0000)
 PSPermGen       total 524288K, used 234843K [0x00002ba55b4e0000, 0x00002ba57b4e0000, 0x00002ba57b4e0000)
  object space 524288K, 44% used [0x00002ba55b4e0000,0x00002ba569a36fc8,0x00002ba57b4e0000)
}
Total time for which application threads were stopped: 0.1081110 seconds
Application time: 62.1036930 seconds
{Heap before gc invocations=451:
 PSYoungGen      total 1021632K, used 1013523K [0x00002ba6bb4e0000, 0x00002ba6fb4e0000, 0x00002ba6fb4e0000)
  eden space 994688K, 100% used [0x00002ba6bb4e0000,0x00002ba6f8040000,0x00002ba6f8040000)
  from space 26944K, 69% used [0x00002ba6f8040000,0x00002ba6f92a4f48,0x00002ba6f9a90000)
  to   space 26304K, 0% used [0x00002ba6f9b30000,0x00002ba6f9b30000,0x00002ba6fb4e0000)
 PSOldGen        total 5242880K, used 1953716K [0x00002ba57b4e0000, 0x00002ba6bb4e0000, 0x00002ba6bb4e0000)
  object space 5242880K, 37% used [0x00002ba57b4e0000,0x00002ba5f28cd020,0x00002ba6bb4e0000)
 PSPermGen       total 524288K, used 235361K [0x00002ba55b4e0000, 0x00002ba57b4e0000, 0x00002ba57b4e0000)
  object space 524288K, 44% used [0x00002ba55b4e0000,0x00002ba569ab8670,0x00002ba57b4e0000)
46293.629: [GC [PSYoungGen: 1013523K->14611K(1022464K)] 2967239K->1979598K(6265344K), 0.0270120 secs]
Heap after gc invocations=451:
 PSYoungGen      total 1022464K, used 14611K [0x00002ba6bb4e0000, 0x00002ba6fb4e0000, 0x00002ba6fb4e0000)
  eden space 996160K, 0% used [0x00002ba6bb4e0000,0x00002ba6bb4e0000,0x00002ba6f81b0000)
  from space 26304K, 55% used [0x00002ba6f9b30000,0x00002ba6fa974c88,0x00002ba6fb4e0000)
  to   space 26112K, 0% used [0x00002ba6f81b0000,0x00002ba6f81b0000,0x00002ba6f9b30000)
 PSOldGen        total 5242880K, used 1964987K [0x00002ba57b4e0000, 0x00002ba6bb4e0000, 0x00002ba6bb4e0000)
  object space 5242880K, 37% used [0x00002ba57b4e0000,0x00002ba5f33cef18,0x00002ba6bb4e0000)
 PSPermGen       total 524288K, used 235361K [0x00002ba55b4e0000, 0x00002ba57b4e0000, 0x00002ba57b4e0000)
  object space 524288K, 44% used [0x00002ba55b4e0000,0x00002ba569ab8670,0x00002ba57b4e0000)
}
Total time for which application threads were stopped: 0.1290350 seconds
Application time: 45.3829590 seconds
{Heap before gc invocations=452:
 PSYoungGen      total 1022464K, used 1010771K [0x00002ba6bb4e0000, 0x00002ba6fb4e0000, 0x00002ba6fb4e0000)
  eden space 996160K, 100% used [0x00002ba6bb4e0000,0x00002ba6f81b0000,0x00002ba6f81b0000)
  from space 26304K, 55% used [0x00002ba6f9b30000,0x00002ba6fa974c88,0x00002ba6fb4e0000)
  to   space 26112K, 0% used [0x00002ba6f81b0000,0x00002ba6f81b0000,0x00002ba6f9b30000)
 PSOldGen        total 5242880K, used 1964987K [0x00002ba57b4e0000, 0x00002ba6bb4e0000, 0x00002ba6bb4e0000)
  object space 5242880K, 37% used [0x00002ba57b4e0000,0x00002ba5f33cef18,0x00002ba6bb4e0000)
 PSPermGen       total 524288K, used 235542K [0x00002ba55b4e0000, 0x00002ba57b4e0000, 0x00002ba57b4e0000)
  object space 524288K, 44% used [0x00002ba55b4e0000,0x00002ba569ae5b28,0x00002ba57b4e0000)
46339.067: [GC [PSYoungGen: 1010771K->12225K(1022272K)] 2975758K->1985890K(6265152K), 0.0291690 secs]
Heap after gc invocations=452:
 PSYoungGen      total 1022272K, used 12225K [0x00002ba6bb4e0000, 0x00002ba6fb4e0000, 0x00002ba6fb4e0000)
  eden space 996160K, 0% used [0x00002ba6bb4e0000,0x00002ba6bb4e0000,0x00002ba6f81b0000)
  from space 26112K, 46% used [0x00002ba6f81b0000,0x00002ba6f8da06a0,0x00002ba6f9b30000)
  to   space 26304K, 0% used [0x00002ba6f9b30000,0x00002ba6f9b30000,0x00002ba6fb4e0000)
 PSOldGen        total 5242880K, used 1973664K [0x00002ba57b4e0000, 0x00002ba6bb4e0000, 0x00002ba6bb4e0000)
  object space 5242880K, 37% used [0x00002ba57b4e0000,0x00002ba5f3c48298,0x00002ba6bb4e0000)
 PSPermGen       total 524288K, used 235542K [0x00002ba55b4e0000, 0x00002ba57b4e0000, 0x00002ba57b4e0000)
  object space 524288K, 44% used [0x00002ba55b4e0000,0x00002ba569ae5b28,0x00002ba57b4e0000)
}
Total time for which application threads were stopped: 0.0569970 seconds
Application time: 58.3935110 seconds
{Heap before gc invocations=453:
 PSYoungGen      total 1022272K, used 1008385K [0x00002ba6bb4e0000, 0x00002ba6fb4e0000, 0x00002ba6fb4e0000)
  eden space 996160K, 100% used [0x00002ba6bb4e0000,0x00002ba6f81b0000,0x00002ba6f81b0000)
  from space 26112K, 46% used [0x00002ba6f81b0000,0x00002ba6f8da06a0,0x00002ba6f9b30000)
  to   space 26304K, 0% used [0x00002ba6f9b30000,0x00002ba6f9b30000,0x00002ba6fb4e0000)
 PSOldGen        total 5242880K, used 1973664K [0x00002ba57b4e0000, 0x00002ba6bb4e0000, 0x00002ba6bb4e0000)
  object space 5242880K, 37% used [0x00002ba57b4e0000,0x00002ba5f3c48298,0x00002ba6bb4e0000)
 PSPermGen       total 524288K, used 235543K [0x00002ba55b4e0000, 0x00002ba57b4e0000, 0x00002ba57b4e0000)
  object space 524288K, 44% used [0x00002ba55b4e0000,0x00002ba569ae5cc8,0x00002ba57b4e0000)
46397.544: [GC [PSYoungGen: 1008385K->13823K(1022528K)] 2982050K->1993141K(6265408K), 0.0282710 secs]
Heap after gc invocations=453:
 PSYoungGen      total 1022528K, used 13823K [0x00002ba6bb4e0000, 0x00002ba6fb4e0000, 0x00002ba6fb4e0000)
  eden space 996224K, 0% used [0x00002ba6bb4e0000,0x00002ba6bb4e0000,0x00002ba6f81c0000)
  from space 26304K, 52% used [0x00002ba6f9b30000,0x00002ba6fa8afdc8,0x00002ba6fb4e0000)
  to   space 26048K, 0% used [0x00002ba6f81c0000,0x00002ba6f81c0000,0x00002ba6f9b30000)
 PSOldGen        total 5242880K, used 1979318K [0x00002ba57b4e0000, 0x00002ba6bb4e0000, 0x00002ba6bb4e0000)
  object space 5242880K, 37% used [0x00002ba57b4e0000,0x00002ba5f41cda08,0x00002ba6bb4e0000)
 PSPermGen       total 524288K, used 235543K [0x00002ba55b4e0000, 0x00002ba57b4e0000, 0x00002ba57b4e0000)
  object space 524288K, 44% used [0x00002ba55b4e0000,0x00002ba569ae5cc8,0x00002ba57b4e0000)
}
Total time for which application threads were stopped: 0.0821320 seconds
Application time: 48.4010380 seconds
{Heap before gc invocations=454:
 PSYoungGen      total 1022528K, used 1010047K [0x00002ba6bb4e0000, 0x00002ba6fb4e0000, 0x00002ba6fb4e0000)
  eden space 996224K, 100% used [0x00002ba6bb4e0000,0x00002ba6f81c0000,0x00002ba6f81c0000)
  from space 26304K, 52% used [0x00002ba6f9b30000,0x00002ba6fa8afdc8,0x00002ba6fb4e0000)
  to   space 26048K, 0% used [0x00002ba6f81c0000,0x00002ba6f81c0000,0x00002ba6f9b30000)
 PSOldGen        total 5242880K, used 1979318K [0x00002ba57b4e0000, 0x00002ba6bb4e0000, 0x00002ba6bb4e0000)
  object space 5242880K, 37% used [0x00002ba57b4e0000,0x00002ba5f41cda08,0x00002ba6bb4e0000)
 PSPermGen       total 524288K, used 236237K [0x00002ba55b4e0000, 0x00002ba57b4e0000, 0x00002ba57b4e0000)
  object space 524288K, 45% used [0x00002ba55b4e0000,0x00002ba569b93620,0x00002ba57b4e0000)
46446.048: [GC [PSYoungGen: 1010047K->13869K(1022272K)] 2989365K->2002888K(6265152K), 0.0464430 secs]
Heap after gc invocations=454:
 PSYoungGen      total 1022272K, used 13869K [0x00002ba6bb4e0000, 0x00002ba6fb4e0000, 0x00002ba6fb4e0000)
  eden space 996224K, 0% used [0x00002ba6bb4e0000,0x00002ba6bb4e0000,0x00002ba6f81c0000)
  from space 26048K, 53% used [0x00002ba6f81c0000,0x00002ba6f8f4b618,0x00002ba6f9b30000)
  to   space 25664K, 0% used [0x00002ba6f9bd0000,0x00002ba6f9bd0000,0x00002ba6fb4e0000)
 PSOldGen        total 5242880K, used 1989018K [0x00002ba57b4e0000, 0x00002ba6bb4e0000, 0x00002ba6bb4e0000)
  object space 5242880K, 37% used [0x00002ba57b4e0000,0x00002ba5f4b46a10,0x00002ba6bb4e0000)
 PSPermGen       total 524288K, used 236237K [0x00002ba55b4e0000, 0x00002ba57b4e0000, 0x00002ba57b4e0000)
  object space 524288K, 45% used [0x00002ba55b4e0000,0x00002ba569b93620,0x00002ba57b4e0000)
}
Total time for which application threads were stopped: 0.1212780 seconds
Application time: 43.3788820 seconds
{Heap before gc invocations=455:
 PSYoungGen      total 1022272K, used 1010093K [0x00002ba6bb4e0000, 0x00002ba6fb4e0000, 0x00002ba6fb4e0000)
  eden space 996224K, 100% used [0x00002ba6bb4e0000,0x00002ba6f81c0000,0x00002ba6f81c0000)
  from space 26048K, 53% used [0x00002ba6f81c0000,0x00002ba6f8f4b618,0x00002ba6f9b30000)
  to   space 25664K, 0% used [0x00002ba6f9bd0000,0x00002ba6f9bd0000,0x00002ba6fb4e0000)
 PSOldGen        total 5242880K, used 1989018K [0x00002ba57b4e0000, 0x00002ba6bb4e0000, 0x00002ba6bb4e0000)
  object space 5242880K, 37% used [0x00002ba57b4e0000,0x00002ba5f4b46a10,0x00002ba6bb4e0000)
 PSPermGen       total 524288K, used 236809K [0x00002ba55b4e0000, 0x00002ba57b4e0000, 0x00002ba57b4e0000)
  object space 524288K, 45% used [0x00002ba55b4e0000,0x00002ba569c22530,0x00002ba57b4e0000)
46489.575: [GC [PSYoungGen: 1010093K->15090K(1023488K)] 2999112K->2010617K(6266368K), 0.0288620 secs]
Heap after gc invocations=455:
 PSYoungGen      total 1023488K, used 15090K [0x00002ba6bb4e0000, 0x00002ba6fb4e0000, 0x00002ba6fb4e0000)
  eden space 997824K, 0% used [0x00002ba6bb4e0000,0x00002ba6bb4e0000,0x00002ba6f8350000)
  from space 25664K, 58% used [0x00002ba6f9bd0000,0x00002ba6faa8cbc0,0x00002ba6fb4e0000)
  to   space 25088K, 0% used [0x00002ba6f8350000,0x00002ba6f8350000,0x00002ba6f9bd0000)
 PSOldGen        total 5242880K, used 1995526K [0x00002ba57b4e0000, 0x00002ba6bb4e0000, 0x00002ba6bb4e0000)
  object space 5242880K, 38% used [0x00002ba57b4e0000,0x00002ba5f51a1a80,0x00002ba6bb4e0000)
 PSPermGen       total 524288K, used 236809K [0x00002ba55b4e0000, 0x00002ba57b4e0000, 0x00002ba57b4e0000)
  object space 524288K, 45% used [0x00002ba55b4e0000,0x00002ba569c22530,0x00002ba57b4e0000)
}
Total time for which application threads were stopped: 0.1306720 seconds
Application time: 69.8492960 seconds
{Heap before gc invocations=456:
 PSYoungGen      total 1023488K, used 1012914K [0x00002ba6bb4e0000, 0x00002ba6fb4e0000, 0x00002ba6fb4e0000)
  eden space 997824K, 100% used [0x00002ba6bb4e0000,0x00002ba6f8350000,0x00002ba6f8350000)
  from space 25664K, 58% used [0x00002ba6f9bd0000,0x00002ba6faa8cbc0,0x00002ba6fb4e0000)
  to   space 25088K, 0% used [0x00002ba6f8350000,0x00002ba6f8350000,0x00002ba6f9bd0000)
 PSOldGen        total 5242880K, used 1995526K [0x00002ba57b4e0000, 0x00002ba6bb4e0000, 0x00002ba6bb4e0000)
  object space 5242880K, 38% used [0x00002ba57b4e0000,0x00002ba5f51a1a80,0x00002ba6bb4e0000)
 PSPermGen       total 524288K, used 237338K [0x00002ba55b4e0000, 0x00002ba57b4e0000, 0x00002ba57b4e0000)
  object space 524288K, 45% used [0x00002ba55b4e0000,0x00002ba569ca6ac8,0x00002ba57b4e0000)
46559.455: [GC [PSYoungGen: 1012914K->14372K(1022912K)] 3008441K->2018496K(6265792K), 0.0285860 secs]
Heap after gc invocations=456:
 PSYoungGen      total 1022912K, used 14372K [0x00002ba6bb4e0000, 0x00002ba6fb4e0000, 0x00002ba6fb4e0000)
  eden space 997824K, 0% used [0x00002ba6bb4e0000,0x00002ba6bb4e0000,0x00002ba6f8350000)
  from space 25088K, 57% used [0x00002ba6f8350000,0x00002ba6f9159008,0x00002ba6f9bd0000)
  to   space 24576K, 0% used [0x00002ba6f9ce0000,0x00002ba6f9ce0000,0x00002ba6fb4e0000)
 PSOldGen        total 5242880K, used 2004124K [0x00002ba57b4e0000, 0x00002ba6bb4e0000, 0x00002ba6bb4e0000)
  object space 5242880K, 38% used [0x00002ba57b4e0000,0x00002ba5f5a07268,0x00002ba6bb4e0000)
 PSPermGen       total 524288K, used 237338K [0x00002ba55b4e0000, 0x00002ba57b4e0000, 0x00002ba57b4e0000)
  object space 524288K, 45% used [0x00002ba55b4e0000,0x00002ba569ca6ac8,0x00002ba57b4e0000)
}
Total time for which application threads were stopped: 0.0303190 seconds
Application time: 72.1522480 seconds
{Heap before gc invocations=457:
 PSYoungGen      total 1022912K, used 1012196K [0x00002ba6bb4e0000, 0x00002ba6fb4e0000, 0x00002ba6fb4e0000)
  eden space 997824K, 100% used [0x00002ba6bb4e0000,0x00002ba6f8350000,0x00002ba6f8350000)
  from space 25088K, 57% used [0x00002ba6f8350000,0x00002ba6f9159008,0x00002ba6f9bd0000)
  to   space 24576K, 0% used [0x00002ba6f9ce0000,0x00002ba6f9ce0000,0x00002ba6fb4e0000)
 PSOldGen        total 5242880K, used 2004124K [0x00002ba57b4e0000, 0x00002ba6bb4e0000, 0x00002ba6bb4e0000)
  object space 5242880K, 38% used [0x00002ba57b4e0000,0x00002ba5f5a07268,0x00002ba6bb4e0000)
 PSPermGen       total 524288K, used 237881K [0x00002ba55b4e0000, 0x00002ba57b4e0000, 0x00002ba57b4e0000)
  object space 524288K, 45% used [0x00002ba55b4e0000,0x00002ba569d2e498,0x00002ba57b4e0000)
46631.664: [GC [PSYoungGen: 1012196K->16786K(1024640K)] 3016320K->2027920K(6267520K), 0.0411040 secs]
Heap after gc invocations=457:
 PSYoungGen      total 1024640K, used 16786K [0x00002ba6bb4e0000, 0x00002ba6fb4e0000, 0x00002ba6fb4e0000)
  eden space 1000064K, 0% used [0x00002ba6bb4e0000,0x00002ba6bb4e0000,0x00002ba6f8580000)
  from space 24576K, 68% used [0x00002ba6f9ce0000,0x00002ba6fad44a80,0x00002ba6fb4e0000)
  to   space 23936K, 0% used [0x00002ba6f8580000,0x00002ba6f8580000,0x00002ba6f9ce0000)
 PSOldGen        total 5242880K, used 2011134K [0x00002ba57b4e0000, 0x00002ba6bb4e0000, 0x00002ba6bb4e0000)
  object space 5242880K, 38% used [0x00002ba57b4e0000,0x00002ba5f60df8f0,0x00002ba6bb4e0000)
 PSPermGen       total 524288K, used 237881K [0x00002ba55b4e0000, 0x00002ba57b4e0000, 0x00002ba57b4e0000)
  object space 524288K, 45% used [0x00002ba55b4e0000,0x00002ba569d2e498,0x00002ba57b4e0000)
}
Total time for which application threads were stopped: 0.0688970 seconds
Application time: 49.3523350 seconds
{Heap before gc invocations=458:
 PSYoungGen      total 1024640K, used 1016850K [0x00002ba6bb4e0000, 0x00002ba6fb4e0000, 0x00002ba6fb4e0000)
  eden space 1000064K, 100% used [0x00002ba6bb4e0000,0x00002ba6f8580000,0x00002ba6f8580000)
  from space 24576K, 68% used [0x00002ba6f9ce0000,0x00002ba6fad44a80,0x00002ba6fb4e0000)
  to   space 23936K, 0% used [0x00002ba6f8580000,0x00002ba6f8580000,0x00002ba6f9ce0000)
 PSOldGen        total 5242880K, used 2011134K [0x00002ba57b4e0000, 0x00002ba6bb4e0000, 0x00002ba6bb4e0000)
  object space 5242880K, 38% used [0x00002ba57b4e0000,0x00002ba5f60df8f0,0x00002ba6bb4e0000)
 PSPermGen       total 524288K, used 237884K [0x00002ba55b4e0000, 0x00002ba57b4e0000, 0x00002ba57b4e0000)
  object space 524288K, 45% used [0x00002ba55b4e0000,0x00002ba569d2f3a0,0x00002ba57b4e0000)
46681.111: [GC [PSYoungGen: 1016850K->16315K(1024000K)] 3027984K->2033929K(6266880K), 0.0365490 secs]
Heap after gc invocations=458:
 PSYoungGen      total 1024000K, used 16315K [0x00002ba6bb4e0000, 0x00002ba6fb4e0000, 0x00002ba6fb4e0000)
  eden space 1000064K, 0% used [0x00002ba6bb4e0000,0x00002ba6bb4e0000,0x00002ba6f8580000)
  from space 23936K, 68% used [0x00002ba6f8580000,0x00002ba6f956efa8,0x00002ba6f9ce0000)
  to   space 23232K, 0% used [0x00002ba6f9e30000,0x00002ba6f9e30000,0x00002ba6fb4e0000)
 PSOldGen        total 5242880K, used 2017613K [0x00002ba57b4e0000, 0x00002ba6bb4e0000, 0x00002ba6bb4e0000)
  object space 5242880K, 38% used [0x00002ba57b4e0000,0x00002ba5f6733798,0x00002ba6bb4e0000)
 PSPermGen       total 524288K, used 237884K [0x00002ba55b4e0000, 0x00002ba57b4e0000, 0x00002ba57b4e0000)
  object space 524288K, 45% used [0x00002ba55b4e0000,0x00002ba569d2f3a0,0x00002ba57b4e0000)
}
Total time for which application threads were stopped: 0.0901890 seconds
Application time: 40.6719980 seconds
{Heap before gc invocations=459:
 PSYoungGen      total 1024000K, used 1016379K [0x00002ba6bb4e0000, 0x00002ba6fb4e0000, 0x00002ba6fb4e0000)
  eden space 1000064K, 100% used [0x00002ba6bb4e0000,0x00002ba6f8580000,0x00002ba6f8580000)
  from space 23936K, 68% used [0x00002ba6f8580000,0x00002ba6f956efa8,0x00002ba6f9ce0000)
  to   space 23232K, 0% used [0x00002ba6f9e30000,0x00002ba6f9e30000,0x00002ba6fb4e0000)
 PSOldGen        total 5242880K, used 2017613K [0x00002ba57b4e0000, 0x00002ba6bb4e0000, 0x00002ba6bb4e0000)
  object space 5242880K, 38% used [0x00002ba57b4e0000,0x00002ba5f6733798,0x00002ba6bb4e0000)
 PSPermGen       total 524288K, used 238070K [0x00002ba55b4e0000, 0x00002ba57b4e0000, 0x00002ba57b4e0000)
  object space 524288K, 45% used [0x00002ba55b4e0000,0x00002ba569d5dae8,0x00002ba57b4e0000)
46721.894: [GC [PSYoungGen: 1016379K->19494K(1024448K)] 3033993K->2045386K(6267328K), 0.0653290 secs]
Heap after gc invocations=459:
 PSYoungGen      total 1024448K, used 19494K [0x00002ba6bb4e0000, 0x00002ba6fb4e0000, 0x00002ba6fb4e0000)
  eden space 1001216K, 0% used [0x00002ba6bb4e0000,0x00002ba6bb4e0000,0x00002ba6f86a0000)
  from space 23232K, 83% used [0x00002ba6f9e30000,0x00002ba6fb1399b8,0x00002ba6fb4e0000)
  to   space 23680K, 0% used [0x00002ba6f86a0000,0x00002ba6f86a0000,0x00002ba6f9dc0000)
 PSOldGen        total 5242880K, used 2025892K [0x00002ba57b4e0000, 0x00002ba6bb4e0000, 0x00002ba6bb4e0000)
  object space 5242880K, 38% used [0x00002ba57b4e0000,0x00002ba5f6f491e8,0x00002ba6bb4e0000)
 PSPermGen       total 524288K, used 238070K [0x00002ba55b4e0000, 0x00002ba57b4e0000, 0x00002ba57b4e0000)
  object space 524288K, 45% used [0x00002ba55b4e0000,0x00002ba569d5dae8,0x00002ba57b4e0000)
}
Total time for which application threads were stopped: 0.1400580 seconds
Application time: 43.7933590 seconds
{Heap before gc invocations=460:
 PSYoungGen      total 1024448K, used 1020710K [0x00002ba6bb4e0000, 0x00002ba6fb4e0000, 0x00002ba6fb4e0000)
  eden space 1001216K, 100% used [0x00002ba6bb4e0000,0x00002ba6f86a0000,0x00002ba6f86a0000)
  from space 23232K, 83% used [0x00002ba6f9e30000,0x00002ba6fb1399b8,0x00002ba6fb4e0000)
  to   space 23680K, 0% used [0x00002ba6f86a0000,0x00002ba6f86a0000,0x00002ba6f9dc0000)
 PSOldGen        total 5242880K, used 2025892K [0x00002ba57b4e0000, 0x00002ba6bb4e0000, 0x00002ba6bb4e0000)
  object space 5242880K, 38% used [0x00002ba57b4e0000,0x00002ba5f6f491e8,0x00002ba6bb4e0000)
 PSPermGen       total 524288K, used 238246K [0x00002ba55b4e0000, 0x00002ba57b4e0000, 0x00002ba57b4e0000)
  object space 524288K, 45% used [0x00002ba55b4e0000,0x00002ba569d89b00,0x00002ba57b4e0000)
46765.854: [GC [PSYoungGen: 1020710K->22667K(1023936K)] 3046602K->2057010K(6266816K), 0.0955380 secs]
Heap after gc invocations=460:
 PSYoungGen      total 1023936K, used 22667K [0x00002ba6bb4e0000, 0x00002ba6fb4e0000, 0x00002ba6fb4e0000)
  eden space 1001216K, 0% used [0x00002ba6bb4e0000,0x00002ba6bb4e0000,0x00002ba6f86a0000)
  from space 22720K, 99% used [0x00002ba6f86a0000,0x00002ba6f9cc2e68,0x00002ba6f9cd0000)
  to   space 24640K, 0% used [0x00002ba6f9cd0000,0x00002ba6f9cd0000,0x00002ba6fb4e0000)
 PSOldGen        total 5242880K, used 2034342K [0x00002ba57b4e0000, 0x00002ba6bb4e0000, 0x00002ba6bb4e0000)
  object space 5242880K, 38% used [0x00002ba57b4e0000,0x00002ba5f77899d0,0x00002ba6bb4e0000)
 PSPermGen       total 524288K, used 238246K [0x00002ba55b4e0000, 0x00002ba57b4e0000, 0x00002ba57b4e0000)
  object space 524288K, 45% used [0x00002ba55b4e0000,0x00002ba569d89b00,0x00002ba57b4e0000)
}
Total time for which application threads were stopped: 0.1973300 seconds
Application time: 39.4779480 seconds
{Heap before gc invocations=461:
 PSYoungGen      total 1023936K, used 1023883K [0x00002ba6bb4e0000, 0x00002ba6fb4e0000, 0x00002ba6fb4e0000)
  eden space 1001216K, 100% used [0x00002ba6bb4e0000,0x00002ba6f86a0000,0x00002ba6f86a0000)
  from space 22720K, 99% used [0x00002ba6f86a0000,0x00002ba6f9cc2e68,0x00002ba6f9cd0000)
  to   space 24640K, 0% used [0x00002ba6f9cd0000,0x00002ba6f9cd0000,0x00002ba6fb4e0000)
 PSOldGen        total 5242880K, used 2034342K [0x00002ba57b4e0000, 0x00002ba6bb4e0000, 0x00002ba6bb4e0000)
  object space 5242880K, 38% used [0x00002ba57b4e0000,0x00002ba5f77899d0,0x00002ba6bb4e0000)
 PSPermGen       total 524288K, used 238246K [0x00002ba55b4e0000, 0x00002ba57b4e0000, 0x00002ba57b4e0000)
  object space 524288K, 45% used [0x00002ba55b4e0000,0x00002ba569d89be0,0x00002ba57b4e0000)
46805.430: [GC [PSYoungGen: 1023883K->12051K(1022656K)] 3058226K->2053020K(6265536K), 0.0323450 secs]
Heap after gc invocations=461:
 PSYoungGen      total 1022656K, used 12051K [0x00002ba6bb4e0000, 0x00002ba6fb4e0000, 0x00002ba6fb4e0000)
  eden space 998016K, 0% used [0x00002ba6bb4e0000,0x00002ba6bb4e0000,0x00002ba6f8380000)
  from space 24640K, 48% used [0x00002ba6f9cd0000,0x00002ba6fa894d08,0x00002ba6fb4e0000)
  to   space 25280K, 0% used [0x00002ba6f8380000,0x00002ba6f8380000,0x00002ba6f9c30000)
 PSOldGen        total 5242880K, used 2040969K [0x00002ba57b4e0000, 0x00002ba6bb4e0000, 0x00002ba6bb4e0000)
  object space 5242880K, 38% used [0x00002ba57b4e0000,0x00002ba5f7e026e8,0x00002ba6bb4e0000)
 PSPermGen       total 524288K, used 238246K [0x00002ba55b4e0000, 0x00002ba57b4e0000, 0x00002ba57b4e0000)
  object space 524288K, 45% used [0x00002ba55b4e0000,0x00002ba569d89be0,0x00002ba57b4e0000)
}
Total time for which application threads were stopped: 0.0339610 seconds
Application time: 15.7880040 seconds
{Heap before gc invocations=462:
 PSYoungGen      total 1022656K, used 1010067K [0x00002ba6bb4e0000, 0x00002ba6fb4e0000, 0x00002ba6fb4e0000)
  eden space 998016K, 100% used [0x00002ba6bb4e0000,0x00002ba6f8380000,0x00002ba6f8380000)
  from space 24640K, 48% used [0x00002ba6f9cd0000,0x00002ba6fa894d08,0x00002ba6fb4e0000)
  to   space 25280K, 0% used [0x00002ba6f8380000,0x00002ba6f8380000,0x00002ba6f9c30000)
 PSOldGen        total 5242880K, used 2040969K [0x00002ba57b4e0000, 0x00002ba6bb4e0000, 0x00002ba6bb4e0000)
  object space 5242880K, 38% used [0x00002ba57b4e0000,0x00002ba5f7e026e8,0x00002ba6bb4e0000)
 PSPermGen       total 524288K, used 238793K [0x00002ba55b4e0000, 0x00002ba57b4e0000, 0x00002ba57b4e0000)
  object space 524288K, 45% used [0x00002ba55b4e0000,0x00002ba569e125d8,0x00002ba57b4e0000)
46821.252: [GC [PSYoungGen: 1010067K->8759K(1006784K)] 3051036K->2056814K(6249664K), 0.0232480 secs]
Heap after gc invocations=462:
 PSYoungGen      total 1006784K, used 8759K [0x00002ba6bb4e0000, 0x00002ba6fb4e0000, 0x00002ba6fb4e0000)
  eden space 998016K, 0% used [0x00002ba6bb4e0000,0x00002ba6bb4e0000,0x00002ba6f8380000)
  from space 8768K, 99% used [0x00002ba6f8380000,0x00002ba6f8c0dd00,0x00002ba6f8c10000)
  to   space 25792K, 0% used [0x00002ba6f9bb0000,0x00002ba6f9bb0000,0x00002ba6fb4e0000)
 PSOldGen        total 5242880K, used 2048055K [0x00002ba57b4e0000, 0x00002ba6bb4e0000, 0x00002ba6bb4e0000)
  object space 5242880K, 39% used [0x00002ba57b4e0000,0x00002ba5f84edde0,0x00002ba6bb4e0000)
 PSPermGen       total 524288K, used 238793K [0x00002ba55b4e0000, 0x00002ba57b4e0000, 0x00002ba57b4e0000)
  object space 524288K, 45% used [0x00002ba55b4e0000,0x00002ba569e125d8,0x00002ba57b4e0000)
}
Total time for which application threads were stopped: 0.0249000 seconds
Application time: 42.1806030 seconds
{Heap before gc invocations=463:
 PSYoungGen      total 1006784K, used 1006775K [0x00002ba6bb4e0000, 0x00002ba6fb4e0000, 0x00002ba6fb4e0000)
  eden space 998016K, 100% used [0x00002ba6bb4e0000,0x00002ba6f8380000,0x00002ba6f8380000)
  from space 8768K, 99% used [0x00002ba6f8380000,0x00002ba6f8c0dd00,0x00002ba6f8c10000)
  to   space 25792K, 0% used [0x00002ba6f9bb0000,0x00002ba6f9bb0000,0x00002ba6fb4e0000)
 PSOldGen        total 5242880K, used 2048055K [0x00002ba57b4e0000, 0x00002ba6bb4e0000, 0x00002ba6bb4e0000)
  object space 5242880K, 39% used [0x00002ba57b4e0000,0x00002ba5f84edde0,0x00002ba6bb4e0000)
 PSPermGen       total 524288K, used 239141K [0x00002ba55b4e0000, 0x00002ba57b4e0000, 0x00002ba57b4e0000)
  object space 524288K, 45% used [0x00002ba55b4e0000,0x00002ba569e69718,0x00002ba57b4e0000)
46863.457: [GC [PSYoungGen: 1006775K->18761K(1022656K)] 3054830K->2071462K(6265536K), 0.0580880 secs]
Heap after gc invocations=463:
 PSYoungGen      total 1022656K, used 18761K [0x00002ba6bb4e0000, 0x00002ba6fb4e0000, 0x00002ba6fb4e0000)
  eden space 996864K, 0% used [0x00002ba6bb4e0000,0x00002ba6bb4e0000,0x00002ba6f8260000)
  from space 25792K, 72% used [0x00002ba6f9bb0000,0x00002ba6fae025c0,0x00002ba6fb4e0000)
  to   space 25856K, 0% used [0x00002ba6f8260000,0x00002ba6f8260000,0x00002ba6f9ba0000)
 PSOldGen        total 5242880K, used 2052700K [0x00002ba57b4e0000, 0x00002ba6bb4e0000, 0x00002ba6bb4e0000)
  object space 5242880K, 39% used [0x00002ba57b4e0000,0x00002ba5f8977370,0x00002ba6bb4e0000)
 PSPermGen       total 524288K, used 239141K [0x00002ba55b4e0000, 0x00002ba57b4e0000, 0x00002ba57b4e0000)
  object space 524288K, 45% used [0x00002ba55b4e0000,0x00002ba569e69718,0x00002ba57b4e0000)
}
Total time for which application threads were stopped: 0.0597670 seconds
Application time: 21.5747260 seconds
{Heap before gc invocations=464:
 PSYoungGen      total 1022656K, used 519618K [0x00002ba6bb4e0000, 0x00002ba6fb4e0000, 0x00002ba6fb4e0000)
  eden space 996864K, 50% used [0x00002ba6bb4e0000,0x00002ba6d9dfe5a8,0x00002ba6f8260000)
  from space 25792K, 72% used [0x00002ba6f9bb0000,0x00002ba6fae025c0,0x00002ba6fb4e0000)
  to   space 25856K, 0% used [0x00002ba6f8260000,0x00002ba6f8260000,0x00002ba6f9ba0000)
 PSOldGen        total 5242880K, used 2052700K [0x00002ba57b4e0000, 0x00002ba6bb4e0000, 0x00002ba6bb4e0000)
  object space 5242880K, 39% used [0x00002ba57b4e0000,0x00002ba5f8977370,0x00002ba6bb4e0000)
 PSPermGen       total 524288K, used 239487K [0x00002ba55b4e0000, 0x00002ba57b4e0000, 0x00002ba57b4e0000)
  object space 524288K, 45% used [0x00002ba55b4e0000,0x00002ba569ebfdb8,0x00002ba57b4e0000)
46885.092: [GC [PSYoungGen: 519618K->10014K(1006912K)] 2572319K->2071047K(6249792K), 0.0302510 secs]
Heap after gc invocations=464:
 PSYoungGen      total 1006912K, used 10014K [0x00002ba6bb4e0000, 0x00002ba6fb4e0000, 0x00002ba6fb4e0000)
  eden space 996864K, 0% used [0x00002ba6bb4e0000,0x00002ba6bb4e0000,0x00002ba6f8260000)
  from space 10048K, 99% used [0x00002ba6f8260000,0x00002ba6f8c27b20,0x00002ba6f8c30000)
  to   space 25984K, 0% used [0x00002ba6f9b80000,0x00002ba6f9b80000,0x00002ba6fb4e0000)
 PSOldGen        total 5242880K, used 2061033K [0x00002ba57b4e0000, 0x00002ba6bb4e0000, 0x00002ba6bb4e0000)
  object space 5242880K, 39% used [0x00002ba57b4e0000,0x00002ba5f919a4b0,0x00002ba6bb4e0000)
 PSPermGen       total 524288K, used 239487K [0x00002ba55b4e0000, 0x00002ba57b4e0000, 0x00002ba57b4e0000)
  object space 524288K, 45% used [0x00002ba55b4e0000,0x00002ba569ebfdb8,0x00002ba57b4e0000)
}
{Heap before gc invocations=465:
 PSYoungGen      total 1006912K, used 10014K [0x00002ba6bb4e0000, 0x00002ba6fb4e0000, 0x00002ba6fb4e0000)
  eden space 996864K, 0% used [0x00002ba6bb4e0000,0x00002ba6bb4e0000,0x00002ba6f8260000)
  from space 10048K, 99% used [0x00002ba6f8260000,0x00002ba6f8c27b20,0x00002ba6f8c30000)
  to   space 25984K, 0% used [0x00002ba6f9b80000,0x00002ba6f9b80000,0x00002ba6fb4e0000)
 PSOldGen        total 5242880K, used 2061033K [0x00002ba57b4e0000, 0x00002ba6bb4e0000, 0x00002ba6bb4e0000)
  object space 5242880K, 39% used [0x00002ba57b4e0000,0x00002ba5f919a4b0,0x00002ba6bb4e0000)
 PSPermGen       total 524288K, used 239487K [0x00002ba55b4e0000, 0x00002ba57b4e0000, 0x00002ba57b4e0000)
  object space 524288K, 45% used [0x00002ba55b4e0000,0x00002ba569ebfdb8,0x00002ba57b4e0000)
46885.122: [Full GC [PSYoungGen: 10014K->0K(1006912K)] [PSOldGen: 2061033K->1622338K(5242880K)] 2071047K->1622338K(6249792K) [PSPermGen: 239487K->239487K(524288K)], 6.2789050 secs]
Heap after gc invocations=465:
 PSYoungGen      total 1006912K, used 0K [0x00002ba6bb4e0000, 0x00002ba6fb4e0000, 0x00002ba6fb4e0000)
  eden space 996864K, 0% used [0x00002ba6bb4e0000,0x00002ba6bb4e0000,0x00002ba6f8260000)
  from space 10048K, 0% used [0x00002ba6f8260000,0x00002ba6f8260000,0x00002ba6f8c30000)
  to   space 25984K, 0% used [0x00002ba6f9b80000,0x00002ba6f9b80000,0x00002ba6fb4e0000)
 PSOldGen        total 5242880K, used 1622338K [0x00002ba57b4e0000, 0x00002ba6bb4e0000, 0x00002ba6bb4e0000)
  object space 5242880K, 30% used [0x00002ba57b4e0000,0x00002ba5de530918,0x00002ba6bb4e0000)
 PSPermGen       total 524288K, used 239487K [0x00002ba55b4e0000, 0x00002ba57b4e0000, 0x00002ba57b4e0000)
  object space 524288K, 45% used [0x00002ba55b4e0000,0x00002ba569ebfdb8,0x00002ba57b4e0000)
}
Total time for which application threads were stopped: 6.3108730 seconds
Application time: 44.2215050 seconds
{Heap before gc invocations=466:
 PSYoungGen      total 1006912K, used 996864K [0x00002ba6bb4e0000, 0x00002ba6fb4e0000, 0x00002ba6fb4e0000)
  eden space 996864K, 100% used [0x00002ba6bb4e0000,0x00002ba6f8260000,0x00002ba6f8260000)
  from space 10048K, 0% used [0x00002ba6f8260000,0x00002ba6f8260000,0x00002ba6f8c30000)
  to   space 25984K, 0% used [0x00002ba6f9b80000,0x00002ba6f9b80000,0x00002ba6fb4e0000)
 PSOldGen        total 5242880K, used 1622338K [0x00002ba57b4e0000, 0x00002ba6bb4e0000, 0x00002ba6bb4e0000)
  object space 5242880K, 30% used [0x00002ba57b4e0000,0x00002ba5de530918,0x00002ba6bb4e0000)
 PSPermGen       total 524288K, used 239880K [0x00002ba55b4e0000, 0x00002ba57b4e0000, 0x00002ba57b4e0000)
  object space 524288K, 45% used [0x00002ba55b4e0000,0x00002ba569f222a8,0x00002ba57b4e0000)
46935.624: [GC [PSYoungGen: 996864K->25963K(1010816K)] 2619202K->1656683K(6253696K), 0.1333200 secs]
Heap after gc invocations=466:
 PSYoungGen      total 1010816K, used 25963K [0x00002ba6bb4e0000, 0x00002ba6fb4e0000, 0x00002ba6fb4e0000)
  eden space 984832K, 0% used [0x00002ba6bb4e0000,0x00002ba6bb4e0000,0x00002ba6f76a0000)
  from space 25984K, 99% used [0x00002ba6f9b80000,0x00002ba6fb4dae30,0x00002ba6fb4e0000)
  to   space 31872K, 0% used [0x00002ba6f76a0000,0x00002ba6f76a0000,0x00002ba6f95c0000)
 PSOldGen        total 5242880K, used 1630720K [0x00002ba57b4e0000, 0x00002ba6bb4e0000, 0x00002ba6bb4e0000)
  object space 5242880K, 31% used [0x00002ba57b4e0000,0x00002ba5ded601b0,0x00002ba6bb4e0000)
 PSPermGen       total 524288K, used 239880K [0x00002ba55b4e0000, 0x00002ba57b4e0000, 0x00002ba57b4e0000)
  object space 524288K, 45% used [0x00002ba55b4e0000,0x00002ba569f222a8,0x00002ba57b4e0000)
}
Total time for which application threads were stopped: 0.1349830 seconds
Application time: 54.2279420 seconds
{Heap before gc invocations=467:
 PSYoungGen      total 1010816K, used 1010795K [0x00002ba6bb4e0000, 0x00002ba6fb4e0000, 0x00002ba6fb4e0000)
  eden space 984832K, 100% used [0x00002ba6bb4e0000,0x00002ba6f76a0000,0x00002ba6f76a0000)
  from space 25984K, 99% used [0x00002ba6f9b80000,0x00002ba6fb4dae30,0x00002ba6fb4e0000)
  to   space 31872K, 0% used [0x00002ba6f76a0000,0x00002ba6f76a0000,0x00002ba6f95c0000)
 PSOldGen        total 5242880K, used 1630720K [0x00002ba57b4e0000, 0x00002ba6bb4e0000, 0x00002ba6bb4e0000)
  object space 5242880K, 31% used [0x00002ba57b4e0000,0x00002ba5ded601b0,0x00002ba6bb4e0000)
 PSPermGen       total 524288K, used 240063K [0x00002ba55b4e0000, 0x00002ba57b4e0000, 0x00002ba57b4e0000)
  object space 524288K, 45% used [0x00002ba55b4e0000,0x00002ba569f4fe50,0x00002ba57b4e0000)
46989.987: [GC [PSYoungGen: 1010795K->17676K(1016704K)] 2641515K->1669056K(6259584K), 0.0330480 secs]
Heap after gc invocations=467:
 PSYoungGen      total 1016704K, used 17676K [0x00002ba6bb4e0000, 0x00002ba6fb4e0000, 0x00002ba6fb4e0000)
  eden space 984832K, 0% used [0x00002ba6bb4e0000,0x00002ba6bb4e0000,0x00002ba6f76a0000)
  from space 31872K, 55% used [0x00002ba6f76a0000,0x00002ba6f87e3328,0x00002ba6f95c0000)
  to   space 30464K, 0% used [0x00002ba6f9720000,0x00002ba6f9720000,0x00002ba6fb4e0000)
 PSOldGen        total 5242880K, used 1651379K [0x00002ba57b4e0000, 0x00002ba6bb4e0000, 0x00002ba6bb4e0000)
  object space 5242880K, 31% used [0x00002ba57b4e0000,0x00002ba5e018cce0,0x00002ba6bb4e0000)
 PSPermGen       total 524288K, used 240063K [0x00002ba55b4e0000, 0x00002ba57b4e0000, 0x00002ba57b4e0000)
  object space 524288K, 45% used [0x00002ba55b4e0000,0x00002ba569f4fe50,0x00002ba57b4e0000)
}
Total time for which application threads were stopped: 0.0346680 seconds
Application time: 49.0143650 seconds
{Heap before gc invocations=468:
 PSYoungGen      total 1016704K, used 1002508K [0x00002ba6bb4e0000, 0x00002ba6fb4e0000, 0x00002ba6fb4e0000)
  eden space 984832K, 100% used [0x00002ba6bb4e0000,0x00002ba6f76a0000,0x00002ba6f76a0000)
  from space 31872K, 55% used [0x00002ba6f76a0000,0x00002ba6f87e3328,0x00002ba6f95c0000)
  to   space 30464K, 0% used [0x00002ba6f9720000,0x00002ba6f9720000,0x00002ba6fb4e0000)
 PSOldGen        total 5242880K, used 1651379K [0x00002ba57b4e0000, 0x00002ba6bb4e0000, 0x00002ba6bb4e0000)
  object space 5242880K, 31% used [0x00002ba57b4e0000,0x00002ba5e018cce0,0x00002ba6bb4e0000)
 PSPermGen       total 524288K, used 240437K [0x00002ba55b4e0000, 0x00002ba57b4e0000, 0x00002ba57b4e0000)
  object space 524288K, 45% used [0x00002ba55b4e0000,0x00002ba569fad630,0x00002ba57b4e0000)
47039.036: [GC [PSYoungGen: 1002508K->14178K(1018816K)] 2653888K->1674086K(6261696K), 0.0318930 secs]
Heap after gc invocations=468:
 PSYoungGen      total 1018816K, used 14178K [0x00002ba6bb4e0000, 0x00002ba6fb4e0000, 0x00002ba6fb4e0000)
  eden space 988352K, 0% used [0x00002ba6bb4e0000,0x00002ba6bb4e0000,0x00002ba6f7a10000)
  from space 30464K, 46% used [0x00002ba6f9720000,0x00002ba6fa4f8818,0x00002ba6fb4e0000)
  to   space 29760K, 0% used [0x00002ba6f7a10000,0x00002ba6f7a10000,0x00002ba6f9720000)
 PSOldGen        total 5242880K, used 1659908K [0x00002ba57b4e0000, 0x00002ba6bb4e0000, 0x00002ba6bb4e0000)
  object space 5242880K, 31% used [0x00002ba57b4e0000,0x00002ba5e09e1338,0x00002ba6bb4e0000)
 PSPermGen       total 524288K, used 240437K [0x00002ba55b4e0000, 0x00002ba57b4e0000, 0x00002ba57b4e0000)
  object space 524288K, 45% used [0x00002ba55b4e0000,0x00002ba569fad630,0x00002ba57b4e0000)
}
Total time for which application threads were stopped: 0.0336240 seconds
Application time: 39.6825860 seconds
{Heap before gc invocations=469:
 PSYoungGen      total 1018816K, used 1002530K [0x00002ba6bb4e0000, 0x00002ba6fb4e0000, 0x00002ba6fb4e0000)
  eden space 988352K, 100% used [0x00002ba6bb4e0000,0x00002ba6f7a10000,0x00002ba6f7a10000)
  from space 30464K, 46% used [0x00002ba6f9720000,0x00002ba6fa4f8818,0x00002ba6fb4e0000)
  to   space 29760K, 0% used [0x00002ba6f7a10000,0x00002ba6f7a10000,0x00002ba6f9720000)
 PSOldGen        total 5242880K, used 1659908K [0x00002ba57b4e0000, 0x00002ba6bb4e0000, 0x00002ba6bb4e0000)
  object space 5242880K, 31% used [0x00002ba57b4e0000,0x00002ba5e09e1338,0x00002ba6bb4e0000)
 PSPermGen       total 524288K, used 240624K [0x00002ba55b4e0000, 0x00002ba57b4e0000, 0x00002ba57b4e0000)
  object space 524288K, 45% used [0x00002ba55b4e0000,0x00002ba569fdc008,0x00002ba57b4e0000)
47078.752: [GC [PSYoungGen: 1002530K->16934K(1018112K)] 2662438K->1684768K(6260992K), 0.0420920 secs]
Heap after gc invocations=469:
 PSYoungGen      total 1018112K, used 16934K [0x00002ba6bb4e0000, 0x00002ba6fb4e0000, 0x00002ba6fb4e0000)
  eden space 988352K, 0% used [0x00002ba6bb4e0000,0x00002ba6bb4e0000,0x00002ba6f7a10000)
  from space 29760K, 56% used [0x00002ba6f7a10000,0x00002ba6f8a99858,0x00002ba6f9720000)
  to   space 28544K, 0% used [0x00002ba6f9900000,0x00002ba6f9900000,0x00002ba6fb4e0000)
 PSOldGen        total 5242880K, used 1667834K [0x00002ba57b4e0000, 0x00002ba6bb4e0000, 0x00002ba6bb4e0000)
  object space 5242880K, 31% used [0x00002ba57b4e0000,0x00002ba5e119e800,0x00002ba6bb4e0000)
 PSPermGen       total 524288K, used 240624K [0x00002ba55b4e0000, 0x00002ba57b4e0000, 0x00002ba57b4e0000)
  object space 524288K, 45% used [0x00002ba55b4e0000,0x00002ba569fdc008,0x00002ba57b4e0000)
}
Total time for which application threads were stopped: 0.0438430 seconds
Application time: 64.7777310 seconds
{Heap before gc invocations=470:
 PSYoungGen      total 1018112K, used 1005286K [0x00002ba6bb4e0000, 0x00002ba6fb4e0000, 0x00002ba6fb4e0000)
  eden space 988352K, 100% used [0x00002ba6bb4e0000,0x00002ba6f7a10000,0x00002ba6f7a10000)
  from space 29760K, 56% used [0x00002ba6f7a10000,0x00002ba6f8a99858,0x00002ba6f9720000)
  to   space 28544K, 0% used [0x00002ba6f9900000,0x00002ba6f9900000,0x00002ba6fb4e0000)
 PSOldGen        total 5242880K, used 1667834K [0x00002ba57b4e0000, 0x00002ba6bb4e0000, 0x00002ba6bb4e0000)
  object space 5242880K, 31% used [0x00002ba57b4e0000,0x00002ba5e119e800,0x00002ba6bb4e0000)
 PSPermGen       total 524288K, used 240973K [0x00002ba55b4e0000, 0x00002ba57b4e0000, 0x00002ba57b4e0000)
  object space 524288K, 45% used [0x00002ba55b4e0000,0x00002ba56a033570,0x00002ba57b4e0000)
47143.574: [GC [PSYoungGen: 1005286K->17211K(1021120K)] 2673120K->1692401K(6264000K), 0.0273850 secs]
Heap after gc invocations=470:
 PSYoungGen      total 1021120K, used 17211K [0x00002ba6bb4e0000, 0x00002ba6fb4e0000, 0x00002ba6fb4e0000)
  eden space 992576K, 0% used [0x00002ba6bb4e0000,0x00002ba6bb4e0000,0x00002ba6f7e30000)
  from space 28544K, 60% used [0x00002ba6f9900000,0x00002ba6fa9cee18,0x00002ba6fb4e0000)
  to   space 27456K, 0% used [0x00002ba6f7e30000,0x00002ba6f7e30000,0x00002ba6f9900000)
 PSOldGen        total 5242880K, used 1675190K [0x00002ba57b4e0000, 0x00002ba6bb4e0000, 0x00002ba6bb4e0000)
  object space 5242880K, 31% used [0x00002ba57b4e0000,0x00002ba5e18cd9d8,0x00002ba6bb4e0000)
 PSPermGen       total 524288K, used 240973K [0x00002ba55b4e0000, 0x00002ba57b4e0000, 0x00002ba57b4e0000)
  object space 524288K, 45% used [0x00002ba55b4e0000,0x00002ba56a033570,0x00002ba57b4e0000)
}
Total time for which application threads were stopped: 0.0291900 seconds
Application time: 52.9348730 seconds
{Heap before gc invocations=471:
 PSYoungGen      total 1021120K, used 1009787K [0x00002ba6bb4e0000, 0x00002ba6fb4e0000, 0x00002ba6fb4e0000)
  eden space 992576K, 100% used [0x00002ba6bb4e0000,0x00002ba6f7e30000,0x00002ba6f7e30000)
  from space 28544K, 60% used [0x00002ba6f9900000,0x00002ba6fa9cee18,0x00002ba6fb4e0000)
  to   space 27456K, 0% used [0x00002ba6f7e30000,0x00002ba6f7e30000,0x00002ba6f9900000)
 PSOldGen        total 5242880K, used 1675190K [0x00002ba57b4e0000, 0x00002ba6bb4e0000, 0x00002ba6bb4e0000)
  object space 5242880K, 31% used [0x00002ba57b4e0000,0x00002ba5e18cd9d8,0x00002ba6bb4e0000)
 PSPermGen       total 524288K, used 241161K [0x00002ba55b4e0000, 0x00002ba57b4e0000, 0x00002ba57b4e0000)
  object space 524288K, 45% used [0x00002ba55b4e0000,0x00002ba56a0624a0,0x00002ba57b4e0000)
47196.538: [GC [PSYoungGen: 1009787K->27360K(1019968K)] 2684977K->1711520K(6262848K), 0.0744910 secs]
Heap after gc invocations=471:
 PSYoungGen      total 1019968K, used 27360K [0x00002ba6bb4e0000, 0x00002ba6fb4e0000, 0x00002ba6fb4e0000)
  eden space 992576K, 0% used [0x00002ba6bb4e0000,0x00002ba6bb4e0000,0x00002ba6f7e30000)
  from space 27392K, 99% used [0x00002ba6f7e30000,0x00002ba6f98e8280,0x00002ba6f98f0000)
  to   space 28608K, 0% used [0x00002ba6f98f0000,0x00002ba6f98f0000,0x00002ba6fb4e0000)
 PSOldGen        total 5242880K, used 1684160K [0x00002ba57b4e0000, 0x00002ba6bb4e0000, 0x00002ba6bb4e0000)
  object space 5242880K, 32% used [0x00002ba57b4e0000,0x00002ba5e2190108,0x00002ba6bb4e0000)
 PSPermGen       total 524288K, used 241161K [0x00002ba55b4e0000, 0x00002ba57b4e0000, 0x00002ba57b4e0000)
  object space 524288K, 45% used [0x00002ba55b4e0000,0x00002ba56a0624a0,0x00002ba57b4e0000)
}
Total time for which application threads were stopped: 0.0761500 seconds
Application time: 85.5169190 seconds
{Heap before gc invocations=472:
 PSYoungGen      total 1019968K, used 1019936K [0x00002ba6bb4e0000, 0x00002ba6fb4e0000, 0x00002ba6fb4e0000)
  eden space 992576K, 100% used [0x00002ba6bb4e0000,0x00002ba6f7e30000,0x00002ba6f7e30000)
  from space 27392K, 99% used [0x00002ba6f7e30000,0x00002ba6f98e8280,0x00002ba6f98f0000)
  to   space 28608K, 0% used [0x00002ba6f98f0000,0x00002ba6f98f0000,0x00002ba6fb4e0000)
 PSOldGen        total 5242880K, used 1684160K [0x00002ba57b4e0000, 0x00002ba6bb4e0000, 0x00002ba6bb4e0000)
  object space 5242880K, 32% used [0x00002ba57b4e0000,0x00002ba5e2190108,0x00002ba6bb4e0000)
 PSPermGen       total 524288K, used 241351K [0x00002ba55b4e0000, 0x00002ba57b4e0000, 0x00002ba57b4e0000)
  object space 524288K, 46% used [0x00002ba55b4e0000,0x00002ba56a091ed0,0x00002ba57b4e0000)
47282.131: [GC [PSYoungGen: 1019936K->18784K(1018816K)] 2704096K->1714588K(6261696K), 0.0538000 secs]
Heap after gc invocations=472:
 PSYoungGen      total 1018816K, used 18784K [0x00002ba6bb4e0000, 0x00002ba6fb4e0000, 0x00002ba6fb4e0000)
  eden space 990208K, 0% used [0x00002ba6bb4e0000,0x00002ba6bb4e0000,0x00002ba6f7be0000)
  from space 28608K, 65% used [0x00002ba6f98f0000,0x00002ba6fab48380,0x00002ba6fb4e0000)
  to   space 29184K, 0% used [0x00002ba6f7be0000,0x00002ba6f7be0000,0x00002ba6f9860000)
 PSOldGen        total 5242880K, used 1695803K [0x00002ba57b4e0000, 0x00002ba6bb4e0000, 0x00002ba6bb4e0000)
  object space 5242880K, 32% used [0x00002ba57b4e0000,0x00002ba5e2ceefe8,0x00002ba6bb4e0000)
 PSPermGen       total 524288K, used 241351K [0x00002ba55b4e0000, 0x00002ba57b4e0000, 0x00002ba57b4e0000)
  object space 524288K, 46% used [0x00002ba55b4e0000,0x00002ba56a091ed0,0x00002ba57b4e0000)
}
Total time for which application threads were stopped: 0.0554500 seconds
Application time: 59.2700560 seconds
{Heap before gc invocations=473:
 PSYoungGen      total 1018816K, used 1008992K [0x00002ba6bb4e0000, 0x00002ba6fb4e0000, 0x00002ba6fb4e0000)
  eden space 990208K, 100% used [0x00002ba6bb4e0000,0x00002ba6f7be0000,0x00002ba6f7be0000)
  from space 28608K, 65% used [0x00002ba6f98f0000,0x00002ba6fab48380,0x00002ba6fb4e0000)
  to   space 29184K, 0% used [0x00002ba6f7be0000,0x00002ba6f7be0000,0x00002ba6f9860000)
 PSOldGen        total 5242880K, used 1695803K [0x00002ba57b4e0000, 0x00002ba6bb4e0000, 0x00002ba6bb4e0000)
  object space 5242880K, 32% used [0x00002ba57b4e0000,0x00002ba5e2ceefe8,0x00002ba6bb4e0000)
 PSPermGen       total 524288K, used 241709K [0x00002ba55b4e0000, 0x00002ba57b4e0000, 0x00002ba57b4e0000)
  object space 524288K, 46% used [0x00002ba55b4e0000,0x00002ba56a0eb680,0x00002ba57b4e0000)
47341.457: [GC [PSYoungGen: 1008992K->14210K(1019392K)] 2704796K->1720396K(6262272K), 0.0253320 secs]
Heap after gc invocations=473:
 PSYoungGen      total 1019392K, used 14210K [0x00002ba6bb4e0000, 0x00002ba6fb4e0000, 0x00002ba6fb4e0000)
  eden space 990208K, 0% used [0x00002ba6bb4e0000,0x00002ba6bb4e0000,0x00002ba6f7be0000)
  from space 29184K, 48% used [0x00002ba6f7be0000,0x00002ba6f89c09e8,0x00002ba6f9860000)
  to   space 28800K, 0% used [0x00002ba6f98c0000,0x00002ba6f98c0000,0x00002ba6fb4e0000)
 PSOldGen        total 5242880K, used 1706185K [0x00002ba57b4e0000, 0x00002ba6bb4e0000, 0x00002ba6bb4e0000)
  object space 5242880K, 32% used [0x00002ba57b4e0000,0x00002ba5e3712750,0x00002ba6bb4e0000)
 PSPermGen       total 524288K, used 241709K [0x00002ba55b4e0000, 0x00002ba57b4e0000, 0x00002ba57b4e0000)
  object space 524288K, 46% used [0x00002ba55b4e0000,0x00002ba56a0eb680,0x00002ba57b4e0000)
}
Total time for which application threads were stopped: 0.0270060 seconds
Application time: 8.6869730 seconds
{Heap before gc invocations=474:
 PSYoungGen      total 1019392K, used 1004418K [0x00002ba6bb4e0000, 0x00002ba6fb4e0000, 0x00002ba6fb4e0000)
  eden space 990208K, 100% used [0x00002ba6bb4e0000,0x00002ba6f7be0000,0x00002ba6f7be0000)
  from space 29184K, 48% used [0x00002ba6f7be0000,0x00002ba6f89c09e8,0x00002ba6f9860000)
  to   space 28800K, 0% used [0x00002ba6f98c0000,0x00002ba6f98c0000,0x00002ba6fb4e0000)
 PSOldGen        total 5242880K, used 1706185K [0x00002ba57b4e0000, 0x00002ba6bb4e0000, 0x00002ba6bb4e0000)
  object space 5242880K, 32% used [0x00002ba57b4e0000,0x00002ba5e3712750,0x00002ba6bb4e0000)
 PSPermGen       total 524288K, used 241730K [0x00002ba55b4e0000, 0x00002ba57b4e0000, 0x00002ba57b4e0000)
  object space 524288K, 46% used [0x00002ba55b4e0000,0x00002ba56a0f0888,0x00002ba57b4e0000)
47366.205: [GC [PSYoungGen: 1004418K->18470K(1020608K)] 2710604K->1736063K(6263488K), 0.0345490 secs]
Heap after gc invocations=474:
 PSYoungGen      total 1020608K, used 18470K [0x00002ba6bb4e0000, 0x00002ba6fb4e0000, 0x00002ba6fb4e0000)
  eden space 991808K, 0% used [0x00002ba6bb4e0000,0x00002ba6bb4e0000,0x00002ba6f7d70000)
  from space 28800K, 64% used [0x00002ba6f98c0000,0x00002ba6faac9818,0x00002ba6fb4e0000)
  to   space 27968K, 0% used [0x00002ba6f7d70000,0x00002ba6f7d70000,0x00002ba6f98c0000)
 PSOldGen        total 5242880K, used 1717593K [0x00002ba57b4e0000, 0x00002ba6bb4e0000, 0x00002ba6bb4e0000)
  object space 5242880K, 32% used [0x00002ba57b4e0000,0x00002ba5e4236770,0x00002ba6bb4e0000)
 PSPermGen       total 524288K, used 241730K [0x00002ba55b4e0000, 0x00002ba57b4e0000, 0x00002ba57b4e0000)
  object space 524288K, 46% used [0x00002ba55b4e0000,0x00002ba56a0f0888,0x00002ba57b4e0000)
}
Total time for which application threads were stopped: 0.0363880 seconds
Application time: 30.1445870 seconds
{Heap before gc invocations=475:
 PSYoungGen      total 1020608K, used 1010278K [0x00002ba6bb4e0000, 0x00002ba6fb4e0000, 0x00002ba6fb4e0000)
  eden space 991808K, 100% used [0x00002ba6bb4e0000,0x00002ba6f7d70000,0x00002ba6f7d70000)
  from space 28800K, 64% used [0x00002ba6f98c0000,0x00002ba6faac9818,0x00002ba6fb4e0000)
  to   space 27968K, 0% used [0x00002ba6f7d70000,0x00002ba6f7d70000,0x00002ba6f98c0000)
 PSOldGen        total 5242880K, used 1717593K [0x00002ba57b4e0000, 0x00002ba6bb4e0000, 0x00002ba6bb4e0000)
  object space 5242880K, 32% used [0x00002ba57b4e0000,0x00002ba5e4236770,0x00002ba6bb4e0000)
 PSPermGen       total 524288K, used 241730K [0x00002ba55b4e0000, 0x00002ba57b4e0000, 0x00002ba57b4e0000)
  object space 524288K, 46% used [0x00002ba55b4e0000,0x00002ba56a0f09e0,0x00002ba57b4e0000)
47396.385: [GC [PSYoungGen: 1010278K->9777K(1019776K)] 2727871K->1740816K(6262656K), 0.0401510 secs]
Heap after gc invocations=475:
 PSYoungGen      total 1019776K, used 9777K [0x00002ba6bb4e0000, 0x00002ba6fb4e0000, 0x00002ba6fb4e0000)
  eden space 991808K, 0% used [0x00002ba6bb4e0000,0x00002ba6bb4e0000,0x00002ba6f7d70000)
  from space 27968K, 34% used [0x00002ba6f7d70000,0x00002ba6f86fc760,0x00002ba6f98c0000)
  to   space 28352K, 0% used [0x00002ba6f9930000,0x00002ba6f9930000,0x00002ba6fb4e0000)
 PSOldGen        total 5242880K, used 1731038K [0x00002ba57b4e0000, 0x00002ba6bb4e0000, 0x00002ba6bb4e0000)
  object space 5242880K, 33% used [0x00002ba57b4e0000,0x00002ba5e4f57b10,0x00002ba6bb4e0000)
 PSPermGen       total 524288K, used 241730K [0x00002ba55b4e0000, 0x00002ba57b4e0000, 0x00002ba57b4e0000)
  object space 524288K, 46% used [0x00002ba55b4e0000,0x00002ba56a0f09e0,0x00002ba57b4e0000)
}
Total time for which application threads were stopped: 0.0416870 seconds
Application time: 28.3533860 seconds
{Heap before gc invocations=476:
 PSYoungGen      total 1019776K, used 1001585K [0x00002ba6bb4e0000, 0x00002ba6fb4e0000, 0x00002ba6fb4e0000)
  eden space 991808K, 100% used [0x00002ba6bb4e0000,0x00002ba6f7d70000,0x00002ba6f7d70000)
  from space 27968K, 34% used [0x00002ba6f7d70000,0x00002ba6f86fc760,0x00002ba6f98c0000)
  to   space 28352K, 0% used [0x00002ba6f9930000,0x00002ba6f9930000,0x00002ba6fb4e0000)
 PSOldGen        total 5242880K, used 1731038K [0x00002ba57b4e0000, 0x00002ba6bb4e0000, 0x00002ba6bb4e0000)
  object space 5242880K, 33% used [0x00002ba57b4e0000,0x00002ba5e4f57b10,0x00002ba6bb4e0000)
 PSPermGen       total 524288K, used 242430K [0x00002ba55b4e0000, 0x00002ba57b4e0000, 0x00002ba57b4e0000)
  object space 524288K, 46% used [0x00002ba55b4e0000,0x00002ba56a19f888,0x00002ba57b4e0000)
47424.780: [GC [PSYoungGen: 1001585K->10040K(1020096K)] 2732624K->1743990K(6262976K), 0.0238420 secs]
Heap after gc invocations=476:
 PSYoungGen      total 1020096K, used 10040K [0x00002ba6bb4e0000, 0x00002ba6fb4e0000, 0x00002ba6fb4e0000)
  eden space 991744K, 0% used [0x00002ba6bb4e0000,0x00002ba6bb4e0000,0x00002ba6f7d60000)
  from space 28352K, 35% used [0x00002ba6f9930000,0x00002ba6fa2fe320,0x00002ba6fb4e0000)
  to   space 28416K, 0% used [0x00002ba6f7d60000,0x00002ba6f7d60000,0x00002ba6f9920000)
 PSOldGen        total 5242880K, used 1733949K [0x00002ba57b4e0000, 0x00002ba6bb4e0000, 0x00002ba6bb4e0000)
  object space 5242880K, 33% used [0x00002ba57b4e0000,0x00002ba5e522f600,0x00002ba6bb4e0000)
 PSPermGen       total 524288K, used 242430K [0x00002ba55b4e0000, 0x00002ba57b4e0000, 0x00002ba57b4e0000)
  object space 524288K, 46% used [0x00002ba55b4e0000,0x00002ba56a19f888,0x00002ba57b4e0000)
}
Total time for which application threads were stopped: 0.0253960 seconds
Application time: 41.9311860 seconds
{Heap before gc invocations=477:
 PSYoungGen      total 1020096K, used 1001784K [0x00002ba6bb4e0000, 0x00002ba6fb4e0000, 0x00002ba6fb4e0000)
  eden space 991744K, 100% used [0x00002ba6bb4e0000,0x00002ba6f7d60000,0x00002ba6f7d60000)
  from space 28352K, 35% used [0x00002ba6f9930000,0x00002ba6fa2fe320,0x00002ba6fb4e0000)
  to   space 28416K, 0% used [0x00002ba6f7d60000,0x00002ba6f7d60000,0x00002ba6f9920000)
 PSOldGen        total 5242880K, used 1733949K [0x00002ba57b4e0000, 0x00002ba6bb4e0000, 0x00002ba6bb4e0000)
  object space 5242880K, 33% used [0x00002ba57b4e0000,0x00002ba5e522f600,0x00002ba6bb4e0000)
 PSPermGen       total 524288K, used 244507K [0x00002ba55b4e0000, 0x00002ba57b4e0000, 0x00002ba57b4e0000)
  object space 524288K, 46% used [0x00002ba55b4e0000,0x00002ba56a3a6cc8,0x00002ba57b4e0000)
47466.737: [GC [PSYoungGen: 1001784K->18364K(1020160K)] 2735734K->1757343K(6263040K), 0.0330620 secs]
Heap after gc invocations=477:
 PSYoungGen      total 1020160K, used 18364K [0x00002ba6bb4e0000, 0x00002ba6fb4e0000, 0x00002ba6fb4e0000)
  eden space 991744K, 0% used [0x00002ba6bb4e0000,0x00002ba6bb4e0000,0x00002ba6f7d60000)
  from space 28416K, 64% used [0x00002ba6f7d60000,0x00002ba6f8f4f1c0,0x00002ba6f9920000)
  to   space 27904K, 0% used [0x00002ba6f99a0000,0x00002ba6f99a0000,0x00002ba6fb4e0000)
 PSOldGen        total 5242880K, used 1738978K [0x00002ba57b4e0000, 0x00002ba6bb4e0000, 0x00002ba6bb4e0000)
  object space 5242880K, 33% used [0x00002ba57b4e0000,0x00002ba5e5718b50,0x00002ba6bb4e0000)
 PSPermGen       total 524288K, used 244507K [0x00002ba55b4e0000, 0x00002ba57b4e0000, 0x00002ba57b4e0000)
  object space 524288K, 46% used [0x00002ba55b4e0000,0x00002ba56a3a6cc8,0x00002ba57b4e0000)
}
Total time for which application threads were stopped: 0.0347380 seconds
Application time: 66.5846060 seconds
{Heap before gc invocations=478:
 PSYoungGen      total 1020160K, used 1010108K [0x00002ba6bb4e0000, 0x00002ba6fb4e0000, 0x00002ba6fb4e0000)
  eden space 991744K, 100% used [0x00002ba6bb4e0000,0x00002ba6f7d60000,0x00002ba6f7d60000)
  from space 28416K, 64% used [0x00002ba6f7d60000,0x00002ba6f8f4f1c0,0x00002ba6f9920000)
  to   space 27904K, 0% used [0x00002ba6f99a0000,0x00002ba6f99a0000,0x00002ba6fb4e0000)
 PSOldGen        total 5242880K, used 1738978K [0x00002ba57b4e0000, 0x00002ba6bb4e0000, 0x00002ba6bb4e0000)
  object space 5242880K, 33% used [0x00002ba57b4e0000,0x00002ba5e5718b50,0x00002ba6bb4e0000)
 PSPermGen       total 524288K, used 245725K [0x00002ba55b4e0000, 0x00002ba57b4e0000, 0x00002ba57b4e0000)
  object space 524288K, 46% used [0x00002ba55b4e0000,0x00002ba56a4d7440,0x00002ba57b4e0000)
47533.356: [GC [PSYoungGen: 1010108K->16161K(1021696K)] 2749087K->1763298K(6264576K), 0.0457830 secs]
Heap after gc invocations=478:
 PSYoungGen      total 1021696K, used 16161K [0x00002ba6bb4e0000, 0x00002ba6fb4e0000, 0x00002ba6fb4e0000)
  eden space 993792K, 0% used [0x00002ba6bb4e0000,0x00002ba6bb4e0000,0x00002ba6f7f60000)
  from space 27904K, 57% used [0x00002ba6f99a0000,0x00002ba6fa9687c0,0x00002ba6fb4e0000)
  to   space 26880K, 0% used [0x00002ba6f7f60000,0x00002ba6f7f60000,0x00002ba6f99a0000)
 PSOldGen        total 5242880K, used 1747136K [0x00002ba57b4e0000, 0x00002ba6bb4e0000, 0x00002ba6bb4e0000)
  object space 5242880K, 33% used [0x00002ba57b4e0000,0x00002ba5e5f10340,0x00002ba6bb4e0000)
 PSPermGen       total 524288K, used 245725K [0x00002ba55b4e0000, 0x00002ba57b4e0000, 0x00002ba57b4e0000)
  object space 524288K, 46% used [0x00002ba55b4e0000,0x00002ba56a4d7440,0x00002ba57b4e0000)
}
Total time for which application threads were stopped: 0.0473920 seconds
Application time: 40.1517120 seconds
{Heap before gc invocations=479:
 PSYoungGen      total 1021696K, used 1009953K [0x00002ba6bb4e0000, 0x00002ba6fb4e0000, 0x00002ba6fb4e0000)
  eden space 993792K, 100% used [0x00002ba6bb4e0000,0x00002ba6f7f60000,0x00002ba6f7f60000)
  from space 27904K, 57% used [0x00002ba6f99a0000,0x00002ba6fa9687c0,0x00002ba6fb4e0000)
  to   space 26880K, 0% used [0x00002ba6f7f60000,0x00002ba6f7f60000,0x00002ba6f99a0000)
 PSOldGen        total 5242880K, used 1747136K [0x00002ba57b4e0000, 0x00002ba6bb4e0000, 0x00002ba6bb4e0000)
  object space 5242880K, 33% used [0x00002ba57b4e0000,0x00002ba5e5f10340,0x00002ba6bb4e0000)
 PSPermGen       total 524288K, used 245903K [0x00002ba55b4e0000, 0x00002ba57b4e0000, 0x00002ba57b4e0000)
  object space 524288K, 46% used [0x00002ba55b4e0000,0x00002ba56a503d18,0x00002ba57b4e0000)
47573.556: [GC [PSYoungGen: 1009953K->12247K(1020672K)] 2757090K->1766945K(6263552K), 0.0291140 secs]
Heap after gc invocations=479:
 PSYoungGen      total 1020672K, used 12247K [0x00002ba6bb4e0000, 0x00002ba6fb4e0000, 0x00002ba6fb4e0000)
  eden space 993792K, 0% used [0x00002ba6bb4e0000,0x00002ba6bb4e0000,0x00002ba6f7f60000)
  from space 26880K, 45% used [0x00002ba6f7f60000,0x00002ba6f8b55d50,0x00002ba6f99a0000)
  to   space 26560K, 0% used [0x00002ba6f9af0000,0x00002ba6f9af0000,0x00002ba6fb4e0000)
 PSOldGen        total 5242880K, used 1754697K [0x00002ba57b4e0000, 0x00002ba6bb4e0000, 0x00002ba6bb4e0000)
  object space 5242880K, 33% used [0x00002ba57b4e0000,0x00002ba5e66727e0,0x00002ba6bb4e0000)
 PSPermGen       total 524288K, used 245903K [0x00002ba55b4e0000, 0x00002ba57b4e0000, 0x00002ba57b4e0000)
  object space 524288K, 46% used [0x00002ba55b4e0000,0x00002ba56a503d18,0x00002ba57b4e0000)
}
Total time for which application threads were stopped: 0.0308250 seconds
Application time: 29.8720430 seconds
{Heap before gc invocations=480:
 PSYoungGen      total 1020672K, used 1006039K [0x00002ba6bb4e0000, 0x00002ba6fb4e0000, 0x00002ba6fb4e0000)
  eden space 993792K, 100% used [0x00002ba6bb4e0000,0x00002ba6f7f60000,0x00002ba6f7f60000)
  from space 26880K, 45% used [0x00002ba6f7f60000,0x00002ba6f8b55d50,0x00002ba6f99a0000)
  to   space 26560K, 0% used [0x00002ba6f9af0000,0x00002ba6f9af0000,0x00002ba6fb4e0000)
 PSOldGen        total 5242880K, used 1754697K [0x00002ba57b4e0000, 0x00002ba6bb4e0000, 0x00002ba6bb4e0000)
  object space 5242880K, 33% used [0x00002ba57b4e0000,0x00002ba5e66727e0,0x00002ba6bb4e0000)
 PSPermGen       total 524288K, used 246088K [0x00002ba55b4e0000, 0x00002ba57b4e0000, 0x00002ba57b4e0000)
  object space 524288K, 46% used [0x00002ba55b4e0000,0x00002ba56a5322d0,0x00002ba57b4e0000)
47603.459: [GC [PSYoungGen: 1006039K->14733K(1022784K)] 2760737K->1777808K(6265664K), 0.0455620 secs]
Heap after gc invocations=480:
 PSYoungGen      total 1022784K, used 14733K [0x00002ba6bb4e0000, 0x00002ba6fb4e0000, 0x00002ba6fb4e0000)
  eden space 996224K, 0% used [0x00002ba6bb4e0000,0x00002ba6bb4e0000,0x00002ba6f81c0000)
  from space 26560K, 55% used [0x00002ba6f9af0000,0x00002ba6fa953628,0x00002ba6fb4e0000)
  to   space 25792K, 0% used [0x00002ba6f81c0000,0x00002ba6f81c0000,0x00002ba6f9af0000)
 PSOldGen        total 5242880K, used 1763074K [0x00002ba57b4e0000, 0x00002ba6bb4e0000, 0x00002ba6bb4e0000)
  object space 5242880K, 33% used [0x00002ba57b4e0000,0x00002ba5e6ea0af0,0x00002ba6bb4e0000)
 PSPermGen       total 524288K, used 246088K [0x00002ba55b4e0000, 0x00002ba57b4e0000, 0x00002ba57b4e0000)
  object space 524288K, 46% used [0x00002ba55b4e0000,0x00002ba56a5322d0,0x00002ba57b4e0000)
}
Total time for which application threads were stopped: 0.0472560 seconds
Application time: 15.6315630 seconds
{Heap before gc invocations=481:
 PSYoungGen      total 1022784K, used 1010957K [0x00002ba6bb4e0000, 0x00002ba6fb4e0000, 0x00002ba6fb4e0000)
  eden space 996224K, 100% used [0x00002ba6bb4e0000,0x00002ba6f81c0000,0x00002ba6f81c0000)
  from space 26560K, 55% used [0x00002ba6f9af0000,0x00002ba6fa953628,0x00002ba6fb4e0000)
  to   space 25792K, 0% used [0x00002ba6f81c0000,0x00002ba6f81c0000,0x00002ba6f9af0000)
 PSOldGen        total 5242880K, used 1763074K [0x00002ba57b4e0000, 0x00002ba6bb4e0000, 0x00002ba6bb4e0000)
  object space 5242880K, 33% used [0x00002ba57b4e0000,0x00002ba5e6ea0af0,0x00002ba6bb4e0000)
 PSPermGen       total 524288K, used 246140K [0x00002ba55b4e0000, 0x00002ba57b4e0000, 0x00002ba57b4e0000)
  object space 524288K, 46% used [0x00002ba55b4e0000,0x00002ba56a53f1a0,0x00002ba57b4e0000)
47619.137: [GC [PSYoungGen: 1010957K->9676K(1022016K)] 2774032K->1780654K(6264896K), 0.0363700 secs]
Heap after gc invocations=481:
 PSYoungGen      total 1022016K, used 9676K [0x00002ba6bb4e0000, 0x00002ba6fb4e0000, 0x00002ba6fb4e0000)
  eden space 996224K, 0% used [0x00002ba6bb4e0000,0x00002ba6bb4e0000,0x00002ba6f81c0000)
  from space 25792K, 37% used [0x00002ba6f81c0000,0x00002ba6f8b33108,0x00002ba6f9af0000)
  to   space 25856K, 0% used [0x00002ba6f9ba0000,0x00002ba6f9ba0000,0x00002ba6fb4e0000)
 PSOldGen        total 5242880K, used 1770978K [0x00002ba57b4e0000, 0x00002ba6bb4e0000, 0x00002ba6bb4e0000)
  object space 5242880K, 33% used [0x00002ba57b4e0000,0x00002ba5e7658948,0x00002ba6bb4e0000)
 PSPermGen       total 524288K, used 246140K [0x00002ba55b4e0000, 0x00002ba57b4e0000, 0x00002ba57b4e0000)
  object space 524288K, 46% used [0x00002ba55b4e0000,0x00002ba56a53f1a0,0x00002ba57b4e0000)
}
Total time for which application threads were stopped: 0.0380580 seconds
Application time: 82.9995600 seconds
{Heap before gc invocations=482:
 PSYoungGen      total 1022016K, used 1005900K [0x00002ba6bb4e0000, 0x00002ba6fb4e0000, 0x00002ba6fb4e0000)
  eden space 996224K, 100% used [0x00002ba6bb4e0000,0x00002ba6f81c0000,0x00002ba6f81c0000)
  from space 25792K, 37% used [0x00002ba6f81c0000,0x00002ba6f8b33108,0x00002ba6f9af0000)
  to   space 25856K, 0% used [0x00002ba6f9ba0000,0x00002ba6f9ba0000,0x00002ba6fb4e0000)
 PSOldGen        total 5242880K, used 1770978K [0x00002ba57b4e0000, 0x00002ba6bb4e0000, 0x00002ba6bb4e0000)
  object space 5242880K, 33% used [0x00002ba57b4e0000,0x00002ba5e7658948,0x00002ba6bb4e0000)
 PSPermGen       total 524288K, used 247017K [0x00002ba55b4e0000, 0x00002ba57b4e0000, 0x00002ba57b4e0000)
  object space 524288K, 47% used [0x00002ba55b4e0000,0x00002ba56a61a688,0x00002ba57b4e0000)
47702.175: [GC [PSYoungGen: 1005900K->11113K(1023040K)] 2776878K->1785890K(6265920K), 0.0254280 secs]
Heap after gc invocations=482:
 PSYoungGen      total 1023040K, used 11113K [0x00002ba6bb4e0000, 0x00002ba6fb4e0000, 0x00002ba6fb4e0000)
  eden space 997184K, 0% used [0x00002ba6bb4e0000,0x00002ba6bb4e0000,0x00002ba6f82b0000)
  from space 25856K, 42% used [0x00002ba6f9ba0000,0x00002ba6fa67a658,0x00002ba6fb4e0000)
  to   space 25536K, 0% used [0x00002ba6f82b0000,0x00002ba6f82b0000,0x00002ba6f9ba0000)
 PSOldGen        total 5242880K, used 1774776K [0x00002ba57b4e0000, 0x00002ba6bb4e0000, 0x00002ba6bb4e0000)
  object space 5242880K, 33% used [0x00002ba57b4e0000,0x00002ba5e7a0e2c0,0x00002ba6bb4e0000)
 PSPermGen       total 524288K, used 247017K [0x00002ba55b4e0000, 0x00002ba57b4e0000, 0x00002ba57b4e0000)
  object space 524288K, 47% used [0x00002ba55b4e0000,0x00002ba56a61a688,0x00002ba57b4e0000)
}
Total time for which application threads were stopped: 0.0270250 seconds
Application time: 50.4432970 seconds
{Heap before gc invocations=483:
 PSYoungGen      total 1023040K, used 1008297K [0x00002ba6bb4e0000, 0x00002ba6fb4e0000, 0x00002ba6fb4e0000)
  eden space 997184K, 100% used [0x00002ba6bb4e0000,0x00002ba6f82b0000,0x00002ba6f82b0000)
  from space 25856K, 42% used [0x00002ba6f9ba0000,0x00002ba6fa67a658,0x00002ba6fb4e0000)
  to   space 25536K, 0% used [0x00002ba6f82b0000,0x00002ba6f82b0000,0x00002ba6f9ba0000)
 PSOldGen        total 5242880K, used 1774776K [0x00002ba57b4e0000, 0x00002ba6bb4e0000, 0x00002ba6bb4e0000)
  object space 5242880K, 33% used [0x00002ba57b4e0000,0x00002ba5e7a0e2c0,0x00002ba6bb4e0000)
 PSPermGen       total 524288K, used 250329K [0x00002ba55b4e0000, 0x00002ba57b4e0000, 0x00002ba57b4e0000)
  object space 524288K, 47% used [0x00002ba55b4e0000,0x00002ba56a956570,0x00002ba57b4e0000)
47752.645: [GC [PSYoungGen: 1008297K->10120K(1022720K)] 2783074K->1791124K(6265600K), 0.0300230 secs]
Heap after gc invocations=483:
 PSYoungGen      total 1022720K, used 10120K [0x00002ba6bb4e0000, 0x00002ba6fb4e0000, 0x00002ba6fb4e0000)
  eden space 997184K, 0% used [0x00002ba6bb4e0000,0x00002ba6bb4e0000,0x00002ba6f82b0000)
  from space 25536K, 39% used [0x00002ba6f82b0000,0x00002ba6f8c92040,0x00002ba6f9ba0000)
  to   space 25280K, 0% used [0x00002ba6f9c30000,0x00002ba6f9c30000,0x00002ba6fb4e0000)
 PSOldGen        total 5242880K, used 1781004K [0x00002ba57b4e0000, 0x00002ba6bb4e0000, 0x00002ba6bb4e0000)
  object space 5242880K, 33% used [0x00002ba57b4e0000,0x00002ba5e8023050,0x00002ba6bb4e0000)
 PSPermGen       total 524288K, used 250329K [0x00002ba55b4e0000, 0x00002ba57b4e0000, 0x00002ba57b4e0000)
  object space 524288K, 47% used [0x00002ba55b4e0000,0x00002ba56a956570,0x00002ba57b4e0000)
}
Total time for which application threads were stopped: 0.0316340 seconds
Application time: 47.8303380 seconds
{Heap before gc invocations=484:
 PSYoungGen      total 1022720K, used 1007304K [0x00002ba6bb4e0000, 0x00002ba6fb4e0000, 0x00002ba6fb4e0000)
  eden space 997184K, 100% used [0x00002ba6bb4e0000,0x00002ba6f82b0000,0x00002ba6f82b0000)
  from space 25536K, 39% used [0x00002ba6f82b0000,0x00002ba6f8c92040,0x00002ba6f9ba0000)
  to   space 25280K, 0% used [0x00002ba6f9c30000,0x00002ba6f9c30000,0x00002ba6fb4e0000)
 PSOldGen        total 5242880K, used 1781004K [0x00002ba57b4e0000, 0x00002ba6bb4e0000, 0x00002ba6bb4e0000)
  object space 5242880K, 33% used [0x00002ba57b4e0000,0x00002ba5e8023050,0x00002ba6bb4e0000)
 PSPermGen       total 524288K, used 250351K [0x00002ba55b4e0000, 0x00002ba57b4e0000, 0x00002ba57b4e0000)
  object space 524288K, 47% used [0x00002ba55b4e0000,0x00002ba56a95bfd8,0x00002ba57b4e0000)
47800.507: [GC [PSYoungGen: 1007304K->14079K(1024320K)] 2788308K->1801146K(6267200K), 0.0278760 secs]
Heap after gc invocations=484:
 PSYoungGen      total 1024320K, used 14079K [0x00002ba6bb4e0000, 0x00002ba6fb4e0000, 0x00002ba6fb4e0000)
  eden space 999040K, 0% used [0x00002ba6bb4e0000,0x00002ba6bb4e0000,0x00002ba6f8480000)
  from space 25280K, 55% used [0x00002ba6f9c30000,0x00002ba6fa9efd48,0x00002ba6fb4e0000)
  to   space 24256K, 0% used [0x00002ba6f8480000,0x00002ba6f8480000,0x00002ba6f9c30000)
 PSOldGen        total 5242880K, used 1787066K [0x00002ba57b4e0000, 0x00002ba6bb4e0000, 0x00002ba6bb4e0000)
  object space 5242880K, 34% used [0x00002ba57b4e0000,0x00002ba5e860eb90,0x00002ba6bb4e0000)
 PSPermGen       total 524288K, used 250351K [0x00002ba55b4e0000, 0x00002ba57b4e0000, 0x00002ba57b4e0000)
  object space 524288K, 47% used [0x00002ba55b4e0000,0x00002ba56a95bfd8,0x00002ba57b4e0000)
}
Total time for which application threads were stopped: 0.0295120 seconds
Application time: 66.0228740 seconds
{Heap before gc invocations=485:
 PSYoungGen      total 1024320K, used 1013119K [0x00002ba6bb4e0000, 0x00002ba6fb4e0000, 0x00002ba6fb4e0000)
  eden space 999040K, 100% used [0x00002ba6bb4e0000,0x00002ba6f8480000,0x00002ba6f8480000)
  from space 25280K, 55% used [0x00002ba6f9c30000,0x00002ba6fa9efd48,0x00002ba6fb4e0000)
  to   space 24256K, 0% used [0x00002ba6f8480000,0x00002ba6f8480000,0x00002ba6f9c30000)
 PSOldGen        total 5242880K, used 1787066K [0x00002ba57b4e0000, 0x00002ba6bb4e0000, 0x00002ba6bb4e0000)
  object space 5242880K, 34% used [0x00002ba57b4e0000,0x00002ba5e860eb90,0x00002ba6bb4e0000)
 PSPermGen       total 524288K, used 250413K [0x00002ba55b4e0000, 0x00002ba57b4e0000, 0x00002ba57b4e0000)
  object space 524288K, 47% used [0x00002ba55b4e0000,0x00002ba56a96b478,0x00002ba57b4e0000)
47866.560: [GC [PSYoungGen: 1013119K->22342K(1021440K)] 2800186K->1819200K(6264320K), 0.0773290 secs]
Heap after gc invocations=485:
 PSYoungGen      total 1021440K, used 22342K [0x00002ba6bb4e0000, 0x00002ba6fb4e0000, 0x00002ba6fb4e0000)
  eden space 999040K, 0% used [0x00002ba6bb4e0000,0x00002ba6bb4e0000,0x00002ba6f8480000)
  from space 22400K, 99% used [0x00002ba6f8480000,0x00002ba6f9a51ac0,0x00002ba6f9a60000)
  to   space 26240K, 0% used [0x00002ba6f9b40000,0x00002ba6f9b40000,0x00002ba6fb4e0000)
 PSOldGen        total 5242880K, used 1796858K [0x00002ba57b4e0000, 0x00002ba6bb4e0000, 0x00002ba6bb4e0000)
  object space 5242880K, 34% used [0x00002ba57b4e0000,0x00002ba5e8f9e920,0x00002ba6bb4e0000)
 PSPermGen       total 524288K, used 250413K [0x00002ba55b4e0000, 0x00002ba57b4e0000, 0x00002ba57b4e0000)
  object space 524288K, 47% used [0x00002ba55b4e0000,0x00002ba56a96b478,0x00002ba57b4e0000)
}
Total time for which application threads were stopped: 0.0788920 seconds
Application time: 38.3860400 seconds
{Heap before gc invocations=486:
 PSYoungGen      total 1021440K, used 1021382K [0x00002ba6bb4e0000, 0x00002ba6fb4e0000, 0x00002ba6fb4e0000)
  eden space 999040K, 100% used [0x00002ba6bb4e0000,0x00002ba6f8480000,0x00002ba6f8480000)
  from space 22400K, 99% used [0x00002ba6f8480000,0x00002ba6f9a51ac0,0x00002ba6f9a60000)
  to   space 26240K, 0% used [0x00002ba6f9b40000,0x00002ba6f9b40000,0x00002ba6fb4e0000)
 PSOldGen        total 5242880K, used 1796858K [0x00002ba57b4e0000, 0x00002ba6bb4e0000, 0x00002ba6bb4e0000)
  object space 5242880K, 34% used [0x00002ba57b4e0000,0x00002ba5e8f9e920,0x00002ba6bb4e0000)
 PSPermGen       total 524288K, used 250592K [0x00002ba55b4e0000, 0x00002ba57b4e0000, 0x00002ba57b4e0000)
  object space 524288K, 47% used [0x00002ba55b4e0000,0x00002ba56a998180,0x00002ba57b4e0000)
47905.025: [GC [PSYoungGen: 1021382K->10236K(1022592K)] 2818240K->1816278K(6265472K), 0.0328000 secs]
Heap after gc invocations=486:
 PSYoungGen      total 1022592K, used 10236K [0x00002ba6bb4e0000, 0x00002ba6fb4e0000, 0x00002ba6fb4e0000)
  eden space 996352K, 0% used [0x00002ba6bb4e0000,0x00002ba6bb4e0000,0x00002ba6f81e0000)
  from space 26240K, 39% used [0x00002ba6f9b40000,0x00002ba6fa53f260,0x00002ba6fb4e0000)
  to   space 25984K, 0% used [0x00002ba6f81e0000,0x00002ba6f81e0000,0x00002ba6f9b40000)
 PSOldGen        total 5242880K, used 1806042K [0x00002ba57b4e0000, 0x00002ba6bb4e0000, 0x00002ba6bb4e0000)
  object space 5242880K, 34% used [0x00002ba57b4e0000,0x00002ba5e9896980,0x00002ba6bb4e0000)
 PSPermGen       total 524288K, used 250592K [0x00002ba55b4e0000, 0x00002ba57b4e0000, 0x00002ba57b4e0000)
  object space 524288K, 47% used [0x00002ba55b4e0000,0x00002ba56a998180,0x00002ba57b4e0000)
}
Total time for which application threads were stopped: 0.0344280 seconds
Application time: 39.0968670 seconds
{Heap before gc invocations=487:
 PSYoungGen      total 1022592K, used 1006588K [0x00002ba6bb4e0000, 0x00002ba6fb4e0000, 0x00002ba6fb4e0000)
  eden space 996352K, 100% used [0x00002ba6bb4e0000,0x00002ba6f81e0000,0x00002ba6f81e0000)
  from space 26240K, 39% used [0x00002ba6f9b40000,0x00002ba6fa53f260,0x00002ba6fb4e0000)
  to   space 25984K, 0% used [0x00002ba6f81e0000,0x00002ba6f81e0000,0x00002ba6f9b40000)
 PSOldGen        total 5242880K, used 1806042K [0x00002ba57b4e0000, 0x00002ba6bb4e0000, 0x00002ba6bb4e0000)
  object space 5242880K, 34% used [0x00002ba57b4e0000,0x00002ba5e9896980,0x00002ba6bb4e0000)
 PSPermGen       total 524288K, used 250634K [0x00002ba55b4e0000, 0x00002ba57b4e0000, 0x00002ba57b4e0000)
  object space 524288K, 47% used [0x00002ba55b4e0000,0x00002ba56a9a2800,0x00002ba57b4e0000)
47944.156: [GC [PSYoungGen: 1006588K->17262K(1022336K)] 2812630K->1826156K(6265216K), 0.0527890 secs]
