0.749: [GC [PSYoungGen: 1398144K->9476K(2796224K)] 1398144K->9476K(2801600K), 0.0035910 secs] [Times: user=0.01 sys=0.01, real=0.00 secs] 
1.189: [GC [PSYoungGen: 1407620K->15252K(2796224K)] 1407620K->15252K(2801600K), 0.0067970 secs] [Times: user=0.03 sys=0.02, real=0.01 secs] 
1.642: [GC [PSYoungGen: 1413396K->17740K(2796224K)] 1413396K->17740K(2801600K), 0.0050110 secs] [Times: user=0.01 sys=0.01, real=0.01 secs] 
2.135: [GC [PSYoungGen: 1415884K->15776K(2796224K)] 1415884K->15776K(2801600K), 0.0066170 secs] [Times: user=0.02 sys=0.01, real=0.00 secs] 
2.496: [GC [PSYoungGen: 1413920K->32033K(2796224K)] 1413920K->32033K(2801600K), 0.0080410 secs] [Times: user=0.04 sys=0.01, real=0.01 secs] 
2.837: [GC [PSYoungGen: 1430177K->31097K(4150912K)] 1430177K->32657K(4156288K), 0.0069600 secs] [Times: user=0.02 sys=0.02, real=0.01 secs] 
3.853: [GC [PSYoungGen: 4150905K->23427K(4157056K)] 4152465K->27862K(4162432K), 0.0079290 secs] [Times: user=0.03 sys=0.02, real=0.01 secs] 
3.861: [Full GC [PSYoungGen: 23427K->20608K(4157056K)] [PSOldGen: 4435K->5358K(13888K)] 27862K->25967K(4170944K) [PSPermGen: 2812K->2812K(21248K)], 0.0120090 secs] [Times: user=0.01 sys=0.00, real=0.01 secs] 
4.755: [GC [PSYoungGen: 4119808K->32218K(4151616K)] 4125166K->37576K(4165504K), 0.0085480 secs] [Times: user=0.05 sys=0.01, real=0.01 secs] 
5.617: [GC [PSYoungGen: 4147418K->39548K(4154752K)] 4152776K->84296K(4199616K), 0.0223490 secs] [Times: user=0.10 sys=0.04, real=0.02 secs] 
5.639: [Full GC [PSYoungGen: 39548K->21095K(4154752K)] [PSOldGen: 44748K->44823K(70912K)] 84296K->65919K(4225664K) [PSPermGen: 2812K->2812K(21248K)], 0.0213250 secs] [Times: user=0.01 sys=0.00, real=0.02 secs] 
6.499: [GC [PSYoungGen: 4115200K->39537K(4109952K)] 4160023K->85817K(4180864K), 0.0107750 secs] [Times: user=0.08 sys=0.00, real=0.01 secs] 
7.350: [GC [PSYoungGen: 4109937K->26183K(4132352K)] 4156217K->91710K(4203264K), 0.0128360 secs] [Times: user=0.08 sys=0.01, real=0.01 secs] 
7.363: [Full GC [PSYoungGen: 26183K->0K(4132352K)] [PSOldGen: 65526K->62697K(94208K)] 91710K->62697K(4226560K) [PSPermGen: 2812K->2812K(21248K)], 0.0189760 secs] [Times: user=0.01 sys=0.00, real=0.02 secs] 
8.225: [GC [PSYoungGen: 4070400K->48742K(4126528K)] 4133097K->111440K(4220736K), 0.0177900 secs] [Times: user=0.10 sys=0.00, real=0.01 secs] 
9.084: [GC [PSYoungGen: 4115942K->36234K(4130752K)] 4178640K->130761K(4225344K), 0.0189280 secs] [Times: user=0.08 sys=0.06, real=0.01 secs] 
9.103: [Full GC [PSYoungGen: 36234K->0K(4130752K)] [PSOldGen: 94526K->51998K(93376K)] 130761K->51998K(4224128K) [PSPermGen: 2812K->2810K(21248K)], 0.0195140 secs] [Times: user=0.01 sys=0.00, real=0.02 secs] 
9.964: [GC [PSYoungGen: 4067200K->43077K(4129856K)] 4119198K->95076K(4223232K), 0.0111230 secs] [Times: user=0.09 sys=0.00, real=0.01 secs] 
10.815: [GC [PSYoungGen: 4110789K->22094K(4131008K)] 4162788K->99230K(4224384K), 0.0117980 secs] [Times: user=0.09 sys=0.00, real=0.01 secs] 
10.827: [Full GC [PSYoungGen: 22094K->0K(4131008K)] [PSOldGen: 77135K->48769K(95872K)] 99230K->48769K(4226880K) [PSPermGen: 2810K->2810K(21248K)], 0.0162350 secs] [Times: user=0.01 sys=0.00, real=0.01 secs] 
11.705: [GC-- [PSYoungGen: 4067712K->4067712K(4131008K)] 4116481K->4185674K(4249280K), 0.4434290 secs] [Times: user=0.59 sys=0.06, real=0.44 secs] 
12.148: [Full GC [PSYoungGen: 4067712K->2514K(4131008K)] [PSOldGen: 117962K->118192K(167360K)] 4185674K->120707K(4298368K) [PSPermGen: 2810K->2810K(21248K)], 0.3047250 secs] [Times: user=0.30 sys=0.00, real=0.30 secs] 
13.294: [GC [PSYoungGen: 4067712K->35544K(4133888K)] 4185904K->153736K(4301248K), 0.0092300 secs] [Times: user=0.03 sys=0.00, real=0.01 secs] 
14.154: [GC [PSYoungGen: 4107352K->25403K(4132224K)] 4225544K->164875K(4299584K), 0.0120970 secs] [Times: user=0.03 sys=0.05, real=0.02 secs] 
14.174: [Full GC [PSYoungGen: 25403K->0K(4132224K)] [PSOldGen: 139472K->133211K(186176K)] 164875K->133211K(4318400K) [PSPermGen: 2810K->2810K(21248K)], 0.0289280 secs] [Times: user=0.02 sys=0.00, real=0.02 secs] 
15.056: [GC [PSYoungGen: 4071808K->50694K(4126720K)] 4205019K->183906K(4312896K), 0.0140720 secs] [Times: user=0.09 sys=0.00, real=0.01 secs] 
15.918: [GC [PSYoungGen: 4118662K->23118K(4131136K)] 4251874K->189256K(4317312K), 0.0145500 secs] [Times: user=0.04 sys=0.05, real=0.01 secs] 
15.932: [Full GC [PSYoungGen: 23118K->0K(4131136K)] [PSOldGen: 166137K->133125K(194624K)] 189256K->133125K(4325760K) [PSPermGen: 2810K->2810K(21248K)], 0.0409470 secs] [Times: user=0.05 sys=0.00, real=0.05 secs] 
16.831: [GC [PSYoungGen: 4067968K->46012K(4128256K)] 4201093K->179138K(4322880K), 0.0119990 secs] [Times: user=0.09 sys=0.00, real=0.02 secs] 
17.694: [GC [PSYoungGen: 4112316K->63977K(4130304K)] 4245442K->199780K(4324928K), 0.0193070 secs] [Times: user=0.14 sys=0.00, real=0.02 secs] 
18.556: [GC [PSYoungGen: 4130281K->47502K(4111488K)] 4266084K->207251K(4306112K), 0.0183010 secs] [Times: user=0.14 sys=0.00, real=0.02 secs] 
18.574: [Full GC [PSYoungGen: 47502K->0K(4111488K)] [PSOldGen: 159748K->140529K(204864K)] 207251K->140529K(4316352K) [PSPermGen: 2810K->2810K(21248K)], 0.0217440 secs] [Times: user=0.02 sys=0.00, real=0.02 secs] 
19.440: [GC [PSYoungGen: 4047488K->53091K(4100608K)] 4188017K->193620K(4305472K), 0.0136150 secs] [Times: user=0.11 sys=0.00, real=0.05 secs] 
20.339: [GC [PSYoungGen: 4100579K->73036K(4101312K)] 4241108K->213565K(4306176K), 0.0185040 secs] [Times: user=0.12 sys=0.00, real=0.02 secs] 
21.195: [GC [PSYoungGen: 4098892K->83955K(4109824K)] 4239421K->225146K(4314688K), 0.0212920 secs] [Times: user=0.16 sys=0.00, real=0.02 secs] 
22.052: [GC [PSYoungGen: 4109811K->84475K(4058624K)] 4251002K->241315K(4263488K), 0.0248490 secs] [Times: user=0.20 sys=0.00, real=0.03 secs] 
22.919: [GC [PSYoungGen: 4056020K->98110K(4072256K)] 4212861K->254951K(4277120K), 0.0236740 secs] [Times: user=0.19 sys=0.00, real=0.02 secs] 
23.766: [GC [PSYoungGen: 4072254K->120945K(4038592K)] 4229095K->277785K(4243456K), 0.0292670 secs] [Times: user=0.23 sys=0.00, real=0.03 secs] 
24.606: [GC [PSYoungGen: 4038257K->129992K(4047360K)] 4195097K->286833K(4252224K), 0.0473650 secs] [Times: user=0.33 sys=0.00, real=0.09 secs] 
25.515: [GC [PSYoungGen: 4047304K->102914K(4022656K)] 4204145K->279491K(4227520K), 0.0284950 secs] [Times: user=0.17 sys=0.02, real=0.03 secs] 
25.543: [Full GC [PSYoungGen: 102914K->0K(4022656K)] [PSOldGen: 176576K->117655K(180992K)] 279491K->117655K(4203648K) [PSPermGen: 2810K->2810K(21248K)], 0.0294580 secs] [Times: user=0.02 sys=0.00, real=0.02 secs] 
26.377: [GC [PSYoungGen: 3875712K->69064K(4035008K)] 3993367K->186719K(4216000K), 0.0172080 secs] [Times: user=0.10 sys=0.00, real=0.02 secs] 
27.204: [GC [PSYoungGen: 3944776K->75278K(4049856K)] 4062431K->192933K(4230848K), 0.0178980 secs] [Times: user=0.10 sys=0.00, real=0.01 secs] 
28.043: [GC [PSYoungGen: 3973710K->82670K(4042880K)] 4091365K->200325K(4223872K), 0.0193630 secs] [Times: user=0.09 sys=0.00, real=0.01 secs] 
28.884: [GC [PSYoungGen: 3981102K->82795K(4056896K)] 4098757K->200450K(4237888K), 0.0204690 secs] [Times: user=0.16 sys=0.00, real=0.02 secs] 
29.722: [GC [PSYoungGen: 3998827K->102129K(4018176K)] 4116482K->219784K(4199168K), 0.0246900 secs] [Times: user=0.20 sys=0.00, real=0.03 secs] 
30.563: [GC [PSYoungGen: 4018161K->67255K(4057664K)] 4135816K->220457K(4238656K), 0.0318930 secs] [Times: user=0.21 sys=0.00, real=0.03 secs] 
30.595: [Full GC [PSYoungGen: 67255K->0K(4057664K)] [PSOldGen: 153201K->100731K(172032K)] 220457K->100731K(4229696K) [PSPermGen: 2810K->2810K(21248K)], 0.0279980 secs] [Times: user=0.02 sys=0.00, real=0.03 secs] 
31.445: [GC [PSYoungGen: 3916416K->38673K(4053056K)] 4017147K->139405K(4225088K), 0.0092780 secs] [Times: user=0.04 sys=0.00, real=0.01 secs] 
32.267: [GC [PSYoungGen: 3955089K->43559K(4058688K)] 4055821K->144290K(4230720K), 0.0112030 secs] [Times: user=0.09 sys=0.00, real=0.01 secs] 
33.137: [GC-- [PSYoungGen: 3965159K->3965159K(4058688K)] 4065890K->4141303K(4235008K), 0.4073520 secs] [Times: user=0.73 sys=0.01, real=0.41 secs] 
33.544: [Full GC [PSYoungGen: 3965159K->63788K(4058688K)] [PSOldGen: 176143K->176307K(248000K)] 4141303K->240095K(4306688K) [PSPermGen: 2811K->2811K(21248K)], 0.3022530 secs] [Times: user=0.31 sys=0.00, real=0.30 secs] 
34.649: [GC [PSYoungGen: 3921600K->85252K(4057216K)] 4097907K->261559K(4305216K), 0.0205400 secs] [Times: user=0.14 sys=0.00, real=0.02 secs] 
35.532: [GC [PSYoungGen: 4006852K->24729K(4056320K)] 4183159K->269345K(4304320K), 0.0247080 secs] [Times: user=0.01 sys=0.15, real=0.03 secs] 
35.557: [Full GC [PSYoungGen: 24729K->7147K(4056320K)] [PSOldGen: 244615K->247960K(341184K)] 269345K->255108K(4397504K) [PSPermGen: 2811K->2811K(21248K)], 0.0310710 secs] [Times: user=0.03 sys=0.00, real=0.03 secs] 
36.419: [GC [PSYoungGen: 3921536K->59172K(4057920K)] 4169496K->307132K(4399104K), 0.0198320 secs] [Times: user=0.14 sys=0.00, real=0.02 secs] 
37.267: [GC [PSYoungGen: 3980708K->22828K(4061824K)] 4228668K->311662K(4403008K), 0.0172510 secs] [Times: user=0.07 sys=0.02, real=0.02 secs] 
37.284: [Full GC [PSYoungGen: 22828K->0K(4061824K)] [PSOldGen: 288833K->266015K(367296K)] 311662K->266015K(4429120K) [PSPermGen: 2811K->2811K(21248K)], 0.0326120 secs] [Times: user=0.04 sys=0.00, real=0.03 secs] 
38.135: [GC [PSYoungGen: 3931136K->37465K(4062720K)] 4197151K->303480K(4430016K), 0.0098650 secs] [Times: user=0.08 sys=0.00, real=0.01 secs] 
38.970: [GC [PSYoungGen: 3968601K->45158K(4070144K)] 4234616K->329948K(4437440K), 0.0164310 secs] [Times: user=0.12 sys=0.00, real=0.02 secs] 
39.808: [GC [PSYoungGen: 3986598K->24107K(4065600K)] 4271388K->334289K(4432896K), 0.0146130 secs] [Times: user=0.08 sys=0.02, real=0.01 secs] 
39.823: [Full GC [PSYoungGen: 24107K->0K(4065600K)] [PSOldGen: 310181K->266196K(366784K)] 334289K->266196K(4432384K) [PSPermGen: 2811K->2811K(21248K)], 0.0404860 secs] [Times: user=0.04 sys=0.00, real=0.05 secs] 
40.680: [GC [PSYoungGen: 3941440K->44492K(4076224K)] 4207636K->310688K(4443008K), 0.0116420 secs] [Times: user=0.09 sys=0.00, real=0.01 secs] 
41.508: [GC [PSYoungGen: 3997452K->80015K(4071040K)] 4263648K->374241K(4437824K), 0.0271760 secs] [Times: user=0.22 sys=0.00, real=0.03 secs] 
42.357: [GC [PSYoungGen: 4032975K->36553K(4076032K)] 4327201K->390352K(4442816K), 0.0263180 secs] [Times: user=0.15 sys=0.05, real=0.03 secs] 
42.383: [Full GC [PSYoungGen: 36553K->0K(4076032K)] [PSOldGen: 353799K->274309K(390592K)] 390352K->274309K(4466624K) [PSPermGen: 2811K->2811K(21248K)], 0.0670900 secs] [Times: user=0.06 sys=0.00, real=0.06 secs] 
43.268: [GC [PSYoungGen: 3954560K->45158K(4072832K)] 4228869K->319468K(4463424K), 0.0115420 secs] [Times: user=0.07 sys=0.00, real=0.01 secs] 
44.098: [GC [PSYoungGen: 3999718K->33867K(4083648K)] 4274028K->335445K(4474240K), 0.0157490 secs] [Times: user=0.12 sys=0.00, real=0.02 secs] 
44.944: [GC [PSYoungGen: 4004107K->43062K(4080896K)] 4305685K->344640K(4471488K), 0.0181220 secs] [Times: user=0.11 sys=0.00, real=0.01 secs] 
45.783: [GC [PSYoungGen: 4013302K->61246K(4089728K)] 4314880K->362824K(4480320K), 0.0161780 secs] [Times: user=0.12 sys=0.00, real=0.01 secs] 
46.630: [GC [PSYoungGen: 4044798K->72271K(4055872K)] 4346376K->373849K(4446464K), 0.0187920 secs] [Times: user=0.15 sys=0.00, real=0.02 secs] 
47.473: [GC [PSYoungGen: 4055823K->81898K(4077120K)] 4357401K->383476K(4467712K), 0.0210380 secs] [Times: user=0.16 sys=0.00, real=0.02 secs] 
48.326: [GC [PSYoungGen: 4052074K->111742K(4081920K)] 4353652K->416962K(4472512K), 0.0287490 secs] [Times: user=0.22 sys=0.00, real=0.03 secs] 
49.176: [GC [PSYoungGen: 4081918K->112188K(4028672K)] 4387138K->432361K(4419264K), 0.0317670 secs] [Times: user=0.25 sys=0.00, real=0.03 secs] 
50.022: [GC [PSYoungGen: 4028476K->113858K(4030208K)] 4348649K->439708K(4420800K), 0.0298640 secs] [Times: user=0.23 sys=0.00, real=0.03 secs] 
50.879: [GC [PSYoungGen: 4030146K->96014K(4042688K)] 4355996K->439142K(4433280K), 0.0285040 secs] [Times: user=0.23 sys=0.00, real=0.03 secs] 
50.907: [Full GC [PSYoungGen: 96014K->0K(4042688K)] [PSOldGen: 343128K->283866K(381952K)] 439142K->283866K(4424640K) [PSPermGen: 2811K->2811K(21248K)], 0.0470050 secs] [Times: user=0.04 sys=0.00, real=0.04 secs] 
51.764: [GC [PSYoungGen: 3893504K->50579K(4043904K)] 4177370K->334445K(4425856K), 0.0126880 secs] [Times: user=0.10 sys=0.00, real=0.01 secs] 
52.592: [GC [PSYoungGen: 3944083K->71030K(4054912K)] 4227949K->354897K(4436864K), 0.0174550 secs] [Times: user=0.11 sys=0.00, real=0.02 secs] 
53.423: [GC [PSYoungGen: 3979126K->56203K(4047488K)] 4262993K->371179K(4429440K), 0.0217720 secs] [Times: user=0.15 sys=0.00, real=0.05 secs] 
54.280: [GC [PSYoungGen: 3964299K->33005K(4059200K)] 4279275K->382477K(4441152K), 0.0202080 secs] [Times: user=0.13 sys=0.00, real=0.02 secs] 
54.300: [Full GC [PSYoungGen: 33005K->0K(4059200K)] [PSOldGen: 349471K->286107K(394752K)] 382477K->286107K(4453952K) [PSPermGen: 2811K->2811K(21248K)], 0.0465630 secs] [Times: user=0.04 sys=0.00, real=0.05 secs] 
55.155: [GC [PSYoungGen: 3923904K->67815K(4059008K)] 4210011K->353923K(4453760K), 0.0166380 secs] [Times: user=0.09 sys=0.00, real=0.01 secs] 
55.993: [GC [PSYoungGen: 3991719K->50479K(4069056K)] 4277827K->387624K(4463808K), 0.0253770 secs] [Times: user=0.20 sys=0.00, real=0.02 secs] 
56.019: [Full GC [PSYoungGen: 50479K->0K(4069056K)] [PSOldGen: 337144K->278713K(400832K)] 387624K->278713K(4469888K) [PSPermGen: 2811K->2811K(21248K)], 0.0530520 secs] [Times: user=0.05 sys=0.00, real=0.05 secs] 
56.885: [GC [PSYoungGen: 3940288K->53911K(4065536K)] 4219001K->332624K(4466368K), 0.0133860 secs] [Times: user=0.08 sys=0.00, real=0.01 secs] 
57.716: [GC [PSYoungGen: 3994199K->27113K(4072064K)] 4272912K->341459K(4472896K), 0.0160740 secs] [Times: user=0.13 sys=0.00, real=0.01 secs] 
58.561: [GC [PSYoungGen: 3978089K->42478K(4072640K)] 4292435K->365240K(4473472K), 0.0130750 secs] [Times: user=0.08 sys=0.00, real=0.02 secs] 
59.400: [GC [PSYoungGen: 3993454K->46438K(4079744K)] 4316216K->391942K(4480576K), 0.0178210 secs] [Times: user=0.14 sys=0.00, real=0.02 secs] 
59.418: [Full GC [PSYoungGen: 46438K->0K(4079744K)] [PSOldGen: 345504K->258533K(381952K)] 391942K->258533K(4461696K) [PSPermGen: 2811K->2811K(21248K)], 0.0670340 secs] [Times: user=0.06 sys=0.00, real=0.07 secs] 
60.315: [GC [PSYoungGen: 3961216K->40594K(4075776K)] 4219749K->299128K(4457728K), 0.0107520 secs] [Times: user=0.08 sys=0.00, real=0.01 secs] 
61.145: [GC [PSYoungGen: 4001810K->66299K(4084288K)] 4260344K->324833K(4466240K), 0.0244910 secs] [Times: user=0.14 sys=0.00, real=0.02 secs] 
61.995: [GC [PSYoungGen: 4038971K->62950K(4082688K)] 4297505K->343964K(4464640K), 0.0213600 secs] [Times: user=0.15 sys=0.00, real=0.02 secs] 
62.846: [GC [PSYoungGen: 4035622K->52353K(4091456K)] 4316636K->352716K(4473408K), 0.0174470 secs] [Times: user=0.09 sys=0.00, real=0.02 secs] 
63.693: [GC [PSYoungGen: 4036801K->59734K(4087296K)] 4337164K->376872K(4469248K), 0.0205170 secs] [Times: user=0.12 sys=0.00, real=0.02 secs] 
64.537: [GC [PSYoungGen: 4044182K->75013K(4090176K)] 4361320K->400988K(4472128K), 0.0211510 secs] [Times: user=0.17 sys=0.00, real=0.02 secs] 
65.393: [GC [PSYoungGen: 4065797K->53788K(4092544K)] 4391772K->407223K(4474496K), 0.0245580 secs] [Times: user=0.16 sys=0.00, real=0.03 secs] 
65.417: [Full GC [PSYoungGen: 53788K->0K(4092544K)] [PSOldGen: 353434K->267670K(385408K)] 407223K->267670K(4477952K) [PSPermGen: 2811K->2811K(21248K)], 0.0391920 secs] [Times: user=0.03 sys=0.00, real=0.04 secs] 
66.294: [GC [PSYoungGen: 3990784K->52174K(4098880K)] 4258454K->319844K(4484288K), 0.0135590 secs] [Times: user=0.10 sys=0.00, real=0.01 secs] 
67.138: [GC [PSYoungGen: 4052686K->31999K(4095936K)] 4320356K->332849K(4481344K), 0.0202700 secs] [Times: user=0.14 sys=0.00, real=0.02 secs] 
68.004: [GC [PSYoungGen: 4032511K->31713K(4098368K)] 4333361K->344869K(4483776K), 0.0117070 secs] [Times: user=0.09 sys=0.00, real=0.01 secs] 
68.845: [GC [PSYoungGen: 4034081K->42751K(4098304K)] 4347237K->367890K(4483712K), 0.0142790 secs] [Times: user=0.11 sys=0.00, real=0.01 secs] 
69.695: [GC [PSYoungGen: 4045119K->30548K(4101504K)] 4370258K->380085K(4486912K), 0.0187730 secs] [Times: user=0.13 sys=0.00, real=0.02 secs] 
69.714: [Full GC [PSYoungGen: 30548K->0K(4101504K)] [PSOldGen: 349537K->248176K(368512K)] 380085K->248176K(4470016K) [PSPermGen: 2811K->2811K(21248K)], 0.0369530 secs] [Times: user=0.03 sys=0.00, real=0.03 secs] 
70.585: [GC [PSYoungGen: 4008192K->72692K(4080896K)] 4256368K->320869K(4449408K), 0.0194710 secs] [Times: user=0.13 sys=0.00, real=0.02 secs] 
71.439: [GC [PSYoungGen: 4080884K->35029K(4098944K)] 4329061K->338733K(4467456K), 0.0222230 secs] [Times: user=0.18 sys=0.00, real=0.02 secs] 
72.311: [GC [PSYoungGen: 4036949K->25817K(4097280K)] 4340653K->346123K(4465792K), 0.0110620 secs] [Times: user=0.07 sys=0.00, real=0.01 secs] 
72.322: [Full GC [PSYoungGen: 25817K->0K(4097280K)] [PSOldGen: 320305K->231473K(365248K)] 346123K->231473K(4462528K) [PSPermGen: 2811K->2811K(21248K)], 0.0344170 secs] [Times: user=0.04 sys=0.00, real=0.04 secs] 
73.184: [GC [PSYoungGen: 4001920K->58130K(4100160K)] 4233393K->289604K(4465408K), 0.0138700 secs] [Times: user=0.06 sys=0.00, real=0.01 secs] 
74.029: [GC [PSYoungGen: 4063250K->34509K(4099264K)] 4294724K->303749K(4464512K), 0.0175480 secs] [Times: user=0.14 sys=0.00, real=0.02 secs] 
74.926: [GC [PSYoungGen: 4039629K->92011K(3982592K)] 4308869K->490487K(4381248K), 0.0535830 secs] [Times: user=0.33 sys=0.08, real=0.05 secs] 
74.980: [Full GC [PSYoungGen: 92011K->0K(3982592K)] [PSOldGen: 398476K->171707K(350784K)] 490487K->171707K(4333376K) [PSPermGen: 2811K->2811K(21248K)], 0.0506730 secs] [Times: user=0.05 sys=0.00, real=0.05 secs] 
75.846: [GC [PSYoungGen: 3890560K->51372K(4042432K)] 4062267K->223079K(4393216K), 0.0135910 secs] [Times: user=0.11 sys=0.00, real=0.01 secs] 
76.674: [GC [PSYoungGen: 3941932K->32191K(4051712K)] 4113639K->240790K(4402496K), 0.0188060 secs] [Times: user=0.13 sys=0.00, real=0.01 secs] 
77.513: [GC [PSYoungGen: 3938431K->40466K(4048832K)] 4147030K->264110K(4399616K), 0.0224640 secs] [Times: user=0.14 sys=0.00, real=0.03 secs] 
78.353: [GC [PSYoungGen: 3946706K->23370K(4058560K)] 4170350K->268665K(4409344K), 0.0114990 secs] [Times: user=0.05 sys=0.00, real=0.01 secs] 
79.180: [GC [PSYoungGen: 3944202K->35151K(4056576K)] 4189497K->285130K(4407360K), 0.0106200 secs] [Times: user=0.08 sys=0.00, real=0.01 secs] 
80.003: [GC [PSYoungGen: 3955983K->34655K(4067968K)] 4205962K->302079K(4418752K), 0.0142500 secs] [Times: user=0.10 sys=0.00, real=0.01 secs] 
80.845: [GC [PSYoungGen: 3971615K->30779K(4063296K)] 4239039K->314324K(4414080K), 0.0124420 secs] [Times: user=0.10 sys=0.00, real=0.01 secs] 
80.857: [Full GC [PSYoungGen: 30779K->0K(4063296K)] [PSOldGen: 283545K->223458K(385920K)] 314324K->223458K(4449216K) [PSPermGen: 2811K->2811K(21248K)], 0.0407470 secs] [Times: user=0.04 sys=0.00, real=0.04 secs] 
81.714: [GC [PSYoungGen: 3936960K->56078K(4076800K)] 4160418K->279536K(4462720K), 0.0145330 secs] [Times: user=0.11 sys=0.00, real=0.01 secs] 
82.555: [GC [PSYoungGen: 4010638K->41382K(4072064K)] 4234096K->302468K(4457984K), 0.0202010 secs] [Times: user=0.15 sys=0.00, real=0.02 secs] 
83.405: [GC [PSYoungGen: 3995942K->28872K(4085056K)] 4257028K->311956K(4470976K), 0.0133830 secs] [Times: user=0.11 sys=0.00, real=0.01 secs] 
84.244: [GC [PSYoungGen: 4001736K->35929K(4082112K)] 4284820K->328835K(4468032K), 0.0188620 secs] [Times: user=0.11 sys=0.00, real=0.01 secs] 
85.101: [GC [PSYoungGen: 4008793K->29393K(4092544K)] 4301699K->340234K(4478464K), 0.0124710 secs] [Times: user=0.09 sys=0.00, real=0.02 secs] 
85.945: [GC [PSYoungGen: 4017041K->32147K(4089408K)] 4327882K->354226K(4475328K), 0.0171800 secs] [Times: user=0.07 sys=0.00, real=0.01 secs] 
86.785: [GC [PSYoungGen: 4019795K->44491K(4101184K)] 4341874K->379959K(4487104K), 0.0203810 secs] [Times: user=0.14 sys=0.01, real=0.02 secs] 
86.805: [Full GC [PSYoungGen: 44491K->0K(4101184K)] [PSOldGen: 335468K->232510K(386240K)] 379959K->232510K(4487424K) [PSPermGen: 2811K->2811K(21248K)], 0.0421890 secs] [Times: user=0.04 sys=0.00, real=0.04 secs] 
87.676: [GC [PSYoungGen: 4003136K->42629K(4096256K)] 4235646K->275140K(4482496K), 0.0184400 secs] [Times: user=0.12 sys=0.00, real=0.02 secs] 
88.535: [GC [PSYoungGen: 4045765K->65579K(4098432K)] 4278276K->323323K(4484672K), 0.0222520 secs] [Times: user=0.16 sys=0.01, real=0.02 secs] 
89.400: [GC [PSYoungGen: 4075819K->41839K(4102272K)] 4333563K->348636K(4488512K), 0.0216670 secs] [Times: user=0.15 sys=0.00, real=0.02 secs] 
90.263: [GC [PSYoungGen: 4052079K->32506K(4108544K)] 4358876K->363866K(4494784K), 0.0195630 secs] [Times: user=0.13 sys=0.00, real=0.01 secs] 
90.283: [Full GC [PSYoungGen: 32506K->0K(4108544K)] [PSOldGen: 331359K->188968K(352960K)] 363866K->188968K(4461504K) [PSPermGen: 2811K->2811K(21248K)], 0.0402550 secs] [Times: user=0.04 sys=0.00, real=0.04 secs] 
91.164: [GC [PSYoungGen: 4020608K->37261K(4106368K)] 4209576K->226229K(4459328K), 0.0097370 secs] [Times: user=0.07 sys=0.00, real=0.01 secs] 
92.007: [GC [PSYoungGen: 4057869K->37187K(4114560K)] 4246837K->247703K(4467520K), 0.0148810 secs] [Times: user=0.12 sys=0.00, real=0.01 secs] 
92.872: [GC [PSYoungGen: 4069059K->35156K(4111616K)] 4279575K->265427K(4464576K), 0.0264940 secs] [Times: user=0.18 sys=0.00, real=0.03 secs] 
93.739: [GC [PSYoungGen: 4067028K->39674K(4120256K)] 4297299K->285568K(4473216K), 0.0136870 secs] [Times: user=0.09 sys=0.00, real=0.01 secs] 
94.596: [GC [PSYoungGen: 4082682K->25844K(4117056K)] 4328576K->293653K(4470016K), 0.0122370 secs] [Times: user=0.10 sys=0.00, real=0.01 secs] 
95.653: [GC-- [PSYoungGen: 4068852K->4068852K(4117056K)] 4336661K->4729020K(4777280K), 0.4523130 secs] [Times: user=0.81 sys=0.45, real=0.45 secs] 
96.106: [Full GC [PSYoungGen: 4068852K->0K(4117056K)] [PSOldGen: 660167K->487272K(643584K)] 4729020K->487272K(4760640K) [PSPermGen: 2811K->2811K(21248K)], 0.3315840 secs] [Times: user=0.33 sys=0.00, real=0.33 secs] 
97.274: [GC [PSYoungGen: 4043008K->73466K(4089856K)] 4530280K->578078K(4733440K), 0.0232900 secs] [Times: user=0.18 sys=0.00, real=0.02 secs] 
98.134: [GC [PSYoungGen: 4089850K->22452K(4105344K)] 4594462K->583557K(4748928K), 0.0247300 secs] [Times: user=0.16 sys=0.00, real=0.02 secs] 
98.988: [GC [PSYoungGen: 4038836K->33414K(4108864K)] 4599941K->597795K(4752448K), 0.0103280 secs] [Times: user=0.08 sys=0.00, real=0.01 secs] 
99.839: [GC [PSYoungGen: 4053894K->34382K(4105920K)] 4618275K->612476K(4749504K), 0.0129000 secs] [Times: user=0.09 sys=0.00, real=0.01 secs] 
100.691: [GC [PSYoungGen: 4054862K->26508K(4113600K)] 4632956K->617248K(4757184K), 0.0109010 secs] [Times: user=0.09 sys=0.00, real=0.01 secs] 
101.545: [GC [PSYoungGen: 4057740K->36406K(4111936K)] 4648480K->632913K(4755520K), 0.0117720 secs] [Times: user=0.09 sys=0.00, real=0.01 secs] 
101.557: [Full GC [PSYoungGen: 36406K->0K(4111936K)] [PSOldGen: 596506K->580756K(750400K)] 632913K->580756K(4862336K) [PSPermGen: 2811K->2811K(21248K)], 0.0328170 secs] [Times: user=0.02 sys=0.00, real=0.03 secs] 
102.431: [GC [PSYoungGen: 4031232K->43007K(4119552K)] 4611988K->623763K(4869952K), 0.0119010 secs] [Times: user=0.07 sys=0.00, real=0.01 secs] 
103.284: [GC [PSYoungGen: 4085375K->35014K(4117120K)] 4666131K->641008K(4867520K), 0.0220830 secs] [Times: user=0.16 sys=0.00, real=0.02 secs] 
104.153: [GC [PSYoungGen: 4077382K->56880K(4115840K)] 4683376K->677828K(4866240K), 0.0189400 secs] [Times: user=0.10 sys=0.00, real=0.01 secs] 
105.015: [GC [PSYoungGen: 4100656K->48992K(4119040K)] 4721604K->706836K(4869440K), 0.0212660 secs] [Times: user=0.12 sys=0.02, real=0.02 secs] 
105.886: [GC [PSYoungGen: 4092768K->25908K(4120064K)] 4750612K->712372K(4870464K), 0.0174960 secs] [Times: user=0.07 sys=0.01, real=0.01 secs] 
106.746: [GC [PSYoungGen: 4071156K->34852K(4119488K)] 4757620K->726834K(4869888K), 0.0109990 secs] [Times: user=0.08 sys=0.00, real=0.01 secs] 
107.602: [GC [PSYoungGen: 4080100K->30850K(4124288K)] 4772082K->737630K(4874688K), 0.0137640 secs] [Times: user=0.08 sys=0.02, real=0.02 secs] 
107.616: [Full GC [PSYoungGen: 30850K->0K(4124288K)] [PSOldGen: 706779K->586698K(764864K)] 737630K->586698K(4889152K) [PSPermGen: 2811K->2811K(21248K)], 0.0545160 secs] [Times: user=0.05 sys=0.00, real=0.05 secs] 
108.518: [GC [PSYoungGen: 4052544K->36842K(4122560K)] 4639242K->623541K(4887424K), 0.0102070 secs] [Times: user=0.08 sys=0.00, real=0.01 secs] 
109.368: [GC [PSYoungGen: 4089386K->40952K(4129024K)] 4676085K->645930K(4893888K), 0.0157230 secs] [Times: user=0.13 sys=0.00, real=0.02 secs] 
110.228: [GC [PSYoungGen: 4102712K->42189K(4127040K)] 4707690K->667675K(4891904K), 0.0165200 secs] [Times: user=0.11 sys=0.00, real=0.02 secs] 
111.095: [GC [PSYoungGen: 4103949K->36126K(4132416K)] 4729435K->683361K(4897280K), 0.0181560 secs] [Times: user=0.11 sys=0.01, real=0.02 secs] 
111.956: [GC [PSYoungGen: 4104670K->61870K(4130432K)] 4751905K->728780K(4895296K), 0.0214610 secs] [Times: user=0.17 sys=0.00, real=0.02 secs] 
112.820: [GC [PSYoungGen: 4130414K->49113K(4109440K)] 4797324K->759540K(4874304K), 0.0234610 secs] [Times: user=0.16 sys=0.00, real=0.03 secs] 
113.684: [GC [PSYoungGen: 4094681K->27701K(4119936K)] 4805108K->766490K(4884800K), 0.0169980 secs] [Times: user=0.05 sys=0.02, real=0.01 secs] 
113.701: [Full GC [PSYoungGen: 27701K->0K(4119936K)] [PSOldGen: 738789K->585524K(775168K)] 766490K->585524K(4895104K) [PSPermGen: 2811K->2811K(21248K)], 0.0946370 secs] [Times: user=0.10 sys=0.00, real=0.10 secs] 
114.636: [GC [PSYoungGen: 4045568K->41126K(4123264K)] 4631092K->626651K(4898432K), 0.0112740 secs] [Times: user=0.09 sys=0.00, real=0.01 secs] 
115.494: [GC [PSYoungGen: 4090342K->32720K(4120256K)] 4675867K->640727K(4895424K), 0.0147580 secs] [Times: user=0.12 sys=0.00, real=0.01 secs] 
116.355: [GC [PSYoungGen: 4081936K->32643K(4126016K)] 4689943K->652964K(4901184K), 0.0123970 secs] [Times: user=0.09 sys=0.00, real=0.01 secs] 
117.224: [GC [PSYoungGen: 4088963K->44351K(4124608K)] 4709284K->676820K(4899776K), 0.0153100 secs] [Times: user=0.12 sys=0.00, real=0.01 secs] 
118.077: [GC [PSYoungGen: 4100671K->51635K(4124480K)] 4733140K->707915K(4899648K), 0.0202660 secs] [Times: user=0.14 sys=0.00, real=0.02 secs] 
118.944: [GC [PSYoungGen: 4109107K->62875K(4120384K)] 4765387K->749140K(4895552K), 0.0233660 secs] [Times: user=0.16 sys=0.00, real=0.02 secs] 
119.802: [GC [PSYoungGen: 4120347K->73589K(4055680K)] 4806612K->826036K(4830848K), 0.0343870 secs] [Times: user=0.24 sys=0.04, real=0.04 secs] 
119.837: [Full GC [PSYoungGen: 73589K->0K(4055680K)] [PSOldGen: 752446K->555059K(766912K)] 826036K->555059K(4822592K) [PSPermGen: 2811K->2811K(21248K)], 0.1369650 secs] [Times: user=0.12 sys=0.00, real=0.13 secs] 
120.800: [GC [PSYoungGen: 3982080K->68128K(4050240K)] 4537139K->623188K(4817152K), 0.0176760 secs] [Times: user=0.14 sys=0.00, real=0.02 secs] 
121.646: [GC [PSYoungGen: 4050208K->30259K(4088960K)] 4605268K->635228K(4855872K), 0.0202340 secs] [Times: user=0.14 sys=0.00, real=0.02 secs] 
122.504: [GC [PSYoungGen: 4012979K->32498K(4088064K)] 4617948K->647546K(4854976K), 0.0193950 secs] [Times: user=0.13 sys=0.00, real=0.02 secs] 
123.360: [GC [PSYoungGen: 4015218K->28837K(4092480K)] 4630266K->656613K(4859392K), 0.0116190 secs] [Times: user=0.09 sys=0.00, real=0.01 secs] 
124.203: [GC [PSYoungGen: 4017893K->33195K(4090880K)] 4645669K->669561K(4857792K), 0.0117160 secs] [Times: user=0.09 sys=0.00, real=0.03 secs] 
125.075: [GC [PSYoungGen: 4022251K->45689K(4100288K)] 4658617K->694616K(4867200K), 0.0156280 secs] [Times: user=0.12 sys=0.00, real=0.01 secs] 
125.932: [GC [PSYoungGen: 4046905K->30630K(4095232K)] 4695832K->705198K(4862144K), 0.0153380 secs] [Times: user=0.12 sys=0.00, real=0.02 secs] 
126.776: [GC [PSYoungGen: 4031846K->40261K(4106176K)] 4706414K->725570K(4873088K), 0.0140530 secs] [Times: user=0.11 sys=0.00, real=0.01 secs] 
127.625: [GC [PSYoungGen: 4054405K->58205K(4102272K)] 4739714K->763857K(4869184K), 0.0208150 secs] [Times: user=0.16 sys=0.00, real=0.02 secs] 
128.493: [GC [PSYoungGen: 4072349K->31563K(4107328K)] 4778001K->774773K(4874240K), 0.0184530 secs] [Times: user=0.14 sys=0.00, real=0.01 secs] 
128.512: [Full GC [PSYoungGen: 31563K->0K(4107328K)] [PSOldGen: 743209K->592885K(812608K)] 774773K->592885K(4919936K) [PSPermGen: 2811K->2811K(21248K)], 0.0433080 secs] [Times: user=0.04 sys=0.00, real=0.05 secs] 
129.394: [GC [PSYoungGen: 4018496K->39676K(4105472K)] 4611381K->632561K(4918080K), 0.0110040 secs] [Times: user=0.09 sys=0.00, real=0.01 secs] 
130.247: [GC [PSYoungGen: 4058172K->33049K(4112832K)] 4651057K->648174K(4925440K), 0.0148440 secs] [Times: user=0.12 sys=0.00, real=0.01 secs] 
131.114: [GC [PSYoungGen: 4062297K->27620K(4110720K)] 4677422K->656549K(4923328K), 0.0205170 secs] [Times: user=0.12 sys=0.01, real=0.02 secs] 
131.972: [GC [PSYoungGen: 4056868K->40054K(4117696K)] 4685797K->676737K(4930304K), 0.0238350 secs] [Times: user=0.15 sys=0.00, real=0.03 secs] 
132.834: [GC [PSYoungGen: 4077494K->40066K(4114048K)] 4714177K->696927K(4926656K), 0.0163510 secs] [Times: user=0.12 sys=0.01, real=0.01 secs] 
133.699: [GC [PSYoungGen: 4077506K->37194K(4123584K)] 4734367K->713818K(4936192K), 0.0153770 secs] [Times: user=0.13 sys=0.00, real=0.02 secs] 
134.556: [GC [PSYoungGen: 4087498K->54070K(4121024K)] 4764122K->747559K(4933632K), 0.0201730 secs] [Times: user=0.13 sys=0.00, real=0.02 secs] 
135.432: [GC [PSYoungGen: 4104374K->56468K(4117056K)] 4797863K->783791K(4929664K), 0.0236280 secs] [Times: user=0.19 sys=0.00, real=0.03 secs] 
136.296: [GC [PSYoungGen: 4100884K->31004K(4119360K)] 4828207K->794386K(4931968K), 0.0188030 secs] [Times: user=0.12 sys=0.00, real=0.02 secs] 
137.157: [GC [PSYoungGen: 4075420K->33770K(4122112K)] 4838802K->808473K(4934720K), 0.0171300 secs] [Times: user=0.10 sys=0.01, real=0.02 secs] 
137.174: [Full GC [PSYoungGen: 33770K->0K(4122112K)] [PSOldGen: 774703K->594330K(819264K)] 808473K->594330K(4941376K) [PSPermGen: 2811K->2811K(21248K)], 0.0443540 secs] [Times: user=0.05 sys=0.00, real=0.04 secs] 
138.063: [GC [PSYoungGen: 4048192K->41828K(4120384K)] 4642522K->636159K(4939648K), 0.0114800 secs] [Times: user=0.09 sys=0.00, real=0.01 secs] 
138.923: [GC [PSYoungGen: 4090020K->30869K(4126016K)] 4684351K->648661K(4945280K), 0.0145500 secs] [Times: user=0.12 sys=0.00, real=0.01 secs] 
139.790: [GC [PSYoungGen: 4087637K->50147K(4125056K)] 4705429K->678672K(4944320K), 0.0161950 secs] [Times: user=0.12 sys=0.00, real=0.02 secs] 
140.660: [GC [PSYoungGen: 4106915K->53642K(4121600K)] 4735440K->712185K(4940864K), 0.0215150 secs] [Times: user=0.17 sys=0.00, real=0.02 secs] 
141.525: [GC [PSYoungGen: 4106122K->70847K(4123328K)] 4764665K->767113K(4942592K), 0.0270770 secs] [Times: user=0.21 sys=0.00, real=0.02 secs] 
142.386: [GC [PSYoungGen: 4123327K->70966K(4048064K)] 4819593K->832029K(4867328K), 0.0328190 secs] [Times: user=0.26 sys=0.00, real=0.03 secs] 
142.419: [Full GC [PSYoungGen: 70966K->0K(4048064K)] [PSOldGen: 761062K->596711K(848384K)] 832029K->596711K(4896448K) [PSPermGen: 2811K->2811K(21248K)], 0.0539580 secs] [Times: user=0.04 sys=0.00, real=0.05 secs] 
143.293: [GC [PSYoungGen: 3977088K->99198K(4076288K)] 4573799K->695910K(4924672K), 0.0237560 secs] [Times: user=0.16 sys=0.00, real=0.02 secs] 
144.144: [GC [PSYoungGen: 4076286K->28111K(4074496K)] 4672998K->704382K(4922880K), 0.0266530 secs] [Times: user=0.21 sys=0.00, real=0.02 secs] 
145.011: [GC [PSYoungGen: 3984591K->31478K(4075392K)] 4660862K->716338K(4923776K), 0.0112980 secs] [Times: user=0.07 sys=0.00, real=0.01 secs] 
145.850: [GC [PSYoungGen: 3987958K->31288K(4080128K)] 4672818K->728463K(4928512K), 0.0122650 secs] [Times: user=0.09 sys=0.00, real=0.01 secs] 
146.710: [GC [PSYoungGen: 3994680K->31309K(4077568K)] 4691855K->740119K(4925952K), 0.0120210 secs] [Times: user=0.09 sys=0.00, real=0.01 secs] 
147.545: [GC [PSYoungGen: 3994701K->40381K(4087744K)] 4703511K->760844K(4936128K), 0.0143950 secs] [Times: user=0.11 sys=0.00, real=0.01 secs] 
148.381: [GC [PSYoungGen: 4016829K->38632K(4083008K)] 4737292K->780761K(4931392K), 0.0165540 secs] [Times: user=0.09 sys=0.00, real=0.02 secs] 
149.218: [GC [PSYoungGen: 4015080K->45788K(4097152K)] 4757209K->806438K(4945536K), 0.0172970 secs] [Times: user=0.13 sys=0.00, real=0.02 secs] 
150.071: [GC [PSYoungGen: 4040540K->58326K(4091904K)] 4801190K->844360K(4940288K), 0.0216920 secs] [Times: user=0.16 sys=0.00, real=0.02 secs] 
150.925: [GC [PSYoungGen: 4053078K->37195K(4100928K)] 4839112K->861035K(4949312K), 0.0207240 secs] [Times: user=0.08 sys=0.07, real=0.02 secs] 
150.946: [Full GC [PSYoungGen: 37195K->0K(4100928K)] [PSOldGen: 823839K->562708K(825728K)] 861035K->562708K(4926656K) [PSPermGen: 2811K->2811K(21248K)], 0.1317390 secs] [Times: user=0.13 sys=0.00, real=0.13 secs] 
151.912: [GC [PSYoungGen: 4004608K->41971K(4097984K)] 4567316K->604680K(4923712K), 0.0125730 secs] [Times: user=0.08 sys=0.00, real=0.02 secs] 
152.764: [GC [PSYoungGen: 4046579K->30252K(4106112K)] 4609288K->616776K(4931840K), 0.0144900 secs] [Times: user=0.12 sys=0.00, real=0.01 secs] 
153.616: [GC [PSYoungGen: 4046700K->50689K(4104640K)] 4633224K->648286K(4930368K), 0.0161480 secs] [Times: user=0.13 sys=0.00, real=0.01 secs] 
154.475: [GC [PSYoungGen: 4067137K->31119K(4109952K)] 4664734K->659982K(4935680K), 0.0162140 secs] [Times: user=0.13 sys=0.00, real=0.01 secs] 
155.326: [GC [PSYoungGen: 4055119K->56494K(4108352K)] 4683982K->696347K(4934080K), 0.0174110 secs] [Times: user=0.13 sys=0.00, real=0.02 secs] 
156.177: [GC [PSYoungGen: 4080494K->50398K(4111488K)] 4720347K->727643K(4937216K), 0.0222100 secs] [Times: user=0.17 sys=0.00, real=0.02 secs] 
157.035: [GC [PSYoungGen: 4076958K->35809K(4109376K)] 4754203K->744074K(4935104K), 0.0172840 secs] [Times: user=0.12 sys=0.00, real=0.01 secs] 
157.886: [GC [PSYoungGen: 4062369K->54959K(4113216K)] 4770634K->779584K(4938944K), 0.0180940 secs] [Times: user=0.12 sys=0.00, real=0.02 secs] 
158.745: [GC [PSYoungGen: 4087343K->67233K(4099648K)] 4811968K->824690K(4925376K), 0.0245960 secs] [Times: user=0.17 sys=0.00, real=0.02 secs] 
159.615: [GC [PSYoungGen: 4099617K->65903K(4103168K)] 4857074K->872082K(4928896K), 0.0271690 secs] [Times: user=0.18 sys=0.00, real=0.02 secs] 
159.642: [Full GC [PSYoungGen: 65903K->0K(4103168K)] [PSOldGen: 806179K->551022K(827648K)] 872082K->551022K(4930816K) [PSPermGen: 2811K->2811K(21248K)], 0.0799000 secs] [Times: user=0.07 sys=0.00, real=0.08 secs] 
160.556: [GC [PSYoungGen: 4017792K->88255K(4106048K)] 4568814K->646176K(4933696K), 0.0233370 secs] [Times: user=0.18 sys=0.00, real=0.02 secs] 
161.424: [GC [PSYoungGen: 4106047K->30432K(4081344K)] 4663968K->659101K(4908992K), 0.0249300 secs] [Times: user=0.19 sys=0.00, real=0.02 secs] 
162.282: [GC [PSYoungGen: 4023520K->56897K(4093696K)] 4652189K->696888K(4921344K), 0.0172290 secs] [Times: user=0.14 sys=0.00, real=0.02 secs] 
163.136: [GC [PSYoungGen: 4049985K->48739K(4100608K)] 4689976K->725747K(4928256K), 0.0290450 secs] [Times: user=0.18 sys=0.01, real=0.03 secs] 
164.003: [GC [PSYoungGen: 4051811K->43972K(4096768K)] 4728819K->749765K(4924416K), 0.0212270 secs] [Times: user=0.15 sys=0.00, real=0.02 secs] 
164.855: [GC [PSYoungGen: 4047044K->56648K(4105408K)] 4752837K->786657K(4933056K), 0.0209410 secs] [Times: user=0.14 sys=0.00, real=0.02 secs] 
165.719: [GC [PSYoungGen: 4071176K->52241K(4103424K)] 4801185K->818971K(4931072K), 0.0219100 secs] [Times: user=0.14 sys=0.00, real=0.02 secs] 
165.741: [Full GC [PSYoungGen: 52241K->0K(4103424K)] [PSOldGen: 766730K->520001K(814912K)] 818971K->520001K(4918336K) [PSPermGen: 2811K->2811K(21248K)], 0.1109820 secs] [Times: user=0.11 sys=0.00, real=0.11 secs] 
166.684: [GC [PSYoungGen: 4014528K->63219K(4107264K)] 4534529K->583220K(4922176K), 0.0160110 secs] [Times: user=0.10 sys=0.00, real=0.01 secs] 
167.533: [GC [PSYoungGen: 4085107K->40528K(4108096K)] 4605108K->605903K(4923008K), 0.0219800 secs] [Times: user=0.17 sys=0.00, real=0.02 secs] 
168.396: [GC [PSYoungGen: 4062416K->37010K(4110080K)] 4627791K->622810K(4924992K), 0.0179470 secs] [Times: user=0.12 sys=0.00, real=0.02 secs] 
169.254: [GC [PSYoungGen: 4062034K->35602K(4109248K)] 4647834K->638558K(4924160K), 0.0233060 secs] [Times: user=0.16 sys=0.00, real=0.02 secs] 
170.115: [GC [PSYoungGen: 4060626K->33109K(4111744K)] 4663582K->652013K(4926656K), 0.0132410 secs] [Times: user=0.10 sys=0.00, real=0.01 secs] 
170.965: [GC [PSYoungGen: 4061525K->38732K(4110976K)] 4680429K->671266K(4925888K), 0.0142470 secs] [Times: user=0.11 sys=0.00, real=0.01 secs] 
171.819: [GC [PSYoungGen: 4067148K->37910K(4115840K)] 4699682K->689131K(4930752K), 0.0151680 secs] [Times: user=0.11 sys=0.00, real=0.02 secs] 
172.681: [GC [PSYoungGen: 4073302K->49164K(4113856K)] 4724523K->718567K(4928768K), 0.0179680 secs] [Times: user=0.14 sys=0.00, real=0.02 secs] 
173.548: [GC [PSYoungGen: 4084556K->32699K(4118592K)] 4753959K->731880K(4933504K), 0.0166820 secs] [Times: user=0.13 sys=0.00, real=0.02 secs] 
174.403: [GC [PSYoungGen: 4074747K->47757K(4117760K)] 4773928K->759989K(4932672K), 0.0162740 secs] [Times: user=0.13 sys=0.00, real=0.01 secs] 
175.273: [GC [PSYoungGen: 4089805K->44882K(4123392K)] 4802037K->785153K(4938304K), 0.0195280 secs] [Times: user=0.15 sys=0.00, real=0.02 secs] 
176.136: [GC [PSYoungGen: 4094482K->36373K(4120512K)] 4834753K->801457K(4935424K), 0.0167560 secs] [Times: user=0.14 sys=0.00, real=0.01 secs] 
177.001: [GC [PSYoungGen: 4085973K->63257K(4115456K)] 4851057K->845124K(4930368K), 0.0203900 secs] [Times: user=0.14 sys=0.00, real=0.02 secs] 
177.021: [Full GC [PSYoungGen: 63257K->0K(4115456K)] [PSOldGen: 781866K->476677K(771776K)] 845124K->476677K(4887232K) [PSPermGen: 2811K->2811K(21248K)], 0.1106750 secs] [Times: user=0.11 sys=0.00, real=0.11 secs] 
177.975: [GC [PSYoungGen: 4045696K->52182K(4120000K)] 4522373K->528860K(4891776K), 0.0136740 secs] [Times: user=0.10 sys=0.00, real=0.01 secs] 
178.828: [GC [PSYoungGen: 4097878K->33291K(4121024K)] 4574556K->544648K(4892800K), 0.0175510 secs] [Times: user=0.13 sys=0.00, real=0.02 secs] 
179.684: [GC [PSYoungGen: 4080523K->45136K(4120512K)] 4591880K->570455K(4892288K), 0.0156530 secs] [Times: user=0.12 sys=0.00, real=0.01 secs] 
180.546: [GC [PSYoungGen: 4092368K->57203K(4119936K)] 4617687K->607664K(4891712K), 0.0207750 secs] [Times: user=0.16 sys=0.00, real=0.02 secs] 
181.409: [GC [PSYoungGen: 4106611K->44677K(4121856K)] 4657072K->631868K(4893632K), 0.0203370 secs] [Times: user=0.16 sys=0.00, real=0.05 secs] 
182.325: [GC [PSYoungGen: 4094085K->65923K(4114432K)] 4681276K->677668K(4886208K), 0.0394470 secs] [Times: user=0.27 sys=0.00, real=0.04 secs] 
183.205: [GC [PSYoungGen: 4110211K->34132K(4119296K)] 4721956K->692786K(4891072K), 0.0201210 secs] [Times: user=0.13 sys=0.00, real=0.02 secs] 
184.066: [GC [PSYoungGen: 4078420K->41737K(4121472K)] 4737074K->715926K(4893248K), 0.0154450 secs] [Times: user=0.12 sys=0.00, real=0.01 secs] 
184.933: [GC [PSYoungGen: 4088457K->37976K(4119552K)] 4762646K->734659K(4891328K), 0.0205000 secs] [Times: user=0.13 sys=0.00, real=0.02 secs] 
185.794: [GC [PSYoungGen: 4084696K->33228K(4123264K)] 4781379K->749252K(4895040K), 0.0143880 secs] [Times: user=0.11 sys=0.00, real=0.01 secs] 
186.663: [GC [PSYoungGen: 4084876K->33729K(4122688K)] 4800900K->764756K(4894464K), 0.0136820 secs] [Times: user=0.11 sys=0.00, real=0.02 secs] 
186.677: [Full GC [PSYoungGen: 33729K->0K(4122688K)] [PSOldGen: 731027K->453146K(766976K)] 764756K->453146K(4889664K) [PSPermGen: 2811K->2811K(21248K)], 0.1104860 secs] [Times: user=0.11 sys=0.00, real=0.11 secs] 
187.628: [GC [PSYoungGen: 4051648K->64271K(4113920K)] 4504794K->517418K(4880896K), 0.0164680 secs] [Times: user=0.13 sys=0.00, real=0.02 secs] 
188.483: [GC [PSYoungGen: 4108047K->66588K(4110400K)] 4561194K->566958K(4877376K), 0.0273240 secs] [Times: user=0.22 sys=0.00, real=0.02 secs] 
189.349: [GC [PSYoungGen: 4110364K->42491K(4116544K)] 4610734K->589935K(4883520K), 0.0223590 secs] [Times: user=0.17 sys=0.00, real=0.02 secs] 
190.221: [GC [PSYoungGen: 4078907K->29580K(4114176K)] 4626351K->599932K(4881152K), 0.0246280 secs] [Times: user=0.16 sys=0.00, real=0.03 secs] 
191.100: [GC [PSYoungGen: 4065996K->42196K(4119424K)] 4636348K->622694K(4886400K), 0.0143390 secs] [Times: user=0.10 sys=0.00, real=0.02 secs] 
191.965: [GC [PSYoungGen: 4083988K->45523K(4116672K)] 4664486K->647100K(4883648K), 0.0190100 secs] [Times: user=0.13 sys=0.00, real=0.02 secs] 
192.820: [GC [PSYoungGen: 4087315K->43373K(4124608K)] 4688892K->670341K(4891584K), 0.0272820 secs] [Times: user=0.16 sys=0.00, real=0.03 secs] 
193.701: [GC [PSYoungGen: 4095853K->33139K(4122176K)] 4722821K->683925K(4889152K), 0.0154420 secs] [Times: user=0.13 sys=0.00, real=0.02 secs] 
194.555: [GC [PSYoungGen: 4085619K->61750K(4116800K)] 4736405K->726001K(4883776K), 0.0200930 secs] [Times: user=0.16 sys=0.00, real=0.02 secs] 
195.428: [GC [PSYoungGen: 4109366K->35091K(4120960K)] 4773617K->742114K(4887936K), 0.0205540 secs] [Times: user=0.16 sys=0.00, real=0.02 secs] 
196.285: [GC [PSYoungGen: 4082707K->39833K(4124032K)] 4789730K->762804K(4891008K), 0.0162450 secs] [Times: user=0.11 sys=0.00, real=0.01 secs] 
196.301: [Full GC [PSYoungGen: 39833K->0K(4124032K)] [PSOldGen: 722970K->477919K(812864K)] 762804K->477919K(4936896K) [PSPermGen: 2811K->2811K(21248K)], 0.0617430 secs] [Times: user=0.05 sys=0.00, real=0.06 secs] 
197.202: [GC [PSYoungGen: 4051712K->70177K(4121920K)] 4529631K->553394K(4934784K), 0.0261150 secs] [Times: user=0.18 sys=0.00, real=0.03 secs] 
198.066: [GC [PSYoungGen: 4121889K->44983K(4117568K)] 4605106K->579139K(4930432K), 0.0238290 secs] [Times: user=0.18 sys=0.00, real=0.02 secs] 
198.938: [GC [PSYoungGen: 4090167K->35078K(4119744K)] 4624323K->595782K(4932608K), 0.0159070 secs] [Times: user=0.12 sys=0.00, real=0.02 secs] 
199.804: [GC [PSYoungGen: 4080262K->37895K(4122176K)] 4640966K->614720K(4935040K), 0.0147890 secs] [Times: user=0.11 sys=0.00, real=0.01 secs] 
200.673: [GC [PSYoungGen: 4086407K->32296K(4120640K)] 4663232K->627221K(4933504K), 0.0135810 secs] [Times: user=0.10 sys=0.00, real=0.01 secs] 
201.534: [GC [PSYoungGen: 4080808K->71407K(4072192K)] 4675733K->714309K(4885056K), 0.0265490 secs] [Times: user=0.20 sys=0.00, real=0.02 secs] 
202.398: [GC [PSYoungGen: 4072175K->96251K(4097024K)] 4715077K->819001K(4909888K), 0.0396450 secs] [Times: user=0.31 sys=0.00, real=0.04 secs] 
203.266: [GC [PSYoungGen: 4097019K->31433K(4076160K)] 4819769K->831134K(4889024K), 0.0280690 secs] [Times: user=0.17 sys=0.04, real=0.03 secs] 
203.294: [Full GC [PSYoungGen: 31433K->0K(4076160K)] [PSOldGen: 799701K->449098K(837120K)] 831134K->449098K(4913280K) [PSPermGen: 2811K->2811K(21248K)], 0.0955950 secs] [Times: user=0.09 sys=0.00, real=0.09 secs] 
204.214: [GC [PSYoungGen: 3978880K->51056K(4086592K)] 4427978K->500155K(4923712K), 0.0134820 secs] [Times: user=0.11 sys=0.00, real=0.01 secs] 
205.053: [GC [PSYoungGen: 4029936K->35023K(4093696K)] 4479035K->516686K(4930816K), 0.0213060 secs] [Times: user=0.13 sys=0.00, real=0.02 secs] 
205.913: [GC [PSYoungGen: 4026127K->44602K(4091712K)] 4507790K->542138K(4928832K), 0.0156790 secs] [Times: user=0.13 sys=0.00, real=0.02 secs] 
206.761: [GC [PSYoungGen: 4035706K->32993K(4099200K)] 4533242K->554761K(4936320K), 0.0247120 secs] [Times: user=0.16 sys=0.00, real=0.03 secs] 
207.625: [GC [PSYoungGen: 4035425K->70054K(4072512K)] 4557193K->604301K(4909632K), 0.0196560 secs] [Times: user=0.11 sys=0.00, real=0.02 secs] 
208.476: [GC [PSYoungGen: 4072486K->30131K(4097152K)] 4606733K->614432K(4934272K), 0.0198530 secs] [Times: user=0.15 sys=0.01, real=0.02 secs] 
209.335: [GC [PSYoungGen: 4028915K->53344K(4095936K)] 4613216K->648469K(4933056K), 0.0167560 secs] [Times: user=0.14 sys=0.00, real=0.01 secs] 
210.175: [GC [PSYoungGen: 4052128K->68384K(4095040K)] 4647253K->697176K(4932160K), 0.0253440 secs] [Times: user=0.20 sys=0.00, real=0.02 secs] 
211.043: [GC [PSYoungGen: 4069408K->51315K(4097664K)] 4698200K->728838K(4934784K), 0.0239330 secs] [Times: user=0.15 sys=0.00, real=0.03 secs] 
211.906: [GC [PSYoungGen: 4052339K->37054K(4103872K)] 4729862K->745760K(4940992K), 0.0177600 secs] [Times: user=0.14 sys=0.00, real=0.02 secs] 
212.758: [GC [PSYoungGen: 4048766K->34586K(4102144K)] 4757472K->760738K(4939264K), 0.0142800 secs] [Times: user=0.11 sys=0.00, real=0.03 secs] 
213.624: [GC [PSYoungGen: 4046298K->34377K(4107072K)] 4772450K->776651K(4944192K), 0.0137000 secs] [Times: user=0.11 sys=0.00, real=0.01 secs] 
214.474: [GC [PSYoungGen: 4052489K->38998K(4105344K)] 4794763K->795075K(4942464K), 0.0188830 secs] [Times: user=0.11 sys=0.00, real=0.01 secs] 
215.328: [GC [PSYoungGen: 4057110K->44424K(4113344K)] 4813187K->819932K(4950464K), 0.0170990 secs] [Times: user=0.13 sys=0.00, real=0.02 secs] 
215.345: [Full GC [PSYoungGen: 44424K->0K(4113344K)] [PSOldGen: 775508K->462747K(846144K)] 819932K->462747K(4959488K) [PSPermGen: 2811K->2811K(21248K)], 0.0794480 secs] [Times: user=0.08 sys=0.00, real=0.08 secs] 
216.256: [GC [PSYoungGen: 4028800K->50461K(4109760K)] 4491547K->513208K(4955904K), 0.0132300 secs] [Times: user=0.10 sys=0.00, real=0.01 secs] 
217.104: [GC [PSYoungGen: 4079261K->59394K(4112064K)] 4542008K->555114K(4958208K), 0.0228660 secs] [Times: user=0.18 sys=0.00, real=0.02 secs] 
217.967: [GC [PSYoungGen: 4092290K->48126K(4113600K)] 4588010K->585127K(4959744K), 0.0223910 secs] [Times: user=0.17 sys=0.00, real=0.02 secs] 
218.825: [GC [PSYoungGen: 4081022K->41838K(4118720K)] 4618023K->608360K(4964864K), 0.0189280 secs] [Times: user=0.13 sys=0.00, real=0.02 secs] 
219.680: [GC [PSYoungGen: 4082990K->66183K(4107392K)] 4649512K->656440K(4953536K), 0.0216120 secs] [Times: user=0.17 sys=0.00, real=0.02 secs] 
220.546: [GC [PSYoungGen: 4107335K->45483K(4116992K)] 4697592K->673198K(4963136K), 0.0206010 secs] [Times: user=0.17 sys=0.00, real=0.02 secs] 
221.396: [GC [PSYoungGen: 4082667K->77292K(4114496K)] 4710382K->765220K(4960640K), 0.0319350 secs] [Times: user=0.25 sys=0.00, real=0.03 secs] 
222.276: [GC [PSYoungGen: 4114476K->46769K(4065728K)] 4802404K->797744K(4911872K), 0.0258900 secs] [Times: user=0.20 sys=0.00, real=0.02 secs] 
223.124: [GC [PSYoungGen: 4032689K->74080K(4060032K)] 4783664K->854087K(4906176K), 0.0231510 secs] [Times: user=0.19 sys=0.00, real=0.02 secs] 
223.148: [Full GC [PSYoungGen: 74080K->0K(4060032K)] [PSOldGen: 780007K->345459K(756160K)] 854087K->345459K(4816192K) [PSPermGen: 2811K->2811K(21248K)], 0.0959830 secs] [Times: user=0.08 sys=0.00, real=0.09 secs] 
224.076: [GC [PSYoungGen: 3985920K->57776K(4093056K)] 4331379K->403235K(4849216K), 0.0147530 secs] [Times: user=0.12 sys=0.00, real=0.01 secs] 
224.916: [GC [PSYoungGen: 4044912K->42718K(4088384K)] 4390371K->428012K(4844544K), 0.0206640 secs] [Times: user=0.17 sys=0.00, real=0.02 secs] 
225.771: [GC [PSYoungGen: 4029854K->35622K(4095424K)] 4415148K->443658K(4851584K), 0.0153860 secs] [Times: user=0.12 sys=0.00, real=0.02 secs] 
226.615: [GC [PSYoungGen: 4031462K->59195K(4094720K)] 4439498K->483022K(4850880K), 0.0191250 secs] [Times: user=0.14 sys=0.01, real=0.02 secs] 
227.462: [GC [PSYoungGen: 4055035K->42208K(4100096K)] 4478862K->505992K(4856256K), 0.0207200 secs] [Times: user=0.14 sys=0.00, real=0.02 secs] 
228.316: [GC [PSYoungGen: 4046176K->52338K(4098176K)] 4509960K->539105K(4854336K), 0.0215410 secs] [Times: user=0.14 sys=0.00, real=0.02 secs] 
229.167: [GC [PSYoungGen: 4056306K->53146K(4107520K)] 4543073K->567787K(4863680K), 0.0202810 secs] [Times: user=0.14 sys=0.00, real=0.02 secs] 
230.034: [GC [PSYoungGen: 4070234K->31439K(4103872K)] 4584875K->579664K(4860032K), 0.0169420 secs] [Times: user=0.14 sys=0.00, real=0.01 secs] 
230.892: [GC [PSYoungGen: 4048527K->46284K(4109824K)] 4596752K->606658K(4865984K), 0.0250940 secs] [Times: user=0.17 sys=0.00, real=0.03 secs] 
231.764: [GC [PSYoungGen: 4068876K->62370K(4107072K)] 4629250K->648218K(4863232K), 0.0232850 secs] [Times: user=0.16 sys=0.00, real=0.02 secs] 
232.637: [GC [PSYoungGen: 4084962K->25690K(4106688K)] 4670810K->654971K(4862848K), 0.0208130 secs] [Times: user=0.12 sys=0.00, real=0.02 secs] 
233.493: [GC [PSYoungGen: 4046938K->42439K(4107776K)] 4676219K->679624K(4863936K), 0.0133120 secs] [Times: user=0.06 sys=0.00, real=0.01 secs] 
234.356: [GC [PSYoungGen: 4063687K->53218K(4112128K)] 4700872K->713634K(4868288K), 0.0228950 secs] [Times: user=0.15 sys=0.00, real=0.02 secs] 
235.213: [GC [PSYoungGen: 4081314K->31670K(4110272K)] 4741730K->725175K(4866432K), 0.0172510 secs] [Times: user=0.14 sys=0.00, real=0.02 secs] 
236.074: [GC [PSYoungGen: 4059766K->45997K(4115712K)] 4753271K->750707K(4871872K), 0.0157620 secs] [Times: user=0.08 sys=0.00, real=0.01 secs] 
236.090: [Full GC [PSYoungGen: 45997K->0K(4115712K)] [PSOldGen: 704710K->459087K(873792K)] 750707K->459087K(4989504K) [PSPermGen: 2811K->2811K(21248K)], 0.0641580 secs] [Times: user=0.05 sys=0.00, real=0.07 secs] 
236.989: [GC [PSYoungGen: 4033920K->47522K(4112512K)] 4493007K->506609K(4986304K), 0.0128630 secs] [Times: user=0.09 sys=0.00, real=0.01 secs] 
237.842: [GC [PSYoungGen: 4081442K->34901K(4119424K)] 4540529K->523575K(4993216K), 0.0215300 secs] [Times: user=0.13 sys=0.00, real=0.03 secs] 
238.705: [GC [PSYoungGen: 4078741K->50002K(4118720K)] 4567415K->552968K(4992512K), 0.0170480 secs] [Times: user=0.14 sys=0.00, real=0.01 secs] 
239.564: [GC [PSYoungGen: 4093842K->37517K(4122048K)] 4596808K->569674K(4995840K), 0.0230310 secs] [Times: user=0.16 sys=0.00, real=0.02 secs] 
240.425: [GC [PSYoungGen: 4086093K->49149K(4120832K)] 4618250K->597998K(4994624K), 0.0170770 secs] [Times: user=0.13 sys=0.00, real=0.01 secs] 
241.284: [GC [PSYoungGen: 4097725K->33676K(4123776K)] 4646574K->612634K(4997568K), 0.0190330 secs] [Times: user=0.12 sys=0.00, real=0.01 secs] 
242.157: [GC [PSYoungGen: 4086540K->34949K(4123392K)] 4665498K->626883K(4997184K), 0.0153380 secs] [Times: user=0.10 sys=0.00, real=0.01 secs] 
243.013: [GC [PSYoungGen: 4087813K->46451K(4126272K)] 4679747K->654424K(5000064K), 0.0169760 secs] [Times: user=0.12 sys=0.00, real=0.01 secs] 
243.870: [GC [PSYoungGen: 4103155K->39585K(4124736K)] 4711128K->674605K(4998528K), 0.0172980 secs] [Times: user=0.14 sys=0.00, real=0.02 secs] 
244.734: [GC [PSYoungGen: 4096289K->41979K(4129984K)] 4731309K->696513K(5003776K), 0.0163150 secs] [Times: user=0.13 sys=0.00, real=0.01 secs] 
245.594: [GC [PSYoungGen: 4105595K->54868K(4118528K)] 4760129K->730812K(4992320K), 0.0196360 secs] [Times: user=0.15 sys=0.00, real=0.02 secs] 
246.483: [GC [PSYoungGen: 4118484K->29932K(4127168K)] 4794428K->741281K(5000960K), 0.0169930 secs] [Times: user=0.14 sys=0.00, real=0.01 secs] 
247.333: [GC [PSYoungGen: 4090604K->66814K(4127488K)] 4801953K->799200K(5001280K), 0.0225650 secs] [Times: user=0.17 sys=0.00, real=0.02 secs] 
248.212: [GC [PSYoungGen: 4127486K->39340K(4118144K)] 4859872K->818140K(4991936K), 0.0211410 secs] [Times: user=0.16 sys=0.01, real=0.03 secs] 
249.072: [GC [PSYoungGen: 4090668K->65685K(4117056K)] 4869468K->864737K(4990848K), 0.0213450 secs] [Times: user=0.16 sys=0.01, real=0.03 secs] 
249.936: [GC [PSYoungGen: 4117013K->30867K(4118016K)] 4916065K->875173K(4991808K), 0.0218790 secs] [Times: user=0.08 sys=0.09, real=0.02 secs] 
249.958: [Full GC [PSYoungGen: 30867K->0K(4118016K)] [PSOldGen: 844306K->445973K(876736K)] 875173K->445973K(4994752K) [PSPermGen: 2811K->2811K(21248K)], 0.0723320 secs] [Times: user=0.06 sys=0.00, real=0.07 secs] 
250.875: [GC [PSYoungGen: 4041472K->56000K(4097536K)] 4487445K->501973K(4974272K), 0.0204180 secs] [Times: user=0.13 sys=0.00, real=0.02 secs] 
251.756: [GC [PSYoungGen: 4097472K->37194K(4118656K)] 4543445K->521588K(4995392K), 0.0193950 secs] [Times: user=0.16 sys=0.00, real=0.02 secs] 
252.629: [GC [PSYoungGen: 4078666K->51031K(4117120K)] 4563060K->553946K(4993856K), 0.0214040 secs] [Times: user=0.14 sys=0.00, real=0.02 secs] 
253.495: [GC [PSYoungGen: 4092503K->46967K(4122112K)] 4595418K->581149K(4998848K), 0.0198900 secs] [Times: user=0.15 sys=0.00, real=0.02 secs] 
254.372: [GC [PSYoungGen: 4094391K->30801K(4119616K)] 4628573K->591450K(4996352K), 0.0234150 secs] [Times: user=0.16 sys=0.00, real=0.03 secs] 
255.261: [GC [PSYoungGen: 4078225K->60665K(4115712K)] 4638874K->631468K(4992448K), 0.0230860 secs] [Times: user=0.13 sys=0.00, real=0.03 secs] 
256.163: [GC [PSYoungGen: 4104185K->33684K(4118912K)] 4674988K->644528K(4995648K), 0.0190800 secs] [Times: user=0.15 sys=0.00, real=0.01 secs] 
257.043: [GC [PSYoungGen: 4077204K->35953K(4121152K)] 4688048K->660435K(4997888K), 0.0135320 secs] [Times: user=0.11 sys=0.00, real=0.01 secs] 
257.911: [GC [PSYoungGen: 4082545K->40143K(4119744K)] 4707027K->680829K(4996480K), 0.0152910 secs] [Times: user=0.12 sys=0.00, real=0.02 secs] 
258.773: [GC [PSYoungGen: 4086735K->35291K(4124672K)] 4727421K->695823K(5001408K), 0.0224940 secs] [Times: user=0.14 sys=0.00, real=0.03 secs] 
259.638: [GC [PSYoungGen: 4089051K->37838K(4123392K)] 4749583K->713581K(5000128K), 0.0145410 secs] [Times: user=0.12 sys=0.00, real=0.01 secs] 
260.503: [GC [PSYoungGen: 4091598K->41542K(4128960K)] 4767341K->735136K(5005696K), 0.0230040 secs] [Times: user=0.15 sys=0.00, real=0.02 secs] 
261.377: [GC [PSYoungGen: 4102726K->45064K(4126528K)] 4796320K->760655K(5003264K), 0.0179660 secs] [Times: user=0.13 sys=0.01, real=0.02 secs] 
262.246: [GC [PSYoungGen: 4106248K->48838K(4129920K)] 4821839K->789482K(5006656K), 0.0189610 secs] [Times: user=0.13 sys=0.00, real=0.02 secs] 
263.105: [GC [PSYoungGen: 4114630K->64250K(4130048K)] 4855274K->846610K(5006784K), 0.0252210 secs] [Times: user=0.20 sys=0.00, real=0.02 secs] 
263.974: [GC [PSYoungGen: 4130042K->39378K(4121600K)] 4912402K->856729K(4998336K), 0.0188980 secs] [Times: user=0.15 sys=0.00, real=0.01 secs] 
264.833: [GC [PSYoungGen: 4096722K->36329K(4125824K)] 4914073K->873277K(5002560K), 0.0149920 secs] [Times: user=0.12 sys=0.00, real=0.01 secs] 
264.848: [Full GC [PSYoungGen: 36329K->0K(4125824K)] [PSOldGen: 836947K->372161K(816128K)] 873277K->372161K(4941952K) [PSPermGen: 2811K->2811K(21248K)], 0.0709590 secs] [Times: user=0.07 sys=0.00, real=0.07 secs] 
265.764: [GC [PSYoungGen: 4057344K->49751K(4126912K)] 4429505K->421912K(4943040K), 0.0192810 secs] [Times: user=0.12 sys=0.00, real=0.01 secs] 
266.635: [GC [PSYoungGen: 4109143K->41225K(4126784K)] 4481304K->444551K(4942912K), 0.0186070 secs] [Times: user=0.15 sys=0.00, real=0.02 secs] 
267.491: [GC [PSYoungGen: 4100617K->60149K(4121024K)] 4503943K->485058K(4937152K), 0.0270800 secs] [Times: user=0.17 sys=0.00, real=0.03 secs] 
268.362: [GC [PSYoungGen: 4115573K->55920K(4111360K)] 4540482K->516557K(4927488K), 0.0276910 secs] [Times: user=0.20 sys=0.00, real=0.03 secs] 
269.242: [GC [PSYoungGen: 4111344K->39800K(4124736K)] 4571981K->536132K(4940864K), 0.0188290 secs] [Times: user=0.15 sys=0.00, real=0.02 secs] 
270.102: [GC [PSYoungGen: 4093688K->36794K(4123456K)] 4590020K->552723K(4939584K), 0.0246210 secs] [Times: user=0.17 sys=0.00, real=0.03 secs] 
270.965: [GC [PSYoungGen: 4090682K->38938K(4126784K)] 4606611K->571154K(4942912K), 0.0150190 secs] [Times: user=0.11 sys=0.00, real=0.01 secs] 
271.824: [GC [PSYoungGen: 4096922K->41696K(4125504K)] 4629138K->594833K(4941632K), 0.0164510 secs] [Times: user=0.13 sys=0.00, real=0.01 secs] 
272.684: [GC [PSYoungGen: 4099680K->26931K(4126976K)] 4652817K->602471K(4943104K), 0.0183860 secs] [Times: user=0.09 sys=0.00, real=0.01 secs] 
273.554: [GC [PSYoungGen: 4088243K->55271K(4116608K)] 4663783K->639476K(4932736K), 0.0167410 secs] [Times: user=0.13 sys=0.00, real=0.01 secs] 
274.413: [GC [PSYoungGen: 4116583K->42383K(4127744K)] 4700788K->661580K(4943872K), 0.0230750 secs] [Times: user=0.16 sys=0.00, real=0.03 secs] 
275.279: [GC [PSYoungGen: 4101327K->47082K(4125504K)] 4720524K->688681K(4941632K), 0.0202090 secs] [Times: user=0.14 sys=0.00, real=0.02 secs] 
276.142: [GC [PSYoungGen: 4106026K->35373K(4129472K)] 4747625K->703770K(4945600K), 0.0162950 secs] [Times: user=0.13 sys=0.00, real=0.02 secs] 
277.014: [GC [PSYoungGen: 4099309K->36993K(4128768K)] 4767706K->722918K(4944896K), 0.0177860 secs] [Times: user=0.09 sys=0.00, real=0.01 secs] 
277.883: [GC [PSYoungGen: 4100929K->32058K(4130944K)] 4786854K->735512K(4947072K), 0.0137150 secs] [Times: user=0.11 sys=0.00, real=0.02 secs] 
278.744: [GC [PSYoungGen: 4099258K->30348K(4130560K)] 4802712K->747845K(4946688K), 0.0122250 secs] [Times: user=0.08 sys=0.00, real=0.01 secs] 
279.596: [GC [PSYoungGen: 4097548K->52301K(4126912K)] 4815045K->782608K(4943040K), 0.0162080 secs] [Times: user=0.12 sys=0.00, real=0.01 secs] 
280.459: [GC [PSYoungGen: 4116038K->56368K(4120256K)] 4846345K->816360K(4936384K), 0.0203850 secs] [Times: user=0.13 sys=0.00, real=0.03 secs] 
281.794: [GC-- [PSYoungGen: 4119647K->4119647K(4120256K)] 4879639K->5198436K(5200192K), 0.2788480 secs] [Times: user=0.61 sys=0.25, real=0.27 secs] 
282.073: [Full GC [PSYoungGen: 4119647K->0K(4120256K)] [PSOldGen: 1078789K->1036972K(1487232K)] 5198436K->1036972K(5607488K) [PSPermGen: 2811K->2811K(21248K)], 0.3713630 secs] [Times: user=0.37 sys=0.00, real=0.38 secs] 
283.285: [GC [PSYoungGen: 4063872K->57427K(4120320K)] 5100844K->1094399K(5607552K), 0.0152680 secs] [Times: user=0.12 sys=0.00, real=0.01 secs] 
284.145: [GC [PSYoungGen: 4109395K->26407K(4078400K)] 5146367K->1104730K(5565632K), 0.0173480 secs] [Times: user=0.14 sys=0.00, real=0.01 secs] 
285.007: [GC [PSYoungGen: 4078375K->42116K(4125568K)] 5156698K->1126951K(5612800K), 0.0139170 secs] [Times: user=0.09 sys=0.02, real=0.01 secs] 
285.863: [GC [PSYoungGen: 4096132K->26515K(4122752K)] 5180967K->1132521K(5609984K), 0.0133820 secs] [Times: user=0.06 sys=0.04, real=0.02 secs] 
286.735: [GC [PSYoungGen: 4080531K->29537K(4126272K)] 5186537K->1140558K(5613504K), 0.0164180 secs] [Times: user=0.09 sys=0.02, real=0.01 secs] 
287.588: [GC [PSYoungGen: 4086945K->43976K(4125440K)] 5197966K->1164413K(5612672K), 0.0153470 secs] [Times: user=0.11 sys=0.01, real=0.02 secs] 
288.454: [GC [PSYoungGen: 4101384K->31302K(4128704K)] 5221821K->1175145K(5615936K), 0.0150840 secs] [Times: user=0.07 sys=0.04, real=0.01 secs] 
289.325: [GC [PSYoungGen: 4093254K->31935K(4127552K)] 5237097K->1186685K(5614784K), 0.0120780 secs] [Times: user=0.08 sys=0.02, real=0.01 secs] 
290.187: [GC [PSYoungGen: 4093887K->64001K(4116352K)] 5248637K->1230568K(5603584K), 0.0205030 secs] [Times: user=0.14 sys=0.01, real=0.02 secs] 
291.046: [GC [PSYoungGen: 4116097K->47662K(4123200K)] 5282664K->1257995K(5610432K), 0.0217530 secs] [Times: user=0.13 sys=0.03, real=0.02 secs] 
291.915: [GC [PSYoungGen: 4099758K->31409K(4124864K)] 5310091K->1268789K(5612096K), 0.0157140 secs] [Times: user=0.12 sys=0.00, real=0.01 secs] 
292.773: [GC [PSYoungGen: 4085745K->32622K(4123776K)] 5323125K->1281571K(5611008K), 0.0216190 secs] [Times: user=0.13 sys=0.02, real=0.03 secs] 
293.650: [GC [PSYoungGen: 4086958K->35134K(4128320K)] 5335907K->1295818K(5615552K), 0.0135220 secs] [Times: user=0.10 sys=0.00, real=0.02 secs] 
294.506: [GC [PSYoungGen: 4095486K->27577K(4126336K)] 5356170K->1302810K(5613568K), 0.0145830 secs] [Times: user=0.08 sys=0.00, real=0.01 secs] 
295.373: [GC [PSYoungGen: 4087929K->40911K(4130688K)] 5363162K->1323732K(5617920K), 0.0148490 secs] [Times: user=0.08 sys=0.01, real=0.01 secs] 
296.234: [GC [PSYoungGen: 4106255K->36558K(4128960K)] 5389076K->1339623K(5616192K), 0.0161830 secs] [Times: user=0.07 sys=0.01, real=0.01 secs] 
297.093: [GC [PSYoungGen: 4101902K->38675K(4135040K)] 5404967K->1357448K(5622272K), 0.0151890 secs] [Times: user=0.11 sys=0.01, real=0.01 secs] 
297.955: [GC [PSYoungGen: 4112275K->54725K(4128384K)] 5431048K->1391026K(5615616K), 0.0188360 secs] [Times: user=0.09 sys=0.03, real=0.02 secs] 
298.816: [GC [PSYoungGen: 4128325K->61173K(4120064K)] 5464626K->1430894K(5607296K), 0.0230810 secs] [Times: user=0.12 sys=0.03, real=0.02 secs] 
299.691: [GC [PSYoungGen: 4118005K->34776K(4125568K)] 5487726K->1445697K(5612800K), 0.0250900 secs] [Times: user=0.11 sys=0.05, real=0.03 secs] 
300.568: [GC [PSYoungGen: 4091608K->41268K(4129536K)] 5502529K->1466323K(5616768K), 0.0158140 secs] [Times: user=0.10 sys=0.02, real=0.02 secs] 
301.435: [GC [PSYoungGen: 4103476K->30819K(4126976K)] 5528531K->1476547K(5614208K), 0.0153760 secs] [Times: user=0.09 sys=0.02, real=0.01 secs] 
301.450: [Full GC [PSYoungGen: 30819K->0K(4126976K)] [PSOldGen: 1445728K->1135148K(1611456K)] 1476547K->1135148K(5738432K) [PSPermGen: 2811K->2811K(21248K)], 0.0746320 secs] [Times: user=0.07 sys=0.00, real=0.07 secs] 
302.372: [GC [PSYoungGen: 4062208K->46174K(4130304K)] 5197356K->1181323K(5741760K), 0.0133840 secs] [Times: user=0.11 sys=0.00, real=0.02 secs] 
303.227: [GC [PSYoungGen: 4112286K->42940K(4130112K)] 5247435K->1204516K(5741568K), 0.0201890 secs] [Times: user=0.14 sys=0.00, real=0.02 secs] 
304.103: [GC [PSYoungGen: 4109052K->32816K(4132608K)] 5270628K->1217052K(5744064K), 0.0158180 secs] [Times: user=0.13 sys=0.00, real=0.02 secs] 
304.963: [GC [PSYoungGen: 4102960K->53844K(4124032K)] 5287196K->1251263K(5735488K), 0.0199910 secs] [Times: user=0.13 sys=0.01, real=0.02 secs] 
305.821: [GC [PSYoungGen: 4123988K->64558K(4090176K)] 5321407K->1298577K(5701632K), 0.0290670 secs] [Times: user=0.20 sys=0.00, real=0.03 secs] 
306.695: [GC [PSYoungGen: 4090158K->68270K(4093888K)] 5324177K->1347957K(5705344K), 0.0297290 secs] [Times: user=0.23 sys=0.00, real=0.03 secs] 
307.569: [GC [PSYoungGen: 4093870K->65232K(4102144K)] 5373557K->1393981K(5713600K), 0.0306610 secs] [Times: user=0.22 sys=0.00, real=0.03 secs] 
308.443: [GC [PSYoungGen: 4079056K->51837K(4104064K)] 5407805K->1426710K(5715520K), 0.0261940 secs] [Times: user=0.21 sys=0.00, real=0.02 secs] 
309.353: [GC [PSYoungGen: 4065661K->33221K(4108224K)] 5440534K->1439113K(5719680K), 0.0226070 secs] [Times: user=0.16 sys=0.00, real=0.03 secs] 
310.213: [GC [PSYoungGen: 4054917K->32559K(4107776K)] 5460809K->1450020K(5719232K), 0.0227580 secs] [Times: user=0.15 sys=0.00, real=0.03 secs] 
311.075: [GC [PSYoungGen: 4054255K->38330K(4111168K)] 5471716K->1467029K(5722624K), 0.0149690 secs] [Times: user=0.12 sys=0.00, real=0.01 secs] 
311.941: [GC [PSYoungGen: 4064186K->34266K(4108992K)] 5492885K->1480991K(5720448K), 0.0203450 secs] [Times: user=0.14 sys=0.00, real=0.02 secs] 
312.804: [GC [PSYoungGen: 4059962K->35071K(4114432K)] 5506687K->1496676K(5725888K), 0.0190240 secs] [Times: user=0.12 sys=0.00, real=0.09 secs] 
313.744: [GC [PSYoungGen: 4067839K->43459K(4112640K)] 5529444K->1520440K(5724096K), 0.0165690 secs] [Times: user=0.11 sys=0.01, real=0.01 secs] 
314.595: [GC [PSYoungGen: 4076227K->43725K(4120896K)] 5553208K->1544028K(5732352K), 0.0195180 secs] [Times: user=0.09 sys=0.04, real=0.02 secs] 
315.451: [GC [PSYoungGen: 4088141K->39094K(4117824K)] 5588444K->1563133K(5729280K), 0.0176280 secs] [Times: user=0.11 sys=0.02, real=0.02 secs] 
316.315: [GC [PSYoungGen: 4083510K->45060K(4125184K)] 5607549K->1587456K(5736640K), 0.0190030 secs] [Times: user=0.10 sys=0.03, real=0.02 secs] 
317.190: [GC [PSYoungGen: 4098820K->32418K(4122880K)] 5641216K->1599543K(5734336K), 0.0262970 secs] [Times: user=0.13 sys=0.03, real=0.03 secs] 
317.216: [Full GC [PSYoungGen: 32418K->0K(4122880K)] [PSOldGen: 1567125K->1141040K(1641856K)] 1599543K->1141040K(5764736K) [PSPermGen: 2811K->2811K(21248K)], 0.1079830 secs] [Times: user=0.09 sys=0.00, real=0.10 secs] 
318.172: [GC [PSYoungGen: 4053760K->44342K(4127744K)] 5194800K->1185383K(5769600K), 0.0128450 secs] [Times: user=0.10 sys=0.00, real=0.02 secs] 
319.043: [GC [PSYoungGen: 4103542K->35303K(4125760K)] 5244583K->1201051K(5767616K), 0.0225380 secs] [Times: user=0.15 sys=0.00, real=0.03 secs] 
319.914: [GC [PSYoungGen: 4094503K->38066K(4130432K)] 5260251K->1218198K(5772288K), 0.0151650 secs] [Times: user=0.12 sys=0.00, real=0.01 secs] 
320.786: [GC [PSYoungGen: 4103026K->35941K(4128832K)] 5283158K->1234089K(5770688K), 0.0153180 secs] [Times: user=0.10 sys=0.00, real=0.01 secs] 
321.646: [GC [PSYoungGen: 4100901K->39808K(4133568K)] 5299049K->1253746K(5775424K), 0.0160930 secs] [Times: user=0.12 sys=0.00, real=0.01 secs] 
322.512: [GC [PSYoungGen: 4110720K->55983K(4126912K)] 5324658K->1290008K(5768768K), 0.0257230 secs] [Times: user=0.17 sys=0.00, real=0.03 secs] 
323.396: [GC [PSYoungGen: 4126895K->47392K(4130368K)] 5360920K->1317485K(5772224K), 0.0224590 secs] [Times: user=0.15 sys=0.00, real=0.02 secs] 
324.265: [GC [PSYoungGen: 4113440K->39844K(4129984K)] 5383533K->1335817K(5771840K), 0.0186280 secs] [Times: user=0.15 sys=0.00, real=0.02 secs] 
325.134: [GC [PSYoungGen: 4105892K->38094K(4133120K)] 5401865K->1352671K(5774976K), 0.0197910 secs] [Times: user=0.11 sys=0.00, real=0.02 secs] 
326.005: [GC [PSYoungGen: 4108814K->37606K(4131904K)] 5423391K->1369297K(5773760K), 0.0160290 secs] [Times: user=0.12 sys=0.00, real=0.01 secs] 
326.866: [GC [PSYoungGen: 4108326K->39474K(4135616K)] 5440017K->1387287K(5777472K), 0.0162730 secs] [Times: user=0.13 sys=0.00, real=0.01 secs] 
327.745: [GC [PSYoungGen: 4114994K->38768K(4134208K)] 5462807K->1405599K(5776064K), 0.0166640 secs] [Times: user=0.13 sys=0.00, real=0.01 secs] 
328.604: [GC [PSYoungGen: 4114288K->57391K(4104128K)] 5481119K->1456740K(5745984K), 0.0341540 secs] [Times: user=0.21 sys=0.00, real=0.29 secs] 
329.780: [GC [PSYoungGen: 4104111K->37968K(4120512K)] 5503460K->1477687K(5762368K), 0.0217750 secs] [Times: user=0.15 sys=0.00, real=0.02 secs] 
330.644: [GC [PSYoungGen: 4084688K->72429K(4082048K)] 5524407K->1546266K(5723904K), 0.0394860 secs] [Times: user=0.27 sys=0.00, real=0.04 secs] 
331.525: [GC [PSYoungGen: 4082029K->43465K(4101952K)] 5555866K->1572239K(5743808K), 0.0261700 secs] [Times: user=0.21 sys=0.00, real=0.02 secs] 
332.378: [GC [PSYoungGen: 4053065K->77144K(4092864K)] 5581839K->1628330K(5734720K), 0.0261940 secs] [Times: user=0.20 sys=0.01, real=0.03 secs] 
333.234: [GC [PSYoungGen: 4080344K->45342K(4098752K)] 5631530K->1652956K(5740608K), 0.0247300 secs] [Times: user=0.11 sys=0.04, real=0.02 secs] 
333.259: [Full GC [PSYoungGen: 45342K->0K(4098752K)] [PSOldGen: 1607613K->1142814K(1680960K)] 1652956K->1142814K(5779712K) [PSPermGen: 2811K->2811K(21248K)], 0.1420480 secs] [Times: user=0.14 sys=0.00, real=0.14 secs] 
334.235: [GC [PSYoungGen: 4003200K->61134K(4102464K)] 5146014K->1203949K(5783424K), 0.0167050 secs] [Times: user=0.13 sys=0.00, real=0.01 secs] 
335.090: [GC [PSYoungGen: 4070926K->32515K(4101632K)] 5213741K->1217653K(5782592K), 0.0201840 secs] [Times: user=0.16 sys=0.00, real=0.02 secs] 
335.944: [GC [PSYoungGen: 4042307K->35682K(4104128K)] 5227445K->1233382K(5785088K), 0.0141410 secs] [Times: user=0.11 sys=0.00, real=0.01 secs] 
336.795: [GC [PSYoungGen: 4048226K->37638K(4102720K)] 5245926K->1250209K(5783680K), 0.0171180 secs] [Times: user=0.11 sys=0.00, real=0.01 secs] 
337.641: [GC [PSYoungGen: 4050182K->45053K(4109504K)] 5262753K->1273912K(5790464K), 0.0174230 secs] [Times: user=0.14 sys=0.00, real=0.02 secs] 
338.492: [GC [PSYoungGen: 4066365K->38619K(4106112K)] 5295224K->1292538K(5787072K), 0.0249190 secs] [Times: user=0.18 sys=0.00, real=0.03 secs] 
339.366: [GC [PSYoungGen: 4059931K->34552K(4112896K)] 5313850K->1307986K(5793856K), 0.0171250 secs] [Times: user=0.09 sys=0.00, real=0.01 secs] 
340.221: [GC [PSYoungGen: 4064696K->47282K(4111552K)] 5338130K->1335505K(5792512K), 0.0170010 secs] [Times: user=0.09 sys=0.00, real=0.02 secs] 
341.074: [GC [PSYoungGen: 4077426K->33051K(4116992K)] 5365649K->1349638K(5797952K), 0.0168980 secs] [Times: user=0.11 sys=0.00, real=0.01 secs] 
341.930: [GC [PSYoungGen: 4071707K->31018K(4115968K)] 5388294K->1360490K(5796928K), 0.0132390 secs] [Times: user=0.09 sys=0.00, real=0.01 secs] 
342.787: [GC [PSYoungGen: 4069674K->37367K(4120192K)] 5399146K->1377249K(5801152K), 0.0151720 secs] [Times: user=0.10 sys=0.00, real=0.01 secs] 
343.643: [GC [PSYoungGen: 4081143K->40523K(4117888K)] 5421025K->1396114K(5798848K), 0.0164650 secs] [Times: user=0.13 sys=0.00, real=0.02 secs] 
344.507: [GC [PSYoungGen: 4084299K->39265K(4125248K)] 5439890K->1413699K(5806208K), 0.0167640 secs] [Times: user=0.13 sys=0.00, real=0.06 secs] 
345.414: [GC [PSYoungGen: 4093089K->43480K(4122880K)] 5467523K->1436098K(5803840K), 0.0177550 secs] [Times: user=0.14 sys=0.00, real=0.01 secs] 
346.283: [GC [PSYoungGen: 4097304K->50132K(4126656K)] 5489922K->1465078K(5807616K), 0.0221730 secs] [Times: user=0.15 sys=0.00, real=0.03 secs] 
347.156: [GC [PSYoungGen: 4109908K->41708K(4127040K)] 5524854K->1485356K(5808000K), 0.0202360 secs] [Times: user=0.13 sys=0.00, real=0.02 secs] 
348.024: [GC [PSYoungGen: 4101484K->47156K(4129856K)] 5545132K->1511891K(5810816K), 0.0244160 secs] [Times: user=0.17 sys=0.00, real=0.02 secs] 
348.894: [GC [PSYoungGen: 4111924K->38337K(4129216K)] 5576659K->1530194K(5810176K), 0.0188740 secs] [Times: user=0.15 sys=0.00, real=0.01 secs] 
349.764: [GC [PSYoungGen: 4103105K->28815K(4130432K)] 5594962K->1538986K(5811392K), 0.0145480 secs] [Times: user=0.11 sys=0.00, real=0.01 secs] 
350.620: [GC [PSYoungGen: 4096015K->49490K(4116736K)] 5606186K->1569161K(5797696K), 0.0172380 secs] [Times: user=0.14 sys=0.00, real=0.02 secs] 
351.479: [GC [PSYoungGen: 4116690K->49836K(4128832K)] 5636361K->1599037K(5809792K), 0.0230400 secs] [Times: user=0.17 sys=0.00, real=0.02 secs] 
352.345: [GC [PSYoungGen: 4114348K->41267K(4129408K)] 5663549K->1619583K(5810368K), 0.0213310 secs] [Times: user=0.14 sys=0.01, real=0.02 secs] 
353.206: [GC [PSYoungGen: 4105779K->62910K(4120512K)] 5684095K->1662636K(5801472K), 0.0228010 secs] [Times: user=0.19 sys=0.00, real=0.02 secs] 
354.072: [GC [PSYoungGen: 4120382K->68396K(4125888K)] 5720108K->1805046K(5863168K), 0.0451780 secs] [Times: user=0.20 sys=0.07, real=0.05 secs] 
354.117: [Full GC [PSYoungGen: 68396K->0K(4125888K)] [PSOldGen: 1736650K->1098766K(1678784K)] 1805046K->1098766K(5804672K) [PSPermGen: 2811K->2811K(21248K)], 0.2577790 secs] [Times: user=0.24 sys=0.01, real=0.26 secs] 
355.206: [GC [PSYoungGen: 4057472K->68404K(3988288K)] 5156238K->1208864K(5667072K), 0.0272600 secs] [Times: user=0.22 sys=0.00, real=0.03 secs] 
356.042: [GC [PSYoungGen: 3988276K->98845K(4018752K)] 5128736K->1291735K(5697536K), 0.0403300 secs] [Times: user=0.27 sys=0.00, real=0.04 secs] 
356.907: [GC [PSYoungGen: 4018717K->99269K(4044352K)] 5211607K->1370944K(5723136K), 0.0423710 secs] [Times: user=0.34 sys=0.00, real=0.04 secs] 
357.761: [GC [PSYoungGen: 4001349K->46084K(4048192K)] 5273024K->1383530K(5726976K), 0.0284160 secs] [Times: user=0.23 sys=0.00, real=0.03 secs] 
358.605: [GC [PSYoungGen: 3948164K->50909K(4055360K)] 5285610K->1415153K(5734144K), 0.0207040 secs] [Times: user=0.16 sys=0.00, real=0.02 secs] 
359.449: [GC [PSYoungGen: 3963101K->35583K(4051136K)] 5327345K->1431342K(5729920K), 0.0188430 secs] [Times: user=0.15 sys=0.00, real=0.02 secs] 
360.285: [GC [PSYoungGen: 3947775K->30816K(4058560K)] 5343534K->1442697K(5737344K), 0.0143450 secs] [Times: user=0.12 sys=0.00, real=0.01 secs] 
361.113: [GC [PSYoungGen: 3952096K->35933K(4057024K)] 5363977K->1458547K(5735808K), 0.0222500 secs] [Times: user=0.14 sys=0.00, real=0.02 secs] 
361.954: [GC [PSYoungGen: 3957213K->45008K(4066816K)] 5379827K->1483645K(5745600K), 0.0220540 secs] [Times: user=0.14 sys=0.00, real=0.02 secs] 
362.827: [GC [PSYoungGen: 3979280K->32863K(4061760K)] 5417917K->1496808K(5740544K), 0.0169230 secs] [Times: user=0.11 sys=0.00, real=0.02 secs] 
363.665: [GC [PSYoungGen: 3967135K->47387K(4075456K)] 5431080K->1524391K(5754240K), 0.0177510 secs] [Times: user=0.14 sys=0.00, real=0.01 secs] 
364.505: [GC [PSYoungGen: 3998235K->40925K(4069696K)] 5475239K->1545804K(5748480K), 0.0197130 secs] [Times: user=0.15 sys=0.00, real=0.02 secs] 
365.351: [GC [PSYoungGen: 3991773K->32698K(4082432K)] 5496652K->1558416K(5761216K), 0.0207650 secs] [Times: user=0.15 sys=0.00, real=0.02 secs] 
366.196: [GC [PSYoungGen: 4000506K->32888K(4079680K)] 5526224K->1570754K(5758464K), 0.0141380 secs] [Times: user=0.12 sys=0.00, real=0.01 secs] 
367.035: [GC [PSYoungGen: 4000696K->32739K(4088768K)] 5538562K->1583417K(5767552K), 0.0141160 secs] [Times: user=0.11 sys=0.00, real=0.01 secs] 
367.884: [GC [PSYoungGen: 4012707K->38429K(4085504K)] 5563385K->1601405K(5764288K), 0.0365310 secs] [Times: user=0.17 sys=0.00, real=0.03 secs] 
368.760: [GC [PSYoungGen: 4018397K->34539K(4096512K)] 5581373K->1615540K(5775296K), 0.0234660 secs] [Times: user=0.15 sys=0.00, real=0.03 secs] 
369.644: [GC [PSYoungGen: 4029803K->44187K(4093056K)] 5610804K->1638231K(5771840K), 0.0185230 secs] [Times: user=0.11 sys=0.00, real=0.01 secs] 
370.493: [GC [PSYoungGen: 4039451K->47114K(4105600K)] 5633495K->1665225K(5784384K), 0.0207760 secs] [Times: user=0.17 sys=0.00, real=0.02 secs] 
371.355: [GC [PSYoungGen: 4059978K->44872K(4101568K)] 5678089K->1689781K(5780352K), 0.0208330 secs] [Times: user=0.17 sys=0.00, real=0.02 secs] 
371.376: [Full GC [PSYoungGen: 44872K->0K(4101568K)] [PSOldGen: 1644909K->1157574K(1739392K)] 1689781K->1157574K(5840960K) [PSPermGen: 2811K->2811K(21248K)], 0.0972000 secs] [Times: user=0.09 sys=0.00, real=0.09 secs] 
372.306: [GC [PSYoungGen: 4012864K->56093K(4109632K)] 5170438K->1213667K(5849024K), 0.0154600 secs] [Times: user=0.10 sys=0.00, real=0.01 secs] 
373.165: [GC [PSYoungGen: 4081309K->42372K(4109760K)] 5238883K->1236738K(5849152K), 0.0210800 secs] [Times: user=0.15 sys=0.00, real=0.02 secs] 
374.019: [GC [PSYoungGen: 4067588K->28777K(4113536K)] 5261954K->1245306K(5852928K), 0.0148430 secs] [Times: user=0.12 sys=0.00, real=0.02 secs] 
374.886: [GC [PSYoungGen: 4060905K->35519K(4112896K)] 5277434K->1260133K(5852288K), 0.0181020 secs] [Times: user=0.10 sys=0.00, real=0.02 secs] 
375.743: [GC [PSYoungGen: 4067647K->44035K(4118976K)] 5292261K->1283686K(5858368K), 0.0168310 secs] [Times: user=0.13 sys=0.00, real=0.01 secs] 
376.602: [GC [PSYoungGen: 4084419K->36789K(4115712K)] 5324070K->1300259K(5855104K), 0.0171900 secs] [Times: user=0.13 sys=0.00, real=0.02 secs] 
377.453: [GC [PSYoungGen: 4077173K->51599K(4120640K)] 5340643K->1331845K(5860032K), 0.0191130 secs] [Times: user=0.15 sys=0.00, real=0.01 secs] 
378.310: [GC [PSYoungGen: 4098959K->56839K(4104256K)] 5379205K->1369262K(5843648K), 0.0233210 secs] [Times: user=0.15 sys=0.00, real=0.03 secs] 
379.183: [GC [PSYoungGen: 4104199K->75390K(4071424K)] 5416622K->1429840K(5810816K), 0.0299840 secs] [Times: user=0.21 sys=0.00, real=0.03 secs] 
380.041: [GC [PSYoungGen: 4071422K->55984K(4095168K)] 5425872K->1466116K(5834560K), 0.0294710 secs] [Times: user=0.23 sys=0.00, real=0.03 secs] 
380.901: [GC [PSYoungGen: 4052016K->52431K(4102720K)] 5462148K->1497886K(5842112K), 0.0241540 secs] [Times: user=0.19 sys=0.00, real=0.08 secs] 
381.825: [GC [PSYoungGen: 4059279K->33311K(4098432K)] 5504734K->1510530K(5837824K), 0.0187810 secs] [Times: user=0.15 sys=0.00, real=0.02 secs] 
382.675: [GC [PSYoungGen: 4040159K->36228K(4104960K)] 5517378K->1526671K(5844352K), 0.0152560 secs] [Times: user=0.11 sys=0.01, real=0.01 secs] 
383.536: [GC [PSYoungGen: 4050244K->33789K(4103360K)] 5540687K->1540271K(5842752K), 0.0151490 secs] [Times: user=0.10 sys=0.00, real=0.01 secs] 
384.386: [GC [PSYoungGen: 4047805K->34990K(4108224K)] 5554287K->1554854K(5847616K), 0.0203770 secs] [Times: user=0.11 sys=0.00, real=0.02 secs] 
385.244: [GC [PSYoungGen: 4055214K->41957K(4106304K)] 5575078K->1576527K(5845696K), 0.0184270 secs] [Times: user=0.12 sys=0.00, real=0.01 secs] 
386.104: [GC [PSYoungGen: 4062181K->39998K(4114112K)] 5596751K->1596062K(5853504K), 0.0213730 secs] [Times: user=0.15 sys=0.00, real=0.02 secs] 
386.969: [GC [PSYoungGen: 4071230K->55438K(4111424K)] 5627294K->1631588K(5850816K), 0.0212480 secs] [Times: user=0.17 sys=0.00, real=0.02 secs] 
387.828: [GC [PSYoungGen: 4086670K->44296K(4116864K)] 5662820K->1655934K(5856256K), 0.0225470 secs] [Times: user=0.18 sys=0.00, real=0.02 secs] 
388.694: [GC [PSYoungGen: 4080712K->51141K(4113856K)] 5692350K->1687343K(5853248K), 0.0216540 secs] [Times: user=0.17 sys=0.00, real=0.02 secs] 
389.555: [GC [PSYoungGen: 4087557K->32182K(4118656K)] 5723759K->1699154K(5858048K), 0.0185460 secs] [Times: user=0.15 sys=0.00, real=0.02 secs] 
390.425: [GC [PSYoungGen: 4074678K->36722K(4118144K)] 5741650K->1714999K(5857536K), 0.0204680 secs] [Times: user=0.11 sys=0.00, real=0.02 secs] 
391.286: [GC [PSYoungGen: 4079218K->37135K(4121984K)] 5757495K->1731534K(5861376K), 0.0154550 secs] [Times: user=0.10 sys=0.02, real=0.01 secs] 
391.301: [Full GC [PSYoungGen: 37135K->0K(4121984K)] [PSOldGen: 1694398K->1191954K(1791744K)] 1731534K->1191954K(5913728K) [PSPermGen: 2811K->2811K(21248K)], 0.1028470 secs] [Times: user=0.10 sys=0.00, real=0.11 secs] 
392.252: [GC [PSYoungGen: 4047936K->41781K(4120256K)] 5239890K->1233735K(5912000K), 0.0122660 secs] [Times: user=0.10 sys=0.00, real=0.02 secs] 
393.104: [GC [PSYoungGen: 4089717K->43477K(4127168K)] 5281671K->1259480K(5918912K), 0.0192350 secs] [Times: user=0.10 sys=0.00, real=0.02 secs] 
393.965: [GC [PSYoungGen: 4100885K->56020K(4124544K)] 5316888K->1295346K(5916288K), 0.0216160 secs] [Times: user=0.17 sys=0.00, real=0.02 secs] 
394.827: [GC [PSYoungGen: 4113428K->35727K(4125824K)] 5352754K->1310624K(5917568K), 0.0196210 secs] [Times: user=0.16 sys=0.00, real=0.02 secs] 
395.686: [GC [PSYoungGen: 4092111K->45154K(4124864K)] 5367008K->1335088K(5916608K), 0.0170250 secs] [Times: user=0.13 sys=0.00, real=0.02 secs] 
396.546: [GC [PSYoungGen: 4101538K->51089K(4127040K)] 5391472K->1365421K(5918784K), 0.0212230 secs] [Times: user=0.16 sys=0.00, real=0.02 secs] 
397.415: [GC [PSYoungGen: 4111633K->27302K(4087872K)] 5425965K->1372074K(5879616K), 0.0167890 secs] [Times: user=0.13 sys=0.00, real=0.01 secs] 
398.275: [GC [PSYoungGen: 4087846K->59695K(4119232K)] 5432618K->1413595K(5910976K), 0.0189780 secs] [Times: user=0.15 sys=0.00, real=0.02 secs] 
399.134: [GC [PSYoungGen: 4111279K->52590K(4104192K)] 5465179K->1446446K(5895936K), 0.0255850 secs] [Times: user=0.14 sys=0.00, real=0.02 secs] 
399.999: [GC [PSYoungGen: 4104174K->41064K(4124544K)] 5498030K->1467338K(5916288K), 0.0204410 secs] [Times: user=0.17 sys=0.00, real=0.02 secs] 
400.859: [GC [PSYoungGen: 4093928K->52578K(4122624K)] 5520202K->1499518K(5914368K), 0.0203880 secs] [Times: user=0.16 sys=0.00, real=0.02 secs] 
401.733: [GC [PSYoungGen: 4105442K->66044K(4113984K)] 5552382K->1545327K(5905728K), 0.0263930 secs] [Times: user=0.21 sys=0.00, real=0.02 secs] 
402.599: [GC [PSYoungGen: 4109948K->59564K(4103488K)] 5589231K->1584680K(5895232K), 0.0279040 secs] [Times: user=0.22 sys=0.00, real=0.03 secs] 
403.471: [GC [PSYoungGen: 4103468K->37360K(4118272K)] 5628584K->1602682K(5910016K), 0.0215970 secs] [Times: user=0.18 sys=0.00, real=0.02 secs] 
404.336: [GC [PSYoungGen: 4078832K->68038K(4109568K)] 5644154K->1650136K(5901312K), 0.0232870 secs] [Times: user=0.19 sys=0.00, real=0.02 secs] 
405.205: [GC [PSYoungGen: 4109510K->40198K(4115072K)] 5691608K->1668543K(5906816K), 0.0238970 secs] [Times: user=0.19 sys=0.00, real=0.02 secs] 
406.069: [GC [PSYoungGen: 4074566K->69689K(4104064K)] 5702911K->1719534K(5895808K), 0.0228440 secs] [Times: user=0.18 sys=0.00, real=0.02 secs] 
406.936: [GC [PSYoungGen: 4104057K->37711K(4111424K)] 5753902K->1736617K(5903168K), 0.0230960 secs] [Times: user=0.19 sys=0.00, real=0.02 secs] 
407.813: [GC [PSYoungGen: 4065231K->32950K(4110400K)] 5764137K->1748557K(5902144K), 0.0197010 secs] [Times: user=0.11 sys=0.02, real=0.01 secs] 
408.684: [GC [PSYoungGen: 4060470K->43510K(4114624K)] 5776077K->1771349K(5906368K), 0.0220300 secs] [Times: user=0.14 sys=0.00, real=0.02 secs] 
409.555: [GC [PSYoungGen: 4075766K->46541K(4111936K)] 5803605K->1796625K(5903680K), 0.0181470 secs] [Times: user=0.11 sys=0.01, real=0.02 secs] 
409.574: [Full GC [PSYoungGen: 46541K->0K(4111936K)] [PSOldGen: 1750084K->1175352K(1811904K)] 1796625K->1175352K(5923840K) [PSPermGen: 2811K->2811K(21248K)], 0.1181230 secs] [Times: user=0.11 sys=0.00, real=0.11 secs] 
410.535: [GC [PSYoungGen: 4032256K->49989K(4119616K)] 5207608K->1225341K(5931520K), 0.0177400 secs] [Times: user=0.10 sys=0.00, real=0.01 secs] 
411.400: [GC [PSYoungGen: 4092997K->40401K(4117696K)] 5268349K->1246743K(5929600K), 0.0270300 secs] [Times: user=0.15 sys=0.00, real=0.03 secs] 
412.271: [GC [PSYoungGen: 4083409K->38908K(4122368K)] 5289751K->1264682K(5934272K), 0.0252660 secs] [Times: user=0.18 sys=0.00, real=0.03 secs] 
413.136: [GC [PSYoungGen: 4088060K->29754K(4121088K)] 5313834K->1273719K(5932992K), 0.0141250 secs] [Times: user=0.11 sys=0.00, real=0.01 secs] 
413.993: [GC [PSYoungGen: 4078906K->67381K(4110656K)] 5322871K->1320598K(5922560K), 0.0206050 secs] [Times: user=0.15 sys=0.01, real=0.02 secs] 
414.854: [GC [PSYoungGen: 4105909K->37634K(4116416K)] 5359126K->1337512K(5928320K), 0.0224910 secs] [Times: user=0.18 sys=0.00, real=0.02 secs] 
415.718: [GC [PSYoungGen: 4076162K->33115K(4118848K)] 5376040K->1349942K(5930752K), 0.0147370 secs] [Times: user=0.12 sys=0.00, real=0.01 secs] 
416.583: [GC [PSYoungGen: 4075675K->48552K(4118016K)] 5392502K->1378190K(5929920K), 0.0172220 secs] [Times: user=0.13 sys=0.00, real=0.01 secs] 
417.444: [GC [PSYoungGen: 4091112K->59302K(4115648K)] 5420750K->1417227K(5927552K), 0.0237130 secs] [Times: user=0.18 sys=0.00, real=0.02 secs] 
418.315: [GC [PSYoungGen: 4101158K->33929K(4118080K)] 5459083K->1430405K(5929984K), 0.0204570 secs] [Times: user=0.16 sys=0.00, real=0.02 secs] 
419.174: [GC [PSYoungGen: 4075785K->41032K(4121216K)] 5472261K->1451850K(5933120K), 0.0187480 secs] [Times: user=0.09 sys=0.00, real=0.01 secs] 
420.033: [GC [PSYoungGen: 4086856K->52853K(4118912K)] 5497674K->1484261K(5930816K), 0.0214620 secs] [Times: user=0.14 sys=0.00, real=0.02 secs] 
420.890: [GC [PSYoungGen: 4098677K->51058K(4121792K)] 5530085K->1515057K(5933696K), 0.0263200 secs] [Times: user=0.15 sys=0.00, real=0.03 secs] 
421.758: [GC [PSYoungGen: 4099634K->36527K(4121088K)] 5563633K->1532862K(5932992K), 0.0202150 secs] [Times: user=0.14 sys=0.00, real=0.02 secs] 
422.618: [GC [PSYoungGen: 4085103K->53290K(4122048K)] 5581438K->1565316K(5933952K), 0.0196250 secs] [Times: user=0.15 sys=0.00, real=0.04 secs] 
423.497: [GC [PSYoungGen: 4103850K->59262K(4109824K)] 5615876K->1604203K(5921728K), 0.0245540 secs] [Times: user=0.20 sys=0.00, real=0.02 secs] 
424.361: [GC [PSYoungGen: 4109822K->57974K(4117568K)] 5654763K->1638237K(5929472K), 0.0250750 secs] [Times: user=0.20 sys=0.00, real=0.03 secs] 
425.218: [GC [PSYoungGen: 4101366K->75437K(4118848K)] 5681629K->1724711K(5930752K), 0.0361550 secs] [Times: user=0.29 sys=0.00, real=0.04 secs] 
426.102: [GC [PSYoungGen: 4118829K->75442K(3993664K)] 5768103K->1801246K(5805568K), 0.0362320 secs] [Times: user=0.27 sys=0.00, real=0.04 secs] 
426.954: [GC [PSYoungGen: 3993650K->49237K(4056256K)] 5719454K->1831882K(5868160K), 0.0273660 secs] [Times: user=0.18 sys=0.03, real=0.02 secs] 
426.981: [Full GC [PSYoungGen: 49237K->0K(4056256K)] [PSOldGen: 1782644K->1044547K(1730816K)] 1831882K->1044547K(5787072K) [PSPermGen: 2811K->2811K(21248K)], 0.2533260 secs] [Times: user=0.25 sys=0.00, real=0.26 secs] 
428.047: [GC [PSYoungGen: 3918208K->56169K(4065472K)] 4962755K->1100716K(5796288K), 0.0153130 secs] [Times: user=0.13 sys=0.00, real=0.01 secs] 
428.883: [GC [PSYoungGen: 3987561K->38867K(4060224K)] 5032108K->1121233K(5791040K), 0.0201660 secs] [Times: user=0.15 sys=0.00, real=0.02 secs] 
429.719: [GC [PSYoungGen: 3970259K->59476K(4073536K)] 5052625K->1160528K(5804352K), 0.0202440 secs] [Times: user=0.14 sys=0.00, real=0.02 secs] 
430.557: [GC [PSYoungGen: 4006228K->35034K(4067520K)] 5107280K->1175878K(5798336K), 0.0269240 secs] [Times: user=0.18 sys=0.00, real=0.03 secs] 
431.409: [GC [PSYoungGen: 3981786K->36153K(4076992K)] 5122630K->1192125K(5807808K), 0.0150520 secs] [Times: user=0.10 sys=0.00, real=0.02 secs] 
432.245: [GC [PSYoungGen: 3993721K->40800K(4074880K)] 5149693K->1212397K(5805696K), 0.0157010 secs] [Times: user=0.13 sys=0.00, real=0.01 secs] 
433.083: [GC [PSYoungGen: 3998368K->40919K(4083776K)] 5169965K->1232603K(5814592K), 0.0222160 secs] [Times: user=0.15 sys=0.00, real=0.03 secs] 
433.938: [GC [PSYoungGen: 4010711K->45485K(4080320K)] 5202395K->1257759K(5811136K), 0.0182920 secs] [Times: user=0.15 sys=0.00, real=0.02 secs] 
434.794: [GC [PSYoungGen: 4015277K->35466K(4090368K)] 5227551K->1274200K(5821184K), 0.0209290 secs] [Times: user=0.12 sys=0.00, real=0.02 secs] 
435.644: [GC [PSYoungGen: 4019594K->33525K(4088064K)] 5258328K->1288132K(5818880K), 0.0145050 secs] [Times: user=0.11 sys=0.00, real=0.01 secs] 
436.488: [GC [PSYoungGen: 4017653K->43111K(4096768K)] 5272260K->1311183K(5827584K), 0.0202820 secs] [Times: user=0.13 sys=0.00, real=0.02 secs] 
437.345: [GC [PSYoungGen: 4038247K->40658K(4092672K)] 5306319K->1332714K(5823488K), 0.0179360 secs] [Times: user=0.13 sys=0.00, real=0.01 secs] 
438.194: [GC [PSYoungGen: 4035794K->51353K(4103616K)] 5327850K->1364414K(5834432K), 0.0197650 secs] [Times: user=0.15 sys=0.00, real=0.02 secs] 
439.045: [GC [PSYoungGen: 4060953K->33848K(4100288K)] 5374014K->1378317K(5831104K), 0.0213880 secs] [Times: user=0.14 sys=0.00, real=0.02 secs] 
439.909: [GC [PSYoungGen: 4043448K->39155K(4108288K)] 5387917K->1395524K(5839104K), 0.0148120 secs] [Times: user=0.10 sys=0.00, real=0.02 secs] 
440.753: [GC [PSYoungGen: 4058547K->65459K(4084864K)] 5414916K->1439680K(5815680K), 0.0226150 secs] [Times: user=0.18 sys=0.00, real=0.02 secs] 
441.614: [GC [PSYoungGen: 4084851K->58051K(4105536K)] 5459072K->1475953K(5836352K), 0.0268860 secs] [Times: user=0.21 sys=0.00, real=0.02 secs] 
442.489: [GC [PSYoungGen: 4074371K->34176K(4105088K)] 5492273K->1489883K(5835904K), 0.0198790 secs] [Times: user=0.16 sys=0.00, real=0.02 secs] 
443.335: [GC [PSYoungGen: 4050496K->74853K(4094784K)] 5506203K->1545523K(5825600K), 0.0221330 secs] [Times: user=0.17 sys=0.00, real=0.10 secs] 
444.265: [GC [PSYoungGen: 4082277K->38450K(4100864K)] 5552947K->1563230K(5831680K), 0.0244100 secs] [Times: user=0.18 sys=0.01, real=0.02 secs] 
445.123: [GC [PSYoungGen: 4045874K->35576K(4105024K)] 5570654K->1577710K(5835840K), 0.0157910 secs] [Times: user=0.10 sys=0.00, real=0.01 secs] 
445.980: [GC [PSYoungGen: 4049464K->59948K(4103168K)] 5591598K->1617782K(5833984K), 0.0265540 secs] [Times: user=0.19 sys=0.00, real=0.03 secs] 
446.840: [GC [PSYoungGen: 4073836K->60014K(4104576K)] 5631670K->1656398K(5835392K), 0.0260070 secs] [Times: user=0.18 sys=0.00, real=0.03 secs] 
447.715: [GC [PSYoungGen: 4074990K->46804K(4104640K)] 5671374K->1682649K(5835456K), 0.0218930 secs] [Times: user=0.15 sys=0.00, real=0.02 secs] 
448.561: [GC [PSYoungGen: 4061780K->80945K(4092288K)] 5697625K->1734980K(5823104K), 0.0263600 secs] [Times: user=0.19 sys=0.00, real=0.03 secs] 
449.433: [GC [PSYoungGen: 4086961K->43841K(4100160K)] 5740996K->1758856K(5830976K), 0.0277580 secs] [Times: user=0.22 sys=0.00, real=0.03 secs] 
449.460: [Full GC [PSYoungGen: 43841K->0K(4100160K)] [PSOldGen: 1715015K->1104923K(1804416K)] 1758856K->1104923K(5904576K) [PSPermGen: 2811K->2811K(21248K)], 0.0967820 secs] [Times: user=0.09 sys=0.00, real=0.10 secs] 
450.393: [GC [PSYoungGen: 4006016K->45133K(4105536K)] 5110939K->1150057K(5909952K), 0.0129160 secs] [Times: user=0.10 sys=0.00, real=0.02 secs] 
451.244: [GC [PSYoungGen: 4059085K->42843K(4102720K)] 5164009K->1173719K(5907136K), 0.0187310 secs] [Times: user=0.15 sys=0.00, real=0.01 secs] 
452.104: [GC [PSYoungGen: 4056795K->41730K(4109952K)] 5187671K->1195432K(5914368K), 0.0177660 secs] [Times: user=0.14 sys=0.00, real=0.01 secs] 
452.956: [GC [PSYoungGen: 4065218K->43792K(4107840K)] 5218920K->1218828K(5912256K), 0.0180830 secs] [Times: user=0.15 sys=0.00, real=0.02 secs] 
453.808: [GC [PSYoungGen: 4067280K->42996K(4114752K)] 5242316K->1242348K(5919168K), 0.0184920 secs] [Times: user=0.15 sys=0.00, real=0.02 secs] 
454.667: [GC [PSYoungGen: 4075892K->31132K(4112448K)] 5275244K->1253144K(5916864K), 0.0153540 secs] [Times: user=0.12 sys=0.00, real=0.01 secs] 
455.534: [GC [PSYoungGen: 4064028K->38261K(4116736K)] 5286040K->1270509K(5921152K), 0.0181190 secs] [Times: user=0.12 sys=0.00, real=0.01 secs] 
456.386: [GC [PSYoungGen: 4075573K->71435K(4108800K)] 5307821K->1321378K(5913216K), 0.0238580 secs] [Times: user=0.19 sys=0.00, real=0.02 secs] 
457.260: [GC [PSYoungGen: 4108747K->34701K(4111680K)] 5358690K->1335278K(5916096K), 0.0276270 secs] [Times: user=0.19 sys=0.00, real=0.03 secs] 
458.129: [GC [PSYoungGen: 4062541K->41362K(4110464K)] 5363118K->1355908K(5914880K), 0.0159570 secs] [Times: user=0.12 sys=0.00, real=0.02 secs] 
458.981: [GC [PSYoungGen: 4069202K->51046K(4115904K)] 5383748K->1385190K(5920320K), 0.0190880 secs] [Times: user=0.15 sys=0.00, real=0.02 secs] 
459.850: [GC [PSYoungGen: 4086886K->43812K(4114240K)] 5421030K->1404505K(5918656K), 0.0274260 secs] [Times: user=0.19 sys=0.00, real=0.03 secs] 
460.717: [GC [PSYoungGen: 4079652K->46034K(4121344K)] 5440345K->1431538K(5925760K), 0.0203550 secs] [Times: user=0.14 sys=0.00, real=0.02 secs] 
461.593: [GC [PSYoungGen: 4091602K->37829K(4118528K)] 5477106K->1449138K(5922944K), 0.0224700 secs] [Times: user=0.15 sys=0.00, real=0.03 secs] 
462.455: [GC [PSYoungGen: 4083397K->69873K(4109824K)] 5494706K->1498959K(5914240K), 0.0231070 secs] [Times: user=0.19 sys=0.00, real=0.02 secs] 
463.318: [GC [PSYoungGen: 4104812K->55685K(4116160K)] 5533898K->1533583K(5920576K), 0.0279340 secs] [Times: user=0.20 sys=0.01, real=0.03 secs] 
464.184: [GC [PSYoungGen: 4093701K->72589K(4104576K)] 5571599K->1578113K(5908992K), 0.0257650 secs] [Times: user=0.20 sys=0.00, real=0.02 secs] 
465.054: [GC [PSYoungGen: 4099213K->45488K(4110464K)] 5604737K->1602638K(5914880K), 0.0250040 secs] [Times: user=0.15 sys=0.00, real=0.02 secs] 
465.925: [GC [PSYoungGen: 4072112K->41574K(4114304K)] 5629262K->1624198K(5918720K), 0.0193730 secs] [Times: user=0.15 sys=0.00, real=0.02 secs] 
466.785: [GC [PSYoungGen: 4074342K->38215K(4112768K)] 5656966K->1641761K(5917184K), 0.0176700 secs] [Times: user=0.14 sys=0.00, real=0.01 secs] 
467.635: [GC [PSYoungGen: 4070983K->37455K(4116480K)] 5674529K->1658446K(5920896K), 0.0164900 secs] [Times: user=0.13 sys=0.00, real=0.01 secs] 
468.501: [GC [PSYoungGen: 4075023K->44742K(4115392K)] 5696014K->1683262K(5919808K), 0.0183300 secs] [Times: user=0.15 sys=0.00, real=0.02 secs] 
469.356: [GC [PSYoungGen: 4082310K->44007K(4121344K)] 5720830K->1707487K(5925760K), 0.0194310 secs] [Times: user=0.12 sys=0.00, real=0.02 secs] 
470.214: [GC [PSYoungGen: 4090087K->43623K(4119040K)] 5753567K->1730922K(5923456K), 0.0194490 secs] [Times: user=0.15 sys=0.00, real=0.02 secs] 
471.076: [GC [PSYoungGen: 4089703K->47508K(4125440K)] 5777002K->1758287K(5929856K), 0.0204930 secs] [Times: user=0.16 sys=0.00, real=0.02 secs] 
471.945: [GC [PSYoungGen: 4102036K->51043K(4123392K)] 5812815K->1789116K(5927808K), 0.0209180 secs] [Times: user=0.12 sys=0.01, real=0.02 secs] 
472.805: [GC [PSYoungGen: 4105571K->58405K(4121856K)] 5843644K->1827415K(5926272K), 0.0224950 secs] [Times: user=0.12 sys=0.04, real=0.02 secs] 
472.827: [Full GC [PSYoungGen: 58405K->0K(4121856K)] [PSOldGen: 1769009K->1079362K(1782144K)] 1827415K->1079362K(5904000K) [PSPermGen: 2811K->2811K(21248K)], 0.1059410 secs] [Times: user=0.09 sys=0.00, real=0.10 secs] 
473.776: [GC [PSYoungGen: 4053632K->51994K(4123968K)] 5132994K->1131357K(5906112K), 0.0146480 secs] [Times: user=0.08 sys=0.00, real=0.01 secs] 
474.630: [GC [PSYoungGen: 4105626K->36492K(4124800K)] 5184989K->1150383K(5906944K), 0.0272260 secs] [Times: user=0.18 sys=0.00, real=0.03 secs] 
475.509: [GC [PSYoungGen: 4091788K->41412K(4124800K)] 5205679K->1171176K(5906944K), 0.0251530 secs] [Times: user=0.15 sys=0.00, real=0.03 secs] 
476.395: [GC [PSYoungGen: 4096708K->61518K(4119360K)] 5226472K->1223459K(5901504K), 0.0381070 secs] [Times: user=0.27 sys=0.00, real=0.04 secs] 
477.296: [GC [PSYoungGen: 4112590K->46767K(4122688K)] 5274531K->1249162K(5904832K), 0.0225850 secs] [Times: user=0.17 sys=0.00, real=0.02 secs] 
478.156: [GC [PSYoungGen: 4097839K->69493K(4084096K)] 5300234K->1311160K(5866240K), 0.0250580 secs] [Times: user=0.17 sys=0.00, real=0.02 secs] 
479.026: [GC [PSYoungGen: 4084085K->48431K(4104448K)] 5325752K->1338661K(5886592K), 0.0237540 secs] [Times: user=0.16 sys=0.00, real=0.02 secs] 
479.893: [GC [PSYoungGen: 4063023K->52921K(4110336K)] 5353253K->1370446K(5892480K), 0.0231880 secs] [Times: user=0.15 sys=0.00, real=0.02 secs] 
480.757: [GC [PSYoungGen: 4076025K->63421K(4107072K)] 5393550K->1412123K(5889216K), 0.0242760 secs] [Times: user=0.19 sys=0.00, real=0.02 secs] 
481.624: [GC [PSYoungGen: 4086525K->58266K(4111296K)] 5435227K->1435744K(5893440K), 0.0230340 secs] [Times: user=0.17 sys=0.00, real=0.02 secs] 
482.484: [GC [PSYoungGen: 4084954K->36810K(4109696K)] 5462432K->1451265K(5891840K), 0.0201410 secs] [Times: user=0.16 sys=0.00, real=0.02 secs] 
483.350: [GC [PSYoungGen: 4063498K->46215K(4112896K)] 5477953K->1476791K(5895040K), 0.0179300 secs] [Times: user=0.14 sys=0.00, real=0.02 secs] 
484.208: [GC [PSYoungGen: 4075847K->71300K(4100992K)] 5506423K->1527185K(5883136K), 0.0240190 secs] [Times: user=0.20 sys=0.00, real=0.02 secs] 
485.081: [GC [PSYoungGen: 4100932K->33751K(4108032K)] 5556817K->1541263K(5890176K), 0.0223760 secs] [Times: user=0.18 sys=0.00, real=0.03 secs] 
485.940: [GC [PSYoungGen: 4056279K->39222K(4108416K)] 5563791K->1560654K(5890560K), 0.0205440 secs] [Times: user=0.13 sys=0.00, real=0.02 secs] 
486.796: [GC [PSYoungGen: 4061750K->44783K(4111872K)] 5583182K->1583817K(5894016K), 0.0212200 secs] [Times: user=0.11 sys=0.00, real=0.02 secs] 
487.649: [GC [PSYoungGen: 4071919K->67815K(4094976K)] 5610953K->1632572K(5877120K), 0.0246650 secs] [Times: user=0.20 sys=0.00, real=0.03 secs] 
488.517: [GC [PSYoungGen: 4094951K->39582K(4109888K)] 5659708K->1652076K(5892032K), 0.0233010 secs] [Times: user=0.19 sys=0.00, real=0.02 secs] 
489.377: [GC [PSYoungGen: 4063774K->31874K(4108608K)] 5676268K->1664461K(5890752K), 0.0158230 secs] [Times: user=0.10 sys=0.00, real=0.01 secs] 
490.230: [GC [PSYoungGen: 4056066K->79730K(4094272K)] 5688653K->1745239K(5876416K), 0.0296310 secs] [Times: user=0.21 sys=0.00, real=0.03 secs] 
491.103: [GC [PSYoungGen: 4089714K->69134K(4079168K)] 5755223K->1794454K(5861312K), 0.0297250 secs] [Times: user=0.23 sys=0.00, real=0.02 secs] 
491.133: [Full GC [PSYoungGen: 69134K->0K(4079168K)] [PSOldGen: 1725319K->942069K(1692992K)] 1794454K->942069K(5772160K) [PSPermGen: 2811K->2811K(21248K)], 0.1975170 secs] [Times: user=0.19 sys=0.00, real=0.20 secs] 
492.160: [GC [PSYoungGen: 4009984K->80820K(4087936K)] 4952053K->1022890K(5780928K), 0.0223280 secs] [Times: user=0.14 sys=0.00, real=0.02 secs] 
493.009: [GC [PSYoungGen: 4074292K->41070K(4093888K)] 5016362K->1046541K(5786880K), 0.0280550 secs] [Times: user=0.19 sys=0.00, real=0.03 secs] 
493.876: [GC [PSYoungGen: 4034542K->69688K(4093376K)] 5040013K->1096080K(5786368K), 0.0223950 secs] [Times: user=0.15 sys=0.00, real=0.02 secs] 
494.721: [GC [PSYoungGen: 4064440K->96556K(4091328K)] 5090832K->1173491K(5784320K), 0.0348150 secs] [Times: user=0.28 sys=0.00, real=0.04 secs] 
495.579: [GC [PSYoungGen: 4091308K->102792K(4055360K)] 5168243K->1267676K(5748352K), 0.0450100 secs] [Times: user=0.31 sys=0.00, real=0.05 secs] 
496.455: [GC [PSYoungGen: 4055176K->58967K(4073344K)] 5220060K->1303411K(5766336K), 0.0324330 secs] [Times: user=0.26 sys=0.00, real=0.03 secs] 
497.313: [GC [PSYoungGen: 4011351K->82448K(4074880K)] 5255795K->1367569K(5767872K), 0.0301990 secs] [Times: user=0.24 sys=0.00, real=0.03 secs] 
498.170: [GC [PSYoungGen: 4040976K->28967K(3987520K)] 5326097K->1377302K(5680512K), 0.0239870 secs] [Times: user=0.19 sys=0.00, real=0.03 secs] 
499.033: [GC [PSYoungGen: 3987495K->38955K(4077056K)] 5335830K->1396789K(5770048K), 0.0144790 secs] [Times: user=0.12 sys=0.00, real=0.01 secs] 
499.881: [GC [PSYoungGen: 3997035K->40984K(4075328K)] 5354869K->1417506K(5768320K), 0.0173040 secs] [Times: user=0.14 sys=0.00, real=0.02 secs] 
500.734: [GC [PSYoungGen: 3999064K->33574K(4081088K)] 5375586K->1430935K(5774080K), 0.0180310 secs] [Times: user=0.10 sys=0.00, real=0.01 secs] 
501.585: [GC [PSYoungGen: 3999910K->40410K(4079552K)] 5397271K->1451484K(5772544K), 0.0161000 secs] [Times: user=0.12 sys=0.00, real=0.01 secs] 
502.429: [GC [PSYoungGen: 4006746K->46064K(4088512K)] 5417820K->1477150K(5781504K), 0.0202830 secs] [Times: user=0.14 sys=0.00, real=0.02 secs] 
503.273: [GC [PSYoungGen: 4024560K->36715K(4084288K)] 5455646K->1494268K(5777280K), 0.0181530 secs] [Times: user=0.14 sys=0.00, real=0.02 secs] 
504.116: [GC [PSYoungGen: 4015211K->61206K(4092544K)] 5472764K->1535361K(5785536K), 0.0214110 secs] [Times: user=0.15 sys=0.00, real=0.02 secs] 
504.973: [GC [PSYoungGen: 4050390K->43431K(4090944K)] 5524545K->1558536K(5783936K), 0.0226230 secs] [Times: user=0.15 sys=0.01, real=0.02 secs] 
505.825: [GC [PSYoungGen: 4032535K->31121K(4097088K)] 5547640K->1569466K(5790080K), 0.0161000 secs] [Times: user=0.13 sys=0.00, real=0.01 secs] 
506.672: [GC [PSYoungGen: 4029841K->37176K(4095936K)] 5568186K->1587090K(5788928K), 0.0148690 secs] [Times: user=0.12 sys=0.00, real=0.02 secs] 
507.515: [GC [PSYoungGen: 4035896K->61603K(4099136K)] 5585810K->1628293K(5792128K), 0.0214380 secs] [Times: user=0.14 sys=0.00, real=0.02 secs] 
508.375: [GC [PSYoungGen: 4066211K->42575K(4099456K)] 5632901K->1650298K(5792448K), 0.0233360 secs] [Times: user=0.18 sys=0.00, real=0.02 secs] 
509.233: [GC [PSYoungGen: 4047183K->30933K(4104000K)] 5654906K->1660406K(5796992K), 0.0159390 secs] [Times: user=0.12 sys=0.00, real=0.02 secs] 
509.249: [Full GC [PSYoungGen: 30933K->0K(4104000K)] [PSOldGen: 1629472K->892702K(1688128K)] 1660406K->892702K(5792128K) [PSPermGen: 2811K->2811K(21248K)], 0.2112540 secs] [Times: user=0.21 sys=0.00, real=0.21 secs] 
510.291: [GC [PSYoungGen: 4012480K->59085K(4102784K)] 4905182K->951788K(5790912K), 0.0161980 secs] [Times: user=0.13 sys=0.00, real=0.02 secs] 
511.143: [GC [PSYoungGen: 4071565K->37488K(4106240K)] 4964268K->970386K(5794368K), 0.0206340 secs] [Times: user=0.16 sys=0.00, real=0.02 secs] 
512.020: [GC [PSYoungGen: 4053296K->40507K(4103872K)] 4986194K->991430K(5792000K), 0.0264330 secs] [Times: user=0.19 sys=0.00, real=0.03 secs] 
512.894: [GC [PSYoungGen: 4056315K->44195K(4112576K)] 5007238K->1016536K(5800704K), 0.0200970 secs] [Times: user=0.14 sys=0.00, real=0.02 secs] 
513.764: [GC [PSYoungGen: 4071651K->32560K(4109184K)] 5043992K->1028968K(5797312K), 0.0189020 secs] [Times: user=0.11 sys=0.00, real=0.01 secs] 
514.635: [GC [PSYoungGen: 4060016K->43574K(4117120K)] 5056424K->1052462K(5805248K), 0.0156430 secs] [Times: user=0.12 sys=0.00, real=0.01 secs] 
515.495: [GC [PSYoungGen: 4080182K->38109K(4113792K)] 5089070K->1070568K(5801920K), 0.0168800 secs] [Times: user=0.14 sys=0.00, real=0.01 secs] 
516.366: [GC [PSYoungGen: 4074717K->43513K(4122176K)] 5107176K->1094410K(5810304K), 0.0169380 secs] [Times: user=0.13 sys=0.00, real=0.01 secs] 
517.228: [GC [PSYoungGen: 4090553K->58458K(4119168K)] 5141450K->1133091K(5807296K), 0.0219040 secs] [Times: user=0.18 sys=0.00, real=0.02 secs] 
518.095: [GC [PSYoungGen: 4105498K->36640K(4121088K)] 5180131K->1150403K(5809216K), 0.0204590 secs] [Times: user=0.16 sys=0.00, real=0.02 secs] 
518.964: [GC [PSYoungGen: 4083104K->50302K(4119680K)] 5196867K->1181171K(5807808K), 0.0185910 secs] [Times: user=0.15 sys=0.00, real=0.01 secs] 
519.823: [GC [PSYoungGen: 4096766K->64786K(4112832K)] 5227635K->1225839K(5800960K), 0.0396220 secs] [Times: user=0.19 sys=0.00, real=0.03 secs] 
520.703: [GC [PSYoungGen: 4105106K->42057K(4117312K)] 5266159K->1247702K(5805440K), 0.0227730 secs] [Times: user=0.18 sys=0.00, real=0.03 secs] 
521.566: [GC [PSYoungGen: 4082377K->37463K(4120640K)] 5288022K->1264774K(5808768K), 0.0167280 secs] [Times: user=0.13 sys=0.00, real=0.01 secs] 
522.427: [GC [PSYoungGen: 4083223K->63291K(4109056K)] 5310534K->1306889K(5797184K), 0.0215390 secs] [Times: user=0.17 sys=0.00, real=0.02 secs] 
523.296: [GC [PSYoungGen: 4109051K->46693K(4119808K)] 5352649K->1330331K(5807936K), 0.0230510 secs] [Times: user=0.16 sys=0.00, real=0.02 secs] 
524.196: [GC [PSYoungGen: 4089189K->33980K(4116992K)] 5372827K->1340195K(5805120K), 0.0166050 secs] [Times: user=0.09 sys=0.00, real=0.01 secs] 
525.083: [GC [PSYoungGen: 4076476K->47032K(4122688K)] 5382691K->1367125K(5810816K), 0.0198090 secs] [Times: user=0.13 sys=0.00, real=0.01 secs] 
525.953: [GC [PSYoungGen: 4095672K->32067K(4120256K)] 5415765K->1379083K(5808384K), 0.0207280 secs] [Times: user=0.15 sys=0.00, real=0.02 secs] 
526.824: [GC [PSYoungGen: 4080707K->45458K(4125248K)] 5427723K->1404111K(5813376K), 0.0165500 secs] [Times: user=0.13 sys=0.00, real=0.01 secs] 
527.691: [GC [PSYoungGen: 4099218K->52061K(4122816K)] 5457871K->1435360K(5810944K), 0.0211210 secs] [Times: user=0.16 sys=0.00, real=0.02 secs] 
528.602: [GC [PSYoungGen: 4105821K->31811K(4124992K)] 5489120K->1446460K(5813120K), 0.0240480 secs] [Times: user=0.16 sys=0.00, real=0.03 secs] 
529.481: [GC [PSYoungGen: 4087491K->42990K(4124992K)] 5502140K->1468546K(5813120K), 0.0157490 secs] [Times: user=0.12 sys=0.00, real=0.02 secs] 
530.354: [GC [PSYoungGen: 4098670K->67003K(4093504K)] 5524226K->1521480K(5781632K), 0.0262610 secs] [Times: user=0.18 sys=0.00, real=0.02 secs] 
531.217: [GC [PSYoungGen: 4093499K->31426K(4110400K)] 5547976K->1533060K(5798528K), 0.0224560 secs] [Times: user=0.15 sys=0.00, real=0.02 secs] 
532.085: [GC [PSYoungGen: 4057922K->39361K(4113088K)] 5559556K->1551729K(5801216K), 0.0152060 secs] [Times: user=0.12 sys=0.00, real=0.01 secs] 
532.935: [GC [PSYoungGen: 4068993K->44998K(4110848K)] 5581361K->1577294K(5798976K), 0.0188130 secs] [Times: user=0.15 sys=0.00, real=0.02 secs] 
533.804: [GC [PSYoungGen: 4074630K->35780K(4117568K)] 5606926K->1592226K(5805696K), 0.0237990 secs] [Times: user=0.17 sys=0.00, real=0.02 secs] 
534.665: [GC [PSYoungGen: 4075268K->76719K(4116224K)] 5631714K->1677198K(5804352K), 0.0290590 secs] [Times: user=0.20 sys=0.00, real=0.03 secs] 
535.534: [GC [PSYoungGen: 4116207K->59151K(4074496K)] 5716686K->1709974K(5762624K), 0.0276720 secs] [Times: user=0.22 sys=0.00, real=0.02 secs] 
535.561: [Full GC [PSYoungGen: 59151K->0K(4074496K)] [PSOldGen: 1650822K->908028K(1724928K)] 1709974K->908028K(5799424K) [PSPermGen: 2811K->2811K(21248K)], 0.1038280 secs] [Times: user=0.10 sys=0.00, real=0.11 secs] 
536.494: [GC [PSYoungGen: 3996416K->42290K(4095360K)] 4904444K->950319K(5820288K), 0.0194910 secs] [Times: user=0.10 sys=0.00, real=0.02 secs] 
537.344: [GC [PSYoungGen: 4038706K->40298K(4100288K)] 4946735K->972980K(5825216K), 0.0200670 secs] [Times: user=0.14 sys=0.00, real=0.02 secs] 
538.202: [GC [PSYoungGen: 4044266K->40872K(4097984K)] 4976948K->994890K(5822912K), 0.0168530 secs] [Times: user=0.13 sys=0.00, real=0.02 secs] 
539.056: [GC [PSYoungGen: 4044840K->37115K(4104704K)] 4998858K->1013048K(5829632K), 0.0163120 secs] [Times: user=0.11 sys=0.00, real=0.01 secs] 
539.915: [GC [PSYoungGen: 4050363K->46968K(4102848K)] 5026296K->1041091K(5827776K), 0.0172390 secs] [Times: user=0.11 sys=0.00, real=0.01 secs] 
540.765: [GC [PSYoungGen: 4060216K->38180K(4110400K)] 5054339K->1060177K(5835328K), 0.0177490 secs] [Times: user=0.11 sys=0.00, real=0.01 secs] 
541.617: [GC [PSYoungGen: 4062756K->40987K(4108480K)] 5084753K->1081505K(5833408K), 0.0163780 secs] [Times: user=0.13 sys=0.00, real=0.02 secs] 
542.476: [GC [PSYoungGen: 4065563K->52473K(4114304K)] 5106081K->1114575K(5839232K), 0.0195480 secs] [Times: user=0.16 sys=0.00, real=0.02 secs] 
543.334: [GC [PSYoungGen: 4085369K->57192K(4112896K)] 5147471K->1150463K(5837824K), 0.0230490 secs] [Times: user=0.18 sys=0.00, real=0.02 secs] 
544.192: [GC [PSYoungGen: 4090088K->40179K(4115712K)] 5183359K->1171668K(5840640K), 0.0206870 secs] [Times: user=0.16 sys=0.00, real=0.03 secs] 
545.055: [GC [PSYoungGen: 4075571K->56550K(4113984K)] 5207060K->1207637K(5838912K), 0.0206540 secs] [Times: user=0.16 sys=0.00, real=0.02 secs] 
545.925: [GC [PSYoungGen: 4091942K->30774K(4115520K)] 5243029K->1219500K(5840448K), 0.0187940 secs] [Times: user=0.14 sys=0.00, real=0.02 secs] 
546.785: [GC [PSYoungGen: 4067510K->36820K(4115520K)] 5256236K->1237686K(5840448K), 0.0141410 secs] [Times: user=0.11 sys=0.00, real=0.01 secs] 
547.631: [GC [PSYoungGen: 4073556K->60394K(4112448K)] 5274422K->1278872K(5837376K), 0.0272090 secs] [Times: user=0.17 sys=0.00, real=0.03 secs] 
548.495: [GC [PSYoungGen: 4095594K->52437K(4114752K)] 5314072K->1310864K(5839680K), 0.0244910 secs] [Times: user=0.17 sys=0.00, real=0.02 secs] 
549.365: [GC [PSYoungGen: 4087637K->33643K(4116736K)] 5346064K->1324578K(5841664K), 0.0184630 secs] [Times: user=0.15 sys=0.00, real=0.01 secs] 
550.225: [GC [PSYoungGen: 4072171K->45340K(4116096K)] 5363106K->1351064K(5841024K), 0.0171430 secs] [Times: user=0.14 sys=0.00, real=0.01 secs] 
551.087: [GC [PSYoungGen: 4083868K->38974K(4121280K)] 5389592K->1370976K(5846208K), 0.0605920 secs] [Times: user=0.18 sys=0.00, real=0.06 secs] 
552.005: [GC [PSYoungGen: 4085630K->27548K(4119680K)] 5417632K->1379231K(5844608K), 0.0199410 secs] [Times: user=0.14 sys=0.00, real=0.02 secs] 
552.864: [GC [PSYoungGen: 4074204K->58001K(4116352K)] 5425887K->1417677K(5841280K), 0.0230860 secs] [Times: user=0.13 sys=0.00, real=0.02 secs] 
553.726: [GC [PSYoungGen: 4101009K->36570K(4118656K)] 5460685K->1433970K(5843584K), 0.0208900 secs] [Times: user=0.13 sys=0.00, real=0.02 secs] 
554.585: [GC [PSYoungGen: 4079578K->34988K(4121600K)] 5476978K->1448576K(5846528K), 0.0179800 secs] [Times: user=0.11 sys=0.00, real=0.04 secs] 
555.463: [GC [PSYoungGen: 4082540K->43970K(4120256K)] 5496128K->1473596K(5845184K), 0.0225550 secs] [Times: user=0.12 sys=0.00, real=0.02 secs] 
556.325: [GC [PSYoungGen: 4091522K->49953K(4124544K)] 5521148K->1503887K(5849472K), 0.0208400 secs] [Times: user=0.16 sys=0.00, real=0.02 secs] 
557.193: [GC [PSYoungGen: 4104545K->50958K(4124352K)] 5558479K->1534917K(5849280K), 0.0224070 secs] [Times: user=0.18 sys=0.00, real=0.02 secs] 
558.062: [GC [PSYoungGen: 4105550K->36555K(4125696K)] 5589509K->1551533K(5850624K), 0.0191990 secs] [Times: user=0.15 sys=0.00, real=0.02 secs] 
558.927: [GC [PSYoungGen: 4092555K->37176K(4124608K)] 5607533K->1568763K(5849536K), 0.0162060 secs] [Times: user=0.13 sys=0.00, real=0.01 secs] 
559.786: [GC [PSYoungGen: 4093176K->58535K(4120448K)] 5624763K->1607982K(5845376K), 0.0210420 secs] [Times: user=0.14 sys=0.00, real=0.02 secs] 
560.657: [GC [PSYoungGen: 4111655K->33195K(4123712K)] 5661102K->1621358K(5848640K), 0.0205090 secs] [Times: user=0.13 sys=0.00, real=0.02 secs] 
561.526: [GC [PSYoungGen: 4086315K->64921K(4113856K)] 5674478K->1666119K(5838784K), 0.0229170 secs] [Times: user=0.16 sys=0.00, real=0.02 secs] 
562.396: [GC [PSYoungGen: 4108825K->46543K(4119104K)] 5710023K->1692656K(5844032K), 0.0246980 secs] [Times: user=0.20 sys=0.00, real=0.02 secs] 
563.275: [GC [PSYoungGen: 4090447K->32380K(4122112K)] 5736560K->1705456K(5847040K), 0.0174870 secs] [Times: user=0.13 sys=0.00, real=0.01 secs] 
564.134: [GC [PSYoungGen: 4081916K->58654K(4108224K)] 5754992K->1745947K(5833152K), 0.0220750 secs] [Times: user=0.16 sys=0.00, real=0.02 secs] 
564.156: [Full GC [PSYoungGen: 58654K->0K(4108224K)] [PSOldGen: 1687293K->894031K(1734400K)] 1745947K->894031K(5842624K) [PSPermGen: 2811K->2811K(21248K)], 0.1173680 secs] [Times: user=0.11 sys=0.00, real=0.11 secs] 
565.114: [GC [PSYoungGen: 4049536K->62590K(4113024K)] 4943567K->956621K(5847424K), 0.0190860 secs] [Times: user=0.11 sys=0.00, real=0.02 secs] 
565.973: [GC [PSYoungGen: 4100990K->36558K(4116352K)] 4995021K->975855K(5850752K), 0.0205450 secs] [Times: user=0.14 sys=0.00, real=0.02 secs] 
566.844: [GC [PSYoungGen: 4074958K->76120K(4101632K)] 5014255K->1035751K(5836032K), 0.0242070 secs] [Times: user=0.19 sys=0.00, real=0.02 secs] 
567.709: [GC [PSYoungGen: 4100952K->35767K(4109568K)] 5060583K->1051991K(5843968K), 0.0234030 secs] [Times: user=0.19 sys=0.00, real=0.02 secs] 
568.584: [GC [PSYoungGen: 4060599K->45134K(4113792K)] 5076823K->1078050K(5848192K), 0.0167740 secs] [Times: user=0.14 sys=0.00, real=0.01 secs] 
569.447: [GC [PSYoungGen: 4075406K->36083K(4110784K)] 5108322K->1094970K(5845184K), 0.0169130 secs] [Times: user=0.14 sys=0.00, real=0.02 secs] 
570.297: [GC [PSYoungGen: 4066355K->44133K(4117952K)] 5125242K->1119472K(5852352K), 0.0167210 secs] [Times: user=0.13 sys=0.00, real=0.02 secs] 
571.153: [GC [PSYoungGen: 4082853K->59936K(4115072K)] 5158192K->1159590K(5849472K), 0.0219700 secs] [Times: user=0.18 sys=0.00, real=0.03 secs] 
572.025: [GC [PSYoungGen: 4098656K->38909K(4117504K)] 5198310K->1179762K(5851904K), 0.0210570 secs] [Times: user=0.14 sys=0.00, real=0.02 secs] 
572.886: [GC [PSYoungGen: 4078013K->31562K(4115904K)] 5218866K->1192426K(5850304K), 0.0148630 secs] [Times: user=0.12 sys=0.00, real=0.01 secs] 
573.746: [GC [PSYoungGen: 4070666K->37503K(4119680K)] 5231530K->1211012K(5854080K), 0.0148060 secs] [Times: user=0.10 sys=0.00, real=0.01 secs] 
574.605: [GC [PSYoungGen: 4080767K->43367K(4117888K)] 5254276K->1231838K(5852288K), 0.0173310 secs] [Times: user=0.09 sys=0.00, real=0.01 secs] 
575.474: [GC [PSYoungGen: 4086631K->63067K(4114048K)] 5275102K->1285868K(5848448K), 0.0245670 secs] [Times: user=0.17 sys=0.00, real=0.02 secs] 
576.335: [GC [PSYoungGen: 4105307K->43156K(4118272K)] 5328108K->1308396K(5852672K), 0.0220380 secs] [Times: user=0.18 sys=0.00, real=0.02 secs] 
577.194: [GC [PSYoungGen: 4085396K->34078K(4121472K)] 5350636K->1322309K(5855872K), 0.0164550 secs] [Times: user=0.13 sys=0.00, real=0.01 secs] 
578.063: [GC [PSYoungGen: 4082014K->33429K(4120768K)] 5370245K->1335629K(5855168K), 0.0141010 secs] [Times: user=0.12 sys=0.00, real=0.01 secs] 
578.913: [GC [PSYoungGen: 4081365K->51374K(4122240K)] 5383565K->1367668K(5856640K), 0.0181440 secs] [Times: user=0.14 sys=0.00, real=0.01 secs] 
579.783: [GC [PSYoungGen: 4101678K->38930K(4122304K)] 5417972K->1386740K(5856704K), 0.0193330 secs] [Times: user=0.16 sys=0.00, real=0.01 secs] 
580.640: [GC [PSYoungGen: 4089234K->61008K(4116736K)] 5437044K->1438661K(5851136K), 0.0280580 secs] [Times: user=0.20 sys=0.00, real=0.03 secs] 
581.514: [GC [PSYoungGen: 4107600K->40473K(4120448K)] 5485253K->1458745K(5854848K), 0.0210430 secs] [Times: user=0.14 sys=0.00, real=0.02 secs] 
582.390: [GC [PSYoungGen: 4087065K->40785K(4124352K)] 5505337K->1479797K(5858752K), 0.0193230 secs] [Times: user=0.09 sys=0.00, real=0.02 secs] 
583.255: [GC [PSYoungGen: 4093201K->40150K(4122368K)] 5532213K->1500745K(5856768K), 0.0177760 secs] [Times: user=0.13 sys=0.01, real=0.02 secs] 
584.124: [GC [PSYoungGen: 4091400K->47498K(4127296K)] 5551995K->1528353K(5861696K), 0.0195050 secs] [Times: user=0.11 sys=0.00, real=0.02 secs] 
584.983: [GC [PSYoungGen: 4106570K->41321K(4126080K)] 5587425K->1548063K(5860480K), 0.0184740 secs] [Times: user=0.15 sys=0.00, real=0.02 secs] 
585.852: [GC [PSYoungGen: 4100393K->58724K(4122432K)] 5607135K->1587712K(5856832K), 0.0260740 secs] [Times: user=0.18 sys=0.00, real=0.03 secs] 
586.722: [GC [PSYoungGen: 4115812K->67299K(4124416K)] 5644800K->1636823K(5858816K), 0.0276050 secs] [Times: user=0.22 sys=0.00, real=0.03 secs] 
587.591: [GC [PSYoungGen: 4124387K->54661K(4115840K)] 5693911K->1672005K(5850240K), 0.0270960 secs] [Times: user=0.21 sys=0.00, real=0.03 secs] 
588.457: [GC [PSYoungGen: 4100613K->43184K(4120128K)] 5717957K->1695436K(5854528K), 0.0220770 secs] [Times: user=0.18 sys=0.00, real=0.02 secs] 
589.326: [GC [PSYoungGen: 4089136K->32748K(4121536K)] 5741388K->1707825K(5855936K), 0.0167760 secs] [Times: user=0.12 sys=0.00, real=0.01 secs] 
590.194: [GC [PSYoungGen: 4081772K->59197K(4108224K)] 5756849K->1747665K(5842624K), 0.0204150 secs] [Times: user=0.16 sys=0.00, real=0.02 secs] 
590.215: [Full GC [PSYoungGen: 59197K->0K(4108224K)] [PSOldGen: 1688467K->886095K(1761216K)] 1747665K->886095K(5869440K) [PSPermGen: 2811K->2811K(21248K)], 0.1276040 secs] [Times: user=0.12 sys=0.00, real=0.12 secs] 
591.184: [GC [PSYoungGen: 4049024K->74621K(4104960K)] 4935119K->961544K(5866176K), 0.0187180 secs] [Times: user=0.15 sys=0.00, real=0.01 secs] 
592.052: [GC [PSYoungGen: 4104829K->34331K(4112256K)] 4991752K->978601K(5873472K), 0.0219850 secs] [Times: user=0.15 sys=0.00, real=0.03 secs] 
592.915: [GC [PSYoungGen: 4064539K->33936K(4113472K)] 5008809K->993666K(5874688K), 0.0145610 secs] [Times: user=0.11 sys=0.00, real=0.01 secs] 
593.765: [GC [PSYoungGen: 4065808K->44188K(4112704K)] 5025538K->1018962K(5873920K), 0.0159970 secs] [Times: user=0.12 sys=0.00, real=0.01 secs] 
594.628: [GC [PSYoungGen: 4076060K->41475K(4118464K)] 5050834K->1040813K(5879680K), 0.0177030 secs] [Times: user=0.14 sys=0.00, real=0.02 secs] 
595.495: [GC [PSYoungGen: 4081923K->36020K(4116288K)] 5081261K->1057686K(5877504K), 0.0164030 secs] [Times: user=0.13 sys=0.00, real=0.01 secs] 
596.346: [GC [PSYoungGen: 4076468K->66767K(4109632K)] 5098134K->1104132K(5870848K), 0.0212600 secs] [Times: user=0.17 sys=0.00, real=0.02 secs] 
597.205: [GC [PSYoungGen: 4101711K->55534K(4114624K)] 5139076K->1140545K(5875840K), 0.0249790 secs] [Times: user=0.20 sys=0.00, real=0.02 secs] 
598.085: [GC [PSYoungGen: 4090478K->29758K(4114752K)] 5175489K->1151581K(5875968K), 0.0180150 secs] [Times: user=0.14 sys=0.00, real=0.01 secs] 
598.944: [GC [PSYoungGen: 4065086K->69560K(4104896K)] 5186909K->1203606K(5866112K), 0.0210770 secs] [Times: user=0.16 sys=0.00, real=0.02 secs] 
599.806: [GC [PSYoungGen: 4104888K->60804K(4107904K)] 5238934K->1245566K(5869120K), 0.0268260 secs] [Times: user=0.22 sys=0.00, real=0.02 secs] 
600.665: [GC [PSYoungGen: 4083972K->34948K(4108736K)] 5268734K->1261405K(5869952K), 0.0190630 secs] [Times: user=0.15 sys=0.00, real=0.02 secs] 
601.519: [GC [PSYoungGen: 4058116K->49270K(4113024K)] 5284573K->1291351K(5874240K), 0.0184390 secs] [Times: user=0.15 sys=0.00, real=0.02 secs] 
602.374: [GC [PSYoungGen: 4077686K->53293K(4109696K)] 5319767K->1326310K(5870912K), 0.0215610 secs] [Times: user=0.15 sys=0.00, real=0.02 secs] 
603.223: [GC [PSYoungGen: 4081709K->79742K(4046848K)] 5354726K->1421893K(5808064K), 0.0336830 secs] [Times: user=0.27 sys=0.00, real=0.04 secs] 
604.073: [GC [PSYoungGen: 4046846K->113592K(4080704K)] 5388997K->1606276K(5841920K), 0.0538890 secs] [Times: user=0.43 sys=0.00, real=0.06 secs] 
604.965: [GC [PSYoungGen: 4080696K->112617K(3936192K)] 5573380K->1709555K(5697408K), 0.0462450 secs] [Times: user=0.36 sys=0.00, real=0.04 secs] 
605.814: [GC [PSYoungGen: 3935209K->108037K(4008448K)] 5532147K->1787718K(5769664K), 0.0419300 secs] [Times: user=0.29 sys=0.00, real=0.04 secs] 
605.856: [Full GC [PSYoungGen: 108037K->0K(4008448K)] [PSOldGen: 1679680K->755675K(1735104K)] 1787718K->755675K(5743552K) [PSPermGen: 2811K->2811K(21248K)], 0.1774920 secs] [Times: user=0.17 sys=0.00, real=0.17 secs] 
606.837: [GC [PSYoungGen: 3822592K->49093K(4013248K)] 4578267K->804768K(5748352K), 0.0130950 secs] [Times: user=0.08 sys=0.00, real=0.01 secs] 
607.643: [GC [PSYoungGen: 3877445K->70546K(4009408K)] 4633120K->857573K(5744512K), 0.0246480 secs] [Times: user=0.17 sys=0.00, real=0.02 secs] 
608.474: [GC [PSYoungGen: 3898898K->31268K(4022080K)] 4685925K->869259K(5757184K), 0.0211430 secs] [Times: user=0.11 sys=0.00, real=0.02 secs] 
609.295: [GC [PSYoungGen: 3880292K->40261K(4021248K)] 4718283K->890054K(5756352K), 0.0139290 secs] [Times: user=0.09 sys=0.00, real=0.01 secs] 
610.117: [GC [PSYoungGen: 3889285K->35036K(4029056K)] 4739078K->905999K(5764160K), 0.0180010 secs] [Times: user=0.13 sys=0.00, real=0.02 secs] 
610.935: [GC [PSYoungGen: 3895516K->41076K(4025728K)] 4766479K->927565K(5760832K), 0.0174120 secs] [Times: user=0.12 sys=0.00, real=0.01 secs] 
611.754: [GC [PSYoungGen: 3901556K->35634K(4038400K)] 4788045K->943459K(5773504K), 0.0238060 secs] [Times: user=0.16 sys=0.00, real=0.02 secs] 
612.583: [GC [PSYoungGen: 3913842K->40897K(4034112K)] 4821667K->964331K(5769216K), 0.0195380 secs] [Times: user=0.13 sys=0.00, real=0.01 secs] 
613.405: [GC [PSYoungGen: 3919105K->39323K(4049408K)] 4842539K->984084K(5784512K), 0.0164970 secs] [Times: user=0.09 sys=0.00, real=0.01 secs] 
614.235: [GC [PSYoungGen: 3938459K->42249K(4044032K)] 4883220K->1006112K(5779136K), 0.0167280 secs] [Times: user=0.13 sys=0.00, real=0.01 secs] 
615.057: [GC [PSYoungGen: 3941385K->71492K(4058112K)] 4905248K->1057931K(5793216K), 0.0233210 secs] [Times: user=0.16 sys=0.00, real=0.02 secs] 
615.895: [GC [PSYoungGen: 3990596K->71276K(4055296K)] 4977035K->1101066K(5790400K), 0.0272780 secs] [Times: user=0.22 sys=0.00, real=0.02 secs] 
616.752: [GC [PSYoungGen: 3990380K->44620K(4065856K)] 5020170K->1126773K(5800960K), 0.0245060 secs] [Times: user=0.19 sys=0.00, real=0.03 secs] 
617.603: [GC [PSYoungGen: 3977228K->36050K(4061056K)] 5059381K->1142436K(5796160K), 0.0206630 secs] [Times: user=0.15 sys=0.00, real=0.02 secs] 
618.436: [GC [PSYoungGen: 3968658K->49055K(4074944K)] 5075044K->1171728K(5810048K), 0.0180000 secs] [Times: user=0.14 sys=0.00, real=0.02 secs] 
619.283: [GC [PSYoungGen: 3998879K->34697K(4069184K)] 5121552K->1186899K(5804288K), 0.0177840 secs] [Times: user=0.14 sys=0.00, real=0.01 secs] 
620.118: [GC [PSYoungGen: 3984521K->38334K(4081664K)] 5136723K->1205167K(5816768K), 0.0152230 secs] [Times: user=0.12 sys=0.00, real=0.02 secs] 
620.954: [GC [PSYoungGen: 4003582K->57153K(4077888K)] 5170415K->1242591K(5812992K), 0.0202740 secs] [Times: user=0.12 sys=0.00, real=0.02 secs] 
621.802: [GC [PSYoungGen: 4022401K->40041K(4089344K)] 5207839K->1261961K(5824448K), 0.0256460 secs] [Times: user=0.18 sys=0.00, real=0.03 secs] 
622.685: [GC [PSYoungGen: 4020841K->37541K(4085760K)] 5242761K->1278645K(5820864K), 0.0189280 secs] [Times: user=0.09 sys=0.00, real=0.02 secs] 
623.536: [GC [PSYoungGen: 4018341K->46652K(4097152K)] 5259445K->1304944K(5832256K), 0.0185550 secs] [Times: user=0.10 sys=0.00, real=0.02 secs] 
624.386: [GC [PSYoungGen: 4041916K->37978K(4092416K)] 5300208K->1323152K(5827520K), 0.0182160 secs] [Times: user=0.15 sys=0.00, real=0.02 secs] 
625.235: [GC [PSYoungGen: 4033242K->38186K(4102912K)] 5318416K->1340972K(5838016K), 0.0180930 secs] [Times: user=0.10 sys=0.00, real=0.02 secs] 
626.090: [GC [PSYoungGen: 4046762K->66207K(4099968K)] 5349548K->1387016K(5835072K), 0.0226550 secs] [Times: user=0.18 sys=0.00, real=0.02 secs] 
626.946: [GC [PSYoungGen: 4074783K->34317K(4102272K)] 5395592K->1401292K(5837376K), 0.0218920 secs] [Times: user=0.17 sys=0.00, real=0.02 secs] 
627.815: [GC [PSYoungGen: 4042573K->36898K(4100288K)] 5409548K->1418174K(5835392K), 0.0153120 secs] [Times: user=0.12 sys=0.00, real=0.01 secs] 
628.662: [GC [PSYoungGen: 4045154K->67054K(4098240K)] 5426430K->1464277K(5833344K), 0.0231070 secs] [Times: user=0.16 sys=0.00, real=0.03 secs] 
629.526: [GC [PSYoungGen: 4075886K->42218K(4101568K)] 5473109K->1485689K(5836672K), 0.0239650 secs] [Times: user=0.19 sys=0.00, real=0.02 secs] 
630.387: [GC [PSYoungGen: 4051050K->36961K(4107136K)] 5494521K->1502008K(5842240K), 0.0169300 secs] [Times: user=0.13 sys=0.00, real=0.02 secs] 
631.251: [GC [PSYoungGen: 4054689K->46460K(4104896K)] 5519736K->1527959K(5840000K), 0.0273730 secs] [Times: user=0.19 sys=0.00, real=0.03 secs] 
632.124: [GC [PSYoungGen: 4064188K->31977K(4112256K)] 5545687K->1540441K(5847360K), 0.0173270 secs] [Times: user=0.13 sys=0.00, real=0.01 secs] 
632.995: [GC [PSYoungGen: 4061033K->33322K(4111104K)] 5569497K->1554422K(5846208K), 0.0143180 secs] [Times: user=0.12 sys=0.00, real=0.01 secs] 
633.845: [GC [PSYoungGen: 4062378K->49397K(4115520K)] 5583478K->1584136K(5850624K), 0.0184870 secs] [Times: user=0.15 sys=0.00, real=0.02 secs] 
634.706: [GC [PSYoungGen: 4084469K->72255K(4107328K)] 5619208K->1636027K(5842432K), 0.0266870 secs] [Times: user=0.21 sys=0.00, real=0.02 secs] 
635.584: [GC [PSYoungGen: 4107327K->41698K(4111552K)] 5671099K->1656435K(5846656K), 0.0249200 secs] [Times: user=0.19 sys=0.00, real=0.02 secs] 
636.445: [GC [PSYoungGen: 4067682K->35848K(4108736K)] 5682419K->1671423K(5843840K), 0.0168270 secs] [Times: user=0.13 sys=0.00, real=0.01 secs] 
637.303: [GC [PSYoungGen: 4061832K->45536K(4116800K)] 5697407K->1696570K(5851904K), 0.0179380 secs] [Times: user=0.14 sys=0.00, real=0.02 secs] 
638.164: [GC [PSYoungGen: 4081312K->49889K(4113280K)] 5732346K->1725734K(5848384K), 0.0212630 secs] [Times: user=0.17 sys=0.00, real=0.02 secs] 
639.036: [GC [PSYoungGen: 4085665K->37464K(4119936K)] 5761510K->1742169K(5855040K), 0.0180500 secs] [Times: user=0.12 sys=0.01, real=0.02 secs] 
639.054: [Full GC [PSYoungGen: 37464K->0K(4119936K)] [PSOldGen: 1704704K->752446K(1689408K)] 1742169K->752446K(5809344K) [PSPermGen: 2811K->2811K(21248K)], 0.1225960 secs] [Times: user=0.12 sys=0.00, real=0.12 secs] 
640.014: [GC [PSYoungGen: 4044032K->48988K(4118400K)] 4796478K->801434K(5807808K), 0.0183470 secs] [Times: user=0.10 sys=0.00, real=0.01 secs] 
640.875: [GC [PSYoungGen: 4093020K->37650K(4122816K)] 4845466K->820131K(5812224K), 0.0178980 secs] [Times: user=0.14 sys=0.00, real=0.01 secs] 
641.735: [GC [PSYoungGen: 4087634K->67075K(4117120K)] 4870115K->867482K(5806528K), 0.0205960 secs] [Times: user=0.16 sys=0.00, real=0.02 secs] 
642.593: [GC [PSYoungGen: 4117059K->75214K(4102400K)] 4917466K->939909K(5791808K), 0.0317580 secs] [Times: user=0.25 sys=0.00, real=0.03 secs] 
643.464: [GC [PSYoungGen: 4100558K->65055K(4090432K)] 4965253K->986176K(5779840K), 0.0397860 secs] [Times: user=0.26 sys=0.00, real=0.04 secs] 
644.340: [GC [PSYoungGen: 4090399K->38017K(4108928K)] 5011520K->1004724K(5798336K), 0.0214010 secs] [Times: user=0.17 sys=0.00, real=0.02 secs] 
645.205: [GC [PSYoungGen: 4060289K->32868K(4107648K)] 5026996K->1017584K(5797056K), 0.0136080 secs] [Times: user=0.08 sys=0.00, real=0.01 secs] 
646.056: [GC [PSYoungGen: 4055140K->48166K(4113152K)] 5039856K->1045966K(5802560K), 0.0163060 secs] [Times: user=0.11 sys=0.00, real=0.01 secs] 
646.915: [GC [PSYoungGen: 4076518K->30983K(4109504K)] 5074318K->1057444K(5798912K), 0.0165810 secs] [Times: user=0.13 sys=0.00, real=0.01 secs] 
647.764: [GC [PSYoungGen: 4059335K->43284K(4116352K)] 5085796K->1080726K(5805760K), 0.0152000 secs] [Times: user=0.12 sys=0.00, real=0.01 secs] 
648.625: [GC [PSYoungGen: 4078804K->45232K(4113472K)] 5116246K->1105830K(5802880K), 0.0187340 secs] [Times: user=0.15 sys=0.00, real=0.02 secs] 
649.483: [GC [PSYoungGen: 4080752K->50812K(4120448K)] 5141350K->1136958K(5809856K), 0.0187370 secs] [Times: user=0.13 sys=0.00, real=0.02 secs] 
650.338: [GC [PSYoungGen: 4096252K->48858K(4119296K)] 5182398K->1166684K(5808704K), 0.0203530 secs] [Times: user=0.17 sys=0.00, real=0.02 secs] 
651.206: [GC [PSYoungGen: 4094298K->71718K(4108928K)] 5212124K->1256299K(5798336K), 0.0319830 secs] [Times: user=0.26 sys=0.00, real=0.03 secs] 
652.084: [GC [PSYoungGen: 4108710K->78654K(4115648K)] 5293291K->1363896K(5805056K), 0.0402020 secs] [Times: user=0.28 sys=0.00, real=0.04 secs] 
652.965: [GC [PSYoungGen: 4115646K->78639K(3934272K)] 5400888K->1487291K(5623680K), 0.0458930 secs] [Times: user=0.30 sys=0.00, real=0.04 secs] 
653.810: [GC [PSYoungGen: 3934255K->80680K(4024960K)] 5342907K->1553787K(5714368K), 0.0347660 secs] [Times: user=0.27 sys=0.00, real=0.04 secs] 
654.649: [GC [PSYoungGen: 3936296K->49272K(4036480K)] 5409403K->1585921K(5725888K), 0.0282240 secs] [Times: user=0.22 sys=0.00, real=0.03 secs] 
655.476: [GC [PSYoungGen: 3924088K->135024K(4009856K)] 5460737K->1703677K(5699264K), 0.0396500 secs] [Times: user=0.31 sys=0.00, real=0.04 secs] 
656.341: [GC [PSYoungGen: 4009840K->139999K(3996288K)] 5578493K->1792723K(5685696K), 0.0482930 secs] [Times: user=0.39 sys=0.00, real=0.05 secs] 
656.389: [Full GC [PSYoungGen: 139999K->0K(3996288K)] [PSOldGen: 1652723K->829874K(1859392K)] 1792723K->829874K(5855680K) [PSPermGen: 2811K->2811K(21248K)], 0.1860990 secs] [Times: user=0.18 sys=0.00, real=0.19 secs] 
657.367: [GC [PSYoungGen: 3824256K->115307K(3939584K)] 4654130K->945181K(5798976K), 0.0273290 secs] [Times: user=0.18 sys=0.00, real=0.03 secs] 
658.203: [GC [PSYoungGen: 3939563K->35331K(4008896K)] 4769437K->962335K(5868288K), 0.0306990 secs] [Times: user=0.21 sys=0.00, real=0.04 secs] 
659.030: [GC [PSYoungGen: 3858307K->34519K(4008384K)] 4785311K->976982K(5867776K), 0.0141020 secs] [Times: user=0.10 sys=0.00, real=0.02 secs] 
659.846: [GC [PSYoungGen: 3857495K->35333K(4013824K)] 4799958K->993173K(5873216K), 0.0142200 secs] [Times: user=0.11 sys=0.00, real=0.01 secs] 
660.656: [GC [PSYoungGen: 3865605K->34966K(4010752K)] 4823445K->1008928K(5870144K), 0.0143000 secs] [Times: user=0.11 sys=0.00, real=0.01 secs] 
661.465: [GC [PSYoungGen: 3864844K->51571K(4025152K)] 4838806K->1040983K(5884544K), 0.0183980 secs] [Times: user=0.15 sys=0.00, real=0.02 secs] 
662.283: [GC [PSYoungGen: 3900147K->37475K(4017728K)] 4889559K->1059481K(5877120K), 0.0192430 secs] [Times: user=0.15 sys=0.00, real=0.02 secs] 
663.105: [GC [PSYoungGen: 3886051K->36136K(4034816K)] 4908057K->1076663K(5894208K), 0.0153510 secs] [Times: user=0.12 sys=0.00, real=0.01 secs] 
663.923: [GC [PSYoungGen: 3906536K->47991K(4029888K)] 4947063K->1104549K(5889280K), 0.0176340 secs] [Times: user=0.14 sys=0.00, real=0.02 secs] 
664.744: [GC [PSYoungGen: 3918391K->35971K(4046912K)] 4974949K->1120486K(5906304K), 0.0176790 secs] [Times: user=0.14 sys=0.00, real=0.01 secs] 
665.571: [GC [PSYoungGen: 3930627K->29473K(4042048K)] 5015142K->1129605K(5901440K), 0.0236530 secs] [Times: user=0.15 sys=0.00, real=0.03 secs] 
666.403: [GC [PSYoungGen: 3924129K->45157K(4057856K)] 5024261K->1154871K(5917248K), 0.0156440 secs] [Times: user=0.11 sys=0.00, real=0.01 secs] 
667.233: [GC [PSYoungGen: 3959525K->30421K(4050816K)] 5069239K->1165279K(5910208K), 0.0158080 secs] [Times: user=0.12 sys=0.00, real=0.02 secs] 
668.065: [GC [PSYoungGen: 3944789K->32069K(4066496K)] 5079647K->1177991K(5925888K), 0.0127610 secs] [Times: user=0.10 sys=0.00, real=0.01 secs] 
668.896: [GC [PSYoungGen: 3966149K->48301K(4061888K)] 5112071K->1206935K(5921280K), 0.0171710 secs] [Times: user=0.13 sys=0.00, real=0.02 secs] 
669.725: [GC [PSYoungGen: 3982381K->60105K(4077248K)] 5141015K->1245951K(5936640K), 0.0233830 secs] [Times: user=0.19 sys=0.00, real=0.02 secs] 
670.571: [GC [PSYoungGen: 4016969K->27007K(4073920K)] 5202815K->1253060K(5933312K), 0.0186270 secs] [Times: user=0.15 sys=0.00, real=0.02 secs] 
671.413: [GC [PSYoungGen: 3983871K->44263K(4085632K)] 5209924K->1277068K(5945024K), 0.0146460 secs] [Times: user=0.10 sys=0.00, real=0.01 secs] 
672.271: [GC [PSYoungGen: 4015335K->38809K(4079744K)] 5248140K->1296012K(5939136K), 0.0202760 secs] [Times: user=0.14 sys=0.00, real=0.02 secs] 
673.131: [GC [PSYoungGen: 4009881K->37929K(4094208K)] 5267084K->1313074K(5953600K), 0.0266340 secs] [Times: user=0.18 sys=0.00, real=0.03 secs] 
673.993: [GC [PSYoungGen: 4027881K->67574K(4090048K)] 5303026K->1360232K(5949440K), 0.0232290 secs] [Times: user=0.18 sys=0.00, real=0.02 secs] 
674.843: [GC [PSYoungGen: 4057526K->44110K(4096384K)] 5350184K->1383843K(5955776K), 0.0244930 secs] [Times: user=0.19 sys=0.00, real=0.02 secs] 
675.714: [GC [PSYoungGen: 4037902K->39317K(4091712K)] 5377635K->1402123K(5951104K), 0.0230240 secs] [Times: user=0.15 sys=0.00, real=0.02 secs] 
676.572: [GC [PSYoungGen: 4033109K->65350K(4095808K)] 5395915K->1447837K(5955200K), 0.0226640 secs] [Times: user=0.18 sys=0.00, real=0.03 secs] 
677.435: [GC [PSYoungGen: 4066758K->48719K(4097856K)] 5449245K->1476377K(5957248K), 0.0253380 secs] [Times: user=0.20 sys=0.00, real=0.02 secs] 
678.303: [GC [PSYoungGen: 4050127K->76720K(4090560K)] 5477785K->1532584K(5949952K), 0.0267270 secs] [Times: user=0.20 sys=0.01, real=0.02 secs] 
679.164: [GC [PSYoungGen: 4075568K->31375K(4096576K)] 5531432K->1544245K(5955968K), 0.0236170 secs] [Times: user=0.19 sys=0.00, real=0.02 secs] 
680.023: [GC [PSYoungGen: 4030223K->84766K(4081088K)] 5543093K->1608370K(5940480K), 0.0247370 secs] [Times: user=0.20 sys=0.00, real=0.02 secs] 
680.875: [GC [PSYoungGen: 4069278K->56927K(4089408K)] 5592882K->1644159K(5948800K), 0.0308040 secs] [Times: user=0.25 sys=0.00, real=0.03 secs] 
681.746: [GC [PSYoungGen: 4041439K->30450K(4094016K)] 5628671K->1654577K(5953408K), 0.0207860 secs] [Times: user=0.15 sys=0.00, real=0.02 secs] 
682.594: [GC [PSYoungGen: 4023346K->40224K(4093184K)] 5647473K->1674670K(5952576K), 0.0235090 secs] [Times: user=0.11 sys=0.00, real=0.02 secs] 
683.445: [GC [PSYoungGen: 4033120K->37651K(4099648K)] 5667566K->1691447K(5959040K), 0.0172520 secs] [Times: user=0.13 sys=0.00, real=0.01 secs] 
684.296: [GC [PSYoungGen: 4040019K->40166K(4097024K)] 5693815K->1710331K(5956416K), 0.0172440 secs] [Times: user=0.14 sys=0.00, real=0.01 secs] 
685.154: [GC [PSYoungGen: 4042534K->38015K(4105408K)] 5712699K->1727530K(5964800K), 0.0174640 secs] [Times: user=0.14 sys=0.00, real=0.04 secs] 
686.030: [GC [PSYoungGen: 4051839K->33792K(4102720K)] 5741354K->1741332K(5962112K), 0.0202270 secs] [Times: user=0.14 sys=0.00, real=0.02 secs] 
686.878: [GC [PSYoungGen: 4047616K->48918K(4110272K)] 5755156K->1771007K(5969664K), 0.0176860 secs] [Times: user=0.13 sys=0.01, real=0.02 secs] 
687.745: [GC [PSYoungGen: 4072214K->45022K(4107328K)] 5794303K->1794985K(5966720K), 0.0194710 secs] [Times: user=0.11 sys=0.04, real=0.02 secs] 
688.601: [GC [PSYoungGen: 4068318K->48207K(4116480K)] 5818281K->1821740K(5975872K), 0.0195530 secs] [Times: user=0.15 sys=0.01, real=0.02 secs] 
689.465: [GC [PSYoungGen: 4084239K->31560K(4113856K)] 5857772K->1833464K(5973248K), 0.0229700 secs] [Times: user=0.15 sys=0.01, real=0.02 secs] 
690.336: [GC [PSYoungGen: 4067592K->37619K(4119232K)] 5869496K->1851167K(5978624K), 0.0163790 secs] [Times: user=0.09 sys=0.01, real=0.01 secs] 
690.353: [Full GC [PSYoungGen: 37619K->0K(4119232K)] [PSOldGen: 1813547K->922259K(1928384K)] 1851167K->922259K(6047616K) [PSPermGen: 2811K->2811K(21248K)], 0.1068640 secs] [Times: user=0.10 sys=0.00, real=0.11 secs] 
691.296: [GC [PSYoungGen: 4042112K->54605K(4117184K)] 4964371K->976864K(6045568K), 0.0151440 secs] [Times: user=0.12 sys=0.00, real=0.01 secs] 
692.155: [GC [PSYoungGen: 4096717K->32046K(4119232K)] 5018976K->989542K(6047616K), 0.0183220 secs] [Times: user=0.14 sys=0.00, real=0.01 secs] 
693.023: [GC [PSYoungGen: 4075374K->44936K(4118400K)] 5032870K->1013669K(6046784K), 0.0158130 secs] [Times: user=0.13 sys=0.00, real=0.01 secs] 
693.876: [GC [PSYoungGen: 4088264K->37141K(4123648K)] 5056997K->1030521K(6052032K), 0.0170780 secs] [Times: user=0.11 sys=0.00, real=0.01 secs] 
694.730: [GC [PSYoungGen: 4088405K->42624K(4121920K)] 5081785K->1052043K(6050304K), 0.0164300 secs] [Times: user=0.13 sys=0.00, real=0.02 secs] 
695.595: [GC [PSYoungGen: 4093888K->43894K(4128512K)] 5103307K->1075144K(6056896K), 0.0181090 secs] [Times: user=0.14 sys=0.00, real=0.02 secs] 
696.456: [GC [PSYoungGen: 4104374K->65777K(4126272K)] 5135624K->1137298K(6054656K), 0.0274690 secs] [Times: user=0.22 sys=0.00, real=0.03 secs] 
697.340: [GC [PSYoungGen: 4126257K->34492K(4091072K)] 5197778K->1152344K(6019456K), 0.0278260 secs] [Times: user=0.19 sys=0.00, real=0.03 secs] 
698.199: [GC [PSYoungGen: 4057532K->34043K(4108672K)] 5175384K->1165864K(6037056K), 0.0139860 secs] [Times: user=0.11 sys=0.00, real=0.01 secs] 
699.052: [GC [PSYoungGen: 4057083K->43461K(4113280K)] 5188904K->1189086K(6041664K), 0.0163630 secs] [Times: user=0.13 sys=0.00, real=0.02 secs] 
699.915: [GC [PSYoungGen: 4072517K->45453K(4110080K)] 5218142K->1213738K(6038464K), 0.0188050 secs] [Times: user=0.15 sys=0.00, real=0.02 secs] 
700.769: [GC [PSYoungGen: 4074509K->40592K(4118784K)] 5242794K->1232944K(6047168K), 0.0203400 secs] [Times: user=0.13 sys=0.00, real=0.02 secs] 
701.628: [GC [PSYoungGen: 4081680K->68080K(4109184K)] 5274032K->1280509K(6037568K), 0.0234860 secs] [Times: user=0.17 sys=0.00, real=0.02 secs] 
702.488: [GC [PSYoungGen: 4109168K->61494K(4110016K)] 5321597K->1316778K(6038400K), 0.0270470 secs] [Times: user=0.19 sys=0.00, real=0.03 secs] 
703.345: [GC [PSYoungGen: 4090678K->78874K(4108096K)] 5345962K->1374844K(6036480K), 0.0298810 secs] [Times: user=0.24 sys=0.00, real=0.03 secs] 
704.218: [GC [PSYoungGen: 4108058K->60988K(4101184K)] 5404028K->1415206K(6029568K), 0.0302500 secs] [Times: user=0.24 sys=0.00, real=0.03 secs] 
705.084: [GC [PSYoungGen: 4075964K->33032K(4104640K)] 5430182K->1428945K(6033024K), 0.0202830 secs] [Times: user=0.13 sys=0.00, real=0.02 secs] 
705.935: [GC [PSYoungGen: 4047765K->86219K(4086592K)] 5443678K->1495514K(6014976K), 0.0264820 secs] [Times: user=0.21 sys=0.00, real=0.07 secs] 
706.835: [GC [PSYoungGen: 4083403K->39183K(4095744K)] 5492698K->1514589K(6024128K), 0.0262520 secs] [Times: user=0.15 sys=0.00, real=0.02 secs] 
707.693: [GC [PSYoungGen: 4036367K->37536K(4099264K)] 5511773K->1531215K(6027648K), 0.0164130 secs] [Times: user=0.11 sys=0.00, real=0.01 secs] 
708.544: [GC [PSYoungGen: 4040032K->30790K(4097536K)] 5533711K->1541832K(6025920K), 0.0212490 secs] [Times: user=0.14 sys=0.00, real=0.02 secs] 
709.403: [GC [PSYoungGen: 4033286K->39534K(4102848K)] 5544328K->1560821K(6031232K), 0.0152500 secs] [Times: user=0.12 sys=0.00, real=0.02 secs] 
710.265: [GC [PSYoungGen: 4048174K->41586K(4100096K)] 5569461K->1581146K(6028480K), 0.0206910 secs] [Times: user=0.13 sys=0.00, real=0.02 secs] 
711.113: [GC [PSYoungGen: 4050226K->66170K(4100480K)] 5589786K->1626396K(6028864K), 0.0241280 secs] [Times: user=0.19 sys=0.00, real=0.02 secs] 
711.969: [GC [PSYoungGen: 4078330K->61811K(4073984K)] 5638556K->1667283K(6002368K), 0.0307000 secs] [Times: user=0.22 sys=0.00, real=0.03 secs] 
712.845: [GC [PSYoungGen: 4073971K->54383K(4105600K)] 5679443K->1700391K(6033984K), 0.0254350 secs] [Times: user=0.17 sys=0.01, real=0.02 secs] 
713.706: [GC [PSYoungGen: 4068527K->39244K(4102848K)] 5714535K->1718507K(6031232K), 0.0203010 secs] [Times: user=0.13 sys=0.00, real=0.02 secs] 
714.573: [GC [PSYoungGen: 4053388K->37521K(4108928K)] 5732651K->1735628K(6037312K), 0.0269030 secs] [Times: user=0.17 sys=0.00, real=0.03 secs] 
715.450: [GC [PSYoungGen: 4059473K->33648K(4107328K)] 5757580K->1749449K(6035712K), 0.0161610 secs] [Times: user=0.13 sys=0.00, real=0.02 secs] 
716.308: [GC [PSYoungGen: 4055600K->30612K(4110848K)] 5771401K->1760126K(6039232K), 0.0191960 secs] [Times: user=0.12 sys=0.00, real=0.02 secs] 
717.169: [GC [PSYoungGen: 4057172K->35472K(4110016K)] 5786686K->1776307K(6038400K), 0.0151440 secs] [Times: user=0.12 sys=0.00, real=0.02 secs] 
718.031: [GC [PSYoungGen: 4062032K->47118K(4115648K)] 5802867K->1803330K(6044032K), 0.0202030 secs] [Times: user=0.14 sys=0.00, real=0.02 secs] 
718.888: [GC [PSYoungGen: 4081422K->44306K(4112960K)] 5837634K->1826820K(6041344K), 0.0208370 secs] [Times: user=0.17 sys=0.00, real=0.02 secs] 
719.756: [GC [PSYoungGen: 4078610K->32284K(4119872K)] 5861124K->1838368K(6048256K), 0.0180720 secs] [Times: user=0.12 sys=0.00, real=0.02 secs] 
720.610: [GC [PSYoungGen: 4076828K->58131K(4102720K)] 5882912K->1875536K(6031104K), 0.0203780 secs] [Times: user=0.16 sys=0.00, real=0.02 secs] 
721.474: [GC [PSYoungGen: 4102675K->41759K(4120192K)] 5920080K->1896888K(6048576K), 0.0259910 secs] [Times: user=0.16 sys=0.02, real=0.02 secs] 
722.355: [GC [PSYoungGen: 4085215K->34936K(4117568K)] 5940344K->1910903K(6045952K), 0.0165100 secs] [Times: user=0.10 sys=0.00, real=0.01 secs] 
723.215: [GC [PSYoungGen: 4078392K->62151K(4113664K)] 5954359K->1951997K(6042048K), 0.0213970 secs] [Times: user=0.15 sys=0.02, real=0.02 secs] 
723.236: [Full GC [PSYoungGen: 62151K->0K(4113664K)] [PSOldGen: 1889845K->855666K(1899712K)] 1951997K->855666K(6013376K) [PSPermGen: 2811K->2811K(21248K)], 0.2119620 secs] [Times: user=0.21 sys=0.00, real=0.21 secs] 
724.297: [GC [PSYoungGen: 4040832K->49979K(4117568K)] 4896498K->905646K(6017280K), 0.0141860 secs] [Times: user=0.10 sys=0.00, real=0.01 secs] 
725.157: [GC [PSYoungGen: 4090811K->41324K(4121152K)] 4946478K->928549K(6020864K), 0.0203270 secs] [Times: user=0.14 sys=0.00, real=0.02 secs] 
726.026: [GC [PSYoungGen: 4087212K->42823K(4119040K)] 4974437K->951623K(6018752K), 0.0180590 secs] [Times: user=0.13 sys=0.00, real=0.02 secs] 
726.889: [GC [PSYoungGen: 4088711K->70847K(4085952K)] 4997511K->1011627K(5985664K), 0.0256610 secs] [Times: user=0.17 sys=0.00, real=0.03 secs] 
727.745: [GC [PSYoungGen: 4085951K->48859K(4104704K)] 5026731K->1039354K(6004416K), 0.0246010 secs] [Times: user=0.17 sys=0.00, real=0.02 secs] 
728.608: [GC [PSYoungGen: 4063963K->67528K(4102848K)] 5054458K->1085839K(6002560K), 0.0236140 secs] [Times: user=0.14 sys=0.00, real=0.02 secs] 
729.465: [GC [PSYoungGen: 4084296K->58030K(4105536K)] 5102607K->1122423K(6005248K), 0.0258060 secs] [Times: user=0.15 sys=0.00, real=0.02 secs] 
730.332: [GC [PSYoungGen: 4074798K->29385K(4105856K)] 5139191K->1131253K(6005568K), 0.0242050 secs] [Times: user=0.15 sys=0.00, real=0.03 secs] 
731.195: [GC [PSYoungGen: 4048009K->41824K(4106496K)] 5149877K->1153341K(6006208K), 0.0146060 secs] [Times: user=0.10 sys=0.00, real=0.01 secs] 
732.045: [GC [PSYoungGen: 4060512K->37316K(4110208K)] 5172029K->1171899K(6009920K), 0.0167850 secs] [Times: user=0.12 sys=0.00, real=0.01 secs] 
732.906: [GC [PSYoungGen: 4061956K->32615K(4108736K)] 5196539K->1183899K(6008448K), 0.0196950 secs] [Times: user=0.14 sys=0.00, real=0.02 secs] 
733.759: [GC [PSYoungGen: 4057255K->39581K(4113408K)] 5208539K->1202260K(6013120K), 0.0202720 secs] [Times: user=0.14 sys=0.00, real=0.02 secs] 
734.616: [GC [PSYoungGen: 4069725K->38847K(4111040K)] 5232404K->1221704K(6010752K), 0.0168570 secs] [Times: user=0.13 sys=0.00, real=0.01 secs] 
735.469: [GC [PSYoungGen: 4068991K->53825K(4115840K)] 5251848K->1255452K(6015552K), 0.0202900 secs] [Times: user=0.16 sys=0.00, real=0.02 secs] 
736.326: [GC [PSYoungGen: 4091009K->53393K(4115648K)] 5292636K->1288348K(6015360K), 0.0228670 secs] [Times: user=0.15 sys=0.00, real=0.02 secs] 
737.185: [GC [PSYoungGen: 4090577K->40623K(4118464K)] 5325532K->1308584K(6018176K), 0.0204850 secs] [Times: user=0.16 sys=0.00, real=0.02 secs] 
738.041: [GC [PSYoungGen: 4081199K->42206K(4116416K)] 5349160K->1330344K(6016128K), 0.0178810 secs] [Times: user=0.14 sys=0.00, real=0.02 secs] 
738.900: [GC [PSYoungGen: 4082782K->30457K(4120832K)] 5370920K->1341586K(6020544K), 0.0157800 secs] [Times: user=0.12 sys=0.00, real=0.02 secs] 
739.761: [GC [PSYoungGen: 4077689K->42017K(4120704K)] 5388818K->1363383K(6020416K), 0.0189570 secs] [Times: user=0.14 sys=0.00, real=0.02 secs] 
740.623: [GC [PSYoungGen: 4089249K->39163K(4125120K)] 5410615K->1381865K(6024832K), 0.0174590 secs] [Times: user=0.14 sys=0.00, real=0.01 secs] 
741.487: [GC [PSYoungGen: 4093307K->36685K(4123328K)] 5436009K->1398315K(6023040K), 0.0171150 secs] [Times: user=0.11 sys=0.00, real=0.02 secs] 
742.351: [GC [PSYoungGen: 4090829K->46655K(4127616K)] 5452459K->1424307K(6027328K), 0.0244930 secs] [Times: user=0.17 sys=0.00, real=0.03 secs] 
743.214: [GC [PSYoungGen: 4106299K->49675K(4126464K)] 5483951K->1453207K(6026176K), 0.0209060 secs] [Times: user=0.16 sys=0.00, real=0.02 secs] 
744.086: [GC [PSYoungGen: 4109451K->40677K(4129280K)] 5512983K->1469351K(6028992K), 0.0187890 secs] [Times: user=0.15 sys=0.00, real=0.02 secs] 
744.948: [GC [PSYoungGen: 4103269K->39407K(4127616K)] 5531943K->1488837K(6027328K), 0.0177010 secs] [Times: user=0.14 sys=0.00, real=0.02 secs] 
745.814: [GC [PSYoungGen: 4101999K->62657K(4120384K)] 5551429K->1532000K(6020096K), 0.0295070 secs] [Times: user=0.18 sys=0.00, real=0.03 secs] 
746.684: [GC [PSYoungGen: 4119489K->54701K(4111552K)] 5588832K->1566154K(6011264K), 0.0261460 secs] [Times: user=0.21 sys=0.00, real=0.02 secs] 
747.553: [GC [PSYoungGen: 4111533K->39858K(4125696K)] 5622986K->1580426K(6025408K), 0.0195820 secs] [Times: user=0.16 sys=0.00, real=0.02 secs] 
748.413: [GC [PSYoungGen: 4095666K->41866K(4124416K)] 5636234K->1601452K(6024128K), 0.0178820 secs] [Times: user=0.14 sys=0.00, real=0.01 secs] 
749.270: [GC [PSYoungGen: 4097674K->35098K(4127872K)] 5657260K->1615605K(6027584K), 0.0169800 secs] [Times: user=0.13 sys=0.00, real=0.02 secs] 
750.140: [GC [PSYoungGen: 4096090K->66423K(4127424K)] 5676597K->1671385K(6027136K), 0.0247660 secs] [Times: user=0.19 sys=0.00, real=0.03 secs] 
751.014: [GC [PSYoungGen: 4127415K->50736K(4103232K)] 5732377K->1703766K(6002944K), 0.0263740 secs] [Times: user=0.21 sys=0.00, real=0.02 secs] 
751.887: [GC [PSYoungGen: 4087088K->52482K(4115328K)] 5740118K->1735869K(6015040K), 0.0233990 secs] [Times: user=0.19 sys=0.00, real=0.02 secs] 
752.745: [GC [PSYoungGen: 4088834K->42090K(4118592K)] 5772221K->1757323K(6018304K), 0.0215630 secs] [Times: user=0.16 sys=0.01, real=0.02 secs] 
753.613: [GC [PSYoungGen: 4083434K->58396K(4117056K)] 5798667K->1795370K(6016768K), 0.0228720 secs] [Times: user=0.18 sys=0.00, real=0.02 secs] 
754.477: [GC [PSYoungGen: 4099740K->46736K(4119872K)] 5836714K->1822675K(6019584K), 0.0243040 secs] [Times: user=0.19 sys=0.00, real=0.02 secs] 
755.337: [GC [PSYoungGen: 4090000K->47178K(4117696K)] 5865939K->1849501K(6017408K), 0.0212350 secs] [Times: user=0.13 sys=0.00, real=0.02 secs] 
756.213: [GC [PSYoungGen: 4090442K->52228K(4123200K)] 5892765K->1881183K(6022912K), 0.0221260 secs] [Times: user=0.17 sys=0.00, real=0.02 secs] 
757.085: [GC [PSYoungGen: 4103172K->42234K(4122048K)] 5932127K->1904194K(6021760K), 0.0217840 secs] [Times: user=0.16 sys=0.01, real=0.02 secs] 
757.107: [Full GC [PSYoungGen: 42234K->0K(4122048K)] [PSOldGen: 1861960K->898118K(1971200K)] 1904194K->898118K(6093248K) [PSPermGen: 2811K->2811K(21248K)], 0.0836090 secs] [Times: user=0.08 sys=0.00, real=0.08 secs] 
758.035: [GC [PSYoungGen: 4050944K->60837K(4119424K)] 4949062K->958955K(6090624K), 0.0165190 secs] [Times: user=0.13 sys=0.00, real=0.01 secs] 
758.888: [GC [PSYoungGen: 4110117K->36287K(4085568K)] 5008235K->975924K(6056768K), 0.0203360 secs] [Times: user=0.14 sys=0.00, real=0.02 secs] 
759.762: [GC [PSYoungGen: 4085567K->34065K(4121600K)] 5025204K->989153K(6092800K), 0.0264590 secs] [Times: user=0.18 sys=0.00, real=0.03 secs] 
760.630: [GC [PSYoungGen: 4083089K->46841K(4121664K)] 5038177K->1015567K(6092864K), 0.0209610 secs] [Times: user=0.14 sys=0.00, real=0.02 secs] 
761.498: [GC [PSYoungGen: 4095865K->39012K(4125120K)] 5064591K->1034454K(6096320K), 0.0203040 secs] [Times: user=0.15 sys=0.00, real=0.02 secs] 
762.364: [GC [PSYoungGen: 4093988K->48946K(4124160K)] 5089430K->1062743K(6095360K), 0.0181810 secs] [Times: user=0.14 sys=0.00, real=0.01 secs] 
763.233: [GC [PSYoungGen: 4103922K->41325K(4127680K)] 5117719K->1083907K(6098880K), 0.0239030 secs] [Times: user=0.17 sys=0.00, real=0.02 secs] 
764.097: [GC [PSYoungGen: 4101101K->44477K(4126400K)] 5143683K->1108477K(6097600K), 0.0182410 secs] [Times: user=0.14 sys=0.00, real=0.02 secs] 
764.968: [GC [PSYoungGen: 4104253K->30726K(4128064K)] 5168253K->1118959K(6099264K), 0.0152430 secs] [Times: user=0.10 sys=0.00, real=0.02 secs] 
765.834: [GC [PSYoungGen: 4093958K->40384K(4128768K)] 5182191K->1138944K(6099968K), 0.0146870 secs] [Times: user=0.12 sys=0.00, real=0.01 secs] 
766.706: [GC [PSYoungGen: 4103616K->48269K(4130624K)] 5202176K->1166254K(6101824K), 0.0187980 secs] [Times: user=0.15 sys=0.00, real=0.02 secs] 
767.576: [GC [PSYoungGen: 4114829K->32887K(4130240K)] 5232814K->1178580K(6101440K), 0.0170080 secs] [Times: user=0.14 sys=0.00, real=0.01 secs] 
768.444: [GC [PSYoungGen: 4099447K->39894K(4132096K)] 5245140K->1198142K(6103296K), 0.0221910 secs] [Times: user=0.15 sys=0.00, real=0.02 secs] 
769.332: [GC [PSYoungGen: 4108310K->62194K(4130624K)] 5266558K->1291132K(6101824K), 0.0372990 secs] [Times: user=0.18 sys=0.01, real=0.04 secs] 
770.255: [GC [PSYoungGen: 4130610K->32867K(4072640K)] 5359548K->1310203K(6043840K), 0.0215080 secs] [Times: user=0.09 sys=0.00, real=0.02 secs] 
771.107: [GC [PSYoungGen: 4041827K->37527K(4101632K)] 5319163K->1327418K(6072832K), 0.0144470 secs] [Times: user=0.10 sys=0.00, real=0.01 secs] 
771.955: [GC [PSYoungGen: 4046487K->53228K(4106304K)] 5336378K->1360225K(6077504K), 0.0279780 secs] [Times: user=0.17 sys=0.00, real=0.03 secs] 
772.820: [GC [PSYoungGen: 4069036K->26965K(4103808K)] 5376033K->1366472K(6075008K), 0.0202150 secs] [Times: user=0.13 sys=0.00, real=0.02 secs] 
773.673: [GC [PSYoungGen: 4042773K->41841K(4109632K)] 5382280K->1387032K(6080832K), 0.0253030 secs] [Times: user=0.17 sys=0.00, real=0.05 secs] 
774.545: [GC [PSYoungGen: 4063601K->66574K(4088384K)] 5408792K->1432852K(6059584K), 0.0231780 secs] [Times: user=0.18 sys=0.00, real=0.02 secs] 
775.425: [GC [PSYoungGen: 4088334K->59949K(4105472K)] 5454612K->1473467K(6076672K), 0.0269940 secs] [Times: user=0.19 sys=0.00, real=0.02 secs] 
776.305: [GC [PSYoungGen: 4077101K->40225K(4105728K)] 5490619K->1494445K(6076928K), 0.0212200 secs] [Times: user=0.16 sys=0.00, real=0.02 secs] 
777.154: [GC [PSYoungGen: 4057377K->85943K(4087936K)] 5511597K->1561076K(6059136K), 0.0270070 secs] [Times: user=0.22 sys=0.00, real=0.02 secs] 
778.025: [GC [PSYoungGen: 4087607K->84368K(4086080K)] 5562740K->1613777K(6057280K), 0.0343050 secs] [Times: user=0.26 sys=0.00, real=0.03 secs] 
778.893: [GC [PSYoungGen: 4086032K->40689K(4092864K)] 5615441K->1634469K(6064064K), 0.0266750 secs] [Times: user=0.19 sys=0.00, real=0.03 secs] 
779.758: [GC [PSYoungGen: 4029809K->53095K(4090560K)] 5623589K->1665314K(6061760K), 0.0202500 secs] [Times: user=0.14 sys=0.00, real=0.02 secs] 
780.603: [GC [PSYoungGen: 4042215K->43897K(4099968K)] 5654434K->1689452K(6071168K), 0.0399840 secs] [Times: user=0.28 sys=0.00, real=0.04 secs] 
781.473: [GC [PSYoungGen: 4046969K->54352K(4097408K)] 5692524K->1723800K(6068608K), 0.0268680 secs] [Times: user=0.20 sys=0.00, real=0.02 secs] 
782.333: [GC [PSYoungGen: 4057424K->90677K(4046784K)] 5726872K->1809503K(6017984K), 0.0403170 secs] [Times: user=0.28 sys=0.00, real=0.04 secs] 
783.191: [GC [PSYoungGen: 4046773K->54894K(4075200K)] 5765599K->1845697K(6046400K), 0.0304250 secs] [Times: user=0.21 sys=0.00, real=0.03 secs] 
784.043: [GC [PSYoungGen: 4010990K->35034K(4080640K)] 5801793K->1860084K(6051840K), 0.0202530 secs] [Times: user=0.15 sys=0.00, real=0.02 secs] 
784.886: [GC [PSYoungGen: 4001114K->31693K(4079744K)] 5826164K->1871788K(6050944K), 0.0150430 secs] [Times: user=0.12 sys=0.00, real=0.01 secs] 
785.737: [GC [PSYoungGen: 3997773K->40299K(4084608K)] 5837868K->1892956K(6055808K), 0.0189560 secs] [Times: user=0.11 sys=0.00, real=0.02 secs] 
786.583: [GC [PSYoungGen: 4012203K->50797K(4081600K)] 5864860K->1925114K(6052800K), 0.0209390 secs] [Times: user=0.16 sys=0.00, real=0.03 secs] 
787.426: [GC [PSYoungGen: 4022701K->29594K(4090496K)] 5897018K->1936087K(6061696K), 0.0216920 secs] [Times: user=0.10 sys=0.02, real=0.02 secs] 
787.448: [Full GC [PSYoungGen: 29594K->0K(4090496K)] [PSOldGen: 1906493K->786103K(1916736K)] 1936087K->786103K(6007232K) [PSPermGen: 2811K->2811K(21248K)], 0.1038190 secs] [Times: user=0.10 sys=0.00, real=0.10 secs] 
788.372: [GC [PSYoungGen: 3985792K->62028K(4089600K)] 4771895K->848131K(6006336K), 0.0163390 secs] [Times: user=0.13 sys=0.00, real=0.02 secs] 
789.213: [GC [PSYoungGen: 4047820K->62642K(4093120K)] 4833923K->891406K(6009856K), 0.0267050 secs] [Times: user=0.21 sys=0.00, real=0.03 secs] 
790.083: [GC [PSYoungGen: 4053298K->38269K(4091840K)] 4882062K->909060K(6008576K), 0.0208780 secs] [Times: user=0.17 sys=0.00, real=0.03 secs] 
790.943: [GC [PSYoungGen: 4028925K->41352K(4098112K)] 4899716K->930499K(6014848K), 0.0162430 secs] [Times: user=0.13 sys=0.00, real=0.01 secs] 
791.795: [GC [PSYoungGen: 4040392K->31986K(4095232K)] 4929539K->942303K(6011968K), 0.0148360 secs] [Times: user=0.11 sys=0.00, real=0.01 secs] 
792.653: [GC [PSYoungGen: 4031026K->39809K(4102464K)] 4941343K->961530K(6019200K), 0.0143900 secs] [Times: user=0.11 sys=0.00, real=0.01 secs] 
793.508: [GC [PSYoungGen: 4047425K->35998K(4099456K)] 4969146K->977722K(6016192K), 0.0155700 secs] [Times: user=0.13 sys=0.00, real=0.02 secs] 
794.354: [GC [PSYoungGen: 4043614K->41799K(4108096K)] 4985338K->1000306K(6024832K), 0.0220960 secs] [Times: user=0.15 sys=0.00, real=0.03 secs] 
795.210: [GC [PSYoungGen: 4060359K->86201K(4104768K)] 5018866K->1114997K(6021504K), 0.0408750 secs] [Times: user=0.29 sys=0.00, real=0.04 secs] 
796.092: [GC [PSYoungGen: 4104761K->60477K(4048832K)] 5133557K->1145617K(5965568K), 0.0291460 secs] [Times: user=0.20 sys=0.00, real=0.03 secs] 
796.943: [GC [PSYoungGen: 4019773K->58821K(4076800K)] 5104913K->1184911K(5993536K), 0.0276670 secs] [Times: user=0.18 sys=0.00, real=0.03 secs] 
797.801: [GC [PSYoungGen: 4018117K->37189K(4084288K)] 5144207K->1202491K(6001024K), 0.0225910 secs] [Times: user=0.17 sys=0.00, real=0.03 secs] 
798.651: [GC [PSYoungGen: 4009541K->50290K(4082368K)] 5174843K->1232045K(5999104K), 0.0185530 secs] [Times: user=0.14 sys=0.00, real=0.02 secs] 
799.493: [GC [PSYoungGen: 4022642K->35651K(4090432K)] 5204397K->1247597K(6007168K), 0.0182470 secs] [Times: user=0.14 sys=0.00, real=0.04 secs] 
800.356: [GC [PSYoungGen: 4020547K->35827K(4088768K)] 5232493K->1263978K(6005504K), 0.0151280 secs] [Times: user=0.12 sys=0.00, real=0.01 secs] 
801.213: [GC [PSYoungGen: 4020723K->36057K(4094912K)] 5248874K->1279907K(6011648K), 0.0235200 secs] [Times: user=0.14 sys=0.00, real=0.03 secs] 
802.075: [GC [PSYoungGen: 4029209K->36193K(4092544K)] 5273059K->1295792K(6009280K), 0.0153760 secs] [Times: user=0.11 sys=0.00, real=0.01 secs] 
802.926: [GC [PSYoungGen: 4029345K->40620K(4100992K)] 5288944K->1316010K(6017728K), 0.0159700 secs] [Times: user=0.13 sys=0.00, real=0.01 secs] 
803.775: [GC [PSYoungGen: 4044844K->42832K(4097536K)] 5320234K->1338398K(6014272K), 0.0179050 secs] [Times: user=0.14 sys=0.00, real=0.01 secs] 
804.625: [GC [PSYoungGen: 4047056K->53844K(4106496K)] 5342622K->1371821K(6023232K), 0.0211770 secs] [Times: user=0.16 sys=0.01, real=0.02 secs] 
805.483: [GC [PSYoungGen: 4069714K->59136K(4104704K)] 5387691K->1409374K(6021440K), 0.0244250 secs] [Times: user=0.15 sys=0.00, real=0.02 secs] 
806.357: [GC [PSYoungGen: 4076032K->56822K(4107392K)] 5426270K->1446106K(6024128K), 0.0251250 secs] [Times: user=0.20 sys=0.00, real=0.02 secs] 
807.216: [GC [PSYoungGen: 4076278K->30737K(4106368K)] 5465562K->1456917K(6023104K), 0.0188470 secs] [Times: user=0.15 sys=0.00, real=0.02 secs] 
808.076: [GC [PSYoungGen: 4050193K->45403K(4111232K)] 5476373K->1483069K(6027968K), 0.0172530 secs] [Times: user=0.13 sys=0.00, real=0.02 secs] 
808.943: [GC [PSYoungGen: 4070171K->28612K(4107840K)] 5507837K->1491504K(6024576K), 0.0160660 secs] [Times: user=0.12 sys=0.00, real=0.01 secs] 
809.793: [GC [PSYoungGen: 4053380K->44608K(4115008K)] 5516272K->1515495K(6031744K), 0.0244280 secs] [Times: user=0.16 sys=0.00, real=0.04 secs] 
810.684: [GC [PSYoungGen: 4076864K->39087K(4111552K)] 5547751K->1534619K(6028288K), 0.0191120 secs] [Times: user=0.14 sys=0.00, real=0.01 secs] 
811.565: [GC [PSYoungGen: 4071343K->35423K(4118848K)] 5566875K->1550801K(6035584K), 0.0191280 secs] [Times: user=0.14 sys=0.00, real=0.02 secs] 
812.426: [GC [PSYoungGen: 4077215K->75451K(4117248K)] 5592593K->1667176K(6033984K), 0.0359550 secs] [Times: user=0.25 sys=0.00, real=0.03 secs] 
813.303: [GC [PSYoungGen: 4117243K->44874K(4055040K)] 5708968K->1682680K(5971776K), 0.0251270 secs] [Times: user=0.18 sys=0.00, real=0.03 secs] 
814.152: [GC [PSYoungGen: 4022858K->44503K(4086144K)] 5660664K->1707694K(6002880K), 0.0233660 secs] [Times: user=0.16 sys=0.00, real=0.03 secs] 
815.006: [GC [PSYoungGen: 4022487K->41044K(4093120K)] 5685678K->1728301K(6009856K), 0.0191440 secs] [Times: user=0.15 sys=0.00, real=0.03 secs] 
815.866: [GC [PSYoungGen: 4029844K->30643K(4089984K)] 5717101K->1737333K(6006720K), 0.0157620 secs] [Times: user=0.13 sys=0.00, real=0.01 secs] 
816.720: [GC [PSYoungGen: 4019443K->31183K(4096384K)] 5726133K->1747538K(6013120K), 0.0135150 secs] [Times: user=0.10 sys=0.00, real=0.02 secs] 
817.571: [GC [PSYoungGen: 4027727K->51794K(4094464K)] 5744082K->1779056K(6011200K), 0.0187910 secs] [Times: user=0.15 sys=0.00, real=0.02 secs] 
818.427: [GC [PSYoungGen: 4048338K->31394K(4101696K)] 5775600K->1790006K(6018432K), 0.0320310 secs] [Times: user=0.22 sys=0.00, real=0.03 secs] 
819.294: [GC [PSYoungGen: 4038690K->38531K(4099904K)] 5797302K->1808869K(6016640K), 0.0209740 secs] [Times: user=0.14 sys=0.00, real=0.02 secs] 
820.155: [GC [PSYoungGen: 4045827K->73978K(4092736K)] 5816165K->1862673K(6009472K), 0.0252790 secs] [Times: user=0.20 sys=0.00, real=0.02 secs] 
821.011: [GC [PSYoungGen: 4077306K->28762K(4098816K)] 5866001K->1872726K(6015552K), 0.0271940 secs] [Times: user=0.19 sys=0.00, real=0.03 secs] 
821.877: [GC [PSYoungGen: 4032090K->52947K(4102528K)] 5876054K->1906477K(6019264K), 0.0191090 secs] [Times: user=0.15 sys=0.00, real=0.02 secs] 
821.896: [Full GC [PSYoungGen: 52947K->0K(4102528K)] [PSOldGen: 1853530K->570013K(1725056K)] 1906477K->570013K(5827584K) [PSPermGen: 2811K->2811K(21248K)], 0.1005000 secs] [Times: user=0.08 sys=0.01, real=0.10 secs] 
822.824: [GC [PSYoungGen: 4008384K->59007K(4100160K)] 4578397K->629021K(5825216K), 0.0228360 secs] [Times: user=0.15 sys=0.00, real=0.02 secs] 
823.684: [GC [PSYoungGen: 4067391K->32339K(4104256K)] 4637405K->641918K(5829312K), 0.0181240 secs] [Times: user=0.11 sys=0.00, real=0.01 secs] 
824.536: [GC [PSYoungGen: 4044947K->32246K(4102656K)] 4654526K->653633K(5827712K), 0.0117730 secs] [Times: user=0.07 sys=0.00, real=0.01 secs] 
825.378: [GC [PSYoungGen: 4044854K->45889K(4110144K)] 4666241K->679086K(5835200K), 0.0154490 secs] [Times: user=0.10 sys=0.00, real=0.01 secs] 
826.244: [GC [PSYoungGen: 4067841K->33624K(4106112K)] 4701038K->691715K(5831168K), 0.0152270 secs] [Times: user=0.12 sys=0.00, real=0.01 secs] 
827.094: [GC [PSYoungGen: 4055576K->56683K(4110400K)] 4713667K->728660K(5835456K), 0.0175920 secs] [Times: user=0.14 sys=0.00, real=0.01 secs] 
827.954: [GC [PSYoungGen: 4084843K->76878K(4105088K)] 4756820K->784831K(5830144K), 0.0264110 secs] [Times: user=0.17 sys=0.00, real=0.02 secs] 
828.812: [GC [PSYoungGen: 4105038K->37447K(4105664K)] 4812991K->797524K(5830720K), 0.0232740 secs] [Times: user=0.16 sys=0.00, real=0.03 secs] 
829.674: [GC [PSYoungGen: 4053895K->31338K(4105088K)] 4813972K->811094K(5830144K), 0.0197110 secs] [Times: user=0.12 sys=0.00, real=0.02 secs] 
830.539: [GC [PSYoungGen: 4047786K->40327K(4110272K)] 4827542K->834218K(5835328K), 0.0145830 secs] [Times: user=0.09 sys=0.00, real=0.02 secs] 
831.394: [GC [PSYoungGen: 4063367K->45346K(4107072K)] 4857258K->859827K(5832128K), 0.0175180 secs] [Times: user=0.14 sys=0.00, real=0.01 secs] 
832.262: [GC [PSYoungGen: 4067713K->38402K(4116416K)] 4882195K->877860K(5841472K), 0.0166260 secs] [Times: user=0.14 sys=0.00, real=0.02 secs] 
833.116: [GC [PSYoungGen: 4074626K->50840K(4114112K)] 4914084K->910302K(5839168K), 0.0174610 secs] [Times: user=0.13 sys=0.00, real=0.02 secs] 
833.976: [GC [PSYoungGen: 4087064K->28223K(4117696K)] 4946526K->920523K(5842752K), 0.0159300 secs] [Times: user=0.10 sys=0.00, real=0.01 secs] 
834.834: [GC [PSYoungGen: 4069055K->43759K(4117440K)] 4961355K->947131K(5842496K), 0.0146640 secs] [Times: user=0.12 sys=0.00, real=0.01 secs] 
835.993: [GC [PSYoungGen: 4075834K->73250K(4104832K)] 4979207K->1349830K(5829888K), 0.0832980 secs] [Times: user=0.56 sys=0.00, real=0.09 secs] 
837.507: [GC-- [PSYoungGen: 4104738K->4104738K(4104832K)] 5381318K->6265413K(6265600K), 0.3161440 secs] [Times: user=1.12 sys=0.36, real=0.31 secs] 
837.823: [Full GC [PSYoungGen: 4104738K->0K(4104832K)] [PSOldGen: 2160674K->1691211K(2989824K)] 6265413K->1691211K(7094656K) [PSPermGen: 2811K->2811K(21248K)], 0.4864350 secs] [Times: user=0.49 sys=0.00, real=0.49 secs] 
839.157: [GC [PSYoungGen: 4031488K->33527K(4112896K)] 5722699K->1724739K(7102720K), 0.0171730 secs] [Times: user=0.12 sys=0.00, real=0.02 secs] 
840.015: [GC [PSYoungGen: 4065015K->25615K(4114368K)] 5756227K->1734558K(7104192K), 0.0125470 secs] [Times: user=0.10 sys=0.00, real=0.01 secs] 
840.865: [GC [PSYoungGen: 4059855K->42468K(4114176K)] 5768798K->1757095K(7104000K), 0.0164250 secs] [Times: user=0.11 sys=0.00, real=0.01 secs] 
841.734: [GC [PSYoungGen: 4076708K->26656K(4118400K)] 5791335K->1763944K(7108224K), 0.0151330 secs] [Times: user=0.12 sys=0.00, real=0.01 secs] 
842.596: [GC [PSYoungGen: 4068640K->25745K(4117888K)] 5805928K->1769628K(7107712K), 0.0111300 secs] [Times: user=0.08 sys=0.00, real=0.01 secs] 
843.443: [GC [PSYoungGen: 4067729K->43451K(4121344K)] 5811612K->1792935K(7111168K), 0.0154190 secs] [Times: user=0.12 sys=0.00, real=0.02 secs] 
844.307: [GC [PSYoungGen: 4089595K->37721K(4119104K)] 5839079K->1809535K(7108928K), 0.0183350 secs] [Times: user=0.14 sys=0.01, real=0.02 secs] 
845.186: [GC [PSYoungGen: 4083865K->27017K(4124992K)] 5855679K->1815110K(7114816K), 0.0143960 secs] [Times: user=0.08 sys=0.00, real=0.01 secs] 
846.034: [GC [PSYoungGen: 4081865K->68484K(4123392K)] 5869958K->1862014K(7113216K), 0.0214220 secs] [Times: user=0.17 sys=0.00, real=0.02 secs] 
846.905: [GC [PSYoungGen: 4123332K->53006K(4109440K)] 5916862K->1894523K(7099264K), 0.0281170 secs] [Times: user=0.22 sys=0.00, real=0.03 secs] 
847.775: [GC [PSYoungGen: 4091534K->24525K(4116416K)] 5933051K->1899379K(7106240K), 0.0171500 secs] [Times: user=0.12 sys=0.00, real=0.01 secs] 
848.644: [GC [PSYoungGen: 4063053K->33319K(4119104K)] 5937907K->1913187K(7108928K), 0.0130370 secs] [Times: user=0.10 sys=0.00, real=0.01 secs] 
849.494: [GC [PSYoungGen: 4074919K->35469K(4116800K)] 5954787K->1927809K(7106624K), 0.0150060 secs] [Times: user=0.09 sys=0.00, real=0.01 secs] 
850.358: [GC [PSYoungGen: 4077069K->31225K(4123648K)] 5969409K->1937692K(7113472K), 0.0151790 secs] [Times: user=0.09 sys=0.00, real=0.02 secs] 
851.216: [GC [PSYoungGen: 4082361K->32788K(4121792K)] 5988828K->1949326K(7111616K), 0.0154660 secs] [Times: user=0.09 sys=0.00, real=0.01 secs] 
852.090: [GC [PSYoungGen: 4083924K->39060K(4128512K)] 6000462K->1968326K(7118336K), 0.0164070 secs] [Times: user=0.13 sys=0.00, real=0.02 secs] 
852.947: [GC [PSYoungGen: 4099028K->37229K(4125760K)] 6028294K->1985431K(7115584K), 0.0175510 secs] [Times: user=0.13 sys=0.00, real=0.02 secs] 
853.815: [GC [PSYoungGen: 4097197K->61273K(4118976K)] 6045399K->2025348K(7108800K), 0.0224840 secs] [Times: user=0.16 sys=0.00, real=0.02 secs] 
854.675: [GC [PSYoungGen: 4116953K->60825K(4116544K)] 6081028K->2065099K(7106368K), 0.0283440 secs] [Times: user=0.21 sys=0.01, real=0.03 secs] 
855.555: [GC [PSYoungGen: 4116505K->40861K(4123200K)] 6120779K->2085424K(7113024K), 0.0397240 secs] [Times: user=0.28 sys=0.00, real=0.04 secs] 
856.447: [GC [PSYoungGen: 4090141K->29851K(4120384K)] 6134704K->2095915K(7110208K), 0.0192990 secs] [Times: user=0.12 sys=0.00, real=0.02 secs] 
857.305: [GC [PSYoungGen: 4079131K->30939K(4125120K)] 6145195K->2107579K(7114944K), 0.0142380 secs] [Times: user=0.11 sys=0.00, real=0.01 secs] 
858.176: [GC [PSYoungGen: 4085723K->34543K(4123968K)] 6162363K->2121263K(7113792K), 0.0150690 secs] [Times: user=0.12 sys=0.00, real=0.01 secs] 
859.034: [GC [PSYoungGen: 4089327K->32521K(4128640K)] 6176047K->2132879K(7118464K), 0.0154580 secs] [Times: user=0.12 sys=0.00, real=0.01 secs] 
859.894: [GC [PSYoungGen: 4093961K->40628K(4127104K)] 6194319K->2152291K(7116928K), 0.0168410 secs] [Times: user=0.10 sys=0.00, real=0.01 secs] 
860.753: [GC [PSYoungGen: 4102068K->53519K(4124800K)] 6213731K->2184945K(7114624K), 0.0219900 secs] [Times: user=0.17 sys=0.00, real=0.03 secs] 
861.617: [GC [PSYoungGen: 4114703K->58967K(4120192K)] 6246129K->2222902K(7110016K), 0.0266690 secs] [Times: user=0.20 sys=0.00, real=0.03 secs] 
862.489: [GC [PSYoungGen: 4120151K->70776K(4065152K)] 6284086K->2292908K(7054976K), 0.0339530 secs] [Times: user=0.19 sys=0.06, real=0.03 secs] 
863.344: [GC [PSYoungGen: 4065144K->82227K(4076608K)] 6287276K->2356724K(7066432K), 0.0324020 secs] [Times: user=0.18 sys=0.06, real=0.03 secs] 
864.212: [GC [PSYoungGen: 4076595K->29257K(4088704K)] 6351092K->2364651K(7078528K), 0.0249770 secs] [Times: user=0.09 sys=0.07, real=0.03 secs] 
865.066: [GC [PSYoungGen: 4011337K->31854K(4087680K)] 6346731K->2375829K(7077504K), 0.0190440 secs] [Times: user=0.08 sys=0.02, real=0.02 secs] 
865.920: [GC [PSYoungGen: 4013934K->35590K(4093696K)] 6357909K->2390886K(7083520K), 0.0157310 secs] [Times: user=0.11 sys=0.01, real=0.02 secs] 
866.766: [GC [PSYoungGen: 4025670K->28949K(4090688K)] 6380966K->2399043K(7080512K), 0.0148150 secs] [Times: user=0.09 sys=0.02, real=0.01 secs] 
867.612: [GC [PSYoungGen: 4019029K->38528K(4099584K)] 6389123K->2416880K(7089408K), 0.0157820 secs] [Times: user=0.12 sys=0.00, real=0.02 secs] 
868.456: [GC [PSYoungGen: 4039488K->35941K(4095680K)] 6417840K->2433643K(7085504K), 0.0177160 secs] [Times: user=0.11 sys=0.02, real=0.02 secs] 
869.315: [GC [PSYoungGen: 4036901K->38032K(4106432K)] 6434603K->2451441K(7096256K), 0.0174980 secs] [Times: user=0.12 sys=0.01, real=0.01 secs] 
870.166: [GC [PSYoungGen: 4053008K->56514K(4102848K)] 6466417K->2487866K(7092672K), 0.0225640 secs] [Times: user=0.13 sys=0.04, real=0.02 secs] 
871.033: [GC [PSYoungGen: 4071490K->46356K(4110016K)] 6502842K->2513611K(7099840K), 0.0408050 secs] [Times: user=0.22 sys=0.08, real=0.04 secs] 
871.930: [GC [PSYoungGen: 4068244K->28034K(4106176K)] 6535499K->2520845K(7096000K), 0.0269320 secs] [Times: user=0.10 sys=0.05, real=0.03 secs] 
872.799: [GC [PSYoungGen: 4049922K->38211K(4114048K)] 6542733K->2538578K(7103872K), 0.0158080 secs] [Times: user=0.09 sys=0.03, real=0.02 secs] 
873.655: [GC [PSYoungGen: 4068931K->31306K(4110976K)] 6569298K->2549946K(7100800K), 0.0168530 secs] [Times: user=0.12 sys=0.01, real=0.01 secs] 
874.526: [GC [PSYoungGen: 4062026K->29421K(4117312K)] 6580666K->2559051K(7107136K), 0.0579090 secs] [Times: user=0.32 sys=0.02, real=0.06 secs] 
875.436: [GC [PSYoungGen: 4068205K->41118K(4115776K)] 6597835K->2579172K(7105600K), 0.3627860 secs] [Times: user=0.06 sys=0.04, real=0.36 secs] 
876.645: [GC [PSYoungGen: 4079902K->38000K(4123584K)] 6617956K->2597225K(7113408K), 0.0187270 secs] [Times: user=0.10 sys=0.05, real=0.01 secs] 
877.506: [GC [PSYoungGen: 4088048K->36890K(4120768K)] 6647273K->2613643K(7110592K), 0.0454850 secs] [Times: user=0.10 sys=0.02, real=0.04 secs] 
878.437: [GC [PSYoungGen: 4086938K->55744K(4120000K)] 6663691K->2649612K(7109824K), 0.0366300 secs] [Times: user=0.22 sys=0.01, real=0.04 secs] 
879.314: [GC [PSYoungGen: 4107456K->59036K(4110784K)] 6701324K->2688309K(7100608K), 0.0847870 secs] [Times: user=0.06 sys=0.22, real=0.08 secs] 
880.273: [GC [PSYoungGen: 4110748K->37374K(4121664K)] 6740021K->2705529K(7111488K), 0.0227090 secs] [Times: user=0.11 sys=0.06, real=0.03 secs] 
881.147: [GC [PSYoungGen: 4084286K->35179K(4119552K)] 6752441K->2720117K(7109376K), 0.0181790 secs] [Times: user=0.07 sys=0.07, real=0.02 secs] 
882.009: [GC [PSYoungGen: 4082091K->34047K(4124928K)] 6767029K->2733783K(7114752K), 0.0450580 secs] [Times: user=0.27 sys=0.04, real=0.05 secs] 
882.907: [GC [PSYoungGen: 4088063K->33983K(4123392K)] 6787799K->2747275K(7113216K), 0.0389110 secs] [Times: user=0.18 sys=0.03, real=0.04 secs] 
883.787: [GC [PSYoungGen: 4087999K->36105K(4128448K)] 6801291K->2762870K(7118272K), 0.0884740 secs] [Times: user=0.08 sys=0.10, real=0.09 secs] 
884.725: [GC [PSYoungGen: 4096713K->45943K(4126464K)] 6823478K->2788497K(7116288K), 0.0268680 secs] [Times: user=0.11 sys=0.06, real=0.02 secs] 
885.590: [GC [PSYoungGen: 4106551K->61078K(4118656K)] 6849105K->2828031K(7108480K), 0.1160790 secs] [Times: user=0.20 sys=0.14, real=0.12 secs] 
886.554: [GC [PSYoungGen: 4114326K->69453K(4122752K)] 6881279K->2876777K(7112576K), 0.0349290 secs] [Times: user=0.12 sys=0.12, real=0.09 secs] 
887.486: [GC [PSYoungGen: 4122701K->71544K(4038016K)] 6930025K->2959351K(7027840K), 2.1910870 secs] [Times: user=0.19 sys=3.06, real=3.68 secs] 
892.019: [GC [PSYoungGen: 4038008K->69338K(4080384K)] 6925815K->3015972K(7070208K), 0.0423520 secs] [Times: user=0.18 sys=0.07, real=3.69 secs] 
896.222: [Full GC [PSYoungGen: 69338K->0K(4080384K)] [PSOldGen: 2946634K->1839603K(3049472K)] 3015972K->1839603K(7129856K) [PSPermGen: 2811K->2811K(21248K)], 0.6828940 secs] [Times: user=0.09 sys=0.00, real=2.09 secs] 
899.158: [GC [PSYoungGen: 3966464K->47244K(4085120K)] 5806067K->1886847K(7134592K), 0.0807620 secs] [Times: user=0.56 sys=0.00, real=0.08 secs] 
900.070: [GC [PSYoungGen: 4019340K->39814K(4081280K)] 5858943K->1907948K(7130752K), 0.0198540 secs] [Times: user=0.15 sys=0.00, real=0.02 secs] 
900.932: [GC [PSYoungGen: 4011910K->30899K(4088768K)] 5880044K->1918962K(7138240K), 0.0163620 secs] [Times: user=0.12 sys=0.00, real=0.02 secs] 
901.785: [GC [PSYoungGen: 4012979K->34844K(4087616K)] 5901042K->1933484K(7137088K), 0.0148150 secs] [Times: user=0.10 sys=0.00, real=0.03 secs] 
902.641: [GC [PSYoungGen: 4016924K->34933K(4093696K)] 5915564K->1948038K(7143168K), 0.0160410 secs] [Times: user=0.12 sys=0.00, real=0.10 secs] 
903.564: [GC [PSYoungGen: 4025397K->36618K(4091072K)] 5938502K->1964835K(7140544K), 0.0163210 secs] [Times: user=0.12 sys=0.00, real=0.01 secs] 
904.414: [GC [PSYoungGen: 4027082K->42683K(4100864K)] 5955299K->1987105K(7150336K), 0.0181060 secs] [Times: user=0.14 sys=0.00, real=0.01 secs] 
905.273: [GC [PSYoungGen: 4046011K->48279K(4096768K)] 5990433K->2014683K(7146240K), 0.0238110 secs] [Times: user=0.16 sys=0.00, real=0.03 secs] 
906.129: [GC [PSYoungGen: 4051607K->40290K(4108096K)] 6018011K->2033989K(7157568K), 0.0241350 secs] [Times: user=0.12 sys=0.00, real=0.02 secs] 
906.985: [GC [PSYoungGen: 4059170K->41789K(4105088K)] 6052869K->2054664K(7154560K), 0.0365880 secs] [Times: user=0.23 sys=0.00, real=0.03 secs] 
907.873: [GC [PSYoungGen: 4060669K->34530K(4112896K)] 6073544K->2068906K(7162368K), 0.0356990 secs] [Times: user=0.23 sys=0.00, real=0.03 secs] 
908.753: [GC [PSYoungGen: 4064354K->30241K(4111232K)] 6098730K->2078670K(7160704K), 0.0147690 secs] [Times: user=0.12 sys=0.00, real=0.01 secs] 
909.616: [GC [PSYoungGen: 4060065K->38010K(4116800K)] 6108494K->2095525K(7166272K), 0.0155470 secs] [Times: user=0.12 sys=0.00, real=0.01 secs] 
910.484: [GC [PSYoungGen: 4074554K->31753K(4114048K)] 6132069K->2107127K(7163520K), 0.0324370 secs] [Times: user=0.23 sys=0.00, real=0.03 secs] 
911.364: [GC [PSYoungGen: 4068297K->40745K(4121536K)] 6143671K->2127589K(7171008K), 0.0178810 secs] [Times: user=0.09 sys=0.00, real=0.01 secs] 
912.226: [GC [PSYoungGen: 4086313K->51610K(4118336K)] 6173157K->2158632K(7167808K), 0.0313150 secs] [Times: user=0.23 sys=0.00, real=0.03 secs] 
913.102: [GC [PSYoungGen: 4097178K->43179K(4123904K)] 6204200K->2181129K(7173376K), 0.0241360 secs] [Times: user=0.17 sys=0.00, real=0.03 secs] 
913.969: [GC [PSYoungGen: 4093739K->48824K(4120960K)] 6231689K->2209765K(7170432K), 0.0219670 secs] [Times: user=0.16 sys=0.00, real=0.02 secs] 
914.847: [GC [PSYoungGen: 4099384K->44464K(4126656K)] 6260325K->2233445K(7176128K), 0.0213300 secs] [Times: user=0.13 sys=0.00, real=0.02 secs] 
915.713: [GC [PSYoungGen: 4101232K->32941K(4124416K)] 6290213K->2245907K(7173888K), 0.0182000 secs] [Times: user=0.14 sys=0.00, real=0.01 secs] 
916.584: [GC [PSYoungGen: 4089709K->37931K(4128960K)] 6302675K->2263128K(7178432K), 0.0212190 secs] [Times: user=0.15 sys=0.00, real=0.02 secs] 
917.455: [GC [PSYoungGen: 4099883K->34206K(4127296K)] 6325080K->2277006K(7176768K), 0.0169100 secs] [Times: user=0.12 sys=0.00, real=0.01 secs] 
918.325: [GC [PSYoungGen: 4096158K->45419K(4130752K)] 6338958K->2301527K(7180224K), 0.0185610 secs] [Times: user=0.14 sys=0.00, real=0.02 secs] 
919.204: [GC [PSYoungGen: 4111851K->51958K(4118400K)] 6367959K->2333291K(7167872K), 0.0224540 secs] [Times: user=0.18 sys=0.00, real=0.02 secs] 
920.074: [GC [PSYoungGen: 4118390K->65214K(4062400K)] 6399723K->2420253K(7111872K), 0.0356330 secs] [Times: user=0.25 sys=0.00, real=0.03 secs] 
920.930: [GC [PSYoungGen: 4062398K->96463K(4093696K)] 6417437K->2502052K(7143168K), 0.0384840 secs] [Times: user=0.30 sys=0.01, real=0.04 secs] 
921.801: [GC [PSYoungGen: 4093647K->100597K(3987328K)] 6499236K->2594391K(7036800K), 0.0453380 secs] [Times: user=0.28 sys=0.00, real=0.05 secs] 
922.651: [GC [PSYoungGen: 3987317K->77365K(4040512K)] 6481111K->2656959K(7089984K), 0.0403870 secs] [Times: user=0.28 sys=0.00, real=0.04 secs] 
923.505: [GC [PSYoungGen: 3964085K->67393K(4053312K)] 6543679K->2704075K(7102784K), 0.0338830 secs] [Times: user=0.25 sys=0.01, real=0.03 secs] 
924.355: [GC [PSYoungGen: 3972545K->48093K(4046144K)] 6609227K->2732331K(7095616K), 0.0267160 secs] [Times: user=0.19 sys=0.00, real=0.02 secs] 
925.205: [GC [PSYoungGen: 3953245K->48286K(4060160K)] 6637483K->2761788K(7109632K), 0.0255210 secs] [Times: user=0.14 sys=0.00, real=0.02 secs] 
926.045: [GC [PSYoungGen: 3970718K->36808K(4056576K)] 6684220K->2778350K(7106048K), 0.0211410 secs] [Times: user=0.14 sys=0.00, real=0.02 secs] 
926.893: [GC [PSYoungGen: 3959240K->35228K(4064128K)] 6700782K->2793802K(7113600K), 0.0242250 secs] [Times: user=0.15 sys=0.00, real=0.03 secs] 
927.744: [GC [PSYoungGen: 3967068K->37207K(4062016K)] 6725642K->2810909K(7111488K), 0.0183800 secs] [Times: user=0.14 sys=0.00, real=0.01 secs] 
928.596: [GC [PSYoungGen: 3969047K->42194K(4071360K)] 6742749K->2832423K(7120832K), 0.0200170 secs] [Times: user=0.16 sys=0.00, real=0.05 secs] 
929.475: [GC [PSYoungGen: 3986450K->44351K(4067200K)] 6776679K->2856247K(7116672K), 0.0208470 secs] [Times: user=0.12 sys=0.00, real=0.02 secs] 
930.323: [GC [PSYoungGen: 3988607K->42664K(4080128K)] 6800503K->2878131K(7129600K), 0.0228310 secs] [Times: user=0.14 sys=0.00, real=0.03 secs] 
931.178: [GC [PSYoungGen: 4004456K->33621K(4075968K)] 6839923K->2891335K(7125440K), 0.0193720 secs] [Times: user=0.15 sys=0.00, real=0.02 secs] 
932.035: [GC [PSYoungGen: 3995413K->39014K(4086400K)] 6853127K->2910118K(7135872K), 0.0183570 secs] [Times: user=0.14 sys=0.00, real=0.02 secs] 
932.885: [GC [PSYoungGen: 4013798K->35220K(4082688K)] 6884902K->2925591K(7132160K), 0.0191230 secs] [Times: user=0.15 sys=0.00, real=0.02 secs] 
933.734: [GC [PSYoungGen: 4010004K->29951K(4091840K)] 6900375K->2935946K(7141312K), 0.0169810 secs] [Times: user=0.13 sys=0.00, real=0.01 secs] 
934.584: [GC [PSYoungGen: 4017023K->43727K(4089536K)] 6923018K->2959785K(7139008K), 0.0236750 secs] [Times: user=0.17 sys=0.00, real=0.14 secs] 
935.557: [GC [PSYoungGen: 4030799K->36439K(4100032K)] 6946857K->2975903K(7149504K), 0.0205680 secs] [Times: user=0.16 sys=0.00, real=0.02 secs] 
936.414: [GC [PSYoungGen: 4038935K->38499K(4096768K)] 6978399K->2993828K(7146240K), 0.0193810 secs] [Times: user=0.12 sys=0.01, real=0.01 secs] 
937.273: [GC [PSYoungGen: 4040995K->43836K(4107968K)] 6996324K->3017355K(7157440K), 0.0198980 secs] [Times: user=0.07 sys=0.06, real=0.02 secs] 
938.125: [GC [PSYoungGen: 4061116K->54667K(4103616K)] 7034635K->3051177K(7153088K), 0.3287280 secs] [Times: user=0.89 sys=0.73, real=0.33 secs] 
938.454: [Full GC [PSYoungGen: 54667K->0K(4103616K)] [PSOldGen: 2996510K->1843120K(3059904K)] 3051177K->1843120K(7163520K) [PSPermGen: 2811K->2811K(21248K)], 0.7288960 secs] [Times: user=0.18 sys=0.00, real=0.72 secs] 
940.023: [GC [PSYoungGen: 4017280K->49091K(4111360K)] 5860400K->1892212K(7171264K), 0.0154430 secs] [Times: user=0.13 sys=0.00, real=0.02 secs] 
940.890: [GC [PSYoungGen: 4074691K->42459K(4108544K)] 5917812K->1915626K(7168448K), 0.0212250 secs] [Times: user=0.17 sys=0.00, real=0.02 secs] 
941.758: [GC [PSYoungGen: 4068059K->42143K(4117120K)] 5941226K->1937225K(7177024K), 0.0204110 secs] [Times: user=0.12 sys=0.00, real=0.02 secs] 
942.621: [GC [PSYoungGen: 4079327K->26915K(4114368K)] 5974409K->1943663K(7174272K), 0.0155220 secs] [Times: user=0.13 sys=0.00, real=0.02 secs] 
943.474: [GC [PSYoungGen: 4064099K->44767K(4120064K)] 5980847K->1968524K(7179968K), 0.0162790 secs] [Times: user=0.13 sys=0.00, real=0.01 secs] 
944.328: [GC [PSYoungGen: 4087647K->49251K(4117120K)] 6011404K->1997241K(7177024K), 0.0212270 secs] [Times: user=0.17 sys=0.00, real=0.02 secs] 
945.194: [GC [PSYoungGen: 4092131K->41571K(4123520K)] 6040121K->2018345K(7183424K), 0.0204630 secs] [Times: user=0.14 sys=0.00, real=0.02 secs] 
946.054: [GC [PSYoungGen: 4091875K->53198K(4121088K)] 6068649K->2051548K(7180992K), 0.0218180 secs] [Times: user=0.17 sys=0.00, real=0.02 secs] 
946.924: [GC [PSYoungGen: 4103502K->59522K(4117376K)] 6101852K->2088147K(7177280K), 0.0257360 secs] [Times: user=0.21 sys=0.00, real=0.02 secs] 
947.781: [GC [PSYoungGen: 4105346K->73967K(4119808K)] 6133971K->2140645K(7179712K), 0.0297460 secs] [Times: user=0.20 sys=0.00, real=0.03 secs] 
948.645: [GC [PSYoungGen: 4119791K->67116K(4098688K)] 6186469K->2187325K(7158592K), 0.0326450 secs] [Times: user=0.24 sys=0.00, real=0.03 secs] 
949.514: [GC [PSYoungGen: 4091308K->33444K(4109248K)] 6211517K->2199563K(7169152K), 0.0291480 secs] [Times: user=0.19 sys=0.00, real=0.03 secs] 
950.393: [GC [PSYoungGen: 4057636K->31413K(4110208K)] 6223755K->2210591K(7170112K), 0.0149390 secs] [Times: user=0.12 sys=0.00, real=0.02 secs] 
951.253: [GC [PSYoungGen: 4057013K->38160K(4109696K)] 6236191K->2227823K(7169600K), 0.0212430 secs] [Times: user=0.14 sys=0.00, real=0.03 secs] 
952.115: [GC [PSYoungGen: 4063760K->37237K(4114240K)] 6253423K->2244429K(7174144K), 0.0176270 secs] [Times: user=0.14 sys=0.00, real=0.01 secs] 
952.975: [GC [PSYoungGen: 4069429K->35408K(4112256K)] 6276621K->2258473K(7172160K), 0.0179630 secs] [Times: user=0.12 sys=0.00, real=0.01 secs] 
953.832: [GC [PSYoungGen: 4067600K->42700K(4119040K)] 6290665K->2280147K(7178944K), 0.0181720 secs] [Times: user=0.12 sys=0.00, real=0.02 secs] 
954.687: [GC [PSYoungGen: 4083404K->42978K(4115968K)] 6320851K->2303086K(7175872K), 0.0215570 secs] [Times: user=0.12 sys=0.00, real=0.02 secs] 
955.561: [GC [PSYoungGen: 4083682K->35211K(4123136K)] 6343790K->2318136K(7183040K), 0.0375320 secs] [Times: user=0.19 sys=0.00, real=0.04 secs] 
956.443: [GC [PSYoungGen: 4085899K->46695K(4121856K)] 6368824K->2344169K(7181760K), 0.0197850 secs] [Times: user=0.15 sys=0.00, real=0.02 secs] 
957.304: [GC [PSYoungGen: 4097383K->38387K(4126400K)] 6394857K->2361501K(7186304K), 0.0228340 secs] [Times: user=0.13 sys=0.00, real=0.02 secs] 
958.170: [GC [PSYoungGen: 4095155K->31904K(4124672K)] 6418269K->2371794K(7184576K), 0.0202790 secs] [Times: user=0.13 sys=0.00, real=0.02 secs] 
959.032: [GC [PSYoungGen: 4088672K->36233K(4128512K)] 6428562K->2386773K(7188416K), 0.0223790 secs] [Times: user=0.11 sys=0.01, real=0.04 secs] 
959.915: [GC [PSYoungGen: 4097417K->38010K(4126976K)] 6447957K->2404250K(7186880K), 0.0176980 secs] [Times: user=0.12 sys=0.00, real=0.01 secs] 
960.777: [GC [PSYoungGen: 4099194K->40399K(4132544K)] 6465434K->2423663K(7192448K), 0.0209450 secs] [Times: user=0.13 sys=0.00, real=0.02 secs] 
961.644: [GC [PSYoungGen: 4109007K->42490K(4130368K)] 6492271K->2445104K(7190272K), 0.0199490 secs] [Times: user=0.15 sys=0.00, real=0.02 secs] 
962.513: [GC [PSYoungGen: 4111098K->49119K(4131968K)] 6513712K->2472736K(7191872K), 0.0220580 secs] [Times: user=0.17 sys=0.00, real=0.02 secs] 
963.385: [GC [PSYoungGen: 4120799K->44129K(4132992K)] 6544416K->2496027K(7192896K), 0.0239240 secs] [Times: user=0.14 sys=0.00, real=0.02 secs] 
964.256: [GC [PSYoungGen: 4115808K->38609K(4135296K)] 6567705K->2513581K(7195200K), 0.0204500 secs] [Times: user=0.14 sys=0.00, real=0.02 secs] 
965.126: [GC [PSYoungGen: 4113745K->46235K(4134144K)] 6588717K->2539894K(7194048K), 0.0208040 secs] [Times: user=0.16 sys=0.00, real=0.02 secs] 
966.006: [GC [PSYoungGen: 4121371K->33499K(4135552K)] 6615030K->2553294K(7195456K), 0.0194490 secs] [Times: user=0.16 sys=0.00, real=0.02 secs] 
966.876: [GC [PSYoungGen: 4110171K->37532K(4135424K)] 6629966K->2569136K(7195328K), 0.0170660 secs] [Times: user=0.11 sys=0.00, real=0.01 secs] 
967.736: [GC [PSYoungGen: 4114204K->56243K(4128704K)] 6645808K->2605127K(7188608K), 0.0227820 secs] [Times: user=0.17 sys=0.01, real=0.02 secs] 
968.614: [GC [PSYoungGen: 4127283K->36365K(4132672K)] 6676167K->2621814K(7192576K), 0.0226780 secs] [Times: user=0.17 sys=0.00, real=0.02 secs] 
969.483: [GC [PSYoungGen: 4107405K->50791K(4130816K)] 6692854K->2652188K(7190720K), 0.0207930 secs] [Times: user=0.16 sys=0.00, real=0.02 secs] 
970.341: [GC [PSYoungGen: 4120807K->62132K(4132160K)] 6722204K->2706294K(7192064K), 0.0289940 secs] [Times: user=0.19 sys=0.00, real=0.03 secs] 
971.215: [GC [PSYoungGen: 4132148K->62130K(4050752K)] 6776310K->2755498K(7110656K), 0.0311150 secs] [Times: user=0.24 sys=0.00, real=0.03 secs] 
972.075: [GC [PSYoungGen: 4050738K->60971K(4091456K)] 6744106K->2796366K(7151360K), 0.0310760 secs] [Times: user=0.21 sys=0.00, real=0.03 secs] 
972.951: [GC [PSYoungGen: 4049579K->67605K(4094144K)] 6784974K->2843371K(7154048K), 0.0302810 secs] [Times: user=0.20 sys=0.00, real=0.03 secs] 
973.977: [GC [PSYoungGen: 4061525K->43188K(4094080K)] 6837291K->2866194K(7153984K), 0.0266410 secs] [Times: user=0.17 sys=0.00, real=0.03 secs] 
974.836: [GC [PSYoungGen: 4037108K->35589K(4096960K)] 6860114K->2880924K(7156864K), 0.0201510 secs] [Times: user=0.14 sys=0.00, real=0.02 secs] 
975.686: [GC [PSYoungGen: 4034373K->37741K(4096128K)] 6879708K->2897460K(7156032K), 0.0184230 secs] [Times: user=0.15 sys=0.00, real=0.02 secs] 
976.538: [GC [PSYoungGen: 4036525K->31497K(4099520K)] 6896244K->2908579K(7159424K), 0.0177310 secs] [Times: user=0.14 sys=0.00, real=0.02 secs] 
977.385: [GC [PSYoungGen: 4035337K->40380K(4098624K)] 6912419K->2928767K(7158528K), 0.0184510 secs] [Times: user=0.11 sys=0.00, real=0.02 secs] 
978.245: [GC [PSYoungGen: 4044220K->40294K(4105152K)] 6932607K->2948444K(7165056K), 0.0205170 secs] [Times: user=0.16 sys=0.00, real=0.02 secs] 
979.105: [GC [PSYoungGen: 4053478K->40199K(4102336K)] 6961628K->2968030K(7162240K), 0.0203540 secs] [Times: user=0.14 sys=0.00, real=0.02 secs] 
979.958: [GC [PSYoungGen: 4053383K->44249K(4111296K)] 6981214K->2991586K(7171200K), 0.0206980 secs] [Times: user=0.13 sys=0.00, real=0.02 secs] 
980.813: [GC [PSYoungGen: 4069145K->43349K(4107904K)] 7016482K->3014588K(7167808K), 0.0325000 secs] [Times: user=0.17 sys=0.00, real=0.03 secs] 
981.688: [GC [PSYoungGen: 4068245K->31377K(4115008K)] 7039484K->3024523K(7174912K), 0.0258060 secs] [Times: user=0.17 sys=0.01, real=0.03 secs] 
982.555: [GC [PSYoungGen: 4066321K->41255K(4114240K)] 7059467K->3044812K(7174144K), 0.0219430 secs] [Times: user=0.17 sys=0.00, real=0.02 secs] 
983.433: [GC [PSYoungGen: 4076199K->34551K(4119168K)] 7079756K->3058284K(7179072K), 0.8758630 secs] [Times: user=5.55 sys=0.09, real=0.88 secs] 
984.309: [Full GC [PSYoungGen: 34551K->0K(4119168K)] [PSOldGen: 3023733K->1843198K(3065792K)] 3058284K->1843198K(7184960K) [PSPermGen: 2811K->2811K(21248K)], 0.1136670 secs] [Times: user=0.08 sys=0.00, real=0.11 secs] 
985.266: [GC [PSYoungGen: 4042624K->48555K(4117760K)] 5885822K->1891754K(7183552K), 0.0152610 secs] [Times: user=0.12 sys=0.00, real=0.01 secs] 
986.127: [GC [PSYoungGen: 4091179K->35307K(4121984K)] 5934378K->1908022K(7187776K), 0.0193430 secs] [Times: user=0.16 sys=0.00, real=0.02 secs] 
986.988: [GC [PSYoungGen: 4083499K->40890K(4120512K)] 5956214K->1928228K(7186304K), 0.0165040 secs] [Times: user=0.11 sys=0.00, real=0.02 secs] 
987.846: [GC [PSYoungGen: 4089082K->42107K(4126976K)] 5976420K->1950441K(7192768K), 0.0191000 secs] [Times: user=0.15 sys=0.00, real=0.02 secs] 
988.715: [GC [PSYoungGen: 4099259K->55250K(4124480K)] 6007593K->1985334K(7190272K), 0.0224460 secs] [Times: user=0.18 sys=0.00, real=0.02 secs] 
989.595: [GC [PSYoungGen: 4112402K->46294K(4126592K)] 6042486K->2010618K(7192384K), 0.0233680 secs] [Times: user=0.18 sys=0.00, real=0.02 secs] 
990.483: [GC [PSYoungGen: 4103446K->49155K(4124864K)] 6067770K->2038373K(7190656K), 0.0217080 secs] [Times: user=0.17 sys=0.00, real=0.02 secs] 
991.346: [GC [PSYoungGen: 4106307K->50408K(4127360K)] 6095525K->2067334K(7193152K), 0.0225490 secs] [Times: user=0.18 sys=0.00, real=0.02 secs] 
992.225: [GC [PSYoungGen: 4110632K->48352K(4127168K)] 6127558K->2094559K(7192960K), 0.0222590 secs] [Times: user=0.18 sys=0.00, real=0.02 secs] 
993.100: [GC [PSYoungGen: 4108576K->61122K(4121024K)] 6154783K->2135277K(7186816K), 0.0245570 secs] [Times: user=0.19 sys=0.01, real=0.03 secs] 
993.969: [GC [PSYoungGen: 4116290K->33616K(4088832K)] 6190445K->2148639K(7154624K), 0.0214490 secs] [Times: user=0.15 sys=0.00, real=0.02 secs] 
994.829: [GC [PSYoungGen: 4088784K->69624K(4088320K)] 6203807K->2216401K(7154112K), 0.0274740 secs] [Times: user=0.21 sys=0.00, real=0.03 secs] 
995.705: [GC [PSYoungGen: 4088312K->84827K(4103552K)] 6235089K->2284801K(7169344K), 0.0341460 secs] [Times: user=0.28 sys=0.00, real=0.03 secs] 
996.564: [GC [PSYoungGen: 4103515K->90741K(3973632K)] 6303489K->2426042K(7039424K), 0.0549000 secs] [Times: user=0.44 sys=0.00, real=0.05 secs] 
997.425: [GC [PSYoungGen: 3973621K->76895K(4038592K)] 6308922K->2491879K(7104384K), 0.0377290 secs] [Times: user=0.30 sys=0.00, real=0.03 secs] 
998.274: [GC [PSYoungGen: 3959775K->83160K(4048832K)] 6374759K->2556230K(7114624K), 0.0401150 secs] [Times: user=0.28 sys=0.00, real=0.04 secs] 
999.134: [GC [PSYoungGen: 3982712K->59554K(4045120K)] 6455782K->2596913K(7110912K), 0.0333480 secs] [Times: user=0.26 sys=0.00, real=0.03 secs] 
999.984: [GC [PSYoungGen: 3959202K->58082K(4058112K)] 6496561K->2630763K(7123904K), 0.0268550 secs] [Times: user=0.21 sys=0.01, real=0.02 secs] 
1000.830: [GC [PSYoungGen: 3975522K->30854K(4053632K)] 6548203K->2641258K(7119424K), 0.0273930 secs] [Times: user=0.19 sys=0.00, real=0.03 secs] 
1001.684: [GC [PSYoungGen: 3948294K->40253K(4060352K)] 6558698K->2661646K(7126144K), 0.0187830 secs] [Times: user=0.13 sys=0.00, real=0.01 secs] 
1002.527: [GC [PSYoungGen: 3964157K->29494K(4057856K)] 6585550K->2670561K(7123648K), 0.0169300 secs] [Times: user=0.11 sys=0.00, real=0.02 secs] 
1003.359: [GC [PSYoungGen: 3953398K->47259K(4066432K)] 6594465K->2697561K(7132224K), 0.0189620 secs] [Times: user=0.13 sys=0.00, real=0.02 secs] 
1004.209: [GC [PSYoungGen: 3980827K->38648K(4061440K)] 6631129K->2715831K(7127232K), 0.0214240 secs] [Times: user=0.17 sys=0.00, real=0.02 secs] 
1005.054: [GC [PSYoungGen: 3972154K->40365K(4073600K)] 6649337K->2735574K(7139392K), 0.0196860 secs] [Times: user=0.16 sys=0.00, real=0.03 secs] 
1005.906: [GC [PSYoungGen: 3989421K->41214K(4069760K)] 6684630K->2755937K(7135552K), 0.0202280 secs] [Times: user=0.16 sys=0.00, real=0.02 secs] 
1006.745: [GC [PSYoungGen: 3990270K->44137K(4082240K)] 6704993K->2779699K(7148032K), 0.0214080 secs] [Times: user=0.17 sys=0.00, real=0.02 secs] 
1007.597: [GC [PSYoungGen: 4009769K->30793K(4077696K)] 6745331K->2789720K(7143488K), 0.0187950 secs] [Times: user=0.15 sys=0.00, real=0.02 secs] 
1008.442: [GC [PSYoungGen: 3996425K->34721K(4087552K)] 6755352K->2804886K(7153344K), 0.0168410 secs] [Times: user=0.14 sys=0.00, real=0.02 secs] 
1009.294: [GC [PSYoungGen: 4012321K->40237K(4084352K)] 6782486K->2824446K(7150144K), 0.0227060 secs] [Times: user=0.13 sys=0.00, real=0.02 secs] 
1010.143: [GC [PSYoungGen: 4017837K->32491K(4094464K)] 6802046K->2835048K(7160256K), 0.0236880 secs] [Times: user=0.12 sys=0.00, real=0.04 secs] 
1011.026: [GC [PSYoungGen: 4024363K->41520K(4091712K)] 6826920K->2855894K(7157504K), 0.0188360 secs] [Times: user=0.14 sys=0.00, real=0.02 secs] 
1011.875: [GC [PSYoungGen: 4033392K->44545K(4103488K)] 6847766K->2880255K(7169280K), 0.0218880 secs] [Times: user=0.18 sys=0.00, real=0.02 secs] 
1012.735: [GC [PSYoungGen: 4052609K->45167K(4098880K)] 6888319K->2905193K(7164672K), 0.0227080 secs] [Times: user=0.18 sys=0.00, real=0.02 secs] 
1013.602: [GC [PSYoungGen: 4053231K->41213K(4111040K)] 6913257K->2926050K(7176832K), 0.0254310 secs] [Times: user=0.17 sys=0.00, real=0.03 secs] 
1014.465: [GC [PSYoungGen: 4065789K->48862K(4107840K)] 6950626K->2954530K(7173632K), 0.0226470 secs] [Times: user=0.16 sys=0.00, real=0.02 secs] 
1015.317: [GC [PSYoungGen: 4073438K->45167K(4116928K)] 6979106K->2979041K(7182720K), 0.0237700 secs] [Times: user=0.18 sys=0.00, real=0.02 secs] 
1016.187: [GC [PSYoungGen: 4081391K->37139K(4113600K)] 7015265K->2995824K(7179392K), 0.0209450 secs] [Times: user=0.14 sys=0.00, real=0.02 secs] 
1017.063: [GC [PSYoungGen: 4073363K->43252K(4121408K)] 7032048K->3019218K(7187200K), 0.0204590 secs] [Times: user=0.15 sys=0.00, real=0.02 secs] 
1017.920: [GC [PSYoungGen: 4089012K->42588K(4118656K)] 7064978K->3041454K(7184448K), 0.0208580 secs] [Times: user=0.14 sys=0.00, real=0.02 secs] 
1018.793: [GC [PSYoungGen: 4088348K->37938K(4125312K)] 7087214K->3059042K(7191104K), 0.0208590 secs] [Times: user=0.14 sys=0.02, real=0.03 secs] 
1019.655: [GC [PSYoungGen: 4092850K->57158K(4112128K)] 7113954K->3096039K(7177920K), 0.0489810 secs] [Times: user=0.29 sys=0.04, real=0.05 secs] 
1019.704: [Full GC [PSYoungGen: 57158K->0K(4112128K)] [PSOldGen: 3038880K->1690873K(2999168K)] 3096039K->1690873K(7111296K) [PSPermGen: 2811K->2811K(21248K)], 1.6776640 secs] [Times: user=0.34 sys=0.00, real=1.67 secs] 
1022.228: [GC [PSYoungGen: 4054912K->59053K(4117952K)] 5745785K->1749927K(7117120K), 0.0174990 secs] [Times: user=0.14 sys=0.00, real=0.02 secs] 
1023.084: [GC [PSYoungGen: 4105645K->52396K(4120448K)] 5796519K->1782796K(7119616K), 0.0252630 secs] [Times: user=0.20 sys=0.00, real=0.02 secs] 
1023.950: [GC [PSYoungGen: 4098988K->58172K(4118080K)] 5829388K->1817596K(7117248K), 0.0246160 secs] [Times: user=0.14 sys=0.00, real=0.03 secs] 
1024.813: [GC [PSYoungGen: 4102972K->62171K(4107008K)] 5862396K->1859649K(7106176K), 0.0275950 secs] [Times: user=0.22 sys=0.00, real=0.02 secs] 
1025.685: [GC [PSYoungGen: 4106971K->36349K(4117504K)] 5904449K->1872791K(7116672K), 0.0211330 secs] [Times: user=0.13 sys=0.00, real=0.02 secs] 
1026.547: [GC [PSYoungGen: 4076605K->48071K(4117056K)] 5913047K->1900130K(7116224K), 0.0214520 secs] [Times: user=0.12 sys=0.00, real=0.02 secs] 
1027.418: [GC [PSYoungGen: 4088327K->29748K(4119168K)] 5940386K->1909972K(7118336K), 0.0203840 secs] [Times: user=0.13 sys=0.00, real=0.02 secs] 
1028.280: [GC [PSYoungGen: 4074932K->34208K(4119744K)] 5955156K->1923758K(7118912K), 0.0142800 secs] [Times: user=0.11 sys=0.00, real=0.02 secs] 
1029.144: [GC [PSYoungGen: 4079392K->40702K(4122560K)] 5968942K->1944718K(7121728K), 0.0171260 secs] [Times: user=0.14 sys=0.00, real=0.01 secs] 
1030.000: [GC [PSYoungGen: 4089406K->36676K(4120448K)] 5993422K->1961531K(7119616K), 0.0282010 secs] [Times: user=0.20 sys=0.00, real=0.03 secs] 
1030.868: [GC [PSYoungGen: 4085380K->38164K(4125504K)] 6010235K->1979878K(7124672K), 0.0169380 secs] [Times: user=0.11 sys=0.00, real=0.02 secs] 
1031.725: [GC [PSYoungGen: 4093268K->44419K(4123904K)] 6034982K->2003827K(7123072K), 0.0189410 secs] [Times: user=0.15 sys=0.00, real=0.02 secs] 
1032.585: [GC [PSYoungGen: 4099523K->37654K(4129024K)] 6058931K->2021005K(7128192K), 0.0188170 secs] [Times: user=0.15 sys=0.00, real=0.02 secs] 
1033.456: [GC [PSYoungGen: 4100054K->42376K(4127680K)] 6083405K->2043048K(7126848K), 0.0184210 secs] [Times: user=0.15 sys=0.00, real=0.02 secs] 
1034.326: [GC [PSYoungGen: 4104776K->41977K(4133056K)] 6105448K->2064391K(7132224K), 0.0202930 secs] [Times: user=0.13 sys=0.00, real=0.02 secs] 
1035.204: [GC [PSYoungGen: 4111865K->34696K(4131136K)] 6134279K->2078347K(7130304K), 0.0196980 secs] [Times: user=0.12 sys=0.00, real=0.02 secs] 
1036.069: [GC [PSYoungGen: 4104584K->34884K(4134208K)] 6148235K->2091759K(7133376K), 0.0158130 secs] [Times: user=0.13 sys=0.00, real=0.02 secs] 
1036.937: [GC [PSYoungGen: 4108292K->45138K(4133504K)] 6165167K->2115403K(7132672K), 0.0184230 secs] [Times: user=0.14 sys=0.00, real=0.02 secs] 
1037.806: [GC [PSYoungGen: 4118546K->41255K(4136384K)] 6188811K->2135753K(7135552K), 0.0203540 secs] [Times: user=0.14 sys=0.00, real=0.02 secs] 
1038.677: [GC [PSYoungGen: 4117991K->41394K(4134656K)] 6212489K->2156723K(7133824K), 0.0192890 secs] [Times: user=0.15 sys=0.00, real=0.02 secs] 
1039.543: [GC [PSYoungGen: 4118130K->41975K(4139264K)] 6233459K->2178433K(7138432K), 0.0196290 secs] [Times: user=0.15 sys=0.00, real=0.01 secs] 
1040.416: [GC [PSYoungGen: 4124919K->51615K(4134592K)] 6261377K->2208912K(7133760K), 0.0218210 secs] [Times: user=0.17 sys=0.00, real=0.02 secs] 
1041.292: [GC [PSYoungGen: 4134559K->52227K(4132800K)] 6291856K->2240212K(7131968K), 0.0239770 secs] [Times: user=0.16 sys=0.00, real=0.04 secs] 
1042.176: [GC [PSYoungGen: 4127619K->39867K(4134848K)] 6315604K->2259036K(7134016K), 0.0207610 secs] [Times: user=0.14 sys=0.00, real=0.02 secs] 
1043.046: [GC [PSYoungGen: 4115259K->49539K(4134144K)] 6334428K->2287801K(7133312K), 0.0204860 secs] [Times: user=0.13 sys=0.00, real=0.02 secs] 
1043.923: [GC [PSYoungGen: 4125187K->37844K(4134976K)] 6363449K->2304800K(7134144K), 0.0201870 secs] [Times: user=0.15 sys=0.00, real=0.02 secs] 
1044.792: [GC [PSYoungGen: 4113492K->43899K(4136832K)] 6380448K->2328714K(7136000K), 0.0194540 secs] [Times: user=0.15 sys=0.00, real=0.02 secs] 
1045.670: [GC [PSYoungGen: 4121915K->57466K(4135488K)] 6406730K->2372802K(7134656K), 0.0254800 secs] [Times: user=0.20 sys=0.00, real=0.03 secs] 
1046.545: [GC [PSYoungGen: 4135482K->58813K(4074048K)] 6450818K->2415514K(7073216K), 0.0285000 secs] [Times: user=0.22 sys=0.00, real=0.03 secs] 
1047.407: [GC [PSYoungGen: 4074045K->46256K(4104768K)] 6430746K->2441672K(7103936K), 0.0246830 secs] [Times: user=0.17 sys=0.00, real=0.02 secs] 
1048.274: [GC [PSYoungGen: 4061488K->69630K(4101504K)] 6456904K->2489858K(7100672K), 0.0273880 secs] [Times: user=0.22 sys=0.00, real=0.02 secs] 
1049.144: [GC [PSYoungGen: 4084094K->43675K(4104384K)] 6504322K->2512717K(7103552K), 0.0266120 secs] [Times: user=0.19 sys=0.00, real=0.02 secs] 
1050.004: [GC [PSYoungGen: 4058139K->50478K(4109248K)] 6527181K->2542510K(7108416K), 0.0226550 secs] [Times: user=0.18 sys=0.00, real=0.02 secs] 
1050.869: [GC [PSYoungGen: 4071598K->37030K(4106176K)] 6563630K->2559072K(7105344K), 0.0232720 secs] [Times: user=0.14 sys=0.00, real=0.02 secs] 
1051.726: [GC [PSYoungGen: 4058150K->42400K(4111616K)] 6580192K->2581474K(7110784K), 0.0202480 secs] [Times: user=0.13 sys=0.00, real=0.02 secs] 
1052.595: [GC [PSYoungGen: 4069536K->30166K(4109824K)] 6608610K->2591403K(7108992K), 0.0206230 secs] [Times: user=0.15 sys=0.00, real=0.02 secs] 
1053.446: [GC [PSYoungGen: 4057302K->44731K(4114304K)] 6618539K->2616371K(7113472K), 0.0202330 secs] [Times: user=0.14 sys=0.00, real=0.02 secs] 
1054.309: [GC [PSYoungGen: 4076155K->31134K(4111424K)] 6647795K->2628414K(7110592K), 0.0203190 secs] [Times: user=0.14 sys=0.00, real=0.02 secs] 
1055.170: [GC [PSYoungGen: 4062558K->39182K(4116736K)] 6659838K->2648610K(7115904K), 0.0177020 secs] [Times: user=0.14 sys=0.00, real=0.02 secs] 
1056.024: [GC [PSYoungGen: 4076238K->51137K(4114624K)] 6685666K->2678921K(7113792K), 0.0247820 secs] [Times: user=0.14 sys=0.00, real=0.02 secs] 
1056.885: [GC [PSYoungGen: 4088193K->34299K(4118912K)] 6715977K->2691034K(7118080K), 0.0211270 secs] [Times: user=0.14 sys=0.00, real=0.02 secs] 
1057.757: [GC [PSYoungGen: 4076795K->36449K(4117888K)] 6733530K->2706243K(7117056K), 0.0174940 secs] [Times: user=0.13 sys=0.00, real=0.02 secs] 
1058.625: [GC [PSYoungGen: 4078945K->42519K(4123200K)] 6748739K->2727938K(7122368K), 0.0196460 secs] [Times: user=0.16 sys=0.00, real=0.02 secs] 
1059.499: [GC [PSYoungGen: 4091927K->37285K(4120512K)] 6777346K->2744619K(7119680K), 0.0203670 secs] [Times: user=0.14 sys=0.00, real=0.02 secs] 
1060.365: [GC [PSYoungGen: 4086693K->37052K(4126336K)] 6794027K->2761162K(7125504K), 0.0227910 secs] [Times: user=0.15 sys=0.00, real=0.02 secs] 
1061.226: [GC [PSYoungGen: 4093884K->44966K(4124800K)] 6817994K->2786273K(7123968K), 0.0272390 secs] [Times: user=0.19 sys=0.00, real=0.03 secs] 
1062.108: [GC [PSYoungGen: 4101798K->37690K(4129472K)] 6843105K->2803064K(7128640K), 0.0206710 secs] [Times: user=0.16 sys=0.00, real=0.04 secs] 
1062.986: [GC [PSYoungGen: 4100858K->55541K(4118720K)] 6866232K->2837781K(7117888K), 0.0369130 secs] [Times: user=0.23 sys=0.00, real=0.03 secs] 
1063.868: [GC [PSYoungGen: 4118709K->56093K(4122368K)] 6900949K->2872745K(7121536K), 0.0283580 secs] [Times: user=0.21 sys=0.01, real=0.03 secs] 
1064.737: [GC [PSYoungGen: 4111005K->37767K(4124608K)] 6927657K->2889071K(7123776K), 0.0229530 secs] [Times: user=0.17 sys=0.01, real=0.02 secs] 
1065.600: [GC [PSYoungGen: 4092667K->39697K(4127552K)] 6943971K->2907288K(7126720K), 0.0256500 secs] [Times: user=0.11 sys=0.00, real=0.03 secs] 
1066.460: [GC [PSYoungGen: 4098833K->66728K(4125888K)] 6966424K->3002057K(7125056K), 0.0355310 secs] [Times: user=0.28 sys=0.00, real=0.04 secs] 
1067.348: [GC-- [PSYoungGen: 4125864K->4125864K(4125888K)] 7061193K->7130359K(7130560K), 0.4642580 secs] [Times: user=0.65 sys=0.00, real=0.46 secs] 
1067.813: [Full GC [PSYoungGen: 4125864K->0K(4125888K)] [PSOldGen: 3004494K->1800071K(3155584K)] 7130359K->1800071K(7281472K) [PSPermGen: 2811K->2811K(21248K)], 0.5195850 secs] [Times: user=0.38 sys=0.00, real=0.52 secs] 
1069.175: [GC [PSYoungGen: 4059136K->68407K(4026560K)] 5859207K->1919366K(7182144K), 0.0295940 secs] [Times: user=0.19 sys=0.01, real=0.03 secs] 
1070.018: [GC [PSYoungGen: 4026551K->118071K(4076224K)] 5877510K->2039699K(7231808K), 0.0440880 secs] [Times: user=0.35 sys=0.00, real=0.04 secs] 
1070.881: [GC [PSYoungGen: 4076215K->87778K(3998400K)] 5997843K->2099930K(7153984K), 0.0429840 secs] [Times: user=0.34 sys=0.00, real=0.05 secs] 
1071.724: [GC [PSYoungGen: 3968098K->156986K(4037312K)] 5980250K->2247120K(7192896K), 0.0542260 secs] [Times: user=0.43 sys=0.00, real=0.05 secs] 
1072.592: [GC [PSYoungGen: 4037306K->116236K(3939008K)] 6127440K->2344317K(7094592K), 0.0563250 secs] [Times: user=0.36 sys=0.00, real=0.08 secs] 
1073.451: [GC [PSYoungGen: 3898252K->111086K(3988160K)] 6126333K->2424808K(7143744K), 0.0440830 secs] [Times: user=0.28 sys=0.00, real=0.05 secs] 
1074.284: [GC [PSYoungGen: 3893102K->80675K(4001024K)] 6206824K->2481611K(7156608K), 0.0416510 secs] [Times: user=0.32 sys=0.00, real=0.04 secs] 
1075.125: [GC [PSYoungGen: 3880099K->100312K(3992704K)] 6281035K->2563054K(7148288K), 0.0402660 secs] [Times: user=0.26 sys=0.00, real=0.04 secs] 
1075.962: [GC [PSYoungGen: 3899736K->48288K(4009856K)] 6362478K->2592284K(7165440K), 0.0336840 secs] [Times: user=0.27 sys=0.00, real=0.04 secs] 
1076.802: [GC [PSYoungGen: 3872224K->34352K(4008384K)] 6416220K->2606537K(7163968K), 0.0328920 secs] [Times: user=0.20 sys=0.00, real=0.04 secs] 
1077.630: [GC [PSYoungGen: 3858288K->32135K(4011264K)] 6430473K->2619441K(7166848K), 0.0203360 secs] [Times: user=0.14 sys=0.00, real=0.02 secs] 
1078.454: [GC [PSYoungGen: 3859143K->65992K(4010048K)] 6446449K->2666431K(7165632K), 0.0236110 secs] [Times: user=0.18 sys=0.00, real=0.02 secs] 
1079.285: [GC [PSYoungGen: 3893000K->34772K(4022080K)] 6493439K->2681542K(7177664K), 0.0241940 secs] [Times: user=0.19 sys=0.00, real=0.02 secs] 
1080.115: [GC [PSYoungGen: 3882132K->41127K(4019584K)] 6528902K->2702115K(7175168K), 0.0186650 secs] [Times: user=0.15 sys=0.00, real=0.02 secs] 
1080.946: [GC [PSYoungGen: 3888487K->37763K(4030848K)] 6549475K->2719259K(7186432K), 0.0217620 secs] [Times: user=0.14 sys=0.00, real=0.02 secs] 
1081.785: [GC [PSYoungGen: 3900867K->37212K(4026560K)] 6582363K->2737057K(7182144K), 0.0220940 secs] [Times: user=0.16 sys=0.00, real=0.02 secs] 
1082.627: [GC [PSYoungGen: 3900316K->35282K(4040192K)] 6600161K->2752158K(7195776K), 0.0202990 secs] [Times: user=0.14 sys=0.00, real=0.02 secs] 
1083.451: [GC [PSYoungGen: 3916690K->37370K(4035520K)] 6633566K->2771022K(7191104K), 0.0239510 secs] [Times: user=0.14 sys=0.00, real=0.03 secs] 
1084.294: [GC [PSYoungGen: 3918778K->39921K(4051392K)] 6652430K->2791590K(7206976K), 0.0197120 secs] [Times: user=0.15 sys=0.00, real=0.02 secs] 
1085.125: [GC [PSYoungGen: 3942513K->37594K(4045504K)] 6694182K->2808695K(7201088K), 0.0192240 secs] [Times: user=0.13 sys=0.00, real=0.02 secs] 
1085.971: [GC [PSYoungGen: 3940186K->41279K(4062720K)] 6711287K->2830074K(7218304K), 0.0283760 secs] [Times: user=0.17 sys=0.00, real=0.03 secs] 
1086.815: [GC [PSYoungGen: 3966463K->37579K(4056768K)] 6755258K->2847875K(7212352K), 0.0199290 secs] [Times: user=0.16 sys=0.00, real=0.02 secs] 
1087.656: [GC [PSYoungGen: 3962763K->44502K(4074048K)] 6773059K->2871664K(7229632K), 0.0205360 secs] [Times: user=0.16 sys=0.00, real=0.02 secs] 
1088.494: [GC [PSYoungGen: 3992086K->44366K(4067840K)] 6819248K->2894520K(7223424K), 0.0220720 secs] [Times: user=0.18 sys=0.00, real=0.02 secs] 
1089.343: [GC [PSYoungGen: 3991950K->40258K(4084480K)] 6842104K->2914106K(7240064K), 0.0211550 secs] [Times: user=0.17 sys=0.00, real=0.03 secs] 
1090.187: [GC [PSYoungGen: 4010242K->33760K(4079808K)] 6884090K->2927695K(7235392K), 0.0204480 secs] [Times: user=0.13 sys=0.00, real=0.02 secs] 
1091.045: [GC [PSYoungGen: 4003744K->45094K(4093248K)] 6897679K->2953329K(7248832K), 0.0201710 secs] [Times: user=0.16 sys=0.00, real=0.02 secs] 
1091.895: [GC [PSYoungGen: 4031910K->43088K(4087872K)] 6940145K->2976963K(7243456K), 0.0220290 secs] [Times: user=0.15 sys=0.00, real=0.02 secs] 
1092.746: [GC [PSYoungGen: 4029904K->42003K(4101888K)] 6963779K->2998703K(7257472K), 0.0215570 secs] [Times: user=0.16 sys=0.01, real=0.02 secs] 
1093.603: [GC [PSYoungGen: 4047443K->56053K(4097856K)] 7004143K->3034254K(7253440K), 0.0397660 secs] [Times: user=0.28 sys=0.00, real=0.03 secs] 
1094.470: [GC [PSYoungGen: 4061493K->45850K(4107072K)] 7039694K->3060533K(7262656K), 0.0247970 secs] [Times: user=0.19 sys=0.01, real=0.03 secs] 
1095.334: [GC [PSYoungGen: 4061594K->58621K(4102976K)] 7076277K->3098198K(7258560K), 0.0247790 secs] [Times: user=0.15 sys=0.04, real=0.02 secs] 
1096.206: [GC [PSYoungGen: 4074365K->46108K(4110336K)] 7113942K->3124070K(7265920K), 0.0455010 secs] [Times: user=0.10 sys=0.17, real=0.04 secs] 
1097.334: [GC [PSYoungGen: 4069020K->46575K(4106880K)] 7146982K->3150508K(7262464K), 0.0358470 secs] [Times: user=0.12 sys=0.11, real=0.03 secs] 
1097.370: [Full GC [PSYoungGen: 46575K->0K(4106880K)] [PSOldGen: 3103932K->1774638K(3210432K)] 3150508K->1774638K(7317312K) [PSPermGen: 2811K->2811K(21248K)], 0.3403910 secs] [Times: user=0.21 sys=0.01, real=0.34 secs] 
1098.555: [GC [PSYoungGen: 4022912K->61591K(4110208K)] 5797550K->1836229K(7320640K), 0.0181020 secs] [Times: user=0.15 sys=0.00, real=0.02 secs] 
1099.409: [GC [PSYoungGen: 4091159K->40732K(4111936K)] 5865797K->1858924K(7322368K), 0.0237290 secs] [Times: user=0.19 sys=0.00, real=0.02 secs] 
1100.272: [GC [PSYoungGen: 4070300K->43651K(4116096K)] 5888492K->1881764K(7326528K), 0.0190160 secs] [Times: user=0.15 sys=0.00, real=0.02 secs] 
1101.135: [GC [PSYoungGen: 4079171K->40739K(4113728K)] 5917284K->1902175K(7324160K), 0.0192120 secs] [Times: user=0.15 sys=0.00, real=0.02 secs] 
1102.001: [GC [PSYoungGen: 4076259K->36699K(4118912K)] 5937695K->1917732K(7329344K), 0.0267990 secs] [Times: user=0.16 sys=0.00, real=0.03 secs] 
1102.883: [GC [PSYoungGen: 4079131K->42776K(4117824K)] 5960164K->1939930K(7328256K), 0.0179710 secs] [Times: user=0.14 sys=0.00, real=0.01 secs] 
1103.753: [GC [PSYoungGen: 4085208K->41007K(4123136K)] 5982362K->1960738K(7333568K), 0.0191520 secs] [Times: user=0.16 sys=0.00, real=0.02 secs] 
1104.627: [GC [PSYoungGen: 4091055K->40151K(4121216K)] 6010786K->1980962K(7331648K), 0.0209930 secs] [Times: user=0.12 sys=0.00, real=0.02 secs] 
1105.495: [GC [PSYoungGen: 4090199K->38691K(4126208K)] 6031010K->1999249K(7336640K), 0.0175180 secs] [Times: user=0.10 sys=0.00, real=0.01 secs] 
1106.371: [GC [PSYoungGen: 4095395K->35421K(4124800K)] 6055953K->2014162K(7335232K), 0.0241650 secs] [Times: user=0.16 sys=0.00, real=0.03 secs] 
1107.245: [GC [PSYoungGen: 4092125K->39174K(4128704K)] 6070866K->2032712K(7339136K), 0.0171190 secs] [Times: user=0.13 sys=0.00, real=0.01 secs] 
1108.104: [GC [PSYoungGen: 4100614K->46420K(4127040K)] 6094152K->2059706K(7337472K), 0.0262500 secs] [Times: user=0.18 sys=0.00, real=0.02 secs] 
1108.974: [GC [PSYoungGen: 4107860K->30023K(4129344K)] 6121146K->2069776K(7339776K), 0.0198260 secs] [Times: user=0.13 sys=0.00, real=0.02 secs] 
1109.848: [GC [PSYoungGen: 4094791K->34388K(4129536K)] 6134544K->2083211K(7339968K), 0.0147880 secs] [Times: user=0.09 sys=0.00, real=0.01 secs] 
1110.705: [GC [PSYoungGen: 4099156K->48563K(4129664K)] 6147979K->2111182K(7340096K), 0.0190780 secs] [Times: user=0.14 sys=0.00, real=0.02 secs] 
1111.571: [GC [PSYoungGen: 4114483K->41672K(4130112K)] 6177102K->2131834K(7340544K), 0.0217290 secs] [Times: user=0.17 sys=0.00, real=0.02 secs] 
1112.439: [GC [PSYoungGen: 4107592K->45278K(4133056K)] 6197754K->2156611K(7343488K), 0.0203940 secs] [Times: user=0.14 sys=0.00, real=0.02 secs] 
1113.314: [GC [PSYoungGen: 4116254K->39311K(4132224K)] 6227587K->2175787K(7342656K), 0.0198600 secs] [Times: user=0.16 sys=0.00, real=0.02 secs] 
1114.174: [GC [PSYoungGen: 4110287K->45054K(4135040K)] 6246763K->2200382K(7345472K), 0.0198320 secs] [Times: user=0.14 sys=0.01, real=0.02 secs] 
1115.045: [GC [PSYoungGen: 4120190K->39562K(4134400K)] 6275518K->2218957K(7344832K), 0.0197270 secs] [Times: user=0.15 sys=0.00, real=0.02 secs] 
1115.916: [GC [PSYoungGen: 4114698K->43352K(4137408K)] 6294093K->2240937K(7347840K), 0.0193720 secs] [Times: user=0.15 sys=0.00, real=0.02 secs] 
1116.788: [GC [PSYoungGen: 4122776K->48197K(4136320K)] 6320361K->2267780K(7346752K), 0.0215180 secs] [Times: user=0.17 sys=0.00, real=0.02 secs] 
1117.664: [GC [PSYoungGen: 4127621K->47323K(4136256K)] 6347204K->2295028K(7346688K), 0.0228890 secs] [Times: user=0.18 sys=0.00, real=0.02 secs] 
1118.568: [GC [PSYoungGen: 4125915K->50599K(4129216K)] 6373620K->2325517K(7339648K), 0.0232340 secs] [Times: user=0.18 sys=0.00, real=0.02 secs] 
1119.440: [GC [PSYoungGen: 4129191K->51545K(4132608K)] 6404109K->2356156K(7343040K), 0.0238430 secs] [Times: user=0.16 sys=0.00, real=0.03 secs] 
1120.316: [GC [PSYoungGen: 4125017K->60400K(4133888K)] 6429628K->2408101K(7344320K), 0.0292550 secs] [Times: user=0.21 sys=0.00, real=0.03 secs] 
1121.187: [GC [PSYoungGen: 4133872K->60410K(4059264K)] 6481573K->2452698K(7269696K), 0.0354380 secs] [Times: user=0.25 sys=0.00, real=0.03 secs] 
1122.065: [GC [PSYoungGen: 4059258K->39626K(4096576K)] 6451546K->2473014K(7307008K), 0.0304860 secs] [Times: user=0.19 sys=0.00, real=0.03 secs] 
1122.934: [GC [PSYoungGen: 4038474K->57798K(4100864K)] 6471862K->2509955K(7311296K), 0.0230880 secs] [Times: user=0.15 sys=0.00, real=0.02 secs] 
1123.791: [GC [PSYoungGen: 4062278K->43719K(4097920K)] 6514435K->2533103K(7308352K), 0.0238430 secs] [Times: user=0.16 sys=0.00, real=0.10 secs] 
1124.725: [GC [PSYoungGen: 4048199K->39542K(4104256K)] 6537583K->2552331K(7314688K), 0.0203140 secs] [Times: user=0.16 sys=0.00, real=0.02 secs] 
1125.582: [GC [PSYoungGen: 4052268K->36198K(4102848K)] 6565057K->2568576K(7313280K), 0.0187990 secs] [Times: user=0.14 sys=0.00, real=0.02 secs] 
1126.443: [GC [PSYoungGen: 4048998K->42709K(4107776K)] 6581376K->2591623K(7318208K), 0.0194780 secs] [Times: user=0.15 sys=0.00, real=0.01 secs] 
1127.299: [GC [PSYoungGen: 4061461K->42517K(4105280K)] 6610375K->2612998K(7315712K), 0.0205820 secs] [Times: user=0.15 sys=0.00, real=0.02 secs] 
1128.156: [GC [PSYoungGen: 4061269K->43689K(4112768K)] 6631750K->2635175K(7323200K), 0.0208310 secs] [Times: user=0.16 sys=0.00, real=0.02 secs] 
1129.014: [GC [PSYoungGen: 4072361K->41913K(4110208K)] 6663847K->2655803K(7320640K), 0.0246860 secs] [Times: user=0.15 sys=0.00, real=0.02 secs] 
1129.888: [GC [PSYoungGen: 4070585K->35051K(4115904K)] 6684475K->2668787K(7326336K), 0.0188670 secs] [Times: user=0.15 sys=0.00, real=0.02 secs] 
1130.746: [GC [PSYoungGen: 4071595K->37531K(4114944K)] 6705331K->2686229K(7325376K), 0.0179200 secs] [Times: user=0.13 sys=0.00, real=0.02 secs] 
1131.615: [GC [PSYoungGen: 4074075K->40702K(4119808K)] 6722773K->2707591K(7330240K), 0.0199640 secs] [Times: user=0.15 sys=0.00, real=0.02 secs] 
1132.485: [GC [PSYoungGen: 4083774K->36891K(4117568K)] 6750663K->2724032K(7328000K), 0.0195610 secs] [Times: user=0.13 sys=0.00, real=0.02 secs] 
1133.349: [GC [PSYoungGen: 4079963K->41853K(4123776K)] 6767104K->2745447K(7334208K), 0.0197990 secs] [Times: user=0.16 sys=0.00, real=0.02 secs] 
1134.207: [GC [PSYoungGen: 4092669K->36793K(4121344K)] 6796263K->2761639K(7331776K), 0.0198070 secs] [Times: user=0.16 sys=0.00, real=0.05 secs] 
1135.095: [GC [PSYoungGen: 4087609K->36027K(4126464K)] 6812455K->2777078K(7336896K), 0.0184480 secs] [Times: user=0.14 sys=0.00, real=0.02 secs] 
1135.965: [GC [PSYoungGen: 4093307K->41426K(4125120K)] 6834358K->2798093K(7335552K), 0.0196200 secs] [Times: user=0.16 sys=0.00, real=0.02 secs] 
1136.829: [GC [PSYoungGen: 4098706K->47489K(4129216K)] 6855373K->2825161K(7339648K), 0.0222450 secs] [Times: user=0.15 sys=0.00, real=0.02 secs] 
1137.704: [GC [PSYoungGen: 4111169K->43141K(4128768K)] 6888841K->2847446K(7339200K), 0.0271970 secs] [Times: user=0.15 sys=0.00, real=0.02 secs] 
1138.575: [GC [PSYoungGen: 4106821K->36706K(4132288K)] 6911126K->2864002K(7342720K), 0.0215190 secs] [Times: user=0.15 sys=0.00, real=0.02 secs] 
1139.445: [GC [PSYoungGen: 4106082K->47055K(4131392K)] 6933378K->2892376K(7341824K), 0.0216240 secs] [Times: user=0.17 sys=0.00, real=0.02 secs] 
1140.304: [GC [PSYoungGen: 4116431K->61741K(4086080K)] 6961752K->2956059K(7296512K), 0.0320600 secs] [Times: user=0.26 sys=0.00, real=0.03 secs] 
1141.184: [GC [PSYoungGen: 4086061K->53479K(4109312K)] 6980379K->2991478K(7319744K), 0.0287640 secs] [Times: user=0.23 sys=0.00, real=0.02 secs] 
1142.051: [GC [PSYoungGen: 4077799K->60002K(4110656K)] 7015798K->3030759K(7321088K), 0.0275420 secs] [Times: user=0.18 sys=0.00, real=0.03 secs] 
1142.915: [GC [PSYoungGen: 4087778K->44915K(4111040K)] 7058535K->3054801K(7321472K), 0.0260400 secs] [Times: user=0.21 sys=0.00, real=0.02 secs] 
1143.775: [GC [PSYoungGen: 4072691K->56140K(4114176K)] 7082577K->3089762K(7324608K), 0.0251670 secs] [Times: user=0.19 sys=0.01, real=0.02 secs] 
1144.629: [GC [PSYoungGen: 4089228K->80119K(4113216K)] 7122850K->3158332K(7323648K), 0.0357890 secs] [Times: user=0.29 sys=0.00, real=0.04 secs] 
1145.505: [GC [PSYoungGen: 4113207K->70417K(4066624K)] 7191420K->3210189K(7277056K), 0.0385770 secs] [Times: user=0.22 sys=0.07, real=0.03 secs] 
1146.367: [GC [PSYoungGen: 4055953K->75873K(4061440K)] 7195725K->3265948K(7271872K), 3.6161480 secs] [Times: user=0.17 sys=1.81, real=3.72 secs] 
1150.086: [Full GC [PSYoungGen: 75873K->0K(4061440K)] [PSOldGen: 3190074K->1780531K(3243456K)] 3265948K->1780531K(7304896K) [PSPermGen: 2811K->2811K(21248K)], 0.5267480 secs] [Times: user=0.17 sys=0.00, real=0.52 secs] 
1151.491: [GC [PSYoungGen: 3985536K->95220K(4072128K)] 5766067K->1875752K(7315584K), 0.0258200 secs] [Times: user=0.19 sys=0.00, real=0.03 secs] 
1152.633: [GC [PSYoungGen: 4061428K->55442K(4080256K)] 5841960K->1913224K(7323712K), 0.0347360 secs] [Times: user=0.27 sys=0.00, real=0.03 secs] 
1153.502: [GC [PSYoungGen: 4021650K->37156K(4083840K)] 5879432K->1930839K(7327296K), 0.0264410 secs] [Times: user=0.17 sys=0.00, real=0.03 secs] 
1154.944: [GC [PSYoungGen: 4010340K->43177K(4083648K)] 5904023K->1953975K(7327104K), 0.0294790 secs] [Times: user=0.20 sys=0.00, real=0.36 secs] 
1156.136: [GC [PSYoungGen: 4016361K->46832K(4088576K)] 5927159K->1980447K(7332032K), 0.0297520 secs] [Times: user=0.18 sys=0.00, real=0.03 secs] 
1156.993: [GC [PSYoungGen: 4026864K->35803K(4085760K)] 5960479K->1996051K(7329216K), 0.0190500 secs] [Times: user=0.14 sys=0.01, real=0.01 secs] 
1157.845: [GC [PSYoungGen: 4015835K->36255K(4091136K)] 5976083K->2011796K(7334592K), 0.0166380 secs] [Times: user=0.13 sys=0.00, real=0.01 secs] 
1158.691: [GC [PSYoungGen: 4022623K->40417K(4089536K)] 5998164K->2033156K(7332992K), 0.0436690 secs] [Times: user=0.29 sys=0.00, real=0.05 secs] 
1159.565: [GC [PSYoungGen: 4026785K->39313K(4096320K)] 6019524K->2052560K(7339776K), 0.0183340 secs] [Times: user=0.13 sys=0.00, real=0.02 secs] 
1160.441: [GC [PSYoungGen: 4035089K->33762K(4093760K)] 6048336K->2065854K(7337216K), 0.0245460 secs] [Times: user=0.15 sys=0.00, real=0.03 secs] 
1161.295: [GC [PSYoungGen: 4029538K->48254K(4102528K)] 6061630K->2093810K(7345984K), 0.0192510 secs] [Times: user=0.14 sys=0.00, real=0.02 secs] 
1162.155: [GC [PSYoungGen: 4054526K->35858K(4098048K)] 6100082K->2110364K(7341504K), 0.0199620 secs] [Times: user=0.16 sys=0.00, real=0.02 secs] 
1163.009: [GC [PSYoungGen: 4042130K->32963K(4106112K)] 6116636K->2122755K(7349568K), 0.0156890 secs] [Times: user=0.11 sys=0.00, real=0.02 secs] 
1163.864: [GC [PSYoungGen: 4049283K->45775K(4104512K)] 6139075K->2147385K(7347968K), 0.0182700 secs] [Times: user=0.14 sys=0.00, real=0.01 secs] 
1164.742: [GC [PSYoungGen: 4062095K->31046K(4111296K)] 6163705K->2157467K(7354752K), 0.0179620 secs] [Times: user=0.14 sys=0.00, real=0.02 secs] 
1165.610: [GC [PSYoungGen: 4058182K->39981K(4110144K)] 6184603K->2176640K(7353600K), 0.0282360 secs] [Times: user=0.17 sys=0.00, real=0.03 secs] 
1166.493: [GC [PSYoungGen: 4067117K->39362K(4116992K)] 6203776K->2196198K(7360448K), 0.0196960 secs] [Times: user=0.14 sys=0.00, real=0.01 secs] 
1167.365: [GC [PSYoungGen: 4076354K->43508K(4114304K)] 6233190K->2219775K(7357760K), 0.0197720 secs] [Times: user=0.16 sys=0.00, real=0.02 secs] 
1168.225: [GC [PSYoungGen: 4080500K->52283K(4120064K)] 6256767K->2250962K(7363520K), 0.0225330 secs] [Times: user=0.17 sys=0.00, real=0.02 secs] 
1169.102: [GC [PSYoungGen: 4098363K->46734K(4120192K)] 6297042K->2276664K(7363648K), 0.0405520 secs] [Times: user=0.24 sys=0.00, real=0.04 secs] 
1169.983: [GC [PSYoungGen: 4092814K->49082K(4123520K)] 6322744K->2303567K(7366976K), 0.0237810 secs] [Times: user=0.17 sys=0.01, real=0.02 secs] 
1170.865: [GC [PSYoungGen: 4100666K->40203K(4122368K)] 6355151K->2322480K(7365824K), 0.0210260 secs] [Times: user=0.17 sys=0.00, real=0.02 secs] 
1171.740: [GC [PSYoungGen: 4091787K->44151K(4127488K)] 6374064K->2346646K(7370944K), 0.0202820 secs] [Times: user=0.16 sys=0.00, real=0.08 secs] 
1172.676: [GC [PSYoungGen: 4102519K->38796K(4125184K)] 6405014K->2365110K(7368640K), 0.0263480 secs] [Times: user=0.16 sys=0.00, real=0.02 secs] 
1173.545: [GC [PSYoungGen: 4097164K->44480K(4130688K)] 6423478K->2389142K(7374144K), 0.0580230 secs] [Times: user=0.39 sys=0.00, real=0.06 secs] 
1174.457: [GC [PSYoungGen: 4109568K->54634K(4128704K)] 6454230K->2423363K(7372160K), 0.0304300 secs] [Times: user=0.19 sys=0.00, real=0.03 secs] 
1175.351: [GC [PSYoungGen: 4119722K->65529K(4092160K)] 6488451K->2468962K(7335616K), 0.0370070 secs] [Times: user=0.24 sys=0.00, real=0.04 secs] 
1176.229: [GC [PSYoungGen: 4092153K->40261K(4110464K)] 6495586K->2489197K(7353920K), 0.0339560 secs] [Times: user=0.22 sys=0.01, real=0.03 secs] 
1177.104: [GC [PSYoungGen: 4066885K->46796K(4114752K)] 6515821K->2515909K(7358208K), 0.0210860 secs] [Times: user=0.16 sys=0.00, real=0.02 secs] 
1177.969: [GC [PSYoungGen: 4079244K->38250K(4112000K)] 6548357K->2534244K(7355456K), 0.0207150 secs] [Times: user=0.15 sys=0.00, real=0.02 secs] 
1178.826: [GC [PSYoungGen: 4070698K->37959K(4117120K)] 6566692K->2552045K(7360576K), 0.0369410 secs] [Times: user=0.26 sys=0.00, real=0.03 secs] 
1179.714: [GC [PSYoungGen: 4076679K->42835K(4115904K)] 6590765K->2574283K(7359360K), 0.0197760 secs] [Times: user=0.15 sys=0.00, real=0.02 secs] 
1180.575: [GC [PSYoungGen: 4081555K->33551K(4119936K)] 6613003K->2587908K(7363392K), 0.0189480 secs] [Times: user=0.15 sys=0.00, real=0.02 secs] 
1181.438: [GC [PSYoungGen: 4078543K->35624K(4119360K)] 6632900K->2603363K(7362816K), 0.0203250 secs] [Times: user=0.13 sys=0.00, real=0.02 secs] 
1182.301: [GC [PSYoungGen: 4080616K->42939K(4123776K)] 6648355K->2626633K(7367232K), 0.0196870 secs] [Times: user=0.15 sys=0.00, real=0.02 secs] 
1183.165: [GC [PSYoungGen: 4093563K->33749K(4121152K)] 6677257K->2640021K(7364608K), 0.0185500 secs] [Times: user=0.12 sys=0.00, real=0.02 secs] 
1184.038: [GC [PSYoungGen: 4084373K->43841K(4126976K)] 6690645K->2663669K(7370432K), 0.0194060 secs] [Times: user=0.15 sys=0.00, real=0.02 secs] 
1184.898: [GC [PSYoungGen: 4101057K->44539K(4124544K)] 6720885K->2687764K(7368000K), 0.0224230 secs] [Times: user=0.14 sys=0.00, real=0.02 secs] 
1185.765: [GC [PSYoungGen: 4101755K->32607K(4129280K)] 6744980K->2699568K(7372736K), 0.0189090 secs] [Times: user=0.13 sys=0.00, real=0.02 secs] 
1186.639: [GC [PSYoungGen: 4096543K->41684K(4128960K)] 6763504K->2720115K(7372416K), 0.0229480 secs] [Times: user=0.12 sys=0.00, real=0.02 secs] 
1187.506: [GC [PSYoungGen: 4105620K->41029K(4133248K)] 6784051K->2740298K(7376704K), 0.0206580 secs] [Times: user=0.15 sys=0.01, real=0.02 secs] 
1188.385: [GC [PSYoungGen: 4111429K->33569K(4131456K)] 6810698K->2753760K(7374912K), 0.0204180 secs] [Times: user=0.14 sys=0.00, real=0.02 secs] 
1189.248: [GC [PSYoungGen: 4103969K->42564K(4135168K)] 6824160K->2775393K(7378624K), 0.0203700 secs] [Times: user=0.13 sys=0.00, real=0.02 secs] 
1190.124: [GC [PSYoungGen: 4117124K->39597K(4133696K)] 6849953K->2794168K(7377152K), 0.0213470 secs] [Times: user=0.15 sys=0.00, real=0.02 secs] 
1190.988: [GC [PSYoungGen: 4114157K->39247K(4137920K)] 6868728K->2812587K(7381376K), 0.0212530 secs] [Times: user=0.12 sys=0.00, real=0.02 secs] 
1191.855: [GC [PSYoungGen: 4119503K->56377K(4136640K)] 6892843K->2851271K(7380096K), 0.0245970 secs] [Times: user=0.19 sys=0.00, real=0.02 secs] 
1192.730: [GC [PSYoungGen: 4136633K->46368K(4118464K)] 6931527K->2878902K(7361920K), 0.0248120 secs] [Times: user=0.16 sys=0.00, real=0.03 secs] 
1193.598: [GC [PSYoungGen: 4107168K->42294K(4127552K)] 6939702K->2901957K(7371008K), 0.0224480 secs] [Times: user=0.17 sys=0.00, real=0.02 secs] 
1194.475: [GC [PSYoungGen: 4103094K->46337K(4130688K)] 6962757K->2927162K(7374144K), 0.0220680 secs] [Times: user=0.16 sys=0.01, real=0.02 secs] 
1195.343: [GC [PSYoungGen: 4112001K->46006K(4129280K)] 6992826K->2952387K(7372736K), 0.0309390 secs] [Times: user=0.21 sys=0.00, real=0.04 secs] 
1196.230: [GC [PSYoungGen: 4111670K->51859K(4130496K)] 7018051K->2983383K(7373952K), 0.0244930 secs] [Times: user=0.20 sys=0.00, real=0.03 secs] 
1197.106: [GC [PSYoungGen: 4120211K->52849K(4121216K)] 7051735K->3015888K(7364672K), 0.0260930 secs] [Times: user=0.20 sys=0.00, real=0.02 secs] 
1197.975: [GC [PSYoungGen: 4121201K->56024K(4126656K)] 7084240K->3051406K(7370112K), 0.0272650 secs] [Times: user=0.21 sys=0.00, real=0.02 secs] 
1198.854: [GC [PSYoungGen: 4118744K->40312K(4128512K)] 7114126K->3071679K(7371968K), 0.0243230 secs] [Times: user=0.16 sys=0.00, real=0.02 secs] 
1199.724: [GC [PSYoungGen: 4103032K->65017K(4119232K)] 7134399K->3117885K(7362688K), 0.0268220 secs] [Times: user=0.18 sys=0.00, real=0.02 secs] 
1200.595: [GC [PSYoungGen: 4119161K->48485K(4124224K)] 7172029K->3146856K(7367680K), 0.0366340 secs] [Times: user=0.18 sys=0.01, real=0.03 secs] 
1201.483: [GC [PSYoungGen: 4102629K->46948K(4128064K)] 7201000K->3173350K(7371520K), 0.0441650 secs] [Times: user=0.31 sys=0.00, real=0.04 secs] 
1202.381: [GC [PSYoungGen: 4107108K->31735K(4126400K)] 7233510K->3184769K(7369856K), 0.3611980 secs] [Times: user=2.47 sys=0.01, real=0.36 secs] 
1203.583: [GC [PSYoungGen: 4091895K->36949K(4127424K)] 7244929K->3200725K(7370880K), 0.0181180 secs] [Times: user=0.15 sys=0.00, real=0.01 secs] 
1204.461: [GC [PSYoungGen: 4097109K->37940K(4127040K)] 7260885K->3218003K(7370496K), 0.0196790 secs] [Times: user=0.14 sys=0.00, real=0.02 secs] 
1205.335: [GC [PSYoungGen: 4098100K->39659K(4129472K)] 7278163K->3237665K(7372928K), 0.2338510 secs] [Times: user=0.96 sys=0.09, real=0.23 secs] 
1206.430: [GC [PSYoungGen: 4103083K->40417K(4128256K)] 7301089K->3257524K(7371712K), 0.6970910 secs] [Times: user=0.36 sys=0.95, real=0.71 secs] 
1207.159: [Full GC [PSYoungGen: 40417K->0K(4128256K)] [PSOldGen: 3217106K->1627083K(3085312K)] 3257524K->1627083K(7213568K) [PSPermGen: 2811K->2811K(21248K)], 0.8506770 secs] [Times: user=0.31 sys=0.01, real=0.87 secs] 
1208.877: [GC [PSYoungGen: 4063424K->51106K(4129408K)] 5690507K->1678190K(7214720K), 0.0153280 secs] [Times: user=0.12 sys=0.00, real=0.01 secs] 
1209.733: [GC [PSYoungGen: 4117026K->51153K(4117120K)] 5744110K->1709688K(7202432K), 0.0233680 secs] [Times: user=0.17 sys=0.00, real=0.02 secs] 
1210.614: [GC [PSYoungGen: 4117073K->31625K(4128832K)] 5775608K->1720766K(7214144K), 0.0205280 secs] [Times: user=0.12 sys=0.00, real=0.02 secs] 
1211.480: [GC [PSYoungGen: 4095881K->42286K(4129280K)] 5785022K->1743071K(7214592K), 0.0227700 secs] [Times: user=0.15 sys=0.00, real=0.02 secs] 
1212.352: [GC [PSYoungGen: 4106542K->30388K(4130432K)] 5807327K->1753171K(7215744K), 0.0205700 secs] [Times: user=0.13 sys=0.01, real=0.02 secs] 
1213.218: [GC [PSYoungGen: 4097588K->36832K(4130752K)] 5820371K->1769363K(7216064K), 0.0145830 secs] [Times: user=0.11 sys=0.00, real=0.01 secs] 
1214.074: [GC [PSYoungGen: 4104032K->43533K(4133376K)] 5836563K->1792103K(7218688K), 0.0178610 secs] [Times: user=0.14 sys=0.00, real=0.01 secs] 
1214.951: [GC [PSYoungGen: 4114509K->35348K(4131904K)] 5863079K->1806992K(7217216K), 0.0203640 secs] [Times: user=0.13 sys=0.00, real=0.02 secs] 
1215.816: [GC [PSYoungGen: 4106324K->35146K(4134912K)] 5877968K->1821670K(7220224K), 0.0182180 secs] [Times: user=0.11 sys=0.00, real=0.02 secs] 
1216.686: [GC [PSYoungGen: 4109834K->59376K(4134080K)] 5896358K->1877912K(7219392K), 0.0241200 secs] [Times: user=0.17 sys=0.00, real=0.02 secs] 
1217.556: [GC [PSYoungGen: 4134064K->60214K(4049216K)] 5952600K->1943965K(7134528K), 0.0324110 secs] [Times: user=0.25 sys=0.00, real=0.03 secs] 
1218.455: [GC [PSYoungGen: 4049206K->46451K(4091648K)] 5932957K->1973792K(7176960K), 0.0243750 secs] [Times: user=0.19 sys=0.00, real=0.02 secs] 
1219.316: [GC [PSYoungGen: 4035443K->58543K(4097856K)] 5962784K->2011936K(7183168K), 0.0234350 secs] [Times: user=0.18 sys=0.00, real=0.02 secs] 
1220.182: [GC [PSYoungGen: 4057391K->34172K(4095296K)] 6010784K->2026033K(7180608K), 0.0207810 secs] [Times: user=0.16 sys=0.00, real=0.02 secs] 
1221.030: [GC [PSYoungGen: 4033020K->52540K(4102848K)] 6024881K->2055714K(7188160K), 0.0256190 secs] [Times: user=0.18 sys=0.00, real=0.03 secs] 
1221.895: [GC [PSYoungGen: 4059900K->91449K(4098816K)] 6063074K->2136923K(7184128K), 0.0355430 secs] [Times: user=0.23 sys=0.01, real=0.03 secs] 
1222.774: [GC [PSYoungGen: 4098809K->43902K(4060288K)] 6144283K->2162099K(7145600K), 0.0304130 secs] [Times: user=0.23 sys=0.00, real=0.03 secs] 
1223.655: [GC [PSYoungGen: 4008702K->86982K(4051840K)] 6126899K->2228824K(7137152K), 0.0291480 secs] [Times: user=0.22 sys=0.00, real=0.03 secs] 
1224.514: [GC [PSYoungGen: 4051782K->119742K(3976768K)] 6193624K->2351035K(7062080K), 0.0488650 secs] [Times: user=0.34 sys=0.00, real=0.05 secs] 
1225.363: [GC [PSYoungGen: 3976766K->52986K(4025664K)] 6208059K->2383989K(7110976K), 0.0386510 secs] [Times: user=0.25 sys=0.00, real=0.03 secs] 
1226.206: [GC [PSYoungGen: 3910010K->67395K(4038912K)] 6241013K->2432712K(7124224K), 0.0282300 secs] [Times: user=0.23 sys=0.00, real=0.03 secs] 
1227.044: [GC [PSYoungGen: 3943043K->36665K(4031040K)] 6308360K->2450960K(7116352K), 0.0395640 secs] [Times: user=0.28 sys=0.00, real=0.04 secs] 
1227.888: [GC [PSYoungGen: 3912313K->32756K(4043072K)] 6326608K->2463752K(7128384K), 0.0170020 secs] [Times: user=0.14 sys=0.00, real=0.02 secs] 
1228.727: [GC [PSYoungGen: 3922484K->33377K(4040960K)] 6353480K->2476438K(7126272K), 0.0159810 secs] [Times: user=0.13 sys=0.00, real=0.01 secs] 
1229.556: [GC [PSYoungGen: 3923105K->33055K(4049664K)] 6366166K->2489424K(7134976K), 0.0162610 secs] [Times: user=0.13 sys=0.00, real=0.01 secs] 
1230.385: [GC [PSYoungGen: 3934559K->59006K(4046144K)] 6390928K->2528103K(7131456K), 0.0220580 secs] [Times: user=0.18 sys=0.00, real=0.02 secs] 
1231.224: [GC [PSYoungGen: 3960510K->32697K(4061184K)] 6429607K->2540097K(7146496K), 0.0218150 secs] [Times: user=0.18 sys=0.00, real=0.02 secs] 
1232.064: [GC [PSYoungGen: 3957689K->44153K(4058112K)] 6465089K->2564446K(7143424K), 0.0190190 secs] [Times: user=0.15 sys=0.00, real=0.01 secs] 
1232.896: [GC [PSYoungGen: 3969145K->47389K(4072448K)] 6489438K->2591666K(7157760K), 0.0224830 secs] [Times: user=0.18 sys=0.00, real=0.10 secs] 
1233.816: [GC [PSYoungGen: 3992221K->28516K(4066688K)] 6536498K->2600419K(7152000K), 0.0188200 secs] [Times: user=0.15 sys=0.00, real=0.02 secs] 
1234.657: [GC [PSYoungGen: 3973348K->39627K(4079360K)] 6545251K->2620278K(7164672K), 0.0170200 secs] [Times: user=0.13 sys=0.00, real=0.02 secs] 
1235.505: [GC [PSYoungGen: 3999435K->37337K(4074752K)] 6580086K->2637419K(7160064K), 0.0192000 secs] [Times: user=0.15 sys=0.00, real=0.02 secs] 
1236.353: [GC [PSYoungGen: 3997145K->31791K(4086528K)] 6597227K->2648822K(7171840K), 0.0230100 secs] [Times: user=0.16 sys=0.00, real=0.02 secs] 
1237.204: [GC [PSYoungGen: 4007471K->39545K(4083456K)] 6624502K->2667732K(7168768K), 0.0226170 secs] [Times: user=0.16 sys=0.00, real=0.02 secs] 
1238.061: [GC [PSYoungGen: 4015225K->39967K(4095616K)] 6643412K->2687338K(7180928K), 0.0199020 secs] [Times: user=0.16 sys=0.00, real=0.02 secs] 
1238.924: [GC [PSYoungGen: 4032415K->40159K(4091136K)] 6679786K->2707872K(7176448K), 0.0202690 secs] [Times: user=0.14 sys=0.00, real=0.02 secs] 
1239.784: [GC [PSYoungGen: 4032607K->57672K(4100224K)] 6700320K->2745306K(7185536K), 0.0243510 secs] [Times: user=0.19 sys=0.00, real=0.02 secs] 
1240.644: [GC [PSYoungGen: 4063368K->49535K(4099776K)] 6751002K->2774809K(7185088K), 0.0266980 secs] [Times: user=0.21 sys=0.00, real=0.02 secs] 
1241.515: [GC [PSYoungGen: 4055231K->30278K(4105408K)] 6780505K->2784337K(7190720K), 0.0201600 secs] [Times: user=0.15 sys=0.01, real=0.02 secs] 
1242.527: [GC [PSYoungGen: 4045318K->44294K(4103936K)] 6799377K->2808092K(7189248K), 0.0209030 secs] [Times: user=0.15 sys=0.00, real=0.02 secs] 
1243.419: [GC [PSYoungGen: 4059334K->39889K(4112576K)] 6823132K->2828830K(7197888K), 0.0390100 secs] [Times: user=0.23 sys=0.00, real=0.13 secs] 
1244.405: [GC [PSYoungGen: 4067729K->34567K(4109568K)] 6856670K->2843520K(7194880K), 0.0194510 secs] [Times: user=0.12 sys=0.01, real=0.02 secs] 
1245.258: [GC [PSYoungGen: 4062407K->54834K(4113536K)] 6871360K->2877914K(7198848K), 0.0220580 secs] [Times: user=0.17 sys=0.00, real=0.02 secs] 
1246.113: [GC [PSYoungGen: 4088626K->80150K(4113984K)] 6911706K->2952290K(7199296K), 0.0358800 secs] [Times: user=0.27 sys=0.00, real=0.04 secs] 
1246.998: [GC [PSYoungGen: 4113942K->40065K(4100544K)] 6986082K->2972026K(7185856K), 0.0286280 secs] [Times: user=0.20 sys=0.00, real=0.03 secs] 
1247.874: [GC [PSYoungGen: 4060289K->46618K(4107264K)] 6992250K->2998258K(7192576K), 0.0219700 secs] [Times: user=0.15 sys=0.00, real=0.02 secs] 
1248.736: [GC [PSYoungGen: 4066842K->56796K(4111168K)] 7018482K->3034656K(7196480K), 0.0355460 secs] [Times: user=0.18 sys=0.00, real=0.03 secs] 
1249.607: [GC [PSYoungGen: 4084700K->37125K(4111040K)] 7062560K->3051633K(7196352K), 0.0231640 secs] [Times: user=0.16 sys=0.00, real=0.02 secs] 
1250.475: [GC [PSYoungGen: 4065029K->43316K(4115456K)] 7079537K->3075434K(7200768K), 0.0210470 secs] [Times: user=0.16 sys=0.00, real=0.02 secs] 
1250.496: [Full GC [PSYoungGen: 43316K->0K(4115456K)] [PSOldGen: 3032118K->1683941K(3240832K)] 3075434K->1683941K(7356288K) [PSPermGen: 2811K->2811K(21248K)], 0.1641940 secs] [Times: user=0.11 sys=0.00, real=0.16 secs] 
1251.502: [GC [PSYoungGen: 4033856K->55265K(4112704K)] 5717797K->1739207K(7353536K), 0.0212330 secs] [Times: user=0.14 sys=0.00, real=0.03 secs] 
1252.362: [GC [PSYoungGen: 4089121K->31923K(4115968K)] 5773063K->1751596K(7356800K), 0.0195570 secs] [Times: user=0.15 sys=0.00, real=0.02 secs] 
1253.219: [GC [PSYoungGen: 4069171K->34497K(4115584K)] 5788844K->1766089K(7356416K), 0.0210410 secs] [Times: user=0.09 sys=0.00, real=0.02 secs] 
1254.075: [GC [PSYoungGen: 4071745K->77073K(4099904K)] 5803337K->1849696K(7340736K), 0.0302950 secs] [Times: user=0.24 sys=0.00, real=0.03 secs] 
1254.954: [GC [PSYoungGen: 4099857K->34735K(4108544K)] 5872480K->1863124K(7349376K), 0.0237290 secs] [Times: user=0.16 sys=0.00, real=0.02 secs] 
1255.809: [GC [PSYoungGen: 4057519K->40749K(4112704K)] 5885908K->1882610K(7353536K), 0.0202360 secs] [Times: user=0.14 sys=0.00, real=0.02 secs] 
1256.669: [GC [PSYoungGen: 4069165K->41823K(4110016K)] 5911026K->1903199K(7350848K), 0.0184660 secs] [Times: user=0.15 sys=0.00, real=0.02 secs] 
1257.524: [GC [PSYoungGen: 4070239K->59243K(4112064K)] 5931615K->1941955K(7352896K), 0.0224610 secs] [Times: user=0.18 sys=0.00, real=0.02 secs] 
1258.387: [GC [PSYoungGen: 4092523K->30084K(4113792K)] 5975235K->1951918K(7354624K), 0.0205740 secs] [Times: user=0.14 sys=0.00, real=0.02 secs] 
1259.247: [GC [PSYoungGen: 4063364K->42941K(4117312K)] 5985198K->1974854K(7358144K), 0.0165050 secs] [Times: user=0.13 sys=0.00, real=0.02 secs] 
1260.106: [GC [PSYoungGen: 4080189K->32572K(4114240K)] 6012102K->1986897K(7355072K), 0.0180030 secs] [Times: user=0.10 sys=0.00, real=0.02 secs] 
1260.975: [GC [PSYoungGen: 4069820K->34981K(4120000K)] 6024145K->2001033K(7360832K), 0.0151630 secs] [Times: user=0.12 sys=0.00, real=0.01 secs] 
1261.834: [GC [PSYoungGen: 4079013K->71555K(4115648K)] 6045065K->2051990K(7356480K), 0.0240220 secs] [Times: user=0.18 sys=0.00, real=0.02 secs] 
1262.704: [GC [PSYoungGen: 4115587K->78286K(4092736K)] 6096022K->2115892K(7333568K), 0.0343000 secs] [Times: user=0.28 sys=0.00, real=0.03 secs] 
1263.576: [GC [PSYoungGen: 4092366K->40666K(4104192K)] 6129972K->2135361K(7345024K), 0.0263810 secs] [Times: user=0.18 sys=0.00, real=0.02 secs] 
1264.441: [GC [PSYoungGen: 4054746K->41555K(4109632K)] 6149441K->2156759K(7350464K), 0.0275330 secs] [Times: user=0.17 sys=0.00, real=0.03 secs] 
1265.304: [GC [PSYoungGen: 4063699K->47274K(4106816K)] 6178903K->2184475K(7347648K), 0.0208840 secs] [Times: user=0.16 sys=0.00, real=0.02 secs] 
1266.164: [GC [PSYoungGen: 4069418K->41341K(4115520K)] 6206619K->2205506K(7356352K), 0.0243670 secs] [Times: user=0.18 sys=0.00, real=0.02 secs] 
1267.035: [GC [PSYoungGen: 4075837K->38332K(4113280K)] 6240002K->2223087K(7354112K), 0.0180500 secs] [Times: user=0.12 sys=0.00, real=0.02 secs] 
1267.887: [GC [PSYoungGen: 4072828K->41174K(4119488K)] 6257583K->2242870K(7360320K), 0.0253490 secs] [Times: user=0.12 sys=0.00, real=0.02 secs] 
1268.746: [GC [PSYoungGen: 4082972K->67102K(4109568K)] 6284668K->2288562K(7350400K), 0.0233480 secs] [Times: user=0.15 sys=0.00, real=0.02 secs] 
1269.607: [GC [PSYoungGen: 4109534K->43046K(4116864K)] 6330994K->2308517K(7357696K), 0.0234110 secs] [Times: user=0.16 sys=0.00, real=0.02 secs] 
1270.472: [GC [PSYoungGen: 4080102K->55445K(4114496K)] 6345573K->2344230K(7355328K), 0.0232270 secs] [Times: user=0.18 sys=0.00, real=0.03 secs] 
1271.343: [GC [PSYoungGen: 4092501K->76762K(4101504K)] 6381286K->2401780K(7342336K), 0.0297480 secs] [Times: user=0.20 sys=0.00, real=0.03 secs] 
1272.221: [GC [PSYoungGen: 4100826K->85092K(4109184K)] 6425844K->2466354K(7350016K), 0.0410840 secs] [Times: user=0.28 sys=0.00, real=0.04 secs] 
1273.085: [GC [PSYoungGen: 4106092K->85105K(4028928K)] 6487354K->2530016K(7269760K), 0.0349840 secs] [Times: user=0.27 sys=0.00, real=0.03 secs] 
1273.946: [GC [PSYoungGen: 4028913K->48137K(4069056K)] 6473824K->2556924K(7309888K), 0.0344780 secs] [Times: user=0.23 sys=0.00, real=0.03 secs] 
1274.796: [GC [PSYoungGen: 3991945K->76004K(4073408K)] 6500732K->2613905K(7314240K), 0.0273200 secs] [Times: user=0.19 sys=0.00, real=0.03 secs] 
1275.644: [GC [PSYoungGen: 4027620K->85184K(4036864K)] 6565521K->2679337K(7277696K), 0.0336830 secs] [Times: user=0.27 sys=0.00, real=0.03 secs] 
1276.505: [GC [PSYoungGen: 4036800K->27432K(4069568K)] 6630953K->2687356K(7310400K), 0.0399670 secs] [Times: user=0.20 sys=0.00, real=0.04 secs] 
1277.365: [GC [PSYoungGen: 3973800K->31482K(4070336K)] 6633724K->2699003K(7311168K), 0.0147220 secs] [Times: user=0.11 sys=0.00, real=0.01 secs] 
1278.205: [GC [PSYoungGen: 3977850K->52644K(4076736K)] 6645371K->2730972K(7317568K), 0.0201280 secs] [Times: user=0.13 sys=0.00, real=0.02 secs] 
1279.043: [GC [PSYoungGen: 4006436K->68342K(4071360K)] 6684764K->2779179K(7312192K), 0.0284680 secs] [Times: user=0.22 sys=0.00, real=0.03 secs] 
1279.889: [GC [PSYoungGen: 4022134K->65003K(4082368K)] 6732971K->2823660K(7323200K), 0.0301280 secs] [Times: user=0.24 sys=0.00, real=0.03 secs] 
1280.740: [GC [PSYoungGen: 4031979K->111925K(4078912K)] 6790636K->2941883K(7319744K), 0.0444560 secs] [Times: user=0.35 sys=0.00, real=0.05 secs] 
1281.624: [GC [PSYoungGen: 4078901K->53308K(4014656K)] 6908859K->2957073K(7255488K), 0.0341480 secs] [Times: user=0.26 sys=0.00, real=0.03 secs] 
1282.464: [GC [PSYoungGen: 3952572K->84670K(4046784K)] 6856337K->3021589K(7287616K), 0.0313340 secs] [Times: user=0.25 sys=0.00, real=0.03 secs] 
1283.325: [GC [PSYoungGen: 3983934K->33587K(4049984K)] 6920853K->3035043K(7290816K), 0.0279220 secs] [Times: user=0.22 sys=0.00, real=0.02 secs] 
1284.164: [GC [PSYoungGen: 3938419K->44623K(4049152K)] 6939875K->3059387K(7289984K), 0.0202190 secs] [Times: user=0.16 sys=0.00, real=0.02 secs] 
1284.994: [GC [PSYoungGen: 3949455K->36489K(4056256K)] 6964219K->3075568K(7297088K), 0.0209220 secs] [Times: user=0.16 sys=0.00, real=0.02 secs] 
1285.833: [GC [PSYoungGen: 3952137K->101461K(4017152K)] 6991216K->3157323K(7257984K), 0.0327630 secs] [Times: user=0.26 sys=0.00, real=0.03 secs] 
1286.683: [GC [PSYoungGen: 4017109K->105140K(4036608K)] 7072971K->3243250K(7277440K), 0.0462440 secs] [Times: user=0.28 sys=0.04, real=0.05 secs] 
1286.729: [Full GC [PSYoungGen: 105140K->0K(4036608K)] [PSOldGen: 3138110K->1521743K(3185216K)] 3243250K->1521743K(7221824K) [PSPermGen: 2811K->2811K(21248K)], 0.1842730 secs] [Times: user=0.18 sys=0.00, real=0.18 secs] 
1287.726: [GC [PSYoungGen: 3891712K->68030K(4043008K)] 5413455K->1589773K(7228224K), 0.0204630 secs] [Times: user=0.14 sys=0.00, real=0.02 secs] 
1288.556: [GC [PSYoungGen: 3959742K->32381K(4051584K)] 5481485K->1604522K(7236800K), 0.0218750 secs] [Times: user=0.18 sys=0.00, real=0.02 secs] 
1289.387: [GC [PSYoungGen: 3940349K->46464K(4050688K)] 5512490K->1630745K(7235904K), 0.0172680 secs] [Times: user=0.13 sys=0.00, real=0.02 secs] 
1290.222: [GC [PSYoungGen: 3954432K->31132K(4057536K)] 5538713K->1642212K(7242752K), 0.0174090 secs] [Times: user=0.14 sys=0.00, real=0.03 secs] 
1291.074: [GC [PSYoungGen: 3950172K->29996K(4055808K)] 5561252K->1653390K(7241024K), 0.0180570 secs] [Times: user=0.11 sys=0.00, real=0.01 secs] 
1291.913: [GC [PSYoungGen: 3949036K->65414K(4064768K)] 5572430K->1699707K(7249984K), 0.0231470 secs] [Times: user=0.15 sys=0.00, real=0.02 secs] 
1292.755: [GC [PSYoungGen: 3995718K->29898K(4059840K)] 5630011K->1710025K(7245056K), 0.0211400 secs] [Times: user=0.16 sys=0.01, real=0.02 secs] 
1293.595: [GC [PSYoungGen: 3960202K->62708K(4071552K)] 5640328K->1752559K(7256768K), 0.0201160 secs] [Times: user=0.15 sys=0.00, real=0.02 secs] 
1294.434: [GC [PSYoungGen: 4006900K->41397K(4066944K)] 5696751K->1774342K(7252160K), 0.0311340 secs] [Times: user=0.19 sys=0.00, real=0.03 secs] 
1295.305: [GC [PSYoungGen: 3985589K->37842K(4079040K)] 5718534K->1792950K(7264256K), 0.0216940 secs] [Times: user=0.15 sys=0.00, real=0.02 secs] 
1296.193: [GC [PSYoungGen: 3998162K->90342K(4050688K)] 5753270K->1863956K(7235904K), 0.0292820 secs] [Times: user=0.18 sys=0.00, real=0.03 secs] 
1297.065: [GC [PSYoungGen: 4050662K->83193K(4065344K)] 5824276K->1918936K(7250560K), 0.0348100 secs] [Times: user=0.28 sys=0.00, real=0.03 secs] 
1297.919: [GC [PSYoungGen: 4025721K->53408K(4068416K)] 5861464K->1951287K(7253632K), 0.0295110 secs] [Times: user=0.23 sys=0.00, real=0.03 secs] 
1298.776: [GC [PSYoungGen: 3995936K->34275K(4075904K)] 5893815K->1965242K(7261120K), 0.0203450 secs] [Times: user=0.14 sys=0.00, real=0.02 secs] 
1299.624: [GC [PSYoungGen: 3989859K->44732K(4073984K)] 5920826K->1989661K(7259200K), 0.0220800 secs] [Times: user=0.15 sys=0.00, real=0.02 secs] 
1300.477: [GC [PSYoungGen: 4000316K->33994K(4082304K)] 5945245K->2003320K(7267520K), 0.0334690 secs] [Times: user=0.23 sys=0.00, real=0.03 secs] 
1301.352: [GC [PSYoungGen: 4002058K->45686K(4080064K)] 5971384K->2028312K(7265280K), 0.0375060 secs] [Times: user=0.22 sys=0.00, real=0.04 secs] 
1302.216: [GC [PSYoungGen: 4013750K->43683K(4090944K)] 5996376K->2051692K(7276160K), 0.0202840 secs] [Times: user=0.14 sys=0.00, real=0.02 secs] 
1303.076: [GC [PSYoungGen: 4027235K->36638K(4086912K)] 6035244K->2068134K(7272128K), 0.0186990 secs] [Times: user=0.15 sys=0.00, real=0.02 secs] 
1303.926: [GC [PSYoungGen: 4020190K->38905K(4096704K)] 6051686K->2086853K(7281920K), 0.0174230 secs] [Times: user=0.14 sys=0.00, real=0.02 secs] 
1304.775: [GC [PSYoungGen: 4034873K->45225K(4093568K)] 6082821K->2112026K(7278784K), 0.0197380 secs] [Times: user=0.13 sys=0.00, real=0.02 secs] 
1305.625: [GC [PSYoungGen: 4041193K->55116K(4102976K)] 6107994K->2147142K(7288192K), 0.0231570 secs] [Times: user=0.16 sys=0.00, real=0.02 secs] 
1306.484: [GC [PSYoungGen: 4064716K->37360K(4100928K)] 6156742K->2164379K(7286144K), 0.0239440 secs] [Times: user=0.16 sys=0.00, real=0.02 secs] 
1307.344: [GC [PSYoungGen: 4046960K->43988K(4108608K)] 6173979K->2188518K(7293824K), 0.0301520 secs] [Times: user=0.18 sys=0.00, real=0.03 secs] 
1308.206: [GC [PSYoungGen: 4063508K->37556K(4105216K)] 6208038K->2206394K(7290432K), 0.0235610 secs] [Times: user=0.14 sys=0.00, real=0.02 secs] 
1309.062: [GC [PSYoungGen: 4057076K->38931K(4113088K)] 6225914K->2225869K(7298304K), 0.0181270 secs] [Times: user=0.15 sys=0.00, real=0.02 secs] 
1309.921: [GC [PSYoungGen: 4068371K->45920K(4110656K)] 6255309K->2252621K(7295872K), 0.0201950 secs] [Times: user=0.16 sys=0.00, real=0.02 secs] 
1310.780: [GC [PSYoungGen: 4075360K->40176K(4118784K)] 6282061K->2274337K(7304000K), 0.0204090 secs] [Times: user=0.14 sys=0.00, real=0.03 secs] 
1311.660: [GC [PSYoungGen: 4081264K->37423K(4116608K)] 6315425K->2291843K(7301824K), 0.0185590 secs] [Times: user=0.15 sys=0.00, real=0.02 secs] 
1312.519: [GC [PSYoungGen: 4078511K->39858K(4122624K)] 6332931K->2311046K(7307840K), 0.0184640 secs] [Times: user=0.13 sys=0.01, real=0.02 secs] 
1313.384: [GC [PSYoungGen: 4088626K->47058K(4120448K)] 6359814K->2336519K(7305664K), 0.0204830 secs] [Times: user=0.17 sys=0.00, real=0.02 secs] 
1314.373: [GC [PSYoungGen: 4095826K->31822K(4124672K)] 6385287K->2347494K(7309888K), 0.0191940 secs] [Times: user=0.14 sys=0.00, real=0.01 secs] 
1315.237: [GC [PSYoungGen: 4086478K->36903K(4124288K)] 6402150K->2365378K(7309504K), 0.0203190 secs] [Times: user=0.13 sys=0.00, real=0.02 secs] 
1316.114: [GC [PSYoungGen: 4091559K->41984K(4128768K)] 6420034K->2387896K(7313984K), 0.0239650 secs] [Times: user=0.11 sys=0.01, real=0.16 secs] 
1317.125: [GC [PSYoungGen: 4102720K->52234K(4126272K)] 6448632K->2420061K(7311488K), 0.0221270 secs] [Times: user=0.17 sys=0.00, real=0.02 secs] 
1318.005: [GC [PSYoungGen: 4112970K->66872K(4082752K)] 6480797K->2477930K(7267968K), 0.0296210 secs] [Times: user=0.24 sys=0.00, real=0.03 secs] 
1318.873: [GC [PSYoungGen: 4082744K->46893K(4105088K)] 6493802K->2506847K(7290304K), 0.0263880 secs] [Times: user=0.18 sys=0.00, real=0.03 secs] 
1319.744: [GC [PSYoungGen: 4062765K->61689K(4106816K)] 6522719K->2548274K(7292032K), 0.0307720 secs] [Times: user=0.19 sys=0.00, real=0.03 secs] 
1320.625: [GC [PSYoungGen: 4082681K->52142K(4107648K)] 6569266K->2580257K(7292864K), 0.0271070 secs] [Times: user=0.21 sys=0.00, real=0.02 secs] 
1321.510: [GC [PSYoungGen: 4073134K->60299K(4110400K)] 6601249K->2616206K(7295616K), 0.0307300 secs] [Times: user=0.22 sys=0.00, real=0.03 secs] 
1322.395: [GC [PSYoungGen: 4087179K->34672K(4110592K)] 6643086K->2629708K(7295808K), 0.0227500 secs] [Times: user=0.18 sys=0.00, real=0.02 secs] 
1323.266: [GC [PSYoungGen: 4061552K->41664K(4112704K)] 6656588K->2650918K(7297920K), 0.0202720 secs] [Times: user=0.13 sys=0.00, real=0.02 secs] 
1324.134: [GC [PSYoungGen: 4070912K->47546K(4110848K)] 6680166K->2678839K(7296064K), 0.0260410 secs] [Times: user=0.17 sys=0.02, real=0.02 secs] 
1325.001: [GC [PSYoungGen: 4076794K->35871K(4116288K)] 6708087K->2694376K(7301504K), 0.0239680 secs] [Times: user=0.16 sys=0.00, real=0.03 secs] 
1325.864: [GC [PSYoungGen: 4073439K->46810K(4115584K)] 6731944K->2720029K(7300800K), 0.0203980 secs] [Times: user=0.17 sys=0.00, real=0.02 secs] 
1326.727: [GC [PSYoungGen: 4084378K->39403K(4120448K)] 6757597K->2738593K(7305664K), 0.0213440 secs] [Times: user=0.17 sys=0.00, real=0.02 secs] 
1327.605: [GC [PSYoungGen: 4084651K->38653K(4119104K)] 6783841K->2757854K(7304320K), 0.0198030 secs] [Times: user=0.15 sys=0.00, real=0.02 secs] 
1328.466: [GC [PSYoungGen: 4083901K->51401K(4122368K)] 6803102K->2789620K(7307584K), 0.0221190 secs] [Times: user=0.17 sys=0.00, real=0.02 secs] 
1329.343: [GC [PSYoungGen: 4101193K->50626K(4121728K)] 6839412K->2820774K(7306944K), 0.0252710 secs] [Times: user=0.20 sys=0.00, real=0.03 secs] 
1330.215: [GC [PSYoungGen: 4100418K->44518K(4125376K)] 6870566K->2845437K(7310592K), 0.0237990 secs] [Times: user=0.19 sys=0.00, real=0.02 secs] 
1331.096: [GC [PSYoungGen: 4099046K->35457K(4123456K)] 6899965K->2860608K(7308672K), 0.0202260 secs] [Times: user=0.16 sys=0.00, real=0.02 secs] 
1331.963: [GC [PSYoungGen: 4089985K->60495K(4119296K)] 6915136K->2900518K(7304512K), 0.0241220 secs] [Times: user=0.14 sys=0.01, real=0.02 secs] 
1332.863: [GC [PSYoungGen: 4111183K->35742K(4122496K)] 6951206K->2915880K(7307712K), 0.0240890 secs] [Times: user=0.17 sys=0.00, real=0.02 secs] 
1333.739: [GC [PSYoungGen: 4086430K->57246K(4119680K)] 6966568K->2952744K(7304896K), 0.0239050 secs] [Times: user=0.16 sys=0.00, real=0.02 secs] 
1334.624: [GC [PSYoungGen: 4105630K->33590K(4121344K)] 7001128K->2966894K(7306560K), 0.0231200 secs] [Times: user=0.18 sys=0.00, real=0.02 secs] 
1335.506: [GC [PSYoungGen: 4081974K->45002K(4124224K)] 7015278K->2993095K(7309440K), 0.0205610 secs] [Times: user=0.16 sys=0.00, real=0.02 secs] 
1336.373: [GC [PSYoungGen: 4096586K->50417K(4121664K)] 7044679K->3023561K(7306880K), 0.0238800 secs] [Times: user=0.16 sys=0.00, real=0.02 secs] 
1337.244: [GC [PSYoungGen: 4102001K->45476K(4127104K)] 7075145K->3048978K(7312320K), 0.0243670 secs] [Times: user=0.19 sys=0.00, real=0.02 secs] 
1338.114: [GC [PSYoungGen: 4103140K->30672K(4124864K)] 7106642K->3059895K(7310080K), 0.0198840 secs] [Times: user=0.16 sys=0.00, real=0.02 secs] 
1339.022: [GC [PSYoungGen: 4088336K->67704K(4102528K)] 7117559K->3112506K(7287744K), 0.0257510 secs] [Times: user=0.18 sys=0.00, real=0.03 secs] 
1339.887: [GC [PSYoungGen: 4102520K->28443K(4063296K)] 7147322K->3118989K(7248512K), 0.0242290 secs] [Times: user=0.14 sys=0.00, real=0.02 secs] 
1340.774: [GC [PSYoungGen: 4063259K->41329K(4116800K)] 7153805K->3140117K(7302016K), 0.0418040 secs] [Times: user=0.27 sys=0.02, real=0.06 secs] 
1341.671: [GC [PSYoungGen: 4078129K->77501K(4114304K)] 7176917K->3200738K(7299520K), 0.0299340 secs] [Times: user=0.24 sys=0.00, real=0.03 secs] 
1342.539: [GC [PSYoungGen: 4114301K->73515K(4076544K)] 7237538K->3254750K(7261760K), 2.0084260 secs] [Times: user=0.61 sys=1.00, real=2.10 secs] 
1344.646: [Full GC [PSYoungGen: 73515K->0K(4076544K)] [PSOldGen: 3181235K->1391575K(3025216K)] 3254750K->1391575K(7101760K) [PSPermGen: 2811K->2811K(21248K)], 0.7675590 secs] [Times: user=0.19 sys=0.01, real=0.81 secs] 
1346.367: [GC [PSYoungGen: 3996544K->97285K(4093888K)] 5388119K->1510048K(7119104K), 0.0267380 secs] [Times: user=0.21 sys=0.00, real=0.03 secs] 
1347.229: [GC [PSYoungGen: 4093829K->72101K(4073792K)] 5506592K->1543356K(7099008K), 0.0309040 secs] [Times: user=0.20 sys=0.01, real=0.03 secs] 
1348.085: [GC [PSYoungGen: 4045477K->93040K(4066432K)] 5516732K->1637431K(7091648K), 0.0379040 secs] [Times: user=0.29 sys=0.00, real=0.03 secs] 
1348.963: [GC [PSYoungGen: 4066416K->69759K(4079488K)] 5610807K->1675707K(7104704K), 0.0320220 secs] [Times: user=0.25 sys=0.00, real=0.03 secs] 
1349.833: [GC [PSYoungGen: 4031487K->41852K(4076544K)] 5637435K->1697109K(7101760K), 0.0237350 secs] [Times: user=0.18 sys=0.00, real=0.02 secs] 
1350.674: [GC [PSYoungGen: 4003580K->56052K(4085184K)] 5658837K->1733307K(7110400K), 0.0221250 secs] [Times: user=0.14 sys=0.00, real=0.02 secs] 
1351.533: [GC [PSYoungGen: 4027828K->32581K(4080896K)] 5705083K->1745986K(7106112K), 0.0197060 secs] [Times: user=0.16 sys=0.00, real=0.02 secs] 
1352.394: [GC [PSYoungGen: 4004357K->32833K(4086080K)] 5717762K->1759049K(7111296K), 0.0143170 secs] [Times: user=0.11 sys=0.00, real=0.01 secs] 
1353.244: [GC [PSYoungGen: 4009857K->42199K(4085248K)] 5736073K->1781466K(7110464K), 0.0169050 secs] [Times: user=0.11 sys=0.00, real=0.01 secs] 
1354.085: [GC [PSYoungGen: 4019223K->46496K(4092864K)] 5758490K->1808423K(7118080K), 0.0198990 secs] [Times: user=0.16 sys=0.00, real=0.02 secs] 
1354.935: [GC [PSYoungGen: 4034144K->49484K(4089088K)] 5796071K->1837878K(7114304K), 0.0214440 secs] [Times: user=0.17 sys=0.00, real=0.02 secs] 
1355.786: [GC [PSYoungGen: 4037132K->44137K(4099904K)] 5825526K->1861803K(7125120K), 0.0203760 secs] [Times: user=0.13 sys=0.00, real=0.02 secs] 
1356.650: [GC [PSYoungGen: 4046761K->29170K(4097024K)] 5864427K->1871070K(7122240K), 0.0519750 secs] [Times: user=0.37 sys=0.00, real=0.05 secs] 
1357.533: [GC [PSYoungGen: 4031794K->40322K(4103040K)] 5873694K->1890885K(7128256K), 0.0152860 secs] [Times: user=0.12 sys=0.00, real=0.01 secs] 
1358.378: [GC [PSYoungGen: 4049282K->44400K(4100224K)] 5899845K->1914312K(7125440K), 0.0190190 secs] [Times: user=0.15 sys=0.00, real=0.02 secs] 
1359.243: [GC [PSYoungGen: 4053360K->29607K(4107264K)] 5923272K->1924249K(7132480K), 0.0165760 secs] [Times: user=0.10 sys=0.00, real=0.02 secs] 
1360.093: [GC [PSYoungGen: 4049127K->35041K(4106560K)] 5943769K->1939680K(7131776K), 0.0222200 secs] [Times: user=0.14 sys=0.00, real=0.02 secs] 
1360.958: [GC [PSYoungGen: 4054561K->50510K(4111424K)] 5959200K->1970774K(7136640K), 0.0196170 secs] [Times: user=0.16 sys=0.00, real=0.02 secs] 
1361.815: [GC [PSYoungGen: 4077006K->46735K(4109376K)] 5997270K->1996527K(7134592K), 0.0218620 secs] [Times: user=0.17 sys=0.00, real=0.02 secs] 
1362.683: [GC [PSYoungGen: 4073231K->54511K(4115008K)] 6023023K->2030025K(7140224K), 0.0228640 secs] [Times: user=0.18 sys=0.00, real=0.03 secs] 
1363.543: [GC [PSYoungGen: 4090031K->45271K(4114816K)] 6065545K->2055445K(7140032K), 0.0227160 secs] [Times: user=0.18 sys=0.00, real=0.02 secs] 
1364.415: [GC [PSYoungGen: 4080591K->30927K(4118272K)] 6090765K->2066410K(7143488K), 0.0174910 secs] [Times: user=0.14 sys=0.00, real=0.01 secs] 
1365.275: [GC [PSYoungGen: 4072847K->38861K(4117952K)] 6108330K->2085657K(7143168K), 0.0178490 secs] [Times: user=0.11 sys=0.00, real=0.01 secs] 
1366.136: [GC [PSYoungGen: 4080781K->44579K(4123200K)] 6127577K->2109564K(7148416K), 0.0191370 secs] [Times: user=0.15 sys=0.00, real=0.03 secs] 
1367.014: [GC [PSYoungGen: 4093731K->34004K(4120256K)] 6158716K->2123057K(7145472K), 0.0180460 secs] [Times: user=0.14 sys=0.00, real=0.01 secs] 
1367.882: [GC [PSYoungGen: 4083156K->34096K(4125184K)] 6172209K->2136953K(7150400K), 0.0156080 secs] [Times: user=0.12 sys=0.00, real=0.02 secs] 
1368.745: [GC [PSYoungGen: 4089072K->67594K(4122624K)] 6191929K->2184495K(7147840K), 0.0237450 secs] [Times: user=0.18 sys=0.00, real=0.06 secs] 
1369.660: [GC [PSYoungGen: 4122570K->58159K(4110848K)] 6239471K->2222631K(7136064K), 0.0295520 secs] [Times: user=0.21 sys=0.00, real=0.03 secs] 
1370.556: [GC [PSYoungGen: 4097327K->66180K(4105408K)] 6261799K->2259428K(7130624K), 0.0271850 secs] [Times: user=0.19 sys=0.00, real=0.03 secs] 
1371.426: [GC [PSYoungGen: 4105348K->57741K(4112256K)] 6298596K->2297153K(7137472K), 0.0280210 secs] [Times: user=0.22 sys=0.00, real=0.03 secs] 
1372.290: [GC [PSYoungGen: 4088205K->59176K(4089664K)] 6327617K->2338298K(7114880K), 0.0282320 secs] [Times: user=0.15 sys=0.00, real=0.03 secs] 
1373.152: [GC [PSYoungGen: 4089640K->41071K(4113600K)] 6368762K->2360894K(7138816K), 0.0239650 secs] [Times: user=0.13 sys=0.01, real=0.03 secs] 
1374.015: [GC [PSYoungGen: 4063658K->80416K(4111744K)] 6383480K->2444160K(7136960K), 0.0300390 secs] [Times: user=0.21 sys=0.00, real=0.03 secs] 
1374.899: [GC [PSYoungGen: 4111712K->82543K(3991040K)] 6475456K->2571676K(7016256K), 0.0434900 secs] [Times: user=0.30 sys=0.00, real=0.04 secs] 
1375.755: [GC [PSYoungGen: 3991023K->141110K(4049600K)] 6480156K->2640273K(7074816K), 0.0337280 secs] [Times: user=0.23 sys=0.00, real=0.03 secs] 
1376.614: [GC [PSYoungGen: 4049590K->43026K(4020544K)] 6548753K->2664078K(7045760K), 0.0449990 secs] [Times: user=0.28 sys=0.00, real=0.04 secs] 
1377.466: [GC [PSYoungGen: 3918866K->26773K(4035072K)] 6539918K->2672058K(7060288K), 0.0175900 secs] [Times: user=0.13 sys=0.00, real=0.02 secs] 
1378.290: [GC [PSYoungGen: 3902613K->39922K(4040448K)] 6547898K->2692804K(7065664K), 0.0166000 secs] [Times: user=0.13 sys=0.00, real=0.02 secs] 
1379.135: [GC [PSYoungGen: 3922098K->38139K(4036032K)] 6574980K->2711190K(7061248K), 0.0193420 secs] [Times: user=0.15 sys=0.00, real=0.02 secs] 
1379.964: [GC [PSYoungGen: 3920315K->29745K(4048064K)] 6593366K->2721467K(7073280K), 0.0170480 secs] [Times: user=0.14 sys=0.00, real=0.01 secs] 
1380.794: [GC [PSYoungGen: 3928305K->51827K(4044800K)] 6620027K->2755606K(7070016K), 0.0206840 secs] [Times: user=0.16 sys=0.00, real=0.02 secs] 
1381.634: [GC [PSYoungGen: 3950387K->36213K(4059904K)] 6654166K->2772832K(7085120K), 0.0223300 secs] [Times: user=0.17 sys=0.00, real=0.02 secs] 
1382.474: [GC [PSYoungGen: 3957365K->32321K(4055552K)] 6693984K->2785301K(7080768K), 0.0170500 secs] [Times: user=0.12 sys=0.00, real=0.01 secs] 
1383.306: [GC [PSYoungGen: 3953473K->45451K(4070016K)] 6706453K->2810745K(7095232K), 0.0203750 secs] [Times: user=0.14 sys=0.00, real=0.02 secs] 
1384.143: [GC [PSYoungGen: 3984843K->40416K(4063680K)] 6750137K->2832343K(7088896K), 0.0255620 secs] [Times: user=0.18 sys=0.00, real=0.03 secs] 
1384.984: [GC [PSYoungGen: 3979808K->48610K(4081344K)] 6771735K->2861873K(7106560K), 0.0222180 secs] [Times: user=0.17 sys=0.00, real=0.02 secs] 
1385.834: [GC [PSYoungGen: 4010722K->62047K(4075072K)] 6823985K->2904259K(7100288K), 0.0271420 secs] [Times: user=0.21 sys=0.00, real=0.02 secs] 
1386.694: [GC [PSYoungGen: 4024159K->51461K(4089216K)] 6866371K->2937438K(7114432K), 0.0275940 secs] [Times: user=0.22 sys=0.00, real=0.02 secs] 
1387.547: [GC [PSYoungGen: 4029893K->34505K(4083520K)] 6915870K->2953651K(7108736K), 0.0212880 secs] [Times: user=0.17 sys=0.00, real=0.02 secs] 
1388.393: [GC [PSYoungGen: 4012937K->43753K(4095552K)] 6932083K->2978524K(7120768K), 0.0201440 secs] [Times: user=0.16 sys=0.00, real=0.02 secs] 
1389.244: [GC [PSYoungGen: 4036457K->73996K(4091456K)] 6971228K->3032826K(7116672K), 0.0284320 secs] [Times: user=0.23 sys=0.00, real=0.08 secs] 
1389.324: [Full GC [PSYoungGen: 73996K->0K(4091456K)] [PSOldGen: 2958829K->868489K(2600896K)] 3032826K->868489K(6692352K) [PSPermGen: 2811K->2811K(21248K)], 0.5855340 secs] [Times: user=0.14 sys=0.04, real=0.58 secs] 
1390.740: [GC [PSYoungGen: 3992704K->54993K(4095552K)] 4861193K->923483K(6696448K), 0.0142990 secs] [Times: user=0.10 sys=0.00, real=0.02 secs] 
1391.583: [GC [PSYoungGen: 4046951K->73780K(4091520K)] 4915440K->981295K(6692416K), 0.0272310 secs] [Times: user=0.20 sys=0.00, real=0.02 secs] 
1392.437: [GC [PSYoungGen: 4066548K->60141K(4094976K)] 4974063K->1023337K(6695872K), 0.0279400 secs] [Times: user=0.22 sys=0.00, real=0.03 secs] 
1393.316: [GC [PSYoungGen: 4053101K->34719K(4092288K)] 5016297K->1038369K(6693184K), 0.0197320 secs] [Times: user=0.15 sys=0.00, real=0.02 secs] 
1394.215: [GC [PSYoungGen: 4027679K->39732K(4098176K)] 5031329K->1058262K(6699072K), 0.0151810 secs] [Times: user=0.12 sys=0.00, real=0.01 secs] 
1395.065: [GC [PSYoungGen: 4039540K->30043K(4095936K)] 5058070K->1068750K(6696832K), 0.0195890 secs] [Times: user=0.14 sys=0.00, real=0.02 secs] 
1395.919: [GC [PSYoungGen: 4029851K->35186K(4100992K)] 5068558K->1083723K(6701888K), 0.0348260 secs] [Times: user=0.25 sys=0.00, real=0.04 secs] 
1396.785: [GC [PSYoungGen: 4040754K->37035K(4098880K)] 5089291K->1101611K(6699776K), 0.0150740 secs] [Times: user=0.12 sys=0.00, real=0.01 secs] 
1397.628: [GC [PSYoungGen: 4042603K->38741K(4106560K)] 5107179K->1120763K(6707456K), 0.0159170 secs] [Times: user=0.12 sys=0.00, real=0.02 secs] 
1398.480: [GC [PSYoungGen: 4054613K->43088K(4103616K)] 5136635K->1144294K(6704512K), 0.0269640 secs] [Times: user=0.16 sys=0.00, real=0.03 secs] 
1399.347: [GC [PSYoungGen: 4058960K->32087K(4111616K)] 5160166K->1156615K(6712512K), 0.0157900 secs] [Times: user=0.13 sys=0.00, real=0.01 secs] 
1400.194: [GC [PSYoungGen: 4059607K->79556K(4107136K)] 5184135K->1216886K(6708032K), 0.0235520 secs] [Times: user=0.18 sys=0.00, real=0.02 secs] 
1401.053: [GC [PSYoungGen: 4107076K->41652K(4104448K)] 5244406K->1229442K(6705344K), 0.0231940 secs] [Times: user=0.15 sys=0.00, real=0.02 secs] 
1401.915: [GC [PSYoungGen: 4058932K->41893K(4105792K)] 5246722K->1252508K(6706688K), 0.0177440 secs] [Times: user=0.14 sys=0.00, real=0.01 secs] 
1402.773: [GC [PSYoungGen: 4059173K->51803K(4110976K)] 5269788K->1285409K(6711872K), 0.0234830 secs] [Times: user=0.14 sys=0.00, real=0.03 secs] 
1403.635: [GC [PSYoungGen: 4077403K->29337K(4108928K)] 5311009K->1295535K(6709824K), 0.0172610 secs] [Times: user=0.14 sys=0.00, real=0.01 secs] 
1404.488: [GC [PSYoungGen: 4054937K->31388K(4112832K)] 5321135K->1307897K(6713728K), 0.0127370 secs] [Times: user=0.10 sys=0.00, real=0.01 secs] 
1405.338: [GC [PSYoungGen: 4061404K->45177K(4111488K)] 5337913K->1333918K(6712384K), 0.0165810 secs] [Times: user=0.13 sys=0.00, real=0.02 secs] 
1406.194: [GC [PSYoungGen: 4075193K->46404K(4118720K)] 5363934K->1360784K(6719616K), 0.0200950 secs] [Times: user=0.16 sys=0.00, real=0.02 secs] 
1407.060: [GC [PSYoungGen: 4086980K->38880K(4116160K)] 5401360K->1380058K(6717056K), 0.0203020 secs] [Times: user=0.14 sys=0.00, real=0.02 secs] 
1407.925: [GC [PSYoungGen: 4079456K->41619K(4123456K)] 5420634K->1402394K(6724352K), 0.0175900 secs] [Times: user=0.14 sys=0.00, real=0.01 secs] 
1408.786: [GC [PSYoungGen: 4091667K->31564K(4120896K)] 5452442K->1414999K(6721792K), 0.0159780 secs] [Times: user=0.12 sys=0.00, real=0.01 secs] 
1409.643: [GC [PSYoungGen: 4081612K->38710K(4126272K)] 5465047K->1434451K(6727168K), 0.0149460 secs] [Times: user=0.11 sys=0.00, real=0.01 secs] 
1410.499: [GC [PSYoungGen: 4094774K->34811K(4124096K)] 5490515K->1448411K(6724992K), 0.0156500 secs] [Times: user=0.12 sys=0.00, real=0.02 secs] 
1411.354: [GC [PSYoungGen: 4090875K->50386K(4125952K)] 5504475K->1479279K(6726848K), 0.0214180 secs] [Times: user=0.15 sys=0.00, real=0.02 secs] 
1412.226: [GC [PSYoungGen: 4109650K->34166K(4126784K)] 5538543K->1495071K(6727680K), 0.0187170 secs] [Times: user=0.14 sys=0.00, real=0.02 secs] 
1413.089: [GC [PSYoungGen: 4093430K->58518K(4120256K)] 5554335K->1534883K(6721152K), 0.0201290 secs] [Times: user=0.15 sys=0.00, real=0.02 secs] 
1413.947: [GC [PSYoungGen: 4112406K->46321K(4124096K)] 5588771K->1560987K(6724992K), 0.0223300 secs] [Times: user=0.18 sys=0.00, real=0.02 secs] 
1414.814: [GC [PSYoungGen: 4100209K->30652K(4126016K)] 5614875K->1572198K(6726912K), 0.0167810 secs] [Times: user=0.13 sys=0.00, real=0.01 secs] 
1415.700: [GC [PSYoungGen: 4087932K->53824K(4111232K)] 5629478K->1607271K(6712128K), 0.0204690 secs] [Times: user=0.14 sys=0.00, real=0.02 secs] 
1416.577: [GC [PSYoungGen: 4111168K->34606K(4125440K)] 5664615K->1619319K(6726336K), 0.0185120 secs] [Times: user=0.14 sys=0.00, real=0.02 secs] 
1417.434: [GC [PSYoungGen: 4090030K->41574K(4124288K)] 5674743K->1641489K(6725184K), 0.0167530 secs] [Times: user=0.11 sys=0.00, real=0.01 secs] 
Heap
 PSYoungGen      total 4124288K, used 3828621K [0x0000000700000000, 0x0000000800000000, 0x0000000800000000)
  eden space 4055424K, 93% used [0x0000000700000000,0x00000007e7249ec8,0x00000007f7860000)
  from space 68864K, 60% used [0x00000007f7860000,0x00000007fa0f98e8,0x00000007fbba0000)
  to   space 66368K, 0% used [0x00000007fbf30000,0x00000007fbf30000,0x0000000800000000)
 PSOldGen        total 2600896K, used 1599915K [0x0000000600000000, 0x000000069ebf0000, 0x0000000700000000)
  object space 2600896K, 61% used [0x0000000600000000,0x0000000661a6ac38,0x000000069ebf0000)
 PSPermGen       total 21248K, used 2824K [0x00000005fae00000, 0x00000005fc2c0000, 0x0000000600000000)
  object space 21248K, 13% used [0x00000005fae00000,0x00000005fb0c2270,0x00000005fc2c0000)


