[0.011s][info][gc] Using Serial
[0.011s][info][gc,heap,coops] Heap address: 0x00000007fc000000, size: 64 MB, Compressed Oops mode: Zero based, Oop shift amount: 3
[11.900s][info][gc,start     ] GC(0) Pause Young (Allocation Failure)
[11.910s][debug][gc,age       ] GC(0) Desired survivor size 1114112 bytes, new threshold 1 (max threshold 15)
[11.910s][info ][gc,heap      ] GC(0) DefNew: 17294K->2176K(19648K)
[11.910s][info ][gc,heap      ] GC(0) Tenured: 0K->1387K(43712K)
[11.910s][info ][gc,metaspace ] GC(0) Metaspace: 16282K->16282K(1064960K)
[11.910s][info ][gc           ] GC(0) Pause Young (Allocation Failure) 16M->3M(61M) 10.585ms
[11.910s][info ][gc,cpu       ] GC(0) User=0.01s Sys=0.00s Real=0.01s
[11.925s][info ][gc,start     ] GC(1) Pause Young (Allocation Failure)
[11.934s][debug][gc,age       ] GC(1) Desired survivor size 1114112 bytes, new threshold 1 (max threshold 15)
[11.934s][info ][gc,heap      ] GC(1) DefNew: 19596K->1985K(19648K)
[11.934s][info ][gc,heap      ] GC(1) Tenured: 1387K->3951K(43712K)
[11.934s][info ][gc,metaspace ] GC(1) Metaspace: 16293K->16293K(1064960K)
[11.934s][info ][gc           ] GC(1) Pause Young (Allocation Failure) 20M->5M(61M) 9.619ms
[11.934s][info ][gc,cpu       ] GC(1) User=0.01s Sys=0.00s Real=0.01s
[11.938s][info ][gc,start     ] GC(2) Pause Young (Allocation Failure)
[11.939s][debug][gc,age       ] GC(2) Desired survivor size 1114112 bytes, new threshold 1 (max threshold 15)
[11.939s][info ][gc,heap      ] GC(2) DefNew: 19455K->1957K(19648K)
[11.939s][info ][gc,heap      ] GC(2) Tenured: 3951K->4370K(43712K)
[11.939s][info ][gc,metaspace ] GC(2) Metaspace: 16294K->16294K(1064960K)
[11.939s][info ][gc           ] GC(2) Pause Young (Allocation Failure) 22M->6M(61M) 1.121ms
[11.939s][info ][gc,cpu       ] GC(2) User=0.00s Sys=0.00s Real=0.00s
[11.940s][info ][gc,start     ] GC(3) Pause Young (Allocation Failure)
[11.942s][debug][gc,age       ] GC(3) Desired survivor size 1114112 bytes, new threshold 1 (max threshold 15)
[11.942s][info ][gc,heap      ] GC(3) DefNew: 19229K->1957K(19648K)
[11.942s][info ][gc,heap      ] GC(3) Tenured: 4370K->5544K(43712K)
[11.942s][info ][gc,metaspace ] GC(3) Metaspace: 16295K->16295K(1064960K)
[11.943s][info ][gc           ] GC(3) Pause Young (Allocation Failure) 23M->7M(61M) 2.209ms
[11.943s][info ][gc,cpu       ] GC(3) User=0.00s Sys=0.00s Real=0.00s
[11.944s][info ][gc,start     ] GC(4) Pause Young (Allocation Failure)
[11.944s][debug][gc,age       ] GC(4) Desired survivor size 1114112 bytes, new threshold 15 (max threshold 15)
[11.945s][info ][gc,heap      ] GC(4) DefNew: 19043K->784K(19648K)
[11.945s][info ][gc,heap      ] GC(4) Tenured: 5544K->5544K(43712K)
[11.945s][info ][gc,metaspace ] GC(4) Metaspace: 16299K->16299K(1064960K)
[11.945s][info ][gc           ] GC(4) Pause Young (Allocation Failure) 24M->6M(61M) 0.573ms
[11.945s][info ][gc,cpu       ] GC(4) User=0.00s Sys=0.00s Real=0.00s
[11.946s][info ][gc,start     ] GC(5) Pause Young (Allocation Failure)
[11.947s][debug][gc,age       ] GC(5) Desired survivor size 1114112 bytes, new threshold 1 (max threshold 15)
[11.947s][info ][gc,heap      ] GC(5) DefNew: 18219K->1957K(19648K)
[11.947s][info ][gc,heap      ] GC(5) Tenured: 5544K->5544K(43712K)
[11.947s][info ][gc,metaspace ] GC(5) Metaspace: 16303K->16303K(1064960K)
[11.947s][info ][gc           ] GC(5) Pause Young (Allocation Failure) 23M->7M(61M) 0.984ms
[11.947s][info ][gc,cpu       ] GC(5) User=0.00s Sys=0.00s Real=0.00s
[11.949s][info ][gc,start     ] GC(6) Pause Young (Allocation Failure)
[11.950s][debug][gc,age       ] GC(6) Desired survivor size 1114112 bytes, new threshold 15 (max threshold 15)
[11.950s][info ][gc,heap      ] GC(6) DefNew: 19237K->393K(19648K)
[11.950s][info ][gc,heap      ] GC(6) Tenured: 5544K->5937K(43712K)
[11.950s][info ][gc,metaspace ] GC(6) Metaspace: 16306K->16306K(1064960K)
[11.950s][info ][gc           ] GC(6) Pause Young (Allocation Failure) 24M->6M(61M) 1.037ms
[11.950s][info ][gc,cpu       ] GC(6) User=0.00s Sys=0.00s Real=0.01s
[11.951s][info ][gc,start     ] GC(7) Pause Young (Allocation Failure)
[11.952s][debug][gc,age       ] GC(7) Desired survivor size 1114112 bytes, new threshold 15 (max threshold 15)
[11.952s][info ][gc,heap      ] GC(7) DefNew: 17623K->393K(19648K)
[11.952s][info ][gc,heap      ] GC(7) Tenured: 5937K->5937K(43712K)
[11.952s][info ][gc,metaspace ] GC(7) Metaspace: 16308K->16308K(1064960K)
[11.952s][info ][gc           ] GC(7) Pause Young (Allocation Failure) 23M->6M(61M) 0.495ms
[11.952s][info ][gc,cpu       ] GC(7) User=0.00s Sys=0.00s Real=0.00s
[11.953s][info ][gc,start     ] GC(8) Pause Young (Allocation Failure)
[11.954s][debug][gc,age       ] GC(8) Desired survivor size 1114112 bytes, new threshold 1 (max threshold 15)
[11.954s][info ][gc,heap      ] GC(8) DefNew: 17699K->1566K(19648K)
[11.954s][info ][gc,heap      ] GC(8) Tenured: 5937K->5937K(43712K)
[11.954s][info ][gc,metaspace ] GC(8) Metaspace: 16315K->16315K(1064960K)
[11.954s][info ][gc           ] GC(8) Pause Young (Allocation Failure) 23M->7M(61M) 0.693ms
[11.954s][info ][gc,cpu       ] GC(8) User=0.00s Sys=0.00s Real=0.00s
[11.955s][info ][gc,start     ] GC(9) Pause Young (Allocation Failure)
[11.956s][debug][gc,age       ] GC(9) Desired survivor size 1114112 bytes, new threshold 1 (max threshold 15)
[11.956s][info ][gc,heap      ] GC(9) DefNew: 18753K->1961K(19648K)
[11.956s][info ][gc,heap      ] GC(9) Tenured: 5937K->5939K(43712K)
[11.956s][info ][gc,metaspace ] GC(9) Metaspace: 16321K->16321K(1064960K)
[11.956s][info ][gc           ] GC(9) Pause Young (Allocation Failure) 24M->7M(61M) 0.895ms
[11.956s][info ][gc,cpu       ] GC(9) User=0.00s Sys=0.00s Real=0.00s
[11.958s][info ][gc,start     ] GC(10) Pause Young (Allocation Failure)
[11.959s][debug][gc,age       ] GC(10) Desired survivor size 1114112 bytes, new threshold 1 (max threshold 15)
[11.959s][info ][gc,heap      ] GC(10) DefNew: 19159K->1182K(19648K)
[11.959s][info ][gc,heap      ] GC(10) Tenured: 5939K->6330K(43712K)
[11.959s][info ][gc,metaspace ] GC(10) Metaspace: 16325K->16325K(1064960K)
[11.959s][info ][gc           ] GC(10) Pause Young (Allocation Failure) 24M->7M(61M) 1.244ms
[11.959s][info ][gc,cpu       ] GC(10) User=0.00s Sys=0.00s Real=0.00s
[11.961s][info ][gc,start     ] GC(11) Pause Young (Allocation Failure)
[11.962s][debug][gc,age       ] GC(11) Desired survivor size 1114112 bytes, new threshold 1 (max threshold 15)
[11.962s][info ][gc,heap      ] GC(11) DefNew: 18653K->1959K(19648K)
[11.962s][info ][gc,heap      ] GC(11) Tenured: 6330K->6723K(43712K)
[11.962s][info ][gc,metaspace ] GC(11) Metaspace: 16330K->16330K(1064960K)
[11.962s][info ][gc           ] GC(11) Pause Young (Allocation Failure) 24M->8M(61M) 0.919ms
[11.962s][info ][gc,cpu       ] GC(11) User=0.00s Sys=0.00s Real=0.00s
[11.963s][info ][gc,start     ] GC(12) Pause Young (Allocation Failure)
[11.964s][debug][gc,age       ] GC(12) Desired survivor size 1114112 bytes, new threshold 1 (max threshold 15)
[11.964s][info ][gc,heap      ] GC(12) DefNew: 19059K->1959K(19648K)
[11.964s][info ][gc,heap      ] GC(12) Tenured: 6723K->7509K(43712K)
[11.964s][info ][gc,metaspace ] GC(12) Metaspace: 16334K->16334K(1064960K)
[11.964s][info ][gc           ] GC(12) Pause Young (Allocation Failure) 25M->9M(61M) 1.253ms
[11.965s][info ][gc,cpu       ] GC(12) User=0.00s Sys=0.00s Real=0.00s
[11.966s][info ][gc,start     ] GC(13) Pause Young (Allocation Failure)
[11.966s][debug][gc,age       ] GC(13) Desired survivor size 1114112 bytes, new threshold 15 (max threshold 15)
[11.966s][info ][gc,heap      ] GC(13) DefNew: 19239K->786K(19648K)
[11.966s][info ][gc,heap      ] GC(13) Tenured: 7509K->7514K(43712K)
[11.966s][info ][gc,metaspace ] GC(13) Metaspace: 16343K->16343K(1064960K)
[11.966s][info ][gc           ] GC(13) Pause Young (Allocation Failure) 26M->8M(61M) 0.502ms
[11.966s][info ][gc,cpu       ] GC(13) User=0.00s Sys=0.00s Real=0.00s
[11.968s][info ][gc,start     ] GC(14) Pause Young (Allocation Failure)
[11.969s][debug][gc,age       ] GC(14) Desired survivor size 1114112 bytes, new threshold 2 (max threshold 15)
[11.969s][info ][gc,heap      ] GC(14) DefNew: 17917K->1189K(19648K)
[11.969s][info ][gc,heap      ] GC(14) Tenured: 7514K->7514K(43712K)
[11.969s][info ][gc,metaspace ] GC(14) Metaspace: 16349K->16349K(1064960K)
[11.969s][info ][gc           ] GC(14) Pause Young (Allocation Failure) 24M->8M(61M) 0.827ms
[11.969s][info ][gc,cpu       ] GC(14) User=0.00s Sys=0.00s Real=0.00s
[11.970s][info ][gc,start     ] GC(15) Pause Young (Allocation Failure)
[11.971s][debug][gc,age       ] GC(15) Desired survivor size 1114112 bytes, new threshold 2 (max threshold 15)
[11.971s][info ][gc,heap      ] GC(15) DefNew: 18661K->1181K(19648K)
[11.971s][info ][gc,heap      ] GC(15) Tenured: 7514K->7517K(43712K)
[11.971s][info ][gc,metaspace ] GC(15) Metaspace: 16350K->16350K(1064960K)
[11.971s][info ][gc           ] GC(15) Pause Young (Allocation Failure) 25M->8M(61M) 0.594ms
[11.971s][info ][gc,cpu       ] GC(15) User=0.00s Sys=0.00s Real=0.00s
[11.972s][info ][gc,start     ] GC(16) Pause Young (Allocation Failure)
[11.973s][debug][gc,age       ] GC(16) Desired survivor size 1114112 bytes, new threshold 1 (max threshold 15)
[11.973s][info ][gc,heap      ] GC(16) DefNew: 18363K->1960K(19648K)
[11.973s][info ][gc,heap      ] GC(16) Tenured: 7517K->7911K(43712K)
[11.973s][info ][gc,metaspace ] GC(16) Metaspace: 16357K->16357K(1064960K)
[11.973s][info ][gc           ] GC(16) Pause Young (Allocation Failure) 25M->9M(61M) 0.812ms
[11.973s][info ][gc,cpu       ] GC(16) User=0.00s Sys=0.00s Real=0.00s
[11.975s][info ][gc,start     ] GC(17) Pause Young (Allocation Failure)
[11.976s][debug][gc,age       ] GC(17) Desired survivor size 1114112 bytes, new threshold 1 (max threshold 15)
[11.976s][info ][gc,heap      ] GC(17) DefNew: 19230K->1962K(19648K)
[11.976s][info ][gc,heap      ] GC(17) Tenured: 7911K->8697K(43712K)
[11.976s][info ][gc,metaspace ] GC(17) Metaspace: 16359K->16359K(1064960K)
[11.976s][info ][gc           ] GC(17) Pause Young (Allocation Failure) 26M->10M(61M) 1.302ms
[11.976s][info ][gc,cpu       ] GC(17) User=0.00s Sys=0.00s Real=0.00s
[11.977s][info ][gc,start     ] GC(18) Pause Young (Allocation Failure)
[11.978s][debug][gc,age       ] GC(18) Desired survivor size 1114112 bytes, new threshold 1 (max threshold 15)
[11.978s][info ][gc,heap      ] GC(18) DefNew: 19143K->1956K(19648K)
[11.978s][info ][gc,heap      ] GC(18) Tenured: 8697K->8704K(43712K)
[11.978s][info ][gc,metaspace ] GC(18) Metaspace: 16367K->16367K(1064960K)
[11.978s][info ][gc           ] GC(18) Pause Young (Allocation Failure) 27M->10M(61M) 0.744ms
[11.978s][info ][gc,cpu       ] GC(18) User=0.00s Sys=0.00s Real=0.00s
[11.980s][info ][gc,start     ] GC(19) Pause Young (Allocation Failure)
[11.980s][debug][gc,age       ] GC(19) Desired survivor size 1114112 bytes, new threshold 1 (max threshold 15)
[11.980s][info ][gc,heap      ] GC(19) DefNew: 19196K->1962K(19648K)
[11.980s][info ][gc,heap      ] GC(19) Tenured: 8704K->8705K(43712K)
[11.980s][info ][gc,metaspace ] GC(19) Metaspace: 16370K->16370K(1064960K)
[11.980s][info ][gc           ] GC(19) Pause Young (Allocation Failure) 27M->10M(61M) 0.758ms
[11.980s][info ][gc,cpu       ] GC(19) User=0.00s Sys=0.00s Real=0.00s
[11.982s][info ][gc,start     ] GC(20) Pause Young (Allocation Failure)
[11.983s][debug][gc,age       ] GC(20) Desired survivor size 1114112 bytes, new threshold 1 (max threshold 15)
[11.983s][info ][gc,heap      ] GC(20) DefNew: 19080K->1960K(19648K)
[11.983s][info ][gc,heap      ] GC(20) Tenured: 8705K->9884K(43712K)
[11.983s][info ][gc,metaspace ] GC(20) Metaspace: 16374K->16374K(1064960K)
[11.983s][info ][gc           ] GC(20) Pause Young (Allocation Failure) 27M->11M(61M) 1.449ms
[11.983s][info ][gc,cpu       ] GC(20) User=0.00s Sys=0.00s Real=0.00s
[11.985s][info ][gc,start     ] GC(21) Pause Young (Allocation Failure)
[11.986s][debug][gc,age       ] GC(21) Desired survivor size 1114112 bytes, new threshold 1 (max threshold 15)
[11.986s][info ][gc,heap      ] GC(21) DefNew: 19168K->1175K(19648K)
[11.986s][info ][gc,heap      ] GC(21) Tenured: 9884K->9887K(43712K)
[11.986s][info ][gc,metaspace ] GC(21) Metaspace: 16379K->16379K(1064960K)
[11.986s][info ][gc           ] GC(21) Pause Young (Allocation Failure) 28M->10M(61M) 0.763ms
[11.986s][info ][gc,cpu       ] GC(21) User=0.00s Sys=0.00s Real=0.00s
[11.987s][info ][gc,start     ] GC(22) Pause Young (Allocation Failure)
[11.988s][debug][gc,age       ] GC(22) Desired survivor size 1114112 bytes, new threshold 1 (max threshold 15)
[11.988s][info ][gc,heap      ] GC(22) DefNew: 18268K->1565K(19648K)
[11.988s][info ][gc,heap      ] GC(22) Tenured: 9887K->9888K(43712K)
[11.988s][info ][gc,metaspace ] GC(22) Metaspace: 16379K->16379K(1064960K)
[11.988s][info ][gc           ] GC(22) Pause Young (Allocation Failure) 27M->11M(61M) 0.571ms
[11.988s][info ][gc,cpu       ] GC(22) User=0.00s Sys=0.00s Real=0.00s
[11.989s][info ][gc,start     ] GC(23) Pause Young (Allocation Failure)
[11.990s][debug][gc,age       ] GC(23) Desired survivor size 1114112 bytes, new threshold 1 (max threshold 15)
[11.990s][info ][gc,heap      ] GC(23) DefNew: 18765K->1956K(19648K)
[11.990s][info ][gc,heap      ] GC(23) Tenured: 9888K->10670K(43712K)
[11.990s][info ][gc,metaspace ] GC(23) Metaspace: 16379K->16379K(1064960K)
[11.990s][info ][gc           ] GC(23) Pause Young (Allocation Failure) 27M->12M(61M) 1.094ms
[11.990s][info ][gc,cpu       ] GC(23) User=0.00s Sys=0.00s Real=0.01s
[11.992s][info ][gc,start     ] GC(24) Pause Young (Allocation Failure)
[11.993s][debug][gc,age       ] GC(24) Desired survivor size 1114112 bytes, new threshold 1 (max threshold 15)
[11.993s][info ][gc,heap      ] GC(24) DefNew: 19135K->1955K(19648K)
[11.993s][info ][gc,heap      ] GC(24) Tenured: 10670K->11062K(43712K)
[11.993s][info ][gc,metaspace ] GC(24) Metaspace: 16380K->16380K(1064960K)
[11.993s][info ][gc           ] GC(24) Pause Young (Allocation Failure) 29M->12M(61M) 1.053ms
[11.993s][info ][gc,cpu       ] GC(24) User=0.00s Sys=0.00s Real=0.00s
[11.994s][info ][gc,start     ] GC(25) Pause Young (Allocation Failure)
[11.994s][debug][gc,age       ] GC(25) Desired survivor size 1114112 bytes, new threshold 1 (max threshold 15)
[11.994s][info ][gc,heap      ] GC(25) DefNew: 19121K->1175K(19648K)
[11.995s][info ][gc,heap      ] GC(25) Tenured: 11062K->11062K(43712K)
[11.995s][info ][gc,metaspace ] GC(25) Metaspace: 16385K->16385K(1064960K)
[11.995s][info ][gc           ] GC(25) Pause Young (Allocation Failure) 29M->11M(61M) 0.616ms
[11.995s][info ][gc,cpu       ] GC(25) User=0.00s Sys=0.00s Real=0.00s
[11.996s][info ][gc,start     ] GC(26) Pause Young (Allocation Failure)
[11.997s][debug][gc,age       ] GC(26) Desired survivor size 1114112 bytes, new threshold 1 (max threshold 15)
[11.997s][info ][gc,heap      ] GC(26) DefNew: 18647K->1175K(19648K)
[11.997s][info ][gc,heap      ] GC(26) Tenured: 11062K->11844K(43712K)
[11.997s][info ][gc,metaspace ] GC(26) Metaspace: 16388K->16388K(1064960K)
[11.997s][info ][gc           ] GC(26) Pause Young (Allocation Failure) 29M->12M(61M) 1.128ms
[11.997s][info ][gc,cpu       ] GC(26) User=0.00s Sys=0.00s Real=0.00s
[11.999s][info ][gc,start     ] GC(27) Pause Young (Allocation Failure)
[12.000s][debug][gc,age       ] GC(27) Desired survivor size 1114112 bytes, new threshold 1 (max threshold 15)
[12.000s][info ][gc,heap      ] GC(27) DefNew: 19023K->1176K(19648K)
[12.000s][info ][gc,heap      ] GC(27) Tenured: 11844K->12237K(43712K)
[12.000s][info ][gc,metaspace ] GC(27) Metaspace: 16388K->16388K(1064960K)
[12.001s][info ][gc           ] GC(27) Pause Young (Allocation Failure) 30M->13M(61M) 1.526ms
[12.001s][info ][gc,cpu       ] GC(27) User=0.00s Sys=0.01s Real=0.01s
[12.001s][info ][gc,start     ] GC(28) Pause Young (GCLocker Initiated GC)
[12.002s][debug][gc,age       ] GC(28) Desired survivor size 1114112 bytes, new threshold 1 (max threshold 15)
[12.002s][info ][gc,heap      ] GC(28) DefNew: 4135K->1954K(19648K)
[12.002s][info ][gc,heap      ] GC(28) Tenured: 12237K->13023K(43712K)
[12.002s][info ][gc,metaspace ] GC(28) Metaspace: 16388K->16388K(1064960K)
[12.002s][info ][gc           ] GC(28) Pause Young (GCLocker Initiated GC) 15M->14M(61M) 1.404ms
[12.002s][info ][gc,cpu       ] GC(28) User=0.00s Sys=0.00s Real=0.00s
[12.004s][info ][gc,start     ] GC(29) Pause Young (Allocation Failure)
[12.005s][debug][gc,age       ] GC(29) Desired survivor size 1114112 bytes, new threshold 15 (max threshold 15)
[12.005s][info ][gc,heap      ] GC(29) DefNew: 19129K->786K(19648K)
[12.005s][info ][gc,heap      ] GC(29) Tenured: 13413K->13413K(43712K)
[12.005s][info ][gc,metaspace ] GC(29) Metaspace: 16388K->16388K(1064960K)
[12.005s][info ][gc           ] GC(29) Pause Young (Allocation Failure) 31M->13M(61M) 0.430ms
[12.005s][info ][gc,cpu       ] GC(29) User=0.00s Sys=0.00s Real=0.00s
[12.005s][info ][gc,start     ] GC(30) Pause Young (GCLocker Initiated GC)
[12.005s][debug][gc,age       ] GC(30) Desired survivor size 1114112 bytes, new threshold 2 (max threshold 15)
[12.005s][info ][gc,heap      ] GC(30) DefNew: 1567K->1567K(19648K)
[12.005s][info ][gc,heap      ] GC(30) Tenured: 13413K->13413K(43712K)
[12.005s][info ][gc,metaspace ] GC(30) Metaspace: 16388K->16388K(1064960K)
[12.005s][info ][gc           ] GC(30) Pause Young (GCLocker Initiated GC) 14M->14M(61M) 0.384ms
[12.005s][info ][gc,cpu       ] GC(30) User=0.00s Sys=0.00s Real=0.00s
[12.007s][info ][gc,start     ] GC(31) Pause Young (Allocation Failure)
[12.008s][debug][gc,age       ] GC(31) Desired survivor size 1114112 bytes, new threshold 1 (max threshold 15)
[12.008s][info ][gc,heap      ] GC(31) DefNew: 18648K->1173K(19648K)
[12.008s][info ][gc,heap      ] GC(31) Tenured: 13413K->13807K(43712K)
[12.008s][info ][gc,metaspace ] GC(31) Metaspace: 16388K->16388K(1064960K)
[12.008s][info ][gc           ] GC(31) Pause Young (Allocation Failure) 31M->14M(61M) 0.762ms
[12.008s][info ][gc,cpu       ] GC(31) User=0.00s Sys=0.00s Real=0.00s
[12.009s][info ][gc,start     ] GC(32) Pause Young (Allocation Failure)
[12.010s][debug][gc,age       ] GC(32) Desired survivor size 1114112 bytes, new threshold 15 (max threshold 15)
[12.010s][info ][gc,heap      ] GC(32) DefNew: 18323K->783K(19648K)
[12.010s][info ][gc,heap      ] GC(32) Tenured: 13807K->13808K(43712K)
[12.010s][info ][gc,metaspace ] GC(32) Metaspace: 16388K->16388K(1064960K)
[12.010s][info ][gc           ] GC(32) Pause Young (Allocation Failure) 31M->14M(61M) 0.571ms
[12.010s][info ][gc,cpu       ] GC(32) User=0.00s Sys=0.00s Real=0.01s
[12.011s][info ][gc,start     ] GC(33) Pause Young (Allocation Failure)
[12.012s][debug][gc,age       ] GC(33) Desired survivor size 1114112 bytes, new threshold 1 (max threshold 15)
[12.013s][info ][gc,heap      ] GC(33) DefNew: 17933K->1959K(19648K)
[12.013s][info ][gc,heap      ] GC(33) Tenured: 13808K->14980K(43712K)
[12.013s][info ][gc,metaspace ] GC(33) Metaspace: 16388K->16388K(1064960K)
[12.013s][info ][gc           ] GC(33) Pause Young (Allocation Failure) 30M->16M(61M) 1.986ms
[12.013s][info ][gc,cpu       ] GC(33) User=0.00s Sys=0.00s Real=0.00s
[12.015s][info ][gc,start     ] GC(34) Pause Young (Allocation Failure)
[12.015s][debug][gc,age       ] GC(34) Desired survivor size 1114112 bytes, new threshold 1 (max threshold 15)
[12.015s][info ][gc,heap      ] GC(34) DefNew: 19109K->1564K(19648K)
[12.015s][info ][gc,heap      ] GC(34) Tenured: 14980K->14981K(43712K)
[12.015s][info ][gc,metaspace ] GC(34) Metaspace: 16388K->16388K(1064960K)
[12.015s][info ][gc           ] GC(34) Pause Young (Allocation Failure) 33M->16M(61M) 0.642ms
[12.015s][info ][gc,cpu       ] GC(34) User=0.00s Sys=0.00s Real=0.00s
[12.017s][info ][gc,start     ] GC(35) Pause Young (Allocation Failure)
[12.018s][debug][gc,age       ] GC(35) Desired survivor size 1114112 bytes, new threshold 15 (max threshold 15)
[12.018s][info ][gc,heap      ] GC(35) DefNew: 18727K->785K(19648K)
[12.018s][info ][gc,heap      ] GC(35) Tenured: 14981K->15763K(43712K)
[12.018s][info ][gc,metaspace ] GC(35) Metaspace: 16389K->16389K(1064960K)
[12.018s][info ][gc           ] GC(35) Pause Young (Allocation Failure) 32M->16M(61M) 1.201ms
[12.018s][info ][gc,cpu       ] GC(35) User=0.00s Sys=0.00s Real=0.00s
[12.020s][info ][gc,start     ] GC(36) Pause Young (Allocation Failure)
[12.020s][debug][gc,age       ] GC(36) Desired survivor size 1114112 bytes, new threshold 1 (max threshold 15)
[12.020s][info ][gc,heap      ] GC(36) DefNew: 17915K->1175K(19648K)
[12.020s][info ][gc,heap      ] GC(36) Tenured: 15763K->15763K(43712K)
[12.020s][info ][gc,metaspace ] GC(36) Metaspace: 16389K->16389K(1064960K)
[12.020s][info ][gc           ] GC(36) Pause Young (Allocation Failure) 32M->16M(61M) 0.661ms
[12.020s][info ][gc,cpu       ] GC(36) User=0.00s Sys=0.00s Real=0.00s
[12.022s][info ][gc,start     ] GC(37) Pause Young (Allocation Failure)
[12.023s][debug][gc,age       ] GC(37) Desired survivor size 1114112 bytes, new threshold 1 (max threshold 15)
[12.023s][info ][gc,heap      ] GC(37) DefNew: 18322K->1954K(19648K)
[12.023s][info ][gc,heap      ] GC(37) Tenured: 15763K->16547K(43712K)
[12.023s][info ][gc,metaspace ] GC(37) Metaspace: 16395K->16395K(1064960K)
[12.023s][info ][gc           ] GC(37) Pause Young (Allocation Failure) 33M->18M(61M) 1.067ms
[12.023s][info ][gc,cpu       ] GC(37) User=0.00s Sys=0.00s Real=0.00s
[12.024s][info ][gc,start     ] GC(38) Pause Young (Allocation Failure)
[12.025s][debug][gc,age       ] GC(38) Desired survivor size 1114112 bytes, new threshold 1 (max threshold 15)
[12.025s][info ][gc,heap      ] GC(38) DefNew: 19068K->1954K(19648K)
[12.025s][info ][gc,heap      ] GC(38) Tenured: 16547K->17328K(43712K)
[12.025s][info ][gc,metaspace ] GC(38) Metaspace: 16395K->16395K(1064960K)
[12.025s][info ][gc           ] GC(38) Pause Young (Allocation Failure) 34M->18M(61M) 1.082ms
[12.025s][info ][gc,cpu       ] GC(38) User=0.00s Sys=0.00s Real=0.00s
[12.027s][info ][gc,start     ] GC(39) Pause Young (Allocation Failure)
[12.028s][debug][gc,age       ] GC(39) Desired survivor size 1114112 bytes, new threshold 1 (max threshold 15)
[12.028s][info ][gc,heap      ] GC(39) DefNew: 19133K->1563K(19648K)
[12.028s][info ][gc,heap      ] GC(39) Tenured: 17328K->17719K(43712K)
[12.028s][info ][gc,metaspace ] GC(39) Metaspace: 16396K->16396K(1064960K)
[12.028s][info ][gc           ] GC(39) Pause Young (Allocation Failure) 35M->18M(61M) 1.143ms
[12.028s][info ][gc,cpu       ] GC(39) User=0.00s Sys=0.00s Real=0.00s
[12.029s][info ][gc,start     ] GC(40) Pause Young (Allocation Failure)
[12.030s][debug][gc,age       ] GC(40) Desired survivor size 1114112 bytes, new threshold 1 (max threshold 15)
[12.030s][info ][gc,heap      ] GC(40) DefNew: 18774K->1955K(19648K)
[12.030s][info ][gc,heap      ] GC(40) Tenured: 17719K->17720K(43712K)
[12.030s][info ][gc,metaspace ] GC(40) Metaspace: 16396K->16396K(1064960K)
[12.030s][info ][gc           ] GC(40) Pause Young (Allocation Failure) 35M->19M(61M) 0.514ms
[12.030s][info ][gc,cpu       ] GC(40) User=0.00s Sys=0.00s Real=0.01s
[12.031s][info ][gc,start     ] GC(41) Pause Young (Allocation Failure)
[12.031s][debug][gc,age       ] GC(41) Desired survivor size 1114112 bytes, new threshold 1 (max threshold 15)
[12.031s][info ][gc,heap      ] GC(41) DefNew: 19143K->1954K(19648K)
[12.031s][info ][gc,heap      ] GC(41) Tenured: 17720K->17720K(43712K)
[12.031s][info ][gc,metaspace ] GC(41) Metaspace: 16396K->16396K(1064960K)
[12.031s][info ][gc           ] GC(41) Pause Young (Allocation Failure) 35M->19M(61M) 0.471ms
[12.032s][info ][gc,cpu       ] GC(41) User=0.00s Sys=0.00s Real=0.00s
[12.033s][info ][gc,start     ] GC(42) Pause Young (Allocation Failure)
[12.034s][debug][gc,age       ] GC(42) Desired survivor size 1114112 bytes, new threshold 1 (max threshold 15)
[12.034s][info ][gc,heap      ] GC(42) DefNew: 19118K->1564K(19648K)
[12.034s][info ][gc,heap      ] GC(42) Tenured: 17720K->18111K(43712K)
[12.034s][info ][gc,metaspace ] GC(42) Metaspace: 16396K->16396K(1064960K)
[12.034s][info ][gc           ] GC(42) Pause Young (Allocation Failure) 35M->19M(61M) 0.793ms
[12.034s][info ][gc,cpu       ] GC(42) User=0.00s Sys=0.00s Real=0.00s
[12.035s][info ][gc,start     ] GC(43) Pause Young (Allocation Failure)
[12.036s][debug][gc,age       ] GC(43) Desired survivor size 1114112 bytes, new threshold 1 (max threshold 15)
[12.036s][info ][gc,heap      ] GC(43) DefNew: 18781K->1955K(19648K)
[12.036s][info ][gc,heap      ] GC(43) Tenured: 18111K->18111K(43712K)
[12.036s][info ][gc,metaspace ] GC(43) Metaspace: 16396K->16396K(1064960K)
[12.036s][info ][gc           ] GC(43) Pause Young (Allocation Failure) 36M->19M(61M) 0.565ms
[12.036s][info ][gc,cpu       ] GC(43) User=0.00s Sys=0.00s Real=0.00s
[12.037s][info ][gc,start     ] GC(44) Pause Young (Allocation Failure)
[12.037s][debug][gc,age       ] GC(44) Desired survivor size 1114112 bytes, new threshold 1 (max threshold 15)
[12.037s][info ][gc,heap      ] GC(44) DefNew: 19145K->1954K(19648K)
[12.037s][info ][gc,heap      ] GC(44) Tenured: 18111K->18112K(43712K)
[12.037s][info ][gc,metaspace ] GC(44) Metaspace: 16396K->16396K(1064960K)
[12.037s][info ][gc           ] GC(44) Pause Young (Allocation Failure) 36M->19M(61M) 0.456ms
[12.037s][info ][gc,cpu       ] GC(44) User=0.00s Sys=0.00s Real=0.00s
[12.039s][info ][gc,start     ] GC(45) Pause Young (Allocation Failure)
[12.039s][debug][gc,age       ] GC(45) Desired survivor size 1114112 bytes, new threshold 1 (max threshold 15)
[12.039s][info ][gc,heap      ] GC(45) DefNew: 19411K->1564K(19648K)
[12.039s][info ][gc,heap      ] GC(45) Tenured: 18112K->18112K(43712K)
[12.039s][info ][gc,metaspace ] GC(45) Metaspace: 16397K->16397K(1064960K)
[12.039s][info ][gc           ] GC(45) Pause Young (Allocation Failure) 36M->19M(61M) 0.518ms
[12.039s][info ][gc,cpu       ] GC(45) User=0.00s Sys=0.00s Real=0.01s
[12.041s][info ][gc,start     ] GC(46) Pause Young (Allocation Failure)
[12.041s][debug][gc,age       ] GC(46) Desired survivor size 1114112 bytes, new threshold 1 (max threshold 15)
[12.041s][info ][gc,heap      ] GC(46) DefNew: 18760K->1955K(19648K)
[12.041s][info ][gc,heap      ] GC(46) Tenured: 18112K->18112K(43712K)
[12.041s][info ][gc,metaspace ] GC(46) Metaspace: 16397K->16397K(1064960K)
[12.041s][info ][gc           ] GC(46) Pause Young (Allocation Failure) 36M->19M(61M) 0.443ms
[12.041s][info ][gc,cpu       ] GC(46) User=0.00s Sys=0.00s Real=0.00s
[12.042s][info ][gc,start     ] GC(47) Pause Young (Allocation Failure)
[12.043s][debug][gc,age       ] GC(47) Desired survivor size 1114112 bytes, new threshold 1 (max threshold 15)
[12.043s][info ][gc,heap      ] GC(47) DefNew: 19131K->1955K(19648K)
[12.043s][info ][gc,heap      ] GC(47) Tenured: 18112K->18503K(43712K)
[12.043s][info ][gc,metaspace ] GC(47) Metaspace: 16397K->16397K(1064960K)
[12.043s][info ][gc           ] GC(47) Pause Young (Allocation Failure) 36M->19M(61M) 0.902ms
[12.043s][info ][gc,cpu       ] GC(47) User=0.01s Sys=0.00s Real=0.00s
[12.045s][info ][gc,start     ] GC(48) Pause Young (Allocation Failure)
[12.045s][debug][gc,age       ] GC(48) Desired survivor size 1114112 bytes, new threshold 15 (max threshold 15)
[12.045s][info ][gc,heap      ] GC(48) DefNew: 19118K->782K(19648K)
[12.045s][info ][gc,heap      ] GC(48) Tenured: 18503K->18894K(43712K)
[12.045s][info ][gc,metaspace ] GC(48) Metaspace: 16397K->16397K(1064960K)
[12.045s][info ][gc           ] GC(48) Pause Young (Allocation Failure) 36M->19M(61M) 0.667ms
[12.045s][info ][gc,cpu       ] GC(48) User=0.00s Sys=0.00s Real=0.00s
[12.047s][info ][gc,start     ] GC(49) Pause Young (Allocation Failure)
[12.047s][debug][gc,age       ] GC(49) Desired survivor size 1114112 bytes, new threshold 1 (max threshold 15)
[12.047s][info ][gc,heap      ] GC(49) DefNew: 18254K->1954K(19648K)
[12.047s][info ][gc,heap      ] GC(49) Tenured: 18894K->18894K(43712K)
[12.047s][info ][gc,metaspace ] GC(49) Metaspace: 16397K->16397K(1064960K)
[12.047s][info ][gc           ] GC(49) Pause Young (Allocation Failure) 36M->20M(61M) 0.508ms
[12.047s][info ][gc,cpu       ] GC(49) User=0.00s Sys=0.00s Real=0.00s
[12.048s][info ][gc,start     ] GC(50) Pause Young (Allocation Failure)
[12.050s][debug][gc,age       ] GC(50) Desired survivor size 1114112 bytes, new threshold 1 (max threshold 15)
[12.050s][info ][gc,heap      ] GC(50) DefNew: 19078K->1954K(19648K)
[12.050s][info ][gc,heap      ] GC(50) Tenured: 18894K->20457K(43712K)
[12.050s][info ][gc,metaspace ] GC(50) Metaspace: 16397K->16397K(1064960K)
[12.050s][info ][gc           ] GC(50) Pause Young (Allocation Failure) 37M->21M(61M) 2.080ms
[12.050s][info ][gc,cpu       ] GC(50) User=0.00s Sys=0.00s Real=0.01s
[12.052s][info ][gc,start     ] GC(51) Pause Young (Allocation Failure)
[12.053s][debug][gc,age       ] GC(51) Desired survivor size 1114112 bytes, new threshold 1 (max threshold 15)
[12.053s][info ][gc,heap      ] GC(51) DefNew: 19132K->1173K(19648K)
[12.053s][info ][gc,heap      ] GC(51) Tenured: 20457K->20848K(43712K)
[12.053s][info ][gc,metaspace ] GC(51) Metaspace: 16397K->16397K(1064960K)
[12.053s][info ][gc           ] GC(51) Pause Young (Allocation Failure) 38M->21M(61M) 0.883ms
[12.053s][info ][gc,cpu       ] GC(51) User=0.00s Sys=0.00s Real=0.00s
[12.054s][info ][gc,start     ] GC(52) Pause Young (Allocation Failure)
[12.054s][debug][gc,age       ] GC(52) Desired survivor size 1114112 bytes, new threshold 1 (max threshold 15)
[12.054s][info ][gc,heap      ] GC(52) DefNew: 18338K->1564K(19648K)
[12.054s][info ][gc,heap      ] GC(52) Tenured: 20848K->20848K(43712K)
[12.054s][info ][gc,metaspace ] GC(52) Metaspace: 16397K->16397K(1064960K)
[12.054s][info ][gc           ] GC(52) Pause Young (Allocation Failure) 38M->21M(61M) 0.456ms
[12.054s][info ][gc,cpu       ] GC(52) User=0.00s Sys=0.00s Real=0.00s
[12.056s][info ][gc,start     ] GC(53) Pause Young (Allocation Failure)
[12.056s][debug][gc,age       ] GC(53) Desired survivor size 1114112 bytes, new threshold 15 (max threshold 15)
[12.056s][info ][gc,heap      ] GC(53) DefNew: 19036K->782K(19648K)
[12.056s][info ][gc,heap      ] GC(53) Tenured: 20848K->20848K(43712K)
[12.056s][info ][gc,metaspace ] GC(53) Metaspace: 16397K->16397K(1064960K)
[12.056s][info ][gc           ] GC(53) Pause Young (Allocation Failure) 38M->21M(61M) 0.371ms
[12.056s][info ][gc,cpu       ] GC(53) User=0.00s Sys=0.00s Real=0.00s
[12.057s][info ][gc,start     ] GC(54) Pause Young (Allocation Failure)
[12.058s][debug][gc,age       ] GC(54) Desired survivor size 1114112 bytes, new threshold 1 (max threshold 15)
[12.058s][info ][gc,heap      ] GC(54) DefNew: 17920K->1955K(19648K)
[12.058s][info ][gc,heap      ] GC(54) Tenured: 20848K->20848K(43712K)
[12.058s][info ][gc,metaspace ] GC(54) Metaspace: 16397K->16397K(1064960K)
[12.058s][info ][gc           ] GC(54) Pause Young (Allocation Failure) 37M->22M(61M) 0.501ms
[12.058s][info ][gc,cpu       ] GC(54) User=0.00s Sys=0.00s Real=0.00s
[12.059s][info ][gc,start     ] GC(55) Pause Young (Allocation Failure)
[12.060s][debug][gc,age       ] GC(55) Desired survivor size 1114112 bytes, new threshold 1 (max threshold 15)
[12.060s][info ][gc,heap      ] GC(55) DefNew: 19126K->1173K(19648K)
[12.060s][info ][gc,heap      ] GC(55) Tenured: 20848K->20848K(43712K)
[12.060s][info ][gc,metaspace ] GC(55) Metaspace: 16397K->16397K(1064960K)
[12.060s][info ][gc           ] GC(55) Pause Young (Allocation Failure) 39M->21M(61M) 0.604ms
[12.060s][info ][gc,cpu       ] GC(55) User=0.00s Sys=0.00s Real=0.01s
[12.061s][info ][gc,start     ] GC(56) Pause Young (Allocation Failure)
[12.062s][debug][gc,age       ] GC(56) Desired survivor size 1114112 bytes, new threshold 1 (max threshold 15)
[12.062s][info ][gc,heap      ] GC(56) DefNew: 18645K->1954K(19648K)
[12.062s][info ][gc,heap      ] GC(56) Tenured: 20848K->22021K(43712K)
[12.062s][info ][gc,metaspace ] GC(56) Metaspace: 16397K->16397K(1064960K)
[12.062s][info ][gc           ] GC(56) Pause Young (Allocation Failure) 38M->23M(61M) 1.216ms
[12.062s][info ][gc,cpu       ] GC(56) User=0.00s Sys=0.00s Real=0.00s
[12.064s][info ][gc,start     ] GC(57) Pause Young (Allocation Failure)
[12.064s][debug][gc,age       ] GC(57) Desired survivor size 1114112 bytes, new threshold 1 (max threshold 15)
[12.064s][info ][gc,heap      ] GC(57) DefNew: 19122K->1174K(19648K)
[12.064s][info ][gc,heap      ] GC(57) Tenured: 22021K->22021K(43712K)
[12.064s][info ][gc,metaspace ] GC(57) Metaspace: 16397K->16397K(1064960K)
[12.064s][info ][gc           ] GC(57) Pause Young (Allocation Failure) 40M->22M(61M) 0.427ms
[12.064s][info ][gc,cpu       ] GC(57) User=0.00s Sys=0.00s Real=0.00s
[12.065s][info ][gc,start     ] GC(58) Pause Young (Allocation Failure)
[12.066s][debug][gc,age       ] GC(58) Desired survivor size 1114112 bytes, new threshold 1 (max threshold 15)
[12.066s][info ][gc,heap      ] GC(58) DefNew: 18332K->1564K(19648K)
[12.066s][info ][gc,heap      ] GC(58) Tenured: 22021K->22412K(43712K)
[12.066s][info ][gc,metaspace ] GC(58) Metaspace: 16397K->16397K(1064960K)
[12.066s][info ][gc           ] GC(58) Pause Young (Allocation Failure) 39M->23M(61M) 0.836ms
[12.066s][info ][gc,cpu       ] GC(58) User=0.00s Sys=0.01s Real=0.00s
[12.067s][info ][gc,start     ] GC(59) Pause Young (Allocation Failure)
[12.068s][debug][gc,age       ] GC(59) Desired survivor size 1114112 bytes, new threshold 1 (max threshold 15)
[12.068s][info ][gc,heap      ] GC(59) DefNew: 18688K->1173K(19648K)
[12.068s][info ][gc,heap      ] GC(59) Tenured: 22412K->22412K(43712K)
[12.068s][info ][gc,metaspace ] GC(59) Metaspace: 16397K->16397K(1064960K)
[12.068s][info ][gc           ] GC(59) Pause Young (Allocation Failure) 40M->23M(61M) 0.436ms
[12.068s][info ][gc,cpu       ] GC(59) User=0.00s Sys=0.00s Real=0.00s
[12.069s][info ][gc,start     ] GC(60) Pause Young (Allocation Failure)
[12.070s][debug][gc,age       ] GC(60) Desired survivor size 1114112 bytes, new threshold 1 (max threshold 15)
[12.070s][info ][gc,heap      ] GC(60) DefNew: 18329K->1955K(19648K)
[12.070s][info ][gc,heap      ] GC(60) Tenured: 22412K->22802K(43712K)
[12.070s][info ][gc,metaspace ] GC(60) Metaspace: 16397K->16397K(1064960K)
[12.070s][info ][gc           ] GC(60) Pause Young (Allocation Failure) 39M->24M(61M) 1.241ms
[12.070s][info ][gc,cpu       ] GC(60) User=0.00s Sys=0.00s Real=0.01s
[12.071s][info ][gc,start     ] GC(61) Pause Young (Allocation Failure)
[12.072s][debug][gc,age       ] GC(61) Desired survivor size 1114112 bytes, new threshold 1 (max threshold 15)
[12.072s][info ][gc,heap      ] GC(61) DefNew: 19056K->1954K(19648K)
[12.072s][info ][gc,heap      ] GC(61) Tenured: 22802K->23193K(43712K)
[12.072s][info ][gc,metaspace ] GC(61) Metaspace: 16397K->16397K(1064960K)
[12.072s][info ][gc           ] GC(61) Pause Young (Allocation Failure) 40M->24M(61M) 0.703ms
[12.072s][info ][gc,cpu       ] GC(61) User=0.00s Sys=0.00s Real=0.00s
[12.074s][info ][gc,start     ] GC(62) Pause Young (Allocation Failure)
[12.074s][debug][gc,age       ] GC(62) Desired survivor size 1114112 bytes, new threshold 1 (max threshold 15)
[12.074s][info ][gc,heap      ] GC(62) DefNew: 19072K->1955K(19648K)
[12.074s][info ][gc,heap      ] GC(62) Tenured: 23193K->23584K(43712K)
[12.074s][info ][gc,metaspace ] GC(62) Metaspace: 16397K->16397K(1064960K)
[12.074s][info ][gc           ] GC(62) Pause Young (Allocation Failure) 41M->24M(61M) 0.814ms
[12.074s][info ][gc,cpu       ] GC(62) User=0.00s Sys=0.00s Real=0.00s
[12.076s][info ][gc,start     ] GC(63) Pause Young (Allocation Failure)
[12.076s][debug][gc,age       ] GC(63) Desired survivor size 1114112 bytes, new threshold 1 (max threshold 15)
[12.076s][info ][gc,heap      ] GC(63) DefNew: 19077K->1955K(19648K)
[12.076s][info ][gc,heap      ] GC(63) Tenured: 23584K->23585K(43712K)
[12.076s][info ][gc,metaspace ] GC(63) Metaspace: 16397K->16397K(1064960K)
[12.076s][info ][gc           ] GC(63) Pause Young (Allocation Failure) 41M->24M(61M) 0.635ms
[12.076s][info ][gc,cpu       ] GC(63) User=0.00s Sys=0.00s Real=0.00s
[12.077s][info ][gc,start     ] GC(64) Pause Young (Allocation Failure)
[12.078s][debug][gc,age       ] GC(64) Desired survivor size 1114112 bytes, new threshold 1 (max threshold 15)
[12.078s][info ][gc,heap      ] GC(64) DefNew: 19078K->1564K(19648K)
[12.078s][info ][gc,heap      ] GC(64) Tenured: 23585K->23976K(43712K)
[12.078s][info ][gc,metaspace ] GC(64) Metaspace: 16397K->16397K(1064960K)
[12.078s][info ][gc           ] GC(64) Pause Young (Allocation Failure) 41M->24M(61M) 0.677ms
[12.078s][info ][gc,cpu       ] GC(64) User=0.00s Sys=0.00s Real=0.00s
[12.079s][info ][gc,start     ] GC(65) Pause Young (Allocation Failure)
[12.080s][debug][gc,age       ] GC(65) Desired survivor size 1114112 bytes, new threshold 1 (max threshold 15)
[12.080s][info ][gc,heap      ] GC(65) DefNew: 18744K->1955K(19648K)
[12.080s][info ][gc,heap      ] GC(65) Tenured: 23976K->23976K(43712K)
[12.080s][info ][gc,metaspace ] GC(65) Metaspace: 16397K->16397K(1064960K)
[12.080s][info ][gc           ] GC(65) Pause Young (Allocation Failure) 41M->25M(61M) 0.487ms
[12.080s][info ][gc,cpu       ] GC(65) User=0.00s Sys=0.00s Real=0.00s
[12.081s][info ][gc,start     ] GC(66) Pause Young (Allocation Failure)
[12.082s][debug][gc,age       ] GC(66) Desired survivor size 1114112 bytes, new threshold 1 (max threshold 15)
[12.082s][info ][gc,heap      ] GC(66) DefNew: 19121K->1954K(19648K)
[12.082s][info ][gc,heap      ] GC(66) Tenured: 23976K->24367K(43712K)
[12.082s][info ][gc,metaspace ] GC(66) Metaspace: 16397K->16397K(1064960K)
[12.082s][info ][gc           ] GC(66) Pause Young (Allocation Failure) 42M->25M(61M) 0.780ms
[12.082s][info ][gc,cpu       ] GC(66) User=0.00s Sys=0.00s Real=0.00s
[12.083s][info ][gc,start     ] GC(67) Pause Young (Allocation Failure)
[12.084s][debug][gc,age       ] GC(67) Desired survivor size 1114112 bytes, new threshold 1 (max threshold 15)
[12.084s][info ][gc,heap      ] GC(67) DefNew: 19111K->1955K(19648K)
[12.084s][info ][gc,heap      ] GC(67) Tenured: 24367K->24367K(43712K)
[12.084s][info ][gc,metaspace ] GC(67) Metaspace: 16397K->16397K(1064960K)
[12.084s][info ][gc           ] GC(67) Pause Young (Allocation Failure) 42M->25M(61M) 0.527ms
[12.084s][info ][gc,cpu       ] GC(67) User=0.00s Sys=0.00s Real=0.00s
[12.085s][info ][gc,start     ] GC(68) Pause Young (Allocation Failure)
[12.086s][debug][gc,age       ] GC(68) Desired survivor size 1114112 bytes, new threshold 1 (max threshold 15)
[12.086s][info ][gc,heap      ] GC(68) DefNew: 19059K->1954K(19648K)
[12.086s][info ][gc,heap      ] GC(68) Tenured: 24367K->25539K(43712K)
[12.086s][info ][gc,metaspace ] GC(68) Metaspace: 16397K->16397K(1064960K)
[12.086s][info ][gc           ] GC(68) Pause Young (Allocation Failure) 42M->26M(61M) 1.723ms
[12.087s][info ][gc,cpu       ] GC(68) User=0.00s Sys=0.00s Real=0.00s
[12.088s][info ][gc,start     ] GC(69) Pause Young (Allocation Failure)
[12.088s][debug][gc,age       ] GC(69) Desired survivor size 1114112 bytes, new threshold 1 (max threshold 15)
[12.088s][info ][gc,heap      ] GC(69) DefNew: 19119K->1564K(19648K)
[12.088s][info ][gc,heap      ] GC(69) Tenured: 25539K->25539K(43712K)
[12.088s][info ][gc,metaspace ] GC(69) Metaspace: 16397K->16397K(1064960K)
[12.088s][info ][gc           ] GC(69) Pause Young (Allocation Failure) 43M->26M(61M) 0.441ms
[12.088s][info ][gc,cpu       ] GC(69) User=0.00s Sys=0.00s Real=0.00s
[12.090s][info ][gc,start     ] GC(70) Pause Young (Allocation Failure)
[12.091s][debug][gc,age       ] GC(70) Desired survivor size 1114112 bytes, new threshold 1 (max threshold 15)
[12.091s][info ][gc,heap      ] GC(70) DefNew: 18673K->1954K(19648K)
[12.091s][info ][gc,heap      ] GC(70) Tenured: 25539K->26320K(43712K)
[12.091s][info ][gc,metaspace ] GC(70) Metaspace: 16397K->16397K(1064960K)
[12.091s][info ][gc           ] GC(70) Pause Young (Allocation Failure) 43M->27M(61M) 1.067ms
[12.091s][info ][gc,cpu       ] GC(70) User=0.01s Sys=0.00s Real=0.00s
[12.092s][info ][gc,start     ] GC(71) Pause Young (Allocation Failure)
[12.093s][debug][gc,age       ] GC(71) Desired survivor size 1114112 bytes, new threshold 1 (max threshold 15)
[12.093s][info ][gc,heap      ] GC(71) DefNew: 19122K->1955K(19648K)
[12.093s][info ][gc,heap      ] GC(71) Tenured: 26320K->27492K(43712K)
[12.093s][info ][gc,metaspace ] GC(71) Metaspace: 16397K->16397K(1064960K)
[12.093s][info ][gc           ] GC(71) Pause Young (Allocation Failure) 44M->28M(61M) 1.460ms
[12.093s][info ][gc,cpu       ] GC(71) User=0.01s Sys=0.00s Real=0.00s
[12.094s][info ][gc,start     ] GC(72) Pause Young (Allocation Failure)
[12.095s][debug][gc,age       ] GC(72) Desired survivor size 1114112 bytes, new threshold 1 (max threshold 15)
[12.095s][info ][gc,heap      ] GC(72) DefNew: 19113K->1564K(19648K)
[12.095s][info ][gc,heap      ] GC(72) Tenured: 27492K->27492K(43712K)
[12.095s][info ][gc,metaspace ] GC(72) Metaspace: 16397K->16397K(1064960K)
[12.095s][info ][gc           ] GC(72) Pause Young (Allocation Failure) 45M->28M(61M) 0.570ms
[12.095s][info ][gc,cpu       ] GC(72) User=0.00s Sys=0.00s Real=0.00s
[12.096s][info ][gc,start     ] GC(73) Pause Young (Allocation Failure)
[12.097s][debug][gc,age       ] GC(73) Desired survivor size 1114112 bytes, new threshold 1 (max threshold 15)
[12.098s][info ][gc,heap      ] GC(73) DefNew: 18673K->1954K(19648K)
[12.098s][info ][gc,heap      ] GC(73) Tenured: 27492K->28274K(43712K)
[12.098s][info ][gc,metaspace ] GC(73) Metaspace: 16397K->16397K(1064960K)
[12.098s][info ][gc           ] GC(73) Pause Young (Allocation Failure) 45M->29M(61M) 1.453ms
[12.098s][info ][gc,cpu       ] GC(73) User=0.00s Sys=0.00s Real=0.00s
[12.099s][info ][gc,start     ] GC(74) Pause Young (Allocation Failure)
[12.100s][debug][gc,age       ] GC(74) Desired survivor size 1114112 bytes, new threshold 1 (max threshold 15)
[12.100s][info ][gc,heap      ] GC(74) DefNew: 19426K->1564K(19648K)
[12.100s][info ][gc,heap      ] GC(74) Tenured: 28274K->28665K(43712K)
[12.100s][info ][gc,metaspace ] GC(74) Metaspace: 16397K->16397K(1064960K)
[12.100s][info ][gc           ] GC(74) Pause Young (Allocation Failure) 46M->29M(61M) 0.755ms
[12.100s][info ][gc,cpu       ] GC(74) User=0.00s Sys=0.00s Real=0.01s
[12.101s][info ][gc,start     ] GC(75) Pause Young (Allocation Failure)
[12.102s][debug][gc,age       ] GC(75) Desired survivor size 1114112 bytes, new threshold 1 (max threshold 15)
[12.102s][info ][gc,heap      ] GC(75) DefNew: 19036K->1564K(19648K)
[12.102s][info ][gc,heap      ] GC(75) Tenured: 28665K->29056K(43712K)
[12.102s][info ][gc,metaspace ] GC(75) Metaspace: 16397K->16397K(1064960K)
[12.102s][info ][gc           ] GC(75) Pause Young (Allocation Failure) 46M->29M(61M) 0.841ms
[12.102s][info ][gc,cpu       ] GC(75) User=0.00s Sys=0.01s Real=0.00s
[12.103s][info ][gc,start     ] GC(76) Pause Young (Allocation Failure)
[12.104s][debug][gc,age       ] GC(76) Desired survivor size 1114112 bytes, new threshold 1 (max threshold 15)
[12.104s][info ][gc,heap      ] GC(76) DefNew: 19028K->1564K(19648K)
[12.104s][info ][gc,heap      ] GC(76) Tenured: 29056K->29448K(43712K)
[12.104s][info ][gc,metaspace ] GC(76) Metaspace: 16397K->16397K(1064960K)
[12.104s][info ][gc           ] GC(76) Pause Young (Allocation Failure) 46M->30M(61M) 0.912ms
[12.104s][info ][gc,cpu       ] GC(76) User=0.00s Sys=0.00s Real=0.00s
[12.106s][info ][gc,start     ] GC(77) Pause Young (Allocation Failure)
[12.107s][debug][gc,age       ] GC(77) Desired survivor size 1114112 bytes, new threshold 1 (max threshold 15)
[12.107s][info ][gc,heap      ] GC(77) DefNew: 19005K->1563K(19648K)
[12.107s][info ][gc,heap      ] GC(77) Tenured: 29448K->29839K(43712K)
[12.107s][info ][gc,metaspace ] GC(77) Metaspace: 16397K->16397K(1064960K)
[12.107s][info ][gc           ] GC(77) Pause Young (Allocation Failure) 47M->30M(61M) 1.477ms
[12.107s][info ][gc,cpu       ] GC(77) User=0.00s Sys=0.00s Real=0.00s
[12.109s][info ][gc,start     ] GC(78) Pause Young (Allocation Failure)
[12.110s][debug][gc,age       ] GC(78) Desired survivor size 1114112 bytes, new threshold 1 (max threshold 15)
[12.110s][info ][gc,heap      ] GC(78) DefNew: 19010K->1563K(19648K)
[12.110s][info ][gc,heap      ] GC(78) Tenured: 29839K->30621K(43712K)
[12.110s][info ][gc,metaspace ] GC(78) Metaspace: 16397K->16397K(1064960K)
[12.110s][info ][gc           ] GC(78) Pause Young (Allocation Failure) 47M->31M(61M) 1.194ms
[12.110s][info ][gc,cpu       ] GC(78) User=0.00s Sys=0.00s Real=0.01s
[12.111s][info ][gc,start     ] GC(79) Pause Young (Allocation Failure)
[12.112s][debug][gc,age       ] GC(79) Desired survivor size 1114112 bytes, new threshold 15 (max threshold 15)
[12.112s][info ][gc,heap      ] GC(79) DefNew: 18990K->782K(19648K)
[12.112s][info ][gc,heap      ] GC(79) Tenured: 30621K->31403K(43712K)
[12.112s][info ][gc,metaspace ] GC(79) Metaspace: 16397K->16397K(1064960K)
[12.112s][info ][gc           ] GC(79) Pause Young (Allocation Failure) 48M->31M(61M) 1.009ms
[12.112s][info ][gc,cpu       ] GC(79) User=0.00s Sys=0.00s Real=0.00s
[12.114s][info ][gc,start     ] GC(80) Pause Young (Allocation Failure)
[12.114s][debug][gc,age       ] GC(80) Desired survivor size 1114112 bytes, new threshold 1 (max threshold 15)
[12.114s][info ][gc,heap      ] GC(80) DefNew: 17914K->1173K(19648K)
[12.114s][info ][gc,heap      ] GC(80) Tenured: 31403K->31403K(43712K)
[12.114s][info ][gc,metaspace ] GC(80) Metaspace: 16397K->16397K(1064960K)
[12.114s][info ][gc           ] GC(80) Pause Young (Allocation Failure) 48M->31M(61M) 0.523ms
[12.114s][info ][gc,cpu       ] GC(80) User=0.00s Sys=0.00s Real=0.00s
[12.116s][info ][gc,start     ] GC(81) Pause Young (Allocation Failure)
[12.116s][debug][gc,age       ] GC(81) Desired survivor size 1114112 bytes, new threshold 1 (max threshold 15)
[12.116s][info ][gc,heap      ] GC(81) DefNew: 18342K->1173K(19648K)
[12.116s][info ][gc,heap      ] GC(81) Tenured: 31403K->31404K(43712K)
[12.116s][info ][gc,metaspace ] GC(81) Metaspace: 16397K->16397K(1064960K)
[12.116s][info ][gc           ] GC(81) Pause Young (Allocation Failure) 48M->31M(61M) 0.542ms
[12.116s][info ][gc,cpu       ] GC(81) User=0.00s Sys=0.00s Real=0.00s
[12.118s][info ][gc,start     ] GC(82) Pause Young (Allocation Failure)
[12.118s][debug][gc,age       ] GC(82) Desired survivor size 1114112 bytes, new threshold 1 (max threshold 15)
[12.118s][info ][gc,heap      ] GC(82) DefNew: 18272K->1173K(19648K)
[12.118s][info ][gc,heap      ] GC(82) Tenured: 31404K->31404K(43712K)
[12.118s][info ][gc,metaspace ] GC(82) Metaspace: 16397K->16397K(1064960K)
[12.118s][info ][gc           ] GC(82) Pause Young (Allocation Failure) 48M->31M(61M) 0.525ms
[12.118s][info ][gc,cpu       ] GC(82) User=0.00s Sys=0.00s Real=0.00s
[12.119s][info ][gc,start     ] GC(83) Pause Young (Allocation Failure)
[12.120s][debug][gc,age       ] GC(83) Desired survivor size 1114112 bytes, new threshold 15 (max threshold 15)
[12.120s][info ][gc,heap      ] GC(83) DefNew: 18287K->392K(19648K)
[12.120s][info ][gc,heap      ] GC(83) Tenured: 31404K->31796K(43712K)
[12.120s][info ][gc,metaspace ] GC(83) Metaspace: 16397K->16397K(1064960K)
[12.120s][info ][gc           ] GC(83) Pause Young (Allocation Failure) 48M->31M(61M) 0.734ms
[12.120s][info ][gc,cpu       ] GC(83) User=0.00s Sys=0.00s Real=0.00s
[12.122s][info ][gc,start     ] GC(84) Pause Young (Allocation Failure)
[12.122s][debug][gc,age       ] GC(84) Desired survivor size 1114112 bytes, new threshold 1 (max threshold 15)
[12.122s][info ][gc,heap      ] GC(84) DefNew: 17503K->1174K(19648K)
[12.122s][info ][gc,heap      ] GC(84) Tenured: 31796K->31796K(43712K)
[12.122s][info ][gc,metaspace ] GC(84) Metaspace: 16397K->16397K(1064960K)
[12.122s][info ][gc           ] GC(84) Pause Young (Allocation Failure) 48M->32M(61M) 0.532ms
[12.122s][info ][gc,cpu       ] GC(84) User=0.00s Sys=0.00s Real=0.00s
[12.123s][info ][gc,start     ] GC(85) Pause Young (Allocation Failure)
[12.124s][debug][gc,age       ] GC(85) Desired survivor size 1114112 bytes, new threshold 15 (max threshold 15)
[12.124s][info ][gc,heap      ] GC(85) DefNew: 18296K->782K(19648K)
[12.124s][info ][gc,heap      ] GC(85) Tenured: 31796K->32188K(43712K)
[12.124s][info ][gc,metaspace ] GC(85) Metaspace: 16397K->16397K(1064960K)
[12.124s][info ][gc           ] GC(85) Pause Young (Allocation Failure) 48M->32M(61M) 0.958ms
[12.124s][info ][gc,cpu       ] GC(85) User=0.00s Sys=0.00s Real=0.00s
[12.126s][info ][gc,start     ] GC(86) Pause Young (Allocation Failure)
[12.126s][debug][gc,age       ] GC(86) Desired survivor size 1114112 bytes, new threshold 15 (max threshold 15)
[12.126s][info ][gc,heap      ] GC(86) DefNew: 17927K->782K(19648K)
[12.126s][info ][gc,heap      ] GC(86) Tenured: 32188K->32188K(43712K)
[12.126s][info ][gc,metaspace ] GC(86) Metaspace: 16397K->16397K(1064960K)
[12.126s][info ][gc           ] GC(86) Pause Young (Allocation Failure) 48M->32M(61M) 0.550ms
[12.126s][info ][gc,cpu       ] GC(86) User=0.00s Sys=0.00s Real=0.00s
[12.128s][info ][gc,start     ] GC(87) Pause Young (Allocation Failure)
[12.129s][debug][gc,age       ] GC(87) Desired survivor size 1114112 bytes, new threshold 1 (max threshold 15)
[12.129s][info ][gc,heap      ] GC(87) DefNew: 17914K->1955K(19648K)
[12.129s][info ][gc,heap      ] GC(87) Tenured: 32188K->32969K(43712K)
[12.129s][info ][gc,metaspace ] GC(87) Metaspace: 16397K->16397K(1064960K)
[12.129s][info ][gc           ] GC(87) Pause Young (Allocation Failure) 48M->34M(61M) 1.666ms
[12.129s][info ][gc,cpu       ] GC(87) User=0.00s Sys=0.00s Real=0.01s
[12.131s][info ][gc,start     ] GC(88) Pause Young (Allocation Failure)
[12.132s][debug][gc,age       ] GC(88) Desired survivor size 1114112 bytes, new threshold 1 (max threshold 15)
[12.132s][info ][gc,heap      ] GC(88) DefNew: 19080K->1563K(19648K)
[12.132s][info ][gc,heap      ] GC(88) Tenured: 32969K->33752K(43712K)
[12.132s][info ][gc,metaspace ] GC(88) Metaspace: 16397K->16397K(1064960K)
[12.132s][info ][gc           ] GC(88) Pause Young (Allocation Failure) 50M->34M(61M) 1.131ms
[12.132s][info ][gc,cpu       ] GC(88) User=0.01s Sys=0.00s Real=0.00s
[12.134s][info ][gc,start     ] GC(89) Pause Young (Allocation Failure)
[12.134s][debug][gc,age       ] GC(89) Desired survivor size 1114112 bytes, new threshold 1 (max threshold 15)
[12.134s][info ][gc,heap      ] GC(89) DefNew: 18825K->1955K(19648K)
[12.134s][info ][gc,heap      ] GC(89) Tenured: 33752K->33752K(43712K)
[12.134s][info ][gc,metaspace ] GC(89) Metaspace: 16397K->16397K(1064960K)
[12.134s][info ][gc           ] GC(89) Pause Young (Allocation Failure) 51M->34M(61M) 0.541ms
[12.134s][info ][gc,cpu       ] GC(89) User=0.00s Sys=0.00s Real=0.00s
[12.136s][info ][gc,start     ] GC(90) Pause Young (Allocation Failure)
[12.136s][debug][gc,age       ] GC(90) Desired survivor size 1114112 bytes, new threshold 1 (max threshold 15)
[12.136s][info ][gc,heap      ] GC(90) DefNew: 19140K->1173K(19648K)
[12.136s][info ][gc,heap      ] GC(90) Tenured: 33752K->34143K(43712K)
[12.136s][info ][gc,metaspace ] GC(90) Metaspace: 16397K->16397K(1064960K)
[12.136s][info ][gc           ] GC(90) Pause Young (Allocation Failure) 51M->34M(61M) 0.852ms
[12.136s][info ][gc,cpu       ] GC(90) User=0.00s Sys=0.01s Real=0.00s
[12.138s][info ][gc,start     ] GC(91) Pause Young (Allocation Failure)
[12.138s][debug][gc,age       ] GC(91) Desired survivor size 1114112 bytes, new threshold 1 (max threshold 15)
[12.138s][info ][gc,heap      ] GC(91) DefNew: 18341K->1954K(19648K)
[12.138s][info ][gc,heap      ] GC(91) Tenured: 34143K->34144K(43712K)
[12.138s][info ][gc,metaspace ] GC(91) Metaspace: 16397K->16397K(1064960K)
[12.138s][info ][gc           ] GC(91) Pause Young (Allocation Failure) 51M->35M(61M) 0.578ms
[12.138s][info ][gc,cpu       ] GC(91) User=0.00s Sys=0.00s Real=0.00s
[12.140s][info ][gc,start     ] GC(92) Pause Young (Allocation Failure)
[12.140s][debug][gc,age       ] GC(92) Desired survivor size 1114112 bytes, new threshold 1 (max threshold 15)
[12.141s][info ][gc,heap      ] GC(92) DefNew: 19060K->1954K(19648K)
[12.141s][info ][gc,heap      ] GC(92) Tenured: 34144K->34535K(43712K)
[12.141s][info ][gc,metaspace ] GC(92) Metaspace: 16397K->16397K(1064960K)
[12.141s][info ][gc           ] GC(92) Pause Young (Allocation Failure) 51M->35M(61M) 0.858ms
[12.141s][info ][gc,cpu       ] GC(92) User=0.00s Sys=0.00s Real=0.00s
[12.142s][info ][gc,start     ] GC(93) Pause Young (Allocation Failure)
[12.143s][debug][gc,age       ] GC(93) Desired survivor size 1114112 bytes, new threshold 1 (max threshold 15)
[12.143s][info ][gc,heap      ] GC(93) DefNew: 19117K->1955K(19648K)
[12.143s][info ][gc,heap      ] GC(93) Tenured: 34535K->35317K(43712K)
[12.143s][info ][gc,metaspace ] GC(93) Metaspace: 16397K->16397K(1064960K)
[12.144s][info ][gc           ] GC(93) Pause Young (Allocation Failure) 52M->36M(61M) 1.767ms
[12.144s][info ][gc,cpu       ] GC(93) User=0.00s Sys=0.00s Real=0.00s
[12.145s][info ][gc,start     ] GC(94) Pause Young (Allocation Failure)
[12.146s][debug][gc,age       ] GC(94) Desired survivor size 1114112 bytes, new threshold 1 (max threshold 15)
[12.146s][info ][gc,heap      ] GC(94) DefNew: 19125K->1564K(19648K)
[12.146s][info ][gc,heap      ] GC(94) Tenured: 35317K->35709K(43712K)
[12.146s][info ][gc,metaspace ] GC(94) Metaspace: 16397K->16397K(1064960K)
[12.146s][info ][gc           ] GC(94) Pause Young (Allocation Failure) 53M->36M(61M) 0.886ms
[12.146s][info ][gc,cpu       ] GC(94) User=0.00s Sys=0.00s Real=0.00s
[12.147s][info ][gc,start     ] GC(95) Pause Young (Allocation Failure)
[12.148s][debug][gc,age       ] GC(95) Desired survivor size 1114112 bytes, new threshold 1 (max threshold 15)
[12.148s][info ][gc,heap      ] GC(95) DefNew: 18719K->1564K(19648K)
[12.148s][info ][gc,heap      ] GC(95) Tenured: 35709K->36100K(43712K)
[12.148s][info ][gc,metaspace ] GC(95) Metaspace: 16397K->16397K(1064960K)
[12.148s][info ][gc           ] GC(95) Pause Young (Allocation Failure) 53M->36M(61M) 0.686ms
[12.148s][info ][gc,cpu       ] GC(95) User=0.00s Sys=0.00s Real=0.00s
[12.149s][info ][gc,start     ] GC(96) Pause Young (Allocation Failure)
[12.150s][debug][gc,age       ] GC(96) Desired survivor size 1114112 bytes, new threshold 1 (max threshold 15)
[12.150s][info ][gc,heap      ] GC(96) DefNew: 18776K->1955K(19648K)
[12.150s][info ][gc,heap      ] GC(96) Tenured: 36100K->36491K(43712K)
[12.150s][info ][gc,metaspace ] GC(96) Metaspace: 16397K->16397K(1064960K)
[12.150s][info ][gc           ] GC(96) Pause Young (Allocation Failure) 53M->37M(61M) 0.786ms
[12.150s][info ][gc,cpu       ] GC(96) User=0.00s Sys=0.00s Real=0.00s
[12.152s][info ][gc,start     ] GC(97) Pause Young (Allocation Failure)
[12.153s][debug][gc,age       ] GC(97) Desired survivor size 1114112 bytes, new threshold 1 (max threshold 15)
[12.153s][info ][gc,heap      ] GC(97) DefNew: 19072K->1564K(19648K)
[12.153s][info ][gc,heap      ] GC(97) Tenured: 36491K->36882K(43712K)
[12.153s][info ][gc,metaspace ] GC(97) Metaspace: 16397K->16397K(1064960K)
[12.153s][info ][gc           ] GC(97) Pause Young (Allocation Failure) 54M->37M(61M) 0.875ms
[12.153s][info ][gc,cpu       ] GC(97) User=0.00s Sys=0.00s Real=0.00s
[12.154s][info ][gc,start     ] GC(98) Pause Young (Allocation Failure)
[12.155s][debug][gc,age       ] GC(98) Desired survivor size 1114112 bytes, new threshold 1 (max threshold 15)
[12.155s][info ][gc,heap      ] GC(98) DefNew: 18674K->1954K(19648K)
[12.155s][info ][gc,heap      ] GC(98) Tenured: 36882K->37274K(43712K)
[12.155s][info ][gc,metaspace ] GC(98) Metaspace: 16397K->16397K(1064960K)
[12.155s][info ][gc           ] GC(98) Pause Young (Allocation Failure) 54M->38M(61M) 1.242ms
[12.155s][info ][gc,cpu       ] GC(98) User=0.00s Sys=0.00s Real=0.00s
[12.156s][info ][gc,start     ] GC(99) Pause Young (Allocation Failure)
[12.157s][debug][gc,age       ] GC(99) Desired survivor size 1114112 bytes, new threshold 1 (max threshold 15)
[12.157s][info ][gc,heap      ] GC(99) DefNew: 19122K->1954K(19648K)
[12.157s][info ][gc,heap      ] GC(99) Tenured: 37274K->37665K(43712K)
[12.157s][info ][gc,metaspace ] GC(99) Metaspace: 16397K->16397K(1064960K)
[12.157s][info ][gc           ] GC(99) Pause Young (Allocation Failure) 55M->38M(61M) 0.751ms
[12.157s][info ][gc,cpu       ] GC(99) User=0.00s Sys=0.00s Real=0.00s
[12.159s][info ][gc,start     ] GC(100) Pause Young (Allocation Failure)
[12.160s][debug][gc,age       ] GC(100) Desired survivor size 1114112 bytes, new threshold 1 (max threshold 15)
[12.160s][info ][gc,heap      ] GC(100) DefNew: 19066K->1564K(19648K)
[12.160s][info ][gc,heap      ] GC(100) Tenured: 37665K->38056K(43712K)
[12.160s][info ][gc,metaspace ] GC(100) Metaspace: 16397K->16397K(1064960K)
[12.160s][info ][gc           ] GC(100) Pause Young (Allocation Failure) 55M->38M(61M) 1.071ms
[12.160s][info ][gc,cpu       ] GC(100) User=0.00s Sys=0.00s Real=0.01s
[12.161s][info ][gc,start     ] GC(101) Pause Young (Allocation Failure)
[12.162s][debug][gc,age       ] GC(101) Desired survivor size 1114112 bytes, new threshold 15 (max threshold 15)
[12.162s][info ][gc,heap      ] GC(101) DefNew: 18713K->782K(19648K)
[12.162s][info ][gc,heap      ] GC(101) Tenured: 38056K->38447K(43712K)
[12.162s][info ][gc,metaspace ] GC(101) Metaspace: 16397K->16397K(1064960K)
[12.162s][info ][gc           ] GC(101) Pause Young (Allocation Failure) 55M->38M(61M) 0.725ms
[12.162s][info ][gc,cpu       ] GC(101) User=0.01s Sys=0.00s Real=0.00s
[12.163s][info ][gc,start     ] GC(102) Pause Young (Allocation Failure)
[12.164s][debug][gc,age       ] GC(102) Desired survivor size 1114112 bytes, new threshold 1 (max threshold 15)
[12.164s][info ][gc,heap      ] GC(102) DefNew: 17937K->1955K(19648K)
[12.164s][info ][gc,heap      ] GC(102) Tenured: 38447K->38838K(43712K)
[12.164s][info ][gc,metaspace ] GC(102) Metaspace: 16397K->16397K(1064960K)
[12.164s][info ][gc           ] GC(102) Pause Young (Allocation Failure) 55M->39M(61M) 0.934ms
[12.164s][info ][gc,cpu       ] GC(102) User=0.01s Sys=0.00s Real=0.00s
[12.165s][info ][gc,start     ] GC(103) Pause Young (Allocation Failure)
[12.166s][debug][gc,age       ] GC(103) Desired survivor size 1114112 bytes, new threshold 1 (max threshold 15)
[12.166s][info ][gc,heap      ] GC(103) DefNew: 19094K->1564K(19648K)
[12.166s][info ][gc,heap      ] GC(103) Tenured: 38838K->39229K(43712K)
[12.166s][info ][gc,metaspace ] GC(103) Metaspace: 16397K->16397K(1064960K)
[12.166s][info ][gc           ] GC(103) Pause Young (Allocation Failure) 56M->39M(61M) 0.888ms
[12.166s][info ][gc,cpu       ] GC(103) User=0.00s Sys=0.00s Real=0.00s
[12.167s][info ][gc,start     ] GC(104) Pause Young (Allocation Failure)
[12.169s][debug][gc,age       ] GC(104) Desired survivor size 1114112 bytes, new threshold 1 (max threshold 15)
[12.169s][info ][gc,heap      ] GC(104) DefNew: 18771K->1954K(19648K)
[12.169s][info ][gc,heap      ] GC(104) Tenured: 39229K->40011K(43712K)
[12.169s][info ][gc,metaspace ] GC(104) Metaspace: 16397K->16397K(1064960K)
[12.169s][info ][gc           ] GC(104) Pause Young (Allocation Failure) 56M->40M(61M) 1.880ms
[12.169s][info ][gc,cpu       ] GC(104) User=0.00s Sys=0.01s Real=0.01s
[12.171s][info ][gc,start     ] GC(105) Pause Young (Allocation Failure)
[12.172s][debug][gc,age       ] GC(105) Desired survivor size 1114112 bytes, new threshold 1 (max threshold 15)
[12.172s][info ][gc,heap      ] GC(105) DefNew: 19393K->1954K(19648K)
[12.172s][info ][gc,heap      ] GC(105) Tenured: 40011K->40793K(43712K)
[12.172s][info ][gc,metaspace ] GC(105) Metaspace: 16397K->16397K(1064960K)
[12.172s][info ][gc           ] GC(105) Pause Young (Allocation Failure) 58M->41M(61M) 1.146ms
[12.172s][info ][gc,cpu       ] GC(105) User=0.00s Sys=0.00s Real=0.00s
[12.173s][info ][gc,start     ] GC(106) Pause Young (Allocation Failure)
[12.174s][debug][gc,age       ] GC(106) Desired survivor size 1114112 bytes, new threshold 1 (max threshold 15)
[12.174s][info ][gc,heap      ] GC(106) DefNew: 19108K->1173K(19648K)
[12.174s][info ][gc,heap      ] GC(106) Tenured: 40793K->41184K(43712K)
[12.174s][info ][gc,metaspace ] GC(106) Metaspace: 16397K->16397K(1064960K)
[12.174s][info ][gc           ] GC(106) Pause Young (Allocation Failure) 58M->41M(61M) 0.841ms
[12.174s][info ][gc,cpu       ] GC(106) User=0.00s Sys=0.00s Real=0.00s
[12.175s][info ][gc,start     ] GC(107) Pause Young (Allocation Failure)
[12.176s][debug][gc,age       ] GC(107) Desired survivor size 1114112 bytes, new threshold 1 (max threshold 15)
[12.176s][info ][gc,heap      ] GC(107) DefNew: 18321K->1954K(19648K)
[12.176s][info ][gc,heap      ] GC(107) Tenured: 41184K->41576K(43712K)
[12.176s][info ][gc,metaspace ] GC(107) Metaspace: 16397K->16397K(1064960K)
[12.177s][info ][gc           ] GC(107) Pause Young (Allocation Failure) 58M->42M(61M) 1.250ms
[12.177s][info ][gc,cpu       ] GC(107) User=0.00s Sys=0.00s Real=0.00s
[12.178s][info ][gc,start     ] GC(108) Pause Young (Allocation Failure)
[12.179s][debug][gc,age       ] GC(108) Desired survivor size 1114112 bytes, new threshold 1 (max threshold 15)
[12.179s][info ][gc,heap      ] GC(108) DefNew: 19051K->1563K(19648K)
[12.179s][info ][gc,heap      ] GC(108) Tenured: 41576K->41967K(43712K)
[12.179s][info ][gc,metaspace ] GC(108) Metaspace: 16397K->16397K(1064960K)
[12.179s][info ][gc           ] GC(108) Pause Young (Allocation Failure) 59M->42M(61M) 0.890ms
[12.179s][info ][gc,cpu       ] GC(108) User=0.00s Sys=0.00s Real=0.00s
[12.180s][info ][gc,start     ] GC(109) Pause Young (Allocation Failure)
[12.181s][debug][gc,age       ] GC(109) Desired survivor size 1114112 bytes, new threshold 1 (max threshold 15)
[12.181s][info ][gc,heap      ] GC(109) DefNew: 18713K->1173K(19648K)
[12.181s][info ][gc,heap      ] GC(109) Tenured: 41967K->42357K(43712K)
[12.181s][info ][gc,metaspace ] GC(109) Metaspace: 16397K->16397K(1064960K)
[12.181s][info ][gc           ] GC(109) Pause Young (Allocation Failure) 59M->42M(61M) 1.298ms
[12.181s][info ][gc,cpu       ] GC(109) User=0.01s Sys=0.00s Real=0.00s
[12.183s][info ][gc,start     ] GC(110) Pause Young (Allocation Failure)
[12.184s][debug][gc,age       ] GC(110) Desired survivor size 1114112 bytes, new threshold 1 (max threshold 15)
[12.184s][info ][gc,heap      ] GC(110) DefNew: 18322K->1564K(19648K)
[12.184s][info ][gc,heap      ] GC(110) Tenured: 42357K->42749K(43712K)
[12.184s][info ][gc,metaspace ] GC(110) Metaspace: 16397K->16397K(1064960K)
[12.184s][info ][gc           ] GC(110) Pause Young (Allocation Failure) 59M->43M(61M) 0.953ms
[12.184s][info ][gc,cpu       ] GC(110) User=0.01s Sys=0.00s Real=0.00s
[12.185s][info ][gc,start     ] GC(111) Pause Young (Allocation Failure)
[12.187s][debug][gc,age       ] GC(111) Desired survivor size 1114112 bytes, new threshold 1 (max threshold 15)
[12.187s][info ][gc,heap      ] GC(111) DefNew: 18790K->1955K(19648K)
[12.187s][info ][gc,heap      ] GC(111) Tenured: 42749K->43531K(43712K)
[12.187s][info ][gc,metaspace ] GC(111) Metaspace: 16397K->16397K(1064960K)
[12.187s][info ][gc           ] GC(111) Pause Young (Allocation Failure) 60M->44M(61M) 1.365ms
[12.187s][info ][gc,cpu       ] GC(111) User=0.01s Sys=0.00s Real=0.00s
[12.188s][info ][gc,start     ] GC(112) Pause Young (Allocation Failure)
[12.188s][info ][gc,start     ] GC(113) Pause Full (Allocation Failure)
[12.188s][info ][gc,phases,start] GC(113) Phase 1: Mark live objects
[12.191s][debug][gc,phases      ] GC(113) Reference Processing 0.073ms
[12.191s][debug][gc,phases      ] GC(113) Weak Processing 0.018ms
[12.192s][debug][gc,phases      ] GC(113) ClassLoaderData 0.114ms
[12.192s][debug][gc,phases      ] GC(113) ProtectionDomainCacheTable 0.003ms
[12.192s][debug][gc,phases      ] GC(113) ResolvedMethodTable 0.019ms
[12.192s][debug][gc,phases      ] GC(113) Class Unloading 0.874ms
[12.192s][debug][gc,phases      ] GC(113) Scrub String Table 0.064ms
[12.193s][debug][gc,phases      ] GC(113) Scrub Symbol Table 0.899ms
[12.193s][info ][gc,phases      ] GC(113) Phase 1: Mark live objects 5.234ms
[12.193s][info ][gc,phases,start] GC(113) Phase 2: Compute new object addresses
[12.194s][info ][gc,phases      ] GC(113) Phase 2: Compute new object addresses 0.965ms
[12.194s][info ][gc,phases,start] GC(113) Phase 3: Adjust pointers
[12.198s][info ][gc,phases      ] GC(113) Phase 3: Adjust pointers 3.706ms
[12.198s][info ][gc,phases,start] GC(113) Phase 4: Move objects
[12.199s][info ][gc,phases      ] GC(113) Phase 4: Move objects 0.523ms
[12.199s][info ][gc             ] GC(113) Pause Full (Allocation Failure) 61M->6M(61M) 10.749ms
[12.199s][info ][gc,heap        ] GC(112) DefNew: 19131K->0K(19648K)
[12.199s][info ][gc,heap        ] GC(112) Tenured: 43531K->6759K(43712K)
[12.199s][info ][gc,metaspace   ] GC(112) Metaspace: 16397K->16397K(1064960K)
[12.199s][info ][gc             ] GC(112) Pause Young (Allocation Failure) 61M->6M(61M) 10.878ms
[12.199s][info ][gc,cpu         ] GC(112) User=0.02s Sys=0.00s Real=0.01s
[12.202s][info ][gc,start       ] GC(114) Pause Young (Allocation Failure)
[12.202s][debug][gc,age         ] GC(114) Desired survivor size 1114112 bytes, new threshold 15 (max threshold 15)
[12.202s][info ][gc,heap        ] GC(114) DefNew: 17226K->782K(19648K)
[12.202s][info ][gc,heap        ] GC(114) Tenured: 6759K->6759K(43712K)
[12.202s][info ][gc,metaspace   ] GC(114) Metaspace: 16398K->16398K(1064960K)
[12.202s][info ][gc             ] GC(114) Pause Young (Allocation Failure) 23M->7M(61M) 0.766ms
[12.203s][info ][gc,cpu         ] GC(114) User=0.00s Sys=0.00s Real=0.00s
[12.204s][info ][gc,start       ] GC(115) Pause Young (Allocation Failure)
[12.205s][debug][gc,age         ] GC(115) Desired survivor size 1114112 bytes, new threshold 15 (max threshold 15)
[12.205s][info ][gc,heap        ] GC(115) DefNew: 18233K->784K(19648K)
[12.205s][info ][gc,heap        ] GC(115) Tenured: 6759K->6759K(43712K)
[12.205s][info ][gc,metaspace   ] GC(115) Metaspace: 16398K->16398K(1064960K)
[12.205s][info ][gc             ] GC(115) Pause Young (Allocation Failure) 24M->7M(61M) 0.622ms
[12.205s][info ][gc,cpu         ] GC(115) User=0.00s Sys=0.00s Real=0.00s
[12.206s][info ][gc,start       ] GC(116) Pause Young (Allocation Failure)
[12.207s][debug][gc,age         ] GC(116) Desired survivor size 1114112 bytes, new threshold 1 (max threshold 15)
[12.207s][info ][gc,heap        ] GC(116) DefNew: 17950K->1955K(19648K)
[12.207s][info ][gc,heap        ] GC(116) Tenured: 6759K->6759K(43712K)
[12.207s][info ][gc,metaspace   ] GC(116) Metaspace: 16398K->16398K(1064960K)
[12.207s][info ][gc             ] GC(116) Pause Young (Allocation Failure) 24M->8M(61M) 0.508ms
[12.207s][info ][gc,cpu         ] GC(116) User=0.00s Sys=0.00s Real=0.00s
[12.208s][info ][gc,start       ] GC(117) Pause Young (Allocation Failure)
[12.209s][debug][gc,age         ] GC(117) Desired survivor size 1114112 bytes, new threshold 1 (max threshold 15)
[12.209s][info ][gc,heap        ] GC(117) DefNew: 19140K->1173K(19648K)
[12.209s][info ][gc,heap        ] GC(117) Tenured: 6759K->6760K(43712K)
[12.209s][info ][gc,metaspace   ] GC(117) Metaspace: 16398K->16398K(1064960K)
[12.209s][info ][gc             ] GC(117) Pause Young (Allocation Failure) 25M->7M(61M) 0.579ms
[12.209s][info ][gc,cpu         ] GC(117) User=0.01s Sys=0.00s Real=0.00s
[12.210s][info ][gc,start       ] GC(118) Pause Young (Allocation Failure)
[12.211s][debug][gc,age         ] GC(118) Desired survivor size 1114112 bytes, new threshold 1 (max threshold 15)
[12.211s][info ][gc,heap        ] GC(118) DefNew: 18264K->1954K(19648K)
[12.211s][info ][gc,heap        ] GC(118) Tenured: 6760K->7152K(43712K)
[12.211s][info ][gc,metaspace   ] GC(118) Metaspace: 16398K->16398K(1064960K)
[12.211s][info ][gc             ] GC(118) Pause Young (Allocation Failure) 24M->8M(61M) 0.523ms
[12.211s][info ][gc,cpu         ] GC(118) User=0.00s Sys=0.00s Real=0.00s
[12.212s][info ][gc,start       ] GC(119) Pause Young (Allocation Failure)
[12.213s][debug][gc,age         ] GC(119) Desired survivor size 1114112 bytes, new threshold 1 (max threshold 15)
[12.213s][info ][gc,heap        ] GC(119) DefNew: 19213K->1174K(19648K)
[12.213s][info ][gc,heap        ] GC(119) Tenured: 7152K->7152K(43712K)
[12.213s][info ][gc,metaspace   ] GC(119) Metaspace: 16398K->16398K(1064960K)
[12.213s][info ][gc             ] GC(119) Pause Young (Allocation Failure) 25M->8M(61M) 0.581ms
[12.213s][info ][gc,cpu         ] GC(119) User=0.00s Sys=0.00s Real=0.00s
[12.214s][info ][gc,start       ] GC(120) Pause Young (Allocation Failure)
[12.215s][debug][gc,age         ] GC(120) Desired survivor size 1114112 bytes, new threshold 1 (max threshold 15)
[12.215s][info ][gc,heap        ] GC(120) DefNew: 18347K->1954K(19648K)
[12.215s][info ][gc,heap        ] GC(120) Tenured: 7152K->7543K(43712K)
[12.215s][info ][gc,metaspace   ] GC(120) Metaspace: 16398K->16398K(1064960K)
[12.215s][info ][gc             ] GC(120) Pause Young (Allocation Failure) 24M->9M(61M) 0.601ms
[12.215s][info ][gc,cpu         ] GC(120) User=0.00s Sys=0.00s Real=0.00s
[12.216s][info ][gc,start       ] GC(121) Pause Young (Allocation Failure)
[12.216s][debug][gc,age         ] GC(121) Desired survivor size 1114112 bytes, new threshold 1 (max threshold 15)
[12.216s][info ][gc,heap        ] GC(121) DefNew: 19099K->1955K(19648K)
[12.217s][info ][gc,heap        ] GC(121) Tenured: 7543K->7543K(43712K)
[12.217s][info ][gc,metaspace   ] GC(121) Metaspace: 16398K->16398K(1064960K)
[12.217s][info ][gc             ] GC(121) Pause Young (Allocation Failure) 26M->9M(61M) 0.608ms
[12.217s][info ][gc,cpu         ] GC(121) User=0.00s Sys=0.00s Real=0.00s
[12.218s][info ][gc,start       ] GC(122) Pause Young (Allocation Failure)
[12.219s][debug][gc,age         ] GC(122) Desired survivor size 1114112 bytes, new threshold 1 (max threshold 15)
[12.219s][info ][gc,heap        ] GC(122) DefNew: 19426K->1173K(19648K)
[12.219s][info ][gc,heap        ] GC(122) Tenured: 7543K->7934K(43712K)
[12.219s][info ][gc,metaspace   ] GC(122) Metaspace: 16398K->16398K(1064960K)
[12.219s][info ][gc             ] GC(122) Pause Young (Allocation Failure) 26M->8M(61M) 0.536ms
[12.219s][info ][gc,cpu         ] GC(122) User=0.00s Sys=0.00s Real=0.00s
[12.220s][info ][gc,start       ] GC(123) Pause Young (Allocation Failure)
[12.221s][debug][gc,age         ] GC(123) Desired survivor size 1114112 bytes, new threshold 1 (max threshold 15)
[12.221s][info ][gc,heap        ] GC(123) DefNew: 18292K->1954K(19648K)
[12.221s][info ][gc,heap        ] GC(123) Tenured: 7934K->7935K(43712K)
[12.221s][info ][gc,metaspace   ] GC(123) Metaspace: 16398K->16398K(1064960K)
[12.221s][info ][gc             ] GC(123) Pause Young (Allocation Failure) 25M->9M(61M) 0.762ms
[12.221s][info ][gc,cpu         ] GC(123) User=0.00s Sys=0.00s Real=0.00s
[12.223s][info ][gc,start       ] GC(124) Pause Young (Allocation Failure)
[12.223s][debug][gc,age         ] GC(124) Desired survivor size 1114112 bytes, new threshold 1 (max threshold 15)
[12.223s][info ][gc,heap        ] GC(124) DefNew: 19139K->1564K(19648K)
[12.223s][info ][gc,heap        ] GC(124) Tenured: 7935K->9108K(43712K)
[12.223s][info ][gc,metaspace   ] GC(124) Metaspace: 16398K->16398K(1064960K)
[12.223s][info ][gc             ] GC(124) Pause Young (Allocation Failure) 26M->10M(61M) 0.806ms
[12.223s][info ][gc,cpu         ] GC(124) User=0.00s Sys=0.00s Real=0.00s
[12.225s][info ][gc,start       ] GC(125) Pause Young (Allocation Failure)
[12.226s][debug][gc,age         ] GC(125) Desired survivor size 1114112 bytes, new threshold 15 (max threshold 15)
[12.226s][info ][gc,heap        ] GC(125) DefNew: 18655K->782K(19648K)
[12.226s][info ][gc,heap        ] GC(125) Tenured: 9108K->9109K(43712K)
[12.226s][info ][gc,metaspace   ] GC(125) Metaspace: 16398K->16398K(1064960K)
[12.226s][info ][gc             ] GC(125) Pause Young (Allocation Failure) 27M->9M(61M) 0.546ms
[12.226s][info ][gc,cpu         ] GC(125) User=0.00s Sys=0.00s Real=0.00s
[12.227s][info ][gc,start       ] GC(126) Pause Young (Allocation Failure)
[12.228s][debug][gc,age         ] GC(126) Desired survivor size 1114112 bytes, new threshold 1 (max threshold 15)
[12.228s][info ][gc,heap        ] GC(126) DefNew: 18198K->1564K(19648K)
[12.228s][info ][gc,heap        ] GC(126) Tenured: 9109K->9109K(43712K)
[12.228s][info ][gc,metaspace   ] GC(126) Metaspace: 16398K->16398K(1064960K)
[12.228s][info ][gc             ] GC(126) Pause Young (Allocation Failure) 26M->10M(61M) 0.622ms
[12.228s][info ][gc,cpu         ] GC(126) User=0.00s Sys=0.00s Real=0.00s
[12.234s][info ][gc,start       ] GC(127) Pause Young (Allocation Failure)
[12.235s][debug][gc,age         ] GC(127) Desired survivor size 1114112 bytes, new threshold 1 (max threshold 15)
[12.235s][info ][gc,heap        ] GC(127) DefNew: 18703K->1954K(19648K)
[12.235s][info ][gc,heap        ] GC(127) Tenured: 9109K->9500K(43712K)
[12.235s][info ][gc,metaspace   ] GC(127) Metaspace: 16398K->16398K(1064960K)
[12.235s][info ][gc             ] GC(127) Pause Young (Allocation Failure) 27M->11M(61M) 0.556ms
[12.235s][info ][gc,cpu         ] GC(127) User=0.00s Sys=0.00s Real=0.00s
[12.236s][info ][gc,start       ] GC(128) Pause Young (Allocation Failure)
[12.237s][debug][gc,age         ] GC(128) Desired survivor size 1114112 bytes, new threshold 15 (max threshold 15)
[12.237s][info ][gc,heap        ] GC(128) DefNew: 19283K->783K(19648K)
[12.237s][info ][gc,heap        ] GC(128) Tenured: 9500K->9500K(43712K)
[12.237s][info ][gc,metaspace   ] GC(128) Metaspace: 16398K->16398K(1064960K)
[12.237s][info ][gc             ] GC(128) Pause Young (Allocation Failure) 28M->10M(61M) 0.395ms
[12.237s][info ][gc,cpu         ] GC(128) User=0.00s Sys=0.00s Real=0.00s
[12.238s][info ][gc,start       ] GC(129) Pause Young (Allocation Failure)
[12.239s][debug][gc,age         ] GC(129) Desired survivor size 1114112 bytes, new threshold 1 (max threshold 15)
[12.239s][info ][gc,heap        ] GC(129) DefNew: 17898K->1955K(19648K)
[12.239s][info ][gc,heap        ] GC(129) Tenured: 9500K->9500K(43712K)
[12.239s][info ][gc,metaspace   ] GC(129) Metaspace: 16398K->16398K(1064960K)
[12.239s][info ][gc             ] GC(129) Pause Young (Allocation Failure) 26M->11M(61M) 0.547ms
[12.239s][info ][gc,cpu         ] GC(129) User=0.00s Sys=0.00s Real=0.00s
[12.240s][info ][gc,start       ] GC(130) Pause Young (Allocation Failure)
[12.241s][debug][gc,age         ] GC(130) Desired survivor size 1114112 bytes, new threshold 15 (max threshold 15)
[12.241s][info ][gc,heap        ] GC(130) DefNew: 19069K->782K(19648K)
[12.241s][info ][gc,heap        ] GC(130) Tenured: 9500K->10673K(43712K)
[12.241s][info ][gc,metaspace   ] GC(130) Metaspace: 16398K->16398K(1064960K)
[12.241s][info ][gc             ] GC(130) Pause Young (Allocation Failure) 27M->11M(61M) 0.749ms
[12.241s][info ][gc,cpu         ] GC(130) User=0.00s Sys=0.00s Real=0.00s
[12.243s][info ][gc,start       ] GC(131) Pause Young (Allocation Failure)
[12.243s][debug][gc,age         ] GC(131) Desired survivor size 1114112 bytes, new threshold 1 (max threshold 15)
[12.243s][info ][gc,heap        ] GC(131) DefNew: 17926K->1564K(19648K)
[12.243s][info ][gc,heap        ] GC(131) Tenured: 10673K->10673K(43712K)
[12.243s][info ][gc,metaspace   ] GC(131) Metaspace: 16398K->16398K(1064960K)
[12.243s][info ][gc             ] GC(131) Pause Young (Allocation Failure) 27M->11M(61M) 0.548ms
[12.243s][info ][gc,cpu         ] GC(131) User=0.00s Sys=0.00s Real=0.00s
[12.245s][info ][gc,start       ] GC(132) Pause Young (Allocation Failure)
[12.245s][debug][gc,age         ] GC(132) Desired survivor size 1114112 bytes, new threshold 1 (max threshold 15)
[12.245s][info ][gc,heap        ] GC(132) DefNew: 18681K->1173K(19648K)
[12.245s][info ][gc,heap        ] GC(132) Tenured: 10673K->11455K(43712K)
[12.245s][info ][gc,metaspace   ] GC(132) Metaspace: 16398K->16398K(1064960K)
[12.245s][info ][gc             ] GC(132) Pause Young (Allocation Failure) 28M->12M(61M) 0.685ms
[12.245s][info ][gc,cpu         ] GC(132) User=0.00s Sys=0.00s Real=0.00s
[12.247s][info ][gc,start       ] GC(133) Pause Young (Allocation Failure)
[12.247s][debug][gc,age         ] GC(133) Desired survivor size 1114112 bytes, new threshold 1 (max threshold 15)
[12.247s][info ][gc,heap        ] GC(133) DefNew: 18506K->1955K(19648K)
[12.247s][info ][gc,heap        ] GC(133) Tenured: 11455K->12237K(43712K)
[12.247s][info ][gc,metaspace   ] GC(133) Metaspace: 16398K->16398K(1064960K)
[12.247s][info ][gc             ] GC(133) Pause Young (Allocation Failure) 29M->13M(61M) 0.678ms
[12.247s][info ][gc,cpu         ] GC(133) User=0.00s Sys=0.00s Real=0.00s
[12.249s][info ][gc,start       ] GC(134) Pause Young (Allocation Failure)
[12.249s][debug][gc,age         ] GC(134) Desired survivor size 1114112 bytes, new threshold 1 (max threshold 15)
[12.249s][info ][gc,heap        ] GC(134) DefNew: 19133K->1564K(19648K)
[12.249s][info ][gc,heap        ] GC(134) Tenured: 12237K->12629K(43712K)
[12.249s][info ][gc,metaspace   ] GC(134) Metaspace: 16398K->16398K(1064960K)
[12.249s][info ][gc             ] GC(134) Pause Young (Allocation Failure) 30M->13M(61M) 0.664ms
[12.249s][info ][gc,cpu         ] GC(134) User=0.00s Sys=0.00s Real=0.01s
[12.251s][info ][gc,start       ] GC(135) Pause Young (Allocation Failure)
[12.252s][debug][gc,age         ] GC(135) Desired survivor size 1114112 bytes, new threshold 1 (max threshold 15)
[12.252s][info ][gc,heap        ] GC(135) DefNew: 18781K->1173K(19648K)
[12.252s][info ][gc,heap        ] GC(135) Tenured: 12629K->12629K(43712K)
[12.252s][info ][gc,metaspace   ] GC(135) Metaspace: 16398K->16398K(1064960K)
[12.252s][info ][gc             ] GC(135) Pause Young (Allocation Failure) 30M->13M(61M) 0.635ms
[12.252s][info ][gc,cpu         ] GC(135) User=0.00s Sys=0.00s Real=0.00s
[12.254s][info ][gc,start       ] GC(136) Pause Young (Allocation Failure)
[12.254s][debug][gc,age         ] GC(136) Desired survivor size 1114112 bytes, new threshold 1 (max threshold 15)
[12.254s][info ][gc,heap        ] GC(136) DefNew: 18303K->1954K(19648K)
[12.254s][info ][gc,heap        ] GC(136) Tenured: 12629K->13020K(43712K)
[12.254s][info ][gc,metaspace   ] GC(136) Metaspace: 16398K->16398K(1064960K)
[12.254s][info ][gc             ] GC(136) Pause Young (Allocation Failure) 30M->14M(61M) 0.689ms
[12.254s][info ][gc,cpu         ] GC(136) User=0.00s Sys=0.00s Real=0.00s
[12.262s][info ][gc,start       ] GC(137) Pause Young (Allocation Failure)
[12.263s][debug][gc,age         ] GC(137) Desired survivor size 1114112 bytes, new threshold 1 (max threshold 15)
[12.263s][info ][gc,heap        ] GC(137) DefNew: 19426K->1954K(19648K)
[12.263s][info ][gc,heap        ] GC(137) Tenured: 13020K->13802K(43712K)
[12.263s][info ][gc,metaspace   ] GC(137) Metaspace: 16398K->16398K(1064960K)
[12.263s][info ][gc             ] GC(137) Pause Young (Allocation Failure) 31M->15M(61M) 1.127ms
[12.263s][info ][gc,cpu         ] GC(137) User=0.00s Sys=0.00s Real=0.00s
[12.265s][info ][gc,start       ] GC(138) Pause Young (Allocation Failure)
[12.265s][debug][gc,age         ] GC(138) Desired survivor size 1114112 bytes, new threshold 1 (max threshold 15)
[12.265s][info ][gc,heap        ] GC(138) DefNew: 19157K->1564K(19648K)
[12.265s][info ][gc,heap        ] GC(138) Tenured: 13802K->14193K(43712K)
[12.265s][info ][gc,metaspace   ] GC(138) Metaspace: 16398K->16398K(1064960K)
[12.265s][info ][gc             ] GC(138) Pause Young (Allocation Failure) 32M->15M(61M) 0.519ms
[12.265s][info ][gc,cpu         ] GC(138) User=0.00s Sys=0.00s Real=0.00s
[12.267s][info ][gc,start       ] GC(139) Pause Young (Allocation Failure)
[12.268s][debug][gc,age         ] GC(139) Desired survivor size 1114112 bytes, new threshold 1 (max threshold 15)
[12.268s][info ][gc,heap        ] GC(139) DefNew: 18714K->1564K(19648K)
[12.268s][info ][gc,heap        ] GC(139) Tenured: 14193K->14584K(43712K)
[12.268s][info ][gc,metaspace   ] GC(139) Metaspace: 16398K->16398K(1064960K)
[12.268s][info ][gc             ] GC(139) Pause Young (Allocation Failure) 32M->15M(61M) 0.752ms
[12.268s][info ][gc,cpu         ] GC(139) User=0.00s Sys=0.00s Real=0.00s
[12.269s][info ][gc,start       ] GC(140) Pause Young (Allocation Failure)
[12.270s][debug][gc,age         ] GC(140) Desired survivor size 1114112 bytes, new threshold 1 (max threshold 15)
[12.270s][info ][gc,heap        ] GC(140) DefNew: 18672K->1954K(19648K)
[12.270s][info ][gc,heap        ] GC(140) Tenured: 14584K->15366K(43712K)
[12.270s][info ][gc,metaspace   ] GC(140) Metaspace: 16398K->16398K(1064960K)
[12.270s][info ][gc             ] GC(140) Pause Young (Allocation Failure) 32M->16M(61M) 0.629ms
[12.270s][info ][gc,cpu         ] GC(140) User=0.00s Sys=0.00s Real=0.01s
[12.271s][info ][gc,start       ] GC(141) Pause Young (Allocation Failure)
[12.272s][debug][gc,age         ] GC(141) Desired survivor size 1114112 bytes, new threshold 1 (max threshold 15)
[12.272s][info ][gc,heap        ] GC(141) DefNew: 19093K->1564K(19648K)
[12.272s][info ][gc,heap        ] GC(141) Tenured: 15366K->16148K(43712K)
[12.272s][info ][gc,metaspace   ] GC(141) Metaspace: 16398K->16398K(1064960K)
[12.272s][info ][gc             ] GC(141) Pause Young (Allocation Failure) 33M->17M(61M) 0.583ms
[12.272s][info ][gc,cpu         ] GC(141) User=0.00s Sys=0.00s Real=0.00s
[12.273s][info ][gc,start       ] GC(142) Pause Young (Allocation Failure)
[12.274s][debug][gc,age         ] GC(142) Desired survivor size 1114112 bytes, new threshold 1 (max threshold 15)
[12.274s][info ][gc,heap        ] GC(142) DefNew: 18720K->1954K(19648K)
[12.274s][info ][gc,heap        ] GC(142) Tenured: 16148K->16539K(43712K)
[12.274s][info ][gc,metaspace   ] GC(142) Metaspace: 16398K->16398K(1064960K)
[12.274s][info ][gc             ] GC(142) Pause Young (Allocation Failure) 34M->18M(61M) 0.608ms
[12.274s][info ][gc,cpu         ] GC(142) User=0.00s Sys=0.00s Real=0.00s
[12.275s][info ][gc,start       ] GC(143) Pause Young (Allocation Failure)
[12.276s][debug][gc,age         ] GC(143) Desired survivor size 1114112 bytes, new threshold 1 (max threshold 15)
[12.276s][info ][gc,heap        ] GC(143) DefNew: 19084K->1954K(19648K)
[12.276s][info ][gc,heap        ] GC(143) Tenured: 16539K->17712K(43712K)
[12.276s][info ][gc,metaspace   ] GC(143) Metaspace: 16398K->16398K(1064960K)
[12.276s][info ][gc             ] GC(143) Pause Young (Allocation Failure) 34M->19M(61M) 1.088ms
[12.276s][info ][gc,cpu         ] GC(143) User=0.00s Sys=0.00s Real=0.00s
[12.277s][info ][gc,start       ] GC(144) Pause Young (Allocation Failure)
[12.278s][debug][gc,age         ] GC(144) Desired survivor size 1114112 bytes, new threshold 1 (max threshold 15)
[12.278s][info ][gc,heap        ] GC(144) DefNew: 19100K->1564K(19648K)
[12.278s][info ][gc,heap        ] GC(144) Tenured: 17712K->18103K(43712K)
[12.278s][info ][gc,metaspace   ] GC(144) Metaspace: 16398K->16398K(1064960K)
[12.278s][info ][gc             ] GC(144) Pause Young (Allocation Failure) 35M->19M(61M) 0.635ms
[12.278s][info ][gc,cpu         ] GC(144) User=0.00s Sys=0.00s Real=0.00s
[12.279s][info ][gc,start       ] GC(145) Pause Young (Allocation Failure)
[12.280s][debug][gc,age         ] GC(145) Desired survivor size 1114112 bytes, new threshold 15 (max threshold 15)
[12.280s][info ][gc,heap        ] GC(145) DefNew: 18714K->782K(19648K)
[12.280s][info ][gc,heap        ] GC(145) Tenured: 18103K->18104K(43712K)
[12.280s][info ][gc,metaspace   ] GC(145) Metaspace: 16398K->16398K(1064960K)
[12.280s][info ][gc             ] GC(145) Pause Young (Allocation Failure) 35M->18M(61M) 0.687ms
[12.280s][info ][gc,cpu         ] GC(145) User=0.00s Sys=0.00s Real=0.00s
[12.281s][info ][gc,start       ] GC(146) Pause Young (Allocation Failure)
[12.282s][debug][gc,age         ] GC(146) Desired survivor size 1114112 bytes, new threshold 1 (max threshold 15)
[12.282s][info ][gc,heap        ] GC(146) DefNew: 17924K->1955K(19648K)
[12.282s][info ][gc,heap        ] GC(146) Tenured: 18104K->18494K(43712K)
[12.282s][info ][gc,metaspace   ] GC(146) Metaspace: 16398K->16398K(1064960K)
[12.282s][info ][gc             ] GC(146) Pause Young (Allocation Failure) 35M->19M(61M) 0.525ms
[12.282s][info ][gc,cpu         ] GC(146) User=0.00s Sys=0.00s Real=0.00s
[12.283s][info ][gc,start       ] GC(147) Pause Young (Allocation Failure)
[12.284s][debug][gc,age         ] GC(147) Desired survivor size 1114112 bytes, new threshold 1 (max threshold 15)
[12.284s][info ][gc,heap        ] GC(147) DefNew: 19070K->1564K(19648K)
[12.284s][info ][gc,heap        ] GC(147) Tenured: 18494K->18886K(43712K)
[12.284s][info ][gc,metaspace   ] GC(147) Metaspace: 16398K->16398K(1064960K)
[12.284s][info ][gc             ] GC(147) Pause Young (Allocation Failure) 36M->19M(61M) 0.730ms
[12.284s][info ][gc,cpu         ] GC(147) User=0.00s Sys=0.00s Real=0.00s
[12.285s][info ][gc,start       ] GC(148) Pause Young (Allocation Failure)
[12.286s][debug][gc,age         ] GC(148) Desired survivor size 1114112 bytes, new threshold 1 (max threshold 15)
[12.286s][info ][gc,heap        ] GC(148) DefNew: 18759K->1564K(19648K)
[12.286s][info ][gc,heap        ] GC(148) Tenured: 18886K->18886K(43712K)
[12.286s][info ][gc,metaspace   ] GC(148) Metaspace: 16398K->16398K(1064960K)
[12.286s][info ][gc             ] GC(148) Pause Young (Allocation Failure) 36M->19M(61M) 0.483ms
[12.286s][info ][gc,cpu         ] GC(148) User=0.00s Sys=0.00s Real=0.00s
[12.287s][info ][gc,start       ] GC(149) Pause Young (Allocation Failure)
[12.288s][debug][gc,age         ] GC(149) Desired survivor size 1114112 bytes, new threshold 1 (max threshold 15)
[12.288s][info ][gc,heap        ] GC(149) DefNew: 18732K->1564K(19648K)
[12.288s][info ][gc,heap        ] GC(149) Tenured: 18886K->18886K(43712K)
[12.288s][info ][gc,metaspace   ] GC(149) Metaspace: 16398K->16398K(1064960K)
[12.288s][info ][gc             ] GC(149) Pause Young (Allocation Failure) 36M->19M(61M) 0.472ms
[12.288s][info ][gc,cpu         ] GC(149) User=0.00s Sys=0.00s Real=0.00s
[12.289s][info ][gc,start       ] GC(150) Pause Young (Allocation Failure)
[12.289s][debug][gc,age         ] GC(150) Desired survivor size 1114112 bytes, new threshold 1 (max threshold 15)
[12.289s][info ][gc,heap        ] GC(150) DefNew: 18732K->1564K(19648K)
[12.289s][info ][gc,heap        ] GC(150) Tenured: 18886K->18887K(43712K)
[12.289s][info ][gc,metaspace   ] GC(150) Metaspace: 16398K->16398K(1064960K)
[12.289s][info ][gc             ] GC(150) Pause Young (Allocation Failure) 36M->19M(61M) 0.462ms
[12.289s][info ][gc,cpu         ] GC(150) User=0.00s Sys=0.00s Real=0.01s
[12.291s][info ][gc,start       ] GC(151) Pause Young (Allocation Failure)
[12.291s][debug][gc,age         ] GC(151) Desired survivor size 1114112 bytes, new threshold 15 (max threshold 15)
[12.291s][info ][gc,heap        ] GC(151) DefNew: 18715K->783K(19648K)
[12.291s][info ][gc,heap        ] GC(151) Tenured: 18887K->19278K(43712K)
[12.291s][info ][gc,metaspace   ] GC(151) Metaspace: 16398K->16398K(1064960K)
[12.291s][info ][gc             ] GC(151) Pause Young (Allocation Failure) 36M->19M(61M) 0.389ms
[12.291s][info ][gc,cpu         ] GC(151) User=0.00s Sys=0.00s Real=0.00s
[12.292s][info ][gc,start       ] GC(152) Pause Young (Allocation Failure)
[12.293s][debug][gc,age         ] GC(152) Desired survivor size 1114112 bytes, new threshold 1 (max threshold 15)
[12.293s][info ][gc,heap        ] GC(152) DefNew: 17942K->1955K(19648K)
[12.293s][info ][gc,heap        ] GC(152) Tenured: 19278K->19278K(43712K)
[12.293s][info ][gc,metaspace   ] GC(152) Metaspace: 16398K->16398K(1064960K)
[12.293s][info ][gc             ] GC(152) Pause Young (Allocation Failure) 36M->20M(61M) 0.740ms
[12.293s][info ][gc,cpu         ] GC(152) User=0.00s Sys=0.00s Real=0.00s
[12.294s][info ][gc,start       ] GC(153) Pause Young (Allocation Failure)
[12.295s][debug][gc,age         ] GC(153) Desired survivor size 1114112 bytes, new threshold 1 (max threshold 15)
[12.295s][info ][gc,heap        ] GC(153) DefNew: 19062K->1564K(19648K)
[12.295s][info ][gc,heap        ] GC(153) Tenured: 19278K->19669K(43712K)
[12.295s][info ][gc,metaspace   ] GC(153) Metaspace: 16398K->16398K(1064960K)
[12.295s][info ][gc             ] GC(153) Pause Young (Allocation Failure) 37M->20M(61M) 0.912ms
[12.295s][info ][gc,cpu         ] GC(153) User=0.00s Sys=0.00s Real=0.00s
[12.296s][info ][gc,start       ] GC(154) Pause Young (Allocation Failure)
[12.297s][debug][gc,age         ] GC(154) Desired survivor size 1114112 bytes, new threshold 15 (max threshold 15)
[12.297s][info ][gc,heap        ] GC(154) DefNew: 18662K->782K(19648K)
[12.297s][info ][gc,heap        ] GC(154) Tenured: 19669K->20060K(43712K)
[12.297s][info ][gc,metaspace   ] GC(154) Metaspace: 16398K->16398K(1064960K)
[12.297s][info ][gc             ] GC(154) Pause Young (Allocation Failure) 37M->20M(61M) 0.427ms
[12.297s][info ][gc,cpu         ] GC(154) User=0.00s Sys=0.00s Real=0.00s
[12.298s][info ][gc,start       ] GC(155) Pause Young (Allocation Failure)
[12.298s][debug][gc,age         ] GC(155) Desired survivor size 1114112 bytes, new threshold 1 (max threshold 15)
[12.298s][info ][gc,heap        ] GC(155) DefNew: 17899K->1174K(19648K)
[12.298s][info ][gc,heap        ] GC(155) Tenured: 20060K->20060K(43712K)
[12.298s][info ][gc,metaspace   ] GC(155) Metaspace: 16398K->16398K(1064960K)
[12.298s][info ][gc             ] GC(155) Pause Young (Allocation Failure) 37M->20M(61M) 0.418ms
[12.298s][info ][gc,cpu         ] GC(155) User=0.00s Sys=0.00s Real=0.00s
[12.300s][info ][gc,start       ] GC(156) Pause Young (Allocation Failure)
[12.300s][debug][gc,age         ] GC(156) Desired survivor size 1114112 bytes, new threshold 1 (max threshold 15)
[12.300s][info ][gc,heap        ] GC(156) DefNew: 18295K->1173K(19648K)
[12.300s][info ][gc,heap        ] GC(156) Tenured: 20060K->20452K(43712K)
[12.300s][info ][gc,metaspace   ] GC(156) Metaspace: 16398K->16398K(1064960K)
[12.300s][info ][gc             ] GC(156) Pause Young (Allocation Failure) 37M->21M(61M) 0.616ms
[12.300s][info ][gc,cpu         ] GC(156) User=0.00s Sys=0.00s Real=0.00s
[12.301s][info ][gc,start       ] GC(157) Pause Young (Allocation Failure)
[12.302s][debug][gc,age         ] GC(157) Desired survivor size 1114112 bytes, new threshold 1 (max threshold 15)
[12.302s][info ][gc,heap        ] GC(157) DefNew: 18298K->1564K(19648K)
[12.302s][info ][gc,heap        ] GC(157) Tenured: 20452K->20843K(43712K)
[12.302s][info ][gc,metaspace   ] GC(157) Metaspace: 16398K->16398K(1064960K)
[12.302s][info ][gc             ] GC(157) Pause Young (Allocation Failure) 37M->21M(61M) 0.549ms
[12.302s][info ][gc,cpu         ] GC(157) User=0.00s Sys=0.00s Real=0.00s
[12.303s][info ][gc,start       ] GC(158) Pause Young (Allocation Failure)
[12.304s][debug][gc,age         ] GC(158) Desired survivor size 1114112 bytes, new threshold 1 (max threshold 15)
[12.304s][info ][gc,heap        ] GC(158) DefNew: 18751K->1955K(19648K)
[12.304s][info ][gc,heap        ] GC(158) Tenured: 20843K->21625K(43712K)
[12.304s][info ][gc,metaspace   ] GC(158) Metaspace: 16398K->16398K(1064960K)
[12.304s][info ][gc             ] GC(158) Pause Young (Allocation Failure) 38M->23M(61M) 0.687ms
[12.304s][info ][gc,cpu         ] GC(158) User=0.00s Sys=0.00s Real=0.00s
[12.305s][info ][gc,start       ] GC(159) Pause Young (Allocation Failure)
[12.306s][debug][gc,age         ] GC(159) Desired survivor size 1114112 bytes, new threshold 1 (max threshold 15)
[12.306s][info ][gc,heap        ] GC(159) DefNew: 19127K->1955K(19648K)
[12.306s][info ][gc,heap        ] GC(159) Tenured: 21625K->22406K(43712K)
[12.306s][info ][gc,metaspace   ] GC(159) Metaspace: 16398K->16398K(1064960K)
[12.306s][info ][gc             ] GC(159) Pause Young (Allocation Failure) 39M->23M(61M) 0.650ms
[12.306s][info ][gc,cpu         ] GC(159) User=0.00s Sys=0.00s Real=0.00s
[12.307s][info ][gc,start       ] GC(160) Pause Young (Allocation Failure)
[12.307s][debug][gc,age         ] GC(160) Desired survivor size 1114112 bytes, new threshold 1 (max threshold 15)
[12.307s][info ][gc,heap        ] GC(160) DefNew: 19171K->1564K(19648K)
[12.307s][info ][gc,heap        ] GC(160) Tenured: 22406K->22406K(43712K)
[12.307s][info ][gc,metaspace   ] GC(160) Metaspace: 16398K->16398K(1064960K)
[12.307s][info ][gc             ] GC(160) Pause Young (Allocation Failure) 40M->23M(61M) 0.427ms
[12.307s][info ][gc,cpu         ] GC(160) User=0.00s Sys=0.00s Real=0.00s
[12.309s][info ][gc,start       ] GC(161) Pause Young (Allocation Failure)
[12.309s][debug][gc,age         ] GC(161) Desired survivor size 1114112 bytes, new threshold 1 (max threshold 15)
[12.309s][info ][gc,heap        ] GC(161) DefNew: 18709K->1954K(19648K)
[12.309s][info ][gc,heap        ] GC(161) Tenured: 22406K->22797K(43712K)
[12.309s][info ][gc,metaspace   ] GC(161) Metaspace: 16398K->16398K(1064960K)
[12.309s][info ][gc             ] GC(161) Pause Young (Allocation Failure) 40M->24M(61M) 0.728ms
[12.309s][info ][gc,cpu         ] GC(161) User=0.00s Sys=0.00s Real=0.01s
[12.311s][info ][gc,start       ] GC(162) Pause Young (Allocation Failure)
[12.311s][debug][gc,age         ] GC(162) Desired survivor size 1114112 bytes, new threshold 1 (max threshold 15)
[12.311s][info ][gc,heap        ] GC(162) DefNew: 19099K->1955K(19648K)
[12.311s][info ][gc,heap        ] GC(162) Tenured: 22797K->23188K(43712K)
[12.311s][info ][gc,metaspace   ] GC(162) Metaspace: 16398K->16398K(1064960K)
[12.311s][info ][gc             ] GC(162) Pause Young (Allocation Failure) 40M->24M(61M) 0.495ms
[12.311s][info ][gc,cpu         ] GC(162) User=0.00s Sys=0.00s Real=0.00s
[12.312s][info ][gc,start       ] GC(163) Pause Young (Allocation Failure)
[12.313s][debug][gc,age         ] GC(163) Desired survivor size 1114112 bytes, new threshold 1 (max threshold 15)
[12.313s][info ][gc,heap        ] GC(163) DefNew: 19109K->1955K(19648K)
[12.313s][info ][gc,heap        ] GC(163) Tenured: 23188K->23579K(43712K)
[12.313s][info ][gc,metaspace   ] GC(163) Metaspace: 16398K->16398K(1064960K)
[12.313s][info ][gc             ] GC(163) Pause Young (Allocation Failure) 41M->24M(61M) 0.604ms
[12.313s][info ][gc,cpu         ] GC(163) User=0.00s Sys=0.00s Real=0.00s
[12.315s][info ][gc,start       ] GC(164) Pause Young (Allocation Failure)
[12.315s][debug][gc,age         ] GC(164) Desired survivor size 1114112 bytes, new threshold 1 (max threshold 15)
[12.315s][info ][gc,heap        ] GC(164) DefNew: 19137K->1955K(19648K)
[12.315s][info ][gc,heap        ] GC(164) Tenured: 23579K->24361K(43712K)
[12.315s][info ][gc,metaspace   ] GC(164) Metaspace: 16398K->16398K(1064960K)
[12.315s][info ][gc             ] GC(164) Pause Young (Allocation Failure) 41M->25M(61M) 0.702ms
[12.315s][info ][gc,cpu         ] GC(164) User=0.00s Sys=0.00s Real=0.00s
[12.317s][info ][gc,start       ] GC(165) Pause Young (Allocation Failure)
[12.317s][debug][gc,age         ] GC(165) Desired survivor size 1114112 bytes, new threshold 1 (max threshold 15)
[12.317s][info ][gc,heap        ] GC(165) DefNew: 19122K->1564K(19648K)
[12.317s][info ][gc,heap        ] GC(165) Tenured: 24361K->24361K(43712K)
[12.317s][info ][gc,metaspace   ] GC(165) Metaspace: 16398K->16398K(1064960K)
[12.317s][info ][gc             ] GC(165) Pause Young (Allocation Failure) 42M->25M(61M) 0.623ms
[12.317s][info ][gc,cpu         ] GC(165) User=0.00s Sys=0.00s Real=0.00s
[12.318s][info ][gc,start       ] GC(166) Pause Young (Allocation Failure)
[12.319s][debug][gc,age         ] GC(166) Desired survivor size 1114112 bytes, new threshold 1 (max threshold 15)
[12.319s][info ][gc,heap        ] GC(166) DefNew: 18722K->1955K(19648K)
[12.319s][info ][gc,heap        ] GC(166) Tenured: 24361K->24752K(43712K)
[12.319s][info ][gc,metaspace   ] GC(166) Metaspace: 16398K->16398K(1064960K)
[12.319s][info ][gc             ] GC(166) Pause Young (Allocation Failure) 42M->26M(61M) 0.802ms
[12.319s][info ][gc,cpu         ] GC(166) User=0.00s Sys=0.00s Real=0.01s
[12.321s][info ][gc,start       ] GC(167) Pause Young (Allocation Failure)
[12.321s][debug][gc,age         ] GC(167) Desired survivor size 1114112 bytes, new threshold 1 (max threshold 15)
[12.321s][info ][gc,heap        ] GC(167) DefNew: 19404K->1954K(19648K)
[12.321s][info ][gc,heap        ] GC(167) Tenured: 24752K->25143K(43712K)
[12.321s][info ][gc,metaspace   ] GC(167) Metaspace: 16398K->16398K(1064960K)
[12.321s][info ][gc             ] GC(167) Pause Young (Allocation Failure) 43M->26M(61M) 0.689ms
[12.321s][info ][gc,cpu         ] GC(167) User=0.01s Sys=0.00s Real=0.00s
[12.323s][info ][gc,start       ] GC(168) Pause Young (Allocation Failure)
[12.323s][debug][gc,age         ] GC(168) Desired survivor size 1114112 bytes, new threshold 1 (max threshold 15)
[12.323s][info ][gc,heap        ] GC(168) DefNew: 19090K->1955K(19648K)
[12.323s][info ][gc,heap        ] GC(168) Tenured: 25143K->25534K(43712K)
[12.323s][info ][gc,metaspace   ] GC(168) Metaspace: 16398K->16398K(1064960K)
[12.323s][info ][gc             ] GC(168) Pause Young (Allocation Failure) 43M->26M(61M) 0.713ms
[12.323s][info ][gc,cpu         ] GC(168) User=0.00s Sys=0.00s Real=0.00s
[12.325s][info ][gc,start       ] GC(169) Pause Young (Allocation Failure)
[12.325s][debug][gc,age         ] GC(169) Desired survivor size 1114112 bytes, new threshold 1 (max threshold 15)
[12.325s][info ][gc,heap        ] GC(169) DefNew: 19084K->1955K(19648K)
[12.325s][info ][gc,heap        ] GC(169) Tenured: 25534K->25925K(43712K)
[12.325s][info ][gc,metaspace   ] GC(169) Metaspace: 16398K->16398K(1064960K)
[12.325s][info ][gc             ] GC(169) Pause Young (Allocation Failure) 43M->27M(61M) 0.796ms
[12.325s][info ][gc,cpu         ] GC(169) User=0.01s Sys=0.00s Real=0.00s
[12.327s][info ][gc,start       ] GC(170) Pause Young (Allocation Failure)
[12.327s][debug][gc,age         ] GC(170) Desired survivor size 1114112 bytes, new threshold 15 (max threshold 15)
[12.327s][info ][gc,heap        ] GC(170) DefNew: 19046K->392K(19648K)
[12.327s][info ][gc,heap        ] GC(170) Tenured: 25925K->26707K(43712K)
[12.327s][info ][gc,metaspace   ] GC(170) Metaspace: 16398K->16398K(1064960K)
[12.327s][info ][gc             ] GC(170) Pause Young (Allocation Failure) 43M->26M(61M) 0.531ms
[12.327s][info ][gc,cpu         ] GC(170) User=0.00s Sys=0.00s Real=0.00s
[12.329s][info ][gc,start       ] GC(171) Pause Young (Allocation Failure)
[12.329s][debug][gc,age         ] GC(171) Desired survivor size 1114112 bytes, new threshold 1 (max threshold 15)
[12.329s][info ][gc,heap        ] GC(171) DefNew: 17544K->1955K(19648K)
[12.329s][info ][gc,heap        ] GC(171) Tenured: 26707K->26707K(43712K)
[12.329s][info ][gc,metaspace   ] GC(171) Metaspace: 16398K->16398K(1064960K)
[12.329s][info ][gc             ] GC(171) Pause Young (Allocation Failure) 43M->27M(61M) 0.657ms
[12.329s][info ][gc,cpu         ] GC(171) User=0.00s Sys=0.00s Real=0.01s
[12.331s][info ][gc,start       ] GC(172) Pause Young (Allocation Failure)
[12.331s][debug][gc,age         ] GC(172) Desired survivor size 1114112 bytes, new threshold 1 (max threshold 15)
[12.331s][info ][gc,heap        ] GC(172) DefNew: 19109K->1564K(19648K)
[12.331s][info ][gc,heap        ] GC(172) Tenured: 26707K->27098K(43712K)
[12.331s][info ][gc,metaspace   ] GC(172) Metaspace: 16398K->16398K(1064960K)
[12.331s][info ][gc             ] GC(172) Pause Young (Allocation Failure) 44M->27M(61M) 0.516ms
[12.331s][info ][gc,cpu         ] GC(172) User=0.00s Sys=0.00s Real=0.00s
[12.333s][info ][gc,start       ] GC(173) Pause Young (Allocation Failure)
[12.333s][debug][gc,age         ] GC(173) Desired survivor size 1114112 bytes, new threshold 1 (max threshold 15)
[12.333s][info ][gc,heap        ] GC(173) DefNew: 18709K->1955K(19648K)
[12.333s][info ][gc,heap        ] GC(173) Tenured: 27098K->27098K(43712K)
[12.333s][info ][gc,metaspace   ] GC(173) Metaspace: 16398K->16398K(1064960K)
[12.333s][info ][gc             ] GC(173) Pause Young (Allocation Failure) 44M->28M(61M) 0.538ms
[12.333s][info ][gc,cpu         ] GC(173) User=0.00s Sys=0.00s Real=0.00s
[12.335s][info ][gc,start       ] GC(174) Pause Young (Allocation Failure)
[12.335s][debug][gc,age         ] GC(174) Desired survivor size 1114112 bytes, new threshold 1 (max threshold 15)
[12.335s][info ][gc,heap        ] GC(174) DefNew: 19101K->1954K(19648K)
[12.335s][info ][gc,heap        ] GC(174) Tenured: 27098K->27489K(43712K)
[12.335s][info ][gc,metaspace   ] GC(174) Metaspace: 16398K->16398K(1064960K)
[12.335s][info ][gc             ] GC(174) Pause Young (Allocation Failure) 45M->28M(61M) 0.628ms
[12.335s][info ][gc,cpu         ] GC(174) User=0.00s Sys=0.00s Real=0.00s
[12.337s][info ][gc,start       ] GC(175) Pause Young (Allocation Failure)
[12.337s][debug][gc,age         ] GC(175) Desired survivor size 1114112 bytes, new threshold 1 (max threshold 15)
[12.337s][info ][gc,heap        ] GC(175) DefNew: 19146K->1564K(19648K)
[12.337s][info ][gc,heap        ] GC(175) Tenured: 27489K->27880K(43712K)
[12.337s][info ][gc,metaspace   ] GC(175) Metaspace: 16398K->16398K(1064960K)
[12.337s][info ][gc             ] GC(175) Pause Young (Allocation Failure) 45M->28M(61M) 0.620ms
[12.337s][info ][gc,cpu         ] GC(175) User=0.00s Sys=0.00s Real=0.00s
[12.338s][info ][gc,start       ] GC(176) Pause Young (Allocation Failure)
[12.339s][debug][gc,age         ] GC(176) Desired survivor size 1114112 bytes, new threshold 1 (max threshold 15)
[12.339s][info ][gc,heap        ] GC(176) DefNew: 18690K->1564K(19648K)
[12.339s][info ][gc,heap        ] GC(176) Tenured: 27880K->27880K(43712K)
[12.339s][info ][gc,metaspace   ] GC(176) Metaspace: 16398K->16398K(1064960K)
[12.339s][info ][gc             ] GC(176) Pause Young (Allocation Failure) 45M->28M(61M) 0.592ms
[12.339s][info ][gc,cpu         ] GC(176) User=0.00s Sys=0.00s Real=0.00s
[12.340s][info ][gc,start       ] GC(177) Pause Young (Allocation Failure)
[12.341s][debug][gc,age         ] GC(177) Desired survivor size 1114112 bytes, new threshold 1 (max threshold 15)
[12.341s][info ][gc,heap        ] GC(177) DefNew: 18704K->1955K(19648K)
[12.341s][info ][gc,heap        ] GC(177) Tenured: 27880K->28662K(43712K)
[12.341s][info ][gc,metaspace   ] GC(177) Metaspace: 16398K->16398K(1064960K)
[12.341s][info ][gc             ] GC(177) Pause Young (Allocation Failure) 45M->29M(61M) 0.717ms
[12.341s][info ][gc,cpu         ] GC(177) User=0.00s Sys=0.00s Real=0.00s
[12.342s][info ][gc,start       ] GC(178) Pause Young (Allocation Failure)
[12.343s][debug][gc,age         ] GC(178) Desired survivor size 1114112 bytes, new threshold 1 (max threshold 15)
[12.343s][info ][gc,heap        ] GC(178) DefNew: 19085K->1173K(19648K)
[12.343s][info ][gc,heap        ] GC(178) Tenured: 28662K->29053K(43712K)
[12.343s][info ][gc,metaspace   ] GC(178) Metaspace: 16398K->16398K(1064960K)
[12.343s][info ][gc             ] GC(178) Pause Young (Allocation Failure) 46M->29M(61M) 0.860ms
[12.343s][info ][gc,cpu         ] GC(178) User=0.00s Sys=0.00s Real=0.00s
[12.345s][info ][gc,start       ] GC(179) Pause Young (Allocation Failure)
[12.345s][debug][gc,age         ] GC(179) Desired survivor size 1114112 bytes, new threshold 1 (max threshold 15)
[12.345s][info ][gc,heap        ] GC(179) DefNew: 18298K->1955K(19648K)
[12.345s][info ][gc,heap        ] GC(179) Tenured: 29053K->29053K(43712K)
[12.345s][info ][gc,metaspace   ] GC(179) Metaspace: 16398K->16398K(1064960K)
[12.345s][info ][gc             ] GC(179) Pause Young (Allocation Failure) 46M->30M(61M) 0.626ms
[12.345s][info ][gc,cpu         ] GC(179) User=0.00s Sys=0.00s Real=0.00s
[12.347s][info ][gc,start       ] GC(180) Pause Young (Allocation Failure)
[12.347s][debug][gc,age         ] GC(180) Desired survivor size 1114112 bytes, new threshold 1 (max threshold 15)
[12.347s][info ][gc,heap        ] GC(180) DefNew: 19143K->1564K(19648K)
[12.347s][info ][gc,heap        ] GC(180) Tenured: 29053K->29444K(43712K)
[12.347s][info ][gc,metaspace   ] GC(180) Metaspace: 16398K->16398K(1064960K)
[12.347s][info ][gc             ] GC(180) Pause Young (Allocation Failure) 47M->30M(61M) 0.565ms
[12.347s][info ][gc,cpu         ] GC(180) User=0.00s Sys=0.00s Real=0.00s
[12.349s][info ][gc,start       ] GC(181) Pause Young (Allocation Failure)
[12.349s][debug][gc,age         ] GC(181) Desired survivor size 1114112 bytes, new threshold 1 (max threshold 15)
[12.349s][info ][gc,heap        ] GC(181) DefNew: 18735K->1564K(19648K)
[12.349s][info ][gc,heap        ] GC(181) Tenured: 29444K->29444K(43712K)
[12.349s][info ][gc,metaspace   ] GC(181) Metaspace: 16398K->16398K(1064960K)
[12.349s][info ][gc             ] GC(181) Pause Young (Allocation Failure) 47M->30M(61M) 0.497ms
[12.349s][info ][gc,cpu         ] GC(181) User=0.00s Sys=0.00s Real=0.00s
[12.350s][info ][gc,start       ] GC(182) Pause Young (Allocation Failure)
[12.351s][debug][gc,age         ] GC(182) Desired survivor size 1114112 bytes, new threshold 1 (max threshold 15)
[12.351s][info ][gc,heap        ] GC(182) DefNew: 18678K->1954K(19648K)
[12.351s][info ][gc,heap        ] GC(182) Tenured: 29444K->29445K(43712K)
[12.351s][info ][gc,metaspace   ] GC(182) Metaspace: 16398K->16398K(1064960K)
[12.351s][info ][gc             ] GC(182) Pause Young (Allocation Failure) 46M->30M(61M) 0.635ms
[12.351s][info ][gc,cpu         ] GC(182) User=0.00s Sys=0.00s Real=0.00s
[12.352s][info ][gc,start       ] GC(183) Pause Young (Allocation Failure)
[12.353s][debug][gc,age         ] GC(183) Desired survivor size 1114112 bytes, new threshold 1 (max threshold 15)
[12.353s][info ][gc,heap        ] GC(183) DefNew: 19075K->1955K(19648K)
[12.353s][info ][gc,heap        ] GC(183) Tenured: 29445K->30226K(43712K)
[12.353s][info ][gc,metaspace   ] GC(183) Metaspace: 16398K->16398K(1064960K)
[12.353s][info ][gc             ] GC(183) Pause Young (Allocation Failure) 47M->31M(61M) 0.806ms
[12.353s][info ][gc,cpu         ] GC(183) User=0.00s Sys=0.00s Real=0.00s
[12.354s][info ][gc,start       ] GC(184) Pause Young (Allocation Failure)
[12.355s][debug][gc,age         ] GC(184) Desired survivor size 1114112 bytes, new threshold 1 (max threshold 15)
[12.355s][info ][gc,heap        ] GC(184) DefNew: 19081K->1955K(19648K)
[12.355s][info ][gc,heap        ] GC(184) Tenured: 30226K->31008K(43712K)
[12.355s][info ][gc,metaspace   ] GC(184) Metaspace: 16398K->16398K(1064960K)
[12.355s][info ][gc             ] GC(184) Pause Young (Allocation Failure) 48M->32M(61M) 0.674ms
[12.355s][info ][gc,cpu         ] GC(184) User=0.01s Sys=0.00s Real=0.00s
[12.356s][info ][gc,start       ] GC(185) Pause Young (Allocation Failure)
[12.357s][debug][gc,age         ] GC(185) Desired survivor size 1114112 bytes, new threshold 1 (max threshold 15)
[12.357s][info ][gc,heap        ] GC(185) DefNew: 19137K->1955K(19648K)
[12.357s][info ][gc,heap        ] GC(185) Tenured: 31008K->31789K(43712K)
[12.357s][info ][gc,metaspace   ] GC(185) Metaspace: 16398K->16398K(1064960K)
[12.357s][info ][gc             ] GC(185) Pause Young (Allocation Failure) 48M->32M(61M) 0.726ms
[12.357s][info ][gc,cpu         ] GC(185) User=0.00s Sys=0.00s Real=0.00s
[12.358s][info ][gc,start       ] GC(186) Pause Young (Allocation Failure)
[12.360s][debug][gc,age         ] GC(186) Desired survivor size 1114112 bytes, new threshold 1 (max threshold 15)
[12.360s][info ][gc,heap        ] GC(186) DefNew: 19427K->1173K(19648K)
[12.360s][info ][gc,heap        ] GC(186) Tenured: 31789K->32180K(43712K)
[12.360s][info ][gc,metaspace   ] GC(186) Metaspace: 16398K->16398K(1064960K)
[12.360s][info ][gc             ] GC(186) Pause Young (Allocation Failure) 50M->32M(61M) 1.202ms
[12.360s][info ][gc,cpu         ] GC(186) User=0.00s Sys=0.01s Real=0.01s
[12.361s][info ][gc,start       ] GC(187) Pause Young (Allocation Failure)
[12.361s][debug][gc,age         ] GC(187) Desired survivor size 1114112 bytes, new threshold 1 (max threshold 15)
[12.361s][info ][gc,heap        ] GC(187) DefNew: 18313K->1955K(19648K)
[12.361s][info ][gc,heap        ] GC(187) Tenured: 32180K->32180K(43712K)
[12.361s][info ][gc,metaspace   ] GC(187) Metaspace: 16398K->16398K(1064960K)
[12.361s][info ][gc             ] GC(187) Pause Young (Allocation Failure) 49M->33M(61M) 0.543ms
[12.362s][info ][gc,cpu         ] GC(187) User=0.00s Sys=0.00s Real=0.00s
[12.363s][info ][gc,start       ] GC(188) Pause Young (Allocation Failure)
[12.363s][debug][gc,age         ] GC(188) Desired survivor size 1114112 bytes, new threshold 1 (max threshold 15)
[12.364s][info ][gc,heap        ] GC(188) DefNew: 19415K->1954K(19648K)
[12.364s][info ][gc,heap        ] GC(188) Tenured: 32180K->32962K(43712K)
[12.364s][info ][gc,metaspace   ] GC(188) Metaspace: 16398K->16398K(1064960K)
[12.364s][info ][gc             ] GC(188) Pause Young (Allocation Failure) 50M->34M(61M) 0.747ms
[12.364s][info ][gc,cpu         ] GC(188) User=0.00s Sys=0.00s Real=0.00s
[12.365s][info ][gc,start       ] GC(189) Pause Young (Allocation Failure)
[12.365s][debug][gc,age         ] GC(189) Desired survivor size 1114112 bytes, new threshold 1 (max threshold 15)
[12.365s][info ][gc,heap        ] GC(189) DefNew: 19102K->1173K(19648K)
[12.365s][info ][gc,heap        ] GC(189) Tenured: 32962K->32962K(43712K)
[12.365s][info ][gc,metaspace   ] GC(189) Metaspace: 16398K->16398K(1064960K)
[12.365s][info ][gc             ] GC(189) Pause Young (Allocation Failure) 50M->33M(61M) 0.485ms
[12.365s][info ][gc,cpu         ] GC(189) User=0.00s Sys=0.00s Real=0.00s
[12.367s][info ][gc,start       ] GC(190) Pause Young (Allocation Failure)
[12.367s][debug][gc,age         ] GC(190) Desired survivor size 1114112 bytes, new threshold 1 (max threshold 15)
[12.367s][info ][gc,heap        ] GC(190) DefNew: 18279K->1954K(19648K)
[12.367s][info ][gc,heap        ] GC(190) Tenured: 32962K->33354K(43712K)
[12.367s][info ][gc,metaspace   ] GC(190) Metaspace: 16398K->16398K(1064960K)
[12.367s][info ][gc             ] GC(190) Pause Young (Allocation Failure) 50M->34M(61M) 0.651ms
[12.368s][info ][gc,cpu         ] GC(190) User=0.00s Sys=0.00s Real=0.00s
[12.369s][info ][gc,start       ] GC(191) Pause Young (Allocation Failure)
[12.369s][debug][gc,age         ] GC(191) Desired survivor size 1114112 bytes, new threshold 15 (max threshold 15)
[12.369s][info ][gc,heap        ] GC(191) DefNew: 19334K->782K(19648K)
[12.369s][info ][gc,heap        ] GC(191) Tenured: 33354K->34527K(43712K)
[12.369s][info ][gc,metaspace   ] GC(191) Metaspace: 16398K->16398K(1064960K)
[12.369s][info ][gc             ] GC(191) Pause Young (Allocation Failure) 51M->34M(61M) 0.779ms
[12.369s][info ][gc,cpu         ] GC(191) User=0.01s Sys=0.00s Real=0.01s
[12.371s][info ][gc,start       ] GC(192) Pause Young (Allocation Failure)
[12.371s][debug][gc,age         ] GC(192) Desired survivor size 1114112 bytes, new threshold 1 (max threshold 15)
[12.371s][info ][gc,heap        ] GC(192) DefNew: 17986K->1955K(19648K)
[12.371s][info ][gc,heap        ] GC(192) Tenured: 34527K->34527K(43712K)
[12.371s][info ][gc,metaspace   ] GC(192) Metaspace: 16398K->16398K(1064960K)
[12.371s][info ][gc             ] GC(192) Pause Young (Allocation Failure) 51M->35M(61M) 0.526ms
[12.371s][info ][gc,cpu         ] GC(192) User=0.00s Sys=0.00s Real=0.00s
[12.373s][info ][gc,start       ] GC(193) Pause Young (Allocation Failure)
[12.373s][debug][gc,age         ] GC(193) Desired survivor size 1114112 bytes, new threshold 1 (max threshold 15)
[12.373s][info ][gc,heap        ] GC(193) DefNew: 19427K->1172K(19648K)
[12.373s][info ][gc,heap        ] GC(193) Tenured: 34527K->35309K(43712K)
[12.373s][info ][gc,metaspace   ] GC(193) Metaspace: 16398K->16398K(1064960K)
[12.373s][info ][gc             ] GC(193) Pause Young (Allocation Failure) 52M->35M(61M) 0.607ms
[12.373s][info ][gc,cpu         ] GC(193) User=0.00s Sys=0.00s Real=0.00s
[12.374s][info ][gc,start       ] GC(194) Pause Young (Allocation Failure)
[12.375s][debug][gc,age         ] GC(194) Desired survivor size 1114112 bytes, new threshold 1 (max threshold 15)
[12.375s][info ][gc,heap        ] GC(194) DefNew: 18355K->1955K(19648K)
[12.375s][info ][gc,heap        ] GC(194) Tenured: 35309K->36091K(43712K)
[12.375s][info ][gc,metaspace   ] GC(194) Metaspace: 16398K->16398K(1064960K)
[12.375s][info ][gc             ] GC(194) Pause Young (Allocation Failure) 52M->37M(61M) 0.635ms
[12.375s][info ][gc,cpu         ] GC(194) User=0.00s Sys=0.00s Real=0.00s
[12.377s][info ][gc,start       ] GC(195) Pause Young (Allocation Failure)
[12.377s][debug][gc,age         ] GC(195) Desired survivor size 1114112 bytes, new threshold 1 (max threshold 15)
[12.377s][info ][gc,heap        ] GC(195) DefNew: 19195K->1955K(19648K)
[12.377s][info ][gc,heap        ] GC(195) Tenured: 36091K->36482K(43712K)
[12.377s][info ][gc,metaspace   ] GC(195) Metaspace: 16398K->16398K(1064960K)
[12.377s][info ][gc             ] GC(195) Pause Young (Allocation Failure) 53M->37M(61M) 0.648ms
[12.377s][info ][gc,cpu         ] GC(195) User=0.00s Sys=0.00s Real=0.00s
[12.379s][info ][gc,start       ] GC(196) Pause Young (Allocation Failure)
[12.379s][debug][gc,age         ] GC(196) Desired survivor size 1114112 bytes, new threshold 1 (max threshold 15)
[12.379s][info ][gc,heap        ] GC(196) DefNew: 19096K->1954K(19648K)
[12.379s][info ][gc,heap        ] GC(196) Tenured: 36482K->36873K(43712K)
[12.379s][info ][gc,metaspace   ] GC(196) Metaspace: 16398K->16398K(1064960K)
[12.379s][info ][gc             ] GC(196) Pause Young (Allocation Failure) 54M->37M(61M) 0.566ms
[12.379s][info ][gc,cpu         ] GC(196) User=0.00s Sys=0.00s Real=0.00s
[12.380s][info ][gc,start       ] GC(197) Pause Young (Allocation Failure)
[12.381s][debug][gc,age         ] GC(197) Desired survivor size 1114112 bytes, new threshold 1 (max threshold 15)
[12.381s][info ][gc,heap        ] GC(197) DefNew: 19426K->1173K(19648K)
[12.381s][info ][gc,heap        ] GC(197) Tenured: 36873K->37655K(43712K)
[12.381s][info ][gc,metaspace   ] GC(197) Metaspace: 16398K->16398K(1064960K)
[12.381s][info ][gc             ] GC(197) Pause Young (Allocation Failure) 54M->37M(61M) 0.682ms
[12.381s][info ][gc,cpu         ] GC(197) User=0.00s Sys=0.00s Real=0.00s
[12.383s][info ][gc,start       ] GC(198) Pause Young (Allocation Failure)
[12.383s][debug][gc,age         ] GC(198) Desired survivor size 1114112 bytes, new threshold 1 (max threshold 15)
[12.383s][info ][gc,heap        ] GC(198) DefNew: 18491K->1172K(19648K)
[12.383s][info ][gc,heap        ] GC(198) Tenured: 37655K->38437K(43712K)
[12.383s][info ][gc,metaspace   ] GC(198) Metaspace: 16398K->16398K(1064960K)
[12.383s][info ][gc             ] GC(198) Pause Young (Allocation Failure) 54M->38M(61M) 0.622ms
[12.383s][info ][gc,cpu         ] GC(198) User=0.00s Sys=0.00s Real=0.00s
[12.385s][info ][gc,start       ] GC(199) Pause Young (Allocation Failure)
[12.385s][debug][gc,age         ] GC(199) Desired survivor size 1114112 bytes, new threshold 1 (max threshold 15)
[12.385s][info ][gc,heap        ] GC(199) DefNew: 18342K->1954K(19648K)
[12.385s][info ][gc,heap        ] GC(199) Tenured: 38437K->38437K(43712K)
[12.385s][info ][gc,metaspace   ] GC(199) Metaspace: 16398K->16398K(1064960K)
[12.385s][info ][gc             ] GC(199) Pause Young (Allocation Failure) 55M->39M(61M) 0.594ms
[12.385s][info ][gc,cpu         ] GC(199) User=0.00s Sys=0.00s Real=0.00s
[12.387s][info ][gc,start       ] GC(200) Pause Young (Allocation Failure)
[12.387s][debug][gc,age         ] GC(200) Desired survivor size 1114112 bytes, new threshold 1 (max threshold 15)
[12.387s][info ][gc,heap        ] GC(200) DefNew: 19246K->1955K(19648K)
[12.387s][info ][gc,heap        ] GC(200) Tenured: 38437K->39609K(43712K)
[12.387s][info ][gc,metaspace   ] GC(200) Metaspace: 16398K->16398K(1064960K)
[12.387s][info ][gc             ] GC(200) Pause Young (Allocation Failure) 56M->40M(61M) 0.818ms
[12.387s][info ][gc,cpu         ] GC(200) User=0.00s Sys=0.00s Real=0.00s
[12.389s][info ][gc,start       ] GC(201) Pause Young (Allocation Failure)
[12.389s][debug][gc,age         ] GC(201) Desired survivor size 1114112 bytes, new threshold 15 (max threshold 15)
[12.389s][info ][gc,heap        ] GC(201) DefNew: 19427K->1K(19648K)
[12.389s][info ][gc,heap        ] GC(201) Tenured: 39609K->40392K(43712K)
[12.389s][info ][gc,metaspace   ] GC(201) Metaspace: 16398K->16398K(1064960K)
[12.389s][info ][gc             ] GC(201) Pause Young (Allocation Failure) 57M->39M(61M) 0.460ms
[12.389s][info ][gc,cpu         ] GC(201) User=0.00s Sys=0.00s Real=0.00s
[12.391s][info ][gc,start       ] GC(202) Pause Young (Allocation Failure)
[12.391s][debug][gc,age         ] GC(202) Desired survivor size 1114112 bytes, new threshold 1 (max threshold 15)
[12.391s][info ][gc,heap        ] GC(202) DefNew: 17148K->1955K(19648K)
[12.391s][info ][gc,heap        ] GC(202) Tenured: 40392K->40782K(43712K)
[12.391s][info ][gc,metaspace   ] GC(202) Metaspace: 16398K->16398K(1064960K)
[12.391s][info ][gc             ] GC(202) Pause Young (Allocation Failure) 56M->41M(61M) 0.709ms
[12.391s][info ][gc,cpu         ] GC(202) User=0.00s Sys=0.00s Real=0.00s
[12.393s][info ][gc,start       ] GC(203) Pause Young (Allocation Failure)
[12.394s][debug][gc,age         ] GC(203) Desired survivor size 1114112 bytes, new threshold 1 (max threshold 15)
[12.394s][info ][gc,heap        ] GC(203) DefNew: 19162K->1955K(19648K)
[12.394s][info ][gc,heap        ] GC(203) Tenured: 40782K->41564K(43712K)
[12.394s][info ][gc,metaspace   ] GC(203) Metaspace: 16398K->16398K(1064960K)
[12.394s][info ][gc             ] GC(203) Pause Young (Allocation Failure) 58M->42M(61M) 0.797ms
[12.394s][info ][gc,cpu         ] GC(203) User=0.00s Sys=0.00s Real=0.00s
[12.395s][info ][gc,start       ] GC(204) Pause Young (Allocation Failure)
[12.396s][debug][gc,age         ] GC(204) Desired survivor size 1114112 bytes, new threshold 1 (max threshold 15)
[12.396s][info ][gc,heap        ] GC(204) DefNew: 19427K->1173K(19648K)
[12.396s][info ][gc,heap        ] GC(204) Tenured: 41564K->41955K(43712K)
[12.396s][info ][gc,metaspace   ] GC(204) Metaspace: 16398K->16398K(1064960K)
[12.396s][info ][gc             ] GC(204) Pause Young (Allocation Failure) 59M->42M(61M) 0.519ms
[12.396s][info ][gc,cpu         ] GC(204) User=0.00s Sys=0.00s Real=0.00s
[12.397s][info ][gc,start       ] GC(205) Pause Young (Allocation Failure)
[12.398s][debug][gc,age         ] GC(205) Desired survivor size 1114112 bytes, new threshold 1 (max threshold 15)
[12.398s][info ][gc,heap        ] GC(205) DefNew: 18384K->1955K(19648K)
[12.398s][info ][gc,heap        ] GC(205) Tenured: 41955K->42346K(43712K)
[12.398s][info ][gc,metaspace   ] GC(205) Metaspace: 16398K->16398K(1064960K)
[12.398s][info ][gc             ] GC(205) Pause Young (Allocation Failure) 58M->43M(61M) 0.564ms
[12.398s][info ][gc,cpu         ] GC(205) User=0.00s Sys=0.00s Real=0.00s
[12.399s][info ][gc,start       ] GC(206) Pause Young (Allocation Failure)
[12.399s][debug][gc,age         ] GC(206) Desired survivor size 1114112 bytes, new threshold 1 (max threshold 15)
[12.399s][info ][gc,heap        ] GC(206) DefNew: 19120K->1564K(19648K)
[12.399s][info ][gc,heap        ] GC(206) Tenured: 42346K->42737K(43712K)
[12.399s][info ][gc,metaspace   ] GC(206) Metaspace: 16398K->16398K(1064960K)
[12.400s][info ][gc             ] GC(206) Pause Young (Allocation Failure) 60M->43M(61M) 0.626ms
[12.400s][info ][gc,cpu         ] GC(206) User=0.00s Sys=0.00s Real=0.01s
[12.401s][info ][gc,start       ] GC(207) Pause Young (Allocation Failure)
[12.401s][info ][gc,start       ] GC(208) Pause Full (Allocation Failure)
[12.401s][info ][gc,phases,start] GC(208) Phase 1: Mark live objects
[12.404s][debug][gc,phases      ] GC(208) Reference Processing 0.045ms
[12.404s][debug][gc,phases      ] GC(208) Weak Processing 0.012ms
[12.405s][debug][gc,phases      ] GC(208) ClassLoaderData 0.024ms
[12.405s][debug][gc,phases      ] GC(208) ProtectionDomainCacheTable 0.002ms
[12.405s][debug][gc,phases      ] GC(208) ResolvedMethodTable 0.015ms
[12.405s][debug][gc,phases      ] GC(208) Class Unloading 0.812ms
[12.405s][debug][gc,phases      ] GC(208) Scrub String Table 0.057ms
[12.406s][debug][gc,phases      ] GC(208) Scrub Symbol Table 1.004ms
[12.406s][info ][gc,phases      ] GC(208) Phase 1: Mark live objects 5.032ms
[12.406s][info ][gc,phases,start] GC(208) Phase 2: Compute new object addresses
[12.407s][info ][gc,phases      ] GC(208) Phase 2: Compute new object addresses 0.965ms
[12.407s][info ][gc,phases,start] GC(208) Phase 3: Adjust pointers
[12.412s][info ][gc,phases      ] GC(208) Phase 3: Adjust pointers 4.156ms
[12.412s][info ][gc,phases,start] GC(208) Phase 4: Move objects
[12.412s][info ][gc,phases      ] GC(208) Phase 4: Move objects 0.280ms
[12.412s][info ][gc             ] GC(208) Pause Full (Allocation Failure) 60M->6M(61M) 11.072ms
[12.412s][info ][gc,heap        ] GC(207) DefNew: 18706K->0K(19648K)
[12.412s][info ][gc,heap        ] GC(207) Tenured: 42737K->6759K(43712K)
[12.412s][info ][gc,metaspace   ] GC(207) Metaspace: 16398K->16398K(1064960K)
[12.412s][info ][gc             ] GC(207) Pause Young (Allocation Failure) 60M->6M(61M) 11.225ms
[12.412s][info ][gc,cpu         ] GC(207) User=0.01s Sys=0.00s Real=0.01s
[12.414s][info ][gc,start       ] GC(209) Pause Young (Allocation Failure)
[12.415s][debug][gc,age         ] GC(209) Desired survivor size 1114112 bytes, new threshold 1 (max threshold 15)
[12.415s][info ][gc,heap        ] GC(209) DefNew: 17472K->1563K(19648K)
[12.415s][info ][gc,heap        ] GC(209) Tenured: 6759K->6759K(43712K)
[12.415s][info ][gc,metaspace   ] GC(209) Metaspace: 16398K->16398K(1064960K)
[12.415s][info ][gc             ] GC(209) Pause Young (Allocation Failure) 23M->8M(61M) 0.464ms
[12.415s][info ][gc,cpu         ] GC(209) User=0.00s Sys=0.00s Real=0.00s
[12.416s][info ][gc,start       ] GC(210) Pause Young (Allocation Failure)
[12.417s][debug][gc,age         ] GC(210) Desired survivor size 1114112 bytes, new threshold 1 (max threshold 15)
[12.417s][info ][gc,heap        ] GC(210) DefNew: 18738K->1955K(19648K)
[12.417s][info ][gc,heap        ] GC(210) Tenured: 6759K->7541K(43712K)
[12.417s][info ][gc,metaspace   ] GC(210) Metaspace: 16398K->16398K(1064960K)
[12.417s][info ][gc             ] GC(210) Pause Young (Allocation Failure) 24M->9M(61M) 0.738ms
[12.417s][info ][gc,cpu         ] GC(210) User=0.00s Sys=0.00s Real=0.00s
[12.418s][info ][gc,start       ] GC(211) Pause Young (Allocation Failure)
[12.419s][debug][gc,age         ] GC(211) Desired survivor size 1114112 bytes, new threshold 1 (max threshold 15)
[12.419s][info ][gc,heap        ] GC(211) DefNew: 19117K->1564K(19648K)
[12.419s][info ][gc,heap        ] GC(211) Tenured: 7541K->7542K(43712K)
[12.419s][info ][gc,metaspace   ] GC(211) Metaspace: 16398K->16398K(1064960K)
[12.419s][info ][gc             ] GC(211) Pause Young (Allocation Failure) 26M->8M(61M) 0.590ms
[12.419s][info ][gc,cpu         ] GC(211) User=0.00s Sys=0.00s Real=0.00s
[12.420s][info ][gc,start       ] GC(212) Pause Young (Allocation Failure)
[12.421s][debug][gc,age         ] GC(212) Desired survivor size 1114112 bytes, new threshold 1 (max threshold 15)
[12.421s][info ][gc,heap        ] GC(212) DefNew: 18952K->1563K(19648K)
[12.421s][info ][gc,heap        ] GC(212) Tenured: 7542K->7933K(43712K)
[12.421s][info ][gc,metaspace   ] GC(212) Metaspace: 16398K->16398K(1064960K)
[12.421s][info ][gc             ] GC(212) Pause Young (Allocation Failure) 25M->9M(61M) 0.541ms
[12.421s][info ][gc,cpu         ] GC(212) User=0.00s Sys=0.00s Real=0.00s
[12.422s][info ][gc,start       ] GC(213) Pause Young (Allocation Failure)
[12.423s][debug][gc,age         ] GC(213) Desired survivor size 1114112 bytes, new threshold 1 (max threshold 15)
[12.423s][info ][gc,heap        ] GC(213) DefNew: 18807K->1174K(19648K)
[12.423s][info ][gc,heap        ] GC(213) Tenured: 7933K->7933K(43712K)
[12.423s][info ][gc,metaspace   ] GC(213) Metaspace: 16398K->16398K(1064960K)
[12.423s][info ][gc             ] GC(213) Pause Young (Allocation Failure) 26M->8M(61M) 0.444ms
[12.423s][info ][gc,cpu         ] GC(213) User=0.00s Sys=0.00s Real=0.00s
[12.424s][info ][gc,start       ] GC(214) Pause Young (Allocation Failure)
[12.425s][debug][gc,age         ] GC(214) Desired survivor size 1114112 bytes, new threshold 15 (max threshold 15)
[12.425s][info ][gc,heap        ] GC(214) DefNew: 18526K->391K(19648K)
[12.425s][info ][gc,heap        ] GC(214) Tenured: 7933K->8325K(43712K)
[12.425s][info ][gc,metaspace   ] GC(214) Metaspace: 16398K->16398K(1064960K)
[12.425s][info ][gc             ] GC(214) Pause Young (Allocation Failure) 25M->8M(61M) 0.444ms
[12.425s][info ][gc,cpu         ] GC(214) User=0.00s Sys=0.00s Real=0.00s
[12.426s][info ][gc,start       ] GC(215) Pause Young (Allocation Failure)
[12.427s][debug][gc,age         ] GC(215) Desired survivor size 1114112 bytes, new threshold 1 (max threshold 15)
[12.427s][info ][gc,heap        ] GC(215) DefNew: 17584K->1564K(19648K)
[12.427s][info ][gc,heap        ] GC(215) Tenured: 8325K->8325K(43712K)
[12.427s][info ][gc,metaspace   ] GC(215) Metaspace: 16398K->16398K(1064960K)
[12.427s][info ][gc             ] GC(215) Pause Young (Allocation Failure) 25M->9M(61M) 0.605ms
[12.427s][info ][gc,cpu         ] GC(215) User=0.01s Sys=0.00s Real=0.00s
[12.428s][info ][gc,start       ] GC(216) Pause Young (Allocation Failure)
[12.429s][debug][gc,age         ] GC(216) Desired survivor size 1114112 bytes, new threshold 1 (max threshold 15)
[12.429s][info ][gc,heap        ] GC(216) DefNew: 18816K->1955K(19648K)
[12.429s][info ][gc,heap        ] GC(216) Tenured: 8325K->9107K(43712K)
[12.429s][info ][gc,metaspace   ] GC(216) Metaspace: 16398K->16398K(1064960K)
[12.429s][info ][gc             ] GC(216) Pause Young (Allocation Failure) 26M->10M(61M) 0.592ms
[12.429s][info ][gc,cpu         ] GC(216) User=0.00s Sys=0.00s Real=0.00s
[12.430s][info ][gc,start       ] GC(217) Pause Young (Allocation Failure)
[12.431s][debug][gc,age         ] GC(217) Desired survivor size 1114112 bytes, new threshold 1 (max threshold 15)
[12.431s][info ][gc,heap        ] GC(217) DefNew: 19167K->1954K(19648K)
[12.431s][info ][gc,heap        ] GC(217) Tenured: 9107K->9107K(43712K)
[12.431s][info ][gc,metaspace   ] GC(217) Metaspace: 16398K->16398K(1064960K)
[12.431s][info ][gc             ] GC(217) Pause Young (Allocation Failure) 27M->10M(61M) 0.503ms
[12.431s][info ][gc,cpu         ] GC(217) User=0.00s Sys=0.00s Real=0.00s
[12.432s][info ][gc,start       ] GC(218) Pause Young (Allocation Failure)
[12.432s][debug][gc,age         ] GC(218) Desired survivor size 1114112 bytes, new threshold 1 (max threshold 15)
[12.433s][info ][gc,heap        ] GC(218) DefNew: 19071K->1955K(19648K)
[12.433s][info ][gc,heap        ] GC(218) Tenured: 9107K->9108K(43712K)
[12.433s][info ][gc,metaspace   ] GC(218) Metaspace: 16398K->16398K(1064960K)
[12.433s][info ][gc             ] GC(218) Pause Young (Allocation Failure) 27M->10M(61M) 0.634ms
[12.433s][info ][gc,cpu         ] GC(218) User=0.00s Sys=0.00s Real=0.00s
[12.434s][info ][gc,start       ] GC(219) Pause Young (Allocation Failure)
[12.434s][debug][gc,age         ] GC(219) Desired survivor size 1114112 bytes, new threshold 1 (max threshold 15)
[12.434s][info ][gc,heap        ] GC(219) DefNew: 19104K->1955K(19648K)
[12.434s][info ][gc,heap        ] GC(219) Tenured: 9108K->9498K(43712K)
[12.434s][info ][gc,metaspace   ] GC(219) Metaspace: 16398K->16398K(1064960K)
[12.434s][info ][gc             ] GC(219) Pause Young (Allocation Failure) 27M->11M(61M) 0.564ms
[12.434s][info ][gc,cpu         ] GC(219) User=0.00s Sys=0.00s Real=0.00s
[12.436s][info ][gc,start       ] GC(220) Pause Young (Allocation Failure)
[12.436s][debug][gc,age         ] GC(220) Desired survivor size 1114112 bytes, new threshold 1 (max threshold 15)
[12.436s][info ][gc,heap        ] GC(220) DefNew: 19090K->1955K(19648K)
[12.436s][info ][gc,heap        ] GC(220) Tenured: 9498K->9499K(43712K)
[12.436s][info ][gc,metaspace   ] GC(220) Metaspace: 16398K->16398K(1064960K)
[12.436s][info ][gc             ] GC(220) Pause Young (Allocation Failure) 27M->11M(61M) 0.531ms
[12.436s][info ][gc,cpu         ] GC(220) User=0.00s Sys=0.00s Real=0.00s
[12.438s][info ][gc,start       ] GC(221) Pause Young (Allocation Failure)
[12.438s][debug][gc,age         ] GC(221) Desired survivor size 1114112 bytes, new threshold 1 (max threshold 15)
[12.439s][info ][gc,heap        ] GC(221) DefNew: 19102K->1564K(19648K)
[12.439s][info ][gc,heap        ] GC(221) Tenured: 9499K->9499K(43712K)
[12.439s][info ][gc,metaspace   ] GC(221) Metaspace: 16398K->16398K(1064960K)
[12.439s][info ][gc             ] GC(221) Pause Young (Allocation Failure) 27M->10M(61M) 1.438ms
[12.439s][info ][gc,cpu         ] GC(221) User=0.00s Sys=0.00s Real=0.00s
[12.441s][info ][gc,start       ] GC(222) Pause Young (Allocation Failure)
[12.441s][debug][gc,age         ] GC(222) Desired survivor size 1114112 bytes, new threshold 1 (max threshold 15)
[12.441s][info ][gc,heap        ] GC(222) DefNew: 18703K->1955K(19648K)
[12.441s][info ][gc,heap        ] GC(222) Tenured: 9499K->10281K(43712K)
[12.441s][info ][gc,metaspace   ] GC(222) Metaspace: 16398K->16398K(1064960K)
[12.441s][info ][gc             ] GC(222) Pause Young (Allocation Failure) 27M->11M(61M) 0.609ms
[12.441s][info ][gc,cpu         ] GC(222) User=0.00s Sys=0.00s Real=0.00s
[12.443s][info ][gc,start       ] GC(223) Pause Young (Allocation Failure)
[12.443s][debug][gc,age         ] GC(223) Desired survivor size 1114112 bytes, new threshold 1 (max threshold 15)
[12.443s][info ][gc,heap        ] GC(223) DefNew: 19097K->1955K(19648K)
[12.443s][info ][gc,heap        ] GC(223) Tenured: 10281K->10672K(43712K)
[12.443s][info ][gc,metaspace   ] GC(223) Metaspace: 16398K->16398K(1064960K)
[12.443s][info ][gc             ] GC(223) Pause Young (Allocation Failure) 28M->12M(61M) 0.819ms
[12.443s][info ][gc,cpu         ] GC(223) User=0.00s Sys=0.00s Real=0.00s
[12.445s][info ][gc,start       ] GC(224) Pause Young (Allocation Failure)
[12.445s][debug][gc,age         ] GC(224) Desired survivor size 1114112 bytes, new threshold 15 (max threshold 15)
[12.445s][info ][gc,heap        ] GC(224) DefNew: 19427K->782K(19648K)
[12.445s][info ][gc,heap        ] GC(224) Tenured: 10672K->11845K(43712K)
[12.445s][info ][gc,metaspace   ] GC(224) Metaspace: 16398K->16398K(1064960K)
[12.445s][info ][gc             ] GC(224) Pause Young (Allocation Failure) 29M->12M(61M) 0.581ms
[12.445s][info ][gc,cpu         ] GC(224) User=0.00s Sys=0.00s Real=0.00s
[12.447s][info ][gc,start       ] GC(225) Pause Young (Allocation Failure)
[12.447s][debug][gc,age         ] GC(225) Desired survivor size 1114112 bytes, new threshold 1 (max threshold 15)
[12.447s][info ][gc,heap        ] GC(225) DefNew: 18133K->1954K(19648K)
[12.447s][info ][gc,heap        ] GC(225) Tenured: 11845K->11845K(43712K)
[12.447s][info ][gc,metaspace   ] GC(225) Metaspace: 16398K->16398K(1064960K)
[12.447s][info ][gc             ] GC(225) Pause Young (Allocation Failure) 29M->13M(61M) 0.522ms
[12.447s][info ][gc,cpu         ] GC(225) User=0.00s Sys=0.00s Real=0.00s
[12.449s][info ][gc,start       ] GC(226) Pause Young (Allocation Failure)
[12.449s][debug][gc,age         ] GC(226) Desired survivor size 1114112 bytes, new threshold 1 (max threshold 15)
[12.449s][info ][gc,heap        ] GC(226) DefNew: 19150K->1955K(19648K)
[12.449s][info ][gc,heap        ] GC(226) Tenured: 11845K->11845K(43712K)
[12.449s][info ][gc,metaspace   ] GC(226) Metaspace: 16398K->16398K(1064960K)
[12.449s][info ][gc             ] GC(226) Pause Young (Allocation Failure) 30M->13M(61M) 0.581ms
[12.449s][info ][gc,cpu         ] GC(226) User=0.00s Sys=0.00s Real=0.01s
[12.451s][info ][gc,start       ] GC(227) Pause Young (Allocation Failure)
[12.452s][debug][gc,age         ] GC(227) Desired survivor size 1114112 bytes, new threshold 1 (max threshold 15)
[12.452s][info ][gc,heap        ] GC(227) DefNew: 19129K->1955K(19648K)
[12.452s][info ][gc,heap        ] GC(227) Tenured: 11845K->12236K(43712K)
[12.452s][info ][gc,metaspace   ] GC(227) Metaspace: 16398K->16398K(1064960K)
[12.452s][info ][gc             ] GC(227) Pause Young (Allocation Failure) 30M->13M(61M) 0.832ms
[12.452s][info ][gc,cpu         ] GC(227) User=0.00s Sys=0.00s Real=0.00s
[12.453s][info ][gc,start       ] GC(228) Pause Young (Allocation Failure)
[12.454s][debug][gc,age         ] GC(228) Desired survivor size 1114112 bytes, new threshold 15 (max threshold 15)
[12.454s][info ][gc,heap        ] GC(228) DefNew: 19383K->391K(19648K)
[12.454s][info ][gc,heap        ] GC(228) Tenured: 12236K->13018K(43712K)
[12.454s][info ][gc,metaspace   ] GC(228) Metaspace: 16398K->16398K(1064960K)
[12.454s][info ][gc             ] GC(228) Pause Young (Allocation Failure) 30M->13M(61M) 0.486ms
[12.454s][info ][gc,cpu         ] GC(228) User=0.00s Sys=0.00s Real=0.00s
[12.455s][info ][gc,start       ] GC(229) Pause Young (Allocation Failure)
[12.456s][debug][gc,age         ] GC(229) Desired survivor size 1114112 bytes, new threshold 1 (max threshold 15)
[12.456s][info ][gc,heap        ] GC(229) DefNew: 17536K->1564K(19648K)
[12.456s][info ][gc,heap        ] GC(229) Tenured: 13018K->13018K(43712K)
[12.456s][info ][gc,metaspace   ] GC(229) Metaspace: 16398K->16398K(1064960K)
[12.456s][info ][gc             ] GC(229) Pause Young (Allocation Failure) 29M->14M(61M) 0.583ms
[12.456s][info ][gc,cpu         ] GC(229) User=0.00s Sys=0.00s Real=0.00s
[12.457s][info ][gc,start       ] GC(230) Pause Young (Allocation Failure)
[12.457s][debug][gc,age         ] GC(230) Desired survivor size 1114112 bytes, new threshold 1 (max threshold 15)
[12.457s][info ][gc,heap        ] GC(230) DefNew: 18792K->1955K(19648K)
[12.457s][info ][gc,heap        ] GC(230) Tenured: 13018K->13018K(43712K)
[12.457s][info ][gc,metaspace   ] GC(230) Metaspace: 16398K->16398K(1064960K)
[12.457s][info ][gc             ] GC(230) Pause Young (Allocation Failure) 31M->14M(61M) 0.594ms
[12.457s][info ][gc,cpu         ] GC(230) User=0.00s Sys=0.00s Real=0.00s
[12.459s][info ][gc,start       ] GC(231) Pause Young (Allocation Failure)
[12.460s][debug][gc,age         ] GC(231) Desired survivor size 1114112 bytes, new threshold 1 (max threshold 15)
[12.460s][info ][gc,heap        ] GC(231) DefNew: 19135K->1954K(19648K)
[12.460s][info ][gc,heap        ] GC(231) Tenured: 13018K->13800K(43712K)
[12.460s][info ][gc,metaspace   ] GC(231) Metaspace: 16398K->16398K(1064960K)
[12.460s][info ][gc             ] GC(231) Pause Young (Allocation Failure) 31M->15M(61M) 0.974ms
[12.460s][info ][gc,cpu         ] GC(231) User=0.00s Sys=0.00s Real=0.01s
[12.461s][info ][gc,start       ] GC(232) Pause Young (Allocation Failure)
[12.461s][debug][gc,age         ] GC(232) Desired survivor size 1114112 bytes, new threshold 1 (max threshold 15)
[12.461s][info ][gc,heap        ] GC(232) DefNew: 19174K->1564K(19648K)
[12.461s][info ][gc,heap        ] GC(232) Tenured: 13800K->13800K(43712K)
[12.462s][info ][gc,metaspace   ] GC(232) Metaspace: 16398K->16398K(1064960K)
[12.462s][info ][gc             ] GC(232) Pause Young (Allocation Failure) 32M->15M(61M) 0.508ms
[12.462s][info ][gc,cpu         ] GC(232) User=0.00s Sys=0.00s Real=0.00s
[12.463s][info ][gc,start       ] GC(233) Pause Young (Allocation Failure)
[12.463s][debug][gc,age         ] GC(233) Desired survivor size 1114112 bytes, new threshold 15 (max threshold 15)
[12.463s][info ][gc,heap        ] GC(233) DefNew: 18660K->782K(19648K)
[12.463s][info ][gc,heap        ] GC(233) Tenured: 13800K->14191K(43712K)
[12.463s][info ][gc,metaspace   ] GC(233) Metaspace: 16398K->16398K(1064960K)
[12.463s][info ][gc             ] GC(233) Pause Young (Allocation Failure) 31M->14M(61M) 0.489ms
[12.463s][info ][gc,cpu         ] GC(233) User=0.01s Sys=0.00s Real=0.00s
[12.465s][info ][gc,start       ] GC(234) Pause Young (Allocation Failure)
[12.465s][debug][gc,age         ] GC(234) Desired survivor size 1114112 bytes, new threshold 1 (max threshold 15)
[12.465s][info ][gc,heap        ] GC(234) DefNew: 17940K->1955K(19648K)
[12.465s][info ][gc,heap        ] GC(234) Tenured: 14191K->14191K(43712K)
[12.465s][info ][gc,metaspace   ] GC(234) Metaspace: 16398K->16398K(1064960K)
[12.465s][info ][gc             ] GC(234) Pause Young (Allocation Failure) 31M->15M(61M) 0.586ms
[12.465s][info ][gc,cpu         ] GC(234) User=0.00s Sys=0.00s Real=0.00s
[12.466s][info ][gc,start       ] GC(235) Pause Young (Allocation Failure)
[12.467s][debug][gc,age         ] GC(235) Desired survivor size 1114112 bytes, new threshold 1 (max threshold 15)
[12.467s][info ][gc,heap        ] GC(235) DefNew: 19156K->1955K(19648K)
[12.467s][info ][gc,heap        ] GC(235) Tenured: 14191K->15363K(43712K)
[12.467s][info ][gc,metaspace   ] GC(235) Metaspace: 16398K->16398K(1064960K)
[12.467s][info ][gc             ] GC(235) Pause Young (Allocation Failure) 32M->16M(61M) 0.835ms
[12.467s][info ][gc,cpu         ] GC(235) User=0.00s Sys=0.00s Real=0.00s
[12.469s][info ][gc,start       ] GC(236) Pause Young (Allocation Failure)
[12.469s][debug][gc,age         ] GC(236) Desired survivor size 1114112 bytes, new threshold 1 (max threshold 15)
[12.469s][info ][gc,heap        ] GC(236) DefNew: 19134K->1955K(19648K)
[12.469s][info ][gc,heap        ] GC(236) Tenured: 15363K->15754K(43712K)
[12.469s][info ][gc,metaspace   ] GC(236) Metaspace: 16398K->16398K(1064960K)
[12.469s][info ][gc             ] GC(236) Pause Young (Allocation Failure) 33M->17M(61M) 0.562ms
[12.469s][info ][gc,cpu         ] GC(236) User=0.00s Sys=0.00s Real=0.01s
[12.471s][info ][gc,start       ] GC(237) Pause Young (Allocation Failure)
[12.471s][debug][gc,age         ] GC(237) Desired survivor size 1114112 bytes, new threshold 1 (max threshold 15)
[12.471s][info ][gc,heap        ] GC(237) DefNew: 19424K->1173K(19648K)
[12.471s][info ][gc,heap        ] GC(237) Tenured: 15754K->16927K(43712K)
[12.471s][info ][gc,metaspace   ] GC(237) Metaspace: 16398K->16398K(1064960K)
[12.471s][info ][gc             ] GC(237) Pause Young (Allocation Failure) 34M->17M(61M) 0.674ms
[12.471s][info ][gc,cpu         ] GC(237) User=0.00s Sys=0.00s Real=0.00s
[12.473s][info ][gc,start       ] GC(238) Pause Young (Allocation Failure)
[12.473s][debug][gc,age         ] GC(238) Desired survivor size 1114112 bytes, new threshold 1 (max threshold 15)
[12.473s][info ][gc,heap        ] GC(238) DefNew: 18361K->1955K(19648K)
[12.473s][info ][gc,heap        ] GC(238) Tenured: 16927K->17708K(43712K)
[12.473s][info ][gc,metaspace   ] GC(238) Metaspace: 16398K->16398K(1064960K)
[12.473s][info ][gc             ] GC(238) Pause Young (Allocation Failure) 34M->19M(61M) 0.626ms
[12.473s][info ][gc,cpu         ] GC(238) User=0.00s Sys=0.00s Real=0.00s
[12.475s][info ][gc,start       ] GC(239) Pause Young (Allocation Failure)
[12.475s][debug][gc,age         ] GC(239) Desired survivor size 1114112 bytes, new threshold 1 (max threshold 15)
[12.475s][info ][gc,heap        ] GC(239) DefNew: 19375K->1563K(19648K)
[12.475s][info ][gc,heap        ] GC(239) Tenured: 17708K->18490K(43712K)
[12.475s][info ][gc,metaspace   ] GC(239) Metaspace: 16398K->16398K(1064960K)
[12.475s][info ][gc             ] GC(239) Pause Young (Allocation Failure) 36M->19M(61M) 0.682ms
[12.475s][info ][gc,cpu         ] GC(239) User=0.01s Sys=0.00s Real=0.00s
[12.477s][info ][gc,start       ] GC(240) Pause Young (Allocation Failure)
[12.478s][debug][gc,age         ] GC(240) Desired survivor size 1114112 bytes, new threshold 1 (max threshold 15)
[12.478s][info ][gc,heap        ] GC(240) DefNew: 18774K->1955K(19648K)
[12.478s][info ][gc,heap        ] GC(240) Tenured: 18490K->18881K(43712K)
[12.478s][info ][gc,metaspace   ] GC(240) Metaspace: 16398K->16398K(1064960K)
[12.478s][info ][gc             ] GC(240) Pause Young (Allocation Failure) 36M->20M(61M) 0.681ms
[12.478s][info ][gc,cpu         ] GC(240) User=0.00s Sys=0.00s Real=0.00s
[12.479s][info ][gc,start       ] GC(241) Pause Young (Allocation Failure)
[12.479s][debug][gc,age         ] GC(241) Desired survivor size 1114112 bytes, new threshold 15 (max threshold 15)
[12.479s][info ][gc,heap        ] GC(241) DefNew: 19415K->782K(19648K)
[12.479s][info ][gc,heap        ] GC(241) Tenured: 18881K->19663K(43712K)
[12.479s][info ][gc,metaspace   ] GC(241) Metaspace: 16398K->16398K(1064960K)
[12.479s][info ][gc             ] GC(241) Pause Young (Allocation Failure) 37M->19M(61M) 0.514ms
[12.479s][info ][gc,cpu         ] GC(241) User=0.00s Sys=0.01s Real=0.01s
[12.481s][info ][gc,start       ] GC(242) Pause Young (Allocation Failure)
[12.481s][debug][gc,age         ] GC(242) Desired survivor size 1114112 bytes, new threshold 1 (max threshold 15)
[12.481s][info ][gc,heap        ] GC(242) DefNew: 17896K->1955K(19648K)
[12.481s][info ][gc,heap        ] GC(242) Tenured: 19663K->20054K(43712K)
[12.481s][info ][gc,metaspace   ] GC(242) Metaspace: 16398K->16398K(1064960K)
[12.481s][info ][gc             ] GC(242) Pause Young (Allocation Failure) 36M->21M(61M) 0.580ms
[12.481s][info ][gc,cpu         ] GC(242) User=0.00s Sys=0.00s Real=0.00s
[12.483s][info ][gc,start       ] GC(243) Pause Young (Allocation Failure)
[12.483s][debug][gc,age         ] GC(243) Desired survivor size 1114112 bytes, new threshold 1 (max threshold 15)
[12.483s][info ][gc,heap        ] GC(243) DefNew: 19105K->1564K(19648K)
[12.483s][info ][gc,heap        ] GC(243) Tenured: 20054K->20055K(43712K)
[12.483s][info ][gc,metaspace   ] GC(243) Metaspace: 16398K->16398K(1064960K)
[12.483s][info ][gc             ] GC(243) Pause Young (Allocation Failure) 38M->21M(61M) 0.658ms
[12.483s][info ][gc,cpu         ] GC(243) User=0.01s Sys=0.00s Real=0.00s
[12.485s][info ][gc,start       ] GC(244) Pause Young (Allocation Failure)
[12.486s][debug][gc,age         ] GC(244) Desired survivor size 1114112 bytes, new threshold 1 (max threshold 15)
[12.486s][info ][gc,heap        ] GC(244) DefNew: 18781K->1954K(19648K)
[12.486s][info ][gc,heap        ] GC(244) Tenured: 20055K->20445K(43712K)
[12.486s][info ][gc,metaspace   ] GC(244) Metaspace: 16398K->16398K(1064960K)
[12.486s][info ][gc             ] GC(244) Pause Young (Allocation Failure) 37M->21M(61M) 0.581ms
[12.486s][info ][gc,cpu         ] GC(244) User=0.00s Sys=0.00s Real=0.00s
[12.487s][info ][gc,start       ] GC(245) Pause Young (Allocation Failure)
[12.487s][debug][gc,age         ] GC(245) Desired survivor size 1114112 bytes, new threshold 15 (max threshold 15)
[12.487s][info ][gc,heap        ] GC(245) DefNew: 19426K->782K(19648K)
[12.487s][info ][gc,heap        ] GC(245) Tenured: 20445K->20837K(43712K)
[12.487s][info ][gc,metaspace   ] GC(245) Metaspace: 16398K->16398K(1064960K)
[12.487s][info ][gc             ] GC(245) Pause Young (Allocation Failure) 38M->21M(61M) 0.515ms
[12.487s][info ][gc,cpu         ] GC(245) User=0.00s Sys=0.00s Real=0.00s
[12.489s][info ][gc,start       ] GC(246) Pause Young (Allocation Failure)
[12.489s][debug][gc,age         ] GC(246) Desired survivor size 1114112 bytes, new threshold 1 (max threshold 15)
[12.489s][info ][gc,heap        ] GC(246) DefNew: 18093K->1955K(19648K)
[12.489s][info ][gc,heap        ] GC(246) Tenured: 20837K->20837K(43712K)
[12.489s][info ][gc,metaspace   ] GC(246) Metaspace: 16398K->16398K(1064960K)
[12.489s][info ][gc             ] GC(246) Pause Young (Allocation Failure) 38M->22M(61M) 0.513ms
[12.489s][info ][gc,cpu         ] GC(246) User=0.00s Sys=0.00s Real=0.00s
[12.491s][info ][gc,start       ] GC(247) Pause Young (Allocation Failure)
[12.491s][debug][gc,age         ] GC(247) Desired survivor size 1114112 bytes, new threshold 1 (max threshold 15)
[12.491s][info ][gc,heap        ] GC(247) DefNew: 19227K->1954K(19648K)
[12.491s][info ][gc,heap        ] GC(247) Tenured: 20837K->21228K(43712K)
[12.491s][info ][gc,metaspace   ] GC(247) Metaspace: 16398K->16398K(1064960K)
[12.491s][info ][gc             ] GC(247) Pause Young (Allocation Failure) 39M->22M(61M) 0.544ms
[12.491s][info ][gc,cpu         ] GC(247) User=0.00s Sys=0.00s Real=0.00s
[12.493s][info ][gc,start       ] GC(248) Pause Young (Allocation Failure)
[12.493s][debug][gc,age         ] GC(248) Desired survivor size 1114112 bytes, new threshold 1 (max threshold 15)
[12.493s][info ][gc,heap        ] GC(248) DefNew: 19133K->1955K(19648K)
[12.493s][info ][gc,heap        ] GC(248) Tenured: 21228K->21619K(43712K)
[12.493s][info ][gc,metaspace   ] GC(248) Metaspace: 16398K->16398K(1064960K)
[12.493s][info ][gc             ] GC(248) Pause Young (Allocation Failure) 39M->23M(61M) 0.689ms
[12.493s][info ][gc,cpu         ] GC(248) User=0.01s Sys=0.00s Real=0.00s
[12.495s][info ][gc,start       ] GC(249) Pause Young (Allocation Failure)
[12.495s][debug][gc,age         ] GC(249) Desired survivor size 1114112 bytes, new threshold 1 (max threshold 15)
[12.495s][info ][gc,heap        ] GC(249) DefNew: 19083K->1954K(19648K)
[12.495s][info ][gc,heap        ] GC(249) Tenured: 21619K->22010K(43712K)
[12.495s][info ][gc,metaspace   ] GC(249) Metaspace: 16398K->16398K(1064960K)
[12.495s][info ][gc             ] GC(249) Pause Young (Allocation Failure) 39M->23M(61M) 0.708ms
[12.495s][info ][gc,cpu         ] GC(249) User=0.00s Sys=0.00s Real=0.00s
[12.497s][info ][gc,start       ] GC(250) Pause Young (Allocation Failure)
[12.497s][debug][gc,age         ] GC(250) Desired survivor size 1114112 bytes, new threshold 1 (max threshold 15)
[12.497s][info ][gc,heap        ] GC(250) DefNew: 19167K->1564K(19648K)
[12.497s][info ][gc,heap        ] GC(250) Tenured: 22010K->22010K(43712K)
[12.497s][info ][gc,metaspace   ] GC(250) Metaspace: 16398K->16398K(1064960K)
[12.497s][info ][gc             ] GC(250) Pause Young (Allocation Failure) 40M->23M(61M) 0.492ms
[12.497s][info ][gc,cpu         ] GC(250) User=0.00s Sys=0.00s Real=0.00s
[12.499s][info ][gc,start       ] GC(251) Pause Young (Allocation Failure)
[12.499s][debug][gc,age         ] GC(251) Desired survivor size 1114112 bytes, new threshold 1 (max threshold 15)
[12.499s][info ][gc,heap        ] GC(251) DefNew: 18751K->1955K(19648K)
[12.499s][info ][gc,heap        ] GC(251) Tenured: 22010K->22401K(43712K)
[12.499s][info ][gc,metaspace   ] GC(251) Metaspace: 16398K->16398K(1064960K)
[12.499s][info ][gc             ] GC(251) Pause Young (Allocation Failure) 39M->23M(61M) 0.530ms
[12.499s][info ][gc,cpu         ] GC(251) User=0.00s Sys=0.00s Real=0.00s
[12.501s][info ][gc,start       ] GC(252) Pause Young (Allocation Failure)
[12.501s][debug][gc,age         ] GC(252) Desired survivor size 1114112 bytes, new threshold 1 (max threshold 15)
[12.502s][info ][gc,heap        ] GC(252) DefNew: 19412K->1954K(19648K)
[12.502s][info ][gc,heap        ] GC(252) Tenured: 22401K->23573K(43712K)
[12.502s][info ][gc,metaspace   ] GC(252) Metaspace: 16398K->16398K(1064960K)
[12.502s][info ][gc             ] GC(252) Pause Young (Allocation Failure) 40M->24M(61M) 0.664ms
[12.502s][info ][gc,cpu         ] GC(252) User=0.00s Sys=0.00s Real=0.00s
[12.503s][info ][gc,start       ] GC(253) Pause Young (Allocation Failure)
[12.504s][debug][gc,age         ] GC(253) Desired survivor size 1114112 bytes, new threshold 1 (max threshold 15)
[12.504s][info ][gc,heap        ] GC(253) DefNew: 19376K->1563K(19648K)
[12.504s][info ][gc,heap        ] GC(253) Tenured: 23573K->24355K(43712K)
[12.504s][info ][gc,metaspace   ] GC(253) Metaspace: 16398K->16398K(1064960K)
[12.504s][info ][gc             ] GC(253) Pause Young (Allocation Failure) 41M->25M(61M) 0.849ms
[12.504s][info ][gc,cpu         ] GC(253) User=0.00s Sys=0.00s Real=0.00s
[12.506s][info ][gc,start       ] GC(254) Pause Young (Allocation Failure)
[12.506s][debug][gc,age         ] GC(254) Desired survivor size 1114112 bytes, new threshold 1 (max threshold 15)
[12.506s][info ][gc,heap        ] GC(254) DefNew: 19035K->1563K(19648K)
[12.506s][info ][gc,heap        ] GC(254) Tenured: 24355K->24746K(43712K)
[12.506s][info ][gc,metaspace   ] GC(254) Metaspace: 16398K->16398K(1064960K)
[12.506s][info ][gc             ] GC(254) Pause Young (Allocation Failure) 42M->25M(61M) 0.564ms
[12.506s][info ][gc,cpu         ] GC(254) User=0.00s Sys=0.00s Real=0.00s
[12.508s][info ][gc,start       ] GC(255) Pause Young (Allocation Failure)
[12.509s][debug][gc,age         ] GC(255) Desired survivor size 1114112 bytes, new threshold 1 (max threshold 15)
[12.509s][info ][gc,heap        ] GC(255) DefNew: 19035K->1563K(19648K)
[12.509s][info ][gc,heap        ] GC(255) Tenured: 24746K->25137K(43712K)
[12.509s][info ][gc,metaspace   ] GC(255) Metaspace: 16398K->16398K(1064960K)
[12.509s][info ][gc             ] GC(255) Pause Young (Allocation Failure) 42M->26M(61M) 0.575ms
[12.509s][info ][gc,cpu         ] GC(255) User=0.00s Sys=0.00s Real=0.00s
[12.510s][info ][gc,start       ] GC(256) Pause Young (Allocation Failure)
[12.511s][debug][gc,age         ] GC(256) Desired survivor size 1114112 bytes, new threshold 1 (max threshold 15)
[12.511s][info ][gc,heap        ] GC(256) DefNew: 18735K->1564K(19648K)
[12.511s][info ][gc,heap        ] GC(256) Tenured: 25137K->25528K(43712K)
[12.511s][info ][gc,metaspace   ] GC(256) Metaspace: 16398K->16398K(1064960K)
[12.511s][info ][gc             ] GC(256) Pause Young (Allocation Failure) 42M->26M(61M) 0.712ms
[12.511s][info ][gc,cpu         ] GC(256) User=0.00s Sys=0.00s Real=0.00s
[12.513s][info ][gc,start       ] GC(257) Pause Young (Allocation Failure)
[12.513s][debug][gc,age         ] GC(257) Desired survivor size 1114112 bytes, new threshold 15 (max threshold 15)
[12.513s][info ][gc,heap        ] GC(257) DefNew: 18952K->782K(19648K)
[12.514s][info ][gc,heap        ] GC(257) Tenured: 25528K->26311K(43712K)
[12.514s][info ][gc,metaspace   ] GC(257) Metaspace: 16398K->16398K(1064960K)
[12.514s][info ][gc             ] GC(257) Pause Young (Allocation Failure) 43M->26M(61M) 0.487ms
[12.514s][info ][gc,cpu         ] GC(257) User=0.00s Sys=0.00s Real=0.00s
[12.515s][info ][gc,start       ] GC(258) Pause Young (Allocation Failure)
[12.515s][debug][gc,age         ] GC(258) Desired survivor size 1114112 bytes, new threshold 1 (max threshold 15)
[12.515s][info ][gc,heap        ] GC(258) DefNew: 18034K->1564K(19648K)
[12.515s][info ][gc,heap        ] GC(258) Tenured: 26311K->26311K(43712K)
[12.515s][info ][gc,metaspace   ] GC(258) Metaspace: 16398K->16398K(1064960K)
[12.515s][info ][gc             ] GC(258) Pause Young (Allocation Failure) 43M->27M(61M) 0.474ms
[12.516s][info ][gc,cpu         ] GC(258) User=0.00s Sys=0.00s Real=0.00s
[12.517s][info ][gc,start       ] GC(259) Pause Young (Allocation Failure)
[12.517s][debug][gc,age         ] GC(259) Desired survivor size 1114112 bytes, new threshold 1 (max threshold 15)
[12.517s][info ][gc,heap        ] GC(259) DefNew: 18783K->1173K(19648K)
[12.517s][info ][gc,heap        ] GC(259) Tenured: 26311K->27093K(43712K)
[12.517s][info ][gc,metaspace   ] GC(259) Metaspace: 16398K->16398K(1064960K)
[12.518s][info ][gc             ] GC(259) Pause Young (Allocation Failure) 44M->27M(61M) 0.746ms
[12.518s][info ][gc,cpu         ] GC(259) User=0.00s Sys=0.00s Real=0.00s
[12.519s][info ][gc,start       ] GC(260) Pause Young (Allocation Failure)
[12.519s][debug][gc,age         ] GC(260) Desired survivor size 1114112 bytes, new threshold 1 (max threshold 15)
[12.519s][info ][gc,heap        ] GC(260) DefNew: 18416K->1955K(19648K)
[12.519s][info ][gc,heap        ] GC(260) Tenured: 27093K->27093K(43712K)
[12.519s][info ][gc,metaspace   ] GC(260) Metaspace: 16398K->16398K(1064960K)
[12.519s][info ][gc             ] GC(260) Pause Young (Allocation Failure) 44M->28M(61M) 0.531ms
[12.519s][info ][gc,cpu         ] GC(260) User=0.00s Sys=0.00s Real=0.01s
[12.521s][info ][gc,start       ] GC(261) Pause Young (Allocation Failure)
[12.521s][debug][gc,age         ] GC(261) Desired survivor size 1114112 bytes, new threshold 1 (max threshold 15)
[12.521s][info ][gc,heap        ] GC(261) DefNew: 19161K->1955K(19648K)
[12.521s][info ][gc,heap        ] GC(261) Tenured: 27093K->28265K(43712K)
[12.521s][info ][gc,metaspace   ] GC(261) Metaspace: 16398K->16398K(1064960K)
[12.521s][info ][gc             ] GC(261) Pause Young (Allocation Failure) 45M->29M(61M) 0.671ms
[12.521s][info ][gc,cpu         ] GC(261) User=0.00s Sys=0.00s Real=0.00s
[12.523s][info ][gc,start       ] GC(262) Pause Young (Allocation Failure)
[12.523s][debug][gc,age         ] GC(262) Desired survivor size 1114112 bytes, new threshold 1 (max threshold 15)
[12.523s][info ][gc,heap        ] GC(262) DefNew: 19085K->1954K(19648K)
[12.523s][info ][gc,heap        ] GC(262) Tenured: 28265K->29046K(43712K)
[12.523s][info ][gc,metaspace   ] GC(262) Metaspace: 16398K->16398K(1064960K)
[12.523s][info ][gc             ] GC(262) Pause Young (Allocation Failure) 46M->30M(61M) 0.616ms
[12.523s][info ][gc,cpu         ] GC(262) User=0.00s Sys=0.00s Real=0.00s
[12.525s][info ][gc,start       ] GC(263) Pause Young (Allocation Failure)
[12.525s][debug][gc,age         ] GC(263) Desired survivor size 1114112 bytes, new threshold 1 (max threshold 15)
[12.525s][info ][gc,heap        ] GC(263) DefNew: 19141K->1955K(19648K)
[12.525s][info ][gc,heap        ] GC(263) Tenured: 29046K->29828K(43712K)
[12.525s][info ][gc,metaspace   ] GC(263) Metaspace: 16398K->16398K(1064960K)
[12.525s][info ][gc             ] GC(263) Pause Young (Allocation Failure) 47M->31M(61M) 0.618ms
[12.525s][info ][gc,cpu         ] GC(263) User=0.01s Sys=0.00s Real=0.00s
[12.527s][info ][gc,start       ] GC(264) Pause Young (Allocation Failure)
[12.528s][debug][gc,age         ] GC(264) Desired survivor size 1114112 bytes, new threshold 1 (max threshold 15)
[12.528s][info ][gc,heap        ] GC(264) DefNew: 19085K->1954K(19648K)
[12.528s][info ][gc,heap        ] GC(264) Tenured: 29828K->29828K(43712K)
[12.528s][info ][gc,metaspace   ] GC(264) Metaspace: 16398K->16398K(1064960K)
[12.528s][info ][gc             ] GC(264) Pause Young (Allocation Failure) 47M->31M(61M) 0.621ms
[12.528s][info ][gc,cpu         ] GC(264) User=0.00s Sys=0.00s Real=0.00s
[12.529s][info ][gc,start       ] GC(265) Pause Young (Allocation Failure)
[12.529s][debug][gc,age         ] GC(265) Desired survivor size 1114112 bytes, new threshold 1 (max threshold 15)
[12.530s][info ][gc,heap        ] GC(265) DefNew: 19097K->1955K(19648K)
[12.530s][info ][gc,heap        ] GC(265) Tenured: 29828K->30219K(43712K)
[12.530s][info ][gc,metaspace   ] GC(265) Metaspace: 16398K->16398K(1064960K)
[12.530s][info ][gc             ] GC(265) Pause Young (Allocation Failure) 47M->31M(61M) 0.687ms
[12.530s][info ][gc,cpu         ] GC(265) User=0.00s Sys=0.00s Real=0.01s
[12.531s][info ][gc,start       ] GC(266) Pause Young (Allocation Failure)
[12.531s][debug][gc,age         ] GC(266) Desired survivor size 1114112 bytes, new threshold 15 (max threshold 15)
[12.531s][info ][gc,heap        ] GC(266) DefNew: 19419K->782K(19648K)
[12.531s][info ][gc,heap        ] GC(266) Tenured: 30219K->31392K(43712K)
[12.531s][info ][gc,metaspace   ] GC(266) Metaspace: 16398K->16398K(1064960K)
[12.531s][info ][gc             ] GC(266) Pause Young (Allocation Failure) 48M->31M(61M) 0.575ms
[12.531s][info ][gc,cpu         ] GC(266) User=0.00s Sys=0.00s Real=0.00s
[12.533s][info ][gc,start       ] GC(267) Pause Young (Allocation Failure)
[12.533s][debug][gc,age         ] GC(267) Desired survivor size 1114112 bytes, new threshold 1 (max threshold 15)
[12.533s][info ][gc,heap        ] GC(267) DefNew: 17979K->1955K(19648K)
[12.533s][info ][gc,heap        ] GC(267) Tenured: 31392K->31782K(43712K)
[12.533s][info ][gc,metaspace   ] GC(267) Metaspace: 16398K->16398K(1064960K)
[12.533s][info ][gc             ] GC(267) Pause Young (Allocation Failure) 48M->32M(61M) 0.711ms
[12.533s][info ][gc,cpu         ] GC(267) User=0.00s Sys=0.00s Real=0.00s
[12.535s][info ][gc,start       ] GC(268) Pause Young (Allocation Failure)
[12.535s][debug][gc,age         ] GC(268) Desired survivor size 1114112 bytes, new threshold 1 (max threshold 15)
[12.535s][info ][gc,heap        ] GC(268) DefNew: 19077K->1564K(19648K)
[12.535s][info ][gc,heap        ] GC(268) Tenured: 31782K->31783K(43712K)
[12.535s][info ][gc,metaspace   ] GC(268) Metaspace: 16398K->16398K(1064960K)
[12.535s][info ][gc             ] GC(268) Pause Young (Allocation Failure) 49M->32M(61M) 0.518ms
[12.535s][info ][gc,cpu         ] GC(268) User=0.00s Sys=0.00s Real=0.00s
[12.537s][info ][gc,start       ] GC(269) Pause Young (Allocation Failure)
[12.537s][debug][gc,age         ] GC(269) Desired survivor size 1114112 bytes, new threshold 1 (max threshold 15)
[12.537s][info ][gc,heap        ] GC(269) DefNew: 18702K->1955K(19648K)
[12.537s][info ][gc,heap        ] GC(269) Tenured: 31783K->31783K(43712K)
[12.537s][info ][gc,metaspace   ] GC(269) Metaspace: 16398K->16398K(1064960K)
[12.537s][info ][gc             ] GC(269) Pause Young (Allocation Failure) 49M->32M(61M) 0.500ms
[12.537s][info ][gc,cpu         ] GC(269) User=0.00s Sys=0.01s Real=0.00s
[12.538s][info ][gc,start       ] GC(270) Pause Young (Allocation Failure)
[12.539s][debug][gc,age         ] GC(270) Desired survivor size 1114112 bytes, new threshold 1 (max threshold 15)
[12.539s][info ][gc,heap        ] GC(270) DefNew: 19370K->1173K(19648K)
[12.539s][info ][gc,heap        ] GC(270) Tenured: 31783K->32956K(43712K)
[12.539s][info ][gc,metaspace   ] GC(270) Metaspace: 16398K->16398K(1064960K)
[12.539s][info ][gc             ] GC(270) Pause Young (Allocation Failure) 49M->33M(61M) 0.625ms
[12.539s][info ][gc,cpu         ] GC(270) User=0.00s Sys=0.00s Real=0.00s
[12.541s][info ][gc,start       ] GC(271) Pause Young (Allocation Failure)
[12.541s][debug][gc,age         ] GC(271) Desired survivor size 1114112 bytes, new threshold 15 (max threshold 15)
[12.541s][info ][gc,heap        ] GC(271) DefNew: 18510K->782K(19648K)
[12.541s][info ][gc,heap        ] GC(271) Tenured: 32956K->33738K(43712K)
[12.541s][info ][gc,metaspace   ] GC(271) Metaspace: 16398K->16398K(1064960K)
[12.541s][info ][gc             ] GC(271) Pause Young (Allocation Failure) 50M->33M(61M) 0.614ms
[12.541s][info ][gc,cpu         ] GC(271) User=0.01s Sys=0.00s Real=0.00s
[12.543s][info ][gc,start       ] GC(272) Pause Young (Allocation Failure)
[12.543s][debug][gc,age         ] GC(272) Desired survivor size 1114112 bytes, new threshold 1 (max threshold 15)
[12.543s][info ][gc,heap        ] GC(272) DefNew: 18251K->1563K(19648K)
[12.543s][info ][gc,heap        ] GC(272) Tenured: 33738K->33738K(43712K)
[12.543s][info ][gc,metaspace   ] GC(272) Metaspace: 16398K->16398K(1064960K)
[12.543s][info ][gc             ] GC(272) Pause Young (Allocation Failure) 50M->34M(61M) 0.525ms
[12.543s][info ][gc,cpu         ] GC(272) User=0.00s Sys=0.00s Real=0.00s
[12.545s][info ][gc,start       ] GC(273) Pause Young (Allocation Failure)
[12.545s][debug][gc,age         ] GC(273) Desired survivor size 1114112 bytes, new threshold 1 (max threshold 15)
[12.545s][info ][gc,heap        ] GC(273) DefNew: 18878K->1955K(19648K)
[12.545s][info ][gc,heap        ] GC(273) Tenured: 33738K->34520K(43712K)
[12.545s][info ][gc,metaspace   ] GC(273) Metaspace: 16398K->16398K(1064960K)
[12.545s][info ][gc             ] GC(273) Pause Young (Allocation Failure) 51M->35M(61M) 0.638ms
[12.545s][info ][gc,cpu         ] GC(273) User=0.00s Sys=0.00s Real=0.00s
[12.547s][info ][gc,start       ] GC(274) Pause Young (Allocation Failure)
[12.547s][debug][gc,age         ] GC(274) Desired survivor size 1114112 bytes, new threshold 1 (max threshold 15)
[12.547s][info ][gc,heap        ] GC(274) DefNew: 19208K->1954K(19648K)
[12.547s][info ][gc,heap        ] GC(274) Tenured: 34520K->34911K(43712K)
[12.547s][info ][gc,metaspace   ] GC(274) Metaspace: 16398K->16398K(1064960K)
[12.547s][info ][gc             ] GC(274) Pause Young (Allocation Failure) 52M->36M(61M) 0.546ms
[12.547s][info ][gc,cpu         ] GC(274) User=0.00s Sys=0.00s Real=0.00s
[12.548s][info ][gc,start       ] GC(275) Pause Young (Allocation Failure)
[12.549s][debug][gc,age         ] GC(275) Desired survivor size 1114112 bytes, new threshold 1 (max threshold 15)
[12.549s][info ][gc,heap        ] GC(275) DefNew: 19426K->1173K(19648K)
[12.549s][info ][gc,heap        ] GC(275) Tenured: 34911K->36083K(43712K)
[12.549s][info ][gc,metaspace   ] GC(275) Metaspace: 16398K->16398K(1064960K)
[12.549s][info ][gc             ] GC(275) Pause Young (Allocation Failure) 53M->36M(61M) 0.624ms
[12.549s][info ][gc,cpu         ] GC(275) User=0.01s Sys=0.00s Real=0.00s
[12.550s][info ][gc,start       ] GC(276) Pause Young (Allocation Failure)
[12.551s][debug][gc,age         ] GC(276) Desired survivor size 1114112 bytes, new threshold 1 (max threshold 15)
[12.551s][info ][gc,heap        ] GC(276) DefNew: 18268K->1173K(19648K)
[12.551s][info ][gc,heap        ] GC(276) Tenured: 36083K->36084K(43712K)
[12.551s][info ][gc,metaspace   ] GC(276) Metaspace: 16398K->16398K(1064960K)
[12.551s][info ][gc             ] GC(276) Pause Young (Allocation Failure) 53M->36M(61M) 0.563ms
[12.551s][info ][gc,cpu         ] GC(276) User=0.00s Sys=0.00s Real=0.00s
[12.552s][info ][gc,start       ] GC(277) Pause Young (Allocation Failure)
[12.553s][debug][gc,age         ] GC(277) Desired survivor size 1114112 bytes, new threshold 1 (max threshold 15)
[12.553s][info ][gc,heap        ] GC(277) DefNew: 18361K->1954K(19648K)
[12.553s][info ][gc,heap        ] GC(277) Tenured: 36084K->36475K(43712K)
[12.553s][info ][gc,metaspace   ] GC(277) Metaspace: 16398K->16398K(1064960K)
[12.553s][info ][gc             ] GC(277) Pause Young (Allocation Failure) 53M->37M(61M) 0.690ms
[12.553s][info ][gc,cpu         ] GC(277) User=0.00s Sys=0.00s Real=0.00s
[12.554s][info ][gc,start       ] GC(278) Pause Young (Allocation Failure)
[12.555s][debug][gc,age         ] GC(278) Desired survivor size 1114112 bytes, new threshold 1 (max threshold 15)
[12.555s][info ][gc,heap        ] GC(278) DefNew: 19426K->1173K(19648K)
[12.555s][info ][gc,heap        ] GC(278) Tenured: 36475K->37257K(43712K)
[12.555s][info ][gc,metaspace   ] GC(278) Metaspace: 16398K->16398K(1064960K)
[12.555s][info ][gc             ] GC(278) Pause Young (Allocation Failure) 54M->37M(61M) 0.622ms
[12.555s][info ][gc,cpu         ] GC(278) User=0.00s Sys=0.00s Real=0.00s
[12.556s][info ][gc,start       ] GC(279) Pause Young (Allocation Failure)
[12.557s][debug][gc,age         ] GC(279) Desired survivor size 1114112 bytes, new threshold 1 (max threshold 15)
[12.557s][info ][gc,heap        ] GC(279) DefNew: 18627K->1563K(19648K)
[12.557s][info ][gc,heap        ] GC(279) Tenured: 37257K->38039K(43712K)
[12.557s][info ][gc,metaspace   ] GC(279) Metaspace: 16398K->16398K(1064960K)
[12.557s][info ][gc             ] GC(279) Pause Young (Allocation Failure) 54M->38M(61M) 0.664ms
[12.557s][info ][gc,cpu         ] GC(279) User=0.00s Sys=0.00s Real=0.00s
[12.558s][info ][gc,start       ] GC(280) Pause Young (Allocation Failure)
[12.559s][debug][gc,age         ] GC(280) Desired survivor size 1114112 bytes, new threshold 1 (max threshold 15)
[12.559s][info ][gc,heap        ] GC(280) DefNew: 18792K->1173K(19648K)
[12.559s][info ][gc,heap        ] GC(280) Tenured: 38039K->38039K(43712K)
[12.559s][info ][gc,metaspace   ] GC(280) Metaspace: 16398K->16398K(1064960K)
[12.559s][info ][gc             ] GC(280) Pause Young (Allocation Failure) 55M->38M(61M) 0.443ms
[12.559s][info ][gc,cpu         ] GC(280) User=0.00s Sys=0.00s Real=0.00s
[12.560s][info ][gc,start       ] GC(281) Pause Young (Allocation Failure)
[12.561s][debug][gc,age         ] GC(281) Desired survivor size 1114112 bytes, new threshold 1 (max threshold 15)
[12.561s][info ][gc,heap        ] GC(281) DefNew: 18356K->1954K(19648K)
[12.561s][info ][gc,heap        ] GC(281) Tenured: 38039K->38040K(43712K)
[12.561s][info ][gc,metaspace   ] GC(281) Metaspace: 16398K->16398K(1064960K)
[12.561s][info ][gc             ] GC(281) Pause Young (Allocation Failure) 55M->39M(61M) 0.623ms
[12.561s][info ][gc,cpu         ] GC(281) User=0.01s Sys=0.00s Real=0.00s
[12.562s][info ][gc,start       ] GC(282) Pause Young (Allocation Failure)
[12.563s][debug][gc,age         ] GC(282) Desired survivor size 1114112 bytes, new threshold 1 (max threshold 15)
[12.563s][info ][gc,heap        ] GC(282) DefNew: 19176K->1564K(19648K)
[12.563s][info ][gc,heap        ] GC(282) Tenured: 38040K->38040K(43712K)
[12.563s][info ][gc,metaspace   ] GC(282) Metaspace: 16398K->16398K(1064960K)
[12.563s][info ][gc             ] GC(282) Pause Young (Allocation Failure) 55M->38M(61M) 0.467ms
[12.563s][info ][gc,cpu         ] GC(282) User=0.00s Sys=0.00s Real=0.00s
[12.564s][info ][gc,start       ] GC(283) Pause Young (Allocation Failure)
[12.564s][debug][gc,age         ] GC(283) Desired survivor size 1114112 bytes, new threshold 1 (max threshold 15)
[12.565s][info ][gc,heap        ] GC(283) DefNew: 18757K->1955K(19648K)
[12.565s][info ][gc,heap        ] GC(283) Tenured: 38040K->38040K(43712K)
[12.565s][info ][gc,metaspace   ] GC(283) Metaspace: 16398K->16398K(1064960K)
[12.565s][info ][gc             ] GC(283) Pause Young (Allocation Failure) 55M->39M(61M) 0.594ms
[12.565s][info ][gc,cpu         ] GC(283) User=0.00s Sys=0.00s Real=0.00s
[12.566s][info ][gc,start       ] GC(284) Pause Young (Allocation Failure)
[12.566s][debug][gc,age         ] GC(284) Desired survivor size 1114112 bytes, new threshold 1 (max threshold 15)
[12.566s][info ][gc,heap        ] GC(284) DefNew: 19129K->1955K(19648K)
[12.566s][info ][gc,heap        ] GC(284) Tenured: 38040K->38040K(43712K)
[12.566s][info ][gc,metaspace   ] GC(284) Metaspace: 16398K->16398K(1064960K)
[12.566s][info ][gc             ] GC(284) Pause Young (Allocation Failure) 55M->39M(61M) 0.512ms
[12.566s][info ][gc,cpu         ] GC(284) User=0.00s Sys=0.00s Real=0.00s
[12.568s][info ][gc,start       ] GC(285) Pause Young (Allocation Failure)
[12.568s][debug][gc,age         ] GC(285) Desired survivor size 1114112 bytes, new threshold 1 (max threshold 15)
[12.568s][info ][gc,heap        ] GC(285) DefNew: 19117K->1955K(19648K)
[12.568s][info ][gc,heap        ] GC(285) Tenured: 38040K->39212K(43712K)
[12.568s][info ][gc,metaspace   ] GC(285) Metaspace: 16398K->16398K(1064960K)
[12.568s][info ][gc             ] GC(285) Pause Young (Allocation Failure) 55M->40M(61M) 0.685ms
[12.568s][info ][gc,cpu         ] GC(285) User=0.00s Sys=0.00s Real=0.00s
[12.570s][info ][gc,start       ] GC(286) Pause Young (Allocation Failure)
[12.570s][debug][gc,age         ] GC(286) Desired survivor size 1114112 bytes, new threshold 1 (max threshold 15)
[12.570s][info ][gc,heap        ] GC(286) DefNew: 19427K->1173K(19648K)
[12.571s][info ][gc,heap        ] GC(286) Tenured: 39212K->39604K(43712K)
[12.571s][info ][gc,metaspace   ] GC(286) Metaspace: 16398K->16398K(1064960K)
[12.571s][info ][gc             ] GC(286) Pause Young (Allocation Failure) 57M->39M(61M) 0.616ms
[12.571s][info ][gc,cpu         ] GC(286) User=0.00s Sys=0.00s Real=0.00s
[12.572s][info ][gc,start       ] GC(287) Pause Young (Allocation Failure)
[12.573s][debug][gc,age         ] GC(287) Desired survivor size 1114112 bytes, new threshold 1 (max threshold 15)
[12.573s][info ][gc,heap        ] GC(287) DefNew: 18299K->1954K(19648K)
[12.573s][info ][gc,heap        ] GC(287) Tenured: 39604K->39995K(43712K)
[12.573s][info ][gc,metaspace   ] GC(287) Metaspace: 16398K->16398K(1064960K)
[12.573s][info ][gc             ] GC(287) Pause Young (Allocation Failure) 56M->40M(61M) 0.561ms
[12.573s][info ][gc,cpu         ] GC(287) User=0.00s Sys=0.00s Real=0.00s
[12.574s][info ][gc,start       ] GC(288) Pause Young (Allocation Failure)
[12.575s][debug][gc,age         ] GC(288) Desired survivor size 1114112 bytes, new threshold 1 (max threshold 15)
[12.575s][info ][gc,heap        ] GC(288) DefNew: 19426K->1564K(19648K)
[12.575s][info ][gc,heap        ] GC(288) Tenured: 39995K->40776K(43712K)
[12.575s][info ][gc,metaspace   ] GC(288) Metaspace: 16398K->16398K(1064960K)
[12.575s][info ][gc             ] GC(288) Pause Young (Allocation Failure) 58M->41M(61M) 0.608ms
[12.575s][info ][gc,cpu         ] GC(288) User=0.00s Sys=0.00s Real=0.00s
[12.576s][info ][gc,start       ] GC(289) Pause Young (Allocation Failure)
[12.576s][debug][gc,age         ] GC(289) Desired survivor size 1114112 bytes, new threshold 1 (max threshold 15)
[12.576s][info ][gc,heap        ] GC(289) DefNew: 19036K->1173K(19648K)
[12.576s][info ][gc,heap        ] GC(289) Tenured: 40776K->41558K(43712K)
[12.576s][info ][gc,metaspace   ] GC(289) Metaspace: 16398K->16398K(1064960K)
[12.576s][info ][gc             ] GC(289) Pause Young (Allocation Failure) 58M->41M(61M) 0.660ms
[12.576s][info ][gc,cpu         ] GC(289) User=0.00s Sys=0.00s Real=0.00s
[12.578s][info ][gc,start       ] GC(290) Pause Young (Allocation Failure)
[12.578s][debug][gc,age         ] GC(290) Desired survivor size 1114112 bytes, new threshold 1 (max threshold 15)
[12.578s][info ][gc,heap        ] GC(290) DefNew: 18313K->1564K(19648K)
[12.578s][info ][gc,heap        ] GC(290) Tenured: 41558K->41559K(43712K)
[12.578s][info ][gc,metaspace   ] GC(290) Metaspace: 16398K->16398K(1064960K)
[12.578s][info ][gc             ] GC(290) Pause Young (Allocation Failure) 58M->42M(61M) 0.473ms
[12.578s][info ][gc,cpu         ] GC(290) User=0.00s Sys=0.00s Real=0.00s
[12.580s][info ][gc,start       ] GC(291) Pause Young (Allocation Failure)
[12.580s][debug][gc,age         ] GC(291) Desired survivor size 1114112 bytes, new threshold 1 (max threshold 15)
[12.580s][info ][gc,heap        ] GC(291) DefNew: 18706K->1954K(19648K)
[12.580s][info ][gc,heap        ] GC(291) Tenured: 41559K->41559K(43712K)
[12.580s][info ][gc,metaspace   ] GC(291) Metaspace: 16398K->16398K(1064960K)
[12.580s][info ][gc             ] GC(291) Pause Young (Allocation Failure) 58M->42M(61M) 0.591ms
[12.580s][info ][gc,cpu         ] GC(291) User=0.00s Sys=0.00s Real=0.00s
[12.581s][info ][gc,start       ] GC(292) Pause Young (Allocation Failure)
[12.582s][debug][gc,age         ] GC(292) Desired survivor size 1114112 bytes, new threshold 1 (max threshold 15)
[12.582s][info ][gc,heap        ] GC(292) DefNew: 19097K->1564K(19648K)
[12.582s][info ][gc,heap        ] GC(292) Tenured: 41559K->42341K(43712K)
[12.582s][info ][gc,metaspace   ] GC(292) Metaspace: 16398K->16398K(1064960K)
[12.582s][info ][gc             ] GC(292) Pause Young (Allocation Failure) 59M->42M(61M) 0.589ms
[12.582s][info ][gc,cpu         ] GC(292) User=0.00s Sys=0.00s Real=0.00s
[12.583s][info ][gc,start       ] GC(293) Pause Young (Allocation Failure)
[12.583s][info ][gc,start       ] GC(294) Pause Full (Allocation Failure)
[12.584s][info ][gc,phases,start] GC(294) Phase 1: Mark live objects
[12.587s][debug][gc,phases      ] GC(294) Reference Processing 0.044ms
[12.587s][debug][gc,phases      ] GC(294) Weak Processing 0.014ms
[12.587s][debug][gc,phases      ] GC(294) ClassLoaderData 0.023ms
[12.587s][debug][gc,phases      ] GC(294) ProtectionDomainCacheTable 0.003ms
[12.587s][debug][gc,phases      ] GC(294) ResolvedMethodTable 0.015ms
[12.588s][debug][gc,phases      ] GC(294) Class Unloading 0.789ms
[12.588s][debug][gc,phases      ] GC(294) Scrub String Table 0.058ms
[12.589s][debug][gc,phases      ] GC(294) Scrub Symbol Table 1.040ms
[12.589s][info ][gc,phases      ] GC(294) Phase 1: Mark live objects 5.137ms
[12.589s][info ][gc,phases,start] GC(294) Phase 2: Compute new object addresses
[12.590s][info ][gc,phases      ] GC(294) Phase 2: Compute new object addresses 0.994ms
[12.590s][info ][gc,phases,start] GC(294) Phase 3: Adjust pointers
[12.594s][info ][gc,phases      ] GC(294) Phase 3: Adjust pointers 4.072ms
[12.594s][info ][gc,phases,start] GC(294) Phase 4: Move objects
[12.594s][info ][gc,phases      ] GC(294) Phase 4: Move objects 0.152ms
[12.594s][info ][gc             ] GC(294) Pause Full (Allocation Failure) 59M->5M(61M) 10.673ms
[12.594s][info ][gc,heap        ] GC(293) DefNew: 18729K->0K(19648K)
[12.594s][info ][gc,heap        ] GC(293) Tenured: 42341K->5587K(43712K)
[12.594s][info ][gc,metaspace   ] GC(293) Metaspace: 16398K->16398K(1064960K)
[12.594s][info ][gc             ] GC(293) Pause Young (Allocation Failure) 59M->5M(61M) 10.806ms
[12.594s][info ][gc,cpu         ] GC(293) User=0.02s Sys=0.00s Real=0.01s
[12.596s][info ][gc,start       ] GC(295) Pause Young (Allocation Failure)
[12.596s][debug][gc,age         ] GC(295) Desired survivor size 1114112 bytes, new threshold 1 (max threshold 15)
[12.596s][info ][gc,heap        ] GC(295) DefNew: 17420K->1564K(19648K)
[12.596s][info ][gc,heap        ] GC(295) Tenured: 5587K->5587K(43712K)
[12.596s][info ][gc,metaspace   ] GC(295) Metaspace: 16398K->16398K(1064960K)
[12.596s][info ][gc             ] GC(295) Pause Young (Allocation Failure) 22M->6M(61M) 0.464ms
[12.596s][info ][gc,cpu         ] GC(295) User=0.00s Sys=0.00s Real=0.00s
[12.598s][info ][gc,start       ] GC(296) Pause Young (Allocation Failure)
[12.598s][debug][gc,age         ] GC(296) Desired survivor size 1114112 bytes, new threshold 1 (max threshold 15)
[12.598s][info ][gc,heap        ] GC(296) DefNew: 19031K->1564K(19648K)
[12.598s][info ][gc,heap        ] GC(296) Tenured: 5587K->6370K(43712K)
[12.598s][info ][gc,metaspace   ] GC(296) Metaspace: 16398K->16398K(1064960K)
[12.598s][info ][gc             ] GC(296) Pause Young (Allocation Failure) 24M->7M(61M) 0.599ms
[12.598s][info ][gc,cpu         ] GC(296) User=0.00s Sys=0.00s Real=0.00s
[12.600s][info ][gc,start       ] GC(297) Pause Young (Allocation Failure)
[12.600s][debug][gc,age         ] GC(297) Desired survivor size 1114112 bytes, new threshold 1 (max threshold 15)
[12.600s][info ][gc,heap        ] GC(297) DefNew: 18923K->1172K(19648K)
[12.600s][info ][gc,heap        ] GC(297) Tenured: 6370K->7152K(43712K)
[12.600s][info ][gc,metaspace   ] GC(297) Metaspace: 16398K->16398K(1064960K)
[12.600s][info ][gc             ] GC(297) Pause Young (Allocation Failure) 24M->8M(61M) 0.649ms
[12.600s][info ][gc,cpu         ] GC(297) User=0.00s Sys=0.00s Real=0.00s
[12.602s][info ][gc,start       ] GC(298) Pause Young (Allocation Failure)
[12.602s][debug][gc,age         ] GC(298) Desired survivor size 1114112 bytes, new threshold 1 (max threshold 15)
[12.602s][info ][gc,heap        ] GC(298) DefNew: 18476K->1955K(19648K)
[12.602s][info ][gc,heap        ] GC(298) Tenured: 7152K->7543K(43712K)
[12.602s][info ][gc,metaspace   ] GC(298) Metaspace: 16398K->16398K(1064960K)
[12.602s][info ][gc             ] GC(298) Pause Young (Allocation Failure) 25M->9M(61M) 0.624ms
[12.602s][info ][gc,cpu         ] GC(298) User=0.01s Sys=0.00s Real=0.00s
[12.604s][info ][gc,start       ] GC(299) Pause Young (Allocation Failure)
[12.604s][debug][gc,age         ] GC(299) Desired survivor size 1114112 bytes, new threshold 1 (max threshold 15)
[12.604s][info ][gc,heap        ] GC(299) DefNew: 19407K->1563K(19648K)
[12.604s][info ][gc,heap        ] GC(299) Tenured: 7543K->7934K(43712K)
[12.604s][info ][gc,metaspace   ] GC(299) Metaspace: 16398K->16398K(1064960K)
[12.604s][info ][gc             ] GC(299) Pause Young (Allocation Failure) 26M->9M(61M) 0.675ms
[12.604s][info ][gc,cpu         ] GC(299) User=0.00s Sys=0.00s Real=0.00s
[12.606s][info ][gc,start       ] GC(300) Pause Young (Allocation Failure)
[12.606s][debug][gc,age         ] GC(300) Desired survivor size 1114112 bytes, new threshold 1 (max threshold 15)
[12.606s][info ][gc,heap        ] GC(300) DefNew: 18651K->1563K(19648K)
[12.606s][info ][gc,heap        ] GC(300) Tenured: 7934K->8325K(43712K)
[12.606s][info ][gc,metaspace   ] GC(300) Metaspace: 16398K->16398K(1064960K)
[12.606s][info ][gc             ] GC(300) Pause Young (Allocation Failure) 25M->9M(61M) 0.634ms
[12.606s][info ][gc,cpu         ] GC(300) User=0.00s Sys=0.00s Real=0.00s
[12.608s][info ][gc,start       ] GC(301) Pause Young (Allocation Failure)
[12.608s][debug][gc,age         ] GC(301) Desired survivor size 1114112 bytes, new threshold 1 (max threshold 15)
[12.608s][info ][gc,heap        ] GC(301) DefNew: 18695K->1954K(19648K)
[12.608s][info ][gc,heap        ] GC(301) Tenured: 8325K->8326K(43712K)
[12.608s][info ][gc,metaspace   ] GC(301) Metaspace: 16398K->16398K(1064960K)
[12.608s][info ][gc             ] GC(301) Pause Young (Allocation Failure) 26M->10M(61M) 0.521ms
[12.608s][info ][gc,cpu         ] GC(301) User=0.00s Sys=0.00s Real=0.00s
[12.610s][info ][gc,start       ] GC(302) Pause Young (Allocation Failure)
[12.610s][debug][gc,age         ] GC(302) Desired survivor size 1114112 bytes, new threshold 1 (max threshold 15)
[12.610s][info ][gc,heap        ] GC(302) DefNew: 19131K->1173K(19648K)
[12.610s][info ][gc,heap        ] GC(302) Tenured: 8326K->8326K(43712K)
[12.610s][info ][gc,metaspace   ] GC(302) Metaspace: 16398K->16398K(1064960K)
[12.610s][info ][gc             ] GC(302) Pause Young (Allocation Failure) 26M->9M(61M) 0.501ms
[12.610s][info ][gc,cpu         ] GC(302) User=0.00s Sys=0.00s Real=0.00s
[12.612s][info ][gc,start       ] GC(303) Pause Young (Allocation Failure)
[12.612s][debug][gc,age         ] GC(303) Desired survivor size 1114112 bytes, new threshold 15 (max threshold 15)
[12.612s][info ][gc,heap        ] GC(303) DefNew: 18618K->782K(19648K)
[12.612s][info ][gc,heap        ] GC(303) Tenured: 8326K->8327K(43712K)
[12.612s][info ][gc,metaspace   ] GC(303) Metaspace: 16398K->16398K(1064960K)
[12.612s][info ][gc             ] GC(303) Pause Young (Allocation Failure) 26M->8M(61M) 0.404ms
[12.612s][info ][gc,cpu         ] GC(303) User=0.00s Sys=0.00s Real=0.00s
[12.614s][info ][gc,start       ] GC(304) Pause Young (Allocation Failure)
[12.615s][debug][gc,age         ] GC(304) Desired survivor size 1114112 bytes, new threshold 2 (max threshold 15)
[12.615s][info ][gc,heap        ] GC(304) DefNew: 18193K->1173K(19648K)
[12.615s][info ][gc,heap        ] GC(304) Tenured: 8327K->8327K(43712K)
[12.615s][info ][gc,metaspace   ] GC(304) Metaspace: 16398K->16398K(1064960K)
[12.615s][info ][gc             ] GC(304) Pause Young (Allocation Failure) 25M->9M(61M) 0.647ms
[12.615s][info ][gc,cpu         ] GC(304) User=0.00s Sys=0.00s Real=0.00s
[12.616s][info ][gc,start       ] GC(305) Pause Young (Allocation Failure)
[12.616s][debug][gc,age         ] GC(305) Desired survivor size 1114112 bytes, new threshold 1 (max threshold 15)
[12.616s][info ][gc,heap        ] GC(305) DefNew: 18440K->1564K(19648K)
[12.616s][info ][gc,heap        ] GC(305) Tenured: 8327K->8327K(43712K)
[12.616s][info ][gc,metaspace   ] GC(305) Metaspace: 16398K->16398K(1064960K)
[12.616s][info ][gc             ] GC(305) Pause Young (Allocation Failure) 26M->9M(61M) 0.530ms
[12.616s][info ][gc,cpu         ] GC(305) User=0.00s Sys=0.00s Real=0.00s
[12.618s][info ][gc,start       ] GC(306) Pause Young (Allocation Failure)
[12.619s][debug][gc,age         ] GC(306) Desired survivor size 1114112 bytes, new threshold 1 (max threshold 15)
[12.619s][info ][gc,heap        ] GC(306) DefNew: 18799K->1954K(19648K)
[12.619s][info ][gc,heap        ] GC(306) Tenured: 8327K->8327K(43712K)
[12.619s][info ][gc,metaspace   ] GC(306) Metaspace: 16398K->16398K(1064960K)
[12.619s][info ][gc             ] GC(306) Pause Young (Allocation Failure) 26M->10M(61M) 0.858ms
[12.619s][info ][gc,cpu         ] GC(306) User=0.00s Sys=0.00s Real=0.00s
[12.620s][info ][gc,start       ] GC(307) Pause Young (Allocation Failure)
[12.621s][debug][gc,age         ] GC(307) Desired survivor size 1114112 bytes, new threshold 1 (max threshold 15)
[12.621s][info ][gc,heap        ] GC(307) DefNew: 19153K->1955K(19648K)
[12.621s][info ][gc,heap        ] GC(307) Tenured: 8327K->8718K(43712K)
[12.621s][info ][gc,metaspace   ] GC(307) Metaspace: 16398K->16398K(1064960K)
[12.621s][info ][gc             ] GC(307) Pause Young (Allocation Failure) 26M->10M(61M) 0.731ms
[12.621s][info ][gc,cpu         ] GC(307) User=0.01s Sys=0.00s Real=0.00s
[12.622s][info ][gc,start       ] GC(308) Pause Young (Allocation Failure)
[12.623s][debug][gc,age         ] GC(308) Desired survivor size 1114112 bytes, new threshold 1 (max threshold 15)
[12.623s][info ][gc,heap        ] GC(308) DefNew: 19208K->1955K(19648K)
[12.623s][info ][gc,heap        ] GC(308) Tenured: 8718K->9109K(43712K)
[12.623s][info ][gc,metaspace   ] GC(308) Metaspace: 16398K->16398K(1064960K)
[12.623s][info ][gc             ] GC(308) Pause Young (Allocation Failure) 27M->10M(61M) 0.581ms
[12.623s][info ][gc,cpu         ] GC(308) User=0.00s Sys=0.00s Real=0.00s
[12.624s][info ][gc,start       ] GC(309) Pause Young (Allocation Failure)
[12.624s][debug][gc,age         ] GC(309) Desired survivor size 1114112 bytes, new threshold 1 (max threshold 15)
[12.625s][info ][gc,heap        ] GC(309) DefNew: 19168K->1954K(19648K)
[12.625s][info ][gc,heap        ] GC(309) Tenured: 9109K->9500K(43712K)
[12.625s][info ][gc,metaspace   ] GC(309) Metaspace: 16398K->16398K(1064960K)
[12.625s][info ][gc             ] GC(309) Pause Young (Allocation Failure) 27M->11M(61M) 0.577ms
[12.625s][info ][gc,cpu         ] GC(309) User=0.00s Sys=0.00s Real=0.00s
[12.626s][info ][gc,start       ] GC(310) Pause Young (Allocation Failure)
[12.627s][debug][gc,age         ] GC(310) Desired survivor size 1114112 bytes, new threshold 1 (max threshold 15)
[12.627s][info ][gc,heap        ] GC(310) DefNew: 19409K->1563K(19648K)
[12.627s][info ][gc,heap        ] GC(310) Tenured: 9500K->10282K(43712K)
[12.627s][info ][gc,metaspace   ] GC(310) Metaspace: 16398K->16398K(1064960K)
[12.627s][info ][gc             ] GC(310) Pause Young (Allocation Failure) 28M->11M(61M) 0.786ms
[12.627s][info ][gc,cpu         ] GC(310) User=0.00s Sys=0.00s Real=0.00s
[12.628s][info ][gc,start       ] GC(311) Pause Young (Allocation Failure)
[12.629s][debug][gc,age         ] GC(311) Desired survivor size 1114112 bytes, new threshold 1 (max threshold 15)
[12.629s][info ][gc,heap        ] GC(311) DefNew: 19035K->1954K(19648K)
[12.629s][info ][gc,heap        ] GC(311) Tenured: 10282K->11063K(43712K)
[12.629s][info ][gc,metaspace   ] GC(311) Metaspace: 16398K->16398K(1064960K)
[12.629s][info ][gc             ] GC(311) Pause Young (Allocation Failure) 28M->12M(61M) 0.594ms
[12.629s][info ][gc,cpu         ] GC(311) User=0.00s Sys=0.00s Real=0.00s
[12.630s][info ][gc,start       ] GC(312) Pause Young (Allocation Failure)
[12.631s][debug][gc,age         ] GC(312) Desired survivor size 1114112 bytes, new threshold 1 (max threshold 15)
[12.631s][info ][gc,heap        ] GC(312) DefNew: 19394K->1173K(19648K)
[12.631s][info ][gc,heap        ] GC(312) Tenured: 11063K->11845K(43712K)
[12.631s][info ][gc,metaspace   ] GC(312) Metaspace: 16398K->16398K(1064960K)
[12.631s][info ][gc             ] GC(312) Pause Young (Allocation Failure) 29M->12M(61M) 0.581ms
[12.631s][info ][gc,cpu         ] GC(312) User=0.00s Sys=0.00s Real=0.00s
[12.632s][info ][gc,start       ] GC(313) Pause Young (Allocation Failure)
[12.632s][debug][gc,age         ] GC(313) Desired survivor size 1114112 bytes, new threshold 1 (max threshold 15)
[12.632s][info ][gc,heap        ] GC(313) DefNew: 18645K->1563K(19648K)
[12.632s][info ][gc,heap        ] GC(313) Tenured: 11845K->11846K(43712K)
[12.632s][info ][gc,metaspace   ] GC(313) Metaspace: 16398K->16398K(1064960K)
[12.633s][info ][gc             ] GC(313) Pause Young (Allocation Failure) 29M->13M(61M) 0.521ms
[12.633s][info ][gc,cpu         ] GC(313) User=0.00s Sys=0.00s Real=0.00s
[12.634s][info ][gc,start       ] GC(314) Pause Young (Allocation Failure)
[12.635s][debug][gc,age         ] GC(314) Desired survivor size 1114112 bytes, new threshold 1 (max threshold 15)
[12.635s][info ][gc,heap        ] GC(314) DefNew: 18973K->1954K(19648K)
[12.635s][info ][gc,heap        ] GC(314) Tenured: 11846K->12237K(43712K)
[12.635s][info ][gc,metaspace   ] GC(314) Metaspace: 16398K->16398K(1064960K)
[12.635s][info ][gc             ] GC(314) Pause Young (Allocation Failure) 30M->13M(61M) 0.657ms
[12.635s][info ][gc,cpu         ] GC(314) User=0.00s Sys=0.00s Real=0.00s
[12.636s][info ][gc,start       ] GC(315) Pause Young (Allocation Failure)
[12.637s][debug][gc,age         ] GC(315) Desired survivor size 1114112 bytes, new threshold 1 (max threshold 15)
[12.637s][info ][gc,heap        ] GC(315) DefNew: 19268K->1955K(19648K)
[12.637s][info ][gc,heap        ] GC(315) Tenured: 12237K->13019K(43712K)
[12.637s][info ][gc,metaspace   ] GC(315) Metaspace: 16398K->16398K(1064960K)
[12.637s][info ][gc             ] GC(315) Pause Young (Allocation Failure) 30M->14M(61M) 0.857ms
[12.637s][info ][gc,cpu         ] GC(315) User=0.00s Sys=0.00s Real=0.00s
[12.638s][info ][gc,start       ] GC(316) Pause Young (Allocation Failure)
[12.639s][debug][gc,age         ] GC(316) Desired survivor size 1114112 bytes, new threshold 1 (max threshold 15)
[12.639s][info ][gc,heap        ] GC(316) DefNew: 19207K->1173K(19648K)
[12.639s][info ][gc,heap        ] GC(316) Tenured: 13019K->13019K(43712K)
[12.639s][info ][gc,metaspace   ] GC(316) Metaspace: 16398K->16398K(1064960K)
[12.639s][info ][gc             ] GC(316) Pause Young (Allocation Failure) 31M->13M(61M) 0.437ms
[12.639s][info ][gc,cpu         ] GC(316) User=0.00s Sys=0.00s Real=0.00s
[12.640s][info ][gc,start       ] GC(317) Pause Young (Allocation Failure)
[12.640s][debug][gc,age         ] GC(317) Desired survivor size 1114112 bytes, new threshold 1 (max threshold 15)
[12.641s][info ][gc,heap        ] GC(317) DefNew: 18574K->1172K(19648K)
[12.641s][info ][gc,heap        ] GC(317) Tenured: 13019K->13411K(43712K)
[12.641s][info ][gc,metaspace   ] GC(317) Metaspace: 16398K->16398K(1064960K)
[12.641s][info ][gc             ] GC(317) Pause Young (Allocation Failure) 30M->14M(61M) 0.546ms
[12.641s][info ][gc,cpu         ] GC(317) User=0.00s Sys=0.00s Real=0.00s
[12.642s][info ][gc,start       ] GC(318) Pause Young (Allocation Failure)
[12.642s][debug][gc,age         ] GC(318) Desired survivor size 1114112 bytes, new threshold 15 (max threshold 15)
[12.642s][info ][gc,heap        ] GC(318) DefNew: 18596K->782K(19648K)
[12.642s][info ][gc,heap        ] GC(318) Tenured: 13411K->13802K(43712K)
[12.642s][info ][gc,metaspace   ] GC(318) Metaspace: 16398K->16398K(1064960K)
[12.642s][info ][gc             ] GC(318) Pause Young (Allocation Failure) 31M->14M(61M) 0.639ms
[12.642s][info ][gc,cpu         ] GC(318) User=0.00s Sys=0.00s Real=0.00s
[12.644s][info ][gc,start       ] GC(319) Pause Young (Allocation Failure)
[12.644s][debug][gc,age         ] GC(319) Desired survivor size 1114112 bytes, new threshold 1 (max threshold 15)
[12.645s][info ][gc,heap        ] GC(319) DefNew: 18011K->1955K(19648K)
[12.645s][info ][gc,heap        ] GC(319) Tenured: 13802K->14974K(43712K)
[12.645s][info ][gc,metaspace   ] GC(319) Metaspace: 16398K->16398K(1064960K)
[12.645s][info ][gc             ] GC(319) Pause Young (Allocation Failure) 31M->16M(61M) 0.813ms
[12.645s][info ][gc,cpu         ] GC(319) User=0.00s Sys=0.00s Real=0.00s
[12.646s][info ][gc,start       ] GC(320) Pause Young (Allocation Failure)
[12.647s][debug][gc,age         ] GC(320) Desired survivor size 1114112 bytes, new threshold 1 (max threshold 15)
[12.647s][info ][gc,heap        ] GC(320) DefNew: 19221K->1955K(19648K)
[12.647s][info ][gc,heap        ] GC(320) Tenured: 14974K->16146K(43712K)
[12.647s][info ][gc,metaspace   ] GC(320) Metaspace: 16398K->16398K(1064960K)
[12.647s][info ][gc             ] GC(320) Pause Young (Allocation Failure) 33M->17M(61M) 0.748ms
[12.647s][info ][gc,cpu         ] GC(320) User=0.00s Sys=0.00s Real=0.00s
[12.648s][info ][gc,start       ] GC(321) Pause Young (Allocation Failure)
[12.649s][debug][gc,age         ] GC(321) Desired survivor size 1114112 bytes, new threshold 1 (max threshold 15)
[12.649s][info ][gc,heap        ] GC(321) DefNew: 19425K->1563K(19648K)
[12.649s][info ][gc,heap        ] GC(321) Tenured: 16146K->16537K(43712K)
[12.649s][info ][gc,metaspace   ] GC(321) Metaspace: 16398K->16398K(1064960K)
[12.649s][info ][gc             ] GC(321) Pause Young (Allocation Failure) 34M->17M(61M) 0.559ms
[12.649s][info ][gc,cpu         ] GC(321) User=0.00s Sys=0.00s Real=0.00s
[12.650s][info ][gc,start       ] GC(322) Pause Young (Allocation Failure)
[12.651s][debug][gc,age         ] GC(322) Desired survivor size 1114112 bytes, new threshold 1 (max threshold 15)
[12.651s][info ][gc,heap        ] GC(322) DefNew: 19011K->1563K(19648K)
[12.651s][info ][gc,heap        ] GC(322) Tenured: 16537K->16929K(43712K)
[12.651s][info ][gc,metaspace   ] GC(322) Metaspace: 16398K->16398K(1064960K)
[12.651s][info ][gc             ] GC(322) Pause Young (Allocation Failure) 34M->18M(61M) 0.682ms
[12.651s][info ][gc,cpu         ] GC(322) User=0.00s Sys=0.00s Real=0.00s
[12.652s][info ][gc,start       ] GC(323) Pause Young (Allocation Failure)
[12.653s][debug][gc,age         ] GC(323) Desired survivor size 1114112 bytes, new threshold 1 (max threshold 15)
[12.653s][info ][gc,heap        ] GC(323) DefNew: 18736K->1173K(19648K)
[12.653s][info ][gc,heap        ] GC(323) Tenured: 16929K->16929K(43712K)
[12.653s][info ][gc,metaspace   ] GC(323) Metaspace: 16398K->16398K(1064960K)
[12.653s][info ][gc             ] GC(323) Pause Young (Allocation Failure) 34M->17M(61M) 0.642ms
[12.653s][info ][gc,cpu         ] GC(323) User=0.00s Sys=0.00s Real=0.00s
[12.654s][info ][gc,start       ] GC(324) Pause Young (Allocation Failure)
[12.655s][debug][gc,age         ] GC(324) Desired survivor size 1114112 bytes, new threshold 1 (max threshold 15)
[12.655s][info ][gc,heap        ] GC(324) DefNew: 18260K->1563K(19648K)
[12.655s][info ][gc,heap        ] GC(324) Tenured: 16929K->16929K(43712K)
[12.655s][info ][gc,metaspace   ] GC(324) Metaspace: 16398K->16398K(1064960K)
[12.655s][info ][gc             ] GC(324) Pause Young (Allocation Failure) 34M->18M(61M) 0.501ms
[12.655s][info ][gc,cpu         ] GC(324) User=0.00s Sys=0.00s Real=0.00s
[12.656s][info ][gc,start       ] GC(325) Pause Young (Allocation Failure)
[12.656s][debug][gc,age         ] GC(325) Desired survivor size 1114112 bytes, new threshold 1 (max threshold 15)
[12.656s][info ][gc,heap        ] GC(325) DefNew: 18835K->1564K(19648K)
[12.656s][info ][gc,heap        ] GC(325) Tenured: 16929K->16929K(43712K)
[12.656s][info ][gc,metaspace   ] GC(325) Metaspace: 16398K->16398K(1064960K)
[12.656s][info ][gc             ] GC(325) Pause Young (Allocation Failure) 34M->18M(61M) 0.477ms
[12.656s][info ][gc,cpu         ] GC(325) User=0.00s Sys=0.00s Real=0.00s
[12.658s][info ][gc,start       ] GC(326) Pause Young (Allocation Failure)
[12.658s][debug][gc,age         ] GC(326) Desired survivor size 1114112 bytes, new threshold 15 (max threshold 15)
[12.658s][info ][gc,heap        ] GC(326) DefNew: 18923K->391K(19648K)
[12.658s][info ][gc,heap        ] GC(326) Tenured: 16929K->17712K(43712K)
[12.658s][info ][gc,metaspace   ] GC(326) Metaspace: 16398K->16398K(1064960K)
[12.658s][info ][gc             ] GC(326) Pause Young (Allocation Failure) 35M->17M(61M) 0.483ms
[12.658s][info ][gc,cpu         ] GC(326) User=0.00s Sys=0.01s Real=0.00s
[12.660s][info ][gc,start       ] GC(327) Pause Young (Allocation Failure)
[12.661s][debug][gc,age         ] GC(327) Desired survivor size 1114112 bytes, new threshold 1 (max threshold 15)
[12.661s][info ][gc,heap        ] GC(327) DefNew: 17863K->1954K(19648K)
[12.661s][info ][gc,heap        ] GC(327) Tenured: 17712K->18103K(43712K)
[12.661s][info ][gc,metaspace   ] GC(327) Metaspace: 16398K->16398K(1064960K)
[12.661s][info ][gc             ] GC(327) Pause Young (Allocation Failure) 34M->19M(61M) 0.688ms
[12.661s][info ][gc,cpu         ] GC(327) User=0.00s Sys=0.00s Real=0.00s
[12.662s][info ][gc,start       ] GC(328) Pause Young (Allocation Failure)
[12.662s][debug][gc,age         ] GC(328) Desired survivor size 1114112 bytes, new threshold 1 (max threshold 15)
[12.663s][info ][gc,heap        ] GC(328) DefNew: 19353K->1173K(19648K)
[12.663s][info ][gc,heap        ] GC(328) Tenured: 18103K->18885K(43712K)
[12.663s][info ][gc,metaspace   ] GC(328) Metaspace: 16398K->16398K(1064960K)
[12.663s][info ][gc             ] GC(328) Pause Young (Allocation Failure) 36M->19M(61M) 0.546ms
[12.663s][info ][gc,cpu         ] GC(328) User=0.00s Sys=0.00s Real=0.00s
[12.664s][info ][gc,start       ] GC(329) Pause Young (Allocation Failure)
[12.664s][debug][gc,age         ] GC(329) Desired survivor size 1114112 bytes, new threshold 1 (max threshold 15)
[12.664s][info ][gc,heap        ] GC(329) DefNew: 18350K->1564K(19648K)
[12.664s][info ][gc,heap        ] GC(329) Tenured: 18885K->18885K(43712K)
[12.664s][info ][gc,metaspace   ] GC(329) Metaspace: 16398K->16398K(1064960K)
[12.664s][info ][gc             ] GC(329) Pause Young (Allocation Failure) 36M->19M(61M) 0.595ms
[12.664s][info ][gc,cpu         ] GC(329) User=0.01s Sys=0.00s Real=0.00s
[12.666s][info ][gc,start       ] GC(330) Pause Young (Allocation Failure)
[12.666s][debug][gc,age         ] GC(330) Desired survivor size 1114112 bytes, new threshold 1 (max threshold 15)
[12.666s][info ][gc,heap        ] GC(330) DefNew: 18897K->1564K(19648K)
[12.666s][info ][gc,heap        ] GC(330) Tenured: 18885K->18885K(43712K)
[12.666s][info ][gc,metaspace   ] GC(330) Metaspace: 16398K->16398K(1064960K)
[12.666s][info ][gc             ] GC(330) Pause Young (Allocation Failure) 36M->19M(61M) 0.573ms
[12.666s][info ][gc,cpu         ] GC(330) User=0.00s Sys=0.00s Real=0.00s
[12.668s][info ][gc,start       ] GC(331) Pause Young (Allocation Failure)
[12.668s][debug][gc,age         ] GC(331) Desired survivor size 1114112 bytes, new threshold 1 (max threshold 15)
[12.668s][info ][gc,heap        ] GC(331) DefNew: 18828K->1955K(19648K)
[12.668s][info ][gc,heap        ] GC(331) Tenured: 18885K->18885K(43712K)
[12.668s][info ][gc,metaspace   ] GC(331) Metaspace: 16398K->16398K(1064960K)
[12.668s][info ][gc             ] GC(331) Pause Young (Allocation Failure) 36M->20M(61M) 0.564ms
[12.668s][info ][gc,cpu         ] GC(331) User=0.00s Sys=0.00s Real=0.00s
[12.669s][info ][gc,start       ] GC(332) Pause Young (Allocation Failure)
[12.670s][debug][gc,age         ] GC(332) Desired survivor size 1114112 bytes, new threshold 15 (max threshold 15)
[12.670s][info ][gc,heap        ] GC(332) DefNew: 19175K->782K(19648K)
[12.670s][info ][gc,heap        ] GC(332) Tenured: 18885K->19667K(43712K)
[12.670s][info ][gc,metaspace   ] GC(332) Metaspace: 16398K->16398K(1064960K)
[12.670s][info ][gc             ] GC(332) Pause Young (Allocation Failure) 37M->19M(61M) 0.567ms
[12.670s][info ][gc,cpu         ] GC(332) User=0.00s Sys=0.00s Real=0.00s
[12.671s][info ][gc,start       ] GC(333) Pause Young (Allocation Failure)
[12.672s][debug][gc,age         ] GC(333) Desired survivor size 1114112 bytes, new threshold 1 (max threshold 15)
[12.672s][info ][gc,heap        ] GC(333) DefNew: 17913K->1955K(19648K)
[12.672s][info ][gc,heap        ] GC(333) Tenured: 19667K->20839K(43712K)
[12.672s][info ][gc,metaspace   ] GC(333) Metaspace: 16398K->16398K(1064960K)
[12.672s][info ][gc             ] GC(333) Pause Young (Allocation Failure) 36M->22M(61M) 0.670ms
[12.672s][info ][gc,cpu         ] GC(333) User=0.00s Sys=0.00s Real=0.00s
[12.673s][info ][gc,start       ] GC(334) Pause Young (Allocation Failure)
[12.674s][debug][gc,age         ] GC(334) Desired survivor size 1114112 bytes, new threshold 1 (max threshold 15)
[12.674s][info ][gc,heap        ] GC(334) DefNew: 19148K->1955K(19648K)
[12.674s][info ][gc,heap        ] GC(334) Tenured: 20839K->20839K(43712K)
[12.674s][info ][gc,metaspace   ] GC(334) Metaspace: 16398K->16398K(1064960K)
[12.674s][info ][gc             ] GC(334) Pause Young (Allocation Failure) 39M->22M(61M) 0.559ms
[12.674s][info ][gc,cpu         ] GC(334) User=0.00s Sys=0.00s Real=0.00s
[12.675s][info ][gc,start       ] GC(335) Pause Young (Allocation Failure)
[12.676s][debug][gc,age         ] GC(335) Desired survivor size 1114112 bytes, new threshold 1 (max threshold 15)
[12.676s][info ][gc,heap        ] GC(335) DefNew: 19415K->1954K(19648K)
[12.676s][info ][gc,heap        ] GC(335) Tenured: 20839K->20840K(43712K)
[12.676s][info ][gc,metaspace   ] GC(335) Metaspace: 16398K->16398K(1064960K)
[12.676s][info ][gc             ] GC(335) Pause Young (Allocation Failure) 39M->22M(61M) 0.682ms
[12.676s][info ][gc,cpu         ] GC(335) User=0.00s Sys=0.00s Real=0.00s
[12.677s][info ][gc,start       ] GC(336) Pause Young (Allocation Failure)
[12.678s][debug][gc,age         ] GC(336) Desired survivor size 1114112 bytes, new threshold 1 (max threshold 15)
[12.678s][info ][gc,heap        ] GC(336) DefNew: 19151K->1955K(19648K)
[12.678s][info ][gc,heap        ] GC(336) Tenured: 20840K->20840K(43712K)
[12.678s][info ][gc,metaspace   ] GC(336) Metaspace: 16398K->16398K(1064960K)
[12.678s][info ][gc             ] GC(336) Pause Young (Allocation Failure) 39M->22M(61M) 0.510ms
[12.678s][info ][gc,cpu         ] GC(336) User=0.00s Sys=0.00s Real=0.00s
[12.679s][info ][gc,start       ] GC(337) Pause Young (Allocation Failure)
[12.679s][debug][gc,age         ] GC(337) Desired survivor size 1114112 bytes, new threshold 1 (max threshold 15)
[12.680s][info ][gc,heap        ] GC(337) DefNew: 19427K->1954K(19648K)
[12.680s][info ][gc,heap        ] GC(337) Tenured: 20840K->21622K(43712K)
[12.680s][info ][gc,metaspace   ] GC(337) Metaspace: 16398K->16398K(1064960K)
[12.680s][info ][gc             ] GC(337) Pause Young (Allocation Failure) 39M->23M(61M) 0.612ms
[12.680s][info ][gc,cpu         ] GC(337) User=0.00s Sys=0.00s Real=0.01s
[12.681s][info ][gc,start       ] GC(338) Pause Young (Allocation Failure)
[12.681s][debug][gc,age         ] GC(338) Desired survivor size 1114112 bytes, new threshold 1 (max threshold 15)
[12.681s][info ][gc,heap        ] GC(338) DefNew: 19426K->1173K(19648K)
[12.681s][info ][gc,heap        ] GC(338) Tenured: 21622K->22013K(43712K)
[12.681s][info ][gc,metaspace   ] GC(338) Metaspace: 16398K->16398K(1064960K)
[12.681s][info ][gc             ] GC(338) Pause Young (Allocation Failure) 40M->22M(61M) 0.531ms
[12.681s][info ][gc,cpu         ] GC(338) User=0.00s Sys=0.00s Real=0.00s
[12.683s][info ][gc,start       ] GC(339) Pause Young (Allocation Failure)
[12.683s][debug][gc,age         ] GC(339) Desired survivor size 1114112 bytes, new threshold 15 (max threshold 15)
[12.683s][info ][gc,heap        ] GC(339) DefNew: 18374K->783K(19648K)
[12.683s][info ][gc,heap        ] GC(339) Tenured: 22013K->22013K(43712K)
[12.683s][info ][gc,metaspace   ] GC(339) Metaspace: 16398K->16398K(1064960K)
[12.683s][info ][gc             ] GC(339) Pause Young (Allocation Failure) 39M->22M(61M) 0.702ms
[12.683s][info ][gc,cpu         ] GC(339) User=0.01s Sys=0.00s Real=0.00s
[12.685s][info ][gc,start       ] GC(340) Pause Young (Allocation Failure)
[12.685s][debug][gc,age         ] GC(340) Desired survivor size 1114112 bytes, new threshold 1 (max threshold 15)
[12.685s][info ][gc,heap        ] GC(340) DefNew: 18249K->1955K(19648K)
[12.685s][info ][gc,heap        ] GC(340) Tenured: 22013K->22403K(43712K)
[12.686s][info ][gc,metaspace   ] GC(340) Metaspace: 16398K->16398K(1064960K)
[12.686s][info ][gc             ] GC(340) Pause Young (Allocation Failure) 39M->23M(61M) 0.662ms
[12.686s][info ][gc,cpu         ] GC(340) User=0.00s Sys=0.00s Real=0.00s
[12.687s][info ][gc,start       ] GC(341) Pause Young (Allocation Failure)
[12.688s][debug][gc,age         ] GC(341) Desired survivor size 1114112 bytes, new threshold 15 (max threshold 15)
[12.688s][info ][gc,heap        ] GC(341) DefNew: 19342K->782K(19648K)
[12.688s][info ][gc,heap        ] GC(341) Tenured: 22403K->23186K(43712K)
[12.688s][info ][gc,metaspace   ] GC(341) Metaspace: 16398K->16398K(1064960K)
[12.688s][info ][gc             ] GC(341) Pause Young (Allocation Failure) 40M->23M(61M) 0.600ms
[12.688s][info ][gc,cpu         ] GC(341) User=0.00s Sys=0.00s Real=0.00s
[12.689s][info ][gc,start       ] GC(342) Pause Young (Allocation Failure)
[12.690s][debug][gc,age         ] GC(342) Desired survivor size 1114112 bytes, new threshold 1 (max threshold 15)
[12.690s][info ][gc,heap        ] GC(342) DefNew: 17974K->1955K(19648K)
[12.690s][info ][gc,heap        ] GC(342) Tenured: 23186K->23577K(43712K)
[12.690s][info ][gc,metaspace   ] GC(342) Metaspace: 16398K->16398K(1064960K)
[12.690s][info ][gc             ] GC(342) Pause Young (Allocation Failure) 40M->24M(61M) 0.731ms
[12.690s][info ][gc,cpu         ] GC(342) User=0.00s Sys=0.00s Real=0.01s
[12.691s][info ][gc,start       ] GC(343) Pause Young (Allocation Failure)
[12.692s][debug][gc,age         ] GC(343) Desired survivor size 1114112 bytes, new threshold 1 (max threshold 15)
[12.692s][info ][gc,heap        ] GC(343) DefNew: 19188K->1955K(19648K)
[12.692s][info ][gc,heap        ] GC(343) Tenured: 23577K->24749K(43712K)
[12.692s][info ][gc,metaspace   ] GC(343) Metaspace: 16398K->16398K(1064960K)
[12.692s][info ][gc             ] GC(343) Pause Young (Allocation Failure) 41M->26M(61M) 0.765ms
[12.692s][info ][gc,cpu         ] GC(343) User=0.00s Sys=0.00s Real=0.00s
[12.693s][info ][gc,start       ] GC(344) Pause Young (Allocation Failure)
[12.694s][debug][gc,age         ] GC(344) Desired survivor size 1114112 bytes, new threshold 1 (max threshold 15)
[12.694s][info ][gc,heap        ] GC(344) DefNew: 19155K->1564K(19648K)
[12.694s][info ][gc,heap        ] GC(344) Tenured: 24749K->24749K(43712K)
[12.694s][info ][gc,metaspace   ] GC(344) Metaspace: 16398K->16398K(1064960K)
[12.694s][info ][gc             ] GC(344) Pause Young (Allocation Failure) 42M->25M(61M) 0.610ms
[12.694s][info ][gc,cpu         ] GC(344) User=0.00s Sys=0.00s Real=0.00s
[12.695s][info ][gc,start       ] GC(345) Pause Young (Allocation Failure)
[12.696s][debug][gc,age         ] GC(345) Desired survivor size 1114112 bytes, new threshold 1 (max threshold 15)
[12.696s][info ][gc,heap        ] GC(345) DefNew: 18664K->1955K(19648K)
[12.696s][info ][gc,heap        ] GC(345) Tenured: 24749K->25530K(43712K)
[12.696s][info ][gc,metaspace   ] GC(345) Metaspace: 16398K->16398K(1064960K)
[12.696s][info ][gc             ] GC(345) Pause Young (Allocation Failure) 42M->26M(61M) 0.704ms
[12.696s][info ][gc,cpu         ] GC(345) User=0.00s Sys=0.00s Real=0.00s
[12.697s][info ][gc,start       ] GC(346) Pause Young (Allocation Failure)
[12.698s][debug][gc,age         ] GC(346) Desired survivor size 1114112 bytes, new threshold 1 (max threshold 15)
[12.698s][info ][gc,heap        ] GC(346) DefNew: 19417K->1563K(19648K)
[12.698s][info ][gc,heap        ] GC(346) Tenured: 25530K->26703K(43712K)
[12.698s][info ][gc,metaspace   ] GC(346) Metaspace: 16398K->16398K(1064960K)
[12.698s][info ][gc             ] GC(346) Pause Young (Allocation Failure) 43M->27M(61M) 0.649ms
[12.698s][info ][gc,cpu         ] GC(346) User=0.00s Sys=0.00s Real=0.00s
[12.699s][info ][gc,start       ] GC(347) Pause Young (Allocation Failure)
[12.700s][debug][gc,age         ] GC(347) Desired survivor size 1114112 bytes, new threshold 1 (max threshold 15)
[12.700s][info ][gc,heap        ] GC(347) DefNew: 18781K->1955K(19648K)
[12.700s][info ][gc,heap        ] GC(347) Tenured: 26703K->26703K(43712K)
[12.700s][info ][gc,metaspace   ] GC(347) Metaspace: 16398K->16398K(1064960K)
[12.700s][info ][gc             ] GC(347) Pause Young (Allocation Failure) 44M->27M(61M) 0.517ms
[12.700s][info ][gc,cpu         ] GC(347) User=0.00s Sys=0.00s Real=0.01s
[12.701s][info ][gc,start       ] GC(348) Pause Young (Allocation Failure)
[12.702s][debug][gc,age         ] GC(348) Desired survivor size 1114112 bytes, new threshold 1 (max threshold 15)
[12.702s][info ][gc,heap        ] GC(348) DefNew: 19098K->1954K(19648K)
[12.702s][info ][gc,heap        ] GC(348) Tenured: 26703K->27876K(43712K)
[12.702s][info ][gc,metaspace   ] GC(348) Metaspace: 16398K->16398K(1064960K)
[12.702s][info ][gc             ] GC(348) Pause Young (Allocation Failure) 44M->29M(61M) 0.802ms
[12.702s][info ][gc,cpu         ] GC(348) User=0.00s Sys=0.00s Real=0.00s
[12.703s][info ][gc,start       ] GC(349) Pause Young (Allocation Failure)
[12.704s][debug][gc,age         ] GC(349) Desired survivor size 1114112 bytes, new threshold 15 (max threshold 15)
[12.704s][info ][gc,heap        ] GC(349) DefNew: 19426K->782K(19648K)
[12.704s][info ][gc,heap        ] GC(349) Tenured: 27876K->29439K(43712K)
[12.704s][info ][gc,metaspace   ] GC(349) Metaspace: 16398K->16398K(1064960K)
[12.704s][info ][gc             ] GC(349) Pause Young (Allocation Failure) 46M->29M(61M) 0.611ms
[12.704s][info ][gc,cpu         ] GC(349) User=0.00s Sys=0.00s Real=0.00s
[12.705s][info ][gc,start       ] GC(350) Pause Young (Allocation Failure)
[12.706s][debug][gc,age         ] GC(350) Desired survivor size 1114112 bytes, new threshold 2 (max threshold 15)
[12.706s][info ][gc,heap        ] GC(350) DefNew: 18148K->1173K(19648K)
[12.706s][info ][gc,heap        ] GC(350) Tenured: 29439K->29439K(43712K)
[12.706s][info ][gc,metaspace   ] GC(350) Metaspace: 16398K->16398K(1064960K)
[12.706s][info ][gc             ] GC(350) Pause Young (Allocation Failure) 46M->29M(61M) 0.530ms
[12.706s][info ][gc,cpu         ] GC(350) User=0.00s Sys=0.00s Real=0.00s
[12.707s][info ][gc,start       ] GC(351) Pause Young (Allocation Failure)
[12.707s][debug][gc,age         ] GC(351) Desired survivor size 1114112 bytes, new threshold 1 (max threshold 15)
[12.707s][info ][gc,heap        ] GC(351) DefNew: 18273K->1563K(19648K)
[12.707s][info ][gc,heap        ] GC(351) Tenured: 29439K->29440K(43712K)
[12.707s][info ][gc,metaspace   ] GC(351) Metaspace: 16398K->16398K(1064960K)
[12.707s][info ][gc             ] GC(351) Pause Young (Allocation Failure) 46M->30M(61M) 0.505ms
[12.707s][info ][gc,cpu         ] GC(351) User=0.00s Sys=0.00s Real=0.00s
[12.709s][info ][gc,start       ] GC(352) Pause Young (Allocation Failure)
[12.710s][debug][gc,age         ] GC(352) Desired survivor size 1114112 bytes, new threshold 15 (max threshold 15)
[12.710s][info ][gc,heap        ] GC(352) DefNew: 18949K->782K(19648K)
[12.710s][info ][gc,heap        ] GC(352) Tenured: 29440K->30222K(43712K)
[12.710s][info ][gc,metaspace   ] GC(352) Metaspace: 16398K->16398K(1064960K)
[12.710s][info ][gc             ] GC(352) Pause Young (Allocation Failure) 47M->30M(61M) 0.697ms
[12.710s][info ][gc,cpu         ] GC(352) User=0.01s Sys=0.00s Real=0.01s
[12.711s][info ][gc,start       ] GC(353) Pause Young (Allocation Failure)
[12.712s][debug][gc,age         ] GC(353) Desired survivor size 1114112 bytes, new threshold 1 (max threshold 15)
[12.712s][info ][gc,heap        ] GC(353) DefNew: 17886K->1564K(19648K)
[12.712s][info ][gc,heap        ] GC(353) Tenured: 30222K->30222K(43712K)
[12.712s][info ][gc,metaspace   ] GC(353) Metaspace: 16398K->16398K(1064960K)
[12.712s][info ][gc             ] GC(353) Pause Young (Allocation Failure) 46M->31M(61M) 0.486ms
[12.712s][info ][gc,cpu         ] GC(353) User=0.00s Sys=0.00s Real=0.00s
[12.713s][info ][gc,start       ] GC(354) Pause Young (Allocation Failure)
[12.713s][debug][gc,age         ] GC(354) Desired survivor size 1114112 bytes, new threshold 15 (max threshold 15)
[12.713s][info ][gc,heap        ] GC(354) DefNew: 18988K->782K(19648K)
[12.713s][info ][gc,heap        ] GC(354) Tenured: 30222K->30613K(43712K)
[12.713s][info ][gc,metaspace   ] GC(354) Metaspace: 16398K->16398K(1064960K)
[12.713s][info ][gc             ] GC(354) Pause Young (Allocation Failure) 48M->30M(61M) 0.451ms
[12.713s][info ][gc,cpu         ] GC(354) User=0.00s Sys=0.01s Real=0.00s
[12.715s][info ][gc,start       ] GC(355) Pause Young (Allocation Failure)
[12.715s][debug][gc,age         ] GC(355) Desired survivor size 1114112 bytes, new threshold 1 (max threshold 15)
[12.715s][info ][gc,heap        ] GC(355) DefNew: 18111K->1955K(19648K)
[12.715s][info ][gc,heap        ] GC(355) Tenured: 30613K->31785K(43712K)
[12.715s][info ][gc,metaspace   ] GC(355) Metaspace: 16398K->16398K(1064960K)
[12.715s][info ][gc             ] GC(355) Pause Young (Allocation Failure) 47M->32M(61M) 0.711ms
[12.715s][info ][gc,cpu         ] GC(355) User=0.00s Sys=0.00s Real=0.00s
[12.717s][info ][gc,start       ] GC(356) Pause Young (Allocation Failure)
[12.717s][debug][gc,age         ] GC(356) Desired survivor size 1114112 bytes, new threshold 15 (max threshold 15)
[12.717s][info ][gc,heap        ] GC(356) DefNew: 19155K->782K(19648K)
[12.717s][info ][gc,heap        ] GC(356) Tenured: 31785K->32176K(43712K)
[12.717s][info ][gc,metaspace   ] GC(356) Metaspace: 16398K->16398K(1064960K)
[12.717s][info ][gc             ] GC(356) Pause Young (Allocation Failure) 49M->32M(61M) 0.543ms
[12.717s][info ][gc,cpu         ] GC(356) User=0.00s Sys=0.00s Real=0.00s
[12.719s][info ][gc,start       ] GC(357) Pause Young (Allocation Failure)
[12.719s][debug][gc,age         ] GC(357) Desired survivor size 1114112 bytes, new threshold 1 (max threshold 15)
[12.719s][info ][gc,heap        ] GC(357) DefNew: 18077K->1955K(19648K)
[12.719s][info ][gc,heap        ] GC(357) Tenured: 32176K->32567K(43712K)
[12.719s][info ][gc,metaspace   ] GC(357) Metaspace: 16398K->16398K(1064960K)
[12.719s][info ][gc             ] GC(357) Pause Young (Allocation Failure) 49M->33M(61M) 0.582ms
[12.719s][info ][gc,cpu         ] GC(357) User=0.00s Sys=0.00s Real=0.00s
[12.721s][info ][gc,start       ] GC(358) Pause Young (Allocation Failure)
[12.721s][debug][gc,age         ] GC(358) Desired survivor size 1114112 bytes, new threshold 15 (max threshold 15)
[12.721s][info ][gc,heap        ] GC(358) DefNew: 19195K->783K(19648K)
[12.721s][info ][gc,heap        ] GC(358) Tenured: 32567K->32958K(43712K)
[12.721s][info ][gc,metaspace   ] GC(358) Metaspace: 16398K->16398K(1064960K)
[12.721s][info ][gc             ] GC(358) Pause Young (Allocation Failure) 50M->32M(61M) 0.499ms
[12.721s][info ][gc,cpu         ] GC(358) User=0.00s Sys=0.00s Real=0.00s
[12.722s][info ][gc,start       ] GC(359) Pause Young (Allocation Failure)
[12.723s][debug][gc,age         ] GC(359) Desired survivor size 1114112 bytes, new threshold 2 (max threshold 15)
[12.723s][info ][gc,heap        ] GC(359) DefNew: 18125K->1173K(19648K)
[12.723s][info ][gc,heap        ] GC(359) Tenured: 32958K->32958K(43712K)
[12.723s][info ][gc,metaspace   ] GC(359) Metaspace: 16398K->16398K(1064960K)
[12.723s][info ][gc             ] GC(359) Pause Young (Allocation Failure) 49M->33M(61M) 0.466ms
[12.723s][info ][gc,cpu         ] GC(359) User=0.00s Sys=0.00s Real=0.00s
[12.724s][info ][gc,start       ] GC(360) Pause Young (Allocation Failure)
[12.725s][debug][gc,age         ] GC(360) Desired survivor size 1114112 bytes, new threshold 1 (max threshold 15)
[12.725s][info ][gc,heap        ] GC(360) DefNew: 18369K->1955K(19648K)
[12.725s][info ][gc,heap        ] GC(360) Tenured: 32958K->32958K(43712K)
[12.725s][info ][gc,metaspace   ] GC(360) Metaspace: 16398K->16398K(1064960K)
[12.725s][info ][gc             ] GC(360) Pause Young (Allocation Failure) 50M->34M(61M) 0.511ms
[12.725s][info ][gc,cpu         ] GC(360) User=0.01s Sys=0.00s Real=0.00s
[12.726s][info ][gc,start       ] GC(361) Pause Young (Allocation Failure)
[12.727s][debug][gc,age         ] GC(361) Desired survivor size 1114112 bytes, new threshold 1 (max threshold 15)
[12.727s][info ][gc,heap        ] GC(361) DefNew: 19373K->1172K(19648K)
[12.727s][info ][gc,heap        ] GC(361) Tenured: 32958K->33740K(43712K)
[12.727s][info ][gc,metaspace   ] GC(361) Metaspace: 16398K->16398K(1064960K)
[12.727s][info ][gc             ] GC(361) Pause Young (Allocation Failure) 51M->34M(61M) 0.897ms
[12.727s][info ][gc,cpu         ] GC(361) User=0.00s Sys=0.00s Real=0.00s
[12.728s][info ][gc,start       ] GC(362) Pause Young (Allocation Failure)
[12.729s][debug][gc,age         ] GC(362) Desired survivor size 1114112 bytes, new threshold 1 (max threshold 15)
[12.729s][info ][gc,heap        ] GC(362) DefNew: 18464K->1955K(19648K)
[12.729s][info ][gc,heap        ] GC(362) Tenured: 33740K->34522K(43712K)
[12.729s][info ][gc,metaspace   ] GC(362) Metaspace: 16398K->16398K(1064960K)
[12.729s][info ][gc             ] GC(362) Pause Young (Allocation Failure) 50M->35M(61M) 0.640ms
[12.729s][info ][gc,cpu         ] GC(362) User=0.00s Sys=0.00s Real=0.00s
[12.730s][info ][gc,start       ] GC(363) Pause Young (Allocation Failure)
[12.731s][debug][gc,age         ] GC(363) Desired survivor size 1114112 bytes, new threshold 1 (max threshold 15)
[12.731s][info ][gc,heap        ] GC(363) DefNew: 19193K->1955K(19648K)
[12.731s][info ][gc,heap        ] GC(363) Tenured: 34522K->34913K(43712K)
[12.731s][info ][gc,metaspace   ] GC(363) Metaspace: 16398K->16398K(1064960K)
[12.731s][info ][gc             ] GC(363) Pause Young (Allocation Failure) 52M->36M(61M) 0.692ms
[12.731s][info ][gc,cpu         ] GC(363) User=0.00s Sys=0.00s Real=0.00s
[12.732s][info ][gc,start       ] GC(364) Pause Young (Allocation Failure)
[12.733s][debug][gc,age         ] GC(364) Desired survivor size 1114112 bytes, new threshold 15 (max threshold 15)
[12.733s][info ][gc,heap        ] GC(364) DefNew: 19407K->391K(19648K)
[12.733s][info ][gc,heap        ] GC(364) Tenured: 34913K->36086K(43712K)
[12.733s][info ][gc,metaspace   ] GC(364) Metaspace: 16398K->16398K(1064960K)
[12.733s][info ][gc             ] GC(364) Pause Young (Allocation Failure) 53M->35M(61M) 0.551ms
[12.733s][info ][gc,cpu         ] GC(364) User=0.00s Sys=0.00s Real=0.00s
[12.734s][info ][gc,start       ] GC(365) Pause Young (Allocation Failure)
[12.735s][debug][gc,age         ] GC(365) Desired survivor size 1114112 bytes, new threshold 1 (max threshold 15)
[12.735s][info ][gc,heap        ] GC(365) DefNew: 17593K->1564K(19648K)
[12.735s][info ][gc,heap        ] GC(365) Tenured: 36086K->36086K(43712K)
[12.735s][info ][gc,metaspace   ] GC(365) Metaspace: 16398K->16398K(1064960K)
[12.735s][info ][gc             ] GC(365) Pause Young (Allocation Failure) 52M->36M(61M) 0.593ms
[12.735s][info ][gc,cpu         ] GC(365) User=0.00s Sys=0.00s Real=0.00s
[12.736s][info ][gc,start       ] GC(366) Pause Young (Allocation Failure)
[12.737s][debug][gc,age         ] GC(366) Desired survivor size 1114112 bytes, new threshold 1 (max threshold 15)
[12.738s][info ][gc,heap        ] GC(366) DefNew: 18774K->1955K(19648K)
[12.738s][info ][gc,heap        ] GC(366) Tenured: 36086K->36477K(43712K)
[12.738s][info ][gc,metaspace   ] GC(366) Metaspace: 16398K->16398K(1064960K)
[12.738s][info ][gc             ] GC(366) Pause Young (Allocation Failure) 53M->37M(61M) 1.974ms
[12.738s][info ][gc,cpu         ] GC(366) User=0.01s Sys=0.00s Real=0.00s
[12.739s][info ][gc,start       ] GC(367) Pause Young (Allocation Failure)
[12.740s][debug][gc,age         ] GC(367) Desired survivor size 1114112 bytes, new threshold 1 (max threshold 15)
[12.740s][info ][gc,heap        ] GC(367) DefNew: 19427K->1954K(19648K)
[12.740s][info ][gc,heap        ] GC(367) Tenured: 36477K->36868K(43712K)
[12.740s][info ][gc,metaspace   ] GC(367) Metaspace: 16398K->16398K(1064960K)
[12.740s][info ][gc             ] GC(367) Pause Young (Allocation Failure) 54M->37M(61M) 0.647ms
[12.740s][info ][gc,cpu         ] GC(367) User=0.00s Sys=0.00s Real=0.00s
[12.742s][info ][gc,start       ] GC(368) Pause Young (Allocation Failure)
[12.742s][debug][gc,age         ] GC(368) Desired survivor size 1114112 bytes, new threshold 1 (max threshold 15)
[12.742s][info ][gc,heap        ] GC(368) DefNew: 19150K->1954K(19648K)
[12.742s][info ][gc,heap        ] GC(368) Tenured: 36868K->38040K(43712K)
[12.742s][info ][gc,metaspace   ] GC(368) Metaspace: 16398K->16398K(1064960K)
[12.742s][info ][gc             ] GC(368) Pause Young (Allocation Failure) 54M->39M(61M) 0.676ms
[12.742s][info ][gc,cpu         ] GC(368) User=0.00s Sys=0.00s Real=0.00s
[12.744s][info ][gc,start       ] GC(369) Pause Young (Allocation Failure)
[12.744s][debug][gc,age         ] GC(369) Desired survivor size 1114112 bytes, new threshold 1 (max threshold 15)
[12.744s][info ][gc,heap        ] GC(369) DefNew: 19090K->1955K(19648K)
[12.744s][info ][gc,heap        ] GC(369) Tenured: 38040K->38431K(43712K)
[12.744s][info ][gc,metaspace   ] GC(369) Metaspace: 16398K->16398K(1064960K)
[12.744s][info ][gc             ] GC(369) Pause Young (Allocation Failure) 55M->39M(61M) 0.622ms
[12.744s][info ][gc,cpu         ] GC(369) User=0.00s Sys=0.00s Real=0.00s
[12.746s][info ][gc,start       ] GC(370) Pause Young (Allocation Failure)
[12.746s][debug][gc,age         ] GC(370) Desired survivor size 1114112 bytes, new threshold 1 (max threshold 15)
[12.746s][info ][gc,heap        ] GC(370) DefNew: 19100K->1955K(19648K)
[12.746s][info ][gc,heap        ] GC(370) Tenured: 38431K->38822K(43712K)
[12.746s][info ][gc,metaspace   ] GC(370) Metaspace: 16398K->16398K(1064960K)
[12.746s][info ][gc             ] GC(370) Pause Young (Allocation Failure) 56M->39M(61M) 0.579ms
[12.746s][info ][gc,cpu         ] GC(370) User=0.00s Sys=0.00s Real=0.00s
[12.748s][info ][gc,start       ] GC(371) Pause Young (Allocation Failure)
[12.748s][debug][gc,age         ] GC(371) Desired survivor size 1114112 bytes, new threshold 1 (max threshold 15)
[12.748s][info ][gc,heap        ] GC(371) DefNew: 19182K->1955K(19648K)
[12.748s][info ][gc,heap        ] GC(371) Tenured: 38822K->39604K(43712K)
[12.748s][info ][gc,metaspace   ] GC(371) Metaspace: 16398K->16398K(1064960K)
[12.748s][info ][gc             ] GC(371) Pause Young (Allocation Failure) 56M->40M(61M) 0.737ms
[12.748s][info ][gc,cpu         ] GC(371) User=0.00s Sys=0.00s Real=0.00s
[12.750s][info ][gc,start       ] GC(372) Pause Young (Allocation Failure)
[12.750s][debug][gc,age         ] GC(372) Desired survivor size 1114112 bytes, new threshold 1 (max threshold 15)
[12.750s][info ][gc,heap        ] GC(372) DefNew: 19118K->1955K(19648K)
[12.750s][info ][gc,heap        ] GC(372) Tenured: 39604K->40385K(43712K)
[12.751s][info ][gc,metaspace   ] GC(372) Metaspace: 16398K->16398K(1064960K)
[12.751s][info ][gc             ] GC(372) Pause Young (Allocation Failure) 57M->41M(61M) 0.870ms
[12.751s][info ][gc,cpu         ] GC(372) User=0.00s Sys=0.00s Real=0.00s
[12.752s][info ][gc,start       ] GC(373) Pause Young (Allocation Failure)
[12.752s][debug][gc,age         ] GC(373) Desired survivor size 1114112 bytes, new threshold 1 (max threshold 15)
[12.752s][info ][gc,heap        ] GC(373) DefNew: 19110K->1173K(19648K)
[12.752s][info ][gc,heap        ] GC(373) Tenured: 40385K->40385K(43712K)
[12.752s][info ][gc,metaspace   ] GC(373) Metaspace: 16398K->16398K(1064960K)
[12.752s][info ][gc             ] GC(373) Pause Young (Allocation Failure) 58M->40M(61M) 0.473ms
[12.752s][info ][gc,cpu         ] GC(373) User=0.00s Sys=0.00s Real=0.00s
[12.754s][info ][gc,start       ] GC(374) Pause Young (Allocation Failure)
[12.754s][debug][gc,age         ] GC(374) Desired survivor size 1114112 bytes, new threshold 1 (max threshold 15)
[12.754s][info ][gc,heap        ] GC(374) DefNew: 18279K->1954K(19648K)
[12.754s][info ][gc,heap        ] GC(374) Tenured: 40385K->40385K(43712K)
[12.754s][info ][gc,metaspace   ] GC(374) Metaspace: 16398K->16398K(1064960K)
[12.754s][info ][gc             ] GC(374) Pause Young (Allocation Failure) 57M->41M(61M) 0.739ms
[12.755s][info ][gc,cpu         ] GC(374) User=0.01s Sys=0.00s Real=0.00s
[12.756s][info ][gc,start       ] GC(375) Pause Young (Allocation Failure)
[12.756s][debug][gc,age         ] GC(375) Desired survivor size 1114112 bytes, new threshold 1 (max threshold 15)
[12.756s][info ][gc,heap        ] GC(375) DefNew: 19426K->1954K(19648K)
[12.756s][info ][gc,heap        ] GC(375) Tenured: 40385K->40776K(43712K)
[12.756s][info ][gc,metaspace   ] GC(375) Metaspace: 16398K->16398K(1064960K)
[12.757s][info ][gc             ] GC(375) Pause Young (Allocation Failure) 58M->41M(61M) 0.676ms
[12.757s][info ][gc,cpu         ] GC(375) User=0.00s Sys=0.00s Real=0.00s
[12.758s][info ][gc,start       ] GC(376) Pause Young (Allocation Failure)
[12.758s][debug][gc,age         ] GC(376) Desired survivor size 1114112 bytes, new threshold 1 (max threshold 15)
[12.758s][info ][gc,heap        ] GC(376) DefNew: 19123K->1955K(19648K)
[12.758s][info ][gc,heap        ] GC(376) Tenured: 40776K->41167K(43712K)
[12.758s][info ][gc,metaspace   ] GC(376) Metaspace: 16398K->16398K(1064960K)
[12.758s][info ][gc             ] GC(376) Pause Young (Allocation Failure) 58M->42M(61M) 0.613ms
[12.758s][info ][gc,cpu         ] GC(376) User=0.00s Sys=0.00s Real=0.00s
[12.760s][info ][gc,start       ] GC(377) Pause Young (Allocation Failure)
[12.761s][debug][gc,age         ] GC(377) Desired survivor size 1114112 bytes, new threshold 1 (max threshold 15)
[12.761s][info ][gc,heap        ] GC(377) DefNew: 19071K->1954K(19648K)
[12.761s][info ][gc,heap        ] GC(377) Tenured: 41167K->41167K(43712K)
[12.761s][info ][gc,metaspace   ] GC(377) Metaspace: 16398K->16398K(1064960K)
[12.761s][info ][gc             ] GC(377) Pause Young (Allocation Failure) 58M->42M(61M) 0.600ms
[12.761s][info ][gc,cpu         ] GC(377) User=0.00s Sys=0.01s Real=0.00s
[12.762s][info ][gc,start       ] GC(378) Pause Young (Allocation Failure)
[12.763s][debug][gc,age         ] GC(378) Desired survivor size 1114112 bytes, new threshold 1 (max threshold 15)
[12.763s][info ][gc,heap        ] GC(378) DefNew: 19426K->1173K(19648K)
[12.763s][info ][gc,heap        ] GC(378) Tenured: 41167K->42340K(43712K)
[12.763s][info ][gc,metaspace   ] GC(378) Metaspace: 16398K->16398K(1064960K)
[12.763s][info ][gc             ] GC(378) Pause Young (Allocation Failure) 59M->42M(61M) 0.625ms
[12.763s][info ][gc,cpu         ] GC(378) User=0.00s Sys=0.00s Real=0.00s
[12.764s][info ][gc,start       ] GC(379) Pause Young (Allocation Failure)
[12.764s][info ][gc,start       ] GC(380) Pause Full (Allocation Failure)
[12.764s][info ][gc,phases,start] GC(380) Phase 1: Mark live objects
[12.768s][debug][gc,phases      ] GC(380) Reference Processing 0.046ms
[12.768s][debug][gc,phases      ] GC(380) Weak Processing 0.014ms
[12.768s][debug][gc,phases      ] GC(380) ClassLoaderData 0.025ms
[12.768s][debug][gc,phases      ] GC(380) ProtectionDomainCacheTable 0.002ms
[12.768s][debug][gc,phases      ] GC(380) ResolvedMethodTable 0.015ms
[12.768s][debug][gc,phases      ] GC(380) Class Unloading 0.797ms
[12.769s][debug][gc,phases      ] GC(380) Scrub String Table 0.057ms
[12.770s][debug][gc,phases      ] GC(380) Scrub Symbol Table 1.012ms
[12.770s][info ][gc,phases      ] GC(380) Phase 1: Mark live objects 5.124ms
[12.770s][info ][gc,phases,start] GC(380) Phase 2: Compute new object addresses
[12.771s][info ][gc,phases      ] GC(380) Phase 2: Compute new object addresses 0.948ms
[12.771s][info ][gc,phases,start] GC(380) Phase 3: Adjust pointers
[12.775s][info ][gc,phases      ] GC(380) Phase 3: Adjust pointers 3.988ms
[12.775s][info ][gc,phases,start] GC(380) Phase 4: Move objects
[12.776s][info ][gc,phases      ] GC(380) Phase 4: Move objects 1.300ms
[12.776s][info ][gc             ] GC(380) Pause Full (Allocation Failure) 59M->5M(61M) 11.705ms
[12.776s][info ][gc,heap        ] GC(379) DefNew: 18288K->0K(19648K)
[12.776s][info ][gc,heap        ] GC(379) Tenured: 42340K->5490K(43712K)
[12.776s][info ][gc,metaspace   ] GC(379) Metaspace: 16398K->16398K(1064960K)
[12.776s][info ][gc             ] GC(379) Pause Young (Allocation Failure) 59M->5M(61M) 11.870ms
[12.776s][info ][gc,cpu         ] GC(379) User=0.02s Sys=0.00s Real=0.01s
[12.778s][info ][gc,start       ] GC(381) Pause Young (Allocation Failure)
[12.778s][debug][gc,age         ] GC(381) Desired survivor size 1114112 bytes, new threshold 1 (max threshold 15)
[12.778s][info ][gc,heap        ] GC(381) DefNew: 17144K->1955K(19648K)
[12.778s][info ][gc,heap        ] GC(381) Tenured: 5490K->6271K(43712K)
[12.778s][info ][gc,metaspace   ] GC(381) Metaspace: 16398K->16398K(1064960K)
[12.778s][info ][gc             ] GC(381) Pause Young (Allocation Failure) 22M->8M(61M) 0.708ms
[12.778s][info ][gc,cpu         ] GC(381) User=0.00s Sys=0.00s Real=0.00s
[12.780s][info ][gc,start       ] GC(382) Pause Young (Allocation Failure)
[12.780s][debug][gc,age         ] GC(382) Desired survivor size 1114112 bytes, new threshold 1 (max threshold 15)
[12.780s][info ][gc,heap        ] GC(382) DefNew: 19136K->1955K(19648K)
[12.780s][info ][gc,heap        ] GC(382) Tenured: 6271K->7053K(43712K)
[12.780s][info ][gc,metaspace   ] GC(382) Metaspace: 16398K->16398K(1064960K)
[12.781s][info ][gc             ] GC(382) Pause Young (Allocation Failure) 24M->8M(61M) 0.783ms
[12.781s][info ][gc,cpu         ] GC(382) User=0.00s Sys=0.00s Real=0.00s
[12.782s][info ][gc,start       ] GC(383) Pause Young (Allocation Failure)
[12.782s][debug][gc,age         ] GC(383) Desired survivor size 1114112 bytes, new threshold 1 (max threshold 15)
[12.782s][info ][gc,heap        ] GC(383) DefNew: 19084K->1954K(19648K)
[12.782s][info ][gc,heap        ] GC(383) Tenured: 7053K->8225K(43712K)
[12.783s][info ][gc,metaspace   ] GC(383) Metaspace: 16398K->16398K(1064960K)
[12.783s][info ][gc             ] GC(383) Pause Young (Allocation Failure) 25M->9M(61M) 0.662ms
[12.783s][info ][gc,cpu         ] GC(383) User=0.00s Sys=0.00s Real=0.00s
[12.784s][info ][gc,start       ] GC(384) Pause Young (Allocation Failure)
[12.785s][debug][gc,age         ] GC(384) Desired survivor size 1114112 bytes, new threshold 1 (max threshold 15)
[12.785s][info ][gc,heap        ] GC(384) DefNew: 19421K->1564K(19648K)
[12.785s][info ][gc,heap        ] GC(384) Tenured: 8225K->8616K(43712K)
[12.785s][info ][gc,metaspace   ] GC(384) Metaspace: 16398K->16398K(1064960K)
[12.785s][info ][gc             ] GC(384) Pause Young (Allocation Failure) 26M->9M(61M) 0.654ms
[12.785s][info ][gc,cpu         ] GC(384) User=0.01s Sys=0.00s Real=0.00s
[12.786s][info ][gc,start       ] GC(385) Pause Young (Allocation Failure)
[12.786s][debug][gc,age         ] GC(385) Desired survivor size 1114112 bytes, new threshold 1 (max threshold 15)
[12.787s][info ][gc,heap        ] GC(385) DefNew: 18694K->1955K(19648K)
[12.787s][info ][gc,heap        ] GC(385) Tenured: 8616K->9007K(43712K)
[12.787s][info ][gc,metaspace   ] GC(385) Metaspace: 16398K->16398K(1064960K)
[12.787s][info ][gc             ] GC(385) Pause Young (Allocation Failure) 26M->10M(61M) 0.652ms
[12.787s][info ][gc,cpu         ] GC(385) User=0.00s Sys=0.00s Real=0.00s
[12.788s][info ][gc,start       ] GC(386) Pause Young (Allocation Failure)
[12.789s][debug][gc,age         ] GC(386) Desired survivor size 1114112 bytes, new threshold 1 (max threshold 15)
[12.789s][info ][gc,heap        ] GC(386) DefNew: 19051K->1954K(19648K)
[12.789s][info ][gc,heap        ] GC(386) Tenured: 9007K->9398K(43712K)
[12.789s][info ][gc,metaspace   ] GC(386) Metaspace: 16398K->16398K(1064960K)
[12.789s][info ][gc             ] GC(386) Pause Young (Allocation Failure) 27M->11M(61M) 0.583ms
[12.789s][info ][gc,cpu         ] GC(386) User=0.00s Sys=0.00s Real=0.00s
[12.790s][info ][gc,start       ] GC(387) Pause Young (Allocation Failure)
[12.791s][debug][gc,age         ] GC(387) Desired survivor size 1114112 bytes, new threshold 1 (max threshold 15)
[12.791s][info ][gc,heap        ] GC(387) DefNew: 19168K->1174K(19648K)
[12.791s][info ][gc,heap        ] GC(387) Tenured: 9398K->9398K(43712K)
[12.791s][info ][gc,metaspace   ] GC(387) Metaspace: 16398K->16398K(1064960K)
[12.791s][info ][gc             ] GC(387) Pause Young (Allocation Failure) 27M->10M(61M) 0.620ms
[12.791s][info ][gc,cpu         ] GC(387) User=0.00s Sys=0.00s Real=0.00s
[12.792s][info ][gc,start       ] GC(388) Pause Young (Allocation Failure)
[12.793s][debug][gc,age         ] GC(388) Desired survivor size 1114112 bytes, new threshold 1 (max threshold 15)
[12.793s][info ][gc,heap        ] GC(388) DefNew: 18625K->1954K(19648K)
[12.793s][info ][gc,heap        ] GC(388) Tenured: 9398K->9790K(43712K)
[12.793s][info ][gc,metaspace   ] GC(388) Metaspace: 16398K->16398K(1064960K)
[12.793s][info ][gc             ] GC(388) Pause Young (Allocation Failure) 27M->11M(61M) 0.768ms
[12.793s][info ][gc,cpu         ] GC(388) User=0.00s Sys=0.00s Real=0.00s
[12.794s][info ][gc,start       ] GC(389) Pause Young (Allocation Failure)
[12.795s][debug][gc,age         ] GC(389) Desired survivor size 1114112 bytes, new threshold 1 (max threshold 15)
[12.795s][info ][gc,heap        ] GC(389) DefNew: 19413K->1563K(19648K)
[12.795s][info ][gc,heap        ] GC(389) Tenured: 9790K->10962K(43712K)
[12.795s][info ][gc,metaspace   ] GC(389) Metaspace: 16398K->16398K(1064960K)
[12.795s][info ][gc             ] GC(389) Pause Young (Allocation Failure) 28M->12M(61M) 0.752ms
[12.795s][info ][gc,cpu         ] GC(389) User=0.00s Sys=0.00s Real=0.00s
[12.796s][info ][gc,start       ] GC(390) Pause Young (Allocation Failure)
[12.797s][debug][gc,age         ] GC(390) Desired survivor size 1114112 bytes, new threshold 1 (max threshold 15)
[12.797s][info ][gc,heap        ] GC(390) DefNew: 18685K->1954K(19648K)
[12.797s][info ][gc,heap        ] GC(390) Tenured: 10962K->11354K(43712K)
[12.797s][info ][gc,metaspace   ] GC(390) Metaspace: 16398K->16398K(1064960K)
[12.797s][info ][gc             ] GC(390) Pause Young (Allocation Failure) 28M->12M(61M) 0.671ms
[12.797s][info ][gc,cpu         ] GC(390) User=0.01s Sys=0.00s Real=0.00s
[12.798s][info ][gc,start       ] GC(391) Pause Young (Allocation Failure)
[12.799s][debug][gc,age         ] GC(391) Desired survivor size 1114112 bytes, new threshold 1 (max threshold 15)
[12.799s][info ][gc,heap        ] GC(391) DefNew: 19081K->1564K(19648K)
[12.799s][info ][gc,heap        ] GC(391) Tenured: 11354K->12136K(43712K)
[12.799s][info ][gc,metaspace   ] GC(391) Metaspace: 16398K->16398K(1064960K)
[12.799s][info ][gc             ] GC(391) Pause Young (Allocation Failure) 29M->13M(61M) 0.632ms
[12.799s][info ][gc,cpu         ] GC(391) User=0.00s Sys=0.00s Real=0.00s
[12.800s][info ][gc,start       ] GC(392) Pause Young (Allocation Failure)
[12.801s][debug][gc,age         ] GC(392) Desired survivor size 1114112 bytes, new threshold 1 (max threshold 15)
[12.801s][info ][gc,heap        ] GC(392) DefNew: 18708K->1173K(19648K)
[12.801s][info ][gc,heap        ] GC(392) Tenured: 12136K->12917K(43712K)
[12.801s][info ][gc,metaspace   ] GC(392) Metaspace: 16398K->16398K(1064960K)
[12.801s][info ][gc             ] GC(392) Pause Young (Allocation Failure) 30M->13M(61M) 0.668ms
[12.801s][info ][gc,cpu         ] GC(392) User=0.00s Sys=0.00s Real=0.00s
[12.802s][info ][gc,start       ] GC(393) Pause Young (Allocation Failure)
[12.804s][debug][gc,age         ] GC(393) Desired survivor size 1114112 bytes, new threshold 1 (max threshold 15)
[12.804s][info ][gc,heap        ] GC(393) DefNew: 18307K->1954K(19648K)
[12.804s][info ][gc,heap        ] GC(393) Tenured: 12917K->12918K(43712K)
[12.804s][info ][gc,metaspace   ] GC(393) Metaspace: 16398K->16398K(1064960K)
[12.804s][info ][gc             ] GC(393) Pause Young (Allocation Failure) 30M->14M(61M) 1.620ms
[12.804s][info ][gc,cpu         ] GC(393) User=0.00s Sys=0.00s Real=0.00s
[12.805s][info ][gc,start       ] GC(394) Pause Young (Allocation Failure)
[12.806s][debug][gc,age         ] GC(394) Desired survivor size 1114112 bytes, new threshold 1 (max threshold 15)
[12.806s][info ][gc,heap        ] GC(394) DefNew: 19086K->1173K(19648K)
[12.806s][info ][gc,heap        ] GC(394) Tenured: 12918K->13700K(43712K)
[12.806s][info ][gc,metaspace   ] GC(394) Metaspace: 16398K->16398K(1064960K)
[12.806s][info ][gc             ] GC(394) Pause Young (Allocation Failure) 31M->14M(61M) 0.573ms
[12.806s][info ][gc,cpu         ] GC(394) User=0.00s Sys=0.00s Real=0.00s
[12.807s][info ][gc,start       ] GC(395) Pause Young (Allocation Failure)
[12.808s][debug][gc,age         ] GC(395) Desired survivor size 1114112 bytes, new threshold 1 (max threshold 15)
[12.808s][info ][gc,heap        ] GC(395) DefNew: 18333K->1954K(19648K)
[12.808s][info ][gc,heap        ] GC(395) Tenured: 13700K->13701K(43712K)
[12.808s][info ][gc,metaspace   ] GC(395) Metaspace: 16398K->16398K(1064960K)
[12.808s][info ][gc             ] GC(395) Pause Young (Allocation Failure) 31M->15M(61M) 0.533ms
[12.808s][info ][gc,cpu         ] GC(395) User=0.00s Sys=0.00s Real=0.00s
[12.809s][info ][gc,start       ] GC(396) Pause Young (Allocation Failure)
[12.810s][debug][gc,age         ] GC(396) Desired survivor size 1114112 bytes, new threshold 1 (max threshold 15)
[12.810s][info ][gc,heap        ] GC(396) DefNew: 19075K->1173K(19648K)
[12.810s][info ][gc,heap        ] GC(396) Tenured: 13701K->14092K(43712K)
[12.810s][info ][gc,metaspace   ] GC(396) Metaspace: 16398K->16398K(1064960K)
[12.810s][info ][gc             ] GC(396) Pause Young (Allocation Failure) 32M->14M(61M) 0.685ms
[12.810s][info ][gc,cpu         ] GC(396) User=0.00s Sys=0.00s Real=0.00s
[12.811s][info ][gc,start       ] GC(397) Pause Young (Allocation Failure)
[12.812s][debug][gc,age         ] GC(397) Desired survivor size 1114112 bytes, new threshold 1 (max threshold 15)
[12.812s][info ][gc,heap        ] GC(397) DefNew: 18643K->1173K(19648K)
[12.812s][info ][gc,heap        ] GC(397) Tenured: 14092K->14483K(43712K)
[12.812s][info ][gc,metaspace   ] GC(397) Metaspace: 16398K->16398K(1064960K)
[12.812s][info ][gc             ] GC(397) Pause Young (Allocation Failure) 31M->15M(61M) 0.474ms
[12.812s][info ][gc,cpu         ] GC(397) User=0.00s Sys=0.00s Real=0.00s
[12.813s][info ][gc,start       ] GC(398) Pause Young (Allocation Failure)
[12.814s][debug][gc,age         ] GC(398) Desired survivor size 1114112 bytes, new threshold 1 (max threshold 15)
[12.814s][info ][gc,heap        ] GC(398) DefNew: 18452K->1955K(19648K)
[12.814s][info ][gc,heap        ] GC(398) Tenured: 14483K->15265K(43712K)
[12.814s][info ][gc,metaspace   ] GC(398) Metaspace: 16398K->16398K(1064960K)
[12.814s][info ][gc             ] GC(398) Pause Young (Allocation Failure) 32M->16M(61M) 0.840ms
[12.814s][info ][gc,cpu         ] GC(398) User=0.00s Sys=0.00s Real=0.00s
[12.815s][info ][gc,start       ] GC(399) Pause Young (Allocation Failure)
[12.816s][debug][gc,age         ] GC(399) Desired survivor size 1114112 bytes, new threshold 1 (max threshold 15)
[12.816s][info ][gc,heap        ] GC(399) DefNew: 19185K->1955K(19648K)
[12.816s][info ][gc,heap        ] GC(399) Tenured: 15265K->15265K(43712K)
[12.816s][info ][gc,metaspace   ] GC(399) Metaspace: 16398K->16398K(1064960K)
[12.816s][info ][gc             ] GC(399) Pause Young (Allocation Failure) 33M->16M(61M) 0.597ms
[12.816s][info ][gc,cpu         ] GC(399) User=0.00s Sys=0.00s Real=0.00s
[12.818s][info ][gc,start       ] GC(400) Pause Young (Allocation Failure)
[12.818s][debug][gc,age         ] GC(400) Desired survivor size 1114112 bytes, new threshold 1 (max threshold 15)
[12.818s][info ][gc,heap        ] GC(400) DefNew: 19427K->1173K(19648K)
[12.818s][info ][gc,heap        ] GC(400) Tenured: 15265K->16047K(43712K)
[12.818s][info ][gc,metaspace   ] GC(400) Metaspace: 16398K->16398K(1064960K)
[12.818s][info ][gc             ] GC(400) Pause Young (Allocation Failure) 33M->16M(61M) 0.709ms
[12.818s][info ][gc,cpu         ] GC(400) User=0.00s Sys=0.00s Real=0.00s
[12.820s][info ][gc,start       ] GC(401) Pause Young (Allocation Failure)
[12.820s][debug][gc,age         ] GC(401) Desired survivor size 1114112 bytes, new threshold 1 (max threshold 15)
[12.820s][info ][gc,heap        ] GC(401) DefNew: 18333K->1173K(19648K)
[12.820s][info ][gc,heap        ] GC(401) Tenured: 16047K->16047K(43712K)
[12.820s][info ][gc,metaspace   ] GC(401) Metaspace: 16398K->16398K(1064960K)
[12.820s][info ][gc             ] GC(401) Pause Young (Allocation Failure) 33M->16M(61M) 0.595ms
[12.820s][info ][gc,cpu         ] GC(401) User=0.00s Sys=0.00s Real=0.00s
[12.822s][info ][gc,start       ] GC(402) Pause Young (Allocation Failure)
[12.822s][debug][gc,age         ] GC(402) Desired survivor size 1114112 bytes, new threshold 1 (max threshold 15)
[12.822s][info ][gc,heap        ] GC(402) DefNew: 18607K->1954K(19648K)
[12.822s][info ][gc,heap        ] GC(402) Tenured: 16047K->16439K(43712K)
[12.822s][info ][gc,metaspace   ] GC(402) Metaspace: 16398K->16398K(1064960K)
[12.822s][info ][gc             ] GC(402) Pause Young (Allocation Failure) 33M->17M(61M) 0.660ms
[12.822s][info ][gc,cpu         ] GC(402) User=0.00s Sys=0.00s Real=0.00s
[12.824s][info ][gc,start       ] GC(403) Pause Young (Allocation Failure)
[12.825s][debug][gc,age         ] GC(403) Desired survivor size 1114112 bytes, new threshold 1 (max threshold 15)
[12.825s][info ][gc,heap        ] GC(403) DefNew: 19423K->1173K(19648K)
[12.825s][info ][gc,heap        ] GC(403) Tenured: 16439K->17221K(43712K)
[12.825s][info ][gc,metaspace   ] GC(403) Metaspace: 16398K->16398K(1064960K)
[12.825s][info ][gc             ] GC(403) Pause Young (Allocation Failure) 35M->17M(61M) 0.661ms
[12.825s][info ][gc,cpu         ] GC(403) User=0.01s Sys=0.00s Real=0.00s
[12.826s][info ][gc,start       ] GC(404) Pause Young (Allocation Failure)
[12.827s][debug][gc,age         ] GC(404) Desired survivor size 1114112 bytes, new threshold 1 (max threshold 15)
[12.827s][info ][gc,heap        ] GC(404) DefNew: 18314K->1954K(19648K)
[12.827s][info ][gc,heap        ] GC(404) Tenured: 17221K->17221K(43712K)
[12.827s][info ][gc,metaspace   ] GC(404) Metaspace: 16398K->16398K(1064960K)
[12.827s][info ][gc             ] GC(404) Pause Young (Allocation Failure) 34M->18M(61M) 0.600ms
[12.827s][info ][gc,cpu         ] GC(404) User=0.00s Sys=0.00s Real=0.00s
[12.828s][info ][gc,start       ] GC(405) Pause Young (Allocation Failure)
[12.829s][debug][gc,age         ] GC(405) Desired survivor size 1114112 bytes, new threshold 1 (max threshold 15)
[12.829s][info ][gc,heap        ] GC(405) DefNew: 19208K->1955K(19648K)
[12.829s][info ][gc,heap        ] GC(405) Tenured: 17221K->18002K(43712K)
[12.829s][info ][gc,metaspace   ] GC(405) Metaspace: 16398K->16398K(1064960K)
[12.829s][info ][gc             ] GC(405) Pause Young (Allocation Failure) 35M->19M(61M) 0.625ms
[12.829s][info ][gc,cpu         ] GC(405) User=0.00s Sys=0.00s Real=0.00s
[12.830s][info ][gc,start       ] GC(406) Pause Young (Allocation Failure)
[12.831s][debug][gc,age         ] GC(406) Desired survivor size 1114112 bytes, new threshold 1 (max threshold 15)
[12.831s][info ][gc,heap        ] GC(406) DefNew: 19168K->1955K(19648K)
[12.831s][info ][gc,heap        ] GC(406) Tenured: 18002K->18002K(43712K)
[12.831s][info ][gc,metaspace   ] GC(406) Metaspace: 16398K->16398K(1064960K)
[12.831s][info ][gc             ] GC(406) Pause Young (Allocation Failure) 36M->19M(61M) 0.530ms
[12.831s][info ][gc,cpu         ] GC(406) User=0.00s Sys=0.00s Real=0.00s
[12.832s][info ][gc,start       ] GC(407) Pause Young (Allocation Failure)
[12.833s][debug][gc,age         ] GC(407) Desired survivor size 1114112 bytes, new threshold 1 (max threshold 15)
[12.833s][info ][gc,heap        ] GC(407) DefNew: 19081K->1954K(19648K)
[12.833s][info ][gc,heap        ] GC(407) Tenured: 18002K->18002K(43712K)
[12.833s][info ][gc,metaspace   ] GC(407) Metaspace: 16398K->16398K(1064960K)
[12.833s][info ][gc             ] GC(407) Pause Young (Allocation Failure) 36M->19M(61M) 0.633ms
[12.833s][info ][gc,cpu         ] GC(407) User=0.00s Sys=0.00s Real=0.00s
[12.834s][info ][gc,start       ] GC(408) Pause Young (Allocation Failure)
[12.835s][debug][gc,age         ] GC(408) Desired survivor size 1114112 bytes, new threshold 1 (max threshold 15)
[12.835s][info ][gc,heap        ] GC(408) DefNew: 19102K->1173K(19648K)
[12.835s][info ][gc,heap        ] GC(408) Tenured: 18002K->18784K(43712K)
[12.835s][info ][gc,metaspace   ] GC(408) Metaspace: 16398K->16398K(1064960K)
[12.835s][info ][gc             ] GC(408) Pause Young (Allocation Failure) 36M->19M(61M) 0.617ms
[12.835s][info ][gc,cpu         ] GC(408) User=0.00s Sys=0.00s Real=0.00s
[12.836s][info ][gc,start       ] GC(409) Pause Young (Allocation Failure)
[12.837s][debug][gc,age         ] GC(409) Desired survivor size 1114112 bytes, new threshold 1 (max threshold 15)
[12.837s][info ][gc,heap        ] GC(409) DefNew: 18261K->1564K(19648K)
[12.837s][info ][gc,heap        ] GC(409) Tenured: 18784K->18785K(43712K)
[12.837s][info ][gc,metaspace   ] GC(409) Metaspace: 16398K->16398K(1064960K)
[12.837s][info ][gc             ] GC(409) Pause Young (Allocation Failure) 36M->19M(61M) 0.520ms
[12.837s][info ][gc,cpu         ] GC(409) User=0.00s Sys=0.00s Real=0.00s
[12.838s][info ][gc,start       ] GC(410) Pause Young (Allocation Failure)
[12.839s][debug][gc,age         ] GC(410) Desired survivor size 1114112 bytes, new threshold 1 (max threshold 15)
[12.839s][info ][gc,heap        ] GC(410) DefNew: 18773K->1955K(19648K)
[12.839s][info ][gc,heap        ] GC(410) Tenured: 18785K->19957K(43712K)
[12.839s][info ][gc,metaspace   ] GC(410) Metaspace: 16398K->16398K(1064960K)
[12.839s][info ][gc             ] GC(410) Pause Young (Allocation Failure) 36M->21M(61M) 0.771ms
[12.839s][info ][gc,cpu         ] GC(410) User=0.00s Sys=0.00s Real=0.00s
[12.840s][info ][gc,start       ] GC(411) Pause Young (Allocation Failure)
[12.841s][debug][gc,age         ] GC(411) Desired survivor size 1114112 bytes, new threshold 15 (max threshold 15)
[12.841s][info ][gc,heap        ] GC(411) DefNew: 19427K->392K(19648K)
[12.841s][info ][gc,heap        ] GC(411) Tenured: 19957K->20348K(43712K)
[12.841s][info ][gc,metaspace   ] GC(411) Metaspace: 16398K->16398K(1064960K)
[12.841s][info ][gc             ] GC(411) Pause Young (Allocation Failure) 38M->20M(61M) 0.419ms
[12.841s][info ][gc,cpu         ] GC(411) User=0.00s Sys=0.00s Real=0.00s
[12.842s][info ][gc,start       ] GC(412) Pause Young (Allocation Failure)
[12.843s][debug][gc,age         ] GC(412) Desired survivor size 1114112 bytes, new threshold 1 (max threshold 15)
[12.843s][info ][gc,heap        ] GC(412) DefNew: 17863K->1174K(19648K)
[12.843s][info ][gc,heap        ] GC(412) Tenured: 20348K->20348K(43712K)
[12.843s][info ][gc,metaspace   ] GC(412) Metaspace: 16398K->16398K(1064960K)
[12.843s][info ][gc             ] GC(412) Pause Young (Allocation Failure) 37M->21M(61M) 0.638ms
[12.843s][info ][gc,cpu         ] GC(412) User=0.00s Sys=0.00s Real=0.00s
[12.844s][info ][gc,start       ] GC(413) Pause Young (Allocation Failure)
[12.845s][debug][gc,age         ] GC(413) Desired survivor size 1114112 bytes, new threshold 1 (max threshold 15)
[12.845s][info ][gc,heap        ] GC(413) DefNew: 18326K->1954K(19648K)
[12.845s][info ][gc,heap        ] GC(413) Tenured: 20348K->20740K(43712K)
[12.845s][info ][gc,metaspace   ] GC(413) Metaspace: 16398K->16398K(1064960K)
[12.845s][info ][gc             ] GC(413) Pause Young (Allocation Failure) 37M->22M(61M) 0.575ms
[12.845s][info ][gc,cpu         ] GC(413) User=0.00s Sys=0.00s Real=0.00s
[12.846s][info ][gc,start       ] GC(414) Pause Young (Allocation Failure)
[12.847s][debug][gc,age         ] GC(414) Desired survivor size 1114112 bytes, new threshold 1 (max threshold 15)
[12.847s][info ][gc,heap        ] GC(414) DefNew: 19149K->1955K(19648K)
[12.847s][info ][gc,heap        ] GC(414) Tenured: 20740K->21912K(43712K)
[12.847s][info ][gc,metaspace   ] GC(414) Metaspace: 16398K->16398K(1064960K)
[12.847s][info ][gc             ] GC(414) Pause Young (Allocation Failure) 38M->23M(61M) 0.681ms
[12.847s][info ][gc,cpu         ] GC(414) User=0.00s Sys=0.00s Real=0.00s
[12.848s][info ][gc,start       ] GC(415) Pause Young (Allocation Failure)
[12.849s][debug][gc,age         ] GC(415) Desired survivor size 1114112 bytes, new threshold 1 (max threshold 15)
[12.849s][info ][gc,heap        ] GC(415) DefNew: 19079K->1173K(19648K)
[12.849s][info ][gc,heap        ] GC(415) Tenured: 21912K->21912K(43712K)
[12.849s][info ][gc,metaspace   ] GC(415) Metaspace: 16398K->16398K(1064960K)
[12.849s][info ][gc             ] GC(415) Pause Young (Allocation Failure) 40M->22M(61M) 0.462ms
[12.849s][info ][gc,cpu         ] GC(415) User=0.00s Sys=0.00s Real=0.00s
[12.850s][info ][gc,start       ] GC(416) Pause Young (Allocation Failure)
[12.851s][debug][gc,age         ] GC(416) Desired survivor size 1114112 bytes, new threshold 15 (max threshold 15)
[12.851s][info ][gc,heap        ] GC(416) DefNew: 18381K->392K(19648K)
[12.851s][info ][gc,heap        ] GC(416) Tenured: 21912K->21912K(43712K)
[12.851s][info ][gc,metaspace   ] GC(416) Metaspace: 16398K->16398K(1064960K)
[12.851s][info ][gc             ] GC(416) Pause Young (Allocation Failure) 39M->21M(61M) 0.444ms
[12.851s][info ][gc,cpu         ] GC(416) User=0.00s Sys=0.00s Real=0.00s
[12.852s][info ][gc,start       ] GC(417) Pause Young (Allocation Failure)
[12.852s][debug][gc,age         ] GC(417) Desired survivor size 1114112 bytes, new threshold 1 (max threshold 15)
[12.852s][info ][gc,heap        ] GC(417) DefNew: 17537K->1564K(19648K)
[12.852s][info ][gc,heap        ] GC(417) Tenured: 21912K->21912K(43712K)
[12.852s][info ][gc,metaspace   ] GC(417) Metaspace: 16398K->16398K(1064960K)
[12.852s][info ][gc             ] GC(417) Pause Young (Allocation Failure) 38M->22M(61M) 0.540ms
[12.852s][info ][gc,cpu         ] GC(417) User=0.01s Sys=0.00s Real=0.00s
[12.854s][info ][gc,start       ] GC(418) Pause Young (Allocation Failure)
[12.854s][debug][gc,age         ] GC(418) Desired survivor size 1114112 bytes, new threshold 15 (max threshold 15)
[12.854s][info ][gc,heap        ] GC(418) DefNew: 18867K->391K(19648K)
[12.854s][info ][gc,heap        ] GC(418) Tenured: 21912K->23085K(43712K)
[12.854s][info ][gc,metaspace   ] GC(418) Metaspace: 16398K->16398K(1064960K)
[12.855s][info ][gc             ] GC(418) Pause Young (Allocation Failure) 39M->22M(61M) 0.699ms
[12.855s][info ][gc,cpu         ] GC(418) User=0.00s Sys=0.00s Real=0.00s
[12.856s][info ][gc,start       ] GC(419) Pause Young (Allocation Failure)
[12.856s][debug][gc,age         ] GC(419) Desired survivor size 1114112 bytes, new threshold 2 (max threshold 15)
[12.856s][info ][gc,heap        ] GC(419) DefNew: 17775K->1173K(19648K)
[12.856s][info ][gc,heap        ] GC(419) Tenured: 23085K->23085K(43712K)
[12.856s][info ][gc,metaspace   ] GC(419) Metaspace: 16398K->16398K(1064960K)
[12.856s][info ][gc             ] GC(419) Pause Young (Allocation Failure) 39M->23M(61M) 0.448ms
[12.857s][info ][gc,cpu         ] GC(419) User=0.00s Sys=0.00s Real=0.00s
[12.858s][info ][gc,start       ] GC(420) Pause Young (Allocation Failure)
[12.858s][debug][gc,age         ] GC(420) Desired survivor size 1114112 bytes, new threshold 1 (max threshold 15)
[12.858s][info ][gc,heap        ] GC(420) DefNew: 18489K->1955K(19648K)
[12.858s][info ][gc,heap        ] GC(420) Tenured: 23085K->23476K(43712K)
[12.859s][info ][gc,metaspace   ] GC(420) Metaspace: 16398K->16398K(1064960K)
[12.859s][info ][gc             ] GC(420) Pause Young (Allocation Failure) 40M->24M(61M) 0.559ms
[12.859s][info ][gc,cpu         ] GC(420) User=0.00s Sys=0.00s Real=0.00s
[12.860s][info ][gc,start       ] GC(421) Pause Young (Allocation Failure)
[12.861s][debug][gc,age         ] GC(421) Desired survivor size 1114112 bytes, new threshold 1 (max threshold 15)
[12.861s][info ][gc,heap        ] GC(421) DefNew: 19168K->1955K(19648K)
[12.861s][info ][gc,heap        ] GC(421) Tenured: 23476K->23477K(43712K)
[12.861s][info ][gc,metaspace   ] GC(421) Metaspace: 16398K->16398K(1064960K)
[12.861s][info ][gc             ] GC(421) Pause Young (Allocation Failure) 41M->24M(61M) 0.692ms
[12.861s][info ][gc,cpu         ] GC(421) User=0.00s Sys=0.00s Real=0.00s
[12.862s][info ][gc,start       ] GC(422) Pause Young (Allocation Failure)
[12.863s][debug][gc,age         ] GC(422) Desired survivor size 1114112 bytes, new threshold 1 (max threshold 15)
[12.863s][info ][gc,heap        ] GC(422) DefNew: 19182K->1955K(19648K)
[12.863s][info ][gc,heap        ] GC(422) Tenured: 23477K->23867K(43712K)
[12.863s][info ][gc,metaspace   ] GC(422) Metaspace: 16398K->16398K(1064960K)
[12.863s][info ][gc             ] GC(422) Pause Young (Allocation Failure) 41M->25M(61M) 0.640ms
[12.863s][info ][gc,cpu         ] GC(422) User=0.01s Sys=0.00s Real=0.00s
[12.864s][info ][gc,start       ] GC(423) Pause Young (Allocation Failure)
[12.865s][debug][gc,age         ] GC(423) Desired survivor size 1114112 bytes, new threshold 1 (max threshold 15)
[12.865s][info ][gc,heap        ] GC(423) DefNew: 19151K->1564K(19648K)
[12.865s][info ][gc,heap        ] GC(423) Tenured: 23867K->23867K(43712K)
[12.865s][info ][gc,metaspace   ] GC(423) Metaspace: 16398K->16398K(1064960K)
[12.865s][info ][gc             ] GC(423) Pause Young (Allocation Failure) 42M->24M(61M) 0.555ms
[12.865s][info ][gc,cpu         ] GC(423) User=0.01s Sys=0.00s Real=0.00s
[12.866s][info ][gc,start       ] GC(424) Pause Young (Allocation Failure)
[12.867s][debug][gc,age         ] GC(424) Desired survivor size 1114112 bytes, new threshold 1 (max threshold 15)
[12.867s][info ][gc,heap        ] GC(424) DefNew: 18688K->1954K(19648K)
[12.867s][info ][gc,heap        ] GC(424) Tenured: 23867K->25040K(43712K)
[12.867s][info ][gc,metaspace   ] GC(424) Metaspace: 16398K->16398K(1064960K)
[12.867s][info ][gc             ] GC(424) Pause Young (Allocation Failure) 41M->26M(61M) 0.726ms
[12.867s][info ][gc,cpu         ] GC(424) User=0.01s Sys=0.00s Real=0.00s
[12.868s][info ][gc,start       ] GC(425) Pause Young (Allocation Failure)
[12.869s][debug][gc,age         ] GC(425) Desired survivor size 1114112 bytes, new threshold 1 (max threshold 15)
[12.869s][info ][gc,heap        ] GC(425) DefNew: 19137K->1955K(19648K)
[12.869s][info ][gc,heap        ] GC(425) Tenured: 25040K->26212K(43712K)
[12.869s][info ][gc,metaspace   ] GC(425) Metaspace: 16398K->16398K(1064960K)
[12.869s][info ][gc             ] GC(425) Pause Young (Allocation Failure) 43M->27M(61M) 0.726ms
[12.869s][info ][gc,cpu         ] GC(425) User=0.00s Sys=0.00s Real=0.00s
[12.871s][info ][gc,start       ] GC(426) Pause Young (Allocation Failure)
[12.871s][debug][gc,age         ] GC(426) Desired survivor size 1114112 bytes, new threshold 1 (max threshold 15)
[12.871s][info ][gc,heap        ] GC(426) DefNew: 19122K->1564K(19648K)
[12.871s][info ][gc,heap        ] GC(426) Tenured: 26212K->26603K(43712K)
[12.871s][info ][gc,metaspace   ] GC(426) Metaspace: 16398K->16398K(1064960K)
[12.871s][info ][gc             ] GC(426) Pause Young (Allocation Failure) 44M->27M(61M) 0.535ms
[12.871s][info ][gc,cpu         ] GC(426) User=0.00s Sys=0.00s Real=0.00s
[12.873s][info ][gc,start       ] GC(427) Pause Young (Allocation Failure)
[12.873s][debug][gc,age         ] GC(427) Desired survivor size 1114112 bytes, new threshold 15 (max threshold 15)
[12.873s][info ][gc,heap        ] GC(427) DefNew: 18901K->391K(19648K)
[12.873s][info ][gc,heap        ] GC(427) Tenured: 26603K->27776K(43712K)
[12.873s][info ][gc,metaspace   ] GC(427) Metaspace: 16398K->16398K(1064960K)
[12.873s][info ][gc             ] GC(427) Pause Young (Allocation Failure) 44M->27M(61M) 0.553ms
[12.873s][info ][gc,cpu         ] GC(427) User=0.01s Sys=0.00s Real=0.00s
[12.875s][info ][gc,start       ] GC(428) Pause Young (Allocation Failure)
[12.875s][debug][gc,age         ] GC(428) Desired survivor size 1114112 bytes, new threshold 1 (max threshold 15)
[12.875s][info ][gc,heap        ] GC(428) DefNew: 17618K->1955K(19648K)
[12.875s][info ][gc,heap        ] GC(428) Tenured: 27776K->28948K(43712K)
[12.875s][info ][gc,metaspace   ] GC(428) Metaspace: 16398K->16398K(1064960K)
[12.875s][info ][gc             ] GC(428) Pause Young (Allocation Failure) 44M->30M(61M) 0.670ms
[12.875s][info ][gc,cpu         ] GC(428) User=0.01s Sys=0.00s Real=0.00s
[12.877s][info ][gc,start       ] GC(429) Pause Young (Allocation Failure)
[12.877s][debug][gc,age         ] GC(429) Desired survivor size 1114112 bytes, new threshold 1 (max threshold 15)
[12.877s][info ][gc,heap        ] GC(429) DefNew: 19151K->1955K(19648K)
[12.877s][info ][gc,heap        ] GC(429) Tenured: 28948K->28948K(43712K)
[12.877s][info ][gc,metaspace   ] GC(429) Metaspace: 16398K->16398K(1064960K)
[12.877s][info ][gc             ] GC(429) Pause Young (Allocation Failure) 46M->30M(61M) 0.653ms
[12.877s][info ][gc,cpu         ] GC(429) User=0.01s Sys=0.01s Real=0.00s
[12.879s][info ][gc,start       ] GC(430) Pause Young (Allocation Failure)
[12.879s][debug][gc,age         ] GC(430) Desired survivor size 1114112 bytes, new threshold 15 (max threshold 15)
[12.879s][info ][gc,heap        ] GC(430) DefNew: 19070K->783K(19648K)
[12.879s][info ][gc,heap        ] GC(430) Tenured: 28948K->28948K(43712K)
[12.879s][info ][gc,metaspace   ] GC(430) Metaspace: 16398K->16398K(1064960K)
[12.879s][info ][gc             ] GC(430) Pause Young (Allocation Failure) 46M->29M(61M) 0.423ms
[12.879s][info ][gc,cpu         ] GC(430) User=0.00s Sys=0.00s Real=0.00s
[12.880s][info ][gc,start       ] GC(431) Pause Young (Allocation Failure)
[12.881s][debug][gc,age         ] GC(431) Desired survivor size 1114112 bytes, new threshold 1 (max threshold 15)
[12.881s][info ][gc,heap        ] GC(431) DefNew: 17914K->1564K(19648K)
[12.881s][info ][gc,heap        ] GC(431) Tenured: 28948K->28948K(43712K)
[12.881s][info ][gc,metaspace   ] GC(431) Metaspace: 16398K->16398K(1064960K)
[12.881s][info ][gc             ] GC(431) Pause Young (Allocation Failure) 45M->29M(61M) 0.578ms
[12.881s][info ][gc,cpu         ] GC(431) User=0.00s Sys=0.00s Real=0.00s
[12.883s][info ][gc,start       ] GC(432) Pause Young (Allocation Failure)
[12.883s][debug][gc,age         ] GC(432) Desired survivor size 1114112 bytes, new threshold 1 (max threshold 15)
[12.883s][info ][gc,heap        ] GC(432) DefNew: 18909K->1563K(19648K)
[12.883s][info ][gc,heap        ] GC(432) Tenured: 28948K->29340K(43712K)
[12.883s][info ][gc,metaspace   ] GC(432) Metaspace: 16398K->16398K(1064960K)
[12.883s][info ][gc             ] GC(432) Pause Young (Allocation Failure) 46M->30M(61M) 0.602ms
[12.883s][info ][gc,cpu         ] GC(432) User=0.00s Sys=0.00s Real=0.00s
[12.885s][info ][gc,start       ] GC(433) Pause Young (Allocation Failure)
[12.885s][debug][gc,age         ] GC(433) Desired survivor size 1114112 bytes, new threshold 15 (max threshold 15)
[12.885s][info ][gc,heap        ] GC(433) DefNew: 18694K->783K(19648K)
[12.885s][info ][gc,heap        ] GC(433) Tenured: 29340K->29731K(43712K)
[12.885s][info ][gc,metaspace   ] GC(433) Metaspace: 16398K->16398K(1064960K)
[12.885s][info ][gc             ] GC(433) Pause Young (Allocation Failure) 46M->29M(61M) 0.579ms
[12.885s][info ][gc,cpu         ] GC(433) User=0.00s Sys=0.00s Real=0.00s
[12.887s][info ][gc,start       ] GC(434) Pause Young (Allocation Failure)
[12.887s][debug][gc,age         ] GC(434) Desired survivor size 1114112 bytes, new threshold 1 (max threshold 15)
[12.887s][info ][gc,heap        ] GC(434) DefNew: 17964K->1173K(19648K)
[12.887s][info ][gc,heap        ] GC(434) Tenured: 29731K->29731K(43712K)
[12.887s][info ][gc,metaspace   ] GC(434) Metaspace: 16398K->16398K(1064960K)
[12.887s][info ][gc             ] GC(434) Pause Young (Allocation Failure) 46M->30M(61M) 0.447ms
[12.887s][info ][gc,cpu         ] GC(434) User=0.00s Sys=0.00s Real=0.00s
[12.888s][info ][gc,start       ] GC(435) Pause Young (Allocation Failure)
[12.889s][debug][gc,age         ] GC(435) Desired survivor size 1114112 bytes, new threshold 1 (max threshold 15)
[12.889s][info ][gc,heap        ] GC(435) DefNew: 18327K->1954K(19648K)
[12.889s][info ][gc,heap        ] GC(435) Tenured: 29731K->30513K(43712K)
[12.889s][info ][gc,metaspace   ] GC(435) Metaspace: 16398K->16398K(1064960K)
[12.889s][info ][gc             ] GC(435) Pause Young (Allocation Failure) 46M->31M(61M) 0.659ms
[12.889s][info ][gc,cpu         ] GC(435) User=0.01s Sys=0.00s Real=0.00s
[12.890s][info ][gc,start       ] GC(436) Pause Young (Allocation Failure)
[12.891s][debug][gc,age         ] GC(436) Desired survivor size 1114112 bytes, new threshold 1 (max threshold 15)
[12.891s][info ][gc,heap        ] GC(436) DefNew: 19074K->1954K(19648K)
[12.891s][info ][gc,heap        ] GC(436) Tenured: 30513K->30904K(43712K)
[12.891s][info ][gc,metaspace   ] GC(436) Metaspace: 16398K->16398K(1064960K)
[12.891s][info ][gc             ] GC(436) Pause Young (Allocation Failure) 48M->32M(61M) 0.567ms
[12.891s][info ][gc,cpu         ] GC(436) User=0.00s Sys=0.00s Real=0.00s
[12.892s][info ][gc,start       ] GC(437) Pause Young (Allocation Failure)
[12.893s][debug][gc,age         ] GC(437) Desired survivor size 1114112 bytes, new threshold 15 (max threshold 15)
[12.893s][info ][gc,heap        ] GC(437) DefNew: 19088K->782K(19648K)
[12.893s][info ][gc,heap        ] GC(437) Tenured: 30904K->30905K(43712K)
[12.893s][info ][gc,metaspace   ] GC(437) Metaspace: 16398K->16398K(1064960K)
[12.893s][info ][gc             ] GC(437) Pause Young (Allocation Failure) 48M->30M(61M) 0.462ms
[12.893s][info ][gc,cpu         ] GC(437) User=0.00s Sys=0.00s Real=0.00s
[12.894s][info ][gc,start       ] GC(438) Pause Young (Allocation Failure)
[12.895s][debug][gc,age         ] GC(438) Desired survivor size 1114112 bytes, new threshold 1 (max threshold 15)
[12.895s][info ][gc,heap        ] GC(438) DefNew: 17914K->1955K(19648K)
[12.895s][info ][gc,heap        ] GC(438) Tenured: 30905K->30905K(43712K)
[12.895s][info ][gc,metaspace   ] GC(438) Metaspace: 16398K->16398K(1064960K)
[12.895s][info ][gc             ] GC(438) Pause Young (Allocation Failure) 47M->32M(61M) 0.765ms
[12.895s][info ][gc,cpu         ] GC(438) User=0.00s Sys=0.00s Real=0.00s
[12.896s][info ][gc,start       ] GC(439) Pause Young (Allocation Failure)
[12.897s][debug][gc,age         ] GC(439) Desired survivor size 1114112 bytes, new threshold 1 (max threshold 15)
[12.897s][info ][gc,heap        ] GC(439) DefNew: 19042K->1173K(19648K)
[12.897s][info ][gc,heap        ] GC(439) Tenured: 30905K->31687K(43712K)
[12.897s][info ][gc,metaspace   ] GC(439) Metaspace: 16398K->16398K(1064960K)
[12.897s][info ][gc             ] GC(439) Pause Young (Allocation Failure) 48M->32M(61M) 0.544ms
[12.897s][info ][gc,cpu         ] GC(439) User=0.00s Sys=0.00s Real=0.00s
[12.898s][info ][gc,start       ] GC(440) Pause Young (Allocation Failure)
[12.899s][debug][gc,age         ] GC(440) Desired survivor size 1114112 bytes, new threshold 1 (max threshold 15)
[12.899s][info ][gc,heap        ] GC(440) DefNew: 18381K->1955K(19648K)
[12.899s][info ][gc,heap        ] GC(440) Tenured: 31687K->31687K(43712K)
[12.899s][info ][gc,metaspace   ] GC(440) Metaspace: 16398K->16398K(1064960K)
[12.899s][info ][gc             ] GC(440) Pause Young (Allocation Failure) 48M->32M(61M) 0.536ms
[12.899s][info ][gc,cpu         ] GC(440) User=0.00s Sys=0.00s Real=0.00s
[12.900s][info ][gc,start       ] GC(441) Pause Young (Allocation Failure)
[12.901s][debug][gc,age         ] GC(441) Desired survivor size 1114112 bytes, new threshold 1 (max threshold 15)
[12.901s][info ][gc,heap        ] GC(441) DefNew: 19197K->1173K(19648K)
[12.901s][info ][gc,heap        ] GC(441) Tenured: 31687K->31687K(43712K)
[12.901s][info ][gc,metaspace   ] GC(441) Metaspace: 16398K->16398K(1064960K)
[12.901s][info ][gc             ] GC(441) Pause Young (Allocation Failure) 49M->32M(61M) 0.605ms
[12.901s][info ][gc,cpu         ] GC(441) User=0.00s Sys=0.00s Real=0.00s
[12.902s][info ][gc,start       ] GC(442) Pause Young (Allocation Failure)
[12.903s][debug][gc,age         ] GC(442) Desired survivor size 1114112 bytes, new threshold 1 (max threshold 15)
[12.903s][info ][gc,heap        ] GC(442) DefNew: 18273K->1173K(19648K)
[12.903s][info ][gc,heap        ] GC(442) Tenured: 31687K->31688K(43712K)
[12.903s][info ][gc,metaspace   ] GC(442) Metaspace: 16398K->16398K(1064960K)
[12.903s][info ][gc             ] GC(442) Pause Young (Allocation Failure) 48M->32M(61M) 0.851ms
[12.903s][info ][gc,cpu         ] GC(442) User=0.00s Sys=0.00s Real=0.00s
[12.905s][info ][gc,start       ] GC(443) Pause Young (Allocation Failure)
[12.906s][debug][gc,age         ] GC(443) Desired survivor size 1114112 bytes, new threshold 1 (max threshold 15)
[12.906s][info ][gc,heap        ] GC(443) DefNew: 18618K->1954K(19648K)
[12.906s][info ][gc,heap        ] GC(443) Tenured: 31688K->32079K(43712K)
[12.906s][info ][gc,metaspace   ] GC(443) Metaspace: 16398K->16398K(1064960K)
[12.906s][info ][gc             ] GC(443) Pause Young (Allocation Failure) 49M->33M(61M) 0.668ms
[12.906s][info ][gc,cpu         ] GC(443) User=0.00s Sys=0.00s Real=0.00s
[12.907s][info ][gc,start       ] GC(444) Pause Young (Allocation Failure)
[12.908s][debug][gc,age         ] GC(444) Desired survivor size 1114112 bytes, new threshold 1 (max threshold 15)
[12.908s][info ][gc,heap        ] GC(444) DefNew: 19117K->1173K(19648K)
[12.908s][info ][gc,heap        ] GC(444) Tenured: 32079K->32470K(43712K)
[12.908s][info ][gc,metaspace   ] GC(444) Metaspace: 16398K->16398K(1064960K)
[12.908s][info ][gc             ] GC(444) Pause Young (Allocation Failure) 49M->32M(61M) 0.642ms
[12.908s][info ][gc,cpu         ] GC(444) User=0.00s Sys=0.00s Real=0.00s
[12.909s][info ][gc,start       ] GC(445) Pause Young (Allocation Failure)
[12.910s][debug][gc,age         ] GC(445) Desired survivor size 1114112 bytes, new threshold 1 (max threshold 15)
[12.910s][info ][gc,heap        ] GC(445) DefNew: 18278K->1173K(19648K)
[12.910s][info ][gc,heap        ] GC(445) Tenured: 32470K->33253K(43712K)
[12.910s][info ][gc,metaspace   ] GC(445) Metaspace: 16398K->16398K(1064960K)
[12.910s][info ][gc             ] GC(445) Pause Young (Allocation Failure) 49M->33M(61M) 0.797ms
[12.910s][info ][gc,cpu         ] GC(445) User=0.00s Sys=0.00s Real=0.00s
[12.912s][info ][gc,start       ] GC(446) Pause Young (Allocation Failure)
[12.912s][debug][gc,age         ] GC(446) Desired survivor size 1114112 bytes, new threshold 1 (max threshold 15)
[12.912s][info ][gc,heap        ] GC(446) DefNew: 18306K->1173K(19648K)
[12.912s][info ][gc,heap        ] GC(446) Tenured: 33253K->33253K(43712K)
[12.912s][info ][gc,metaspace   ] GC(446) Metaspace: 16398K->16398K(1064960K)
[12.912s][info ][gc             ] GC(446) Pause Young (Allocation Failure) 50M->33M(61M) 0.491ms
[12.912s][info ][gc,cpu         ] GC(446) User=0.00s Sys=0.00s Real=0.00s
[12.913s][info ][gc,start       ] GC(447) Pause Young (Allocation Failure)
[12.914s][debug][gc,age         ] GC(447) Desired survivor size 1114112 bytes, new threshold 1 (max threshold 15)
[12.914s][info ][gc,heap        ] GC(447) DefNew: 18428K->1955K(19648K)
[12.914s][info ][gc,heap        ] GC(447) Tenured: 33253K->33254K(43712K)
[12.914s][info ][gc,metaspace   ] GC(447) Metaspace: 16398K->16398K(1064960K)
[12.914s][info ][gc             ] GC(447) Pause Young (Allocation Failure) 50M->34M(61M) 0.668ms
[12.914s][info ][gc,cpu         ] GC(447) User=0.00s Sys=0.00s Real=0.00s
[12.916s][info ][gc,start       ] GC(448) Pause Young (Allocation Failure)
[12.916s][debug][gc,age         ] GC(448) Desired survivor size 1114112 bytes, new threshold 1 (max threshold 15)
[12.916s][info ][gc,heap        ] GC(448) DefNew: 19083K->1173K(19648K)
[12.916s][info ][gc,heap        ] GC(448) Tenured: 33254K->33645K(43712K)
[12.916s][info ][gc,metaspace   ] GC(448) Metaspace: 16398K->16398K(1064960K)
[12.916s][info ][gc             ] GC(448) Pause Young (Allocation Failure) 51M->34M(61M) 0.652ms
[12.916s][info ][gc,cpu         ] GC(448) User=0.00s Sys=0.00s Real=0.00s
[12.918s][info ][gc,start       ] GC(449) Pause Young (Allocation Failure)
[12.918s][debug][gc,age         ] GC(449) Desired survivor size 1114112 bytes, new threshold 1 (max threshold 15)
[12.919s][info ][gc,heap        ] GC(449) DefNew: 18610K->1563K(19648K)
[12.919s][info ][gc,heap        ] GC(449) Tenured: 33645K->33645K(43712K)
[12.919s][info ][gc,metaspace   ] GC(449) Metaspace: 16398K->16398K(1064960K)
[12.919s][info ][gc             ] GC(449) Pause Young (Allocation Failure) 51M->34M(61M) 0.745ms
[12.919s][info ][gc,cpu         ] GC(449) User=0.00s Sys=0.00s Real=0.00s
[12.920s][info ][gc,start       ] GC(450) Pause Young (Allocation Failure)
[12.921s][debug][gc,age         ] GC(450) Desired survivor size 1114112 bytes, new threshold 1 (max threshold 15)
[12.921s][info ][gc,heap        ] GC(450) DefNew: 18685K->1954K(19648K)
[12.921s][info ][gc,heap        ] GC(450) Tenured: 33645K->34427K(43712K)
[12.921s][info ][gc,metaspace   ] GC(450) Metaspace: 16398K->16398K(1064960K)
[12.921s][info ][gc             ] GC(450) Pause Young (Allocation Failure) 51M->35M(61M) 0.851ms
[12.921s][info ][gc,cpu         ] GC(450) User=0.00s Sys=0.00s Real=0.00s
[12.922s][info ][gc,start       ] GC(451) Pause Young (Allocation Failure)
[12.922s][debug][gc,age         ] GC(451) Desired survivor size 1114112 bytes, new threshold 1 (max threshold 15)
[12.922s][info ][gc,heap        ] GC(451) DefNew: 19166K->1955K(19648K)
[12.922s][info ][gc,heap        ] GC(451) Tenured: 34427K->34428K(43712K)
[12.922s][info ][gc,metaspace   ] GC(451) Metaspace: 16398K->16398K(1064960K)
[12.922s][info ][gc             ] GC(451) Pause Young (Allocation Failure) 52M->35M(61M) 0.542ms
[12.922s][info ][gc,cpu         ] GC(451) User=0.00s Sys=0.00s Real=0.00s
[12.924s][info ][gc,start       ] GC(452) Pause Young (Allocation Failure)
[12.925s][debug][gc,age         ] GC(452) Desired survivor size 1114112 bytes, new threshold 1 (max threshold 15)
[12.925s][info ][gc,heap        ] GC(452) DefNew: 19138K->1564K(19648K)
[12.925s][info ][gc,heap        ] GC(452) Tenured: 34428K->34428K(43712K)
[12.925s][info ][gc,metaspace   ] GC(452) Metaspace: 16398K->16398K(1064960K)
[12.925s][info ][gc             ] GC(452) Pause Young (Allocation Failure) 52M->35M(61M) 0.580ms
[12.925s][info ][gc,cpu         ] GC(452) User=0.00s Sys=0.00s Real=0.00s
[12.926s][info ][gc,start       ] GC(453) Pause Young (Allocation Failure)
[12.927s][debug][gc,age         ] GC(453) Desired survivor size 1114112 bytes, new threshold 1 (max threshold 15)
[12.927s][info ][gc,heap        ] GC(453) DefNew: 18666K->1954K(19648K)
[12.927s][info ][gc,heap        ] GC(453) Tenured: 34428K->34429K(43712K)
[12.927s][info ][gc,metaspace   ] GC(453) Metaspace: 16398K->16398K(1064960K)
[12.927s][info ][gc             ] GC(453) Pause Young (Allocation Failure) 51M->35M(61M) 0.665ms
[12.927s][info ][gc,cpu         ] GC(453) User=0.00s Sys=0.00s Real=0.00s
[12.928s][info ][gc,start       ] GC(454) Pause Young (Allocation Failure)
[12.928s][debug][gc,age         ] GC(454) Desired survivor size 1114112 bytes, new threshold 1 (max threshold 15)
[12.929s][info ][gc,heap        ] GC(454) DefNew: 19129K->1955K(19648K)
[12.929s][info ][gc,heap        ] GC(454) Tenured: 34429K->35210K(43712K)
[12.929s][info ][gc,metaspace   ] GC(454) Metaspace: 16398K->16398K(1064960K)
[12.929s][info ][gc             ] GC(454) Pause Young (Allocation Failure) 52M->36M(61M) 0.608ms
[12.929s][info ][gc,cpu         ] GC(454) User=0.00s Sys=0.00s Real=0.00s
[12.930s][info ][gc,start       ] GC(455) Pause Young (Allocation Failure)
[12.930s][debug][gc,age         ] GC(455) Desired survivor size 1114112 bytes, new threshold 1 (max threshold 15)
[12.930s][info ][gc,heap        ] GC(455) DefNew: 19107K->1564K(19648K)
[12.930s][info ][gc,heap        ] GC(455) Tenured: 35210K->35211K(43712K)
[12.930s][info ][gc,metaspace   ] GC(455) Metaspace: 16398K->16398K(1064960K)
[12.930s][info ][gc             ] GC(455) Pause Young (Allocation Failure) 53M->35M(61M) 0.574ms
[12.931s][info ][gc,cpu         ] GC(455) User=0.00s Sys=0.00s Real=0.00s
[12.932s][info ][gc,start       ] GC(456) Pause Young (Allocation Failure)
[12.932s][debug][gc,age         ] GC(456) Desired survivor size 1114112 bytes, new threshold 1 (max threshold 15)
[12.932s][info ][gc,heap        ] GC(456) DefNew: 18775K->1955K(19648K)
[12.932s][info ][gc,heap        ] GC(456) Tenured: 35211K->35992K(43712K)
[12.932s][info ][gc,metaspace   ] GC(456) Metaspace: 16398K->16398K(1064960K)
[12.932s][info ][gc             ] GC(456) Pause Young (Allocation Failure) 52M->37M(61M) 0.723ms
[12.932s][info ][gc,cpu         ] GC(456) User=0.00s Sys=0.00s Real=0.00s
[12.934s][info ][gc,start       ] GC(457) Pause Young (Allocation Failure)
[12.935s][debug][gc,age         ] GC(457) Desired survivor size 1114112 bytes, new threshold 1 (max threshold 15)
[12.935s][info ][gc,heap        ] GC(457) DefNew: 19093K->1173K(19648K)
[12.935s][info ][gc,heap        ] GC(457) Tenured: 35992K->36774K(43712K)
[12.935s][info ][gc,metaspace   ] GC(457) Metaspace: 16398K->16398K(1064960K)
[12.935s][info ][gc             ] GC(457) Pause Young (Allocation Failure) 53M->37M(61M) 0.539ms
[12.935s][info ][gc,cpu         ] GC(457) User=0.00s Sys=0.00s Real=0.00s
[12.936s][info ][gc,start       ] GC(458) Pause Young (Allocation Failure)
[12.936s][debug][gc,age         ] GC(458) Desired survivor size 1114112 bytes, new threshold 15 (max threshold 15)
[12.936s][info ][gc,heap        ] GC(458) DefNew: 18545K->782K(19648K)
[12.936s][info ][gc,heap        ] GC(458) Tenured: 36774K->37556K(43712K)
[12.936s][info ][gc,metaspace   ] GC(458) Metaspace: 16398K->16398K(1064960K)
[12.937s][info ][gc             ] GC(458) Pause Young (Allocation Failure) 54M->37M(61M) 0.502ms
[12.937s][info ][gc,cpu         ] GC(458) User=0.00s Sys=0.00s Real=0.00s
[12.938s][info ][gc,start       ] GC(459) Pause Young (Allocation Failure)
[12.938s][debug][gc,age         ] GC(459) Desired survivor size 1114112 bytes, new threshold 1 (max threshold 15)
[12.938s][info ][gc,heap        ] GC(459) DefNew: 17871K->1173K(19648K)
[12.938s][info ][gc,heap        ] GC(459) Tenured: 37556K->37556K(43712K)
[12.938s][info ][gc,metaspace   ] GC(459) Metaspace: 16398K->16398K(1064960K)
[12.938s][info ][gc             ] GC(459) Pause Young (Allocation Failure) 54M->37M(61M) 0.516ms
[12.938s][info ][gc,cpu         ] GC(459) User=0.00s Sys=0.00s Real=0.00s
[12.940s][info ][gc,start       ] GC(460) Pause Young (Allocation Failure)
[12.940s][debug][gc,age         ] GC(460) Desired survivor size 1114112 bytes, new threshold 1 (max threshold 15)
[12.940s][info ][gc,heap        ] GC(460) DefNew: 18379K->1564K(19648K)
[12.940s][info ][gc,heap        ] GC(460) Tenured: 37556K->37556K(43712K)
[12.940s][info ][gc,metaspace   ] GC(460) Metaspace: 16398K->16398K(1064960K)
[12.941s][info ][gc             ] GC(460) Pause Young (Allocation Failure) 54M->38M(61M) 0.680ms
[12.941s][info ][gc,cpu         ] GC(460) User=0.00s Sys=0.00s Real=0.00s
[12.942s][info ][gc,start       ] GC(461) Pause Young (Allocation Failure)
[12.942s][debug][gc,age         ] GC(461) Desired survivor size 1114112 bytes, new threshold 1 (max threshold 15)
[12.942s][info ][gc,heap        ] GC(461) DefNew: 18803K->1564K(19648K)
[12.942s][info ][gc,heap        ] GC(461) Tenured: 37556K->37557K(43712K)
[12.942s][info ][gc,metaspace   ] GC(461) Metaspace: 16398K->16398K(1064960K)
[12.942s][info ][gc             ] GC(461) Pause Young (Allocation Failure) 55M->38M(61M) 0.589ms
[12.942s][info ][gc,cpu         ] GC(461) User=0.00s Sys=0.00s Real=0.00s
[12.944s][info ][gc,start       ] GC(462) Pause Young (Allocation Failure)
[12.945s][debug][gc,age         ] GC(462) Desired survivor size 1114112 bytes, new threshold 1 (max threshold 15)
[12.945s][info ][gc,heap        ] GC(462) DefNew: 18768K->1564K(19648K)
[12.945s][info ][gc,heap        ] GC(462) Tenured: 37557K->37557K(43712K)
[12.945s][info ][gc,metaspace   ] GC(462) Metaspace: 16398K->16398K(1064960K)
[12.945s][info ][gc             ] GC(462) Pause Young (Allocation Failure) 55M->38M(61M) 0.752ms
[12.945s][info ][gc,cpu         ] GC(462) User=0.00s Sys=0.00s Real=0.00s
[12.946s][info ][gc,start       ] GC(463) Pause Young (Allocation Failure)
[12.947s][debug][gc,age         ] GC(463) Desired survivor size 1114112 bytes, new threshold 1 (max threshold 15)
[12.947s][info ][gc,heap        ] GC(463) DefNew: 18648K->1564K(19648K)
[12.947s][info ][gc,heap        ] GC(463) Tenured: 37557K->37948K(43712K)
[12.947s][info ][gc,metaspace   ] GC(463) Metaspace: 16398K->16398K(1064960K)
[12.947s][info ][gc             ] GC(463) Pause Young (Allocation Failure) 54M->38M(61M) 0.563ms
[12.947s][info ][gc,cpu         ] GC(463) User=0.01s Sys=0.00s Real=0.00s
[12.948s][info ][gc,start       ] GC(464) Pause Young (Allocation Failure)
[12.949s][debug][gc,age         ] GC(464) Desired survivor size 1114112 bytes, new threshold 1 (max threshold 15)
[12.949s][info ][gc,heap        ] GC(464) DefNew: 18709K->1955K(19648K)
[12.949s][info ][gc,heap        ] GC(464) Tenured: 37948K->39901K(43712K)
[12.949s][info ][gc,metaspace   ] GC(464) Metaspace: 16398K->16398K(1064960K)
[12.949s][info ][gc             ] GC(464) Pause Young (Allocation Failure) 55M->40M(61M) 1.043ms
[12.949s][info ][gc,cpu         ] GC(464) User=0.01s Sys=0.00s Real=0.00s
[12.951s][info ][gc,start       ] GC(465) Pause Young (Allocation Failure)
[12.952s][debug][gc,age         ] GC(465) Desired survivor size 1114112 bytes, new threshold 1 (max threshold 15)
[12.952s][info ][gc,heap        ] GC(465) DefNew: 19154K->1564K(19648K)
[12.952s][info ][gc,heap        ] GC(465) Tenured: 39901K->40292K(43712K)
[12.952s][info ][gc,metaspace   ] GC(465) Metaspace: 16398K->16398K(1064960K)
[12.952s][info ][gc             ] GC(465) Pause Young (Allocation Failure) 57M->40M(61M) 0.884ms
[12.952s][info ][gc,cpu         ] GC(465) User=0.01s Sys=0.00s Real=0.00s
[12.953s][info ][gc,start       ] GC(466) Pause Young (Allocation Failure)
[12.954s][debug][gc,age         ] GC(466) Desired survivor size 1114112 bytes, new threshold 1 (max threshold 15)
[12.954s][info ][gc,heap        ] GC(466) DefNew: 18992K->1564K(19648K)
[12.954s][info ][gc,heap        ] GC(466) Tenured: 40292K->40293K(43712K)
[12.954s][info ][gc,metaspace   ] GC(466) Metaspace: 16398K->16398K(1064960K)
[12.954s][info ][gc             ] GC(466) Pause Young (Allocation Failure) 57M->40M(61M) 0.490ms
[12.954s][info ][gc,cpu         ] GC(466) User=0.00s Sys=0.00s Real=0.00s
[12.955s][info ][gc,start       ] GC(467) Pause Young (Allocation Failure)
[12.956s][debug][gc,age         ] GC(467) Desired survivor size 1114112 bytes, new threshold 1 (max threshold 15)
[12.956s][info ][gc,heap        ] GC(467) DefNew: 19027K->1564K(19648K)
[12.956s][info ][gc,heap        ] GC(467) Tenured: 40293K->40684K(43712K)
[12.956s][info ][gc,metaspace   ] GC(467) Metaspace: 16398K->16398K(1064960K)
[12.956s][info ][gc             ] GC(467) Pause Young (Allocation Failure) 57M->41M(61M) 0.839ms
[12.956s][info ][gc,cpu         ] GC(467) User=0.00s Sys=0.00s Real=0.00s
[12.957s][info ][gc,start       ] GC(468) Pause Young (Allocation Failure)
[12.958s][debug][gc,age         ] GC(468) Desired survivor size 1114112 bytes, new threshold 1 (max threshold 15)
[12.958s][info ][gc,heap        ] GC(468) DefNew: 18803K->1955K(19648K)
[12.958s][info ][gc,heap        ] GC(468) Tenured: 40684K->41075K(43712K)
[12.958s][info ][gc,metaspace   ] GC(468) Metaspace: 16398K->16398K(1064960K)
[12.958s][info ][gc             ] GC(468) Pause Young (Allocation Failure) 58M->42M(61M) 0.588ms
[12.958s][info ][gc,cpu         ] GC(468) User=0.00s Sys=0.00s Real=0.00s
[12.960s][info ][gc,start       ] GC(469) Pause Young (Allocation Failure)
[12.960s][debug][gc,age         ] GC(469) Desired survivor size 1114112 bytes, new threshold 1 (max threshold 15)
[12.960s][info ][gc,heap        ] GC(469) DefNew: 19105K->1955K(19648K)
[12.960s][info ][gc,heap        ] GC(469) Tenured: 41075K->41466K(43712K)
[12.960s][info ][gc,metaspace   ] GC(469) Metaspace: 16398K->16398K(1064960K)
[12.960s][info ][gc             ] GC(469) Pause Young (Allocation Failure) 58M->42M(61M) 0.875ms
[12.960s][info ][gc,cpu         ] GC(469) User=0.00s Sys=0.00s Real=0.00s
[12.962s][info ][gc,start       ] GC(470) Pause Young (Allocation Failure)
[12.963s][debug][gc,age         ] GC(470) Desired survivor size 1114112 bytes, new threshold 1 (max threshold 15)
[12.963s][info ][gc,heap        ] GC(470) DefNew: 19156K->1955K(19648K)
[12.963s][info ][gc,heap        ] GC(470) Tenured: 41466K->41857K(43712K)
[12.963s][info ][gc,metaspace   ] GC(470) Metaspace: 16398K->16398K(1064960K)
[12.963s][info ][gc             ] GC(470) Pause Young (Allocation Failure) 59M->42M(61M) 0.589ms
[12.963s][info ][gc,cpu         ] GC(470) User=0.00s Sys=0.00s Real=0.00s
[12.964s][info ][gc,start       ] GC(471) Pause Young (Allocation Failure)
[12.965s][debug][gc,age         ] GC(471) Desired survivor size 1114112 bytes, new threshold 1 (max threshold 15)
[12.965s][info ][gc,heap        ] GC(471) DefNew: 19134K->1955K(19648K)
[12.965s][info ][gc,heap        ] GC(471) Tenured: 41857K->42638K(43712K)
[12.965s][info ][gc,metaspace   ] GC(471) Metaspace: 16398K->16398K(1064960K)
[12.965s][info ][gc             ] GC(471) Pause Young (Allocation Failure) 59M->43M(61M) 0.824ms
[12.965s][info ][gc,cpu         ] GC(471) User=0.00s Sys=0.00s Real=0.00s
[12.966s][info ][gc,start       ] GC(472) Pause Young (Allocation Failure)
[12.967s][info ][gc,start       ] GC(473) Pause Full (Allocation Failure)
[12.967s][info ][gc,phases,start] GC(473) Phase 1: Mark live objects
[12.970s][debug][gc,phases      ] GC(473) Reference Processing 0.041ms
[12.970s][debug][gc,phases      ] GC(473) Weak Processing 0.017ms
[12.970s][debug][gc,phases      ] GC(473) ClassLoaderData 0.044ms
[12.970s][debug][gc,phases      ] GC(473) ProtectionDomainCacheTable 0.004ms
[12.970s][debug][gc,phases      ] GC(473) ResolvedMethodTable 0.025ms
[12.971s][debug][gc,phases      ] GC(473) Class Unloading 0.892ms
[12.971s][debug][gc,phases      ] GC(473) Scrub String Table 0.059ms
[12.972s][debug][gc,phases      ] GC(473) Scrub Symbol Table 0.993ms
[12.972s][info ][gc,phases      ] GC(473) Phase 1: Mark live objects 5.302ms
[12.972s][info ][gc,phases,start] GC(473) Phase 2: Compute new object addresses
[12.973s][info ][gc,phases      ] GC(473) Phase 2: Compute new object addresses 1.008ms
[12.973s][info ][gc,phases,start] GC(473) Phase 3: Adjust pointers
[12.977s][info ][gc,phases      ] GC(473) Phase 3: Adjust pointers 4.250ms
[12.977s][info ][gc,phases,start] GC(473) Phase 4: Move objects
[12.978s][info ][gc,phases      ] GC(473) Phase 4: Move objects 0.239ms
[12.978s][info ][gc             ] GC(473) Pause Full (Allocation Failure) 60M->4M(61M) 11.117ms
[12.978s][info ][gc,heap        ] GC(472) DefNew: 19327K->0K(19648K)
[12.978s][info ][gc,heap        ] GC(472) Tenured: 42638K->5099K(43712K)
[12.978s][info ][gc,metaspace   ] GC(472) Metaspace: 16398K->16398K(1064960K)
[12.978s][info ][gc             ] GC(472) Pause Young (Allocation Failure) 60M->4M(61M) 11.233ms
[12.978s][info ][gc,cpu         ] GC(472) User=0.01s Sys=0.00s Real=0.01s
[12.979s][info ][gc,start       ] GC(474) Pause Young (Allocation Failure)
[12.980s][debug][gc,age         ] GC(474) Desired survivor size 1114112 bytes, new threshold 1 (max threshold 15)
[12.980s][info ][gc,heap        ] GC(474) DefNew: 17125K->1955K(19648K)
[12.980s][info ][gc,heap        ] GC(474) Tenured: 5099K->5099K(43712K)
[12.980s][info ][gc,metaspace   ] GC(474) Metaspace: 16398K->16398K(1064960K)
[12.980s][info ][gc             ] GC(474) Pause Young (Allocation Failure) 21M->6M(61M) 0.543ms
[12.980s][info ][gc,cpu         ] GC(474) User=0.00s Sys=0.00s Real=0.01s
[12.981s][info ][gc,start       ] GC(475) Pause Young (Allocation Failure)
[12.982s][debug][gc,age         ] GC(475) Desired survivor size 1114112 bytes, new threshold 1 (max threshold 15)
[12.982s][info ][gc,heap        ] GC(475) DefNew: 19183K->1564K(19648K)
[12.982s][info ][gc,heap        ] GC(475) Tenured: 5099K->5881K(43712K)
[12.982s][info ][gc,metaspace   ] GC(475) Metaspace: 16398K->16398K(1064960K)
[12.982s][info ][gc             ] GC(475) Pause Young (Allocation Failure) 23M->7M(61M) 0.713ms
[12.982s][info ][gc,cpu         ] GC(475) User=0.00s Sys=0.00s Real=0.00s
[12.983s][info ][gc,start       ] GC(476) Pause Young (Allocation Failure)
[12.984s][debug][gc,age         ] GC(476) Desired survivor size 1114112 bytes, new threshold 1 (max threshold 15)
[12.984s][info ][gc,heap        ] GC(476) DefNew: 18763K->1564K(19648K)
[12.984s][info ][gc,heap        ] GC(476) Tenured: 5881K->6272K(43712K)
[12.984s][info ][gc,metaspace   ] GC(476) Metaspace: 16398K->16398K(1064960K)
[12.984s][info ][gc             ] GC(476) Pause Young (Allocation Failure) 24M->7M(61M) 0.696ms
[12.984s][info ][gc,cpu         ] GC(476) User=0.00s Sys=0.00s Real=0.00s
[12.985s][info ][gc,start       ] GC(477) Pause Young (Allocation Failure)
[12.986s][debug][gc,age         ] GC(477) Desired survivor size 1114112 bytes, new threshold 1 (max threshold 15)
[12.986s][info ][gc,heap        ] GC(477) DefNew: 18680K->1564K(19648K)
[12.986s][info ][gc,heap        ] GC(477) Tenured: 6272K->6273K(43712K)
[12.986s][info ][gc,metaspace   ] GC(477) Metaspace: 16398K->16398K(1064960K)
[12.986s][info ][gc             ] GC(477) Pause Young (Allocation Failure) 24M->7M(61M) 0.553ms
[12.986s][info ][gc,cpu         ] GC(477) User=0.00s Sys=0.00s Real=0.00s
[12.987s][info ][gc,start       ] GC(478) Pause Young (Allocation Failure)
[12.988s][debug][gc,age         ] GC(478) Desired survivor size 1114112 bytes, new threshold 1 (max threshold 15)
[12.988s][info ][gc,heap        ] GC(478) DefNew: 18700K->1955K(19648K)
[12.988s][info ][gc,heap        ] GC(478) Tenured: 6273K->6664K(43712K)
[12.988s][info ][gc,metaspace   ] GC(478) Metaspace: 16398K->16398K(1064960K)
[12.988s][info ][gc             ] GC(478) Pause Young (Allocation Failure) 24M->8M(61M) 0.663ms
[12.988s][info ][gc,cpu         ] GC(478) User=0.00s Sys=0.00s Real=0.00s
[12.989s][info ][gc,start       ] GC(479) Pause Young (Allocation Failure)
[12.990s][debug][gc,age         ] GC(479) Desired survivor size 1114112 bytes, new threshold 1 (max threshold 15)
[12.990s][info ][gc,heap        ] GC(479) DefNew: 19094K->1955K(19648K)
[12.990s][info ][gc,heap        ] GC(479) Tenured: 6664K->7445K(43712K)
[12.990s][info ][gc,metaspace   ] GC(479) Metaspace: 16398K->16398K(1064960K)
[12.990s][info ][gc             ] GC(479) Pause Young (Allocation Failure) 25M->9M(61M) 0.735ms
[12.990s][info ][gc,cpu         ] GC(479) User=0.00s Sys=0.00s Real=0.00s
[12.992s][info ][gc,start       ] GC(480) Pause Young (Allocation Failure)
[12.992s][debug][gc,age         ] GC(480) Desired survivor size 1114112 bytes, new threshold 1 (max threshold 15)
[12.992s][info ][gc,heap        ] GC(480) DefNew: 19105K->1955K(19648K)
[12.992s][info ][gc,heap        ] GC(480) Tenured: 7445K->8227K(43712K)
[12.993s][info ][gc,metaspace   ] GC(480) Metaspace: 16398K->16398K(1064960K)
[12.993s][info ][gc             ] GC(480) Pause Young (Allocation Failure) 25M->9M(61M) 0.788ms
[12.993s][info ][gc,cpu         ] GC(480) User=0.00s Sys=0.00s Real=0.00s
[12.994s][info ][gc,start       ] GC(481) Pause Young (Allocation Failure)
[12.995s][debug][gc,age         ] GC(481) Desired survivor size 1114112 bytes, new threshold 1 (max threshold 15)
[12.995s][info ][gc,heap        ] GC(481) DefNew: 19427K->1955K(19648K)
[12.995s][info ][gc,heap        ] GC(481) Tenured: 8227K->8227K(43712K)
[12.995s][info ][gc,metaspace   ] GC(481) Metaspace: 16398K->16398K(1064960K)
[12.995s][info ][gc             ] GC(481) Pause Young (Allocation Failure) 27M->9M(61M) 0.647ms
[12.995s][info ][gc,cpu         ] GC(481) User=0.00s Sys=0.00s Real=0.00s
[12.996s][info ][gc,start       ] GC(482) Pause Young (Allocation Failure)
[12.997s][debug][gc,age         ] GC(482) Desired survivor size 1114112 bytes, new threshold 1 (max threshold 15)
[12.997s][info ][gc,heap        ] GC(482) DefNew: 19165K->1564K(19648K)
[12.997s][info ][gc,heap        ] GC(482) Tenured: 8227K->8618K(43712K)
[12.997s][info ][gc,metaspace   ] GC(482) Metaspace: 16398K->16398K(1064960K)
[12.997s][info ][gc             ] GC(482) Pause Young (Allocation Failure) 26M->9M(61M) 0.624ms
[12.997s][info ][gc,cpu         ] GC(482) User=0.00s Sys=0.00s Real=0.00s
[12.999s][info ][gc,start       ] GC(483) Pause Young (Allocation Failure)
[12.999s][debug][gc,age         ] GC(483) Desired survivor size 1114112 bytes, new threshold 1 (max threshold 15)
[12.999s][info ][gc,heap        ] GC(483) DefNew: 19011K->1955K(19648K)
[12.999s][info ][gc,heap        ] GC(483) Tenured: 8618K->9400K(43712K)
[12.999s][info ][gc,metaspace   ] GC(483) Metaspace: 16398K->16398K(1064960K)
[12.999s][info ][gc             ] GC(483) Pause Young (Allocation Failure) 26M->11M(61M) 0.799ms
[13.000s][info ][gc,cpu         ] GC(483) User=0.00s Sys=0.00s Real=0.01s
[13.001s][info ][gc,start       ] GC(484) Pause Young (Allocation Failure)
[13.002s][debug][gc,age         ] GC(484) Desired survivor size 1114112 bytes, new threshold 1 (max threshold 15)
[13.002s][info ][gc,heap        ] GC(484) DefNew: 19124K->1955K(19648K)
[13.002s][info ][gc,heap        ] GC(484) Tenured: 9400K->10182K(43712K)
[13.002s][info ][gc,metaspace   ] GC(484) Metaspace: 16398K->16398K(1064960K)
[13.002s][info ][gc             ] GC(484) Pause Young (Allocation Failure) 27M->11M(61M) 0.822ms
[13.002s][info ][gc,cpu         ] GC(484) User=0.00s Sys=0.00s Real=0.00s
[13.003s][info ][gc,start       ] GC(485) Pause Young (Allocation Failure)
[13.004s][debug][gc,age         ] GC(485) Desired survivor size 1114112 bytes, new threshold 15 (max threshold 15)
[13.004s][info ][gc,heap        ] GC(485) DefNew: 19157K->783K(19648K)
[13.004s][info ][gc,heap        ] GC(485) Tenured: 10182K->10573K(43712K)
[13.004s][info ][gc,metaspace   ] GC(485) Metaspace: 16398K->16398K(1064960K)
[13.004s][info ][gc             ] GC(485) Pause Young (Allocation Failure) 28M->11M(61M) 0.481ms
[13.004s][info ][gc,cpu         ] GC(485) User=0.00s Sys=0.00s Real=0.00s
[13.005s][info ][gc,start       ] GC(486) Pause Young (Allocation Failure)
[13.006s][debug][gc,age         ] GC(486) Desired survivor size 1114112 bytes, new threshold 1 (max threshold 15)
[13.006s][info ][gc,heap        ] GC(486) DefNew: 17927K->1955K(19648K)
[13.006s][info ][gc,heap        ] GC(486) Tenured: 10573K->10573K(43712K)
[13.006s][info ][gc,metaspace   ] GC(486) Metaspace: 16398K->16398K(1064960K)
[13.006s][info ][gc             ] GC(486) Pause Young (Allocation Failure) 27M->12M(61M) 0.671ms
[13.006s][info ][gc,cpu         ] GC(486) User=0.00s Sys=0.00s Real=0.00s
[13.007s][info ][gc,start       ] GC(487) Pause Young (Allocation Failure)
[13.008s][debug][gc,age         ] GC(487) Desired survivor size 1114112 bytes, new threshold 1 (max threshold 15)
[13.008s][info ][gc,heap        ] GC(487) DefNew: 19100K->1955K(19648K)
[13.008s][info ][gc,heap        ] GC(487) Tenured: 10573K->10964K(43712K)
[13.008s][info ][gc,metaspace   ] GC(487) Metaspace: 16398K->16398K(1064960K)
[13.008s][info ][gc             ] GC(487) Pause Young (Allocation Failure) 28M->12M(61M) 0.630ms
[13.008s][info ][gc,cpu         ] GC(487) User=0.00s Sys=0.00s Real=0.00s
[13.009s][info ][gc,start       ] GC(488) Pause Young (Allocation Failure)
[13.010s][debug][gc,age         ] GC(488) Desired survivor size 1114112 bytes, new threshold 1 (max threshold 15)
[13.010s][info ][gc,heap        ] GC(488) DefNew: 19069K->1564K(19648K)
[13.010s][info ][gc,heap        ] GC(488) Tenured: 10964K->10964K(43712K)
[13.010s][info ][gc,metaspace   ] GC(488) Metaspace: 16398K->16398K(1064960K)
[13.010s][info ][gc             ] GC(488) Pause Young (Allocation Failure) 29M->12M(61M) 0.673ms
[13.010s][info ][gc,cpu         ] GC(488) User=0.00s Sys=0.00s Real=0.00s
[13.011s][info ][gc,start       ] GC(489) Pause Young (Allocation Failure)
[13.012s][debug][gc,age         ] GC(489) Desired survivor size 1114112 bytes, new threshold 1 (max threshold 15)
[13.012s][info ][gc,heap        ] GC(489) DefNew: 18702K->1955K(19648K)
[13.012s][info ][gc,heap        ] GC(489) Tenured: 10964K->11355K(43712K)
[13.012s][info ][gc,metaspace   ] GC(489) Metaspace: 16398K->16398K(1064960K)
[13.012s][info ][gc             ] GC(489) Pause Young (Allocation Failure) 28M->12M(61M) 0.672ms
[13.012s][info ][gc,cpu         ] GC(489) User=0.00s Sys=0.00s Real=0.00s
[13.014s][info ][gc,start       ] GC(490) Pause Young (Allocation Failure)
[13.015s][debug][gc,age         ] GC(490) Desired survivor size 1114112 bytes, new threshold 1 (max threshold 15)
[13.015s][info ][gc,heap        ] GC(490) DefNew: 19093K->1173K(19648K)
[13.015s][info ][gc,heap        ] GC(490) Tenured: 11355K->11747K(43712K)
[13.015s][info ][gc,metaspace   ] GC(490) Metaspace: 16398K->16398K(1064960K)
[13.015s][info ][gc             ] GC(490) Pause Young (Allocation Failure) 29M->12M(61M) 0.706ms
[13.015s][info ][gc,cpu         ] GC(490) User=0.00s Sys=0.00s Real=0.00s
[13.016s][info ][gc,start       ] GC(491) Pause Young (Allocation Failure)
[13.017s][debug][gc,age         ] GC(491) Desired survivor size 1114112 bytes, new threshold 1 (max threshold 15)
[13.017s][info ][gc,heap        ] GC(491) DefNew: 18313K->1955K(19648K)
[13.017s][info ][gc,heap        ] GC(491) Tenured: 11747K->11747K(43712K)
[13.017s][info ][gc,metaspace   ] GC(491) Metaspace: 16398K->16398K(1064960K)
[13.017s][info ][gc             ] GC(491) Pause Young (Allocation Failure) 29M->13M(61M) 0.622ms
[13.017s][info ][gc,cpu         ] GC(491) User=0.00s Sys=0.00s Real=0.00s
[13.019s][info ][gc,start       ] GC(492) Pause Young (Allocation Failure)
[13.019s][debug][gc,age         ] GC(492) Desired survivor size 1114112 bytes, new threshold 1 (max threshold 15)
[13.019s][info ][gc,heap        ] GC(492) DefNew: 19055K->1173K(19648K)
[13.019s][info ][gc,heap        ] GC(492) Tenured: 11747K->12138K(43712K)
[13.019s][info ][gc,metaspace   ] GC(492) Metaspace: 16398K->16398K(1064960K)
[13.019s][info ][gc             ] GC(492) Pause Young (Allocation Failure) 30M->13M(61M) 0.674ms
[13.019s][info ][gc,cpu         ] GC(492) User=0.00s Sys=0.00s Real=0.01s
[13.021s][info ][gc,start       ] GC(493) Pause Young (Allocation Failure)
[13.022s][debug][gc,age         ] GC(493) Desired survivor size 1114112 bytes, new threshold 1 (max threshold 15)
[13.022s][info ][gc,heap        ] GC(493) DefNew: 18645K->1954K(19648K)
[13.022s][info ][gc,heap        ] GC(493) Tenured: 12138K->12530K(43712K)
[13.022s][info ][gc,metaspace   ] GC(493) Metaspace: 16398K->16398K(1064960K)
[13.022s][info ][gc             ] GC(493) Pause Young (Allocation Failure) 30M->14M(61M) 0.687ms
[13.022s][info ][gc,cpu         ] GC(493) User=0.00s Sys=0.00s Real=0.00s
[13.023s][info ][gc,start       ] GC(494) Pause Young (Allocation Failure)
[13.024s][debug][gc,age         ] GC(494) Desired survivor size 1114112 bytes, new threshold 1 (max threshold 15)
[13.024s][info ][gc,heap        ] GC(494) DefNew: 19134K->1564K(19648K)
[13.024s][info ][gc,heap        ] GC(494) Tenured: 12530K->13312K(43712K)
[13.024s][info ][gc,metaspace   ] GC(494) Metaspace: 16398K->16398K(1064960K)
[13.024s][info ][gc             ] GC(494) Pause Young (Allocation Failure) 30M->14M(61M) 0.604ms
[13.024s][info ][gc,cpu         ] GC(494) User=0.00s Sys=0.00s Real=0.00s
[13.026s][info ][gc,start       ] GC(495) Pause Young (Allocation Failure)
[13.026s][debug][gc,age         ] GC(495) Desired survivor size 1114112 bytes, new threshold 1 (max threshold 15)
[13.026s][info ][gc,heap        ] GC(495) DefNew: 18998K->1173K(19648K)
[13.026s][info ][gc,heap        ] GC(495) Tenured: 13312K->14094K(43712K)
[13.026s][info ][gc,metaspace   ] GC(495) Metaspace: 16398K->16398K(1064960K)
[13.026s][info ][gc             ] GC(495) Pause Young (Allocation Failure) 31M->14M(61M) 0.770ms
[13.026s][info ][gc,cpu         ] GC(495) User=0.00s Sys=0.00s Real=0.00s
[13.028s][info ][gc,start       ] GC(496) Pause Young (Allocation Failure)
[13.029s][debug][gc,age         ] GC(496) Desired survivor size 1114112 bytes, new threshold 15 (max threshold 15)
[13.029s][info ][gc,heap        ] GC(496) DefNew: 18631K->782K(19648K)
[13.029s][info ][gc,heap        ] GC(496) Tenured: 14094K->14094K(43712K)
[13.029s][info ][gc,metaspace   ] GC(496) Metaspace: 16398K->16398K(1064960K)
[13.029s][info ][gc             ] GC(496) Pause Young (Allocation Failure) 31M->14M(61M) 0.612ms
[13.029s][info ][gc,cpu         ] GC(496) User=0.01s Sys=0.00s Real=0.00s
[13.031s][info ][gc,start       ] GC(497) Pause Young (Allocation Failure)
[13.031s][debug][gc,age         ] GC(497) Desired survivor size 1114112 bytes, new threshold 1 (max threshold 15)
[13.031s][info ][gc,heap        ] GC(497) DefNew: 17993K->1564K(19648K)
[13.031s][info ][gc,heap        ] GC(497) Tenured: 14094K->14094K(43712K)
[13.031s][info ][gc,metaspace   ] GC(497) Metaspace: 16398K->16398K(1064960K)
[13.031s][info ][gc             ] GC(497) Pause Young (Allocation Failure) 31M->15M(61M) 0.600ms
[13.031s][info ][gc,cpu         ] GC(497) User=0.00s Sys=0.00s Real=0.00s
[13.033s][info ][gc,start       ] GC(498) Pause Young (Allocation Failure)
[13.033s][debug][gc,age         ] GC(498) Desired survivor size 1114112 bytes, new threshold 15 (max threshold 15)
[13.033s][info ][gc,heap        ] GC(498) DefNew: 18699K->782K(19648K)
[13.033s][info ][gc,heap        ] GC(498) Tenured: 14094K->14876K(43712K)
[13.033s][info ][gc,metaspace   ] GC(498) Metaspace: 16398K->16398K(1064960K)
[13.033s][info ][gc             ] GC(498) Pause Young (Allocation Failure) 32M->15M(61M) 0.754ms
[13.033s][info ][gc,cpu         ] GC(498) User=0.00s Sys=0.00s Real=0.00s
[13.035s][info ][gc,start       ] GC(499) Pause Young (Allocation Failure)
[13.035s][debug][gc,age         ] GC(499) Desired survivor size 1114112 bytes, new threshold 1 (max threshold 15)
[13.035s][info ][gc,heap        ] GC(499) DefNew: 17964K->1174K(19648K)
[13.035s][info ][gc,heap        ] GC(499) Tenured: 14876K->14876K(43712K)
[13.035s][info ][gc,metaspace   ] GC(499) Metaspace: 16398K->16398K(1064960K)
[13.035s][info ][gc             ] GC(499) Pause Young (Allocation Failure) 32M->15M(61M) 0.541ms
[13.035s][info ][gc,cpu         ] GC(499) User=0.00s Sys=0.00s Real=0.00s
[13.037s][info ][gc,start       ] GC(500) Pause Young (Allocation Failure)
[13.038s][debug][gc,age         ] GC(500) Desired survivor size 1114112 bytes, new threshold 1 (max threshold 15)
[13.038s][info ][gc,heap        ] GC(500) DefNew: 18348K->1955K(19648K)
[13.038s][info ][gc,heap        ] GC(500) Tenured: 14876K->15268K(43712K)
[13.038s][info ][gc,metaspace   ] GC(500) Metaspace: 16398K->16398K(1064960K)
[13.038s][info ][gc             ] GC(500) Pause Young (Allocation Failure) 32M->16M(61M) 0.722ms
[13.038s][info ][gc,cpu         ] GC(500) User=0.00s Sys=0.00s Real=0.00s
[13.040s][info ][gc,start       ] GC(501) Pause Young (Allocation Failure)
[13.040s][debug][gc,age         ] GC(501) Desired survivor size 1114112 bytes, new threshold 1 (max threshold 15)
[13.040s][info ][gc,heap        ] GC(501) DefNew: 19425K->1563K(19648K)
[13.040s][info ][gc,heap        ] GC(501) Tenured: 15268K->16440K(43712K)
[13.040s][info ][gc,metaspace   ] GC(501) Metaspace: 16398K->16398K(1064960K)
[13.040s][info ][gc             ] GC(501) Pause Young (Allocation Failure) 33M->17M(61M) 0.736ms
[13.040s][info ][gc,cpu         ] GC(501) User=0.00s Sys=0.00s Real=0.00s
[13.042s][info ][gc,start       ] GC(502) Pause Young (Allocation Failure)
[13.042s][debug][gc,age         ] GC(502) Desired survivor size 1114112 bytes, new threshold 1 (max threshold 15)
[13.042s][info ][gc,heap        ] GC(502) DefNew: 18804K->1956K(19648K)
[13.042s][info ][gc,heap        ] GC(502) Tenured: 16440K->16831K(43712K)
[13.042s][info ][gc,metaspace   ] GC(502) Metaspace: 16398K->16398K(1064960K)
[13.042s][info ][gc             ] GC(502) Pause Young (Allocation Failure) 34M->18M(61M) 0.646ms
[13.042s][info ][gc,cpu         ] GC(502) User=0.00s Sys=0.00s Real=0.00s
[13.044s][info ][gc,start       ] GC(503) Pause Young (Allocation Failure)
[13.045s][debug][gc,age         ] GC(503) Desired survivor size 1114112 bytes, new threshold 1 (max threshold 15)
[13.045s][info ][gc,heap        ] GC(503) DefNew: 19163K->1173K(19648K)
[13.045s][info ][gc,heap        ] GC(503) Tenured: 16831K->17223K(43712K)
[13.045s][info ][gc,metaspace   ] GC(503) Metaspace: 16398K->16398K(1064960K)
[13.045s][info ][gc             ] GC(503) Pause Young (Allocation Failure) 35M->17M(61M) 0.752ms
[13.045s][info ][gc,cpu         ] GC(503) User=0.00s Sys=0.00s Real=0.00s
[13.047s][info ][gc,start       ] GC(504) Pause Young (Allocation Failure)
[13.047s][debug][gc,age         ] GC(504) Desired survivor size 1114112 bytes, new threshold 1 (max threshold 15)
[13.047s][info ][gc,heap        ] GC(504) DefNew: 18606K->1955K(19648K)
[13.047s][info ][gc,heap        ] GC(504) Tenured: 17223K->18005K(43712K)
[13.047s][info ][gc,metaspace   ] GC(504) Metaspace: 16398K->16398K(1064960K)
[13.047s][info ][gc             ] GC(504) Pause Young (Allocation Failure) 34M->19M(61M) 0.758ms
[13.047s][info ][gc,cpu         ] GC(504) User=0.00s Sys=0.00s Real=0.00s
[13.049s][info ][gc,start       ] GC(505) Pause Young (Allocation Failure)
[13.050s][debug][gc,age         ] GC(505) Desired survivor size 1114112 bytes, new threshold 1 (max threshold 15)
[13.050s][info ][gc,heap        ] GC(505) DefNew: 19126K->1954K(19648K)
[13.050s][info ][gc,heap        ] GC(505) Tenured: 18005K->18786K(43712K)
[13.050s][info ][gc,metaspace   ] GC(505) Metaspace: 16398K->16398K(1064960K)
[13.050s][info ][gc             ] GC(505) Pause Young (Allocation Failure) 36M->20M(61M) 0.842ms
[13.050s][info ][gc,cpu         ] GC(505) User=0.00s Sys=0.00s Real=0.01s
[13.051s][info ][gc,start       ] GC(506) Pause Young (Allocation Failure)
[13.052s][debug][gc,age         ] GC(506) Desired survivor size 1114112 bytes, new threshold 1 (max threshold 15)
[13.052s][info ][gc,heap        ] GC(506) DefNew: 19111K->1564K(19648K)
[13.052s][info ][gc,heap        ] GC(506) Tenured: 18786K->19178K(43712K)
[13.052s][info ][gc,metaspace   ] GC(506) Metaspace: 16398K->16398K(1064960K)
[13.052s][info ][gc             ] GC(506) Pause Young (Allocation Failure) 37M->20M(61M) 0.774ms
[13.052s][info ][gc,cpu         ] GC(506) User=0.00s Sys=0.00s Real=0.00s
[13.054s][info ][gc,start       ] GC(507) Pause Young (Allocation Failure)
[13.054s][debug][gc,age         ] GC(507) Desired survivor size 1114112 bytes, new threshold 1 (max threshold 15)
[13.054s][info ][gc,heap        ] GC(507) DefNew: 19025K->1955K(19648K)
[13.054s][info ][gc,heap        ] GC(507) Tenured: 19178K->19178K(43712K)
[13.055s][info ][gc,metaspace   ] GC(507) Metaspace: 16398K->16398K(1064960K)
[13.055s][info ][gc             ] GC(507) Pause Young (Allocation Failure) 37M->20M(61M) 0.667ms
[13.055s][info ][gc,cpu         ] GC(507) User=0.00s Sys=0.00s Real=0.00s
[13.056s][info ][gc,start       ] GC(508) Pause Young (Allocation Failure)
[13.057s][debug][gc,age         ] GC(508) Desired survivor size 1114112 bytes, new threshold 1 (max threshold 15)
[13.057s][info ][gc,heap        ] GC(508) DefNew: 19183K->1565K(19648K)
[13.057s][info ][gc,heap        ] GC(508) Tenured: 19178K->19178K(43712K)
[13.057s][info ][gc,metaspace   ] GC(508) Metaspace: 16398K->16398K(1064960K)
[13.057s][info ][gc             ] GC(508) Pause Young (Allocation Failure) 37M->20M(61M) 0.548ms
[13.057s][info ][gc,cpu         ] GC(508) User=0.00s Sys=0.00s Real=0.00s
[13.058s][info ][gc,start       ] GC(509) Pause Young (Allocation Failure)
[13.059s][debug][gc,age         ] GC(509) Desired survivor size 1114112 bytes, new threshold 1 (max threshold 15)
[13.059s][info ][gc,heap        ] GC(509) DefNew: 18955K->1172K(19648K)
[13.059s][info ][gc,heap        ] GC(509) Tenured: 19178K->20352K(43712K)
[13.059s][info ][gc,metaspace   ] GC(509) Metaspace: 16398K->16398K(1064960K)
[13.059s][info ][gc             ] GC(509) Pause Young (Allocation Failure) 37M->21M(61M) 0.629ms
[13.059s][info ][gc,cpu         ] GC(509) User=0.00s Sys=0.00s Real=0.00s
[13.061s][info ][gc,start       ] GC(510) Pause Young (Allocation Failure)
[13.061s][debug][gc,age         ] GC(510) Desired survivor size 1114112 bytes, new threshold 1 (max threshold 15)
[13.061s][info ][gc,heap        ] GC(510) DefNew: 18419K->1955K(19648K)
[13.061s][info ][gc,heap        ] GC(510) Tenured: 20352K->20352K(43712K)
[13.061s][info ][gc,metaspace   ] GC(510) Metaspace: 16398K->16398K(1064960K)
[13.062s][info ][gc             ] GC(510) Pause Young (Allocation Failure) 37M->21M(61M) 0.856ms
[13.062s][info ][gc,cpu         ] GC(510) User=0.00s Sys=0.01s Real=0.00s
[13.063s][info ][gc,start       ] GC(511) Pause Young (Allocation Failure)
[13.064s][debug][gc,age         ] GC(511) Desired survivor size 1114112 bytes, new threshold 1 (max threshold 15)
[13.064s][info ][gc,heap        ] GC(511) DefNew: 19162K->1955K(19648K)
[13.064s][info ][gc,heap        ] GC(511) Tenured: 20352K->21524K(43712K)
[13.064s][info ][gc,metaspace   ] GC(511) Metaspace: 16398K->16398K(1064960K)
[13.064s][info ][gc             ] GC(511) Pause Young (Allocation Failure) 38M->22M(61M) 0.850ms
[13.064s][info ][gc,cpu         ] GC(511) User=0.00s Sys=0.00s Real=0.00s
[13.065s][info ][gc,start       ] GC(512) Pause Young (Allocation Failure)
[13.066s][debug][gc,age         ] GC(512) Desired survivor size 1114112 bytes, new threshold 1 (max threshold 15)
[13.066s][info ][gc,heap        ] GC(512) DefNew: 19138K->1955K(19648K)
[13.066s][info ][gc,heap        ] GC(512) Tenured: 21524K->21524K(43712K)
[13.066s][info ][gc,metaspace   ] GC(512) Metaspace: 16398K->16398K(1064960K)
[13.066s][info ][gc             ] GC(512) Pause Young (Allocation Failure) 39M->22M(61M) 0.517ms
[13.066s][info ][gc,cpu         ] GC(512) User=0.00s Sys=0.00s Real=0.00s
[13.067s][info ][gc,start       ] GC(513) Pause Young (Allocation Failure)
[13.068s][debug][gc,age         ] GC(513) Desired survivor size 1114112 bytes, new threshold 1 (max threshold 15)
[13.068s][info ][gc,heap        ] GC(513) DefNew: 19068K->1955K(19648K)
[13.068s][info ][gc,heap        ] GC(513) Tenured: 21524K->21524K(43712K)
[13.068s][info ][gc,metaspace   ] GC(513) Metaspace: 16398K->16398K(1064960K)
[13.068s][info ][gc             ] GC(513) Pause Young (Allocation Failure) 39M->22M(61M) 0.754ms
[13.068s][info ][gc,cpu         ] GC(513) User=0.00s Sys=0.00s Real=0.00s
[13.070s][info ][gc,start       ] GC(514) Pause Young (Allocation Failure)
[13.070s][debug][gc,age         ] GC(514) Desired survivor size 1114112 bytes, new threshold 1 (max threshold 15)
[13.070s][info ][gc,heap        ] GC(514) DefNew: 19042K->1564K(19648K)
[13.070s][info ][gc,heap        ] GC(514) Tenured: 21524K->21916K(43712K)
[13.070s][info ][gc,metaspace   ] GC(514) Metaspace: 16398K->16398K(1064960K)
[13.070s][info ][gc             ] GC(514) Pause Young (Allocation Failure) 39M->22M(61M) 0.604ms
[13.070s][info ][gc,cpu         ] GC(514) User=0.00s Sys=0.00s Real=0.00s
[13.072s][info ][gc,start       ] GC(515) Pause Young (Allocation Failure)
[13.072s][debug][gc,age         ] GC(515) Desired survivor size 1114112 bytes, new threshold 1 (max threshold 15)
[13.072s][info ][gc,heap        ] GC(515) DefNew: 18718K->1955K(19648K)
[13.072s][info ][gc,heap        ] GC(515) Tenured: 21916K->22697K(43712K)
[13.072s][info ][gc,metaspace   ] GC(515) Metaspace: 16398K->16398K(1064960K)
[13.072s][info ][gc             ] GC(515) Pause Young (Allocation Failure) 39M->24M(61M) 0.626ms
[13.072s][info ][gc,cpu         ] GC(515) User=0.00s Sys=0.00s Real=0.00s
[13.074s][info ][gc,start       ] GC(516) Pause Young (Allocation Failure)
[13.074s][debug][gc,age         ] GC(516) Desired survivor size 1114112 bytes, new threshold 1 (max threshold 15)
[13.074s][info ][gc,heap        ] GC(516) DefNew: 19099K->1954K(19648K)
[13.074s][info ][gc,heap        ] GC(516) Tenured: 22697K->23088K(43712K)
[13.074s][info ][gc,metaspace   ] GC(516) Metaspace: 16398K->16398K(1064960K)
[13.074s][info ][gc             ] GC(516) Pause Young (Allocation Failure) 40M->24M(61M) 0.601ms
[13.074s][info ][gc,cpu         ] GC(516) User=0.00s Sys=0.00s Real=0.00s
[13.076s][info ][gc,start       ] GC(517) Pause Young (Allocation Failure)
[13.076s][debug][gc,age         ] GC(517) Desired survivor size 1114112 bytes, new threshold 1 (max threshold 15)
[13.076s][info ][gc,heap        ] GC(517) DefNew: 19095K->1955K(19648K)
[13.077s][info ][gc,heap        ] GC(517) Tenured: 23088K->23479K(43712K)
[13.077s][info ][gc,metaspace   ] GC(517) Metaspace: 16398K->16398K(1064960K)
[13.077s][info ][gc             ] GC(517) Pause Young (Allocation Failure) 41M->24M(61M) 0.916ms
[13.077s][info ][gc,cpu         ] GC(517) User=0.00s Sys=0.00s Real=0.00s
[13.078s][info ][gc,start       ] GC(518) Pause Young (Allocation Failure)
[13.079s][debug][gc,age         ] GC(518) Desired survivor size 1114112 bytes, new threshold 1 (max threshold 15)
[13.079s][info ][gc,heap        ] GC(518) DefNew: 19145K->1955K(19648K)
[13.079s][info ][gc,heap        ] GC(518) Tenured: 23479K->23870K(43712K)
[13.079s][info ][gc,metaspace   ] GC(518) Metaspace: 16398K->16398K(1064960K)
[13.079s][info ][gc             ] GC(518) Pause Young (Allocation Failure) 41M->25M(61M) 0.584ms
[13.079s][info ][gc,cpu         ] GC(518) User=0.00s Sys=0.00s Real=0.00s
[13.080s][info ][gc,start       ] GC(519) Pause Young (Allocation Failure)
[13.080s][debug][gc,age         ] GC(519) Desired survivor size 1114112 bytes, new threshold 1 (max threshold 15)
[13.081s][info ][gc,heap        ] GC(519) DefNew: 19128K->1955K(19648K)
[13.081s][info ][gc,heap        ] GC(519) Tenured: 23870K->23870K(43712K)
[13.081s][info ][gc,metaspace   ] GC(519) Metaspace: 16398K->16398K(1064960K)
[13.081s][info ][gc             ] GC(519) Pause Young (Allocation Failure) 41M->25M(61M) 0.558ms
[13.081s][info ][gc,cpu         ] GC(519) User=0.00s Sys=0.00s Real=0.00s
[13.082s][info ][gc,start       ] GC(520) Pause Young (Allocation Failure)
[13.083s][debug][gc,age         ] GC(520) Desired survivor size 1114112 bytes, new threshold 15 (max threshold 15)
[13.083s][info ][gc,heap        ] GC(520) DefNew: 19362K->391K(19648K)
[13.083s][info ][gc,heap        ] GC(520) Tenured: 23870K->25044K(43712K)
[13.083s][info ][gc,metaspace   ] GC(520) Metaspace: 16398K->16398K(1064960K)
[13.083s][info ][gc             ] GC(520) Pause Young (Allocation Failure) 42M->24M(61M) 0.578ms
[13.083s][info ][gc,cpu         ] GC(520) User=0.00s Sys=0.00s Real=0.00s
[13.084s][info ][gc,start       ] GC(521) Pause Young (Allocation Failure)
[13.085s][debug][gc,age         ] GC(521) Desired survivor size 1114112 bytes, new threshold 1 (max threshold 15)
[13.085s][info ][gc,heap        ] GC(521) DefNew: 17521K->1564K(19648K)
[13.085s][info ][gc,heap        ] GC(521) Tenured: 25044K->25044K(43712K)
[13.085s][info ][gc,metaspace   ] GC(521) Metaspace: 16398K->16398K(1064960K)
[13.085s][info ][gc             ] GC(521) Pause Young (Allocation Failure) 41M->25M(61M) 0.711ms
[13.085s][info ][gc,cpu         ] GC(521) User=0.00s Sys=0.00s Real=0.00s
[13.086s][info ][gc,start       ] GC(522) Pause Young (Allocation Failure)
[13.087s][debug][gc,age         ] GC(522) Desired survivor size 1114112 bytes, new threshold 1 (max threshold 15)
[13.087s][info ][gc,heap        ] GC(522) DefNew: 18661K->1955K(19648K)
[13.087s][info ][gc,heap        ] GC(522) Tenured: 25044K->25044K(43712K)
[13.087s][info ][gc,metaspace   ] GC(522) Metaspace: 16398K->16398K(1064960K)
[13.087s][info ][gc             ] GC(522) Pause Young (Allocation Failure) 42M->26M(61M) 0.647ms
[13.087s][info ][gc,cpu         ] GC(522) User=0.00s Sys=0.00s Real=0.00s
[13.088s][info ][gc,start       ] GC(523) Pause Young (Allocation Failure)
[13.089s][debug][gc,age         ] GC(523) Desired survivor size 1114112 bytes, new threshold 1 (max threshold 15)
[13.089s][info ][gc,heap        ] GC(523) DefNew: 19180K->1564K(19648K)
[13.089s][info ][gc,heap        ] GC(523) Tenured: 25044K->25435K(43712K)
[13.089s][info ][gc,metaspace   ] GC(523) Metaspace: 16398K->16398K(1064960K)
[13.089s][info ][gc             ] GC(523) Pause Young (Allocation Failure) 43M->26M(61M) 0.624ms
[13.089s][info ][gc,cpu         ] GC(523) User=0.00s Sys=0.00s Real=0.00s
[13.090s][info ][gc,start       ] GC(524) Pause Young (Allocation Failure)
[13.091s][debug][gc,age         ] GC(524) Desired survivor size 1114112 bytes, new threshold 1 (max threshold 15)
[13.091s][info ][gc,heap        ] GC(524) DefNew: 18718K->1955K(19648K)
[13.091s][info ][gc,heap        ] GC(524) Tenured: 25435K->26217K(43712K)
[13.091s][info ][gc,metaspace   ] GC(524) Metaspace: 16398K->16398K(1064960K)
[13.091s][info ][gc             ] GC(524) Pause Young (Allocation Failure) 43M->27M(61M) 0.609ms
[13.091s][info ][gc,cpu         ] GC(524) User=0.00s Sys=0.00s Real=0.00s
[13.093s][info ][gc,start       ] GC(525) Pause Young (Allocation Failure)
[13.093s][debug][gc,age         ] GC(525) Desired survivor size 1114112 bytes, new threshold 1 (max threshold 15)
[13.094s][info ][gc,heap        ] GC(525) DefNew: 19066K->1564K(19648K)
[13.094s][info ][gc,heap        ] GC(525) Tenured: 26217K->26999K(43712K)
[13.094s][info ][gc,metaspace   ] GC(525) Metaspace: 16398K->16398K(1064960K)
[13.094s][info ][gc             ] GC(525) Pause Young (Allocation Failure) 44M->27M(61M) 0.969ms
[13.094s][info ][gc,cpu         ] GC(525) User=0.00s Sys=0.00s Real=0.00s
[13.095s][info ][gc,start       ] GC(526) Pause Young (Allocation Failure)
[13.096s][debug][gc,age         ] GC(526) Desired survivor size 1114112 bytes, new threshold 1 (max threshold 15)
[13.096s][info ][gc,heap        ] GC(526) DefNew: 18761K->1955K(19648K)
[13.096s][info ][gc,heap        ] GC(526) Tenured: 26999K->27389K(43712K)
[13.096s][info ][gc,metaspace   ] GC(526) Metaspace: 16398K->16398K(1064960K)
[13.096s][info ][gc             ] GC(526) Pause Young (Allocation Failure) 44M->28M(61M) 0.704ms
[13.096s][info ][gc,cpu         ] GC(526) User=0.00s Sys=0.00s Real=0.00s
[13.097s][info ][gc,start       ] GC(527) Pause Young (Allocation Failure)
[13.097s][debug][gc,age         ] GC(527) Desired survivor size 1114112 bytes, new threshold 1 (max threshold 15)
[13.097s][info ][gc,heap        ] GC(527) DefNew: 19132K->1955K(19648K)
[13.097s][info ][gc,heap        ] GC(527) Tenured: 27389K->28171K(43712K)
[13.098s][info ][gc,metaspace   ] GC(527) Metaspace: 16398K->16398K(1064960K)
[13.098s][info ][gc             ] GC(527) Pause Young (Allocation Failure) 45M->29M(61M) 0.608ms
[13.098s][info ][gc,cpu         ] GC(527) User=0.00s Sys=0.00s Real=0.00s
[13.099s][info ][gc,start       ] GC(528) Pause Young (Allocation Failure)
[13.099s][debug][gc,age         ] GC(528) Desired survivor size 1114112 bytes, new threshold 1 (max threshold 15)
[13.099s][info ][gc,heap        ] GC(528) DefNew: 19119K->1955K(19648K)
[13.099s][info ][gc,heap        ] GC(528) Tenured: 28171K->28562K(43712K)
[13.099s][info ][gc,metaspace   ] GC(528) Metaspace: 16398K->16398K(1064960K)
[13.099s][info ][gc             ] GC(528) Pause Young (Allocation Failure) 46M->29M(61M) 0.574ms
[13.100s][info ][gc,cpu         ] GC(528) User=0.00s Sys=0.00s Real=0.01s
[13.101s][info ][gc,start       ] GC(529) Pause Young (Allocation Failure)
[13.102s][debug][gc,age         ] GC(529) Desired survivor size 1114112 bytes, new threshold 1 (max threshold 15)
[13.102s][info ][gc,heap        ] GC(529) DefNew: 19111K->1173K(19648K)
[13.102s][info ][gc,heap        ] GC(529) Tenured: 28562K->28562K(43712K)
[13.102s][info ][gc,metaspace   ] GC(529) Metaspace: 16398K->16398K(1064960K)
[13.102s][info ][gc             ] GC(529) Pause Young (Allocation Failure) 46M->29M(61M) 0.749ms
[13.102s][info ][gc,cpu         ] GC(529) User=0.00s Sys=0.00s Real=0.00s
[13.103s][info ][gc,start       ] GC(530) Pause Young (Allocation Failure)
[13.104s][debug][gc,age         ] GC(530) Desired survivor size 1114112 bytes, new threshold 1 (max threshold 15)
[13.104s][info ][gc,heap        ] GC(530) DefNew: 18324K->1955K(19648K)
[13.104s][info ][gc,heap        ] GC(530) Tenured: 28562K->28953K(43712K)
[13.104s][info ][gc,metaspace   ] GC(530) Metaspace: 16398K->16398K(1064960K)
[13.104s][info ][gc             ] GC(530) Pause Young (Allocation Failure) 45M->30M(61M) 0.579ms
[13.104s][info ][gc,cpu         ] GC(530) User=0.00s Sys=0.00s Real=0.00s
[13.105s][info ][gc,start       ] GC(531) Pause Young (Allocation Failure)
[13.105s][debug][gc,age         ] GC(531) Desired survivor size 1114112 bytes, new threshold 1 (max threshold 15)
[13.105s][info ][gc,heap        ] GC(531) DefNew: 19102K->1955K(19648K)
[13.105s][info ][gc,heap        ] GC(531) Tenured: 28953K->29343K(43712K)
[13.105s][info ][gc,metaspace   ] GC(531) Metaspace: 16398K->16398K(1064960K)
[13.105s][info ][gc             ] GC(531) Pause Young (Allocation Failure) 46M->30M(61M) 0.575ms
[13.106s][info ][gc,cpu         ] GC(531) User=0.00s Sys=0.01s Real=0.00s
[13.107s][info ][gc,start       ] GC(532) Pause Young (Allocation Failure)
[13.107s][debug][gc,age         ] GC(532) Desired survivor size 1114112 bytes, new threshold 1 (max threshold 15)
[13.107s][info ][gc,heap        ] GC(532) DefNew: 19100K->1955K(19648K)
[13.107s][info ][gc,heap        ] GC(532) Tenured: 29343K->29734K(43712K)
[13.107s][info ][gc,metaspace   ] GC(532) Metaspace: 16398K->16398K(1064960K)
[13.108s][info ][gc             ] GC(532) Pause Young (Allocation Failure) 47M->30M(61M) 0.634ms
[13.108s][info ][gc,cpu         ] GC(532) User=0.00s Sys=0.00s Real=0.00s
[13.109s][info ][gc,start       ] GC(533) Pause Young (Allocation Failure)
[13.110s][debug][gc,age         ] GC(533) Desired survivor size 1114112 bytes, new threshold 1 (max threshold 15)
[13.110s][info ][gc,heap        ] GC(533) DefNew: 19098K->1955K(19648K)
[13.110s][info ][gc,heap        ] GC(533) Tenured: 29734K->29734K(43712K)
[13.110s][info ][gc,metaspace   ] GC(533) Metaspace: 16398K->16398K(1064960K)
[13.110s][info ][gc             ] GC(533) Pause Young (Allocation Failure) 47M->30M(61M) 0.632ms
[13.110s][info ][gc,cpu         ] GC(533) User=0.00s Sys=0.00s Real=0.01s
[13.111s][info ][gc,start       ] GC(534) Pause Young (Allocation Failure)
[13.112s][debug][gc,age         ] GC(534) Desired survivor size 1114112 bytes, new threshold 1 (max threshold 15)
[13.112s][info ][gc,heap        ] GC(534) DefNew: 19097K->1955K(19648K)
[13.112s][info ][gc,heap        ] GC(534) Tenured: 29734K->30515K(43712K)
[13.112s][info ][gc,metaspace   ] GC(534) Metaspace: 16398K->16398K(1064960K)
[13.112s][info ][gc             ] GC(534) Pause Young (Allocation Failure) 47M->31M(61M) 0.651ms
[13.112s][info ][gc,cpu         ] GC(534) User=0.00s Sys=0.00s Real=0.00s
[13.113s][info ][gc,start       ] GC(535) Pause Young (Allocation Failure)
[13.114s][debug][gc,age         ] GC(535) Desired survivor size 1114112 bytes, new threshold 1 (max threshold 15)
[13.114s][info ][gc,heap        ] GC(535) DefNew: 19097K->1955K(19648K)
[13.114s][info ][gc,heap        ] GC(535) Tenured: 30515K->31687K(43712K)
[13.114s][info ][gc,metaspace   ] GC(535) Metaspace: 16398K->16398K(1064960K)
[13.114s][info ][gc             ] GC(535) Pause Young (Allocation Failure) 48M->32M(61M) 0.701ms
[13.114s][info ][gc,cpu         ] GC(535) User=0.00s Sys=0.00s Real=0.00s
[13.115s][info ][gc,start       ] GC(536) Pause Young (Allocation Failure)
[13.116s][debug][gc,age         ] GC(536) Desired survivor size 1114112 bytes, new threshold 1 (max threshold 15)
[13.116s][info ][gc,heap        ] GC(536) DefNew: 19096K->1954K(19648K)
[13.116s][info ][gc,heap        ] GC(536) Tenured: 31687K->32078K(43712K)
[13.116s][info ][gc,metaspace   ] GC(536) Metaspace: 16398K->16398K(1064960K)
[13.116s][info ][gc             ] GC(536) Pause Young (Allocation Failure) 49M->33M(61M) 0.819ms
[13.116s][info ][gc,cpu         ] GC(536) User=0.00s Sys=0.00s Real=0.00s
[13.117s][info ][gc,start       ] GC(537) Pause Young (Allocation Failure)
[13.118s][debug][gc,age         ] GC(537) Desired survivor size 1114112 bytes, new threshold 1 (max threshold 15)
[13.118s][info ][gc,heap        ] GC(537) DefNew: 19096K->1564K(19648K)
[13.118s][info ][gc,heap        ] GC(537) Tenured: 32078K->32078K(43712K)
[13.118s][info ][gc,metaspace   ] GC(537) Metaspace: 16398K->16398K(1064960K)
[13.118s][info ][gc             ] GC(537) Pause Young (Allocation Failure) 49M->32M(61M) 0.561ms
[13.118s][info ][gc,cpu         ] GC(537) User=0.00s Sys=0.00s Real=0.00s
[13.119s][info ][gc,start       ] GC(538) Pause Young (Allocation Failure)
[13.120s][debug][gc,age         ] GC(538) Desired survivor size 1114112 bytes, new threshold 1 (max threshold 15)
[13.120s][info ][gc,heap        ] GC(538) DefNew: 18705K->1955K(19648K)
[13.120s][info ][gc,heap        ] GC(538) Tenured: 32078K->32469K(43712K)
[13.120s][info ][gc,metaspace   ] GC(538) Metaspace: 16398K->16398K(1064960K)
[13.120s][info ][gc             ] GC(538) Pause Young (Allocation Failure) 49M->33M(61M) 0.663ms
[13.120s][info ][gc,cpu         ] GC(538) User=0.00s Sys=0.00s Real=0.01s
[13.121s][info ][gc,start       ] GC(539) Pause Young (Allocation Failure)
[13.122s][debug][gc,age         ] GC(539) Desired survivor size 1114112 bytes, new threshold 1 (max threshold 15)
[13.122s][info ][gc,heap        ] GC(539) DefNew: 19096K->1955K(19648K)
[13.122s][info ][gc,heap        ] GC(539) Tenured: 32469K->32859K(43712K)
[13.122s][info ][gc,metaspace   ] GC(539) Metaspace: 16398K->16398K(1064960K)
[13.122s][info ][gc             ] GC(539) Pause Young (Allocation Failure) 50M->33M(61M) 0.595ms
[13.122s][info ][gc,cpu         ] GC(539) User=0.00s Sys=0.00s Real=0.00s
[13.123s][info ][gc,start       ] GC(540) Pause Young (Allocation Failure)
[13.124s][debug][gc,age         ] GC(540) Desired survivor size 1114112 bytes, new threshold 1 (max threshold 15)
[13.124s][info ][gc,heap        ] GC(540) DefNew: 19096K->1955K(19648K)
[13.124s][info ][gc,heap        ] GC(540) Tenured: 32859K->33250K(43712K)
[13.124s][info ][gc,metaspace   ] GC(540) Metaspace: 16398K->16398K(1064960K)
[13.124s][info ][gc             ] GC(540) Pause Young (Allocation Failure) 50M->34M(61M) 0.666ms
[13.124s][info ][gc,cpu         ] GC(540) User=0.01s Sys=0.00s Real=0.00s
[13.125s][info ][gc,start       ] GC(541) Pause Young (Allocation Failure)
[13.125s][debug][gc,age         ] GC(541) Desired survivor size 1114112 bytes, new threshold 1 (max threshold 15)
[13.126s][info ][gc,heap        ] GC(541) DefNew: 19096K->1955K(19648K)
[13.126s][info ][gc,heap        ] GC(541) Tenured: 33250K->34422K(43712K)
[13.126s][info ][gc,metaspace   ] GC(541) Metaspace: 16398K->16398K(1064960K)
[13.126s][info ][gc             ] GC(541) Pause Young (Allocation Failure) 51M->35M(61M) 0.640ms
[13.126s][info ][gc,cpu         ] GC(541) User=0.01s Sys=0.00s Real=0.00s
[13.127s][info ][gc,start       ] GC(542) Pause Young (Allocation Failure)
[13.128s][debug][gc,age         ] GC(542) Desired survivor size 1114112 bytes, new threshold 1 (max threshold 15)
[13.128s][info ][gc,heap        ] GC(542) DefNew: 19096K->1955K(19648K)
[13.128s][info ][gc,heap        ] GC(542) Tenured: 34422K->34422K(43712K)
[13.128s][info ][gc,metaspace   ] GC(542) Metaspace: 16398K->16398K(1064960K)
[13.128s][info ][gc             ] GC(542) Pause Young (Allocation Failure) 52M->35M(61M) 0.846ms
[13.128s][info ][gc,cpu         ] GC(542) User=0.01s Sys=0.00s Real=0.00s
[13.129s][info ][gc,start       ] GC(543) Pause Young (Allocation Failure)
[13.130s][debug][gc,age         ] GC(543) Desired survivor size 1114112 bytes, new threshold 1 (max threshold 15)
[13.130s][info ][gc,heap        ] GC(543) DefNew: 19096K->1955K(19648K)
[13.130s][info ][gc,heap        ] GC(543) Tenured: 34422K->35203K(43712K)
[13.130s][info ][gc,metaspace   ] GC(543) Metaspace: 16398K->16398K(1064960K)
[13.130s][info ][gc             ] GC(543) Pause Young (Allocation Failure) 52M->36M(61M) 0.624ms
[13.130s][info ][gc,cpu         ] GC(543) User=0.00s Sys=0.00s Real=0.01s
[13.131s][info ][gc,start       ] GC(544) Pause Young (Allocation Failure)
[13.132s][debug][gc,age         ] GC(544) Desired survivor size 1114112 bytes, new threshold 1 (max threshold 15)
[13.132s][info ][gc,heap        ] GC(544) DefNew: 19096K->1955K(19648K)
[13.132s][info ][gc,heap        ] GC(544) Tenured: 35203K->35203K(43712K)
[13.132s][info ][gc,metaspace   ] GC(544) Metaspace: 16398K->16398K(1064960K)
[13.132s][info ][gc             ] GC(544) Pause Young (Allocation Failure) 53M->36M(61M) 0.539ms
[13.132s][info ][gc,cpu         ] GC(544) User=0.00s Sys=0.00s Real=0.00s
[13.133s][info ][gc,start       ] GC(545) Pause Young (Allocation Failure)
[13.134s][debug][gc,age         ] GC(545) Desired survivor size 1114112 bytes, new threshold 1 (max threshold 15)
[13.134s][info ][gc,heap        ] GC(545) DefNew: 19096K->1955K(19648K)
[13.134s][info ][gc,heap        ] GC(545) Tenured: 35203K->35985K(43712K)
[13.134s][info ][gc,metaspace   ] GC(545) Metaspace: 16398K->16398K(1064960K)
[13.134s][info ][gc             ] GC(545) Pause Young (Allocation Failure) 53M->37M(61M) 0.651ms
[13.134s][info ][gc,cpu         ] GC(545) User=0.00s Sys=0.00s Real=0.00s
[13.135s][info ][gc,start       ] GC(546) Pause Young (Allocation Failure)
[13.135s][debug][gc,age         ] GC(546) Desired survivor size 1114112 bytes, new threshold 15 (max threshold 15)
[13.135s][info ][gc,heap        ] GC(546) DefNew: 19096K->783K(19648K)
[13.135s][info ][gc,heap        ] GC(546) Tenured: 35985K->35985K(43712K)
[13.135s][info ][gc,metaspace   ] GC(546) Metaspace: 16398K->16398K(1064960K)
[13.135s][info ][gc             ] GC(546) Pause Young (Allocation Failure) 53M->35M(61M) 0.424ms
[13.135s][info ][gc,cpu         ] GC(546) User=0.00s Sys=0.00s Real=0.00s
[13.137s][info ][gc,start       ] GC(547) Pause Young (Allocation Failure)
[13.137s][debug][gc,age         ] GC(547) Desired survivor size 1114112 bytes, new threshold 1 (max threshold 15)
[13.137s][info ][gc,heap        ] GC(547) DefNew: 17924K->1955K(19648K)
[13.137s][info ][gc,heap        ] GC(547) Tenured: 35985K->35985K(43712K)
[13.137s][info ][gc,metaspace   ] GC(547) Metaspace: 16398K->16398K(1064960K)
[13.137s][info ][gc             ] GC(547) Pause Young (Allocation Failure) 52M->37M(61M) 0.517ms
[13.137s][info ][gc,cpu         ] GC(547) User=0.00s Sys=0.00s Real=0.00s
[13.138s][info ][gc,start       ] GC(548) Pause Young (Allocation Failure)
[13.139s][debug][gc,age         ] GC(548) Desired survivor size 1114112 bytes, new threshold 1 (max threshold 15)
[13.139s][info ][gc,heap        ] GC(548) DefNew: 19095K->1955K(19648K)
[13.139s][info ][gc,heap        ] GC(548) Tenured: 35985K->36375K(43712K)
[13.139s][info ][gc,metaspace   ] GC(548) Metaspace: 16398K->16398K(1064960K)
[13.139s][info ][gc             ] GC(548) Pause Young (Allocation Failure) 53M->37M(61M) 0.653ms
[13.139s][info ][gc,cpu         ] GC(548) User=0.00s Sys=0.00s Real=0.00s
[13.140s][info ][gc,start       ] GC(549) Pause Young (Allocation Failure)
[13.141s][debug][gc,age         ] GC(549) Desired survivor size 1114112 bytes, new threshold 1 (max threshold 15)
[13.141s][info ][gc,heap        ] GC(549) DefNew: 19096K->1955K(19648K)
[13.141s][info ][gc,heap        ] GC(549) Tenured: 36375K->37156K(43712K)
[13.141s][info ][gc,metaspace   ] GC(549) Metaspace: 16398K->16398K(1064960K)
[13.141s][info ][gc             ] GC(549) Pause Young (Allocation Failure) 54M->38M(61M) 0.649ms
[13.141s][info ][gc,cpu         ] GC(549) User=0.00s Sys=0.00s Real=0.00s
[13.142s][info ][gc,start       ] GC(550) Pause Young (Allocation Failure)
[13.143s][debug][gc,age         ] GC(550) Desired survivor size 1114112 bytes, new threshold 1 (max threshold 15)
[13.143s][info ][gc,heap        ] GC(550) DefNew: 19096K->1955K(19648K)
[13.143s][info ][gc,heap        ] GC(550) Tenured: 37156K->37547K(43712K)
[13.143s][info ][gc,metaspace   ] GC(550) Metaspace: 16398K->16398K(1064960K)
[13.143s][info ][gc             ] GC(550) Pause Young (Allocation Failure) 54M->38M(61M) 0.801ms
[13.143s][info ][gc,cpu         ] GC(550) User=0.00s Sys=0.00s Real=0.00s
[13.145s][info ][gc,start       ] GC(551) Pause Young (Allocation Failure)
[13.145s][debug][gc,age         ] GC(551) Desired survivor size 1114112 bytes, new threshold 1 (max threshold 15)
[13.145s][info ][gc,heap        ] GC(551) DefNew: 19095K->1955K(19648K)
[13.145s][info ][gc,heap        ] GC(551) Tenured: 37547K->37938K(43712K)
[13.145s][info ][gc,metaspace   ] GC(551) Metaspace: 16398K->16398K(1064960K)
[13.145s][info ][gc             ] GC(551) Pause Young (Allocation Failure) 55M->38M(61M) 0.682ms
[13.145s][info ][gc,cpu         ] GC(551) User=0.00s Sys=0.00s Real=0.00s
[13.147s][info ][gc,start       ] GC(552) Pause Young (Allocation Failure)
[13.147s][debug][gc,age         ] GC(552) Desired survivor size 1114112 bytes, new threshold 1 (max threshold 15)
[13.147s][info ][gc,heap        ] GC(552) DefNew: 19096K->1955K(19648K)
[13.147s][info ][gc,heap        ] GC(552) Tenured: 37938K->38329K(43712K)
[13.147s][info ][gc,metaspace   ] GC(552) Metaspace: 16398K->16398K(1064960K)
[13.147s][info ][gc             ] GC(552) Pause Young (Allocation Failure) 55M->39M(61M) 0.656ms
[13.147s][info ][gc,cpu         ] GC(552) User=0.00s Sys=0.00s Real=0.00s
[13.149s][info ][gc,start       ] GC(553) Pause Young (Allocation Failure)
[13.149s][debug][gc,age         ] GC(553) Desired survivor size 1114112 bytes, new threshold 1 (max threshold 15)
[13.149s][info ][gc,heap        ] GC(553) DefNew: 19095K->1955K(19648K)
[13.149s][info ][gc,heap        ] GC(553) Tenured: 38329K->39110K(43712K)
[13.149s][info ][gc,metaspace   ] GC(553) Metaspace: 16398K->16398K(1064960K)
[13.149s][info ][gc             ] GC(553) Pause Young (Allocation Failure) 56M->40M(61M) 0.619ms
[13.149s][info ][gc,cpu         ] GC(553) User=0.00s Sys=0.00s Real=0.01s
[13.151s][info ][gc,start       ] GC(554) Pause Young (Allocation Failure)
[13.151s][debug][gc,age         ] GC(554) Desired survivor size 1114112 bytes, new threshold 1 (max threshold 15)
[13.151s][info ][gc,heap        ] GC(554) DefNew: 19095K->1564K(19648K)
[13.151s][info ][gc,heap        ] GC(554) Tenured: 39110K->39110K(43712K)
[13.151s][info ][gc,metaspace   ] GC(554) Metaspace: 16398K->16398K(1064960K)
[13.151s][info ][gc             ] GC(554) Pause Young (Allocation Failure) 56M->39M(61M) 0.681ms
[13.151s][info ][gc,cpu         ] GC(554) User=0.00s Sys=0.00s Real=0.00s
[13.153s][info ][gc,start       ] GC(555) Pause Young (Allocation Failure)
[13.153s][debug][gc,age         ] GC(555) Desired survivor size 1114112 bytes, new threshold 1 (max threshold 15)
[13.153s][info ][gc,heap        ] GC(555) DefNew: 18705K->1955K(19648K)
[13.153s][info ][gc,heap        ] GC(555) Tenured: 39110K->39892K(43712K)
[13.153s][info ][gc,metaspace   ] GC(555) Metaspace: 16398K->16398K(1064960K)
[13.153s][info ][gc             ] GC(555) Pause Young (Allocation Failure) 56M->40M(61M) 0.654ms
[13.153s][info ][gc,cpu         ] GC(555) User=0.00s Sys=0.00s Real=0.00s
[13.154s][info ][gc,start       ] GC(556) Pause Young (Allocation Failure)
[13.155s][debug][gc,age         ] GC(556) Desired survivor size 1114112 bytes, new threshold 1 (max threshold 15)
[13.155s][info ][gc,heap        ] GC(556) DefNew: 19096K->1955K(19648K)
[13.155s][info ][gc,heap        ] GC(556) Tenured: 39892K->40282K(43712K)
[13.155s][info ][gc,metaspace   ] GC(556) Metaspace: 16398K->16398K(1064960K)
[13.155s][info ][gc             ] GC(556) Pause Young (Allocation Failure) 57M->41M(61M) 0.564ms
[13.155s][info ][gc,cpu         ] GC(556) User=0.00s Sys=0.01s Real=0.00s
[13.156s][info ][gc,start       ] GC(557) Pause Young (Allocation Failure)
[13.157s][debug][gc,age         ] GC(557) Desired survivor size 1114112 bytes, new threshold 1 (max threshold 15)
[13.157s][info ][gc,heap        ] GC(557) DefNew: 19096K->1564K(19648K)
[13.157s][info ][gc,heap        ] GC(557) Tenured: 40282K->40282K(43712K)
[13.157s][info ][gc,metaspace   ] GC(557) Metaspace: 16398K->16398K(1064960K)
[13.157s][info ][gc             ] GC(557) Pause Young (Allocation Failure) 57M->40M(61M) 0.471ms
[13.157s][info ][gc,cpu         ] GC(557) User=0.00s Sys=0.00s Real=0.00s
[13.158s][info ][gc,start       ] GC(558) Pause Young (Allocation Failure)
[13.159s][debug][gc,age         ] GC(558) Desired survivor size 1114112 bytes, new threshold 1 (max threshold 15)
[13.159s][info ][gc,heap        ] GC(558) DefNew: 18705K->1955K(19648K)
[13.159s][info ][gc,heap        ] GC(558) Tenured: 40282K->41454K(43712K)
[13.159s][info ][gc,metaspace   ] GC(558) Metaspace: 16398K->16398K(1064960K)
[13.159s][info ][gc             ] GC(558) Pause Young (Allocation Failure) 57M->42M(61M) 0.633ms
[13.159s][info ][gc,cpu         ] GC(558) User=0.01s Sys=0.00s Real=0.00s
[13.160s][info ][gc,start       ] GC(559) Pause Young (Allocation Failure)
[13.161s][debug][gc,age         ] GC(559) Desired survivor size 1114112 bytes, new threshold 1 (max threshold 15)
[13.161s][info ][gc,heap        ] GC(559) DefNew: 19096K->1954K(19648K)
[13.161s][info ][gc,heap        ] GC(559) Tenured: 41454K->41845K(43712K)
[13.161s][info ][gc,metaspace   ] GC(559) Metaspace: 16398K->16398K(1064960K)
[13.161s][info ][gc             ] GC(559) Pause Young (Allocation Failure) 59M->42M(61M) 0.710ms
[13.161s][info ][gc,cpu         ] GC(559) User=0.01s Sys=0.00s Real=0.00s
[13.163s][info ][gc,start       ] GC(560) Pause Young (Allocation Failure)
[13.163s][debug][gc,age         ] GC(560) Desired survivor size 1114112 bytes, new threshold 1 (max threshold 15)
[13.163s][info ][gc,heap        ] GC(560) DefNew: 19095K->1955K(19648K)
[13.163s][info ][gc,heap        ] GC(560) Tenured: 41845K->42236K(43712K)
[13.163s][info ][gc,metaspace   ] GC(560) Metaspace: 16398K->16398K(1064960K)
[13.163s][info ][gc             ] GC(560) Pause Young (Allocation Failure) 59M->43M(61M) 0.560ms
[13.163s][info ][gc,cpu         ] GC(560) User=0.00s Sys=0.00s Real=0.00s
[13.165s][info ][gc,start       ] GC(561) Pause Young (Allocation Failure)
[13.165s][debug][gc,age         ] GC(561) Desired survivor size 1114112 bytes, new threshold 1 (max threshold 15)
[13.165s][info ][gc,heap        ] GC(561) DefNew: 19096K->1955K(19648K)
[13.165s][info ][gc,heap        ] GC(561) Tenured: 42236K->43017K(43712K)
[13.165s][info ][gc,metaspace   ] GC(561) Metaspace: 16398K->16398K(1064960K)
[13.165s][info ][gc             ] GC(561) Pause Young (Allocation Failure) 59M->43M(61M) 0.687ms
[13.165s][info ][gc,cpu         ] GC(561) User=0.00s Sys=0.00s Real=0.00s
[13.167s][info ][gc,start       ] GC(562) Pause Young (Allocation Failure)
[13.167s][info ][gc,start       ] GC(563) Pause Full (Allocation Failure)
[13.167s][info ][gc,phases,start] GC(563) Phase 1: Mark live objects
[13.170s][debug][gc,phases      ] GC(563) Reference Processing 0.040ms
[13.170s][debug][gc,phases      ] GC(563) Weak Processing 0.013ms
[13.170s][debug][gc,phases      ] GC(563) ClassLoaderData 0.024ms
[13.170s][debug][gc,phases      ] GC(563) ProtectionDomainCacheTable 0.002ms
[13.170s][debug][gc,phases      ] GC(563) ResolvedMethodTable 0.015ms
[13.171s][debug][gc,phases      ] GC(563) Class Unloading 0.786ms
[13.171s][debug][gc,phases      ] GC(563) Scrub String Table 0.057ms
[13.172s][debug][gc,phases      ] GC(563) Scrub Symbol Table 1.005ms
[13.172s][info ][gc,phases      ] GC(563) Phase 1: Mark live objects 5.101ms
[13.172s][info ][gc,phases,start] GC(563) Phase 2: Compute new object addresses
[13.173s][info ][gc,phases      ] GC(563) Phase 2: Compute new object addresses 0.910ms
[13.173s][info ][gc,phases,start] GC(563) Phase 3: Adjust pointers
[13.176s][info ][gc,phases      ] GC(563) Phase 3: Adjust pointers 3.699ms
[13.176s][info ][gc,phases,start] GC(563) Phase 4: Move objects
[13.177s][info ][gc,phases      ] GC(563) Phase 4: Move objects 0.430ms
[13.177s][info ][gc             ] GC(563) Pause Full (Allocation Failure) 60M->5M(61M) 10.427ms
[13.177s][info ][gc,heap        ] GC(562) DefNew: 19095K->0K(19648K)
[13.177s][info ][gc,heap        ] GC(562) Tenured: 43017K->5881K(43712K)
[13.177s][info ][gc,metaspace   ] GC(562) Metaspace: 16398K->16398K(1064960K)
[13.177s][info ][gc             ] GC(562) Pause Young (Allocation Failure) 60M->5M(61M) 10.556ms
[13.177s][info ][gc,cpu         ] GC(562) User=0.01s Sys=0.00s Real=0.01s
[13.178s][info ][gc,start       ] GC(564) Pause Young (Allocation Failure)
[13.179s][debug][gc,age         ] GC(564) Desired survivor size 1114112 bytes, new threshold 1 (max threshold 15)
[13.179s][info ][gc,heap        ] GC(564) DefNew: 17140K->1955K(19648K)
[13.179s][info ][gc,heap        ] GC(564) Tenured: 5881K->5881K(43712K)
[13.179s][info ][gc,metaspace   ] GC(564) Metaspace: 16398K->16398K(1064960K)
[13.179s][info ][gc             ] GC(564) Pause Young (Allocation Failure) 22M->7M(61M) 0.591ms
[13.179s][info ][gc,cpu         ] GC(564) User=0.00s Sys=0.00s Real=0.00s
[13.180s][info ][gc,start       ] GC(565) Pause Young (Allocation Failure)
[13.181s][debug][gc,age         ] GC(565) Desired survivor size 1114112 bytes, new threshold 1 (max threshold 15)
[13.181s][info ][gc,heap        ] GC(565) DefNew: 19096K->1955K(19648K)
[13.181s][info ][gc,heap        ] GC(565) Tenured: 5881K->6663K(43712K)
[13.181s][info ][gc,metaspace   ] GC(565) Metaspace: 16398K->16398K(1064960K)
[13.181s][info ][gc             ] GC(565) Pause Young (Allocation Failure) 24M->8M(61M) 0.589ms
[13.181s][info ][gc,cpu         ] GC(565) User=0.00s Sys=0.00s Real=0.00s
[13.182s][info ][gc,start       ] GC(566) Pause Young (Allocation Failure)
[13.183s][debug][gc,age         ] GC(566) Desired survivor size 1114112 bytes, new threshold 15 (max threshold 15)
[13.183s][info ][gc,heap        ] GC(566) DefNew: 19095K->783K(19648K)
[13.183s][info ][gc,heap        ] GC(566) Tenured: 6663K->6663K(43712K)
[13.183s][info ][gc,metaspace   ] GC(566) Metaspace: 16398K->16398K(1064960K)
[13.183s][info ][gc             ] GC(566) Pause Young (Allocation Failure) 25M->7M(61M) 0.393ms
[13.183s][info ][gc,cpu         ] GC(566) User=0.00s Sys=0.00s Real=0.00s
[13.184s][info ][gc,start       ] GC(567) Pause Young (Allocation Failure)
[13.185s][debug][gc,age         ] GC(567) Desired survivor size 1114112 bytes, new threshold 1 (max threshold 15)
[13.185s][info ][gc,heap        ] GC(567) DefNew: 17924K->1955K(19648K)
[13.185s][info ][gc,heap        ] GC(567) Tenured: 6663K->6663K(43712K)
[13.185s][info ][gc,metaspace   ] GC(567) Metaspace: 16398K->16398K(1064960K)
[13.185s][info ][gc             ] GC(567) Pause Young (Allocation Failure) 24M->8M(61M) 0.829ms
[13.185s][info ][gc,cpu         ] GC(567) User=0.00s Sys=0.00s Real=0.00s
[13.186s][info ][gc,start       ] GC(568) Pause Young (Allocation Failure)
[13.187s][debug][gc,age         ] GC(568) Desired survivor size 1114112 bytes, new threshold 1 (max threshold 15)
[13.187s][info ][gc,heap        ] GC(568) DefNew: 19095K->1955K(19648K)
[13.187s][info ][gc,heap        ] GC(568) Tenured: 6663K->7053K(43712K)
[13.187s][info ][gc,metaspace   ] GC(568) Metaspace: 16398K->16398K(1064960K)
[13.187s][info ][gc             ] GC(568) Pause Young (Allocation Failure) 25M->8M(61M) 0.591ms
[13.187s][info ][gc,cpu         ] GC(568) User=0.00s Sys=0.00s Real=0.00s
[13.188s][info ][gc,start       ] GC(569) Pause Young (Allocation Failure)
[13.189s][debug][gc,age         ] GC(569) Desired survivor size 1114112 bytes, new threshold 1 (max threshold 15)
[13.189s][info ][gc,heap        ] GC(569) DefNew: 19096K->1955K(19648K)
[13.189s][info ][gc,heap        ] GC(569) Tenured: 7053K->7835K(43712K)
[13.189s][info ][gc,metaspace   ] GC(569) Metaspace: 16398K->16398K(1064960K)
[13.189s][info ][gc             ] GC(569) Pause Young (Allocation Failure) 25M->9M(61M) 0.566ms
[13.189s][info ][gc,cpu         ] GC(569) User=0.00s Sys=0.00s Real=0.00s
[13.190s][info ][gc,start       ] GC(570) Pause Young (Allocation Failure)
[13.191s][debug][gc,age         ] GC(570) Desired survivor size 1114112 bytes, new threshold 1 (max threshold 15)
[13.191s][info ][gc,heap        ] GC(570) DefNew: 19096K->1955K(19648K)
[13.191s][info ][gc,heap        ] GC(570) Tenured: 7835K->7835K(43712K)
[13.191s][info ][gc,metaspace   ] GC(570) Metaspace: 16398K->16398K(1064960K)
[13.191s][info ][gc             ] GC(570) Pause Young (Allocation Failure) 26M->9M(61M) 0.595ms
[13.191s][info ][gc,cpu         ] GC(570) User=0.00s Sys=0.00s Real=0.00s
[13.192s][info ][gc,start       ] GC(571) Pause Young (Allocation Failure)
[13.192s][debug][gc,age         ] GC(571) Desired survivor size 1114112 bytes, new threshold 1 (max threshold 15)
[13.192s][info ][gc,heap        ] GC(571) DefNew: 19095K->1564K(19648K)
[13.192s][info ][gc,heap        ] GC(571) Tenured: 7835K->7835K(43712K)
[13.192s][info ][gc,metaspace   ] GC(571) Metaspace: 16398K->16398K(1064960K)
[13.192s][info ][gc             ] GC(571) Pause Young (Allocation Failure) 26M->9M(61M) 0.531ms
[13.192s][info ][gc,cpu         ] GC(571) User=0.00s Sys=0.00s Real=0.00s
[13.194s][info ][gc,start       ] GC(572) Pause Young (Allocation Failure)
[13.194s][debug][gc,age         ] GC(572) Desired survivor size 1114112 bytes, new threshold 1 (max threshold 15)
[13.194s][info ][gc,heap        ] GC(572) DefNew: 18705K->1955K(19648K)
[13.194s][info ][gc,heap        ] GC(572) Tenured: 7835K->7835K(43712K)
[13.194s][info ][gc,metaspace   ] GC(572) Metaspace: 16398K->16398K(1064960K)
[13.194s][info ][gc             ] GC(572) Pause Young (Allocation Failure) 25M->9M(61M) 0.598ms
[13.194s][info ][gc,cpu         ] GC(572) User=0.00s Sys=0.00s Real=0.00s
[13.196s][info ][gc,start       ] GC(573) Pause Young (Allocation Failure)
[13.196s][debug][gc,age         ] GC(573) Desired survivor size 1114112 bytes, new threshold 1 (max threshold 15)
[13.196s][info ][gc,heap        ] GC(573) DefNew: 19095K->1174K(19648K)
[13.196s][info ][gc,heap        ] GC(573) Tenured: 7835K->7835K(43712K)
[13.196s][info ][gc,metaspace   ] GC(573) Metaspace: 16398K->16398K(1064960K)
[13.196s][info ][gc             ] GC(573) Pause Young (Allocation Failure) 26M->8M(61M) 0.510ms
[13.196s][info ][gc,cpu         ] GC(573) User=0.00s Sys=0.00s Real=0.00s
[13.198s][info ][gc,start       ] GC(574) Pause Young (Allocation Failure)
[13.198s][debug][gc,age         ] GC(574) Desired survivor size 1114112 bytes, new threshold 1 (max threshold 15)
[13.198s][info ][gc,heap        ] GC(574) DefNew: 18314K->1955K(19648K)
[13.198s][info ][gc,heap        ] GC(574) Tenured: 7835K->8616K(43712K)
[13.198s][info ][gc,metaspace   ] GC(574) Metaspace: 16398K->16398K(1064960K)
[13.198s][info ][gc             ] GC(574) Pause Young (Allocation Failure) 25M->10M(61M) 0.617ms
[13.198s][info ][gc,cpu         ] GC(574) User=0.00s Sys=0.00s Real=0.00s
[13.200s][info ][gc,start       ] GC(575) Pause Young (Allocation Failure)
[13.200s][debug][gc,age         ] GC(575) Desired survivor size 1114112 bytes, new threshold 1 (max threshold 15)
[13.200s][info ][gc,heap        ] GC(575) DefNew: 19096K->1955K(19648K)
[13.200s][info ][gc,heap        ] GC(575) Tenured: 8616K->8616K(43712K)
[13.200s][info ][gc,metaspace   ] GC(575) Metaspace: 16398K->16398K(1064960K)
[13.200s][info ][gc             ] GC(575) Pause Young (Allocation Failure) 27M->10M(61M) 0.649ms
[13.200s][info ][gc,cpu         ] GC(575) User=0.00s Sys=0.00s Real=0.00s
[13.202s][info ][gc,start       ] GC(576) Pause Young (Allocation Failure)
[13.202s][debug][gc,age         ] GC(576) Desired survivor size 1114112 bytes, new threshold 1 (max threshold 15)
[13.202s][info ][gc,heap        ] GC(576) DefNew: 19096K->1955K(19648K)
[13.202s][info ][gc,heap        ] GC(576) Tenured: 8616K->9007K(43712K)
[13.202s][info ][gc,metaspace   ] GC(576) Metaspace: 16398K->16398K(1064960K)
[13.202s][info ][gc             ] GC(576) Pause Young (Allocation Failure) 27M->10M(61M) 0.616ms
[13.202s][info ][gc,cpu         ] GC(576) User=0.01s Sys=0.00s Real=0.00s
[13.203s][info ][gc,start       ] GC(577) Pause Young (Allocation Failure)
[13.204s][debug][gc,age         ] GC(577) Desired survivor size 1114112 bytes, new threshold 1 (max threshold 15)
[13.204s][info ][gc,heap        ] GC(577) DefNew: 19096K->1955K(19648K)
[13.204s][info ][gc,heap        ] GC(577) Tenured: 9007K->10179K(43712K)
[13.204s][info ][gc,metaspace   ] GC(577) Metaspace: 16398K->16398K(1064960K)
[13.204s][info ][gc             ] GC(577) Pause Young (Allocation Failure) 27M->11M(61M) 0.650ms
[13.204s][info ][gc,cpu         ] GC(577) User=0.00s Sys=0.00s Real=0.00s
[13.206s][info ][gc,start       ] GC(578) Pause Young (Allocation Failure)
[13.206s][debug][gc,age         ] GC(578) Desired survivor size 1114112 bytes, new threshold 1 (max threshold 15)
[13.206s][info ][gc,heap        ] GC(578) DefNew: 19096K->1955K(19648K)
[13.206s][info ][gc,heap        ] GC(578) Tenured: 10179K->10179K(43712K)
[13.206s][info ][gc,metaspace   ] GC(578) Metaspace: 16398K->16398K(1064960K)
[13.206s][info ][gc             ] GC(578) Pause Young (Allocation Failure) 28M->11M(61M) 0.522ms
[13.206s][info ][gc,cpu         ] GC(578) User=0.00s Sys=0.00s Real=0.00s
[13.207s][info ][gc,start       ] GC(579) Pause Young (Allocation Failure)
[13.208s][debug][gc,age         ] GC(579) Desired survivor size 1114112 bytes, new threshold 1 (max threshold 15)
[13.208s][info ][gc,heap        ] GC(579) DefNew: 19096K->1955K(19648K)
[13.208s][info ][gc,heap        ] GC(579) Tenured: 10179K->10569K(43712K)
[13.208s][info ][gc,metaspace   ] GC(579) Metaspace: 16398K->16398K(1064960K)
[13.208s][info ][gc             ] GC(579) Pause Young (Allocation Failure) 28M->12M(61M) 0.536ms
[13.208s][info ][gc,cpu         ] GC(579) User=0.00s Sys=0.00s Real=0.00s
[13.209s][info ][gc,start       ] GC(580) Pause Young (Allocation Failure)
[13.210s][debug][gc,age         ] GC(580) Desired survivor size 1114112 bytes, new threshold 1 (max threshold 15)
[13.210s][info ][gc,heap        ] GC(580) DefNew: 19096K->1955K(19648K)
[13.210s][info ][gc,heap        ] GC(580) Tenured: 10569K->11350K(43712K)
[13.210s][info ][gc,metaspace   ] GC(580) Metaspace: 16398K->16398K(1064960K)
[13.210s][info ][gc             ] GC(580) Pause Young (Allocation Failure) 28M->12M(61M) 0.774ms
[13.210s][info ][gc,cpu         ] GC(580) User=0.00s Sys=0.00s Real=0.00s
[13.211s][info ][gc,start       ] GC(581) Pause Young (Allocation Failure)
[13.212s][debug][gc,age         ] GC(581) Desired survivor size 1114112 bytes, new threshold 1 (max threshold 15)
[13.212s][info ][gc,heap        ] GC(581) DefNew: 19096K->1955K(19648K)
[13.212s][info ][gc,heap        ] GC(581) Tenured: 11350K->11741K(43712K)
[13.212s][info ][gc,metaspace   ] GC(581) Metaspace: 16398K->16398K(1064960K)
[13.212s][info ][gc             ] GC(581) Pause Young (Allocation Failure) 29M->13M(61M) 0.725ms
[13.212s][info ][gc,cpu         ] GC(581) User=0.00s Sys=0.00s Real=0.00s
[13.213s][info ][gc,start       ] GC(582) Pause Young (Allocation Failure)
[13.214s][debug][gc,age         ] GC(582) Desired survivor size 1114112 bytes, new threshold 1 (max threshold 15)
[13.214s][info ][gc,heap        ] GC(582) DefNew: 19095K->1955K(19648K)
[13.214s][info ][gc,heap        ] GC(582) Tenured: 11741K->12522K(43712K)
[13.214s][info ][gc,metaspace   ] GC(582) Metaspace: 16398K->16398K(1064960K)
[13.214s][info ][gc             ] GC(582) Pause Young (Allocation Failure) 30M->14M(61M) 0.666ms
[13.214s][info ][gc,cpu         ] GC(582) User=0.00s Sys=0.01s Real=0.00s
[13.215s][info ][gc,start       ] GC(583) Pause Young (Allocation Failure)
[13.216s][debug][gc,age         ] GC(583) Desired survivor size 1114112 bytes, new threshold 1 (max threshold 15)
[13.216s][info ][gc,heap        ] GC(583) DefNew: 19096K->1955K(19648K)
[13.216s][info ][gc,heap        ] GC(583) Tenured: 12522K->12522K(43712K)
[13.216s][info ][gc,metaspace   ] GC(583) Metaspace: 16398K->16398K(1064960K)
[13.216s][info ][gc             ] GC(583) Pause Young (Allocation Failure) 30M->14M(61M) 0.614ms
[13.216s][info ][gc,cpu         ] GC(583) User=0.00s Sys=0.00s Real=0.00s
[13.217s][info ][gc,start       ] GC(584) Pause Young (Allocation Failure)
[13.218s][debug][gc,age         ] GC(584) Desired survivor size 1114112 bytes, new threshold 1 (max threshold 15)
[13.218s][info ][gc,heap        ] GC(584) DefNew: 19096K->1955K(19648K)
[13.218s][info ][gc,heap        ] GC(584) Tenured: 12522K->12913K(43712K)
[13.218s][info ][gc,metaspace   ] GC(584) Metaspace: 16398K->16398K(1064960K)
[13.218s][info ][gc             ] GC(584) Pause Young (Allocation Failure) 30M->14M(61M) 0.858ms
[13.218s][info ][gc,cpu         ] GC(584) User=0.00s Sys=0.00s Real=0.00s
[13.220s][info ][gc,start       ] GC(585) Pause Young (Allocation Failure)
[13.220s][debug][gc,age         ] GC(585) Desired survivor size 1114112 bytes, new threshold 1 (max threshold 15)
[13.220s][info ][gc,heap        ] GC(585) DefNew: 19096K->1955K(19648K)
[13.220s][info ][gc,heap        ] GC(585) Tenured: 12913K->12913K(43712K)
[13.220s][info ][gc,metaspace   ] GC(585) Metaspace: 16398K->16398K(1064960K)
[13.220s][info ][gc             ] GC(585) Pause Young (Allocation Failure) 31M->14M(61M) 0.620ms
[13.220s][info ][gc,cpu         ] GC(585) User=0.00s Sys=0.00s Real=0.00s
[13.222s][info ][gc,start       ] GC(586) Pause Young (Allocation Failure)
[13.222s][debug][gc,age         ] GC(586) Desired survivor size 1114112 bytes, new threshold 1 (max threshold 15)
[13.222s][info ][gc,heap        ] GC(586) DefNew: 19096K->1955K(19648K)
[13.222s][info ][gc,heap        ] GC(586) Tenured: 12913K->14866K(43712K)
[13.222s][info ][gc,metaspace   ] GC(586) Metaspace: 16398K->16398K(1064960K)
[13.222s][info ][gc             ] GC(586) Pause Young (Allocation Failure) 31M->16M(61M) 0.722ms
[13.222s][info ][gc,cpu         ] GC(586) User=0.00s Sys=0.00s Real=0.00s
[13.224s][info ][gc,start       ] GC(587) Pause Young (Allocation Failure)
[13.224s][debug][gc,age         ] GC(587) Desired survivor size 1114112 bytes, new threshold 1 (max threshold 15)
[13.224s][info ][gc,heap        ] GC(587) DefNew: 19095K->1564K(19648K)
[13.224s][info ][gc,heap        ] GC(587) Tenured: 14866K->14866K(43712K)
[13.224s][info ][gc,metaspace   ] GC(587) Metaspace: 16398K->16398K(1064960K)
[13.224s][info ][gc             ] GC(587) Pause Young (Allocation Failure) 33M->16M(61M) 0.468ms
[13.224s][info ][gc,cpu         ] GC(587) User=0.00s Sys=0.00s Real=0.00s
[13.226s][info ][gc,start       ] GC(588) Pause Young (Allocation Failure)
[13.226s][debug][gc,age         ] GC(588) Desired survivor size 1114112 bytes, new threshold 1 (max threshold 15)
[13.226s][info ][gc,heap        ] GC(588) DefNew: 18705K->1955K(19648K)
[13.226s][info ][gc,heap        ] GC(588) Tenured: 14866K->15648K(43712K)
[13.226s][info ][gc,metaspace   ] GC(588) Metaspace: 16398K->16398K(1064960K)
[13.226s][info ][gc             ] GC(588) Pause Young (Allocation Failure) 32M->17M(61M) 0.833ms
[13.226s][info ][gc,cpu         ] GC(588) User=0.00s Sys=0.00s Real=0.00s
[13.228s][info ][gc,start       ] GC(589) Pause Young (Allocation Failure)
[13.229s][debug][gc,age         ] GC(589) Desired survivor size 1114112 bytes, new threshold 1 (max threshold 15)
[13.229s][info ][gc,heap        ] GC(589) DefNew: 19096K->1955K(19648K)
[13.229s][info ][gc,heap        ] GC(589) Tenured: 15648K->16429K(43712K)
[13.229s][info ][gc,metaspace   ] GC(589) Metaspace: 16398K->16398K(1064960K)
[13.229s][info ][gc             ] GC(589) Pause Young (Allocation Failure) 33M->17M(61M) 0.753ms
[13.229s][info ][gc,cpu         ] GC(589) User=0.00s Sys=0.00s Real=0.00s
[13.230s][info ][gc,start       ] GC(590) Pause Young (Allocation Failure)
[13.231s][debug][gc,age         ] GC(590) Desired survivor size 1114112 bytes, new threshold 1 (max threshold 15)
[13.231s][info ][gc,heap        ] GC(590) DefNew: 19096K->1955K(19648K)
[13.231s][info ][gc,heap        ] GC(590) Tenured: 16429K->17601K(43712K)
[13.231s][info ][gc,metaspace   ] GC(590) Metaspace: 16398K->16398K(1064960K)
[13.231s][info ][gc             ] GC(590) Pause Young (Allocation Failure) 34M->19M(61M) 0.769ms
[13.231s][info ][gc,cpu         ] GC(590) User=0.00s Sys=0.00s Real=0.00s
[13.232s][info ][gc,start       ] GC(591) Pause Young (Allocation Failure)
[13.233s][debug][gc,age         ] GC(591) Desired survivor size 1114112 bytes, new threshold 1 (max threshold 15)
[13.233s][info ][gc,heap        ] GC(591) DefNew: 19096K->1955K(19648K)
[13.233s][info ][gc,heap        ] GC(591) Tenured: 17601K->18773K(43712K)
[13.233s][info ][gc,metaspace   ] GC(591) Metaspace: 16398K->16398K(1064960K)
[13.233s][info ][gc             ] GC(591) Pause Young (Allocation Failure) 35M->20M(61M) 0.692ms
[13.233s][info ][gc,cpu         ] GC(591) User=0.00s Sys=0.00s Real=0.00s
[13.234s][info ][gc,start       ] GC(592) Pause Young (Allocation Failure)
[13.235s][debug][gc,age         ] GC(592) Desired survivor size 1114112 bytes, new threshold 1 (max threshold 15)
[13.235s][info ][gc,heap        ] GC(592) DefNew: 19096K->1564K(19648K)
[13.235s][info ][gc,heap        ] GC(592) Tenured: 18773K->18773K(43712K)
[13.235s][info ][gc,metaspace   ] GC(592) Metaspace: 16398K->16398K(1064960K)
[13.235s][info ][gc             ] GC(592) Pause Young (Allocation Failure) 36M->19M(61M) 0.496ms
[13.235s][info ][gc,cpu         ] GC(592) User=0.00s Sys=0.00s Real=0.00s
[13.236s][info ][gc,start       ] GC(593) Pause Young (Allocation Failure)
[13.237s][debug][gc,age         ] GC(593) Desired survivor size 1114112 bytes, new threshold 1 (max threshold 15)
[13.237s][info ][gc,heap        ] GC(593) DefNew: 18705K->1955K(19648K)
[13.237s][info ][gc,heap        ] GC(593) Tenured: 18773K->19164K(43712K)
[13.237s][info ][gc,metaspace   ] GC(593) Metaspace: 16398K->16398K(1064960K)
[13.237s][info ][gc             ] GC(593) Pause Young (Allocation Failure) 36M->20M(61M) 0.895ms
[13.237s][info ][gc,cpu         ] GC(593) User=0.00s Sys=0.00s Real=0.00s
[13.238s][info ][gc,start       ] GC(594) Pause Young (Allocation Failure)
[13.239s][debug][gc,age         ] GC(594) Desired survivor size 1114112 bytes, new threshold 1 (max threshold 15)
[13.239s][info ][gc,heap        ] GC(594) DefNew: 19427K->1173K(19648K)
[13.239s][info ][gc,heap        ] GC(594) Tenured: 19164K->19164K(43712K)
[13.239s][info ][gc,metaspace   ] GC(594) Metaspace: 16398K->16398K(1064960K)
[13.239s][info ][gc             ] GC(594) Pause Young (Allocation Failure) 37M->19M(61M) 0.467ms
[13.239s][info ][gc,cpu         ] GC(594) User=0.00s Sys=0.00s Real=0.00s
[13.240s][info ][gc,start       ] GC(595) Pause Young (Allocation Failure)
[13.241s][debug][gc,age         ] GC(595) Desired survivor size 1114112 bytes, new threshold 1 (max threshold 15)
[13.241s][info ][gc,heap        ] GC(595) DefNew: 18618K->1564K(19648K)
[13.241s][info ][gc,heap        ] GC(595) Tenured: 19164K->19165K(43712K)
[13.241s][info ][gc,metaspace   ] GC(595) Metaspace: 16398K->16398K(1064960K)
[13.241s][info ][gc             ] GC(595) Pause Young (Allocation Failure) 36M->20M(61M) 0.606ms
[13.241s][info ][gc,cpu         ] GC(595) User=0.00s Sys=0.00s Real=0.00s
[13.242s][info ][gc,start       ] GC(596) Pause Young (Allocation Failure)
[13.243s][debug][gc,age         ] GC(596) Desired survivor size 1114112 bytes, new threshold 1 (max threshold 15)
[13.243s][info ][gc,heap        ] GC(596) DefNew: 18753K->1955K(19648K)
[13.243s][info ][gc,heap        ] GC(596) Tenured: 19165K->19946K(43712K)
[13.243s][info ][gc,metaspace   ] GC(596) Metaspace: 16398K->16398K(1064960K)
[13.243s][info ][gc             ] GC(596) Pause Young (Allocation Failure) 37M->21M(61M) 0.878ms
[13.243s][info ][gc,cpu         ] GC(596) User=0.00s Sys=0.00s Real=0.00s
[13.245s][info ][gc,start       ] GC(597) Pause Young (Allocation Failure)
[13.245s][debug][gc,age         ] GC(597) Desired survivor size 1114112 bytes, new threshold 1 (max threshold 15)
[13.245s][info ][gc,heap        ] GC(597) DefNew: 19127K->1564K(19648K)
[13.245s][info ][gc,heap        ] GC(597) Tenured: 19946K->20728K(43712K)
[13.245s][info ][gc,metaspace   ] GC(597) Metaspace: 16398K->16398K(1064960K)
[13.245s][info ][gc             ] GC(597) Pause Young (Allocation Failure) 38M->21M(61M) 0.618ms
[13.245s][info ][gc,cpu         ] GC(597) User=0.00s Sys=0.00s Real=0.00s
[13.247s][info ][gc,start       ] GC(598) Pause Young (Allocation Failure)
[13.247s][debug][gc,age         ] GC(598) Desired survivor size 1114112 bytes, new threshold 1 (max threshold 15)
[13.247s][info ][gc,heap        ] GC(598) DefNew: 18724K->1955K(19648K)
[13.247s][info ][gc,heap        ] GC(598) Tenured: 20728K->21900K(43712K)
[13.247s][info ][gc,metaspace   ] GC(598) Metaspace: 16398K->16398K(1064960K)
[13.247s][info ][gc             ] GC(598) Pause Young (Allocation Failure) 38M->23M(61M) 0.783ms
[13.247s][info ][gc,cpu         ] GC(598) User=0.00s Sys=0.00s Real=0.00s
[13.249s][info ][gc,start       ] GC(599) Pause Young (Allocation Failure)
[13.249s][debug][gc,age         ] GC(599) Desired survivor size 1114112 bytes, new threshold 1 (max threshold 15)
[13.249s][info ][gc,heap        ] GC(599) DefNew: 19058K->1955K(19648K)
[13.249s][info ][gc,heap        ] GC(599) Tenured: 21900K->22291K(43712K)
[13.249s][info ][gc,metaspace   ] GC(599) Metaspace: 16398K->16398K(1064960K)
[13.249s][info ][gc             ] GC(599) Pause Young (Allocation Failure) 39M->23M(61M) 0.570ms
[13.249s][info ][gc,cpu         ] GC(599) User=0.00s Sys=0.00s Real=0.00s
[13.251s][info ][gc,start       ] GC(600) Pause Young (Allocation Failure)
[13.251s][debug][gc,age         ] GC(600) Desired survivor size 1114112 bytes, new threshold 1 (max threshold 15)
[13.251s][info ][gc,heap        ] GC(600) DefNew: 19084K->1564K(19648K)
[13.251s][info ][gc,heap        ] GC(600) Tenured: 22291K->22291K(43712K)
[13.251s][info ][gc,metaspace   ] GC(600) Metaspace: 16398K->16398K(1064960K)
[13.251s][info ][gc             ] GC(600) Pause Young (Allocation Failure) 40M->23M(61M) 0.576ms
[13.251s][info ][gc,cpu         ] GC(600) User=0.00s Sys=0.00s Real=0.00s
[13.254s][info ][gc,start       ] GC(601) Pause Young (Allocation Failure)
[13.255s][debug][gc,age         ] GC(601) Desired survivor size 1114112 bytes, new threshold 15 (max threshold 15)
[13.255s][info ][gc,heap        ] GC(601) DefNew: 19025K->392K(19648K)
[13.255s][info ][gc,heap        ] GC(601) Tenured: 22291K->23073K(43712K)
[13.255s][info ][gc,metaspace   ] GC(601) Metaspace: 16398K->16398K(1064960K)
[13.255s][info ][gc             ] GC(601) Pause Young (Allocation Failure) 40M->22M(61M) 0.773ms
[13.255s][info ][gc,cpu         ] GC(601) User=0.00s Sys=0.00s Real=0.00s
[13.256s][info ][gc,start       ] GC(602) Pause Young (Allocation Failure)
[13.257s][debug][gc,age         ] GC(602) Desired survivor size 1114112 bytes, new threshold 15 (max threshold 15)
[13.257s][info ][gc,heap        ] GC(602) DefNew: 17474K->783K(19648K)
[13.257s][info ][gc,heap        ] GC(602) Tenured: 23073K->23073K(43712K)
[13.257s][info ][gc,metaspace   ] GC(602) Metaspace: 16398K->16398K(1064960K)
[13.257s][info ][gc             ] GC(602) Pause Young (Allocation Failure) 39M->23M(61M) 0.551ms
[13.257s][info ][gc,cpu         ] GC(602) User=0.00s Sys=0.00s Real=0.00s
[13.259s][info ][gc,start       ] GC(603) Pause Young (Allocation Failure)
[13.259s][debug][gc,age         ] GC(603) Desired survivor size 1114112 bytes, new threshold 1 (max threshold 15)
[13.259s][info ][gc,heap        ] GC(603) DefNew: 17894K->1955K(19648K)
[13.259s][info ][gc,heap        ] GC(603) Tenured: 23073K->23073K(43712K)
[13.260s][info ][gc,metaspace   ] GC(603) Metaspace: 16398K->16398K(1064960K)
[13.260s][info ][gc             ] GC(603) Pause Young (Allocation Failure) 40M->24M(61M) 0.864ms
[13.260s][info ][gc,cpu         ] GC(603) User=0.00s Sys=0.00s Real=0.01s
[13.261s][info ][gc,start       ] GC(604) Pause Young (Allocation Failure)
[13.262s][debug][gc,age         ] GC(604) Desired survivor size 1114112 bytes, new threshold 1 (max threshold 15)
[13.262s][info ][gc,heap        ] GC(604) DefNew: 19068K->1954K(19648K)
[13.262s][info ][gc,heap        ] GC(604) Tenured: 23073K->23074K(43712K)
[13.262s][info ][gc,metaspace   ] GC(604) Metaspace: 16398K->16398K(1064960K)
[13.262s][info ][gc             ] GC(604) Pause Young (Allocation Failure) 41M->24M(61M) 0.875ms
[13.262s][info ][gc,cpu         ] GC(604) User=0.00s Sys=0.00s Real=0.00s
[13.263s][info ][gc,start       ] GC(605) Pause Young (Allocation Failure)
[13.264s][debug][gc,age         ] GC(605) Desired survivor size 1114112 bytes, new threshold 1 (max threshold 15)
[13.264s][info ][gc,heap        ] GC(605) DefNew: 19189K->1955K(19648K)
[13.264s][info ][gc,heap        ] GC(605) Tenured: 23074K->23074K(43712K)
[13.264s][info ][gc,metaspace   ] GC(605) Metaspace: 16398K->16398K(1064960K)
[13.264s][info ][gc             ] GC(605) Pause Young (Allocation Failure) 41M->24M(61M) 0.532ms
[13.264s][info ][gc,cpu         ] GC(605) User=0.00s Sys=0.00s Real=0.00s
[13.265s][info ][gc,start       ] GC(606) Pause Young (Allocation Failure)
[13.266s][debug][gc,age         ] GC(606) Desired survivor size 1114112 bytes, new threshold 1 (max threshold 15)
[13.266s][info ][gc,heap        ] GC(606) DefNew: 19156K->1955K(19648K)
[13.266s][info ][gc,heap        ] GC(606) Tenured: 23074K->23464K(43712K)
[13.266s][info ][gc,metaspace   ] GC(606) Metaspace: 16398K->16398K(1064960K)
[13.266s][info ][gc             ] GC(606) Pause Young (Allocation Failure) 41M->24M(61M) 0.716ms
[13.266s][info ][gc,cpu         ] GC(606) User=0.00s Sys=0.00s Real=0.00s
[13.267s][info ][gc,start       ] GC(607) Pause Young (Allocation Failure)
[13.268s][debug][gc,age         ] GC(607) Desired survivor size 1114112 bytes, new threshold 1 (max threshold 15)
[13.268s][info ][gc,heap        ] GC(607) DefNew: 19134K->1955K(19648K)
[13.268s][info ][gc,heap        ] GC(607) Tenured: 23464K->23855K(43712K)
[13.268s][info ][gc,metaspace   ] GC(607) Metaspace: 16398K->16398K(1064960K)
[13.268s][info ][gc             ] GC(607) Pause Young (Allocation Failure) 41M->25M(61M) 0.708ms
[13.268s][info ][gc,cpu         ] GC(607) User=0.00s Sys=0.00s Real=0.00s
[13.270s][info ][gc,start       ] GC(608) Pause Young (Allocation Failure)
[13.270s][debug][gc,age         ] GC(608) Desired survivor size 1114112 bytes, new threshold 1 (max threshold 15)
[13.270s][info ][gc,heap        ] GC(608) DefNew: 19120K->1955K(19648K)
[13.270s][info ][gc,heap        ] GC(608) Tenured: 23855K->23855K(43712K)
[13.270s][info ][gc,metaspace   ] GC(608) Metaspace: 16398K->16398K(1064960K)
[13.270s][info ][gc             ] GC(608) Pause Young (Allocation Failure) 41M->25M(61M) 0.598ms
[13.270s][info ][gc,cpu         ] GC(608) User=0.00s Sys=0.00s Real=0.00s
[13.271s][info ][gc,start       ] GC(609) Pause Young (Allocation Failure)
[13.272s][debug][gc,age         ] GC(609) Desired survivor size 1114112 bytes, new threshold 1 (max threshold 15)
[13.272s][info ][gc,heap        ] GC(609) DefNew: 19111K->1564K(19648K)
[13.272s][info ][gc,heap        ] GC(609) Tenured: 23855K->23855K(43712K)
[13.272s][info ][gc,metaspace   ] GC(609) Metaspace: 16398K->16398K(1064960K)
[13.272s][info ][gc             ] GC(609) Pause Young (Allocation Failure) 41M->24M(61M) 0.466ms
[13.272s][info ][gc,cpu         ] GC(609) User=0.00s Sys=0.00s Real=0.00s
[13.273s][info ][gc,start       ] GC(610) Pause Young (Allocation Failure)
[13.274s][debug][gc,age         ] GC(610) Desired survivor size 1114112 bytes, new threshold 1 (max threshold 15)
[13.274s][info ][gc,heap        ] GC(610) DefNew: 18715K->1955K(19648K)
[13.274s][info ][gc,heap        ] GC(610) Tenured: 23855K->24637K(43712K)
[13.274s][info ][gc,metaspace   ] GC(610) Metaspace: 16398K->16398K(1064960K)
[13.274s][info ][gc             ] GC(610) Pause Young (Allocation Failure) 41M->25M(61M) 0.631ms
[13.274s][info ][gc,cpu         ] GC(610) User=0.00s Sys=0.00s Real=0.00s
[13.275s][info ][gc,start       ] GC(611) Pause Young (Allocation Failure)
[13.276s][debug][gc,age         ] GC(611) Desired survivor size 1114112 bytes, new threshold 1 (max threshold 15)
[13.276s][info ][gc,heap        ] GC(611) DefNew: 19102K->1955K(19648K)
[13.276s][info ][gc,heap        ] GC(611) Tenured: 24637K->25027K(43712K)
[13.276s][info ][gc,metaspace   ] GC(611) Metaspace: 16398K->16398K(1064960K)
[13.276s][info ][gc             ] GC(611) Pause Young (Allocation Failure) 42M->26M(61M) 0.786ms
[13.276s][info ][gc,cpu         ] GC(611) User=0.00s Sys=0.00s Real=0.00s
[13.278s][info ][gc,start       ] GC(612) Pause Young (Allocation Failure)
[13.278s][debug][gc,age         ] GC(612) Desired survivor size 1114112 bytes, new threshold 1 (max threshold 15)
[13.278s][info ][gc,heap        ] GC(612) DefNew: 19056K->1955K(19648K)
[13.278s][info ][gc,heap        ] GC(612) Tenured: 25027K->25027K(43712K)
[13.278s][info ][gc,metaspace   ] GC(612) Metaspace: 16398K->16398K(1064960K)
[13.278s][info ][gc             ] GC(612) Pause Young (Allocation Failure) 43M->26M(61M) 0.613ms
[13.278s][info ][gc,cpu         ] GC(612) User=0.00s Sys=0.00s Real=0.00s
[13.280s][info ][gc,start       ] GC(613) Pause Young (Allocation Failure)
[13.280s][debug][gc,age         ] GC(613) Desired survivor size 1114112 bytes, new threshold 1 (max threshold 15)
[13.280s][info ][gc,heap        ] GC(613) DefNew: 19114K->1955K(19648K)
[13.280s][info ][gc,heap        ] GC(613) Tenured: 25027K->26199K(43712K)
[13.280s][info ][gc,metaspace   ] GC(613) Metaspace: 16398K->16398K(1064960K)
[13.280s][info ][gc             ] GC(613) Pause Young (Allocation Failure) 43M->27M(61M) 0.878ms
[13.280s][info ][gc,cpu         ] GC(613) User=0.00s Sys=0.00s Real=0.00s
[13.282s][info ][gc,start       ] GC(614) Pause Young (Allocation Failure)
[13.282s][debug][gc,age         ] GC(614) Desired survivor size 1114112 bytes, new threshold 1 (max threshold 15)
[13.282s][info ][gc,heap        ] GC(614) DefNew: 19108K->1955K(19648K)
[13.282s][info ][gc,heap        ] GC(614) Tenured: 26199K->27372K(43712K)
[13.282s][info ][gc,metaspace   ] GC(614) Metaspace: 16398K->16398K(1064960K)
[13.282s][info ][gc             ] GC(614) Pause Young (Allocation Failure) 44M->28M(61M) 0.690ms
[13.283s][info ][gc,cpu         ] GC(614) User=0.00s Sys=0.00s Real=0.00s
[13.284s][info ][gc,start       ] GC(615) Pause Young (Allocation Failure)
[13.285s][debug][gc,age         ] GC(615) Desired survivor size 1114112 bytes, new threshold 1 (max threshold 15)
[13.285s][info ][gc,heap        ] GC(615) DefNew: 19103K->1955K(19648K)
[13.285s][info ][gc,heap        ] GC(615) Tenured: 27372K->28543K(43712K)
[13.285s][info ][gc,metaspace   ] GC(615) Metaspace: 16398K->16398K(1064960K)
[13.285s][info ][gc             ] GC(615) Pause Young (Allocation Failure) 45M->29M(61M) 0.833ms
[13.285s][info ][gc,cpu         ] GC(615) User=0.00s Sys=0.00s Real=0.00s
[13.286s][info ][gc,start       ] GC(616) Pause Young (Allocation Failure)
[13.287s][debug][gc,age         ] GC(616) Desired survivor size 1114112 bytes, new threshold 1 (max threshold 15)
[13.287s][info ][gc,heap        ] GC(616) DefNew: 19100K->1955K(19648K)
[13.287s][info ][gc,heap        ] GC(616) Tenured: 28543K->29716K(43712K)
[13.287s][info ][gc,metaspace   ] GC(616) Metaspace: 16398K->16398K(1064960K)
[13.287s][info ][gc             ] GC(616) Pause Young (Allocation Failure) 46M->30M(61M) 0.861ms
[13.287s][info ][gc,cpu         ] GC(616) User=0.00s Sys=0.00s Real=0.00s
[13.288s][info ][gc,start       ] GC(617) Pause Young (Allocation Failure)
[13.289s][debug][gc,age         ] GC(617) Desired survivor size 1114112 bytes, new threshold 1 (max threshold 15)
[13.289s][info ][gc,heap        ] GC(617) DefNew: 19099K->1955K(19648K)
[13.289s][info ][gc,heap        ] GC(617) Tenured: 29716K->30497K(43712K)
[13.289s][info ][gc,metaspace   ] GC(617) Metaspace: 16398K->16398K(1064960K)
[13.289s][info ][gc             ] GC(617) Pause Young (Allocation Failure) 47M->31M(61M) 0.591ms
[13.289s][info ][gc,cpu         ] GC(617) User=0.00s Sys=0.00s Real=0.00s
[13.290s][info ][gc,start       ] GC(618) Pause Young (Allocation Failure)
[13.291s][debug][gc,age         ] GC(618) Desired survivor size 1114112 bytes, new threshold 1 (max threshold 15)
[13.291s][info ][gc,heap        ] GC(618) DefNew: 19098K->1564K(19648K)
[13.291s][info ][gc,heap        ] GC(618) Tenured: 30497K->30497K(43712K)
[13.291s][info ][gc,metaspace   ] GC(618) Metaspace: 16398K->16398K(1064960K)
[13.291s][info ][gc             ] GC(618) Pause Young (Allocation Failure) 48M->31M(61M) 0.511ms
[13.291s][info ][gc,cpu         ] GC(618) User=0.00s Sys=0.00s Real=0.00s
[13.292s][info ][gc,start       ] GC(619) Pause Young (Allocation Failure)
[13.293s][debug][gc,age         ] GC(619) Desired survivor size 1114112 bytes, new threshold 1 (max threshold 15)
[13.293s][info ][gc,heap        ] GC(619) DefNew: 18706K->1955K(19648K)
[13.293s][info ][gc,heap        ] GC(619) Tenured: 30497K->30497K(43712K)
[13.293s][info ][gc,metaspace   ] GC(619) Metaspace: 16398K->16398K(1064960K)
[13.293s][info ][gc             ] GC(619) Pause Young (Allocation Failure) 48M->31M(61M) 0.784ms
[13.293s][info ][gc,cpu         ] GC(619) User=0.00s Sys=0.00s Real=0.00s
[13.295s][info ][gc,start       ] GC(620) Pause Young (Allocation Failure)
[13.295s][debug][gc,age         ] GC(620) Desired survivor size 1114112 bytes, new threshold 1 (max threshold 15)
[13.295s][info ][gc,heap        ] GC(620) DefNew: 19096K->1173K(19648K)
[13.295s][info ][gc,heap        ] GC(620) Tenured: 30497K->30497K(43712K)
[13.295s][info ][gc,metaspace   ] GC(620) Metaspace: 16398K->16398K(1064960K)
[13.295s][info ][gc             ] GC(620) Pause Young (Allocation Failure) 48M->30M(61M) 0.560ms
[13.295s][info ][gc,cpu         ] GC(620) User=0.00s Sys=0.00s Real=0.00s
[13.296s][info ][gc,start       ] GC(621) Pause Young (Allocation Failure)
[13.297s][debug][gc,age         ] GC(621) Desired survivor size 1114112 bytes, new threshold 1 (max threshold 15)
[13.297s][info ][gc,heap        ] GC(621) DefNew: 18315K->1955K(19648K)
[13.297s][info ][gc,heap        ] GC(621) Tenured: 30497K->30888K(43712K)
[13.297s][info ][gc,metaspace   ] GC(621) Metaspace: 16398K->16398K(1064960K)
[13.297s][info ][gc             ] GC(621) Pause Young (Allocation Failure) 47M->32M(61M) 0.607ms
[13.297s][info ][gc,cpu         ] GC(621) User=0.00s Sys=0.00s Real=0.00s
[13.298s][info ][gc,start       ] GC(622) Pause Young (Allocation Failure)
[13.299s][debug][gc,age         ] GC(622) Desired survivor size 1114112 bytes, new threshold 1 (max threshold 15)
[13.299s][info ][gc,heap        ] GC(622) DefNew: 19096K->1955K(19648K)
[13.299s][info ][gc,heap        ] GC(622) Tenured: 30888K->32451K(43712K)
[13.299s][info ][gc,metaspace   ] GC(622) Metaspace: 16398K->16398K(1064960K)
[13.299s][info ][gc             ] GC(622) Pause Young (Allocation Failure) 48M->33M(61M) 0.700ms
[13.299s][info ][gc,cpu         ] GC(622) User=0.00s Sys=0.00s Real=0.00s
[13.300s][info ][gc,start       ] GC(623) Pause Young (Allocation Failure)
[13.301s][debug][gc,age         ] GC(623) Desired survivor size 1114112 bytes, new threshold 1 (max threshold 15)
[13.301s][info ][gc,heap        ] GC(623) DefNew: 19096K->1955K(19648K)
[13.301s][info ][gc,heap        ] GC(623) Tenured: 32451K->32451K(43712K)
[13.301s][info ][gc,metaspace   ] GC(623) Metaspace: 16398K->16398K(1064960K)
[13.301s][info ][gc             ] GC(623) Pause Young (Allocation Failure) 50M->33M(61M) 0.752ms
[13.301s][info ][gc,cpu         ] GC(623) User=0.00s Sys=0.00s Real=0.00s
[13.303s][info ][gc,start       ] GC(624) Pause Young (Allocation Failure)
[13.303s][debug][gc,age         ] GC(624) Desired survivor size 1114112 bytes, new threshold 1 (max threshold 15)
[13.303s][info ][gc,heap        ] GC(624) DefNew: 19096K->1955K(19648K)
[13.303s][info ][gc,heap        ] GC(624) Tenured: 32451K->33622K(43712K)
[13.303s][info ][gc,metaspace   ] GC(624) Metaspace: 16398K->16398K(1064960K)
[13.303s][info ][gc             ] GC(624) Pause Young (Allocation Failure) 50M->34M(61M) 0.675ms
[13.303s][info ][gc,cpu         ] GC(624) User=0.00s Sys=0.00s Real=0.00s
[13.305s][info ][gc,start       ] GC(625) Pause Young (Allocation Failure)
[13.305s][debug][gc,age         ] GC(625) Desired survivor size 1114112 bytes, new threshold 1 (max threshold 15)
[13.305s][info ][gc,heap        ] GC(625) DefNew: 19096K->1955K(19648K)
[13.305s][info ][gc,heap        ] GC(625) Tenured: 33622K->34404K(43712K)
[13.305s][info ][gc,metaspace   ] GC(625) Metaspace: 16398K->16398K(1064960K)
[13.305s][info ][gc             ] GC(625) Pause Young (Allocation Failure) 51M->35M(61M) 0.709ms
[13.305s][info ][gc,cpu         ] GC(625) User=0.00s Sys=0.00s Real=0.00s
[13.307s][info ][gc,start       ] GC(626) Pause Young (Allocation Failure)
[13.307s][debug][gc,age         ] GC(626) Desired survivor size 1114112 bytes, new threshold 1 (max threshold 15)
[13.307s][info ][gc,heap        ] GC(626) DefNew: 19096K->1955K(19648K)
[13.307s][info ][gc,heap        ] GC(626) Tenured: 34404K->35185K(43712K)
[13.307s][info ][gc,metaspace   ] GC(626) Metaspace: 16398K->16398K(1064960K)
[13.307s][info ][gc             ] GC(626) Pause Young (Allocation Failure) 52M->36M(61M) 0.612ms
[13.307s][info ][gc,cpu         ] GC(626) User=0.00s Sys=0.00s Real=0.00s
[13.309s][info ][gc,start       ] GC(627) Pause Young (Allocation Failure)
[13.309s][debug][gc,age         ] GC(627) Desired survivor size 1114112 bytes, new threshold 1 (max threshold 15)
[13.310s][info ][gc,heap        ] GC(627) DefNew: 19096K->1955K(19648K)
[13.310s][info ][gc,heap        ] GC(627) Tenured: 35185K->35966K(43712K)
[13.310s][info ][gc,metaspace   ] GC(627) Metaspace: 16398K->16398K(1064960K)
[13.310s][info ][gc             ] GC(627) Pause Young (Allocation Failure) 53M->37M(61M) 0.862ms
[13.310s][info ][gc,cpu         ] GC(627) User=0.00s Sys=0.00s Real=0.01s
[13.311s][info ][gc,start       ] GC(628) Pause Young (Allocation Failure)
[13.311s][debug][gc,age         ] GC(628) Desired survivor size 1114112 bytes, new threshold 1 (max threshold 15)
[13.312s][info ][gc,heap        ] GC(628) DefNew: 19053K->1955K(19648K)
[13.312s][info ][gc,heap        ] GC(628) Tenured: 35966K->36357K(43712K)
[13.312s][info ][gc,metaspace   ] GC(628) Metaspace: 16398K->16398K(1064960K)
[13.312s][info ][gc             ] GC(628) Pause Young (Allocation Failure) 53M->37M(61M) 0.715ms
[13.312s][info ][gc,cpu         ] GC(628) User=0.00s Sys=0.00s Real=0.00s
[13.313s][info ][gc,start       ] GC(629) Pause Young (Allocation Failure)
[13.313s][debug][gc,age         ] GC(629) Desired survivor size 1114112 bytes, new threshold 1 (max threshold 15)
[13.313s][info ][gc,heap        ] GC(629) DefNew: 19110K->1955K(19648K)
[13.313s][info ][gc,heap        ] GC(629) Tenured: 36357K->37138K(43712K)
[13.314s][info ][gc,metaspace   ] GC(629) Metaspace: 16398K->16398K(1064960K)
[13.314s][info ][gc             ] GC(629) Pause Young (Allocation Failure) 54M->38M(61M) 0.738ms
[13.314s][info ][gc,cpu         ] GC(629) User=0.00s Sys=0.00s Real=0.00s
[13.315s][info ][gc,start       ] GC(630) Pause Young (Allocation Failure)
[13.315s][debug][gc,age         ] GC(630) Desired survivor size 1114112 bytes, new threshold 1 (max threshold 15)
[13.315s][info ][gc,heap        ] GC(630) DefNew: 19105K->1955K(19648K)
[13.315s][info ][gc,heap        ] GC(630) Tenured: 37138K->37529K(43712K)
[13.315s][info ][gc,metaspace   ] GC(630) Metaspace: 16398K->16398K(1064960K)
[13.316s][info ][gc             ] GC(630) Pause Young (Allocation Failure) 54M->38M(61M) 0.582ms
[13.316s][info ][gc,cpu         ] GC(630) User=0.00s Sys=0.00s Real=0.00s
[13.317s][info ][gc,start       ] GC(631) Pause Young (Allocation Failure)
[13.318s][debug][gc,age         ] GC(631) Desired survivor size 1114112 bytes, new threshold 15 (max threshold 15)
[13.318s][info ][gc,heap        ] GC(631) DefNew: 19427K->782K(19648K)
[13.318s][info ][gc,heap        ] GC(631) Tenured: 37529K->37920K(43712K)
[13.318s][info ][gc,metaspace   ] GC(631) Metaspace: 16398K->16398K(1064960K)
[13.318s][info ][gc             ] GC(631) Pause Young (Allocation Failure) 55M->37M(61M) 0.750ms
[13.318s][info ][gc,cpu         ] GC(631) User=0.00s Sys=0.00s Real=0.00s
[13.319s][info ][gc,start       ] GC(632) Pause Young (Allocation Failure)
[13.320s][debug][gc,age         ] GC(632) Desired survivor size 1114112 bytes, new threshold 1 (max threshold 15)
[13.320s][info ][gc,heap        ] GC(632) DefNew: 18240K->1955K(19648K)
[13.320s][info ][gc,heap        ] GC(632) Tenured: 37920K->37920K(43712K)
[13.320s][info ][gc,metaspace   ] GC(632) Metaspace: 16398K->16398K(1064960K)
[13.320s][info ][gc             ] GC(632) Pause Young (Allocation Failure) 54M->38M(61M) 0.575ms
[13.320s][info ][gc,cpu         ] GC(632) User=0.00s Sys=0.00s Real=0.00s
[13.321s][info ][gc,start       ] GC(633) Pause Young (Allocation Failure)
[13.322s][debug][gc,age         ] GC(633) Desired survivor size 1114112 bytes, new threshold 1 (max threshold 15)
[13.322s][info ][gc,heap        ] GC(633) DefNew: 19096K->1955K(19648K)
[13.322s][info ][gc,heap        ] GC(633) Tenured: 37920K->39483K(43712K)
[13.322s][info ][gc,metaspace   ] GC(633) Metaspace: 16398K->16398K(1064960K)
[13.322s][info ][gc             ] GC(633) Pause Young (Allocation Failure) 55M->40M(61M) 0.816ms
[13.322s][info ][gc,cpu         ] GC(633) User=0.01s Sys=0.00s Real=0.00s
[13.324s][info ][gc,start       ] GC(634) Pause Young (Allocation Failure)
[13.324s][debug][gc,age         ] GC(634) Desired survivor size 1114112 bytes, new threshold 1 (max threshold 15)
[13.324s][info ][gc,heap        ] GC(634) DefNew: 19142K->1955K(19648K)
[13.324s][info ][gc,heap        ] GC(634) Tenured: 39483K->39874K(43712K)
[13.324s][info ][gc,metaspace   ] GC(634) Metaspace: 16398K->16398K(1064960K)
[13.324s][info ][gc             ] GC(634) Pause Young (Allocation Failure) 57M->40M(61M) 0.742ms
[13.324s][info ][gc,cpu         ] GC(634) User=0.00s Sys=0.00s Real=0.00s
[13.326s][info ][gc,start       ] GC(635) Pause Young (Allocation Failure)
[13.327s][debug][gc,age         ] GC(635) Desired survivor size 1114112 bytes, new threshold 1 (max threshold 15)
[13.327s][info ][gc,heap        ] GC(635) DefNew: 19073K->1955K(19648K)
[13.327s][info ][gc,heap        ] GC(635) Tenured: 39874K->40656K(43712K)
[13.327s][info ][gc,metaspace   ] GC(635) Metaspace: 16398K->16398K(1064960K)
[13.327s][info ][gc             ] GC(635) Pause Young (Allocation Failure) 57M->41M(61M) 0.888ms
[13.327s][info ][gc,cpu         ] GC(635) User=0.00s Sys=0.00s Real=0.00s
[13.328s][info ][gc,start       ] GC(636) Pause Young (Allocation Failure)
[13.329s][debug][gc,age         ] GC(636) Desired survivor size 1114112 bytes, new threshold 1 (max threshold 15)
[13.329s][info ][gc,heap        ] GC(636) DefNew: 19133K->1955K(19648K)
[13.329s][info ][gc,heap        ] GC(636) Tenured: 40656K->41437K(43712K)
[13.329s][info ][gc,metaspace   ] GC(636) Metaspace: 16398K->16398K(1064960K)
[13.329s][info ][gc             ] GC(636) Pause Young (Allocation Failure) 58M->42M(61M) 0.728ms
[13.329s][info ][gc,cpu         ] GC(636) User=0.00s Sys=0.00s Real=0.00s
[13.330s][info ][gc,start       ] GC(637) Pause Young (Allocation Failure)
[13.331s][debug][gc,age         ] GC(637) Desired survivor size 1114112 bytes, new threshold 1 (max threshold 15)
[13.331s][info ][gc,heap        ] GC(637) DefNew: 19120K->1955K(19648K)
[13.331s][info ][gc,heap        ] GC(637) Tenured: 41437K->42219K(43712K)
[13.331s][info ][gc,metaspace   ] GC(637) Metaspace: 16398K->16398K(1064960K)
[13.331s][info ][gc             ] GC(637) Pause Young (Allocation Failure) 59M->43M(61M) 0.724ms
[13.331s][info ][gc,cpu         ] GC(637) User=0.00s Sys=0.00s Real=0.00s
[13.333s][info ][gc,start       ] GC(638) Pause Young (Allocation Failure)
[13.333s][info ][gc,start       ] GC(639) Pause Full (Allocation Failure)
[13.333s][info ][gc,phases,start] GC(639) Phase 1: Mark live objects
[13.336s][debug][gc,phases      ] GC(639) Reference Processing 0.052ms
[13.336s][debug][gc,phases      ] GC(639) Weak Processing 0.017ms
[13.336s][debug][gc,phases      ] GC(639) ClassLoaderData 0.031ms
[13.336s][debug][gc,phases      ] GC(639) ProtectionDomainCacheTable 0.002ms
[13.336s][debug][gc,phases      ] GC(639) ResolvedMethodTable 0.015ms
[13.337s][debug][gc,phases      ] GC(639) Class Unloading 0.759ms
[13.337s][debug][gc,phases      ] GC(639) Scrub String Table 0.058ms
[13.338s][debug][gc,phases      ] GC(639) Scrub Symbol Table 1.100ms
[13.338s][info ][gc,phases      ] GC(639) Phase 1: Mark live objects 5.415ms
[13.338s][info ][gc,phases,start] GC(639) Phase 2: Compute new object addresses
[13.339s][info ][gc,phases      ] GC(639) Phase 2: Compute new object addresses 0.969ms
[13.339s][info ][gc,phases,start] GC(639) Phase 3: Adjust pointers
[13.344s][info ][gc,phases      ] GC(639) Phase 3: Adjust pointers 4.593ms
[13.344s][info ][gc,phases,start] GC(639) Phase 4: Move objects
[13.344s][info ][gc,phases      ] GC(639) Phase 4: Move objects 0.392ms
[13.344s][info ][gc             ] GC(639) Pause Full (Allocation Failure) 59M->5M(61M) 11.802ms
[13.344s][info ][gc,heap        ] GC(638) DefNew: 19111K->0K(19648K)
[13.344s][info ][gc,heap        ] GC(638) Tenured: 42219K->5881K(43712K)
[13.344s][info ][gc,metaspace   ] GC(638) Metaspace: 16398K->16398K(1064960K)
[13.345s][info ][gc             ] GC(638) Pause Young (Allocation Failure) 59M->5M(61M) 12.010ms
[13.345s][info ][gc,cpu         ] GC(638) User=0.01s Sys=0.00s Real=0.01s
[13.346s][info ][gc,start       ] GC(640) Pause Young (Allocation Failure)
[13.347s][debug][gc,age         ] GC(640) Desired survivor size 1114112 bytes, new threshold 1 (max threshold 15)
[13.347s][info ][gc,heap        ] GC(640) DefNew: 17454K->1564K(19648K)
[13.347s][info ][gc,heap        ] GC(640) Tenured: 5881K->5881K(43712K)
[13.347s][info ][gc,metaspace   ] GC(640) Metaspace: 16398K->16398K(1064960K)
[13.347s][info ][gc             ] GC(640) Pause Young (Allocation Failure) 22M->7M(61M) 0.541ms
[13.347s][info ][gc,cpu         ] GC(640) User=0.00s Sys=0.00s Real=0.00s
[13.349s][info ][gc,start       ] GC(641) Pause Young (Allocation Failure)
[13.349s][debug][gc,age         ] GC(641) Desired survivor size 1114112 bytes, new threshold 1 (max threshold 15)
[13.349s][info ][gc,heap        ] GC(641) DefNew: 19036K->1954K(19648K)
[13.349s][info ][gc,heap        ] GC(641) Tenured: 5881K->6273K(43712K)
[13.349s][info ][gc,metaspace   ] GC(641) Metaspace: 16398K->16398K(1064960K)
[13.349s][info ][gc             ] GC(641) Pause Young (Allocation Failure) 24M->8M(61M) 0.825ms
[13.349s][info ][gc,cpu         ] GC(641) User=0.00s Sys=0.00s Real=0.01s
[13.351s][info ][gc,start       ] GC(642) Pause Young (Allocation Failure)
[13.352s][debug][gc,age         ] GC(642) Desired survivor size 1114112 bytes, new threshold 15 (max threshold 15)
[13.352s][info ][gc,heap        ] GC(642) DefNew: 19424K->783K(19648K)
[13.352s][info ][gc,heap        ] GC(642) Tenured: 6273K->6664K(43712K)
[13.352s][info ][gc,metaspace   ] GC(642) Metaspace: 16398K->16398K(1064960K)
[13.352s][info ][gc             ] GC(642) Pause Young (Allocation Failure) 25M->7M(61M) 0.618ms
[13.352s][info ][gc,cpu         ] GC(642) User=0.00s Sys=0.00s Real=0.00s
[13.354s][info ][gc,start       ] GC(643) Pause Young (Allocation Failure)
[13.354s][debug][gc,age         ] GC(643) Desired survivor size 1114112 bytes, new threshold 1 (max threshold 15)
[13.354s][info ][gc,heap        ] GC(643) DefNew: 17912K->1955K(19648K)
[13.354s][info ][gc,heap        ] GC(643) Tenured: 6664K->6664K(43712K)
[13.354s][info ][gc,metaspace   ] GC(643) Metaspace: 16398K->16398K(1064960K)
[13.354s][info ][gc             ] GC(643) Pause Young (Allocation Failure) 24M->8M(61M) 0.740ms
[13.354s][info ][gc,cpu         ] GC(643) User=0.00s Sys=0.00s Real=0.00s
[13.356s][info ][gc,start       ] GC(644) Pause Young (Allocation Failure)
[13.357s][debug][gc,age         ] GC(644) Desired survivor size 1114112 bytes, new threshold 1 (max threshold 15)
[13.357s][info ][gc,heap        ] GC(644) DefNew: 19427K->1173K(19648K)
[13.357s][info ][gc,heap        ] GC(644) Tenured: 6664K->7056K(43712K)
[13.357s][info ][gc,metaspace   ] GC(644) Metaspace: 16398K->16398K(1064960K)
[13.357s][info ][gc             ] GC(644) Pause Young (Allocation Failure) 25M->8M(61M) 0.637ms
[13.357s][info ][gc,cpu         ] GC(644) User=0.00s Sys=0.00s Real=0.00s
[13.358s][info ][gc,start       ] GC(645) Pause Young (Allocation Failure)
[13.359s][debug][gc,age         ] GC(645) Desired survivor size 1114112 bytes, new threshold 1 (max threshold 15)
[13.359s][info ][gc,heap        ] GC(645) DefNew: 18282K->1955K(19648K)
[13.359s][info ][gc,heap        ] GC(645) Tenured: 7056K->7056K(43712K)
[13.359s][info ][gc,metaspace   ] GC(645) Metaspace: 16398K->16398K(1064960K)
[13.359s][info ][gc             ] GC(645) Pause Young (Allocation Failure) 24M->8M(61M) 0.721ms
[13.359s][info ][gc,cpu         ] GC(645) User=0.00s Sys=0.00s Real=0.00s
[13.361s][info ][gc,start       ] GC(646) Pause Young (Allocation Failure)
[13.362s][debug][gc,age         ] GC(646) Desired survivor size 1114112 bytes, new threshold 1 (max threshold 15)
[13.362s][info ][gc,heap        ] GC(646) DefNew: 19427K->1173K(19648K)
[13.362s][info ][gc,heap        ] GC(646) Tenured: 7056K->8229K(43712K)
[13.362s][info ][gc,metaspace   ] GC(646) Metaspace: 16398K->16398K(1064960K)
[13.362s][info ][gc             ] GC(646) Pause Young (Allocation Failure) 25M->9M(61M) 0.734ms
[13.362s][info ][gc,cpu         ] GC(646) User=0.00s Sys=0.00s Real=0.00s
[13.364s][info ][gc,start       ] GC(647) Pause Young (Allocation Failure)
[13.365s][debug][gc,age         ] GC(647) Desired survivor size 1114112 bytes, new threshold 1 (max threshold 15)
[13.365s][info ][gc,heap        ] GC(647) DefNew: 18370K->1955K(19648K)
[13.365s][info ][gc,heap        ] GC(647) Tenured: 8229K->8230K(43712K)
[13.365s][info ][gc,metaspace   ] GC(647) Metaspace: 16398K->16398K(1064960K)
[13.365s][info ][gc             ] GC(647) Pause Young (Allocation Failure) 25M->9M(61M) 0.915ms
[13.365s][info ][gc,cpu         ] GC(647) User=0.00s Sys=0.00s Real=0.00s
[13.366s][info ][gc,start       ] GC(648) Pause Young (Allocation Failure)
[13.367s][debug][gc,age         ] GC(648) Desired survivor size 1114112 bytes, new threshold 1 (max threshold 15)
[13.367s][info ][gc,heap        ] GC(648) DefNew: 19153K->1955K(19648K)
[13.367s][info ][gc,heap        ] GC(648) Tenured: 8230K->9402K(43712K)
[13.367s][info ][gc,metaspace   ] GC(648) Metaspace: 16398K->16398K(1064960K)
[13.367s][info ][gc             ] GC(648) Pause Young (Allocation Failure) 26M->11M(61M) 0.829ms
[13.367s][info ][gc,cpu         ] GC(648) User=0.00s Sys=0.00s Real=0.00s
[13.369s][info ][gc,start       ] GC(649) Pause Young (Allocation Failure)
[13.369s][debug][gc,age         ] GC(649) Desired survivor size 1114112 bytes, new threshold 1 (max threshold 15)
[13.369s][info ][gc,heap        ] GC(649) DefNew: 19101K->1954K(19648K)
[13.369s][info ][gc,heap        ] GC(649) Tenured: 9402K->10184K(43712K)
[13.369s][info ][gc,metaspace   ] GC(649) Metaspace: 16398K->16398K(1064960K)
[13.369s][info ][gc             ] GC(649) Pause Young (Allocation Failure) 27M->11M(61M) 0.636ms
[13.369s][info ][gc,cpu         ] GC(649) User=0.00s Sys=0.00s Real=0.01s
[13.371s][info ][gc,start       ] GC(650) Pause Young (Allocation Failure)
[13.372s][debug][gc,age         ] GC(650) Desired survivor size 1114112 bytes, new threshold 1 (max threshold 15)
[13.372s][info ][gc,heap        ] GC(650) DefNew: 19161K->1954K(19648K)
[13.372s][info ][gc,heap        ] GC(650) Tenured: 10184K->10966K(43712K)
[13.372s][info ][gc,metaspace   ] GC(650) Metaspace: 16398K->16398K(1064960K)
[13.372s][info ][gc             ] GC(650) Pause Young (Allocation Failure) 28M->12M(61M) 0.807ms
[13.372s][info ][gc,cpu         ] GC(650) User=0.00s Sys=0.00s Real=0.00s
[13.374s][info ][gc,start       ] GC(651) Pause Young (Allocation Failure)
[13.375s][debug][gc,age         ] GC(651) Desired survivor size 1114112 bytes, new threshold 1 (max threshold 15)
[13.375s][info ][gc,heap        ] GC(651) DefNew: 19426K->1564K(19648K)
[13.375s][info ][gc,heap        ] GC(651) Tenured: 10966K->11748K(43712K)
[13.375s][info ][gc,metaspace   ] GC(651) Metaspace: 16398K->16398K(1064960K)
[13.375s][info ][gc             ] GC(651) Pause Young (Allocation Failure) 29M->13M(61M) 0.675ms
[13.375s][info ][gc,cpu         ] GC(651) User=0.00s Sys=0.00s Real=0.00s
[13.376s][info ][gc,start       ] GC(652) Pause Young (Allocation Failure)
[13.377s][debug][gc,age         ] GC(652) Desired survivor size 1114112 bytes, new threshold 1 (max threshold 15)
[13.377s][info ][gc,heap        ] GC(652) DefNew: 18731K->1955K(19648K)
[13.377s][info ][gc,heap        ] GC(652) Tenured: 11748K->12139K(43712K)
[13.377s][info ][gc,metaspace   ] GC(652) Metaspace: 16398K->16398K(1064960K)
[13.377s][info ][gc             ] GC(652) Pause Young (Allocation Failure) 29M->13M(61M) 0.803ms
[13.377s][info ][gc,cpu         ] GC(652) User=0.00s Sys=0.00s Real=0.00s
[13.378s][info ][gc,start       ] GC(653) Pause Young (Allocation Failure)
[13.379s][debug][gc,age         ] GC(653) Desired survivor size 1114112 bytes, new threshold 1 (max threshold 15)
[13.379s][info ][gc,heap        ] GC(653) DefNew: 19078K->1955K(19648K)
[13.379s][info ][gc,heap        ] GC(653) Tenured: 12139K->12921K(43712K)
[13.379s][info ][gc,metaspace   ] GC(653) Metaspace: 16398K->16398K(1064960K)
[13.379s][info ][gc             ] GC(653) Pause Young (Allocation Failure) 30M->14M(61M) 0.605ms
[13.379s][info ][gc,cpu         ] GC(653) User=0.00s Sys=0.00s Real=0.00s
[13.380s][info ][gc,start       ] GC(654) Pause Young (Allocation Failure)
[13.381s][debug][gc,age         ] GC(654) Desired survivor size 1114112 bytes, new threshold 1 (max threshold 15)
[13.381s][info ][gc,heap        ] GC(654) DefNew: 19088K->1955K(19648K)
[13.381s][info ][gc,heap        ] GC(654) Tenured: 12921K->13702K(43712K)
[13.381s][info ][gc,metaspace   ] GC(654) Metaspace: 16398K->16398K(1064960K)
[13.381s][info ][gc             ] GC(654) Pause Young (Allocation Failure) 31M->15M(61M) 0.847ms
[13.381s][info ][gc,cpu         ] GC(654) User=0.00s Sys=0.00s Real=0.00s
[13.383s][info ][gc,start       ] GC(655) Pause Young (Allocation Failure)
[13.383s][debug][gc,age         ] GC(655) Desired survivor size 1114112 bytes, new threshold 1 (max threshold 15)
[13.383s][info ][gc,heap        ] GC(655) DefNew: 19144K->1955K(19648K)
[13.383s][info ][gc,heap        ] GC(655) Tenured: 13702K->14484K(43712K)
[13.383s][info ][gc,metaspace   ] GC(655) Metaspace: 16398K->16398K(1064960K)
[13.383s][info ][gc             ] GC(655) Pause Young (Allocation Failure) 32M->16M(61M) 0.647ms
[13.383s][info ][gc,cpu         ] GC(655) User=0.01s Sys=0.00s Real=0.00s
[13.385s][info ][gc,start       ] GC(656) Pause Young (Allocation Failure)
[13.385s][debug][gc,age         ] GC(656) Desired survivor size 1114112 bytes, new threshold 1 (max threshold 15)
[13.386s][info ][gc,heap        ] GC(656) DefNew: 19075K->1955K(19648K)
[13.386s][info ][gc,heap        ] GC(656) Tenured: 14484K->15266K(43712K)
[13.386s][info ][gc,metaspace   ] GC(656) Metaspace: 16398K->16398K(1064960K)
[13.386s][info ][gc             ] GC(656) Pause Young (Allocation Failure) 32M->16M(61M) 0.718ms
[13.386s][info ][gc,cpu         ] GC(656) User=0.00s Sys=0.00s Real=0.00s
[13.387s][info ][gc,start       ] GC(657) Pause Young (Allocation Failure)
[13.387s][debug][gc,age         ] GC(657) Desired survivor size 1114112 bytes, new threshold 15 (max threshold 15)
[13.388s][info ][gc,heap        ] GC(657) DefNew: 19082K->782K(19648K)
[13.388s][info ][gc,heap        ] GC(657) Tenured: 15266K->15657K(43712K)
[13.388s][info ][gc,metaspace   ] GC(657) Metaspace: 16398K->16398K(1064960K)
[13.388s][info ][gc             ] GC(657) Pause Young (Allocation Failure) 33M->16M(61M) 0.649ms
[13.388s][info ][gc,cpu         ] GC(657) User=0.00s Sys=0.00s Real=0.00s
[13.389s][info ][gc,start       ] GC(658) Pause Young (Allocation Failure)
[13.389s][debug][gc,age         ] GC(658) Desired survivor size 1114112 bytes, new threshold 1 (max threshold 15)
[13.389s][info ][gc,heap        ] GC(658) DefNew: 17913K->1174K(19648K)
[13.389s][info ][gc,heap        ] GC(658) Tenured: 15657K->15657K(43712K)
[13.389s][info ][gc,metaspace   ] GC(658) Metaspace: 16398K->16398K(1064960K)
[13.389s][info ][gc             ] GC(658) Pause Young (Allocation Failure) 32M->16M(61M) 0.547ms
[13.389s][info ][gc,cpu         ] GC(658) User=0.00s Sys=0.00s Real=0.01s
[13.391s][info ][gc,start       ] GC(659) Pause Young (Allocation Failure)
[13.391s][debug][gc,age         ] GC(659) Desired survivor size 1114112 bytes, new threshold 1 (max threshold 15)
[13.391s][info ][gc,heap        ] GC(659) DefNew: 18307K->1955K(19648K)
[13.391s][info ][gc,heap        ] GC(659) Tenured: 15657K->15657K(43712K)
[13.391s][info ][gc,metaspace   ] GC(659) Metaspace: 16398K->16398K(1064960K)
[13.391s][info ][gc             ] GC(659) Pause Young (Allocation Failure) 33M->17M(61M) 0.540ms
[13.391s][info ][gc,cpu         ] GC(659) User=0.00s Sys=0.00s Real=0.00s
[13.393s][info ][gc,start       ] GC(660) Pause Young (Allocation Failure)
[13.394s][debug][gc,age         ] GC(660) Desired survivor size 1114112 bytes, new threshold 15 (max threshold 15)
[13.394s][info ][gc,heap        ] GC(660) DefNew: 19339K->782K(19648K)
[13.394s][info ][gc,heap        ] GC(660) Tenured: 15657K->16440K(43712K)
[13.394s][info ][gc,metaspace   ] GC(660) Metaspace: 16398K->16398K(1064960K)
[13.394s][info ][gc             ] GC(660) Pause Young (Allocation Failure) 34M->16M(61M) 0.728ms
[13.394s][info ][gc,cpu         ] GC(660) User=0.00s Sys=0.00s Real=0.00s
[13.396s][info ][gc,start       ] GC(661) Pause Young (Allocation Failure)
[13.396s][debug][gc,age         ] GC(661) Desired survivor size 1114112 bytes, new threshold 1 (max threshold 15)
[13.396s][info ][gc,heap        ] GC(661) DefNew: 17905K->1564K(19648K)
[13.396s][info ][gc,heap        ] GC(661) Tenured: 16440K->16440K(43712K)
[13.396s][info ][gc,metaspace   ] GC(661) Metaspace: 16398K->16398K(1064960K)
[13.396s][info ][gc             ] GC(661) Pause Young (Allocation Failure) 33M->17M(61M) 0.540ms
[13.396s][info ][gc,cpu         ] GC(661) User=0.01s Sys=0.00s Real=0.00s
[13.398s][info ][gc,start       ] GC(662) Pause Young (Allocation Failure)
[13.398s][debug][gc,age         ] GC(662) Desired survivor size 1114112 bytes, new threshold 1 (max threshold 15)
[13.398s][info ][gc,heap        ] GC(662) DefNew: 18693K->1955K(19648K)
[13.398s][info ][gc,heap        ] GC(662) Tenured: 16440K->16831K(43712K)
[13.398s][info ][gc,metaspace   ] GC(662) Metaspace: 16398K->16398K(1064960K)
[13.398s][info ][gc             ] GC(662) Pause Young (Allocation Failure) 34M->18M(61M) 0.542ms
[13.398s][info ][gc,cpu         ] GC(662) User=0.00s Sys=0.00s Real=0.00s
[13.400s][info ][gc,start       ] GC(663) Pause Young (Allocation Failure)
[13.400s][debug][gc,age         ] GC(663) Desired survivor size 1114112 bytes, new threshold 1 (max threshold 15)
[13.400s][info ][gc,heap        ] GC(663) DefNew: 19142K->1564K(19648K)
[13.400s][info ][gc,heap        ] GC(663) Tenured: 16831K->17222K(43712K)
[13.400s][info ][gc,metaspace   ] GC(663) Metaspace: 16398K->16398K(1064960K)
[13.400s][info ][gc             ] GC(663) Pause Young (Allocation Failure) 35M->18M(61M) 0.641ms
[13.400s][info ][gc,cpu         ] GC(663) User=0.00s Sys=0.00s Real=0.00s
[13.402s][info ][gc,start       ] GC(664) Pause Young (Allocation Failure)
[13.402s][debug][gc,age         ] GC(664) Desired survivor size 1114112 bytes, new threshold 1 (max threshold 15)
[13.402s][info ][gc,heap        ] GC(664) DefNew: 18800K->1564K(19648K)
[13.402s][info ][gc,heap        ] GC(664) Tenured: 17222K->17222K(43712K)
[13.402s][info ][gc,metaspace   ] GC(664) Metaspace: 16398K->16398K(1064960K)
[13.402s][info ][gc             ] GC(664) Pause Young (Allocation Failure) 35M->18M(61M) 0.503ms
[13.402s][info ][gc,cpu         ] GC(664) User=0.01s Sys=0.00s Real=0.00s
[13.404s][info ][gc,start       ] GC(665) Pause Young (Allocation Failure)
[13.405s][debug][gc,age         ] GC(665) Desired survivor size 1114112 bytes, new threshold 1 (max threshold 15)
[13.405s][info ][gc,heap        ] GC(665) DefNew: 18766K->1955K(19648K)
[13.405s][info ][gc,heap        ] GC(665) Tenured: 17222K->17613K(43712K)
[13.405s][info ][gc,metaspace   ] GC(665) Metaspace: 16398K->16398K(1064960K)
[13.405s][info ][gc             ] GC(665) Pause Young (Allocation Failure) 35M->19M(61M) 0.568ms
[13.405s][info ][gc,cpu         ] GC(665) User=0.00s Sys=0.00s Real=0.00s
[13.406s][info ][gc,start       ] GC(666) Pause Young (Allocation Failure)
[13.407s][debug][gc,age         ] GC(666) Desired survivor size 1114112 bytes, new threshold 1 (max threshold 15)
[13.407s][info ][gc,heap        ] GC(666) DefNew: 19134K->1955K(19648K)
[13.407s][info ][gc,heap        ] GC(666) Tenured: 17613K->18395K(43712K)
[13.407s][info ][gc,metaspace   ] GC(666) Metaspace: 16398K->16398K(1064960K)
[13.407s][info ][gc             ] GC(666) Pause Young (Allocation Failure) 35M->19M(61M) 0.672ms
[13.407s][info ][gc,cpu         ] GC(666) User=0.01s Sys=0.00s Real=0.00s
[13.408s][info ][gc,start       ] GC(667) Pause Young (Allocation Failure)
[13.409s][debug][gc,age         ] GC(667) Desired survivor size 1114112 bytes, new threshold 1 (max threshold 15)
[13.409s][info ][gc,heap        ] GC(667) DefNew: 19121K->1955K(19648K)
[13.409s][info ][gc,heap        ] GC(667) Tenured: 18395K->18786K(43712K)
[13.409s][info ][gc,metaspace   ] GC(667) Metaspace: 16398K->16398K(1064960K)
[13.409s][info ][gc             ] GC(667) Pause Young (Allocation Failure) 36M->20M(61M) 0.673ms
[13.409s][info ][gc,cpu         ] GC(667) User=0.00s Sys=0.00s Real=0.00s
[13.411s][info ][gc,start       ] GC(668) Pause Young (Allocation Failure)
[13.411s][debug][gc,age         ] GC(668) Desired survivor size 1114112 bytes, new threshold 1 (max threshold 15)
[13.412s][info ][gc,heap        ] GC(668) DefNew: 19420K->1173K(19648K)
[13.412s][info ][gc,heap        ] GC(668) Tenured: 18786K->19177K(43712K)
[13.412s][info ][gc,metaspace   ] GC(668) Metaspace: 16398K->16398K(1064960K)
[13.412s][info ][gc             ] GC(668) Pause Young (Allocation Failure) 37M->19M(61M) 0.683ms
[13.412s][info ][gc,cpu         ] GC(668) User=0.00s Sys=0.00s Real=0.00s
[13.413s][info ][gc,start       ] GC(669) Pause Young (Allocation Failure)
[13.413s][debug][gc,age         ] GC(669) Desired survivor size 1114112 bytes, new threshold 1 (max threshold 15)
[13.413s][info ][gc,heap        ] GC(669) DefNew: 18641K->1955K(19648K)
[13.414s][info ][gc,heap        ] GC(669) Tenured: 19177K->19177K(43712K)
[13.414s][info ][gc,metaspace   ] GC(669) Metaspace: 16398K->16398K(1064960K)
[13.414s][info ][gc             ] GC(669) Pause Young (Allocation Failure) 36M->20M(61M) 0.542ms
[13.414s][info ][gc,cpu         ] GC(669) User=0.01s Sys=0.00s Real=0.00s
[13.415s][info ][gc,start       ] GC(670) Pause Young (Allocation Failure)
[13.416s][debug][gc,age         ] GC(670) Desired survivor size 1114112 bytes, new threshold 1 (max threshold 15)
[13.416s][info ][gc,heap        ] GC(670) DefNew: 19157K->1173K(19648K)
[13.416s][info ][gc,heap        ] GC(670) Tenured: 19177K->19568K(43712K)
[13.416s][info ][gc,metaspace   ] GC(670) Metaspace: 16398K->16398K(1064960K)
[13.416s][info ][gc             ] GC(670) Pause Young (Allocation Failure) 37M->20M(61M) 0.849ms
[13.416s][info ][gc,cpu         ] GC(670) User=0.00s Sys=0.00s Real=0.00s
[13.417s][info ][gc,start       ] GC(671) Pause Young (Allocation Failure)
[13.418s][debug][gc,age         ] GC(671) Desired survivor size 1114112 bytes, new threshold 15 (max threshold 15)
[13.418s][info ][gc,heap        ] GC(671) DefNew: 18645K->782K(19648K)
[13.418s][info ][gc,heap        ] GC(671) Tenured: 19568K->19569K(43712K)
[13.418s][info ][gc,metaspace   ] GC(671) Metaspace: 16398K->16398K(1064960K)
[13.418s][info ][gc             ] GC(671) Pause Young (Allocation Failure) 37M->19M(61M) 0.700ms
[13.418s][info ][gc,cpu         ] GC(671) User=0.00s Sys=0.00s Real=0.00s
[13.420s][info ][gc,start       ] GC(672) Pause Young (Allocation Failure)
[13.420s][debug][gc,age         ] GC(672) Desired survivor size 1114112 bytes, new threshold 1 (max threshold 15)
[13.420s][info ][gc,heap        ] GC(672) DefNew: 17929K->1174K(19648K)
[13.420s][info ][gc,heap        ] GC(672) Tenured: 19569K->19569K(43712K)
[13.420s][info ][gc,metaspace   ] GC(672) Metaspace: 16398K->16398K(1064960K)
[13.420s][info ][gc             ] GC(672) Pause Young (Allocation Failure) 36M->20M(61M) 0.563ms
[13.420s][info ][gc,cpu         ] GC(672) User=0.00s Sys=0.00s Real=0.00s
[13.422s][info ][gc,start       ] GC(673) Pause Young (Allocation Failure)
[13.422s][debug][gc,age         ] GC(673) Desired survivor size 1114112 bytes, new threshold 1 (max threshold 15)
[13.422s][info ][gc,heap        ] GC(673) DefNew: 18294K->1954K(19648K)
[13.422s][info ][gc,heap        ] GC(673) Tenured: 19569K->19570K(43712K)
[13.422s][info ][gc,metaspace   ] GC(673) Metaspace: 16398K->16398K(1064960K)
[13.422s][info ][gc             ] GC(673) Pause Young (Allocation Failure) 36M->21M(61M) 0.539ms
[13.422s][info ][gc,cpu         ] GC(673) User=0.00s Sys=0.00s Real=0.00s
[13.424s][info ][gc,start       ] GC(674) Pause Young (Allocation Failure)
[13.424s][debug][gc,age         ] GC(674) Desired survivor size 1114112 bytes, new threshold 1 (max threshold 15)
[13.424s][info ][gc,heap        ] GC(674) DefNew: 19113K->1955K(19648K)
[13.424s][info ][gc,heap        ] GC(674) Tenured: 19570K->19961K(43712K)
[13.424s][info ][gc,metaspace   ] GC(674) Metaspace: 16398K->16398K(1064960K)
[13.424s][info ][gc             ] GC(674) Pause Young (Allocation Failure) 37M->21M(61M) 0.556ms
[13.424s][info ][gc,cpu         ] GC(674) User=0.00s Sys=0.00s Real=0.00s
[13.426s][info ][gc,start       ] GC(675) Pause Young (Allocation Failure)
[13.426s][debug][gc,age         ] GC(675) Desired survivor size 1114112 bytes, new threshold 1 (max threshold 15)
[13.426s][info ][gc,heap        ] GC(675) DefNew: 19102K->1955K(19648K)
[13.426s][info ][gc,heap        ] GC(675) Tenured: 19961K->19961K(43712K)
[13.426s][info ][gc,metaspace   ] GC(675) Metaspace: 16398K->16398K(1064960K)
[13.426s][info ][gc             ] GC(675) Pause Young (Allocation Failure) 38M->21M(61M) 0.559ms
[13.426s][info ][gc,cpu         ] GC(675) User=0.00s Sys=0.00s Real=0.00s
[13.428s][info ][gc,start       ] GC(676) Pause Young (Allocation Failure)
[13.428s][debug][gc,age         ] GC(676) Desired survivor size 1114112 bytes, new threshold 1 (max threshold 15)
[13.428s][info ][gc,heap        ] GC(676) DefNew: 19153K->1955K(19648K)
[13.428s][info ][gc,heap        ] GC(676) Tenured: 19961K->19961K(43712K)
[13.428s][info ][gc,metaspace   ] GC(676) Metaspace: 16398K->16398K(1064960K)
[13.428s][info ][gc             ] GC(676) Pause Young (Allocation Failure) 38M->21M(61M) 0.712ms
[13.428s][info ][gc,cpu         ] GC(676) User=0.00s Sys=0.00s Real=0.00s
[13.430s][info ][gc,start       ] GC(677) Pause Young (Allocation Failure)
[13.430s][debug][gc,age         ] GC(677) Desired survivor size 1114112 bytes, new threshold 1 (max threshold 15)
[13.430s][info ][gc,heap        ] GC(677) DefNew: 19418K->1954K(19648K)
[13.430s][info ][gc,heap        ] GC(677) Tenured: 19961K->20352K(43712K)
[13.430s][info ][gc,metaspace   ] GC(677) Metaspace: 16398K->16398K(1064960K)
[13.430s][info ][gc             ] GC(677) Pause Young (Allocation Failure) 38M->21M(61M) 0.774ms
[13.430s][info ][gc,cpu         ] GC(677) User=0.00s Sys=0.00s Real=0.00s
[13.432s][info ][gc,start       ] GC(678) Pause Young (Allocation Failure)
[13.432s][debug][gc,age         ] GC(678) Desired survivor size 1114112 bytes, new threshold 1 (max threshold 15)
[13.432s][info ][gc,heap        ] GC(678) DefNew: 19100K->1955K(19648K)
[13.432s][info ][gc,heap        ] GC(678) Tenured: 20352K->20743K(43712K)
[13.432s][info ][gc,metaspace   ] GC(678) Metaspace: 16398K->16398K(1064960K)
[13.432s][info ][gc             ] GC(678) Pause Young (Allocation Failure) 38M->22M(61M) 0.580ms
[13.432s][info ][gc,cpu         ] GC(678) User=0.00s Sys=0.00s Real=0.00s
[13.434s][info ][gc,start       ] GC(679) Pause Young (Allocation Failure)
[13.434s][debug][gc,age         ] GC(679) Desired survivor size 1114112 bytes, new threshold 1 (max threshold 15)
[13.434s][info ][gc,heap        ] GC(679) DefNew: 19114K->1955K(19648K)
[13.434s][info ][gc,heap        ] GC(679) Tenured: 20743K->21134K(43712K)
[13.434s][info ][gc,metaspace   ] GC(679) Metaspace: 16398K->16398K(1064960K)
[13.434s][info ][gc             ] GC(679) Pause Young (Allocation Failure) 38M->22M(61M) 0.718ms
[13.435s][info ][gc,cpu         ] GC(679) User=0.01s Sys=0.00s Real=0.00s
[13.436s][info ][gc,start       ] GC(680) Pause Young (Allocation Failure)
[13.436s][debug][gc,age         ] GC(680) Desired survivor size 1114112 bytes, new threshold 1 (max threshold 15)
[13.436s][info ][gc,heap        ] GC(680) DefNew: 19099K->1955K(19648K)
[13.436s][info ][gc,heap        ] GC(680) Tenured: 21134K->21525K(43712K)
[13.436s][info ][gc,metaspace   ] GC(680) Metaspace: 16398K->16398K(1064960K)
[13.437s][info ][gc             ] GC(680) Pause Young (Allocation Failure) 39M->22M(61M) 0.620ms
[13.437s][info ][gc,cpu         ] GC(680) User=0.00s Sys=0.00s Real=0.00s
[13.438s][info ][gc,start       ] GC(681) Pause Young (Allocation Failure)
[13.438s][debug][gc,age         ] GC(681) Desired survivor size 1114112 bytes, new threshold 1 (max threshold 15)
[13.438s][info ][gc,heap        ] GC(681) DefNew: 19147K->1955K(19648K)
[13.438s][info ][gc,heap        ] GC(681) Tenured: 21525K->21525K(43712K)
[13.438s][info ][gc,metaspace   ] GC(681) Metaspace: 16398K->16398K(1064960K)
[13.438s][info ][gc             ] GC(681) Pause Young (Allocation Failure) 39M->22M(61M) 0.576ms
[13.439s][info ][gc,cpu         ] GC(681) User=0.00s Sys=0.00s Real=0.00s
[13.440s][info ][gc,start       ] GC(682) Pause Young (Allocation Failure)
[13.440s][debug][gc,age         ] GC(682) Desired survivor size 1114112 bytes, new threshold 1 (max threshold 15)
[13.440s][info ][gc,heap        ] GC(682) DefNew: 19088K->1955K(19648K)
[13.440s][info ][gc,heap        ] GC(682) Tenured: 21525K->21916K(43712K)
[13.440s][info ][gc,metaspace   ] GC(682) Metaspace: 16398K->16398K(1064960K)
[13.440s][info ][gc             ] GC(682) Pause Young (Allocation Failure) 39M->23M(61M) 0.572ms
[13.440s][info ][gc,cpu         ] GC(682) User=0.00s Sys=0.00s Real=0.00s
[13.442s][info ][gc,start       ] GC(683) Pause Young (Allocation Failure)
[13.442s][debug][gc,age         ] GC(683) Desired survivor size 1114112 bytes, new threshold 1 (max threshold 15)
[13.442s][info ][gc,heap        ] GC(683) DefNew: 19086K->1955K(19648K)
[13.442s][info ][gc,heap        ] GC(683) Tenured: 21916K->22307K(43712K)
[13.442s][info ][gc,metaspace   ] GC(683) Metaspace: 16398K->16398K(1064960K)
[13.442s][info ][gc             ] GC(683) Pause Young (Allocation Failure) 40M->23M(61M) 0.664ms
[13.442s][info ][gc,cpu         ] GC(683) User=0.00s Sys=0.00s Real=0.00s
[13.444s][info ][gc,start       ] GC(684) Pause Young (Allocation Failure)
[13.444s][debug][gc,age         ] GC(684) Desired survivor size 1114112 bytes, new threshold 1 (max threshold 15)
[13.444s][info ][gc,heap        ] GC(684) DefNew: 19091K->1955K(19648K)
[13.444s][info ][gc,heap        ] GC(684) Tenured: 22307K->22698K(43712K)
[13.444s][info ][gc,metaspace   ] GC(684) Metaspace: 16398K->16398K(1064960K)
[13.445s][info ][gc             ] GC(684) Pause Young (Allocation Failure) 40M->24M(61M) 0.644ms
[13.445s][info ][gc,cpu         ] GC(684) User=0.00s Sys=0.00s Real=0.00s
[13.446s][info ][gc,start       ] GC(685) Pause Young (Allocation Failure)
[13.446s][debug][gc,age         ] GC(685) Desired survivor size 1114112 bytes, new threshold 1 (max threshold 15)
[13.446s][info ][gc,heap        ] GC(685) DefNew: 19136K->1955K(19648K)
[13.446s][info ][gc,heap        ] GC(685) Tenured: 22698K->22698K(43712K)
[13.446s][info ][gc,metaspace   ] GC(685) Metaspace: 16398K->16398K(1064960K)
[13.446s][info ][gc             ] GC(685) Pause Young (Allocation Failure) 40M->24M(61M) 0.505ms
[13.446s][info ][gc,cpu         ] GC(685) User=0.00s Sys=0.00s Real=0.00s
[13.448s][info ][gc,start       ] GC(686) Pause Young (Allocation Failure)
[13.448s][debug][gc,age         ] GC(686) Desired survivor size 1114112 bytes, new threshold 1 (max threshold 15)
[13.448s][info ][gc,heap        ] GC(686) DefNew: 19427K->1954K(19648K)
[13.448s][info ][gc,heap        ] GC(686) Tenured: 22698K->23089K(43712K)
[13.448s][info ][gc,metaspace   ] GC(686) Metaspace: 16398K->16398K(1064960K)
[13.448s][info ][gc             ] GC(686) Pause Young (Allocation Failure) 41M->24M(61M) 0.717ms
[13.448s][info ][gc,cpu         ] GC(686) User=0.00s Sys=0.00s Real=0.00s
[13.450s][info ][gc,start       ] GC(687) Pause Young (Allocation Failure)
[13.450s][debug][gc,age         ] GC(687) Desired survivor size 1114112 bytes, new threshold 1 (max threshold 15)
[13.450s][info ][gc,heap        ] GC(687) DefNew: 19130K->1955K(19648K)
[13.450s][info ][gc,heap        ] GC(687) Tenured: 23089K->23480K(43712K)
[13.450s][info ][gc,metaspace   ] GC(687) Metaspace: 16398K->16398K(1064960K)
[13.450s][info ][gc             ] GC(687) Pause Young (Allocation Failure) 41M->24M(61M) 0.783ms
[13.450s][info ][gc,cpu         ] GC(687) User=0.00s Sys=0.00s Real=0.00s
[13.452s][info ][gc,start       ] GC(688) Pause Young (Allocation Failure)
[13.453s][debug][gc,age         ] GC(688) Desired survivor size 1114112 bytes, new threshold 1 (max threshold 15)
[13.453s][info ][gc,heap        ] GC(688) DefNew: 19118K->1955K(19648K)
[13.453s][info ][gc,heap        ] GC(688) Tenured: 23480K->23870K(43712K)
[13.453s][info ][gc,metaspace   ] GC(688) Metaspace: 16398K->16398K(1064960K)
[13.453s][info ][gc             ] GC(688) Pause Young (Allocation Failure) 41M->25M(61M) 0.787ms
[13.453s][info ][gc,cpu         ] GC(688) User=0.01s Sys=0.00s Real=0.00s
[13.454s][info ][gc,start       ] GC(689) Pause Young (Allocation Failure)
[13.454s][debug][gc,age         ] GC(689) Desired survivor size 1114112 bytes, new threshold 1 (max threshold 15)
[13.455s][info ][gc,heap        ] GC(689) DefNew: 19427K->1955K(19648K)
[13.455s][info ][gc,heap        ] GC(689) Tenured: 23870K->24261K(43712K)
[13.455s][info ][gc,metaspace   ] GC(689) Metaspace: 16398K->16398K(1064960K)
[13.455s][info ][gc             ] GC(689) Pause Young (Allocation Failure) 42M->25M(61M) 0.643ms
[13.455s][info ][gc,cpu         ] GC(689) User=0.00s Sys=0.00s Real=0.00s
[13.456s][info ][gc,start       ] GC(690) Pause Young (Allocation Failure)
[13.456s][debug][gc,age         ] GC(690) Desired survivor size 1114112 bytes, new threshold 15 (max threshold 15)
[13.456s][info ][gc,heap        ] GC(690) DefNew: 19119K->783K(19648K)
[13.456s][info ][gc,heap        ] GC(690) Tenured: 24261K->24261K(43712K)
[13.456s][info ][gc,metaspace   ] GC(690) Metaspace: 16398K->16398K(1064960K)
[13.456s][info ][gc             ] GC(690) Pause Young (Allocation Failure) 42M->24M(61M) 0.415ms
[13.457s][info ][gc,cpu         ] GC(690) User=0.00s Sys=0.00s Real=0.00s
[13.458s][info ][gc,start       ] GC(691) Pause Young (Allocation Failure)
[13.458s][debug][gc,age         ] GC(691) Desired survivor size 1114112 bytes, new threshold 1 (max threshold 15)
[13.458s][info ][gc,heap        ] GC(691) DefNew: 17939K->1955K(19648K)
[13.458s][info ][gc,heap        ] GC(691) Tenured: 24261K->24652K(43712K)
[13.458s][info ][gc,metaspace   ] GC(691) Metaspace: 16398K->16398K(1064960K)
[13.458s][info ][gc             ] GC(691) Pause Young (Allocation Failure) 41M->25M(61M) 0.545ms
[13.458s][info ][gc,cpu         ] GC(691) User=0.00s Sys=0.00s Real=0.00s
[13.460s][info ][gc,start       ] GC(692) Pause Young (Allocation Failure)
[13.460s][debug][gc,age         ] GC(692) Desired survivor size 1114112 bytes, new threshold 15 (max threshold 15)
[13.460s][info ][gc,heap        ] GC(692) DefNew: 19073K->783K(19648K)
[13.460s][info ][gc,heap        ] GC(692) Tenured: 24652K->25043K(43712K)
[13.460s][info ][gc,metaspace   ] GC(692) Metaspace: 16398K->16398K(1064960K)
[13.460s][info ][gc             ] GC(692) Pause Young (Allocation Failure) 42M->25M(61M) 0.613ms
[13.461s][info ][gc,cpu         ] GC(692) User=0.00s Sys=0.00s Real=0.00s
[13.462s][info ][gc,start       ] GC(693) Pause Young (Allocation Failure)
[13.462s][debug][gc,age         ] GC(693) Desired survivor size 1114112 bytes, new threshold 1 (max threshold 15)
[13.462s][info ][gc,heap        ] GC(693) DefNew: 17941K->1955K(19648K)
[13.462s][info ][gc,heap        ] GC(693) Tenured: 25043K->25824K(43712K)
[13.462s][info ][gc,metaspace   ] GC(693) Metaspace: 16398K->16398K(1064960K)
[13.462s][info ][gc             ] GC(693) Pause Young (Allocation Failure) 41M->27M(61M) 0.590ms
[13.462s][info ][gc,cpu         ] GC(693) User=0.00s Sys=0.00s Real=0.00s
[13.464s][info ][gc,start       ] GC(694) Pause Young (Allocation Failure)
[13.465s][debug][gc,age         ] GC(694) Desired survivor size 1114112 bytes, new threshold 1 (max threshold 15)
[13.465s][info ][gc,heap        ] GC(694) DefNew: 19107K->1955K(19648K)
[13.465s][info ][gc,heap        ] GC(694) Tenured: 25824K->26606K(43712K)
[13.465s][info ][gc,metaspace   ] GC(694) Metaspace: 16398K->16398K(1064960K)
[13.465s][info ][gc             ] GC(694) Pause Young (Allocation Failure) 43M->27M(61M) 0.762ms
[13.465s][info ][gc,cpu         ] GC(694) User=0.00s Sys=0.00s Real=0.00s
[13.466s][info ][gc,start       ] GC(695) Pause Young (Allocation Failure)
[13.467s][debug][gc,age         ] GC(695) Desired survivor size 1114112 bytes, new threshold 1 (max threshold 15)
[13.467s][info ][gc,heap        ] GC(695) DefNew: 19103K->1955K(19648K)
[13.467s][info ][gc,heap        ] GC(695) Tenured: 26606K->27387K(43712K)
[13.467s][info ][gc,metaspace   ] GC(695) Metaspace: 16398K->16398K(1064960K)
[13.467s][info ][gc             ] GC(695) Pause Young (Allocation Failure) 44M->28M(61M) 0.788ms
[13.467s][info ][gc,cpu         ] GC(695) User=0.00s Sys=0.01s Real=0.00s
[13.468s][info ][gc,start       ] GC(696) Pause Young (Allocation Failure)
[13.469s][debug][gc,age         ] GC(696) Desired survivor size 1114112 bytes, new threshold 1 (max threshold 15)
[13.469s][info ][gc,heap        ] GC(696) DefNew: 19100K->1955K(19648K)
[13.469s][info ][gc,heap        ] GC(696) Tenured: 27387K->28168K(43712K)
[13.469s][info ][gc,metaspace   ] GC(696) Metaspace: 16398K->16398K(1064960K)
[13.469s][info ][gc             ] GC(696) Pause Young (Allocation Failure) 45M->29M(61M) 0.960ms
[13.469s][info ][gc,cpu         ] GC(696) User=0.00s Sys=0.00s Real=0.00s
[13.471s][info ][gc,start       ] GC(697) Pause Young (Allocation Failure)
[13.471s][debug][gc,age         ] GC(697) Desired survivor size 1114112 bytes, new threshold 1 (max threshold 15)
[13.471s][info ][gc,heap        ] GC(697) DefNew: 19098K->1955K(19648K)
[13.471s][info ][gc,heap        ] GC(697) Tenured: 28168K->28168K(43712K)
[13.471s][info ][gc,metaspace   ] GC(697) Metaspace: 16398K->16398K(1064960K)
[13.471s][info ][gc             ] GC(697) Pause Young (Allocation Failure) 46M->29M(61M) 0.619ms
[13.471s][info ][gc,cpu         ] GC(697) User=0.00s Sys=0.00s Real=0.00s
[13.472s][info ][gc,start       ] GC(698) Pause Young (Allocation Failure)
[13.473s][debug][gc,age         ] GC(698) Desired survivor size 1114112 bytes, new threshold 1 (max threshold 15)
[13.473s][info ][gc,heap        ] GC(698) DefNew: 19097K->1955K(19648K)
[13.473s][info ][gc,heap        ] GC(698) Tenured: 28168K->28950K(43712K)
[13.473s][info ][gc,metaspace   ] GC(698) Metaspace: 16398K->16398K(1064960K)
[13.473s][info ][gc             ] GC(698) Pause Young (Allocation Failure) 46M->30M(61M) 0.770ms
[13.473s][info ][gc,cpu         ] GC(698) User=0.00s Sys=0.00s Real=0.00s
[13.475s][info ][gc,start       ] GC(699) Pause Young (Allocation Failure)
[13.475s][debug][gc,age         ] GC(699) Desired survivor size 1114112 bytes, new threshold 1 (max threshold 15)
[13.475s][info ][gc,heap        ] GC(699) DefNew: 19097K->1955K(19648K)
[13.475s][info ][gc,heap        ] GC(699) Tenured: 28950K->30122K(43712K)
[13.475s][info ][gc,metaspace   ] GC(699) Metaspace: 16398K->16398K(1064960K)
[13.475s][info ][gc             ] GC(699) Pause Young (Allocation Failure) 46M->31M(61M) 0.641ms
[13.475s][info ][gc,cpu         ] GC(699) User=0.00s Sys=0.00s Real=0.00s
[13.477s][info ][gc,start       ] GC(700) Pause Young (Allocation Failure)
[13.477s][debug][gc,age         ] GC(700) Desired survivor size 1114112 bytes, new threshold 1 (max threshold 15)
[13.477s][info ][gc,heap        ] GC(700) DefNew: 19097K->1955K(19648K)
[13.477s][info ][gc,heap        ] GC(700) Tenured: 30122K->30903K(43712K)
[13.477s][info ][gc,metaspace   ] GC(700) Metaspace: 16398K->16398K(1064960K)
[13.477s][info ][gc             ] GC(700) Pause Young (Allocation Failure) 48M->32M(61M) 0.768ms
[13.477s][info ][gc,cpu         ] GC(700) User=0.00s Sys=0.00s Real=0.00s
[13.479s][info ][gc,start       ] GC(701) Pause Young (Allocation Failure)
[13.479s][debug][gc,age         ] GC(701) Desired survivor size 1114112 bytes, new threshold 1 (max threshold 15)
[13.479s][info ][gc,heap        ] GC(701) DefNew: 19096K->1955K(19648K)
[13.479s][info ][gc,heap        ] GC(701) Tenured: 30903K->31685K(43712K)
[13.479s][info ][gc,metaspace   ] GC(701) Metaspace: 16398K->16398K(1064960K)
[13.479s][info ][gc             ] GC(701) Pause Young (Allocation Failure) 48M->32M(61M) 0.686ms
[13.479s][info ][gc,cpu         ] GC(701) User=0.00s Sys=0.00s Real=0.01s
[13.481s][info ][gc,start       ] GC(702) Pause Young (Allocation Failure)
[13.481s][debug][gc,age         ] GC(702) Desired survivor size 1114112 bytes, new threshold 1 (max threshold 15)
[13.482s][info ][gc,heap        ] GC(702) DefNew: 19096K->1955K(19648K)
[13.482s][info ][gc,heap        ] GC(702) Tenured: 31685K->31685K(43712K)
[13.482s][info ][gc,metaspace   ] GC(702) Metaspace: 16398K->16398K(1064960K)
[13.482s][info ][gc             ] GC(702) Pause Young (Allocation Failure) 49M->32M(61M) 0.548ms
[13.482s][info ][gc,cpu         ] GC(702) User=0.00s Sys=0.00s Real=0.00s
[13.483s][info ][gc,start       ] GC(703) Pause Young (Allocation Failure)
[13.483s][debug][gc,age         ] GC(703) Desired survivor size 1114112 bytes, new threshold 1 (max threshold 15)
[13.483s][info ][gc,heap        ] GC(703) DefNew: 19096K->1955K(19648K)
[13.483s][info ][gc,heap        ] GC(703) Tenured: 31685K->32857K(43712K)
[13.483s][info ][gc,metaspace   ] GC(703) Metaspace: 16398K->16398K(1064960K)
[13.483s][info ][gc             ] GC(703) Pause Young (Allocation Failure) 49M->33M(61M) 0.686ms
[13.484s][info ][gc,cpu         ] GC(703) User=0.01s Sys=0.00s Real=0.00s
[13.485s][info ][gc,start       ] GC(704) Pause Young (Allocation Failure)
[13.485s][debug][gc,age         ] GC(704) Desired survivor size 1114112 bytes, new threshold 1 (max threshold 15)
[13.485s][info ][gc,heap        ] GC(704) DefNew: 19096K->1955K(19648K)
[13.486s][info ][gc,heap        ] GC(704) Tenured: 32857K->33247K(43712K)
[13.486s][info ][gc,metaspace   ] GC(704) Metaspace: 16398K->16398K(1064960K)
[13.486s][info ][gc             ] GC(704) Pause Young (Allocation Failure) 50M->34M(61M) 0.746ms
[13.486s][info ][gc,cpu         ] GC(704) User=0.00s Sys=0.00s Real=0.00s
[13.487s][info ][gc,start       ] GC(705) Pause Young (Allocation Failure)
[13.487s][debug][gc,age         ] GC(705) Desired survivor size 1114112 bytes, new threshold 1 (max threshold 15)
[13.488s][info ][gc,heap        ] GC(705) DefNew: 19095K->1955K(19648K)
[13.488s][info ][gc,heap        ] GC(705) Tenured: 33247K->33247K(43712K)
[13.488s][info ][gc,metaspace   ] GC(705) Metaspace: 16398K->16398K(1064960K)
[13.488s][info ][gc             ] GC(705) Pause Young (Allocation Failure) 51M->34M(61M) 0.650ms
[13.488s][info ][gc,cpu         ] GC(705) User=0.00s Sys=0.00s Real=0.00s
[13.489s][info ][gc,start       ] GC(706) Pause Young (Allocation Failure)
[13.489s][debug][gc,age         ] GC(706) Desired survivor size 1114112 bytes, new threshold 1 (max threshold 15)
[13.489s][info ][gc,heap        ] GC(706) DefNew: 19096K->1564K(19648K)
[13.489s][info ][gc,heap        ] GC(706) Tenured: 33247K->33247K(43712K)
[13.489s][info ][gc,metaspace   ] GC(706) Metaspace: 16398K->16398K(1064960K)
[13.489s][info ][gc             ] GC(706) Pause Young (Allocation Failure) 51M->33M(61M) 0.474ms
[13.489s][info ][gc,cpu         ] GC(706) User=0.00s Sys=0.00s Real=0.01s
[13.491s][info ][gc,start       ] GC(707) Pause Young (Allocation Failure)
[13.491s][debug][gc,age         ] GC(707) Desired survivor size 1114112 bytes, new threshold 1 (max threshold 15)
[13.491s][info ][gc,heap        ] GC(707) DefNew: 18705K->1173K(19648K)
[13.491s][info ][gc,heap        ] GC(707) Tenured: 33247K->33247K(43712K)
[13.491s][info ][gc,metaspace   ] GC(707) Metaspace: 16398K->16398K(1064960K)
[13.491s][info ][gc             ] GC(707) Pause Young (Allocation Failure) 50M->33M(61M) 0.544ms
[13.491s][info ][gc,cpu         ] GC(707) User=0.00s Sys=0.00s Real=0.00s
[13.492s][info ][gc,start       ] GC(708) Pause Young (Allocation Failure)
[13.493s][debug][gc,age         ] GC(708) Desired survivor size 1114112 bytes, new threshold 1 (max threshold 15)
[13.493s][info ][gc,heap        ] GC(708) DefNew: 18314K->1955K(19648K)
[13.493s][info ][gc,heap        ] GC(708) Tenured: 33247K->33638K(43712K)
[13.493s][info ][gc,metaspace   ] GC(708) Metaspace: 16398K->16398K(1064960K)
[13.493s][info ][gc             ] GC(708) Pause Young (Allocation Failure) 50M->34M(61M) 0.602ms
[13.493s][info ][gc,cpu         ] GC(708) User=0.00s Sys=0.00s Real=0.00s
[13.495s][info ][gc,start       ] GC(709) Pause Young (Allocation Failure)
[13.495s][debug][gc,age         ] GC(709) Desired survivor size 1114112 bytes, new threshold 1 (max threshold 15)
[13.495s][info ][gc,heap        ] GC(709) DefNew: 19096K->1955K(19648K)
[13.495s][info ][gc,heap        ] GC(709) Tenured: 33638K->33638K(43712K)
[13.495s][info ][gc,metaspace   ] GC(709) Metaspace: 16398K->16398K(1064960K)
[13.495s][info ][gc             ] GC(709) Pause Young (Allocation Failure) 51M->34M(61M) 0.858ms
[13.495s][info ][gc,cpu         ] GC(709) User=0.00s Sys=0.00s Real=0.00s
[13.497s][info ][gc,start       ] GC(710) Pause Young (Allocation Failure)
[13.497s][debug][gc,age         ] GC(710) Desired survivor size 1114112 bytes, new threshold 1 (max threshold 15)
[13.497s][info ][gc,heap        ] GC(710) DefNew: 19096K->1955K(19648K)
[13.497s][info ][gc,heap        ] GC(710) Tenured: 33638K->34810K(43712K)
[13.497s][info ][gc,metaspace   ] GC(710) Metaspace: 16398K->16398K(1064960K)
[13.497s][info ][gc             ] GC(710) Pause Young (Allocation Failure) 51M->35M(61M) 0.634ms
[13.497s][info ][gc,cpu         ] GC(710) User=0.00s Sys=0.00s Real=0.00s
[13.499s][info ][gc,start       ] GC(711) Pause Young (Allocation Failure)
[13.499s][debug][gc,age         ] GC(711) Desired survivor size 1114112 bytes, new threshold 1 (max threshold 15)
[13.499s][info ][gc,heap        ] GC(711) DefNew: 19095K->1564K(19648K)
[13.499s][info ][gc,heap        ] GC(711) Tenured: 34810K->34810K(43712K)
[13.499s][info ][gc,metaspace   ] GC(711) Metaspace: 16398K->16398K(1064960K)
[13.499s][info ][gc             ] GC(711) Pause Young (Allocation Failure) 52M->35M(61M) 0.479ms
[13.499s][info ][gc,cpu         ] GC(711) User=0.00s Sys=0.00s Real=0.00s
[13.500s][info ][gc,start       ] GC(712) Pause Young (Allocation Failure)
[13.501s][debug][gc,age         ] GC(712) Desired survivor size 1114112 bytes, new threshold 1 (max threshold 15)
[13.501s][info ][gc,heap        ] GC(712) DefNew: 18705K->1955K(19648K)
[13.501s][info ][gc,heap        ] GC(712) Tenured: 34810K->35591K(43712K)
[13.501s][info ][gc,metaspace   ] GC(712) Metaspace: 16398K->16398K(1064960K)
[13.501s][info ][gc             ] GC(712) Pause Young (Allocation Failure) 52M->36M(61M) 0.905ms
[13.501s][info ][gc,cpu         ] GC(712) User=0.00s Sys=0.00s Real=0.00s
[13.503s][info ][gc,start       ] GC(713) Pause Young (Allocation Failure)
[13.503s][debug][gc,age         ] GC(713) Desired survivor size 1114112 bytes, new threshold 1 (max threshold 15)
[13.503s][info ][gc,heap        ] GC(713) DefNew: 19096K->1174K(19648K)
[13.503s][info ][gc,heap        ] GC(713) Tenured: 35591K->35591K(43712K)
[13.503s][info ][gc,metaspace   ] GC(713) Metaspace: 16398K->16398K(1064960K)
[13.503s][info ][gc             ] GC(713) Pause Young (Allocation Failure) 53M->35M(61M) 0.643ms
[13.503s][info ][gc,cpu         ] GC(713) User=0.00s Sys=0.00s Real=0.00s
[13.505s][info ][gc,start       ] GC(714) Pause Young (Allocation Failure)
[13.505s][debug][gc,age         ] GC(714) Desired survivor size 1114112 bytes, new threshold 1 (max threshold 15)
[13.505s][info ][gc,heap        ] GC(714) DefNew: 18271K->1564K(19648K)
[13.505s][info ][gc,heap        ] GC(714) Tenured: 35591K->35592K(43712K)
[13.505s][info ][gc,metaspace   ] GC(714) Metaspace: 16398K->16398K(1064960K)
[13.505s][info ][gc             ] GC(714) Pause Young (Allocation Failure) 52M->36M(61M) 0.515ms
[13.505s][info ][gc,cpu         ] GC(714) User=0.00s Sys=0.00s Real=0.00s
[13.507s][info ][gc,start       ] GC(715) Pause Young (Allocation Failure)
[13.507s][debug][gc,age         ] GC(715) Desired survivor size 1114112 bytes, new threshold 1 (max threshold 15)
[13.507s][info ][gc,heap        ] GC(715) DefNew: 18720K->1955K(19648K)
[13.507s][info ][gc,heap        ] GC(715) Tenured: 35592K->35982K(43712K)
[13.507s][info ][gc,metaspace   ] GC(715) Metaspace: 16398K->16398K(1064960K)
[13.507s][info ][gc             ] GC(715) Pause Young (Allocation Failure) 53M->37M(61M) 0.568ms
[13.507s][info ][gc,cpu         ] GC(715) User=0.00s Sys=0.00s Real=0.00s
[13.508s][info ][gc,start       ] GC(716) Pause Young (Allocation Failure)
[13.509s][debug][gc,age         ] GC(716) Desired survivor size 1114112 bytes, new threshold 1 (max threshold 15)
[13.509s][info ][gc,heap        ] GC(716) DefNew: 19106K->1955K(19648K)
[13.509s][info ][gc,heap        ] GC(716) Tenured: 35982K->36373K(43712K)
[13.509s][info ][gc,metaspace   ] GC(716) Metaspace: 16398K->16398K(1064960K)
[13.509s][info ][gc             ] GC(716) Pause Young (Allocation Failure) 53M->37M(61M) 0.556ms
[13.509s][info ][gc,cpu         ] GC(716) User=0.00s Sys=0.00s Real=0.00s
[13.511s][info ][gc,start       ] GC(717) Pause Young (Allocation Failure)
[13.511s][debug][gc,age         ] GC(717) Desired survivor size 1114112 bytes, new threshold 1 (max threshold 15)
[13.511s][info ][gc,heap        ] GC(717) DefNew: 19102K->1955K(19648K)
[13.511s][info ][gc,heap        ] GC(717) Tenured: 36373K->36373K(43712K)
[13.511s][info ][gc,metaspace   ] GC(717) Metaspace: 16398K->16398K(1064960K)
[13.511s][info ][gc             ] GC(717) Pause Young (Allocation Failure) 54M->37M(61M) 0.622ms
[13.511s][info ][gc,cpu         ] GC(717) User=0.00s Sys=0.00s Real=0.00s
[13.512s][info ][gc,start       ] GC(718) Pause Young (Allocation Failure)
[13.513s][debug][gc,age         ] GC(718) Desired survivor size 1114112 bytes, new threshold 1 (max threshold 15)
[13.513s][info ][gc,heap        ] GC(718) DefNew: 19100K->1564K(19648K)
[13.513s][info ][gc,heap        ] GC(718) Tenured: 36373K->36373K(43712K)
[13.513s][info ][gc,metaspace   ] GC(718) Metaspace: 16398K->16398K(1064960K)
[13.513s][info ][gc             ] GC(718) Pause Young (Allocation Failure) 54M->37M(61M) 0.549ms
[13.513s][info ][gc,cpu         ] GC(718) User=0.00s Sys=0.00s Real=0.00s
[13.514s][info ][gc,start       ] GC(719) Pause Young (Allocation Failure)
[13.515s][debug][gc,age         ] GC(719) Desired survivor size 1114112 bytes, new threshold 1 (max threshold 15)
[13.515s][info ][gc,heap        ] GC(719) DefNew: 18707K->1564K(19648K)
[13.515s][info ][gc,heap        ] GC(719) Tenured: 36373K->36373K(43712K)
[13.515s][info ][gc,metaspace   ] GC(719) Metaspace: 16398K->16398K(1064960K)
[13.515s][info ][gc             ] GC(719) Pause Young (Allocation Failure) 53M->37M(61M) 0.536ms
[13.515s][info ][gc,cpu         ] GC(719) User=0.00s Sys=0.00s Real=0.00s
[13.516s][info ][gc,start       ] GC(720) Pause Young (Allocation Failure)
[13.517s][debug][gc,age         ] GC(720) Desired survivor size 1114112 bytes, new threshold 1 (max threshold 15)
[13.517s][info ][gc,heap        ] GC(720) DefNew: 18707K->1955K(19648K)
[13.517s][info ][gc,heap        ] GC(720) Tenured: 36373K->36373K(43712K)
[13.517s][info ][gc,metaspace   ] GC(720) Metaspace: 16398K->16398K(1064960K)
[13.517s][info ][gc             ] GC(720) Pause Young (Allocation Failure) 53M->37M(61M) 0.660ms
[13.517s][info ][gc,cpu         ] GC(720) User=0.00s Sys=0.00s Real=0.00s
[13.518s][info ][gc,start       ] GC(721) Pause Young (Allocation Failure)
[13.519s][debug][gc,age         ] GC(721) Desired survivor size 1114112 bytes, new threshold 1 (max threshold 15)
[13.519s][info ][gc,heap        ] GC(721) DefNew: 19058K->1955K(19648K)
[13.519s][info ][gc,heap        ] GC(721) Tenured: 36373K->37155K(43712K)
[13.519s][info ][gc,metaspace   ] GC(721) Metaspace: 16398K->16398K(1064960K)
[13.519s][info ][gc             ] GC(721) Pause Young (Allocation Failure) 54M->38M(61M) 0.713ms
[13.519s][info ][gc,cpu         ] GC(721) User=0.00s Sys=0.00s Real=0.00s
[13.520s][info ][gc,start       ] GC(722) Pause Young (Allocation Failure)
[13.521s][debug][gc,age         ] GC(722) Desired survivor size 1114112 bytes, new threshold 1 (max threshold 15)
[13.521s][info ][gc,heap        ] GC(722) DefNew: 19110K->1955K(19648K)
[13.521s][info ][gc,heap        ] GC(722) Tenured: 37155K->37936K(43712K)
[13.521s][info ][gc,metaspace   ] GC(722) Metaspace: 16398K->16398K(1064960K)
[13.521s][info ][gc             ] GC(722) Pause Young (Allocation Failure) 54M->38M(61M) 0.717ms
[13.521s][info ][gc,cpu         ] GC(722) User=0.00s Sys=0.00s Real=0.00s
[13.522s][info ][gc,start       ] GC(723) Pause Young (Allocation Failure)
[13.523s][debug][gc,age         ] GC(723) Desired survivor size 1114112 bytes, new threshold 1 (max threshold 15)
[13.523s][info ][gc,heap        ] GC(723) DefNew: 19060K->1564K(19648K)
[13.523s][info ][gc,heap        ] GC(723) Tenured: 37936K->38327K(43712K)
[13.523s][info ][gc,metaspace   ] GC(723) Metaspace: 16398K->16398K(1064960K)
[13.523s][info ][gc             ] GC(723) Pause Young (Allocation Failure) 55M->38M(61M) 0.716ms
[13.523s][info ][gc,cpu         ] GC(723) User=0.00s Sys=0.00s Real=0.00s
[13.525s][info ][gc,start       ] GC(724) Pause Young (Allocation Failure)
[13.525s][debug][gc,age         ] GC(724) Desired survivor size 1114112 bytes, new threshold 1 (max threshold 15)
[13.525s][info ][gc,heap        ] GC(724) DefNew: 18684K->1564K(19648K)
[13.525s][info ][gc,heap        ] GC(724) Tenured: 38327K->38718K(43712K)
[13.525s][info ][gc,metaspace   ] GC(724) Metaspace: 16398K->16398K(1064960K)
[13.525s][info ][gc             ] GC(724) Pause Young (Allocation Failure) 55M->39M(61M) 0.521ms
[13.525s][info ][gc,cpu         ] GC(724) User=0.00s Sys=0.00s Real=0.00s
[13.527s][info ][gc,start       ] GC(725) Pause Young (Allocation Failure)
[13.527s][debug][gc,age         ] GC(725) Desired survivor size 1114112 bytes, new threshold 1 (max threshold 15)
[13.527s][info ][gc,heap        ] GC(725) DefNew: 18734K->1955K(19648K)
[13.527s][info ][gc,heap        ] GC(725) Tenured: 38718K->38718K(43712K)
[13.527s][info ][gc,metaspace   ] GC(725) Metaspace: 16398K->16398K(1064960K)
[13.527s][info ][gc             ] GC(725) Pause Young (Allocation Failure) 56M->39M(61M) 0.830ms
[13.527s][info ][gc,cpu         ] GC(725) User=0.00s Sys=0.00s Real=0.00s
[13.529s][info ][gc,start       ] GC(726) Pause Young (Allocation Failure)
[13.529s][debug][gc,age         ] GC(726) Desired survivor size 1114112 bytes, new threshold 1 (max threshold 15)
[13.529s][info ][gc,heap        ] GC(726) DefNew: 19114K->1955K(19648K)
[13.529s][info ][gc,heap        ] GC(726) Tenured: 38718K->39499K(43712K)
[13.529s][info ][gc,metaspace   ] GC(726) Metaspace: 16398K->16398K(1064960K)
[13.529s][info ][gc             ] GC(726) Pause Young (Allocation Failure) 56M->40M(61M) 0.588ms
[13.529s][info ][gc,cpu         ] GC(726) User=0.00s Sys=0.00s Real=0.00s
[13.531s][info ][gc,start       ] GC(727) Pause Young (Allocation Failure)
[13.531s][debug][gc,age         ] GC(727) Desired survivor size 1114112 bytes, new threshold 1 (max threshold 15)
[13.531s][info ][gc,heap        ] GC(727) DefNew: 19108K->1955K(19648K)
[13.531s][info ][gc,heap        ] GC(727) Tenured: 39499K->39499K(43712K)
[13.531s][info ][gc,metaspace   ] GC(727) Metaspace: 16398K->16398K(1064960K)
[13.531s][info ][gc             ] GC(727) Pause Young (Allocation Failure) 57M->40M(61M) 0.508ms
[13.531s][info ][gc,cpu         ] GC(727) User=0.00s Sys=0.00s Real=0.00s
[13.532s][info ][gc,start       ] GC(728) Pause Young (Allocation Failure)
[13.533s][debug][gc,age         ] GC(728) Desired survivor size 1114112 bytes, new threshold 1 (max threshold 15)
[13.533s][info ][gc,heap        ] GC(728) DefNew: 19103K->1955K(19648K)
[13.533s][info ][gc,heap        ] GC(728) Tenured: 39499K->39890K(43712K)
[13.533s][info ][gc,metaspace   ] GC(728) Metaspace: 16398K->16398K(1064960K)
[13.533s][info ][gc             ] GC(728) Pause Young (Allocation Failure) 57M->40M(61M) 0.712ms
[13.533s][info ][gc,cpu         ] GC(728) User=0.00s Sys=0.00s Real=0.00s
[13.534s][info ][gc,start       ] GC(729) Pause Young (Allocation Failure)
[13.535s][debug][gc,age         ] GC(729) Desired survivor size 1114112 bytes, new threshold 1 (max threshold 15)
[13.535s][info ][gc,heap        ] GC(729) DefNew: 19100K->1955K(19648K)
[13.535s][info ][gc,heap        ] GC(729) Tenured: 39890K->40280K(43712K)
[13.535s][info ][gc,metaspace   ] GC(729) Metaspace: 16398K->16398K(1064960K)
[13.535s][info ][gc             ] GC(729) Pause Young (Allocation Failure) 57M->41M(61M) 0.630ms
[13.535s][info ][gc,cpu         ] GC(729) User=0.00s Sys=0.00s Real=0.00s
[13.536s][info ][gc,start       ] GC(730) Pause Young (Allocation Failure)
[13.537s][debug][gc,age         ] GC(730) Desired survivor size 1114112 bytes, new threshold 1 (max threshold 15)
[13.537s][info ][gc,heap        ] GC(730) DefNew: 19050K->1564K(19648K)
[13.537s][info ][gc,heap        ] GC(730) Tenured: 40280K->40281K(43712K)
[13.537s][info ][gc,metaspace   ] GC(730) Metaspace: 16398K->16398K(1064960K)
[13.537s][info ][gc             ] GC(730) Pause Young (Allocation Failure) 57M->40M(61M) 0.682ms
[13.537s][info ][gc,cpu         ] GC(730) User=0.01s Sys=0.00s Real=0.00s
[13.538s][info ][gc,start       ] GC(731) Pause Young (Allocation Failure)
[13.539s][debug][gc,age         ] GC(731) Desired survivor size 1114112 bytes, new threshold 1 (max threshold 15)
[13.539s][info ][gc,heap        ] GC(731) DefNew: 18724K->1955K(19648K)
[13.539s][info ][gc,heap        ] GC(731) Tenured: 40281K->41062K(43712K)
[13.539s][info ][gc,metaspace   ] GC(731) Metaspace: 16398K->16398K(1064960K)
[13.539s][info ][gc             ] GC(731) Pause Young (Allocation Failure) 57M->42M(61M) 0.667ms
[13.539s][info ][gc,cpu         ] GC(731) User=0.00s Sys=0.00s Real=0.00s
[13.540s][info ][gc,start       ] GC(732) Pause Young (Allocation Failure)
[13.541s][debug][gc,age         ] GC(732) Desired survivor size 1114112 bytes, new threshold 1 (max threshold 15)
[13.541s][info ][gc,heap        ] GC(732) DefNew: 19108K->1955K(19648K)
[13.541s][info ][gc,heap        ] GC(732) Tenured: 41062K->41843K(43712K)
[13.541s][info ][gc,metaspace   ] GC(732) Metaspace: 16398K->16398K(1064960K)
[13.541s][info ][gc             ] GC(732) Pause Young (Allocation Failure) 58M->42M(61M) 0.597ms
[13.541s][info ][gc,cpu         ] GC(732) User=0.00s Sys=0.00s Real=0.00s
[13.542s][info ][gc,start       ] GC(733) Pause Young (Allocation Failure)
[13.543s][debug][gc,age         ] GC(733) Desired survivor size 1114112 bytes, new threshold 1 (max threshold 15)
[13.543s][info ][gc,heap        ] GC(733) DefNew: 19104K->1955K(19648K)
[13.543s][info ][gc,heap        ] GC(733) Tenured: 41843K->41843K(43712K)
[13.543s][info ][gc,metaspace   ] GC(733) Metaspace: 16398K->16398K(1064960K)
[13.543s][info ][gc             ] GC(733) Pause Young (Allocation Failure) 59M->42M(61M) 0.582ms
[13.543s][info ][gc,cpu         ] GC(733) User=0.00s Sys=0.00s Real=0.00s
[13.544s][info ][gc,start       ] GC(734) Pause Young (Allocation Failure)
[13.545s][debug][gc,age         ] GC(734) Desired survivor size 1114112 bytes, new threshold 1 (max threshold 15)
[13.545s][info ][gc,heap        ] GC(734) DefNew: 19101K->1173K(19648K)
[13.545s][info ][gc,heap        ] GC(734) Tenured: 41843K->41843K(43712K)
[13.545s][info ][gc,metaspace   ] GC(734) Metaspace: 16398K->16398K(1064960K)
[13.545s][info ][gc             ] GC(734) Pause Young (Allocation Failure) 59M->42M(61M) 0.566ms
[13.545s][info ][gc,cpu         ] GC(734) User=0.00s Sys=0.00s Real=0.00s
[13.546s][info ][gc,start       ] GC(735) Pause Young (Allocation Failure)
[13.547s][debug][gc,age         ] GC(735) Desired survivor size 1114112 bytes, new threshold 1 (max threshold 15)
[13.547s][info ][gc,heap        ] GC(735) DefNew: 18276K->1955K(19648K)
[13.547s][info ][gc,heap        ] GC(735) Tenured: 41843K->41844K(43712K)
[13.547s][info ][gc,metaspace   ] GC(735) Metaspace: 16398K->16398K(1064960K)
[13.547s][info ][gc             ] GC(735) Pause Young (Allocation Failure) 58M->42M(61M) 0.560ms
[13.547s][info ][gc,cpu         ] GC(735) User=0.00s Sys=0.00s Real=0.00s
[13.548s][info ][gc,start       ] GC(736) Pause Young (Allocation Failure)
[13.549s][debug][gc,age         ] GC(736) Desired survivor size 1114112 bytes, new threshold 1 (max threshold 15)
[13.549s][info ][gc,heap        ] GC(736) DefNew: 19112K->1564K(19648K)
[13.549s][info ][gc,heap        ] GC(736) Tenured: 41844K->42235K(43712K)
[13.549s][info ][gc,metaspace   ] GC(736) Metaspace: 16398K->16398K(1064960K)
[13.549s][info ][gc             ] GC(736) Pause Young (Allocation Failure) 59M->42M(61M) 0.635ms
[13.549s][info ][gc,cpu         ] GC(736) User=0.00s Sys=0.00s Real=0.00s
[13.550s][info ][gc,start       ] GC(737) Pause Young (Allocation Failure)
[13.551s][debug][gc,age         ] GC(737) Desired survivor size 1114112 bytes, new threshold 1 (max threshold 15)
[13.551s][info ][gc,heap        ] GC(737) DefNew: 18715K->1955K(19648K)
[13.551s][info ][gc,heap        ] GC(737) Tenured: 42235K->42235K(43712K)
[13.551s][info ][gc,metaspace   ] GC(737) Metaspace: 16398K->16398K(1064960K)
[13.551s][info ][gc             ] GC(737) Pause Young (Allocation Failure) 59M->43M(61M) 0.780ms
[13.551s][info ][gc,cpu         ] GC(737) User=0.00s Sys=0.00s Real=0.00s
[13.552s][info ][gc,start       ] GC(738) Pause Young (Allocation Failure)
[13.553s][debug][gc,age         ] GC(738) Desired survivor size 1114112 bytes, new threshold 15 (max threshold 15)
[13.553s][info ][gc,heap        ] GC(738) DefNew: 19058K->783K(19648K)
[13.553s][info ][gc,heap        ] GC(738) Tenured: 42235K->42235K(43712K)
[13.553s][info ][gc,metaspace   ] GC(738) Metaspace: 16398K->16398K(1064960K)
[13.553s][info ][gc             ] GC(738) Pause Young (Allocation Failure) 59M->42M(61M) 0.395ms
[13.553s][info ][gc,cpu         ] GC(738) User=0.00s Sys=0.00s Real=0.00s
[13.554s][info ][gc,start       ] GC(739) Pause Young (Allocation Failure)
[13.554s][debug][gc,age         ] GC(739) Desired survivor size 1114112 bytes, new threshold 1 (max threshold 15)
[13.554s][info ][gc,heap        ] GC(739) DefNew: 17943K->1955K(19648K)
[13.554s][info ][gc,heap        ] GC(739) Tenured: 42235K->42235K(43712K)
[13.554s][info ][gc,metaspace   ] GC(739) Metaspace: 16398K->16398K(1064960K)
[13.554s][info ][gc             ] GC(739) Pause Young (Allocation Failure) 58M->43M(61M) 0.545ms
[13.554s][info ][gc,cpu         ] GC(739) User=0.00s Sys=0.00s Real=0.00s
[13.556s][info ][gc,start       ] GC(740) Pause Young (Allocation Failure)
[13.556s][debug][gc,age         ] GC(740) Desired survivor size 1114112 bytes, new threshold 1 (max threshold 15)
[13.556s][info ][gc,heap        ] GC(740) DefNew: 19109K->1955K(19648K)
[13.556s][info ][gc,heap        ] GC(740) Tenured: 42235K->42626K(43712K)
[13.556s][info ][gc,metaspace   ] GC(740) Metaspace: 16398K->16398K(1064960K)
[13.556s][info ][gc             ] GC(740) Pause Young (Allocation Failure) 59M->43M(61M) 0.553ms
[13.556s][info ][gc,cpu         ] GC(740) User=0.00s Sys=0.00s Real=0.00s
[13.558s][info ][gc,start       ] GC(741) Pause Young (Allocation Failure)
[13.558s][debug][gc,age         ] GC(741) Desired survivor size 1114112 bytes, new threshold 1 (max threshold 15)
[13.558s][info ][gc,heap        ] GC(741) DefNew: 19104K->1955K(19648K)
[13.558s][info ][gc,heap        ] GC(741) Tenured: 42626K->43016K(43712K)
[13.558s][info ][gc,metaspace   ] GC(741) Metaspace: 16398K->16398K(1064960K)
[13.558s][info ][gc             ] GC(741) Pause Young (Allocation Failure) 60M->43M(61M) 0.559ms
[13.558s][info ][gc,cpu         ] GC(741) User=0.00s Sys=0.00s Real=0.00s
[13.560s][info ][gc,start       ] GC(742) Pause Young (Allocation Failure)
[13.560s][info ][gc,start       ] GC(743) Pause Full (Allocation Failure)
[13.560s][info ][gc,phases,start] GC(743) Phase 1: Mark live objects
[13.563s][debug][gc,phases      ] GC(743) Reference Processing 0.041ms
[13.563s][debug][gc,phases      ] GC(743) Weak Processing 0.013ms
[13.563s][debug][gc,phases      ] GC(743) ClassLoaderData 0.024ms
[13.563s][debug][gc,phases      ] GC(743) ProtectionDomainCacheTable 0.002ms
[13.563s][debug][gc,phases      ] GC(743) ResolvedMethodTable 0.037ms
[13.564s][debug][gc,phases      ] GC(743) Class Unloading 0.930ms
[13.564s][debug][gc,phases      ] GC(743) Scrub String Table 0.058ms
[13.565s][debug][gc,phases      ] GC(743) Scrub Symbol Table 1.078ms
[13.565s][info ][gc,phases      ] GC(743) Phase 1: Mark live objects 5.293ms
[13.565s][info ][gc,phases,start] GC(743) Phase 2: Compute new object addresses
[13.566s][info ][gc,phases      ] GC(743) Phase 2: Compute new object addresses 0.903ms
[13.566s][info ][gc,phases,start] GC(743) Phase 3: Adjust pointers
[13.570s][info ][gc,phases      ] GC(743) Phase 3: Adjust pointers 3.916ms
[13.570s][info ][gc,phases,start] GC(743) Phase 4: Move objects
[13.571s][info ][gc,phases      ] GC(743) Phase 4: Move objects 1.119ms
[13.572s][info ][gc             ] GC(743) Pause Full (Allocation Failure) 60M->5M(61M) 11.585ms
[13.572s][info ][gc,heap        ] GC(742) DefNew: 19101K->0K(19648K)
[13.572s][info ][gc,heap        ] GC(742) Tenured: 43016K->5880K(43712K)
[13.572s][info ][gc,metaspace   ] GC(742) Metaspace: 16398K->16398K(1064960K)
[13.572s][info ][gc             ] GC(742) Pause Young (Allocation Failure) 60M->5M(61M) 11.721ms
[13.572s][info ][gc,cpu         ] GC(742) User=0.01s Sys=0.00s Real=0.01s
[13.573s][info ][gc,start       ] GC(744) Pause Young (Allocation Failure)
[13.573s][debug][gc,age         ] GC(744) Desired survivor size 1114112 bytes, new threshold 1 (max threshold 15)
[13.573s][info ][gc,heap        ] GC(744) DefNew: 17144K->1174K(19648K)
[13.573s][info ][gc,heap        ] GC(744) Tenured: 5880K->5880K(43712K)
[13.573s][info ][gc,metaspace   ] GC(744) Metaspace: 16398K->16398K(1064960K)
[13.573s][info ][gc             ] GC(744) Pause Young (Allocation Failure) 22M->6M(61M) 0.507ms
[13.573s][info ][gc,cpu         ] GC(744) User=0.00s Sys=0.00s Real=0.00s
[13.575s][info ][gc,start       ] GC(745) Pause Young (Allocation Failure)
[13.575s][debug][gc,age         ] GC(745) Desired survivor size 1114112 bytes, new threshold 1 (max threshold 15)
[13.575s][info ][gc,heap        ] GC(745) DefNew: 18317K->1955K(19648K)
[13.575s][info ][gc,heap        ] GC(745) Tenured: 5880K->6662K(43712K)
[13.575s][info ][gc,metaspace   ] GC(745) Metaspace: 16398K->16398K(1064960K)
[13.575s][info ][gc             ] GC(745) Pause Young (Allocation Failure) 23M->8M(61M) 0.724ms
[13.575s][info ][gc,cpu         ] GC(745) User=0.00s Sys=0.00s Real=0.00s
[13.577s][info ][gc,start       ] GC(746) Pause Young (Allocation Failure)
[13.578s][debug][gc,age         ] GC(746) Desired survivor size 1114112 bytes, new threshold 1 (max threshold 15)
[13.578s][info ][gc,heap        ] GC(746) DefNew: 19097K->1955K(19648K)
[13.578s][info ][gc,heap        ] GC(746) Tenured: 6662K->7834K(43712K)
[13.578s][info ][gc,metaspace   ] GC(746) Metaspace: 16398K->16398K(1064960K)
[13.578s][info ][gc             ] GC(746) Pause Young (Allocation Failure) 25M->9M(61M) 0.850ms
[13.578s][info ][gc,cpu         ] GC(746) User=0.00s Sys=0.00s Real=0.00s
[13.579s][info ][gc,start       ] GC(747) Pause Young (Allocation Failure)
[13.580s][debug][gc,age         ] GC(747) Desired survivor size 1114112 bytes, new threshold 1 (max threshold 15)
[13.580s][info ][gc,heap        ] GC(747) DefNew: 19096K->1955K(19648K)
[13.580s][info ][gc,heap        ] GC(747) Tenured: 7834K->8615K(43712K)
[13.580s][info ][gc,metaspace   ] GC(747) Metaspace: 16398K->16398K(1064960K)
[13.580s][info ][gc             ] GC(747) Pause Young (Allocation Failure) 26M->10M(61M) 0.963ms
[13.580s][info ][gc,cpu         ] GC(747) User=0.00s Sys=0.00s Real=0.01s
[13.581s][info ][gc,start       ] GC(748) Pause Young (Allocation Failure)
[13.582s][debug][gc,age         ] GC(748) Desired survivor size 1114112 bytes, new threshold 1 (max threshold 15)
[13.582s][info ][gc,heap        ] GC(748) DefNew: 19056K->1955K(19648K)
[13.582s][info ][gc,heap        ] GC(748) Tenured: 8615K->9397K(43712K)
[13.582s][info ][gc,metaspace   ] GC(748) Metaspace: 16398K->16398K(1064960K)
[13.582s][info ][gc             ] GC(748) Pause Young (Allocation Failure) 27M->11M(61M) 0.793ms
[13.582s][info ][gc,cpu         ] GC(748) User=0.00s Sys=0.00s Real=0.00s
[13.583s][info ][gc,start       ] GC(749) Pause Young (Allocation Failure)
[13.584s][debug][gc,age         ] GC(749) Desired survivor size 1114112 bytes, new threshold 1 (max threshold 15)
[13.584s][info ][gc,heap        ] GC(749) DefNew: 19110K->1564K(19648K)
[13.584s][info ][gc,heap        ] GC(749) Tenured: 9397K->9397K(43712K)
[13.584s][info ][gc,metaspace   ] GC(749) Metaspace: 16398K->16398K(1064960K)
[13.584s][info ][gc             ] GC(749) Pause Young (Allocation Failure) 27M->10M(61M) 0.504ms
[13.584s][info ][gc,cpu         ] GC(749) User=0.00s Sys=0.00s Real=0.00s
[13.585s][info ][gc,start       ] GC(750) Pause Young (Allocation Failure)
[13.586s][debug][gc,age         ] GC(750) Desired survivor size 1114112 bytes, new threshold 1 (max threshold 15)
[13.586s][info ][gc,heap        ] GC(750) DefNew: 18714K->1955K(19648K)
[13.586s][info ][gc,heap        ] GC(750) Tenured: 9397K->9397K(43712K)
[13.586s][info ][gc,metaspace   ] GC(750) Metaspace: 16398K->16398K(1064960K)
[13.586s][info ][gc             ] GC(750) Pause Young (Allocation Failure) 27M->11M(61M) 0.505ms
[13.586s][info ][gc,cpu         ] GC(750) User=0.00s Sys=0.00s Real=0.00s
[13.587s][info ][gc,start       ] GC(751) Pause Young (Allocation Failure)
[13.587s][debug][gc,age         ] GC(751) Desired survivor size 1114112 bytes, new threshold 1 (max threshold 15)
[13.587s][info ][gc,heap        ] GC(751) DefNew: 19102K->1564K(19648K)
[13.587s][info ][gc,heap        ] GC(751) Tenured: 9397K->9397K(43712K)
[13.587s][info ][gc,metaspace   ] GC(751) Metaspace: 16398K->16398K(1064960K)
[13.587s][info ][gc             ] GC(751) Pause Young (Allocation Failure) 27M->10M(61M) 0.469ms
[13.587s][info ][gc,cpu         ] GC(751) User=0.00s Sys=0.00s Real=0.00s
[13.589s][info ][gc,start       ] GC(752) Pause Young (Allocation Failure)
[13.589s][debug][gc,age         ] GC(752) Desired survivor size 1114112 bytes, new threshold 1 (max threshold 15)
[13.589s][info ][gc,heap        ] GC(752) DefNew: 18709K->1955K(19648K)
[13.589s][info ][gc,heap        ] GC(752) Tenured: 9397K->9788K(43712K)
[13.589s][info ][gc,metaspace   ] GC(752) Metaspace: 16398K->16398K(1064960K)
[13.589s][info ][gc             ] GC(752) Pause Young (Allocation Failure) 27M->11M(61M) 0.541ms
[13.589s][info ][gc,cpu         ] GC(752) User=0.00s Sys=0.00s Real=0.01s
[13.591s][info ][gc,start       ] GC(753) Pause Young (Allocation Failure)
[13.591s][debug][gc,age         ] GC(753) Desired survivor size 1114112 bytes, new threshold 1 (max threshold 15)
[13.591s][info ][gc,heap        ] GC(753) DefNew: 19098K->1955K(19648K)
[13.591s][info ][gc,heap        ] GC(753) Tenured: 9788K->10569K(43712K)
[13.591s][info ][gc,metaspace   ] GC(753) Metaspace: 16398K->16398K(1064960K)
[13.591s][info ][gc             ] GC(753) Pause Young (Allocation Failure) 28M->12M(61M) 0.672ms
[13.591s][info ][gc,cpu         ] GC(753) User=0.00s Sys=0.00s Real=0.00s
[13.593s][info ][gc,start       ] GC(754) Pause Young (Allocation Failure)
[13.593s][debug][gc,age         ] GC(754) Desired survivor size 1114112 bytes, new threshold 1 (max threshold 15)
[13.593s][info ][gc,heap        ] GC(754) DefNew: 19097K->1955K(19648K)
[13.593s][info ][gc,heap        ] GC(754) Tenured: 10569K->10960K(43712K)
[13.593s][info ][gc,metaspace   ] GC(754) Metaspace: 16398K->16398K(1064960K)
[13.593s][info ][gc             ] GC(754) Pause Young (Allocation Failure) 28M->12M(61M) 0.554ms
[13.593s][info ][gc,cpu         ] GC(754) User=0.00s Sys=0.00s Real=0.00s
[13.595s][info ][gc,start       ] GC(755) Pause Young (Allocation Failure)
[13.596s][debug][gc,age         ] GC(755) Desired survivor size 1114112 bytes, new threshold 1 (max threshold 15)
[13.596s][info ][gc,heap        ] GC(755) DefNew: 19427K->1173K(19648K)
[13.596s][info ][gc,heap        ] GC(755) Tenured: 10960K->11351K(43712K)
[13.596s][info ][gc,metaspace   ] GC(755) Metaspace: 16398K->16398K(1064960K)
[13.596s][info ][gc             ] GC(755) Pause Young (Allocation Failure) 29M->12M(61M) 0.550ms
[13.596s][info ][gc,cpu         ] GC(755) User=0.00s Sys=0.00s Real=0.00s
[13.597s][info ][gc,start       ] GC(756) Pause Young (Allocation Failure)
[13.597s][debug][gc,age         ] GC(756) Desired survivor size 1114112 bytes, new threshold 1 (max threshold 15)
[13.597s][info ][gc,heap        ] GC(756) DefNew: 18332K->1955K(19648K)
[13.597s][info ][gc,heap        ] GC(756) Tenured: 11351K->12132K(43712K)
[13.597s][info ][gc,metaspace   ] GC(756) Metaspace: 16398K->16398K(1064960K)
[13.597s][info ][gc             ] GC(756) Pause Young (Allocation Failure) 28M->13M(61M) 0.561ms
[13.597s][info ][gc,cpu         ] GC(756) User=0.00s Sys=0.00s Real=0.00s
[13.599s][info ][gc,start       ] GC(757) Pause Young (Allocation Failure)
[13.599s][debug][gc,age         ] GC(757) Desired survivor size 1114112 bytes, new threshold 1 (max threshold 15)
[13.599s][info ][gc,heap        ] GC(757) DefNew: 19108K->1955K(19648K)
[13.599s][info ][gc,heap        ] GC(757) Tenured: 12132K->12913K(43712K)
[13.599s][info ][gc,metaspace   ] GC(757) Metaspace: 16398K->16398K(1064960K)
[13.599s][info ][gc             ] GC(757) Pause Young (Allocation Failure) 30M->14M(61M) 0.587ms
[13.599s][info ][gc,cpu         ] GC(757) User=0.00s Sys=0.00s Real=0.01s
[13.601s][info ][gc,start       ] GC(758) Pause Young (Allocation Failure)
[13.601s][debug][gc,age         ] GC(758) Desired survivor size 1114112 bytes, new threshold 1 (max threshold 15)
[13.601s][info ][gc,heap        ] GC(758) DefNew: 19103K->1955K(19648K)
[13.602s][info ][gc,heap        ] GC(758) Tenured: 12913K->13304K(43712K)
[13.602s][info ][gc,metaspace   ] GC(758) Metaspace: 16398K->16398K(1064960K)
[13.602s][info ][gc             ] GC(758) Pause Young (Allocation Failure) 31M->14M(61M) 0.628ms
[13.602s][info ][gc,cpu         ] GC(758) User=0.00s Sys=0.00s Real=0.00s
[13.603s][info ][gc,start       ] GC(759) Pause Young (Allocation Failure)
[13.603s][debug][gc,age         ] GC(759) Desired survivor size 1114112 bytes, new threshold 1 (max threshold 15)
[13.603s][info ][gc,heap        ] GC(759) DefNew: 19100K->1955K(19648K)
[13.603s][info ][gc,heap        ] GC(759) Tenured: 13304K->14476K(43712K)
[13.603s][info ][gc,metaspace   ] GC(759) Metaspace: 16398K->16398K(1064960K)
[13.603s][info ][gc             ] GC(759) Pause Young (Allocation Failure) 31M->16M(61M) 0.729ms
[13.604s][info ][gc,cpu         ] GC(759) User=0.00s Sys=0.00s Real=0.00s
[13.605s][info ][gc,start       ] GC(760) Pause Young (Allocation Failure)
[13.605s][debug][gc,age         ] GC(760) Desired survivor size 1114112 bytes, new threshold 1 (max threshold 15)
[13.605s][info ][gc,heap        ] GC(760) DefNew: 19099K->1955K(19648K)
[13.605s][info ][gc,heap        ] GC(760) Tenured: 14476K->14867K(43712K)
[13.605s][info ][gc,metaspace   ] GC(760) Metaspace: 16398K->16398K(1064960K)
[13.605s][info ][gc             ] GC(760) Pause Young (Allocation Failure) 32M->16M(61M) 0.558ms
[13.605s][info ][gc,cpu         ] GC(760) User=0.01s Sys=0.00s Real=0.00s
[13.607s][info ][gc,start       ] GC(761) Pause Young (Allocation Failure)
[13.607s][debug][gc,age         ] GC(761) Desired survivor size 1114112 bytes, new threshold 1 (max threshold 15)
[13.607s][info ][gc,heap        ] GC(761) DefNew: 19098K->1955K(19648K)
[13.607s][info ][gc,heap        ] GC(761) Tenured: 14867K->14867K(43712K)
[13.607s][info ][gc,metaspace   ] GC(761) Metaspace: 16398K->16398K(1064960K)
[13.607s][info ][gc             ] GC(761) Pause Young (Allocation Failure) 33M->16M(61M) 0.589ms
[13.607s][info ][gc,cpu         ] GC(761) User=0.00s Sys=0.00s Real=0.00s
[13.609s][info ][gc,start       ] GC(762) Pause Young (Allocation Failure)
[13.609s][debug][gc,age         ] GC(762) Desired survivor size 1114112 bytes, new threshold 1 (max threshold 15)
[13.609s][info ][gc,heap        ] GC(762) DefNew: 19097K->1955K(19648K)
[13.609s][info ][gc,heap        ] GC(762) Tenured: 14867K->15648K(43712K)
[13.609s][info ][gc,metaspace   ] GC(762) Metaspace: 16398K->16398K(1064960K)
[13.609s][info ][gc             ] GC(762) Pause Young (Allocation Failure) 33M->17M(61M) 0.585ms
[13.609s][info ][gc,cpu         ] GC(762) User=0.00s Sys=0.00s Real=0.01s
[13.611s][info ][gc,start       ] GC(763) Pause Young (Allocation Failure)
[13.611s][debug][gc,age         ] GC(763) Desired survivor size 1114112 bytes, new threshold 1 (max threshold 15)
[13.611s][info ][gc,heap        ] GC(763) DefNew: 19096K->1955K(19648K)
[13.611s][info ][gc,heap        ] GC(763) Tenured: 15648K->16429K(43712K)
[13.611s][info ][gc,metaspace   ] GC(763) Metaspace: 16398K->16398K(1064960K)
[13.611s][info ][gc             ] GC(763) Pause Young (Allocation Failure) 33M->17M(61M) 0.805ms
[13.611s][info ][gc,cpu         ] GC(763) User=0.00s Sys=0.00s Real=0.00s
[13.613s][info ][gc,start       ] GC(764) Pause Young (Allocation Failure)
[13.613s][debug][gc,age         ] GC(764) Desired survivor size 1114112 bytes, new threshold 1 (max threshold 15)
[13.613s][info ][gc,heap        ] GC(764) DefNew: 19059K->1955K(19648K)
[13.613s][info ][gc,heap        ] GC(764) Tenured: 16429K->16820K(43712K)
[13.613s][info ][gc,metaspace   ] GC(764) Metaspace: 16398K->16398K(1064960K)
[13.613s][info ][gc             ] GC(764) Pause Young (Allocation Failure) 34M->18M(61M) 0.575ms
[13.613s][info ][gc,cpu         ] GC(764) User=0.00s Sys=0.00s Real=0.00s
[13.615s][info ][gc,start       ] GC(765) Pause Young (Allocation Failure)
[13.616s][debug][gc,age         ] GC(765) Desired survivor size 1114112 bytes, new threshold 1 (max threshold 15)
[13.616s][info ][gc,heap        ] GC(765) DefNew: 19405K->1954K(19648K)
[13.616s][info ][gc,heap        ] GC(765) Tenured: 16820K->17211K(43712K)
[13.616s][info ][gc,metaspace   ] GC(765) Metaspace: 16398K->16398K(1064960K)
[13.616s][info ][gc             ] GC(765) Pause Young (Allocation Failure) 35M->18M(61M) 0.610ms
[13.616s][info ][gc,cpu         ] GC(765) User=0.00s Sys=0.00s Real=0.00s
[13.617s][info ][gc,start       ] GC(766) Pause Young (Allocation Failure)
[13.618s][debug][gc,age         ] GC(766) Desired survivor size 1114112 bytes, new threshold 1 (max threshold 15)
[13.618s][info ][gc,heap        ] GC(766) DefNew: 19081K->1955K(19648K)
[13.618s][info ][gc,heap        ] GC(766) Tenured: 17211K->18383K(43712K)
[13.618s][info ][gc,metaspace   ] GC(766) Metaspace: 16398K->16398K(1064960K)
[13.618s][info ][gc             ] GC(766) Pause Young (Allocation Failure) 35M->19M(61M) 0.957ms
[13.618s][info ][gc,cpu         ] GC(766) User=0.00s Sys=0.00s Real=0.00s
[13.619s][info ][gc,start       ] GC(767) Pause Young (Allocation Failure)
[13.620s][debug][gc,age         ] GC(767) Desired survivor size 1114112 bytes, new threshold 1 (max threshold 15)
[13.620s][info ][gc,heap        ] GC(767) DefNew: 19143K->1955K(19648K)
[13.620s][info ][gc,heap        ] GC(767) Tenured: 18383K->18383K(43712K)
[13.620s][info ][gc,metaspace   ] GC(767) Metaspace: 16398K->16398K(1064960K)
[13.620s][info ][gc             ] GC(767) Pause Young (Allocation Failure) 36M->19M(61M) 0.578ms
[13.620s][info ][gc,cpu         ] GC(767) User=0.00s Sys=0.00s Real=0.00s
[13.621s][info ][gc,start       ] GC(768) Pause Young (Allocation Failure)
[13.622s][debug][gc,age         ] GC(768) Desired survivor size 1114112 bytes, new threshold 1 (max threshold 15)
[13.622s][info ][gc,heap        ] GC(768) DefNew: 19126K->1955K(19648K)
[13.622s][info ][gc,heap        ] GC(768) Tenured: 18383K->18774K(43712K)
[13.622s][info ][gc,metaspace   ] GC(768) Metaspace: 16398K->16398K(1064960K)
[13.622s][info ][gc             ] GC(768) Pause Young (Allocation Failure) 36M->20M(61M) 0.636ms
[13.622s][info ][gc,cpu         ] GC(768) User=0.00s Sys=0.00s Real=0.00s
[13.624s][info ][gc,start       ] GC(769) Pause Young (Allocation Failure)
[13.624s][debug][gc,age         ] GC(769) Desired survivor size 1114112 bytes, new threshold 1 (max threshold 15)
[13.624s][info ][gc,heap        ] GC(769) DefNew: 19115K->1955K(19648K)
[13.624s][info ][gc,heap        ] GC(769) Tenured: 18774K->18774K(43712K)
[13.624s][info ][gc,metaspace   ] GC(769) Metaspace: 16398K->16398K(1064960K)
[13.624s][info ][gc             ] GC(769) Pause Young (Allocation Failure) 37M->20M(61M) 0.532ms
[13.624s][info ][gc,cpu         ] GC(769) User=0.00s Sys=0.00s Real=0.00s
[13.625s][info ][gc,start       ] GC(770) Pause Young (Allocation Failure)
[13.626s][debug][gc,age         ] GC(770) Desired survivor size 1114112 bytes, new threshold 1 (max threshold 15)
[13.626s][info ][gc,heap        ] GC(770) DefNew: 19108K->1955K(19648K)
[13.626s][info ][gc,heap        ] GC(770) Tenured: 18774K->19165K(43712K)
[13.626s][info ][gc,metaspace   ] GC(770) Metaspace: 16398K->16398K(1064960K)
[13.626s][info ][gc             ] GC(770) Pause Young (Allocation Failure) 36M->20M(61M) 0.709ms
[13.626s][info ][gc,cpu         ] GC(770) User=0.00s Sys=0.00s Real=0.00s
[13.627s][info ][gc,start       ] GC(771) Pause Young (Allocation Failure)
[13.628s][debug][gc,age         ] GC(771) Desired survivor size 1114112 bytes, new threshold 1 (max threshold 15)
[13.628s][info ][gc,heap        ] GC(771) DefNew: 19104K->1564K(19648K)
[13.628s][info ][gc,heap        ] GC(771) Tenured: 19165K->19165K(43712K)
[13.628s][info ][gc,metaspace   ] GC(771) Metaspace: 16398K->16398K(1064960K)
[13.628s][info ][gc             ] GC(771) Pause Young (Allocation Failure) 37M->20M(61M) 0.537ms
[13.628s][info ][gc,cpu         ] GC(771) User=0.00s Sys=0.00s Real=0.00s
[13.629s][info ][gc,start       ] GC(772) Pause Young (Allocation Failure)
[13.630s][debug][gc,age         ] GC(772) Desired survivor size 1114112 bytes, new threshold 1 (max threshold 15)
[13.630s][info ][gc,heap        ] GC(772) DefNew: 18710K->1564K(19648K)
[13.630s][info ][gc,heap        ] GC(772) Tenured: 19165K->19165K(43712K)
[13.630s][info ][gc,metaspace   ] GC(772) Metaspace: 16398K->16398K(1064960K)
[13.630s][info ][gc             ] GC(772) Pause Young (Allocation Failure) 36M->20M(61M) 0.549ms
[13.630s][info ][gc,cpu         ] GC(772) User=0.00s Sys=0.00s Real=0.01s
[13.631s][info ][gc,start       ] GC(773) Pause Young (Allocation Failure)
[13.632s][debug][gc,age         ] GC(773) Desired survivor size 1114112 bytes, new threshold 1 (max threshold 15)
[13.632s][info ][gc,heap        ] GC(773) DefNew: 18708K->1955K(19648K)
[13.632s][info ][gc,heap        ] GC(773) Tenured: 19165K->19946K(43712K)
[13.632s][info ][gc,metaspace   ] GC(773) Metaspace: 16398K->16398K(1064960K)
[13.632s][info ][gc             ] GC(773) Pause Young (Allocation Failure) 36M->21M(61M) 1.117ms
[13.632s][info ][gc,cpu         ] GC(773) User=0.00s Sys=0.00s Real=0.00s
[13.634s][info ][gc,start       ] GC(774) Pause Young (Allocation Failure)
[13.634s][debug][gc,age         ] GC(774) Desired survivor size 1114112 bytes, new threshold 1 (max threshold 15)
[13.634s][info ][gc,heap        ] GC(774) DefNew: 19059K->1564K(19648K)
[13.634s][info ][gc,heap        ] GC(774) Tenured: 19946K->20337K(43712K)
[13.634s][info ][gc,metaspace   ] GC(774) Metaspace: 16398K->16398K(1064960K)
[13.635s][info ][gc             ] GC(774) Pause Young (Allocation Failure) 38M->21M(61M) 0.928ms
[13.635s][info ][gc,cpu         ] GC(774) User=0.00s Sys=0.00s Real=0.00s
[13.636s][info ][gc,start       ] GC(775) Pause Young (Allocation Failure)
[13.637s][debug][gc,age         ] GC(775) Desired survivor size 1114112 bytes, new threshold 1 (max threshold 15)
[13.637s][info ][gc,heap        ] GC(775) DefNew: 18667K->1564K(19648K)
[13.637s][info ][gc,heap        ] GC(775) Tenured: 20337K->20338K(43712K)
[13.637s][info ][gc,metaspace   ] GC(775) Metaspace: 16398K->16398K(1064960K)
[13.637s][info ][gc             ] GC(775) Pause Young (Allocation Failure) 38M->21M(61M) 0.654ms
[13.637s][info ][gc,cpu         ] GC(775) User=0.00s Sys=0.00s Real=0.00s
[13.639s][info ][gc,start       ] GC(776) Pause Young (Allocation Failure)
[13.639s][debug][gc,age         ] GC(776) Desired survivor size 1114112 bytes, new threshold 15 (max threshold 15)
[13.639s][info ][gc,heap        ] GC(776) DefNew: 18891K->782K(19648K)
[13.639s][info ][gc,heap        ] GC(776) Tenured: 20338K->21120K(43712K)
[13.639s][info ][gc,metaspace   ] GC(776) Metaspace: 16398K->16398K(1064960K)
[13.639s][info ][gc             ] GC(776) Pause Young (Allocation Failure) 38M->21M(61M) 0.742ms
[13.639s][info ][gc,cpu         ] GC(776) User=0.00s Sys=0.01s Real=0.01s
[13.641s][info ][gc,start       ] GC(777) Pause Young (Allocation Failure)
[13.641s][debug][gc,age         ] GC(777) Desired survivor size 1114112 bytes, new threshold 1 (max threshold 15)
[13.641s][info ][gc,heap        ] GC(777) DefNew: 17981K->1955K(19648K)
[13.641s][info ][gc,heap        ] GC(777) Tenured: 21120K->21120K(43712K)
[13.641s][info ][gc,metaspace   ] GC(777) Metaspace: 16398K->16398K(1064960K)
[13.641s][info ][gc             ] GC(777) Pause Young (Allocation Failure) 38M->22M(61M) 0.639ms
[13.641s][info ][gc,cpu         ] GC(777) User=0.00s Sys=0.00s Real=0.00s
[13.643s][info ][gc,start       ] GC(778) Pause Young (Allocation Failure)
[13.643s][debug][gc,age         ] GC(778) Desired survivor size 1114112 bytes, new threshold 1 (max threshold 15)
[13.643s][info ][gc,heap        ] GC(778) DefNew: 19132K->1955K(19648K)
[13.643s][info ][gc,heap        ] GC(778) Tenured: 21120K->21902K(43712K)
[13.643s][info ][gc,metaspace   ] GC(778) Metaspace: 16398K->16398K(1064960K)
[13.643s][info ][gc             ] GC(778) Pause Young (Allocation Failure) 39M->23M(61M) 0.757ms
[13.643s][info ][gc,cpu         ] GC(778) User=0.00s Sys=0.00s Real=0.00s
[13.645s][info ][gc,start       ] GC(779) Pause Young (Allocation Failure)
[13.645s][debug][gc,age         ] GC(779) Desired survivor size 1114112 bytes, new threshold 1 (max threshold 15)
[13.645s][info ][gc,heap        ] GC(779) DefNew: 19116K->1564K(19648K)
[13.645s][info ][gc,heap        ] GC(779) Tenured: 21902K->22293K(43712K)
[13.645s][info ][gc,metaspace   ] GC(779) Metaspace: 16398K->16398K(1064960K)
[13.645s][info ][gc             ] GC(779) Pause Young (Allocation Failure) 40M->23M(61M) 0.672ms
[13.645s][info ][gc,cpu         ] GC(779) User=0.00s Sys=0.00s Real=0.00s
[13.647s][info ][gc,start       ] GC(780) Pause Young (Allocation Failure)
[13.647s][debug][gc,age         ] GC(780) Desired survivor size 1114112 bytes, new threshold 1 (max threshold 15)
[13.647s][info ][gc,heap        ] GC(780) DefNew: 18765K->1955K(19648K)
[13.647s][info ][gc,heap        ] GC(780) Tenured: 22293K->22683K(43712K)
[13.647s][info ][gc,metaspace   ] GC(780) Metaspace: 16398K->16398K(1064960K)
[13.647s][info ][gc             ] GC(780) Pause Young (Allocation Failure) 40M->24M(61M) 0.578ms
[13.647s][info ][gc,cpu         ] GC(780) User=0.00s Sys=0.00s Real=0.00s
[13.649s][info ][gc,start       ] GC(781) Pause Young (Allocation Failure)
[13.649s][debug][gc,age         ] GC(781) Desired survivor size 1114112 bytes, new threshold 1 (max threshold 15)
[13.649s][info ][gc,heap        ] GC(781) DefNew: 19134K->1955K(19648K)
[13.649s][info ][gc,heap        ] GC(781) Tenured: 22683K->22683K(43712K)
[13.649s][info ][gc,metaspace   ] GC(781) Metaspace: 16398K->16398K(1064960K)
[13.649s][info ][gc             ] GC(781) Pause Young (Allocation Failure) 40M->24M(61M) 0.502ms
[13.649s][info ][gc,cpu         ] GC(781) User=0.01s Sys=0.00s Real=0.00s
[13.650s][info ][gc,start       ] GC(782) Pause Young (Allocation Failure)
[13.651s][debug][gc,age         ] GC(782) Desired survivor size 1114112 bytes, new threshold 1 (max threshold 15)
[13.651s][info ][gc,heap        ] GC(782) DefNew: 19120K->1955K(19648K)
[13.651s][info ][gc,heap        ] GC(782) Tenured: 22683K->22683K(43712K)
[13.651s][info ][gc,metaspace   ] GC(782) Metaspace: 16398K->16398K(1064960K)
[13.651s][info ][gc             ] GC(782) Pause Young (Allocation Failure) 40M->24M(61M) 0.664ms
[13.651s][info ][gc,cpu         ] GC(782) User=0.00s Sys=0.00s Real=0.00s
[13.652s][info ][gc,start       ] GC(783) Pause Young (Allocation Failure)
[13.653s][debug][gc,age         ] GC(783) Desired survivor size 1114112 bytes, new threshold 1 (max threshold 15)
[13.653s][info ][gc,heap        ] GC(783) DefNew: 19112K->1564K(19648K)
[13.653s][info ][gc,heap        ] GC(783) Tenured: 22683K->23074K(43712K)
[13.653s][info ][gc,metaspace   ] GC(783) Metaspace: 16398K->16398K(1064960K)
[13.653s][info ][gc             ] GC(783) Pause Young (Allocation Failure) 40M->24M(61M) 0.924ms
[13.653s][info ][gc,cpu         ] GC(783) User=0.00s Sys=0.00s Real=0.00s
[13.655s][info ][gc,start       ] GC(784) Pause Young (Allocation Failure)
[13.655s][debug][gc,age         ] GC(784) Desired survivor size 1114112 bytes, new threshold 1 (max threshold 15)
[13.655s][info ][gc,heap        ] GC(784) DefNew: 18671K->1955K(19648K)
[13.655s][info ][gc,heap        ] GC(784) Tenured: 23074K->23465K(43712K)
[13.655s][info ][gc,metaspace   ] GC(784) Metaspace: 16398K->16398K(1064960K)
[13.655s][info ][gc             ] GC(784) Pause Young (Allocation Failure) 40M->24M(61M) 0.658ms
[13.655s][info ][gc,cpu         ] GC(784) User=0.00s Sys=0.00s Real=0.00s
[13.657s][info ][gc,start       ] GC(785) Pause Young (Allocation Failure)
[13.657s][debug][gc,age         ] GC(785) Desired survivor size 1114112 bytes, new threshold 1 (max threshold 15)
[13.657s][info ][gc,heap        ] GC(785) DefNew: 19065K->1955K(19648K)
[13.657s][info ][gc,heap        ] GC(785) Tenured: 23465K->23465K(43712K)
[13.657s][info ][gc,metaspace   ] GC(785) Metaspace: 16398K->16398K(1064960K)
[13.657s][info ][gc             ] GC(785) Pause Young (Allocation Failure) 41M->24M(61M) 0.642ms
[13.657s][info ][gc,cpu         ] GC(785) User=0.00s Sys=0.00s Real=0.00s
[13.659s][info ][gc,start       ] GC(786) Pause Young (Allocation Failure)
[13.659s][debug][gc,age         ] GC(786) Desired survivor size 1114112 bytes, new threshold 1 (max threshold 15)
[13.659s][info ][gc,heap        ] GC(786) DefNew: 19128K->1955K(19648K)
[13.659s][info ][gc,heap        ] GC(786) Tenured: 23465K->24247K(43712K)
[13.659s][info ][gc,metaspace   ] GC(786) Metaspace: 16398K->16398K(1064960K)
[13.659s][info ][gc             ] GC(786) Pause Young (Allocation Failure) 41M->25M(61M) 0.643ms
[13.659s][info ][gc,cpu         ] GC(786) User=0.00s Sys=0.00s Real=0.01s
[13.661s][info ][gc,start       ] GC(787) Pause Young (Allocation Failure)
[13.662s][debug][gc,age         ] GC(787) Desired survivor size 1114112 bytes, new threshold 1 (max threshold 15)
[13.662s][info ][gc,heap        ] GC(787) DefNew: 19117K->1955K(19648K)
[13.662s][info ][gc,heap        ] GC(787) Tenured: 24247K->24247K(43712K)
[13.662s][info ][gc,metaspace   ] GC(787) Metaspace: 16398K->16398K(1064960K)
[13.662s][info ][gc             ] GC(787) Pause Young (Allocation Failure) 42M->25M(61M) 0.642ms
[13.662s][info ][gc,cpu         ] GC(787) User=0.00s Sys=0.00s Real=0.00s
[13.663s][info ][gc,start       ] GC(788) Pause Young (Allocation Failure)
[13.663s][debug][gc,age         ] GC(788) Desired survivor size 1114112 bytes, new threshold 1 (max threshold 15)
[13.663s][info ][gc,heap        ] GC(788) DefNew: 19109K->1955K(19648K)
[13.663s][info ][gc,heap        ] GC(788) Tenured: 24247K->25028K(43712K)
[13.663s][info ][gc,metaspace   ] GC(788) Metaspace: 16398K->16398K(1064960K)
[13.663s][info ][gc             ] GC(788) Pause Young (Allocation Failure) 42M->26M(61M) 0.610ms
[13.664s][info ][gc,cpu         ] GC(788) User=0.00s Sys=0.00s Real=0.00s
[13.665s][info ][gc,start       ] GC(789) Pause Young (Allocation Failure)
[13.665s][debug][gc,age         ] GC(789) Desired survivor size 1114112 bytes, new threshold 1 (max threshold 15)
[13.665s][info ][gc,heap        ] GC(789) DefNew: 19104K->1955K(19648K)
[13.665s][info ][gc,heap        ] GC(789) Tenured: 25028K->25419K(43712K)
[13.665s][info ][gc,metaspace   ] GC(789) Metaspace: 16398K->16398K(1064960K)
[13.665s][info ][gc             ] GC(789) Pause Young (Allocation Failure) 43M->26M(61M) 0.585ms
[13.665s][info ][gc,cpu         ] GC(789) User=0.00s Sys=0.00s Real=0.00s
[13.667s][info ][gc,start       ] GC(790) Pause Young (Allocation Failure)
[13.667s][debug][gc,age         ] GC(790) Desired survivor size 1114112 bytes, new threshold 1 (max threshold 15)
[13.667s][info ][gc,heap        ] GC(790) DefNew: 19101K->1955K(19648K)
[13.667s][info ][gc,heap        ] GC(790) Tenured: 25419K->26591K(43712K)
[13.667s][info ][gc,metaspace   ] GC(790) Metaspace: 16398K->16398K(1064960K)
[13.667s][info ][gc             ] GC(790) Pause Young (Allocation Failure) 43M->27M(61M) 0.730ms
[13.667s][info ][gc,cpu         ] GC(790) User=0.00s Sys=0.00s Real=0.00s
[13.669s][info ][gc,start       ] GC(791) Pause Young (Allocation Failure)
[13.670s][debug][gc,age         ] GC(791) Desired survivor size 1114112 bytes, new threshold 1 (max threshold 15)
[13.670s][info ][gc,heap        ] GC(791) DefNew: 19099K->1564K(19648K)
[13.670s][info ][gc,heap        ] GC(791) Tenured: 26591K->26982K(43712K)
[13.670s][info ][gc,metaspace   ] GC(791) Metaspace: 16398K->16398K(1064960K)
[13.670s][info ][gc             ] GC(791) Pause Young (Allocation Failure) 44M->27M(61M) 0.561ms
[13.670s][info ][gc,cpu         ] GC(791) User=0.00s Sys=0.00s Real=0.01s
[13.671s][info ][gc,start       ] GC(792) Pause Young (Allocation Failure)
[13.672s][debug][gc,age         ] GC(792) Desired survivor size 1114112 bytes, new threshold 1 (max threshold 15)
[13.672s][info ][gc,heap        ] GC(792) DefNew: 18707K->1955K(19648K)
[13.672s][info ][gc,heap        ] GC(792) Tenured: 26982K->27763K(43712K)
[13.672s][info ][gc,metaspace   ] GC(792) Metaspace: 16398K->16398K(1064960K)
[13.672s][info ][gc             ] GC(792) Pause Young (Allocation Failure) 44M->29M(61M) 0.736ms
[13.672s][info ][gc,cpu         ] GC(792) User=0.00s Sys=0.00s Real=0.00s
[13.673s][info ][gc,start       ] GC(793) Pause Young (Allocation Failure)
[13.674s][debug][gc,age         ] GC(793) Desired survivor size 1114112 bytes, new threshold 1 (max threshold 15)
[13.674s][info ][gc,heap        ] GC(793) DefNew: 19427K->1955K(19648K)
[13.674s][info ][gc,heap        ] GC(793) Tenured: 27763K->28154K(43712K)
[13.674s][info ][gc,metaspace   ] GC(793) Metaspace: 16398K->16398K(1064960K)
[13.674s][info ][gc             ] GC(793) Pause Young (Allocation Failure) 46M->29M(61M) 0.662ms
[13.674s][info ][gc,cpu         ] GC(793) User=0.00s Sys=0.00s Real=0.00s
[13.675s][info ][gc,start       ] GC(794) Pause Young (Allocation Failure)
[13.676s][debug][gc,age         ] GC(794) Desired survivor size 1114112 bytes, new threshold 1 (max threshold 15)
[13.676s][info ][gc,heap        ] GC(794) DefNew: 19113K->1955K(19648K)
[13.676s][info ][gc,heap        ] GC(794) Tenured: 28154K->28936K(43712K)
[13.676s][info ][gc,metaspace   ] GC(794) Metaspace: 16398K->16398K(1064960K)
[13.676s][info ][gc             ] GC(794) Pause Young (Allocation Failure) 46M->30M(61M) 0.727ms
[13.676s][info ][gc,cpu         ] GC(794) User=0.00s Sys=0.00s Real=0.00s
[13.678s][info ][gc,start       ] GC(795) Pause Young (Allocation Failure)
[13.678s][debug][gc,age         ] GC(795) Desired survivor size 1114112 bytes, new threshold 1 (max threshold 15)
[13.678s][info ][gc,heap        ] GC(795) DefNew: 19107K->1955K(19648K)
[13.678s][info ][gc,heap        ] GC(795) Tenured: 28936K->29326K(43712K)
[13.678s][info ][gc,metaspace   ] GC(795) Metaspace: 16398K->16398K(1064960K)
[13.678s][info ][gc             ] GC(795) Pause Young (Allocation Failure) 46M->30M(61M) 0.664ms
[13.678s][info ][gc,cpu         ] GC(795) User=0.00s Sys=0.00s Real=0.00s
[13.679s][info ][gc,start       ] GC(796) Pause Young (Allocation Failure)
[13.680s][debug][gc,age         ] GC(796) Desired survivor size 1114112 bytes, new threshold 1 (max threshold 15)
[13.680s][info ][gc,heap        ] GC(796) DefNew: 19103K->1955K(19648K)
[13.680s][info ][gc,heap        ] GC(796) Tenured: 29326K->29717K(43712K)
[13.680s][info ][gc,metaspace   ] GC(796) Metaspace: 16398K->16398K(1064960K)
[13.680s][info ][gc             ] GC(796) Pause Young (Allocation Failure) 47M->30M(61M) 0.682ms
[13.680s][info ][gc,cpu         ] GC(796) User=0.00s Sys=0.00s Real=0.00s
[13.681s][info ][gc,start       ] GC(797) Pause Young (Allocation Failure)
[13.682s][debug][gc,age         ] GC(797) Desired survivor size 1114112 bytes, new threshold 1 (max threshold 15)
[13.682s][info ][gc,heap        ] GC(797) DefNew: 19100K->1955K(19648K)
[13.682s][info ][gc,heap        ] GC(797) Tenured: 29717K->30498K(43712K)
[13.682s][info ][gc,metaspace   ] GC(797) Metaspace: 16398K->16398K(1064960K)
[13.682s][info ][gc             ] GC(797) Pause Young (Allocation Failure) 47M->31M(61M) 0.599ms
[13.682s][info ][gc,cpu         ] GC(797) User=0.00s Sys=0.00s Real=0.00s
[13.684s][info ][gc,start       ] GC(798) Pause Young (Allocation Failure)
[13.684s][debug][gc,age         ] GC(798) Desired survivor size 1114112 bytes, new threshold 1 (max threshold 15)
[13.684s][info ][gc,heap        ] GC(798) DefNew: 19099K->1955K(19648K)
[13.684s][info ][gc,heap        ] GC(798) Tenured: 30498K->31280K(43712K)
[13.684s][info ][gc,metaspace   ] GC(798) Metaspace: 16398K->16398K(1064960K)
[13.684s][info ][gc             ] GC(798) Pause Young (Allocation Failure) 48M->32M(61M) 0.778ms
[13.684s][info ][gc,cpu         ] GC(798) User=0.00s Sys=0.00s Real=0.00s
[13.686s][info ][gc,start       ] GC(799) Pause Young (Allocation Failure)
[13.687s][debug][gc,age         ] GC(799) Desired survivor size 1114112 bytes, new threshold 1 (max threshold 15)
[13.687s][info ][gc,heap        ] GC(799) DefNew: 19048K->1173K(19648K)
[13.687s][info ][gc,heap        ] GC(799) Tenured: 31280K->31280K(43712K)
[13.687s][info ][gc,metaspace   ] GC(799) Metaspace: 16398K->16398K(1064960K)
[13.687s][info ][gc             ] GC(799) Pause Young (Allocation Failure) 49M->31M(61M) 0.707ms
[13.687s][info ][gc,cpu         ] GC(799) User=0.01s Sys=0.00s Real=0.00s
[13.688s][info ][gc,start       ] GC(800) Pause Young (Allocation Failure)
[13.689s][debug][gc,age         ] GC(800) Desired survivor size 1114112 bytes, new threshold 1 (max threshold 15)
[13.689s][info ][gc,heap        ] GC(800) DefNew: 18333K->1955K(19648K)
[13.689s][info ][gc,heap        ] GC(800) Tenured: 31280K->31670K(43712K)
[13.689s][info ][gc,metaspace   ] GC(800) Metaspace: 16398K->16398K(1064960K)
[13.689s][info ][gc             ] GC(800) Pause Young (Allocation Failure) 48M->32M(61M) 0.713ms
[13.689s][info ][gc,cpu         ] GC(800) User=0.00s Sys=0.00s Real=0.00s
[13.690s][info ][gc,start       ] GC(801) Pause Young (Allocation Failure)
[13.691s][debug][gc,age         ] GC(801) Desired survivor size 1114112 bytes, new threshold 1 (max threshold 15)
[13.691s][info ][gc,heap        ] GC(801) DefNew: 19108K->1955K(19648K)
[13.691s][info ][gc,heap        ] GC(801) Tenured: 31670K->32452K(43712K)
[13.691s][info ][gc,metaspace   ] GC(801) Metaspace: 16398K->16398K(1064960K)
[13.691s][info ][gc             ] GC(801) Pause Young (Allocation Failure) 49M->33M(61M) 0.728ms
[13.691s][info ][gc,cpu         ] GC(801) User=0.00s Sys=0.00s Real=0.00s
[13.692s][info ][gc,start       ] GC(802) Pause Young (Allocation Failure)
[13.693s][debug][gc,age         ] GC(802) Desired survivor size 1114112 bytes, new threshold 1 (max threshold 15)
[13.693s][info ][gc,heap        ] GC(802) DefNew: 19062K->1564K(19648K)
[13.693s][info ][gc,heap        ] GC(802) Tenured: 32452K->32452K(43712K)
[13.693s][info ][gc,metaspace   ] GC(802) Metaspace: 16398K->16398K(1064960K)
[13.693s][info ][gc             ] GC(802) Pause Young (Allocation Failure) 50M->33M(61M) 0.489ms
[13.693s][info ][gc,cpu         ] GC(802) User=0.00s Sys=0.00s Real=0.00s
[13.694s][info ][gc,start       ] GC(803) Pause Young (Allocation Failure)
[13.695s][debug][gc,age         ] GC(803) Desired survivor size 1114112 bytes, new threshold 1 (max threshold 15)
[13.695s][info ][gc,heap        ] GC(803) DefNew: 18724K->1955K(19648K)
[13.695s][info ][gc,heap        ] GC(803) Tenured: 32452K->32453K(43712K)
[13.695s][info ][gc,metaspace   ] GC(803) Metaspace: 16398K->16398K(1064960K)
[13.695s][info ][gc             ] GC(803) Pause Young (Allocation Failure) 49M->33M(61M) 0.780ms
[13.695s][info ][gc,cpu         ] GC(803) User=0.00s Sys=0.00s Real=0.00s
[13.696s][info ][gc,start       ] GC(804) Pause Young (Allocation Failure)
[13.697s][debug][gc,age         ] GC(804) Desired survivor size 1114112 bytes, new threshold 1 (max threshold 15)
[13.697s][info ][gc,heap        ] GC(804) DefNew: 19058K->1955K(19648K)
[13.697s][info ][gc,heap        ] GC(804) Tenured: 32453K->33234K(43712K)
[13.697s][info ][gc,metaspace   ] GC(804) Metaspace: 16398K->16398K(1064960K)
[13.697s][info ][gc             ] GC(804) Pause Young (Allocation Failure) 50M->34M(61M) 0.626ms
[13.697s][info ][gc,cpu         ] GC(804) User=0.01s Sys=0.00s Real=0.00s
[13.698s][info ][gc,start       ] GC(805) Pause Young (Allocation Failure)
[13.699s][debug][gc,age         ] GC(805) Desired survivor size 1114112 bytes, new threshold 1 (max threshold 15)
[13.699s][info ][gc,heap        ] GC(805) DefNew: 19075K->1955K(19648K)
[13.699s][info ][gc,heap        ] GC(805) Tenured: 33234K->33625K(43712K)
[13.699s][info ][gc,metaspace   ] GC(805) Metaspace: 16398K->16398K(1064960K)
[13.699s][info ][gc             ] GC(805) Pause Young (Allocation Failure) 51M->34M(61M) 0.602ms
[13.699s][info ][gc,cpu         ] GC(805) User=0.00s Sys=0.00s Real=0.00s
[13.700s][info ][gc,start       ] GC(806) Pause Young (Allocation Failure)
[13.701s][debug][gc,age         ] GC(806) Desired survivor size 1114112 bytes, new threshold 1 (max threshold 15)
[13.701s][info ][gc,heap        ] GC(806) DefNew: 19129K->1955K(19648K)
[13.701s][info ][gc,heap        ] GC(806) Tenured: 33625K->34016K(43712K)
[13.701s][info ][gc,metaspace   ] GC(806) Metaspace: 16398K->16398K(1064960K)
[13.701s][info ][gc             ] GC(806) Pause Young (Allocation Failure) 51M->35M(61M) 0.826ms
[13.701s][info ][gc,cpu         ] GC(806) User=0.00s Sys=0.00s Real=0.00s
[13.702s][info ][gc,start       ] GC(807) Pause Young (Allocation Failure)
[13.703s][debug][gc,age         ] GC(807) Desired survivor size 1114112 bytes, new threshold 1 (max threshold 15)
[13.703s][info ][gc,heap        ] GC(807) DefNew: 19117K->1955K(19648K)
[13.703s][info ][gc,heap        ] GC(807) Tenured: 34016K->34407K(43712K)
[13.703s][info ][gc,metaspace   ] GC(807) Metaspace: 16398K->16398K(1064960K)
[13.703s][info ][gc             ] GC(807) Pause Young (Allocation Failure) 51M->35M(61M) 0.741ms
[13.703s][info ][gc,cpu         ] GC(807) User=0.00s Sys=0.00s Real=0.00s
[13.705s][info ][gc,start       ] GC(808) Pause Young (Allocation Failure)
[13.705s][debug][gc,age         ] GC(808) Desired survivor size 1114112 bytes, new threshold 1 (max threshold 15)
[13.705s][info ][gc,heap        ] GC(808) DefNew: 19059K->1564K(19648K)
[13.705s][info ][gc,heap        ] GC(808) Tenured: 34407K->34798K(43712K)
[13.705s][info ][gc,metaspace   ] GC(808) Metaspace: 16398K->16398K(1064960K)
[13.705s][info ][gc             ] GC(808) Pause Young (Allocation Failure) 52M->35M(61M) 0.557ms
[13.705s][info ][gc,cpu         ] GC(808) User=0.00s Sys=0.00s Real=0.00s
[13.706s][info ][gc,start       ] GC(809) Pause Young (Allocation Failure)
[13.707s][debug][gc,age         ] GC(809) Desired survivor size 1114112 bytes, new threshold 1 (max threshold 15)
[13.707s][info ][gc,heap        ] GC(809) DefNew: 18731K->1955K(19648K)
[13.707s][info ][gc,heap        ] GC(809) Tenured: 34798K->35189K(43712K)
[13.707s][info ][gc,metaspace   ] GC(809) Metaspace: 16398K->16398K(1064960K)
[13.707s][info ][gc             ] GC(809) Pause Young (Allocation Failure) 52M->36M(61M) 0.569ms
[13.707s][info ][gc,cpu         ] GC(809) User=0.00s Sys=0.00s Real=0.00s
[13.708s][info ][gc,start       ] GC(810) Pause Young (Allocation Failure)
[13.709s][debug][gc,age         ] GC(810) Desired survivor size 1114112 bytes, new threshold 1 (max threshold 15)
[13.709s][info ][gc,heap        ] GC(810) DefNew: 19113K->1955K(19648K)
[13.709s][info ][gc,heap        ] GC(810) Tenured: 35189K->35970K(43712K)
[13.709s][info ][gc,metaspace   ] GC(810) Metaspace: 16398K->16398K(1064960K)
[13.709s][info ][gc             ] GC(810) Pause Young (Allocation Failure) 53M->37M(61M) 0.612ms
[13.709s][info ][gc,cpu         ] GC(810) User=0.00s Sys=0.00s Real=0.00s
[13.710s][info ][gc,start       ] GC(811) Pause Young (Allocation Failure)
[13.711s][debug][gc,age         ] GC(811) Desired survivor size 1114112 bytes, new threshold 1 (max threshold 15)
[13.711s][info ][gc,heap        ] GC(811) DefNew: 19106K->1173K(19648K)
[13.711s][info ][gc,heap        ] GC(811) Tenured: 35970K->36361K(43712K)
[13.711s][info ][gc,metaspace   ] GC(811) Metaspace: 16398K->16398K(1064960K)
[13.711s][info ][gc             ] GC(811) Pause Young (Allocation Failure) 53M->36M(61M) 0.636ms
[13.711s][info ][gc,cpu         ] GC(811) User=0.00s Sys=0.00s Real=0.00s
[13.712s][info ][gc,start       ] GC(812) Pause Young (Allocation Failure)
[13.713s][debug][gc,age         ] GC(812) Desired survivor size 1114112 bytes, new threshold 1 (max threshold 15)
[13.713s][info ][gc,heap        ] GC(812) DefNew: 18614K->1564K(19648K)
[13.713s][info ][gc,heap        ] GC(812) Tenured: 36361K->37143K(43712K)
[13.713s][info ][gc,metaspace   ] GC(812) Metaspace: 16398K->16398K(1064960K)
[13.713s][info ][gc             ] GC(812) Pause Young (Allocation Failure) 53M->37M(61M) 0.573ms
[13.713s][info ][gc,cpu         ] GC(812) User=0.00s Sys=0.00s Real=0.00s
[13.714s][info ][gc,start       ] GC(813) Pause Young (Allocation Failure)
[13.715s][debug][gc,age         ] GC(813) Desired survivor size 1114112 bytes, new threshold 1 (max threshold 15)
[13.715s][info ][gc,heap        ] GC(813) DefNew: 18705K->1564K(19648K)
[13.715s][info ][gc,heap        ] GC(813) Tenured: 37143K->37534K(43712K)
[13.715s][info ][gc,metaspace   ] GC(813) Metaspace: 16398K->16398K(1064960K)
[13.715s][info ][gc             ] GC(813) Pause Young (Allocation Failure) 54M->38M(61M) 0.530ms
[13.715s][info ][gc,cpu         ] GC(813) User=0.00s Sys=0.00s Real=0.00s
[13.716s][info ][gc,start       ] GC(814) Pause Young (Allocation Failure)
[13.717s][debug][gc,age         ] GC(814) Desired survivor size 1114112 bytes, new threshold 1 (max threshold 15)
[13.717s][info ][gc,heap        ] GC(814) DefNew: 18694K->1955K(19648K)
[13.717s][info ][gc,heap        ] GC(814) Tenured: 37534K->37925K(43712K)
[13.717s][info ][gc,metaspace   ] GC(814) Metaspace: 16398K->16398K(1064960K)
[13.717s][info ][gc             ] GC(814) Pause Young (Allocation Failure) 54M->38M(61M) 0.568ms
[13.717s][info ][gc,cpu         ] GC(814) User=0.00s Sys=0.00s Real=0.00s
[13.718s][info ][gc,start       ] GC(815) Pause Young (Allocation Failure)
[13.719s][debug][gc,age         ] GC(815) Desired survivor size 1114112 bytes, new threshold 1 (max threshold 15)
[13.719s][info ][gc,heap        ] GC(815) DefNew: 19427K->1173K(19648K)
[13.719s][info ][gc,heap        ] GC(815) Tenured: 37925K->38707K(43712K)
[13.719s][info ][gc,metaspace   ] GC(815) Metaspace: 16398K->16398K(1064960K)
[13.719s][info ][gc             ] GC(815) Pause Young (Allocation Failure) 56M->38M(61M) 0.706ms
[13.719s][info ][gc,cpu         ] GC(815) User=0.00s Sys=0.00s Real=0.00s
[13.720s][info ][gc,start       ] GC(816) Pause Young (Allocation Failure)
[13.721s][debug][gc,age         ] GC(816) Desired survivor size 1114112 bytes, new threshold 1 (max threshold 15)
[13.721s][info ][gc,heap        ] GC(816) DefNew: 18324K->1955K(19648K)
[13.721s][info ][gc,heap        ] GC(816) Tenured: 38707K->38707K(43712K)
[13.721s][info ][gc,metaspace   ] GC(816) Metaspace: 16398K->16398K(1064960K)
[13.721s][info ][gc             ] GC(816) Pause Young (Allocation Failure) 55M->39M(61M) 0.643ms
[13.721s][info ][gc,cpu         ] GC(816) User=0.00s Sys=0.00s Real=0.00s
[13.722s][info ][gc,start       ] GC(817) Pause Young (Allocation Failure)
[13.723s][debug][gc,age         ] GC(817) Desired survivor size 1114112 bytes, new threshold 1 (max threshold 15)
[13.723s][info ][gc,heap        ] GC(817) DefNew: 19093K->1955K(19648K)
[13.723s][info ][gc,heap        ] GC(817) Tenured: 38707K->39488K(43712K)
[13.723s][info ][gc,metaspace   ] GC(817) Metaspace: 16398K->16398K(1064960K)
[13.723s][info ][gc             ] GC(817) Pause Young (Allocation Failure) 56M->40M(61M) 0.774ms
[13.723s][info ][gc,cpu         ] GC(817) User=0.01s Sys=0.00s Real=0.00s
[13.724s][info ][gc,start       ] GC(818) Pause Young (Allocation Failure)
[13.725s][debug][gc,age         ] GC(818) Desired survivor size 1114112 bytes, new threshold 1 (max threshold 15)
[13.725s][info ][gc,heap        ] GC(818) DefNew: 19090K->1955K(19648K)
[13.725s][info ][gc,heap        ] GC(818) Tenured: 39488K->39879K(43712K)
[13.725s][info ][gc,metaspace   ] GC(818) Metaspace: 16398K->16398K(1064960K)
[13.725s][info ][gc             ] GC(818) Pause Young (Allocation Failure) 57M->40M(61M) 0.550ms
[13.725s][info ][gc,cpu         ] GC(818) User=0.00s Sys=0.00s Real=0.00s
[13.726s][info ][gc,start       ] GC(819) Pause Young (Allocation Failure)
[13.727s][debug][gc,age         ] GC(819) Desired survivor size 1114112 bytes, new threshold 1 (max threshold 15)
[13.727s][info ][gc,heap        ] GC(819) DefNew: 19142K->1955K(19648K)
[13.727s][info ][gc,heap        ] GC(819) Tenured: 39879K->40270K(43712K)
[13.727s][info ][gc,metaspace   ] GC(819) Metaspace: 16398K->16398K(1064960K)
[13.727s][info ][gc             ] GC(819) Pause Young (Allocation Failure) 57M->41M(61M) 0.595ms
[13.727s][info ][gc,cpu         ] GC(819) User=0.00s Sys=0.00s Real=0.00s
[13.729s][info ][gc,start       ] GC(820) Pause Young (Allocation Failure)
[13.729s][debug][gc,age         ] GC(820) Desired survivor size 1114112 bytes, new threshold 1 (max threshold 15)
[13.729s][info ][gc,heap        ] GC(820) DefNew: 19079K->1955K(19648K)
[13.729s][info ][gc,heap        ] GC(820) Tenured: 40270K->41052K(43712K)
[13.729s][info ][gc,metaspace   ] GC(820) Metaspace: 16398K->16398K(1064960K)
[13.729s][info ][gc             ] GC(820) Pause Young (Allocation Failure) 57M->41M(61M) 0.789ms
[13.729s][info ][gc,cpu         ] GC(820) User=0.00s Sys=0.00s Real=0.01s
[13.731s][info ][gc,start       ] GC(821) Pause Young (Allocation Failure)
[13.731s][debug][gc,age         ] GC(821) Desired survivor size 1114112 bytes, new threshold 1 (max threshold 15)
[13.731s][info ][gc,heap        ] GC(821) DefNew: 19131K->1955K(19648K)
[13.731s][info ][gc,heap        ] GC(821) Tenured: 41052K->41052K(43712K)
[13.731s][info ][gc,metaspace   ] GC(821) Metaspace: 16398K->16398K(1064960K)
[13.731s][info ][gc             ] GC(821) Pause Young (Allocation Failure) 58M->41M(61M) 0.574ms
[13.731s][info ][gc,cpu         ] GC(821) User=0.00s Sys=0.00s Real=0.00s
[13.732s][info ][gc,start       ] GC(822) Pause Young (Allocation Failure)
[13.733s][debug][gc,age         ] GC(822) Desired survivor size 1114112 bytes, new threshold 1 (max threshold 15)
[13.733s][info ][gc,heap        ] GC(822) DefNew: 19119K->1955K(19648K)
[13.733s][info ][gc,heap        ] GC(822) Tenured: 41052K->41833K(43712K)
[13.733s][info ][gc,metaspace   ] GC(822) Metaspace: 16398K->16398K(1064960K)
[13.733s][info ][gc             ] GC(822) Pause Young (Allocation Failure) 58M->42M(61M) 0.619ms
[13.733s][info ][gc,cpu         ] GC(822) User=0.00s Sys=0.00s Real=0.00s
[13.735s][info ][gc,start       ] GC(823) Pause Young (Allocation Failure)
[13.735s][debug][gc,age         ] GC(823) Desired survivor size 1114112 bytes, new threshold 1 (max threshold 15)
[13.735s][info ][gc,heap        ] GC(823) DefNew: 19110K->1955K(19648K)
[13.735s][info ][gc,heap        ] GC(823) Tenured: 41833K->41833K(43712K)
[13.735s][info ][gc,metaspace   ] GC(823) Metaspace: 16398K->16398K(1064960K)
[13.735s][info ][gc             ] GC(823) Pause Young (Allocation Failure) 59M->42M(61M) 0.755ms
[13.735s][info ][gc,cpu         ] GC(823) User=0.00s Sys=0.00s Real=0.00s
[13.737s][info ][gc,start       ] GC(824) Pause Young (Allocation Failure)
[13.737s][debug][gc,age         ] GC(824) Desired survivor size 1114112 bytes, new threshold 1 (max threshold 15)
[13.737s][info ][gc,heap        ] GC(824) DefNew: 19105K->1955K(19648K)
[13.737s][info ][gc,heap        ] GC(824) Tenured: 41833K->42224K(43712K)
[13.737s][info ][gc,metaspace   ] GC(824) Metaspace: 16398K->16398K(1064960K)
[13.737s][info ][gc             ] GC(824) Pause Young (Allocation Failure) 59M->43M(61M) 0.568ms
[13.737s][info ][gc,cpu         ] GC(824) User=0.01s Sys=0.00s Real=0.00s
[13.739s][info ][gc,start       ] GC(825) Pause Young (Allocation Failure)
[13.739s][debug][gc,age         ] GC(825) Desired survivor size 1114112 bytes, new threshold 1 (max threshold 15)
[13.739s][info ][gc,heap        ] GC(825) DefNew: 19102K->1955K(19648K)
[13.739s][info ][gc,heap        ] GC(825) Tenured: 42224K->43005K(43712K)
[13.739s][info ][gc,metaspace   ] GC(825) Metaspace: 16398K->16398K(1064960K)
[13.739s][info ][gc             ] GC(825) Pause Young (Allocation Failure) 59M->43M(61M) 0.591ms
[13.739s][info ][gc,cpu         ] GC(825) User=0.00s Sys=0.00s Real=0.01s
[13.741s][info ][gc,start       ] GC(826) Pause Young (Allocation Failure)
[13.741s][info ][gc,start       ] GC(827) Pause Full (Allocation Failure)
[13.741s][info ][gc,phases,start] GC(827) Phase 1: Mark live objects
[13.744s][debug][gc,phases      ] GC(827) Reference Processing 0.040ms
[13.744s][debug][gc,phases      ] GC(827) Weak Processing 0.016ms
[13.744s][debug][gc,phases      ] GC(827) ClassLoaderData 0.035ms
[13.744s][debug][gc,phases      ] GC(827) ProtectionDomainCacheTable 0.004ms
[13.744s][debug][gc,phases      ] GC(827) ResolvedMethodTable 0.016ms
[13.745s][debug][gc,phases      ] GC(827) Class Unloading 0.973ms
[13.745s][debug][gc,phases      ] GC(827) Scrub String Table 0.060ms
[13.746s][debug][gc,phases      ] GC(827) Scrub Symbol Table 1.004ms
[13.746s][info ][gc,phases      ] GC(827) Phase 1: Mark live objects 5.266ms
[13.746s][info ][gc,phases,start] GC(827) Phase 2: Compute new object addresses
[13.747s][info ][gc,phases      ] GC(827) Phase 2: Compute new object addresses 0.934ms
[13.747s][info ][gc,phases,start] GC(827) Phase 3: Adjust pointers
[13.751s][info ][gc,phases      ] GC(827) Phase 3: Adjust pointers 3.929ms
[13.751s][info ][gc,phases,start] GC(827) Phase 4: Move objects
[13.751s][info ][gc,phases      ] GC(827) Phase 4: Move objects 0.314ms
[13.751s][info ][gc             ] GC(827) Pause Full (Allocation Failure) 60M->4M(61M) 10.741ms
[13.751s][info ][gc,heap        ] GC(826) DefNew: 19100K->0K(19648K)
[13.751s][info ][gc,heap        ] GC(826) Tenured: 43005K->5099K(43712K)
[13.751s][info ][gc,metaspace   ] GC(826) Metaspace: 16398K->16398K(1064960K)
[13.752s][info ][gc             ] GC(826) Pause Young (Allocation Failure) 60M->4M(61M) 10.861ms
[13.752s][info ][gc,cpu         ] GC(826) User=0.01s Sys=0.00s Real=0.01s
[13.753s][info ][gc,start       ] GC(828) Pause Young (Allocation Failure)
[13.753s][debug][gc,age         ] GC(828) Desired survivor size 1114112 bytes, new threshold 1 (max threshold 15)
[13.753s][info ][gc,heap        ] GC(828) DefNew: 17143K->1956K(19648K)
[13.753s][info ][gc,heap        ] GC(828) Tenured: 5099K->5880K(43712K)
[13.753s][info ][gc,metaspace   ] GC(828) Metaspace: 16398K->16398K(1064960K)
[13.753s][info ][gc             ] GC(828) Pause Young (Allocation Failure) 21M->7M(61M) 0.664ms
[13.753s][info ][gc,cpu         ] GC(828) User=0.00s Sys=0.00s Real=0.00s
[13.755s][info ][gc,start       ] GC(829) Pause Young (Allocation Failure)
[13.755s][debug][gc,age         ] GC(829) Desired survivor size 1114112 bytes, new threshold 1 (max threshold 15)
[13.755s][info ][gc,heap        ] GC(829) DefNew: 19098K->1955K(19648K)
[13.756s][info ][gc,heap        ] GC(829) Tenured: 5880K->6271K(43712K)
[13.756s][info ][gc,metaspace   ] GC(829) Metaspace: 16398K->16398K(1064960K)
[13.756s][info ][gc             ] GC(829) Pause Young (Allocation Failure) 24M->8M(61M) 0.706ms
[13.756s][info ][gc,cpu         ] GC(829) User=0.00s Sys=0.00s Real=0.00s
[13.757s][info ][gc,start       ] GC(830) Pause Young (Allocation Failure)
[13.757s][debug][gc,age         ] GC(830) Desired survivor size 1114112 bytes, new threshold 1 (max threshold 15)
[13.757s][info ][gc,heap        ] GC(830) DefNew: 19427K->1955K(19648K)
[13.757s][info ][gc,heap        ] GC(830) Tenured: 6271K->6663K(43712K)
[13.757s][info ][gc,metaspace   ] GC(830) Metaspace: 16398K->16398K(1064960K)
[13.757s][info ][gc             ] GC(830) Pause Young (Allocation Failure) 25M->8M(61M) 0.543ms
[13.757s][info ][gc,cpu         ] GC(830) User=0.00s Sys=0.00s Real=0.00s
[13.759s][info ][gc,start       ] GC(831) Pause Young (Allocation Failure)
[13.759s][debug][gc,age         ] GC(831) Desired survivor size 1114112 bytes, new threshold 1 (max threshold 15)
[13.759s][info ][gc,heap        ] GC(831) DefNew: 19107K->1955K(19648K)
[13.759s][info ][gc,heap        ] GC(831) Tenured: 6663K->7444K(43712K)
[13.759s][info ][gc,metaspace   ] GC(831) Metaspace: 16398K->16398K(1064960K)
[13.760s][info ][gc             ] GC(831) Pause Young (Allocation Failure) 25M->9M(61M) 0.755ms
[13.760s][info ][gc,cpu         ] GC(831) User=0.01s Sys=0.00s Real=0.01s
[13.761s][info ][gc,start       ] GC(832) Pause Young (Allocation Failure)
[13.762s][debug][gc,age         ] GC(832) Desired survivor size 1114112 bytes, new threshold 1 (max threshold 15)
[13.762s][info ][gc,heap        ] GC(832) DefNew: 19103K->1955K(19648K)
[13.762s][info ][gc,heap        ] GC(832) Tenured: 7444K->7835K(43712K)
[13.762s][info ][gc,metaspace   ] GC(832) Metaspace: 16398K->16398K(1064960K)
[13.762s][info ][gc             ] GC(832) Pause Young (Allocation Failure) 25M->9M(61M) 0.634ms
[13.762s][info ][gc,cpu         ] GC(832) User=0.00s Sys=0.00s Real=0.00s
[13.763s][info ][gc,start       ] GC(833) Pause Young (Allocation Failure)
[13.764s][debug][gc,age         ] GC(833) Desired survivor size 1114112 bytes, new threshold 1 (max threshold 15)
[13.764s][info ][gc,heap        ] GC(833) DefNew: 19100K->1955K(19648K)
[13.764s][info ][gc,heap        ] GC(833) Tenured: 7835K->7835K(43712K)
[13.764s][info ][gc,metaspace   ] GC(833) Metaspace: 16398K->16398K(1064960K)
[13.764s][info ][gc             ] GC(833) Pause Young (Allocation Failure) 26M->9M(61M) 0.609ms
[13.764s][info ][gc,cpu         ] GC(833) User=0.00s Sys=0.00s Real=0.00s
[13.765s][info ][gc,start       ] GC(834) Pause Young (Allocation Failure)
[13.765s][debug][gc,age         ] GC(834) Desired survivor size 1114112 bytes, new threshold 1 (max threshold 15)
[13.765s][info ][gc,heap        ] GC(834) DefNew: 19099K->1564K(19648K)
[13.765s][info ][gc,heap        ] GC(834) Tenured: 7835K->7835K(43712K)
[13.765s][info ][gc,metaspace   ] GC(834) Metaspace: 16398K->16398K(1064960K)
[13.765s][info ][gc             ] GC(834) Pause Young (Allocation Failure) 26M->9M(61M) 0.484ms
[13.766s][info ][gc,cpu         ] GC(834) User=0.00s Sys=0.00s Real=0.00s
[13.767s][info ][gc,start       ] GC(835) Pause Young (Allocation Failure)
[13.767s][debug][gc,age         ] GC(835) Desired survivor size 1114112 bytes, new threshold 1 (max threshold 15)
[13.767s][info ][gc,heap        ] GC(835) DefNew: 18707K->1955K(19648K)
[13.767s][info ][gc,heap        ] GC(835) Tenured: 7835K->8226K(43712K)
[13.767s][info ][gc,metaspace   ] GC(835) Metaspace: 16398K->16398K(1064960K)
[13.767s][info ][gc             ] GC(835) Pause Young (Allocation Failure) 25M->9M(61M) 0.599ms
[13.767s][info ][gc,cpu         ] GC(835) User=0.00s Sys=0.00s Real=0.00s
[13.769s][info ][gc,start       ] GC(836) Pause Young (Allocation Failure)
[13.769s][debug][gc,age         ] GC(836) Desired survivor size 1114112 bytes, new threshold 1 (max threshold 15)
[13.769s][info ][gc,heap        ] GC(836) DefNew: 19097K->1955K(19648K)
[13.769s][info ][gc,heap        ] GC(836) Tenured: 8226K->8616K(43712K)
[13.769s][info ][gc,metaspace   ] GC(836) Metaspace: 16398K->16398K(1064960K)
[13.769s][info ][gc             ] GC(836) Pause Young (Allocation Failure) 26M->10M(61M) 0.570ms
[13.769s][info ][gc,cpu         ] GC(836) User=0.00s Sys=0.00s Real=0.01s
[13.771s][info ][gc,start       ] GC(837) Pause Young (Allocation Failure)
[13.771s][debug][gc,age         ] GC(837) Desired survivor size 1114112 bytes, new threshold 1 (max threshold 15)
[13.771s][info ][gc,heap        ] GC(837) DefNew: 19057K->1955K(19648K)
[13.771s][info ][gc,heap        ] GC(837) Tenured: 8616K->8616K(43712K)
[13.771s][info ][gc,metaspace   ] GC(837) Metaspace: 16398K->16398K(1064960K)
[13.771s][info ][gc             ] GC(837) Pause Young (Allocation Failure) 27M->10M(61M) 0.602ms
[13.771s][info ][gc,cpu         ] GC(837) User=0.01s Sys=0.00s Real=0.00s
[13.773s][info ][gc,start       ] GC(838) Pause Young (Allocation Failure)
[13.773s][debug][gc,age         ] GC(838) Desired survivor size 1114112 bytes, new threshold 1 (max threshold 15)
[13.773s][info ][gc,heap        ] GC(838) DefNew: 19107K->1955K(19648K)
[13.773s][info ][gc,heap        ] GC(838) Tenured: 8616K->9788K(43712K)
[13.773s][info ][gc,metaspace   ] GC(838) Metaspace: 16398K->16398K(1064960K)
[13.773s][info ][gc             ] GC(838) Pause Young (Allocation Failure) 27M->11M(61M) 0.668ms
[13.773s][info ][gc,cpu         ] GC(838) User=0.00s Sys=0.00s Real=0.00s
[13.775s][info ][gc,start       ] GC(839) Pause Young (Allocation Failure)
[13.775s][debug][gc,age         ] GC(839) Desired survivor size 1114112 bytes, new threshold 1 (max threshold 15)
[13.775s][info ][gc,heap        ] GC(839) DefNew: 19103K->1955K(19648K)
[13.775s][info ][gc,heap        ] GC(839) Tenured: 9788K->9788K(43712K)
[13.775s][info ][gc,metaspace   ] GC(839) Metaspace: 16398K->16398K(1064960K)
[13.775s][info ][gc             ] GC(839) Pause Young (Allocation Failure) 28M->11M(61M) 0.634ms
[13.775s][info ][gc,cpu         ] GC(839) User=0.00s Sys=0.00s Real=0.00s
[13.777s][info ][gc,start       ] GC(840) Pause Young (Allocation Failure)
[13.777s][debug][gc,age         ] GC(840) Desired survivor size 1114112 bytes, new threshold 1 (max threshold 15)
[13.777s][info ][gc,heap        ] GC(840) DefNew: 19100K->1955K(19648K)
[13.777s][info ][gc,heap        ] GC(840) Tenured: 9788K->10570K(43712K)
[13.777s][info ][gc,metaspace   ] GC(840) Metaspace: 16398K->16398K(1064960K)
[13.777s][info ][gc             ] GC(840) Pause Young (Allocation Failure) 28M->12M(61M) 0.719ms
[13.777s][info ][gc,cpu         ] GC(840) User=0.00s Sys=0.00s Real=0.00s
[13.779s][info ][gc,start       ] GC(841) Pause Young (Allocation Failure)
[13.779s][debug][gc,age         ] GC(841) Desired survivor size 1114112 bytes, new threshold 1 (max threshold 15)
[13.779s][info ][gc,heap        ] GC(841) DefNew: 19099K->1955K(19648K)
[13.779s][info ][gc,heap        ] GC(841) Tenured: 10570K->11351K(43712K)
[13.779s][info ][gc,metaspace   ] GC(841) Metaspace: 16398K->16398K(1064960K)
[13.779s][info ][gc             ] GC(841) Pause Young (Allocation Failure) 28M->12M(61M) 0.721ms
[13.779s][info ][gc,cpu         ] GC(841) User=0.00s Sys=0.00s Real=0.01s
[13.781s][info ][gc,start       ] GC(842) Pause Young (Allocation Failure)
[13.781s][debug][gc,age         ] GC(842) Desired survivor size 1114112 bytes, new threshold 1 (max threshold 15)
[13.781s][info ][gc,heap        ] GC(842) DefNew: 19098K->1955K(19648K)
[13.781s][info ][gc,heap        ] GC(842) Tenured: 11351K->11742K(43712K)
[13.781s][info ][gc,metaspace   ] GC(842) Metaspace: 16398K->16398K(1064960K)
[13.781s][info ][gc             ] GC(842) Pause Young (Allocation Failure) 29M->13M(61M) 0.583ms
[13.782s][info ][gc,cpu         ] GC(842) User=0.00s Sys=0.00s Real=0.00s
[13.783s][info ][gc,start       ] GC(843) Pause Young (Allocation Failure)
[13.784s][debug][gc,age         ] GC(843) Desired survivor size 1114112 bytes, new threshold 1 (max threshold 15)
[13.784s][info ][gc,heap        ] GC(843) DefNew: 19097K->1955K(19648K)
[13.784s][info ][gc,heap        ] GC(843) Tenured: 11742K->12914K(43712K)
[13.784s][info ][gc,metaspace   ] GC(843) Metaspace: 16398K->16398K(1064960K)
[13.784s][info ][gc             ] GC(843) Pause Young (Allocation Failure) 30M->14M(61M) 0.770ms
[13.784s][info ][gc,cpu         ] GC(843) User=0.00s Sys=0.00s Real=0.00s
[13.785s][info ][gc,start       ] GC(844) Pause Young (Allocation Failure)
[13.786s][debug][gc,age         ] GC(844) Desired survivor size 1114112 bytes, new threshold 1 (max threshold 15)
[13.786s][info ][gc,heap        ] GC(844) DefNew: 19096K->1955K(19648K)
[13.786s][info ][gc,heap        ] GC(844) Tenured: 12914K->12914K(43712K)
[13.786s][info ][gc,metaspace   ] GC(844) Metaspace: 16398K->16398K(1064960K)
[13.786s][info ][gc             ] GC(844) Pause Young (Allocation Failure) 31M->14M(61M) 0.707ms
[13.786s][info ][gc,cpu         ] GC(844) User=0.00s Sys=0.00s Real=0.00s
[13.787s][info ][gc,start       ] GC(845) Pause Young (Allocation Failure)
[13.788s][debug][gc,age         ] GC(845) Desired survivor size 1114112 bytes, new threshold 1 (max threshold 15)
[13.788s][info ][gc,heap        ] GC(845) DefNew: 19096K->1955K(19648K)
[13.788s][info ][gc,heap        ] GC(845) Tenured: 12914K->12914K(43712K)
[13.788s][info ][gc,metaspace   ] GC(845) Metaspace: 16398K->16398K(1064960K)
[13.788s][info ][gc             ] GC(845) Pause Young (Allocation Failure) 31M->14M(61M) 0.587ms
[13.788s][info ][gc,cpu         ] GC(845) User=0.00s Sys=0.00s Real=0.00s
[13.789s][info ][gc,start       ] GC(846) Pause Young (Allocation Failure)
[13.790s][debug][gc,age         ] GC(846) Desired survivor size 1114112 bytes, new threshold 1 (max threshold 15)
[13.790s][info ][gc,heap        ] GC(846) DefNew: 19096K->1955K(19648K)
[13.790s][info ][gc,heap        ] GC(846) Tenured: 12914K->13695K(43712K)
[13.790s][info ][gc,metaspace   ] GC(846) Metaspace: 16398K->16398K(1064960K)
[13.790s][info ][gc             ] GC(846) Pause Young (Allocation Failure) 31M->15M(61M) 0.757ms
[13.790s][info ][gc,cpu         ] GC(846) User=0.00s Sys=0.00s Real=0.01s
[13.791s][info ][gc,start       ] GC(847) Pause Young (Allocation Failure)
[13.791s][debug][gc,age         ] GC(847) Desired survivor size 1114112 bytes, new threshold 1 (max threshold 15)
[13.791s][info ][gc,heap        ] GC(847) DefNew: 19096K->1955K(19648K)
[13.791s][info ][gc,heap        ] GC(847) Tenured: 13695K->14086K(43712K)
[13.791s][info ][gc,metaspace   ] GC(847) Metaspace: 16398K->16398K(1064960K)
[13.791s][info ][gc             ] GC(847) Pause Young (Allocation Failure) 32M->15M(61M) 0.545ms
[13.791s][info ][gc,cpu         ] GC(847) User=0.00s Sys=0.00s Real=0.00s
[13.793s][info ][gc,start       ] GC(848) Pause Young (Allocation Failure)
[13.793s][debug][gc,age         ] GC(848) Desired survivor size 1114112 bytes, new threshold 1 (max threshold 15)
[13.793s][info ][gc,heap        ] GC(848) DefNew: 19096K->1955K(19648K)
[13.793s][info ][gc,heap        ] GC(848) Tenured: 14086K->14867K(43712K)
[13.793s][info ][gc,metaspace   ] GC(848) Metaspace: 16398K->16398K(1064960K)
[13.793s][info ][gc             ] GC(848) Pause Young (Allocation Failure) 32M->16M(61M) 0.597ms
[13.793s][info ][gc,cpu         ] GC(848) User=0.00s Sys=0.00s Real=0.00s
[13.795s][info ][gc,start       ] GC(849) Pause Young (Allocation Failure)
[13.796s][debug][gc,age         ] GC(849) Desired survivor size 1114112 bytes, new threshold 1 (max threshold 15)
[13.796s][info ][gc,heap        ] GC(849) DefNew: 19096K->1955K(19648K)
[13.796s][info ][gc,heap        ] GC(849) Tenured: 14867K->15649K(43712K)
[13.796s][info ][gc,metaspace   ] GC(849) Metaspace: 16398K->16398K(1064960K)
[13.796s][info ][gc             ] GC(849) Pause Young (Allocation Failure) 33M->17M(61M) 0.777ms
[13.796s][info ][gc,cpu         ] GC(849) User=0.00s Sys=0.00s Real=0.00s
[13.797s][info ][gc,start       ] GC(850) Pause Young (Allocation Failure)
[13.797s][debug][gc,age         ] GC(850) Desired survivor size 1114112 bytes, new threshold 1 (max threshold 15)
[13.797s][info ][gc,heap        ] GC(850) DefNew: 19095K->1174K(19648K)
[13.797s][info ][gc,heap        ] GC(850) Tenured: 15649K->15649K(43712K)
[13.797s][info ][gc,metaspace   ] GC(850) Metaspace: 16398K->16398K(1064960K)
[13.797s][info ][gc             ] GC(850) Pause Young (Allocation Failure) 33M->16M(61M) 0.452ms
[13.797s][info ][gc,cpu         ] GC(850) User=0.00s Sys=0.00s Real=0.00s
[13.799s][info ][gc,start       ] GC(851) Pause Young (Allocation Failure)
[13.799s][debug][gc,age         ] GC(851) Desired survivor size 1114112 bytes, new threshold 1 (max threshold 15)
[13.799s][info ][gc,heap        ] GC(851) DefNew: 18314K->1955K(19648K)
[13.799s][info ][gc,heap        ] GC(851) Tenured: 15649K->16821K(43712K)
[13.799s][info ][gc,metaspace   ] GC(851) Metaspace: 16398K->16398K(1064960K)
[13.799s][info ][gc             ] GC(851) Pause Young (Allocation Failure) 33M->18M(61M) 0.673ms
[13.799s][info ][gc,cpu         ] GC(851) User=0.00s Sys=0.00s Real=0.01s
[13.801s][info ][gc,start       ] GC(852) Pause Young (Allocation Failure)
[13.801s][debug][gc,age         ] GC(852) Desired survivor size 1114112 bytes, new threshold 1 (max threshold 15)
[13.801s][info ][gc,heap        ] GC(852) DefNew: 19096K->1955K(19648K)
[13.801s][info ][gc,heap        ] GC(852) Tenured: 16821K->17211K(43712K)
[13.801s][info ][gc,metaspace   ] GC(852) Metaspace: 16398K->16398K(1064960K)
[13.802s][info ][gc             ] GC(852) Pause Young (Allocation Failure) 35M->18M(61M) 0.657ms
[13.802s][info ][gc,cpu         ] GC(852) User=0.00s Sys=0.00s Real=0.00s
[13.803s][info ][gc,start       ] GC(853) Pause Young (Allocation Failure)
[13.803s][debug][gc,age         ] GC(853) Desired survivor size 1114112 bytes, new threshold 1 (max threshold 15)
[13.803s][info ][gc,heap        ] GC(853) DefNew: 19096K->1955K(19648K)
[13.803s][info ][gc,heap        ] GC(853) Tenured: 17211K->17602K(43712K)
[13.803s][info ][gc,metaspace   ] GC(853) Metaspace: 16398K->16398K(1064960K)
[13.803s][info ][gc             ] GC(853) Pause Young (Allocation Failure) 35M->19M(61M) 0.559ms
[13.803s][info ][gc,cpu         ] GC(853) User=0.00s Sys=0.00s Real=0.00s
[13.805s][info ][gc,start       ] GC(854) Pause Young (Allocation Failure)
[13.805s][debug][gc,age         ] GC(854) Desired survivor size 1114112 bytes, new threshold 1 (max threshold 15)
[13.805s][info ][gc,heap        ] GC(854) DefNew: 19095K->1955K(19648K)
[13.805s][info ][gc,heap        ] GC(854) Tenured: 17602K->17993K(43712K)
[13.805s][info ][gc,metaspace   ] GC(854) Metaspace: 16398K->16398K(1064960K)
[13.805s][info ][gc             ] GC(854) Pause Young (Allocation Failure) 35M->19M(61M) 0.651ms
[13.805s][info ][gc,cpu         ] GC(854) User=0.00s Sys=0.00s Real=0.00s
[13.807s][info ][gc,start       ] GC(855) Pause Young (Allocation Failure)
[13.807s][debug][gc,age         ] GC(855) Desired survivor size 1114112 bytes, new threshold 1 (max threshold 15)
[13.807s][info ][gc,heap        ] GC(855) DefNew: 19095K->1955K(19648K)
[13.807s][info ][gc,heap        ] GC(855) Tenured: 17993K->18774K(43712K)
[13.807s][info ][gc,metaspace   ] GC(855) Metaspace: 16398K->16398K(1064960K)
[13.807s][info ][gc             ] GC(855) Pause Young (Allocation Failure) 36M->20M(61M) 0.594ms
[13.807s][info ][gc,cpu         ] GC(855) User=0.01s Sys=0.00s Real=0.00s
[13.809s][info ][gc,start       ] GC(856) Pause Young (Allocation Failure)
[13.809s][debug][gc,age         ] GC(856) Desired survivor size 1114112 bytes, new threshold 1 (max threshold 15)
[13.809s][info ][gc,heap        ] GC(856) DefNew: 19096K->1955K(19648K)
[13.809s][info ][gc,heap        ] GC(856) Tenured: 18774K->18774K(43712K)
[13.809s][info ][gc,metaspace   ] GC(856) Metaspace: 16398K->16398K(1064960K)
[13.809s][info ][gc             ] GC(856) Pause Young (Allocation Failure) 36M->20M(61M) 0.547ms
[13.809s][info ][gc,cpu         ] GC(856) User=0.00s Sys=0.00s Real=0.00s
[13.810s][info ][gc,start       ] GC(857) Pause Young (Allocation Failure)
[13.811s][debug][gc,age         ] GC(857) Desired survivor size 1114112 bytes, new threshold 1 (max threshold 15)
[13.811s][info ][gc,heap        ] GC(857) DefNew: 19095K->1955K(19648K)
[13.811s][info ][gc,heap        ] GC(857) Tenured: 18774K->19555K(43712K)
[13.811s][info ][gc,metaspace   ] GC(857) Metaspace: 16398K->16398K(1064960K)
[13.811s][info ][gc             ] GC(857) Pause Young (Allocation Failure) 36M->21M(61M) 0.709ms
[13.811s][info ][gc,cpu         ] GC(857) User=0.00s Sys=0.00s Real=0.00s
[13.812s][info ][gc,start       ] GC(858) Pause Young (Allocation Failure)
[13.813s][debug][gc,age         ] GC(858) Desired survivor size 1114112 bytes, new threshold 1 (max threshold 15)
[13.813s][info ][gc,heap        ] GC(858) DefNew: 19096K->1174K(19648K)
[13.813s][info ][gc,heap        ] GC(858) Tenured: 19555K->19555K(43712K)
[13.813s][info ][gc,metaspace   ] GC(858) Metaspace: 16398K->16398K(1064960K)
[13.813s][info ][gc             ] GC(858) Pause Young (Allocation Failure) 37M->20M(61M) 0.414ms
[13.813s][info ][gc,cpu         ] GC(858) User=0.00s Sys=0.00s Real=0.00s
[13.814s][info ][gc,start       ] GC(859) Pause Young (Allocation Failure)
[13.815s][debug][gc,age         ] GC(859) Desired survivor size 1114112 bytes, new threshold 1 (max threshold 15)
[13.815s][info ][gc,heap        ] GC(859) DefNew: 18314K->1955K(19648K)
[13.815s][info ][gc,heap        ] GC(859) Tenured: 19555K->19946K(43712K)
[13.815s][info ][gc,metaspace   ] GC(859) Metaspace: 16398K->16398K(1064960K)
[13.815s][info ][gc             ] GC(859) Pause Young (Allocation Failure) 36M->21M(61M) 0.580ms
[13.815s][info ][gc,cpu         ] GC(859) User=0.00s Sys=0.00s Real=0.00s
[13.816s][info ][gc,start       ] GC(860) Pause Young (Allocation Failure)
[13.817s][debug][gc,age         ] GC(860) Desired survivor size 1114112 bytes, new threshold 1 (max threshold 15)
[13.817s][info ][gc,heap        ] GC(860) DefNew: 19095K->1955K(19648K)
[13.817s][info ][gc,heap        ] GC(860) Tenured: 19946K->21118K(43712K)
[13.817s][info ][gc,metaspace   ] GC(860) Metaspace: 16398K->16398K(1064960K)
[13.817s][info ][gc             ] GC(860) Pause Young (Allocation Failure) 38M->22M(61M) 0.701ms
[13.817s][info ][gc,cpu         ] GC(860) User=0.00s Sys=0.00s Real=0.00s
[13.818s][info ][gc,start       ] GC(861) Pause Young (Allocation Failure)
[13.819s][debug][gc,age         ] GC(861) Desired survivor size 1114112 bytes, new threshold 1 (max threshold 15)
[13.819s][info ][gc,heap        ] GC(861) DefNew: 19052K->1955K(19648K)
[13.819s][info ][gc,heap        ] GC(861) Tenured: 21118K->21509K(43712K)
[13.819s][info ][gc,metaspace   ] GC(861) Metaspace: 16398K->16398K(1064960K)
[13.819s][info ][gc             ] GC(861) Pause Young (Allocation Failure) 39M->22M(61M) 0.663ms
[13.819s][info ][gc,cpu         ] GC(861) User=0.00s Sys=0.00s Real=0.00s
[13.821s][info ][gc,start       ] GC(862) Pause Young (Allocation Failure)
[13.821s][debug][gc,age         ] GC(862) Desired survivor size 1114112 bytes, new threshold 1 (max threshold 15)
[13.821s][info ][gc,heap        ] GC(862) DefNew: 19111K->1955K(19648K)
[13.821s][info ][gc,heap        ] GC(862) Tenured: 21509K->21899K(43712K)
[13.821s][info ][gc,metaspace   ] GC(862) Metaspace: 16398K->16398K(1064960K)
[13.821s][info ][gc             ] GC(862) Pause Young (Allocation Failure) 39M->23M(61M) 0.572ms
[13.821s][info ][gc,cpu         ] GC(862) User=0.00s Sys=0.00s Real=0.00s
[13.822s][info ][gc,start       ] GC(863) Pause Young (Allocation Failure)
[13.823s][debug][gc,age         ] GC(863) Desired survivor size 1114112 bytes, new threshold 1 (max threshold 15)
[13.823s][info ][gc,heap        ] GC(863) DefNew: 19105K->1564K(19648K)
[13.823s][info ][gc,heap        ] GC(863) Tenured: 21899K->21900K(43712K)
[13.823s][info ][gc,metaspace   ] GC(863) Metaspace: 16398K->16398K(1064960K)
[13.823s][info ][gc             ] GC(863) Pause Young (Allocation Failure) 40M->22M(61M) 0.461ms
[13.823s][info ][gc,cpu         ] GC(863) User=0.00s Sys=0.00s Real=0.00s
[13.824s][info ][gc,start       ] GC(864) Pause Young (Allocation Failure)
[13.825s][debug][gc,age         ] GC(864) Desired survivor size 1114112 bytes, new threshold 1 (max threshold 15)
[13.825s][info ][gc,heap        ] GC(864) DefNew: 18711K->1955K(19648K)
[13.825s][info ][gc,heap        ] GC(864) Tenured: 21900K->22290K(43712K)
[13.825s][info ][gc,metaspace   ] GC(864) Metaspace: 16398K->16398K(1064960K)
[13.825s][info ][gc             ] GC(864) Pause Young (Allocation Failure) 39M->23M(61M) 0.563ms
[13.825s][info ][gc,cpu         ] GC(864) User=0.00s Sys=0.00s Real=0.00s
[13.826s][info ][gc,start       ] GC(865) Pause Young (Allocation Failure)
[13.827s][debug][gc,age         ] GC(865) Desired survivor size 1114112 bytes, new threshold 1 (max threshold 15)
[13.827s][info ][gc,heap        ] GC(865) DefNew: 19100K->1955K(19648K)
[13.827s][info ][gc,heap        ] GC(865) Tenured: 22290K->22681K(43712K)
[13.827s][info ][gc,metaspace   ] GC(865) Metaspace: 16398K->16398K(1064960K)
[13.827s][info ][gc             ] GC(865) Pause Young (Allocation Failure) 40M->24M(61M) 0.563ms
[13.827s][info ][gc,cpu         ] GC(865) User=0.00s Sys=0.00s Real=0.00s
[13.828s][info ][gc,start       ] GC(866) Pause Young (Allocation Failure)
[13.829s][debug][gc,age         ] GC(866) Desired survivor size 1114112 bytes, new threshold 1 (max threshold 15)
[13.829s][info ][gc,heap        ] GC(866) DefNew: 19098K->1955K(19648K)
[13.829s][info ][gc,heap        ] GC(866) Tenured: 22681K->23853K(43712K)
[13.829s][info ][gc,metaspace   ] GC(866) Metaspace: 16398K->16398K(1064960K)
[13.829s][info ][gc             ] GC(866) Pause Young (Allocation Failure) 40M->25M(61M) 0.826ms
[13.829s][info ][gc,cpu         ] GC(866) User=0.00s Sys=0.00s Real=0.00s
[13.830s][info ][gc,start       ] GC(867) Pause Young (Allocation Failure)
[13.831s][debug][gc,age         ] GC(867) Desired survivor size 1114112 bytes, new threshold 1 (max threshold 15)
[13.831s][info ][gc,heap        ] GC(867) DefNew: 19097K->1955K(19648K)
[13.831s][info ][gc,heap        ] GC(867) Tenured: 23853K->23853K(43712K)
[13.831s][info ][gc,metaspace   ] GC(867) Metaspace: 16398K->16398K(1064960K)
[13.831s][info ][gc             ] GC(867) Pause Young (Allocation Failure) 41M->25M(61M) 0.681ms
[13.831s][info ][gc,cpu         ] GC(867) User=0.00s Sys=0.00s Real=0.00s
[13.832s][info ][gc,start       ] GC(868) Pause Young (Allocation Failure)
[13.833s][debug][gc,age         ] GC(868) Desired survivor size 1114112 bytes, new threshold 1 (max threshold 15)
[13.833s][info ][gc,heap        ] GC(868) DefNew: 19097K->1955K(19648K)
[13.833s][info ][gc,heap        ] GC(868) Tenured: 23853K->24634K(43712K)
[13.833s][info ][gc,metaspace   ] GC(868) Metaspace: 16398K->16398K(1064960K)
[13.833s][info ][gc             ] GC(868) Pause Young (Allocation Failure) 41M->25M(61M) 0.771ms
[13.833s][info ][gc,cpu         ] GC(868) User=0.00s Sys=0.00s Real=0.00s
[13.834s][info ][gc,start       ] GC(869) Pause Young (Allocation Failure)
[13.835s][debug][gc,age         ] GC(869) Desired survivor size 1114112 bytes, new threshold 1 (max threshold 15)
[13.835s][info ][gc,heap        ] GC(869) DefNew: 19096K->1955K(19648K)
[13.835s][info ][gc,heap        ] GC(869) Tenured: 24634K->24634K(43712K)
[13.835s][info ][gc,metaspace   ] GC(869) Metaspace: 16398K->16398K(1064960K)
[13.835s][info ][gc             ] GC(869) Pause Young (Allocation Failure) 42M->25M(61M) 0.683ms
[13.835s][info ][gc,cpu         ] GC(869) User=0.00s Sys=0.00s Real=0.00s
[13.836s][info ][gc,start       ] GC(870) Pause Young (Allocation Failure)
[13.837s][debug][gc,age         ] GC(870) Desired survivor size 1114112 bytes, new threshold 1 (max threshold 15)
[13.837s][info ][gc,heap        ] GC(870) DefNew: 19096K->1955K(19648K)
[13.837s][info ][gc,heap        ] GC(870) Tenured: 24634K->25025K(43712K)
[13.837s][info ][gc,metaspace   ] GC(870) Metaspace: 16398K->16398K(1064960K)
[13.837s][info ][gc             ] GC(870) Pause Young (Allocation Failure) 42M->26M(61M) 0.566ms
[13.837s][info ][gc,cpu         ] GC(870) User=0.00s Sys=0.00s Real=0.00s
[13.838s][info ][gc,start       ] GC(871) Pause Young (Allocation Failure)
[13.839s][debug][gc,age         ] GC(871) Desired survivor size 1114112 bytes, new threshold 1 (max threshold 15)
[13.839s][info ][gc,heap        ] GC(871) DefNew: 19096K->1955K(19648K)
[13.839s][info ][gc,heap        ] GC(871) Tenured: 25025K->25806K(43712K)
[13.839s][info ][gc,metaspace   ] GC(871) Metaspace: 16398K->16398K(1064960K)
[13.839s][info ][gc             ] GC(871) Pause Young (Allocation Failure) 43M->27M(61M) 0.640ms
[13.839s][info ][gc,cpu         ] GC(871) User=0.01s Sys=0.00s Real=0.00s
[13.840s][info ][gc,start       ] GC(872) Pause Young (Allocation Failure)
[13.841s][debug][gc,age         ] GC(872) Desired survivor size 1114112 bytes, new threshold 1 (max threshold 15)
[13.841s][info ][gc,heap        ] GC(872) DefNew: 19096K->1955K(19648K)
[13.841s][info ][gc,heap        ] GC(872) Tenured: 25806K->25806K(43712K)
[13.841s][info ][gc,metaspace   ] GC(872) Metaspace: 16398K->16398K(1064960K)
[13.841s][info ][gc             ] GC(872) Pause Young (Allocation Failure) 43M->27M(61M) 0.496ms
[13.841s][info ][gc,cpu         ] GC(872) User=0.00s Sys=0.00s Real=0.00s
[13.842s][info ][gc,start       ] GC(873) Pause Young (Allocation Failure)
[13.843s][debug][gc,age         ] GC(873) Desired survivor size 1114112 bytes, new threshold 1 (max threshold 15)
[13.843s][info ][gc,heap        ] GC(873) DefNew: 19096K->1955K(19648K)
[13.843s][info ][gc,heap        ] GC(873) Tenured: 25806K->26588K(43712K)
[13.843s][info ][gc,metaspace   ] GC(873) Metaspace: 16398K->16398K(1064960K)
[13.843s][info ][gc             ] GC(873) Pause Young (Allocation Failure) 43M->27M(61M) 0.669ms
[13.843s][info ][gc,cpu         ] GC(873) User=0.00s Sys=0.00s Real=0.00s
[13.844s][info ][gc,start       ] GC(874) Pause Young (Allocation Failure)
[13.845s][debug][gc,age         ] GC(874) Desired survivor size 1114112 bytes, new threshold 1 (max threshold 15)
[13.845s][info ][gc,heap        ] GC(874) DefNew: 19095K->1955K(19648K)
[13.845s][info ][gc,heap        ] GC(874) Tenured: 26588K->26588K(43712K)
[13.845s][info ][gc,metaspace   ] GC(874) Metaspace: 16398K->16398K(1064960K)
[13.845s][info ][gc             ] GC(874) Pause Young (Allocation Failure) 44M->27M(61M) 0.667ms
[13.845s][info ][gc,cpu         ] GC(874) User=0.00s Sys=0.00s Real=0.00s
[13.846s][info ][gc,start       ] GC(875) Pause Young (Allocation Failure)
[13.847s][debug][gc,age         ] GC(875) Desired survivor size 1114112 bytes, new threshold 1 (max threshold 15)
[13.847s][info ][gc,heap        ] GC(875) DefNew: 19096K->1955K(19648K)
[13.847s][info ][gc,heap        ] GC(875) Tenured: 26588K->27760K(43712K)
[13.847s][info ][gc,metaspace   ] GC(875) Metaspace: 16398K->16398K(1064960K)
[13.847s][info ][gc             ] GC(875) Pause Young (Allocation Failure) 44M->29M(61M) 0.655ms
[13.847s][info ][gc,cpu         ] GC(875) User=0.00s Sys=0.00s Real=0.00s
[13.848s][info ][gc,start       ] GC(876) Pause Young (Allocation Failure)
[13.848s][debug][gc,age         ] GC(876) Desired survivor size 1114112 bytes, new threshold 1 (max threshold 15)
[13.848s][info ][gc,heap        ] GC(876) DefNew: 19095K->1955K(19648K)
[13.848s][info ][gc,heap        ] GC(876) Tenured: 27760K->28150K(43712K)
[13.848s][info ][gc,metaspace   ] GC(876) Metaspace: 16398K->16398K(1064960K)
[13.849s][info ][gc             ] GC(876) Pause Young (Allocation Failure) 45M->29M(61M) 0.568ms
[13.849s][info ][gc,cpu         ] GC(876) User=0.00s Sys=0.00s Real=0.00s
[13.850s][info ][gc,start       ] GC(877) Pause Young (Allocation Failure)
[13.851s][debug][gc,age         ] GC(877) Desired survivor size 1114112 bytes, new threshold 1 (max threshold 15)
[13.851s][info ][gc,heap        ] GC(877) DefNew: 19096K->1955K(19648K)
[13.851s][info ][gc,heap        ] GC(877) Tenured: 28150K->29322K(43712K)
[13.851s][info ][gc,metaspace   ] GC(877) Metaspace: 16398K->16398K(1064960K)
[13.851s][info ][gc             ] GC(877) Pause Young (Allocation Failure) 46M->30M(61M) 0.709ms
[13.851s][info ][gc,cpu         ] GC(877) User=0.00s Sys=0.00s Real=0.00s
[13.852s][info ][gc,start       ] GC(878) Pause Young (Allocation Failure)
[13.852s][debug][gc,age         ] GC(878) Desired survivor size 1114112 bytes, new threshold 1 (max threshold 15)
[13.852s][info ][gc,heap        ] GC(878) DefNew: 19096K->1955K(19648K)
[13.852s][info ][gc,heap        ] GC(878) Tenured: 29322K->29713K(43712K)
[13.852s][info ][gc,metaspace   ] GC(878) Metaspace: 16398K->16398K(1064960K)
[13.852s][info ][gc             ] GC(878) Pause Young (Allocation Failure) 47M->30M(61M) 0.561ms
[13.852s][info ][gc,cpu         ] GC(878) User=0.00s Sys=0.00s Real=0.00s
[13.854s][info ][gc,start       ] GC(879) Pause Young (Allocation Failure)
[13.854s][debug][gc,age         ] GC(879) Desired survivor size 1114112 bytes, new threshold 1 (max threshold 15)
[13.854s][info ][gc,heap        ] GC(879) DefNew: 19095K->1564K(19648K)
[13.854s][info ][gc,heap        ] GC(879) Tenured: 29713K->29713K(43712K)
[13.854s][info ][gc,metaspace   ] GC(879) Metaspace: 16398K->16398K(1064960K)
[13.854s][info ][gc             ] GC(879) Pause Young (Allocation Failure) 47M->30M(61M) 0.565ms
[13.854s][info ][gc,cpu         ] GC(879) User=0.01s Sys=0.00s Real=0.00s
[13.856s][info ][gc,start       ] GC(880) Pause Young (Allocation Failure)
[13.856s][debug][gc,age         ] GC(880) Desired survivor size 1114112 bytes, new threshold 1 (max threshold 15)
[13.856s][info ][gc,heap        ] GC(880) DefNew: 18705K->1955K(19648K)
[13.856s][info ][gc,heap        ] GC(880) Tenured: 29713K->30104K(43712K)
[13.856s][info ][gc,metaspace   ] GC(880) Metaspace: 16398K->16398K(1064960K)
[13.856s][info ][gc             ] GC(880) Pause Young (Allocation Failure) 47M->31M(61M) 0.658ms
[13.856s][info ][gc,cpu         ] GC(880) User=0.00s Sys=0.00s Real=0.00s
[13.858s][info ][gc,start       ] GC(881) Pause Young (Allocation Failure)
[13.858s][debug][gc,age         ] GC(881) Desired survivor size 1114112 bytes, new threshold 1 (max threshold 15)
[13.858s][info ][gc,heap        ] GC(881) DefNew: 19096K->1955K(19648K)
[13.858s][info ][gc,heap        ] GC(881) Tenured: 30104K->31276K(43712K)
[13.858s][info ][gc,metaspace   ] GC(881) Metaspace: 16398K->16398K(1064960K)
[13.858s][info ][gc             ] GC(881) Pause Young (Allocation Failure) 48M->32M(61M) 0.816ms
[13.858s][info ][gc,cpu         ] GC(881) User=0.00s Sys=0.00s Real=0.00s
[13.860s][info ][gc,start       ] GC(882) Pause Young (Allocation Failure)
[13.860s][debug][gc,age         ] GC(882) Desired survivor size 1114112 bytes, new threshold 1 (max threshold 15)
[13.860s][info ][gc,heap        ] GC(882) DefNew: 19095K->1955K(19648K)
[13.860s][info ][gc,heap        ] GC(882) Tenured: 31276K->31276K(43712K)
[13.860s][info ][gc,metaspace   ] GC(882) Metaspace: 16398K->16398K(1064960K)
[13.861s][info ][gc             ] GC(882) Pause Young (Allocation Failure) 49M->32M(61M) 0.706ms
[13.861s][info ][gc,cpu         ] GC(882) User=0.00s Sys=0.00s Real=0.00s
[13.862s][info ][gc,start       ] GC(883) Pause Young (Allocation Failure)
[13.862s][debug][gc,age         ] GC(883) Desired survivor size 1114112 bytes, new threshold 1 (max threshold 15)
[13.862s][info ][gc,heap        ] GC(883) DefNew: 19096K->1564K(19648K)
[13.862s][info ][gc,heap        ] GC(883) Tenured: 31276K->31276K(43712K)
[13.862s][info ][gc,metaspace   ] GC(883) Metaspace: 16398K->16398K(1064960K)
[13.862s][info ][gc             ] GC(883) Pause Young (Allocation Failure) 49M->32M(61M) 0.525ms
[13.862s][info ][gc,cpu         ] GC(883) User=0.00s Sys=0.01s Real=0.00s
[13.864s][info ][gc,start       ] GC(884) Pause Young (Allocation Failure)
[13.864s][debug][gc,age         ] GC(884) Desired survivor size 1114112 bytes, new threshold 1 (max threshold 15)
[13.864s][info ][gc,heap        ] GC(884) DefNew: 18705K->1955K(19648K)
[13.864s][info ][gc,heap        ] GC(884) Tenured: 31276K->32057K(43712K)
[13.864s][info ][gc,metaspace   ] GC(884) Metaspace: 16398K->16398K(1064960K)
[13.864s][info ][gc             ] GC(884) Pause Young (Allocation Failure) 48M->33M(61M) 0.722ms
[13.864s][info ][gc,cpu         ] GC(884) User=0.00s Sys=0.00s Real=0.00s
[13.866s][info ][gc,start       ] GC(885) Pause Young (Allocation Failure)
[13.866s][debug][gc,age         ] GC(885) Desired survivor size 1114112 bytes, new threshold 1 (max threshold 15)
[13.866s][info ][gc,heap        ] GC(885) DefNew: 19096K->1955K(19648K)
[13.866s][info ][gc,heap        ] GC(885) Tenured: 32057K->32448K(43712K)
[13.866s][info ][gc,metaspace   ] GC(885) Metaspace: 16398K->16398K(1064960K)
[13.866s][info ][gc             ] GC(885) Pause Young (Allocation Failure) 49M->33M(61M) 0.610ms
[13.866s][info ][gc,cpu         ] GC(885) User=0.00s Sys=0.00s Real=0.00s
[13.868s][info ][gc,start       ] GC(886) Pause Young (Allocation Failure)
[13.868s][debug][gc,age         ] GC(886) Desired survivor size 1114112 bytes, new threshold 1 (max threshold 15)
[13.868s][info ][gc,heap        ] GC(886) DefNew: 19095K->1955K(19648K)
[13.868s][info ][gc,heap        ] GC(886) Tenured: 32448K->32839K(43712K)
[13.868s][info ][gc,metaspace   ] GC(886) Metaspace: 16398K->16398K(1064960K)
[13.868s][info ][gc             ] GC(886) Pause Young (Allocation Failure) 50M->33M(61M) 0.820ms
[13.868s][info ][gc,cpu         ] GC(886) User=0.00s Sys=0.00s Real=0.00s
[13.870s][info ][gc,start       ] GC(887) Pause Young (Allocation Failure)
[13.870s][debug][gc,age         ] GC(887) Desired survivor size 1114112 bytes, new threshold 1 (max threshold 15)
[13.870s][info ][gc,heap        ] GC(887) DefNew: 19053K->1955K(19648K)
[13.871s][info ][gc,heap        ] GC(887) Tenured: 32839K->33620K(43712K)
[13.871s][info ][gc,metaspace   ] GC(887) Metaspace: 16398K->16398K(1064960K)
[13.871s][info ][gc             ] GC(887) Pause Young (Allocation Failure) 50M->34M(61M) 0.808ms
[13.871s][info ][gc,cpu         ] GC(887) User=0.00s Sys=0.00s Real=0.00s
[13.872s][info ][gc,start       ] GC(888) Pause Young (Allocation Failure)
[13.873s][debug][gc,age         ] GC(888) Desired survivor size 1114112 bytes, new threshold 1 (max threshold 15)
[13.873s][info ][gc,heap        ] GC(888) DefNew: 19110K->1955K(19648K)
[13.873s][info ][gc,heap        ] GC(888) Tenured: 33620K->34793K(43712K)
[13.873s][info ][gc,metaspace   ] GC(888) Metaspace: 16398K->16398K(1064960K)
[13.873s][info ][gc             ] GC(888) Pause Young (Allocation Failure) 51M->35M(61M) 0.734ms
[13.873s][info ][gc,cpu         ] GC(888) User=0.00s Sys=0.00s Real=0.00s
[13.874s][info ][gc,start       ] GC(889) Pause Young (Allocation Failure)
[13.874s][debug][gc,age         ] GC(889) Desired survivor size 1114112 bytes, new threshold 1 (max threshold 15)
[13.875s][info ][gc,heap        ] GC(889) DefNew: 19105K->1955K(19648K)
[13.875s][info ][gc,heap        ] GC(889) Tenured: 34793K->34793K(43712K)
[13.875s][info ][gc,metaspace   ] GC(889) Metaspace: 16398K->16398K(1064960K)
[13.875s][info ][gc             ] GC(889) Pause Young (Allocation Failure) 52M->35M(61M) 0.551ms
[13.875s][info ][gc,cpu         ] GC(889) User=0.00s Sys=0.00s Real=0.00s
[13.876s][info ][gc,start       ] GC(890) Pause Young (Allocation Failure)
[13.876s][debug][gc,age         ] GC(890) Desired survivor size 1114112 bytes, new threshold 1 (max threshold 15)
[13.876s][info ][gc,heap        ] GC(890) DefNew: 19101K->1955K(19648K)
[13.876s][info ][gc,heap        ] GC(890) Tenured: 34793K->35965K(43712K)
[13.876s][info ][gc,metaspace   ] GC(890) Metaspace: 16398K->16398K(1064960K)
[13.876s][info ][gc             ] GC(890) Pause Young (Allocation Failure) 52M->37M(61M) 0.695ms
[13.877s][info ][gc,cpu         ] GC(890) User=0.00s Sys=0.00s Real=0.00s
[13.878s][info ][gc,start       ] GC(891) Pause Young (Allocation Failure)
[13.879s][debug][gc,age         ] GC(891) Desired survivor size 1114112 bytes, new threshold 1 (max threshold 15)
[13.879s][info ][gc,heap        ] GC(891) DefNew: 19100K->1955K(19648K)
[13.879s][info ][gc,heap        ] GC(891) Tenured: 35965K->36746K(43712K)
[13.879s][info ][gc,metaspace   ] GC(891) Metaspace: 16398K->16398K(1064960K)
[13.879s][info ][gc             ] GC(891) Pause Young (Allocation Failure) 53M->37M(61M) 0.823ms
[13.879s][info ][gc,cpu         ] GC(891) User=0.00s Sys=0.00s Real=0.00s
[13.880s][info ][gc,start       ] GC(892) Pause Young (Allocation Failure)
[13.881s][debug][gc,age         ] GC(892) Desired survivor size 1114112 bytes, new threshold 1 (max threshold 15)
[13.881s][info ][gc,heap        ] GC(892) DefNew: 19098K->1955K(19648K)
[13.881s][info ][gc,heap        ] GC(892) Tenured: 36746K->37528K(43712K)
[13.881s][info ][gc,metaspace   ] GC(892) Metaspace: 16398K->16398K(1064960K)
[13.881s][info ][gc             ] GC(892) Pause Young (Allocation Failure) 54M->38M(61M) 0.675ms
[13.881s][info ][gc,cpu         ] GC(892) User=0.00s Sys=0.00s Real=0.00s
[13.882s][info ][gc,start       ] GC(893) Pause Young (Allocation Failure)
[13.882s][debug][gc,age         ] GC(893) Desired survivor size 1114112 bytes, new threshold 1 (max threshold 15)
[13.882s][info ][gc,heap        ] GC(893) DefNew: 19097K->1564K(19648K)
[13.882s][info ][gc,heap        ] GC(893) Tenured: 37528K->37528K(43712K)
[13.882s][info ][gc,metaspace   ] GC(893) Metaspace: 16398K->16398K(1064960K)
[13.882s][info ][gc             ] GC(893) Pause Young (Allocation Failure) 55M->38M(61M) 0.503ms
[13.882s][info ][gc,cpu         ] GC(893) User=0.00s Sys=0.00s Real=0.00s
[13.884s][info ][gc,start       ] GC(894) Pause Young (Allocation Failure)
[13.885s][debug][gc,age         ] GC(894) Desired survivor size 1114112 bytes, new threshold 1 (max threshold 15)
[13.885s][info ][gc,heap        ] GC(894) DefNew: 18706K->1955K(19648K)
[13.885s][info ][gc,heap        ] GC(894) Tenured: 37528K->38309K(43712K)
[13.885s][info ][gc,metaspace   ] GC(894) Metaspace: 16398K->16398K(1064960K)
[13.885s][info ][gc             ] GC(894) Pause Young (Allocation Failure) 54M->39M(61M) 0.851ms
[13.885s][info ][gc,cpu         ] GC(894) User=0.00s Sys=0.00s Real=0.00s
[13.886s][info ][gc,start       ] GC(895) Pause Young (Allocation Failure)
[13.887s][debug][gc,age         ] GC(895) Desired survivor size 1114112 bytes, new threshold 1 (max threshold 15)
[13.887s][info ][gc,heap        ] GC(895) DefNew: 19096K->1955K(19648K)
[13.887s][info ][gc,heap        ] GC(895) Tenured: 38309K->38700K(43712K)
[13.887s][info ][gc,metaspace   ] GC(895) Metaspace: 16398K->16398K(1064960K)
[13.887s][info ][gc             ] GC(895) Pause Young (Allocation Failure) 56M->39M(61M) 0.629ms
[13.887s][info ][gc,cpu         ] GC(895) User=0.00s Sys=0.00s Real=0.00s
[13.888s][info ][gc,start       ] GC(896) Pause Young (Allocation Failure)
[13.889s][debug][gc,age         ] GC(896) Desired survivor size 1114112 bytes, new threshold 1 (max threshold 15)
[13.889s][info ][gc,heap        ] GC(896) DefNew: 19096K->1955K(19648K)
[13.889s][info ][gc,heap        ] GC(896) Tenured: 38700K->39481K(43712K)
[13.889s][info ][gc,metaspace   ] GC(896) Metaspace: 16398K->16398K(1064960K)
[13.889s][info ][gc             ] GC(896) Pause Young (Allocation Failure) 56M->40M(61M) 0.639ms
[13.889s][info ][gc,cpu         ] GC(896) User=0.00s Sys=0.00s Real=0.00s
[13.890s][info ][gc,start       ] GC(897) Pause Young (Allocation Failure)
[13.891s][debug][gc,age         ] GC(897) Desired survivor size 1114112 bytes, new threshold 1 (max threshold 15)
[13.891s][info ][gc,heap        ] GC(897) DefNew: 19096K->1564K(19648K)
[13.891s][info ][gc,heap        ] GC(897) Tenured: 39481K->39481K(43712K)
[13.891s][info ][gc,metaspace   ] GC(897) Metaspace: 16398K->16398K(1064960K)
[13.891s][info ][gc             ] GC(897) Pause Young (Allocation Failure) 57M->40M(61M) 0.670ms
[13.891s][info ][gc,cpu         ] GC(897) User=0.00s Sys=0.00s Real=0.00s
[13.892s][info ][gc,start       ] GC(898) Pause Young (Allocation Failure)
[13.893s][debug][gc,age         ] GC(898) Desired survivor size 1114112 bytes, new threshold 1 (max threshold 15)
[13.893s][info ][gc,heap        ] GC(898) DefNew: 18705K->1955K(19648K)
[13.893s][info ][gc,heap        ] GC(898) Tenured: 39481K->40262K(43712K)
[13.893s][info ][gc,metaspace   ] GC(898) Metaspace: 16398K->16398K(1064960K)
[13.893s][info ][gc             ] GC(898) Pause Young (Allocation Failure) 56M->41M(61M) 0.645ms
[13.893s][info ][gc,cpu         ] GC(898) User=0.00s Sys=0.00s Real=0.00s
[13.894s][info ][gc,start       ] GC(899) Pause Young (Allocation Failure)
[13.895s][debug][gc,age         ] GC(899) Desired survivor size 1114112 bytes, new threshold 1 (max threshold 15)
[13.895s][info ][gc,heap        ] GC(899) DefNew: 19096K->1955K(19648K)
[13.895s][info ][gc,heap        ] GC(899) Tenured: 40262K->40653K(43712K)
[13.895s][info ][gc,metaspace   ] GC(899) Metaspace: 16398K->16398K(1064960K)
[13.895s][info ][gc             ] GC(899) Pause Young (Allocation Failure) 57M->41M(61M) 0.722ms
[13.895s][info ][gc,cpu         ] GC(899) User=0.01s Sys=0.00s Real=0.00s
[13.896s][info ][gc,start       ] GC(900) Pause Young (Allocation Failure)
[13.896s][debug][gc,age         ] GC(900) Desired survivor size 1114112 bytes, new threshold 1 (max threshold 15)
[13.896s][info ][gc,heap        ] GC(900) DefNew: 19096K->1955K(19648K)
[13.896s][info ][gc,heap        ] GC(900) Tenured: 40653K->40653K(43712K)
[13.896s][info ][gc,metaspace   ] GC(900) Metaspace: 16398K->16398K(1064960K)
[13.896s][info ][gc             ] GC(900) Pause Young (Allocation Failure) 58M->41M(61M) 0.525ms
[13.896s][info ][gc,cpu         ] GC(900) User=0.00s Sys=0.00s Real=0.00s
[13.898s][info ][gc,start       ] GC(901) Pause Young (Allocation Failure)
[13.898s][debug][gc,age         ] GC(901) Desired survivor size 1114112 bytes, new threshold 1 (max threshold 15)
[13.898s][info ][gc,heap        ] GC(901) DefNew: 19096K->1955K(19648K)
[13.898s][info ][gc,heap        ] GC(901) Tenured: 40653K->41434K(43712K)
[13.898s][info ][gc,metaspace   ] GC(901) Metaspace: 16398K->16398K(1064960K)
[13.898s][info ][gc             ] GC(901) Pause Young (Allocation Failure) 58M->42M(61M) 0.606ms
[13.898s][info ][gc,cpu         ] GC(901) User=0.00s Sys=0.00s Real=0.00s
[13.900s][info ][gc,start       ] GC(902) Pause Young (Allocation Failure)
[13.900s][debug][gc,age         ] GC(902) Desired survivor size 1114112 bytes, new threshold 1 (max threshold 15)
[13.900s][info ][gc,heap        ] GC(902) DefNew: 19096K->1955K(19648K)
[13.900s][info ][gc,heap        ] GC(902) Tenured: 41434K->41434K(43712K)
[13.900s][info ][gc,metaspace   ] GC(902) Metaspace: 16398K->16398K(1064960K)
[13.900s][info ][gc             ] GC(902) Pause Young (Allocation Failure) 59M->42M(61M) 0.626ms
[13.900s][info ][gc,cpu         ] GC(902) User=0.00s Sys=0.00s Real=0.00s
[13.902s][info ][gc,start       ] GC(903) Pause Young (Allocation Failure)
[13.902s][debug][gc,age         ] GC(903) Desired survivor size 1114112 bytes, new threshold 1 (max threshold 15)
[13.902s][info ][gc,heap        ] GC(903) DefNew: 19096K->1955K(19648K)
[13.902s][info ][gc,heap        ] GC(903) Tenured: 41434K->42216K(43712K)
[13.902s][info ][gc,metaspace   ] GC(903) Metaspace: 16398K->16398K(1064960K)
[13.902s][info ][gc             ] GC(903) Pause Young (Allocation Failure) 59M->43M(61M) 0.657ms
[13.902s][info ][gc,cpu         ] GC(903) User=0.00s Sys=0.00s Real=0.00s
[13.904s][info ][gc,start       ] GC(904) Pause Young (Allocation Failure)
[13.904s][debug][gc,age         ] GC(904) Desired survivor size 1114112 bytes, new threshold 1 (max threshold 15)
[13.904s][info ][gc,heap        ] GC(904) DefNew: 19096K->1173K(19648K)
[13.904s][info ][gc,heap        ] GC(904) Tenured: 42216K->42216K(43712K)
[13.904s][info ][gc,metaspace   ] GC(904) Metaspace: 16398K->16398K(1064960K)
[13.904s][info ][gc             ] GC(904) Pause Young (Allocation Failure) 59M->42M(61M) 0.433ms
[13.904s][info ][gc,cpu         ] GC(904) User=0.00s Sys=0.00s Real=0.00s
[13.905s][info ][gc,start       ] GC(905) Pause Young (Allocation Failure)
[13.906s][debug][gc,age         ] GC(905) Desired survivor size 1114112 bytes, new threshold 1 (max threshold 15)
[13.906s][info ][gc,heap        ] GC(905) DefNew: 18314K->1955K(19648K)
[13.906s][info ][gc,heap        ] GC(905) Tenured: 42216K->42997K(43712K)
[13.906s][info ][gc,metaspace   ] GC(905) Metaspace: 16398K->16398K(1064960K)
[13.906s][info ][gc             ] GC(905) Pause Young (Allocation Failure) 59M->43M(61M) 0.600ms
[13.906s][info ][gc,cpu         ] GC(905) User=0.00s Sys=0.00s Real=0.00s
[13.907s][info ][gc,start       ] GC(906) Pause Young (Allocation Failure)
[13.907s][info ][gc,start       ] GC(907) Pause Full (Allocation Failure)
[13.908s][info ][gc,phases,start] GC(907) Phase 1: Mark live objects
[13.911s][debug][gc,phases      ] GC(907) Reference Processing 0.049ms
[13.911s][debug][gc,phases      ] GC(907) Weak Processing 0.019ms
[13.911s][debug][gc,phases      ] GC(907) ClassLoaderData 0.036ms
[13.911s][debug][gc,phases      ] GC(907) ProtectionDomainCacheTable 0.002ms
[13.911s][debug][gc,phases      ] GC(907) ResolvedMethodTable 0.015ms
[13.911s][debug][gc,phases      ] GC(907) Class Unloading 0.770ms
[13.912s][debug][gc,phases      ] GC(907) Scrub String Table 0.058ms
[13.913s][debug][gc,phases      ] GC(907) Scrub Symbol Table 1.005ms
[13.913s][info ][gc,phases      ] GC(907) Phase 1: Mark live objects 5.041ms
[13.913s][info ][gc,phases,start] GC(907) Phase 2: Compute new object addresses
[13.914s][info ][gc,phases      ] GC(907) Phase 2: Compute new object addresses 0.918ms
[13.914s][info ][gc,phases,start] GC(907) Phase 3: Adjust pointers
[13.918s][info ][gc,phases      ] GC(907) Phase 3: Adjust pointers 4.016ms
[13.918s][info ][gc,phases,start] GC(907) Phase 4: Move objects
[13.918s][info ][gc,phases      ] GC(907) Phase 4: Move objects 0.452ms
[13.918s][info ][gc             ] GC(907) Pause Full (Allocation Failure) 60M->5M(61M) 10.726ms
[13.918s][info ][gc,heap        ] GC(906) DefNew: 19096K->0K(19648K)
[13.918s][info ][gc,heap        ] GC(906) Tenured: 42997K->5880K(43712K)
[13.918s][info ][gc,metaspace   ] GC(906) Metaspace: 16398K->16398K(1064960K)
[13.918s][info ][gc             ] GC(906) Pause Young (Allocation Failure) 60M->5M(61M) 10.851ms
[13.918s][info ][gc,cpu         ] GC(906) User=0.01s Sys=0.00s Real=0.01s
[13.920s][info ][gc,start       ] GC(908) Pause Young (Allocation Failure)
[13.920s][debug][gc,age         ] GC(908) Desired survivor size 1114112 bytes, new threshold 1 (max threshold 15)
[13.920s][info ][gc,heap        ] GC(908) DefNew: 17140K->1174K(19648K)
[13.920s][info ][gc,heap        ] GC(908) Tenured: 5880K->5880K(43712K)
[13.920s][info ][gc,metaspace   ] GC(908) Metaspace: 16398K->16398K(1064960K)
[13.920s][info ][gc             ] GC(908) Pause Young (Allocation Failure) 22M->6M(61M) 0.439ms
[13.920s][info ][gc,cpu         ] GC(908) User=0.01s Sys=0.00s Real=0.00s
[13.921s][info ][gc,start       ] GC(909) Pause Young (Allocation Failure)
[13.922s][debug][gc,age         ] GC(909) Desired survivor size 1114112 bytes, new threshold 1 (max threshold 15)
[13.922s][info ][gc,heap        ] GC(909) DefNew: 18315K->1955K(19648K)
[13.922s][info ][gc,heap        ] GC(909) Tenured: 5880K->6662K(43712K)
[13.922s][info ][gc,metaspace   ] GC(909) Metaspace: 16398K->16398K(1064960K)
[13.922s][info ][gc             ] GC(909) Pause Young (Allocation Failure) 23M->8M(61M) 0.600ms
[13.922s][info ][gc,cpu         ] GC(909) User=0.00s Sys=0.00s Real=0.00s
[13.923s][info ][gc,start       ] GC(910) Pause Young (Allocation Failure)
[13.924s][debug][gc,age         ] GC(910) Desired survivor size 1114112 bytes, new threshold 1 (max threshold 15)
[13.924s][info ][gc,heap        ] GC(910) DefNew: 19096K->1955K(19648K)
[13.924s][info ][gc,heap        ] GC(910) Tenured: 6662K->7444K(43712K)
[13.924s][info ][gc,metaspace   ] GC(910) Metaspace: 16398K->16398K(1064960K)
[13.924s][info ][gc             ] GC(910) Pause Young (Allocation Failure) 25M->9M(61M) 0.737ms
[13.924s][info ][gc,cpu         ] GC(910) User=0.00s Sys=0.01s Real=0.00s
[13.925s][info ][gc,start       ] GC(911) Pause Young (Allocation Failure)
[13.926s][debug][gc,age         ] GC(911) Desired survivor size 1114112 bytes, new threshold 1 (max threshold 15)
[13.926s][info ][gc,heap        ] GC(911) DefNew: 19096K->1955K(19648K)
[13.926s][info ][gc,heap        ] GC(911) Tenured: 7444K->7834K(43712K)
[13.926s][info ][gc,metaspace   ] GC(911) Metaspace: 16398K->16398K(1064960K)
[13.926s][info ][gc             ] GC(911) Pause Young (Allocation Failure) 25M->9M(61M) 0.679ms
[13.926s][info ][gc,cpu         ] GC(911) User=0.00s Sys=0.00s Real=0.00s
[13.927s][info ][gc,start       ] GC(912) Pause Young (Allocation Failure)
[13.928s][debug][gc,age         ] GC(912) Desired survivor size 1114112 bytes, new threshold 1 (max threshold 15)
[13.928s][info ][gc,heap        ] GC(912) DefNew: 19096K->1955K(19648K)
[13.928s][info ][gc,heap        ] GC(912) Tenured: 7834K->8615K(43712K)
[13.928s][info ][gc,metaspace   ] GC(912) Metaspace: 16398K->16398K(1064960K)
[13.928s][info ][gc             ] GC(912) Pause Young (Allocation Failure) 26M->10M(61M) 0.744ms
[13.928s][info ][gc,cpu         ] GC(912) User=0.00s Sys=0.00s Real=0.00s
[13.929s][info ][gc,start       ] GC(913) Pause Young (Allocation Failure)
[13.930s][debug][gc,age         ] GC(913) Desired survivor size 1114112 bytes, new threshold 1 (max threshold 15)
[13.930s][info ][gc,heap        ] GC(913) DefNew: 19096K->1955K(19648K)
[13.930s][info ][gc,heap        ] GC(913) Tenured: 8615K->9006K(43712K)
[13.930s][info ][gc,metaspace   ] GC(913) Metaspace: 16398K->16398K(1064960K)
[13.930s][info ][gc             ] GC(913) Pause Young (Allocation Failure) 27M->10M(61M) 0.680ms
[13.930s][info ][gc,cpu         ] GC(913) User=0.00s Sys=0.00s Real=0.00s
[13.932s][info ][gc,start       ] GC(914) Pause Young (Allocation Failure)
[13.932s][debug][gc,age         ] GC(914) Desired survivor size 1114112 bytes, new threshold 1 (max threshold 15)
[13.932s][info ][gc,heap        ] GC(914) DefNew: 19096K->1955K(19648K)
[13.932s][info ][gc,heap        ] GC(914) Tenured: 9006K->9006K(43712K)
[13.932s][info ][gc,metaspace   ] GC(914) Metaspace: 16398K->16398K(1064960K)
[13.932s][info ][gc             ] GC(914) Pause Young (Allocation Failure) 27M->10M(61M) 0.685ms
[13.932s][info ][gc,cpu         ] GC(914) User=0.00s Sys=0.00s Real=0.00s
[13.933s][info ][gc,start       ] GC(915) Pause Young (Allocation Failure)
[13.934s][debug][gc,age         ] GC(915) Desired survivor size 1114112 bytes, new threshold 1 (max threshold 15)
[13.934s][info ][gc,heap        ] GC(915) DefNew: 19096K->1955K(19648K)
[13.934s][info ][gc,heap        ] GC(915) Tenured: 9006K->9787K(43712K)
[13.934s][info ][gc,metaspace   ] GC(915) Metaspace: 16398K->16398K(1064960K)
[13.934s][info ][gc             ] GC(915) Pause Young (Allocation Failure) 27M->11M(61M) 0.596ms
[13.934s][info ][gc,cpu         ] GC(915) User=0.00s Sys=0.00s Real=0.00s
[13.935s][info ][gc,start       ] GC(916) Pause Young (Allocation Failure)
[13.936s][debug][gc,age         ] GC(916) Desired survivor size 1114112 bytes, new threshold 1 (max threshold 15)
[13.936s][info ][gc,heap        ] GC(916) DefNew: 19096K->1955K(19648K)
[13.936s][info ][gc,heap        ] GC(916) Tenured: 9787K->10569K(43712K)
[13.936s][info ][gc,metaspace   ] GC(916) Metaspace: 16398K->16398K(1064960K)
[13.936s][info ][gc             ] GC(916) Pause Young (Allocation Failure) 28M->12M(61M) 0.757ms
[13.936s][info ][gc,cpu         ] GC(916) User=0.00s Sys=0.00s Real=0.00s
[13.937s][info ][gc,start       ] GC(917) Pause Young (Allocation Failure)
[13.938s][debug][gc,age         ] GC(917) Desired survivor size 1114112 bytes, new threshold 1 (max threshold 15)
[13.938s][info ][gc,heap        ] GC(917) DefNew: 19096K->1564K(19648K)
[13.938s][info ][gc,heap        ] GC(917) Tenured: 10569K->10569K(43712K)
[13.938s][info ][gc,metaspace   ] GC(917) Metaspace: 16398K->16398K(1064960K)
[13.938s][info ][gc             ] GC(917) Pause Young (Allocation Failure) 28M->11M(61M) 0.477ms
[13.938s][info ][gc,cpu         ] GC(917) User=0.00s Sys=0.00s Real=0.00s
[13.939s][info ][gc,start       ] GC(918) Pause Young (Allocation Failure)
[13.940s][debug][gc,age         ] GC(918) Desired survivor size 1114112 bytes, new threshold 1 (max threshold 15)
[13.940s][info ][gc,heap        ] GC(918) DefNew: 18661K->1955K(19648K)
[13.940s][info ][gc,heap        ] GC(918) Tenured: 10569K->10960K(43712K)
[13.940s][info ][gc,metaspace   ] GC(918) Metaspace: 16398K->16398K(1064960K)
[13.940s][info ][gc             ] GC(918) Pause Young (Allocation Failure) 28M->12M(61M) 0.729ms
[13.940s][info ][gc,cpu         ] GC(918) User=0.00s Sys=0.00s Real=0.00s
[13.941s][info ][gc,start       ] GC(919) Pause Young (Allocation Failure)
[13.942s][debug][gc,age         ] GC(919) Desired survivor size 1114112 bytes, new threshold 1 (max threshold 15)
[13.942s][info ][gc,heap        ] GC(919) DefNew: 19111K->1955K(19648K)
[13.942s][info ][gc,heap        ] GC(919) Tenured: 10960K->11741K(43712K)
[13.942s][info ][gc,metaspace   ] GC(919) Metaspace: 16398K->16398K(1064960K)
[13.942s][info ][gc             ] GC(919) Pause Young (Allocation Failure) 29M->13M(61M) 0.600ms
[13.942s][info ][gc,cpu         ] GC(919) User=0.00s Sys=0.00s Real=0.00s
[13.943s][info ][gc,start       ] GC(920) Pause Young (Allocation Failure)
[13.944s][debug][gc,age         ] GC(920) Desired survivor size 1114112 bytes, new threshold 1 (max threshold 15)
[13.944s][info ][gc,heap        ] GC(920) DefNew: 19059K->1955K(19648K)
[13.944s][info ][gc,heap        ] GC(920) Tenured: 11741K->12132K(43712K)
[13.944s][info ][gc,metaspace   ] GC(920) Metaspace: 16398K->16398K(1064960K)
[13.944s][info ][gc             ] GC(920) Pause Young (Allocation Failure) 30M->13M(61M) 0.705ms
[13.944s][info ][gc,cpu         ] GC(920) User=0.00s Sys=0.00s Real=0.00s
[13.945s][info ][gc,start       ] GC(921) Pause Young (Allocation Failure)
[13.946s][debug][gc,age         ] GC(921) Desired survivor size 1114112 bytes, new threshold 15 (max threshold 15)
[13.946s][info ][gc,heap        ] GC(921) DefNew: 19115K->783K(19648K)
[13.946s][info ][gc,heap        ] GC(921) Tenured: 12132K->12132K(43712K)
[13.946s][info ][gc,metaspace   ] GC(921) Metaspace: 16398K->16398K(1064960K)
[13.946s][info ][gc             ] GC(921) Pause Young (Allocation Failure) 30M->12M(61M) 0.443ms
[13.946s][info ][gc,cpu         ] GC(921) User=0.00s Sys=0.00s Real=0.00s
[13.947s][info ][gc,start       ] GC(922) Pause Young (Allocation Failure)
[13.948s][debug][gc,age         ] GC(922) Desired survivor size 1114112 bytes, new threshold 1 (max threshold 15)
[13.948s][info ][gc,heap        ] GC(922) DefNew: 17937K->1955K(19648K)
[13.948s][info ][gc,heap        ] GC(922) Tenured: 12132K->13304K(43712K)
[13.948s][info ][gc,metaspace   ] GC(922) Metaspace: 16398K->16398K(1064960K)
[13.948s][info ][gc             ] GC(922) Pause Young (Allocation Failure) 29M->14M(61M) 0.740ms
[13.948s][info ][gc,cpu         ] GC(922) User=0.00s Sys=0.00s Real=0.00s
[13.949s][info ][gc,start       ] GC(923) Pause Young (Allocation Failure)
[13.950s][debug][gc,age         ] GC(923) Desired survivor size 1114112 bytes, new threshold 1 (max threshold 15)
[13.950s][info ][gc,heap        ] GC(923) DefNew: 19104K->1955K(19648K)
[13.950s][info ][gc,heap        ] GC(923) Tenured: 13304K->13304K(43712K)
[13.950s][info ][gc,metaspace   ] GC(923) Metaspace: 16398K->16398K(1064960K)
[13.950s][info ][gc             ] GC(923) Pause Young (Allocation Failure) 31M->14M(61M) 0.522ms
[13.950s][info ][gc,cpu         ] GC(923) User=0.00s Sys=0.00s Real=0.01s
[13.951s][info ][gc,start       ] GC(924) Pause Young (Allocation Failure)
[13.952s][debug][gc,age         ] GC(924) Desired survivor size 1114112 bytes, new threshold 1 (max threshold 15)
[13.952s][info ][gc,heap        ] GC(924) DefNew: 19101K->1564K(19648K)
[13.952s][info ][gc,heap        ] GC(924) Tenured: 13304K->13304K(43712K)
[13.952s][info ][gc,metaspace   ] GC(924) Metaspace: 16398K->16398K(1064960K)
[13.952s][info ][gc             ] GC(924) Pause Young (Allocation Failure) 31M->14M(61M) 0.600ms
[13.952s][info ][gc,cpu         ] GC(924) User=0.00s Sys=0.00s Real=0.00s
[13.953s][info ][gc,start       ] GC(925) Pause Young (Allocation Failure)
[13.954s][debug][gc,age         ] GC(925) Desired survivor size 1114112 bytes, new threshold 1 (max threshold 15)
[13.954s][info ][gc,heap        ] GC(925) DefNew: 18708K->1955K(19648K)
[13.954s][info ][gc,heap        ] GC(925) Tenured: 13304K->14085K(43712K)
[13.954s][info ][gc,metaspace   ] GC(925) Metaspace: 16398K->16398K(1064960K)
[13.954s][info ][gc             ] GC(925) Pause Young (Allocation Failure) 31M->15M(61M) 0.663ms
[13.954s][info ][gc,cpu         ] GC(925) User=0.00s Sys=0.00s Real=0.00s
[13.955s][info ][gc,start       ] GC(926) Pause Young (Allocation Failure)
[13.956s][debug][gc,age         ] GC(926) Desired survivor size 1114112 bytes, new threshold 1 (max threshold 15)
[13.956s][info ][gc,heap        ] GC(926) DefNew: 19098K->1955K(19648K)
[13.956s][info ][gc,heap        ] GC(926) Tenured: 14085K->14476K(43712K)
[13.956s][info ][gc,metaspace   ] GC(926) Metaspace: 16398K->16398K(1064960K)
[13.956s][info ][gc             ] GC(926) Pause Young (Allocation Failure) 32M->16M(61M) 0.575ms
[13.956s][info ][gc,cpu         ] GC(926) User=0.00s Sys=0.00s Real=0.00s
[13.957s][info ][gc,start       ] GC(927) Pause Young (Allocation Failure)
[13.957s][debug][gc,age         ] GC(927) Desired survivor size 1114112 bytes, new threshold 1 (max threshold 15)
[13.957s][info ][gc,heap        ] GC(927) DefNew: 19097K->1955K(19648K)
[13.957s][info ][gc,heap        ] GC(927) Tenured: 14476K->14476K(43712K)
[13.957s][info ][gc,metaspace   ] GC(927) Metaspace: 16398K->16398K(1064960K)
[13.957s][info ][gc             ] GC(927) Pause Young (Allocation Failure) 32M->16M(61M) 0.507ms
[13.957s][info ][gc,cpu         ] GC(927) User=0.00s Sys=0.00s Real=0.00s
[13.959s][info ][gc,start       ] GC(928) Pause Young (Allocation Failure)
[13.960s][debug][gc,age         ] GC(928) Desired survivor size 1114112 bytes, new threshold 1 (max threshold 15)
[13.960s][info ][gc,heap        ] GC(928) DefNew: 19096K->1955K(19648K)
[13.960s][info ][gc,heap        ] GC(928) Tenured: 14476K->15648K(43712K)
[13.960s][info ][gc,metaspace   ] GC(928) Metaspace: 16398K->16398K(1064960K)
[13.960s][info ][gc             ] GC(928) Pause Young (Allocation Failure) 32M->17M(61M) 0.812ms
[13.960s][info ][gc,cpu         ] GC(928) User=0.00s Sys=0.00s Real=0.01s
[13.961s][info ][gc,start       ] GC(929) Pause Young (Allocation Failure)
[13.962s][debug][gc,age         ] GC(929) Desired survivor size 1114112 bytes, new threshold 1 (max threshold 15)
[13.962s][info ][gc,heap        ] GC(929) DefNew: 19096K->1955K(19648K)
[13.962s][info ][gc,heap        ] GC(929) Tenured: 15648K->16429K(43712K)
[13.962s][info ][gc,metaspace   ] GC(929) Metaspace: 16398K->16398K(1064960K)
[13.962s][info ][gc             ] GC(929) Pause Young (Allocation Failure) 33M->17M(61M) 0.919ms
[13.962s][info ][gc,cpu         ] GC(929) User=0.00s Sys=0.00s Real=0.00s
[13.963s][info ][gc,start       ] GC(930) Pause Young (Allocation Failure)
[13.964s][debug][gc,age         ] GC(930) Desired survivor size 1114112 bytes, new threshold 1 (max threshold 15)
[13.964s][info ][gc,heap        ] GC(930) DefNew: 19096K->1955K(19648K)
[13.964s][info ][gc,heap        ] GC(930) Tenured: 16429K->16820K(43712K)
[13.964s][info ][gc,metaspace   ] GC(930) Metaspace: 16398K->16398K(1064960K)
[13.964s][info ][gc             ] GC(930) Pause Young (Allocation Failure) 34M->18M(61M) 0.560ms
[13.964s][info ][gc,cpu         ] GC(930) User=0.00s Sys=0.00s Real=0.00s
[13.965s][info ][gc,start       ] GC(931) Pause Young (Allocation Failure)
[13.965s][debug][gc,age         ] GC(931) Desired survivor size 1114112 bytes, new threshold 1 (max threshold 15)
[13.965s][info ][gc,heap        ] GC(931) DefNew: 19096K->1955K(19648K)
[13.966s][info ][gc,heap        ] GC(931) Tenured: 16820K->16820K(43712K)
[13.966s][info ][gc,metaspace   ] GC(931) Metaspace: 16398K->16398K(1064960K)
[13.966s][info ][gc             ] GC(931) Pause Young (Allocation Failure) 35M->18M(61M) 0.553ms
[13.966s][info ][gc,cpu         ] GC(931) User=0.00s Sys=0.00s Real=0.00s
[13.967s][info ][gc,start       ] GC(932) Pause Young (Allocation Failure)
[13.967s][debug][gc,age         ] GC(932) Desired survivor size 1114112 bytes, new threshold 1 (max threshold 15)
[13.967s][info ][gc,heap        ] GC(932) DefNew: 19096K->1955K(19648K)
[13.967s][info ][gc,heap        ] GC(932) Tenured: 16820K->17210K(43712K)
[13.967s][info ][gc,metaspace   ] GC(932) Metaspace: 16398K->16398K(1064960K)
[13.968s][info ][gc             ] GC(932) Pause Young (Allocation Failure) 35M->18M(61M) 0.648ms
[13.968s][info ][gc,cpu         ] GC(932) User=0.00s Sys=0.00s Real=0.00s
[13.969s][info ][gc,start       ] GC(933) Pause Young (Allocation Failure)
[13.969s][debug][gc,age         ] GC(933) Desired survivor size 1114112 bytes, new threshold 1 (max threshold 15)
[13.969s][info ][gc,heap        ] GC(933) DefNew: 19096K->1955K(19648K)
[13.969s][info ][gc,heap        ] GC(933) Tenured: 17210K->18382K(43712K)
[13.969s][info ][gc,metaspace   ] GC(933) Metaspace: 16398K->16398K(1064960K)
[13.969s][info ][gc             ] GC(933) Pause Young (Allocation Failure) 35M->19M(61M) 0.636ms
[13.969s][info ][gc,cpu         ] GC(933) User=0.00s Sys=0.00s Real=0.01s
[13.971s][info ][gc,start       ] GC(934) Pause Young (Allocation Failure)
[13.971s][debug][gc,age         ] GC(934) Desired survivor size 1114112 bytes, new threshold 1 (max threshold 15)
[13.971s][info ][gc,heap        ] GC(934) DefNew: 19096K->1955K(19648K)
[13.971s][info ][gc,heap        ] GC(934) Tenured: 18382K->18773K(43712K)
[13.971s][info ][gc,metaspace   ] GC(934) Metaspace: 16398K->16398K(1064960K)
[13.971s][info ][gc             ] GC(934) Pause Young (Allocation Failure) 36M->20M(61M) 0.546ms
[13.971s][info ][gc,cpu         ] GC(934) User=0.00s Sys=0.00s Real=0.00s
[13.973s][info ][gc,start       ] GC(935) Pause Young (Allocation Failure)
[13.973s][debug][gc,age         ] GC(935) Desired survivor size 1114112 bytes, new threshold 1 (max threshold 15)
[13.973s][info ][gc,heap        ] GC(935) DefNew: 19096K->1955K(19648K)
[13.973s][info ][gc,heap        ] GC(935) Tenured: 18773K->19164K(43712K)
[13.973s][info ][gc,metaspace   ] GC(935) Metaspace: 16398K->16398K(1064960K)
[13.973s][info ][gc             ] GC(935) Pause Young (Allocation Failure) 36M->20M(61M) 0.606ms
[13.973s][info ][gc,cpu         ] GC(935) User=0.00s Sys=0.00s Real=0.00s
[13.975s][info ][gc,start       ] GC(936) Pause Young (Allocation Failure)
[13.975s][debug][gc,age         ] GC(936) Desired survivor size 1114112 bytes, new threshold 1 (max threshold 15)
[13.975s][info ][gc,heap        ] GC(936) DefNew: 19096K->1564K(19648K)
[13.975s][info ][gc,heap        ] GC(936) Tenured: 19164K->19554K(43712K)
[13.975s][info ][gc,metaspace   ] GC(936) Metaspace: 16398K->16398K(1064960K)
[13.975s][info ][gc             ] GC(936) Pause Young (Allocation Failure) 37M->20M(61M) 0.490ms
[13.975s][info ][gc,cpu         ] GC(936) User=0.00s Sys=0.00s Real=0.00s
[13.976s][info ][gc,start       ] GC(937) Pause Young (Allocation Failure)
[13.977s][debug][gc,age         ] GC(937) Desired survivor size 1114112 bytes, new threshold 1 (max threshold 15)
[13.977s][info ][gc,heap        ] GC(937) DefNew: 18704K->1955K(19648K)
[13.977s][info ][gc,heap        ] GC(937) Tenured: 19554K->20336K(43712K)
[13.977s][info ][gc,metaspace   ] GC(937) Metaspace: 16398K->16398K(1064960K)
[13.977s][info ][gc             ] GC(937) Pause Young (Allocation Failure) 37M->21M(61M) 0.786ms
[13.977s][info ][gc,cpu         ] GC(937) User=0.00s Sys=0.01s Real=0.00s
[13.979s][info ][gc,start       ] GC(938) Pause Young (Allocation Failure)
[13.979s][debug][gc,age         ] GC(938) Desired survivor size 1114112 bytes, new threshold 1 (max threshold 15)
[13.979s][info ][gc,heap        ] GC(938) DefNew: 19096K->1955K(19648K)
[13.979s][info ][gc,heap        ] GC(938) Tenured: 20336K->21117K(43712K)
[13.979s][info ][gc,metaspace   ] GC(938) Metaspace: 16398K->16398K(1064960K)
[13.979s][info ][gc             ] GC(938) Pause Young (Allocation Failure) 38M->22M(61M) 0.596ms
[13.979s][info ][gc,cpu         ] GC(938) User=0.00s Sys=0.00s Real=0.00s
[13.980s][info ][gc,start       ] GC(939) Pause Young (Allocation Failure)
[13.981s][debug][gc,age         ] GC(939) Desired survivor size 1114112 bytes, new threshold 1 (max threshold 15)
[13.981s][info ][gc,heap        ] GC(939) DefNew: 19095K->1955K(19648K)
[13.981s][info ][gc,heap        ] GC(939) Tenured: 21117K->22289K(43712K)
[13.981s][info ][gc,metaspace   ] GC(939) Metaspace: 16398K->16398K(1064960K)
[13.981s][info ][gc             ] GC(939) Pause Young (Allocation Failure) 39M->23M(61M) 0.650ms
[13.981s][info ][gc,cpu         ] GC(939) User=0.00s Sys=0.00s Real=0.00s
[13.983s][info ][gc,start       ] GC(940) Pause Young (Allocation Failure)
[13.984s][debug][gc,age         ] GC(940) Desired survivor size 1114112 bytes, new threshold 1 (max threshold 15)
[13.984s][info ][gc,heap        ] GC(940) DefNew: 19096K->1955K(19648K)
[13.984s][info ][gc,heap        ] GC(940) Tenured: 22289K->23461K(43712K)
[13.984s][info ][gc,metaspace   ] GC(940) Metaspace: 16398K->16398K(1064960K)
[13.984s][info ][gc             ] GC(940) Pause Young (Allocation Failure) 40M->24M(61M) 0.743ms
[13.984s][info ][gc,cpu         ] GC(940) User=0.00s Sys=0.00s Real=0.00s
[13.985s][info ][gc,start       ] GC(941) Pause Young (Allocation Failure)
[13.986s][debug][gc,age         ] GC(941) Desired survivor size 1114112 bytes, new threshold 1 (max threshold 15)
[13.986s][info ][gc,heap        ] GC(941) DefNew: 19095K->1955K(19648K)
[13.986s][info ][gc,heap        ] GC(941) Tenured: 23461K->23461K(43712K)
[13.986s][info ][gc,metaspace   ] GC(941) Metaspace: 16398K->16398K(1064960K)
[13.986s][info ][gc             ] GC(941) Pause Young (Allocation Failure) 41M->24M(61M) 0.612ms
[13.986s][info ][gc,cpu         ] GC(941) User=0.00s Sys=0.00s Real=0.00s
[13.987s][info ][gc,start       ] GC(942) Pause Young (Allocation Failure)
[13.988s][debug][gc,age         ] GC(942) Desired survivor size 1114112 bytes, new threshold 1 (max threshold 15)
[13.988s][info ][gc,heap        ] GC(942) DefNew: 19096K->1955K(19648K)
[13.988s][info ][gc,heap        ] GC(942) Tenured: 23461K->24243K(43712K)
[13.988s][info ][gc,metaspace   ] GC(942) Metaspace: 16398K->16398K(1064960K)
[13.988s][info ][gc             ] GC(942) Pause Young (Allocation Failure) 41M->25M(61M) 0.746ms
[13.988s][info ][gc,cpu         ] GC(942) User=0.00s Sys=0.00s Real=0.00s
[13.989s][info ][gc,start       ] GC(943) Pause Young (Allocation Failure)
[13.990s][debug][gc,age         ] GC(943) Desired survivor size 1114112 bytes, new threshold 1 (max threshold 15)
[13.990s][info ][gc,heap        ] GC(943) DefNew: 19096K->1955K(19648K)
[13.990s][info ][gc,heap        ] GC(943) Tenured: 24243K->24633K(43712K)
[13.990s][info ][gc,metaspace   ] GC(943) Metaspace: 16398K->16398K(1064960K)
[13.990s][info ][gc             ] GC(943) Pause Young (Allocation Failure) 42M->25M(61M) 0.715ms
[13.990s][info ][gc,cpu         ] GC(943) User=0.00s Sys=0.00s Real=0.00s
[13.991s][info ][gc,start       ] GC(944) Pause Young (Allocation Failure)
[13.992s][debug][gc,age         ] GC(944) Desired survivor size 1114112 bytes, new threshold 1 (max threshold 15)
[13.992s][info ][gc,heap        ] GC(944) DefNew: 19096K->1955K(19648K)
[13.992s][info ][gc,heap        ] GC(944) Tenured: 24633K->25024K(43712K)
[13.992s][info ][gc,metaspace   ] GC(944) Metaspace: 16398K->16398K(1064960K)
[13.992s][info ][gc             ] GC(944) Pause Young (Allocation Failure) 42M->26M(61M) 0.552ms
[13.992s][info ][gc,cpu         ] GC(944) User=0.00s Sys=0.00s Real=0.00s
[13.993s][info ][gc,start       ] GC(945) Pause Young (Allocation Failure)
[13.994s][debug][gc,age         ] GC(945) Desired survivor size 1114112 bytes, new threshold 1 (max threshold 15)
[13.994s][info ][gc,heap        ] GC(945) DefNew: 19095K->1955K(19648K)
[13.994s][info ][gc,heap        ] GC(945) Tenured: 25024K->25805K(43712K)
[13.994s][info ][gc,metaspace   ] GC(945) Metaspace: 16398K->16398K(1064960K)
[13.994s][info ][gc             ] GC(945) Pause Young (Allocation Failure) 43M->27M(61M) 0.774ms
[13.994s][info ][gc,cpu         ] GC(945) User=0.00s Sys=0.00s Real=0.00s
[13.995s][info ][gc,start       ] GC(946) Pause Young (Allocation Failure)
[13.996s][debug][gc,age         ] GC(946) Desired survivor size 1114112 bytes, new threshold 1 (max threshold 15)
[13.996s][info ][gc,heap        ] GC(946) DefNew: 19057K->1564K(19648K)
[13.996s][info ][gc,heap        ] GC(946) Tenured: 25805K->26196K(43712K)
[13.996s][info ][gc,metaspace   ] GC(946) Metaspace: 16398K->16398K(1064960K)
[13.996s][info ][gc             ] GC(946) Pause Young (Allocation Failure) 43M->27M(61M) 0.647ms
[13.996s][info ][gc,cpu         ] GC(946) User=0.01s Sys=0.00s Real=0.00s
[13.997s][info ][gc,start       ] GC(947) Pause Young (Allocation Failure)
[13.998s][debug][gc,age         ] GC(947) Desired survivor size 1114112 bytes, new threshold 1 (max threshold 15)
[13.998s][info ][gc,heap        ] GC(947) DefNew: 18718K->1955K(19648K)
[13.998s][info ][gc,heap        ] GC(947) Tenured: 26196K->27368K(43712K)
[13.998s][info ][gc,metaspace   ] GC(947) Metaspace: 16398K->16398K(1064960K)
[13.998s][info ][gc             ] GC(947) Pause Young (Allocation Failure) 43M->28M(61M) 0.626ms
[13.998s][info ][gc,cpu         ] GC(947) User=0.00s Sys=0.00s Real=0.00s
[13.999s][info ][gc,start       ] GC(948) Pause Young (Allocation Failure)
[14.000s][debug][gc,age         ] GC(948) Desired survivor size 1114112 bytes, new threshold 1 (max threshold 15)
[14.000s][info ][gc,heap        ] GC(948) DefNew: 19104K->1564K(19648K)
[14.000s][info ][gc,heap        ] GC(948) Tenured: 27368K->27368K(43712K)
[14.000s][info ][gc,metaspace   ] GC(948) Metaspace: 16398K->16398K(1064960K)
[14.000s][info ][gc             ] GC(948) Pause Young (Allocation Failure) 45M->28M(61M) 0.444ms
[14.000s][info ][gc,cpu         ] GC(948) User=0.00s Sys=0.00s Real=0.01s
[14.001s][info ][gc,start       ] GC(949) Pause Young (Allocation Failure)
[14.002s][debug][gc,age         ] GC(949) Desired survivor size 1114112 bytes, new threshold 1 (max threshold 15)
[14.002s][info ][gc,heap        ] GC(949) DefNew: 18711K->1955K(19648K)
[14.002s][info ][gc,heap        ] GC(949) Tenured: 27368K->27368K(43712K)
[14.002s][info ][gc,metaspace   ] GC(949) Metaspace: 16398K->16398K(1064960K)
[14.002s][info ][gc             ] GC(949) Pause Young (Allocation Failure) 44M->28M(61M) 0.614ms
[14.002s][info ][gc,cpu         ] GC(949) User=0.00s Sys=0.00s Real=0.00s
[14.003s][info ][gc,start       ] GC(950) Pause Young (Allocation Failure)
[14.003s][debug][gc,age         ] GC(950) Desired survivor size 1114112 bytes, new threshold 15 (max threshold 15)
[14.003s][info ][gc,heap        ] GC(950) DefNew: 19054K->783K(19648K)
[14.003s][info ][gc,heap        ] GC(950) Tenured: 27368K->27368K(43712K)
[14.003s][info ][gc,metaspace   ] GC(950) Metaspace: 16398K->16398K(1064960K)
[14.003s][info ][gc             ] GC(950) Pause Young (Allocation Failure) 45M->27M(61M) 0.422ms
[14.003s][info ][gc,cpu         ] GC(950) User=0.00s Sys=0.00s Real=0.00s
[14.005s][info ][gc,start       ] GC(951) Pause Young (Allocation Failure)
[14.005s][debug][gc,age         ] GC(951) Desired survivor size 1114112 bytes, new threshold 1 (max threshold 15)
[14.005s][info ][gc,heap        ] GC(951) DefNew: 17942K->1955K(19648K)
[14.005s][info ][gc,heap        ] GC(951) Tenured: 27368K->28540K(43712K)
[14.005s][info ][gc,metaspace   ] GC(951) Metaspace: 16398K->16398K(1064960K)
[14.005s][info ][gc             ] GC(951) Pause Young (Allocation Failure) 44M->29M(61M) 0.651ms
[14.005s][info ][gc,cpu         ] GC(951) User=0.00s Sys=0.00s Real=0.00s
[14.007s][info ][gc,start       ] GC(952) Pause Young (Allocation Failure)
[14.007s][debug][gc,age         ] GC(952) Desired survivor size 1114112 bytes, new threshold 1 (max threshold 15)
[14.007s][info ][gc,heap        ] GC(952) DefNew: 19108K->1955K(19648K)
[14.007s][info ][gc,heap        ] GC(952) Tenured: 28540K->28931K(43712K)
[14.007s][info ][gc,metaspace   ] GC(952) Metaspace: 16398K->16398K(1064960K)
[14.007s][info ][gc             ] GC(952) Pause Young (Allocation Failure) 46M->30M(61M) 0.549ms
[14.007s][info ][gc,cpu         ] GC(952) User=0.00s Sys=0.00s Real=0.00s
[14.009s][info ][gc,start       ] GC(953) Pause Young (Allocation Failure)
[14.009s][debug][gc,age         ] GC(953) Desired survivor size 1114112 bytes, new threshold 1 (max threshold 15)
[14.009s][info ][gc,heap        ] GC(953) DefNew: 19103K->1955K(19648K)
[14.009s][info ][gc,heap        ] GC(953) Tenured: 28931K->29712K(43712K)
[14.009s][info ][gc,metaspace   ] GC(953) Metaspace: 16398K->16398K(1064960K)
[14.009s][info ][gc             ] GC(953) Pause Young (Allocation Failure) 46M->30M(61M) 0.703ms
[14.009s][info ][gc,cpu         ] GC(953) User=0.00s Sys=0.00s Real=0.01s
[14.011s][info ][gc,start       ] GC(954) Pause Young (Allocation Failure)
[14.011s][debug][gc,age         ] GC(954) Desired survivor size 1114112 bytes, new threshold 1 (max threshold 15)
[14.011s][info ][gc,heap        ] GC(954) DefNew: 19100K->1955K(19648K)
[14.011s][info ][gc,heap        ] GC(954) Tenured: 29712K->30103K(43712K)
[14.011s][info ][gc,metaspace   ] GC(954) Metaspace: 16398K->16398K(1064960K)
[14.011s][info ][gc             ] GC(954) Pause Young (Allocation Failure) 47M->31M(61M) 0.677ms
[14.011s][info ][gc,cpu         ] GC(954) User=0.00s Sys=0.00s Real=0.00s
[14.013s][info ][gc,start       ] GC(955) Pause Young (Allocation Failure)
[14.013s][debug][gc,age         ] GC(955) Desired survivor size 1114112 bytes, new threshold 1 (max threshold 15)
[14.013s][info ][gc,heap        ] GC(955) DefNew: 19099K->1955K(19648K)
[14.013s][info ][gc,heap        ] GC(955) Tenured: 30103K->31275K(43712K)
[14.013s][info ][gc,metaspace   ] GC(955) Metaspace: 16398K->16398K(1064960K)
[14.013s][info ][gc             ] GC(955) Pause Young (Allocation Failure) 48M->32M(61M) 0.619ms
[14.013s][info ][gc,cpu         ] GC(955) User=0.00s Sys=0.00s Real=0.00s
[14.015s][info ][gc,start       ] GC(956) Pause Young (Allocation Failure)
[14.015s][debug][gc,age         ] GC(956) Desired survivor size 1114112 bytes, new threshold 1 (max threshold 15)
[14.015s][info ][gc,heap        ] GC(956) DefNew: 19097K->1955K(19648K)
[14.015s][info ][gc,heap        ] GC(956) Tenured: 31275K->32056K(43712K)
[14.015s][info ][gc,metaspace   ] GC(956) Metaspace: 16398K->16398K(1064960K)
[14.015s][info ][gc             ] GC(956) Pause Young (Allocation Failure) 49M->33M(61M) 0.612ms
[14.015s][info ][gc,cpu         ] GC(956) User=0.00s Sys=0.00s Real=0.00s
[14.017s][info ][gc,start       ] GC(957) Pause Young (Allocation Failure)
[14.017s][debug][gc,age         ] GC(957) Desired survivor size 1114112 bytes, new threshold 1 (max threshold 15)
[14.017s][info ][gc,heap        ] GC(957) DefNew: 19097K->1955K(19648K)
[14.017s][info ][gc,heap        ] GC(957) Tenured: 32056K->32838K(43712K)
[14.017s][info ][gc,metaspace   ] GC(957) Metaspace: 16398K->16398K(1064960K)
[14.017s][info ][gc             ] GC(957) Pause Young (Allocation Failure) 49M->33M(61M) 0.895ms
[14.018s][info ][gc,cpu         ] GC(957) User=0.00s Sys=0.00s Real=0.00s
[14.019s][info ][gc,start       ] GC(958) Pause Young (Allocation Failure)
[14.019s][debug][gc,age         ] GC(958) Desired survivor size 1114112 bytes, new threshold 1 (max threshold 15)
[14.019s][info ][gc,heap        ] GC(958) DefNew: 19096K->1955K(19648K)
[14.019s][info ][gc,heap        ] GC(958) Tenured: 32838K->32838K(43712K)
[14.019s][info ][gc,metaspace   ] GC(958) Metaspace: 16398K->16398K(1064960K)
[14.019s][info ][gc             ] GC(958) Pause Young (Allocation Failure) 50M->33M(61M) 0.507ms
[14.019s][info ][gc,cpu         ] GC(958) User=0.00s Sys=0.00s Real=0.01s
[14.021s][info ][gc,start       ] GC(959) Pause Young (Allocation Failure)
[14.021s][debug][gc,age         ] GC(959) Desired survivor size 1114112 bytes, new threshold 1 (max threshold 15)
[14.021s][info ][gc,heap        ] GC(959) DefNew: 19053K->1173K(19648K)
[14.021s][info ][gc,heap        ] GC(959) Tenured: 32838K->32838K(43712K)
[14.021s][info ][gc,metaspace   ] GC(959) Metaspace: 16398K->16398K(1064960K)
[14.021s][info ][gc             ] GC(959) Pause Young (Allocation Failure) 50M->33M(61M) 0.455ms
[14.021s][info ][gc,cpu         ] GC(959) User=0.00s Sys=0.00s Real=0.00s
[14.022s][info ][gc,start       ] GC(960) Pause Young (Allocation Failure)
[14.023s][debug][gc,age         ] GC(960) Desired survivor size 1114112 bytes, new threshold 1 (max threshold 15)
[14.023s][info ][gc,heap        ] GC(960) DefNew: 18330K->1955K(19648K)
[14.023s][info ][gc,heap        ] GC(960) Tenured: 32838K->33229K(43712K)
[14.023s][info ][gc,metaspace   ] GC(960) Metaspace: 16398K->16398K(1064960K)
[14.023s][info ][gc             ] GC(960) Pause Young (Allocation Failure) 49M->34M(61M) 0.546ms
[14.023s][info ][gc,cpu         ] GC(960) User=0.01s Sys=0.00s Real=0.00s
[14.024s][info ][gc,start       ] GC(961) Pause Young (Allocation Failure)
[14.025s][debug][gc,age         ] GC(961) Desired survivor size 1114112 bytes, new threshold 1 (max threshold 15)
[14.025s][info ][gc,heap        ] GC(961) DefNew: 19106K->1955K(19648K)
[14.025s][info ][gc,heap        ] GC(961) Tenured: 33229K->34401K(43712K)
[14.025s][info ][gc,metaspace   ] GC(961) Metaspace: 16398K->16398K(1064960K)
[14.025s][info ][gc             ] GC(961) Pause Young (Allocation Failure) 51M->35M(61M) 0.756ms
[14.025s][info ][gc,cpu         ] GC(961) User=0.00s Sys=0.00s Real=0.00s
[14.026s][info ][gc,start       ] GC(962) Pause Young (Allocation Failure)
[14.027s][debug][gc,age         ] GC(962) Desired survivor size 1114112 bytes, new threshold 1 (max threshold 15)
[14.027s][info ][gc,heap        ] GC(962) DefNew: 19102K->1955K(19648K)
[14.027s][info ][gc,heap        ] GC(962) Tenured: 34401K->35573K(43712K)
[14.027s][info ][gc,metaspace   ] GC(962) Metaspace: 16398K->16398K(1064960K)
[14.027s][info ][gc             ] GC(962) Pause Young (Allocation Failure) 52M->36M(61M) 0.999ms
[14.027s][info ][gc,cpu         ] GC(962) User=0.00s Sys=0.00s Real=0.00s
[14.029s][info ][gc,start       ] GC(963) Pause Young (Allocation Failure)
[14.029s][debug][gc,age         ] GC(963) Desired survivor size 1114112 bytes, new threshold 1 (max threshold 15)
[14.029s][info ][gc,heap        ] GC(963) DefNew: 19100K->1564K(19648K)
[14.029s][info ][gc,heap        ] GC(963) Tenured: 35573K->35963K(43712K)
[14.029s][info ][gc,metaspace   ] GC(963) Metaspace: 16398K->16398K(1064960K)
[14.029s][info ][gc             ] GC(963) Pause Young (Allocation Failure) 53M->36M(61M) 0.654ms
[14.029s][info ][gc,cpu         ] GC(963) User=0.00s Sys=0.00s Real=0.01s
[14.031s][info ][gc,start       ] GC(964) Pause Young (Allocation Failure)
[14.031s][debug][gc,age         ] GC(964) Desired survivor size 1114112 bytes, new threshold 1 (max threshold 15)
[14.031s][info ][gc,heap        ] GC(964) DefNew: 18661K->1955K(19648K)
[14.031s][info ][gc,heap        ] GC(964) Tenured: 35963K->35964K(43712K)
[14.031s][info ][gc,metaspace   ] GC(964) Metaspace: 16398K->16398K(1064960K)
[14.031s][info ][gc             ] GC(964) Pause Young (Allocation Failure) 53M->37M(61M) 0.509ms
[14.031s][info ][gc,cpu         ] GC(964) User=0.00s Sys=0.00s Real=0.00s
[14.032s][info ][gc,start       ] GC(965) Pause Young (Allocation Failure)
[14.033s][debug][gc,age         ] GC(965) Desired survivor size 1114112 bytes, new threshold 1 (max threshold 15)
[14.033s][info ][gc,heap        ] GC(965) DefNew: 19114K->1564K(19648K)
[14.033s][info ][gc,heap        ] GC(965) Tenured: 35964K->35964K(43712K)
[14.033s][info ][gc,metaspace   ] GC(965) Metaspace: 16398K->16398K(1064960K)
[14.033s][info ][gc             ] GC(965) Pause Young (Allocation Failure) 53M->36M(61M) 0.497ms
[14.033s][info ][gc,cpu         ] GC(965) User=0.00s Sys=0.00s Real=0.00s
[14.034s][info ][gc,start       ] GC(966) Pause Young (Allocation Failure)
[14.035s][debug][gc,age         ] GC(966) Desired survivor size 1114112 bytes, new threshold 1 (max threshold 15)
[14.035s][info ][gc,heap        ] GC(966) DefNew: 18669K->1955K(19648K)
[14.035s][info ][gc,heap        ] GC(966) Tenured: 35964K->36355K(43712K)
[14.035s][info ][gc,metaspace   ] GC(966) Metaspace: 16398K->16398K(1064960K)
[14.035s][info ][gc             ] GC(966) Pause Young (Allocation Failure) 53M->37M(61M) 0.577ms
[14.035s][info ][gc,cpu         ] GC(966) User=0.00s Sys=0.00s Real=0.00s
[14.036s][info ][gc,start       ] GC(967) Pause Young (Allocation Failure)
[14.037s][debug][gc,age         ] GC(967) Desired survivor size 1114112 bytes, new threshold 1 (max threshold 15)
[14.037s][info ][gc,heap        ] GC(967) DefNew: 19076K->1564K(19648K)
[14.037s][info ][gc,heap        ] GC(967) Tenured: 36355K->36746K(43712K)
[14.037s][info ][gc,metaspace   ] GC(967) Metaspace: 16398K->16398K(1064960K)
[14.037s][info ][gc             ] GC(967) Pause Young (Allocation Failure) 54M->37M(61M) 0.620ms
[14.037s][info ][gc,cpu         ] GC(967) User=0.00s Sys=0.00s Real=0.00s
[14.038s][info ][gc,start       ] GC(968) Pause Young (Allocation Failure)
[14.039s][debug][gc,age         ] GC(968) Desired survivor size 1114112 bytes, new threshold 1 (max threshold 15)
[14.039s][info ][gc,heap        ] GC(968) DefNew: 18691K->1955K(19648K)
[14.039s][info ][gc,heap        ] GC(968) Tenured: 36746K->37528K(43712K)
[14.039s][info ][gc,metaspace   ] GC(968) Metaspace: 16398K->16398K(1064960K)
[14.039s][info ][gc             ] GC(968) Pause Young (Allocation Failure) 54M->38M(61M) 0.766ms
[14.039s][info ][gc,cpu         ] GC(968) User=0.00s Sys=0.00s Real=0.00s
[14.040s][info ][gc,start       ] GC(969) Pause Young (Allocation Failure)
[14.041s][debug][gc,age         ] GC(969) Desired survivor size 1114112 bytes, new threshold 1 (max threshold 15)
[14.041s][info ][gc,heap        ] GC(969) DefNew: 19131K->1564K(19648K)
[14.041s][info ][gc,heap        ] GC(969) Tenured: 37528K->37528K(43712K)
[14.041s][info ][gc,metaspace   ] GC(969) Metaspace: 16398K->16398K(1064960K)
[14.041s][info ][gc             ] GC(969) Pause Young (Allocation Failure) 55M->38M(61M) 0.536ms
[14.041s][info ][gc,cpu         ] GC(969) User=0.00s Sys=0.00s Real=0.00s
[14.042s][info ][gc,start       ] GC(970) Pause Young (Allocation Failure)
[14.043s][debug][gc,age         ] GC(970) Desired survivor size 1114112 bytes, new threshold 1 (max threshold 15)
[14.043s][info ][gc,heap        ] GC(970) DefNew: 18676K->1955K(19648K)
[14.043s][info ][gc,heap        ] GC(970) Tenured: 37528K->37919K(43712K)
[14.043s][info ][gc,metaspace   ] GC(970) Metaspace: 16398K->16398K(1064960K)
[14.043s][info ][gc             ] GC(970) Pause Young (Allocation Failure) 54M->38M(61M) 0.802ms
[14.043s][info ][gc,cpu         ] GC(970) User=0.00s Sys=0.00s Real=0.00s
[14.045s][info ][gc,start       ] GC(971) Pause Young (Allocation Failure)
[14.045s][debug][gc,age         ] GC(971) Desired survivor size 1114112 bytes, new threshold 1 (max threshold 15)
[14.045s][info ][gc,heap        ] GC(971) DefNew: 19425K->1173K(19648K)
[14.045s][info ][gc,heap        ] GC(971) Tenured: 37919K->37919K(43712K)
[14.045s][info ][gc,metaspace   ] GC(971) Metaspace: 16398K->16398K(1064960K)
[14.045s][info ][gc             ] GC(971) Pause Young (Allocation Failure) 56M->38M(61M) 0.560ms
[14.045s][info ][gc,cpu         ] GC(971) User=0.00s Sys=0.00s Real=0.00s
[14.046s][info ][gc,start       ] GC(972) Pause Young (Allocation Failure)
[14.047s][debug][gc,age         ] GC(972) Desired survivor size 1114112 bytes, new threshold 1 (max threshold 15)
[14.047s][info ][gc,heap        ] GC(972) DefNew: 18312K->1564K(19648K)
[14.047s][info ][gc,heap        ] GC(972) Tenured: 37919K->37920K(43712K)
[14.047s][info ][gc,metaspace   ] GC(972) Metaspace: 16398K->16398K(1064960K)
[14.047s][info ][gc             ] GC(972) Pause Young (Allocation Failure) 54M->38M(61M) 0.525ms
[14.047s][info ][gc,cpu         ] GC(972) User=0.00s Sys=0.00s Real=0.00s
[14.048s][info ][gc,start       ] GC(973) Pause Young (Allocation Failure)
[14.049s][debug][gc,age         ] GC(973) Desired survivor size 1114112 bytes, new threshold 1 (max threshold 15)
[14.049s][info ][gc,heap        ] GC(973) DefNew: 18708K->1955K(19648K)
[14.049s][info ][gc,heap        ] GC(973) Tenured: 37920K->38311K(43712K)
[14.049s][info ][gc,metaspace   ] GC(973) Metaspace: 16398K->16398K(1064960K)
[14.049s][info ][gc             ] GC(973) Pause Young (Allocation Failure) 55M->39M(61M) 0.614ms
[14.049s][info ][gc,cpu         ] GC(973) User=0.00s Sys=0.00s Real=0.00s
[14.050s][info ][gc,start       ] GC(974) Pause Young (Allocation Failure)
[14.051s][debug][gc,age         ] GC(974) Desired survivor size 1114112 bytes, new threshold 1 (max threshold 15)
[14.051s][info ][gc,heap        ] GC(974) DefNew: 19147K->1955K(19648K)
[14.051s][info ][gc,heap        ] GC(974) Tenured: 38311K->39092K(43712K)
[14.051s][info ][gc,metaspace   ] GC(974) Metaspace: 16398K->16398K(1064960K)
[14.051s][info ][gc             ] GC(974) Pause Young (Allocation Failure) 56M->40M(61M) 1.015ms
[14.051s][info ][gc,cpu         ] GC(974) User=0.00s Sys=0.00s Real=0.00s
[14.053s][info ][gc,start       ] GC(975) Pause Young (Allocation Failure)
[14.053s][debug][gc,age         ] GC(975) Desired survivor size 1114112 bytes, new threshold 1 (max threshold 15)
[14.053s][info ][gc,heap        ] GC(975) DefNew: 19427K->1173K(19648K)
[14.053s][info ][gc,heap        ] GC(975) Tenured: 39092K->39483K(43712K)
[14.053s][info ][gc,metaspace   ] GC(975) Metaspace: 16398K->16398K(1064960K)
[14.053s][info ][gc             ] GC(975) Pause Young (Allocation Failure) 57M->39M(61M) 0.555ms
[14.053s][info ][gc,cpu         ] GC(975) User=0.00s Sys=0.00s Real=0.00s
[14.055s][info ][gc,start       ] GC(976) Pause Young (Allocation Failure)
[14.055s][debug][gc,age         ] GC(976) Desired survivor size 1114112 bytes, new threshold 1 (max threshold 15)
[14.055s][info ][gc,heap        ] GC(976) DefNew: 18258K->1564K(19648K)
[14.055s][info ][gc,heap        ] GC(976) Tenured: 39483K->39484K(43712K)
[14.055s][info ][gc,metaspace   ] GC(976) Metaspace: 16398K->16398K(1064960K)
[14.055s][info ][gc             ] GC(976) Pause Young (Allocation Failure) 56M->40M(61M) 0.525ms
[14.055s][info ][gc,cpu         ] GC(976) User=0.00s Sys=0.00s Real=0.00s
[14.057s][info ][gc,start       ] GC(977) Pause Young (Allocation Failure)
[14.057s][debug][gc,age         ] GC(977) Desired survivor size 1114112 bytes, new threshold 1 (max threshold 15)
[14.057s][info ][gc,heap        ] GC(977) DefNew: 18714K->1955K(19648K)
[14.057s][info ][gc,heap        ] GC(977) Tenured: 39484K->39484K(43712K)
[14.057s][info ][gc,metaspace   ] GC(977) Metaspace: 16398K->16398K(1064960K)
[14.057s][info ][gc             ] GC(977) Pause Young (Allocation Failure) 56M->40M(61M) 0.648ms
[14.057s][info ][gc,cpu         ] GC(977) User=0.00s Sys=0.00s Real=0.00s
[14.059s][info ][gc,start       ] GC(978) Pause Young (Allocation Failure)
[14.059s][debug][gc,age         ] GC(978) Desired survivor size 1114112 bytes, new threshold 1 (max threshold 15)
[14.059s][info ][gc,heap        ] GC(978) DefNew: 19149K->1955K(19648K)
[14.059s][info ][gc,heap        ] GC(978) Tenured: 39484K->39875K(43712K)
[14.059s][info ][gc,metaspace   ] GC(978) Metaspace: 16398K->16398K(1064960K)
[14.059s][info ][gc             ] GC(978) Pause Young (Allocation Failure) 57M->40M(61M) 0.613ms
[14.059s][info ][gc,cpu         ] GC(978) User=0.00s Sys=0.00s Real=0.01s
[14.061s][info ][gc,start       ] GC(979) Pause Young (Allocation Failure)
[14.061s][debug][gc,age         ] GC(979) Desired survivor size 1114112 bytes, new threshold 1 (max threshold 15)
[14.061s][info ][gc,heap        ] GC(979) DefNew: 19130K->1955K(19648K)
[14.061s][info ][gc,heap        ] GC(979) Tenured: 39875K->40266K(43712K)
[14.061s][info ][gc,metaspace   ] GC(979) Metaspace: 16398K->16398K(1064960K)
[14.062s][info ][gc             ] GC(979) Pause Young (Allocation Failure) 57M->41M(61M) 0.694ms
[14.062s][info ][gc,cpu         ] GC(979) User=0.01s Sys=0.00s Real=0.00s
[14.063s][info ][gc,start       ] GC(980) Pause Young (Allocation Failure)
[14.063s][debug][gc,age         ] GC(980) Desired survivor size 1114112 bytes, new threshold 1 (max threshold 15)
[14.063s][info ][gc,heap        ] GC(980) DefNew: 19118K->1955K(19648K)
[14.063s][info ][gc,heap        ] GC(980) Tenured: 40266K->41438K(43712K)
[14.063s][info ][gc,metaspace   ] GC(980) Metaspace: 16398K->16398K(1064960K)
[14.064s][info ][gc             ] GC(980) Pause Young (Allocation Failure) 57M->42M(61M) 0.784ms
[14.064s][info ][gc,cpu         ] GC(980) User=0.00s Sys=0.00s Real=0.00s
[14.065s][info ][gc,start       ] GC(981) Pause Young (Allocation Failure)
[14.065s][debug][gc,age         ] GC(981) Desired survivor size 1114112 bytes, new threshold 1 (max threshold 15)
[14.066s][info ][gc,heap        ] GC(981) DefNew: 19110K->1955K(19648K)
[14.066s][info ][gc,heap        ] GC(981) Tenured: 41438K->41438K(43712K)
[14.066s][info ][gc,metaspace   ] GC(981) Metaspace: 16398K->16398K(1064960K)
[14.066s][info ][gc             ] GC(981) Pause Young (Allocation Failure) 59M->42M(61M) 0.520ms
[14.066s][info ][gc,cpu         ] GC(981) User=0.00s Sys=0.00s Real=0.00s
[14.067s][info ][gc,start       ] GC(982) Pause Young (Allocation Failure)
[14.067s][debug][gc,age         ] GC(982) Desired survivor size 1114112 bytes, new threshold 1 (max threshold 15)
[14.068s][info ][gc,heap        ] GC(982) DefNew: 19105K->1955K(19648K)
[14.068s][info ][gc,heap        ] GC(982) Tenured: 41438K->42610K(43712K)
[14.068s][info ][gc,metaspace   ] GC(982) Metaspace: 16398K->16398K(1064960K)
[14.068s][info ][gc             ] GC(982) Pause Young (Allocation Failure) 59M->43M(61M) 0.745ms
[14.068s][info ][gc,cpu         ] GC(982) User=0.00s Sys=0.00s Real=0.00s
[14.069s][info ][gc,start       ] GC(983) Pause Young (Allocation Failure)
[14.069s][info ][gc,start       ] GC(984) Pause Full (Allocation Failure)
[14.069s][info ][gc,phases,start] GC(984) Phase 1: Mark live objects
[14.072s][debug][gc,phases      ] GC(984) Reference Processing 0.041ms
[14.072s][debug][gc,phases      ] GC(984) Weak Processing 0.012ms
[14.072s][debug][gc,phases      ] GC(984) ClassLoaderData 0.025ms
[14.072s][debug][gc,phases      ] GC(984) ProtectionDomainCacheTable 0.002ms
[14.072s][debug][gc,phases      ] GC(984) ResolvedMethodTable 0.015ms
[14.073s][debug][gc,phases      ] GC(984) Class Unloading 0.757ms
[14.073s][debug][gc,phases      ] GC(984) Scrub String Table 0.057ms
[14.074s][debug][gc,phases      ] GC(984) Scrub Symbol Table 1.022ms
[14.074s][info ][gc,phases      ] GC(984) Phase 1: Mark live objects 5.101ms
[14.074s][info ][gc,phases,start] GC(984) Phase 2: Compute new object addresses
[14.075s][info ][gc,phases      ] GC(984) Phase 2: Compute new object addresses 0.897ms
[14.075s][info ][gc,phases,start] GC(984) Phase 3: Adjust pointers
[14.079s][info ][gc,phases      ] GC(984) Phase 3: Adjust pointers 3.729ms
[14.079s][info ][gc,phases,start] GC(984) Phase 4: Move objects
[14.079s][info ][gc,phases      ] GC(984) Phase 4: Move objects 0.234ms
[14.079s][info ][gc             ] GC(984) Pause Full (Allocation Failure) 60M->4M(61M) 10.252ms
[14.079s][info ][gc,heap        ] GC(983) DefNew: 19101K->0K(19648K)
[14.079s][info ][gc,heap        ] GC(983) Tenured: 42610K->5099K(43712K)
[14.079s][info ][gc,metaspace   ] GC(983) Metaspace: 16398K->16398K(1064960K)
[14.079s][info ][gc             ] GC(983) Pause Young (Allocation Failure) 60M->4M(61M) 10.378ms
[14.079s][info ][gc,cpu         ] GC(983) User=0.01s Sys=0.00s Real=0.02s
[14.081s][info ][gc,start       ] GC(985) Pause Young (Allocation Failure)
[14.081s][debug][gc,age         ] GC(985) Desired survivor size 1114112 bytes, new threshold 1 (max threshold 15)
[14.081s][info ][gc,heap        ] GC(985) DefNew: 17144K->1955K(19648K)
[14.081s][info ][gc,heap        ] GC(985) Tenured: 5099K->5880K(43712K)
[14.081s][info ][gc,metaspace   ] GC(985) Metaspace: 16398K->16398K(1064960K)
[14.081s][info ][gc             ] GC(985) Pause Young (Allocation Failure) 21M->7M(61M) 0.594ms
[14.081s][info ][gc,cpu         ] GC(985) User=0.00s Sys=0.00s Real=0.00s
[14.083s][info ][gc,start       ] GC(986) Pause Young (Allocation Failure)
[14.083s][debug][gc,age         ] GC(986) Desired survivor size 1114112 bytes, new threshold 1 (max threshold 15)
[14.083s][info ][gc,heap        ] GC(986) DefNew: 19098K->1955K(19648K)
[14.083s][info ][gc,heap        ] GC(986) Tenured: 5880K->5881K(43712K)
[14.083s][info ][gc,metaspace   ] GC(986) Metaspace: 16398K->16398K(1064960K)
[14.083s][info ][gc             ] GC(986) Pause Young (Allocation Failure) 24M->7M(61M) 0.658ms
[14.083s][info ][gc,cpu         ] GC(986) User=0.00s Sys=0.00s Real=0.00s
[14.085s][info ][gc,start       ] GC(987) Pause Young (Allocation Failure)
[14.085s][debug][gc,age         ] GC(987) Desired survivor size 1114112 bytes, new threshold 1 (max threshold 15)
[14.085s][info ][gc,heap        ] GC(987) DefNew: 19097K->1173K(19648K)
[14.085s][info ][gc,heap        ] GC(987) Tenured: 5881K->6272K(43712K)
[14.085s][info ][gc,metaspace   ] GC(987) Metaspace: 16398K->16398K(1064960K)
[14.085s][info ][gc             ] GC(987) Pause Young (Allocation Failure) 24M->7M(61M) 0.617ms
[14.085s][info ][gc,cpu         ] GC(987) User=0.00s Sys=0.00s Real=0.00s
[14.087s][info ][gc,start       ] GC(988) Pause Young (Allocation Failure)
[14.087s][debug][gc,age         ] GC(988) Desired survivor size 1114112 bytes, new threshold 1 (max threshold 15)
[14.087s][info ][gc,heap        ] GC(988) DefNew: 18315K->1955K(19648K)
[14.087s][info ][gc,heap        ] GC(988) Tenured: 6272K->6662K(43712K)
[14.087s][info ][gc,metaspace   ] GC(988) Metaspace: 16398K->16398K(1064960K)
[14.087s][info ][gc             ] GC(988) Pause Young (Allocation Failure) 24M->8M(61M) 0.625ms
[14.087s][info ][gc,cpu         ] GC(988) User=0.00s Sys=0.00s Real=0.00s
[14.088s][info ][gc,start       ] GC(989) Pause Young (Allocation Failure)
[14.089s][debug][gc,age         ] GC(989) Desired survivor size 1114112 bytes, new threshold 1 (max threshold 15)
[14.089s][info ][gc,heap        ] GC(989) DefNew: 19096K->1955K(19648K)
[14.089s][info ][gc,heap        ] GC(989) Tenured: 6662K->6663K(43712K)
[14.089s][info ][gc,metaspace   ] GC(989) Metaspace: 16398K->16398K(1064960K)
[14.089s][info ][gc             ] GC(989) Pause Young (Allocation Failure) 25M->8M(61M) 0.608ms
[14.089s][info ][gc,cpu         ] GC(989) User=0.00s Sys=0.00s Real=0.00s
[14.090s][info ][gc,start       ] GC(990) Pause Young (Allocation Failure)
[14.091s][debug][gc,age         ] GC(990) Desired survivor size 1114112 bytes, new threshold 1 (max threshold 15)
[14.091s][info ][gc,heap        ] GC(990) DefNew: 19096K->1955K(19648K)
[14.091s][info ][gc,heap        ] GC(990) Tenured: 6663K->7053K(43712K)
[14.091s][info ][gc,metaspace   ] GC(990) Metaspace: 16398K->16398K(1064960K)
[14.091s][info ][gc             ] GC(990) Pause Young (Allocation Failure) 25M->8M(61M) 0.563ms
[14.091s][info ][gc,cpu         ] GC(990) User=0.00s Sys=0.00s Real=0.00s
[14.092s][info ][gc,start       ] GC(991) Pause Young (Allocation Failure)
[14.093s][debug][gc,age         ] GC(991) Desired survivor size 1114112 bytes, new threshold 1 (max threshold 15)
[14.093s][info ][gc,heap        ] GC(991) DefNew: 19096K->1955K(19648K)
[14.093s][info ][gc,heap        ] GC(991) Tenured: 7053K->7444K(43712K)
[14.093s][info ][gc,metaspace   ] GC(991) Metaspace: 16398K->16398K(1064960K)
[14.093s][info ][gc             ] GC(991) Pause Young (Allocation Failure) 25M->9M(61M) 0.623ms
[14.093s][info ][gc,cpu         ] GC(991) User=0.00s Sys=0.00s Real=0.00s
[14.094s][info ][gc,start       ] GC(992) Pause Young (Allocation Failure)
[14.095s][debug][gc,age         ] GC(992) Desired survivor size 1114112 bytes, new threshold 1 (max threshold 15)
[14.095s][info ][gc,heap        ] GC(992) DefNew: 19096K->1174K(19648K)
[14.095s][info ][gc,heap        ] GC(992) Tenured: 7444K->7444K(43712K)
[14.095s][info ][gc,metaspace   ] GC(992) Metaspace: 16398K->16398K(1064960K)
[14.095s][info ][gc             ] GC(992) Pause Young (Allocation Failure) 25M->8M(61M) 0.655ms
[14.095s][info ][gc,cpu         ] GC(992) User=0.00s Sys=0.00s Real=0.00s
[14.096s][info ][gc,start       ] GC(993) Pause Young (Allocation Failure)
[14.097s][debug][gc,age         ] GC(993) Desired survivor size 1114112 bytes, new threshold 1 (max threshold 15)
[14.097s][info ][gc,heap        ] GC(993) DefNew: 18273K->1173K(19648K)
[14.097s][info ][gc,heap        ] GC(993) Tenured: 7444K->7835K(43712K)
[14.097s][info ][gc,metaspace   ] GC(993) Metaspace: 16398K->16398K(1064960K)
[14.097s][info ][gc             ] GC(993) Pause Young (Allocation Failure) 25M->8M(61M) 0.478ms
[14.097s][info ][gc,cpu         ] GC(993) User=0.00s Sys=0.00s Real=0.00s
[14.098s][info ][gc,start       ] GC(994) Pause Young (Allocation Failure)
[14.098s][debug][gc,age         ] GC(994) Desired survivor size 1114112 bytes, new threshold 1 (max threshold 15)
[14.098s][info ][gc,heap        ] GC(994) DefNew: 18329K->1955K(19648K)
[14.098s][info ][gc,heap        ] GC(994) Tenured: 7835K->7835K(43712K)
[14.098s][info ][gc,metaspace   ] GC(994) Metaspace: 16398K->16398K(1064960K)
[14.098s][info ][gc             ] GC(994) Pause Young (Allocation Failure) 25M->9M(61M) 0.514ms
[14.098s][info ][gc,cpu         ] GC(994) User=0.00s Sys=0.00s Real=0.00s
[14.100s][info ][gc,start       ] GC(995) Pause Young (Allocation Failure)
[14.101s][debug][gc,age         ] GC(995) Desired survivor size 1114112 bytes, new threshold 1 (max threshold 15)
[14.101s][info ][gc,heap        ] GC(995) DefNew: 19105K->1955K(19648K)
[14.101s][info ][gc,heap        ] GC(995) Tenured: 7835K->9007K(43712K)
[14.101s][info ][gc,metaspace   ] GC(995) Metaspace: 16398K->16398K(1064960K)
[14.101s][info ][gc             ] GC(995) Pause Young (Allocation Failure) 26M->10M(61M) 0.814ms
[14.101s][info ][gc,cpu         ] GC(995) User=0.00s Sys=0.00s Real=0.00s
[14.102s][info ][gc,start       ] GC(996) Pause Young (Allocation Failure)
[14.102s][debug][gc,age         ] GC(996) Desired survivor size 1114112 bytes, new threshold 1 (max threshold 15)
[14.102s][info ][gc,heap        ] GC(996) DefNew: 19102K->1955K(19648K)
[14.102s][info ][gc,heap        ] GC(996) Tenured: 9007K->9007K(43712K)
[14.102s][info ][gc,metaspace   ] GC(996) Metaspace: 16398K->16398K(1064960K)
[14.102s][info ][gc             ] GC(996) Pause Young (Allocation Failure) 27M->10M(61M) 0.529ms
[14.102s][info ][gc,cpu         ] GC(996) User=0.00s Sys=0.00s Real=0.00s
[14.104s][info ][gc,start       ] GC(997) Pause Young (Allocation Failure)
[14.104s][debug][gc,age         ] GC(997) Desired survivor size 1114112 bytes, new threshold 1 (max threshold 15)
[14.104s][info ][gc,heap        ] GC(997) DefNew: 19099K->1955K(19648K)
[14.104s][info ][gc,heap        ] GC(997) Tenured: 9007K->9007K(43712K)
[14.104s][info ][gc,metaspace   ] GC(997) Metaspace: 16398K->16398K(1064960K)
[14.104s][info ][gc             ] GC(997) Pause Young (Allocation Failure) 27M->10M(61M) 0.501ms
[14.104s][info ][gc,cpu         ] GC(997) User=0.00s Sys=0.00s Real=0.00s
[14.106s][info ][gc,start       ] GC(998) Pause Young (Allocation Failure)
[14.106s][debug][gc,age         ] GC(998) Desired survivor size 1114112 bytes, new threshold 1 (max threshold 15)
[14.106s][info ][gc,heap        ] GC(998) DefNew: 19098K->1955K(19648K)
[14.106s][info ][gc,heap        ] GC(998) Tenured: 9007K->9397K(43712K)
[14.106s][info ][gc,metaspace   ] GC(998) Metaspace: 16398K->16398K(1064960K)
[14.106s][info ][gc             ] GC(998) Pause Young (Allocation Failure) 27M->11M(61M) 0.793ms
[14.106s][info ][gc,cpu         ] GC(998) User=0.00s Sys=0.00s Real=0.00s
[14.108s][info ][gc,start       ] GC(999) Pause Young (Allocation Failure)
[14.108s][debug][gc,age         ] GC(999) Desired survivor size 1114112 bytes, new threshold 1 (max threshold 15)
[14.108s][info ][gc,heap        ] GC(999) DefNew: 19097K->1564K(19648K)
[14.108s][info ][gc,heap        ] GC(999) Tenured: 9397K->9397K(43712K)
[14.108s][info ][gc,metaspace   ] GC(999) Metaspace: 16398K->16398K(1064960K)
[14.108s][info ][gc             ] GC(999) Pause Young (Allocation Failure) 27M->10M(61M) 0.525ms
[14.108s][info ][gc,cpu         ] GC(999) User=0.00s Sys=0.00s Real=0.00s
[14.109s][info ][gc,start       ] GC(1000) Pause Young (Allocation Failure)
[14.110s][debug][gc,age         ] GC(1000) Desired survivor size 1114112 bytes, new threshold 1 (max threshold 15)
[14.110s][info ][gc,heap        ] GC(1000) DefNew: 18706K->1955K(19648K)
[14.110s][info ][gc,heap        ] GC(1000) Tenured: 9397K->9788K(43712K)
[14.110s][info ][gc,metaspace   ] GC(1000) Metaspace: 16398K->16398K(1064960K)
[14.110s][info ][gc             ] GC(1000) Pause Young (Allocation Failure) 27M->11M(61M) 0.576ms
[14.110s][info ][gc,cpu         ] GC(1000) User=0.00s Sys=0.00s Real=0.00s
[14.111s][info ][gc,start       ] GC(1001) Pause Young (Allocation Failure)
[14.112s][debug][gc,age         ] GC(1001) Desired survivor size 1114112 bytes, new threshold 1 (max threshold 15)
[14.112s][info ][gc,heap        ] GC(1001) DefNew: 19096K->1564K(19648K)
[14.112s][info ][gc,heap        ] GC(1001) Tenured: 9788K->9788K(43712K)
[14.112s][info ][gc,metaspace   ] GC(1001) Metaspace: 16398K->16398K(1064960K)
[14.112s][info ][gc             ] GC(1001) Pause Young (Allocation Failure) 28M->11M(61M) 0.557ms
[14.112s][info ][gc,cpu         ] GC(1001) User=0.00s Sys=0.00s Real=0.00s
[14.113s][info ][gc,start       ] GC(1002) Pause Young (Allocation Failure)
[14.114s][debug][gc,age         ] GC(1002) Desired survivor size 1114112 bytes, new threshold 1 (max threshold 15)
[14.114s][info ][gc,heap        ] GC(1002) DefNew: 18705K->1955K(19648K)
[14.114s][info ][gc,heap        ] GC(1002) Tenured: 9788K->10960K(43712K)
[14.114s][info ][gc,metaspace   ] GC(1002) Metaspace: 16398K->16398K(1064960K)
[14.114s][info ][gc             ] GC(1002) Pause Young (Allocation Failure) 27M->12M(61M) 0.656ms
[14.114s][info ][gc,cpu         ] GC(1002) User=0.00s Sys=0.00s Real=0.00s
[14.115s][info ][gc,start       ] GC(1003) Pause Young (Allocation Failure)
[14.116s][debug][gc,age         ] GC(1003) Desired survivor size 1114112 bytes, new threshold 1 (max threshold 15)
[14.116s][info ][gc,heap        ] GC(1003) DefNew: 19096K->1955K(19648K)
[14.116s][info ][gc,heap        ] GC(1003) Tenured: 10960K->11741K(43712K)
[14.116s][info ][gc,metaspace   ] GC(1003) Metaspace: 16398K->16398K(1064960K)
[14.116s][info ][gc             ] GC(1003) Pause Young (Allocation Failure) 29M->13M(61M) 0.777ms
[14.116s][info ][gc,cpu         ] GC(1003) User=0.00s Sys=0.00s Real=0.00s
[14.118s][info ][gc,start       ] GC(1004) Pause Young (Allocation Failure)
[14.118s][debug][gc,age         ] GC(1004) Desired survivor size 1114112 bytes, new threshold 1 (max threshold 15)
[14.118s][info ][gc,heap        ] GC(1004) DefNew: 19096K->1955K(19648K)
[14.118s][info ][gc,heap        ] GC(1004) Tenured: 11741K->12132K(43712K)
[14.118s][info ][gc,metaspace   ] GC(1004) Metaspace: 16398K->16398K(1064960K)
[14.118s][info ][gc             ] GC(1004) Pause Young (Allocation Failure) 30M->13M(61M) 0.809ms
[14.118s][info ][gc,cpu         ] GC(1004) User=0.00s Sys=0.00s Real=0.00s
[14.120s][info ][gc,start       ] GC(1005) Pause Young (Allocation Failure)
[14.120s][debug][gc,age         ] GC(1005) Desired survivor size 1114112 bytes, new threshold 1 (max threshold 15)
[14.120s][info ][gc,heap        ] GC(1005) DefNew: 19095K->1955K(19648K)
[14.120s][info ][gc,heap        ] GC(1005) Tenured: 12132K->12523K(43712K)
[14.120s][info ][gc,metaspace   ] GC(1005) Metaspace: 16398K->16398K(1064960K)
[14.120s][info ][gc             ] GC(1005) Pause Young (Allocation Failure) 30M->14M(61M) 0.573ms
[14.120s][info ][gc,cpu         ] GC(1005) User=0.00s Sys=0.00s Real=0.00s
[14.122s][info ][gc,start       ] GC(1006) Pause Young (Allocation Failure)
[14.122s][debug][gc,age         ] GC(1006) Desired survivor size 1114112 bytes, new threshold 1 (max threshold 15)
[14.122s][info ][gc,heap        ] GC(1006) DefNew: 19096K->1955K(19648K)
[14.122s][info ][gc,heap        ] GC(1006) Tenured: 12523K->12523K(43712K)
[14.122s][info ][gc,metaspace   ] GC(1006) Metaspace: 16398K->16398K(1064960K)
[14.122s][info ][gc             ] GC(1006) Pause Young (Allocation Failure) 30M->14M(61M) 0.496ms
[14.122s][info ][gc,cpu         ] GC(1006) User=0.00s Sys=0.00s Real=0.00s
[14.123s][info ][gc,start       ] GC(1007) Pause Young (Allocation Failure)
[14.124s][debug][gc,age         ] GC(1007) Desired survivor size 1114112 bytes, new threshold 1 (max threshold 15)
[14.124s][info ][gc,heap        ] GC(1007) DefNew: 19096K->1955K(19648K)
[14.124s][info ][gc,heap        ] GC(1007) Tenured: 12523K->13304K(43712K)
[14.124s][info ][gc,metaspace   ] GC(1007) Metaspace: 16398K->16398K(1064960K)
[14.124s][info ][gc             ] GC(1007) Pause Young (Allocation Failure) 30M->14M(61M) 0.601ms
[14.124s][info ][gc,cpu         ] GC(1007) User=0.00s Sys=0.00s Real=0.00s
[14.125s][info ][gc,start       ] GC(1008) Pause Young (Allocation Failure)
[14.126s][debug][gc,age         ] GC(1008) Desired survivor size 1114112 bytes, new threshold 1 (max threshold 15)
[14.126s][info ][gc,heap        ] GC(1008) DefNew: 19096K->1955K(19648K)
[14.126s][info ][gc,heap        ] GC(1008) Tenured: 13304K->13304K(43712K)
[14.126s][info ][gc,metaspace   ] GC(1008) Metaspace: 16398K->16398K(1064960K)
[14.126s][info ][gc             ] GC(1008) Pause Young (Allocation Failure) 31M->14M(61M) 0.678ms
[14.126s][info ][gc,cpu         ] GC(1008) User=0.00s Sys=0.00s Real=0.00s
[14.127s][info ][gc,start       ] GC(1009) Pause Young (Allocation Failure)
[14.128s][debug][gc,age         ] GC(1009) Desired survivor size 1114112 bytes, new threshold 1 (max threshold 15)
[14.128s][info ][gc,heap        ] GC(1009) DefNew: 19096K->1955K(19648K)
[14.128s][info ][gc,heap        ] GC(1009) Tenured: 13304K->13304K(43712K)
[14.128s][info ][gc,metaspace   ] GC(1009) Metaspace: 16398K->16398K(1064960K)
[14.128s][info ][gc             ] GC(1009) Pause Young (Allocation Failure) 31M->14M(61M) 0.572ms
[14.128s][info ][gc,cpu         ] GC(1009) User=0.00s Sys=0.00s Real=0.00s
[14.129s][info ][gc,start       ] GC(1010) Pause Young (Allocation Failure)
[14.130s][debug][gc,age         ] GC(1010) Desired survivor size 1114112 bytes, new threshold 1 (max threshold 15)
[14.130s][info ][gc,heap        ] GC(1010) DefNew: 19096K->1955K(19648K)
[14.130s][info ][gc,heap        ] GC(1010) Tenured: 13304K->14476K(43712K)
[14.130s][info ][gc,metaspace   ] GC(1010) Metaspace: 16398K->16398K(1064960K)
[14.130s][info ][gc             ] GC(1010) Pause Young (Allocation Failure) 31M->16M(61M) 0.669ms
[14.130s][info ][gc,cpu         ] GC(1010) User=0.00s Sys=0.00s Real=0.00s
[14.131s][info ][gc,start       ] GC(1011) Pause Young (Allocation Failure)
[14.132s][debug][gc,age         ] GC(1011) Desired survivor size 1114112 bytes, new threshold 1 (max threshold 15)
[14.132s][info ][gc,heap        ] GC(1011) DefNew: 19096K->1955K(19648K)
[14.132s][info ][gc,heap        ] GC(1011) Tenured: 14476K->14867K(43712K)
[14.132s][info ][gc,metaspace   ] GC(1011) Metaspace: 16398K->16398K(1064960K)
[14.132s][info ][gc             ] GC(1011) Pause Young (Allocation Failure) 32M->16M(61M) 0.554ms
[14.132s][info ][gc,cpu         ] GC(1011) User=0.00s Sys=0.00s Real=0.00s
[14.133s][info ][gc,start       ] GC(1012) Pause Young (Allocation Failure)
[14.134s][debug][gc,age         ] GC(1012) Desired survivor size 1114112 bytes, new threshold 1 (max threshold 15)
[14.134s][info ][gc,heap        ] GC(1012) DefNew: 19096K->1955K(19648K)
[14.134s][info ][gc,heap        ] GC(1012) Tenured: 14867K->14867K(43712K)
[14.134s][info ][gc,metaspace   ] GC(1012) Metaspace: 16398K->16398K(1064960K)
[14.134s][info ][gc             ] GC(1012) Pause Young (Allocation Failure) 33M->16M(61M) 0.523ms
[14.134s][info ][gc,cpu         ] GC(1012) User=0.00s Sys=0.00s Real=0.00s
[14.135s][info ][gc,start       ] GC(1013) Pause Young (Allocation Failure)
[14.136s][debug][gc,age         ] GC(1013) Desired survivor size 1114112 bytes, new threshold 1 (max threshold 15)
[14.136s][info ][gc,heap        ] GC(1013) DefNew: 19095K->1955K(19648K)
[14.136s][info ][gc,heap        ] GC(1013) Tenured: 14867K->15648K(43712K)
[14.136s][info ][gc,metaspace   ] GC(1013) Metaspace: 16398K->16398K(1064960K)
[14.136s][info ][gc             ] GC(1013) Pause Young (Allocation Failure) 33M->17M(61M) 0.588ms
[14.136s][info ][gc,cpu         ] GC(1013) User=0.00s Sys=0.00s Real=0.00s
[14.137s][info ][gc,start       ] GC(1014) Pause Young (Allocation Failure)
[14.138s][debug][gc,age         ] GC(1014) Desired survivor size 1114112 bytes, new threshold 1 (max threshold 15)
[14.138s][info ][gc,heap        ] GC(1014) DefNew: 19096K->1955K(19648K)
[14.138s][info ][gc,heap        ] GC(1014) Tenured: 15648K->16430K(43712K)
[14.138s][info ][gc,metaspace   ] GC(1014) Metaspace: 16398K->16398K(1064960K)
[14.138s][info ][gc             ] GC(1014) Pause Young (Allocation Failure) 33M->17M(61M) 0.757ms
[14.138s][info ][gc,cpu         ] GC(1014) User=0.00s Sys=0.00s Real=0.00s
[14.139s][info ][gc,start       ] GC(1015) Pause Young (Allocation Failure)
[14.140s][debug][gc,age         ] GC(1015) Desired survivor size 1114112 bytes, new threshold 1 (max threshold 15)
[14.140s][info ][gc,heap        ] GC(1015) DefNew: 19096K->1955K(19648K)
[14.140s][info ][gc,heap        ] GC(1015) Tenured: 16430K->17211K(43712K)
[14.140s][info ][gc,metaspace   ] GC(1015) Metaspace: 16398K->16398K(1064960K)
[14.140s][info ][gc             ] GC(1015) Pause Young (Allocation Failure) 34M->18M(61M) 0.972ms
[14.140s][info ][gc,cpu         ] GC(1015) User=0.00s Sys=0.00s Real=0.00s
[14.142s][info ][gc,start       ] GC(1016) Pause Young (Allocation Failure)
[14.142s][debug][gc,age         ] GC(1016) Desired survivor size 1114112 bytes, new threshold 1 (max threshold 15)
[14.142s][info ][gc,heap        ] GC(1016) DefNew: 19096K->1564K(19648K)
[14.142s][info ][gc,heap        ] GC(1016) Tenured: 17211K->17211K(43712K)
[14.142s][info ][gc,metaspace   ] GC(1016) Metaspace: 16398K->16398K(1064960K)
[14.142s][info ][gc             ] GC(1016) Pause Young (Allocation Failure) 35M->18M(61M) 0.499ms
[14.142s][info ][gc,cpu         ] GC(1016) User=0.00s Sys=0.00s Real=0.00s
[14.144s][info ][gc,start       ] GC(1017) Pause Young (Allocation Failure)
[14.144s][debug][gc,age         ] GC(1017) Desired survivor size 1114112 bytes, new threshold 1 (max threshold 15)
[14.144s][info ][gc,heap        ] GC(1017) DefNew: 18662K->1955K(19648K)
[14.144s][info ][gc,heap        ] GC(1017) Tenured: 17211K->17211K(43712K)
[14.144s][info ][gc,metaspace   ] GC(1017) Metaspace: 16398K->16398K(1064960K)
[14.144s][info ][gc             ] GC(1017) Pause Young (Allocation Failure) 35M->18M(61M) 0.687ms
[14.144s][info ][gc,cpu         ] GC(1017) User=0.00s Sys=0.00s Real=0.00s
[14.146s][info ][gc,start       ] GC(1018) Pause Young (Allocation Failure)
[14.146s][debug][gc,age         ] GC(1018) Desired survivor size 1114112 bytes, new threshold 1 (max threshold 15)
[14.146s][info ][gc,heap        ] GC(1018) DefNew: 19064K->1955K(19648K)
[14.146s][info ][gc,heap        ] GC(1018) Tenured: 17211K->17602K(43712K)
[14.146s][info ][gc,metaspace   ] GC(1018) Metaspace: 16398K->16398K(1064960K)
[14.146s][info ][gc             ] GC(1018) Pause Young (Allocation Failure) 35M->19M(61M) 0.559ms
[14.146s][info ][gc,cpu         ] GC(1018) User=0.00s Sys=0.00s Real=0.00s
[14.148s][info ][gc,start       ] GC(1019) Pause Young (Allocation Failure)
[14.148s][debug][gc,age         ] GC(1019) Desired survivor size 1114112 bytes, new threshold 1 (max threshold 15)
[14.148s][info ][gc,heap        ] GC(1019) DefNew: 19067K->1955K(19648K)
[14.148s][info ][gc,heap        ] GC(1019) Tenured: 17602K->18384K(43712K)
[14.148s][info ][gc,metaspace   ] GC(1019) Metaspace: 16398K->16398K(1064960K)
[14.148s][info ][gc             ] GC(1019) Pause Young (Allocation Failure) 35M->19M(61M) 0.602ms
[14.148s][info ][gc,cpu         ] GC(1019) User=0.00s Sys=0.00s Real=0.00s
[14.150s][info ][gc,start       ] GC(1020) Pause Young (Allocation Failure)
[14.150s][debug][gc,age         ] GC(1020) Desired survivor size 1114112 bytes, new threshold 1 (max threshold 15)
[14.150s][info ][gc,heap        ] GC(1020) DefNew: 19085K->1955K(19648K)
[14.150s][info ][gc,heap        ] GC(1020) Tenured: 18384K->18775K(43712K)
[14.150s][info ][gc,metaspace   ] GC(1020) Metaspace: 16398K->16398K(1064960K)
[14.150s][info ][gc             ] GC(1020) Pause Young (Allocation Failure) 36M->20M(61M) 0.690ms
[14.150s][info ][gc,cpu         ] GC(1020) User=0.00s Sys=0.00s Real=0.00s
[14.152s][info ][gc,start       ] GC(1021) Pause Young (Allocation Failure)
[14.152s][debug][gc,age         ] GC(1021) Desired survivor size 1114112 bytes, new threshold 1 (max threshold 15)
[14.152s][info ][gc,heap        ] GC(1021) DefNew: 19427K->1954K(19648K)
[14.152s][info ][gc,heap        ] GC(1021) Tenured: 18775K->19556K(43712K)
[14.152s][info ][gc,metaspace   ] GC(1021) Metaspace: 16398K->16398K(1064960K)
[14.152s][info ][gc             ] GC(1021) Pause Young (Allocation Failure) 37M->21M(61M) 0.612ms
[14.152s][info ][gc,cpu         ] GC(1021) User=0.00s Sys=0.00s Real=0.00s
[14.154s][info ][gc,start       ] GC(1022) Pause Young (Allocation Failure)
[14.154s][debug][gc,age         ] GC(1022) Desired survivor size 1114112 bytes, new threshold 1 (max threshold 15)
[14.154s][info ][gc,heap        ] GC(1022) DefNew: 19084K->1955K(19648K)
[14.154s][info ][gc,heap        ] GC(1022) Tenured: 19556K->20338K(43712K)
[14.154s][info ][gc,metaspace   ] GC(1022) Metaspace: 16398K->16398K(1064960K)
[14.154s][info ][gc             ] GC(1022) Pause Young (Allocation Failure) 37M->21M(61M) 0.688ms
[14.155s][info ][gc,cpu         ] GC(1022) User=0.00s Sys=0.00s Real=0.00s
[14.156s][info ][gc,start       ] GC(1023) Pause Young (Allocation Failure)
[14.156s][debug][gc,age         ] GC(1023) Desired survivor size 1114112 bytes, new threshold 1 (max threshold 15)
[14.157s][info ][gc,heap        ] GC(1023) DefNew: 19144K->1955K(19648K)
[14.157s][info ][gc,heap        ] GC(1023) Tenured: 20338K->21120K(43712K)
[14.157s][info ][gc,metaspace   ] GC(1023) Metaspace: 16398K->16398K(1064960K)
[14.157s][info ][gc             ] GC(1023) Pause Young (Allocation Failure) 38M->22M(61M) 0.779ms
[14.157s][info ][gc,cpu         ] GC(1023) User=0.00s Sys=0.00s Real=0.00s
[14.158s][info ][gc,start       ] GC(1024) Pause Young (Allocation Failure)
[14.158s][debug][gc,age         ] GC(1024) Desired survivor size 1114112 bytes, new threshold 1 (max threshold 15)
[14.158s][info ][gc,heap        ] GC(1024) DefNew: 19085K->1564K(19648K)
[14.158s][info ][gc,heap        ] GC(1024) Tenured: 21120K->21120K(43712K)
[14.158s][info ][gc,metaspace   ] GC(1024) Metaspace: 16398K->16398K(1064960K)
[14.158s][info ][gc             ] GC(1024) Pause Young (Allocation Failure) 39M->22M(61M) 0.581ms
[14.158s][info ][gc,cpu         ] GC(1024) User=0.00s Sys=0.00s Real=0.00s
[14.160s][info ][gc,start       ] GC(1025) Pause Young (Allocation Failure)
[14.160s][debug][gc,age         ] GC(1025) Desired survivor size 1114112 bytes, new threshold 1 (max threshold 15)
[14.160s][info ][gc,heap        ] GC(1025) DefNew: 18688K->1955K(19648K)
[14.160s][info ][gc,heap        ] GC(1025) Tenured: 21120K->21120K(43712K)
[14.160s][info ][gc,metaspace   ] GC(1025) Metaspace: 16398K->16398K(1064960K)
[14.160s][info ][gc             ] GC(1025) Pause Young (Allocation Failure) 38M->22M(61M) 0.540ms
[14.160s][info ][gc,cpu         ] GC(1025) User=0.00s Sys=0.00s Real=0.00s
[14.162s][info ][gc,start       ] GC(1026) Pause Young (Allocation Failure)
[14.163s][debug][gc,age         ] GC(1026) Desired survivor size 1114112 bytes, new threshold 1 (max threshold 15)
[14.163s][info ][gc,heap        ] GC(1026) DefNew: 19088K->1955K(19648K)
[14.163s][info ][gc,heap        ] GC(1026) Tenured: 21120K->21121K(43712K)
[14.163s][info ][gc,metaspace   ] GC(1026) Metaspace: 16398K->16398K(1064960K)
[14.163s][info ][gc             ] GC(1026) Pause Young (Allocation Failure) 39M->22M(61M) 0.621ms
[14.163s][info ][gc,cpu         ] GC(1026) User=0.00s Sys=0.00s Real=0.00s
[14.164s][info ][gc,start       ] GC(1027) Pause Young (Allocation Failure)
[14.165s][debug][gc,age         ] GC(1027) Desired survivor size 1114112 bytes, new threshold 1 (max threshold 15)
[14.165s][info ][gc,heap        ] GC(1027) DefNew: 19104K->1955K(19648K)
[14.165s][info ][gc,heap        ] GC(1027) Tenured: 21121K->21512K(43712K)
[14.165s][info ][gc,metaspace   ] GC(1027) Metaspace: 16398K->16398K(1064960K)
[14.165s][info ][gc             ] GC(1027) Pause Young (Allocation Failure) 39M->22M(61M) 0.668ms
[14.165s][info ][gc,cpu         ] GC(1027) User=0.00s Sys=0.00s Real=0.00s
[14.166s][info ][gc,start       ] GC(1028) Pause Young (Allocation Failure)
[14.166s][debug][gc,age         ] GC(1028) Desired survivor size 1114112 bytes, new threshold 1 (max threshold 15)
[14.166s][info ][gc,heap        ] GC(1028) DefNew: 19083K->1173K(19648K)
[14.166s][info ][gc,heap        ] GC(1028) Tenured: 21512K->21512K(43712K)
[14.166s][info ][gc,metaspace   ] GC(1028) Metaspace: 16398K->16398K(1064960K)
[14.166s][info ][gc             ] GC(1028) Pause Young (Allocation Failure) 39M->22M(61M) 0.487ms
[14.166s][info ][gc,cpu         ] GC(1028) User=0.00s Sys=0.00s Real=0.00s
[14.168s][info ][gc,start       ] GC(1029) Pause Young (Allocation Failure)
[14.168s][debug][gc,age         ] GC(1029) Desired survivor size 1114112 bytes, new threshold 1 (max threshold 15)
[14.168s][info ][gc,heap        ] GC(1029) DefNew: 18311K->1173K(19648K)
[14.168s][info ][gc,heap        ] GC(1029) Tenured: 21512K->21512K(43712K)
[14.168s][info ][gc,metaspace   ] GC(1029) Metaspace: 16398K->16398K(1064960K)
[14.168s][info ][gc             ] GC(1029) Pause Young (Allocation Failure) 38M->22M(61M) 0.463ms
[14.168s][info ][gc,cpu         ] GC(1029) User=0.00s Sys=0.00s Real=0.00s
[14.169s][info ][gc,start       ] GC(1030) Pause Young (Allocation Failure)
[14.170s][debug][gc,age         ] GC(1030) Desired survivor size 1114112 bytes, new threshold 1 (max threshold 15)
[14.170s][info ][gc,heap        ] GC(1030) DefNew: 18311K->1955K(19648K)
[14.170s][info ][gc,heap        ] GC(1030) Tenured: 21512K->22294K(43712K)
[14.170s][info ][gc,metaspace   ] GC(1030) Metaspace: 16398K->16398K(1064960K)
[14.170s][info ][gc             ] GC(1030) Pause Young (Allocation Failure) 38M->23M(61M) 0.732ms
[14.170s][info ][gc,cpu         ] GC(1030) User=0.00s Sys=0.00s Real=0.00s
[14.171s][info ][gc,start       ] GC(1031) Pause Young (Allocation Failure)
[14.172s][debug][gc,age         ] GC(1031) Desired survivor size 1114112 bytes, new threshold 1 (max threshold 15)
[14.172s][info ][gc,heap        ] GC(1031) DefNew: 19142K->1955K(19648K)
[14.172s][info ][gc,heap        ] GC(1031) Tenured: 22294K->23466K(43712K)
[14.172s][info ][gc,metaspace   ] GC(1031) Metaspace: 16398K->16398K(1064960K)
[14.172s][info ][gc             ] GC(1031) Pause Young (Allocation Failure) 40M->24M(61M) 0.611ms
[14.172s][info ][gc,cpu         ] GC(1031) User=0.01s Sys=0.00s Real=0.00s
[14.173s][info ][gc,start       ] GC(1032) Pause Young (Allocation Failure)
[14.174s][debug][gc,age         ] GC(1032) Desired survivor size 1114112 bytes, new threshold 1 (max threshold 15)
[14.174s][info ][gc,heap        ] GC(1032) DefNew: 19126K->1955K(19648K)
[14.174s][info ][gc,heap        ] GC(1032) Tenured: 23466K->24247K(43712K)
[14.174s][info ][gc,metaspace   ] GC(1032) Metaspace: 16398K->16398K(1064960K)
[14.174s][info ][gc             ] GC(1032) Pause Young (Allocation Failure) 41M->25M(61M) 0.658ms
[14.174s][info ][gc,cpu         ] GC(1032) User=0.00s Sys=0.00s Real=0.00s
[14.175s][info ][gc,start       ] GC(1033) Pause Young (Allocation Failure)
[14.176s][debug][gc,age         ] GC(1033) Desired survivor size 1114112 bytes, new threshold 1 (max threshold 15)
[14.176s][info ][gc,heap        ] GC(1033) DefNew: 19115K->1955K(19648K)
[14.176s][info ][gc,heap        ] GC(1033) Tenured: 24247K->25028K(43712K)
[14.176s][info ][gc,metaspace   ] GC(1033) Metaspace: 16398K->16398K(1064960K)
[14.176s][info ][gc             ] GC(1033) Pause Young (Allocation Failure) 42M->26M(61M) 0.572ms
[14.176s][info ][gc,cpu         ] GC(1033) User=0.00s Sys=0.00s Real=0.00s
[14.177s][info ][gc,start       ] GC(1034) Pause Young (Allocation Failure)
[14.178s][debug][gc,age         ] GC(1034) Desired survivor size 1114112 bytes, new threshold 1 (max threshold 15)
[14.178s][info ][gc,heap        ] GC(1034) DefNew: 19108K->1955K(19648K)
[14.178s][info ][gc,heap        ] GC(1034) Tenured: 25028K->25419K(43712K)
[14.178s][info ][gc,metaspace   ] GC(1034) Metaspace: 16398K->16398K(1064960K)
[14.178s][info ][gc             ] GC(1034) Pause Young (Allocation Failure) 43M->26M(61M) 0.734ms
[14.178s][info ][gc,cpu         ] GC(1034) User=0.00s Sys=0.00s Real=0.00s
[14.179s][info ][gc,start       ] GC(1035) Pause Young (Allocation Failure)
[14.180s][debug][gc,age         ] GC(1035) Desired survivor size 1114112 bytes, new threshold 1 (max threshold 15)
[14.180s][info ][gc,heap        ] GC(1035) DefNew: 19104K->1564K(19648K)
[14.180s][info ][gc,heap        ] GC(1035) Tenured: 25419K->25419K(43712K)
[14.180s][info ][gc,metaspace   ] GC(1035) Metaspace: 16398K->16398K(1064960K)
[14.180s][info ][gc             ] GC(1035) Pause Young (Allocation Failure) 43M->26M(61M) 0.498ms
[14.180s][info ][gc,cpu         ] GC(1035) User=0.00s Sys=0.00s Real=0.00s
[14.181s][info ][gc,start       ] GC(1036) Pause Young (Allocation Failure)
[14.182s][debug][gc,age         ] GC(1036) Desired survivor size 1114112 bytes, new threshold 1 (max threshold 15)
[14.182s][info ][gc,heap        ] GC(1036) DefNew: 18710K->1955K(19648K)
[14.182s][info ][gc,heap        ] GC(1036) Tenured: 25419K->25810K(43712K)
[14.182s][info ][gc,metaspace   ] GC(1036) Metaspace: 16398K->16398K(1064960K)
[14.182s][info ][gc             ] GC(1036) Pause Young (Allocation Failure) 43M->27M(61M) 0.574ms
[14.182s][info ][gc,cpu         ] GC(1036) User=0.00s Sys=0.00s Real=0.00s
[14.183s][info ][gc,start       ] GC(1037) Pause Young (Allocation Failure)
[14.184s][debug][gc,age         ] GC(1037) Desired survivor size 1114112 bytes, new threshold 1 (max threshold 15)
[14.184s][info ][gc,heap        ] GC(1037) DefNew: 19099K->1955K(19648K)
[14.184s][info ][gc,heap        ] GC(1037) Tenured: 25810K->26201K(43712K)
[14.184s][info ][gc,metaspace   ] GC(1037) Metaspace: 16398K->16398K(1064960K)
[14.184s][info ][gc             ] GC(1037) Pause Young (Allocation Failure) 43M->27M(61M) 0.598ms
[14.184s][info ][gc,cpu         ] GC(1037) User=0.00s Sys=0.00s Real=0.00s
[14.185s][info ][gc,start       ] GC(1038) Pause Young (Allocation Failure)
[14.185s][debug][gc,age         ] GC(1038) Desired survivor size 1114112 bytes, new threshold 1 (max threshold 15)
[14.185s][info ][gc,heap        ] GC(1038) DefNew: 19098K->1955K(19648K)
[14.185s][info ][gc,heap        ] GC(1038) Tenured: 26201K->26591K(43712K)
[14.186s][info ][gc,metaspace   ] GC(1038) Metaspace: 16398K->16398K(1064960K)
[14.186s][info ][gc             ] GC(1038) Pause Young (Allocation Failure) 44M->27M(61M) 0.641ms
[14.186s][info ][gc,cpu         ] GC(1038) User=0.00s Sys=0.00s Real=0.00s
[14.187s][info ][gc,start       ] GC(1039) Pause Young (Allocation Failure)
[14.187s][debug][gc,age         ] GC(1039) Desired survivor size 1114112 bytes, new threshold 1 (max threshold 15)
[14.187s][info ][gc,heap        ] GC(1039) DefNew: 19097K->1955K(19648K)
[14.187s][info ][gc,heap        ] GC(1039) Tenured: 26591K->27372K(43712K)
[14.187s][info ][gc,metaspace   ] GC(1039) Metaspace: 16398K->16398K(1064960K)
[14.187s][info ][gc             ] GC(1039) Pause Young (Allocation Failure) 44M->28M(61M) 0.610ms
[14.188s][info ][gc,cpu         ] GC(1039) User=0.00s Sys=0.00s Real=0.00s
[14.189s][info ][gc,start       ] GC(1040) Pause Young (Allocation Failure)
[14.190s][debug][gc,age         ] GC(1040) Desired survivor size 1114112 bytes, new threshold 1 (max threshold 15)
[14.190s][info ][gc,heap        ] GC(1040) DefNew: 19097K->1955K(19648K)
[14.190s][info ][gc,heap        ] GC(1040) Tenured: 27372K->28544K(43712K)
[14.190s][info ][gc,metaspace   ] GC(1040) Metaspace: 16398K->16398K(1064960K)
[14.190s][info ][gc             ] GC(1040) Pause Young (Allocation Failure) 45M->29M(61M) 0.878ms
[14.190s][info ][gc,cpu         ] GC(1040) User=0.01s Sys=0.00s Real=0.01s
[14.191s][info ][gc,start       ] GC(1041) Pause Young (Allocation Failure)
[14.192s][debug][gc,age         ] GC(1041) Desired survivor size 1114112 bytes, new threshold 1 (max threshold 15)
[14.192s][info ][gc,heap        ] GC(1041) DefNew: 19096K->1955K(19648K)
[14.192s][info ][gc,heap        ] GC(1041) Tenured: 28544K->28935K(43712K)
[14.192s][info ][gc,metaspace   ] GC(1041) Metaspace: 16398K->16398K(1064960K)
[14.192s][info ][gc             ] GC(1041) Pause Young (Allocation Failure) 46M->30M(61M) 0.531ms
[14.192s][info ][gc,cpu         ] GC(1041) User=0.00s Sys=0.00s Real=0.00s
[14.193s][info ][gc,start       ] GC(1042) Pause Young (Allocation Failure)
[14.194s][debug][gc,age         ] GC(1042) Desired survivor size 1114112 bytes, new threshold 1 (max threshold 15)
[14.194s][info ][gc,heap        ] GC(1042) DefNew: 19096K->1955K(19648K)
[14.194s][info ][gc,heap        ] GC(1042) Tenured: 28935K->29716K(43712K)
[14.194s][info ][gc,metaspace   ] GC(1042) Metaspace: 16398K->16398K(1064960K)
[14.194s][info ][gc             ] GC(1042) Pause Young (Allocation Failure) 46M->30M(61M) 0.581ms
[14.194s][info ][gc,cpu         ] GC(1042) User=0.00s Sys=0.00s Real=0.00s
[14.195s][info ][gc,start       ] GC(1043) Pause Young (Allocation Failure)
[14.196s][debug][gc,age         ] GC(1043) Desired survivor size 1114112 bytes, new threshold 1 (max threshold 15)
[14.196s][info ][gc,heap        ] GC(1043) DefNew: 19096K->1564K(19648K)
[14.196s][info ][gc,heap        ] GC(1043) Tenured: 29716K->29717K(43712K)
[14.196s][info ][gc,metaspace   ] GC(1043) Metaspace: 16398K->16398K(1064960K)
[14.196s][info ][gc             ] GC(1043) Pause Young (Allocation Failure) 47M->30M(61M) 0.595ms
[14.196s][info ][gc,cpu         ] GC(1043) User=0.00s Sys=0.00s Real=0.00s
[14.197s][info ][gc,start       ] GC(1044) Pause Young (Allocation Failure)
[14.198s][debug][gc,age         ] GC(1044) Desired survivor size 1114112 bytes, new threshold 1 (max threshold 15)
[14.198s][info ][gc,heap        ] GC(1044) DefNew: 18705K->1955K(19648K)
[14.198s][info ][gc,heap        ] GC(1044) Tenured: 29717K->30107K(43712K)
[14.198s][info ][gc,metaspace   ] GC(1044) Metaspace: 16398K->16398K(1064960K)
[14.198s][info ][gc             ] GC(1044) Pause Young (Allocation Failure) 47M->31M(61M) 0.581ms
[14.198s][info ][gc,cpu         ] GC(1044) User=0.00s Sys=0.00s Real=0.00s
[14.199s][info ][gc,start       ] GC(1045) Pause Young (Allocation Failure)
[14.199s][debug][gc,age         ] GC(1045) Desired survivor size 1114112 bytes, new threshold 1 (max threshold 15)
[14.199s][info ][gc,heap        ] GC(1045) DefNew: 19096K->1955K(19648K)
[14.199s][info ][gc,heap        ] GC(1045) Tenured: 30107K->30498K(43712K)
[14.199s][info ][gc,metaspace   ] GC(1045) Metaspace: 16398K->16398K(1064960K)
[14.199s][info ][gc             ] GC(1045) Pause Young (Allocation Failure) 48M->31M(61M) 0.540ms
[14.199s][info ][gc,cpu         ] GC(1045) User=0.00s Sys=0.00s Real=0.01s
[14.201s][info ][gc,start       ] GC(1046) Pause Young (Allocation Failure)
[14.202s][debug][gc,age         ] GC(1046) Desired survivor size 1114112 bytes, new threshold 1 (max threshold 15)
[14.202s][info ][gc,heap        ] GC(1046) DefNew: 19095K->1955K(19648K)
[14.202s][info ][gc,heap        ] GC(1046) Tenured: 30498K->31279K(43712K)
[14.202s][info ][gc,metaspace   ] GC(1046) Metaspace: 16398K->16398K(1064960K)
[14.202s][info ][gc             ] GC(1046) Pause Young (Allocation Failure) 48M->32M(61M) 0.833ms
[14.202s][info ][gc,cpu         ] GC(1046) User=0.00s Sys=0.00s Real=0.00s
[14.203s][info ][gc,start       ] GC(1047) Pause Young (Allocation Failure)
[14.203s][debug][gc,age         ] GC(1047) Desired survivor size 1114112 bytes, new threshold 1 (max threshold 15)
[14.204s][info ][gc,heap        ] GC(1047) DefNew: 19095K->1955K(19648K)
[14.204s][info ][gc,heap        ] GC(1047) Tenured: 31279K->31670K(43712K)
[14.204s][info ][gc,metaspace   ] GC(1047) Metaspace: 16398K->16398K(1064960K)
[14.204s][info ][gc             ] GC(1047) Pause Young (Allocation Failure) 49M->32M(61M) 0.713ms
[14.204s][info ][gc,cpu         ] GC(1047) User=0.00s Sys=0.00s Real=0.00s
[14.205s][info ][gc,start       ] GC(1048) Pause Young (Allocation Failure)
[14.205s][debug][gc,age         ] GC(1048) Desired survivor size 1114112 bytes, new threshold 1 (max threshold 15)
[14.205s][info ][gc,heap        ] GC(1048) DefNew: 19096K->1955K(19648K)
[14.205s][info ][gc,heap        ] GC(1048) Tenured: 31670K->32451K(43712K)
[14.205s][info ][gc,metaspace   ] GC(1048) Metaspace: 16398K->16398K(1064960K)
[14.205s][info ][gc             ] GC(1048) Pause Young (Allocation Failure) 49M->33M(61M) 0.579ms
[14.205s][info ][gc,cpu         ] GC(1048) User=0.00s Sys=0.00s Real=0.00s
[14.207s][info ][gc,start       ] GC(1049) Pause Young (Allocation Failure)
[14.207s][debug][gc,age         ] GC(1049) Desired survivor size 1114112 bytes, new threshold 1 (max threshold 15)
[14.207s][info ][gc,heap        ] GC(1049) DefNew: 19096K->1955K(19648K)
[14.207s][info ][gc,heap        ] GC(1049) Tenured: 32451K->32451K(43712K)
[14.207s][info ][gc,metaspace   ] GC(1049) Metaspace: 16398K->16398K(1064960K)
[14.207s][info ][gc             ] GC(1049) Pause Young (Allocation Failure) 50M->33M(61M) 0.639ms
[14.207s][info ][gc,cpu         ] GC(1049) User=0.00s Sys=0.00s Real=0.00s
[14.209s][info ][gc,start       ] GC(1050) Pause Young (Allocation Failure)
[14.209s][debug][gc,age         ] GC(1050) Desired survivor size 1114112 bytes, new threshold 1 (max threshold 15)
[14.209s][info ][gc,heap        ] GC(1050) DefNew: 19096K->1955K(19648K)
[14.209s][info ][gc,heap        ] GC(1050) Tenured: 32451K->33623K(43712K)
[14.209s][info ][gc,metaspace   ] GC(1050) Metaspace: 16398K->16398K(1064960K)
[14.209s][info ][gc             ] GC(1050) Pause Young (Allocation Failure) 50M->34M(61M) 0.761ms
[14.209s][info ][gc,cpu         ] GC(1050) User=0.00s Sys=0.00s Real=0.01s
[14.211s][info ][gc,start       ] GC(1051) Pause Young (Allocation Failure)
[14.211s][debug][gc,age         ] GC(1051) Desired survivor size 1114112 bytes, new threshold 1 (max threshold 15)
[14.211s][info ][gc,heap        ] GC(1051) DefNew: 19096K->1955K(19648K)
[14.211s][info ][gc,heap        ] GC(1051) Tenured: 33623K->33623K(43712K)
[14.211s][info ][gc,metaspace   ] GC(1051) Metaspace: 16398K->16398K(1064960K)
[14.211s][info ][gc             ] GC(1051) Pause Young (Allocation Failure) 51M->34M(61M) 0.685ms
[14.211s][info ][gc,cpu         ] GC(1051) User=0.00s Sys=0.00s Real=0.00s
[14.213s][info ][gc,start       ] GC(1052) Pause Young (Allocation Failure)
[14.213s][debug][gc,age         ] GC(1052) Desired survivor size 1114112 bytes, new threshold 1 (max threshold 15)
[14.213s][info ][gc,heap        ] GC(1052) DefNew: 19096K->1955K(19648K)
[14.213s][info ][gc,heap        ] GC(1052) Tenured: 33623K->34405K(43712K)
[14.213s][info ][gc,metaspace   ] GC(1052) Metaspace: 16398K->16398K(1064960K)
[14.213s][info ][gc             ] GC(1052) Pause Young (Allocation Failure) 51M->35M(61M) 0.579ms
[14.213s][info ][gc,cpu         ] GC(1052) User=0.00s Sys=0.00s Real=0.00s
[14.215s][info ][gc,start       ] GC(1053) Pause Young (Allocation Failure)
[14.215s][debug][gc,age         ] GC(1053) Desired survivor size 1114112 bytes, new threshold 1 (max threshold 15)
[14.215s][info ][gc,heap        ] GC(1053) DefNew: 19042K->1955K(19648K)
[14.215s][info ][gc,heap        ] GC(1053) Tenured: 34405K->34795K(43712K)
[14.215s][info ][gc,metaspace   ] GC(1053) Metaspace: 16398K->16398K(1064960K)
[14.215s][info ][gc             ] GC(1053) Pause Young (Allocation Failure) 52M->35M(61M) 0.558ms
[14.215s][info ][gc,cpu         ] GC(1053) User=0.00s Sys=0.00s Real=0.00s
[14.217s][info ][gc,start       ] GC(1054) Pause Young (Allocation Failure)
[14.217s][debug][gc,age         ] GC(1054) Desired survivor size 1114112 bytes, new threshold 1 (max threshold 15)
[14.217s][info ][gc,heap        ] GC(1054) DefNew: 19114K->1955K(19648K)
[14.217s][info ][gc,heap        ] GC(1054) Tenured: 34795K->35186K(43712K)
[14.217s][info ][gc,metaspace   ] GC(1054) Metaspace: 16398K->16398K(1064960K)
[14.217s][info ][gc             ] GC(1054) Pause Young (Allocation Failure) 52M->36M(61M) 0.678ms
[14.217s][info ][gc,cpu         ] GC(1054) User=0.00s Sys=0.00s Real=0.00s
[14.219s][info ][gc,start       ] GC(1055) Pause Young (Allocation Failure)
[14.219s][debug][gc,age         ] GC(1055) Desired survivor size 1114112 bytes, new threshold 1 (max threshold 15)
[14.219s][info ][gc,heap        ] GC(1055) DefNew: 19108K->1955K(19648K)
[14.219s][info ][gc,heap        ] GC(1055) Tenured: 35186K->35967K(43712K)
[14.219s][info ][gc,metaspace   ] GC(1055) Metaspace: 16398K->16398K(1064960K)
[14.219s][info ][gc             ] GC(1055) Pause Young (Allocation Failure) 53M->37M(61M) 0.618ms
[14.219s][info ][gc,cpu         ] GC(1055) User=0.00s Sys=0.00s Real=0.01s
[14.221s][info ][gc,start       ] GC(1056) Pause Young (Allocation Failure)
[14.221s][debug][gc,age         ] GC(1056) Desired survivor size 1114112 bytes, new threshold 1 (max threshold 15)
[14.221s][info ][gc,heap        ] GC(1056) DefNew: 19103K->1955K(19648K)
[14.221s][info ][gc,heap        ] GC(1056) Tenured: 35967K->36749K(43712K)
[14.221s][info ][gc,metaspace   ] GC(1056) Metaspace: 16398K->16398K(1064960K)
[14.221s][info ][gc             ] GC(1056) Pause Young (Allocation Failure) 53M->37M(61M) 0.716ms
[14.221s][info ][gc,cpu         ] GC(1056) User=0.00s Sys=0.00s Real=0.00s
[14.223s][info ][gc,start       ] GC(1057) Pause Young (Allocation Failure)
[14.223s][debug][gc,age         ] GC(1057) Desired survivor size 1114112 bytes, new threshold 1 (max threshold 15)
[14.223s][info ][gc,heap        ] GC(1057) DefNew: 19101K->1173K(19648K)
[14.223s][info ][gc,heap        ] GC(1057) Tenured: 36749K->36749K(43712K)
[14.223s][info ][gc,metaspace   ] GC(1057) Metaspace: 16398K->16398K(1064960K)
[14.223s][info ][gc             ] GC(1057) Pause Young (Allocation Failure) 54M->37M(61M) 0.436ms
[14.223s][info ][gc,cpu         ] GC(1057) User=0.00s Sys=0.00s Real=0.00s
[14.224s][info ][gc,start       ] GC(1058) Pause Young (Allocation Failure)
[14.225s][debug][gc,age         ] GC(1058) Desired survivor size 1114112 bytes, new threshold 1 (max threshold 15)
[14.225s][info ][gc,heap        ] GC(1058) DefNew: 18317K->1955K(19648K)
[14.225s][info ][gc,heap        ] GC(1058) Tenured: 36749K->37530K(43712K)
[14.225s][info ][gc,metaspace   ] GC(1058) Metaspace: 16398K->16398K(1064960K)
[14.225s][info ][gc             ] GC(1058) Pause Young (Allocation Failure) 53M->38M(61M) 0.603ms
[14.225s][info ][gc,cpu         ] GC(1058) User=0.00s Sys=0.00s Real=0.00s
[14.226s][info ][gc,start       ] GC(1059) Pause Young (Allocation Failure)
[14.227s][debug][gc,age         ] GC(1059) Desired survivor size 1114112 bytes, new threshold 15 (max threshold 15)
[14.227s][info ][gc,heap        ] GC(1059) DefNew: 19098K->783K(19648K)
[14.227s][info ][gc,heap        ] GC(1059) Tenured: 37530K->37530K(43712K)
[14.227s][info ][gc,metaspace   ] GC(1059) Metaspace: 16398K->16398K(1064960K)
[14.227s][info ][gc             ] GC(1059) Pause Young (Allocation Failure) 55M->37M(61M) 0.393ms
[14.227s][info ][gc,cpu         ] GC(1059) User=0.00s Sys=0.00s Real=0.00s
[14.228s][info ][gc,start       ] GC(1060) Pause Young (Allocation Failure)
[14.229s][debug][gc,age         ] GC(1060) Desired survivor size 1114112 bytes, new threshold 1 (max threshold 15)
[14.229s][info ][gc,heap        ] GC(1060) DefNew: 17883K->1955K(19648K)
[14.229s][info ][gc,heap        ] GC(1060) Tenured: 37530K->37921K(43712K)
[14.229s][info ][gc,metaspace   ] GC(1060) Metaspace: 16398K->16398K(1064960K)
[14.229s][info ][gc             ] GC(1060) Pause Young (Allocation Failure) 54M->38M(61M) 0.690ms
[14.229s][info ][gc,cpu         ] GC(1060) User=0.00s Sys=0.00s Real=0.00s
[14.230s][info ][gc,start       ] GC(1061) Pause Young (Allocation Failure)
[14.231s][debug][gc,age         ] GC(1061) Desired survivor size 1114112 bytes, new threshold 1 (max threshold 15)
[14.231s][info ][gc,heap        ] GC(1061) DefNew: 19111K->1955K(19648K)
[14.231s][info ][gc,heap        ] GC(1061) Tenured: 37921K->37921K(43712K)
[14.231s][info ][gc,metaspace   ] GC(1061) Metaspace: 16398K->16398K(1064960K)
[14.231s][info ][gc             ] GC(1061) Pause Young (Allocation Failure) 55M->38M(61M) 0.679ms
[14.231s][info ][gc,cpu         ] GC(1061) User=0.00s Sys=0.00s Real=0.00s
[14.232s][info ][gc,start       ] GC(1062) Pause Young (Allocation Failure)
[14.233s][debug][gc,age         ] GC(1062) Desired survivor size 1114112 bytes, new threshold 1 (max threshold 15)
[14.233s][info ][gc,heap        ] GC(1062) DefNew: 19106K->1955K(19648K)
[14.233s][info ][gc,heap        ] GC(1062) Tenured: 37921K->38311K(43712K)
[14.233s][info ][gc,metaspace   ] GC(1062) Metaspace: 16398K->16398K(1064960K)
[14.233s][info ][gc             ] GC(1062) Pause Young (Allocation Failure) 55M->39M(61M) 0.636ms
[14.233s][info ][gc,cpu         ] GC(1062) User=0.01s Sys=0.00s Real=0.00s
[14.234s][info ][gc,start       ] GC(1063) Pause Young (Allocation Failure)
[14.235s][debug][gc,age         ] GC(1063) Desired survivor size 1114112 bytes, new threshold 1 (max threshold 15)
[14.235s][info ][gc,heap        ] GC(1063) DefNew: 19102K->1955K(19648K)
[14.235s][info ][gc,heap        ] GC(1063) Tenured: 38311K->39093K(43712K)
[14.235s][info ][gc,metaspace   ] GC(1063) Metaspace: 16398K->16398K(1064960K)
[14.235s][info ][gc             ] GC(1063) Pause Young (Allocation Failure) 56M->40M(61M) 0.607ms
[14.235s][info ][gc,cpu         ] GC(1063) User=0.00s Sys=0.00s Real=0.00s
[14.236s][info ][gc,start       ] GC(1064) Pause Young (Allocation Failure)
[14.236s][debug][gc,age         ] GC(1064) Desired survivor size 1114112 bytes, new threshold 1 (max threshold 15)
[14.236s][info ][gc,heap        ] GC(1064) DefNew: 19100K->1955K(19648K)
[14.236s][info ][gc,heap        ] GC(1064) Tenured: 39093K->39483K(43712K)
[14.236s][info ][gc,metaspace   ] GC(1064) Metaspace: 16398K->16398K(1064960K)
[14.236s][info ][gc             ] GC(1064) Pause Young (Allocation Failure) 56M->40M(61M) 0.547ms
[14.236s][info ][gc,cpu         ] GC(1064) User=0.00s Sys=0.00s Real=0.00s
[14.238s][info ][gc,start       ] GC(1065) Pause Young (Allocation Failure)
[14.238s][debug][gc,age         ] GC(1065) Desired survivor size 1114112 bytes, new threshold 1 (max threshold 15)
[14.238s][info ][gc,heap        ] GC(1065) DefNew: 19098K->1955K(19648K)
[14.238s][info ][gc,heap        ] GC(1065) Tenured: 39483K->40264K(43712K)
[14.238s][info ][gc,metaspace   ] GC(1065) Metaspace: 16398K->16398K(1064960K)
[14.238s][info ][gc             ] GC(1065) Pause Young (Allocation Failure) 57M->41M(61M) 0.606ms
[14.239s][info ][gc,cpu         ] GC(1065) User=0.00s Sys=0.00s Real=0.00s
[14.240s][info ][gc,start       ] GC(1066) Pause Young (Allocation Failure)
[14.240s][debug][gc,age         ] GC(1066) Desired survivor size 1114112 bytes, new threshold 1 (max threshold 15)
[14.240s][info ][gc,heap        ] GC(1066) DefNew: 19097K->1955K(19648K)
[14.240s][info ][gc,heap        ] GC(1066) Tenured: 40264K->40264K(43712K)
[14.240s][info ][gc,metaspace   ] GC(1066) Metaspace: 16398K->16398K(1064960K)
[14.240s][info ][gc             ] GC(1066) Pause Young (Allocation Failure) 57M->41M(61M) 0.526ms
[14.240s][info ][gc,cpu         ] GC(1066) User=0.00s Sys=0.00s Real=0.00s
[14.242s][info ][gc,start       ] GC(1067) Pause Young (Allocation Failure)
[14.242s][debug][gc,age         ] GC(1067) Desired survivor size 1114112 bytes, new threshold 1 (max threshold 15)
[14.242s][info ][gc,heap        ] GC(1067) DefNew: 19097K->1955K(19648K)
[14.242s][info ][gc,heap        ] GC(1067) Tenured: 40264K->40655K(43712K)
[14.242s][info ][gc,metaspace   ] GC(1067) Metaspace: 16398K->16398K(1064960K)
[14.242s][info ][gc             ] GC(1067) Pause Young (Allocation Failure) 57M->41M(61M) 0.673ms
[14.242s][info ][gc,cpu         ] GC(1067) User=0.00s Sys=0.00s Real=0.00s
[14.244s][info ][gc,start       ] GC(1068) Pause Young (Allocation Failure)
[14.244s][debug][gc,age         ] GC(1068) Desired survivor size 1114112 bytes, new threshold 15 (max threshold 15)
[14.244s][info ][gc,heap        ] GC(1068) DefNew: 19051K->783K(19648K)
[14.244s][info ][gc,heap        ] GC(1068) Tenured: 40655K->40655K(43712K)
[14.244s][info ][gc,metaspace   ] GC(1068) Metaspace: 16398K->16398K(1064960K)
[14.244s][info ][gc             ] GC(1068) Pause Young (Allocation Failure) 58M->40M(61M) 0.486ms
[14.244s][info ][gc,cpu         ] GC(1068) User=0.00s Sys=0.00s Real=0.00s
[14.246s][info ][gc,start       ] GC(1069) Pause Young (Allocation Failure)
[14.246s][debug][gc,age         ] GC(1069) Desired survivor size 1114112 bytes, new threshold 1 (max threshold 15)
[14.246s][info ][gc,heap        ] GC(1069) DefNew: 17895K->1955K(19648K)
[14.246s][info ][gc,heap        ] GC(1069) Tenured: 40655K->40655K(43712K)
[14.246s][info ][gc,metaspace   ] GC(1069) Metaspace: 16398K->16398K(1064960K)
[14.246s][info ][gc             ] GC(1069) Pause Young (Allocation Failure) 57M->41M(61M) 0.657ms
[14.246s][info ][gc,cpu         ] GC(1069) User=0.00s Sys=0.00s Real=0.00s
[14.248s][info ][gc,start       ] GC(1070) Pause Young (Allocation Failure)
[14.248s][debug][gc,age         ] GC(1070) Desired survivor size 1114112 bytes, new threshold 1 (max threshold 15)
[14.248s][info ][gc,heap        ] GC(1070) DefNew: 19122K->1564K(19648K)
[14.248s][info ][gc,heap        ] GC(1070) Tenured: 40655K->41046K(43712K)
[14.248s][info ][gc,metaspace   ] GC(1070) Metaspace: 16398K->16398K(1064960K)
[14.248s][info ][gc             ] GC(1070) Pause Young (Allocation Failure) 58M->41M(61M) 0.552ms
[14.248s][info ][gc,cpu         ] GC(1070) User=0.00s Sys=0.00s Real=0.00s
[14.249s][info ][gc,start       ] GC(1071) Pause Young (Allocation Failure)
[14.250s][debug][gc,age         ] GC(1071) Desired survivor size 1114112 bytes, new threshold 1 (max threshold 15)
[14.250s][info ][gc,heap        ] GC(1071) DefNew: 18672K->1955K(19648K)
[14.250s][info ][gc,heap        ] GC(1071) Tenured: 41046K->41437K(43712K)
[14.250s][info ][gc,metaspace   ] GC(1071) Metaspace: 16398K->16398K(1064960K)
[14.250s][info ][gc             ] GC(1071) Pause Young (Allocation Failure) 58M->42M(61M) 0.653ms
[14.250s][info ][gc,cpu         ] GC(1071) User=0.00s Sys=0.00s Real=0.00s
[14.253s][info ][gc,start       ] GC(1072) Pause Young (Allocation Failure)
[14.253s][debug][gc,age         ] GC(1072) Desired survivor size 1114112 bytes, new threshold 1 (max threshold 15)
[14.253s][info ][gc,heap        ] GC(1072) DefNew: 19076K->1955K(19648K)
[14.253s][info ][gc,heap        ] GC(1072) Tenured: 41437K->42609K(43712K)
[14.253s][info ][gc,metaspace   ] GC(1072) Metaspace: 16398K->16398K(1064960K)
[14.253s][info ][gc             ] GC(1072) Pause Young (Allocation Failure) 59M->43M(61M) 0.779ms
[14.254s][info ][gc,cpu         ] GC(1072) User=0.00s Sys=0.00s Real=0.00s
[14.255s][info ][gc,start       ] GC(1073) Pause Young (Allocation Failure)
[14.255s][info ][gc,start       ] GC(1074) Pause Full (Allocation Failure)
[14.255s][info ][gc,phases,start] GC(1074) Phase 1: Mark live objects
[14.259s][debug][gc,phases      ] GC(1074) Reference Processing 0.050ms
[14.259s][debug][gc,phases      ] GC(1074) Weak Processing 0.018ms
[14.259s][debug][gc,phases      ] GC(1074) ClassLoaderData 0.033ms
[14.259s][debug][gc,phases      ] GC(1074) ProtectionDomainCacheTable 0.002ms
[14.259s][debug][gc,phases      ] GC(1074) ResolvedMethodTable 0.015ms
[14.259s][debug][gc,phases      ] GC(1074) Class Unloading 0.757ms
[14.259s][debug][gc,phases      ] GC(1074) Scrub String Table 0.059ms
[14.261s][debug][gc,phases      ] GC(1074) Scrub Symbol Table 1.291ms
[14.261s][info ][gc,phases      ] GC(1074) Phase 1: Mark live objects 5.734ms
[14.261s][info ][gc,phases,start] GC(1074) Phase 2: Compute new object addresses
[14.262s][info ][gc,phases      ] GC(1074) Phase 2: Compute new object addresses 0.941ms
[14.262s][info ][gc,phases,start] GC(1074) Phase 3: Adjust pointers
[14.266s][info ][gc,phases      ] GC(1074) Phase 3: Adjust pointers 4.171ms
[14.266s][info ][gc,phases,start] GC(1074) Phase 4: Move objects
[14.266s][info ][gc,phases      ] GC(1074) Phase 4: Move objects 0.274ms
[14.266s][info ][gc             ] GC(1074) Pause Full (Allocation Failure) 60M->5M(61M) 11.438ms
[14.266s][info ][gc,heap        ] GC(1073) DefNew: 19131K->0K(19648K)
[14.266s][info ][gc,heap        ] GC(1073) Tenured: 42609K->5490K(43712K)
[14.266s][info ][gc,metaspace   ] GC(1073) Metaspace: 16398K->16398K(1064960K)
[14.266s][info ][gc             ] GC(1073) Pause Young (Allocation Failure) 60M->5M(61M) 11.560ms
[14.266s][info ][gc,cpu         ] GC(1073) User=0.01s Sys=0.00s Real=0.01s
[14.268s][info ][gc,start       ] GC(1075) Pause Young (Allocation Failure)
[14.269s][debug][gc,age         ] GC(1075) Desired survivor size 1114112 bytes, new threshold 1 (max threshold 15)
[14.269s][info ][gc,heap        ] GC(1075) DefNew: 17472K->1955K(19648K)
[14.269s][info ][gc,heap        ] GC(1075) Tenured: 5490K->5490K(43712K)
[14.269s][info ][gc,metaspace   ] GC(1075) Metaspace: 16398K->16398K(1064960K)
[14.269s][info ][gc             ] GC(1075) Pause Young (Allocation Failure) 22M->7M(61M) 0.649ms
[14.269s][info ][gc,cpu         ] GC(1075) User=0.00s Sys=0.00s Real=0.00s
[14.270s][info ][gc,start       ] GC(1076) Pause Young (Allocation Failure)
[14.271s][debug][gc,age         ] GC(1076) Desired survivor size 1114112 bytes, new threshold 1 (max threshold 15)
[14.271s][info ][gc,heap        ] GC(1076) DefNew: 19126K->1955K(19648K)
[14.271s][info ][gc,heap        ] GC(1076) Tenured: 5490K->5881K(43712K)
[14.271s][info ][gc,metaspace   ] GC(1076) Metaspace: 16398K->16398K(1064960K)
[14.271s][info ][gc             ] GC(1076) Pause Young (Allocation Failure) 24M->7M(61M) 0.701ms
[14.271s][info ][gc,cpu         ] GC(1076) User=0.00s Sys=0.00s Real=0.00s
[14.272s][info ][gc,start       ] GC(1077) Pause Young (Allocation Failure)
[14.273s][debug][gc,age         ] GC(1077) Desired survivor size 1114112 bytes, new threshold 1 (max threshold 15)
[14.273s][info ][gc,heap        ] GC(1077) DefNew: 19064K->1955K(19648K)
[14.273s][info ][gc,heap        ] GC(1077) Tenured: 5881K->6663K(43712K)
[14.273s][info ][gc,metaspace   ] GC(1077) Metaspace: 16398K->16398K(1064960K)
[14.273s][info ][gc             ] GC(1077) Pause Young (Allocation Failure) 24M->8M(61M) 0.649ms
[14.273s][info ][gc,cpu         ] GC(1077) User=0.00s Sys=0.00s Real=0.00s
[14.274s][info ][gc,start       ] GC(1078) Pause Young (Allocation Failure)
[14.275s][debug][gc,age         ] GC(1078) Desired survivor size 1114112 bytes, new threshold 1 (max threshold 15)
[14.275s][info ][gc,heap        ] GC(1078) DefNew: 19126K->1955K(19648K)
[14.275s][info ][gc,heap        ] GC(1078) Tenured: 6663K->7444K(43712K)
[14.275s][info ][gc,metaspace   ] GC(1078) Metaspace: 16398K->16398K(1064960K)
[14.275s][info ][gc             ] GC(1078) Pause Young (Allocation Failure) 25M->9M(61M) 0.656ms
[14.275s][info ][gc,cpu         ] GC(1078) User=0.00s Sys=0.01s Real=0.00s
[14.276s][info ][gc,start       ] GC(1079) Pause Young (Allocation Failure)
[14.276s][debug][gc,age         ] GC(1079) Desired survivor size 1114112 bytes, new threshold 1 (max threshold 15)
[14.276s][info ][gc,heap        ] GC(1079) DefNew: 19115K->1955K(19648K)
[14.276s][info ][gc,heap        ] GC(1079) Tenured: 7444K->7835K(43712K)
[14.276s][info ][gc,metaspace   ] GC(1079) Metaspace: 16398K->16398K(1064960K)
[14.276s][info ][gc             ] GC(1079) Pause Young (Allocation Failure) 25M->9M(61M) 0.540ms
[14.277s][info ][gc,cpu         ] GC(1079) User=0.00s Sys=0.00s Real=0.00s
[14.278s][info ][gc,start       ] GC(1080) Pause Young (Allocation Failure)
[14.279s][debug][gc,age         ] GC(1080) Desired survivor size 1114112 bytes, new threshold 1 (max threshold 15)
[14.279s][info ][gc,heap        ] GC(1080) DefNew: 19108K->1955K(19648K)
[14.279s][info ][gc,heap        ] GC(1080) Tenured: 7835K->8616K(43712K)
[14.279s][info ][gc,metaspace   ] GC(1080) Metaspace: 16398K->16398K(1064960K)
[14.279s][info ][gc             ] GC(1080) Pause Young (Allocation Failure) 26M->10M(61M) 0.843ms
[14.279s][info ][gc,cpu         ] GC(1080) User=0.00s Sys=0.00s Real=0.00s
[14.280s][info ][gc,start       ] GC(1081) Pause Young (Allocation Failure)
[14.281s][debug][gc,age         ] GC(1081) Desired survivor size 1114112 bytes, new threshold 1 (max threshold 15)
[14.281s][info ][gc,heap        ] GC(1081) DefNew: 19401K->1173K(19648K)
[14.281s][info ][gc,heap        ] GC(1081) Tenured: 8616K->9007K(43712K)
[14.281s][info ][gc,metaspace   ] GC(1081) Metaspace: 16398K->16398K(1064960K)
[14.281s][info ][gc             ] GC(1081) Pause Young (Allocation Failure) 27M->9M(61M) 0.560ms
[14.281s][info ][gc,cpu         ] GC(1081) User=0.00s Sys=0.00s Real=0.00s
[14.282s][info ][gc,start       ] GC(1082) Pause Young (Allocation Failure)
[14.283s][debug][gc,age         ] GC(1082) Desired survivor size 1114112 bytes, new threshold 1 (max threshold 15)
[14.283s][info ][gc,heap        ] GC(1082) DefNew: 18352K->1955K(19648K)
[14.283s][info ][gc,heap        ] GC(1082) Tenured: 9007K->9007K(43712K)
[14.283s][info ][gc,metaspace   ] GC(1082) Metaspace: 16398K->16398K(1064960K)
[14.283s][info ][gc             ] GC(1082) Pause Young (Allocation Failure) 26M->10M(61M) 0.497ms
[14.283s][info ][gc,cpu         ] GC(1082) User=0.00s Sys=0.00s Real=0.00s
[14.284s][info ][gc,start       ] GC(1083) Pause Young (Allocation Failure)
[14.285s][debug][gc,age         ] GC(1083) Desired survivor size 1114112 bytes, new threshold 1 (max threshold 15)
[14.285s][info ][gc,heap        ] GC(1083) DefNew: 19121K->1955K(19648K)
[14.285s][info ][gc,heap        ] GC(1083) Tenured: 9007K->10179K(43712K)
[14.285s][info ][gc,metaspace   ] GC(1083) Metaspace: 16398K->16398K(1064960K)
[14.285s][info ][gc             ] GC(1083) Pause Young (Allocation Failure) 27M->11M(61M) 0.958ms
[14.285s][info ][gc,cpu         ] GC(1083) User=0.00s Sys=0.00s Real=0.00s
[14.286s][info ][gc,start       ] GC(1084) Pause Young (Allocation Failure)
[14.287s][debug][gc,age         ] GC(1084) Desired survivor size 1114112 bytes, new threshold 1 (max threshold 15)
[14.287s][info ][gc,heap        ] GC(1084) DefNew: 19112K->1955K(19648K)
[14.287s][info ][gc,heap        ] GC(1084) Tenured: 10179K->10179K(43712K)
[14.287s][info ][gc,metaspace   ] GC(1084) Metaspace: 16398K->16398K(1064960K)
[14.287s][info ][gc             ] GC(1084) Pause Young (Allocation Failure) 28M->11M(61M) 0.502ms
[14.287s][info ][gc,cpu         ] GC(1084) User=0.00s Sys=0.00s Real=0.00s
[14.288s][info ][gc,start       ] GC(1085) Pause Young (Allocation Failure)
[14.289s][debug][gc,age         ] GC(1085) Desired survivor size 1114112 bytes, new threshold 1 (max threshold 15)
[14.289s][info ][gc,heap        ] GC(1085) DefNew: 19106K->1955K(19648K)
[14.289s][info ][gc,heap        ] GC(1085) Tenured: 10179K->10570K(43712K)
[14.289s][info ][gc,metaspace   ] GC(1085) Metaspace: 16398K->16398K(1064960K)
[14.289s][info ][gc             ] GC(1085) Pause Young (Allocation Failure) 28M->12M(61M) 0.612ms
[14.289s][info ][gc,cpu         ] GC(1085) User=0.00s Sys=0.00s Real=0.00s
[14.290s][info ][gc,start       ] GC(1086) Pause Young (Allocation Failure)
[14.291s][debug][gc,age         ] GC(1086) Desired survivor size 1114112 bytes, new threshold 1 (max threshold 15)
[14.291s][info ][gc,heap        ] GC(1086) DefNew: 19102K->1955K(19648K)
[14.291s][info ][gc,heap        ] GC(1086) Tenured: 10570K->11351K(43712K)
[14.291s][info ][gc,metaspace   ] GC(1086) Metaspace: 16398K->16398K(1064960K)
[14.291s][info ][gc             ] GC(1086) Pause Young (Allocation Failure) 28M->12M(61M) 0.585ms
[14.291s][info ][gc,cpu         ] GC(1086) User=0.00s Sys=0.00s Real=0.00s
[14.292s][info ][gc,start       ] GC(1087) Pause Young (Allocation Failure)
[14.293s][debug][gc,age         ] GC(1087) Desired survivor size 1114112 bytes, new threshold 1 (max threshold 15)
[14.293s][info ][gc,heap        ] GC(1087) DefNew: 19100K->1564K(19648K)
[14.293s][info ][gc,heap        ] GC(1087) Tenured: 11351K->11351K(43712K)
[14.293s][info ][gc,metaspace   ] GC(1087) Metaspace: 16398K->16398K(1064960K)
[14.293s][info ][gc             ] GC(1087) Pause Young (Allocation Failure) 29M->12M(61M) 0.470ms
[14.293s][info ][gc,cpu         ] GC(1087) User=0.00s Sys=0.00s Real=0.00s
[14.294s][info ][gc,start       ] GC(1088) Pause Young (Allocation Failure)
[14.295s][debug][gc,age         ] GC(1088) Desired survivor size 1114112 bytes, new threshold 1 (max threshold 15)
[14.295s][info ][gc,heap        ] GC(1088) DefNew: 18708K->1955K(19648K)
[14.295s][info ][gc,heap        ] GC(1088) Tenured: 11351K->12133K(43712K)
[14.295s][info ][gc,metaspace   ] GC(1088) Metaspace: 16398K->16398K(1064960K)
[14.295s][info ][gc             ] GC(1088) Pause Young (Allocation Failure) 29M->13M(61M) 0.802ms
[14.295s][info ][gc,cpu         ] GC(1088) User=0.01s Sys=0.00s Real=0.00s
[14.297s][info ][gc,start       ] GC(1089) Pause Young (Allocation Failure)
[14.297s][debug][gc,age         ] GC(1089) Desired survivor size 1114112 bytes, new threshold 1 (max threshold 15)
[14.297s][info ][gc,heap        ] GC(1089) DefNew: 19398K->1173K(19648K)
[14.297s][info ][gc,heap        ] GC(1089) Tenured: 12133K->12524K(43712K)
[14.297s][info ][gc,metaspace   ] GC(1089) Metaspace: 16398K->16398K(1064960K)
[14.297s][info ][gc             ] GC(1089) Pause Young (Allocation Failure) 30M->13M(61M) 0.533ms
[14.297s][info ][gc,cpu         ] GC(1089) User=0.00s Sys=0.00s Real=0.00s
[14.298s][info ][gc,start       ] GC(1090) Pause Young (Allocation Failure)
[14.299s][debug][gc,age         ] GC(1090) Desired survivor size 1114112 bytes, new threshold 1 (max threshold 15)
[14.299s][info ][gc,heap        ] GC(1090) DefNew: 18347K->1955K(19648K)
[14.299s][info ][gc,heap        ] GC(1090) Tenured: 12524K->13305K(43712K)
[14.299s][info ][gc,metaspace   ] GC(1090) Metaspace: 16398K->16398K(1064960K)
[14.299s][info ][gc             ] GC(1090) Pause Young (Allocation Failure) 30M->14M(61M) 0.670ms
[14.299s][info ][gc,cpu         ] GC(1090) User=0.00s Sys=0.00s Real=0.00s
[14.300s][info ][gc,start       ] GC(1091) Pause Young (Allocation Failure)
[14.301s][debug][gc,age         ] GC(1091) Desired survivor size 1114112 bytes, new threshold 1 (max threshold 15)
[14.301s][info ][gc,heap        ] GC(1091) DefNew: 19117K->1955K(19648K)
[14.301s][info ][gc,heap        ] GC(1091) Tenured: 13305K->13305K(43712K)
[14.301s][info ][gc,metaspace   ] GC(1091) Metaspace: 16398K->16398K(1064960K)
[14.301s][info ][gc             ] GC(1091) Pause Young (Allocation Failure) 31M->14M(61M) 0.639ms
[14.301s][info ][gc,cpu         ] GC(1091) User=0.00s Sys=0.00s Real=0.00s
[14.302s][info ][gc,start       ] GC(1092) Pause Young (Allocation Failure)
[14.303s][debug][gc,age         ] GC(1092) Desired survivor size 1114112 bytes, new threshold 1 (max threshold 15)
[14.303s][info ][gc,heap        ] GC(1092) DefNew: 19109K->1955K(19648K)
[14.303s][info ][gc,heap        ] GC(1092) Tenured: 13305K->14086K(43712K)
[14.303s][info ][gc,metaspace   ] GC(1092) Metaspace: 16398K->16398K(1064960K)
[14.303s][info ][gc             ] GC(1092) Pause Young (Allocation Failure) 31M->15M(61M) 0.715ms
[14.303s][info ][gc,cpu         ] GC(1092) User=0.00s Sys=0.00s Real=0.00s
[14.305s][info ][gc,start       ] GC(1093) Pause Young (Allocation Failure)
[14.305s][debug][gc,age         ] GC(1093) Desired survivor size 1114112 bytes, new threshold 1 (max threshold 15)
[14.305s][info ][gc,heap        ] GC(1093) DefNew: 19105K->1955K(19648K)
[14.305s][info ][gc,heap        ] GC(1093) Tenured: 14086K->14477K(43712K)
[14.305s][info ][gc,metaspace   ] GC(1093) Metaspace: 16398K->16398K(1064960K)
[14.305s][info ][gc             ] GC(1093) Pause Young (Allocation Failure) 32M->16M(61M) 0.560ms
[14.305s][info ][gc,cpu         ] GC(1093) User=0.00s Sys=0.00s Real=0.00s
[14.306s][info ][gc,start       ] GC(1094) Pause Young (Allocation Failure)
[14.307s][debug][gc,age         ] GC(1094) Desired survivor size 1114112 bytes, new threshold 1 (max threshold 15)
[14.307s][info ][gc,heap        ] GC(1094) DefNew: 19101K->1955K(19648K)
[14.307s][info ][gc,heap        ] GC(1094) Tenured: 14477K->15649K(43712K)
[14.307s][info ][gc,metaspace   ] GC(1094) Metaspace: 16398K->16398K(1064960K)
[14.307s][info ][gc             ] GC(1094) Pause Young (Allocation Failure) 32M->17M(61M) 0.804ms
[14.307s][info ][gc,cpu         ] GC(1094) User=0.00s Sys=0.00s Real=0.00s
[14.309s][info ][gc,start       ] GC(1095) Pause Young (Allocation Failure)
[14.309s][debug][gc,age         ] GC(1095) Desired survivor size 1114112 bytes, new threshold 1 (max threshold 15)
[14.309s][info ][gc,heap        ] GC(1095) DefNew: 19099K->1955K(19648K)
[14.309s][info ][gc,heap        ] GC(1095) Tenured: 15649K->16039K(43712K)
[14.309s][info ][gc,metaspace   ] GC(1095) Metaspace: 16398K->16398K(1064960K)
[14.309s][info ][gc             ] GC(1095) Pause Young (Allocation Failure) 33M->17M(61M) 0.614ms
[14.309s][info ][gc,cpu         ] GC(1095) User=0.00s Sys=0.00s Real=0.00s
[14.311s][info ][gc,start       ] GC(1096) Pause Young (Allocation Failure)
[14.311s][debug][gc,age         ] GC(1096) Desired survivor size 1114112 bytes, new threshold 1 (max threshold 15)
[14.311s][info ][gc,heap        ] GC(1096) DefNew: 19098K->1564K(19648K)
[14.311s][info ][gc,heap        ] GC(1096) Tenured: 16039K->16039K(43712K)
[14.311s][info ][gc,metaspace   ] GC(1096) Metaspace: 16398K->16398K(1064960K)
[14.312s][info ][gc             ] GC(1096) Pause Young (Allocation Failure) 34M->17M(61M) 0.785ms
[14.312s][info ][gc,cpu         ] GC(1096) User=0.00s Sys=0.00s Real=0.00s
[14.313s][info ][gc,start       ] GC(1097) Pause Young (Allocation Failure)
[14.313s][debug][gc,age         ] GC(1097) Desired survivor size 1114112 bytes, new threshold 1 (max threshold 15)
[14.314s][info ][gc,heap        ] GC(1097) DefNew: 18706K->1955K(19648K)
[14.314s][info ][gc,heap        ] GC(1097) Tenured: 16039K->17211K(43712K)
[14.314s][info ][gc,metaspace   ] GC(1097) Metaspace: 16398K->16398K(1064960K)
[14.314s][info ][gc             ] GC(1097) Pause Young (Allocation Failure) 33M->18M(61M) 0.767ms
[14.314s][info ][gc,cpu         ] GC(1097) User=0.00s Sys=0.00s Real=0.00s
[14.315s][info ][gc,start       ] GC(1098) Pause Young (Allocation Failure)
[14.315s][debug][gc,age         ] GC(1098) Desired survivor size 1114112 bytes, new threshold 1 (max threshold 15)
[14.316s][info ][gc,heap        ] GC(1098) DefNew: 19097K->1955K(19648K)
[14.316s][info ][gc,heap        ] GC(1098) Tenured: 17211K->17602K(43712K)
[14.316s][info ][gc,metaspace   ] GC(1098) Metaspace: 16398K->16398K(1064960K)
[14.316s][info ][gc             ] GC(1098) Pause Young (Allocation Failure) 35M->19M(61M) 0.548ms
[14.316s][info ][gc,cpu         ] GC(1098) User=0.00s Sys=0.00s Real=0.00s
[14.317s][info ][gc,start       ] GC(1099) Pause Young (Allocation Failure)
[14.318s][debug][gc,age         ] GC(1099) Desired survivor size 1114112 bytes, new threshold 1 (max threshold 15)
[14.318s][info ][gc,heap        ] GC(1099) DefNew: 19096K->1955K(19648K)
[14.318s][info ][gc,heap        ] GC(1099) Tenured: 17602K->18383K(43712K)
[14.318s][info ][gc,metaspace   ] GC(1099) Metaspace: 16398K->16398K(1064960K)
[14.318s][info ][gc             ] GC(1099) Pause Young (Allocation Failure) 35M->19M(61M) 0.716ms
[14.318s][info ][gc,cpu         ] GC(1099) User=0.00s Sys=0.00s Real=0.00s
[14.319s][info ][gc,start       ] GC(1100) Pause Young (Allocation Failure)
[14.320s][debug][gc,age         ] GC(1100) Desired survivor size 1114112 bytes, new threshold 1 (max threshold 15)
[14.320s][info ][gc,heap        ] GC(1100) DefNew: 19398K->1564K(19648K)
[14.320s][info ][gc,heap        ] GC(1100) Tenured: 18383K->18775K(43712K)
[14.320s][info ][gc,metaspace   ] GC(1100) Metaspace: 16398K->16398K(1064960K)
[14.320s][info ][gc             ] GC(1100) Pause Young (Allocation Failure) 36M->19M(61M) 0.853ms
[14.320s][info ][gc,cpu         ] GC(1100) User=0.00s Sys=0.00s Real=0.00s
[14.322s][info ][gc,start       ] GC(1101) Pause Young (Allocation Failure)
[14.322s][debug][gc,age         ] GC(1101) Desired survivor size 1114112 bytes, new threshold 1 (max threshold 15)
[14.322s][info ][gc,heap        ] GC(1101) DefNew: 18686K->1955K(19648K)
[14.322s][info ][gc,heap        ] GC(1101) Tenured: 18775K->19556K(43712K)
[14.322s][info ][gc,metaspace   ] GC(1101) Metaspace: 16398K->16398K(1064960K)
[14.322s][info ][gc             ] GC(1101) Pause Young (Allocation Failure) 36M->21M(61M) 0.755ms
[14.322s][info ][gc,cpu         ] GC(1101) User=0.00s Sys=0.00s Real=0.00s
[14.324s][info ][gc,start       ] GC(1102) Pause Young (Allocation Failure)
[14.324s][debug][gc,age         ] GC(1102) Desired survivor size 1114112 bytes, new threshold 1 (max threshold 15)
[14.324s][info ][gc,heap        ] GC(1102) DefNew: 19134K->1955K(19648K)
[14.324s][info ][gc,heap        ] GC(1102) Tenured: 19556K->20338K(43712K)
[14.324s][info ][gc,metaspace   ] GC(1102) Metaspace: 16398K->16398K(1064960K)
[14.324s][info ][gc             ] GC(1102) Pause Young (Allocation Failure) 37M->21M(61M) 0.598ms
[14.324s][info ][gc,cpu         ] GC(1102) User=0.00s Sys=0.00s Real=0.00s
[14.326s][info ][gc,start       ] GC(1103) Pause Young (Allocation Failure)
[14.326s][debug][gc,age         ] GC(1103) Desired survivor size 1114112 bytes, new threshold 1 (max threshold 15)
[14.326s][info ][gc,heap        ] GC(1103) DefNew: 19121K->1955K(19648K)
[14.326s][info ][gc,heap        ] GC(1103) Tenured: 20338K->21119K(43712K)
[14.326s][info ][gc,metaspace   ] GC(1103) Metaspace: 16398K->16398K(1064960K)
[14.326s][info ][gc             ] GC(1103) Pause Young (Allocation Failure) 38M->22M(61M) 0.613ms
[14.326s][info ][gc,cpu         ] GC(1103) User=0.01s Sys=0.00s Real=0.00s
[14.328s][info ][gc,start       ] GC(1104) Pause Young (Allocation Failure)
[14.328s][debug][gc,age         ] GC(1104) Desired survivor size 1114112 bytes, new threshold 1 (max threshold 15)
[14.328s][info ][gc,heap        ] GC(1104) DefNew: 19112K->1955K(19648K)
[14.328s][info ][gc,heap        ] GC(1104) Tenured: 21119K->21900K(43712K)
[14.328s][info ][gc,metaspace   ] GC(1104) Metaspace: 16398K->16398K(1064960K)
[14.328s][info ][gc             ] GC(1104) Pause Young (Allocation Failure) 39M->23M(61M) 0.840ms
[14.328s][info ][gc,cpu         ] GC(1104) User=0.00s Sys=0.01s Real=0.00s
[14.330s][info ][gc,start       ] GC(1105) Pause Young (Allocation Failure)
[14.330s][debug][gc,age         ] GC(1105) Desired survivor size 1114112 bytes, new threshold 1 (max threshold 15)
[14.330s][info ][gc,heap        ] GC(1105) DefNew: 19106K->1955K(19648K)
[14.330s][info ][gc,heap        ] GC(1105) Tenured: 21900K->21900K(43712K)
[14.330s][info ][gc,metaspace   ] GC(1105) Metaspace: 16398K->16398K(1064960K)
[14.330s][info ][gc             ] GC(1105) Pause Young (Allocation Failure) 40M->23M(61M) 0.540ms
[14.330s][info ][gc,cpu         ] GC(1105) User=0.00s Sys=0.00s Real=0.00s
[14.332s][info ][gc,start       ] GC(1106) Pause Young (Allocation Failure)
[14.332s][debug][gc,age         ] GC(1106) Desired survivor size 1114112 bytes, new threshold 1 (max threshold 15)
[14.332s][info ][gc,heap        ] GC(1106) DefNew: 19102K->1955K(19648K)
[14.332s][info ][gc,heap        ] GC(1106) Tenured: 21900K->22291K(43712K)
[14.332s][info ][gc,metaspace   ] GC(1106) Metaspace: 16398K->16398K(1064960K)
[14.332s][info ][gc             ] GC(1106) Pause Young (Allocation Failure) 40M->23M(61M) 0.677ms
[14.332s][info ][gc,cpu         ] GC(1106) User=0.00s Sys=0.00s Real=0.00s
[14.334s][info ][gc,start       ] GC(1107) Pause Young (Allocation Failure)
[14.334s][debug][gc,age         ] GC(1107) Desired survivor size 1114112 bytes, new threshold 1 (max threshold 15)
[14.334s][info ][gc,heap        ] GC(1107) DefNew: 19100K->1955K(19648K)
[14.334s][info ][gc,heap        ] GC(1107) Tenured: 22291K->22291K(43712K)
[14.334s][info ][gc,metaspace   ] GC(1107) Metaspace: 16398K->16398K(1064960K)
[14.334s][info ][gc             ] GC(1107) Pause Young (Allocation Failure) 40M->23M(61M) 0.574ms
[14.334s][info ][gc,cpu         ] GC(1107) User=0.00s Sys=0.00s Real=0.00s
[14.336s][info ][gc,start       ] GC(1108) Pause Young (Allocation Failure)
[14.336s][debug][gc,age         ] GC(1108) Desired survivor size 1114112 bytes, new threshold 1 (max threshold 15)
[14.336s][info ][gc,heap        ] GC(1108) DefNew: 19098K->1955K(19648K)
[14.336s][info ][gc,heap        ] GC(1108) Tenured: 22291K->23072K(43712K)
[14.336s][info ][gc,metaspace   ] GC(1108) Metaspace: 16398K->16398K(1064960K)
[14.336s][info ][gc             ] GC(1108) Pause Young (Allocation Failure) 40M->24M(61M) 0.651ms
[14.336s][info ][gc,cpu         ] GC(1108) User=0.00s Sys=0.00s Real=0.00s
[14.338s][info ][gc,start       ] GC(1109) Pause Young (Allocation Failure)
[14.338s][debug][gc,age         ] GC(1109) Desired survivor size 1114112 bytes, new threshold 1 (max threshold 15)
[14.338s][info ][gc,heap        ] GC(1109) DefNew: 19097K->1174K(19648K)
[14.338s][info ][gc,heap        ] GC(1109) Tenured: 23072K->23072K(43712K)
[14.338s][info ][gc,metaspace   ] GC(1109) Metaspace: 16398K->16398K(1064960K)
[14.338s][info ][gc             ] GC(1109) Pause Young (Allocation Failure) 41M->23M(61M) 0.453ms
[14.338s][info ][gc,cpu         ] GC(1109) User=0.00s Sys=0.00s Real=0.00s
[14.339s][info ][gc,start       ] GC(1110) Pause Young (Allocation Failure)
[14.340s][debug][gc,age         ] GC(1110) Desired survivor size 1114112 bytes, new threshold 1 (max threshold 15)
[14.340s][info ][gc,heap        ] GC(1110) DefNew: 18315K->1955K(19648K)
[14.340s][info ][gc,heap        ] GC(1110) Tenured: 23072K->23853K(43712K)
[14.340s][info ][gc,metaspace   ] GC(1110) Metaspace: 16398K->16398K(1064960K)
[14.340s][info ][gc             ] GC(1110) Pause Young (Allocation Failure) 40M->25M(61M) 0.596ms
[14.340s][info ][gc,cpu         ] GC(1110) User=0.00s Sys=0.00s Real=0.00s
[14.341s][info ][gc,start       ] GC(1111) Pause Young (Allocation Failure)
[14.342s][debug][gc,age         ] GC(1111) Desired survivor size 1114112 bytes, new threshold 1 (max threshold 15)
[14.342s][info ][gc,heap        ] GC(1111) DefNew: 19096K->1955K(19648K)
[14.342s][info ][gc,heap        ] GC(1111) Tenured: 23853K->24635K(43712K)
[14.342s][info ][gc,metaspace   ] GC(1111) Metaspace: 16398K->16398K(1064960K)
[14.342s][info ][gc             ] GC(1111) Pause Young (Allocation Failure) 41M->25M(61M) 0.833ms
[14.342s][info ][gc,cpu         ] GC(1111) User=0.00s Sys=0.00s Real=0.00s
[14.343s][info ][gc,start       ] GC(1112) Pause Young (Allocation Failure)
[14.344s][debug][gc,age         ] GC(1112) Desired survivor size 1114112 bytes, new threshold 1 (max threshold 15)
[14.344s][info ][gc,heap        ] GC(1112) DefNew: 19096K->1955K(19648K)
[14.344s][info ][gc,heap        ] GC(1112) Tenured: 24635K->25416K(43712K)
[14.344s][info ][gc,metaspace   ] GC(1112) Metaspace: 16398K->16398K(1064960K)
[14.344s][info ][gc             ] GC(1112) Pause Young (Allocation Failure) 42M->26M(61M) 0.690ms
[14.344s][info ][gc,cpu         ] GC(1112) User=0.00s Sys=0.00s Real=0.00s
[14.346s][info ][gc,start       ] GC(1113) Pause Young (Allocation Failure)
[14.347s][debug][gc,age         ] GC(1113) Desired survivor size 1114112 bytes, new threshold 1 (max threshold 15)
[14.347s][info ][gc,heap        ] GC(1113) DefNew: 19055K->1173K(19648K)
[14.347s][info ][gc,heap        ] GC(1113) Tenured: 25416K->25807K(43712K)
[14.347s][info ][gc,metaspace   ] GC(1113) Metaspace: 16398K->16398K(1064960K)
[14.347s][info ][gc             ] GC(1113) Pause Young (Allocation Failure) 43M->26M(61M) 0.642ms
[14.347s][info ][gc,cpu         ] GC(1113) User=0.00s Sys=0.00s Real=0.00s
[14.348s][info ][gc,start       ] GC(1114) Pause Young (Allocation Failure)
[14.348s][debug][gc,age         ] GC(1114) Desired survivor size 1114112 bytes, new threshold 1 (max threshold 15)
[14.348s][info ][gc,heap        ] GC(1114) DefNew: 18329K->1955K(19648K)
[14.348s][info ][gc,heap        ] GC(1114) Tenured: 25807K->26197K(43712K)
[14.348s][info ][gc,metaspace   ] GC(1114) Metaspace: 16398K->16398K(1064960K)
[14.348s][info ][gc             ] GC(1114) Pause Young (Allocation Failure) 43M->27M(61M) 0.578ms
[14.348s][info ][gc,cpu         ] GC(1114) User=0.00s Sys=0.00s Real=0.00s
[14.350s][info ][gc,start       ] GC(1115) Pause Young (Allocation Failure)
[14.350s][debug][gc,age         ] GC(1115) Desired survivor size 1114112 bytes, new threshold 1 (max threshold 15)
[14.350s][info ][gc,heap        ] GC(1115) DefNew: 19105K->1955K(19648K)
[14.350s][info ][gc,heap        ] GC(1115) Tenured: 26197K->27369K(43712K)
[14.350s][info ][gc,metaspace   ] GC(1115) Metaspace: 16398K->16398K(1064960K)
[14.350s][info ][gc             ] GC(1115) Pause Young (Allocation Failure) 44M->28M(61M) 0.725ms
[14.350s][info ][gc,cpu         ] GC(1115) User=0.00s Sys=0.00s Real=0.00s
[14.352s][info ][gc,start       ] GC(1116) Pause Young (Allocation Failure)
[14.353s][debug][gc,age         ] GC(1116) Desired survivor size 1114112 bytes, new threshold 1 (max threshold 15)
[14.353s][info ][gc,heap        ] GC(1116) DefNew: 19427K->1954K(19648K)
[14.353s][info ][gc,heap        ] GC(1116) Tenured: 27369K->28151K(43712K)
[14.353s][info ][gc,metaspace   ] GC(1116) Metaspace: 16398K->16398K(1064960K)
[14.353s][info ][gc             ] GC(1116) Pause Young (Allocation Failure) 45M->29M(61M) 0.675ms
[14.353s][info ][gc,cpu         ] GC(1116) User=0.00s Sys=0.00s Real=0.00s
[14.354s][info ][gc,start       ] GC(1117) Pause Young (Allocation Failure)
[14.355s][debug][gc,age         ] GC(1117) Desired survivor size 1114112 bytes, new threshold 1 (max threshold 15)
[14.355s][info ][gc,heap        ] GC(1117) DefNew: 19114K->1955K(19648K)
[14.355s][info ][gc,heap        ] GC(1117) Tenured: 28151K->28933K(43712K)
[14.355s][info ][gc,metaspace   ] GC(1117) Metaspace: 16398K->16398K(1064960K)
[14.355s][info ][gc             ] GC(1117) Pause Young (Allocation Failure) 46M->30M(61M) 0.787ms
[14.355s][info ][gc,cpu         ] GC(1117) User=0.00s Sys=0.00s Real=0.00s
[14.356s][info ][gc,start       ] GC(1118) Pause Young (Allocation Failure)
[14.357s][debug][gc,age         ] GC(1118) Desired survivor size 1114112 bytes, new threshold 1 (max threshold 15)
[14.357s][info ][gc,heap        ] GC(1118) DefNew: 19066K->1955K(19648K)
[14.357s][info ][gc,heap        ] GC(1118) Tenured: 28933K->29714K(43712K)
[14.357s][info ][gc,metaspace   ] GC(1118) Metaspace: 16398K->16398K(1064960K)
[14.357s][info ][gc             ] GC(1118) Pause Young (Allocation Failure) 46M->30M(61M) 0.613ms
[14.357s][info ][gc,cpu         ] GC(1118) User=0.00s Sys=0.00s Real=0.00s
[14.358s][info ][gc,start       ] GC(1119) Pause Young (Allocation Failure)
[14.359s][debug][gc,age         ] GC(1119) Desired survivor size 1114112 bytes, new threshold 1 (max threshold 15)
[14.359s][info ][gc,heap        ] GC(1119) DefNew: 19118K->1955K(19648K)
[14.359s][info ][gc,heap        ] GC(1119) Tenured: 29714K->30105K(43712K)
[14.359s][info ][gc,metaspace   ] GC(1119) Metaspace: 16398K->16398K(1064960K)
[14.359s][info ][gc             ] GC(1119) Pause Young (Allocation Failure) 47M->31M(61M) 0.586ms
[14.359s][info ][gc,cpu         ] GC(1119) User=0.01s Sys=0.00s Real=0.00s
[14.360s][info ][gc,start       ] GC(1120) Pause Young (Allocation Failure)
[14.361s][debug][gc,age         ] GC(1120) Desired survivor size 1114112 bytes, new threshold 1 (max threshold 15)
[14.361s][info ][gc,heap        ] GC(1120) DefNew: 19110K->1955K(19648K)
[14.361s][info ][gc,heap        ] GC(1120) Tenured: 30105K->30886K(43712K)
[14.361s][info ][gc,metaspace   ] GC(1120) Metaspace: 16398K->16398K(1064960K)
[14.361s][info ][gc             ] GC(1120) Pause Young (Allocation Failure) 48M->32M(61M) 0.753ms
[14.361s][info ][gc,cpu         ] GC(1120) User=0.00s Sys=0.00s Real=0.00s
[14.362s][info ][gc,start       ] GC(1121) Pause Young (Allocation Failure)
[14.363s][debug][gc,age         ] GC(1121) Desired survivor size 1114112 bytes, new threshold 1 (max threshold 15)
[14.363s][info ][gc,heap        ] GC(1121) DefNew: 19054K->1955K(19648K)
[14.363s][info ][gc,heap        ] GC(1121) Tenured: 30886K->31277K(43712K)
[14.363s][info ][gc,metaspace   ] GC(1121) Metaspace: 16398K->16398K(1064960K)
[14.363s][info ][gc             ] GC(1121) Pause Young (Allocation Failure) 48M->32M(61M) 0.660ms
[14.363s][info ][gc,cpu         ] GC(1121) User=0.00s Sys=0.00s Real=0.00s
[14.365s][info ][gc,start       ] GC(1122) Pause Young (Allocation Failure)
[14.365s][debug][gc,age         ] GC(1122) Desired survivor size 1114112 bytes, new threshold 1 (max threshold 15)
[14.365s][info ][gc,heap        ] GC(1122) DefNew: 19120K->1955K(19648K)
[14.365s][info ][gc,heap        ] GC(1122) Tenured: 31277K->31668K(43712K)
[14.365s][info ][gc,metaspace   ] GC(1122) Metaspace: 16398K->16398K(1064960K)
[14.365s][info ][gc             ] GC(1122) Pause Young (Allocation Failure) 49M->32M(61M) 0.655ms
[14.365s][info ][gc,cpu         ] GC(1122) User=0.00s Sys=0.00s Real=0.00s
[14.366s][info ][gc,start       ] GC(1123) Pause Young (Allocation Failure)
[14.367s][debug][gc,age         ] GC(1123) Desired survivor size 1114112 bytes, new threshold 1 (max threshold 15)
[14.367s][info ][gc,heap        ] GC(1123) DefNew: 19111K->1955K(19648K)
[14.367s][info ][gc,heap        ] GC(1123) Tenured: 31668K->32059K(43712K)
[14.367s][info ][gc,metaspace   ] GC(1123) Metaspace: 16398K->16398K(1064960K)
[14.367s][info ][gc             ] GC(1123) Pause Young (Allocation Failure) 49M->33M(61M) 0.629ms
[14.367s][info ][gc,cpu         ] GC(1123) User=0.00s Sys=0.00s Real=0.00s
[14.368s][info ][gc,start       ] GC(1124) Pause Young (Allocation Failure)
[14.369s][debug][gc,age         ] GC(1124) Desired survivor size 1114112 bytes, new threshold 1 (max threshold 15)
[14.369s][info ][gc,heap        ] GC(1124) DefNew: 19106K->1955K(19648K)
[14.369s][info ][gc,heap        ] GC(1124) Tenured: 32059K->32840K(43712K)
[14.369s][info ][gc,metaspace   ] GC(1124) Metaspace: 16398K->16398K(1064960K)
[14.369s][info ][gc             ] GC(1124) Pause Young (Allocation Failure) 49M->33M(61M) 0.678ms
[14.369s][info ][gc,cpu         ] GC(1124) User=0.00s Sys=0.00s Real=0.00s
[14.370s][info ][gc,start       ] GC(1125) Pause Young (Allocation Failure)
[14.371s][debug][gc,age         ] GC(1125) Desired survivor size 1114112 bytes, new threshold 1 (max threshold 15)
[14.371s][info ][gc,heap        ] GC(1125) DefNew: 19102K->1564K(19648K)
[14.371s][info ][gc,heap        ] GC(1125) Tenured: 32840K->32840K(43712K)
[14.371s][info ][gc,metaspace   ] GC(1125) Metaspace: 16398K->16398K(1064960K)
[14.371s][info ][gc             ] GC(1125) Pause Young (Allocation Failure) 50M->33M(61M) 0.481ms
[14.371s][info ][gc,cpu         ] GC(1125) User=0.00s Sys=0.00s Real=0.00s
[14.372s][info ][gc,start       ] GC(1126) Pause Young (Allocation Failure)
[14.373s][debug][gc,age         ] GC(1126) Desired survivor size 1114112 bytes, new threshold 1 (max threshold 15)
[14.373s][info ][gc,heap        ] GC(1126) DefNew: 18709K->1955K(19648K)
[14.373s][info ][gc,heap        ] GC(1126) Tenured: 32840K->34012K(43712K)
[14.373s][info ][gc,metaspace   ] GC(1126) Metaspace: 16398K->16398K(1064960K)
[14.373s][info ][gc             ] GC(1126) Pause Young (Allocation Failure) 50M->35M(61M) 0.627ms
[14.373s][info ][gc,cpu         ] GC(1126) User=0.00s Sys=0.00s Real=0.00s
[14.374s][info ][gc,start       ] GC(1127) Pause Young (Allocation Failure)
[14.375s][debug][gc,age         ] GC(1127) Desired survivor size 1114112 bytes, new threshold 1 (max threshold 15)
[14.375s][info ][gc,heap        ] GC(1127) DefNew: 19098K->1955K(19648K)
[14.375s][info ][gc,heap        ] GC(1127) Tenured: 34012K->34793K(43712K)
[14.375s][info ][gc,metaspace   ] GC(1127) Metaspace: 16398K->16398K(1064960K)
[14.375s][info ][gc             ] GC(1127) Pause Young (Allocation Failure) 51M->35M(61M) 0.597ms
[14.375s][info ][gc,cpu         ] GC(1127) User=0.00s Sys=0.00s Real=0.00s
[14.376s][info ][gc,start       ] GC(1128) Pause Young (Allocation Failure)
[14.377s][debug][gc,age         ] GC(1128) Desired survivor size 1114112 bytes, new threshold 1 (max threshold 15)
[14.377s][info ][gc,heap        ] GC(1128) DefNew: 19097K->1955K(19648K)
[14.377s][info ][gc,heap        ] GC(1128) Tenured: 34793K->35965K(43712K)
[14.377s][info ][gc,metaspace   ] GC(1128) Metaspace: 16398K->16398K(1064960K)
[14.377s][info ][gc             ] GC(1128) Pause Young (Allocation Failure) 52M->37M(61M) 0.642ms
[14.377s][info ][gc,cpu         ] GC(1128) User=0.00s Sys=0.00s Real=0.00s
[14.379s][info ][gc,start       ] GC(1129) Pause Young (Allocation Failure)
[14.379s][debug][gc,age         ] GC(1129) Desired survivor size 1114112 bytes, new threshold 1 (max threshold 15)
[14.380s][info ][gc,heap        ] GC(1129) DefNew: 19097K->1955K(19648K)
[14.380s][info ][gc,heap        ] GC(1129) Tenured: 35965K->36746K(43712K)
[14.380s][info ][gc,metaspace   ] GC(1129) Metaspace: 16398K->16398K(1064960K)
[14.380s][info ][gc             ] GC(1129) Pause Young (Allocation Failure) 53M->37M(61M) 1.093ms
[14.380s][info ][gc,cpu         ] GC(1129) User=0.00s Sys=0.00s Real=0.01s
[14.381s][info ][gc,start       ] GC(1130) Pause Young (Allocation Failure)
[14.381s][debug][gc,age         ] GC(1130) Desired survivor size 1114112 bytes, new threshold 1 (max threshold 15)
[14.381s][info ][gc,heap        ] GC(1130) DefNew: 19096K->1955K(19648K)
[14.381s][info ][gc,heap        ] GC(1130) Tenured: 36746K->36746K(43712K)
[14.381s][info ][gc,metaspace   ] GC(1130) Metaspace: 16398K->16398K(1064960K)
[14.381s][info ][gc             ] GC(1130) Pause Young (Allocation Failure) 54M->37M(61M) 0.524ms
[14.381s][info ][gc,cpu         ] GC(1130) User=0.00s Sys=0.00s Real=0.00s
[14.383s][info ][gc,start       ] GC(1131) Pause Young (Allocation Failure)
[14.383s][debug][gc,age         ] GC(1131) Desired survivor size 1114112 bytes, new threshold 15 (max threshold 15)
[14.383s][info ][gc,heap        ] GC(1131) DefNew: 19096K->783K(19648K)
[14.383s][info ][gc,heap        ] GC(1131) Tenured: 36746K->36747K(43712K)
[14.383s][info ][gc,metaspace   ] GC(1131) Metaspace: 16398K->16398K(1064960K)
[14.383s][info ][gc             ] GC(1131) Pause Young (Allocation Failure) 54M->36M(61M) 0.422ms
[14.383s][info ][gc,cpu         ] GC(1131) User=0.00s Sys=0.00s Real=0.00s
[14.384s][info ][gc,start       ] GC(1132) Pause Young (Allocation Failure)
[14.385s][debug][gc,age         ] GC(1132) Desired survivor size 1114112 bytes, new threshold 1 (max threshold 15)
[14.385s][info ][gc,heap        ] GC(1132) DefNew: 17924K->1955K(19648K)
[14.385s][info ][gc,heap        ] GC(1132) Tenured: 36747K->37528K(43712K)
[14.385s][info ][gc,metaspace   ] GC(1132) Metaspace: 16398K->16398K(1064960K)
[14.385s][info ][gc             ] GC(1132) Pause Young (Allocation Failure) 53M->38M(61M) 0.875ms
[14.385s][info ][gc,cpu         ] GC(1132) User=0.01s Sys=0.00s Real=0.00s
[14.387s][info ][gc,start       ] GC(1133) Pause Young (Allocation Failure)
[14.387s][debug][gc,age         ] GC(1133) Desired survivor size 1114112 bytes, new threshold 1 (max threshold 15)
[14.387s][info ][gc,heap        ] GC(1133) DefNew: 19096K->1955K(19648K)
[14.387s][info ][gc,heap        ] GC(1133) Tenured: 37528K->37528K(43712K)
[14.387s][info ][gc,metaspace   ] GC(1133) Metaspace: 16398K->16398K(1064960K)
[14.387s][info ][gc             ] GC(1133) Pause Young (Allocation Failure) 55M->38M(61M) 0.548ms
[14.387s][info ][gc,cpu         ] GC(1133) User=0.00s Sys=0.00s Real=0.00s
[14.389s][info ][gc,start       ] GC(1134) Pause Young (Allocation Failure)
[14.389s][debug][gc,age         ] GC(1134) Desired survivor size 1114112 bytes, new threshold 1 (max threshold 15)
[14.389s][info ][gc,heap        ] GC(1134) DefNew: 19096K->1955K(19648K)
[14.389s][info ][gc,heap        ] GC(1134) Tenured: 37528K->38309K(43712K)
[14.389s][info ][gc,metaspace   ] GC(1134) Metaspace: 16398K->16398K(1064960K)
[14.389s][info ][gc             ] GC(1134) Pause Young (Allocation Failure) 55M->39M(61M) 0.615ms
[14.389s][info ][gc,cpu         ] GC(1134) User=0.00s Sys=0.00s Real=0.00s
[14.391s][info ][gc,start       ] GC(1135) Pause Young (Allocation Failure)
[14.391s][debug][gc,age         ] GC(1135) Desired survivor size 1114112 bytes, new threshold 1 (max threshold 15)
[14.391s][info ][gc,heap        ] GC(1135) DefNew: 19096K->1955K(19648K)
[14.391s][info ][gc,heap        ] GC(1135) Tenured: 38309K->38700K(43712K)
[14.391s][info ][gc,metaspace   ] GC(1135) Metaspace: 16398K->16398K(1064960K)
[14.391s][info ][gc             ] GC(1135) Pause Young (Allocation Failure) 56M->39M(61M) 0.586ms
[14.391s][info ][gc,cpu         ] GC(1135) User=0.00s Sys=0.00s Real=0.00s
[14.393s][info ][gc,start       ] GC(1136) Pause Young (Allocation Failure)
[14.393s][debug][gc,age         ] GC(1136) Desired survivor size 1114112 bytes, new threshold 1 (max threshold 15)
[14.393s][info ][gc,heap        ] GC(1136) DefNew: 19096K->1955K(19648K)
[14.393s][info ][gc,heap        ] GC(1136) Tenured: 38700K->38700K(43712K)
[14.393s][info ][gc,metaspace   ] GC(1136) Metaspace: 16398K->16398K(1064960K)
[14.393s][info ][gc             ] GC(1136) Pause Young (Allocation Failure) 56M->39M(61M) 0.576ms
[14.393s][info ][gc,cpu         ] GC(1136) User=0.00s Sys=0.00s Real=0.00s
[14.395s][info ][gc,start       ] GC(1137) Pause Young (Allocation Failure)
[14.396s][debug][gc,age         ] GC(1137) Desired survivor size 1114112 bytes, new threshold 1 (max threshold 15)
[14.396s][info ][gc,heap        ] GC(1137) DefNew: 19427K->1954K(19648K)
[14.396s][info ][gc,heap        ] GC(1137) Tenured: 38700K->39481K(43712K)
[14.396s][info ][gc,metaspace   ] GC(1137) Metaspace: 16398K->16398K(1064960K)
[14.396s][info ][gc             ] GC(1137) Pause Young (Allocation Failure) 56M->40M(61M) 0.796ms
[14.396s][info ][gc,cpu         ] GC(1137) User=0.00s Sys=0.00s Real=0.00s
[14.398s][info ][gc,start       ] GC(1138) Pause Young (Allocation Failure)
[14.398s][debug][gc,age         ] GC(1138) Desired survivor size 1114112 bytes, new threshold 1 (max threshold 15)
[14.398s][info ][gc,heap        ] GC(1138) DefNew: 19401K->1173K(19648K)
[14.398s][info ][gc,heap        ] GC(1138) Tenured: 39481K->40263K(43712K)
[14.398s][info ][gc,metaspace   ] GC(1138) Metaspace: 16398K->16398K(1064960K)
[14.398s][info ][gc             ] GC(1138) Pause Young (Allocation Failure) 57M->40M(61M) 0.885ms
[14.398s][info ][gc,cpu         ] GC(1138) User=0.00s Sys=0.00s Real=0.00s
[14.400s][info ][gc,start       ] GC(1139) Pause Young (Allocation Failure)
[14.400s][debug][gc,age         ] GC(1139) Desired survivor size 1114112 bytes, new threshold 1 (max threshold 15)
[14.401s][info ][gc,heap        ] GC(1139) DefNew: 18316K->1955K(19648K)
[14.401s][info ][gc,heap        ] GC(1139) Tenured: 40263K->41045K(43712K)
[14.401s][info ][gc,metaspace   ] GC(1139) Metaspace: 16398K->16398K(1064960K)
[14.401s][info ][gc             ] GC(1139) Pause Young (Allocation Failure) 57M->41M(61M) 0.711ms
[14.401s][info ][gc,cpu         ] GC(1139) User=0.00s Sys=0.00s Real=0.00s
[14.402s][info ][gc,start       ] GC(1140) Pause Young (Allocation Failure)
[14.402s][debug][gc,age         ] GC(1140) Desired survivor size 1114112 bytes, new threshold 1 (max threshold 15)
[14.402s][info ][gc,heap        ] GC(1140) DefNew: 19140K->1955K(19648K)
[14.402s][info ][gc,heap        ] GC(1140) Tenured: 41045K->41827K(43712K)
[14.402s][info ][gc,metaspace   ] GC(1140) Metaspace: 16398K->16398K(1064960K)
[14.402s][info ][gc             ] GC(1140) Pause Young (Allocation Failure) 58M->42M(61M) 0.636ms
[14.403s][info ][gc,cpu         ] GC(1140) User=0.00s Sys=0.00s Real=0.00s
[14.404s][info ][gc,start       ] GC(1141) Pause Young (Allocation Failure)
[14.404s][debug][gc,age         ] GC(1141) Desired survivor size 1114112 bytes, new threshold 1 (max threshold 15)
[14.404s][info ][gc,heap        ] GC(1141) DefNew: 19124K->1955K(19648K)
[14.404s][info ][gc,heap        ] GC(1141) Tenured: 41827K->41827K(43712K)
[14.404s][info ][gc,metaspace   ] GC(1141) Metaspace: 16398K->16398K(1064960K)
[14.404s][info ][gc             ] GC(1141) Pause Young (Allocation Failure) 59M->42M(61M) 0.535ms
[14.404s][info ][gc,cpu         ] GC(1141) User=0.00s Sys=0.00s Real=0.00s
[14.406s][info ][gc,start       ] GC(1142) Pause Young (Allocation Failure)
[14.406s][debug][gc,age         ] GC(1142) Desired survivor size 1114112 bytes, new threshold 1 (max threshold 15)
[14.406s][info ][gc,heap        ] GC(1142) DefNew: 19114K->1955K(19648K)
[14.406s][info ][gc,heap        ] GC(1142) Tenured: 41827K->41827K(43712K)
[14.406s][info ][gc,metaspace   ] GC(1142) Metaspace: 16398K->16398K(1064960K)
[14.406s][info ][gc             ] GC(1142) Pause Young (Allocation Failure) 59M->42M(61M) 0.647ms
[14.406s][info ][gc,cpu         ] GC(1142) User=0.00s Sys=0.00s Real=0.00s
[14.408s][info ][gc,start       ] GC(1143) Pause Young (Allocation Failure)
[14.408s][debug][gc,age         ] GC(1143) Desired survivor size 1114112 bytes, new threshold 1 (max threshold 15)
[14.408s][info ][gc,heap        ] GC(1143) DefNew: 19107K->1955K(19648K)
[14.408s][info ][gc,heap        ] GC(1143) Tenured: 41827K->42608K(43712K)
[14.408s][info ][gc,metaspace   ] GC(1143) Metaspace: 16398K->16398K(1064960K)
[14.408s][info ][gc             ] GC(1143) Pause Young (Allocation Failure) 59M->43M(61M) 0.618ms
[14.408s][info ][gc,cpu         ] GC(1143) User=0.00s Sys=0.00s Real=0.00s
[14.410s][info ][gc,start       ] GC(1144) Pause Young (Allocation Failure)
[14.410s][info ][gc,start       ] GC(1145) Pause Full (Allocation Failure)
[14.410s][info ][gc,phases,start] GC(1145) Phase 1: Mark live objects
[14.413s][debug][gc,phases      ] GC(1145) Reference Processing 0.049ms
[14.413s][debug][gc,phases      ] GC(1145) Weak Processing 0.016ms
[14.413s][debug][gc,phases      ] GC(1145) ClassLoaderData 0.032ms
[14.413s][debug][gc,phases      ] GC(1145) ProtectionDomainCacheTable 0.002ms
[14.413s][debug][gc,phases      ] GC(1145) ResolvedMethodTable 0.015ms
[14.414s][debug][gc,phases      ] GC(1145) Class Unloading 0.835ms
[14.414s][debug][gc,phases      ] GC(1145) Scrub String Table 0.059ms
[14.415s][debug][gc,phases      ] GC(1145) Scrub Symbol Table 0.997ms
[14.415s][info ][gc,phases      ] GC(1145) Phase 1: Mark live objects 5.232ms
[14.415s][info ][gc,phases,start] GC(1145) Phase 2: Compute new object addresses
[14.416s][info ][gc,phases      ] GC(1145) Phase 2: Compute new object addresses 0.924ms
[14.416s][info ][gc,phases,start] GC(1145) Phase 3: Adjust pointers
[14.420s][info ][gc,phases      ] GC(1145) Phase 3: Adjust pointers 4.030ms
[14.420s][info ][gc,phases,start] GC(1145) Phase 4: Move objects
[14.421s][info ][gc,phases      ] GC(1145) Phase 4: Move objects 0.349ms
[14.421s][info ][gc             ] GC(1145) Pause Full (Allocation Failure) 60M->5M(61M) 10.874ms
[14.421s][info ][gc,heap        ] GC(1144) DefNew: 19103K->0K(19648K)
[14.421s][info ][gc,heap        ] GC(1144) Tenured: 42608K->5490K(43712K)
[14.421s][info ][gc,metaspace   ] GC(1144) Metaspace: 16398K->16398K(1064960K)
[14.421s][info ][gc             ] GC(1144) Pause Young (Allocation Failure) 60M->5M(61M) 11.005ms
[14.421s][info ][gc,cpu         ] GC(1144) User=0.02s Sys=0.00s Real=0.01s
[14.422s][info ][gc,start       ] GC(1146) Pause Young (Allocation Failure)
[14.423s][debug][gc,age         ] GC(1146) Desired survivor size 1114112 bytes, new threshold 1 (max threshold 15)
[14.423s][info ][gc,heap        ] GC(1146) DefNew: 17145K->1956K(19648K)
[14.423s][info ][gc,heap        ] GC(1146) Tenured: 5490K->5880K(43712K)
[14.423s][info ][gc,metaspace   ] GC(1146) Metaspace: 16398K->16398K(1064960K)
[14.423s][info ][gc             ] GC(1146) Pause Young (Allocation Failure) 22M->7M(61M) 0.552ms
[14.423s][info ][gc,cpu         ] GC(1146) User=0.00s Sys=0.00s Real=0.00s
[14.424s][info ][gc,start       ] GC(1147) Pause Young (Allocation Failure)
[14.425s][debug][gc,age         ] GC(1147) Desired survivor size 1114112 bytes, new threshold 1 (max threshold 15)
[14.425s][info ][gc,heap        ] GC(1147) DefNew: 19099K->1955K(19648K)
[14.425s][info ][gc,heap        ] GC(1147) Tenured: 5880K->7053K(43712K)
[14.425s][info ][gc,metaspace   ] GC(1147) Metaspace: 16398K->16398K(1064960K)
[14.425s][info ][gc             ] GC(1147) Pause Young (Allocation Failure) 24M->8M(61M) 0.662ms
[14.425s][info ][gc,cpu         ] GC(1147) User=0.00s Sys=0.00s Real=0.00s
[14.426s][info ][gc,start       ] GC(1148) Pause Young (Allocation Failure)
[14.427s][debug][gc,age         ] GC(1148) Desired survivor size 1114112 bytes, new threshold 1 (max threshold 15)
[14.427s][info ][gc,heap        ] GC(1148) DefNew: 19098K->1955K(19648K)
[14.427s][info ][gc,heap        ] GC(1148) Tenured: 7053K->7443K(43712K)
[14.427s][info ][gc,metaspace   ] GC(1148) Metaspace: 16398K->16398K(1064960K)
[14.427s][info ][gc             ] GC(1148) Pause Young (Allocation Failure) 25M->9M(61M) 0.554ms
[14.427s][info ][gc,cpu         ] GC(1148) User=0.00s Sys=0.00s Real=0.00s
[14.428s][info ][gc,start       ] GC(1149) Pause Young (Allocation Failure)
[14.429s][debug][gc,age         ] GC(1149) Desired survivor size 1114112 bytes, new threshold 1 (max threshold 15)
[14.429s][info ][gc,heap        ] GC(1149) DefNew: 19097K->1955K(19648K)
[14.429s][info ][gc,heap        ] GC(1149) Tenured: 7443K->7834K(43712K)
[14.429s][info ][gc,metaspace   ] GC(1149) Metaspace: 16398K->16398K(1064960K)
[14.429s][info ][gc             ] GC(1149) Pause Young (Allocation Failure) 25M->9M(61M) 0.687ms
[14.429s][info ][gc,cpu         ] GC(1149) User=0.00s Sys=0.00s Real=0.00s
[14.430s][info ][gc,start       ] GC(1150) Pause Young (Allocation Failure)
[14.431s][debug][gc,age         ] GC(1150) Desired survivor size 1114112 bytes, new threshold 1 (max threshold 15)
[14.431s][info ][gc,heap        ] GC(1150) DefNew: 19096K->1955K(19648K)
[14.431s][info ][gc,heap        ] GC(1150) Tenured: 7834K->8616K(43712K)
[14.431s][info ][gc,metaspace   ] GC(1150) Metaspace: 16398K->16398K(1064960K)
[14.431s][info ][gc             ] GC(1150) Pause Young (Allocation Failure) 26M->10M(61M) 0.609ms
[14.431s][info ][gc,cpu         ] GC(1150) User=0.00s Sys=0.00s Real=0.00s
[14.432s][info ][gc,start       ] GC(1151) Pause Young (Allocation Failure)
[14.433s][debug][gc,age         ] GC(1151) Desired survivor size 1114112 bytes, new threshold 1 (max threshold 15)
[14.433s][info ][gc,heap        ] GC(1151) DefNew: 19096K->1955K(19648K)
[14.433s][info ][gc,heap        ] GC(1151) Tenured: 8616K->9006K(43712K)
[14.433s][info ][gc,metaspace   ] GC(1151) Metaspace: 16398K->16398K(1064960K)
[14.433s][info ][gc             ] GC(1151) Pause Young (Allocation Failure) 27M->10M(61M) 0.729ms
[14.433s][info ][gc,cpu         ] GC(1151) User=0.00s Sys=0.00s Real=0.00s
[14.434s][info ][gc,start       ] GC(1152) Pause Young (Allocation Failure)
[14.435s][debug][gc,age         ] GC(1152) Desired survivor size 1114112 bytes, new threshold 1 (max threshold 15)
[14.435s][info ][gc,heap        ] GC(1152) DefNew: 19096K->1955K(19648K)
[14.435s][info ][gc,heap        ] GC(1152) Tenured: 9006K->9397K(43712K)
[14.435s][info ][gc,metaspace   ] GC(1152) Metaspace: 16398K->16398K(1064960K)
[14.435s][info ][gc             ] GC(1152) Pause Young (Allocation Failure) 27M->11M(61M) 0.557ms
[14.435s][info ][gc,cpu         ] GC(1152) User=0.00s Sys=0.00s Real=0.00s
[14.436s][info ][gc,start       ] GC(1153) Pause Young (Allocation Failure)
[14.437s][debug][gc,age         ] GC(1153) Desired survivor size 1114112 bytes, new threshold 1 (max threshold 15)
[14.437s][info ][gc,heap        ] GC(1153) DefNew: 19096K->1564K(19648K)
[14.437s][info ][gc,heap        ] GC(1153) Tenured: 9397K->9397K(43712K)
[14.437s][info ][gc,metaspace   ] GC(1153) Metaspace: 16398K->16398K(1064960K)
[14.437s][info ][gc             ] GC(1153) Pause Young (Allocation Failure) 27M->10M(61M) 0.571ms
[14.437s][info ][gc,cpu         ] GC(1153) User=0.01s Sys=0.00s Real=0.00s
[14.438s][info ][gc,start       ] GC(1154) Pause Young (Allocation Failure)
[14.439s][debug][gc,age         ] GC(1154) Desired survivor size 1114112 bytes, new threshold 1 (max threshold 15)
[14.439s][info ][gc,heap        ] GC(1154) DefNew: 18705K->1955K(19648K)
[14.439s][info ][gc,heap        ] GC(1154) Tenured: 9397K->10569K(43712K)
[14.439s][info ][gc,metaspace   ] GC(1154) Metaspace: 16398K->16398K(1064960K)
[14.439s][info ][gc             ] GC(1154) Pause Young (Allocation Failure) 27M->12M(61M) 0.763ms
[14.439s][info ][gc,cpu         ] GC(1154) User=0.00s Sys=0.00s Real=0.00s
[14.440s][info ][gc,start       ] GC(1155) Pause Young (Allocation Failure)
[14.440s][debug][gc,age         ] GC(1155) Desired survivor size 1114112 bytes, new threshold 1 (max threshold 15)
[14.440s][info ][gc,heap        ] GC(1155) DefNew: 19096K->1174K(19648K)
[14.440s][info ][gc,heap        ] GC(1155) Tenured: 10569K->10569K(43712K)
[14.440s][info ][gc,metaspace   ] GC(1155) Metaspace: 16398K->16398K(1064960K)
[14.440s][info ][gc             ] GC(1155) Pause Young (Allocation Failure) 28M->11M(61M) 0.435ms
[14.440s][info ][gc,cpu         ] GC(1155) User=0.00s Sys=0.00s Real=0.00s
[14.442s][info ][gc,start       ] GC(1156) Pause Young (Allocation Failure)
[14.442s][debug][gc,age         ] GC(1156) Desired survivor size 1114112 bytes, new threshold 1 (max threshold 15)
[14.442s][info ][gc,heap        ] GC(1156) DefNew: 18314K->1955K(19648K)
[14.442s][info ][gc,heap        ] GC(1156) Tenured: 10569K->11350K(43712K)
[14.442s][info ][gc,metaspace   ] GC(1156) Metaspace: 16398K->16398K(1064960K)
[14.442s][info ][gc             ] GC(1156) Pause Young (Allocation Failure) 28M->12M(61M) 0.672ms
[14.442s][info ][gc,cpu         ] GC(1156) User=0.00s Sys=0.00s Real=0.00s
[14.444s][info ][gc,start       ] GC(1157) Pause Young (Allocation Failure)
[14.444s][debug][gc,age         ] GC(1157) Desired survivor size 1114112 bytes, new threshold 1 (max threshold 15)
[14.444s][info ][gc,heap        ] GC(1157) DefNew: 19096K->1955K(19648K)
[14.444s][info ][gc,heap        ] GC(1157) Tenured: 11350K->11350K(43712K)
[14.444s][info ][gc,metaspace   ] GC(1157) Metaspace: 16398K->16398K(1064960K)
[14.444s][info ][gc             ] GC(1157) Pause Young (Allocation Failure) 29M->12M(61M) 0.842ms
[14.444s][info ][gc,cpu         ] GC(1157) User=0.00s Sys=0.01s Real=0.00s
[14.446s][info ][gc,start       ] GC(1158) Pause Young (Allocation Failure)
[14.446s][debug][gc,age         ] GC(1158) Desired survivor size 1114112 bytes, new threshold 1 (max threshold 15)
[14.447s][info ][gc,heap        ] GC(1158) DefNew: 19427K->1564K(19648K)
[14.447s][info ][gc,heap        ] GC(1158) Tenured: 11350K->11741K(43712K)
[14.447s][info ][gc,metaspace   ] GC(1158) Metaspace: 16398K->16398K(1064960K)
[14.447s][info ][gc             ] GC(1158) Pause Young (Allocation Failure) 30M->12M(61M) 0.517ms
[14.447s][info ][gc,cpu         ] GC(1158) User=0.00s Sys=0.00s Real=0.00s
[14.448s][info ][gc,start       ] GC(1159) Pause Young (Allocation Failure)
[14.448s][debug][gc,age         ] GC(1159) Desired survivor size 1114112 bytes, new threshold 1 (max threshold 15)
[14.448s][info ][gc,heap        ] GC(1159) DefNew: 18720K->1955K(19648K)
[14.448s][info ][gc,heap        ] GC(1159) Tenured: 11741K->11741K(43712K)
[14.448s][info ][gc,metaspace   ] GC(1159) Metaspace: 16398K->16398K(1064960K)
[14.448s][info ][gc             ] GC(1159) Pause Young (Allocation Failure) 29M->13M(61M) 0.637ms
[14.448s][info ][gc,cpu         ] GC(1159) User=0.00s Sys=0.00s Real=0.00s
[14.450s][info ][gc,start       ] GC(1160) Pause Young (Allocation Failure)
[14.450s][debug][gc,age         ] GC(1160) Desired survivor size 1114112 bytes, new threshold 1 (max threshold 15)
[14.450s][info ][gc,heap        ] GC(1160) DefNew: 19106K->1955K(19648K)
[14.450s][info ][gc,heap        ] GC(1160) Tenured: 11741K->12132K(43712K)
[14.450s][info ][gc,metaspace   ] GC(1160) Metaspace: 16398K->16398K(1064960K)
[14.451s][info ][gc             ] GC(1160) Pause Young (Allocation Failure) 30M->13M(61M) 0.683ms
[14.451s][info ][gc,cpu         ] GC(1160) User=0.00s Sys=0.00s Real=0.00s
[14.452s][info ][gc,start       ] GC(1161) Pause Young (Allocation Failure)
[14.453s][debug][gc,age         ] GC(1161) Desired survivor size 1114112 bytes, new threshold 1 (max threshold 15)
[14.453s][info ][gc,heap        ] GC(1161) DefNew: 19102K->1955K(19648K)
[14.453s][info ][gc,heap        ] GC(1161) Tenured: 12132K->12523K(43712K)
[14.453s][info ][gc,metaspace   ] GC(1161) Metaspace: 16398K->16398K(1064960K)
[14.453s][info ][gc             ] GC(1161) Pause Young (Allocation Failure) 30M->14M(61M) 0.704ms
[14.453s][info ][gc,cpu         ] GC(1161) User=0.00s Sys=0.00s Real=0.00s
[14.454s][info ][gc,start       ] GC(1162) Pause Young (Allocation Failure)
[14.454s][debug][gc,age         ] GC(1162) Desired survivor size 1114112 bytes, new threshold 1 (max threshold 15)
[14.454s][info ][gc,heap        ] GC(1162) DefNew: 19100K->1955K(19648K)
[14.454s][info ][gc,heap        ] GC(1162) Tenured: 12523K->12523K(43712K)
[14.454s][info ][gc,metaspace   ] GC(1162) Metaspace: 16398K->16398K(1064960K)
[14.454s][info ][gc             ] GC(1162) Pause Young (Allocation Failure) 30M->14M(61M) 0.547ms
[14.455s][info ][gc,cpu         ] GC(1162) User=0.00s Sys=0.00s Real=0.00s
[14.456s][info ][gc,start       ] GC(1163) Pause Young (Allocation Failure)
[14.457s][debug][gc,age         ] GC(1163) Desired survivor size 1114112 bytes, new threshold 1 (max threshold 15)
[14.457s][info ][gc,heap        ] GC(1163) DefNew: 19404K->1564K(19648K)
[14.457s][info ][gc,heap        ] GC(1163) Tenured: 12523K->12914K(43712K)
[14.457s][info ][gc,metaspace   ] GC(1163) Metaspace: 16398K->16398K(1064960K)
[14.457s][info ][gc             ] GC(1163) Pause Young (Allocation Failure) 31M->14M(61M) 0.758ms
[14.457s][info ][gc,cpu         ] GC(1163) User=0.00s Sys=0.00s Real=0.00s
[14.458s][info ][gc,start       ] GC(1164) Pause Young (Allocation Failure)
[14.458s][debug][gc,age         ] GC(1164) Desired survivor size 1114112 bytes, new threshold 1 (max threshold 15)
[14.459s][info ][gc,heap        ] GC(1164) DefNew: 19035K->1564K(19648K)
[14.459s][info ][gc,heap        ] GC(1164) Tenured: 12914K->13305K(43712K)
[14.459s][info ][gc,metaspace   ] GC(1164) Metaspace: 16398K->16398K(1064960K)
[14.459s][info ][gc             ] GC(1164) Pause Young (Allocation Failure) 31M->14M(61M) 0.570ms
[14.459s][info ][gc,cpu         ] GC(1164) User=0.00s Sys=0.00s Real=0.00s
[14.460s][info ][gc,start       ] GC(1165) Pause Young (Allocation Failure)
[14.461s][debug][gc,age         ] GC(1165) Desired survivor size 1114112 bytes, new threshold 1 (max threshold 15)
[14.461s][info ][gc,heap        ] GC(1165) DefNew: 19036K->1954K(19648K)
[14.461s][info ][gc,heap        ] GC(1165) Tenured: 13305K->13305K(43712K)
[14.461s][info ][gc,metaspace   ] GC(1165) Metaspace: 16398K->16398K(1064960K)
[14.461s][info ][gc             ] GC(1165) Pause Young (Allocation Failure) 31M->14M(61M) 0.653ms
[14.461s][info ][gc,cpu         ] GC(1165) User=0.00s Sys=0.00s Real=0.00s
[14.463s][info ][gc,start       ] GC(1166) Pause Young (Allocation Failure)
[14.464s][debug][gc,age         ] GC(1166) Desired survivor size 1114112 bytes, new threshold 1 (max threshold 15)
[14.464s][info ][gc,heap        ] GC(1166) DefNew: 19109K->1955K(19648K)
[14.464s][info ][gc,heap        ] GC(1166) Tenured: 13305K->14478K(43712K)
[14.464s][info ][gc,metaspace   ] GC(1166) Metaspace: 16398K->16398K(1064960K)
[14.464s][info ][gc             ] GC(1166) Pause Young (Allocation Failure) 31M->16M(61M) 0.763ms
[14.464s][info ][gc,cpu         ] GC(1166) User=0.00s Sys=0.00s Real=0.00s
[14.465s][info ][gc,start       ] GC(1167) Pause Young (Allocation Failure)
[14.465s][debug][gc,age         ] GC(1167) Desired survivor size 1114112 bytes, new threshold 1 (max threshold 15)
[14.466s][info ][gc,heap        ] GC(1167) DefNew: 19162K->1955K(19648K)
[14.466s][info ][gc,heap        ] GC(1167) Tenured: 14478K->14869K(43712K)
[14.466s][info ][gc,metaspace   ] GC(1167) Metaspace: 16398K->16398K(1064960K)
[14.466s][info ][gc             ] GC(1167) Pause Young (Allocation Failure) 32M->16M(61M) 0.567ms
[14.466s][info ][gc,cpu         ] GC(1167) User=0.00s Sys=0.00s Real=0.00s
[14.467s][info ][gc,start       ] GC(1168) Pause Young (Allocation Failure)
[14.468s][debug][gc,age         ] GC(1168) Desired survivor size 1114112 bytes, new threshold 1 (max threshold 15)
[14.468s][info ][gc,heap        ] GC(1168) DefNew: 19138K->1955K(19648K)
[14.468s][info ][gc,heap        ] GC(1168) Tenured: 14869K->16041K(43712K)
[14.468s][info ][gc,metaspace   ] GC(1168) Metaspace: 16398K->16398K(1064960K)
[14.468s][info ][gc             ] GC(1168) Pause Young (Allocation Failure) 33M->17M(61M) 0.851ms
[14.468s][info ][gc,cpu         ] GC(1168) User=0.00s Sys=0.00s Real=0.00s
[14.469s][info ][gc,start       ] GC(1169) Pause Young (Allocation Failure)
[14.470s][debug][gc,age         ] GC(1169) Desired survivor size 1114112 bytes, new threshold 1 (max threshold 15)
[14.470s][info ][gc,heap        ] GC(1169) DefNew: 19123K->1955K(19648K)
[14.470s][info ][gc,heap        ] GC(1169) Tenured: 16041K->16431K(43712K)
[14.470s][info ][gc,metaspace   ] GC(1169) Metaspace: 16398K->16398K(1064960K)
[14.470s][info ][gc             ] GC(1169) Pause Young (Allocation Failure) 34M->17M(61M) 0.718ms
[14.470s][info ][gc,cpu         ] GC(1169) User=0.00s Sys=0.00s Real=0.00s
[14.471s][info ][gc,start       ] GC(1170) Pause Young (Allocation Failure)
[14.472s][debug][gc,age         ] GC(1170) Desired survivor size 1114112 bytes, new threshold 1 (max threshold 15)
[14.472s][info ][gc,heap        ] GC(1170) DefNew: 19113K->1955K(19648K)
[14.472s][info ][gc,heap        ] GC(1170) Tenured: 16431K->16822K(43712K)
[14.472s][info ][gc,metaspace   ] GC(1170) Metaspace: 16398K->16398K(1064960K)
[14.472s][info ][gc             ] GC(1170) Pause Young (Allocation Failure) 34M->18M(61M) 0.553ms
[14.472s][info ][gc,cpu         ] GC(1170) User=0.00s Sys=0.00s Real=0.00s
[14.473s][info ][gc,start       ] GC(1171) Pause Young (Allocation Failure)
[14.474s][debug][gc,age         ] GC(1171) Desired survivor size 1114112 bytes, new threshold 1 (max threshold 15)
[14.474s][info ][gc,heap        ] GC(1171) DefNew: 19107K->1955K(19648K)
[14.474s][info ][gc,heap        ] GC(1171) Tenured: 16822K->17212K(43712K)
[14.474s][info ][gc,metaspace   ] GC(1171) Metaspace: 16398K->16398K(1064960K)
[14.474s][info ][gc             ] GC(1171) Pause Young (Allocation Failure) 35M->18M(61M) 0.598ms
[14.474s][info ][gc,cpu         ] GC(1171) User=0.00s Sys=0.00s Real=0.00s
[14.475s][info ][gc,start       ] GC(1172) Pause Young (Allocation Failure)
[14.476s][debug][gc,age         ] GC(1172) Desired survivor size 1114112 bytes, new threshold 1 (max threshold 15)
[14.476s][info ][gc,heap        ] GC(1172) DefNew: 19103K->1174K(19648K)
[14.476s][info ][gc,heap        ] GC(1172) Tenured: 17212K->17212K(43712K)
[14.476s][info ][gc,metaspace   ] GC(1172) Metaspace: 16398K->16398K(1064960K)
[14.476s][info ][gc             ] GC(1172) Pause Young (Allocation Failure) 35M->17M(61M) 0.428ms
[14.476s][info ][gc,cpu         ] GC(1172) User=0.00s Sys=0.00s Real=0.00s
[14.477s][info ][gc,start       ] GC(1173) Pause Young (Allocation Failure)
[14.478s][debug][gc,age         ] GC(1173) Desired survivor size 1114112 bytes, new threshold 1 (max threshold 15)
[14.478s][info ][gc,heap        ] GC(1173) DefNew: 18319K->1955K(19648K)
[14.478s][info ][gc,heap        ] GC(1173) Tenured: 17212K->18384K(43712K)
[14.478s][info ][gc,metaspace   ] GC(1173) Metaspace: 16398K->16398K(1064960K)
[14.478s][info ][gc             ] GC(1173) Pause Young (Allocation Failure) 34M->19M(61M) 0.948ms
[14.478s][info ][gc,cpu         ] GC(1173) User=0.00s Sys=0.00s Real=0.00s
[14.479s][info ][gc,start       ] GC(1174) Pause Young (Allocation Failure)
[14.480s][debug][gc,age         ] GC(1174) Desired survivor size 1114112 bytes, new threshold 1 (max threshold 15)
[14.480s][info ][gc,heap        ] GC(1174) DefNew: 19099K->1955K(19648K)
[14.480s][info ][gc,heap        ] GC(1174) Tenured: 18384K->19166K(43712K)
[14.480s][info ][gc,metaspace   ] GC(1174) Metaspace: 16398K->16398K(1064960K)
[14.480s][info ][gc             ] GC(1174) Pause Young (Allocation Failure) 36M->20M(61M) 0.716ms
[14.480s][info ][gc,cpu         ] GC(1174) User=0.00s Sys=0.00s Real=0.00s
[14.481s][info ][gc,start       ] GC(1175) Pause Young (Allocation Failure)
[14.482s][debug][gc,age         ] GC(1175) Desired survivor size 1114112 bytes, new threshold 1 (max threshold 15)
[14.482s][info ][gc,heap        ] GC(1175) DefNew: 19097K->1955K(19648K)
[14.482s][info ][gc,heap        ] GC(1175) Tenured: 19166K->19556K(43712K)
[14.482s][info ][gc,metaspace   ] GC(1175) Metaspace: 16398K->16398K(1064960K)
[14.482s][info ][gc             ] GC(1175) Pause Young (Allocation Failure) 37M->21M(61M) 0.565ms
[14.482s][info ][gc,cpu         ] GC(1175) User=0.00s Sys=0.00s Real=0.00s
[14.483s][info ][gc,start       ] GC(1176) Pause Young (Allocation Failure)
[14.484s][debug][gc,age         ] GC(1176) Desired survivor size 1114112 bytes, new threshold 1 (max threshold 15)
[14.484s][info ][gc,heap        ] GC(1176) DefNew: 19097K->1955K(19648K)
[14.484s][info ][gc,heap        ] GC(1176) Tenured: 19556K->19947K(43712K)
[14.484s][info ][gc,metaspace   ] GC(1176) Metaspace: 16398K->16398K(1064960K)
[14.484s][info ][gc             ] GC(1176) Pause Young (Allocation Failure) 37M->21M(61M) 0.919ms
[14.484s][info ][gc,cpu         ] GC(1176) User=0.00s Sys=0.00s Real=0.00s
[14.486s][info ][gc,start       ] GC(1177) Pause Young (Allocation Failure)
[14.486s][debug][gc,age         ] GC(1177) Desired survivor size 1114112 bytes, new threshold 1 (max threshold 15)
[14.486s][info ][gc,heap        ] GC(1177) DefNew: 19096K->1955K(19648K)
[14.486s][info ][gc,heap        ] GC(1177) Tenured: 19947K->21119K(43712K)
[14.486s][info ][gc,metaspace   ] GC(1177) Metaspace: 16398K->16398K(1064960K)
[14.486s][info ][gc             ] GC(1177) Pause Young (Allocation Failure) 38M->22M(61M) 0.632ms
[14.486s][info ][gc,cpu         ] GC(1177) User=0.00s Sys=0.00s Real=0.00s
[14.488s][info ][gc,start       ] GC(1178) Pause Young (Allocation Failure)
[14.488s][debug][gc,age         ] GC(1178) Desired survivor size 1114112 bytes, new threshold 1 (max threshold 15)
[14.488s][info ][gc,heap        ] GC(1178) DefNew: 19096K->1955K(19648K)
[14.488s][info ][gc,heap        ] GC(1178) Tenured: 21119K->21509K(43712K)
[14.488s][info ][gc,metaspace   ] GC(1178) Metaspace: 16398K->16398K(1064960K)
[14.488s][info ][gc             ] GC(1178) Pause Young (Allocation Failure) 39M->22M(61M) 0.679ms
[14.488s][info ][gc,cpu         ] GC(1178) User=0.00s Sys=0.00s Real=0.00s
[14.490s][info ][gc,start       ] GC(1179) Pause Young (Allocation Failure)
[14.490s][debug][gc,age         ] GC(1179) Desired survivor size 1114112 bytes, new threshold 1 (max threshold 15)
[14.490s][info ][gc,heap        ] GC(1179) DefNew: 19096K->1955K(19648K)
[14.490s][info ][gc,heap        ] GC(1179) Tenured: 21509K->21509K(43712K)
[14.490s][info ][gc,metaspace   ] GC(1179) Metaspace: 16398K->16398K(1064960K)
[14.490s][info ][gc             ] GC(1179) Pause Young (Allocation Failure) 39M->22M(61M) 0.524ms
[14.490s][info ][gc,cpu         ] GC(1179) User=0.00s Sys=0.00s Real=0.00s
[14.492s][info ][gc,start       ] GC(1180) Pause Young (Allocation Failure)
[14.493s][debug][gc,age         ] GC(1180) Desired survivor size 1114112 bytes, new threshold 1 (max threshold 15)
[14.493s][info ][gc,heap        ] GC(1180) DefNew: 19096K->1955K(19648K)
[14.493s][info ][gc,heap        ] GC(1180) Tenured: 21509K->22681K(43712K)
[14.493s][info ][gc,metaspace   ] GC(1180) Metaspace: 16398K->16398K(1064960K)
[14.493s][info ][gc             ] GC(1180) Pause Young (Allocation Failure) 39M->24M(61M) 0.762ms
[14.493s][info ][gc,cpu         ] GC(1180) User=0.00s Sys=0.00s Real=0.00s
[14.494s][info ][gc,start       ] GC(1181) Pause Young (Allocation Failure)
[14.495s][debug][gc,age         ] GC(1181) Desired survivor size 1114112 bytes, new threshold 1 (max threshold 15)
[14.495s][info ][gc,heap        ] GC(1181) DefNew: 19096K->1955K(19648K)
[14.495s][info ][gc,heap        ] GC(1181) Tenured: 22681K->23853K(43712K)
[14.495s][info ][gc,metaspace   ] GC(1181) Metaspace: 16398K->16398K(1064960K)
[14.495s][info ][gc             ] GC(1181) Pause Young (Allocation Failure) 40M->25M(61M) 0.782ms
[14.495s][info ][gc,cpu         ] GC(1181) User=0.00s Sys=0.00s Real=0.00s
[14.496s][info ][gc,start       ] GC(1182) Pause Young (Allocation Failure)
[14.497s][debug][gc,age         ] GC(1182) Desired survivor size 1114112 bytes, new threshold 1 (max threshold 15)
[14.497s][info ][gc,heap        ] GC(1182) DefNew: 19096K->1955K(19648K)
[14.497s][info ][gc,heap        ] GC(1182) Tenured: 23853K->24244K(43712K)
[14.497s][info ][gc,metaspace   ] GC(1182) Metaspace: 16398K->16398K(1064960K)
[14.497s][info ][gc             ] GC(1182) Pause Young (Allocation Failure) 41M->25M(61M) 0.553ms
[14.497s][info ][gc,cpu         ] GC(1182) User=0.00s Sys=0.01s Real=0.00s
[14.498s][info ][gc,start       ] GC(1183) Pause Young (Allocation Failure)
[14.499s][debug][gc,age         ] GC(1183) Desired survivor size 1114112 bytes, new threshold 1 (max threshold 15)
[14.499s][info ][gc,heap        ] GC(1183) DefNew: 19096K->1955K(19648K)
[14.499s][info ][gc,heap        ] GC(1183) Tenured: 24244K->24635K(43712K)
[14.499s][info ][gc,metaspace   ] GC(1183) Metaspace: 16398K->16398K(1064960K)
[14.499s][info ][gc             ] GC(1183) Pause Young (Allocation Failure) 42M->25M(61M) 0.709ms
[14.499s][info ][gc,cpu         ] GC(1183) User=0.00s Sys=0.00s Real=0.00s
[14.500s][info ][gc,start       ] GC(1184) Pause Young (Allocation Failure)
[14.501s][debug][gc,age         ] GC(1184) Desired survivor size 1114112 bytes, new threshold 1 (max threshold 15)
[14.501s][info ][gc,heap        ] GC(1184) DefNew: 19096K->1955K(19648K)
[14.501s][info ][gc,heap        ] GC(1184) Tenured: 24635K->25025K(43712K)
[14.501s][info ][gc,metaspace   ] GC(1184) Metaspace: 16398K->16398K(1064960K)
[14.501s][info ][gc             ] GC(1184) Pause Young (Allocation Failure) 42M->26M(61M) 0.659ms
[14.501s][info ][gc,cpu         ] GC(1184) User=0.00s Sys=0.00s Real=0.00s
[14.502s][info ][gc,start       ] GC(1185) Pause Young (Allocation Failure)
[14.503s][debug][gc,age         ] GC(1185) Desired survivor size 1114112 bytes, new threshold 1 (max threshold 15)
[14.503s][info ][gc,heap        ] GC(1185) DefNew: 19095K->1955K(19648K)
[14.503s][info ][gc,heap        ] GC(1185) Tenured: 25025K->25807K(43712K)
[14.503s][info ][gc,metaspace   ] GC(1185) Metaspace: 16398K->16398K(1064960K)
[14.503s][info ][gc             ] GC(1185) Pause Young (Allocation Failure) 43M->27M(61M) 0.815ms
[14.503s][info ][gc,cpu         ] GC(1185) User=0.00s Sys=0.00s Real=0.00s
[14.504s][info ][gc,start       ] GC(1186) Pause Young (Allocation Failure)
[14.505s][debug][gc,age         ] GC(1186) Desired survivor size 1114112 bytes, new threshold 1 (max threshold 15)
[14.505s][info ][gc,heap        ] GC(1186) DefNew: 19096K->1955K(19648K)
[14.505s][info ][gc,heap        ] GC(1186) Tenured: 25807K->25807K(43712K)
[14.505s][info ][gc,metaspace   ] GC(1186) Metaspace: 16398K->16398K(1064960K)
[14.505s][info ][gc             ] GC(1186) Pause Young (Allocation Failure) 43M->27M(61M) 0.519ms
[14.505s][info ][gc,cpu         ] GC(1186) User=0.00s Sys=0.00s Real=0.00s
[14.506s][info ][gc,start       ] GC(1187) Pause Young (Allocation Failure)
[14.507s][debug][gc,age         ] GC(1187) Desired survivor size 1114112 bytes, new threshold 1 (max threshold 15)
[14.507s][info ][gc,heap        ] GC(1187) DefNew: 19096K->1955K(19648K)
[14.507s][info ][gc,heap        ] GC(1187) Tenured: 25807K->26197K(43712K)
[14.507s][info ][gc,metaspace   ] GC(1187) Metaspace: 16398K->16398K(1064960K)
[14.507s][info ][gc             ] GC(1187) Pause Young (Allocation Failure) 43M->27M(61M) 0.634ms
[14.507s][info ][gc,cpu         ] GC(1187) User=0.00s Sys=0.00s Real=0.00s
[14.508s][info ][gc,start       ] GC(1188) Pause Young (Allocation Failure)
[14.509s][debug][gc,age         ] GC(1188) Desired survivor size 1114112 bytes, new threshold 1 (max threshold 15)
[14.509s][info ][gc,heap        ] GC(1188) DefNew: 19096K->1955K(19648K)
[14.509s][info ][gc,heap        ] GC(1188) Tenured: 26197K->26979K(43712K)
[14.509s][info ][gc,metaspace   ] GC(1188) Metaspace: 16398K->16398K(1064960K)
[14.509s][info ][gc             ] GC(1188) Pause Young (Allocation Failure) 44M->28M(61M) 0.759ms
[14.509s][info ][gc,cpu         ] GC(1188) User=0.00s Sys=0.00s Real=0.00s
[14.511s][info ][gc,start       ] GC(1189) Pause Young (Allocation Failure)
[14.511s][debug][gc,age         ] GC(1189) Desired survivor size 1114112 bytes, new threshold 1 (max threshold 15)
[14.511s][info ][gc,heap        ] GC(1189) DefNew: 19096K->1955K(19648K)
[14.511s][info ][gc,heap        ] GC(1189) Tenured: 26979K->27760K(43712K)
[14.511s][info ][gc,metaspace   ] GC(1189) Metaspace: 16398K->16398K(1064960K)
[14.511s][info ][gc             ] GC(1189) Pause Young (Allocation Failure) 44M->29M(61M) 0.711ms
[14.511s][info ][gc,cpu         ] GC(1189) User=0.00s Sys=0.00s Real=0.00s
[14.513s][info ][gc,start       ] GC(1190) Pause Young (Allocation Failure)
[14.513s][debug][gc,age         ] GC(1190) Desired survivor size 1114112 bytes, new threshold 1 (max threshold 15)
[14.513s][info ][gc,heap        ] GC(1190) DefNew: 19053K->1955K(19648K)
[14.513s][info ][gc,heap        ] GC(1190) Tenured: 27760K->28541K(43712K)
[14.513s][info ][gc,metaspace   ] GC(1190) Metaspace: 16398K->16398K(1064960K)
[14.513s][info ][gc             ] GC(1190) Pause Young (Allocation Failure) 45M->29M(61M) 0.770ms
[14.513s][info ][gc,cpu         ] GC(1190) User=0.00s Sys=0.00s Real=0.00s
[14.515s][info ][gc,start       ] GC(1191) Pause Young (Allocation Failure)
[14.515s][debug][gc,age         ] GC(1191) Desired survivor size 1114112 bytes, new threshold 1 (max threshold 15)
[14.515s][info ][gc,heap        ] GC(1191) DefNew: 19110K->1955K(19648K)
[14.515s][info ][gc,heap        ] GC(1191) Tenured: 28541K->28541K(43712K)
[14.515s][info ][gc,metaspace   ] GC(1191) Metaspace: 16398K->16398K(1064960K)
[14.515s][info ][gc             ] GC(1191) Pause Young (Allocation Failure) 46M->29M(61M) 0.584ms
[14.515s][info ][gc,cpu         ] GC(1191) User=0.00s Sys=0.00s Real=0.00s
[14.517s][info ][gc,start       ] GC(1192) Pause Young (Allocation Failure)
[14.517s][debug][gc,age         ] GC(1192) Desired survivor size 1114112 bytes, new threshold 1 (max threshold 15)
[14.517s][info ][gc,heap        ] GC(1192) DefNew: 19105K->1955K(19648K)
[14.517s][info ][gc,heap        ] GC(1192) Tenured: 28541K->28932K(43712K)
[14.517s][info ][gc,metaspace   ] GC(1192) Metaspace: 16398K->16398K(1064960K)
[14.517s][info ][gc             ] GC(1192) Pause Young (Allocation Failure) 46M->30M(61M) 0.654ms
[14.517s][info ][gc,cpu         ] GC(1192) User=0.00s Sys=0.00s Real=0.00s
[14.519s][info ][gc,start       ] GC(1193) Pause Young (Allocation Failure)
[14.519s][debug][gc,age         ] GC(1193) Desired survivor size 1114112 bytes, new threshold 1 (max threshold 15)
[14.519s][info ][gc,heap        ] GC(1193) DefNew: 19059K->1955K(19648K)
[14.519s][info ][gc,heap        ] GC(1193) Tenured: 28932K->29714K(43712K)
[14.519s][info ][gc,metaspace   ] GC(1193) Metaspace: 16398K->16398K(1064960K)
[14.519s][info ][gc             ] GC(1193) Pause Young (Allocation Failure) 46M->30M(61M) 0.839ms
[14.519s][info ][gc,cpu         ] GC(1193) User=0.00s Sys=0.00s Real=0.01s
[14.521s][info ][gc,start       ] GC(1194) Pause Young (Allocation Failure)
[14.522s][debug][gc,age         ] GC(1194) Desired survivor size 1114112 bytes, new threshold 1 (max threshold 15)
[14.522s][info ][gc,heap        ] GC(1194) DefNew: 19114K->1955K(19648K)
[14.522s][info ][gc,heap        ] GC(1194) Tenured: 29714K->30886K(43712K)
[14.522s][info ][gc,metaspace   ] GC(1194) Metaspace: 16398K->16398K(1064960K)
[14.522s][info ][gc             ] GC(1194) Pause Young (Allocation Failure) 47M->32M(61M) 0.652ms
[14.522s][info ][gc,cpu         ] GC(1194) User=0.00s Sys=0.00s Real=0.00s
[14.523s][info ][gc,start       ] GC(1195) Pause Young (Allocation Failure)
[14.524s][debug][gc,age         ] GC(1195) Desired survivor size 1114112 bytes, new threshold 1 (max threshold 15)
[14.524s][info ][gc,heap        ] GC(1195) DefNew: 19108K->1955K(19648K)
[14.524s][info ][gc,heap        ] GC(1195) Tenured: 30886K->32058K(43712K)
[14.524s][info ][gc,metaspace   ] GC(1195) Metaspace: 16398K->16398K(1064960K)
[14.524s][info ][gc             ] GC(1195) Pause Young (Allocation Failure) 48M->33M(61M) 0.785ms
[14.524s][info ][gc,cpu         ] GC(1195) User=0.00s Sys=0.00s Real=0.00s
[14.525s][info ][gc,start       ] GC(1196) Pause Young (Allocation Failure)
[14.526s][debug][gc,age         ] GC(1196) Desired survivor size 1114112 bytes, new threshold 1 (max threshold 15)
[14.526s][info ][gc,heap        ] GC(1196) DefNew: 19104K->1955K(19648K)
[14.526s][info ][gc,heap        ] GC(1196) Tenured: 32058K->32448K(43712K)
[14.526s][info ][gc,metaspace   ] GC(1196) Metaspace: 16398K->16398K(1064960K)
[14.526s][info ][gc             ] GC(1196) Pause Young (Allocation Failure) 49M->33M(61M) 0.628ms
[14.526s][info ][gc,cpu         ] GC(1196) User=0.00s Sys=0.00s Real=0.00s
[14.527s][info ][gc,start       ] GC(1197) Pause Young (Allocation Failure)
[14.528s][debug][gc,age         ] GC(1197) Desired survivor size 1114112 bytes, new threshold 1 (max threshold 15)
[14.528s][info ][gc,heap        ] GC(1197) DefNew: 19100K->1955K(19648K)
[14.528s][info ][gc,heap        ] GC(1197) Tenured: 32448K->33230K(43712K)
[14.528s][info ][gc,metaspace   ] GC(1197) Metaspace: 16398K->16398K(1064960K)
[14.528s][info ][gc             ] GC(1197) Pause Young (Allocation Failure) 50M->34M(61M) 0.862ms
[14.528s][info ][gc,cpu         ] GC(1197) User=0.00s Sys=0.00s Real=0.00s
[14.529s][info ][gc,start       ] GC(1198) Pause Young (Allocation Failure)
[14.530s][debug][gc,age         ] GC(1198) Desired survivor size 1114112 bytes, new threshold 1 (max threshold 15)
[14.530s][info ][gc,heap        ] GC(1198) DefNew: 19099K->1955K(19648K)
[14.530s][info ][gc,heap        ] GC(1198) Tenured: 33230K->34011K(43712K)
[14.530s][info ][gc,metaspace   ] GC(1198) Metaspace: 16398K->16398K(1064960K)
[14.530s][info ][gc             ] GC(1198) Pause Young (Allocation Failure) 51M->35M(61M) 0.606ms
[14.530s][info ][gc,cpu         ] GC(1198) User=0.00s Sys=0.00s Real=0.00s
[14.531s][info ][gc,start       ] GC(1199) Pause Young (Allocation Failure)
[14.532s][debug][gc,age         ] GC(1199) Desired survivor size 1114112 bytes, new threshold 1 (max threshold 15)
[14.532s][info ][gc,heap        ] GC(1199) DefNew: 19098K->1955K(19648K)
[14.532s][info ][gc,heap        ] GC(1199) Tenured: 34011K->34011K(43712K)
[14.532s][info ][gc,metaspace   ] GC(1199) Metaspace: 16398K->16398K(1064960K)
[14.532s][info ][gc             ] GC(1199) Pause Young (Allocation Failure) 51M->35M(61M) 0.515ms
[14.532s][info ][gc,cpu         ] GC(1199) User=0.00s Sys=0.00s Real=0.00s
[14.533s][info ][gc,start       ] GC(1200) Pause Young (Allocation Failure)
[14.534s][debug][gc,age         ] GC(1200) Desired survivor size 1114112 bytes, new threshold 1 (max threshold 15)
[14.534s][info ][gc,heap        ] GC(1200) DefNew: 19097K->1955K(19648K)
[14.534s][info ][gc,heap        ] GC(1200) Tenured: 34011K->34402K(43712K)
[14.534s][info ][gc,metaspace   ] GC(1200) Metaspace: 16398K->16398K(1064960K)
[14.534s][info ][gc             ] GC(1200) Pause Young (Allocation Failure) 51M->35M(61M) 0.812ms
[14.534s][info ][gc,cpu         ] GC(1200) User=0.00s Sys=0.00s Real=0.00s
[14.535s][info ][gc,start       ] GC(1201) Pause Young (Allocation Failure)
[14.536s][debug][gc,age         ] GC(1201) Desired survivor size 1114112 bytes, new threshold 1 (max threshold 15)
[14.536s][info ][gc,heap        ] GC(1201) DefNew: 19055K->1955K(19648K)
[14.536s][info ][gc,heap        ] GC(1201) Tenured: 34402K->35183K(43712K)
[14.536s][info ][gc,metaspace   ] GC(1201) Metaspace: 16398K->16398K(1064960K)
[14.536s][info ][gc             ] GC(1201) Pause Young (Allocation Failure) 52M->36M(61M) 0.600ms
[14.536s][info ][gc,cpu         ] GC(1201) User=0.00s Sys=0.00s Real=0.00s
[14.537s][info ][gc,start       ] GC(1202) Pause Young (Allocation Failure)
[14.538s][debug][gc,age         ] GC(1202) Desired survivor size 1114112 bytes, new threshold 1 (max threshold 15)
[14.538s][info ][gc,heap        ] GC(1202) DefNew: 19111K->1564K(19648K)
[14.538s][info ][gc,heap        ] GC(1202) Tenured: 35183K->35183K(43712K)
[14.538s][info ][gc,metaspace   ] GC(1202) Metaspace: 16398K->16398K(1064960K)
[14.538s][info ][gc             ] GC(1202) Pause Young (Allocation Failure) 53M->35M(61M) 0.476ms
[14.538s][info ][gc,cpu         ] GC(1202) User=0.00s Sys=0.00s Real=0.00s
[14.539s][info ][gc,start       ] GC(1203) Pause Young (Allocation Failure)
[14.540s][debug][gc,age         ] GC(1203) Desired survivor size 1114112 bytes, new threshold 1 (max threshold 15)
[14.540s][info ][gc,heap        ] GC(1203) DefNew: 18715K->1955K(19648K)
[14.540s][info ][gc,heap        ] GC(1203) Tenured: 35183K->36355K(43712K)
[14.540s][info ][gc,metaspace   ] GC(1203) Metaspace: 16398K->16398K(1064960K)
[14.540s][info ][gc             ] GC(1203) Pause Young (Allocation Failure) 52M->37M(61M) 0.888ms
[14.540s][info ][gc,cpu         ] GC(1203) User=0.00s Sys=0.00s Real=0.01s
[14.541s][info ][gc,start       ] GC(1204) Pause Young (Allocation Failure)
[14.542s][debug][gc,age         ] GC(1204) Desired survivor size 1114112 bytes, new threshold 1 (max threshold 15)
[14.542s][info ][gc,heap        ] GC(1204) DefNew: 19102K->1955K(19648K)
[14.542s][info ][gc,heap        ] GC(1204) Tenured: 36355K->36355K(43712K)
[14.542s][info ][gc,metaspace   ] GC(1204) Metaspace: 16398K->16398K(1064960K)
[14.542s][info ][gc             ] GC(1204) Pause Young (Allocation Failure) 54M->37M(61M) 0.626ms
[14.542s][info ][gc,cpu         ] GC(1204) User=0.00s Sys=0.00s Real=0.00s
[14.543s][info ][gc,start       ] GC(1205) Pause Young (Allocation Failure)
[14.544s][debug][gc,age         ] GC(1205) Desired survivor size 1114112 bytes, new threshold 1 (max threshold 15)
[14.544s][info ][gc,heap        ] GC(1205) DefNew: 19100K->1955K(19648K)
[14.544s][info ][gc,heap        ] GC(1205) Tenured: 36355K->37527K(43712K)
[14.544s][info ][gc,metaspace   ] GC(1205) Metaspace: 16398K->16398K(1064960K)
[14.544s][info ][gc             ] GC(1205) Pause Young (Allocation Failure) 54M->38M(61M) 0.925ms
[14.544s][info ][gc,cpu         ] GC(1205) User=0.01s Sys=0.00s Real=0.00s
[14.546s][info ][gc,start       ] GC(1206) Pause Young (Allocation Failure)
[14.546s][debug][gc,age         ] GC(1206) Desired survivor size 1114112 bytes, new threshold 1 (max threshold 15)
[14.546s][info ][gc,heap        ] GC(1206) DefNew: 19098K->1955K(19648K)
[14.546s][info ][gc,heap        ] GC(1206) Tenured: 37527K->37528K(43712K)
[14.546s][info ][gc,metaspace   ] GC(1206) Metaspace: 16398K->16398K(1064960K)
[14.546s][info ][gc             ] GC(1206) Pause Young (Allocation Failure) 55M->38M(61M) 0.584ms
[14.546s][info ][gc,cpu         ] GC(1206) User=0.00s Sys=0.00s Real=0.00s
[14.547s][info ][gc,start       ] GC(1207) Pause Young (Allocation Failure)
[14.548s][debug][gc,age         ] GC(1207) Desired survivor size 1114112 bytes, new threshold 1 (max threshold 15)
[14.548s][info ][gc,heap        ] GC(1207) DefNew: 19097K->1955K(19648K)
[14.548s][info ][gc,heap        ] GC(1207) Tenured: 37528K->37918K(43712K)
[14.548s][info ][gc,metaspace   ] GC(1207) Metaspace: 16398K->16398K(1064960K)
[14.548s][info ][gc             ] GC(1207) Pause Young (Allocation Failure) 55M->38M(61M) 0.561ms
[14.548s][info ][gc,cpu         ] GC(1207) User=0.00s Sys=0.00s Real=0.00s
[14.549s][info ][gc,start       ] GC(1208) Pause Young (Allocation Failure)
[14.550s][debug][gc,age         ] GC(1208) Desired survivor size 1114112 bytes, new threshold 1 (max threshold 15)
[14.550s][info ][gc,heap        ] GC(1208) DefNew: 19097K->1955K(19648K)
[14.550s][info ][gc,heap        ] GC(1208) Tenured: 37918K->38700K(43712K)
[14.550s][info ][gc,metaspace   ] GC(1208) Metaspace: 16398K->16398K(1064960K)
[14.550s][info ][gc             ] GC(1208) Pause Young (Allocation Failure) 55M->39M(61M) 0.764ms
[14.550s][info ][gc,cpu         ] GC(1208) User=0.00s Sys=0.00s Real=0.00s
[14.552s][info ][gc,start       ] GC(1209) Pause Young (Allocation Failure)
[14.552s][debug][gc,age         ] GC(1209) Desired survivor size 1114112 bytes, new threshold 1 (max threshold 15)
[14.552s][info ][gc,heap        ] GC(1209) DefNew: 19096K->1955K(19648K)
[14.552s][info ][gc,heap        ] GC(1209) Tenured: 38700K->39091K(43712K)
[14.552s][info ][gc,metaspace   ] GC(1209) Metaspace: 16398K->16398K(1064960K)
[14.552s][info ][gc             ] GC(1209) Pause Young (Allocation Failure) 56M->40M(61M) 0.680ms
[14.552s][info ][gc,cpu         ] GC(1209) User=0.00s Sys=0.00s Real=0.00s
[14.554s][info ][gc,start       ] GC(1210) Pause Young (Allocation Failure)
[14.554s][debug][gc,age         ] GC(1210) Desired survivor size 1114112 bytes, new threshold 1 (max threshold 15)
[14.554s][info ][gc,heap        ] GC(1210) DefNew: 19096K->1955K(19648K)
[14.554s][info ][gc,heap        ] GC(1210) Tenured: 39091K->39091K(43712K)
[14.554s][info ][gc,metaspace   ] GC(1210) Metaspace: 16398K->16398K(1064960K)
[14.554s][info ][gc             ] GC(1210) Pause Young (Allocation Failure) 56M->40M(61M) 0.545ms
[14.554s][info ][gc,cpu         ] GC(1210) User=0.00s Sys=0.00s Real=0.00s
[14.555s][info ][gc,start       ] GC(1211) Pause Young (Allocation Failure)
[14.556s][debug][gc,age         ] GC(1211) Desired survivor size 1114112 bytes, new threshold 1 (max threshold 15)
[14.556s][info ][gc,heap        ] GC(1211) DefNew: 19096K->1955K(19648K)
[14.556s][info ][gc,heap        ] GC(1211) Tenured: 39091K->39872K(43712K)
[14.556s][info ][gc,metaspace   ] GC(1211) Metaspace: 16398K->16398K(1064960K)
[14.556s][info ][gc             ] GC(1211) Pause Young (Allocation Failure) 56M->40M(61M) 0.752ms
[14.556s][info ][gc,cpu         ] GC(1211) User=0.00s Sys=0.00s Real=0.00s
[14.558s][info ][gc,start       ] GC(1212) Pause Young (Allocation Failure)
[14.558s][debug][gc,age         ] GC(1212) Desired survivor size 1114112 bytes, new threshold 1 (max threshold 15)
[14.558s][info ][gc,heap        ] GC(1212) DefNew: 19096K->1955K(19648K)
[14.558s][info ][gc,heap        ] GC(1212) Tenured: 39872K->41044K(43712K)
[14.558s][info ][gc,metaspace   ] GC(1212) Metaspace: 16398K->16398K(1064960K)
[14.558s][info ][gc             ] GC(1212) Pause Young (Allocation Failure) 57M->41M(61M) 0.646ms
[14.558s][info ][gc,cpu         ] GC(1212) User=0.00s Sys=0.00s Real=0.00s
[14.560s][info ][gc,start       ] GC(1213) Pause Young (Allocation Failure)
[14.560s][debug][gc,age         ] GC(1213) Desired survivor size 1114112 bytes, new threshold 1 (max threshold 15)
[14.560s][info ][gc,heap        ] GC(1213) DefNew: 19096K->1174K(19648K)
[14.560s][info ][gc,heap        ] GC(1213) Tenured: 41044K->41044K(43712K)
[14.560s][info ][gc,metaspace   ] GC(1213) Metaspace: 16398K->16398K(1064960K)
[14.560s][info ][gc             ] GC(1213) Pause Young (Allocation Failure) 58M->41M(61M) 0.638ms
[14.560s][info ][gc,cpu         ] GC(1213) User=0.00s Sys=0.00s Real=0.00s
[14.561s][info ][gc,start       ] GC(1214) Pause Young (Allocation Failure)
[14.562s][debug][gc,age         ] GC(1214) Desired survivor size 1114112 bytes, new threshold 1 (max threshold 15)
[14.562s][info ][gc,heap        ] GC(1214) DefNew: 18620K->1564K(19648K)
[14.562s][info ][gc,heap        ] GC(1214) Tenured: 41044K->41044K(43712K)
[14.562s][info ][gc,metaspace   ] GC(1214) Metaspace: 16398K->16398K(1064960K)
[14.562s][info ][gc             ] GC(1214) Pause Young (Allocation Failure) 58M->41M(61M) 0.718ms
[14.562s][info ][gc,cpu         ] GC(1214) User=0.00s Sys=0.00s Real=0.00s
[14.563s][info ][gc,start       ] GC(1215) Pause Young (Allocation Failure)
[14.564s][debug][gc,age         ] GC(1215) Desired survivor size 1114112 bytes, new threshold 1 (max threshold 15)
[14.564s][info ][gc,heap        ] GC(1215) DefNew: 18735K->1955K(19648K)
[14.564s][info ][gc,heap        ] GC(1215) Tenured: 41044K->41435K(43712K)
[14.564s][info ][gc,metaspace   ] GC(1215) Metaspace: 16398K->16398K(1064960K)
[14.564s][info ][gc             ] GC(1215) Pause Young (Allocation Failure) 58M->42M(61M) 0.920ms
[14.564s][info ][gc,cpu         ] GC(1215) User=0.00s Sys=0.00s Real=0.00s
[14.566s][info ][gc,start       ] GC(1216) Pause Young (Allocation Failure)
[14.566s][debug][gc,age         ] GC(1216) Desired survivor size 1114112 bytes, new threshold 1 (max threshold 15)
[14.566s][info ][gc,heap        ] GC(1216) DefNew: 19115K->1955K(19648K)
[14.566s][info ][gc,heap        ] GC(1216) Tenured: 41435K->41826K(43712K)
[14.566s][info ][gc,metaspace   ] GC(1216) Metaspace: 16398K->16398K(1064960K)
[14.566s][info ][gc             ] GC(1216) Pause Young (Allocation Failure) 59M->42M(61M) 0.623ms
[14.566s][info ][gc,cpu         ] GC(1216) User=0.00s Sys=0.00s Real=0.00s
[14.568s][info ][gc,start       ] GC(1217) Pause Young (Allocation Failure)
[14.568s][debug][gc,age         ] GC(1217) Desired survivor size 1114112 bytes, new threshold 1 (max threshold 15)
[14.568s][info ][gc,heap        ] GC(1217) DefNew: 19108K->1564K(19648K)
[14.568s][info ][gc,heap        ] GC(1217) Tenured: 41826K->41826K(43712K)
[14.568s][info ][gc,metaspace   ] GC(1217) Metaspace: 16398K->16398K(1064960K)
[14.568s][info ][gc             ] GC(1217) Pause Young (Allocation Failure) 59M->42M(61M) 0.503ms
[14.568s][info ][gc,cpu         ] GC(1217) User=0.00s Sys=0.00s Real=0.00s
[14.570s][info ][gc,start       ] GC(1218) Pause Young (Allocation Failure)
[14.570s][debug][gc,age         ] GC(1218) Desired survivor size 1114112 bytes, new threshold 1 (max threshold 15)
[14.570s][info ][gc,heap        ] GC(1218) DefNew: 18713K->1955K(19648K)
[14.570s][info ][gc,heap        ] GC(1218) Tenured: 41826K->42607K(43712K)
[14.570s][info ][gc,metaspace   ] GC(1218) Metaspace: 16398K->16398K(1064960K)
[14.570s][info ][gc             ] GC(1218) Pause Young (Allocation Failure) 59M->43M(61M) 0.711ms
[14.570s][info ][gc,cpu         ] GC(1218) User=0.00s Sys=0.00s Real=0.00s
[14.572s][info ][gc,start       ] GC(1219) Pause Young (Allocation Failure)
[14.572s][info ][gc,start       ] GC(1220) Pause Full (Allocation Failure)
[14.572s][info ][gc,phases,start] GC(1220) Phase 1: Mark live objects
[14.575s][debug][gc,phases      ] GC(1220) Reference Processing 0.040ms
[14.575s][debug][gc,phases      ] GC(1220) Weak Processing 0.013ms
[14.575s][debug][gc,phases      ] GC(1220) ClassLoaderData 0.026ms
[14.575s][debug][gc,phases      ] GC(1220) ProtectionDomainCacheTable 0.002ms
[14.575s][debug][gc,phases      ] GC(1220) ResolvedMethodTable 0.015ms
[14.576s][debug][gc,phases      ] GC(1220) Class Unloading 0.799ms
[14.576s][debug][gc,phases      ] GC(1220) Scrub String Table 0.058ms
[14.577s][debug][gc,phases      ] GC(1220) Scrub Symbol Table 1.003ms
[14.577s][info ][gc,phases      ] GC(1220) Phase 1: Mark live objects 4.993ms
[14.577s][info ][gc,phases,start] GC(1220) Phase 2: Compute new object addresses
[14.578s][info ][gc,phases      ] GC(1220) Phase 2: Compute new object addresses 0.890ms
[14.578s][info ][gc,phases,start] GC(1220) Phase 3: Adjust pointers
[14.582s][info ][gc,phases      ] GC(1220) Phase 3: Adjust pointers 4.036ms
[14.582s][info ][gc,phases,start] GC(1220) Phase 4: Move objects
[14.582s][info ][gc,phases      ] GC(1220) Phase 4: Move objects 0.231ms
[14.582s][info ][gc             ] GC(1220) Pause Full (Allocation Failure) 60M->4M(61M) 10.447ms
[14.582s][info ][gc,heap        ] GC(1219) DefNew: 19101K->0K(19648K)
[14.582s][info ][gc,heap        ] GC(1219) Tenured: 42607K->5099K(43712K)
[14.582s][info ][gc,metaspace   ] GC(1219) Metaspace: 16398K->16398K(1064960K)
[14.582s][info ][gc             ] GC(1219) Pause Young (Allocation Failure) 60M->4M(61M) 10.573ms
[14.582s][info ][gc,cpu         ] GC(1219) User=0.01s Sys=0.00s Real=0.01s
[14.584s][info ][gc,start       ] GC(1221) Pause Young (Allocation Failure)
[14.584s][debug][gc,age         ] GC(1221) Desired survivor size 1114112 bytes, new threshold 1 (max threshold 15)
[14.584s][info ][gc,heap        ] GC(1221) DefNew: 17143K->1955K(19648K)
[14.584s][info ][gc,heap        ] GC(1221) Tenured: 5099K->5880K(43712K)
[14.584s][info ][gc,metaspace   ] GC(1221) Metaspace: 16398K->16398K(1064960K)
[14.584s][info ][gc             ] GC(1221) Pause Young (Allocation Failure) 21M->7M(61M) 0.728ms
[14.584s][info ][gc,cpu         ] GC(1221) User=0.00s Sys=0.00s Real=0.00s
[14.586s][info ][gc,start       ] GC(1222) Pause Young (Allocation Failure)
[14.586s][debug][gc,age         ] GC(1222) Desired survivor size 1114112 bytes, new threshold 1 (max threshold 15)
[14.586s][info ][gc,heap        ] GC(1222) DefNew: 19098K->1955K(19648K)
[14.586s][info ][gc,heap        ] GC(1222) Tenured: 5880K->6272K(43712K)
[14.586s][info ][gc,metaspace   ] GC(1222) Metaspace: 16398K->16398K(1064960K)
[14.586s][info ][gc             ] GC(1222) Pause Young (Allocation Failure) 24M->8M(61M) 0.576ms
[14.586s][info ][gc,cpu         ] GC(1222) User=0.00s Sys=0.00s Real=0.00s
[14.587s][info ][gc,start       ] GC(1223) Pause Young (Allocation Failure)
[14.588s][debug][gc,age         ] GC(1223) Desired survivor size 1114112 bytes, new threshold 1 (max threshold 15)
[14.588s][info ][gc,heap        ] GC(1223) DefNew: 19097K->1955K(19648K)
[14.588s][info ][gc,heap        ] GC(1223) Tenured: 6272K->7443K(43712K)
[14.588s][info ][gc,metaspace   ] GC(1223) Metaspace: 16398K->16398K(1064960K)
[14.588s][info ][gc             ] GC(1223) Pause Young (Allocation Failure) 24M->9M(61M) 0.827ms
[14.588s][info ][gc,cpu         ] GC(1223) User=0.00s Sys=0.00s Real=0.00s
[14.590s][info ][gc,start       ] GC(1224) Pause Young (Allocation Failure)
[14.590s][debug][gc,age         ] GC(1224) Desired survivor size 1114112 bytes, new threshold 1 (max threshold 15)
[14.590s][info ][gc,heap        ] GC(1224) DefNew: 19096K->1955K(19648K)
[14.590s][info ][gc,heap        ] GC(1224) Tenured: 7443K->8225K(43712K)
[14.590s][info ][gc,metaspace   ] GC(1224) Metaspace: 16398K->16398K(1064960K)
[14.590s][info ][gc             ] GC(1224) Pause Young (Allocation Failure) 25M->9M(61M) 0.584ms
[14.590s][info ][gc,cpu         ] GC(1224) User=0.00s Sys=0.00s Real=0.00s
[14.592s][info ][gc,start       ] GC(1225) Pause Young (Allocation Failure)
[14.592s][debug][gc,age         ] GC(1225) Desired survivor size 1114112 bytes, new threshold 1 (max threshold 15)
[14.592s][info ][gc,heap        ] GC(1225) DefNew: 19096K->1955K(19648K)
[14.592s][info ][gc,heap        ] GC(1225) Tenured: 8225K->8225K(43712K)
[14.592s][info ][gc,metaspace   ] GC(1225) Metaspace: 16398K->16398K(1064960K)
[14.592s][info ][gc             ] GC(1225) Pause Young (Allocation Failure) 26M->9M(61M) 0.514ms
[14.592s][info ][gc,cpu         ] GC(1225) User=0.00s Sys=0.00s Real=0.00s
[14.594s][info ][gc,start       ] GC(1226) Pause Young (Allocation Failure)
[14.594s][debug][gc,age         ] GC(1226) Desired survivor size 1114112 bytes, new threshold 1 (max threshold 15)
[14.594s][info ][gc,heap        ] GC(1226) DefNew: 19096K->1955K(19648K)
[14.594s][info ][gc,heap        ] GC(1226) Tenured: 8225K->9006K(43712K)
[14.595s][info ][gc,metaspace   ] GC(1226) Metaspace: 16398K->16398K(1064960K)
[14.595s][info ][gc             ] GC(1226) Pause Young (Allocation Failure) 26M->10M(61M) 0.931ms
[14.595s][info ][gc,cpu         ] GC(1226) User=0.00s Sys=0.00s Real=0.00s
[14.596s][info ][gc,start       ] GC(1227) Pause Young (Allocation Failure)
[14.596s][debug][gc,age         ] GC(1227) Desired survivor size 1114112 bytes, new threshold 1 (max threshold 15)
[14.596s][info ][gc,heap        ] GC(1227) DefNew: 19096K->1954K(19648K)
[14.596s][info ][gc,heap        ] GC(1227) Tenured: 9006K->9397K(43712K)
[14.596s][info ][gc,metaspace   ] GC(1227) Metaspace: 16398K->16398K(1064960K)
[14.596s][info ][gc             ] GC(1227) Pause Young (Allocation Failure) 27M->11M(61M) 0.552ms
[14.596s][info ][gc,cpu         ] GC(1227) User=0.00s Sys=0.00s Real=0.00s
[14.598s][info ][gc,start       ] GC(1228) Pause Young (Allocation Failure)
[14.598s][debug][gc,age         ] GC(1228) Desired survivor size 1114112 bytes, new threshold 1 (max threshold 15)
[14.598s][info ][gc,heap        ] GC(1228) DefNew: 19045K->1955K(19648K)
[14.598s][info ][gc,heap        ] GC(1228) Tenured: 9397K->10179K(43712K)
[14.599s][info ][gc,metaspace   ] GC(1228) Metaspace: 16398K->16398K(1064960K)
[14.599s][info ][gc             ] GC(1228) Pause Young (Allocation Failure) 27M->11M(61M) 0.786ms
[14.599s][info ][gc,cpu         ] GC(1228) User=0.00s Sys=0.00s Real=0.00s
[14.600s][info ][gc,start       ] GC(1229) Pause Young (Allocation Failure)
[14.600s][debug][gc,age         ] GC(1229) Desired survivor size 1114112 bytes, new threshold 1 (max threshold 15)
[14.600s][info ][gc,heap        ] GC(1229) DefNew: 19114K->1955K(19648K)
[14.601s][info ][gc,heap        ] GC(1229) Tenured: 10179K->10570K(43712K)
[14.601s][info ][gc,metaspace   ] GC(1229) Metaspace: 16398K->16398K(1064960K)
[14.601s][info ][gc             ] GC(1229) Pause Young (Allocation Failure) 28M->12M(61M) 0.592ms
[14.601s][info ][gc,cpu         ] GC(1229) User=0.00s Sys=0.00s Real=0.00s
[14.602s][info ][gc,start       ] GC(1230) Pause Young (Allocation Failure)
[14.602s][debug][gc,age         ] GC(1230) Desired survivor size 1114112 bytes, new threshold 1 (max threshold 15)
[14.602s][info ][gc,heap        ] GC(1230) DefNew: 19107K->1955K(19648K)
[14.602s][info ][gc,heap        ] GC(1230) Tenured: 10570K->10570K(43712K)
[14.602s][info ][gc,metaspace   ] GC(1230) Metaspace: 16398K->16398K(1064960K)
[14.602s][info ][gc             ] GC(1230) Pause Young (Allocation Failure) 28M->12M(61M) 0.545ms
[14.602s][info ][gc,cpu         ] GC(1230) User=0.00s Sys=0.00s Real=0.00s
[14.604s][info ][gc,start       ] GC(1231) Pause Young (Allocation Failure)
[14.604s][debug][gc,age         ] GC(1231) Desired survivor size 1114112 bytes, new threshold 1 (max threshold 15)
[14.604s][info ][gc,heap        ] GC(1231) DefNew: 19103K->1955K(19648K)
[14.604s][info ][gc,heap        ] GC(1231) Tenured: 10570K->10960K(43712K)
[14.604s][info ][gc,metaspace   ] GC(1231) Metaspace: 16398K->16398K(1064960K)
[14.604s][info ][gc             ] GC(1231) Pause Young (Allocation Failure) 28M->12M(61M) 0.657ms
[14.604s][info ][gc,cpu         ] GC(1231) User=0.00s Sys=0.00s Real=0.00s
[14.606s][info ][gc,start       ] GC(1232) Pause Young (Allocation Failure)
[14.606s][debug][gc,age         ] GC(1232) Desired survivor size 1114112 bytes, new threshold 1 (max threshold 15)
[14.606s][info ][gc,heap        ] GC(1232) DefNew: 19056K->1564K(19648K)
[14.606s][info ][gc,heap        ] GC(1232) Tenured: 10960K->10961K(43712K)
[14.606s][info ][gc,metaspace   ] GC(1232) Metaspace: 16398K->16398K(1064960K)
[14.606s][info ][gc             ] GC(1232) Pause Young (Allocation Failure) 29M->12M(61M) 0.627ms
[14.606s][info ][gc,cpu         ] GC(1232) User=0.00s Sys=0.00s Real=0.00s
[14.608s][info ][gc,start       ] GC(1233) Pause Young (Allocation Failure)
[14.608s][debug][gc,age         ] GC(1233) Desired survivor size 1114112 bytes, new threshold 1 (max threshold 15)
[14.608s][info ][gc,heap        ] GC(1233) DefNew: 18675K->1955K(19648K)
[14.608s][info ][gc,heap        ] GC(1233) Tenured: 10961K->11352K(43712K)
[14.608s][info ][gc,metaspace   ] GC(1233) Metaspace: 16398K->16398K(1064960K)
[14.608s][info ][gc             ] GC(1233) Pause Young (Allocation Failure) 28M->12M(61M) 0.562ms
[14.608s][info ][gc,cpu         ] GC(1233) User=0.00s Sys=0.00s Real=0.00s
[14.610s][info ][gc,start       ] GC(1234) Pause Young (Allocation Failure)
[14.610s][debug][gc,age         ] GC(1234) Desired survivor size 1114112 bytes, new threshold 1 (max threshold 15)
[14.610s][info ][gc,heap        ] GC(1234) DefNew: 19125K->1955K(19648K)
[14.610s][info ][gc,heap        ] GC(1234) Tenured: 11352K->12524K(43712K)
[14.610s][info ][gc,metaspace   ] GC(1234) Metaspace: 16398K->16398K(1064960K)
[14.610s][info ][gc             ] GC(1234) Pause Young (Allocation Failure) 29M->14M(61M) 0.679ms
[14.610s][info ][gc,cpu         ] GC(1234) User=0.00s Sys=0.00s Real=0.00s
[14.612s][info ][gc,start       ] GC(1235) Pause Young (Allocation Failure)
[14.612s][debug][gc,age         ] GC(1235) Desired survivor size 1114112 bytes, new threshold 1 (max threshold 15)
[14.612s][info ][gc,heap        ] GC(1235) DefNew: 19114K->1955K(19648K)
[14.612s][info ][gc,heap        ] GC(1235) Tenured: 12524K->12524K(43712K)
[14.612s][info ][gc,metaspace   ] GC(1235) Metaspace: 16398K->16398K(1064960K)
[14.612s][info ][gc             ] GC(1235) Pause Young (Allocation Failure) 30M->14M(61M) 0.684ms
[14.612s][info ][gc,cpu         ] GC(1235) User=0.00s Sys=0.00s Real=0.00s
[14.614s][info ][gc,start       ] GC(1236) Pause Young (Allocation Failure)
[14.614s][debug][gc,age         ] GC(1236) Desired survivor size 1114112 bytes, new threshold 1 (max threshold 15)
[14.614s][info ][gc,heap        ] GC(1236) DefNew: 19108K->1955K(19648K)
[14.614s][info ][gc,heap        ] GC(1236) Tenured: 12524K->13305K(43712K)
[14.614s][info ][gc,metaspace   ] GC(1236) Metaspace: 16398K->16398K(1064960K)
[14.614s][info ][gc             ] GC(1236) Pause Young (Allocation Failure) 30M->14M(61M) 0.779ms
[14.614s][info ][gc,cpu         ] GC(1236) User=0.00s Sys=0.00s Real=0.00s
[14.616s][info ][gc,start       ] GC(1237) Pause Young (Allocation Failure)
[14.616s][debug][gc,age         ] GC(1237) Desired survivor size 1114112 bytes, new threshold 1 (max threshold 15)
[14.616s][info ][gc,heap        ] GC(1237) DefNew: 19103K->1955K(19648K)
[14.616s][info ][gc,heap        ] GC(1237) Tenured: 13305K->13696K(43712K)
[14.616s][info ][gc,metaspace   ] GC(1237) Metaspace: 16398K->16398K(1064960K)
[14.616s][info ][gc             ] GC(1237) Pause Young (Allocation Failure) 31M->15M(61M) 0.744ms
[14.616s][info ][gc,cpu         ] GC(1237) User=0.00s Sys=0.00s Real=0.00s
[14.618s][info ][gc,start       ] GC(1238) Pause Young (Allocation Failure)
[14.618s][debug][gc,age         ] GC(1238) Desired survivor size 1114112 bytes, new threshold 1 (max threshold 15)
[14.618s][info ][gc,heap        ] GC(1238) DefNew: 19100K->1564K(19648K)
[14.618s][info ][gc,heap        ] GC(1238) Tenured: 13696K->14086K(43712K)
[14.618s][info ][gc,metaspace   ] GC(1238) Metaspace: 16398K->16398K(1064960K)
[14.618s][info ][gc             ] GC(1238) Pause Young (Allocation Failure) 32M->15M(61M) 0.569ms
[14.618s][info ][gc,cpu         ] GC(1238) User=0.00s Sys=0.00s Real=0.00s
[14.620s][info ][gc,start       ] GC(1239) Pause Young (Allocation Failure)
[14.620s][debug][gc,age         ] GC(1239) Desired survivor size 1114112 bytes, new threshold 1 (max threshold 15)
[14.620s][info ][gc,heap        ] GC(1239) DefNew: 18708K->1955K(19648K)
[14.620s][info ][gc,heap        ] GC(1239) Tenured: 14086K->14868K(43712K)
[14.620s][info ][gc,metaspace   ] GC(1239) Metaspace: 16398K->16398K(1064960K)
[14.620s][info ][gc             ] GC(1239) Pause Young (Allocation Failure) 32M->16M(61M) 0.737ms
[14.620s][info ][gc,cpu         ] GC(1239) User=0.01s Sys=0.00s Real=0.00s
[14.622s][info ][gc,start       ] GC(1240) Pause Young (Allocation Failure)
[14.622s][debug][gc,age         ] GC(1240) Desired survivor size 1114112 bytes, new threshold 1 (max threshold 15)
[14.622s][info ][gc,heap        ] GC(1240) DefNew: 19098K->1955K(19648K)
[14.622s][info ][gc,heap        ] GC(1240) Tenured: 14868K->15649K(43712K)
[14.622s][info ][gc,metaspace   ] GC(1240) Metaspace: 16398K->16398K(1064960K)
[14.622s][info ][gc             ] GC(1240) Pause Young (Allocation Failure) 33M->17M(61M) 0.602ms
[14.622s][info ][gc,cpu         ] GC(1240) User=0.00s Sys=0.00s Real=0.00s
[14.624s][info ][gc,start       ] GC(1241) Pause Young (Allocation Failure)
[14.624s][debug][gc,age         ] GC(1241) Desired survivor size 1114112 bytes, new threshold 1 (max threshold 15)
[14.624s][info ][gc,heap        ] GC(1241) DefNew: 19097K->1564K(19648K)
[14.624s][info ][gc,heap        ] GC(1241) Tenured: 15649K->15649K(43712K)
[14.624s][info ][gc,metaspace   ] GC(1241) Metaspace: 16398K->16398K(1064960K)
[14.624s][info ][gc             ] GC(1241) Pause Young (Allocation Failure) 33M->16M(61M) 0.542ms
[14.624s][info ][gc,cpu         ] GC(1241) User=0.00s Sys=0.00s Real=0.00s
[14.625s][info ][gc,start       ] GC(1242) Pause Young (Allocation Failure)
[14.626s][debug][gc,age         ] GC(1242) Desired survivor size 1114112 bytes, new threshold 1 (max threshold 15)
[14.626s][info ][gc,heap        ] GC(1242) DefNew: 18706K->1955K(19648K)
[14.626s][info ][gc,heap        ] GC(1242) Tenured: 15649K->16821K(43712K)
[14.626s][info ][gc,metaspace   ] GC(1242) Metaspace: 16398K->16398K(1064960K)
[14.626s][info ][gc             ] GC(1242) Pause Young (Allocation Failure) 33M->18M(61M) 0.640ms
[14.626s][info ][gc,cpu         ] GC(1242) User=0.00s Sys=0.00s Real=0.00s
[14.628s][info ][gc,start       ] GC(1243) Pause Young (Allocation Failure)
[14.628s][debug][gc,age         ] GC(1243) Desired survivor size 1114112 bytes, new threshold 1 (max threshold 15)
[14.628s][info ][gc,heap        ] GC(1243) DefNew: 19096K->1174K(19648K)
[14.628s][info ][gc,heap        ] GC(1243) Tenured: 16821K->16821K(43712K)
[14.628s][info ][gc,metaspace   ] GC(1243) Metaspace: 16398K->16398K(1064960K)
[14.628s][info ][gc             ] GC(1243) Pause Young (Allocation Failure) 35M->17M(61M) 0.612ms
[14.628s][info ][gc,cpu         ] GC(1243) User=0.00s Sys=0.00s Real=0.00s
[14.629s][info ][gc,start       ] GC(1244) Pause Young (Allocation Failure)
[14.630s][debug][gc,age         ] GC(1244) Desired survivor size 1114112 bytes, new threshold 1 (max threshold 15)
[14.630s][info ][gc,heap        ] GC(1244) DefNew: 18274K->1173K(19648K)
[14.630s][info ][gc,heap        ] GC(1244) Tenured: 16821K->16821K(43712K)
[14.630s][info ][gc,metaspace   ] GC(1244) Metaspace: 16398K->16398K(1064960K)
[14.630s][info ][gc             ] GC(1244) Pause Young (Allocation Failure) 34M->17M(61M) 0.533ms
[14.630s][info ][gc,cpu         ] GC(1244) User=0.00s Sys=0.00s Real=0.00s
[14.631s][info ][gc,start       ] GC(1245) Pause Young (Allocation Failure)
[14.632s][debug][gc,age         ] GC(1245) Desired survivor size 1114112 bytes, new threshold 1 (max threshold 15)
[14.632s][info ][gc,heap        ] GC(1245) DefNew: 18329K->1955K(19648K)
[14.632s][info ][gc,heap        ] GC(1245) Tenured: 16821K->17212K(43712K)
[14.632s][info ][gc,metaspace   ] GC(1245) Metaspace: 16398K->16398K(1064960K)
[14.632s][info ][gc             ] GC(1245) Pause Young (Allocation Failure) 34M->18M(61M) 0.633ms
[14.632s][info ][gc,cpu         ] GC(1245) User=0.00s Sys=0.00s Real=0.00s
[14.633s][info ][gc,start       ] GC(1246) Pause Young (Allocation Failure)
[14.634s][debug][gc,age         ] GC(1246) Desired survivor size 1114112 bytes, new threshold 1 (max threshold 15)
[14.634s][info ][gc,heap        ] GC(1246) DefNew: 19105K->1955K(19648K)
[14.634s][info ][gc,heap        ] GC(1246) Tenured: 17212K->17603K(43712K)
[14.634s][info ][gc,metaspace   ] GC(1246) Metaspace: 16398K->16398K(1064960K)
[14.634s][info ][gc             ] GC(1246) Pause Young (Allocation Failure) 35M->19M(61M) 0.838ms
[14.634s][info ][gc,cpu         ] GC(1246) User=0.00s Sys=0.00s Real=0.00s
[14.636s][info ][gc,start       ] GC(1247) Pause Young (Allocation Failure)
[14.636s][debug][gc,age         ] GC(1247) Desired survivor size 1114112 bytes, new threshold 1 (max threshold 15)
[14.636s][info ][gc,heap        ] GC(1247) DefNew: 19102K->1955K(19648K)
[14.636s][info ][gc,heap        ] GC(1247) Tenured: 17603K->18384K(43712K)
[14.636s][info ][gc,metaspace   ] GC(1247) Metaspace: 16398K->16398K(1064960K)
[14.636s][info ][gc             ] GC(1247) Pause Young (Allocation Failure) 35M->19M(61M) 0.711ms
[14.636s][info ][gc,cpu         ] GC(1247) User=0.01s Sys=0.00s Real=0.00s
[14.638s][info ][gc,start       ] GC(1248) Pause Young (Allocation Failure)
[14.638s][debug][gc,age         ] GC(1248) Desired survivor size 1114112 bytes, new threshold 1 (max threshold 15)
[14.638s][info ][gc,heap        ] GC(1248) DefNew: 19100K->1955K(19648K)
[14.638s][info ][gc,heap        ] GC(1248) Tenured: 18384K->19556K(43712K)
[14.638s][info ][gc,metaspace   ] GC(1248) Metaspace: 16398K->16398K(1064960K)
[14.638s][info ][gc             ] GC(1248) Pause Young (Allocation Failure) 36M->21M(61M) 0.686ms
[14.638s][info ][gc,cpu         ] GC(1248) User=0.00s Sys=0.00s Real=0.00s
[14.640s][info ][gc,start       ] GC(1249) Pause Young (Allocation Failure)
[14.640s][debug][gc,age         ] GC(1249) Desired survivor size 1114112 bytes, new threshold 1 (max threshold 15)
[14.640s][info ][gc,heap        ] GC(1249) DefNew: 19098K->1955K(19648K)
[14.640s][info ][gc,heap        ] GC(1249) Tenured: 19556K->19946K(43712K)
[14.640s][info ][gc,metaspace   ] GC(1249) Metaspace: 16398K->16398K(1064960K)
[14.640s][info ][gc             ] GC(1249) Pause Young (Allocation Failure) 37M->21M(61M) 0.527ms
[14.640s][info ][gc,cpu         ] GC(1249) User=0.00s Sys=0.00s Real=0.00s
[14.642s][info ][gc,start       ] GC(1250) Pause Young (Allocation Failure)
[14.642s][debug][gc,age         ] GC(1250) Desired survivor size 1114112 bytes, new threshold 1 (max threshold 15)
[14.642s][info ][gc,heap        ] GC(1250) DefNew: 19097K->1955K(19648K)
[14.642s][info ][gc,heap        ] GC(1250) Tenured: 19946K->19947K(43712K)
[14.642s][info ][gc,metaspace   ] GC(1250) Metaspace: 16398K->16398K(1064960K)
[14.642s][info ][gc             ] GC(1250) Pause Young (Allocation Failure) 38M->21M(61M) 0.596ms
[14.642s][info ][gc,cpu         ] GC(1250) User=0.00s Sys=0.00s Real=0.00s
[14.643s][info ][gc,start       ] GC(1251) Pause Young (Allocation Failure)
[14.644s][debug][gc,age         ] GC(1251) Desired survivor size 1114112 bytes, new threshold 1 (max threshold 15)
[14.644s][info ][gc,heap        ] GC(1251) DefNew: 19096K->1955K(19648K)
[14.644s][info ][gc,heap        ] GC(1251) Tenured: 19947K->21119K(43712K)
[14.644s][info ][gc,metaspace   ] GC(1251) Metaspace: 16398K->16398K(1064960K)
[14.644s][info ][gc             ] GC(1251) Pause Young (Allocation Failure) 38M->22M(61M) 0.640ms
[14.644s][info ][gc,cpu         ] GC(1251) User=0.00s Sys=0.00s Real=0.00s
[14.646s][info ][gc,start       ] GC(1252) Pause Young (Allocation Failure)
[14.646s][debug][gc,age         ] GC(1252) Desired survivor size 1114112 bytes, new threshold 1 (max threshold 15)
[14.646s][info ][gc,heap        ] GC(1252) DefNew: 19054K->1955K(19648K)
[14.646s][info ][gc,heap        ] GC(1252) Tenured: 21119K->21119K(43712K)
[14.646s][info ][gc,metaspace   ] GC(1252) Metaspace: 16398K->16398K(1064960K)
[14.646s][info ][gc             ] GC(1252) Pause Young (Allocation Failure) 39M->22M(61M) 0.547ms
[14.646s][info ][gc,cpu         ] GC(1252) User=0.00s Sys=0.00s Real=0.00s
[14.647s][info ][gc,start       ] GC(1253) Pause Young (Allocation Failure)
[14.648s][debug][gc,age         ] GC(1253) Desired survivor size 1114112 bytes, new threshold 1 (max threshold 15)
[14.648s][info ][gc,heap        ] GC(1253) DefNew: 19111K->1955K(19648K)
[14.648s][info ][gc,heap        ] GC(1253) Tenured: 21119K->21900K(43712K)
[14.648s][info ][gc,metaspace   ] GC(1253) Metaspace: 16398K->16398K(1064960K)
[14.648s][info ][gc             ] GC(1253) Pause Young (Allocation Failure) 39M->23M(61M) 0.574ms
[14.648s][info ][gc,cpu         ] GC(1253) User=0.00s Sys=0.00s Real=0.00s
[14.649s][info ][gc,start       ] GC(1254) Pause Young (Allocation Failure)
[14.650s][debug][gc,age         ] GC(1254) Desired survivor size 1114112 bytes, new threshold 1 (max threshold 15)
[14.650s][info ][gc,heap        ] GC(1254) DefNew: 19106K->1955K(19648K)
[14.650s][info ][gc,heap        ] GC(1254) Tenured: 21900K->21900K(43712K)
[14.650s][info ][gc,metaspace   ] GC(1254) Metaspace: 16398K->16398K(1064960K)
[14.650s][info ][gc             ] GC(1254) Pause Young (Allocation Failure) 40M->23M(61M) 0.579ms
[14.650s][info ][gc,cpu         ] GC(1254) User=0.00s Sys=0.00s Real=0.00s
[14.651s][info ][gc,start       ] GC(1255) Pause Young (Allocation Failure)
[14.652s][debug][gc,age         ] GC(1255) Desired survivor size 1114112 bytes, new threshold 1 (max threshold 15)
[14.652s][info ][gc,heap        ] GC(1255) DefNew: 19060K->1955K(19648K)
[14.652s][info ][gc,heap        ] GC(1255) Tenured: 21900K->22291K(43712K)
[14.652s][info ][gc,metaspace   ] GC(1255) Metaspace: 16398K->16398K(1064960K)
[14.652s][info ][gc             ] GC(1255) Pause Young (Allocation Failure) 40M->23M(61M) 0.853ms
[14.652s][info ][gc,cpu         ] GC(1255) User=0.00s Sys=0.00s Real=0.00s
[14.654s][info ][gc,start       ] GC(1256) Pause Young (Allocation Failure)
[14.654s][debug][gc,age         ] GC(1256) Desired survivor size 1114112 bytes, new threshold 1 (max threshold 15)
[14.654s][info ][gc,heap        ] GC(1256) DefNew: 19068K->1955K(19648K)
[14.654s][info ][gc,heap        ] GC(1256) Tenured: 22291K->23073K(43712K)
[14.654s][info ][gc,metaspace   ] GC(1256) Metaspace: 16398K->16398K(1064960K)
[14.654s][info ][gc             ] GC(1256) Pause Young (Allocation Failure) 40M->24M(61M) 0.695ms
[14.654s][info ][gc,cpu         ] GC(1256) User=0.00s Sys=0.00s Real=0.00s
[14.656s][info ][gc,start       ] GC(1257) Pause Young (Allocation Failure)
[14.656s][debug][gc,age         ] GC(1257) Desired survivor size 1114112 bytes, new threshold 1 (max threshold 15)
[14.656s][info ][gc,heap        ] GC(1257) DefNew: 19124K->1955K(19648K)
[14.656s][info ][gc,heap        ] GC(1257) Tenured: 23073K->24245K(43712K)
[14.656s][info ][gc,metaspace   ] GC(1257) Metaspace: 16398K->16398K(1064960K)
[14.656s][info ][gc             ] GC(1257) Pause Young (Allocation Failure) 41M->25M(61M) 0.848ms
[14.656s][info ][gc,cpu         ] GC(1257) User=0.00s Sys=0.00s Real=0.00s
[14.658s][info ][gc,start       ] GC(1258) Pause Young (Allocation Failure)
[14.658s][debug][gc,age         ] GC(1258) Desired survivor size 1114112 bytes, new threshold 1 (max threshold 15)
[14.658s][info ][gc,heap        ] GC(1258) DefNew: 19114K->1564K(19648K)
[14.658s][info ][gc,heap        ] GC(1258) Tenured: 24245K->24245K(43712K)
[14.658s][info ][gc,metaspace   ] GC(1258) Metaspace: 16398K->16398K(1064960K)
[14.658s][info ][gc             ] GC(1258) Pause Young (Allocation Failure) 42M->25M(61M) 0.485ms
[14.658s][info ][gc,cpu         ] GC(1258) User=0.00s Sys=0.00s Real=0.00s
[14.660s][info ][gc,start       ] GC(1259) Pause Young (Allocation Failure)
[14.660s][debug][gc,age         ] GC(1259) Desired survivor size 1114112 bytes, new threshold 1 (max threshold 15)
[14.660s][info ][gc,heap        ] GC(1259) DefNew: 18670K->1564K(19648K)
[14.660s][info ][gc,heap        ] GC(1259) Tenured: 24245K->24636K(43712K)
[14.660s][info ][gc,metaspace   ] GC(1259) Metaspace: 16398K->16398K(1064960K)
[14.660s][info ][gc             ] GC(1259) Pause Young (Allocation Failure) 41M->25M(61M) 0.566ms
[14.660s][info ][gc,cpu         ] GC(1259) User=0.01s Sys=0.00s Real=0.00s
[14.662s][info ][gc,start       ] GC(1260) Pause Young (Allocation Failure)
[14.662s][debug][gc,age         ] GC(1260) Desired survivor size 1114112 bytes, new threshold 1 (max threshold 15)
[14.662s][info ][gc,heap        ] GC(1260) DefNew: 18681K->1955K(19648K)
[14.662s][info ][gc,heap        ] GC(1260) Tenured: 24636K->24636K(43712K)
[14.662s][info ][gc,metaspace   ] GC(1260) Metaspace: 16398K->16398K(1064960K)
[14.662s][info ][gc             ] GC(1260) Pause Young (Allocation Failure) 42M->25M(61M) 0.610ms
[14.662s][info ][gc,cpu         ] GC(1260) User=0.00s Sys=0.00s Real=0.00s
[14.664s][info ][gc,start       ] GC(1261) Pause Young (Allocation Failure)
[14.664s][debug][gc,age         ] GC(1261) Desired survivor size 1114112 bytes, new threshold 1 (max threshold 15)
[14.664s][info ][gc,heap        ] GC(1261) DefNew: 19128K->1955K(19648K)
[14.664s][info ][gc,heap        ] GC(1261) Tenured: 24636K->25027K(43712K)
[14.664s][info ][gc,metaspace   ] GC(1261) Metaspace: 16398K->16398K(1064960K)
[14.664s][info ][gc             ] GC(1261) Pause Young (Allocation Failure) 42M->26M(61M) 0.673ms
[14.664s][info ][gc,cpu         ] GC(1261) User=0.00s Sys=0.00s Real=0.00s
[14.666s][info ][gc,start       ] GC(1262) Pause Young (Allocation Failure)
[14.666s][debug][gc,age         ] GC(1262) Desired survivor size 1114112 bytes, new threshold 1 (max threshold 15)
[14.666s][info ][gc,heap        ] GC(1262) DefNew: 19117K->1955K(19648K)
[14.666s][info ][gc,heap        ] GC(1262) Tenured: 25027K->26199K(43712K)
[14.666s][info ][gc,metaspace   ] GC(1262) Metaspace: 16398K->16398K(1064960K)
[14.666s][info ][gc             ] GC(1262) Pause Young (Allocation Failure) 43M->27M(61M) 0.650ms
[14.666s][info ][gc,cpu         ] GC(1262) User=0.00s Sys=0.00s Real=0.00s
[14.668s][info ][gc,start       ] GC(1263) Pause Young (Allocation Failure)
[14.668s][debug][gc,age         ] GC(1263) Desired survivor size 1114112 bytes, new threshold 1 (max threshold 15)
[14.668s][info ][gc,heap        ] GC(1263) DefNew: 19109K->1955K(19648K)
[14.668s][info ][gc,heap        ] GC(1263) Tenured: 26199K->26589K(43712K)
[14.668s][info ][gc,metaspace   ] GC(1263) Metaspace: 16398K->16398K(1064960K)
[14.668s][info ][gc             ] GC(1263) Pause Young (Allocation Failure) 44M->27M(61M) 0.663ms
[14.668s][info ][gc,cpu         ] GC(1263) User=0.00s Sys=0.00s Real=0.00s
[14.670s][info ][gc,start       ] GC(1264) Pause Young (Allocation Failure)
[14.671s][debug][gc,age         ] GC(1264) Desired survivor size 1114112 bytes, new threshold 1 (max threshold 15)
[14.671s][info ][gc,heap        ] GC(1264) DefNew: 19059K->1955K(19648K)
[14.671s][info ][gc,heap        ] GC(1264) Tenured: 26589K->27371K(43712K)
[14.671s][info ][gc,metaspace   ] GC(1264) Metaspace: 16398K->16398K(1064960K)
[14.671s][info ][gc             ] GC(1264) Pause Young (Allocation Failure) 44M->28M(61M) 0.700ms
[14.671s][info ][gc,cpu         ] GC(1264) User=0.00s Sys=0.00s Real=0.00s
[14.672s][info ][gc,start       ] GC(1265) Pause Young (Allocation Failure)
[14.673s][debug][gc,age         ] GC(1265) Desired survivor size 1114112 bytes, new threshold 1 (max threshold 15)
[14.673s][info ][gc,heap        ] GC(1265) DefNew: 19117K->1955K(19648K)
[14.673s][info ][gc,heap        ] GC(1265) Tenured: 27371K->27762K(43712K)
[14.673s][info ][gc,metaspace   ] GC(1265) Metaspace: 16398K->16398K(1064960K)
[14.673s][info ][gc             ] GC(1265) Pause Young (Allocation Failure) 45M->29M(61M) 0.679ms
[14.673s][info ][gc,cpu         ] GC(1265) User=0.00s Sys=0.00s Real=0.00s
[14.674s][info ][gc,start       ] GC(1266) Pause Young (Allocation Failure)
[14.675s][debug][gc,age         ] GC(1266) Desired survivor size 1114112 bytes, new threshold 1 (max threshold 15)
[14.675s][info ][gc,heap        ] GC(1266) DefNew: 19110K->1955K(19648K)
[14.675s][info ][gc,heap        ] GC(1266) Tenured: 27762K->28934K(43712K)
[14.675s][info ][gc,metaspace   ] GC(1266) Metaspace: 16398K->16398K(1064960K)
[14.675s][info ][gc             ] GC(1266) Pause Young (Allocation Failure) 45M->30M(61M) 0.688ms
[14.675s][info ][gc,cpu         ] GC(1266) User=0.01s Sys=0.00s Real=0.00s
[14.676s][info ][gc,start       ] GC(1267) Pause Young (Allocation Failure)
[14.677s][debug][gc,age         ] GC(1267) Desired survivor size 1114112 bytes, new threshold 1 (max threshold 15)
[14.677s][info ][gc,heap        ] GC(1267) DefNew: 19105K->1955K(19648K)
[14.677s][info ][gc,heap        ] GC(1267) Tenured: 28934K->28934K(43712K)
[14.677s][info ][gc,metaspace   ] GC(1267) Metaspace: 16398K->16398K(1064960K)
[14.677s][info ][gc             ] GC(1267) Pause Young (Allocation Failure) 46M->30M(61M) 0.601ms
[14.677s][info ][gc,cpu         ] GC(1267) User=0.00s Sys=0.00s Real=0.00s
[14.678s][info ][gc,start       ] GC(1268) Pause Young (Allocation Failure)
[14.679s][debug][gc,age         ] GC(1268) Desired survivor size 1114112 bytes, new threshold 1 (max threshold 15)
[14.679s][info ][gc,heap        ] GC(1268) DefNew: 19101K->1955K(19648K)
[14.679s][info ][gc,heap        ] GC(1268) Tenured: 28934K->30105K(43712K)
[14.679s][info ][gc,metaspace   ] GC(1268) Metaspace: 16398K->16398K(1064960K)
[14.679s][info ][gc             ] GC(1268) Pause Young (Allocation Failure) 46M->31M(61M) 0.907ms
[14.679s][info ][gc,cpu         ] GC(1268) User=0.00s Sys=0.00s Real=0.00s
[14.680s][info ][gc,start       ] GC(1269) Pause Young (Allocation Failure)
[14.681s][debug][gc,age         ] GC(1269) Desired survivor size 1114112 bytes, new threshold 1 (max threshold 15)
[14.681s][info ][gc,heap        ] GC(1269) DefNew: 19099K->1955K(19648K)
[14.681s][info ][gc,heap        ] GC(1269) Tenured: 30105K->30887K(43712K)
[14.681s][info ][gc,metaspace   ] GC(1269) Metaspace: 16398K->16398K(1064960K)
[14.681s][info ][gc             ] GC(1269) Pause Young (Allocation Failure) 48M->32M(61M) 0.583ms
[14.681s][info ][gc,cpu         ] GC(1269) User=0.00s Sys=0.00s Real=0.00s
[14.682s][info ][gc,start       ] GC(1270) Pause Young (Allocation Failure)
[14.683s][debug][gc,age         ] GC(1270) Desired survivor size 1114112 bytes, new threshold 1 (max threshold 15)
[14.683s][info ][gc,heap        ] GC(1270) DefNew: 19098K->1955K(19648K)
[14.683s][info ][gc,heap        ] GC(1270) Tenured: 30887K->32059K(43712K)
[14.683s][info ][gc,metaspace   ] GC(1270) Metaspace: 16398K->16398K(1064960K)
[14.683s][info ][gc             ] GC(1270) Pause Young (Allocation Failure) 48M->33M(61M) 0.638ms
[14.683s][info ][gc,cpu         ] GC(1270) User=0.00s Sys=0.00s Real=0.00s
[14.684s][info ][gc,start       ] GC(1271) Pause Young (Allocation Failure)
[14.685s][debug][gc,age         ] GC(1271) Desired survivor size 1114112 bytes, new threshold 1 (max threshold 15)
[14.685s][info ][gc,heap        ] GC(1271) DefNew: 19097K->1955K(19648K)
[14.685s][info ][gc,heap        ] GC(1271) Tenured: 32059K->32840K(43712K)
[14.685s][info ][gc,metaspace   ] GC(1271) Metaspace: 16398K->16398K(1064960K)
[14.685s][info ][gc             ] GC(1271) Pause Young (Allocation Failure) 49M->33M(61M) 0.670ms
[14.685s][info ][gc,cpu         ] GC(1271) User=0.00s Sys=0.00s Real=0.00s
[14.686s][info ][gc,start       ] GC(1272) Pause Young (Allocation Failure)
[14.687s][debug][gc,age         ] GC(1272) Desired survivor size 1114112 bytes, new threshold 1 (max threshold 15)
[14.687s][info ][gc,heap        ] GC(1272) DefNew: 19097K->1955K(19648K)
[14.687s][info ][gc,heap        ] GC(1272) Tenured: 32840K->33621K(43712K)
[14.687s][info ][gc,metaspace   ] GC(1272) Metaspace: 16398K->16398K(1064960K)
[14.687s][info ][gc             ] GC(1272) Pause Young (Allocation Failure) 50M->34M(61M) 0.711ms
[14.687s][info ][gc,cpu         ] GC(1272) User=0.00s Sys=0.00s Real=0.00s
[14.688s][info ][gc,start       ] GC(1273) Pause Young (Allocation Failure)
[14.689s][debug][gc,age         ] GC(1273) Desired survivor size 1114112 bytes, new threshold 1 (max threshold 15)
[14.689s][info ][gc,heap        ] GC(1273) DefNew: 19096K->1955K(19648K)
[14.689s][info ][gc,heap        ] GC(1273) Tenured: 33621K->34012K(43712K)
[14.689s][info ][gc,metaspace   ] GC(1273) Metaspace: 16398K->16398K(1064960K)
[14.689s][info ][gc             ] GC(1273) Pause Young (Allocation Failure) 51M->35M(61M) 0.556ms
[14.689s][info ][gc,cpu         ] GC(1273) User=0.00s Sys=0.00s Real=0.00s
[14.690s][info ][gc,start       ] GC(1274) Pause Young (Allocation Failure)
[14.691s][debug][gc,age         ] GC(1274) Desired survivor size 1114112 bytes, new threshold 1 (max threshold 15)
[14.691s][info ][gc,heap        ] GC(1274) DefNew: 19096K->1955K(19648K)
[14.691s][info ][gc,heap        ] GC(1274) Tenured: 34012K->34012K(43712K)
[14.691s][info ][gc,metaspace   ] GC(1274) Metaspace: 16398K->16398K(1064960K)
[14.691s][info ][gc             ] GC(1274) Pause Young (Allocation Failure) 51M->35M(61M) 0.706ms
[14.691s][info ][gc,cpu         ] GC(1274) User=0.00s Sys=0.00s Real=0.00s
[14.692s][info ][gc,start       ] GC(1275) Pause Young (Allocation Failure)
[14.693s][debug][gc,age         ] GC(1275) Desired survivor size 1114112 bytes, new threshold 1 (max threshold 15)
[14.693s][info ][gc,heap        ] GC(1275) DefNew: 19096K->1174K(19648K)
[14.693s][info ][gc,heap        ] GC(1275) Tenured: 34012K->34012K(43712K)
[14.693s][info ][gc,metaspace   ] GC(1275) Metaspace: 16398K->16398K(1064960K)
[14.693s][info ][gc             ] GC(1275) Pause Young (Allocation Failure) 51M->34M(61M) 0.418ms
[14.693s][info ][gc,cpu         ] GC(1275) User=0.00s Sys=0.00s Real=0.00s
[14.694s][info ][gc,start       ] GC(1276) Pause Young (Allocation Failure)
[14.695s][debug][gc,age         ] GC(1276) Desired survivor size 1114112 bytes, new threshold 1 (max threshold 15)
[14.695s][info ][gc,heap        ] GC(1276) DefNew: 18314K->1955K(19648K)
[14.695s][info ][gc,heap        ] GC(1276) Tenured: 34012K->34793K(43712K)
[14.695s][info ][gc,metaspace   ] GC(1276) Metaspace: 16398K->16398K(1064960K)
[14.695s][info ][gc             ] GC(1276) Pause Young (Allocation Failure) 51M->35M(61M) 0.814ms
[14.695s][info ][gc,cpu         ] GC(1276) User=0.00s Sys=0.00s Real=0.00s
[14.696s][info ][gc,start       ] GC(1277) Pause Young (Allocation Failure)
[14.697s][debug][gc,age         ] GC(1277) Desired survivor size 1114112 bytes, new threshold 1 (max threshold 15)
[14.697s][info ][gc,heap        ] GC(1277) DefNew: 19096K->1955K(19648K)
[14.697s][info ][gc,heap        ] GC(1277) Tenured: 34793K->35575K(43712K)
[14.697s][info ][gc,metaspace   ] GC(1277) Metaspace: 16398K->16398K(1064960K)
[14.697s][info ][gc             ] GC(1277) Pause Young (Allocation Failure) 52M->36M(61M) 0.587ms
[14.697s][info ][gc,cpu         ] GC(1277) User=0.00s Sys=0.00s Real=0.00s
[14.698s][info ][gc,start       ] GC(1278) Pause Young (Allocation Failure)
[14.699s][debug][gc,age         ] GC(1278) Desired survivor size 1114112 bytes, new threshold 1 (max threshold 15)
[14.699s][info ][gc,heap        ] GC(1278) DefNew: 19096K->1955K(19648K)
[14.699s][info ][gc,heap        ] GC(1278) Tenured: 35575K->35965K(43712K)
[14.699s][info ][gc,metaspace   ] GC(1278) Metaspace: 16398K->16398K(1064960K)
[14.699s][info ][gc             ] GC(1278) Pause Young (Allocation Failure) 53M->37M(61M) 0.560ms
[14.699s][info ][gc,cpu         ] GC(1278) User=0.00s Sys=0.00s Real=0.00s
[14.700s][info ][gc,start       ] GC(1279) Pause Young (Allocation Failure)
[14.701s][debug][gc,age         ] GC(1279) Desired survivor size 1114112 bytes, new threshold 1 (max threshold 15)
[14.701s][info ][gc,heap        ] GC(1279) DefNew: 19096K->1955K(19648K)
[14.701s][info ][gc,heap        ] GC(1279) Tenured: 35965K->36356K(43712K)
[14.701s][info ][gc,metaspace   ] GC(1279) Metaspace: 16398K->16398K(1064960K)
[14.701s][info ][gc             ] GC(1279) Pause Young (Allocation Failure) 53M->37M(61M) 0.756ms
[14.701s][info ][gc,cpu         ] GC(1279) User=0.00s Sys=0.00s Real=0.00s
[14.702s][info ][gc,start       ] GC(1280) Pause Young (Allocation Failure)
[14.703s][debug][gc,age         ] GC(1280) Desired survivor size 1114112 bytes, new threshold 15 (max threshold 15)
[14.703s][info ][gc,heap        ] GC(1280) DefNew: 19095K->392K(19648K)
[14.703s][info ][gc,heap        ] GC(1280) Tenured: 36356K->36356K(43712K)
[14.703s][info ][gc,metaspace   ] GC(1280) Metaspace: 16398K->16398K(1064960K)
[14.703s][info ][gc             ] GC(1280) Pause Young (Allocation Failure) 54M->35M(61M) 0.362ms
[14.703s][info ][gc,cpu         ] GC(1280) User=0.00s Sys=0.00s Real=0.00s
[14.704s][info ][gc,start       ] GC(1281) Pause Young (Allocation Failure)
[14.704s][debug][gc,age         ] GC(1281) Desired survivor size 1114112 bytes, new threshold 1 (max threshold 15)
[14.704s][info ][gc,heap        ] GC(1281) DefNew: 17533K->1955K(19648K)
[14.704s][info ][gc,heap        ] GC(1281) Tenured: 36356K->36747K(43712K)
[14.704s][info ][gc,metaspace   ] GC(1281) Metaspace: 16398K->16398K(1064960K)
[14.705s][info ][gc             ] GC(1281) Pause Young (Allocation Failure) 52M->37M(61M) 0.620ms
[14.705s][info ][gc,cpu         ] GC(1281) User=0.00s Sys=0.00s Real=0.00s
[14.706s][info ][gc,start       ] GC(1282) Pause Young (Allocation Failure)
[14.706s][debug][gc,age         ] GC(1282) Desired survivor size 1114112 bytes, new threshold 1 (max threshold 15)
[14.706s][info ][gc,heap        ] GC(1282) DefNew: 19096K->1955K(19648K)
[14.706s][info ][gc,heap        ] GC(1282) Tenured: 36747K->37528K(43712K)
[14.706s][info ][gc,metaspace   ] GC(1282) Metaspace: 16398K->16398K(1064960K)
[14.706s][info ][gc             ] GC(1282) Pause Young (Allocation Failure) 54M->38M(61M) 0.622ms
[14.706s][info ][gc,cpu         ] GC(1282) User=0.00s Sys=0.00s Real=0.00s
[14.708s][info ][gc,start       ] GC(1283) Pause Young (Allocation Failure)
[14.708s][debug][gc,age         ] GC(1283) Desired survivor size 1114112 bytes, new threshold 1 (max threshold 15)
[14.708s][info ][gc,heap        ] GC(1283) DefNew: 19095K->1174K(19648K)
[14.708s][info ][gc,heap        ] GC(1283) Tenured: 37528K->37528K(43712K)
[14.708s][info ][gc,metaspace   ] GC(1283) Metaspace: 16398K->16398K(1064960K)
[14.708s][info ][gc             ] GC(1283) Pause Young (Allocation Failure) 55M->37M(61M) 0.493ms
[14.708s][info ][gc,cpu         ] GC(1283) User=0.01s Sys=0.00s Real=0.00s
[14.710s][info ][gc,start       ] GC(1284) Pause Young (Allocation Failure)
[14.710s][debug][gc,age         ] GC(1284) Desired survivor size 1114112 bytes, new threshold 1 (max threshold 15)
[14.710s][info ][gc,heap        ] GC(1284) DefNew: 18314K->1955K(19648K)
[14.710s][info ][gc,heap        ] GC(1284) Tenured: 37528K->38309K(43712K)
[14.710s][info ][gc,metaspace   ] GC(1284) Metaspace: 16398K->16398K(1064960K)
[14.710s][info ][gc             ] GC(1284) Pause Young (Allocation Failure) 54M->39M(61M) 0.720ms
[14.710s][info ][gc,cpu         ] GC(1284) User=0.00s Sys=0.00s Real=0.00s
[14.712s][info ][gc,start       ] GC(1285) Pause Young (Allocation Failure)
[14.712s][debug][gc,age         ] GC(1285) Desired survivor size 1114112 bytes, new threshold 1 (max threshold 15)
[14.712s][info ][gc,heap        ] GC(1285) DefNew: 19096K->1955K(19648K)
[14.712s][info ][gc,heap        ] GC(1285) Tenured: 38309K->38700K(43712K)
[14.712s][info ][gc,metaspace   ] GC(1285) Metaspace: 16398K->16398K(1064960K)
[14.712s][info ][gc             ] GC(1285) Pause Young (Allocation Failure) 56M->39M(61M) 0.625ms
[14.712s][info ][gc,cpu         ] GC(1285) User=0.00s Sys=0.00s Real=0.00s
[14.714s][info ][gc,start       ] GC(1286) Pause Young (Allocation Failure)
[14.714s][debug][gc,age         ] GC(1286) Desired survivor size 1114112 bytes, new threshold 1 (max threshold 15)
[14.714s][info ][gc,heap        ] GC(1286) DefNew: 19096K->1173K(19648K)
[14.714s][info ][gc,heap        ] GC(1286) Tenured: 38700K->39091K(43712K)
[14.714s][info ][gc,metaspace   ] GC(1286) Metaspace: 16398K->16398K(1064960K)
[14.714s][info ][gc             ] GC(1286) Pause Young (Allocation Failure) 56M->39M(61M) 0.510ms
[14.714s][info ][gc,cpu         ] GC(1286) User=0.00s Sys=0.00s Real=0.00s
[14.715s][info ][gc,start       ] GC(1287) Pause Young (Allocation Failure)
[14.716s][debug][gc,age         ] GC(1287) Desired survivor size 1114112 bytes, new threshold 1 (max threshold 15)
[14.716s][info ][gc,heap        ] GC(1287) DefNew: 18314K->1955K(19648K)
[14.716s][info ][gc,heap        ] GC(1287) Tenured: 39091K->40263K(43712K)
[14.716s][info ][gc,metaspace   ] GC(1287) Metaspace: 16398K->16398K(1064960K)
[14.716s][info ][gc             ] GC(1287) Pause Young (Allocation Failure) 56M->41M(61M) 0.668ms
[14.716s][info ][gc,cpu         ] GC(1287) User=0.00s Sys=0.00s Real=0.00s
[14.718s][info ][gc,start       ] GC(1288) Pause Young (Allocation Failure)
[14.718s][debug][gc,age         ] GC(1288) Desired survivor size 1114112 bytes, new threshold 1 (max threshold 15)
[14.718s][info ][gc,heap        ] GC(1288) DefNew: 19096K->1955K(19648K)
[14.718s][info ][gc,heap        ] GC(1288) Tenured: 40263K->41044K(43712K)
[14.718s][info ][gc,metaspace   ] GC(1288) Metaspace: 16398K->16398K(1064960K)
[14.718s][info ][gc             ] GC(1288) Pause Young (Allocation Failure) 57M->41M(61M) 0.737ms
[14.718s][info ][gc,cpu         ] GC(1288) User=0.00s Sys=0.00s Real=0.00s
[14.720s][info ][gc,start       ] GC(1289) Pause Young (Allocation Failure)
[14.720s][debug][gc,age         ] GC(1289) Desired survivor size 1114112 bytes, new threshold 1 (max threshold 15)
[14.720s][info ][gc,heap        ] GC(1289) DefNew: 19095K->1955K(19648K)
[14.720s][info ][gc,heap        ] GC(1289) Tenured: 41044K->41435K(43712K)
[14.720s][info ][gc,metaspace   ] GC(1289) Metaspace: 16398K->16398K(1064960K)
[14.720s][info ][gc             ] GC(1289) Pause Young (Allocation Failure) 58M->42M(61M) 0.627ms
[14.720s][info ][gc,cpu         ] GC(1289) User=0.00s Sys=0.00s Real=0.00s
[14.721s][info ][gc,start       ] GC(1290) Pause Young (Allocation Failure)
[14.722s][debug][gc,age         ] GC(1290) Desired survivor size 1114112 bytes, new threshold 1 (max threshold 15)
[14.722s][info ][gc,heap        ] GC(1290) DefNew: 19096K->1955K(19648K)
[14.722s][info ][gc,heap        ] GC(1290) Tenured: 41435K->42216K(43712K)
[14.722s][info ][gc,metaspace   ] GC(1290) Metaspace: 16398K->16398K(1064960K)
[14.722s][info ][gc             ] GC(1290) Pause Young (Allocation Failure) 59M->43M(61M) 0.616ms
[14.722s][info ][gc,cpu         ] GC(1290) User=0.00s Sys=0.00s Real=0.00s
[14.723s][info ][gc,start       ] GC(1291) Pause Young (Allocation Failure)
[14.724s][debug][gc,age         ] GC(1291) Desired survivor size 1114112 bytes, new threshold 1 (max threshold 15)
[14.724s][info ][gc,heap        ] GC(1291) DefNew: 19096K->1955K(19648K)
[14.724s][info ][gc,heap        ] GC(1291) Tenured: 42216K->42607K(43712K)
[14.724s][info ][gc,metaspace   ] GC(1291) Metaspace: 16398K->16398K(1064960K)
[14.724s][info ][gc             ] GC(1291) Pause Young (Allocation Failure) 59M->43M(61M) 0.534ms
[14.724s][info ][gc,cpu         ] GC(1291) User=0.00s Sys=0.00s Real=0.00s
[14.725s][info ][gc,start       ] GC(1292) Pause Young (Allocation Failure)
[14.725s][info ][gc,start       ] GC(1293) Pause Full (Allocation Failure)
[14.725s][info ][gc,phases,start] GC(1293) Phase 1: Mark live objects
[14.729s][debug][gc,phases      ] GC(1293) Reference Processing 0.047ms
[14.729s][debug][gc,phases      ] GC(1293) Weak Processing 0.017ms
[14.729s][debug][gc,phases      ] GC(1293) ClassLoaderData 0.049ms
[14.729s][debug][gc,phases      ] GC(1293) ProtectionDomainCacheTable 0.002ms
[14.729s][debug][gc,phases      ] GC(1293) ResolvedMethodTable 0.015ms
[14.730s][debug][gc,phases      ] GC(1293) Class Unloading 0.793ms
[14.730s][debug][gc,phases      ] GC(1293) Scrub String Table 0.059ms
[14.731s][debug][gc,phases      ] GC(1293) Scrub Symbol Table 0.995ms
[14.731s][info ][gc,phases      ] GC(1293) Phase 1: Mark live objects 5.383ms
[14.731s][info ][gc,phases,start] GC(1293) Phase 2: Compute new object addresses
[14.732s][info ][gc,phases      ] GC(1293) Phase 2: Compute new object addresses 0.925ms
[14.732s][info ][gc,phases,start] GC(1293) Phase 3: Adjust pointers
[14.736s][info ][gc,phases      ] GC(1293) Phase 3: Adjust pointers 3.866ms
[14.736s][info ][gc,phases,start] GC(1293) Phase 4: Move objects
[14.736s][info ][gc,phases      ] GC(1293) Phase 4: Move objects 0.352ms
[14.736s][info ][gc             ] GC(1293) Pause Full (Allocation Failure) 60M->6M(61M) 10.808ms
[14.736s][info ][gc,heap        ] GC(1292) DefNew: 19095K->0K(19648K)
[14.736s][info ][gc,heap        ] GC(1292) Tenured: 42607K->6271K(43712K)
[14.736s][info ][gc,metaspace   ] GC(1292) Metaspace: 16398K->16398K(1064960K)
[14.736s][info ][gc             ] GC(1292) Pause Young (Allocation Failure) 60M->6M(61M) 10.935ms
[14.736s][info ][gc,cpu         ] GC(1292) User=0.01s Sys=0.00s Real=0.01s
[14.737s][info ][gc,start       ] GC(1294) Pause Young (Allocation Failure)
[14.738s][debug][gc,age         ] GC(1294) Desired survivor size 1114112 bytes, new threshold 1 (max threshold 15)
[14.738s][info ][gc,heap        ] GC(1294) DefNew: 17140K->1956K(19648K)
[14.738s][info ][gc,heap        ] GC(1294) Tenured: 6271K->6662K(43712K)
[14.738s][info ][gc,metaspace   ] GC(1294) Metaspace: 16398K->16398K(1064960K)
[14.738s][info ][gc             ] GC(1294) Pause Young (Allocation Failure) 22M->8M(61M) 0.659ms
[14.738s][info ][gc,cpu         ] GC(1294) User=0.00s Sys=0.00s Real=0.00s
[14.739s][info ][gc,start       ] GC(1295) Pause Young (Allocation Failure)
[14.740s][debug][gc,age         ] GC(1295) Desired survivor size 1114112 bytes, new threshold 1 (max threshold 15)
[14.740s][info ][gc,heap        ] GC(1295) DefNew: 19428K->1173K(19648K)
[14.740s][info ][gc,heap        ] GC(1295) Tenured: 6662K->7444K(43712K)
[14.740s][info ][gc,metaspace   ] GC(1295) Metaspace: 16398K->16398K(1064960K)
[14.740s][info ][gc             ] GC(1295) Pause Young (Allocation Failure) 25M->8M(61M) 0.535ms
[14.740s][info ][gc,cpu         ] GC(1295) User=0.00s Sys=0.00s Real=0.00s
[14.741s][info ][gc,start       ] GC(1296) Pause Young (Allocation Failure)
[14.742s][debug][gc,age         ] GC(1296) Desired survivor size 1114112 bytes, new threshold 1 (max threshold 15)
[14.742s][info ][gc,heap        ] GC(1296) DefNew: 18270K->1955K(19648K)
[14.742s][info ][gc,heap        ] GC(1296) Tenured: 7444K->7835K(43712K)
[14.742s][info ][gc,metaspace   ] GC(1296) Metaspace: 16398K->16398K(1064960K)
[14.742s][info ][gc             ] GC(1296) Pause Young (Allocation Failure) 25M->9M(61M) 0.576ms
[14.742s][info ][gc,cpu         ] GC(1296) User=0.01s Sys=0.00s Real=0.00s
[14.743s][info ][gc,start       ] GC(1297) Pause Young (Allocation Failure)
[14.744s][debug][gc,age         ] GC(1297) Desired survivor size 1114112 bytes, new threshold 1 (max threshold 15)
[14.744s][info ][gc,heap        ] GC(1297) DefNew: 19126K->1955K(19648K)
[14.744s][info ][gc,heap        ] GC(1297) Tenured: 7835K->8226K(43712K)
[14.744s][info ][gc,metaspace   ] GC(1297) Metaspace: 16398K->16398K(1064960K)
[14.744s][info ][gc             ] GC(1297) Pause Young (Allocation Failure) 26M->9M(61M) 0.664ms
[14.744s][info ][gc,cpu         ] GC(1297) User=0.00s Sys=0.00s Real=0.00s
[14.745s][info ][gc,start       ] GC(1298) Pause Young (Allocation Failure)
[14.746s][debug][gc,age         ] GC(1298) Desired survivor size 1114112 bytes, new threshold 15 (max threshold 15)
[14.746s][info ][gc,heap        ] GC(1298) DefNew: 19334K->782K(19648K)
[14.746s][info ][gc,heap        ] GC(1298) Tenured: 8226K->8617K(43712K)
[14.746s][info ][gc,metaspace   ] GC(1298) Metaspace: 16398K->16398K(1064960K)
[14.746s][info ][gc             ] GC(1298) Pause Young (Allocation Failure) 26M->9M(61M) 0.542ms
[14.746s][info ][gc,cpu         ] GC(1298) User=0.00s Sys=0.00s Real=0.00s
[14.747s][info ][gc,start       ] GC(1299) Pause Young (Allocation Failure)
[14.747s][debug][gc,age         ] GC(1299) Desired survivor size 1114112 bytes, new threshold 1 (max threshold 15)
[14.747s][info ][gc,heap        ] GC(1299) DefNew: 17997K->1955K(19648K)
[14.747s][info ][gc,heap        ] GC(1299) Tenured: 8617K->8617K(43712K)
[14.747s][info ][gc,metaspace   ] GC(1299) Metaspace: 16398K->16398K(1064960K)
[14.747s][info ][gc             ] GC(1299) Pause Young (Allocation Failure) 25M->10M(61M) 0.482ms
[14.747s][info ][gc,cpu         ] GC(1299) User=0.00s Sys=0.00s Real=0.00s
[14.749s][info ][gc,start       ] GC(1300) Pause Young (Allocation Failure)
[14.749s][debug][gc,age         ] GC(1300) Desired survivor size 1114112 bytes, new threshold 1 (max threshold 15)
[14.749s][info ][gc,heap        ] GC(1300) DefNew: 19423K->1954K(19648K)
[14.749s][info ][gc,heap        ] GC(1300) Tenured: 8617K->8618K(43712K)
[14.749s][info ][gc,metaspace   ] GC(1300) Metaspace: 16398K->16398K(1064960K)
[14.749s][info ][gc             ] GC(1300) Pause Young (Allocation Failure) 27M->10M(61M) 0.506ms
[14.749s][info ][gc,cpu         ] GC(1300) User=0.00s Sys=0.00s Real=0.00s
[14.751s][info ][gc,start       ] GC(1301) Pause Young (Allocation Failure)
[14.751s][debug][gc,age         ] GC(1301) Desired survivor size 1114112 bytes, new threshold 1 (max threshold 15)
[14.751s][info ][gc,heap        ] GC(1301) DefNew: 19165K->1564K(19648K)
[14.751s][info ][gc,heap        ] GC(1301) Tenured: 8618K->8618K(43712K)
[14.751s][info ][gc,metaspace   ] GC(1301) Metaspace: 16398K->16398K(1064960K)
[14.751s][info ][gc             ] GC(1301) Pause Young (Allocation Failure) 27M->9M(61M) 0.711ms
[14.751s][info ][gc,cpu         ] GC(1301) User=0.00s Sys=0.00s Real=0.00s
[14.753s][info ][gc,start       ] GC(1302) Pause Young (Allocation Failure)
[14.753s][debug][gc,age         ] GC(1302) Desired survivor size 1114112 bytes, new threshold 1 (max threshold 15)
[14.753s][info ][gc,heap        ] GC(1302) DefNew: 18650K->1954K(19648K)
[14.753s][info ][gc,heap        ] GC(1302) Tenured: 8618K->9009K(43712K)
[14.753s][info ][gc,metaspace   ] GC(1302) Metaspace: 16398K->16398K(1064960K)
[14.753s][info ][gc             ] GC(1302) Pause Young (Allocation Failure) 26M->10M(61M) 0.605ms
[14.753s][info ][gc,cpu         ] GC(1302) User=0.00s Sys=0.00s Real=0.00s
[14.755s][info ][gc,start       ] GC(1303) Pause Young (Allocation Failure)
[14.755s][debug][gc,age         ] GC(1303) Desired survivor size 1114112 bytes, new threshold 1 (max threshold 15)
[14.755s][info ][gc,heap        ] GC(1303) DefNew: 19160K->1955K(19648K)
[14.755s][info ][gc,heap        ] GC(1303) Tenured: 9009K->9791K(43712K)
[14.755s][info ][gc,metaspace   ] GC(1303) Metaspace: 16398K->16398K(1064960K)
[14.756s][info ][gc             ] GC(1303) Pause Young (Allocation Failure) 27M->11M(61M) 0.718ms
[14.756s][info ][gc,cpu         ] GC(1303) User=0.00s Sys=0.00s Real=0.00s
[14.757s][info ][gc,start       ] GC(1304) Pause Young (Allocation Failure)
[14.757s][debug][gc,age         ] GC(1304) Desired survivor size 1114112 bytes, new threshold 1 (max threshold 15)
[14.757s][info ][gc,heap        ] GC(1304) DefNew: 19137K->1955K(19648K)
[14.757s][info ][gc,heap        ] GC(1304) Tenured: 9791K->9791K(43712K)
[14.757s][info ][gc,metaspace   ] GC(1304) Metaspace: 16398K->16398K(1064960K)
[14.757s][info ][gc             ] GC(1304) Pause Young (Allocation Failure) 28M->11M(61M) 0.504ms
[14.757s][info ][gc,cpu         ] GC(1304) User=0.01s Sys=0.00s Real=0.00s
[14.759s][info ][gc,start       ] GC(1305) Pause Young (Allocation Failure)
[14.759s][debug][gc,age         ] GC(1305) Desired survivor size 1114112 bytes, new threshold 1 (max threshold 15)
[14.759s][info ][gc,heap        ] GC(1305) DefNew: 19122K->1955K(19648K)
[14.759s][info ][gc,heap        ] GC(1305) Tenured: 9791K->9791K(43712K)
[14.759s][info ][gc,metaspace   ] GC(1305) Metaspace: 16398K->16398K(1064960K)
[14.759s][info ][gc             ] GC(1305) Pause Young (Allocation Failure) 28M->11M(61M) 0.649ms
[14.759s][info ][gc,cpu         ] GC(1305) User=0.00s Sys=0.00s Real=0.00s
[14.760s][info ][gc,start       ] GC(1306) Pause Young (Allocation Failure)
[14.761s][debug][gc,age         ] GC(1306) Desired survivor size 1114112 bytes, new threshold 1 (max threshold 15)
[14.761s][info ][gc,heap        ] GC(1306) DefNew: 19113K->1955K(19648K)
[14.761s][info ][gc,heap        ] GC(1306) Tenured: 9791K->9791K(43712K)
[14.761s][info ][gc,metaspace   ] GC(1306) Metaspace: 16398K->16398K(1064960K)
[14.761s][info ][gc             ] GC(1306) Pause Young (Allocation Failure) 28M->11M(61M) 0.773ms
[14.761s][info ][gc,cpu         ] GC(1306) User=0.00s Sys=0.00s Real=0.00s
[14.763s][info ][gc,start       ] GC(1307) Pause Young (Allocation Failure)
[14.763s][debug][gc,age         ] GC(1307) Desired survivor size 1114112 bytes, new threshold 1 (max threshold 15)
[14.763s][info ][gc,heap        ] GC(1307) DefNew: 19062K->1955K(19648K)
[14.763s][info ][gc,heap        ] GC(1307) Tenured: 9791K->10573K(43712K)
[14.763s][info ][gc,metaspace   ] GC(1307) Metaspace: 16398K->16398K(1064960K)
[14.763s][info ][gc             ] GC(1307) Pause Young (Allocation Failure) 28M->12M(61M) 0.596ms
[14.763s][info ][gc,cpu         ] GC(1307) User=0.00s Sys=0.00s Real=0.00s
[14.765s][info ][gc,start       ] GC(1308) Pause Young (Allocation Failure)
[14.765s][debug][gc,age         ] GC(1308) Desired survivor size 1114112 bytes, new threshold 1 (max threshold 15)
[14.765s][info ][gc,heap        ] GC(1308) DefNew: 19118K->1955K(19648K)
[14.765s][info ][gc,heap        ] GC(1308) Tenured: 10573K->10963K(43712K)
[14.765s][info ][gc,metaspace   ] GC(1308) Metaspace: 16398K->16398K(1064960K)
[14.765s][info ][gc             ] GC(1308) Pause Young (Allocation Failure) 28M->12M(61M) 0.561ms
[14.765s][info ][gc,cpu         ] GC(1308) User=0.00s Sys=0.00s Real=0.00s
[14.767s][info ][gc,start       ] GC(1309) Pause Young (Allocation Failure)
[14.767s][debug][gc,age         ] GC(1309) Desired survivor size 1114112 bytes, new threshold 1 (max threshold 15)
[14.767s][info ][gc,heap        ] GC(1309) DefNew: 19110K->1955K(19648K)
[14.767s][info ][gc,heap        ] GC(1309) Tenured: 10963K->11354K(43712K)
[14.767s][info ][gc,metaspace   ] GC(1309) Metaspace: 16398K->16398K(1064960K)
[14.767s][info ][gc             ] GC(1309) Pause Young (Allocation Failure) 29M->12M(61M) 0.633ms
[14.767s][info ][gc,cpu         ] GC(1309) User=0.00s Sys=0.00s Real=0.00s
[14.769s][info ][gc,start       ] GC(1310) Pause Young (Allocation Failure)
[14.769s][debug][gc,age         ] GC(1310) Desired survivor size 1114112 bytes, new threshold 1 (max threshold 15)
[14.769s][info ][gc,heap        ] GC(1310) DefNew: 19105K->1955K(19648K)
[14.769s][info ][gc,heap        ] GC(1310) Tenured: 11354K->11745K(43712K)
[14.769s][info ][gc,metaspace   ] GC(1310) Metaspace: 16398K->16398K(1064960K)
[14.769s][info ][gc             ] GC(1310) Pause Young (Allocation Failure) 29M->13M(61M) 0.638ms
[14.769s][info ][gc,cpu         ] GC(1310) User=0.00s Sys=0.00s Real=0.00s
[14.771s][info ][gc,start       ] GC(1311) Pause Young (Allocation Failure)
[14.771s][debug][gc,age         ] GC(1311) Desired survivor size 1114112 bytes, new threshold 1 (max threshold 15)
[14.771s][info ][gc,heap        ] GC(1311) DefNew: 19102K->1955K(19648K)
[14.771s][info ][gc,heap        ] GC(1311) Tenured: 11745K->12526K(43712K)
[14.771s][info ][gc,metaspace   ] GC(1311) Metaspace: 16398K->16398K(1064960K)
[14.771s][info ][gc             ] GC(1311) Pause Young (Allocation Failure) 30M->14M(61M) 0.610ms
[14.771s][info ][gc,cpu         ] GC(1311) User=0.00s Sys=0.00s Real=0.00s
[14.772s][info ][gc,start       ] GC(1312) Pause Young (Allocation Failure)
[14.773s][debug][gc,age         ] GC(1312) Desired survivor size 1114112 bytes, new threshold 1 (max threshold 15)
[14.773s][info ][gc,heap        ] GC(1312) DefNew: 19099K->1955K(19648K)
[14.773s][info ][gc,heap        ] GC(1312) Tenured: 12526K->13307K(43712K)
[14.773s][info ][gc,metaspace   ] GC(1312) Metaspace: 16398K->16398K(1064960K)
[14.773s][info ][gc             ] GC(1312) Pause Young (Allocation Failure) 30M->14M(61M) 0.628ms
[14.773s][info ][gc,cpu         ] GC(1312) User=0.00s Sys=0.00s Real=0.00s
[14.774s][info ][gc,start       ] GC(1313) Pause Young (Allocation Failure)
[14.775s][debug][gc,age         ] GC(1313) Desired survivor size 1114112 bytes, new threshold 1 (max threshold 15)
[14.775s][info ][gc,heap        ] GC(1313) DefNew: 19051K->1564K(19648K)
[14.775s][info ][gc,heap        ] GC(1313) Tenured: 13307K->13308K(43712K)
[14.775s][info ][gc,metaspace   ] GC(1313) Metaspace: 16398K->16398K(1064960K)
[14.775s][info ][gc             ] GC(1313) Pause Young (Allocation Failure) 31M->14M(61M) 0.471ms
[14.775s][info ][gc,cpu         ] GC(1313) User=0.00s Sys=0.00s Real=0.00s
[14.776s][info ][gc,start       ] GC(1314) Pause Young (Allocation Failure)
[14.777s][debug][gc,age         ] GC(1314) Desired survivor size 1114112 bytes, new threshold 1 (max threshold 15)
[14.777s][info ][gc,heap        ] GC(1314) DefNew: 18723K->1955K(19648K)
[14.777s][info ][gc,heap        ] GC(1314) Tenured: 13308K->13698K(43712K)
[14.777s][info ][gc,metaspace   ] GC(1314) Metaspace: 16398K->16398K(1064960K)
[14.777s][info ][gc             ] GC(1314) Pause Young (Allocation Failure) 31M->15M(61M) 0.547ms
[14.777s][info ][gc,cpu         ] GC(1314) User=0.00s Sys=0.00s Real=0.00s
[14.778s][info ][gc,start       ] GC(1315) Pause Young (Allocation Failure)
[14.778s][debug][gc,age         ] GC(1315) Desired survivor size 1114112 bytes, new threshold 1 (max threshold 15)
[14.779s][info ][gc,heap        ] GC(1315) DefNew: 19107K->1564K(19648K)
[14.779s][info ][gc,heap        ] GC(1315) Tenured: 13698K->13698K(43712K)
[14.779s][info ][gc,metaspace   ] GC(1315) Metaspace: 16398K->16398K(1064960K)
[14.779s][info ][gc             ] GC(1315) Pause Young (Allocation Failure) 32M->14M(61M) 0.572ms
[14.779s][info ][gc,cpu         ] GC(1315) User=0.00s Sys=0.00s Real=0.00s
[14.780s][info ][gc,start       ] GC(1316) Pause Young (Allocation Failure)
[14.781s][debug][gc,age         ] GC(1316) Desired survivor size 1114112 bytes, new threshold 1 (max threshold 15)
[14.781s][info ][gc,heap        ] GC(1316) DefNew: 18712K->1955K(19648K)
[14.781s][info ][gc,heap        ] GC(1316) Tenured: 13698K->14480K(43712K)
[14.781s][info ][gc,metaspace   ] GC(1316) Metaspace: 16398K->16398K(1064960K)
[14.781s][info ][gc             ] GC(1316) Pause Young (Allocation Failure) 31M->16M(61M) 0.583ms
[14.781s][info ][gc,cpu         ] GC(1316) User=0.00s Sys=0.00s Real=0.00s
[14.782s][info ][gc,start       ] GC(1317) Pause Young (Allocation Failure)
[14.783s][debug][gc,age         ] GC(1317) Desired survivor size 1114112 bytes, new threshold 1 (max threshold 15)
[14.783s][info ][gc,heap        ] GC(1317) DefNew: 19100K->1955K(19648K)
[14.783s][info ][gc,heap        ] GC(1317) Tenured: 14480K->14870K(43712K)
[14.783s][info ][gc,metaspace   ] GC(1317) Metaspace: 16398K->16398K(1064960K)
[14.783s][info ][gc             ] GC(1317) Pause Young (Allocation Failure) 32M->16M(61M) 0.565ms
[14.783s][info ][gc,cpu         ] GC(1317) User=0.00s Sys=0.00s Real=0.00s
[14.784s][info ][gc,start       ] GC(1318) Pause Young (Allocation Failure)
[14.785s][debug][gc,age         ] GC(1318) Desired survivor size 1114112 bytes, new threshold 1 (max threshold 15)
[14.785s][info ][gc,heap        ] GC(1318) DefNew: 19099K->1955K(19648K)
[14.785s][info ][gc,heap        ] GC(1318) Tenured: 14870K->15261K(43712K)
[14.785s][info ][gc,metaspace   ] GC(1318) Metaspace: 16398K->16398K(1064960K)
[14.785s][info ][gc             ] GC(1318) Pause Young (Allocation Failure) 33M->16M(61M) 0.681ms
[14.785s][info ][gc,cpu         ] GC(1318) User=0.00s Sys=0.01s Real=0.00s
[14.786s][info ][gc,start       ] GC(1319) Pause Young (Allocation Failure)
[14.787s][debug][gc,age         ] GC(1319) Desired survivor size 1114112 bytes, new threshold 1 (max threshold 15)
[14.787s][info ][gc,heap        ] GC(1319) DefNew: 19097K->1955K(19648K)
[14.787s][info ][gc,heap        ] GC(1319) Tenured: 15261K->16042K(43712K)
[14.787s][info ][gc,metaspace   ] GC(1319) Metaspace: 16398K->16398K(1064960K)
[14.787s][info ][gc             ] GC(1319) Pause Young (Allocation Failure) 33M->17M(61M) 0.679ms
[14.787s][info ][gc,cpu         ] GC(1319) User=0.00s Sys=0.00s Real=0.00s
[14.788s][info ][gc,start       ] GC(1320) Pause Young (Allocation Failure)
[14.789s][debug][gc,age         ] GC(1320) Desired survivor size 1114112 bytes, new threshold 1 (max threshold 15)
[14.789s][info ][gc,heap        ] GC(1320) DefNew: 19097K->1955K(19648K)
[14.789s][info ][gc,heap        ] GC(1320) Tenured: 16042K->16042K(43712K)
[14.789s][info ][gc,metaspace   ] GC(1320) Metaspace: 16398K->16398K(1064960K)
[14.789s][info ][gc             ] GC(1320) Pause Young (Allocation Failure) 34M->17M(61M) 0.682ms
[14.789s][info ][gc,cpu         ] GC(1320) User=0.00s Sys=0.00s Real=0.00s
[14.790s][info ][gc,start       ] GC(1321) Pause Young (Allocation Failure)
[14.791s][debug][gc,age         ] GC(1321) Desired survivor size 1114112 bytes, new threshold 1 (max threshold 15)
[14.791s][info ][gc,heap        ] GC(1321) DefNew: 19096K->1955K(19648K)
[14.791s][info ][gc,heap        ] GC(1321) Tenured: 16042K->16042K(43712K)
[14.791s][info ][gc,metaspace   ] GC(1321) Metaspace: 16398K->16398K(1064960K)
[14.791s][info ][gc             ] GC(1321) Pause Young (Allocation Failure) 34M->17M(61M) 0.515ms
[14.791s][info ][gc,cpu         ] GC(1321) User=0.00s Sys=0.00s Real=0.00s
[14.792s][info ][gc,start       ] GC(1322) Pause Young (Allocation Failure)
[14.793s][debug][gc,age         ] GC(1322) Desired survivor size 1114112 bytes, new threshold 1 (max threshold 15)
[14.793s][info ][gc,heap        ] GC(1322) DefNew: 19096K->1955K(19648K)
[14.793s][info ][gc,heap        ] GC(1322) Tenured: 16042K->16824K(43712K)
[14.793s][info ][gc,metaspace   ] GC(1322) Metaspace: 16398K->16398K(1064960K)
[14.793s][info ][gc             ] GC(1322) Pause Young (Allocation Failure) 34M->18M(61M) 0.603ms
[14.793s][info ][gc,cpu         ] GC(1322) User=0.00s Sys=0.00s Real=0.00s
[14.794s][info ][gc,start       ] GC(1323) Pause Young (Allocation Failure)
[14.794s][debug][gc,age         ] GC(1323) Desired survivor size 1114112 bytes, new threshold 1 (max threshold 15)
[14.795s][info ][gc,heap        ] GC(1323) DefNew: 19096K->1564K(19648K)
[14.795s][info ][gc,heap        ] GC(1323) Tenured: 16824K->16824K(43712K)
[14.795s][info ][gc,metaspace   ] GC(1323) Metaspace: 16398K->16398K(1064960K)
[14.795s][info ][gc             ] GC(1323) Pause Young (Allocation Failure) 35M->17M(61M) 0.612ms
[14.795s][info ][gc,cpu         ] GC(1323) User=0.00s Sys=0.00s Real=0.00s
[14.796s][info ][gc,start       ] GC(1324) Pause Young (Allocation Failure)
[14.797s][debug][gc,age         ] GC(1324) Desired survivor size 1114112 bytes, new threshold 1 (max threshold 15)
[14.797s][info ][gc,heap        ] GC(1324) DefNew: 18705K->1955K(19648K)
[14.797s][info ][gc,heap        ] GC(1324) Tenured: 16824K->17605K(43712K)
[14.797s][info ][gc,metaspace   ] GC(1324) Metaspace: 16398K->16398K(1064960K)
[14.797s][info ][gc             ] GC(1324) Pause Young (Allocation Failure) 34M->19M(61M) 0.638ms
[14.797s][info ][gc,cpu         ] GC(1324) User=0.00s Sys=0.00s Real=0.00s
[14.798s][info ][gc,start       ] GC(1325) Pause Young (Allocation Failure)
[14.799s][debug][gc,age         ] GC(1325) Desired survivor size 1114112 bytes, new threshold 1 (max threshold 15)
[14.799s][info ][gc,heap        ] GC(1325) DefNew: 19096K->1955K(19648K)
[14.799s][info ][gc,heap        ] GC(1325) Tenured: 17605K->17996K(43712K)
[14.799s][info ][gc,metaspace   ] GC(1325) Metaspace: 16398K->16398K(1064960K)
[14.799s][info ][gc             ] GC(1325) Pause Young (Allocation Failure) 35M->19M(61M) 0.681ms
[14.799s][info ][gc,cpu         ] GC(1325) User=0.00s Sys=0.00s Real=0.00s
[14.800s][info ][gc,start       ] GC(1326) Pause Young (Allocation Failure)
[14.801s][debug][gc,age         ] GC(1326) Desired survivor size 1114112 bytes, new threshold 1 (max threshold 15)
[14.801s][info ][gc,heap        ] GC(1326) DefNew: 19058K->1955K(19648K)
[14.801s][info ][gc,heap        ] GC(1326) Tenured: 17996K->18387K(43712K)
[14.801s][info ][gc,metaspace   ] GC(1326) Metaspace: 16398K->16398K(1064960K)
[14.801s][info ][gc             ] GC(1326) Pause Young (Allocation Failure) 36M->19M(61M) 0.595ms
[14.801s][info ][gc,cpu         ] GC(1326) User=0.00s Sys=0.00s Real=0.00s
[14.802s][info ][gc,start       ] GC(1327) Pause Young (Allocation Failure)
[14.802s][debug][gc,age         ] GC(1327) Desired survivor size 1114112 bytes, new threshold 1 (max threshold 15)
[14.802s][info ][gc,heap        ] GC(1327) DefNew: 19109K->1955K(19648K)
[14.802s][info ][gc,heap        ] GC(1327) Tenured: 18387K->18387K(43712K)
[14.803s][info ][gc,metaspace   ] GC(1327) Metaspace: 16398K->16398K(1064960K)
[14.803s][info ][gc             ] GC(1327) Pause Young (Allocation Failure) 36M->19M(61M) 0.599ms
[14.803s][info ][gc,cpu         ] GC(1327) User=0.00s Sys=0.00s Real=0.00s
[14.804s][info ][gc,start       ] GC(1328) Pause Young (Allocation Failure)
[14.804s][debug][gc,age         ] GC(1328) Desired survivor size 1114112 bytes, new threshold 1 (max threshold 15)
[14.804s][info ][gc,heap        ] GC(1328) DefNew: 19104K->1955K(19648K)
[14.804s][info ][gc,heap        ] GC(1328) Tenured: 18387K->19168K(43712K)
[14.804s][info ][gc,metaspace   ] GC(1328) Metaspace: 16398K->16398K(1064960K)
[14.805s][info ][gc             ] GC(1328) Pause Young (Allocation Failure) 36M->20M(61M) 0.669ms
[14.805s][info ][gc,cpu         ] GC(1328) User=0.00s Sys=0.00s Real=0.00s
[14.806s][info ][gc,start       ] GC(1329) Pause Young (Allocation Failure)
[14.806s][debug][gc,age         ] GC(1329) Desired survivor size 1114112 bytes, new threshold 1 (max threshold 15)
[14.806s][info ][gc,heap        ] GC(1329) DefNew: 19101K->1955K(19648K)
[14.806s][info ][gc,heap        ] GC(1329) Tenured: 19168K->19559K(43712K)
[14.806s][info ][gc,metaspace   ] GC(1329) Metaspace: 16398K->16398K(1064960K)
[14.806s][info ][gc             ] GC(1329) Pause Young (Allocation Failure) 37M->21M(61M) 0.538ms
[14.806s][info ][gc,cpu         ] GC(1329) User=0.00s Sys=0.00s Real=0.00s
[14.808s][info ][gc,start       ] GC(1330) Pause Young (Allocation Failure)
[14.808s][debug][gc,age         ] GC(1330) Desired survivor size 1114112 bytes, new threshold 1 (max threshold 15)
[14.808s][info ][gc,heap        ] GC(1330) DefNew: 19099K->1955K(19648K)
[14.808s][info ][gc,heap        ] GC(1330) Tenured: 19559K->20731K(43712K)
[14.808s][info ][gc,metaspace   ] GC(1330) Metaspace: 16398K->16398K(1064960K)
[14.808s][info ][gc             ] GC(1330) Pause Young (Allocation Failure) 37M->22M(61M) 0.619ms
[14.808s][info ][gc,cpu         ] GC(1330) User=0.00s Sys=0.00s Real=0.00s
[14.810s][info ][gc,start       ] GC(1331) Pause Young (Allocation Failure)
[14.810s][debug][gc,age         ] GC(1331) Desired survivor size 1114112 bytes, new threshold 1 (max threshold 15)
[14.810s][info ][gc,heap        ] GC(1331) DefNew: 19098K->1955K(19648K)
[14.810s][info ][gc,heap        ] GC(1331) Tenured: 20731K->21512K(43712K)
[14.810s][info ][gc,metaspace   ] GC(1331) Metaspace: 16398K->16398K(1064960K)
[14.810s][info ][gc             ] GC(1331) Pause Young (Allocation Failure) 38M->22M(61M) 0.632ms
[14.810s][info ][gc,cpu         ] GC(1331) User=0.00s Sys=0.00s Real=0.00s
[14.811s][info ][gc,start       ] GC(1332) Pause Young (Allocation Failure)
[14.812s][debug][gc,age         ] GC(1332) Desired survivor size 1114112 bytes, new threshold 1 (max threshold 15)
[14.812s][info ][gc,heap        ] GC(1332) DefNew: 19097K->1955K(19648K)
[14.812s][info ][gc,heap        ] GC(1332) Tenured: 21512K->21903K(43712K)
[14.812s][info ][gc,metaspace   ] GC(1332) Metaspace: 16398K->16398K(1064960K)
[14.812s][info ][gc             ] GC(1332) Pause Young (Allocation Failure) 39M->23M(61M) 0.825ms
[14.812s][info ][gc,cpu         ] GC(1332) User=0.00s Sys=0.00s Real=0.00s
[14.814s][info ][gc,start       ] GC(1333) Pause Young (Allocation Failure)
[14.814s][debug][gc,age         ] GC(1333) Desired survivor size 1114112 bytes, new threshold 1 (max threshold 15)
[14.814s][info ][gc,heap        ] GC(1333) DefNew: 19097K->1955K(19648K)
[14.814s][info ][gc,heap        ] GC(1333) Tenured: 21903K->22684K(43712K)
[14.814s][info ][gc,metaspace   ] GC(1333) Metaspace: 16398K->16398K(1064960K)
[14.814s][info ][gc             ] GC(1333) Pause Young (Allocation Failure) 40M->24M(61M) 0.605ms
[14.814s][info ][gc,cpu         ] GC(1333) User=0.00s Sys=0.00s Real=0.00s
[14.815s][info ][gc,start       ] GC(1334) Pause Young (Allocation Failure)
[14.816s][debug][gc,age         ] GC(1334) Desired survivor size 1114112 bytes, new threshold 1 (max threshold 15)
[14.816s][info ][gc,heap        ] GC(1334) DefNew: 19096K->1955K(19648K)
[14.816s][info ][gc,heap        ] GC(1334) Tenured: 22684K->23465K(43712K)
[14.816s][info ][gc,metaspace   ] GC(1334) Metaspace: 16398K->16398K(1064960K)
[14.816s][info ][gc             ] GC(1334) Pause Young (Allocation Failure) 40M->24M(61M) 0.721ms
[14.816s][info ][gc,cpu         ] GC(1334) User=0.00s Sys=0.00s Real=0.00s
[14.817s][info ][gc,start       ] GC(1335) Pause Young (Allocation Failure)
[14.818s][debug][gc,age         ] GC(1335) Desired survivor size 1114112 bytes, new threshold 1 (max threshold 15)
[14.818s][info ][gc,heap        ] GC(1335) DefNew: 19048K->1954K(19648K)
[14.818s][info ][gc,heap        ] GC(1335) Tenured: 23465K->24247K(43712K)
[14.818s][info ][gc,metaspace   ] GC(1335) Metaspace: 16398K->16398K(1064960K)
[14.818s][info ][gc             ] GC(1335) Pause Young (Allocation Failure) 41M->25M(61M) 0.750ms
[14.818s][info ][gc,cpu         ] GC(1335) User=0.00s Sys=0.00s Real=0.00s
[14.820s][info ][gc,start       ] GC(1336) Pause Young (Allocation Failure)
[14.820s][debug][gc,age         ] GC(1336) Desired survivor size 1114112 bytes, new threshold 1 (max threshold 15)
[14.820s][info ][gc,heap        ] GC(1336) DefNew: 19426K->1173K(19648K)
[14.820s][info ][gc,heap        ] GC(1336) Tenured: 24247K->25029K(43712K)
[14.820s][info ][gc,metaspace   ] GC(1336) Metaspace: 16398K->16398K(1064960K)
[14.820s][info ][gc             ] GC(1336) Pause Young (Allocation Failure) 42M->25M(61M) 0.679ms
[14.820s][info ][gc,cpu         ] GC(1336) User=0.00s Sys=0.00s Real=0.00s
[14.822s][info ][gc,start       ] GC(1337) Pause Young (Allocation Failure)
[14.822s][debug][gc,age         ] GC(1337) Desired survivor size 1114112 bytes, new threshold 1 (max threshold 15)
[14.822s][info ][gc,heap        ] GC(1337) DefNew: 18292K->1173K(19648K)
[14.822s][info ][gc,heap        ] GC(1337) Tenured: 25029K->25029K(43712K)
[14.822s][info ][gc,metaspace   ] GC(1337) Metaspace: 16398K->16398K(1064960K)
[14.822s][info ][gc             ] GC(1337) Pause Young (Allocation Failure) 42M->25M(61M) 0.435ms
[14.822s][info ][gc,cpu         ] GC(1337) User=0.00s Sys=0.00s Real=0.00s
[14.823s][info ][gc,start       ] GC(1338) Pause Young (Allocation Failure)
[14.824s][debug][gc,age         ] GC(1338) Desired survivor size 1114112 bytes, new threshold 15 (max threshold 15)
[14.824s][info ][gc,heap        ] GC(1338) DefNew: 18274K->392K(19648K)
[14.824s][info ][gc,heap        ] GC(1338) Tenured: 25029K->25421K(43712K)
[14.824s][info ][gc,metaspace   ] GC(1338) Metaspace: 16398K->16398K(1064960K)
[14.824s][info ][gc             ] GC(1338) Pause Young (Allocation Failure) 42M->25M(61M) 0.463ms
[14.824s][info ][gc,cpu         ] GC(1338) User=0.00s Sys=0.00s Real=0.00s
[14.825s][info ][gc,start       ] GC(1339) Pause Young (Allocation Failure)
[14.826s][debug][gc,age         ] GC(1339) Desired survivor size 1114112 bytes, new threshold 1 (max threshold 15)
[14.826s][info ][gc,heap        ] GC(1339) DefNew: 17487K->1564K(19648K)
[14.826s][info ][gc,heap        ] GC(1339) Tenured: 25421K->25421K(43712K)
[14.826s][info ][gc,metaspace   ] GC(1339) Metaspace: 16398K->16398K(1064960K)
[14.826s][info ][gc             ] GC(1339) Pause Young (Allocation Failure) 41M->26M(61M) 0.569ms
[14.826s][info ][gc,cpu         ] GC(1339) User=0.00s Sys=0.00s Real=0.00s
[14.827s][info ][gc,start       ] GC(1340) Pause Young (Allocation Failure)
[14.828s][debug][gc,age         ] GC(1340) Desired survivor size 1114112 bytes, new threshold 1 (max threshold 15)
[14.828s][info ][gc,heap        ] GC(1340) DefNew: 18771K->1955K(19648K)
[14.828s][info ][gc,heap        ] GC(1340) Tenured: 25421K->25812K(43712K)
[14.828s][info ][gc,metaspace   ] GC(1340) Metaspace: 16398K->16398K(1064960K)
[14.828s][info ][gc             ] GC(1340) Pause Young (Allocation Failure) 43M->27M(61M) 0.554ms
[14.828s][info ][gc,cpu         ] GC(1340) User=0.00s Sys=0.00s Real=0.00s
[14.829s][info ][gc,start       ] GC(1341) Pause Young (Allocation Failure)
[14.830s][debug][gc,age         ] GC(1341) Desired survivor size 1114112 bytes, new threshold 1 (max threshold 15)
[14.830s][info ][gc,heap        ] GC(1341) DefNew: 19138K->1955K(19648K)
[14.830s][info ][gc,heap        ] GC(1341) Tenured: 25812K->26984K(43712K)
[14.830s][info ][gc,metaspace   ] GC(1341) Metaspace: 16398K->16398K(1064960K)
[14.830s][info ][gc             ] GC(1341) Pause Young (Allocation Failure) 43M->28M(61M) 0.784ms
[14.830s][info ][gc,cpu         ] GC(1341) User=0.00s Sys=0.00s Real=0.01s
[14.831s][info ][gc,start       ] GC(1342) Pause Young (Allocation Failure)
[14.832s][debug][gc,age         ] GC(1342) Desired survivor size 1114112 bytes, new threshold 1 (max threshold 15)
[14.832s][info ][gc,heap        ] GC(1342) DefNew: 19122K->1955K(19648K)
[14.832s][info ][gc,heap        ] GC(1342) Tenured: 26984K->26984K(43712K)
[14.832s][info ][gc,metaspace   ] GC(1342) Metaspace: 16398K->16398K(1064960K)
[14.832s][info ][gc             ] GC(1342) Pause Young (Allocation Failure) 45M->28M(61M) 0.604ms
[14.832s][info ][gc,cpu         ] GC(1342) User=0.00s Sys=0.00s Real=0.00s
[14.833s][info ][gc,start       ] GC(1343) Pause Young (Allocation Failure)
[14.834s][debug][gc,age         ] GC(1343) Desired survivor size 1114112 bytes, new threshold 1 (max threshold 15)
[14.834s][info ][gc,heap        ] GC(1343) DefNew: 19077K->1955K(19648K)
[14.834s][info ][gc,heap        ] GC(1343) Tenured: 26984K->27766K(43712K)
[14.834s][info ][gc,metaspace   ] GC(1343) Metaspace: 16398K->16398K(1064960K)
[14.834s][info ][gc             ] GC(1343) Pause Young (Allocation Failure) 44M->29M(61M) 0.801ms
[14.834s][info ][gc,cpu         ] GC(1343) User=0.00s Sys=0.00s Real=0.00s
[14.835s][info ][gc,start       ] GC(1344) Pause Young (Allocation Failure)
[14.836s][debug][gc,age         ] GC(1344) Desired survivor size 1114112 bytes, new threshold 1 (max threshold 15)
[14.836s][info ][gc,heap        ] GC(1344) DefNew: 19120K->1955K(19648K)
[14.836s][info ][gc,heap        ] GC(1344) Tenured: 27766K->27766K(43712K)
[14.836s][info ][gc,metaspace   ] GC(1344) Metaspace: 16398K->16398K(1064960K)
[14.836s][info ][gc             ] GC(1344) Pause Young (Allocation Failure) 45M->29M(61M) 0.714ms
[14.836s][info ][gc,cpu         ] GC(1344) User=0.00s Sys=0.00s Real=0.00s
[14.837s][info ][gc,start       ] GC(1345) Pause Young (Allocation Failure)
[14.838s][debug][gc,age         ] GC(1345) Desired survivor size 1114112 bytes, new threshold 1 (max threshold 15)
[14.838s][info ][gc,heap        ] GC(1345) DefNew: 19111K->1955K(19648K)
[14.838s][info ][gc,heap        ] GC(1345) Tenured: 27766K->28938K(43712K)
[14.838s][info ][gc,metaspace   ] GC(1345) Metaspace: 16398K->16398K(1064960K)
[14.838s][info ][gc             ] GC(1345) Pause Young (Allocation Failure) 45M->30M(61M) 0.780ms
[14.838s][info ][gc,cpu         ] GC(1345) User=0.00s Sys=0.00s Real=0.00s
[14.840s][info ][gc,start       ] GC(1346) Pause Young (Allocation Failure)
[14.840s][debug][gc,age         ] GC(1346) Desired survivor size 1114112 bytes, new threshold 1 (max threshold 15)
[14.840s][info ][gc,heap        ] GC(1346) DefNew: 19105K->1955K(19648K)
[14.840s][info ][gc,heap        ] GC(1346) Tenured: 28938K->29329K(43712K)
[14.840s][info ][gc,metaspace   ] GC(1346) Metaspace: 16398K->16398K(1064960K)
[14.840s][info ][gc             ] GC(1346) Pause Young (Allocation Failure) 46M->30M(61M) 0.607ms
[14.840s][info ][gc,cpu         ] GC(1346) User=0.00s Sys=0.00s Real=0.00s
[14.842s][info ][gc,start       ] GC(1347) Pause Young (Allocation Failure)
[14.842s][debug][gc,age         ] GC(1347) Desired survivor size 1114112 bytes, new threshold 1 (max threshold 15)
[14.842s][info ][gc,heap        ] GC(1347) DefNew: 19102K->1955K(19648K)
[14.842s][info ][gc,heap        ] GC(1347) Tenured: 29329K->29329K(43712K)
[14.842s][info ][gc,metaspace   ] GC(1347) Metaspace: 16398K->16398K(1064960K)
[14.842s][info ][gc             ] GC(1347) Pause Young (Allocation Failure) 47M->30M(61M) 0.626ms
[14.842s][info ][gc,cpu         ] GC(1347) User=0.00s Sys=0.00s Real=0.00s
[14.844s][info ][gc,start       ] GC(1348) Pause Young (Allocation Failure)
[14.844s][debug][gc,age         ] GC(1348) Desired survivor size 1114112 bytes, new threshold 1 (max threshold 15)
[14.844s][info ][gc,heap        ] GC(1348) DefNew: 19057K->1955K(19648K)
[14.844s][info ][gc,heap        ] GC(1348) Tenured: 29329K->29329K(43712K)
[14.844s][info ][gc,metaspace   ] GC(1348) Metaspace: 16398K->16398K(1064960K)
[14.844s][info ][gc             ] GC(1348) Pause Young (Allocation Failure) 47M->30M(61M) 0.611ms
[14.844s][info ][gc,cpu         ] GC(1348) User=0.00s Sys=0.00s Real=0.00s
[14.846s][info ][gc,start       ] GC(1349) Pause Young (Allocation Failure)
[14.846s][debug][gc,age         ] GC(1349) Desired survivor size 1114112 bytes, new threshold 1 (max threshold 15)
[14.846s][info ][gc,heap        ] GC(1349) DefNew: 19063K->1564K(19648K)
[14.846s][info ][gc,heap        ] GC(1349) Tenured: 29329K->29720K(43712K)
[14.846s][info ][gc,metaspace   ] GC(1349) Metaspace: 16398K->16398K(1064960K)
[14.846s][info ][gc             ] GC(1349) Pause Young (Allocation Failure) 47M->30M(61M) 0.603ms
[14.846s][info ][gc,cpu         ] GC(1349) User=0.00s Sys=0.00s Real=0.00s
[14.848s][info ][gc,start       ] GC(1350) Pause Young (Allocation Failure)
[14.848s][debug][gc,age         ] GC(1350) Desired survivor size 1114112 bytes, new threshold 1 (max threshold 15)
[14.848s][info ][gc,heap        ] GC(1350) DefNew: 18734K->1955K(19648K)
[14.848s][info ][gc,heap        ] GC(1350) Tenured: 29720K->30892K(43712K)
[14.848s][info ][gc,metaspace   ] GC(1350) Metaspace: 16398K->16398K(1064960K)
[14.848s][info ][gc             ] GC(1350) Pause Young (Allocation Failure) 47M->32M(61M) 0.628ms
[14.848s][info ][gc,cpu         ] GC(1350) User=0.00s Sys=0.00s Real=0.00s
[14.850s][info ][gc,start       ] GC(1351) Pause Young (Allocation Failure)
[14.850s][debug][gc,age         ] GC(1351) Desired survivor size 1114112 bytes, new threshold 1 (max threshold 15)
[14.850s][info ][gc,heap        ] GC(1351) DefNew: 19115K->1564K(19648K)
[14.850s][info ][gc,heap        ] GC(1351) Tenured: 30892K->30892K(43712K)
[14.850s][info ][gc,metaspace   ] GC(1351) Metaspace: 16398K->16398K(1064960K)
[14.850s][info ][gc             ] GC(1351) Pause Young (Allocation Failure) 48M->31M(61M) 0.562ms
[14.850s][info ][gc,cpu         ] GC(1351) User=0.00s Sys=0.00s Real=0.00s
[14.852s][info ][gc,start       ] GC(1352) Pause Young (Allocation Failure)
[14.852s][debug][gc,age         ] GC(1352) Desired survivor size 1114112 bytes, new threshold 15 (max threshold 15)
[14.852s][info ][gc,heap        ] GC(1352) DefNew: 18671K->783K(19648K)
[14.852s][info ][gc,heap        ] GC(1352) Tenured: 30892K->30893K(43712K)
[14.852s][info ][gc,metaspace   ] GC(1352) Metaspace: 16398K->16398K(1064960K)
[14.852s][info ][gc             ] GC(1352) Pause Young (Allocation Failure) 48M->30M(61M) 0.411ms
[14.852s][info ][gc,cpu         ] GC(1352) User=0.00s Sys=0.00s Real=0.00s
[14.853s][info ][gc,start       ] GC(1353) Pause Young (Allocation Failure)
[14.854s][debug][gc,age         ] GC(1353) Desired survivor size 1114112 bytes, new threshold 1 (max threshold 15)
[14.854s][info ][gc,heap        ] GC(1353) DefNew: 17896K->1955K(19648K)
[14.854s][info ][gc,heap        ] GC(1353) Tenured: 30893K->30893K(43712K)
[14.854s][info ][gc,metaspace   ] GC(1353) Metaspace: 16398K->16398K(1064960K)
[14.854s][info ][gc             ] GC(1353) Pause Young (Allocation Failure) 47M->32M(61M) 0.571ms
[14.854s][info ][gc,cpu         ] GC(1353) User=0.00s Sys=0.00s Real=0.00s
[14.855s][info ][gc,start       ] GC(1354) Pause Young (Allocation Failure)
[14.856s][debug][gc,age         ] GC(1354) Desired survivor size 1114112 bytes, new threshold 1 (max threshold 15)
[14.856s][info ][gc,heap        ] GC(1354) DefNew: 19426K->1955K(19648K)
[14.856s][info ][gc,heap        ] GC(1354) Tenured: 30893K->31674K(43712K)
[14.856s][info ][gc,metaspace   ] GC(1354) Metaspace: 16398K->16398K(1064960K)
[14.856s][info ][gc             ] GC(1354) Pause Young (Allocation Failure) 49M->32M(61M) 0.729ms
[14.856s][info ][gc,cpu         ] GC(1354) User=0.00s Sys=0.00s Real=0.00s
[14.857s][info ][gc,start       ] GC(1355) Pause Young (Allocation Failure)
[14.858s][debug][gc,age         ] GC(1355) Desired survivor size 1114112 bytes, new threshold 1 (max threshold 15)
[14.858s][info ][gc,heap        ] GC(1355) DefNew: 19151K->1955K(19648K)
[14.858s][info ][gc,heap        ] GC(1355) Tenured: 31674K->31674K(43712K)
[14.858s][info ][gc,metaspace   ] GC(1355) Metaspace: 16398K->16398K(1064960K)
[14.858s][info ][gc             ] GC(1355) Pause Young (Allocation Failure) 49M->32M(61M) 0.528ms
[14.858s][info ][gc,cpu         ] GC(1355) User=0.00s Sys=0.00s Real=0.00s
[14.859s][info ][gc,start       ] GC(1356) Pause Young (Allocation Failure)
[14.860s][debug][gc,age         ] GC(1356) Desired survivor size 1114112 bytes, new threshold 1 (max threshold 15)
[14.860s][info ][gc,heap        ] GC(1356) DefNew: 19131K->1955K(19648K)
[14.860s][info ][gc,heap        ] GC(1356) Tenured: 31674K->32456K(43712K)
[14.860s][info ][gc,metaspace   ] GC(1356) Metaspace: 16398K->16398K(1064960K)
[14.860s][info ][gc             ] GC(1356) Pause Young (Allocation Failure) 49M->33M(61M) 0.666ms
[14.860s][info ][gc,cpu         ] GC(1356) User=0.00s Sys=0.00s Real=0.00s
[14.861s][info ][gc,start       ] GC(1357) Pause Young (Allocation Failure)
[14.862s][debug][gc,age         ] GC(1357) Desired survivor size 1114112 bytes, new threshold 1 (max threshold 15)
[14.862s][info ][gc,heap        ] GC(1357) DefNew: 19119K->1955K(19648K)
[14.862s][info ][gc,heap        ] GC(1357) Tenured: 32456K->32846K(43712K)
[14.862s][info ][gc,metaspace   ] GC(1357) Metaspace: 16398K->16398K(1064960K)
[14.862s][info ][gc             ] GC(1357) Pause Young (Allocation Failure) 50M->33M(61M) 0.837ms
[14.862s][info ][gc,cpu         ] GC(1357) User=0.00s Sys=0.00s Real=0.00s
[14.863s][info ][gc,start       ] GC(1358) Pause Young (Allocation Failure)
[14.864s][debug][gc,age         ] GC(1358) Desired survivor size 1114112 bytes, new threshold 1 (max threshold 15)
[14.864s][info ][gc,heap        ] GC(1358) DefNew: 19110K->1955K(19648K)
[14.864s][info ][gc,heap        ] GC(1358) Tenured: 32846K->34018K(43712K)
[14.864s][info ][gc,metaspace   ] GC(1358) Metaspace: 16398K->16398K(1064960K)
[14.864s][info ][gc             ] GC(1358) Pause Young (Allocation Failure) 50M->35M(61M) 0.682ms
[14.864s][info ][gc,cpu         ] GC(1358) User=0.00s Sys=0.00s Real=0.00s
[14.866s][info ][gc,start       ] GC(1359) Pause Young (Allocation Failure)
[14.866s][debug][gc,age         ] GC(1359) Desired survivor size 1114112 bytes, new threshold 1 (max threshold 15)
[14.866s][info ][gc,heap        ] GC(1359) DefNew: 19105K->1955K(19648K)
[14.866s][info ][gc,heap        ] GC(1359) Tenured: 34018K->34409K(43712K)
[14.866s][info ][gc,metaspace   ] GC(1359) Metaspace: 16398K->16398K(1064960K)
[14.866s][info ][gc             ] GC(1359) Pause Young (Allocation Failure) 51M->35M(61M) 0.719ms
[14.866s][info ][gc,cpu         ] GC(1359) User=0.00s Sys=0.00s Real=0.00s
[14.868s][info ][gc,start       ] GC(1360) Pause Young (Allocation Failure)
[14.868s][debug][gc,age         ] GC(1360) Desired survivor size 1114112 bytes, new threshold 1 (max threshold 15)
[14.868s][info ][gc,heap        ] GC(1360) DefNew: 19102K->1955K(19648K)
[14.868s][info ][gc,heap        ] GC(1360) Tenured: 34409K->34800K(43712K)
[14.868s][info ][gc,metaspace   ] GC(1360) Metaspace: 16398K->16398K(1064960K)
[14.868s][info ][gc             ] GC(1360) Pause Young (Allocation Failure) 52M->35M(61M) 0.592ms
[14.868s][info ][gc,cpu         ] GC(1360) User=0.00s Sys=0.00s Real=0.00s
[14.870s][info ][gc,start       ] GC(1361) Pause Young (Allocation Failure)
[14.870s][debug][gc,age         ] GC(1361) Desired survivor size 1114112 bytes, new threshold 1 (max threshold 15)
[14.870s][info ][gc,heap        ] GC(1361) DefNew: 19053K->1955K(19648K)
[14.870s][info ][gc,heap        ] GC(1361) Tenured: 34800K->35972K(43712K)
[14.870s][info ][gc,metaspace   ] GC(1361) Metaspace: 16398K->16398K(1064960K)
[14.870s][info ][gc             ] GC(1361) Pause Young (Allocation Failure) 52M->37M(61M) 0.827ms
[14.870s][info ][gc,cpu         ] GC(1361) User=0.00s Sys=0.00s Real=0.00s
[14.872s][info ][gc,start       ] GC(1362) Pause Young (Allocation Failure)
[14.872s][debug][gc,age         ] GC(1362) Desired survivor size 1114112 bytes, new threshold 1 (max threshold 15)
[14.872s][info ][gc,heap        ] GC(1362) DefNew: 19114K->1955K(19648K)
[14.872s][info ][gc,heap        ] GC(1362) Tenured: 35972K->36753K(43712K)
[14.872s][info ][gc,metaspace   ] GC(1362) Metaspace: 16398K->16398K(1064960K)
[14.872s][info ][gc             ] GC(1362) Pause Young (Allocation Failure) 53M->37M(61M) 0.638ms
[14.872s][info ][gc,cpu         ] GC(1362) User=0.00s Sys=0.00s Real=0.00s
[14.874s][info ][gc,start       ] GC(1363) Pause Young (Allocation Failure)
[14.874s][debug][gc,age         ] GC(1363) Desired survivor size 1114112 bytes, new threshold 1 (max threshold 15)
[14.874s][info ][gc,heap        ] GC(1363) DefNew: 19108K->1955K(19648K)
[14.874s][info ][gc,heap        ] GC(1363) Tenured: 36753K->37144K(43712K)
[14.874s][info ][gc,metaspace   ] GC(1363) Metaspace: 16398K->16398K(1064960K)
[14.874s][info ][gc             ] GC(1363) Pause Young (Allocation Failure) 54M->38M(61M) 0.584ms
[14.874s][info ][gc,cpu         ] GC(1363) User=0.00s Sys=0.00s Real=0.00s
[14.876s][info ][gc,start       ] GC(1364) Pause Young (Allocation Failure)
[14.876s][debug][gc,age         ] GC(1364) Desired survivor size 1114112 bytes, new threshold 1 (max threshold 15)
[14.876s][info ][gc,heap        ] GC(1364) DefNew: 19104K->1955K(19648K)
[14.876s][info ][gc,heap        ] GC(1364) Tenured: 37144K->37534K(43712K)
[14.876s][info ][gc,metaspace   ] GC(1364) Metaspace: 16398K->16398K(1064960K)
[14.876s][info ][gc             ] GC(1364) Pause Young (Allocation Failure) 54M->38M(61M) 0.569ms
[14.876s][info ][gc,cpu         ] GC(1364) User=0.00s Sys=0.00s Real=0.00s
[14.878s][info ][gc,start       ] GC(1365) Pause Young (Allocation Failure)
[14.878s][debug][gc,age         ] GC(1365) Desired survivor size 1114112 bytes, new threshold 1 (max threshold 15)
[14.878s][info ][gc,heap        ] GC(1365) DefNew: 19100K->1955K(19648K)
[14.878s][info ][gc,heap        ] GC(1365) Tenured: 37534K->38706K(43712K)
[14.878s][info ][gc,metaspace   ] GC(1365) Metaspace: 16398K->16398K(1064960K)
[14.878s][info ][gc             ] GC(1365) Pause Young (Allocation Failure) 55M->39M(61M) 0.791ms
[14.878s][info ][gc,cpu         ] GC(1365) User=0.00s Sys=0.00s Real=0.00s
[14.880s][info ][gc,start       ] GC(1366) Pause Young (Allocation Failure)
[14.880s][debug][gc,age         ] GC(1366) Desired survivor size 1114112 bytes, new threshold 1 (max threshold 15)
[14.880s][info ][gc,heap        ] GC(1366) DefNew: 19099K->1955K(19648K)
[14.880s][info ][gc,heap        ] GC(1366) Tenured: 38706K->39097K(43712K)
[14.880s][info ][gc,metaspace   ] GC(1366) Metaspace: 16398K->16398K(1064960K)
[14.880s][info ][gc             ] GC(1366) Pause Young (Allocation Failure) 56M->40M(61M) 0.679ms
[14.880s][info ][gc,cpu         ] GC(1366) User=0.00s Sys=0.00s Real=0.00s
[14.882s][info ][gc,start       ] GC(1367) Pause Young (Allocation Failure)
[14.882s][debug][gc,age         ] GC(1367) Desired survivor size 1114112 bytes, new threshold 1 (max threshold 15)
[14.882s][info ][gc,heap        ] GC(1367) DefNew: 19098K->1955K(19648K)
[14.882s][info ][gc,heap        ] GC(1367) Tenured: 39097K->39488K(43712K)
[14.882s][info ][gc,metaspace   ] GC(1367) Metaspace: 16398K->16398K(1064960K)
[14.883s][info ][gc             ] GC(1367) Pause Young (Allocation Failure) 56M->40M(61M) 0.597ms
[14.883s][info ][gc,cpu         ] GC(1367) User=0.00s Sys=0.00s Real=0.00s
[14.884s][info ][gc,start       ] GC(1368) Pause Young (Allocation Failure)
[14.885s][debug][gc,age         ] GC(1368) Desired survivor size 1114112 bytes, new threshold 1 (max threshold 15)
[14.885s][info ][gc,heap        ] GC(1368) DefNew: 19097K->1955K(19648K)
[14.885s][info ][gc,heap        ] GC(1368) Tenured: 39488K->39878K(43712K)
[14.885s][info ][gc,metaspace   ] GC(1368) Metaspace: 16398K->16398K(1064960K)
[14.885s][info ][gc             ] GC(1368) Pause Young (Allocation Failure) 57M->40M(61M) 0.811ms
[14.885s][info ][gc,cpu         ] GC(1368) User=0.00s Sys=0.00s Real=0.00s
[14.886s][info ][gc,start       ] GC(1369) Pause Young (Allocation Failure)
[14.886s][debug][gc,age         ] GC(1369) Desired survivor size 1114112 bytes, new threshold 1 (max threshold 15)
[14.886s][info ][gc,heap        ] GC(1369) DefNew: 19096K->1955K(19648K)
[14.886s][info ][gc,heap        ] GC(1369) Tenured: 39878K->40269K(43712K)
[14.886s][info ][gc,metaspace   ] GC(1369) Metaspace: 16398K->16398K(1064960K)
[14.886s][info ][gc             ] GC(1369) Pause Young (Allocation Failure) 57M->41M(61M) 0.588ms
[14.887s][info ][gc,cpu         ] GC(1369) User=0.00s Sys=0.00s Real=0.00s
[14.888s][info ][gc,start       ] GC(1370) Pause Young (Allocation Failure)
[14.888s][debug][gc,age         ] GC(1370) Desired survivor size 1114112 bytes, new threshold 1 (max threshold 15)
[14.888s][info ][gc,heap        ] GC(1370) DefNew: 19096K->1955K(19648K)
[14.888s][info ][gc,heap        ] GC(1370) Tenured: 40269K->41050K(43712K)
[14.888s][info ][gc,metaspace   ] GC(1370) Metaspace: 16398K->16398K(1064960K)
[14.889s][info ][gc             ] GC(1370) Pause Young (Allocation Failure) 57M->41M(61M) 0.604ms
[14.889s][info ][gc,cpu         ] GC(1370) User=0.00s Sys=0.00s Real=0.00s
[14.890s][info ][gc,start       ] GC(1371) Pause Young (Allocation Failure)
[14.890s][debug][gc,age         ] GC(1371) Desired survivor size 1114112 bytes, new threshold 1 (max threshold 15)
[14.890s][info ][gc,heap        ] GC(1371) DefNew: 19096K->1955K(19648K)
[14.890s][info ][gc,heap        ] GC(1371) Tenured: 41050K->41050K(43712K)
[14.891s][info ][gc,metaspace   ] GC(1371) Metaspace: 16398K->16398K(1064960K)
[14.891s][info ][gc             ] GC(1371) Pause Young (Allocation Failure) 58M->41M(61M) 0.563ms
[14.891s][info ][gc,cpu         ] GC(1371) User=0.00s Sys=0.00s Real=0.00s
[14.892s][info ][gc,start       ] GC(1372) Pause Young (Allocation Failure)
[14.892s][debug][gc,age         ] GC(1372) Desired survivor size 1114112 bytes, new threshold 1 (max threshold 15)
[14.892s][info ][gc,heap        ] GC(1372) DefNew: 19096K->1955K(19648K)
[14.892s][info ][gc,heap        ] GC(1372) Tenured: 41050K->41441K(43712K)
[14.892s][info ][gc,metaspace   ] GC(1372) Metaspace: 16398K->16398K(1064960K)
[14.892s][info ][gc             ] GC(1372) Pause Young (Allocation Failure) 58M->42M(61M) 0.562ms
[14.892s][info ][gc,cpu         ] GC(1372) User=0.00s Sys=0.00s Real=0.00s
[14.894s][info ][gc,start       ] GC(1373) Pause Young (Allocation Failure)
[14.894s][debug][gc,age         ] GC(1373) Desired survivor size 1114112 bytes, new threshold 1 (max threshold 15)
[14.894s][info ][gc,heap        ] GC(1373) DefNew: 19096K->1955K(19648K)
[14.894s][info ][gc,heap        ] GC(1373) Tenured: 41441K->42613K(43712K)
[14.894s][info ][gc,metaspace   ] GC(1373) Metaspace: 16398K->16398K(1064960K)
[14.894s][info ][gc             ] GC(1373) Pause Young (Allocation Failure) 59M->43M(61M) 0.627ms
[14.894s][info ][gc,cpu         ] GC(1373) User=0.00s Sys=0.00s Real=0.00s
[14.896s][info ][gc,start       ] GC(1374) Pause Young (Allocation Failure)
[14.896s][info ][gc,start       ] GC(1375) Pause Full (Allocation Failure)
[14.896s][info ][gc,phases,start] GC(1375) Phase 1: Mark live objects
[14.899s][debug][gc,phases      ] GC(1375) Reference Processing 0.039ms
[14.899s][debug][gc,phases      ] GC(1375) Weak Processing 0.012ms
[14.899s][debug][gc,phases      ] GC(1375) ClassLoaderData 0.023ms
[14.899s][debug][gc,phases      ] GC(1375) ProtectionDomainCacheTable 0.002ms
[14.899s][debug][gc,phases      ] GC(1375) ResolvedMethodTable 0.015ms
[14.900s][debug][gc,phases      ] GC(1375) Class Unloading 0.749ms
[14.900s][debug][gc,phases      ] GC(1375) Scrub String Table 0.112ms
[14.901s][debug][gc,phases      ] GC(1375) Scrub Symbol Table 1.150ms
[14.901s][info ][gc,phases      ] GC(1375) Phase 1: Mark live objects 5.204ms
[14.901s][info ][gc,phases,start] GC(1375) Phase 2: Compute new object addresses
[14.902s][info ][gc,phases      ] GC(1375) Phase 2: Compute new object addresses 0.908ms
[14.902s][info ][gc,phases,start] GC(1375) Phase 3: Adjust pointers
[14.906s][info ][gc,phases      ] GC(1375) Phase 3: Adjust pointers 3.715ms
[14.906s][info ][gc,phases,start] GC(1375) Phase 4: Move objects
[14.906s][info ][gc,phases      ] GC(1375) Phase 4: Move objects 0.226ms
[14.906s][info ][gc             ] GC(1375) Pause Full (Allocation Failure) 60M->4M(61M) 10.326ms
[14.906s][info ][gc,heap        ] GC(1374) DefNew: 19096K->0K(19648K)
[14.906s][info ][gc,heap        ] GC(1374) Tenured: 42613K->5099K(43712K)
[14.906s][info ][gc,metaspace   ] GC(1374) Metaspace: 16398K->16398K(1064960K)
[14.906s][info ][gc             ] GC(1374) Pause Young (Allocation Failure) 60M->4M(61M) 10.453ms
[14.906s][info ][gc,cpu         ] GC(1374) User=0.01s Sys=0.00s Real=0.01s
[14.908s][info ][gc,start       ] GC(1376) Pause Young (Allocation Failure)
[14.908s][debug][gc,age         ] GC(1376) Desired survivor size 1114112 bytes, new threshold 1 (max threshold 15)
[14.908s][info ][gc,heap        ] GC(1376) DefNew: 17140K->1956K(19648K)
[14.908s][info ][gc,heap        ] GC(1376) Tenured: 5099K->6271K(43712K)
[14.908s][info ][gc,metaspace   ] GC(1376) Metaspace: 16398K->16398K(1064960K)
[14.908s][info ][gc             ] GC(1376) Pause Young (Allocation Failure) 21M->8M(61M) 0.633ms
[14.908s][info ][gc,cpu         ] GC(1376) User=0.00s Sys=0.00s Real=0.00s
[14.910s][info ][gc,start       ] GC(1377) Pause Young (Allocation Failure)
[14.910s][debug][gc,age         ] GC(1377) Desired survivor size 1114112 bytes, new threshold 1 (max threshold 15)
[14.910s][info ][gc,heap        ] GC(1377) DefNew: 19096K->1955K(19648K)
[14.910s][info ][gc,heap        ] GC(1377) Tenured: 6271K->6662K(43712K)
[14.910s][info ][gc,metaspace   ] GC(1377) Metaspace: 16398K->16398K(1064960K)
[14.910s][info ][gc             ] GC(1377) Pause Young (Allocation Failure) 24M->8M(61M) 0.752ms
[14.910s][info ][gc,cpu         ] GC(1377) User=0.00s Sys=0.00s Real=0.00s
[14.912s][info ][gc,start       ] GC(1378) Pause Young (Allocation Failure)
[14.912s][debug][gc,age         ] GC(1378) Desired survivor size 1114112 bytes, new threshold 1 (max threshold 15)
[14.912s][info ][gc,heap        ] GC(1378) DefNew: 19095K->1955K(19648K)
[14.912s][info ][gc,heap        ] GC(1378) Tenured: 6662K->6662K(43712K)
[14.912s][info ][gc,metaspace   ] GC(1378) Metaspace: 16398K->16398K(1064960K)
[14.912s][info ][gc             ] GC(1378) Pause Young (Allocation Failure) 25M->8M(61M) 0.649ms
[14.912s][info ][gc,cpu         ] GC(1378) User=0.00s Sys=0.00s Real=0.00s
[14.914s][info ][gc,start       ] GC(1379) Pause Young (Allocation Failure)
[14.914s][debug][gc,age         ] GC(1379) Desired survivor size 1114112 bytes, new threshold 1 (max threshold 15)
[14.914s][info ][gc,heap        ] GC(1379) DefNew: 19057K->1955K(19648K)
[14.914s][info ][gc,heap        ] GC(1379) Tenured: 6662K->6662K(43712K)
[14.914s][info ][gc,metaspace   ] GC(1379) Metaspace: 16398K->16398K(1064960K)
[14.914s][info ][gc             ] GC(1379) Pause Young (Allocation Failure) 25M->8M(61M) 0.570ms
[14.914s][info ][gc,cpu         ] GC(1379) User=0.00s Sys=0.00s Real=0.00s
[14.915s][info ][gc,start       ] GC(1380) Pause Young (Allocation Failure)
[14.916s][debug][gc,age         ] GC(1380) Desired survivor size 1114112 bytes, new threshold 1 (max threshold 15)
[14.916s][info ][gc,heap        ] GC(1380) DefNew: 19109K->1955K(19648K)
[14.916s][info ][gc,heap        ] GC(1380) Tenured: 6662K->6662K(43712K)
[14.916s][info ][gc,metaspace   ] GC(1380) Metaspace: 16398K->16398K(1064960K)
[14.916s][info ][gc             ] GC(1380) Pause Young (Allocation Failure) 25M->8M(61M) 0.514ms
[14.916s][info ][gc,cpu         ] GC(1380) User=0.00s Sys=0.00s Real=0.00s
[14.917s][info ][gc,start       ] GC(1381) Pause Young (Allocation Failure)
[14.918s][debug][gc,age         ] GC(1381) Desired survivor size 1114112 bytes, new threshold 1 (max threshold 15)
[14.918s][info ][gc,heap        ] GC(1381) DefNew: 19065K->1955K(19648K)
[14.918s][info ][gc,heap        ] GC(1381) Tenured: 6662K->7053K(43712K)
[14.918s][info ][gc,metaspace   ] GC(1381) Metaspace: 16398K->16398K(1064960K)
[14.918s][info ][gc             ] GC(1381) Pause Young (Allocation Failure) 25M->8M(61M) 0.910ms
[14.918s][info ][gc,cpu         ] GC(1381) User=0.00s Sys=0.00s Real=0.00s
[14.920s][info ][gc,start       ] GC(1382) Pause Young (Allocation Failure)
[14.920s][debug][gc,age         ] GC(1382) Desired survivor size 1114112 bytes, new threshold 1 (max threshold 15)
[14.920s][info ][gc,heap        ] GC(1382) DefNew: 19057K->1955K(19648K)
[14.920s][info ][gc,heap        ] GC(1382) Tenured: 7053K->8225K(43712K)
[14.920s][info ][gc,metaspace   ] GC(1382) Metaspace: 16398K->16398K(1064960K)
[14.920s][info ][gc             ] GC(1382) Pause Young (Allocation Failure) 25M->9M(61M) 0.827ms
[14.920s][info ][gc,cpu         ] GC(1382) User=0.00s Sys=0.00s Real=0.00s
[14.922s][info ][gc,start       ] GC(1383) Pause Young (Allocation Failure)
[14.922s][debug][gc,age         ] GC(1383) Desired survivor size 1114112 bytes, new threshold 1 (max threshold 15)
[14.922s][info ][gc,heap        ] GC(1383) DefNew: 19129K->1955K(19648K)
[14.922s][info ][gc,heap        ] GC(1383) Tenured: 8225K->8226K(43712K)
[14.922s][info ][gc,metaspace   ] GC(1383) Metaspace: 16398K->16398K(1064960K)
[14.922s][info ][gc             ] GC(1383) Pause Young (Allocation Failure) 26M->9M(61M) 0.634ms
[14.922s][info ][gc,cpu         ] GC(1383) User=0.00s Sys=0.00s Real=0.00s
[14.924s][info ][gc,start       ] GC(1384) Pause Young (Allocation Failure)
[14.924s][debug][gc,age         ] GC(1384) Desired survivor size 1114112 bytes, new threshold 1 (max threshold 15)
[14.924s][info ][gc,heap        ] GC(1384) DefNew: 19117K->1173K(19648K)
[14.924s][info ][gc,heap        ] GC(1384) Tenured: 8226K->8226K(43712K)
[14.924s][info ][gc,metaspace   ] GC(1384) Metaspace: 16398K->16398K(1064960K)
[14.924s][info ][gc             ] GC(1384) Pause Young (Allocation Failure) 26M->9M(61M) 0.603ms
[14.924s][info ][gc,cpu         ] GC(1384) User=0.00s Sys=0.00s Real=0.00s
[14.926s][info ][gc,start       ] GC(1385) Pause Young (Allocation Failure)
[14.926s][debug][gc,age         ] GC(1385) Desired survivor size 1114112 bytes, new threshold 1 (max threshold 15)
[14.926s][info ][gc,heap        ] GC(1385) DefNew: 18328K->1955K(19648K)
[14.926s][info ][gc,heap        ] GC(1385) Tenured: 8226K->9007K(43712K)
[14.926s][info ][gc,metaspace   ] GC(1385) Metaspace: 16398K->16398K(1064960K)
[14.926s][info ][gc             ] GC(1385) Pause Young (Allocation Failure) 25M->10M(61M) 0.721ms
[14.926s][info ][gc,cpu         ] GC(1385) User=0.00s Sys=0.00s Real=0.00s
[14.928s][info ][gc,start       ] GC(1386) Pause Young (Allocation Failure)
[14.928s][debug][gc,age         ] GC(1386) Desired survivor size 1114112 bytes, new threshold 1 (max threshold 15)
[14.928s][info ][gc,heap        ] GC(1386) DefNew: 19104K->1564K(19648K)
[14.928s][info ][gc,heap        ] GC(1386) Tenured: 9007K->9007K(43712K)
[14.928s][info ][gc,metaspace   ] GC(1386) Metaspace: 16398K->16398K(1064960K)
[14.928s][info ][gc             ] GC(1386) Pause Young (Allocation Failure) 27M->10M(61M) 0.669ms
[14.928s][info ][gc,cpu         ] GC(1386) User=0.00s Sys=0.00s Real=0.00s
[14.930s][info ][gc,start       ] GC(1387) Pause Young (Allocation Failure)
[14.930s][debug][gc,age         ] GC(1387) Desired survivor size 1114112 bytes, new threshold 1 (max threshold 15)
[14.930s][info ][gc,heap        ] GC(1387) DefNew: 18663K->1955K(19648K)
[14.930s][info ][gc,heap        ] GC(1387) Tenured: 9007K->9398K(43712K)
[14.930s][info ][gc,metaspace   ] GC(1387) Metaspace: 16398K->16398K(1064960K)
[14.930s][info ][gc             ] GC(1387) Pause Young (Allocation Failure) 27M->11M(61M) 0.609ms
[14.930s][info ][gc,cpu         ] GC(1387) User=0.00s Sys=0.00s Real=0.00s
[14.932s][info ][gc,start       ] GC(1388) Pause Young (Allocation Failure)
[14.932s][debug][gc,age         ] GC(1388) Desired survivor size 1114112 bytes, new threshold 1 (max threshold 15)
[14.932s][info ][gc,heap        ] GC(1388) DefNew: 19116K->1955K(19648K)
[14.932s][info ][gc,heap        ] GC(1388) Tenured: 9398K->9398K(43712K)
[14.932s][info ][gc,metaspace   ] GC(1388) Metaspace: 16398K->16398K(1064960K)
[14.932s][info ][gc             ] GC(1388) Pause Young (Allocation Failure) 27M->11M(61M) 0.526ms
[14.932s][info ][gc,cpu         ] GC(1388) User=0.00s Sys=0.00s Real=0.00s
[14.933s][info ][gc,start       ] GC(1389) Pause Young (Allocation Failure)
[14.934s][debug][gc,age         ] GC(1389) Desired survivor size 1114112 bytes, new threshold 1 (max threshold 15)
[14.934s][info ][gc,heap        ] GC(1389) DefNew: 19109K->1955K(19648K)
[14.934s][info ][gc,heap        ] GC(1389) Tenured: 9398K->9789K(43712K)
[14.934s][info ][gc,metaspace   ] GC(1389) Metaspace: 16398K->16398K(1064960K)
[14.934s][info ][gc             ] GC(1389) Pause Young (Allocation Failure) 27M->11M(61M) 0.704ms
[14.934s][info ][gc,cpu         ] GC(1389) User=0.00s Sys=0.00s Real=0.00s
[14.935s][info ][gc,start       ] GC(1390) Pause Young (Allocation Failure)
[14.936s][debug][gc,age         ] GC(1390) Desired survivor size 1114112 bytes, new threshold 1 (max threshold 15)
[14.936s][info ][gc,heap        ] GC(1390) DefNew: 19104K->1955K(19648K)
[14.936s][info ][gc,heap        ] GC(1390) Tenured: 9789K->10961K(43712K)
[14.936s][info ][gc,metaspace   ] GC(1390) Metaspace: 16398K->16398K(1064960K)
[14.936s][info ][gc             ] GC(1390) Pause Young (Allocation Failure) 28M->12M(61M) 0.619ms
[14.936s][info ][gc,cpu         ] GC(1390) User=0.00s Sys=0.00s Real=0.00s
[14.937s][info ][gc,start       ] GC(1391) Pause Young (Allocation Failure)
[14.938s][debug][gc,age         ] GC(1391) Desired survivor size 1114112 bytes, new threshold 1 (max threshold 15)
[14.938s][info ][gc,heap        ] GC(1391) DefNew: 19101K->1564K(19648K)
[14.938s][info ][gc,heap        ] GC(1391) Tenured: 10961K->10961K(43712K)
[14.938s][info ][gc,metaspace   ] GC(1391) Metaspace: 16398K->16398K(1064960K)
[14.938s][info ][gc             ] GC(1391) Pause Young (Allocation Failure) 29M->12M(61M) 0.501ms
[14.938s][info ][gc,cpu         ] GC(1391) User=0.00s Sys=0.00s Real=0.00s
[14.939s][info ][gc,start       ] GC(1392) Pause Young (Allocation Failure)
[14.940s][debug][gc,age         ] GC(1392) Desired survivor size 1114112 bytes, new threshold 1 (max threshold 15)
[14.940s][info ][gc,heap        ] GC(1392) DefNew: 18708K->1955K(19648K)
[14.940s][info ][gc,heap        ] GC(1392) Tenured: 10961K->11742K(43712K)
[14.940s][info ][gc,metaspace   ] GC(1392) Metaspace: 16398K->16398K(1064960K)
[14.940s][info ][gc             ] GC(1392) Pause Young (Allocation Failure) 28M->13M(61M) 0.581ms
[14.940s][info ][gc,cpu         ] GC(1392) User=0.00s Sys=0.00s Real=0.01s
[14.941s][info ][gc,start       ] GC(1393) Pause Young (Allocation Failure)
[14.941s][debug][gc,age         ] GC(1393) Desired survivor size 1114112 bytes, new threshold 1 (max threshold 15)
[14.942s][info ][gc,heap        ] GC(1393) DefNew: 19098K->1955K(19648K)
[14.942s][info ][gc,heap        ] GC(1393) Tenured: 11742K->12523K(43712K)
[14.942s][info ][gc,metaspace   ] GC(1393) Metaspace: 16398K->16398K(1064960K)
[14.942s][info ][gc             ] GC(1393) Pause Young (Allocation Failure) 30M->14M(61M) 0.590ms
[14.942s][info ][gc,cpu         ] GC(1393) User=0.00s Sys=0.00s Real=0.00s
[14.943s][info ][gc,start       ] GC(1394) Pause Young (Allocation Failure)
[14.944s][debug][gc,age         ] GC(1394) Desired survivor size 1114112 bytes, new threshold 1 (max threshold 15)
[14.944s][info ][gc,heap        ] GC(1394) DefNew: 19097K->1955K(19648K)
[14.944s][info ][gc,heap        ] GC(1394) Tenured: 12523K->12523K(43712K)
[14.944s][info ][gc,metaspace   ] GC(1394) Metaspace: 16398K->16398K(1064960K)
[14.944s][info ][gc             ] GC(1394) Pause Young (Allocation Failure) 30M->14M(61M) 0.520ms
[14.944s][info ][gc,cpu         ] GC(1394) User=0.00s Sys=0.00s Real=0.00s
[14.945s][info ][gc,start       ] GC(1395) Pause Young (Allocation Failure)
[14.946s][debug][gc,age         ] GC(1395) Desired survivor size 1114112 bytes, new threshold 1 (max threshold 15)
[14.946s][info ][gc,heap        ] GC(1395) DefNew: 19096K->1955K(19648K)
[14.946s][info ][gc,heap        ] GC(1395) Tenured: 12523K->12914K(43712K)
[14.946s][info ][gc,metaspace   ] GC(1395) Metaspace: 16398K->16398K(1064960K)
[14.946s][info ][gc             ] GC(1395) Pause Young (Allocation Failure) 30M->14M(61M) 0.690ms
[14.946s][info ][gc,cpu         ] GC(1395) User=0.01s Sys=0.00s Real=0.00s
[14.947s][info ][gc,start       ] GC(1396) Pause Young (Allocation Failure)
[14.947s][debug][gc,age         ] GC(1396) Desired survivor size 1114112 bytes, new threshold 1 (max threshold 15)
[14.947s][info ][gc,heap        ] GC(1396) DefNew: 19096K->1955K(19648K)
[14.947s][info ][gc,heap        ] GC(1396) Tenured: 12914K->13305K(43712K)
[14.947s][info ][gc,metaspace   ] GC(1396) Metaspace: 16398K->16398K(1064960K)
[14.948s][info ][gc             ] GC(1396) Pause Young (Allocation Failure) 31M->14M(61M) 0.553ms
[14.948s][info ][gc,cpu         ] GC(1396) User=0.00s Sys=0.00s Real=0.00s
[14.949s][info ][gc,start       ] GC(1397) Pause Young (Allocation Failure)
[14.949s][debug][gc,age         ] GC(1397) Desired survivor size 1114112 bytes, new threshold 1 (max threshold 15)
[14.949s][info ][gc,heap        ] GC(1397) DefNew: 19096K->1955K(19648K)
[14.949s][info ][gc,heap        ] GC(1397) Tenured: 13305K->13695K(43712K)
[14.949s][info ][gc,metaspace   ] GC(1397) Metaspace: 16398K->16398K(1064960K)
[14.949s][info ][gc             ] GC(1397) Pause Young (Allocation Failure) 31M->15M(61M) 0.546ms
[14.949s][info ][gc,cpu         ] GC(1397) User=0.00s Sys=0.00s Real=0.01s
[14.951s][info ][gc,start       ] GC(1398) Pause Young (Allocation Failure)
[14.952s][debug][gc,age         ] GC(1398) Desired survivor size 1114112 bytes, new threshold 1 (max threshold 15)
[14.952s][info ][gc,heap        ] GC(1398) DefNew: 19096K->1955K(19648K)
[14.952s][info ][gc,heap        ] GC(1398) Tenured: 13695K->14086K(43712K)
[14.952s][info ][gc,metaspace   ] GC(1398) Metaspace: 16398K->16398K(1064960K)
[14.952s][info ][gc             ] GC(1398) Pause Young (Allocation Failure) 32M->15M(61M) 0.815ms
[14.952s][info ][gc,cpu         ] GC(1398) User=0.00s Sys=0.00s Real=0.00s
[14.953s][info ][gc,start       ] GC(1399) Pause Young (Allocation Failure)
[14.953s][debug][gc,age         ] GC(1399) Desired survivor size 1114112 bytes, new threshold 1 (max threshold 15)
[14.953s][info ][gc,heap        ] GC(1399) DefNew: 19096K->1955K(19648K)
[14.954s][info ][gc,heap        ] GC(1399) Tenured: 14086K->14867K(43712K)
[14.954s][info ][gc,metaspace   ] GC(1399) Metaspace: 16398K->16398K(1064960K)
[14.954s][info ][gc             ] GC(1399) Pause Young (Allocation Failure) 32M->16M(61M) 0.642ms
[14.954s][info ][gc,cpu         ] GC(1399) User=0.00s Sys=0.00s Real=0.00s
[14.955s][info ][gc,start       ] GC(1400) Pause Young (Allocation Failure)
[14.955s][debug][gc,age         ] GC(1400) Desired survivor size 1114112 bytes, new threshold 1 (max threshold 15)
[14.955s][info ][gc,heap        ] GC(1400) DefNew: 19096K->1955K(19648K)
[14.955s][info ][gc,heap        ] GC(1400) Tenured: 14867K->14867K(43712K)
[14.955s][info ][gc,metaspace   ] GC(1400) Metaspace: 16398K->16398K(1064960K)
[14.955s][info ][gc             ] GC(1400) Pause Young (Allocation Failure) 33M->16M(61M) 0.501ms
[14.955s][info ][gc,cpu         ] GC(1400) User=0.00s Sys=0.00s Real=0.00s
[14.957s][info ][gc,start       ] GC(1401) Pause Young (Allocation Failure)
[14.957s][debug][gc,age         ] GC(1401) Desired survivor size 1114112 bytes, new threshold 1 (max threshold 15)
[14.957s][info ][gc,heap        ] GC(1401) DefNew: 19095K->1955K(19648K)
[14.957s][info ][gc,heap        ] GC(1401) Tenured: 14867K->14867K(43712K)
[14.957s][info ][gc,metaspace   ] GC(1401) Metaspace: 16398K->16398K(1064960K)
[14.957s][info ][gc             ] GC(1401) Pause Young (Allocation Failure) 33M->16M(61M) 0.484ms
[14.957s][info ][gc,cpu         ] GC(1401) User=0.00s Sys=0.00s Real=0.00s
[14.958s][info ][gc,start       ] GC(1402) Pause Young (Allocation Failure)
[14.959s][debug][gc,age         ] GC(1402) Desired survivor size 1114112 bytes, new threshold 1 (max threshold 15)
[14.959s][info ][gc,heap        ] GC(1402) DefNew: 19096K->1564K(19648K)
[14.959s][info ][gc,heap        ] GC(1402) Tenured: 14867K->14867K(43712K)
[14.959s][info ][gc,metaspace   ] GC(1402) Metaspace: 16398K->16398K(1064960K)
[14.959s][info ][gc             ] GC(1402) Pause Young (Allocation Failure) 33M->16M(61M) 0.458ms
[14.959s][info ][gc,cpu         ] GC(1402) User=0.00s Sys=0.00s Real=0.00s
[14.960s][info ][gc,start       ] GC(1403) Pause Young (Allocation Failure)
[14.961s][debug][gc,age         ] GC(1403) Desired survivor size 1114112 bytes, new threshold 1 (max threshold 15)
[14.961s][info ][gc,heap        ] GC(1403) DefNew: 18705K->1955K(19648K)
[14.961s][info ][gc,heap        ] GC(1403) Tenured: 14867K->15258K(43712K)
[14.961s][info ][gc,metaspace   ] GC(1403) Metaspace: 16398K->16398K(1064960K)
[14.961s][info ][gc             ] GC(1403) Pause Young (Allocation Failure) 32M->16M(61M) 0.659ms
[14.961s][info ][gc,cpu         ] GC(1403) User=0.00s Sys=0.00s Real=0.00s
[14.963s][info ][gc,start       ] GC(1404) Pause Young (Allocation Failure)
[14.963s][debug][gc,age         ] GC(1404) Desired survivor size 1114112 bytes, new threshold 1 (max threshold 15)
[14.963s][info ][gc,heap        ] GC(1404) DefNew: 19095K->1955K(19648K)
[14.963s][info ][gc,heap        ] GC(1404) Tenured: 15258K->15258K(43712K)
[14.963s][info ][gc,metaspace   ] GC(1404) Metaspace: 16398K->16398K(1064960K)
[14.963s][info ][gc             ] GC(1404) Pause Young (Allocation Failure) 33M->16M(61M) 0.638ms
[14.963s][info ][gc,cpu         ] GC(1404) User=0.00s Sys=0.00s Real=0.00s
[14.965s][info ][gc,start       ] GC(1405) Pause Young (Allocation Failure)
[14.965s][debug][gc,age         ] GC(1405) Desired survivor size 1114112 bytes, new threshold 1 (max threshold 15)
[14.965s][info ][gc,heap        ] GC(1405) DefNew: 19096K->1955K(19648K)
[14.965s][info ][gc,heap        ] GC(1405) Tenured: 15258K->16040K(43712K)
[14.965s][info ][gc,metaspace   ] GC(1405) Metaspace: 16398K->16398K(1064960K)
[14.965s][info ][gc             ] GC(1405) Pause Young (Allocation Failure) 33M->17M(61M) 0.602ms
[14.965s][info ][gc,cpu         ] GC(1405) User=0.00s Sys=0.00s Real=0.00s
[14.967s][info ][gc,start       ] GC(1406) Pause Young (Allocation Failure)
[14.967s][debug][gc,age         ] GC(1406) Desired survivor size 1114112 bytes, new threshold 1 (max threshold 15)
[14.967s][info ][gc,heap        ] GC(1406) DefNew: 19095K->1955K(19648K)
[14.967s][info ][gc,heap        ] GC(1406) Tenured: 16040K->16040K(43712K)
[14.967s][info ][gc,metaspace   ] GC(1406) Metaspace: 16398K->16398K(1064960K)
[14.967s][info ][gc             ] GC(1406) Pause Young (Allocation Failure) 34M->17M(61M) 0.596ms
[14.967s][info ][gc,cpu         ] GC(1406) User=0.00s Sys=0.00s Real=0.00s
[14.968s][info ][gc,start       ] GC(1407) Pause Young (Allocation Failure)
[14.969s][debug][gc,age         ] GC(1407) Desired survivor size 1114112 bytes, new threshold 1 (max threshold 15)
[14.969s][info ][gc,heap        ] GC(1407) DefNew: 19096K->1955K(19648K)
[14.969s][info ][gc,heap        ] GC(1407) Tenured: 16040K->16430K(43712K)
[14.969s][info ][gc,metaspace   ] GC(1407) Metaspace: 16398K->16398K(1064960K)
[14.969s][info ][gc             ] GC(1407) Pause Young (Allocation Failure) 34M->17M(61M) 0.668ms
[14.969s][info ][gc,cpu         ] GC(1407) User=0.00s Sys=0.00s Real=0.00s
[14.970s][info ][gc,start       ] GC(1408) Pause Young (Allocation Failure)
[14.971s][debug][gc,age         ] GC(1408) Desired survivor size 1114112 bytes, new threshold 1 (max threshold 15)
[14.971s][info ][gc,heap        ] GC(1408) DefNew: 19096K->1955K(19648K)
[14.971s][info ][gc,heap        ] GC(1408) Tenured: 16430K->16430K(43712K)
[14.971s][info ][gc,metaspace   ] GC(1408) Metaspace: 16398K->16398K(1064960K)
[14.971s][info ][gc             ] GC(1408) Pause Young (Allocation Failure) 34M->17M(61M) 0.511ms
[14.971s][info ][gc,cpu         ] GC(1408) User=0.00s Sys=0.00s Real=0.00s
[14.972s][info ][gc,start       ] GC(1409) Pause Young (Allocation Failure)
[14.973s][debug][gc,age         ] GC(1409) Desired survivor size 1114112 bytes, new threshold 1 (max threshold 15)
[14.973s][info ][gc,heap        ] GC(1409) DefNew: 19095K->1955K(19648K)
[14.973s][info ][gc,heap        ] GC(1409) Tenured: 16430K->16821K(43712K)
[14.973s][info ][gc,metaspace   ] GC(1409) Metaspace: 16398K->16398K(1064960K)
[14.973s][info ][gc             ] GC(1409) Pause Young (Allocation Failure) 34M->18M(61M) 0.598ms
[14.973s][info ][gc,cpu         ] GC(1409) User=0.00s Sys=0.00s Real=0.00s
[14.974s][info ][gc,start       ] GC(1410) Pause Young (Allocation Failure)
[14.975s][debug][gc,age         ] GC(1410) Desired survivor size 1114112 bytes, new threshold 1 (max threshold 15)
[14.975s][info ][gc,heap        ] GC(1410) DefNew: 19054K->1564K(19648K)
[14.975s][info ][gc,heap        ] GC(1410) Tenured: 16821K->16821K(43712K)
[14.975s][info ][gc,metaspace   ] GC(1410) Metaspace: 16398K->16398K(1064960K)
[14.975s][info ][gc             ] GC(1410) Pause Young (Allocation Failure) 35M->17M(61M) 0.583ms
[14.975s][info ][gc,cpu         ] GC(1410) User=0.00s Sys=0.00s Real=0.00s
[14.976s][info ][gc,start       ] GC(1411) Pause Young (Allocation Failure)
[14.976s][debug][gc,age         ] GC(1411) Desired survivor size 1114112 bytes, new threshold 1 (max threshold 15)
[14.976s][info ][gc,heap        ] GC(1411) DefNew: 18719K->1955K(19648K)
[14.976s][info ][gc,heap        ] GC(1411) Tenured: 16821K->16821K(43712K)
[14.977s][info ][gc,metaspace   ] GC(1411) Metaspace: 16398K->16398K(1064960K)
[14.977s][info ][gc             ] GC(1411) Pause Young (Allocation Failure) 34M->18M(61M) 0.532ms
[14.977s][info ][gc,cpu         ] GC(1411) User=0.00s Sys=0.00s Real=0.00s
[14.978s][info ][gc,start       ] GC(1412) Pause Young (Allocation Failure)
[14.978s][debug][gc,age         ] GC(1412) Desired survivor size 1114112 bytes, new threshold 1 (max threshold 15)
[14.978s][info ][gc,heap        ] GC(1412) DefNew: 19105K->1955K(19648K)
[14.979s][info ][gc,heap        ] GC(1412) Tenured: 16821K->17602K(43712K)
[14.979s][info ][gc,metaspace   ] GC(1412) Metaspace: 16398K->16398K(1064960K)
[14.979s][info ][gc             ] GC(1412) Pause Young (Allocation Failure) 35M->19M(61M) 0.691ms
[14.979s][info ][gc,cpu         ] GC(1412) User=0.00s Sys=0.00s Real=0.00s
[14.980s][info ][gc,start       ] GC(1413) Pause Young (Allocation Failure)
[14.980s][debug][gc,age         ] GC(1413) Desired survivor size 1114112 bytes, new threshold 1 (max threshold 15)
[14.981s][info ][gc,heap        ] GC(1413) DefNew: 19102K->1955K(19648K)
[14.981s][info ][gc,heap        ] GC(1413) Tenured: 17602K->18384K(43712K)
[14.981s][info ][gc,metaspace   ] GC(1413) Metaspace: 16398K->16398K(1064960K)
[14.981s][info ][gc             ] GC(1413) Pause Young (Allocation Failure) 35M->19M(61M) 0.589ms
[14.981s][info ][gc,cpu         ] GC(1413) User=0.00s Sys=0.00s Real=0.00s
[14.982s][info ][gc,start       ] GC(1414) Pause Young (Allocation Failure)
[14.982s][debug][gc,age         ] GC(1414) Desired survivor size 1114112 bytes, new threshold 1 (max threshold 15)
[14.982s][info ][gc,heap        ] GC(1414) DefNew: 19099K->1955K(19648K)
[14.982s][info ][gc,heap        ] GC(1414) Tenured: 18384K->18384K(43712K)
[14.982s][info ][gc,metaspace   ] GC(1414) Metaspace: 16398K->16398K(1064960K)
[14.982s][info ][gc             ] GC(1414) Pause Young (Allocation Failure) 36M->19M(61M) 0.506ms
[14.982s][info ][gc,cpu         ] GC(1414) User=0.00s Sys=0.00s Real=0.00s
[14.984s][info ][gc,start       ] GC(1415) Pause Young (Allocation Failure)
[14.984s][debug][gc,age         ] GC(1415) Desired survivor size 1114112 bytes, new threshold 1 (max threshold 15)
[14.984s][info ][gc,heap        ] GC(1415) DefNew: 19098K->1955K(19648K)
[14.984s][info ][gc,heap        ] GC(1415) Tenured: 18384K->19165K(43712K)
[14.984s][info ][gc,metaspace   ] GC(1415) Metaspace: 16398K->16398K(1064960K)
[14.985s][info ][gc             ] GC(1415) Pause Young (Allocation Failure) 36M->20M(61M) 0.803ms
[14.985s][info ][gc,cpu         ] GC(1415) User=0.00s Sys=0.00s Real=0.00s
[14.986s][info ][gc,start       ] GC(1416) Pause Young (Allocation Failure)
[14.986s][debug][gc,age         ] GC(1416) Desired survivor size 1114112 bytes, new threshold 1 (max threshold 15)
[14.986s][info ][gc,heap        ] GC(1416) DefNew: 19097K->1955K(19648K)
[14.986s][info ][gc,heap        ] GC(1416) Tenured: 19165K->19556K(43712K)
[14.986s][info ][gc,metaspace   ] GC(1416) Metaspace: 16398K->16398K(1064960K)
[14.986s][info ][gc             ] GC(1416) Pause Young (Allocation Failure) 37M->21M(61M) 0.717ms
[14.986s][info ][gc,cpu         ] GC(1416) User=0.00s Sys=0.00s Real=0.00s
[14.988s][info ][gc,start       ] GC(1417) Pause Young (Allocation Failure)
[14.988s][debug][gc,age         ] GC(1417) Desired survivor size 1114112 bytes, new threshold 1 (max threshold 15)
[14.988s][info ][gc,heap        ] GC(1417) DefNew: 19052K->1955K(19648K)
[14.988s][info ][gc,heap        ] GC(1417) Tenured: 19556K->19947K(43712K)
[14.988s][info ][gc,metaspace   ] GC(1417) Metaspace: 16398K->16398K(1064960K)
[14.988s][info ][gc             ] GC(1417) Pause Young (Allocation Failure) 37M->21M(61M) 0.652ms
[14.988s][info ][gc,cpu         ] GC(1417) User=0.00s Sys=0.00s Real=0.00s
[14.990s][info ][gc,start       ] GC(1418) Pause Young (Allocation Failure)
[14.990s][debug][gc,age         ] GC(1418) Desired survivor size 1114112 bytes, new threshold 15 (max threshold 15)
[14.990s][info ][gc,heap        ] GC(1418) DefNew: 19062K->783K(19648K)
[14.990s][info ][gc,heap        ] GC(1418) Tenured: 19947K->19947K(43712K)
[14.990s][info ][gc,metaspace   ] GC(1418) Metaspace: 16398K->16398K(1064960K)
[14.990s][info ][gc             ] GC(1418) Pause Young (Allocation Failure) 38M->20M(61M) 0.542ms
[14.990s][info ][gc,cpu         ] GC(1418) User=0.00s Sys=0.00s Real=0.00s
[14.991s][info ][gc,start       ] GC(1419) Pause Young (Allocation Failure)
[14.992s][debug][gc,age         ] GC(1419) Desired survivor size 1114112 bytes, new threshold 1 (max threshold 15)
[14.992s][info ][gc,heap        ] GC(1419) DefNew: 17952K->1955K(19648K)
[14.992s][info ][gc,heap        ] GC(1419) Tenured: 19947K->19947K(43712K)
[14.992s][info ][gc,metaspace   ] GC(1419) Metaspace: 16398K->16398K(1064960K)
[14.992s][info ][gc             ] GC(1419) Pause Young (Allocation Failure) 37M->21M(61M) 0.578ms
[14.992s][info ][gc,cpu         ] GC(1419) User=0.00s Sys=0.00s Real=0.00s
[14.993s][info ][gc,start       ] GC(1420) Pause Young (Allocation Failure)
[14.994s][debug][gc,age         ] GC(1420) Desired survivor size 1114112 bytes, new threshold 1 (max threshold 15)
[14.994s][info ][gc,heap        ] GC(1420) DefNew: 19113K->1955K(19648K)
[14.994s][info ][gc,heap        ] GC(1420) Tenured: 19947K->20338K(43712K)
[14.994s][info ][gc,metaspace   ] GC(1420) Metaspace: 16398K->16398K(1064960K)
[14.994s][info ][gc             ] GC(1420) Pause Young (Allocation Failure) 38M->21M(61M) 0.545ms
[14.994s][info ][gc,cpu         ] GC(1420) User=0.00s Sys=0.00s Real=0.00s
[14.995s][info ][gc,start       ] GC(1421) Pause Young (Allocation Failure)
[14.996s][debug][gc,age         ] GC(1421) Desired survivor size 1114112 bytes, new threshold 1 (max threshold 15)
[14.996s][info ][gc,heap        ] GC(1421) DefNew: 19107K->1955K(19648K)
[14.996s][info ][gc,heap        ] GC(1421) Tenured: 20338K->20338K(43712K)
[14.996s][info ][gc,metaspace   ] GC(1421) Metaspace: 16398K->16398K(1064960K)
[14.996s][info ][gc             ] GC(1421) Pause Young (Allocation Failure) 38M->21M(61M) 0.797ms
[14.996s][info ][gc,cpu         ] GC(1421) User=0.00s Sys=0.00s Real=0.00s
[14.997s][info ][gc,start       ] GC(1422) Pause Young (Allocation Failure)
[14.998s][debug][gc,age         ] GC(1422) Desired survivor size 1114112 bytes, new threshold 1 (max threshold 15)
[14.998s][info ][gc,heap        ] GC(1422) DefNew: 19063K->1955K(19648K)
[14.998s][info ][gc,heap        ] GC(1422) Tenured: 20338K->21510K(43712K)
[14.998s][info ][gc,metaspace   ] GC(1422) Metaspace: 16398K->16398K(1064960K)
[14.998s][info ][gc             ] GC(1422) Pause Young (Allocation Failure) 38M->22M(61M) 0.704ms
[14.998s][info ][gc,cpu         ] GC(1422) User=0.00s Sys=0.00s Real=0.00s
[14.999s][info ][gc,start       ] GC(1423) Pause Young (Allocation Failure)
[15.000s][debug][gc,age         ] GC(1423) Desired survivor size 1114112 bytes, new threshold 1 (max threshold 15)
[15.000s][info ][gc,heap        ] GC(1423) DefNew: 19114K->1955K(19648K)
[15.000s][info ][gc,heap        ] GC(1423) Tenured: 21510K->21901K(43712K)
[15.000s][info ][gc,metaspace   ] GC(1423) Metaspace: 16398K->16398K(1064960K)
[15.000s][info ][gc             ] GC(1423) Pause Young (Allocation Failure) 39M->23M(61M) 0.767ms
[15.000s][info ][gc,cpu         ] GC(1423) User=0.00s Sys=0.00s Real=0.00s
[15.001s][info ][gc,start       ] GC(1424) Pause Young (Allocation Failure)
[15.002s][debug][gc,age         ] GC(1424) Desired survivor size 1114112 bytes, new threshold 1 (max threshold 15)
[15.002s][info ][gc,heap        ] GC(1424) DefNew: 19108K->1955K(19648K)
[15.002s][info ][gc,heap        ] GC(1424) Tenured: 21901K->22682K(43712K)
[15.002s][info ][gc,metaspace   ] GC(1424) Metaspace: 16398K->16398K(1064960K)
[15.002s][info ][gc             ] GC(1424) Pause Young (Allocation Failure) 40M->24M(61M) 0.595ms
[15.002s][info ][gc,cpu         ] GC(1424) User=0.00s Sys=0.00s Real=0.00s
[15.004s][info ][gc,start       ] GC(1425) Pause Young (Allocation Failure)
[15.004s][debug][gc,age         ] GC(1425) Desired survivor size 1114112 bytes, new threshold 1 (max threshold 15)
[15.004s][info ][gc,heap        ] GC(1425) DefNew: 19104K->1955K(19648K)
[15.004s][info ][gc,heap        ] GC(1425) Tenured: 22682K->22682K(43712K)
[15.004s][info ][gc,metaspace   ] GC(1425) Metaspace: 16398K->16398K(1064960K)
[15.004s][info ][gc             ] GC(1425) Pause Young (Allocation Failure) 40M->24M(61M) 0.543ms
[15.004s][info ][gc,cpu         ] GC(1425) User=0.00s Sys=0.00s Real=0.00s
[15.005s][info ][gc,start       ] GC(1426) Pause Young (Allocation Failure)
[15.006s][debug][gc,age         ] GC(1426) Desired survivor size 1114112 bytes, new threshold 1 (max threshold 15)
[15.006s][info ][gc,heap        ] GC(1426) DefNew: 19101K->1955K(19648K)
[15.006s][info ][gc,heap        ] GC(1426) Tenured: 22682K->22682K(43712K)
[15.006s][info ][gc,metaspace   ] GC(1426) Metaspace: 16398K->16398K(1064960K)
[15.006s][info ][gc             ] GC(1426) Pause Young (Allocation Failure) 40M->24M(61M) 0.491ms
[15.006s][info ][gc,cpu         ] GC(1426) User=0.00s Sys=0.00s Real=0.00s
[15.007s][info ][gc,start       ] GC(1427) Pause Young (Allocation Failure)
[15.008s][debug][gc,age         ] GC(1427) Desired survivor size 1114112 bytes, new threshold 1 (max threshold 15)
[15.008s][info ][gc,heap        ] GC(1427) DefNew: 19099K->1955K(19648K)
[15.008s][info ][gc,heap        ] GC(1427) Tenured: 22682K->23463K(43712K)
[15.008s][info ][gc,metaspace   ] GC(1427) Metaspace: 16398K->16398K(1064960K)
[15.008s][info ][gc             ] GC(1427) Pause Young (Allocation Failure) 40M->24M(61M) 0.593ms
[15.008s][info ][gc,cpu         ] GC(1427) User=0.00s Sys=0.00s Real=0.00s
[15.009s][info ][gc,start       ] GC(1428) Pause Young (Allocation Failure)
[15.010s][debug][gc,age         ] GC(1428) Desired survivor size 1114112 bytes, new threshold 1 (max threshold 15)
[15.010s][info ][gc,heap        ] GC(1428) DefNew: 19098K->1955K(19648K)
[15.010s][info ][gc,heap        ] GC(1428) Tenured: 23463K->23463K(43712K)
[15.010s][info ][gc,metaspace   ] GC(1428) Metaspace: 16398K->16398K(1064960K)
[15.010s][info ][gc             ] GC(1428) Pause Young (Allocation Failure) 41M->24M(61M) 0.555ms
[15.010s][info ][gc,cpu         ] GC(1428) User=0.00s Sys=0.00s Real=0.00s
[15.011s][info ][gc,start       ] GC(1429) Pause Young (Allocation Failure)
[15.012s][debug][gc,age         ] GC(1429) Desired survivor size 1114112 bytes, new threshold 1 (max threshold 15)
[15.012s][info ][gc,heap        ] GC(1429) DefNew: 19097K->1955K(19648K)
[15.012s][info ][gc,heap        ] GC(1429) Tenured: 23463K->24245K(43712K)
[15.012s][info ][gc,metaspace   ] GC(1429) Metaspace: 16398K->16398K(1064960K)
[15.012s][info ][gc             ] GC(1429) Pause Young (Allocation Failure) 41M->25M(61M) 0.735ms
[15.012s][info ][gc,cpu         ] GC(1429) User=0.01s Sys=0.00s Real=0.00s
[15.013s][info ][gc,start       ] GC(1430) Pause Young (Allocation Failure)
[15.014s][debug][gc,age         ] GC(1430) Desired survivor size 1114112 bytes, new threshold 1 (max threshold 15)
[15.014s][info ][gc,heap        ] GC(1430) DefNew: 19096K->1564K(19648K)
[15.014s][info ][gc,heap        ] GC(1430) Tenured: 24245K->24245K(43712K)
[15.014s][info ][gc,metaspace   ] GC(1430) Metaspace: 16398K->16398K(1064960K)
[15.014s][info ][gc             ] GC(1430) Pause Young (Allocation Failure) 42M->25M(61M) 0.551ms
[15.014s][info ][gc,cpu         ] GC(1430) User=0.00s Sys=0.00s Real=0.00s
[15.015s][info ][gc,start       ] GC(1431) Pause Young (Allocation Failure)
[15.016s][debug][gc,age         ] GC(1431) Desired survivor size 1114112 bytes, new threshold 1 (max threshold 15)
[15.016s][info ][gc,heap        ] GC(1431) DefNew: 18705K->1955K(19648K)
[15.016s][info ][gc,heap        ] GC(1431) Tenured: 24245K->25026K(43712K)
[15.016s][info ][gc,metaspace   ] GC(1431) Metaspace: 16399K->16399K(1064960K)
[15.016s][info ][gc             ] GC(1431) Pause Young (Allocation Failure) 41M->26M(61M) 0.618ms
[15.016s][info ][gc,cpu         ] GC(1431) User=0.00s Sys=0.00s Real=0.00s
[15.017s][info ][gc,start       ] GC(1432) Pause Young (Allocation Failure)
[15.018s][debug][gc,age         ] GC(1432) Desired survivor size 1114112 bytes, new threshold 1 (max threshold 15)
[15.018s][info ][gc,heap        ] GC(1432) DefNew: 19056K->1955K(19648K)
[15.018s][info ][gc,heap        ] GC(1432) Tenured: 25026K->25026K(43712K)
[15.018s][info ][gc,metaspace   ] GC(1432) Metaspace: 16404K->16404K(1064960K)
[15.018s][info ][gc             ] GC(1432) Pause Young (Allocation Failure) 43M->26M(61M) 0.722ms
[15.018s][info ][gc,cpu         ] GC(1432) User=0.00s Sys=0.00s Real=0.00s
[15.019s][info ][gc,start       ] GC(1433) Pause Young (Allocation Failure)
[15.020s][debug][gc,age         ] GC(1433) Desired survivor size 1114112 bytes, new threshold 1 (max threshold 15)
[15.020s][info ][gc,heap        ] GC(1433) DefNew: 19061K->1564K(19648K)
[15.020s][info ][gc,heap        ] GC(1433) Tenured: 25026K->25417K(43712K)
[15.020s][info ][gc,metaspace   ] GC(1433) Metaspace: 16404K->16404K(1064960K)
[15.020s][info ][gc             ] GC(1433) Pause Young (Allocation Failure) 43M->26M(61M) 0.631ms
[15.020s][info ][gc,cpu         ] GC(1433) User=0.00s Sys=0.00s Real=0.00s
[15.021s][info ][gc,start       ] GC(1434) Pause Young (Allocation Failure)
[15.022s][debug][gc,age         ] GC(1434) Desired survivor size 1114112 bytes, new threshold 1 (max threshold 15)
[15.022s][info ][gc,heap        ] GC(1434) DefNew: 18729K->1955K(19648K)
[15.022s][info ][gc,heap        ] GC(1434) Tenured: 25417K->25808K(43712K)
[15.022s][info ][gc,metaspace   ] GC(1434) Metaspace: 16404K->16404K(1064960K)
[15.022s][info ][gc             ] GC(1434) Pause Young (Allocation Failure) 43M->27M(61M) 0.594ms
[15.022s][info ][gc,cpu         ] GC(1434) User=0.00s Sys=0.00s Real=0.00s
[15.023s][info ][gc,start       ] GC(1435) Pause Young (Allocation Failure)
[15.024s][debug][gc,age         ] GC(1435) Desired survivor size 1114112 bytes, new threshold 1 (max threshold 15)
[15.024s][info ][gc,heap        ] GC(1435) DefNew: 19111K->1955K(19648K)
[15.024s][info ][gc,heap        ] GC(1435) Tenured: 25808K->26589K(43712K)
[15.024s][info ][gc,metaspace   ] GC(1435) Metaspace: 16404K->16404K(1064960K)
[15.024s][info ][gc             ] GC(1435) Pause Young (Allocation Failure) 43M->27M(61M) 0.728ms
[15.024s][info ][gc,cpu         ] GC(1435) User=0.00s Sys=0.00s Real=0.00s
[15.025s][info ][gc,start       ] GC(1436) Pause Young (Allocation Failure)
[15.026s][debug][gc,age         ] GC(1436) Desired survivor size 1114112 bytes, new threshold 1 (max threshold 15)
[15.026s][info ][gc,heap        ] GC(1436) DefNew: 19106K->1955K(19648K)
[15.026s][info ][gc,heap        ] GC(1436) Tenured: 26589K->26980K(43712K)
[15.026s][info ][gc,metaspace   ] GC(1436) Metaspace: 16404K->16404K(1064960K)
[15.026s][info ][gc             ] GC(1436) Pause Young (Allocation Failure) 44M->28M(61M) 0.553ms
[15.026s][info ][gc,cpu         ] GC(1436) User=0.00s Sys=0.00s Real=0.00s
[15.027s][info ][gc,start       ] GC(1437) Pause Young (Allocation Failure)
[15.028s][debug][gc,age         ] GC(1437) Desired survivor size 1114112 bytes, new threshold 1 (max threshold 15)
[15.028s][info ][gc,heap        ] GC(1437) DefNew: 19102K->1955K(19648K)
[15.028s][info ][gc,heap        ] GC(1437) Tenured: 26980K->27370K(43712K)
[15.028s][info ][gc,metaspace   ] GC(1437) Metaspace: 16404K->16404K(1064960K)
[15.028s][info ][gc             ] GC(1437) Pause Young (Allocation Failure) 45M->28M(61M) 0.688ms
[15.028s][info ][gc,cpu         ] GC(1437) User=0.00s Sys=0.00s Real=0.00s
[15.029s][info ][gc,start       ] GC(1438) Pause Young (Allocation Failure)
[15.030s][debug][gc,age         ] GC(1438) Desired survivor size 1114112 bytes, new threshold 1 (max threshold 15)
[15.030s][info ][gc,heap        ] GC(1438) DefNew: 19060K->1955K(19648K)
[15.030s][info ][gc,heap        ] GC(1438) Tenured: 27370K->27371K(43712K)
[15.030s][info ][gc,metaspace   ] GC(1438) Metaspace: 16404K->16404K(1064960K)
[15.030s][info ][gc             ] GC(1438) Pause Young (Allocation Failure) 45M->28M(61M) 0.606ms
[15.030s][info ][gc,cpu         ] GC(1438) User=0.00s Sys=0.00s Real=0.00s
[15.031s][info ][gc,start       ] GC(1439) Pause Young (Allocation Failure)
[15.032s][debug][gc,age         ] GC(1439) Desired survivor size 1114112 bytes, new threshold 1 (max threshold 15)
[15.032s][info ][gc,heap        ] GC(1439) DefNew: 19112K->1955K(19648K)
[15.032s][info ][gc,heap        ] GC(1439) Tenured: 27371K->28543K(43712K)
[15.032s][info ][gc,metaspace   ] GC(1439) Metaspace: 16404K->16404K(1064960K)
[15.032s][info ][gc             ] GC(1439) Pause Young (Allocation Failure) 45M->29M(61M) 0.807ms
[15.032s][info ][gc,cpu         ] GC(1439) User=0.00s Sys=0.00s Real=0.00s
[15.033s][info ][gc,start       ] GC(1440) Pause Young (Allocation Failure)
[15.034s][debug][gc,age         ] GC(1440) Desired survivor size 1114112 bytes, new threshold 1 (max threshold 15)
[15.034s][info ][gc,heap        ] GC(1440) DefNew: 19106K->1955K(19648K)
[15.034s][info ][gc,heap        ] GC(1440) Tenured: 28543K->29324K(43712K)
[15.034s][info ][gc,metaspace   ] GC(1440) Metaspace: 16404K->16404K(1064960K)
[15.034s][info ][gc             ] GC(1440) Pause Young (Allocation Failure) 46M->30M(61M) 0.807ms
[15.034s][info ][gc,cpu         ] GC(1440) User=0.00s Sys=0.00s Real=0.00s
[15.035s][info ][gc,start       ] GC(1441) Pause Young (Allocation Failure)
[15.036s][debug][gc,age         ] GC(1441) Desired survivor size 1114112 bytes, new threshold 1 (max threshold 15)
[15.036s][info ][gc,heap        ] GC(1441) DefNew: 19102K->1955K(19648K)
[15.036s][info ][gc,heap        ] GC(1441) Tenured: 29324K->29324K(43712K)
[15.036s][info ][gc,metaspace   ] GC(1441) Metaspace: 16404K->16404K(1064960K)
[15.036s][info ][gc             ] GC(1441) Pause Young (Allocation Failure) 47M->30M(61M) 0.560ms
[15.036s][info ][gc,cpu         ] GC(1441) User=0.00s Sys=0.00s Real=0.00s
[15.037s][info ][gc,start       ] GC(1442) Pause Young (Allocation Failure)
[15.038s][debug][gc,age         ] GC(1442) Desired survivor size 1114112 bytes, new threshold 1 (max threshold 15)
[15.038s][info ][gc,heap        ] GC(1442) DefNew: 19100K->1955K(19648K)
[15.038s][info ][gc,heap        ] GC(1442) Tenured: 29324K->30105K(43712K)
[15.038s][info ][gc,metaspace   ] GC(1442) Metaspace: 16404K->16404K(1064960K)
[15.038s][info ][gc             ] GC(1442) Pause Young (Allocation Failure) 47M->31M(61M) 0.588ms
[15.038s][info ][gc,cpu         ] GC(1442) User=0.00s Sys=0.00s Real=0.00s
[15.039s][info ][gc,start       ] GC(1443) Pause Young (Allocation Failure)
[15.040s][debug][gc,age         ] GC(1443) Desired survivor size 1114112 bytes, new threshold 1 (max threshold 15)
[15.040s][info ][gc,heap        ] GC(1443) DefNew: 19098K->1955K(19648K)
[15.040s][info ][gc,heap        ] GC(1443) Tenured: 30105K->30105K(43712K)
[15.040s][info ][gc,metaspace   ] GC(1443) Metaspace: 16404K->16404K(1064960K)
[15.040s][info ][gc             ] GC(1443) Pause Young (Allocation Failure) 48M->31M(61M) 0.636ms
[15.040s][info ][gc,cpu         ] GC(1443) User=0.00s Sys=0.00s Real=0.00s
[15.041s][info ][gc,start       ] GC(1444) Pause Young (Allocation Failure)
[15.042s][debug][gc,age         ] GC(1444) Desired survivor size 1114112 bytes, new threshold 1 (max threshold 15)
[15.042s][info ][gc,heap        ] GC(1444) DefNew: 19097K->1955K(19648K)
[15.042s][info ][gc,heap        ] GC(1444) Tenured: 30105K->30496K(43712K)
[15.042s][info ][gc,metaspace   ] GC(1444) Metaspace: 16404K->16404K(1064960K)
[15.042s][info ][gc             ] GC(1444) Pause Young (Allocation Failure) 48M->31M(61M) 0.557ms
[15.042s][info ][gc,cpu         ] GC(1444) User=0.00s Sys=0.00s Real=0.00s
[15.043s][info ][gc,start       ] GC(1445) Pause Young (Allocation Failure)
[15.044s][debug][gc,age         ] GC(1445) Desired survivor size 1114112 bytes, new threshold 1 (max threshold 15)
[15.044s][info ][gc,heap        ] GC(1445) DefNew: 19097K->1955K(19648K)
[15.044s][info ][gc,heap        ] GC(1445) Tenured: 30496K->31668K(43712K)
[15.044s][info ][gc,metaspace   ] GC(1445) Metaspace: 16404K->16404K(1064960K)
[15.044s][info ][gc             ] GC(1445) Pause Young (Allocation Failure) 48M->32M(61M) 0.649ms
[15.044s][info ][gc,cpu         ] GC(1445) User=0.00s Sys=0.00s Real=0.00s
[15.045s][info ][gc,start       ] GC(1446) Pause Young (Allocation Failure)
[15.046s][debug][gc,age         ] GC(1446) Desired survivor size 1114112 bytes, new threshold 1 (max threshold 15)
[15.046s][info ][gc,heap        ] GC(1446) DefNew: 19096K->1174K(19648K)
[15.046s][info ][gc,heap        ] GC(1446) Tenured: 31668K->31668K(43712K)
[15.046s][info ][gc,metaspace   ] GC(1446) Metaspace: 16404K->16404K(1064960K)
[15.046s][info ][gc             ] GC(1446) Pause Young (Allocation Failure) 49M->32M(61M) 0.660ms
[15.046s][info ][gc,cpu         ] GC(1446) User=0.01s Sys=0.00s Real=0.00s
[15.047s][info ][gc,start       ] GC(1447) Pause Young (Allocation Failure)
[15.048s][debug][gc,age         ] GC(1447) Desired survivor size 1114112 bytes, new threshold 1 (max threshold 15)
[15.048s][info ][gc,heap        ] GC(1447) DefNew: 18269K->1564K(19648K)
[15.048s][info ][gc,heap        ] GC(1447) Tenured: 31668K->31668K(43712K)
[15.048s][info ][gc,metaspace   ] GC(1447) Metaspace: 16404K->16404K(1064960K)
[15.048s][info ][gc             ] GC(1447) Pause Young (Allocation Failure) 48M->32M(61M) 0.471ms
[15.048s][info ][gc,cpu         ] GC(1447) User=0.00s Sys=0.00s Real=0.00s
[15.049s][info ][gc,start       ] GC(1448) Pause Young (Allocation Failure)
[15.049s][debug][gc,age         ] GC(1448) Desired survivor size 1114112 bytes, new threshold 1 (max threshold 15)
[15.049s][info ][gc,heap        ] GC(1448) DefNew: 18676K->1564K(19648K)
[15.049s][info ][gc,heap        ] GC(1448) Tenured: 31668K->31668K(43712K)
[15.049s][info ][gc,metaspace   ] GC(1448) Metaspace: 16404K->16404K(1064960K)
[15.049s][info ][gc             ] GC(1448) Pause Young (Allocation Failure) 49M->32M(61M) 0.555ms
[15.050s][info ][gc,cpu         ] GC(1448) User=0.00s Sys=0.00s Real=0.01s
[15.051s][info ][gc,start       ] GC(1449) Pause Young (Allocation Failure)
[15.052s][debug][gc,age         ] GC(1449) Desired survivor size 1114112 bytes, new threshold 1 (max threshold 15)
[15.052s][info ][gc,heap        ] GC(1449) DefNew: 18679K->1564K(19648K)
[15.052s][info ][gc,heap        ] GC(1449) Tenured: 31668K->32059K(43712K)
[15.052s][info ][gc,metaspace   ] GC(1449) Metaspace: 16404K->16404K(1064960K)
[15.052s][info ][gc             ] GC(1449) Pause Young (Allocation Failure) 49M->32M(61M) 0.658ms
[15.052s][info ][gc,cpu         ] GC(1449) User=0.00s Sys=0.00s Real=0.00s
[15.053s][info ][gc,start       ] GC(1450) Pause Young (Allocation Failure)
[15.054s][debug][gc,age         ] GC(1450) Desired survivor size 1114112 bytes, new threshold 1 (max threshold 15)
[15.054s][info ][gc,heap        ] GC(1450) DefNew: 18741K->1955K(19648K)
[15.054s][info ][gc,heap        ] GC(1450) Tenured: 32059K->33622K(43712K)
[15.054s][info ][gc,metaspace   ] GC(1450) Metaspace: 16404K->16404K(1064960K)
[15.054s][info ][gc             ] GC(1450) Pause Young (Allocation Failure) 49M->34M(61M) 0.729ms
[15.054s][info ][gc,cpu         ] GC(1450) User=0.00s Sys=0.00s Real=0.00s
[15.055s][info ][gc,start       ] GC(1451) Pause Young (Allocation Failure)
[15.056s][debug][gc,age         ] GC(1451) Desired survivor size 1114112 bytes, new threshold 1 (max threshold 15)
[15.056s][info ][gc,heap        ] GC(1451) DefNew: 19119K->1955K(19648K)
[15.056s][info ][gc,heap        ] GC(1451) Tenured: 33622K->33622K(43712K)
[15.056s][info ][gc,metaspace   ] GC(1451) Metaspace: 16404K->16404K(1064960K)
[15.056s][info ][gc             ] GC(1451) Pause Young (Allocation Failure) 51M->34M(61M) 0.514ms
[15.056s][info ][gc,cpu         ] GC(1451) User=0.00s Sys=0.00s Real=0.00s
[15.057s][info ][gc,start       ] GC(1452) Pause Young (Allocation Failure)
[15.057s][debug][gc,age         ] GC(1452) Desired survivor size 1114112 bytes, new threshold 1 (max threshold 15)
[15.057s][info ][gc,heap        ] GC(1452) DefNew: 19110K->1955K(19648K)
[15.057s][info ][gc,heap        ] GC(1452) Tenured: 33622K->34794K(43712K)
[15.057s][info ][gc,metaspace   ] GC(1452) Metaspace: 16404K->16404K(1064960K)
[15.058s][info ][gc             ] GC(1452) Pause Young (Allocation Failure) 51M->35M(61M) 0.623ms
[15.058s][info ][gc,cpu         ] GC(1452) User=0.00s Sys=0.00s Real=0.00s
[15.059s][info ][gc,start       ] GC(1453) Pause Young (Allocation Failure)
[15.060s][debug][gc,age         ] GC(1453) Desired survivor size 1114112 bytes, new threshold 1 (max threshold 15)
[15.060s][info ][gc,heap        ] GC(1453) DefNew: 19105K->1955K(19648K)
[15.060s][info ][gc,heap        ] GC(1453) Tenured: 34794K->35575K(43712K)
[15.060s][info ][gc,metaspace   ] GC(1453) Metaspace: 16404K->16404K(1064960K)
[15.060s][info ][gc             ] GC(1453) Pause Young (Allocation Failure) 52M->36M(61M) 0.800ms
[15.060s][info ][gc,cpu         ] GC(1453) User=0.00s Sys=0.00s Real=0.01s
[15.061s][info ][gc,start       ] GC(1454) Pause Young (Allocation Failure)
[15.062s][debug][gc,age         ] GC(1454) Desired survivor size 1114112 bytes, new threshold 1 (max threshold 15)
[15.062s][info ][gc,heap        ] GC(1454) DefNew: 19102K->1955K(19648K)
[15.062s][info ][gc,heap        ] GC(1454) Tenured: 35575K->36747K(43712K)
[15.062s][info ][gc,metaspace   ] GC(1454) Metaspace: 16404K->16404K(1064960K)
[15.062s][info ][gc             ] GC(1454) Pause Young (Allocation Failure) 53M->37M(61M) 0.913ms
[15.062s][info ][gc,cpu         ] GC(1454) User=0.00s Sys=0.00s Real=0.00s
[15.063s][info ][gc,start       ] GC(1455) Pause Young (Allocation Failure)
[15.064s][debug][gc,age         ] GC(1455) Desired survivor size 1114112 bytes, new threshold 1 (max threshold 15)
[15.064s][info ][gc,heap        ] GC(1455) DefNew: 19100K->1955K(19648K)
[15.064s][info ][gc,heap        ] GC(1455) Tenured: 36747K->37138K(43712K)
[15.064s][info ][gc,metaspace   ] GC(1455) Metaspace: 16404K->16404K(1064960K)
[15.064s][info ][gc             ] GC(1455) Pause Young (Allocation Failure) 54M->38M(61M) 0.669ms
[15.064s][info ][gc,cpu         ] GC(1455) User=0.00s Sys=0.00s Real=0.00s
[15.065s][info ][gc,start       ] GC(1456) Pause Young (Allocation Failure)
[15.066s][debug][gc,age         ] GC(1456) Desired survivor size 1114112 bytes, new threshold 1 (max threshold 15)
[15.066s][info ][gc,heap        ] GC(1456) DefNew: 19048K->1564K(19648K)
[15.066s][info ][gc,heap        ] GC(1456) Tenured: 37138K->37529K(43712K)
[15.066s][info ][gc,metaspace   ] GC(1456) Metaspace: 16404K->16404K(1064960K)
[15.066s][info ][gc             ] GC(1456) Pause Young (Allocation Failure) 54M->38M(61M) 0.535ms
[15.066s][info ][gc,cpu         ] GC(1456) User=0.00s Sys=0.00s Real=0.00s
[15.067s][info ][gc,start       ] GC(1457) Pause Young (Allocation Failure)
[15.068s][debug][gc,age         ] GC(1457) Desired survivor size 1114112 bytes, new threshold 1 (max threshold 15)
[15.068s][info ][gc,heap        ] GC(1457) DefNew: 19036K->1954K(19648K)
[15.068s][info ][gc,heap        ] GC(1457) Tenured: 37529K->37920K(43712K)
[15.068s][info ][gc,metaspace   ] GC(1457) Metaspace: 16404K->16404K(1064960K)
[15.068s][info ][gc             ] GC(1457) Pause Young (Allocation Failure) 55M->38M(61M) 0.612ms
[15.068s][info ][gc,cpu         ] GC(1457) User=0.00s Sys=0.00s Real=0.00s
[15.069s][info ][gc,start       ] GC(1458) Pause Young (Allocation Failure)
[15.070s][debug][gc,age         ] GC(1458) Desired survivor size 1114112 bytes, new threshold 1 (max threshold 15)
[15.070s][info ][gc,heap        ] GC(1458) DefNew: 19125K->1955K(19648K)
[15.070s][info ][gc,heap        ] GC(1458) Tenured: 37920K->38311K(43712K)
[15.070s][info ][gc,metaspace   ] GC(1458) Metaspace: 16404K->16404K(1064960K)
[15.070s][info ][gc             ] GC(1458) Pause Young (Allocation Failure) 55M->39M(61M) 0.837ms
[15.070s][info ][gc,cpu         ] GC(1458) User=0.00s Sys=0.00s Real=0.01s
[15.071s][info ][gc,start       ] GC(1459) Pause Young (Allocation Failure)
[15.072s][debug][gc,age         ] GC(1459) Desired survivor size 1114112 bytes, new threshold 1 (max threshold 15)
[15.072s][info ][gc,heap        ] GC(1459) DefNew: 19115K->1564K(19648K)
[15.072s][info ][gc,heap        ] GC(1459) Tenured: 38311K->38311K(43712K)
[15.072s][info ][gc,metaspace   ] GC(1459) Metaspace: 16404K->16404K(1064960K)
[15.072s][info ][gc             ] GC(1459) Pause Young (Allocation Failure) 56M->38M(61M) 0.490ms
[15.072s][info ][gc,cpu         ] GC(1459) User=0.00s Sys=0.00s Real=0.00s
[15.073s][info ][gc,start       ] GC(1460) Pause Young (Allocation Failure)
[15.074s][debug][gc,age         ] GC(1460) Desired survivor size 1114112 bytes, new threshold 1 (max threshold 15)
[15.074s][info ][gc,heap        ] GC(1460) DefNew: 18717K->1955K(19648K)
[15.074s][info ][gc,heap        ] GC(1460) Tenured: 38311K->39092K(43712K)
[15.074s][info ][gc,metaspace   ] GC(1460) Metaspace: 16404K->16404K(1064960K)
[15.074s][info ][gc             ] GC(1460) Pause Young (Allocation Failure) 55M->40M(61M) 0.687ms
[15.074s][info ][gc,cpu         ] GC(1460) User=0.00s Sys=0.00s Real=0.00s
[15.075s][info ][gc,start       ] GC(1461) Pause Young (Allocation Failure)
[15.075s][debug][gc,age         ] GC(1461) Desired survivor size 1114112 bytes, new threshold 1 (max threshold 15)
[15.076s][info ][gc,heap        ] GC(1461) DefNew: 19103K->1564K(19648K)
[15.076s][info ][gc,heap        ] GC(1461) Tenured: 39092K->39092K(43712K)
[15.076s][info ][gc,metaspace   ] GC(1461) Metaspace: 16404K->16404K(1064960K)
[15.076s][info ][gc             ] GC(1461) Pause Young (Allocation Failure) 56M->39M(61M) 0.547ms
[15.076s][info ][gc,cpu         ] GC(1461) User=0.00s Sys=0.00s Real=0.00s
[15.077s][info ][gc,start       ] GC(1462) Pause Young (Allocation Failure)
[15.077s][debug][gc,age         ] GC(1462) Desired survivor size 1114112 bytes, new threshold 1 (max threshold 15)
[15.077s][info ][gc,heap        ] GC(1462) DefNew: 18710K->1955K(19648K)
[15.077s][info ][gc,heap        ] GC(1462) Tenured: 39092K->40264K(43712K)
[15.077s][info ][gc,metaspace   ] GC(1462) Metaspace: 16404K->16404K(1064960K)
[15.078s][info ][gc             ] GC(1462) Pause Young (Allocation Failure) 56M->41M(61M) 0.648ms
[15.078s][info ][gc,cpu         ] GC(1462) User=0.00s Sys=0.00s Real=0.00s
[15.079s][info ][gc,start       ] GC(1463) Pause Young (Allocation Failure)
[15.080s][debug][gc,age         ] GC(1463) Desired survivor size 1114112 bytes, new threshold 1 (max threshold 15)
[15.080s][info ][gc,heap        ] GC(1463) DefNew: 19099K->1955K(19648K)
[15.080s][info ][gc,heap        ] GC(1463) Tenured: 40264K->40655K(43712K)
[15.080s][info ][gc,metaspace   ] GC(1463) Metaspace: 16404K->16404K(1064960K)
[15.080s][info ][gc             ] GC(1463) Pause Young (Allocation Failure) 57M->41M(61M) 0.744ms
[15.080s][info ][gc,cpu         ] GC(1463) User=0.00s Sys=0.00s Real=0.01s
[15.081s][info ][gc,start       ] GC(1464) Pause Young (Allocation Failure)
[15.082s][debug][gc,age         ] GC(1464) Desired survivor size 1114112 bytes, new threshold 1 (max threshold 15)
[15.082s][info ][gc,heap        ] GC(1464) DefNew: 19097K->1955K(19648K)
[15.082s][info ][gc,heap        ] GC(1464) Tenured: 40655K->41045K(43712K)
[15.082s][info ][gc,metaspace   ] GC(1464) Metaspace: 16404K->16404K(1064960K)
[15.082s][info ][gc             ] GC(1464) Pause Young (Allocation Failure) 58M->41M(61M) 0.766ms
[15.082s][info ][gc,cpu         ] GC(1464) User=0.00s Sys=0.00s Real=0.00s
[15.083s][info ][gc,start       ] GC(1465) Pause Young (Allocation Failure)
[15.084s][debug][gc,age         ] GC(1465) Desired survivor size 1114112 bytes, new threshold 1 (max threshold 15)
[15.084s][info ][gc,heap        ] GC(1465) DefNew: 19048K->1955K(19648K)
[15.084s][info ][gc,heap        ] GC(1465) Tenured: 41045K->41827K(43712K)
[15.084s][info ][gc,metaspace   ] GC(1465) Metaspace: 16404K->16404K(1064960K)
[15.084s][info ][gc             ] GC(1465) Pause Young (Allocation Failure) 58M->42M(61M) 0.743ms
[15.084s][info ][gc,cpu         ] GC(1465) User=0.00s Sys=0.00s Real=0.00s
[15.086s][info ][gc,start       ] GC(1466) Pause Young (Allocation Failure)
[15.086s][debug][gc,age         ] GC(1466) Desired survivor size 1114112 bytes, new threshold 1 (max threshold 15)
[15.086s][info ][gc,heap        ] GC(1466) DefNew: 19114K->1955K(19648K)
[15.086s][info ][gc,heap        ] GC(1466) Tenured: 41827K->42218K(43712K)
[15.086s][info ][gc,metaspace   ] GC(1466) Metaspace: 16404K->16404K(1064960K)
[15.086s][info ][gc             ] GC(1466) Pause Young (Allocation Failure) 59M->43M(61M) 0.665ms
[15.086s][info ][gc,cpu         ] GC(1466) User=0.00s Sys=0.00s Real=0.00s
[15.088s][info ][gc,start       ] GC(1467) Pause Young (Allocation Failure)
[15.088s][debug][gc,age         ] GC(1467) Desired survivor size 1114112 bytes, new threshold 1 (max threshold 15)
[15.088s][info ][gc,heap        ] GC(1467) DefNew: 19107K->1955K(19648K)
[15.088s][info ][gc,heap        ] GC(1467) Tenured: 42218K->42999K(43712K)
[15.088s][info ][gc,metaspace   ] GC(1467) Metaspace: 16404K->16404K(1064960K)
[15.088s][info ][gc             ] GC(1467) Pause Young (Allocation Failure) 59M->43M(61M) 0.849ms
[15.088s][info ][gc,cpu         ] GC(1467) User=0.00s Sys=0.00s Real=0.00s
[15.090s][info ][gc,start       ] GC(1468) Pause Young (Allocation Failure)
[15.090s][info ][gc,start       ] GC(1469) Pause Full (Allocation Failure)
[15.090s][info ][gc,phases,start] GC(1469) Phase 1: Mark live objects
[15.093s][debug][gc,phases      ] GC(1469) Reference Processing 0.039ms
[15.093s][debug][gc,phases      ] GC(1469) Weak Processing 0.013ms
[15.093s][debug][gc,phases      ] GC(1469) ClassLoaderData 0.026ms
[15.093s][debug][gc,phases      ] GC(1469) ProtectionDomainCacheTable 0.004ms
[15.093s][debug][gc,phases      ] GC(1469) ResolvedMethodTable 0.016ms
[15.094s][debug][gc,phases      ] GC(1469) Class Unloading 0.849ms
[15.094s][debug][gc,phases      ] GC(1469) Scrub String Table 0.075ms
[15.095s][debug][gc,phases      ] GC(1469) Scrub Symbol Table 1.106ms
[15.095s][info ][gc,phases      ] GC(1469) Phase 1: Mark live objects 5.209ms
[15.095s][info ][gc,phases,start] GC(1469) Phase 2: Compute new object addresses
[15.096s][info ][gc,phases      ] GC(1469) Phase 2: Compute new object addresses 0.997ms
[15.096s][info ][gc,phases,start] GC(1469) Phase 3: Adjust pointers
[15.100s][info ][gc,phases      ] GC(1469) Phase 3: Adjust pointers 3.951ms
[15.100s][info ][gc,phases,start] GC(1469) Phase 4: Move objects
[15.100s][info ][gc,phases      ] GC(1469) Phase 4: Move objects 0.257ms
[15.100s][info ][gc             ] GC(1469) Pause Full (Allocation Failure) 60M->5M(61M) 10.717ms
[15.101s][info ][gc,heap        ] GC(1468) DefNew: 19103K->0K(19648K)
[15.101s][info ][gc,heap        ] GC(1468) Tenured: 42999K->5490K(43712K)
[15.101s][info ][gc,metaspace   ] GC(1468) Metaspace: 16404K->16404K(1064960K)
[15.101s][info ][gc             ] GC(1468) Pause Young (Allocation Failure) 60M->5M(61M) 10.925ms
[15.101s][info ][gc,cpu         ] GC(1468) User=0.01s Sys=0.00s Real=0.01s
[15.102s][info ][gc,start       ] GC(1470) Pause Young (Allocation Failure)
[15.102s][debug][gc,age         ] GC(1470) Desired survivor size 1114112 bytes, new threshold 1 (max threshold 15)
[15.102s][info ][gc,heap        ] GC(1470) DefNew: 17145K->1956K(19648K)
[15.102s][info ][gc,heap        ] GC(1470) Tenured: 5490K->6662K(43712K)
[15.102s][info ][gc,metaspace   ] GC(1470) Metaspace: 16404K->16404K(1064960K)
[15.102s][info ][gc             ] GC(1470) Pause Young (Allocation Failure) 22M->8M(61M) 0.649ms
[15.102s][info ][gc,cpu         ] GC(1470) User=0.00s Sys=0.00s Real=0.00s
[15.104s][info ][gc,start       ] GC(1471) Pause Young (Allocation Failure)
[15.104s][debug][gc,age         ] GC(1471) Desired survivor size 1114112 bytes, new threshold 1 (max threshold 15)
[15.104s][info ][gc,heap        ] GC(1471) DefNew: 19099K->1955K(19648K)
[15.104s][info ][gc,heap        ] GC(1471) Tenured: 6662K->7443K(43712K)
[15.104s][info ][gc,metaspace   ] GC(1471) Metaspace: 16404K->16404K(1064960K)
[15.104s][info ][gc             ] GC(1471) Pause Young (Allocation Failure) 25M->9M(61M) 0.611ms
[15.105s][info ][gc,cpu         ] GC(1471) User=0.00s Sys=0.00s Real=0.00s
[15.106s][info ][gc,start       ] GC(1472) Pause Young (Allocation Failure)
[15.106s][debug][gc,age         ] GC(1472) Desired survivor size 1114112 bytes, new threshold 1 (max threshold 15)
[15.107s][info ][gc,heap        ] GC(1472) DefNew: 19098K->1955K(19648K)
[15.107s][info ][gc,heap        ] GC(1472) Tenured: 7443K->7834K(43712K)
[15.107s][info ][gc,metaspace   ] GC(1472) Metaspace: 16404K->16404K(1064960K)
[15.107s][info ][gc             ] GC(1472) Pause Young (Allocation Failure) 25M->9M(61M) 0.616ms
[15.107s][info ][gc,cpu         ] GC(1472) User=0.00s Sys=0.00s Real=0.00s
[15.108s][info ][gc,start       ] GC(1473) Pause Young (Allocation Failure)
[15.108s][debug][gc,age         ] GC(1473) Desired survivor size 1114112 bytes, new threshold 1 (max threshold 15)
[15.108s][info ][gc,heap        ] GC(1473) DefNew: 19097K->1955K(19648K)
[15.108s][info ][gc,heap        ] GC(1473) Tenured: 7834K->8225K(43712K)
[15.108s][info ][gc,metaspace   ] GC(1473) Metaspace: 16404K->16404K(1064960K)
[15.108s][info ][gc             ] GC(1473) Pause Young (Allocation Failure) 26M->9M(61M) 0.576ms
[15.109s][info ][gc,cpu         ] GC(1473) User=0.00s Sys=0.00s Real=0.00s
[15.110s][info ][gc,start       ] GC(1474) Pause Young (Allocation Failure)
[15.110s][debug][gc,age         ] GC(1474) Desired survivor size 1114112 bytes, new threshold 1 (max threshold 15)
[15.110s][info ][gc,heap        ] GC(1474) DefNew: 19096K->1955K(19648K)
[15.110s][info ][gc,heap        ] GC(1474) Tenured: 8225K->8615K(43712K)
[15.110s][info ][gc,metaspace   ] GC(1474) Metaspace: 16404K->16404K(1064960K)
[15.110s][info ][gc             ] GC(1474) Pause Young (Allocation Failure) 26M->10M(61M) 0.613ms
[15.110s][info ][gc,cpu         ] GC(1474) User=0.01s Sys=0.00s Real=0.00s
[15.112s][info ][gc,start       ] GC(1475) Pause Young (Allocation Failure)
[15.112s][debug][gc,age         ] GC(1475) Desired survivor size 1114112 bytes, new threshold 1 (max threshold 15)
[15.112s][info ][gc,heap        ] GC(1475) DefNew: 19096K->1564K(19648K)
[15.112s][info ][gc,heap        ] GC(1475) Tenured: 8615K->8615K(43712K)
[15.112s][info ][gc,metaspace   ] GC(1475) Metaspace: 16404K->16404K(1064960K)
[15.112s][info ][gc             ] GC(1475) Pause Young (Allocation Failure) 27M->9M(61M) 0.595ms
[15.112s][info ][gc,cpu         ] GC(1475) User=0.00s Sys=0.00s Real=0.00s
[15.114s][info ][gc,start       ] GC(1476) Pause Young (Allocation Failure)
[15.114s][debug][gc,age         ] GC(1476) Desired survivor size 1114112 bytes, new threshold 1 (max threshold 15)
[15.114s][info ][gc,heap        ] GC(1476) DefNew: 18662K->1955K(19648K)
[15.114s][info ][gc,heap        ] GC(1476) Tenured: 8615K->9788K(43712K)
[15.114s][info ][gc,metaspace   ] GC(1476) Metaspace: 16404K->16404K(1064960K)
[15.114s][info ][gc             ] GC(1476) Pause Young (Allocation Failure) 26M->11M(61M) 0.641ms
[15.114s][info ][gc,cpu         ] GC(1476) User=0.00s Sys=0.00s Real=0.00s
[15.116s][info ][gc,start       ] GC(1477) Pause Young (Allocation Failure)
[15.116s][debug][gc,age         ] GC(1477) Desired survivor size 1114112 bytes, new threshold 1 (max threshold 15)
[15.117s][info ][gc,heap        ] GC(1477) DefNew: 19108K->1955K(19648K)
[15.117s][info ][gc,heap        ] GC(1477) Tenured: 9788K->10569K(43712K)
[15.117s][info ][gc,metaspace   ] GC(1477) Metaspace: 16404K->16404K(1064960K)
[15.117s][info ][gc             ] GC(1477) Pause Young (Allocation Failure) 28M->12M(61M) 0.782ms
[15.117s][info ][gc,cpu         ] GC(1477) User=0.00s Sys=0.00s Real=0.00s
[15.118s][info ][gc,start       ] GC(1478) Pause Young (Allocation Failure)
[15.119s][debug][gc,age         ] GC(1478) Desired survivor size 1114112 bytes, new threshold 1 (max threshold 15)
[15.119s][info ][gc,heap        ] GC(1478) DefNew: 19104K->1955K(19648K)
[15.119s][info ][gc,heap        ] GC(1478) Tenured: 10569K->10960K(43712K)
[15.119s][info ][gc,metaspace   ] GC(1478) Metaspace: 16404K->16404K(1064960K)
[15.119s][info ][gc             ] GC(1478) Pause Young (Allocation Failure) 28M->12M(61M) 0.653ms
[15.119s][info ][gc,cpu         ] GC(1478) User=0.00s Sys=0.00s Real=0.00s
[15.120s][info ][gc,start       ] GC(1479) Pause Young (Allocation Failure)
[15.120s][debug][gc,age         ] GC(1479) Desired survivor size 1114112 bytes, new threshold 1 (max threshold 15)
[15.120s][info ][gc,heap        ] GC(1479) DefNew: 19101K->1955K(19648K)
[15.120s][info ][gc,heap        ] GC(1479) Tenured: 10960K->10960K(43712K)
[15.121s][info ][gc,metaspace   ] GC(1479) Metaspace: 16404K->16404K(1064960K)
[15.121s][info ][gc             ] GC(1479) Pause Young (Allocation Failure) 29M->12M(61M) 0.590ms
[15.121s][info ][gc,cpu         ] GC(1479) User=0.00s Sys=0.00s Real=0.00s
[15.122s][info ][gc,start       ] GC(1480) Pause Young (Allocation Failure)
[15.123s][debug][gc,age         ] GC(1480) Desired survivor size 1114112 bytes, new threshold 1 (max threshold 15)
[15.123s][info ][gc,heap        ] GC(1480) DefNew: 19099K->1955K(19648K)
[15.123s][info ][gc,heap        ] GC(1480) Tenured: 10960K->12132K(43712K)
[15.123s][info ][gc,metaspace   ] GC(1480) Metaspace: 16404K->16404K(1064960K)
[15.123s][info ][gc             ] GC(1480) Pause Young (Allocation Failure) 29M->13M(61M) 0.760ms
[15.123s][info ][gc,cpu         ] GC(1480) User=0.00s Sys=0.00s Real=0.00s
[15.124s][info ][gc,start       ] GC(1481) Pause Young (Allocation Failure)
[15.125s][debug][gc,age         ] GC(1481) Desired survivor size 1114112 bytes, new threshold 1 (max threshold 15)
[15.125s][info ][gc,heap        ] GC(1481) DefNew: 19098K->1955K(19648K)
[15.125s][info ][gc,heap        ] GC(1481) Tenured: 12132K->12913K(43712K)
[15.125s][info ][gc,metaspace   ] GC(1481) Metaspace: 16404K->16404K(1064960K)
[15.125s][info ][gc             ] GC(1481) Pause Young (Allocation Failure) 30M->14M(61M) 0.598ms
[15.125s][info ][gc,cpu         ] GC(1481) User=0.00s Sys=0.00s Real=0.00s
[15.126s][info ][gc,start       ] GC(1482) Pause Young (Allocation Failure)
[15.127s][debug][gc,age         ] GC(1482) Desired survivor size 1114112 bytes, new threshold 1 (max threshold 15)
[15.127s][info ][gc,heap        ] GC(1482) DefNew: 19097K->1564K(19648K)
[15.127s][info ][gc,heap        ] GC(1482) Tenured: 12913K->12913K(43712K)
[15.127s][info ][gc,metaspace   ] GC(1482) Metaspace: 16404K->16404K(1064960K)
[15.127s][info ][gc             ] GC(1482) Pause Young (Allocation Failure) 31M->14M(61M) 0.551ms
[15.127s][info ][gc,cpu         ] GC(1482) User=0.00s Sys=0.00s Real=0.00s
[15.128s][info ][gc,start       ] GC(1483) Pause Young (Allocation Failure)
[15.129s][debug][gc,age         ] GC(1483) Desired survivor size 1114112 bytes, new threshold 1 (max threshold 15)
[15.129s][info ][gc,heap        ] GC(1483) DefNew: 18705K->1955K(19648K)
[15.129s][info ][gc,heap        ] GC(1483) Tenured: 12913K->14085K(43712K)
[15.129s][info ][gc,metaspace   ] GC(1483) Metaspace: 16404K->16404K(1064960K)
[15.129s][info ][gc             ] GC(1483) Pause Young (Allocation Failure) 30M->15M(61M) 0.814ms
[15.129s][info ][gc,cpu         ] GC(1483) User=0.00s Sys=0.00s Real=0.00s
[15.130s][info ][gc,start       ] GC(1484) Pause Young (Allocation Failure)
[15.131s][debug][gc,age         ] GC(1484) Desired survivor size 1114112 bytes, new threshold 1 (max threshold 15)
[15.131s][info ][gc,heap        ] GC(1484) DefNew: 19096K->1955K(19648K)
[15.131s][info ][gc,heap        ] GC(1484) Tenured: 14085K->15257K(43712K)
[15.131s][info ][gc,metaspace   ] GC(1484) Metaspace: 16404K->16404K(1064960K)
[15.131s][info ][gc             ] GC(1484) Pause Young (Allocation Failure) 32M->16M(61M) 0.675ms
[15.131s][info ][gc,cpu         ] GC(1484) User=0.00s Sys=0.00s Real=0.00s
[15.132s][info ][gc,start       ] GC(1485) Pause Young (Allocation Failure)
[15.133s][debug][gc,age         ] GC(1485) Desired survivor size 1114112 bytes, new threshold 1 (max threshold 15)
[15.133s][info ][gc,heap        ] GC(1485) DefNew: 19096K->1955K(19648K)
[15.133s][info ][gc,heap        ] GC(1485) Tenured: 15257K->16429K(43712K)
[15.133s][info ][gc,metaspace   ] GC(1485) Metaspace: 16404K->16404K(1064960K)
[15.133s][info ][gc             ] GC(1485) Pause Young (Allocation Failure) 33M->17M(61M) 0.741ms
[15.133s][info ][gc,cpu         ] GC(1485) User=0.00s Sys=0.00s Real=0.00s
[15.134s][info ][gc,start       ] GC(1486) Pause Young (Allocation Failure)
[15.135s][debug][gc,age         ] GC(1486) Desired survivor size 1114112 bytes, new threshold 1 (max threshold 15)
[15.135s][info ][gc,heap        ] GC(1486) DefNew: 19096K->1955K(19648K)
[15.135s][info ][gc,heap        ] GC(1486) Tenured: 16429K->16429K(43712K)
[15.135s][info ][gc,metaspace   ] GC(1486) Metaspace: 16404K->16404K(1064960K)
[15.135s][info ][gc             ] GC(1486) Pause Young (Allocation Failure) 34M->17M(61M) 0.669ms
[15.135s][info ][gc,cpu         ] GC(1486) User=0.00s Sys=0.00s Real=0.00s
[15.136s][info ][gc,start       ] GC(1487) Pause Young (Allocation Failure)
[15.137s][debug][gc,age         ] GC(1487) Desired survivor size 1114112 bytes, new threshold 1 (max threshold 15)
[15.137s][info ][gc,heap        ] GC(1487) DefNew: 19096K->1955K(19648K)
[15.137s][info ][gc,heap        ] GC(1487) Tenured: 16429K->16429K(43712K)
[15.137s][info ][gc,metaspace   ] GC(1487) Metaspace: 16404K->16404K(1064960K)
[15.137s][info ][gc             ] GC(1487) Pause Young (Allocation Failure) 34M->17M(61M) 0.602ms
[15.137s][info ][gc,cpu         ] GC(1487) User=0.00s Sys=0.00s Real=0.00s
[15.138s][info ][gc,start       ] GC(1488) Pause Young (Allocation Failure)
[15.139s][debug][gc,age         ] GC(1488) Desired survivor size 1114112 bytes, new threshold 1 (max threshold 15)
[15.139s][info ][gc,heap        ] GC(1488) DefNew: 19096K->1955K(19648K)
[15.139s][info ][gc,heap        ] GC(1488) Tenured: 16429K->17210K(43712K)
[15.139s][info ][gc,metaspace   ] GC(1488) Metaspace: 16404K->16404K(1064960K)
[15.139s][info ][gc             ] GC(1488) Pause Young (Allocation Failure) 34M->18M(61M) 0.732ms
[15.139s][info ][gc,cpu         ] GC(1488) User=0.00s Sys=0.00s Real=0.00s
[15.140s][info ][gc,start       ] GC(1489) Pause Young (Allocation Failure)
[15.141s][debug][gc,age         ] GC(1489) Desired survivor size 1114112 bytes, new threshold 1 (max threshold 15)
[15.141s][info ][gc,heap        ] GC(1489) DefNew: 19096K->1955K(19648K)
[15.141s][info ][gc,heap        ] GC(1489) Tenured: 17210K->17992K(43712K)
[15.141s][info ][gc,metaspace   ] GC(1489) Metaspace: 16404K->16404K(1064960K)
[15.141s][info ][gc             ] GC(1489) Pause Young (Allocation Failure) 35M->19M(61M) 0.687ms
[15.141s][info ][gc,cpu         ] GC(1489) User=0.00s Sys=0.00s Real=0.00s
[15.142s][info ][gc,start       ] GC(1490) Pause Young (Allocation Failure)
[15.143s][debug][gc,age         ] GC(1490) Desired survivor size 1114112 bytes, new threshold 1 (max threshold 15)
[15.143s][info ][gc,heap        ] GC(1490) DefNew: 19096K->1955K(19648K)
[15.143s][info ][gc,heap        ] GC(1490) Tenured: 17992K->18382K(43712K)
[15.143s][info ][gc,metaspace   ] GC(1490) Metaspace: 16404K->16404K(1064960K)
[15.143s][info ][gc             ] GC(1490) Pause Young (Allocation Failure) 36M->19M(61M) 0.637ms
[15.143s][info ][gc,cpu         ] GC(1490) User=0.00s Sys=0.00s Real=0.00s
[15.144s][info ][gc,start       ] GC(1491) Pause Young (Allocation Failure)
[15.145s][debug][gc,age         ] GC(1491) Desired survivor size 1114112 bytes, new threshold 1 (max threshold 15)
[15.145s][info ][gc,heap        ] GC(1491) DefNew: 19096K->1564K(19648K)
[15.145s][info ][gc,heap        ] GC(1491) Tenured: 18382K->18382K(43712K)
[15.145s][info ][gc,metaspace   ] GC(1491) Metaspace: 16404K->16404K(1064960K)
[15.145s][info ][gc             ] GC(1491) Pause Young (Allocation Failure) 36M->19M(61M) 0.668ms
[15.145s][info ][gc,cpu         ] GC(1491) User=0.00s Sys=0.00s Real=0.00s
[15.146s][info ][gc,start       ] GC(1492) Pause Young (Allocation Failure)
[15.147s][debug][gc,age         ] GC(1492) Desired survivor size 1114112 bytes, new threshold 1 (max threshold 15)
[15.147s][info ][gc,heap        ] GC(1492) DefNew: 18665K->1955K(19648K)
[15.147s][info ][gc,heap        ] GC(1492) Tenured: 18382K->18773K(43712K)
[15.147s][info ][gc,metaspace   ] GC(1492) Metaspace: 16404K->16404K(1064960K)
[15.147s][info ][gc             ] GC(1492) Pause Young (Allocation Failure) 36M->20M(61M) 0.564ms
[15.147s][info ][gc,cpu         ] GC(1492) User=0.00s Sys=0.00s Real=0.00s
[15.148s][info ][gc,start       ] GC(1493) Pause Young (Allocation Failure)
[15.149s][debug][gc,age         ] GC(1493) Desired survivor size 1114112 bytes, new threshold 1 (max threshold 15)
[15.149s][info ][gc,heap        ] GC(1493) DefNew: 19110K->1564K(19648K)
[15.149s][info ][gc,heap        ] GC(1493) Tenured: 18773K->18773K(43712K)
[15.149s][info ][gc,metaspace   ] GC(1493) Metaspace: 16404K->16404K(1064960K)
[15.149s][info ][gc             ] GC(1493) Pause Young (Allocation Failure) 36M->19M(61M) 0.530ms
[15.149s][info ][gc,cpu         ] GC(1493) User=0.00s Sys=0.00s Real=0.00s
[15.150s][info ][gc,start       ] GC(1494) Pause Young (Allocation Failure)
[15.151s][debug][gc,age         ] GC(1494) Desired survivor size 1114112 bytes, new threshold 1 (max threshold 15)
[15.151s][info ][gc,heap        ] GC(1494) DefNew: 18714K->1955K(19648K)
[15.151s][info ][gc,heap        ] GC(1494) Tenured: 18773K->19555K(43712K)
[15.151s][info ][gc,metaspace   ] GC(1494) Metaspace: 16404K->16404K(1064960K)
[15.151s][info ][gc             ] GC(1494) Pause Young (Allocation Failure) 36M->21M(61M) 0.802ms
[15.151s][info ][gc,cpu         ] GC(1494) User=0.00s Sys=0.00s Real=0.00s
[15.152s][info ][gc,start       ] GC(1495) Pause Young (Allocation Failure)
[15.153s][debug][gc,age         ] GC(1495) Desired survivor size 1114112 bytes, new threshold 1 (max threshold 15)
[15.153s][info ][gc,heap        ] GC(1495) DefNew: 19102K->1955K(19648K)
[15.153s][info ][gc,heap        ] GC(1495) Tenured: 19555K->19555K(43712K)
[15.153s][info ][gc,metaspace   ] GC(1495) Metaspace: 16404K->16404K(1064960K)
[15.153s][info ][gc             ] GC(1495) Pause Young (Allocation Failure) 37M->21M(61M) 0.513ms
[15.153s][info ][gc,cpu         ] GC(1495) User=0.00s Sys=0.00s Real=0.00s
[15.154s][info ][gc,start       ] GC(1496) Pause Young (Allocation Failure)
[15.155s][debug][gc,age         ] GC(1496) Desired survivor size 1114112 bytes, new threshold 1 (max threshold 15)
[15.155s][info ][gc,heap        ] GC(1496) DefNew: 19099K->1955K(19648K)
[15.155s][info ][gc,heap        ] GC(1496) Tenured: 19555K->20336K(43712K)
[15.155s][info ][gc,metaspace   ] GC(1496) Metaspace: 16404K->16404K(1064960K)
[15.155s][info ][gc             ] GC(1496) Pause Young (Allocation Failure) 37M->21M(61M) 0.600ms
[15.155s][info ][gc,cpu         ] GC(1496) User=0.00s Sys=0.00s Real=0.00s
[15.156s][info ][gc,start       ] GC(1497) Pause Young (Allocation Failure)
[15.157s][debug][gc,age         ] GC(1497) Desired survivor size 1114112 bytes, new threshold 1 (max threshold 15)
[15.157s][info ][gc,heap        ] GC(1497) DefNew: 19098K->1955K(19648K)
[15.157s][info ][gc,heap        ] GC(1497) Tenured: 20336K->21508K(43712K)
[15.157s][info ][gc,metaspace   ] GC(1497) Metaspace: 16404K->16404K(1064960K)
[15.157s][info ][gc             ] GC(1497) Pause Young (Allocation Failure) 38M->22M(61M) 0.630ms
[15.157s][info ][gc,cpu         ] GC(1497) User=0.00s Sys=0.00s Real=0.00s
[15.158s][info ][gc,start       ] GC(1498) Pause Young (Allocation Failure)
[15.159s][debug][gc,age         ] GC(1498) Desired survivor size 1114112 bytes, new threshold 1 (max threshold 15)
[15.159s][info ][gc,heap        ] GC(1498) DefNew: 19097K->1955K(19648K)
[15.159s][info ][gc,heap        ] GC(1498) Tenured: 21508K->21899K(43712K)
[15.159s][info ][gc,metaspace   ] GC(1498) Metaspace: 16404K->16404K(1064960K)
[15.159s][info ][gc             ] GC(1498) Pause Young (Allocation Failure) 39M->23M(61M) 0.585ms
[15.159s][info ][gc,cpu         ] GC(1498) User=0.00s Sys=0.00s Real=0.00s
[15.160s][info ][gc,start       ] GC(1499) Pause Young (Allocation Failure)
[15.161s][debug][gc,age         ] GC(1499) Desired survivor size 1114112 bytes, new threshold 1 (max threshold 15)
[15.161s][info ][gc,heap        ] GC(1499) DefNew: 19097K->1955K(19648K)
[15.161s][info ][gc,heap        ] GC(1499) Tenured: 21899K->22289K(43712K)
[15.161s][info ][gc,metaspace   ] GC(1499) Metaspace: 16404K->16404K(1064960K)
[15.161s][info ][gc             ] GC(1499) Pause Young (Allocation Failure) 40M->23M(61M) 0.597ms
[15.161s][info ][gc,cpu         ] GC(1499) User=0.00s Sys=0.00s Real=0.00s
[15.162s][info ][gc,start       ] GC(1500) Pause Young (Allocation Failure)
[15.163s][debug][gc,age         ] GC(1500) Desired survivor size 1114112 bytes, new threshold 1 (max threshold 15)
[15.163s][info ][gc,heap        ] GC(1500) DefNew: 19096K->1564K(19648K)
[15.163s][info ][gc,heap        ] GC(1500) Tenured: 22289K->22289K(43712K)
[15.163s][info ][gc,metaspace   ] GC(1500) Metaspace: 16404K->16404K(1064960K)
[15.163s][info ][gc             ] GC(1500) Pause Young (Allocation Failure) 40M->23M(61M) 0.678ms
[15.163s][info ][gc,cpu         ] GC(1500) User=0.00s Sys=0.00s Real=0.00s
[15.164s][info ][gc,start       ] GC(1501) Pause Young (Allocation Failure)
[15.164s][debug][gc,age         ] GC(1501) Desired survivor size 1114112 bytes, new threshold 1 (max threshold 15)
[15.164s][info ][gc,heap        ] GC(1501) DefNew: 18705K->1955K(19648K)
[15.164s][info ][gc,heap        ] GC(1501) Tenured: 22289K->22289K(43712K)
[15.164s][info ][gc,metaspace   ] GC(1501) Metaspace: 16404K->16404K(1064960K)
[15.164s][info ][gc             ] GC(1501) Pause Young (Allocation Failure) 40M->23M(61M) 0.514ms
[15.165s][info ][gc,cpu         ] GC(1501) User=0.00s Sys=0.00s Real=0.00s
[15.166s][info ][gc,start       ] GC(1502) Pause Young (Allocation Failure)
[15.166s][debug][gc,age         ] GC(1502) Desired survivor size 1114112 bytes, new threshold 1 (max threshold 15)
[15.166s][info ][gc,heap        ] GC(1502) DefNew: 19096K->1955K(19648K)
[15.167s][info ][gc,heap        ] GC(1502) Tenured: 22289K->23071K(43712K)
[15.167s][info ][gc,metaspace   ] GC(1502) Metaspace: 16404K->16404K(1064960K)
[15.167s][info ][gc             ] GC(1502) Pause Young (Allocation Failure) 40M->24M(61M) 0.807ms
[15.167s][info ][gc,cpu         ] GC(1502) User=0.00s Sys=0.00s Real=0.00s
[15.168s][info ][gc,start       ] GC(1503) Pause Young (Allocation Failure)
[15.168s][debug][gc,age         ] GC(1503) Desired survivor size 1114112 bytes, new threshold 1 (max threshold 15)
[15.168s][info ][gc,heap        ] GC(1503) DefNew: 19096K->1955K(19648K)
[15.168s][info ][gc,heap        ] GC(1503) Tenured: 23071K->23071K(43712K)
[15.169s][info ][gc,metaspace   ] GC(1503) Metaspace: 16404K->16404K(1064960K)
[15.169s][info ][gc             ] GC(1503) Pause Young (Allocation Failure) 41M->24M(61M) 0.626ms
[15.169s][info ][gc,cpu         ] GC(1503) User=0.00s Sys=0.00s Real=0.00s
[15.170s][info ][gc,start       ] GC(1504) Pause Young (Allocation Failure)
[15.170s][debug][gc,age         ] GC(1504) Desired survivor size 1114112 bytes, new threshold 1 (max threshold 15)
[15.170s][info ][gc,heap        ] GC(1504) DefNew: 19096K->1955K(19648K)
[15.170s][info ][gc,heap        ] GC(1504) Tenured: 23071K->24243K(43712K)
[15.170s][info ][gc,metaspace   ] GC(1504) Metaspace: 16404K->16404K(1064960K)
[15.171s][info ][gc             ] GC(1504) Pause Young (Allocation Failure) 41M->25M(61M) 0.692ms
[15.171s][info ][gc,cpu         ] GC(1504) User=0.00s Sys=0.00s Real=0.00s
[15.172s][info ][gc,start       ] GC(1505) Pause Young (Allocation Failure)
[15.173s][debug][gc,age         ] GC(1505) Desired survivor size 1114112 bytes, new threshold 1 (max threshold 15)
[15.173s][info ][gc,heap        ] GC(1505) DefNew: 19096K->1955K(19648K)
[15.173s][info ][gc,heap        ] GC(1505) Tenured: 24243K->25024K(43712K)
[15.173s][info ][gc,metaspace   ] GC(1505) Metaspace: 16404K->16404K(1064960K)
[15.173s][info ][gc             ] GC(1505) Pause Young (Allocation Failure) 42M->26M(61M) 0.687ms
[15.173s][info ][gc,cpu         ] GC(1505) User=0.00s Sys=0.00s Real=0.00s
[15.174s][info ][gc,start       ] GC(1506) Pause Young (Allocation Failure)
[15.175s][debug][gc,age         ] GC(1506) Desired survivor size 1114112 bytes, new threshold 1 (max threshold 15)
[15.175s][info ][gc,heap        ] GC(1506) DefNew: 19096K->1955K(19648K)
[15.175s][info ][gc,heap        ] GC(1506) Tenured: 25024K->25414K(43712K)
[15.175s][info ][gc,metaspace   ] GC(1506) Metaspace: 16404K->16404K(1064960K)
[15.175s][info ][gc             ] GC(1506) Pause Young (Allocation Failure) 43M->26M(61M) 0.702ms
[15.175s][info ][gc,cpu         ] GC(1506) User=0.00s Sys=0.00s Real=0.00s
[15.176s][info ][gc,start       ] GC(1507) Pause Young (Allocation Failure)
[15.177s][debug][gc,age         ] GC(1507) Desired survivor size 1114112 bytes, new threshold 1 (max threshold 15)
[15.177s][info ][gc,heap        ] GC(1507) DefNew: 19096K->1955K(19648K)
[15.177s][info ][gc,heap        ] GC(1507) Tenured: 25414K->25805K(43712K)
[15.177s][info ][gc,metaspace   ] GC(1507) Metaspace: 16404K->16404K(1064960K)
[15.177s][info ][gc             ] GC(1507) Pause Young (Allocation Failure) 43M->27M(61M) 0.602ms
[15.177s][info ][gc,cpu         ] GC(1507) User=0.00s Sys=0.00s Real=0.00s
[15.178s][info ][gc,start       ] GC(1508) Pause Young (Allocation Failure)
[15.179s][debug][gc,age         ] GC(1508) Desired survivor size 1114112 bytes, new threshold 1 (max threshold 15)
[15.179s][info ][gc,heap        ] GC(1508) DefNew: 19096K->1955K(19648K)
[15.179s][info ][gc,heap        ] GC(1508) Tenured: 25805K->26196K(43712K)
[15.179s][info ][gc,metaspace   ] GC(1508) Metaspace: 16404K->16404K(1064960K)
[15.179s][info ][gc             ] GC(1508) Pause Young (Allocation Failure) 43M->27M(61M) 0.638ms
[15.179s][info ][gc,cpu         ] GC(1508) User=0.01s Sys=0.00s Real=0.00s
[15.180s][info ][gc,start       ] GC(1509) Pause Young (Allocation Failure)
[15.180s][debug][gc,age         ] GC(1509) Desired survivor size 1114112 bytes, new threshold 1 (max threshold 15)
[15.180s][info ][gc,heap        ] GC(1509) DefNew: 19052K->1564K(19648K)
[15.180s][info ][gc,heap        ] GC(1509) Tenured: 26196K->26196K(43712K)
[15.180s][info ][gc,metaspace   ] GC(1509) Metaspace: 16404K->16404K(1064960K)
[15.180s][info ][gc             ] GC(1509) Pause Young (Allocation Failure) 44M->27M(61M) 0.554ms
[15.180s][info ][gc,cpu         ] GC(1509) User=0.00s Sys=0.00s Real=0.00s
[15.182s][info ][gc,start       ] GC(1510) Pause Young (Allocation Failure)
[15.182s][debug][gc,age         ] GC(1510) Desired survivor size 1114112 bytes, new threshold 1 (max threshold 15)
[15.182s][info ][gc,heap        ] GC(1510) DefNew: 18720K->1955K(19648K)
[15.182s][info ][gc,heap        ] GC(1510) Tenured: 26196K->27368K(43712K)
[15.182s][info ][gc,metaspace   ] GC(1510) Metaspace: 16404K->16404K(1064960K)
[15.182s][info ][gc             ] GC(1510) Pause Young (Allocation Failure) 43M->28M(61M) 0.759ms
[15.182s][info ][gc,cpu         ] GC(1510) User=0.00s Sys=0.00s Real=0.00s
[15.184s][info ][gc,start       ] GC(1511) Pause Young (Allocation Failure)
[15.185s][debug][gc,age         ] GC(1511) Desired survivor size 1114112 bytes, new threshold 1 (max threshold 15)
[15.185s][info ][gc,heap        ] GC(1511) DefNew: 19106K->1955K(19648K)
[15.185s][info ][gc,heap        ] GC(1511) Tenured: 27368K->27368K(43712K)
[15.185s][info ][gc,metaspace   ] GC(1511) Metaspace: 16404K->16404K(1064960K)
[15.185s][info ][gc             ] GC(1511) Pause Young (Allocation Failure) 45M->28M(61M) 0.774ms
[15.185s][info ][gc,cpu         ] GC(1511) User=0.00s Sys=0.00s Real=0.00s
[15.186s][info ][gc,start       ] GC(1512) Pause Young (Allocation Failure)
[15.186s][debug][gc,age         ] GC(1512) Desired survivor size 1114112 bytes, new threshold 1 (max threshold 15)
[15.186s][info ][gc,heap        ] GC(1512) DefNew: 19102K->1955K(19648K)
[15.186s][info ][gc,heap        ] GC(1512) Tenured: 27368K->28540K(43712K)
[15.186s][info ][gc,metaspace   ] GC(1512) Metaspace: 16404K->16404K(1064960K)
[15.186s][info ][gc             ] GC(1512) Pause Young (Allocation Failure) 45M->29M(61M) 0.610ms
[15.186s][info ][gc,cpu         ] GC(1512) User=0.00s Sys=0.00s Real=0.00s
[15.188s][info ][gc,start       ] GC(1513) Pause Young (Allocation Failure)
[15.188s][debug][gc,age         ] GC(1513) Desired survivor size 1114112 bytes, new threshold 1 (max threshold 15)
[15.188s][info ][gc,heap        ] GC(1513) DefNew: 19100K->1564K(19648K)
[15.188s][info ][gc,heap        ] GC(1513) Tenured: 28540K->28540K(43712K)
[15.188s][info ][gc,metaspace   ] GC(1513) Metaspace: 16404K->16404K(1064960K)
[15.188s][info ][gc             ] GC(1513) Pause Young (Allocation Failure) 46M->29M(61M) 0.544ms
[15.188s][info ][gc,cpu         ] GC(1513) User=0.00s Sys=0.00s Real=0.00s
[15.190s][info ][gc,start       ] GC(1514) Pause Young (Allocation Failure)
[15.190s][debug][gc,age         ] GC(1514) Desired survivor size 1114112 bytes, new threshold 1 (max threshold 15)
[15.190s][info ][gc,heap        ] GC(1514) DefNew: 18708K->1955K(19648K)
[15.190s][info ][gc,heap        ] GC(1514) Tenured: 28540K->29321K(43712K)
[15.190s][info ][gc,metaspace   ] GC(1514) Metaspace: 16404K->16404K(1064960K)
[15.190s][info ][gc             ] GC(1514) Pause Young (Allocation Failure) 46M->30M(61M) 0.676ms
[15.190s][info ][gc,cpu         ] GC(1514) User=0.00s Sys=0.00s Real=0.00s
[15.191s][info ][gc,start       ] GC(1515) Pause Young (Allocation Failure)
[15.192s][debug][gc,age         ] GC(1515) Desired survivor size 1114112 bytes, new threshold 1 (max threshold 15)
[15.192s][info ][gc,heap        ] GC(1515) DefNew: 19097K->1955K(19648K)
[15.192s][info ][gc,heap        ] GC(1515) Tenured: 29321K->30493K(43712K)
[15.192s][info ][gc,metaspace   ] GC(1515) Metaspace: 16404K->16404K(1064960K)
[15.193s][info ][gc             ] GC(1515) Pause Young (Allocation Failure) 47M->31M(61M) 1.020ms
[15.193s][info ][gc,cpu         ] GC(1515) User=0.00s Sys=0.00s Real=0.00s
[15.194s][info ][gc,start       ] GC(1516) Pause Young (Allocation Failure)
[15.194s][debug][gc,age         ] GC(1516) Desired survivor size 1114112 bytes, new threshold 1 (max threshold 15)
[15.194s][info ][gc,heap        ] GC(1516) DefNew: 19097K->1955K(19648K)
[15.194s][info ][gc,heap        ] GC(1516) Tenured: 30493K->30493K(43712K)
[15.194s][info ][gc,metaspace   ] GC(1516) Metaspace: 16404K->16404K(1064960K)
[15.194s][info ][gc             ] GC(1516) Pause Young (Allocation Failure) 48M->31M(61M) 0.543ms
[15.194s][info ][gc,cpu         ] GC(1516) User=0.00s Sys=0.00s Real=0.00s
[15.196s][info ][gc,start       ] GC(1517) Pause Young (Allocation Failure)
[15.196s][debug][gc,age         ] GC(1517) Desired survivor size 1114112 bytes, new threshold 1 (max threshold 15)
[15.197s][info ][gc,heap        ] GC(1517) DefNew: 19055K->1564K(19648K)
[15.197s][info ][gc,heap        ] GC(1517) Tenured: 30493K->30884K(43712K)
[15.197s][info ][gc,metaspace   ] GC(1517) Metaspace: 16404K->16404K(1064960K)
[15.197s][info ][gc             ] GC(1517) Pause Young (Allocation Failure) 48M->31M(61M) 0.616ms
[15.197s][info ][gc,cpu         ] GC(1517) User=0.00s Sys=0.00s Real=0.00s
[15.198s][info ][gc,start       ] GC(1518) Pause Young (Allocation Failure)
[15.198s][debug][gc,age         ] GC(1518) Desired survivor size 1114112 bytes, new threshold 1 (max threshold 15)
[15.198s][info ][gc,heap        ] GC(1518) DefNew: 18675K->1564K(19648K)
[15.198s][info ][gc,heap        ] GC(1518) Tenured: 30884K->30884K(43712K)
[15.198s][info ][gc,metaspace   ] GC(1518) Metaspace: 16404K->16404K(1064960K)
[15.198s][info ][gc             ] GC(1518) Pause Young (Allocation Failure) 48M->31M(61M) 0.509ms
[15.198s][info ][gc,cpu         ] GC(1518) User=0.00s Sys=0.00s Real=0.00s
[15.200s][info ][gc,start       ] GC(1519) Pause Young (Allocation Failure)
[15.200s][debug][gc,age         ] GC(1519) Desired survivor size 1114112 bytes, new threshold 1 (max threshold 15)
[15.200s][info ][gc,heap        ] GC(1519) DefNew: 18730K->1174K(19648K)
[15.200s][info ][gc,heap        ] GC(1519) Tenured: 30884K->30884K(43712K)
[15.200s][info ][gc,metaspace   ] GC(1519) Metaspace: 16404K->16404K(1064960K)
[15.200s][info ][gc             ] GC(1519) Pause Young (Allocation Failure) 48M->31M(61M) 0.518ms
[15.200s][info ][gc,cpu         ] GC(1519) User=0.00s Sys=0.00s Real=0.00s
[15.201s][info ][gc,start       ] GC(1520) Pause Young (Allocation Failure)
[15.202s][debug][gc,age         ] GC(1520) Desired survivor size 1114112 bytes, new threshold 1 (max threshold 15)
[15.202s][info ][gc,heap        ] GC(1520) DefNew: 18331K->1955K(19648K)
[15.202s][info ][gc,heap        ] GC(1520) Tenured: 30884K->31275K(43712K)
[15.202s][info ][gc,metaspace   ] GC(1520) Metaspace: 16404K->16404K(1064960K)
[15.202s][info ][gc             ] GC(1520) Pause Young (Allocation Failure) 48M->32M(61M) 0.547ms
[15.202s][info ][gc,cpu         ] GC(1520) User=0.00s Sys=0.00s Real=0.00s
[15.203s][info ][gc,start       ] GC(1521) Pause Young (Allocation Failure)
[15.204s][debug][gc,age         ] GC(1521) Desired survivor size 1114112 bytes, new threshold 1 (max threshold 15)
[15.204s][info ][gc,heap        ] GC(1521) DefNew: 19106K->1564K(19648K)
[15.204s][info ][gc,heap        ] GC(1521) Tenured: 31275K->31275K(43712K)
[15.204s][info ][gc,metaspace   ] GC(1521) Metaspace: 16404K->16404K(1064960K)
[15.204s][info ][gc             ] GC(1521) Pause Young (Allocation Failure) 49M->32M(61M) 0.534ms
[15.204s][info ][gc,cpu         ] GC(1521) User=0.00s Sys=0.00s Real=0.00s
[15.205s][info ][gc,start       ] GC(1522) Pause Young (Allocation Failure)
[15.206s][debug][gc,age         ] GC(1522) Desired survivor size 1114112 bytes, new threshold 1 (max threshold 15)
[15.206s][info ][gc,heap        ] GC(1522) DefNew: 18712K->1955K(19648K)
[15.206s][info ][gc,heap        ] GC(1522) Tenured: 31275K->32056K(43712K)
[15.206s][info ][gc,metaspace   ] GC(1522) Metaspace: 16404K->16404K(1064960K)
[15.206s][info ][gc             ] GC(1522) Pause Young (Allocation Failure) 48M->33M(61M) 0.608ms
[15.206s][info ][gc,cpu         ] GC(1522) User=0.00s Sys=0.00s Real=0.00s
[15.207s][info ][gc,start       ] GC(1523) Pause Young (Allocation Failure)
[15.208s][debug][gc,age         ] GC(1523) Desired survivor size 1114112 bytes, new threshold 1 (max threshold 15)
[15.208s][info ][gc,heap        ] GC(1523) DefNew: 19100K->1955K(19648K)
[15.208s][info ][gc,heap        ] GC(1523) Tenured: 32056K->33228K(43712K)
[15.208s][info ][gc,metaspace   ] GC(1523) Metaspace: 16404K->16404K(1064960K)
[15.208s][info ][gc             ] GC(1523) Pause Young (Allocation Failure) 49M->34M(61M) 0.646ms
[15.208s][info ][gc,cpu         ] GC(1523) User=0.00s Sys=0.00s Real=0.00s
[15.209s][info ][gc,start       ] GC(1524) Pause Young (Allocation Failure)
[15.210s][debug][gc,age         ] GC(1524) Desired survivor size 1114112 bytes, new threshold 1 (max threshold 15)
[15.210s][info ][gc,heap        ] GC(1524) DefNew: 19098K->1564K(19648K)
[15.210s][info ][gc,heap        ] GC(1524) Tenured: 33228K->33228K(43712K)
[15.210s][info ][gc,metaspace   ] GC(1524) Metaspace: 16404K->16404K(1064960K)
[15.210s][info ][gc             ] GC(1524) Pause Young (Allocation Failure) 51M->33M(61M) 0.508ms
[15.210s][info ][gc,cpu         ] GC(1524) User=0.00s Sys=0.00s Real=0.00s
[15.211s][info ][gc,start       ] GC(1525) Pause Young (Allocation Failure)
[15.212s][debug][gc,age         ] GC(1525) Desired survivor size 1114112 bytes, new threshold 1 (max threshold 15)
[15.212s][info ][gc,heap        ] GC(1525) DefNew: 18707K->1955K(19648K)
[15.212s][info ][gc,heap        ] GC(1525) Tenured: 33228K->33619K(43712K)
[15.212s][info ][gc,metaspace   ] GC(1525) Metaspace: 16404K->16404K(1064960K)
[15.212s][info ][gc             ] GC(1525) Pause Young (Allocation Failure) 50M->34M(61M) 0.552ms
[15.212s][info ][gc,cpu         ] GC(1525) User=0.00s Sys=0.00s Real=0.00s
[15.213s][info ][gc,start       ] GC(1526) Pause Young (Allocation Failure)
[15.214s][debug][gc,age         ] GC(1526) Desired survivor size 1114112 bytes, new threshold 1 (max threshold 15)
[15.214s][info ][gc,heap        ] GC(1526) DefNew: 19097K->1955K(19648K)
[15.214s][info ][gc,heap        ] GC(1526) Tenured: 33619K->34400K(43712K)
[15.214s][info ][gc,metaspace   ] GC(1526) Metaspace: 16404K->16404K(1064960K)
[15.214s][info ][gc             ] GC(1526) Pause Young (Allocation Failure) 51M->35M(61M) 0.786ms
[15.214s][info ][gc,cpu         ] GC(1526) User=0.00s Sys=0.00s Real=0.00s
[15.215s][info ][gc,start       ] GC(1527) Pause Young (Allocation Failure)
[15.216s][debug][gc,age         ] GC(1527) Desired survivor size 1114112 bytes, new threshold 1 (max threshold 15)
[15.216s][info ][gc,heap        ] GC(1527) DefNew: 19096K->1955K(19648K)
[15.216s][info ][gc,heap        ] GC(1527) Tenured: 34400K->35181K(43712K)
[15.216s][info ][gc,metaspace   ] GC(1527) Metaspace: 16404K->16404K(1064960K)
[15.216s][info ][gc             ] GC(1527) Pause Young (Allocation Failure) 52M->36M(61M) 0.607ms
[15.216s][info ][gc,cpu         ] GC(1527) User=0.00s Sys=0.00s Real=0.00s
[15.217s][info ][gc,start       ] GC(1528) Pause Young (Allocation Failure)
[15.218s][debug][gc,age         ] GC(1528) Desired survivor size 1114112 bytes, new threshold 1 (max threshold 15)
[15.218s][info ][gc,heap        ] GC(1528) DefNew: 19096K->1955K(19648K)
[15.218s][info ][gc,heap        ] GC(1528) Tenured: 35181K->35181K(43712K)
[15.218s][info ][gc,metaspace   ] GC(1528) Metaspace: 16404K->16404K(1064960K)
[15.218s][info ][gc             ] GC(1528) Pause Young (Allocation Failure) 53M->36M(61M) 0.801ms
[15.218s][info ][gc,cpu         ] GC(1528) User=0.00s Sys=0.00s Real=0.00s
[15.219s][info ][gc,start       ] GC(1529) Pause Young (Allocation Failure)
[15.220s][debug][gc,age         ] GC(1529) Desired survivor size 1114112 bytes, new threshold 1 (max threshold 15)
[15.220s][info ][gc,heap        ] GC(1529) DefNew: 19096K->1955K(19648K)
[15.220s][info ][gc,heap        ] GC(1529) Tenured: 35181K->35572K(43712K)
[15.220s][info ][gc,metaspace   ] GC(1529) Metaspace: 16404K->16404K(1064960K)
[15.220s][info ][gc             ] GC(1529) Pause Young (Allocation Failure) 53M->36M(61M) 0.553ms
[15.220s][info ][gc,cpu         ] GC(1529) User=0.01s Sys=0.00s Real=0.01s
[15.221s][info ][gc,start       ] GC(1530) Pause Young (Allocation Failure)
[15.222s][debug][gc,age         ] GC(1530) Desired survivor size 1114112 bytes, new threshold 1 (max threshold 15)
[15.222s][info ][gc,heap        ] GC(1530) DefNew: 19050K->1955K(19648K)
[15.222s][info ][gc,heap        ] GC(1530) Tenured: 35572K->35963K(43712K)
[15.222s][info ][gc,metaspace   ] GC(1530) Metaspace: 16404K->16404K(1064960K)
[15.222s][info ][gc             ] GC(1530) Pause Young (Allocation Failure) 53M->37M(61M) 0.681ms
[15.222s][info ][gc,cpu         ] GC(1530) User=0.00s Sys=0.00s Real=0.00s
[15.223s][info ][gc,start       ] GC(1531) Pause Young (Allocation Failure)
[15.223s][debug][gc,age         ] GC(1531) Desired survivor size 1114112 bytes, new threshold 1 (max threshold 15)
[15.223s][info ][gc,heap        ] GC(1531) DefNew: 19112K->1955K(19648K)
[15.223s][info ][gc,heap        ] GC(1531) Tenured: 35963K->35963K(43712K)
[15.223s][info ][gc,metaspace   ] GC(1531) Metaspace: 16404K->16404K(1064960K)
[15.224s][info ][gc             ] GC(1531) Pause Young (Allocation Failure) 53M->37M(61M) 0.505ms
[15.224s][info ][gc,cpu         ] GC(1531) User=0.00s Sys=0.00s Real=0.00s
[15.225s][info ][gc,start       ] GC(1532) Pause Young (Allocation Failure)
[15.225s][debug][gc,age         ] GC(1532) Desired survivor size 1114112 bytes, new threshold 1 (max threshold 15)
[15.225s][info ][gc,heap        ] GC(1532) DefNew: 19106K->1955K(19648K)
[15.225s][info ][gc,heap        ] GC(1532) Tenured: 35963K->35963K(43712K)
[15.225s][info ][gc,metaspace   ] GC(1532) Metaspace: 16404K->16404K(1064960K)
[15.225s][info ][gc             ] GC(1532) Pause Young (Allocation Failure) 53M->37M(61M) 0.538ms
[15.225s][info ][gc,cpu         ] GC(1532) User=0.00s Sys=0.00s Real=0.00s
[15.227s][info ][gc,start       ] GC(1533) Pause Young (Allocation Failure)
[15.227s][debug][gc,age         ] GC(1533) Desired survivor size 1114112 bytes, new threshold 1 (max threshold 15)
[15.227s][info ][gc,heap        ] GC(1533) DefNew: 19102K->1564K(19648K)
[15.227s][info ][gc,heap        ] GC(1533) Tenured: 35963K->35963K(43712K)
[15.227s][info ][gc,metaspace   ] GC(1533) Metaspace: 16404K->16404K(1064960K)
[15.227s][info ][gc             ] GC(1533) Pause Young (Allocation Failure) 53M->36M(61M) 0.511ms
[15.227s][info ][gc,cpu         ] GC(1533) User=0.00s Sys=0.00s Real=0.00s
[15.228s][info ][gc,start       ] GC(1534) Pause Young (Allocation Failure)
[15.229s][debug][gc,age         ] GC(1534) Desired survivor size 1114112 bytes, new threshold 1 (max threshold 15)
[15.229s][info ][gc,heap        ] GC(1534) DefNew: 18709K->1955K(19648K)
[15.229s][info ][gc,heap        ] GC(1534) Tenured: 35963K->36744K(43712K)
[15.229s][info ][gc,metaspace   ] GC(1534) Metaspace: 16404K->16404K(1064960K)
[15.229s][info ][gc             ] GC(1534) Pause Young (Allocation Failure) 53M->37M(61M) 0.755ms
[15.229s][info ][gc,cpu         ] GC(1534) User=0.00s Sys=0.00s Real=0.00s
[15.231s][info ][gc,start       ] GC(1535) Pause Young (Allocation Failure)
[15.231s][debug][gc,age         ] GC(1535) Desired survivor size 1114112 bytes, new threshold 1 (max threshold 15)
[15.231s][info ][gc,heap        ] GC(1535) DefNew: 19098K->1955K(19648K)
[15.231s][info ][gc,heap        ] GC(1535) Tenured: 36744K->37916K(43712K)
[15.231s][info ][gc,metaspace   ] GC(1535) Metaspace: 16404K->16404K(1064960K)
[15.231s][info ][gc             ] GC(1535) Pause Young (Allocation Failure) 54M->38M(61M) 0.681ms
[15.231s][info ][gc,cpu         ] GC(1535) User=0.00s Sys=0.00s Real=0.00s
[15.233s][info ][gc,start       ] GC(1536) Pause Young (Allocation Failure)
[15.233s][debug][gc,age         ] GC(1536) Desired survivor size 1114112 bytes, new threshold 1 (max threshold 15)
[15.233s][info ][gc,heap        ] GC(1536) DefNew: 19097K->1955K(19648K)
[15.233s][info ][gc,heap        ] GC(1536) Tenured: 37916K->37916K(43712K)
[15.233s][info ][gc,metaspace   ] GC(1536) Metaspace: 16404K->16404K(1064960K)
[15.233s][info ][gc             ] GC(1536) Pause Young (Allocation Failure) 55M->38M(61M) 0.608ms
[15.233s][info ][gc,cpu         ] GC(1536) User=0.00s Sys=0.00s Real=0.00s
[15.235s][info ][gc,start       ] GC(1537) Pause Young (Allocation Failure)
[15.235s][debug][gc,age         ] GC(1537) Desired survivor size 1114112 bytes, new threshold 1 (max threshold 15)
[15.235s][info ][gc,heap        ] GC(1537) DefNew: 19097K->1955K(19648K)
[15.235s][info ][gc,heap        ] GC(1537) Tenured: 37916K->38698K(43712K)
[15.235s][info ][gc,metaspace   ] GC(1537) Metaspace: 16404K->16404K(1064960K)
[15.235s][info ][gc             ] GC(1537) Pause Young (Allocation Failure) 55M->39M(61M) 0.628ms
[15.235s][info ][gc,cpu         ] GC(1537) User=0.00s Sys=0.00s Real=0.00s
[15.236s][info ][gc,start       ] GC(1538) Pause Young (Allocation Failure)
[15.237s][debug][gc,age         ] GC(1538) Desired survivor size 1114112 bytes, new threshold 1 (max threshold 15)
[15.237s][info ][gc,heap        ] GC(1538) DefNew: 19096K->1955K(19648K)
[15.237s][info ][gc,heap        ] GC(1538) Tenured: 38698K->39088K(43712K)
[15.237s][info ][gc,metaspace   ] GC(1538) Metaspace: 16404K->16404K(1064960K)
[15.237s][info ][gc             ] GC(1538) Pause Young (Allocation Failure) 56M->40M(61M) 0.597ms
[15.237s][info ][gc,cpu         ] GC(1538) User=0.00s Sys=0.00s Real=0.00s
[15.238s][info ][gc,start       ] GC(1539) Pause Young (Allocation Failure)
[15.239s][debug][gc,age         ] GC(1539) Desired survivor size 1114112 bytes, new threshold 1 (max threshold 15)
[15.239s][info ][gc,heap        ] GC(1539) DefNew: 19096K->1564K(19648K)
[15.239s][info ][gc,heap        ] GC(1539) Tenured: 39088K->39089K(43712K)
[15.239s][info ][gc,metaspace   ] GC(1539) Metaspace: 16404K->16404K(1064960K)
[15.239s][info ][gc             ] GC(1539) Pause Young (Allocation Failure) 56M->39M(61M) 0.535ms
[15.239s][info ][gc,cpu         ] GC(1539) User=0.00s Sys=0.00s Real=0.00s
[15.240s][info ][gc,start       ] GC(1540) Pause Young (Allocation Failure)
[15.241s][debug][gc,age         ] GC(1540) Desired survivor size 1114112 bytes, new threshold 1 (max threshold 15)
[15.241s][info ][gc,heap        ] GC(1540) DefNew: 18705K->1955K(19648K)
[15.241s][info ][gc,heap        ] GC(1540) Tenured: 39089K->39870K(43712K)
[15.241s][info ][gc,metaspace   ] GC(1540) Metaspace: 16404K->16404K(1064960K)
[15.241s][info ][gc             ] GC(1540) Pause Young (Allocation Failure) 56M->40M(61M) 0.709ms
[15.241s][info ][gc,cpu         ] GC(1540) User=0.00s Sys=0.00s Real=0.00s
[15.242s][info ][gc,start       ] GC(1541) Pause Young (Allocation Failure)
[15.243s][debug][gc,age         ] GC(1541) Desired survivor size 1114112 bytes, new threshold 1 (max threshold 15)
[15.243s][info ][gc,heap        ] GC(1541) DefNew: 19047K->1955K(19648K)
[15.243s][info ][gc,heap        ] GC(1541) Tenured: 39870K->40651K(43712K)
[15.243s][info ][gc,metaspace   ] GC(1541) Metaspace: 16404K->16404K(1064960K)
[15.243s][info ][gc             ] GC(1541) Pause Young (Allocation Failure) 57M->41M(61M) 0.838ms
[15.243s][info ][gc,cpu         ] GC(1541) User=0.00s Sys=0.00s Real=0.00s
[15.245s][info ][gc,start       ] GC(1542) Pause Young (Allocation Failure)
[15.245s][debug][gc,age         ] GC(1542) Desired survivor size 1114112 bytes, new threshold 1 (max threshold 15)
[15.245s][info ][gc,heap        ] GC(1542) DefNew: 19113K->1955K(19648K)
[15.245s][info ][gc,heap        ] GC(1542) Tenured: 40651K->40651K(43712K)
[15.245s][info ][gc,metaspace   ] GC(1542) Metaspace: 16404K->16404K(1064960K)
[15.245s][info ][gc             ] GC(1542) Pause Young (Allocation Failure) 58M->41M(61M) 0.814ms
[15.246s][info ][gc,cpu         ] GC(1542) User=0.00s Sys=0.00s Real=0.00s
[15.247s][info ][gc,start       ] GC(1543) Pause Young (Allocation Failure)
[15.247s][debug][gc,age         ] GC(1543) Desired survivor size 1114112 bytes, new threshold 1 (max threshold 15)
[15.247s][info ][gc,heap        ] GC(1543) DefNew: 19107K->1955K(19648K)
[15.247s][info ][gc,heap        ] GC(1543) Tenured: 40651K->41042K(43712K)
[15.247s][info ][gc,metaspace   ] GC(1543) Metaspace: 16404K->16404K(1064960K)
[15.247s][info ][gc             ] GC(1543) Pause Young (Allocation Failure) 58M->41M(61M) 0.592ms
[15.247s][info ][gc,cpu         ] GC(1543) User=0.00s Sys=0.00s Real=0.00s
[15.249s][info ][gc,start       ] GC(1544) Pause Young (Allocation Failure)
[15.249s][debug][gc,age         ] GC(1544) Desired survivor size 1114112 bytes, new threshold 1 (max threshold 15)
[15.249s][info ][gc,heap        ] GC(1544) DefNew: 19103K->1955K(19648K)
[15.249s][info ][gc,heap        ] GC(1544) Tenured: 41042K->41433K(43712K)
[15.249s][info ][gc,metaspace   ] GC(1544) Metaspace: 16404K->16404K(1064960K)
[15.249s][info ][gc             ] GC(1544) Pause Young (Allocation Failure) 58M->42M(61M) 0.577ms
[15.249s][info ][gc,cpu         ] GC(1544) User=0.00s Sys=0.00s Real=0.01s
[15.252s][info ][gc,start       ] GC(1545) Pause Young (Allocation Failure)
[15.253s][debug][gc,age         ] GC(1545) Desired survivor size 1114112 bytes, new threshold 1 (max threshold 15)
[15.253s][info ][gc,heap        ] GC(1545) DefNew: 19100K->1955K(19648K)
[15.253s][info ][gc,heap        ] GC(1545) Tenured: 41433K->42214K(43712K)
[15.253s][info ][gc,metaspace   ] GC(1545) Metaspace: 16404K->16404K(1064960K)
[15.253s][info ][gc             ] GC(1545) Pause Young (Allocation Failure) 59M->43M(61M) 1.012ms
[15.253s][info ][gc,cpu         ] GC(1545) User=0.00s Sys=0.00s Real=0.00s
[15.254s][info ][gc,start       ] GC(1546) Pause Young (Allocation Failure)
[15.255s][debug][gc,age         ] GC(1546) Desired survivor size 1114112 bytes, new threshold 1 (max threshold 15)
[15.255s][info ][gc,heap        ] GC(1546) DefNew: 19427K->1564K(19648K)
[15.255s][info ][gc,heap        ] GC(1546) Tenured: 42214K->42605K(43712K)
[15.255s][info ][gc,metaspace   ] GC(1546) Metaspace: 16404K->16404K(1064960K)
[15.255s][info ][gc             ] GC(1546) Pause Young (Allocation Failure) 60M->43M(61M) 0.668ms
[15.255s][info ][gc,cpu         ] GC(1546) User=0.00s Sys=0.00s Real=0.00s
[15.256s][info ][gc,start       ] GC(1547) Pause Young (Allocation Failure)
[15.256s][info ][gc,start       ] GC(1548) Pause Full (Allocation Failure)
[15.257s][info ][gc,phases,start] GC(1548) Phase 1: Mark live objects
[15.260s][debug][gc,phases      ] GC(1548) Reference Processing 0.039ms
[15.260s][debug][gc,phases      ] GC(1548) Weak Processing 0.013ms
[15.260s][debug][gc,phases      ] GC(1548) ClassLoaderData 0.020ms
[15.260s][debug][gc,phases      ] GC(1548) ProtectionDomainCacheTable 0.003ms
[15.260s][debug][gc,phases      ] GC(1548) ResolvedMethodTable 0.021ms
[15.261s][debug][gc,phases      ] GC(1548) Class Unloading 0.972ms
[15.261s][debug][gc,phases      ] GC(1548) Scrub String Table 0.058ms
[15.262s][debug][gc,phases      ] GC(1548) Scrub Symbol Table 1.165ms
[15.262s][info ][gc,phases      ] GC(1548) Phase 1: Mark live objects 5.378ms
[15.262s][info ][gc,phases,start] GC(1548) Phase 2: Compute new object addresses
[15.263s][info ][gc,phases      ] GC(1548) Phase 2: Compute new object addresses 0.959ms
[15.263s][info ][gc,phases,start] GC(1548) Phase 3: Adjust pointers
[15.267s][info ][gc,phases      ] GC(1548) Phase 3: Adjust pointers 4.398ms
[15.267s][info ][gc,phases,start] GC(1548) Phase 4: Move objects
[15.268s][info ][gc,phases      ] GC(1548) Phase 4: Move objects 0.317ms
[15.268s][info ][gc             ] GC(1548) Pause Full (Allocation Failure) 59M->5M(61M) 11.415ms
[15.268s][info ][gc,heap        ] GC(1547) DefNew: 18724K->0K(19648K)
[15.268s][info ][gc,heap        ] GC(1547) Tenured: 42605K->5490K(43712K)
[15.268s][info ][gc,metaspace   ] GC(1547) Metaspace: 16404K->16404K(1064960K)
[15.268s][info ][gc             ] GC(1547) Pause Young (Allocation Failure) 59M->5M(61M) 11.577ms
[15.268s][info ][gc,cpu         ] GC(1547) User=0.01s Sys=0.00s Real=0.01s
[15.269s][info ][gc,start       ] GC(1549) Pause Young (Allocation Failure)
[15.270s][debug][gc,age         ] GC(1549) Desired survivor size 1114112 bytes, new threshold 1 (max threshold 15)
[15.270s][info ][gc,heap        ] GC(1549) DefNew: 17110K->1955K(19648K)
[15.270s][info ][gc,heap        ] GC(1549) Tenured: 5490K->5880K(43712K)
[15.270s][info ][gc,metaspace   ] GC(1549) Metaspace: 16404K->16404K(1064960K)
[15.270s][info ][gc             ] GC(1549) Pause Young (Allocation Failure) 22M->7M(61M) 0.633ms
[15.270s][info ][gc,cpu         ] GC(1549) User=0.00s Sys=0.00s Real=0.00s
[15.271s][info ][gc,start       ] GC(1550) Pause Young (Allocation Failure)
[15.272s][debug][gc,age         ] GC(1550) Desired survivor size 1114112 bytes, new threshold 1 (max threshold 15)
[15.272s][info ][gc,heap        ] GC(1550) DefNew: 19119K->1955K(19648K)
[15.272s][info ][gc,heap        ] GC(1550) Tenured: 5880K->5881K(43712K)
[15.272s][info ][gc,metaspace   ] GC(1550) Metaspace: 16404K->16404K(1064960K)
[15.272s][info ][gc             ] GC(1550) Pause Young (Allocation Failure) 24M->7M(61M) 0.566ms
[15.272s][info ][gc,cpu         ] GC(1550) User=0.00s Sys=0.00s Real=0.00s
[15.273s][info ][gc,start       ] GC(1551) Pause Young (Allocation Failure)
[15.274s][debug][gc,age         ] GC(1551) Desired survivor size 1114112 bytes, new threshold 1 (max threshold 15)
[15.274s][info ][gc,heap        ] GC(1551) DefNew: 19058K->1955K(19648K)
[15.274s][info ][gc,heap        ] GC(1551) Tenured: 5881K->6663K(43712K)
[15.274s][info ][gc,metaspace   ] GC(1551) Metaspace: 16404K->16404K(1064960K)
[15.274s][info ][gc             ] GC(1551) Pause Young (Allocation Failure) 24M->8M(61M) 0.966ms
[15.274s][info ][gc,cpu         ] GC(1551) User=0.00s Sys=0.00s Real=0.00s
[15.276s][info ][gc,start       ] GC(1552) Pause Young (Allocation Failure)
[15.276s][debug][gc,age         ] GC(1552) Desired survivor size 1114112 bytes, new threshold 1 (max threshold 15)
[15.276s][info ][gc,heap        ] GC(1552) DefNew: 19081K->1955K(19648K)
[15.276s][info ][gc,heap        ] GC(1552) Tenured: 6663K->7054K(43712K)
[15.276s][info ][gc,metaspace   ] GC(1552) Metaspace: 16404K->16404K(1064960K)
[15.276s][info ][gc             ] GC(1552) Pause Young (Allocation Failure) 25M->8M(61M) 0.556ms
[15.276s][info ][gc,cpu         ] GC(1552) User=0.00s Sys=0.00s Real=0.00s
[15.277s][info ][gc,start       ] GC(1553) Pause Young (Allocation Failure)
[15.278s][debug][gc,age         ] GC(1553) Desired survivor size 1114112 bytes, new threshold 1 (max threshold 15)
[15.278s][info ][gc,heap        ] GC(1553) DefNew: 19129K->1955K(19648K)
[15.278s][info ][gc,heap        ] GC(1553) Tenured: 7054K->7444K(43712K)
[15.278s][info ][gc,metaspace   ] GC(1553) Metaspace: 16404K->16404K(1064960K)
[15.278s][info ][gc             ] GC(1553) Pause Young (Allocation Failure) 25M->9M(61M) 0.584ms
[15.278s][info ][gc,cpu         ] GC(1553) User=0.00s Sys=0.00s Real=0.00s
[15.280s][info ][gc,start       ] GC(1554) Pause Young (Allocation Failure)
[15.280s][debug][gc,age         ] GC(1554) Desired survivor size 1114112 bytes, new threshold 1 (max threshold 15)
[15.280s][info ][gc,heap        ] GC(1554) DefNew: 19427K->1954K(19648K)
[15.280s][info ][gc,heap        ] GC(1554) Tenured: 7444K->8226K(43712K)
[15.280s][info ][gc,metaspace   ] GC(1554) Metaspace: 16404K->16404K(1064960K)
[15.280s][info ][gc             ] GC(1554) Pause Young (Allocation Failure) 26M->9M(61M) 0.794ms
[15.280s][info ][gc,cpu         ] GC(1554) User=0.00s Sys=0.00s Real=0.00s
[15.282s][info ][gc,start       ] GC(1555) Pause Young (Allocation Failure)
[15.282s][debug][gc,age         ] GC(1555) Desired survivor size 1114112 bytes, new threshold 1 (max threshold 15)
[15.282s][info ][gc,heap        ] GC(1555) DefNew: 19125K->1955K(19648K)
[15.282s][info ][gc,heap        ] GC(1555) Tenured: 8226K->8226K(43712K)
[15.282s][info ][gc,metaspace   ] GC(1555) Metaspace: 16404K->16404K(1064960K)
[15.282s][info ][gc             ] GC(1555) Pause Young (Allocation Failure) 26M->9M(61M) 0.626ms
[15.282s][info ][gc,cpu         ] GC(1555) User=0.00s Sys=0.00s Real=0.00s
[15.284s][info ][gc,start       ] GC(1556) Pause Young (Allocation Failure)
[15.285s][debug][gc,age         ] GC(1556) Desired survivor size 1114112 bytes, new threshold 1 (max threshold 15)
[15.285s][info ][gc,heap        ] GC(1556) DefNew: 19060K->1955K(19648K)
[15.285s][info ][gc,heap        ] GC(1556) Tenured: 8226K->8226K(43712K)
[15.285s][info ][gc,metaspace   ] GC(1556) Metaspace: 16404K->16404K(1064960K)
[15.285s][info ][gc             ] GC(1556) Pause Young (Allocation Failure) 26M->9M(61M) 0.844ms
[15.285s][info ][gc,cpu         ] GC(1556) User=0.00s Sys=0.00s Real=0.00s
[15.286s][info ][gc,start       ] GC(1557) Pause Young (Allocation Failure)
[15.287s][debug][gc,age         ] GC(1557) Desired survivor size 1114112 bytes, new threshold 1 (max threshold 15)
[15.287s][info ][gc,heap        ] GC(1557) DefNew: 19127K->1955K(19648K)
[15.287s][info ][gc,heap        ] GC(1557) Tenured: 8226K->8617K(43712K)
[15.287s][info ][gc,metaspace   ] GC(1557) Metaspace: 16404K->16404K(1064960K)
[15.287s][info ][gc             ] GC(1557) Pause Young (Allocation Failure) 26M->10M(61M) 0.760ms
[15.287s][info ][gc,cpu         ] GC(1557) User=0.00s Sys=0.00s Real=0.00s
[15.288s][info ][gc,start       ] GC(1558) Pause Young (Allocation Failure)
[15.289s][debug][gc,age         ] GC(1558) Desired survivor size 1114112 bytes, new threshold 1 (max threshold 15)
[15.289s][info ][gc,heap        ] GC(1558) DefNew: 19065K->1955K(19648K)
[15.289s][info ][gc,heap        ] GC(1558) Tenured: 8617K->9399K(43712K)
[15.289s][info ][gc,metaspace   ] GC(1558) Metaspace: 16404K->16404K(1064960K)
[15.289s][info ][gc             ] GC(1558) Pause Young (Allocation Failure) 27M->11M(61M) 0.624ms
[15.289s][info ][gc,cpu         ] GC(1558) User=0.00s Sys=0.00s Real=0.00s
[15.290s][info ][gc,start       ] GC(1559) Pause Young (Allocation Failure)
[15.291s][debug][gc,age         ] GC(1559) Desired survivor size 1114112 bytes, new threshold 1 (max threshold 15)
[15.291s][info ][gc,heap        ] GC(1559) DefNew: 19124K->1564K(19648K)
[15.291s][info ][gc,heap        ] GC(1559) Tenured: 9399K->9790K(43712K)
[15.291s][info ][gc,metaspace   ] GC(1559) Metaspace: 16404K->16404K(1064960K)
[15.291s][info ][gc             ] GC(1559) Pause Young (Allocation Failure) 27M->11M(61M) 0.531ms
[15.291s][info ][gc,cpu         ] GC(1559) User=0.00s Sys=0.00s Real=0.00s
[15.292s][info ][gc,start       ] GC(1560) Pause Young (Allocation Failure)
[15.292s][debug][gc,age         ] GC(1560) Desired survivor size 1114112 bytes, new threshold 1 (max threshold 15)
[15.292s][info ][gc,heap        ] GC(1560) DefNew: 18676K->1955K(19648K)
[15.292s][info ][gc,heap        ] GC(1560) Tenured: 9790K->9790K(43712K)
[15.292s][info ][gc,metaspace   ] GC(1560) Metaspace: 16404K->16404K(1064960K)
[15.292s][info ][gc             ] GC(1560) Pause Young (Allocation Failure) 27M->11M(61M) 0.562ms
[15.293s][info ][gc,cpu         ] GC(1560) User=0.00s Sys=0.00s Real=0.00s
[15.294s][info ][gc,start       ] GC(1561) Pause Young (Allocation Failure)
[15.294s][debug][gc,age         ] GC(1561) Desired survivor size 1114112 bytes, new threshold 1 (max threshold 15)
[15.294s][info ][gc,heap        ] GC(1561) DefNew: 19124K->1173K(19648K)
[15.294s][info ][gc,heap        ] GC(1561) Tenured: 9790K->10181K(43712K)
[15.294s][info ][gc,metaspace   ] GC(1561) Metaspace: 16404K->16404K(1064960K)
[15.294s][info ][gc             ] GC(1561) Pause Young (Allocation Failure) 28M->11M(61M) 0.561ms
[15.294s][info ][gc,cpu         ] GC(1561) User=0.00s Sys=0.00s Real=0.00s
[15.296s][info ][gc,start       ] GC(1562) Pause Young (Allocation Failure)
[15.297s][debug][gc,age         ] GC(1562) Desired survivor size 1114112 bytes, new threshold 1 (max threshold 15)
[15.297s][info ][gc,heap        ] GC(1562) DefNew: 18288K->1955K(19648K)
[15.297s][info ][gc,heap        ] GC(1562) Tenured: 10181K->10181K(43712K)
[15.297s][info ][gc,metaspace   ] GC(1562) Metaspace: 16404K->16404K(1064960K)
[15.297s][info ][gc             ] GC(1562) Pause Young (Allocation Failure) 27M->11M(61M) 0.745ms
[15.297s][info ][gc,cpu         ] GC(1562) User=0.00s Sys=0.00s Real=0.00s
[15.298s][info ][gc,start       ] GC(1563) Pause Young (Allocation Failure)
[15.298s][debug][gc,age         ] GC(1563) Desired survivor size 1114112 bytes, new threshold 1 (max threshold 15)
[15.298s][info ][gc,heap        ] GC(1563) DefNew: 19122K->1955K(19648K)
[15.298s][info ][gc,heap        ] GC(1563) Tenured: 10181K->10572K(43712K)
[15.298s][info ][gc,metaspace   ] GC(1563) Metaspace: 16404K->16404K(1064960K)
[15.299s][info ][gc             ] GC(1563) Pause Young (Allocation Failure) 28M->12M(61M) 0.567ms
[15.299s][info ][gc,cpu         ] GC(1563) User=0.00s Sys=0.00s Real=0.00s
[15.300s][info ][gc,start       ] GC(1564) Pause Young (Allocation Failure)
[15.300s][debug][gc,age         ] GC(1564) Desired survivor size 1114112 bytes, new threshold 1 (max threshold 15)
[15.300s][info ][gc,heap        ] GC(1564) DefNew: 19113K->1955K(19648K)
[15.300s][info ][gc,heap        ] GC(1564) Tenured: 10572K->11353K(43712K)
[15.301s][info ][gc,metaspace   ] GC(1564) Metaspace: 16404K->16404K(1064960K)
[15.301s][info ][gc             ] GC(1564) Pause Young (Allocation Failure) 28M->12M(61M) 0.701ms
[15.301s][info ][gc,cpu         ] GC(1564) User=0.01s Sys=0.00s Real=0.00s
[15.302s][info ][gc,start       ] GC(1565) Pause Young (Allocation Failure)
[15.302s][debug][gc,age         ] GC(1565) Desired survivor size 1114112 bytes, new threshold 1 (max threshold 15)
[15.303s][info ][gc,heap        ] GC(1565) DefNew: 19107K->1955K(19648K)
[15.303s][info ][gc,heap        ] GC(1565) Tenured: 11353K->11744K(43712K)
[15.303s][info ][gc,metaspace   ] GC(1565) Metaspace: 16404K->16404K(1064960K)
[15.303s][info ][gc             ] GC(1565) Pause Young (Allocation Failure) 29M->13M(61M) 0.607ms
[15.303s][info ][gc,cpu         ] GC(1565) User=0.00s Sys=0.00s Real=0.00s
[15.304s][info ][gc,start       ] GC(1566) Pause Young (Allocation Failure)
[15.305s][debug][gc,age         ] GC(1566) Desired survivor size 1114112 bytes, new threshold 1 (max threshold 15)
[15.305s][info ][gc,heap        ] GC(1566) DefNew: 19427K->1954K(19648K)
[15.305s][info ][gc,heap        ] GC(1566) Tenured: 11744K->11745K(43712K)
[15.305s][info ][gc,metaspace   ] GC(1566) Metaspace: 16404K->16404K(1064960K)
[15.305s][info ][gc             ] GC(1566) Pause Young (Allocation Failure) 30M->13M(61M) 0.616ms
[15.305s][info ][gc,cpu         ] GC(1566) User=0.00s Sys=0.00s Real=0.00s
[15.306s][info ][gc,start       ] GC(1567) Pause Young (Allocation Failure)
[15.307s][debug][gc,age         ] GC(1567) Desired survivor size 1114112 bytes, new threshold 1 (max threshold 15)
[15.307s][info ][gc,heap        ] GC(1567) DefNew: 19113K->1955K(19648K)
[15.307s][info ][gc,heap        ] GC(1567) Tenured: 11745K->12917K(43712K)
[15.307s][info ][gc,metaspace   ] GC(1567) Metaspace: 16404K->16404K(1064960K)
[15.307s][info ][gc             ] GC(1567) Pause Young (Allocation Failure) 30M->14M(61M) 0.713ms
[15.307s][info ][gc,cpu         ] GC(1567) User=0.00s Sys=0.00s Real=0.00s
[15.308s][info ][gc,start       ] GC(1568) Pause Young (Allocation Failure)
[15.309s][debug][gc,age         ] GC(1568) Desired survivor size 1114112 bytes, new threshold 1 (max threshold 15)
[15.309s][info ][gc,heap        ] GC(1568) DefNew: 19107K->1955K(19648K)
[15.309s][info ][gc,heap        ] GC(1568) Tenured: 12917K->12917K(43712K)
[15.309s][info ][gc,metaspace   ] GC(1568) Metaspace: 16404K->16404K(1064960K)
[15.309s][info ][gc             ] GC(1568) Pause Young (Allocation Failure) 31M->14M(61M) 0.524ms
[15.309s][info ][gc,cpu         ] GC(1568) User=0.00s Sys=0.00s Real=0.00s
[15.310s][info ][gc,start       ] GC(1569) Pause Young (Allocation Failure)
[15.311s][debug][gc,age         ] GC(1569) Desired survivor size 1114112 bytes, new threshold 1 (max threshold 15)
[15.311s][info ][gc,heap        ] GC(1569) DefNew: 19058K->1955K(19648K)
[15.311s][info ][gc,heap        ] GC(1569) Tenured: 12917K->12917K(43712K)
[15.311s][info ][gc,metaspace   ] GC(1569) Metaspace: 16404K->16404K(1064960K)
[15.311s][info ][gc             ] GC(1569) Pause Young (Allocation Failure) 31M->14M(61M) 0.518ms
[15.311s][info ][gc,cpu         ] GC(1569) User=0.00s Sys=0.00s Real=0.00s
[15.312s][info ][gc,start       ] GC(1570) Pause Young (Allocation Failure)
[15.313s][debug][gc,age         ] GC(1570) Desired survivor size 1114112 bytes, new threshold 1 (max threshold 15)
[15.313s][info ][gc,heap        ] GC(1570) DefNew: 19116K->1955K(19648K)
[15.313s][info ][gc,heap        ] GC(1570) Tenured: 12917K->13698K(43712K)
[15.313s][info ][gc,metaspace   ] GC(1570) Metaspace: 16404K->16404K(1064960K)
[15.313s][info ][gc             ] GC(1570) Pause Young (Allocation Failure) 31M->15M(61M) 0.728ms
[15.313s][info ][gc,cpu         ] GC(1570) User=0.00s Sys=0.00s Real=0.00s
[15.314s][info ][gc,start       ] GC(1571) Pause Young (Allocation Failure)
[15.315s][debug][gc,age         ] GC(1571) Desired survivor size 1114112 bytes, new threshold 1 (max threshold 15)
[15.315s][info ][gc,heap        ] GC(1571) DefNew: 19109K->1955K(19648K)
[15.315s][info ][gc,heap        ] GC(1571) Tenured: 13698K->14480K(43712K)
[15.315s][info ][gc,metaspace   ] GC(1571) Metaspace: 16404K->16404K(1064960K)
[15.315s][info ][gc             ] GC(1571) Pause Young (Allocation Failure) 32M->16M(61M) 0.621ms
[15.315s][info ][gc,cpu         ] GC(1571) User=0.00s Sys=0.00s Real=0.00s
[15.316s][info ][gc,start       ] GC(1572) Pause Young (Allocation Failure)
[15.317s][debug][gc,age         ] GC(1572) Desired survivor size 1114112 bytes, new threshold 1 (max threshold 15)
[15.317s][info ][gc,heap        ] GC(1572) DefNew: 19104K->1955K(19648K)
[15.317s][info ][gc,heap        ] GC(1572) Tenured: 14480K->15261K(43712K)
[15.317s][info ][gc,metaspace   ] GC(1572) Metaspace: 16404K->16404K(1064960K)
[15.317s][info ][gc             ] GC(1572) Pause Young (Allocation Failure) 32M->16M(61M) 0.740ms
[15.317s][info ][gc,cpu         ] GC(1572) User=0.00s Sys=0.00s Real=0.00s
[15.319s][info ][gc,start       ] GC(1573) Pause Young (Allocation Failure)
[15.319s][debug][gc,age         ] GC(1573) Desired survivor size 1114112 bytes, new threshold 1 (max threshold 15)
[15.319s][info ][gc,heap        ] GC(1573) DefNew: 19101K->1174K(19648K)
[15.319s][info ][gc,heap        ] GC(1573) Tenured: 15261K->15261K(43712K)
[15.319s][info ][gc,metaspace   ] GC(1573) Metaspace: 16404K->16404K(1064960K)
[15.319s][info ][gc             ] GC(1573) Pause Young (Allocation Failure) 33M->16M(61M) 0.501ms
[15.319s][info ][gc,cpu         ] GC(1573) User=0.00s Sys=0.00s Real=0.00s
[15.320s][info ][gc,start       ] GC(1574) Pause Young (Allocation Failure)
[15.321s][debug][gc,age         ] GC(1574) Desired survivor size 1114112 bytes, new threshold 1 (max threshold 15)
[15.321s][info ][gc,heap        ] GC(1574) DefNew: 18318K->1564K(19648K)
[15.321s][info ][gc,heap        ] GC(1574) Tenured: 15261K->15261K(43712K)
[15.321s][info ][gc,metaspace   ] GC(1574) Metaspace: 16404K->16404K(1064960K)
[15.321s][info ][gc             ] GC(1574) Pause Young (Allocation Failure) 32M->16M(61M) 0.503ms
[15.321s][info ][gc,cpu         ] GC(1574) User=0.00s Sys=0.00s Real=0.00s
[15.322s][info ][gc,start       ] GC(1575) Pause Young (Allocation Failure)
[15.323s][debug][gc,age         ] GC(1575) Desired survivor size 1114112 bytes, new threshold 1 (max threshold 15)
[15.323s][info ][gc,heap        ] GC(1575) DefNew: 18707K->1564K(19648K)
[15.323s][info ][gc,heap        ] GC(1575) Tenured: 15261K->15261K(43712K)
[15.323s][info ][gc,metaspace   ] GC(1575) Metaspace: 16404K->16404K(1064960K)
[15.323s][info ][gc             ] GC(1575) Pause Young (Allocation Failure) 33M->16M(61M) 0.582ms
[15.323s][info ][gc,cpu         ] GC(1575) User=0.00s Sys=0.00s Real=0.00s
[15.324s][info ][gc,start       ] GC(1576) Pause Young (Allocation Failure)
[15.325s][debug][gc,age         ] GC(1576) Desired survivor size 1114112 bytes, new threshold 1 (max threshold 15)
[15.325s][info ][gc,heap        ] GC(1576) DefNew: 18706K->1955K(19648K)
[15.325s][info ][gc,heap        ] GC(1576) Tenured: 15261K->16823K(43712K)
[15.325s][info ][gc,metaspace   ] GC(1576) Metaspace: 16404K->16404K(1064960K)
[15.325s][info ][gc             ] GC(1576) Pause Young (Allocation Failure) 33M->18M(61M) 0.708ms
[15.325s][info ][gc,cpu         ] GC(1576) User=0.00s Sys=0.00s Real=0.00s
[15.326s][info ][gc,start       ] GC(1577) Pause Young (Allocation Failure)
[15.327s][debug][gc,age         ] GC(1577) Desired survivor size 1114112 bytes, new threshold 1 (max threshold 15)
[15.327s][info ][gc,heap        ] GC(1577) DefNew: 19097K->1955K(19648K)
[15.327s][info ][gc,heap        ] GC(1577) Tenured: 16823K->17214K(43712K)
[15.327s][info ][gc,metaspace   ] GC(1577) Metaspace: 16404K->16404K(1064960K)
[15.327s][info ][gc             ] GC(1577) Pause Young (Allocation Failure) 35M->18M(61M) 0.576ms
[15.327s][info ][gc,cpu         ] GC(1577) User=0.00s Sys=0.00s Real=0.00s
[15.328s][info ][gc,start       ] GC(1578) Pause Young (Allocation Failure)
[15.329s][debug][gc,age         ] GC(1578) Desired survivor size 1114112 bytes, new threshold 1 (max threshold 15)
[15.329s][info ][gc,heap        ] GC(1578) DefNew: 19096K->1955K(19648K)
[15.329s][info ][gc,heap        ] GC(1578) Tenured: 17214K->17995K(43712K)
[15.329s][info ][gc,metaspace   ] GC(1578) Metaspace: 16404K->16404K(1064960K)
[15.329s][info ][gc             ] GC(1578) Pause Young (Allocation Failure) 35M->19M(61M) 0.747ms
[15.329s][info ][gc,cpu         ] GC(1578) User=0.00s Sys=0.00s Real=0.00s
[15.331s][info ][gc,start       ] GC(1579) Pause Young (Allocation Failure)
[15.331s][debug][gc,age         ] GC(1579) Desired survivor size 1114112 bytes, new threshold 1 (max threshold 15)
[15.331s][info ][gc,heap        ] GC(1579) DefNew: 19096K->1955K(19648K)
[15.331s][info ][gc,heap        ] GC(1579) Tenured: 17995K->18386K(43712K)
[15.331s][info ][gc,metaspace   ] GC(1579) Metaspace: 16404K->16404K(1064960K)
[15.331s][info ][gc             ] GC(1579) Pause Young (Allocation Failure) 36M->19M(61M) 0.585ms
[15.331s][info ][gc,cpu         ] GC(1579) User=0.00s Sys=0.00s Real=0.00s
[15.333s][info ][gc,start       ] GC(1580) Pause Young (Allocation Failure)
[15.333s][debug][gc,age         ] GC(1580) Desired survivor size 1114112 bytes, new threshold 1 (max threshold 15)
[15.333s][info ][gc,heap        ] GC(1580) DefNew: 19096K->1955K(19648K)
[15.333s][info ][gc,heap        ] GC(1580) Tenured: 18386K->19167K(43712K)
[15.333s][info ][gc,metaspace   ] GC(1580) Metaspace: 16404K->16404K(1064960K)
[15.333s][info ][gc             ] GC(1580) Pause Young (Allocation Failure) 36M->20M(61M) 0.800ms
[15.333s][info ][gc,cpu         ] GC(1580) User=0.00s Sys=0.00s Real=0.00s
[15.335s][info ][gc,start       ] GC(1581) Pause Young (Allocation Failure)
[15.335s][debug][gc,age         ] GC(1581) Desired survivor size 1114112 bytes, new threshold 1 (max threshold 15)
[15.335s][info ][gc,heap        ] GC(1581) DefNew: 19096K->1955K(19648K)
[15.335s][info ][gc,heap        ] GC(1581) Tenured: 19167K->20339K(43712K)
[15.335s][info ][gc,metaspace   ] GC(1581) Metaspace: 16404K->16404K(1064960K)
[15.335s][info ][gc             ] GC(1581) Pause Young (Allocation Failure) 37M->21M(61M) 0.740ms
[15.335s][info ][gc,cpu         ] GC(1581) User=0.00s Sys=0.00s Real=0.00s
[15.337s][info ][gc,start       ] GC(1582) Pause Young (Allocation Failure)
[15.337s][debug][gc,age         ] GC(1582) Desired survivor size 1114112 bytes, new threshold 1 (max threshold 15)
[15.337s][info ][gc,heap        ] GC(1582) DefNew: 19096K->1564K(19648K)
[15.337s][info ][gc,heap        ] GC(1582) Tenured: 20339K->20339K(43712K)
[15.337s][info ][gc,metaspace   ] GC(1582) Metaspace: 16404K->16404K(1064960K)
[15.337s][info ][gc             ] GC(1582) Pause Young (Allocation Failure) 38M->21M(61M) 0.535ms
[15.337s][info ][gc,cpu         ] GC(1582) User=0.00s Sys=0.00s Real=0.00s
[15.339s][info ][gc,start       ] GC(1583) Pause Young (Allocation Failure)
[15.340s][debug][gc,age         ] GC(1583) Desired survivor size 1114112 bytes, new threshold 1 (max threshold 15)
[15.340s][info ][gc,heap        ] GC(1583) DefNew: 18705K->1955K(19648K)
[15.340s][info ][gc,heap        ] GC(1583) Tenured: 20339K->21511K(43712K)
[15.340s][info ][gc,metaspace   ] GC(1583) Metaspace: 16404K->16404K(1064960K)
[15.340s][info ][gc             ] GC(1583) Pause Young (Allocation Failure) 38M->22M(61M) 0.913ms
[15.340s][info ][gc,cpu         ] GC(1583) User=0.00s Sys=0.00s Real=0.01s
[15.341s][info ][gc,start       ] GC(1584) Pause Young (Allocation Failure)
[15.342s][debug][gc,age         ] GC(1584) Desired survivor size 1114112 bytes, new threshold 1 (max threshold 15)
[15.342s][info ][gc,heap        ] GC(1584) DefNew: 19096K->1955K(19648K)
[15.342s][info ][gc,heap        ] GC(1584) Tenured: 21511K->22293K(43712K)
[15.342s][info ][gc,metaspace   ] GC(1584) Metaspace: 16404K->16404K(1064960K)
[15.342s][info ][gc             ] GC(1584) Pause Young (Allocation Failure) 39M->23M(61M) 0.700ms
[15.342s][info ][gc,cpu         ] GC(1584) User=0.00s Sys=0.00s Real=0.00s
[15.343s][info ][gc,start       ] GC(1585) Pause Young (Allocation Failure)
[15.344s][debug][gc,age         ] GC(1585) Desired survivor size 1114112 bytes, new threshold 1 (max threshold 15)
[15.344s][info ][gc,heap        ] GC(1585) DefNew: 19095K->1174K(19648K)
[15.344s][info ][gc,heap        ] GC(1585) Tenured: 22293K->22293K(43712K)
[15.344s][info ][gc,metaspace   ] GC(1585) Metaspace: 16404K->16404K(1064960K)
[15.344s][info ][gc             ] GC(1585) Pause Young (Allocation Failure) 40M->22M(61M) 0.489ms
[15.344s][info ][gc,cpu         ] GC(1585) User=0.00s Sys=0.00s Real=0.00s
[15.345s][info ][gc,start       ] GC(1586) Pause Young (Allocation Failure)
[15.346s][debug][gc,age         ] GC(1586) Desired survivor size 1114112 bytes, new threshold 1 (max threshold 15)
[15.346s][info ][gc,heap        ] GC(1586) DefNew: 18281K->1955K(19648K)
[15.346s][info ][gc,heap        ] GC(1586) Tenured: 22293K->22293K(43712K)
[15.346s][info ][gc,metaspace   ] GC(1586) Metaspace: 16404K->16404K(1064960K)
[15.346s][info ][gc             ] GC(1586) Pause Young (Allocation Failure) 39M->23M(61M) 0.817ms
[15.346s][info ][gc,cpu         ] GC(1586) User=0.00s Sys=0.00s Real=0.00s
[15.347s][info ][gc,start       ] GC(1587) Pause Young (Allocation Failure)
[15.348s][debug][gc,age         ] GC(1587) Desired survivor size 1114112 bytes, new threshold 1 (max threshold 15)
[15.348s][info ][gc,heap        ] GC(1587) DefNew: 19062K->1955K(19648K)
[15.348s][info ][gc,heap        ] GC(1587) Tenured: 22293K->23075K(43712K)
[15.348s][info ][gc,metaspace   ] GC(1587) Metaspace: 16404K->16404K(1064960K)
[15.348s][info ][gc             ] GC(1587) Pause Young (Allocation Failure) 40M->24M(61M) 0.622ms
[15.348s][info ][gc,cpu         ] GC(1587) User=0.00s Sys=0.00s Real=0.00s
[15.349s][info ][gc,start       ] GC(1588) Pause Young (Allocation Failure)
[15.349s][debug][gc,age         ] GC(1588) Desired survivor size 1114112 bytes, new threshold 15 (max threshold 15)
[15.349s][info ][gc,heap        ] GC(1588) DefNew: 19119K->783K(19648K)
[15.349s][info ][gc,heap        ] GC(1588) Tenured: 23075K->23075K(43712K)
[15.349s][info ][gc,metaspace   ] GC(1588) Metaspace: 16404K->16404K(1064960K)
[15.349s][info ][gc             ] GC(1588) Pause Young (Allocation Failure) 41M->23M(61M) 0.413ms
[15.349s][info ][gc,cpu         ] GC(1588) User=0.00s Sys=0.00s Real=0.01s
[15.351s][info ][gc,start       ] GC(1589) Pause Young (Allocation Failure)
[15.351s][debug][gc,age         ] GC(1589) Desired survivor size 1114112 bytes, new threshold 1 (max threshold 15)
[15.351s][info ][gc,heap        ] GC(1589) DefNew: 17939K->1955K(19648K)
[15.351s][info ][gc,heap        ] GC(1589) Tenured: 23075K->24247K(43712K)
[15.351s][info ][gc,metaspace   ] GC(1589) Metaspace: 16404K->16404K(1064960K)
[15.352s][info ][gc             ] GC(1589) Pause Young (Allocation Failure) 40M->25M(61M) 0.715ms
[15.352s][info ][gc,cpu         ] GC(1589) User=0.00s Sys=0.00s Real=0.00s
[15.353s][info ][gc,start       ] GC(1590) Pause Young (Allocation Failure)
[15.353s][debug][gc,age         ] GC(1590) Desired survivor size 1114112 bytes, new threshold 1 (max threshold 15)
[15.353s][info ][gc,heap        ] GC(1590) DefNew: 19106K->1955K(19648K)
[15.353s][info ][gc,heap        ] GC(1590) Tenured: 24247K->25419K(43712K)
[15.353s][info ][gc,metaspace   ] GC(1590) Metaspace: 16404K->16404K(1064960K)
[15.353s][info ][gc             ] GC(1590) Pause Young (Allocation Failure) 42M->26M(61M) 0.641ms
[15.353s][info ][gc,cpu         ] GC(1590) User=0.00s Sys=0.01s Real=0.00s
[15.355s][info ][gc,start       ] GC(1591) Pause Young (Allocation Failure)
[15.356s][debug][gc,age         ] GC(1591) Desired survivor size 1114112 bytes, new threshold 1 (max threshold 15)
[15.356s][info ][gc,heap        ] GC(1591) DefNew: 19102K->1955K(19648K)
[15.356s][info ][gc,heap        ] GC(1591) Tenured: 25419K->25419K(43712K)
[15.356s][info ][gc,metaspace   ] GC(1591) Metaspace: 16404K->16404K(1064960K)
[15.356s][info ][gc             ] GC(1591) Pause Young (Allocation Failure) 43M->26M(61M) 0.771ms
[15.356s][info ][gc,cpu         ] GC(1591) User=0.00s Sys=0.00s Real=0.00s
[15.357s][info ][gc,start       ] GC(1592) Pause Young (Allocation Failure)
[15.358s][debug][gc,age         ] GC(1592) Desired survivor size 1114112 bytes, new threshold 1 (max threshold 15)
[15.358s][info ][gc,heap        ] GC(1592) DefNew: 19059K->1954K(19648K)
[15.358s][info ][gc,heap        ] GC(1592) Tenured: 25419K->25810K(43712K)
[15.358s][info ][gc,metaspace   ] GC(1592) Metaspace: 16404K->16404K(1064960K)
[15.358s][info ][gc             ] GC(1592) Pause Young (Allocation Failure) 43M->27M(61M) 0.607ms
[15.358s][info ][gc,cpu         ] GC(1592) User=0.00s Sys=0.00s Real=0.00s
[15.359s][info ][gc,start       ] GC(1593) Pause Young (Allocation Failure)
[15.360s][debug][gc,age         ] GC(1593) Desired survivor size 1114112 bytes, new threshold 1 (max threshold 15)
[15.360s][info ][gc,heap        ] GC(1593) DefNew: 19112K->1955K(19648K)
[15.360s][info ][gc,heap        ] GC(1593) Tenured: 25810K->25810K(43712K)
[15.360s][info ][gc,metaspace   ] GC(1593) Metaspace: 16404K->16404K(1064960K)
[15.360s][info ][gc             ] GC(1593) Pause Young (Allocation Failure) 43M->27M(61M) 0.626ms
[15.360s][info ][gc,cpu         ] GC(1593) User=0.00s Sys=0.00s Real=0.01s
[15.361s][info ][gc,start       ] GC(1594) Pause Young (Allocation Failure)
[15.362s][debug][gc,age         ] GC(1594) Desired survivor size 1114112 bytes, new threshold 1 (max threshold 15)
[15.362s][info ][gc,heap        ] GC(1594) DefNew: 19107K->1955K(19648K)
[15.362s][info ][gc,heap        ] GC(1594) Tenured: 25810K->26982K(43712K)
[15.362s][info ][gc,metaspace   ] GC(1594) Metaspace: 16404K->16404K(1064960K)
[15.362s][info ][gc             ] GC(1594) Pause Young (Allocation Failure) 43M->28M(61M) 0.697ms
[15.362s][info ][gc,cpu         ] GC(1594) User=0.00s Sys=0.00s Real=0.00s
[15.363s][info ][gc,start       ] GC(1595) Pause Young (Allocation Failure)
[15.364s][debug][gc,age         ] GC(1595) Desired survivor size 1114112 bytes, new threshold 1 (max threshold 15)
[15.364s][info ][gc,heap        ] GC(1595) DefNew: 19103K->1564K(19648K)
[15.364s][info ][gc,heap        ] GC(1595) Tenured: 26982K->26982K(43712K)
[15.364s][info ][gc,metaspace   ] GC(1595) Metaspace: 16404K->16404K(1064960K)
[15.364s][info ][gc             ] GC(1595) Pause Young (Allocation Failure) 45M->27M(61M) 0.736ms
[15.364s][info ][gc,cpu         ] GC(1595) User=0.00s Sys=0.00s Real=0.00s
[15.365s][info ][gc,start       ] GC(1596) Pause Young (Allocation Failure)
[15.366s][debug][gc,age         ] GC(1596) Desired survivor size 1114112 bytes, new threshold 1 (max threshold 15)
[15.366s][info ][gc,heap        ] GC(1596) DefNew: 18709K->1955K(19648K)
[15.366s][info ][gc,heap        ] GC(1596) Tenured: 26982K->27763K(43712K)
[15.366s][info ][gc,metaspace   ] GC(1596) Metaspace: 16404K->16404K(1064960K)
[15.366s][info ][gc             ] GC(1596) Pause Young (Allocation Failure) 44M->29M(61M) 0.703ms
[15.366s][info ][gc,cpu         ] GC(1596) User=0.00s Sys=0.00s Real=0.00s
[15.367s][info ][gc,start       ] GC(1597) Pause Young (Allocation Failure)
[15.368s][debug][gc,age         ] GC(1597) Desired survivor size 1114112 bytes, new threshold 1 (max threshold 15)
[15.368s][info ][gc,heap        ] GC(1597) DefNew: 19098K->1955K(19648K)
[15.368s][info ][gc,heap        ] GC(1597) Tenured: 27763K->28154K(43712K)
[15.368s][info ][gc,metaspace   ] GC(1597) Metaspace: 16404K->16404K(1064960K)
[15.368s][info ][gc             ] GC(1597) Pause Young (Allocation Failure) 45M->29M(61M) 0.631ms
[15.368s][info ][gc,cpu         ] GC(1597) User=0.00s Sys=0.00s Real=0.00s
[15.369s][info ][gc,start       ] GC(1598) Pause Young (Allocation Failure)
[15.370s][debug][gc,age         ] GC(1598) Desired survivor size 1114112 bytes, new threshold 1 (max threshold 15)
[15.370s][info ][gc,heap        ] GC(1598) DefNew: 19097K->1955K(19648K)
[15.370s][info ][gc,heap        ] GC(1598) Tenured: 28154K->28545K(43712K)
[15.370s][info ][gc,metaspace   ] GC(1598) Metaspace: 16404K->16404K(1064960K)
[15.370s][info ][gc             ] GC(1598) Pause Young (Allocation Failure) 46M->29M(61M) 0.595ms
[15.370s][info ][gc,cpu         ] GC(1598) User=0.00s Sys=0.00s Real=0.00s
[15.371s][info ][gc,start       ] GC(1599) Pause Young (Allocation Failure)
[15.372s][debug][gc,age         ] GC(1599) Desired survivor size 1114112 bytes, new threshold 1 (max threshold 15)
[15.372s][info ][gc,heap        ] GC(1599) DefNew: 19097K->1955K(19648K)
[15.372s][info ][gc,heap        ] GC(1599) Tenured: 28545K->28935K(43712K)
[15.372s][info ][gc,metaspace   ] GC(1599) Metaspace: 16404K->16404K(1064960K)
[15.372s][info ][gc             ] GC(1599) Pause Young (Allocation Failure) 46M->30M(61M) 0.584ms
[15.372s][info ][gc,cpu         ] GC(1599) User=0.00s Sys=0.00s Real=0.00s
[15.373s][info ][gc,start       ] GC(1600) Pause Young (Allocation Failure)
[15.374s][debug][gc,age         ] GC(1600) Desired survivor size 1114112 bytes, new threshold 1 (max threshold 15)
[15.374s][info ][gc,heap        ] GC(1600) DefNew: 19096K->1173K(19648K)
[15.374s][info ][gc,heap        ] GC(1600) Tenured: 28935K->28936K(43712K)
[15.374s][info ][gc,metaspace   ] GC(1600) Metaspace: 16404K->16404K(1064960K)
[15.374s][info ][gc             ] GC(1600) Pause Young (Allocation Failure) 46M->29M(61M) 0.496ms
[15.374s][info ][gc,cpu         ] GC(1600) User=0.01s Sys=0.00s Real=0.00s
[15.375s][info ][gc,start       ] GC(1601) Pause Young (Allocation Failure)
[15.376s][debug][gc,age         ] GC(1601) Desired survivor size 1114112 bytes, new threshold 1 (max threshold 15)
[15.376s][info ][gc,heap        ] GC(1601) DefNew: 18267K->1955K(19648K)
[15.376s][info ][gc,heap        ] GC(1601) Tenured: 28936K->28936K(43712K)
[15.376s][info ][gc,metaspace   ] GC(1601) Metaspace: 16404K->16404K(1064960K)
[15.376s][info ][gc             ] GC(1601) Pause Young (Allocation Failure) 46M->30M(61M) 0.560ms
[15.376s][info ][gc,cpu         ] GC(1601) User=0.00s Sys=0.00s Real=0.00s
[15.377s][info ][gc,start       ] GC(1602) Pause Young (Allocation Failure)
[15.378s][debug][gc,age         ] GC(1602) Desired survivor size 1114112 bytes, new threshold 1 (max threshold 15)
[15.378s][info ][gc,heap        ] GC(1602) DefNew: 19112K->1955K(19648K)
[15.378s][info ][gc,heap        ] GC(1602) Tenured: 28936K->29327K(43712K)
[15.378s][info ][gc,metaspace   ] GC(1602) Metaspace: 16404K->16404K(1064960K)
[15.378s][info ][gc             ] GC(1602) Pause Young (Allocation Failure) 46M->30M(61M) 0.572ms
[15.378s][info ][gc,cpu         ] GC(1602) User=0.00s Sys=0.00s Real=0.00s
[15.380s][info ][gc,start       ] GC(1603) Pause Young (Allocation Failure)
[15.380s][debug][gc,age         ] GC(1603) Desired survivor size 1114112 bytes, new threshold 1 (max threshold 15)
[15.380s][info ][gc,heap        ] GC(1603) DefNew: 19062K->1954K(19648K)
[15.380s][info ][gc,heap        ] GC(1603) Tenured: 29327K->29327K(43712K)
[15.380s][info ][gc,metaspace   ] GC(1603) Metaspace: 16404K->16404K(1064960K)
[15.380s][info ][gc             ] GC(1603) Pause Young (Allocation Failure) 47M->30M(61M) 0.747ms
[15.380s][info ][gc,cpu         ] GC(1603) User=0.00s Sys=0.00s Real=0.00s
[15.382s][info ][gc,start       ] GC(1604) Pause Young (Allocation Failure)
[15.382s][debug][gc,age         ] GC(1604) Desired survivor size 1114112 bytes, new threshold 1 (max threshold 15)
[15.382s][info ][gc,heap        ] GC(1604) DefNew: 19062K->1955K(19648K)
[15.382s][info ][gc,heap        ] GC(1604) Tenured: 29327K->29718K(43712K)
[15.382s][info ][gc,metaspace   ] GC(1604) Metaspace: 16404K->16404K(1064960K)
[15.383s][info ][gc             ] GC(1604) Pause Young (Allocation Failure) 47M->30M(61M) 0.810ms
[15.383s][info ][gc,cpu         ] GC(1604) User=0.00s Sys=0.00s Real=0.00s
[15.384s][info ][gc,start       ] GC(1605) Pause Young (Allocation Failure)
[15.385s][debug][gc,age         ] GC(1605) Desired survivor size 1114112 bytes, new threshold 1 (max threshold 15)
[15.385s][info ][gc,heap        ] GC(1605) DefNew: 19044K->1173K(19648K)
[15.385s][info ][gc,heap        ] GC(1605) Tenured: 29718K->30110K(43712K)
[15.385s][info ][gc,metaspace   ] GC(1605) Metaspace: 16404K->16404K(1064960K)
[15.385s][info ][gc             ] GC(1605) Pause Young (Allocation Failure) 47M->30M(61M) 0.775ms
[15.385s][info ][gc,cpu         ] GC(1605) User=0.00s Sys=0.00s Real=0.00s
[15.386s][info ][gc,start       ] GC(1606) Pause Young (Allocation Failure)
[15.387s][debug][gc,age         ] GC(1606) Desired survivor size 1114112 bytes, new threshold 1 (max threshold 15)
[15.387s][info ][gc,heap        ] GC(1606) DefNew: 18320K->1955K(19648K)
[15.387s][info ][gc,heap        ] GC(1606) Tenured: 30110K->30110K(43712K)
[15.387s][info ][gc,metaspace   ] GC(1606) Metaspace: 16404K->16404K(1064960K)
[15.387s][info ][gc             ] GC(1606) Pause Young (Allocation Failure) 47M->31M(61M) 0.931ms
[15.387s][info ][gc,cpu         ] GC(1606) User=0.00s Sys=0.00s Real=0.00s
[15.389s][info ][gc,start       ] GC(1607) Pause Young (Allocation Failure)
[15.389s][debug][gc,age         ] GC(1607) Desired survivor size 1114112 bytes, new threshold 1 (max threshold 15)
[15.389s][info ][gc,heap        ] GC(1607) DefNew: 19049K->1564K(19648K)
[15.389s][info ][gc,heap        ] GC(1607) Tenured: 30110K->30892K(43712K)
[15.389s][info ][gc,metaspace   ] GC(1607) Metaspace: 16404K->16404K(1064960K)
[15.389s][info ][gc             ] GC(1607) Pause Young (Allocation Failure) 48M->31M(61M) 0.670ms
[15.389s][info ][gc,cpu         ] GC(1607) User=0.00s Sys=0.00s Real=0.01s
[15.391s][info ][gc,start       ] GC(1608) Pause Young (Allocation Failure)
[15.391s][debug][gc,age         ] GC(1608) Desired survivor size 1114112 bytes, new threshold 1 (max threshold 15)
[15.391s][info ][gc,heap        ] GC(1608) DefNew: 18712K->1954K(19648K)
[15.391s][info ][gc,heap        ] GC(1608) Tenured: 30892K->30892K(43712K)
[15.391s][info ][gc,metaspace   ] GC(1608) Metaspace: 16404K->16404K(1064960K)
[15.391s][info ][gc             ] GC(1608) Pause Young (Allocation Failure) 48M->32M(61M) 0.591ms
[15.391s][info ][gc,cpu         ] GC(1608) User=0.00s Sys=0.00s Real=0.00s
[15.393s][info ][gc,start       ] GC(1609) Pause Young (Allocation Failure)
[15.394s][debug][gc,age         ] GC(1609) Desired survivor size 1114112 bytes, new threshold 15 (max threshold 15)
[15.394s][info ][gc,heap        ] GC(1609) DefNew: 19288K->782K(19648K)
[15.394s][info ][gc,heap        ] GC(1609) Tenured: 30892K->31674K(43712K)
[15.394s][info ][gc,metaspace   ] GC(1609) Metaspace: 16404K->16404K(1064960K)
[15.394s][info ][gc             ] GC(1609) Pause Young (Allocation Failure) 49M->31M(61M) 0.609ms
[15.394s][info ][gc,cpu         ] GC(1609) User=0.00s Sys=0.00s Real=0.00s
[15.396s][info ][gc,start       ] GC(1610) Pause Young (Allocation Failure)
[15.397s][debug][gc,age         ] GC(1610) Desired survivor size 1114112 bytes, new threshold 1 (max threshold 15)
[15.397s][info ][gc,heap        ] GC(1610) DefNew: 17919K->1955K(19648K)
[15.397s][info ][gc,heap        ] GC(1610) Tenured: 31674K->31674K(43712K)
[15.397s][info ][gc,metaspace   ] GC(1610) Metaspace: 16404K->16404K(1064960K)
[15.397s][info ][gc             ] GC(1610) Pause Young (Allocation Failure) 48M->32M(61M) 0.831ms
[15.397s][info ][gc,cpu         ] GC(1610) User=0.00s Sys=0.00s Real=0.00s
[15.398s][info ][gc,start       ] GC(1611) Pause Young (Allocation Failure)
[15.399s][debug][gc,age         ] GC(1611) Desired survivor size 1114112 bytes, new threshold 1 (max threshold 15)
[15.399s][info ][gc,heap        ] GC(1611) DefNew: 19121K->1954K(19648K)
[15.399s][info ][gc,heap        ] GC(1611) Tenured: 31674K->32456K(43712K)
[15.399s][info ][gc,metaspace   ] GC(1611) Metaspace: 16404K->16404K(1064960K)
[15.399s][info ][gc             ] GC(1611) Pause Young (Allocation Failure) 49M->33M(61M) 0.728ms
[15.399s][info ][gc,cpu         ] GC(1611) User=0.01s Sys=0.00s Real=0.00s
[15.400s][info ][gc,start       ] GC(1612) Pause Young (Allocation Failure)
[15.401s][debug][gc,age         ] GC(1612) Desired survivor size 1114112 bytes, new threshold 1 (max threshold 15)
[15.401s][info ][gc,heap        ] GC(1612) DefNew: 19053K->1954K(19648K)
[15.401s][info ][gc,heap        ] GC(1612) Tenured: 32456K->32848K(43712K)
[15.401s][info ][gc,metaspace   ] GC(1612) Metaspace: 16404K->16404K(1064960K)
[15.401s][info ][gc             ] GC(1612) Pause Young (Allocation Failure) 50M->33M(61M) 0.702ms
[15.401s][info ][gc,cpu         ] GC(1612) User=0.00s Sys=0.00s Real=0.00s
[15.403s][info ][gc,start       ] GC(1613) Pause Young (Allocation Failure)
[15.403s][debug][gc,age         ] GC(1613) Desired survivor size 1114112 bytes, new threshold 1 (max threshold 15)
[15.403s][info ][gc,heap        ] GC(1613) DefNew: 19179K->1564K(19648K)
[15.403s][info ][gc,heap        ] GC(1613) Tenured: 32848K->32848K(43712K)
[15.403s][info ][gc,metaspace   ] GC(1613) Metaspace: 16404K->16404K(1064960K)
[15.403s][info ][gc             ] GC(1613) Pause Young (Allocation Failure) 50M->33M(61M) 0.645ms
[15.403s][info ][gc,cpu         ] GC(1613) User=0.00s Sys=0.00s Real=0.00s
[15.405s][info ][gc,start       ] GC(1614) Pause Young (Allocation Failure)
[15.405s][debug][gc,age         ] GC(1614) Desired survivor size 1114112 bytes, new threshold 1 (max threshold 15)
[15.405s][info ][gc,heap        ] GC(1614) DefNew: 18749K->1955K(19648K)
[15.405s][info ][gc,heap        ] GC(1614) Tenured: 32848K->33239K(43712K)
[15.405s][info ][gc,metaspace   ] GC(1614) Metaspace: 16404K->16404K(1064960K)
[15.405s][info ][gc             ] GC(1614) Pause Young (Allocation Failure) 50M->34M(61M) 0.627ms
[15.405s][info ][gc,cpu         ] GC(1614) User=0.00s Sys=0.00s Real=0.00s
[15.407s][info ][gc,start       ] GC(1615) Pause Young (Allocation Failure)
[15.407s][debug][gc,age         ] GC(1615) Desired survivor size 1114112 bytes, new threshold 1 (max threshold 15)
[15.407s][info ][gc,heap        ] GC(1615) DefNew: 19132K->1564K(19648K)
[15.407s][info ][gc,heap        ] GC(1615) Tenured: 33239K->33239K(43712K)
[15.407s][info ][gc,metaspace   ] GC(1615) Metaspace: 16404K->16404K(1064960K)
[15.407s][info ][gc             ] GC(1615) Pause Young (Allocation Failure) 51M->33M(61M) 0.613ms
[15.407s][info ][gc,cpu         ] GC(1615) User=0.00s Sys=0.00s Real=0.00s
[15.409s][info ][gc,start       ] GC(1616) Pause Young (Allocation Failure)
[15.409s][debug][gc,age         ] GC(1616) Desired survivor size 1114112 bytes, new threshold 1 (max threshold 15)
[15.409s][info ][gc,heap        ] GC(1616) DefNew: 18731K->1955K(19648K)
[15.409s][info ][gc,heap        ] GC(1616) Tenured: 33239K->34021K(43712K)
[15.409s][info ][gc,metaspace   ] GC(1616) Metaspace: 16404K->16404K(1064960K)
[15.410s][info ][gc             ] GC(1616) Pause Young (Allocation Failure) 50M->35M(61M) 0.806ms
[15.410s][info ][gc,cpu         ] GC(1616) User=0.00s Sys=0.01s Real=0.01s
[15.411s][info ][gc,start       ] GC(1617) Pause Young (Allocation Failure)
[15.412s][debug][gc,age         ] GC(1617) Desired survivor size 1114112 bytes, new threshold 1 (max threshold 15)
[15.412s][info ][gc,heap        ] GC(1617) DefNew: 19130K->1955K(19648K)
[15.412s][info ][gc,heap        ] GC(1617) Tenured: 34021K->34412K(43712K)
[15.412s][info ][gc,metaspace   ] GC(1617) Metaspace: 16404K->16404K(1064960K)
[15.412s][info ][gc             ] GC(1617) Pause Young (Allocation Failure) 51M->35M(61M) 0.960ms
[15.412s][info ][gc,cpu         ] GC(1617) User=0.00s Sys=0.00s Real=0.00s
[15.414s][info ][gc,start       ] GC(1618) Pause Young (Allocation Failure)
[15.414s][debug][gc,age         ] GC(1618) Desired survivor size 1114112 bytes, new threshold 1 (max threshold 15)
[15.414s][info ][gc,heap        ] GC(1618) DefNew: 19045K->1173K(19648K)
[15.414s][info ][gc,heap        ] GC(1618) Tenured: 34412K->34412K(43712K)
[15.414s][info ][gc,metaspace   ] GC(1618) Metaspace: 16404K->16404K(1064960K)
[15.414s][info ][gc             ] GC(1618) Pause Young (Allocation Failure) 52M->34M(61M) 0.529ms
[15.414s][info ][gc,cpu         ] GC(1618) User=0.00s Sys=0.00s Real=0.00s
[15.415s][info ][gc,start       ] GC(1619) Pause Young (Allocation Failure)
[15.416s][debug][gc,age         ] GC(1619) Desired survivor size 1114112 bytes, new threshold 1 (max threshold 15)
[15.416s][info ][gc,heap        ] GC(1619) DefNew: 18392K->1955K(19648K)
[15.416s][info ][gc,heap        ] GC(1619) Tenured: 34412K->35193K(43712K)
[15.416s][info ][gc,metaspace   ] GC(1619) Metaspace: 16404K->16404K(1064960K)
[15.416s][info ][gc             ] GC(1619) Pause Young (Allocation Failure) 51M->36M(61M) 0.645ms
[15.416s][info ][gc,cpu         ] GC(1619) User=0.00s Sys=0.00s Real=0.00s
[15.418s][info ][gc,start       ] GC(1620) Pause Young (Allocation Failure)
[15.418s][debug][gc,age         ] GC(1620) Desired survivor size 1114112 bytes, new threshold 1 (max threshold 15)
[15.418s][info ][gc,heap        ] GC(1620) DefNew: 19146K->1955K(19648K)
[15.418s][info ][gc,heap        ] GC(1620) Tenured: 35193K->35584K(43712K)
[15.418s][info ][gc,metaspace   ] GC(1620) Metaspace: 16404K->16404K(1064960K)
[15.418s][info ][gc             ] GC(1620) Pause Young (Allocation Failure) 53M->36M(61M) 0.922ms
[15.419s][info ][gc,cpu         ] GC(1620) User=0.00s Sys=0.00s Real=0.00s
[15.420s][info ][gc,start       ] GC(1621) Pause Young (Allocation Failure)
[15.421s][debug][gc,age         ] GC(1621) Desired survivor size 1114112 bytes, new threshold 1 (max threshold 15)
[15.421s][info ][gc,heap        ] GC(1621) DefNew: 19128K->1955K(19648K)
[15.421s][info ][gc,heap        ] GC(1621) Tenured: 35584K->36365K(43712K)
[15.421s][info ][gc,metaspace   ] GC(1621) Metaspace: 16404K->16404K(1064960K)
[15.421s][info ][gc             ] GC(1621) Pause Young (Allocation Failure) 53M->37M(61M) 1.392ms
[15.421s][info ][gc,cpu         ] GC(1621) User=0.00s Sys=0.00s Real=0.00s
[15.423s][info ][gc,start       ] GC(1622) Pause Young (Allocation Failure)
[15.424s][debug][gc,age         ] GC(1622) Desired survivor size 1114112 bytes, new threshold 1 (max threshold 15)
[15.424s][info ][gc,heap        ] GC(1622) DefNew: 19117K->1955K(19648K)
[15.424s][info ][gc,heap        ] GC(1622) Tenured: 36365K->37147K(43712K)
[15.424s][info ][gc,metaspace   ] GC(1622) Metaspace: 16404K->16404K(1064960K)
[15.424s][info ][gc             ] GC(1622) Pause Young (Allocation Failure) 54M->38M(61M) 0.876ms
[15.424s][info ][gc,cpu         ] GC(1622) User=0.00s Sys=0.00s Real=0.00s
[15.425s][info ][gc,start       ] GC(1623) Pause Young (Allocation Failure)
[15.426s][debug][gc,age         ] GC(1623) Desired survivor size 1114112 bytes, new threshold 1 (max threshold 15)
[15.426s][info ][gc,heap        ] GC(1623) DefNew: 19109K->1955K(19648K)
[15.426s][info ][gc,heap        ] GC(1623) Tenured: 37147K->38319K(43712K)
[15.426s][info ][gc,metaspace   ] GC(1623) Metaspace: 16404K->16404K(1064960K)
[15.426s][info ][gc             ] GC(1623) Pause Young (Allocation Failure) 54M->39M(61M) 0.844ms
[15.426s][info ][gc,cpu         ] GC(1623) User=0.00s Sys=0.00s Real=0.00s
[15.427s][info ][gc,start       ] GC(1624) Pause Young (Allocation Failure)
[15.428s][debug][gc,age         ] GC(1624) Desired survivor size 1114112 bytes, new threshold 1 (max threshold 15)
[15.428s][info ][gc,heap        ] GC(1624) DefNew: 19104K->1564K(19648K)
[15.428s][info ][gc,heap        ] GC(1624) Tenured: 38319K->38319K(43712K)
[15.428s][info ][gc,metaspace   ] GC(1624) Metaspace: 16404K->16404K(1064960K)
[15.428s][info ][gc             ] GC(1624) Pause Young (Allocation Failure) 56M->38M(61M) 0.548ms
[15.428s][info ][gc,cpu         ] GC(1624) User=0.00s Sys=0.00s Real=0.00s
[15.429s][info ][gc,start       ] GC(1625) Pause Young (Allocation Failure)
[15.430s][debug][gc,age         ] GC(1625) Desired survivor size 1114112 bytes, new threshold 1 (max threshold 15)
[15.430s][info ][gc,heap        ] GC(1625) DefNew: 18710K->1955K(19648K)
[15.430s][info ][gc,heap        ] GC(1625) Tenured: 38319K->39100K(43712K)
[15.430s][info ][gc,metaspace   ] GC(1625) Metaspace: 16404K->16404K(1064960K)
[15.430s][info ][gc             ] GC(1625) Pause Young (Allocation Failure) 55M->40M(61M) 0.865ms
[15.430s][info ][gc,cpu         ] GC(1625) User=0.00s Sys=0.00s Real=0.00s
[15.432s][info ][gc,start       ] GC(1626) Pause Young (Allocation Failure)
[15.432s][debug][gc,age         ] GC(1626) Desired survivor size 1114112 bytes, new threshold 1 (max threshold 15)
[15.432s][info ][gc,heap        ] GC(1626) DefNew: 19099K->1173K(19648K)
[15.432s][info ][gc,heap        ] GC(1626) Tenured: 39100K->39491K(43712K)
[15.432s][info ][gc,metaspace   ] GC(1626) Metaspace: 16404K->16404K(1064960K)
[15.432s][info ][gc             ] GC(1626) Pause Young (Allocation Failure) 56M->39M(61M) 0.565ms
[15.432s][info ][gc,cpu         ] GC(1626) User=0.00s Sys=0.00s Real=0.00s
[15.434s][info ][gc,start       ] GC(1627) Pause Young (Allocation Failure)
[15.434s][debug][gc,age         ] GC(1627) Desired survivor size 1114112 bytes, new threshold 1 (max threshold 15)
[15.434s][info ][gc,heap        ] GC(1627) DefNew: 18645K->1564K(19648K)
[15.434s][info ][gc,heap        ] GC(1627) Tenured: 39491K->39492K(43712K)
[15.434s][info ][gc,metaspace   ] GC(1627) Metaspace: 16404K->16404K(1064960K)
[15.434s][info ][gc             ] GC(1627) Pause Young (Allocation Failure) 56M->40M(61M) 0.636ms
[15.434s][info ][gc,cpu         ] GC(1627) User=0.00s Sys=0.00s Real=0.00s
[15.436s][info ][gc,start       ] GC(1628) Pause Young (Allocation Failure)
[15.436s][debug][gc,age         ] GC(1628) Desired survivor size 1114112 bytes, new threshold 1 (max threshold 15)
[15.436s][info ][gc,heap        ] GC(1628) DefNew: 18656K->1955K(19648K)
[15.436s][info ][gc,heap        ] GC(1628) Tenured: 39492K->39883K(43712K)
[15.436s][info ][gc,metaspace   ] GC(1628) Metaspace: 16404K->16404K(1064960K)
[15.436s][info ][gc             ] GC(1628) Pause Young (Allocation Failure) 56M->40M(61M) 0.754ms
[15.436s][info ][gc,cpu         ] GC(1628) User=0.00s Sys=0.00s Real=0.00s
[15.438s][info ][gc,start       ] GC(1629) Pause Young (Allocation Failure)
[15.438s][debug][gc,age         ] GC(1629) Desired survivor size 1114112 bytes, new threshold 1 (max threshold 15)
[15.438s][info ][gc,heap        ] GC(1629) DefNew: 19091K->1564K(19648K)
[15.439s][info ][gc,heap        ] GC(1629) Tenured: 39883K->39883K(43712K)
[15.439s][info ][gc,metaspace   ] GC(1629) Metaspace: 16404K->16404K(1064960K)
[15.439s][info ][gc             ] GC(1629) Pause Young (Allocation Failure) 57M->40M(61M) 0.614ms
[15.439s][info ][gc,cpu         ] GC(1629) User=0.00s Sys=0.00s Real=0.00s
[15.440s][info ][gc,start       ] GC(1630) Pause Young (Allocation Failure)
[15.441s][debug][gc,age         ] GC(1630) Desired survivor size 1114112 bytes, new threshold 1 (max threshold 15)
[15.441s][info ][gc,heap        ] GC(1630) DefNew: 18688K->1564K(19648K)
[15.441s][info ][gc,heap        ] GC(1630) Tenured: 39883K->40274K(43712K)
[15.441s][info ][gc,metaspace   ] GC(1630) Metaspace: 16404K->16404K(1064960K)
[15.441s][info ][gc             ] GC(1630) Pause Young (Allocation Failure) 57M->40M(61M) 0.721ms
[15.441s][info ][gc,cpu         ] GC(1630) User=0.00s Sys=0.00s Real=0.00s
[15.442s][info ][gc,start       ] GC(1631) Pause Young (Allocation Failure)
[15.443s][debug][gc,age         ] GC(1631) Desired survivor size 1114112 bytes, new threshold 1 (max threshold 15)
[15.443s][info ][gc,heap        ] GC(1631) DefNew: 18717K->1955K(19648K)
[15.443s][info ][gc,heap        ] GC(1631) Tenured: 40274K->40665K(43712K)
[15.443s][info ][gc,metaspace   ] GC(1631) Metaspace: 16404K->16404K(1064960K)
[15.443s][info ][gc             ] GC(1631) Pause Young (Allocation Failure) 57M->41M(61M) 0.715ms
[15.443s][info ][gc,cpu         ] GC(1631) User=0.00s Sys=0.00s Real=0.00s
[15.444s][info ][gc,start       ] GC(1632) Pause Young (Allocation Failure)
[15.445s][debug][gc,age         ] GC(1632) Desired survivor size 1114112 bytes, new threshold 1 (max threshold 15)
[15.445s][info ][gc,heap        ] GC(1632) DefNew: 19427K->1564K(19648K)
[15.445s][info ][gc,heap        ] GC(1632) Tenured: 40665K->41056K(43712K)
[15.445s][info ][gc,metaspace   ] GC(1632) Metaspace: 16404K->16404K(1064960K)
[15.445s][info ][gc             ] GC(1632) Pause Young (Allocation Failure) 58M->41M(61M) 0.601ms
[15.445s][info ][gc,cpu         ] GC(1632) User=0.00s Sys=0.00s Real=0.00s
[15.447s][info ][gc,start       ] GC(1633) Pause Young (Allocation Failure)
[15.448s][debug][gc,age         ] GC(1633) Desired survivor size 1114112 bytes, new threshold 1 (max threshold 15)
[15.448s][info ][gc,heap        ] GC(1633) DefNew: 19020K->1564K(19648K)
[15.448s][info ][gc,heap        ] GC(1633) Tenured: 41056K->41447K(43712K)
[15.448s][info ][gc,metaspace   ] GC(1633) Metaspace: 16404K->16404K(1064960K)
[15.448s][info ][gc             ] GC(1633) Pause Young (Allocation Failure) 58M->42M(61M) 1.017ms
[15.448s][info ][gc,cpu         ] GC(1633) User=0.00s Sys=0.00s Real=0.00s
[15.449s][info ][gc,start       ] GC(1634) Pause Young (Allocation Failure)
[15.450s][debug][gc,age         ] GC(1634) Desired survivor size 1114112 bytes, new threshold 1 (max threshold 15)
[15.450s][info ][gc,heap        ] GC(1634) DefNew: 18651K->1955K(19648K)
[15.450s][info ][gc,heap        ] GC(1634) Tenured: 41447K->41839K(43712K)
[15.450s][info ][gc,metaspace   ] GC(1634) Metaspace: 16404K->16404K(1064960K)
[15.450s][info ][gc             ] GC(1634) Pause Young (Allocation Failure) 58M->42M(61M) 0.709ms
[15.450s][info ][gc,cpu         ] GC(1634) User=0.00s Sys=0.00s Real=0.00s
[15.452s][info ][gc,start       ] GC(1635) Pause Young (Allocation Failure)
[15.453s][debug][gc,age         ] GC(1635) Desired survivor size 1114112 bytes, new threshold 1 (max threshold 15)
[15.453s][info ][gc,heap        ] GC(1635) DefNew: 19398K->1564K(19648K)
[15.453s][info ][gc,heap        ] GC(1635) Tenured: 41839K->42621K(43712K)
[15.453s][info ][gc,metaspace   ] GC(1635) Metaspace: 16404K->16404K(1064960K)
[15.453s][info ][gc             ] GC(1635) Pause Young (Allocation Failure) 59M->43M(61M) 0.843ms
[15.453s][info ][gc,cpu         ] GC(1635) User=0.00s Sys=0.00s Real=0.00s
[15.454s][info ][gc,start       ] GC(1636) Pause Young (Allocation Failure)
[15.455s][debug][gc,age         ] GC(1636) Desired survivor size 1114112 bytes, new threshold 1 (max threshold 15)
[15.455s][info ][gc,heap        ] GC(1636) DefNew: 18762K->1955K(19648K)
[15.455s][info ][gc,heap        ] GC(1636) Tenured: 42621K->43012K(43712K)
[15.455s][info ][gc,metaspace   ] GC(1636) Metaspace: 16404K->16404K(1064960K)
[15.455s][info ][gc             ] GC(1636) Pause Young (Allocation Failure) 59M->43M(61M) 0.665ms
[15.455s][info ][gc,cpu         ] GC(1636) User=0.00s Sys=0.00s Real=0.00s
[15.456s][info ][gc,start       ] GC(1637) Pause Young (Allocation Failure)
[15.456s][info ][gc,start       ] GC(1638) Pause Full (Allocation Failure)
[15.456s][info ][gc,phases,start] GC(1638) Phase 1: Mark live objects
[15.460s][debug][gc,phases      ] GC(1638) Reference Processing 0.046ms
[15.460s][debug][gc,phases      ] GC(1638) Weak Processing 0.015ms
[15.460s][debug][gc,phases      ] GC(1638) ClassLoaderData 0.028ms
[15.460s][debug][gc,phases      ] GC(1638) ProtectionDomainCacheTable 0.002ms
[15.460s][debug][gc,phases      ] GC(1638) ResolvedMethodTable 0.015ms
[15.460s][debug][gc,phases      ] GC(1638) Class Unloading 0.761ms
[15.460s][debug][gc,phases      ] GC(1638) Scrub String Table 0.058ms
[15.461s][debug][gc,phases      ] GC(1638) Scrub Symbol Table 1.047ms
[15.462s][info ][gc,phases      ] GC(1638) Phase 1: Mark live objects 5.167ms
[15.462s][info ][gc,phases,start] GC(1638) Phase 2: Compute new object addresses
[15.463s][info ][gc,phases      ] GC(1638) Phase 2: Compute new object addresses 1.070ms
[15.463s][info ][gc,phases,start] GC(1638) Phase 3: Adjust pointers
[15.467s][info ][gc,phases      ] GC(1638) Phase 3: Adjust pointers 3.943ms
[15.467s][info ][gc,phases,start] GC(1638) Phase 4: Move objects
[15.467s][info ][gc,phases      ] GC(1638) Phase 4: Move objects 0.356ms
[15.467s][info ][gc             ] GC(1638) Pause Full (Allocation Failure) 60M->5M(61M) 10.893ms
[15.467s][info ][gc,heap        ] GC(1637) DefNew: 19127K->0K(19648K)
[15.467s][info ][gc,heap        ] GC(1637) Tenured: 43012K->5880K(43712K)
[15.467s][info ][gc,metaspace   ] GC(1637) Metaspace: 16404K->16404K(1064960K)
[15.467s][info ][gc             ] GC(1637) Pause Young (Allocation Failure) 60M->5M(61M) 11.024ms
[15.467s][info ][gc,cpu         ] GC(1637) User=0.01s Sys=0.00s Real=0.01s
[15.469s][info ][gc,start       ] GC(1639) Pause Young (Allocation Failure)
[15.469s][debug][gc,age         ] GC(1639) Desired survivor size 1114112 bytes, new threshold 1 (max threshold 15)
[15.469s][info ][gc,heap        ] GC(1639) DefNew: 17173K->1955K(19648K)
[15.469s][info ][gc,heap        ] GC(1639) Tenured: 5880K->6662K(43712K)
[15.469s][info ][gc,metaspace   ] GC(1639) Metaspace: 16404K->16404K(1064960K)
[15.469s][info ][gc             ] GC(1639) Pause Young (Allocation Failure) 22M->8M(61M) 0.637ms
[15.469s][info ][gc,cpu         ] GC(1639) User=0.00s Sys=0.00s Real=0.01s
[15.471s][info ][gc,start       ] GC(1640) Pause Young (Allocation Failure)
[15.472s][debug][gc,age         ] GC(1640) Desired survivor size 1114112 bytes, new threshold 1 (max threshold 15)
[15.472s][info ][gc,heap        ] GC(1640) DefNew: 19167K->1955K(19648K)
[15.472s][info ][gc,heap        ] GC(1640) Tenured: 6662K->7834K(43712K)
[15.472s][info ][gc,metaspace   ] GC(1640) Metaspace: 16404K->16404K(1064960K)
[15.472s][info ][gc             ] GC(1640) Pause Young (Allocation Failure) 25M->9M(61M) 0.640ms
[15.472s][info ][gc,cpu         ] GC(1640) User=0.00s Sys=0.00s Real=0.00s
[15.473s][info ][gc,start       ] GC(1641) Pause Young (Allocation Failure)
[15.474s][debug][gc,age         ] GC(1641) Desired survivor size 1114112 bytes, new threshold 1 (max threshold 15)
[15.474s][info ][gc,heap        ] GC(1641) DefNew: 19141K->1955K(19648K)
[15.474s][info ][gc,heap        ] GC(1641) Tenured: 7834K->8225K(43712K)
[15.474s][info ][gc,metaspace   ] GC(1641) Metaspace: 16404K->16404K(1064960K)
[15.474s][info ][gc             ] GC(1641) Pause Young (Allocation Failure) 26M->9M(61M) 0.638ms
[15.474s][info ][gc,cpu         ] GC(1641) User=0.00s Sys=0.01s Real=0.00s
[15.475s][info ][gc,start       ] GC(1642) Pause Young (Allocation Failure)
[15.475s][debug][gc,age         ] GC(1642) Desired survivor size 1114112 bytes, new threshold 1 (max threshold 15)
[15.475s][info ][gc,heap        ] GC(1642) DefNew: 19125K->1955K(19648K)
[15.475s][info ][gc,heap        ] GC(1642) Tenured: 8225K->8616K(43712K)
[15.475s][info ][gc,metaspace   ] GC(1642) Metaspace: 16404K->16404K(1064960K)
[15.475s][info ][gc             ] GC(1642) Pause Young (Allocation Failure) 26M->10M(61M) 0.577ms
[15.475s][info ][gc,cpu         ] GC(1642) User=0.00s Sys=0.00s Real=0.00s
[15.477s][info ][gc,start       ] GC(1643) Pause Young (Allocation Failure)
[15.477s][debug][gc,age         ] GC(1643) Desired survivor size 1114112 bytes, new threshold 1 (max threshold 15)
[15.477s][info ][gc,heap        ] GC(1643) DefNew: 19114K->1955K(19648K)
[15.477s][info ][gc,heap        ] GC(1643) Tenured: 8616K->9006K(43712K)
[15.477s][info ][gc,metaspace   ] GC(1643) Metaspace: 16404K->16404K(1064960K)
[15.477s][info ][gc             ] GC(1643) Pause Young (Allocation Failure) 27M->10M(61M) 0.628ms
[15.477s][info ][gc,cpu         ] GC(1643) User=0.00s Sys=0.00s Real=0.00s
[15.479s][info ][gc,start       ] GC(1644) Pause Young (Allocation Failure)
[15.479s][debug][gc,age         ] GC(1644) Desired survivor size 1114112 bytes, new threshold 1 (max threshold 15)
[15.479s][info ][gc,heap        ] GC(1644) DefNew: 19108K->1955K(19648K)
[15.479s][info ][gc,heap        ] GC(1644) Tenured: 9006K->9397K(43712K)
[15.479s][info ][gc,metaspace   ] GC(1644) Metaspace: 16404K->16404K(1064960K)
[15.479s][info ][gc             ] GC(1644) Pause Young (Allocation Failure) 27M->11M(61M) 0.692ms
[15.480s][info ][gc,cpu         ] GC(1644) User=0.00s Sys=0.00s Real=0.01s
[15.481s][info ][gc,start       ] GC(1645) Pause Young (Allocation Failure)
[15.481s][debug][gc,age         ] GC(1645) Desired survivor size 1114112 bytes, new threshold 1 (max threshold 15)
[15.482s][info ][gc,heap        ] GC(1645) DefNew: 19103K->1955K(19648K)
[15.482s][info ][gc,heap        ] GC(1645) Tenured: 9397K->10179K(43712K)
[15.482s][info ][gc,metaspace   ] GC(1645) Metaspace: 16404K->16404K(1064960K)
[15.482s][info ][gc             ] GC(1645) Pause Young (Allocation Failure) 27M->11M(61M) 0.647ms
[15.482s][info ][gc,cpu         ] GC(1645) User=0.00s Sys=0.00s Real=0.00s
[15.483s][info ][gc,start       ] GC(1646) Pause Young (Allocation Failure)
[15.483s][debug][gc,age         ] GC(1646) Desired survivor size 1114112 bytes, new threshold 1 (max threshold 15)
[15.484s][info ][gc,heap        ] GC(1646) DefNew: 19100K->1955K(19648K)
[15.484s][info ][gc,heap        ] GC(1646) Tenured: 10179K->10569K(43712K)
[15.484s][info ][gc,metaspace   ] GC(1646) Metaspace: 16404K->16404K(1064960K)
[15.484s][info ][gc             ] GC(1646) Pause Young (Allocation Failure) 28M->12M(61M) 0.585ms
[15.484s][info ][gc,cpu         ] GC(1646) User=0.00s Sys=0.00s Real=0.00s
[15.485s][info ][gc,start       ] GC(1647) Pause Young (Allocation Failure)
[15.486s][debug][gc,age         ] GC(1647) Desired survivor size 1114112 bytes, new threshold 1 (max threshold 15)
[15.486s][info ][gc,heap        ] GC(1647) DefNew: 19099K->1955K(19648K)
[15.486s][info ][gc,heap        ] GC(1647) Tenured: 10569K->10960K(43712K)
[15.486s][info ][gc,metaspace   ] GC(1647) Metaspace: 16404K->16404K(1064960K)
[15.486s][info ][gc             ] GC(1647) Pause Young (Allocation Failure) 28M->12M(61M) 0.808ms
[15.486s][info ][gc,cpu         ] GC(1647) User=0.00s Sys=0.00s Real=0.00s
[15.487s][info ][gc,start       ] GC(1648) Pause Young (Allocation Failure)
[15.488s][debug][gc,age         ] GC(1648) Desired survivor size 1114112 bytes, new threshold 1 (max threshold 15)
[15.488s][info ][gc,heap        ] GC(1648) DefNew: 19097K->1955K(19648K)
[15.488s][info ][gc,heap        ] GC(1648) Tenured: 10960K->11351K(43712K)
[15.488s][info ][gc,metaspace   ] GC(1648) Metaspace: 16404K->16404K(1064960K)
[15.488s][info ][gc             ] GC(1648) Pause Young (Allocation Failure) 29M->12M(61M) 0.658ms
[15.488s][info ][gc,cpu         ] GC(1648) User=0.00s Sys=0.00s Real=0.00s
[15.489s][info ][gc,start       ] GC(1649) Pause Young (Allocation Failure)
[15.490s][debug][gc,age         ] GC(1649) Desired survivor size 1114112 bytes, new threshold 1 (max threshold 15)
[15.490s][info ][gc,heap        ] GC(1649) DefNew: 19097K->1955K(19648K)
[15.490s][info ][gc,heap        ] GC(1649) Tenured: 11351K->11741K(43712K)
[15.490s][info ][gc,metaspace   ] GC(1649) Metaspace: 16404K->16404K(1064960K)
[15.490s][info ][gc             ] GC(1649) Pause Young (Allocation Failure) 29M->13M(61M) 0.678ms
[15.490s][info ][gc,cpu         ] GC(1649) User=0.00s Sys=0.00s Real=0.01s
[15.491s][info ][gc,start       ] GC(1650) Pause Young (Allocation Failure)
[15.492s][debug][gc,age         ] GC(1650) Desired survivor size 1114112 bytes, new threshold 1 (max threshold 15)
[15.492s][info ][gc,heap        ] GC(1650) DefNew: 19097K->1955K(19648K)
[15.492s][info ][gc,heap        ] GC(1650) Tenured: 11741K->12523K(43712K)
[15.492s][info ][gc,metaspace   ] GC(1650) Metaspace: 16404K->16404K(1064960K)
[15.492s][info ][gc             ] GC(1650) Pause Young (Allocation Failure) 30M->14M(61M) 0.615ms
[15.492s][info ][gc,cpu         ] GC(1650) User=0.00s Sys=0.00s Real=0.00s
[15.493s][info ][gc,start       ] GC(1651) Pause Young (Allocation Failure)
[15.494s][debug][gc,age         ] GC(1651) Desired survivor size 1114112 bytes, new threshold 1 (max threshold 15)
[15.494s][info ][gc,heap        ] GC(1651) DefNew: 19051K->1564K(19648K)
[15.494s][info ][gc,heap        ] GC(1651) Tenured: 12523K->12914K(43712K)
[15.494s][info ][gc,metaspace   ] GC(1651) Metaspace: 16404K->16404K(1064960K)
[15.494s][info ][gc             ] GC(1651) Pause Young (Allocation Failure) 30M->14M(61M) 0.621ms
[15.494s][info ][gc,cpu         ] GC(1651) User=0.00s Sys=0.00s Real=0.00s
[15.495s][info ][gc,start       ] GC(1652) Pause Young (Allocation Failure)
[15.496s][debug][gc,age         ] GC(1652) Desired survivor size 1114112 bytes, new threshold 1 (max threshold 15)
[15.496s][info ][gc,heap        ] GC(1652) DefNew: 18721K->1955K(19648K)
[15.496s][info ][gc,heap        ] GC(1652) Tenured: 12914K->14086K(43712K)
[15.496s][info ][gc,metaspace   ] GC(1652) Metaspace: 16404K->16404K(1064960K)
[15.496s][info ][gc             ] GC(1652) Pause Young (Allocation Failure) 30M->15M(61M) 0.921ms
[15.496s][info ][gc,cpu         ] GC(1652) User=0.00s Sys=0.00s Real=0.00s
[15.498s][info ][gc,start       ] GC(1653) Pause Young (Allocation Failure)
[15.498s][debug][gc,age         ] GC(1653) Desired survivor size 1114112 bytes, new threshold 1 (max threshold 15)
[15.498s][info ][gc,heap        ] GC(1653) DefNew: 19411K->1954K(19648K)
[15.498s][info ][gc,heap        ] GC(1653) Tenured: 14086K->14867K(43712K)
[15.498s][info ][gc,metaspace   ] GC(1653) Metaspace: 16404K->16404K(1064960K)
[15.498s][info ][gc             ] GC(1653) Pause Young (Allocation Failure) 32M->16M(61M) 0.861ms
[15.498s][info ][gc,cpu         ] GC(1653) User=0.00s Sys=0.00s Real=0.00s
[15.500s][info ][gc,start       ] GC(1654) Pause Young (Allocation Failure)
[15.500s][debug][gc,age         ] GC(1654) Desired survivor size 1114112 bytes, new threshold 1 (max threshold 15)
[15.501s][info ][gc,heap        ] GC(1654) DefNew: 19132K->1955K(19648K)
[15.501s][info ][gc,heap        ] GC(1654) Tenured: 14867K->15258K(43712K)
[15.501s][info ][gc,metaspace   ] GC(1654) Metaspace: 16404K->16404K(1064960K)
[15.501s][info ][gc             ] GC(1654) Pause Young (Allocation Failure) 33M->16M(61M) 0.760ms
[15.501s][info ][gc,cpu         ] GC(1654) User=0.00s Sys=0.00s Real=0.00s
[15.502s][info ][gc,start       ] GC(1655) Pause Young (Allocation Failure)
[15.502s][debug][gc,age         ] GC(1655) Desired survivor size 1114112 bytes, new threshold 1 (max threshold 15)
[15.502s][info ][gc,heap        ] GC(1655) DefNew: 19120K->1955K(19648K)
[15.502s][info ][gc,heap        ] GC(1655) Tenured: 15258K->15649K(43712K)
[15.502s][info ][gc,metaspace   ] GC(1655) Metaspace: 16404K->16404K(1064960K)
[15.502s][info ][gc             ] GC(1655) Pause Young (Allocation Failure) 33M->17M(61M) 0.673ms
[15.502s][info ][gc,cpu         ] GC(1655) User=0.00s Sys=0.00s Real=0.00s
[15.504s][info ][gc,start       ] GC(1656) Pause Young (Allocation Failure)
[15.504s][debug][gc,age         ] GC(1656) Desired survivor size 1114112 bytes, new threshold 1 (max threshold 15)
[15.504s][info ][gc,heap        ] GC(1656) DefNew: 19111K->1173K(19648K)
[15.504s][info ][gc,heap        ] GC(1656) Tenured: 15649K->16040K(43712K)
[15.504s][info ][gc,metaspace   ] GC(1656) Metaspace: 16404K->16404K(1064960K)
[15.504s][info ][gc             ] GC(1656) Pause Young (Allocation Failure) 33M->16M(61M) 0.555ms
[15.504s][info ][gc,cpu         ] GC(1656) User=0.00s Sys=0.00s Real=0.00s
[15.506s][info ][gc,start       ] GC(1657) Pause Young (Allocation Failure)
[15.506s][debug][gc,age         ] GC(1657) Desired survivor size 1114112 bytes, new threshold 1 (max threshold 15)
[15.506s][info ][gc,heap        ] GC(1657) DefNew: 18276K->1955K(19648K)
[15.506s][info ][gc,heap        ] GC(1657) Tenured: 16040K->16430K(43712K)
[15.506s][info ][gc,metaspace   ] GC(1657) Metaspace: 16404K->16404K(1064960K)
[15.506s][info ][gc             ] GC(1657) Pause Young (Allocation Failure) 33M->17M(61M) 0.568ms
[15.506s][info ][gc,cpu         ] GC(1657) User=0.00s Sys=0.00s Real=0.00s
[15.508s][info ][gc,start       ] GC(1658) Pause Young (Allocation Failure)
[15.508s][debug][gc,age         ] GC(1658) Desired survivor size 1114112 bytes, new threshold 1 (max threshold 15)
[15.508s][info ][gc,heap        ] GC(1658) DefNew: 19116K->1955K(19648K)
[15.508s][info ][gc,heap        ] GC(1658) Tenured: 16430K->17212K(43712K)
[15.508s][info ][gc,metaspace   ] GC(1658) Metaspace: 16404K->16404K(1064960K)
[15.508s][info ][gc             ] GC(1658) Pause Young (Allocation Failure) 34M->18M(61M) 0.589ms
[15.508s][info ][gc,cpu         ] GC(1658) User=0.00s Sys=0.00s Real=0.00s
[15.510s][info ][gc,start       ] GC(1659) Pause Young (Allocation Failure)
[15.510s][debug][gc,age         ] GC(1659) Desired survivor size 1114112 bytes, new threshold 1 (max threshold 15)
[15.510s][info ][gc,heap        ] GC(1659) DefNew: 19109K->1955K(19648K)
[15.510s][info ][gc,heap        ] GC(1659) Tenured: 17212K->17993K(43712K)
[15.510s][info ][gc,metaspace   ] GC(1659) Metaspace: 16404K->16404K(1064960K)
[15.510s][info ][gc             ] GC(1659) Pause Young (Allocation Failure) 35M->19M(61M) 0.778ms
[15.511s][info ][gc,cpu         ] GC(1659) User=0.00s Sys=0.00s Real=0.00s
[15.512s][info ][gc,start       ] GC(1660) Pause Young (Allocation Failure)
[15.512s][debug][gc,age         ] GC(1660) Desired survivor size 1114112 bytes, new threshold 1 (max threshold 15)
[15.512s][info ][gc,heap        ] GC(1660) DefNew: 19059K->1955K(19648K)
[15.512s][info ][gc,heap        ] GC(1660) Tenured: 17993K->18775K(43712K)
[15.512s][info ][gc,metaspace   ] GC(1660) Metaspace: 16404K->16404K(1064960K)
[15.513s][info ][gc             ] GC(1660) Pause Young (Allocation Failure) 36M->20M(61M) 0.718ms
[15.513s][info ][gc,cpu         ] GC(1660) User=0.00s Sys=0.00s Real=0.00s
[15.514s][info ][gc,start       ] GC(1661) Pause Young (Allocation Failure)
[15.515s][debug][gc,age         ] GC(1661) Desired survivor size 1114112 bytes, new threshold 1 (max threshold 15)
[15.515s][info ][gc,heap        ] GC(1661) DefNew: 19117K->1564K(19648K)
[15.515s][info ][gc,heap        ] GC(1661) Tenured: 18775K->19166K(43712K)
[15.515s][info ][gc,metaspace   ] GC(1661) Metaspace: 16404K->16404K(1064960K)
[15.515s][info ][gc             ] GC(1661) Pause Young (Allocation Failure) 37M->20M(61M) 0.705ms
[15.515s][info ][gc,cpu         ] GC(1661) User=0.00s Sys=0.00s Real=0.00s
[15.516s][info ][gc,start       ] GC(1662) Pause Young (Allocation Failure)
[15.517s][debug][gc,age         ] GC(1662) Desired survivor size 1114112 bytes, new threshold 1 (max threshold 15)
[15.517s][info ][gc,heap        ] GC(1662) DefNew: 18719K->1955K(19648K)
[15.517s][info ][gc,heap        ] GC(1662) Tenured: 19166K->19557K(43712K)
[15.517s][info ][gc,metaspace   ] GC(1662) Metaspace: 16404K->16404K(1064960K)
[15.517s][info ][gc             ] GC(1662) Pause Young (Allocation Failure) 36M->21M(61M) 0.608ms
[15.517s][info ][gc,cpu         ] GC(1662) User=0.01s Sys=0.00s Real=0.00s
[15.518s][info ][gc,start       ] GC(1663) Pause Young (Allocation Failure)
[15.519s][debug][gc,age         ] GC(1663) Desired survivor size 1114112 bytes, new threshold 1 (max threshold 15)
[15.519s][info ][gc,heap        ] GC(1663) DefNew: 19105K->1955K(19648K)
[15.519s][info ][gc,heap        ] GC(1663) Tenured: 19557K->19947K(43712K)
[15.519s][info ][gc,metaspace   ] GC(1663) Metaspace: 16404K->16404K(1064960K)
[15.519s][info ][gc             ] GC(1663) Pause Young (Allocation Failure) 37M->21M(61M) 0.818ms
[15.519s][info ][gc,cpu         ] GC(1663) User=0.00s Sys=0.00s Real=0.00s
[15.520s][info ][gc,start       ] GC(1664) Pause Young (Allocation Failure)
[15.521s][debug][gc,age         ] GC(1664) Desired survivor size 1114112 bytes, new threshold 1 (max threshold 15)
[15.521s][info ][gc,heap        ] GC(1664) DefNew: 19067K->1955K(19648K)
[15.521s][info ][gc,heap        ] GC(1664) Tenured: 19947K->19948K(43712K)
[15.521s][info ][gc,metaspace   ] GC(1664) Metaspace: 16404K->16404K(1064960K)
[15.521s][info ][gc             ] GC(1664) Pause Young (Allocation Failure) 38M->21M(61M) 0.535ms
[15.521s][info ][gc,cpu         ] GC(1664) User=0.00s Sys=0.00s Real=0.00s
[15.522s][info ][gc,start       ] GC(1665) Pause Young (Allocation Failure)
[15.522s][debug][gc,age         ] GC(1665) Desired survivor size 1114112 bytes, new threshold 1 (max threshold 15)
[15.522s][info ][gc,heap        ] GC(1665) DefNew: 19111K->1955K(19648K)
[15.522s][info ][gc,heap        ] GC(1665) Tenured: 19948K->20338K(43712K)
[15.522s][info ][gc,metaspace   ] GC(1665) Metaspace: 16404K->16404K(1064960K)
[15.522s][info ][gc             ] GC(1665) Pause Young (Allocation Failure) 38M->21M(61M) 0.559ms
[15.522s][info ][gc,cpu         ] GC(1665) User=0.00s Sys=0.00s Real=0.00s
[15.524s][info ][gc,start       ] GC(1666) Pause Young (Allocation Failure)
[15.524s][debug][gc,age         ] GC(1666) Desired survivor size 1114112 bytes, new threshold 1 (max threshold 15)
[15.524s][info ][gc,heap        ] GC(1666) DefNew: 19106K->1955K(19648K)
[15.524s][info ][gc,heap        ] GC(1666) Tenured: 20338K->21120K(43712K)
[15.524s][info ][gc,metaspace   ] GC(1666) Metaspace: 16404K->16404K(1064960K)
[15.524s][info ][gc             ] GC(1666) Pause Young (Allocation Failure) 38M->22M(61M) 0.611ms
[15.524s][info ][gc,cpu         ] GC(1666) User=0.00s Sys=0.00s Real=0.00s
[15.526s][info ][gc,start       ] GC(1667) Pause Young (Allocation Failure)
[15.526s][debug][gc,age         ] GC(1667) Desired survivor size 1114112 bytes, new threshold 1 (max threshold 15)
[15.526s][info ][gc,heap        ] GC(1667) DefNew: 19102K->1564K(19648K)
[15.526s][info ][gc,heap        ] GC(1667) Tenured: 21120K->21120K(43712K)
[15.526s][info ][gc,metaspace   ] GC(1667) Metaspace: 16404K->16404K(1064960K)
[15.526s][info ][gc             ] GC(1667) Pause Young (Allocation Failure) 39M->22M(61M) 0.475ms
[15.526s][info ][gc,cpu         ] GC(1667) User=0.00s Sys=0.00s Real=0.00s
[15.527s][info ][gc,start       ] GC(1668) Pause Young (Allocation Failure)
[15.528s][debug][gc,age         ] GC(1668) Desired survivor size 1114112 bytes, new threshold 1 (max threshold 15)
[15.528s][info ][gc,heap        ] GC(1668) DefNew: 18709K->1955K(19648K)
[15.528s][info ][gc,heap        ] GC(1668) Tenured: 21120K->22291K(43712K)
[15.528s][info ][gc,metaspace   ] GC(1668) Metaspace: 16404K->16404K(1064960K)
[15.528s][info ][gc             ] GC(1668) Pause Young (Allocation Failure) 38M->23M(61M) 0.750ms
[15.528s][info ][gc,cpu         ] GC(1668) User=0.00s Sys=0.00s Real=0.00s
[15.530s][info ][gc,start       ] GC(1669) Pause Young (Allocation Failure)
[15.531s][debug][gc,age         ] GC(1669) Desired survivor size 1114112 bytes, new threshold 1 (max threshold 15)
[15.531s][info ][gc,heap        ] GC(1669) DefNew: 19051K->1955K(19648K)
[15.531s][info ][gc,heap        ] GC(1669) Tenured: 22291K->23073K(43712K)
[15.531s][info ][gc,metaspace   ] GC(1669) Metaspace: 16404K->16404K(1064960K)
[15.531s][info ][gc             ] GC(1669) Pause Young (Allocation Failure) 40M->24M(61M) 0.921ms
[15.531s][info ][gc,cpu         ] GC(1669) User=0.00s Sys=0.00s Real=0.00s
[15.532s][info ][gc,start       ] GC(1670) Pause Young (Allocation Failure)
[15.532s][debug][gc,age         ] GC(1670) Desired survivor size 1114112 bytes, new threshold 1 (max threshold 15)
[15.533s][info ][gc,heap        ] GC(1670) DefNew: 19114K->1564K(19648K)
[15.533s][info ][gc,heap        ] GC(1670) Tenured: 23073K->23073K(43712K)
[15.533s][info ][gc,metaspace   ] GC(1670) Metaspace: 16404K->16404K(1064960K)
[15.533s][info ][gc             ] GC(1670) Pause Young (Allocation Failure) 41M->24M(61M) 0.561ms
[15.533s][info ][gc,cpu         ] GC(1670) User=0.00s Sys=0.00s Real=0.00s
[15.534s][info ][gc,start       ] GC(1671) Pause Young (Allocation Failure)
[15.535s][debug][gc,age         ] GC(1671) Desired survivor size 1114112 bytes, new threshold 1 (max threshold 15)
[15.535s][info ][gc,heap        ] GC(1671) DefNew: 18717K->1955K(19648K)
[15.535s][info ][gc,heap        ] GC(1671) Tenured: 23073K->23854K(43712K)
[15.535s][info ][gc,metaspace   ] GC(1671) Metaspace: 16404K->16404K(1064960K)
[15.535s][info ][gc             ] GC(1671) Pause Young (Allocation Failure) 40M->25M(61M) 0.784ms
[15.535s][info ][gc,cpu         ] GC(1671) User=0.00s Sys=0.00s Real=0.00s
[15.536s][info ][gc,start       ] GC(1672) Pause Young (Allocation Failure)
[15.537s][debug][gc,age         ] GC(1672) Desired survivor size 1114112 bytes, new threshold 1 (max threshold 15)
[15.537s][info ][gc,heap        ] GC(1672) DefNew: 19060K->1955K(19648K)
[15.537s][info ][gc,heap        ] GC(1672) Tenured: 23854K->25027K(43712K)
[15.537s][info ][gc,metaspace   ] GC(1672) Metaspace: 16404K->16404K(1064960K)
[15.537s][info ][gc             ] GC(1672) Pause Young (Allocation Failure) 41M->26M(61M) 0.721ms
[15.537s][info ][gc,cpu         ] GC(1672) User=0.00s Sys=0.00s Real=0.00s
[15.538s][info ][gc,start       ] GC(1673) Pause Young (Allocation Failure)
[15.539s][debug][gc,age         ] GC(1673) Desired survivor size 1114112 bytes, new threshold 1 (max threshold 15)
[15.539s][info ][gc,heap        ] GC(1673) DefNew: 19116K->1955K(19648K)
[15.539s][info ][gc,heap        ] GC(1673) Tenured: 25027K->25808K(43712K)
[15.539s][info ][gc,metaspace   ] GC(1673) Metaspace: 16404K->16404K(1064960K)
[15.539s][info ][gc             ] GC(1673) Pause Young (Allocation Failure) 43M->27M(61M) 0.595ms
[15.539s][info ][gc,cpu         ] GC(1673) User=0.00s Sys=0.00s Real=0.00s
[15.540s][info ][gc,start       ] GC(1674) Pause Young (Allocation Failure)
[15.540s][debug][gc,age         ] GC(1674) Desired survivor size 1114112 bytes, new threshold 1 (max threshold 15)
[15.540s][info ][gc,heap        ] GC(1674) DefNew: 19109K->1955K(19648K)
[15.540s][info ][gc,heap        ] GC(1674) Tenured: 25808K->26199K(43712K)
[15.540s][info ][gc,metaspace   ] GC(1674) Metaspace: 16404K->16404K(1064960K)
[15.541s][info ][gc             ] GC(1674) Pause Young (Allocation Failure) 43M->27M(61M) 0.562ms
[15.541s][info ][gc,cpu         ] GC(1674) User=0.00s Sys=0.00s Real=0.00s
[15.542s][info ][gc,start       ] GC(1675) Pause Young (Allocation Failure)
[15.542s][debug][gc,age         ] GC(1675) Desired survivor size 1114112 bytes, new threshold 1 (max threshold 15)
[15.542s][info ][gc,heap        ] GC(1675) DefNew: 19072K->1955K(19648K)
[15.542s][info ][gc,heap        ] GC(1675) Tenured: 26199K->26589K(43712K)
[15.542s][info ][gc,metaspace   ] GC(1675) Metaspace: 16404K->16404K(1064960K)
[15.542s][info ][gc             ] GC(1675) Pause Young (Allocation Failure) 44M->27M(61M) 0.654ms
[15.542s][info ][gc,cpu         ] GC(1675) User=0.00s Sys=0.00s Real=0.00s
[15.544s][info ][gc,start       ] GC(1676) Pause Young (Allocation Failure)
[15.544s][debug][gc,age         ] GC(1676) Desired survivor size 1114112 bytes, new threshold 1 (max threshold 15)
[15.544s][info ][gc,heap        ] GC(1676) DefNew: 19112K->1955K(19648K)
[15.544s][info ][gc,heap        ] GC(1676) Tenured: 26589K->26980K(43712K)
[15.544s][info ][gc,metaspace   ] GC(1676) Metaspace: 16404K->16404K(1064960K)
[15.544s][info ][gc             ] GC(1676) Pause Young (Allocation Failure) 44M->28M(61M) 0.695ms
[15.544s][info ][gc,cpu         ] GC(1676) User=0.00s Sys=0.00s Real=0.00s
[15.546s][info ][gc,start       ] GC(1677) Pause Young (Allocation Failure)
[15.546s][debug][gc,age         ] GC(1677) Desired survivor size 1114112 bytes, new threshold 1 (max threshold 15)
[15.547s][info ][gc,heap        ] GC(1677) DefNew: 19107K->1564K(19648K)
[15.547s][info ][gc,heap        ] GC(1677) Tenured: 26980K->26980K(43712K)
[15.547s][info ][gc,metaspace   ] GC(1677) Metaspace: 16404K->16404K(1064960K)
[15.547s][info ][gc             ] GC(1677) Pause Young (Allocation Failure) 45M->27M(61M) 0.627ms
[15.547s][info ][gc,cpu         ] GC(1677) User=0.00s Sys=0.00s Real=0.00s
[15.548s][info ][gc,start       ] GC(1678) Pause Young (Allocation Failure)
[15.548s][debug][gc,age         ] GC(1678) Desired survivor size 1114112 bytes, new threshold 1 (max threshold 15)
[15.548s][info ][gc,heap        ] GC(1678) DefNew: 18712K->1955K(19648K)
[15.548s][info ][gc,heap        ] GC(1678) Tenured: 26980K->27371K(43712K)
[15.548s][info ][gc,metaspace   ] GC(1678) Metaspace: 16404K->16404K(1064960K)
[15.548s][info ][gc             ] GC(1678) Pause Young (Allocation Failure) 44M->28M(61M) 0.561ms
[15.548s][info ][gc,cpu         ] GC(1678) User=0.00s Sys=0.00s Real=0.00s
[15.550s][info ][gc,start       ] GC(1679) Pause Young (Allocation Failure)
[15.550s][debug][gc,age         ] GC(1679) Desired survivor size 1114112 bytes, new threshold 1 (max threshold 15)
[15.550s][info ][gc,heap        ] GC(1679) DefNew: 19100K->1564K(19648K)
[15.550s][info ][gc,heap        ] GC(1679) Tenured: 27371K->27371K(43712K)
[15.550s][info ][gc,metaspace   ] GC(1679) Metaspace: 16404K->16404K(1064960K)
[15.550s][info ][gc             ] GC(1679) Pause Young (Allocation Failure) 45M->28M(61M) 0.648ms
[15.550s][info ][gc,cpu         ] GC(1679) User=0.00s Sys=0.00s Real=0.00s
[15.552s][info ][gc,start       ] GC(1680) Pause Young (Allocation Failure)
[15.552s][debug][gc,age         ] GC(1680) Desired survivor size 1114112 bytes, new threshold 1 (max threshold 15)
[15.552s][info ][gc,heap        ] GC(1680) DefNew: 18708K->1955K(19648K)
[15.552s][info ][gc,heap        ] GC(1680) Tenured: 27371K->27761K(43712K)
[15.552s][info ][gc,metaspace   ] GC(1680) Metaspace: 16404K->16404K(1064960K)
[15.552s][info ][gc             ] GC(1680) Pause Young (Allocation Failure) 44M->29M(61M) 0.676ms
[15.552s][info ][gc,cpu         ] GC(1680) User=0.00s Sys=0.00s Real=0.00s
[15.554s][info ][gc,start       ] GC(1681) Pause Young (Allocation Failure)
[15.554s][debug][gc,age         ] GC(1681) Desired survivor size 1114112 bytes, new threshold 1 (max threshold 15)
[15.554s][info ][gc,heap        ] GC(1681) DefNew: 19097K->1955K(19648K)
[15.554s][info ][gc,heap        ] GC(1681) Tenured: 27761K->28543K(43712K)
[15.554s][info ][gc,metaspace   ] GC(1681) Metaspace: 16404K->16404K(1064960K)
[15.554s][info ][gc             ] GC(1681) Pause Young (Allocation Failure) 45M->29M(61M) 0.625ms
[15.554s][info ][gc,cpu         ] GC(1681) User=0.00s Sys=0.00s Real=0.00s
[15.556s][info ][gc,start       ] GC(1682) Pause Young (Allocation Failure)
[15.556s][debug][gc,age         ] GC(1682) Desired survivor size 1114112 bytes, new threshold 1 (max threshold 15)
[15.556s][info ][gc,heap        ] GC(1682) DefNew: 19097K->1564K(19648K)
[15.556s][info ][gc,heap        ] GC(1682) Tenured: 28543K->28934K(43712K)
[15.556s][info ][gc,metaspace   ] GC(1682) Metaspace: 16404K->16404K(1064960K)
[15.556s][info ][gc             ] GC(1682) Pause Young (Allocation Failure) 46M->29M(61M) 0.574ms
[15.556s][info ][gc,cpu         ] GC(1682) User=0.00s Sys=0.00s Real=0.00s
[15.557s][info ][gc,start       ] GC(1683) Pause Young (Allocation Failure)
[15.558s][debug][gc,age         ] GC(1683) Desired survivor size 1114112 bytes, new threshold 1 (max threshold 15)
[15.558s][info ][gc,heap        ] GC(1683) DefNew: 18705K->1955K(19648K)
[15.558s][info ][gc,heap        ] GC(1683) Tenured: 28934K->29324K(43712K)
[15.558s][info ][gc,metaspace   ] GC(1683) Metaspace: 16404K->16404K(1064960K)
[15.558s][info ][gc             ] GC(1683) Pause Young (Allocation Failure) 46M->30M(61M) 0.591ms
[15.558s][info ][gc,cpu         ] GC(1683) User=0.00s Sys=0.00s Real=0.00s
[15.559s][info ][gc,start       ] GC(1684) Pause Young (Allocation Failure)
[15.560s][debug][gc,age         ] GC(1684) Desired survivor size 1114112 bytes, new threshold 1 (max threshold 15)
[15.560s][info ][gc,heap        ] GC(1684) DefNew: 19096K->1955K(19648K)
[15.560s][info ][gc,heap        ] GC(1684) Tenured: 29324K->30496K(43712K)
[15.560s][info ][gc,metaspace   ] GC(1684) Metaspace: 16404K->16404K(1064960K)
[15.560s][info ][gc             ] GC(1684) Pause Young (Allocation Failure) 47M->31M(61M) 0.708ms
[15.560s][info ][gc,cpu         ] GC(1684) User=0.00s Sys=0.00s Real=0.00s
[15.561s][info ][gc,start       ] GC(1685) Pause Young (Allocation Failure)
[15.562s][debug][gc,age         ] GC(1685) Desired survivor size 1114112 bytes, new threshold 1 (max threshold 15)
[15.562s][info ][gc,heap        ] GC(1685) DefNew: 19096K->1955K(19648K)
[15.562s][info ][gc,heap        ] GC(1685) Tenured: 30496K->31668K(43712K)
[15.562s][info ][gc,metaspace   ] GC(1685) Metaspace: 16404K->16404K(1064960K)
[15.562s][info ][gc             ] GC(1685) Pause Young (Allocation Failure) 48M->32M(61M) 1.034ms
[15.562s][info ][gc,cpu         ] GC(1685) User=0.00s Sys=0.00s Real=0.00s
[15.564s][info ][gc,start       ] GC(1686) Pause Young (Allocation Failure)
[15.564s][debug][gc,age         ] GC(1686) Desired survivor size 1114112 bytes, new threshold 1 (max threshold 15)
[15.565s][info ][gc,heap        ] GC(1686) DefNew: 19096K->1955K(19648K)
[15.565s][info ][gc,heap        ] GC(1686) Tenured: 31668K->32059K(43712K)
[15.565s][info ][gc,metaspace   ] GC(1686) Metaspace: 16404K->16404K(1064960K)
[15.565s][info ][gc             ] GC(1686) Pause Young (Allocation Failure) 49M->33M(61M) 0.670ms
[15.565s][info ][gc,cpu         ] GC(1686) User=0.00s Sys=0.00s Real=0.00s
[15.566s][info ][gc,start       ] GC(1687) Pause Young (Allocation Failure)
[15.566s][debug][gc,age         ] GC(1687) Desired survivor size 1114112 bytes, new threshold 1 (max threshold 15)
[15.566s][info ][gc,heap        ] GC(1687) DefNew: 19095K->1955K(19648K)
[15.566s][info ][gc,heap        ] GC(1687) Tenured: 32059K->32450K(43712K)
[15.566s][info ][gc,metaspace   ] GC(1687) Metaspace: 16404K->16404K(1064960K)
[15.566s][info ][gc             ] GC(1687) Pause Young (Allocation Failure) 49M->33M(61M) 0.560ms
[15.566s][info ][gc,cpu         ] GC(1687) User=0.01s Sys=0.00s Real=0.00s
[15.568s][info ][gc,start       ] GC(1688) Pause Young (Allocation Failure)
[15.568s][debug][gc,age         ] GC(1688) Desired survivor size 1114112 bytes, new threshold 1 (max threshold 15)
[15.568s][info ][gc,heap        ] GC(1688) DefNew: 19096K->1955K(19648K)
[15.568s][info ][gc,heap        ] GC(1688) Tenured: 32450K->32840K(43712K)
[15.568s][info ][gc,metaspace   ] GC(1688) Metaspace: 16404K->16404K(1064960K)
[15.568s][info ][gc             ] GC(1688) Pause Young (Allocation Failure) 50M->33M(61M) 0.618ms
[15.568s][info ][gc,cpu         ] GC(1688) User=0.00s Sys=0.00s Real=0.00s
[15.570s][info ][gc,start       ] GC(1689) Pause Young (Allocation Failure)
[15.570s][debug][gc,age         ] GC(1689) Desired survivor size 1114112 bytes, new threshold 1 (max threshold 15)
[15.570s][info ][gc,heap        ] GC(1689) DefNew: 19095K->1955K(19648K)
[15.570s][info ][gc,heap        ] GC(1689) Tenured: 32840K->33231K(43712K)
[15.570s][info ][gc,metaspace   ] GC(1689) Metaspace: 16404K->16404K(1064960K)
[15.570s][info ][gc             ] GC(1689) Pause Young (Allocation Failure) 50M->34M(61M) 0.734ms
[15.571s][info ][gc,cpu         ] GC(1689) User=0.00s Sys=0.00s Real=0.00s
[15.572s][info ][gc,start       ] GC(1690) Pause Young (Allocation Failure)
[15.572s][debug][gc,age         ] GC(1690) Desired survivor size 1114112 bytes, new threshold 1 (max threshold 15)
[15.572s][info ][gc,heap        ] GC(1690) DefNew: 19048K->1564K(19648K)
[15.572s][info ][gc,heap        ] GC(1690) Tenured: 33231K->33622K(43712K)
[15.572s][info ][gc,metaspace   ] GC(1690) Metaspace: 16404K->16404K(1064960K)
[15.572s][info ][gc             ] GC(1690) Pause Young (Allocation Failure) 51M->34M(61M) 0.575ms
[15.572s][info ][gc,cpu         ] GC(1690) User=0.00s Sys=0.00s Real=0.00s
[15.574s][info ][gc,start       ] GC(1691) Pause Young (Allocation Failure)
[15.574s][debug][gc,age         ] GC(1691) Desired survivor size 1114112 bytes, new threshold 1 (max threshold 15)
[15.574s][info ][gc,heap        ] GC(1691) DefNew: 18668K->1564K(19648K)
[15.574s][info ][gc,heap        ] GC(1691) Tenured: 33622K->33622K(43712K)
[15.574s][info ][gc,metaspace   ] GC(1691) Metaspace: 16404K->16404K(1064960K)
[15.574s][info ][gc             ] GC(1691) Pause Young (Allocation Failure) 51M->34M(61M) 0.577ms
[15.574s][info ][gc,cpu         ] GC(1691) User=0.00s Sys=0.00s Real=0.00s
[15.576s][info ][gc,start       ] GC(1692) Pause Young (Allocation Failure)
[15.576s][debug][gc,age         ] GC(1692) Desired survivor size 1114112 bytes, new threshold 1 (max threshold 15)
[15.576s][info ][gc,heap        ] GC(1692) DefNew: 18646K->1954K(19648K)
[15.576s][info ][gc,heap        ] GC(1692) Tenured: 33622K->34013K(43712K)
[15.576s][info ][gc,metaspace   ] GC(1692) Metaspace: 16404K->16404K(1064960K)
[15.576s][info ][gc             ] GC(1692) Pause Young (Allocation Failure) 51M->35M(61M) 0.557ms
[15.576s][info ][gc,cpu         ] GC(1692) User=0.01s Sys=0.00s Real=0.00s
[15.577s][info ][gc,start       ] GC(1693) Pause Young (Allocation Failure)
[15.578s][debug][gc,age         ] GC(1693) Desired survivor size 1114112 bytes, new threshold 1 (max threshold 15)
[15.578s][info ][gc,heap        ] GC(1693) DefNew: 19146K->1955K(19648K)
[15.578s][info ][gc,heap        ] GC(1693) Tenured: 34013K->34404K(43712K)
[15.578s][info ][gc,metaspace   ] GC(1693) Metaspace: 16404K->16404K(1064960K)
[15.578s][info ][gc             ] GC(1693) Pause Young (Allocation Failure) 51M->35M(61M) 0.747ms
[15.578s][info ][gc,cpu         ] GC(1693) User=0.00s Sys=0.00s Real=0.00s
[15.580s][info ][gc,start       ] GC(1694) Pause Young (Allocation Failure)
[15.581s][debug][gc,age         ] GC(1694) Desired survivor size 1114112 bytes, new threshold 1 (max threshold 15)
[15.581s][info ][gc,heap        ] GC(1694) DefNew: 19128K->1955K(19648K)
[15.581s][info ][gc,heap        ] GC(1694) Tenured: 34404K->35185K(43712K)
[15.581s][info ][gc,metaspace   ] GC(1694) Metaspace: 16404K->16404K(1064960K)
[15.581s][info ][gc             ] GC(1694) Pause Young (Allocation Failure) 52M->36M(61M) 0.676ms
[15.581s][info ][gc,cpu         ] GC(1694) User=0.00s Sys=0.00s Real=0.00s
[15.582s][info ][gc,start       ] GC(1695) Pause Young (Allocation Failure)
[15.582s][debug][gc,age         ] GC(1695) Desired survivor size 1114112 bytes, new threshold 1 (max threshold 15)
[15.582s][info ][gc,heap        ] GC(1695) DefNew: 19117K->1955K(19648K)
[15.582s][info ][gc,heap        ] GC(1695) Tenured: 35185K->35967K(43712K)
[15.582s][info ][gc,metaspace   ] GC(1695) Metaspace: 16404K->16404K(1064960K)
[15.582s][info ][gc             ] GC(1695) Pause Young (Allocation Failure) 53M->37M(61M) 0.633ms
[15.582s][info ][gc,cpu         ] GC(1695) User=0.00s Sys=0.00s Real=0.00s
[15.584s][info ][gc,start       ] GC(1696) Pause Young (Allocation Failure)
[15.584s][debug][gc,age         ] GC(1696) Desired survivor size 1114112 bytes, new threshold 1 (max threshold 15)
[15.584s][info ][gc,heap        ] GC(1696) DefNew: 19109K->1955K(19648K)
[15.584s][info ][gc,heap        ] GC(1696) Tenured: 35967K->36357K(43712K)
[15.584s][info ][gc,metaspace   ] GC(1696) Metaspace: 16404K->16404K(1064960K)
[15.585s][info ][gc             ] GC(1696) Pause Young (Allocation Failure) 53M->37M(61M) 0.732ms
[15.585s][info ][gc,cpu         ] GC(1696) User=0.00s Sys=0.00s Real=0.00s
[15.586s][info ][gc,start       ] GC(1697) Pause Young (Allocation Failure)
[15.586s][debug][gc,age         ] GC(1697) Desired survivor size 1114112 bytes, new threshold 1 (max threshold 15)
[15.586s][info ][gc,heap        ] GC(1697) DefNew: 19061K->1564K(19648K)
[15.586s][info ][gc,heap        ] GC(1697) Tenured: 36357K->36358K(43712K)
[15.586s][info ][gc,metaspace   ] GC(1697) Metaspace: 16404K->16404K(1064960K)
[15.586s][info ][gc             ] GC(1697) Pause Young (Allocation Failure) 54M->37M(61M) 0.589ms
[15.586s][info ][gc,cpu         ] GC(1697) User=0.00s Sys=0.00s Real=0.00s
[15.588s][info ][gc,start       ] GC(1698) Pause Young (Allocation Failure)
[15.588s][debug][gc,age         ] GC(1698) Desired survivor size 1114112 bytes, new threshold 1 (max threshold 15)
[15.588s][info ][gc,heap        ] GC(1698) DefNew: 18919K->1173K(19648K)
[15.588s][info ][gc,heap        ] GC(1698) Tenured: 36358K->36749K(43712K)
[15.588s][info ][gc,metaspace   ] GC(1698) Metaspace: 16404K->16404K(1064960K)
[15.588s][info ][gc             ] GC(1698) Pause Young (Allocation Failure) 53M->37M(61M) 0.602ms
[15.588s][info ][gc,cpu         ] GC(1698) User=0.00s Sys=0.00s Real=0.00s
[15.589s][info ][gc,start       ] GC(1699) Pause Young (Allocation Failure)
[15.590s][debug][gc,age         ] GC(1699) Desired survivor size 1114112 bytes, new threshold 1 (max threshold 15)
[15.590s][info ][gc,heap        ] GC(1699) DefNew: 18397K->1955K(19648K)
[15.590s][info ][gc,heap        ] GC(1699) Tenured: 36749K->37531K(43712K)
[15.590s][info ][gc,metaspace   ] GC(1699) Metaspace: 16404K->16404K(1064960K)
[15.590s][info ][gc             ] GC(1699) Pause Young (Allocation Failure) 53M->38M(61M) 0.666ms
[15.590s][info ][gc,cpu         ] GC(1699) User=0.00s Sys=0.00s Real=0.00s
[15.591s][info ][gc,start       ] GC(1700) Pause Young (Allocation Failure)
[15.592s][debug][gc,age         ] GC(1700) Desired survivor size 1114112 bytes, new threshold 1 (max threshold 15)
[15.592s][info ][gc,heap        ] GC(1700) DefNew: 19150K->1955K(19648K)
[15.592s][info ][gc,heap        ] GC(1700) Tenured: 37531K->37922K(43712K)
[15.592s][info ][gc,metaspace   ] GC(1700) Metaspace: 16404K->16404K(1064960K)
[15.592s][info ][gc             ] GC(1700) Pause Young (Allocation Failure) 55M->38M(61M) 0.571ms
[15.592s][info ][gc,cpu         ] GC(1700) User=0.00s Sys=0.00s Real=0.00s
[15.593s][info ][gc,start       ] GC(1701) Pause Young (Allocation Failure)
[15.594s][debug][gc,age         ] GC(1701) Desired survivor size 1114112 bytes, new threshold 1 (max threshold 15)
[15.594s][info ][gc,heap        ] GC(1701) DefNew: 19130K->1173K(19648K)
[15.594s][info ][gc,heap        ] GC(1701) Tenured: 37922K->38313K(43712K)
[15.594s][info ][gc,metaspace   ] GC(1701) Metaspace: 16404K->16404K(1064960K)
[15.594s][info ][gc             ] GC(1701) Pause Young (Allocation Failure) 55M->38M(61M) 0.491ms
[15.594s][info ][gc,cpu         ] GC(1701) User=0.00s Sys=0.00s Real=0.00s
[15.595s][info ][gc,start       ] GC(1702) Pause Young (Allocation Failure)
[15.596s][debug][gc,age         ] GC(1702) Desired survivor size 1114112 bytes, new threshold 1 (max threshold 15)
[15.596s][info ][gc,heap        ] GC(1702) DefNew: 18573K->1564K(19648K)
[15.596s][info ][gc,heap        ] GC(1702) Tenured: 38313K->38704K(43712K)
[15.596s][info ][gc,metaspace   ] GC(1702) Metaspace: 16404K->16404K(1064960K)
[15.596s][info ][gc             ] GC(1702) Pause Young (Allocation Failure) 55M->39M(61M) 0.840ms
[15.596s][info ][gc,cpu         ] GC(1702) User=0.00s Sys=0.00s Real=0.00s
[15.597s][info ][gc,start       ] GC(1703) Pause Young (Allocation Failure)
[15.598s][debug][gc,age         ] GC(1703) Desired survivor size 1114112 bytes, new threshold 1 (max threshold 15)
[15.598s][info ][gc,heap        ] GC(1703) DefNew: 18773K->1955K(19648K)
[15.598s][info ][gc,heap        ] GC(1703) Tenured: 38704K->39486K(43712K)
[15.598s][info ][gc,metaspace   ] GC(1703) Metaspace: 16404K->16404K(1064960K)
[15.598s][info ][gc             ] GC(1703) Pause Young (Allocation Failure) 56M->40M(61M) 0.616ms
[15.598s][info ][gc,cpu         ] GC(1703) User=0.00s Sys=0.00s Real=0.00s
[15.599s][info ][gc,start       ] GC(1704) Pause Young (Allocation Failure)
[15.599s][debug][gc,age         ] GC(1704) Desired survivor size 1114112 bytes, new threshold 1 (max threshold 15)
[15.600s][info ][gc,heap        ] GC(1704) DefNew: 19140K->1173K(19648K)
[15.600s][info ][gc,heap        ] GC(1704) Tenured: 39486K->39486K(43712K)
[15.600s][info ][gc,metaspace   ] GC(1704) Metaspace: 16404K->16404K(1064960K)
[15.600s][info ][gc             ] GC(1704) Pause Young (Allocation Failure) 57M->39M(61M) 0.456ms
[15.600s][info ][gc,cpu         ] GC(1704) User=0.00s Sys=0.00s Real=0.01s
[15.601s][info ][gc,start       ] GC(1705) Pause Young (Allocation Failure)
[15.601s][debug][gc,age         ] GC(1705) Desired survivor size 1114112 bytes, new threshold 1 (max threshold 15)
[15.601s][info ][gc,heap        ] GC(1705) DefNew: 18343K->1564K(19648K)
[15.601s][info ][gc,heap        ] GC(1705) Tenured: 39486K->39486K(43712K)
[15.601s][info ][gc,metaspace   ] GC(1705) Metaspace: 16404K->16404K(1064960K)
[15.601s][info ][gc             ] GC(1705) Pause Young (Allocation Failure) 56M->40M(61M) 0.466ms
[15.601s][info ][gc,cpu         ] GC(1705) User=0.01s Sys=0.00s Real=0.00s
[15.603s][info ][gc,start       ] GC(1706) Pause Young (Allocation Failure)
[15.603s][debug][gc,age         ] GC(1706) Desired survivor size 1114112 bytes, new threshold 1 (max threshold 15)
[15.603s][info ][gc,heap        ] GC(1706) DefNew: 18723K->1955K(19648K)
[15.603s][info ][gc,heap        ] GC(1706) Tenured: 39486K->39486K(43712K)
[15.603s][info ][gc,metaspace   ] GC(1706) Metaspace: 16404K->16404K(1064960K)
[15.603s][info ][gc             ] GC(1706) Pause Young (Allocation Failure) 56M->40M(61M) 0.545ms
[15.603s][info ][gc,cpu         ] GC(1706) User=0.00s Sys=0.00s Real=0.00s
[15.605s][info ][gc,start       ] GC(1707) Pause Young (Allocation Failure)
[15.605s][debug][gc,age         ] GC(1707) Desired survivor size 1114112 bytes, new threshold 1 (max threshold 15)
[15.605s][info ][gc,heap        ] GC(1707) DefNew: 19064K->1955K(19648K)
[15.605s][info ][gc,heap        ] GC(1707) Tenured: 39486K->39877K(43712K)
[15.605s][info ][gc,metaspace   ] GC(1707) Metaspace: 16404K->16404K(1064960K)
[15.605s][info ][gc             ] GC(1707) Pause Young (Allocation Failure) 57M->40M(61M) 0.568ms
[15.605s][info ][gc,cpu         ] GC(1707) User=0.00s Sys=0.00s Real=0.00s
[15.607s][info ][gc,start       ] GC(1708) Pause Young (Allocation Failure)
[15.607s][debug][gc,age         ] GC(1708) Desired survivor size 1114112 bytes, new threshold 1 (max threshold 15)
[15.607s][info ][gc,heap        ] GC(1708) DefNew: 19072K->1173K(19648K)
[15.607s][info ][gc,heap        ] GC(1708) Tenured: 39877K->39877K(43712K)
[15.607s][info ][gc,metaspace   ] GC(1708) Metaspace: 16404K->16404K(1064960K)
[15.607s][info ][gc             ] GC(1708) Pause Young (Allocation Failure) 57M->40M(61M) 0.470ms
[15.607s][info ][gc,cpu         ] GC(1708) User=0.00s Sys=0.00s Real=0.00s
[15.609s][info ][gc,start       ] GC(1709) Pause Young (Allocation Failure)
[15.609s][debug][gc,age         ] GC(1709) Desired survivor size 1114112 bytes, new threshold 1 (max threshold 15)
[15.609s][info ][gc,heap        ] GC(1709) DefNew: 18645K->1954K(19648K)
[15.609s][info ][gc,heap        ] GC(1709) Tenured: 39877K->41050K(43712K)
[15.609s][info ][gc,metaspace   ] GC(1709) Metaspace: 16404K->16404K(1064960K)
[15.609s][info ][gc             ] GC(1709) Pause Young (Allocation Failure) 57M->41M(61M) 0.812ms
[15.609s][info ][gc,cpu         ] GC(1709) User=0.01s Sys=0.00s Real=0.01s
[15.611s][info ][gc,start       ] GC(1710) Pause Young (Allocation Failure)
[15.611s][debug][gc,age         ] GC(1710) Desired survivor size 1114112 bytes, new threshold 1 (max threshold 15)
[15.611s][info ][gc,heap        ] GC(1710) DefNew: 19426K->1563K(19648K)
[15.611s][info ][gc,heap        ] GC(1710) Tenured: 41050K->41832K(43712K)
[15.611s][info ][gc,metaspace   ] GC(1710) Metaspace: 16404K->16404K(1064960K)
[15.611s][info ][gc             ] GC(1710) Pause Young (Allocation Failure) 59M->42M(61M) 0.633ms
[15.611s][info ][gc,cpu         ] GC(1710) User=0.00s Sys=0.00s Real=0.00s
[15.613s][info ][gc,start       ] GC(1711) Pause Young (Allocation Failure)
[15.614s][debug][gc,age         ] GC(1711) Desired survivor size 1114112 bytes, new threshold 1 (max threshold 15)
[15.614s][info ][gc,heap        ] GC(1711) DefNew: 18759K->1955K(19648K)
[15.614s][info ][gc,heap        ] GC(1711) Tenured: 41832K->42223K(43712K)
[15.614s][info ][gc,metaspace   ] GC(1711) Metaspace: 16404K->16404K(1064960K)
[15.614s][info ][gc             ] GC(1711) Pause Young (Allocation Failure) 59M->43M(61M) 1.018ms
[15.614s][info ][gc,cpu         ] GC(1711) User=0.00s Sys=0.00s Real=0.00s
[15.615s][info ][gc,start       ] GC(1712) Pause Young (Allocation Failure)
[15.616s][debug][gc,age         ] GC(1712) Desired survivor size 1114112 bytes, new threshold 1 (max threshold 15)
[15.616s][info ][gc,heap        ] GC(1712) DefNew: 19427K->1563K(19648K)
[15.616s][info ][gc,heap        ] GC(1712) Tenured: 42223K->43005K(43712K)
[15.616s][info ][gc,metaspace   ] GC(1712) Metaspace: 16404K->16404K(1064960K)
[15.616s][info ][gc             ] GC(1712) Pause Young (Allocation Failure) 60M->43M(61M) 0.729ms
[15.616s][info ][gc,cpu         ] GC(1712) User=0.00s Sys=0.00s Real=0.00s
[15.618s][info ][gc,start       ] GC(1713) Pause Young (Allocation Failure)
[15.618s][info ][gc,start       ] GC(1714) Pause Full (Allocation Failure)
[15.618s][info ][gc,phases,start] GC(1714) Phase 1: Mark live objects
[15.621s][debug][gc,phases      ] GC(1714) Reference Processing 0.048ms
[15.621s][debug][gc,phases      ] GC(1714) Weak Processing 0.016ms
[15.621s][debug][gc,phases      ] GC(1714) ClassLoaderData 0.032ms
[15.622s][debug][gc,phases      ] GC(1714) ProtectionDomainCacheTable 0.002ms
[15.622s][debug][gc,phases      ] GC(1714) ResolvedMethodTable 0.015ms
[15.622s][debug][gc,phases      ] GC(1714) Class Unloading 0.767ms
[15.622s][debug][gc,phases      ] GC(1714) Scrub String Table 0.058ms
[15.623s][debug][gc,phases      ] GC(1714) Scrub Symbol Table 0.987ms
[15.623s][info ][gc,phases      ] GC(1714) Phase 1: Mark live objects 5.380ms
[15.623s][info ][gc,phases,start] GC(1714) Phase 2: Compute new object addresses
[15.624s][info ][gc,phases      ] GC(1714) Phase 2: Compute new object addresses 0.915ms
[15.624s][info ][gc,phases,start] GC(1714) Phase 3: Adjust pointers
[15.628s][info ][gc,phases      ] GC(1714) Phase 3: Adjust pointers 3.744ms
[15.628s][info ][gc,phases,start] GC(1714) Phase 4: Move objects
[15.628s][info ][gc,phases      ] GC(1714) Phase 4: Move objects 0.464ms
[15.629s][info ][gc             ] GC(1714) Pause Full (Allocation Failure) 60M->5M(61M) 10.858ms
[15.629s][info ][gc,heap        ] GC(1713) DefNew: 18709K->0K(19648K)
[15.629s][info ][gc,heap        ] GC(1713) Tenured: 43005K->5880K(43712K)
[15.629s][info ][gc,metaspace   ] GC(1713) Metaspace: 16404K->16404K(1064960K)
[15.629s][info ][gc             ] GC(1713) Pause Young (Allocation Failure) 60M->5M(61M) 11.022ms
[15.629s][info ][gc,cpu         ] GC(1713) User=0.01s Sys=0.00s Real=0.01s
[15.630s][info ][gc,start       ] GC(1715) Pause Young (Allocation Failure)
[15.630s][debug][gc,age         ] GC(1715) Desired survivor size 1114112 bytes, new threshold 1 (max threshold 15)
[15.631s][info ][gc,heap        ] GC(1715) DefNew: 17192K->1955K(19648K)
[15.631s][info ][gc,heap        ] GC(1715) Tenured: 5880K->5880K(43712K)
[15.631s][info ][gc,metaspace   ] GC(1715) Metaspace: 16404K->16404K(1064960K)
[15.631s][info ][gc             ] GC(1715) Pause Young (Allocation Failure) 22M->7M(61M) 0.519ms
[15.631s][info ][gc,cpu         ] GC(1715) User=0.00s Sys=0.00s Real=0.00s
[15.632s][info ][gc,start       ] GC(1716) Pause Young (Allocation Failure)
[15.633s][debug][gc,age         ] GC(1716) Desired survivor size 1114112 bytes, new threshold 1 (max threshold 15)
[15.633s][info ][gc,heap        ] GC(1716) DefNew: 19129K->1564K(19648K)
[15.633s][info ][gc,heap        ] GC(1716) Tenured: 5880K->5881K(43712K)
[15.633s][info ][gc,metaspace   ] GC(1716) Metaspace: 16404K->16404K(1064960K)
[15.633s][info ][gc             ] GC(1716) Pause Young (Allocation Failure) 24M->7M(61M) 0.742ms
[15.633s][info ][gc,cpu         ] GC(1716) User=0.00s Sys=0.00s Real=0.00s
[15.634s][info ][gc,start       ] GC(1717) Pause Young (Allocation Failure)
[15.635s][debug][gc,age         ] GC(1717) Desired survivor size 1114112 bytes, new threshold 1 (max threshold 15)
[15.635s][info ][gc,heap        ] GC(1717) DefNew: 18727K->1955K(19648K)
[15.635s][info ][gc,heap        ] GC(1717) Tenured: 5881K->7053K(43712K)
[15.635s][info ][gc,metaspace   ] GC(1717) Metaspace: 16404K->16404K(1064960K)
[15.635s][info ][gc             ] GC(1717) Pause Young (Allocation Failure) 24M->8M(61M) 0.990ms
[15.635s][info ][gc,cpu         ] GC(1717) User=0.00s Sys=0.00s Real=0.00s
[15.637s][info ][gc,start       ] GC(1718) Pause Young (Allocation Failure)
[15.637s][debug][gc,age         ] GC(1718) Desired survivor size 1114112 bytes, new threshold 1 (max threshold 15)
[15.637s][info ][gc,heap        ] GC(1718) DefNew: 19427K->1954K(19648K)
[15.637s][info ][gc,heap        ] GC(1718) Tenured: 7053K->7835K(43712K)
[15.637s][info ][gc,metaspace   ] GC(1718) Metaspace: 16404K->16404K(1064960K)
[15.637s][info ][gc             ] GC(1718) Pause Young (Allocation Failure) 25M->9M(61M) 0.611ms
[15.637s][info ][gc,cpu         ] GC(1718) User=0.00s Sys=0.00s Real=0.00s
[15.639s][info ][gc,start       ] GC(1719) Pause Young (Allocation Failure)
[15.639s][debug][gc,age         ] GC(1719) Desired survivor size 1114112 bytes, new threshold 1 (max threshold 15)
[15.639s][info ][gc,heap        ] GC(1719) DefNew: 19119K->1955K(19648K)
[15.639s][info ][gc,heap        ] GC(1719) Tenured: 7835K->8226K(43712K)
[15.639s][info ][gc,metaspace   ] GC(1719) Metaspace: 16404K->16404K(1064960K)
[15.639s][info ][gc             ] GC(1719) Pause Young (Allocation Failure) 26M->9M(61M) 0.668ms
[15.640s][info ][gc,cpu         ] GC(1719) User=0.00s Sys=0.00s Real=0.01s
[15.641s][info ][gc,start       ] GC(1720) Pause Young (Allocation Failure)
[15.641s][debug][gc,age         ] GC(1720) Desired survivor size 1114112 bytes, new threshold 1 (max threshold 15)
[15.641s][info ][gc,heap        ] GC(1720) DefNew: 19080K->1955K(19648K)
[15.641s][info ][gc,heap        ] GC(1720) Tenured: 8226K->9008K(43712K)
[15.641s][info ][gc,metaspace   ] GC(1720) Metaspace: 16404K->16404K(1064960K)
[15.641s][info ][gc             ] GC(1720) Pause Young (Allocation Failure) 26M->10M(61M) 0.590ms
[15.641s][info ][gc,cpu         ] GC(1720) User=0.00s Sys=0.00s Real=0.00s
[15.643s][info ][gc,start       ] GC(1721) Pause Young (Allocation Failure)
[15.643s][debug][gc,age         ] GC(1721) Desired survivor size 1114112 bytes, new threshold 1 (max threshold 15)
[15.643s][info ][gc,heap        ] GC(1721) DefNew: 19114K->1564K(19648K)
[15.643s][info ][gc,heap        ] GC(1721) Tenured: 9008K->9008K(43712K)
[15.643s][info ][gc,metaspace   ] GC(1721) Metaspace: 16404K->16404K(1064960K)
[15.643s][info ][gc             ] GC(1721) Pause Young (Allocation Failure) 27M->10M(61M) 0.580ms
[15.643s][info ][gc,cpu         ] GC(1721) User=0.00s Sys=0.00s Real=0.00s
[15.645s][info ][gc,start       ] GC(1722) Pause Young (Allocation Failure)
[15.645s][debug][gc,age         ] GC(1722) Desired survivor size 1114112 bytes, new threshold 1 (max threshold 15)
[15.645s][info ][gc,heap        ] GC(1722) DefNew: 18675K->1564K(19648K)
[15.645s][info ][gc,heap        ] GC(1722) Tenured: 9008K->9008K(43712K)
[15.645s][info ][gc,metaspace   ] GC(1722) Metaspace: 16404K->16404K(1064960K)
[15.645s][info ][gc             ] GC(1722) Pause Young (Allocation Failure) 27M->10M(61M) 0.761ms
[15.645s][info ][gc,cpu         ] GC(1722) User=0.00s Sys=0.00s Real=0.00s
[15.647s][info ][gc,start       ] GC(1723) Pause Young (Allocation Failure)
[15.647s][debug][gc,age         ] GC(1723) Desired survivor size 1114112 bytes, new threshold 1 (max threshold 15)
[15.647s][info ][gc,heap        ] GC(1723) DefNew: 18686K->1955K(19648K)
[15.647s][info ][gc,heap        ] GC(1723) Tenured: 9008K->9399K(43712K)
[15.647s][info ][gc,metaspace   ] GC(1723) Metaspace: 16404K->16404K(1064960K)
[15.648s][info ][gc             ] GC(1723) Pause Young (Allocation Failure) 27M->11M(61M) 0.746ms
[15.648s][info ][gc,cpu         ] GC(1723) User=0.01s Sys=0.00s Real=0.00s
[15.649s][info ][gc,start       ] GC(1724) Pause Young (Allocation Failure)
[15.650s][debug][gc,age         ] GC(1724) Desired survivor size 1114112 bytes, new threshold 1 (max threshold 15)
[15.650s][info ][gc,heap        ] GC(1724) DefNew: 19071K->1564K(19648K)
[15.650s][info ][gc,heap        ] GC(1724) Tenured: 9399K->9790K(43712K)
[15.650s][info ][gc,metaspace   ] GC(1724) Metaspace: 16404K->16404K(1064960K)
[15.650s][info ][gc             ] GC(1724) Pause Young (Allocation Failure) 27M->11M(61M) 0.635ms
[15.650s][info ][gc,cpu         ] GC(1724) User=0.00s Sys=0.00s Real=0.01s
[15.651s][info ][gc,start       ] GC(1725) Pause Young (Allocation Failure)
[15.652s][debug][gc,age         ] GC(1725) Desired survivor size 1114112 bytes, new threshold 1 (max threshold 15)
[15.652s][info ][gc,heap        ] GC(1725) DefNew: 19036K->1954K(19648K)
[15.652s][info ][gc,heap        ] GC(1725) Tenured: 9790K->9791K(43712K)
[15.652s][info ][gc,metaspace   ] GC(1725) Metaspace: 16404K->16404K(1064960K)
[15.652s][info ][gc             ] GC(1725) Pause Young (Allocation Failure) 28M->11M(61M) 0.855ms
[15.652s][info ][gc,cpu         ] GC(1725) User=0.00s Sys=0.01s Real=0.00s
[15.653s][info ][gc,start       ] GC(1726) Pause Young (Allocation Failure)
[15.654s][debug][gc,age         ] GC(1726) Desired survivor size 1114112 bytes, new threshold 1 (max threshold 15)
[15.654s][info ][gc,heap        ] GC(1726) DefNew: 19152K->1955K(19648K)
[15.654s][info ][gc,heap        ] GC(1726) Tenured: 9791K->10963K(43712K)
[15.654s][info ][gc,metaspace   ] GC(1726) Metaspace: 16404K->16404K(1064960K)
[15.654s][info ][gc             ] GC(1726) Pause Young (Allocation Failure) 28M->12M(61M) 0.787ms
[15.654s][info ][gc,cpu         ] GC(1726) User=0.00s Sys=0.00s Real=0.00s
[15.656s][info ][gc,start       ] GC(1727) Pause Young (Allocation Failure)
[15.656s][debug][gc,age         ] GC(1727) Desired survivor size 1114112 bytes, new threshold 1 (max threshold 15)
[15.656s][info ][gc,heap        ] GC(1727) DefNew: 19132K->1955K(19648K)
[15.656s][info ][gc,heap        ] GC(1727) Tenured: 10963K->12135K(43712K)
[15.656s][info ][gc,metaspace   ] GC(1727) Metaspace: 16404K->16404K(1064960K)
[15.656s][info ][gc             ] GC(1727) Pause Young (Allocation Failure) 29M->13M(61M) 0.710ms
[15.656s][info ][gc,cpu         ] GC(1727) User=0.00s Sys=0.00s Real=0.00s
[15.658s][info ][gc,start       ] GC(1728) Pause Young (Allocation Failure)
[15.658s][debug][gc,age         ] GC(1728) Desired survivor size 1114112 bytes, new threshold 1 (max threshold 15)
[15.658s][info ][gc,heap        ] GC(1728) DefNew: 19119K->1955K(19648K)
[15.658s][info ][gc,heap        ] GC(1728) Tenured: 12135K->12526K(43712K)
[15.658s][info ][gc,metaspace   ] GC(1728) Metaspace: 16404K->16404K(1064960K)
[15.658s][info ][gc             ] GC(1728) Pause Young (Allocation Failure) 30M->14M(61M) 0.597ms
[15.658s][info ][gc,cpu         ] GC(1728) User=0.00s Sys=0.00s Real=0.00s
[15.660s][info ][gc,start       ] GC(1729) Pause Young (Allocation Failure)
[15.660s][debug][gc,age         ] GC(1729) Desired survivor size 1114112 bytes, new threshold 1 (max threshold 15)
[15.660s][info ][gc,heap        ] GC(1729) DefNew: 19111K->1564K(19648K)
[15.660s][info ][gc,heap        ] GC(1729) Tenured: 12526K->12526K(43712K)
[15.660s][info ][gc,metaspace   ] GC(1729) Metaspace: 16404K->16404K(1064960K)
[15.660s][info ][gc             ] GC(1729) Pause Young (Allocation Failure) 30M->13M(61M) 0.566ms
[15.660s][info ][gc,cpu         ] GC(1729) User=0.00s Sys=0.00s Real=0.00s
[15.661s][info ][gc,start       ] GC(1730) Pause Young (Allocation Failure)
[15.662s][debug][gc,age         ] GC(1730) Desired survivor size 1114112 bytes, new threshold 1 (max threshold 15)
[15.662s][info ][gc,heap        ] GC(1730) DefNew: 18714K->1955K(19648K)
[15.662s][info ][gc,heap        ] GC(1730) Tenured: 12526K->12916K(43712K)
[15.662s][info ][gc,metaspace   ] GC(1730) Metaspace: 16404K->16404K(1064960K)
[15.662s][info ][gc             ] GC(1730) Pause Young (Allocation Failure) 30M->14M(61M) 0.835ms
[15.662s][info ][gc,cpu         ] GC(1730) User=0.00s Sys=0.00s Real=0.00s
[15.664s][info ][gc,start       ] GC(1731) Pause Young (Allocation Failure)
[15.664s][debug][gc,age         ] GC(1731) Desired survivor size 1114112 bytes, new threshold 1 (max threshold 15)
[15.664s][info ][gc,heap        ] GC(1731) DefNew: 19102K->1955K(19648K)
[15.664s][info ][gc,heap        ] GC(1731) Tenured: 12916K->13307K(43712K)
[15.664s][info ][gc,metaspace   ] GC(1731) Metaspace: 16404K->16404K(1064960K)
[15.664s][info ][gc             ] GC(1731) Pause Young (Allocation Failure) 31M->14M(61M) 0.592ms
[15.664s][info ][gc,cpu         ] GC(1731) User=0.00s Sys=0.00s Real=0.00s
[15.665s][info ][gc,start       ] GC(1732) Pause Young (Allocation Failure)
[15.666s][debug][gc,age         ] GC(1732) Desired survivor size 1114112 bytes, new threshold 1 (max threshold 15)
[15.666s][info ][gc,heap        ] GC(1732) DefNew: 19099K->1955K(19648K)
[15.666s][info ][gc,heap        ] GC(1732) Tenured: 13307K->14088K(43712K)
[15.666s][info ][gc,metaspace   ] GC(1732) Metaspace: 16404K->16404K(1064960K)
[15.666s][info ][gc             ] GC(1732) Pause Young (Allocation Failure) 31M->15M(61M) 0.690ms
[15.666s][info ][gc,cpu         ] GC(1732) User=0.00s Sys=0.00s Real=0.00s
[15.667s][info ][gc,start       ] GC(1733) Pause Young (Allocation Failure)
[15.668s][debug][gc,age         ] GC(1733) Desired survivor size 1114112 bytes, new threshold 1 (max threshold 15)
[15.668s][info ][gc,heap        ] GC(1733) DefNew: 19098K->1955K(19648K)
[15.668s][info ][gc,heap        ] GC(1733) Tenured: 14088K->14870K(43712K)
[15.668s][info ][gc,metaspace   ] GC(1733) Metaspace: 16404K->16404K(1064960K)
[15.668s][info ][gc             ] GC(1733) Pause Young (Allocation Failure) 32M->16M(61M) 0.696ms
[15.668s][info ][gc,cpu         ] GC(1733) User=0.00s Sys=0.00s Real=0.00s
[15.670s][info ][gc,start       ] GC(1734) Pause Young (Allocation Failure)
[15.670s][debug][gc,age         ] GC(1734) Desired survivor size 1114112 bytes, new threshold 1 (max threshold 15)
[15.670s][info ][gc,heap        ] GC(1734) DefNew: 19097K->1955K(19648K)
[15.670s][info ][gc,heap        ] GC(1734) Tenured: 14870K->15651K(43712K)
[15.670s][info ][gc,metaspace   ] GC(1734) Metaspace: 16404K->16404K(1064960K)
[15.670s][info ][gc             ] GC(1734) Pause Young (Allocation Failure) 33M->17M(61M) 0.781ms
[15.670s][info ][gc,cpu         ] GC(1734) User=0.00s Sys=0.00s Real=0.00s
[15.672s][info ][gc,start       ] GC(1735) Pause Young (Allocation Failure)
[15.672s][debug][gc,age         ] GC(1735) Desired survivor size 1114112 bytes, new threshold 1 (max threshold 15)
[15.672s][info ][gc,heap        ] GC(1735) DefNew: 19096K->1955K(19648K)
[15.672s][info ][gc,heap        ] GC(1735) Tenured: 15651K->16823K(43712K)
[15.673s][info ][gc,metaspace   ] GC(1735) Metaspace: 16404K->16404K(1064960K)
[15.673s][info ][gc             ] GC(1735) Pause Young (Allocation Failure) 33M->18M(61M) 0.736ms
[15.673s][info ][gc,cpu         ] GC(1735) User=0.00s Sys=0.00s Real=0.00s
[15.674s][info ][gc,start       ] GC(1736) Pause Young (Allocation Failure)
[15.674s][debug][gc,age         ] GC(1736) Desired survivor size 1114112 bytes, new threshold 15 (max threshold 15)
[15.674s][info ][gc,heap        ] GC(1736) DefNew: 19365K->782K(19648K)
[15.674s][info ][gc,heap        ] GC(1736) Tenured: 16823K->17606K(43712K)
[15.674s][info ][gc,metaspace   ] GC(1736) Metaspace: 16404K->16404K(1064960K)
[15.674s][info ][gc             ] GC(1736) Pause Young (Allocation Failure) 35M->17M(61M) 0.571ms
[15.674s][info ][gc,cpu         ] GC(1736) User=0.00s Sys=0.00s Real=0.00s
[15.676s][info ][gc,start       ] GC(1737) Pause Young (Allocation Failure)
[15.676s][debug][gc,age         ] GC(1737) Desired survivor size 1114112 bytes, new threshold 1 (max threshold 15)
[15.676s][info ][gc,heap        ] GC(1737) DefNew: 17966K->1955K(19648K)
[15.676s][info ][gc,heap        ] GC(1737) Tenured: 17606K->17606K(43712K)
[15.676s][info ][gc,metaspace   ] GC(1737) Metaspace: 16404K->16404K(1064960K)
[15.676s][info ][gc             ] GC(1737) Pause Young (Allocation Failure) 34M->19M(61M) 0.524ms
[15.676s][info ][gc,cpu         ] GC(1737) User=0.00s Sys=0.00s Real=0.00s
[15.678s][info ][gc,start       ] GC(1738) Pause Young (Allocation Failure)
[15.678s][debug][gc,age         ] GC(1738) Desired survivor size 1114112 bytes, new threshold 1 (max threshold 15)
[15.678s][info ][gc,heap        ] GC(1738) DefNew: 19124K->1955K(19648K)
[15.678s][info ][gc,heap        ] GC(1738) Tenured: 17606K->17606K(43712K)
[15.678s][info ][gc,metaspace   ] GC(1738) Metaspace: 16404K->16404K(1064960K)
[15.678s][info ][gc             ] GC(1738) Pause Young (Allocation Failure) 35M->19M(61M) 0.525ms
[15.678s][info ][gc,cpu         ] GC(1738) User=0.00s Sys=0.00s Real=0.00s
[15.680s][info ][gc,start       ] GC(1739) Pause Young (Allocation Failure)
[15.680s][debug][gc,age         ] GC(1739) Desired survivor size 1114112 bytes, new threshold 1 (max threshold 15)
[15.680s][info ][gc,heap        ] GC(1739) DefNew: 19066K->1955K(19648K)
[15.680s][info ][gc,heap        ] GC(1739) Tenured: 17606K->17997K(43712K)
[15.680s][info ][gc,metaspace   ] GC(1739) Metaspace: 16404K->16404K(1064960K)
[15.680s][info ][gc             ] GC(1739) Pause Young (Allocation Failure) 35M->19M(61M) 0.671ms
[15.680s][info ][gc,cpu         ] GC(1739) User=0.00s Sys=0.00s Real=0.00s
[15.682s][info ][gc,start       ] GC(1740) Pause Young (Allocation Failure)
[15.682s][debug][gc,age         ] GC(1740) Desired survivor size 1114112 bytes, new threshold 1 (max threshold 15)
[15.682s][info ][gc,heap        ] GC(1740) DefNew: 19124K->1955K(19648K)
[15.682s][info ][gc,heap        ] GC(1740) Tenured: 17997K->18778K(43712K)
[15.682s][info ][gc,metaspace   ] GC(1740) Metaspace: 16404K->16404K(1064960K)
[15.682s][info ][gc             ] GC(1740) Pause Young (Allocation Failure) 36M->20M(61M) 0.582ms
[15.682s][info ][gc,cpu         ] GC(1740) User=0.01s Sys=0.00s Real=0.00s
[15.684s][info ][gc,start       ] GC(1741) Pause Young (Allocation Failure)
[15.684s][debug][gc,age         ] GC(1741) Desired survivor size 1114112 bytes, new threshold 1 (max threshold 15)
[15.684s][info ][gc,heap        ] GC(1741) DefNew: 19114K->1955K(19648K)
[15.684s][info ][gc,heap        ] GC(1741) Tenured: 18778K->18778K(43712K)
[15.684s][info ][gc,metaspace   ] GC(1741) Metaspace: 16404K->16404K(1064960K)
[15.684s][info ][gc             ] GC(1741) Pause Young (Allocation Failure) 37M->20M(61M) 0.682ms
[15.684s][info ][gc,cpu         ] GC(1741) User=0.00s Sys=0.00s Real=0.00s
[15.686s][info ][gc,start       ] GC(1742) Pause Young (Allocation Failure)
[15.686s][debug][gc,age         ] GC(1742) Desired survivor size 1114112 bytes, new threshold 1 (max threshold 15)
[15.686s][info ][gc,heap        ] GC(1742) DefNew: 19107K->1564K(19648K)
[15.686s][info ][gc,heap        ] GC(1742) Tenured: 18778K->19169K(43712K)
[15.686s][info ][gc,metaspace   ] GC(1742) Metaspace: 16404K->16404K(1064960K)
[15.686s][info ][gc             ] GC(1742) Pause Young (Allocation Failure) 36M->20M(61M) 0.688ms
[15.686s][info ][gc,cpu         ] GC(1742) User=0.00s Sys=0.00s Real=0.00s
[15.688s][info ][gc,start       ] GC(1743) Pause Young (Allocation Failure)
[15.688s][debug][gc,age         ] GC(1743) Desired survivor size 1114112 bytes, new threshold 1 (max threshold 15)
[15.688s][info ][gc,heap        ] GC(1743) DefNew: 18938K->1172K(19648K)
[15.689s][info ][gc,heap        ] GC(1743) Tenured: 19169K->19951K(43712K)
[15.689s][info ][gc,metaspace   ] GC(1743) Metaspace: 16404K->16404K(1064960K)
[15.689s][info ][gc             ] GC(1743) Pause Young (Allocation Failure) 37M->20M(61M) 0.603ms
[15.689s][info ][gc,cpu         ] GC(1743) User=0.00s Sys=0.00s Real=0.00s
[15.690s][info ][gc,start       ] GC(1744) Pause Young (Allocation Failure)
[15.691s][debug][gc,age         ] GC(1744) Desired survivor size 1114112 bytes, new threshold 1 (max threshold 15)
[15.691s][info ][gc,heap        ] GC(1744) DefNew: 18377K->1955K(19648K)
[15.691s][info ][gc,heap        ] GC(1744) Tenured: 19951K->19951K(43712K)
[15.691s][info ][gc,metaspace   ] GC(1744) Metaspace: 16404K->16404K(1064960K)
[15.691s][info ][gc             ] GC(1744) Pause Young (Allocation Failure) 37M->21M(61M) 0.552ms
[15.691s][info ][gc,cpu         ] GC(1744) User=0.00s Sys=0.00s Real=0.00s
[15.692s][info ][gc,start       ] GC(1745) Pause Young (Allocation Failure)
[15.692s][debug][gc,age         ] GC(1745) Desired survivor size 1114112 bytes, new threshold 1 (max threshold 15)
[15.693s][info ][gc,heap        ] GC(1745) DefNew: 19137K->1955K(19648K)
[15.693s][info ][gc,heap        ] GC(1745) Tenured: 19951K->20342K(43712K)
[15.693s][info ][gc,metaspace   ] GC(1745) Metaspace: 16404K->16404K(1064960K)
[15.693s][info ][gc             ] GC(1745) Pause Young (Allocation Failure) 38M->21M(61M) 0.688ms
[15.693s][info ][gc,cpu         ] GC(1745) User=0.00s Sys=0.00s Real=0.00s
[15.694s][info ][gc,start       ] GC(1746) Pause Young (Allocation Failure)
[15.694s][debug][gc,age         ] GC(1746) Desired survivor size 1114112 bytes, new threshold 1 (max threshold 15)
[15.694s][info ][gc,heap        ] GC(1746) DefNew: 19122K->1955K(19648K)
[15.694s][info ][gc,heap        ] GC(1746) Tenured: 20342K->20342K(43712K)
[15.694s][info ][gc,metaspace   ] GC(1746) Metaspace: 16404K->16404K(1064960K)
[15.694s][info ][gc             ] GC(1746) Pause Young (Allocation Failure) 38M->21M(61M) 0.550ms
[15.694s][info ][gc,cpu         ] GC(1746) User=0.00s Sys=0.00s Real=0.00s
[15.696s][info ][gc,start       ] GC(1747) Pause Young (Allocation Failure)
[15.697s][debug][gc,age         ] GC(1747) Desired survivor size 1114112 bytes, new threshold 1 (max threshold 15)
[15.697s][info ][gc,heap        ] GC(1747) DefNew: 19112K->1955K(19648K)
[15.697s][info ][gc,heap        ] GC(1747) Tenured: 20342K->20733K(43712K)
[15.697s][info ][gc,metaspace   ] GC(1747) Metaspace: 16404K->16404K(1064960K)
[15.697s][info ][gc             ] GC(1747) Pause Young (Allocation Failure) 38M->22M(61M) 1.009ms
[15.697s][info ][gc,cpu         ] GC(1747) User=0.00s Sys=0.00s Real=0.00s
[15.698s][info ][gc,start       ] GC(1748) Pause Young (Allocation Failure)
[15.699s][debug][gc,age         ] GC(1748) Desired survivor size 1114112 bytes, new threshold 1 (max threshold 15)
[15.699s][info ][gc,heap        ] GC(1748) DefNew: 19106K->1955K(19648K)
[15.699s][info ][gc,heap        ] GC(1748) Tenured: 20733K->21124K(43712K)
[15.699s][info ][gc,metaspace   ] GC(1748) Metaspace: 16404K->16404K(1064960K)
[15.699s][info ][gc             ] GC(1748) Pause Young (Allocation Failure) 38M->22M(61M) 0.596ms
[15.699s][info ][gc,cpu         ] GC(1748) User=0.00s Sys=0.00s Real=0.00s
[15.700s][info ][gc,start       ] GC(1749) Pause Young (Allocation Failure)
[15.701s][debug][gc,age         ] GC(1749) Desired survivor size 1114112 bytes, new threshold 1 (max threshold 15)
[15.701s][info ][gc,heap        ] GC(1749) DefNew: 19102K->1955K(19648K)
[15.701s][info ][gc,heap        ] GC(1749) Tenured: 21124K->22296K(43712K)
[15.701s][info ][gc,metaspace   ] GC(1749) Metaspace: 16404K->16404K(1064960K)
[15.701s][info ][gc             ] GC(1749) Pause Young (Allocation Failure) 39M->23M(61M) 1.038ms
[15.702s][info ][gc,cpu         ] GC(1749) User=0.00s Sys=0.00s Real=0.00s
[15.703s][info ][gc,start       ] GC(1750) Pause Young (Allocation Failure)
[15.703s][debug][gc,age         ] GC(1750) Desired survivor size 1114112 bytes, new threshold 1 (max threshold 15)
[15.703s][info ][gc,heap        ] GC(1750) DefNew: 19100K->1564K(19648K)
[15.703s][info ][gc,heap        ] GC(1750) Tenured: 22296K->22296K(43712K)
[15.703s][info ][gc,metaspace   ] GC(1750) Metaspace: 16404K->16404K(1064960K)
[15.703s][info ][gc             ] GC(1750) Pause Young (Allocation Failure) 40M->23M(61M) 0.530ms
[15.703s][info ][gc,cpu         ] GC(1750) User=0.00s Sys=0.00s Real=0.00s
[15.705s][info ][gc,start       ] GC(1751) Pause Young (Allocation Failure)
[15.705s][debug][gc,age         ] GC(1751) Desired survivor size 1114112 bytes, new threshold 1 (max threshold 15)
[15.705s][info ][gc,heap        ] GC(1751) DefNew: 18708K->1955K(19648K)
[15.705s][info ][gc,heap        ] GC(1751) Tenured: 22296K->22687K(43712K)
[15.705s][info ][gc,metaspace   ] GC(1751) Metaspace: 16404K->16404K(1064960K)
[15.705s][info ][gc             ] GC(1751) Pause Young (Allocation Failure) 40M->24M(61M) 0.549ms
[15.705s][info ][gc,cpu         ] GC(1751) User=0.00s Sys=0.00s Real=0.00s
[15.707s][info ][gc,start       ] GC(1752) Pause Young (Allocation Failure)
[15.707s][debug][gc,age         ] GC(1752) Desired survivor size 1114112 bytes, new threshold 15 (max threshold 15)
[15.707s][info ][gc,heap        ] GC(1752) DefNew: 19097K->392K(19648K)
[15.707s][info ][gc,heap        ] GC(1752) Tenured: 22687K->22687K(43712K)
[15.707s][info ][gc,metaspace   ] GC(1752) Metaspace: 16404K->16404K(1064960K)
[15.707s][info ][gc             ] GC(1752) Pause Young (Allocation Failure) 40M->22M(61M) 0.418ms
[15.707s][info ][gc,cpu         ] GC(1752) User=0.00s Sys=0.00s Real=0.00s
[15.708s][info ][gc,start       ] GC(1753) Pause Young (Allocation Failure)
[15.709s][debug][gc,age         ] GC(1753) Desired survivor size 1114112 bytes, new threshold 1 (max threshold 15)
[15.709s][info ][gc,heap        ] GC(1753) DefNew: 17534K->1955K(19648K)
[15.709s][info ][gc,heap        ] GC(1753) Tenured: 22687K->23859K(43712K)
[15.709s][info ][gc,metaspace   ] GC(1753) Metaspace: 16404K->16404K(1064960K)
[15.709s][info ][gc             ] GC(1753) Pause Young (Allocation Failure) 39M->25M(61M) 0.673ms
[15.709s][info ][gc,cpu         ] GC(1753) User=0.00s Sys=0.00s Real=0.00s
[15.710s][info ][gc,start       ] GC(1754) Pause Young (Allocation Failure)
[15.711s][debug][gc,age         ] GC(1754) Desired survivor size 1114112 bytes, new threshold 1 (max threshold 15)
[15.711s][info ][gc,heap        ] GC(1754) DefNew: 19096K->1955K(19648K)
[15.711s][info ][gc,heap        ] GC(1754) Tenured: 23859K->24640K(43712K)
[15.711s][info ][gc,metaspace   ] GC(1754) Metaspace: 16404K->16404K(1064960K)
[15.711s][info ][gc             ] GC(1754) Pause Young (Allocation Failure) 41M->25M(61M) 0.604ms
[15.711s][info ][gc,cpu         ] GC(1754) User=0.00s Sys=0.00s Real=0.00s
[15.712s][info ][gc,start       ] GC(1755) Pause Young (Allocation Failure)
[15.713s][debug][gc,age         ] GC(1755) Desired survivor size 1114112 bytes, new threshold 1 (max threshold 15)
[15.713s][info ][gc,heap        ] GC(1755) DefNew: 19096K->1955K(19648K)
[15.713s][info ][gc,heap        ] GC(1755) Tenured: 24640K->25031K(43712K)
[15.713s][info ][gc,metaspace   ] GC(1755) Metaspace: 16404K->16404K(1064960K)
[15.713s][info ][gc             ] GC(1755) Pause Young (Allocation Failure) 42M->26M(61M) 0.704ms
[15.713s][info ][gc,cpu         ] GC(1755) User=0.00s Sys=0.00s Real=0.00s
[15.714s][info ][gc,start       ] GC(1756) Pause Young (Allocation Failure)
[15.715s][debug][gc,age         ] GC(1756) Desired survivor size 1114112 bytes, new threshold 1 (max threshold 15)
[15.715s][info ][gc,heap        ] GC(1756) DefNew: 19096K->1564K(19648K)
[15.715s][info ][gc,heap        ] GC(1756) Tenured: 25031K->25031K(43712K)
[15.715s][info ][gc,metaspace   ] GC(1756) Metaspace: 16404K->16404K(1064960K)
[15.715s][info ][gc             ] GC(1756) Pause Young (Allocation Failure) 43M->25M(61M) 0.533ms
[15.715s][info ][gc,cpu         ] GC(1756) User=0.00s Sys=0.00s Real=0.00s
[15.716s][info ][gc,start       ] GC(1757) Pause Young (Allocation Failure)
[15.717s][debug][gc,age         ] GC(1757) Desired survivor size 1114112 bytes, new threshold 1 (max threshold 15)
[15.717s][info ][gc,heap        ] GC(1757) DefNew: 18705K->1955K(19648K)
[15.717s][info ][gc,heap        ] GC(1757) Tenured: 25031K->25813K(43712K)
[15.717s][info ][gc,metaspace   ] GC(1757) Metaspace: 16404K->16404K(1064960K)
[15.717s][info ][gc             ] GC(1757) Pause Young (Allocation Failure) 42M->27M(61M) 1.025ms
[15.717s][info ][gc,cpu         ] GC(1757) User=0.00s Sys=0.00s Real=0.00s
[15.719s][info ][gc,start       ] GC(1758) Pause Young (Allocation Failure)
[15.719s][debug][gc,age         ] GC(1758) Desired survivor size 1114112 bytes, new threshold 1 (max threshold 15)
[15.719s][info ][gc,heap        ] GC(1758) DefNew: 19046K->1955K(19648K)
[15.719s][info ][gc,heap        ] GC(1758) Tenured: 25813K->26204K(43712K)
[15.719s][info ][gc,metaspace   ] GC(1758) Metaspace: 16404K->16404K(1064960K)
[15.719s][info ][gc             ] GC(1758) Pause Young (Allocation Failure) 43M->27M(61M) 0.640ms
[15.719s][info ][gc,cpu         ] GC(1758) User=0.00s Sys=0.00s Real=0.01s
[15.721s][info ][gc,start       ] GC(1759) Pause Young (Allocation Failure)
[15.721s][debug][gc,age         ] GC(1759) Desired survivor size 1114112 bytes, new threshold 1 (max threshold 15)
[15.721s][info ][gc,heap        ] GC(1759) DefNew: 19113K->1955K(19648K)
[15.721s][info ][gc,heap        ] GC(1759) Tenured: 26204K->26204K(43712K)
[15.721s][info ][gc,metaspace   ] GC(1759) Metaspace: 16404K->16404K(1064960K)
[15.721s][info ][gc             ] GC(1759) Pause Young (Allocation Failure) 44M->27M(61M) 0.604ms
[15.721s][info ][gc,cpu         ] GC(1759) User=0.00s Sys=0.00s Real=0.00s
[15.723s][info ][gc,start       ] GC(1760) Pause Young (Allocation Failure)
[15.723s][debug][gc,age         ] GC(1760) Desired survivor size 1114112 bytes, new threshold 1 (max threshold 15)
[15.723s][info ][gc,heap        ] GC(1760) DefNew: 19051K->1955K(19648K)
[15.723s][info ][gc,heap        ] GC(1760) Tenured: 26204K->27376K(43712K)
[15.723s][info ][gc,metaspace   ] GC(1760) Metaspace: 16404K->16404K(1064960K)
[15.723s][info ][gc             ] GC(1760) Pause Young (Allocation Failure) 44M->28M(61M) 0.655ms
[15.723s][info ][gc,cpu         ] GC(1760) User=0.00s Sys=0.00s Real=0.00s
[15.725s][info ][gc,start       ] GC(1761) Pause Young (Allocation Failure)
[15.725s][debug][gc,age         ] GC(1761) Desired survivor size 1114112 bytes, new threshold 1 (max threshold 15)
[15.725s][info ][gc,heap        ] GC(1761) DefNew: 19123K->1955K(19648K)
[15.725s][info ][gc,heap        ] GC(1761) Tenured: 27376K->27767K(43712K)
[15.725s][info ][gc,metaspace   ] GC(1761) Metaspace: 16404K->16404K(1064960K)
[15.725s][info ][gc             ] GC(1761) Pause Young (Allocation Failure) 45M->29M(61M) 0.635ms
[15.725s][info ][gc,cpu         ] GC(1761) User=0.00s Sys=0.00s Real=0.00s
[15.727s][info ][gc,start       ] GC(1762) Pause Young (Allocation Failure)
[15.727s][debug][gc,age         ] GC(1762) Desired survivor size 1114112 bytes, new threshold 1 (max threshold 15)
[15.727s][info ][gc,heap        ] GC(1762) DefNew: 19113K->1955K(19648K)
[15.727s][info ][gc,heap        ] GC(1762) Tenured: 27767K->27767K(43712K)
[15.727s][info ][gc,metaspace   ] GC(1762) Metaspace: 16404K->16404K(1064960K)
[15.727s][info ][gc             ] GC(1762) Pause Young (Allocation Failure) 45M->29M(61M) 0.541ms
[15.727s][info ][gc,cpu         ] GC(1762) User=0.00s Sys=0.00s Real=0.00s
[15.729s][info ][gc,start       ] GC(1763) Pause Young (Allocation Failure)
[15.729s][debug][gc,age         ] GC(1763) Desired survivor size 1114112 bytes, new threshold 1 (max threshold 15)
[15.730s][info ][gc,heap        ] GC(1763) DefNew: 19107K->1955K(19648K)
[15.730s][info ][gc,heap        ] GC(1763) Tenured: 27767K->28158K(43712K)
[15.730s][info ][gc,metaspace   ] GC(1763) Metaspace: 16404K->16404K(1064960K)
[15.730s][info ][gc             ] GC(1763) Pause Young (Allocation Failure) 45M->29M(61M) 0.700ms
[15.730s][info ][gc,cpu         ] GC(1763) User=0.00s Sys=0.00s Real=0.01s
[15.731s][info ][gc,start       ] GC(1764) Pause Young (Allocation Failure)
[15.732s][debug][gc,age         ] GC(1764) Desired survivor size 1114112 bytes, new threshold 1 (max threshold 15)
[15.732s][info ][gc,heap        ] GC(1764) DefNew: 19103K->1955K(19648K)
[15.732s][info ][gc,heap        ] GC(1764) Tenured: 28158K->28158K(43712K)
[15.732s][info ][gc,metaspace   ] GC(1764) Metaspace: 16404K->16404K(1064960K)
[15.732s][info ][gc             ] GC(1764) Pause Young (Allocation Failure) 46M->29M(61M) 0.546ms
[15.732s][info ][gc,cpu         ] GC(1764) User=0.00s Sys=0.00s Real=0.00s
[15.733s][info ][gc,start       ] GC(1765) Pause Young (Allocation Failure)
[15.734s][debug][gc,age         ] GC(1765) Desired survivor size 1114112 bytes, new threshold 1 (max threshold 15)
[15.734s][info ][gc,heap        ] GC(1765) DefNew: 19100K->1955K(19648K)
[15.734s][info ][gc,heap        ] GC(1765) Tenured: 28158K->29331K(43712K)
[15.734s][info ][gc,metaspace   ] GC(1765) Metaspace: 16404K->16404K(1064960K)
[15.734s][info ][gc             ] GC(1765) Pause Young (Allocation Failure) 46M->30M(61M) 1.015ms
[15.734s][info ][gc,cpu         ] GC(1765) User=0.00s Sys=0.00s Real=0.00s
[15.735s][info ][gc,start       ] GC(1766) Pause Young (Allocation Failure)
[15.736s][debug][gc,age         ] GC(1766) Desired survivor size 1114112 bytes, new threshold 1 (max threshold 15)
[15.736s][info ][gc,heap        ] GC(1766) DefNew: 19047K->1955K(19648K)
[15.736s][info ][gc,heap        ] GC(1766) Tenured: 29331K->29722K(43712K)
[15.736s][info ][gc,metaspace   ] GC(1766) Metaspace: 16404K->16404K(1064960K)
[15.736s][info ][gc             ] GC(1766) Pause Young (Allocation Failure) 47M->30M(61M) 0.675ms
[15.736s][info ][gc,cpu         ] GC(1766) User=0.00s Sys=0.00s Real=0.00s
[15.737s][info ][gc,start       ] GC(1767) Pause Young (Allocation Failure)
[15.738s][debug][gc,age         ] GC(1767) Desired survivor size 1114112 bytes, new threshold 1 (max threshold 15)
[15.738s][info ][gc,heap        ] GC(1767) DefNew: 19076K->1173K(19648K)
[15.738s][info ][gc,heap        ] GC(1767) Tenured: 29722K->29722K(43712K)
[15.738s][info ][gc,metaspace   ] GC(1767) Metaspace: 16404K->16404K(1064960K)
[15.738s][info ][gc             ] GC(1767) Pause Young (Allocation Failure) 47M->30M(61M) 0.456ms
[15.738s][info ][gc,cpu         ] GC(1767) User=0.00s Sys=0.00s Real=0.00s
[15.739s][info ][gc,start       ] GC(1768) Pause Young (Allocation Failure)
[15.740s][debug][gc,age         ] GC(1768) Desired survivor size 1114112 bytes, new threshold 1 (max threshold 15)
[15.740s][info ][gc,heap        ] GC(1768) DefNew: 18341K->1955K(19648K)
[15.740s][info ][gc,heap        ] GC(1768) Tenured: 29722K->30503K(43712K)
[15.740s][info ][gc,metaspace   ] GC(1768) Metaspace: 16404K->16404K(1064960K)
[15.740s][info ][gc             ] GC(1768) Pause Young (Allocation Failure) 46M->31M(61M) 0.712ms
[15.740s][info ][gc,cpu         ] GC(1768) User=0.00s Sys=0.00s Real=0.01s
[15.741s][info ][gc,start       ] GC(1769) Pause Young (Allocation Failure)
[15.742s][debug][gc,age         ] GC(1769) Desired survivor size 1114112 bytes, new threshold 1 (max threshold 15)
[15.742s][info ][gc,heap        ] GC(1769) DefNew: 19113K->1955K(19648K)
[15.742s][info ][gc,heap        ] GC(1769) Tenured: 30503K->30894K(43712K)
[15.742s][info ][gc,metaspace   ] GC(1769) Metaspace: 16404K->16404K(1064960K)
[15.742s][info ][gc             ] GC(1769) Pause Young (Allocation Failure) 48M->32M(61M) 0.589ms
[15.742s][info ][gc,cpu         ] GC(1769) User=0.00s Sys=0.00s Real=0.00s
[15.743s][info ][gc,start       ] GC(1770) Pause Young (Allocation Failure)
[15.744s][debug][gc,age         ] GC(1770) Desired survivor size 1114112 bytes, new threshold 1 (max threshold 15)
[15.744s][info ][gc,heap        ] GC(1770) DefNew: 19106K->1955K(19648K)
[15.744s][info ][gc,heap        ] GC(1770) Tenured: 30894K->32066K(43712K)
[15.744s][info ][gc,metaspace   ] GC(1770) Metaspace: 16404K->16404K(1064960K)
[15.744s][info ][gc             ] GC(1770) Pause Young (Allocation Failure) 48M->33M(61M) 0.673ms
[15.744s][info ][gc,cpu         ] GC(1770) User=0.00s Sys=0.00s Real=0.00s
[15.746s][info ][gc,start       ] GC(1771) Pause Young (Allocation Failure)
[15.746s][debug][gc,age         ] GC(1771) Desired survivor size 1114112 bytes, new threshold 1 (max threshold 15)
[15.746s][info ][gc,heap        ] GC(1771) DefNew: 19102K->1173K(19648K)
[15.746s][info ][gc,heap        ] GC(1771) Tenured: 32066K->32457K(43712K)
[15.746s][info ][gc,metaspace   ] GC(1771) Metaspace: 16404K->16404K(1064960K)
[15.746s][info ][gc             ] GC(1771) Pause Young (Allocation Failure) 49M->32M(61M) 0.718ms
[15.746s][info ][gc,cpu         ] GC(1771) User=0.00s Sys=0.00s Real=0.00s
[15.748s][info ][gc,start       ] GC(1772) Pause Young (Allocation Failure)
[15.748s][debug][gc,age         ] GC(1772) Desired survivor size 1114112 bytes, new threshold 1 (max threshold 15)
[15.748s][info ][gc,heap        ] GC(1772) DefNew: 18319K->1955K(19648K)
[15.748s][info ][gc,heap        ] GC(1772) Tenured: 32457K->33238K(43712K)
[15.748s][info ][gc,metaspace   ] GC(1772) Metaspace: 16404K->16404K(1064960K)
[15.748s][info ][gc             ] GC(1772) Pause Young (Allocation Failure) 49M->34M(61M) 0.636ms
[15.748s][info ][gc,cpu         ] GC(1772) User=0.00s Sys=0.00s Real=0.00s
[15.750s][info ][gc,start       ] GC(1773) Pause Young (Allocation Failure)
[15.750s][debug][gc,age         ] GC(1773) Desired survivor size 1114112 bytes, new threshold 1 (max threshold 15)
[15.750s][info ][gc,heap        ] GC(1773) DefNew: 19098K->1955K(19648K)
[15.750s][info ][gc,heap        ] GC(1773) Tenured: 33238K->34020K(43712K)
[15.750s][info ][gc,metaspace   ] GC(1773) Metaspace: 16404K->16404K(1064960K)
[15.750s][info ][gc             ] GC(1773) Pause Young (Allocation Failure) 51M->35M(61M) 0.745ms
[15.750s][info ][gc,cpu         ] GC(1773) User=0.00s Sys=0.00s Real=0.00s
[15.752s][info ][gc,start       ] GC(1774) Pause Young (Allocation Failure)
[15.752s][debug][gc,age         ] GC(1774) Desired survivor size 1114112 bytes, new threshold 1 (max threshold 15)
[15.752s][info ][gc,heap        ] GC(1774) DefNew: 19098K->1955K(19648K)
[15.752s][info ][gc,heap        ] GC(1774) Tenured: 34020K->34410K(43712K)
[15.752s][info ][gc,metaspace   ] GC(1774) Metaspace: 16404K->16404K(1064960K)
[15.752s][info ][gc             ] GC(1774) Pause Young (Allocation Failure) 51M->35M(61M) 0.669ms
[15.753s][info ][gc,cpu         ] GC(1774) User=0.00s Sys=0.00s Real=0.00s
[15.754s][info ][gc,start       ] GC(1775) Pause Young (Allocation Failure)
[15.755s][debug][gc,age         ] GC(1775) Desired survivor size 1114112 bytes, new threshold 1 (max threshold 15)
[15.755s][info ][gc,heap        ] GC(1775) DefNew: 19097K->1955K(19648K)
[15.755s][info ][gc,heap        ] GC(1775) Tenured: 34410K->34801K(43712K)
[15.755s][info ][gc,metaspace   ] GC(1775) Metaspace: 16404K->16404K(1064960K)
[15.755s][info ][gc             ] GC(1775) Pause Young (Allocation Failure) 52M->35M(61M) 0.771ms
[15.755s][info ][gc,cpu         ] GC(1775) User=0.00s Sys=0.00s Real=0.00s
[15.756s][info ][gc,start       ] GC(1776) Pause Young (Allocation Failure)
[15.756s][debug][gc,age         ] GC(1776) Desired survivor size 1114112 bytes, new threshold 1 (max threshold 15)
[15.756s][info ][gc,heap        ] GC(1776) DefNew: 19096K->1955K(19648K)
[15.756s][info ][gc,heap        ] GC(1776) Tenured: 34801K->35582K(43712K)
[15.756s][info ][gc,metaspace   ] GC(1776) Metaspace: 16404K->16404K(1064960K)
[15.757s][info ][gc             ] GC(1776) Pause Young (Allocation Failure) 52M->36M(61M) 0.621ms
[15.757s][info ][gc,cpu         ] GC(1776) User=0.01s Sys=0.00s Real=0.00s
[15.758s][info ][gc,start       ] GC(1777) Pause Young (Allocation Failure)
[15.758s][debug][gc,age         ] GC(1777) Desired survivor size 1114112 bytes, new threshold 1 (max threshold 15)
[15.758s][info ][gc,heap        ] GC(1777) DefNew: 19096K->1955K(19648K)
[15.758s][info ][gc,heap        ] GC(1777) Tenured: 35582K->35973K(43712K)
[15.758s][info ][gc,metaspace   ] GC(1777) Metaspace: 16404K->16404K(1064960K)
[15.758s][info ][gc             ] GC(1777) Pause Young (Allocation Failure) 53M->37M(61M) 0.556ms
[15.758s][info ][gc,cpu         ] GC(1777) User=0.00s Sys=0.00s Real=0.00s
[15.760s][info ][gc,start       ] GC(1778) Pause Young (Allocation Failure)
[15.760s][debug][gc,age         ] GC(1778) Desired survivor size 1114112 bytes, new threshold 1 (max threshold 15)
[15.760s][info ][gc,heap        ] GC(1778) DefNew: 19096K->1955K(19648K)
[15.760s][info ][gc,heap        ] GC(1778) Tenured: 35973K->36754K(43712K)
[15.760s][info ][gc,metaspace   ] GC(1778) Metaspace: 16404K->16404K(1064960K)
[15.760s][info ][gc             ] GC(1778) Pause Young (Allocation Failure) 53M->37M(61M) 0.692ms
[15.760s][info ][gc,cpu         ] GC(1778) User=0.00s Sys=0.00s Real=0.00s
[15.762s][info ][gc,start       ] GC(1779) Pause Young (Allocation Failure)
[15.763s][debug][gc,age         ] GC(1779) Desired survivor size 1114112 bytes, new threshold 1 (max threshold 15)
[15.763s][info ][gc,heap        ] GC(1779) DefNew: 19096K->1955K(19648K)
[15.763s][info ][gc,heap        ] GC(1779) Tenured: 36754K->37145K(43712K)
[15.763s][info ][gc,metaspace   ] GC(1779) Metaspace: 16404K->16404K(1064960K)
[15.763s][info ][gc             ] GC(1779) Pause Young (Allocation Failure) 54M->38M(61M) 0.830ms
[15.763s][info ][gc,cpu         ] GC(1779) User=0.00s Sys=0.00s Real=0.00s
[15.764s][info ][gc,start       ] GC(1780) Pause Young (Allocation Failure)
[15.765s][debug][gc,age         ] GC(1780) Desired survivor size 1114112 bytes, new threshold 1 (max threshold 15)
[15.765s][info ][gc,heap        ] GC(1780) DefNew: 19096K->1955K(19648K)
[15.765s][info ][gc,heap        ] GC(1780) Tenured: 37145K->37536K(43712K)
[15.765s][info ][gc,metaspace   ] GC(1780) Metaspace: 16404K->16404K(1064960K)
[15.765s][info ][gc             ] GC(1780) Pause Young (Allocation Failure) 54M->38M(61M) 0.682ms
[15.765s][info ][gc,cpu         ] GC(1780) User=0.00s Sys=0.00s Real=0.00s
[15.766s][info ][gc,start       ] GC(1781) Pause Young (Allocation Failure)
[15.767s][debug][gc,age         ] GC(1781) Desired survivor size 1114112 bytes, new threshold 1 (max threshold 15)
[15.767s][info ][gc,heap        ] GC(1781) DefNew: 19096K->1955K(19648K)
[15.767s][info ][gc,heap        ] GC(1781) Tenured: 37536K->38708K(43712K)
[15.767s][info ][gc,metaspace   ] GC(1781) Metaspace: 16404K->16404K(1064960K)
[15.767s][info ][gc             ] GC(1781) Pause Young (Allocation Failure) 55M->39M(61M) 0.843ms
[15.767s][info ][gc,cpu         ] GC(1781) User=0.00s Sys=0.00s Real=0.00s
[15.768s][info ][gc,start       ] GC(1782) Pause Young (Allocation Failure)
[15.769s][debug][gc,age         ] GC(1782) Desired survivor size 1114112 bytes, new threshold 1 (max threshold 15)
[15.769s][info ][gc,heap        ] GC(1782) DefNew: 19096K->1955K(19648K)
[15.769s][info ][gc,heap        ] GC(1782) Tenured: 38708K->39489K(43712K)
[15.769s][info ][gc,metaspace   ] GC(1782) Metaspace: 16404K->16404K(1064960K)
[15.769s][info ][gc             ] GC(1782) Pause Young (Allocation Failure) 56M->40M(61M) 0.618ms
[15.769s][info ][gc,cpu         ] GC(1782) User=0.00s Sys=0.00s Real=0.00s
[15.770s][info ][gc,start       ] GC(1783) Pause Young (Allocation Failure)
[15.771s][debug][gc,age         ] GC(1783) Desired survivor size 1114112 bytes, new threshold 1 (max threshold 15)
[15.771s][info ][gc,heap        ] GC(1783) DefNew: 19096K->1954K(19648K)
[15.771s][info ][gc,heap        ] GC(1783) Tenured: 39489K->41052K(43712K)
[15.771s][info ][gc,metaspace   ] GC(1783) Metaspace: 16404K->16404K(1064960K)
[15.771s][info ][gc             ] GC(1783) Pause Young (Allocation Failure) 57M->41M(61M) 0.736ms
[15.771s][info ][gc,cpu         ] GC(1783) User=0.00s Sys=0.00s Real=0.00s
[15.772s][info ][gc,start       ] GC(1784) Pause Young (Allocation Failure)
[15.773s][debug][gc,age         ] GC(1784) Desired survivor size 1114112 bytes, new threshold 1 (max threshold 15)
[15.773s][info ][gc,heap        ] GC(1784) DefNew: 19398K->1955K(19648K)
[15.773s][info ][gc,heap        ] GC(1784) Tenured: 41052K->41052K(43712K)
[15.773s][info ][gc,metaspace   ] GC(1784) Metaspace: 16404K->16404K(1064960K)
[15.773s][info ][gc             ] GC(1784) Pause Young (Allocation Failure) 59M->42M(61M) 0.718ms
[15.773s][info ][gc,cpu         ] GC(1784) User=0.00s Sys=0.00s Real=0.00s
[15.774s][info ][gc,start       ] GC(1785) Pause Young (Allocation Failure)
[15.775s][debug][gc,age         ] GC(1785) Desired survivor size 1114112 bytes, new threshold 15 (max threshold 15)
[15.775s][info ][gc,heap        ] GC(1785) DefNew: 19427K->782K(19648K)
[15.775s][info ][gc,heap        ] GC(1785) Tenured: 41052K->41443K(43712K)
[15.775s][info ][gc,metaspace   ] GC(1785) Metaspace: 16404K->16404K(1064960K)
[15.775s][info ][gc             ] GC(1785) Pause Young (Allocation Failure) 59M->41M(61M) 0.460ms
[15.775s][info ][gc,cpu         ] GC(1785) User=0.01s Sys=0.00s Real=0.00s
[15.776s][info ][gc,start       ] GC(1786) Pause Young (Allocation Failure)
[15.777s][debug][gc,age         ] GC(1786) Desired survivor size 1114112 bytes, new threshold 1 (max threshold 15)
[15.777s][info ][gc,heap        ] GC(1786) DefNew: 18168K->1173K(19648K)
[15.777s][info ][gc,heap        ] GC(1786) Tenured: 41443K->41443K(43712K)
[15.777s][info ][gc,metaspace   ] GC(1786) Metaspace: 16404K->16404K(1064960K)
[15.777s][info ][gc             ] GC(1786) Pause Young (Allocation Failure) 58M->41M(61M) 0.445ms
[15.777s][info ][gc,cpu         ] GC(1786) User=0.00s Sys=0.00s Real=0.00s
[15.778s][info ][gc,start       ] GC(1787) Pause Young (Allocation Failure)
[15.778s][debug][gc,age         ] GC(1787) Desired survivor size 1114112 bytes, new threshold 1 (max threshold 15)
[15.779s][info ][gc,heap        ] GC(1787) DefNew: 18638K->1564K(19648K)
[15.779s][info ][gc,heap        ] GC(1787) Tenured: 41443K->41835K(43712K)
[15.779s][info ][gc,metaspace   ] GC(1787) Metaspace: 16404K->16404K(1064960K)
[15.779s][info ][gc             ] GC(1787) Pause Young (Allocation Failure) 58M->42M(61M) 0.553ms
[15.779s][info ][gc,cpu         ] GC(1787) User=0.00s Sys=0.00s Real=0.00s
[15.780s][info ][gc,start       ] GC(1788) Pause Young (Allocation Failure)
[15.781s][debug][gc,age         ] GC(1788) Desired survivor size 1114112 bytes, new threshold 1 (max threshold 15)
[15.781s][info ][gc,heap        ] GC(1788) DefNew: 18826K->1955K(19648K)
[15.781s][info ][gc,heap        ] GC(1788) Tenured: 41835K->42226K(43712K)
[15.781s][info ][gc,metaspace   ] GC(1788) Metaspace: 16404K->16404K(1064960K)
[15.781s][info ][gc             ] GC(1788) Pause Young (Allocation Failure) 59M->43M(61M) 0.648ms
[15.781s][info ][gc,cpu         ] GC(1788) User=0.00s Sys=0.00s Real=0.00s
[15.782s][info ][gc,start       ] GC(1789) Pause Young (Allocation Failure)
[15.782s][debug][gc,age         ] GC(1789) Desired survivor size 1114112 bytes, new threshold 1 (max threshold 15)
[15.783s][info ][gc,heap        ] GC(1789) DefNew: 19061K->1173K(19648K)
[15.783s][info ][gc,heap        ] GC(1789) Tenured: 42226K->42617K(43712K)
[15.783s][info ][gc,metaspace   ] GC(1789) Metaspace: 16404K->16404K(1064960K)
[15.783s][info ][gc             ] GC(1789) Pause Young (Allocation Failure) 59M->42M(61M) 0.600ms
[15.783s][info ][gc,cpu         ] GC(1789) User=0.00s Sys=0.00s Real=0.00s
[15.784s][info ][gc,start       ] GC(1790) Pause Young (Allocation Failure)
[15.784s][info ][gc,start       ] GC(1791) Pause Full (Allocation Failure)
[15.784s][info ][gc,phases,start] GC(1791) Phase 1: Mark live objects
[15.787s][debug][gc,phases      ] GC(1791) Reference Processing 0.062ms
[15.787s][debug][gc,phases      ] GC(1791) Weak Processing 0.023ms
[15.787s][debug][gc,phases      ] GC(1791) ClassLoaderData 0.031ms
[15.787s][debug][gc,phases      ] GC(1791) ProtectionDomainCacheTable 0.003ms
[15.788s][debug][gc,phases      ] GC(1791) ResolvedMethodTable 0.020ms
[15.788s][debug][gc,phases      ] GC(1791) Class Unloading 0.840ms
[15.788s][debug][gc,phases      ] GC(1791) Scrub String Table 0.057ms
[15.789s][debug][gc,phases      ] GC(1791) Scrub Symbol Table 1.009ms
[15.789s][info ][gc,phases      ] GC(1791) Phase 1: Mark live objects 5.221ms
[15.789s][info ][gc,phases,start] GC(1791) Phase 2: Compute new object addresses
[15.790s][info ][gc,phases      ] GC(1791) Phase 2: Compute new object addresses 0.919ms
[15.790s][info ][gc,phases,start] GC(1791) Phase 3: Adjust pointers
[15.794s][info ][gc,phases      ] GC(1791) Phase 3: Adjust pointers 3.755ms
[15.794s][info ][gc,phases,start] GC(1791) Phase 4: Move objects
[15.794s][info ][gc,phases      ] GC(1791) Phase 4: Move objects 0.349ms
[15.795s][info ][gc             ] GC(1791) Pause Full (Allocation Failure) 59M->5M(61M) 10.527ms
[15.795s][info ][gc,heap        ] GC(1790) DefNew: 18405K->0K(19648K)
[15.795s][info ][gc,heap        ] GC(1790) Tenured: 42617K->5880K(43712K)
[15.795s][info ][gc,metaspace   ] GC(1790) Metaspace: 16404K->16404K(1064960K)
[15.795s][info ][gc             ] GC(1790) Pause Young (Allocation Failure) 59M->5M(61M) 10.657ms
[15.795s][info ][gc,cpu         ] GC(1790) User=0.01s Sys=0.00s Real=0.01s
[15.796s][info ][gc,start       ] GC(1792) Pause Young (Allocation Failure)
[15.797s][debug][gc,age         ] GC(1792) Desired survivor size 1114112 bytes, new threshold 1 (max threshold 15)
[15.797s][info ][gc,heap        ] GC(1792) DefNew: 17142K->1955K(19648K)
[15.797s][info ][gc,heap        ] GC(1792) Tenured: 5880K->6662K(43712K)
[15.797s][info ][gc,metaspace   ] GC(1792) Metaspace: 16404K->16404K(1064960K)
[15.797s][info ][gc             ] GC(1792) Pause Young (Allocation Failure) 22M->8M(61M) 0.859ms
[15.797s][info ][gc,cpu         ] GC(1792) User=0.00s Sys=0.00s Real=0.00s
[15.798s][info ][gc,start       ] GC(1793) Pause Young (Allocation Failure)
[15.799s][debug][gc,age         ] GC(1793) Desired survivor size 1114112 bytes, new threshold 1 (max threshold 15)
[15.799s][info ][gc,heap        ] GC(1793) DefNew: 19153K->1955K(19648K)
[15.799s][info ][gc,heap        ] GC(1793) Tenured: 6662K->7443K(43712K)
[15.799s][info ][gc,metaspace   ] GC(1793) Metaspace: 16404K->16404K(1064960K)
[15.799s][info ][gc             ] GC(1793) Pause Young (Allocation Failure) 25M->9M(61M) 0.603ms
[15.799s][info ][gc,cpu         ] GC(1793) User=0.00s Sys=0.00s Real=0.00s
[15.800s][info ][gc,start       ] GC(1794) Pause Young (Allocation Failure)
[15.801s][debug][gc,age         ] GC(1794) Desired survivor size 1114112 bytes, new threshold 1 (max threshold 15)
[15.801s][info ][gc,heap        ] GC(1794) DefNew: 19133K->1955K(19648K)
[15.801s][info ][gc,heap        ] GC(1794) Tenured: 7443K->8225K(43712K)
[15.801s][info ][gc,metaspace   ] GC(1794) Metaspace: 16404K->16404K(1064960K)
[15.801s][info ][gc             ] GC(1794) Pause Young (Allocation Failure) 25M->9M(61M) 0.719ms
[15.801s][info ][gc,cpu         ] GC(1794) User=0.00s Sys=0.00s Real=0.00s
[15.802s][info ][gc,start       ] GC(1795) Pause Young (Allocation Failure)
[15.803s][debug][gc,age         ] GC(1795) Desired survivor size 1114112 bytes, new threshold 1 (max threshold 15)
[15.803s][info ][gc,heap        ] GC(1795) DefNew: 19119K->1955K(19648K)
[15.803s][info ][gc,heap        ] GC(1795) Tenured: 8225K->9397K(43712K)
[15.803s][info ][gc,metaspace   ] GC(1795) Metaspace: 16404K->16404K(1064960K)
[15.803s][info ][gc             ] GC(1795) Pause Young (Allocation Failure) 26M->11M(61M) 0.777ms
[15.803s][info ][gc,cpu         ] GC(1795) User=0.00s Sys=0.00s Real=0.00s
[15.804s][info ][gc,start       ] GC(1796) Pause Young (Allocation Failure)
[15.805s][debug][gc,age         ] GC(1796) Desired survivor size 1114112 bytes, new threshold 1 (max threshold 15)
[15.805s][info ][gc,heap        ] GC(1796) DefNew: 19111K->1955K(19648K)
[15.805s][info ][gc,heap        ] GC(1796) Tenured: 9397K->10569K(43712K)
[15.805s][info ][gc,metaspace   ] GC(1796) Metaspace: 16404K->16404K(1064960K)
[15.805s][info ][gc             ] GC(1796) Pause Young (Allocation Failure) 27M->12M(61M) 0.700ms
[15.805s][info ][gc,cpu         ] GC(1796) User=0.00s Sys=0.00s Real=0.00s
[15.806s][info ][gc,start       ] GC(1797) Pause Young (Allocation Failure)
[15.807s][debug][gc,age         ] GC(1797) Desired survivor size 1114112 bytes, new threshold 1 (max threshold 15)
[15.807s][info ][gc,heap        ] GC(1797) DefNew: 19106K->1955K(19648K)
[15.807s][info ][gc,heap        ] GC(1797) Tenured: 10569K->11350K(43712K)
[15.807s][info ][gc,metaspace   ] GC(1797) Metaspace: 16404K->16404K(1064960K)
[15.807s][info ][gc             ] GC(1797) Pause Young (Allocation Failure) 28M->12M(61M) 0.593ms
[15.807s][info ][gc,cpu         ] GC(1797) User=0.00s Sys=0.00s Real=0.00s
[15.808s][info ][gc,start       ] GC(1798) Pause Young (Allocation Failure)
[15.809s][debug][gc,age         ] GC(1798) Desired survivor size 1114112 bytes, new threshold 1 (max threshold 15)
[15.809s][info ][gc,heap        ] GC(1798) DefNew: 19102K->1564K(19648K)
[15.809s][info ][gc,heap        ] GC(1798) Tenured: 11350K->11350K(43712K)
[15.809s][info ][gc,metaspace   ] GC(1798) Metaspace: 16404K->16404K(1064960K)
[15.809s][info ][gc             ] GC(1798) Pause Young (Allocation Failure) 29M->12M(61M) 0.487ms
[15.809s][info ][gc,cpu         ] GC(1798) User=0.00s Sys=0.00s Real=0.00s
[15.810s][info ][gc,start       ] GC(1799) Pause Young (Allocation Failure)
[15.811s][debug][gc,age         ] GC(1799) Desired survivor size 1114112 bytes, new threshold 1 (max threshold 15)
[15.811s][info ][gc,heap        ] GC(1799) DefNew: 18709K->1955K(19648K)
[15.811s][info ][gc,heap        ] GC(1799) Tenured: 11350K->11350K(43712K)
[15.811s][info ][gc,metaspace   ] GC(1799) Metaspace: 16404K->16404K(1064960K)
[15.811s][info ][gc             ] GC(1799) Pause Young (Allocation Failure) 29M->12M(61M) 0.546ms
[15.811s][info ][gc,cpu         ] GC(1799) User=0.00s Sys=0.00s Real=0.00s
[15.812s][info ][gc,start       ] GC(1800) Pause Young (Allocation Failure)
[15.813s][debug][gc,age         ] GC(1800) Desired survivor size 1114112 bytes, new threshold 15 (max threshold 15)
[15.813s][info ][gc,heap        ] GC(1800) DefNew: 19356K->391K(19648K)
[15.813s][info ][gc,heap        ] GC(1800) Tenured: 11350K->12132K(43712K)
[15.813s][info ][gc,metaspace   ] GC(1800) Metaspace: 16404K->16404K(1064960K)
[15.813s][info ][gc             ] GC(1800) Pause Young (Allocation Failure) 29M->12M(61M) 0.515ms
[15.813s][info ][gc,cpu         ] GC(1800) User=0.00s Sys=0.00s Real=0.00s
[15.814s][info ][gc,start       ] GC(1801) Pause Young (Allocation Failure)
[15.815s][debug][gc,age         ] GC(1801) Desired survivor size 1114112 bytes, new threshold 1 (max threshold 15)
[15.815s][info ][gc,heap        ] GC(1801) DefNew: 17535K->1564K(19648K)
[15.815s][info ][gc,heap        ] GC(1801) Tenured: 12132K->12132K(43712K)
[15.815s][info ][gc,metaspace   ] GC(1801) Metaspace: 16404K->16404K(1064960K)
[15.815s][info ][gc             ] GC(1801) Pause Young (Allocation Failure) 28M->13M(61M) 0.548ms
[15.815s][info ][gc,cpu         ] GC(1801) User=0.00s Sys=0.00s Real=0.00s
[15.816s][info ][gc,start       ] GC(1802) Pause Young (Allocation Failure)
[15.817s][debug][gc,age         ] GC(1802) Desired survivor size 1114112 bytes, new threshold 1 (max threshold 15)
[15.817s][info ][gc,heap        ] GC(1802) DefNew: 18707K->1955K(19648K)
[15.817s][info ][gc,heap        ] GC(1802) Tenured: 12132K->12523K(43712K)
[15.817s][info ][gc,metaspace   ] GC(1802) Metaspace: 16404K->16404K(1064960K)
[15.817s][info ][gc             ] GC(1802) Pause Young (Allocation Failure) 30M->14M(61M) 0.689ms
[15.817s][info ][gc,cpu         ] GC(1802) User=0.00s Sys=0.00s Real=0.00s
[15.818s][info ][gc,start       ] GC(1803) Pause Young (Allocation Failure)
[15.819s][debug][gc,age         ] GC(1803) Desired survivor size 1114112 bytes, new threshold 1 (max threshold 15)
[15.819s][info ][gc,heap        ] GC(1803) DefNew: 19140K->1955K(19648K)
[15.819s][info ][gc,heap        ] GC(1803) Tenured: 12523K->12914K(43712K)
[15.819s][info ][gc,metaspace   ] GC(1803) Metaspace: 16404K->16404K(1064960K)
[15.819s][info ][gc             ] GC(1803) Pause Young (Allocation Failure) 30M->14M(61M) 0.596ms
[15.819s][info ][gc,cpu         ] GC(1803) User=0.00s Sys=0.00s Real=0.00s
[15.820s][info ][gc,start       ] GC(1804) Pause Young (Allocation Failure)
[15.821s][debug][gc,age         ] GC(1804) Desired survivor size 1114112 bytes, new threshold 1 (max threshold 15)
[15.821s][info ][gc,heap        ] GC(1804) DefNew: 19372K->1563K(19648K)
[15.821s][info ][gc,heap        ] GC(1804) Tenured: 12914K->13696K(43712K)
[15.821s][info ][gc,metaspace   ] GC(1804) Metaspace: 16404K->16404K(1064960K)
[15.821s][info ][gc             ] GC(1804) Pause Young (Allocation Failure) 31M->14M(61M) 0.721ms
[15.821s][info ][gc,cpu         ] GC(1804) User=0.00s Sys=0.00s Real=0.00s
[15.822s][info ][gc,start       ] GC(1805) Pause Young (Allocation Failure)
[15.823s][debug][gc,age         ] GC(1805) Desired survivor size 1114112 bytes, new threshold 1 (max threshold 15)
[15.823s][info ][gc,heap        ] GC(1805) DefNew: 18773K->1955K(19648K)
[15.823s][info ][gc,heap        ] GC(1805) Tenured: 13696K->14477K(43712K)
[15.823s][info ][gc,metaspace   ] GC(1805) Metaspace: 16404K->16404K(1064960K)
[15.823s][info ][gc             ] GC(1805) Pause Young (Allocation Failure) 31M->16M(61M) 0.636ms
[15.823s][info ][gc,cpu         ] GC(1805) User=0.00s Sys=0.00s Real=0.00s
[15.824s][info ][gc,start       ] GC(1806) Pause Young (Allocation Failure)
[15.825s][debug][gc,age         ] GC(1806) Desired survivor size 1114112 bytes, new threshold 1 (max threshold 15)
[15.825s][info ][gc,heap        ] GC(1806) DefNew: 19141K->1173K(19648K)
[15.825s][info ][gc,heap        ] GC(1806) Tenured: 14477K->14477K(43712K)
[15.825s][info ][gc,metaspace   ] GC(1806) Metaspace: 16404K->16404K(1064960K)
[15.825s][info ][gc             ] GC(1806) Pause Young (Allocation Failure) 32M->15M(61M) 0.705ms
[15.825s][info ][gc,cpu         ] GC(1806) User=0.00s Sys=0.00s Real=0.00s
[15.826s][info ][gc,start       ] GC(1807) Pause Young (Allocation Failure)
[15.827s][debug][gc,age         ] GC(1807) Desired survivor size 1114112 bytes, new threshold 1 (max threshold 15)
[15.827s][info ][gc,heap        ] GC(1807) DefNew: 18343K->1955K(19648K)
[15.827s][info ][gc,heap        ] GC(1807) Tenured: 14477K->15259K(43712K)
[15.827s][info ][gc,metaspace   ] GC(1807) Metaspace: 16404K->16404K(1064960K)
[15.827s][info ][gc             ] GC(1807) Pause Young (Allocation Failure) 32M->16M(61M) 0.615ms
[15.827s][info ][gc,cpu         ] GC(1807) User=0.00s Sys=0.00s Real=0.00s
[15.828s][info ][gc,start       ] GC(1808) Pause Young (Allocation Failure)
[15.829s][debug][gc,age         ] GC(1808) Desired survivor size 1114112 bytes, new threshold 1 (max threshold 15)
[15.829s][info ][gc,heap        ] GC(1808) DefNew: 19114K->1955K(19648K)
[15.829s][info ][gc,heap        ] GC(1808) Tenured: 15259K->16040K(43712K)
[15.829s][info ][gc,metaspace   ] GC(1808) Metaspace: 16404K->16404K(1064960K)
[15.829s][info ][gc             ] GC(1808) Pause Young (Allocation Failure) 33M->17M(61M) 0.637ms
[15.829s][info ][gc,cpu         ] GC(1808) User=0.00s Sys=0.00s Real=0.00s
[15.830s][info ][gc,start       ] GC(1809) Pause Young (Allocation Failure)
[15.831s][debug][gc,age         ] GC(1809) Desired survivor size 1114112 bytes, new threshold 1 (max threshold 15)
[15.831s][info ][gc,heap        ] GC(1809) DefNew: 19108K->1955K(19648K)
[15.831s][info ][gc,heap        ] GC(1809) Tenured: 16040K->16431K(43712K)
[15.831s][info ][gc,metaspace   ] GC(1809) Metaspace: 16404K->16404K(1064960K)
[15.831s][info ][gc             ] GC(1809) Pause Young (Allocation Failure) 34M->17M(61M) 0.680ms
[15.831s][info ][gc,cpu         ] GC(1809) User=0.00s Sys=0.00s Real=0.00s
[15.832s][info ][gc,start       ] GC(1810) Pause Young (Allocation Failure)
[15.833s][debug][gc,age         ] GC(1810) Desired survivor size 1114112 bytes, new threshold 1 (max threshold 15)
[15.833s][info ][gc,heap        ] GC(1810) DefNew: 19375K->1954K(19648K)
[15.833s][info ][gc,heap        ] GC(1810) Tenured: 16431K->16822K(43712K)
[15.833s][info ][gc,metaspace   ] GC(1810) Metaspace: 16404K->16404K(1064960K)
[15.833s][info ][gc             ] GC(1810) Pause Young (Allocation Failure) 34M->18M(61M) 0.601ms
[15.833s][info ][gc,cpu         ] GC(1810) User=0.00s Sys=0.00s Real=0.00s
[15.834s][info ][gc,start       ] GC(1811) Pause Young (Allocation Failure)
[15.835s][debug][gc,age         ] GC(1811) Desired survivor size 1114112 bytes, new threshold 1 (max threshold 15)
[15.835s][info ][gc,heap        ] GC(1811) DefNew: 19142K->1955K(19648K)
[15.835s][info ][gc,heap        ] GC(1811) Tenured: 16822K->17213K(43712K)
[15.835s][info ][gc,metaspace   ] GC(1811) Metaspace: 16404K->16404K(1064960K)
[15.835s][info ][gc             ] GC(1811) Pause Young (Allocation Failure) 35M->18M(61M) 0.575ms
[15.835s][info ][gc,cpu         ] GC(1811) User=0.00s Sys=0.00s Real=0.00s
[15.836s][info ][gc,start       ] GC(1812) Pause Young (Allocation Failure)
[15.837s][debug][gc,age         ] GC(1812) Desired survivor size 1114112 bytes, new threshold 1 (max threshold 15)
[15.837s][info ][gc,heap        ] GC(1812) DefNew: 19126K->1564K(19648K)
[15.837s][info ][gc,heap        ] GC(1812) Tenured: 17213K->17604K(43712K)
[15.837s][info ][gc,metaspace   ] GC(1812) Metaspace: 16404K->16404K(1064960K)
[15.837s][info ][gc             ] GC(1812) Pause Young (Allocation Failure) 35M->18M(61M) 0.528ms
[15.837s][info ][gc,cpu         ] GC(1812) User=0.00s Sys=0.00s Real=0.00s
[15.838s][info ][gc,start       ] GC(1813) Pause Young (Allocation Failure)
[15.838s][debug][gc,age         ] GC(1813) Desired survivor size 1114112 bytes, new threshold 1 (max threshold 15)
[15.838s][info ][gc,heap        ] GC(1813) DefNew: 18724K->1955K(19648K)
[15.838s][info ][gc,heap        ] GC(1813) Tenured: 17604K->17604K(43712K)
[15.838s][info ][gc,metaspace   ] GC(1813) Metaspace: 16404K->16404K(1064960K)
[15.838s][info ][gc             ] GC(1813) Pause Young (Allocation Failure) 35M->19M(61M) 0.590ms
[15.838s][info ][gc,cpu         ] GC(1813) User=0.00s Sys=0.00s Real=0.00s
[15.840s][info ][gc,start       ] GC(1814) Pause Young (Allocation Failure)
[15.840s][debug][gc,age         ] GC(1814) Desired survivor size 1114112 bytes, new threshold 1 (max threshold 15)
[15.840s][info ][gc,heap        ] GC(1814) DefNew: 19108K->1955K(19648K)
[15.840s][info ][gc,heap        ] GC(1814) Tenured: 17604K->18385K(43712K)
[15.840s][info ][gc,metaspace   ] GC(1814) Metaspace: 16404K->16404K(1064960K)
[15.840s][info ][gc             ] GC(1814) Pause Young (Allocation Failure) 35M->19M(61M) 0.583ms
[15.840s][info ][gc,cpu         ] GC(1814) User=0.00s Sys=0.00s Real=0.00s
[15.842s][info ][gc,start       ] GC(1815) Pause Young (Allocation Failure)
[15.842s][debug][gc,age         ] GC(1815) Desired survivor size 1114112 bytes, new threshold 1 (max threshold 15)
[15.842s][info ][gc,heap        ] GC(1815) DefNew: 19427K->1563K(19648K)
[15.842s][info ][gc,heap        ] GC(1815) Tenured: 18385K->18777K(43712K)
[15.842s][info ][gc,metaspace   ] GC(1815) Metaspace: 16404K->16404K(1064960K)
[15.842s][info ][gc             ] GC(1815) Pause Young (Allocation Failure) 36M->19M(61M) 0.625ms
[15.842s][info ][gc,cpu         ] GC(1815) User=0.00s Sys=0.00s Real=0.00s
[15.844s][info ][gc,start       ] GC(1816) Pause Young (Allocation Failure)
[15.844s][debug][gc,age         ] GC(1816) Desired survivor size 1114112 bytes, new threshold 1 (max threshold 15)
[15.844s][info ][gc,heap        ] GC(1816) DefNew: 18727K->1955K(19648K)
[15.844s][info ][gc,heap        ] GC(1816) Tenured: 18777K->18777K(43712K)
[15.844s][info ][gc,metaspace   ] GC(1816) Metaspace: 16404K->16404K(1064960K)
[15.844s][info ][gc             ] GC(1816) Pause Young (Allocation Failure) 36M->20M(61M) 0.516ms
[15.844s][info ][gc,cpu         ] GC(1816) User=0.00s Sys=0.00s Real=0.00s
[15.846s][info ][gc,start       ] GC(1817) Pause Young (Allocation Failure)
[15.846s][debug][gc,age         ] GC(1817) Desired survivor size 1114112 bytes, new threshold 1 (max threshold 15)
[15.846s][info ][gc,heap        ] GC(1817) DefNew: 19110K->1955K(19648K)
[15.846s][info ][gc,heap        ] GC(1817) Tenured: 18777K->18777K(43712K)
[15.846s][info ][gc,metaspace   ] GC(1817) Metaspace: 16404K->16404K(1064960K)
[15.846s][info ][gc             ] GC(1817) Pause Young (Allocation Failure) 36M->20M(61M) 0.746ms
[15.846s][info ][gc,cpu         ] GC(1817) User=0.00s Sys=0.00s Real=0.00s
[15.848s][info ][gc,start       ] GC(1818) Pause Young (Allocation Failure)
[15.848s][debug][gc,age         ] GC(1818) Desired survivor size 1114112 bytes, new threshold 1 (max threshold 15)
[15.848s][info ][gc,heap        ] GC(1818) DefNew: 19105K->1564K(19648K)
[15.848s][info ][gc,heap        ] GC(1818) Tenured: 18777K->18777K(43712K)
[15.848s][info ][gc,metaspace   ] GC(1818) Metaspace: 16404K->16404K(1064960K)
[15.848s][info ][gc             ] GC(1818) Pause Young (Allocation Failure) 36M->19M(61M) 0.485ms
[15.848s][info ][gc,cpu         ] GC(1818) User=0.00s Sys=0.00s Real=0.00s
[15.850s][info ][gc,start       ] GC(1819) Pause Young (Allocation Failure)
[15.850s][debug][gc,age         ] GC(1819) Desired survivor size 1114112 bytes, new threshold 1 (max threshold 15)
[15.850s][info ][gc,heap        ] GC(1819) DefNew: 18711K->1955K(19648K)
[15.850s][info ][gc,heap        ] GC(1819) Tenured: 18777K->19558K(43712K)
[15.850s][info ][gc,metaspace   ] GC(1819) Metaspace: 16404K->16404K(1064960K)
[15.850s][info ][gc             ] GC(1819) Pause Young (Allocation Failure) 36M->21M(61M) 0.639ms
[15.850s][info ][gc,cpu         ] GC(1819) User=0.00s Sys=0.00s Real=0.00s
[15.852s][info ][gc,start       ] GC(1820) Pause Young (Allocation Failure)
[15.852s][debug][gc,age         ] GC(1820) Desired survivor size 1114112 bytes, new threshold 1 (max threshold 15)
[15.852s][info ][gc,heap        ] GC(1820) DefNew: 19100K->1955K(19648K)
[15.852s][info ][gc,heap        ] GC(1820) Tenured: 19558K->20339K(43712K)
[15.852s][info ][gc,metaspace   ] GC(1820) Metaspace: 16404K->16404K(1064960K)
[15.852s][info ][gc             ] GC(1820) Pause Young (Allocation Failure) 37M->21M(61M) 0.602ms
[15.852s][info ][gc,cpu         ] GC(1820) User=0.00s Sys=0.00s Real=0.00s
[15.854s][info ][gc,start       ] GC(1821) Pause Young (Allocation Failure)
[15.854s][debug][gc,age         ] GC(1821) Desired survivor size 1114112 bytes, new threshold 1 (max threshold 15)
[15.854s][info ][gc,heap        ] GC(1821) DefNew: 19098K->1955K(19648K)
[15.854s][info ][gc,heap        ] GC(1821) Tenured: 20339K->21511K(43712K)
[15.854s][info ][gc,metaspace   ] GC(1821) Metaspace: 16404K->16404K(1064960K)
[15.854s][info ][gc             ] GC(1821) Pause Young (Allocation Failure) 38M->22M(61M) 0.729ms
[15.854s][info ][gc,cpu         ] GC(1821) User=0.00s Sys=0.00s Real=0.00s
[15.856s][info ][gc,start       ] GC(1822) Pause Young (Allocation Failure)
[15.856s][debug][gc,age         ] GC(1822) Desired survivor size 1114112 bytes, new threshold 1 (max threshold 15)
[15.856s][info ][gc,heap        ] GC(1822) DefNew: 19097K->1955K(19648K)
[15.856s][info ][gc,heap        ] GC(1822) Tenured: 21511K->22683K(43712K)
[15.856s][info ][gc,metaspace   ] GC(1822) Metaspace: 16404K->16404K(1064960K)
[15.856s][info ][gc             ] GC(1822) Pause Young (Allocation Failure) 39M->24M(61M) 0.640ms
[15.856s][info ][gc,cpu         ] GC(1822) User=0.00s Sys=0.00s Real=0.00s
[15.858s][info ][gc,start       ] GC(1823) Pause Young (Allocation Failure)
[15.858s][debug][gc,age         ] GC(1823) Desired survivor size 1114112 bytes, new threshold 1 (max threshold 15)
[15.858s][info ][gc,heap        ] GC(1823) DefNew: 19399K->1955K(19648K)
[15.858s][info ][gc,heap        ] GC(1823) Tenured: 22683K->23465K(43712K)
[15.858s][info ][gc,metaspace   ] GC(1823) Metaspace: 16404K->16404K(1064960K)
[15.858s][info ][gc             ] GC(1823) Pause Young (Allocation Failure) 41M->24M(61M) 0.725ms
[15.858s][info ][gc,cpu         ] GC(1823) User=0.00s Sys=0.00s Real=0.00s
[15.860s][info ][gc,start       ] GC(1824) Pause Young (Allocation Failure)
[15.860s][debug][gc,age         ] GC(1824) Desired survivor size 1114112 bytes, new threshold 1 (max threshold 15)
[15.860s][info ][gc,heap        ] GC(1824) DefNew: 19427K->1564K(19648K)
[15.860s][info ][gc,heap        ] GC(1824) Tenured: 23465K->23856K(43712K)
[15.860s][info ][gc,metaspace   ] GC(1824) Metaspace: 16404K->16404K(1064960K)
[15.860s][info ][gc             ] GC(1824) Pause Young (Allocation Failure) 41M->24M(61M) 0.651ms
[15.860s][info ][gc,cpu         ] GC(1824) User=0.00s Sys=0.00s Real=0.00s
[15.862s][info ][gc,start       ] GC(1825) Pause Young (Allocation Failure)
[15.863s][debug][gc,age         ] GC(1825) Desired survivor size 1114112 bytes, new threshold 1 (max threshold 15)
[15.863s][info ][gc,heap        ] GC(1825) DefNew: 18694K->1955K(19648K)
[15.863s][info ][gc,heap        ] GC(1825) Tenured: 23856K->25028K(43712K)
[15.863s][info ][gc,metaspace   ] GC(1825) Metaspace: 16404K->16404K(1064960K)
[15.863s][info ][gc             ] GC(1825) Pause Young (Allocation Failure) 41M->26M(61M) 1.000ms
[15.863s][info ][gc,cpu         ] GC(1825) User=0.00s Sys=0.00s Real=0.00s
[15.864s][info ][gc,start       ] GC(1826) Pause Young (Allocation Failure)
[15.865s][debug][gc,age         ] GC(1826) Desired survivor size 1114112 bytes, new threshold 1 (max threshold 15)
[15.865s][info ][gc,heap        ] GC(1826) DefNew: 19135K->1955K(19648K)
[15.865s][info ][gc,heap        ] GC(1826) Tenured: 25028K->25028K(43712K)
[15.865s][info ][gc,metaspace   ] GC(1826) Metaspace: 16404K->16404K(1064960K)
[15.865s][info ][gc             ] GC(1826) Pause Young (Allocation Failure) 43M->26M(61M) 0.637ms
[15.865s][info ][gc,cpu         ] GC(1826) User=0.00s Sys=0.00s Real=0.00s
[15.866s][info ][gc,start       ] GC(1827) Pause Young (Allocation Failure)
[15.867s][debug][gc,age         ] GC(1827) Desired survivor size 1114112 bytes, new threshold 1 (max threshold 15)
[15.867s][info ][gc,heap        ] GC(1827) DefNew: 19426K->1955K(19648K)
[15.867s][info ][gc,heap        ] GC(1827) Tenured: 25028K->26201K(43712K)
[15.867s][info ][gc,metaspace   ] GC(1827) Metaspace: 16404K->16404K(1064960K)
[15.867s][info ][gc             ] GC(1827) Pause Young (Allocation Failure) 43M->27M(61M) 0.662ms
[15.867s][info ][gc,cpu         ] GC(1827) User=0.00s Sys=0.00s Real=0.00s
[15.868s][info ][gc,start       ] GC(1828) Pause Young (Allocation Failure)
[15.869s][debug][gc,age         ] GC(1828) Desired survivor size 1114112 bytes, new threshold 1 (max threshold 15)
[15.869s][info ][gc,heap        ] GC(1828) DefNew: 19142K->1955K(19648K)
[15.869s][info ][gc,heap        ] GC(1828) Tenured: 26201K->26201K(43712K)
[15.869s][info ][gc,metaspace   ] GC(1828) Metaspace: 16404K->16404K(1064960K)
[15.869s][info ][gc             ] GC(1828) Pause Young (Allocation Failure) 44M->27M(61M) 0.714ms
[15.869s][info ][gc,cpu         ] GC(1828) User=0.00s Sys=0.00s Real=0.00s
[15.870s][info ][gc,start       ] GC(1829) Pause Young (Allocation Failure)
[15.871s][debug][gc,age         ] GC(1829) Desired survivor size 1114112 bytes, new threshold 1 (max threshold 15)
[15.871s][info ][gc,heap        ] GC(1829) DefNew: 19126K->1955K(19648K)
[15.871s][info ][gc,heap        ] GC(1829) Tenured: 26201K->26982K(43712K)
[15.871s][info ][gc,metaspace   ] GC(1829) Metaspace: 16404K->16404K(1064960K)
[15.871s][info ][gc             ] GC(1829) Pause Young (Allocation Failure) 44M->28M(61M) 0.759ms
[15.871s][info ][gc,cpu         ] GC(1829) User=0.00s Sys=0.00s Real=0.00s
[15.873s][info ][gc,start       ] GC(1830) Pause Young (Allocation Failure)
[15.873s][debug][gc,age         ] GC(1830) Desired survivor size 1114112 bytes, new threshold 1 (max threshold 15)
[15.873s][info ][gc,heap        ] GC(1830) DefNew: 19115K->1955K(19648K)
[15.873s][info ][gc,heap        ] GC(1830) Tenured: 26982K->26982K(43712K)
[15.873s][info ][gc,metaspace   ] GC(1830) Metaspace: 16404K->16404K(1064960K)
[15.873s][info ][gc             ] GC(1830) Pause Young (Allocation Failure) 45M->28M(61M) 0.541ms
[15.873s][info ][gc,cpu         ] GC(1830) User=0.01s Sys=0.00s Real=0.00s
[15.875s][info ][gc,start       ] GC(1831) Pause Young (Allocation Failure)
[15.875s][debug][gc,age         ] GC(1831) Desired survivor size 1114112 bytes, new threshold 1 (max threshold 15)
[15.875s][info ][gc,heap        ] GC(1831) DefNew: 19068K->1955K(19648K)
[15.875s][info ][gc,heap        ] GC(1831) Tenured: 26982K->27373K(43712K)
[15.875s][info ][gc,metaspace   ] GC(1831) Metaspace: 16404K->16404K(1064960K)
[15.875s][info ][gc             ] GC(1831) Pause Young (Allocation Failure) 44M->28M(61M) 0.559ms
[15.875s][info ][gc,cpu         ] GC(1831) User=0.00s Sys=0.00s Real=0.00s
[15.876s][info ][gc,start       ] GC(1832) Pause Young (Allocation Failure)
[15.877s][debug][gc,age         ] GC(1832) Desired survivor size 1114112 bytes, new threshold 1 (max threshold 15)
[15.877s][info ][gc,heap        ] GC(1832) DefNew: 19118K->1955K(19648K)
[15.877s][info ][gc,heap        ] GC(1832) Tenured: 27373K->28154K(43712K)
[15.877s][info ][gc,metaspace   ] GC(1832) Metaspace: 16404K->16404K(1064960K)
[15.877s][info ][gc             ] GC(1832) Pause Young (Allocation Failure) 45M->29M(61M) 0.641ms
[15.877s][info ][gc,cpu         ] GC(1832) User=0.00s Sys=0.00s Real=0.00s
[15.878s][info ][gc,start       ] GC(1833) Pause Young (Allocation Failure)
[15.879s][debug][gc,age         ] GC(1833) Desired survivor size 1114112 bytes, new threshold 1 (max threshold 15)
[15.879s][info ][gc,heap        ] GC(1833) DefNew: 19110K->1174K(19648K)
[15.879s][info ][gc,heap        ] GC(1833) Tenured: 28154K->28154K(43712K)
[15.879s][info ][gc,metaspace   ] GC(1833) Metaspace: 16404K->16404K(1064960K)
[15.879s][info ][gc             ] GC(1833) Pause Young (Allocation Failure) 46M->28M(61M) 0.534ms
[15.879s][info ][gc,cpu         ] GC(1833) User=0.00s Sys=0.01s Real=0.00s
[15.880s][info ][gc,start       ] GC(1834) Pause Young (Allocation Failure)
[15.881s][debug][gc,age         ] GC(1834) Desired survivor size 1114112 bytes, new threshold 1 (max threshold 15)
[15.881s][info ][gc,heap        ] GC(1834) DefNew: 18323K->1955K(19648K)
[15.881s][info ][gc,heap        ] GC(1834) Tenured: 28154K->28154K(43712K)
[15.881s][info ][gc,metaspace   ] GC(1834) Metaspace: 16404K->16404K(1064960K)
[15.881s][info ][gc             ] GC(1834) Pause Young (Allocation Failure) 45M->29M(61M) 0.526ms
[15.881s][info ][gc,cpu         ] GC(1834) User=0.00s Sys=0.00s Real=0.00s
[15.882s][info ][gc,start       ] GC(1835) Pause Young (Allocation Failure)
[15.883s][debug][gc,age         ] GC(1835) Desired survivor size 1114112 bytes, new threshold 1 (max threshold 15)
[15.883s][info ][gc,heap        ] GC(1835) DefNew: 19101K->1955K(19648K)
[15.883s][info ][gc,heap        ] GC(1835) Tenured: 28154K->28154K(43712K)
[15.883s][info ][gc,metaspace   ] GC(1835) Metaspace: 16404K->16404K(1064960K)
[15.883s][info ][gc             ] GC(1835) Pause Young (Allocation Failure) 46M->29M(61M) 0.522ms
[15.883s][info ][gc,cpu         ] GC(1835) User=0.00s Sys=0.00s Real=0.00s
[15.884s][info ][gc,start       ] GC(1836) Pause Young (Allocation Failure)
[15.885s][debug][gc,age         ] GC(1836) Desired survivor size 1114112 bytes, new threshold 1 (max threshold 15)
[15.885s][info ][gc,heap        ] GC(1836) DefNew: 19099K->1955K(19648K)
[15.885s][info ][gc,heap        ] GC(1836) Tenured: 28154K->28545K(43712K)
[15.885s][info ][gc,metaspace   ] GC(1836) Metaspace: 16404K->16404K(1064960K)
[15.885s][info ][gc             ] GC(1836) Pause Young (Allocation Failure) 46M->29M(61M) 0.830ms
[15.885s][info ][gc,cpu         ] GC(1836) User=0.00s Sys=0.00s Real=0.00s
[15.886s][info ][gc,start       ] GC(1837) Pause Young (Allocation Failure)
[15.887s][debug][gc,age         ] GC(1837) Desired survivor size 1114112 bytes, new threshold 1 (max threshold 15)
[15.887s][info ][gc,heap        ] GC(1837) DefNew: 19098K->1955K(19648K)
[15.887s][info ][gc,heap        ] GC(1837) Tenured: 28545K->28936K(43712K)
[15.887s][info ][gc,metaspace   ] GC(1837) Metaspace: 16404K->16404K(1064960K)
[15.887s][info ][gc             ] GC(1837) Pause Young (Allocation Failure) 46M->30M(61M) 0.554ms
[15.887s][info ][gc,cpu         ] GC(1837) User=0.01s Sys=0.00s Real=0.00s
[15.888s][info ][gc,start       ] GC(1838) Pause Young (Allocation Failure)
[15.889s][debug][gc,age         ] GC(1838) Desired survivor size 1114112 bytes, new threshold 1 (max threshold 15)
[15.889s][info ][gc,heap        ] GC(1838) DefNew: 19097K->1955K(19648K)
[15.889s][info ][gc,heap        ] GC(1838) Tenured: 28936K->29326K(43712K)
[15.889s][info ][gc,metaspace   ] GC(1838) Metaspace: 16404K->16404K(1064960K)
[15.889s][info ][gc             ] GC(1838) Pause Young (Allocation Failure) 46M->30M(61M) 0.630ms
[15.889s][info ][gc,cpu         ] GC(1838) User=0.00s Sys=0.00s Real=0.00s
[15.890s][info ][gc,start       ] GC(1839) Pause Young (Allocation Failure)
[15.891s][debug][gc,age         ] GC(1839) Desired survivor size 1114112 bytes, new threshold 1 (max threshold 15)
[15.891s][info ][gc,heap        ] GC(1839) DefNew: 19097K->1955K(19648K)
[15.891s][info ][gc,heap        ] GC(1839) Tenured: 29326K->29717K(43712K)
[15.891s][info ][gc,metaspace   ] GC(1839) Metaspace: 16404K->16404K(1064960K)
[15.891s][info ][gc             ] GC(1839) Pause Young (Allocation Failure) 47M->30M(61M) 0.583ms
[15.891s][info ][gc,cpu         ] GC(1839) User=0.00s Sys=0.00s Real=0.00s
[15.892s][info ][gc,start       ] GC(1840) Pause Young (Allocation Failure)
[15.893s][debug][gc,age         ] GC(1840) Desired survivor size 1114112 bytes, new threshold 1 (max threshold 15)
[15.893s][info ][gc,heap        ] GC(1840) DefNew: 19096K->1955K(19648K)
[15.893s][info ][gc,heap        ] GC(1840) Tenured: 29717K->30498K(43712K)
[15.893s][info ][gc,metaspace   ] GC(1840) Metaspace: 16404K->16404K(1064960K)
[15.893s][info ][gc             ] GC(1840) Pause Young (Allocation Failure) 47M->31M(61M) 0.634ms
[15.893s][info ][gc,cpu         ] GC(1840) User=0.00s Sys=0.00s Real=0.00s
[15.894s][info ][gc,start       ] GC(1841) Pause Young (Allocation Failure)
[15.895s][debug][gc,age         ] GC(1841) Desired survivor size 1114112 bytes, new threshold 1 (max threshold 15)
[15.895s][info ][gc,heap        ] GC(1841) DefNew: 19096K->1955K(19648K)
[15.895s][info ][gc,heap        ] GC(1841) Tenured: 30498K->30498K(43712K)
[15.895s][info ][gc,metaspace   ] GC(1841) Metaspace: 16404K->16404K(1064960K)
[15.895s][info ][gc             ] GC(1841) Pause Young (Allocation Failure) 48M->31M(61M) 0.526ms
[15.895s][info ][gc,cpu         ] GC(1841) User=0.00s Sys=0.00s Real=0.00s
[15.896s][info ][gc,start       ] GC(1842) Pause Young (Allocation Failure)
[15.897s][debug][gc,age         ] GC(1842) Desired survivor size 1114112 bytes, new threshold 1 (max threshold 15)
[15.897s][info ][gc,heap        ] GC(1842) DefNew: 19096K->1955K(19648K)
[15.897s][info ][gc,heap        ] GC(1842) Tenured: 30498K->30889K(43712K)
[15.897s][info ][gc,metaspace   ] GC(1842) Metaspace: 16404K->16404K(1064960K)
[15.897s][info ][gc             ] GC(1842) Pause Young (Allocation Failure) 48M->32M(61M) 0.681ms
[15.897s][info ][gc,cpu         ] GC(1842) User=0.00s Sys=0.00s Real=0.00s
[15.898s][info ][gc,start       ] GC(1843) Pause Young (Allocation Failure)
[15.899s][debug][gc,age         ] GC(1843) Desired survivor size 1114112 bytes, new threshold 1 (max threshold 15)
[15.899s][info ][gc,heap        ] GC(1843) DefNew: 19095K->1955K(19648K)
[15.899s][info ][gc,heap        ] GC(1843) Tenured: 30889K->32061K(43712K)
[15.899s][info ][gc,metaspace   ] GC(1843) Metaspace: 16404K->16404K(1064960K)
[15.899s][info ][gc             ] GC(1843) Pause Young (Allocation Failure) 48M->33M(61M) 0.639ms
[15.899s][info ][gc,cpu         ] GC(1843) User=0.00s Sys=0.00s Real=0.00s
[15.900s][info ][gc,start       ] GC(1844) Pause Young (Allocation Failure)
[15.900s][debug][gc,age         ] GC(1844) Desired survivor size 1114112 bytes, new threshold 1 (max threshold 15)
[15.900s][info ][gc,heap        ] GC(1844) DefNew: 19096K->1955K(19648K)
[15.900s][info ][gc,heap        ] GC(1844) Tenured: 32061K->32061K(43712K)
[15.900s][info ][gc,metaspace   ] GC(1844) Metaspace: 16404K->16404K(1064960K)
[15.901s][info ][gc             ] GC(1844) Pause Young (Allocation Failure) 49M->33M(61M) 0.543ms
[15.901s][info ][gc,cpu         ] GC(1844) User=0.00s Sys=0.00s Real=0.00s
[15.902s][info ][gc,start       ] GC(1845) Pause Young (Allocation Failure)
[15.903s][debug][gc,age         ] GC(1845) Desired survivor size 1114112 bytes, new threshold 1 (max threshold 15)
[15.903s][info ][gc,heap        ] GC(1845) DefNew: 19096K->1955K(19648K)
[15.903s][info ][gc,heap        ] GC(1845) Tenured: 32061K->32452K(43712K)
[15.903s][info ][gc,metaspace   ] GC(1845) Metaspace: 16404K->16404K(1064960K)
[15.903s][info ][gc             ] GC(1845) Pause Young (Allocation Failure) 49M->33M(61M) 0.713ms
[15.903s][info ][gc,cpu         ] GC(1845) User=0.00s Sys=0.00s Real=0.00s
[15.904s][info ][gc,start       ] GC(1846) Pause Young (Allocation Failure)
[15.905s][debug][gc,age         ] GC(1846) Desired survivor size 1114112 bytes, new threshold 1 (max threshold 15)
[15.905s][info ][gc,heap        ] GC(1846) DefNew: 19095K->1955K(19648K)
[15.905s][info ][gc,heap        ] GC(1846) Tenured: 32452K->33233K(43712K)
[15.905s][info ][gc,metaspace   ] GC(1846) Metaspace: 16404K->16404K(1064960K)
[15.905s][info ][gc             ] GC(1846) Pause Young (Allocation Failure) 50M->34M(61M) 0.653ms
[15.905s][info ][gc,cpu         ] GC(1846) User=0.00s Sys=0.00s Real=0.00s
[15.906s][info ][gc,start       ] GC(1847) Pause Young (Allocation Failure)
[15.907s][debug][gc,age         ] GC(1847) Desired survivor size 1114112 bytes, new threshold 1 (max threshold 15)
[15.907s][info ][gc,heap        ] GC(1847) DefNew: 19096K->1955K(19648K)
[15.907s][info ][gc,heap        ] GC(1847) Tenured: 33233K->34015K(43712K)
[15.907s][info ][gc,metaspace   ] GC(1847) Metaspace: 16404K->16404K(1064960K)
[15.907s][info ][gc             ] GC(1847) Pause Young (Allocation Failure) 51M->35M(61M) 0.600ms
[15.907s][info ][gc,cpu         ] GC(1847) User=0.00s Sys=0.00s Real=0.00s
[15.908s][info ][gc,start       ] GC(1848) Pause Young (Allocation Failure)
[15.909s][debug][gc,age         ] GC(1848) Desired survivor size 1114112 bytes, new threshold 1 (max threshold 15)
[15.909s][info ][gc,heap        ] GC(1848) DefNew: 19096K->1955K(19648K)
[15.909s][info ][gc,heap        ] GC(1848) Tenured: 34015K->34406K(43712K)
[15.909s][info ][gc,metaspace   ] GC(1848) Metaspace: 16404K->16404K(1064960K)
[15.909s][info ][gc             ] GC(1848) Pause Young (Allocation Failure) 51M->35M(61M) 0.780ms
[15.909s][info ][gc,cpu         ] GC(1848) User=0.00s Sys=0.00s Real=0.00s
[15.910s][info ][gc,start       ] GC(1849) Pause Young (Allocation Failure)
[15.910s][debug][gc,age         ] GC(1849) Desired survivor size 1114112 bytes, new threshold 1 (max threshold 15)
[15.911s][info ][gc,heap        ] GC(1849) DefNew: 19095K->1955K(19648K)
[15.911s][info ][gc,heap        ] GC(1849) Tenured: 34406K->34796K(43712K)
[15.911s][info ][gc,metaspace   ] GC(1849) Metaspace: 16404K->16404K(1064960K)
[15.911s][info ][gc             ] GC(1849) Pause Young (Allocation Failure) 52M->35M(61M) 0.574ms
[15.911s][info ][gc,cpu         ] GC(1849) User=0.00s Sys=0.00s Real=0.00s
[15.912s][info ][gc,start       ] GC(1850) Pause Young (Allocation Failure)
[15.912s][debug][gc,age         ] GC(1850) Desired survivor size 1114112 bytes, new threshold 1 (max threshold 15)
[15.912s][info ][gc,heap        ] GC(1850) DefNew: 19096K->1955K(19648K)
[15.912s][info ][gc,heap        ] GC(1850) Tenured: 34796K->35187K(43712K)
[15.912s][info ][gc,metaspace   ] GC(1850) Metaspace: 16404K->16404K(1064960K)
[15.912s][info ][gc             ] GC(1850) Pause Young (Allocation Failure) 52M->36M(61M) 0.666ms
[15.913s][info ][gc,cpu         ] GC(1850) User=0.00s Sys=0.00s Real=0.00s
[15.914s][info ][gc,start       ] GC(1851) Pause Young (Allocation Failure)
[15.914s][debug][gc,age         ] GC(1851) Desired survivor size 1114112 bytes, new threshold 1 (max threshold 15)
[15.914s][info ][gc,heap        ] GC(1851) DefNew: 19053K->1173K(19648K)
[15.914s][info ][gc,heap        ] GC(1851) Tenured: 35187K->35187K(43712K)
[15.914s][info ][gc,metaspace   ] GC(1851) Metaspace: 16404K->16404K(1064960K)
[15.914s][info ][gc             ] GC(1851) Pause Young (Allocation Failure) 52M->35M(61M) 0.463ms
[15.914s][info ][gc,cpu         ] GC(1851) User=0.00s Sys=0.00s Real=0.00s
[15.916s][info ][gc,start       ] GC(1852) Pause Young (Allocation Failure)
[15.916s][debug][gc,age         ] GC(1852) Desired survivor size 1114112 bytes, new threshold 1 (max threshold 15)
[15.916s][info ][gc,heap        ] GC(1852) DefNew: 18329K->1955K(19648K)
[15.916s][info ][gc,heap        ] GC(1852) Tenured: 35187K->35578K(43712K)
[15.917s][info ][gc,metaspace   ] GC(1852) Metaspace: 16404K->16404K(1064960K)
[15.917s][info ][gc             ] GC(1852) Pause Young (Allocation Failure) 52M->36M(61M) 0.688ms
[15.917s][info ][gc,cpu         ] GC(1852) User=0.00s Sys=0.00s Real=0.00s
[15.918s][info ][gc,start       ] GC(1853) Pause Young (Allocation Failure)
[15.919s][debug][gc,age         ] GC(1853) Desired survivor size 1114112 bytes, new threshold 1 (max threshold 15)
[15.919s][info ][gc,heap        ] GC(1853) DefNew: 19396K->1173K(19648K)
[15.919s][info ][gc,heap        ] GC(1853) Tenured: 35578K->35969K(43712K)
[15.919s][info ][gc,metaspace   ] GC(1853) Metaspace: 16404K->16404K(1064960K)
[15.919s][info ][gc             ] GC(1853) Pause Young (Allocation Failure) 53M->36M(61M) 0.578ms
[15.919s][info ][gc,cpu         ] GC(1853) User=0.00s Sys=0.00s Real=0.00s
[15.920s][info ][gc,start       ] GC(1854) Pause Young (Allocation Failure)
[15.921s][debug][gc,age         ] GC(1854) Desired survivor size 1114112 bytes, new threshold 1 (max threshold 15)
[15.921s][info ][gc,heap        ] GC(1854) DefNew: 18303K->1955K(19648K)
[15.921s][info ][gc,heap        ] GC(1854) Tenured: 35969K->36360K(43712K)
[15.921s][info ][gc,metaspace   ] GC(1854) Metaspace: 16404K->16404K(1064960K)
[15.921s][info ][gc             ] GC(1854) Pause Young (Allocation Failure) 53M->37M(61M) 0.683ms
[15.921s][info ][gc,cpu         ] GC(1854) User=0.00s Sys=0.00s Real=0.00s
[15.922s][info ][gc,start       ] GC(1855) Pause Young (Allocation Failure)
[15.922s][debug][gc,age         ] GC(1855) Desired survivor size 1114112 bytes, new threshold 1 (max threshold 15)
[15.922s][info ][gc,heap        ] GC(1855) DefNew: 19141K->1955K(19648K)
[15.922s][info ][gc,heap        ] GC(1855) Tenured: 36360K->36360K(43712K)
[15.922s][info ][gc,metaspace   ] GC(1855) Metaspace: 16404K->16404K(1064960K)
[15.922s][info ][gc             ] GC(1855) Pause Young (Allocation Failure) 54M->37M(61M) 0.519ms
[15.922s][info ][gc,cpu         ] GC(1855) User=0.00s Sys=0.00s Real=0.00s
[15.924s][info ][gc,start       ] GC(1856) Pause Young (Allocation Failure)
[15.924s][debug][gc,age         ] GC(1856) Desired survivor size 1114112 bytes, new threshold 1 (max threshold 15)
[15.924s][info ][gc,heap        ] GC(1856) DefNew: 19125K->1955K(19648K)
[15.924s][info ][gc,heap        ] GC(1856) Tenured: 36360K->37532K(43712K)
[15.924s][info ][gc,metaspace   ] GC(1856) Metaspace: 16404K->16404K(1064960K)
[15.924s][info ][gc             ] GC(1856) Pause Young (Allocation Failure) 54M->38M(61M) 0.682ms
[15.924s][info ][gc,cpu         ] GC(1856) User=0.01s Sys=0.00s Real=0.00s
[15.926s][info ][gc,start       ] GC(1857) Pause Young (Allocation Failure)
[15.926s][debug][gc,age         ] GC(1857) Desired survivor size 1114112 bytes, new threshold 1 (max threshold 15)
[15.926s][info ][gc,heap        ] GC(1857) DefNew: 19115K->1955K(19648K)
[15.926s][info ][gc,heap        ] GC(1857) Tenured: 37532K->37532K(43712K)
[15.926s][info ][gc,metaspace   ] GC(1857) Metaspace: 16404K->16404K(1064960K)
[15.926s][info ][gc             ] GC(1857) Pause Young (Allocation Failure) 55M->38M(61M) 0.515ms
[15.926s][info ][gc,cpu         ] GC(1857) User=0.01s Sys=0.00s Real=0.00s
[15.928s][info ][gc,start       ] GC(1858) Pause Young (Allocation Failure)
[15.928s][debug][gc,age         ] GC(1858) Desired survivor size 1114112 bytes, new threshold 1 (max threshold 15)
[15.928s][info ][gc,heap        ] GC(1858) DefNew: 19108K->1955K(19648K)
[15.928s][info ][gc,heap        ] GC(1858) Tenured: 37532K->37532K(43712K)
[15.928s][info ][gc,metaspace   ] GC(1858) Metaspace: 16404K->16404K(1064960K)
[15.928s][info ][gc             ] GC(1858) Pause Young (Allocation Failure) 55M->38M(61M) 0.608ms
[15.928s][info ][gc,cpu         ] GC(1858) User=0.00s Sys=0.00s Real=0.00s
[15.930s][info ][gc,start       ] GC(1859) Pause Young (Allocation Failure)
[15.930s][debug][gc,age         ] GC(1859) Desired survivor size 1114112 bytes, new threshold 1 (max threshold 15)
[15.930s][info ][gc,heap        ] GC(1859) DefNew: 19061K->1955K(19648K)
[15.930s][info ][gc,heap        ] GC(1859) Tenured: 37532K->38314K(43712K)
[15.930s][info ][gc,metaspace   ] GC(1859) Metaspace: 16404K->16404K(1064960K)
[15.930s][info ][gc             ] GC(1859) Pause Young (Allocation Failure) 55M->39M(61M) 0.803ms
[15.930s][info ][gc,cpu         ] GC(1859) User=0.00s Sys=0.00s Real=0.00s
[15.932s][info ][gc,start       ] GC(1860) Pause Young (Allocation Failure)
[15.932s][debug][gc,age         ] GC(1860) Desired survivor size 1114112 bytes, new threshold 1 (max threshold 15)
[15.932s][info ][gc,heap        ] GC(1860) DefNew: 19115K->1955K(19648K)
[15.932s][info ][gc,heap        ] GC(1860) Tenured: 38314K->38314K(43712K)
[15.932s][info ][gc,metaspace   ] GC(1860) Metaspace: 16404K->16404K(1064960K)
[15.932s][info ][gc             ] GC(1860) Pause Young (Allocation Failure) 56M->39M(61M) 0.533ms
[15.932s][info ][gc,cpu         ] GC(1860) User=0.00s Sys=0.00s Real=0.00s
[15.933s][info ][gc,start       ] GC(1861) Pause Young (Allocation Failure)
[15.934s][debug][gc,age         ] GC(1861) Desired survivor size 1114112 bytes, new threshold 1 (max threshold 15)
[15.934s][info ][gc,heap        ] GC(1861) DefNew: 19108K->1955K(19648K)
[15.934s][info ][gc,heap        ] GC(1861) Tenured: 38314K->39486K(43712K)
[15.934s][info ][gc,metaspace   ] GC(1861) Metaspace: 16404K->16404K(1064960K)
[15.934s][info ][gc             ] GC(1861) Pause Young (Allocation Failure) 56M->40M(61M) 0.674ms
[15.934s][info ][gc,cpu         ] GC(1861) User=0.00s Sys=0.00s Real=0.00s
[15.935s][info ][gc,start       ] GC(1862) Pause Young (Allocation Failure)
[15.936s][debug][gc,age         ] GC(1862) Desired survivor size 1114112 bytes, new threshold 1 (max threshold 15)
[15.936s][info ][gc,heap        ] GC(1862) DefNew: 19104K->1564K(19648K)
[15.936s][info ][gc,heap        ] GC(1862) Tenured: 39486K->39486K(43712K)
[15.936s][info ][gc,metaspace   ] GC(1862) Metaspace: 16404K->16404K(1064960K)
[15.936s][info ][gc             ] GC(1862) Pause Young (Allocation Failure) 57M->40M(61M) 0.551ms
[15.936s][info ][gc,cpu         ] GC(1862) User=0.00s Sys=0.00s Real=0.00s
[15.937s][info ][gc,start       ] GC(1863) Pause Young (Allocation Failure)
[15.938s][debug][gc,age         ] GC(1863) Desired survivor size 1114112 bytes, new threshold 1 (max threshold 15)
[15.938s][info ][gc,heap        ] GC(1863) DefNew: 18710K->1955K(19648K)
[15.938s][info ][gc,heap        ] GC(1863) Tenured: 39486K->39486K(43712K)
[15.938s][info ][gc,metaspace   ] GC(1863) Metaspace: 16404K->16404K(1064960K)
[15.938s][info ][gc             ] GC(1863) Pause Young (Allocation Failure) 56M->40M(61M) 0.667ms
[15.938s][info ][gc,cpu         ] GC(1863) User=0.01s Sys=0.00s Real=0.00s
[15.939s][info ][gc,start       ] GC(1864) Pause Young (Allocation Failure)
[15.940s][debug][gc,age         ] GC(1864) Desired survivor size 1114112 bytes, new threshold 1 (max threshold 15)
[15.940s][info ][gc,heap        ] GC(1864) DefNew: 19099K->1955K(19648K)
[15.940s][info ][gc,heap        ] GC(1864) Tenured: 39486K->39486K(43712K)
[15.940s][info ][gc,metaspace   ] GC(1864) Metaspace: 16404K->16404K(1064960K)
[15.940s][info ][gc             ] GC(1864) Pause Young (Allocation Failure) 57M->40M(61M) 0.551ms
[15.940s][info ][gc,cpu         ] GC(1864) User=0.00s Sys=0.00s Real=0.01s
[15.941s][info ][gc,start       ] GC(1865) Pause Young (Allocation Failure)
[15.942s][debug][gc,age         ] GC(1865) Desired survivor size 1114112 bytes, new threshold 1 (max threshold 15)
[15.942s][info ][gc,heap        ] GC(1865) DefNew: 19098K->1955K(19648K)
[15.942s][info ][gc,heap        ] GC(1865) Tenured: 39486K->39877K(43712K)
[15.942s][info ][gc,metaspace   ] GC(1865) Metaspace: 16404K->16404K(1064960K)
[15.942s][info ][gc             ] GC(1865) Pause Young (Allocation Failure) 57M->40M(61M) 0.571ms
[15.942s][info ][gc,cpu         ] GC(1865) User=0.00s Sys=0.00s Real=0.00s
[15.943s][info ][gc,start       ] GC(1866) Pause Young (Allocation Failure)
[15.943s][debug][gc,age         ] GC(1866) Desired survivor size 1114112 bytes, new threshold 1 (max threshold 15)
[15.944s][info ][gc,heap        ] GC(1866) DefNew: 19097K->1955K(19648K)
[15.944s][info ][gc,heap        ] GC(1866) Tenured: 39877K->40658K(43712K)
[15.944s][info ][gc,metaspace   ] GC(1866) Metaspace: 16404K->16404K(1064960K)
[15.944s][info ][gc             ] GC(1866) Pause Young (Allocation Failure) 57M->41M(61M) 0.622ms
[15.944s][info ][gc,cpu         ] GC(1866) User=0.00s Sys=0.00s Real=0.00s
[15.945s][info ][gc,start       ] GC(1867) Pause Young (Allocation Failure)
[15.945s][debug][gc,age         ] GC(1867) Desired survivor size 1114112 bytes, new threshold 1 (max threshold 15)
[15.945s][info ][gc,heap        ] GC(1867) DefNew: 19096K->1955K(19648K)
[15.945s][info ][gc,heap        ] GC(1867) Tenured: 40658K->41439K(43712K)
[15.945s][info ][gc,metaspace   ] GC(1867) Metaspace: 16404K->16404K(1064960K)
[15.945s][info ][gc             ] GC(1867) Pause Young (Allocation Failure) 58M->42M(61M) 0.637ms
[15.946s][info ][gc,cpu         ] GC(1867) User=0.00s Sys=0.00s Real=0.00s
[15.947s][info ][gc,start       ] GC(1868) Pause Young (Allocation Failure)
[15.948s][debug][gc,age         ] GC(1868) Desired survivor size 1114112 bytes, new threshold 1 (max threshold 15)
[15.948s][info ][gc,heap        ] GC(1868) DefNew: 19096K->1955K(19648K)
[15.948s][info ][gc,heap        ] GC(1868) Tenured: 41439K->42221K(43712K)
[15.948s][info ][gc,metaspace   ] GC(1868) Metaspace: 16404K->16404K(1064960K)
[15.948s][info ][gc             ] GC(1868) Pause Young (Allocation Failure) 59M->43M(61M) 0.714ms
[15.948s][info ][gc,cpu         ] GC(1868) User=0.00s Sys=0.00s Real=0.00s
[15.949s][info ][gc,start       ] GC(1869) Pause Young (Allocation Failure)
[15.949s][debug][gc,age         ] GC(1869) Desired survivor size 1114112 bytes, new threshold 1 (max threshold 15)
[15.949s][info ][gc,heap        ] GC(1869) DefNew: 19096K->1955K(19648K)
[15.950s][info ][gc,heap        ] GC(1869) Tenured: 42221K->43002K(43712K)
[15.950s][info ][gc,metaspace   ] GC(1869) Metaspace: 16404K->16404K(1064960K)
[15.950s][info ][gc             ] GC(1869) Pause Young (Allocation Failure) 59M->43M(61M) 0.597ms
[15.950s][info ][gc,cpu         ] GC(1869) User=0.01s Sys=0.00s Real=0.01s
[15.951s][info ][gc,start       ] GC(1870) Pause Young (Allocation Failure)
[15.951s][info ][gc,start       ] GC(1871) Pause Full (Allocation Failure)
[15.951s][info ][gc,phases,start] GC(1871) Phase 1: Mark live objects
[15.954s][debug][gc,phases      ] GC(1871) Reference Processing 0.039ms
[15.955s][debug][gc,phases      ] GC(1871) Weak Processing 0.013ms
[15.955s][debug][gc,phases      ] GC(1871) ClassLoaderData 0.025ms
[15.955s][debug][gc,phases      ] GC(1871) ProtectionDomainCacheTable 0.005ms
[15.955s][debug][gc,phases      ] GC(1871) ResolvedMethodTable 0.015ms
[15.955s][debug][gc,phases      ] GC(1871) Class Unloading 0.860ms
[15.955s][debug][gc,phases      ] GC(1871) Scrub String Table 0.075ms
[15.957s][debug][gc,phases      ] GC(1871) Scrub Symbol Table 1.109ms
[15.957s][info ][gc,phases      ] GC(1871) Phase 1: Mark live objects 5.377ms
[15.957s][info ][gc,phases,start] GC(1871) Phase 2: Compute new object addresses
[15.958s][info ][gc,phases      ] GC(1871) Phase 2: Compute new object addresses 0.919ms
[15.958s][info ][gc,phases,start] GC(1871) Phase 3: Adjust pointers
[15.962s][info ][gc,phases      ] GC(1871) Phase 3: Adjust pointers 3.944ms
[15.962s][info ][gc,phases,start] GC(1871) Phase 4: Move objects
[15.962s][info ][gc,phases      ] GC(1871) Phase 4: Move objects 0.317ms
[15.962s][info ][gc             ] GC(1871) Pause Full (Allocation Failure) 60M->5M(61M) 10.887ms
[15.962s][info ][gc,heap        ] GC(1870) DefNew: 19096K->0K(19648K)
[15.962s][info ][gc,heap        ] GC(1870) Tenured: 43002K->5880K(43712K)
[15.962s][info ][gc,metaspace   ] GC(1870) Metaspace: 16404K->16404K(1064960K)
[15.962s][info ][gc             ] GC(1870) Pause Young (Allocation Failure) 60M->5M(61M) 11.029ms
[15.962s][info ][gc,cpu         ] GC(1870) User=0.01s Sys=0.00s Real=0.01s
[15.964s][info ][gc,start       ] GC(1872) Pause Young (Allocation Failure)
[15.964s][debug][gc,age         ] GC(1872) Desired survivor size 1114112 bytes, new threshold 1 (max threshold 15)
[15.964s][info ][gc,heap        ] GC(1872) DefNew: 17472K->1564K(19648K)
[15.964s][info ][gc,heap        ] GC(1872) Tenured: 5880K->5880K(43712K)
[15.964s][info ][gc,metaspace   ] GC(1872) Metaspace: 16404K->16404K(1064960K)
[15.964s][info ][gc             ] GC(1872) Pause Young (Allocation Failure) 22M->7M(61M) 0.585ms
[15.964s][info ][gc,cpu         ] GC(1872) User=0.00s Sys=0.00s Real=0.00s
[15.965s][info ][gc,start       ] GC(1873) Pause Young (Allocation Failure)
[15.966s][debug][gc,age         ] GC(1873) Desired survivor size 1114112 bytes, new threshold 1 (max threshold 15)
[15.966s][info ][gc,heap        ] GC(1873) DefNew: 18663K->1955K(19648K)
[15.966s][info ][gc,heap        ] GC(1873) Tenured: 5880K->6662K(43712K)
[15.966s][info ][gc,metaspace   ] GC(1873) Metaspace: 16404K->16404K(1064960K)
[15.966s][info ][gc             ] GC(1873) Pause Young (Allocation Failure) 23M->8M(61M) 0.802ms
[15.966s][info ][gc,cpu         ] GC(1873) User=0.00s Sys=0.00s Real=0.00s
[15.967s][info ][gc,start       ] GC(1874) Pause Young (Allocation Failure)
[15.968s][debug][gc,age         ] GC(1874) Desired survivor size 1114112 bytes, new threshold 1 (max threshold 15)
[15.968s][info ][gc,heap        ] GC(1874) DefNew: 19083K->1564K(19648K)
[15.968s][info ][gc,heap        ] GC(1874) Tenured: 6662K->7053K(43712K)
[15.968s][info ][gc,metaspace   ] GC(1874) Metaspace: 16404K->16404K(1064960K)
[15.968s][info ][gc             ] GC(1874) Pause Young (Allocation Failure) 25M->8M(61M) 0.567ms
[15.968s][info ][gc,cpu         ] GC(1874) User=0.00s Sys=0.00s Real=0.00s
[15.970s][info ][gc,start       ] GC(1875) Pause Young (Allocation Failure)
[15.970s][debug][gc,age         ] GC(1875) Desired survivor size 1114112 bytes, new threshold 1 (max threshold 15)
[15.970s][info ][gc,heap        ] GC(1875) DefNew: 18983K->1954K(19648K)
[15.970s][info ][gc,heap        ] GC(1875) Tenured: 7053K->7445K(43712K)
[15.970s][info ][gc,metaspace   ] GC(1875) Metaspace: 16404K->16404K(1064960K)
[15.970s][info ][gc             ] GC(1875) Pause Young (Allocation Failure) 25M->9M(61M) 0.624ms
[15.970s][info ][gc,cpu         ] GC(1875) User=0.00s Sys=0.00s Real=0.00s
[15.972s][info ][gc,start       ] GC(1876) Pause Young (Allocation Failure)
[15.972s][debug][gc,age         ] GC(1876) Desired survivor size 1114112 bytes, new threshold 1 (max threshold 15)
[15.972s][info ][gc,heap        ] GC(1876) DefNew: 19125K->1955K(19648K)
[15.972s][info ][gc,heap        ] GC(1876) Tenured: 7445K->8617K(43712K)
[15.972s][info ][gc,metaspace   ] GC(1876) Metaspace: 16404K->16404K(1064960K)
[15.972s][info ][gc             ] GC(1876) Pause Young (Allocation Failure) 25M->10M(61M) 0.803ms
[15.972s][info ][gc,cpu         ] GC(1876) User=0.00s Sys=0.00s Real=0.00s
[15.974s][info ][gc,start       ] GC(1877) Pause Young (Allocation Failure)
[15.974s][debug][gc,age         ] GC(1877) Desired survivor size 1114112 bytes, new threshold 1 (max threshold 15)
[15.974s][info ][gc,heap        ] GC(1877) DefNew: 19159K->1564K(19648K)
[15.974s][info ][gc,heap        ] GC(1877) Tenured: 8617K->8617K(43712K)
[15.974s][info ][gc,metaspace   ] GC(1877) Metaspace: 16404K->16404K(1064960K)
[15.974s][info ][gc             ] GC(1877) Pause Young (Allocation Failure) 27M->9M(61M) 0.645ms
[15.975s][info ][gc,cpu         ] GC(1877) User=0.00s Sys=0.00s Real=0.00s
[15.976s][info ][gc,start       ] GC(1878) Pause Young (Allocation Failure)
[15.976s][debug][gc,age         ] GC(1878) Desired survivor size 1114112 bytes, new threshold 1 (max threshold 15)
[15.976s][info ][gc,heap        ] GC(1878) DefNew: 18746K->1955K(19648K)
[15.976s][info ][gc,heap        ] GC(1878) Tenured: 8617K->9789K(43712K)
[15.976s][info ][gc,metaspace   ] GC(1878) Metaspace: 16404K->16404K(1064960K)
[15.976s][info ][gc             ] GC(1878) Pause Young (Allocation Failure) 26M->11M(61M) 0.644ms
[15.976s][info ][gc,cpu         ] GC(1878) User=0.00s Sys=0.00s Real=0.00s
[15.978s][info ][gc,start       ] GC(1879) Pause Young (Allocation Failure)
[15.978s][debug][gc,age         ] GC(1879) Desired survivor size 1114112 bytes, new threshold 1 (max threshold 15)
[15.978s][info ][gc,heap        ] GC(1879) DefNew: 19122K->1564K(19648K)
[15.978s][info ][gc,heap        ] GC(1879) Tenured: 9789K->9789K(43712K)
[15.978s][info ][gc,metaspace   ] GC(1879) Metaspace: 16404K->16404K(1064960K)
[15.978s][info ][gc             ] GC(1879) Pause Young (Allocation Failure) 28M->11M(61M) 0.586ms
[15.978s][info ][gc,cpu         ] GC(1879) User=0.00s Sys=0.00s Real=0.00s
[15.980s][info ][gc,start       ] GC(1880) Pause Young (Allocation Failure)
[15.981s][debug][gc,age         ] GC(1880) Desired survivor size 1114112 bytes, new threshold 1 (max threshold 15)
[15.981s][info ][gc,heap        ] GC(1880) DefNew: 18722K->1955K(19648K)
[15.981s][info ][gc,heap        ] GC(1880) Tenured: 9789K->10961K(43712K)
[15.981s][info ][gc,metaspace   ] GC(1880) Metaspace: 16404K->16404K(1064960K)
[15.981s][info ][gc             ] GC(1880) Pause Young (Allocation Failure) 27M->12M(61M) 0.822ms
[15.981s][info ][gc,cpu         ] GC(1880) User=0.00s Sys=0.00s Real=0.00s
[15.982s][info ][gc,start       ] GC(1881) Pause Young (Allocation Failure)
[15.983s][debug][gc,age         ] GC(1881) Desired survivor size 1114112 bytes, new threshold 1 (max threshold 15)
[15.983s][info ][gc,heap        ] GC(1881) DefNew: 19106K->1955K(19648K)
[15.983s][info ][gc,heap        ] GC(1881) Tenured: 10961K->11352K(43712K)
[15.983s][info ][gc,metaspace   ] GC(1881) Metaspace: 16404K->16404K(1064960K)
[15.983s][info ][gc             ] GC(1881) Pause Young (Allocation Failure) 29M->12M(61M) 0.569ms
[15.983s][info ][gc,cpu         ] GC(1881) User=0.00s Sys=0.00s Real=0.00s
[15.984s][info ][gc,start       ] GC(1882) Pause Young (Allocation Failure)
[15.985s][debug][gc,age         ] GC(1882) Desired survivor size 1114112 bytes, new threshold 1 (max threshold 15)
[15.985s][info ][gc,heap        ] GC(1882) DefNew: 19103K->1955K(19648K)
[15.985s][info ][gc,heap        ] GC(1882) Tenured: 11352K->11743K(43712K)
[15.985s][info ][gc,metaspace   ] GC(1882) Metaspace: 16404K->16404K(1064960K)
[15.985s][info ][gc             ] GC(1882) Pause Young (Allocation Failure) 29M->13M(61M) 0.666ms
[15.985s][info ][gc,cpu         ] GC(1882) User=0.00s Sys=0.00s Real=0.00s
[15.986s][info ][gc,start       ] GC(1883) Pause Young (Allocation Failure)
[15.987s][debug][gc,age         ] GC(1883) Desired survivor size 1114112 bytes, new threshold 1 (max threshold 15)
[15.987s][info ][gc,heap        ] GC(1883) DefNew: 19100K->1955K(19648K)
[15.987s][info ][gc,heap        ] GC(1883) Tenured: 11743K->12915K(43712K)
[15.987s][info ][gc,metaspace   ] GC(1883) Metaspace: 16404K->16404K(1064960K)
[15.987s][info ][gc             ] GC(1883) Pause Young (Allocation Failure) 30M->14M(61M) 0.869ms
[15.987s][info ][gc,cpu         ] GC(1883) User=0.00s Sys=0.00s Real=0.00s
[15.988s][info ][gc,start       ] GC(1884) Pause Young (Allocation Failure)
[15.989s][debug][gc,age         ] GC(1884) Desired survivor size 1114112 bytes, new threshold 1 (max threshold 15)
[15.989s][info ][gc,heap        ] GC(1884) DefNew: 19098K->1955K(19648K)
[15.989s][info ][gc,heap        ] GC(1884) Tenured: 12915K->13306K(43712K)
[15.989s][info ][gc,metaspace   ] GC(1884) Metaspace: 16404K->16404K(1064960K)
[15.989s][info ][gc             ] GC(1884) Pause Young (Allocation Failure) 31M->14M(61M) 0.556ms
[15.989s][info ][gc,cpu         ] GC(1884) User=0.00s Sys=0.00s Real=0.00s
[15.990s][info ][gc,start       ] GC(1885) Pause Young (Allocation Failure)
[15.991s][debug][gc,age         ] GC(1885) Desired survivor size 1114112 bytes, new threshold 1 (max threshold 15)
[15.991s][info ][gc,heap        ] GC(1885) DefNew: 19098K->1955K(19648K)
[15.991s][info ][gc,heap        ] GC(1885) Tenured: 13306K->14087K(43712K)
[15.991s][info ][gc,metaspace   ] GC(1885) Metaspace: 16404K->16404K(1064960K)
[15.991s][info ][gc             ] GC(1885) Pause Young (Allocation Failure) 31M->15M(61M) 0.684ms
[15.991s][info ][gc,cpu         ] GC(1885) User=0.00s Sys=0.00s Real=0.00s
[15.992s][info ][gc,start       ] GC(1886) Pause Young (Allocation Failure)
[15.992s][debug][gc,age         ] GC(1886) Desired survivor size 1114112 bytes, new threshold 1 (max threshold 15)
[15.992s][info ][gc,heap        ] GC(1886) DefNew: 19097K->1955K(19648K)
[15.992s][info ][gc,heap        ] GC(1886) Tenured: 14087K->14087K(43712K)
[15.992s][info ][gc,metaspace   ] GC(1886) Metaspace: 16404K->16404K(1064960K)
[15.992s][info ][gc             ] GC(1886) Pause Young (Allocation Failure) 32M->15M(61M) 0.603ms
[15.992s][info ][gc,cpu         ] GC(1886) User=0.00s Sys=0.00s Real=0.00s
[15.994s][info ][gc,start       ] GC(1887) Pause Young (Allocation Failure)
[15.994s][debug][gc,age         ] GC(1887) Desired survivor size 1114112 bytes, new threshold 1 (max threshold 15)
[15.994s][info ][gc,heap        ] GC(1887) DefNew: 19096K->1955K(19648K)
[15.994s][info ][gc,heap        ] GC(1887) Tenured: 14087K->15259K(43712K)
[15.994s][info ][gc,metaspace   ] GC(1887) Metaspace: 16404K->16404K(1064960K)
[15.994s][info ][gc             ] GC(1887) Pause Young (Allocation Failure) 32M->16M(61M) 0.629ms
[15.994s][info ][gc,cpu         ] GC(1887) User=0.00s Sys=0.00s Real=0.00s
[15.996s][info ][gc,start       ] GC(1888) Pause Young (Allocation Failure)
[15.996s][debug][gc,age         ] GC(1888) Desired survivor size 1114112 bytes, new threshold 1 (max threshold 15)
[15.997s][info ][gc,heap        ] GC(1888) DefNew: 19096K->1564K(19648K)
[15.997s][info ][gc,heap        ] GC(1888) Tenured: 15259K->15259K(43712K)
[15.997s][info ][gc,metaspace   ] GC(1888) Metaspace: 16404K->16404K(1064960K)
[15.997s][info ][gc             ] GC(1888) Pause Young (Allocation Failure) 33M->16M(61M) 0.539ms
[15.997s][info ][gc,cpu         ] GC(1888) User=0.00s Sys=0.01s Real=0.00s
[15.998s][info ][gc,start       ] GC(1889) Pause Young (Allocation Failure)
[15.998s][debug][gc,age         ] GC(1889) Desired survivor size 1114112 bytes, new threshold 1 (max threshold 15)
[15.998s][info ][gc,heap        ] GC(1889) DefNew: 18705K->1955K(19648K)
[15.998s][info ][gc,heap        ] GC(1889) Tenured: 15259K->16040K(43712K)
[15.998s][info ][gc,metaspace   ] GC(1889) Metaspace: 16404K->16404K(1064960K)
[15.998s][info ][gc             ] GC(1889) Pause Young (Allocation Failure) 33M->17M(61M) 0.630ms
[15.999s][info ][gc,cpu         ] GC(1889) User=0.01s Sys=0.00s Real=0.00s
[16.000s][info ][gc,start       ] GC(1890) Pause Young (Allocation Failure)
[16.000s][debug][gc,age         ] GC(1890) Desired survivor size 1114112 bytes, new threshold 1 (max threshold 15)
[16.000s][info ][gc,heap        ] GC(1890) DefNew: 19096K->1955K(19648K)
[16.000s][info ][gc,heap        ] GC(1890) Tenured: 16040K->16822K(43712K)
[16.000s][info ][gc,metaspace   ] GC(1890) Metaspace: 16404K->16404K(1064960K)
[16.000s][info ][gc             ] GC(1890) Pause Young (Allocation Failure) 34M->18M(61M) 0.703ms
[16.000s][info ][gc,cpu         ] GC(1890) User=0.00s Sys=0.00s Real=0.00s
[16.002s][info ][gc,start       ] GC(1891) Pause Young (Allocation Failure)
[16.002s][debug][gc,age         ] GC(1891) Desired survivor size 1114112 bytes, new threshold 1 (max threshold 15)
[16.002s][info ][gc,heap        ] GC(1891) DefNew: 19096K->1955K(19648K)
[16.002s][info ][gc,heap        ] GC(1891) Tenured: 16822K->17212K(43712K)
[16.002s][info ][gc,metaspace   ] GC(1891) Metaspace: 16404K->16404K(1064960K)
[16.002s][info ][gc             ] GC(1891) Pause Young (Allocation Failure) 35M->18M(61M) 0.678ms
[16.002s][info ][gc,cpu         ] GC(1891) User=0.00s Sys=0.00s Real=0.00s
[16.004s][info ][gc,start       ] GC(1892) Pause Young (Allocation Failure)
[16.004s][debug][gc,age         ] GC(1892) Desired survivor size 1114112 bytes, new threshold 1 (max threshold 15)
[16.004s][info ][gc,heap        ] GC(1892) DefNew: 19096K->1955K(19648K)
[16.004s][info ][gc,heap        ] GC(1892) Tenured: 17212K->17994K(43712K)
[16.004s][info ][gc,metaspace   ] GC(1892) Metaspace: 16404K->16404K(1064960K)
[16.004s][info ][gc             ] GC(1892) Pause Young (Allocation Failure) 35M->19M(61M) 0.650ms
[16.005s][info ][gc,cpu         ] GC(1892) User=0.00s Sys=0.00s Real=0.00s
[16.006s][info ][gc,start       ] GC(1893) Pause Young (Allocation Failure)
[16.006s][debug][gc,age         ] GC(1893) Desired survivor size 1114112 bytes, new threshold 1 (max threshold 15)
[16.006s][info ][gc,heap        ] GC(1893) DefNew: 19096K->1955K(19648K)
[16.006s][info ][gc,heap        ] GC(1893) Tenured: 17994K->17994K(43712K)
[16.006s][info ][gc,metaspace   ] GC(1893) Metaspace: 16404K->16404K(1064960K)
[16.006s][info ][gc             ] GC(1893) Pause Young (Allocation Failure) 36M->19M(61M) 0.524ms
[16.006s][info ][gc,cpu         ] GC(1893) User=0.00s Sys=0.00s Real=0.00s
[16.008s][info ][gc,start       ] GC(1894) Pause Young (Allocation Failure)
[16.008s][debug][gc,age         ] GC(1894) Desired survivor size 1114112 bytes, new threshold 1 (max threshold 15)
[16.008s][info ][gc,heap        ] GC(1894) DefNew: 19095K->1955K(19648K)
[16.008s][info ][gc,heap        ] GC(1894) Tenured: 17994K->17994K(43712K)
[16.008s][info ][gc,metaspace   ] GC(1894) Metaspace: 16404K->16404K(1064960K)
[16.008s][info ][gc             ] GC(1894) Pause Young (Allocation Failure) 36M->19M(61M) 0.486ms
[16.008s][info ][gc,cpu         ] GC(1894) User=0.00s Sys=0.00s Real=0.00s
[16.009s][info ][gc,start       ] GC(1895) Pause Young (Allocation Failure)
[16.010s][debug][gc,age         ] GC(1895) Desired survivor size 1114112 bytes, new threshold 1 (max threshold 15)
[16.010s][info ][gc,heap        ] GC(1895) DefNew: 19095K->1955K(19648K)
[16.010s][info ][gc,heap        ] GC(1895) Tenured: 17994K->18775K(43712K)
[16.010s][info ][gc,metaspace   ] GC(1895) Metaspace: 16404K->16404K(1064960K)
[16.010s][info ][gc             ] GC(1895) Pause Young (Allocation Failure) 36M->20M(61M) 0.709ms
[16.010s][info ][gc,cpu         ] GC(1895) User=0.00s Sys=0.00s Real=0.00s
[16.011s][info ][gc,start       ] GC(1896) Pause Young (Allocation Failure)
[16.012s][debug][gc,age         ] GC(1896) Desired survivor size 1114112 bytes, new threshold 1 (max threshold 15)
[16.012s][info ][gc,heap        ] GC(1896) DefNew: 19096K->1955K(19648K)
[16.012s][info ][gc,heap        ] GC(1896) Tenured: 18775K->19165K(43712K)
[16.012s][info ][gc,metaspace   ] GC(1896) Metaspace: 16404K->16404K(1064960K)
[16.012s][info ][gc             ] GC(1896) Pause Young (Allocation Failure) 36M->20M(61M) 0.706ms
[16.012s][info ][gc,cpu         ] GC(1896) User=0.00s Sys=0.00s Real=0.00s
[16.014s][info ][gc,start       ] GC(1897) Pause Young (Allocation Failure)
[16.014s][debug][gc,age         ] GC(1897) Desired survivor size 1114112 bytes, new threshold 1 (max threshold 15)
[16.014s][info ][gc,heap        ] GC(1897) DefNew: 19096K->1564K(19648K)
[16.014s][info ][gc,heap        ] GC(1897) Tenured: 19165K->19556K(43712K)
[16.014s][info ][gc,metaspace   ] GC(1897) Metaspace: 16404K->16404K(1064960K)
[16.014s][info ][gc             ] GC(1897) Pause Young (Allocation Failure) 37M->20M(61M) 0.636ms
[16.014s][info ][gc,cpu         ] GC(1897) User=0.01s Sys=0.00s Real=0.00s
[16.015s][info ][gc,start       ] GC(1898) Pause Young (Allocation Failure)
[16.016s][debug][gc,age         ] GC(1898) Desired survivor size 1114112 bytes, new threshold 1 (max threshold 15)
[16.016s][info ][gc,heap        ] GC(1898) DefNew: 18704K->1955K(19648K)
[16.016s][info ][gc,heap        ] GC(1898) Tenured: 19556K->19947K(43712K)
[16.016s][info ][gc,metaspace   ] GC(1898) Metaspace: 16404K->16404K(1064960K)
[16.016s][info ][gc             ] GC(1898) Pause Young (Allocation Failure) 37M->21M(61M) 0.568ms
[16.016s][info ][gc,cpu         ] GC(1898) User=0.00s Sys=0.00s Real=0.00s
[16.017s][info ][gc,start       ] GC(1899) Pause Young (Allocation Failure)
[16.018s][debug][gc,age         ] GC(1899) Desired survivor size 1114112 bytes, new threshold 1 (max threshold 15)
[16.018s][info ][gc,heap        ] GC(1899) DefNew: 19052K->1955K(19648K)
[16.018s][info ][gc,heap        ] GC(1899) Tenured: 19947K->20729K(43712K)
[16.018s][info ][gc,metaspace   ] GC(1899) Metaspace: 16404K->16404K(1064960K)
[16.018s][info ][gc             ] GC(1899) Pause Young (Allocation Failure) 38M->22M(61M) 0.768ms
[16.018s][info ][gc,cpu         ] GC(1899) User=0.00s Sys=0.00s Real=0.00s
[16.020s][info ][gc,start       ] GC(1900) Pause Young (Allocation Failure)
[16.020s][debug][gc,age         ] GC(1900) Desired survivor size 1114112 bytes, new threshold 1 (max threshold 15)
[16.020s][info ][gc,heap        ] GC(1900) DefNew: 19111K->1955K(19648K)
[16.020s][info ][gc,heap        ] GC(1900) Tenured: 20729K->20729K(43712K)
[16.020s][info ][gc,metaspace   ] GC(1900) Metaspace: 16404K->16404K(1064960K)
[16.020s][info ][gc             ] GC(1900) Pause Young (Allocation Failure) 38M->22M(61M) 0.598ms
[16.020s][info ][gc,cpu         ] GC(1900) User=0.00s Sys=0.00s Real=0.00s
[16.021s][info ][gc,start       ] GC(1901) Pause Young (Allocation Failure)
[16.022s][debug][gc,age         ] GC(1901) Desired survivor size 1114112 bytes, new threshold 1 (max threshold 15)
[16.022s][info ][gc,heap        ] GC(1901) DefNew: 19105K->1955K(19648K)
[16.022s][info ][gc,heap        ] GC(1901) Tenured: 20729K->21510K(43712K)
[16.022s][info ][gc,metaspace   ] GC(1901) Metaspace: 16404K->16404K(1064960K)
[16.022s][info ][gc             ] GC(1901) Pause Young (Allocation Failure) 38M->22M(61M) 0.611ms
[16.022s][info ][gc,cpu         ] GC(1901) User=0.00s Sys=0.00s Real=0.00s
[16.023s][info ][gc,start       ] GC(1902) Pause Young (Allocation Failure)
[16.024s][debug][gc,age         ] GC(1902) Desired survivor size 1114112 bytes, new threshold 1 (max threshold 15)
[16.024s][info ][gc,heap        ] GC(1902) DefNew: 19102K->1173K(19648K)
[16.024s][info ][gc,heap        ] GC(1902) Tenured: 21510K->21510K(43712K)
[16.024s][info ][gc,metaspace   ] GC(1902) Metaspace: 16404K->16404K(1064960K)
[16.024s][info ][gc             ] GC(1902) Pause Young (Allocation Failure) 39M->22M(61M) 0.499ms
[16.024s][info ][gc,cpu         ] GC(1902) User=0.00s Sys=0.00s Real=0.00s
[16.025s][info ][gc,start       ] GC(1903) Pause Young (Allocation Failure)
[16.026s][debug][gc,age         ] GC(1903) Desired survivor size 1114112 bytes, new threshold 1 (max threshold 15)
[16.026s][info ][gc,heap        ] GC(1903) DefNew: 18318K->1955K(19648K)
[16.026s][info ][gc,heap        ] GC(1903) Tenured: 21510K->22682K(43712K)
[16.026s][info ][gc,metaspace   ] GC(1903) Metaspace: 16404K->16404K(1064960K)
[16.026s][info ][gc             ] GC(1903) Pause Young (Allocation Failure) 38M->24M(61M) 0.703ms
[16.026s][info ][gc,cpu         ] GC(1903) User=0.00s Sys=0.00s Real=0.00s
[16.027s][info ][gc,start       ] GC(1904) Pause Young (Allocation Failure)
[16.028s][debug][gc,age         ] GC(1904) Desired survivor size 1114112 bytes, new threshold 1 (max threshold 15)
[16.028s][info ][gc,heap        ] GC(1904) DefNew: 19098K->1955K(19648K)
[16.028s][info ][gc,heap        ] GC(1904) Tenured: 22682K->22682K(43712K)
[16.028s][info ][gc,metaspace   ] GC(1904) Metaspace: 16404K->16404K(1064960K)
[16.028s][info ][gc             ] GC(1904) Pause Young (Allocation Failure) 40M->24M(61M) 0.533ms
[16.028s][info ][gc,cpu         ] GC(1904) User=0.00s Sys=0.00s Real=0.00s
[16.029s][info ][gc,start       ] GC(1905) Pause Young (Allocation Failure)
[16.030s][debug][gc,age         ] GC(1905) Desired survivor size 1114112 bytes, new threshold 1 (max threshold 15)
[16.030s][info ][gc,heap        ] GC(1905) DefNew: 19097K->1955K(19648K)
[16.030s][info ][gc,heap        ] GC(1905) Tenured: 22682K->23073K(43712K)
[16.030s][info ][gc,metaspace   ] GC(1905) Metaspace: 16404K->16404K(1064960K)
[16.030s][info ][gc             ] GC(1905) Pause Young (Allocation Failure) 40M->24M(61M) 0.836ms
[16.030s][info ][gc,cpu         ] GC(1905) User=0.00s Sys=0.00s Real=0.00s
[16.031s][info ][gc,start       ] GC(1906) Pause Young (Allocation Failure)
[16.032s][debug][gc,age         ] GC(1906) Desired survivor size 1114112 bytes, new threshold 1 (max threshold 15)
[16.032s][info ][gc,heap        ] GC(1906) DefNew: 19097K->1955K(19648K)
[16.032s][info ][gc,heap        ] GC(1906) Tenured: 23073K->23854K(43712K)
[16.032s][info ][gc,metaspace   ] GC(1906) Metaspace: 16404K->16404K(1064960K)
[16.032s][info ][gc             ] GC(1906) Pause Young (Allocation Failure) 41M->25M(61M) 0.612ms
[16.032s][info ][gc,cpu         ] GC(1906) User=0.00s Sys=0.00s Real=0.00s
[16.033s][info ][gc,start       ] GC(1907) Pause Young (Allocation Failure)
[16.034s][debug][gc,age         ] GC(1907) Desired survivor size 1114112 bytes, new threshold 1 (max threshold 15)
[16.034s][info ][gc,heap        ] GC(1907) DefNew: 19096K->1955K(19648K)
[16.034s][info ][gc,heap        ] GC(1907) Tenured: 23854K->24245K(43712K)
[16.034s][info ][gc,metaspace   ] GC(1907) Metaspace: 16404K->16404K(1064960K)
[16.034s][info ][gc             ] GC(1907) Pause Young (Allocation Failure) 41M->25M(61M) 0.768ms
[16.034s][info ][gc,cpu         ] GC(1907) User=0.00s Sys=0.00s Real=0.00s
[16.035s][info ][gc,start       ] GC(1908) Pause Young (Allocation Failure)
[16.036s][debug][gc,age         ] GC(1908) Desired survivor size 1114112 bytes, new threshold 1 (max threshold 15)
[16.036s][info ][gc,heap        ] GC(1908) DefNew: 19096K->1955K(19648K)
[16.036s][info ][gc,heap        ] GC(1908) Tenured: 24245K->25026K(43712K)
[16.036s][info ][gc,metaspace   ] GC(1908) Metaspace: 16404K->16404K(1064960K)
[16.036s][info ][gc             ] GC(1908) Pause Young (Allocation Failure) 42M->26M(61M) 0.606ms
[16.036s][info ][gc,cpu         ] GC(1908) User=0.00s Sys=0.00s Real=0.00s
[16.037s][info ][gc,start       ] GC(1909) Pause Young (Allocation Failure)
[16.038s][debug][gc,age         ] GC(1909) Desired survivor size 1114112 bytes, new threshold 1 (max threshold 15)
[16.038s][info ][gc,heap        ] GC(1909) DefNew: 19096K->1955K(19648K)
[16.038s][info ][gc,heap        ] GC(1909) Tenured: 25026K->25808K(43712K)
[16.038s][info ][gc,metaspace   ] GC(1909) Metaspace: 16404K->16404K(1064960K)
[16.038s][info ][gc             ] GC(1909) Pause Young (Allocation Failure) 43M->27M(61M) 0.692ms
[16.038s][info ][gc,cpu         ] GC(1909) User=0.00s Sys=0.00s Real=0.00s
[16.039s][info ][gc,start       ] GC(1910) Pause Young (Allocation Failure)
[16.040s][debug][gc,age         ] GC(1910) Desired survivor size 1114112 bytes, new threshold 1 (max threshold 15)
[16.040s][info ][gc,heap        ] GC(1910) DefNew: 19050K->1955K(19648K)
[16.040s][info ][gc,heap        ] GC(1910) Tenured: 25808K->26199K(43712K)
[16.040s][info ][gc,metaspace   ] GC(1910) Metaspace: 16404K->16404K(1064960K)
[16.040s][info ][gc             ] GC(1910) Pause Young (Allocation Failure) 43M->27M(61M) 0.685ms
[16.040s][info ][gc,cpu         ] GC(1910) User=0.00s Sys=0.00s Real=0.00s
[16.041s][info ][gc,start       ] GC(1911) Pause Young (Allocation Failure)
[16.042s][debug][gc,age         ] GC(1911) Desired survivor size 1114112 bytes, new threshold 1 (max threshold 15)
[16.042s][info ][gc,heap        ] GC(1911) DefNew: 19058K->1955K(19648K)
[16.042s][info ][gc,heap        ] GC(1911) Tenured: 26199K->27371K(43712K)
[16.042s][info ][gc,metaspace   ] GC(1911) Metaspace: 16404K->16404K(1064960K)
[16.042s][info ][gc             ] GC(1911) Pause Young (Allocation Failure) 44M->28M(61M) 0.741ms
[16.042s][info ][gc,cpu         ] GC(1911) User=0.01s Sys=0.00s Real=0.00s
[16.043s][info ][gc,start       ] GC(1912) Pause Young (Allocation Failure)
[16.044s][debug][gc,age         ] GC(1912) Desired survivor size 1114112 bytes, new threshold 1 (max threshold 15)
[16.044s][info ][gc,heap        ] GC(1912) DefNew: 19125K->1955K(19648K)
[16.044s][info ][gc,heap        ] GC(1912) Tenured: 27371K->28543K(43712K)
[16.044s][info ][gc,metaspace   ] GC(1912) Metaspace: 16404K->16404K(1064960K)
[16.044s][info ][gc             ] GC(1912) Pause Young (Allocation Failure) 45M->29M(61M) 0.833ms
[16.044s][info ][gc,cpu         ] GC(1912) User=0.00s Sys=0.00s Real=0.00s
[16.046s][info ][gc,start       ] GC(1913) Pause Young (Allocation Failure)
[16.046s][debug][gc,age         ] GC(1913) Desired survivor size 1114112 bytes, new threshold 1 (max threshold 15)
[16.046s][info ][gc,heap        ] GC(1913) DefNew: 19115K->1955K(19648K)
[16.046s][info ][gc,heap        ] GC(1913) Tenured: 28543K->29324K(43712K)
[16.047s][info ][gc,metaspace   ] GC(1913) Metaspace: 16404K->16404K(1064960K)
[16.047s][info ][gc             ] GC(1913) Pause Young (Allocation Failure) 46M->30M(61M) 0.897ms
[16.047s][info ][gc,cpu         ] GC(1913) User=0.00s Sys=0.00s Real=0.00s
[16.048s][info ][gc,start       ] GC(1914) Pause Young (Allocation Failure)
[16.048s][debug][gc,age         ] GC(1914) Desired survivor size 1114112 bytes, new threshold 1 (max threshold 15)
[16.048s][info ][gc,heap        ] GC(1914) DefNew: 19108K->1955K(19648K)
[16.048s][info ][gc,heap        ] GC(1914) Tenured: 29324K->30106K(43712K)
[16.048s][info ][gc,metaspace   ] GC(1914) Metaspace: 16404K->16404K(1064960K)
[16.048s][info ][gc             ] GC(1914) Pause Young (Allocation Failure) 47M->31M(61M) 0.597ms
[16.048s][info ][gc,cpu         ] GC(1914) User=0.00s Sys=0.00s Real=0.00s
[16.050s][info ][gc,start       ] GC(1915) Pause Young (Allocation Failure)
[16.051s][debug][gc,age         ] GC(1915) Desired survivor size 1114112 bytes, new threshold 1 (max threshold 15)
[16.051s][info ][gc,heap        ] GC(1915) DefNew: 19103K->1955K(19648K)
[16.051s][info ][gc,heap        ] GC(1915) Tenured: 30106K->31278K(43712K)
[16.051s][info ][gc,metaspace   ] GC(1915) Metaspace: 16404K->16404K(1064960K)
[16.051s][info ][gc             ] GC(1915) Pause Young (Allocation Failure) 48M->32M(61M) 0.919ms
[16.051s][info ][gc,cpu         ] GC(1915) User=0.00s Sys=0.00s Real=0.00s
[16.052s][info ][gc,start       ] GC(1916) Pause Young (Allocation Failure)
[16.052s][debug][gc,age         ] GC(1916) Desired survivor size 1114112 bytes, new threshold 1 (max threshold 15)
[16.052s][info ][gc,heap        ] GC(1916) DefNew: 19101K->1564K(19648K)
[16.052s][info ][gc,heap        ] GC(1916) Tenured: 31278K->31278K(43712K)
[16.052s][info ][gc,metaspace   ] GC(1916) Metaspace: 16404K->16404K(1064960K)
[16.052s][info ][gc             ] GC(1916) Pause Young (Allocation Failure) 49M->32M(61M) 0.472ms
[16.052s][info ][gc,cpu         ] GC(1916) User=0.00s Sys=0.00s Real=0.00s
[16.054s][info ][gc,start       ] GC(1917) Pause Young (Allocation Failure)
[16.055s][debug][gc,age         ] GC(1917) Desired survivor size 1114112 bytes, new threshold 1 (max threshold 15)
[16.055s][info ][gc,heap        ] GC(1917) DefNew: 18708K->1955K(19648K)
[16.055s][info ][gc,heap        ] GC(1917) Tenured: 31278K->32059K(43712K)
[16.055s][info ][gc,metaspace   ] GC(1917) Metaspace: 16404K->16404K(1064960K)
[16.055s][info ][gc             ] GC(1917) Pause Young (Allocation Failure) 48M->33M(61M) 0.687ms
[16.055s][info ][gc,cpu         ] GC(1917) User=0.00s Sys=0.00s Real=0.00s
[16.056s][info ][gc,start       ] GC(1918) Pause Young (Allocation Failure)
[16.057s][debug][gc,age         ] GC(1918) Desired survivor size 1114112 bytes, new threshold 1 (max threshold 15)
[16.057s][info ][gc,heap        ] GC(1918) DefNew: 19058K->1955K(19648K)
[16.057s][info ][gc,heap        ] GC(1918) Tenured: 32059K->32841K(43712K)
[16.057s][info ][gc,metaspace   ] GC(1918) Metaspace: 16404K->16404K(1064960K)
[16.057s][info ][gc             ] GC(1918) Pause Young (Allocation Failure) 49M->33M(61M) 0.737ms
[16.057s][info ][gc,cpu         ] GC(1918) User=0.01s Sys=0.00s Real=0.00s
[16.058s][info ][gc,start       ] GC(1919) Pause Young (Allocation Failure)
[16.059s][debug][gc,age         ] GC(1919) Desired survivor size 1114112 bytes, new threshold 1 (max threshold 15)
[16.059s][info ][gc,heap        ] GC(1919) DefNew: 19072K->1955K(19648K)
[16.059s][info ][gc,heap        ] GC(1919) Tenured: 32841K->33622K(43712K)
[16.059s][info ][gc,metaspace   ] GC(1919) Metaspace: 16404K->16404K(1064960K)
[16.059s][info ][gc             ] GC(1919) Pause Young (Allocation Failure) 50M->34M(61M) 0.788ms
[16.059s][info ][gc,cpu         ] GC(1919) User=0.00s Sys=0.00s Real=0.00s
[16.060s][info ][gc,start       ] GC(1920) Pause Young (Allocation Failure)
[16.061s][debug][gc,age         ] GC(1920) Desired survivor size 1114112 bytes, new threshold 1 (max threshold 15)
[16.061s][info ][gc,heap        ] GC(1920) DefNew: 19119K->1955K(19648K)
[16.061s][info ][gc,heap        ] GC(1920) Tenured: 33622K->33622K(43712K)
[16.061s][info ][gc,metaspace   ] GC(1920) Metaspace: 16404K->16404K(1064960K)
[16.061s][info ][gc             ] GC(1920) Pause Young (Allocation Failure) 51M->34M(61M) 0.536ms
[16.061s][info ][gc,cpu         ] GC(1920) User=0.00s Sys=0.00s Real=0.00s
[16.062s][info ][gc,start       ] GC(1921) Pause Young (Allocation Failure)
[16.063s][debug][gc,age         ] GC(1921) Desired survivor size 1114112 bytes, new threshold 1 (max threshold 15)
[16.063s][info ][gc,heap        ] GC(1921) DefNew: 19053K->1955K(19648K)
[16.063s][info ][gc,heap        ] GC(1921) Tenured: 33622K->34013K(43712K)
[16.063s][info ][gc,metaspace   ] GC(1921) Metaspace: 16404K->16404K(1064960K)
[16.063s][info ][gc             ] GC(1921) Pause Young (Allocation Failure) 51M->35M(61M) 0.809ms
[16.063s][info ][gc,cpu         ] GC(1921) User=0.00s Sys=0.00s Real=0.00s
[16.064s][info ][gc,start       ] GC(1922) Pause Young (Allocation Failure)
[16.065s][debug][gc,age         ] GC(1922) Desired survivor size 1114112 bytes, new threshold 1 (max threshold 15)
[16.065s][info ][gc,heap        ] GC(1922) DefNew: 19081K->1955K(19648K)
[16.065s][info ][gc,heap        ] GC(1922) Tenured: 34013K->34014K(43712K)
[16.065s][info ][gc,metaspace   ] GC(1922) Metaspace: 16404K->16404K(1064960K)
[16.065s][info ][gc             ] GC(1922) Pause Young (Allocation Failure) 51M->35M(61M) 0.679ms
[16.065s][info ][gc,cpu         ] GC(1922) User=0.00s Sys=0.00s Real=0.00s
[16.067s][info ][gc,start       ] GC(1923) Pause Young (Allocation Failure)
[16.067s][debug][gc,age         ] GC(1923) Desired survivor size 1114112 bytes, new threshold 15 (max threshold 15)
[16.067s][info ][gc,heap        ] GC(1923) DefNew: 19297K->782K(19648K)
[16.067s][info ][gc,heap        ] GC(1923) Tenured: 34014K->35187K(43712K)
[16.067s][info ][gc,metaspace   ] GC(1923) Metaspace: 16404K->16404K(1064960K)
[16.067s][info ][gc             ] GC(1923) Pause Young (Allocation Failure) 52M->35M(61M) 0.772ms
[16.067s][info ][gc,cpu         ] GC(1923) User=0.00s Sys=0.00s Real=0.00s
[16.069s][info ][gc,start       ] GC(1924) Pause Young (Allocation Failure)
[16.070s][debug][gc,age         ] GC(1924) Desired survivor size 1114112 bytes, new threshold 1 (max threshold 15)
[16.070s][info ][gc,heap        ] GC(1924) DefNew: 17872K->1565K(19648K)
[16.070s][info ][gc,heap        ] GC(1924) Tenured: 35187K->35187K(43712K)
[16.070s][info ][gc,metaspace   ] GC(1924) Metaspace: 16404K->16404K(1064960K)
[16.070s][info ][gc             ] GC(1924) Pause Young (Allocation Failure) 51M->35M(61M) 0.707ms
[16.070s][info ][gc,cpu         ] GC(1924) User=0.00s Sys=0.00s Real=0.01s
[16.071s][info ][gc,start       ] GC(1925) Pause Young (Allocation Failure)
[16.072s][debug][gc,age         ] GC(1925) Desired survivor size 1114112 bytes, new threshold 1 (max threshold 15)
[16.072s][info ][gc,heap        ] GC(1925) DefNew: 18826K->1955K(19648K)
[16.072s][info ][gc,heap        ] GC(1925) Tenured: 35187K->35968K(43712K)
[16.072s][info ][gc,metaspace   ] GC(1925) Metaspace: 16404K->16404K(1064960K)
[16.072s][info ][gc             ] GC(1925) Pause Young (Allocation Failure) 52M->37M(61M) 0.640ms
[16.072s][info ][gc,cpu         ] GC(1925) User=0.00s Sys=0.00s Real=0.00s
[16.073s][info ][gc,start       ] GC(1926) Pause Young (Allocation Failure)
[16.074s][debug][gc,age         ] GC(1926) Desired survivor size 1114112 bytes, new threshold 1 (max threshold 15)
[16.074s][info ][gc,heap        ] GC(1926) DefNew: 19427K->1563K(19648K)
[16.074s][info ][gc,heap        ] GC(1926) Tenured: 35968K->36751K(43712K)
[16.074s][info ][gc,metaspace   ] GC(1926) Metaspace: 16404K->16404K(1064960K)
[16.074s][info ][gc             ] GC(1926) Pause Young (Allocation Failure) 54M->37M(61M) 0.667ms
[16.074s][info ][gc,cpu         ] GC(1926) User=0.00s Sys=0.00s Real=0.00s
[16.075s][info ][gc,start       ] GC(1927) Pause Young (Allocation Failure)
[16.076s][debug][gc,age         ] GC(1927) Desired survivor size 1114112 bytes, new threshold 1 (max threshold 15)
[16.076s][info ][gc,heap        ] GC(1927) DefNew: 19029K->1564K(19648K)
[16.076s][info ][gc,heap        ] GC(1927) Tenured: 36751K->37532K(43712K)
[16.076s][info ][gc,metaspace   ] GC(1927) Metaspace: 16404K->16404K(1064960K)
[16.076s][info ][gc             ] GC(1927) Pause Young (Allocation Failure) 54M->38M(61M) 0.759ms
[16.076s][info ][gc,cpu         ] GC(1927) User=0.00s Sys=0.00s Real=0.00s
[16.077s][info ][gc,start       ] GC(1928) Pause Young (Allocation Failure)
[16.078s][debug][gc,age         ] GC(1928) Desired survivor size 1114112 bytes, new threshold 1 (max threshold 15)
[16.078s][info ][gc,heap        ] GC(1928) DefNew: 18729K->1955K(19648K)
[16.078s][info ][gc,heap        ] GC(1928) Tenured: 37532K->37533K(43712K)
[16.078s][info ][gc,metaspace   ] GC(1928) Metaspace: 16404K->16404K(1064960K)
[16.078s][info ][gc             ] GC(1928) Pause Young (Allocation Failure) 54M->38M(61M) 0.583ms
[16.078s][info ][gc,cpu         ] GC(1928) User=0.00s Sys=0.00s Real=0.00s
[16.080s][info ][gc,start       ] GC(1929) Pause Young (Allocation Failure)
[16.081s][debug][gc,age         ] GC(1929) Desired survivor size 1114112 bytes, new threshold 1 (max threshold 15)
[16.081s][info ][gc,heap        ] GC(1929) DefNew: 19427K->1954K(19648K)
[16.081s][info ][gc,heap        ] GC(1929) Tenured: 37533K->38315K(43712K)
[16.081s][info ][gc,metaspace   ] GC(1929) Metaspace: 16404K->16404K(1064960K)
[16.081s][info ][gc             ] GC(1929) Pause Young (Allocation Failure) 55M->39M(61M) 0.812ms
[16.081s][info ][gc,cpu         ] GC(1929) User=0.00s Sys=0.00s Real=0.00s
[16.082s][info ][gc,start       ] GC(1930) Pause Young (Allocation Failure)
[16.083s][debug][gc,age         ] GC(1930) Desired survivor size 1114112 bytes, new threshold 1 (max threshold 15)
[16.083s][info ][gc,heap        ] GC(1930) DefNew: 19158K->1955K(19648K)
[16.083s][info ][gc,heap        ] GC(1930) Tenured: 38315K->39097K(43712K)
[16.083s][info ][gc,metaspace   ] GC(1930) Metaspace: 16404K->16404K(1064960K)
[16.083s][info ][gc             ] GC(1930) Pause Young (Allocation Failure) 56M->40M(61M) 0.672ms
[16.083s][info ][gc,cpu         ] GC(1930) User=0.00s Sys=0.00s Real=0.00s
[16.084s][info ][gc,start       ] GC(1931) Pause Young (Allocation Failure)
[16.085s][debug][gc,age         ] GC(1931) Desired survivor size 1114112 bytes, new threshold 1 (max threshold 15)
[16.085s][info ][gc,heap        ] GC(1931) DefNew: 19179K->1955K(19648K)
[16.085s][info ][gc,heap        ] GC(1931) Tenured: 39097K->39878K(43712K)
[16.085s][info ][gc,metaspace   ] GC(1931) Metaspace: 16404K->16404K(1064960K)
[16.085s][info ][gc             ] GC(1931) Pause Young (Allocation Failure) 56M->40M(61M) 0.793ms
[16.085s][info ][gc,cpu         ] GC(1931) User=0.00s Sys=0.00s Real=0.00s
[16.086s][info ][gc,start       ] GC(1932) Pause Young (Allocation Failure)
[16.087s][debug][gc,age         ] GC(1932) Desired survivor size 1114112 bytes, new threshold 1 (max threshold 15)
[16.087s][info ][gc,heap        ] GC(1932) DefNew: 19084K->1564K(19648K)
[16.087s][info ][gc,heap        ] GC(1932) Tenured: 39878K->40269K(43712K)
[16.087s][info ][gc,metaspace   ] GC(1932) Metaspace: 16404K->16404K(1064960K)
[16.087s][info ][gc             ] GC(1932) Pause Young (Allocation Failure) 57M->40M(61M) 0.588ms
[16.087s][info ][gc,cpu         ] GC(1932) User=0.00s Sys=0.00s Real=0.00s
[16.088s][info ][gc,start       ] GC(1933) Pause Young (Allocation Failure)
[16.089s][debug][gc,age         ] GC(1933) Desired survivor size 1114112 bytes, new threshold 1 (max threshold 15)
[16.089s][info ][gc,heap        ] GC(1933) DefNew: 18763K->1564K(19648K)
[16.089s][info ][gc,heap        ] GC(1933) Tenured: 40269K->40270K(43712K)
[16.089s][info ][gc,metaspace   ] GC(1933) Metaspace: 16404K->16404K(1064960K)
[16.089s][info ][gc             ] GC(1933) Pause Young (Allocation Failure) 57M->40M(61M) 0.490ms
[16.089s][info ][gc,cpu         ] GC(1933) User=0.00s Sys=0.00s Real=0.00s
[16.090s][info ][gc,start       ] GC(1934) Pause Young (Allocation Failure)
[16.091s][debug][gc,age         ] GC(1934) Desired survivor size 1114112 bytes, new threshold 1 (max threshold 15)
[16.091s][info ][gc,heap        ] GC(1934) DefNew: 18683K->1955K(19648K)
[16.091s][info ][gc,heap        ] GC(1934) Tenured: 40270K->41051K(43712K)
[16.091s][info ][gc,metaspace   ] GC(1934) Metaspace: 16404K->16404K(1064960K)
[16.091s][info ][gc             ] GC(1934) Pause Young (Allocation Failure) 57M->41M(61M) 0.621ms
[16.091s][info ][gc,cpu         ] GC(1934) User=0.00s Sys=0.00s Real=0.00s
[16.092s][info ][gc,start       ] GC(1935) Pause Young (Allocation Failure)
[16.093s][debug][gc,age         ] GC(1935) Desired survivor size 1114112 bytes, new threshold 1 (max threshold 15)
[16.093s][info ][gc,heap        ] GC(1935) DefNew: 19093K->1955K(19648K)
[16.093s][info ][gc,heap        ] GC(1935) Tenured: 41051K->41442K(43712K)
[16.093s][info ][gc,metaspace   ] GC(1935) Metaspace: 16404K->16404K(1064960K)
[16.093s][info ][gc             ] GC(1935) Pause Young (Allocation Failure) 58M->42M(61M) 0.586ms
[16.093s][info ][gc,cpu         ] GC(1935) User=0.00s Sys=0.00s Real=0.00s
[16.094s][info ][gc,start       ] GC(1936) Pause Young (Allocation Failure)
[16.095s][debug][gc,age         ] GC(1936) Desired survivor size 1114112 bytes, new threshold 1 (max threshold 15)
[16.095s][info ][gc,heap        ] GC(1936) DefNew: 19096K->1955K(19648K)
[16.095s][info ][gc,heap        ] GC(1936) Tenured: 41442K->42224K(43712K)
[16.095s][info ][gc,metaspace   ] GC(1936) Metaspace: 16404K->16404K(1064960K)
[16.095s][info ][gc             ] GC(1936) Pause Young (Allocation Failure) 59M->43M(61M) 0.625ms
[16.095s][info ][gc,cpu         ] GC(1936) User=0.00s Sys=0.00s Real=0.00s
[16.096s][info ][gc,start       ] GC(1937) Pause Young (Allocation Failure)
[16.097s][debug][gc,age         ] GC(1937) Desired survivor size 1114112 bytes, new threshold 1 (max threshold 15)
[16.097s][info ][gc,heap        ] GC(1937) DefNew: 19138K->1955K(19648K)
[16.097s][info ][gc,heap        ] GC(1937) Tenured: 42224K->43005K(43712K)
[16.097s][info ][gc,metaspace   ] GC(1937) Metaspace: 16404K->16404K(1064960K)
[16.097s][info ][gc             ] GC(1937) Pause Young (Allocation Failure) 59M->43M(61M) 0.804ms
[16.097s][info ][gc,cpu         ] GC(1937) User=0.00s Sys=0.00s Real=0.00s
[16.098s][info ][gc,start       ] GC(1938) Pause Young (Allocation Failure)
[16.098s][info ][gc,start       ] GC(1939) Pause Full (Allocation Failure)
[16.098s][info ][gc,phases,start] GC(1939) Phase 1: Mark live objects
[16.102s][debug][gc,phases      ] GC(1939) Reference Processing 0.053ms
[16.102s][debug][gc,phases      ] GC(1939) Weak Processing 0.017ms
[16.102s][debug][gc,phases      ] GC(1939) ClassLoaderData 0.029ms
[16.102s][debug][gc,phases      ] GC(1939) ProtectionDomainCacheTable 0.017ms
[16.102s][debug][gc,phases      ] GC(1939) ResolvedMethodTable 0.015ms
[16.102s][debug][gc,phases      ] GC(1939) Class Unloading 0.807ms
[16.102s][debug][gc,phases      ] GC(1939) Scrub String Table 0.059ms
[16.103s][debug][gc,phases      ] GC(1939) Scrub Symbol Table 1.007ms
[16.103s][info ][gc,phases      ] GC(1939) Phase 1: Mark live objects 5.142ms
[16.103s][info ][gc,phases,start] GC(1939) Phase 2: Compute new object addresses
[16.104s][info ][gc,phases      ] GC(1939) Phase 2: Compute new object addresses 0.910ms
[16.104s][info ][gc,phases,start] GC(1939) Phase 3: Adjust pointers
[16.108s][info ][gc,phases      ] GC(1939) Phase 3: Adjust pointers 3.728ms
[16.108s][info ][gc,phases,start] GC(1939) Phase 4: Move objects
[16.108s][info ][gc,phases      ] GC(1939) Phase 4: Move objects 0.224ms
[16.108s][info ][gc             ] GC(1939) Pause Full (Allocation Failure) 60M->4M(61M) 10.264ms
[16.109s][info ][gc,heap        ] GC(1938) DefNew: 19123K->0K(19648K)
[16.109s][info ][gc,heap        ] GC(1938) Tenured: 43005K->5099K(43712K)
[16.109s][info ][gc,metaspace   ] GC(1938) Metaspace: 16404K->16404K(1064960K)
[16.109s][info ][gc             ] GC(1938) Pause Young (Allocation Failure) 60M->4M(61M) 10.385ms
[16.109s][info ][gc,cpu         ] GC(1938) User=0.01s Sys=0.00s Real=0.01s
[16.110s][info ][gc,start       ] GC(1940) Pause Young (Allocation Failure)
[16.111s][debug][gc,age         ] GC(1940) Desired survivor size 1114112 bytes, new threshold 1 (max threshold 15)
[16.111s][info ][gc,heap        ] GC(1940) DefNew: 17158K->1956K(19648K)
[16.111s][info ][gc,heap        ] GC(1940) Tenured: 5099K->5880K(43712K)
[16.111s][info ][gc,metaspace   ] GC(1940) Metaspace: 16404K->16404K(1064960K)
[16.111s][info ][gc             ] GC(1940) Pause Young (Allocation Failure) 21M->7M(61M) 0.738ms
[16.111s][info ][gc,cpu         ] GC(1940) User=0.00s Sys=0.00s Real=0.00s
[16.112s][info ][gc,start       ] GC(1941) Pause Young (Allocation Failure)
[16.112s][debug][gc,age         ] GC(1941) Desired survivor size 1114112 bytes, new threshold 1 (max threshold 15)
[16.112s][info ][gc,heap        ] GC(1941) DefNew: 19107K->1955K(19648K)
[16.112s][info ][gc,heap        ] GC(1941) Tenured: 5880K->5881K(43712K)
[16.112s][info ][gc,metaspace   ] GC(1941) Metaspace: 16404K->16404K(1064960K)
[16.112s][info ][gc             ] GC(1941) Pause Young (Allocation Failure) 24M->7M(61M) 0.566ms
[16.112s][info ][gc,cpu         ] GC(1941) User=0.00s Sys=0.00s Real=0.00s
[16.114s][info ][gc,start       ] GC(1942) Pause Young (Allocation Failure)
[16.114s][debug][gc,age         ] GC(1942) Desired survivor size 1114112 bytes, new threshold 15 (max threshold 15)
[16.114s][info ][gc,heap        ] GC(1942) DefNew: 19058K->783K(19648K)
[16.114s][info ][gc,heap        ] GC(1942) Tenured: 5881K->6272K(43712K)
[16.114s][info ][gc,metaspace   ] GC(1942) Metaspace: 16404K->16404K(1064960K)
[16.114s][info ][gc             ] GC(1942) Pause Young (Allocation Failure) 24M->6M(61M) 0.560ms
[16.114s][info ][gc,cpu         ] GC(1942) User=0.00s Sys=0.00s Real=0.00s
[16.116s][info ][gc,start       ] GC(1943) Pause Young (Allocation Failure)
[16.116s][debug][gc,age         ] GC(1943) Desired survivor size 1114112 bytes, new threshold 1 (max threshold 15)
[16.116s][info ][gc,heap        ] GC(1943) DefNew: 17944K->1955K(19648K)
[16.116s][info ][gc,heap        ] GC(1943) Tenured: 6272K->6662K(43712K)
[16.116s][info ][gc,metaspace   ] GC(1943) Metaspace: 16404K->16404K(1064960K)
[16.116s][info ][gc             ] GC(1943) Pause Young (Allocation Failure) 23M->8M(61M) 0.559ms
[16.116s][info ][gc,cpu         ] GC(1943) User=0.00s Sys=0.00s Real=0.00s
[16.118s][info ][gc,start       ] GC(1944) Pause Young (Allocation Failure)
[16.118s][debug][gc,age         ] GC(1944) Desired survivor size 1114112 bytes, new threshold 1 (max threshold 15)
[16.118s][info ][gc,heap        ] GC(1944) DefNew: 19109K->1955K(19648K)
[16.118s][info ][gc,heap        ] GC(1944) Tenured: 6662K->7444K(43712K)
[16.118s][info ][gc,metaspace   ] GC(1944) Metaspace: 16404K->16404K(1064960K)
[16.118s][info ][gc             ] GC(1944) Pause Young (Allocation Failure) 25M->9M(61M) 0.772ms
[16.118s][info ][gc,cpu         ] GC(1944) User=0.00s Sys=0.00s Real=0.00s
[16.120s][info ][gc,start       ] GC(1945) Pause Young (Allocation Failure)
[16.120s][debug][gc,age         ] GC(1945) Desired survivor size 1114112 bytes, new threshold 1 (max threshold 15)
[16.120s][info ][gc,heap        ] GC(1945) DefNew: 19104K->1955K(19648K)
[16.120s][info ][gc,heap        ] GC(1945) Tenured: 7444K->7834K(43712K)
[16.120s][info ][gc,metaspace   ] GC(1945) Metaspace: 16404K->16404K(1064960K)
[16.120s][info ][gc             ] GC(1945) Pause Young (Allocation Failure) 25M->9M(61M) 0.585ms
[16.120s][info ][gc,cpu         ] GC(1945) User=0.01s Sys=0.00s Real=0.00s
[16.122s][info ][gc,start       ] GC(1946) Pause Young (Allocation Failure)
[16.122s][debug][gc,age         ] GC(1946) Desired survivor size 1114112 bytes, new threshold 1 (max threshold 15)
[16.122s][info ][gc,heap        ] GC(1946) DefNew: 19101K->1955K(19648K)
[16.122s][info ][gc,heap        ] GC(1946) Tenured: 7834K->7834K(43712K)
[16.122s][info ][gc,metaspace   ] GC(1946) Metaspace: 16404K->16404K(1064960K)
[16.122s][info ][gc             ] GC(1946) Pause Young (Allocation Failure) 26M->9M(61M) 0.541ms
[16.122s][info ][gc,cpu         ] GC(1946) User=0.00s Sys=0.01s Real=0.00s
[16.123s][info ][gc,start       ] GC(1947) Pause Young (Allocation Failure)
[16.124s][debug][gc,age         ] GC(1947) Desired survivor size 1114112 bytes, new threshold 1 (max threshold 15)
[16.124s][info ][gc,heap        ] GC(1947) DefNew: 19099K->1174K(19648K)
[16.124s][info ][gc,heap        ] GC(1947) Tenured: 7834K->7834K(43712K)
[16.124s][info ][gc,metaspace   ] GC(1947) Metaspace: 16404K->16404K(1064960K)
[16.124s][info ][gc             ] GC(1947) Pause Young (Allocation Failure) 26M->8M(61M) 0.453ms
[16.124s][info ][gc,cpu         ] GC(1947) User=0.00s Sys=0.00s Real=0.00s
[16.125s][info ][gc,start       ] GC(1948) Pause Young (Allocation Failure)
[16.126s][debug][gc,age         ] GC(1948) Desired survivor size 1114112 bytes, new threshold 1 (max threshold 15)
[16.126s][info ][gc,heap        ] GC(1948) DefNew: 18317K->1955K(19648K)
[16.126s][info ][gc,heap        ] GC(1948) Tenured: 7834K->9006K(43712K)
[16.126s][info ][gc,metaspace   ] GC(1948) Metaspace: 16404K->16404K(1064960K)
[16.126s][info ][gc             ] GC(1948) Pause Young (Allocation Failure) 25M->10M(61M) 0.837ms
[16.126s][info ][gc,cpu         ] GC(1948) User=0.00s Sys=0.00s Real=0.00s
[16.127s][info ][gc,start       ] GC(1949) Pause Young (Allocation Failure)
[16.128s][debug][gc,age         ] GC(1949) Desired survivor size 1114112 bytes, new threshold 1 (max threshold 15)
[16.128s][info ][gc,heap        ] GC(1949) DefNew: 19097K->1955K(19648K)
[16.128s][info ][gc,heap        ] GC(1949) Tenured: 9006K->9397K(43712K)
[16.128s][info ][gc,metaspace   ] GC(1949) Metaspace: 16404K->16404K(1064960K)
[16.128s][info ][gc             ] GC(1949) Pause Young (Allocation Failure) 27M->11M(61M) 0.623ms
[16.128s][info ][gc,cpu         ] GC(1949) User=0.00s Sys=0.00s Real=0.00s
[16.130s][info ][gc,start       ] GC(1950) Pause Young (Allocation Failure)
[16.130s][debug][gc,age         ] GC(1950) Desired survivor size 1114112 bytes, new threshold 1 (max threshold 15)
[16.130s][info ][gc,heap        ] GC(1950) DefNew: 19096K->1955K(19648K)
[16.130s][info ][gc,heap        ] GC(1950) Tenured: 9397K->10178K(43712K)
[16.130s][info ][gc,metaspace   ] GC(1950) Metaspace: 16404K->16404K(1064960K)
[16.130s][info ][gc             ] GC(1950) Pause Young (Allocation Failure) 27M->11M(61M) 0.670ms
[16.130s][info ][gc,cpu         ] GC(1950) User=0.00s Sys=0.00s Real=0.00s
[16.131s][info ][gc,start       ] GC(1951) Pause Young (Allocation Failure)
[16.132s][debug][gc,age         ] GC(1951) Desired survivor size 1114112 bytes, new threshold 1 (max threshold 15)
[16.132s][info ][gc,heap        ] GC(1951) DefNew: 19096K->1955K(19648K)
[16.132s][info ][gc,heap        ] GC(1951) Tenured: 10178K->10178K(43712K)
[16.132s][info ][gc,metaspace   ] GC(1951) Metaspace: 16404K->16404K(1064960K)
[16.132s][info ][gc             ] GC(1951) Pause Young (Allocation Failure) 28M->11M(61M) 0.515ms
[16.132s][info ][gc,cpu         ] GC(1951) User=0.00s Sys=0.00s Real=0.00s
[16.133s][info ][gc,start       ] GC(1952) Pause Young (Allocation Failure)
[16.134s][debug][gc,age         ] GC(1952) Desired survivor size 1114112 bytes, new threshold 1 (max threshold 15)
[16.134s][info ][gc,heap        ] GC(1952) DefNew: 19096K->1955K(19648K)
[16.134s][info ][gc,heap        ] GC(1952) Tenured: 10178K->10569K(43712K)
[16.134s][info ][gc,metaspace   ] GC(1952) Metaspace: 16404K->16404K(1064960K)
[16.134s][info ][gc             ] GC(1952) Pause Young (Allocation Failure) 28M->12M(61M) 0.665ms
[16.134s][info ][gc,cpu         ] GC(1952) User=0.00s Sys=0.00s Real=0.00s
[16.135s][info ][gc,start       ] GC(1953) Pause Young (Allocation Failure)
[16.136s][debug][gc,age         ] GC(1953) Desired survivor size 1114112 bytes, new threshold 1 (max threshold 15)
[16.136s][info ][gc,heap        ] GC(1953) DefNew: 19096K->1955K(19648K)
[16.136s][info ][gc,heap        ] GC(1953) Tenured: 10569K->10569K(43712K)
[16.136s][info ][gc,metaspace   ] GC(1953) Metaspace: 16404K->16404K(1064960K)
[16.136s][info ][gc             ] GC(1953) Pause Young (Allocation Failure) 28M->12M(61M) 0.526ms
[16.136s][info ][gc,cpu         ] GC(1953) User=0.00s Sys=0.00s Real=0.00s
[16.137s][info ][gc,start       ] GC(1954) Pause Young (Allocation Failure)
[16.138s][debug][gc,age         ] GC(1954) Desired survivor size 1114112 bytes, new threshold 1 (max threshold 15)
[16.138s][info ][gc,heap        ] GC(1954) DefNew: 19096K->1955K(19648K)
[16.138s][info ][gc,heap        ] GC(1954) Tenured: 10569K->10569K(43712K)
[16.138s][info ][gc,metaspace   ] GC(1954) Metaspace: 16404K->16404K(1064960K)
[16.138s][info ][gc             ] GC(1954) Pause Young (Allocation Failure) 28M->12M(61M) 0.528ms
[16.138s][info ][gc,cpu         ] GC(1954) User=0.01s Sys=0.00s Real=0.00s
[16.139s][info ][gc,start       ] GC(1955) Pause Young (Allocation Failure)
[16.139s][debug][gc,age         ] GC(1955) Desired survivor size 1114112 bytes, new threshold 1 (max threshold 15)
[16.140s][info ][gc,heap        ] GC(1955) DefNew: 19096K->1955K(19648K)
[16.140s][info ][gc,heap        ] GC(1955) Tenured: 10569K->11350K(43712K)
[16.140s][info ][gc,metaspace   ] GC(1955) Metaspace: 16404K->16404K(1064960K)
[16.140s][info ][gc             ] GC(1955) Pause Young (Allocation Failure) 28M->12M(61M) 0.674ms
[16.140s][info ][gc,cpu         ] GC(1955) User=0.00s Sys=0.00s Real=0.01s
[16.141s][info ][gc,start       ] GC(1956) Pause Young (Allocation Failure)
[16.141s][debug][gc,age         ] GC(1956) Desired survivor size 1114112 bytes, new threshold 1 (max threshold 15)
[16.141s][info ][gc,heap        ] GC(1956) DefNew: 19096K->1955K(19648K)
[16.141s][info ][gc,heap        ] GC(1956) Tenured: 11350K->11350K(43712K)
[16.141s][info ][gc,metaspace   ] GC(1956) Metaspace: 16404K->16404K(1064960K)
[16.141s][info ][gc             ] GC(1956) Pause Young (Allocation Failure) 29M->12M(61M) 0.515ms
[16.141s][info ][gc,cpu         ] GC(1956) User=0.00s Sys=0.00s Real=0.00s
[16.143s][info ][gc,start       ] GC(1957) Pause Young (Allocation Failure)
[16.143s][debug][gc,age         ] GC(1957) Desired survivor size 1114112 bytes, new threshold 1 (max threshold 15)
[16.143s][info ][gc,heap        ] GC(1957) DefNew: 19096K->1955K(19648K)
[16.143s][info ][gc,heap        ] GC(1957) Tenured: 11350K->11741K(43712K)
[16.143s][info ][gc,metaspace   ] GC(1957) Metaspace: 16404K->16404K(1064960K)
[16.143s][info ][gc             ] GC(1957) Pause Young (Allocation Failure) 29M->13M(61M) 0.586ms
[16.143s][info ][gc,cpu         ] GC(1957) User=0.00s Sys=0.00s Real=0.00s
[16.145s][info ][gc,start       ] GC(1958) Pause Young (Allocation Failure)
[16.145s][debug][gc,age         ] GC(1958) Desired survivor size 1114112 bytes, new threshold 1 (max threshold 15)
[16.145s][info ][gc,heap        ] GC(1958) DefNew: 19096K->1955K(19648K)
[16.145s][info ][gc,heap        ] GC(1958) Tenured: 11741K->12522K(43712K)
[16.145s][info ][gc,metaspace   ] GC(1958) Metaspace: 16404K->16404K(1064960K)
[16.145s][info ][gc             ] GC(1958) Pause Young (Allocation Failure) 30M->14M(61M) 0.632ms
[16.145s][info ][gc,cpu         ] GC(1958) User=0.00s Sys=0.00s Real=0.00s
[16.147s][info ][gc,start       ] GC(1959) Pause Young (Allocation Failure)
[16.147s][debug][gc,age         ] GC(1959) Desired survivor size 1114112 bytes, new threshold 1 (max threshold 15)
[16.147s][info ][gc,heap        ] GC(1959) DefNew: 19096K->1955K(19648K)
[16.147s][info ][gc,heap        ] GC(1959) Tenured: 12522K->13303K(43712K)
[16.147s][info ][gc,metaspace   ] GC(1959) Metaspace: 16404K->16404K(1064960K)
[16.147s][info ][gc             ] GC(1959) Pause Young (Allocation Failure) 30M->14M(61M) 0.731ms
[16.147s][info ][gc,cpu         ] GC(1959) User=0.00s Sys=0.00s Real=0.00s
[16.149s][info ][gc,start       ] GC(1960) Pause Young (Allocation Failure)
[16.149s][debug][gc,age         ] GC(1960) Desired survivor size 1114112 bytes, new threshold 1 (max threshold 15)
[16.149s][info ][gc,heap        ] GC(1960) DefNew: 19096K->1955K(19648K)
[16.149s][info ][gc,heap        ] GC(1960) Tenured: 13303K->13694K(43712K)
[16.149s][info ][gc,metaspace   ] GC(1960) Metaspace: 16404K->16404K(1064960K)
[16.149s][info ][gc             ] GC(1960) Pause Young (Allocation Failure) 31M->15M(61M) 0.644ms
[16.149s][info ][gc,cpu         ] GC(1960) User=0.00s Sys=0.00s Real=0.01s
[16.151s][info ][gc,start       ] GC(1961) Pause Young (Allocation Failure)
[16.151s][debug][gc,age         ] GC(1961) Desired survivor size 1114112 bytes, new threshold 1 (max threshold 15)
[16.151s][info ][gc,heap        ] GC(1961) DefNew: 19095K->1955K(19648K)
[16.151s][info ][gc,heap        ] GC(1961) Tenured: 13694K->13694K(43712K)
[16.151s][info ][gc,metaspace   ] GC(1961) Metaspace: 16404K->16404K(1064960K)
[16.151s][info ][gc             ] GC(1961) Pause Young (Allocation Failure) 32M->15M(61M) 0.655ms
[16.151s][info ][gc,cpu         ] GC(1961) User=0.00s Sys=0.00s Real=0.00s
[16.153s][info ][gc,start       ] GC(1962) Pause Young (Allocation Failure)
[16.153s][debug][gc,age         ] GC(1962) Desired survivor size 1114112 bytes, new threshold 1 (max threshold 15)
[16.153s][info ][gc,heap        ] GC(1962) DefNew: 19096K->1955K(19648K)
[16.153s][info ][gc,heap        ] GC(1962) Tenured: 13694K->14084K(43712K)
[16.153s][info ][gc,metaspace   ] GC(1962) Metaspace: 16404K->16404K(1064960K)
[16.153s][info ][gc             ] GC(1962) Pause Young (Allocation Failure) 32M->15M(61M) 0.592ms
[16.153s][info ][gc,cpu         ] GC(1962) User=0.00s Sys=0.00s Real=0.00s
[16.155s][info ][gc,start       ] GC(1963) Pause Young (Allocation Failure)
[16.155s][debug][gc,age         ] GC(1963) Desired survivor size 1114112 bytes, new threshold 1 (max threshold 15)
[16.155s][info ][gc,heap        ] GC(1963) DefNew: 19096K->1955K(19648K)
[16.155s][info ][gc,heap        ] GC(1963) Tenured: 14084K->14866K(43712K)
[16.155s][info ][gc,metaspace   ] GC(1963) Metaspace: 16404K->16404K(1064960K)
[16.155s][info ][gc             ] GC(1963) Pause Young (Allocation Failure) 32M->16M(61M) 0.728ms
[16.155s][info ][gc,cpu         ] GC(1963) User=0.00s Sys=0.00s Real=0.00s
[16.157s][info ][gc,start       ] GC(1964) Pause Young (Allocation Failure)
[16.157s][debug][gc,age         ] GC(1964) Desired survivor size 1114112 bytes, new threshold 1 (max threshold 15)
[16.157s][info ][gc,heap        ] GC(1964) DefNew: 19096K->1955K(19648K)
[16.157s][info ][gc,heap        ] GC(1964) Tenured: 14866K->15647K(43712K)
[16.157s][info ][gc,metaspace   ] GC(1964) Metaspace: 16404K->16404K(1064960K)
[16.157s][info ][gc             ] GC(1964) Pause Young (Allocation Failure) 33M->17M(61M) 0.602ms
[16.157s][info ][gc,cpu         ] GC(1964) User=0.00s Sys=0.00s Real=0.00s
[16.159s][info ][gc,start       ] GC(1965) Pause Young (Allocation Failure)
[16.159s][debug][gc,age         ] GC(1965) Desired survivor size 1114112 bytes, new threshold 1 (max threshold 15)
[16.159s][info ][gc,heap        ] GC(1965) DefNew: 19096K->1955K(19648K)
[16.159s][info ][gc,heap        ] GC(1965) Tenured: 15647K->16819K(43712K)
[16.159s][info ][gc,metaspace   ] GC(1965) Metaspace: 16404K->16404K(1064960K)
[16.159s][info ][gc             ] GC(1965) Pause Young (Allocation Failure) 33M->18M(61M) 0.708ms
[16.159s][info ][gc,cpu         ] GC(1965) User=0.00s Sys=0.00s Real=0.01s
[16.161s][info ][gc,start       ] GC(1966) Pause Young (Allocation Failure)
[16.161s][debug][gc,age         ] GC(1966) Desired survivor size 1114112 bytes, new threshold 1 (max threshold 15)
[16.161s][info ][gc,heap        ] GC(1966) DefNew: 19095K->1955K(19648K)
[16.161s][info ][gc,heap        ] GC(1966) Tenured: 16819K->17210K(43712K)
[16.161s][info ][gc,metaspace   ] GC(1966) Metaspace: 16404K->16404K(1064960K)
[16.161s][info ][gc             ] GC(1966) Pause Young (Allocation Failure) 35M->18M(61M) 0.602ms
[16.161s][info ][gc,cpu         ] GC(1966) User=0.00s Sys=0.00s Real=0.00s
[16.163s][info ][gc,start       ] GC(1967) Pause Young (Allocation Failure)
[16.163s][debug][gc,age         ] GC(1967) Desired survivor size 1114112 bytes, new threshold 1 (max threshold 15)
[16.163s][info ][gc,heap        ] GC(1967) DefNew: 19096K->1955K(19648K)
[16.163s][info ][gc,heap        ] GC(1967) Tenured: 17210K->17600K(43712K)
[16.163s][info ][gc,metaspace   ] GC(1967) Metaspace: 16404K->16404K(1064960K)
[16.164s][info ][gc             ] GC(1967) Pause Young (Allocation Failure) 35M->19M(61M) 0.760ms
[16.164s][info ][gc,cpu         ] GC(1967) User=0.00s Sys=0.00s Real=0.00s
[16.165s][info ][gc,start       ] GC(1968) Pause Young (Allocation Failure)
[16.165s][debug][gc,age         ] GC(1968) Desired survivor size 1114112 bytes, new threshold 1 (max threshold 15)
[16.166s][info ][gc,heap        ] GC(1968) DefNew: 19096K->1955K(19648K)
[16.166s][info ][gc,heap        ] GC(1968) Tenured: 17600K->17991K(43712K)
[16.166s][info ][gc,metaspace   ] GC(1968) Metaspace: 16404K->16404K(1064960K)
[16.166s][info ][gc             ] GC(1968) Pause Young (Allocation Failure) 35M->19M(61M) 0.677ms
[16.166s][info ][gc,cpu         ] GC(1968) User=0.00s Sys=0.00s Real=0.00s
[16.167s][info ][gc,start       ] GC(1969) Pause Young (Allocation Failure)
[16.167s][debug][gc,age         ] GC(1969) Desired survivor size 1114112 bytes, new threshold 1 (max threshold 15)
[16.168s][info ][gc,heap        ] GC(1969) DefNew: 19096K->1955K(19648K)
[16.168s][info ][gc,heap        ] GC(1969) Tenured: 17991K->18382K(43712K)
[16.168s][info ][gc,metaspace   ] GC(1969) Metaspace: 16404K->16404K(1064960K)
[16.168s][info ][gc             ] GC(1969) Pause Young (Allocation Failure) 36M->19M(61M) 0.809ms
[16.168s][info ][gc,cpu         ] GC(1969) User=0.00s Sys=0.00s Real=0.00s
[16.169s][info ][gc,start       ] GC(1970) Pause Young (Allocation Failure)
[16.169s][debug][gc,age         ] GC(1970) Desired survivor size 1114112 bytes, new threshold 1 (max threshold 15)
[16.169s][info ][gc,heap        ] GC(1970) DefNew: 19059K->1564K(19648K)
[16.169s][info ][gc,heap        ] GC(1970) Tenured: 18382K->18382K(43712K)
[16.169s][info ][gc,metaspace   ] GC(1970) Metaspace: 16404K->16404K(1064960K)
[16.169s][info ][gc             ] GC(1970) Pause Young (Allocation Failure) 36M->19M(61M) 0.476ms
[16.169s][info ][gc,cpu         ] GC(1970) User=0.00s Sys=0.00s Real=0.01s
[16.171s][info ][gc,start       ] GC(1971) Pause Young (Allocation Failure)
[16.171s][debug][gc,age         ] GC(1971) Desired survivor size 1114112 bytes, new threshold 1 (max threshold 15)
[16.171s][info ][gc,heap        ] GC(1971) DefNew: 18718K->1955K(19648K)
[16.171s][info ][gc,heap        ] GC(1971) Tenured: 18382K->18382K(43712K)
[16.171s][info ][gc,metaspace   ] GC(1971) Metaspace: 16404K->16404K(1064960K)
[16.171s][info ][gc             ] GC(1971) Pause Young (Allocation Failure) 36M->19M(61M) 0.537ms
[16.171s][info ][gc,cpu         ] GC(1971) User=0.00s Sys=0.00s Real=0.00s
[16.173s][info ][gc,start       ] GC(1972) Pause Young (Allocation Failure)
[16.173s][debug][gc,age         ] GC(1972) Desired survivor size 1114112 bytes, new threshold 1 (max threshold 15)
[16.173s][info ][gc,heap        ] GC(1972) DefNew: 19104K->1955K(19648K)
[16.173s][info ][gc,heap        ] GC(1972) Tenured: 18382K->18382K(43712K)
[16.173s][info ][gc,metaspace   ] GC(1972) Metaspace: 16404K->16404K(1064960K)
[16.173s][info ][gc             ] GC(1972) Pause Young (Allocation Failure) 36M->19M(61M) 0.553ms
[16.173s][info ][gc,cpu         ] GC(1972) User=0.00s Sys=0.00s Real=0.00s
[16.175s][info ][gc,start       ] GC(1973) Pause Young (Allocation Failure)
[16.175s][debug][gc,age         ] GC(1973) Desired survivor size 1114112 bytes, new threshold 1 (max threshold 15)
[16.175s][info ][gc,heap        ] GC(1973) DefNew: 19056K->1955K(19648K)
[16.175s][info ][gc,heap        ] GC(1973) Tenured: 18382K->19163K(43712K)
[16.175s][info ][gc,metaspace   ] GC(1973) Metaspace: 16404K->16404K(1064960K)
[16.175s][info ][gc             ] GC(1973) Pause Young (Allocation Failure) 36M->20M(61M) 0.723ms
[16.175s][info ][gc,cpu         ] GC(1973) User=0.00s Sys=0.00s Real=0.00s
[16.177s][info ][gc,start       ] GC(1974) Pause Young (Allocation Failure)
[16.177s][debug][gc,age         ] GC(1974) Desired survivor size 1114112 bytes, new threshold 1 (max threshold 15)
[16.177s][info ][gc,heap        ] GC(1974) DefNew: 19115K->1955K(19648K)
[16.177s][info ][gc,heap        ] GC(1974) Tenured: 19163K->19164K(43712K)
[16.177s][info ][gc,metaspace   ] GC(1974) Metaspace: 16404K->16404K(1064960K)
[16.177s][info ][gc             ] GC(1974) Pause Young (Allocation Failure) 37M->20M(61M) 0.613ms
[16.177s][info ][gc,cpu         ] GC(1974) User=0.00s Sys=0.00s Real=0.00s
[16.178s][info ][gc,start       ] GC(1975) Pause Young (Allocation Failure)
[16.179s][debug][gc,age         ] GC(1975) Desired survivor size 1114112 bytes, new threshold 1 (max threshold 15)
[16.179s][info ][gc,heap        ] GC(1975) DefNew: 19108K->1955K(19648K)
[16.179s][info ][gc,heap        ] GC(1975) Tenured: 19164K->19945K(43712K)
[16.179s][info ][gc,metaspace   ] GC(1975) Metaspace: 16404K->16404K(1064960K)
[16.179s][info ][gc             ] GC(1975) Pause Young (Allocation Failure) 37M->21M(61M) 0.641ms
[16.179s][info ][gc,cpu         ] GC(1975) User=0.00s Sys=0.00s Real=0.00s
[16.181s][info ][gc,start       ] GC(1976) Pause Young (Allocation Failure)
[16.181s][debug][gc,age         ] GC(1976) Desired survivor size 1114112 bytes, new threshold 1 (max threshold 15)
[16.181s][info ][gc,heap        ] GC(1976) DefNew: 19103K->1955K(19648K)
[16.181s][info ][gc,heap        ] GC(1976) Tenured: 19945K->20336K(43712K)
[16.181s][info ][gc,metaspace   ] GC(1976) Metaspace: 16404K->16404K(1064960K)
[16.181s][info ][gc             ] GC(1976) Pause Young (Allocation Failure) 38M->21M(61M) 0.580ms
[16.181s][info ][gc,cpu         ] GC(1976) User=0.00s Sys=0.00s Real=0.00s
[16.183s][info ][gc,start       ] GC(1977) Pause Young (Allocation Failure)
[16.183s][debug][gc,age         ] GC(1977) Desired survivor size 1114112 bytes, new threshold 1 (max threshold 15)
[16.183s][info ][gc,heap        ] GC(1977) DefNew: 19053K->1955K(19648K)
[16.183s][info ][gc,heap        ] GC(1977) Tenured: 20336K->21117K(43712K)
[16.183s][info ][gc,metaspace   ] GC(1977) Metaspace: 16404K->16404K(1064960K)
[16.183s][info ][gc             ] GC(1977) Pause Young (Allocation Failure) 38M->22M(61M) 0.721ms
[16.183s][info ][gc,cpu         ] GC(1977) User=0.00s Sys=0.00s Real=0.00s
[16.185s][info ][gc,start       ] GC(1978) Pause Young (Allocation Failure)
[16.185s][debug][gc,age         ] GC(1978) Desired survivor size 1114112 bytes, new threshold 1 (max threshold 15)
[16.185s][info ][gc,heap        ] GC(1978) DefNew: 19086K->1173K(19648K)
[16.185s][info ][gc,heap        ] GC(1978) Tenured: 21117K->21118K(43712K)
[16.185s][info ][gc,metaspace   ] GC(1978) Metaspace: 16404K->16404K(1064960K)
[16.185s][info ][gc             ] GC(1978) Pause Young (Allocation Failure) 39M->21M(61M) 0.615ms
[16.185s][info ][gc,cpu         ] GC(1978) User=0.00s Sys=0.00s Real=0.00s
[16.187s][info ][gc,start       ] GC(1979) Pause Young (Allocation Failure)
[16.187s][debug][gc,age         ] GC(1979) Desired survivor size 1114112 bytes, new threshold 1 (max threshold 15)
[16.187s][info ][gc,heap        ] GC(1979) DefNew: 18283K->1955K(19648K)
[16.187s][info ][gc,heap        ] GC(1979) Tenured: 21118K->21899K(43712K)
[16.187s][info ][gc,metaspace   ] GC(1979) Metaspace: 16404K->16404K(1064960K)
[16.187s][info ][gc             ] GC(1979) Pause Young (Allocation Failure) 38M->23M(61M) 0.659ms
[16.187s][info ][gc,cpu         ] GC(1979) User=0.00s Sys=0.00s Real=0.00s
[16.188s][info ][gc,start       ] GC(1980) Pause Young (Allocation Failure)
[16.189s][debug][gc,age         ] GC(1980) Desired survivor size 1114112 bytes, new threshold 1 (max threshold 15)
[16.189s][info ][gc,heap        ] GC(1980) DefNew: 19097K->1955K(19648K)
[16.189s][info ][gc,heap        ] GC(1980) Tenured: 21899K->21900K(43712K)
[16.189s][info ][gc,metaspace   ] GC(1980) Metaspace: 16404K->16404K(1064960K)
[16.189s][info ][gc             ] GC(1980) Pause Young (Allocation Failure) 40M->23M(61M) 0.530ms
[16.189s][info ][gc,cpu         ] GC(1980) User=0.00s Sys=0.00s Real=0.00s
[16.190s][info ][gc,start       ] GC(1981) Pause Young (Allocation Failure)
[16.191s][debug][gc,age         ] GC(1981) Desired survivor size 1114112 bytes, new threshold 1 (max threshold 15)
[16.191s][info ][gc,heap        ] GC(1981) DefNew: 19130K->1955K(19648K)
[16.191s][info ][gc,heap        ] GC(1981) Tenured: 21900K->21900K(43712K)
[16.191s][info ][gc,metaspace   ] GC(1981) Metaspace: 16404K->16404K(1064960K)
[16.191s][info ][gc             ] GC(1981) Pause Young (Allocation Failure) 40M->23M(61M) 0.528ms
[16.191s][info ][gc,cpu         ] GC(1981) User=0.00s Sys=0.00s Real=0.00s
[16.192s][info ][gc,start       ] GC(1982) Pause Young (Allocation Failure)
[16.193s][debug][gc,age         ] GC(1982) Desired survivor size 1114112 bytes, new threshold 1 (max threshold 15)
[16.193s][info ][gc,heap        ] GC(1982) DefNew: 19063K->1955K(19648K)
[16.193s][info ][gc,heap        ] GC(1982) Tenured: 21900K->22291K(43712K)
[16.193s][info ][gc,metaspace   ] GC(1982) Metaspace: 16404K->16404K(1064960K)
[16.193s][info ][gc             ] GC(1982) Pause Young (Allocation Failure) 40M->23M(61M) 0.542ms
[16.193s][info ][gc,cpu         ] GC(1982) User=0.00s Sys=0.00s Real=0.00s
[16.194s][info ][gc,start       ] GC(1983) Pause Young (Allocation Failure)
[16.195s][debug][gc,age         ] GC(1983) Desired survivor size 1114112 bytes, new threshold 1 (max threshold 15)
[16.195s][info ][gc,heap        ] GC(1983) DefNew: 19129K->1955K(19648K)
[16.195s][info ][gc,heap        ] GC(1983) Tenured: 22291K->22291K(43712K)
[16.195s][info ][gc,metaspace   ] GC(1983) Metaspace: 16404K->16404K(1064960K)
[16.195s][info ][gc             ] GC(1983) Pause Young (Allocation Failure) 40M->23M(61M) 0.518ms
[16.195s][info ][gc,cpu         ] GC(1983) User=0.00s Sys=0.00s Real=0.00s
[16.196s][info ][gc,start       ] GC(1984) Pause Young (Allocation Failure)
[16.197s][debug][gc,age         ] GC(1984) Desired survivor size 1114112 bytes, new threshold 1 (max threshold 15)
[16.197s][info ][gc,heap        ] GC(1984) DefNew: 19066K->1955K(19648K)
[16.197s][info ][gc,heap        ] GC(1984) Tenured: 22291K->22682K(43712K)
[16.197s][info ][gc,metaspace   ] GC(1984) Metaspace: 16404K->16404K(1064960K)
[16.197s][info ][gc             ] GC(1984) Pause Young (Allocation Failure) 40M->24M(61M) 0.731ms
[16.197s][info ][gc,cpu         ] GC(1984) User=0.00s Sys=0.00s Real=0.00s
[16.198s][info ][gc,start       ] GC(1985) Pause Young (Allocation Failure)
[16.199s][debug][gc,age         ] GC(1985) Desired survivor size 1114112 bytes, new threshold 1 (max threshold 15)
[16.199s][info ][gc,heap        ] GC(1985) DefNew: 19127K->1955K(19648K)
[16.199s][info ][gc,heap        ] GC(1985) Tenured: 22682K->23073K(43712K)
[16.199s][info ][gc,metaspace   ] GC(1985) Metaspace: 16404K->16404K(1064960K)
[16.199s][info ][gc             ] GC(1985) Pause Young (Allocation Failure) 40M->24M(61M) 0.804ms
[16.199s][info ][gc,cpu         ] GC(1985) User=0.00s Sys=0.00s Real=0.01s
[16.201s][info ][gc,start       ] GC(1986) Pause Young (Allocation Failure)
[16.201s][debug][gc,age         ] GC(1986) Desired survivor size 1114112 bytes, new threshold 1 (max threshold 15)
[16.201s][info ][gc,heap        ] GC(1986) DefNew: 19116K->1955K(19648K)
[16.201s][info ][gc,heap        ] GC(1986) Tenured: 23073K->23854K(43712K)
[16.201s][info ][gc,metaspace   ] GC(1986) Metaspace: 16404K->16404K(1064960K)
[16.201s][info ][gc             ] GC(1986) Pause Young (Allocation Failure) 41M->25M(61M) 0.679ms
[16.201s][info ][gc,cpu         ] GC(1986) User=0.00s Sys=0.00s Real=0.00s
[16.203s][info ][gc,start       ] GC(1987) Pause Young (Allocation Failure)
[16.203s][debug][gc,age         ] GC(1987) Desired survivor size 1114112 bytes, new threshold 1 (max threshold 15)
[16.203s][info ][gc,heap        ] GC(1987) DefNew: 19109K->1955K(19648K)
[16.203s][info ][gc,heap        ] GC(1987) Tenured: 23854K->23854K(43712K)
[16.203s][info ][gc,metaspace   ] GC(1987) Metaspace: 16404K->16404K(1064960K)
[16.203s][info ][gc             ] GC(1987) Pause Young (Allocation Failure) 41M->25M(61M) 0.529ms
[16.203s][info ][gc,cpu         ] GC(1987) User=0.00s Sys=0.00s Real=0.00s
[16.205s][info ][gc,start       ] GC(1988) Pause Young (Allocation Failure)
[16.205s][debug][gc,age         ] GC(1988) Desired survivor size 1114112 bytes, new threshold 1 (max threshold 15)
[16.205s][info ][gc,heap        ] GC(1988) DefNew: 19104K->1955K(19648K)
[16.205s][info ][gc,heap        ] GC(1988) Tenured: 23854K->24635K(43712K)
[16.205s][info ][gc,metaspace   ] GC(1988) Metaspace: 16404K->16404K(1064960K)
[16.205s][info ][gc             ] GC(1988) Pause Young (Allocation Failure) 41M->25M(61M) 0.590ms
[16.205s][info ][gc,cpu         ] GC(1988) User=0.00s Sys=0.00s Real=0.00s
[16.206s][info ][gc,start       ] GC(1989) Pause Young (Allocation Failure)
[16.207s][debug][gc,age         ] GC(1989) Desired survivor size 1114112 bytes, new threshold 1 (max threshold 15)
[16.207s][info ][gc,heap        ] GC(1989) DefNew: 19101K->1955K(19648K)
[16.207s][info ][gc,heap        ] GC(1989) Tenured: 24635K->25807K(43712K)
[16.207s][info ][gc,metaspace   ] GC(1989) Metaspace: 16404K->16404K(1064960K)
[16.207s][info ][gc             ] GC(1989) Pause Young (Allocation Failure) 42M->27M(61M) 0.628ms
[16.207s][info ][gc,cpu         ] GC(1989) User=0.00s Sys=0.00s Real=0.00s
[16.209s][info ][gc,start       ] GC(1990) Pause Young (Allocation Failure)
[16.209s][debug][gc,age         ] GC(1990) Desired survivor size 1114112 bytes, new threshold 1 (max threshold 15)
[16.209s][info ][gc,heap        ] GC(1990) DefNew: 19099K->1955K(19648K)
[16.209s][info ][gc,heap        ] GC(1990) Tenured: 25807K->25807K(43712K)
[16.209s][info ][gc,metaspace   ] GC(1990) Metaspace: 16404K->16404K(1064960K)
[16.209s][info ][gc             ] GC(1990) Pause Young (Allocation Failure) 43M->27M(61M) 0.580ms
[16.209s][info ][gc,cpu         ] GC(1990) User=0.00s Sys=0.00s Real=0.00s
[16.210s][info ][gc,start       ] GC(1991) Pause Young (Allocation Failure)
[16.211s][debug][gc,age         ] GC(1991) Desired survivor size 1114112 bytes, new threshold 1 (max threshold 15)
[16.211s][info ][gc,heap        ] GC(1991) DefNew: 19098K->1955K(19648K)
[16.211s][info ][gc,heap        ] GC(1991) Tenured: 25807K->26979K(43712K)
[16.211s][info ][gc,metaspace   ] GC(1991) Metaspace: 16404K->16404K(1064960K)
[16.211s][info ][gc             ] GC(1991) Pause Young (Allocation Failure) 43M->28M(61M) 0.751ms
[16.211s][info ][gc,cpu         ] GC(1991) User=0.00s Sys=0.00s Real=0.00s
[16.213s][info ][gc,start       ] GC(1992) Pause Young (Allocation Failure)
[16.213s][debug][gc,age         ] GC(1992) Desired survivor size 1114112 bytes, new threshold 1 (max threshold 15)
[16.213s][info ][gc,heap        ] GC(1992) DefNew: 19097K->1564K(19648K)
[16.213s][info ][gc,heap        ] GC(1992) Tenured: 26979K->26979K(43712K)
[16.213s][info ][gc,metaspace   ] GC(1992) Metaspace: 16404K->16404K(1064960K)
[16.213s][info ][gc             ] GC(1992) Pause Young (Allocation Failure) 44M->27M(61M) 0.594ms
[16.213s][info ][gc,cpu         ] GC(1992) User=0.00s Sys=0.00s Real=0.00s
[16.215s][info ][gc,start       ] GC(1993) Pause Young (Allocation Failure)
[16.215s][debug][gc,age         ] GC(1993) Desired survivor size 1114112 bytes, new threshold 1 (max threshold 15)
[16.215s][info ][gc,heap        ] GC(1993) DefNew: 18663K->1955K(19648K)
[16.215s][info ][gc,heap        ] GC(1993) Tenured: 26979K->27370K(43712K)
[16.215s][info ][gc,metaspace   ] GC(1993) Metaspace: 16404K->16404K(1064960K)
[16.215s][info ][gc             ] GC(1993) Pause Young (Allocation Failure) 44M->28M(61M) 0.529ms
[16.215s][info ][gc,cpu         ] GC(1993) User=0.00s Sys=0.00s Real=0.00s
[16.216s][info ][gc,start       ] GC(1994) Pause Young (Allocation Failure)
[16.217s][debug][gc,age         ] GC(1994) Desired survivor size 1114112 bytes, new threshold 1 (max threshold 15)
[16.217s][info ][gc,heap        ] GC(1994) DefNew: 19111K->1955K(19648K)
[16.217s][info ][gc,heap        ] GC(1994) Tenured: 27370K->27761K(43712K)
[16.217s][info ][gc,metaspace   ] GC(1994) Metaspace: 16404K->16404K(1064960K)
[16.217s][info ][gc             ] GC(1994) Pause Young (Allocation Failure) 45M->29M(61M) 0.595ms
[16.217s][info ][gc,cpu         ] GC(1994) User=0.00s Sys=0.00s Real=0.00s
[16.218s][info ][gc,start       ] GC(1995) Pause Young (Allocation Failure)
[16.219s][debug][gc,age         ] GC(1995) Desired survivor size 1114112 bytes, new threshold 1 (max threshold 15)
[16.219s][info ][gc,heap        ] GC(1995) DefNew: 19106K->1955K(19648K)
[16.219s][info ][gc,heap        ] GC(1995) Tenured: 27761K->28542K(43712K)
[16.219s][info ][gc,metaspace   ] GC(1995) Metaspace: 16404K->16404K(1064960K)
[16.219s][info ][gc             ] GC(1995) Pause Young (Allocation Failure) 45M->29M(61M) 0.756ms
[16.219s][info ][gc,cpu         ] GC(1995) User=0.00s Sys=0.00s Real=0.01s
[16.221s][info ][gc,start       ] GC(1996) Pause Young (Allocation Failure)
[16.221s][debug][gc,age         ] GC(1996) Desired survivor size 1114112 bytes, new threshold 1 (max threshold 15)
[16.221s][info ][gc,heap        ] GC(1996) DefNew: 19102K->1955K(19648K)
[16.221s][info ][gc,heap        ] GC(1996) Tenured: 28542K->28933K(43712K)
[16.221s][info ][gc,metaspace   ] GC(1996) Metaspace: 16404K->16404K(1064960K)
[16.221s][info ][gc             ] GC(1996) Pause Young (Allocation Failure) 46M->30M(61M) 0.655ms
[16.221s][info ][gc,cpu         ] GC(1996) User=0.00s Sys=0.00s Real=0.00s
[16.222s][info ][gc,start       ] GC(1997) Pause Young (Allocation Failure)
[16.223s][debug][gc,age         ] GC(1997) Desired survivor size 1114112 bytes, new threshold 1 (max threshold 15)
[16.223s][info ][gc,heap        ] GC(1997) DefNew: 19100K->1955K(19648K)
[16.223s][info ][gc,heap        ] GC(1997) Tenured: 28933K->28933K(43712K)
[16.223s][info ][gc,metaspace   ] GC(1997) Metaspace: 16404K->16404K(1064960K)
[16.223s][info ][gc             ] GC(1997) Pause Young (Allocation Failure) 46M->30M(61M) 0.495ms
[16.223s][info ][gc,cpu         ] GC(1997) User=0.00s Sys=0.00s Real=0.00s
[16.224s][info ][gc,start       ] GC(1998) Pause Young (Allocation Failure)
[16.225s][debug][gc,age         ] GC(1998) Desired survivor size 1114112 bytes, new threshold 1 (max threshold 15)
[16.225s][info ][gc,heap        ] GC(1998) DefNew: 19098K->1955K(19648K)
[16.225s][info ][gc,heap        ] GC(1998) Tenured: 28933K->29323K(43712K)
[16.225s][info ][gc,metaspace   ] GC(1998) Metaspace: 16404K->16404K(1064960K)
[16.225s][info ][gc             ] GC(1998) Pause Young (Allocation Failure) 46M->30M(61M) 0.528ms
[16.225s][info ][gc,cpu         ] GC(1998) User=0.00s Sys=0.00s Real=0.00s
[16.226s][info ][gc,start       ] GC(1999) Pause Young (Allocation Failure)
[16.227s][debug][gc,age         ] GC(1999) Desired survivor size 1114112 bytes, new threshold 1 (max threshold 15)
[16.227s][info ][gc,heap        ] GC(1999) DefNew: 19097K->1955K(19648K)
[16.227s][info ][gc,heap        ] GC(1999) Tenured: 29323K->30105K(43712K)
[16.227s][info ][gc,metaspace   ] GC(1999) Metaspace: 16404K->16404K(1064960K)
[16.227s][info ][gc             ] GC(1999) Pause Young (Allocation Failure) 47M->31M(61M) 0.583ms
[16.227s][info ][gc,cpu         ] GC(1999) User=0.00s Sys=0.00s Real=0.00s
[16.228s][info ][gc,start       ] GC(2000) Pause Young (Allocation Failure)
[16.228s][debug][gc,age         ] GC(2000) Desired survivor size 1114112 bytes, new threshold 1 (max threshold 15)
[16.228s][info ][gc,heap        ] GC(2000) DefNew: 19097K->1564K(19648K)
[16.228s][info ][gc,heap        ] GC(2000) Tenured: 30105K->30105K(43712K)
[16.228s][info ][gc,metaspace   ] GC(2000) Metaspace: 16404K->16404K(1064960K)
[16.228s][info ][gc             ] GC(2000) Pause Young (Allocation Failure) 48M->30M(61M) 0.448ms
[16.228s][info ][gc,cpu         ] GC(2000) User=0.00s Sys=0.00s Real=0.00s
[16.230s][info ][gc,start       ] GC(2001) Pause Young (Allocation Failure)
[16.231s][debug][gc,age         ] GC(2001) Desired survivor size 1114112 bytes, new threshold 1 (max threshold 15)
[16.231s][info ][gc,heap        ] GC(2001) DefNew: 18706K->1955K(19648K)
[16.231s][info ][gc,heap        ] GC(2001) Tenured: 30105K->30105K(43712K)
[16.231s][info ][gc,metaspace   ] GC(2001) Metaspace: 16404K->16404K(1064960K)
[16.231s][info ][gc             ] GC(2001) Pause Young (Allocation Failure) 47M->31M(61M) 0.558ms
[16.231s][info ][gc,cpu         ] GC(2001) User=0.00s Sys=0.00s Real=0.00s
[16.232s][info ][gc,start       ] GC(2002) Pause Young (Allocation Failure)
[16.232s][debug][gc,age         ] GC(2002) Desired survivor size 1114112 bytes, new threshold 1 (max threshold 15)
[16.233s][info ][gc,heap        ] GC(2002) DefNew: 19096K->1955K(19648K)
[16.233s][info ][gc,heap        ] GC(2002) Tenured: 30105K->30105K(43712K)
[16.233s][info ][gc,metaspace   ] GC(2002) Metaspace: 16404K->16404K(1064960K)
[16.233s][info ][gc             ] GC(2002) Pause Young (Allocation Failure) 48M->31M(61M) 0.570ms
[16.233s][info ][gc,cpu         ] GC(2002) User=0.00s Sys=0.01s Real=0.00s
[16.234s][info ][gc,start       ] GC(2003) Pause Young (Allocation Failure)
[16.235s][debug][gc,age         ] GC(2003) Desired survivor size 1114112 bytes, new threshold 1 (max threshold 15)
[16.235s][info ][gc,heap        ] GC(2003) DefNew: 19096K->1955K(19648K)
[16.235s][info ][gc,heap        ] GC(2003) Tenured: 30105K->30886K(43712K)
[16.235s][info ][gc,metaspace   ] GC(2003) Metaspace: 16404K->16404K(1064960K)
[16.235s][info ][gc             ] GC(2003) Pause Young (Allocation Failure) 48M->32M(61M) 0.746ms
[16.235s][info ][gc,cpu         ] GC(2003) User=0.00s Sys=0.00s Real=0.00s
[16.236s][info ][gc,start       ] GC(2004) Pause Young (Allocation Failure)
[16.237s][debug][gc,age         ] GC(2004) Desired survivor size 1114112 bytes, new threshold 1 (max threshold 15)
[16.237s][info ][gc,heap        ] GC(2004) DefNew: 19096K->1955K(19648K)
[16.237s][info ][gc,heap        ] GC(2004) Tenured: 30886K->32058K(43712K)
[16.237s][info ][gc,metaspace   ] GC(2004) Metaspace: 16404K->16404K(1064960K)
[16.237s][info ][gc             ] GC(2004) Pause Young (Allocation Failure) 48M->33M(61M) 0.895ms
[16.237s][info ][gc,cpu         ] GC(2004) User=0.01s Sys=0.00s Real=0.00s
[16.238s][info ][gc,start       ] GC(2005) Pause Young (Allocation Failure)
[16.239s][debug][gc,age         ] GC(2005) Desired survivor size 1114112 bytes, new threshold 1 (max threshold 15)
[16.239s][info ][gc,heap        ] GC(2005) DefNew: 19096K->1955K(19648K)
[16.239s][info ][gc,heap        ] GC(2005) Tenured: 32058K->33230K(43712K)
[16.239s][info ][gc,metaspace   ] GC(2005) Metaspace: 16404K->16404K(1064960K)
[16.239s][info ][gc             ] GC(2005) Pause Young (Allocation Failure) 49M->34M(61M) 0.682ms
[16.239s][info ][gc,cpu         ] GC(2005) User=0.00s Sys=0.00s Real=0.00s
[16.240s][info ][gc,start       ] GC(2006) Pause Young (Allocation Failure)
[16.241s][debug][gc,age         ] GC(2006) Desired survivor size 1114112 bytes, new threshold 1 (max threshold 15)
[16.241s][info ][gc,heap        ] GC(2006) DefNew: 19096K->1955K(19648K)
[16.241s][info ][gc,heap        ] GC(2006) Tenured: 33230K->33621K(43712K)
[16.241s][info ][gc,metaspace   ] GC(2006) Metaspace: 16404K->16404K(1064960K)
[16.241s][info ][gc             ] GC(2006) Pause Young (Allocation Failure) 51M->34M(61M) 0.565ms
[16.241s][info ][gc,cpu         ] GC(2006) User=0.00s Sys=0.00s Real=0.00s
[16.242s][info ][gc,start       ] GC(2007) Pause Young (Allocation Failure)
[16.243s][debug][gc,age         ] GC(2007) Desired survivor size 1114112 bytes, new threshold 15 (max threshold 15)
[16.243s][info ][gc,heap        ] GC(2007) DefNew: 19096K->783K(19648K)
[16.243s][info ][gc,heap        ] GC(2007) Tenured: 33621K->33621K(43712K)
[16.243s][info ][gc,metaspace   ] GC(2007) Metaspace: 16404K->16404K(1064960K)
[16.243s][info ][gc             ] GC(2007) Pause Young (Allocation Failure) 51M->33M(61M) 0.494ms
[16.243s][info ][gc,cpu         ] GC(2007) User=0.00s Sys=0.00s Real=0.00s
[16.244s][info ][gc,start       ] GC(2008) Pause Young (Allocation Failure)
[16.245s][debug][gc,age         ] GC(2008) Desired survivor size 1114112 bytes, new threshold 1 (max threshold 15)
[16.245s][info ][gc,heap        ] GC(2008) DefNew: 17923K->1955K(19648K)
[16.245s][info ][gc,heap        ] GC(2008) Tenured: 33621K->34793K(43712K)
[16.245s][info ][gc,metaspace   ] GC(2008) Metaspace: 16404K->16404K(1064960K)
[16.245s][info ][gc             ] GC(2008) Pause Young (Allocation Failure) 50M->35M(61M) 0.775ms
[16.245s][info ][gc,cpu         ] GC(2008) User=0.00s Sys=0.00s Real=0.00s
[16.246s][info ][gc,start       ] GC(2009) Pause Young (Allocation Failure)
[16.247s][debug][gc,age         ] GC(2009) Desired survivor size 1114112 bytes, new threshold 1 (max threshold 15)
[16.247s][info ][gc,heap        ] GC(2009) DefNew: 19096K->1955K(19648K)
[16.247s][info ][gc,heap        ] GC(2009) Tenured: 34793K->35965K(43712K)
[16.247s][info ][gc,metaspace   ] GC(2009) Metaspace: 16404K->16404K(1064960K)
[16.247s][info ][gc             ] GC(2009) Pause Young (Allocation Failure) 52M->37M(61M) 0.877ms
[16.247s][info ][gc,cpu         ] GC(2009) User=0.00s Sys=0.00s Real=0.00s
[16.248s][info ][gc,start       ] GC(2010) Pause Young (Allocation Failure)
[16.249s][debug][gc,age         ] GC(2010) Desired survivor size 1114112 bytes, new threshold 1 (max threshold 15)
[16.249s][info ][gc,heap        ] GC(2010) DefNew: 19096K->1955K(19648K)
[16.249s][info ][gc,heap        ] GC(2010) Tenured: 35965K->36355K(43712K)
[16.249s][info ][gc,metaspace   ] GC(2010) Metaspace: 16404K->16404K(1064960K)
[16.249s][info ][gc             ] GC(2010) Pause Young (Allocation Failure) 53M->37M(61M) 0.582ms
[16.249s][info ][gc,cpu         ] GC(2010) User=0.00s Sys=0.00s Real=0.00s
[16.253s][info ][gc,start       ] GC(2011) Pause Young (Allocation Failure)
[16.253s][debug][gc,age         ] GC(2011) Desired survivor size 1114112 bytes, new threshold 1 (max threshold 15)
[16.253s][info ][gc,heap        ] GC(2011) DefNew: 19050K->1954K(19648K)
[16.253s][info ][gc,heap        ] GC(2011) Tenured: 36355K->36746K(43712K)
[16.253s][info ][gc,metaspace   ] GC(2011) Metaspace: 16404K->16404K(1064960K)
[16.254s][info ][gc             ] GC(2011) Pause Young (Allocation Failure) 54M->37M(61M) 1.020ms
[16.254s][info ][gc,cpu         ] GC(2011) User=0.00s Sys=0.00s Real=0.00s
[16.256s][info ][gc,start       ] GC(2012) Pause Young (Allocation Failure)
[16.257s][debug][gc,age         ] GC(2012) Desired survivor size 1114112 bytes, new threshold 1 (max threshold 15)
[16.257s][info ][gc,heap        ] GC(2012) DefNew: 19351K->1173K(19648K)
[16.257s][info ][gc,heap        ] GC(2012) Tenured: 36746K->37528K(43712K)
[16.257s][info ][gc,metaspace   ] GC(2012) Metaspace: 16404K->16404K(1064960K)
[16.257s][info ][gc             ] GC(2012) Pause Young (Allocation Failure) 54M->37M(61M) 1.219ms
[16.257s][info ][gc,cpu         ] GC(2012) User=0.01s Sys=0.00s Real=0.00s
[16.258s][info ][gc,start       ] GC(2013) Pause Young (Allocation Failure)
[16.259s][debug][gc,age         ] GC(2013) Desired survivor size 1114112 bytes, new threshold 1 (max threshold 15)
[16.259s][info ][gc,heap        ] GC(2013) DefNew: 18321K->1955K(19648K)
[16.259s][info ][gc,heap        ] GC(2013) Tenured: 37528K->38310K(43712K)
[16.259s][info ][gc,metaspace   ] GC(2013) Metaspace: 16404K->16404K(1064960K)
[16.259s][info ][gc             ] GC(2013) Pause Young (Allocation Failure) 54M->39M(61M) 0.642ms
[16.259s][info ][gc,cpu         ] GC(2013) User=0.00s Sys=0.00s Real=0.00s
[16.260s][info ][gc,start       ] GC(2014) Pause Young (Allocation Failure)
[16.261s][debug][gc,age         ] GC(2014) Desired survivor size 1114112 bytes, new threshold 1 (max threshold 15)
[16.261s][info ][gc,heap        ] GC(2014) DefNew: 19157K->1174K(19648K)
[16.261s][info ][gc,heap        ] GC(2014) Tenured: 38310K->38310K(43712K)
[16.261s][info ][gc,metaspace   ] GC(2014) Metaspace: 16404K->16404K(1064960K)
[16.261s][info ][gc             ] GC(2014) Pause Young (Allocation Failure) 56M->38M(61M) 0.478ms
[16.261s][info ][gc,cpu         ] GC(2014) User=0.00s Sys=0.00s Real=0.00s
[16.262s][info ][gc,start       ] GC(2015) Pause Young (Allocation Failure)
[16.263s][debug][gc,age         ] GC(2015) Desired survivor size 1114112 bytes, new threshold 1 (max threshold 15)
[16.263s][info ][gc,heap        ] GC(2015) DefNew: 18354K->1955K(19648K)
[16.263s][info ][gc,heap        ] GC(2015) Tenured: 38310K->39482K(43712K)
[16.263s][info ][gc,metaspace   ] GC(2015) Metaspace: 16404K->16404K(1064960K)
[16.263s][info ][gc             ] GC(2015) Pause Young (Allocation Failure) 55M->40M(61M) 0.888ms
[16.263s][info ][gc,cpu         ] GC(2015) User=0.00s Sys=0.00s Real=0.00s
[16.264s][info ][gc,start       ] GC(2016) Pause Young (Allocation Failure)
[16.265s][debug][gc,age         ] GC(2016) Desired survivor size 1114112 bytes, new threshold 1 (max threshold 15)
[16.265s][info ][gc,heap        ] GC(2016) DefNew: 19121K->1564K(19648K)
[16.265s][info ][gc,heap        ] GC(2016) Tenured: 39482K->39873K(43712K)
[16.265s][info ][gc,metaspace   ] GC(2016) Metaspace: 16404K->16404K(1064960K)
[16.265s][info ][gc             ] GC(2016) Pause Young (Allocation Failure) 57M->40M(61M) 0.613ms
[16.265s][info ][gc,cpu         ] GC(2016) User=0.00s Sys=0.00s Real=0.00s
[16.266s][info ][gc,start       ] GC(2017) Pause Young (Allocation Failure)
[16.267s][debug][gc,age         ] GC(2017) Desired survivor size 1114112 bytes, new threshold 1 (max threshold 15)
[16.267s][info ][gc,heap        ] GC(2017) DefNew: 18721K->1955K(19648K)
[16.267s][info ][gc,heap        ] GC(2017) Tenured: 39873K->40654K(43712K)
[16.267s][info ][gc,metaspace   ] GC(2017) Metaspace: 16404K->16404K(1064960K)
[16.267s][info ][gc             ] GC(2017) Pause Young (Allocation Failure) 57M->41M(61M) 0.665ms
[16.267s][info ][gc,cpu         ] GC(2017) User=0.00s Sys=0.00s Real=0.00s
[16.268s][info ][gc,start       ] GC(2018) Pause Young (Allocation Failure)
[16.269s][debug][gc,age         ] GC(2018) Desired survivor size 1114112 bytes, new threshold 1 (max threshold 15)
[16.269s][info ][gc,heap        ] GC(2018) DefNew: 19106K->1955K(19648K)
[16.269s][info ][gc,heap        ] GC(2018) Tenured: 40654K->40654K(43712K)
[16.269s][info ][gc,metaspace   ] GC(2018) Metaspace: 16404K->16404K(1064960K)
[16.269s][info ][gc             ] GC(2018) Pause Young (Allocation Failure) 58M->41M(61M) 0.565ms
[16.269s][info ][gc,cpu         ] GC(2018) User=0.00s Sys=0.00s Real=0.00s
[16.271s][info ][gc,start       ] GC(2019) Pause Young (Allocation Failure)
[16.271s][debug][gc,age         ] GC(2019) Desired survivor size 1114112 bytes, new threshold 1 (max threshold 15)
[16.271s][info ][gc,heap        ] GC(2019) DefNew: 19055K->1173K(19648K)
[16.271s][info ][gc,heap        ] GC(2019) Tenured: 40654K->40655K(43712K)
[16.271s][info ][gc,metaspace   ] GC(2019) Metaspace: 16404K->16404K(1064960K)
[16.271s][info ][gc             ] GC(2019) Pause Young (Allocation Failure) 58M->40M(61M) 0.551ms
[16.271s][info ][gc,cpu         ] GC(2019) User=0.00s Sys=0.00s Real=0.00s
[16.273s][info ][gc,start       ] GC(2020) Pause Young (Allocation Failure)
[16.273s][debug][gc,age         ] GC(2020) Desired survivor size 1114112 bytes, new threshold 1 (max threshold 15)
[16.273s][info ][gc,heap        ] GC(2020) DefNew: 18302K->1955K(19648K)
[16.273s][info ][gc,heap        ] GC(2020) Tenured: 40655K->40655K(43712K)
[16.273s][info ][gc,metaspace   ] GC(2020) Metaspace: 16404K->16404K(1064960K)
[16.273s][info ][gc             ] GC(2020) Pause Young (Allocation Failure) 57M->41M(61M) 0.717ms
[16.273s][info ][gc,cpu         ] GC(2020) User=0.00s Sys=0.00s Real=0.00s
[16.275s][info ][gc,start       ] GC(2021) Pause Young (Allocation Failure)
[16.275s][debug][gc,age         ] GC(2021) Desired survivor size 1114112 bytes, new threshold 1 (max threshold 15)
[16.275s][info ][gc,heap        ] GC(2021) DefNew: 19121K->1955K(19648K)
[16.275s][info ][gc,heap        ] GC(2021) Tenured: 40655K->41436K(43712K)
[16.275s][info ][gc,metaspace   ] GC(2021) Metaspace: 16404K->16404K(1064960K)
[16.275s][info ][gc             ] GC(2021) Pause Young (Allocation Failure) 58M->42M(61M) 0.639ms
[16.275s][info ][gc,cpu         ] GC(2021) User=0.00s Sys=0.00s Real=0.00s
[16.277s][info ][gc,start       ] GC(2022) Pause Young (Allocation Failure)
[16.277s][debug][gc,age         ] GC(2022) Desired survivor size 1114112 bytes, new threshold 1 (max threshold 15)
[16.277s][info ][gc,heap        ] GC(2022) DefNew: 19112K->1955K(19648K)
[16.277s][info ][gc,heap        ] GC(2022) Tenured: 41436K->42218K(43712K)
[16.277s][info ][gc,metaspace   ] GC(2022) Metaspace: 16404K->16404K(1064960K)
[16.277s][info ][gc             ] GC(2022) Pause Young (Allocation Failure) 59M->43M(61M) 0.635ms
[16.277s][info ][gc,cpu         ] GC(2022) User=0.00s Sys=0.00s Real=0.00s
[16.279s][info ][gc,start       ] GC(2023) Pause Young (Allocation Failure)
[16.279s][info ][gc,start       ] GC(2024) Pause Full (Allocation Failure)
[16.280s][info ][gc,phases,start] GC(2024) Phase 1: Mark live objects
[16.283s][debug][gc,phases      ] GC(2024) Reference Processing 0.046ms
[16.283s][debug][gc,phases      ] GC(2024) Weak Processing 0.013ms
[16.283s][debug][gc,phases      ] GC(2024) ClassLoaderData 0.026ms
[16.283s][debug][gc,phases      ] GC(2024) ProtectionDomainCacheTable 0.002ms
[16.283s][debug][gc,phases      ] GC(2024) ResolvedMethodTable 0.015ms
[16.284s][debug][gc,phases      ] GC(2024) Class Unloading 0.786ms
[16.284s][debug][gc,phases      ] GC(2024) Scrub String Table 0.059ms
[16.285s][debug][gc,phases      ] GC(2024) Scrub Symbol Table 1.101ms
[16.285s][info ][gc,phases      ] GC(2024) Phase 1: Mark live objects 5.307ms
[16.285s][info ][gc,phases,start] GC(2024) Phase 2: Compute new object addresses
[16.286s][info ][gc,phases      ] GC(2024) Phase 2: Compute new object addresses 0.920ms
[16.286s][info ][gc,phases,start] GC(2024) Phase 3: Adjust pointers
[16.290s][info ][gc,phases      ] GC(2024) Phase 3: Adjust pointers 4.039ms
[16.290s][info ][gc,phases,start] GC(2024) Phase 4: Move objects
[16.290s][info ][gc,phases      ] GC(2024) Phase 4: Move objects 0.144ms
[16.290s][info ][gc             ] GC(2024) Pause Full (Allocation Failure) 59M->4M(61M) 11.415ms
[16.290s][info ][gc,heap        ] GC(2023) DefNew: 19106K->0K(19648K)
[16.290s][info ][gc,heap        ] GC(2023) Tenured: 42218K->4318K(43712K)
[16.290s][info ][gc,metaspace   ] GC(2023) Metaspace: 16404K->16404K(1064960K)
[16.290s][info ][gc             ] GC(2023) Pause Young (Allocation Failure) 59M->4M(61M) 11.538ms
[16.290s][info ][gc,cpu         ] GC(2023) User=0.01s Sys=0.00s Real=0.02s
[16.291s][info ][gc,start       ] GC(2025) Pause Young (Allocation Failure)
[16.292s][debug][gc,age         ] GC(2025) Desired survivor size 1114112 bytes, new threshold 1 (max threshold 15)
[16.292s][info ][gc,heap        ] GC(2025) DefNew: 17147K->1955K(19648K)
[16.292s][info ][gc,heap        ] GC(2025) Tenured: 4318K->4709K(43712K)
[16.292s][info ][gc,metaspace   ] GC(2025) Metaspace: 16404K->16404K(1064960K)
[16.292s][info ][gc             ] GC(2025) Pause Young (Allocation Failure) 20M->6M(61M) 0.571ms
[16.292s][info ][gc,cpu         ] GC(2025) User=0.00s Sys=0.00s Real=0.00s
[16.293s][info ][gc,start       ] GC(2026) Pause Young (Allocation Failure)
[16.294s][debug][gc,age         ] GC(2026) Desired survivor size 1114112 bytes, new threshold 1 (max threshold 15)
[16.294s][info ][gc,heap        ] GC(2026) DefNew: 19100K->1955K(19648K)
[16.294s][info ][gc,heap        ] GC(2026) Tenured: 4709K->4709K(43712K)
[16.294s][info ][gc,metaspace   ] GC(2026) Metaspace: 16404K->16404K(1064960K)
[16.294s][info ][gc             ] GC(2026) Pause Young (Allocation Failure) 23M->6M(61M) 0.515ms
[16.294s][info ][gc,cpu         ] GC(2026) User=0.00s Sys=0.00s Real=0.00s
[16.295s][info ][gc,start       ] GC(2027) Pause Young (Allocation Failure)
[16.296s][debug][gc,age         ] GC(2027) Desired survivor size 1114112 bytes, new threshold 1 (max threshold 15)
[16.296s][info ][gc,heap        ] GC(2027) DefNew: 19098K->1955K(19648K)
[16.296s][info ][gc,heap        ] GC(2027) Tenured: 4709K->5881K(43712K)
[16.296s][info ][gc,metaspace   ] GC(2027) Metaspace: 16404K->16404K(1064960K)
[16.296s][info ][gc             ] GC(2027) Pause Young (Allocation Failure) 23M->7M(61M) 0.924ms
[16.296s][info ][gc,cpu         ] GC(2027) User=0.00s Sys=0.00s Real=0.00s
[16.298s][info ][gc,start       ] GC(2028) Pause Young (Allocation Failure)
[16.299s][debug][gc,age         ] GC(2028) Desired survivor size 1114112 bytes, new threshold 1 (max threshold 15)
[16.299s][info ][gc,heap        ] GC(2028) DefNew: 19427K->1955K(19648K)
[16.299s][info ][gc,heap        ] GC(2028) Tenured: 5881K->6663K(43712K)
[16.299s][info ][gc,metaspace   ] GC(2028) Metaspace: 16404K->16404K(1064960K)
[16.299s][info ][gc             ] GC(2028) Pause Young (Allocation Failure) 24M->8M(61M) 0.665ms
[16.299s][info ][gc,cpu         ] GC(2028) User=0.00s Sys=0.00s Real=0.00s
[16.300s][info ][gc,start       ] GC(2029) Pause Young (Allocation Failure)
[16.301s][debug][gc,age         ] GC(2029) Desired survivor size 1114112 bytes, new threshold 1 (max threshold 15)
[16.301s][info ][gc,heap        ] GC(2029) DefNew: 19112K->1955K(19648K)
[16.301s][info ][gc,heap        ] GC(2029) Tenured: 6663K->7053K(43712K)
[16.301s][info ][gc,metaspace   ] GC(2029) Metaspace: 16404K->16404K(1064960K)
[16.301s][info ][gc             ] GC(2029) Pause Young (Allocation Failure) 25M->8M(61M) 0.893ms
[16.301s][info ][gc,cpu         ] GC(2029) User=0.00s Sys=0.00s Real=0.00s
[16.302s][info ][gc,start       ] GC(2030) Pause Young (Allocation Failure)
[16.303s][debug][gc,age         ] GC(2030) Desired survivor size 1114112 bytes, new threshold 1 (max threshold 15)
[16.303s][info ][gc,heap        ] GC(2030) DefNew: 19107K->1955K(19648K)
[16.303s][info ][gc,heap        ] GC(2030) Tenured: 7053K->7835K(43712K)
[16.303s][info ][gc,metaspace   ] GC(2030) Metaspace: 16404K->16404K(1064960K)
[16.303s][info ][gc             ] GC(2030) Pause Young (Allocation Failure) 25M->9M(61M) 0.692ms
[16.303s][info ][gc,cpu         ] GC(2030) User=0.00s Sys=0.00s Real=0.00s
[16.304s][info ][gc,start       ] GC(2031) Pause Young (Allocation Failure)
[16.305s][debug][gc,age         ] GC(2031) Desired survivor size 1114112 bytes, new threshold 1 (max threshold 15)
[16.305s][info ][gc,heap        ] GC(2031) DefNew: 19102K->1955K(19648K)
[16.305s][info ][gc,heap        ] GC(2031) Tenured: 7835K->7835K(43712K)
[16.305s][info ][gc,metaspace   ] GC(2031) Metaspace: 16404K->16404K(1064960K)
[16.305s][info ][gc             ] GC(2031) Pause Young (Allocation Failure) 26M->9M(61M) 0.575ms
[16.305s][info ][gc,cpu         ] GC(2031) User=0.00s Sys=0.00s Real=0.00s
[16.306s][info ][gc,start       ] GC(2032) Pause Young (Allocation Failure)
[16.307s][debug][gc,age         ] GC(2032) Desired survivor size 1114112 bytes, new threshold 1 (max threshold 15)
[16.307s][info ][gc,heap        ] GC(2032) DefNew: 19100K->1955K(19648K)
[16.307s][info ][gc,heap        ] GC(2032) Tenured: 7835K->9007K(43712K)
[16.307s][info ][gc,metaspace   ] GC(2032) Metaspace: 16404K->16404K(1064960K)
[16.307s][info ][gc             ] GC(2032) Pause Young (Allocation Failure) 26M->10M(61M) 0.736ms
[16.307s][info ][gc,cpu         ] GC(2032) User=0.01s Sys=0.00s Real=0.00s
[16.308s][info ][gc,start       ] GC(2033) Pause Young (Allocation Failure)
[16.309s][debug][gc,age         ] GC(2033) Desired survivor size 1114112 bytes, new threshold 1 (max threshold 15)
[16.309s][info ][gc,heap        ] GC(2033) DefNew: 19099K->1955K(19648K)
[16.309s][info ][gc,heap        ] GC(2033) Tenured: 9007K->10179K(43712K)
[16.309s][info ][gc,metaspace   ] GC(2033) Metaspace: 16404K->16404K(1064960K)
[16.309s][info ][gc             ] GC(2033) Pause Young (Allocation Failure) 27M->11M(61M) 0.726ms
[16.309s][info ][gc,cpu         ] GC(2033) User=0.00s Sys=0.00s Real=0.00s
[16.310s][info ][gc,start       ] GC(2034) Pause Young (Allocation Failure)
[16.311s][debug][gc,age         ] GC(2034) Desired survivor size 1114112 bytes, new threshold 1 (max threshold 15)
[16.311s][info ][gc,heap        ] GC(2034) DefNew: 19097K->1955K(19648K)
[16.311s][info ][gc,heap        ] GC(2034) Tenured: 10179K->10569K(43712K)
[16.311s][info ][gc,metaspace   ] GC(2034) Metaspace: 16404K->16404K(1064960K)
[16.311s][info ][gc             ] GC(2034) Pause Young (Allocation Failure) 28M->12M(61M) 0.585ms
[16.311s][info ][gc,cpu         ] GC(2034) User=0.00s Sys=0.00s Real=0.00s
[16.313s][info ][gc,start       ] GC(2035) Pause Young (Allocation Failure)
[16.314s][debug][gc,age         ] GC(2035) Desired survivor size 1114112 bytes, new threshold 1 (max threshold 15)
[16.314s][info ][gc,heap        ] GC(2035) DefNew: 19055K->1954K(19648K)
[16.314s][info ][gc,heap        ] GC(2035) Tenured: 10569K->11351K(43712K)
[16.314s][info ][gc,metaspace   ] GC(2035) Metaspace: 16404K->16404K(1064960K)
[16.314s][info ][gc             ] GC(2035) Pause Young (Allocation Failure) 28M->12M(61M) 1.095ms
[16.314s][info ][gc,cpu         ] GC(2035) User=0.00s Sys=0.00s Real=0.00s
[16.315s][info ][gc,start       ] GC(2036) Pause Young (Allocation Failure)
[16.316s][debug][gc,age         ] GC(2036) Desired survivor size 1114112 bytes, new threshold 1 (max threshold 15)
[16.316s][info ][gc,heap        ] GC(2036) DefNew: 19111K->1955K(19648K)
[16.316s][info ][gc,heap        ] GC(2036) Tenured: 11351K->11351K(43712K)
[16.316s][info ][gc,metaspace   ] GC(2036) Metaspace: 16404K->16404K(1064960K)
[16.316s][info ][gc             ] GC(2036) Pause Young (Allocation Failure) 29M->12M(61M) 0.548ms
[16.316s][info ][gc,cpu         ] GC(2036) User=0.00s Sys=0.00s Real=0.00s
[16.317s][info ][gc,start       ] GC(2037) Pause Young (Allocation Failure)
[16.318s][debug][gc,age         ] GC(2037) Desired survivor size 1114112 bytes, new threshold 1 (max threshold 15)
[16.318s][info ][gc,heap        ] GC(2037) DefNew: 19106K->1955K(19648K)
[16.318s][info ][gc,heap        ] GC(2037) Tenured: 11351K->12132K(43712K)
[16.318s][info ][gc,metaspace   ] GC(2037) Metaspace: 16404K->16404K(1064960K)
[16.318s][info ][gc             ] GC(2037) Pause Young (Allocation Failure) 29M->13M(61M) 0.876ms
[16.318s][info ][gc,cpu         ] GC(2037) User=0.00s Sys=0.00s Real=0.00s
[16.320s][info ][gc,start       ] GC(2038) Pause Young (Allocation Failure)
[16.320s][debug][gc,age         ] GC(2038) Desired survivor size 1114112 bytes, new threshold 1 (max threshold 15)
[16.320s][info ][gc,heap        ] GC(2038) DefNew: 19102K->1955K(19648K)
[16.320s][info ][gc,heap        ] GC(2038) Tenured: 12132K->12133K(43712K)
[16.320s][info ][gc,metaspace   ] GC(2038) Metaspace: 16404K->16404K(1064960K)
[16.320s][info ][gc             ] GC(2038) Pause Young (Allocation Failure) 30M->13M(61M) 0.712ms
[16.320s][info ][gc,cpu         ] GC(2038) User=0.00s Sys=0.00s Real=0.00s
[16.322s][info ][gc,start       ] GC(2039) Pause Young (Allocation Failure)
[16.322s][debug][gc,age         ] GC(2039) Desired survivor size 1114112 bytes, new threshold 1 (max threshold 15)
[16.322s][info ][gc,heap        ] GC(2039) DefNew: 19099K->1955K(19648K)
[16.322s][info ][gc,heap        ] GC(2039) Tenured: 12133K->13305K(43712K)
[16.322s][info ][gc,metaspace   ] GC(2039) Metaspace: 16404K->16404K(1064960K)
[16.322s][info ][gc             ] GC(2039) Pause Young (Allocation Failure) 30M->14M(61M) 0.850ms
[16.323s][info ][gc,cpu         ] GC(2039) User=0.00s Sys=0.00s Real=0.00s
[16.324s][info ][gc,start       ] GC(2040) Pause Young (Allocation Failure)
[16.324s][debug][gc,age         ] GC(2040) Desired survivor size 1114112 bytes, new threshold 1 (max threshold 15)
[16.324s][info ][gc,heap        ] GC(2040) DefNew: 19098K->1955K(19648K)
[16.324s][info ][gc,heap        ] GC(2040) Tenured: 13305K->13695K(43712K)
[16.324s][info ][gc,metaspace   ] GC(2040) Metaspace: 16404K->16404K(1064960K)
[16.324s][info ][gc             ] GC(2040) Pause Young (Allocation Failure) 31M->15M(61M) 0.566ms
[16.324s][info ][gc,cpu         ] GC(2040) User=0.01s Sys=0.00s Real=0.00s
[16.326s][info ][gc,start       ] GC(2041) Pause Young (Allocation Failure)
[16.326s][debug][gc,age         ] GC(2041) Desired survivor size 1114112 bytes, new threshold 1 (max threshold 15)
[16.326s][info ][gc,heap        ] GC(2041) DefNew: 19097K->1955K(19648K)
[16.326s][info ][gc,heap        ] GC(2041) Tenured: 13695K->14477K(43712K)
[16.326s][info ][gc,metaspace   ] GC(2041) Metaspace: 16404K->16404K(1064960K)
[16.326s][info ][gc             ] GC(2041) Pause Young (Allocation Failure) 32M->16M(61M) 0.635ms
[16.327s][info ][gc,cpu         ] GC(2041) User=0.00s Sys=0.00s Real=0.00s
[16.328s][info ][gc,start       ] GC(2042) Pause Young (Allocation Failure)
[16.328s][debug][gc,age         ] GC(2042) Desired survivor size 1114112 bytes, new threshold 1 (max threshold 15)
[16.328s][info ][gc,heap        ] GC(2042) DefNew: 19097K->1564K(19648K)
[16.328s][info ][gc,heap        ] GC(2042) Tenured: 14477K->14477K(43712K)
[16.328s][info ][gc,metaspace   ] GC(2042) Metaspace: 16404K->16404K(1064960K)
[16.328s][info ][gc             ] GC(2042) Pause Young (Allocation Failure) 32M->15M(61M) 0.468ms
[16.328s][info ][gc,cpu         ] GC(2042) User=0.00s Sys=0.00s Real=0.00s
[16.330s][info ][gc,start       ] GC(2043) Pause Young (Allocation Failure)
[16.331s][debug][gc,age         ] GC(2043) Desired survivor size 1114112 bytes, new threshold 1 (max threshold 15)
[16.331s][info ][gc,heap        ] GC(2043) DefNew: 18706K->1955K(19648K)
[16.331s][info ][gc,heap        ] GC(2043) Tenured: 14477K->15648K(43712K)
[16.331s][info ][gc,metaspace   ] GC(2043) Metaspace: 16404K->16404K(1064960K)
[16.331s][info ][gc             ] GC(2043) Pause Young (Allocation Failure) 32M->17M(61M) 1.078ms
[16.331s][info ][gc,cpu         ] GC(2043) User=0.00s Sys=0.00s Real=0.00s
[16.332s][info ][gc,start       ] GC(2044) Pause Young (Allocation Failure)
[16.333s][debug][gc,age         ] GC(2044) Desired survivor size 1114112 bytes, new threshold 1 (max threshold 15)
[16.333s][info ][gc,heap        ] GC(2044) DefNew: 19096K->1955K(19648K)
[16.333s][info ][gc,heap        ] GC(2044) Tenured: 15648K->15648K(43712K)
[16.333s][info ][gc,metaspace   ] GC(2044) Metaspace: 16404K->16404K(1064960K)
[16.333s][info ][gc             ] GC(2044) Pause Young (Allocation Failure) 33M->17M(61M) 0.932ms
[16.333s][info ][gc,cpu         ] GC(2044) User=0.00s Sys=0.00s Real=0.00s
[16.335s][info ][gc,start       ] GC(2045) Pause Young (Allocation Failure)
[16.336s][debug][gc,age         ] GC(2045) Desired survivor size 1114112 bytes, new threshold 1 (max threshold 15)
[16.336s][info ][gc,heap        ] GC(2045) DefNew: 19096K->1955K(19648K)
[16.336s][info ][gc,heap        ] GC(2045) Tenured: 15648K->16039K(43712K)
[16.336s][info ][gc,metaspace   ] GC(2045) Metaspace: 16404K->16404K(1064960K)
[16.336s][info ][gc             ] GC(2045) Pause Young (Allocation Failure) 33M->17M(61M) 0.860ms
[16.336s][info ][gc,cpu         ] GC(2045) User=0.00s Sys=0.00s Real=0.00s
[16.337s][info ][gc,start       ] GC(2046) Pause Young (Allocation Failure)
[16.338s][debug][gc,age         ] GC(2046) Desired survivor size 1114112 bytes, new threshold 1 (max threshold 15)
[16.338s][info ][gc,heap        ] GC(2046) DefNew: 19096K->1955K(19648K)
[16.338s][info ][gc,heap        ] GC(2046) Tenured: 16039K->16430K(43712K)
[16.338s][info ][gc,metaspace   ] GC(2046) Metaspace: 16404K->16404K(1064960K)
[16.338s][info ][gc             ] GC(2046) Pause Young (Allocation Failure) 34M->17M(61M) 0.576ms
[16.338s][info ][gc,cpu         ] GC(2046) User=0.01s Sys=0.00s Real=0.00s
[16.339s][info ][gc,start       ] GC(2047) Pause Young (Allocation Failure)
[16.340s][debug][gc,age         ] GC(2047) Desired survivor size 1114112 bytes, new threshold 1 (max threshold 15)
[16.340s][info ][gc,heap        ] GC(2047) DefNew: 19096K->1955K(19648K)
[16.340s][info ][gc,heap        ] GC(2047) Tenured: 16430K->17211K(43712K)
[16.340s][info ][gc,metaspace   ] GC(2047) Metaspace: 16404K->16404K(1064960K)
[16.340s][info ][gc             ] GC(2047) Pause Young (Allocation Failure) 34M->18M(61M) 0.765ms
[16.340s][info ][gc,cpu         ] GC(2047) User=0.00s Sys=0.00s Real=0.01s
[16.341s][info ][gc,start       ] GC(2048) Pause Young (Allocation Failure)
[16.342s][debug][gc,age         ] GC(2048) Desired survivor size 1114112 bytes, new threshold 1 (max threshold 15)
[16.342s][info ][gc,heap        ] GC(2048) DefNew: 19095K->1955K(19648K)
[16.342s][info ][gc,heap        ] GC(2048) Tenured: 17211K->17993K(43712K)
[16.342s][info ][gc,metaspace   ] GC(2048) Metaspace: 16404K->16404K(1064960K)
[16.342s][info ][gc             ] GC(2048) Pause Young (Allocation Failure) 35M->19M(61M) 0.615ms
[16.342s][info ][gc,cpu         ] GC(2048) User=0.00s Sys=0.00s Real=0.00s
[16.343s][info ][gc,start       ] GC(2049) Pause Young (Allocation Failure)
[16.344s][debug][gc,age         ] GC(2049) Desired survivor size 1114112 bytes, new threshold 1 (max threshold 15)
[16.344s][info ][gc,heap        ] GC(2049) DefNew: 19096K->1955K(19648K)
[16.344s][info ][gc,heap        ] GC(2049) Tenured: 17993K->18383K(43712K)
[16.344s][info ][gc,metaspace   ] GC(2049) Metaspace: 16404K->16404K(1064960K)
[16.344s][info ][gc             ] GC(2049) Pause Young (Allocation Failure) 36M->19M(61M) 0.551ms
[16.344s][info ][gc,cpu         ] GC(2049) User=0.00s Sys=0.00s Real=0.00s
[16.345s][info ][gc,start       ] GC(2050) Pause Young (Allocation Failure)
[16.346s][debug][gc,age         ] GC(2050) Desired survivor size 1114112 bytes, new threshold 1 (max threshold 15)
[16.346s][info ][gc,heap        ] GC(2050) DefNew: 19096K->1955K(19648K)
[16.346s][info ][gc,heap        ] GC(2050) Tenured: 18383K->18383K(43712K)
[16.346s][info ][gc,metaspace   ] GC(2050) Metaspace: 16404K->16404K(1064960K)
[16.346s][info ][gc             ] GC(2050) Pause Young (Allocation Failure) 36M->19M(61M) 0.562ms
[16.346s][info ][gc,cpu         ] GC(2050) User=0.00s Sys=0.00s Real=0.00s
[16.347s][info ][gc,start       ] GC(2051) Pause Young (Allocation Failure)
[16.348s][debug][gc,age         ] GC(2051) Desired survivor size 1114112 bytes, new threshold 1 (max threshold 15)
[16.348s][info ][gc,heap        ] GC(2051) DefNew: 19095K->1955K(19648K)
[16.348s][info ][gc,heap        ] GC(2051) Tenured: 18383K->19555K(43712K)
[16.348s][info ][gc,metaspace   ] GC(2051) Metaspace: 16404K->16404K(1064960K)
[16.348s][info ][gc             ] GC(2051) Pause Young (Allocation Failure) 36M->21M(61M) 0.763ms
[16.348s][info ][gc,cpu         ] GC(2051) User=0.00s Sys=0.00s Real=0.00s
[16.349s][info ][gc,start       ] GC(2052) Pause Young (Allocation Failure)
[16.350s][debug][gc,age         ] GC(2052) Desired survivor size 1114112 bytes, new threshold 1 (max threshold 15)
[16.350s][info ][gc,heap        ] GC(2052) DefNew: 19096K->1955K(19648K)
[16.350s][info ][gc,heap        ] GC(2052) Tenured: 19555K->20727K(43712K)
[16.350s][info ][gc,metaspace   ] GC(2052) Metaspace: 16404K->16404K(1064960K)
[16.350s][info ][gc             ] GC(2052) Pause Young (Allocation Failure) 37M->22M(61M) 0.769ms
[16.350s][info ][gc,cpu         ] GC(2052) User=0.00s Sys=0.00s Real=0.00s
[16.352s][info ][gc,start       ] GC(2053) Pause Young (Allocation Failure)
[16.352s][debug][gc,age         ] GC(2053) Desired survivor size 1114112 bytes, new threshold 1 (max threshold 15)
[16.352s][info ][gc,heap        ] GC(2053) DefNew: 19055K->1955K(19648K)
[16.352s][info ][gc,heap        ] GC(2053) Tenured: 20727K->20727K(43712K)
[16.352s][info ][gc,metaspace   ] GC(2053) Metaspace: 16404K->16404K(1064960K)
[16.352s][info ][gc             ] GC(2053) Pause Young (Allocation Failure) 38M->22M(61M) 0.631ms
[16.352s][info ][gc,cpu         ] GC(2053) User=0.00s Sys=0.00s Real=0.00s
[16.354s][info ][gc,start       ] GC(2054) Pause Young (Allocation Failure)
[16.354s][debug][gc,age         ] GC(2054) Desired survivor size 1114112 bytes, new threshold 1 (max threshold 15)
[16.354s][info ][gc,heap        ] GC(2054) DefNew: 19110K->1174K(19648K)
[16.354s][info ][gc,heap        ] GC(2054) Tenured: 20727K->20727K(43712K)
[16.354s][info ][gc,metaspace   ] GC(2054) Metaspace: 16404K->16404K(1064960K)
[16.354s][info ][gc             ] GC(2054) Pause Young (Allocation Failure) 38M->21M(61M) 0.659ms
[16.354s][info ][gc,cpu         ] GC(2054) User=0.00s Sys=0.00s Real=0.00s
[16.356s][info ][gc,start       ] GC(2055) Pause Young (Allocation Failure)
[16.356s][debug][gc,age         ] GC(2055) Desired survivor size 1114112 bytes, new threshold 1 (max threshold 15)
[16.356s][info ][gc,heap        ] GC(2055) DefNew: 18278K->1955K(19648K)
[16.356s][info ][gc,heap        ] GC(2055) Tenured: 20727K->21118K(43712K)
[16.356s][info ][gc,metaspace   ] GC(2055) Metaspace: 16404K->16404K(1064960K)
[16.356s][info ][gc             ] GC(2055) Pause Young (Allocation Failure) 38M->22M(61M) 0.579ms
[16.356s][info ][gc,cpu         ] GC(2055) User=0.00s Sys=0.00s Real=0.00s
[16.358s][info ][gc,start       ] GC(2056) Pause Young (Allocation Failure)
[16.358s][debug][gc,age         ] GC(2056) Desired survivor size 1114112 bytes, new threshold 1 (max threshold 15)
[16.358s][info ][gc,heap        ] GC(2056) DefNew: 19069K->1955K(19648K)
[16.358s][info ][gc,heap        ] GC(2056) Tenured: 21118K->21900K(43712K)
[16.358s][info ][gc,metaspace   ] GC(2056) Metaspace: 16404K->16404K(1064960K)
[16.358s][info ][gc             ] GC(2056) Pause Young (Allocation Failure) 39M->23M(61M) 0.620ms
[16.358s][info ][gc,cpu         ] GC(2056) User=0.00s Sys=0.00s Real=0.00s
[16.360s][info ][gc,start       ] GC(2057) Pause Young (Allocation Failure)
[16.360s][debug][gc,age         ] GC(2057) Desired survivor size 1114112 bytes, new threshold 1 (max threshold 15)
[16.360s][info ][gc,heap        ] GC(2057) DefNew: 19127K->1955K(19648K)
[16.360s][info ][gc,heap        ] GC(2057) Tenured: 21900K->22681K(43712K)
[16.360s][info ][gc,metaspace   ] GC(2057) Metaspace: 16404K->16404K(1064960K)
[16.360s][info ][gc             ] GC(2057) Pause Young (Allocation Failure) 40M->24M(61M) 0.711ms
[16.360s][info ][gc,cpu         ] GC(2057) User=0.00s Sys=0.00s Real=0.00s
[16.362s][info ][gc,start       ] GC(2058) Pause Young (Allocation Failure)
[16.362s][debug][gc,age         ] GC(2058) Desired survivor size 1114112 bytes, new threshold 1 (max threshold 15)
[16.362s][info ][gc,heap        ] GC(2058) DefNew: 19116K->1955K(19648K)
[16.362s][info ][gc,heap        ] GC(2058) Tenured: 22681K->22681K(43712K)
[16.362s][info ][gc,metaspace   ] GC(2058) Metaspace: 16404K->16404K(1064960K)
[16.362s][info ][gc             ] GC(2058) Pause Young (Allocation Failure) 40M->24M(61M) 0.512ms
[16.362s][info ][gc,cpu         ] GC(2058) User=0.00s Sys=0.00s Real=0.00s
[16.364s][info ][gc,start       ] GC(2059) Pause Young (Allocation Failure)
[16.364s][debug][gc,age         ] GC(2059) Desired survivor size 1114112 bytes, new threshold 1 (max threshold 15)
[16.364s][info ][gc,heap        ] GC(2059) DefNew: 19108K->1955K(19648K)
[16.364s][info ][gc,heap        ] GC(2059) Tenured: 22681K->23462K(43712K)
[16.364s][info ][gc,metaspace   ] GC(2059) Metaspace: 16404K->16404K(1064960K)
[16.365s][info ][gc             ] GC(2059) Pause Young (Allocation Failure) 40M->24M(61M) 0.942ms
[16.365s][info ][gc,cpu         ] GC(2059) User=0.00s Sys=0.00s Real=0.00s
[16.366s][info ][gc,start       ] GC(2060) Pause Young (Allocation Failure)
[16.366s][debug][gc,age         ] GC(2060) Desired survivor size 1114112 bytes, new threshold 1 (max threshold 15)
[16.366s][info ][gc,heap        ] GC(2060) DefNew: 19104K->1955K(19648K)
[16.366s][info ][gc,heap        ] GC(2060) Tenured: 23462K->23853K(43712K)
[16.366s][info ][gc,metaspace   ] GC(2060) Metaspace: 16404K->16404K(1064960K)
[16.366s][info ][gc             ] GC(2060) Pause Young (Allocation Failure) 41M->25M(61M) 0.571ms
[16.366s][info ][gc,cpu         ] GC(2060) User=0.00s Sys=0.00s Real=0.00s
[16.368s][info ][gc,start       ] GC(2061) Pause Young (Allocation Failure)
[16.368s][debug][gc,age         ] GC(2061) Desired survivor size 1114112 bytes, new threshold 1 (max threshold 15)
[16.368s][info ][gc,heap        ] GC(2061) DefNew: 19101K->1955K(19648K)
[16.368s][info ][gc,heap        ] GC(2061) Tenured: 23853K->23853K(43712K)
[16.368s][info ][gc,metaspace   ] GC(2061) Metaspace: 16404K->16404K(1064960K)
[16.368s][info ][gc             ] GC(2061) Pause Young (Allocation Failure) 41M->25M(61M) 0.559ms
[16.368s][info ][gc,cpu         ] GC(2061) User=0.00s Sys=0.00s Real=0.00s
[16.370s][info ][gc,start       ] GC(2062) Pause Young (Allocation Failure)
[16.370s][debug][gc,age         ] GC(2062) Desired survivor size 1114112 bytes, new threshold 1 (max threshold 15)
[16.370s][info ][gc,heap        ] GC(2062) DefNew: 19099K->1955K(19648K)
[16.370s][info ][gc,heap        ] GC(2062) Tenured: 23853K->24244K(43712K)
[16.370s][info ][gc,metaspace   ] GC(2062) Metaspace: 16404K->16404K(1064960K)
[16.370s][info ][gc             ] GC(2062) Pause Young (Allocation Failure) 41M->25M(61M) 0.637ms
[16.370s][info ][gc,cpu         ] GC(2062) User=0.00s Sys=0.00s Real=0.00s
[16.372s][info ][gc,start       ] GC(2063) Pause Young (Allocation Failure)
[16.372s][debug][gc,age         ] GC(2063) Desired survivor size 1114112 bytes, new threshold 1 (max threshold 15)
[16.372s][info ][gc,heap        ] GC(2063) DefNew: 19098K->1955K(19648K)
[16.372s][info ][gc,heap        ] GC(2063) Tenured: 24244K->24244K(43712K)
[16.372s][info ][gc,metaspace   ] GC(2063) Metaspace: 16404K->16404K(1064960K)
[16.372s][info ][gc             ] GC(2063) Pause Young (Allocation Failure) 42M->25M(61M) 0.618ms
[16.372s][info ][gc,cpu         ] GC(2063) User=0.00s Sys=0.00s Real=0.00s
[16.374s][info ][gc,start       ] GC(2064) Pause Young (Allocation Failure)
[16.374s][debug][gc,age         ] GC(2064) Desired survivor size 1114112 bytes, new threshold 1 (max threshold 15)
[16.374s][info ][gc,heap        ] GC(2064) DefNew: 19097K->1955K(19648K)
[16.374s][info ][gc,heap        ] GC(2064) Tenured: 24244K->24244K(43712K)
[16.374s][info ][gc,metaspace   ] GC(2064) Metaspace: 16404K->16404K(1064960K)
[16.374s][info ][gc             ] GC(2064) Pause Young (Allocation Failure) 42M->25M(61M) 0.612ms
[16.374s][info ][gc,cpu         ] GC(2064) User=0.00s Sys=0.00s Real=0.00s
[16.376s][info ][gc,start       ] GC(2065) Pause Young (Allocation Failure)
[16.376s][debug][gc,age         ] GC(2065) Desired survivor size 1114112 bytes, new threshold 1 (max threshold 15)
[16.376s][info ][gc,heap        ] GC(2065) DefNew: 19054K->1955K(19648K)
[16.376s][info ][gc,heap        ] GC(2065) Tenured: 24244K->24635K(43712K)
[16.376s][info ][gc,metaspace   ] GC(2065) Metaspace: 16404K->16404K(1064960K)
[16.376s][info ][gc             ] GC(2065) Pause Young (Allocation Failure) 42M->25M(61M) 0.721ms
[16.376s][info ][gc,cpu         ] GC(2065) User=0.00s Sys=0.00s Real=0.00s
[16.378s][info ][gc,start       ] GC(2066) Pause Young (Allocation Failure)
[16.378s][debug][gc,age         ] GC(2066) Desired survivor size 1114112 bytes, new threshold 1 (max threshold 15)
[16.378s][info ][gc,heap        ] GC(2066) DefNew: 19111K->1955K(19648K)
[16.378s][info ][gc,heap        ] GC(2066) Tenured: 24635K->25416K(43712K)
[16.378s][info ][gc,metaspace   ] GC(2066) Metaspace: 16404K->16404K(1064960K)
[16.378s][info ][gc             ] GC(2066) Pause Young (Allocation Failure) 42M->26M(61M) 0.744ms
[16.378s][info ][gc,cpu         ] GC(2066) User=0.00s Sys=0.00s Real=0.00s
[16.380s][info ][gc,start       ] GC(2067) Pause Young (Allocation Failure)
[16.381s][debug][gc,age         ] GC(2067) Desired survivor size 1114112 bytes, new threshold 1 (max threshold 15)
[16.381s][info ][gc,heap        ] GC(2067) DefNew: 19106K->1955K(19648K)
[16.381s][info ][gc,heap        ] GC(2067) Tenured: 25416K->26198K(43712K)
[16.381s][info ][gc,metaspace   ] GC(2067) Metaspace: 16404K->16404K(1064960K)
[16.381s][info ][gc             ] GC(2067) Pause Young (Allocation Failure) 43M->27M(61M) 1.068ms
[16.381s][info ][gc,cpu         ] GC(2067) User=0.01s Sys=0.00s Real=0.00s
[16.382s][info ][gc,start       ] GC(2068) Pause Young (Allocation Failure)
[16.383s][debug][gc,age         ] GC(2068) Desired survivor size 1114112 bytes, new threshold 1 (max threshold 15)
[16.383s][info ][gc,heap        ] GC(2068) DefNew: 19102K->1955K(19648K)
[16.383s][info ][gc,heap        ] GC(2068) Tenured: 26198K->26979K(43712K)
[16.383s][info ][gc,metaspace   ] GC(2068) Metaspace: 16404K->16404K(1064960K)
[16.383s][info ][gc             ] GC(2068) Pause Young (Allocation Failure) 44M->28M(61M) 0.663ms
[16.383s][info ][gc,cpu         ] GC(2068) User=0.00s Sys=0.00s Real=0.00s
[16.384s][info ][gc,start       ] GC(2069) Pause Young (Allocation Failure)
[16.385s][debug][gc,age         ] GC(2069) Desired survivor size 1114112 bytes, new threshold 1 (max threshold 15)
[16.385s][info ][gc,heap        ] GC(2069) DefNew: 19100K->1955K(19648K)
[16.385s][info ][gc,heap        ] GC(2069) Tenured: 26979K->27370K(43712K)
[16.385s][info ][gc,metaspace   ] GC(2069) Metaspace: 16404K->16404K(1064960K)
[16.385s][info ][gc             ] GC(2069) Pause Young (Allocation Failure) 44M->28M(61M) 0.747ms
[16.385s][info ][gc,cpu         ] GC(2069) User=0.00s Sys=0.00s Real=0.00s
[16.386s][info ][gc,start       ] GC(2070) Pause Young (Allocation Failure)
[16.387s][debug][gc,age         ] GC(2070) Desired survivor size 1114112 bytes, new threshold 1 (max threshold 15)
[16.387s][info ][gc,heap        ] GC(2070) DefNew: 19098K->1955K(19648K)
[16.387s][info ][gc,heap        ] GC(2070) Tenured: 27370K->28151K(43712K)
[16.387s][info ][gc,metaspace   ] GC(2070) Metaspace: 16404K->16404K(1064960K)
[16.387s][info ][gc             ] GC(2070) Pause Young (Allocation Failure) 45M->29M(61M) 0.606ms
[16.387s][info ][gc,cpu         ] GC(2070) User=0.00s Sys=0.00s Real=0.00s
[16.388s][info ][gc,start       ] GC(2071) Pause Young (Allocation Failure)
[16.389s][debug][gc,age         ] GC(2071) Desired survivor size 1114112 bytes, new threshold 1 (max threshold 15)
[16.389s][info ][gc,heap        ] GC(2071) DefNew: 19038K->1955K(19648K)
[16.389s][info ][gc,heap        ] GC(2071) Tenured: 28151K->28542K(43712K)
[16.389s][info ][gc,metaspace   ] GC(2071) Metaspace: 16404K->16404K(1064960K)
[16.389s][info ][gc             ] GC(2071) Pause Young (Allocation Failure) 46M->29M(61M) 0.585ms
[16.389s][info ][gc,cpu         ] GC(2071) User=0.00s Sys=0.00s Real=0.00s
[16.391s][info ][gc,start       ] GC(2072) Pause Young (Allocation Failure)
[16.391s][debug][gc,age         ] GC(2072) Desired survivor size 1114112 bytes, new threshold 1 (max threshold 15)
[16.391s][info ][gc,heap        ] GC(2072) DefNew: 19118K->1955K(19648K)
[16.391s][info ][gc,heap        ] GC(2072) Tenured: 28542K->28933K(43712K)
[16.391s][info ][gc,metaspace   ] GC(2072) Metaspace: 16404K->16404K(1064960K)
[16.391s][info ][gc             ] GC(2072) Pause Young (Allocation Failure) 46M->30M(61M) 0.670ms
[16.391s][info ][gc,cpu         ] GC(2072) User=0.00s Sys=0.00s Real=0.00s
[16.392s][info ][gc,start       ] GC(2073) Pause Young (Allocation Failure)
[16.393s][debug][gc,age         ] GC(2073) Desired survivor size 1114112 bytes, new threshold 1 (max threshold 15)
[16.393s][info ][gc,heap        ] GC(2073) DefNew: 19110K->1955K(19648K)
[16.393s][info ][gc,heap        ] GC(2073) Tenured: 28933K->30105K(43712K)
[16.393s][info ][gc,metaspace   ] GC(2073) Metaspace: 16404K->16404K(1064960K)
[16.393s][info ][gc             ] GC(2073) Pause Young (Allocation Failure) 46M->31M(61M) 0.671ms
[16.393s][info ][gc,cpu         ] GC(2073) User=0.00s Sys=0.00s Real=0.00s
[16.394s][info ][gc,start       ] GC(2074) Pause Young (Allocation Failure)
[16.395s][debug][gc,age         ] GC(2074) Desired survivor size 1114112 bytes, new threshold 1 (max threshold 15)
[16.395s][info ][gc,heap        ] GC(2074) DefNew: 19105K->1955K(19648K)
[16.395s][info ][gc,heap        ] GC(2074) Tenured: 30105K->30105K(43712K)
[16.395s][info ][gc,metaspace   ] GC(2074) Metaspace: 16404K->16404K(1064960K)
[16.395s][info ][gc             ] GC(2074) Pause Young (Allocation Failure) 48M->31M(61M) 0.566ms
[16.395s][info ][gc,cpu         ] GC(2074) User=0.00s Sys=0.00s Real=0.00s
[16.396s][info ][gc,start       ] GC(2075) Pause Young (Allocation Failure)
[16.397s][debug][gc,age         ] GC(2075) Desired survivor size 1114112 bytes, new threshold 1 (max threshold 15)
[16.397s][info ][gc,heap        ] GC(2075) DefNew: 19101K->1955K(19648K)
[16.397s][info ][gc,heap        ] GC(2075) Tenured: 30105K->30496K(43712K)
[16.397s][info ][gc,metaspace   ] GC(2075) Metaspace: 16404K->16404K(1064960K)
[16.397s][info ][gc             ] GC(2075) Pause Young (Allocation Failure) 48M->31M(61M) 0.660ms
[16.397s][info ][gc,cpu         ] GC(2075) User=0.00s Sys=0.00s Real=0.00s
[16.398s][info ][gc,start       ] GC(2076) Pause Young (Allocation Failure)
[16.399s][debug][gc,age         ] GC(2076) Desired survivor size 1114112 bytes, new threshold 1 (max threshold 15)
[16.399s][info ][gc,heap        ] GC(2076) DefNew: 19099K->1955K(19648K)
[16.399s][info ][gc,heap        ] GC(2076) Tenured: 30496K->31277K(43712K)
[16.399s][info ][gc,metaspace   ] GC(2076) Metaspace: 16404K->16404K(1064960K)
[16.399s][info ][gc             ] GC(2076) Pause Young (Allocation Failure) 48M->32M(61M) 0.618ms
[16.399s][info ][gc,cpu         ] GC(2076) User=0.00s Sys=0.00s Real=0.00s
[16.400s][info ][gc,start       ] GC(2077) Pause Young (Allocation Failure)
[16.401s][debug][gc,age         ] GC(2077) Desired survivor size 1114112 bytes, new threshold 1 (max threshold 15)
[16.401s][info ][gc,heap        ] GC(2077) DefNew: 19098K->1564K(19648K)
[16.401s][info ][gc,heap        ] GC(2077) Tenured: 31277K->31277K(43712K)
[16.401s][info ][gc,metaspace   ] GC(2077) Metaspace: 16404K->16404K(1064960K)
[16.401s][info ][gc             ] GC(2077) Pause Young (Allocation Failure) 49M->32M(61M) 0.798ms
[16.401s][info ][gc,cpu         ] GC(2077) User=0.00s Sys=0.00s Real=0.00s
[16.402s][info ][gc,start       ] GC(2078) Pause Young (Allocation Failure)
[16.403s][debug][gc,age         ] GC(2078) Desired survivor size 1114112 bytes, new threshold 1 (max threshold 15)
[16.403s][info ][gc,heap        ] GC(2078) DefNew: 18706K->1955K(19648K)
[16.403s][info ][gc,heap        ] GC(2078) Tenured: 31277K->31277K(43712K)
[16.403s][info ][gc,metaspace   ] GC(2078) Metaspace: 16404K->16404K(1064960K)
[16.403s][info ][gc             ] GC(2078) Pause Young (Allocation Failure) 48M->32M(61M) 0.550ms
[16.403s][info ][gc,cpu         ] GC(2078) User=0.00s Sys=0.00s Real=0.00s
[16.404s][info ][gc,start       ] GC(2079) Pause Young (Allocation Failure)
[16.405s][debug][gc,age         ] GC(2079) Desired survivor size 1114112 bytes, new threshold 15 (max threshold 15)
[16.405s][info ][gc,heap        ] GC(2079) DefNew: 19097K->783K(19648K)
[16.405s][info ][gc,heap        ] GC(2079) Tenured: 31277K->31277K(43712K)
[16.405s][info ][gc,metaspace   ] GC(2079) Metaspace: 16404K->16404K(1064960K)
[16.405s][info ][gc             ] GC(2079) Pause Young (Allocation Failure) 49M->31M(61M) 0.413ms
[16.405s][info ][gc,cpu         ] GC(2079) User=0.00s Sys=0.00s Real=0.00s
[16.406s][info ][gc,start       ] GC(2080) Pause Young (Allocation Failure)
[16.407s][debug][gc,age         ] GC(2080) Desired survivor size 1114112 bytes, new threshold 1 (max threshold 15)
[16.407s][info ][gc,heap        ] GC(2080) DefNew: 17924K->1955K(19648K)
[16.407s][info ][gc,heap        ] GC(2080) Tenured: 31277K->32449K(43712K)
[16.407s][info ][gc,metaspace   ] GC(2080) Metaspace: 16404K->16404K(1064960K)
[16.407s][info ][gc             ] GC(2080) Pause Young (Allocation Failure) 48M->33M(61M) 0.780ms
[16.407s][info ][gc,cpu         ] GC(2080) User=0.01s Sys=0.00s Real=0.00s
[16.408s][info ][gc,start       ] GC(2081) Pause Young (Allocation Failure)
[16.409s][debug][gc,age         ] GC(2081) Desired survivor size 1114112 bytes, new threshold 1 (max threshold 15)
[16.409s][info ][gc,heap        ] GC(2081) DefNew: 19096K->1955K(19648K)
[16.409s][info ][gc,heap        ] GC(2081) Tenured: 32449K->33621K(43712K)
[16.409s][info ][gc,metaspace   ] GC(2081) Metaspace: 16404K->16404K(1064960K)
[16.409s][info ][gc             ] GC(2081) Pause Young (Allocation Failure) 50M->34M(61M) 0.655ms
[16.409s][info ][gc,cpu         ] GC(2081) User=0.00s Sys=0.00s Real=0.00s
[16.410s][info ][gc,start       ] GC(2082) Pause Young (Allocation Failure)
[16.411s][debug][gc,age         ] GC(2082) Desired survivor size 1114112 bytes, new threshold 1 (max threshold 15)
[16.411s][info ][gc,heap        ] GC(2082) DefNew: 19096K->1955K(19648K)
[16.411s][info ][gc,heap        ] GC(2082) Tenured: 33621K->34402K(43712K)
[16.411s][info ][gc,metaspace   ] GC(2082) Metaspace: 16404K->16404K(1064960K)
[16.411s][info ][gc             ] GC(2082) Pause Young (Allocation Failure) 51M->35M(61M) 0.905ms
[16.411s][info ][gc,cpu         ] GC(2082) User=0.00s Sys=0.00s Real=0.00s
[16.412s][info ][gc,start       ] GC(2083) Pause Young (Allocation Failure)
[16.413s][debug][gc,age         ] GC(2083) Desired survivor size 1114112 bytes, new threshold 1 (max threshold 15)
[16.413s][info ][gc,heap        ] GC(2083) DefNew: 19096K->1955K(19648K)
[16.413s][info ][gc,heap        ] GC(2083) Tenured: 34402K->35183K(43712K)
[16.413s][info ][gc,metaspace   ] GC(2083) Metaspace: 16404K->16404K(1064960K)
[16.413s][info ][gc             ] GC(2083) Pause Young (Allocation Failure) 52M->36M(61M) 0.940ms
[16.413s][info ][gc,cpu         ] GC(2083) User=0.00s Sys=0.00s Real=0.00s
[16.415s][info ][gc,start       ] GC(2084) Pause Young (Allocation Failure)
[16.415s][debug][gc,age         ] GC(2084) Desired survivor size 1114112 bytes, new threshold 1 (max threshold 15)
[16.415s][info ][gc,heap        ] GC(2084) DefNew: 19048K->1173K(19648K)
[16.415s][info ][gc,heap        ] GC(2084) Tenured: 35183K->35184K(43712K)
[16.415s][info ][gc,metaspace   ] GC(2084) Metaspace: 16404K->16404K(1064960K)
[16.415s][info ][gc             ] GC(2084) Pause Young (Allocation Failure) 52M->35M(61M) 0.539ms
[16.415s][info ][gc,cpu         ] GC(2084) User=0.00s Sys=0.00s Real=0.00s
[16.417s][info ][gc,start       ] GC(2085) Pause Young (Allocation Failure)
[16.417s][debug][gc,age         ] GC(2085) Desired survivor size 1114112 bytes, new threshold 1 (max threshold 15)
[16.417s][info ][gc,heap        ] GC(2085) DefNew: 18331K->1955K(19648K)
[16.417s][info ][gc,heap        ] GC(2085) Tenured: 35184K->35574K(43712K)
[16.417s][info ][gc,metaspace   ] GC(2085) Metaspace: 16404K->16404K(1064960K)
[16.417s][info ][gc             ] GC(2085) Pause Young (Allocation Failure) 52M->36M(61M) 0.679ms
[16.417s][info ][gc,cpu         ] GC(2085) User=0.00s Sys=0.00s Real=0.00s
[16.419s][info ][gc,start       ] GC(2086) Pause Young (Allocation Failure)
[16.419s][debug][gc,age         ] GC(2086) Desired survivor size 1114112 bytes, new threshold 1 (max threshold 15)
[16.419s][info ][gc,heap        ] GC(2086) DefNew: 19052K->1955K(19648K)
[16.419s][info ][gc,heap        ] GC(2086) Tenured: 35574K->36747K(43712K)
[16.419s][info ][gc,metaspace   ] GC(2086) Metaspace: 16404K->16404K(1064960K)
[16.419s][info ][gc             ] GC(2086) Pause Young (Allocation Failure) 53M->37M(61M) 0.698ms
[16.420s][info ][gc,cpu         ] GC(2086) User=0.01s Sys=0.00s Real=0.01s
[16.421s][info ][gc,start       ] GC(2087) Pause Young (Allocation Failure)
[16.422s][debug][gc,age         ] GC(2087) Desired survivor size 1114112 bytes, new threshold 1 (max threshold 15)
[16.422s][info ][gc,heap        ] GC(2087) DefNew: 19122K->1955K(19648K)
[16.422s][info ][gc,heap        ] GC(2087) Tenured: 36747K->36747K(43712K)
[16.422s][info ][gc,metaspace   ] GC(2087) Metaspace: 16404K->16404K(1064960K)
[16.422s][info ][gc             ] GC(2087) Pause Young (Allocation Failure) 54M->37M(61M) 0.678ms
[16.422s][info ][gc,cpu         ] GC(2087) User=0.00s Sys=0.00s Real=0.00s
[16.423s][info ][gc,start       ] GC(2088) Pause Young (Allocation Failure)
[16.424s][debug][gc,age         ] GC(2088) Desired survivor size 1114112 bytes, new threshold 1 (max threshold 15)
[16.424s][info ][gc,heap        ] GC(2088) DefNew: 19113K->1955K(19648K)
[16.424s][info ][gc,heap        ] GC(2088) Tenured: 36747K->37919K(43712K)
[16.424s][info ][gc,metaspace   ] GC(2088) Metaspace: 16404K->16404K(1064960K)
[16.424s][info ][gc             ] GC(2088) Pause Young (Allocation Failure) 54M->38M(61M) 0.710ms
[16.424s][info ][gc,cpu         ] GC(2088) User=0.00s Sys=0.00s Real=0.00s
[16.425s][info ][gc,start       ] GC(2089) Pause Young (Allocation Failure)
[16.425s][debug][gc,age         ] GC(2089) Desired survivor size 1114112 bytes, new threshold 15 (max threshold 15)
[16.425s][info ][gc,heap        ] GC(2089) DefNew: 19107K->783K(19648K)
[16.425s][info ][gc,heap        ] GC(2089) Tenured: 37919K->37919K(43712K)
[16.425s][info ][gc,metaspace   ] GC(2089) Metaspace: 16404K->16404K(1064960K)
[16.425s][info ][gc             ] GC(2089) Pause Young (Allocation Failure) 55M->37M(61M) 0.506ms
[16.425s][info ][gc,cpu         ] GC(2089) User=0.00s Sys=0.00s Real=0.00s
[16.427s][info ][gc,start       ] GC(2090) Pause Young (Allocation Failure)
[16.427s][debug][gc,age         ] GC(2090) Desired survivor size 1114112 bytes, new threshold 1 (max threshold 15)
[16.427s][info ][gc,heap        ] GC(2090) DefNew: 17931K->1955K(19648K)
[16.427s][info ][gc,heap        ] GC(2090) Tenured: 37919K->39091K(43712K)
[16.427s][info ][gc,metaspace   ] GC(2090) Metaspace: 16404K->16404K(1064960K)
[16.427s][info ][gc             ] GC(2090) Pause Young (Allocation Failure) 54M->40M(61M) 0.673ms
[16.427s][info ][gc,cpu         ] GC(2090) User=0.00s Sys=0.00s Real=0.00s
[16.429s][info ][gc,start       ] GC(2091) Pause Young (Allocation Failure)
[16.429s][debug][gc,age         ] GC(2091) Desired survivor size 1114112 bytes, new threshold 1 (max threshold 15)
[16.429s][info ][gc,heap        ] GC(2091) DefNew: 19100K->1955K(19648K)
[16.429s][info ][gc,heap        ] GC(2091) Tenured: 39091K->39481K(43712K)
[16.429s][info ][gc,metaspace   ] GC(2091) Metaspace: 16404K->16404K(1064960K)
[16.429s][info ][gc             ] GC(2091) Pause Young (Allocation Failure) 56M->40M(61M) 0.566ms
[16.429s][info ][gc,cpu         ] GC(2091) User=0.00s Sys=0.00s Real=0.01s
[16.431s][info ][gc,start       ] GC(2092) Pause Young (Allocation Failure)
[16.431s][debug][gc,age         ] GC(2092) Desired survivor size 1114112 bytes, new threshold 1 (max threshold 15)
[16.431s][info ][gc,heap        ] GC(2092) DefNew: 19098K->1564K(19648K)
[16.431s][info ][gc,heap        ] GC(2092) Tenured: 39481K->39481K(43712K)
[16.431s][info ][gc,metaspace   ] GC(2092) Metaspace: 16404K->16404K(1064960K)
[16.431s][info ][gc             ] GC(2092) Pause Young (Allocation Failure) 57M->40M(61M) 0.585ms
[16.431s][info ][gc,cpu         ] GC(2092) User=0.00s Sys=0.00s Real=0.00s
[16.433s][info ][gc,start       ] GC(2093) Pause Young (Allocation Failure)
[16.434s][debug][gc,age         ] GC(2093) Desired survivor size 1114112 bytes, new threshold 1 (max threshold 15)
[16.434s][info ][gc,heap        ] GC(2093) DefNew: 18707K->1955K(19648K)
[16.434s][info ][gc,heap        ] GC(2093) Tenured: 39481K->40263K(43712K)
[16.434s][info ][gc,metaspace   ] GC(2093) Metaspace: 16404K->16404K(1064960K)
[16.434s][info ][gc             ] GC(2093) Pause Young (Allocation Failure) 56M->41M(61M) 0.604ms
[16.434s][info ][gc,cpu         ] GC(2093) User=0.01s Sys=0.00s Real=0.00s
[16.435s][info ][gc,start       ] GC(2094) Pause Young (Allocation Failure)
[16.436s][debug][gc,age         ] GC(2094) Desired survivor size 1114112 bytes, new threshold 1 (max threshold 15)
[16.436s][info ][gc,heap        ] GC(2094) DefNew: 19097K->1955K(19648K)
[16.436s][info ][gc,heap        ] GC(2094) Tenured: 40263K->40653K(43712K)
[16.436s][info ][gc,metaspace   ] GC(2094) Metaspace: 16404K->16404K(1064960K)
[16.436s][info ][gc             ] GC(2094) Pause Young (Allocation Failure) 57M->41M(61M) 0.649ms
[16.436s][info ][gc,cpu         ] GC(2094) User=0.00s Sys=0.00s Real=0.00s
[16.437s][info ][gc,start       ] GC(2095) Pause Young (Allocation Failure)
[16.438s][debug][gc,age         ] GC(2095) Desired survivor size 1114112 bytes, new threshold 1 (max threshold 15)
[16.438s][info ][gc,heap        ] GC(2095) DefNew: 19096K->1955K(19648K)
[16.438s][info ][gc,heap        ] GC(2095) Tenured: 40653K->41044K(43712K)
[16.438s][info ][gc,metaspace   ] GC(2095) Metaspace: 16404K->16404K(1064960K)
[16.438s][info ][gc             ] GC(2095) Pause Young (Allocation Failure) 58M->41M(61M) 0.825ms
[16.438s][info ][gc,cpu         ] GC(2095) User=0.00s Sys=0.00s Real=0.00s
[16.439s][info ][gc,start       ] GC(2096) Pause Young (Allocation Failure)
[16.440s][debug][gc,age         ] GC(2096) Desired survivor size 1114112 bytes, new threshold 1 (max threshold 15)
[16.440s][info ][gc,heap        ] GC(2096) DefNew: 19096K->1955K(19648K)
[16.440s][info ][gc,heap        ] GC(2096) Tenured: 41044K->41434K(43712K)
[16.440s][info ][gc,metaspace   ] GC(2096) Metaspace: 16404K->16404K(1064960K)
[16.440s][info ][gc             ] GC(2096) Pause Young (Allocation Failure) 58M->42M(61M) 0.577ms
[16.440s][info ][gc,cpu         ] GC(2096) User=0.00s Sys=0.00s Real=0.01s
[16.441s][info ][gc,start       ] GC(2097) Pause Young (Allocation Failure)
[16.442s][debug][gc,age         ] GC(2097) Desired survivor size 1114112 bytes, new threshold 1 (max threshold 15)
[16.442s][info ][gc,heap        ] GC(2097) DefNew: 19096K->1955K(19648K)
[16.442s][info ][gc,heap        ] GC(2097) Tenured: 41434K->42606K(43712K)
[16.442s][info ][gc,metaspace   ] GC(2097) Metaspace: 16404K->16404K(1064960K)
[16.442s][info ][gc             ] GC(2097) Pause Young (Allocation Failure) 59M->43M(61M) 0.766ms
[16.442s][info ][gc,cpu         ] GC(2097) User=0.00s Sys=0.00s Real=0.00s
[16.443s][info ][gc,start       ] GC(2098) Pause Young (Allocation Failure)
[16.443s][info ][gc,start       ] GC(2099) Pause Full (Allocation Failure)
[16.443s][info ][gc,phases,start] GC(2099) Phase 1: Mark live objects
[16.446s][debug][gc,phases      ] GC(2099) Reference Processing 0.040ms
[16.446s][debug][gc,phases      ] GC(2099) Weak Processing 0.012ms
[16.446s][debug][gc,phases      ] GC(2099) ClassLoaderData 0.024ms
[16.446s][debug][gc,phases      ] GC(2099) ProtectionDomainCacheTable 0.002ms
[16.446s][debug][gc,phases      ] GC(2099) ResolvedMethodTable 0.015ms
[16.447s][debug][gc,phases      ] GC(2099) Class Unloading 0.886ms
[16.447s][debug][gc,phases      ] GC(2099) Scrub String Table 0.089ms
[16.448s][debug][gc,phases      ] GC(2099) Scrub Symbol Table 1.012ms
[16.448s][info ][gc,phases      ] GC(2099) Phase 1: Mark live objects 5.153ms
[16.448s][info ][gc,phases,start] GC(2099) Phase 2: Compute new object addresses
[16.449s][info ][gc,phases      ] GC(2099) Phase 2: Compute new object addresses 0.954ms
[16.449s][info ][gc,phases,start] GC(2099) Phase 3: Adjust pointers
[16.453s][info ][gc,phases      ] GC(2099) Phase 3: Adjust pointers 3.986ms
[16.453s][info ][gc,phases,start] GC(2099) Phase 4: Move objects
[16.454s][info ][gc,phases      ] GC(2099) Phase 4: Move objects 0.279ms
[16.454s][info ][gc             ] GC(2099) Pause Full (Allocation Failure) 60M->5M(61M) 10.658ms
[16.454s][info ][gc,heap        ] GC(2098) DefNew: 19096K->0K(19648K)
[16.454s][info ][gc,heap        ] GC(2098) Tenured: 42606K->5490K(43712K)
[16.454s][info ][gc,metaspace   ] GC(2098) Metaspace: 16404K->16404K(1064960K)
[16.454s][info ][gc             ] GC(2098) Pause Young (Allocation Failure) 60M->5M(61M) 10.783ms
[16.454s][info ][gc,cpu         ] GC(2098) User=0.01s Sys=0.00s Real=0.01s
[16.455s][info ][gc,start       ] GC(2100) Pause Young (Allocation Failure)
[16.456s][debug][gc,age         ] GC(2100) Desired survivor size 1114112 bytes, new threshold 1 (max threshold 15)
[16.456s][info ][gc,heap        ] GC(2100) DefNew: 17140K->1956K(19648K)
[16.456s][info ][gc,heap        ] GC(2100) Tenured: 5490K->6271K(43712K)
[16.456s][info ][gc,metaspace   ] GC(2100) Metaspace: 16404K->16404K(1064960K)
[16.456s][info ][gc             ] GC(2100) Pause Young (Allocation Failure) 22M->8M(61M) 0.643ms
[16.456s][info ][gc,cpu         ] GC(2100) User=0.00s Sys=0.00s Real=0.00s
[16.457s][info ][gc,start       ] GC(2101) Pause Young (Allocation Failure)
[16.458s][debug][gc,age         ] GC(2101) Desired survivor size 1114112 bytes, new threshold 1 (max threshold 15)
[16.458s][info ][gc,heap        ] GC(2101) DefNew: 19096K->1174K(19648K)
[16.458s][info ][gc,heap        ] GC(2101) Tenured: 6271K->6271K(43712K)
[16.458s][info ][gc,metaspace   ] GC(2101) Metaspace: 16404K->16404K(1064960K)
[16.458s][info ][gc             ] GC(2101) Pause Young (Allocation Failure) 24M->7M(61M) 0.579ms
[16.458s][info ][gc,cpu         ] GC(2101) User=0.00s Sys=0.00s Real=0.00s
[16.459s][info ][gc,start       ] GC(2102) Pause Young (Allocation Failure)
[16.460s][debug][gc,age         ] GC(2102) Desired survivor size 1114112 bytes, new threshold 1 (max threshold 15)
[16.460s][info ][gc,heap        ] GC(2102) DefNew: 18271K->1564K(19648K)
[16.460s][info ][gc,heap        ] GC(2102) Tenured: 6271K->6272K(43712K)
[16.460s][info ][gc,metaspace   ] GC(2102) Metaspace: 16404K->16404K(1064960K)
[16.460s][info ][gc             ] GC(2102) Pause Young (Allocation Failure) 23M->7M(61M) 0.720ms
[16.460s][info ][gc,cpu         ] GC(2102) User=0.00s Sys=0.00s Real=0.00s
[16.461s][info ][gc,start       ] GC(2103) Pause Young (Allocation Failure)
[16.462s][debug][gc,age         ] GC(2103) Desired survivor size 1114112 bytes, new threshold 1 (max threshold 15)
[16.462s][info ][gc,heap        ] GC(2103) DefNew: 18676K->1955K(19648K)
[16.462s][info ][gc,heap        ] GC(2103) Tenured: 6272K->6663K(43712K)
[16.462s][info ][gc,metaspace   ] GC(2103) Metaspace: 16404K->16404K(1064960K)
[16.462s][info ][gc             ] GC(2103) Pause Young (Allocation Failure) 24M->8M(61M) 0.799ms
[16.462s][info ][gc,cpu         ] GC(2103) User=0.00s Sys=0.00s Real=0.00s
[16.464s][info ][gc,start       ] GC(2104) Pause Young (Allocation Failure)
[16.464s][debug][gc,age         ] GC(2104) Desired survivor size 1114112 bytes, new threshold 1 (max threshold 15)
[16.464s][info ][gc,heap        ] GC(2104) DefNew: 19121K->1955K(19648K)
[16.464s][info ][gc,heap        ] GC(2104) Tenured: 6663K->7053K(43712K)
[16.464s][info ][gc,metaspace   ] GC(2104) Metaspace: 16404K->16404K(1064960K)
[16.464s][info ][gc             ] GC(2104) Pause Young (Allocation Failure) 25M->8M(61M) 0.820ms
[16.464s][info ][gc,cpu         ] GC(2104) User=0.00s Sys=0.00s Real=0.00s
[16.466s][info ][gc,start       ] GC(2105) Pause Young (Allocation Failure)
[16.466s][debug][gc,age         ] GC(2105) Desired survivor size 1114112 bytes, new threshold 1 (max threshold 15)
[16.466s][info ][gc,heap        ] GC(2105) DefNew: 19112K->1564K(19648K)
[16.466s][info ][gc,heap        ] GC(2105) Tenured: 7053K->7053K(43712K)
[16.466s][info ][gc,metaspace   ] GC(2105) Metaspace: 16404K->16404K(1064960K)
[16.467s][info ][gc             ] GC(2105) Pause Young (Allocation Failure) 25M->8M(61M) 0.502ms
[16.467s][info ][gc,cpu         ] GC(2105) User=0.00s Sys=0.00s Real=0.00s
[16.468s][info ][gc,start       ] GC(2106) Pause Young (Allocation Failure)
[16.468s][debug][gc,age         ] GC(2106) Desired survivor size 1114112 bytes, new threshold 1 (max threshold 15)
[16.468s][info ][gc,heap        ] GC(2106) DefNew: 18677K->1564K(19648K)
[16.468s][info ][gc,heap        ] GC(2106) Tenured: 7053K->7054K(43712K)
[16.468s][info ][gc,metaspace   ] GC(2106) Metaspace: 16404K->16404K(1064960K)
[16.468s][info ][gc             ] GC(2106) Pause Young (Allocation Failure) 25M->8M(61M) 0.585ms
[16.468s][info ][gc,cpu         ] GC(2106) User=0.00s Sys=0.00s Real=0.00s
[16.470s][info ][gc,start       ] GC(2107) Pause Young (Allocation Failure)
[16.470s][debug][gc,age         ] GC(2107) Desired survivor size 1114112 bytes, new threshold 1 (max threshold 15)
[16.471s][info ][gc,heap        ] GC(2107) DefNew: 18681K->1955K(19648K)
[16.471s][info ][gc,heap        ] GC(2107) Tenured: 7054K->7835K(43712K)
[16.471s][info ][gc,metaspace   ] GC(2107) Metaspace: 16404K->16404K(1064960K)
[16.471s][info ][gc             ] GC(2107) Pause Young (Allocation Failure) 25M->9M(61M) 0.787ms
[16.471s][info ][gc,cpu         ] GC(2107) User=0.00s Sys=0.01s Real=0.00s
[16.472s][info ][gc,start       ] GC(2108) Pause Young (Allocation Failure)
[16.472s][debug][gc,age         ] GC(2108) Desired survivor size 1114112 bytes, new threshold 1 (max threshold 15)
[16.472s][info ][gc,heap        ] GC(2108) DefNew: 19124K->1955K(19648K)
[16.472s][info ][gc,heap        ] GC(2108) Tenured: 7835K->9007K(43712K)
[16.472s][info ][gc,metaspace   ] GC(2108) Metaspace: 16404K->16404K(1064960K)
[16.472s][info ][gc             ] GC(2108) Pause Young (Allocation Failure) 26M->10M(61M) 0.630ms
[16.472s][info ][gc,cpu         ] GC(2108) User=0.01s Sys=0.00s Real=0.00s
[16.474s][info ][gc,start       ] GC(2109) Pause Young (Allocation Failure)
[16.475s][debug][gc,age         ] GC(2109) Desired survivor size 1114112 bytes, new threshold 1 (max threshold 15)
[16.475s][info ][gc,heap        ] GC(2109) DefNew: 19427K->1954K(19648K)
[16.475s][info ][gc,heap        ] GC(2109) Tenured: 9007K->9008K(43712K)
[16.475s][info ][gc,metaspace   ] GC(2109) Metaspace: 16404K->16404K(1064960K)
[16.475s][info ][gc             ] GC(2109) Pause Young (Allocation Failure) 27M->10M(61M) 0.563ms
[16.475s][info ][gc,cpu         ] GC(2109) User=0.00s Sys=0.00s Real=0.00s
[16.476s][info ][gc,start       ] GC(2110) Pause Young (Allocation Failure)
[16.476s][debug][gc,age         ] GC(2110) Desired survivor size 1114112 bytes, new threshold 1 (max threshold 15)
[16.476s][info ][gc,heap        ] GC(2110) DefNew: 19119K->1955K(19648K)
[16.476s][info ][gc,heap        ] GC(2110) Tenured: 9008K->9008K(43712K)
[16.476s][info ][gc,metaspace   ] GC(2110) Metaspace: 16404K->16404K(1064960K)
[16.476s][info ][gc             ] GC(2110) Pause Young (Allocation Failure) 27M->10M(61M) 0.529ms
[16.476s][info ][gc,cpu         ] GC(2110) User=0.00s Sys=0.00s Real=0.00s
[16.478s][info ][gc,start       ] GC(2111) Pause Young (Allocation Failure)
[16.478s][debug][gc,age         ] GC(2111) Desired survivor size 1114112 bytes, new threshold 1 (max threshold 15)
[16.478s][info ][gc,heap        ] GC(2111) DefNew: 19413K->1173K(19648K)
[16.478s][info ][gc,heap        ] GC(2111) Tenured: 9008K->9790K(43712K)
[16.478s][info ][gc,metaspace   ] GC(2111) Metaspace: 16404K->16404K(1064960K)
[16.478s][info ][gc             ] GC(2111) Pause Young (Allocation Failure) 27M->10M(61M) 0.550ms
[16.478s][info ][gc,cpu         ] GC(2111) User=0.00s Sys=0.00s Real=0.00s
[16.480s][info ][gc,start       ] GC(2112) Pause Young (Allocation Failure)
[16.481s][debug][gc,age         ] GC(2112) Desired survivor size 1114112 bytes, new threshold 1 (max threshold 15)
[16.481s][info ][gc,heap        ] GC(2112) DefNew: 18355K->1955K(19648K)
[16.481s][info ][gc,heap        ] GC(2112) Tenured: 9790K->10180K(43712K)
[16.481s][info ][gc,metaspace   ] GC(2112) Metaspace: 16404K->16404K(1064960K)
[16.481s][info ][gc             ] GC(2112) Pause Young (Allocation Failure) 27M->11M(61M) 0.812ms
[16.481s][info ][gc,cpu         ] GC(2112) User=0.01s Sys=0.00s Real=0.00s
[16.482s][info ][gc,start       ] GC(2113) Pause Young (Allocation Failure)
[16.483s][debug][gc,age         ] GC(2113) Desired survivor size 1114112 bytes, new threshold 1 (max threshold 15)
[16.483s][info ][gc,heap        ] GC(2113) DefNew: 19082K->1955K(19648K)
[16.483s][info ][gc,heap        ] GC(2113) Tenured: 10180K->10181K(43712K)
[16.483s][info ][gc,metaspace   ] GC(2113) Metaspace: 16404K->16404K(1064960K)
[16.483s][info ][gc             ] GC(2113) Pause Young (Allocation Failure) 28M->11M(61M) 0.815ms
[16.483s][info ][gc,cpu         ] GC(2113) User=0.00s Sys=0.00s Real=0.00s
[16.485s][info ][gc,start       ] GC(2114) Pause Young (Allocation Failure)
[16.485s][debug][gc,age         ] GC(2114) Desired survivor size 1114112 bytes, new threshold 1 (max threshold 15)
[16.485s][info ][gc,heap        ] GC(2114) DefNew: 19127K->1955K(19648K)
[16.485s][info ][gc,heap        ] GC(2114) Tenured: 10181K->10962K(43712K)
[16.485s][info ][gc,metaspace   ] GC(2114) Metaspace: 16404K->16404K(1064960K)
[16.485s][info ][gc             ] GC(2114) Pause Young (Allocation Failure) 28M->12M(61M) 0.612ms
[16.485s][info ][gc,cpu         ] GC(2114) User=0.00s Sys=0.00s Real=0.00s
[16.486s][info ][gc,start       ] GC(2115) Pause Young (Allocation Failure)
[16.487s][debug][gc,age         ] GC(2115) Desired survivor size 1114112 bytes, new threshold 1 (max threshold 15)
[16.487s][info ][gc,heap        ] GC(2115) DefNew: 19116K->1955K(19648K)
[16.487s][info ][gc,heap        ] GC(2115) Tenured: 10962K->12135K(43712K)
[16.487s][info ][gc,metaspace   ] GC(2115) Metaspace: 16404K->16404K(1064960K)
[16.487s][info ][gc             ] GC(2115) Pause Young (Allocation Failure) 29M->13M(61M) 0.705ms
[16.487s][info ][gc,cpu         ] GC(2115) User=0.00s Sys=0.00s Real=0.00s
[16.489s][info ][gc,start       ] GC(2116) Pause Young (Allocation Failure)
[16.489s][debug][gc,age         ] GC(2116) Desired survivor size 1114112 bytes, new threshold 1 (max threshold 15)
[16.489s][info ][gc,heap        ] GC(2116) DefNew: 19060K->1955K(19648K)
[16.489s][info ][gc,heap        ] GC(2116) Tenured: 12135K->12916K(43712K)
[16.489s][info ][gc,metaspace   ] GC(2116) Metaspace: 16404K->16404K(1064960K)
[16.489s][info ][gc             ] GC(2116) Pause Young (Allocation Failure) 30M->14M(61M) 0.610ms
[16.489s][info ][gc,cpu         ] GC(2116) User=0.00s Sys=0.00s Real=0.01s
[16.491s][info ][gc,start       ] GC(2117) Pause Young (Allocation Failure)
[16.491s][debug][gc,age         ] GC(2117) Desired survivor size 1114112 bytes, new threshold 1 (max threshold 15)
[16.491s][info ][gc,heap        ] GC(2117) DefNew: 19121K->1955K(19648K)
[16.491s][info ][gc,heap        ] GC(2117) Tenured: 12916K->14088K(43712K)
[16.491s][info ][gc,metaspace   ] GC(2117) Metaspace: 16404K->16404K(1064960K)
[16.491s][info ][gc             ] GC(2117) Pause Young (Allocation Failure) 31M->15M(61M) 0.794ms
[16.491s][info ][gc,cpu         ] GC(2117) User=0.01s Sys=0.00s Real=0.00s
[16.493s][info ][gc,start       ] GC(2118) Pause Young (Allocation Failure)
[16.493s][debug][gc,age         ] GC(2118) Desired survivor size 1114112 bytes, new threshold 1 (max threshold 15)
[16.493s][info ][gc,heap        ] GC(2118) DefNew: 19068K->1955K(19648K)
[16.493s][info ][gc,heap        ] GC(2118) Tenured: 14088K->14479K(43712K)
[16.493s][info ][gc,metaspace   ] GC(2118) Metaspace: 16404K->16404K(1064960K)
[16.493s][info ][gc             ] GC(2118) Pause Young (Allocation Failure) 32M->16M(61M) 0.574ms
[16.493s][info ][gc,cpu         ] GC(2118) User=0.00s Sys=0.00s Real=0.00s
[16.495s][info ][gc,start       ] GC(2119) Pause Young (Allocation Failure)
[16.495s][debug][gc,age         ] GC(2119) Desired survivor size 1114112 bytes, new threshold 1 (max threshold 15)
[16.495s][info ][gc,heap        ] GC(2119) DefNew: 19079K->1955K(19648K)
[16.495s][info ][gc,heap        ] GC(2119) Tenured: 14479K->14480K(43712K)
[16.495s][info ][gc,metaspace   ] GC(2119) Metaspace: 16404K->16404K(1064960K)
[16.495s][info ][gc             ] GC(2119) Pause Young (Allocation Failure) 32M->16M(61M) 0.663ms
[16.495s][info ][gc,cpu         ] GC(2119) User=0.00s Sys=0.00s Real=0.00s
[16.497s][info ][gc,start       ] GC(2120) Pause Young (Allocation Failure)
[16.498s][debug][gc,age         ] GC(2120) Desired survivor size 1114112 bytes, new threshold 1 (max threshold 15)
[16.498s][info ][gc,heap        ] GC(2120) DefNew: 19081K->1955K(19648K)
[16.498s][info ][gc,heap        ] GC(2120) Tenured: 14480K->15261K(43712K)
[16.498s][info ][gc,metaspace   ] GC(2120) Metaspace: 16404K->16404K(1064960K)
[16.498s][info ][gc             ] GC(2120) Pause Young (Allocation Failure) 32M->16M(61M) 0.847ms
[16.498s][info ][gc,cpu         ] GC(2120) User=0.00s Sys=0.00s Real=0.00s
[16.499s][info ][gc,start       ] GC(2121) Pause Young (Allocation Failure)
[16.500s][debug][gc,age         ] GC(2121) Desired survivor size 1114112 bytes, new threshold 1 (max threshold 15)
[16.500s][info ][gc,heap        ] GC(2121) DefNew: 19086K->1955K(19648K)
[16.500s][info ][gc,heap        ] GC(2121) Tenured: 15261K->16043K(43712K)
[16.500s][info ][gc,metaspace   ] GC(2121) Metaspace: 16404K->16404K(1064960K)
[16.500s][info ][gc             ] GC(2121) Pause Young (Allocation Failure) 33M->17M(61M) 0.833ms
[16.500s][info ][gc,cpu         ] GC(2121) User=0.00s Sys=0.00s Real=0.01s
[16.501s][info ][gc,start       ] GC(2122) Pause Young (Allocation Failure)
[16.502s][debug][gc,age         ] GC(2122) Desired survivor size 1114112 bytes, new threshold 1 (max threshold 15)
[16.502s][info ][gc,heap        ] GC(2122) DefNew: 19091K->1954K(19648K)
[16.502s][info ][gc,heap        ] GC(2122) Tenured: 16043K->16434K(43712K)
[16.502s][info ][gc,metaspace   ] GC(2122) Metaspace: 16404K->16404K(1064960K)
[16.502s][info ][gc             ] GC(2122) Pause Young (Allocation Failure) 34M->17M(61M) 0.796ms
[16.502s][info ][gc,cpu         ] GC(2122) User=0.00s Sys=0.00s Real=0.00s
[16.503s][info ][gc,start       ] GC(2123) Pause Young (Allocation Failure)
[16.504s][debug][gc,age         ] GC(2123) Desired survivor size 1114112 bytes, new threshold 1 (max threshold 15)
[16.504s][info ][gc,heap        ] GC(2123) DefNew: 19084K->1955K(19648K)
[16.504s][info ][gc,heap        ] GC(2123) Tenured: 16434K->17216K(43712K)
[16.504s][info ][gc,metaspace   ] GC(2123) Metaspace: 16404K->16404K(1064960K)
[16.504s][info ][gc             ] GC(2123) Pause Young (Allocation Failure) 34M->18M(61M) 0.824ms
[16.504s][info ][gc,cpu         ] GC(2123) User=0.00s Sys=0.00s Real=0.00s
[16.506s][info ][gc,start       ] GC(2124) Pause Young (Allocation Failure)
[16.506s][debug][gc,age         ] GC(2124) Desired survivor size 1114112 bytes, new threshold 1 (max threshold 15)
[16.506s][info ][gc,heap        ] GC(2124) DefNew: 19141K->1955K(19648K)
[16.506s][info ][gc,heap        ] GC(2124) Tenured: 17216K->17216K(43712K)
[16.506s][info ][gc,metaspace   ] GC(2124) Metaspace: 16404K->16404K(1064960K)
[16.506s][info ][gc             ] GC(2124) Pause Young (Allocation Failure) 35M->18M(61M) 0.518ms
[16.506s][info ][gc,cpu         ] GC(2124) User=0.00s Sys=0.00s Real=0.00s
[16.507s][info ][gc,start       ] GC(2125) Pause Young (Allocation Failure)
[16.508s][debug][gc,age         ] GC(2125) Desired survivor size 1114112 bytes, new threshold 1 (max threshold 15)
[16.508s][info ][gc,heap        ] GC(2125) DefNew: 19051K->1564K(19648K)
[16.508s][info ][gc,heap        ] GC(2125) Tenured: 17216K->17607K(43712K)
[16.508s][info ][gc,metaspace   ] GC(2125) Metaspace: 16404K->16404K(1064960K)
[16.508s][info ][gc             ] GC(2125) Pause Young (Allocation Failure) 35M->18M(61M) 0.572ms
[16.508s][info ][gc,cpu         ] GC(2125) User=0.00s Sys=0.00s Real=0.00s
[16.510s][info ][gc,start       ] GC(2126) Pause Young (Allocation Failure)
[16.510s][debug][gc,age         ] GC(2126) Desired survivor size 1114112 bytes, new threshold 1 (max threshold 15)
[16.510s][info ][gc,heap        ] GC(2126) DefNew: 18749K->1955K(19648K)
[16.510s][info ][gc,heap        ] GC(2126) Tenured: 17607K->17998K(43712K)
[16.510s][info ][gc,metaspace   ] GC(2126) Metaspace: 16404K->16404K(1064960K)
[16.510s][info ][gc             ] GC(2126) Pause Young (Allocation Failure) 35M->19M(61M) 0.677ms
[16.510s][info ][gc,cpu         ] GC(2126) User=0.00s Sys=0.00s Real=0.00s
[16.511s][info ][gc,start       ] GC(2127) Pause Young (Allocation Failure)
[16.512s][debug][gc,age         ] GC(2127) Desired survivor size 1114112 bytes, new threshold 1 (max threshold 15)
[16.512s][info ][gc,heap        ] GC(2127) DefNew: 19125K->1955K(19648K)
[16.512s][info ][gc,heap        ] GC(2127) Tenured: 17998K->19170K(43712K)
[16.512s][info ][gc,metaspace   ] GC(2127) Metaspace: 16404K->16404K(1064960K)
[16.512s][info ][gc             ] GC(2127) Pause Young (Allocation Failure) 36M->20M(61M) 0.662ms
[16.512s][info ][gc,cpu         ] GC(2127) User=0.00s Sys=0.00s Real=0.00s
[16.514s][info ][gc,start       ] GC(2128) Pause Young (Allocation Failure)
[16.514s][debug][gc,age         ] GC(2128) Desired survivor size 1114112 bytes, new threshold 1 (max threshold 15)
[16.514s][info ][gc,heap        ] GC(2128) DefNew: 19114K->1955K(19648K)
[16.514s][info ][gc,heap        ] GC(2128) Tenured: 19170K->20342K(43712K)
[16.514s][info ][gc,metaspace   ] GC(2128) Metaspace: 16404K->16404K(1064960K)
[16.514s][info ][gc             ] GC(2128) Pause Young (Allocation Failure) 37M->21M(61M) 0.931ms
[16.514s][info ][gc,cpu         ] GC(2128) User=0.00s Sys=0.00s Real=0.00s
[16.516s][info ][gc,start       ] GC(2129) Pause Young (Allocation Failure)
[16.516s][debug][gc,age         ] GC(2129) Desired survivor size 1114112 bytes, new threshold 1 (max threshold 15)
[16.516s][info ][gc,heap        ] GC(2129) DefNew: 19107K->1955K(19648K)
[16.516s][info ][gc,heap        ] GC(2129) Tenured: 20342K->20342K(43712K)
[16.516s][info ][gc,metaspace   ] GC(2129) Metaspace: 16404K->16404K(1064960K)
[16.516s][info ][gc             ] GC(2129) Pause Young (Allocation Failure) 38M->21M(61M) 0.546ms
[16.516s][info ][gc,cpu         ] GC(2129) User=0.00s Sys=0.00s Real=0.00s
[16.518s][info ][gc,start       ] GC(2130) Pause Young (Allocation Failure)
[16.519s][debug][gc,age         ] GC(2130) Desired survivor size 1114112 bytes, new threshold 1 (max threshold 15)
[16.519s][info ][gc,heap        ] GC(2130) DefNew: 19069K->1955K(19648K)
[16.519s][info ][gc,heap        ] GC(2130) Tenured: 20342K->21123K(43712K)
[16.519s][info ][gc,metaspace   ] GC(2130) Metaspace: 16404K->16404K(1064960K)
[16.519s][info ][gc             ] GC(2130) Pause Young (Allocation Failure) 38M->22M(61M) 0.875ms
[16.519s][info ][gc,cpu         ] GC(2130) User=0.00s Sys=0.00s Real=0.00s
[16.520s][info ][gc,start       ] GC(2131) Pause Young (Allocation Failure)
[16.521s][debug][gc,age         ] GC(2131) Desired survivor size 1114112 bytes, new threshold 1 (max threshold 15)
[16.521s][info ][gc,heap        ] GC(2131) DefNew: 19363K->1954K(19648K)
[16.521s][info ][gc,heap        ] GC(2131) Tenured: 21123K->21905K(43712K)
[16.521s][info ][gc,metaspace   ] GC(2131) Metaspace: 16404K->16404K(1064960K)
[16.521s][info ][gc             ] GC(2131) Pause Young (Allocation Failure) 39M->23M(61M) 0.650ms
[16.521s][info ][gc,cpu         ] GC(2131) User=0.00s Sys=0.00s Real=0.00s
[16.522s][info ][gc,start       ] GC(2132) Pause Young (Allocation Failure)
[16.523s][debug][gc,age         ] GC(2132) Desired survivor size 1114112 bytes, new threshold 1 (max threshold 15)
[16.523s][info ][gc,heap        ] GC(2132) DefNew: 19156K->1955K(19648K)
[16.523s][info ][gc,heap        ] GC(2132) Tenured: 21905K->22296K(43712K)
[16.523s][info ][gc,metaspace   ] GC(2132) Metaspace: 16404K->16404K(1064960K)
[16.523s][info ][gc             ] GC(2132) Pause Young (Allocation Failure) 40M->23M(61M) 0.604ms
[16.523s][info ][gc,cpu         ] GC(2132) User=0.00s Sys=0.00s Real=0.00s
[16.524s][info ][gc,start       ] GC(2133) Pause Young (Allocation Failure)
[16.524s][debug][gc,age         ] GC(2133) Desired survivor size 1114112 bytes, new threshold 1 (max threshold 15)
[16.524s][info ][gc,heap        ] GC(2133) DefNew: 19371K->1564K(19648K)
[16.524s][info ][gc,heap        ] GC(2133) Tenured: 22296K->23078K(43712K)
[16.524s][info ][gc,metaspace   ] GC(2133) Metaspace: 16404K->16404K(1064960K)
[16.524s][info ][gc             ] GC(2133) Pause Young (Allocation Failure) 40M->24M(61M) 0.626ms
[16.525s][info ][gc,cpu         ] GC(2133) User=0.00s Sys=0.00s Real=0.00s
[16.526s][info ][gc,start       ] GC(2134) Pause Young (Allocation Failure)
[16.526s][debug][gc,age         ] GC(2134) Desired survivor size 1114112 bytes, new threshold 1 (max threshold 15)
[16.526s][info ][gc,heap        ] GC(2134) DefNew: 18784K->1955K(19648K)
[16.526s][info ][gc,heap        ] GC(2134) Tenured: 23078K->24250K(43712K)
[16.526s][info ][gc,metaspace   ] GC(2134) Metaspace: 16404K->16404K(1064960K)
[16.526s][info ][gc             ] GC(2134) Pause Young (Allocation Failure) 40M->25M(61M) 0.659ms
[16.527s][info ][gc,cpu         ] GC(2134) User=0.01s Sys=0.00s Real=0.00s
[16.528s][info ][gc,start       ] GC(2135) Pause Young (Allocation Failure)
[16.528s][debug][gc,age         ] GC(2135) Desired survivor size 1114112 bytes, new threshold 1 (max threshold 15)
[16.528s][info ][gc,heap        ] GC(2135) DefNew: 19147K->1955K(19648K)
[16.528s][info ][gc,heap        ] GC(2135) Tenured: 24250K->24641K(43712K)
[16.528s][info ][gc,metaspace   ] GC(2135) Metaspace: 16404K->16404K(1064960K)
[16.528s][info ][gc             ] GC(2135) Pause Young (Allocation Failure) 42M->25M(61M) 0.585ms
[16.528s][info ][gc,cpu         ] GC(2135) User=0.00s Sys=0.00s Real=0.00s
[16.530s][info ][gc,start       ] GC(2136) Pause Young (Allocation Failure)
[16.531s][debug][gc,age         ] GC(2136) Desired survivor size 1114112 bytes, new threshold 1 (max threshold 15)
[16.531s][info ][gc,heap        ] GC(2136) DefNew: 19376K->1564K(19648K)
[16.531s][info ][gc,heap        ] GC(2136) Tenured: 24641K->25814K(43712K)
[16.531s][info ][gc,metaspace   ] GC(2136) Metaspace: 16404K->16404K(1064960K)
[16.531s][info ][gc             ] GC(2136) Pause Young (Allocation Failure) 42M->26M(61M) 0.727ms
[16.531s][info ][gc,cpu         ] GC(2136) User=0.00s Sys=0.00s Real=0.00s
[16.532s][info ][gc,start       ] GC(2137) Pause Young (Allocation Failure)
[16.533s][debug][gc,age         ] GC(2137) Desired survivor size 1114112 bytes, new threshold 1 (max threshold 15)
[16.533s][info ][gc,heap        ] GC(2137) DefNew: 18971K->1563K(19648K)
[16.533s][info ][gc,heap        ] GC(2137) Tenured: 25814K->26205K(43712K)
[16.533s][info ][gc,metaspace   ] GC(2137) Metaspace: 16404K->16404K(1064960K)
[16.533s][info ][gc             ] GC(2137) Pause Young (Allocation Failure) 43M->27M(61M) 0.738ms
[16.533s][info ][gc,cpu         ] GC(2137) User=0.00s Sys=0.00s Real=0.00s
[16.534s][info ][gc,start       ] GC(2138) Pause Young (Allocation Failure)
[16.534s][debug][gc,age         ] GC(2138) Desired survivor size 1114112 bytes, new threshold 1 (max threshold 15)
[16.534s][info ][gc,heap        ] GC(2138) DefNew: 18820K->1955K(19648K)
[16.534s][info ][gc,heap        ] GC(2138) Tenured: 26205K->26205K(43712K)
[16.535s][info ][gc,metaspace   ] GC(2138) Metaspace: 16404K->16404K(1064960K)
[16.535s][info ][gc             ] GC(2138) Pause Young (Allocation Failure) 43M->27M(61M) 0.550ms
[16.535s][info ][gc,cpu         ] GC(2138) User=0.00s Sys=0.00s Real=0.00s
[16.536s][info ][gc,start       ] GC(2139) Pause Young (Allocation Failure)
[16.536s][debug][gc,age         ] GC(2139) Desired survivor size 1114112 bytes, new threshold 1 (max threshold 15)
[16.536s][info ][gc,heap        ] GC(2139) DefNew: 19171K->1955K(19648K)
[16.536s][info ][gc,heap        ] GC(2139) Tenured: 26205K->27377K(43712K)
[16.536s][info ][gc,metaspace   ] GC(2139) Metaspace: 16404K->16404K(1064960K)
[16.537s][info ][gc             ] GC(2139) Pause Young (Allocation Failure) 44M->28M(61M) 0.654ms
[16.537s][info ][gc,cpu         ] GC(2139) User=0.00s Sys=0.00s Real=0.00s
[16.538s][info ][gc,start       ] GC(2140) Pause Young (Allocation Failure)
[16.539s][debug][gc,age         ] GC(2140) Desired survivor size 1114112 bytes, new threshold 1 (max threshold 15)
[16.539s][info ][gc,heap        ] GC(2140) DefNew: 19427K->1173K(19648K)
[16.539s][info ][gc,heap        ] GC(2140) Tenured: 27377K->28550K(43712K)
[16.539s][info ][gc,metaspace   ] GC(2140) Metaspace: 16404K->16404K(1064960K)
[16.539s][info ][gc             ] GC(2140) Pause Young (Allocation Failure) 45M->29M(61M) 0.721ms
[16.539s][info ][gc,cpu         ] GC(2140) User=0.00s Sys=0.00s Real=0.00s
[16.540s][info ][gc,start       ] GC(2141) Pause Young (Allocation Failure)
[16.540s][debug][gc,age         ] GC(2141) Desired survivor size 1114112 bytes, new threshold 1 (max threshold 15)
[16.540s][info ][gc,heap        ] GC(2141) DefNew: 18375K->1564K(19648K)
[16.540s][info ][gc,heap        ] GC(2141) Tenured: 28550K->28550K(43712K)
[16.540s][info ][gc,metaspace   ] GC(2141) Metaspace: 16404K->16404K(1064960K)
[16.540s][info ][gc             ] GC(2141) Pause Young (Allocation Failure) 45M->29M(61M) 0.575ms
[16.540s][info ][gc,cpu         ] GC(2141) User=0.00s Sys=0.00s Real=0.00s
[16.542s][info ][gc,start       ] GC(2142) Pause Young (Allocation Failure)
[16.542s][debug][gc,age         ] GC(2142) Desired survivor size 1114112 bytes, new threshold 15 (max threshold 15)
[16.542s][info ][gc,heap        ] GC(2142) DefNew: 18952K->782K(19648K)
[16.542s][info ][gc,heap        ] GC(2142) Tenured: 28550K->28551K(43712K)
[16.542s][info ][gc,metaspace   ] GC(2142) Metaspace: 16404K->16404K(1064960K)
[16.542s][info ][gc             ] GC(2142) Pause Young (Allocation Failure) 46M->28M(61M) 0.474ms
[16.542s][info ][gc,cpu         ] GC(2142) User=0.00s Sys=0.00s Real=0.00s
[16.543s][info ][gc,start       ] GC(2143) Pause Young (Allocation Failure)
[16.544s][debug][gc,age         ] GC(2143) Desired survivor size 1114112 bytes, new threshold 1 (max threshold 15)
[16.544s][info ][gc,heap        ] GC(2143) DefNew: 18185K->1955K(19648K)
[16.544s][info ][gc,heap        ] GC(2143) Tenured: 28551K->28551K(43712K)
[16.544s][info ][gc,metaspace   ] GC(2143) Metaspace: 16404K->16404K(1064960K)
[16.544s][info ][gc             ] GC(2143) Pause Young (Allocation Failure) 45M->29M(61M) 0.539ms
[16.544s][info ][gc,cpu         ] GC(2143) User=0.00s Sys=0.00s Real=0.00s
[16.545s][info ][gc,start       ] GC(2144) Pause Young (Allocation Failure)
[16.546s][debug][gc,age         ] GC(2144) Desired survivor size 1114112 bytes, new threshold 1 (max threshold 15)
[16.546s][info ][gc,heap        ] GC(2144) DefNew: 19163K->1954K(19648K)
[16.546s][info ][gc,heap        ] GC(2144) Tenured: 28551K->29334K(43712K)
[16.546s][info ][gc,metaspace   ] GC(2144) Metaspace: 16404K->16404K(1064960K)
[16.546s][info ][gc             ] GC(2144) Pause Young (Allocation Failure) 46M->30M(61M) 0.619ms
[16.546s][info ][gc,cpu         ] GC(2144) User=0.00s Sys=0.00s Real=0.00s
[16.547s][info ][gc,start       ] GC(2145) Pause Young (Allocation Failure)
[16.548s][debug][gc,age         ] GC(2145) Desired survivor size 1114112 bytes, new threshold 1 (max threshold 15)
[16.548s][info ][gc,heap        ] GC(2145) DefNew: 19207K->1955K(19648K)
[16.548s][info ][gc,heap        ] GC(2145) Tenured: 29334K->30506K(43712K)
[16.548s][info ][gc,metaspace   ] GC(2145) Metaspace: 16404K->16404K(1064960K)
[16.548s][info ][gc             ] GC(2145) Pause Young (Allocation Failure) 47M->31M(61M) 0.778ms
[16.548s][info ][gc,cpu         ] GC(2145) User=0.00s Sys=0.00s Real=0.00s
[16.549s][info ][gc,start       ] GC(2146) Pause Young (Allocation Failure)
[16.550s][debug][gc,age         ] GC(2146) Desired survivor size 1114112 bytes, new threshold 1 (max threshold 15)
[16.550s][info ][gc,heap        ] GC(2146) DefNew: 19168K->1955K(19648K)
[16.550s][info ][gc,heap        ] GC(2146) Tenured: 30506K->30896K(43712K)
[16.550s][info ][gc,metaspace   ] GC(2146) Metaspace: 16404K->16404K(1064960K)
[16.550s][info ][gc             ] GC(2146) Pause Young (Allocation Failure) 48M->32M(61M) 0.636ms
[16.550s][info ][gc,cpu         ] GC(2146) User=0.00s Sys=0.00s Real=0.00s
[16.552s][info ][gc,start       ] GC(2147) Pause Young (Allocation Failure)
[16.552s][debug][gc,age         ] GC(2147) Desired survivor size 1114112 bytes, new threshold 1 (max threshold 15)
[16.552s][info ][gc,heap        ] GC(2147) DefNew: 19142K->1955K(19648K)
[16.552s][info ][gc,heap        ] GC(2147) Tenured: 30896K->30896K(43712K)
[16.552s][info ][gc,metaspace   ] GC(2147) Metaspace: 16404K->16404K(1064960K)
[16.552s][info ][gc             ] GC(2147) Pause Young (Allocation Failure) 48M->32M(61M) 0.551ms
[16.552s][info ][gc,cpu         ] GC(2147) User=0.00s Sys=0.00s Real=0.00s
[16.554s][info ][gc,start       ] GC(2148) Pause Young (Allocation Failure)
[16.554s][debug][gc,age         ] GC(2148) Desired survivor size 1114112 bytes, new threshold 1 (max threshold 15)
[16.554s][info ][gc,heap        ] GC(2148) DefNew: 19125K->1955K(19648K)
[16.554s][info ][gc,heap        ] GC(2148) Tenured: 30896K->31678K(43712K)
[16.554s][info ][gc,metaspace   ] GC(2148) Metaspace: 16404K->16404K(1064960K)
[16.554s][info ][gc             ] GC(2148) Pause Young (Allocation Failure) 48M->32M(61M) 0.792ms
[16.554s][info ][gc,cpu         ] GC(2148) User=0.00s Sys=0.00s Real=0.00s
[16.556s][info ][gc,start       ] GC(2149) Pause Young (Allocation Failure)
[16.556s][debug][gc,age         ] GC(2149) Desired survivor size 1114112 bytes, new threshold 1 (max threshold 15)
[16.556s][info ][gc,heap        ] GC(2149) DefNew: 19115K->1955K(19648K)
[16.556s][info ][gc,heap        ] GC(2149) Tenured: 31678K->31678K(43712K)
[16.556s][info ][gc,metaspace   ] GC(2149) Metaspace: 16404K->16404K(1064960K)
[16.556s][info ][gc             ] GC(2149) Pause Young (Allocation Failure) 49M->32M(61M) 0.542ms
[16.556s][info ][gc,cpu         ] GC(2149) User=0.00s Sys=0.00s Real=0.00s
[16.557s][info ][gc,start       ] GC(2150) Pause Young (Allocation Failure)
[16.558s][debug][gc,age         ] GC(2150) Desired survivor size 1114112 bytes, new threshold 1 (max threshold 15)
[16.558s][info ][gc,heap        ] GC(2150) DefNew: 19427K->1173K(19648K)
[16.558s][info ][gc,heap        ] GC(2150) Tenured: 31678K->32069K(43712K)
[16.558s][info ][gc,metaspace   ] GC(2150) Metaspace: 16404K->16404K(1064960K)
[16.558s][info ][gc             ] GC(2150) Pause Young (Allocation Failure) 49M->32M(61M) 0.470ms
[16.558s][info ][gc,cpu         ] GC(2150) User=0.00s Sys=0.00s Real=0.00s
[16.559s][info ][gc,start       ] GC(2151) Pause Young (Allocation Failure)
[16.560s][debug][gc,age         ] GC(2151) Desired survivor size 1114112 bytes, new threshold 1 (max threshold 15)
[16.560s][info ][gc,heap        ] GC(2151) DefNew: 18564K->1173K(19648K)
[16.560s][info ][gc,heap        ] GC(2151) Tenured: 32069K->32460K(43712K)
[16.560s][info ][gc,metaspace   ] GC(2151) Metaspace: 16404K->16404K(1064960K)
[16.560s][info ][gc             ] GC(2151) Pause Young (Allocation Failure) 49M->32M(61M) 0.716ms
[16.560s][info ][gc,cpu         ] GC(2151) User=0.00s Sys=0.00s Real=0.00s
[16.561s][info ][gc,start       ] GC(2152) Pause Young (Allocation Failure)
[16.562s][debug][gc,age         ] GC(2152) Desired survivor size 1114112 bytes, new threshold 1 (max threshold 15)
[16.562s][info ][gc,heap        ] GC(2152) DefNew: 18313K->1955K(19648K)
[16.562s][info ][gc,heap        ] GC(2152) Tenured: 32460K->32851K(43712K)
[16.562s][info ][gc,metaspace   ] GC(2152) Metaspace: 16404K->16404K(1064960K)
[16.562s][info ][gc             ] GC(2152) Pause Young (Allocation Failure) 49M->33M(61M) 0.652ms
[16.562s][info ][gc,cpu         ] GC(2152) User=0.00s Sys=0.00s Real=0.00s
[16.563s][info ][gc,start       ] GC(2153) Pause Young (Allocation Failure)
[16.564s][debug][gc,age         ] GC(2153) Desired survivor size 1114112 bytes, new threshold 1 (max threshold 15)
[16.564s][info ][gc,heap        ] GC(2153) DefNew: 19172K->1564K(19648K)
[16.564s][info ][gc,heap        ] GC(2153) Tenured: 32851K->32852K(43712K)
[16.564s][info ][gc,metaspace   ] GC(2153) Metaspace: 16404K->16404K(1064960K)
[16.564s][info ][gc             ] GC(2153) Pause Young (Allocation Failure) 50M->33M(61M) 0.742ms
[16.564s][info ][gc,cpu         ] GC(2153) User=0.00s Sys=0.00s Real=0.00s
[16.566s][info ][gc,start       ] GC(2154) Pause Young (Allocation Failure)
[16.566s][debug][gc,age         ] GC(2154) Desired survivor size 1114112 bytes, new threshold 1 (max threshold 15)
[16.566s][info ][gc,heap        ] GC(2154) DefNew: 18754K->1955K(19648K)
[16.566s][info ][gc,heap        ] GC(2154) Tenured: 32852K->34024K(43712K)
[16.566s][info ][gc,metaspace   ] GC(2154) Metaspace: 16404K->16404K(1064960K)
[16.566s][info ][gc             ] GC(2154) Pause Young (Allocation Failure) 50M->35M(61M) 0.638ms
[16.566s][info ][gc,cpu         ] GC(2154) User=0.00s Sys=0.00s Real=0.00s
[16.568s][info ][gc,start       ] GC(2155) Pause Young (Allocation Failure)
[16.568s][debug][gc,age         ] GC(2155) Desired survivor size 1114112 bytes, new threshold 1 (max threshold 15)
[16.568s][info ][gc,heap        ] GC(2155) DefNew: 19127K->1174K(19648K)
[16.568s][info ][gc,heap        ] GC(2155) Tenured: 34024K->34024K(43712K)
[16.568s][info ][gc,metaspace   ] GC(2155) Metaspace: 16404K->16404K(1064960K)
[16.568s][info ][gc             ] GC(2155) Pause Young (Allocation Failure) 51M->34M(61M) 0.472ms
[16.568s][info ][gc,cpu         ] GC(2155) User=0.00s Sys=0.00s Real=0.00s
[16.569s][info ][gc,start       ] GC(2156) Pause Young (Allocation Failure)
[16.570s][debug][gc,age         ] GC(2156) Desired survivor size 1114112 bytes, new threshold 1 (max threshold 15)
[16.570s][info ][gc,heap        ] GC(2156) DefNew: 18335K->1955K(19648K)
[16.570s][info ][gc,heap        ] GC(2156) Tenured: 34024K->34805K(43712K)
[16.570s][info ][gc,metaspace   ] GC(2156) Metaspace: 16404K->16404K(1064960K)
[16.570s][info ][gc             ] GC(2156) Pause Young (Allocation Failure) 51M->35M(61M) 0.768ms
[16.570s][info ][gc,cpu         ] GC(2156) User=0.00s Sys=0.00s Real=0.00s
[16.572s][info ][gc,start       ] GC(2157) Pause Young (Allocation Failure)
[16.572s][debug][gc,age         ] GC(2157) Desired survivor size 1114112 bytes, new threshold 1 (max threshold 15)
[16.572s][info ][gc,heap        ] GC(2157) DefNew: 19109K->1954K(19648K)
[16.572s][info ][gc,heap        ] GC(2157) Tenured: 34805K->35978K(43712K)
[16.572s][info ][gc,metaspace   ] GC(2157) Metaspace: 16404K->16404K(1064960K)
[16.572s][info ][gc             ] GC(2157) Pause Young (Allocation Failure) 52M->37M(61M) 0.834ms
[16.572s][info ][gc,cpu         ] GC(2157) User=0.00s Sys=0.00s Real=0.00s
[16.574s][info ][gc,start       ] GC(2158) Pause Young (Allocation Failure)
[16.575s][debug][gc,age         ] GC(2158) Desired survivor size 1114112 bytes, new threshold 1 (max threshold 15)
[16.575s][info ][gc,heap        ] GC(2158) DefNew: 19103K->1955K(19648K)
[16.575s][info ][gc,heap        ] GC(2158) Tenured: 35978K->37149K(43712K)
[16.575s][info ][gc,metaspace   ] GC(2158) Metaspace: 16404K->16404K(1064960K)
[16.575s][info ][gc             ] GC(2158) Pause Young (Allocation Failure) 53M->38M(61M) 0.826ms
[16.575s][info ][gc,cpu         ] GC(2158) User=0.00s Sys=0.00s Real=0.00s
[16.576s][info ][gc,start       ] GC(2159) Pause Young (Allocation Failure)
[16.576s][debug][gc,age         ] GC(2159) Desired survivor size 1114112 bytes, new threshold 1 (max threshold 15)
[16.576s][info ][gc,heap        ] GC(2159) DefNew: 19101K->1955K(19648K)
[16.576s][info ][gc,heap        ] GC(2159) Tenured: 37149K->37150K(43712K)
[16.576s][info ][gc,metaspace   ] GC(2159) Metaspace: 16404K->16404K(1064960K)
[16.577s][info ][gc             ] GC(2159) Pause Young (Allocation Failure) 54M->38M(61M) 0.576ms
[16.577s][info ][gc,cpu         ] GC(2159) User=0.00s Sys=0.00s Real=0.00s
[16.578s][info ][gc,start       ] GC(2160) Pause Young (Allocation Failure)
[16.579s][debug][gc,age         ] GC(2160) Desired survivor size 1114112 bytes, new threshold 1 (max threshold 15)
[16.579s][info ][gc,heap        ] GC(2160) DefNew: 19427K->1564K(19648K)
[16.579s][info ][gc,heap        ] GC(2160) Tenured: 37150K->37932K(43712K)
[16.579s][info ][gc,metaspace   ] GC(2160) Metaspace: 16404K->16404K(1064960K)
[16.579s][info ][gc             ] GC(2160) Pause Young (Allocation Failure) 55M->38M(61M) 0.709ms
[16.579s][info ][gc,cpu         ] GC(2160) User=0.00s Sys=0.00s Real=0.00s
[16.580s][info ][gc,start       ] GC(2161) Pause Young (Allocation Failure)
[16.581s][debug][gc,age         ] GC(2161) Desired survivor size 1114112 bytes, new threshold 1 (max threshold 15)
[16.581s][info ][gc,heap        ] GC(2161) DefNew: 18667K->1955K(19648K)
[16.581s][info ][gc,heap        ] GC(2161) Tenured: 37932K->38713K(43712K)
[16.581s][info ][gc,metaspace   ] GC(2161) Metaspace: 16404K->16404K(1064960K)
[16.581s][info ][gc             ] GC(2161) Pause Young (Allocation Failure) 55M->39M(61M) 0.898ms
[16.581s][info ][gc,cpu         ] GC(2161) User=0.00s Sys=0.00s Real=0.00s
[16.582s][info ][gc,start       ] GC(2162) Pause Young (Allocation Failure)
[16.583s][debug][gc,age         ] GC(2162) Desired survivor size 1114112 bytes, new threshold 1 (max threshold 15)
[16.583s][info ][gc,heap        ] GC(2162) DefNew: 19125K->1955K(19648K)
[16.583s][info ][gc,heap        ] GC(2162) Tenured: 38713K->39104K(43712K)
[16.583s][info ][gc,metaspace   ] GC(2162) Metaspace: 16404K->16404K(1064960K)
[16.583s][info ][gc             ] GC(2162) Pause Young (Allocation Failure) 56M->40M(61M) 0.567ms
[16.583s][info ][gc,cpu         ] GC(2162) User=0.00s Sys=0.00s Real=0.00s
[16.584s][info ][gc,start       ] GC(2163) Pause Young (Allocation Failure)
[16.585s][debug][gc,age         ] GC(2163) Desired survivor size 1114112 bytes, new threshold 1 (max threshold 15)
[16.585s][info ][gc,heap        ] GC(2163) DefNew: 19114K->1955K(19648K)
[16.585s][info ][gc,heap        ] GC(2163) Tenured: 39104K->39886K(43712K)
[16.585s][info ][gc,metaspace   ] GC(2163) Metaspace: 16404K->16404K(1064960K)
[16.585s][info ][gc             ] GC(2163) Pause Young (Allocation Failure) 56M->40M(61M) 0.763ms
[16.585s][info ][gc,cpu         ] GC(2163) User=0.01s Sys=0.00s Real=0.00s
[16.586s][info ][gc,start       ] GC(2164) Pause Young (Allocation Failure)
[16.587s][debug][gc,age         ] GC(2164) Desired survivor size 1114112 bytes, new threshold 1 (max threshold 15)
[16.587s][info ][gc,heap        ] GC(2164) DefNew: 19108K->1955K(19648K)
[16.587s][info ][gc,heap        ] GC(2164) Tenured: 39886K->40276K(43712K)
[16.587s][info ][gc,metaspace   ] GC(2164) Metaspace: 16404K->16404K(1064960K)
[16.587s][info ][gc             ] GC(2164) Pause Young (Allocation Failure) 57M->41M(61M) 0.561ms
[16.587s][info ][gc,cpu         ] GC(2164) User=0.00s Sys=0.00s Real=0.00s
[16.588s][info ][gc,start       ] GC(2165) Pause Young (Allocation Failure)
[16.589s][debug][gc,age         ] GC(2165) Desired survivor size 1114112 bytes, new threshold 1 (max threshold 15)
[16.589s][info ][gc,heap        ] GC(2165) DefNew: 19427K->1954K(19648K)
[16.589s][info ][gc,heap        ] GC(2165) Tenured: 40276K->40668K(43712K)
[16.589s][info ][gc,metaspace   ] GC(2165) Metaspace: 16404K->16404K(1064960K)
[16.589s][info ][gc             ] GC(2165) Pause Young (Allocation Failure) 58M->41M(61M) 0.636ms
[16.589s][info ][gc,cpu         ] GC(2165) User=0.00s Sys=0.01s Real=0.00s
[16.590s][info ][gc,start       ] GC(2166) Pause Young (Allocation Failure)
[16.591s][debug][gc,age         ] GC(2166) Desired survivor size 1114112 bytes, new threshold 1 (max threshold 15)
[16.591s][info ][gc,heap        ] GC(2166) DefNew: 19085K->1564K(19648K)
[16.591s][info ][gc,heap        ] GC(2166) Tenured: 40668K->41058K(43712K)
[16.591s][info ][gc,metaspace   ] GC(2166) Metaspace: 16404K->16404K(1064960K)
[16.591s][info ][gc             ] GC(2166) Pause Young (Allocation Failure) 58M->41M(61M) 0.661ms
[16.591s][info ][gc,cpu         ] GC(2166) User=0.00s Sys=0.00s Real=0.00s
[16.592s][info ][gc,start       ] GC(2167) Pause Young (Allocation Failure)
[16.593s][debug][gc,age         ] GC(2167) Desired survivor size 1114112 bytes, new threshold 1 (max threshold 15)
[16.593s][info ][gc,heap        ] GC(2167) DefNew: 18729K->1955K(19648K)
[16.593s][info ][gc,heap        ] GC(2167) Tenured: 41058K->41449K(43712K)
[16.593s][info ][gc,metaspace   ] GC(2167) Metaspace: 16404K->16404K(1064960K)
[16.593s][info ][gc             ] GC(2167) Pause Young (Allocation Failure) 58M->42M(61M) 0.550ms
[16.593s][info ][gc,cpu         ] GC(2167) User=0.01s Sys=0.00s Real=0.00s
[16.594s][info ][gc,start       ] GC(2168) Pause Young (Allocation Failure)
[16.594s][debug][gc,age         ] GC(2168) Desired survivor size 1114112 bytes, new threshold 1 (max threshold 15)
[16.594s][info ][gc,heap        ] GC(2168) DefNew: 19111K->1564K(19648K)
[16.594s][info ][gc,heap        ] GC(2168) Tenured: 41449K->41449K(43712K)
[16.594s][info ][gc,metaspace   ] GC(2168) Metaspace: 16404K->16404K(1064960K)
[16.595s][info ][gc             ] GC(2168) Pause Young (Allocation Failure) 59M->42M(61M) 0.580ms
[16.595s][info ][gc,cpu         ] GC(2168) User=0.00s Sys=0.00s Real=0.00s
[16.596s][info ][gc,start       ] GC(2169) Pause Young (Allocation Failure)
[16.596s][debug][gc,age         ] GC(2169) Desired survivor size 1114112 bytes, new threshold 1 (max threshold 15)
[16.597s][info ][gc,heap        ] GC(2169) DefNew: 18973K->1954K(19648K)
[16.597s][info ][gc,heap        ] GC(2169) Tenured: 41449K->41841K(43712K)
[16.597s][info ][gc,metaspace   ] GC(2169) Metaspace: 16404K->16404K(1064960K)
[16.597s][info ][gc             ] GC(2169) Pause Young (Allocation Failure) 59M->42M(61M) 0.722ms
[16.597s][info ][gc,cpu         ] GC(2169) User=0.00s Sys=0.00s Real=0.00s
[16.598s][info ][gc,start       ] GC(2170) Pause Young (Allocation Failure)
[16.599s][debug][gc,age         ] GC(2170) Desired survivor size 1114112 bytes, new threshold 1 (max threshold 15)
[16.599s][info ][gc,heap        ] GC(2170) DefNew: 19089K->1955K(19648K)
[16.599s][info ][gc,heap        ] GC(2170) Tenured: 41841K->42622K(43712K)
[16.599s][info ][gc,metaspace   ] GC(2170) Metaspace: 16404K->16404K(1064960K)
[16.599s][info ][gc             ] GC(2170) Pause Young (Allocation Failure) 59M->43M(61M) 0.842ms
[16.599s][info ][gc,cpu         ] GC(2170) User=0.00s Sys=0.00s Real=0.00s
[16.600s][info ][gc,start       ] GC(2171) Pause Young (Allocation Failure)
[16.600s][info ][gc,start       ] GC(2172) Pause Full (Allocation Failure)
[16.600s][info ][gc,phases,start] GC(2172) Phase 1: Mark live objects
[16.604s][debug][gc,phases      ] GC(2172) Reference Processing 0.050ms
[16.604s][debug][gc,phases      ] GC(2172) Weak Processing 0.017ms
[16.604s][debug][gc,phases      ] GC(2172) ClassLoaderData 0.032ms
[16.604s][debug][gc,phases      ] GC(2172) ProtectionDomainCacheTable 0.002ms
[16.604s][debug][gc,phases      ] GC(2172) ResolvedMethodTable 0.015ms
[16.605s][debug][gc,phases      ] GC(2172) Class Unloading 0.762ms
[16.605s][debug][gc,phases      ] GC(2172) Scrub String Table 0.058ms
[16.606s][debug][gc,phases      ] GC(2172) Scrub Symbol Table 0.984ms
[16.606s][info ][gc,phases      ] GC(2172) Phase 1: Mark live objects 5.311ms
[16.606s][info ][gc,phases,start] GC(2172) Phase 2: Compute new object addresses
[16.607s][info ][gc,phases      ] GC(2172) Phase 2: Compute new object addresses 1.074ms
[16.607s][info ][gc,phases,start] GC(2172) Phase 3: Adjust pointers
[16.611s][info ][gc,phases      ] GC(2172) Phase 3: Adjust pointers 3.770ms
[16.611s][info ][gc,phases,start] GC(2172) Phase 4: Move objects
[16.611s][info ][gc,phases      ] GC(2172) Phase 4: Move objects 0.266ms
[16.611s][info ][gc             ] GC(2172) Pause Full (Allocation Failure) 60M->5M(61M) 10.749ms
[16.611s][info ][gc,heap        ] GC(2171) DefNew: 19151K->0K(19648K)
[16.611s][info ][gc,heap        ] GC(2171) Tenured: 42622K->5490K(43712K)
[16.611s][info ][gc,metaspace   ] GC(2171) Metaspace: 16404K->16404K(1064960K)
[16.611s][info ][gc             ] GC(2171) Pause Young (Allocation Failure) 60M->5M(61M) 10.898ms
[16.611s][info ][gc,cpu         ] GC(2171) User=0.01s Sys=0.00s Real=0.01s
[16.612s][info ][gc,start       ] GC(2173) Pause Young (Allocation Failure)
[16.613s][debug][gc,age         ] GC(2173) Desired survivor size 1114112 bytes, new threshold 1 (max threshold 15)
[16.613s][info ][gc,heap        ] GC(2173) DefNew: 17176K->1955K(19648K)
[16.613s][info ][gc,heap        ] GC(2173) Tenured: 5490K->5490K(43712K)
[16.613s][info ][gc,metaspace   ] GC(2173) Metaspace: 16404K->16404K(1064960K)
[16.613s][info ][gc             ] GC(2173) Pause Young (Allocation Failure) 22M->7M(61M) 0.660ms
[16.613s][info ][gc,cpu         ] GC(2173) User=0.00s Sys=0.00s Real=0.00s
[16.614s][info ][gc,start       ] GC(2174) Pause Young (Allocation Failure)
[16.615s][debug][gc,age         ] GC(2174) Desired survivor size 1114112 bytes, new threshold 1 (max threshold 15)
[16.615s][info ][gc,heap        ] GC(2174) DefNew: 19078K->1955K(19648K)
[16.615s][info ][gc,heap        ] GC(2174) Tenured: 5490K->5881K(43712K)
[16.615s][info ][gc,metaspace   ] GC(2174) Metaspace: 16404K->16404K(1064960K)
[16.615s][info ][gc             ] GC(2174) Pause Young (Allocation Failure) 23M->7M(61M) 0.585ms
[16.615s][info ][gc,cpu         ] GC(2174) User=0.00s Sys=0.00s Real=0.00s
[16.616s][info ][gc,start       ] GC(2175) Pause Young (Allocation Failure)
[16.617s][debug][gc,age         ] GC(2175) Desired survivor size 1114112 bytes, new threshold 1 (max threshold 15)
[16.617s][info ][gc,heap        ] GC(2175) DefNew: 19124K->1955K(19648K)
[16.617s][info ][gc,heap        ] GC(2175) Tenured: 5881K->6272K(43712K)
[16.617s][info ][gc,metaspace   ] GC(2175) Metaspace: 16404K->16404K(1064960K)
[16.617s][info ][gc             ] GC(2175) Pause Young (Allocation Failure) 24M->8M(61M) 0.773ms
[16.617s][info ][gc,cpu         ] GC(2175) User=0.00s Sys=0.00s Real=0.00s
[16.618s][info ][gc,start       ] GC(2176) Pause Young (Allocation Failure)
[16.619s][debug][gc,age         ] GC(2176) Desired survivor size 1114112 bytes, new threshold 1 (max threshold 15)
[16.619s][info ][gc,heap        ] GC(2176) DefNew: 19114K->1955K(19648K)
[16.619s][info ][gc,heap        ] GC(2176) Tenured: 6272K->7444K(43712K)
[16.619s][info ][gc,metaspace   ] GC(2176) Metaspace: 16404K->16404K(1064960K)
[16.619s][info ][gc             ] GC(2176) Pause Young (Allocation Failure) 24M->9M(61M) 0.635ms
[16.619s][info ][gc,cpu         ] GC(2176) User=0.00s Sys=0.00s Real=0.00s
[16.621s][info ][gc,start       ] GC(2177) Pause Young (Allocation Failure)
[16.621s][debug][gc,age         ] GC(2177) Desired survivor size 1114112 bytes, new threshold 1 (max threshold 15)
[16.621s][info ][gc,heap        ] GC(2177) DefNew: 19108K->1955K(19648K)
[16.621s][info ][gc,heap        ] GC(2177) Tenured: 7444K->8225K(43712K)
[16.621s][info ][gc,metaspace   ] GC(2177) Metaspace: 16404K->16404K(1064960K)
[16.621s][info ][gc             ] GC(2177) Pause Young (Allocation Failure) 25M->9M(61M) 0.773ms
[16.621s][info ][gc,cpu         ] GC(2177) User=0.00s Sys=0.00s Real=0.00s
[16.623s][info ][gc,start       ] GC(2178) Pause Young (Allocation Failure)
[16.623s][debug][gc,age         ] GC(2178) Desired survivor size 1114112 bytes, new threshold 1 (max threshold 15)
[16.623s][info ][gc,heap        ] GC(2178) DefNew: 19103K->1955K(19648K)
[16.623s][info ][gc,heap        ] GC(2178) Tenured: 8225K->8616K(43712K)
[16.623s][info ][gc,metaspace   ] GC(2178) Metaspace: 16404K->16404K(1064960K)
[16.623s][info ][gc             ] GC(2178) Pause Young (Allocation Failure) 26M->10M(61M) 0.547ms
[16.623s][info ][gc,cpu         ] GC(2178) User=0.00s Sys=0.00s Real=0.00s
[16.624s][info ][gc,start       ] GC(2179) Pause Young (Allocation Failure)
[16.625s][debug][gc,age         ] GC(2179) Desired survivor size 1114112 bytes, new threshold 1 (max threshold 15)
[16.625s][info ][gc,heap        ] GC(2179) DefNew: 19101K->1955K(19648K)
[16.625s][info ][gc,heap        ] GC(2179) Tenured: 8616K->8616K(43712K)
[16.625s][info ][gc,metaspace   ] GC(2179) Metaspace: 16404K->16404K(1064960K)
[16.625s][info ][gc             ] GC(2179) Pause Young (Allocation Failure) 27M->10M(61M) 0.588ms
[16.625s][info ][gc,cpu         ] GC(2179) User=0.00s Sys=0.00s Real=0.00s
[16.626s][info ][gc,start       ] GC(2180) Pause Young (Allocation Failure)
[16.627s][debug][gc,age         ] GC(2180) Desired survivor size 1114112 bytes, new threshold 1 (max threshold 15)
[16.627s][info ][gc,heap        ] GC(2180) DefNew: 19060K->1564K(19648K)
[16.627s][info ][gc,heap        ] GC(2180) Tenured: 8616K->9007K(43712K)
[16.627s][info ][gc,metaspace   ] GC(2180) Metaspace: 16404K->16404K(1064960K)
[16.627s][info ][gc             ] GC(2180) Pause Young (Allocation Failure) 27M->10M(61M) 0.539ms
[16.627s][info ][gc,cpu         ] GC(2180) User=0.00s Sys=0.00s Real=0.00s
[16.628s][info ][gc,start       ] GC(2181) Pause Young (Allocation Failure)
[16.629s][debug][gc,age         ] GC(2181) Desired survivor size 1114112 bytes, new threshold 1 (max threshold 15)
[16.629s][info ][gc,heap        ] GC(2181) DefNew: 18720K->1955K(19648K)
[16.629s][info ][gc,heap        ] GC(2181) Tenured: 9007K->10179K(43712K)
[16.629s][info ][gc,metaspace   ] GC(2181) Metaspace: 16404K->16404K(1064960K)
[16.629s][info ][gc             ] GC(2181) Pause Young (Allocation Failure) 27M->11M(61M) 0.767ms
[16.629s][info ][gc,cpu         ] GC(2181) User=0.00s Sys=0.00s Real=0.00s
[16.631s][info ][gc,start       ] GC(2182) Pause Young (Allocation Failure)
[16.631s][debug][gc,age         ] GC(2182) Desired survivor size 1114112 bytes, new threshold 15 (max threshold 15)
[16.631s][info ][gc,heap        ] GC(2182) DefNew: 19106K->783K(19648K)
[16.631s][info ][gc,heap        ] GC(2182) Tenured: 10179K->10570K(43712K)
[16.631s][info ][gc,metaspace   ] GC(2182) Metaspace: 16404K->16404K(1064960K)
[16.631s][info ][gc             ] GC(2182) Pause Young (Allocation Failure) 28M->11M(61M) 0.704ms
[16.631s][info ][gc,cpu         ] GC(2182) User=0.00s Sys=0.00s Real=0.00s
[16.632s][info ][gc,start       ] GC(2183) Pause Young (Allocation Failure)
[16.633s][debug][gc,age         ] GC(2183) Desired survivor size 1114112 bytes, new threshold 1 (max threshold 15)
[16.633s][info ][gc,heap        ] GC(2183) DefNew: 17930K->1955K(19648K)
[16.633s][info ][gc,heap        ] GC(2183) Tenured: 10570K->11742K(43712K)
[16.633s][info ][gc,metaspace   ] GC(2183) Metaspace: 16404K->16404K(1064960K)
[16.633s][info ][gc             ] GC(2183) Pause Young (Allocation Failure) 27M->13M(61M) 0.813ms
[16.633s][info ][gc,cpu         ] GC(2183) User=0.00s Sys=0.00s Real=0.00s
[16.635s][info ][gc,start       ] GC(2184) Pause Young (Allocation Failure)
[16.635s][debug][gc,age         ] GC(2184) Desired survivor size 1114112 bytes, new threshold 1 (max threshold 15)
[16.635s][info ][gc,heap        ] GC(2184) DefNew: 19100K->1955K(19648K)
[16.635s][info ][gc,heap        ] GC(2184) Tenured: 11742K->12523K(43712K)
[16.635s][info ][gc,metaspace   ] GC(2184) Metaspace: 16404K->16404K(1064960K)
[16.635s][info ][gc             ] GC(2184) Pause Young (Allocation Failure) 30M->14M(61M) 0.629ms
[16.635s][info ][gc,cpu         ] GC(2184) User=0.00s Sys=0.00s Real=0.00s
[16.637s][info ][gc,start       ] GC(2185) Pause Young (Allocation Failure)
[16.637s][debug][gc,age         ] GC(2185) Desired survivor size 1114112 bytes, new threshold 1 (max threshold 15)
[16.637s][info ][gc,heap        ] GC(2185) DefNew: 19098K->1955K(19648K)
[16.637s][info ][gc,heap        ] GC(2185) Tenured: 12523K->12523K(43712K)
[16.637s][info ][gc,metaspace   ] GC(2185) Metaspace: 16404K->16404K(1064960K)
[16.637s][info ][gc             ] GC(2185) Pause Young (Allocation Failure) 30M->14M(61M) 0.530ms
[16.637s][info ][gc,cpu         ] GC(2185) User=0.01s Sys=0.00s Real=0.00s
[16.639s][info ][gc,start       ] GC(2186) Pause Young (Allocation Failure)
[16.639s][debug][gc,age         ] GC(2186) Desired survivor size 1114112 bytes, new threshold 1 (max threshold 15)
[16.639s][info ][gc,heap        ] GC(2186) DefNew: 19097K->1955K(19648K)
[16.639s][info ][gc,heap        ] GC(2186) Tenured: 12523K->12523K(43712K)
[16.639s][info ][gc,metaspace   ] GC(2186) Metaspace: 16404K->16404K(1064960K)
[16.639s][info ][gc             ] GC(2186) Pause Young (Allocation Failure) 30M->14M(61M) 0.635ms
[16.639s][info ][gc,cpu         ] GC(2186) User=0.00s Sys=0.00s Real=0.00s
[16.641s][info ][gc,start       ] GC(2187) Pause Young (Allocation Failure)
[16.641s][debug][gc,age         ] GC(2187) Desired survivor size 1114112 bytes, new threshold 1 (max threshold 15)
[16.641s][info ][gc,heap        ] GC(2187) DefNew: 19097K->1955K(19648K)
[16.641s][info ][gc,heap        ] GC(2187) Tenured: 12523K->13305K(43712K)
[16.641s][info ][gc,metaspace   ] GC(2187) Metaspace: 16404K->16404K(1064960K)
[16.641s][info ][gc             ] GC(2187) Pause Young (Allocation Failure) 30M->14M(61M) 0.609ms
[16.641s][info ][gc,cpu         ] GC(2187) User=0.00s Sys=0.00s Real=0.00s
[16.643s][info ][gc,start       ] GC(2188) Pause Young (Allocation Failure)
[16.643s][debug][gc,age         ] GC(2188) Desired survivor size 1114112 bytes, new threshold 1 (max threshold 15)
[16.643s][info ][gc,heap        ] GC(2188) DefNew: 19096K->1955K(19648K)
[16.643s][info ][gc,heap        ] GC(2188) Tenured: 13305K->13305K(43712K)
[16.643s][info ][gc,metaspace   ] GC(2188) Metaspace: 16404K->16404K(1064960K)
[16.643s][info ][gc             ] GC(2188) Pause Young (Allocation Failure) 31M->14M(61M) 0.619ms
[16.643s][info ][gc,cpu         ] GC(2188) User=0.00s Sys=0.00s Real=0.00s
[16.645s][info ][gc,start       ] GC(2189) Pause Young (Allocation Failure)
[16.645s][debug][gc,age         ] GC(2189) Desired survivor size 1114112 bytes, new threshold 1 (max threshold 15)
[16.645s][info ][gc,heap        ] GC(2189) DefNew: 19096K->1955K(19648K)
[16.645s][info ][gc,heap        ] GC(2189) Tenured: 13305K->14086K(43712K)
[16.645s][info ][gc,metaspace   ] GC(2189) Metaspace: 16404K->16404K(1064960K)
[16.645s][info ][gc             ] GC(2189) Pause Young (Allocation Failure) 31M->15M(61M) 0.743ms
[16.645s][info ][gc,cpu         ] GC(2189) User=0.00s Sys=0.00s Real=0.00s
[16.647s][info ][gc,start       ] GC(2190) Pause Young (Allocation Failure)
[16.647s][debug][gc,age         ] GC(2190) Desired survivor size 1114112 bytes, new threshold 1 (max threshold 15)
[16.647s][info ][gc,heap        ] GC(2190) DefNew: 19096K->1955K(19648K)
[16.647s][info ][gc,heap        ] GC(2190) Tenured: 14086K->14476K(43712K)
[16.647s][info ][gc,metaspace   ] GC(2190) Metaspace: 16404K->16404K(1064960K)
[16.647s][info ][gc             ] GC(2190) Pause Young (Allocation Failure) 32M->16M(61M) 0.657ms
[16.647s][info ][gc,cpu         ] GC(2190) User=0.00s Sys=0.00s Real=0.00s
[16.649s][info ][gc,start       ] GC(2191) Pause Young (Allocation Failure)
[16.649s][debug][gc,age         ] GC(2191) Desired survivor size 1114112 bytes, new threshold 1 (max threshold 15)
[16.649s][info ][gc,heap        ] GC(2191) DefNew: 19096K->1955K(19648K)
[16.649s][info ][gc,heap        ] GC(2191) Tenured: 14476K->14867K(43712K)
[16.649s][info ][gc,metaspace   ] GC(2191) Metaspace: 16404K->16404K(1064960K)
[16.649s][info ][gc             ] GC(2191) Pause Young (Allocation Failure) 32M->16M(61M) 0.719ms
[16.649s][info ][gc,cpu         ] GC(2191) User=0.00s Sys=0.00s Real=0.01s
[16.651s][info ][gc,start       ] GC(2192) Pause Young (Allocation Failure)
[16.651s][debug][gc,age         ] GC(2192) Desired survivor size 1114112 bytes, new threshold 1 (max threshold 15)
[16.652s][info ][gc,heap        ] GC(2192) DefNew: 19096K->1955K(19648K)
[16.652s][info ][gc,heap        ] GC(2192) Tenured: 14867K->14867K(43712K)
[16.652s][info ][gc,metaspace   ] GC(2192) Metaspace: 16404K->16404K(1064960K)
[16.652s][info ][gc             ] GC(2192) Pause Young (Allocation Failure) 33M->16M(61M) 0.778ms
[16.652s][info ][gc,cpu         ] GC(2192) User=0.00s Sys=0.01s Real=0.00s
[16.653s][info ][gc,start       ] GC(2193) Pause Young (Allocation Failure)
[16.653s][debug][gc,age         ] GC(2193) Desired survivor size 1114112 bytes, new threshold 1 (max threshold 15)
[16.653s][info ][gc,heap        ] GC(2193) DefNew: 19096K->1564K(19648K)
[16.653s][info ][gc,heap        ] GC(2193) Tenured: 14867K->14867K(43712K)
[16.653s][info ][gc,metaspace   ] GC(2193) Metaspace: 16404K->16404K(1064960K)
[16.654s][info ][gc             ] GC(2193) Pause Young (Allocation Failure) 33M->16M(61M) 0.575ms
[16.654s][info ][gc,cpu         ] GC(2193) User=0.00s Sys=0.00s Real=0.00s
[16.655s][info ][gc,start       ] GC(2194) Pause Young (Allocation Failure)
[16.655s][debug][gc,age         ] GC(2194) Desired survivor size 1114112 bytes, new threshold 1 (max threshold 15)
[16.655s][info ][gc,heap        ] GC(2194) DefNew: 18705K->1174K(19648K)
[16.655s][info ][gc,heap        ] GC(2194) Tenured: 14867K->14867K(43712K)
[16.655s][info ][gc,metaspace   ] GC(2194) Metaspace: 16404K->16404K(1064960K)
[16.655s][info ][gc             ] GC(2194) Pause Young (Allocation Failure) 32M->15M(61M) 0.444ms
[16.655s][info ][gc,cpu         ] GC(2194) User=0.00s Sys=0.00s Real=0.00s
[16.657s][info ][gc,start       ] GC(2195) Pause Young (Allocation Failure)
[16.657s][debug][gc,age         ] GC(2195) Desired survivor size 1114112 bytes, new threshold 1 (max threshold 15)
[16.657s][info ][gc,heap        ] GC(2195) DefNew: 18314K->1955K(19648K)
[16.657s][info ][gc,heap        ] GC(2195) Tenured: 14867K->16039K(43712K)
[16.657s][info ][gc,metaspace   ] GC(2195) Metaspace: 16404K->16404K(1064960K)
[16.657s][info ][gc             ] GC(2195) Pause Young (Allocation Failure) 32M->17M(61M) 0.640ms
[16.657s][info ][gc,cpu         ] GC(2195) User=0.00s Sys=0.00s Real=0.00s
[16.659s][info ][gc,start       ] GC(2196) Pause Young (Allocation Failure)
[16.659s][debug][gc,age         ] GC(2196) Desired survivor size 1114112 bytes, new threshold 1 (max threshold 15)
[16.659s][info ][gc,heap        ] GC(2196) DefNew: 19096K->1955K(19648K)
[16.659s][info ][gc,heap        ] GC(2196) Tenured: 16039K->16039K(43712K)
[16.659s][info ][gc,metaspace   ] GC(2196) Metaspace: 16404K->16404K(1064960K)
[16.659s][info ][gc             ] GC(2196) Pause Young (Allocation Failure) 34M->17M(61M) 0.625ms
[16.659s][info ][gc,cpu         ] GC(2196) User=0.00s Sys=0.00s Real=0.01s
[16.661s][info ][gc,start       ] GC(2197) Pause Young (Allocation Failure)
[16.661s][debug][gc,age         ] GC(2197) Desired survivor size 1114112 bytes, new threshold 1 (max threshold 15)
[16.661s][info ][gc,heap        ] GC(2197) DefNew: 19096K->1955K(19648K)
[16.661s][info ][gc,heap        ] GC(2197) Tenured: 16039K->16820K(43712K)
[16.661s][info ][gc,metaspace   ] GC(2197) Metaspace: 16404K->16404K(1064960K)
[16.661s][info ][gc             ] GC(2197) Pause Young (Allocation Failure) 34M->18M(61M) 0.632ms
[16.661s][info ][gc,cpu         ] GC(2197) User=0.00s Sys=0.00s Real=0.00s
[16.663s][info ][gc,start       ] GC(2198) Pause Young (Allocation Failure)
[16.663s][debug][gc,age         ] GC(2198) Desired survivor size 1114112 bytes, new threshold 1 (max threshold 15)
[16.663s][info ][gc,heap        ] GC(2198) DefNew: 19096K->1955K(19648K)
[16.663s][info ][gc,heap        ] GC(2198) Tenured: 16820K->16820K(43712K)
[16.663s][info ][gc,metaspace   ] GC(2198) Metaspace: 16404K->16404K(1064960K)
[16.663s][info ][gc             ] GC(2198) Pause Young (Allocation Failure) 35M->18M(61M) 0.875ms
[16.663s][info ][gc,cpu         ] GC(2198) User=0.00s Sys=0.00s Real=0.00s
[16.665s][info ][gc,start       ] GC(2199) Pause Young (Allocation Failure)
[16.666s][debug][gc,age         ] GC(2199) Desired survivor size 1114112 bytes, new threshold 1 (max threshold 15)
[16.666s][info ][gc,heap        ] GC(2199) DefNew: 19058K->1955K(19648K)
[16.666s][info ][gc,heap        ] GC(2199) Tenured: 16820K->17602K(43712K)
[16.666s][info ][gc,metaspace   ] GC(2199) Metaspace: 16404K->16404K(1064960K)
[16.666s][info ][gc             ] GC(2199) Pause Young (Allocation Failure) 35M->19M(61M) 0.870ms
[16.666s][info ][gc,cpu         ] GC(2199) User=0.00s Sys=0.00s Real=0.00s
[16.667s][info ][gc,start       ] GC(2200) Pause Young (Allocation Failure)
[16.668s][debug][gc,age         ] GC(2200) Desired survivor size 1114112 bytes, new threshold 1 (max threshold 15)
[16.668s][info ][gc,heap        ] GC(2200) DefNew: 19427K->1564K(19648K)
[16.668s][info ][gc,heap        ] GC(2200) Tenured: 17602K->17993K(43712K)
[16.668s][info ][gc,metaspace   ] GC(2200) Metaspace: 16404K->16404K(1064960K)
[16.668s][info ][gc             ] GC(2200) Pause Young (Allocation Failure) 36M->19M(61M) 0.788ms
[16.668s][info ][gc,cpu         ] GC(2200) User=0.00s Sys=0.00s Real=0.00s
[16.669s][info ][gc,start       ] GC(2201) Pause Young (Allocation Failure)
[16.670s][debug][gc,age         ] GC(2201) Desired survivor size 1114112 bytes, new threshold 1 (max threshold 15)
[16.670s][info ][gc,heap        ] GC(2201) DefNew: 18677K->1564K(19648K)
[16.670s][info ][gc,heap        ] GC(2201) Tenured: 17993K->17993K(43712K)
[16.670s][info ][gc,metaspace   ] GC(2201) Metaspace: 16404K->16404K(1064960K)
[16.670s][info ][gc             ] GC(2201) Pause Young (Allocation Failure) 35M->19M(61M) 0.571ms
[16.670s][info ][gc,cpu         ] GC(2201) User=0.00s Sys=0.00s Real=0.00s
[16.671s][info ][gc,start       ] GC(2202) Pause Young (Allocation Failure)
[16.672s][debug][gc,age         ] GC(2202) Desired survivor size 1114112 bytes, new threshold 1 (max threshold 15)
[16.672s][info ][gc,heap        ] GC(2202) DefNew: 18734K->1955K(19648K)
[16.672s][info ][gc,heap        ] GC(2202) Tenured: 17993K->17993K(43712K)
[16.672s][info ][gc,metaspace   ] GC(2202) Metaspace: 16404K->16404K(1064960K)
[16.672s][info ][gc             ] GC(2202) Pause Young (Allocation Failure) 35M->19M(61M) 0.549ms
[16.672s][info ][gc,cpu         ] GC(2202) User=0.00s Sys=0.00s Real=0.00s
[16.673s][info ][gc,start       ] GC(2203) Pause Young (Allocation Failure)
[16.674s][debug][gc,age         ] GC(2203) Desired survivor size 1114112 bytes, new threshold 1 (max threshold 15)
[16.674s][info ][gc,heap        ] GC(2203) DefNew: 19115K->1955K(19648K)
[16.674s][info ][gc,heap        ] GC(2203) Tenured: 17993K->19165K(43712K)
[16.674s][info ][gc,metaspace   ] GC(2203) Metaspace: 16404K->16404K(1064960K)
[16.674s][info ][gc             ] GC(2203) Pause Young (Allocation Failure) 36M->20M(61M) 0.697ms
[16.674s][info ][gc,cpu         ] GC(2203) User=0.00s Sys=0.00s Real=0.00s
[16.675s][info ][gc,start       ] GC(2204) Pause Young (Allocation Failure)
[16.676s][debug][gc,age         ] GC(2204) Desired survivor size 1114112 bytes, new threshold 1 (max threshold 15)
[16.676s][info ][gc,heap        ] GC(2204) DefNew: 19108K->1955K(19648K)
[16.676s][info ][gc,heap        ] GC(2204) Tenured: 19165K->20337K(43712K)
[16.676s][info ][gc,metaspace   ] GC(2204) Metaspace: 16404K->16404K(1064960K)
[16.676s][info ][gc             ] GC(2204) Pause Young (Allocation Failure) 37M->21M(61M) 0.651ms
[16.676s][info ][gc,cpu         ] GC(2204) User=0.00s Sys=0.00s Real=0.00s
[16.677s][info ][gc,start       ] GC(2205) Pause Young (Allocation Failure)
[16.678s][debug][gc,age         ] GC(2205) Desired survivor size 1114112 bytes, new threshold 1 (max threshold 15)
[16.678s][info ][gc,heap        ] GC(2205) DefNew: 19103K->1564K(19648K)
[16.678s][info ][gc,heap        ] GC(2205) Tenured: 20337K->20337K(43712K)
[16.678s][info ][gc,metaspace   ] GC(2205) Metaspace: 16404K->16404K(1064960K)
[16.678s][info ][gc             ] GC(2205) Pause Young (Allocation Failure) 38M->21M(61M) 0.478ms
[16.678s][info ][gc,cpu         ] GC(2205) User=0.00s Sys=0.00s Real=0.00s
[16.679s][info ][gc,start       ] GC(2206) Pause Young (Allocation Failure)
[16.680s][debug][gc,age         ] GC(2206) Desired survivor size 1114112 bytes, new threshold 1 (max threshold 15)
[16.680s][info ][gc,heap        ] GC(2206) DefNew: 18710K->1955K(19648K)
[16.680s][info ][gc,heap        ] GC(2206) Tenured: 20337K->20728K(43712K)
[16.680s][info ][gc,metaspace   ] GC(2206) Metaspace: 16404K->16404K(1064960K)
[16.680s][info ][gc             ] GC(2206) Pause Young (Allocation Failure) 38M->22M(61M) 0.760ms
[16.680s][info ][gc,cpu         ] GC(2206) User=0.00s Sys=0.00s Real=0.01s
[16.681s][info ][gc,start       ] GC(2207) Pause Young (Allocation Failure)
[16.682s][debug][gc,age         ] GC(2207) Desired survivor size 1114112 bytes, new threshold 1 (max threshold 15)
[16.682s][info ][gc,heap        ] GC(2207) DefNew: 19054K->1955K(19648K)
[16.682s][info ][gc,heap        ] GC(2207) Tenured: 20728K->21509K(43712K)
[16.682s][info ][gc,metaspace   ] GC(2207) Metaspace: 16404K->16404K(1064960K)
[16.682s][info ][gc             ] GC(2207) Pause Young (Allocation Failure) 38M->22M(61M) 0.695ms
[16.682s][info ][gc,cpu         ] GC(2207) User=0.00s Sys=0.00s Real=0.00s
[16.683s][info ][gc,start       ] GC(2208) Pause Young (Allocation Failure)
[16.684s][debug][gc,age         ] GC(2208) Desired survivor size 1114112 bytes, new threshold 1 (max threshold 15)
[16.684s][info ][gc,heap        ] GC(2208) DefNew: 19113K->1955K(19648K)
[16.684s][info ][gc,heap        ] GC(2208) Tenured: 21509K->21900K(43712K)
[16.684s][info ][gc,metaspace   ] GC(2208) Metaspace: 16404K->16404K(1064960K)
[16.684s][info ][gc             ] GC(2208) Pause Young (Allocation Failure) 39M->23M(61M) 0.612ms
[16.684s][info ][gc,cpu         ] GC(2208) User=0.00s Sys=0.00s Real=0.00s
[16.685s][info ][gc,start       ] GC(2209) Pause Young (Allocation Failure)
[16.685s][debug][gc,age         ] GC(2209) Desired survivor size 1114112 bytes, new threshold 1 (max threshold 15)
[16.686s][info ][gc,heap        ] GC(2209) DefNew: 19056K->1173K(19648K)
[16.686s][info ][gc,heap        ] GC(2209) Tenured: 21900K->21900K(43712K)
[16.686s][info ][gc,metaspace   ] GC(2209) Metaspace: 16404K->16404K(1064960K)
[16.686s][info ][gc             ] GC(2209) Pause Young (Allocation Failure) 39M->22M(61M) 0.521ms
[16.686s][info ][gc,cpu         ] GC(2209) User=0.00s Sys=0.00s Real=0.00s
[16.687s][info ][gc,start       ] GC(2210) Pause Young (Allocation Failure)
[16.688s][debug][gc,age         ] GC(2210) Desired survivor size 1114112 bytes, new threshold 1 (max threshold 15)
[16.688s][info ][gc,heap        ] GC(2210) DefNew: 18339K->1955K(19648K)
[16.688s][info ][gc,heap        ] GC(2210) Tenured: 21900K->22682K(43712K)
[16.688s][info ][gc,metaspace   ] GC(2210) Metaspace: 16404K->16404K(1064960K)
[16.688s][info ][gc             ] GC(2210) Pause Young (Allocation Failure) 39M->24M(61M) 0.774ms
[16.688s][info ][gc,cpu         ] GC(2210) User=0.00s Sys=0.00s Real=0.00s
[16.689s][info ][gc,start       ] GC(2211) Pause Young (Allocation Failure)
[16.690s][debug][gc,age         ] GC(2211) Desired survivor size 1114112 bytes, new threshold 1 (max threshold 15)
[16.690s][info ][gc,heap        ] GC(2211) DefNew: 19112K->1173K(19648K)
[16.690s][info ][gc,heap        ] GC(2211) Tenured: 22682K->22682K(43712K)
[16.690s][info ][gc,metaspace   ] GC(2211) Metaspace: 16404K->16404K(1064960K)
[16.690s][info ][gc             ] GC(2211) Pause Young (Allocation Failure) 40M->23M(61M) 0.626ms
[16.690s][info ][gc,cpu         ] GC(2211) User=0.00s Sys=0.00s Real=0.01s
[16.691s][info ][gc,start       ] GC(2212) Pause Young (Allocation Failure)
[16.691s][debug][gc,age         ] GC(2212) Desired survivor size 1114112 bytes, new threshold 1 (max threshold 15)
[16.692s][info ][gc,heap        ] GC(2212) DefNew: 18324K->1955K(19648K)
[16.692s][info ][gc,heap        ] GC(2212) Tenured: 22682K->23464K(43712K)
[16.692s][info ][gc,metaspace   ] GC(2212) Metaspace: 16404K->16404K(1064960K)
[16.692s][info ][gc             ] GC(2212) Pause Young (Allocation Failure) 40M->24M(61M) 0.598ms
[16.692s][info ][gc,cpu         ] GC(2212) User=0.00s Sys=0.00s Real=0.00s
[16.693s][info ][gc,start       ] GC(2213) Pause Young (Allocation Failure)
[16.693s][debug][gc,age         ] GC(2213) Desired survivor size 1114112 bytes, new threshold 1 (max threshold 15)
[16.693s][info ][gc,heap        ] GC(2213) DefNew: 19061K->1955K(19648K)
[16.694s][info ][gc,heap        ] GC(2213) Tenured: 23464K->23854K(43712K)
[16.694s][info ][gc,metaspace   ] GC(2213) Metaspace: 16404K->16404K(1064960K)
[16.694s][info ][gc             ] GC(2213) Pause Young (Allocation Failure) 41M->25M(61M) 0.583ms
[16.694s][info ][gc,cpu         ] GC(2213) User=0.01s Sys=0.00s Real=0.00s
[16.695s][info ][gc,start       ] GC(2214) Pause Young (Allocation Failure)
[16.695s][debug][gc,age         ] GC(2214) Desired survivor size 1114112 bytes, new threshold 1 (max threshold 15)
[16.695s][info ][gc,heap        ] GC(2214) DefNew: 19064K->1564K(19648K)
[16.695s][info ][gc,heap        ] GC(2214) Tenured: 23854K->23855K(43712K)
[16.695s][info ][gc,metaspace   ] GC(2214) Metaspace: 16404K->16404K(1064960K)
[16.695s][info ][gc             ] GC(2214) Pause Young (Allocation Failure) 41M->24M(61M) 0.610ms
[16.695s][info ][gc,cpu         ] GC(2214) User=0.00s Sys=0.00s Real=0.00s
[16.697s][info ][gc,start       ] GC(2215) Pause Young (Allocation Failure)
[16.698s][debug][gc,age         ] GC(2215) Desired survivor size 1114112 bytes, new threshold 1 (max threshold 15)
[16.698s][info ][gc,heap        ] GC(2215) DefNew: 18735K->1955K(19648K)
[16.698s][info ][gc,heap        ] GC(2215) Tenured: 23855K->25027K(43712K)
[16.698s][info ][gc,metaspace   ] GC(2215) Metaspace: 16404K->16404K(1064960K)
[16.698s][info ][gc             ] GC(2215) Pause Young (Allocation Failure) 41M->26M(61M) 0.816ms
[16.698s][info ][gc,cpu         ] GC(2215) User=0.00s Sys=0.00s Real=0.00s
[16.699s][info ][gc,start       ] GC(2216) Pause Young (Allocation Failure)
[16.699s][debug][gc,age         ] GC(2216) Desired survivor size 1114112 bytes, new threshold 1 (max threshold 15)
[16.699s][info ][gc,heap        ] GC(2216) DefNew: 19115K->1955K(19648K)
[16.699s][info ][gc,heap        ] GC(2216) Tenured: 25027K->25027K(43712K)
[16.699s][info ][gc,metaspace   ] GC(2216) Metaspace: 16404K->16404K(1064960K)
[16.699s][info ][gc             ] GC(2216) Pause Young (Allocation Failure) 43M->26M(61M) 0.613ms
[16.699s][info ][gc,cpu         ] GC(2216) User=0.00s Sys=0.00s Real=0.01s
[16.701s][info ][gc,start       ] GC(2217) Pause Young (Allocation Failure)
[16.702s][debug][gc,age         ] GC(2217) Desired survivor size 1114112 bytes, new threshold 1 (max threshold 15)
[16.702s][info ][gc,heap        ] GC(2217) DefNew: 19108K->1955K(19648K)
[16.702s][info ][gc,heap        ] GC(2217) Tenured: 25027K->26589K(43712K)
[16.702s][info ][gc,metaspace   ] GC(2217) Metaspace: 16404K->16404K(1064960K)
[16.702s][info ][gc             ] GC(2217) Pause Young (Allocation Failure) 43M->27M(61M) 1.074ms
[16.702s][info ][gc,cpu         ] GC(2217) User=0.00s Sys=0.00s Real=0.00s
[16.704s][info ][gc,start       ] GC(2218) Pause Young (Allocation Failure)
[16.704s][debug][gc,age         ] GC(2218) Desired survivor size 1114112 bytes, new threshold 1 (max threshold 15)
[16.704s][info ][gc,heap        ] GC(2218) DefNew: 19104K->1955K(19648K)
[16.704s][info ][gc,heap        ] GC(2218) Tenured: 26589K->27371K(43712K)
[16.704s][info ][gc,metaspace   ] GC(2218) Metaspace: 16404K->16404K(1064960K)
[16.704s][info ][gc             ] GC(2218) Pause Young (Allocation Failure) 44M->28M(61M) 0.625ms
[16.704s][info ][gc,cpu         ] GC(2218) User=0.00s Sys=0.00s Real=0.00s
[16.706s][info ][gc,start       ] GC(2219) Pause Young (Allocation Failure)
[16.706s][debug][gc,age         ] GC(2219) Desired survivor size 1114112 bytes, new threshold 1 (max threshold 15)
[16.706s][info ][gc,heap        ] GC(2219) DefNew: 19101K->1564K(19648K)
[16.706s][info ][gc,heap        ] GC(2219) Tenured: 27371K->27371K(43712K)
[16.706s][info ][gc,metaspace   ] GC(2219) Metaspace: 16404K->16404K(1064960K)
[16.706s][info ][gc             ] GC(2219) Pause Young (Allocation Failure) 45M->28M(61M) 0.500ms
[16.706s][info ][gc,cpu         ] GC(2219) User=0.00s Sys=0.00s Real=0.00s
[16.707s][info ][gc,start       ] GC(2220) Pause Young (Allocation Failure)
[16.708s][debug][gc,age         ] GC(2220) Desired survivor size 1114112 bytes, new threshold 1 (max threshold 15)
[16.708s][info ][gc,heap        ] GC(2220) DefNew: 18708K->1955K(19648K)
[16.708s][info ][gc,heap        ] GC(2220) Tenured: 27371K->27761K(43712K)
[16.708s][info ][gc,metaspace   ] GC(2220) Metaspace: 16404K->16404K(1064960K)
[16.708s][info ][gc             ] GC(2220) Pause Young (Allocation Failure) 44M->29M(61M) 0.532ms
[16.708s][info ][gc,cpu         ] GC(2220) User=0.00s Sys=0.00s Real=0.00s
[16.709s][info ][gc,start       ] GC(2221) Pause Young (Allocation Failure)
[16.710s][debug][gc,age         ] GC(2221) Desired survivor size 1114112 bytes, new threshold 1 (max threshold 15)
[16.710s][info ][gc,heap        ] GC(2221) DefNew: 19098K->1955K(19648K)
[16.710s][info ][gc,heap        ] GC(2221) Tenured: 27761K->27761K(43712K)
[16.710s][info ][gc,metaspace   ] GC(2221) Metaspace: 16404K->16404K(1064960K)
[16.710s][info ][gc             ] GC(2221) Pause Young (Allocation Failure) 45M->29M(61M) 0.525ms
[16.710s][info ][gc,cpu         ] GC(2221) User=0.00s Sys=0.00s Real=0.01s
[16.711s][info ][gc,start       ] GC(2222) Pause Young (Allocation Failure)
[16.711s][debug][gc,age         ] GC(2222) Desired survivor size 1114112 bytes, new threshold 1 (max threshold 15)
[16.711s][info ][gc,heap        ] GC(2222) DefNew: 19097K->1564K(19648K)
[16.711s][info ][gc,heap        ] GC(2222) Tenured: 27761K->27761K(43712K)
[16.711s][info ][gc,metaspace   ] GC(2222) Metaspace: 16404K->16404K(1064960K)
[16.711s][info ][gc             ] GC(2222) Pause Young (Allocation Failure) 45M->28M(61M) 0.491ms
[16.711s][info ][gc,cpu         ] GC(2222) User=0.00s Sys=0.00s Real=0.00s
[16.713s][info ][gc,start       ] GC(2223) Pause Young (Allocation Failure)
[16.713s][debug][gc,age         ] GC(2223) Desired survivor size 1114112 bytes, new threshold 1 (max threshold 15)
[16.713s][info ][gc,heap        ] GC(2223) DefNew: 18706K->1955K(19648K)
[16.713s][info ][gc,heap        ] GC(2223) Tenured: 27761K->28543K(43712K)
[16.713s][info ][gc,metaspace   ] GC(2223) Metaspace: 16404K->16404K(1064960K)
[16.713s][info ][gc             ] GC(2223) Pause Young (Allocation Failure) 45M->29M(61M) 0.757ms
[16.713s][info ][gc,cpu         ] GC(2223) User=0.00s Sys=0.00s Real=0.00s
[16.715s][info ][gc,start       ] GC(2224) Pause Young (Allocation Failure)
[16.716s][debug][gc,age         ] GC(2224) Desired survivor size 1114112 bytes, new threshold 1 (max threshold 15)
[16.716s][info ][gc,heap        ] GC(2224) DefNew: 19096K->1955K(19648K)
[16.716s][info ][gc,heap        ] GC(2224) Tenured: 28543K->29715K(43712K)
[16.716s][info ][gc,metaspace   ] GC(2224) Metaspace: 16404K->16404K(1064960K)
[16.716s][info ][gc             ] GC(2224) Pause Young (Allocation Failure) 46M->30M(61M) 0.949ms
[16.716s][info ][gc,cpu         ] GC(2224) User=0.00s Sys=0.00s Real=0.00s
[16.717s][info ][gc,start       ] GC(2225) Pause Young (Allocation Failure)
[16.718s][debug][gc,age         ] GC(2225) Desired survivor size 1114112 bytes, new threshold 1 (max threshold 15)
[16.718s][info ][gc,heap        ] GC(2225) DefNew: 19096K->1955K(19648K)
[16.718s][info ][gc,heap        ] GC(2225) Tenured: 29715K->30886K(43712K)
[16.718s][info ][gc,metaspace   ] GC(2225) Metaspace: 16404K->16404K(1064960K)
[16.718s][info ][gc             ] GC(2225) Pause Young (Allocation Failure) 47M->32M(61M) 0.933ms
[16.718s][info ][gc,cpu         ] GC(2225) User=0.00s Sys=0.00s Real=0.00s
[16.719s][info ][gc,start       ] GC(2226) Pause Young (Allocation Failure)
[16.720s][debug][gc,age         ] GC(2226) Desired survivor size 1114112 bytes, new threshold 1 (max threshold 15)
[16.720s][info ][gc,heap        ] GC(2226) DefNew: 19096K->1955K(19648K)
[16.720s][info ][gc,heap        ] GC(2226) Tenured: 30886K->31277K(43712K)
[16.720s][info ][gc,metaspace   ] GC(2226) Metaspace: 16404K->16404K(1064960K)
[16.720s][info ][gc             ] GC(2226) Pause Young (Allocation Failure) 48M->32M(61M) 0.564ms
[16.720s][info ][gc,cpu         ] GC(2226) User=0.00s Sys=0.00s Real=0.00s
[16.721s][info ][gc,start       ] GC(2227) Pause Young (Allocation Failure)
[16.722s][debug][gc,age         ] GC(2227) Desired survivor size 1114112 bytes, new threshold 1 (max threshold 15)
[16.722s][info ][gc,heap        ] GC(2227) DefNew: 19096K->1955K(19648K)
[16.722s][info ][gc,heap        ] GC(2227) Tenured: 31277K->32059K(43712K)
[16.722s][info ][gc,metaspace   ] GC(2227) Metaspace: 16404K->16404K(1064960K)
[16.722s][info ][gc             ] GC(2227) Pause Young (Allocation Failure) 49M->33M(61M) 0.751ms
[16.722s][info ][gc,cpu         ] GC(2227) User=0.00s Sys=0.00s Real=0.00s
[16.724s][info ][gc,start       ] GC(2228) Pause Young (Allocation Failure)
[16.724s][debug][gc,age         ] GC(2228) Desired survivor size 1114112 bytes, new threshold 1 (max threshold 15)
[16.724s][info ][gc,heap        ] GC(2228) DefNew: 19095K->1955K(19648K)
[16.724s][info ][gc,heap        ] GC(2228) Tenured: 32059K->32840K(43712K)
[16.724s][info ][gc,metaspace   ] GC(2228) Metaspace: 16404K->16404K(1064960K)
[16.724s][info ][gc             ] GC(2228) Pause Young (Allocation Failure) 49M->33M(61M) 0.709ms
[16.724s][info ][gc,cpu         ] GC(2228) User=0.00s Sys=0.00s Real=0.00s
[16.726s][info ][gc,start       ] GC(2229) Pause Young (Allocation Failure)
[16.726s][debug][gc,age         ] GC(2229) Desired survivor size 1114112 bytes, new threshold 1 (max threshold 15)
[16.726s][info ][gc,heap        ] GC(2229) DefNew: 19096K->1955K(19648K)
[16.726s][info ][gc,heap        ] GC(2229) Tenured: 32840K->33231K(43712K)
[16.726s][info ][gc,metaspace   ] GC(2229) Metaspace: 16404K->16404K(1064960K)
[16.726s][info ][gc             ] GC(2229) Pause Young (Allocation Failure) 50M->34M(61M) 0.704ms
[16.726s][info ][gc,cpu         ] GC(2229) User=0.00s Sys=0.00s Real=0.00s
[16.728s][info ][gc,start       ] GC(2230) Pause Young (Allocation Failure)
[16.728s][debug][gc,age         ] GC(2230) Desired survivor size 1114112 bytes, new threshold 1 (max threshold 15)
[16.728s][info ][gc,heap        ] GC(2230) DefNew: 19096K->1955K(19648K)
[16.728s][info ][gc,heap        ] GC(2230) Tenured: 33231K->33621K(43712K)
[16.728s][info ][gc,metaspace   ] GC(2230) Metaspace: 16404K->16404K(1064960K)
[16.728s][info ][gc             ] GC(2230) Pause Young (Allocation Failure) 51M->34M(61M) 0.559ms
[16.728s][info ][gc,cpu         ] GC(2230) User=0.00s Sys=0.00s Real=0.00s
[16.730s][info ][gc,start       ] GC(2231) Pause Young (Allocation Failure)
[16.730s][debug][gc,age         ] GC(2231) Desired survivor size 1114112 bytes, new threshold 1 (max threshold 15)
[16.730s][info ][gc,heap        ] GC(2231) DefNew: 19096K->1955K(19648K)
[16.730s][info ][gc,heap        ] GC(2231) Tenured: 33621K->33621K(43712K)
[16.730s][info ][gc,metaspace   ] GC(2231) Metaspace: 16404K->16404K(1064960K)
[16.730s][info ][gc             ] GC(2231) Pause Young (Allocation Failure) 51M->34M(61M) 0.674ms
[16.730s][info ][gc,cpu         ] GC(2231) User=0.00s Sys=0.00s Real=0.00s
[16.732s][info ][gc,start       ] GC(2232) Pause Young (Allocation Failure)
[16.732s][debug][gc,age         ] GC(2232) Desired survivor size 1114112 bytes, new threshold 1 (max threshold 15)
[16.732s][info ][gc,heap        ] GC(2232) DefNew: 19053K->1955K(19648K)
[16.732s][info ][gc,heap        ] GC(2232) Tenured: 33621K->34012K(43712K)
[16.732s][info ][gc,metaspace   ] GC(2232) Metaspace: 16404K->16404K(1064960K)
[16.732s][info ][gc             ] GC(2232) Pause Young (Allocation Failure) 51M->35M(61M) 0.712ms
[16.732s][info ][gc,cpu         ] GC(2232) User=0.00s Sys=0.00s Real=0.00s
[16.734s][info ][gc,start       ] GC(2233) Pause Young (Allocation Failure)
[16.734s][debug][gc,age         ] GC(2233) Desired survivor size 1114112 bytes, new threshold 1 (max threshold 15)
[16.734s][info ][gc,heap        ] GC(2233) DefNew: 19110K->1955K(19648K)
[16.734s][info ][gc,heap        ] GC(2233) Tenured: 34012K->34793K(43712K)
[16.734s][info ][gc,metaspace   ] GC(2233) Metaspace: 16404K->16404K(1064960K)
[16.735s][info ][gc             ] GC(2233) Pause Young (Allocation Failure) 51M->35M(61M) 0.912ms
[16.735s][info ][gc,cpu         ] GC(2233) User=0.00s Sys=0.00s Real=0.00s
[16.736s][info ][gc,start       ] GC(2234) Pause Young (Allocation Failure)
[16.736s][debug][gc,age         ] GC(2234) Desired survivor size 1114112 bytes, new threshold 1 (max threshold 15)
[16.736s][info ][gc,heap        ] GC(2234) DefNew: 19105K->1955K(19648K)
[16.736s][info ][gc,heap        ] GC(2234) Tenured: 34793K->35184K(43712K)
[16.736s][info ][gc,metaspace   ] GC(2234) Metaspace: 16404K->16404K(1064960K)
[16.736s][info ][gc             ] GC(2234) Pause Young (Allocation Failure) 52M->36M(61M) 0.578ms
[16.736s][info ][gc,cpu         ] GC(2234) User=0.00s Sys=0.00s Real=0.00s
[16.738s][info ][gc,start       ] GC(2235) Pause Young (Allocation Failure)
[16.738s][debug][gc,age         ] GC(2235) Desired survivor size 1114112 bytes, new threshold 1 (max threshold 15)
[16.738s][info ][gc,heap        ] GC(2235) DefNew: 19102K->1955K(19648K)
[16.738s][info ][gc,heap        ] GC(2235) Tenured: 35184K->35965K(43712K)
[16.738s][info ][gc,metaspace   ] GC(2235) Metaspace: 16404K->16404K(1064960K)
[16.738s][info ][gc             ] GC(2235) Pause Young (Allocation Failure) 53M->37M(61M) 0.664ms
[16.738s][info ][gc,cpu         ] GC(2235) User=0.00s Sys=0.00s Real=0.00s
[16.740s][info ][gc,start       ] GC(2236) Pause Young (Allocation Failure)
[16.740s][debug][gc,age         ] GC(2236) Desired survivor size 1114112 bytes, new threshold 1 (max threshold 15)
[16.740s][info ][gc,heap        ] GC(2236) DefNew: 19100K->1955K(19648K)
[16.740s][info ][gc,heap        ] GC(2236) Tenured: 35965K->36356K(43712K)
[16.740s][info ][gc,metaspace   ] GC(2236) Metaspace: 16404K->16404K(1064960K)
[16.740s][info ][gc             ] GC(2236) Pause Young (Allocation Failure) 53M->37M(61M) 0.591ms
[16.740s][info ][gc,cpu         ] GC(2236) User=0.01s Sys=0.00s Real=0.00s
[16.742s][info ][gc,start       ] GC(2237) Pause Young (Allocation Failure)
[16.742s][debug][gc,age         ] GC(2237) Desired survivor size 1114112 bytes, new threshold 1 (max threshold 15)
[16.742s][info ][gc,heap        ] GC(2237) DefNew: 19098K->1955K(19648K)
[16.742s][info ][gc,heap        ] GC(2237) Tenured: 36356K->36356K(43712K)
[16.742s][info ][gc,metaspace   ] GC(2237) Metaspace: 16404K->16404K(1064960K)
[16.742s][info ][gc             ] GC(2237) Pause Young (Allocation Failure) 54M->37M(61M) 0.603ms
[16.742s][info ][gc,cpu         ] GC(2237) User=0.00s Sys=0.00s Real=0.00s
[16.744s][info ][gc,start       ] GC(2238) Pause Young (Allocation Failure)
[16.744s][debug][gc,age         ] GC(2238) Desired survivor size 1114112 bytes, new threshold 1 (max threshold 15)
[16.744s][info ][gc,heap        ] GC(2238) DefNew: 19097K->1955K(19648K)
[16.744s][info ][gc,heap        ] GC(2238) Tenured: 36356K->37528K(43712K)
[16.744s][info ][gc,metaspace   ] GC(2238) Metaspace: 16404K->16404K(1064960K)
[16.744s][info ][gc             ] GC(2238) Pause Young (Allocation Failure) 54M->38M(61M) 0.680ms
[16.744s][info ][gc,cpu         ] GC(2238) User=0.00s Sys=0.00s Real=0.00s
[16.746s][info ][gc,start       ] GC(2239) Pause Young (Allocation Failure)
[16.746s][debug][gc,age         ] GC(2239) Desired survivor size 1114112 bytes, new threshold 1 (max threshold 15)
[16.746s][info ][gc,heap        ] GC(2239) DefNew: 19097K->1955K(19648K)
[16.746s][info ][gc,heap        ] GC(2239) Tenured: 37528K->37528K(43712K)
[16.746s][info ][gc,metaspace   ] GC(2239) Metaspace: 16404K->16404K(1064960K)
[16.746s][info ][gc             ] GC(2239) Pause Young (Allocation Failure) 55M->38M(61M) 0.577ms
[16.746s][info ][gc,cpu         ] GC(2239) User=0.00s Sys=0.00s Real=0.00s
[16.748s][info ][gc,start       ] GC(2240) Pause Young (Allocation Failure)
[16.748s][debug][gc,age         ] GC(2240) Desired survivor size 1114112 bytes, new threshold 1 (max threshold 15)
[16.748s][info ][gc,heap        ] GC(2240) DefNew: 19096K->1955K(19648K)
[16.748s][info ][gc,heap        ] GC(2240) Tenured: 37528K->38309K(43712K)
[16.748s][info ][gc,metaspace   ] GC(2240) Metaspace: 16404K->16404K(1064960K)
[16.749s][info ][gc             ] GC(2240) Pause Young (Allocation Failure) 55M->39M(61M) 0.736ms
[16.749s][info ][gc,cpu         ] GC(2240) User=0.00s Sys=0.00s Real=0.00s
[16.750s][info ][gc,start       ] GC(2241) Pause Young (Allocation Failure)
[16.750s][debug][gc,age         ] GC(2241) Desired survivor size 1114112 bytes, new threshold 1 (max threshold 15)
[16.750s][info ][gc,heap        ] GC(2241) DefNew: 19096K->1955K(19648K)
[16.750s][info ][gc,heap        ] GC(2241) Tenured: 38309K->38700K(43712K)
[16.750s][info ][gc,metaspace   ] GC(2241) Metaspace: 16404K->16404K(1064960K)
[16.750s][info ][gc             ] GC(2241) Pause Young (Allocation Failure) 56M->39M(61M) 0.678ms
[16.750s][info ][gc,cpu         ] GC(2241) User=0.00s Sys=0.00s Real=0.00s
[16.752s][info ][gc,start       ] GC(2242) Pause Young (Allocation Failure)
[16.753s][debug][gc,age         ] GC(2242) Desired survivor size 1114112 bytes, new threshold 1 (max threshold 15)
[16.753s][info ][gc,heap        ] GC(2242) DefNew: 19096K->1955K(19648K)
[16.753s][info ][gc,heap        ] GC(2242) Tenured: 38700K->39482K(43712K)
[16.753s][info ][gc,metaspace   ] GC(2242) Metaspace: 16404K->16404K(1064960K)
[16.753s][info ][gc             ] GC(2242) Pause Young (Allocation Failure) 56M->40M(61M) 0.722ms
[16.753s][info ][gc,cpu         ] GC(2242) User=0.00s Sys=0.00s Real=0.00s
[16.754s][info ][gc,start       ] GC(2243) Pause Young (Allocation Failure)
[16.755s][debug][gc,age         ] GC(2243) Desired survivor size 1114112 bytes, new threshold 1 (max threshold 15)
[16.755s][info ][gc,heap        ] GC(2243) DefNew: 19095K->1955K(19648K)
[16.755s][info ][gc,heap        ] GC(2243) Tenured: 39482K->41044K(43712K)
[16.755s][info ][gc,metaspace   ] GC(2243) Metaspace: 16404K->16404K(1064960K)
[16.755s][info ][gc             ] GC(2243) Pause Young (Allocation Failure) 57M->41M(61M) 0.840ms
[16.755s][info ][gc,cpu         ] GC(2243) User=0.00s Sys=0.00s Real=0.00s
[16.756s][info ][gc,start       ] GC(2244) Pause Young (Allocation Failure)
[16.757s][debug][gc,age         ] GC(2244) Desired survivor size 1114112 bytes, new threshold 1 (max threshold 15)
[16.757s][info ][gc,heap        ] GC(2244) DefNew: 19095K->1955K(19648K)
[16.757s][info ][gc,heap        ] GC(2244) Tenured: 41044K->41045K(43712K)
[16.757s][info ][gc,metaspace   ] GC(2244) Metaspace: 16404K->16404K(1064960K)
[16.757s][info ][gc             ] GC(2244) Pause Young (Allocation Failure) 58M->41M(61M) 0.525ms
[16.757s][info ][gc,cpu         ] GC(2244) User=0.00s Sys=0.00s Real=0.00s
[16.758s][info ][gc,start       ] GC(2245) Pause Young (Allocation Failure)
[16.759s][debug][gc,age         ] GC(2245) Desired survivor size 1114112 bytes, new threshold 1 (max threshold 15)
[16.759s][info ][gc,heap        ] GC(2245) DefNew: 19096K->1955K(19648K)
[16.759s][info ][gc,heap        ] GC(2245) Tenured: 41045K->42217K(43712K)
[16.759s][info ][gc,metaspace   ] GC(2245) Metaspace: 16404K->16404K(1064960K)
[16.759s][info ][gc             ] GC(2245) Pause Young (Allocation Failure) 58M->43M(61M) 0.836ms
[16.759s][info ][gc,cpu         ] GC(2245) User=0.00s Sys=0.00s Real=0.00s
[16.761s][info ][gc,start       ] GC(2246) Pause Young (Allocation Failure)
[16.761s][info ][gc,start       ] GC(2247) Pause Full (Allocation Failure)
[16.761s][info ][gc,phases,start] GC(2247) Phase 1: Mark live objects
[16.764s][debug][gc,phases      ] GC(2247) Reference Processing 0.054ms
[16.764s][debug][gc,phases      ] GC(2247) Weak Processing 0.032ms
[16.764s][debug][gc,phases      ] GC(2247) ClassLoaderData 0.046ms
[16.764s][debug][gc,phases      ] GC(2247) ProtectionDomainCacheTable 0.003ms
[16.764s][debug][gc,phases      ] GC(2247) ResolvedMethodTable 0.015ms
[16.765s][debug][gc,phases      ] GC(2247) Class Unloading 0.913ms
[16.765s][debug][gc,phases      ] GC(2247) Scrub String Table 0.058ms
[16.766s][debug][gc,phases      ] GC(2247) Scrub Symbol Table 0.988ms
[16.766s][info ][gc,phases      ] GC(2247) Phase 1: Mark live objects 5.272ms
[16.766s][info ][gc,phases,start] GC(2247) Phase 2: Compute new object addresses
[16.767s][info ][gc,phases      ] GC(2247) Phase 2: Compute new object addresses 0.927ms
[16.767s][info ][gc,phases,start] GC(2247) Phase 3: Adjust pointers
[16.771s][info ][gc,phases      ] GC(2247) Phase 3: Adjust pointers 3.783ms
[16.771s][info ][gc,phases,start] GC(2247) Phase 4: Move objects
[16.771s][info ][gc,phases      ] GC(2247) Phase 4: Move objects 0.275ms
[16.771s][info ][gc             ] GC(2247) Pause Full (Allocation Failure) 59M->5M(61M) 10.540ms
[16.771s][info ][gc,heap        ] GC(2246) DefNew: 19096K->0K(19648K)
[16.771s][info ][gc,heap        ] GC(2246) Tenured: 42217K->5490K(43712K)
[16.771s][info ][gc,metaspace   ] GC(2246) Metaspace: 16404K->16404K(1064960K)
[16.771s][info ][gc             ] GC(2246) Pause Young (Allocation Failure) 59M->5M(61M) 10.682ms
[16.771s][info ][gc,cpu         ] GC(2246) User=0.01s Sys=0.00s Real=0.01s
[16.772s][info ][gc,start       ] GC(2248) Pause Young (Allocation Failure)
[16.773s][debug][gc,age         ] GC(2248) Desired survivor size 1114112 bytes, new threshold 1 (max threshold 15)
[16.773s][info ][gc,heap        ] GC(2248) DefNew: 17140K->1955K(19648K)
[16.773s][info ][gc,heap        ] GC(2248) Tenured: 5490K->5880K(43712K)
[16.773s][info ][gc,metaspace   ] GC(2248) Metaspace: 16404K->16404K(1064960K)
[16.773s][info ][gc             ] GC(2248) Pause Young (Allocation Failure) 22M->7M(61M) 0.635ms
[16.773s][info ][gc,cpu         ] GC(2248) User=0.00s Sys=0.00s Real=0.00s
[16.774s][info ][gc,start       ] GC(2249) Pause Young (Allocation Failure)
[16.775s][debug][gc,age         ] GC(2249) Desired survivor size 1114112 bytes, new threshold 1 (max threshold 15)
[16.775s][info ][gc,heap        ] GC(2249) DefNew: 19096K->1955K(19648K)
[16.775s][info ][gc,heap        ] GC(2249) Tenured: 5880K->6272K(43712K)
[16.775s][info ][gc,metaspace   ] GC(2249) Metaspace: 16404K->16404K(1064960K)
[16.775s][info ][gc             ] GC(2249) Pause Young (Allocation Failure) 24M->8M(61M) 0.569ms
[16.775s][info ][gc,cpu         ] GC(2249) User=0.00s Sys=0.00s Real=0.00s
[16.776s][info ][gc,start       ] GC(2250) Pause Young (Allocation Failure)
[16.777s][debug][gc,age         ] GC(2250) Desired survivor size 1114112 bytes, new threshold 1 (max threshold 15)
[16.777s][info ][gc,heap        ] GC(2250) DefNew: 19096K->1955K(19648K)
[16.777s][info ][gc,heap        ] GC(2250) Tenured: 6272K->7053K(43712K)
[16.777s][info ][gc,metaspace   ] GC(2250) Metaspace: 16404K->16404K(1064960K)
[16.777s][info ][gc             ] GC(2250) Pause Young (Allocation Failure) 24M->8M(61M) 0.764ms
[16.777s][info ][gc,cpu         ] GC(2250) User=0.00s Sys=0.00s Real=0.00s
[16.778s][info ][gc,start       ] GC(2251) Pause Young (Allocation Failure)
[16.779s][debug][gc,age         ] GC(2251) Desired survivor size 1114112 bytes, new threshold 1 (max threshold 15)
[16.779s][info ][gc,heap        ] GC(2251) DefNew: 19096K->1955K(19648K)
[16.779s][info ][gc,heap        ] GC(2251) Tenured: 7053K->7053K(43712K)
[16.779s][info ][gc,metaspace   ] GC(2251) Metaspace: 16404K->16404K(1064960K)
[16.779s][info ][gc             ] GC(2251) Pause Young (Allocation Failure) 25M->8M(61M) 0.537ms
[16.779s][info ][gc,cpu         ] GC(2251) User=0.01s Sys=0.00s Real=0.00s
[16.780s][info ][gc,start       ] GC(2252) Pause Young (Allocation Failure)
[16.781s][debug][gc,age         ] GC(2252) Desired survivor size 1114112 bytes, new threshold 1 (max threshold 15)
[16.781s][info ][gc,heap        ] GC(2252) DefNew: 19052K->1955K(19648K)
[16.781s][info ][gc,heap        ] GC(2252) Tenured: 7053K->7053K(43712K)
[16.781s][info ][gc,metaspace   ] GC(2252) Metaspace: 16404K->16404K(1064960K)
[16.781s][info ][gc             ] GC(2252) Pause Young (Allocation Failure) 25M->8M(61M) 0.700ms
[16.781s][info ][gc,cpu         ] GC(2252) User=0.00s Sys=0.00s Real=0.00s
[16.783s][info ][gc,start       ] GC(2253) Pause Young (Allocation Failure)
[16.783s][debug][gc,age         ] GC(2253) Desired survivor size 1114112 bytes, new threshold 1 (max threshold 15)
[16.783s][info ][gc,heap        ] GC(2253) DefNew: 19111K->1955K(19648K)
[16.783s][info ][gc,heap        ] GC(2253) Tenured: 7053K->7834K(43712K)
[16.783s][info ][gc,metaspace   ] GC(2253) Metaspace: 16404K->16404K(1064960K)
[16.783s][info ][gc             ] GC(2253) Pause Young (Allocation Failure) 25M->9M(61M) 0.609ms
[16.783s][info ][gc,cpu         ] GC(2253) User=0.00s Sys=0.00s Real=0.00s
[16.785s][info ][gc,start       ] GC(2254) Pause Young (Allocation Failure)
[16.785s][debug][gc,age         ] GC(2254) Desired survivor size 1114112 bytes, new threshold 1 (max threshold 15)
[16.785s][info ][gc,heap        ] GC(2254) DefNew: 19105K->1955K(19648K)
[16.785s][info ][gc,heap        ] GC(2254) Tenured: 7834K->8225K(43712K)
[16.785s][info ][gc,metaspace   ] GC(2254) Metaspace: 16404K->16404K(1064960K)
[16.785s][info ][gc             ] GC(2254) Pause Young (Allocation Failure) 26M->9M(61M) 0.668ms
[16.785s][info ][gc,cpu         ] GC(2254) User=0.00s Sys=0.00s Real=0.00s
[16.787s][info ][gc,start       ] GC(2255) Pause Young (Allocation Failure)
[16.787s][debug][gc,age         ] GC(2255) Desired survivor size 1114112 bytes, new threshold 1 (max threshold 15)
[16.787s][info ][gc,heap        ] GC(2255) DefNew: 19102K->1955K(19648K)
[16.787s][info ][gc,heap        ] GC(2255) Tenured: 8225K->8616K(43712K)
[16.787s][info ][gc,metaspace   ] GC(2255) Metaspace: 16404K->16404K(1064960K)
[16.787s][info ][gc             ] GC(2255) Pause Young (Allocation Failure) 26M->10M(61M) 0.670ms
[16.787s][info ][gc,cpu         ] GC(2255) User=0.00s Sys=0.00s Real=0.00s
[16.789s][info ][gc,start       ] GC(2256) Pause Young (Allocation Failure)
[16.789s][debug][gc,age         ] GC(2256) Desired survivor size 1114112 bytes, new threshold 1 (max threshold 15)
[16.789s][info ][gc,heap        ] GC(2256) DefNew: 19100K->1564K(19648K)
[16.789s][info ][gc,heap        ] GC(2256) Tenured: 8616K->8616K(43712K)
[16.789s][info ][gc,metaspace   ] GC(2256) Metaspace: 16404K->16404K(1064960K)
[16.789s][info ][gc             ] GC(2256) Pause Young (Allocation Failure) 27M->9M(61M) 0.508ms
[16.789s][info ][gc,cpu         ] GC(2256) User=0.00s Sys=0.00s Real=0.00s
[16.790s][info ][gc,start       ] GC(2257) Pause Young (Allocation Failure)
[16.791s][debug][gc,age         ] GC(2257) Desired survivor size 1114112 bytes, new threshold 1 (max threshold 15)
[16.791s][info ][gc,heap        ] GC(2257) DefNew: 18708K->1564K(19648K)
[16.791s][info ][gc,heap        ] GC(2257) Tenured: 8616K->8616K(43712K)
[16.791s][info ][gc,metaspace   ] GC(2257) Metaspace: 16404K->16404K(1064960K)
[16.791s][info ][gc             ] GC(2257) Pause Young (Allocation Failure) 26M->9M(61M) 0.470ms
[16.791s][info ][gc,cpu         ] GC(2257) User=0.00s Sys=0.00s Real=0.00s
[16.792s][info ][gc,start       ] GC(2258) Pause Young (Allocation Failure)
[16.793s][debug][gc,age         ] GC(2258) Desired survivor size 1114112 bytes, new threshold 1 (max threshold 15)
[16.793s][info ][gc,heap        ] GC(2258) DefNew: 18706K->1955K(19648K)
[16.793s][info ][gc,heap        ] GC(2258) Tenured: 8616K->9007K(43712K)
[16.793s][info ][gc,metaspace   ] GC(2258) Metaspace: 16404K->16404K(1064960K)
[16.793s][info ][gc             ] GC(2258) Pause Young (Allocation Failure) 26M->10M(61M) 0.538ms
[16.793s][info ][gc,cpu         ] GC(2258) User=0.01s Sys=0.00s Real=0.00s
[16.794s][info ][gc,start       ] GC(2259) Pause Young (Allocation Failure)
[16.795s][debug][gc,age         ] GC(2259) Desired survivor size 1114112 bytes, new threshold 1 (max threshold 15)
[16.795s][info ][gc,heap        ] GC(2259) DefNew: 19097K->1955K(19648K)
[16.795s][info ][gc,heap        ] GC(2259) Tenured: 9007K->9397K(43712K)
[16.795s][info ][gc,metaspace   ] GC(2259) Metaspace: 16404K->16404K(1064960K)
[16.795s][info ][gc             ] GC(2259) Pause Young (Allocation Failure) 27M->11M(61M) 0.566ms
[16.795s][info ][gc,cpu         ] GC(2259) User=0.00s Sys=0.00s Real=0.00s
[16.796s][info ][gc,start       ] GC(2260) Pause Young (Allocation Failure)
[16.797s][debug][gc,age         ] GC(2260) Desired survivor size 1114112 bytes, new threshold 1 (max threshold 15)
[16.797s][info ][gc,heap        ] GC(2260) DefNew: 19096K->1955K(19648K)
[16.797s][info ][gc,heap        ] GC(2260) Tenured: 9397K->9788K(43712K)
[16.797s][info ][gc,metaspace   ] GC(2260) Metaspace: 16404K->16404K(1064960K)
[16.797s][info ][gc             ] GC(2260) Pause Young (Allocation Failure) 27M->11M(61M) 0.916ms
[16.797s][info ][gc,cpu         ] GC(2260) User=0.00s Sys=0.00s Real=0.00s
[16.799s][info ][gc,start       ] GC(2261) Pause Young (Allocation Failure)
[16.799s][debug][gc,age         ] GC(2261) Desired survivor size 1114112 bytes, new threshold 1 (max threshold 15)
[16.799s][info ][gc,heap        ] GC(2261) DefNew: 19096K->1955K(19648K)
[16.799s][info ][gc,heap        ] GC(2261) Tenured: 9788K->10570K(43712K)
[16.799s][info ][gc,metaspace   ] GC(2261) Metaspace: 16404K->16404K(1064960K)
[16.799s][info ][gc             ] GC(2261) Pause Young (Allocation Failure) 28M->12M(61M) 0.665ms
[16.799s][info ][gc,cpu         ] GC(2261) User=0.00s Sys=0.00s Real=0.01s
[16.801s][info ][gc,start       ] GC(2262) Pause Young (Allocation Failure)
[16.801s][debug][gc,age         ] GC(2262) Desired survivor size 1114112 bytes, new threshold 1 (max threshold 15)
[16.801s][info ][gc,heap        ] GC(2262) DefNew: 19096K->1955K(19648K)
[16.801s][info ][gc,heap        ] GC(2262) Tenured: 10570K->11741K(43712K)
[16.801s][info ][gc,metaspace   ] GC(2262) Metaspace: 16404K->16404K(1064960K)
[16.801s][info ][gc             ] GC(2262) Pause Young (Allocation Failure) 28M->13M(61M) 0.697ms
[16.801s][info ][gc,cpu         ] GC(2262) User=0.00s Sys=0.00s Real=0.00s
[16.803s][info ][gc,start       ] GC(2263) Pause Young (Allocation Failure)
[16.803s][debug][gc,age         ] GC(2263) Desired survivor size 1114112 bytes, new threshold 1 (max threshold 15)
[16.803s][info ][gc,heap        ] GC(2263) DefNew: 19096K->1955K(19648K)
[16.803s][info ][gc,heap        ] GC(2263) Tenured: 11741K->11741K(43712K)
[16.803s][info ][gc,metaspace   ] GC(2263) Metaspace: 16404K->16404K(1064960K)
[16.803s][info ][gc             ] GC(2263) Pause Young (Allocation Failure) 30M->13M(61M) 0.521ms
[16.803s][info ][gc,cpu         ] GC(2263) User=0.00s Sys=0.00s Real=0.00s
[16.805s][info ][gc,start       ] GC(2264) Pause Young (Allocation Failure)
[16.805s][debug][gc,age         ] GC(2264) Desired survivor size 1114112 bytes, new threshold 1 (max threshold 15)
[16.805s][info ][gc,heap        ] GC(2264) DefNew: 19096K->1955K(19648K)
[16.805s][info ][gc,heap        ] GC(2264) Tenured: 11741K->12523K(43712K)
[16.805s][info ][gc,metaspace   ] GC(2264) Metaspace: 16404K->16404K(1064960K)
[16.805s][info ][gc             ] GC(2264) Pause Young (Allocation Failure) 30M->14M(61M) 0.604ms
[16.805s][info ][gc,cpu         ] GC(2264) User=0.00s Sys=0.00s Real=0.00s
[16.807s][info ][gc,start       ] GC(2265) Pause Young (Allocation Failure)
[16.807s][debug][gc,age         ] GC(2265) Desired survivor size 1114112 bytes, new threshold 1 (max threshold 15)
[16.807s][info ][gc,heap        ] GC(2265) DefNew: 19096K->1955K(19648K)
[16.807s][info ][gc,heap        ] GC(2265) Tenured: 12523K->12913K(43712K)
[16.807s][info ][gc,metaspace   ] GC(2265) Metaspace: 16404K->16404K(1064960K)
[16.807s][info ][gc             ] GC(2265) Pause Young (Allocation Failure) 30M->14M(61M) 0.566ms
[16.807s][info ][gc,cpu         ] GC(2265) User=0.00s Sys=0.00s Real=0.00s
[16.809s][info ][gc,start       ] GC(2266) Pause Young (Allocation Failure)
[16.809s][debug][gc,age         ] GC(2266) Desired survivor size 1114112 bytes, new threshold 1 (max threshold 15)
[16.809s][info ][gc,heap        ] GC(2266) DefNew: 19096K->1955K(19648K)
[16.809s][info ][gc,heap        ] GC(2266) Tenured: 12913K->13304K(43712K)
[16.809s][info ][gc,metaspace   ] GC(2266) Metaspace: 16404K->16404K(1064960K)
[16.809s][info ][gc             ] GC(2266) Pause Young (Allocation Failure) 31M->14M(61M) 0.577ms
[16.809s][info ][gc,cpu         ] GC(2266) User=0.00s Sys=0.00s Real=0.00s
[16.810s][info ][gc,start       ] GC(2267) Pause Young (Allocation Failure)
[16.811s][debug][gc,age         ] GC(2267) Desired survivor size 1114112 bytes, new threshold 1 (max threshold 15)
[16.811s][info ][gc,heap        ] GC(2267) DefNew: 19096K->1955K(19648K)
[16.811s][info ][gc,heap        ] GC(2267) Tenured: 13304K->13304K(43712K)
[16.811s][info ][gc,metaspace   ] GC(2267) Metaspace: 16404K->16404K(1064960K)
[16.811s][info ][gc             ] GC(2267) Pause Young (Allocation Failure) 31M->14M(61M) 0.508ms
[16.811s][info ][gc,cpu         ] GC(2267) User=0.00s Sys=0.00s Real=0.00s
[16.812s][info ][gc,start       ] GC(2268) Pause Young (Allocation Failure)
[16.813s][debug][gc,age         ] GC(2268) Desired survivor size 1114112 bytes, new threshold 1 (max threshold 15)
[16.813s][info ][gc,heap        ] GC(2268) DefNew: 19096K->1955K(19648K)
[16.813s][info ][gc,heap        ] GC(2268) Tenured: 13304K->14085K(43712K)
[16.813s][info ][gc,metaspace   ] GC(2268) Metaspace: 16404K->16404K(1064960K)
[16.813s][info ][gc             ] GC(2268) Pause Young (Allocation Failure) 31M->15M(61M) 0.576ms
[16.813s][info ][gc,cpu         ] GC(2268) User=0.00s Sys=0.00s Real=0.00s
[16.814s][info ][gc,start       ] GC(2269) Pause Young (Allocation Failure)
[16.815s][debug][gc,age         ] GC(2269) Desired survivor size 1114112 bytes, new threshold 1 (max threshold 15)
[16.815s][info ][gc,heap        ] GC(2269) DefNew: 19096K->1955K(19648K)
[16.815s][info ][gc,heap        ] GC(2269) Tenured: 14085K->14476K(43712K)
[16.815s][info ][gc,metaspace   ] GC(2269) Metaspace: 16404K->16404K(1064960K)
[16.815s][info ][gc             ] GC(2269) Pause Young (Allocation Failure) 32M->16M(61M) 0.869ms
[16.815s][info ][gc,cpu         ] GC(2269) User=0.00s Sys=0.00s Real=0.00s
[16.816s][info ][gc,start       ] GC(2270) Pause Young (Allocation Failure)
[16.817s][debug][gc,age         ] GC(2270) Desired survivor size 1114112 bytes, new threshold 1 (max threshold 15)
[16.817s][info ][gc,heap        ] GC(2270) DefNew: 19048K->1955K(19648K)
[16.817s][info ][gc,heap        ] GC(2270) Tenured: 14476K->14476K(43712K)
[16.817s][info ][gc,metaspace   ] GC(2270) Metaspace: 16404K->16404K(1064960K)
[16.817s][info ][gc             ] GC(2270) Pause Young (Allocation Failure) 32M->16M(61M) 0.946ms
[16.817s][info ][gc,cpu         ] GC(2270) User=0.00s Sys=0.00s Real=0.00s
[16.819s][info ][gc,start       ] GC(2271) Pause Young (Allocation Failure)
[16.819s][debug][gc,age         ] GC(2271) Desired survivor size 1114112 bytes, new threshold 1 (max threshold 15)
[16.819s][info ][gc,heap        ] GC(2271) DefNew: 19112K->1955K(19648K)
[16.819s][info ][gc,heap        ] GC(2271) Tenured: 14476K->15648K(43712K)
[16.819s][info ][gc,metaspace   ] GC(2271) Metaspace: 16404K->16404K(1064960K)
[16.819s][info ][gc             ] GC(2271) Pause Young (Allocation Failure) 32M->17M(61M) 0.648ms
[16.819s][info ][gc,cpu         ] GC(2271) User=0.00s Sys=0.00s Real=0.01s
[16.821s][info ][gc,start       ] GC(2272) Pause Young (Allocation Failure)
[16.821s][debug][gc,age         ] GC(2272) Desired survivor size 1114112 bytes, new threshold 1 (max threshold 15)
[16.821s][info ][gc,heap        ] GC(2272) DefNew: 19107K->1955K(19648K)
[16.821s][info ][gc,heap        ] GC(2272) Tenured: 15648K->16430K(43712K)
[16.821s][info ][gc,metaspace   ] GC(2272) Metaspace: 16404K->16404K(1064960K)
[16.821s][info ][gc             ] GC(2272) Pause Young (Allocation Failure) 33M->17M(61M) 0.623ms
[16.821s][info ][gc,cpu         ] GC(2272) User=0.00s Sys=0.00s Real=0.00s
[16.823s][info ][gc,start       ] GC(2273) Pause Young (Allocation Failure)
[16.823s][debug][gc,age         ] GC(2273) Desired survivor size 1114112 bytes, new threshold 1 (max threshold 15)
[16.823s][info ][gc,heap        ] GC(2273) DefNew: 19103K->1564K(19648K)
[16.823s][info ][gc,heap        ] GC(2273) Tenured: 16430K->16430K(43712K)
[16.823s][info ][gc,metaspace   ] GC(2273) Metaspace: 16404K->16404K(1064960K)
[16.823s][info ][gc             ] GC(2273) Pause Young (Allocation Failure) 34M->17M(61M) 0.479ms
[16.823s][info ][gc,cpu         ] GC(2273) User=0.00s Sys=0.00s Real=0.00s
[16.824s][info ][gc,start       ] GC(2274) Pause Young (Allocation Failure)
[16.825s][debug][gc,age         ] GC(2274) Desired survivor size 1114112 bytes, new threshold 1 (max threshold 15)
[16.825s][info ][gc,heap        ] GC(2274) DefNew: 18709K->1955K(19648K)
[16.825s][info ][gc,heap        ] GC(2274) Tenured: 16430K->17211K(43712K)
[16.825s][info ][gc,metaspace   ] GC(2274) Metaspace: 16404K->16404K(1064960K)
[16.825s][info ][gc             ] GC(2274) Pause Young (Allocation Failure) 34M->18M(61M) 0.601ms
[16.825s][info ][gc,cpu         ] GC(2274) User=0.00s Sys=0.00s Real=0.00s
[16.826s][info ][gc,start       ] GC(2275) Pause Young (Allocation Failure)
[16.827s][debug][gc,age         ] GC(2275) Desired survivor size 1114112 bytes, new threshold 1 (max threshold 15)
[16.827s][info ][gc,heap        ] GC(2275) DefNew: 19098K->1955K(19648K)
[16.827s][info ][gc,heap        ] GC(2275) Tenured: 17211K->17211K(43712K)
[16.827s][info ][gc,metaspace   ] GC(2275) Metaspace: 16404K->16404K(1064960K)
[16.827s][info ][gc             ] GC(2275) Pause Young (Allocation Failure) 35M->18M(61M) 0.596ms
[16.827s][info ][gc,cpu         ] GC(2275) User=0.00s Sys=0.00s Real=0.00s
[16.828s][info ][gc,start       ] GC(2276) Pause Young (Allocation Failure)
[16.829s][debug][gc,age         ] GC(2276) Desired survivor size 1114112 bytes, new threshold 1 (max threshold 15)
[16.829s][info ][gc,heap        ] GC(2276) DefNew: 19097K->1955K(19648K)
[16.829s][info ][gc,heap        ] GC(2276) Tenured: 17211K->18383K(43712K)
[16.829s][info ][gc,metaspace   ] GC(2276) Metaspace: 16404K->16404K(1064960K)
[16.829s][info ][gc             ] GC(2276) Pause Young (Allocation Failure) 35M->19M(61M) 0.831ms
[16.829s][info ][gc,cpu         ] GC(2276) User=0.00s Sys=0.00s Real=0.00s
[16.831s][info ][gc,start       ] GC(2277) Pause Young (Allocation Failure)
[16.832s][debug][gc,age         ] GC(2277) Desired survivor size 1114112 bytes, new threshold 1 (max threshold 15)
[16.832s][info ][gc,heap        ] GC(2277) DefNew: 19097K->1955K(19648K)
[16.832s][info ][gc,heap        ] GC(2277) Tenured: 18383K->18774K(43712K)
[16.832s][info ][gc,metaspace   ] GC(2277) Metaspace: 16404K->16404K(1064960K)
[16.832s][info ][gc             ] GC(2277) Pause Young (Allocation Failure) 36M->20M(61M) 0.697ms
[16.832s][info ][gc,cpu         ] GC(2277) User=0.00s Sys=0.00s Real=0.00s
[16.833s][info ][gc,start       ] GC(2278) Pause Young (Allocation Failure)
[16.834s][debug][gc,age         ] GC(2278) Desired survivor size 1114112 bytes, new threshold 1 (max threshold 15)
[16.834s][info ][gc,heap        ] GC(2278) DefNew: 19096K->1955K(19648K)
[16.834s][info ][gc,heap        ] GC(2278) Tenured: 18774K->19165K(43712K)
[16.834s][info ][gc,metaspace   ] GC(2278) Metaspace: 16404K->16404K(1064960K)
[16.834s][info ][gc             ] GC(2278) Pause Young (Allocation Failure) 36M->20M(61M) 0.597ms
[16.834s][info ][gc,cpu         ] GC(2278) User=0.00s Sys=0.00s Real=0.00s
[16.835s][info ][gc,start       ] GC(2279) Pause Young (Allocation Failure)
[16.836s][debug][gc,age         ] GC(2279) Desired survivor size 1114112 bytes, new threshold 1 (max threshold 15)
[16.836s][info ][gc,heap        ] GC(2279) DefNew: 19096K->1955K(19648K)
[16.836s][info ][gc,heap        ] GC(2279) Tenured: 19165K->20727K(43712K)
[16.836s][info ][gc,metaspace   ] GC(2279) Metaspace: 16404K->16404K(1064960K)
[16.836s][info ][gc             ] GC(2279) Pause Young (Allocation Failure) 37M->22M(61M) 0.692ms
[16.836s][info ][gc,cpu         ] GC(2279) User=0.00s Sys=0.00s Real=0.00s
[16.837s][info ][gc,start       ] GC(2280) Pause Young (Allocation Failure)
[16.838s][debug][gc,age         ] GC(2280) Desired survivor size 1114112 bytes, new threshold 1 (max threshold 15)
[16.838s][info ][gc,heap        ] GC(2280) DefNew: 19096K->1564K(19648K)
[16.838s][info ][gc,heap        ] GC(2280) Tenured: 20727K->21118K(43712K)
[16.838s][info ][gc,metaspace   ] GC(2280) Metaspace: 16404K->16404K(1064960K)
[16.838s][info ][gc             ] GC(2280) Pause Young (Allocation Failure) 38M->22M(61M) 0.771ms
[16.838s][info ][gc,cpu         ] GC(2280) User=0.00s Sys=0.00s Real=0.00s
[16.839s][info ][gc,start       ] GC(2281) Pause Young (Allocation Failure)
[16.840s][debug][gc,age         ] GC(2281) Desired survivor size 1114112 bytes, new threshold 1 (max threshold 15)
[16.840s][info ][gc,heap        ] GC(2281) DefNew: 18705K->1955K(19648K)
[16.840s][info ][gc,heap        ] GC(2281) Tenured: 21118K->21509K(43712K)
[16.840s][info ][gc,metaspace   ] GC(2281) Metaspace: 16404K->16404K(1064960K)
[16.840s][info ][gc             ] GC(2281) Pause Young (Allocation Failure) 38M->22M(61M) 0.632ms
[16.840s][info ][gc,cpu         ] GC(2281) User=0.00s Sys=0.00s Real=0.01s
[16.841s][info ][gc,start       ] GC(2282) Pause Young (Allocation Failure)
[16.842s][debug][gc,age         ] GC(2282) Desired survivor size 1114112 bytes, new threshold 1 (max threshold 15)
[16.842s][info ][gc,heap        ] GC(2282) DefNew: 19096K->1955K(19648K)
[16.842s][info ][gc,heap        ] GC(2282) Tenured: 21509K->22681K(43712K)
[16.842s][info ][gc,metaspace   ] GC(2282) Metaspace: 16404K->16404K(1064960K)
[16.842s][info ][gc             ] GC(2282) Pause Young (Allocation Failure) 39M->24M(61M) 0.901ms
[16.842s][info ][gc,cpu         ] GC(2282) User=0.00s Sys=0.00s Real=0.00s
[16.843s][info ][gc,start       ] GC(2283) Pause Young (Allocation Failure)
[16.844s][debug][gc,age         ] GC(2283) Desired survivor size 1114112 bytes, new threshold 1 (max threshold 15)
[16.844s][info ][gc,heap        ] GC(2283) DefNew: 19096K->1955K(19648K)
[16.844s][info ][gc,heap        ] GC(2283) Tenured: 22681K->23853K(43712K)
[16.844s][info ][gc,metaspace   ] GC(2283) Metaspace: 16404K->16404K(1064960K)
[16.844s][info ][gc             ] GC(2283) Pause Young (Allocation Failure) 40M->25M(61M) 0.662ms
[16.844s][info ][gc,cpu         ] GC(2283) User=0.00s Sys=0.00s Real=0.00s
[16.845s][info ][gc,start       ] GC(2284) Pause Young (Allocation Failure)
[16.846s][debug][gc,age         ] GC(2284) Desired survivor size 1114112 bytes, new threshold 1 (max threshold 15)
[16.846s][info ][gc,heap        ] GC(2284) DefNew: 19095K->1564K(19648K)
[16.846s][info ][gc,heap        ] GC(2284) Tenured: 23853K->23853K(43712K)
[16.846s][info ][gc,metaspace   ] GC(2284) Metaspace: 16404K->16404K(1064960K)
[16.846s][info ][gc             ] GC(2284) Pause Young (Allocation Failure) 41M->24M(61M) 0.641ms
[16.846s][info ][gc,cpu         ] GC(2284) User=0.00s Sys=0.00s Real=0.00s
[16.848s][info ][gc,start       ] GC(2285) Pause Young (Allocation Failure)
[16.848s][debug][gc,age         ] GC(2285) Desired survivor size 1114112 bytes, new threshold 1 (max threshold 15)
[16.848s][info ][gc,heap        ] GC(2285) DefNew: 18659K->1955K(19648K)
[16.848s][info ][gc,heap        ] GC(2285) Tenured: 23853K->25025K(43712K)
[16.848s][info ][gc,metaspace   ] GC(2285) Metaspace: 16404K->16404K(1064960K)
[16.848s][info ][gc             ] GC(2285) Pause Young (Allocation Failure) 41M->26M(61M) 0.752ms
[16.848s][info ][gc,cpu         ] GC(2285) User=0.00s Sys=0.00s Real=0.00s
[16.850s][info ][gc,start       ] GC(2286) Pause Young (Allocation Failure)
[16.850s][debug][gc,age         ] GC(2286) Desired survivor size 1114112 bytes, new threshold 1 (max threshold 15)
[16.850s][info ][gc,heap        ] GC(2286) DefNew: 19112K->1955K(19648K)
[16.850s][info ][gc,heap        ] GC(2286) Tenured: 25025K->25416K(43712K)
[16.850s][info ][gc,metaspace   ] GC(2286) Metaspace: 16404K->16404K(1064960K)
[16.850s][info ][gc             ] GC(2286) Pause Young (Allocation Failure) 43M->26M(61M) 0.624ms
[16.850s][info ][gc,cpu         ] GC(2286) User=0.01s Sys=0.00s Real=0.00s
[16.852s][info ][gc,start       ] GC(2287) Pause Young (Allocation Failure)
[16.852s][debug][gc,age         ] GC(2287) Desired survivor size 1114112 bytes, new threshold 1 (max threshold 15)
[16.852s][info ][gc,heap        ] GC(2287) DefNew: 19412K->1954K(19648K)
[16.852s][info ][gc,heap        ] GC(2287) Tenured: 25416K->25807K(43712K)
[16.852s][info ][gc,metaspace   ] GC(2287) Metaspace: 16404K->16404K(1064960K)
[16.852s][info ][gc             ] GC(2287) Pause Young (Allocation Failure) 43M->27M(61M) 0.678ms
[16.852s][info ][gc,cpu         ] GC(2287) User=0.00s Sys=0.00s Real=0.00s
[16.854s][info ][gc,start       ] GC(2288) Pause Young (Allocation Failure)
[16.854s][debug][gc,age         ] GC(2288) Desired survivor size 1114112 bytes, new threshold 1 (max threshold 15)
[16.854s][info ][gc,heap        ] GC(2288) DefNew: 19078K->1955K(19648K)
[16.854s][info ][gc,heap        ] GC(2288) Tenured: 25807K->26198K(43712K)
[16.854s][info ][gc,metaspace   ] GC(2288) Metaspace: 16404K->16404K(1064960K)
[16.854s][info ][gc             ] GC(2288) Pause Young (Allocation Failure) 43M->27M(61M) 0.662ms
[16.854s][info ][gc,cpu         ] GC(2288) User=0.00s Sys=0.00s Real=0.00s
[16.856s][info ][gc,start       ] GC(2289) Pause Young (Allocation Failure)
[16.856s][debug][gc,age         ] GC(2289) Desired survivor size 1114112 bytes, new threshold 1 (max threshold 15)
[16.856s][info ][gc,heap        ] GC(2289) DefNew: 19138K->1955K(19648K)
[16.856s][info ][gc,heap        ] GC(2289) Tenured: 26198K->26589K(43712K)
[16.856s][info ][gc,metaspace   ] GC(2289) Metaspace: 16404K->16404K(1064960K)
[16.856s][info ][gc             ] GC(2289) Pause Young (Allocation Failure) 44M->27M(61M) 0.569ms
[16.856s][info ][gc,cpu         ] GC(2289) User=0.00s Sys=0.00s Real=0.00s
[16.858s][info ][gc,start       ] GC(2290) Pause Young (Allocation Failure)
[16.858s][debug][gc,age         ] GC(2290) Desired survivor size 1114112 bytes, new threshold 1 (max threshold 15)
[16.858s][info ][gc,heap        ] GC(2290) DefNew: 19123K->1564K(19648K)
[16.858s][info ][gc,heap        ] GC(2290) Tenured: 26589K->26980K(43712K)
[16.858s][info ][gc,metaspace   ] GC(2290) Metaspace: 16404K->16404K(1064960K)
[16.858s][info ][gc             ] GC(2290) Pause Young (Allocation Failure) 44M->27M(61M) 0.555ms
[16.858s][info ][gc,cpu         ] GC(2290) User=0.00s Sys=0.00s Real=0.00s
[16.859s][info ][gc,start       ] GC(2291) Pause Young (Allocation Failure)
[16.860s][debug][gc,age         ] GC(2291) Desired survivor size 1114112 bytes, new threshold 1 (max threshold 15)
[16.860s][info ][gc,heap        ] GC(2291) DefNew: 18680K->1955K(19648K)
[16.860s][info ][gc,heap        ] GC(2291) Tenured: 26980K->28152K(43712K)
[16.860s][info ][gc,metaspace   ] GC(2291) Metaspace: 16404K->16404K(1064960K)
[16.860s][info ][gc             ] GC(2291) Pause Young (Allocation Failure) 44M->29M(61M) 0.817ms
[16.860s][info ][gc,cpu         ] GC(2291) User=0.00s Sys=0.00s Real=0.00s
[16.862s][info ][gc,start       ] GC(2292) Pause Young (Allocation Failure)
[16.862s][debug][gc,age         ] GC(2292) Desired survivor size 1114112 bytes, new threshold 1 (max threshold 15)
[16.862s][info ][gc,heap        ] GC(2292) DefNew: 19078K->1955K(19648K)
[16.862s][info ][gc,heap        ] GC(2292) Tenured: 28152K->28933K(43712K)
[16.862s][info ][gc,metaspace   ] GC(2292) Metaspace: 16404K->16404K(1064960K)
[16.862s][info ][gc             ] GC(2292) Pause Young (Allocation Failure) 46M->30M(61M) 0.590ms
[16.862s][info ][gc,cpu         ] GC(2292) User=0.00s Sys=0.00s Real=0.00s
[16.863s][info ][gc,start       ] GC(2293) Pause Young (Allocation Failure)
[16.864s][debug][gc,age         ] GC(2293) Desired survivor size 1114112 bytes, new threshold 1 (max threshold 15)
[16.864s][info ][gc,heap        ] GC(2293) DefNew: 19087K->1564K(19648K)
[16.864s][info ][gc,heap        ] GC(2293) Tenured: 28933K->28934K(43712K)
[16.864s][info ][gc,metaspace   ] GC(2293) Metaspace: 16404K->16404K(1064960K)
[16.864s][info ][gc             ] GC(2293) Pause Young (Allocation Failure) 46M->29M(61M) 0.716ms
[16.864s][info ][gc,cpu         ] GC(2293) User=0.00s Sys=0.00s Real=0.00s
[16.866s][info ][gc,start       ] GC(2294) Pause Young (Allocation Failure)
[16.866s][debug][gc,age         ] GC(2294) Desired survivor size 1114112 bytes, new threshold 1 (max threshold 15)
[16.866s][info ][gc,heap        ] GC(2294) DefNew: 18646K->1564K(19648K)
[16.866s][info ][gc,heap        ] GC(2294) Tenured: 28934K->28934K(43712K)
[16.866s][info ][gc,metaspace   ] GC(2294) Metaspace: 16404K->16404K(1064960K)
[16.866s][info ][gc             ] GC(2294) Pause Young (Allocation Failure) 46M->29M(61M) 0.629ms
[16.866s][info ][gc,cpu         ] GC(2294) User=0.00s Sys=0.00s Real=0.00s
[16.868s][info ][gc,start       ] GC(2295) Pause Young (Allocation Failure)
[16.868s][debug][gc,age         ] GC(2295) Desired survivor size 1114112 bytes, new threshold 1 (max threshold 15)
[16.868s][info ][gc,heap        ] GC(2295) DefNew: 19020K->1564K(19648K)
[16.869s][info ][gc,heap        ] GC(2295) Tenured: 28934K->29325K(43712K)
[16.869s][info ][gc,metaspace   ] GC(2295) Metaspace: 16404K->16404K(1064960K)
[16.869s][info ][gc             ] GC(2295) Pause Young (Allocation Failure) 46M->30M(61M) 0.672ms
[16.869s][info ][gc,cpu         ] GC(2295) User=0.00s Sys=0.00s Real=0.00s
[16.870s][info ][gc,start       ] GC(2296) Pause Young (Allocation Failure)
[16.871s][debug][gc,age         ] GC(2296) Desired survivor size 1114112 bytes, new threshold 1 (max threshold 15)
[16.871s][info ][gc,heap        ] GC(2296) DefNew: 19036K->1954K(19648K)
[16.871s][info ][gc,heap        ] GC(2296) Tenured: 29325K->29326K(43712K)
[16.871s][info ][gc,metaspace   ] GC(2296) Metaspace: 16404K->16404K(1064960K)
[16.871s][info ][gc             ] GC(2296) Pause Young (Allocation Failure) 47M->30M(61M) 0.542ms
[16.871s][info ][gc,cpu         ] GC(2296) User=0.00s Sys=0.00s Real=0.00s
[16.872s][info ][gc,start       ] GC(2297) Pause Young (Allocation Failure)
[16.873s][debug][gc,age         ] GC(2297) Desired survivor size 1114112 bytes, new threshold 1 (max threshold 15)
[16.873s][info ][gc,heap        ] GC(2297) DefNew: 19114K->1955K(19648K)
[16.873s][info ][gc,heap        ] GC(2297) Tenured: 29326K->29717K(43712K)
[16.873s][info ][gc,metaspace   ] GC(2297) Metaspace: 16404K->16404K(1064960K)
[16.873s][info ][gc             ] GC(2297) Pause Young (Allocation Failure) 47M->30M(61M) 0.656ms
[16.873s][info ][gc,cpu         ] GC(2297) User=0.00s Sys=0.00s Real=0.00s
[16.874s][info ][gc,start       ] GC(2298) Pause Young (Allocation Failure)
[16.875s][debug][gc,age         ] GC(2298) Desired survivor size 1114112 bytes, new threshold 1 (max threshold 15)
[16.875s][info ][gc,heap        ] GC(2298) DefNew: 19173K->1955K(19648K)
[16.875s][info ][gc,heap        ] GC(2298) Tenured: 29717K->30889K(43712K)
[16.875s][info ][gc,metaspace   ] GC(2298) Metaspace: 16404K->16404K(1064960K)
[16.875s][info ][gc             ] GC(2298) Pause Young (Allocation Failure) 47M->32M(61M) 0.640ms
[16.875s][info ][gc,cpu         ] GC(2298) User=0.00s Sys=0.00s Real=0.00s
[16.876s][info ][gc,start       ] GC(2299) Pause Young (Allocation Failure)
[16.877s][debug][gc,age         ] GC(2299) Desired survivor size 1114112 bytes, new threshold 1 (max threshold 15)
[16.877s][info ][gc,heap        ] GC(2299) DefNew: 19146K->1955K(19648K)
[16.877s][info ][gc,heap        ] GC(2299) Tenured: 30889K->31670K(43712K)
[16.877s][info ][gc,metaspace   ] GC(2299) Metaspace: 16404K->16404K(1064960K)
[16.877s][info ][gc             ] GC(2299) Pause Young (Allocation Failure) 48M->32M(61M) 0.815ms
[16.877s][info ][gc,cpu         ] GC(2299) User=0.01s Sys=0.00s Real=0.00s
[16.878s][info ][gc,start       ] GC(2300) Pause Young (Allocation Failure)
[16.879s][debug][gc,age         ] GC(2300) Desired survivor size 1114112 bytes, new threshold 1 (max threshold 15)
[16.879s][info ][gc,heap        ] GC(2300) DefNew: 19128K->1955K(19648K)
[16.879s][info ][gc,heap        ] GC(2300) Tenured: 31670K->32061K(43712K)
[16.879s][info ][gc,metaspace   ] GC(2300) Metaspace: 16404K->16404K(1064960K)
[16.879s][info ][gc             ] GC(2300) Pause Young (Allocation Failure) 49M->33M(61M) 0.562ms
[16.879s][info ][gc,cpu         ] GC(2300) User=0.00s Sys=0.00s Real=0.00s
[16.881s][info ][gc,start       ] GC(2301) Pause Young (Allocation Failure)
[16.881s][debug][gc,age         ] GC(2301) Desired survivor size 1114112 bytes, new threshold 1 (max threshold 15)
[16.881s][info ][gc,heap        ] GC(2301) DefNew: 19116K->1955K(19648K)
[16.881s][info ][gc,heap        ] GC(2301) Tenured: 32061K->32452K(43712K)
[16.881s][info ][gc,metaspace   ] GC(2301) Metaspace: 16404K->16404K(1064960K)
[16.881s][info ][gc             ] GC(2301) Pause Young (Allocation Failure) 49M->33M(61M) 0.623ms
[16.881s][info ][gc,cpu         ] GC(2301) User=0.00s Sys=0.00s Real=0.00s
[16.883s][info ][gc,start       ] GC(2302) Pause Young (Allocation Failure)
[16.883s][debug][gc,age         ] GC(2302) Desired survivor size 1114112 bytes, new threshold 1 (max threshold 15)
[16.883s][info ][gc,heap        ] GC(2302) DefNew: 19109K->1955K(19648K)
[16.883s][info ][gc,heap        ] GC(2302) Tenured: 32452K->33623K(43712K)
[16.883s][info ][gc,metaspace   ] GC(2302) Metaspace: 16404K->16404K(1064960K)
[16.883s][info ][gc             ] GC(2302) Pause Young (Allocation Failure) 50M->34M(61M) 0.670ms
[16.883s][info ][gc,cpu         ] GC(2302) User=0.00s Sys=0.01s Real=0.00s
[16.885s][info ][gc,start       ] GC(2303) Pause Young (Allocation Failure)
[16.885s][debug][gc,age         ] GC(2303) Desired survivor size 1114112 bytes, new threshold 1 (max threshold 15)
[16.885s][info ][gc,heap        ] GC(2303) DefNew: 19104K->1955K(19648K)
[16.885s][info ][gc,heap        ] GC(2303) Tenured: 33623K->33624K(43712K)
[16.885s][info ][gc,metaspace   ] GC(2303) Metaspace: 16404K->16404K(1064960K)
[16.885s][info ][gc             ] GC(2303) Pause Young (Allocation Failure) 51M->34M(61M) 0.612ms
[16.885s][info ][gc,cpu         ] GC(2303) User=0.00s Sys=0.00s Real=0.00s
[16.887s][info ][gc,start       ] GC(2304) Pause Young (Allocation Failure)
[16.887s][debug][gc,age         ] GC(2304) Desired survivor size 1114112 bytes, new threshold 1 (max threshold 15)
[16.887s][info ][gc,heap        ] GC(2304) DefNew: 19060K->1955K(19648K)
[16.887s][info ][gc,heap        ] GC(2304) Tenured: 33624K->34405K(43712K)
[16.887s][info ][gc,metaspace   ] GC(2304) Metaspace: 16404K->16404K(1064960K)
[16.887s][info ][gc             ] GC(2304) Pause Young (Allocation Failure) 51M->35M(61M) 0.643ms
[16.887s][info ][gc,cpu         ] GC(2304) User=0.00s Sys=0.00s Real=0.00s
[16.889s][info ][gc,start       ] GC(2305) Pause Young (Allocation Failure)
[16.890s][debug][gc,age         ] GC(2305) Desired survivor size 1114112 bytes, new threshold 1 (max threshold 15)
[16.890s][info ][gc,heap        ] GC(2305) DefNew: 19113K->1955K(19648K)
[16.890s][info ][gc,heap        ] GC(2305) Tenured: 34405K->34405K(43712K)
[16.890s][info ][gc,metaspace   ] GC(2305) Metaspace: 16404K->16404K(1064960K)
[16.890s][info ][gc             ] GC(2305) Pause Young (Allocation Failure) 52M->35M(61M) 1.117ms
[16.890s][info ][gc,cpu         ] GC(2305) User=0.00s Sys=0.00s Real=0.01s
[16.891s][info ][gc,start       ] GC(2306) Pause Young (Allocation Failure)
[16.891s][debug][gc,age         ] GC(2306) Desired survivor size 1114112 bytes, new threshold 1 (max threshold 15)
[16.891s][info ][gc,heap        ] GC(2306) DefNew: 19107K->1564K(19648K)
[16.891s][info ][gc,heap        ] GC(2306) Tenured: 34405K->34405K(43712K)
[16.891s][info ][gc,metaspace   ] GC(2306) Metaspace: 16404K->16404K(1064960K)
[16.891s][info ][gc             ] GC(2306) Pause Young (Allocation Failure) 52M->35M(61M) 0.492ms
[16.891s][info ][gc,cpu         ] GC(2306) User=0.00s Sys=0.00s Real=0.00s
[16.893s][info ][gc,start       ] GC(2307) Pause Young (Allocation Failure)
[16.893s][debug][gc,age         ] GC(2307) Desired survivor size 1114112 bytes, new threshold 1 (max threshold 15)
[16.893s][info ][gc,heap        ] GC(2307) DefNew: 18712K->1955K(19648K)
[16.893s][info ][gc,heap        ] GC(2307) Tenured: 34405K->35187K(43712K)
[16.893s][info ][gc,metaspace   ] GC(2307) Metaspace: 16404K->16404K(1064960K)
[16.893s][info ][gc             ] GC(2307) Pause Young (Allocation Failure) 51M->36M(61M) 0.699ms
[16.893s][info ][gc,cpu         ] GC(2307) User=0.00s Sys=0.00s Real=0.00s
[16.895s][info ][gc,start       ] GC(2308) Pause Young (Allocation Failure)
[16.895s][debug][gc,age         ] GC(2308) Desired survivor size 1114112 bytes, new threshold 1 (max threshold 15)
[16.895s][info ][gc,heap        ] GC(2308) DefNew: 19100K->1564K(19648K)
[16.895s][info ][gc,heap        ] GC(2308) Tenured: 35187K->35187K(43712K)
[16.895s][info ][gc,metaspace   ] GC(2308) Metaspace: 16404K->16404K(1064960K)
[16.895s][info ][gc             ] GC(2308) Pause Young (Allocation Failure) 53M->35M(61M) 0.591ms
[16.895s][info ][gc,cpu         ] GC(2308) User=0.00s Sys=0.00s Real=0.00s
[16.897s][info ][gc,start       ] GC(2309) Pause Young (Allocation Failure)
[16.897s][debug][gc,age         ] GC(2309) Desired survivor size 1114112 bytes, new threshold 1 (max threshold 15)
[16.897s][info ][gc,heap        ] GC(2309) DefNew: 18708K->1955K(19648K)
[16.898s][info ][gc,heap        ] GC(2309) Tenured: 35187K->36359K(43712K)
[16.898s][info ][gc,metaspace   ] GC(2309) Metaspace: 16404K->16404K(1064960K)
[16.898s][info ][gc             ] GC(2309) Pause Young (Allocation Failure) 52M->37M(61M) 0.835ms
[16.898s][info ][gc,cpu         ] GC(2309) User=0.00s Sys=0.00s Real=0.00s
[16.899s][info ][gc,start       ] GC(2310) Pause Young (Allocation Failure)
[16.900s][debug][gc,age         ] GC(2310) Desired survivor size 1114112 bytes, new threshold 1 (max threshold 15)
[16.900s][info ][gc,heap        ] GC(2310) DefNew: 19098K->1955K(19648K)
[16.900s][info ][gc,heap        ] GC(2310) Tenured: 36359K->37140K(43712K)
[16.900s][info ][gc,metaspace   ] GC(2310) Metaspace: 16404K->16404K(1064960K)
[16.900s][info ][gc             ] GC(2310) Pause Young (Allocation Failure) 54M->38M(61M) 0.766ms
[16.900s][info ][gc,cpu         ] GC(2310) User=0.00s Sys=0.00s Real=0.01s
[16.901s][info ][gc,start       ] GC(2311) Pause Young (Allocation Failure)
[16.902s][debug][gc,age         ] GC(2311) Desired survivor size 1114112 bytes, new threshold 1 (max threshold 15)
[16.902s][info ][gc,heap        ] GC(2311) DefNew: 19097K->1955K(19648K)
[16.902s][info ][gc,heap        ] GC(2311) Tenured: 37140K->37531K(43712K)
[16.902s][info ][gc,metaspace   ] GC(2311) Metaspace: 16404K->16404K(1064960K)
[16.902s][info ][gc             ] GC(2311) Pause Young (Allocation Failure) 54M->38M(61M) 0.673ms
[16.902s][info ][gc,cpu         ] GC(2311) User=0.00s Sys=0.00s Real=0.00s
[16.903s][info ][gc,start       ] GC(2312) Pause Young (Allocation Failure)
[16.904s][debug][gc,age         ] GC(2312) Desired survivor size 1114112 bytes, new threshold 1 (max threshold 15)
[16.904s][info ][gc,heap        ] GC(2312) DefNew: 19096K->1955K(19648K)
[16.904s][info ][gc,heap        ] GC(2312) Tenured: 37531K->37921K(43712K)
[16.904s][info ][gc,metaspace   ] GC(2312) Metaspace: 16404K->16404K(1064960K)
[16.904s][info ][gc             ] GC(2312) Pause Young (Allocation Failure) 55M->38M(61M) 0.584ms
[16.904s][info ][gc,cpu         ] GC(2312) User=0.00s Sys=0.00s Real=0.00s
[16.905s][info ][gc,start       ] GC(2313) Pause Young (Allocation Failure)
[16.905s][debug][gc,age         ] GC(2313) Desired survivor size 1114112 bytes, new threshold 15 (max threshold 15)
[16.905s][info ][gc,heap        ] GC(2313) DefNew: 19096K->783K(19648K)
[16.905s][info ][gc,heap        ] GC(2313) Tenured: 37921K->37921K(43712K)
[16.905s][info ][gc,metaspace   ] GC(2313) Metaspace: 16404K->16404K(1064960K)
[16.905s][info ][gc             ] GC(2313) Pause Young (Allocation Failure) 55M->37M(61M) 0.431ms
[16.905s][info ][gc,cpu         ] GC(2313) User=0.00s Sys=0.00s Real=0.00s
[16.907s][info ][gc,start       ] GC(2314) Pause Young (Allocation Failure)
[16.907s][debug][gc,age         ] GC(2314) Desired survivor size 1114112 bytes, new threshold 1 (max threshold 15)
[16.907s][info ][gc,heap        ] GC(2314) DefNew: 17924K->1955K(19648K)
[16.907s][info ][gc,heap        ] GC(2314) Tenured: 37921K->37921K(43712K)
[16.907s][info ][gc,metaspace   ] GC(2314) Metaspace: 16404K->16404K(1064960K)
[16.907s][info ][gc             ] GC(2314) Pause Young (Allocation Failure) 54M->38M(61M) 0.615ms
[16.907s][info ][gc,cpu         ] GC(2314) User=0.00s Sys=0.00s Real=0.00s
[16.909s][info ][gc,start       ] GC(2315) Pause Young (Allocation Failure)
[16.909s][debug][gc,age         ] GC(2315) Desired survivor size 1114112 bytes, new threshold 1 (max threshold 15)
[16.909s][info ][gc,heap        ] GC(2315) DefNew: 19096K->1955K(19648K)
[16.909s][info ][gc,heap        ] GC(2315) Tenured: 37921K->38703K(43712K)
[16.909s][info ][gc,metaspace   ] GC(2315) Metaspace: 16404K->16404K(1064960K)
[16.909s][info ][gc             ] GC(2315) Pause Young (Allocation Failure) 55M->39M(61M) 0.662ms
[16.909s][info ][gc,cpu         ] GC(2315) User=0.00s Sys=0.00s Real=0.01s
[16.911s][info ][gc,start       ] GC(2316) Pause Young (Allocation Failure)
[16.911s][debug][gc,age         ] GC(2316) Desired survivor size 1114112 bytes, new threshold 1 (max threshold 15)
[16.911s][info ][gc,heap        ] GC(2316) DefNew: 19096K->1955K(19648K)
[16.911s][info ][gc,heap        ] GC(2316) Tenured: 38703K->39093K(43712K)
[16.911s][info ][gc,metaspace   ] GC(2316) Metaspace: 16404K->16404K(1064960K)
[16.911s][info ][gc             ] GC(2316) Pause Young (Allocation Failure) 56M->40M(61M) 0.689ms
[16.911s][info ][gc,cpu         ] GC(2316) User=0.00s Sys=0.00s Real=0.00s
[16.913s][info ][gc,start       ] GC(2317) Pause Young (Allocation Failure)
[16.913s][debug][gc,age         ] GC(2317) Desired survivor size 1114112 bytes, new threshold 1 (max threshold 15)
[16.913s][info ][gc,heap        ] GC(2317) DefNew: 19095K->1955K(19648K)
[16.913s][info ][gc,heap        ] GC(2317) Tenured: 39093K->39093K(43712K)
[16.913s][info ][gc,metaspace   ] GC(2317) Metaspace: 16404K->16404K(1064960K)
[16.913s][info ][gc             ] GC(2317) Pause Young (Allocation Failure) 56M->40M(61M) 0.513ms
[16.913s][info ][gc,cpu         ] GC(2317) User=0.00s Sys=0.00s Real=0.00s
[16.915s][info ][gc,start       ] GC(2318) Pause Young (Allocation Failure)
[16.915s][debug][gc,age         ] GC(2318) Desired survivor size 1114112 bytes, new threshold 1 (max threshold 15)
[16.915s][info ][gc,heap        ] GC(2318) DefNew: 19055K->1564K(19648K)
[16.915s][info ][gc,heap        ] GC(2318) Tenured: 39093K->39484K(43712K)
[16.915s][info ][gc,metaspace   ] GC(2318) Metaspace: 16404K->16404K(1064960K)
[16.915s][info ][gc             ] GC(2318) Pause Young (Allocation Failure) 56M->40M(61M) 0.704ms
[16.915s][info ][gc,cpu         ] GC(2318) User=0.00s Sys=0.00s Real=0.00s
[16.916s][info ][gc,start       ] GC(2319) Pause Young (Allocation Failure)
[16.917s][debug][gc,age         ] GC(2319) Desired survivor size 1114112 bytes, new threshold 1 (max threshold 15)
[16.917s][info ][gc,heap        ] GC(2319) DefNew: 18719K->1955K(19648K)
[16.917s][info ][gc,heap        ] GC(2319) Tenured: 39484K->40265K(43712K)
[16.917s][info ][gc,metaspace   ] GC(2319) Metaspace: 16404K->16404K(1064960K)
[16.917s][info ][gc             ] GC(2319) Pause Young (Allocation Failure) 56M->41M(61M) 1.013ms
[16.917s][info ][gc,cpu         ] GC(2319) User=0.00s Sys=0.00s Real=0.00s
[16.919s][info ][gc,start       ] GC(2320) Pause Young (Allocation Failure)
[16.919s][debug][gc,age         ] GC(2320) Desired survivor size 1114112 bytes, new threshold 1 (max threshold 15)
[16.919s][info ][gc,heap        ] GC(2320) DefNew: 19105K->1955K(19648K)
[16.919s][info ][gc,heap        ] GC(2320) Tenured: 40265K->41047K(43712K)
[16.919s][info ][gc,metaspace   ] GC(2320) Metaspace: 16404K->16404K(1064960K)
[16.919s][info ][gc             ] GC(2320) Pause Young (Allocation Failure) 57M->41M(61M) 0.601ms
[16.919s][info ][gc,cpu         ] GC(2320) User=0.00s Sys=0.00s Real=0.01s
[16.921s][info ][gc,start       ] GC(2321) Pause Young (Allocation Failure)
[16.921s][debug][gc,age         ] GC(2321) Desired survivor size 1114112 bytes, new threshold 1 (max threshold 15)
[16.921s][info ][gc,heap        ] GC(2321) DefNew: 19101K->1955K(19648K)
[16.921s][info ][gc,heap        ] GC(2321) Tenured: 41047K->41438K(43712K)
[16.921s][info ][gc,metaspace   ] GC(2321) Metaspace: 16404K->16404K(1064960K)
[16.921s][info ][gc             ] GC(2321) Pause Young (Allocation Failure) 58M->42M(61M) 0.601ms
[16.921s][info ][gc,cpu         ] GC(2321) User=0.00s Sys=0.00s Real=0.00s
[16.923s][info ][gc,start       ] GC(2322) Pause Young (Allocation Failure)
[16.923s][debug][gc,age         ] GC(2322) Desired survivor size 1114112 bytes, new threshold 1 (max threshold 15)
[16.923s][info ][gc,heap        ] GC(2322) DefNew: 19099K->1955K(19648K)
[16.923s][info ][gc,heap        ] GC(2322) Tenured: 41438K->41828K(43712K)
[16.923s][info ][gc,metaspace   ] GC(2322) Metaspace: 16404K->16404K(1064960K)
[16.923s][info ][gc             ] GC(2322) Pause Young (Allocation Failure) 59M->42M(61M) 0.561ms
[16.923s][info ][gc,cpu         ] GC(2322) User=0.00s Sys=0.00s Real=0.00s
[16.925s][info ][gc,start       ] GC(2323) Pause Young (Allocation Failure)
[16.925s][debug][gc,age         ] GC(2323) Desired survivor size 1114112 bytes, new threshold 1 (max threshold 15)
[16.925s][info ][gc,heap        ] GC(2323) DefNew: 19098K->1955K(19648K)
[16.925s][info ][gc,heap        ] GC(2323) Tenured: 41828K->41828K(43712K)
[16.925s][info ][gc,metaspace   ] GC(2323) Metaspace: 16404K->16404K(1064960K)
[16.925s][info ][gc             ] GC(2323) Pause Young (Allocation Failure) 59M->42M(61M) 0.618ms
[16.925s][info ][gc,cpu         ] GC(2323) User=0.00s Sys=0.00s Real=0.00s
[16.927s][info ][gc,start       ] GC(2324) Pause Young (Allocation Failure)
[16.927s][debug][gc,age         ] GC(2324) Desired survivor size 1114112 bytes, new threshold 1 (max threshold 15)
[16.927s][info ][gc,heap        ] GC(2324) DefNew: 19050K->1564K(19648K)
[16.927s][info ][gc,heap        ] GC(2324) Tenured: 41828K->42219K(43712K)
[16.927s][info ][gc,metaspace   ] GC(2324) Metaspace: 16404K->16404K(1064960K)
[16.927s][info ][gc             ] GC(2324) Pause Young (Allocation Failure) 59M->42M(61M) 0.542ms
[16.927s][info ][gc,cpu         ] GC(2324) User=0.00s Sys=0.00s Real=0.00s
[16.928s][info ][gc,start       ] GC(2325) Pause Young (Allocation Failure)
[16.929s][debug][gc,age         ] GC(2325) Desired survivor size 1114112 bytes, new threshold 1 (max threshold 15)
[16.929s][info ][gc,heap        ] GC(2325) DefNew: 18722K->1955K(19648K)
[16.929s][info ][gc,heap        ] GC(2325) Tenured: 42219K->42219K(43712K)
[16.929s][info ][gc,metaspace   ] GC(2325) Metaspace: 16404K->16404K(1064960K)
[16.929s][info ][gc             ] GC(2325) Pause Young (Allocation Failure) 59M->43M(61M) 0.564ms
[16.929s][info ][gc,cpu         ] GC(2325) User=0.00s Sys=0.00s Real=0.00s
[16.930s][info ][gc,start       ] GC(2326) Pause Young (Allocation Failure)
[16.931s][debug][gc,age         ] GC(2326) Desired survivor size 1114112 bytes, new threshold 1 (max threshold 15)
[16.931s][info ][gc,heap        ] GC(2326) DefNew: 19107K->1955K(19648K)
[16.931s][info ][gc,heap        ] GC(2326) Tenured: 42219K->43001K(43712K)
[16.931s][info ][gc,metaspace   ] GC(2326) Metaspace: 16404K->16404K(1064960K)
[16.931s][info ][gc             ] GC(2326) Pause Young (Allocation Failure) 59M->43M(61M) 0.757ms
[16.931s][info ][gc,cpu         ] GC(2326) User=0.00s Sys=0.00s Real=0.00s
[16.932s][info ][gc,start       ] GC(2327) Pause Young (Allocation Failure)
[16.932s][info ][gc,start       ] GC(2328) Pause Full (Allocation Failure)
[16.933s][info ][gc,phases,start] GC(2328) Phase 1: Mark live objects
[16.936s][debug][gc,phases      ] GC(2328) Reference Processing 0.039ms
[16.936s][debug][gc,phases      ] GC(2328) Weak Processing 0.013ms
[16.936s][debug][gc,phases      ] GC(2328) ClassLoaderData 0.024ms
[16.936s][debug][gc,phases      ] GC(2328) ProtectionDomainCacheTable 0.002ms
[16.936s][debug][gc,phases      ] GC(2328) ResolvedMethodTable 0.015ms
[16.936s][debug][gc,phases      ] GC(2328) Class Unloading 0.755ms
[16.936s][debug][gc,phases      ] GC(2328) Scrub String Table 0.058ms
[16.938s][debug][gc,phases      ] GC(2328) Scrub Symbol Table 1.046ms
[16.938s][info ][gc,phases      ] GC(2328) Phase 1: Mark live objects 5.047ms
[16.938s][info ][gc,phases,start] GC(2328) Phase 2: Compute new object addresses
[16.938s][info ][gc,phases      ] GC(2328) Phase 2: Compute new object addresses 0.907ms
[16.938s][info ][gc,phases,start] GC(2328) Phase 3: Adjust pointers
[16.942s][info ][gc,phases      ] GC(2328) Phase 3: Adjust pointers 3.736ms
[16.942s][info ][gc,phases,start] GC(2328) Phase 4: Move objects
[16.943s][info ][gc,phases      ] GC(2328) Phase 4: Move objects 0.478ms
[16.943s][info ][gc             ] GC(2328) Pause Full (Allocation Failure) 60M->6M(61M) 10.475ms
[16.943s][info ][gc,heap        ] GC(2327) DefNew: 19103K->0K(19648K)
[16.943s][info ][gc,heap        ] GC(2327) Tenured: 43001K->6271K(43712K)
[16.943s][info ][gc,metaspace   ] GC(2327) Metaspace: 16404K->16404K(1064960K)
[16.943s][info ][gc             ] GC(2327) Pause Young (Allocation Failure) 60M->6M(61M) 10.610ms
[16.943s][info ][gc,cpu         ] GC(2327) User=0.01s Sys=0.00s Real=0.01s
[16.944s][info ][gc,start       ] GC(2329) Pause Young (Allocation Failure)
[16.945s][debug][gc,age         ] GC(2329) Desired survivor size 1114112 bytes, new threshold 1 (max threshold 15)
[16.945s][info ][gc,heap        ] GC(2329) DefNew: 17145K->1955K(19648K)
[16.945s][info ][gc,heap        ] GC(2329) Tenured: 6271K->7052K(43712K)
[16.945s][info ][gc,metaspace   ] GC(2329) Metaspace: 16404K->16404K(1064960K)
[16.945s][info ][gc             ] GC(2329) Pause Young (Allocation Failure) 22M->8M(61M) 0.624ms
[16.945s][info ][gc,cpu         ] GC(2329) User=0.00s Sys=0.00s Real=0.00s
[16.946s][info ][gc,start       ] GC(2330) Pause Young (Allocation Failure)
[16.947s][debug][gc,age         ] GC(2330) Desired survivor size 1114112 bytes, new threshold 1 (max threshold 15)
[16.947s][info ][gc,heap        ] GC(2330) DefNew: 19099K->1564K(19648K)
[16.947s][info ][gc,heap        ] GC(2330) Tenured: 7052K->7053K(43712K)
[16.947s][info ][gc,metaspace   ] GC(2330) Metaspace: 16404K->16404K(1064960K)
[16.947s][info ][gc             ] GC(2330) Pause Young (Allocation Failure) 25M->8M(61M) 0.690ms
[16.947s][info ][gc,cpu         ] GC(2330) User=0.00s Sys=0.00s Real=0.00s
[16.948s][info ][gc,start       ] GC(2331) Pause Young (Allocation Failure)
[16.949s][debug][gc,age         ] GC(2331) Desired survivor size 1114112 bytes, new threshold 1 (max threshold 15)
[16.949s][info ][gc,heap        ] GC(2331) DefNew: 18675K->1955K(19648K)
[16.949s][info ][gc,heap        ] GC(2331) Tenured: 7053K->7444K(43712K)
[16.949s][info ][gc,metaspace   ] GC(2331) Metaspace: 16404K->16404K(1064960K)
[16.949s][info ][gc             ] GC(2331) Pause Young (Allocation Failure) 25M->9M(61M) 0.636ms
[16.949s][info ][gc,cpu         ] GC(2331) User=0.00s Sys=0.00s Real=0.00s
[16.950s][info ][gc,start       ] GC(2332) Pause Young (Allocation Failure)
[16.951s][debug][gc,age         ] GC(2332) Desired survivor size 1114112 bytes, new threshold 1 (max threshold 15)
[16.951s][info ][gc,heap        ] GC(2332) DefNew: 19108K->1955K(19648K)
[16.951s][info ][gc,heap        ] GC(2332) Tenured: 7444K->7834K(43712K)
[16.951s][info ][gc,metaspace   ] GC(2332) Metaspace: 16404K->16404K(1064960K)
[16.951s][info ][gc             ] GC(2332) Pause Young (Allocation Failure) 25M->9M(61M) 0.731ms
[16.951s][info ][gc,cpu         ] GC(2332) User=0.00s Sys=0.00s Real=0.00s
[16.952s][info ][gc,start       ] GC(2333) Pause Young (Allocation Failure)
[16.953s][debug][gc,age         ] GC(2333) Desired survivor size 1114112 bytes, new threshold 1 (max threshold 15)
[16.953s][info ][gc,heap        ] GC(2333) DefNew: 19104K->1955K(19648K)
[16.953s][info ][gc,heap        ] GC(2333) Tenured: 7834K->8616K(43712K)
[16.953s][info ][gc,metaspace   ] GC(2333) Metaspace: 16404K->16404K(1064960K)
[16.953s][info ][gc             ] GC(2333) Pause Young (Allocation Failure) 26M->10M(61M) 0.631ms
[16.953s][info ][gc,cpu         ] GC(2333) User=0.00s Sys=0.00s Real=0.00s
[16.954s][info ][gc,start       ] GC(2334) Pause Young (Allocation Failure)
[16.955s][debug][gc,age         ] GC(2334) Desired survivor size 1114112 bytes, new threshold 1 (max threshold 15)
[16.955s][info ][gc,heap        ] GC(2334) DefNew: 19101K->1955K(19648K)
[16.955s][info ][gc,heap        ] GC(2334) Tenured: 8616K->9006K(43712K)
[16.955s][info ][gc,metaspace   ] GC(2334) Metaspace: 16404K->16404K(1064960K)
[16.955s][info ][gc             ] GC(2334) Pause Young (Allocation Failure) 27M->10M(61M) 0.572ms
[16.955s][info ][gc,cpu         ] GC(2334) User=0.00s Sys=0.00s Real=0.00s
[16.956s][info ][gc,start       ] GC(2335) Pause Young (Allocation Failure)
[16.957s][debug][gc,age         ] GC(2335) Desired survivor size 1114112 bytes, new threshold 1 (max threshold 15)
[16.957s][info ][gc,heap        ] GC(2335) DefNew: 19099K->1955K(19648K)
[16.957s][info ][gc,heap        ] GC(2335) Tenured: 9006K->9006K(43712K)
[16.957s][info ][gc,metaspace   ] GC(2335) Metaspace: 16404K->16404K(1064960K)
[16.957s][info ][gc             ] GC(2335) Pause Young (Allocation Failure) 27M->10M(61M) 0.518ms
[16.957s][info ][gc,cpu         ] GC(2335) User=0.00s Sys=0.00s Real=0.00s
[16.958s][info ][gc,start       ] GC(2336) Pause Young (Allocation Failure)
[16.959s][debug][gc,age         ] GC(2336) Desired survivor size 1114112 bytes, new threshold 1 (max threshold 15)
[16.959s][info ][gc,heap        ] GC(2336) DefNew: 19098K->1955K(19648K)
[16.959s][info ][gc,heap        ] GC(2336) Tenured: 9006K->9397K(43712K)
[16.959s][info ][gc,metaspace   ] GC(2336) Metaspace: 16404K->16404K(1064960K)
[16.959s][info ][gc             ] GC(2336) Pause Young (Allocation Failure) 27M->11M(61M) 0.685ms
[16.959s][info ][gc,cpu         ] GC(2336) User=0.00s Sys=0.00s Real=0.00s
[16.961s][info ][gc,start       ] GC(2337) Pause Young (Allocation Failure)
[16.961s][debug][gc,age         ] GC(2337) Desired survivor size 1114112 bytes, new threshold 1 (max threshold 15)
[16.961s][info ][gc,heap        ] GC(2337) DefNew: 19097K->1955K(19648K)
[16.961s][info ][gc,heap        ] GC(2337) Tenured: 9397K->9397K(43712K)
[16.961s][info ][gc,metaspace   ] GC(2337) Metaspace: 16404K->16404K(1064960K)
[16.961s][info ][gc             ] GC(2337) Pause Young (Allocation Failure) 27M->11M(61M) 0.571ms
[16.961s][info ][gc,cpu         ] GC(2337) User=0.00s Sys=0.00s Real=0.00s
[16.963s][info ][gc,start       ] GC(2338) Pause Young (Allocation Failure)
[16.963s][debug][gc,age         ] GC(2338) Desired survivor size 1114112 bytes, new threshold 15 (max threshold 15)
[16.963s][info ][gc,heap        ] GC(2338) DefNew: 19426K->783K(19648K)
[16.963s][info ][gc,heap        ] GC(2338) Tenured: 9397K->9397K(43712K)
[16.963s][info ][gc,metaspace   ] GC(2338) Metaspace: 16404K->16404K(1064960K)
[16.963s][info ][gc             ] GC(2338) Pause Young (Allocation Failure) 28M->9M(61M) 0.578ms
[16.963s][info ][gc,cpu         ] GC(2338) User=0.00s Sys=0.00s Real=0.00s
[16.965s][info ][gc,start       ] GC(2339) Pause Young (Allocation Failure)
[16.965s][debug][gc,age         ] GC(2339) Desired survivor size 1114112 bytes, new threshold 1 (max threshold 15)
[16.965s][info ][gc,heap        ] GC(2339) DefNew: 18245K->1955K(19648K)
[16.965s][info ][gc,heap        ] GC(2339) Tenured: 9397K->9397K(43712K)
[16.965s][info ][gc,metaspace   ] GC(2339) Metaspace: 16404K->16404K(1064960K)
[16.965s][info ][gc             ] GC(2339) Pause Young (Allocation Failure) 26M->11M(61M) 0.577ms
[16.965s][info ][gc,cpu         ] GC(2339) User=0.00s Sys=0.00s Real=0.00s
[16.967s][info ][gc,start       ] GC(2340) Pause Young (Allocation Failure)
[16.967s][debug][gc,age         ] GC(2340) Desired survivor size 1114112 bytes, new threshold 1 (max threshold 15)
[16.967s][info ][gc,heap        ] GC(2340) DefNew: 19143K->1955K(19648K)
[16.967s][info ][gc,heap        ] GC(2340) Tenured: 9397K->10179K(43712K)
[16.967s][info ][gc,metaspace   ] GC(2340) Metaspace: 16404K->16404K(1064960K)
[16.967s][info ][gc             ] GC(2340) Pause Young (Allocation Failure) 27M->11M(61M) 0.724ms
[16.968s][info ][gc,cpu         ] GC(2340) User=0.00s Sys=0.00s Real=0.00s
[16.969s][info ][gc,start       ] GC(2341) Pause Young (Allocation Failure)
[16.969s][debug][gc,age         ] GC(2341) Desired survivor size 1114112 bytes, new threshold 1 (max threshold 15)
[16.969s][info ][gc,heap        ] GC(2341) DefNew: 19125K->1955K(19648K)
[16.969s][info ][gc,heap        ] GC(2341) Tenured: 10179K->10570K(43712K)
[16.969s][info ][gc,metaspace   ] GC(2341) Metaspace: 16404K->16404K(1064960K)
[16.969s][info ][gc             ] GC(2341) Pause Young (Allocation Failure) 28M->12M(61M) 0.669ms
[16.969s][info ][gc,cpu         ] GC(2341) User=0.00s Sys=0.00s Real=0.01s
[16.971s][info ][gc,start       ] GC(2342) Pause Young (Allocation Failure)
[16.971s][debug][gc,age         ] GC(2342) Desired survivor size 1114112 bytes, new threshold 1 (max threshold 15)
[16.971s][info ][gc,heap        ] GC(2342) DefNew: 19064K->1955K(19648K)
[16.971s][info ][gc,heap        ] GC(2342) Tenured: 10570K->10570K(43712K)
[16.971s][info ][gc,metaspace   ] GC(2342) Metaspace: 16404K->16404K(1064960K)
[16.971s][info ][gc             ] GC(2342) Pause Young (Allocation Failure) 28M->12M(61M) 0.574ms
[16.972s][info ][gc,cpu         ] GC(2342) User=0.00s Sys=0.00s Real=0.00s
[16.973s][info ][gc,start       ] GC(2343) Pause Young (Allocation Failure)
[16.974s][debug][gc,age         ] GC(2343) Desired survivor size 1114112 bytes, new threshold 1 (max threshold 15)
[16.974s][info ][gc,heap        ] GC(2343) DefNew: 19126K->1955K(19648K)
[16.974s][info ][gc,heap        ] GC(2343) Tenured: 10570K->11351K(43712K)
[16.974s][info ][gc,metaspace   ] GC(2343) Metaspace: 16404K->16404K(1064960K)
[16.974s][info ][gc             ] GC(2343) Pause Young (Allocation Failure) 29M->12M(61M) 0.785ms
[16.974s][info ][gc,cpu         ] GC(2343) User=0.00s Sys=0.00s Real=0.00s
[16.975s][info ][gc,start       ] GC(2344) Pause Young (Allocation Failure)
[16.976s][debug][gc,age         ] GC(2344) Desired survivor size 1114112 bytes, new threshold 1 (max threshold 15)
[16.976s][info ][gc,heap        ] GC(2344) DefNew: 19115K->1564K(19648K)
[16.976s][info ][gc,heap        ] GC(2344) Tenured: 11351K->11742K(43712K)
[16.976s][info ][gc,metaspace   ] GC(2344) Metaspace: 16404K->16404K(1064960K)
[16.976s][info ][gc             ] GC(2344) Pause Young (Allocation Failure) 29M->12M(61M) 0.602ms
[16.976s][info ][gc,cpu         ] GC(2344) User=0.00s Sys=0.00s Real=0.00s
[16.977s][info ][gc,start       ] GC(2345) Pause Young (Allocation Failure)
[16.978s][debug][gc,age         ] GC(2345) Desired survivor size 1114112 bytes, new threshold 1 (max threshold 15)
[16.978s][info ][gc,heap        ] GC(2345) DefNew: 18671K->1564K(19648K)
[16.978s][info ][gc,heap        ] GC(2345) Tenured: 11742K->12133K(43712K)
[16.978s][info ][gc,metaspace   ] GC(2345) Metaspace: 16404K->16404K(1064960K)
[16.978s][info ][gc             ] GC(2345) Pause Young (Allocation Failure) 29M->13M(61M) 0.589ms
[16.978s][info ][gc,cpu         ] GC(2345) User=0.00s Sys=0.00s Real=0.00s
[16.979s][info ][gc,start       ] GC(2346) Pause Young (Allocation Failure)
[16.979s][debug][gc,age         ] GC(2346) Desired survivor size 1114112 bytes, new threshold 1 (max threshold 15)
[16.980s][info ][gc,heap        ] GC(2346) DefNew: 18647K->1564K(19648K)
[16.980s][info ][gc,heap        ] GC(2346) Tenured: 12133K->12134K(43712K)
[16.980s][info ][gc,metaspace   ] GC(2346) Metaspace: 16404K->16404K(1064960K)
[16.980s][info ][gc             ] GC(2346) Pause Young (Allocation Failure) 30M->13M(61M) 0.508ms
[16.980s][info ][gc,cpu         ] GC(2346) User=0.00s Sys=0.00s Real=0.01s
[16.981s][info ][gc,start       ] GC(2347) Pause Young (Allocation Failure)
[16.982s][debug][gc,age         ] GC(2347) Desired survivor size 1114112 bytes, new threshold 1 (max threshold 15)
[16.982s][info ][gc,heap        ] GC(2347) DefNew: 18750K->1955K(19648K)
[16.982s][info ][gc,heap        ] GC(2347) Tenured: 12134K->12524K(43712K)
[16.982s][info ][gc,metaspace   ] GC(2347) Metaspace: 16404K->16404K(1064960K)
[16.982s][info ][gc             ] GC(2347) Pause Young (Allocation Failure) 30M->14M(61M) 0.677ms
[16.982s][info ][gc,cpu         ] GC(2347) User=0.00s Sys=0.00s Real=0.00s
[16.983s][info ][gc,start       ] GC(2348) Pause Young (Allocation Failure)
[16.984s][debug][gc,age         ] GC(2348) Desired survivor size 1114112 bytes, new threshold 15 (max threshold 15)
[16.984s][info ][gc,heap        ] GC(2348) DefNew: 19383K->782K(19648K)
[16.984s][info ][gc,heap        ] GC(2348) Tenured: 12524K->13697K(43712K)
[16.984s][info ][gc,metaspace   ] GC(2348) Metaspace: 16404K->16404K(1064960K)
[16.984s][info ][gc             ] GC(2348) Pause Young (Allocation Failure) 31M->14M(61M) 0.712ms
[16.984s][info ][gc,cpu         ] GC(2348) User=0.00s Sys=0.00s Real=0.00s
[16.985s][info ][gc,start       ] GC(2349) Pause Young (Allocation Failure)
[16.986s][debug][gc,age         ] GC(2349) Desired survivor size 1114112 bytes, new threshold 1 (max threshold 15)
[16.986s][info ][gc,heap        ] GC(2349) DefNew: 17989K->1955K(19648K)
[16.986s][info ][gc,heap        ] GC(2349) Tenured: 13697K->14479K(43712K)
[16.986s][info ][gc,metaspace   ] GC(2349) Metaspace: 16404K->16404K(1064960K)
[16.986s][info ][gc             ] GC(2349) Pause Young (Allocation Failure) 30M->16M(61M) 0.597ms
[16.986s][info ][gc,cpu         ] GC(2349) User=0.01s Sys=0.00s Real=0.00s
[16.987s][info ][gc,start       ] GC(2350) Pause Young (Allocation Failure)
[16.988s][debug][gc,age         ] GC(2350) Desired survivor size 1114112 bytes, new threshold 1 (max threshold 15)
[16.988s][info ][gc,heap        ] GC(2350) DefNew: 19088K->1955K(19648K)
[16.988s][info ][gc,heap        ] GC(2350) Tenured: 14479K->14479K(43712K)
[16.988s][info ][gc,metaspace   ] GC(2350) Metaspace: 16404K->16404K(1064960K)
[16.988s][info ][gc             ] GC(2350) Pause Young (Allocation Failure) 32M->16M(61M) 0.506ms
[16.988s][info ][gc,cpu         ] GC(2350) User=0.00s Sys=0.00s Real=0.00s
[16.989s][info ][gc,start       ] GC(2351) Pause Young (Allocation Failure)
[16.990s][debug][gc,age         ] GC(2351) Desired survivor size 1114112 bytes, new threshold 1 (max threshold 15)
[16.990s][info ][gc,heap        ] GC(2351) DefNew: 19140K->1955K(19648K)
[16.990s][info ][gc,heap        ] GC(2351) Tenured: 14479K->14870K(43712K)
[16.990s][info ][gc,metaspace   ] GC(2351) Metaspace: 16404K->16404K(1064960K)
[16.990s][info ][gc             ] GC(2351) Pause Young (Allocation Failure) 32M->16M(61M) 0.641ms
[16.990s][info ][gc,cpu         ] GC(2351) User=0.00s Sys=0.00s Real=0.00s
[16.991s][info ][gc,start       ] GC(2352) Pause Young (Allocation Failure)
[16.992s][debug][gc,age         ] GC(2352) Desired survivor size 1114112 bytes, new threshold 1 (max threshold 15)
[16.992s][info ][gc,heap        ] GC(2352) DefNew: 19427K->1954K(19648K)
[16.992s][info ][gc,heap        ] GC(2352) Tenured: 14870K->15652K(43712K)
[16.992s][info ][gc,metaspace   ] GC(2352) Metaspace: 16404K->16404K(1064960K)
[16.992s][info ][gc             ] GC(2352) Pause Young (Allocation Failure) 33M->17M(61M) 0.651ms
[16.992s][info ][gc,cpu         ] GC(2352) User=0.00s Sys=0.00s Real=0.00s
[16.993s][info ][gc,start       ] GC(2353) Pause Young (Allocation Failure)
[16.994s][debug][gc,age         ] GC(2353) Desired survivor size 1114112 bytes, new threshold 1 (max threshold 15)
[16.994s][info ][gc,heap        ] GC(2353) DefNew: 19103K->1955K(19648K)
[16.994s][info ][gc,heap        ] GC(2353) Tenured: 15652K->16042K(43712K)
[16.994s][info ][gc,metaspace   ] GC(2353) Metaspace: 16404K->16404K(1064960K)
[16.994s][info ][gc             ] GC(2353) Pause Young (Allocation Failure) 33M->17M(61M) 0.532ms
[16.994s][info ][gc,cpu         ] GC(2353) User=0.01s Sys=0.00s Real=0.00s
[16.995s][info ][gc,start       ] GC(2354) Pause Young (Allocation Failure)
[16.996s][debug][gc,age         ] GC(2354) Desired survivor size 1114112 bytes, new threshold 1 (max threshold 15)
[16.996s][info ][gc,heap        ] GC(2354) DefNew: 19130K->1955K(19648K)
[16.996s][info ][gc,heap        ] GC(2354) Tenured: 16042K->16824K(43712K)
[16.996s][info ][gc,metaspace   ] GC(2354) Metaspace: 16404K->16404K(1064960K)
[16.996s][info ][gc             ] GC(2354) Pause Young (Allocation Failure) 34M->18M(61M) 0.620ms
[16.996s][info ][gc,cpu         ] GC(2354) User=0.00s Sys=0.00s Real=0.00s
[16.997s][info ][gc,start       ] GC(2355) Pause Young (Allocation Failure)
[16.998s][debug][gc,age         ] GC(2355) Desired survivor size 1114112 bytes, new threshold 1 (max threshold 15)
[16.998s][info ][gc,heap        ] GC(2355) DefNew: 19427K->1564K(19648K)
[16.998s][info ][gc,heap        ] GC(2355) Tenured: 16824K->16824K(43712K)
[16.998s][info ][gc,metaspace   ] GC(2355) Metaspace: 16404K->16404K(1064960K)
[16.998s][info ][gc             ] GC(2355) Pause Young (Allocation Failure) 35M->17M(61M) 0.626ms
[16.998s][info ][gc,cpu         ] GC(2355) User=0.00s Sys=0.00s Real=0.00s
[16.999s][info ][gc,start       ] GC(2356) Pause Young (Allocation Failure)
[17.000s][debug][gc,age         ] GC(2356) Desired survivor size 1114112 bytes, new threshold 1 (max threshold 15)
[17.000s][info ][gc,heap        ] GC(2356) DefNew: 18739K->1564K(19648K)
[17.000s][info ][gc,heap        ] GC(2356) Tenured: 16824K->16824K(43712K)
[17.000s][info ][gc,metaspace   ] GC(2356) Metaspace: 16404K->16404K(1064960K)
[17.000s][info ][gc             ] GC(2356) Pause Young (Allocation Failure) 34M->17M(61M) 0.453ms
[17.000s][info ][gc,cpu         ] GC(2356) User=0.00s Sys=0.00s Real=0.00s
[17.001s][info ][gc,start       ] GC(2357) Pause Young (Allocation Failure)
[17.002s][debug][gc,age         ] GC(2357) Desired survivor size 1114112 bytes, new threshold 1 (max threshold 15)
[17.002s][info ][gc,heap        ] GC(2357) DefNew: 18727K->1955K(19648K)
[17.002s][info ][gc,heap        ] GC(2357) Tenured: 16824K->17215K(43712K)
[17.002s][info ][gc,metaspace   ] GC(2357) Metaspace: 16404K->16404K(1064960K)
[17.002s][info ][gc             ] GC(2357) Pause Young (Allocation Failure) 34M->18M(61M) 0.569ms
[17.002s][info ][gc,cpu         ] GC(2357) User=0.00s Sys=0.00s Real=0.00s
[17.003s][info ][gc,start       ] GC(2358) Pause Young (Allocation Failure)
[17.004s][debug][gc,age         ] GC(2358) Desired survivor size 1114112 bytes, new threshold 1 (max threshold 15)
[17.004s][info ][gc,heap        ] GC(2358) DefNew: 19110K->1955K(19648K)
[17.004s][info ][gc,heap        ] GC(2358) Tenured: 17215K->17215K(43712K)
[17.004s][info ][gc,metaspace   ] GC(2358) Metaspace: 16404K->16404K(1064960K)
[17.004s][info ][gc             ] GC(2358) Pause Young (Allocation Failure) 35M->18M(61M) 0.572ms
[17.004s][info ][gc,cpu         ] GC(2358) User=0.00s Sys=0.00s Real=0.00s
[17.005s][info ][gc,start       ] GC(2359) Pause Young (Allocation Failure)
[17.005s][debug][gc,age         ] GC(2359) Desired survivor size 1114112 bytes, new threshold 1 (max threshold 15)
[17.006s][info ][gc,heap        ] GC(2359) DefNew: 19105K->1955K(19648K)
[17.006s][info ][gc,heap        ] GC(2359) Tenured: 17215K->17215K(43712K)
[17.006s][info ][gc,metaspace   ] GC(2359) Metaspace: 16404K->16404K(1064960K)
[17.006s][info ][gc             ] GC(2359) Pause Young (Allocation Failure) 35M->18M(61M) 0.562ms
[17.006s][info ][gc,cpu         ] GC(2359) User=0.00s Sys=0.00s Real=0.00s
[17.007s][info ][gc,start       ] GC(2360) Pause Young (Allocation Failure)
[17.007s][debug][gc,age         ] GC(2360) Desired survivor size 1114112 bytes, new threshold 1 (max threshold 15)
[17.007s][info ][gc,heap        ] GC(2360) DefNew: 19101K->1955K(19648K)
[17.007s][info ][gc,heap        ] GC(2360) Tenured: 17215K->17996K(43712K)
[17.007s][info ][gc,metaspace   ] GC(2360) Metaspace: 16404K->16404K(1064960K)
[17.008s][info ][gc             ] GC(2360) Pause Young (Allocation Failure) 35M->19M(61M) 0.594ms
[17.008s][info ][gc,cpu         ] GC(2360) User=0.00s Sys=0.00s Real=0.00s
[17.009s][info ][gc,start       ] GC(2361) Pause Young (Allocation Failure)
[17.009s][debug][gc,age         ] GC(2361) Desired survivor size 1114112 bytes, new threshold 1 (max threshold 15)
[17.009s][info ][gc,heap        ] GC(2361) DefNew: 19099K->1955K(19648K)
[17.009s][info ][gc,heap        ] GC(2361) Tenured: 17996K->18778K(43712K)
[17.009s][info ][gc,metaspace   ] GC(2361) Metaspace: 16404K->16404K(1064960K)
[17.009s][info ][gc             ] GC(2361) Pause Young (Allocation Failure) 36M->20M(61M) 0.672ms
[17.010s][info ][gc,cpu         ] GC(2361) User=0.00s Sys=0.00s Real=0.01s
[17.011s][info ][gc,start       ] GC(2362) Pause Young (Allocation Failure)
[17.011s][debug][gc,age         ] GC(2362) Desired survivor size 1114112 bytes, new threshold 1 (max threshold 15)
[17.011s][info ][gc,heap        ] GC(2362) DefNew: 19098K->1955K(19648K)
[17.011s][info ][gc,heap        ] GC(2362) Tenured: 18778K->19559K(43712K)
[17.011s][info ][gc,metaspace   ] GC(2362) Metaspace: 16404K->16404K(1064960K)
[17.011s][info ][gc             ] GC(2362) Pause Young (Allocation Failure) 36M->21M(61M) 0.595ms
[17.011s][info ][gc,cpu         ] GC(2362) User=0.00s Sys=0.00s Real=0.00s
[17.013s][info ][gc,start       ] GC(2363) Pause Young (Allocation Failure)
[17.013s][debug][gc,age         ] GC(2363) Desired survivor size 1114112 bytes, new threshold 1 (max threshold 15)
[17.013s][info ][gc,heap        ] GC(2363) DefNew: 19051K->1564K(19648K)
[17.013s][info ][gc,heap        ] GC(2363) Tenured: 19559K->19559K(43712K)
[17.013s][info ][gc,metaspace   ] GC(2363) Metaspace: 16404K->16404K(1064960K)
[17.013s][info ][gc             ] GC(2363) Pause Young (Allocation Failure) 37M->20M(61M) 0.457ms
[17.013s][info ][gc,cpu         ] GC(2363) User=0.00s Sys=0.00s Real=0.00s
[17.015s][info ][gc,start       ] GC(2364) Pause Young (Allocation Failure)
[17.016s][debug][gc,age         ] GC(2364) Desired survivor size 1114112 bytes, new threshold 1 (max threshold 15)
[17.016s][info ][gc,heap        ] GC(2364) DefNew: 18989K->1173K(19648K)
[17.016s][info ][gc,heap        ] GC(2364) Tenured: 19559K->19951K(43712K)
[17.016s][info ][gc,metaspace   ] GC(2364) Metaspace: 16404K->16404K(1064960K)
[17.016s][info ][gc             ] GC(2364) Pause Young (Allocation Failure) 37M->20M(61M) 0.606ms
[17.016s][info ][gc,cpu         ] GC(2364) User=0.00s Sys=0.00s Real=0.00s
[17.017s][info ][gc,start       ] GC(2365) Pause Young (Allocation Failure)
[17.018s][debug][gc,age         ] GC(2365) Desired survivor size 1114112 bytes, new threshold 1 (max threshold 15)
[17.018s][info ][gc,heap        ] GC(2365) DefNew: 18645K->1955K(19648K)
[17.018s][info ][gc,heap        ] GC(2365) Tenured: 19951K->20733K(43712K)
[17.018s][info ][gc,metaspace   ] GC(2365) Metaspace: 16404K->16404K(1064960K)
[17.018s][info ][gc             ] GC(2365) Pause Young (Allocation Failure) 37M->22M(61M) 0.877ms
[17.018s][info ][gc,cpu         ] GC(2365) User=0.00s Sys=0.00s Real=0.00s
[17.019s][info ][gc,start       ] GC(2366) Pause Young (Allocation Failure)
[17.020s][debug][gc,age         ] GC(2366) Desired survivor size 1114112 bytes, new threshold 1 (max threshold 15)
[17.020s][info ][gc,heap        ] GC(2366) DefNew: 19104K->1955K(19648K)
[17.020s][info ][gc,heap        ] GC(2366) Tenured: 20733K->21124K(43712K)
[17.020s][info ][gc,metaspace   ] GC(2366) Metaspace: 16404K->16404K(1064960K)
[17.020s][info ][gc             ] GC(2366) Pause Young (Allocation Failure) 38M->22M(61M) 0.607ms
[17.020s][info ][gc,cpu         ] GC(2366) User=0.00s Sys=0.00s Real=0.00s
[17.021s][info ][gc,start       ] GC(2367) Pause Young (Allocation Failure)
[17.022s][debug][gc,age         ] GC(2367) Desired survivor size 1114112 bytes, new threshold 1 (max threshold 15)
[17.022s][info ][gc,heap        ] GC(2367) DefNew: 19150K->1955K(19648K)
[17.022s][info ][gc,heap        ] GC(2367) Tenured: 21124K->21905K(43712K)
[17.022s][info ][gc,metaspace   ] GC(2367) Metaspace: 16404K->16404K(1064960K)
[17.022s][info ][gc             ] GC(2367) Pause Young (Allocation Failure) 39M->23M(61M) 0.712ms
[17.022s][info ][gc,cpu         ] GC(2367) User=0.00s Sys=0.00s Real=0.00s
[17.023s][info ][gc,start       ] GC(2368) Pause Young (Allocation Failure)
[17.024s][debug][gc,age         ] GC(2368) Desired survivor size 1114112 bytes, new threshold 1 (max threshold 15)
[17.024s][info ][gc,heap        ] GC(2368) DefNew: 19131K->1564K(19648K)
[17.024s][info ][gc,heap        ] GC(2368) Tenured: 21905K->21905K(43712K)
[17.024s][info ][gc,metaspace   ] GC(2368) Metaspace: 16404K->16404K(1064960K)
[17.024s][info ][gc             ] GC(2368) Pause Young (Allocation Failure) 40M->22M(61M) 0.538ms
[17.024s][info ][gc,cpu         ] GC(2368) User=0.01s Sys=0.00s Real=0.00s
[17.025s][info ][gc,start       ] GC(2369) Pause Young (Allocation Failure)
[17.026s][debug][gc,age         ] GC(2369) Desired survivor size 1114112 bytes, new threshold 1 (max threshold 15)
[17.026s][info ][gc,heap        ] GC(2369) DefNew: 18727K->1955K(19648K)
[17.026s][info ][gc,heap        ] GC(2369) Tenured: 21905K->22687K(43712K)
[17.026s][info ][gc,metaspace   ] GC(2369) Metaspace: 16404K->16404K(1064960K)
[17.026s][info ][gc             ] GC(2369) Pause Young (Allocation Failure) 39M->24M(61M) 0.716ms
[17.026s][info ][gc,cpu         ] GC(2369) User=0.00s Sys=0.00s Real=0.00s
[17.027s][info ][gc,start       ] GC(2370) Pause Young (Allocation Failure)
[17.028s][debug][gc,age         ] GC(2370) Desired survivor size 1114112 bytes, new threshold 1 (max threshold 15)
[17.028s][info ][gc,heap        ] GC(2370) DefNew: 19110K->1955K(19648K)
[17.028s][info ][gc,heap        ] GC(2370) Tenured: 22687K->23468K(43712K)
[17.028s][info ][gc,metaspace   ] GC(2370) Metaspace: 16404K->16404K(1064960K)
[17.028s][info ][gc             ] GC(2370) Pause Young (Allocation Failure) 40M->24M(61M) 0.740ms
[17.028s][info ][gc,cpu         ] GC(2370) User=0.00s Sys=0.00s Real=0.00s
[17.029s][info ][gc,start       ] GC(2371) Pause Young (Allocation Failure)
[17.030s][debug][gc,age         ] GC(2371) Desired survivor size 1114112 bytes, new threshold 1 (max threshold 15)
[17.030s][info ][gc,heap        ] GC(2371) DefNew: 19105K->1955K(19648K)
[17.030s][info ][gc,heap        ] GC(2371) Tenured: 23468K->23859K(43712K)
[17.030s][info ][gc,metaspace   ] GC(2371) Metaspace: 16404K->16404K(1064960K)
[17.030s][info ][gc             ] GC(2371) Pause Young (Allocation Failure) 41M->25M(61M) 0.752ms
[17.030s][info ][gc,cpu         ] GC(2371) User=0.00s Sys=0.00s Real=0.00s
[17.031s][info ][gc,start       ] GC(2372) Pause Young (Allocation Failure)
[17.032s][debug][gc,age         ] GC(2372) Desired survivor size 1114112 bytes, new threshold 1 (max threshold 15)
[17.032s][info ][gc,heap        ] GC(2372) DefNew: 19057K->1564K(19648K)
[17.032s][info ][gc,heap        ] GC(2372) Tenured: 23859K->23859K(43712K)
[17.032s][info ][gc,metaspace   ] GC(2372) Metaspace: 16404K->16404K(1064960K)
[17.032s][info ][gc             ] GC(2372) Pause Young (Allocation Failure) 41M->24M(61M) 0.711ms
[17.032s][info ][gc,cpu         ] GC(2372) User=0.00s Sys=0.00s Real=0.00s
[17.034s][info ][gc,start       ] GC(2373) Pause Young (Allocation Failure)
[17.034s][debug][gc,age         ] GC(2373) Desired survivor size 1114112 bytes, new threshold 1 (max threshold 15)
[17.034s][info ][gc,heap        ] GC(2373) DefNew: 18679K->1564K(19648K)
[17.034s][info ][gc,heap        ] GC(2373) Tenured: 23859K->23859K(43712K)
[17.034s][info ][gc,metaspace   ] GC(2373) Metaspace: 16404K->16404K(1064960K)
[17.034s][info ][gc             ] GC(2373) Pause Young (Allocation Failure) 41M->24M(61M) 0.511ms
[17.034s][info ][gc,cpu         ] GC(2373) User=0.00s Sys=0.00s Real=0.00s
[17.035s][info ][gc,start       ] GC(2374) Pause Young (Allocation Failure)
[17.036s][debug][gc,age         ] GC(2374) Desired survivor size 1114112 bytes, new threshold 1 (max threshold 15)
[17.036s][info ][gc,heap        ] GC(2374) DefNew: 19029K->1954K(19648K)
[17.036s][info ][gc,heap        ] GC(2374) Tenured: 23859K->23860K(43712K)
[17.036s][info ][gc,metaspace   ] GC(2374) Metaspace: 16404K->16404K(1064960K)
[17.036s][info ][gc             ] GC(2374) Pause Young (Allocation Failure) 41M->25M(61M) 0.539ms
[17.036s][info ][gc,cpu         ] GC(2374) User=0.00s Sys=0.00s Real=0.00s
[17.037s][info ][gc,start       ] GC(2375) Pause Young (Allocation Failure)
[17.038s][debug][gc,age         ] GC(2375) Desired survivor size 1114112 bytes, new threshold 1 (max threshold 15)
[17.038s][info ][gc,heap        ] GC(2375) DefNew: 19147K->1955K(19648K)
[17.038s][info ][gc,heap        ] GC(2375) Tenured: 23860K->25032K(43712K)
[17.038s][info ][gc,metaspace   ] GC(2375) Metaspace: 16404K->16404K(1064960K)
[17.038s][info ][gc             ] GC(2375) Pause Young (Allocation Failure) 42M->26M(61M) 0.660ms
[17.038s][info ][gc,cpu         ] GC(2375) User=0.00s Sys=0.00s Real=0.00s
[17.039s][info ][gc,start       ] GC(2376) Pause Young (Allocation Failure)
[17.040s][debug][gc,age         ] GC(2376) Desired survivor size 1114112 bytes, new threshold 1 (max threshold 15)
[17.040s][info ][gc,heap        ] GC(2376) DefNew: 19129K->1955K(19648K)
[17.040s][info ][gc,heap        ] GC(2376) Tenured: 25032K->25813K(43712K)
[17.040s][info ][gc,metaspace   ] GC(2376) Metaspace: 16404K->16404K(1064960K)
[17.040s][info ][gc             ] GC(2376) Pause Young (Allocation Failure) 43M->27M(61M) 0.629ms
[17.040s][info ][gc,cpu         ] GC(2376) User=0.00s Sys=0.00s Real=0.00s
[17.041s][info ][gc,start       ] GC(2377) Pause Young (Allocation Failure)
[17.042s][debug][gc,age         ] GC(2377) Desired survivor size 1114112 bytes, new threshold 1 (max threshold 15)
[17.042s][info ][gc,heap        ] GC(2377) DefNew: 19117K->1955K(19648K)
[17.042s][info ][gc,heap        ] GC(2377) Tenured: 25813K->26595K(43712K)
[17.042s][info ][gc,metaspace   ] GC(2377) Metaspace: 16404K->16404K(1064960K)
[17.042s][info ][gc             ] GC(2377) Pause Young (Allocation Failure) 43M->27M(61M) 0.612ms
[17.042s][info ][gc,cpu         ] GC(2377) User=0.00s Sys=0.00s Real=0.00s
[17.043s][info ][gc,start       ] GC(2378) Pause Young (Allocation Failure)
[17.044s][debug][gc,age         ] GC(2378) Desired survivor size 1114112 bytes, new threshold 1 (max threshold 15)
[17.044s][info ][gc,heap        ] GC(2378) DefNew: 19109K->1955K(19648K)
[17.044s][info ][gc,heap        ] GC(2378) Tenured: 26595K->26595K(43712K)
[17.044s][info ][gc,metaspace   ] GC(2378) Metaspace: 16404K->16404K(1064960K)
[17.044s][info ][gc             ] GC(2378) Pause Young (Allocation Failure) 44M->27M(61M) 0.578ms
[17.044s][info ][gc,cpu         ] GC(2378) User=0.00s Sys=0.00s Real=0.00s
[17.045s][info ][gc,start       ] GC(2379) Pause Young (Allocation Failure)
[17.046s][debug][gc,age         ] GC(2379) Desired survivor size 1114112 bytes, new threshold 1 (max threshold 15)
[17.046s][info ][gc,heap        ] GC(2379) DefNew: 19104K->1955K(19648K)
[17.046s][info ][gc,heap        ] GC(2379) Tenured: 26595K->27376K(43712K)
[17.046s][info ][gc,metaspace   ] GC(2379) Metaspace: 16404K->16404K(1064960K)
[17.046s][info ][gc             ] GC(2379) Pause Young (Allocation Failure) 44M->28M(61M) 0.621ms
[17.046s][info ][gc,cpu         ] GC(2379) User=0.00s Sys=0.00s Real=0.00s
[17.047s][info ][gc,start       ] GC(2380) Pause Young (Allocation Failure)
[17.048s][debug][gc,age         ] GC(2380) Desired survivor size 1114112 bytes, new threshold 1 (max threshold 15)
[17.048s][info ][gc,heap        ] GC(2380) DefNew: 19101K->1955K(19648K)
[17.048s][info ][gc,heap        ] GC(2380) Tenured: 27376K->27376K(43712K)
[17.048s][info ][gc,metaspace   ] GC(2380) Metaspace: 16404K->16404K(1064960K)
[17.048s][info ][gc             ] GC(2380) Pause Young (Allocation Failure) 45M->28M(61M) 0.569ms
[17.048s][info ][gc,cpu         ] GC(2380) User=0.00s Sys=0.00s Real=0.00s
[17.049s][info ][gc,start       ] GC(2381) Pause Young (Allocation Failure)
[17.050s][debug][gc,age         ] GC(2381) Desired survivor size 1114112 bytes, new threshold 1 (max threshold 15)
[17.050s][info ][gc,heap        ] GC(2381) DefNew: 19050K->1955K(19648K)
[17.050s][info ][gc,heap        ] GC(2381) Tenured: 27376K->27767K(43712K)
[17.050s][info ][gc,metaspace   ] GC(2381) Metaspace: 16404K->16404K(1064960K)
[17.050s][info ][gc             ] GC(2381) Pause Young (Allocation Failure) 45M->29M(61M) 0.567ms
[17.050s][info ][gc,cpu         ] GC(2381) User=0.00s Sys=0.00s Real=0.01s
[17.051s][info ][gc,start       ] GC(2382) Pause Young (Allocation Failure)
[17.052s][debug][gc,age         ] GC(2382) Desired survivor size 1114112 bytes, new threshold 1 (max threshold 15)
[17.052s][info ][gc,heap        ] GC(2382) DefNew: 19058K->1955K(19648K)
[17.052s][info ][gc,heap        ] GC(2382) Tenured: 27767K->27768K(43712K)
[17.052s][info ][gc,metaspace   ] GC(2382) Metaspace: 16404K->16404K(1064960K)
[17.052s][info ][gc             ] GC(2382) Pause Young (Allocation Failure) 45M->29M(61M) 0.608ms
[17.052s][info ][gc,cpu         ] GC(2382) User=0.00s Sys=0.00s Real=0.00s
[17.053s][info ][gc,start       ] GC(2383) Pause Young (Allocation Failure)
[17.054s][debug][gc,age         ] GC(2383) Desired survivor size 1114112 bytes, new threshold 1 (max threshold 15)
[17.054s][info ][gc,heap        ] GC(2383) DefNew: 19128K->1955K(19648K)
[17.054s][info ][gc,heap        ] GC(2383) Tenured: 27768K->27768K(43712K)
[17.054s][info ][gc,metaspace   ] GC(2383) Metaspace: 16404K->16404K(1064960K)
[17.054s][info ][gc             ] GC(2383) Pause Young (Allocation Failure) 45M->29M(61M) 0.545ms
[17.054s][info ][gc,cpu         ] GC(2383) User=0.00s Sys=0.00s Real=0.00s
[17.055s][info ][gc,start       ] GC(2384) Pause Young (Allocation Failure)
[17.055s][debug][gc,age         ] GC(2384) Desired survivor size 1114112 bytes, new threshold 1 (max threshold 15)
[17.055s][info ][gc,heap        ] GC(2384) DefNew: 19117K->1955K(19648K)
[17.055s][info ][gc,heap        ] GC(2384) Tenured: 27768K->28159K(43712K)
[17.055s][info ][gc,metaspace   ] GC(2384) Metaspace: 16404K->16404K(1064960K)
[17.055s][info ][gc             ] GC(2384) Pause Young (Allocation Failure) 45M->29M(61M) 0.593ms
[17.055s][info ][gc,cpu         ] GC(2384) User=0.00s Sys=0.00s Real=0.00s
[17.057s][info ][gc,start       ] GC(2385) Pause Young (Allocation Failure)
[17.057s][debug][gc,age         ] GC(2385) Desired survivor size 1114112 bytes, new threshold 1 (max threshold 15)
[17.057s][info ][gc,heap        ] GC(2385) DefNew: 19070K->1955K(19648K)
[17.057s][info ][gc,heap        ] GC(2385) Tenured: 28159K->28940K(43712K)
[17.057s][info ][gc,metaspace   ] GC(2385) Metaspace: 16404K->16404K(1064960K)
[17.057s][info ][gc             ] GC(2385) Pause Young (Allocation Failure) 46M->30M(61M) 0.755ms
[17.058s][info ][gc,cpu         ] GC(2385) User=0.00s Sys=0.00s Real=0.00s
[17.059s][info ][gc,start       ] GC(2386) Pause Young (Allocation Failure)
[17.059s][debug][gc,age         ] GC(2386) Desired survivor size 1114112 bytes, new threshold 1 (max threshold 15)
[17.059s][info ][gc,heap        ] GC(2386) DefNew: 19118K->1564K(19648K)
[17.059s][info ][gc,heap        ] GC(2386) Tenured: 28940K->28940K(43712K)
[17.059s][info ][gc,metaspace   ] GC(2386) Metaspace: 16404K->16404K(1064960K)
[17.059s][info ][gc             ] GC(2386) Pause Young (Allocation Failure) 46M->29M(61M) 0.588ms
[17.059s][info ][gc,cpu         ] GC(2386) User=0.00s Sys=0.00s Real=0.01s
[17.061s][info ][gc,start       ] GC(2387) Pause Young (Allocation Failure)
[17.061s][debug][gc,age         ] GC(2387) Desired survivor size 1114112 bytes, new threshold 1 (max threshold 15)
[17.061s][info ][gc,heap        ] GC(2387) DefNew: 19023K->1954K(19648K)
[17.061s][info ][gc,heap        ] GC(2387) Tenured: 28940K->28940K(43712K)
[17.061s][info ][gc,metaspace   ] GC(2387) Metaspace: 16404K->16404K(1064960K)
[17.061s][info ][gc             ] GC(2387) Pause Young (Allocation Failure) 46M->30M(61M) 0.545ms
[17.061s][info ][gc,cpu         ] GC(2387) User=0.00s Sys=0.00s Real=0.00s
[17.063s][info ][gc,start       ] GC(2388) Pause Young (Allocation Failure)
[17.063s][debug][gc,age         ] GC(2388) Desired survivor size 1114112 bytes, new threshold 1 (max threshold 15)
[17.064s][info ][gc,heap        ] GC(2388) DefNew: 19135K->1955K(19648K)
[17.064s][info ][gc,heap        ] GC(2388) Tenured: 28940K->29331K(43712K)
[17.064s][info ][gc,metaspace   ] GC(2388) Metaspace: 16404K->16404K(1064960K)
[17.064s][info ][gc             ] GC(2388) Pause Young (Allocation Failure) 46M->30M(61M) 0.943ms
[17.064s][info ][gc,cpu         ] GC(2388) User=0.00s Sys=0.01s Real=0.00s
[17.065s][info ][gc,start       ] GC(2389) Pause Young (Allocation Failure)
[17.066s][debug][gc,age         ] GC(2389) Desired survivor size 1114112 bytes, new threshold 1 (max threshold 15)
[17.066s][info ][gc,heap        ] GC(2389) DefNew: 19122K->1955K(19648K)
[17.066s][info ][gc,heap        ] GC(2389) Tenured: 29331K->29332K(43712K)
[17.066s][info ][gc,metaspace   ] GC(2389) Metaspace: 16404K->16404K(1064960K)
[17.066s][info ][gc             ] GC(2389) Pause Young (Allocation Failure) 47M->30M(61M) 0.636ms
[17.066s][info ][gc,cpu         ] GC(2389) User=0.00s Sys=0.00s Real=0.00s
[17.067s][info ][gc,start       ] GC(2390) Pause Young (Allocation Failure)
[17.068s][debug][gc,age         ] GC(2390) Desired survivor size 1114112 bytes, new threshold 1 (max threshold 15)
[17.068s][info ][gc,heap        ] GC(2390) DefNew: 19112K->1564K(19648K)
[17.068s][info ][gc,heap        ] GC(2390) Tenured: 29332K->29332K(43712K)
[17.068s][info ][gc,metaspace   ] GC(2390) Metaspace: 16404K->16404K(1064960K)
[17.068s][info ][gc             ] GC(2390) Pause Young (Allocation Failure) 47M->30M(61M) 0.647ms
[17.068s][info ][gc,cpu         ] GC(2390) User=0.00s Sys=0.00s Real=0.00s
[17.069s][info ][gc,start       ] GC(2391) Pause Young (Allocation Failure)
[17.070s][debug][gc,age         ] GC(2391) Desired survivor size 1114112 bytes, new threshold 1 (max threshold 15)
[17.070s][info ][gc,heap        ] GC(2391) DefNew: 18661K->1954K(19648K)
[17.070s][info ][gc,heap        ] GC(2391) Tenured: 29332K->29332K(43712K)
[17.070s][info ][gc,metaspace   ] GC(2391) Metaspace: 16404K->16404K(1064960K)
[17.070s][info ][gc             ] GC(2391) Pause Young (Allocation Failure) 46M->30M(61M) 0.609ms
[17.070s][info ][gc,cpu         ] GC(2391) User=0.00s Sys=0.00s Real=0.01s
[17.071s][info ][gc,start       ] GC(2392) Pause Young (Allocation Failure)
[17.072s][debug][gc,age         ] GC(2392) Desired survivor size 1114112 bytes, new threshold 1 (max threshold 15)
[17.072s][info ][gc,heap        ] GC(2392) DefNew: 19121K->1955K(19648K)
[17.072s][info ][gc,heap        ] GC(2392) Tenured: 29332K->30113K(43712K)
[17.072s][info ][gc,metaspace   ] GC(2392) Metaspace: 16404K->16404K(1064960K)
[17.072s][info ][gc             ] GC(2392) Pause Young (Allocation Failure) 47M->31M(61M) 0.635ms
[17.072s][info ][gc,cpu         ] GC(2392) User=0.00s Sys=0.00s Real=0.00s
[17.073s][info ][gc,start       ] GC(2393) Pause Young (Allocation Failure)
[17.073s][debug][gc,age         ] GC(2393) Desired survivor size 1114112 bytes, new threshold 1 (max threshold 15)
[17.073s][info ][gc,heap        ] GC(2393) DefNew: 19112K->1564K(19648K)
[17.073s][info ][gc,heap        ] GC(2393) Tenured: 30113K->30113K(43712K)
[17.073s][info ][gc,metaspace   ] GC(2393) Metaspace: 16404K->16404K(1064960K)
[17.074s][info ][gc             ] GC(2393) Pause Young (Allocation Failure) 48M->30M(61M) 0.576ms
[17.074s][info ][gc,cpu         ] GC(2393) User=0.00s Sys=0.00s Real=0.00s
[17.075s][info ][gc,start       ] GC(2394) Pause Young (Allocation Failure)
[17.075s][debug][gc,age         ] GC(2394) Desired survivor size 1114112 bytes, new threshold 1 (max threshold 15)
[17.075s][info ][gc,heap        ] GC(2394) DefNew: 18716K->1955K(19648K)
[17.075s][info ][gc,heap        ] GC(2394) Tenured: 30113K->30504K(43712K)
[17.075s][info ][gc,metaspace   ] GC(2394) Metaspace: 16404K->16404K(1064960K)
[17.075s][info ][gc             ] GC(2394) Pause Young (Allocation Failure) 47M->31M(61M) 0.560ms
[17.075s][info ][gc,cpu         ] GC(2394) User=0.00s Sys=0.00s Real=0.00s
[17.077s][info ][gc,start       ] GC(2395) Pause Young (Allocation Failure)
[17.077s][debug][gc,age         ] GC(2395) Desired survivor size 1114112 bytes, new threshold 1 (max threshold 15)
[17.077s][info ][gc,heap        ] GC(2395) DefNew: 19427K->1564K(19648K)
[17.077s][info ][gc,heap        ] GC(2395) Tenured: 30504K->31286K(43712K)
[17.077s][info ][gc,metaspace   ] GC(2395) Metaspace: 16404K->16404K(1064960K)
[17.077s][info ][gc             ] GC(2395) Pause Young (Allocation Failure) 48M->32M(61M) 0.653ms
[17.077s][info ][gc,cpu         ] GC(2395) User=0.00s Sys=0.00s Real=0.00s
[17.079s][info ][gc,start       ] GC(2396) Pause Young (Allocation Failure)
[17.079s][debug][gc,age         ] GC(2396) Desired survivor size 1114112 bytes, new threshold 1 (max threshold 15)
[17.079s][info ][gc,heap        ] GC(2396) DefNew: 18674K->1955K(19648K)
[17.079s][info ][gc,heap        ] GC(2396) Tenured: 31286K->31676K(43712K)
[17.079s][info ][gc,metaspace   ] GC(2396) Metaspace: 16404K->16404K(1064960K)
[17.079s][info ][gc             ] GC(2396) Pause Young (Allocation Failure) 48M->32M(61M) 0.701ms
[17.079s][info ][gc,cpu         ] GC(2396) User=0.00s Sys=0.00s Real=0.01s
[17.081s][info ][gc,start       ] GC(2397) Pause Young (Allocation Failure)
[17.082s][debug][gc,age         ] GC(2397) Desired survivor size 1114112 bytes, new threshold 1 (max threshold 15)
[17.082s][info ][gc,heap        ] GC(2397) DefNew: 19427K->1954K(19648K)
[17.082s][info ][gc,heap        ] GC(2397) Tenured: 31676K->32458K(43712K)
[17.082s][info ][gc,metaspace   ] GC(2397) Metaspace: 16404K->16404K(1064960K)
[17.082s][info ][gc             ] GC(2397) Pause Young (Allocation Failure) 49M->33M(61M) 0.838ms
[17.082s][info ][gc,cpu         ] GC(2397) User=0.00s Sys=0.00s Real=0.00s
[17.084s][info ][gc,start       ] GC(2398) Pause Young (Allocation Failure)
[17.084s][debug][gc,age         ] GC(2398) Desired survivor size 1114112 bytes, new threshold 1 (max threshold 15)
[17.084s][info ][gc,heap        ] GC(2398) DefNew: 19092K->1955K(19648K)
[17.084s][info ][gc,heap        ] GC(2398) Tenured: 32458K->33240K(43712K)
[17.084s][info ][gc,metaspace   ] GC(2398) Metaspace: 16404K->16404K(1064960K)
[17.084s][info ][gc             ] GC(2398) Pause Young (Allocation Failure) 50M->34M(61M) 0.731ms
[17.084s][info ][gc,cpu         ] GC(2398) User=0.00s Sys=0.00s Real=0.00s
[17.086s][info ][gc,start       ] GC(2399) Pause Young (Allocation Failure)
[17.086s][debug][gc,age         ] GC(2399) Desired survivor size 1114112 bytes, new threshold 1 (max threshold 15)
[17.086s][info ][gc,heap        ] GC(2399) DefNew: 19407K->1173K(19648K)
[17.086s][info ][gc,heap        ] GC(2399) Tenured: 33240K->33241K(43712K)
[17.086s][info ][gc,metaspace   ] GC(2399) Metaspace: 16404K->16404K(1064960K)
[17.086s][info ][gc             ] GC(2399) Pause Young (Allocation Failure) 51M->33M(61M) 0.505ms
[17.086s][info ][gc,cpu         ] GC(2399) User=0.00s Sys=0.00s Real=0.00s
[17.088s][info ][gc,start       ] GC(2400) Pause Young (Allocation Failure)
[17.089s][debug][gc,age         ] GC(2400) Desired survivor size 1114112 bytes, new threshold 1 (max threshold 15)
[17.089s][info ][gc,heap        ] GC(2400) DefNew: 18330K->1955K(19648K)
[17.089s][info ][gc,heap        ] GC(2400) Tenured: 33241K->33241K(43712K)
[17.089s][info ][gc,metaspace   ] GC(2400) Metaspace: 16404K->16404K(1064960K)
[17.089s][info ][gc             ] GC(2400) Pause Young (Allocation Failure) 50M->34M(61M) 0.662ms
[17.089s][info ][gc,cpu         ] GC(2400) User=0.00s Sys=0.00s Real=0.00s
[17.090s][info ][gc,start       ] GC(2401) Pause Young (Allocation Failure)
[17.091s][debug][gc,age         ] GC(2401) Desired survivor size 1114112 bytes, new threshold 1 (max threshold 15)
[17.091s][info ][gc,heap        ] GC(2401) DefNew: 19111K->1564K(19648K)
[17.091s][info ][gc,heap        ] GC(2401) Tenured: 33241K->33632K(43712K)
[17.091s][info ][gc,metaspace   ] GC(2401) Metaspace: 16404K->16404K(1064960K)
[17.091s][info ][gc             ] GC(2401) Pause Young (Allocation Failure) 51M->34M(61M) 0.551ms
[17.091s][info ][gc,cpu         ] GC(2401) User=0.00s Sys=0.00s Real=0.00s
[17.092s][info ][gc,start       ] GC(2402) Pause Young (Allocation Failure)
[17.093s][debug][gc,age         ] GC(2402) Desired survivor size 1114112 bytes, new threshold 15 (max threshold 15)
[17.093s][info ][gc,heap        ] GC(2402) DefNew: 19036K->782K(19648K)
[17.093s][info ][gc,heap        ] GC(2402) Tenured: 33632K->34414K(43712K)
[17.093s][info ][gc,metaspace   ] GC(2402) Metaspace: 16404K->16404K(1064960K)
[17.093s][info ][gc             ] GC(2402) Pause Young (Allocation Failure) 51M->34M(61M) 0.539ms
[17.093s][info ][gc,cpu         ] GC(2402) User=0.00s Sys=0.00s Real=0.00s
[17.094s][info ][gc,start       ] GC(2403) Pause Young (Allocation Failure)
[17.095s][debug][gc,age         ] GC(2403) Desired survivor size 1114112 bytes, new threshold 1 (max threshold 15)
[17.095s][info ][gc,heap        ] GC(2403) DefNew: 18251K->1955K(19648K)
[17.095s][info ][gc,heap        ] GC(2403) Tenured: 34414K->34804K(43712K)
[17.095s][info ][gc,metaspace   ] GC(2403) Metaspace: 16404K->16404K(1064960K)
[17.095s][info ][gc             ] GC(2403) Pause Young (Allocation Failure) 51M->35M(61M) 0.560ms
[17.095s][info ][gc,cpu         ] GC(2403) User=0.00s Sys=0.00s Real=0.00s
[17.096s][info ][gc,start       ] GC(2404) Pause Young (Allocation Failure)
[17.097s][debug][gc,age         ] GC(2404) Desired survivor size 1114112 bytes, new threshold 15 (max threshold 15)
[17.097s][info ][gc,heap        ] GC(2404) DefNew: 19331K->391K(19648K)
[17.097s][info ][gc,heap        ] GC(2404) Tenured: 34804K->35196K(43712K)
[17.097s][info ][gc,metaspace   ] GC(2404) Metaspace: 16404K->16404K(1064960K)
[17.097s][info ][gc             ] GC(2404) Pause Young (Allocation Failure) 52M->34M(61M) 0.587ms
[17.097s][info ][gc,cpu         ] GC(2404) User=0.00s Sys=0.00s Real=0.00s
[17.098s][info ][gc,start       ] GC(2405) Pause Young (Allocation Failure)
[17.099s][debug][gc,age         ] GC(2405) Desired survivor size 1114112 bytes, new threshold 1 (max threshold 15)
[17.099s][info ][gc,heap        ] GC(2405) DefNew: 17563K->1955K(19648K)
[17.099s][info ][gc,heap        ] GC(2405) Tenured: 35196K->35196K(43712K)
[17.099s][info ][gc,metaspace   ] GC(2405) Metaspace: 16404K->16404K(1064960K)
[17.099s][info ][gc             ] GC(2405) Pause Young (Allocation Failure) 51M->36M(61M) 0.699ms
[17.099s][info ][gc,cpu         ] GC(2405) User=0.00s Sys=0.00s Real=0.00s
[17.101s][info ][gc,start       ] GC(2406) Pause Young (Allocation Failure)
[17.101s][debug][gc,age         ] GC(2406) Desired survivor size 1114112 bytes, new threshold 1 (max threshold 15)
[17.101s][info ][gc,heap        ] GC(2406) DefNew: 19166K->1955K(19648K)
[17.101s][info ][gc,heap        ] GC(2406) Tenured: 35196K->35197K(43712K)
[17.101s][info ][gc,metaspace   ] GC(2406) Metaspace: 16404K->16404K(1064960K)
[17.101s][info ][gc             ] GC(2406) Pause Young (Allocation Failure) 53M->36M(61M) 0.697ms
[17.101s][info ][gc,cpu         ] GC(2406) User=0.00s Sys=0.00s Real=0.00s
[17.103s][info ][gc,start       ] GC(2407) Pause Young (Allocation Failure)
[17.103s][debug][gc,age         ] GC(2407) Desired survivor size 1114112 bytes, new threshold 1 (max threshold 15)
[17.103s][info ][gc,heap        ] GC(2407) DefNew: 19088K->1954K(19648K)
[17.103s][info ][gc,heap        ] GC(2407) Tenured: 35197K->35588K(43712K)
[17.103s][info ][gc,metaspace   ] GC(2407) Metaspace: 16404K->16404K(1064960K)
[17.104s][info ][gc             ] GC(2407) Pause Young (Allocation Failure) 53M->36M(61M) 0.717ms
[17.104s][info ][gc,cpu         ] GC(2407) User=0.00s Sys=0.00s Real=0.00s
[17.105s][info ][gc,start       ] GC(2408) Pause Young (Allocation Failure)
[17.106s][debug][gc,age         ] GC(2408) Desired survivor size 1114112 bytes, new threshold 1 (max threshold 15)
[17.106s][info ][gc,heap        ] GC(2408) DefNew: 19153K->1955K(19648K)
[17.106s][info ][gc,heap        ] GC(2408) Tenured: 35588K->36369K(43712K)
[17.106s][info ][gc,metaspace   ] GC(2408) Metaspace: 16404K->16404K(1064960K)
[17.106s][info ][gc             ] GC(2408) Pause Young (Allocation Failure) 53M->37M(61M) 0.875ms
[17.106s][info ][gc,cpu         ] GC(2408) User=0.00s Sys=0.00s Real=0.00s
[17.107s][info ][gc,start       ] GC(2409) Pause Young (Allocation Failure)
[17.108s][debug][gc,age         ] GC(2409) Desired survivor size 1114112 bytes, new threshold 1 (max threshold 15)
[17.108s][info ][gc,heap        ] GC(2409) DefNew: 19127K->1955K(19648K)
[17.108s][info ][gc,heap        ] GC(2409) Tenured: 36369K->37151K(43712K)
[17.108s][info ][gc,metaspace   ] GC(2409) Metaspace: 16404K->16404K(1064960K)
[17.108s][info ][gc             ] GC(2409) Pause Young (Allocation Failure) 54M->38M(61M) 0.754ms
[17.108s][info ][gc,cpu         ] GC(2409) User=0.00s Sys=0.00s Real=0.00s
[17.109s][info ][gc,start       ] GC(2410) Pause Young (Allocation Failure)
[17.110s][debug][gc,age         ] GC(2410) Desired survivor size 1114112 bytes, new threshold 1 (max threshold 15)
[17.110s][info ][gc,heap        ] GC(2410) DefNew: 19122K->1173K(19648K)
[17.110s][info ][gc,heap        ] GC(2410) Tenured: 37151K->37151K(43712K)
[17.110s][info ][gc,metaspace   ] GC(2410) Metaspace: 16404K->16404K(1064960K)
[17.110s][info ][gc             ] GC(2410) Pause Young (Allocation Failure) 54M->37M(61M) 0.548ms
[17.110s][info ][gc,cpu         ] GC(2410) User=0.00s Sys=0.00s Real=0.00s
[17.111s][info ][gc,start       ] GC(2411) Pause Young (Allocation Failure)
[17.112s][debug][gc,age         ] GC(2411) Desired survivor size 1114112 bytes, new threshold 1 (max threshold 15)
[17.112s][info ][gc,heap        ] GC(2411) DefNew: 18337K->1955K(19648K)
[17.112s][info ][gc,heap        ] GC(2411) Tenured: 37151K->37933K(43712K)
[17.112s][info ][gc,metaspace   ] GC(2411) Metaspace: 16404K->16404K(1064960K)
[17.112s][info ][gc             ] GC(2411) Pause Young (Allocation Failure) 54M->38M(61M) 0.727ms
[17.112s][info ][gc,cpu         ] GC(2411) User=0.00s Sys=0.00s Real=0.00s
[17.113s][info ][gc,start       ] GC(2412) Pause Young (Allocation Failure)
[17.114s][debug][gc,age         ] GC(2412) Desired survivor size 1114112 bytes, new threshold 1 (max threshold 15)
[17.114s][info ][gc,heap        ] GC(2412) DefNew: 19108K->1564K(19648K)
[17.114s][info ][gc,heap        ] GC(2412) Tenured: 37933K->38324K(43712K)
[17.114s][info ][gc,metaspace   ] GC(2412) Metaspace: 16404K->16404K(1064960K)
[17.114s][info ][gc             ] GC(2412) Pause Young (Allocation Failure) 55M->38M(61M) 0.709ms
[17.114s][info ][gc,cpu         ] GC(2412) User=0.00s Sys=0.00s Real=0.00s
[17.115s][info ][gc,start       ] GC(2413) Pause Young (Allocation Failure)
[17.116s][debug][gc,age         ] GC(2413) Desired survivor size 1114112 bytes, new threshold 1 (max threshold 15)
[17.116s][info ][gc,heap        ] GC(2413) DefNew: 18716K->1173K(19648K)
[17.116s][info ][gc,heap        ] GC(2413) Tenured: 38324K->38324K(43712K)
[17.116s][info ][gc,metaspace   ] GC(2413) Metaspace: 16404K->16404K(1064960K)
[17.116s][info ][gc             ] GC(2413) Pause Young (Allocation Failure) 55M->38M(61M) 0.613ms
[17.116s][info ][gc,cpu         ] GC(2413) User=0.00s Sys=0.00s Real=0.00s
[17.117s][info ][gc,start       ] GC(2414) Pause Young (Allocation Failure)
[17.118s][debug][gc,age         ] GC(2414) Desired survivor size 1114112 bytes, new threshold 1 (max threshold 15)
[17.118s][info ][gc,heap        ] GC(2414) DefNew: 18329K->1954K(19648K)
[17.118s][info ][gc,heap        ] GC(2414) Tenured: 38324K->38715K(43712K)
[17.118s][info ][gc,metaspace   ] GC(2414) Metaspace: 16404K->16404K(1064960K)
[17.118s][info ][gc             ] GC(2414) Pause Young (Allocation Failure) 55M->39M(61M) 0.831ms
[17.118s][info ][gc,cpu         ] GC(2414) User=0.00s Sys=0.00s Real=0.00s
[17.120s][info ][gc,start       ] GC(2415) Pause Young (Allocation Failure)
[17.120s][debug][gc,age         ] GC(2415) Desired survivor size 1114112 bytes, new threshold 1 (max threshold 15)
[17.120s][info ][gc,heap        ] GC(2415) DefNew: 19143K->1955K(19648K)
[17.120s][info ][gc,heap        ] GC(2415) Tenured: 38715K->39106K(43712K)
[17.120s][info ][gc,metaspace   ] GC(2415) Metaspace: 16404K->16404K(1064960K)
[17.120s][info ][gc             ] GC(2415) Pause Young (Allocation Failure) 56M->40M(61M) 0.628ms
[17.120s][info ][gc,cpu         ] GC(2415) User=0.00s Sys=0.00s Real=0.00s
[17.121s][info ][gc,start       ] GC(2416) Pause Young (Allocation Failure)
[17.122s][debug][gc,age         ] GC(2416) Desired survivor size 1114112 bytes, new threshold 1 (max threshold 15)
[17.122s][info ][gc,heap        ] GC(2416) DefNew: 19127K->1955K(19648K)
[17.122s][info ][gc,heap        ] GC(2416) Tenured: 39106K->39497K(43712K)
[17.122s][info ][gc,metaspace   ] GC(2416) Metaspace: 16404K->16404K(1064960K)
[17.122s][info ][gc             ] GC(2416) Pause Young (Allocation Failure) 56M->40M(61M) 0.562ms
[17.122s][info ][gc,cpu         ] GC(2416) User=0.00s Sys=0.01s Real=0.00s
[17.123s][info ][gc,start       ] GC(2417) Pause Young (Allocation Failure)
[17.124s][debug][gc,age         ] GC(2417) Desired survivor size 1114112 bytes, new threshold 1 (max threshold 15)
[17.124s][info ][gc,heap        ] GC(2417) DefNew: 19070K->1564K(19648K)
[17.124s][info ][gc,heap        ] GC(2417) Tenured: 39497K->39888K(43712K)
[17.124s][info ][gc,metaspace   ] GC(2417) Metaspace: 16404K->16404K(1064960K)
[17.124s][info ][gc             ] GC(2417) Pause Young (Allocation Failure) 57M->40M(61M) 0.561ms
[17.124s][info ][gc,cpu         ] GC(2417) User=0.01s Sys=0.00s Real=0.00s
[17.125s][info ][gc,start       ] GC(2418) Pause Young (Allocation Failure)
[17.126s][debug][gc,age         ] GC(2418) Desired survivor size 1114112 bytes, new threshold 1 (max threshold 15)
[17.126s][info ][gc,heap        ] GC(2418) DefNew: 18651K->1564K(19648K)
[17.126s][info ][gc,heap        ] GC(2418) Tenured: 39888K->40670K(43712K)
[17.126s][info ][gc,metaspace   ] GC(2418) Metaspace: 16404K->16404K(1064960K)
[17.126s][info ][gc             ] GC(2418) Pause Young (Allocation Failure) 57M->41M(61M) 0.604ms
[17.126s][info ][gc,cpu         ] GC(2418) User=0.00s Sys=0.00s Real=0.00s
[17.127s][info ][gc,start       ] GC(2419) Pause Young (Allocation Failure)
[17.128s][debug][gc,age         ] GC(2419) Desired survivor size 1114112 bytes, new threshold 1 (max threshold 15)
[17.128s][info ][gc,heap        ] GC(2419) DefNew: 18692K->1955K(19648K)
[17.128s][info ][gc,heap        ] GC(2419) Tenured: 40670K->40670K(43712K)
[17.128s][info ][gc,metaspace   ] GC(2419) Metaspace: 16404K->16404K(1064960K)
[17.128s][info ][gc             ] GC(2419) Pause Young (Allocation Failure) 57M->41M(61M) 0.604ms
[17.128s][info ][gc,cpu         ] GC(2419) User=0.00s Sys=0.00s Real=0.00s
[17.129s][info ][gc,start       ] GC(2420) Pause Young (Allocation Failure)
[17.130s][debug][gc,age         ] GC(2420) Desired survivor size 1114112 bytes, new threshold 1 (max threshold 15)
[17.130s][info ][gc,heap        ] GC(2420) DefNew: 19148K->1955K(19648K)
[17.130s][info ][gc,heap        ] GC(2420) Tenured: 40670K->41452K(43712K)
[17.130s][info ][gc,metaspace   ] GC(2420) Metaspace: 16404K->16404K(1064960K)
[17.130s][info ][gc             ] GC(2420) Pause Young (Allocation Failure) 58M->42M(61M) 0.810ms
[17.130s][info ][gc,cpu         ] GC(2420) User=0.00s Sys=0.00s Real=0.00s
[17.132s][info ][gc,start       ] GC(2421) Pause Young (Allocation Failure)
[17.132s][debug][gc,age         ] GC(2421) Desired survivor size 1114112 bytes, new threshold 1 (max threshold 15)
[17.132s][info ][gc,heap        ] GC(2421) DefNew: 19080K->1955K(19648K)
[17.132s][info ][gc,heap        ] GC(2421) Tenured: 41452K->41843K(43712K)
[17.132s][info ][gc,metaspace   ] GC(2421) Metaspace: 16404K->16404K(1064960K)
[17.132s][info ][gc             ] GC(2421) Pause Young (Allocation Failure) 59M->42M(61M) 0.596ms
[17.132s][info ][gc,cpu         ] GC(2421) User=0.01s Sys=0.00s Real=0.00s
[17.133s][info ][gc,start       ] GC(2422) Pause Young (Allocation Failure)
[17.134s][debug][gc,age         ] GC(2422) Desired survivor size 1114112 bytes, new threshold 1 (max threshold 15)
[17.134s][info ][gc,heap        ] GC(2422) DefNew: 19134K->1955K(19648K)
[17.134s][info ][gc,heap        ] GC(2422) Tenured: 41843K->42233K(43712K)
[17.134s][info ][gc,metaspace   ] GC(2422) Metaspace: 16404K->16404K(1064960K)
[17.134s][info ][gc             ] GC(2422) Pause Young (Allocation Failure) 59M->43M(61M) 0.554ms
[17.134s][info ][gc,cpu         ] GC(2422) User=0.00s Sys=0.00s Real=0.00s
[17.135s][info ][gc,start       ] GC(2423) Pause Young (Allocation Failure)
[17.136s][debug][gc,age         ] GC(2423) Desired survivor size 1114112 bytes, new threshold 1 (max threshold 15)
[17.136s][info ][gc,heap        ] GC(2423) DefNew: 19121K->1955K(19648K)
[17.136s][info ][gc,heap        ] GC(2423) Tenured: 42233K->42233K(43712K)
[17.136s][info ][gc,metaspace   ] GC(2423) Metaspace: 16404K->16404K(1064960K)
[17.136s][info ][gc             ] GC(2423) Pause Young (Allocation Failure) 59M->43M(61M) 0.549ms
[17.136s][info ][gc,cpu         ] GC(2423) User=0.00s Sys=0.00s Real=0.00s
[17.137s][info ][gc,start       ] GC(2424) Pause Young (Allocation Failure)
[17.138s][debug][gc,age         ] GC(2424) Desired survivor size 1114112 bytes, new threshold 1 (max threshold 15)
[17.138s][info ][gc,heap        ] GC(2424) DefNew: 19111K->1955K(19648K)
[17.138s][info ][gc,heap        ] GC(2424) Tenured: 42233K->43405K(43712K)
[17.138s][info ][gc,metaspace   ] GC(2424) Metaspace: 16404K->16404K(1064960K)
[17.138s][info ][gc             ] GC(2424) Pause Young (Allocation Failure) 59M->44M(61M) 0.667ms
[17.138s][info ][gc,cpu         ] GC(2424) User=0.00s Sys=0.00s Real=0.00s
[17.139s][info ][gc,start       ] GC(2425) Pause Young (Allocation Failure)
[17.139s][info ][gc,start       ] GC(2426) Pause Full (Allocation Failure)
[17.139s][info ][gc,phases,start] GC(2426) Phase 1: Mark live objects
[17.143s][debug][gc,phases      ] GC(2426) Reference Processing 0.048ms
[17.143s][debug][gc,phases      ] GC(2426) Weak Processing 0.034ms
[17.143s][debug][gc,phases      ] GC(2426) ClassLoaderData 0.040ms
[17.143s][debug][gc,phases      ] GC(2426) ProtectionDomainCacheTable 0.002ms
[17.143s][debug][gc,phases      ] GC(2426) ResolvedMethodTable 0.016ms
[17.143s][debug][gc,phases      ] GC(2426) Class Unloading 0.785ms
[17.143s][debug][gc,phases      ] GC(2426) Scrub String Table 0.058ms
[17.144s][debug][gc,phases      ] GC(2426) Scrub Symbol Table 1.007ms
[17.144s][info ][gc,phases      ] GC(2426) Phase 1: Mark live objects 5.060ms
[17.144s][info ][gc,phases,start] GC(2426) Phase 2: Compute new object addresses
[17.145s][info ][gc,phases      ] GC(2426) Phase 2: Compute new object addresses 0.915ms
[17.145s][info ][gc,phases,start] GC(2426) Phase 3: Adjust pointers
[17.149s][info ][gc,phases      ] GC(2426) Phase 3: Adjust pointers 4.031ms
[17.150s][info ][gc,phases,start] GC(2426) Phase 4: Move objects
[17.150s][info ][gc,phases      ] GC(2426) Phase 4: Move objects 0.450ms
[17.150s][info ][gc             ] GC(2426) Pause Full (Allocation Failure) 61M->6M(61M) 10.812ms
[17.150s][info ][gc,heap        ] GC(2425) DefNew: 19106K->0K(19648K)
[17.150s][info ][gc,heap        ] GC(2425) Tenured: 43405K->6271K(43712K)
[17.150s][info ][gc,metaspace   ] GC(2425) Metaspace: 16404K->16404K(1064960K)
[17.150s][info ][gc             ] GC(2425) Pause Young (Allocation Failure) 61M->6M(61M) 11.025ms
[17.150s][info ][gc,cpu         ] GC(2425) User=0.01s Sys=0.00s Real=0.01s
[17.152s][info ][gc,start       ] GC(2427) Pause Young (Allocation Failure)
[17.152s][debug][gc,age         ] GC(2427) Desired survivor size 1114112 bytes, new threshold 1 (max threshold 15)
[17.152s][info ][gc,heap        ] GC(2427) DefNew: 17147K->1956K(19648K)
[17.152s][info ][gc,heap        ] GC(2427) Tenured: 6271K->6662K(43712K)
[17.152s][info ][gc,metaspace   ] GC(2427) Metaspace: 16404K->16404K(1064960K)
[17.152s][info ][gc             ] GC(2427) Pause Young (Allocation Failure) 22M->8M(61M) 0.588ms
[17.152s][info ][gc,cpu         ] GC(2427) User=0.00s Sys=0.00s Real=0.00s
[17.153s][info ][gc,start       ] GC(2428) Pause Young (Allocation Failure)
[17.154s][debug][gc,age         ] GC(2428) Desired survivor size 1114112 bytes, new threshold 1 (max threshold 15)
[17.154s][info ][gc,heap        ] GC(2428) DefNew: 19100K->1955K(19648K)
[17.154s][info ][gc,heap        ] GC(2428) Tenured: 6662K->7053K(43712K)
[17.154s][info ][gc,metaspace   ] GC(2428) Metaspace: 16404K->16404K(1064960K)
[17.154s][info ][gc             ] GC(2428) Pause Young (Allocation Failure) 25M->8M(61M) 0.596ms
[17.154s][info ][gc,cpu         ] GC(2428) User=0.00s Sys=0.00s Real=0.00s
[17.155s][info ][gc,start       ] GC(2429) Pause Young (Allocation Failure)
[17.156s][debug][gc,age         ] GC(2429) Desired survivor size 1114112 bytes, new threshold 1 (max threshold 15)
[17.156s][info ][gc,heap        ] GC(2429) DefNew: 19098K->1955K(19648K)
[17.156s][info ][gc,heap        ] GC(2429) Tenured: 7053K->7053K(43712K)
[17.156s][info ][gc,metaspace   ] GC(2429) Metaspace: 16404K->16404K(1064960K)
[17.156s][info ][gc             ] GC(2429) Pause Young (Allocation Failure) 25M->8M(61M) 0.506ms
[17.156s][info ][gc,cpu         ] GC(2429) User=0.00s Sys=0.00s Real=0.00s
[17.157s][info ][gc,start       ] GC(2430) Pause Young (Allocation Failure)
[17.158s][debug][gc,age         ] GC(2430) Desired survivor size 1114112 bytes, new threshold 1 (max threshold 15)
[17.158s][info ][gc,heap        ] GC(2430) DefNew: 19097K->1955K(19648K)
[17.158s][info ][gc,heap        ] GC(2430) Tenured: 7053K->7444K(43712K)
[17.158s][info ][gc,metaspace   ] GC(2430) Metaspace: 16404K->16404K(1064960K)
[17.158s][info ][gc             ] GC(2430) Pause Young (Allocation Failure) 25M->9M(61M) 0.593ms
[17.158s][info ][gc,cpu         ] GC(2430) User=0.00s Sys=0.00s Real=0.00s
[17.159s][info ][gc,start       ] GC(2431) Pause Young (Allocation Failure)
[17.160s][debug][gc,age         ] GC(2431) Desired survivor size 1114112 bytes, new threshold 1 (max threshold 15)
[17.160s][info ][gc,heap        ] GC(2431) DefNew: 19097K->1955K(19648K)
[17.160s][info ][gc,heap        ] GC(2431) Tenured: 7444K->7444K(43712K)
[17.160s][info ][gc,metaspace   ] GC(2431) Metaspace: 16404K->16404K(1064960K)
[17.160s][info ][gc             ] GC(2431) Pause Young (Allocation Failure) 25M->9M(61M) 0.642ms
[17.160s][info ][gc,cpu         ] GC(2431) User=0.00s Sys=0.00s Real=0.01s
[17.161s][info ][gc,start       ] GC(2432) Pause Young (Allocation Failure)
[17.162s][debug][gc,age         ] GC(2432) Desired survivor size 1114112 bytes, new threshold 1 (max threshold 15)
[17.162s][info ][gc,heap        ] GC(2432) DefNew: 19096K->1955K(19648K)
[17.162s][info ][gc,heap        ] GC(2432) Tenured: 7444K->8616K(43712K)
[17.162s][info ][gc,metaspace   ] GC(2432) Metaspace: 16404K->16404K(1064960K)
[17.162s][info ][gc             ] GC(2432) Pause Young (Allocation Failure) 25M->10M(61M) 0.643ms
[17.162s][info ][gc,cpu         ] GC(2432) User=0.00s Sys=0.00s Real=0.00s
[17.163s][info ][gc,start       ] GC(2433) Pause Young (Allocation Failure)
[17.164s][debug][gc,age         ] GC(2433) Desired survivor size 1114112 bytes, new threshold 1 (max threshold 15)
[17.164s][info ][gc,heap        ] GC(2433) DefNew: 19096K->1955K(19648K)
[17.164s][info ][gc,heap        ] GC(2433) Tenured: 8616K->8616K(43712K)
[17.164s][info ][gc,metaspace   ] GC(2433) Metaspace: 16404K->16404K(1064960K)
[17.164s][info ][gc             ] GC(2433) Pause Young (Allocation Failure) 27M->10M(61M) 0.653ms
[17.164s][info ][gc,cpu         ] GC(2433) User=0.00s Sys=0.00s Real=0.00s
[17.165s][info ][gc,start       ] GC(2434) Pause Young (Allocation Failure)
[17.166s][debug][gc,age         ] GC(2434) Desired survivor size 1114112 bytes, new threshold 1 (max threshold 15)
[17.166s][info ][gc,heap        ] GC(2434) DefNew: 19056K->1955K(19648K)
[17.166s][info ][gc,heap        ] GC(2434) Tenured: 8616K->8616K(43712K)
[17.166s][info ][gc,metaspace   ] GC(2434) Metaspace: 16404K->16404K(1064960K)
[17.166s][info ][gc             ] GC(2434) Pause Young (Allocation Failure) 27M->10M(61M) 0.540ms
[17.166s][info ][gc,cpu         ] GC(2434) User=0.00s Sys=0.00s Real=0.00s
[17.167s][info ][gc,start       ] GC(2435) Pause Young (Allocation Failure)
[17.168s][debug][gc,age         ] GC(2435) Desired survivor size 1114112 bytes, new threshold 1 (max threshold 15)
[17.168s][info ][gc,heap        ] GC(2435) DefNew: 19110K->1955K(19648K)
[17.168s][info ][gc,heap        ] GC(2435) Tenured: 8616K->8616K(43712K)
[17.168s][info ][gc,metaspace   ] GC(2435) Metaspace: 16404K->16404K(1064960K)
[17.168s][info ][gc             ] GC(2435) Pause Young (Allocation Failure) 27M->10M(61M) 0.601ms
[17.168s][info ][gc,cpu         ] GC(2435) User=0.00s Sys=0.00s Real=0.00s
[17.169s][info ][gc,start       ] GC(2436) Pause Young (Allocation Failure)
[17.169s][debug][gc,age         ] GC(2436) Desired survivor size 1114112 bytes, new threshold 1 (max threshold 15)
[17.169s][info ][gc,heap        ] GC(2436) DefNew: 19105K->1564K(19648K)
[17.169s][info ][gc,heap        ] GC(2436) Tenured: 8616K->8616K(43712K)
[17.169s][info ][gc,metaspace   ] GC(2436) Metaspace: 16404K->16404K(1064960K)
[17.169s][info ][gc             ] GC(2436) Pause Young (Allocation Failure) 27M->9M(61M) 0.482ms
[17.169s][info ][gc,cpu         ] GC(2436) User=0.00s Sys=0.00s Real=0.01s
[17.171s][info ][gc,start       ] GC(2437) Pause Young (Allocation Failure)
[17.171s][debug][gc,age         ] GC(2437) Desired survivor size 1114112 bytes, new threshold 1 (max threshold 15)
[17.171s][info ][gc,heap        ] GC(2437) DefNew: 18711K->1955K(19648K)
[17.171s][info ][gc,heap        ] GC(2437) Tenured: 8616K->9006K(43712K)
[17.171s][info ][gc,metaspace   ] GC(2437) Metaspace: 16404K->16404K(1064960K)
[17.171s][info ][gc             ] GC(2437) Pause Young (Allocation Failure) 26M->10M(61M) 0.669ms
[17.171s][info ][gc,cpu         ] GC(2437) User=0.00s Sys=0.00s Real=0.00s
[17.173s][info ][gc,start       ] GC(2438) Pause Young (Allocation Failure)
[17.173s][debug][gc,age         ] GC(2438) Desired survivor size 1114112 bytes, new threshold 1 (max threshold 15)
[17.173s][info ][gc,heap        ] GC(2438) DefNew: 19099K->1955K(19648K)
[17.173s][info ][gc,heap        ] GC(2438) Tenured: 9006K->10178K(43712K)
[17.173s][info ][gc,metaspace   ] GC(2438) Metaspace: 16404K->16404K(1064960K)
[17.173s][info ][gc             ] GC(2438) Pause Young (Allocation Failure) 27M->11M(61M) 0.710ms
[17.173s][info ][gc,cpu         ] GC(2438) User=0.00s Sys=0.00s Real=0.00s
[17.175s][info ][gc,start       ] GC(2439) Pause Young (Allocation Failure)
[17.175s][debug][gc,age         ] GC(2439) Desired survivor size 1114112 bytes, new threshold 15 (max threshold 15)
[17.175s][info ][gc,heap        ] GC(2439) DefNew: 19098K->783K(19648K)
[17.175s][info ][gc,heap        ] GC(2439) Tenured: 10178K->10178K(43712K)
[17.175s][info ][gc,metaspace   ] GC(2439) Metaspace: 16404K->16404K(1064960K)
[17.175s][info ][gc             ] GC(2439) Pause Young (Allocation Failure) 28M->10M(61M) 0.403ms
[17.175s][info ][gc,cpu         ] GC(2439) User=0.00s Sys=0.00s Real=0.00s
[17.176s][info ][gc,start       ] GC(2440) Pause Young (Allocation Failure)
[17.177s][debug][gc,age         ] GC(2440) Desired survivor size 1114112 bytes, new threshold 1 (max threshold 15)
[17.177s][info ][gc,heap        ] GC(2440) DefNew: 17925K->1955K(19648K)
[17.177s][info ][gc,heap        ] GC(2440) Tenured: 10178K->10960K(43712K)
[17.177s][info ][gc,metaspace   ] GC(2440) Metaspace: 16404K->16404K(1064960K)
[17.177s][info ][gc             ] GC(2440) Pause Young (Allocation Failure) 27M->12M(61M) 0.725ms
[17.177s][info ][gc,cpu         ] GC(2440) User=0.00s Sys=0.00s Real=0.00s
[17.178s][info ][gc,start       ] GC(2441) Pause Young (Allocation Failure)
[17.179s][debug][gc,age         ] GC(2441) Desired survivor size 1114112 bytes, new threshold 1 (max threshold 15)
[17.179s][info ][gc,heap        ] GC(2441) DefNew: 19097K->1955K(19648K)
[17.179s][info ][gc,heap        ] GC(2441) Tenured: 10960K->11350K(43712K)
[17.179s][info ][gc,metaspace   ] GC(2441) Metaspace: 16404K->16404K(1064960K)
[17.179s][info ][gc             ] GC(2441) Pause Young (Allocation Failure) 29M->12M(61M) 0.648ms
[17.179s][info ][gc,cpu         ] GC(2441) User=0.00s Sys=0.00s Real=0.00s
[17.180s][info ][gc,start       ] GC(2442) Pause Young (Allocation Failure)
[17.181s][debug][gc,age         ] GC(2442) Desired survivor size 1114112 bytes, new threshold 1 (max threshold 15)
[17.181s][info ][gc,heap        ] GC(2442) DefNew: 19096K->1955K(19648K)
[17.181s][info ][gc,heap        ] GC(2442) Tenured: 11350K->11741K(43712K)
[17.181s][info ][gc,metaspace   ] GC(2442) Metaspace: 16404K->16404K(1064960K)
[17.181s][info ][gc             ] GC(2442) Pause Young (Allocation Failure) 29M->13M(61M) 0.704ms
[17.181s][info ][gc,cpu         ] GC(2442) User=0.00s Sys=0.00s Real=0.00s
[17.183s][info ][gc,start       ] GC(2443) Pause Young (Allocation Failure)
[17.183s][debug][gc,age         ] GC(2443) Desired survivor size 1114112 bytes, new threshold 1 (max threshold 15)
[17.183s][info ][gc,heap        ] GC(2443) DefNew: 19054K->1564K(19648K)
[17.183s][info ][gc,heap        ] GC(2443) Tenured: 11741K->11741K(43712K)
[17.183s][info ][gc,metaspace   ] GC(2443) Metaspace: 16404K->16404K(1064960K)
[17.183s][info ][gc             ] GC(2443) Pause Young (Allocation Failure) 30M->12M(61M) 0.481ms
[17.183s][info ][gc,cpu         ] GC(2443) User=0.00s Sys=0.00s Real=0.00s
[17.184s][info ][gc,start       ] GC(2444) Pause Young (Allocation Failure)
[17.185s][debug][gc,age         ] GC(2444) Desired survivor size 1114112 bytes, new threshold 1 (max threshold 15)
[17.185s][info ][gc,heap        ] GC(2444) DefNew: 18720K->1955K(19648K)
[17.185s][info ][gc,heap        ] GC(2444) Tenured: 11741K->12132K(43712K)
[17.185s][info ][gc,metaspace   ] GC(2444) Metaspace: 16404K->16404K(1064960K)
[17.185s][info ][gc             ] GC(2444) Pause Young (Allocation Failure) 29M->13M(61M) 0.723ms
[17.185s][info ][gc,cpu         ] GC(2444) User=0.00s Sys=0.00s Real=0.00s
[17.187s][info ][gc,start       ] GC(2445) Pause Young (Allocation Failure)
[17.187s][debug][gc,age         ] GC(2445) Desired survivor size 1114112 bytes, new threshold 1 (max threshold 15)
[17.187s][info ][gc,heap        ] GC(2445) DefNew: 19069K->1954K(19648K)
[17.187s][info ][gc,heap        ] GC(2445) Tenured: 12132K->12523K(43712K)
[17.187s][info ][gc,metaspace   ] GC(2445) Metaspace: 16404K->16404K(1064960K)
[17.187s][info ][gc             ] GC(2445) Pause Young (Allocation Failure) 30M->14M(61M) 0.723ms
[17.187s][info ][gc,cpu         ] GC(2445) User=0.00s Sys=0.00s Real=0.00s
[17.189s][info ][gc,start       ] GC(2446) Pause Young (Allocation Failure)
[17.189s][debug][gc,age         ] GC(2446) Desired survivor size 1114112 bytes, new threshold 1 (max threshold 15)
[17.189s][info ][gc,heap        ] GC(2446) DefNew: 19114K->1955K(19648K)
[17.189s][info ][gc,heap        ] GC(2446) Tenured: 12523K->12523K(43712K)
[17.189s][info ][gc,metaspace   ] GC(2446) Metaspace: 16404K->16404K(1064960K)
[17.189s][info ][gc             ] GC(2446) Pause Young (Allocation Failure) 30M->14M(61M) 0.608ms
[17.189s][info ][gc,cpu         ] GC(2446) User=0.00s Sys=0.00s Real=0.01s
[17.191s][info ][gc,start       ] GC(2447) Pause Young (Allocation Failure)
[17.191s][debug][gc,age         ] GC(2447) Desired survivor size 1114112 bytes, new threshold 1 (max threshold 15)
[17.191s][info ][gc,heap        ] GC(2447) DefNew: 19108K->1955K(19648K)
[17.191s][info ][gc,heap        ] GC(2447) Tenured: 12523K->13695K(43712K)
[17.191s][info ][gc,metaspace   ] GC(2447) Metaspace: 16404K->16404K(1064960K)
[17.191s][info ][gc             ] GC(2447) Pause Young (Allocation Failure) 30M->15M(61M) 0.651ms
[17.191s][info ][gc,cpu         ] GC(2447) User=0.00s Sys=0.00s Real=0.00s
[17.193s][info ][gc,start       ] GC(2448) Pause Young (Allocation Failure)
[17.193s][debug][gc,age         ] GC(2448) Desired survivor size 1114112 bytes, new threshold 1 (max threshold 15)
[17.193s][info ][gc,heap        ] GC(2448) DefNew: 19104K->1564K(19648K)
[17.193s][info ][gc,heap        ] GC(2448) Tenured: 13695K->13695K(43712K)
[17.193s][info ][gc,metaspace   ] GC(2448) Metaspace: 16404K->16404K(1064960K)
[17.193s][info ][gc             ] GC(2448) Pause Young (Allocation Failure) 32M->14M(61M) 0.488ms
[17.193s][info ][gc,cpu         ] GC(2448) User=0.00s Sys=0.00s Real=0.00s
[17.195s][info ][gc,start       ] GC(2449) Pause Young (Allocation Failure)
[17.195s][debug][gc,age         ] GC(2449) Desired survivor size 1114112 bytes, new threshold 1 (max threshold 15)
[17.195s][info ][gc,heap        ] GC(2449) DefNew: 18710K->1955K(19648K)
[17.195s][info ][gc,heap        ] GC(2449) Tenured: 13695K->14476K(43712K)
[17.195s][info ][gc,metaspace   ] GC(2449) Metaspace: 16404K->16404K(1064960K)
[17.195s][info ][gc             ] GC(2449) Pause Young (Allocation Failure) 31M->16M(61M) 0.625ms
[17.195s][info ][gc,cpu         ] GC(2449) User=0.00s Sys=0.00s Real=0.00s
[17.197s][info ][gc,start       ] GC(2450) Pause Young (Allocation Failure)
[17.197s][debug][gc,age         ] GC(2450) Desired survivor size 1114112 bytes, new threshold 1 (max threshold 15)
[17.198s][info ][gc,heap        ] GC(2450) DefNew: 19099K->1955K(19648K)
[17.198s][info ][gc,heap        ] GC(2450) Tenured: 14476K->14867K(43712K)
[17.198s][info ][gc,metaspace   ] GC(2450) Metaspace: 16404K->16404K(1064960K)
[17.198s][info ][gc             ] GC(2450) Pause Young (Allocation Failure) 32M->16M(61M) 0.895ms
[17.198s][info ][gc,cpu         ] GC(2450) User=0.00s Sys=0.00s Real=0.00s
[17.199s][info ][gc,start       ] GC(2451) Pause Young (Allocation Failure)
[17.200s][debug][gc,age         ] GC(2451) Desired survivor size 1114112 bytes, new threshold 1 (max threshold 15)
[17.200s][info ][gc,heap        ] GC(2451) DefNew: 19097K->1955K(19648K)
[17.200s][info ][gc,heap        ] GC(2451) Tenured: 14867K->15648K(43712K)
[17.200s][info ][gc,metaspace   ] GC(2451) Metaspace: 16404K->16404K(1064960K)
[17.200s][info ][gc             ] GC(2451) Pause Young (Allocation Failure) 33M->17M(61M) 0.773ms
[17.200s][info ][gc,cpu         ] GC(2451) User=0.00s Sys=0.00s Real=0.01s
[17.201s][info ][gc,start       ] GC(2452) Pause Young (Allocation Failure)
[17.202s][debug][gc,age         ] GC(2452) Desired survivor size 1114112 bytes, new threshold 1 (max threshold 15)
[17.202s][info ][gc,heap        ] GC(2452) DefNew: 19427K->1173K(19648K)
[17.202s][info ][gc,heap        ] GC(2452) Tenured: 15648K->16039K(43712K)
[17.202s][info ][gc,metaspace   ] GC(2452) Metaspace: 16404K->16404K(1064960K)
[17.202s][info ][gc             ] GC(2452) Pause Young (Allocation Failure) 34M->16M(61M) 0.733ms
[17.202s][info ][gc,cpu         ] GC(2452) User=0.00s Sys=0.00s Real=0.00s
[17.204s][info ][gc,start       ] GC(2453) Pause Young (Allocation Failure)
[17.205s][debug][gc,age         ] GC(2453) Desired survivor size 1114112 bytes, new threshold 1 (max threshold 15)
[17.205s][info ][gc,heap        ] GC(2453) DefNew: 18644K->1955K(19648K)
[17.205s][info ][gc,heap        ] GC(2453) Tenured: 16039K->16430K(43712K)
[17.205s][info ][gc,metaspace   ] GC(2453) Metaspace: 16404K->16404K(1064960K)
[17.205s][info ][gc             ] GC(2453) Pause Young (Allocation Failure) 33M->17M(61M) 0.922ms
[17.205s][info ][gc,cpu         ] GC(2453) User=0.00s Sys=0.00s Real=0.00s
[17.206s][info ][gc,start       ] GC(2454) Pause Young (Allocation Failure)
[17.207s][debug][gc,age         ] GC(2454) Desired survivor size 1114112 bytes, new threshold 1 (max threshold 15)
[17.207s][info ][gc,heap        ] GC(2454) DefNew: 19088K->1955K(19648K)
[17.207s][info ][gc,heap        ] GC(2454) Tenured: 16430K->17212K(43712K)
[17.207s][info ][gc,metaspace   ] GC(2454) Metaspace: 16404K->16404K(1064960K)
[17.207s][info ][gc             ] GC(2454) Pause Young (Allocation Failure) 34M->18M(61M) 0.657ms
[17.207s][info ][gc,cpu         ] GC(2454) User=0.00s Sys=0.00s Real=0.00s
[17.208s][info ][gc,start       ] GC(2455) Pause Young (Allocation Failure)
[17.208s][debug][gc,age         ] GC(2455) Desired survivor size 1114112 bytes, new threshold 1 (max threshold 15)
[17.208s][info ][gc,heap        ] GC(2455) DefNew: 19085K->1564K(19648K)
[17.208s][info ][gc,heap        ] GC(2455) Tenured: 17212K->17212K(43712K)
[17.208s][info ][gc,metaspace   ] GC(2455) Metaspace: 16404K->16404K(1064960K)
[17.208s][info ][gc             ] GC(2455) Pause Young (Allocation Failure) 35M->18M(61M) 0.460ms
[17.208s][info ][gc,cpu         ] GC(2455) User=0.00s Sys=0.00s Real=0.00s
[17.210s][info ][gc,start       ] GC(2456) Pause Young (Allocation Failure)
[17.210s][debug][gc,age         ] GC(2456) Desired survivor size 1114112 bytes, new threshold 1 (max threshold 15)
[17.210s][info ][gc,heap        ] GC(2456) DefNew: 18748K->1955K(19648K)
[17.210s][info ][gc,heap        ] GC(2456) Tenured: 17212K->17212K(43712K)
[17.210s][info ][gc,metaspace   ] GC(2456) Metaspace: 16404K->16404K(1064960K)
[17.210s][info ][gc             ] GC(2456) Pause Young (Allocation Failure) 35M->18M(61M) 0.552ms
[17.210s][info ][gc,cpu         ] GC(2456) User=0.00s Sys=0.00s Real=0.00s
[17.212s][info ][gc,start       ] GC(2457) Pause Young (Allocation Failure)
[17.212s][debug][gc,age         ] GC(2457) Desired survivor size 1114112 bytes, new threshold 1 (max threshold 15)
[17.212s][info ][gc,heap        ] GC(2457) DefNew: 19124K->1955K(19648K)
[17.212s][info ][gc,heap        ] GC(2457) Tenured: 17212K->17994K(43712K)
[17.212s][info ][gc,metaspace   ] GC(2457) Metaspace: 16404K->16404K(1064960K)
[17.212s][info ][gc             ] GC(2457) Pause Young (Allocation Failure) 35M->19M(61M) 0.661ms
[17.212s][info ][gc,cpu         ] GC(2457) User=0.00s Sys=0.00s Real=0.00s
[17.214s][info ][gc,start       ] GC(2458) Pause Young (Allocation Failure)
[17.214s][debug][gc,age         ] GC(2458) Desired survivor size 1114112 bytes, new threshold 1 (max threshold 15)
[17.214s][info ][gc,heap        ] GC(2458) DefNew: 19114K->1955K(19648K)
[17.214s][info ][gc,heap        ] GC(2458) Tenured: 17994K->18775K(43712K)
[17.214s][info ][gc,metaspace   ] GC(2458) Metaspace: 16404K->16404K(1064960K)
[17.214s][info ][gc             ] GC(2458) Pause Young (Allocation Failure) 36M->20M(61M) 0.878ms
[17.214s][info ][gc,cpu         ] GC(2458) User=0.00s Sys=0.00s Real=0.00s
[17.216s][info ][gc,start       ] GC(2459) Pause Young (Allocation Failure)
[17.216s][debug][gc,age         ] GC(2459) Desired survivor size 1114112 bytes, new threshold 1 (max threshold 15)
[17.216s][info ][gc,heap        ] GC(2459) DefNew: 19107K->1955K(19648K)
[17.216s][info ][gc,heap        ] GC(2459) Tenured: 18775K->19556K(43712K)
[17.216s][info ][gc,metaspace   ] GC(2459) Metaspace: 16404K->16404K(1064960K)
[17.216s][info ][gc             ] GC(2459) Pause Young (Allocation Failure) 36M->21M(61M) 0.694ms
[17.216s][info ][gc,cpu         ] GC(2459) User=0.00s Sys=0.00s Real=0.00s
[17.218s][info ][gc,start       ] GC(2460) Pause Young (Allocation Failure)
[17.219s][debug][gc,age         ] GC(2460) Desired survivor size 1114112 bytes, new threshold 1 (max threshold 15)
[17.219s][info ][gc,heap        ] GC(2460) DefNew: 19103K->1173K(19648K)
[17.219s][info ][gc,heap        ] GC(2460) Tenured: 19556K->19947K(43712K)
[17.219s][info ][gc,metaspace   ] GC(2460) Metaspace: 16404K->16404K(1064960K)
[17.219s][info ][gc             ] GC(2460) Pause Young (Allocation Failure) 37M->20M(61M) 0.825ms
[17.219s][info ][gc,cpu         ] GC(2460) User=0.00s Sys=0.00s Real=0.00s
[17.220s][info ][gc,start       ] GC(2461) Pause Young (Allocation Failure)
[17.221s][debug][gc,age         ] GC(2461) Desired survivor size 1114112 bytes, new threshold 1 (max threshold 15)
[17.221s][info ][gc,heap        ] GC(2461) DefNew: 18274K->1955K(19648K)
[17.221s][info ][gc,heap        ] GC(2461) Tenured: 19947K->20338K(43712K)
[17.221s][info ][gc,metaspace   ] GC(2461) Metaspace: 16404K->16404K(1064960K)
[17.221s][info ][gc             ] GC(2461) Pause Young (Allocation Failure) 37M->21M(61M) 0.942ms
[17.221s][info ][gc,cpu         ] GC(2461) User=0.00s Sys=0.00s Real=0.00s
[17.222s][info ][gc,start       ] GC(2462) Pause Young (Allocation Failure)
[17.223s][debug][gc,age         ] GC(2462) Desired survivor size 1114112 bytes, new threshold 1 (max threshold 15)
[17.223s][info ][gc,heap        ] GC(2462) DefNew: 19063K->1955K(19648K)
[17.223s][info ][gc,heap        ] GC(2462) Tenured: 20338K->20338K(43712K)
[17.223s][info ][gc,metaspace   ] GC(2462) Metaspace: 16404K->16404K(1064960K)
[17.223s][info ][gc             ] GC(2462) Pause Young (Allocation Failure) 38M->21M(61M) 0.663ms
[17.223s][info ][gc,cpu         ] GC(2462) User=0.00s Sys=0.00s Real=0.00s
[17.224s][info ][gc,start       ] GC(2463) Pause Young (Allocation Failure)
[17.225s][debug][gc,age         ] GC(2463) Desired survivor size 1114112 bytes, new threshold 1 (max threshold 15)
[17.225s][info ][gc,heap        ] GC(2463) DefNew: 19126K->1955K(19648K)
[17.225s][info ][gc,heap        ] GC(2463) Tenured: 20338K->20339K(43712K)
[17.225s][info ][gc,metaspace   ] GC(2463) Metaspace: 16404K->16404K(1064960K)
[17.225s][info ][gc             ] GC(2463) Pause Young (Allocation Failure) 38M->21M(61M) 0.542ms
[17.225s][info ][gc,cpu         ] GC(2463) User=0.00s Sys=0.00s Real=0.00s
[17.226s][info ][gc,start       ] GC(2464) Pause Young (Allocation Failure)
[17.227s][debug][gc,age         ] GC(2464) Desired survivor size 1114112 bytes, new threshold 1 (max threshold 15)
[17.227s][info ][gc,heap        ] GC(2464) DefNew: 19076K->1955K(19648K)
[17.227s][info ][gc,heap        ] GC(2464) Tenured: 20339K->21120K(43712K)
[17.227s][info ][gc,metaspace   ] GC(2464) Metaspace: 16404K->16404K(1064960K)
[17.227s][info ][gc             ] GC(2464) Pause Young (Allocation Failure) 38M->22M(61M) 0.640ms
[17.227s][info ][gc,cpu         ] GC(2464) User=0.00s Sys=0.00s Real=0.00s
[17.228s][info ][gc,start       ] GC(2465) Pause Young (Allocation Failure)
[17.229s][debug][gc,age         ] GC(2465) Desired survivor size 1114112 bytes, new threshold 1 (max threshold 15)
[17.229s][info ][gc,heap        ] GC(2465) DefNew: 19070K->1955K(19648K)
[17.229s][info ][gc,heap        ] GC(2465) Tenured: 21120K->21511K(43712K)
[17.229s][info ][gc,metaspace   ] GC(2465) Metaspace: 16404K->16404K(1064960K)
[17.229s][info ][gc             ] GC(2465) Pause Young (Allocation Failure) 39M->22M(61M) 0.855ms
[17.229s][info ][gc,cpu         ] GC(2465) User=0.00s Sys=0.00s Real=0.01s
[17.231s][info ][gc,start       ] GC(2466) Pause Young (Allocation Failure)
[17.231s][debug][gc,age         ] GC(2466) Desired survivor size 1114112 bytes, new threshold 1 (max threshold 15)
[17.231s][info ][gc,heap        ] GC(2466) DefNew: 19131K->1955K(19648K)
[17.231s][info ][gc,heap        ] GC(2466) Tenured: 21511K->22292K(43712K)
[17.231s][info ][gc,metaspace   ] GC(2466) Metaspace: 16404K->16404K(1064960K)
[17.231s][info ][gc             ] GC(2466) Pause Young (Allocation Failure) 39M->23M(61M) 0.789ms
[17.231s][info ][gc,cpu         ] GC(2466) User=0.00s Sys=0.00s Real=0.00s
[17.233s][info ][gc,start       ] GC(2467) Pause Young (Allocation Failure)
[17.233s][debug][gc,age         ] GC(2467) Desired survivor size 1114112 bytes, new threshold 1 (max threshold 15)
[17.233s][info ][gc,heap        ] GC(2467) DefNew: 19119K->1955K(19648K)
[17.233s][info ][gc,heap        ] GC(2467) Tenured: 22292K->22293K(43712K)
[17.233s][info ][gc,metaspace   ] GC(2467) Metaspace: 16404K->16404K(1064960K)
[17.233s][info ][gc             ] GC(2467) Pause Young (Allocation Failure) 40M->23M(61M) 0.660ms
[17.233s][info ][gc,cpu         ] GC(2467) User=0.00s Sys=0.00s Real=0.00s
[17.235s][info ][gc,start       ] GC(2468) Pause Young (Allocation Failure)
[17.235s][debug][gc,age         ] GC(2468) Desired survivor size 1114112 bytes, new threshold 1 (max threshold 15)
[17.235s][info ][gc,heap        ] GC(2468) DefNew: 19110K->1564K(19648K)
[17.235s][info ][gc,heap        ] GC(2468) Tenured: 22293K->22293K(43712K)
[17.235s][info ][gc,metaspace   ] GC(2468) Metaspace: 16404K->16404K(1064960K)
[17.235s][info ][gc             ] GC(2468) Pause Young (Allocation Failure) 40M->23M(61M) 0.595ms
[17.235s][info ][gc,cpu         ] GC(2468) User=0.00s Sys=0.00s Real=0.00s
[17.237s][info ][gc,start       ] GC(2469) Pause Young (Allocation Failure)
[17.237s][debug][gc,age         ] GC(2469) Desired survivor size 1114112 bytes, new threshold 1 (max threshold 15)
[17.237s][info ][gc,heap        ] GC(2469) DefNew: 18714K->1955K(19648K)
[17.237s][info ][gc,heap        ] GC(2469) Tenured: 22293K->23074K(43712K)
[17.237s][info ][gc,metaspace   ] GC(2469) Metaspace: 16404K->16404K(1064960K)
[17.237s][info ][gc             ] GC(2469) Pause Young (Allocation Failure) 40M->24M(61M) 0.708ms
[17.237s][info ][gc,cpu         ] GC(2469) User=0.00s Sys=0.00s Real=0.00s
[17.239s][info ][gc,start       ] GC(2470) Pause Young (Allocation Failure)
[17.239s][debug][gc,age         ] GC(2470) Desired survivor size 1114112 bytes, new threshold 1 (max threshold 15)
[17.239s][info ][gc,heap        ] GC(2470) DefNew: 19102K->1955K(19648K)
[17.239s][info ][gc,heap        ] GC(2470) Tenured: 23074K->23074K(43712K)
[17.239s][info ][gc,metaspace   ] GC(2470) Metaspace: 16404K->16404K(1064960K)
[17.239s][info ][gc             ] GC(2470) Pause Young (Allocation Failure) 41M->24M(61M) 0.612ms
[17.239s][info ][gc,cpu         ] GC(2470) User=0.00s Sys=0.00s Real=0.01s
[17.241s][info ][gc,start       ] GC(2471) Pause Young (Allocation Failure)
[17.241s][debug][gc,age         ] GC(2471) Desired survivor size 1114112 bytes, new threshold 1 (max threshold 15)
[17.241s][info ][gc,heap        ] GC(2471) DefNew: 19099K->1955K(19648K)
[17.241s][info ][gc,heap        ] GC(2471) Tenured: 23074K->23855K(43712K)
[17.241s][info ][gc,metaspace   ] GC(2471) Metaspace: 16404K->16404K(1064960K)
[17.241s][info ][gc             ] GC(2471) Pause Young (Allocation Failure) 41M->25M(61M) 0.619ms
[17.241s][info ][gc,cpu         ] GC(2471) User=0.00s Sys=0.01s Real=0.00s
[17.243s][info ][gc,start       ] GC(2472) Pause Young (Allocation Failure)
[17.243s][debug][gc,age         ] GC(2472) Desired survivor size 1114112 bytes, new threshold 1 (max threshold 15)
[17.243s][info ][gc,heap        ] GC(2472) DefNew: 19098K->1955K(19648K)
[17.243s][info ][gc,heap        ] GC(2472) Tenured: 23855K->24246K(43712K)
[17.243s][info ][gc,metaspace   ] GC(2472) Metaspace: 16404K->16404K(1064960K)
[17.243s][info ][gc             ] GC(2472) Pause Young (Allocation Failure) 41M->25M(61M) 0.654ms
[17.243s][info ][gc,cpu         ] GC(2472) User=0.00s Sys=0.00s Real=0.00s
[17.245s][info ][gc,start       ] GC(2473) Pause Young (Allocation Failure)
[17.245s][debug][gc,age         ] GC(2473) Desired survivor size 1114112 bytes, new threshold 1 (max threshold 15)
[17.245s][info ][gc,heap        ] GC(2473) DefNew: 19097K->1955K(19648K)
[17.245s][info ][gc,heap        ] GC(2473) Tenured: 24246K->24637K(43712K)
[17.245s][info ][gc,metaspace   ] GC(2473) Metaspace: 16404K->16404K(1064960K)
[17.245s][info ][gc             ] GC(2473) Pause Young (Allocation Failure) 42M->25M(61M) 0.593ms
[17.245s][info ][gc,cpu         ] GC(2473) User=0.00s Sys=0.00s Real=0.00s
[17.246s][info ][gc,start       ] GC(2474) Pause Young (Allocation Failure)
[17.247s][debug][gc,age         ] GC(2474) Desired survivor size 1114112 bytes, new threshold 1 (max threshold 15)
[17.247s][info ][gc,heap        ] GC(2474) DefNew: 19097K->1955K(19648K)
[17.247s][info ][gc,heap        ] GC(2474) Tenured: 24637K->25418K(43712K)
[17.247s][info ][gc,metaspace   ] GC(2474) Metaspace: 16404K->16404K(1064960K)
[17.247s][info ][gc             ] GC(2474) Pause Young (Allocation Failure) 42M->26M(61M) 0.814ms
[17.247s][info ][gc,cpu         ] GC(2474) User=0.00s Sys=0.00s Real=0.00s
[17.249s][info ][gc,start       ] GC(2475) Pause Young (Allocation Failure)
[17.249s][debug][gc,age         ] GC(2475) Desired survivor size 1114112 bytes, new threshold 1 (max threshold 15)
[17.249s][info ][gc,heap        ] GC(2475) DefNew: 19053K->1955K(19648K)
[17.249s][info ][gc,heap        ] GC(2475) Tenured: 25418K->26200K(43712K)
[17.249s][info ][gc,metaspace   ] GC(2475) Metaspace: 16404K->16404K(1064960K)
[17.249s][info ][gc             ] GC(2475) Pause Young (Allocation Failure) 43M->27M(61M) 0.803ms
[17.249s][info ][gc,cpu         ] GC(2475) User=0.00s Sys=0.00s Real=0.01s
[17.251s][info ][gc,start       ] GC(2476) Pause Young (Allocation Failure)
[17.252s][debug][gc,age         ] GC(2476) Desired survivor size 1114112 bytes, new threshold 1 (max threshold 15)
[17.252s][info ][gc,heap        ] GC(2476) DefNew: 19111K->1955K(19648K)
[17.252s][info ][gc,heap        ] GC(2476) Tenured: 26200K->26200K(43712K)
[17.252s][info ][gc,metaspace   ] GC(2476) Metaspace: 16404K->16404K(1064960K)
[17.252s][info ][gc             ] GC(2476) Pause Young (Allocation Failure) 44M->27M(61M) 0.994ms
[17.252s][info ][gc,cpu         ] GC(2476) User=0.00s Sys=0.00s Real=0.00s
[17.254s][info ][gc,start       ] GC(2477) Pause Young (Allocation Failure)
[17.254s][debug][gc,age         ] GC(2477) Desired survivor size 1114112 bytes, new threshold 1 (max threshold 15)
[17.254s][info ][gc,heap        ] GC(2477) DefNew: 19427K->1954K(19648K)
[17.254s][info ][gc,heap        ] GC(2477) Tenured: 26200K->26591K(43712K)
[17.254s][info ][gc,metaspace   ] GC(2477) Metaspace: 16404K->16404K(1064960K)
[17.254s][info ][gc             ] GC(2477) Pause Young (Allocation Failure) 44M->27M(61M) 0.567ms
[17.254s][info ][gc,cpu         ] GC(2477) User=0.00s Sys=0.00s Real=0.00s
[17.256s][info ][gc,start       ] GC(2478) Pause Young (Allocation Failure)
[17.257s][debug][gc,age         ] GC(2478) Desired survivor size 1114112 bytes, new threshold 1 (max threshold 15)
[17.257s][info ][gc,heap        ] GC(2478) DefNew: 19116K->1955K(19648K)
[17.257s][info ][gc,heap        ] GC(2478) Tenured: 26591K->27372K(43712K)
[17.257s][info ][gc,metaspace   ] GC(2478) Metaspace: 16404K->16404K(1064960K)
[17.257s][info ][gc             ] GC(2478) Pause Young (Allocation Failure) 44M->28M(61M) 0.913ms
[17.257s][info ][gc,cpu         ] GC(2478) User=0.00s Sys=0.00s Real=0.00s
[17.258s][info ][gc,start       ] GC(2479) Pause Young (Allocation Failure)
[17.259s][debug][gc,age         ] GC(2479) Desired survivor size 1114112 bytes, new threshold 1 (max threshold 15)
[17.259s][info ][gc,heap        ] GC(2479) DefNew: 19427K->1173K(19648K)
[17.259s][info ][gc,heap        ] GC(2479) Tenured: 27372K->28154K(43712K)
[17.259s][info ][gc,metaspace   ] GC(2479) Metaspace: 16404K->16404K(1064960K)
[17.259s][info ][gc             ] GC(2479) Pause Young (Allocation Failure) 45M->28M(61M) 0.764ms
[17.259s][info ][gc,cpu         ] GC(2479) User=0.00s Sys=0.00s Real=0.00s
[17.260s][info ][gc,start       ] GC(2480) Pause Young (Allocation Failure)
[17.261s][debug][gc,age         ] GC(2480) Desired survivor size 1114112 bytes, new threshold 1 (max threshold 15)
[17.261s][info ][gc,heap        ] GC(2480) DefNew: 18339K->1955K(19648K)
[17.261s][info ][gc,heap        ] GC(2480) Tenured: 28154K->28154K(43712K)
[17.261s][info ][gc,metaspace   ] GC(2480) Metaspace: 16404K->16404K(1064960K)
[17.261s][info ][gc             ] GC(2480) Pause Young (Allocation Failure) 45M->29M(61M) 0.526ms
[17.261s][info ][gc,cpu         ] GC(2480) User=0.00s Sys=0.00s Real=0.00s
[17.262s][info ][gc,start       ] GC(2481) Pause Young (Allocation Failure)
[17.263s][debug][gc,age         ] GC(2481) Desired survivor size 1114112 bytes, new threshold 1 (max threshold 15)
[17.263s][info ][gc,heap        ] GC(2481) DefNew: 19112K->1564K(19648K)
[17.263s][info ][gc,heap        ] GC(2481) Tenured: 28154K->28155K(43712K)
[17.263s][info ][gc,metaspace   ] GC(2481) Metaspace: 16404K->16404K(1064960K)
[17.263s][info ][gc             ] GC(2481) Pause Young (Allocation Failure) 46M->29M(61M) 0.534ms
[17.263s][info ][gc,cpu         ] GC(2481) User=0.00s Sys=0.00s Real=0.00s
[17.264s][info ][gc,start       ] GC(2482) Pause Young (Allocation Failure)
[17.265s][debug][gc,age         ] GC(2482) Desired survivor size 1114112 bytes, new threshold 1 (max threshold 15)
[17.265s][info ][gc,heap        ] GC(2482) DefNew: 18673K->1955K(19648K)
[17.265s][info ][gc,heap        ] GC(2482) Tenured: 28155K->28155K(43712K)
[17.265s][info ][gc,metaspace   ] GC(2482) Metaspace: 16404K->16404K(1064960K)
[17.265s][info ][gc             ] GC(2482) Pause Young (Allocation Failure) 45M->29M(61M) 0.799ms
[17.265s][info ][gc,cpu         ] GC(2482) User=0.00s Sys=0.00s Real=0.00s
[17.267s][info ][gc,start       ] GC(2483) Pause Young (Allocation Failure)
[17.268s][debug][gc,age         ] GC(2483) Desired survivor size 1114112 bytes, new threshold 1 (max threshold 15)
[17.268s][info ][gc,heap        ] GC(2483) DefNew: 19064K->1955K(19648K)
[17.268s][info ][gc,heap        ] GC(2483) Tenured: 28155K->28936K(43712K)
[17.268s][info ][gc,metaspace   ] GC(2483) Metaspace: 16404K->16404K(1064960K)
[17.268s][info ][gc             ] GC(2483) Pause Young (Allocation Failure) 46M->30M(61M) 0.976ms
[17.268s][info ][gc,cpu         ] GC(2483) User=0.00s Sys=0.00s Real=0.00s
[17.269s][info ][gc,start       ] GC(2484) Pause Young (Allocation Failure)
[17.270s][debug][gc,age         ] GC(2484) Desired survivor size 1114112 bytes, new threshold 1 (max threshold 15)
[17.270s][info ][gc,heap        ] GC(2484) DefNew: 19424K->1564K(19648K)
[17.270s][info ][gc,heap        ] GC(2484) Tenured: 28936K->29328K(43712K)
[17.270s][info ][gc,metaspace   ] GC(2484) Metaspace: 16404K->16404K(1064960K)
[17.270s][info ][gc             ] GC(2484) Pause Young (Allocation Failure) 47M->30M(61M) 0.547ms
[17.270s][info ][gc,cpu         ] GC(2484) User=0.00s Sys=0.00s Real=0.00s
[17.271s][info ][gc,start       ] GC(2485) Pause Young (Allocation Failure)
[17.272s][debug][gc,age         ] GC(2485) Desired survivor size 1114112 bytes, new threshold 1 (max threshold 15)
[17.272s][info ][gc,heap        ] GC(2485) DefNew: 18760K->1955K(19648K)
[17.272s][info ][gc,heap        ] GC(2485) Tenured: 29328K->29328K(43712K)
[17.272s][info ][gc,metaspace   ] GC(2485) Metaspace: 16404K->16404K(1064960K)
[17.272s][info ][gc             ] GC(2485) Pause Young (Allocation Failure) 46M->30M(61M) 0.596ms
[17.272s][info ][gc,cpu         ] GC(2485) User=0.00s Sys=0.00s Real=0.00s
[17.273s][info ][gc,start       ] GC(2486) Pause Young (Allocation Failure)
[17.274s][debug][gc,age         ] GC(2486) Desired survivor size 1114112 bytes, new threshold 1 (max threshold 15)
[17.274s][info ][gc,heap        ] GC(2486) DefNew: 19397K->1173K(19648K)
[17.274s][info ][gc,heap        ] GC(2486) Tenured: 29328K->29719K(43712K)
[17.274s][info ][gc,metaspace   ] GC(2486) Metaspace: 16404K->16404K(1064960K)
[17.274s][info ][gc             ] GC(2486) Pause Young (Allocation Failure) 47M->30M(61M) 0.590ms
[17.274s][info ][gc,cpu         ] GC(2486) User=0.00s Sys=0.00s Real=0.00s
[17.275s][info ][gc,start       ] GC(2487) Pause Young (Allocation Failure)
[17.276s][debug][gc,age         ] GC(2487) Desired survivor size 1114112 bytes, new threshold 1 (max threshold 15)
[17.276s][info ][gc,heap        ] GC(2487) DefNew: 18324K->1564K(19648K)
[17.276s][info ][gc,heap        ] GC(2487) Tenured: 29719K->30110K(43712K)
[17.276s][info ][gc,metaspace   ] GC(2487) Metaspace: 16404K->16404K(1064960K)
[17.276s][info ][gc             ] GC(2487) Pause Young (Allocation Failure) 46M->30M(61M) 0.602ms
[17.276s][info ][gc,cpu         ] GC(2487) User=0.00s Sys=0.00s Real=0.00s
[17.278s][info ][gc,start       ] GC(2488) Pause Young (Allocation Failure)
[17.278s][debug][gc,age         ] GC(2488) Desired survivor size 1114112 bytes, new threshold 1 (max threshold 15)
[17.278s][info ][gc,heap        ] GC(2488) DefNew: 18737K->1564K(19648K)
[17.278s][info ][gc,heap        ] GC(2488) Tenured: 30110K->30111K(43712K)
[17.278s][info ][gc,metaspace   ] GC(2488) Metaspace: 16404K->16404K(1064960K)
[17.278s][info ][gc             ] GC(2488) Pause Young (Allocation Failure) 47M->30M(61M) 0.542ms
[17.278s][info ][gc,cpu         ] GC(2488) User=0.00s Sys=0.00s Real=0.00s
[17.279s][info ][gc,start       ] GC(2489) Pause Young (Allocation Failure)
[17.280s][debug][gc,age         ] GC(2489) Desired survivor size 1114112 bytes, new threshold 1 (max threshold 15)
[17.280s][info ][gc,heap        ] GC(2489) DefNew: 18756K->1955K(19648K)
[17.280s][info ][gc,heap        ] GC(2489) Tenured: 30111K->30892K(43712K)
[17.280s][info ][gc,metaspace   ] GC(2489) Metaspace: 16404K->16404K(1064960K)
[17.280s][info ][gc             ] GC(2489) Pause Young (Allocation Failure) 47M->32M(61M) 0.962ms
[17.280s][info ][gc,cpu         ] GC(2489) User=0.00s Sys=0.00s Real=0.00s
[17.282s][info ][gc,start       ] GC(2490) Pause Young (Allocation Failure)
[17.283s][debug][gc,age         ] GC(2490) Desired survivor size 1114112 bytes, new threshold 1 (max threshold 15)
[17.283s][info ][gc,heap        ] GC(2490) DefNew: 19129K->1955K(19648K)
[17.283s][info ][gc,heap        ] GC(2490) Tenured: 30892K->32065K(43712K)
[17.283s][info ][gc,metaspace   ] GC(2490) Metaspace: 16404K->16404K(1064960K)
[17.283s][info ][gc             ] GC(2490) Pause Young (Allocation Failure) 48M->33M(61M) 0.898ms
[17.283s][info ][gc,cpu         ] GC(2490) User=0.00s Sys=0.00s Real=0.00s
[17.284s][info ][gc,start       ] GC(2491) Pause Young (Allocation Failure)
[17.285s][debug][gc,age         ] GC(2491) Desired survivor size 1114112 bytes, new threshold 1 (max threshold 15)
[17.285s][info ][gc,heap        ] GC(2491) DefNew: 19116K->1955K(19648K)
[17.285s][info ][gc,heap        ] GC(2491) Tenured: 32065K->32455K(43712K)
[17.285s][info ][gc,metaspace   ] GC(2491) Metaspace: 16404K->16404K(1064960K)
[17.285s][info ][gc             ] GC(2491) Pause Young (Allocation Failure) 49M->33M(61M) 0.631ms
[17.285s][info ][gc,cpu         ] GC(2491) User=0.00s Sys=0.00s Real=0.00s
[17.286s][info ][gc,start       ] GC(2492) Pause Young (Allocation Failure)
[17.287s][debug][gc,age         ] GC(2492) Desired survivor size 1114112 bytes, new threshold 1 (max threshold 15)
[17.287s][info ][gc,heap        ] GC(2492) DefNew: 19071K->1955K(19648K)
[17.287s][info ][gc,heap        ] GC(2492) Tenured: 32455K->32846K(43712K)
[17.287s][info ][gc,metaspace   ] GC(2492) Metaspace: 16404K->16404K(1064960K)
[17.287s][info ][gc             ] GC(2492) Pause Young (Allocation Failure) 50M->33M(61M) 0.696ms
[17.287s][info ][gc,cpu         ] GC(2492) User=0.00s Sys=0.00s Real=0.00s
[17.288s][info ][gc,start       ] GC(2493) Pause Young (Allocation Failure)
[17.289s][debug][gc,age         ] GC(2493) Desired survivor size 1114112 bytes, new threshold 1 (max threshold 15)
[17.289s][info ][gc,heap        ] GC(2493) DefNew: 19118K->1955K(19648K)
[17.289s][info ][gc,heap        ] GC(2493) Tenured: 32846K->32846K(43712K)
[17.289s][info ][gc,metaspace   ] GC(2493) Metaspace: 16404K->16404K(1064960K)
[17.289s][info ][gc             ] GC(2493) Pause Young (Allocation Failure) 50M->33M(61M) 0.676ms
[17.289s][info ][gc,cpu         ] GC(2493) User=0.00s Sys=0.00s Real=0.00s
[17.291s][info ][gc,start       ] GC(2494) Pause Young (Allocation Failure)
[17.291s][debug][gc,age         ] GC(2494) Desired survivor size 1114112 bytes, new threshold 1 (max threshold 15)
[17.291s][info ][gc,heap        ] GC(2494) DefNew: 19054K->1955K(19648K)
[17.291s][info ][gc,heap        ] GC(2494) Tenured: 32846K->33237K(43712K)
[17.291s][info ][gc,metaspace   ] GC(2494) Metaspace: 16404K->16404K(1064960K)
[17.291s][info ][gc             ] GC(2494) Pause Young (Allocation Failure) 50M->34M(61M) 0.675ms
[17.291s][info ][gc,cpu         ] GC(2494) User=0.00s Sys=0.00s Real=0.00s
[17.293s][info ][gc,start       ] GC(2495) Pause Young (Allocation Failure)
[17.293s][debug][gc,age         ] GC(2495) Desired survivor size 1114112 bytes, new threshold 1 (max threshold 15)
[17.293s][info ][gc,heap        ] GC(2495) DefNew: 19124K->1955K(19648K)
[17.293s][info ][gc,heap        ] GC(2495) Tenured: 33237K->34018K(43712K)
[17.293s][info ][gc,metaspace   ] GC(2495) Metaspace: 16404K->16404K(1064960K)
[17.293s][info ][gc             ] GC(2495) Pause Young (Allocation Failure) 51M->35M(61M) 0.805ms
[17.293s][info ][gc,cpu         ] GC(2495) User=0.00s Sys=0.00s Real=0.00s
[17.295s][info ][gc,start       ] GC(2496) Pause Young (Allocation Failure)
[17.295s][debug][gc,age         ] GC(2496) Desired survivor size 1114112 bytes, new threshold 1 (max threshold 15)
[17.295s][info ][gc,heap        ] GC(2496) DefNew: 19404K->1955K(19648K)
[17.295s][info ][gc,heap        ] GC(2496) Tenured: 34018K->34019K(43712K)
[17.295s][info ][gc,metaspace   ] GC(2496) Metaspace: 16404K->16404K(1064960K)
[17.295s][info ][gc             ] GC(2496) Pause Young (Allocation Failure) 52M->35M(61M) 0.538ms
[17.295s][info ][gc,cpu         ] GC(2496) User=0.00s Sys=0.00s Real=0.00s
[17.297s][info ][gc,start       ] GC(2497) Pause Young (Allocation Failure)
[17.298s][debug][gc,age         ] GC(2497) Desired survivor size 1114112 bytes, new threshold 1 (max threshold 15)
[17.298s][info ][gc,heap        ] GC(2497) DefNew: 19143K->1954K(19648K)
[17.298s][info ][gc,heap        ] GC(2497) Tenured: 34019K->34410K(43712K)
[17.298s][info ][gc,metaspace   ] GC(2497) Metaspace: 16404K->16404K(1064960K)
[17.298s][info ][gc             ] GC(2497) Pause Young (Allocation Failure) 51M->35M(61M) 0.781ms
[17.298s][info ][gc,cpu         ] GC(2497) User=0.00s Sys=0.00s Real=0.00s
[17.299s][info ][gc,start       ] GC(2498) Pause Young (Allocation Failure)
[17.300s][debug][gc,age         ] GC(2498) Desired survivor size 1114112 bytes, new threshold 1 (max threshold 15)
[17.300s][info ][gc,heap        ] GC(2498) DefNew: 19070K->1955K(19648K)
[17.300s][info ][gc,heap        ] GC(2498) Tenured: 34410K->35191K(43712K)
[17.300s][info ][gc,metaspace   ] GC(2498) Metaspace: 16404K->16404K(1064960K)
[17.300s][info ][gc             ] GC(2498) Pause Young (Allocation Failure) 52M->36M(61M) 0.708ms
[17.300s][info ][gc,cpu         ] GC(2498) User=0.00s Sys=0.00s Real=0.01s
[17.301s][info ][gc,start       ] GC(2499) Pause Young (Allocation Failure)
[17.302s][debug][gc,age         ] GC(2499) Desired survivor size 1114112 bytes, new threshold 1 (max threshold 15)
[17.302s][info ][gc,heap        ] GC(2499) DefNew: 19135K->1955K(19648K)
[17.302s][info ][gc,heap        ] GC(2499) Tenured: 35191K->35973K(43712K)
[17.302s][info ][gc,metaspace   ] GC(2499) Metaspace: 16404K->16404K(1064960K)
[17.302s][info ][gc             ] GC(2499) Pause Young (Allocation Failure) 53M->37M(61M) 0.751ms
[17.302s][info ][gc,cpu         ] GC(2499) User=0.00s Sys=0.00s Real=0.00s
[17.304s][info ][gc,start       ] GC(2500) Pause Young (Allocation Failure)
[17.304s][debug][gc,age         ] GC(2500) Desired survivor size 1114112 bytes, new threshold 1 (max threshold 15)
[17.304s][info ][gc,heap        ] GC(2500) DefNew: 19073K->1955K(19648K)
[17.304s][info ][gc,heap        ] GC(2500) Tenured: 35973K->36364K(43712K)
[17.304s][info ][gc,metaspace   ] GC(2500) Metaspace: 16404K->16404K(1064960K)
[17.304s][info ][gc             ] GC(2500) Pause Young (Allocation Failure) 53M->37M(61M) 0.577ms
[17.304s][info ][gc,cpu         ] GC(2500) User=0.00s Sys=0.00s Real=0.00s
[17.305s][info ][gc,start       ] GC(2501) Pause Young (Allocation Failure)
[17.306s][debug][gc,age         ] GC(2501) Desired survivor size 1114112 bytes, new threshold 1 (max threshold 15)
[17.306s][info ][gc,heap        ] GC(2501) DefNew: 19129K->1955K(19648K)
[17.306s][info ][gc,heap        ] GC(2501) Tenured: 36364K->37146K(43712K)
[17.306s][info ][gc,metaspace   ] GC(2501) Metaspace: 16404K->16404K(1064960K)
[17.306s][info ][gc             ] GC(2501) Pause Young (Allocation Failure) 54M->38M(61M) 0.617ms
[17.306s][info ][gc,cpu         ] GC(2501) User=0.00s Sys=0.00s Real=0.00s
[17.307s][info ][gc,start       ] GC(2502) Pause Young (Allocation Failure)
[17.308s][debug][gc,age         ] GC(2502) Desired survivor size 1114112 bytes, new threshold 1 (max threshold 15)
[17.308s][info ][gc,heap        ] GC(2502) DefNew: 19117K->1955K(19648K)
[17.308s][info ][gc,heap        ] GC(2502) Tenured: 37146K->37537K(43712K)
[17.308s][info ][gc,metaspace   ] GC(2502) Metaspace: 16404K->16404K(1064960K)
[17.308s][info ][gc             ] GC(2502) Pause Young (Allocation Failure) 54M->38M(61M) 0.704ms
[17.308s][info ][gc,cpu         ] GC(2502) User=0.01s Sys=0.00s Real=0.00s
[17.309s][info ][gc,start       ] GC(2503) Pause Young (Allocation Failure)
[17.310s][debug][gc,age         ] GC(2503) Desired survivor size 1114112 bytes, new threshold 1 (max threshold 15)
[17.310s][info ][gc,heap        ] GC(2503) DefNew: 19109K->1955K(19648K)
[17.310s][info ][gc,heap        ] GC(2503) Tenured: 37537K->37928K(43712K)
[17.310s][info ][gc,metaspace   ] GC(2503) Metaspace: 16404K->16404K(1064960K)
[17.310s][info ][gc             ] GC(2503) Pause Young (Allocation Failure) 55M->38M(61M) 0.670ms
[17.310s][info ][gc,cpu         ] GC(2503) User=0.00s Sys=0.00s Real=0.00s
[17.311s][info ][gc,start       ] GC(2504) Pause Young (Allocation Failure)
[17.312s][debug][gc,age         ] GC(2504) Desired survivor size 1114112 bytes, new threshold 1 (max threshold 15)
[17.312s][info ][gc,heap        ] GC(2504) DefNew: 19054K->1955K(19648K)
[17.312s][info ][gc,heap        ] GC(2504) Tenured: 37928K->39100K(43712K)
[17.312s][info ][gc,metaspace   ] GC(2504) Metaspace: 16404K->16404K(1064960K)
[17.312s][info ][gc             ] GC(2504) Pause Young (Allocation Failure) 55M->40M(61M) 0.680ms
[17.312s][info ][gc,cpu         ] GC(2504) User=0.00s Sys=0.00s Real=0.00s
[17.313s][info ][gc,start       ] GC(2505) Pause Young (Allocation Failure)
[17.314s][debug][gc,age         ] GC(2505) Desired survivor size 1114112 bytes, new threshold 1 (max threshold 15)
[17.314s][info ][gc,heap        ] GC(2505) DefNew: 19119K->1955K(19648K)
[17.314s][info ][gc,heap        ] GC(2505) Tenured: 39100K->39491K(43712K)
[17.314s][info ][gc,metaspace   ] GC(2505) Metaspace: 16404K->16404K(1064960K)
[17.314s][info ][gc             ] GC(2505) Pause Young (Allocation Failure) 56M->40M(61M) 0.846ms
[17.314s][info ][gc,cpu         ] GC(2505) User=0.00s Sys=0.00s Real=0.00s
[17.316s][info ][gc,start       ] GC(2506) Pause Young (Allocation Failure)
[17.317s][debug][gc,age         ] GC(2506) Desired survivor size 1114112 bytes, new threshold 1 (max threshold 15)
[17.317s][info ][gc,heap        ] GC(2506) DefNew: 19111K->1955K(19648K)
[17.317s][info ][gc,heap        ] GC(2506) Tenured: 39491K->40272K(43712K)
[17.317s][info ][gc,metaspace   ] GC(2506) Metaspace: 16404K->16404K(1064960K)
[17.317s][info ][gc             ] GC(2506) Pause Young (Allocation Failure) 57M->41M(61M) 0.714ms
[17.317s][info ][gc,cpu         ] GC(2506) User=0.00s Sys=0.00s Real=0.00s
[17.318s][info ][gc,start       ] GC(2507) Pause Young (Allocation Failure)
[17.319s][debug][gc,age         ] GC(2507) Desired survivor size 1114112 bytes, new threshold 1 (max threshold 15)
[17.319s][info ][gc,heap        ] GC(2507) DefNew: 19105K->1955K(19648K)
[17.319s][info ][gc,heap        ] GC(2507) Tenured: 40272K->41054K(43712K)
[17.319s][info ][gc,metaspace   ] GC(2507) Metaspace: 16404K->16404K(1064960K)
[17.319s][info ][gc             ] GC(2507) Pause Young (Allocation Failure) 57M->42M(61M) 0.907ms
[17.319s][info ][gc,cpu         ] GC(2507) User=0.00s Sys=0.00s Real=0.00s
[17.321s][info ][gc,start       ] GC(2508) Pause Young (Allocation Failure)
[17.321s][debug][gc,age         ] GC(2508) Desired survivor size 1114112 bytes, new threshold 1 (max threshold 15)
[17.321s][info ][gc,heap        ] GC(2508) DefNew: 19427K->1173K(19648K)
[17.321s][info ][gc,heap        ] GC(2508) Tenured: 41054K->41835K(43712K)
[17.321s][info ][gc,metaspace   ] GC(2508) Metaspace: 16404K->16404K(1064960K)
[17.321s][info ][gc             ] GC(2508) Pause Young (Allocation Failure) 59M->42M(61M) 0.732ms
[17.321s][info ][gc,cpu         ] GC(2508) User=0.00s Sys=0.00s Real=0.00s
[17.323s][info ][gc,start       ] GC(2509) Pause Young (Allocation Failure)
[17.323s][debug][gc,age         ] GC(2509) Desired survivor size 1114112 bytes, new threshold 15 (max threshold 15)
[17.323s][info ][gc,heap        ] GC(2509) DefNew: 18334K->783K(19648K)
[17.323s][info ][gc,heap        ] GC(2509) Tenured: 41835K->41835K(43712K)
[17.323s][info ][gc,metaspace   ] GC(2509) Metaspace: 16404K->16404K(1064960K)
[17.323s][info ][gc             ] GC(2509) Pause Young (Allocation Failure) 58M->41M(61M) 0.456ms
[17.323s][info ][gc,cpu         ] GC(2509) User=0.00s Sys=0.00s Real=0.00s
[17.324s][info ][gc,start       ] GC(2510) Pause Young (Allocation Failure)
[17.325s][debug][gc,age         ] GC(2510) Desired survivor size 1114112 bytes, new threshold 1 (max threshold 15)
[17.325s][info ][gc,heap        ] GC(2510) DefNew: 17937K->1955K(19648K)
[17.325s][info ][gc,heap        ] GC(2510) Tenured: 41835K->42226K(43712K)
[17.325s][info ][gc,metaspace   ] GC(2510) Metaspace: 16404K->16404K(1064960K)
[17.325s][info ][gc             ] GC(2510) Pause Young (Allocation Failure) 58M->43M(61M) 0.555ms
[17.325s][info ][gc,cpu         ] GC(2510) User=0.00s Sys=0.00s Real=0.00s
[17.326s][info ][gc,start       ] GC(2511) Pause Young (Allocation Failure)
[17.327s][debug][gc,age         ] GC(2511) Desired survivor size 1114112 bytes, new threshold 1 (max threshold 15)
[17.327s][info ][gc,heap        ] GC(2511) DefNew: 19104K->1955K(19648K)
[17.327s][info ][gc,heap        ] GC(2511) Tenured: 42226K->42226K(43712K)
[17.327s][info ][gc,metaspace   ] GC(2511) Metaspace: 16404K->16404K(1064960K)
[17.327s][info ][gc             ] GC(2511) Pause Young (Allocation Failure) 59M->43M(61M) 0.516ms
[17.327s][info ][gc,cpu         ] GC(2511) User=0.00s Sys=0.00s Real=0.00s
[17.328s][info ][gc,start       ] GC(2512) Pause Young (Allocation Failure)
[17.329s][debug][gc,age         ] GC(2512) Desired survivor size 1114112 bytes, new threshold 1 (max threshold 15)
[17.329s][info ][gc,heap        ] GC(2512) DefNew: 19101K->1955K(19648K)
[17.329s][info ][gc,heap        ] GC(2512) Tenured: 42226K->43007K(43712K)
[17.329s][info ][gc,metaspace   ] GC(2512) Metaspace: 16404K->16404K(1064960K)
[17.329s][info ][gc             ] GC(2512) Pause Young (Allocation Failure) 59M->43M(61M) 0.587ms
[17.329s][info ][gc,cpu         ] GC(2512) User=0.00s Sys=0.00s Real=0.00s
[17.330s][info ][gc,start       ] GC(2513) Pause Young (Allocation Failure)
[17.330s][info ][gc,start       ] GC(2514) Pause Full (Allocation Failure)
[17.330s][info ][gc,phases,start] GC(2514) Phase 1: Mark live objects
[17.334s][debug][gc,phases      ] GC(2514) Reference Processing 0.044ms
[17.334s][debug][gc,phases      ] GC(2514) Weak Processing 0.014ms
[17.334s][debug][gc,phases      ] GC(2514) ClassLoaderData 0.023ms
[17.334s][debug][gc,phases      ] GC(2514) ProtectionDomainCacheTable 0.002ms
[17.334s][debug][gc,phases      ] GC(2514) ResolvedMethodTable 0.015ms
[17.334s][debug][gc,phases      ] GC(2514) Class Unloading 0.862ms
[17.335s][debug][gc,phases      ] GC(2514) Scrub String Table 0.058ms
[17.336s][debug][gc,phases      ] GC(2514) Scrub Symbol Table 1.038ms
[17.336s][info ][gc,phases      ] GC(2514) Phase 1: Mark live objects 5.266ms
[17.336s][info ][gc,phases,start] GC(2514) Phase 2: Compute new object addresses
[17.337s][info ][gc,phases      ] GC(2514) Phase 2: Compute new object addresses 0.923ms
[17.337s][info ][gc,phases,start] GC(2514) Phase 3: Adjust pointers
[17.341s][info ][gc,phases      ] GC(2514) Phase 3: Adjust pointers 4.170ms
[17.341s][info ][gc,phases,start] GC(2514) Phase 4: Move objects
[17.341s][info ][gc,phases      ] GC(2514) Phase 4: Move objects 0.215ms
[17.341s][info ][gc             ] GC(2514) Pause Full (Allocation Failure) 60M->4M(61M) 10.915ms
[17.341s][info ][gc,heap        ] GC(2513) DefNew: 19099K->0K(19648K)
[17.341s][info ][gc,heap        ] GC(2513) Tenured: 43007K->4708K(43712K)
[17.341s][info ][gc,metaspace   ] GC(2513) Metaspace: 16404K->16404K(1064960K)
[17.341s][info ][gc             ] GC(2513) Pause Young (Allocation Failure) 60M->4M(61M) 11.078ms
[17.341s][info ][gc,cpu         ] GC(2513) User=0.01s Sys=0.00s Real=0.01s
[17.342s][info ][gc,start       ] GC(2515) Pause Young (Allocation Failure)
[17.343s][debug][gc,age         ] GC(2515) Desired survivor size 1114112 bytes, new threshold 1 (max threshold 15)
[17.343s][info ][gc,heap        ] GC(2515) DefNew: 17440K->1173K(19648K)
[17.343s][info ][gc,heap        ] GC(2515) Tenured: 4708K->4708K(43712K)
[17.343s][info ][gc,metaspace   ] GC(2515) Metaspace: 16404K->16404K(1064960K)
[17.343s][info ][gc             ] GC(2515) Pause Young (Allocation Failure) 21M->5M(61M) 0.470ms
[17.343s][info ][gc,cpu         ] GC(2515) User=0.00s Sys=0.00s Real=0.00s
[17.344s][info ][gc,start       ] GC(2516) Pause Young (Allocation Failure)
[17.345s][debug][gc,age         ] GC(2516) Desired survivor size 1114112 bytes, new threshold 1 (max threshold 15)
[17.345s][info ][gc,heap        ] GC(2516) DefNew: 18349K->1955K(19648K)
[17.345s][info ][gc,heap        ] GC(2516) Tenured: 4708K->5881K(43712K)
[17.345s][info ][gc,metaspace   ] GC(2516) Metaspace: 16404K->16404K(1064960K)
[17.345s][info ][gc             ] GC(2516) Pause Young (Allocation Failure) 22M->7M(61M) 0.672ms
[17.345s][info ][gc,cpu         ] GC(2516) User=0.00s Sys=0.00s Real=0.00s
[17.346s][info ][gc,start       ] GC(2517) Pause Young (Allocation Failure)
[17.347s][debug][gc,age         ] GC(2517) Desired survivor size 1114112 bytes, new threshold 1 (max threshold 15)
[17.347s][info ][gc,heap        ] GC(2517) DefNew: 19118K->1564K(19648K)
[17.347s][info ][gc,heap        ] GC(2517) Tenured: 5881K->5881K(43712K)
[17.347s][info ][gc,metaspace   ] GC(2517) Metaspace: 16404K->16404K(1064960K)
[17.347s][info ][gc             ] GC(2517) Pause Young (Allocation Failure) 24M->7M(61M) 0.504ms
[17.347s][info ][gc,cpu         ] GC(2517) User=0.00s Sys=0.00s Real=0.00s
[17.348s][info ][gc,start       ] GC(2518) Pause Young (Allocation Failure)
[17.349s][debug][gc,age         ] GC(2518) Desired survivor size 1114112 bytes, new threshold 1 (max threshold 15)
[17.349s][info ][gc,heap        ] GC(2518) DefNew: 18672K->1955K(19648K)
[17.349s][info ][gc,heap        ] GC(2518) Tenured: 5881K->6272K(43712K)
[17.349s][info ][gc,metaspace   ] GC(2518) Metaspace: 16404K->16404K(1064960K)
[17.349s][info ][gc             ] GC(2518) Pause Young (Allocation Failure) 23M->8M(61M) 0.642ms
[17.349s][info ][gc,cpu         ] GC(2518) User=0.00s Sys=0.00s Real=0.00s
[17.350s][info ][gc,start       ] GC(2519) Pause Young (Allocation Failure)
[17.351s][debug][gc,age         ] GC(2519) Desired survivor size 1114112 bytes, new threshold 1 (max threshold 15)
[17.351s][info ][gc,heap        ] GC(2519) DefNew: 19121K->1955K(19648K)
[17.351s][info ][gc,heap        ] GC(2519) Tenured: 6272K->6663K(43712K)
[17.351s][info ][gc,metaspace   ] GC(2519) Metaspace: 16404K->16404K(1064960K)
[17.351s][info ][gc             ] GC(2519) Pause Young (Allocation Failure) 24M->8M(61M) 0.638ms
[17.351s][info ][gc,cpu         ] GC(2519) User=0.00s Sys=0.00s Real=0.00s
[17.352s][info ][gc,start       ] GC(2520) Pause Young (Allocation Failure)
[17.353s][debug][gc,age         ] GC(2520) Desired survivor size 1114112 bytes, new threshold 1 (max threshold 15)
[17.353s][info ][gc,heap        ] GC(2520) DefNew: 19112K->1955K(19648K)
[17.353s][info ][gc,heap        ] GC(2520) Tenured: 6663K->7835K(43712K)
[17.353s][info ][gc,metaspace   ] GC(2520) Metaspace: 16404K->16404K(1064960K)
[17.353s][info ][gc             ] GC(2520) Pause Young (Allocation Failure) 25M->9M(61M) 0.657ms
[17.353s][info ][gc,cpu         ] GC(2520) User=0.00s Sys=0.00s Real=0.00s
[17.354s][info ][gc,start       ] GC(2521) Pause Young (Allocation Failure)
[17.355s][debug][gc,age         ] GC(2521) Desired survivor size 1114112 bytes, new threshold 1 (max threshold 15)
[17.355s][info ][gc,heap        ] GC(2521) DefNew: 19106K->1174K(19648K)
[17.355s][info ][gc,heap        ] GC(2521) Tenured: 7835K->7835K(43712K)
[17.355s][info ][gc,metaspace   ] GC(2521) Metaspace: 16404K->16404K(1064960K)
[17.355s][info ][gc             ] GC(2521) Pause Young (Allocation Failure) 26M->8M(61M) 0.445ms
[17.355s][info ][gc,cpu         ] GC(2521) User=0.00s Sys=0.00s Real=0.00s
[17.356s][info ][gc,start       ] GC(2522) Pause Young (Allocation Failure)
[17.357s][debug][gc,age         ] GC(2522) Desired survivor size 1114112 bytes, new threshold 1 (max threshold 15)
[17.357s][info ][gc,heap        ] GC(2522) DefNew: 18321K->1955K(19648K)
[17.357s][info ][gc,heap        ] GC(2522) Tenured: 7835K->8616K(43712K)
[17.357s][info ][gc,metaspace   ] GC(2522) Metaspace: 16404K->16404K(1064960K)
[17.357s][info ][gc             ] GC(2522) Pause Young (Allocation Failure) 25M->10M(61M) 0.708ms
[17.357s][info ][gc,cpu         ] GC(2522) User=0.00s Sys=0.00s Real=0.00s
[17.358s][info ][gc,start       ] GC(2523) Pause Young (Allocation Failure)
[17.359s][debug][gc,age         ] GC(2523) Desired survivor size 1114112 bytes, new threshold 1 (max threshold 15)
[17.359s][info ][gc,heap        ] GC(2523) DefNew: 19100K->1564K(19648K)
[17.359s][info ][gc,heap        ] GC(2523) Tenured: 8616K->8616K(43712K)
[17.359s][info ][gc,metaspace   ] GC(2523) Metaspace: 16404K->16404K(1064960K)
[17.359s][info ][gc             ] GC(2523) Pause Young (Allocation Failure) 27M->9M(61M) 0.479ms
[17.359s][info ][gc,cpu         ] GC(2523) User=0.00s Sys=0.00s Real=0.00s
[17.360s][info ][gc,start       ] GC(2524) Pause Young (Allocation Failure)
[17.361s][debug][gc,age         ] GC(2524) Desired survivor size 1114112 bytes, new threshold 1 (max threshold 15)
[17.361s][info ][gc,heap        ] GC(2524) DefNew: 18708K->1955K(19648K)
[17.361s][info ][gc,heap        ] GC(2524) Tenured: 8616K->8616K(43712K)
[17.361s][info ][gc,metaspace   ] GC(2524) Metaspace: 16404K->16404K(1064960K)
[17.361s][info ][gc             ] GC(2524) Pause Young (Allocation Failure) 26M->10M(61M) 0.526ms
[17.361s][info ][gc,cpu         ] GC(2524) User=0.00s Sys=0.00s Real=0.00s
[17.362s][info ][gc,start       ] GC(2525) Pause Young (Allocation Failure)
[17.363s][debug][gc,age         ] GC(2525) Desired survivor size 1114112 bytes, new threshold 1 (max threshold 15)
[17.363s][info ][gc,heap        ] GC(2525) DefNew: 19097K->1955K(19648K)
[17.363s][info ][gc,heap        ] GC(2525) Tenured: 8616K->9397K(43712K)
[17.363s][info ][gc,metaspace   ] GC(2525) Metaspace: 16404K->16404K(1064960K)
[17.363s][info ][gc             ] GC(2525) Pause Young (Allocation Failure) 27M->11M(61M) 0.744ms
[17.363s][info ][gc,cpu         ] GC(2525) User=0.00s Sys=0.00s Real=0.00s
[17.364s][info ][gc,start       ] GC(2526) Pause Young (Allocation Failure)
[17.365s][debug][gc,age         ] GC(2526) Desired survivor size 1114112 bytes, new threshold 1 (max threshold 15)
[17.365s][info ][gc,heap        ] GC(2526) DefNew: 19097K->1955K(19648K)
[17.365s][info ][gc,heap        ] GC(2526) Tenured: 9397K->10179K(43712K)
[17.365s][info ][gc,metaspace   ] GC(2526) Metaspace: 16404K->16404K(1064960K)
[17.365s][info ][gc             ] GC(2526) Pause Young (Allocation Failure) 27M->11M(61M) 0.656ms
[17.365s][info ][gc,cpu         ] GC(2526) User=0.00s Sys=0.01s Real=0.00s
[17.366s][info ][gc,start       ] GC(2527) Pause Young (Allocation Failure)
[17.367s][debug][gc,age         ] GC(2527) Desired survivor size 1114112 bytes, new threshold 1 (max threshold 15)
[17.367s][info ][gc,heap        ] GC(2527) DefNew: 19096K->1955K(19648K)
[17.367s][info ][gc,heap        ] GC(2527) Tenured: 10179K->10569K(43712K)
[17.367s][info ][gc,metaspace   ] GC(2527) Metaspace: 16404K->16404K(1064960K)
[17.367s][info ][gc             ] GC(2527) Pause Young (Allocation Failure) 28M->12M(61M) 0.590ms
[17.367s][info ][gc,cpu         ] GC(2527) User=0.00s Sys=0.00s Real=0.00s
[17.368s][info ][gc,start       ] GC(2528) Pause Young (Allocation Failure)
[17.369s][debug][gc,age         ] GC(2528) Desired survivor size 1114112 bytes, new threshold 1 (max threshold 15)
[17.369s][info ][gc,heap        ] GC(2528) DefNew: 19096K->1955K(19648K)
[17.369s][info ][gc,heap        ] GC(2528) Tenured: 10569K->10569K(43712K)
[17.369s][info ][gc,metaspace   ] GC(2528) Metaspace: 16404K->16404K(1064960K)
[17.369s][info ][gc             ] GC(2528) Pause Young (Allocation Failure) 28M->12M(61M) 0.636ms
[17.369s][info ][gc,cpu         ] GC(2528) User=0.00s Sys=0.00s Real=0.00s
[17.370s][info ][gc,start       ] GC(2529) Pause Young (Allocation Failure)
[17.371s][debug][gc,age         ] GC(2529) Desired survivor size 1114112 bytes, new threshold 1 (max threshold 15)
[17.371s][info ][gc,heap        ] GC(2529) DefNew: 19096K->1955K(19648K)
[17.371s][info ][gc,heap        ] GC(2529) Tenured: 10569K->10960K(43712K)
[17.371s][info ][gc,metaspace   ] GC(2529) Metaspace: 16404K->16404K(1064960K)
[17.371s][info ][gc             ] GC(2529) Pause Young (Allocation Failure) 28M->12M(61M) 0.702ms
[17.371s][info ][gc,cpu         ] GC(2529) User=0.00s Sys=0.00s Real=0.00s
[17.372s][info ][gc,start       ] GC(2530) Pause Young (Allocation Failure)
[17.373s][debug][gc,age         ] GC(2530) Desired survivor size 1114112 bytes, new threshold 1 (max threshold 15)
[17.373s][info ][gc,heap        ] GC(2530) DefNew: 19096K->1955K(19648K)
[17.373s][info ][gc,heap        ] GC(2530) Tenured: 10960K->11741K(43712K)
[17.373s][info ][gc,metaspace   ] GC(2530) Metaspace: 16404K->16404K(1064960K)
[17.373s][info ][gc             ] GC(2530) Pause Young (Allocation Failure) 29M->13M(61M) 0.897ms
[17.373s][info ][gc,cpu         ] GC(2530) User=0.00s Sys=0.00s Real=0.00s
[17.375s][info ][gc,start       ] GC(2531) Pause Young (Allocation Failure)
[17.375s][debug][gc,age         ] GC(2531) Desired survivor size 1114112 bytes, new threshold 1 (max threshold 15)
[17.375s][info ][gc,heap        ] GC(2531) DefNew: 19096K->1955K(19648K)
[17.375s][info ][gc,heap        ] GC(2531) Tenured: 11741K->12132K(43712K)
[17.375s][info ][gc,metaspace   ] GC(2531) Metaspace: 16404K->16404K(1064960K)
[17.375s][info ][gc             ] GC(2531) Pause Young (Allocation Failure) 30M->13M(61M) 0.560ms
[17.375s][info ][gc,cpu         ] GC(2531) User=0.00s Sys=0.00s Real=0.00s
[17.377s][info ][gc,start       ] GC(2532) Pause Young (Allocation Failure)
[17.377s][debug][gc,age         ] GC(2532) Desired survivor size 1114112 bytes, new threshold 1 (max threshold 15)
[17.377s][info ][gc,heap        ] GC(2532) DefNew: 19096K->1955K(19648K)
[17.377s][info ][gc,heap        ] GC(2532) Tenured: 12132K->12913K(43712K)
[17.377s][info ][gc,metaspace   ] GC(2532) Metaspace: 16404K->16404K(1064960K)
[17.377s][info ][gc             ] GC(2532) Pause Young (Allocation Failure) 30M->14M(61M) 0.589ms
[17.377s][info ][gc,cpu         ] GC(2532) User=0.00s Sys=0.00s Real=0.00s
[17.379s][info ][gc,start       ] GC(2533) Pause Young (Allocation Failure)
[17.379s][debug][gc,age         ] GC(2533) Desired survivor size 1114112 bytes, new threshold 1 (max threshold 15)
[17.379s][info ][gc,heap        ] GC(2533) DefNew: 19096K->1955K(19648K)
[17.379s][info ][gc,heap        ] GC(2533) Tenured: 12913K->13304K(43712K)
[17.379s][info ][gc,metaspace   ] GC(2533) Metaspace: 16404K->16404K(1064960K)
[17.379s][info ][gc             ] GC(2533) Pause Young (Allocation Failure) 31M->14M(61M) 0.584ms
[17.379s][info ][gc,cpu         ] GC(2533) User=0.00s Sys=0.00s Real=0.00s
[17.381s][info ][gc,start       ] GC(2534) Pause Young (Allocation Failure)
[17.381s][debug][gc,age         ] GC(2534) Desired survivor size 1114112 bytes, new threshold 1 (max threshold 15)
[17.381s][info ][gc,heap        ] GC(2534) DefNew: 19096K->1564K(19648K)
[17.381s][info ][gc,heap        ] GC(2534) Tenured: 13304K->13304K(43712K)
[17.381s][info ][gc,metaspace   ] GC(2534) Metaspace: 16404K->16404K(1064960K)
[17.381s][info ][gc             ] GC(2534) Pause Young (Allocation Failure) 31M->14M(61M) 0.591ms
[17.381s][info ][gc,cpu         ] GC(2534) User=0.00s Sys=0.00s Real=0.00s
[17.383s][info ][gc,start       ] GC(2535) Pause Young (Allocation Failure)
[17.384s][debug][gc,age         ] GC(2535) Desired survivor size 1114112 bytes, new threshold 1 (max threshold 15)
[17.384s][info ][gc,heap        ] GC(2535) DefNew: 18705K->1954K(19648K)
[17.384s][info ][gc,heap        ] GC(2535) Tenured: 13304K->14085K(43712K)
[17.384s][info ][gc,metaspace   ] GC(2535) Metaspace: 16404K->16404K(1064960K)
[17.384s][info ][gc             ] GC(2535) Pause Young (Allocation Failure) 31M->15M(61M) 1.003ms
[17.384s][info ][gc,cpu         ] GC(2535) User=0.00s Sys=0.00s Real=0.00s
[17.385s][info ][gc,start       ] GC(2536) Pause Young (Allocation Failure)
[17.386s][debug][gc,age         ] GC(2536) Desired survivor size 1114112 bytes, new threshold 1 (max threshold 15)
[17.386s][info ][gc,heap        ] GC(2536) DefNew: 19049K->1955K(19648K)
[17.386s][info ][gc,heap        ] GC(2536) Tenured: 14085K->14476K(43712K)
[17.386s][info ][gc,metaspace   ] GC(2536) Metaspace: 16404K->16404K(1064960K)
[17.386s][info ][gc             ] GC(2536) Pause Young (Allocation Failure) 32M->16M(61M) 0.581ms
[17.386s][info ][gc,cpu         ] GC(2536) User=0.00s Sys=0.00s Real=0.00s
[17.387s][info ][gc,start       ] GC(2537) Pause Young (Allocation Failure)
[17.388s][debug][gc,age         ] GC(2537) Desired survivor size 1114112 bytes, new threshold 1 (max threshold 15)
[17.388s][info ][gc,heap        ] GC(2537) DefNew: 19074K->1173K(19648K)
[17.388s][info ][gc,heap        ] GC(2537) Tenured: 14476K->14867K(43712K)
[17.388s][info ][gc,metaspace   ] GC(2537) Metaspace: 16404K->16404K(1064960K)
[17.388s][info ][gc             ] GC(2537) Pause Young (Allocation Failure) 32M->15M(61M) 0.570ms
[17.388s][info ][gc,cpu         ] GC(2537) User=0.00s Sys=0.00s Real=0.00s
[17.389s][info ][gc,start       ] GC(2538) Pause Young (Allocation Failure)
[17.390s][debug][gc,age         ] GC(2538) Desired survivor size 1114112 bytes, new threshold 1 (max threshold 15)
[17.390s][info ][gc,heap        ] GC(2538) DefNew: 18287K->1955K(19648K)
[17.390s][info ][gc,heap        ] GC(2538) Tenured: 14867K->16039K(43712K)
[17.390s][info ][gc,metaspace   ] GC(2538) Metaspace: 16404K->16404K(1064960K)
[17.390s][info ][gc             ] GC(2538) Pause Young (Allocation Failure) 32M->17M(61M) 1.065ms
[17.390s][info ][gc,cpu         ] GC(2538) User=0.00s Sys=0.00s Real=0.01s
[17.392s][info ][gc,start       ] GC(2539) Pause Young (Allocation Failure)
[17.392s][debug][gc,age         ] GC(2539) Desired survivor size 1114112 bytes, new threshold 1 (max threshold 15)
[17.392s][info ][gc,heap        ] GC(2539) DefNew: 19129K->1955K(19648K)
[17.392s][info ][gc,heap        ] GC(2539) Tenured: 16039K->16430K(43712K)
[17.392s][info ][gc,metaspace   ] GC(2539) Metaspace: 16404K->16404K(1064960K)
[17.392s][info ][gc             ] GC(2539) Pause Young (Allocation Failure) 34M->17M(61M) 0.747ms
[17.392s][info ][gc,cpu         ] GC(2539) User=0.00s Sys=0.00s Real=0.00s
[17.394s][info ][gc,start       ] GC(2540) Pause Young (Allocation Failure)
[17.394s][debug][gc,age         ] GC(2540) Desired survivor size 1114112 bytes, new threshold 1 (max threshold 15)
[17.394s][info ][gc,heap        ] GC(2540) DefNew: 19117K->1174K(19648K)
[17.394s][info ][gc,heap        ] GC(2540) Tenured: 16430K->16430K(43712K)
[17.394s][info ][gc,metaspace   ] GC(2540) Metaspace: 16404K->16404K(1064960K)
[17.394s][info ][gc             ] GC(2540) Pause Young (Allocation Failure) 34M->17M(61M) 0.505ms
[17.394s][info ][gc,cpu         ] GC(2540) User=0.00s Sys=0.00s Real=0.00s
[17.396s][info ][gc,start       ] GC(2541) Pause Young (Allocation Failure)
[17.396s][debug][gc,age         ] GC(2541) Desired survivor size 1114112 bytes, new threshold 1 (max threshold 15)
[17.396s][info ][gc,heap        ] GC(2541) DefNew: 18283K->1564K(19648K)
[17.396s][info ][gc,heap        ] GC(2541) Tenured: 16430K->16430K(43712K)
[17.396s][info ][gc,metaspace   ] GC(2541) Metaspace: 16404K->16404K(1064960K)
[17.396s][info ][gc             ] GC(2541) Pause Young (Allocation Failure) 33M->17M(61M) 0.811ms
[17.397s][info ][gc,cpu         ] GC(2541) User=0.00s Sys=0.00s Real=0.00s
[17.398s][info ][gc,start       ] GC(2542) Pause Young (Allocation Failure)
[17.399s][debug][gc,age         ] GC(2542) Desired survivor size 1114112 bytes, new threshold 1 (max threshold 15)
[17.399s][info ][gc,heap        ] GC(2542) DefNew: 18673K->1173K(19648K)
[17.399s][info ][gc,heap        ] GC(2542) Tenured: 16430K->16431K(43712K)
[17.399s][info ][gc,metaspace   ] GC(2542) Metaspace: 16404K->16404K(1064960K)
[17.399s][info ][gc             ] GC(2542) Pause Young (Allocation Failure) 34M->17M(61M) 0.791ms
[17.399s][info ][gc,cpu         ] GC(2542) User=0.00s Sys=0.00s Real=0.00s
[17.400s][info ][gc,start       ] GC(2543) Pause Young (Allocation Failure)
[17.401s][debug][gc,age         ] GC(2543) Desired survivor size 1114112 bytes, new threshold 1 (max threshold 15)
[17.401s][info ][gc,heap        ] GC(2543) DefNew: 18301K->1564K(19648K)
[17.401s][info ][gc,heap        ] GC(2543) Tenured: 16431K->16431K(43712K)
[17.401s][info ][gc,metaspace   ] GC(2543) Metaspace: 16404K->16404K(1064960K)
[17.401s][info ][gc             ] GC(2543) Pause Young (Allocation Failure) 33M->17M(61M) 0.714ms
[17.401s][info ][gc,cpu         ] GC(2543) User=0.00s Sys=0.00s Real=0.00s
[17.403s][info ][gc,start       ] GC(2544) Pause Young (Allocation Failure)
[17.403s][debug][gc,age         ] GC(2544) Desired survivor size 1114112 bytes, new threshold 1 (max threshold 15)
[17.403s][info ][gc,heap        ] GC(2544) DefNew: 18699K->1955K(19648K)
[17.403s][info ][gc,heap        ] GC(2544) Tenured: 16431K->16431K(43712K)
[17.403s][info ][gc,metaspace   ] GC(2544) Metaspace: 16404K->16404K(1064960K)
[17.403s][info ][gc             ] GC(2544) Pause Young (Allocation Failure) 34M->17M(61M) 0.586ms
[17.403s][info ][gc,cpu         ] GC(2544) User=0.00s Sys=0.00s Real=0.00s
[17.405s][info ][gc,start       ] GC(2545) Pause Young (Allocation Failure)
[17.405s][debug][gc,age         ] GC(2545) Desired survivor size 1114112 bytes, new threshold 1 (max threshold 15)
[17.405s][info ][gc,heap        ] GC(2545) DefNew: 19101K->1955K(19648K)
[17.405s][info ][gc,heap        ] GC(2545) Tenured: 16431K->17213K(43712K)
[17.405s][info ][gc,metaspace   ] GC(2545) Metaspace: 16404K->16404K(1064960K)
[17.405s][info ][gc             ] GC(2545) Pause Young (Allocation Failure) 34M->18M(61M) 0.671ms
[17.405s][info ][gc,cpu         ] GC(2545) User=0.00s Sys=0.00s Real=0.00s
[17.407s][info ][gc,start       ] GC(2546) Pause Young (Allocation Failure)
[17.408s][debug][gc,age         ] GC(2546) Desired survivor size 1114112 bytes, new threshold 1 (max threshold 15)
[17.408s][info ][gc,heap        ] GC(2546) DefNew: 19086K->1564K(19648K)
[17.408s][info ][gc,heap        ] GC(2546) Tenured: 17213K->17604K(43712K)
[17.408s][info ][gc,metaspace   ] GC(2546) Metaspace: 16404K->16404K(1064960K)
[17.408s][info ][gc             ] GC(2546) Pause Young (Allocation Failure) 35M->18M(61M) 0.581ms
[17.408s][info ][gc,cpu         ] GC(2546) User=0.00s Sys=0.00s Real=0.00s
[17.409s][info ][gc,start       ] GC(2547) Pause Young (Allocation Failure)
[17.410s][debug][gc,age         ] GC(2547) Desired survivor size 1114112 bytes, new threshold 15 (max threshold 15)
[17.410s][info ][gc,heap        ] GC(2547) DefNew: 18692K->783K(19648K)
[17.410s][info ][gc,heap        ] GC(2547) Tenured: 17604K->17605K(43712K)
[17.410s][info ][gc,metaspace   ] GC(2547) Metaspace: 16404K->16404K(1064960K)
[17.410s][info ][gc             ] GC(2547) Pause Young (Allocation Failure) 35M->17M(61M) 0.478ms
[17.410s][info ][gc,cpu         ] GC(2547) User=0.00s Sys=0.00s Real=0.00s
[17.412s][info ][gc,start       ] GC(2548) Pause Young (Allocation Failure)
[17.412s][debug][gc,age         ] GC(2548) Desired survivor size 1114112 bytes, new threshold 1 (max threshold 15)
[17.412s][info ][gc,heap        ] GC(2548) DefNew: 17927K->1955K(19648K)
[17.412s][info ][gc,heap        ] GC(2548) Tenured: 17605K->17995K(43712K)
[17.412s][info ][gc,metaspace   ] GC(2548) Metaspace: 16404K->16404K(1064960K)
[17.412s][info ][gc             ] GC(2548) Pause Young (Allocation Failure) 34M->19M(61M) 0.696ms
[17.412s][info ][gc,cpu         ] GC(2548) User=0.00s Sys=0.00s Real=0.00s
[17.414s][info ][gc,start       ] GC(2549) Pause Young (Allocation Failure)
[17.415s][debug][gc,age         ] GC(2549) Desired survivor size 1114112 bytes, new threshold 1 (max threshold 15)
[17.415s][info ][gc,heap        ] GC(2549) DefNew: 19143K->1564K(19648K)
[17.415s][info ][gc,heap        ] GC(2549) Tenured: 17995K->17995K(43712K)
[17.415s][info ][gc,metaspace   ] GC(2549) Metaspace: 16404K->16404K(1064960K)
[17.415s][info ][gc             ] GC(2549) Pause Young (Allocation Failure) 36M->19M(61M) 1.378ms
[17.415s][info ][gc,cpu         ] GC(2549) User=0.00s Sys=0.00s Real=0.00s
[17.417s][info ][gc,start       ] GC(2550) Pause Young (Allocation Failure)
[17.417s][debug][gc,age         ] GC(2550) Desired survivor size 1114112 bytes, new threshold 15 (max threshold 15)
[17.417s][info ][gc,heap        ] GC(2550) DefNew: 19036K->783K(19648K)
[17.417s][info ][gc,heap        ] GC(2550) Tenured: 17995K->17996K(43712K)
[17.417s][info ][gc,metaspace   ] GC(2550) Metaspace: 16404K->16404K(1064960K)
[17.417s][info ][gc             ] GC(2550) Pause Young (Allocation Failure) 36M->18M(61M) 0.642ms
[17.417s][info ][gc,cpu         ] GC(2550) User=0.00s Sys=0.00s Real=0.00s
[17.419s][info ][gc,start       ] GC(2551) Pause Young (Allocation Failure)
[17.420s][debug][gc,age         ] GC(2551) Desired survivor size 1114112 bytes, new threshold 1 (max threshold 15)
[17.420s][info ][gc,heap        ] GC(2551) DefNew: 18212K->1564K(19648K)
[17.420s][info ][gc,heap        ] GC(2551) Tenured: 17996K->17996K(43712K)
[17.420s][info ][gc,metaspace   ] GC(2551) Metaspace: 16404K->16404K(1064960K)
[17.420s][info ][gc             ] GC(2551) Pause Young (Allocation Failure) 35M->19M(61M) 1.338ms
[17.420s][info ][gc,cpu         ] GC(2551) User=0.01s Sys=0.00s Real=0.01s
[17.422s][info ][gc,start       ] GC(2552) Pause Young (Allocation Failure)
[17.422s][debug][gc,age         ] GC(2552) Desired survivor size 1114112 bytes, new threshold 1 (max threshold 15)
[17.422s][info ][gc,heap        ] GC(2552) DefNew: 18782K->1955K(19648K)
[17.423s][info ][gc,heap        ] GC(2552) Tenured: 17996K->19168K(43712K)
[17.423s][info ][gc,metaspace   ] GC(2552) Metaspace: 16404K->16404K(1064960K)
[17.423s][info ][gc             ] GC(2552) Pause Young (Allocation Failure) 35M->20M(61M) 0.921ms
[17.423s][info ][gc,cpu         ] GC(2552) User=0.00s Sys=0.00s Real=0.00s
[17.424s][info ][gc,start       ] GC(2553) Pause Young (Allocation Failure)
[17.424s][debug][gc,age         ] GC(2553) Desired survivor size 1114112 bytes, new threshold 1 (max threshold 15)
[17.425s][info ][gc,heap        ] GC(2553) DefNew: 19145K->1955K(19648K)
[17.425s][info ][gc,heap        ] GC(2553) Tenured: 19168K->20340K(43712K)
[17.425s][info ][gc,metaspace   ] GC(2553) Metaspace: 16404K->16404K(1064960K)
[17.425s][info ][gc             ] GC(2553) Pause Young (Allocation Failure) 37M->21M(61M) 0.699ms
[17.425s][info ][gc,cpu         ] GC(2553) User=0.00s Sys=0.00s Real=0.00s
[17.426s][info ][gc,start       ] GC(2554) Pause Young (Allocation Failure)
[17.426s][debug][gc,age         ] GC(2554) Desired survivor size 1114112 bytes, new threshold 1 (max threshold 15)
[17.427s][info ][gc,heap        ] GC(2554) DefNew: 19127K->1955K(19648K)
[17.427s][info ][gc,heap        ] GC(2554) Tenured: 20340K->21512K(43712K)
[17.427s][info ][gc,metaspace   ] GC(2554) Metaspace: 16404K->16404K(1064960K)
[17.427s][info ][gc             ] GC(2554) Pause Young (Allocation Failure) 38M->22M(61M) 0.726ms
[17.427s][info ][gc,cpu         ] GC(2554) User=0.00s Sys=0.00s Real=0.00s
[17.428s][info ][gc,start       ] GC(2555) Pause Young (Allocation Failure)
[17.429s][debug][gc,age         ] GC(2555) Desired survivor size 1114112 bytes, new threshold 1 (max threshold 15)
[17.429s][info ][gc,heap        ] GC(2555) DefNew: 19116K->1955K(19648K)
[17.429s][info ][gc,heap        ] GC(2555) Tenured: 21512K->22293K(43712K)
[17.429s][info ][gc,metaspace   ] GC(2555) Metaspace: 16404K->16404K(1064960K)
[17.429s][info ][gc             ] GC(2555) Pause Young (Allocation Failure) 39M->23M(61M) 0.767ms
[17.429s][info ][gc,cpu         ] GC(2555) User=0.00s Sys=0.00s Real=0.00s
[17.430s][info ][gc,start       ] GC(2556) Pause Young (Allocation Failure)
[17.431s][debug][gc,age         ] GC(2556) Desired survivor size 1114112 bytes, new threshold 1 (max threshold 15)
[17.431s][info ][gc,heap        ] GC(2556) DefNew: 19109K->1955K(19648K)
[17.431s][info ][gc,heap        ] GC(2556) Tenured: 22293K->22684K(43712K)
[17.431s][info ][gc,metaspace   ] GC(2556) Metaspace: 16404K->16404K(1064960K)
[17.431s][info ][gc             ] GC(2556) Pause Young (Allocation Failure) 40M->24M(61M) 0.896ms
[17.431s][info ][gc,cpu         ] GC(2556) User=0.00s Sys=0.00s Real=0.00s
[17.432s][info ][gc,start       ] GC(2557) Pause Young (Allocation Failure)
[17.433s][debug][gc,age         ] GC(2557) Desired survivor size 1114112 bytes, new threshold 1 (max threshold 15)
[17.433s][info ][gc,heap        ] GC(2557) DefNew: 19104K->1955K(19648K)
[17.433s][info ][gc,heap        ] GC(2557) Tenured: 22684K->23856K(43712K)
[17.433s][info ][gc,metaspace   ] GC(2557) Metaspace: 16404K->16404K(1064960K)
[17.433s][info ][gc             ] GC(2557) Pause Young (Allocation Failure) 40M->25M(61M) 0.726ms
[17.433s][info ][gc,cpu         ] GC(2557) User=0.00s Sys=0.00s Real=0.00s
[17.434s][info ][gc,start       ] GC(2558) Pause Young (Allocation Failure)
[17.435s][debug][gc,age         ] GC(2558) Desired survivor size 1114112 bytes, new threshold 1 (max threshold 15)
[17.435s][info ][gc,heap        ] GC(2558) DefNew: 19069K->1955K(19648K)
[17.435s][info ][gc,heap        ] GC(2558) Tenured: 23856K->24637K(43712K)
[17.435s][info ][gc,metaspace   ] GC(2558) Metaspace: 16404K->16404K(1064960K)
[17.435s][info ][gc             ] GC(2558) Pause Young (Allocation Failure) 41M->25M(61M) 0.731ms
[17.435s][info ][gc,cpu         ] GC(2558) User=0.01s Sys=0.00s Real=0.00s
[17.437s][info ][gc,start       ] GC(2559) Pause Young (Allocation Failure)
[17.437s][debug][gc,age         ] GC(2559) Desired survivor size 1114112 bytes, new threshold 1 (max threshold 15)
[17.438s][info ][gc,heap        ] GC(2559) DefNew: 19062K->1955K(19648K)
[17.438s][info ][gc,heap        ] GC(2559) Tenured: 24637K->25028K(43712K)
[17.438s][info ][gc,metaspace   ] GC(2559) Metaspace: 16404K->16404K(1064960K)
[17.438s][info ][gc             ] GC(2559) Pause Young (Allocation Failure) 42M->26M(61M) 1.037ms
[17.438s][info ][gc,cpu         ] GC(2559) User=0.00s Sys=0.00s Real=0.00s
[17.439s][info ][gc,start       ] GC(2560) Pause Young (Allocation Failure)
[17.440s][debug][gc,age         ] GC(2560) Desired survivor size 1114112 bytes, new threshold 1 (max threshold 15)
[17.440s][info ][gc,heap        ] GC(2560) DefNew: 19072K->1955K(19648K)
[17.440s][info ][gc,heap        ] GC(2560) Tenured: 25028K->25419K(43712K)
[17.440s][info ][gc,metaspace   ] GC(2560) Metaspace: 16404K->16404K(1064960K)
[17.440s][info ][gc             ] GC(2560) Pause Young (Allocation Failure) 43M->26M(61M) 0.699ms
[17.440s][info ][gc,cpu         ] GC(2560) User=0.00s Sys=0.00s Real=0.01s
[17.441s][info ][gc,start       ] GC(2561) Pause Young (Allocation Failure)
[17.442s][debug][gc,age         ] GC(2561) Desired survivor size 1114112 bytes, new threshold 1 (max threshold 15)
[17.442s][info ][gc,heap        ] GC(2561) DefNew: 19130K->1955K(19648K)
[17.442s][info ][gc,heap        ] GC(2561) Tenured: 25419K->26200K(43712K)
[17.442s][info ][gc,metaspace   ] GC(2561) Metaspace: 16404K->16404K(1064960K)
[17.442s][info ][gc             ] GC(2561) Pause Young (Allocation Failure) 43M->27M(61M) 0.597ms
[17.442s][info ][gc,cpu         ] GC(2561) User=0.00s Sys=0.00s Real=0.00s
[17.443s][info ][gc,start       ] GC(2562) Pause Young (Allocation Failure)
[17.444s][debug][gc,age         ] GC(2562) Desired survivor size 1114112 bytes, new threshold 1 (max threshold 15)
[17.444s][info ][gc,heap        ] GC(2562) DefNew: 19118K->1955K(19648K)
[17.444s][info ][gc,heap        ] GC(2562) Tenured: 26200K->26591K(43712K)
[17.444s][info ][gc,metaspace   ] GC(2562) Metaspace: 16404K->16404K(1064960K)
[17.444s][info ][gc             ] GC(2562) Pause Young (Allocation Failure) 44M->27M(61M) 0.581ms
[17.444s][info ][gc,cpu         ] GC(2562) User=0.00s Sys=0.00s Real=0.00s
[17.445s][info ][gc,start       ] GC(2563) Pause Young (Allocation Failure)
[17.446s][debug][gc,age         ] GC(2563) Desired survivor size 1114112 bytes, new threshold 1 (max threshold 15)
[17.446s][info ][gc,heap        ] GC(2563) DefNew: 19110K->1955K(19648K)
[17.446s][info ][gc,heap        ] GC(2563) Tenured: 26591K->27763K(43712K)
[17.446s][info ][gc,metaspace   ] GC(2563) Metaspace: 16404K->16404K(1064960K)
[17.446s][info ][gc             ] GC(2563) Pause Young (Allocation Failure) 44M->29M(61M) 0.693ms
[17.446s][info ][gc,cpu         ] GC(2563) User=0.00s Sys=0.00s Real=0.00s
[17.447s][info ][gc,start       ] GC(2564) Pause Young (Allocation Failure)
[17.448s][debug][gc,age         ] GC(2564) Desired survivor size 1114112 bytes, new threshold 1 (max threshold 15)
[17.448s][info ][gc,heap        ] GC(2564) DefNew: 19105K->1174K(19648K)
[17.448s][info ][gc,heap        ] GC(2564) Tenured: 27763K->27763K(43712K)
[17.448s][info ][gc,metaspace   ] GC(2564) Metaspace: 16404K->16404K(1064960K)
[17.448s][info ][gc             ] GC(2564) Pause Young (Allocation Failure) 45M->28M(61M) 0.543ms
[17.448s][info ][gc,cpu         ] GC(2564) User=0.00s Sys=0.00s Real=0.00s
[17.449s][info ][gc,start       ] GC(2565) Pause Young (Allocation Failure)
[17.450s][debug][gc,age         ] GC(2565) Desired survivor size 1114112 bytes, new threshold 1 (max threshold 15)
[17.450s][info ][gc,heap        ] GC(2565) DefNew: 18320K->1955K(19648K)
[17.450s][info ][gc,heap        ] GC(2565) Tenured: 27763K->28935K(43712K)
[17.450s][info ][gc,metaspace   ] GC(2565) Metaspace: 16404K->16404K(1064960K)
[17.450s][info ][gc             ] GC(2565) Pause Young (Allocation Failure) 45M->30M(61M) 0.905ms
[17.450s][info ][gc,cpu         ] GC(2565) User=0.01s Sys=0.00s Real=0.01s
[17.451s][info ][gc,start       ] GC(2566) Pause Young (Allocation Failure)
[17.452s][debug][gc,age         ] GC(2566) Desired survivor size 1114112 bytes, new threshold 1 (max threshold 15)
[17.452s][info ][gc,heap        ] GC(2566) DefNew: 19099K->1954K(19648K)
[17.452s][info ][gc,heap        ] GC(2566) Tenured: 28935K->29326K(43712K)
[17.452s][info ][gc,metaspace   ] GC(2566) Metaspace: 16404K->16404K(1064960K)
[17.452s][info ][gc             ] GC(2566) Pause Young (Allocation Failure) 46M->30M(61M) 0.854ms
[17.452s][info ][gc,cpu         ] GC(2566) User=0.00s Sys=0.00s Real=0.00s
[17.454s][info ][gc,start       ] GC(2567) Pause Young (Allocation Failure)
[17.454s][debug][gc,age         ] GC(2567) Desired survivor size 1114112 bytes, new threshold 1 (max threshold 15)
[17.454s][info ][gc,heap        ] GC(2567) DefNew: 19045K->1173K(19648K)
[17.454s][info ][gc,heap        ] GC(2567) Tenured: 29326K->29717K(43712K)
[17.454s][info ][gc,metaspace   ] GC(2567) Metaspace: 16404K->16404K(1064960K)
[17.454s][info ][gc             ] GC(2567) Pause Young (Allocation Failure) 47M->30M(61M) 0.719ms
[17.455s][info ][gc,cpu         ] GC(2567) User=0.00s Sys=0.00s Real=0.00s
[17.456s][info ][gc,start       ] GC(2568) Pause Young (Allocation Failure)
[17.456s][debug][gc,age         ] GC(2568) Desired survivor size 1114112 bytes, new threshold 1 (max threshold 15)
[17.456s][info ][gc,heap        ] GC(2568) DefNew: 18624K->1954K(19648K)
[17.456s][info ][gc,heap        ] GC(2568) Tenured: 29717K->29718K(43712K)
[17.456s][info ][gc,metaspace   ] GC(2568) Metaspace: 16404K->16404K(1064960K)
[17.456s][info ][gc             ] GC(2568) Pause Young (Allocation Failure) 47M->30M(61M) 0.540ms
[17.456s][info ][gc,cpu         ] GC(2568) User=0.00s Sys=0.00s Real=0.00s
[17.458s][info ][gc,start       ] GC(2569) Pause Young (Allocation Failure)
[17.458s][debug][gc,age         ] GC(2569) Desired survivor size 1114112 bytes, new threshold 1 (max threshold 15)
[17.458s][info ][gc,heap        ] GC(2569) DefNew: 19109K->1955K(19648K)
[17.458s][info ][gc,heap        ] GC(2569) Tenured: 29718K->30109K(43712K)
[17.458s][info ][gc,metaspace   ] GC(2569) Metaspace: 16404K->16404K(1064960K)
[17.458s][info ][gc             ] GC(2569) Pause Young (Allocation Failure) 47M->31M(61M) 0.578ms
[17.458s][info ][gc,cpu         ] GC(2569) User=0.00s Sys=0.00s Real=0.00s
[17.460s][info ][gc,start       ] GC(2570) Pause Young (Allocation Failure)
[17.461s][debug][gc,age         ] GC(2570) Desired survivor size 1114112 bytes, new threshold 1 (max threshold 15)
[17.461s][info ][gc,heap        ] GC(2570) DefNew: 19096K->1955K(19648K)
[17.461s][info ][gc,heap        ] GC(2570) Tenured: 30109K->30890K(43712K)
[17.461s][info ][gc,metaspace   ] GC(2570) Metaspace: 16404K->16404K(1064960K)
[17.461s][info ][gc             ] GC(2570) Pause Young (Allocation Failure) 48M->32M(61M) 0.701ms
[17.461s][info ][gc,cpu         ] GC(2570) User=0.00s Sys=0.00s Real=0.00s
[17.462s][info ][gc,start       ] GC(2571) Pause Young (Allocation Failure)
[17.462s][debug][gc,age         ] GC(2571) Desired survivor size 1114112 bytes, new threshold 1 (max threshold 15)
[17.462s][info ][gc,heap        ] GC(2571) DefNew: 19139K->1564K(19648K)
[17.462s][info ][gc,heap        ] GC(2571) Tenured: 30890K->30890K(43712K)
[17.462s][info ][gc,metaspace   ] GC(2571) Metaspace: 16404K->16404K(1064960K)
[17.462s][info ][gc             ] GC(2571) Pause Young (Allocation Failure) 48M->31M(61M) 0.480ms
[17.462s][info ][gc,cpu         ] GC(2571) User=0.00s Sys=0.00s Real=0.00s
[17.464s][info ][gc,start       ] GC(2572) Pause Young (Allocation Failure)
[17.465s][debug][gc,age         ] GC(2572) Desired survivor size 1114112 bytes, new threshold 1 (max threshold 15)
[17.465s][info ][gc,heap        ] GC(2572) DefNew: 18648K->1564K(19648K)
[17.465s][info ][gc,heap        ] GC(2572) Tenured: 30890K->31282K(43712K)
[17.465s][info ][gc,metaspace   ] GC(2572) Metaspace: 16404K->16404K(1064960K)
[17.465s][info ][gc             ] GC(2572) Pause Young (Allocation Failure) 48M->32M(61M) 0.735ms
[17.465s][info ][gc,cpu         ] GC(2572) User=0.00s Sys=0.00s Real=0.00s
[17.466s][info ][gc,start       ] GC(2573) Pause Young (Allocation Failure)
[17.467s][debug][gc,age         ] GC(2573) Desired survivor size 1114112 bytes, new threshold 15 (max threshold 15)
[17.467s][info ][gc,heap        ] GC(2573) DefNew: 18696K->783K(19648K)
[17.467s][info ][gc,heap        ] GC(2573) Tenured: 31282K->31672K(43712K)
[17.467s][info ][gc,metaspace   ] GC(2573) Metaspace: 16404K->16404K(1064960K)
[17.467s][info ][gc             ] GC(2573) Pause Young (Allocation Failure) 48M->31M(61M) 0.468ms
[17.467s][info ][gc,cpu         ] GC(2573) User=0.00s Sys=0.00s Real=0.00s
[17.468s][info ][gc,start       ] GC(2574) Pause Young (Allocation Failure)
[17.469s][debug][gc,age         ] GC(2574) Desired survivor size 1114112 bytes, new threshold 1 (max threshold 15)
[17.469s][info ][gc,heap        ] GC(2574) DefNew: 17882K->1955K(19648K)
[17.469s][info ][gc,heap        ] GC(2574) Tenured: 31672K->31672K(43712K)
[17.469s][info ][gc,metaspace   ] GC(2574) Metaspace: 16404K->16404K(1064960K)
[17.469s][info ][gc             ] GC(2574) Pause Young (Allocation Failure) 48M->32M(61M) 0.553ms
[17.469s][info ][gc,cpu         ] GC(2574) User=0.00s Sys=0.00s Real=0.00s
[17.470s][info ][gc,start       ] GC(2575) Pause Young (Allocation Failure)
[17.471s][debug][gc,age         ] GC(2575) Desired survivor size 1114112 bytes, new threshold 1 (max threshold 15)
[17.471s][info ][gc,heap        ] GC(2575) DefNew: 19108K->1955K(19648K)
[17.471s][info ][gc,heap        ] GC(2575) Tenured: 31672K->32454K(43712K)
[17.471s][info ][gc,metaspace   ] GC(2575) Metaspace: 16404K->16404K(1064960K)
[17.471s][info ][gc             ] GC(2575) Pause Young (Allocation Failure) 49M->33M(61M) 0.767ms
[17.471s][info ][gc,cpu         ] GC(2575) User=0.00s Sys=0.00s Real=0.00s
[17.473s][info ][gc,start       ] GC(2576) Pause Young (Allocation Failure)
[17.474s][debug][gc,age         ] GC(2576) Desired survivor size 1114112 bytes, new threshold 1 (max threshold 15)
[17.474s][info ][gc,heap        ] GC(2576) DefNew: 19157K->1173K(19648K)
[17.474s][info ][gc,heap        ] GC(2576) Tenured: 32454K->32454K(43712K)
[17.474s][info ][gc,metaspace   ] GC(2576) Metaspace: 16404K->16404K(1064960K)
[17.474s][info ][gc             ] GC(2576) Pause Young (Allocation Failure) 50M->32M(61M) 1.095ms
[17.474s][info ][gc,cpu         ] GC(2576) User=0.01s Sys=0.00s Real=0.00s
[17.476s][info ][gc,start       ] GC(2577) Pause Young (Allocation Failure)
[17.476s][debug][gc,age         ] GC(2577) Desired survivor size 1114112 bytes, new threshold 1 (max threshold 15)
[17.476s][info ][gc,heap        ] GC(2577) DefNew: 18624K->1564K(19648K)
[17.476s][info ][gc,heap        ] GC(2577) Tenured: 32454K->32846K(43712K)
[17.476s][info ][gc,metaspace   ] GC(2577) Metaspace: 16404K->16404K(1064960K)
[17.476s][info ][gc             ] GC(2577) Pause Young (Allocation Failure) 49M->33M(61M) 0.605ms
[17.476s][info ][gc,cpu         ] GC(2577) User=0.01s Sys=0.00s Real=0.00s
[17.478s][info ][gc,start       ] GC(2578) Pause Young (Allocation Failure)
[17.478s][debug][gc,age         ] GC(2578) Desired survivor size 1114112 bytes, new threshold 1 (max threshold 15)
[17.478s][info ][gc,heap        ] GC(2578) DefNew: 18710K->1173K(19648K)
[17.478s][info ][gc,heap        ] GC(2578) Tenured: 32846K->33237K(43712K)
[17.478s][info ][gc,metaspace   ] GC(2578) Metaspace: 16404K->16404K(1064960K)
[17.478s][info ][gc             ] GC(2578) Pause Young (Allocation Failure) 50M->33M(61M) 0.525ms
[17.478s][info ][gc,cpu         ] GC(2578) User=0.00s Sys=0.00s Real=0.00s
[17.480s][info ][gc,start       ] GC(2579) Pause Young (Allocation Failure)
[17.480s][debug][gc,age         ] GC(2579) Desired survivor size 1114112 bytes, new threshold 1 (max threshold 15)
[17.480s][info ][gc,heap        ] GC(2579) DefNew: 18337K->1564K(19648K)
[17.480s][info ][gc,heap        ] GC(2579) Tenured: 33237K->33237K(43712K)
[17.480s][info ][gc,metaspace   ] GC(2579) Metaspace: 16404K->16404K(1064960K)
[17.480s][info ][gc             ] GC(2579) Pause Young (Allocation Failure) 50M->33M(61M) 0.523ms
[17.480s][info ][gc,cpu         ] GC(2579) User=0.00s Sys=0.00s Real=0.00s
[17.482s][info ][gc,start       ] GC(2580) Pause Young (Allocation Failure)
[17.482s][debug][gc,age         ] GC(2580) Desired survivor size 1114112 bytes, new threshold 1 (max threshold 15)
[17.482s][info ][gc,heap        ] GC(2580) DefNew: 18709K->1955K(19648K)
[17.482s][info ][gc,heap        ] GC(2580) Tenured: 33237K->33237K(43712K)
[17.483s][info ][gc,metaspace   ] GC(2580) Metaspace: 16404K->16404K(1064960K)
[17.483s][info ][gc             ] GC(2580) Pause Young (Allocation Failure) 50M->34M(61M) 0.743ms
[17.483s][info ][gc,cpu         ] GC(2580) User=0.00s Sys=0.00s Real=0.00s
[17.484s][info ][gc,start       ] GC(2581) Pause Young (Allocation Failure)
[17.485s][debug][gc,age         ] GC(2581) Desired survivor size 1114112 bytes, new threshold 1 (max threshold 15)
[17.485s][info ][gc,heap        ] GC(2581) DefNew: 19094K->1955K(19648K)
[17.485s][info ][gc,heap        ] GC(2581) Tenured: 33237K->34019K(43712K)
[17.485s][info ][gc,metaspace   ] GC(2581) Metaspace: 16404K->16404K(1064960K)
[17.485s][info ][gc             ] GC(2581) Pause Young (Allocation Failure) 51M->35M(61M) 0.853ms
[17.485s][info ][gc,cpu         ] GC(2581) User=0.00s Sys=0.00s Real=0.00s
[17.486s][info ][gc,start       ] GC(2582) Pause Young (Allocation Failure)
[17.487s][debug][gc,age         ] GC(2582) Desired survivor size 1114112 bytes, new threshold 1 (max threshold 15)
[17.487s][info ][gc,heap        ] GC(2582) DefNew: 19051K->1954K(19648K)
[17.487s][info ][gc,heap        ] GC(2582) Tenured: 34019K->34410K(43712K)
[17.487s][info ][gc,metaspace   ] GC(2582) Metaspace: 16404K->16404K(1064960K)
[17.487s][info ][gc             ] GC(2582) Pause Young (Allocation Failure) 51M->35M(61M) 0.786ms
[17.487s][info ][gc,cpu         ] GC(2582) User=0.01s Sys=0.00s Real=0.00s
[17.489s][info ][gc,start       ] GC(2583) Pause Young (Allocation Failure)
[17.489s][debug][gc,age         ] GC(2583) Desired survivor size 1114112 bytes, new threshold 1 (max threshold 15)
[17.489s][info ][gc,heap        ] GC(2583) DefNew: 19120K->1955K(19648K)
[17.489s][info ][gc,heap        ] GC(2583) Tenured: 34410K->35192K(43712K)
[17.490s][info ][gc,metaspace   ] GC(2583) Metaspace: 16404K->16404K(1064960K)
[17.490s][info ][gc             ] GC(2583) Pause Young (Allocation Failure) 52M->36M(61M) 0.968ms
[17.490s][info ][gc,cpu         ] GC(2583) User=0.01s Sys=0.00s Real=0.01s
[17.491s][info ][gc,start       ] GC(2584) Pause Young (Allocation Failure)
[17.492s][debug][gc,age         ] GC(2584) Desired survivor size 1114112 bytes, new threshold 1 (max threshold 15)
[17.492s][info ][gc,heap        ] GC(2584) DefNew: 19103K->1564K(19648K)
[17.492s][info ][gc,heap        ] GC(2584) Tenured: 35192K->35583K(43712K)
[17.492s][info ][gc,metaspace   ] GC(2584) Metaspace: 16404K->16404K(1064960K)
[17.492s][info ][gc             ] GC(2584) Pause Young (Allocation Failure) 53M->36M(61M) 0.758ms
[17.492s][info ][gc,cpu         ] GC(2584) User=0.00s Sys=0.00s Real=0.00s
[17.493s][info ][gc,start       ] GC(2585) Pause Young (Allocation Failure)
[17.494s][debug][gc,age         ] GC(2585) Desired survivor size 1114112 bytes, new threshold 1 (max threshold 15)
[17.494s][info ][gc,heap        ] GC(2585) DefNew: 19036K->1954K(19648K)
[17.494s][info ][gc,heap        ] GC(2585) Tenured: 35583K->36365K(43712K)
[17.494s][info ][gc,metaspace   ] GC(2585) Metaspace: 16404K->16404K(1064960K)
[17.494s][info ][gc             ] GC(2585) Pause Young (Allocation Failure) 53M->37M(61M) 0.629ms
[17.494s][info ][gc,cpu         ] GC(2585) User=0.00s Sys=0.00s Real=0.00s
[17.495s][info ][gc,start       ] GC(2586) Pause Young (Allocation Failure)
[17.496s][debug][gc,age         ] GC(2586) Desired survivor size 1114112 bytes, new threshold 1 (max threshold 15)
[17.496s][info ][gc,heap        ] GC(2586) DefNew: 19145K->1955K(19648K)
[17.496s][info ][gc,heap        ] GC(2586) Tenured: 36365K->36756K(43712K)
[17.496s][info ][gc,metaspace   ] GC(2586) Metaspace: 16404K->16404K(1064960K)
[17.496s][info ][gc             ] GC(2586) Pause Young (Allocation Failure) 54M->37M(61M) 0.623ms
[17.496s][info ][gc,cpu         ] GC(2586) User=0.00s Sys=0.00s Real=0.00s
[17.497s][info ][gc,start       ] GC(2587) Pause Young (Allocation Failure)
[17.498s][debug][gc,age         ] GC(2587) Desired survivor size 1114112 bytes, new threshold 1 (max threshold 15)
[17.498s][info ][gc,heap        ] GC(2587) DefNew: 19152K->1955K(19648K)
[17.498s][info ][gc,heap        ] GC(2587) Tenured: 36756K->36756K(43712K)
[17.498s][info ][gc,metaspace   ] GC(2587) Metaspace: 16404K->16404K(1064960K)
[17.498s][info ][gc             ] GC(2587) Pause Young (Allocation Failure) 54M->37M(61M) 0.637ms
[17.498s][info ][gc,cpu         ] GC(2587) User=0.00s Sys=0.00s Real=0.00s
[17.499s][info ][gc,start       ] GC(2588) Pause Young (Allocation Failure)
[17.500s][debug][gc,age         ] GC(2588) Desired survivor size 1114112 bytes, new threshold 1 (max threshold 15)
[17.500s][info ][gc,heap        ] GC(2588) DefNew: 19132K->1955K(19648K)
[17.500s][info ][gc,heap        ] GC(2588) Tenured: 36756K->37147K(43712K)
[17.500s][info ][gc,metaspace   ] GC(2588) Metaspace: 16404K->16404K(1064960K)
[17.500s][info ][gc             ] GC(2588) Pause Young (Allocation Failure) 54M->38M(61M) 0.587ms
[17.500s][info ][gc,cpu         ] GC(2588) User=0.00s Sys=0.00s Real=0.00s
[17.501s][info ][gc,start       ] GC(2589) Pause Young (Allocation Failure)
[17.502s][debug][gc,age         ] GC(2589) Desired survivor size 1114112 bytes, new threshold 1 (max threshold 15)
[17.502s][info ][gc,heap        ] GC(2589) DefNew: 19119K->1564K(19648K)
[17.502s][info ][gc,heap        ] GC(2589) Tenured: 37147K->37147K(43712K)
[17.502s][info ][gc,metaspace   ] GC(2589) Metaspace: 16404K->16404K(1064960K)
[17.502s][info ][gc             ] GC(2589) Pause Young (Allocation Failure) 54M->37M(61M) 0.483ms
[17.502s][info ][gc,cpu         ] GC(2589) User=0.00s Sys=0.00s Real=0.00s
[17.504s][info ][gc,start       ] GC(2590) Pause Young (Allocation Failure)
[17.504s][debug][gc,age         ] GC(2590) Desired survivor size 1114112 bytes, new threshold 1 (max threshold 15)
[17.504s][info ][gc,heap        ] GC(2590) DefNew: 18663K->1955K(19648K)
[17.504s][info ][gc,heap        ] GC(2590) Tenured: 37147K->37147K(43712K)
[17.504s][info ][gc,metaspace   ] GC(2590) Metaspace: 16404K->16404K(1064960K)
[17.504s][info ][gc             ] GC(2590) Pause Young (Allocation Failure) 54M->38M(61M) 0.551ms
[17.504s][info ][gc,cpu         ] GC(2590) User=0.00s Sys=0.00s Real=0.00s
[17.505s][info ][gc,start       ] GC(2591) Pause Young (Allocation Failure)
[17.506s][debug][gc,age         ] GC(2591) Desired survivor size 1114112 bytes, new threshold 1 (max threshold 15)
[17.506s][info ][gc,heap        ] GC(2591) DefNew: 19125K->1955K(19648K)
[17.506s][info ][gc,heap        ] GC(2591) Tenured: 37147K->37928K(43712K)
[17.506s][info ][gc,metaspace   ] GC(2591) Metaspace: 16404K->16404K(1064960K)
[17.506s][info ][gc             ] GC(2591) Pause Young (Allocation Failure) 54M->38M(61M) 0.600ms
[17.506s][info ][gc,cpu         ] GC(2591) User=0.00s Sys=0.00s Real=0.00s
[17.507s][info ][gc,start       ] GC(2592) Pause Young (Allocation Failure)
[17.508s][debug][gc,age         ] GC(2592) Desired survivor size 1114112 bytes, new threshold 1 (max threshold 15)
[17.508s][info ][gc,heap        ] GC(2592) DefNew: 19115K->1955K(19648K)
[17.508s][info ][gc,heap        ] GC(2592) Tenured: 37928K->38319K(43712K)
[17.508s][info ][gc,metaspace   ] GC(2592) Metaspace: 16404K->16404K(1064960K)
[17.508s][info ][gc             ] GC(2592) Pause Young (Allocation Failure) 55M->39M(61M) 0.572ms
[17.508s][info ][gc,cpu         ] GC(2592) User=0.00s Sys=0.00s Real=0.00s
[17.509s][info ][gc,start       ] GC(2593) Pause Young (Allocation Failure)
[17.510s][debug][gc,age         ] GC(2593) Desired survivor size 1114112 bytes, new threshold 1 (max threshold 15)
[17.510s][info ][gc,heap        ] GC(2593) DefNew: 19108K->1955K(19648K)
[17.510s][info ][gc,heap        ] GC(2593) Tenured: 38319K->39100K(43712K)
[17.510s][info ][gc,metaspace   ] GC(2593) Metaspace: 16404K->16404K(1064960K)
[17.510s][info ][gc             ] GC(2593) Pause Young (Allocation Failure) 56M->40M(61M) 0.695ms
[17.510s][info ][gc,cpu         ] GC(2593) User=0.00s Sys=0.00s Real=0.01s
[17.511s][info ][gc,start       ] GC(2594) Pause Young (Allocation Failure)
[17.512s][debug][gc,age         ] GC(2594) Desired survivor size 1114112 bytes, new threshold 1 (max threshold 15)
[17.512s][info ][gc,heap        ] GC(2594) DefNew: 19104K->1955K(19648K)
[17.512s][info ][gc,heap        ] GC(2594) Tenured: 39100K->39100K(43712K)
[17.512s][info ][gc,metaspace   ] GC(2594) Metaspace: 16404K->16404K(1064960K)
[17.512s][info ][gc             ] GC(2594) Pause Young (Allocation Failure) 56M->40M(61M) 0.591ms
[17.512s][info ][gc,cpu         ] GC(2594) User=0.00s Sys=0.00s Real=0.00s
[17.513s][info ][gc,start       ] GC(2595) Pause Young (Allocation Failure)
[17.513s][debug][gc,age         ] GC(2595) Desired survivor size 1114112 bytes, new threshold 1 (max threshold 15)
[17.513s][info ][gc,heap        ] GC(2595) DefNew: 19101K->1955K(19648K)
[17.514s][info ][gc,heap        ] GC(2595) Tenured: 39100K->39882K(43712K)
[17.514s][info ][gc,metaspace   ] GC(2595) Metaspace: 16404K->16404K(1064960K)
[17.514s][info ][gc             ] GC(2595) Pause Young (Allocation Failure) 56M->40M(61M) 0.606ms
[17.514s][info ][gc,cpu         ] GC(2595) User=0.00s Sys=0.00s Real=0.00s
[17.515s][info ][gc,start       ] GC(2596) Pause Young (Allocation Failure)
[17.515s][debug][gc,age         ] GC(2596) Desired survivor size 1114112 bytes, new threshold 15 (max threshold 15)
[17.516s][info ][gc,heap        ] GC(2596) DefNew: 19099K->783K(19648K)
[17.516s][info ][gc,heap        ] GC(2596) Tenured: 39882K->40272K(43712K)
[17.516s][info ][gc,metaspace   ] GC(2596) Metaspace: 16404K->16404K(1064960K)
[17.516s][info ][gc             ] GC(2596) Pause Young (Allocation Failure) 57M->40M(61M) 0.494ms
[17.516s][info ][gc,cpu         ] GC(2596) User=0.00s Sys=0.00s Real=0.00s
[17.517s][info ][gc,start       ] GC(2597) Pause Young (Allocation Failure)
[17.518s][debug][gc,age         ] GC(2597) Desired survivor size 1114112 bytes, new threshold 1 (max threshold 15)
[17.518s][info ][gc,heap        ] GC(2597) DefNew: 17925K->1174K(19648K)
[17.518s][info ][gc,heap        ] GC(2597) Tenured: 40272K->40272K(43712K)
[17.518s][info ][gc,metaspace   ] GC(2597) Metaspace: 16404K->16404K(1064960K)
[17.518s][info ][gc             ] GC(2597) Pause Young (Allocation Failure) 56M->40M(61M) 0.675ms
[17.518s][info ][gc,cpu         ] GC(2597) User=0.00s Sys=0.00s Real=0.00s
[17.519s][info ][gc,start       ] GC(2598) Pause Young (Allocation Failure)
[17.520s][debug][gc,age         ] GC(2598) Desired survivor size 1114112 bytes, new threshold 1 (max threshold 15)
[17.520s][info ][gc,heap        ] GC(2598) DefNew: 18278K->1955K(19648K)
[17.520s][info ][gc,heap        ] GC(2598) Tenured: 40272K->40663K(43712K)
[17.520s][info ][gc,metaspace   ] GC(2598) Metaspace: 16404K->16404K(1064960K)
[17.520s][info ][gc             ] GC(2598) Pause Young (Allocation Failure) 57M->41M(61M) 0.619ms
[17.520s][info ][gc,cpu         ] GC(2598) User=0.00s Sys=0.00s Real=0.01s
[17.521s][info ][gc,start       ] GC(2599) Pause Young (Allocation Failure)
[17.522s][debug][gc,age         ] GC(2599) Desired survivor size 1114112 bytes, new threshold 1 (max threshold 15)
[17.522s][info ][gc,heap        ] GC(2599) DefNew: 19109K->1564K(19648K)
[17.522s][info ][gc,heap        ] GC(2599) Tenured: 40663K->40663K(43712K)
[17.522s][info ][gc,metaspace   ] GC(2599) Metaspace: 16404K->16404K(1064960K)
[17.522s][info ][gc             ] GC(2599) Pause Young (Allocation Failure) 58M->41M(61M) 0.570ms
[17.522s][info ][gc,cpu         ] GC(2599) User=0.00s Sys=0.00s Real=0.00s
[17.523s][info ][gc,start       ] GC(2600) Pause Young (Allocation Failure)
[17.524s][debug][gc,age         ] GC(2600) Desired survivor size 1114112 bytes, new threshold 1 (max threshold 15)
[17.524s][info ][gc,heap        ] GC(2600) DefNew: 18714K->1955K(19648K)
[17.524s][info ][gc,heap        ] GC(2600) Tenured: 40663K->41835K(43712K)
[17.524s][info ][gc,metaspace   ] GC(2600) Metaspace: 16404K->16404K(1064960K)
[17.524s][info ][gc             ] GC(2600) Pause Young (Allocation Failure) 57M->42M(61M) 0.695ms
[17.524s][info ][gc,cpu         ] GC(2600) User=0.00s Sys=0.00s Real=0.00s
[17.525s][info ][gc,start       ] GC(2601) Pause Young (Allocation Failure)
[17.525s][debug][gc,age         ] GC(2601) Desired survivor size 1114112 bytes, new threshold 1 (max threshold 15)
[17.525s][info ][gc,heap        ] GC(2601) DefNew: 19101K->1564K(19648K)
[17.525s][info ][gc,heap        ] GC(2601) Tenured: 41835K->41835K(43712K)
[17.525s][info ][gc,metaspace   ] GC(2601) Metaspace: 16404K->16404K(1064960K)
[17.525s][info ][gc             ] GC(2601) Pause Young (Allocation Failure) 59M->42M(61M) 0.506ms
[17.525s][info ][gc,cpu         ] GC(2601) User=0.00s Sys=0.00s Real=0.00s
[17.527s][info ][gc,start       ] GC(2602) Pause Young (Allocation Failure)
[17.527s][debug][gc,age         ] GC(2602) Desired survivor size 1114112 bytes, new threshold 1 (max threshold 15)
[17.527s][info ][gc,heap        ] GC(2602) DefNew: 18709K->1955K(19648K)
[17.527s][info ][gc,heap        ] GC(2602) Tenured: 41835K->42226K(43712K)
[17.527s][info ][gc,metaspace   ] GC(2602) Metaspace: 16404K->16404K(1064960K)
[17.527s][info ][gc             ] GC(2602) Pause Young (Allocation Failure) 59M->43M(61M) 0.565ms
[17.527s][info ][gc,cpu         ] GC(2602) User=0.00s Sys=0.00s Real=0.00s
[17.528s][info ][gc,start       ] GC(2603) Pause Young (Allocation Failure)
[17.529s][debug][gc,age         ] GC(2603) Desired survivor size 1114112 bytes, new threshold 1 (max threshold 15)
[17.529s][info ][gc,heap        ] GC(2603) DefNew: 19098K->1955K(19648K)
[17.529s][info ][gc,heap        ] GC(2603) Tenured: 42226K->42617K(43712K)
[17.529s][info ][gc,metaspace   ] GC(2603) Metaspace: 16404K->16404K(1064960K)
[17.529s][info ][gc             ] GC(2603) Pause Young (Allocation Failure) 59M->43M(61M) 0.692ms
[17.529s][info ][gc,cpu         ] GC(2603) User=0.00s Sys=0.00s Real=0.00s
[17.531s][info ][gc,start       ] GC(2604) Pause Young (Allocation Failure)
[17.531s][debug][gc,age         ] GC(2604) Desired survivor size 1114112 bytes, new threshold 1 (max threshold 15)
[17.531s][info ][gc,heap        ] GC(2604) DefNew: 19097K->1955K(19648K)
[17.531s][info ][gc,heap        ] GC(2604) Tenured: 42617K->43007K(43712K)
[17.531s][info ][gc,metaspace   ] GC(2604) Metaspace: 16404K->16404K(1064960K)
[17.531s][info ][gc             ] GC(2604) Pause Young (Allocation Failure) 60M->43M(61M) 0.835ms
[17.531s][info ][gc,cpu         ] GC(2604) User=0.00s Sys=0.00s Real=0.00s
[17.533s][info ][gc,start       ] GC(2605) Pause Young (Allocation Failure)
[17.533s][info ][gc,start       ] GC(2606) Pause Full (Allocation Failure)
[17.533s][info ][gc,phases,start] GC(2606) Phase 1: Mark live objects
[17.536s][debug][gc,phases      ] GC(2606) Reference Processing 0.047ms
[17.536s][debug][gc,phases      ] GC(2606) Weak Processing 0.017ms
[17.536s][debug][gc,phases      ] GC(2606) ClassLoaderData 0.030ms
[17.536s][debug][gc,phases      ] GC(2606) ProtectionDomainCacheTable 0.002ms
[17.536s][debug][gc,phases      ] GC(2606) ResolvedMethodTable 0.016ms
[17.537s][debug][gc,phases      ] GC(2606) Class Unloading 0.815ms
[17.537s][debug][gc,phases      ] GC(2606) Scrub String Table 0.075ms
[17.538s][debug][gc,phases      ] GC(2606) Scrub Symbol Table 1.219ms
[17.538s][info ][gc,phases      ] GC(2606) Phase 1: Mark live objects 5.455ms
[17.538s][info ][gc,phases,start] GC(2606) Phase 2: Compute new object addresses
[17.539s][info ][gc,phases      ] GC(2606) Phase 2: Compute new object addresses 0.940ms
[17.539s][info ][gc,phases,start] GC(2606) Phase 3: Adjust pointers
[17.543s][info ][gc,phases      ] GC(2606) Phase 3: Adjust pointers 3.972ms
[17.543s][info ][gc,phases,start] GC(2606) Phase 4: Move objects
[17.544s][info ][gc,phases      ] GC(2606) Phase 4: Move objects 0.262ms
[17.544s][info ][gc             ] GC(2606) Pause Full (Allocation Failure) 60M->5M(61M) 10.900ms
[17.544s][info ][gc,heap        ] GC(2605) DefNew: 19097K->0K(19648K)
[17.544s][info ][gc,heap        ] GC(2605) Tenured: 43007K->5490K(43712K)
[17.544s][info ][gc,metaspace   ] GC(2605) Metaspace: 16404K->16404K(1064960K)
[17.544s][info ][gc             ] GC(2605) Pause Young (Allocation Failure) 60M->5M(61M) 11.025ms
[17.544s][info ][gc,cpu         ] GC(2605) User=0.02s Sys=0.00s Real=0.01s
[17.545s][info ][gc,start       ] GC(2607) Pause Young (Allocation Failure)
[17.546s][debug][gc,age         ] GC(2607) Desired survivor size 1114112 bytes, new threshold 1 (max threshold 15)
[17.546s][info ][gc,heap        ] GC(2607) DefNew: 17099K->1955K(19648K)
[17.546s][info ][gc,heap        ] GC(2607) Tenured: 5490K->5880K(43712K)
[17.546s][info ][gc,metaspace   ] GC(2607) Metaspace: 16404K->16404K(1064960K)
[17.546s][info ][gc             ] GC(2607) Pause Young (Allocation Failure) 22M->7M(61M) 0.561ms
[17.546s][info ][gc,cpu         ] GC(2607) User=0.00s Sys=0.00s Real=0.00s
[17.547s][info ][gc,start       ] GC(2608) Pause Young (Allocation Failure)
[17.548s][debug][gc,age         ] GC(2608) Desired survivor size 1114112 bytes, new threshold 1 (max threshold 15)
[17.548s][info ][gc,heap        ] GC(2608) DefNew: 19111K->1955K(19648K)
[17.548s][info ][gc,heap        ] GC(2608) Tenured: 5880K->7053K(43712K)
[17.548s][info ][gc,metaspace   ] GC(2608) Metaspace: 16404K->16404K(1064960K)
[17.548s][info ][gc             ] GC(2608) Pause Young (Allocation Failure) 24M->8M(61M) 0.781ms
[17.548s][info ][gc,cpu         ] GC(2608) User=0.00s Sys=0.00s Real=0.00s
[17.549s][info ][gc,start       ] GC(2609) Pause Young (Allocation Failure)
[17.550s][debug][gc,age         ] GC(2609) Desired survivor size 1114112 bytes, new threshold 1 (max threshold 15)
[17.550s][info ][gc,heap        ] GC(2609) DefNew: 19106K->1955K(19648K)
[17.550s][info ][gc,heap        ] GC(2609) Tenured: 7053K->8225K(43712K)
[17.550s][info ][gc,metaspace   ] GC(2609) Metaspace: 16404K->16404K(1064960K)
[17.550s][info ][gc             ] GC(2609) Pause Young (Allocation Failure) 25M->9M(61M) 0.644ms
[17.550s][info ][gc,cpu         ] GC(2609) User=0.00s Sys=0.00s Real=0.00s
[17.551s][info ][gc,start       ] GC(2610) Pause Young (Allocation Failure)
[17.552s][debug][gc,age         ] GC(2610) Desired survivor size 1114112 bytes, new threshold 1 (max threshold 15)
[17.552s][info ][gc,heap        ] GC(2610) DefNew: 19427K->1955K(19648K)
[17.552s][info ][gc,heap        ] GC(2610) Tenured: 8225K->8225K(43712K)
[17.552s][info ][gc,metaspace   ] GC(2610) Metaspace: 16404K->16404K(1064960K)
[17.552s][info ][gc             ] GC(2610) Pause Young (Allocation Failure) 27M->9M(61M) 0.686ms
[17.552s][info ][gc,cpu         ] GC(2610) User=0.00s Sys=0.00s Real=0.00s
[17.553s][info ][gc,start       ] GC(2611) Pause Young (Allocation Failure)
[17.554s][debug][gc,age         ] GC(2611) Desired survivor size 1114112 bytes, new threshold 1 (max threshold 15)
[17.554s][info ][gc,heap        ] GC(2611) DefNew: 19114K->1955K(19648K)
[17.554s][info ][gc,heap        ] GC(2611) Tenured: 8225K->9007K(43712K)
[17.554s][info ][gc,metaspace   ] GC(2611) Metaspace: 16404K->16404K(1064960K)
[17.554s][info ][gc             ] GC(2611) Pause Young (Allocation Failure) 26M->10M(61M) 0.707ms
[17.554s][info ][gc,cpu         ] GC(2611) User=0.00s Sys=0.00s Real=0.00s
[17.556s][info ][gc,start       ] GC(2612) Pause Young (Allocation Failure)
[17.556s][debug][gc,age         ] GC(2612) Desired survivor size 1114112 bytes, new threshold 1 (max threshold 15)
[17.556s][info ][gc,heap        ] GC(2612) DefNew: 19108K->1564K(19648K)
[17.556s][info ][gc,heap        ] GC(2612) Tenured: 9007K->9007K(43712K)
[17.556s][info ][gc,metaspace   ] GC(2612) Metaspace: 16404K->16404K(1064960K)
[17.556s][info ][gc             ] GC(2612) Pause Young (Allocation Failure) 27M->10M(61M) 0.494ms
[17.556s][info ][gc,cpu         ] GC(2612) User=0.01s Sys=0.00s Real=0.00s
[17.557s][info ][gc,start       ] GC(2613) Pause Young (Allocation Failure)
[17.558s][debug][gc,age         ] GC(2613) Desired survivor size 1114112 bytes, new threshold 1 (max threshold 15)
[17.558s][info ][gc,heap        ] GC(2613) DefNew: 18713K->1955K(19648K)
[17.558s][info ][gc,heap        ] GC(2613) Tenured: 9007K->9398K(43712K)
[17.558s][info ][gc,metaspace   ] GC(2613) Metaspace: 16404K->16404K(1064960K)
[17.558s][info ][gc             ] GC(2613) Pause Young (Allocation Failure) 27M->11M(61M) 0.555ms
[17.558s][info ][gc,cpu         ] GC(2613) User=0.00s Sys=0.00s Real=0.00s
[17.559s][info ][gc,start       ] GC(2614) Pause Young (Allocation Failure)
[17.560s][debug][gc,age         ] GC(2614) Desired survivor size 1114112 bytes, new threshold 1 (max threshold 15)
[17.560s][info ][gc,heap        ] GC(2614) DefNew: 19101K->1564K(19648K)
[17.560s][info ][gc,heap        ] GC(2614) Tenured: 9398K->9398K(43712K)
[17.560s][info ][gc,metaspace   ] GC(2614) Metaspace: 16404K->16404K(1064960K)
[17.560s][info ][gc             ] GC(2614) Pause Young (Allocation Failure) 27M->10M(61M) 0.664ms
[17.560s][info ][gc,cpu         ] GC(2614) User=0.00s Sys=0.00s Real=0.01s
[17.561s][info ][gc,start       ] GC(2615) Pause Young (Allocation Failure)
[17.562s][debug][gc,age         ] GC(2615) Desired survivor size 1114112 bytes, new threshold 1 (max threshold 15)
[17.562s][info ][gc,heap        ] GC(2615) DefNew: 18708K->1955K(19648K)
[17.562s][info ][gc,heap        ] GC(2615) Tenured: 9398K->10179K(43712K)
[17.562s][info ][gc,metaspace   ] GC(2615) Metaspace: 16404K->16404K(1064960K)
[17.562s][info ][gc             ] GC(2615) Pause Young (Allocation Failure) 27M->11M(61M) 0.594ms
[17.562s][info ][gc,cpu         ] GC(2615) User=0.00s Sys=0.00s Real=0.00s
[17.563s][info ][gc,start       ] GC(2616) Pause Young (Allocation Failure)
[17.564s][debug][gc,age         ] GC(2616) Desired survivor size 1114112 bytes, new threshold 1 (max threshold 15)
[17.564s][info ][gc,heap        ] GC(2616) DefNew: 19098K->1955K(19648K)
[17.564s][info ][gc,heap        ] GC(2616) Tenured: 10179K->11351K(43712K)
[17.564s][info ][gc,metaspace   ] GC(2616) Metaspace: 16404K->16404K(1064960K)
[17.564s][info ][gc             ] GC(2616) Pause Young (Allocation Failure) 28M->12M(61M) 0.680ms
[17.564s][info ][gc,cpu         ] GC(2616) User=0.00s Sys=0.00s Real=0.00s
[17.565s][info ][gc,start       ] GC(2617) Pause Young (Allocation Failure)
[17.566s][debug][gc,age         ] GC(2617) Desired survivor size 1114112 bytes, new threshold 1 (max threshold 15)
[17.566s][info ][gc,heap        ] GC(2617) DefNew: 19427K->1954K(19648K)
[17.566s][info ][gc,heap        ] GC(2617) Tenured: 11351K->11742K(43712K)
[17.566s][info ][gc,metaspace   ] GC(2617) Metaspace: 16404K->16404K(1064960K)
[17.566s][info ][gc             ] GC(2617) Pause Young (Allocation Failure) 30M->13M(61M) 0.679ms
[17.566s][info ][gc,cpu         ] GC(2617) User=0.00s Sys=0.00s Real=0.00s
[17.568s][info ][gc,start       ] GC(2618) Pause Young (Allocation Failure)
[17.568s][debug][gc,age         ] GC(2618) Desired survivor size 1114112 bytes, new threshold 1 (max threshold 15)
[17.568s][info ][gc,heap        ] GC(2618) DefNew: 19112K->1955K(19648K)
[17.568s][info ][gc,heap        ] GC(2618) Tenured: 11742K->12132K(43712K)
[17.568s][info ][gc,metaspace   ] GC(2618) Metaspace: 16404K->16404K(1064960K)
[17.568s][info ][gc             ] GC(2618) Pause Young (Allocation Failure) 30M->13M(61M) 0.636ms
[17.568s][info ][gc,cpu         ] GC(2618) User=0.00s Sys=0.00s Real=0.00s
[17.570s][info ][gc,start       ] GC(2619) Pause Young (Allocation Failure)
[17.570s][debug][gc,age         ] GC(2619) Desired survivor size 1114112 bytes, new threshold 1 (max threshold 15)
[17.570s][info ][gc,heap        ] GC(2619) DefNew: 19106K->1955K(19648K)
[17.570s][info ][gc,heap        ] GC(2619) Tenured: 12132K->12523K(43712K)
[17.570s][info ][gc,metaspace   ] GC(2619) Metaspace: 16404K->16404K(1064960K)
[17.570s][info ][gc             ] GC(2619) Pause Young (Allocation Failure) 30M->14M(61M) 0.679ms
[17.570s][info ][gc,cpu         ] GC(2619) User=0.00s Sys=0.00s Real=0.00s
[17.572s][info ][gc,start       ] GC(2620) Pause Young (Allocation Failure)
[17.572s][debug][gc,age         ] GC(2620) Desired survivor size 1114112 bytes, new threshold 1 (max threshold 15)
[17.572s][info ][gc,heap        ] GC(2620) DefNew: 19102K->1955K(19648K)
[17.572s][info ][gc,heap        ] GC(2620) Tenured: 12523K->13305K(43712K)
[17.572s][info ][gc,metaspace   ] GC(2620) Metaspace: 16404K->16404K(1064960K)
[17.572s][info ][gc             ] GC(2620) Pause Young (Allocation Failure) 30M->14M(61M) 0.616ms
[17.572s][info ][gc,cpu         ] GC(2620) User=0.00s Sys=0.00s Real=0.00s
[17.574s][info ][gc,start       ] GC(2621) Pause Young (Allocation Failure)
[17.574s][debug][gc,age         ] GC(2621) Desired survivor size 1114112 bytes, new threshold 1 (max threshold 15)
[17.574s][info ][gc,heap        ] GC(2621) DefNew: 19100K->1955K(19648K)
[17.574s][info ][gc,heap        ] GC(2621) Tenured: 13305K->14476K(43712K)
[17.574s][info ][gc,metaspace   ] GC(2621) Metaspace: 16404K->16404K(1064960K)
[17.574s][info ][gc             ] GC(2621) Pause Young (Allocation Failure) 31M->16M(61M) 0.652ms
[17.574s][info ][gc,cpu         ] GC(2621) User=0.00s Sys=0.00s Real=0.00s
[17.576s][info ][gc,start       ] GC(2622) Pause Young (Allocation Failure)
[17.576s][debug][gc,age         ] GC(2622) Desired survivor size 1114112 bytes, new threshold 1 (max threshold 15)
[17.576s][info ][gc,heap        ] GC(2622) DefNew: 19098K->1955K(19648K)
[17.576s][info ][gc,heap        ] GC(2622) Tenured: 14476K->14867K(43712K)
[17.576s][info ][gc,metaspace   ] GC(2622) Metaspace: 16404K->16404K(1064960K)
[17.576s][info ][gc             ] GC(2622) Pause Young (Allocation Failure) 32M->16M(61M) 0.625ms
[17.577s][info ][gc,cpu         ] GC(2622) User=0.00s Sys=0.00s Real=0.00s
[17.578s][info ][gc,start       ] GC(2623) Pause Young (Allocation Failure)
[17.578s][debug][gc,age         ] GC(2623) Desired survivor size 1114112 bytes, new threshold 1 (max threshold 15)
[17.578s][info ][gc,heap        ] GC(2623) DefNew: 19097K->1955K(19648K)
[17.578s][info ][gc,heap        ] GC(2623) Tenured: 14867K->15648K(43712K)
[17.578s][info ][gc,metaspace   ] GC(2623) Metaspace: 16404K->16404K(1064960K)
[17.578s][info ][gc             ] GC(2623) Pause Young (Allocation Failure) 33M->17M(61M) 0.730ms
[17.578s][info ][gc,cpu         ] GC(2623) User=0.00s Sys=0.00s Real=0.00s
[17.580s][info ][gc,start       ] GC(2624) Pause Young (Allocation Failure)
[17.581s][debug][gc,age         ] GC(2624) Desired survivor size 1114112 bytes, new threshold 1 (max threshold 15)
[17.581s][info ][gc,heap        ] GC(2624) DefNew: 19097K->1955K(19648K)
[17.581s][info ][gc,heap        ] GC(2624) Tenured: 15648K->16430K(43712K)
[17.581s][info ][gc,metaspace   ] GC(2624) Metaspace: 16404K->16404K(1064960K)
[17.581s][info ][gc             ] GC(2624) Pause Young (Allocation Failure) 33M->17M(61M) 1.180ms
[17.581s][info ][gc,cpu         ] GC(2624) User=0.00s Sys=0.00s Real=0.00s
[17.582s][info ][gc,start       ] GC(2625) Pause Young (Allocation Failure)
[17.583s][debug][gc,age         ] GC(2625) Desired survivor size 1114112 bytes, new threshold 1 (max threshold 15)
[17.583s][info ][gc,heap        ] GC(2625) DefNew: 19096K->1955K(19648K)
[17.583s][info ][gc,heap        ] GC(2625) Tenured: 16430K->16821K(43712K)
[17.583s][info ][gc,metaspace   ] GC(2625) Metaspace: 16404K->16404K(1064960K)
[17.583s][info ][gc             ] GC(2625) Pause Young (Allocation Failure) 34M->18M(61M) 0.567ms
[17.583s][info ][gc,cpu         ] GC(2625) User=0.00s Sys=0.00s Real=0.00s
[17.584s][info ][gc,start       ] GC(2626) Pause Young (Allocation Failure)
[17.585s][debug][gc,age         ] GC(2626) Desired survivor size 1114112 bytes, new threshold 1 (max threshold 15)
[17.585s][info ][gc,heap        ] GC(2626) DefNew: 19096K->1955K(19648K)
[17.585s][info ][gc,heap        ] GC(2626) Tenured: 16821K->17602K(43712K)
[17.585s][info ][gc,metaspace   ] GC(2626) Metaspace: 16404K->16404K(1064960K)
[17.585s][info ][gc             ] GC(2626) Pause Young (Allocation Failure) 35M->19M(61M) 0.806ms
[17.585s][info ][gc,cpu         ] GC(2626) User=0.00s Sys=0.00s Real=0.00s
[17.586s][info ][gc,start       ] GC(2627) Pause Young (Allocation Failure)
[17.587s][debug][gc,age         ] GC(2627) Desired survivor size 1114112 bytes, new threshold 1 (max threshold 15)
[17.587s][info ][gc,heap        ] GC(2627) DefNew: 19096K->1173K(19648K)
[17.587s][info ][gc,heap        ] GC(2627) Tenured: 17602K->17993K(43712K)
[17.587s][info ][gc,metaspace   ] GC(2627) Metaspace: 16404K->16404K(1064960K)
[17.587s][info ][gc             ] GC(2627) Pause Young (Allocation Failure) 35M->18M(61M) 0.496ms
[17.587s][info ][gc,cpu         ] GC(2627) User=0.01s Sys=0.00s Real=0.00s
[17.588s][info ][gc,start       ] GC(2628) Pause Young (Allocation Failure)
[17.589s][debug][gc,age         ] GC(2628) Desired survivor size 1114112 bytes, new threshold 1 (max threshold 15)
[17.589s][info ][gc,heap        ] GC(2628) DefNew: 18314K->1955K(19648K)
[17.589s][info ][gc,heap        ] GC(2628) Tenured: 17993K->17993K(43712K)
[17.589s][info ][gc,metaspace   ] GC(2628) Metaspace: 16404K->16404K(1064960K)
[17.589s][info ][gc             ] GC(2628) Pause Young (Allocation Failure) 35M->19M(61M) 0.543ms
[17.589s][info ][gc,cpu         ] GC(2628) User=0.00s Sys=0.00s Real=0.00s
[17.590s][info ][gc,start       ] GC(2629) Pause Young (Allocation Failure)
[17.591s][debug][gc,age         ] GC(2629) Desired survivor size 1114112 bytes, new threshold 1 (max threshold 15)
[17.591s][info ][gc,heap        ] GC(2629) DefNew: 19096K->1955K(19648K)
[17.591s][info ][gc,heap        ] GC(2629) Tenured: 17993K->18384K(43712K)
[17.591s][info ][gc,metaspace   ] GC(2629) Metaspace: 16404K->16404K(1064960K)
[17.591s][info ][gc             ] GC(2629) Pause Young (Allocation Failure) 36M->19M(61M) 0.562ms
[17.591s][info ][gc,cpu         ] GC(2629) User=0.00s Sys=0.00s Real=0.00s
[17.592s][info ][gc,start       ] GC(2630) Pause Young (Allocation Failure)
[17.593s][debug][gc,age         ] GC(2630) Desired survivor size 1114112 bytes, new threshold 1 (max threshold 15)
[17.593s][info ][gc,heap        ] GC(2630) DefNew: 19096K->1955K(19648K)
[17.593s][info ][gc,heap        ] GC(2630) Tenured: 18384K->19556K(43712K)
[17.593s][info ][gc,metaspace   ] GC(2630) Metaspace: 16404K->16404K(1064960K)
[17.593s][info ][gc             ] GC(2630) Pause Young (Allocation Failure) 36M->21M(61M) 0.661ms
[17.593s][info ][gc,cpu         ] GC(2630) User=0.00s Sys=0.00s Real=0.00s
[17.594s][info ][gc,start       ] GC(2631) Pause Young (Allocation Failure)
[17.594s][debug][gc,age         ] GC(2631) Desired survivor size 1114112 bytes, new threshold 1 (max threshold 15)
[17.594s][info ][gc,heap        ] GC(2631) DefNew: 19096K->1955K(19648K)
[17.595s][info ][gc,heap        ] GC(2631) Tenured: 19556K->20337K(43712K)
[17.595s][info ][gc,metaspace   ] GC(2631) Metaspace: 16404K->16404K(1064960K)
[17.595s][info ][gc             ] GC(2631) Pause Young (Allocation Failure) 37M->21M(61M) 0.600ms
[17.595s][info ][gc,cpu         ] GC(2631) User=0.00s Sys=0.00s Real=0.00s
[17.596s][info ][gc,start       ] GC(2632) Pause Young (Allocation Failure)
[17.596s][debug][gc,age         ] GC(2632) Desired survivor size 1114112 bytes, new threshold 1 (max threshold 15)
[17.596s][info ][gc,heap        ] GC(2632) DefNew: 19096K->1955K(19648K)
[17.596s][info ][gc,heap        ] GC(2632) Tenured: 20337K->21118K(43712K)
[17.596s][info ][gc,metaspace   ] GC(2632) Metaspace: 16404K->16404K(1064960K)
[17.597s][info ][gc             ] GC(2632) Pause Young (Allocation Failure) 38M->22M(61M) 0.679ms
[17.597s][info ][gc,cpu         ] GC(2632) User=0.00s Sys=0.00s Real=0.00s
[17.598s][info ][gc,start       ] GC(2633) Pause Young (Allocation Failure)
[17.599s][debug][gc,age         ] GC(2633) Desired survivor size 1114112 bytes, new threshold 1 (max threshold 15)
[17.599s][info ][gc,heap        ] GC(2633) DefNew: 19096K->1955K(19648K)
[17.599s][info ][gc,heap        ] GC(2633) Tenured: 21118K->21899K(43712K)
[17.599s][info ][gc,metaspace   ] GC(2633) Metaspace: 16404K->16404K(1064960K)
[17.599s][info ][gc             ] GC(2633) Pause Young (Allocation Failure) 39M->23M(61M) 1.024ms
[17.599s][info ][gc,cpu         ] GC(2633) User=0.00s Sys=0.00s Real=0.00s
[17.600s][info ][gc,start       ] GC(2634) Pause Young (Allocation Failure)
[17.601s][debug][gc,age         ] GC(2634) Desired survivor size 1114112 bytes, new threshold 1 (max threshold 15)
[17.601s][info ][gc,heap        ] GC(2634) DefNew: 19096K->1955K(19648K)
[17.601s][info ][gc,heap        ] GC(2634) Tenured: 21899K->21900K(43712K)
[17.601s][info ][gc,metaspace   ] GC(2634) Metaspace: 16404K->16404K(1064960K)
[17.601s][info ][gc             ] GC(2634) Pause Young (Allocation Failure) 40M->23M(61M) 0.625ms
[17.601s][info ][gc,cpu         ] GC(2634) User=0.00s Sys=0.00s Real=0.00s
[17.602s][info ][gc,start       ] GC(2635) Pause Young (Allocation Failure)
[17.603s][debug][gc,age         ] GC(2635) Desired survivor size 1114112 bytes, new threshold 1 (max threshold 15)
[17.603s][info ][gc,heap        ] GC(2635) DefNew: 19095K->1955K(19648K)
[17.603s][info ][gc,heap        ] GC(2635) Tenured: 21900K->22290K(43712K)
[17.603s][info ][gc,metaspace   ] GC(2635) Metaspace: 16404K->16404K(1064960K)
[17.603s][info ][gc             ] GC(2635) Pause Young (Allocation Failure) 40M->23M(61M) 0.624ms
[17.603s][info ][gc,cpu         ] GC(2635) User=0.00s Sys=0.00s Real=0.00s
[17.604s][info ][gc,start       ] GC(2636) Pause Young (Allocation Failure)
[17.605s][debug][gc,age         ] GC(2636) Desired survivor size 1114112 bytes, new threshold 1 (max threshold 15)
[17.605s][info ][gc,heap        ] GC(2636) DefNew: 19096K->1955K(19648K)
[17.605s][info ][gc,heap        ] GC(2636) Tenured: 22290K->22291K(43712K)
[17.605s][info ][gc,metaspace   ] GC(2636) Metaspace: 16404K->16404K(1064960K)
[17.605s][info ][gc             ] GC(2636) Pause Young (Allocation Failure) 40M->23M(61M) 0.540ms
[17.605s][info ][gc,cpu         ] GC(2636) User=0.00s Sys=0.00s Real=0.00s
[17.606s][info ][gc,start       ] GC(2637) Pause Young (Allocation Failure)
[17.607s][debug][gc,age         ] GC(2637) Desired survivor size 1114112 bytes, new threshold 1 (max threshold 15)
[17.607s][info ][gc,heap        ] GC(2637) DefNew: 19095K->1955K(19648K)
[17.607s][info ][gc,heap        ] GC(2637) Tenured: 22291K->22291K(43712K)
[17.607s][info ][gc,metaspace   ] GC(2637) Metaspace: 16404K->16404K(1064960K)
[17.607s][info ][gc             ] GC(2637) Pause Young (Allocation Failure) 40M->23M(61M) 0.512ms
[17.607s][info ][gc,cpu         ] GC(2637) User=0.00s Sys=0.00s Real=0.00s
[17.608s][info ][gc,start       ] GC(2638) Pause Young (Allocation Failure)
[17.608s][debug][gc,age         ] GC(2638) Desired survivor size 1114112 bytes, new threshold 15 (max threshold 15)
[17.608s][info ][gc,heap        ] GC(2638) DefNew: 19044K->783K(19648K)
[17.608s][info ][gc,heap        ] GC(2638) Tenured: 22291K->22291K(43712K)
[17.608s][info ][gc,metaspace   ] GC(2638) Metaspace: 16404K->16404K(1064960K)
[17.608s][info ][gc             ] GC(2638) Pause Young (Allocation Failure) 40M->22M(61M) 0.395ms
[17.609s][info ][gc,cpu         ] GC(2638) User=0.00s Sys=0.00s Real=0.00s
[17.610s][info ][gc,start       ] GC(2639) Pause Young (Allocation Failure)
[17.611s][debug][gc,age         ] GC(2639) Desired survivor size 1114112 bytes, new threshold 1 (max threshold 15)
[17.611s][info ][gc,heap        ] GC(2639) DefNew: 18231K->1955K(19648K)
[17.611s][info ][gc,heap        ] GC(2639) Tenured: 22291K->22291K(43712K)
[17.611s][info ][gc,metaspace   ] GC(2639) Metaspace: 16404K->16404K(1064960K)
[17.611s][info ][gc             ] GC(2639) Pause Young (Allocation Failure) 39M->23M(61M) 0.536ms
[17.611s][info ][gc,cpu         ] GC(2639) User=0.00s Sys=0.00s Real=0.00s
[17.612s][info ][gc,start       ] GC(2640) Pause Young (Allocation Failure)
[17.612s][debug][gc,age         ] GC(2640) Desired survivor size 1114112 bytes, new threshold 1 (max threshold 15)
[17.613s][info ][gc,heap        ] GC(2640) DefNew: 19114K->1564K(19648K)
[17.613s][info ][gc,heap        ] GC(2640) Tenured: 22291K->22682K(43712K)
[17.613s][info ][gc,metaspace   ] GC(2640) Metaspace: 16404K->16404K(1064960K)
[17.613s][info ][gc             ] GC(2640) Pause Young (Allocation Failure) 40M->23M(61M) 0.733ms
[17.613s][info ][gc,cpu         ] GC(2640) User=0.00s Sys=0.00s Real=0.00s
[17.614s][info ][gc,start       ] GC(2641) Pause Young (Allocation Failure)
[17.615s][debug][gc,age         ] GC(2641) Desired survivor size 1114112 bytes, new threshold 1 (max threshold 15)
[17.615s][info ][gc,heap        ] GC(2641) DefNew: 18686K->1955K(19648K)
[17.615s][info ][gc,heap        ] GC(2641) Tenured: 22682K->23073K(43712K)
[17.615s][info ][gc,metaspace   ] GC(2641) Metaspace: 16404K->16404K(1064960K)
[17.615s][info ][gc             ] GC(2641) Pause Young (Allocation Failure) 40M->24M(61M) 0.789ms
[17.615s][info ][gc,cpu         ] GC(2641) User=0.00s Sys=0.00s Real=0.00s
[17.616s][info ][gc,start       ] GC(2642) Pause Young (Allocation Failure)
[17.617s][debug][gc,age         ] GC(2642) Desired survivor size 1114112 bytes, new threshold 1 (max threshold 15)
[17.617s][info ][gc,heap        ] GC(2642) DefNew: 19143K->1955K(19648K)
[17.617s][info ][gc,heap        ] GC(2642) Tenured: 23073K->23854K(43712K)
[17.617s][info ][gc,metaspace   ] GC(2642) Metaspace: 16404K->16404K(1064960K)
[17.617s][info ][gc             ] GC(2642) Pause Young (Allocation Failure) 41M->25M(61M) 0.672ms
[17.617s][info ][gc,cpu         ] GC(2642) User=0.00s Sys=0.00s Real=0.00s
[17.618s][info ][gc,start       ] GC(2643) Pause Young (Allocation Failure)
[17.619s][debug][gc,age         ] GC(2643) Desired survivor size 1114112 bytes, new threshold 1 (max threshold 15)
[17.619s][info ][gc,heap        ] GC(2643) DefNew: 19126K->1564K(19648K)
[17.619s][info ][gc,heap        ] GC(2643) Tenured: 23854K->23855K(43712K)
[17.619s][info ][gc,metaspace   ] GC(2643) Metaspace: 16404K->16404K(1064960K)
[17.619s][info ][gc             ] GC(2643) Pause Young (Allocation Failure) 41M->24M(61M) 0.494ms
[17.619s][info ][gc,cpu         ] GC(2643) User=0.00s Sys=0.00s Real=0.00s
[17.620s][info ][gc,start       ] GC(2644) Pause Young (Allocation Failure)
[17.621s][debug][gc,age         ] GC(2644) Desired survivor size 1114112 bytes, new threshold 1 (max threshold 15)
[17.621s][info ][gc,heap        ] GC(2644) DefNew: 18689K->1955K(19648K)
[17.621s][info ][gc,heap        ] GC(2644) Tenured: 23855K->24246K(43712K)
[17.621s][info ][gc,metaspace   ] GC(2644) Metaspace: 16404K->16404K(1064960K)
[17.621s][info ][gc             ] GC(2644) Pause Young (Allocation Failure) 41M->25M(61M) 0.713ms
[17.621s][info ][gc,cpu         ] GC(2644) User=0.00s Sys=0.00s Real=0.00s
[17.622s][info ][gc,start       ] GC(2645) Pause Young (Allocation Failure)
[17.623s][debug][gc,age         ] GC(2645) Desired survivor size 1114112 bytes, new threshold 1 (max threshold 15)
[17.623s][info ][gc,heap        ] GC(2645) DefNew: 19121K->1955K(19648K)
[17.623s][info ][gc,heap        ] GC(2645) Tenured: 24246K->24246K(43712K)
[17.623s][info ][gc,metaspace   ] GC(2645) Metaspace: 16404K->16404K(1064960K)
[17.623s][info ][gc             ] GC(2645) Pause Young (Allocation Failure) 42M->25M(61M) 0.622ms
[17.623s][info ][gc,cpu         ] GC(2645) User=0.00s Sys=0.00s Real=0.00s
[17.624s][info ][gc,start       ] GC(2646) Pause Young (Allocation Failure)
[17.625s][debug][gc,age         ] GC(2646) Desired survivor size 1114112 bytes, new threshold 1 (max threshold 15)
[17.625s][info ][gc,heap        ] GC(2646) DefNew: 19112K->1955K(19648K)
[17.625s][info ][gc,heap        ] GC(2646) Tenured: 24246K->25418K(43712K)
[17.625s][info ][gc,metaspace   ] GC(2646) Metaspace: 16404K->16404K(1064960K)
[17.625s][info ][gc             ] GC(2646) Pause Young (Allocation Failure) 42M->26M(61M) 0.641ms
[17.625s][info ][gc,cpu         ] GC(2646) User=0.00s Sys=0.00s Real=0.00s
[17.626s][info ][gc,start       ] GC(2647) Pause Young (Allocation Failure)
[17.627s][debug][gc,age         ] GC(2647) Desired survivor size 1114112 bytes, new threshold 15 (max threshold 15)
[17.627s][info ][gc,heap        ] GC(2647) DefNew: 19402K->782K(19648K)
[17.627s][info ][gc,heap        ] GC(2647) Tenured: 25418K->26199K(43712K)
[17.627s][info ][gc,metaspace   ] GC(2647) Metaspace: 16404K->16404K(1064960K)
[17.627s][info ][gc             ] GC(2647) Pause Young (Allocation Failure) 43M->26M(61M) 0.518ms
[17.627s][info ][gc,cpu         ] GC(2647) User=0.00s Sys=0.00s Real=0.00s
[17.628s][info ][gc,start       ] GC(2648) Pause Young (Allocation Failure)
[17.629s][debug][gc,age         ] GC(2648) Desired survivor size 1114112 bytes, new threshold 1 (max threshold 15)
[17.629s][info ][gc,heap        ] GC(2648) DefNew: 18242K->1955K(19648K)
[17.629s][info ][gc,heap        ] GC(2648) Tenured: 26199K->26981K(43712K)
[17.629s][info ][gc,metaspace   ] GC(2648) Metaspace: 16404K->16404K(1064960K)
[17.629s][info ][gc             ] GC(2648) Pause Young (Allocation Failure) 43M->28M(61M) 0.708ms
[17.629s][info ][gc,cpu         ] GC(2648) User=0.00s Sys=0.00s Real=0.00s
[17.631s][info ][gc,start       ] GC(2649) Pause Young (Allocation Failure)
[17.632s][debug][gc,age         ] GC(2649) Desired survivor size 1114112 bytes, new threshold 1 (max threshold 15)
[17.632s][info ][gc,heap        ] GC(2649) DefNew: 19426K->1954K(19648K)
[17.632s][info ][gc,heap        ] GC(2649) Tenured: 26981K->27763K(43712K)
[17.632s][info ][gc,metaspace   ] GC(2649) Metaspace: 16404K->16404K(1064960K)
[17.632s][info ][gc             ] GC(2649) Pause Young (Allocation Failure) 45M->29M(61M) 0.726ms
[17.632s][info ][gc,cpu         ] GC(2649) User=0.01s Sys=0.00s Real=0.00s
[17.633s][info ][gc,start       ] GC(2650) Pause Young (Allocation Failure)
[17.634s][debug][gc,age         ] GC(2650) Desired survivor size 1114112 bytes, new threshold 1 (max threshold 15)
[17.634s][info ][gc,heap        ] GC(2650) DefNew: 19177K->1955K(19648K)
[17.634s][info ][gc,heap        ] GC(2650) Tenured: 27763K->28935K(43712K)
[17.634s][info ][gc,metaspace   ] GC(2650) Metaspace: 16404K->16404K(1064960K)
[17.634s][info ][gc             ] GC(2650) Pause Young (Allocation Failure) 45M->30M(61M) 0.679ms
[17.634s][info ][gc,cpu         ] GC(2650) User=0.00s Sys=0.00s Real=0.00s
[17.635s][info ][gc,start       ] GC(2651) Pause Young (Allocation Failure)
[17.636s][debug][gc,age         ] GC(2651) Desired survivor size 1114112 bytes, new threshold 1 (max threshold 15)
[17.636s][info ][gc,heap        ] GC(2651) DefNew: 19149K->1955K(19648K)
[17.636s][info ][gc,heap        ] GC(2651) Tenured: 28935K->29716K(43712K)
[17.636s][info ][gc,metaspace   ] GC(2651) Metaspace: 16404K->16404K(1064960K)
[17.636s][info ][gc             ] GC(2651) Pause Young (Allocation Failure) 46M->30M(61M) 0.690ms
[17.636s][info ][gc,cpu         ] GC(2651) User=0.00s Sys=0.00s Real=0.00s
[17.637s][info ][gc,start       ] GC(2652) Pause Young (Allocation Failure)
[17.638s][debug][gc,age         ] GC(2652) Desired survivor size 1114112 bytes, new threshold 1 (max threshold 15)
[17.638s][info ][gc,heap        ] GC(2652) DefNew: 19130K->1955K(19648K)
[17.638s][info ][gc,heap        ] GC(2652) Tenured: 29716K->30107K(43712K)
[17.638s][info ][gc,metaspace   ] GC(2652) Metaspace: 16404K->16404K(1064960K)
[17.638s][info ][gc             ] GC(2652) Pause Young (Allocation Failure) 47M->31M(61M) 0.721ms
[17.638s][info ][gc,cpu         ] GC(2652) User=0.00s Sys=0.00s Real=0.00s
[17.639s][info ][gc,start       ] GC(2653) Pause Young (Allocation Failure)
[17.640s][debug][gc,age         ] GC(2653) Desired survivor size 1114112 bytes, new threshold 1 (max threshold 15)
[17.640s][info ][gc,heap        ] GC(2653) DefNew: 19118K->1955K(19648K)
[17.640s][info ][gc,heap        ] GC(2653) Tenured: 30107K->30107K(43712K)
[17.640s][info ][gc,metaspace   ] GC(2653) Metaspace: 16404K->16404K(1064960K)
[17.640s][info ][gc             ] GC(2653) Pause Young (Allocation Failure) 48M->31M(61M) 0.620ms
[17.640s][info ][gc,cpu         ] GC(2653) User=0.00s Sys=0.00s Real=0.01s
[17.641s][info ][gc,start       ] GC(2654) Pause Young (Allocation Failure)
[17.642s][debug][gc,age         ] GC(2654) Desired survivor size 1114112 bytes, new threshold 1 (max threshold 15)
[17.642s][info ][gc,heap        ] GC(2654) DefNew: 19110K->1955K(19648K)
[17.642s][info ][gc,heap        ] GC(2654) Tenured: 30107K->30498K(43712K)
[17.642s][info ][gc,metaspace   ] GC(2654) Metaspace: 16404K->16404K(1064960K)
[17.642s][info ][gc             ] GC(2654) Pause Young (Allocation Failure) 48M->31M(61M) 0.893ms
[17.642s][info ][gc,cpu         ] GC(2654) User=0.00s Sys=0.00s Real=0.00s
[17.643s][info ][gc,start       ] GC(2655) Pause Young (Allocation Failure)
[17.644s][debug][gc,age         ] GC(2655) Desired survivor size 1114112 bytes, new threshold 1 (max threshold 15)
[17.644s][info ][gc,heap        ] GC(2655) DefNew: 19105K->1955K(19648K)
[17.644s][info ][gc,heap        ] GC(2655) Tenured: 30498K->31279K(43712K)
[17.644s][info ][gc,metaspace   ] GC(2655) Metaspace: 16404K->16404K(1064960K)
[17.644s][info ][gc             ] GC(2655) Pause Young (Allocation Failure) 48M->32M(61M) 0.608ms
[17.644s][info ][gc,cpu         ] GC(2655) User=0.01s Sys=0.00s Real=0.00s
[17.645s][info ][gc,start       ] GC(2656) Pause Young (Allocation Failure)
[17.646s][debug][gc,age         ] GC(2656) Desired survivor size 1114112 bytes, new threshold 1 (max threshold 15)
[17.646s][info ][gc,heap        ] GC(2656) DefNew: 19101K->1955K(19648K)
[17.646s][info ][gc,heap        ] GC(2656) Tenured: 31279K->31669K(43712K)
[17.646s][info ][gc,metaspace   ] GC(2656) Metaspace: 16404K->16404K(1064960K)
[17.646s][info ][gc             ] GC(2656) Pause Young (Allocation Failure) 49M->32M(61M) 0.695ms
[17.646s][info ][gc,cpu         ] GC(2656) User=0.00s Sys=0.00s Real=0.00s
[17.647s][info ][gc,start       ] GC(2657) Pause Young (Allocation Failure)
[17.648s][debug][gc,age         ] GC(2657) Desired survivor size 1114112 bytes, new threshold 1 (max threshold 15)
[17.648s][info ][gc,heap        ] GC(2657) DefNew: 19099K->1955K(19648K)
[17.648s][info ][gc,heap        ] GC(2657) Tenured: 31669K->32451K(43712K)
[17.648s][info ][gc,metaspace   ] GC(2657) Metaspace: 16404K->16404K(1064960K)
[17.648s][info ][gc             ] GC(2657) Pause Young (Allocation Failure) 49M->33M(61M) 0.958ms
[17.648s][info ][gc,cpu         ] GC(2657) User=0.00s Sys=0.00s Real=0.00s
[17.649s][info ][gc,start       ] GC(2658) Pause Young (Allocation Failure)
[17.650s][debug][gc,age         ] GC(2658) Desired survivor size 1114112 bytes, new threshold 1 (max threshold 15)
[17.650s][info ][gc,heap        ] GC(2658) DefNew: 19098K->1955K(19648K)
[17.650s][info ][gc,heap        ] GC(2658) Tenured: 32451K->32451K(43712K)
[17.650s][info ][gc,metaspace   ] GC(2658) Metaspace: 16404K->16404K(1064960K)
[17.650s][info ][gc             ] GC(2658) Pause Young (Allocation Failure) 50M->33M(61M) 0.941ms
[17.650s][info ][gc,cpu         ] GC(2658) User=0.00s Sys=0.00s Real=0.00s
[17.652s][info ][gc,start       ] GC(2659) Pause Young (Allocation Failure)
[17.652s][debug][gc,age         ] GC(2659) Desired survivor size 1114112 bytes, new threshold 1 (max threshold 15)
[17.652s][info ][gc,heap        ] GC(2659) DefNew: 19097K->1564K(19648K)
[17.652s][info ][gc,heap        ] GC(2659) Tenured: 32451K->32451K(43712K)
[17.652s][info ][gc,metaspace   ] GC(2659) Metaspace: 16404K->16404K(1064960K)
[17.652s][info ][gc             ] GC(2659) Pause Young (Allocation Failure) 50M->33M(61M) 0.540ms
[17.652s][info ][gc,cpu         ] GC(2659) User=0.00s Sys=0.00s Real=0.00s
[17.653s][info ][gc,start       ] GC(2660) Pause Young (Allocation Failure)
[17.654s][debug][gc,age         ] GC(2660) Desired survivor size 1114112 bytes, new threshold 1 (max threshold 15)
[17.654s][info ][gc,heap        ] GC(2660) DefNew: 18706K->1955K(19648K)
[17.654s][info ][gc,heap        ] GC(2660) Tenured: 32451K->33623K(43712K)
[17.654s][info ][gc,metaspace   ] GC(2660) Metaspace: 16404K->16404K(1064960K)
[17.654s][info ][gc             ] GC(2660) Pause Young (Allocation Failure) 49M->34M(61M) 0.680ms
[17.654s][info ][gc,cpu         ] GC(2660) User=0.00s Sys=0.00s Real=0.00s
[17.655s][info ][gc,start       ] GC(2661) Pause Young (Allocation Failure)
[17.656s][debug][gc,age         ] GC(2661) Desired survivor size 1114112 bytes, new threshold 1 (max threshold 15)
[17.656s][info ][gc,heap        ] GC(2661) DefNew: 19096K->1954K(19648K)
[17.656s][info ][gc,heap        ] GC(2661) Tenured: 33623K->34795K(43712K)
[17.656s][info ][gc,metaspace   ] GC(2661) Metaspace: 16404K->16404K(1064960K)
[17.656s][info ][gc             ] GC(2661) Pause Young (Allocation Failure) 51M->35M(61M) 0.677ms
[17.656s][info ][gc,cpu         ] GC(2661) User=0.00s Sys=0.00s Real=0.00s
[17.658s][info ][gc,start       ] GC(2662) Pause Young (Allocation Failure)
[17.658s][debug][gc,age         ] GC(2662) Desired survivor size 1114112 bytes, new threshold 1 (max threshold 15)
[17.658s][info ][gc,heap        ] GC(2662) DefNew: 19426K->1955K(19648K)
[17.658s][info ][gc,heap        ] GC(2662) Tenured: 34795K->34795K(43712K)
[17.658s][info ][gc,metaspace   ] GC(2662) Metaspace: 16404K->16404K(1064960K)
[17.658s][info ][gc             ] GC(2662) Pause Young (Allocation Failure) 52M->35M(61M) 0.571ms
[17.658s][info ][gc,cpu         ] GC(2662) User=0.00s Sys=0.00s Real=0.00s
[17.660s][info ][gc,start       ] GC(2663) Pause Young (Allocation Failure)
[17.660s][debug][gc,age         ] GC(2663) Desired survivor size 1114112 bytes, new threshold 1 (max threshold 15)
[17.660s][info ][gc,heap        ] GC(2663) DefNew: 19111K->1564K(19648K)
[17.660s][info ][gc,heap        ] GC(2663) Tenured: 34795K->34795K(43712K)
[17.660s][info ][gc,metaspace   ] GC(2663) Metaspace: 16404K->16404K(1064960K)
[17.660s][info ][gc             ] GC(2663) Pause Young (Allocation Failure) 52M->35M(61M) 0.587ms
[17.660s][info ][gc,cpu         ] GC(2663) User=0.00s Sys=0.00s Real=0.00s
[17.662s][info ][gc,start       ] GC(2664) Pause Young (Allocation Failure)
[17.662s][debug][gc,age         ] GC(2664) Desired survivor size 1114112 bytes, new threshold 1 (max threshold 15)
[17.662s][info ][gc,heap        ] GC(2664) DefNew: 19018K->1954K(19648K)
[17.662s][info ][gc,heap        ] GC(2664) Tenured: 34795K->35187K(43712K)
[17.662s][info ][gc,metaspace   ] GC(2664) Metaspace: 16404K->16404K(1064960K)
[17.662s][info ][gc             ] GC(2664) Pause Young (Allocation Failure) 52M->36M(61M) 0.606ms
[17.662s][info ][gc,cpu         ] GC(2664) User=0.00s Sys=0.00s Real=0.00s
[17.664s][info ][gc,start       ] GC(2665) Pause Young (Allocation Failure)
[17.664s][debug][gc,age         ] GC(2665) Desired survivor size 1114112 bytes, new threshold 1 (max threshold 15)
[17.664s][info ][gc,heap        ] GC(2665) DefNew: 19133K->1955K(19648K)
[17.664s][info ][gc,heap        ] GC(2665) Tenured: 35187K->35968K(43712K)
[17.664s][info ][gc,metaspace   ] GC(2665) Metaspace: 16404K->16404K(1064960K)
[17.664s][info ][gc             ] GC(2665) Pause Young (Allocation Failure) 53M->37M(61M) 0.887ms
[17.664s][info ][gc,cpu         ] GC(2665) User=0.00s Sys=0.00s Real=0.00s
[17.666s][info ][gc,start       ] GC(2666) Pause Young (Allocation Failure)
[17.667s][debug][gc,age         ] GC(2666) Desired survivor size 1114112 bytes, new threshold 1 (max threshold 15)
[17.667s][info ][gc,heap        ] GC(2666) DefNew: 19120K->1955K(19648K)
[17.667s][info ][gc,heap        ] GC(2666) Tenured: 35968K->37140K(43712K)
[17.667s][info ][gc,metaspace   ] GC(2666) Metaspace: 16404K->16404K(1064960K)
[17.667s][info ][gc             ] GC(2666) Pause Young (Allocation Failure) 53M->38M(61M) 0.732ms
[17.667s][info ][gc,cpu         ] GC(2666) User=0.00s Sys=0.00s Real=0.00s
[17.668s][info ][gc,start       ] GC(2667) Pause Young (Allocation Failure)
[17.669s][debug][gc,age         ] GC(2667) Desired survivor size 1114112 bytes, new threshold 1 (max threshold 15)
[17.669s][info ][gc,heap        ] GC(2667) DefNew: 19111K->1955K(19648K)
[17.669s][info ][gc,heap        ] GC(2667) Tenured: 37140K->37140K(43712K)
[17.669s][info ][gc,metaspace   ] GC(2667) Metaspace: 16404K->16404K(1064960K)
[17.669s][info ][gc             ] GC(2667) Pause Young (Allocation Failure) 54M->38M(61M) 0.658ms
[17.669s][info ][gc,cpu         ] GC(2667) User=0.00s Sys=0.00s Real=0.00s
[17.670s][info ][gc,start       ] GC(2668) Pause Young (Allocation Failure)
[17.671s][debug][gc,age         ] GC(2668) Desired survivor size 1114112 bytes, new threshold 1 (max threshold 15)
[17.671s][info ][gc,heap        ] GC(2668) DefNew: 19064K->1955K(19648K)
[17.671s][info ][gc,heap        ] GC(2668) Tenured: 37140K->37531K(43712K)
[17.671s][info ][gc,metaspace   ] GC(2668) Metaspace: 16404K->16404K(1064960K)
[17.671s][info ][gc             ] GC(2668) Pause Young (Allocation Failure) 54M->38M(61M) 0.753ms
[17.671s][info ][gc,cpu         ] GC(2668) User=0.00s Sys=0.00s Real=0.00s
[17.672s][info ][gc,start       ] GC(2669) Pause Young (Allocation Failure)
[17.673s][debug][gc,age         ] GC(2669) Desired survivor size 1114112 bytes, new threshold 1 (max threshold 15)
[17.673s][info ][gc,heap        ] GC(2669) DefNew: 19117K->1955K(19648K)
[17.673s][info ][gc,heap        ] GC(2669) Tenured: 37531K->37922K(43712K)
[17.673s][info ][gc,metaspace   ] GC(2669) Metaspace: 16404K->16404K(1064960K)
[17.673s][info ][gc             ] GC(2669) Pause Young (Allocation Failure) 55M->38M(61M) 0.699ms
[17.673s][info ][gc,cpu         ] GC(2669) User=0.00s Sys=0.00s Real=0.00s
[17.674s][info ][gc,start       ] GC(2670) Pause Young (Allocation Failure)
[17.675s][debug][gc,age         ] GC(2670) Desired survivor size 1114112 bytes, new threshold 1 (max threshold 15)
[17.675s][info ][gc,heap        ] GC(2670) DefNew: 19074K->1955K(19648K)
[17.675s][info ][gc,heap        ] GC(2670) Tenured: 37922K->38313K(43712K)
[17.675s][info ][gc,metaspace   ] GC(2670) Metaspace: 16404K->16404K(1064960K)
[17.675s][info ][gc             ] GC(2670) Pause Young (Allocation Failure) 55M->39M(61M) 0.768ms
[17.675s][info ][gc,cpu         ] GC(2670) User=0.00s Sys=0.00s Real=0.00s
[17.677s][info ][gc,start       ] GC(2671) Pause Young (Allocation Failure)
[17.677s][debug][gc,age         ] GC(2671) Desired survivor size 1114112 bytes, new threshold 1 (max threshold 15)
[17.677s][info ][gc,heap        ] GC(2671) DefNew: 19078K->1955K(19648K)
[17.677s][info ][gc,heap        ] GC(2671) Tenured: 38313K->38704K(43712K)
[17.677s][info ][gc,metaspace   ] GC(2671) Metaspace: 16404K->16404K(1064960K)
[17.677s][info ][gc             ] GC(2671) Pause Young (Allocation Failure) 56M->39M(61M) 0.577ms
[17.677s][info ][gc,cpu         ] GC(2671) User=0.00s Sys=0.00s Real=0.00s
[17.678s][info ][gc,start       ] GC(2672) Pause Young (Allocation Failure)
[17.679s][debug][gc,age         ] GC(2672) Desired survivor size 1114112 bytes, new threshold 1 (max threshold 15)
[17.679s][info ][gc,heap        ] GC(2672) DefNew: 19062K->1955K(19648K)
[17.679s][info ][gc,heap        ] GC(2672) Tenured: 38704K->39095K(43712K)
[17.679s][info ][gc,metaspace   ] GC(2672) Metaspace: 16404K->16404K(1064960K)
[17.679s][info ][gc             ] GC(2672) Pause Young (Allocation Failure) 56M->40M(61M) 0.737ms
[17.679s][info ][gc,cpu         ] GC(2672) User=0.00s Sys=0.00s Real=0.00s
[17.680s][info ][gc,start       ] GC(2673) Pause Young (Allocation Failure)
[17.681s][debug][gc,age         ] GC(2673) Desired survivor size 1114112 bytes, new threshold 1 (max threshold 15)
[17.681s][info ][gc,heap        ] GC(2673) DefNew: 19135K->1955K(19648K)
[17.681s][info ][gc,heap        ] GC(2673) Tenured: 39095K->39095K(43712K)
[17.681s][info ][gc,metaspace   ] GC(2673) Metaspace: 16404K->16404K(1064960K)
[17.681s][info ][gc             ] GC(2673) Pause Young (Allocation Failure) 56M->40M(61M) 0.656ms
[17.681s][info ][gc,cpu         ] GC(2673) User=0.00s Sys=0.00s Real=0.00s
[17.682s][info ][gc,start       ] GC(2674) Pause Young (Allocation Failure)
[17.683s][debug][gc,age         ] GC(2674) Desired survivor size 1114112 bytes, new threshold 1 (max threshold 15)
[17.683s][info ][gc,heap        ] GC(2674) DefNew: 19121K->1564K(19648K)
[17.683s][info ][gc,heap        ] GC(2674) Tenured: 39095K->39095K(43712K)
[17.683s][info ][gc,metaspace   ] GC(2674) Metaspace: 16404K->16404K(1064960K)
[17.683s][info ][gc             ] GC(2674) Pause Young (Allocation Failure) 56M->39M(61M) 0.512ms
[17.683s][info ][gc,cpu         ] GC(2674) User=0.00s Sys=0.00s Real=0.00s
[17.684s][info ][gc,start       ] GC(2675) Pause Young (Allocation Failure)
[17.685s][debug][gc,age         ] GC(2675) Desired survivor size 1114112 bytes, new threshold 1 (max threshold 15)
[17.685s][info ][gc,heap        ] GC(2675) DefNew: 18721K->1174K(19648K)
[17.685s][info ][gc,heap        ] GC(2675) Tenured: 39095K->39095K(43712K)
[17.685s][info ][gc,metaspace   ] GC(2675) Metaspace: 16404K->16404K(1064960K)
[17.685s][info ][gc             ] GC(2675) Pause Young (Allocation Failure) 56M->39M(61M) 0.488ms
[17.685s][info ][gc,cpu         ] GC(2675) User=0.00s Sys=0.00s Real=0.00s
[17.686s][info ][gc,start       ] GC(2676) Pause Young (Allocation Failure)
[17.687s][debug][gc,age         ] GC(2676) Desired survivor size 1114112 bytes, new threshold 1 (max threshold 15)
[17.687s][info ][gc,heap        ] GC(2676) DefNew: 18284K->1955K(19648K)
[17.687s][info ][gc,heap        ] GC(2676) Tenured: 39095K->39486K(43712K)
[17.687s][info ][gc,metaspace   ] GC(2676) Metaspace: 16404K->16404K(1064960K)
[17.687s][info ][gc             ] GC(2676) Pause Young (Allocation Failure) 56M->40M(61M) 0.676ms
[17.687s][info ][gc,cpu         ] GC(2676) User=0.00s Sys=0.00s Real=0.00s
[17.688s][info ][gc,start       ] GC(2677) Pause Young (Allocation Failure)
[17.689s][debug][gc,age         ] GC(2677) Desired survivor size 1114112 bytes, new threshold 1 (max threshold 15)
[17.689s][info ][gc,heap        ] GC(2677) DefNew: 19117K->1955K(19648K)
[17.689s][info ][gc,heap        ] GC(2677) Tenured: 39486K->39877K(43712K)
[17.689s][info ][gc,metaspace   ] GC(2677) Metaspace: 16404K->16404K(1064960K)
[17.689s][info ][gc             ] GC(2677) Pause Young (Allocation Failure) 57M->40M(61M) 0.734ms
[17.689s][info ][gc,cpu         ] GC(2677) User=0.00s Sys=0.00s Real=0.00s
[17.690s][info ][gc,start       ] GC(2678) Pause Young (Allocation Failure)
[17.691s][debug][gc,age         ] GC(2678) Desired survivor size 1114112 bytes, new threshold 1 (max threshold 15)
[17.691s][info ][gc,heap        ] GC(2678) DefNew: 19109K->1955K(19648K)
[17.691s][info ][gc,heap        ] GC(2678) Tenured: 39877K->40658K(43712K)
[17.691s][info ][gc,metaspace   ] GC(2678) Metaspace: 16404K->16404K(1064960K)
[17.691s][info ][gc             ] GC(2678) Pause Young (Allocation Failure) 57M->41M(61M) 0.799ms
[17.691s][info ][gc,cpu         ] GC(2678) User=0.00s Sys=0.00s Real=0.00s
[17.693s][info ][gc,start       ] GC(2679) Pause Young (Allocation Failure)
[17.693s][debug][gc,age         ] GC(2679) Desired survivor size 1114112 bytes, new threshold 1 (max threshold 15)
[17.693s][info ][gc,heap        ] GC(2679) DefNew: 19104K->1955K(19648K)
[17.693s][info ][gc,heap        ] GC(2679) Tenured: 40658K->41439K(43712K)
[17.693s][info ][gc,metaspace   ] GC(2679) Metaspace: 16404K->16404K(1064960K)
[17.693s][info ][gc             ] GC(2679) Pause Young (Allocation Failure) 58M->42M(61M) 0.665ms
[17.693s][info ][gc,cpu         ] GC(2679) User=0.00s Sys=0.00s Real=0.00s
[17.695s][info ][gc,start       ] GC(2680) Pause Young (Allocation Failure)
[17.696s][debug][gc,age         ] GC(2680) Desired survivor size 1114112 bytes, new threshold 15 (max threshold 15)
[17.696s][info ][gc,heap        ] GC(2680) DefNew: 19357K->782K(19648K)
[17.696s][info ][gc,heap        ] GC(2680) Tenured: 41439K->42222K(43712K)
[17.696s][info ][gc,metaspace   ] GC(2680) Metaspace: 16404K->16404K(1064960K)
[17.696s][info ][gc             ] GC(2680) Pause Young (Allocation Failure) 59M->41M(61M) 0.707ms
[17.696s][info ][gc,cpu         ] GC(2680) User=0.00s Sys=0.00s Real=0.00s
[17.698s][info ][gc,start       ] GC(2681) Pause Young (Allocation Failure)
[17.698s][debug][gc,age         ] GC(2681) Desired survivor size 1114112 bytes, new threshold 2 (max threshold 15)
[17.698s][info ][gc,heap        ] GC(2681) DefNew: 18083K->1173K(19648K)
[17.698s][info ][gc,heap        ] GC(2681) Tenured: 42222K->42222K(43712K)
[17.698s][info ][gc,metaspace   ] GC(2681) Metaspace: 16404K->16404K(1064960K)
[17.698s][info ][gc             ] GC(2681) Pause Young (Allocation Failure) 58M->42M(61M) 0.672ms
[17.698s][info ][gc,cpu         ] GC(2681) User=0.00s Sys=0.00s Real=0.00s
[17.700s][info ][gc,start       ] GC(2682) Pause Young (Allocation Failure)
[17.700s][debug][gc,age         ] GC(2682) Desired survivor size 1114112 bytes, new threshold 1 (max threshold 15)
[17.700s][info ][gc,heap        ] GC(2682) DefNew: 18447K->1955K(19648K)
[17.700s][info ][gc,heap        ] GC(2682) Tenured: 42222K->42612K(43712K)
[17.700s][info ][gc,metaspace   ] GC(2682) Metaspace: 16404K->16404K(1064960K)
[17.700s][info ][gc             ] GC(2682) Pause Young (Allocation Failure) 59M->43M(61M) 0.683ms
[17.700s][info ][gc,cpu         ] GC(2682) User=0.00s Sys=0.00s Real=0.00s
[17.702s][info ][gc,start       ] GC(2683) Pause Young (Allocation Failure)
[17.702s][info ][gc,start       ] GC(2684) Pause Full (Allocation Failure)
[17.702s][info ][gc,phases,start] GC(2684) Phase 1: Mark live objects
[17.705s][debug][gc,phases      ] GC(2684) Reference Processing 0.047ms
[17.705s][debug][gc,phases      ] GC(2684) Weak Processing 0.017ms
[17.705s][debug][gc,phases      ] GC(2684) ClassLoaderData 0.026ms
[17.705s][debug][gc,phases      ] GC(2684) ProtectionDomainCacheTable 0.002ms
[17.705s][debug][gc,phases      ] GC(2684) ResolvedMethodTable 0.016ms
[17.706s][debug][gc,phases      ] GC(2684) Class Unloading 0.806ms
[17.706s][debug][gc,phases      ] GC(2684) Scrub String Table 0.074ms
[17.707s][debug][gc,phases      ] GC(2684) Scrub Symbol Table 1.009ms
[17.707s][info ][gc,phases      ] GC(2684) Phase 1: Mark live objects 5.193ms
[17.707s][info ][gc,phases,start] GC(2684) Phase 2: Compute new object addresses
[17.708s][info ][gc,phases      ] GC(2684) Phase 2: Compute new object addresses 0.901ms
[17.708s][info ][gc,phases,start] GC(2684) Phase 3: Adjust pointers
[17.712s][info ][gc,phases      ] GC(2684) Phase 3: Adjust pointers 4.118ms
[17.712s][info ][gc,phases,start] GC(2684) Phase 4: Move objects
[17.712s][info ][gc,phases      ] GC(2684) Phase 4: Move objects 0.187ms
[17.712s][info ][gc             ] GC(2684) Pause Full (Allocation Failure) 60M->4M(61M) 10.674ms
[17.712s][info ][gc,heap        ] GC(2683) DefNew: 19181K->0K(19648K)
[17.712s][info ][gc,heap        ] GC(2683) Tenured: 42612K->4708K(43712K)
[17.712s][info ][gc,metaspace   ] GC(2683) Metaspace: 16404K->16404K(1064960K)
[17.712s][info ][gc             ] GC(2683) Pause Young (Allocation Failure) 60M->4M(61M) 10.804ms
[17.712s][info ][gc,cpu         ] GC(2683) User=0.01s Sys=0.00s Real=0.01s
[17.714s][info ][gc,start       ] GC(2685) Pause Young (Allocation Failure)
[17.714s][debug][gc,age         ] GC(2685) Desired survivor size 1114112 bytes, new threshold 1 (max threshold 15)
[17.714s][info ][gc,heap        ] GC(2685) DefNew: 17091K->1955K(19648K)
[17.714s][info ][gc,heap        ] GC(2685) Tenured: 4708K->5099K(43712K)
[17.714s][info ][gc,metaspace   ] GC(2685) Metaspace: 16404K->16404K(1064960K)
[17.714s][info ][gc             ] GC(2685) Pause Young (Allocation Failure) 21M->6M(61M) 0.736ms
[17.715s][info ][gc,cpu         ] GC(2685) User=0.00s Sys=0.00s Real=0.00s
[17.716s][info ][gc,start       ] GC(2686) Pause Young (Allocation Failure)
[17.716s][debug][gc,age         ] GC(2686) Desired survivor size 1114112 bytes, new threshold 1 (max threshold 15)
[17.716s][info ][gc,heap        ] GC(2686) DefNew: 19168K->1564K(19648K)
[17.716s][info ][gc,heap        ] GC(2686) Tenured: 5099K->5099K(43712K)
[17.716s][info ][gc,metaspace   ] GC(2686) Metaspace: 16404K->16404K(1064960K)
[17.716s][info ][gc             ] GC(2686) Pause Young (Allocation Failure) 23M->6M(61M) 0.490ms
[17.716s][info ][gc,cpu         ] GC(2686) User=0.00s Sys=0.00s Real=0.00s
[17.718s][info ][gc,start       ] GC(2687) Pause Young (Allocation Failure)
[17.719s][debug][gc,age         ] GC(2687) Desired survivor size 1114112 bytes, new threshold 1 (max threshold 15)
[17.719s][info ][gc,heap        ] GC(2687) DefNew: 18752K->1564K(19648K)
[17.719s][info ][gc,heap        ] GC(2687) Tenured: 5099K->5100K(43712K)
[17.719s][info ][gc,metaspace   ] GC(2687) Metaspace: 16404K->16404K(1064960K)
[17.719s][info ][gc             ] GC(2687) Pause Young (Allocation Failure) 23M->6M(61M) 0.581ms
[17.719s][info ][gc,cpu         ] GC(2687) User=0.01s Sys=0.00s Real=0.00s
[17.720s][info ][gc,start       ] GC(2688) Pause Young (Allocation Failure)
[17.721s][debug][gc,age         ] GC(2688) Desired survivor size 1114112 bytes, new threshold 1 (max threshold 15)
[17.721s][info ][gc,heap        ] GC(2688) DefNew: 18735K->1955K(19648K)
[17.721s][info ][gc,heap        ] GC(2688) Tenured: 5100K->5490K(43712K)
[17.721s][info ][gc,metaspace   ] GC(2688) Metaspace: 16404K->16404K(1064960K)
[17.721s][info ][gc             ] GC(2688) Pause Young (Allocation Failure) 23M->7M(61M) 0.706ms
[17.721s][info ][gc,cpu         ] GC(2688) User=0.00s Sys=0.00s Real=0.00s
[17.722s][info ][gc,start       ] GC(2689) Pause Young (Allocation Failure)
[17.723s][debug][gc,age         ] GC(2689) Desired survivor size 1114112 bytes, new threshold 1 (max threshold 15)
[17.723s][info ][gc,heap        ] GC(2689) DefNew: 19427K->1955K(19648K)
[17.723s][info ][gc,heap        ] GC(2689) Tenured: 5490K->6663K(43712K)
[17.723s][info ][gc,metaspace   ] GC(2689) Metaspace: 16404K->16404K(1064960K)
[17.723s][info ][gc             ] GC(2689) Pause Young (Allocation Failure) 24M->8M(61M) 0.703ms
[17.723s][info ][gc,cpu         ] GC(2689) User=0.00s Sys=0.00s Real=0.00s
[17.724s][info ][gc,start       ] GC(2690) Pause Young (Allocation Failure)
[17.725s][debug][gc,age         ] GC(2690) Desired survivor size 1114112 bytes, new threshold 1 (max threshold 15)
[17.725s][info ][gc,heap        ] GC(2690) DefNew: 19122K->1564K(19648K)
[17.725s][info ][gc,heap        ] GC(2690) Tenured: 6663K->7054K(43712K)
[17.725s][info ][gc,metaspace   ] GC(2690) Metaspace: 16404K->16404K(1064960K)
[17.725s][info ][gc             ] GC(2690) Pause Young (Allocation Failure) 25M->8M(61M) 0.542ms
[17.725s][info ][gc,cpu         ] GC(2690) User=0.00s Sys=0.00s Real=0.00s
[17.726s][info ][gc,start       ] GC(2691) Pause Young (Allocation Failure)
[17.727s][debug][gc,age         ] GC(2691) Desired survivor size 1114112 bytes, new threshold 1 (max threshold 15)
[17.727s][info ][gc,heap        ] GC(2691) DefNew: 18722K->1955K(19648K)
[17.727s][info ][gc,heap        ] GC(2691) Tenured: 7054K->7835K(43712K)
[17.727s][info ][gc,metaspace   ] GC(2691) Metaspace: 16404K->16404K(1064960K)
[17.727s][info ][gc             ] GC(2691) Pause Young (Allocation Failure) 25M->9M(61M) 0.619ms
[17.727s][info ][gc,cpu         ] GC(2691) User=0.00s Sys=0.00s Real=0.00s
[17.728s][info ][gc,start       ] GC(2692) Pause Young (Allocation Failure)
[17.728s][debug][gc,age         ] GC(2692) Desired survivor size 1114112 bytes, new threshold 1 (max threshold 15)
[17.729s][info ][gc,heap        ] GC(2692) DefNew: 19107K->1955K(19648K)
[17.729s][info ][gc,heap        ] GC(2692) Tenured: 7835K->9007K(43712K)
[17.729s][info ][gc,metaspace   ] GC(2692) Metaspace: 16404K->16404K(1064960K)
[17.729s][info ][gc             ] GC(2692) Pause Young (Allocation Failure) 26M->10M(61M) 0.638ms
[17.729s][info ][gc,cpu         ] GC(2692) User=0.00s Sys=0.00s Real=0.00s
[17.730s][info ][gc,start       ] GC(2693) Pause Young (Allocation Failure)
[17.730s][debug][gc,age         ] GC(2693) Desired survivor size 1114112 bytes, new threshold 1 (max threshold 15)
[17.730s][info ][gc,heap        ] GC(2693) DefNew: 19103K->1955K(19648K)
[17.731s][info ][gc,heap        ] GC(2693) Tenured: 9007K->9007K(43712K)
[17.731s][info ][gc,metaspace   ] GC(2693) Metaspace: 16404K->16404K(1064960K)
[17.731s][info ][gc             ] GC(2693) Pause Young (Allocation Failure) 27M->10M(61M) 0.621ms
[17.731s][info ][gc,cpu         ] GC(2693) User=0.00s Sys=0.00s Real=0.00s
[17.732s][info ][gc,start       ] GC(2694) Pause Young (Allocation Failure)
[17.733s][debug][gc,age         ] GC(2694) Desired survivor size 1114112 bytes, new threshold 1 (max threshold 15)
[17.733s][info ][gc,heap        ] GC(2694) DefNew: 19100K->1955K(19648K)
[17.733s][info ][gc,heap        ] GC(2694) Tenured: 9007K->9789K(43712K)
[17.733s][info ][gc,metaspace   ] GC(2694) Metaspace: 16404K->16404K(1064960K)
[17.733s][info ][gc             ] GC(2694) Pause Young (Allocation Failure) 27M->11M(61M) 0.952ms
[17.733s][info ][gc,cpu         ] GC(2694) User=0.00s Sys=0.00s Real=0.00s
[17.734s][info ][gc,start       ] GC(2695) Pause Young (Allocation Failure)
[17.735s][debug][gc,age         ] GC(2695) Desired survivor size 1114112 bytes, new threshold 1 (max threshold 15)
[17.735s][info ][gc,heap        ] GC(2695) DefNew: 19048K->1955K(19648K)
[17.735s][info ][gc,heap        ] GC(2695) Tenured: 9789K->10180K(43712K)
[17.735s][info ][gc,metaspace   ] GC(2695) Metaspace: 16404K->16404K(1064960K)
[17.735s][info ][gc             ] GC(2695) Pause Young (Allocation Failure) 28M->11M(61M) 0.829ms
[17.735s][info ][gc,cpu         ] GC(2695) User=0.00s Sys=0.00s Real=0.00s
[17.737s][info ][gc,start       ] GC(2696) Pause Young (Allocation Failure)
[17.737s][debug][gc,age         ] GC(2696) Desired survivor size 1114112 bytes, new threshold 1 (max threshold 15)
[17.737s][info ][gc,heap        ] GC(2696) DefNew: 19074K->1955K(19648K)
[17.737s][info ][gc,heap        ] GC(2696) Tenured: 10180K->10180K(43712K)
[17.737s][info ][gc,metaspace   ] GC(2696) Metaspace: 16404K->16404K(1064960K)
[17.737s][info ][gc             ] GC(2696) Pause Young (Allocation Failure) 28M->11M(61M) 0.528ms
[17.737s][info ][gc,cpu         ] GC(2696) User=0.00s Sys=0.00s Real=0.00s
[17.739s][info ][gc,start       ] GC(2697) Pause Young (Allocation Failure)
[17.739s][debug][gc,age         ] GC(2697) Desired survivor size 1114112 bytes, new threshold 1 (max threshold 15)
[17.739s][info ][gc,heap        ] GC(2697) DefNew: 19123K->1955K(19648K)
[17.739s][info ][gc,heap        ] GC(2697) Tenured: 10180K->10961K(43712K)
[17.739s][info ][gc,metaspace   ] GC(2697) Metaspace: 16404K->16404K(1064960K)
[17.739s][info ][gc             ] GC(2697) Pause Young (Allocation Failure) 28M->12M(61M) 0.600ms
[17.739s][info ][gc,cpu         ] GC(2697) User=0.00s Sys=0.00s Real=0.00s
[17.740s][info ][gc,start       ] GC(2698) Pause Young (Allocation Failure)
[17.741s][debug][gc,age         ] GC(2698) Desired survivor size 1114112 bytes, new threshold 1 (max threshold 15)
[17.741s][info ][gc,heap        ] GC(2698) DefNew: 19113K->1564K(19648K)
[17.741s][info ][gc,heap        ] GC(2698) Tenured: 10961K->10962K(43712K)
[17.741s][info ][gc,metaspace   ] GC(2698) Metaspace: 16404K->16404K(1064960K)
[17.741s][info ][gc             ] GC(2698) Pause Young (Allocation Failure) 29M->12M(61M) 0.530ms
[17.741s][info ][gc,cpu         ] GC(2698) User=0.00s Sys=0.00s Real=0.00s
[17.742s][info ][gc,start       ] GC(2699) Pause Young (Allocation Failure)
[17.743s][debug][gc,age         ] GC(2699) Desired survivor size 1114112 bytes, new threshold 1 (max threshold 15)
[17.743s][info ][gc,heap        ] GC(2699) DefNew: 18658K->1955K(19648K)
[17.743s][info ][gc,heap        ] GC(2699) Tenured: 10962K->11353K(43712K)
[17.743s][info ][gc,metaspace   ] GC(2699) Metaspace: 16404K->16404K(1064960K)
[17.743s][info ][gc             ] GC(2699) Pause Young (Allocation Failure) 28M->12M(61M) 0.870ms
[17.743s][info ][gc,cpu         ] GC(2699) User=0.00s Sys=0.00s Real=0.00s
[17.744s][info ][gc,start       ] GC(2700) Pause Young (Allocation Failure)
[17.745s][debug][gc,age         ] GC(2700) Desired survivor size 1114112 bytes, new threshold 1 (max threshold 15)
[17.745s][info ][gc,heap        ] GC(2700) DefNew: 19076K->1955K(19648K)
[17.745s][info ][gc,heap        ] GC(2700) Tenured: 11353K->11744K(43712K)
[17.745s][info ][gc,metaspace   ] GC(2700) Metaspace: 16404K->16404K(1064960K)
[17.745s][info ][gc             ] GC(2700) Pause Young (Allocation Failure) 29M->13M(61M) 0.722ms
[17.745s][info ][gc,cpu         ] GC(2700) User=0.00s Sys=0.00s Real=0.00s
[17.746s][info ][gc,start       ] GC(2701) Pause Young (Allocation Failure)
[17.747s][debug][gc,age         ] GC(2701) Desired survivor size 1114112 bytes, new threshold 1 (max threshold 15)
[17.747s][info ][gc,heap        ] GC(2701) DefNew: 19130K->1955K(19648K)
[17.747s][info ][gc,heap        ] GC(2701) Tenured: 11744K->12135K(43712K)
[17.747s][info ][gc,metaspace   ] GC(2701) Metaspace: 16404K->16404K(1064960K)
[17.747s][info ][gc             ] GC(2701) Pause Young (Allocation Failure) 30M->13M(61M) 0.556ms
[17.747s][info ][gc,cpu         ] GC(2701) User=0.01s Sys=0.00s Real=0.00s
[17.749s][info ][gc,start       ] GC(2702) Pause Young (Allocation Failure)
[17.749s][debug][gc,age         ] GC(2702) Desired survivor size 1114112 bytes, new threshold 1 (max threshold 15)
[17.749s][info ][gc,heap        ] GC(2702) DefNew: 19118K->1955K(19648K)
[17.749s][info ][gc,heap        ] GC(2702) Tenured: 12135K->12916K(43712K)
[17.749s][info ][gc,metaspace   ] GC(2702) Metaspace: 16404K->16404K(1064960K)
[17.749s][info ][gc             ] GC(2702) Pause Young (Allocation Failure) 30M->14M(61M) 0.835ms
[17.749s][info ][gc,cpu         ] GC(2702) User=0.00s Sys=0.00s Real=0.01s
[17.751s][info ][gc,start       ] GC(2703) Pause Young (Allocation Failure)
[17.751s][debug][gc,age         ] GC(2703) Desired survivor size 1114112 bytes, new threshold 1 (max threshold 15)
[17.751s][info ][gc,heap        ] GC(2703) DefNew: 19427K->1564K(19648K)
[17.751s][info ][gc,heap        ] GC(2703) Tenured: 12916K->13307K(43712K)
[17.751s][info ][gc,metaspace   ] GC(2703) Metaspace: 16404K->16404K(1064960K)
[17.752s][info ][gc             ] GC(2703) Pause Young (Allocation Failure) 31M->14M(61M) 0.697ms
[17.752s][info ][gc,cpu         ] GC(2703) User=0.00s Sys=0.00s Real=0.00s
[17.753s][info ][gc,start       ] GC(2704) Pause Young (Allocation Failure)
[17.754s][debug][gc,age         ] GC(2704) Desired survivor size 1114112 bytes, new threshold 1 (max threshold 15)
[17.754s][info ][gc,heap        ] GC(2704) DefNew: 19036K->1564K(19648K)
[17.754s][info ][gc,heap        ] GC(2704) Tenured: 13307K->13698K(43712K)
[17.754s][info ][gc,metaspace   ] GC(2704) Metaspace: 16404K->16404K(1064960K)
[17.754s][info ][gc             ] GC(2704) Pause Young (Allocation Failure) 31M->14M(61M) 0.629ms
[17.754s][info ][gc,cpu         ] GC(2704) User=0.00s Sys=0.00s Real=0.00s
[17.755s][info ][gc,start       ] GC(2705) Pause Young (Allocation Failure)
[17.756s][debug][gc,age         ] GC(2705) Desired survivor size 1114112 bytes, new threshold 1 (max threshold 15)
[17.756s][info ][gc,heap        ] GC(2705) DefNew: 19023K->1173K(19648K)
[17.756s][info ][gc,heap        ] GC(2705) Tenured: 13698K->14090K(43712K)
[17.756s][info ][gc,metaspace   ] GC(2705) Metaspace: 16404K->16404K(1064960K)
[17.756s][info ][gc             ] GC(2705) Pause Young (Allocation Failure) 31M->14M(61M) 0.621ms
[17.756s][info ][gc,cpu         ] GC(2705) User=0.00s Sys=0.00s Real=0.00s
[17.757s][info ][gc,start       ] GC(2706) Pause Young (Allocation Failure)
[17.758s][debug][gc,age         ] GC(2706) Desired survivor size 1114112 bytes, new threshold 1 (max threshold 15)
[17.758s][info ][gc,heap        ] GC(2706) DefNew: 18317K->1955K(19648K)
[17.758s][info ][gc,heap        ] GC(2706) Tenured: 14090K->14871K(43712K)
[17.758s][info ][gc,metaspace   ] GC(2706) Metaspace: 16404K->16404K(1064960K)
[17.758s][info ][gc             ] GC(2706) Pause Young (Allocation Failure) 31M->16M(61M) 0.614ms
[17.758s][info ][gc,cpu         ] GC(2706) User=0.00s Sys=0.00s Real=0.00s
[17.759s][info ][gc,start       ] GC(2707) Pause Young (Allocation Failure)
[17.760s][debug][gc,age         ] GC(2707) Desired survivor size 1114112 bytes, new threshold 1 (max threshold 15)
[17.760s][info ][gc,heap        ] GC(2707) DefNew: 19106K->1564K(19648K)
[17.760s][info ][gc,heap        ] GC(2707) Tenured: 14871K->15262K(43712K)
[17.760s][info ][gc,metaspace   ] GC(2707) Metaspace: 16404K->16404K(1064960K)
[17.760s][info ][gc             ] GC(2707) Pause Young (Allocation Failure) 33M->16M(61M) 0.830ms
[17.760s][info ][gc,cpu         ] GC(2707) User=0.00s Sys=0.00s Real=0.01s
[17.761s][info ][gc,start       ] GC(2708) Pause Young (Allocation Failure)
[17.762s][debug][gc,age         ] GC(2708) Desired survivor size 1114112 bytes, new threshold 1 (max threshold 15)
[17.762s][info ][gc,heap        ] GC(2708) DefNew: 18712K->1955K(19648K)
[17.762s][info ][gc,heap        ] GC(2708) Tenured: 15262K->15653K(43712K)
[17.762s][info ][gc,metaspace   ] GC(2708) Metaspace: 16404K->16404K(1064960K)
[17.762s][info ][gc             ] GC(2708) Pause Young (Allocation Failure) 33M->17M(61M) 0.715ms
[17.762s][info ][gc,cpu         ] GC(2708) User=0.00s Sys=0.00s Real=0.00s
[17.763s][info ][gc,start       ] GC(2709) Pause Young (Allocation Failure)
[17.764s][debug][gc,age         ] GC(2709) Desired survivor size 1114112 bytes, new threshold 1 (max threshold 15)
[17.764s][info ][gc,heap        ] GC(2709) DefNew: 19149K->1564K(19648K)
[17.764s][info ][gc,heap        ] GC(2709) Tenured: 15653K->15654K(43712K)
[17.764s][info ][gc,metaspace   ] GC(2709) Metaspace: 16404K->16404K(1064960K)
[17.764s][info ][gc             ] GC(2709) Pause Young (Allocation Failure) 33M->16M(61M) 0.482ms
[17.764s][info ][gc,cpu         ] GC(2709) User=0.00s Sys=0.00s Real=0.00s
[17.765s][info ][gc,start       ] GC(2710) Pause Young (Allocation Failure)
[17.766s][debug][gc,age         ] GC(2710) Desired survivor size 1114112 bytes, new threshold 1 (max threshold 15)
[17.766s][info ][gc,heap        ] GC(2710) DefNew: 18691K->1955K(19648K)
[17.766s][info ][gc,heap        ] GC(2710) Tenured: 15654K->15654K(43712K)
[17.766s][info ][gc,metaspace   ] GC(2710) Metaspace: 16404K->16404K(1064960K)
[17.766s][info ][gc             ] GC(2710) Pause Young (Allocation Failure) 33M->17M(61M) 0.677ms
[17.766s][info ][gc,cpu         ] GC(2710) User=0.00s Sys=0.00s Real=0.00s
[17.767s][info ][gc,start       ] GC(2711) Pause Young (Allocation Failure)
[17.768s][debug][gc,age         ] GC(2711) Desired survivor size 1114112 bytes, new threshold 1 (max threshold 15)
[17.768s][info ][gc,heap        ] GC(2711) DefNew: 19085K->1564K(19648K)
[17.768s][info ][gc,heap        ] GC(2711) Tenured: 15654K->16045K(43712K)
[17.768s][info ][gc,metaspace   ] GC(2711) Metaspace: 16404K->16404K(1064960K)
[17.768s][info ][gc             ] GC(2711) Pause Young (Allocation Failure) 33M->17M(61M) 0.723ms
[17.768s][info ][gc,cpu         ] GC(2711) User=0.00s Sys=0.00s Real=0.00s
[17.769s][info ][gc,start       ] GC(2712) Pause Young (Allocation Failure)
[17.770s][debug][gc,age         ] GC(2712) Desired survivor size 1114112 bytes, new threshold 1 (max threshold 15)
[17.770s][info ][gc,heap        ] GC(2712) DefNew: 19036K->1955K(19648K)
[17.770s][info ][gc,heap        ] GC(2712) Tenured: 16045K->16436K(43712K)
[17.770s][info ][gc,metaspace   ] GC(2712) Metaspace: 16404K->16404K(1064960K)
[17.770s][info ][gc             ] GC(2712) Pause Young (Allocation Failure) 34M->17M(61M) 0.665ms
[17.770s][info ][gc,cpu         ] GC(2712) User=0.00s Sys=0.00s Real=0.00s
[17.771s][info ][gc,start       ] GC(2713) Pause Young (Allocation Failure)
[17.772s][debug][gc,age         ] GC(2713) Desired survivor size 1114112 bytes, new threshold 1 (max threshold 15)
[17.772s][info ][gc,heap        ] GC(2713) DefNew: 19097K->1955K(19648K)
[17.772s][info ][gc,heap        ] GC(2713) Tenured: 16436K->16827K(43712K)
[17.772s][info ][gc,metaspace   ] GC(2713) Metaspace: 16404K->16404K(1064960K)
[17.772s][info ][gc             ] GC(2713) Pause Young (Allocation Failure) 34M->18M(61M) 0.659ms
[17.772s][info ][gc,cpu         ] GC(2713) User=0.00s Sys=0.00s Real=0.00s
[17.773s][info ][gc,start       ] GC(2714) Pause Young (Allocation Failure)
[17.774s][debug][gc,age         ] GC(2714) Desired survivor size 1114112 bytes, new threshold 1 (max threshold 15)
[17.774s][info ][gc,heap        ] GC(2714) DefNew: 19089K->1955K(19648K)
[17.774s][info ][gc,heap        ] GC(2714) Tenured: 16827K->17218K(43712K)
[17.774s][info ][gc,metaspace   ] GC(2714) Metaspace: 16404K->16404K(1064960K)
[17.774s][info ][gc             ] GC(2714) Pause Young (Allocation Failure) 35M->18M(61M) 0.692ms
[17.774s][info ][gc,cpu         ] GC(2714) User=0.00s Sys=0.00s Real=0.00s
[17.775s][info ][gc,start       ] GC(2715) Pause Young (Allocation Failure)
[17.776s][debug][gc,age         ] GC(2715) Desired survivor size 1114112 bytes, new threshold 1 (max threshold 15)
[17.776s][info ][gc,heap        ] GC(2715) DefNew: 19145K->1955K(19648K)
[17.776s][info ][gc,heap        ] GC(2715) Tenured: 17218K->18000K(43712K)
[17.776s][info ][gc,metaspace   ] GC(2715) Metaspace: 16404K->16404K(1064960K)
[17.776s][info ][gc             ] GC(2715) Pause Young (Allocation Failure) 35M->19M(61M) 0.616ms
[17.776s][info ][gc,cpu         ] GC(2715) User=0.00s Sys=0.00s Real=0.00s
[17.777s][info ][gc,start       ] GC(2716) Pause Young (Allocation Failure)
[17.778s][debug][gc,age         ] GC(2716) Desired survivor size 1114112 bytes, new threshold 1 (max threshold 15)
[17.778s][info ][gc,heap        ] GC(2716) DefNew: 19128K->1955K(19648K)
[17.778s][info ][gc,heap        ] GC(2716) Tenured: 18000K->18390K(43712K)
[17.778s][info ][gc,metaspace   ] GC(2716) Metaspace: 16404K->16404K(1064960K)
[17.778s][info ][gc             ] GC(2716) Pause Young (Allocation Failure) 36M->19M(61M) 0.564ms
[17.778s][info ][gc,cpu         ] GC(2716) User=0.00s Sys=0.00s Real=0.00s
[17.779s][info ][gc,start       ] GC(2717) Pause Young (Allocation Failure)
[17.780s][debug][gc,age         ] GC(2717) Desired survivor size 1114112 bytes, new threshold 1 (max threshold 15)
[17.780s][info ][gc,heap        ] GC(2717) DefNew: 19116K->1955K(19648K)
[17.780s][info ][gc,heap        ] GC(2717) Tenured: 18390K->18391K(43712K)
[17.780s][info ][gc,metaspace   ] GC(2717) Metaspace: 16404K->16404K(1064960K)
[17.780s][info ][gc             ] GC(2717) Pause Young (Allocation Failure) 36M->19M(61M) 0.695ms
[17.780s][info ][gc,cpu         ] GC(2717) User=0.00s Sys=0.00s Real=0.00s
[17.781s][info ][gc,start       ] GC(2718) Pause Young (Allocation Failure)
[17.782s][debug][gc,age         ] GC(2718) Desired survivor size 1114112 bytes, new threshold 1 (max threshold 15)
[17.782s][info ][gc,heap        ] GC(2718) DefNew: 19109K->1955K(19648K)
[17.782s][info ][gc,heap        ] GC(2718) Tenured: 18391K->19562K(43712K)
[17.782s][info ][gc,metaspace   ] GC(2718) Metaspace: 16404K->16404K(1064960K)
[17.782s][info ][gc             ] GC(2718) Pause Young (Allocation Failure) 36M->21M(61M) 0.997ms
[17.783s][info ][gc,cpu         ] GC(2718) User=0.00s Sys=0.00s Real=0.00s
[17.784s][info ][gc,start       ] GC(2719) Pause Young (Allocation Failure)
[17.784s][debug][gc,age         ] GC(2719) Desired survivor size 1114112 bytes, new threshold 1 (max threshold 15)
[17.785s][info ][gc,heap        ] GC(2719) DefNew: 19104K->1955K(19648K)
[17.785s][info ][gc,heap        ] GC(2719) Tenured: 19562K->19562K(43712K)
[17.785s][info ][gc,metaspace   ] GC(2719) Metaspace: 16404K->16404K(1064960K)
[17.785s][info ][gc             ] GC(2719) Pause Young (Allocation Failure) 37M->21M(61M) 0.846ms
[17.785s][info ][gc,cpu         ] GC(2719) User=0.00s Sys=0.00s Real=0.00s
[17.786s][info ][gc,start       ] GC(2720) Pause Young (Allocation Failure)
[17.786s][debug][gc,age         ] GC(2720) Desired survivor size 1114112 bytes, new threshold 1 (max threshold 15)
[17.786s][info ][gc,heap        ] GC(2720) DefNew: 19101K->1564K(19648K)
[17.786s][info ][gc,heap        ] GC(2720) Tenured: 19562K->19953K(43712K)
[17.786s][info ][gc,metaspace   ] GC(2720) Metaspace: 16404K->16404K(1064960K)
[17.786s][info ][gc             ] GC(2720) Pause Young (Allocation Failure) 37M->21M(61M) 0.606ms
[17.786s][info ][gc,cpu         ] GC(2720) User=0.00s Sys=0.00s Real=0.00s
[17.788s][info ][gc,start       ] GC(2721) Pause Young (Allocation Failure)
[17.789s][debug][gc,age         ] GC(2721) Desired survivor size 1114112 bytes, new threshold 1 (max threshold 15)
[17.789s][info ][gc,heap        ] GC(2721) DefNew: 18708K->1955K(19648K)
[17.789s][info ][gc,heap        ] GC(2721) Tenured: 19953K->20735K(43712K)
[17.789s][info ][gc,metaspace   ] GC(2721) Metaspace: 16404K->16404K(1064960K)
[17.789s][info ][gc             ] GC(2721) Pause Young (Allocation Failure) 37M->22M(61M) 0.764ms
[17.789s][info ][gc,cpu         ] GC(2721) User=0.01s Sys=0.00s Real=0.00s
[17.790s][info ][gc,start       ] GC(2722) Pause Young (Allocation Failure)
[17.791s][debug][gc,age         ] GC(2722) Desired survivor size 1114112 bytes, new threshold 1 (max threshold 15)
[17.791s][info ][gc,heap        ] GC(2722) DefNew: 19098K->1173K(19648K)
[17.791s][info ][gc,heap        ] GC(2722) Tenured: 20735K->20735K(43712K)
[17.791s][info ][gc,metaspace   ] GC(2722) Metaspace: 16404K->16404K(1064960K)
[17.791s][info ][gc             ] GC(2722) Pause Young (Allocation Failure) 38M->21M(61M) 0.454ms
[17.791s][info ][gc,cpu         ] GC(2722) User=0.00s Sys=0.00s Real=0.00s
[17.792s][info ][gc,start       ] GC(2723) Pause Young (Allocation Failure)
[17.793s][debug][gc,age         ] GC(2723) Desired survivor size 1114112 bytes, new threshold 1 (max threshold 15)
[17.793s][info ][gc,heap        ] GC(2723) DefNew: 18315K->1955K(19648K)
[17.793s][info ][gc,heap        ] GC(2723) Tenured: 20735K->20735K(43712K)
[17.793s][info ][gc,metaspace   ] GC(2723) Metaspace: 16404K->16404K(1064960K)
[17.793s][info ][gc             ] GC(2723) Pause Young (Allocation Failure) 38M->22M(61M) 0.642ms
[17.793s][info ][gc,cpu         ] GC(2723) User=0.00s Sys=0.00s Real=0.00s
[17.794s][info ][gc,start       ] GC(2724) Pause Young (Allocation Failure)
[17.794s][debug][gc,age         ] GC(2724) Desired survivor size 1114112 bytes, new threshold 1 (max threshold 15)
[17.794s][info ][gc,heap        ] GC(2724) DefNew: 19097K->1955K(19648K)
[17.794s][info ][gc,heap        ] GC(2724) Tenured: 20735K->21126K(43712K)
[17.794s][info ][gc,metaspace   ] GC(2724) Metaspace: 16404K->16404K(1064960K)
[17.794s][info ][gc             ] GC(2724) Pause Young (Allocation Failure) 38M->22M(61M) 0.604ms
[17.794s][info ][gc,cpu         ] GC(2724) User=0.00s Sys=0.00s Real=0.00s
[17.796s][info ][gc,start       ] GC(2725) Pause Young (Allocation Failure)
[17.796s][debug][gc,age         ] GC(2725) Desired survivor size 1114112 bytes, new threshold 1 (max threshold 15)
[17.796s][info ][gc,heap        ] GC(2725) DefNew: 19096K->1955K(19648K)
[17.796s][info ][gc,heap        ] GC(2725) Tenured: 21126K->21516K(43712K)
[17.796s][info ][gc,metaspace   ] GC(2725) Metaspace: 16404K->16404K(1064960K)
[17.796s][info ][gc             ] GC(2725) Pause Young (Allocation Failure) 39M->22M(61M) 0.562ms
[17.796s][info ][gc,cpu         ] GC(2725) User=0.00s Sys=0.00s Real=0.00s
[17.798s][info ][gc,start       ] GC(2726) Pause Young (Allocation Failure)
[17.799s][debug][gc,age         ] GC(2726) Desired survivor size 1114112 bytes, new threshold 1 (max threshold 15)
[17.799s][info ][gc,heap        ] GC(2726) DefNew: 19096K->1955K(19648K)
[17.799s][info ][gc,heap        ] GC(2726) Tenured: 21516K->22688K(43712K)
[17.799s][info ][gc,metaspace   ] GC(2726) Metaspace: 16404K->16404K(1064960K)
[17.799s][info ][gc             ] GC(2726) Pause Young (Allocation Failure) 39M->24M(61M) 0.772ms
[17.799s][info ][gc,cpu         ] GC(2726) User=0.00s Sys=0.00s Real=0.00s
[17.800s][info ][gc,start       ] GC(2727) Pause Young (Allocation Failure)
[17.801s][debug][gc,age         ] GC(2727) Desired survivor size 1114112 bytes, new threshold 1 (max threshold 15)
[17.801s][info ][gc,heap        ] GC(2727) DefNew: 19096K->1955K(19648K)
[17.801s][info ][gc,heap        ] GC(2727) Tenured: 22688K->23079K(43712K)
[17.801s][info ][gc,metaspace   ] GC(2727) Metaspace: 16404K->16404K(1064960K)
[17.801s][info ][gc             ] GC(2727) Pause Young (Allocation Failure) 40M->24M(61M) 0.670ms
[17.801s][info ][gc,cpu         ] GC(2727) User=0.00s Sys=0.00s Real=0.00s
[17.802s][info ][gc,start       ] GC(2728) Pause Young (Allocation Failure)
[17.803s][debug][gc,age         ] GC(2728) Desired survivor size 1114112 bytes, new threshold 1 (max threshold 15)
[17.803s][info ][gc,heap        ] GC(2728) DefNew: 19096K->1955K(19648K)
[17.803s][info ][gc,heap        ] GC(2728) Tenured: 23079K->23079K(43712K)
[17.803s][info ][gc,metaspace   ] GC(2728) Metaspace: 16404K->16404K(1064960K)
[17.803s][info ][gc             ] GC(2728) Pause Young (Allocation Failure) 41M->24M(61M) 0.718ms
[17.803s][info ][gc,cpu         ] GC(2728) User=0.00s Sys=0.00s Real=0.00s
[17.804s][info ][gc,start       ] GC(2729) Pause Young (Allocation Failure)
[17.805s][debug][gc,age         ] GC(2729) Desired survivor size 1114112 bytes, new threshold 1 (max threshold 15)
[17.805s][info ][gc,heap        ] GC(2729) DefNew: 19095K->1955K(19648K)
[17.805s][info ][gc,heap        ] GC(2729) Tenured: 23079K->23861K(43712K)
[17.805s][info ][gc,metaspace   ] GC(2729) Metaspace: 16404K->16404K(1064960K)
[17.805s][info ][gc             ] GC(2729) Pause Young (Allocation Failure) 41M->25M(61M) 0.616ms
[17.805s][info ][gc,cpu         ] GC(2729) User=0.00s Sys=0.00s Real=0.00s
[17.806s][info ][gc,start       ] GC(2730) Pause Young (Allocation Failure)
[17.807s][debug][gc,age         ] GC(2730) Desired survivor size 1114112 bytes, new threshold 1 (max threshold 15)
[17.807s][info ][gc,heap        ] GC(2730) DefNew: 19095K->1955K(19648K)
[17.807s][info ][gc,heap        ] GC(2730) Tenured: 23861K->24251K(43712K)
[17.807s][info ][gc,metaspace   ] GC(2730) Metaspace: 16404K->16404K(1064960K)
[17.807s][info ][gc             ] GC(2730) Pause Young (Allocation Failure) 41M->25M(61M) 0.708ms
[17.807s][info ][gc,cpu         ] GC(2730) User=0.00s Sys=0.00s Real=0.00s
[17.808s][info ][gc,start       ] GC(2731) Pause Young (Allocation Failure)
[17.809s][debug][gc,age         ] GC(2731) Desired survivor size 1114112 bytes, new threshold 1 (max threshold 15)
[17.809s][info ][gc,heap        ] GC(2731) DefNew: 19096K->1955K(19648K)
[17.809s][info ][gc,heap        ] GC(2731) Tenured: 24251K->25033K(43712K)
[17.809s][info ][gc,metaspace   ] GC(2731) Metaspace: 16404K->16404K(1064960K)
[17.809s][info ][gc             ] GC(2731) Pause Young (Allocation Failure) 42M->26M(61M) 0.601ms
[17.809s][info ][gc,cpu         ] GC(2731) User=0.00s Sys=0.00s Real=0.00s
[17.810s][info ][gc,start       ] GC(2732) Pause Young (Allocation Failure)
[17.811s][debug][gc,age         ] GC(2732) Desired survivor size 1114112 bytes, new threshold 1 (max threshold 15)
[17.811s][info ][gc,heap        ] GC(2732) DefNew: 19096K->1955K(19648K)
[17.811s][info ][gc,heap        ] GC(2732) Tenured: 25033K->25814K(43712K)
[17.811s][info ][gc,metaspace   ] GC(2732) Metaspace: 16404K->16404K(1064960K)
[17.811s][info ][gc             ] GC(2732) Pause Young (Allocation Failure) 43M->27M(61M) 0.614ms
[17.811s][info ][gc,cpu         ] GC(2732) User=0.00s Sys=0.00s Real=0.00s
[17.812s][info ][gc,start       ] GC(2733) Pause Young (Allocation Failure)
[17.813s][debug][gc,age         ] GC(2733) Desired survivor size 1114112 bytes, new threshold 1 (max threshold 15)
[17.813s][info ][gc,heap        ] GC(2733) DefNew: 19096K->1955K(19648K)
[17.813s][info ][gc,heap        ] GC(2733) Tenured: 25814K->26595K(43712K)
[17.813s][info ][gc,metaspace   ] GC(2733) Metaspace: 16404K->16404K(1064960K)
[17.813s][info ][gc             ] GC(2733) Pause Young (Allocation Failure) 43M->27M(61M) 0.630ms
[17.813s][info ][gc,cpu         ] GC(2733) User=0.00s Sys=0.00s Real=0.00s
[17.814s][info ][gc,start       ] GC(2734) Pause Young (Allocation Failure)
[17.815s][debug][gc,age         ] GC(2734) Desired survivor size 1114112 bytes, new threshold 1 (max threshold 15)
[17.815s][info ][gc,heap        ] GC(2734) DefNew: 19096K->1955K(19648K)
[17.815s][info ][gc,heap        ] GC(2734) Tenured: 26595K->26986K(43712K)
[17.815s][info ][gc,metaspace   ] GC(2734) Metaspace: 16404K->16404K(1064960K)
[17.815s][info ][gc             ] GC(2734) Pause Young (Allocation Failure) 44M->28M(61M) 0.756ms
[17.815s][info ][gc,cpu         ] GC(2734) User=0.00s Sys=0.00s Real=0.00s
[17.816s][info ][gc,start       ] GC(2735) Pause Young (Allocation Failure)
[17.817s][debug][gc,age         ] GC(2735) Desired survivor size 1114112 bytes, new threshold 1 (max threshold 15)
[17.817s][info ][gc,heap        ] GC(2735) DefNew: 19095K->1955K(19648K)
[17.817s][info ][gc,heap        ] GC(2735) Tenured: 26986K->27377K(43712K)
[17.817s][info ][gc,metaspace   ] GC(2735) Metaspace: 16404K->16404K(1064960K)
[17.817s][info ][gc             ] GC(2735) Pause Young (Allocation Failure) 45M->28M(61M) 0.677ms
[17.817s][info ][gc,cpu         ] GC(2735) User=0.01s Sys=0.00s Real=0.00s
[17.818s][info ][gc,start       ] GC(2736) Pause Young (Allocation Failure)
[17.819s][debug][gc,age         ] GC(2736) Desired survivor size 1114112 bytes, new threshold 1 (max threshold 15)
[17.819s][info ][gc,heap        ] GC(2736) DefNew: 19096K->1955K(19648K)
[17.819s][info ][gc,heap        ] GC(2736) Tenured: 27377K->28158K(43712K)
[17.819s][info ][gc,metaspace   ] GC(2736) Metaspace: 16404K->16404K(1064960K)
[17.819s][info ][gc             ] GC(2736) Pause Young (Allocation Failure) 45M->29M(61M) 0.784ms
[17.819s][info ][gc,cpu         ] GC(2736) User=0.00s Sys=0.00s Real=0.00s
[17.821s][info ][gc,start       ] GC(2737) Pause Young (Allocation Failure)
[17.821s][debug][gc,age         ] GC(2737) Desired survivor size 1114112 bytes, new threshold 1 (max threshold 15)
[17.821s][info ][gc,heap        ] GC(2737) DefNew: 19095K->1564K(19648K)
[17.821s][info ][gc,heap        ] GC(2737) Tenured: 28158K->28158K(43712K)
[17.821s][info ][gc,metaspace   ] GC(2737) Metaspace: 16404K->16404K(1064960K)
[17.821s][info ][gc             ] GC(2737) Pause Young (Allocation Failure) 46M->29M(61M) 0.587ms
[17.821s][info ][gc,cpu         ] GC(2737) User=0.00s Sys=0.00s Real=0.00s
[17.822s][info ][gc,start       ] GC(2738) Pause Young (Allocation Failure)
[17.823s][debug][gc,age         ] GC(2738) Desired survivor size 1114112 bytes, new threshold 1 (max threshold 15)
[17.823s][info ][gc,heap        ] GC(2738) DefNew: 18705K->1955K(19648K)
[17.823s][info ][gc,heap        ] GC(2738) Tenured: 28158K->28549K(43712K)
[17.823s][info ][gc,metaspace   ] GC(2738) Metaspace: 16404K->16404K(1064960K)
[17.823s][info ][gc             ] GC(2738) Pause Young (Allocation Failure) 45M->29M(61M) 0.655ms
[17.823s][info ][gc,cpu         ] GC(2738) User=0.00s Sys=0.00s Real=0.00s
[17.824s][info ][gc,start       ] GC(2739) Pause Young (Allocation Failure)
[17.825s][debug][gc,age         ] GC(2739) Desired survivor size 1114112 bytes, new threshold 1 (max threshold 15)
[17.825s][info ][gc,heap        ] GC(2739) DefNew: 19096K->1955K(19648K)
[17.825s][info ][gc,heap        ] GC(2739) Tenured: 28549K->29721K(43712K)
[17.825s][info ][gc,metaspace   ] GC(2739) Metaspace: 16404K->16404K(1064960K)
[17.825s][info ][gc             ] GC(2739) Pause Young (Allocation Failure) 46M->30M(61M) 0.662ms
[17.825s][info ][gc,cpu         ] GC(2739) User=0.00s Sys=0.00s Real=0.00s
[17.827s][info ][gc,start       ] GC(2740) Pause Young (Allocation Failure)
[17.827s][debug][gc,age         ] GC(2740) Desired survivor size 1114112 bytes, new threshold 1 (max threshold 15)
[17.827s][info ][gc,heap        ] GC(2740) DefNew: 19096K->1955K(19648K)
[17.827s][info ][gc,heap        ] GC(2740) Tenured: 29721K->29721K(43712K)
[17.827s][info ][gc,metaspace   ] GC(2740) Metaspace: 16404K->16404K(1064960K)
[17.827s][info ][gc             ] GC(2740) Pause Young (Allocation Failure) 47M->30M(61M) 0.510ms
[17.827s][info ][gc,cpu         ] GC(2740) User=0.00s Sys=0.00s Real=0.00s
[17.828s][info ][gc,start       ] GC(2741) Pause Young (Allocation Failure)
[17.829s][debug][gc,age         ] GC(2741) Desired survivor size 1114112 bytes, new threshold 1 (max threshold 15)
[17.829s][info ][gc,heap        ] GC(2741) DefNew: 19095K->1955K(19648K)
[17.829s][info ][gc,heap        ] GC(2741) Tenured: 29721K->30502K(43712K)
[17.829s][info ][gc,metaspace   ] GC(2741) Metaspace: 16404K->16404K(1064960K)
[17.829s][info ][gc             ] GC(2741) Pause Young (Allocation Failure) 47M->31M(61M) 0.679ms
[17.829s][info ][gc,cpu         ] GC(2741) User=0.00s Sys=0.00s Real=0.00s
[17.830s][info ][gc,start       ] GC(2742) Pause Young (Allocation Failure)
[17.831s][debug][gc,age         ] GC(2742) Desired survivor size 1114112 bytes, new threshold 1 (max threshold 15)
[17.831s][info ][gc,heap        ] GC(2742) DefNew: 19096K->1955K(19648K)
[17.831s][info ][gc,heap        ] GC(2742) Tenured: 30502K->31674K(43712K)
[17.831s][info ][gc,metaspace   ] GC(2742) Metaspace: 16404K->16404K(1064960K)
[17.831s][info ][gc             ] GC(2742) Pause Young (Allocation Failure) 48M->32M(61M) 0.802ms
[17.831s][info ][gc,cpu         ] GC(2742) User=0.00s Sys=0.00s Real=0.00s
[17.833s][info ][gc,start       ] GC(2743) Pause Young (Allocation Failure)
[17.833s][debug][gc,age         ] GC(2743) Desired survivor size 1114112 bytes, new threshold 1 (max threshold 15)
[17.833s][info ][gc,heap        ] GC(2743) DefNew: 19096K->1955K(19648K)
[17.833s][info ][gc,heap        ] GC(2743) Tenured: 31674K->32065K(43712K)
[17.833s][info ][gc,metaspace   ] GC(2743) Metaspace: 16404K->16404K(1064960K)
[17.833s][info ][gc             ] GC(2743) Pause Young (Allocation Failure) 49M->33M(61M) 0.615ms
[17.833s][info ][gc,cpu         ] GC(2743) User=0.01s Sys=0.00s Real=0.00s
[17.835s][info ][gc,start       ] GC(2744) Pause Young (Allocation Failure)
[17.835s][debug][gc,age         ] GC(2744) Desired survivor size 1114112 bytes, new threshold 1 (max threshold 15)
[17.835s][info ][gc,heap        ] GC(2744) DefNew: 19096K->1955K(19648K)
[17.835s][info ][gc,heap        ] GC(2744) Tenured: 32065K->32065K(43712K)
[17.835s][info ][gc,metaspace   ] GC(2744) Metaspace: 16404K->16404K(1064960K)
[17.835s][info ][gc             ] GC(2744) Pause Young (Allocation Failure) 49M->33M(61M) 0.635ms
[17.835s][info ][gc,cpu         ] GC(2744) User=0.00s Sys=0.00s Real=0.00s
[17.837s][info ][gc,start       ] GC(2745) Pause Young (Allocation Failure)
[17.837s][debug][gc,age         ] GC(2745) Desired survivor size 1114112 bytes, new threshold 1 (max threshold 15)
[17.837s][info ][gc,heap        ] GC(2745) DefNew: 19096K->1955K(19648K)
[17.837s][info ][gc,heap        ] GC(2745) Tenured: 32065K->32065K(43712K)
[17.837s][info ][gc,metaspace   ] GC(2745) Metaspace: 16404K->16404K(1064960K)
[17.837s][info ][gc             ] GC(2745) Pause Young (Allocation Failure) 49M->33M(61M) 0.673ms
[17.837s][info ][gc,cpu         ] GC(2745) User=0.00s Sys=0.00s Real=0.00s
[17.838s][info ][gc,start       ] GC(2746) Pause Young (Allocation Failure)
[17.839s][debug][gc,age         ] GC(2746) Desired survivor size 1114112 bytes, new threshold 1 (max threshold 15)
[17.839s][info ][gc,heap        ] GC(2746) DefNew: 19095K->1955K(19648K)
[17.839s][info ][gc,heap        ] GC(2746) Tenured: 32065K->32065K(43712K)
[17.839s][info ][gc,metaspace   ] GC(2746) Metaspace: 16404K->16404K(1064960K)
[17.839s][info ][gc             ] GC(2746) Pause Young (Allocation Failure) 49M->33M(61M) 0.600ms
[17.839s][info ][gc,cpu         ] GC(2746) User=0.00s Sys=0.00s Real=0.00s
[17.840s][info ][gc,start       ] GC(2747) Pause Young (Allocation Failure)
[17.841s][debug][gc,age         ] GC(2747) Desired survivor size 1114112 bytes, new threshold 1 (max threshold 15)
[17.841s][info ][gc,heap        ] GC(2747) DefNew: 19095K->1955K(19648K)
[17.841s][info ][gc,heap        ] GC(2747) Tenured: 32065K->32846K(43712K)
[17.841s][info ][gc,metaspace   ] GC(2747) Metaspace: 16404K->16404K(1064960K)
[17.841s][info ][gc             ] GC(2747) Pause Young (Allocation Failure) 49M->33M(61M) 0.813ms
[17.841s][info ][gc,cpu         ] GC(2747) User=0.00s Sys=0.00s Real=0.00s
[17.843s][info ][gc,start       ] GC(2748) Pause Young (Allocation Failure)
[17.843s][debug][gc,age         ] GC(2748) Desired survivor size 1114112 bytes, new threshold 1 (max threshold 15)
[17.843s][info ][gc,heap        ] GC(2748) DefNew: 19096K->1955K(19648K)
[17.843s][info ][gc,heap        ] GC(2748) Tenured: 32846K->33237K(43712K)
[17.843s][info ][gc,metaspace   ] GC(2748) Metaspace: 16404K->16404K(1064960K)
[17.843s][info ][gc             ] GC(2748) Pause Young (Allocation Failure) 50M->34M(61M) 0.561ms
[17.843s][info ][gc,cpu         ] GC(2748) User=0.00s Sys=0.00s Real=0.00s
[17.845s][info ][gc,start       ] GC(2749) Pause Young (Allocation Failure)
[17.845s][debug][gc,age         ] GC(2749) Desired survivor size 1114112 bytes, new threshold 15 (max threshold 15)
[17.845s][info ][gc,heap        ] GC(2749) DefNew: 19095K->783K(19648K)
[17.845s][info ][gc,heap        ] GC(2749) Tenured: 33237K->33237K(43712K)
[17.845s][info ][gc,metaspace   ] GC(2749) Metaspace: 16404K->16404K(1064960K)
[17.845s][info ][gc             ] GC(2749) Pause Young (Allocation Failure) 51M->33M(61M) 0.446ms
[17.845s][info ][gc,cpu         ] GC(2749) User=0.00s Sys=0.00s Real=0.00s
[17.846s][info ][gc,start       ] GC(2750) Pause Young (Allocation Failure)
[17.847s][debug][gc,age         ] GC(2750) Desired survivor size 1114112 bytes, new threshold 1 (max threshold 15)
[17.847s][info ][gc,heap        ] GC(2750) DefNew: 17924K->1955K(19648K)
[17.847s][info ][gc,heap        ] GC(2750) Tenured: 33237K->33628K(43712K)
[17.847s][info ][gc,metaspace   ] GC(2750) Metaspace: 16404K->16404K(1064960K)
[17.847s][info ][gc             ] GC(2750) Pause Young (Allocation Failure) 49M->34M(61M) 0.702ms
[17.847s][info ][gc,cpu         ] GC(2750) User=0.01s Sys=0.00s Real=0.00s
[17.849s][info ][gc,start       ] GC(2751) Pause Young (Allocation Failure)
[17.849s][debug][gc,age         ] GC(2751) Desired survivor size 1114112 bytes, new threshold 1 (max threshold 15)
[17.849s][info ][gc,heap        ] GC(2751) DefNew: 19052K->1955K(19648K)
[17.849s][info ][gc,heap        ] GC(2751) Tenured: 33628K->34409K(43712K)
[17.849s][info ][gc,metaspace   ] GC(2751) Metaspace: 16404K->16404K(1064960K)
[17.849s][info ][gc             ] GC(2751) Pause Young (Allocation Failure) 51M->35M(61M) 0.762ms
[17.849s][info ][gc,cpu         ] GC(2751) User=0.00s Sys=0.00s Real=0.01s
[17.851s][info ][gc,start       ] GC(2752) Pause Young (Allocation Failure)
[17.852s][debug][gc,age         ] GC(2752) Desired survivor size 1114112 bytes, new threshold 1 (max threshold 15)
[17.852s][info ][gc,heap        ] GC(2752) DefNew: 19111K->1955K(19648K)
[17.852s][info ][gc,heap        ] GC(2752) Tenured: 34409K->34800K(43712K)
[17.852s][info ][gc,metaspace   ] GC(2752) Metaspace: 16404K->16404K(1064960K)
[17.852s][info ][gc             ] GC(2752) Pause Young (Allocation Failure) 52M->35M(61M) 0.816ms
[17.852s][info ][gc,cpu         ] GC(2752) User=0.00s Sys=0.00s Real=0.00s
[17.853s][info ][gc,start       ] GC(2753) Pause Young (Allocation Failure)
[17.853s][debug][gc,age         ] GC(2753) Desired survivor size 1114112 bytes, new threshold 1 (max threshold 15)
[17.853s][info ][gc,heap        ] GC(2753) DefNew: 19106K->1955K(19648K)
[17.853s][info ][gc,heap        ] GC(2753) Tenured: 34800K->35581K(43712K)
[17.853s][info ][gc,metaspace   ] GC(2753) Metaspace: 16404K->16404K(1064960K)
[17.853s][info ][gc             ] GC(2753) Pause Young (Allocation Failure) 52M->36M(61M) 0.683ms
[17.854s][info ][gc,cpu         ] GC(2753) User=0.00s Sys=0.00s Real=0.00s
[17.855s][info ][gc,start       ] GC(2754) Pause Young (Allocation Failure)
[17.855s][debug][gc,age         ] GC(2754) Desired survivor size 1114112 bytes, new threshold 1 (max threshold 15)
[17.855s][info ][gc,heap        ] GC(2754) DefNew: 19055K->1955K(19648K)
[17.855s][info ][gc,heap        ] GC(2754) Tenured: 35581K->35972K(43712K)
[17.855s][info ][gc,metaspace   ] GC(2754) Metaspace: 16404K->16404K(1064960K)
[17.855s][info ][gc             ] GC(2754) Pause Young (Allocation Failure) 53M->37M(61M) 0.584ms
[17.855s][info ][gc,cpu         ] GC(2754) User=0.00s Sys=0.00s Real=0.00s
[17.857s][info ][gc,start       ] GC(2755) Pause Young (Allocation Failure)
[17.857s][debug][gc,age         ] GC(2755) Desired survivor size 1114112 bytes, new threshold 1 (max threshold 15)
[17.857s][info ][gc,heap        ] GC(2755) DefNew: 19116K->1955K(19648K)
[17.857s][info ][gc,heap        ] GC(2755) Tenured: 35972K->35972K(43712K)
[17.857s][info ][gc,metaspace   ] GC(2755) Metaspace: 16404K->16404K(1064960K)
[17.857s][info ][gc             ] GC(2755) Pause Young (Allocation Failure) 53M->37M(61M) 0.515ms
[17.857s][info ][gc,cpu         ] GC(2755) User=0.00s Sys=0.00s Real=0.00s
[17.859s][info ][gc,start       ] GC(2756) Pause Young (Allocation Failure)
[17.859s][debug][gc,age         ] GC(2756) Desired survivor size 1114112 bytes, new threshold 1 (max threshold 15)
[17.859s][info ][gc,heap        ] GC(2756) DefNew: 19410K->1564K(19648K)
[17.859s][info ][gc,heap        ] GC(2756) Tenured: 35972K->35973K(43712K)
[17.859s][info ][gc,metaspace   ] GC(2756) Metaspace: 16404K->16404K(1064960K)
[17.859s][info ][gc             ] GC(2756) Pause Young (Allocation Failure) 54M->36M(61M) 0.535ms
[17.859s][info ][gc,cpu         ] GC(2756) User=0.00s Sys=0.00s Real=0.00s
[17.860s][info ][gc,start       ] GC(2757) Pause Young (Allocation Failure)
[17.861s][debug][gc,age         ] GC(2757) Desired survivor size 1114112 bytes, new threshold 1 (max threshold 15)
[17.861s][info ][gc,heap        ] GC(2757) DefNew: 18745K->1955K(19648K)
[17.861s][info ][gc,heap        ] GC(2757) Tenured: 35973K->36754K(43712K)
[17.861s][info ][gc,metaspace   ] GC(2757) Metaspace: 16404K->16404K(1064960K)
[17.861s][info ][gc             ] GC(2757) Pause Young (Allocation Failure) 53M->37M(61M) 0.737ms
[17.861s][info ][gc,cpu         ] GC(2757) User=0.00s Sys=0.00s Real=0.00s
[17.862s][info ][gc,start       ] GC(2758) Pause Young (Allocation Failure)
[17.863s][debug][gc,age         ] GC(2758) Desired survivor size 1114112 bytes, new threshold 1 (max threshold 15)
[17.863s][info ][gc,heap        ] GC(2758) DefNew: 19390K->1564K(19648K)
[17.863s][info ][gc,heap        ] GC(2758) Tenured: 36754K->37146K(43712K)
[17.863s][info ][gc,metaspace   ] GC(2758) Metaspace: 16404K->16404K(1064960K)
[17.863s][info ][gc             ] GC(2758) Pause Young (Allocation Failure) 54M->37M(61M) 0.536ms
[17.863s][info ][gc,cpu         ] GC(2758) User=0.00s Sys=0.00s Real=0.00s
[17.864s][info ][gc,start       ] GC(2759) Pause Young (Allocation Failure)
[17.865s][debug][gc,age         ] GC(2759) Desired survivor size 1114112 bytes, new threshold 1 (max threshold 15)
[17.865s][info ][gc,heap        ] GC(2759) DefNew: 18702K->1955K(19648K)
[17.865s][info ][gc,heap        ] GC(2759) Tenured: 37146K->37537K(43712K)
[17.865s][info ][gc,metaspace   ] GC(2759) Metaspace: 16404K->16404K(1064960K)
[17.865s][info ][gc             ] GC(2759) Pause Young (Allocation Failure) 54M->38M(61M) 0.718ms
[17.865s][info ][gc,cpu         ] GC(2759) User=0.00s Sys=0.00s Real=0.00s
[17.867s][info ][gc,start       ] GC(2760) Pause Young (Allocation Failure)
[17.867s][debug][gc,age         ] GC(2760) Desired survivor size 1114112 bytes, new threshold 1 (max threshold 15)
[17.868s][info ][gc,heap        ] GC(2760) DefNew: 19061K->1955K(19648K)
[17.868s][info ][gc,heap        ] GC(2760) Tenured: 37537K->37928K(43712K)
[17.868s][info ][gc,metaspace   ] GC(2760) Metaspace: 16404K->16404K(1064960K)
[17.868s][info ][gc             ] GC(2760) Pause Young (Allocation Failure) 55M->38M(61M) 0.984ms
[17.868s][info ][gc,cpu         ] GC(2760) User=0.00s Sys=0.00s Real=0.00s
[17.869s][info ][gc,start       ] GC(2761) Pause Young (Allocation Failure)
[17.870s][debug][gc,age         ] GC(2761) Desired survivor size 1114112 bytes, new threshold 1 (max threshold 15)
[17.870s][info ][gc,heap        ] GC(2761) DefNew: 19169K->1955K(19648K)
[17.870s][info ][gc,heap        ] GC(2761) Tenured: 37928K->38709K(43712K)
[17.870s][info ][gc,metaspace   ] GC(2761) Metaspace: 16404K->16404K(1064960K)
[17.870s][info ][gc             ] GC(2761) Pause Young (Allocation Failure) 55M->39M(61M) 0.789ms
[17.870s][info ][gc,cpu         ] GC(2761) User=0.00s Sys=0.00s Real=0.01s
[17.871s][info ][gc,start       ] GC(2762) Pause Young (Allocation Failure)
[17.872s][debug][gc,age         ] GC(2762) Desired survivor size 1114112 bytes, new threshold 1 (max threshold 15)
[17.872s][info ][gc,heap        ] GC(2762) DefNew: 19143K->1955K(19648K)
[17.872s][info ][gc,heap        ] GC(2762) Tenured: 38709K->39491K(43712K)
[17.872s][info ][gc,metaspace   ] GC(2762) Metaspace: 16404K->16404K(1064960K)
[17.872s][info ][gc             ] GC(2762) Pause Young (Allocation Failure) 56M->40M(61M) 0.598ms
[17.872s][info ][gc,cpu         ] GC(2762) User=0.00s Sys=0.00s Real=0.00s
[17.873s][info ][gc,start       ] GC(2763) Pause Young (Allocation Failure)
[17.874s][debug][gc,age         ] GC(2763) Desired survivor size 1114112 bytes, new threshold 1 (max threshold 15)
[17.874s][info ][gc,heap        ] GC(2763) DefNew: 19126K->1955K(19648K)
[17.874s][info ][gc,heap        ] GC(2763) Tenured: 39491K->40272K(43712K)
[17.874s][info ][gc,metaspace   ] GC(2763) Metaspace: 16404K->16404K(1064960K)
[17.874s][info ][gc             ] GC(2763) Pause Young (Allocation Failure) 57M->41M(61M) 0.629ms
[17.874s][info ][gc,cpu         ] GC(2763) User=0.00s Sys=0.00s Real=0.00s
[17.875s][info ][gc,start       ] GC(2764) Pause Young (Allocation Failure)
[17.876s][debug][gc,age         ] GC(2764) Desired survivor size 1114112 bytes, new threshold 1 (max threshold 15)
[17.876s][info ][gc,heap        ] GC(2764) DefNew: 19115K->1955K(19648K)
[17.876s][info ][gc,heap        ] GC(2764) Tenured: 40272K->40663K(43712K)
[17.876s][info ][gc,metaspace   ] GC(2764) Metaspace: 16404K->16404K(1064960K)
[17.876s][info ][gc             ] GC(2764) Pause Young (Allocation Failure) 57M->41M(61M) 0.787ms
[17.876s][info ][gc,cpu         ] GC(2764) User=0.00s Sys=0.00s Real=0.00s
[17.877s][info ][gc,start       ] GC(2765) Pause Young (Allocation Failure)
[17.878s][debug][gc,age         ] GC(2765) Desired survivor size 1114112 bytes, new threshold 1 (max threshold 15)
[17.878s][info ][gc,heap        ] GC(2765) DefNew: 19427K->1173K(19648K)
[17.878s][info ][gc,heap        ] GC(2765) Tenured: 40663K->41445K(43712K)
[17.878s][info ][gc,metaspace   ] GC(2765) Metaspace: 16404K->16404K(1064960K)
[17.878s][info ][gc             ] GC(2765) Pause Young (Allocation Failure) 58M->41M(61M) 0.634ms
[17.878s][info ][gc,cpu         ] GC(2765) User=0.00s Sys=0.00s Real=0.00s
[17.880s][info ][gc,start       ] GC(2766) Pause Young (Allocation Failure)
[17.880s][debug][gc,age         ] GC(2766) Desired survivor size 1114112 bytes, new threshold 1 (max threshold 15)
[17.880s][info ][gc,heap        ] GC(2766) DefNew: 18645K->1173K(19648K)
[17.880s][info ][gc,heap        ] GC(2766) Tenured: 41445K->41445K(43712K)
[17.880s][info ][gc,metaspace   ] GC(2766) Metaspace: 16404K->16404K(1064960K)
[17.880s][info ][gc             ] GC(2766) Pause Young (Allocation Failure) 58M->41M(61M) 0.443ms
[17.880s][info ][gc,cpu         ] GC(2766) User=0.00s Sys=0.00s Real=0.00s
[17.881s][info ][gc,start       ] GC(2767) Pause Young (Allocation Failure)
[17.882s][debug][gc,age         ] GC(2767) Desired survivor size 1114112 bytes, new threshold 1 (max threshold 15)
[17.882s][info ][gc,heap        ] GC(2767) DefNew: 18276K->1955K(19648K)
[17.882s][info ][gc,heap        ] GC(2767) Tenured: 41445K->41837K(43712K)
[17.882s][info ][gc,metaspace   ] GC(2767) Metaspace: 16404K->16404K(1064960K)
[17.882s][info ][gc             ] GC(2767) Pause Young (Allocation Failure) 58M->42M(61M) 0.707ms
[17.882s][info ][gc,cpu         ] GC(2767) User=0.00s Sys=0.00s Real=0.00s
[17.884s][info ][gc,start       ] GC(2768) Pause Young (Allocation Failure)
[17.884s][debug][gc,age         ] GC(2768) Desired survivor size 1114112 bytes, new threshold 1 (max threshold 15)
[17.884s][info ][gc,heap        ] GC(2768) DefNew: 19089K->1955K(19648K)
[17.884s][info ][gc,heap        ] GC(2768) Tenured: 41837K->42618K(43712K)
[17.884s][info ][gc,metaspace   ] GC(2768) Metaspace: 16404K->16404K(1064960K)
[17.884s][info ][gc             ] GC(2768) Pause Young (Allocation Failure) 59M->43M(61M) 0.795ms
[17.884s][info ][gc,cpu         ] GC(2768) User=0.00s Sys=0.00s Real=0.00s
[17.886s][info ][gc,start       ] GC(2769) Pause Young (Allocation Failure)
[17.886s][info ][gc,start       ] GC(2770) Pause Full (Allocation Failure)
[17.886s][info ][gc,phases,start] GC(2770) Phase 1: Mark live objects
[17.889s][debug][gc,phases      ] GC(2770) Reference Processing 0.039ms
[17.889s][debug][gc,phases      ] GC(2770) Weak Processing 0.012ms
[17.889s][debug][gc,phases      ] GC(2770) ClassLoaderData 0.022ms
[17.889s][debug][gc,phases      ] GC(2770) ProtectionDomainCacheTable 0.005ms
[17.889s][debug][gc,phases      ] GC(2770) ResolvedMethodTable 0.015ms
[17.890s][debug][gc,phases      ] GC(2770) Class Unloading 0.796ms
[17.890s][debug][gc,phases      ] GC(2770) Scrub String Table 0.058ms
[17.891s][debug][gc,phases      ] GC(2770) Scrub Symbol Table 1.078ms
[17.891s][info ][gc,phases      ] GC(2770) Phase 1: Mark live objects 5.099ms
[17.891s][info ][gc,phases,start] GC(2770) Phase 2: Compute new object addresses
[17.892s][info ][gc,phases      ] GC(2770) Phase 2: Compute new object addresses 0.915ms
[17.892s][info ][gc,phases,start] GC(2770) Phase 3: Adjust pointers
[17.896s][info ][gc,phases      ] GC(2770) Phase 3: Adjust pointers 3.756ms
[17.896s][info ][gc,phases,start] GC(2770) Phase 4: Move objects
[17.896s][info ][gc,phases      ] GC(2770) Phase 4: Move objects 0.334ms
[17.896s][info ][gc             ] GC(2770) Pause Full (Allocation Failure) 60M->5M(61M) 10.406ms
[17.896s][info ][gc,heap        ] GC(2769) DefNew: 19147K->0K(19648K)
[17.896s][info ][gc,heap        ] GC(2769) Tenured: 42618K->5881K(43712K)
[17.896s][info ][gc,metaspace   ] GC(2769) Metaspace: 16404K->16404K(1064960K)
[17.896s][info ][gc             ] GC(2769) Pause Young (Allocation Failure) 60M->5M(61M) 10.559ms
[17.896s][info ][gc,cpu         ] GC(2769) User=0.01s Sys=0.00s Real=0.01s
[17.898s][info ][gc,start       ] GC(2771) Pause Young (Allocation Failure)
[17.898s][debug][gc,age         ] GC(2771) Desired survivor size 1114112 bytes, new threshold 1 (max threshold 15)
[17.898s][info ][gc,heap        ] GC(2771) DefNew: 17174K->1955K(19648K)
[17.898s][info ][gc,heap        ] GC(2771) Tenured: 5881K->5881K(43712K)
[17.898s][info ][gc,metaspace   ] GC(2771) Metaspace: 16404K->16404K(1064960K)
[17.898s][info ][gc             ] GC(2771) Pause Young (Allocation Failure) 22M->7M(61M) 0.722ms
[17.898s][info ][gc,cpu         ] GC(2771) User=0.00s Sys=0.00s Real=0.00s
[17.900s][info ][gc,start       ] GC(2772) Pause Young (Allocation Failure)
[17.900s][debug][gc,age         ] GC(2772) Desired survivor size 1114112 bytes, new threshold 1 (max threshold 15)
[17.900s][info ][gc,heap        ] GC(2772) DefNew: 19117K->1955K(19648K)
[17.900s][info ][gc,heap        ] GC(2772) Tenured: 5881K->7053K(43712K)
[17.900s][info ][gc,metaspace   ] GC(2772) Metaspace: 16404K->16404K(1064960K)
[17.900s][info ][gc             ] GC(2772) Pause Young (Allocation Failure) 24M->8M(61M) 0.760ms
[17.901s][info ][gc,cpu         ] GC(2772) User=0.00s Sys=0.00s Real=0.00s
[17.902s][info ][gc,start       ] GC(2773) Pause Young (Allocation Failure)
[17.903s][debug][gc,age         ] GC(2773) Desired survivor size 1114112 bytes, new threshold 1 (max threshold 15)
[17.903s][info ][gc,heap        ] GC(2773) DefNew: 19110K->1955K(19648K)
[17.903s][info ][gc,heap        ] GC(2773) Tenured: 7053K->7444K(43712K)
[17.903s][info ][gc,metaspace   ] GC(2773) Metaspace: 16404K->16404K(1064960K)
[17.903s][info ][gc             ] GC(2773) Pause Young (Allocation Failure) 25M->9M(61M) 0.677ms
[17.903s][info ][gc,cpu         ] GC(2773) User=0.00s Sys=0.00s Real=0.00s
[17.904s][info ][gc,start       ] GC(2774) Pause Young (Allocation Failure)
[17.905s][debug][gc,age         ] GC(2774) Desired survivor size 1114112 bytes, new threshold 1 (max threshold 15)
[17.905s][info ][gc,heap        ] GC(2774) DefNew: 19104K->1955K(19648K)
[17.905s][info ][gc,heap        ] GC(2774) Tenured: 7444K->8225K(43712K)
[17.905s][info ][gc,metaspace   ] GC(2774) Metaspace: 16404K->16404K(1064960K)
[17.905s][info ][gc             ] GC(2774) Pause Young (Allocation Failure) 25M->9M(61M) 0.731ms
[17.905s][info ][gc,cpu         ] GC(2774) User=0.01s Sys=0.00s Real=0.00s
[17.906s][info ][gc,start       ] GC(2775) Pause Young (Allocation Failure)
[17.907s][debug][gc,age         ] GC(2775) Desired survivor size 1114112 bytes, new threshold 1 (max threshold 15)
[17.907s][info ][gc,heap        ] GC(2775) DefNew: 19101K->1955K(19648K)
[17.907s][info ][gc,heap        ] GC(2775) Tenured: 8225K->8616K(43712K)
[17.907s][info ][gc,metaspace   ] GC(2775) Metaspace: 16404K->16404K(1064960K)
[17.907s][info ][gc             ] GC(2775) Pause Young (Allocation Failure) 26M->10M(61M) 0.677ms
[17.907s][info ][gc,cpu         ] GC(2775) User=0.00s Sys=0.00s Real=0.00s
[17.908s][info ][gc,start       ] GC(2776) Pause Young (Allocation Failure)
[17.909s][debug][gc,age         ] GC(2776) Desired survivor size 1114112 bytes, new threshold 1 (max threshold 15)
[17.909s][info ][gc,heap        ] GC(2776) DefNew: 19099K->1955K(19648K)
[17.909s][info ][gc,heap        ] GC(2776) Tenured: 8616K->8616K(43712K)
[17.909s][info ][gc,metaspace   ] GC(2776) Metaspace: 16404K->16404K(1064960K)
[17.909s][info ][gc             ] GC(2776) Pause Young (Allocation Failure) 27M->10M(61M) 0.529ms
[17.909s][info ][gc,cpu         ] GC(2776) User=0.00s Sys=0.00s Real=0.00s
[17.910s][info ][gc,start       ] GC(2777) Pause Young (Allocation Failure)
[17.910s][debug][gc,age         ] GC(2777) Desired survivor size 1114112 bytes, new threshold 1 (max threshold 15)
[17.910s][info ][gc,heap        ] GC(2777) DefNew: 19412K->1954K(19648K)
[17.910s][info ][gc,heap        ] GC(2777) Tenured: 8616K->9007K(43712K)
[17.910s][info ][gc,metaspace   ] GC(2777) Metaspace: 16404K->16404K(1064960K)
[17.910s][info ][gc             ] GC(2777) Pause Young (Allocation Failure) 27M->10M(61M) 0.572ms
[17.911s][info ][gc,cpu         ] GC(2777) User=0.00s Sys=0.00s Real=0.00s
[17.912s][info ][gc,start       ] GC(2778) Pause Young (Allocation Failure)
[17.912s][debug][gc,age         ] GC(2778) Desired survivor size 1114112 bytes, new threshold 1 (max threshold 15)
[17.912s][info ][gc,heap        ] GC(2778) DefNew: 19124K->1955K(19648K)
[17.912s][info ][gc,heap        ] GC(2778) Tenured: 9007K->10179K(43712K)
[17.912s][info ][gc,metaspace   ] GC(2778) Metaspace: 16404K->16404K(1064960K)
[17.912s][info ][gc             ] GC(2778) Pause Young (Allocation Failure) 27M->11M(61M) 0.671ms
[17.913s][info ][gc,cpu         ] GC(2778) User=0.00s Sys=0.00s Real=0.00s
[17.914s][info ][gc,start       ] GC(2779) Pause Young (Allocation Failure)
[17.915s][debug][gc,age         ] GC(2779) Desired survivor size 1114112 bytes, new threshold 1 (max threshold 15)
[17.915s][info ][gc,heap        ] GC(2779) DefNew: 19114K->1955K(19648K)
[17.915s][info ][gc,heap        ] GC(2779) Tenured: 10179K->11351K(43712K)
[17.915s][info ][gc,metaspace   ] GC(2779) Metaspace: 16404K->16404K(1064960K)
[17.915s][info ][gc             ] GC(2779) Pause Young (Allocation Failure) 28M->12M(61M) 0.951ms
[17.915s][info ][gc,cpu         ] GC(2779) User=0.00s Sys=0.00s Real=0.00s
[17.916s][info ][gc,start       ] GC(2780) Pause Young (Allocation Failure)
[17.917s][debug][gc,age         ] GC(2780) Desired survivor size 1114112 bytes, new threshold 1 (max threshold 15)
[17.917s][info ][gc,heap        ] GC(2780) DefNew: 19107K->1955K(19648K)
[17.917s][info ][gc,heap        ] GC(2780) Tenured: 11351K->11351K(43712K)
[17.917s][info ][gc,metaspace   ] GC(2780) Metaspace: 16404K->16404K(1064960K)
[17.917s][info ][gc             ] GC(2780) Pause Young (Allocation Failure) 29M->12M(61M) 0.951ms
[17.917s][info ][gc,cpu         ] GC(2780) User=0.01s Sys=0.00s Real=0.00s
[17.919s][info ][gc,start       ] GC(2781) Pause Young (Allocation Failure)
[17.919s][debug][gc,age         ] GC(2781) Desired survivor size 1114112 bytes, new threshold 1 (max threshold 15)
[17.919s][info ][gc,heap        ] GC(2781) DefNew: 19103K->1564K(19648K)
[17.919s][info ][gc,heap        ] GC(2781) Tenured: 11351K->11351K(43712K)
[17.919s][info ][gc,metaspace   ] GC(2781) Metaspace: 16404K->16404K(1064960K)
[17.919s][info ][gc             ] GC(2781) Pause Young (Allocation Failure) 29M->12M(61M) 0.474ms
[17.919s][info ][gc,cpu         ] GC(2781) User=0.00s Sys=0.00s Real=0.00s
[17.920s][info ][gc,start       ] GC(2782) Pause Young (Allocation Failure)
[17.921s][debug][gc,age         ] GC(2782) Desired survivor size 1114112 bytes, new threshold 1 (max threshold 15)
[17.921s][info ][gc,heap        ] GC(2782) DefNew: 18669K->1955K(19648K)
[17.921s][info ][gc,heap        ] GC(2782) Tenured: 11351K->11351K(43712K)
[17.921s][info ][gc,metaspace   ] GC(2782) Metaspace: 16404K->16404K(1064960K)
[17.921s][info ][gc             ] GC(2782) Pause Young (Allocation Failure) 29M->12M(61M) 0.541ms
[17.921s][info ][gc,cpu         ] GC(2782) User=0.00s Sys=0.00s Real=0.00s
[17.922s][info ][gc,start       ] GC(2783) Pause Young (Allocation Failure)
[17.923s][debug][gc,age         ] GC(2783) Desired survivor size 1114112 bytes, new threshold 1 (max threshold 15)
[17.923s][info ][gc,heap        ] GC(2783) DefNew: 19409K->1564K(19648K)
[17.923s][info ][gc,heap        ] GC(2783) Tenured: 11351K->11742K(43712K)
[17.923s][info ][gc,metaspace   ] GC(2783) Metaspace: 16404K->16404K(1064960K)
[17.923s][info ][gc             ] GC(2783) Pause Young (Allocation Failure) 30M->12M(61M) 0.618ms
[17.923s][info ][gc,cpu         ] GC(2783) User=0.00s Sys=0.00s Real=0.00s
[17.924s][info ][gc,start       ] GC(2784) Pause Young (Allocation Failure)
[17.925s][debug][gc,age         ] GC(2784) Desired survivor size 1114112 bytes, new threshold 15 (max threshold 15)
[17.925s][info ][gc,heap        ] GC(2784) DefNew: 18654K->782K(19648K)
[17.925s][info ][gc,heap        ] GC(2784) Tenured: 11742K->12133K(43712K)
[17.925s][info ][gc,metaspace   ] GC(2784) Metaspace: 16404K->16404K(1064960K)
[17.925s][info ][gc             ] GC(2784) Pause Young (Allocation Failure) 29M->12M(61M) 0.508ms
[17.925s][info ][gc,cpu         ] GC(2784) User=0.00s Sys=0.00s Real=0.00s
[17.926s][info ][gc,start       ] GC(2785) Pause Young (Allocation Failure)
[17.927s][debug][gc,age         ] GC(2785) Desired survivor size 1114112 bytes, new threshold 1 (max threshold 15)
[17.927s][info ][gc,heap        ] GC(2785) DefNew: 17986K->1955K(19648K)
[17.927s][info ][gc,heap        ] GC(2785) Tenured: 12133K->13305K(43712K)
[17.927s][info ][gc,metaspace   ] GC(2785) Metaspace: 16404K->16404K(1064960K)
[17.927s][info ][gc             ] GC(2785) Pause Young (Allocation Failure) 29M->14M(61M) 0.637ms
[17.927s][info ][gc,cpu         ] GC(2785) User=0.00s Sys=0.00s Real=0.00s
[17.928s][info ][gc,start       ] GC(2786) Pause Young (Allocation Failure)
[17.928s][debug][gc,age         ] GC(2786) Desired survivor size 1114112 bytes, new threshold 1 (max threshold 15)
[17.928s][info ][gc,heap        ] GC(2786) DefNew: 19136K->1173K(19648K)
[17.928s][info ][gc,heap        ] GC(2786) Tenured: 13305K->13306K(43712K)
[17.928s][info ][gc,metaspace   ] GC(2786) Metaspace: 16404K->16404K(1064960K)
[17.928s][info ][gc             ] GC(2786) Pause Young (Allocation Failure) 31M->14M(61M) 0.449ms
[17.928s][info ][gc,cpu         ] GC(2786) User=0.00s Sys=0.00s Real=0.00s
[17.929s][info ][gc,start       ] GC(2787) Pause Young (Allocation Failure)
[17.930s][debug][gc,age         ] GC(2787) Desired survivor size 1114112 bytes, new threshold 1 (max threshold 15)
[17.930s][info ][gc,heap        ] GC(2787) DefNew: 18595K->1173K(19648K)
[17.930s][info ][gc,heap        ] GC(2787) Tenured: 13306K->13697K(43712K)
[17.930s][info ][gc,metaspace   ] GC(2787) Metaspace: 16404K->16404K(1064960K)
[17.930s][info ][gc             ] GC(2787) Pause Young (Allocation Failure) 31M->14M(61M) 0.557ms
[17.930s][info ][gc,cpu         ] GC(2787) User=0.00s Sys=0.00s Real=0.00s
[17.931s][info ][gc,start       ] GC(2788) Pause Young (Allocation Failure)
[17.932s][debug][gc,age         ] GC(2788) Desired survivor size 1114112 bytes, new threshold 1 (max threshold 15)
[17.932s][info ][gc,heap        ] GC(2788) DefNew: 18319K->1955K(19648K)
[17.932s][info ][gc,heap        ] GC(2788) Tenured: 13697K->14088K(43712K)
[17.932s][info ][gc,metaspace   ] GC(2788) Metaspace: 16404K->16404K(1064960K)
[17.932s][info ][gc             ] GC(2788) Pause Young (Allocation Failure) 31M->15M(61M) 0.854ms
[17.932s][info ][gc,cpu         ] GC(2788) User=0.00s Sys=0.00s Real=0.00s
[17.934s][info ][gc,start       ] GC(2789) Pause Young (Allocation Failure)
[17.934s][debug][gc,age         ] GC(2789) Desired survivor size 1114112 bytes, new threshold 1 (max threshold 15)
[17.934s][info ][gc,heap        ] GC(2789) DefNew: 19159K->1173K(19648K)
[17.934s][info ][gc,heap        ] GC(2789) Tenured: 14088K->14479K(43712K)
[17.934s][info ][gc,metaspace   ] GC(2789) Metaspace: 16404K->16404K(1064960K)
[17.934s][info ][gc             ] GC(2789) Pause Young (Allocation Failure) 32M->15M(61M) 0.520ms
[17.934s][info ][gc,cpu         ] GC(2789) User=0.00s Sys=0.00s Real=0.00s
[17.936s][info ][gc,start       ] GC(2790) Pause Young (Allocation Failure)
[17.936s][debug][gc,age         ] GC(2790) Desired survivor size 1114112 bytes, new threshold 1 (max threshold 15)
[17.936s][info ][gc,heap        ] GC(2790) DefNew: 18355K->1955K(19648K)
[17.936s][info ][gc,heap        ] GC(2790) Tenured: 14479K->15261K(43712K)
[17.936s][info ][gc,metaspace   ] GC(2790) Metaspace: 16404K->16404K(1064960K)
[17.936s][info ][gc             ] GC(2790) Pause Young (Allocation Failure) 32M->16M(61M) 0.621ms
[17.936s][info ][gc,cpu         ] GC(2790) User=0.00s Sys=0.00s Real=0.00s
[17.937s][info ][gc,start       ] GC(2791) Pause Young (Allocation Failure)
[17.938s][debug][gc,age         ] GC(2791) Desired survivor size 1114112 bytes, new threshold 1 (max threshold 15)
[17.938s][info ][gc,heap        ] GC(2791) DefNew: 19121K->1955K(19648K)
[17.938s][info ][gc,heap        ] GC(2791) Tenured: 15261K->15652K(43712K)
[17.938s][info ][gc,metaspace   ] GC(2791) Metaspace: 16404K->16404K(1064960K)
[17.938s][info ][gc             ] GC(2791) Pause Young (Allocation Failure) 33M->17M(61M) 0.627ms
[17.938s][info ][gc,cpu         ] GC(2791) User=0.00s Sys=0.00s Real=0.00s
[17.939s][info ][gc,start       ] GC(2792) Pause Young (Allocation Failure)
[17.940s][debug][gc,age         ] GC(2792) Desired survivor size 1114112 bytes, new threshold 1 (max threshold 15)
[17.940s][info ][gc,heap        ] GC(2792) DefNew: 19112K->1955K(19648K)
[17.940s][info ][gc,heap        ] GC(2792) Tenured: 15652K->15652K(43712K)
[17.940s][info ][gc,metaspace   ] GC(2792) Metaspace: 16404K->16404K(1064960K)
[17.940s][info ][gc             ] GC(2792) Pause Young (Allocation Failure) 33M->17M(61M) 0.505ms
[17.940s][info ][gc,cpu         ] GC(2792) User=0.00s Sys=0.00s Real=0.00s
[17.941s][info ][gc,start       ] GC(2793) Pause Young (Allocation Failure)
[17.942s][debug][gc,age         ] GC(2793) Desired survivor size 1114112 bytes, new threshold 1 (max threshold 15)
[17.942s][info ][gc,heap        ] GC(2793) DefNew: 19427K->1954K(19648K)
[17.942s][info ][gc,heap        ] GC(2793) Tenured: 15652K->16434K(43712K)
[17.942s][info ][gc,metaspace   ] GC(2793) Metaspace: 16404K->16404K(1064960K)
[17.942s][info ][gc             ] GC(2793) Pause Young (Allocation Failure) 34M->17M(61M) 0.577ms
[17.942s][info ][gc,cpu         ] GC(2793) User=0.00s Sys=0.00s Real=0.00s
[17.943s][info ][gc,start       ] GC(2794) Pause Young (Allocation Failure)
[17.944s][debug][gc,age         ] GC(2794) Desired survivor size 1114112 bytes, new threshold 1 (max threshold 15)
[17.944s][info ][gc,heap        ] GC(2794) DefNew: 19122K->1955K(19648K)
[17.944s][info ][gc,heap        ] GC(2794) Tenured: 16434K->16825K(43712K)
[17.944s][info ][gc,metaspace   ] GC(2794) Metaspace: 16404K->16404K(1064960K)
[17.944s][info ][gc             ] GC(2794) Pause Young (Allocation Failure) 34M->18M(61M) 0.551ms
[17.944s][info ][gc,cpu         ] GC(2794) User=0.00s Sys=0.00s Real=0.00s
[17.945s][info ][gc,start       ] GC(2795) Pause Young (Allocation Failure)
[17.946s][debug][gc,age         ] GC(2795) Desired survivor size 1114112 bytes, new threshold 1 (max threshold 15)
[17.946s][info ][gc,heap        ] GC(2795) DefNew: 19401K->1955K(19648K)
[17.946s][info ][gc,heap        ] GC(2795) Tenured: 16825K->17607K(43712K)
[17.946s][info ][gc,metaspace   ] GC(2795) Metaspace: 16404K->16404K(1064960K)
[17.946s][info ][gc             ] GC(2795) Pause Young (Allocation Failure) 35M->19M(61M) 0.669ms
[17.946s][info ][gc,cpu         ] GC(2795) User=0.00s Sys=0.00s Real=0.00s
[17.947s][info ][gc,start       ] GC(2796) Pause Young (Allocation Failure)
[17.948s][debug][gc,age         ] GC(2796) Desired survivor size 1114112 bytes, new threshold 1 (max threshold 15)
[17.948s][info ][gc,heap        ] GC(2796) DefNew: 19427K->1564K(19648K)
[17.948s][info ][gc,heap        ] GC(2796) Tenured: 17607K->18779K(43712K)
[17.948s][info ][gc,metaspace   ] GC(2796) Metaspace: 16404K->16404K(1064960K)
[17.948s][info ][gc             ] GC(2796) Pause Young (Allocation Failure) 36M->19M(61M) 0.613ms
[17.948s][info ][gc,cpu         ] GC(2796) User=0.00s Sys=0.00s Real=0.00s
[17.949s][info ][gc,start       ] GC(2797) Pause Young (Allocation Failure)
[17.950s][debug][gc,age         ] GC(2797) Desired survivor size 1114112 bytes, new threshold 1 (max threshold 15)
[17.950s][info ][gc,heap        ] GC(2797) DefNew: 18764K->1955K(19648K)
[17.950s][info ][gc,heap        ] GC(2797) Tenured: 18779K->18780K(43712K)
[17.950s][info ][gc,metaspace   ] GC(2797) Metaspace: 16404K->16404K(1064960K)
[17.950s][info ][gc             ] GC(2797) Pause Young (Allocation Failure) 36M->20M(61M) 0.633ms
[17.950s][info ][gc,cpu         ] GC(2797) User=0.00s Sys=0.00s Real=0.01s
[17.951s][info ][gc,start       ] GC(2798) Pause Young (Allocation Failure)
[17.951s][debug][gc,age         ] GC(2798) Desired survivor size 1114112 bytes, new threshold 15 (max threshold 15)
[17.951s][info ][gc,heap        ] GC(2798) DefNew: 19095K->783K(19648K)
[17.951s][info ][gc,heap        ] GC(2798) Tenured: 18780K->19171K(43712K)
[17.951s][info ][gc,metaspace   ] GC(2798) Metaspace: 16404K->16404K(1064960K)
[17.951s][info ][gc             ] GC(2798) Pause Young (Allocation Failure) 36M->19M(61M) 0.490ms
[17.952s][info ][gc,cpu         ] GC(2798) User=0.00s Sys=0.00s Real=0.00s
[17.953s][info ][gc,start       ] GC(2799) Pause Young (Allocation Failure)
[17.953s][debug][gc,age         ] GC(2799) Desired survivor size 1114112 bytes, new threshold 1 (max threshold 15)
[17.953s][info ][gc,heap        ] GC(2799) DefNew: 17919K->1955K(19648K)
[17.953s][info ][gc,heap        ] GC(2799) Tenured: 19171K->19171K(43712K)
[17.953s][info ][gc,metaspace   ] GC(2799) Metaspace: 16404K->16404K(1064960K)
[17.953s][info ][gc             ] GC(2799) Pause Young (Allocation Failure) 36M->20M(61M) 0.576ms
[17.953s][info ][gc,cpu         ] GC(2799) User=0.00s Sys=0.00s Real=0.00s
[17.955s][info ][gc,start       ] GC(2800) Pause Young (Allocation Failure)
[17.955s][debug][gc,age         ] GC(2800) Desired survivor size 1114112 bytes, new threshold 1 (max threshold 15)
[17.955s][info ][gc,heap        ] GC(2800) DefNew: 19094K->1173K(19648K)
[17.955s][info ][gc,heap        ] GC(2800) Tenured: 19171K->19562K(43712K)
[17.955s][info ][gc,metaspace   ] GC(2800) Metaspace: 16404K->16404K(1064960K)
[17.955s][info ][gc             ] GC(2800) Pause Young (Allocation Failure) 37M->20M(61M) 0.499ms
[17.955s][info ][gc,cpu         ] GC(2800) User=0.00s Sys=0.00s Real=0.00s
[17.957s][info ][gc,start       ] GC(2801) Pause Young (Allocation Failure)
[17.957s][debug][gc,age         ] GC(2801) Desired survivor size 1114112 bytes, new threshold 1 (max threshold 15)
[17.957s][info ][gc,heap        ] GC(2801) DefNew: 18301K->1955K(19648K)
[17.957s][info ][gc,heap        ] GC(2801) Tenured: 19562K->19953K(43712K)
[17.957s][info ][gc,metaspace   ] GC(2801) Metaspace: 16404K->16404K(1064960K)
[17.957s][info ][gc             ] GC(2801) Pause Young (Allocation Failure) 36M->21M(61M) 0.648ms
[17.957s][info ][gc,cpu         ] GC(2801) User=0.00s Sys=0.00s Real=0.00s
[17.958s][info ][gc,start       ] GC(2802) Pause Young (Allocation Failure)
[17.959s][debug][gc,age         ] GC(2802) Desired survivor size 1114112 bytes, new threshold 1 (max threshold 15)
[17.959s][info ][gc,heap        ] GC(2802) DefNew: 19427K->1564K(19648K)
[17.959s][info ][gc,heap        ] GC(2802) Tenured: 19953K->21125K(43712K)
[17.959s][info ][gc,metaspace   ] GC(2802) Metaspace: 16404K->16404K(1064960K)
[17.959s][info ][gc             ] GC(2802) Pause Young (Allocation Failure) 38M->22M(61M) 0.645ms
[17.959s][info ][gc,cpu         ] GC(2802) User=0.00s Sys=0.00s Real=0.00s
[17.961s][info ][gc,start       ] GC(2803) Pause Young (Allocation Failure)
[17.961s][debug][gc,age         ] GC(2803) Desired survivor size 1114112 bytes, new threshold 1 (max threshold 15)
[17.961s][info ][gc,heap        ] GC(2803) DefNew: 18766K->1955K(19648K)
[17.961s][info ][gc,heap        ] GC(2803) Tenured: 21125K->21516K(43712K)
[17.961s][info ][gc,metaspace   ] GC(2803) Metaspace: 16404K->16404K(1064960K)
[17.961s][info ][gc             ] GC(2803) Pause Young (Allocation Failure) 38M->22M(61M) 0.585ms
[17.961s][info ][gc,cpu         ] GC(2803) User=0.00s Sys=0.00s Real=0.00s
[17.962s][info ][gc,start       ] GC(2804) Pause Young (Allocation Failure)
[17.963s][debug][gc,age         ] GC(2804) Desired survivor size 1114112 bytes, new threshold 1 (max threshold 15)
[17.963s][info ][gc,heap        ] GC(2804) DefNew: 19427K->1173K(19648K)
[17.963s][info ][gc,heap        ] GC(2804) Tenured: 21516K->21908K(43712K)
[17.963s][info ][gc,metaspace   ] GC(2804) Metaspace: 16404K->16404K(1064960K)
[17.963s][info ][gc             ] GC(2804) Pause Young (Allocation Failure) 39M->22M(61M) 0.500ms
[17.963s][info ][gc,cpu         ] GC(2804) User=0.00s Sys=0.00s Real=0.00s
[17.964s][info ][gc,start       ] GC(2805) Pause Young (Allocation Failure)
[17.965s][debug][gc,age         ] GC(2805) Desired survivor size 1114112 bytes, new threshold 1 (max threshold 15)
[17.965s][info ][gc,heap        ] GC(2805) DefNew: 18603K->1563K(19648K)
[17.965s][info ][gc,heap        ] GC(2805) Tenured: 21908K->21909K(43712K)
[17.965s][info ][gc,metaspace   ] GC(2805) Metaspace: 16404K->16404K(1064960K)
[17.965s][info ][gc             ] GC(2805) Pause Young (Allocation Failure) 39M->22M(61M) 0.537ms
[17.965s][info ][gc,cpu         ] GC(2805) User=0.00s Sys=0.00s Real=0.00s
[17.966s][info ][gc,start       ] GC(2806) Pause Young (Allocation Failure)
[17.967s][debug][gc,age         ] GC(2806) Desired survivor size 1114112 bytes, new threshold 1 (max threshold 15)
[17.967s][info ][gc,heap        ] GC(2806) DefNew: 18783K->1955K(19648K)
[17.967s][info ][gc,heap        ] GC(2806) Tenured: 21909K->22690K(43712K)
[17.967s][info ][gc,metaspace   ] GC(2806) Metaspace: 16404K->16404K(1064960K)
[17.967s][info ][gc             ] GC(2806) Pause Young (Allocation Failure) 39M->24M(61M) 0.628ms
[17.967s][info ][gc,cpu         ] GC(2806) User=0.00s Sys=0.00s Real=0.00s
[17.968s][info ][gc,start       ] GC(2807) Pause Young (Allocation Failure)
[17.969s][debug][gc,age         ] GC(2807) Desired survivor size 1114112 bytes, new threshold 1 (max threshold 15)
[17.969s][info ][gc,heap        ] GC(2807) DefNew: 19147K->1955K(19648K)
[17.969s][info ][gc,heap        ] GC(2807) Tenured: 22690K->23081K(43712K)
[17.969s][info ][gc,metaspace   ] GC(2807) Metaspace: 16404K->16404K(1064960K)
[17.969s][info ][gc             ] GC(2807) Pause Young (Allocation Failure) 40M->24M(61M) 0.702ms
[17.969s][info ][gc,cpu         ] GC(2807) User=0.00s Sys=0.00s Real=0.00s
[17.970s][info ][gc,start       ] GC(2808) Pause Young (Allocation Failure)
[17.971s][debug][gc,age         ] GC(2808) Desired survivor size 1114112 bytes, new threshold 1 (max threshold 15)
[17.971s][info ][gc,heap        ] GC(2808) DefNew: 19128K->1564K(19648K)
[17.971s][info ][gc,heap        ] GC(2808) Tenured: 23081K->23081K(43712K)
[17.971s][info ][gc,metaspace   ] GC(2808) Metaspace: 16404K->16404K(1064960K)
[17.971s][info ][gc             ] GC(2808) Pause Young (Allocation Failure) 41M->24M(61M) 0.599ms
[17.971s][info ][gc,cpu         ] GC(2808) User=0.00s Sys=0.00s Real=0.00s
[17.972s][info ][gc,start       ] GC(2809) Pause Young (Allocation Failure)
[17.973s][debug][gc,age         ] GC(2809) Desired survivor size 1114112 bytes, new threshold 1 (max threshold 15)
[17.973s][info ][gc,heap        ] GC(2809) DefNew: 18726K->1955K(19648K)
[17.973s][info ][gc,heap        ] GC(2809) Tenured: 23081K->23862K(43712K)
[17.973s][info ][gc,metaspace   ] GC(2809) Metaspace: 16404K->16404K(1064960K)
[17.973s][info ][gc             ] GC(2809) Pause Young (Allocation Failure) 40M->25M(61M) 0.601ms
[17.973s][info ][gc,cpu         ] GC(2809) User=0.00s Sys=0.00s Real=0.00s
[17.974s][info ][gc,start       ] GC(2810) Pause Young (Allocation Failure)
[17.975s][debug][gc,age         ] GC(2810) Desired survivor size 1114112 bytes, new threshold 1 (max threshold 15)
[17.975s][info ][gc,heap        ] GC(2810) DefNew: 19415K->1954K(19648K)
[17.975s][info ][gc,heap        ] GC(2810) Tenured: 23862K->24253K(43712K)
[17.975s][info ][gc,metaspace   ] GC(2810) Metaspace: 16404K->16404K(1064960K)
[17.975s][info ][gc             ] GC(2810) Pause Young (Allocation Failure) 42M->25M(61M) 0.756ms
[17.975s][info ][gc,cpu         ] GC(2810) User=0.00s Sys=0.00s Real=0.00s
[17.976s][info ][gc,start       ] GC(2811) Pause Young (Allocation Failure)
[17.977s][debug][gc,age         ] GC(2811) Desired survivor size 1114112 bytes, new threshold 1 (max threshold 15)
[17.977s][info ][gc,heap        ] GC(2811) DefNew: 19085K->1954K(19648K)
[17.977s][info ][gc,heap        ] GC(2811) Tenured: 24253K->24644K(43712K)
[17.977s][info ][gc,metaspace   ] GC(2811) Metaspace: 16404K->16404K(1064960K)
[17.977s][info ][gc             ] GC(2811) Pause Young (Allocation Failure) 42M->25M(61M) 0.568ms
[17.977s][info ][gc,cpu         ] GC(2811) User=0.00s Sys=0.00s Real=0.00s
[17.978s][info ][gc,start       ] GC(2812) Pause Young (Allocation Failure)
[17.978s][debug][gc,age         ] GC(2812) Desired survivor size 1114112 bytes, new threshold 1 (max threshold 15)
[17.978s][info ][gc,heap        ] GC(2812) DefNew: 19138K->1564K(19648K)
[17.978s][info ][gc,heap        ] GC(2812) Tenured: 24644K->24644K(43712K)
[17.978s][info ][gc,metaspace   ] GC(2812) Metaspace: 16404K->16404K(1064960K)
[17.978s][info ][gc             ] GC(2812) Pause Young (Allocation Failure) 42M->25M(61M) 0.491ms
[17.978s][info ][gc,cpu         ] GC(2812) User=0.00s Sys=0.00s Real=0.00s
[17.980s][info ][gc,start       ] GC(2813) Pause Young (Allocation Failure)
[17.980s][debug][gc,age         ] GC(2813) Desired survivor size 1114112 bytes, new threshold 1 (max threshold 15)
[17.980s][info ][gc,heap        ] GC(2813) DefNew: 18732K->1955K(19648K)
[17.980s][info ][gc,heap        ] GC(2813) Tenured: 24644K->25426K(43712K)
[17.980s][info ][gc,metaspace   ] GC(2813) Metaspace: 16404K->16404K(1064960K)
[17.980s][info ][gc             ] GC(2813) Pause Young (Allocation Failure) 42M->26M(61M) 0.608ms
[17.980s][info ][gc,cpu         ] GC(2813) User=0.00s Sys=0.00s Real=0.00s
[17.982s][info ][gc,start       ] GC(2814) Pause Young (Allocation Failure)
[17.983s][debug][gc,age         ] GC(2814) Desired survivor size 1114112 bytes, new threshold 1 (max threshold 15)
[17.983s][info ][gc,heap        ] GC(2814) DefNew: 19113K->1955K(19648K)
[17.983s][info ][gc,heap        ] GC(2814) Tenured: 25426K->25426K(43712K)
[17.983s][info ][gc,metaspace   ] GC(2814) Metaspace: 16404K->16404K(1064960K)
[17.983s][info ][gc             ] GC(2814) Pause Young (Allocation Failure) 43M->26M(61M) 0.745ms
[17.983s][info ][gc,cpu         ] GC(2814) User=0.00s Sys=0.00s Real=0.00s
[17.984s][info ][gc,start       ] GC(2815) Pause Young (Allocation Failure)
[17.985s][debug][gc,age         ] GC(2815) Desired survivor size 1114112 bytes, new threshold 1 (max threshold 15)
[17.985s][info ][gc,heap        ] GC(2815) DefNew: 19107K->1955K(19648K)
[17.985s][info ][gc,heap        ] GC(2815) Tenured: 25426K->25817K(43712K)
[17.985s][info ][gc,metaspace   ] GC(2815) Metaspace: 16404K->16404K(1064960K)
[17.985s][info ][gc             ] GC(2815) Pause Young (Allocation Failure) 43M->27M(61M) 0.746ms
[17.985s][info ][gc,cpu         ] GC(2815) User=0.00s Sys=0.00s Real=0.00s
[17.986s][info ][gc,start       ] GC(2816) Pause Young (Allocation Failure)
[17.987s][debug][gc,age         ] GC(2816) Desired survivor size 1114112 bytes, new threshold 1 (max threshold 15)
[17.987s][info ][gc,heap        ] GC(2816) DefNew: 19404K->1954K(19648K)
[17.987s][info ][gc,heap        ] GC(2816) Tenured: 25817K->26208K(43712K)
[17.987s][info ][gc,metaspace   ] GC(2816) Metaspace: 16404K->16404K(1064960K)
[17.987s][info ][gc             ] GC(2816) Pause Young (Allocation Failure) 44M->27M(61M) 0.597ms
[17.987s][info ][gc,cpu         ] GC(2816) User=0.00s Sys=0.00s Real=0.00s
[17.988s][info ][gc,start       ] GC(2817) Pause Young (Allocation Failure)
[17.989s][debug][gc,age         ] GC(2817) Desired survivor size 1114112 bytes, new threshold 1 (max threshold 15)
[17.989s][info ][gc,heap        ] GC(2817) DefNew: 19131K->1955K(19648K)
[17.989s][info ][gc,heap        ] GC(2817) Tenured: 26208K->26599K(43712K)
[17.989s][info ][gc,metaspace   ] GC(2817) Metaspace: 16404K->16404K(1064960K)
[17.989s][info ][gc             ] GC(2817) Pause Young (Allocation Failure) 44M->27M(61M) 0.737ms
[17.989s][info ][gc,cpu         ] GC(2817) User=0.00s Sys=0.00s Real=0.00s
[17.990s][info ][gc,start       ] GC(2818) Pause Young (Allocation Failure)
[17.991s][debug][gc,age         ] GC(2818) Desired survivor size 1114112 bytes, new threshold 1 (max threshold 15)
[17.991s][info ][gc,heap        ] GC(2818) DefNew: 19119K->1564K(19648K)
[17.991s][info ][gc,heap        ] GC(2818) Tenured: 26599K->26599K(43712K)
[17.991s][info ][gc,metaspace   ] GC(2818) Metaspace: 16404K->16404K(1064960K)
[17.991s][info ][gc             ] GC(2818) Pause Young (Allocation Failure) 44M->27M(61M) 0.519ms
[17.991s][info ][gc,cpu         ] GC(2818) User=0.00s Sys=0.00s Real=0.00s
[17.992s][info ][gc,start       ] GC(2819) Pause Young (Allocation Failure)
[17.993s][debug][gc,age         ] GC(2819) Desired survivor size 1114112 bytes, new threshold 1 (max threshold 15)
[17.993s][info ][gc,heap        ] GC(2819) DefNew: 18720K->1955K(19648K)
[17.993s][info ][gc,heap        ] GC(2819) Tenured: 26599K->27771K(43712K)
[17.993s][info ][gc,metaspace   ] GC(2819) Metaspace: 16404K->16404K(1064960K)
[17.993s][info ][gc             ] GC(2819) Pause Young (Allocation Failure) 44M->29M(61M) 0.643ms
[17.993s][info ][gc,cpu         ] GC(2819) User=0.00s Sys=0.00s Real=0.00s
[17.994s][info ][gc,start       ] GC(2820) Pause Young (Allocation Failure)
[17.995s][debug][gc,age         ] GC(2820) Desired survivor size 1114112 bytes, new threshold 1 (max threshold 15)
[17.995s][info ][gc,heap        ] GC(2820) DefNew: 19427K->1564K(19648K)
[17.995s][info ][gc,heap        ] GC(2820) Tenured: 27771K->27771K(43712K)
[17.995s][info ][gc,metaspace   ] GC(2820) Metaspace: 16404K->16404K(1064960K)
[17.995s][info ][gc             ] GC(2820) Pause Young (Allocation Failure) 46M->28M(61M) 0.569ms
[17.995s][info ][gc,cpu         ] GC(2820) User=0.00s Sys=0.00s Real=0.00s
[17.996s][info ][gc,start       ] GC(2821) Pause Young (Allocation Failure)
[17.997s][debug][gc,age         ] GC(2821) Desired survivor size 1114112 bytes, new threshold 1 (max threshold 15)
[17.997s][info ][gc,heap        ] GC(2821) DefNew: 19021K->1955K(19648K)
[17.997s][info ][gc,heap        ] GC(2821) Tenured: 27771K->28944K(43712K)
[17.997s][info ][gc,metaspace   ] GC(2821) Metaspace: 16404K->16404K(1064960K)
[17.997s][info ][gc             ] GC(2821) Pause Young (Allocation Failure) 45M->30M(61M) 0.653ms
[17.997s][info ][gc,cpu         ] GC(2821) User=0.00s Sys=0.00s Real=0.00s
[17.998s][info ][gc,start       ] GC(2822) Pause Young (Allocation Failure)
[17.999s][debug][gc,age         ] GC(2822) Desired survivor size 1114112 bytes, new threshold 1 (max threshold 15)
[17.999s][info ][gc,heap        ] GC(2822) DefNew: 19427K->1954K(19648K)
[17.999s][info ][gc,heap        ] GC(2822) Tenured: 28944K->30116K(43712K)
[17.999s][info ][gc,metaspace   ] GC(2822) Metaspace: 16404K->16404K(1064960K)
[17.999s][info ][gc             ] GC(2822) Pause Young (Allocation Failure) 47M->31M(61M) 0.834ms
[17.999s][info ][gc,cpu         ] GC(2822) User=0.00s Sys=0.00s Real=0.00s
[18.000s][info ][gc,start       ] GC(2823) Pause Young (Allocation Failure)
[18.001s][debug][gc,age         ] GC(2823) Desired survivor size 1114112 bytes, new threshold 1 (max threshold 15)
[18.001s][info ][gc,heap        ] GC(2823) DefNew: 19153K->1955K(19648K)
[18.001s][info ][gc,heap        ] GC(2823) Tenured: 30116K->30898K(43712K)
[18.001s][info ][gc,metaspace   ] GC(2823) Metaspace: 16404K->16404K(1064960K)
[18.001s][info ][gc             ] GC(2823) Pause Young (Allocation Failure) 48M->32M(61M) 0.710ms
[18.001s][info ][gc,cpu         ] GC(2823) User=0.00s Sys=0.00s Real=0.00s
[18.002s][info ][gc,start       ] GC(2824) Pause Young (Allocation Failure)
[18.003s][debug][gc,age         ] GC(2824) Desired survivor size 1114112 bytes, new threshold 1 (max threshold 15)
[18.003s][info ][gc,heap        ] GC(2824) DefNew: 19133K->1955K(19648K)
[18.003s][info ][gc,heap        ] GC(2824) Tenured: 30898K->31679K(43712K)
[18.003s][info ][gc,metaspace   ] GC(2824) Metaspace: 16404K->16404K(1064960K)
[18.003s][info ][gc             ] GC(2824) Pause Young (Allocation Failure) 48M->32M(61M) 0.608ms
[18.003s][info ][gc,cpu         ] GC(2824) User=0.00s Sys=0.00s Real=0.00s
[18.005s][info ][gc,start       ] GC(2825) Pause Young (Allocation Failure)
[18.005s][debug][gc,age         ] GC(2825) Desired survivor size 1114112 bytes, new threshold 1 (max threshold 15)
[18.005s][info ][gc,heap        ] GC(2825) DefNew: 19120K->1955K(19648K)
[18.005s][info ][gc,heap        ] GC(2825) Tenured: 31679K->32070K(43712K)
[18.005s][info ][gc,metaspace   ] GC(2825) Metaspace: 16404K->16404K(1064960K)
[18.005s][info ][gc             ] GC(2825) Pause Young (Allocation Failure) 49M->33M(61M) 0.631ms
[18.005s][info ][gc,cpu         ] GC(2825) User=0.00s Sys=0.00s Real=0.00s
[18.006s][info ][gc,start       ] GC(2826) Pause Young (Allocation Failure)
[18.007s][debug][gc,age         ] GC(2826) Desired survivor size 1114112 bytes, new threshold 15 (max threshold 15)
[18.007s][info ][gc,heap        ] GC(2826) DefNew: 19311K->782K(19648K)
[18.007s][info ][gc,heap        ] GC(2826) Tenured: 32070K->32852K(43712K)
[18.007s][info ][gc,metaspace   ] GC(2826) Metaspace: 16404K->16404K(1064960K)
[18.007s][info ][gc             ] GC(2826) Pause Young (Allocation Failure) 50M->32M(61M) 0.559ms
[18.007s][info ][gc,cpu         ] GC(2826) User=0.00s Sys=0.00s Real=0.00s
[18.008s][info ][gc,start       ] GC(2827) Pause Young (Allocation Failure)
[18.009s][debug][gc,age         ] GC(2827) Desired survivor size 1114112 bytes, new threshold 1 (max threshold 15)
[18.009s][info ][gc,heap        ] GC(2827) DefNew: 17942K->1955K(19648K)
[18.009s][info ][gc,heap        ] GC(2827) Tenured: 32852K->33243K(43712K)
[18.009s][info ][gc,metaspace   ] GC(2827) Metaspace: 16404K->16404K(1064960K)
[18.009s][info ][gc             ] GC(2827) Pause Young (Allocation Failure) 49M->34M(61M) 0.665ms
[18.009s][info ][gc,cpu         ] GC(2827) User=0.00s Sys=0.00s Real=0.00s
[18.010s][info ][gc,start       ] GC(2828) Pause Young (Allocation Failure)
[18.011s][debug][gc,age         ] GC(2828) Desired survivor size 1114112 bytes, new threshold 1 (max threshold 15)
[18.011s][info ][gc,heap        ] GC(2828) DefNew: 19167K->1955K(19648K)
[18.011s][info ][gc,heap        ] GC(2828) Tenured: 33243K->33634K(43712K)
[18.011s][info ][gc,metaspace   ] GC(2828) Metaspace: 16404K->16404K(1064960K)
[18.011s][info ][gc             ] GC(2828) Pause Young (Allocation Failure) 51M->34M(61M) 0.712ms
[18.011s][info ][gc,cpu         ] GC(2828) User=0.00s Sys=0.00s Real=0.00s
[18.012s][info ][gc,start       ] GC(2829) Pause Young (Allocation Failure)
[18.013s][debug][gc,age         ] GC(2829) Desired survivor size 1114112 bytes, new threshold 1 (max threshold 15)
[18.013s][info ][gc,heap        ] GC(2829) DefNew: 19427K->1564K(19648K)
[18.013s][info ][gc,heap        ] GC(2829) Tenured: 33634K->34807K(43712K)
[18.013s][info ][gc,metaspace   ] GC(2829) Metaspace: 16404K->16404K(1064960K)
[18.013s][info ][gc             ] GC(2829) Pause Young (Allocation Failure) 51M->35M(61M) 0.760ms
[18.013s][info ][gc,cpu         ] GC(2829) User=0.00s Sys=0.00s Real=0.00s
[18.015s][info ][gc,start       ] GC(2830) Pause Young (Allocation Failure)
[18.015s][debug][gc,age         ] GC(2830) Desired survivor size 1114112 bytes, new threshold 1 (max threshold 15)
[18.015s][info ][gc,heap        ] GC(2830) DefNew: 18768K->1954K(19648K)
[18.015s][info ][gc,heap        ] GC(2830) Tenured: 34807K->36370K(43712K)
[18.015s][info ][gc,metaspace   ] GC(2830) Metaspace: 16404K->16404K(1064960K)
[18.015s][info ][gc             ] GC(2830) Pause Young (Allocation Failure) 52M->37M(61M) 0.902ms
[18.015s][info ][gc,cpu         ] GC(2830) User=0.00s Sys=0.00s Real=0.00s
[18.017s][info ][gc,start       ] GC(2831) Pause Young (Allocation Failure)
[18.017s][debug][gc,age         ] GC(2831) Desired survivor size 1114112 bytes, new threshold 1 (max threshold 15)
[18.017s][info ][gc,heap        ] GC(2831) DefNew: 19136K->1564K(19648K)
[18.017s][info ][gc,heap        ] GC(2831) Tenured: 36370K->36370K(43712K)
[18.017s][info ][gc,metaspace   ] GC(2831) Metaspace: 16404K->16404K(1064960K)
[18.017s][info ][gc             ] GC(2831) Pause Young (Allocation Failure) 54M->37M(61M) 0.613ms
[18.017s][info ][gc,cpu         ] GC(2831) User=0.00s Sys=0.00s Real=0.00s
[18.019s][info ][gc,start       ] GC(2832) Pause Young (Allocation Failure)
[18.019s][debug][gc,age         ] GC(2832) Desired survivor size 1114112 bytes, new threshold 1 (max threshold 15)
[18.020s][info ][gc,heap        ] GC(2832) DefNew: 18731K->1955K(19648K)
[18.020s][info ][gc,heap        ] GC(2832) Tenured: 36370K->37542K(43712K)
[18.020s][info ][gc,metaspace   ] GC(2832) Metaspace: 16404K->16404K(1064960K)
[18.020s][info ][gc             ] GC(2832) Pause Young (Allocation Failure) 53M->38M(61M) 0.819ms
[18.020s][info ][gc,cpu         ] GC(2832) User=0.00s Sys=0.00s Real=0.01s
[18.021s][info ][gc,start       ] GC(2833) Pause Young (Allocation Failure)
[18.021s][debug][gc,age         ] GC(2833) Desired survivor size 1114112 bytes, new threshold 1 (max threshold 15)
[18.021s][info ][gc,heap        ] GC(2833) DefNew: 19112K->1173K(19648K)
[18.021s][info ][gc,heap        ] GC(2833) Tenured: 37542K->37933K(43712K)
[18.021s][info ][gc,metaspace   ] GC(2833) Metaspace: 16404K->16404K(1064960K)
[18.022s][info ][gc             ] GC(2833) Pause Young (Allocation Failure) 55M->38M(61M) 0.548ms
[18.022s][info ][gc,cpu         ] GC(2833) User=0.00s Sys=0.00s Real=0.00s
[18.023s][info ][gc,start       ] GC(2834) Pause Young (Allocation Failure)
[18.023s][debug][gc,age         ] GC(2834) Desired survivor size 1114112 bytes, new threshold 1 (max threshold 15)
[18.023s][info ][gc,heap        ] GC(2834) DefNew: 18325K->1955K(19648K)
[18.023s][info ][gc,heap        ] GC(2834) Tenured: 37933K->37933K(43712K)
[18.023s][info ][gc,metaspace   ] GC(2834) Metaspace: 16404K->16404K(1064960K)
[18.023s][info ][gc             ] GC(2834) Pause Young (Allocation Failure) 54M->38M(61M) 0.611ms
[18.023s][info ][gc,cpu         ] GC(2834) User=0.00s Sys=0.00s Real=0.00s
[18.025s][info ][gc,start       ] GC(2835) Pause Young (Allocation Failure)
[18.025s][debug][gc,age         ] GC(2835) Desired survivor size 1114112 bytes, new threshold 1 (max threshold 15)
[18.025s][info ][gc,heap        ] GC(2835) DefNew: 19427K->1955K(19648K)
[18.025s][info ][gc,heap        ] GC(2835) Tenured: 37933K->38324K(43712K)
[18.025s][info ][gc,metaspace   ] GC(2835) Metaspace: 16404K->16404K(1064960K)
[18.025s][info ][gc             ] GC(2835) Pause Young (Allocation Failure) 56M->39M(61M) 0.625ms
[18.025s][info ][gc,cpu         ] GC(2835) User=0.00s Sys=0.00s Real=0.00s
[18.027s][info ][gc,start       ] GC(2836) Pause Young (Allocation Failure)
[18.027s][debug][gc,age         ] GC(2836) Desired survivor size 1114112 bytes, new threshold 1 (max threshold 15)
[18.027s][info ][gc,heap        ] GC(2836) DefNew: 19362K->1564K(19648K)
[18.027s][info ][gc,heap        ] GC(2836) Tenured: 38324K->39106K(43712K)
[18.027s][info ][gc,metaspace   ] GC(2836) Metaspace: 16404K->16404K(1064960K)
[18.027s][info ][gc             ] GC(2836) Pause Young (Allocation Failure) 56M->39M(61M) 0.597ms
[18.027s][info ][gc,cpu         ] GC(2836) User=0.00s Sys=0.00s Real=0.00s
[18.029s][info ][gc,start       ] GC(2837) Pause Young (Allocation Failure)
[18.029s][debug][gc,age         ] GC(2837) Desired survivor size 1114112 bytes, new threshold 1 (max threshold 15)
[18.029s][info ][gc,heap        ] GC(2837) DefNew: 18771K->1955K(19648K)
[18.029s][info ][gc,heap        ] GC(2837) Tenured: 39106K->39107K(43712K)
[18.029s][info ][gc,metaspace   ] GC(2837) Metaspace: 16404K->16404K(1064960K)
[18.029s][info ][gc             ] GC(2837) Pause Young (Allocation Failure) 56M->40M(61M) 0.509ms
[18.029s][info ][gc,cpu         ] GC(2837) User=0.00s Sys=0.00s Real=0.00s
[18.030s][info ][gc,start       ] GC(2838) Pause Young (Allocation Failure)
[18.031s][debug][gc,age         ] GC(2838) Desired survivor size 1114112 bytes, new threshold 1 (max threshold 15)
[18.031s][info ][gc,heap        ] GC(2838) DefNew: 19037K->1955K(19648K)
[18.031s][info ][gc,heap        ] GC(2838) Tenured: 39107K->39498K(43712K)
[18.031s][info ][gc,metaspace   ] GC(2838) Metaspace: 16404K->16404K(1064960K)
[18.031s][info ][gc             ] GC(2838) Pause Young (Allocation Failure) 56M->40M(61M) 0.577ms
[18.031s][info ][gc,cpu         ] GC(2838) User=0.00s Sys=0.00s Real=0.00s
[18.032s][info ][gc,start       ] GC(2839) Pause Young (Allocation Failure)
[18.033s][debug][gc,age         ] GC(2839) Desired survivor size 1114112 bytes, new threshold 1 (max threshold 15)
[18.033s][info ][gc,heap        ] GC(2839) DefNew: 19159K->1955K(19648K)
[18.033s][info ][gc,heap        ] GC(2839) Tenured: 39498K->39498K(43712K)
[18.033s][info ][gc,metaspace   ] GC(2839) Metaspace: 16404K->16404K(1064960K)
[18.033s][info ][gc             ] GC(2839) Pause Young (Allocation Failure) 57M->40M(61M) 0.645ms
[18.033s][info ][gc,cpu         ] GC(2839) User=0.00s Sys=0.00s Real=0.00s
[18.034s][info ][gc,start       ] GC(2840) Pause Young (Allocation Failure)
[18.035s][debug][gc,age         ] GC(2840) Desired survivor size 1114112 bytes, new threshold 1 (max threshold 15)
[18.035s][info ][gc,heap        ] GC(2840) DefNew: 19136K->1955K(19648K)
[18.035s][info ][gc,heap        ] GC(2840) Tenured: 39498K->40280K(43712K)
[18.035s][info ][gc,metaspace   ] GC(2840) Metaspace: 16404K->16404K(1064960K)
[18.035s][info ][gc             ] GC(2840) Pause Young (Allocation Failure) 57M->41M(61M) 0.669ms
[18.035s][info ][gc,cpu         ] GC(2840) User=0.00s Sys=0.00s Real=0.00s
[18.036s][info ][gc,start       ] GC(2841) Pause Young (Allocation Failure)
[18.037s][debug][gc,age         ] GC(2841) Desired survivor size 1114112 bytes, new threshold 1 (max threshold 15)
[18.037s][info ][gc,heap        ] GC(2841) DefNew: 19122K->1955K(19648K)
[18.037s][info ][gc,heap        ] GC(2841) Tenured: 40280K->40671K(43712K)
[18.037s][info ][gc,metaspace   ] GC(2841) Metaspace: 16404K->16404K(1064960K)
[18.037s][info ][gc             ] GC(2841) Pause Young (Allocation Failure) 58M->41M(61M) 0.574ms
[18.037s][info ][gc,cpu         ] GC(2841) User=0.00s Sys=0.00s Real=0.00s
[18.038s][info ][gc,start       ] GC(2842) Pause Young (Allocation Failure)
[18.039s][debug][gc,age         ] GC(2842) Desired survivor size 1114112 bytes, new threshold 1 (max threshold 15)
[18.039s][info ][gc,heap        ] GC(2842) DefNew: 19112K->1955K(19648K)
[18.039s][info ][gc,heap        ] GC(2842) Tenured: 40671K->41061K(43712K)
[18.039s][info ][gc,metaspace   ] GC(2842) Metaspace: 16404K->16404K(1064960K)
[18.039s][info ][gc             ] GC(2842) Pause Young (Allocation Failure) 58M->42M(61M) 0.628ms
[18.039s][info ][gc,cpu         ] GC(2842) User=0.00s Sys=0.00s Real=0.00s
[18.040s][info ][gc,start       ] GC(2843) Pause Young (Allocation Failure)
[18.041s][debug][gc,age         ] GC(2843) Desired survivor size 1114112 bytes, new threshold 1 (max threshold 15)
[18.041s][info ][gc,heap        ] GC(2843) DefNew: 19411K->1954K(19648K)
[18.041s][info ][gc,heap        ] GC(2843) Tenured: 41061K->41453K(43712K)
[18.041s][info ][gc,metaspace   ] GC(2843) Metaspace: 16404K->16404K(1064960K)
[18.041s][info ][gc             ] GC(2843) Pause Young (Allocation Failure) 59M->42M(61M) 0.607ms
[18.041s][info ][gc,cpu         ] GC(2843) User=0.00s Sys=0.00s Real=0.00s
[18.042s][info ][gc,start       ] GC(2844) Pause Young (Allocation Failure)
[18.043s][debug][gc,age         ] GC(2844) Desired survivor size 1114112 bytes, new threshold 1 (max threshold 15)
[18.043s][info ][gc,heap        ] GC(2844) DefNew: 19369K->1173K(19648K)
[18.043s][info ][gc,heap        ] GC(2844) Tenured: 41453K->41844K(43712K)
[18.043s][info ][gc,metaspace   ] GC(2844) Metaspace: 16404K->16404K(1064960K)
[18.043s][info ][gc             ] GC(2844) Pause Young (Allocation Failure) 59M->42M(61M) 0.645ms
[18.043s][info ][gc,cpu         ] GC(2844) User=0.00s Sys=0.00s Real=0.00s
[18.044s][info ][gc,start       ] GC(2845) Pause Young (Allocation Failure)
[18.045s][debug][gc,age         ] GC(2845) Desired survivor size 1114112 bytes, new threshold 1 (max threshold 15)
[18.045s][info ][gc,heap        ] GC(2845) DefNew: 18393K->1955K(19648K)
[18.045s][info ][gc,heap        ] GC(2845) Tenured: 41844K->43016K(43712K)
[18.045s][info ][gc,metaspace   ] GC(2845) Metaspace: 16404K->16404K(1064960K)
[18.045s][info ][gc             ] GC(2845) Pause Young (Allocation Failure) 58M->43M(61M) 0.708ms
[18.045s][info ][gc,cpu         ] GC(2845) User=0.00s Sys=0.00s Real=0.00s
[18.046s][info ][gc,start       ] GC(2846) Pause Young (Allocation Failure)
[18.046s][info ][gc,start       ] GC(2847) Pause Full (Allocation Failure)
[18.046s][info ][gc,phases,start] GC(2847) Phase 1: Mark live objects
[18.050s][debug][gc,phases      ] GC(2847) Reference Processing 0.052ms
[18.050s][debug][gc,phases      ] GC(2847) Weak Processing 0.017ms
[18.050s][debug][gc,phases      ] GC(2847) ClassLoaderData 0.036ms
[18.050s][debug][gc,phases      ] GC(2847) ProtectionDomainCacheTable 0.002ms
[18.050s][debug][gc,phases      ] GC(2847) ResolvedMethodTable 0.035ms
[18.051s][debug][gc,phases      ] GC(2847) Class Unloading 0.948ms
[18.051s][debug][gc,phases      ] GC(2847) Scrub String Table 0.060ms
[18.052s][debug][gc,phases      ] GC(2847) Scrub Symbol Table 0.988ms
[18.052s][info ][gc,phases      ] GC(2847) Phase 1: Mark live objects 5.462ms
[18.052s][info ][gc,phases,start] GC(2847) Phase 2: Compute new object addresses
[18.053s][info ][gc,phases      ] GC(2847) Phase 2: Compute new object addresses 0.939ms
[18.053s][info ][gc,phases,start] GC(2847) Phase 3: Adjust pointers
[18.057s][info ][gc,phases      ] GC(2847) Phase 3: Adjust pointers 3.811ms
[18.057s][info ][gc,phases,start] GC(2847) Phase 4: Move objects
[18.057s][info ][gc,phases      ] GC(2847) Phase 4: Move objects 0.348ms
[18.057s][info ][gc             ] GC(2847) Pause Full (Allocation Failure) 60M->6M(61M) 10.849ms
[18.057s][info ][gc,heap        ] GC(2846) DefNew: 19147K->0K(19648K)
[18.057s][info ][gc,heap        ] GC(2846) Tenured: 43016K->6271K(43712K)
[18.057s][info ][gc,metaspace   ] GC(2846) Metaspace: 16404K->16404K(1064960K)
[18.057s][info ][gc             ] GC(2846) Pause Young (Allocation Failure) 60M->6M(61M) 10.973ms
[18.057s][info ][gc,cpu         ] GC(2846) User=0.01s Sys=0.00s Real=0.01s
[18.058s][info ][gc,start       ] GC(2848) Pause Young (Allocation Failure)
[18.059s][debug][gc,age         ] GC(2848) Desired survivor size 1114112 bytes, new threshold 1 (max threshold 15)
[18.059s][info ][gc,heap        ] GC(2848) DefNew: 17472K->1955K(19648K)
[18.059s][info ][gc,heap        ] GC(2848) Tenured: 6271K->6271K(43712K)
[18.059s][info ][gc,metaspace   ] GC(2848) Metaspace: 16404K->16404K(1064960K)
[18.059s][info ][gc             ] GC(2848) Pause Young (Allocation Failure) 23M->8M(61M) 0.731ms
[18.059s][info ][gc,cpu         ] GC(2848) User=0.00s Sys=0.00s Real=0.00s
[18.061s][info ][gc,start       ] GC(2849) Pause Young (Allocation Failure)
[18.061s][debug][gc,age         ] GC(2849) Desired survivor size 1114112 bytes, new threshold 1 (max threshold 15)
[18.061s][info ][gc,heap        ] GC(2849) DefNew: 19133K->1955K(19648K)
[18.061s][info ][gc,heap        ] GC(2849) Tenured: 6271K->7053K(43712K)
[18.061s][info ][gc,metaspace   ] GC(2849) Metaspace: 16404K->16404K(1064960K)
[18.061s][info ][gc             ] GC(2849) Pause Young (Allocation Failure) 24M->8M(61M) 0.753ms
[18.061s][info ][gc,cpu         ] GC(2849) User=0.00s Sys=0.00s Real=0.00s
[18.063s][info ][gc,start       ] GC(2850) Pause Young (Allocation Failure)
[18.063s][debug][gc,age         ] GC(2850) Desired survivor size 1114112 bytes, new threshold 1 (max threshold 15)
[18.063s][info ][gc,heap        ] GC(2850) DefNew: 19120K->1564K(19648K)
[18.063s][info ][gc,heap        ] GC(2850) Tenured: 7053K->7053K(43712K)
[18.063s][info ][gc,metaspace   ] GC(2850) Metaspace: 16404K->16404K(1064960K)
[18.063s][info ][gc             ] GC(2850) Pause Young (Allocation Failure) 25M->8M(61M) 0.540ms
[18.063s][info ][gc,cpu         ] GC(2850) User=0.00s Sys=0.00s Real=0.00s
[18.065s][info ][gc,start       ] GC(2851) Pause Young (Allocation Failure)
[18.066s][debug][gc,age         ] GC(2851) Desired survivor size 1114112 bytes, new threshold 1 (max threshold 15)
[18.066s][info ][gc,heap        ] GC(2851) DefNew: 18701K->1954K(19648K)
[18.066s][info ][gc,heap        ] GC(2851) Tenured: 7053K->7444K(43712K)
[18.066s][info ][gc,metaspace   ] GC(2851) Metaspace: 16404K->16404K(1064960K)
[18.066s][info ][gc             ] GC(2851) Pause Young (Allocation Failure) 25M->9M(61M) 0.725ms
[18.066s][info ][gc,cpu         ] GC(2851) User=0.00s Sys=0.00s Real=0.00s
[18.067s][info ][gc,start       ] GC(2852) Pause Young (Allocation Failure)
[18.067s][debug][gc,age         ] GC(2852) Desired survivor size 1114112 bytes, new threshold 1 (max threshold 15)
[18.067s][info ][gc,heap        ] GC(2852) DefNew: 19062K->1564K(19648K)
[18.067s][info ][gc,heap        ] GC(2852) Tenured: 7444K->7835K(43712K)
[18.067s][info ][gc,metaspace   ] GC(2852) Metaspace: 16404K->16404K(1064960K)
[18.068s][info ][gc             ] GC(2852) Pause Young (Allocation Failure) 25M->9M(61M) 0.586ms
[18.068s][info ][gc,cpu         ] GC(2852) User=0.00s Sys=0.00s Real=0.00s
[18.069s][info ][gc,start       ] GC(2853) Pause Young (Allocation Failure)
[18.070s][debug][gc,age         ] GC(2853) Desired survivor size 1114112 bytes, new threshold 1 (max threshold 15)
[18.070s][info ][gc,heap        ] GC(2853) DefNew: 18733K->1955K(19648K)
[18.070s][info ][gc,heap        ] GC(2853) Tenured: 7835K->8617K(43712K)
[18.070s][info ][gc,metaspace   ] GC(2853) Metaspace: 16404K->16404K(1064960K)
[18.070s][info ][gc             ] GC(2853) Pause Young (Allocation Failure) 25M->10M(61M) 0.606ms
[18.070s][info ][gc,cpu         ] GC(2853) User=0.00s Sys=0.00s Real=0.01s
[18.071s][info ][gc,start       ] GC(2854) Pause Young (Allocation Failure)
[18.071s][debug][gc,age         ] GC(2854) Desired survivor size 1114112 bytes, new threshold 1 (max threshold 15)
[18.071s][info ][gc,heap        ] GC(2854) DefNew: 19114K->1564K(19648K)
[18.071s][info ][gc,heap        ] GC(2854) Tenured: 8617K->8617K(43712K)
[18.071s][info ][gc,metaspace   ] GC(2854) Metaspace: 16404K->16404K(1064960K)
[18.072s][info ][gc             ] GC(2854) Pause Young (Allocation Failure) 27M->9M(61M) 0.559ms
[18.072s][info ][gc,cpu         ] GC(2854) User=0.00s Sys=0.00s Real=0.00s
[18.073s][info ][gc,start       ] GC(2855) Pause Young (Allocation Failure)
[18.073s][debug][gc,age         ] GC(2855) Desired survivor size 1114112 bytes, new threshold 1 (max threshold 15)
[18.073s][info ][gc,heap        ] GC(2855) DefNew: 18690K->1173K(19648K)
[18.073s][info ][gc,heap        ] GC(2855) Tenured: 8617K->8617K(43712K)
[18.073s][info ][gc,metaspace   ] GC(2855) Metaspace: 16404K->16404K(1064960K)
[18.073s][info ][gc             ] GC(2855) Pause Young (Allocation Failure) 26M->9M(61M) 0.570ms
[18.073s][info ][gc,cpu         ] GC(2855) User=0.00s Sys=0.00s Real=0.00s
[18.075s][info ][gc,start       ] GC(2856) Pause Young (Allocation Failure)
[18.076s][debug][gc,age         ] GC(2856) Desired survivor size 1114112 bytes, new threshold 1 (max threshold 15)
[18.076s][info ][gc,heap        ] GC(2856) DefNew: 18573K->1563K(19648K)
[18.076s][info ][gc,heap        ] GC(2856) Tenured: 8617K->8618K(43712K)
[18.076s][info ][gc,metaspace   ] GC(2856) Metaspace: 16404K->16404K(1064960K)
[18.076s][info ][gc             ] GC(2856) Pause Young (Allocation Failure) 26M->9M(61M) 0.624ms
[18.076s][info ][gc,cpu         ] GC(2856) User=0.00s Sys=0.00s Real=0.00s
[18.077s][info ][gc,start       ] GC(2857) Pause Young (Allocation Failure)
[18.077s][debug][gc,age         ] GC(2857) Desired survivor size 1114112 bytes, new threshold 1 (max threshold 15)
[18.077s][info ][gc,heap        ] GC(2857) DefNew: 18706K->1564K(19648K)
[18.077s][info ][gc,heap        ] GC(2857) Tenured: 8618K->8619K(43712K)
[18.077s][info ][gc,metaspace   ] GC(2857) Metaspace: 16404K->16404K(1064960K)
[18.077s][info ][gc             ] GC(2857) Pause Young (Allocation Failure) 26M->9M(61M) 0.486ms
[18.077s][info ][gc,cpu         ] GC(2857) User=0.00s Sys=0.00s Real=0.00s
[18.079s][info ][gc,start       ] GC(2858) Pause Young (Allocation Failure)
[18.079s][debug][gc,age         ] GC(2858) Desired survivor size 1114112 bytes, new threshold 1 (max threshold 15)
[18.079s][info ][gc,heap        ] GC(2858) DefNew: 18680K->1564K(19648K)
[18.079s][info ][gc,heap        ] GC(2858) Tenured: 8619K->9401K(43712K)
[18.079s][info ][gc,metaspace   ] GC(2858) Metaspace: 16404K->16404K(1064960K)
[18.079s][info ][gc             ] GC(2858) Pause Young (Allocation Failure) 26M->10M(61M) 0.581ms
[18.079s][info ][gc,cpu         ] GC(2858) User=0.00s Sys=0.00s Real=0.01s
[18.081s][info ][gc,start       ] GC(2859) Pause Young (Allocation Failure)
[18.081s][debug][gc,age         ] GC(2859) Desired survivor size 1114112 bytes, new threshold 1 (max threshold 15)
[18.081s][info ][gc,heap        ] GC(2859) DefNew: 18776K->1955K(19648K)
[18.081s][info ][gc,heap        ] GC(2859) Tenured: 9401K->9401K(43712K)
[18.081s][info ][gc,metaspace   ] GC(2859) Metaspace: 16404K->16404K(1064960K)
[18.081s][info ][gc             ] GC(2859) Pause Young (Allocation Failure) 27M->11M(61M) 0.762ms
[18.081s][info ][gc,cpu         ] GC(2859) User=0.00s Sys=0.00s Real=0.00s
[18.083s][info ][gc,start       ] GC(2860) Pause Young (Allocation Failure)
[18.083s][debug][gc,age         ] GC(2860) Desired survivor size 1114112 bytes, new threshold 1 (max threshold 15)
[18.083s][info ][gc,heap        ] GC(2860) DefNew: 19142K->1955K(19648K)
[18.083s][info ][gc,heap        ] GC(2860) Tenured: 9401K->9792K(43712K)
[18.083s][info ][gc,metaspace   ] GC(2860) Metaspace: 16404K->16404K(1064960K)
[18.083s][info ][gc             ] GC(2860) Pause Young (Allocation Failure) 27M->11M(61M) 0.732ms
[18.083s][info ][gc,cpu         ] GC(2860) User=0.01s Sys=0.00s Real=0.00s
[18.085s][info ][gc,start       ] GC(2861) Pause Young (Allocation Failure)
[18.085s][debug][gc,age         ] GC(2861) Desired survivor size 1114112 bytes, new threshold 1 (max threshold 15)
[18.085s][info ][gc,heap        ] GC(2861) DefNew: 19125K->1955K(19648K)
[18.085s][info ][gc,heap        ] GC(2861) Tenured: 9792K->10573K(43712K)
[18.085s][info ][gc,metaspace   ] GC(2861) Metaspace: 16404K->16404K(1064960K)
[18.085s][info ][gc             ] GC(2861) Pause Young (Allocation Failure) 28M->12M(61M) 0.744ms
[18.085s][info ][gc,cpu         ] GC(2861) User=0.00s Sys=0.00s Real=0.00s
[18.087s][info ][gc,start       ] GC(2862) Pause Young (Allocation Failure)
[18.087s][debug][gc,age         ] GC(2862) Desired survivor size 1114112 bytes, new threshold 1 (max threshold 15)
[18.105s][info ][gc,heap        ] GC(2862) DefNew: 19115K->1955K(19648K)
[18.105s][info ][gc,heap        ] GC(2862) Tenured: 10573K->10573K(43712K)
[18.105s][info ][gc,metaspace   ] GC(2862) Metaspace: 16404K->16404K(1064960K)
[18.105s][info ][gc             ] GC(2862) Pause Young (Allocation Failure) 28M->12M(61M) 18.428ms
[18.105s][info ][gc,cpu         ] GC(2862) User=0.00s Sys=0.00s Real=0.02s
[18.107s][info ][gc,start       ] GC(2863) Pause Young (Allocation Failure)
[18.107s][debug][gc,age         ] GC(2863) Desired survivor size 1114112 bytes, new threshold 1 (max threshold 15)
[18.108s][info ][gc,heap        ] GC(2863) DefNew: 19108K->1955K(19648K)
[18.108s][info ][gc,heap        ] GC(2863) Tenured: 10573K->10573K(43712K)
[18.108s][info ][gc,metaspace   ] GC(2863) Metaspace: 16404K->16404K(1064960K)
[18.108s][info ][gc             ] GC(2863) Pause Young (Allocation Failure) 28M->12M(61M) 0.555ms
[18.108s][info ][gc,cpu         ] GC(2863) User=0.00s Sys=0.00s Real=0.00s
[18.109s][info ][gc,start       ] GC(2864) Pause Young (Allocation Failure)
[18.109s][debug][gc,age         ] GC(2864) Desired survivor size 1114112 bytes, new threshold 1 (max threshold 15)
[18.119s][info ][gc,heap        ] GC(2864) DefNew: 19103K->1955K(19648K)
[18.119s][info ][gc,heap        ] GC(2864) Tenured: 10573K->10964K(43712K)
[18.119s][info ][gc,metaspace   ] GC(2864) Metaspace: 16404K->16404K(1064960K)
[18.120s][info ][gc             ] GC(2864) Pause Young (Allocation Failure) 28M->12M(61M) 10.599ms
[18.120s][info ][gc,cpu         ] GC(2864) User=0.00s Sys=0.00s Real=0.02s
[18.122s][info ][gc,start       ] GC(2865) Pause Young (Allocation Failure)
[18.122s][debug][gc,age         ] GC(2865) Desired survivor size 1114112 bytes, new threshold 1 (max threshold 15)
[18.122s][info ][gc,heap        ] GC(2865) DefNew: 19101K->1955K(19648K)
[18.122s][info ][gc,heap        ] GC(2865) Tenured: 10964K->11355K(43712K)
[18.122s][info ][gc,metaspace   ] GC(2865) Metaspace: 16404K->16404K(1064960K)
[18.122s][info ][gc             ] GC(2865) Pause Young (Allocation Failure) 29M->12M(61M) 0.738ms
[18.123s][info ][gc,cpu         ] GC(2865) User=0.00s Sys=0.00s Real=0.00s
[18.124s][info ][gc,start       ] GC(2866) Pause Young (Allocation Failure)
[18.124s][debug][gc,age         ] GC(2866) Desired survivor size 1114112 bytes, new threshold 1 (max threshold 15)
[18.124s][info ][gc,heap        ] GC(2866) DefNew: 19099K->1955K(19648K)
[18.124s][info ][gc,heap        ] GC(2866) Tenured: 11355K->11355K(43712K)
[18.124s][info ][gc,metaspace   ] GC(2866) Metaspace: 16404K->16404K(1064960K)
[18.124s][info ][gc             ] GC(2866) Pause Young (Allocation Failure) 29M->12M(61M) 0.568ms
[18.124s][info ][gc,cpu         ] GC(2866) User=0.00s Sys=0.00s Real=0.00s
[18.126s][info ][gc,start       ] GC(2867) Pause Young (Allocation Failure)
[18.126s][debug][gc,age         ] GC(2867) Desired survivor size 1114112 bytes, new threshold 1 (max threshold 15)
[18.126s][info ][gc,heap        ] GC(2867) DefNew: 19098K->1955K(19648K)
[18.126s][info ][gc,heap        ] GC(2867) Tenured: 11355K->11745K(43712K)
[18.126s][info ][gc,metaspace   ] GC(2867) Metaspace: 16404K->16404K(1064960K)
[18.126s][info ][gc             ] GC(2867) Pause Young (Allocation Failure) 29M->13M(61M) 0.548ms
[18.126s][info ][gc,cpu         ] GC(2867) User=0.00s Sys=0.00s Real=0.00s
[18.128s][info ][gc,start       ] GC(2868) Pause Young (Allocation Failure)
[18.128s][debug][gc,age         ] GC(2868) Desired survivor size 1114112 bytes, new threshold 1 (max threshold 15)
[18.128s][info ][gc,heap        ] GC(2868) DefNew: 19097K->1955K(19648K)
[18.128s][info ][gc,heap        ] GC(2868) Tenured: 11745K->12527K(43712K)
[18.128s][info ][gc,metaspace   ] GC(2868) Metaspace: 16404K->16404K(1064960K)
[18.128s][info ][gc             ] GC(2868) Pause Young (Allocation Failure) 30M->14M(61M) 0.694ms
[18.128s][info ][gc,cpu         ] GC(2868) User=0.00s Sys=0.00s Real=0.00s
[18.130s][info ][gc,start       ] GC(2869) Pause Young (Allocation Failure)
[18.130s][debug][gc,age         ] GC(2869) Desired survivor size 1114112 bytes, new threshold 1 (max threshold 15)
[18.130s][info ][gc,heap        ] GC(2869) DefNew: 19096K->1955K(19648K)
[18.130s][info ][gc,heap        ] GC(2869) Tenured: 12527K->13308K(43712K)
[18.130s][info ][gc,metaspace   ] GC(2869) Metaspace: 16404K->16404K(1064960K)
[18.130s][info ][gc             ] GC(2869) Pause Young (Allocation Failure) 30M->14M(61M) 0.687ms
[18.130s][info ][gc,cpu         ] GC(2869) User=0.00s Sys=0.00s Real=0.00s
[18.132s][info ][gc,start       ] GC(2870) Pause Young (Allocation Failure)
[18.132s][debug][gc,age         ] GC(2870) Desired survivor size 1114112 bytes, new threshold 1 (max threshold 15)
[18.132s][info ][gc,heap        ] GC(2870) DefNew: 19096K->1564K(19648K)
[18.132s][info ][gc,heap        ] GC(2870) Tenured: 13308K->13308K(43712K)
[18.132s][info ][gc,metaspace   ] GC(2870) Metaspace: 16404K->16404K(1064960K)
[18.132s][info ][gc             ] GC(2870) Pause Young (Allocation Failure) 31M->14M(61M) 0.675ms
[18.132s][info ][gc,cpu         ] GC(2870) User=0.00s Sys=0.00s Real=0.00s
[18.134s][info ][gc,start       ] GC(2871) Pause Young (Allocation Failure)
[18.134s][debug][gc,age         ] GC(2871) Desired survivor size 1114112 bytes, new threshold 1 (max threshold 15)
[18.134s][info ][gc,heap        ] GC(2871) DefNew: 18705K->1954K(19648K)
[18.134s][info ][gc,heap        ] GC(2871) Tenured: 13308K->14090K(43712K)
[18.134s][info ][gc,metaspace   ] GC(2871) Metaspace: 16404K->16404K(1064960K)
[18.134s][info ][gc             ] GC(2871) Pause Young (Allocation Failure) 31M->15M(61M) 0.572ms
[18.134s][info ][gc,cpu         ] GC(2871) User=0.00s Sys=0.00s Real=0.00s
[18.135s][info ][gc,start       ] GC(2872) Pause Young (Allocation Failure)
[18.136s][debug][gc,age         ] GC(2872) Desired survivor size 1114112 bytes, new threshold 1 (max threshold 15)
[18.136s][info ][gc,heap        ] GC(2872) DefNew: 19063K->1564K(19648K)
[18.136s][info ][gc,heap        ] GC(2872) Tenured: 14090K->14481K(43712K)
[18.136s][info ][gc,metaspace   ] GC(2872) Metaspace: 16404K->16404K(1064960K)
[18.136s][info ][gc             ] GC(2872) Pause Young (Allocation Failure) 32M->15M(61M) 0.479ms
[18.136s][info ][gc,cpu         ] GC(2872) User=0.00s Sys=0.00s Real=0.00s
[18.137s][info ][gc,start       ] GC(2873) Pause Young (Allocation Failure)
[18.138s][debug][gc,age         ] GC(2873) Desired survivor size 1114112 bytes, new threshold 1 (max threshold 15)
[18.138s][info ][gc,heap        ] GC(2873) DefNew: 18663K->1955K(19648K)
[18.138s][info ][gc,heap        ] GC(2873) Tenured: 14481K->14872K(43712K)
[18.138s][info ][gc,metaspace   ] GC(2873) Metaspace: 16404K->16404K(1064960K)
[18.138s][info ][gc             ] GC(2873) Pause Young (Allocation Failure) 32M->16M(61M) 0.576ms
[18.138s][info ][gc,cpu         ] GC(2873) User=0.00s Sys=0.00s Real=0.00s
[18.139s][info ][gc,start       ] GC(2874) Pause Young (Allocation Failure)
[18.139s][debug][gc,age         ] GC(2874) Desired survivor size 1114112 bytes, new threshold 1 (max threshold 15)
[18.139s][info ][gc,heap        ] GC(2874) DefNew: 19122K->1955K(19648K)
[18.139s][info ][gc,heap        ] GC(2874) Tenured: 14872K->15262K(43712K)
[18.139s][info ][gc,metaspace   ] GC(2874) Metaspace: 16404K->16404K(1064960K)
[18.139s][info ][gc             ] GC(2874) Pause Young (Allocation Failure) 33M->16M(61M) 0.543ms
[18.139s][info ][gc,cpu         ] GC(2874) User=0.00s Sys=0.00s Real=0.01s
[18.141s][info ][gc,start       ] GC(2875) Pause Young (Allocation Failure)
[18.141s][debug][gc,age         ] GC(2875) Desired survivor size 1114112 bytes, new threshold 1 (max threshold 15)
[18.141s][info ][gc,heap        ] GC(2875) DefNew: 19113K->1955K(19648K)
[18.141s][info ][gc,heap        ] GC(2875) Tenured: 15262K->16434K(43712K)
[18.141s][info ][gc,metaspace   ] GC(2875) Metaspace: 16404K->16404K(1064960K)
[18.141s][info ][gc             ] GC(2875) Pause Young (Allocation Failure) 33M->17M(61M) 0.577ms
[18.141s][info ][gc,cpu         ] GC(2875) User=0.00s Sys=0.00s Real=0.00s
[18.143s][info ][gc,start       ] GC(2876) Pause Young (Allocation Failure)
[18.143s][debug][gc,age         ] GC(2876) Desired survivor size 1114112 bytes, new threshold 1 (max threshold 15)
[18.143s][info ][gc,heap        ] GC(2876) DefNew: 19067K->1955K(19648K)
[18.143s][info ][gc,heap        ] GC(2876) Tenured: 16434K->17216K(43712K)
[18.143s][info ][gc,metaspace   ] GC(2876) Metaspace: 16404K->16404K(1064960K)
[18.143s][info ][gc             ] GC(2876) Pause Young (Allocation Failure) 34M->18M(61M) 0.706ms
[18.143s][info ][gc,cpu         ] GC(2876) User=0.00s Sys=0.00s Real=0.00s
[18.144s][info ][gc,start       ] GC(2877) Pause Young (Allocation Failure)
[18.145s][debug][gc,age         ] GC(2877) Desired survivor size 1114112 bytes, new threshold 1 (max threshold 15)
[18.145s][info ][gc,heap        ] GC(2877) DefNew: 19116K->1564K(19648K)
[18.145s][info ][gc,heap        ] GC(2877) Tenured: 17216K->17216K(43712K)
[18.145s][info ][gc,metaspace   ] GC(2877) Metaspace: 16404K->16404K(1064960K)
[18.145s][info ][gc             ] GC(2877) Pause Young (Allocation Failure) 35M->18M(61M) 0.454ms
[18.145s][info ][gc,cpu         ] GC(2877) User=0.00s Sys=0.00s Real=0.00s
[18.146s][info ][gc,start       ] GC(2878) Pause Young (Allocation Failure)
[18.147s][debug][gc,age         ] GC(2878) Desired survivor size 1114112 bytes, new threshold 1 (max threshold 15)
[18.147s][info ][gc,heap        ] GC(2878) DefNew: 18675K->1955K(19648K)
[18.147s][info ][gc,heap        ] GC(2878) Tenured: 17216K->17607K(43712K)
[18.147s][info ][gc,metaspace   ] GC(2878) Metaspace: 16404K->16404K(1064960K)
[18.147s][info ][gc             ] GC(2878) Pause Young (Allocation Failure) 35M->19M(61M) 0.588ms
[18.147s][info ][gc,cpu         ] GC(2878) User=0.00s Sys=0.00s Real=0.00s
[18.148s][info ][gc,start       ] GC(2879) Pause Young (Allocation Failure)
[18.149s][debug][gc,age         ] GC(2879) Desired survivor size 1114112 bytes, new threshold 1 (max threshold 15)
[18.149s][info ][gc,heap        ] GC(2879) DefNew: 19119K->1955K(19648K)
[18.149s][info ][gc,heap        ] GC(2879) Tenured: 17607K->18388K(43712K)
[18.149s][info ][gc,metaspace   ] GC(2879) Metaspace: 16404K->16404K(1064960K)
[18.149s][info ][gc             ] GC(2879) Pause Young (Allocation Failure) 35M->19M(61M) 0.664ms
[18.149s][info ][gc,cpu         ] GC(2879) User=0.00s Sys=0.00s Real=0.00s
[18.150s][info ][gc,start       ] GC(2880) Pause Young (Allocation Failure)
[18.150s][debug][gc,age         ] GC(2880) Desired survivor size 1114112 bytes, new threshold 15 (max threshold 15)
[18.150s][info ][gc,heap        ] GC(2880) DefNew: 19111K->392K(19648K)
[18.150s][info ][gc,heap        ] GC(2880) Tenured: 18388K->18388K(43712K)
[18.150s][info ][gc,metaspace   ] GC(2880) Metaspace: 16404K->16404K(1064960K)
[18.150s][info ][gc             ] GC(2880) Pause Young (Allocation Failure) 36M->18M(61M) 0.429ms
[18.150s][info ][gc,cpu         ] GC(2880) User=0.00s Sys=0.00s Real=0.00s
[18.152s][info ][gc,start       ] GC(2881) Pause Young (Allocation Failure)
[18.152s][debug][gc,age         ] GC(2881) Desired survivor size 1114112 bytes, new threshold 1 (max threshold 15)
[18.152s][info ][gc,heap        ] GC(2881) DefNew: 17504K->1955K(19648K)
[18.152s][info ][gc,heap        ] GC(2881) Tenured: 18388K->18388K(43712K)
[18.152s][info ][gc,metaspace   ] GC(2881) Metaspace: 16404K->16404K(1064960K)
[18.152s][info ][gc             ] GC(2881) Pause Young (Allocation Failure) 35M->19M(61M) 0.501ms
[18.152s][info ][gc,cpu         ] GC(2881) User=0.00s Sys=0.00s Real=0.00s
[18.153s][info ][gc,start       ] GC(2882) Pause Young (Allocation Failure)
[18.153s][debug][gc,age         ] GC(2882) Desired survivor size 1114112 bytes, new threshold 15 (max threshold 15)
[18.153s][info ][gc,heap        ] GC(2882) DefNew: 19116K->392K(19648K)
[18.153s][info ][gc,heap        ] GC(2882) Tenured: 18388K->18388K(43712K)
[18.153s][info ][gc,metaspace   ] GC(2882) Metaspace: 16404K->16404K(1064960K)
[18.153s][info ][gc             ] GC(2882) Pause Young (Allocation Failure) 36M->18M(61M) 0.321ms
[18.154s][info ][gc,cpu         ] GC(2882) User=0.00s Sys=0.00s Real=0.00s
[18.155s][info ][gc,start       ] GC(2883) Pause Young (Allocation Failure)
[18.155s][debug][gc,age         ] GC(2883) Desired survivor size 1114112 bytes, new threshold 1 (max threshold 15)
[18.155s][info ][gc,heap        ] GC(2883) DefNew: 17546K->1955K(19648K)
[18.155s][info ][gc,heap        ] GC(2883) Tenured: 18388K->18779K(43712K)
[18.155s][info ][gc,metaspace   ] GC(2883) Metaspace: 16404K->16404K(1064960K)
[18.155s][info ][gc             ] GC(2883) Pause Young (Allocation Failure) 35M->20M(61M) 0.497ms
[18.155s][info ][gc,cpu         ] GC(2883) User=0.00s Sys=0.00s Real=0.00s
[18.157s][info ][gc,start       ] GC(2884) Pause Young (Allocation Failure)
[18.157s][debug][gc,age         ] GC(2884) Desired survivor size 1114112 bytes, new threshold 1 (max threshold 15)
[18.157s][info ][gc,heap        ] GC(2884) DefNew: 19104K->1955K(19648K)
[18.157s][info ][gc,heap        ] GC(2884) Tenured: 18779K->19560K(43712K)
[18.157s][info ][gc,metaspace   ] GC(2884) Metaspace: 16404K->16404K(1064960K)
[18.157s][info ][gc             ] GC(2884) Pause Young (Allocation Failure) 36M->21M(61M) 0.557ms
[18.157s][info ][gc,cpu         ] GC(2884) User=0.00s Sys=0.00s Real=0.00s
[18.158s][info ][gc,start       ] GC(2885) Pause Young (Allocation Failure)
[18.159s][debug][gc,age         ] GC(2885) Desired survivor size 1114112 bytes, new threshold 1 (max threshold 15)
[18.159s][info ][gc,heap        ] GC(2885) DefNew: 19101K->1955K(19648K)
[18.159s][info ][gc,heap        ] GC(2885) Tenured: 19560K->20732K(43712K)
[18.159s][info ][gc,metaspace   ] GC(2885) Metaspace: 16404K->16404K(1064960K)
[18.159s][info ][gc             ] GC(2885) Pause Young (Allocation Failure) 37M->22M(61M) 0.774ms
[18.159s][info ][gc,cpu         ] GC(2885) User=0.00s Sys=0.00s Real=0.01s
[18.160s][info ][gc,start       ] GC(2886) Pause Young (Allocation Failure)
[18.161s][debug][gc,age         ] GC(2886) Desired survivor size 1114112 bytes, new threshold 1 (max threshold 15)
[18.161s][info ][gc,heap        ] GC(2886) DefNew: 19099K->1955K(19648K)
[18.161s][info ][gc,heap        ] GC(2886) Tenured: 20732K->21904K(43712K)
[18.161s][info ][gc,metaspace   ] GC(2886) Metaspace: 16404K->16404K(1064960K)
[18.161s][info ][gc             ] GC(2886) Pause Young (Allocation Failure) 38M->23M(61M) 0.624ms
[18.161s][info ][gc,cpu         ] GC(2886) User=0.00s Sys=0.00s Real=0.00s
[18.162s][info ][gc,start       ] GC(2887) Pause Young (Allocation Failure)
[18.163s][debug][gc,age         ] GC(2887) Desired survivor size 1114112 bytes, new threshold 1 (max threshold 15)
[18.163s][info ][gc,heap        ] GC(2887) DefNew: 19098K->1955K(19648K)
[18.163s][info ][gc,heap        ] GC(2887) Tenured: 21904K->21904K(43712K)
[18.163s][info ][gc,metaspace   ] GC(2887) Metaspace: 16404K->16404K(1064960K)
[18.163s][info ][gc             ] GC(2887) Pause Young (Allocation Failure) 40M->23M(61M) 0.570ms
[18.163s][info ][gc,cpu         ] GC(2887) User=0.00s Sys=0.00s Real=0.00s
[18.164s][info ][gc,start       ] GC(2888) Pause Young (Allocation Failure)
[18.165s][debug][gc,age         ] GC(2888) Desired survivor size 1114112 bytes, new threshold 1 (max threshold 15)
[18.165s][info ][gc,heap        ] GC(2888) DefNew: 19060K->1564K(19648K)
[18.165s][info ][gc,heap        ] GC(2888) Tenured: 21904K->21904K(43712K)
[18.165s][info ][gc,metaspace   ] GC(2888) Metaspace: 16404K->16404K(1064960K)
[18.165s][info ][gc             ] GC(2888) Pause Young (Allocation Failure) 40M->22M(61M) 0.579ms
[18.165s][info ][gc,cpu         ] GC(2888) User=0.01s Sys=0.00s Real=0.00s
[18.166s][info ][gc,start       ] GC(2889) Pause Young (Allocation Failure)
[18.166s][debug][gc,age         ] GC(2889) Desired survivor size 1114112 bytes, new threshold 1 (max threshold 15)
[18.166s][info ][gc,heap        ] GC(2889) DefNew: 18666K->1955K(19648K)
[18.166s][info ][gc,heap        ] GC(2889) Tenured: 21904K->21904K(43712K)
[18.166s][info ][gc,metaspace   ] GC(2889) Metaspace: 16404K->16404K(1064960K)
[18.166s][info ][gc             ] GC(2889) Pause Young (Allocation Failure) 39M->23M(61M) 0.569ms
[18.166s][info ][gc,cpu         ] GC(2889) User=0.00s Sys=0.00s Real=0.00s
[18.168s][info ][gc,start       ] GC(2890) Pause Young (Allocation Failure)
[18.168s][debug][gc,age         ] GC(2890) Desired survivor size 1114112 bytes, new threshold 1 (max threshold 15)
[18.168s][info ][gc,heap        ] GC(2890) DefNew: 19123K->1955K(19648K)
[18.168s][info ][gc,heap        ] GC(2890) Tenured: 21904K->23076K(43712K)
[18.168s][info ][gc,metaspace   ] GC(2890) Metaspace: 16404K->16404K(1064960K)
[18.168s][info ][gc             ] GC(2890) Pause Young (Allocation Failure) 40M->24M(61M) 0.701ms
[18.168s][info ][gc,cpu         ] GC(2890) User=0.00s Sys=0.00s Real=0.00s
[18.170s][info ][gc,start       ] GC(2891) Pause Young (Allocation Failure)
[18.170s][debug][gc,age         ] GC(2891) Desired survivor size 1114112 bytes, new threshold 1 (max threshold 15)
[18.170s][info ][gc,heap        ] GC(2891) DefNew: 19113K->1955K(19648K)
[18.170s][info ][gc,heap        ] GC(2891) Tenured: 23076K->23467K(43712K)
[18.170s][info ][gc,metaspace   ] GC(2891) Metaspace: 16404K->16404K(1064960K)
[18.170s][info ][gc             ] GC(2891) Pause Young (Allocation Failure) 41M->24M(61M) 0.492ms
[18.170s][info ][gc,cpu         ] GC(2891) User=0.00s Sys=0.00s Real=0.00s
[18.171s][info ][gc,start       ] GC(2892) Pause Young (Allocation Failure)
[18.172s][debug][gc,age         ] GC(2892) Desired survivor size 1114112 bytes, new threshold 1 (max threshold 15)
[18.172s][info ][gc,heap        ] GC(2892) DefNew: 19107K->1955K(19648K)
[18.172s][info ][gc,heap        ] GC(2892) Tenured: 23467K->23467K(43712K)
[18.172s][info ][gc,metaspace   ] GC(2892) Metaspace: 16404K->16404K(1064960K)
[18.172s][info ][gc             ] GC(2892) Pause Young (Allocation Failure) 41M->24M(61M) 0.566ms
[18.172s][info ][gc,cpu         ] GC(2892) User=0.00s Sys=0.00s Real=0.00s
[18.173s][info ][gc,start       ] GC(2893) Pause Young (Allocation Failure)
[18.174s][debug][gc,age         ] GC(2893) Desired survivor size 1114112 bytes, new threshold 1 (max threshold 15)
[18.174s][info ][gc,heap        ] GC(2893) DefNew: 19103K->1955K(19648K)
[18.174s][info ][gc,heap        ] GC(2893) Tenured: 23467K->23858K(43712K)
[18.174s][info ][gc,metaspace   ] GC(2893) Metaspace: 16404K->16404K(1064960K)
[18.174s][info ][gc             ] GC(2893) Pause Young (Allocation Failure) 41M->25M(61M) 0.575ms
[18.174s][info ][gc,cpu         ] GC(2893) User=0.00s Sys=0.00s Real=0.00s
[18.175s][info ][gc,start       ] GC(2894) Pause Young (Allocation Failure)
[18.175s][debug][gc,age         ] GC(2894) Desired survivor size 1114112 bytes, new threshold 1 (max threshold 15)
[18.175s][info ][gc,heap        ] GC(2894) DefNew: 19100K->1955K(19648K)
[18.175s][info ][gc,heap        ] GC(2894) Tenured: 23858K->24248K(43712K)
[18.175s][info ][gc,metaspace   ] GC(2894) Metaspace: 16404K->16404K(1064960K)
[18.175s][info ][gc             ] GC(2894) Pause Young (Allocation Failure) 41M->25M(61M) 0.472ms
[18.175s][info ][gc,cpu         ] GC(2894) User=0.00s Sys=0.00s Real=0.00s
[18.176s][info ][gc,start       ] GC(2895) Pause Young (Allocation Failure)
[18.177s][debug][gc,age         ] GC(2895) Desired survivor size 1114112 bytes, new threshold 1 (max threshold 15)
[18.177s][info ][gc,heap        ] GC(2895) DefNew: 19099K->1955K(19648K)
[18.177s][info ][gc,heap        ] GC(2895) Tenured: 24248K->24639K(43712K)
[18.177s][info ][gc,metaspace   ] GC(2895) Metaspace: 16404K->16404K(1064960K)
[18.177s][info ][gc             ] GC(2895) Pause Young (Allocation Failure) 42M->25M(61M) 0.481ms
[18.177s][info ][gc,cpu         ] GC(2895) User=0.00s Sys=0.00s Real=0.00s
[18.178s][info ][gc,start       ] GC(2896) Pause Young (Allocation Failure)
[18.179s][debug][gc,age         ] GC(2896) Desired survivor size 1114112 bytes, new threshold 1 (max threshold 15)
[18.179s][info ][gc,heap        ] GC(2896) DefNew: 19098K->1955K(19648K)
[18.179s][info ][gc,heap        ] GC(2896) Tenured: 24639K->25030K(43712K)
[18.179s][info ][gc,metaspace   ] GC(2896) Metaspace: 16404K->16404K(1064960K)
[18.179s][info ][gc             ] GC(2896) Pause Young (Allocation Failure) 42M->26M(61M) 0.549ms
[18.179s][info ][gc,cpu         ] GC(2896) User=0.00s Sys=0.00s Real=0.00s
[18.180s][info ][gc,start       ] GC(2897) Pause Young (Allocation Failure)
[18.180s][debug][gc,age         ] GC(2897) Desired survivor size 1114112 bytes, new threshold 1 (max threshold 15)
[18.181s][info ][gc,heap        ] GC(2897) DefNew: 19097K->1564K(19648K)
[18.181s][info ][gc,heap        ] GC(2897) Tenured: 25030K->25030K(43712K)
[18.181s][info ][gc,metaspace   ] GC(2897) Metaspace: 16404K->16404K(1064960K)
[18.181s][info ][gc             ] GC(2897) Pause Young (Allocation Failure) 43M->25M(61M) 0.421ms
[18.181s][info ][gc,cpu         ] GC(2897) User=0.00s Sys=0.00s Real=0.00s
[18.182s][info ][gc,start       ] GC(2898) Pause Young (Allocation Failure)
[18.183s][debug][gc,age         ] GC(2898) Desired survivor size 1114112 bytes, new threshold 1 (max threshold 15)
[18.183s][info ][gc,heap        ] GC(2898) DefNew: 18706K->1955K(19648K)
[18.183s][info ][gc,heap        ] GC(2898) Tenured: 25030K->26202K(43712K)
[18.183s][info ][gc,metaspace   ] GC(2898) Metaspace: 16404K->16404K(1064960K)
[18.183s][info ][gc             ] GC(2898) Pause Young (Allocation Failure) 42M->27M(61M) 0.833ms
[18.183s][info ][gc,cpu         ] GC(2898) User=0.00s Sys=0.00s Real=0.00s
[18.184s][info ][gc,start       ] GC(2899) Pause Young (Allocation Failure)
[18.184s][debug][gc,age         ] GC(2899) Desired survivor size 1114112 bytes, new threshold 1 (max threshold 15)
[18.184s][info ][gc,heap        ] GC(2899) DefNew: 19096K->1955K(19648K)
[18.184s][info ][gc,heap        ] GC(2899) Tenured: 26202K->26202K(43712K)
[18.184s][info ][gc,metaspace   ] GC(2899) Metaspace: 16404K->16404K(1064960K)
[18.185s][info ][gc             ] GC(2899) Pause Young (Allocation Failure) 44M->27M(61M) 0.620ms
[18.185s][info ][gc,cpu         ] GC(2899) User=0.00s Sys=0.00s Real=0.00s
[18.186s][info ][gc,start       ] GC(2900) Pause Young (Allocation Failure)
[18.186s][debug][gc,age         ] GC(2900) Desired survivor size 1114112 bytes, new threshold 1 (max threshold 15)
[18.186s][info ][gc,heap        ] GC(2900) DefNew: 19096K->1955K(19648K)
[18.186s][info ][gc,heap        ] GC(2900) Tenured: 26202K->26983K(43712K)
[18.186s][info ][gc,metaspace   ] GC(2900) Metaspace: 16404K->16404K(1064960K)
[18.186s][info ][gc             ] GC(2900) Pause Young (Allocation Failure) 44M->28M(61M) 0.555ms
[18.186s][info ][gc,cpu         ] GC(2900) User=0.01s Sys=0.00s Real=0.00s
[18.188s][info ][gc,start       ] GC(2901) Pause Young (Allocation Failure)
[18.188s][debug][gc,age         ] GC(2901) Desired survivor size 1114112 bytes, new threshold 1 (max threshold 15)
[18.188s][info ][gc,heap        ] GC(2901) DefNew: 19096K->1955K(19648K)
[18.188s][info ][gc,heap        ] GC(2901) Tenured: 26983K->26983K(43712K)
[18.188s][info ][gc,metaspace   ] GC(2901) Metaspace: 16404K->16404K(1064960K)
[18.188s][info ][gc             ] GC(2901) Pause Young (Allocation Failure) 44M->28M(61M) 0.534ms
[18.188s][info ][gc,cpu         ] GC(2901) User=0.00s Sys=0.00s Real=0.00s
[18.189s][info ][gc,start       ] GC(2902) Pause Young (Allocation Failure)
[18.190s][debug][gc,age         ] GC(2902) Desired survivor size 1114112 bytes, new threshold 1 (max threshold 15)
[18.190s][info ][gc,heap        ] GC(2902) DefNew: 19096K->1955K(19648K)
[18.190s][info ][gc,heap        ] GC(2902) Tenured: 26983K->27374K(43712K)
[18.190s][info ][gc,metaspace   ] GC(2902) Metaspace: 16404K->16404K(1064960K)
[18.190s][info ][gc             ] GC(2902) Pause Young (Allocation Failure) 44M->28M(61M) 0.609ms
[18.190s][info ][gc,cpu         ] GC(2902) User=0.00s Sys=0.00s Real=0.00s
[18.191s][info ][gc,start       ] GC(2903) Pause Young (Allocation Failure)
[18.192s][debug][gc,age         ] GC(2903) Desired survivor size 1114112 bytes, new threshold 1 (max threshold 15)
[18.192s][info ][gc,heap        ] GC(2903) DefNew: 19096K->1955K(19648K)
[18.192s][info ][gc,heap        ] GC(2903) Tenured: 27374K->28936K(43712K)
[18.192s][info ][gc,metaspace   ] GC(2903) Metaspace: 16404K->16404K(1064960K)
[18.192s][info ][gc             ] GC(2903) Pause Young (Allocation Failure) 45M->30M(61M) 0.673ms
[18.192s][info ][gc,cpu         ] GC(2903) User=0.00s Sys=0.00s Real=0.00s
[18.193s][info ][gc,start       ] GC(2904) Pause Young (Allocation Failure)
[18.193s][debug][gc,age         ] GC(2904) Desired survivor size 1114112 bytes, new threshold 1 (max threshold 15)
[18.193s][info ][gc,heap        ] GC(2904) DefNew: 19096K->1174K(19648K)
[18.193s][info ][gc,heap        ] GC(2904) Tenured: 28936K->28936K(43712K)
[18.193s][info ][gc,metaspace   ] GC(2904) Metaspace: 16404K->16404K(1064960K)
[18.193s][info ][gc             ] GC(2904) Pause Young (Allocation Failure) 46M->29M(61M) 0.382ms
[18.193s][info ][gc,cpu         ] GC(2904) User=0.00s Sys=0.00s Real=0.00s
[18.195s][info ][gc,start       ] GC(2905) Pause Young (Allocation Failure)
[18.195s][debug][gc,age         ] GC(2905) Desired survivor size 1114112 bytes, new threshold 1 (max threshold 15)
[18.195s][info ][gc,heap        ] GC(2905) DefNew: 18314K->1955K(19648K)
[18.195s][info ][gc,heap        ] GC(2905) Tenured: 28936K->29327K(43712K)
[18.195s][info ][gc,metaspace   ] GC(2905) Metaspace: 16404K->16404K(1064960K)
[18.195s][info ][gc             ] GC(2905) Pause Young (Allocation Failure) 46M->30M(61M) 0.618ms
[18.195s][info ][gc,cpu         ] GC(2905) User=0.00s Sys=0.01s Real=0.00s
[18.197s][info ][gc,start       ] GC(2906) Pause Young (Allocation Failure)
[18.197s][debug][gc,age         ] GC(2906) Desired survivor size 1114112 bytes, new threshold 1 (max threshold 15)
[18.197s][info ][gc,heap        ] GC(2906) DefNew: 19096K->1955K(19648K)
[18.197s][info ][gc,heap        ] GC(2906) Tenured: 29327K->29327K(43712K)
[18.197s][info ][gc,metaspace   ] GC(2906) Metaspace: 16404K->16404K(1064960K)
[18.197s][info ][gc             ] GC(2906) Pause Young (Allocation Failure) 47M->30M(61M) 0.535ms
[18.197s][info ][gc,cpu         ] GC(2906) User=0.00s Sys=0.00s Real=0.00s
[18.199s][info ][gc,start       ] GC(2907) Pause Young (Allocation Failure)
[18.199s][debug][gc,age         ] GC(2907) Desired survivor size 1114112 bytes, new threshold 1 (max threshold 15)
[18.199s][info ][gc,heap        ] GC(2907) DefNew: 19096K->1955K(19648K)
[18.199s][info ][gc,heap        ] GC(2907) Tenured: 29327K->30499K(43712K)
[18.199s][info ][gc,metaspace   ] GC(2907) Metaspace: 16404K->16404K(1064960K)
[18.199s][info ][gc             ] GC(2907) Pause Young (Allocation Failure) 47M->31M(61M) 0.852ms
[18.199s][info ][gc,cpu         ] GC(2907) User=0.00s Sys=0.00s Real=0.01s
[18.201s][info ][gc,start       ] GC(2908) Pause Young (Allocation Failure)
[18.201s][debug][gc,age         ] GC(2908) Desired survivor size 1114112 bytes, new threshold 1 (max threshold 15)
[18.201s][info ][gc,heap        ] GC(2908) DefNew: 19427K->1564K(19648K)
[18.201s][info ][gc,heap        ] GC(2908) Tenured: 30499K->30890K(43712K)
[18.201s][info ][gc,metaspace   ] GC(2908) Metaspace: 16404K->16404K(1064960K)
[18.201s][info ][gc             ] GC(2908) Pause Young (Allocation Failure) 48M->31M(61M) 0.664ms
[18.201s][info ][gc,cpu         ] GC(2908) User=0.00s Sys=0.00s Real=0.00s
[18.202s][info ][gc,start       ] GC(2909) Pause Young (Allocation Failure)
[18.203s][debug][gc,age         ] GC(2909) Desired survivor size 1114112 bytes, new threshold 1 (max threshold 15)
[18.203s][info ][gc,heap        ] GC(2909) DefNew: 18720K->1955K(19648K)
[18.203s][info ][gc,heap        ] GC(2909) Tenured: 30890K->31671K(43712K)
[18.203s][info ][gc,metaspace   ] GC(2909) Metaspace: 16404K->16404K(1064960K)
[18.203s][info ][gc             ] GC(2909) Pause Young (Allocation Failure) 48M->32M(61M) 0.548ms
[18.203s][info ][gc,cpu         ] GC(2909) User=0.00s Sys=0.00s Real=0.00s
[18.204s][info ][gc,start       ] GC(2910) Pause Young (Allocation Failure)
[18.205s][debug][gc,age         ] GC(2910) Desired survivor size 1114112 bytes, new threshold 1 (max threshold 15)
[18.205s][info ][gc,heap        ] GC(2910) DefNew: 19060K->1564K(19648K)
[18.205s][info ][gc,heap        ] GC(2910) Tenured: 31671K->32062K(43712K)
[18.205s][info ][gc,metaspace   ] GC(2910) Metaspace: 16404K->16404K(1064960K)
[18.205s][info ][gc             ] GC(2910) Pause Young (Allocation Failure) 49M->32M(61M) 0.460ms
[18.205s][info ][gc,cpu         ] GC(2910) User=0.00s Sys=0.00s Real=0.00s
[18.206s][info ][gc,start       ] GC(2911) Pause Young (Allocation Failure)
[18.207s][debug][gc,age         ] GC(2911) Desired survivor size 1114112 bytes, new threshold 1 (max threshold 15)
[18.207s][info ][gc,heap        ] GC(2911) DefNew: 18686K->1955K(19648K)
[18.207s][info ][gc,heap        ] GC(2911) Tenured: 32062K->32844K(43712K)
[18.207s][info ][gc,metaspace   ] GC(2911) Metaspace: 16404K->16404K(1064960K)
[18.207s][info ][gc             ] GC(2911) Pause Young (Allocation Failure) 49M->33M(61M) 0.617ms
[18.207s][info ][gc,cpu         ] GC(2911) User=0.00s Sys=0.00s Real=0.00s
[18.208s][info ][gc,start       ] GC(2912) Pause Young (Allocation Failure)
[18.208s][debug][gc,age         ] GC(2912) Desired survivor size 1114112 bytes, new threshold 15 (max threshold 15)
[18.208s][info ][gc,heap        ] GC(2912) DefNew: 19125K->783K(19648K)
[18.208s][info ][gc,heap        ] GC(2912) Tenured: 32844K->32844K(43712K)
[18.208s][info ][gc,metaspace   ] GC(2912) Metaspace: 16404K->16404K(1064960K)
[18.208s][info ][gc             ] GC(2912) Pause Young (Allocation Failure) 50M->32M(61M) 0.388ms
[18.208s][info ][gc,cpu         ] GC(2912) User=0.00s Sys=0.00s Real=0.00s
[18.210s][info ][gc,start       ] GC(2913) Pause Young (Allocation Failure)
[18.210s][debug][gc,age         ] GC(2913) Desired survivor size 1114112 bytes, new threshold 1 (max threshold 15)
[18.210s][info ][gc,heap        ] GC(2913) DefNew: 17893K->1955K(19648K)
[18.210s][info ][gc,heap        ] GC(2913) Tenured: 32844K->32844K(43712K)
[18.210s][info ][gc,metaspace   ] GC(2913) Metaspace: 16404K->16404K(1064960K)
[18.210s][info ][gc             ] GC(2913) Pause Young (Allocation Failure) 49M->33M(61M) 0.567ms
[18.210s][info ][gc,cpu         ] GC(2913) User=0.00s Sys=0.00s Real=0.00s
[18.211s][info ][gc,start       ] GC(2914) Pause Young (Allocation Failure)
[18.212s][debug][gc,age         ] GC(2914) Desired survivor size 1114112 bytes, new threshold 1 (max threshold 15)
[18.212s][info ][gc,heap        ] GC(2914) DefNew: 19076K->1955K(19648K)
[18.212s][info ][gc,heap        ] GC(2914) Tenured: 32844K->33626K(43712K)
[18.212s][info ][gc,metaspace   ] GC(2914) Metaspace: 16404K->16404K(1064960K)
[18.212s][info ][gc             ] GC(2914) Pause Young (Allocation Failure) 50M->34M(61M) 0.613ms
[18.212s][info ][gc,cpu         ] GC(2914) User=0.00s Sys=0.00s Real=0.00s
[18.213s][info ][gc,start       ] GC(2915) Pause Young (Allocation Failure)
[18.213s][debug][gc,age         ] GC(2915) Desired survivor size 1114112 bytes, new threshold 1 (max threshold 15)
[18.214s][info ][gc,heap        ] GC(2915) DefNew: 19088K->1564K(19648K)
[18.214s][info ][gc,heap        ] GC(2915) Tenured: 33626K->34016K(43712K)
[18.214s][info ][gc,metaspace   ] GC(2915) Metaspace: 16404K->16404K(1064960K)
[18.214s][info ][gc             ] GC(2915) Pause Young (Allocation Failure) 51M->34M(61M) 0.486ms
[18.214s][info ][gc,cpu         ] GC(2915) User=0.00s Sys=0.00s Real=0.00s
[18.215s][info ][gc,start       ] GC(2916) Pause Young (Allocation Failure)
[18.216s][debug][gc,age         ] GC(2916) Desired survivor size 1114112 bytes, new threshold 1 (max threshold 15)
[18.216s][info ][gc,heap        ] GC(2916) DefNew: 18744K->1564K(19648K)
[18.216s][info ][gc,heap        ] GC(2916) Tenured: 34016K->34407K(43712K)
[18.216s][info ][gc,metaspace   ] GC(2916) Metaspace: 16404K->16404K(1064960K)
[18.216s][info ][gc             ] GC(2916) Pause Young (Allocation Failure) 51M->35M(61M) 0.655ms
[18.216s][info ][gc,cpu         ] GC(2916) User=0.00s Sys=0.00s Real=0.00s
[18.217s][info ][gc,start       ] GC(2917) Pause Young (Allocation Failure)
[18.218s][debug][gc,age         ] GC(2917) Desired survivor size 1114112 bytes, new threshold 1 (max threshold 15)
[18.218s][info ][gc,heap        ] GC(2917) DefNew: 19023K->1955K(19648K)
[18.218s][info ][gc,heap        ] GC(2917) Tenured: 34407K->34799K(43712K)
[18.218s][info ][gc,metaspace   ] GC(2917) Metaspace: 16404K->16404K(1064960K)
[18.218s][info ][gc             ] GC(2917) Pause Young (Allocation Failure) 52M->35M(61M) 0.895ms
[18.218s][info ][gc,cpu         ] GC(2917) User=0.00s Sys=0.00s Real=0.00s
[18.219s][info ][gc,start       ] GC(2918) Pause Young (Allocation Failure)
[18.220s][debug][gc,age         ] GC(2918) Desired survivor size 1114112 bytes, new threshold 1 (max threshold 15)
[18.220s][info ][gc,heap        ] GC(2918) DefNew: 19146K->1564K(19648K)
[18.220s][info ][gc,heap        ] GC(2918) Tenured: 34799K->34799K(43712K)
[18.220s][info ][gc,metaspace   ] GC(2918) Metaspace: 16404K->16404K(1064960K)
[18.220s][info ][gc             ] GC(2918) Pause Young (Allocation Failure) 52M->35M(61M) 0.494ms
[18.220s][info ][gc,cpu         ] GC(2918) User=0.00s Sys=0.00s Real=0.00s
[18.221s][info ][gc,start       ] GC(2919) Pause Young (Allocation Failure)
[18.222s][debug][gc,age         ] GC(2919) Desired survivor size 1114112 bytes, new threshold 1 (max threshold 15)
[18.222s][info ][gc,heap        ] GC(2919) DefNew: 19036K->1564K(19648K)
[18.222s][info ][gc,heap        ] GC(2919) Tenured: 34799K->35190K(43712K)
[18.222s][info ][gc,metaspace   ] GC(2919) Metaspace: 16404K->16404K(1064960K)
[18.222s][info ][gc             ] GC(2919) Pause Young (Allocation Failure) 52M->35M(61M) 0.532ms
[18.222s][info ][gc,cpu         ] GC(2919) User=0.00s Sys=0.00s Real=0.00s
[18.223s][info ][gc,start       ] GC(2920) Pause Young (Allocation Failure)
[18.224s][debug][gc,age         ] GC(2920) Desired survivor size 1114112 bytes, new threshold 1 (max threshold 15)
[18.224s][info ][gc,heap        ] GC(2920) DefNew: 18702K->1955K(19648K)
[18.224s][info ][gc,heap        ] GC(2920) Tenured: 35190K->35581K(43712K)
[18.224s][info ][gc,metaspace   ] GC(2920) Metaspace: 16404K->16404K(1064960K)
[18.224s][info ][gc             ] GC(2920) Pause Young (Allocation Failure) 52M->36M(61M) 0.609ms
[18.224s][info ][gc,cpu         ] GC(2920) User=0.00s Sys=0.00s Real=0.00s
[18.225s][info ][gc,start       ] GC(2921) Pause Young (Allocation Failure)
[18.225s][debug][gc,age         ] GC(2921) Desired survivor size 1114112 bytes, new threshold 1 (max threshold 15)
[18.225s][info ][gc,heap        ] GC(2921) DefNew: 19097K->1955K(19648K)
[18.225s][info ][gc,heap        ] GC(2921) Tenured: 35581K->35972K(43712K)
[18.225s][info ][gc,metaspace   ] GC(2921) Metaspace: 16404K->16404K(1064960K)
[18.225s][info ][gc             ] GC(2921) Pause Young (Allocation Failure) 53M->37M(61M) 0.666ms
[18.225s][info ][gc,cpu         ] GC(2921) User=0.00s Sys=0.00s Real=0.00s
[18.227s][info ][gc,start       ] GC(2922) Pause Young (Allocation Failure)
[18.227s][debug][gc,age         ] GC(2922) Desired survivor size 1114112 bytes, new threshold 1 (max threshold 15)
[18.227s][info ][gc,heap        ] GC(2922) DefNew: 19427K->1954K(19648K)
[18.227s][info ][gc,heap        ] GC(2922) Tenured: 35972K->36364K(43712K)
[18.227s][info ][gc,metaspace   ] GC(2922) Metaspace: 16404K->16404K(1064960K)
[18.227s][info ][gc             ] GC(2922) Pause Young (Allocation Failure) 54M->37M(61M) 0.531ms
[18.227s][info ][gc,cpu         ] GC(2922) User=0.00s Sys=0.00s Real=0.00s
[18.229s][info ][gc,start       ] GC(2923) Pause Young (Allocation Failure)
[18.229s][debug][gc,age         ] GC(2923) Desired survivor size 1114112 bytes, new threshold 1 (max threshold 15)
[18.229s][info ][gc,heap        ] GC(2923) DefNew: 19089K->1564K(19648K)
[18.229s][info ][gc,heap        ] GC(2923) Tenured: 36364K->36754K(43712K)
[18.229s][info ][gc,metaspace   ] GC(2923) Metaspace: 16404K->16404K(1064960K)
[18.229s][info ][gc             ] GC(2923) Pause Young (Allocation Failure) 54M->37M(61M) 0.484ms
[18.229s][info ][gc,cpu         ] GC(2923) User=0.00s Sys=0.00s Real=0.00s
[18.230s][info ][gc,start       ] GC(2924) Pause Young (Allocation Failure)
[18.231s][debug][gc,age         ] GC(2924) Desired survivor size 1114112 bytes, new threshold 1 (max threshold 15)
[18.231s][info ][gc,heap        ] GC(2924) DefNew: 18673K->1955K(19648K)
[18.231s][info ][gc,heap        ] GC(2924) Tenured: 36754K->37146K(43712K)
[18.231s][info ][gc,metaspace   ] GC(2924) Metaspace: 16404K->16404K(1064960K)
[18.231s][info ][gc             ] GC(2924) Pause Young (Allocation Failure) 54M->38M(61M) 0.548ms
[18.231s][info ][gc,cpu         ] GC(2924) User=0.00s Sys=0.00s Real=0.00s
[18.232s][info ][gc,start       ] GC(2925) Pause Young (Allocation Failure)
[18.233s][debug][gc,age         ] GC(2925) Desired survivor size 1114112 bytes, new threshold 1 (max threshold 15)
[18.233s][info ][gc,heap        ] GC(2925) DefNew: 19176K->1955K(19648K)
[18.233s][info ][gc,heap        ] GC(2925) Tenured: 37146K->37536K(43712K)
[18.233s][info ][gc,metaspace   ] GC(2925) Metaspace: 16404K->16404K(1064960K)
[18.233s][info ][gc             ] GC(2925) Pause Young (Allocation Failure) 55M->38M(61M) 0.669ms
[18.233s][info ][gc,cpu         ] GC(2925) User=0.00s Sys=0.00s Real=0.00s
[18.234s][info ][gc,start       ] GC(2926) Pause Young (Allocation Failure)
[18.235s][debug][gc,age         ] GC(2926) Desired survivor size 1114112 bytes, new threshold 1 (max threshold 15)
[18.235s][info ][gc,heap        ] GC(2926) DefNew: 19147K->1955K(19648K)
[18.235s][info ][gc,heap        ] GC(2926) Tenured: 37536K->37927K(43712K)
[18.235s][info ][gc,metaspace   ] GC(2926) Metaspace: 16404K->16404K(1064960K)
[18.235s][info ][gc             ] GC(2926) Pause Young (Allocation Failure) 55M->38M(61M) 0.519ms
[18.235s][info ][gc,cpu         ] GC(2926) User=0.00s Sys=0.00s Real=0.00s
[18.236s][info ][gc,start       ] GC(2927) Pause Young (Allocation Failure)
[18.236s][debug][gc,age         ] GC(2927) Desired survivor size 1114112 bytes, new threshold 1 (max threshold 15)
[18.236s][info ][gc,heap        ] GC(2927) DefNew: 19036K->1564K(19648K)
[18.236s][info ][gc,heap        ] GC(2927) Tenured: 37927K->38318K(43712K)
[18.236s][info ][gc,metaspace   ] GC(2927) Metaspace: 16404K->16404K(1064960K)
[18.236s][info ][gc             ] GC(2927) Pause Young (Allocation Failure) 55M->38M(61M) 0.494ms
[18.236s][info ][gc,cpu         ] GC(2927) User=0.00s Sys=0.00s Real=0.00s
[18.237s][info ][gc,start       ] GC(2928) Pause Young (Allocation Failure)
[18.238s][debug][gc,age         ] GC(2928) Desired survivor size 1114112 bytes, new threshold 1 (max threshold 15)
[18.238s][info ][gc,heap        ] GC(2928) DefNew: 19036K->1954K(19648K)
[18.238s][info ][gc,heap        ] GC(2928) Tenured: 38318K->39100K(43712K)
[18.238s][info ][gc,metaspace   ] GC(2928) Metaspace: 16404K->16404K(1064960K)
[18.238s][info ][gc             ] GC(2928) Pause Young (Allocation Failure) 56M->40M(61M) 0.617ms
[18.238s][info ][gc,cpu         ] GC(2928) User=0.00s Sys=0.00s Real=0.00s
[18.239s][info ][gc,start       ] GC(2929) Pause Young (Allocation Failure)
[18.240s][debug][gc,age         ] GC(2929) Desired survivor size 1114112 bytes, new threshold 1 (max threshold 15)
[18.240s][info ][gc,heap        ] GC(2929) DefNew: 19161K->1955K(19648K)
[18.240s][info ][gc,heap        ] GC(2929) Tenured: 39100K->40272K(43712K)
[18.240s][info ][gc,metaspace   ] GC(2929) Metaspace: 16404K->16404K(1064960K)
[18.240s][info ][gc             ] GC(2929) Pause Young (Allocation Failure) 56M->41M(61M) 0.570ms
[18.240s][info ][gc,cpu         ] GC(2929) User=0.00s Sys=0.00s Real=0.00s
[18.241s][info ][gc,start       ] GC(2930) Pause Young (Allocation Failure)
[18.242s][debug][gc,age         ] GC(2930) Desired survivor size 1114112 bytes, new threshold 1 (max threshold 15)
[18.242s][info ][gc,heap        ] GC(2930) DefNew: 19085K->1955K(19648K)
[18.242s][info ][gc,heap        ] GC(2930) Tenured: 40272K->40664K(43712K)
[18.242s][info ][gc,metaspace   ] GC(2930) Metaspace: 16404K->16404K(1064960K)
[18.242s][info ][gc             ] GC(2930) Pause Young (Allocation Failure) 57M->41M(61M) 0.544ms
[18.242s][info ][gc,cpu         ] GC(2930) User=0.00s Sys=0.00s Real=0.00s
[18.243s][info ][gc,start       ] GC(2931) Pause Young (Allocation Failure)
[18.244s][debug][gc,age         ] GC(2931) Desired survivor size 1114112 bytes, new threshold 1 (max threshold 15)
[18.244s][info ][gc,heap        ] GC(2931) DefNew: 19042K->1954K(19648K)
[18.244s][info ][gc,heap        ] GC(2931) Tenured: 40664K->41445K(43712K)
[18.244s][info ][gc,metaspace   ] GC(2931) Metaspace: 16404K->16404K(1064960K)
[18.244s][info ][gc             ] GC(2931) Pause Young (Allocation Failure) 58M->42M(61M) 0.721ms
[18.244s][info ][gc,cpu         ] GC(2931) User=0.00s Sys=0.00s Real=0.00s
[18.245s][info ][gc,start       ] GC(2932) Pause Young (Allocation Failure)
[18.245s][debug][gc,age         ] GC(2932) Desired survivor size 1114112 bytes, new threshold 1 (max threshold 15)
[18.245s][info ][gc,heap        ] GC(2932) DefNew: 19400K->1563K(19648K)
[18.245s][info ][gc,heap        ] GC(2932) Tenured: 41445K->41837K(43712K)
[18.245s][info ][gc,metaspace   ] GC(2932) Metaspace: 16404K->16404K(1064960K)
[18.245s][info ][gc             ] GC(2932) Pause Young (Allocation Failure) 59M->42M(61M) 0.502ms
[18.245s][info ][gc,cpu         ] GC(2932) User=0.00s Sys=0.00s Real=0.00s
[18.246s][info ][gc,start       ] GC(2933) Pause Young (Allocation Failure)
[18.247s][debug][gc,age         ] GC(2933) Desired survivor size 1114112 bytes, new threshold 1 (max threshold 15)
[18.247s][info ][gc,heap        ] GC(2933) DefNew: 18747K->1173K(19648K)
[18.247s][info ][gc,heap        ] GC(2933) Tenured: 41837K->41837K(43712K)
[18.247s][info ][gc,metaspace   ] GC(2933) Metaspace: 16404K->16404K(1064960K)
[18.247s][info ][gc             ] GC(2933) Pause Young (Allocation Failure) 59M->42M(61M) 0.451ms
[18.247s][info ][gc,cpu         ] GC(2933) User=0.00s Sys=0.00s Real=0.00s
[18.248s][info ][gc,start       ] GC(2934) Pause Young (Allocation Failure)
[18.249s][debug][gc,age         ] GC(2934) Desired survivor size 1114112 bytes, new threshold 1 (max threshold 15)
[18.249s][info ][gc,heap        ] GC(2934) DefNew: 18355K->1955K(19648K)
[18.249s][info ][gc,heap        ] GC(2934) Tenured: 41837K->41837K(43712K)
[18.249s][info ][gc,metaspace   ] GC(2934) Metaspace: 16404K->16404K(1064960K)
[18.249s][info ][gc             ] GC(2934) Pause Young (Allocation Failure) 58M->42M(61M) 0.795ms
[18.249s][info ][gc,cpu         ] GC(2934) User=0.00s Sys=0.00s Real=0.00s
[18.250s][info ][gc,start       ] GC(2935) Pause Young (Allocation Failure)
[18.251s][debug][gc,age         ] GC(2935) Desired survivor size 1114112 bytes, new threshold 1 (max threshold 15)
[18.252s][info ][gc,heap        ] GC(2935) DefNew: 19161K->1955K(19648K)
[18.252s][info ][gc,heap        ] GC(2935) Tenured: 41837K->42618K(43712K)
[18.252s][info ][gc,metaspace   ] GC(2935) Metaspace: 16404K->16404K(1064960K)
[18.252s][info ][gc             ] GC(2935) Pause Young (Allocation Failure) 59M->43M(61M) 1.583ms
[18.252s][info ][gc,cpu         ] GC(2935) User=0.00s Sys=0.00s Real=0.00s
[18.253s][info ][gc,start       ] GC(2936) Pause Young (Allocation Failure)
[18.253s][info ][gc,start       ] GC(2937) Pause Full (Allocation Failure)
[18.253s][info ][gc,phases,start] GC(2937) Phase 1: Mark live objects
[18.256s][debug][gc,phases      ] GC(2937) Reference Processing 0.034ms
[18.256s][debug][gc,phases      ] GC(2937) Weak Processing 0.011ms
[18.256s][debug][gc,phases      ] GC(2937) ClassLoaderData 0.091ms
[18.256s][debug][gc,phases      ] GC(2937) ProtectionDomainCacheTable 0.003ms
[18.256s][debug][gc,phases      ] GC(2937) ResolvedMethodTable 0.018ms
[18.257s][debug][gc,phases      ] GC(2937) Class Unloading 0.832ms
[18.257s][debug][gc,phases      ] GC(2937) Scrub String Table 0.051ms
[18.258s][debug][gc,phases      ] GC(2937) Scrub Symbol Table 1.013ms
[18.258s][info ][gc,phases      ] GC(2937) Phase 1: Mark live objects 4.637ms
[18.258s][info ][gc,phases,start] GC(2937) Phase 2: Compute new object addresses
[18.259s][info ][gc,phases      ] GC(2937) Phase 2: Compute new object addresses 0.769ms
[18.259s][info ][gc,phases,start] GC(2937) Phase 3: Adjust pointers
[18.262s][info ][gc,phases      ] GC(2937) Phase 3: Adjust pointers 3.340ms
[18.262s][info ][gc,phases,start] GC(2937) Phase 4: Move objects
[18.262s][info ][gc,phases      ] GC(2937) Phase 4: Move objects 0.332ms
[18.263s][info ][gc             ] GC(2937) Pause Full (Allocation Failure) 60M->5M(61M) 9.325ms
[18.263s][info ][gc,heap        ] GC(2936) DefNew: 19424K->0K(19648K)
[18.263s][info ][gc,heap        ] GC(2936) Tenured: 42618K->5880K(43712K)
[18.263s][info ][gc,metaspace   ] GC(2936) Metaspace: 16404K->16404K(1064960K)
[18.263s][info ][gc             ] GC(2936) Pause Young (Allocation Failure) 60M->5M(61M) 9.444ms
[18.263s][info ][gc,cpu         ] GC(2936) User=0.01s Sys=0.00s Real=0.01s
[18.264s][info ][gc,start       ] GC(2938) Pause Young (Allocation Failure)
[18.264s][debug][gc,age         ] GC(2938) Desired survivor size 1114112 bytes, new threshold 15 (max threshold 15)
[18.264s][info ][gc,heap        ] GC(2938) DefNew: 17472K->392K(19648K)
[18.264s][info ][gc,heap        ] GC(2938) Tenured: 5880K->5880K(43712K)
[18.264s][info ][gc,metaspace   ] GC(2938) Metaspace: 16404K->16404K(1064960K)
[18.264s][info ][gc             ] GC(2938) Pause Young (Allocation Failure) 22M->6M(61M) 0.561ms
[18.264s][info ][gc,cpu         ] GC(2938) User=0.00s Sys=0.01s Real=0.00s
[18.266s][info ][gc,start       ] GC(2939) Pause Young (Allocation Failure)
[18.266s][debug][gc,age         ] GC(2939) Desired survivor size 1114112 bytes, new threshold 1 (max threshold 15)
[18.266s][info ][gc,heap        ] GC(2939) DefNew: 17488K->1174K(19648K)
[18.266s][info ][gc,heap        ] GC(2939) Tenured: 5880K->5880K(43712K)
[18.266s][info ][gc,metaspace   ] GC(2939) Metaspace: 16404K->16404K(1064960K)
[18.266s][info ][gc             ] GC(2939) Pause Young (Allocation Failure) 22M->6M(61M) 0.464ms
[18.266s][info ][gc,cpu         ] GC(2939) User=0.00s Sys=0.00s Real=0.00s
[18.267s][info ][gc,start       ] GC(2940) Pause Young (Allocation Failure)
[18.268s][debug][gc,age         ] GC(2940) Desired survivor size 1114112 bytes, new threshold 15 (max threshold 15)
[18.268s][info ][gc,heap        ] GC(2940) DefNew: 18586K->782K(19648K)
[18.268s][info ][gc,heap        ] GC(2940) Tenured: 5880K->6663K(43712K)
[18.268s][info ][gc,metaspace   ] GC(2940) Metaspace: 16404K->16404K(1064960K)
[18.268s][info ][gc             ] GC(2940) Pause Young (Allocation Failure) 23M->7M(61M) 0.489ms
[18.268s][info ][gc,cpu         ] GC(2940) User=0.00s Sys=0.00s Real=0.00s
[18.269s][info ][gc,start       ] GC(2941) Pause Young (Allocation Failure)
[18.270s][debug][gc,age         ] GC(2941) Desired survivor size 1114112 bytes, new threshold 15 (max threshold 15)
[18.270s][info ][gc,heap        ] GC(2941) DefNew: 18170K->782K(19648K)
[18.270s][info ][gc,heap        ] GC(2941) Tenured: 6663K->6663K(43712K)
[18.270s][info ][gc,metaspace   ] GC(2941) Metaspace: 16404K->16404K(1064960K)
[18.270s][info ][gc             ] GC(2941) Pause Young (Allocation Failure) 24M->7M(61M) 0.384ms
[18.270s][info ][gc,cpu         ] GC(2941) User=0.00s Sys=0.00s Real=0.00s
[18.271s][info ][gc,start       ] GC(2942) Pause Young (Allocation Failure)
[18.272s][debug][gc,age         ] GC(2942) Desired survivor size 1114112 bytes, new threshold 1 (max threshold 15)
[18.272s][info ][gc,heap        ] GC(2942) DefNew: 17993K->1955K(19648K)
[18.272s][info ][gc,heap        ] GC(2942) Tenured: 6663K->7054K(43712K)
[18.272s][info ][gc,metaspace   ] GC(2942) Metaspace: 16404K->16404K(1064960K)
[18.272s][info ][gc             ] GC(2942) Pause Young (Allocation Failure) 24M->8M(61M) 0.682ms
[18.272s][info ][gc,cpu         ] GC(2942) User=0.00s Sys=0.00s Real=0.00s
[18.273s][info ][gc,start       ] GC(2943) Pause Young (Allocation Failure)
[18.274s][debug][gc,age         ] GC(2943) Desired survivor size 1114112 bytes, new threshold 1 (max threshold 15)
[18.274s][info ][gc,heap        ] GC(2943) DefNew: 19140K->1173K(19648K)
[18.274s][info ][gc,heap        ] GC(2943) Tenured: 7054K->7055K(43712K)
[18.274s][info ][gc,metaspace   ] GC(2943) Metaspace: 16404K->16404K(1064960K)
[18.274s][info ][gc             ] GC(2943) Pause Young (Allocation Failure) 25M->8M(61M) 0.524ms
[18.274s][info ][gc,cpu         ] GC(2943) User=0.01s Sys=0.00s Real=0.00s
[18.275s][info ][gc,start       ] GC(2944) Pause Young (Allocation Failure)
[18.275s][debug][gc,age         ] GC(2944) Desired survivor size 1114112 bytes, new threshold 1 (max threshold 15)
[18.275s][info ][gc,heap        ] GC(2944) DefNew: 18264K->1173K(19648K)
[18.275s][info ][gc,heap        ] GC(2944) Tenured: 7055K->7446K(43712K)
[18.275s][info ][gc,metaspace   ] GC(2944) Metaspace: 16404K->16404K(1064960K)
[18.275s][info ][gc             ] GC(2944) Pause Young (Allocation Failure) 24M->8M(61M) 0.526ms
[18.275s][info ][gc,cpu         ] GC(2944) User=0.00s Sys=0.00s Real=0.00s
[18.277s][info ][gc,start       ] GC(2945) Pause Young (Allocation Failure)
[18.277s][debug][gc,age         ] GC(2945) Desired survivor size 1114112 bytes, new threshold 1 (max threshold 15)
[18.277s][info ][gc,heap        ] GC(2945) DefNew: 18618K->1563K(19648K)
[18.277s][info ][gc,heap        ] GC(2945) Tenured: 7446K->7837K(43712K)
[18.277s][info ][gc,metaspace   ] GC(2945) Metaspace: 16404K->16404K(1064960K)
[18.277s][info ][gc             ] GC(2945) Pause Young (Allocation Failure) 25M->9M(61M) 0.523ms
[18.277s][info ][gc,cpu         ] GC(2945) User=0.00s Sys=0.00s Real=0.00s
[18.278s][info ][gc,start       ] GC(2946) Pause Young (Allocation Failure)
[18.279s][debug][gc,age         ] GC(2946) Desired survivor size 1114112 bytes, new threshold 1 (max threshold 15)
[18.279s][info ][gc,heap        ] GC(2946) DefNew: 18775K->1563K(19648K)
[18.279s][info ][gc,heap        ] GC(2946) Tenured: 7837K->7837K(43712K)
[18.279s][info ][gc,metaspace   ] GC(2946) Metaspace: 16404K->16404K(1064960K)
[18.279s][info ][gc             ] GC(2946) Pause Young (Allocation Failure) 25M->9M(61M) 0.412ms
[18.279s][info ][gc,cpu         ] GC(2946) User=0.00s Sys=0.00s Real=0.00s
[18.280s][info ][gc,start       ] GC(2947) Pause Young (Allocation Failure)
[18.280s][debug][gc,age         ] GC(2947) Desired survivor size 1114112 bytes, new threshold 1 (max threshold 15)
[18.280s][info ][gc,heap        ] GC(2947) DefNew: 18878K->1564K(19648K)
[18.280s][info ][gc,heap        ] GC(2947) Tenured: 7837K->7837K(43712K)
[18.280s][info ][gc,metaspace   ] GC(2947) Metaspace: 16404K->16404K(1064960K)
[18.280s][info ][gc             ] GC(2947) Pause Young (Allocation Failure) 26M->9M(61M) 0.431ms
[18.280s][info ][gc,cpu         ] GC(2947) User=0.00s Sys=0.00s Real=0.00s
[18.282s][info ][gc,start       ] GC(2948) Pause Young (Allocation Failure)
[18.282s][debug][gc,age         ] GC(2948) Desired survivor size 1114112 bytes, new threshold 1 (max threshold 15)
[18.282s][info ][gc,heap        ] GC(2948) DefNew: 18712K->1564K(19648K)
[18.282s][info ][gc,heap        ] GC(2948) Tenured: 7837K->7838K(43712K)
[18.282s][info ][gc,metaspace   ] GC(2948) Metaspace: 16404K->16404K(1064960K)
[18.282s][info ][gc             ] GC(2948) Pause Young (Allocation Failure) 25M->9M(61M) 0.630ms
[18.282s][info ][gc,cpu         ] GC(2948) User=0.00s Sys=0.00s Real=0.00s
[18.284s][info ][gc,start       ] GC(2949) Pause Young (Allocation Failure)
[18.284s][debug][gc,age         ] GC(2949) Desired survivor size 1114112 bytes, new threshold 15 (max threshold 15)
[18.284s][info ][gc,heap        ] GC(2949) DefNew: 19036K->782K(19648K)
[18.284s][info ][gc,heap        ] GC(2949) Tenured: 7838K->8620K(43712K)
[18.284s][info ][gc,metaspace   ] GC(2949) Metaspace: 16404K->16404K(1064960K)
[18.284s][info ][gc             ] GC(2949) Pause Young (Allocation Failure) 26M->9M(61M) 0.621ms
[18.284s][info ][gc,cpu         ] GC(2949) User=0.00s Sys=0.00s Real=0.00s
[18.286s][info ][gc,start       ] GC(2950) Pause Young (Allocation Failure)
[18.286s][debug][gc,age         ] GC(2950) Desired survivor size 1114112 bytes, new threshold 1 (max threshold 15)
[18.286s][info ][gc,heap        ] GC(2950) DefNew: 18237K->1564K(19648K)
[18.286s][info ][gc,heap        ] GC(2950) Tenured: 8620K->8620K(43712K)
[18.286s][info ][gc,metaspace   ] GC(2950) Metaspace: 16404K->16404K(1064960K)
[18.286s][info ][gc             ] GC(2950) Pause Young (Allocation Failure) 26M->9M(61M) 0.467ms
[18.286s][info ][gc,cpu         ] GC(2950) User=0.00s Sys=0.00s Real=0.00s
[18.287s][info ][gc,start       ] GC(2951) Pause Young (Allocation Failure)
[18.288s][debug][gc,age         ] GC(2951) Desired survivor size 1114112 bytes, new threshold 1 (max threshold 15)
[18.288s][info ][gc,heap        ] GC(2951) DefNew: 18717K->1955K(19648K)
[18.288s][info ][gc,heap        ] GC(2951) Tenured: 8620K->9011K(43712K)
[18.288s][info ][gc,metaspace   ] GC(2951) Metaspace: 16404K->16404K(1064960K)
[18.288s][info ][gc             ] GC(2951) Pause Young (Allocation Failure) 26M->10M(61M) 0.755ms
[18.288s][info ][gc,cpu         ] GC(2951) User=0.00s Sys=0.00s Real=0.00s
[18.290s][info ][gc,start       ] GC(2952) Pause Young (Allocation Failure)
[18.290s][debug][gc,age         ] GC(2952) Desired survivor size 1114112 bytes, new threshold 1 (max threshold 15)
[18.290s][info ][gc,heap        ] GC(2952) DefNew: 19233K->1955K(19648K)
[18.290s][info ][gc,heap        ] GC(2952) Tenured: 9011K->9402K(43712K)
[18.290s][info ][gc,metaspace   ] GC(2952) Metaspace: 16404K->16404K(1064960K)
[18.290s][info ][gc             ] GC(2952) Pause Young (Allocation Failure) 27M->11M(61M) 0.703ms
[18.290s][info ][gc,cpu         ] GC(2952) User=0.00s Sys=0.00s Real=0.00s
[18.292s][info ][gc,start       ] GC(2953) Pause Young (Allocation Failure)
[18.293s][debug][gc,age         ] GC(2953) Desired survivor size 1114112 bytes, new threshold 1 (max threshold 15)
[18.293s][info ][gc,heap        ] GC(2953) DefNew: 19184K->1955K(19648K)
[18.293s][info ][gc,heap        ] GC(2953) Tenured: 9402K->9793K(43712K)
[18.293s][info ][gc,metaspace   ] GC(2953) Metaspace: 16404K->16404K(1064960K)
[18.293s][info ][gc             ] GC(2953) Pause Young (Allocation Failure) 27M->11M(61M) 0.694ms
[18.293s][info ][gc,cpu         ] GC(2953) User=0.00s Sys=0.00s Real=0.00s
[18.294s][info ][gc,start       ] GC(2954) Pause Young (Allocation Failure)
[18.294s][debug][gc,age         ] GC(2954) Desired survivor size 1114112 bytes, new threshold 1 (max threshold 15)
[18.294s][info ][gc,heap        ] GC(2954) DefNew: 19427K->1954K(19648K)
[18.294s][info ][gc,heap        ] GC(2954) Tenured: 9793K->10575K(43712K)
[18.294s][info ][gc,metaspace   ] GC(2954) Metaspace: 16404K->16404K(1064960K)
[18.295s][info ][gc             ] GC(2954) Pause Young (Allocation Failure) 28M->12M(61M) 0.617ms
[18.295s][info ][gc,cpu         ] GC(2954) User=0.00s Sys=0.00s Real=0.00s
[18.296s][info ][gc,start       ] GC(2955) Pause Young (Allocation Failure)
[18.297s][debug][gc,age         ] GC(2955) Desired survivor size 1114112 bytes, new threshold 1 (max threshold 15)
[18.297s][info ][gc,heap        ] GC(2955) DefNew: 19173K->1955K(19648K)
[18.297s][info ][gc,heap        ] GC(2955) Tenured: 10575K->11356K(43712K)
[18.297s][info ][gc,metaspace   ] GC(2955) Metaspace: 16404K->16404K(1064960K)
[18.297s][info ][gc             ] GC(2955) Pause Young (Allocation Failure) 29M->12M(61M) 0.621ms
[18.297s][info ][gc,cpu         ] GC(2955) User=0.00s Sys=0.00s Real=0.00s
[18.298s][info ][gc,start       ] GC(2956) Pause Young (Allocation Failure)
[18.298s][debug][gc,age         ] GC(2956) Desired survivor size 1114112 bytes, new threshold 1 (max threshold 15)
[18.299s][info ][gc,heap        ] GC(2956) DefNew: 19146K->1564K(19648K)
[18.299s][info ][gc,heap        ] GC(2956) Tenured: 11356K->11356K(43712K)
[18.299s][info ][gc,metaspace   ] GC(2956) Metaspace: 16404K->16404K(1064960K)
[18.299s][info ][gc             ] GC(2956) Pause Young (Allocation Failure) 29M->12M(61M) 0.538ms
[18.299s][info ][gc,cpu         ] GC(2956) User=0.00s Sys=0.00s Real=0.00s
[18.300s][info ][gc,start       ] GC(2957) Pause Young (Allocation Failure)
[18.301s][debug][gc,age         ] GC(2957) Desired survivor size 1114112 bytes, new threshold 1 (max threshold 15)
[18.301s][info ][gc,heap        ] GC(2957) DefNew: 18737K->1955K(19648K)
[18.301s][info ][gc,heap        ] GC(2957) Tenured: 11356K->12528K(43712K)
[18.301s][info ][gc,metaspace   ] GC(2957) Metaspace: 16404K->16404K(1064960K)
[18.301s][info ][gc             ] GC(2957) Pause Young (Allocation Failure) 29M->14M(61M) 0.967ms
[18.301s][info ][gc,cpu         ] GC(2957) User=0.00s Sys=0.00s Real=0.00s
[18.302s][info ][gc,start       ] GC(2958) Pause Young (Allocation Failure)
[18.303s][debug][gc,age         ] GC(2958) Desired survivor size 1114112 bytes, new threshold 1 (max threshold 15)
[18.303s][info ][gc,heap        ] GC(2958) DefNew: 19116K->1955K(19648K)
[18.303s][info ][gc,heap        ] GC(2958) Tenured: 12528K->12528K(43712K)
[18.303s][info ][gc,metaspace   ] GC(2958) Metaspace: 16404K->16404K(1064960K)
[18.303s][info ][gc             ] GC(2958) Pause Young (Allocation Failure) 30M->14M(61M) 0.619ms
[18.303s][info ][gc,cpu         ] GC(2958) User=0.00s Sys=0.00s Real=0.00s
[18.304s][info ][gc,start       ] GC(2959) Pause Young (Allocation Failure)
[18.305s][debug][gc,age         ] GC(2959) Desired survivor size 1114112 bytes, new threshold 1 (max threshold 15)
[18.305s][info ][gc,heap        ] GC(2959) DefNew: 19427K->1173K(19648K)
[18.305s][info ][gc,heap        ] GC(2959) Tenured: 12528K->13701K(43712K)
[18.305s][info ][gc,metaspace   ] GC(2959) Metaspace: 16404K->16404K(1064960K)
[18.305s][info ][gc             ] GC(2959) Pause Young (Allocation Failure) 31M->14M(61M) 0.590ms
[18.305s][info ][gc,cpu         ] GC(2959) User=0.00s Sys=0.00s Real=0.00s
[18.306s][info ][gc,start       ] GC(2960) Pause Young (Allocation Failure)
[18.307s][debug][gc,age         ] GC(2960) Desired survivor size 1114112 bytes, new threshold 1 (max threshold 15)
[18.307s][info ][gc,heap        ] GC(2960) DefNew: 18643K->1564K(19648K)
[18.307s][info ][gc,heap        ] GC(2960) Tenured: 13701K->13701K(43712K)
[18.307s][info ][gc,metaspace   ] GC(2960) Metaspace: 16404K->16404K(1064960K)
[18.307s][info ][gc             ] GC(2960) Pause Young (Allocation Failure) 31M->14M(61M) 0.595ms
[18.307s][info ][gc,cpu         ] GC(2960) User=0.00s Sys=0.00s Real=0.00s
[18.308s][info ][gc,start       ] GC(2961) Pause Young (Allocation Failure)
[18.309s][debug][gc,age         ] GC(2961) Desired survivor size 1114112 bytes, new threshold 1 (max threshold 15)
[18.309s][info ][gc,heap        ] GC(2961) DefNew: 18997K->1173K(19648K)
[18.309s][info ][gc,heap        ] GC(2961) Tenured: 13701K->14484K(43712K)
[18.309s][info ][gc,metaspace   ] GC(2961) Metaspace: 16404K->16404K(1064960K)
[18.309s][info ][gc             ] GC(2961) Pause Young (Allocation Failure) 31M->15M(61M) 0.528ms
[18.309s][info ][gc,cpu         ] GC(2961) User=0.00s Sys=0.00s Real=0.00s
[18.310s][info ][gc,start       ] GC(2962) Pause Young (Allocation Failure)
[18.311s][debug][gc,age         ] GC(2962) Desired survivor size 1114112 bytes, new threshold 1 (max threshold 15)
[18.311s][info ][gc,heap        ] GC(2962) DefNew: 18334K->1564K(19648K)
[18.311s][info ][gc,heap        ] GC(2962) Tenured: 14484K->14875K(43712K)
[18.311s][info ][gc,metaspace   ] GC(2962) Metaspace: 16404K->16404K(1064960K)
[18.311s][info ][gc             ] GC(2962) Pause Young (Allocation Failure) 32M->16M(61M) 0.696ms
[18.311s][info ][gc,cpu         ] GC(2962) User=0.00s Sys=0.00s Real=0.00s
[18.312s][info ][gc,start       ] GC(2963) Pause Young (Allocation Failure)
[18.313s][debug][gc,age         ] GC(2963) Desired survivor size 1114112 bytes, new threshold 1 (max threshold 15)
[18.313s][info ][gc,heap        ] GC(2963) DefNew: 18776K->1955K(19648K)
[18.313s][info ][gc,heap        ] GC(2963) Tenured: 14875K->15656K(43712K)
[18.313s][info ][gc,metaspace   ] GC(2963) Metaspace: 16404K->16404K(1064960K)
[18.313s][info ][gc             ] GC(2963) Pause Young (Allocation Failure) 32M->17M(61M) 0.612ms
[18.313s][info ][gc,cpu         ] GC(2963) User=0.00s Sys=0.00s Real=0.00s
[18.314s][info ][gc,start       ] GC(2964) Pause Young (Allocation Failure)
[18.315s][debug][gc,age         ] GC(2964) Desired survivor size 1114112 bytes, new threshold 1 (max threshold 15)
[18.315s][info ][gc,heap        ] GC(2964) DefNew: 19141K->1955K(19648K)
[18.315s][info ][gc,heap        ] GC(2964) Tenured: 15656K->16437K(43712K)
[18.315s][info ][gc,metaspace   ] GC(2964) Metaspace: 16404K->16404K(1064960K)
[18.315s][info ][gc             ] GC(2964) Pause Young (Allocation Failure) 33M->17M(61M) 1.091ms
[18.315s][info ][gc,cpu         ] GC(2964) User=0.00s Sys=0.00s Real=0.00s
[18.316s][info ][gc,start       ] GC(2965) Pause Young (Allocation Failure)
[18.317s][debug][gc,age         ] GC(2965) Desired survivor size 1114112 bytes, new threshold 1 (max threshold 15)
[18.317s][info ][gc,heap        ] GC(2965) DefNew: 19125K->1564K(19648K)
[18.317s][info ][gc,heap        ] GC(2965) Tenured: 16437K->16437K(43712K)
[18.317s][info ][gc,metaspace   ] GC(2965) Metaspace: 16404K->16404K(1064960K)
[18.317s][info ][gc             ] GC(2965) Pause Young (Allocation Failure) 34M->17M(61M) 0.586ms
[18.317s][info ][gc,cpu         ] GC(2965) User=0.00s Sys=0.00s Real=0.00s
[18.319s][info ][gc,start       ] GC(2966) Pause Young (Allocation Failure)
[18.320s][debug][gc,age         ] GC(2966) Desired survivor size 1114112 bytes, new threshold 1 (max threshold 15)
[18.320s][info ][gc,heap        ] GC(2966) DefNew: 18724K->1955K(19648K)
[18.320s][info ][gc,heap        ] GC(2966) Tenured: 16437K->17610K(43712K)
[18.320s][info ][gc,metaspace   ] GC(2966) Metaspace: 16404K->16404K(1064960K)
[18.320s][info ][gc             ] GC(2966) Pause Young (Allocation Failure) 34M->19M(61M) 0.947ms
[18.320s][info ][gc,cpu         ] GC(2966) User=0.00s Sys=0.00s Real=0.01s
[18.321s][info ][gc,start       ] GC(2967) Pause Young (Allocation Failure)
[18.322s][debug][gc,age         ] GC(2967) Desired survivor size 1114112 bytes, new threshold 1 (max threshold 15)
[18.322s][info ][gc,heap        ] GC(2967) DefNew: 19107K->1955K(19648K)
[18.322s][info ][gc,heap        ] GC(2967) Tenured: 17610K->18782K(43712K)
[18.322s][info ][gc,metaspace   ] GC(2967) Metaspace: 16404K->16404K(1064960K)
[18.322s][info ][gc             ] GC(2967) Pause Young (Allocation Failure) 35M->20M(61M) 0.684ms
[18.322s][info ][gc,cpu         ] GC(2967) User=0.00s Sys=0.00s Real=0.00s
[18.323s][info ][gc,start       ] GC(2968) Pause Young (Allocation Failure)
[18.324s][debug][gc,age         ] GC(2968) Desired survivor size 1114112 bytes, new threshold 1 (max threshold 15)
[18.324s][info ][gc,heap        ] GC(2968) DefNew: 19103K->1955K(19648K)
[18.324s][info ][gc,heap        ] GC(2968) Tenured: 18782K->19954K(43712K)
[18.324s][info ][gc,metaspace   ] GC(2968) Metaspace: 16404K->16404K(1064960K)
[18.324s][info ][gc             ] GC(2968) Pause Young (Allocation Failure) 36M->21M(61M) 0.793ms
[18.324s][info ][gc,cpu         ] GC(2968) User=0.00s Sys=0.00s Real=0.00s
[18.325s][info ][gc,start       ] GC(2969) Pause Young (Allocation Failure)
[18.326s][debug][gc,age         ] GC(2969) Desired survivor size 1114112 bytes, new threshold 1 (max threshold 15)
[18.326s][info ][gc,heap        ] GC(2969) DefNew: 19101K->1955K(19648K)
[18.326s][info ][gc,heap        ] GC(2969) Tenured: 19954K->20735K(43712K)
[18.326s][info ][gc,metaspace   ] GC(2969) Metaspace: 16404K->16404K(1064960K)
[18.326s][info ][gc             ] GC(2969) Pause Young (Allocation Failure) 38M->22M(61M) 0.656ms
[18.326s][info ][gc,cpu         ] GC(2969) User=0.00s Sys=0.00s Real=0.00s
[18.327s][info ][gc,start       ] GC(2970) Pause Young (Allocation Failure)
[18.328s][debug][gc,age         ] GC(2970) Desired survivor size 1114112 bytes, new threshold 15 (max threshold 15)
[18.328s][info ][gc,heap        ] GC(2970) DefNew: 19099K->783K(19648K)
[18.328s][info ][gc,heap        ] GC(2970) Tenured: 20735K->20735K(43712K)
[18.328s][info ][gc,metaspace   ] GC(2970) Metaspace: 16404K->16404K(1064960K)
[18.328s][info ][gc             ] GC(2970) Pause Young (Allocation Failure) 38M->21M(61M) 0.392ms
[18.328s][info ][gc,cpu         ] GC(2970) User=0.00s Sys=0.00s Real=0.00s
[18.329s][info ][gc,start       ] GC(2971) Pause Young (Allocation Failure)
[18.329s][debug][gc,age         ] GC(2971) Desired survivor size 1114112 bytes, new threshold 1 (max threshold 15)
[18.330s][info ][gc,heap        ] GC(2971) DefNew: 18200K->1564K(19648K)
[18.330s][info ][gc,heap        ] GC(2971) Tenured: 20735K->20735K(43712K)
[18.330s][info ][gc,metaspace   ] GC(2971) Metaspace: 16404K->16404K(1064960K)
[18.330s][info ][gc             ] GC(2971) Pause Young (Allocation Failure) 38M->21M(61M) 0.451ms
[18.330s][info ][gc,cpu         ] GC(2971) User=0.00s Sys=0.00s Real=0.01s
[18.331s][info ][gc,start       ] GC(2972) Pause Young (Allocation Failure)
[18.332s][debug][gc,age         ] GC(2972) Desired survivor size 1114112 bytes, new threshold 1 (max threshold 15)
[18.332s][info ][gc,heap        ] GC(2972) DefNew: 18748K->1955K(19648K)
[18.332s][info ][gc,heap        ] GC(2972) Tenured: 20735K->21126K(43712K)
[18.332s][info ][gc,metaspace   ] GC(2972) Metaspace: 16404K->16404K(1064960K)
[18.332s][info ][gc             ] GC(2972) Pause Young (Allocation Failure) 38M->22M(61M) 0.737ms
[18.332s][info ][gc,cpu         ] GC(2972) User=0.00s Sys=0.00s Real=0.00s
[18.333s][info ][gc,start       ] GC(2973) Pause Young (Allocation Failure)
[18.334s][debug][gc,age         ] GC(2973) Desired survivor size 1114112 bytes, new threshold 1 (max threshold 15)
[18.334s][info ][gc,heap        ] GC(2973) DefNew: 19123K->1955K(19648K)
[18.334s][info ][gc,heap        ] GC(2973) Tenured: 21126K->21126K(43712K)
[18.334s][info ][gc,metaspace   ] GC(2973) Metaspace: 16404K->16404K(1064960K)
[18.334s][info ][gc             ] GC(2973) Pause Young (Allocation Failure) 39M->22M(61M) 0.629ms
[18.334s][info ][gc,cpu         ] GC(2973) User=0.00s Sys=0.00s Real=0.00s
[18.335s][info ][gc,start       ] GC(2974) Pause Young (Allocation Failure)
[18.336s][debug][gc,age         ] GC(2974) Desired survivor size 1114112 bytes, new threshold 1 (max threshold 15)
[18.336s][info ][gc,heap        ] GC(2974) DefNew: 19427K->1564K(19648K)
[18.336s][info ][gc,heap        ] GC(2974) Tenured: 21126K->21908K(43712K)
[18.336s][info ][gc,metaspace   ] GC(2974) Metaspace: 16404K->16404K(1064960K)
[18.336s][info ][gc             ] GC(2974) Pause Young (Allocation Failure) 39M->22M(61M) 0.612ms
[18.336s][info ][gc,cpu         ] GC(2974) User=0.00s Sys=0.00s Real=0.00s
[18.337s][info ][gc,start       ] GC(2975) Pause Young (Allocation Failure)
[18.338s][debug][gc,age         ] GC(2975) Desired survivor size 1114112 bytes, new threshold 1 (max threshold 15)
[18.338s][info ][gc,heap        ] GC(2975) DefNew: 18647K->1564K(19648K)
[18.338s][info ][gc,heap        ] GC(2975) Tenured: 21908K->21908K(43712K)
[18.338s][info ][gc,metaspace   ] GC(2975) Metaspace: 16404K->16404K(1064960K)
[18.338s][info ][gc             ] GC(2975) Pause Young (Allocation Failure) 39M->22M(61M) 0.554ms
[18.338s][info ][gc,cpu         ] GC(2975) User=0.01s Sys=0.00s Real=0.00s
[18.339s][info ][gc,start       ] GC(2976) Pause Young (Allocation Failure)
[18.340s][debug][gc,age         ] GC(2976) Desired survivor size 1114112 bytes, new threshold 1 (max threshold 15)
[18.340s][info ][gc,heap        ] GC(2976) DefNew: 18754K->1955K(19648K)
[18.340s][info ][gc,heap        ] GC(2976) Tenured: 21908K->23080K(43712K)
[18.340s][info ][gc,metaspace   ] GC(2976) Metaspace: 16404K->16404K(1064960K)
[18.340s][info ][gc             ] GC(2976) Pause Young (Allocation Failure) 39M->24M(61M) 1.020ms
[18.340s][info ][gc,cpu         ] GC(2976) User=0.00s Sys=0.00s Real=0.01s
[18.341s][info ][gc,start       ] GC(2977) Pause Young (Allocation Failure)
[18.342s][debug][gc,age         ] GC(2977) Desired survivor size 1114112 bytes, new threshold 1 (max threshold 15)
[18.342s][info ][gc,heap        ] GC(2977) DefNew: 19128K->1955K(19648K)
[18.342s][info ][gc,heap        ] GC(2977) Tenured: 23080K->23471K(43712K)
[18.342s][info ][gc,metaspace   ] GC(2977) Metaspace: 16404K->16404K(1064960K)
[18.342s][info ][gc             ] GC(2977) Pause Young (Allocation Failure) 41M->24M(61M) 0.644ms
[18.342s][info ][gc,cpu         ] GC(2977) User=0.00s Sys=0.00s Real=0.00s
[18.344s][info ][gc,start       ] GC(2978) Pause Young (Allocation Failure)
[18.344s][debug][gc,age         ] GC(2978) Desired survivor size 1114112 bytes, new threshold 1 (max threshold 15)
[18.344s][info ][gc,heap        ] GC(2978) DefNew: 19063K->1955K(19648K)
[18.344s][info ][gc,heap        ] GC(2978) Tenured: 23471K->23862K(43712K)
[18.344s][info ][gc,metaspace   ] GC(2978) Metaspace: 16404K->16404K(1064960K)
[18.344s][info ][gc             ] GC(2978) Pause Young (Allocation Failure) 41M->25M(61M) 0.571ms
[18.344s][info ][gc,cpu         ] GC(2978) User=0.00s Sys=0.00s Real=0.00s
[18.345s][info ][gc,start       ] GC(2979) Pause Young (Allocation Failure)
[18.346s][debug][gc,age         ] GC(2979) Desired survivor size 1114112 bytes, new threshold 1 (max threshold 15)
[18.346s][info ][gc,heap        ] GC(2979) DefNew: 19128K->1955K(19648K)
[18.346s][info ][gc,heap        ] GC(2979) Tenured: 23862K->24252K(43712K)
[18.346s][info ][gc,metaspace   ] GC(2979) Metaspace: 16404K->16404K(1064960K)
[18.346s][info ][gc             ] GC(2979) Pause Young (Allocation Failure) 41M->25M(61M) 0.577ms
[18.346s][info ][gc,cpu         ] GC(2979) User=0.00s Sys=0.00s Real=0.00s
[18.347s][info ][gc,start       ] GC(2980) Pause Young (Allocation Failure)
[18.348s][debug][gc,age         ] GC(2980) Desired survivor size 1114112 bytes, new threshold 1 (max threshold 15)
[18.348s][info ][gc,heap        ] GC(2980) DefNew: 19083K->1955K(19648K)
[18.348s][info ][gc,heap        ] GC(2980) Tenured: 24252K->24643K(43712K)
[18.348s][info ][gc,metaspace   ] GC(2980) Metaspace: 16404K->16404K(1064960K)
[18.348s][info ][gc             ] GC(2980) Pause Young (Allocation Failure) 42M->25M(61M) 0.872ms
[18.348s][info ][gc,cpu         ] GC(2980) User=0.01s Sys=0.00s Real=0.00s
[18.350s][info ][gc,start       ] GC(2981) Pause Young (Allocation Failure)
[18.350s][debug][gc,age         ] GC(2981) Desired survivor size 1114112 bytes, new threshold 1 (max threshold 15)
[18.350s][info ][gc,heap        ] GC(2981) DefNew: 19427K->1564K(19648K)
[18.350s][info ][gc,heap        ] GC(2981) Tenured: 24643K->25034K(43712K)
[18.350s][info ][gc,metaspace   ] GC(2981) Metaspace: 16404K->16404K(1064960K)
[18.350s][info ][gc             ] GC(2981) Pause Young (Allocation Failure) 43M->25M(61M) 0.722ms
[18.350s][info ][gc,cpu         ] GC(2981) User=0.00s Sys=0.00s Real=0.00s
[18.352s][info ][gc,start       ] GC(2982) Pause Young (Allocation Failure)
[18.352s][debug][gc,age         ] GC(2982) Desired survivor size 1114112 bytes, new threshold 1 (max threshold 15)
[18.352s][info ][gc,heap        ] GC(2982) DefNew: 18738K->1955K(19648K)
[18.352s][info ][gc,heap        ] GC(2982) Tenured: 25034K->25034K(43712K)
[18.352s][info ][gc,metaspace   ] GC(2982) Metaspace: 16404K->16404K(1064960K)
[18.352s][info ][gc             ] GC(2982) Pause Young (Allocation Failure) 42M->26M(61M) 0.572ms
[18.352s][info ][gc,cpu         ] GC(2982) User=0.00s Sys=0.00s Real=0.00s
[18.354s][info ][gc,start       ] GC(2983) Pause Young (Allocation Failure)
[18.354s][debug][gc,age         ] GC(2983) Desired survivor size 1114112 bytes, new threshold 1 (max threshold 15)
[18.354s][info ][gc,heap        ] GC(2983) DefNew: 19117K->1955K(19648K)
[18.354s][info ][gc,heap        ] GC(2983) Tenured: 25034K->25816K(43712K)
[18.354s][info ][gc,metaspace   ] GC(2983) Metaspace: 16404K->16404K(1064960K)
[18.354s][info ][gc             ] GC(2983) Pause Young (Allocation Failure) 43M->27M(61M) 0.613ms
[18.354s][info ][gc,cpu         ] GC(2983) User=0.00s Sys=0.00s Real=0.00s
[18.356s][info ][gc,start       ] GC(2984) Pause Young (Allocation Failure)
[18.356s][debug][gc,age         ] GC(2984) Desired survivor size 1114112 bytes, new threshold 1 (max threshold 15)
[18.356s][info ][gc,heap        ] GC(2984) DefNew: 19109K->1173K(19648K)
[18.356s][info ][gc,heap        ] GC(2984) Tenured: 25816K->26207K(43712K)
[18.356s][info ][gc,metaspace   ] GC(2984) Metaspace: 16404K->16404K(1064960K)
[18.356s][info ][gc             ] GC(2984) Pause Young (Allocation Failure) 43M->26M(61M) 0.575ms
[18.356s][info ][gc,cpu         ] GC(2984) User=0.00s Sys=0.00s Real=0.00s
[18.357s][info ][gc,start       ] GC(2985) Pause Young (Allocation Failure)
[18.358s][debug][gc,age         ] GC(2985) Desired survivor size 1114112 bytes, new threshold 1 (max threshold 15)
[18.358s][info ][gc,heap        ] GC(2985) DefNew: 18323K->1955K(19648K)
[18.358s][info ][gc,heap        ] GC(2985) Tenured: 26207K->26207K(43712K)
[18.358s][info ][gc,metaspace   ] GC(2985) Metaspace: 16404K->16404K(1064960K)
[18.358s][info ][gc             ] GC(2985) Pause Young (Allocation Failure) 43M->27M(61M) 0.601ms
[18.358s][info ][gc,cpu         ] GC(2985) User=0.00s Sys=0.00s Real=0.00s
[18.360s][info ][gc,start       ] GC(2986) Pause Young (Allocation Failure)
[18.360s][debug][gc,age         ] GC(2986) Desired survivor size 1114112 bytes, new threshold 1 (max threshold 15)
[18.360s][info ][gc,heap        ] GC(2986) DefNew: 19101K->1955K(19648K)
[18.360s][info ][gc,heap        ] GC(2986) Tenured: 26207K->26597K(43712K)
[18.360s][info ][gc,metaspace   ] GC(2986) Metaspace: 16404K->16404K(1064960K)
[18.360s][info ][gc             ] GC(2986) Pause Young (Allocation Failure) 44M->27M(61M) 0.761ms
[18.360s][info ][gc,cpu         ] GC(2986) User=0.00s Sys=0.00s Real=0.00s
[18.362s][info ][gc,start       ] GC(2987) Pause Young (Allocation Failure)
[18.362s][debug][gc,age         ] GC(2987) Desired survivor size 1114112 bytes, new threshold 1 (max threshold 15)
[18.362s][info ][gc,heap        ] GC(2987) DefNew: 19099K->1564K(19648K)
[18.362s][info ][gc,heap        ] GC(2987) Tenured: 26597K->26988K(43712K)
[18.362s][info ][gc,metaspace   ] GC(2987) Metaspace: 16404K->16404K(1064960K)
[18.362s][info ][gc             ] GC(2987) Pause Young (Allocation Failure) 44M->27M(61M) 0.535ms
[18.362s][info ][gc,cpu         ] GC(2987) User=0.00s Sys=0.00s Real=0.00s
[18.363s][info ][gc,start       ] GC(2988) Pause Young (Allocation Failure)
[18.364s][debug][gc,age         ] GC(2988) Desired survivor size 1114112 bytes, new threshold 1 (max threshold 15)
[18.364s][info ][gc,heap        ] GC(2988) DefNew: 18707K->1955K(19648K)
[18.364s][info ][gc,heap        ] GC(2988) Tenured: 26988K->26988K(43712K)
[18.364s][info ][gc,metaspace   ] GC(2988) Metaspace: 16404K->16404K(1064960K)
[18.364s][info ][gc             ] GC(2988) Pause Young (Allocation Failure) 44M->28M(61M) 0.630ms
[18.364s][info ][gc,cpu         ] GC(2988) User=0.00s Sys=0.00s Real=0.00s
[18.366s][info ][gc,start       ] GC(2989) Pause Young (Allocation Failure)
[18.366s][debug][gc,age         ] GC(2989) Desired survivor size 1114112 bytes, new threshold 1 (max threshold 15)
[18.367s][info ][gc,heap        ] GC(2989) DefNew: 19097K->1954K(19648K)
[18.367s][info ][gc,heap        ] GC(2989) Tenured: 26988K->27770K(43712K)
[18.367s][info ][gc,metaspace   ] GC(2989) Metaspace: 16404K->16404K(1064960K)
[18.367s][info ][gc             ] GC(2989) Pause Young (Allocation Failure) 45M->29M(61M) 0.668ms
[18.367s][info ][gc,cpu         ] GC(2989) User=0.00s Sys=0.00s Real=0.00s
[18.368s][info ][gc,start       ] GC(2990) Pause Young (Allocation Failure)
[18.368s][debug][gc,age         ] GC(2990) Desired survivor size 1114112 bytes, new threshold 1 (max threshold 15)
[18.368s][info ][gc,heap        ] GC(2990) DefNew: 19096K->1955K(19648K)
[18.368s][info ][gc,heap        ] GC(2990) Tenured: 27770K->28942K(43712K)
[18.368s][info ][gc,metaspace   ] GC(2990) Metaspace: 16404K->16404K(1064960K)
[18.368s][info ][gc             ] GC(2990) Pause Young (Allocation Failure) 45M->30M(61M) 0.650ms
[18.368s][info ][gc,cpu         ] GC(2990) User=0.00s Sys=0.00s Real=0.00s
[18.370s][info ][gc,start       ] GC(2991) Pause Young (Allocation Failure)
[18.370s][debug][gc,age         ] GC(2991) Desired survivor size 1114112 bytes, new threshold 1 (max threshold 15)
[18.370s][info ][gc,heap        ] GC(2991) DefNew: 19096K->1955K(19648K)
[18.371s][info ][gc,heap        ] GC(2991) Tenured: 28942K->28942K(43712K)
[18.371s][info ][gc,metaspace   ] GC(2991) Metaspace: 16404K->16404K(1064960K)
[18.371s][info ][gc             ] GC(2991) Pause Young (Allocation Failure) 46M->30M(61M) 0.640ms
[18.371s][info ][gc,cpu         ] GC(2991) User=0.00s Sys=0.00s Real=0.00s
[18.372s][info ][gc,start       ] GC(2992) Pause Young (Allocation Failure)
[18.372s][debug][gc,age         ] GC(2992) Desired survivor size 1114112 bytes, new threshold 1 (max threshold 15)
[18.372s][info ][gc,heap        ] GC(2992) DefNew: 19096K->1955K(19648K)
[18.372s][info ][gc,heap        ] GC(2992) Tenured: 28942K->30114K(43712K)
[18.372s][info ][gc,metaspace   ] GC(2992) Metaspace: 16404K->16404K(1064960K)
[18.372s][info ][gc             ] GC(2992) Pause Young (Allocation Failure) 46M->31M(61M) 0.624ms
[18.372s][info ][gc,cpu         ] GC(2992) User=0.01s Sys=0.00s Real=0.00s
[18.374s][info ][gc,start       ] GC(2993) Pause Young (Allocation Failure)
[18.374s][debug][gc,age         ] GC(2993) Desired survivor size 1114112 bytes, new threshold 1 (max threshold 15)
[18.375s][info ][gc,heap        ] GC(2993) DefNew: 19096K->1955K(19648K)
[18.375s][info ][gc,heap        ] GC(2993) Tenured: 30114K->30114K(43712K)
[18.375s][info ][gc,metaspace   ] GC(2993) Metaspace: 16404K->16404K(1064960K)
[18.375s][info ][gc             ] GC(2993) Pause Young (Allocation Failure) 48M->31M(61M) 0.543ms
[18.375s][info ][gc,cpu         ] GC(2993) User=0.00s Sys=0.00s Real=0.00s
[18.376s][info ][gc,start       ] GC(2994) Pause Young (Allocation Failure)
[18.377s][debug][gc,age         ] GC(2994) Desired survivor size 1114112 bytes, new threshold 1 (max threshold 15)
[18.377s][info ][gc,heap        ] GC(2994) DefNew: 19096K->1955K(19648K)
[18.377s][info ][gc,heap        ] GC(2994) Tenured: 30114K->30895K(43712K)
[18.377s][info ][gc,metaspace   ] GC(2994) Metaspace: 16404K->16404K(1064960K)
[18.377s][info ][gc             ] GC(2994) Pause Young (Allocation Failure) 48M->32M(61M) 0.768ms
[18.377s][info ][gc,cpu         ] GC(2994) User=0.00s Sys=0.00s Real=0.00s
[18.378s][info ][gc,start       ] GC(2995) Pause Young (Allocation Failure)
[18.379s][debug][gc,age         ] GC(2995) Desired survivor size 1114112 bytes, new threshold 1 (max threshold 15)
[18.379s][info ][gc,heap        ] GC(2995) DefNew: 19096K->1955K(19648K)
[18.379s][info ][gc,heap        ] GC(2995) Tenured: 30895K->32067K(43712K)
[18.379s][info ][gc,metaspace   ] GC(2995) Metaspace: 16404K->16404K(1064960K)
[18.379s][info ][gc             ] GC(2995) Pause Young (Allocation Failure) 48M->33M(61M) 0.655ms
[18.379s][info ][gc,cpu         ] GC(2995) User=0.00s Sys=0.00s Real=0.00s
[18.380s][info ][gc,start       ] GC(2996) Pause Young (Allocation Failure)
[18.380s][debug][gc,age         ] GC(2996) Desired survivor size 1114112 bytes, new threshold 1 (max threshold 15)
[18.380s][info ][gc,heap        ] GC(2996) DefNew: 19096K->1955K(19648K)
[18.380s][info ][gc,heap        ] GC(2996) Tenured: 32067K->32067K(43712K)
[18.380s][info ][gc,metaspace   ] GC(2996) Metaspace: 16404K->16404K(1064960K)
[18.380s][info ][gc             ] GC(2996) Pause Young (Allocation Failure) 49M->33M(61M) 0.533ms
[18.380s][info ][gc,cpu         ] GC(2996) User=0.00s Sys=0.00s Real=0.00s
[18.382s][info ][gc,start       ] GC(2997) Pause Young (Allocation Failure)
[18.383s][debug][gc,age         ] GC(2997) Desired survivor size 1114112 bytes, new threshold 1 (max threshold 15)
[18.383s][info ][gc,heap        ] GC(2997) DefNew: 19096K->1955K(19648K)
[18.383s][info ][gc,heap        ] GC(2997) Tenured: 32067K->32849K(43712K)
[18.383s][info ][gc,metaspace   ] GC(2997) Metaspace: 16404K->16404K(1064960K)
[18.383s][info ][gc             ] GC(2997) Pause Young (Allocation Failure) 49M->33M(61M) 0.759ms
[18.383s][info ][gc,cpu         ] GC(2997) User=0.00s Sys=0.01s Real=0.00s
[18.384s][info ][gc,start       ] GC(2998) Pause Young (Allocation Failure)
[18.385s][debug][gc,age         ] GC(2998) Desired survivor size 1114112 bytes, new threshold 1 (max threshold 15)
[18.385s][info ][gc,heap        ] GC(2998) DefNew: 19096K->1173K(19648K)
[18.385s][info ][gc,heap        ] GC(2998) Tenured: 32849K->32849K(43712K)
[18.385s][info ][gc,metaspace   ] GC(2998) Metaspace: 16404K->16404K(1064960K)
[18.385s][info ][gc             ] GC(2998) Pause Young (Allocation Failure) 50M->33M(61M) 0.646ms
[18.385s][info ][gc,cpu         ] GC(2998) User=0.00s Sys=0.00s Real=0.00s
[18.386s][info ][gc,start       ] GC(2999) Pause Young (Allocation Failure)
[18.387s][debug][gc,age         ] GC(2999) Desired survivor size 1114112 bytes, new threshold 1 (max threshold 15)
[18.387s][info ][gc,heap        ] GC(2999) DefNew: 18314K->1955K(19648K)
[18.387s][info ][gc,heap        ] GC(2999) Tenured: 32849K->33630K(43712K)
[18.387s][info ][gc,metaspace   ] GC(2999) Metaspace: 16404K->16404K(1064960K)
[18.387s][info ][gc             ] GC(2999) Pause Young (Allocation Failure) 49M->34M(61M) 0.699ms
[18.387s][info ][gc,cpu         ] GC(2999) User=0.00s Sys=0.00s Real=0.00s
[18.389s][info ][gc,start       ] GC(3000) Pause Young (Allocation Failure)
[18.389s][debug][gc,age         ] GC(3000) Desired survivor size 1114112 bytes, new threshold 1 (max threshold 15)
[18.389s][info ][gc,heap        ] GC(3000) DefNew: 19096K->1955K(19648K)
[18.389s][info ][gc,heap        ] GC(3000) Tenured: 33630K->34021K(43712K)
[18.389s][info ][gc,metaspace   ] GC(3000) Metaspace: 16404K->16404K(1064960K)
[18.389s][info ][gc             ] GC(3000) Pause Young (Allocation Failure) 51M->35M(61M) 0.569ms
[18.389s][info ][gc,cpu         ] GC(3000) User=0.00s Sys=0.00s Real=0.00s
[18.391s][info ][gc,start       ] GC(3001) Pause Young (Allocation Failure)
[18.391s][debug][gc,age         ] GC(3001) Desired survivor size 1114112 bytes, new threshold 1 (max threshold 15)
[18.391s][info ][gc,heap        ] GC(3001) DefNew: 19096K->1955K(19648K)
[18.391s][info ][gc,heap        ] GC(3001) Tenured: 34021K->34802K(43712K)
[18.391s][info ][gc,metaspace   ] GC(3001) Metaspace: 16404K->16404K(1064960K)
[18.391s][info ][gc             ] GC(3001) Pause Young (Allocation Failure) 51M->35M(61M) 0.610ms
[18.391s][info ][gc,cpu         ] GC(3001) User=0.00s Sys=0.00s Real=0.00s
[18.393s][info ][gc,start       ] GC(3002) Pause Young (Allocation Failure)
[18.393s][debug][gc,age         ] GC(3002) Desired survivor size 1114112 bytes, new threshold 1 (max threshold 15)
[18.393s][info ][gc,heap        ] GC(3002) DefNew: 19095K->1955K(19648K)
[18.393s][info ][gc,heap        ] GC(3002) Tenured: 34802K->35974K(43712K)
[18.393s][info ][gc,metaspace   ] GC(3002) Metaspace: 16404K->16404K(1064960K)
[18.393s][info ][gc             ] GC(3002) Pause Young (Allocation Failure) 52M->37M(61M) 0.675ms
[18.393s][info ][gc,cpu         ] GC(3002) User=0.00s Sys=0.00s Real=0.00s
[18.395s][info ][gc,start       ] GC(3003) Pause Young (Allocation Failure)
[18.395s][debug][gc,age         ] GC(3003) Desired survivor size 1114112 bytes, new threshold 1 (max threshold 15)
[18.395s][info ][gc,heap        ] GC(3003) DefNew: 19406K->1564K(19648K)
[18.395s][info ][gc,heap        ] GC(3003) Tenured: 35974K->36365K(43712K)
[18.395s][info ][gc,metaspace   ] GC(3003) Metaspace: 16404K->16404K(1064960K)
[18.395s][info ][gc             ] GC(3003) Pause Young (Allocation Failure) 54M->37M(61M) 0.599ms
[18.395s][info ][gc,cpu         ] GC(3003) User=0.00s Sys=0.00s Real=0.00s
[18.397s][info ][gc,start       ] GC(3004) Pause Young (Allocation Failure)
[18.397s][debug][gc,age         ] GC(3004) Desired survivor size 1114112 bytes, new threshold 1 (max threshold 15)
[18.397s][info ][gc,heap        ] GC(3004) DefNew: 18733K->1174K(19648K)
[18.397s][info ][gc,heap        ] GC(3004) Tenured: 36365K->36365K(43712K)
[18.397s][info ][gc,metaspace   ] GC(3004) Metaspace: 16404K->16404K(1064960K)
[18.397s][info ][gc             ] GC(3004) Pause Young (Allocation Failure) 53M->36M(61M) 0.490ms
[18.397s][info ][gc,cpu         ] GC(3004) User=0.00s Sys=0.00s Real=0.00s
[18.399s][info ][gc,start       ] GC(3005) Pause Young (Allocation Failure)
[18.399s][debug][gc,age         ] GC(3005) Desired survivor size 1114112 bytes, new threshold 1 (max threshold 15)
[18.399s][info ][gc,heap        ] GC(3005) DefNew: 18333K->1173K(19648K)
[18.399s][info ][gc,heap        ] GC(3005) Tenured: 36365K->36366K(43712K)
[18.399s][info ][gc,metaspace   ] GC(3005) Metaspace: 16404K->16404K(1064960K)
[18.399s][info ][gc             ] GC(3005) Pause Young (Allocation Failure) 53M->36M(61M) 0.561ms
[18.399s][info ][gc,cpu         ] GC(3005) User=0.00s Sys=0.00s Real=0.01s
[18.401s][info ][gc,start       ] GC(3006) Pause Young (Allocation Failure)
[18.401s][debug][gc,age         ] GC(3006) Desired survivor size 1114112 bytes, new threshold 1 (max threshold 15)
[18.401s][info ][gc,heap        ] GC(3006) DefNew: 18326K->1955K(19648K)
[18.401s][info ][gc,heap        ] GC(3006) Tenured: 36366K->36756K(43712K)
[18.401s][info ][gc,metaspace   ] GC(3006) Metaspace: 16404K->16404K(1064960K)
[18.401s][info ][gc             ] GC(3006) Pause Young (Allocation Failure) 53M->37M(61M) 0.816ms
[18.401s][info ][gc,cpu         ] GC(3006) User=0.00s Sys=0.00s Real=0.00s
[18.403s][info ][gc,start       ] GC(3007) Pause Young (Allocation Failure)
[18.403s][debug][gc,age         ] GC(3007) Desired survivor size 1114112 bytes, new threshold 1 (max threshold 15)
[18.403s][info ][gc,heap        ] GC(3007) DefNew: 19103K->1955K(19648K)
[18.403s][info ][gc,heap        ] GC(3007) Tenured: 36756K->37538K(43712K)
[18.403s][info ][gc,metaspace   ] GC(3007) Metaspace: 16404K->16404K(1064960K)
[18.403s][info ][gc             ] GC(3007) Pause Young (Allocation Failure) 54M->38M(61M) 0.608ms
[18.403s][info ][gc,cpu         ] GC(3007) User=0.00s Sys=0.00s Real=0.00s
[18.405s][info ][gc,start       ] GC(3008) Pause Young (Allocation Failure)
[18.405s][debug][gc,age         ] GC(3008) Desired survivor size 1114112 bytes, new threshold 1 (max threshold 15)
[18.405s][info ][gc,heap        ] GC(3008) DefNew: 19101K->1955K(19648K)
[18.405s][info ][gc,heap        ] GC(3008) Tenured: 37538K->38319K(43712K)
[18.405s][info ][gc,metaspace   ] GC(3008) Metaspace: 16404K->16404K(1064960K)
[18.405s][info ][gc             ] GC(3008) Pause Young (Allocation Failure) 55M->39M(61M) 0.607ms
[18.405s][info ][gc,cpu         ] GC(3008) User=0.00s Sys=0.00s Real=0.00s
[18.407s][info ][gc,start       ] GC(3009) Pause Young (Allocation Failure)
[18.408s][debug][gc,age         ] GC(3009) Desired survivor size 1114112 bytes, new threshold 1 (max threshold 15)
[18.408s][info ][gc,heap        ] GC(3009) DefNew: 19099K->1955K(19648K)
[18.408s][info ][gc,heap        ] GC(3009) Tenured: 38319K->38709K(43712K)
[18.408s][info ][gc,metaspace   ] GC(3009) Metaspace: 16404K->16404K(1064960K)
[18.408s][info ][gc             ] GC(3009) Pause Young (Allocation Failure) 56M->39M(61M) 1.324ms
[18.408s][info ][gc,cpu         ] GC(3009) User=0.00s Sys=0.00s Real=0.00s
[18.410s][info ][gc,start       ] GC(3010) Pause Young (Allocation Failure)
[18.410s][debug][gc,age         ] GC(3010) Desired survivor size 1114112 bytes, new threshold 1 (max threshold 15)
[18.411s][info ][gc,heap        ] GC(3010) DefNew: 19051K->1955K(19648K)
[18.411s][info ][gc,heap        ] GC(3010) Tenured: 38709K->39491K(43712K)
[18.411s][info ][gc,metaspace   ] GC(3010) Metaspace: 16404K->16404K(1064960K)
[18.411s][info ][gc             ] GC(3010) Pause Young (Allocation Failure) 56M->40M(61M) 0.769ms
[18.411s][info ][gc,cpu         ] GC(3010) User=0.00s Sys=0.00s Real=0.00s
[18.412s][info ][gc,start       ] GC(3011) Pause Young (Allocation Failure)
[18.413s][debug][gc,age         ] GC(3011) Desired survivor size 1114112 bytes, new threshold 1 (max threshold 15)
[18.413s][info ][gc,heap        ] GC(3011) DefNew: 19113K->1955K(19648K)
[18.413s][info ][gc,heap        ] GC(3011) Tenured: 39491K->40272K(43712K)
[18.413s][info ][gc,metaspace   ] GC(3011) Metaspace: 16404K->16404K(1064960K)
[18.413s][info ][gc             ] GC(3011) Pause Young (Allocation Failure) 57M->41M(61M) 0.681ms
[18.413s][info ][gc,cpu         ] GC(3011) User=0.01s Sys=0.00s Real=0.00s
[18.414s][info ][gc,start       ] GC(3012) Pause Young (Allocation Failure)
[18.415s][debug][gc,age         ] GC(3012) Desired survivor size 1114112 bytes, new threshold 1 (max threshold 15)
[18.415s][info ][gc,heap        ] GC(3012) DefNew: 19057K->1955K(19648K)
[18.415s][info ][gc,heap        ] GC(3012) Tenured: 40272K->40273K(43712K)
[18.415s][info ][gc,metaspace   ] GC(3012) Metaspace: 16404K->16404K(1064960K)
[18.415s][info ][gc             ] GC(3012) Pause Young (Allocation Failure) 57M->41M(61M) 0.716ms
[18.415s][info ][gc,cpu         ] GC(3012) User=0.00s Sys=0.00s Real=0.00s
[18.416s][info ][gc,start       ] GC(3013) Pause Young (Allocation Failure)
[18.417s][debug][gc,age         ] GC(3013) Desired survivor size 1114112 bytes, new threshold 1 (max threshold 15)
[18.417s][info ][gc,heap        ] GC(3013) DefNew: 19423K->1954K(19648K)
[18.417s][info ][gc,heap        ] GC(3013) Tenured: 40273K->40664K(43712K)
[18.417s][info ][gc,metaspace   ] GC(3013) Metaspace: 16404K->16404K(1064960K)
[18.417s][info ][gc             ] GC(3013) Pause Young (Allocation Failure) 58M->41M(61M) 0.824ms
[18.417s][info ][gc,cpu         ] GC(3013) User=0.00s Sys=0.00s Real=0.00s
[18.418s][info ][gc,start       ] GC(3014) Pause Young (Allocation Failure)
[18.419s][debug][gc,age         ] GC(3014) Desired survivor size 1114112 bytes, new threshold 1 (max threshold 15)
[18.419s][info ][gc,heap        ] GC(3014) DefNew: 19403K->1563K(19648K)
[18.419s][info ][gc,heap        ] GC(3014) Tenured: 40664K->41446K(43712K)
[18.419s][info ][gc,metaspace   ] GC(3014) Metaspace: 16404K->16404K(1064960K)
[18.419s][info ][gc             ] GC(3014) Pause Young (Allocation Failure) 58M->42M(61M) 0.585ms
[18.419s][info ][gc,cpu         ] GC(3014) User=0.01s Sys=0.00s Real=0.00s
[18.420s][info ][gc,start       ] GC(3015) Pause Young (Allocation Failure)
[18.421s][debug][gc,age         ] GC(3015) Desired survivor size 1114112 bytes, new threshold 1 (max threshold 15)
[18.421s][info ][gc,heap        ] GC(3015) DefNew: 18747K->1955K(19648K)
[18.421s][info ][gc,heap        ] GC(3015) Tenured: 41446K->41446K(43712K)
[18.421s][info ][gc,metaspace   ] GC(3015) Metaspace: 16404K->16404K(1064960K)
[18.421s][info ][gc             ] GC(3015) Pause Young (Allocation Failure) 58M->42M(61M) 0.770ms
[18.421s][info ][gc,cpu         ] GC(3015) User=0.00s Sys=0.00s Real=0.00s
[18.422s][info ][gc,start       ] GC(3016) Pause Young (Allocation Failure)
[18.423s][debug][gc,age         ] GC(3016) Desired survivor size 1114112 bytes, new threshold 1 (max threshold 15)
[18.423s][info ][gc,heap        ] GC(3016) DefNew: 19110K->1564K(19648K)
[18.423s][info ][gc,heap        ] GC(3016) Tenured: 41446K->41837K(43712K)
[18.423s][info ][gc,metaspace   ] GC(3016) Metaspace: 16404K->16404K(1064960K)
[18.423s][info ][gc             ] GC(3016) Pause Young (Allocation Failure) 59M->42M(61M) 0.546ms
[18.423s][info ][gc,cpu         ] GC(3016) User=0.00s Sys=0.00s Real=0.00s
[18.424s][info ][gc,start       ] GC(3017) Pause Young (Allocation Failure)
[18.425s][debug][gc,age         ] GC(3017) Desired survivor size 1114112 bytes, new threshold 1 (max threshold 15)
[18.425s][info ][gc,heap        ] GC(3017) DefNew: 19035K->1954K(19648K)
[18.425s][info ][gc,heap        ] GC(3017) Tenured: 41837K->41837K(43712K)
[18.425s][info ][gc,metaspace   ] GC(3017) Metaspace: 16404K->16404K(1064960K)
[18.425s][info ][gc             ] GC(3017) Pause Young (Allocation Failure) 59M->42M(61M) 0.628ms
[18.425s][info ][gc,cpu         ] GC(3017) User=0.00s Sys=0.00s Real=0.00s
[18.426s][info ][gc,start       ] GC(3018) Pause Young (Allocation Failure)
[18.427s][debug][gc,age         ] GC(3018) Desired survivor size 1114112 bytes, new threshold 1 (max threshold 15)
[18.427s][info ][gc,heap        ] GC(3018) DefNew: 19173K->1955K(19648K)
[18.427s][info ][gc,heap        ] GC(3018) Tenured: 41837K->42228K(43712K)
[18.427s][info ][gc,metaspace   ] GC(3018) Metaspace: 16404K->16404K(1064960K)
[18.427s][info ][gc             ] GC(3018) Pause Young (Allocation Failure) 59M->43M(61M) 0.551ms
[18.427s][info ][gc,cpu         ] GC(3018) User=0.01s Sys=0.00s Real=0.00s
[18.428s][info ][gc,start       ] GC(3019) Pause Young (Allocation Failure)
[18.428s][debug][gc,age         ] GC(3019) Desired survivor size 1114112 bytes, new threshold 15 (max threshold 15)
[18.428s][info ][gc,heap        ] GC(3019) DefNew: 19396K->782K(19648K)
[18.428s][info ][gc,heap        ] GC(3019) Tenured: 42228K->42620K(43712K)
[18.428s][info ][gc,metaspace   ] GC(3019) Metaspace: 16404K->16404K(1064960K)
[18.428s][info ][gc             ] GC(3019) Pause Young (Allocation Failure) 60M->42M(61M) 0.451ms
[18.428s][info ][gc,cpu         ] GC(3019) User=0.00s Sys=0.00s Real=0.00s
[18.430s][info ][gc,start       ] GC(3020) Pause Young (Allocation Failure)
[18.430s][info ][gc,start       ] GC(3021) Pause Full (Allocation Failure)
[18.430s][info ][gc,phases,start] GC(3021) Phase 1: Mark live objects
[18.433s][debug][gc,phases      ] GC(3021) Reference Processing 0.054ms
[18.433s][debug][gc,phases      ] GC(3021) Weak Processing 0.017ms
[18.433s][debug][gc,phases      ] GC(3021) ClassLoaderData 0.035ms
[18.433s][debug][gc,phases      ] GC(3021) ProtectionDomainCacheTable 0.002ms
[18.433s][debug][gc,phases      ] GC(3021) ResolvedMethodTable 0.015ms
[18.434s][debug][gc,phases      ] GC(3021) Class Unloading 0.782ms
[18.434s][debug][gc,phases      ] GC(3021) Scrub String Table 0.057ms
[18.435s][debug][gc,phases      ] GC(3021) Scrub Symbol Table 1.168ms
[18.435s][info ][gc,phases      ] GC(3021) Phase 1: Mark live objects 5.535ms
[18.436s][info ][gc,phases,start] GC(3021) Phase 2: Compute new object addresses
[18.436s][info ][gc,phases      ] GC(3021) Phase 2: Compute new object addresses 0.946ms
[18.436s][info ][gc,phases,start] GC(3021) Phase 3: Adjust pointers
[18.440s][info ][gc,phases      ] GC(3021) Phase 3: Adjust pointers 3.885ms
[18.440s][info ][gc,phases,start] GC(3021) Phase 4: Move objects
[18.441s][info ][gc,phases      ] GC(3021) Phase 4: Move objects 0.241ms
[18.441s][info ][gc             ] GC(3021) Pause Full (Allocation Failure) 59M->4M(61M) 10.921ms
[18.441s][info ][gc,heap        ] GC(3020) DefNew: 18005K->0K(19648K)
[18.441s][info ][gc,heap        ] GC(3020) Tenured: 42620K->5099K(43712K)
[18.441s][info ][gc,metaspace   ] GC(3020) Metaspace: 16404K->16404K(1064960K)
[18.441s][info ][gc             ] GC(3020) Pause Young (Allocation Failure) 59M->4M(61M) 11.039ms
[18.441s][info ][gc,cpu         ] GC(3020) User=0.01s Sys=0.00s Real=0.01s
[18.442s][info ][gc,start       ] GC(3022) Pause Young (Allocation Failure)
[18.442s][debug][gc,age         ] GC(3022) Desired survivor size 1114112 bytes, new threshold 1 (max threshold 15)
[18.442s][info ][gc,heap        ] GC(3022) DefNew: 17193K->1565K(19648K)
[18.442s][info ][gc,heap        ] GC(3022) Tenured: 5099K->5099K(43712K)
[18.442s][info ][gc,metaspace   ] GC(3022) Metaspace: 16404K->16404K(1064960K)
[18.443s][info ][gc             ] GC(3022) Pause Young (Allocation Failure) 21M->6M(61M) 0.503ms
[18.443s][info ][gc,cpu         ] GC(3022) User=0.00s Sys=0.00s Real=0.00s
[18.444s][info ][gc,start       ] GC(3023) Pause Young (Allocation Failure)
[18.444s][debug][gc,age         ] GC(3023) Desired survivor size 1114112 bytes, new threshold 1 (max threshold 15)
[18.444s][info ][gc,heap        ] GC(3023) DefNew: 18739K->1955K(19648K)
[18.444s][info ][gc,heap        ] GC(3023) Tenured: 5099K->5490K(43712K)
[18.444s][info ][gc,metaspace   ] GC(3023) Metaspace: 16404K->16404K(1064960K)
[18.444s][info ][gc             ] GC(3023) Pause Young (Allocation Failure) 23M->7M(61M) 0.555ms
[18.444s][info ][gc,cpu         ] GC(3023) User=0.00s Sys=0.00s Real=0.00s
[18.446s][info ][gc,start       ] GC(3024) Pause Young (Allocation Failure)
[18.446s][debug][gc,age         ] GC(3024) Desired survivor size 1114112 bytes, new threshold 1 (max threshold 15)
[18.446s][info ][gc,heap        ] GC(3024) DefNew: 19117K->1955K(19648K)
[18.446s][info ][gc,heap        ] GC(3024) Tenured: 5490K->5490K(43712K)
[18.446s][info ][gc,metaspace   ] GC(3024) Metaspace: 16404K->16404K(1064960K)
[18.446s][info ][gc             ] GC(3024) Pause Young (Allocation Failure) 24M->7M(61M) 0.560ms
[18.446s][info ][gc,cpu         ] GC(3024) User=0.00s Sys=0.00s Real=0.00s
[18.448s][info ][gc,start       ] GC(3025) Pause Young (Allocation Failure)
[18.449s][debug][gc,age         ] GC(3025) Desired survivor size 1114112 bytes, new threshold 1 (max threshold 15)
[18.449s][info ][gc,heap        ] GC(3025) DefNew: 19109K->1955K(19648K)
[18.449s][info ][gc,heap        ] GC(3025) Tenured: 5490K->5881K(43712K)
[18.449s][info ][gc,metaspace   ] GC(3025) Metaspace: 16404K->16404K(1064960K)
[18.449s][info ][gc             ] GC(3025) Pause Young (Allocation Failure) 24M->7M(61M) 1.000ms
[18.449s][info ][gc,cpu         ] GC(3025) User=0.00s Sys=0.00s Real=0.00s
[18.450s][info ][gc,start       ] GC(3026) Pause Young (Allocation Failure)
[18.450s][debug][gc,age         ] GC(3026) Desired survivor size 1114112 bytes, new threshold 1 (max threshold 15)
[18.451s][info ][gc,heap        ] GC(3026) DefNew: 19104K->1955K(19648K)
[18.451s][info ][gc,heap        ] GC(3026) Tenured: 5881K->6272K(43712K)
[18.451s][info ][gc,metaspace   ] GC(3026) Metaspace: 16404K->16404K(1064960K)
[18.451s][info ][gc             ] GC(3026) Pause Young (Allocation Failure) 24M->8M(61M) 0.629ms
[18.451s][info ][gc,cpu         ] GC(3026) User=0.00s Sys=0.00s Real=0.00s
[18.452s][info ][gc,start       ] GC(3027) Pause Young (Allocation Failure)
[18.452s][debug][gc,age         ] GC(3027) Desired survivor size 1114112 bytes, new threshold 1 (max threshold 15)
[18.453s][info ][gc,heap        ] GC(3027) DefNew: 19101K->1955K(19648K)
[18.453s][info ][gc,heap        ] GC(3027) Tenured: 6272K->6272K(43712K)
[18.453s][info ][gc,metaspace   ] GC(3027) Metaspace: 16404K->16404K(1064960K)
[18.453s][info ][gc             ] GC(3027) Pause Young (Allocation Failure) 24M->8M(61M) 0.529ms
[18.453s][info ][gc,cpu         ] GC(3027) User=0.00s Sys=0.00s Real=0.00s
[18.454s][info ][gc,start       ] GC(3028) Pause Young (Allocation Failure)
[18.454s][debug][gc,age         ] GC(3028) Desired survivor size 1114112 bytes, new threshold 1 (max threshold 15)
[18.455s][info ][gc,heap        ] GC(3028) DefNew: 19099K->1955K(19648K)
[18.455s][info ][gc,heap        ] GC(3028) Tenured: 6272K->7053K(43712K)
[18.455s][info ][gc,metaspace   ] GC(3028) Metaspace: 16404K->16404K(1064960K)
[18.455s][info ][gc             ] GC(3028) Pause Young (Allocation Failure) 24M->8M(61M) 0.621ms
[18.455s][info ][gc,cpu         ] GC(3028) User=0.00s Sys=0.00s Real=0.00s
[18.456s][info ][gc,start       ] GC(3029) Pause Young (Allocation Failure)
[18.457s][debug][gc,age         ] GC(3029) Desired survivor size 1114112 bytes, new threshold 1 (max threshold 15)
[18.457s][info ][gc,heap        ] GC(3029) DefNew: 19098K->1955K(19648K)
[18.457s][info ][gc,heap        ] GC(3029) Tenured: 7053K->8225K(43712K)
[18.457s][info ][gc,metaspace   ] GC(3029) Metaspace: 16404K->16404K(1064960K)
[18.457s][info ][gc             ] GC(3029) Pause Young (Allocation Failure) 25M->9M(61M) 0.633ms
[18.457s][info ][gc,cpu         ] GC(3029) User=0.00s Sys=0.00s Real=0.00s
[18.458s][info ][gc,start       ] GC(3030) Pause Young (Allocation Failure)
[18.459s][debug][gc,age         ] GC(3030) Desired survivor size 1114112 bytes, new threshold 1 (max threshold 15)
[18.459s][info ][gc,heap        ] GC(3030) DefNew: 19097K->1955K(19648K)
[18.459s][info ][gc,heap        ] GC(3030) Tenured: 8225K->9006K(43712K)
[18.459s][info ][gc,metaspace   ] GC(3030) Metaspace: 16404K->16404K(1064960K)
[18.459s][info ][gc             ] GC(3030) Pause Young (Allocation Failure) 26M->10M(61M) 0.772ms
[18.459s][info ][gc,cpu         ] GC(3030) User=0.00s Sys=0.00s Real=0.00s
[18.460s][info ][gc,start       ] GC(3031) Pause Young (Allocation Failure)
[18.461s][debug][gc,age         ] GC(3031) Desired survivor size 1114112 bytes, new threshold 1 (max threshold 15)
[18.461s][info ][gc,heap        ] GC(3031) DefNew: 19097K->1955K(19648K)
[18.461s][info ][gc,heap        ] GC(3031) Tenured: 9006K->10178K(43712K)
[18.461s][info ][gc,metaspace   ] GC(3031) Metaspace: 16404K->16404K(1064960K)
[18.461s][info ][gc             ] GC(3031) Pause Young (Allocation Failure) 27M->11M(61M) 0.766ms
[18.461s][info ][gc,cpu         ] GC(3031) User=0.00s Sys=0.00s Real=0.00s
[18.462s][info ][gc,start       ] GC(3032) Pause Young (Allocation Failure)
[18.463s][debug][gc,age         ] GC(3032) Desired survivor size 1114112 bytes, new threshold 1 (max threshold 15)
[18.463s][info ][gc,heap        ] GC(3032) DefNew: 19096K->1564K(19648K)
[18.463s][info ][gc,heap        ] GC(3032) Tenured: 10178K->10178K(43712K)
[18.463s][info ][gc,metaspace   ] GC(3032) Metaspace: 16404K->16404K(1064960K)
[18.463s][info ][gc             ] GC(3032) Pause Young (Allocation Failure) 28M->11M(61M) 0.496ms
[18.463s][info ][gc,cpu         ] GC(3032) User=0.00s Sys=0.00s Real=0.00s
[18.464s][info ][gc,start       ] GC(3033) Pause Young (Allocation Failure)
[18.465s][debug][gc,age         ] GC(3033) Desired survivor size 1114112 bytes, new threshold 1 (max threshold 15)
[18.465s][info ][gc,heap        ] GC(3033) DefNew: 18705K->1955K(19648K)
[18.465s][info ][gc,heap        ] GC(3033) Tenured: 10178K->10960K(43712K)
[18.465s][info ][gc,metaspace   ] GC(3033) Metaspace: 16404K->16404K(1064960K)
[18.465s][info ][gc             ] GC(3033) Pause Young (Allocation Failure) 28M->12M(61M) 0.961ms
[18.465s][info ][gc,cpu         ] GC(3033) User=0.00s Sys=0.00s Real=0.00s
[18.467s][info ][gc,start       ] GC(3034) Pause Young (Allocation Failure)
[18.467s][debug][gc,age         ] GC(3034) Desired survivor size 1114112 bytes, new threshold 1 (max threshold 15)
[18.467s][info ][gc,heap        ] GC(3034) DefNew: 19096K->1955K(19648K)
[18.467s][info ][gc,heap        ] GC(3034) Tenured: 10960K->11350K(43712K)
[18.467s][info ][gc,metaspace   ] GC(3034) Metaspace: 16404K->16404K(1064960K)
[18.467s][info ][gc             ] GC(3034) Pause Young (Allocation Failure) 29M->12M(61M) 0.632ms
[18.467s][info ][gc,cpu         ] GC(3034) User=0.00s Sys=0.00s Real=0.00s
[18.468s][info ][gc,start       ] GC(3035) Pause Young (Allocation Failure)
[18.469s][debug][gc,age         ] GC(3035) Desired survivor size 1114112 bytes, new threshold 1 (max threshold 15)
[18.469s][info ][gc,heap        ] GC(3035) DefNew: 19096K->1955K(19648K)
[18.469s][info ][gc,heap        ] GC(3035) Tenured: 11350K->12131K(43712K)
[18.469s][info ][gc,metaspace   ] GC(3035) Metaspace: 16404K->16404K(1064960K)
[18.469s][info ][gc             ] GC(3035) Pause Young (Allocation Failure) 29M->13M(61M) 0.619ms
[18.469s][info ][gc,cpu         ] GC(3035) User=0.00s Sys=0.00s Real=0.00s
[18.470s][info ][gc,start       ] GC(3036) Pause Young (Allocation Failure)
[18.471s][debug][gc,age         ] GC(3036) Desired survivor size 1114112 bytes, new threshold 1 (max threshold 15)
[18.471s][info ][gc,heap        ] GC(3036) DefNew: 19096K->1955K(19648K)
[18.471s][info ][gc,heap        ] GC(3036) Tenured: 12131K->13303K(43712K)
[18.471s][info ][gc,metaspace   ] GC(3036) Metaspace: 16404K->16404K(1064960K)
[18.471s][info ][gc             ] GC(3036) Pause Young (Allocation Failure) 30M->14M(61M) 0.767ms
[18.471s][info ][gc,cpu         ] GC(3036) User=0.00s Sys=0.00s Real=0.00s
[18.473s][info ][gc,start       ] GC(3037) Pause Young (Allocation Failure)
[18.473s][debug][gc,age         ] GC(3037) Desired survivor size 1114112 bytes, new threshold 1 (max threshold 15)
[18.473s][info ][gc,heap        ] GC(3037) DefNew: 19096K->1955K(19648K)
[18.473s][info ][gc,heap        ] GC(3037) Tenured: 13303K->13304K(43712K)
[18.473s][info ][gc,metaspace   ] GC(3037) Metaspace: 16404K->16404K(1064960K)
[18.473s][info ][gc             ] GC(3037) Pause Young (Allocation Failure) 31M->14M(61M) 0.581ms
[18.473s][info ][gc,cpu         ] GC(3037) User=0.00s Sys=0.00s Real=0.00s
[18.475s][info ][gc,start       ] GC(3038) Pause Young (Allocation Failure)
[18.475s][debug][gc,age         ] GC(3038) Desired survivor size 1114112 bytes, new threshold 1 (max threshold 15)
[18.475s][info ][gc,heap        ] GC(3038) DefNew: 19095K->1955K(19648K)
[18.475s][info ][gc,heap        ] GC(3038) Tenured: 13304K->14085K(43712K)
[18.475s][info ][gc,metaspace   ] GC(3038) Metaspace: 16404K->16404K(1064960K)
[18.475s][info ][gc             ] GC(3038) Pause Young (Allocation Failure) 31M->15M(61M) 0.659ms
[18.475s][info ][gc,cpu         ] GC(3038) User=0.00s Sys=0.00s Real=0.00s
[18.477s][info ][gc,start       ] GC(3039) Pause Young (Allocation Failure)
[18.477s][debug][gc,age         ] GC(3039) Desired survivor size 1114112 bytes, new threshold 1 (max threshold 15)
[18.477s][info ][gc,heap        ] GC(3039) DefNew: 19096K->1173K(19648K)
[18.477s][info ][gc,heap        ] GC(3039) Tenured: 14085K->14085K(43712K)
[18.477s][info ][gc,metaspace   ] GC(3039) Metaspace: 16404K->16404K(1064960K)
[18.477s][info ][gc             ] GC(3039) Pause Young (Allocation Failure) 32M->14M(61M) 0.495ms
[18.477s][info ][gc,cpu         ] GC(3039) User=0.00s Sys=0.00s Real=0.00s
[18.478s][info ][gc,start       ] GC(3040) Pause Young (Allocation Failure)
[18.479s][debug][gc,age         ] GC(3040) Desired survivor size 1114112 bytes, new threshold 1 (max threshold 15)
[18.479s][info ][gc,heap        ] GC(3040) DefNew: 18314K->1955K(19648K)
[18.479s][info ][gc,heap        ] GC(3040) Tenured: 14085K->14866K(43712K)
[18.479s][info ][gc,metaspace   ] GC(3040) Metaspace: 16404K->16404K(1064960K)
[18.479s][info ][gc             ] GC(3040) Pause Young (Allocation Failure) 31M->16M(61M) 0.779ms
[18.479s][info ][gc,cpu         ] GC(3040) User=0.00s Sys=0.00s Real=0.00s
[18.480s][info ][gc,start       ] GC(3041) Pause Young (Allocation Failure)
[18.481s][debug][gc,age         ] GC(3041) Desired survivor size 1114112 bytes, new threshold 1 (max threshold 15)
[18.481s][info ][gc,heap        ] GC(3041) DefNew: 19096K->1955K(19648K)
[18.481s][info ][gc,heap        ] GC(3041) Tenured: 14866K->15648K(43712K)
[18.481s][info ][gc,metaspace   ] GC(3041) Metaspace: 16404K->16404K(1064960K)
[18.481s][info ][gc             ] GC(3041) Pause Young (Allocation Failure) 33M->17M(61M) 0.616ms
[18.481s][info ][gc,cpu         ] GC(3041) User=0.00s Sys=0.00s Real=0.00s
[18.483s][info ][gc,start       ] GC(3042) Pause Young (Allocation Failure)
[18.484s][debug][gc,age         ] GC(3042) Desired survivor size 1114112 bytes, new threshold 1 (max threshold 15)
[18.484s][info ][gc,heap        ] GC(3042) DefNew: 19096K->1954K(19648K)
[18.484s][info ][gc,heap        ] GC(3042) Tenured: 15648K->16429K(43712K)
[18.484s][info ][gc,metaspace   ] GC(3042) Metaspace: 16404K->16404K(1064960K)
[18.484s][info ][gc             ] GC(3042) Pause Young (Allocation Failure) 33M->17M(61M) 0.809ms
[18.484s][info ][gc,cpu         ] GC(3042) User=0.00s Sys=0.00s Real=0.00s
[18.485s][info ][gc,start       ] GC(3043) Pause Young (Allocation Failure)
[18.485s][debug][gc,age         ] GC(3043) Desired survivor size 1114112 bytes, new threshold 1 (max threshold 15)
[18.485s][info ][gc,heap        ] GC(3043) DefNew: 19095K->1174K(19648K)
[18.485s][info ][gc,heap        ] GC(3043) Tenured: 16429K->16429K(43712K)
[18.486s][info ][gc,metaspace   ] GC(3043) Metaspace: 16404K->16404K(1064960K)
[18.486s][info ][gc             ] GC(3043) Pause Young (Allocation Failure) 34M->17M(61M) 0.610ms
[18.486s][info ][gc,cpu         ] GC(3043) User=0.01s Sys=0.00s Real=0.00s
[18.487s][info ][gc,start       ] GC(3044) Pause Young (Allocation Failure)
[18.487s][debug][gc,age         ] GC(3044) Desired survivor size 1114112 bytes, new threshold 1 (max threshold 15)
[18.487s][info ][gc,heap        ] GC(3044) DefNew: 18314K->1955K(19648K)
[18.487s][info ][gc,heap        ] GC(3044) Tenured: 16429K->17601K(43712K)
[18.488s][info ][gc,metaspace   ] GC(3044) Metaspace: 16404K->16404K(1064960K)
[18.488s][info ][gc             ] GC(3044) Pause Young (Allocation Failure) 33M->19M(61M) 0.673ms
[18.488s][info ][gc,cpu         ] GC(3044) User=0.00s Sys=0.00s Real=0.00s
[18.489s][info ][gc,start       ] GC(3045) Pause Young (Allocation Failure)
[18.489s][debug][gc,age         ] GC(3045) Desired survivor size 1114112 bytes, new threshold 1 (max threshold 15)
[18.489s][info ][gc,heap        ] GC(3045) DefNew: 19096K->1564K(19648K)
[18.489s][info ][gc,heap        ] GC(3045) Tenured: 17601K->17992K(43712K)
[18.489s][info ][gc,metaspace   ] GC(3045) Metaspace: 16404K->16404K(1064960K)
[18.489s][info ][gc             ] GC(3045) Pause Young (Allocation Failure) 35M->19M(61M) 0.533ms
[18.489s][info ][gc,cpu         ] GC(3045) User=0.00s Sys=0.00s Real=0.01s
[18.491s][info ][gc,start       ] GC(3046) Pause Young (Allocation Failure)
[18.491s][debug][gc,age         ] GC(3046) Desired survivor size 1114112 bytes, new threshold 1 (max threshold 15)
[18.491s][info ][gc,heap        ] GC(3046) DefNew: 18705K->1955K(19648K)
[18.491s][info ][gc,heap        ] GC(3046) Tenured: 17992K->17992K(43712K)
[18.491s][info ][gc,metaspace   ] GC(3046) Metaspace: 16404K->16404K(1064960K)
[18.491s][info ][gc             ] GC(3046) Pause Young (Allocation Failure) 35M->19M(61M) 0.580ms
[18.491s][info ][gc,cpu         ] GC(3046) User=0.00s Sys=0.00s Real=0.00s
[18.493s][info ][gc,start       ] GC(3047) Pause Young (Allocation Failure)
[18.494s][debug][gc,age         ] GC(3047) Desired survivor size 1114112 bytes, new threshold 1 (max threshold 15)
[18.494s][info ][gc,heap        ] GC(3047) DefNew: 19427K->1954K(19648K)
[18.494s][info ][gc,heap        ] GC(3047) Tenured: 17992K->18775K(43712K)
[18.494s][info ][gc,metaspace   ] GC(3047) Metaspace: 16404K->16404K(1064960K)
[18.494s][info ][gc             ] GC(3047) Pause Young (Allocation Failure) 36M->20M(61M) 0.814ms
[18.494s][info ][gc,cpu         ] GC(3047) User=0.00s Sys=0.00s Real=0.00s
[18.495s][info ][gc,start       ] GC(3048) Pause Young (Allocation Failure)
[18.495s][debug][gc,age         ] GC(3048) Desired survivor size 1114112 bytes, new threshold 1 (max threshold 15)
[18.496s][info ][gc,heap        ] GC(3048) DefNew: 19079K->1564K(19648K)
[18.496s][info ][gc,heap        ] GC(3048) Tenured: 18775K->18775K(43712K)
[18.496s][info ][gc,metaspace   ] GC(3048) Metaspace: 16404K->16404K(1064960K)
[18.496s][info ][gc             ] GC(3048) Pause Young (Allocation Failure) 36M->19M(61M) 0.610ms
[18.496s][info ][gc,cpu         ] GC(3048) User=0.00s Sys=0.00s Real=0.00s
[18.497s][info ][gc,start       ] GC(3049) Pause Young (Allocation Failure)
[18.498s][debug][gc,age         ] GC(3049) Desired survivor size 1114112 bytes, new threshold 15 (max threshold 15)
[18.498s][info ][gc,heap        ] GC(3049) DefNew: 18986K->782K(19648K)
[18.498s][info ][gc,heap        ] GC(3049) Tenured: 18775K->19166K(43712K)
[18.498s][info ][gc,metaspace   ] GC(3049) Metaspace: 16404K->16404K(1064960K)
[18.498s][info ][gc             ] GC(3049) Pause Young (Allocation Failure) 36M->19M(61M) 0.443ms
[18.498s][info ][gc,cpu         ] GC(3049) User=0.00s Sys=0.00s Real=0.00s
[18.499s][info ][gc,start       ] GC(3050) Pause Young (Allocation Failure)
[18.500s][debug][gc,age         ] GC(3050) Desired survivor size 1114112 bytes, new threshold 1 (max threshold 15)
[18.500s][info ][gc,heap        ] GC(3050) DefNew: 17981K->1955K(19648K)
[18.500s][info ][gc,heap        ] GC(3050) Tenured: 19166K->19947K(43712K)
[18.500s][info ][gc,metaspace   ] GC(3050) Metaspace: 16404K->16404K(1064960K)
[18.500s][info ][gc             ] GC(3050) Pause Young (Allocation Failure) 36M->21M(61M) 0.891ms
[18.500s][info ][gc,cpu         ] GC(3050) User=0.00s Sys=0.00s Real=0.01s
[18.502s][info ][gc,start       ] GC(3051) Pause Young (Allocation Failure)
[18.502s][debug][gc,age         ] GC(3051) Desired survivor size 1114112 bytes, new threshold 1 (max threshold 15)
[18.502s][info ][gc,heap        ] GC(3051) DefNew: 19133K->1955K(19648K)
[18.502s][info ][gc,heap        ] GC(3051) Tenured: 19947K->20338K(43712K)
[18.502s][info ][gc,metaspace   ] GC(3051) Metaspace: 16404K->16404K(1064960K)
[18.502s][info ][gc             ] GC(3051) Pause Young (Allocation Failure) 38M->21M(61M) 0.695ms
[18.502s][info ][gc,cpu         ] GC(3051) User=0.00s Sys=0.00s Real=0.00s
[18.504s][info ][gc,start       ] GC(3052) Pause Young (Allocation Failure)
[18.504s][debug][gc,age         ] GC(3052) Desired survivor size 1114112 bytes, new threshold 1 (max threshold 15)
[18.504s][info ][gc,heap        ] GC(3052) DefNew: 19086K->1955K(19648K)
[18.504s][info ][gc,heap        ] GC(3052) Tenured: 20338K->20729K(43712K)
[18.504s][info ][gc,metaspace   ] GC(3052) Metaspace: 16404K->16404K(1064960K)
[18.504s][info ][gc             ] GC(3052) Pause Young (Allocation Failure) 38M->22M(61M) 0.672ms
[18.504s][info ][gc,cpu         ] GC(3052) User=0.00s Sys=0.00s Real=0.00s
[18.506s][info ][gc,start       ] GC(3053) Pause Young (Allocation Failure)
[18.506s][debug][gc,age         ] GC(3053) Desired survivor size 1114112 bytes, new threshold 1 (max threshold 15)
[18.506s][info ][gc,heap        ] GC(3053) DefNew: 19122K->1955K(19648K)
[18.506s][info ][gc,heap        ] GC(3053) Tenured: 20729K->21120K(43712K)
[18.506s][info ][gc,metaspace   ] GC(3053) Metaspace: 16404K->16404K(1064960K)
[18.506s][info ][gc             ] GC(3053) Pause Young (Allocation Failure) 38M->22M(61M) 0.574ms
[18.506s][info ][gc,cpu         ] GC(3053) User=0.00s Sys=0.00s Real=0.00s
[18.508s][info ][gc,start       ] GC(3054) Pause Young (Allocation Failure)
[18.508s][debug][gc,age         ] GC(3054) Desired survivor size 1114112 bytes, new threshold 1 (max threshold 15)
[18.508s][info ][gc,heap        ] GC(3054) DefNew: 19424K->1955K(19648K)
[18.508s][info ][gc,heap        ] GC(3054) Tenured: 21120K->22292K(43712K)
[18.508s][info ][gc,metaspace   ] GC(3054) Metaspace: 16404K->16404K(1064960K)
[18.508s][info ][gc             ] GC(3054) Pause Young (Allocation Failure) 39M->23M(61M) 0.662ms
[18.508s][info ][gc,cpu         ] GC(3054) User=0.00s Sys=0.00s Real=0.00s
[18.510s][info ][gc,start       ] GC(3055) Pause Young (Allocation Failure)
[18.511s][debug][gc,age         ] GC(3055) Desired survivor size 1114112 bytes, new threshold 1 (max threshold 15)
[18.511s][info ][gc,heap        ] GC(3055) DefNew: 19384K->1173K(19648K)
[18.511s][info ][gc,heap        ] GC(3055) Tenured: 22292K->23465K(43712K)
[18.511s][info ][gc,metaspace   ] GC(3055) Metaspace: 16404K->16404K(1064960K)
[18.511s][info ][gc             ] GC(3055) Pause Young (Allocation Failure) 40M->24M(61M) 0.864ms
[18.511s][info ][gc,cpu         ] GC(3055) User=0.00s Sys=0.00s Real=0.00s
[18.512s][info ][gc,start       ] GC(3056) Pause Young (Allocation Failure)
[18.512s][debug][gc,age         ] GC(3056) Desired survivor size 1114112 bytes, new threshold 1 (max threshold 15)
[18.512s][info ][gc,heap        ] GC(3056) DefNew: 18389K->1955K(19648K)
[18.512s][info ][gc,heap        ] GC(3056) Tenured: 23465K->23465K(43712K)
[18.512s][info ][gc,metaspace   ] GC(3056) Metaspace: 16404K->16404K(1064960K)
[18.512s][info ][gc             ] GC(3056) Pause Young (Allocation Failure) 40M->24M(61M) 0.539ms
[18.512s][info ][gc,cpu         ] GC(3056) User=0.00s Sys=0.00s Real=0.00s
[18.514s][info ][gc,start       ] GC(3057) Pause Young (Allocation Failure)
[18.514s][debug][gc,age         ] GC(3057) Desired survivor size 1114112 bytes, new threshold 1 (max threshold 15)
[18.514s][info ][gc,heap        ] GC(3057) DefNew: 19144K->1955K(19648K)
[18.514s][info ][gc,heap        ] GC(3057) Tenured: 23465K->24247K(43712K)
[18.514s][info ][gc,metaspace   ] GC(3057) Metaspace: 16404K->16404K(1064960K)
[18.514s][info ][gc             ] GC(3057) Pause Young (Allocation Failure) 41M->25M(61M) 0.595ms
[18.514s][info ][gc,cpu         ] GC(3057) User=0.00s Sys=0.00s Real=0.00s
[18.516s][info ][gc,start       ] GC(3058) Pause Young (Allocation Failure)
[18.517s][debug][gc,age         ] GC(3058) Desired survivor size 1114112 bytes, new threshold 1 (max threshold 15)
[18.517s][info ][gc,heap        ] GC(3058) DefNew: 19127K->1955K(19648K)
[18.517s][info ][gc,heap        ] GC(3058) Tenured: 24247K->25028K(43712K)
[18.517s][info ][gc,metaspace   ] GC(3058) Metaspace: 16404K->16404K(1064960K)
[18.517s][info ][gc             ] GC(3058) Pause Young (Allocation Failure) 42M->26M(61M) 0.819ms
[18.517s][info ][gc,cpu         ] GC(3058) User=0.00s Sys=0.00s Real=0.00s
[18.519s][info ][gc,start       ] GC(3059) Pause Young (Allocation Failure)
[18.519s][debug][gc,age         ] GC(3059) Desired survivor size 1114112 bytes, new threshold 1 (max threshold 15)
[18.519s][info ][gc,heap        ] GC(3059) DefNew: 19115K->1955K(19648K)
[18.519s][info ][gc,heap        ] GC(3059) Tenured: 25028K->25419K(43712K)
[18.519s][info ][gc,metaspace   ] GC(3059) Metaspace: 16404K->16404K(1064960K)
[18.519s][info ][gc             ] GC(3059) Pause Young (Allocation Failure) 43M->26M(61M) 0.665ms
[18.519s][info ][gc,cpu         ] GC(3059) User=0.00s Sys=0.00s Real=0.01s
[18.521s][info ][gc,start       ] GC(3060) Pause Young (Allocation Failure)
[18.521s][debug][gc,age         ] GC(3060) Desired survivor size 1114112 bytes, new threshold 1 (max threshold 15)
[18.521s][info ][gc,heap        ] GC(3060) DefNew: 19108K->1174K(19648K)
[18.521s][info ][gc,heap        ] GC(3060) Tenured: 25419K->25419K(43712K)
[18.521s][info ][gc,metaspace   ] GC(3060) Metaspace: 16404K->16404K(1064960K)
[18.521s][info ][gc             ] GC(3060) Pause Young (Allocation Failure) 43M->25M(61M) 0.459ms
[18.521s][info ][gc,cpu         ] GC(3060) User=0.00s Sys=0.00s Real=0.00s
[18.522s][info ][gc,start       ] GC(3061) Pause Young (Allocation Failure)
[18.523s][debug][gc,age         ] GC(3061) Desired survivor size 1114112 bytes, new threshold 1 (max threshold 15)
[18.523s][info ][gc,heap        ] GC(3061) DefNew: 18323K->1955K(19648K)
[18.523s][info ][gc,heap        ] GC(3061) Tenured: 25419K->26591K(43712K)
[18.523s][info ][gc,metaspace   ] GC(3061) Metaspace: 16404K->16404K(1064960K)
[18.523s][info ][gc             ] GC(3061) Pause Young (Allocation Failure) 42M->27M(61M) 0.681ms
[18.523s][info ][gc,cpu         ] GC(3061) User=0.01s Sys=0.00s Real=0.00s
[18.525s][info ][gc,start       ] GC(3062) Pause Young (Allocation Failure)
[18.525s][debug][gc,age         ] GC(3062) Desired survivor size 1114112 bytes, new threshold 1 (max threshold 15)
[18.525s][info ][gc,heap        ] GC(3062) DefNew: 19427K->1954K(19648K)
[18.525s][info ][gc,heap        ] GC(3062) Tenured: 26591K->27764K(43712K)
[18.525s][info ][gc,metaspace   ] GC(3062) Metaspace: 16404K->16404K(1064960K)
[18.525s][info ][gc             ] GC(3062) Pause Young (Allocation Failure) 44M->29M(61M) 0.672ms
[18.525s][info ][gc,cpu         ] GC(3062) User=0.00s Sys=0.00s Real=0.00s
[18.527s][info ][gc,start       ] GC(3063) Pause Young (Allocation Failure)
[18.527s][debug][gc,age         ] GC(3063) Desired survivor size 1114112 bytes, new threshold 1 (max threshold 15)
[18.527s][info ][gc,heap        ] GC(3063) DefNew: 19113K->1564K(19648K)
[18.527s][info ][gc,heap        ] GC(3063) Tenured: 27764K->28154K(43712K)
[18.527s][info ][gc,metaspace   ] GC(3063) Metaspace: 16404K->16404K(1064960K)
[18.527s][info ][gc             ] GC(3063) Pause Young (Allocation Failure) 45M->29M(61M) 0.713ms
[18.527s][info ][gc,cpu         ] GC(3063) User=0.00s Sys=0.00s Real=0.00s
[18.529s][info ][gc,start       ] GC(3064) Pause Young (Allocation Failure)
[18.529s][debug][gc,age         ] GC(3064) Desired survivor size 1114112 bytes, new threshold 1 (max threshold 15)
[18.529s][info ][gc,heap        ] GC(3064) DefNew: 18716K->1955K(19648K)
[18.529s][info ][gc,heap        ] GC(3064) Tenured: 28154K->28545K(43712K)
[18.529s][info ][gc,metaspace   ] GC(3064) Metaspace: 16404K->16404K(1064960K)
[18.529s][info ][gc             ] GC(3064) Pause Young (Allocation Failure) 45M->29M(61M) 0.718ms
[18.529s][info ][gc,cpu         ] GC(3064) User=0.00s Sys=0.00s Real=0.01s
[18.531s][info ][gc,start       ] GC(3065) Pause Young (Allocation Failure)
[18.531s][debug][gc,age         ] GC(3065) Desired survivor size 1114112 bytes, new threshold 1 (max threshold 15)
[18.531s][info ][gc,heap        ] GC(3065) DefNew: 19103K->1955K(19648K)
[18.531s][info ][gc,heap        ] GC(3065) Tenured: 28545K->28545K(43712K)
[18.531s][info ][gc,metaspace   ] GC(3065) Metaspace: 16404K->16404K(1064960K)
[18.531s][info ][gc             ] GC(3065) Pause Young (Allocation Failure) 46M->29M(61M) 0.753ms
[18.532s][info ][gc,cpu         ] GC(3065) User=0.00s Sys=0.00s Real=0.00s
[18.533s][info ][gc,start       ] GC(3066) Pause Young (Allocation Failure)
[18.534s][debug][gc,age         ] GC(3066) Desired survivor size 1114112 bytes, new threshold 1 (max threshold 15)
[18.534s][info ][gc,heap        ] GC(3066) DefNew: 19100K->1955K(19648K)
[18.534s][info ][gc,heap        ] GC(3066) Tenured: 28545K->29327K(43712K)
[18.534s][info ][gc,metaspace   ] GC(3066) Metaspace: 16404K->16404K(1064960K)
[18.534s][info ][gc             ] GC(3066) Pause Young (Allocation Failure) 46M->30M(61M) 0.741ms
[18.534s][info ][gc,cpu         ] GC(3066) User=0.01s Sys=0.00s Real=0.00s
[18.535s][info ][gc,start       ] GC(3067) Pause Young (Allocation Failure)
[18.536s][debug][gc,age         ] GC(3067) Desired survivor size 1114112 bytes, new threshold 1 (max threshold 15)
[18.536s][info ][gc,heap        ] GC(3067) DefNew: 19069K->1954K(19648K)
[18.536s][info ][gc,heap        ] GC(3067) Tenured: 29327K->29327K(43712K)
[18.536s][info ][gc,metaspace   ] GC(3067) Metaspace: 16404K->16404K(1064960K)
[18.536s][info ][gc             ] GC(3067) Pause Young (Allocation Failure) 47M->30M(61M) 0.569ms
[18.536s][info ][gc,cpu         ] GC(3067) User=0.00s Sys=0.00s Real=0.00s
[18.537s][info ][gc,start       ] GC(3068) Pause Young (Allocation Failure)
[18.538s][debug][gc,age         ] GC(3068) Desired survivor size 1114112 bytes, new threshold 1 (max threshold 15)
[18.538s][info ][gc,heap        ] GC(3068) DefNew: 19060K->1564K(19648K)
[18.538s][info ][gc,heap        ] GC(3068) Tenured: 29327K->30109K(43712K)
[18.538s][info ][gc,metaspace   ] GC(3068) Metaspace: 16404K->16404K(1064960K)
[18.538s][info ][gc             ] GC(3068) Pause Young (Allocation Failure) 47M->30M(61M) 0.587ms
[18.538s][info ][gc,cpu         ] GC(3068) User=0.00s Sys=0.00s Real=0.00s
[18.539s][info ][gc,start       ] GC(3069) Pause Young (Allocation Failure)
[18.540s][debug][gc,age         ] GC(3069) Desired survivor size 1114112 bytes, new threshold 1 (max threshold 15)
[18.540s][info ][gc,heap        ] GC(3069) DefNew: 18726K->1955K(19648K)
[18.540s][info ][gc,heap        ] GC(3069) Tenured: 30109K->30109K(43712K)
[18.540s][info ][gc,metaspace   ] GC(3069) Metaspace: 16404K->16404K(1064960K)
[18.540s][info ][gc             ] GC(3069) Pause Young (Allocation Failure) 47M->31M(61M) 0.661ms
[18.540s][info ][gc,cpu         ] GC(3069) User=0.01s Sys=0.00s Real=0.01s
[18.541s][info ][gc,start       ] GC(3070) Pause Young (Allocation Failure)
[18.542s][debug][gc,age         ] GC(3070) Desired survivor size 1114112 bytes, new threshold 1 (max threshold 15)
[18.542s][info ][gc,heap        ] GC(3070) DefNew: 19110K->1564K(19648K)
[18.542s][info ][gc,heap        ] GC(3070) Tenured: 30109K->30109K(43712K)
[18.542s][info ][gc,metaspace   ] GC(3070) Metaspace: 16404K->16404K(1064960K)
[18.542s][info ][gc             ] GC(3070) Pause Young (Allocation Failure) 48M->30M(61M) 0.493ms
[18.542s][info ][gc,cpu         ] GC(3070) User=0.00s Sys=0.00s Real=0.00s
[18.543s][info ][gc,start       ] GC(3071) Pause Young (Allocation Failure)
[18.544s][debug][gc,age         ] GC(3071) Desired survivor size 1114112 bytes, new threshold 15 (max threshold 15)
[18.544s][info ][gc,heap        ] GC(3071) DefNew: 18998K->782K(19648K)
[18.544s][info ][gc,heap        ] GC(3071) Tenured: 30109K->30500K(43712K)
[18.544s][info ][gc,metaspace   ] GC(3071) Metaspace: 16404K->16404K(1064960K)
[18.544s][info ][gc             ] GC(3071) Pause Young (Allocation Failure) 47M->30M(61M) 0.567ms
[18.544s][info ][gc,cpu         ] GC(3071) User=0.00s Sys=0.00s Real=0.00s
[18.545s][info ][gc,start       ] GC(3072) Pause Young (Allocation Failure)
[18.546s][debug][gc,age         ] GC(3072) Desired survivor size 1114112 bytes, new threshold 1 (max threshold 15)
[18.546s][info ][gc,heap        ] GC(3072) DefNew: 17967K->1955K(19648K)
[18.546s][info ][gc,heap        ] GC(3072) Tenured: 30500K->30500K(43712K)
[18.546s][info ][gc,metaspace   ] GC(3072) Metaspace: 16404K->16404K(1064960K)
[18.546s][info ][gc             ] GC(3072) Pause Young (Allocation Failure) 47M->31M(61M) 0.553ms
[18.546s][info ][gc,cpu         ] GC(3072) User=0.00s Sys=0.00s Real=0.00s
[18.547s][info ][gc,start       ] GC(3073) Pause Young (Allocation Failure)
[18.548s][debug][gc,age         ] GC(3073) Desired survivor size 1114112 bytes, new threshold 1 (max threshold 15)
[18.548s][info ][gc,heap        ] GC(3073) DefNew: 19071K->1955K(19648K)
[18.548s][info ][gc,heap        ] GC(3073) Tenured: 30500K->30891K(43712K)
[18.548s][info ][gc,metaspace   ] GC(3073) Metaspace: 16404K->16404K(1064960K)
[18.548s][info ][gc             ] GC(3073) Pause Young (Allocation Failure) 48M->32M(61M) 0.638ms
[18.548s][info ][gc,cpu         ] GC(3073) User=0.00s Sys=0.00s Real=0.00s
[18.549s][info ][gc,start       ] GC(3074) Pause Young (Allocation Failure)
[18.550s][debug][gc,age         ] GC(3074) Desired survivor size 1114112 bytes, new threshold 1 (max threshold 15)
[18.550s][info ][gc,heap        ] GC(3074) DefNew: 19132K->1564K(19648K)
[18.550s][info ][gc,heap        ] GC(3074) Tenured: 30891K->31282K(43712K)
[18.550s][info ][gc,metaspace   ] GC(3074) Metaspace: 16404K->16404K(1064960K)
[18.550s][info ][gc             ] GC(3074) Pause Young (Allocation Failure) 48M->32M(61M) 0.697ms
[18.550s][info ][gc,cpu         ] GC(3074) User=0.00s Sys=0.00s Real=0.00s
[18.551s][info ][gc,start       ] GC(3075) Pause Young (Allocation Failure)
[18.552s][debug][gc,age         ] GC(3075) Desired survivor size 1114112 bytes, new threshold 1 (max threshold 15)
[18.552s][info ][gc,heap        ] GC(3075) DefNew: 18680K->1954K(19648K)
[18.552s][info ][gc,heap        ] GC(3075) Tenured: 31282K->31673K(43712K)
[18.552s][info ][gc,metaspace   ] GC(3075) Metaspace: 16404K->16404K(1064960K)
[18.552s][info ][gc             ] GC(3075) Pause Young (Allocation Failure) 48M->32M(61M) 0.836ms
[18.552s][info ][gc,cpu         ] GC(3075) User=0.00s Sys=0.00s Real=0.00s
[18.554s][info ][gc,start       ] GC(3076) Pause Young (Allocation Failure)
[18.554s][debug][gc,age         ] GC(3076) Desired survivor size 1114112 bytes, new threshold 1 (max threshold 15)
[18.554s][info ][gc,heap        ] GC(3076) DefNew: 19128K->1955K(19648K)
[18.554s][info ][gc,heap        ] GC(3076) Tenured: 31673K->31674K(43712K)
[18.554s][info ][gc,metaspace   ] GC(3076) Metaspace: 16404K->16404K(1064960K)
[18.554s][info ][gc             ] GC(3076) Pause Young (Allocation Failure) 49M->32M(61M) 0.540ms
[18.554s][info ][gc,cpu         ] GC(3076) User=0.00s Sys=0.00s Real=0.00s
[18.555s][info ][gc,start       ] GC(3077) Pause Young (Allocation Failure)
[18.556s][debug][gc,age         ] GC(3077) Desired survivor size 1114112 bytes, new threshold 1 (max threshold 15)
[18.556s][info ][gc,heap        ] GC(3077) DefNew: 19116K->1955K(19648K)
[18.556s][info ][gc,heap        ] GC(3077) Tenured: 31674K->32064K(43712K)
[18.556s][info ][gc,metaspace   ] GC(3077) Metaspace: 16404K->16404K(1064960K)
[18.556s][info ][gc             ] GC(3077) Pause Young (Allocation Failure) 49M->33M(61M) 0.695ms
[18.556s][info ][gc,cpu         ] GC(3077) User=0.01s Sys=0.00s Real=0.00s
[18.557s][info ][gc,start       ] GC(3078) Pause Young (Allocation Failure)
[18.558s][debug][gc,age         ] GC(3078) Desired survivor size 1114112 bytes, new threshold 1 (max threshold 15)
[18.558s][info ][gc,heap        ] GC(3078) DefNew: 19109K->1955K(19648K)
[18.558s][info ][gc,heap        ] GC(3078) Tenured: 32064K->32455K(43712K)
[18.558s][info ][gc,metaspace   ] GC(3078) Metaspace: 16404K->16404K(1064960K)
[18.558s][info ][gc             ] GC(3078) Pause Young (Allocation Failure) 49M->33M(61M) 0.592ms
[18.558s][info ][gc,cpu         ] GC(3078) User=0.00s Sys=0.00s Real=0.00s
[18.560s][info ][gc,start       ] GC(3079) Pause Young (Allocation Failure)
[18.560s][debug][gc,age         ] GC(3079) Desired survivor size 1114112 bytes, new threshold 1 (max threshold 15)
[18.560s][info ][gc,heap        ] GC(3079) DefNew: 19427K->1564K(19648K)
[18.560s][info ][gc,heap        ] GC(3079) Tenured: 32455K->32846K(43712K)
[18.560s][info ][gc,metaspace   ] GC(3079) Metaspace: 16404K->16404K(1064960K)
[18.560s][info ][gc             ] GC(3079) Pause Young (Allocation Failure) 50M->33M(61M) 0.645ms
[18.560s][info ][gc,cpu         ] GC(3079) User=0.00s Sys=0.00s Real=0.00s
[18.562s][info ][gc,start       ] GC(3080) Pause Young (Allocation Failure)
[18.562s][debug][gc,age         ] GC(3080) Desired survivor size 1114112 bytes, new threshold 1 (max threshold 15)
[18.562s][info ][gc,heap        ] GC(3080) DefNew: 19027K->1954K(19648K)
[18.562s][info ][gc,heap        ] GC(3080) Tenured: 32846K->33238K(43712K)
[18.562s][info ][gc,metaspace   ] GC(3080) Metaspace: 16404K->16404K(1064960K)
[18.562s][info ][gc             ] GC(3080) Pause Young (Allocation Failure) 50M->34M(61M) 0.595ms
[18.562s][info ][gc,cpu         ] GC(3080) User=0.00s Sys=0.01s Real=0.00s
[18.564s][info ][gc,start       ] GC(3081) Pause Young (Allocation Failure)
[18.564s][debug][gc,age         ] GC(3081) Desired survivor size 1114112 bytes, new threshold 1 (max threshold 15)
[18.564s][info ][gc,heap        ] GC(3081) DefNew: 19036K->1955K(19648K)
[18.565s][info ][gc,heap        ] GC(3081) Tenured: 33238K->34410K(43712K)
[18.565s][info ][gc,metaspace   ] GC(3081) Metaspace: 16404K->16404K(1064960K)
[18.565s][info ][gc             ] GC(3081) Pause Young (Allocation Failure) 51M->35M(61M) 0.764ms
[18.565s][info ][gc,cpu         ] GC(3081) User=0.00s Sys=0.00s Real=0.00s
[18.566s][info ][gc,start       ] GC(3082) Pause Young (Allocation Failure)
[18.567s][debug][gc,age         ] GC(3082) Desired survivor size 1114112 bytes, new threshold 1 (max threshold 15)
[18.567s][info ][gc,heap        ] GC(3082) DefNew: 19427K->1563K(19648K)
[18.567s][info ][gc,heap        ] GC(3082) Tenured: 34410K->34801K(43712K)
[18.567s][info ][gc,metaspace   ] GC(3082) Metaspace: 16404K->16404K(1064960K)
[18.567s][info ][gc             ] GC(3082) Pause Young (Allocation Failure) 52M->35M(61M) 0.710ms
[18.567s][info ][gc,cpu         ] GC(3082) User=0.00s Sys=0.00s Real=0.00s
[18.569s][info ][gc,start       ] GC(3083) Pause Young (Allocation Failure)
[18.569s][debug][gc,age         ] GC(3083) Desired survivor size 1114112 bytes, new threshold 1 (max threshold 15)
[18.569s][info ][gc,heap        ] GC(3083) DefNew: 18775K->1955K(19648K)
[18.569s][info ][gc,heap        ] GC(3083) Tenured: 34801K->35192K(43712K)
[18.569s][info ][gc,metaspace   ] GC(3083) Metaspace: 16404K->16404K(1064960K)
[18.569s][info ][gc             ] GC(3083) Pause Young (Allocation Failure) 52M->36M(61M) 0.624ms
[18.569s][info ][gc,cpu         ] GC(3083) User=0.00s Sys=0.00s Real=0.01s
[18.571s][info ][gc,start       ] GC(3084) Pause Young (Allocation Failure)
[18.571s][debug][gc,age         ] GC(3084) Desired survivor size 1114112 bytes, new threshold 1 (max threshold 15)
[18.571s][info ][gc,heap        ] GC(3084) DefNew: 19141K->1955K(19648K)
[18.571s][info ][gc,heap        ] GC(3084) Tenured: 35192K->35192K(43712K)
[18.571s][info ][gc,metaspace   ] GC(3084) Metaspace: 16404K->16404K(1064960K)
[18.571s][info ][gc             ] GC(3084) Pause Young (Allocation Failure) 53M->36M(61M) 0.537ms
[18.571s][info ][gc,cpu         ] GC(3084) User=0.00s Sys=0.00s Real=0.00s
[18.573s][info ][gc,start       ] GC(3085) Pause Young (Allocation Failure)
[18.573s][debug][gc,age         ] GC(3085) Desired survivor size 1114112 bytes, new threshold 1 (max threshold 15)
[18.573s][info ][gc,heap        ] GC(3085) DefNew: 19125K->1955K(19648K)
[18.573s][info ][gc,heap        ] GC(3085) Tenured: 35192K->35583K(43712K)
[18.573s][info ][gc,metaspace   ] GC(3085) Metaspace: 16404K->16404K(1064960K)
[18.573s][info ][gc             ] GC(3085) Pause Young (Allocation Failure) 53M->36M(61M) 0.602ms
[18.573s][info ][gc,cpu         ] GC(3085) User=0.00s Sys=0.00s Real=0.00s
[18.575s][info ][gc,start       ] GC(3086) Pause Young (Allocation Failure)
[18.575s][debug][gc,age         ] GC(3086) Desired survivor size 1114112 bytes, new threshold 1 (max threshold 15)
[18.575s][info ][gc,heap        ] GC(3086) DefNew: 19115K->1955K(19648K)
[18.575s][info ][gc,heap        ] GC(3086) Tenured: 35583K->35973K(43712K)
[18.575s][info ][gc,metaspace   ] GC(3086) Metaspace: 16404K->16404K(1064960K)
[18.575s][info ][gc             ] GC(3086) Pause Young (Allocation Failure) 53M->37M(61M) 0.639ms
[18.575s][info ][gc,cpu         ] GC(3086) User=0.00s Sys=0.00s Real=0.00s
[18.576s][info ][gc,start       ] GC(3087) Pause Young (Allocation Failure)
[18.577s][debug][gc,age         ] GC(3087) Desired survivor size 1114112 bytes, new threshold 1 (max threshold 15)
[18.577s][info ][gc,heap        ] GC(3087) DefNew: 19393K->1954K(19648K)
[18.577s][info ][gc,heap        ] GC(3087) Tenured: 35973K->36756K(43712K)
[18.577s][info ][gc,metaspace   ] GC(3087) Metaspace: 16404K->16404K(1064960K)
[18.577s][info ][gc             ] GC(3087) Pause Young (Allocation Failure) 54M->37M(61M) 0.743ms
[18.577s][info ][gc,cpu         ] GC(3087) User=0.01s Sys=0.00s Real=0.00s
[18.579s][info ][gc,start       ] GC(3088) Pause Young (Allocation Failure)
[18.579s][debug][gc,age         ] GC(3088) Desired survivor size 1114112 bytes, new threshold 1 (max threshold 15)
[18.579s][info ][gc,heap        ] GC(3088) DefNew: 19140K->1955K(19648K)
[18.579s][info ][gc,heap        ] GC(3088) Tenured: 36756K->37146K(43712K)
[18.579s][info ][gc,metaspace   ] GC(3088) Metaspace: 16404K->16404K(1064960K)
[18.579s][info ][gc             ] GC(3088) Pause Young (Allocation Failure) 54M->38M(61M) 0.595ms
[18.579s][info ][gc,cpu         ] GC(3088) User=0.00s Sys=0.00s Real=0.00s
[18.580s][info ][gc,start       ] GC(3089) Pause Young (Allocation Failure)
[18.581s][debug][gc,age         ] GC(3089) Desired survivor size 1114112 bytes, new threshold 1 (max threshold 15)
[18.581s][info ][gc,heap        ] GC(3089) DefNew: 19125K->1955K(19648K)
[18.581s][info ][gc,heap        ] GC(3089) Tenured: 37146K->38319K(43712K)
[18.581s][info ][gc,metaspace   ] GC(3089) Metaspace: 16404K->16404K(1064960K)
[18.581s][info ][gc             ] GC(3089) Pause Young (Allocation Failure) 54M->39M(61M) 0.683ms
[18.581s][info ][gc,cpu         ] GC(3089) User=0.00s Sys=0.00s Real=0.00s
[18.583s][info ][gc,start       ] GC(3090) Pause Young (Allocation Failure)
[18.584s][debug][gc,age         ] GC(3090) Desired survivor size 1114112 bytes, new threshold 1 (max threshold 15)
[18.584s][info ][gc,heap        ] GC(3090) DefNew: 19076K->1955K(19648K)
[18.584s][info ][gc,heap        ] GC(3090) Tenured: 38319K->38710K(43712K)
[18.584s][info ][gc,metaspace   ] GC(3090) Metaspace: 16404K->16404K(1064960K)
[18.584s][info ][gc             ] GC(3090) Pause Young (Allocation Failure) 56M->39M(61M) 0.796ms
[18.584s][info ][gc,cpu         ] GC(3090) User=0.00s Sys=0.00s Real=0.00s
[18.585s][info ][gc,start       ] GC(3091) Pause Young (Allocation Failure)
[18.586s][debug][gc,age         ] GC(3091) Desired survivor size 1114112 bytes, new threshold 1 (max threshold 15)
[18.586s][info ][gc,heap        ] GC(3091) DefNew: 19121K->1174K(19648K)
[18.586s][info ][gc,heap        ] GC(3091) Tenured: 38710K->38710K(43712K)
[18.586s][info ][gc,metaspace   ] GC(3091) Metaspace: 16404K->16404K(1064960K)
[18.586s][info ][gc             ] GC(3091) Pause Young (Allocation Failure) 56M->38M(61M) 0.529ms
[18.586s][info ][gc,cpu         ] GC(3091) User=0.00s Sys=0.00s Real=0.00s
[18.587s][info ][gc,start       ] GC(3092) Pause Young (Allocation Failure)
[18.588s][debug][gc,age         ] GC(3092) Desired survivor size 1114112 bytes, new threshold 1 (max threshold 15)
[18.588s][info ][gc,heap        ] GC(3092) DefNew: 18282K->1955K(19648K)
[18.588s][info ][gc,heap        ] GC(3092) Tenured: 38710K->39491K(43712K)
[18.588s][info ][gc,metaspace   ] GC(3092) Metaspace: 16404K->16404K(1064960K)
[18.588s][info ][gc             ] GC(3092) Pause Young (Allocation Failure) 55M->40M(61M) 0.647ms
[18.588s][info ][gc,cpu         ] GC(3092) User=0.00s Sys=0.00s Real=0.00s
[18.589s][info ][gc,start       ] GC(3093) Pause Young (Allocation Failure)
[18.590s][debug][gc,age         ] GC(3093) Desired survivor size 1114112 bytes, new threshold 1 (max threshold 15)
[18.590s][info ][gc,heap        ] GC(3093) DefNew: 19123K->1955K(19648K)
[18.590s][info ][gc,heap        ] GC(3093) Tenured: 39491K->39882K(43712K)
[18.590s][info ][gc,metaspace   ] GC(3093) Metaspace: 16404K->16404K(1064960K)
[18.590s][info ][gc             ] GC(3093) Pause Young (Allocation Failure) 57M->40M(61M) 0.667ms
[18.590s][info ][gc,cpu         ] GC(3093) User=0.00s Sys=0.00s Real=0.00s
[18.591s][info ][gc,start       ] GC(3094) Pause Young (Allocation Failure)
[18.592s][debug][gc,age         ] GC(3094) Desired survivor size 1114112 bytes, new threshold 1 (max threshold 15)
[18.592s][info ][gc,heap        ] GC(3094) DefNew: 19427K->1564K(19648K)
[18.592s][info ][gc,heap        ] GC(3094) Tenured: 39882K->39883K(43712K)
[18.592s][info ][gc,metaspace   ] GC(3094) Metaspace: 16404K->16404K(1064960K)
[18.592s][info ][gc             ] GC(3094) Pause Young (Allocation Failure) 57M->40M(61M) 0.572ms
[18.592s][info ][gc,cpu         ] GC(3094) User=0.00s Sys=0.00s Real=0.00s
[18.593s][info ][gc,start       ] GC(3095) Pause Young (Allocation Failure)
[18.594s][debug][gc,age         ] GC(3095) Desired survivor size 1114112 bytes, new threshold 1 (max threshold 15)
[18.594s][info ][gc,heap        ] GC(3095) DefNew: 18734K->1955K(19648K)
[18.594s][info ][gc,heap        ] GC(3095) Tenured: 39883K->40664K(43712K)
[18.594s][info ][gc,metaspace   ] GC(3095) Metaspace: 16404K->16404K(1064960K)
[18.594s][info ][gc             ] GC(3095) Pause Young (Allocation Failure) 57M->41M(61M) 0.653ms
[18.594s][info ][gc,cpu         ] GC(3095) User=0.00s Sys=0.00s Real=0.00s
[18.595s][info ][gc,start       ] GC(3096) Pause Young (Allocation Failure)
[18.596s][debug][gc,age         ] GC(3096) Desired survivor size 1114112 bytes, new threshold 1 (max threshold 15)
[18.596s][info ][gc,heap        ] GC(3096) DefNew: 19427K->1173K(19648K)
[18.596s][info ][gc,heap        ] GC(3096) Tenured: 40664K->40665K(43712K)
[18.596s][info ][gc,metaspace   ] GC(3096) Metaspace: 16404K->16404K(1064960K)
[18.596s][info ][gc             ] GC(3096) Pause Young (Allocation Failure) 58M->40M(61M) 0.477ms
[18.596s][info ][gc,cpu         ] GC(3096) User=0.00s Sys=0.00s Real=0.00s
[18.597s][info ][gc,start       ] GC(3097) Pause Young (Allocation Failure)
[18.598s][debug][gc,age         ] GC(3097) Desired survivor size 1114112 bytes, new threshold 1 (max threshold 15)
[18.598s][info ][gc,heap        ] GC(3097) DefNew: 18345K->1955K(19648K)
[18.598s][info ][gc,heap        ] GC(3097) Tenured: 40665K->41837K(43712K)
[18.598s][info ][gc,metaspace   ] GC(3097) Metaspace: 16404K->16404K(1064960K)
[18.598s][info ][gc             ] GC(3097) Pause Young (Allocation Failure) 57M->42M(61M) 0.913ms
[18.598s][info ][gc,cpu         ] GC(3097) User=0.00s Sys=0.00s Real=0.00s
[18.599s][info ][gc,start       ] GC(3098) Pause Young (Allocation Failure)
[18.600s][debug][gc,age         ] GC(3098) Desired survivor size 1114112 bytes, new threshold 1 (max threshold 15)
[18.600s][info ][gc,heap        ] GC(3098) DefNew: 19115K->1955K(19648K)
[18.600s][info ][gc,heap        ] GC(3098) Tenured: 41837K->42227K(43712K)
[18.600s][info ][gc,metaspace   ] GC(3098) Metaspace: 16404K->16404K(1064960K)
[18.600s][info ][gc             ] GC(3098) Pause Young (Allocation Failure) 59M->43M(61M) 0.759ms
[18.600s][info ][gc,cpu         ] GC(3098) User=0.00s Sys=0.00s Real=0.00s
[18.602s][info ][gc,start       ] GC(3099) Pause Young (Allocation Failure)
[18.602s][debug][gc,age         ] GC(3099) Desired survivor size 1114112 bytes, new threshold 1 (max threshold 15)
[18.602s][info ][gc,heap        ] GC(3099) DefNew: 19108K->1955K(19648K)
[18.602s][info ][gc,heap        ] GC(3099) Tenured: 42227K->43009K(43712K)
[18.602s][info ][gc,metaspace   ] GC(3099) Metaspace: 16404K->16404K(1064960K)
[18.602s][info ][gc             ] GC(3099) Pause Young (Allocation Failure) 59M->43M(61M) 0.653ms
[18.602s][info ][gc,cpu         ] GC(3099) User=0.00s Sys=0.00s Real=0.00s
[18.604s][info ][gc,start       ] GC(3100) Pause Young (Allocation Failure)
[18.604s][info ][gc,start       ] GC(3101) Pause Full (Allocation Failure)
[18.604s][info ][gc,phases,start] GC(3101) Phase 1: Mark live objects
[18.607s][debug][gc,phases      ] GC(3101) Reference Processing 0.045ms
[18.607s][debug][gc,phases      ] GC(3101) Weak Processing 0.017ms
[18.607s][debug][gc,phases      ] GC(3101) ClassLoaderData 0.032ms
[18.607s][debug][gc,phases      ] GC(3101) ProtectionDomainCacheTable 0.002ms
[18.607s][debug][gc,phases      ] GC(3101) ResolvedMethodTable 0.016ms
[18.608s][debug][gc,phases      ] GC(3101) Class Unloading 0.816ms
[18.608s][debug][gc,phases      ] GC(3101) Scrub String Table 0.076ms
[18.609s][debug][gc,phases      ] GC(3101) Scrub Symbol Table 1.183ms
[18.609s][info ][gc,phases      ] GC(3101) Phase 1: Mark live objects 5.510ms
[18.609s][info ][gc,phases,start] GC(3101) Phase 2: Compute new object addresses
[18.610s][info ][gc,phases      ] GC(3101) Phase 2: Compute new object addresses 0.929ms
[18.610s][info ][gc,phases,start] GC(3101) Phase 3: Adjust pointers
[18.614s][info ][gc,phases      ] GC(3101) Phase 3: Adjust pointers 3.767ms
[18.614s][info ][gc,phases,start] GC(3101) Phase 4: Move objects
[18.614s][info ][gc,phases      ] GC(3101) Phase 4: Move objects 0.278ms
[18.614s][info ][gc             ] GC(3101) Pause Full (Allocation Failure) 60M->5M(61M) 10.809ms
[18.615s][info ][gc,heap        ] GC(3100) DefNew: 19104K->0K(19648K)
[18.615s][info ][gc,heap        ] GC(3100) Tenured: 43009K->5490K(43712K)
[18.615s][info ][gc,metaspace   ] GC(3100) Metaspace: 16404K->16404K(1064960K)
[18.615s][info ][gc             ] GC(3100) Pause Young (Allocation Failure) 60M->5M(61M) 11.067ms
[18.615s][info ][gc,cpu         ] GC(3100) User=0.01s Sys=0.00s Real=0.01s
[18.616s][info ][gc,start       ] GC(3102) Pause Young (Allocation Failure)
[18.617s][debug][gc,age         ] GC(3102) Desired survivor size 1114112 bytes, new threshold 1 (max threshold 15)
[18.617s][info ][gc,heap        ] GC(3102) DefNew: 17145K->1956K(19648K)
[18.617s][info ][gc,heap        ] GC(3102) Tenured: 5490K->6271K(43712K)
[18.617s][info ][gc,metaspace   ] GC(3102) Metaspace: 16404K->16404K(1064960K)
[18.617s][info ][gc             ] GC(3102) Pause Young (Allocation Failure) 22M->8M(61M) 0.704ms
[18.617s][info ][gc,cpu         ] GC(3102) User=0.00s Sys=0.00s Real=0.00s
[18.618s][info ][gc,start       ] GC(3103) Pause Young (Allocation Failure)
[18.619s][debug][gc,age         ] GC(3103) Desired survivor size 1114112 bytes, new threshold 1 (max threshold 15)
[18.619s][info ][gc,heap        ] GC(3103) DefNew: 19100K->1955K(19648K)
[18.619s][info ][gc,heap        ] GC(3103) Tenured: 6271K->7053K(43712K)
[18.619s][info ][gc,metaspace   ] GC(3103) Metaspace: 16404K->16404K(1064960K)
[18.619s][info ][gc             ] GC(3103) Pause Young (Allocation Failure) 24M->8M(61M) 0.816ms
[18.619s][info ][gc,cpu         ] GC(3103) User=0.00s Sys=0.00s Real=0.00s
[18.621s][info ][gc,start       ] GC(3104) Pause Young (Allocation Failure)
[18.621s][debug][gc,age         ] GC(3104) Desired survivor size 1114112 bytes, new threshold 1 (max threshold 15)
[18.621s][info ][gc,heap        ] GC(3104) DefNew: 19349K->1173K(19648K)
[18.621s][info ][gc,heap        ] GC(3104) Tenured: 7053K->8226K(43712K)
[18.621s][info ][gc,metaspace   ] GC(3104) Metaspace: 16404K->16404K(1064960K)
[18.621s][info ][gc             ] GC(3104) Pause Young (Allocation Failure) 25M->9M(61M) 0.657ms
[18.621s][info ][gc,cpu         ] GC(3104) User=0.00s Sys=0.00s Real=0.00s
[18.622s][info ][gc,start       ] GC(3105) Pause Young (Allocation Failure)
[18.623s][debug][gc,age         ] GC(3105) Desired survivor size 1114112 bytes, new threshold 1 (max threshold 15)
[18.623s][info ][gc,heap        ] GC(3105) DefNew: 18364K->1955K(19648K)
[18.623s][info ][gc,heap        ] GC(3105) Tenured: 8226K->8616K(43712K)
[18.623s][info ][gc,metaspace   ] GC(3105) Metaspace: 16404K->16404K(1064960K)
[18.623s][info ][gc             ] GC(3105) Pause Young (Allocation Failure) 25M->10M(61M) 0.646ms
[18.623s][info ][gc,cpu         ] GC(3105) User=0.00s Sys=0.00s Real=0.00s
[18.624s][info ][gc,start       ] GC(3106) Pause Young (Allocation Failure)
[18.625s][debug][gc,age         ] GC(3106) Desired survivor size 1114112 bytes, new threshold 1 (max threshold 15)
[18.625s][info ][gc,heap        ] GC(3106) DefNew: 19128K->1955K(19648K)
[18.625s][info ][gc,heap        ] GC(3106) Tenured: 8616K->9398K(43712K)
[18.625s][info ][gc,metaspace   ] GC(3106) Metaspace: 16404K->16404K(1064960K)
[18.625s][info ][gc             ] GC(3106) Pause Young (Allocation Failure) 27M->11M(61M) 0.575ms
[18.625s][info ][gc,cpu         ] GC(3106) User=0.00s Sys=0.00s Real=0.00s
[18.626s][info ][gc,start       ] GC(3107) Pause Young (Allocation Failure)
[18.627s][debug][gc,age         ] GC(3107) Desired survivor size 1114112 bytes, new threshold 1 (max threshold 15)
[18.627s][info ][gc,heap        ] GC(3107) DefNew: 19116K->1955K(19648K)
[18.627s][info ][gc,heap        ] GC(3107) Tenured: 9398K->10570K(43712K)
[18.627s][info ][gc,metaspace   ] GC(3107) Metaspace: 16404K->16404K(1064960K)
[18.627s][info ][gc             ] GC(3107) Pause Young (Allocation Failure) 27M->12M(61M) 0.694ms
[18.627s][info ][gc,cpu         ] GC(3107) User=0.01s Sys=0.01s Real=0.00s
[18.628s][info ][gc,start       ] GC(3108) Pause Young (Allocation Failure)
[18.629s][debug][gc,age         ] GC(3108) Desired survivor size 1114112 bytes, new threshold 1 (max threshold 15)
[18.629s][info ][gc,heap        ] GC(3108) DefNew: 19109K->1955K(19648K)
[18.629s][info ][gc,heap        ] GC(3108) Tenured: 10570K->10961K(43712K)
[18.629s][info ][gc,metaspace   ] GC(3108) Metaspace: 16404K->16404K(1064960K)
[18.629s][info ][gc             ] GC(3108) Pause Young (Allocation Failure) 28M->12M(61M) 0.625ms
[18.629s][info ][gc,cpu         ] GC(3108) User=0.00s Sys=0.00s Real=0.00s
[18.630s][info ][gc,start       ] GC(3109) Pause Young (Allocation Failure)
[18.631s][debug][gc,age         ] GC(3109) Desired survivor size 1114112 bytes, new threshold 1 (max threshold 15)
[18.631s][info ][gc,heap        ] GC(3109) DefNew: 19104K->1955K(19648K)
[18.631s][info ][gc,heap        ] GC(3109) Tenured: 10961K->11351K(43712K)
[18.631s][info ][gc,metaspace   ] GC(3109) Metaspace: 16404K->16404K(1064960K)
[18.631s][info ][gc             ] GC(3109) Pause Young (Allocation Failure) 29M->12M(61M) 0.619ms
[18.631s][info ][gc,cpu         ] GC(3109) User=0.00s Sys=0.00s Real=0.00s
[18.633s][info ][gc,start       ] GC(3110) Pause Young (Allocation Failure)
[18.633s][debug][gc,age         ] GC(3110) Desired survivor size 1114112 bytes, new threshold 1 (max threshold 15)
[18.633s][info ][gc,heap        ] GC(3110) DefNew: 19101K->1955K(19648K)
[18.633s][info ][gc,heap        ] GC(3110) Tenured: 11351K->12133K(43712K)
[18.633s][info ][gc,metaspace   ] GC(3110) Metaspace: 16404K->16404K(1064960K)
[18.633s][info ][gc             ] GC(3110) Pause Young (Allocation Failure) 29M->13M(61M) 0.687ms
[18.633s][info ][gc,cpu         ] GC(3110) User=0.00s Sys=0.00s Real=0.00s
[18.635s][info ][gc,start       ] GC(3111) Pause Young (Allocation Failure)
[18.635s][debug][gc,age         ] GC(3111) Desired survivor size 1114112 bytes, new threshold 1 (max threshold 15)
[18.636s][info ][gc,heap        ] GC(3111) DefNew: 19099K->1955K(19648K)
[18.636s][info ][gc,heap        ] GC(3111) Tenured: 12133K->13305K(43712K)
[18.636s][info ][gc,metaspace   ] GC(3111) Metaspace: 16404K->16404K(1064960K)
[18.636s][info ][gc             ] GC(3111) Pause Young (Allocation Failure) 30M->14M(61M) 0.841ms
[18.636s][info ][gc,cpu         ] GC(3111) User=0.00s Sys=0.00s Real=0.00s
[18.637s][info ][gc,start       ] GC(3112) Pause Young (Allocation Failure)
[18.638s][debug][gc,age         ] GC(3112) Desired survivor size 1114112 bytes, new threshold 1 (max threshold 15)
[18.638s][info ][gc,heap        ] GC(3112) DefNew: 19098K->1955K(19648K)
[18.638s][info ][gc,heap        ] GC(3112) Tenured: 13305K->13695K(43712K)
[18.638s][info ][gc,metaspace   ] GC(3112) Metaspace: 16404K->16404K(1064960K)
[18.638s][info ][gc             ] GC(3112) Pause Young (Allocation Failure) 31M->15M(61M) 0.650ms
[18.638s][info ][gc,cpu         ] GC(3112) User=0.00s Sys=0.00s Real=0.00s
[18.639s][info ][gc,start       ] GC(3113) Pause Young (Allocation Failure)
[18.640s][debug][gc,age         ] GC(3113) Desired survivor size 1114112 bytes, new threshold 1 (max threshold 15)
[18.640s][info ][gc,heap        ] GC(3113) DefNew: 19097K->1955K(19648K)
[18.640s][info ][gc,heap        ] GC(3113) Tenured: 13695K->14477K(43712K)
[18.640s][info ][gc,metaspace   ] GC(3113) Metaspace: 16404K->16404K(1064960K)
[18.640s][info ][gc             ] GC(3113) Pause Young (Allocation Failure) 32M->16M(61M) 0.605ms
[18.640s][info ][gc,cpu         ] GC(3113) User=0.00s Sys=0.00s Real=0.01s
[18.641s][info ][gc,start       ] GC(3114) Pause Young (Allocation Failure)
[18.641s][debug][gc,age         ] GC(3114) Desired survivor size 1114112 bytes, new threshold 1 (max threshold 15)
[18.641s][info ][gc,heap        ] GC(3114) DefNew: 19427K->1173K(19648K)
[18.641s][info ][gc,heap        ] GC(3114) Tenured: 14477K->14868K(43712K)
[18.641s][info ][gc,metaspace   ] GC(3114) Metaspace: 16404K->16404K(1064960K)
[18.641s][info ][gc             ] GC(3114) Pause Young (Allocation Failure) 33M->15M(61M) 0.494ms
[18.641s][info ][gc,cpu         ] GC(3114) User=0.00s Sys=0.00s Real=0.00s
[18.643s][info ][gc,start       ] GC(3115) Pause Young (Allocation Failure)
[18.644s][debug][gc,age         ] GC(3115) Desired survivor size 1114112 bytes, new threshold 1 (max threshold 15)
[18.644s][info ][gc,heap        ] GC(3115) DefNew: 18629K->1954K(19648K)
[18.644s][info ][gc,heap        ] GC(3115) Tenured: 14868K->15650K(43712K)
[18.644s][info ][gc,metaspace   ] GC(3115) Metaspace: 16404K->16404K(1064960K)
[18.644s][info ][gc             ] GC(3115) Pause Young (Allocation Failure) 32M->17M(61M) 0.666ms
[18.644s][info ][gc,cpu         ] GC(3115) User=0.00s Sys=0.00s Real=0.00s
[18.645s][info ][gc,start       ] GC(3116) Pause Young (Allocation Failure)
[18.645s][debug][gc,age         ] GC(3116) Desired survivor size 1114112 bytes, new threshold 1 (max threshold 15)
[18.645s][info ][gc,heap        ] GC(3116) DefNew: 19136K->1955K(19648K)
[18.645s][info ][gc,heap        ] GC(3116) Tenured: 15650K->15650K(43712K)
[18.645s][info ][gc,metaspace   ] GC(3116) Metaspace: 16404K->16404K(1064960K)
[18.645s][info ][gc             ] GC(3116) Pause Young (Allocation Failure) 33M->17M(61M) 0.531ms
[18.646s][info ][gc,cpu         ] GC(3116) User=0.00s Sys=0.00s Real=0.00s
[18.647s][info ][gc,start       ] GC(3117) Pause Young (Allocation Failure)
[18.647s][debug][gc,age         ] GC(3117) Desired survivor size 1114112 bytes, new threshold 1 (max threshold 15)
[18.647s][info ][gc,heap        ] GC(3117) DefNew: 19122K->1955K(19648K)
[18.647s][info ][gc,heap        ] GC(3117) Tenured: 15650K->16041K(43712K)
[18.647s][info ][gc,metaspace   ] GC(3117) Metaspace: 16404K->16404K(1064960K)
[18.647s][info ][gc             ] GC(3117) Pause Young (Allocation Failure) 33M->17M(61M) 0.643ms
[18.647s][info ][gc,cpu         ] GC(3117) User=0.00s Sys=0.00s Real=0.00s
[18.649s][info ][gc,start       ] GC(3118) Pause Young (Allocation Failure)
[18.650s][debug][gc,age         ] GC(3118) Desired survivor size 1114112 bytes, new threshold 1 (max threshold 15)
[18.650s][info ][gc,heap        ] GC(3118) DefNew: 19113K->1955K(19648K)
[18.650s][info ][gc,heap        ] GC(3118) Tenured: 16041K->17213K(43712K)
[18.650s][info ][gc,metaspace   ] GC(3118) Metaspace: 16404K->16404K(1064960K)
[18.650s][info ][gc             ] GC(3118) Pause Young (Allocation Failure) 34M->18M(61M) 0.831ms
[18.650s][info ][gc,cpu         ] GC(3118) User=0.01s Sys=0.00s Real=0.01s
[18.651s][info ][gc,start       ] GC(3119) Pause Young (Allocation Failure)
[18.652s][debug][gc,age         ] GC(3119) Desired survivor size 1114112 bytes, new threshold 1 (max threshold 15)
[18.652s][info ][gc,heap        ] GC(3119) DefNew: 19106K->1955K(19648K)
[18.652s][info ][gc,heap        ] GC(3119) Tenured: 17213K->17994K(43712K)
[18.652s][info ][gc,metaspace   ] GC(3119) Metaspace: 16404K->16404K(1064960K)
[18.652s][info ][gc             ] GC(3119) Pause Young (Allocation Failure) 35M->19M(61M) 0.962ms
[18.652s][info ][gc,cpu         ] GC(3119) User=0.00s Sys=0.00s Real=0.00s
[18.654s][info ][gc,start       ] GC(3120) Pause Young (Allocation Failure)
[18.654s][debug][gc,age         ] GC(3120) Desired survivor size 1114112 bytes, new threshold 1 (max threshold 15)
[18.655s][info ][gc,heap        ] GC(3120) DefNew: 19102K->1955K(19648K)
[18.655s][info ][gc,heap        ] GC(3120) Tenured: 17994K->19167K(43712K)
[18.655s][info ][gc,metaspace   ] GC(3120) Metaspace: 16404K->16404K(1064960K)
[18.655s][info ][gc             ] GC(3120) Pause Young (Allocation Failure) 36M->20M(61M) 0.721ms
[18.655s][info ][gc,cpu         ] GC(3120) User=0.00s Sys=0.00s Real=0.00s
[18.656s][info ][gc,start       ] GC(3121) Pause Young (Allocation Failure)
[18.657s][debug][gc,age         ] GC(3121) Desired survivor size 1114112 bytes, new threshold 1 (max threshold 15)
[18.657s][info ][gc,heap        ] GC(3121) DefNew: 19100K->1955K(19648K)
[18.657s][info ][gc,heap        ] GC(3121) Tenured: 19167K->19167K(43712K)
[18.657s][info ][gc,metaspace   ] GC(3121) Metaspace: 16404K->16404K(1064960K)
[18.657s][info ][gc             ] GC(3121) Pause Young (Allocation Failure) 37M->20M(61M) 0.717ms
[18.657s][info ][gc,cpu         ] GC(3121) User=0.00s Sys=0.00s Real=0.00s
[18.658s][info ][gc,start       ] GC(3122) Pause Young (Allocation Failure)
[18.658s][debug][gc,age         ] GC(3122) Desired survivor size 1114112 bytes, new threshold 1 (max threshold 15)
[18.658s][info ][gc,heap        ] GC(3122) DefNew: 19078K->1955K(19648K)
[18.658s][info ][gc,heap        ] GC(3122) Tenured: 19167K->19558K(43712K)
[18.658s][info ][gc,metaspace   ] GC(3122) Metaspace: 16404K->16404K(1064960K)
[18.658s][info ][gc             ] GC(3122) Pause Young (Allocation Failure) 37M->21M(61M) 0.632ms
[18.658s][info ][gc,cpu         ] GC(3122) User=0.00s Sys=0.00s Real=0.00s
[18.660s][info ][gc,start       ] GC(3123) Pause Young (Allocation Failure)
[18.660s][debug][gc,age         ] GC(3123) Desired survivor size 1114112 bytes, new threshold 1 (max threshold 15)
[18.660s][info ][gc,heap        ] GC(3123) DefNew: 19401K->1173K(19648K)
[18.660s][info ][gc,heap        ] GC(3123) Tenured: 19558K->19558K(43712K)
[18.660s][info ][gc,metaspace   ] GC(3123) Metaspace: 16404K->16404K(1064960K)
[18.660s][info ][gc             ] GC(3123) Pause Young (Allocation Failure) 38M->20M(61M) 0.621ms
[18.661s][info ][gc,cpu         ] GC(3123) User=0.00s Sys=0.00s Real=0.00s
[18.662s][info ][gc,start       ] GC(3124) Pause Young (Allocation Failure)
[18.662s][debug][gc,age         ] GC(3124) Desired survivor size 1114112 bytes, new threshold 1 (max threshold 15)
[18.662s][info ][gc,heap        ] GC(3124) DefNew: 18353K->1955K(19648K)
[18.662s][info ][gc,heap        ] GC(3124) Tenured: 19558K->19558K(43712K)
[18.662s][info ][gc,metaspace   ] GC(3124) Metaspace: 16404K->16404K(1064960K)
[18.662s][info ][gc             ] GC(3124) Pause Young (Allocation Failure) 37M->21M(61M) 0.685ms
[18.662s][info ][gc,cpu         ] GC(3124) User=0.00s Sys=0.00s Real=0.00s
[18.664s][info ][gc,start       ] GC(3125) Pause Young (Allocation Failure)
[18.664s][debug][gc,age         ] GC(3125) Desired survivor size 1114112 bytes, new threshold 1 (max threshold 15)
[18.664s][info ][gc,heap        ] GC(3125) DefNew: 19121K->1564K(19648K)
[18.664s][info ][gc,heap        ] GC(3125) Tenured: 19558K->19558K(43712K)
[18.664s][info ][gc,metaspace   ] GC(3125) Metaspace: 16404K->16404K(1064960K)
[18.664s][info ][gc             ] GC(3125) Pause Young (Allocation Failure) 37M->20M(61M) 0.542ms
[18.664s][info ][gc,cpu         ] GC(3125) User=0.00s Sys=0.00s Real=0.00s
[18.666s][info ][gc,start       ] GC(3126) Pause Young (Allocation Failure)
[18.666s][debug][gc,age         ] GC(3126) Desired survivor size 1114112 bytes, new threshold 1 (max threshold 15)
[18.666s][info ][gc,heap        ] GC(3126) DefNew: 18721K->1173K(19648K)
[18.666s][info ][gc,heap        ] GC(3126) Tenured: 19558K->19558K(43712K)
[18.666s][info ][gc,metaspace   ] GC(3126) Metaspace: 16404K->16404K(1064960K)
[18.666s][info ][gc             ] GC(3126) Pause Young (Allocation Failure) 37M->20M(61M) 0.702ms
[18.666s][info ][gc,cpu         ] GC(3126) User=0.00s Sys=0.00s Real=0.00s
[18.668s][info ][gc,start       ] GC(3127) Pause Young (Allocation Failure)
[18.668s][debug][gc,age         ] GC(3127) Desired survivor size 1114112 bytes, new threshold 1 (max threshold 15)
[18.668s][info ][gc,heap        ] GC(3127) DefNew: 18325K->1955K(19648K)
[18.668s][info ][gc,heap        ] GC(3127) Tenured: 19558K->19949K(43712K)
[18.668s][info ][gc,metaspace   ] GC(3127) Metaspace: 16404K->16404K(1064960K)
[18.668s][info ][gc             ] GC(3127) Pause Young (Allocation Failure) 36M->21M(61M) 0.590ms
[18.668s][info ][gc,cpu         ] GC(3127) User=0.00s Sys=0.00s Real=0.00s
[18.670s][info ][gc,start       ] GC(3128) Pause Young (Allocation Failure)
[18.670s][debug][gc,age         ] GC(3128) Desired survivor size 1114112 bytes, new threshold 1 (max threshold 15)
[18.670s][info ][gc,heap        ] GC(3128) DefNew: 19102K->1955K(19648K)
[18.670s][info ][gc,heap        ] GC(3128) Tenured: 19949K->20340K(43712K)
[18.670s][info ][gc,metaspace   ] GC(3128) Metaspace: 16404K->16404K(1064960K)
[18.670s][info ][gc             ] GC(3128) Pause Young (Allocation Failure) 38M->21M(61M) 0.594ms
[18.670s][info ][gc,cpu         ] GC(3128) User=0.00s Sys=0.00s Real=0.00s
[18.671s][info ][gc,start       ] GC(3129) Pause Young (Allocation Failure)
[18.672s][debug][gc,age         ] GC(3129) Desired survivor size 1114112 bytes, new threshold 1 (max threshold 15)
[18.672s][info ][gc,heap        ] GC(3129) DefNew: 19100K->1955K(19648K)
[18.672s][info ][gc,heap        ] GC(3129) Tenured: 20340K->20340K(43712K)
[18.672s][info ][gc,metaspace   ] GC(3129) Metaspace: 16404K->16404K(1064960K)
[18.672s][info ][gc             ] GC(3129) Pause Young (Allocation Failure) 38M->21M(61M) 0.624ms
[18.672s][info ][gc,cpu         ] GC(3129) User=0.00s Sys=0.00s Real=0.00s
[18.673s][info ][gc,start       ] GC(3130) Pause Young (Allocation Failure)
[18.674s][debug][gc,age         ] GC(3130) Desired survivor size 1114112 bytes, new threshold 1 (max threshold 15)
[18.674s][info ][gc,heap        ] GC(3130) DefNew: 19098K->1955K(19648K)
[18.674s][info ][gc,heap        ] GC(3130) Tenured: 20340K->21511K(43712K)
[18.674s][info ][gc,metaspace   ] GC(3130) Metaspace: 16404K->16404K(1064960K)
[18.674s][info ][gc             ] GC(3130) Pause Young (Allocation Failure) 38M->22M(61M) 0.674ms
[18.674s][info ][gc,cpu         ] GC(3130) User=0.00s Sys=0.00s Real=0.00s
[18.675s][info ][gc,start       ] GC(3131) Pause Young (Allocation Failure)
[18.676s][debug][gc,age         ] GC(3131) Desired survivor size 1114112 bytes, new threshold 1 (max threshold 15)
[18.676s][info ][gc,heap        ] GC(3131) DefNew: 19097K->1955K(19648K)
[18.676s][info ][gc,heap        ] GC(3131) Tenured: 21511K->22293K(43712K)
[18.676s][info ][gc,metaspace   ] GC(3131) Metaspace: 16404K->16404K(1064960K)
[18.676s][info ][gc             ] GC(3131) Pause Young (Allocation Failure) 39M->23M(61M) 0.610ms
[18.676s][info ][gc,cpu         ] GC(3131) User=0.00s Sys=0.00s Real=0.00s
[18.677s][info ][gc,start       ] GC(3132) Pause Young (Allocation Failure)
[18.678s][debug][gc,age         ] GC(3132) Desired survivor size 1114112 bytes, new threshold 1 (max threshold 15)
[18.678s][info ][gc,heap        ] GC(3132) DefNew: 19097K->1955K(19648K)
[18.678s][info ][gc,heap        ] GC(3132) Tenured: 22293K->23074K(43712K)
[18.678s][info ][gc,metaspace   ] GC(3132) Metaspace: 16404K->16404K(1064960K)
[18.678s][info ][gc             ] GC(3132) Pause Young (Allocation Failure) 40M->24M(61M) 0.741ms
[18.678s][info ][gc,cpu         ] GC(3132) User=0.00s Sys=0.00s Real=0.00s
[18.679s][info ][gc,start       ] GC(3133) Pause Young (Allocation Failure)
[18.680s][debug][gc,age         ] GC(3133) Desired survivor size 1114112 bytes, new threshold 1 (max threshold 15)
[18.680s][info ][gc,heap        ] GC(3133) DefNew: 19096K->1955K(19648K)
[18.680s][info ][gc,heap        ] GC(3133) Tenured: 23074K->23074K(43712K)
[18.680s][info ][gc,metaspace   ] GC(3133) Metaspace: 16404K->16404K(1064960K)
[18.680s][info ][gc             ] GC(3133) Pause Young (Allocation Failure) 41M->24M(61M) 0.498ms
[18.680s][info ][gc,cpu         ] GC(3133) User=0.00s Sys=0.00s Real=0.00s
[18.681s][info ][gc,start       ] GC(3134) Pause Young (Allocation Failure)
[18.682s][debug][gc,age         ] GC(3134) Desired survivor size 1114112 bytes, new threshold 1 (max threshold 15)
[18.682s][info ][gc,heap        ] GC(3134) DefNew: 19071K->1955K(19648K)
[18.682s][info ][gc,heap        ] GC(3134) Tenured: 23074K->23074K(43712K)
[18.682s][info ][gc,metaspace   ] GC(3134) Metaspace: 16404K->16404K(1064960K)
[18.682s][info ][gc             ] GC(3134) Pause Young (Allocation Failure) 41M->24M(61M) 0.860ms
[18.682s][info ][gc,cpu         ] GC(3134) User=0.00s Sys=0.01s Real=0.00s
[18.684s][info ][gc,start       ] GC(3135) Pause Young (Allocation Failure)
[18.684s][debug][gc,age         ] GC(3135) Desired survivor size 1114112 bytes, new threshold 1 (max threshold 15)
[18.684s][info ][gc,heap        ] GC(3135) DefNew: 19105K->1564K(19648K)
[18.684s][info ][gc,heap        ] GC(3135) Tenured: 23074K->23465K(43712K)
[18.684s][info ][gc,metaspace   ] GC(3135) Metaspace: 16404K->16404K(1064960K)
[18.684s][info ][gc             ] GC(3135) Pause Young (Allocation Failure) 41M->24M(61M) 0.798ms
[18.684s][info ][gc,cpu         ] GC(3135) User=0.00s Sys=0.00s Real=0.00s
[18.686s][info ][gc,start       ] GC(3136) Pause Young (Allocation Failure)
[18.686s][debug][gc,age         ] GC(3136) Desired survivor size 1114112 bytes, new threshold 1 (max threshold 15)
[18.686s][info ][gc,heap        ] GC(3136) DefNew: 18711K->1955K(19648K)
[18.686s][info ][gc,heap        ] GC(3136) Tenured: 23465K->24247K(43712K)
[18.686s][info ][gc,metaspace   ] GC(3136) Metaspace: 16404K->16404K(1064960K)
[18.686s][info ][gc             ] GC(3136) Pause Young (Allocation Failure) 41M->25M(61M) 0.625ms
[18.686s][info ][gc,cpu         ] GC(3136) User=0.00s Sys=0.00s Real=0.00s
[18.688s][info ][gc,start       ] GC(3137) Pause Young (Allocation Failure)
[18.688s][debug][gc,age         ] GC(3137) Desired survivor size 1114112 bytes, new threshold 1 (max threshold 15)
[18.688s][info ][gc,heap        ] GC(3137) DefNew: 19416K->1173K(19648K)
[18.688s][info ][gc,heap        ] GC(3137) Tenured: 24247K->25029K(43712K)
[18.688s][info ][gc,metaspace   ] GC(3137) Metaspace: 16404K->16404K(1064960K)
[18.688s][info ][gc             ] GC(3137) Pause Young (Allocation Failure) 42M->25M(61M) 0.638ms
[18.688s][info ][gc,cpu         ] GC(3137) User=0.00s Sys=0.00s Real=0.00s
[18.690s][info ][gc,start       ] GC(3138) Pause Young (Allocation Failure)
[18.690s][debug][gc,age         ] GC(3138) Desired survivor size 1114112 bytes, new threshold 1 (max threshold 15)
[18.690s][info ][gc,heap        ] GC(3138) DefNew: 18342K->1955K(19648K)
[18.690s][info ][gc,heap        ] GC(3138) Tenured: 25029K->25029K(43712K)
[18.690s][info ][gc,metaspace   ] GC(3138) Metaspace: 16404K->16404K(1064960K)
[18.690s][info ][gc             ] GC(3138) Pause Young (Allocation Failure) 42M->26M(61M) 0.597ms
[18.690s][info ][gc,cpu         ] GC(3138) User=0.00s Sys=0.00s Real=0.00s
[18.692s][info ][gc,start       ] GC(3139) Pause Young (Allocation Failure)
[18.692s][debug][gc,age         ] GC(3139) Desired survivor size 1114112 bytes, new threshold 1 (max threshold 15)
[18.692s][info ][gc,heap        ] GC(3139) DefNew: 19427K->1173K(19648K)
[18.692s][info ][gc,heap        ] GC(3139) Tenured: 25029K->25811K(43712K)
[18.692s][info ][gc,metaspace   ] GC(3139) Metaspace: 16404K->16404K(1064960K)
[18.692s][info ][gc             ] GC(3139) Pause Young (Allocation Failure) 43M->26M(61M) 0.556ms
[18.692s][info ][gc,cpu         ] GC(3139) User=0.00s Sys=0.00s Real=0.00s
[18.693s][info ][gc,start       ] GC(3140) Pause Young (Allocation Failure)
[18.694s][debug][gc,age         ] GC(3140) Desired survivor size 1114112 bytes, new threshold 1 (max threshold 15)
[18.694s][info ][gc,heap        ] GC(3140) DefNew: 18337K->1955K(19648K)
[18.694s][info ][gc,heap        ] GC(3140) Tenured: 25811K->25811K(43712K)
[18.694s][info ][gc,metaspace   ] GC(3140) Metaspace: 16404K->16404K(1064960K)
[18.694s][info ][gc             ] GC(3140) Pause Young (Allocation Failure) 43M->27M(61M) 0.600ms
[18.694s][info ][gc,cpu         ] GC(3140) User=0.00s Sys=0.00s Real=0.00s
[18.695s][info ][gc,start       ] GC(3141) Pause Young (Allocation Failure)
[18.696s][debug][gc,age         ] GC(3141) Desired survivor size 1114112 bytes, new threshold 1 (max threshold 15)
[18.696s][info ][gc,heap        ] GC(3141) DefNew: 19330K->1563K(19648K)
[18.696s][info ][gc,heap        ] GC(3141) Tenured: 25811K->26984K(43712K)
[18.696s][info ][gc,metaspace   ] GC(3141) Metaspace: 16404K->16404K(1064960K)
[18.696s][info ][gc             ] GC(3141) Pause Young (Allocation Failure) 44M->27M(61M) 0.689ms
[18.696s][info ][gc,cpu         ] GC(3141) User=0.00s Sys=0.00s Real=0.00s
[18.698s][info ][gc,start       ] GC(3142) Pause Young (Allocation Failure)
[18.699s][debug][gc,age         ] GC(3142) Desired survivor size 1114112 bytes, new threshold 1 (max threshold 15)
[18.699s][info ][gc,heap        ] GC(3142) DefNew: 18774K->1955K(19648K)
[18.699s][info ][gc,heap        ] GC(3142) Tenured: 26984K->27374K(43712K)
[18.699s][info ][gc,metaspace   ] GC(3142) Metaspace: 16404K->16404K(1064960K)
[18.699s][info ][gc             ] GC(3142) Pause Young (Allocation Failure) 44M->28M(61M) 0.968ms
[18.699s][info ][gc,cpu         ] GC(3142) User=0.00s Sys=0.00s Real=0.00s
[18.700s][info ][gc,start       ] GC(3143) Pause Young (Allocation Failure)
[18.701s][debug][gc,age         ] GC(3143) Desired survivor size 1114112 bytes, new threshold 1 (max threshold 15)
[18.701s][info ][gc,heap        ] GC(3143) DefNew: 19141K->1955K(19648K)
[18.701s][info ][gc,heap        ] GC(3143) Tenured: 27374K->27375K(43712K)
[18.701s][info ][gc,metaspace   ] GC(3143) Metaspace: 16404K->16404K(1064960K)
[18.701s][info ][gc             ] GC(3143) Pause Young (Allocation Failure) 45M->28M(61M) 0.648ms
[18.701s][info ][gc,cpu         ] GC(3143) User=0.00s Sys=0.00s Real=0.00s
[18.702s][info ][gc,start       ] GC(3144) Pause Young (Allocation Failure)
[18.703s][debug][gc,age         ] GC(3144) Desired survivor size 1114112 bytes, new threshold 1 (max threshold 15)
[18.703s][info ][gc,heap        ] GC(3144) DefNew: 19427K->1563K(19648K)
[18.703s][info ][gc,heap        ] GC(3144) Tenured: 27375K->27375K(43712K)
[18.703s][info ][gc,metaspace   ] GC(3144) Metaspace: 16404K->16404K(1064960K)
[18.703s][info ][gc             ] GC(3144) Pause Young (Allocation Failure) 45M->28M(61M) 0.495ms
[18.703s][info ][gc,cpu         ] GC(3144) User=0.00s Sys=0.00s Real=0.00s
[18.704s][info ][gc,start       ] GC(3145) Pause Young (Allocation Failure)
[18.705s][debug][gc,age         ] GC(3145) Desired survivor size 1114112 bytes, new threshold 1 (max threshold 15)
[18.705s][info ][gc,heap        ] GC(3145) DefNew: 18743K->1955K(19648K)
[18.705s][info ][gc,heap        ] GC(3145) Tenured: 27375K->28547K(43712K)
[18.705s][info ][gc,metaspace   ] GC(3145) Metaspace: 16404K->16404K(1064960K)
[18.705s][info ][gc             ] GC(3145) Pause Young (Allocation Failure) 45M->29M(61M) 0.679ms
[18.705s][info ][gc,cpu         ] GC(3145) User=0.00s Sys=0.00s Real=0.00s
[18.706s][info ][gc,start       ] GC(3146) Pause Young (Allocation Failure)
[18.707s][debug][gc,age         ] GC(3146) Desired survivor size 1114112 bytes, new threshold 1 (max threshold 15)
[18.707s][info ][gc,heap        ] GC(3146) DefNew: 19427K->1564K(19648K)
[18.707s][info ][gc,heap        ] GC(3146) Tenured: 28547K->28939K(43712K)
[18.707s][info ][gc,metaspace   ] GC(3146) Metaspace: 16404K->16404K(1064960K)
[18.707s][info ][gc             ] GC(3146) Pause Young (Allocation Failure) 46M->29M(61M) 0.540ms
[18.707s][info ][gc,cpu         ] GC(3146) User=0.00s Sys=0.00s Real=0.00s
[18.708s][info ][gc,start       ] GC(3147) Pause Young (Allocation Failure)
[18.709s][debug][gc,age         ] GC(3147) Desired survivor size 1114112 bytes, new threshold 1 (max threshold 15)
[18.709s][info ][gc,heap        ] GC(3147) DefNew: 18739K->1955K(19648K)
[18.709s][info ][gc,heap        ] GC(3147) Tenured: 28939K->30110K(43712K)
[18.709s][info ][gc,metaspace   ] GC(3147) Metaspace: 16404K->16404K(1064960K)
[18.709s][info ][gc             ] GC(3147) Pause Young (Allocation Failure) 46M->31M(61M) 0.752ms
[18.709s][info ][gc,cpu         ] GC(3147) User=0.00s Sys=0.00s Real=0.00s
[18.710s][info ][gc,start       ] GC(3148) Pause Young (Allocation Failure)
[18.711s][debug][gc,age         ] GC(3148) Desired survivor size 1114112 bytes, new threshold 1 (max threshold 15)
[18.711s][info ][gc,heap        ] GC(3148) DefNew: 19118K->1955K(19648K)
[18.711s][info ][gc,heap        ] GC(3148) Tenured: 30110K->30111K(43712K)
[18.711s][info ][gc,metaspace   ] GC(3148) Metaspace: 16404K->16404K(1064960K)
[18.711s][info ][gc             ] GC(3148) Pause Young (Allocation Failure) 48M->31M(61M) 0.551ms
[18.711s][info ][gc,cpu         ] GC(3148) User=0.01s Sys=0.00s Real=0.00s
[18.712s][info ][gc,start       ] GC(3149) Pause Young (Allocation Failure)
[18.713s][debug][gc,age         ] GC(3149) Desired survivor size 1114112 bytes, new threshold 1 (max threshold 15)
[18.713s][info ][gc,heap        ] GC(3149) DefNew: 19071K->1955K(19648K)
[18.713s][info ][gc,heap        ] GC(3149) Tenured: 30111K->30111K(43712K)
[18.713s][info ][gc,metaspace   ] GC(3149) Metaspace: 16404K->16404K(1064960K)
[18.713s][info ][gc             ] GC(3149) Pause Young (Allocation Failure) 48M->31M(61M) 0.530ms
[18.713s][info ][gc,cpu         ] GC(3149) User=0.00s Sys=0.00s Real=0.00s
[18.714s][info ][gc,start       ] GC(3150) Pause Young (Allocation Failure)
[18.715s][debug][gc,age         ] GC(3150) Desired survivor size 1114112 bytes, new threshold 1 (max threshold 15)
[18.715s][info ][gc,heap        ] GC(3150) DefNew: 19118K->1955K(19648K)
[18.715s][info ][gc,heap        ] GC(3150) Tenured: 30111K->30892K(43712K)
[18.715s][info ][gc,metaspace   ] GC(3150) Metaspace: 16404K->16404K(1064960K)
[18.715s][info ][gc             ] GC(3150) Pause Young (Allocation Failure) 48M->32M(61M) 0.598ms
[18.715s][info ][gc,cpu         ] GC(3150) User=0.00s Sys=0.00s Real=0.00s
[18.716s][info ][gc,start       ] GC(3151) Pause Young (Allocation Failure)
[18.717s][debug][gc,age         ] GC(3151) Desired survivor size 1114112 bytes, new threshold 1 (max threshold 15)
[18.717s][info ][gc,heap        ] GC(3151) DefNew: 19110K->1955K(19648K)
[18.717s][info ][gc,heap        ] GC(3151) Tenured: 30892K->31283K(43712K)
[18.717s][info ][gc,metaspace   ] GC(3151) Metaspace: 16404K->16404K(1064960K)
[18.717s][info ][gc             ] GC(3151) Pause Young (Allocation Failure) 48M->32M(61M) 0.779ms
[18.717s][info ][gc,cpu         ] GC(3151) User=0.00s Sys=0.00s Real=0.00s
[18.718s][info ][gc,start       ] GC(3152) Pause Young (Allocation Failure)
[18.719s][debug][gc,age         ] GC(3152) Desired survivor size 1114112 bytes, new threshold 1 (max threshold 15)
[18.719s][info ][gc,heap        ] GC(3152) DefNew: 19105K->1955K(19648K)
[18.719s][info ][gc,heap        ] GC(3152) Tenured: 31283K->31283K(43712K)
[18.719s][info ][gc,metaspace   ] GC(3152) Metaspace: 16404K->16404K(1064960K)
[18.719s][info ][gc             ] GC(3152) Pause Young (Allocation Failure) 49M->32M(61M) 0.768ms
[18.719s][info ][gc,cpu         ] GC(3152) User=0.00s Sys=0.00s Real=0.00s
[18.720s][info ][gc,start       ] GC(3153) Pause Young (Allocation Failure)
[18.721s][debug][gc,age         ] GC(3153) Desired survivor size 1114112 bytes, new threshold 1 (max threshold 15)
[18.721s][info ][gc,heap        ] GC(3153) DefNew: 19066K->1955K(19648K)
[18.721s][info ][gc,heap        ] GC(3153) Tenured: 31283K->32064K(43712K)
[18.721s][info ][gc,metaspace   ] GC(3153) Metaspace: 16404K->16404K(1064960K)
[18.721s][info ][gc             ] GC(3153) Pause Young (Allocation Failure) 49M->33M(61M) 0.874ms
[18.721s][info ][gc,cpu         ] GC(3153) User=0.00s Sys=0.00s Real=0.00s
[18.723s][info ][gc,start       ] GC(3154) Pause Young (Allocation Failure)
[18.723s][debug][gc,age         ] GC(3154) Desired survivor size 1114112 bytes, new threshold 1 (max threshold 15)
[18.723s][info ][gc,heap        ] GC(3154) DefNew: 19412K->1173K(19648K)
[18.723s][info ][gc,heap        ] GC(3154) Tenured: 32064K->32846K(43712K)
[18.723s][info ][gc,metaspace   ] GC(3154) Metaspace: 16404K->16404K(1064960K)
[18.723s][info ][gc             ] GC(3154) Pause Young (Allocation Failure) 50M->33M(61M) 0.610ms
[18.723s][info ][gc,cpu         ] GC(3154) User=0.00s Sys=0.00s Real=0.00s
[18.725s][info ][gc,start       ] GC(3155) Pause Young (Allocation Failure)
[18.725s][debug][gc,age         ] GC(3155) Desired survivor size 1114112 bytes, new threshold 1 (max threshold 15)
[18.725s][info ][gc,heap        ] GC(3155) DefNew: 18357K->1955K(19648K)
[18.725s][info ][gc,heap        ] GC(3155) Tenured: 32846K->33237K(43712K)
[18.725s][info ][gc,metaspace   ] GC(3155) Metaspace: 16404K->16404K(1064960K)
[18.725s][info ][gc             ] GC(3155) Pause Young (Allocation Failure) 50M->34M(61M) 0.646ms
[18.725s][info ][gc,cpu         ] GC(3155) User=0.00s Sys=0.00s Real=0.00s
[18.727s][info ][gc,start       ] GC(3156) Pause Young (Allocation Failure)
[18.727s][debug][gc,age         ] GC(3156) Desired survivor size 1114112 bytes, new threshold 1 (max threshold 15)
[18.727s][info ][gc,heap        ] GC(3156) DefNew: 19123K->1564K(19648K)
[18.727s][info ][gc,heap        ] GC(3156) Tenured: 33237K->33237K(43712K)
[18.727s][info ][gc,metaspace   ] GC(3156) Metaspace: 16404K->16404K(1064960K)
[18.727s][info ][gc             ] GC(3156) Pause Young (Allocation Failure) 51M->33M(61M) 0.532ms
[18.727s][info ][gc,cpu         ] GC(3156) User=0.00s Sys=0.00s Real=0.00s
[18.729s][info ][gc,start       ] GC(3157) Pause Young (Allocation Failure)
[18.729s][debug][gc,age         ] GC(3157) Desired survivor size 1114112 bytes, new threshold 1 (max threshold 15)
[18.729s][info ][gc,heap        ] GC(3157) DefNew: 18723K->1955K(19648K)
[18.729s][info ][gc,heap        ] GC(3157) Tenured: 33237K->34409K(43712K)
[18.729s][info ][gc,metaspace   ] GC(3157) Metaspace: 16404K->16404K(1064960K)
[18.729s][info ][gc             ] GC(3157) Pause Young (Allocation Failure) 50M->35M(61M) 0.674ms
[18.729s][info ][gc,cpu         ] GC(3157) User=0.00s Sys=0.00s Real=0.00s
[18.730s][info ][gc,start       ] GC(3158) Pause Young (Allocation Failure)
[18.731s][debug][gc,age         ] GC(3158) Desired survivor size 1114112 bytes, new threshold 1 (max threshold 15)
[18.731s][info ][gc,heap        ] GC(3158) DefNew: 19107K->1955K(19648K)
[18.731s][info ][gc,heap        ] GC(3158) Tenured: 34409K->34800K(43712K)
[18.731s][info ][gc,metaspace   ] GC(3158) Metaspace: 16404K->16404K(1064960K)
[18.731s][info ][gc             ] GC(3158) Pause Young (Allocation Failure) 52M->35M(61M) 0.713ms
[18.731s][info ][gc,cpu         ] GC(3158) User=0.00s Sys=0.00s Real=0.00s
[18.733s][info ][gc,start       ] GC(3159) Pause Young (Allocation Failure)
[18.733s][debug][gc,age         ] GC(3159) Desired survivor size 1114112 bytes, new threshold 1 (max threshold 15)
[18.733s][info ][gc,heap        ] GC(3159) DefNew: 19103K->1955K(19648K)
[18.733s][info ][gc,heap        ] GC(3159) Tenured: 34800K->34800K(43712K)
[18.733s][info ][gc,metaspace   ] GC(3159) Metaspace: 16404K->16404K(1064960K)
[18.734s][info ][gc             ] GC(3159) Pause Young (Allocation Failure) 52M->35M(61M) 0.685ms
[18.734s][info ][gc,cpu         ] GC(3159) User=0.01s Sys=0.00s Real=0.00s
[18.735s][info ][gc,start       ] GC(3160) Pause Young (Allocation Failure)
[18.735s][debug][gc,age         ] GC(3160) Desired survivor size 1114112 bytes, new threshold 1 (max threshold 15)
[18.735s][info ][gc,heap        ] GC(3160) DefNew: 19100K->1955K(19648K)
[18.735s][info ][gc,heap        ] GC(3160) Tenured: 34800K->34800K(43712K)
[18.735s][info ][gc,metaspace   ] GC(3160) Metaspace: 16404K->16404K(1064960K)
[18.735s][info ][gc             ] GC(3160) Pause Young (Allocation Failure) 52M->35M(61M) 0.556ms
[18.735s][info ][gc,cpu         ] GC(3160) User=0.00s Sys=0.00s Real=0.00s
[18.737s][info ][gc,start       ] GC(3161) Pause Young (Allocation Failure)
[18.737s][debug][gc,age         ] GC(3161) Desired survivor size 1114112 bytes, new threshold 1 (max threshold 15)
[18.737s][info ][gc,heap        ] GC(3161) DefNew: 19099K->1955K(19648K)
[18.737s][info ][gc,heap        ] GC(3161) Tenured: 34800K->35971K(43712K)
[18.737s][info ][gc,metaspace   ] GC(3161) Metaspace: 16404K->16404K(1064960K)
[18.737s][info ][gc             ] GC(3161) Pause Young (Allocation Failure) 52M->37M(61M) 0.657ms
[18.737s][info ][gc,cpu         ] GC(3161) User=0.00s Sys=0.00s Real=0.00s
[18.739s][info ][gc,start       ] GC(3162) Pause Young (Allocation Failure)
[18.739s][debug][gc,age         ] GC(3162) Desired survivor size 1114112 bytes, new threshold 1 (max threshold 15)
[18.739s][info ][gc,heap        ] GC(3162) DefNew: 19098K->1955K(19648K)
[18.739s][info ][gc,heap        ] GC(3162) Tenured: 35971K->35971K(43712K)
[18.739s][info ][gc,metaspace   ] GC(3162) Metaspace: 16404K->16404K(1064960K)
[18.739s][info ][gc             ] GC(3162) Pause Young (Allocation Failure) 53M->37M(61M) 0.544ms
[18.739s][info ][gc,cpu         ] GC(3162) User=0.00s Sys=0.00s Real=0.01s
[18.740s][info ][gc,start       ] GC(3163) Pause Young (Allocation Failure)
[18.741s][debug][gc,age         ] GC(3163) Desired survivor size 1114112 bytes, new threshold 1 (max threshold 15)
[18.741s][info ][gc,heap        ] GC(3163) DefNew: 19097K->1955K(19648K)
[18.741s][info ][gc,heap        ] GC(3163) Tenured: 35971K->36362K(43712K)
[18.741s][info ][gc,metaspace   ] GC(3163) Metaspace: 16404K->16404K(1064960K)
[18.741s][info ][gc             ] GC(3163) Pause Young (Allocation Failure) 53M->37M(61M) 0.566ms
[18.741s][info ][gc,cpu         ] GC(3163) User=0.00s Sys=0.00s Real=0.00s
[18.743s][info ][gc,start       ] GC(3164) Pause Young (Allocation Failure)
[18.743s][debug][gc,age         ] GC(3164) Desired survivor size 1114112 bytes, new threshold 1 (max threshold 15)
[18.743s][info ][gc,heap        ] GC(3164) DefNew: 19096K->1955K(19648K)
[18.743s][info ][gc,heap        ] GC(3164) Tenured: 36362K->36362K(43712K)
[18.743s][info ][gc,metaspace   ] GC(3164) Metaspace: 16404K->16404K(1064960K)
[18.743s][info ][gc             ] GC(3164) Pause Young (Allocation Failure) 54M->37M(61M) 0.572ms
[18.743s][info ][gc,cpu         ] GC(3164) User=0.00s Sys=0.00s Real=0.00s
[18.744s][info ][gc,start       ] GC(3165) Pause Young (Allocation Failure)
[18.745s][debug][gc,age         ] GC(3165) Desired survivor size 1114112 bytes, new threshold 1 (max threshold 15)
[18.745s][info ][gc,heap        ] GC(3165) DefNew: 19096K->1955K(19648K)
[18.745s][info ][gc,heap        ] GC(3165) Tenured: 36362K->37143K(43712K)
[18.745s][info ][gc,metaspace   ] GC(3165) Metaspace: 16404K->16404K(1064960K)
[18.745s][info ][gc             ] GC(3165) Pause Young (Allocation Failure) 54M->38M(61M) 0.651ms
[18.745s][info ][gc,cpu         ] GC(3165) User=0.00s Sys=0.00s Real=0.00s
[18.746s][info ][gc,start       ] GC(3166) Pause Young (Allocation Failure)
[18.747s][debug][gc,age         ] GC(3166) Desired survivor size 1114112 bytes, new threshold 1 (max threshold 15)
[18.747s][info ][gc,heap        ] GC(3166) DefNew: 19049K->1955K(19648K)
[18.747s][info ][gc,heap        ] GC(3166) Tenured: 37143K->37534K(43712K)
[18.747s][info ][gc,metaspace   ] GC(3166) Metaspace: 16404K->16404K(1064960K)
[18.747s][info ][gc             ] GC(3166) Pause Young (Allocation Failure) 54M->38M(61M) 0.581ms
[18.747s][info ][gc,cpu         ] GC(3166) User=0.00s Sys=0.00s Real=0.00s
[18.748s][info ][gc,start       ] GC(3167) Pause Young (Allocation Failure)
[18.749s][debug][gc,age         ] GC(3167) Desired survivor size 1114112 bytes, new threshold 1 (max threshold 15)
[18.749s][info ][gc,heap        ] GC(3167) DefNew: 19112K->1955K(19648K)
[18.749s][info ][gc,heap        ] GC(3167) Tenured: 37534K->37925K(43712K)
[18.749s][info ][gc,metaspace   ] GC(3167) Metaspace: 16404K->16404K(1064960K)
[18.749s][info ][gc             ] GC(3167) Pause Young (Allocation Failure) 55M->38M(61M) 0.798ms
[18.749s][info ][gc,cpu         ] GC(3167) User=0.00s Sys=0.00s Real=0.00s
[18.751s][info ][gc,start       ] GC(3168) Pause Young (Allocation Failure)
[18.751s][debug][gc,age         ] GC(3168) Desired survivor size 1114112 bytes, new threshold 1 (max threshold 15)
[18.751s][info ][gc,heap        ] GC(3168) DefNew: 19107K->1955K(19648K)
[18.751s][info ][gc,heap        ] GC(3168) Tenured: 37925K->38316K(43712K)
[18.751s][info ][gc,metaspace   ] GC(3168) Metaspace: 16404K->16404K(1064960K)
[18.751s][info ][gc             ] GC(3168) Pause Young (Allocation Failure) 55M->39M(61M) 0.890ms
[18.751s][info ][gc,cpu         ] GC(3168) User=0.00s Sys=0.00s Real=0.00s
[18.753s][info ][gc,start       ] GC(3169) Pause Young (Allocation Failure)
[18.753s][debug][gc,age         ] GC(3169) Desired survivor size 1114112 bytes, new threshold 1 (max threshold 15)
[18.753s][info ][gc,heap        ] GC(3169) DefNew: 19057K->1955K(19648K)
[18.753s][info ][gc,heap        ] GC(3169) Tenured: 38316K->39097K(43712K)
[18.753s][info ][gc,metaspace   ] GC(3169) Metaspace: 16404K->16404K(1064960K)
[18.754s][info ][gc             ] GC(3169) Pause Young (Allocation Failure) 56M->40M(61M) 0.712ms
[18.754s][info ][gc,cpu         ] GC(3169) User=0.00s Sys=0.00s Real=0.00s
[18.755s][info ][gc,start       ] GC(3170) Pause Young (Allocation Failure)
[18.756s][debug][gc,age         ] GC(3170) Desired survivor size 1114112 bytes, new threshold 1 (max threshold 15)
[18.756s][info ][gc,heap        ] GC(3170) DefNew: 19427K->1954K(19648K)
[18.756s][info ][gc,heap        ] GC(3170) Tenured: 39097K->39879K(43712K)
[18.756s][info ][gc,metaspace   ] GC(3170) Metaspace: 16404K->16404K(1064960K)
[18.756s][info ][gc             ] GC(3170) Pause Young (Allocation Failure) 57M->40M(61M) 0.926ms
[18.756s][info ][gc,cpu         ] GC(3170) User=0.00s Sys=0.00s Real=0.00s
[18.757s][info ][gc,start       ] GC(3171) Pause Young (Allocation Failure)
[18.758s][debug][gc,age         ] GC(3171) Desired survivor size 1114112 bytes, new threshold 1 (max threshold 15)
[18.758s][info ][gc,heap        ] GC(3171) DefNew: 19076K->1955K(19648K)
[18.758s][info ][gc,heap        ] GC(3171) Tenured: 39879K->40270K(43712K)
[18.758s][info ][gc,metaspace   ] GC(3171) Metaspace: 16404K->16404K(1064960K)
[18.758s][info ][gc             ] GC(3171) Pause Young (Allocation Failure) 57M->41M(61M) 0.611ms
[18.758s][info ][gc,cpu         ] GC(3171) User=0.00s Sys=0.00s Real=0.00s
[18.759s][info ][gc,start       ] GC(3172) Pause Young (Allocation Failure)
[18.760s][debug][gc,age         ] GC(3172) Desired survivor size 1114112 bytes, new threshold 1 (max threshold 15)
[18.760s][info ][gc,heap        ] GC(3172) DefNew: 19090K->1955K(19648K)
[18.760s][info ][gc,heap        ] GC(3172) Tenured: 40270K->41052K(43712K)
[18.760s][info ][gc,metaspace   ] GC(3172) Metaspace: 16404K->16404K(1064960K)
[18.760s][info ][gc             ] GC(3172) Pause Young (Allocation Failure) 57M->41M(61M) 1.060ms
[18.760s][info ][gc,cpu         ] GC(3172) User=0.00s Sys=0.00s Real=0.00s
[18.762s][info ][gc,start       ] GC(3173) Pause Young (Allocation Failure)
[18.762s][debug][gc,age         ] GC(3173) Desired survivor size 1114112 bytes, new threshold 1 (max threshold 15)
[18.762s][info ][gc,heap        ] GC(3173) DefNew: 19130K->1955K(19648K)
[18.762s][info ][gc,heap        ] GC(3173) Tenured: 41052K->41833K(43712K)
[18.762s][info ][gc,metaspace   ] GC(3173) Metaspace: 16404K->16404K(1064960K)
[18.762s][info ][gc             ] GC(3173) Pause Young (Allocation Failure) 58M->42M(61M) 0.715ms
[18.762s][info ][gc,cpu         ] GC(3173) User=0.00s Sys=0.00s Real=0.00s
[18.764s][info ][gc,start       ] GC(3174) Pause Young (Allocation Failure)
[18.764s][debug][gc,age         ] GC(3174) Desired survivor size 1114112 bytes, new threshold 1 (max threshold 15)
[18.764s][info ][gc,heap        ] GC(3174) DefNew: 19064K->1564K(19648K)
[18.764s][info ][gc,heap        ] GC(3174) Tenured: 41833K->41834K(43712K)
[18.764s][info ][gc,metaspace   ] GC(3174) Metaspace: 16404K->16404K(1064960K)
[18.764s][info ][gc             ] GC(3174) Pause Young (Allocation Failure) 59M->42M(61M) 0.554ms
[18.764s][info ][gc,cpu         ] GC(3174) User=0.00s Sys=0.00s Real=0.00s
[18.766s][info ][gc,start       ] GC(3175) Pause Young (Allocation Failure)
[18.767s][debug][gc,age         ] GC(3175) Desired survivor size 1114112 bytes, new threshold 1 (max threshold 15)
[18.767s][info ][gc,heap        ] GC(3175) DefNew: 19036K->1954K(19648K)
[18.767s][info ][gc,heap        ] GC(3175) Tenured: 41834K->42225K(43712K)
[18.767s][info ][gc,metaspace   ] GC(3175) Metaspace: 16404K->16404K(1064960K)
[18.767s][info ][gc             ] GC(3175) Pause Young (Allocation Failure) 59M->43M(61M) 0.702ms
[18.767s][info ][gc,cpu         ] GC(3175) User=0.00s Sys=0.00s Real=0.00s
[18.768s][info ][gc,start       ] GC(3176) Pause Young (Allocation Failure)
[18.768s][debug][gc,age         ] GC(3176) Desired survivor size 1114112 bytes, new threshold 1 (max threshold 15)
[18.768s][info ][gc,heap        ] GC(3176) DefNew: 19096K->1955K(19648K)
[18.768s][info ][gc,heap        ] GC(3176) Tenured: 42225K->42225K(43712K)
[18.769s][info ][gc,metaspace   ] GC(3176) Metaspace: 16404K->16404K(1064960K)
[18.769s][info ][gc             ] GC(3176) Pause Young (Allocation Failure) 59M->43M(61M) 0.533ms
[18.769s][info ][gc,cpu         ] GC(3176) User=0.00s Sys=0.00s Real=0.00s
[18.770s][info ][gc,start       ] GC(3177) Pause Young (Allocation Failure)
[18.770s][debug][gc,age         ] GC(3177) Desired survivor size 1114112 bytes, new threshold 1 (max threshold 15)
[18.770s][info ][gc,heap        ] GC(3177) DefNew: 19135K->1955K(19648K)
[18.770s][info ][gc,heap        ] GC(3177) Tenured: 42225K->42225K(43712K)
[18.770s][info ][gc,metaspace   ] GC(3177) Metaspace: 16404K->16404K(1064960K)
[18.770s][info ][gc             ] GC(3177) Pause Young (Allocation Failure) 59M->43M(61M) 0.531ms
[18.770s][info ][gc,cpu         ] GC(3177) User=0.00s Sys=0.00s Real=0.00s
[18.772s][info ][gc,start       ] GC(3178) Pause Young (Allocation Failure)
[18.772s][debug][gc,age         ] GC(3178) Desired survivor size 1114112 bytes, new threshold 1 (max threshold 15)
[18.772s][info ][gc,heap        ] GC(3178) DefNew: 19121K->1955K(19648K)
[18.772s][info ][gc,heap        ] GC(3178) Tenured: 42225K->42225K(43712K)
[18.772s][info ][gc,metaspace   ] GC(3178) Metaspace: 16404K->16404K(1064960K)
[18.772s][info ][gc             ] GC(3178) Pause Young (Allocation Failure) 59M->43M(61M) 0.587ms
[18.772s][info ][gc,cpu         ] GC(3178) User=0.00s Sys=0.00s Real=0.00s
[18.774s][info ][gc,start       ] GC(3179) Pause Young (Allocation Failure)
[18.774s][debug][gc,age         ] GC(3179) Desired survivor size 1114112 bytes, new threshold 1 (max threshold 15)
[18.774s][info ][gc,heap        ] GC(3179) DefNew: 19112K->1955K(19648K)
[18.774s][info ][gc,heap        ] GC(3179) Tenured: 42225K->42616K(43712K)
[18.774s][info ][gc,metaspace   ] GC(3179) Metaspace: 16404K->16404K(1064960K)
[18.774s][info ][gc             ] GC(3179) Pause Young (Allocation Failure) 59M->43M(61M) 0.562ms
[18.774s][info ][gc,cpu         ] GC(3179) User=0.00s Sys=0.00s Real=0.00s
[18.776s][info ][gc,start       ] GC(3180) Pause Young (Allocation Failure)
[18.776s][info ][gc,start       ] GC(3181) Pause Full (Allocation Failure)
[18.776s][info ][gc,phases,start] GC(3181) Phase 1: Mark live objects
[18.779s][debug][gc,phases      ] GC(3181) Reference Processing 0.038ms
[18.779s][debug][gc,phases      ] GC(3181) Weak Processing 0.012ms
[18.779s][debug][gc,phases      ] GC(3181) ClassLoaderData 0.021ms
[18.779s][debug][gc,phases      ] GC(3181) ProtectionDomainCacheTable 0.002ms
[18.779s][debug][gc,phases      ] GC(3181) ResolvedMethodTable 0.015ms
[18.780s][debug][gc,phases      ] GC(3181) Class Unloading 0.749ms
[18.780s][debug][gc,phases      ] GC(3181) Scrub String Table 0.058ms
[18.781s][debug][gc,phases      ] GC(3181) Scrub Symbol Table 0.999ms
[18.781s][info ][gc,phases      ] GC(3181) Phase 1: Mark live objects 4.942ms
[18.781s][info ][gc,phases,start] GC(3181) Phase 2: Compute new object addresses
[18.782s][info ][gc,phases      ] GC(3181) Phase 2: Compute new object addresses 0.882ms
[18.782s][info ][gc,phases,start] GC(3181) Phase 3: Adjust pointers
[18.786s][info ][gc,phases      ] GC(3181) Phase 3: Adjust pointers 4.262ms
[18.786s][info ][gc,phases,start] GC(3181) Phase 4: Move objects
[18.786s][info ][gc,phases      ] GC(3181) Phase 4: Move objects 0.225ms
[18.786s][info ][gc             ] GC(3181) Pause Full (Allocation Failure) 60M->4M(61M) 10.621ms
[18.786s][info ][gc,heap        ] GC(3180) DefNew: 19106K->0K(19648K)
[18.786s][info ][gc,heap        ] GC(3180) Tenured: 42616K->5099K(43712K)
[18.786s][info ][gc,metaspace   ] GC(3180) Metaspace: 16404K->16404K(1064960K)
[18.786s][info ][gc             ] GC(3180) Pause Young (Allocation Failure) 60M->4M(61M) 10.751ms
[18.786s][info ][gc,cpu         ] GC(3180) User=0.01s Sys=0.00s Real=0.01s
[18.788s][info ][gc,start       ] GC(3182) Pause Young (Allocation Failure)
[18.788s][debug][gc,age         ] GC(3182) Desired survivor size 1114112 bytes, new threshold 1 (max threshold 15)
[18.788s][info ][gc,heap        ] GC(3182) DefNew: 17110K->1955K(19648K)
[18.788s][info ][gc,heap        ] GC(3182) Tenured: 5099K->5880K(43712K)
[18.788s][info ][gc,metaspace   ] GC(3182) Metaspace: 16404K->16404K(1064960K)
[18.788s][info ][gc             ] GC(3182) Pause Young (Allocation Failure) 21M->7M(61M) 0.733ms
[18.788s][info ][gc,cpu         ] GC(3182) User=0.00s Sys=0.00s Real=0.00s
[18.790s][info ][gc,start       ] GC(3183) Pause Young (Allocation Failure)
[18.790s][debug][gc,age         ] GC(3183) Desired survivor size 1114112 bytes, new threshold 1 (max threshold 15)
[18.790s][info ][gc,heap        ] GC(3183) DefNew: 19427K->1564K(19648K)
[18.790s][info ][gc,heap        ] GC(3183) Tenured: 5880K->6272K(43712K)
[18.790s][info ][gc,metaspace   ] GC(3183) Metaspace: 16404K->16404K(1064960K)
[18.790s][info ][gc             ] GC(3183) Pause Young (Allocation Failure) 24M->7M(61M) 0.596ms
[18.790s][info ][gc,cpu         ] GC(3183) User=0.00s Sys=0.00s Real=0.00s
[18.792s][info ][gc,start       ] GC(3184) Pause Young (Allocation Failure)
[18.792s][debug][gc,age         ] GC(3184) Desired survivor size 1114112 bytes, new threshold 1 (max threshold 15)
[18.792s][info ][gc,heap        ] GC(3184) DefNew: 18734K->1173K(19648K)
[18.792s][info ][gc,heap        ] GC(3184) Tenured: 6272K->6663K(43712K)
[18.792s][info ][gc,metaspace   ] GC(3184) Metaspace: 16404K->16404K(1064960K)
[18.792s][info ][gc             ] GC(3184) Pause Young (Allocation Failure) 24M->7M(61M) 0.501ms
[18.792s][info ][gc,cpu         ] GC(3184) User=0.00s Sys=0.00s Real=0.00s
[18.794s][info ][gc,start       ] GC(3185) Pause Young (Allocation Failure)
[18.794s][debug][gc,age         ] GC(3185) Desired survivor size 1114112 bytes, new threshold 1 (max threshold 15)
[18.794s][info ][gc,heap        ] GC(3185) DefNew: 18287K->1955K(19648K)
[18.794s][info ][gc,heap        ] GC(3185) Tenured: 6663K->7835K(43712K)
[18.794s][info ][gc,metaspace   ] GC(3185) Metaspace: 16404K->16404K(1064960K)
[18.794s][info ][gc             ] GC(3185) Pause Young (Allocation Failure) 24M->9M(61M) 0.673ms
[18.794s][info ][gc,cpu         ] GC(3185) User=0.00s Sys=0.00s Real=0.00s
[18.795s][info ][gc,start       ] GC(3186) Pause Young (Allocation Failure)
[18.796s][debug][gc,age         ] GC(3186) Desired survivor size 1114112 bytes, new threshold 1 (max threshold 15)
[18.796s][info ][gc,heap        ] GC(3186) DefNew: 19123K->1955K(19648K)
[18.796s][info ][gc,heap        ] GC(3186) Tenured: 7835K->8616K(43712K)
[18.796s][info ][gc,metaspace   ] GC(3186) Metaspace: 16404K->16404K(1064960K)
[18.796s][info ][gc             ] GC(3186) Pause Young (Allocation Failure) 26M->10M(61M) 0.770ms
[18.796s][info ][gc,cpu         ] GC(3186) User=0.00s Sys=0.00s Real=0.00s
[18.798s][info ][gc,start       ] GC(3187) Pause Young (Allocation Failure)
[18.798s][debug][gc,age         ] GC(3187) Desired survivor size 1114112 bytes, new threshold 1 (max threshold 15)
[18.798s][info ][gc,heap        ] GC(3187) DefNew: 19114K->1564K(19648K)
[18.798s][info ][gc,heap        ] GC(3187) Tenured: 8616K->8616K(43712K)
[18.798s][info ][gc,metaspace   ] GC(3187) Metaspace: 16404K->16404K(1064960K)
[18.798s][info ][gc             ] GC(3187) Pause Young (Allocation Failure) 27M->9M(61M) 0.493ms
[18.798s][info ][gc,cpu         ] GC(3187) User=0.00s Sys=0.00s Real=0.00s
[18.800s][info ][gc,start       ] GC(3188) Pause Young (Allocation Failure)
[18.800s][debug][gc,age         ] GC(3188) Desired survivor size 1114112 bytes, new threshold 1 (max threshold 15)
[18.800s][info ][gc,heap        ] GC(3188) DefNew: 19036K->1564K(19648K)
[18.800s][info ][gc,heap        ] GC(3188) Tenured: 8616K->9008K(43712K)
[18.801s][info ][gc,metaspace   ] GC(3188) Metaspace: 16404K->16404K(1064960K)
[18.801s][info ][gc             ] GC(3188) Pause Young (Allocation Failure) 27M->10M(61M) 0.902ms
[18.801s][info ][gc,cpu         ] GC(3188) User=0.00s Sys=0.00s Real=0.00s
[18.802s][info ][gc,start       ] GC(3189) Pause Young (Allocation Failure)
[18.802s][debug][gc,age         ] GC(3189) Desired survivor size 1114112 bytes, new threshold 1 (max threshold 15)
[18.802s][info ][gc,heap        ] GC(3189) DefNew: 18726K->1174K(19648K)
[18.802s][info ][gc,heap        ] GC(3189) Tenured: 9008K->9008K(43712K)
[18.802s][info ][gc,metaspace   ] GC(3189) Metaspace: 16404K->16404K(1064960K)
[18.802s][info ][gc             ] GC(3189) Pause Young (Allocation Failure) 27M->9M(61M) 0.435ms
[18.802s][info ][gc,cpu         ] GC(3189) User=0.00s Sys=0.00s Real=0.00s
[18.804s][info ][gc,start       ] GC(3190) Pause Young (Allocation Failure)
[18.804s][debug][gc,age         ] GC(3190) Desired survivor size 1114112 bytes, new threshold 1 (max threshold 15)
[18.804s][info ][gc,heap        ] GC(3190) DefNew: 18329K->1955K(19648K)
[18.804s][info ][gc,heap        ] GC(3190) Tenured: 9008K->9008K(43712K)
[18.804s][info ][gc,metaspace   ] GC(3190) Metaspace: 16404K->16404K(1064960K)
[18.804s][info ][gc             ] GC(3190) Pause Young (Allocation Failure) 26M->10M(61M) 0.523ms
[18.804s][info ][gc,cpu         ] GC(3190) User=0.00s Sys=0.00s Real=0.00s
[18.806s][info ][gc,start       ] GC(3191) Pause Young (Allocation Failure)
[18.806s][debug][gc,age         ] GC(3191) Desired survivor size 1114112 bytes, new threshold 1 (max threshold 15)
[18.806s][info ][gc,heap        ] GC(3191) DefNew: 19105K->1955K(19648K)
[18.806s][info ][gc,heap        ] GC(3191) Tenured: 9008K->9789K(43712K)
[18.806s][info ][gc,metaspace   ] GC(3191) Metaspace: 16404K->16404K(1064960K)
[18.806s][info ][gc             ] GC(3191) Pause Young (Allocation Failure) 27M->11M(61M) 0.612ms
[18.806s][info ][gc,cpu         ] GC(3191) User=0.00s Sys=0.00s Real=0.00s
[18.808s][info ][gc,start       ] GC(3192) Pause Young (Allocation Failure)
[18.808s][debug][gc,age         ] GC(3192) Desired survivor size 1114112 bytes, new threshold 1 (max threshold 15)
[18.808s][info ][gc,heap        ] GC(3192) DefNew: 19102K->1955K(19648K)
[18.808s][info ][gc,heap        ] GC(3192) Tenured: 9789K->10180K(43712K)
[18.808s][info ][gc,metaspace   ] GC(3192) Metaspace: 16404K->16404K(1064960K)
[18.808s][info ][gc             ] GC(3192) Pause Young (Allocation Failure) 28M->11M(61M) 0.568ms
[18.808s][info ][gc,cpu         ] GC(3192) User=0.00s Sys=0.00s Real=0.00s
[18.809s][info ][gc,start       ] GC(3193) Pause Young (Allocation Failure)
[18.810s][debug][gc,age         ] GC(3193) Desired survivor size 1114112 bytes, new threshold 1 (max threshold 15)
[18.810s][info ][gc,heap        ] GC(3193) DefNew: 19099K->1955K(19648K)
[18.810s][info ][gc,heap        ] GC(3193) Tenured: 10180K->10961K(43712K)
[18.810s][info ][gc,metaspace   ] GC(3193) Metaspace: 16404K->16404K(1064960K)
[18.810s][info ][gc             ] GC(3193) Pause Young (Allocation Failure) 28M->12M(61M) 0.789ms
[18.810s][info ][gc,cpu         ] GC(3193) User=0.00s Sys=0.00s Real=0.00s
[18.812s][info ][gc,start       ] GC(3194) Pause Young (Allocation Failure)
[18.812s][debug][gc,age         ] GC(3194) Desired survivor size 1114112 bytes, new threshold 1 (max threshold 15)
[18.812s][info ][gc,heap        ] GC(3194) DefNew: 19098K->1173K(19648K)
[18.812s][info ][gc,heap        ] GC(3194) Tenured: 10961K->10961K(43712K)
[18.812s][info ][gc,metaspace   ] GC(3194) Metaspace: 16404K->16404K(1064960K)
[18.812s][info ][gc             ] GC(3194) Pause Young (Allocation Failure) 29M->11M(61M) 0.439ms
[18.812s][info ][gc,cpu         ] GC(3194) User=0.00s Sys=0.00s Real=0.00s
[18.813s][info ][gc,start       ] GC(3195) Pause Young (Allocation Failure)
[18.814s][debug][gc,age         ] GC(3195) Desired survivor size 1114112 bytes, new threshold 1 (max threshold 15)
[18.814s][info ][gc,heap        ] GC(3195) DefNew: 18316K->1955K(19648K)
[18.814s][info ][gc,heap        ] GC(3195) Tenured: 10961K->12133K(43712K)
[18.814s][info ][gc,metaspace   ] GC(3195) Metaspace: 16404K->16404K(1064960K)
[18.814s][info ][gc             ] GC(3195) Pause Young (Allocation Failure) 28M->13M(61M) 0.761ms
[18.814s][info ][gc,cpu         ] GC(3195) User=0.00s Sys=0.00s Real=0.00s
[18.816s][info ][gc,start       ] GC(3196) Pause Young (Allocation Failure)
[18.816s][debug][gc,age         ] GC(3196) Desired survivor size 1114112 bytes, new threshold 1 (max threshold 15)
[18.816s][info ][gc,heap        ] GC(3196) DefNew: 19097K->1564K(19648K)
[18.816s][info ][gc,heap        ] GC(3196) Tenured: 12133K->12133K(43712K)
[18.816s][info ][gc,metaspace   ] GC(3196) Metaspace: 16404K->16404K(1064960K)
[18.816s][info ][gc             ] GC(3196) Pause Young (Allocation Failure) 30M->13M(61M) 0.624ms
[18.816s][info ][gc,cpu         ] GC(3196) User=0.00s Sys=0.00s Real=0.00s
[18.818s][info ][gc,start       ] GC(3197) Pause Young (Allocation Failure)
[18.818s][debug][gc,age         ] GC(3197) Desired survivor size 1114112 bytes, new threshold 1 (max threshold 15)
[18.818s][info ][gc,heap        ] GC(3197) DefNew: 18659K->1955K(19648K)
[18.818s][info ][gc,heap        ] GC(3197) Tenured: 12133K->12524K(43712K)
[18.818s][info ][gc,metaspace   ] GC(3197) Metaspace: 16404K->16404K(1064960K)
[18.818s][info ][gc             ] GC(3197) Pause Young (Allocation Failure) 30M->14M(61M) 0.712ms
[18.818s][info ][gc,cpu         ] GC(3197) User=0.00s Sys=0.00s Real=0.00s
[18.820s][info ][gc,start       ] GC(3198) Pause Young (Allocation Failure)
[18.820s][debug][gc,age         ] GC(3198) Desired survivor size 1114112 bytes, new threshold 1 (max threshold 15)
[18.820s][info ][gc,heap        ] GC(3198) DefNew: 19112K->1955K(19648K)
[18.820s][info ][gc,heap        ] GC(3198) Tenured: 12524K->13305K(43712K)
[18.820s][info ][gc,metaspace   ] GC(3198) Metaspace: 16404K->16404K(1064960K)
[18.820s][info ][gc             ] GC(3198) Pause Young (Allocation Failure) 30M->14M(61M) 0.692ms
[18.820s][info ][gc,cpu         ] GC(3198) User=0.00s Sys=0.00s Real=0.00s
[18.822s][info ][gc,start       ] GC(3199) Pause Young (Allocation Failure)
[18.822s][debug][gc,age         ] GC(3199) Desired survivor size 1114112 bytes, new threshold 1 (max threshold 15)
[18.822s][info ][gc,heap        ] GC(3199) DefNew: 19106K->1955K(19648K)
[18.822s][info ][gc,heap        ] GC(3199) Tenured: 13305K->14087K(43712K)
[18.822s][info ][gc,metaspace   ] GC(3199) Metaspace: 16404K->16404K(1064960K)
[18.822s][info ][gc             ] GC(3199) Pause Young (Allocation Failure) 31M->15M(61M) 0.599ms
[18.822s][info ][gc,cpu         ] GC(3199) User=0.00s Sys=0.00s Real=0.00s
[18.824s][info ][gc,start       ] GC(3200) Pause Young (Allocation Failure)
[18.824s][debug][gc,age         ] GC(3200) Desired survivor size 1114112 bytes, new threshold 1 (max threshold 15)
[18.824s][info ][gc,heap        ] GC(3200) DefNew: 19103K->1955K(19648K)
[18.824s][info ][gc,heap        ] GC(3200) Tenured: 14087K->14087K(43712K)
[18.824s][info ][gc,metaspace   ] GC(3200) Metaspace: 16404K->16404K(1064960K)
[18.824s][info ][gc             ] GC(3200) Pause Young (Allocation Failure) 32M->15M(61M) 0.504ms
[18.824s][info ][gc,cpu         ] GC(3200) User=0.00s Sys=0.00s Real=0.00s
[18.825s][info ][gc,start       ] GC(3201) Pause Young (Allocation Failure)
[18.826s][debug][gc,age         ] GC(3201) Desired survivor size 1114112 bytes, new threshold 1 (max threshold 15)
[18.826s][info ][gc,heap        ] GC(3201) DefNew: 19100K->1955K(19648K)
[18.826s][info ][gc,heap        ] GC(3201) Tenured: 14087K->14868K(43712K)
[18.826s][info ][gc,metaspace   ] GC(3201) Metaspace: 16404K->16404K(1064960K)
[18.826s][info ][gc             ] GC(3201) Pause Young (Allocation Failure) 32M->16M(61M) 0.584ms
[18.826s][info ][gc,cpu         ] GC(3201) User=0.00s Sys=0.00s Real=0.00s
[18.827s][info ][gc,start       ] GC(3202) Pause Young (Allocation Failure)
[18.828s][debug][gc,age         ] GC(3202) Desired survivor size 1114112 bytes, new threshold 1 (max threshold 15)
[18.828s][info ][gc,heap        ] GC(3202) DefNew: 19098K->1955K(19648K)
[18.828s][info ][gc,heap        ] GC(3202) Tenured: 14868K->15649K(43712K)
[18.828s][info ][gc,metaspace   ] GC(3202) Metaspace: 16404K->16404K(1064960K)
[18.828s][info ][gc             ] GC(3202) Pause Young (Allocation Failure) 33M->17M(61M) 0.607ms
[18.828s][info ][gc,cpu         ] GC(3202) User=0.00s Sys=0.00s Real=0.00s
[18.830s][info ][gc,start       ] GC(3203) Pause Young (Allocation Failure)
[18.830s][debug][gc,age         ] GC(3203) Desired survivor size 1114112 bytes, new threshold 1 (max threshold 15)
[18.830s][info ][gc,heap        ] GC(3203) DefNew: 19097K->1955K(19648K)
[18.830s][info ][gc,heap        ] GC(3203) Tenured: 15649K->16040K(43712K)
[18.830s][info ][gc,metaspace   ] GC(3203) Metaspace: 16404K->16404K(1064960K)
[18.830s][info ][gc             ] GC(3203) Pause Young (Allocation Failure) 33M->17M(61M) 0.571ms
[18.830s][info ][gc,cpu         ] GC(3203) User=0.00s Sys=0.00s Real=0.00s
[18.831s][info ][gc,start       ] GC(3204) Pause Young (Allocation Failure)
[18.832s][debug][gc,age         ] GC(3204) Desired survivor size 1114112 bytes, new threshold 1 (max threshold 15)
[18.832s][info ][gc,heap        ] GC(3204) DefNew: 19050K->1955K(19648K)
[18.832s][info ][gc,heap        ] GC(3204) Tenured: 16040K->16431K(43712K)
[18.832s][info ][gc,metaspace   ] GC(3204) Metaspace: 16404K->16404K(1064960K)
[18.832s][info ][gc             ] GC(3204) Pause Young (Allocation Failure) 34M->17M(61M) 0.850ms
[18.832s][info ][gc,cpu         ] GC(3204) User=0.00s Sys=0.00s Real=0.00s
[18.833s][info ][gc,start       ] GC(3205) Pause Young (Allocation Failure)
[18.834s][debug][gc,age         ] GC(3205) Desired survivor size 1114112 bytes, new threshold 1 (max threshold 15)
[18.834s][info ][gc,heap        ] GC(3205) DefNew: 19113K->1955K(19648K)
[18.834s][info ][gc,heap        ] GC(3205) Tenured: 16431K->17212K(43712K)
[18.834s][info ][gc,metaspace   ] GC(3205) Metaspace: 16404K->16404K(1064960K)
[18.834s][info ][gc             ] GC(3205) Pause Young (Allocation Failure) 34M->18M(61M) 0.638ms
[18.834s][info ][gc,cpu         ] GC(3205) User=0.00s Sys=0.00s Real=0.00s
[18.835s][info ][gc,start       ] GC(3206) Pause Young (Allocation Failure)
[18.836s][debug][gc,age         ] GC(3206) Desired survivor size 1114112 bytes, new threshold 1 (max threshold 15)
[18.836s][info ][gc,heap        ] GC(3206) DefNew: 19107K->1955K(19648K)
[18.836s][info ][gc,heap        ] GC(3206) Tenured: 17212K->17603K(43712K)
[18.836s][info ][gc,metaspace   ] GC(3206) Metaspace: 16404K->16404K(1064960K)
[18.836s][info ][gc             ] GC(3206) Pause Young (Allocation Failure) 35M->19M(61M) 0.576ms
[18.836s][info ][gc,cpu         ] GC(3206) User=0.00s Sys=0.00s Real=0.00s
[18.837s][info ][gc,start       ] GC(3207) Pause Young (Allocation Failure)
[18.838s][debug][gc,age         ] GC(3207) Desired survivor size 1114112 bytes, new threshold 1 (max threshold 15)
[18.838s][info ][gc,heap        ] GC(3207) DefNew: 19103K->1955K(19648K)
[18.838s][info ][gc,heap        ] GC(3207) Tenured: 17603K->17993K(43712K)
[18.838s][info ][gc,metaspace   ] GC(3207) Metaspace: 16404K->16404K(1064960K)
[18.838s][info ][gc             ] GC(3207) Pause Young (Allocation Failure) 35M->19M(61M) 0.591ms
[18.838s][info ][gc,cpu         ] GC(3207) User=0.00s Sys=0.00s Real=0.00s
[18.839s][info ][gc,start       ] GC(3208) Pause Young (Allocation Failure)
[18.840s][debug][gc,age         ] GC(3208) Desired survivor size 1114112 bytes, new threshold 1 (max threshold 15)
[18.840s][info ][gc,heap        ] GC(3208) DefNew: 19100K->1955K(19648K)
[18.840s][info ][gc,heap        ] GC(3208) Tenured: 17993K->19165K(43712K)
[18.840s][info ][gc,metaspace   ] GC(3208) Metaspace: 16404K->16404K(1064960K)
[18.840s][info ][gc             ] GC(3208) Pause Young (Allocation Failure) 36M->20M(61M) 0.656ms
[18.840s][info ][gc,cpu         ] GC(3208) User=0.00s Sys=0.00s Real=0.00s
[18.841s][info ][gc,start       ] GC(3209) Pause Young (Allocation Failure)
[18.842s][debug][gc,age         ] GC(3209) Desired survivor size 1114112 bytes, new threshold 1 (max threshold 15)
[18.842s][info ][gc,heap        ] GC(3209) DefNew: 19099K->1955K(19648K)
[18.842s][info ][gc,heap        ] GC(3209) Tenured: 19165K->20337K(43712K)
[18.842s][info ][gc,metaspace   ] GC(3209) Metaspace: 16404K->16404K(1064960K)
[18.842s][info ][gc             ] GC(3209) Pause Young (Allocation Failure) 37M->21M(61M) 0.654ms
[18.842s][info ][gc,cpu         ] GC(3209) User=0.00s Sys=0.00s Real=0.00s
[18.843s][info ][gc,start       ] GC(3210) Pause Young (Allocation Failure)
[18.844s][debug][gc,age         ] GC(3210) Desired survivor size 1114112 bytes, new threshold 1 (max threshold 15)
[18.844s][info ][gc,heap        ] GC(3210) DefNew: 19097K->1564K(19648K)
[18.844s][info ][gc,heap        ] GC(3210) Tenured: 20337K->20337K(43712K)
[18.844s][info ][gc,metaspace   ] GC(3210) Metaspace: 16404K->16404K(1064960K)
[18.844s][info ][gc             ] GC(3210) Pause Young (Allocation Failure) 38M->21M(61M) 0.473ms
[18.844s][info ][gc,cpu         ] GC(3210) User=0.00s Sys=0.00s Real=0.00s
[18.845s][info ][gc,start       ] GC(3211) Pause Young (Allocation Failure)
[18.846s][debug][gc,age         ] GC(3211) Desired survivor size 1114112 bytes, new threshold 1 (max threshold 15)
[18.846s][info ][gc,heap        ] GC(3211) DefNew: 18706K->1955K(19648K)
[18.846s][info ][gc,heap        ] GC(3211) Tenured: 20337K->20728K(43712K)
[18.846s][info ][gc,metaspace   ] GC(3211) Metaspace: 16404K->16404K(1064960K)
[18.846s][info ][gc             ] GC(3211) Pause Young (Allocation Failure) 38M->22M(61M) 0.564ms
[18.846s][info ][gc,cpu         ] GC(3211) User=0.00s Sys=0.00s Real=0.00s
[18.847s][info ][gc,start       ] GC(3212) Pause Young (Allocation Failure)
[18.847s][debug][gc,age         ] GC(3212) Desired survivor size 1114112 bytes, new threshold 1 (max threshold 15)
[18.847s][info ][gc,heap        ] GC(3212) DefNew: 19096K->1564K(19648K)
[18.848s][info ][gc,heap        ] GC(3212) Tenured: 20728K->20728K(43712K)
[18.848s][info ][gc,metaspace   ] GC(3212) Metaspace: 16404K->16404K(1064960K)
[18.848s][info ][gc             ] GC(3212) Pause Young (Allocation Failure) 38M->21M(61M) 0.475ms
[18.848s][info ][gc,cpu         ] GC(3212) User=0.00s Sys=0.00s Real=0.00s
[18.849s][info ][gc,start       ] GC(3213) Pause Young (Allocation Failure)
[18.850s][debug][gc,age         ] GC(3213) Desired survivor size 1114112 bytes, new threshold 1 (max threshold 15)
[18.850s][info ][gc,heap        ] GC(3213) DefNew: 18705K->1955K(19648K)
[18.850s][info ][gc,heap        ] GC(3213) Tenured: 20728K->21900K(43712K)
[18.850s][info ][gc,metaspace   ] GC(3213) Metaspace: 16404K->16404K(1064960K)
[18.850s][info ][gc             ] GC(3213) Pause Young (Allocation Failure) 38M->23M(61M) 0.784ms
[18.850s][info ][gc,cpu         ] GC(3213) User=0.00s Sys=0.00s Real=0.01s
[18.851s][info ][gc,start       ] GC(3214) Pause Young (Allocation Failure)
[18.852s][debug][gc,age         ] GC(3214) Desired survivor size 1114112 bytes, new threshold 1 (max threshold 15)
[18.852s][info ][gc,heap        ] GC(3214) DefNew: 19096K->1955K(19648K)
[18.852s][info ][gc,heap        ] GC(3214) Tenured: 21900K->22290K(43712K)
[18.852s][info ][gc,metaspace   ] GC(3214) Metaspace: 16404K->16404K(1064960K)
[18.852s][info ][gc             ] GC(3214) Pause Young (Allocation Failure) 40M->23M(61M) 0.771ms
[18.852s][info ][gc,cpu         ] GC(3214) User=0.00s Sys=0.00s Real=0.00s
[18.853s][info ][gc,start       ] GC(3215) Pause Young (Allocation Failure)
[18.854s][debug][gc,age         ] GC(3215) Desired survivor size 1114112 bytes, new threshold 1 (max threshold 15)
[18.854s][info ][gc,heap        ] GC(3215) DefNew: 19096K->1955K(19648K)
[18.854s][info ][gc,heap        ] GC(3215) Tenured: 22290K->23072K(43712K)
[18.854s][info ][gc,metaspace   ] GC(3215) Metaspace: 16404K->16404K(1064960K)
[18.854s][info ][gc             ] GC(3215) Pause Young (Allocation Failure) 40M->24M(61M) 0.633ms
[18.854s][info ][gc,cpu         ] GC(3215) User=0.00s Sys=0.00s Real=0.00s
[18.855s][info ][gc,start       ] GC(3216) Pause Young (Allocation Failure)
[18.856s][debug][gc,age         ] GC(3216) Desired survivor size 1114112 bytes, new threshold 1 (max threshold 15)
[18.856s][info ][gc,heap        ] GC(3216) DefNew: 19096K->1955K(19648K)
[18.856s][info ][gc,heap        ] GC(3216) Tenured: 23072K->23462K(43712K)
[18.856s][info ][gc,metaspace   ] GC(3216) Metaspace: 16404K->16404K(1064960K)
[18.856s][info ][gc             ] GC(3216) Pause Young (Allocation Failure) 41M->24M(61M) 0.536ms
[18.856s][info ][gc,cpu         ] GC(3216) User=0.00s Sys=0.00s Real=0.00s
[18.857s][info ][gc,start       ] GC(3217) Pause Young (Allocation Failure)
[18.858s][debug][gc,age         ] GC(3217) Desired survivor size 1114112 bytes, new threshold 1 (max threshold 15)
[18.858s][info ][gc,heap        ] GC(3217) DefNew: 19096K->1955K(19648K)
[18.858s][info ][gc,heap        ] GC(3217) Tenured: 23462K->23853K(43712K)
[18.858s][info ][gc,metaspace   ] GC(3217) Metaspace: 16404K->16404K(1064960K)
[18.858s][info ][gc             ] GC(3217) Pause Young (Allocation Failure) 41M->25M(61M) 0.581ms
[18.858s][info ][gc,cpu         ] GC(3217) User=0.00s Sys=0.00s Real=0.00s
[18.859s][info ][gc,start       ] GC(3218) Pause Young (Allocation Failure)
[18.860s][debug][gc,age         ] GC(3218) Desired survivor size 1114112 bytes, new threshold 1 (max threshold 15)
[18.860s][info ][gc,heap        ] GC(3218) DefNew: 19095K->1955K(19648K)
[18.860s][info ][gc,heap        ] GC(3218) Tenured: 23853K->24634K(43712K)
[18.860s][info ][gc,metaspace   ] GC(3218) Metaspace: 16404K->16404K(1064960K)
[18.860s][info ][gc             ] GC(3218) Pause Young (Allocation Failure) 41M->25M(61M) 0.803ms
[18.860s][info ][gc,cpu         ] GC(3218) User=0.00s Sys=0.00s Real=0.01s
[18.861s][info ][gc,start       ] GC(3219) Pause Young (Allocation Failure)
[18.861s][debug][gc,age         ] GC(3219) Desired survivor size 1114112 bytes, new threshold 15 (max threshold 15)
[18.861s][info ][gc,heap        ] GC(3219) DefNew: 19096K->392K(19648K)
[18.861s][info ][gc,heap        ] GC(3219) Tenured: 24634K->24634K(43712K)
[18.861s][info ][gc,metaspace   ] GC(3219) Metaspace: 16404K->16404K(1064960K)
[18.862s][info ][gc             ] GC(3219) Pause Young (Allocation Failure) 42M->24M(61M) 0.352ms
[18.862s][info ][gc,cpu         ] GC(3219) User=0.00s Sys=0.00s Real=0.00s
[18.863s][info ][gc,start       ] GC(3220) Pause Young (Allocation Failure)
[18.863s][debug][gc,age         ] GC(3220) Desired survivor size 1114112 bytes, new threshold 1 (max threshold 15)
[18.863s][info ][gc,heap        ] GC(3220) DefNew: 17533K->1955K(19648K)
[18.863s][info ][gc,heap        ] GC(3220) Tenured: 24634K->25415K(43712K)
[18.863s][info ][gc,metaspace   ] GC(3220) Metaspace: 16404K->16404K(1064960K)
[18.863s][info ][gc             ] GC(3220) Pause Young (Allocation Failure) 41M->26M(61M) 0.617ms
[18.863s][info ][gc,cpu         ] GC(3220) User=0.00s Sys=0.00s Real=0.00s
[18.865s][info ][gc,start       ] GC(3221) Pause Young (Allocation Failure)
[18.865s][debug][gc,age         ] GC(3221) Desired survivor size 1114112 bytes, new threshold 1 (max threshold 15)
[18.865s][info ][gc,heap        ] GC(3221) DefNew: 19096K->1174K(19648K)
[18.865s][info ][gc,heap        ] GC(3221) Tenured: 25415K->25415K(43712K)
[18.865s][info ][gc,metaspace   ] GC(3221) Metaspace: 16404K->16404K(1064960K)
[18.865s][info ][gc             ] GC(3221) Pause Young (Allocation Failure) 43M->25M(61M) 0.538ms
[18.865s][info ][gc,cpu         ] GC(3221) User=0.00s Sys=0.00s Real=0.00s
[18.867s][info ][gc,start       ] GC(3222) Pause Young (Allocation Failure)
[18.867s][debug][gc,age         ] GC(3222) Desired survivor size 1114112 bytes, new threshold 1 (max threshold 15)
[18.868s][info ][gc,heap        ] GC(3222) DefNew: 18314K->1955K(19648K)
[18.868s][info ][gc,heap        ] GC(3222) Tenured: 25415K->26978K(43712K)
[18.868s][info ][gc,metaspace   ] GC(3222) Metaspace: 16404K->16404K(1064960K)
[18.868s][info ][gc             ] GC(3222) Pause Young (Allocation Failure) 42M->28M(61M) 0.848ms
[18.868s][info ][gc,cpu         ] GC(3222) User=0.00s Sys=0.00s Real=0.00s
[18.869s][info ][gc,start       ] GC(3223) Pause Young (Allocation Failure)
[18.870s][debug][gc,age         ] GC(3223) Desired survivor size 1114112 bytes, new threshold 1 (max threshold 15)
[18.870s][info ][gc,heap        ] GC(3223) DefNew: 19096K->1955K(19648K)
[18.870s][info ][gc,heap        ] GC(3223) Tenured: 26978K->28150K(43712K)
[18.870s][info ][gc,metaspace   ] GC(3223) Metaspace: 16404K->16404K(1064960K)
[18.870s][info ][gc             ] GC(3223) Pause Young (Allocation Failure) 44M->29M(61M) 0.679ms
[18.870s][info ][gc,cpu         ] GC(3223) User=0.01s Sys=0.00s Real=0.01s
[18.871s][info ][gc,start       ] GC(3224) Pause Young (Allocation Failure)
[18.871s][debug][gc,age         ] GC(3224) Desired survivor size 1114112 bytes, new threshold 1 (max threshold 15)
[18.871s][info ][gc,heap        ] GC(3224) DefNew: 19096K->1955K(19648K)
[18.871s][info ][gc,heap        ] GC(3224) Tenured: 28150K->28541K(43712K)
[18.872s][info ][gc,metaspace   ] GC(3224) Metaspace: 16404K->16404K(1064960K)
[18.872s][info ][gc             ] GC(3224) Pause Young (Allocation Failure) 46M->29M(61M) 0.587ms
[18.872s][info ][gc,cpu         ] GC(3224) User=0.00s Sys=0.00s Real=0.00s
[18.873s][info ][gc,start       ] GC(3225) Pause Young (Allocation Failure)
[18.874s][debug][gc,age         ] GC(3225) Desired survivor size 1114112 bytes, new threshold 1 (max threshold 15)
[18.874s][info ][gc,heap        ] GC(3225) DefNew: 19096K->1955K(19648K)
[18.874s][info ][gc,heap        ] GC(3225) Tenured: 28541K->28931K(43712K)
[18.874s][info ][gc,metaspace   ] GC(3225) Metaspace: 16404K->16404K(1064960K)
[18.874s][info ][gc             ] GC(3225) Pause Young (Allocation Failure) 46M->30M(61M) 0.680ms
[18.874s][info ][gc,cpu         ] GC(3225) User=0.00s Sys=0.00s Real=0.00s
[18.875s][info ][gc,start       ] GC(3226) Pause Young (Allocation Failure)
[18.876s][debug][gc,age         ] GC(3226) Desired survivor size 1114112 bytes, new threshold 1 (max threshold 15)
[18.876s][info ][gc,heap        ] GC(3226) DefNew: 19096K->1955K(19648K)
[18.876s][info ][gc,heap        ] GC(3226) Tenured: 28931K->28931K(43712K)
[18.876s][info ][gc,metaspace   ] GC(3226) Metaspace: 16404K->16404K(1064960K)
[18.876s][info ][gc             ] GC(3226) Pause Young (Allocation Failure) 46M->30M(61M) 0.664ms
[18.876s][info ][gc,cpu         ] GC(3226) User=0.00s Sys=0.00s Real=0.00s
[18.877s][info ][gc,start       ] GC(3227) Pause Young (Allocation Failure)
[18.877s][debug][gc,age         ] GC(3227) Desired survivor size 1114112 bytes, new threshold 1 (max threshold 15)
[18.877s][info ][gc,heap        ] GC(3227) DefNew: 19096K->1955K(19648K)
[18.877s][info ][gc,heap        ] GC(3227) Tenured: 28931K->29713K(43712K)
[18.878s][info ][gc,metaspace   ] GC(3227) Metaspace: 16404K->16404K(1064960K)
[18.878s][info ][gc             ] GC(3227) Pause Young (Allocation Failure) 46M->30M(61M) 0.603ms
[18.878s][info ][gc,cpu         ] GC(3227) User=0.00s Sys=0.00s Real=0.00s
[18.879s][info ][gc,start       ] GC(3228) Pause Young (Allocation Failure)
[18.879s][debug][gc,age         ] GC(3228) Desired survivor size 1114112 bytes, new threshold 1 (max threshold 15)
[18.879s][info ][gc,heap        ] GC(3228) DefNew: 19095K->1955K(19648K)
[18.880s][info ][gc,heap        ] GC(3228) Tenured: 29713K->30885K(43712K)
[18.880s][info ][gc,metaspace   ] GC(3228) Metaspace: 16404K->16404K(1064960K)
[18.880s][info ][gc             ] GC(3228) Pause Young (Allocation Failure) 47M->32M(61M) 0.668ms
[18.880s][info ][gc,cpu         ] GC(3228) User=0.00s Sys=0.00s Real=0.01s
[18.881s][info ][gc,start       ] GC(3229) Pause Young (Allocation Failure)
[18.881s][debug][gc,age         ] GC(3229) Desired survivor size 1114112 bytes, new threshold 1 (max threshold 15)
[18.881s][info ][gc,heap        ] GC(3229) DefNew: 19095K->1955K(19648K)
[18.881s][info ][gc,heap        ] GC(3229) Tenured: 30885K->30885K(43712K)
[18.881s][info ][gc,metaspace   ] GC(3229) Metaspace: 16404K->16404K(1064960K)
[18.881s][info ][gc             ] GC(3229) Pause Young (Allocation Failure) 48M->32M(61M) 0.591ms
[18.881s][info ][gc,cpu         ] GC(3229) User=0.00s Sys=0.00s Real=0.00s
[18.883s][info ][gc,start       ] GC(3230) Pause Young (Allocation Failure)
[18.883s][debug][gc,age         ] GC(3230) Desired survivor size 1114112 bytes, new threshold 1 (max threshold 15)
[18.883s][info ][gc,heap        ] GC(3230) DefNew: 19096K->1564K(19648K)
[18.883s][info ][gc,heap        ] GC(3230) Tenured: 30885K->30885K(43712K)
[18.883s][info ][gc,metaspace   ] GC(3230) Metaspace: 16404K->16404K(1064960K)
[18.884s][info ][gc             ] GC(3230) Pause Young (Allocation Failure) 48M->31M(61M) 0.729ms
[18.884s][info ][gc,cpu         ] GC(3230) User=0.00s Sys=0.00s Real=0.00s
[18.885s][info ][gc,start       ] GC(3231) Pause Young (Allocation Failure)
[18.886s][debug][gc,age         ] GC(3231) Desired survivor size 1114112 bytes, new threshold 1 (max threshold 15)
[18.886s][info ][gc,heap        ] GC(3231) DefNew: 18705K->1955K(19648K)
[18.886s][info ][gc,heap        ] GC(3231) Tenured: 30885K->31276K(43712K)
[18.886s][info ][gc,metaspace   ] GC(3231) Metaspace: 16404K->16404K(1064960K)
[18.886s][info ][gc             ] GC(3231) Pause Young (Allocation Failure) 48M->32M(61M) 0.696ms
[18.886s][info ][gc,cpu         ] GC(3231) User=0.00s Sys=0.00s Real=0.00s
[18.887s][info ][gc,start       ] GC(3232) Pause Young (Allocation Failure)
[18.887s][debug][gc,age         ] GC(3232) Desired survivor size 1114112 bytes, new threshold 1 (max threshold 15)
[18.887s][info ][gc,heap        ] GC(3232) DefNew: 19096K->1564K(19648K)
[18.887s][info ][gc,heap        ] GC(3232) Tenured: 31276K->31276K(43712K)
[18.887s][info ][gc,metaspace   ] GC(3232) Metaspace: 16404K->16404K(1064960K)
[18.887s][info ][gc             ] GC(3232) Pause Young (Allocation Failure) 49M->32M(61M) 0.516ms
[18.887s][info ][gc,cpu         ] GC(3232) User=0.00s Sys=0.00s Real=0.00s
[18.889s][info ][gc,start       ] GC(3233) Pause Young (Allocation Failure)
[18.889s][debug][gc,age         ] GC(3233) Desired survivor size 1114112 bytes, new threshold 1 (max threshold 15)
[18.889s][info ][gc,heap        ] GC(3233) DefNew: 18705K->1564K(19648K)
[18.889s][info ][gc,heap        ] GC(3233) Tenured: 31276K->31276K(43712K)
[18.889s][info ][gc,metaspace   ] GC(3233) Metaspace: 16404K->16404K(1064960K)
[18.889s][info ][gc             ] GC(3233) Pause Young (Allocation Failure) 48M->32M(61M) 0.492ms
[18.889s][info ][gc,cpu         ] GC(3233) User=0.00s Sys=0.00s Real=0.00s
[18.891s][info ][gc,start       ] GC(3234) Pause Young (Allocation Failure)
[18.891s][debug][gc,age         ] GC(3234) Desired survivor size 1114112 bytes, new threshold 1 (max threshold 15)
[18.891s][info ][gc,heap        ] GC(3234) DefNew: 18660K->1564K(19648K)
[18.891s][info ][gc,heap        ] GC(3234) Tenured: 31276K->31276K(43712K)
[18.891s][info ][gc,metaspace   ] GC(3234) Metaspace: 16404K->16404K(1064960K)
[18.891s][info ][gc             ] GC(3234) Pause Young (Allocation Failure) 48M->32M(61M) 0.605ms
[18.891s][info ][gc,cpu         ] GC(3234) User=0.01s Sys=0.00s Real=0.00s
[18.892s][info ][gc,start       ] GC(3235) Pause Young (Allocation Failure)
[18.893s][debug][gc,age         ] GC(3235) Desired survivor size 1114112 bytes, new threshold 1 (max threshold 15)
[18.893s][info ][gc,heap        ] GC(3235) DefNew: 18721K->1955K(19648K)
[18.893s][info ][gc,heap        ] GC(3235) Tenured: 31276K->31277K(43712K)
[18.893s][info ][gc,metaspace   ] GC(3235) Metaspace: 16404K->16404K(1064960K)
[18.893s][info ][gc             ] GC(3235) Pause Young (Allocation Failure) 48M->32M(61M) 0.537ms
[18.893s][info ][gc,cpu         ] GC(3235) User=0.00s Sys=0.00s Real=0.00s
[18.894s][info ][gc,start       ] GC(3236) Pause Young (Allocation Failure)
[18.895s][debug][gc,age         ] GC(3236) Desired survivor size 1114112 bytes, new threshold 1 (max threshold 15)
[18.895s][info ][gc,heap        ] GC(3236) DefNew: 19060K->1955K(19648K)
[18.895s][info ][gc,heap        ] GC(3236) Tenured: 31277K->31277K(43712K)
[18.895s][info ][gc,metaspace   ] GC(3236) Metaspace: 16404K->16404K(1064960K)
[18.895s][info ][gc             ] GC(3236) Pause Young (Allocation Failure) 49M->32M(61M) 0.502ms
[18.895s][info ][gc,cpu         ] GC(3236) User=0.00s Sys=0.00s Real=0.00s
[18.896s][info ][gc,start       ] GC(3237) Pause Young (Allocation Failure)
[18.897s][debug][gc,age         ] GC(3237) Desired survivor size 1114112 bytes, new threshold 1 (max threshold 15)
[18.897s][info ][gc,heap        ] GC(3237) DefNew: 19404K->1564K(19648K)
[18.897s][info ][gc,heap        ] GC(3237) Tenured: 31277K->31668K(43712K)
[18.897s][info ][gc,metaspace   ] GC(3237) Metaspace: 16404K->16404K(1064960K)
[18.897s][info ][gc             ] GC(3237) Pause Young (Allocation Failure) 49M->32M(61M) 0.560ms
[18.897s][info ][gc,cpu         ] GC(3237) User=0.00s Sys=0.00s Real=0.00s
[18.898s][info ][gc,start       ] GC(3238) Pause Young (Allocation Failure)
[18.899s][debug][gc,age         ] GC(3238) Desired survivor size 1114112 bytes, new threshold 1 (max threshold 15)
[18.899s][info ][gc,heap        ] GC(3238) DefNew: 18757K->1954K(19648K)
[18.899s][info ][gc,heap        ] GC(3238) Tenured: 31668K->32840K(43712K)
[18.899s][info ][gc,metaspace   ] GC(3238) Metaspace: 16404K->16404K(1064960K)
[18.899s][info ][gc             ] GC(3238) Pause Young (Allocation Failure) 49M->33M(61M) 0.790ms
[18.899s][info ][gc,cpu         ] GC(3238) User=0.01s Sys=0.00s Real=0.00s
[18.901s][info ][gc,start       ] GC(3239) Pause Young (Allocation Failure)
[18.901s][debug][gc,age         ] GC(3239) Desired survivor size 1114112 bytes, new threshold 1 (max threshold 15)
[18.901s][info ][gc,heap        ] GC(3239) DefNew: 19426K->1955K(19648K)
[18.901s][info ][gc,heap        ] GC(3239) Tenured: 32840K->33231K(43712K)
[18.901s][info ][gc,metaspace   ] GC(3239) Metaspace: 16404K->16404K(1064960K)
[18.901s][info ][gc             ] GC(3239) Pause Young (Allocation Failure) 51M->34M(61M) 0.702ms
[18.902s][info ][gc,cpu         ] GC(3239) User=0.00s Sys=0.00s Real=0.00s
[18.903s][info ][gc,start       ] GC(3240) Pause Young (Allocation Failure)
[18.903s][debug][gc,age         ] GC(3240) Desired survivor size 1114112 bytes, new threshold 1 (max threshold 15)
[18.903s][info ][gc,heap        ] GC(3240) DefNew: 19138K->1955K(19648K)
[18.903s][info ][gc,heap        ] GC(3240) Tenured: 33231K->33623K(43712K)
[18.903s][info ][gc,metaspace   ] GC(3240) Metaspace: 16404K->16404K(1064960K)
[18.903s][info ][gc             ] GC(3240) Pause Young (Allocation Failure) 51M->34M(61M) 0.595ms
[18.904s][info ][gc,cpu         ] GC(3240) User=0.00s Sys=0.00s Real=0.00s
[18.905s][info ][gc,start       ] GC(3241) Pause Young (Allocation Failure)
[18.905s][debug][gc,age         ] GC(3241) Desired survivor size 1114112 bytes, new threshold 1 (max threshold 15)
[18.905s][info ][gc,heap        ] GC(3241) DefNew: 19069K->1955K(19648K)
[18.905s][info ][gc,heap        ] GC(3241) Tenured: 33623K->34795K(43712K)
[18.905s][info ][gc,metaspace   ] GC(3241) Metaspace: 16404K->16404K(1064960K)
[18.905s][info ][gc             ] GC(3241) Pause Young (Allocation Failure) 51M->35M(61M) 0.756ms
[18.906s][info ][gc,cpu         ] GC(3241) User=0.00s Sys=0.00s Real=0.00s
[18.907s][info ][gc,start       ] GC(3242) Pause Young (Allocation Failure)
[18.907s][debug][gc,age         ] GC(3242) Desired survivor size 1114112 bytes, new threshold 1 (max threshold 15)
[18.907s][info ][gc,heap        ] GC(3242) DefNew: 19130K->1955K(19648K)
[18.907s][info ][gc,heap        ] GC(3242) Tenured: 34795K->35576K(43712K)
[18.907s][info ][gc,metaspace   ] GC(3242) Metaspace: 16404K->16404K(1064960K)
[18.907s][info ][gc             ] GC(3242) Pause Young (Allocation Failure) 52M->36M(61M) 0.604ms
[18.907s][info ][gc,cpu         ] GC(3242) User=0.00s Sys=0.00s Real=0.00s
[18.909s][info ][gc,start       ] GC(3243) Pause Young (Allocation Failure)
[18.909s][debug][gc,age         ] GC(3243) Desired survivor size 1114112 bytes, new threshold 1 (max threshold 15)
[18.909s][info ][gc,heap        ] GC(3243) DefNew: 19118K->1955K(19648K)
[18.909s][info ][gc,heap        ] GC(3243) Tenured: 35576K->36357K(43712K)
[18.909s][info ][gc,metaspace   ] GC(3243) Metaspace: 16404K->16404K(1064960K)
[18.909s][info ][gc             ] GC(3243) Pause Young (Allocation Failure) 53M->37M(61M) 0.629ms
[18.909s][info ][gc,cpu         ] GC(3243) User=0.00s Sys=0.00s Real=0.01s
[18.911s][info ][gc,start       ] GC(3244) Pause Young (Allocation Failure)
[18.911s][debug][gc,age         ] GC(3244) Desired survivor size 1114112 bytes, new threshold 1 (max threshold 15)
[18.911s][info ][gc,heap        ] GC(3244) DefNew: 19110K->1564K(19648K)
[18.911s][info ][gc,heap        ] GC(3244) Tenured: 36357K->36357K(43712K)
[18.911s][info ][gc,metaspace   ] GC(3244) Metaspace: 16404K->16404K(1064960K)
[18.911s][info ][gc             ] GC(3244) Pause Young (Allocation Failure) 54M->37M(61M) 0.514ms
[18.911s][info ][gc,cpu         ] GC(3244) User=0.01s Sys=0.00s Real=0.00s
[18.912s][info ][gc,start       ] GC(3245) Pause Young (Allocation Failure)
[18.913s][debug][gc,age         ] GC(3245) Desired survivor size 1114112 bytes, new threshold 1 (max threshold 15)
[18.913s][info ][gc,heap        ] GC(3245) DefNew: 18714K->1955K(19648K)
[18.913s][info ][gc,heap        ] GC(3245) Tenured: 36357K->37139K(43712K)
[18.913s][info ][gc,metaspace   ] GC(3245) Metaspace: 16404K->16404K(1064960K)
[18.913s][info ][gc             ] GC(3245) Pause Young (Allocation Failure) 53M->38M(61M) 0.622ms
[18.913s][info ][gc,cpu         ] GC(3245) User=0.00s Sys=0.00s Real=0.00s
[18.914s][info ][gc,start       ] GC(3246) Pause Young (Allocation Failure)
[18.915s][debug][gc,age         ] GC(3246) Desired survivor size 1114112 bytes, new threshold 1 (max threshold 15)
[18.915s][info ][gc,heap        ] GC(3246) DefNew: 19101K->1955K(19648K)
[18.915s][info ][gc,heap        ] GC(3246) Tenured: 37139K->37139K(43712K)
[18.915s][info ][gc,metaspace   ] GC(3246) Metaspace: 16404K->16404K(1064960K)
[18.915s][info ][gc             ] GC(3246) Pause Young (Allocation Failure) 54M->38M(61M) 0.509ms
[18.915s][info ][gc,cpu         ] GC(3246) User=0.00s Sys=0.00s Real=0.00s
[18.916s][info ][gc,start       ] GC(3247) Pause Young (Allocation Failure)
[18.917s][debug][gc,age         ] GC(3247) Desired survivor size 1114112 bytes, new threshold 1 (max threshold 15)
[18.917s][info ][gc,heap        ] GC(3247) DefNew: 19427K->1954K(19648K)
[18.917s][info ][gc,heap        ] GC(3247) Tenured: 37139K->37530K(43712K)
[18.917s][info ][gc,metaspace   ] GC(3247) Metaspace: 16404K->16404K(1064960K)
[18.917s][info ][gc             ] GC(3247) Pause Young (Allocation Failure) 55M->38M(61M) 0.830ms
[18.917s][info ][gc,cpu         ] GC(3247) User=0.00s Sys=0.00s Real=0.00s
[18.919s][info ][gc,start       ] GC(3248) Pause Young (Allocation Failure)
[18.919s][debug][gc,age         ] GC(3248) Desired survivor size 1114112 bytes, new threshold 1 (max threshold 15)
[18.919s][info ][gc,heap        ] GC(3248) DefNew: 19113K->1955K(19648K)
[18.919s][info ][gc,heap        ] GC(3248) Tenured: 37530K->37530K(43712K)
[18.919s][info ][gc,metaspace   ] GC(3248) Metaspace: 16404K->16404K(1064960K)
[18.919s][info ][gc             ] GC(3248) Pause Young (Allocation Failure) 55M->38M(61M) 0.532ms
[18.919s][info ][gc,cpu         ] GC(3248) User=0.00s Sys=0.00s Real=0.00s
[18.920s][info ][gc,start       ] GC(3249) Pause Young (Allocation Failure)
[18.921s][debug][gc,age         ] GC(3249) Desired survivor size 1114112 bytes, new threshold 1 (max threshold 15)
[18.921s][info ][gc,heap        ] GC(3249) DefNew: 19107K->1955K(19648K)
[18.921s][info ][gc,heap        ] GC(3249) Tenured: 37530K->37530K(43712K)
[18.921s][info ][gc,metaspace   ] GC(3249) Metaspace: 16404K->16404K(1064960K)
[18.921s][info ][gc             ] GC(3249) Pause Young (Allocation Failure) 55M->38M(61M) 0.534ms
[18.921s][info ][gc,cpu         ] GC(3249) User=0.00s Sys=0.00s Real=0.00s
[18.922s][info ][gc,start       ] GC(3250) Pause Young (Allocation Failure)
[18.923s][debug][gc,age         ] GC(3250) Desired survivor size 1114112 bytes, new threshold 1 (max threshold 15)
[18.923s][info ][gc,heap        ] GC(3250) DefNew: 19103K->1955K(19648K)
[18.923s][info ][gc,heap        ] GC(3250) Tenured: 37530K->38702K(43712K)
[18.923s][info ][gc,metaspace   ] GC(3250) Metaspace: 16404K->16404K(1064960K)
[18.923s][info ][gc             ] GC(3250) Pause Young (Allocation Failure) 55M->39M(61M) 0.640ms
[18.923s][info ][gc,cpu         ] GC(3250) User=0.00s Sys=0.00s Real=0.00s
[18.924s][info ][gc,start       ] GC(3251) Pause Young (Allocation Failure)
[18.925s][debug][gc,age         ] GC(3251) Desired survivor size 1114112 bytes, new threshold 1 (max threshold 15)
[18.925s][info ][gc,heap        ] GC(3251) DefNew: 19101K->1955K(19648K)
[18.925s][info ][gc,heap        ] GC(3251) Tenured: 38702K->39093K(43712K)
[18.925s][info ][gc,metaspace   ] GC(3251) Metaspace: 16404K->16404K(1064960K)
[18.925s][info ][gc             ] GC(3251) Pause Young (Allocation Failure) 56M->40M(61M) 0.559ms
[18.925s][info ][gc,cpu         ] GC(3251) User=0.01s Sys=0.00s Real=0.00s
[18.926s][info ][gc,start       ] GC(3252) Pause Young (Allocation Failure)
[18.927s][debug][gc,age         ] GC(3252) Desired survivor size 1114112 bytes, new threshold 1 (max threshold 15)
[18.927s][info ][gc,heap        ] GC(3252) DefNew: 19099K->1955K(19648K)
[18.927s][info ][gc,heap        ] GC(3252) Tenured: 39093K->40265K(43712K)
[18.927s][info ][gc,metaspace   ] GC(3252) Metaspace: 16404K->16404K(1064960K)
[18.927s][info ][gc             ] GC(3252) Pause Young (Allocation Failure) 56M->41M(61M) 0.656ms
[18.927s][info ][gc,cpu         ] GC(3252) User=0.00s Sys=0.00s Real=0.00s
[18.928s][info ][gc,start       ] GC(3253) Pause Young (Allocation Failure)
[18.929s][debug][gc,age         ] GC(3253) Desired survivor size 1114112 bytes, new threshold 1 (max threshold 15)
[18.929s][info ][gc,heap        ] GC(3253) DefNew: 19098K->1955K(19648K)
[18.929s][info ][gc,heap        ] GC(3253) Tenured: 40265K->40655K(43712K)
[18.929s][info ][gc,metaspace   ] GC(3253) Metaspace: 16404K->16404K(1064960K)
[18.929s][info ][gc             ] GC(3253) Pause Young (Allocation Failure) 57M->41M(61M) 0.590ms
[18.929s][info ][gc,cpu         ] GC(3253) User=0.00s Sys=0.00s Real=0.00s
[18.930s][info ][gc,start       ] GC(3254) Pause Young (Allocation Failure)
[18.931s][debug][gc,age         ] GC(3254) Desired survivor size 1114112 bytes, new threshold 1 (max threshold 15)
[18.931s][info ][gc,heap        ] GC(3254) DefNew: 19097K->1955K(19648K)
[18.931s][info ][gc,heap        ] GC(3254) Tenured: 40655K->41437K(43712K)
[18.931s][info ][gc,metaspace   ] GC(3254) Metaspace: 16404K->16404K(1064960K)
[18.931s][info ][gc             ] GC(3254) Pause Young (Allocation Failure) 58M->42M(61M) 0.646ms
[18.931s][info ][gc,cpu         ] GC(3254) User=0.00s Sys=0.00s Real=0.00s
[18.932s][info ][gc,start       ] GC(3255) Pause Young (Allocation Failure)
[18.933s][debug][gc,age         ] GC(3255) Desired survivor size 1114112 bytes, new threshold 1 (max threshold 15)
[18.933s][info ][gc,heap        ] GC(3255) DefNew: 19096K->1955K(19648K)
[18.933s][info ][gc,heap        ] GC(3255) Tenured: 41437K->41437K(43712K)
[18.933s][info ][gc,metaspace   ] GC(3255) Metaspace: 16404K->16404K(1064960K)
[18.933s][info ][gc             ] GC(3255) Pause Young (Allocation Failure) 59M->42M(61M) 0.586ms
[18.933s][info ][gc,cpu         ] GC(3255) User=0.00s Sys=0.00s Real=0.00s
[18.934s][info ][gc,start       ] GC(3256) Pause Young (Allocation Failure)
[18.935s][debug][gc,age         ] GC(3256) Desired survivor size 1114112 bytes, new threshold 1 (max threshold 15)
[18.935s][info ][gc,heap        ] GC(3256) DefNew: 19096K->1955K(19648K)
[18.935s][info ][gc,heap        ] GC(3256) Tenured: 41437K->41827K(43712K)
[18.935s][info ][gc,metaspace   ] GC(3256) Metaspace: 16404K->16404K(1064960K)
[18.935s][info ][gc             ] GC(3256) Pause Young (Allocation Failure) 59M->42M(61M) 0.654ms
[18.935s][info ][gc,cpu         ] GC(3256) User=0.00s Sys=0.00s Real=0.00s
[18.936s][info ][gc,start       ] GC(3257) Pause Young (Allocation Failure)
[18.937s][debug][gc,age         ] GC(3257) Desired survivor size 1114112 bytes, new threshold 1 (max threshold 15)
[18.937s][info ][gc,heap        ] GC(3257) DefNew: 19096K->1955K(19648K)
[18.937s][info ][gc,heap        ] GC(3257) Tenured: 41827K->42999K(43712K)
[18.937s][info ][gc,metaspace   ] GC(3257) Metaspace: 16404K->16404K(1064960K)
[18.937s][info ][gc             ] GC(3257) Pause Young (Allocation Failure) 59M->43M(61M) 0.680ms
[18.937s][info ][gc,cpu         ] GC(3257) User=0.00s Sys=0.00s Real=0.00s
[18.938s][info ][gc,start       ] GC(3258) Pause Young (Allocation Failure)
[18.938s][info ][gc,start       ] GC(3259) Pause Full (Allocation Failure)
[18.938s][info ][gc,phases,start] GC(3259) Phase 1: Mark live objects
[18.941s][debug][gc,phases      ] GC(3259) Reference Processing 0.043ms
[18.941s][debug][gc,phases      ] GC(3259) Weak Processing 0.014ms
[18.941s][debug][gc,phases      ] GC(3259) ClassLoaderData 0.027ms
[18.941s][debug][gc,phases      ] GC(3259) ProtectionDomainCacheTable 0.002ms
[18.941s][debug][gc,phases      ] GC(3259) ResolvedMethodTable 0.015ms
[18.942s][debug][gc,phases      ] GC(3259) Class Unloading 0.758ms
[18.942s][debug][gc,phases      ] GC(3259) Scrub String Table 0.058ms
[18.943s][debug][gc,phases      ] GC(3259) Scrub Symbol Table 1.057ms
[18.943s][info ][gc,phases      ] GC(3259) Phase 1: Mark live objects 5.021ms
[18.943s][info ][gc,phases,start] GC(3259) Phase 2: Compute new object addresses
[18.944s][info ][gc,phases      ] GC(3259) Phase 2: Compute new object addresses 0.916ms
[18.944s][info ][gc,phases,start] GC(3259) Phase 3: Adjust pointers
[18.948s][info ][gc,phases      ] GC(3259) Phase 3: Adjust pointers 3.729ms
[18.948s][info ][gc,phases,start] GC(3259) Phase 4: Move objects
[18.948s][info ][gc,phases      ] GC(3259) Phase 4: Move objects 0.145ms
[18.948s][info ][gc             ] GC(3259) Pause Full (Allocation Failure) 60M->4M(61M) 10.059ms
[18.948s][info ][gc,heap        ] GC(3258) DefNew: 19096K->0K(19648K)
[18.948s][info ][gc,heap        ] GC(3258) Tenured: 42999K->4318K(43712K)
[18.948s][info ][gc,metaspace   ] GC(3258) Metaspace: 16404K->16404K(1064960K)
[18.948s][info ][gc             ] GC(3258) Pause Young (Allocation Failure) 60M->4M(61M) 10.186ms
[18.948s][info ][gc,cpu         ] GC(3258) User=0.01s Sys=0.00s Real=0.01s
[18.950s][info ][gc,start       ] GC(3260) Pause Young (Allocation Failure)
[18.950s][debug][gc,age         ] GC(3260) Desired survivor size 1114112 bytes, new threshold 1 (max threshold 15)
[18.950s][info ][gc,heap        ] GC(3260) DefNew: 17140K->1955K(19648K)
[18.950s][info ][gc,heap        ] GC(3260) Tenured: 4318K->4318K(43712K)
[18.950s][info ][gc,metaspace   ] GC(3260) Metaspace: 16404K->16404K(1064960K)
[18.950s][info ][gc             ] GC(3260) Pause Young (Allocation Failure) 20M->6M(61M) 0.766ms
[18.950s][info ][gc,cpu         ] GC(3260) User=0.00s Sys=0.00s Real=0.00s
[18.952s][info ][gc,start       ] GC(3261) Pause Young (Allocation Failure)
[18.952s][debug][gc,age         ] GC(3261) Desired survivor size 1114112 bytes, new threshold 1 (max threshold 15)
[18.952s][info ][gc,heap        ] GC(3261) DefNew: 19096K->1955K(19648K)
[18.952s][info ][gc,heap        ] GC(3261) Tenured: 4318K->4709K(43712K)
[18.952s][info ][gc,metaspace   ] GC(3261) Metaspace: 16404K->16404K(1064960K)
[18.952s][info ][gc             ] GC(3261) Pause Young (Allocation Failure) 22M->6M(61M) 0.654ms
[18.952s][info ][gc,cpu         ] GC(3261) User=0.00s Sys=0.00s Real=0.00s
[18.954s][info ][gc,start       ] GC(3262) Pause Young (Allocation Failure)
[18.954s][debug][gc,age         ] GC(3262) Desired survivor size 1114112 bytes, new threshold 1 (max threshold 15)
[18.954s][info ][gc,heap        ] GC(3262) DefNew: 19096K->1955K(19648K)
[18.954s][info ][gc,heap        ] GC(3262) Tenured: 4709K->5100K(43712K)
[18.954s][info ][gc,metaspace   ] GC(3262) Metaspace: 16404K->16404K(1064960K)
[18.954s][info ][gc             ] GC(3262) Pause Young (Allocation Failure) 23M->6M(61M) 0.699ms
[18.954s][info ][gc,cpu         ] GC(3262) User=0.00s Sys=0.00s Real=0.00s
[18.956s][info ][gc,start       ] GC(3263) Pause Young (Allocation Failure)
[18.956s][debug][gc,age         ] GC(3263) Desired survivor size 1114112 bytes, new threshold 1 (max threshold 15)
[18.956s][info ][gc,heap        ] GC(3263) DefNew: 19096K->1955K(19648K)
[18.956s][info ][gc,heap        ] GC(3263) Tenured: 5100K->5490K(43712K)
[18.956s][info ][gc,metaspace   ] GC(3263) Metaspace: 16404K->16404K(1064960K)
[18.956s][info ][gc             ] GC(3263) Pause Young (Allocation Failure) 23M->7M(61M) 0.566ms
[18.956s][info ][gc,cpu         ] GC(3263) User=0.00s Sys=0.00s Real=0.00s
[18.958s][info ][gc,start       ] GC(3264) Pause Young (Allocation Failure)
[18.958s][debug][gc,age         ] GC(3264) Desired survivor size 1114112 bytes, new threshold 1 (max threshold 15)
[18.958s][info ][gc,heap        ] GC(3264) DefNew: 19096K->1955K(19648K)
[18.958s][info ][gc,heap        ] GC(3264) Tenured: 5490K->5881K(43712K)
[18.958s][info ][gc,metaspace   ] GC(3264) Metaspace: 16404K->16404K(1064960K)
[18.958s][info ][gc             ] GC(3264) Pause Young (Allocation Failure) 24M->7M(61M) 0.568ms
[18.958s][info ][gc,cpu         ] GC(3264) User=0.00s Sys=0.00s Real=0.00s
[18.959s][info ][gc,start       ] GC(3265) Pause Young (Allocation Failure)
[18.960s][debug][gc,age         ] GC(3265) Desired survivor size 1114112 bytes, new threshold 1 (max threshold 15)
[18.960s][info ][gc,heap        ] GC(3265) DefNew: 19096K->1955K(19648K)
[18.960s][info ][gc,heap        ] GC(3265) Tenured: 5881K->6271K(43712K)
[18.960s][info ][gc,metaspace   ] GC(3265) Metaspace: 16404K->16404K(1064960K)
[18.960s][info ][gc             ] GC(3265) Pause Young (Allocation Failure) 24M->8M(61M) 0.849ms
[18.960s][info ][gc,cpu         ] GC(3265) User=0.00s Sys=0.00s Real=0.00s
[18.962s][info ][gc,start       ] GC(3266) Pause Young (Allocation Failure)
[18.962s][debug][gc,age         ] GC(3266) Desired survivor size 1114112 bytes, new threshold 1 (max threshold 15)
[18.962s][info ][gc,heap        ] GC(3266) DefNew: 19095K->1955K(19648K)
[18.962s][info ][gc,heap        ] GC(3266) Tenured: 6271K->7443K(43712K)
[18.962s][info ][gc,metaspace   ] GC(3266) Metaspace: 16404K->16404K(1064960K)
[18.962s][info ][gc             ] GC(3266) Pause Young (Allocation Failure) 24M->9M(61M) 0.646ms
[18.962s][info ][gc,cpu         ] GC(3266) User=0.00s Sys=0.00s Real=0.00s
[18.964s][info ][gc,start       ] GC(3267) Pause Young (Allocation Failure)
[18.964s][debug][gc,age         ] GC(3267) Desired survivor size 1114112 bytes, new threshold 1 (max threshold 15)
[18.964s][info ][gc,heap        ] GC(3267) DefNew: 19096K->1955K(19648K)
[18.964s][info ][gc,heap        ] GC(3267) Tenured: 7443K->8225K(43712K)
[18.964s][info ][gc,metaspace   ] GC(3267) Metaspace: 16404K->16404K(1064960K)
[18.964s][info ][gc             ] GC(3267) Pause Young (Allocation Failure) 25M->9M(61M) 0.633ms
[18.964s][info ][gc,cpu         ] GC(3267) User=0.00s Sys=0.00s Real=0.00s
[18.966s][info ][gc,start       ] GC(3268) Pause Young (Allocation Failure)
[18.966s][debug][gc,age         ] GC(3268) Desired survivor size 1114112 bytes, new threshold 1 (max threshold 15)
[18.966s][info ][gc,heap        ] GC(3268) DefNew: 19096K->1955K(19648K)
[18.966s][info ][gc,heap        ] GC(3268) Tenured: 8225K->8615K(43712K)
[18.966s][info ][gc,metaspace   ] GC(3268) Metaspace: 16404K->16404K(1064960K)
[18.966s][info ][gc             ] GC(3268) Pause Young (Allocation Failure) 26M->10M(61M) 0.682ms
[18.966s][info ][gc,cpu         ] GC(3268) User=0.00s Sys=0.00s Real=0.00s
[18.967s][info ][gc,start       ] GC(3269) Pause Young (Allocation Failure)
[18.968s][debug][gc,age         ] GC(3269) Desired survivor size 1114112 bytes, new threshold 1 (max threshold 15)
[18.968s][info ][gc,heap        ] GC(3269) DefNew: 19096K->1955K(19648K)
[18.968s][info ][gc,heap        ] GC(3269) Tenured: 8615K->8615K(43712K)
[18.968s][info ][gc,metaspace   ] GC(3269) Metaspace: 16404K->16404K(1064960K)
[18.968s][info ][gc             ] GC(3269) Pause Young (Allocation Failure) 27M->10M(61M) 0.524ms
[18.968s][info ][gc,cpu         ] GC(3269) User=0.01s Sys=0.00s Real=0.00s
[18.969s][info ][gc,start       ] GC(3270) Pause Young (Allocation Failure)
[18.970s][debug][gc,age         ] GC(3270) Desired survivor size 1114112 bytes, new threshold 1 (max threshold 15)
[18.970s][info ][gc,heap        ] GC(3270) DefNew: 19095K->1955K(19648K)
[18.970s][info ][gc,heap        ] GC(3270) Tenured: 8615K->8615K(43712K)
[18.970s][info ][gc,metaspace   ] GC(3270) Metaspace: 16404K->16404K(1064960K)
[18.970s][info ][gc             ] GC(3270) Pause Young (Allocation Failure) 27M->10M(61M) 0.535ms
[18.970s][info ][gc,cpu         ] GC(3270) User=0.00s Sys=0.00s Real=0.00s
[18.971s][info ][gc,start       ] GC(3271) Pause Young (Allocation Failure)
[18.972s][debug][gc,age         ] GC(3271) Desired survivor size 1114112 bytes, new threshold 1 (max threshold 15)
[18.972s][info ][gc,heap        ] GC(3271) DefNew: 19096K->1955K(19648K)
[18.972s][info ][gc,heap        ] GC(3271) Tenured: 8615K->9787K(43712K)
[18.972s][info ][gc,metaspace   ] GC(3271) Metaspace: 16404K->16404K(1064960K)
[18.972s][info ][gc             ] GC(3271) Pause Young (Allocation Failure) 27M->11M(61M) 0.647ms
[18.972s][info ][gc,cpu         ] GC(3271) User=0.00s Sys=0.00s Real=0.00s
[18.973s][info ][gc,start       ] GC(3272) Pause Young (Allocation Failure)
[18.974s][debug][gc,age         ] GC(3272) Desired survivor size 1114112 bytes, new threshold 1 (max threshold 15)
[18.974s][info ][gc,heap        ] GC(3272) DefNew: 19096K->1955K(19648K)
[18.974s][info ][gc,heap        ] GC(3272) Tenured: 9787K->10959K(43712K)
[18.974s][info ][gc,metaspace   ] GC(3272) Metaspace: 16404K->16404K(1064960K)
[18.974s][info ][gc             ] GC(3272) Pause Young (Allocation Failure) 28M->12M(61M) 0.721ms
[18.974s][info ][gc,cpu         ] GC(3272) User=0.00s Sys=0.00s Real=0.00s
[18.975s][info ][gc,start       ] GC(3273) Pause Young (Allocation Failure)
[18.976s][debug][gc,age         ] GC(3273) Desired survivor size 1114112 bytes, new threshold 1 (max threshold 15)
[18.976s][info ][gc,heap        ] GC(3273) DefNew: 19095K->1955K(19648K)
[18.976s][info ][gc,heap        ] GC(3273) Tenured: 10959K->10959K(43712K)
[18.976s][info ][gc,metaspace   ] GC(3273) Metaspace: 16404K->16404K(1064960K)
[18.976s][info ][gc             ] GC(3273) Pause Young (Allocation Failure) 29M->12M(61M) 0.590ms
[18.976s][info ][gc,cpu         ] GC(3273) User=0.00s Sys=0.00s Real=0.00s
[18.977s][info ][gc,start       ] GC(3274) Pause Young (Allocation Failure)
[18.978s][debug][gc,age         ] GC(3274) Desired survivor size 1114112 bytes, new threshold 1 (max threshold 15)
[18.978s][info ][gc,heap        ] GC(3274) DefNew: 19095K->1955K(19648K)
[18.978s][info ][gc,heap        ] GC(3274) Tenured: 10959K->11350K(43712K)
[18.978s][info ][gc,metaspace   ] GC(3274) Metaspace: 16404K->16404K(1064960K)
[18.978s][info ][gc             ] GC(3274) Pause Young (Allocation Failure) 29M->12M(61M) 0.585ms
[18.978s][info ][gc,cpu         ] GC(3274) User=0.00s Sys=0.00s Real=0.00s
[18.979s][info ][gc,start       ] GC(3275) Pause Young (Allocation Failure)
[18.980s][debug][gc,age         ] GC(3275) Desired survivor size 1114112 bytes, new threshold 1 (max threshold 15)
[18.980s][info ][gc,heap        ] GC(3275) DefNew: 19096K->1955K(19648K)
[18.980s][info ][gc,heap        ] GC(3275) Tenured: 11350K->12131K(43712K)
[18.980s][info ][gc,metaspace   ] GC(3275) Metaspace: 16404K->16404K(1064960K)
[18.980s][info ][gc             ] GC(3275) Pause Young (Allocation Failure) 29M->13M(61M) 0.763ms
[18.980s][info ][gc,cpu         ] GC(3275) User=0.00s Sys=0.00s Real=0.00s
[18.981s][info ][gc,start       ] GC(3276) Pause Young (Allocation Failure)
[18.982s][debug][gc,age         ] GC(3276) Desired survivor size 1114112 bytes, new threshold 1 (max threshold 15)
[18.982s][info ][gc,heap        ] GC(3276) DefNew: 19096K->1955K(19648K)
[18.982s][info ][gc,heap        ] GC(3276) Tenured: 12131K->12522K(43712K)
[18.982s][info ][gc,metaspace   ] GC(3276) Metaspace: 16404K->16404K(1064960K)
[18.982s][info ][gc             ] GC(3276) Pause Young (Allocation Failure) 30M->14M(61M) 0.614ms
[18.982s][info ][gc,cpu         ] GC(3276) User=0.00s Sys=0.00s Real=0.00s
[18.983s][info ][gc,start       ] GC(3277) Pause Young (Allocation Failure)
[18.984s][debug][gc,age         ] GC(3277) Desired survivor size 1114112 bytes, new threshold 1 (max threshold 15)
[18.984s][info ][gc,heap        ] GC(3277) DefNew: 19095K->1955K(19648K)
[18.984s][info ][gc,heap        ] GC(3277) Tenured: 12522K->12522K(43712K)
[18.984s][info ][gc,metaspace   ] GC(3277) Metaspace: 16404K->16404K(1064960K)
[18.984s][info ][gc             ] GC(3277) Pause Young (Allocation Failure) 30M->14M(61M) 0.586ms
[18.984s][info ][gc,cpu         ] GC(3277) User=0.00s Sys=0.00s Real=0.00s
[18.985s][info ][gc,start       ] GC(3278) Pause Young (Allocation Failure)
[18.986s][debug][gc,age         ] GC(3278) Desired survivor size 1114112 bytes, new threshold 1 (max threshold 15)
[18.986s][info ][gc,heap        ] GC(3278) DefNew: 19095K->1955K(19648K)
[18.986s][info ][gc,heap        ] GC(3278) Tenured: 12522K->12912K(43712K)
[18.986s][info ][gc,metaspace   ] GC(3278) Metaspace: 16404K->16404K(1064960K)
[18.986s][info ][gc             ] GC(3278) Pause Young (Allocation Failure) 30M->14M(61M) 0.633ms
[18.986s][info ][gc,cpu         ] GC(3278) User=0.00s Sys=0.00s Real=0.00s
[18.987s][info ][gc,start       ] GC(3279) Pause Young (Allocation Failure)
[18.988s][debug][gc,age         ] GC(3279) Desired survivor size 1114112 bytes, new threshold 1 (max threshold 15)
[18.988s][info ][gc,heap        ] GC(3279) DefNew: 19096K->1955K(19648K)
[18.988s][info ][gc,heap        ] GC(3279) Tenured: 12912K->12912K(43712K)
[18.988s][info ][gc,metaspace   ] GC(3279) Metaspace: 16404K->16404K(1064960K)
[18.988s][info ][gc             ] GC(3279) Pause Young (Allocation Failure) 31M->14M(61M) 0.548ms
[18.988s][info ][gc,cpu         ] GC(3279) User=0.00s Sys=0.00s Real=0.00s
[18.989s][info ][gc,start       ] GC(3280) Pause Young (Allocation Failure)
[18.990s][debug][gc,age         ] GC(3280) Desired survivor size 1114112 bytes, new threshold 1 (max threshold 15)
[18.990s][info ][gc,heap        ] GC(3280) DefNew: 19095K->1955K(19648K)
[18.990s][info ][gc,heap        ] GC(3280) Tenured: 12912K->13694K(43712K)
[18.990s][info ][gc,metaspace   ] GC(3280) Metaspace: 16404K->16404K(1064960K)
[18.990s][info ][gc             ] GC(3280) Pause Young (Allocation Failure) 31M->15M(61M) 0.810ms
[18.990s][info ][gc,cpu         ] GC(3280) User=0.00s Sys=0.00s Real=0.01s
[18.991s][info ][gc,start       ] GC(3281) Pause Young (Allocation Failure)
[18.992s][debug][gc,age         ] GC(3281) Desired survivor size 1114112 bytes, new threshold 1 (max threshold 15)
[18.992s][info ][gc,heap        ] GC(3281) DefNew: 19095K->1955K(19648K)
[18.992s][info ][gc,heap        ] GC(3281) Tenured: 13694K->14475K(43712K)
[18.992s][info ][gc,metaspace   ] GC(3281) Metaspace: 16404K->16404K(1064960K)
[18.992s][info ][gc             ] GC(3281) Pause Young (Allocation Failure) 32M->16M(61M) 0.621ms
[18.992s][info ][gc,cpu         ] GC(3281) User=0.00s Sys=0.00s Real=0.00s
[18.993s][info ][gc,start       ] GC(3282) Pause Young (Allocation Failure)
[18.994s][debug][gc,age         ] GC(3282) Desired survivor size 1114112 bytes, new threshold 1 (max threshold 15)
[18.994s][info ][gc,heap        ] GC(3282) DefNew: 19095K->1955K(19648K)
[18.994s][info ][gc,heap        ] GC(3282) Tenured: 14475K->14866K(43712K)
[18.994s][info ][gc,metaspace   ] GC(3282) Metaspace: 16404K->16404K(1064960K)
[18.994s][info ][gc             ] GC(3282) Pause Young (Allocation Failure) 32M->16M(61M) 0.645ms
[18.994s][info ][gc,cpu         ] GC(3282) User=0.00s Sys=0.00s Real=0.00s
[18.995s][info ][gc,start       ] GC(3283) Pause Young (Allocation Failure)
[18.996s][debug][gc,age         ] GC(3283) Desired survivor size 1114112 bytes, new threshold 1 (max threshold 15)
[18.996s][info ][gc,heap        ] GC(3283) DefNew: 19095K->1955K(19648K)
[18.996s][info ][gc,heap        ] GC(3283) Tenured: 14866K->15648K(43712K)
[18.996s][info ][gc,metaspace   ] GC(3283) Metaspace: 16404K->16404K(1064960K)
[18.996s][info ][gc             ] GC(3283) Pause Young (Allocation Failure) 33M->17M(61M) 0.650ms
[18.996s][info ][gc,cpu         ] GC(3283) User=0.00s Sys=0.00s Real=0.00s
[18.997s][info ][gc,start       ] GC(3284) Pause Young (Allocation Failure)
[18.998s][debug][gc,age         ] GC(3284) Desired survivor size 1114112 bytes, new threshold 1 (max threshold 15)
[18.998s][info ][gc,heap        ] GC(3284) DefNew: 19095K->1955K(19648K)
[18.998s][info ][gc,heap        ] GC(3284) Tenured: 15648K->16038K(43712K)
[18.998s][info ][gc,metaspace   ] GC(3284) Metaspace: 16404K->16404K(1064960K)
[18.998s][info ][gc             ] GC(3284) Pause Young (Allocation Failure) 33M->17M(61M) 0.707ms
[18.998s][info ][gc,cpu         ] GC(3284) User=0.01s Sys=0.00s Real=0.00s
[18.999s][info ][gc,start       ] GC(3285) Pause Young (Allocation Failure)
[19.000s][debug][gc,age         ] GC(3285) Desired survivor size 1114112 bytes, new threshold 1 (max threshold 15)
[19.000s][info ][gc,heap        ] GC(3285) DefNew: 19065K->1955K(19648K)
[19.000s][info ][gc,heap        ] GC(3285) Tenured: 16038K->16820K(43712K)
[19.000s][info ][gc,metaspace   ] GC(3285) Metaspace: 16404K->16404K(1064960K)
[19.000s][info ][gc             ] GC(3285) Pause Young (Allocation Failure) 34M->18M(61M) 0.805ms
[19.000s][info ][gc,cpu         ] GC(3285) User=0.00s Sys=0.00s Real=0.00s
[19.001s][info ][gc,start       ] GC(3286) Pause Young (Allocation Failure)
[19.002s][debug][gc,age         ] GC(3286) Desired survivor size 1114112 bytes, new threshold 1 (max threshold 15)
[19.002s][info ][gc,heap        ] GC(3286) DefNew: 19106K->1564K(19648K)
[19.002s][info ][gc,heap        ] GC(3286) Tenured: 16820K->17211K(43712K)
[19.002s][info ][gc,metaspace   ] GC(3286) Metaspace: 16404K->16404K(1064960K)
[19.002s][info ][gc             ] GC(3286) Pause Young (Allocation Failure) 35M->18M(61M) 0.550ms
[19.002s][info ][gc,cpu         ] GC(3286) User=0.00s Sys=0.00s Real=0.00s
[19.003s][info ][gc,start       ] GC(3287) Pause Young (Allocation Failure)
[19.004s][debug][gc,age         ] GC(3287) Desired survivor size 1114112 bytes, new threshold 1 (max threshold 15)
[19.004s][info ][gc,heap        ] GC(3287) DefNew: 18712K->1173K(19648K)
[19.004s][info ][gc,heap        ] GC(3287) Tenured: 17211K->17211K(43712K)
[19.004s][info ][gc,metaspace   ] GC(3287) Metaspace: 16404K->16404K(1064960K)
[19.004s][info ][gc             ] GC(3287) Pause Young (Allocation Failure) 35M->17M(61M) 0.505ms
[19.004s][info ][gc,cpu         ] GC(3287) User=0.00s Sys=0.00s Real=0.00s
[19.005s][info ][gc,start       ] GC(3288) Pause Young (Allocation Failure)
[19.006s][debug][gc,age         ] GC(3288) Desired survivor size 1114112 bytes, new threshold 1 (max threshold 15)
[19.006s][info ][gc,heap        ] GC(3288) DefNew: 18318K->1955K(19648K)
[19.006s][info ][gc,heap        ] GC(3288) Tenured: 17211K->17602K(43712K)
[19.006s][info ][gc,metaspace   ] GC(3288) Metaspace: 16404K->16404K(1064960K)
[19.006s][info ][gc             ] GC(3288) Pause Young (Allocation Failure) 34M->19M(61M) 0.683ms
[19.006s][info ][gc,cpu         ] GC(3288) User=0.00s Sys=0.00s Real=0.00s
[19.007s][info ][gc,start       ] GC(3289) Pause Young (Allocation Failure)
[19.008s][debug][gc,age         ] GC(3289) Desired survivor size 1114112 bytes, new threshold 1 (max threshold 15)
[19.008s][info ][gc,heap        ] GC(3289) DefNew: 19051K->1955K(19648K)
[19.008s][info ][gc,heap        ] GC(3289) Tenured: 17602K->18774K(43712K)
[19.008s][info ][gc,metaspace   ] GC(3289) Metaspace: 16404K->16404K(1064960K)
[19.008s][info ][gc             ] GC(3289) Pause Young (Allocation Failure) 35M->20M(61M) 0.822ms
[19.008s][info ][gc,cpu         ] GC(3289) User=0.00s Sys=0.00s Real=0.00s
[19.009s][info ][gc,start       ] GC(3290) Pause Young (Allocation Failure)
[19.010s][debug][gc,age         ] GC(3290) Desired survivor size 1114112 bytes, new threshold 1 (max threshold 15)
[19.010s][info ][gc,heap        ] GC(3290) DefNew: 19111K->1955K(19648K)
[19.010s][info ][gc,heap        ] GC(3290) Tenured: 18774K->19556K(43712K)
[19.010s][info ][gc,metaspace   ] GC(3290) Metaspace: 16404K->16404K(1064960K)
[19.010s][info ][gc             ] GC(3290) Pause Young (Allocation Failure) 36M->21M(61M) 0.790ms
[19.010s][info ][gc,cpu         ] GC(3290) User=0.00s Sys=0.00s Real=0.00s
[19.011s][info ][gc,start       ] GC(3291) Pause Young (Allocation Failure)
[19.012s][debug][gc,age         ] GC(3291) Desired survivor size 1114112 bytes, new threshold 1 (max threshold 15)
[19.012s][info ][gc,heap        ] GC(3291) DefNew: 19106K->1955K(19648K)
[19.012s][info ][gc,heap        ] GC(3291) Tenured: 19556K->20337K(43712K)
[19.012s][info ][gc,metaspace   ] GC(3291) Metaspace: 16404K->16404K(1064960K)
[19.012s][info ][gc             ] GC(3291) Pause Young (Allocation Failure) 37M->21M(61M) 0.598ms
[19.012s][info ][gc,cpu         ] GC(3291) User=0.00s Sys=0.00s Real=0.00s
[19.013s][info ][gc,start       ] GC(3292) Pause Young (Allocation Failure)
[19.014s][debug][gc,age         ] GC(3292) Desired survivor size 1114112 bytes, new threshold 1 (max threshold 15)
[19.014s][info ][gc,heap        ] GC(3292) DefNew: 19102K->1955K(19648K)
[19.014s][info ][gc,heap        ] GC(3292) Tenured: 20337K->21118K(43712K)
[19.014s][info ][gc,metaspace   ] GC(3292) Metaspace: 16404K->16404K(1064960K)
[19.014s][info ][gc             ] GC(3292) Pause Young (Allocation Failure) 38M->22M(61M) 0.596ms
[19.014s][info ][gc,cpu         ] GC(3292) User=0.00s Sys=0.00s Real=0.00s
[19.015s][info ][gc,start       ] GC(3293) Pause Young (Allocation Failure)
[19.016s][debug][gc,age         ] GC(3293) Desired survivor size 1114112 bytes, new threshold 1 (max threshold 15)
[19.016s][info ][gc,heap        ] GC(3293) DefNew: 19099K->1955K(19648K)
[19.016s][info ][gc,heap        ] GC(3293) Tenured: 21118K->21119K(43712K)
[19.016s][info ][gc,metaspace   ] GC(3293) Metaspace: 16404K->16404K(1064960K)
[19.016s][info ][gc             ] GC(3293) Pause Young (Allocation Failure) 39M->22M(61M) 0.567ms
[19.016s][info ][gc,cpu         ] GC(3293) User=0.00s Sys=0.00s Real=0.00s
[19.017s][info ][gc,start       ] GC(3294) Pause Young (Allocation Failure)
[19.018s][debug][gc,age         ] GC(3294) Desired survivor size 1114112 bytes, new threshold 1 (max threshold 15)
[19.018s][info ][gc,heap        ] GC(3294) DefNew: 19098K->1564K(19648K)
[19.018s][info ][gc,heap        ] GC(3294) Tenured: 21119K->21119K(43712K)
[19.018s][info ][gc,metaspace   ] GC(3294) Metaspace: 16404K->16404K(1064960K)
[19.018s][info ][gc             ] GC(3294) Pause Young (Allocation Failure) 39M->22M(61M) 0.634ms
[19.018s][info ][gc,cpu         ] GC(3294) User=0.00s Sys=0.00s Real=0.00s
[19.019s][info ][gc,start       ] GC(3295) Pause Young (Allocation Failure)
[19.020s][debug][gc,age         ] GC(3295) Desired survivor size 1114112 bytes, new threshold 1 (max threshold 15)
[19.020s][info ][gc,heap        ] GC(3295) DefNew: 18707K->1955K(19648K)
[19.020s][info ][gc,heap        ] GC(3295) Tenured: 21119K->21509K(43712K)
[19.020s][info ][gc,metaspace   ] GC(3295) Metaspace: 16404K->16404K(1064960K)
[19.020s][info ][gc             ] GC(3295) Pause Young (Allocation Failure) 38M->22M(61M) 0.673ms
[19.020s][info ][gc,cpu         ] GC(3295) User=0.00s Sys=0.00s Real=0.01s
[19.021s][info ][gc,start       ] GC(3296) Pause Young (Allocation Failure)
[19.021s][debug][gc,age         ] GC(3296) Desired survivor size 1114112 bytes, new threshold 1 (max threshold 15)
[19.022s][info ][gc,heap        ] GC(3296) DefNew: 19097K->1955K(19648K)
[19.022s][info ][gc,heap        ] GC(3296) Tenured: 21509K->21509K(43712K)
[19.022s][info ][gc,metaspace   ] GC(3296) Metaspace: 16404K->16404K(1064960K)
[19.022s][info ][gc             ] GC(3296) Pause Young (Allocation Failure) 39M->22M(61M) 0.538ms
[19.022s][info ][gc,cpu         ] GC(3296) User=0.00s Sys=0.00s Real=0.00s
[19.023s][info ][gc,start       ] GC(3297) Pause Young (Allocation Failure)
[19.023s][debug][gc,age         ] GC(3297) Desired survivor size 1114112 bytes, new threshold 1 (max threshold 15)
[19.023s][info ][gc,heap        ] GC(3297) DefNew: 19096K->1955K(19648K)
[19.023s][info ][gc,heap        ] GC(3297) Tenured: 21509K->21900K(43712K)
[19.023s][info ][gc,metaspace   ] GC(3297) Metaspace: 16404K->16404K(1064960K)
[19.023s][info ][gc             ] GC(3297) Pause Young (Allocation Failure) 39M->23M(61M) 0.576ms
[19.023s][info ][gc,cpu         ] GC(3297) User=0.00s Sys=0.00s Real=0.00s
[19.025s][info ][gc,start       ] GC(3298) Pause Young (Allocation Failure)
[19.025s][debug][gc,age         ] GC(3298) Desired survivor size 1114112 bytes, new threshold 1 (max threshold 15)
[19.025s][info ][gc,heap        ] GC(3298) DefNew: 19096K->1955K(19648K)
[19.025s][info ][gc,heap        ] GC(3298) Tenured: 21900K->23072K(43712K)
[19.025s][info ][gc,metaspace   ] GC(3298) Metaspace: 16404K->16404K(1064960K)
[19.025s][info ][gc             ] GC(3298) Pause Young (Allocation Failure) 40M->24M(61M) 0.657ms
[19.025s][info ][gc,cpu         ] GC(3298) User=0.00s Sys=0.00s Real=0.00s
[19.027s][info ][gc,start       ] GC(3299) Pause Young (Allocation Failure)
[19.027s][debug][gc,age         ] GC(3299) Desired survivor size 1114112 bytes, new threshold 1 (max threshold 15)
[19.027s][info ][gc,heap        ] GC(3299) DefNew: 19096K->1955K(19648K)
[19.027s][info ][gc,heap        ] GC(3299) Tenured: 23072K->24244K(43712K)
[19.027s][info ][gc,metaspace   ] GC(3299) Metaspace: 16404K->16404K(1064960K)
[19.027s][info ][gc             ] GC(3299) Pause Young (Allocation Failure) 41M->25M(61M) 0.770ms
[19.027s][info ][gc,cpu         ] GC(3299) User=0.00s Sys=0.00s Real=0.00s
[19.029s][info ][gc,start       ] GC(3300) Pause Young (Allocation Failure)
[19.029s][debug][gc,age         ] GC(3300) Desired survivor size 1114112 bytes, new threshold 1 (max threshold 15)
[19.029s][info ][gc,heap        ] GC(3300) DefNew: 19096K->1955K(19648K)
[19.029s][info ][gc,heap        ] GC(3300) Tenured: 24244K->24635K(43712K)
[19.029s][info ][gc,metaspace   ] GC(3300) Metaspace: 16404K->16404K(1064960K)
[19.029s][info ][gc             ] GC(3300) Pause Young (Allocation Failure) 42M->25M(61M) 0.671ms
[19.029s][info ][gc,cpu         ] GC(3300) User=0.00s Sys=0.00s Real=0.01s
[19.031s][info ][gc,start       ] GC(3301) Pause Young (Allocation Failure)
[19.031s][debug][gc,age         ] GC(3301) Desired survivor size 1114112 bytes, new threshold 1 (max threshold 15)
[19.031s][info ][gc,heap        ] GC(3301) DefNew: 19096K->1955K(19648K)
[19.031s][info ][gc,heap        ] GC(3301) Tenured: 24635K->25416K(43712K)
[19.031s][info ][gc,metaspace   ] GC(3301) Metaspace: 16404K->16404K(1064960K)
[19.031s][info ][gc             ] GC(3301) Pause Young (Allocation Failure) 42M->26M(61M) 0.641ms
[19.031s][info ][gc,cpu         ] GC(3301) User=0.00s Sys=0.00s Real=0.00s
[19.033s][info ][gc,start       ] GC(3302) Pause Young (Allocation Failure)
[19.033s][debug][gc,age         ] GC(3302) Desired survivor size 1114112 bytes, new threshold 1 (max threshold 15)
[19.033s][info ][gc,heap        ] GC(3302) DefNew: 19095K->1564K(19648K)
[19.033s][info ][gc,heap        ] GC(3302) Tenured: 25416K->25416K(43712K)
[19.033s][info ][gc,metaspace   ] GC(3302) Metaspace: 16404K->16404K(1064960K)
[19.033s][info ][gc             ] GC(3302) Pause Young (Allocation Failure) 43M->26M(61M) 0.576ms
[19.033s][info ][gc,cpu         ] GC(3302) User=0.00s Sys=0.00s Real=0.00s
[19.035s][info ][gc,start       ] GC(3303) Pause Young (Allocation Failure)
[19.035s][debug][gc,age         ] GC(3303) Desired survivor size 1114112 bytes, new threshold 1 (max threshold 15)
[19.035s][info ][gc,heap        ] GC(3303) DefNew: 18705K->1955K(19648K)
[19.035s][info ][gc,heap        ] GC(3303) Tenured: 25416K->26197K(43712K)
[19.035s][info ][gc,metaspace   ] GC(3303) Metaspace: 16404K->16404K(1064960K)
[19.035s][info ][gc             ] GC(3303) Pause Young (Allocation Failure) 43M->27M(61M) 0.600ms
[19.035s][info ][gc,cpu         ] GC(3303) User=0.00s Sys=0.00s Real=0.00s
[19.037s][info ][gc,start       ] GC(3304) Pause Young (Allocation Failure)
[19.037s][debug][gc,age         ] GC(3304) Desired survivor size 1114112 bytes, new threshold 1 (max threshold 15)
[19.037s][info ][gc,heap        ] GC(3304) DefNew: 19096K->1955K(19648K)
[19.037s][info ][gc,heap        ] GC(3304) Tenured: 26197K->27369K(43712K)
[19.037s][info ][gc,metaspace   ] GC(3304) Metaspace: 16404K->16404K(1064960K)
[19.037s][info ][gc             ] GC(3304) Pause Young (Allocation Failure) 44M->28M(61M) 0.643ms
[19.037s][info ][gc,cpu         ] GC(3304) User=0.00s Sys=0.00s Real=0.00s
[19.039s][info ][gc,start       ] GC(3305) Pause Young (Allocation Failure)
[19.039s][debug][gc,age         ] GC(3305) Desired survivor size 1114112 bytes, new threshold 1 (max threshold 15)
[19.039s][info ][gc,heap        ] GC(3305) DefNew: 19096K->1955K(19648K)
[19.039s][info ][gc,heap        ] GC(3305) Tenured: 27369K->27369K(43712K)
[19.039s][info ][gc,metaspace   ] GC(3305) Metaspace: 16404K->16404K(1064960K)
[19.039s][info ][gc             ] GC(3305) Pause Young (Allocation Failure) 45M->28M(61M) 0.587ms
[19.039s][info ][gc,cpu         ] GC(3305) User=0.00s Sys=0.00s Real=0.00s
[19.040s][info ][gc,start       ] GC(3306) Pause Young (Allocation Failure)
[19.041s][debug][gc,age         ] GC(3306) Desired survivor size 1114112 bytes, new threshold 1 (max threshold 15)
[19.041s][info ][gc,heap        ] GC(3306) DefNew: 19096K->1955K(19648K)
[19.041s][info ][gc,heap        ] GC(3306) Tenured: 27369K->28541K(43712K)
[19.041s][info ][gc,metaspace   ] GC(3306) Metaspace: 16404K->16404K(1064960K)
[19.041s][info ][gc             ] GC(3306) Pause Young (Allocation Failure) 45M->29M(61M) 0.778ms
[19.041s][info ][gc,cpu         ] GC(3306) User=0.00s Sys=0.00s Real=0.00s
[19.043s][info ][gc,start       ] GC(3307) Pause Young (Allocation Failure)
[19.043s][debug][gc,age         ] GC(3307) Desired survivor size 1114112 bytes, new threshold 1 (max threshold 15)
[19.043s][info ][gc,heap        ] GC(3307) DefNew: 19096K->1174K(19648K)
[19.043s][info ][gc,heap        ] GC(3307) Tenured: 28541K->28541K(43712K)
[19.043s][info ][gc,metaspace   ] GC(3307) Metaspace: 16404K->16404K(1064960K)
[19.043s][info ][gc             ] GC(3307) Pause Young (Allocation Failure) 46M->29M(61M) 0.491ms
[19.043s][info ][gc,cpu         ] GC(3307) User=0.00s Sys=0.00s Real=0.00s
[19.044s][info ][gc,start       ] GC(3308) Pause Young (Allocation Failure)
[19.045s][debug][gc,age         ] GC(3308) Desired survivor size 1114112 bytes, new threshold 1 (max threshold 15)
[19.045s][info ][gc,heap        ] GC(3308) DefNew: 18314K->1955K(19648K)
[19.045s][info ][gc,heap        ] GC(3308) Tenured: 28541K->29322K(43712K)
[19.045s][info ][gc,metaspace   ] GC(3308) Metaspace: 16404K->16404K(1064960K)
[19.045s][info ][gc             ] GC(3308) Pause Young (Allocation Failure) 45M->30M(61M) 0.693ms
[19.045s][info ][gc,cpu         ] GC(3308) User=0.00s Sys=0.00s Real=0.00s
[19.046s][info ][gc,start       ] GC(3309) Pause Young (Allocation Failure)
[19.047s][debug][gc,age         ] GC(3309) Desired survivor size 1114112 bytes, new threshold 1 (max threshold 15)
[19.047s][info ][gc,heap        ] GC(3309) DefNew: 19095K->1955K(19648K)
[19.047s][info ][gc,heap        ] GC(3309) Tenured: 29322K->29713K(43712K)
[19.047s][info ][gc,metaspace   ] GC(3309) Metaspace: 16404K->16404K(1064960K)
[19.047s][info ][gc             ] GC(3309) Pause Young (Allocation Failure) 47M->30M(61M) 0.686ms
[19.047s][info ][gc,cpu         ] GC(3309) User=0.00s Sys=0.00s Real=0.00s
[19.048s][info ][gc,start       ] GC(3310) Pause Young (Allocation Failure)
[19.049s][debug][gc,age         ] GC(3310) Desired survivor size 1114112 bytes, new threshold 1 (max threshold 15)
[19.049s][info ][gc,heap        ] GC(3310) DefNew: 19061K->1955K(19648K)
[19.049s][info ][gc,heap        ] GC(3310) Tenured: 29713K->30495K(43712K)
[19.049s][info ][gc,metaspace   ] GC(3310) Metaspace: 16404K->16404K(1064960K)
[19.049s][info ][gc             ] GC(3310) Pause Young (Allocation Failure) 47M->31M(61M) 0.733ms
[19.049s][info ][gc,cpu         ] GC(3310) User=0.00s Sys=0.00s Real=0.00s
[19.050s][info ][gc,start       ] GC(3311) Pause Young (Allocation Failure)
[19.051s][debug][gc,age         ] GC(3311) Desired survivor size 1114112 bytes, new threshold 1 (max threshold 15)
[19.051s][info ][gc,heap        ] GC(3311) DefNew: 19108K->1955K(19648K)
[19.051s][info ][gc,heap        ] GC(3311) Tenured: 30495K->30495K(43712K)
[19.051s][info ][gc,metaspace   ] GC(3311) Metaspace: 16404K->16404K(1064960K)
[19.051s][info ][gc             ] GC(3311) Pause Young (Allocation Failure) 48M->31M(61M) 0.767ms
[19.051s][info ][gc,cpu         ] GC(3311) User=0.00s Sys=0.00s Real=0.00s
[19.052s][info ][gc,start       ] GC(3312) Pause Young (Allocation Failure)
[19.053s][debug][gc,age         ] GC(3312) Desired survivor size 1114112 bytes, new threshold 1 (max threshold 15)
[19.053s][info ][gc,heap        ] GC(3312) DefNew: 19103K->1955K(19648K)
[19.053s][info ][gc,heap        ] GC(3312) Tenured: 30495K->31276K(43712K)
[19.053s][info ][gc,metaspace   ] GC(3312) Metaspace: 16404K->16404K(1064960K)
[19.053s][info ][gc             ] GC(3312) Pause Young (Allocation Failure) 48M->32M(61M) 0.759ms
[19.053s][info ][gc,cpu         ] GC(3312) User=0.00s Sys=0.00s Real=0.00s
[19.055s][info ][gc,start       ] GC(3313) Pause Young (Allocation Failure)
[19.055s][debug][gc,age         ] GC(3313) Desired survivor size 1114112 bytes, new threshold 1 (max threshold 15)
[19.055s][info ][gc,heap        ] GC(3313) DefNew: 19101K->1173K(19648K)
[19.055s][info ][gc,heap        ] GC(3313) Tenured: 31276K->31276K(43712K)
[19.055s][info ][gc,metaspace   ] GC(3313) Metaspace: 16404K->16404K(1064960K)
[19.055s][info ][gc             ] GC(3313) Pause Young (Allocation Failure) 49M->31M(61M) 0.472ms
[19.055s][info ][gc,cpu         ] GC(3313) User=0.00s Sys=0.00s Real=0.00s
[19.056s][info ][gc,start       ] GC(3314) Pause Young (Allocation Failure)
[19.057s][debug][gc,age         ] GC(3314) Desired survivor size 1114112 bytes, new threshold 1 (max threshold 15)
[19.057s][info ][gc,heap        ] GC(3314) DefNew: 18317K->1955K(19648K)
[19.057s][info ][gc,heap        ] GC(3314) Tenured: 31276K->32057K(43712K)
[19.057s][info ][gc,metaspace   ] GC(3314) Metaspace: 16404K->16404K(1064960K)
[19.057s][info ][gc             ] GC(3314) Pause Young (Allocation Failure) 48M->33M(61M) 0.622ms
[19.057s][info ][gc,cpu         ] GC(3314) User=0.00s Sys=0.00s Real=0.00s
[19.058s][info ][gc,start       ] GC(3315) Pause Young (Allocation Failure)
[19.059s][debug][gc,age         ] GC(3315) Desired survivor size 1114112 bytes, new threshold 1 (max threshold 15)
[19.059s][info ][gc,heap        ] GC(3315) DefNew: 19427K->1954K(19648K)
[19.059s][info ][gc,heap        ] GC(3315) Tenured: 32057K->32448K(43712K)
[19.059s][info ][gc,metaspace   ] GC(3315) Metaspace: 16404K->16404K(1064960K)
[19.059s][info ][gc             ] GC(3315) Pause Young (Allocation Failure) 50M->33M(61M) 0.579ms
[19.059s][info ][gc,cpu         ] GC(3315) User=0.00s Sys=0.00s Real=0.00s
[19.060s][info ][gc,start       ] GC(3316) Pause Young (Allocation Failure)
[19.061s][debug][gc,age         ] GC(3316) Desired survivor size 1114112 bytes, new threshold 1 (max threshold 15)
[19.061s][info ][gc,heap        ] GC(3316) DefNew: 19112K->1955K(19648K)
[19.061s][info ][gc,heap        ] GC(3316) Tenured: 32448K->33230K(43712K)
[19.061s][info ][gc,metaspace   ] GC(3316) Metaspace: 16404K->16404K(1064960K)
[19.061s][info ][gc             ] GC(3316) Pause Young (Allocation Failure) 50M->34M(61M) 0.727ms
[19.061s][info ][gc,cpu         ] GC(3316) User=0.00s Sys=0.00s Real=0.00s
[19.062s][info ][gc,start       ] GC(3317) Pause Young (Allocation Failure)
[19.063s][debug][gc,age         ] GC(3317) Desired survivor size 1114112 bytes, new threshold 1 (max threshold 15)
[19.063s][info ][gc,heap        ] GC(3317) DefNew: 19106K->1955K(19648K)
[19.063s][info ][gc,heap        ] GC(3317) Tenured: 33230K->33230K(43712K)
[19.063s][info ][gc,metaspace   ] GC(3317) Metaspace: 16404K->16404K(1064960K)
[19.063s][info ][gc             ] GC(3317) Pause Young (Allocation Failure) 51M->34M(61M) 0.603ms
[19.063s][info ][gc,cpu         ] GC(3317) User=0.00s Sys=0.00s Real=0.00s
[19.064s][info ][gc,start       ] GC(3318) Pause Young (Allocation Failure)
[19.065s][debug][gc,age         ] GC(3318) Desired survivor size 1114112 bytes, new threshold 1 (max threshold 15)
[19.065s][info ][gc,heap        ] GC(3318) DefNew: 19102K->1955K(19648K)
[19.065s][info ][gc,heap        ] GC(3318) Tenured: 33230K->34011K(43712K)
[19.065s][info ][gc,metaspace   ] GC(3318) Metaspace: 16404K->16404K(1064960K)
[19.065s][info ][gc             ] GC(3318) Pause Young (Allocation Failure) 51M->35M(61M) 0.651ms
[19.065s][info ][gc,cpu         ] GC(3318) User=0.00s Sys=0.00s Real=0.00s
[19.066s][info ][gc,start       ] GC(3319) Pause Young (Allocation Failure)
[19.067s][debug][gc,age         ] GC(3319) Desired survivor size 1114112 bytes, new threshold 1 (max threshold 15)
[19.067s][info ][gc,heap        ] GC(3319) DefNew: 19100K->1955K(19648K)
[19.067s][info ][gc,heap        ] GC(3319) Tenured: 34011K->35183K(43712K)
[19.067s][info ][gc,metaspace   ] GC(3319) Metaspace: 16404K->16404K(1064960K)
[19.067s][info ][gc             ] GC(3319) Pause Young (Allocation Failure) 51M->36M(61M) 0.756ms
[19.067s][info ][gc,cpu         ] GC(3319) User=0.00s Sys=0.00s Real=0.00s
[19.068s][info ][gc,start       ] GC(3320) Pause Young (Allocation Failure)
[19.069s][debug][gc,age         ] GC(3320) Desired survivor size 1114112 bytes, new threshold 1 (max threshold 15)
[19.069s][info ][gc,heap        ] GC(3320) DefNew: 19098K->1955K(19648K)
[19.069s][info ][gc,heap        ] GC(3320) Tenured: 35183K->35183K(43712K)
[19.069s][info ][gc,metaspace   ] GC(3320) Metaspace: 16404K->16404K(1064960K)
[19.069s][info ][gc             ] GC(3320) Pause Young (Allocation Failure) 53M->36M(61M) 0.580ms
[19.069s][info ][gc,cpu         ] GC(3320) User=0.00s Sys=0.00s Real=0.00s
[19.070s][info ][gc,start       ] GC(3321) Pause Young (Allocation Failure)
[19.071s][debug][gc,age         ] GC(3321) Desired survivor size 1114112 bytes, new threshold 1 (max threshold 15)
[19.071s][info ][gc,heap        ] GC(3321) DefNew: 19097K->1955K(19648K)
[19.071s][info ][gc,heap        ] GC(3321) Tenured: 35183K->35574K(43712K)
[19.071s][info ][gc,metaspace   ] GC(3321) Metaspace: 16404K->16404K(1064960K)
[19.071s][info ][gc             ] GC(3321) Pause Young (Allocation Failure) 53M->36M(61M) 0.576ms
[19.071s][info ][gc,cpu         ] GC(3321) User=0.00s Sys=0.00s Real=0.00s
[19.072s][info ][gc,start       ] GC(3322) Pause Young (Allocation Failure)
[19.073s][debug][gc,age         ] GC(3322) Desired survivor size 1114112 bytes, new threshold 1 (max threshold 15)
[19.073s][info ][gc,heap        ] GC(3322) DefNew: 19097K->1955K(19648K)
[19.073s][info ][gc,heap        ] GC(3322) Tenured: 35574K->35964K(43712K)
[19.073s][info ][gc,metaspace   ] GC(3322) Metaspace: 16404K->16404K(1064960K)
[19.073s][info ][gc             ] GC(3322) Pause Young (Allocation Failure) 53M->37M(61M) 0.689ms
[19.073s][info ][gc,cpu         ] GC(3322) User=0.00s Sys=0.00s Real=0.00s
[19.074s][info ][gc,start       ] GC(3323) Pause Young (Allocation Failure)
[19.074s][debug][gc,age         ] GC(3323) Desired survivor size 1114112 bytes, new threshold 1 (max threshold 15)
[19.074s][info ][gc,heap        ] GC(3323) DefNew: 19096K->1564K(19648K)
[19.074s][info ][gc,heap        ] GC(3323) Tenured: 35964K->35964K(43712K)
[19.074s][info ][gc,metaspace   ] GC(3323) Metaspace: 16404K->16404K(1064960K)
[19.074s][info ][gc             ] GC(3323) Pause Young (Allocation Failure) 53M->36M(61M) 0.507ms
[19.074s][info ][gc,cpu         ] GC(3323) User=0.00s Sys=0.00s Real=0.00s
[19.076s][info ][gc,start       ] GC(3324) Pause Young (Allocation Failure)
[19.076s][debug][gc,age         ] GC(3324) Desired survivor size 1114112 bytes, new threshold 1 (max threshold 15)
[19.076s][info ][gc,heap        ] GC(3324) DefNew: 18705K->1955K(19648K)
[19.076s][info ][gc,heap        ] GC(3324) Tenured: 35964K->35964K(43712K)
[19.076s][info ][gc,metaspace   ] GC(3324) Metaspace: 16404K->16404K(1064960K)
[19.076s][info ][gc             ] GC(3324) Pause Young (Allocation Failure) 53M->37M(61M) 0.535ms
[19.076s][info ][gc,cpu         ] GC(3324) User=0.00s Sys=0.00s Real=0.00s
[19.078s][info ][gc,start       ] GC(3325) Pause Young (Allocation Failure)
[19.078s][debug][gc,age         ] GC(3325) Desired survivor size 1114112 bytes, new threshold 1 (max threshold 15)
[19.078s][info ][gc,heap        ] GC(3325) DefNew: 19096K->1955K(19648K)
[19.078s][info ][gc,heap        ] GC(3325) Tenured: 35964K->37136K(43712K)
[19.078s][info ][gc,metaspace   ] GC(3325) Metaspace: 16404K->16404K(1064960K)
[19.078s][info ][gc             ] GC(3325) Pause Young (Allocation Failure) 53M->38M(61M) 0.660ms
[19.078s][info ][gc,cpu         ] GC(3325) User=0.00s Sys=0.00s Real=0.00s
[19.079s][info ][gc,start       ] GC(3326) Pause Young (Allocation Failure)
[19.080s][debug][gc,age         ] GC(3326) Desired survivor size 1114112 bytes, new threshold 1 (max threshold 15)
[19.080s][info ][gc,heap        ] GC(3326) DefNew: 19096K->1955K(19648K)
[19.080s][info ][gc,heap        ] GC(3326) Tenured: 37136K->37136K(43712K)
[19.080s][info ][gc,metaspace   ] GC(3326) Metaspace: 16404K->16404K(1064960K)
[19.080s][info ][gc             ] GC(3326) Pause Young (Allocation Failure) 54M->38M(61M) 0.562ms
[19.080s][info ][gc,cpu         ] GC(3326) User=0.00s Sys=0.00s Real=0.00s
[19.081s][info ][gc,start       ] GC(3327) Pause Young (Allocation Failure)
[19.082s][debug][gc,age         ] GC(3327) Desired survivor size 1114112 bytes, new threshold 1 (max threshold 15)
[19.082s][info ][gc,heap        ] GC(3327) DefNew: 19096K->1955K(19648K)
[19.082s][info ][gc,heap        ] GC(3327) Tenured: 37136K->38308K(43712K)
[19.082s][info ][gc,metaspace   ] GC(3327) Metaspace: 16404K->16404K(1064960K)
[19.082s][info ][gc             ] GC(3327) Pause Young (Allocation Failure) 54M->39M(61M) 0.899ms
[19.082s][info ][gc,cpu         ] GC(3327) User=0.00s Sys=0.00s Real=0.00s
[19.084s][info ][gc,start       ] GC(3328) Pause Young (Allocation Failure)
[19.084s][debug][gc,age         ] GC(3328) Desired survivor size 1114112 bytes, new threshold 1 (max threshold 15)
[19.084s][info ][gc,heap        ] GC(3328) DefNew: 19096K->1955K(19648K)
[19.084s][info ][gc,heap        ] GC(3328) Tenured: 38308K->38308K(43712K)
[19.084s][info ][gc,metaspace   ] GC(3328) Metaspace: 16404K->16404K(1064960K)
[19.084s][info ][gc             ] GC(3328) Pause Young (Allocation Failure) 56M->39M(61M) 0.608ms
[19.084s][info ][gc,cpu         ] GC(3328) User=0.00s Sys=0.00s Real=0.00s
[19.086s][info ][gc,start       ] GC(3329) Pause Young (Allocation Failure)
[19.086s][debug][gc,age         ] GC(3329) Desired survivor size 1114112 bytes, new threshold 1 (max threshold 15)
[19.086s][info ][gc,heap        ] GC(3329) DefNew: 19096K->1955K(19648K)
[19.086s][info ][gc,heap        ] GC(3329) Tenured: 38308K->39089K(43712K)
[19.086s][info ][gc,metaspace   ] GC(3329) Metaspace: 16404K->16404K(1064960K)
[19.086s][info ][gc             ] GC(3329) Pause Young (Allocation Failure) 56M->40M(61M) 0.615ms
[19.086s][info ][gc,cpu         ] GC(3329) User=0.00s Sys=0.00s Real=0.00s
[19.087s][info ][gc,start       ] GC(3330) Pause Young (Allocation Failure)
[19.088s][debug][gc,age         ] GC(3330) Desired survivor size 1114112 bytes, new threshold 1 (max threshold 15)
[19.088s][info ][gc,heap        ] GC(3330) DefNew: 19096K->1955K(19648K)
[19.088s][info ][gc,heap        ] GC(3330) Tenured: 39089K->39480K(43712K)
[19.088s][info ][gc,metaspace   ] GC(3330) Metaspace: 16404K->16404K(1064960K)
[19.088s][info ][gc             ] GC(3330) Pause Young (Allocation Failure) 56M->40M(61M) 0.701ms
[19.088s][info ][gc,cpu         ] GC(3330) User=0.00s Sys=0.00s Real=0.00s
[19.090s][info ][gc,start       ] GC(3331) Pause Young (Allocation Failure)
[19.090s][debug][gc,age         ] GC(3331) Desired survivor size 1114112 bytes, new threshold 1 (max threshold 15)
[19.090s][info ][gc,heap        ] GC(3331) DefNew: 19096K->1173K(19648K)
[19.090s][info ][gc,heap        ] GC(3331) Tenured: 39480K->39480K(43712K)
[19.090s][info ][gc,metaspace   ] GC(3331) Metaspace: 16404K->16404K(1064960K)
[19.090s][info ][gc             ] GC(3331) Pause Young (Allocation Failure) 57M->39M(61M) 0.580ms
[19.090s][info ][gc,cpu         ] GC(3331) User=0.01s Sys=0.00s Real=0.00s
[19.091s][info ][gc,start       ] GC(3332) Pause Young (Allocation Failure)
[19.092s][debug][gc,age         ] GC(3332) Desired survivor size 1114112 bytes, new threshold 1 (max threshold 15)
[19.092s][info ][gc,heap        ] GC(3332) DefNew: 18314K->1173K(19648K)
[19.092s][info ][gc,heap        ] GC(3332) Tenured: 39480K->39480K(43712K)
[19.092s][info ][gc,metaspace   ] GC(3332) Metaspace: 16404K->16404K(1064960K)
[19.092s][info ][gc             ] GC(3332) Pause Young (Allocation Failure) 56M->39M(61M) 0.457ms
[19.092s][info ][gc,cpu         ] GC(3332) User=0.00s Sys=0.00s Real=0.00s
[19.093s][info ][gc,start       ] GC(3333) Pause Young (Allocation Failure)
[19.094s][debug][gc,age         ] GC(3333) Desired survivor size 1114112 bytes, new threshold 1 (max threshold 15)
[19.094s][info ][gc,heap        ] GC(3333) DefNew: 18314K->1955K(19648K)
[19.094s][info ][gc,heap        ] GC(3333) Tenured: 39480K->40652K(43712K)
[19.094s][info ][gc,metaspace   ] GC(3333) Metaspace: 16404K->16404K(1064960K)
[19.094s][info ][gc             ] GC(3333) Pause Young (Allocation Failure) 56M->41M(61M) 0.766ms
[19.094s][info ][gc,cpu         ] GC(3333) User=0.00s Sys=0.00s Real=0.00s
[19.095s][info ][gc,start       ] GC(3334) Pause Young (Allocation Failure)
[19.096s][debug][gc,age         ] GC(3334) Desired survivor size 1114112 bytes, new threshold 1 (max threshold 15)
[19.096s][info ][gc,heap        ] GC(3334) DefNew: 19095K->1955K(19648K)
[19.096s][info ][gc,heap        ] GC(3334) Tenured: 40652K->40652K(43712K)
[19.096s][info ][gc,metaspace   ] GC(3334) Metaspace: 16404K->16404K(1064960K)
[19.096s][info ][gc             ] GC(3334) Pause Young (Allocation Failure) 58M->41M(61M) 0.602ms
[19.096s][info ][gc,cpu         ] GC(3334) User=0.00s Sys=0.00s Real=0.00s
[19.097s][info ][gc,start       ] GC(3335) Pause Young (Allocation Failure)
[19.098s][debug][gc,age         ] GC(3335) Desired survivor size 1114112 bytes, new threshold 1 (max threshold 15)
[19.098s][info ][gc,heap        ] GC(3335) DefNew: 19096K->1955K(19648K)
[19.098s][info ][gc,heap        ] GC(3335) Tenured: 40652K->41824K(43712K)
[19.098s][info ][gc,metaspace   ] GC(3335) Metaspace: 16404K->16404K(1064960K)
[19.098s][info ][gc             ] GC(3335) Pause Young (Allocation Failure) 58M->42M(61M) 0.648ms
[19.098s][info ][gc,cpu         ] GC(3335) User=0.00s Sys=0.00s Real=0.00s
[19.099s][info ][gc,start       ] GC(3336) Pause Young (Allocation Failure)
[19.100s][debug][gc,age         ] GC(3336) Desired survivor size 1114112 bytes, new threshold 1 (max threshold 15)
[19.100s][info ][gc,heap        ] GC(3336) DefNew: 19096K->1955K(19648K)
[19.100s][info ][gc,heap        ] GC(3336) Tenured: 41824K->41824K(43712K)
[19.100s][info ][gc,metaspace   ] GC(3336) Metaspace: 16404K->16404K(1064960K)
[19.100s][info ][gc             ] GC(3336) Pause Young (Allocation Failure) 59M->42M(61M) 0.606ms
[19.100s][info ][gc,cpu         ] GC(3336) User=0.00s Sys=0.00s Real=0.00s
[19.101s][info ][gc,start       ] GC(3337) Pause Young (Allocation Failure)
[19.102s][debug][gc,age         ] GC(3337) Desired survivor size 1114112 bytes, new threshold 1 (max threshold 15)
[19.102s][info ][gc,heap        ] GC(3337) DefNew: 19049K->1955K(19648K)
[19.102s][info ][gc,heap        ] GC(3337) Tenured: 41824K->42215K(43712K)
[19.102s][info ][gc,metaspace   ] GC(3337) Metaspace: 16404K->16404K(1064960K)
[19.102s][info ][gc             ] GC(3337) Pause Young (Allocation Failure) 59M->43M(61M) 0.712ms
[19.102s][info ][gc,cpu         ] GC(3337) User=0.00s Sys=0.00s Real=0.00s
[19.103s][info ][gc,start       ] GC(3338) Pause Young (Allocation Failure)
[19.104s][info ][gc,start       ] GC(3339) Pause Full (Allocation Failure)
[19.104s][info ][gc,phases,start] GC(3339) Phase 1: Mark live objects
[19.107s][debug][gc,phases      ] GC(3339) Reference Processing 0.044ms
[19.107s][debug][gc,phases      ] GC(3339) Weak Processing 0.015ms
[19.107s][debug][gc,phases      ] GC(3339) ClassLoaderData 0.033ms
[19.107s][debug][gc,phases      ] GC(3339) ProtectionDomainCacheTable 0.003ms
[19.107s][debug][gc,phases      ] GC(3339) ResolvedMethodTable 0.015ms
[19.108s][debug][gc,phases      ] GC(3339) Class Unloading 0.774ms
[19.108s][debug][gc,phases      ] GC(3339) Scrub String Table 0.058ms
[19.109s][debug][gc,phases      ] GC(3339) Scrub Symbol Table 1.024ms
[19.109s][info ][gc,phases      ] GC(3339) Phase 1: Mark live objects 5.197ms
[19.109s][info ][gc,phases,start] GC(3339) Phase 2: Compute new object addresses
[19.110s][info ][gc,phases      ] GC(3339) Phase 2: Compute new object addresses 0.909ms
[19.110s][info ][gc,phases,start] GC(3339) Phase 3: Adjust pointers
[19.114s][info ][gc,phases      ] GC(3339) Phase 3: Adjust pointers 3.719ms
[19.114s][info ][gc,phases,start] GC(3339) Phase 4: Move objects
[19.114s][info ][gc,phases      ] GC(3339) Phase 4: Move objects 0.401ms
[19.114s][info ][gc             ] GC(3339) Pause Full (Allocation Failure) 59M->6M(61M) 10.519ms
[19.114s][info ][gc,heap        ] GC(3338) DefNew: 19112K->0K(19648K)
[19.114s][info ][gc,heap        ] GC(3338) Tenured: 42215K->6662K(43712K)
[19.114s][info ][gc,metaspace   ] GC(3338) Metaspace: 16404K->16404K(1064960K)
[19.114s][info ][gc             ] GC(3338) Pause Young (Allocation Failure) 59M->6M(61M) 10.685ms
[19.114s][info ][gc,cpu         ] GC(3338) User=0.01s Sys=0.00s Real=0.01s
[19.116s][info ][gc,start       ] GC(3340) Pause Young (Allocation Failure)
[19.116s][debug][gc,age         ] GC(3340) Desired survivor size 1114112 bytes, new threshold 1 (max threshold 15)
[19.116s][info ][gc,heap        ] GC(3340) DefNew: 17106K->1955K(19648K)
[19.116s][info ][gc,heap        ] GC(3340) Tenured: 6662K->6662K(43712K)
[19.116s][info ][gc,metaspace   ] GC(3340) Metaspace: 16404K->16404K(1064960K)
[19.116s][info ][gc             ] GC(3340) Pause Young (Allocation Failure) 23M->8M(61M) 0.679ms
[19.116s][info ][gc,cpu         ] GC(3340) User=0.00s Sys=0.00s Real=0.00s
[19.118s][info ][gc,start       ] GC(3341) Pause Young (Allocation Failure)
[19.118s][debug][gc,age         ] GC(3341) Desired survivor size 1114112 bytes, new threshold 1 (max threshold 15)
[19.118s][info ][gc,heap        ] GC(3341) DefNew: 19071K->1564K(19648K)
[19.118s][info ][gc,heap        ] GC(3341) Tenured: 6662K->7053K(43712K)
[19.118s][info ][gc,metaspace   ] GC(3341) Metaspace: 16404K->16404K(1064960K)
[19.118s][info ][gc             ] GC(3341) Pause Young (Allocation Failure) 25M->8M(61M) 0.656ms
[19.118s][info ][gc,cpu         ] GC(3341) User=0.00s Sys=0.00s Real=0.00s
[19.120s][info ][gc,start       ] GC(3342) Pause Young (Allocation Failure)
[19.120s][debug][gc,age         ] GC(3342) Desired survivor size 1114112 bytes, new threshold 1 (max threshold 15)
[19.120s][info ][gc,heap        ] GC(3342) DefNew: 18736K->1174K(19648K)
[19.120s][info ][gc,heap        ] GC(3342) Tenured: 7053K->7053K(43712K)
[19.120s][info ][gc,metaspace   ] GC(3342) Metaspace: 16404K->16404K(1064960K)
[19.120s][info ][gc             ] GC(3342) Pause Young (Allocation Failure) 25M->8M(61M) 0.490ms
[19.120s][info ][gc,cpu         ] GC(3342) User=0.00s Sys=0.00s Real=0.00s
[19.121s][info ][gc,start       ] GC(3343) Pause Young (Allocation Failure)
[19.122s][debug][gc,age         ] GC(3343) Desired survivor size 1114112 bytes, new threshold 1 (max threshold 15)
[19.122s][info ][gc,heap        ] GC(3343) DefNew: 18334K->1955K(19648K)
[19.122s][info ][gc,heap        ] GC(3343) Tenured: 7053K->8225K(43712K)
[19.122s][info ][gc,metaspace   ] GC(3343) Metaspace: 16404K->16404K(1064960K)
[19.122s][info ][gc             ] GC(3343) Pause Young (Allocation Failure) 24M->9M(61M) 0.716ms
[19.122s][info ][gc,cpu         ] GC(3343) User=0.00s Sys=0.00s Real=0.00s
[19.123s][info ][gc,start       ] GC(3344) Pause Young (Allocation Failure)
[19.124s][debug][gc,age         ] GC(3344) Desired survivor size 1114112 bytes, new threshold 1 (max threshold 15)
[19.124s][info ][gc,heap        ] GC(3344) DefNew: 19109K->1174K(19648K)
[19.124s][info ][gc,heap        ] GC(3344) Tenured: 8225K->8225K(43712K)
[19.124s][info ][gc,metaspace   ] GC(3344) Metaspace: 16404K->16404K(1064960K)
[19.124s][info ][gc             ] GC(3344) Pause Young (Allocation Failure) 26M->9M(61M) 0.463ms
[19.124s][info ][gc,cpu         ] GC(3344) User=0.00s Sys=0.00s Real=0.00s
[19.125s][info ][gc,start       ] GC(3345) Pause Young (Allocation Failure)
[19.126s][debug][gc,age         ] GC(3345) Desired survivor size 1114112 bytes, new threshold 1 (max threshold 15)
[19.126s][info ][gc,heap        ] GC(3345) DefNew: 18323K->1955K(19648K)
[19.126s][info ][gc,heap        ] GC(3345) Tenured: 8225K->8225K(43712K)
[19.126s][info ][gc,metaspace   ] GC(3345) Metaspace: 16404K->16404K(1064960K)
[19.126s][info ][gc             ] GC(3345) Pause Young (Allocation Failure) 25M->9M(61M) 0.532ms
[19.126s][info ][gc,cpu         ] GC(3345) User=0.00s Sys=0.00s Real=0.00s
[19.127s][info ][gc,start       ] GC(3346) Pause Young (Allocation Failure)
[19.128s][debug][gc,age         ] GC(3346) Desired survivor size 1114112 bytes, new threshold 1 (max threshold 15)
[19.128s][info ][gc,heap        ] GC(3346) DefNew: 19101K->1955K(19648K)
[19.128s][info ][gc,heap        ] GC(3346) Tenured: 8225K->8616K(43712K)
[19.128s][info ][gc,metaspace   ] GC(3346) Metaspace: 16404K->16404K(1064960K)
[19.128s][info ][gc             ] GC(3346) Pause Young (Allocation Failure) 26M->10M(61M) 0.712ms
[19.128s][info ][gc,cpu         ] GC(3346) User=0.00s Sys=0.00s Real=0.00s
[19.129s][info ][gc,start       ] GC(3347) Pause Young (Allocation Failure)
[19.130s][debug][gc,age         ] GC(3347) Desired survivor size 1114112 bytes, new threshold 1 (max threshold 15)
[19.130s][info ][gc,heap        ] GC(3347) DefNew: 19099K->1955K(19648K)
[19.130s][info ][gc,heap        ] GC(3347) Tenured: 8616K->9006K(43712K)
[19.130s][info ][gc,metaspace   ] GC(3347) Metaspace: 16404K->16404K(1064960K)
[19.130s][info ][gc             ] GC(3347) Pause Young (Allocation Failure) 27M->10M(61M) 0.694ms
[19.130s][info ][gc,cpu         ] GC(3347) User=0.00s Sys=0.00s Real=0.01s
[19.131s][info ][gc,start       ] GC(3348) Pause Young (Allocation Failure)
[19.132s][debug][gc,age         ] GC(3348) Desired survivor size 1114112 bytes, new threshold 1 (max threshold 15)
[19.132s][info ][gc,heap        ] GC(3348) DefNew: 19098K->1955K(19648K)
[19.132s][info ][gc,heap        ] GC(3348) Tenured: 9006K->9397K(43712K)
[19.132s][info ][gc,metaspace   ] GC(3348) Metaspace: 16404K->16404K(1064960K)
[19.132s][info ][gc             ] GC(3348) Pause Young (Allocation Failure) 27M->11M(61M) 0.548ms
[19.132s][info ][gc,cpu         ] GC(3348) User=0.00s Sys=0.00s Real=0.00s
[19.133s][info ][gc,start       ] GC(3349) Pause Young (Allocation Failure)
[19.134s][debug][gc,age         ] GC(3349) Desired survivor size 1114112 bytes, new threshold 1 (max threshold 15)
[19.134s][info ][gc,heap        ] GC(3349) DefNew: 19097K->1955K(19648K)
[19.134s][info ][gc,heap        ] GC(3349) Tenured: 9397K->9397K(43712K)
[19.134s][info ][gc,metaspace   ] GC(3349) Metaspace: 16404K->16404K(1064960K)
[19.134s][info ][gc             ] GC(3349) Pause Young (Allocation Failure) 27M->11M(61M) 0.629ms
[19.134s][info ][gc,cpu         ] GC(3349) User=0.00s Sys=0.00s Real=0.00s
[19.135s][info ][gc,start       ] GC(3350) Pause Young (Allocation Failure)
[19.136s][debug][gc,age         ] GC(3350) Desired survivor size 1114112 bytes, new threshold 1 (max threshold 15)
[19.136s][info ][gc,heap        ] GC(3350) DefNew: 19096K->1955K(19648K)
[19.136s][info ][gc,heap        ] GC(3350) Tenured: 9397K->10569K(43712K)
[19.136s][info ][gc,metaspace   ] GC(3350) Metaspace: 16404K->16404K(1064960K)
[19.136s][info ][gc             ] GC(3350) Pause Young (Allocation Failure) 27M->12M(61M) 0.708ms
[19.136s][info ][gc,cpu         ] GC(3350) User=0.00s Sys=0.00s Real=0.00s
[19.137s][info ][gc,start       ] GC(3351) Pause Young (Allocation Failure)
[19.138s][debug][gc,age         ] GC(3351) Desired survivor size 1114112 bytes, new threshold 1 (max threshold 15)
[19.138s][info ][gc,heap        ] GC(3351) DefNew: 19096K->1955K(19648K)
[19.138s][info ][gc,heap        ] GC(3351) Tenured: 10569K->10959K(43712K)
[19.138s][info ][gc,metaspace   ] GC(3351) Metaspace: 16404K->16404K(1064960K)
[19.138s][info ][gc             ] GC(3351) Pause Young (Allocation Failure) 28M->12M(61M) 0.570ms
[19.138s][info ][gc,cpu         ] GC(3351) User=0.00s Sys=0.00s Real=0.00s
[19.139s][info ][gc,start       ] GC(3352) Pause Young (Allocation Failure)
[19.140s][debug][gc,age         ] GC(3352) Desired survivor size 1114112 bytes, new threshold 1 (max threshold 15)
[19.140s][info ][gc,heap        ] GC(3352) DefNew: 19096K->1955K(19648K)
[19.140s][info ][gc,heap        ] GC(3352) Tenured: 10959K->11350K(43712K)
[19.140s][info ][gc,metaspace   ] GC(3352) Metaspace: 16404K->16404K(1064960K)
[19.140s][info ][gc             ] GC(3352) Pause Young (Allocation Failure) 29M->12M(61M) 0.727ms
[19.140s][info ][gc,cpu         ] GC(3352) User=0.00s Sys=0.00s Real=0.01s
[19.141s][info ][gc,start       ] GC(3353) Pause Young (Allocation Failure)
[19.141s][debug][gc,age         ] GC(3353) Desired survivor size 1114112 bytes, new threshold 1 (max threshold 15)
[19.141s][info ][gc,heap        ] GC(3353) DefNew: 19058K->1955K(19648K)
[19.141s][info ][gc,heap        ] GC(3353) Tenured: 11350K->11741K(43712K)
[19.141s][info ][gc,metaspace   ] GC(3353) Metaspace: 16404K->16404K(1064960K)
[19.141s][info ][gc             ] GC(3353) Pause Young (Allocation Failure) 29M->13M(61M) 0.606ms
[19.141s][info ][gc,cpu         ] GC(3353) User=0.00s Sys=0.00s Real=0.00s
[19.143s][info ][gc,start       ] GC(3354) Pause Young (Allocation Failure)
[19.143s][debug][gc,age         ] GC(3354) Desired survivor size 1114112 bytes, new threshold 15 (max threshold 15)
[19.143s][info ][gc,heap        ] GC(3354) DefNew: 19109K->783K(19648K)
[19.143s][info ][gc,heap        ] GC(3354) Tenured: 11741K->11741K(43712K)
[19.143s][info ][gc,metaspace   ] GC(3354) Metaspace: 16404K->16404K(1064960K)
[19.143s][info ][gc             ] GC(3354) Pause Young (Allocation Failure) 30M->12M(61M) 0.450ms
[19.143s][info ][gc,cpu         ] GC(3354) User=0.00s Sys=0.00s Real=0.00s
[19.145s][info ][gc,start       ] GC(3355) Pause Young (Allocation Failure)
[19.145s][debug][gc,age         ] GC(3355) Desired survivor size 1114112 bytes, new threshold 1 (max threshold 15)
[19.145s][info ][gc,heap        ] GC(3355) DefNew: 17932K->1955K(19648K)
[19.145s][info ][gc,heap        ] GC(3355) Tenured: 11741K->12913K(43712K)
[19.145s][info ][gc,metaspace   ] GC(3355) Metaspace: 16404K->16404K(1064960K)
[19.145s][info ][gc             ] GC(3355) Pause Young (Allocation Failure) 28M->14M(61M) 0.686ms
[19.145s][info ][gc,cpu         ] GC(3355) User=0.00s Sys=0.00s Real=0.00s
[19.147s][info ][gc,start       ] GC(3356) Pause Young (Allocation Failure)
[19.147s][debug][gc,age         ] GC(3356) Desired survivor size 1114112 bytes, new threshold 1 (max threshold 15)
[19.147s][info ][gc,heap        ] GC(3356) DefNew: 19101K->1955K(19648K)
[19.147s][info ][gc,heap        ] GC(3356) Tenured: 12913K->12913K(43712K)
[19.147s][info ][gc,metaspace   ] GC(3356) Metaspace: 16404K->16404K(1064960K)
[19.147s][info ][gc             ] GC(3356) Pause Young (Allocation Failure) 31M->14M(61M) 0.561ms
[19.147s][info ][gc,cpu         ] GC(3356) User=0.00s Sys=0.00s Real=0.00s
[19.149s][info ][gc,start       ] GC(3357) Pause Young (Allocation Failure)
[19.149s][debug][gc,age         ] GC(3357) Desired survivor size 1114112 bytes, new threshold 1 (max threshold 15)
[19.149s][info ][gc,heap        ] GC(3357) DefNew: 19099K->1564K(19648K)
[19.149s][info ][gc,heap        ] GC(3357) Tenured: 12913K->12913K(43712K)
[19.149s][info ][gc,metaspace   ] GC(3357) Metaspace: 16404K->16404K(1064960K)
[19.149s][info ][gc             ] GC(3357) Pause Young (Allocation Failure) 31M->14M(61M) 0.544ms
[19.149s][info ][gc,cpu         ] GC(3357) User=0.00s Sys=0.00s Real=0.00s
[19.150s][info ][gc,start       ] GC(3358) Pause Young (Allocation Failure)
[19.151s][debug][gc,age         ] GC(3358) Desired survivor size 1114112 bytes, new threshold 1 (max threshold 15)
[19.151s][info ][gc,heap        ] GC(3358) DefNew: 18707K->1955K(19648K)
[19.151s][info ][gc,heap        ] GC(3358) Tenured: 12913K->13304K(43712K)
[19.151s][info ][gc,metaspace   ] GC(3358) Metaspace: 16404K->16404K(1064960K)
[19.151s][info ][gc             ] GC(3358) Pause Young (Allocation Failure) 30M->14M(61M) 0.686ms
[19.151s][info ][gc,cpu         ] GC(3358) User=0.00s Sys=0.00s Real=0.00s
[19.152s][info ][gc,start       ] GC(3359) Pause Young (Allocation Failure)
[19.153s][debug][gc,age         ] GC(3359) Desired survivor size 1114112 bytes, new threshold 1 (max threshold 15)
[19.153s][info ][gc,heap        ] GC(3359) DefNew: 19097K->1955K(19648K)
[19.153s][info ][gc,heap        ] GC(3359) Tenured: 13304K->13694K(43712K)
