27.172: [GC pause (young)
Desired survivor size 67108864 bytes, new threshold 16 (max 32)
, 0.2629760 secs]
   [Parallel Time: 180.9 ms, GC Workers: 2]
      [GC Worker Start (ms): Min: 27172.4, Avg: 27172.7, Max: 27173.0, Diff: 0.5]
      [Ext Root Scanning (ms): Min: 24.7, Avg: 26.9, Max: 29.0, Diff: 4.3, Sum: 53.7]
      [Update RS (ms): Min: 0.1, Avg: 0.1, Max: 0.2, Diff: 0.1, Sum: 0.3]
         [Processed Buffers: Min: 25, Avg: 42.0, Max: 59, Diff: 34, Sum: 84]
      [Scan RS (ms): Min: 0.6, Avg: 0.7, Max: 0.7, Diff: 0.0, Sum: 1.3]
      [Object Copy (ms): Min: 150.4, Avg: 152.8, Max: 155.3, Diff: 4.8, Sum: 305.7]
      [Termination (ms): Min: 0.0, Avg: 0.0, Max: 0.0, Diff: 0.0, Sum: 0.0]
      [GC Worker Other (ms): Min: 0.1, Avg: 0.1, Max: 0.1, Diff: 0.0, Sum: 0.1]
      [GC Worker Total (ms): Min: 180.3, Avg: 180.6, Max: 180.8, Diff: 0.5, Sum: 361.2]
      [GC Worker End (ms): Min: 27353.3, Avg: 27353.3, Max: 27353.3, Diff: 0.0]
   [Code Root Fixup: 0.4 ms]
   [Clear CT: 0.5 ms]
   [Other: 81.2 ms]
      [Choose CSet: 0.0 ms]
      [Ref Proc: 78.6 ms]
      [Ref Enq: 0.8 ms]
      [Free CSet: 1.1 ms]
   [Eden: 1024.0M(1024.0M)->0.0B(898.0M) Survivors: 0.0B->126.0M Heap: 1040.0M(3072.0M)->141.5M(3072.0M)]
 [Times: user=0.36 sys=0.09, real=0.26 secs] 
32.352: [GC pause (young)
Desired survivor size 67108864 bytes, new threshold 1 (max 32)
- age   1:   69700544 bytes,   69700544 total
, 0.3793790 secs]
   [Parallel Time: 190.8 ms, GC Workers: 2]
      [GC Worker Start (ms): Min: 32351.9, Avg: 32352.0, Max: 32352.1, Diff: 0.2]
      [Ext Root Scanning (ms): Min: 24.5, Avg: 25.5, Max: 26.6, Diff: 2.1, Sum: 51.1]
      [Update RS (ms): Min: 0.0, Avg: 0.0, Max: 0.1, Diff: 0.1, Sum: 0.1]
         [Processed Buffers: Min: 0, Avg: 21.0, Max: 42, Diff: 42, Sum: 42]
      [Scan RS (ms): Min: 0.3, Avg: 0.6, Max: 0.9, Diff: 0.5, Sum: 1.2]
      [Object Copy (ms): Min: 163.8, Avg: 164.5, Max: 165.2, Diff: 1.3, Sum: 329.0]
      [Termination (ms): Min: 0.0, Avg: 0.0, Max: 0.0, Diff: 0.0, Sum: 0.0]
      [GC Worker Other (ms): Min: 0.1, Avg: 0.1, Max: 0.1, Diff: 0.0, Sum: 0.1]
      [GC Worker Total (ms): Min: 190.6, Avg: 190.7, Max: 190.8, Diff: 0.2, Sum: 381.4]
      [GC Worker End (ms): Min: 32542.7, Avg: 32542.7, Max: 32542.7, Diff: 0.0]
   [Code Root Fixup: 0.5 ms]
   [Clear CT: 0.7 ms]
   [Other: 187.3 ms]
      [Choose CSet: 0.0 ms]
      [Ref Proc: 183.4 ms]
      [Ref Enq: 1.9 ms]
      [Free CSet: 1.2 ms]
   [Eden: 898.0M(898.0M)->0.0B(896.0M) Survivors: 126.0M->128.0M Heap: 1047.5M(3072.0M)->269.5M(3072.0M)]
 [Times: user=0.50 sys=0.07, real=0.38 secs] 
69.888: [GC pause (young)
Desired survivor size 67108864 bytes, new threshold 16 (max 32)
- age   1:   29160504 bytes,   29160504 total
, 0.2018990 secs]
   [Parallel Time: 154.1 ms, GC Workers: 2]
      [GC Worker Start (ms): Min: 69888.7, Avg: 69889.1, Max: 69889.5, Diff: 0.9]
      [Ext Root Scanning (ms): Min: 25.9, Avg: 32.2, Max: 38.4, Diff: 12.5, Sum: 64.4]
      [Update RS (ms): Min: 0.0, Avg: 1.2, Max: 2.3, Diff: 2.3, Sum: 2.3]
         [Processed Buffers: Min: 0, Avg: 35.5, Max: 71, Diff: 71, Sum: 71]
      [Scan RS (ms): Min: 6.1, Avg: 11.0, Max: 15.9, Diff: 9.9, Sum: 22.0]
      [Object Copy (ms): Min: 108.4, Avg: 109.0, Max: 109.6, Diff: 1.2, Sum: 218.0]
      [Termination (ms): Min: 0.0, Avg: 0.0, Max: 0.0, Diff: 0.0, Sum: 0.0]
      [GC Worker Other (ms): Min: 0.1, Avg: 0.1, Max: 0.1, Diff: 0.0, Sum: 0.2]
      [GC Worker Total (ms): Min: 153.0, Avg: 153.4, Max: 153.9, Diff: 0.9, Sum: 306.9]
      [GC Worker End (ms): Min: 70042.5, Avg: 70042.5, Max: 70042.5, Diff: 0.0]
   [Code Root Fixup: 0.1 ms]
   [Clear CT: 0.8 ms]
   [Other: 46.9 ms]
      [Choose CSet: 0.0 ms]
      [Ref Proc: 44.3 ms]
      [Ref Enq: 0.7 ms]
      [Free CSet: 1.4 ms]
   [Eden: 896.0M(896.0M)->0.0B(903.0M) Survivors: 128.0M->121.0M Heap: 1170.5M(3072.0M)->267.5M(3072.0M)]
 [Times: user=0.35 sys=0.00, real=0.21 secs] 
288.341: [GC pause (young)
Desired survivor size 67108864 bytes, new threshold 16 (max 32)
- age   1:   30567280 bytes,   30567280 total
- age   2:   19734920 bytes,   50302200 total
, 0.2560100 secs]
   [Parallel Time: 230.7 ms, GC Workers: 2]
      [GC Worker Start (ms): Min: 288341.3, Avg: 288341.3, Max: 288341.3, Diff: 0.0]
      [Ext Root Scanning (ms): Min: 32.6, Avg: 39.6, Max: 46.7, Diff: 14.1, Sum: 79.3]
      [Update RS (ms): Min: 0.0, Avg: 0.9, Max: 1.8, Diff: 1.8, Sum: 1.8]
         [Processed Buffers: Min: 0, Avg: 27.0, Max: 54, Diff: 54, Sum: 54]
      [Scan RS (ms): Min: 3.0, Avg: 9.6, Max: 16.3, Diff: 13.3, Sum: 19.2]
      [Object Copy (ms): Min: 179.8, Avg: 180.4, Max: 180.9, Diff: 1.0, Sum: 360.7]
      [Termination (ms): Min: 0.0, Avg: 0.0, Max: 0.0, Diff: 0.0, Sum: 0.0]
      [GC Worker Other (ms): Min: 0.1, Avg: 0.1, Max: 0.1, Diff: 0.0, Sum: 0.1]
      [GC Worker Total (ms): Min: 230.6, Avg: 230.6, Max: 230.6, Diff: 0.0, Sum: 461.2]
      [GC Worker End (ms): Min: 288571.9, Avg: 288571.9, Max: 288571.9, Diff: 0.0]
   [Code Root Fixup: 0.2 ms]
   [Clear CT: 1.9 ms]
   [Other: 23.2 ms]
      [Choose CSet: 0.0 ms]
      [Ref Proc: 20.7 ms]
      [Ref Enq: 0.4 ms]
      [Free CSet: 1.6 ms]
   [Eden: 903.0M(903.0M)->0.0B(907.0M) Survivors: 121.0M->117.0M Heap: 1170.5M(3072.0M)->263.5M(3072.0M)]
 [Times: user=0.48 sys=0.00, real=0.26 secs] 
533.494: [GC pause (young)
Desired survivor size 67108864 bytes, new threshold 2 (max 32)
- age   1:   49158504 bytes,   49158504 total
- age   2:   28512328 bytes,   77670832 total
- age   3:   19639416 bytes,   97310248 total
, 0.3205290 secs]
   [Parallel Time: 251.0 ms, GC Workers: 2]
      [GC Worker Start (ms): Min: 533494.8, Avg: 533495.3, Max: 533495.7, Diff: 1.0]
      [Ext Root Scanning (ms): Min: 35.0, Avg: 40.9, Max: 46.8, Diff: 11.8, Sum: 81.9]
      [Update RS (ms): Min: 0.0, Avg: 2.9, Max: 5.8, Diff: 5.8, Sum: 5.8]
         [Processed Buffers: Min: 0, Avg: 15.5, Max: 31, Diff: 31, Sum: 31]
      [Scan RS (ms): Min: 6.8, Avg: 12.1, Max: 17.4, Diff: 10.6, Sum: 24.2]
      [Object Copy (ms): Min: 192.6, Avg: 194.4, Max: 196.2, Diff: 3.6, Sum: 388.8]
      [Termination (ms): Min: 0.0, Avg: 0.0, Max: 0.0, Diff: 0.0, Sum: 0.0]
      [GC Worker Other (ms): Min: 0.1, Avg: 0.1, Max: 0.1, Diff: 0.0, Sum: 0.1]
      [GC Worker Total (ms): Min: 249.9, Avg: 250.4, Max: 250.9, Diff: 1.0, Sum: 500.8]
      [GC Worker End (ms): Min: 533745.7, Avg: 533745.7, Max: 533745.7, Diff: 0.0]
   [Code Root Fixup: 0.2 ms]
   [Clear CT: 1.2 ms]
   [Other: 68.2 ms]
      [Choose CSet: 0.0 ms]
      [Ref Proc: 64.7 ms]
      [Ref Enq: 1.0 ms]
      [Free CSet: 1.5 ms]
   [Eden: 907.0M(907.0M)->0.0B(898.0M) Survivors: 117.0M->126.0M Heap: 1170.5M(3072.0M)->318.0M(3072.0M)]
 [Times: user=0.56 sys=0.02, real=0.32 secs] 
1143.515: [GC pause (young)
Desired survivor size 67108864 bytes, new threshold 16 (max 32)
- age   1:   10313448 bytes,   10313448 total
- age   2:   46516528 bytes,   56829976 total
, 0.1873590 secs]
   [Parallel Time: 152.5 ms, GC Workers: 2]
      [GC Worker Start (ms): Min: 1143515.5, Avg: 1143515.5, Max: 1143515.5, Diff: 0.0]
      [Ext Root Scanning (ms): Min: 35.0, Avg: 42.1, Max: 49.2, Diff: 14.1, Sum: 84.2]
      [Update RS (ms): Min: 0.0, Avg: 1.3, Max: 2.5, Diff: 2.5, Sum: 2.5]
         [Processed Buffers: Min: 0, Avg: 31.5, Max: 63, Diff: 63, Sum: 63]
      [Scan RS (ms): Min: 0.2, Avg: 5.0, Max: 9.9, Diff: 9.7, Sum: 10.1]
      [Object Copy (ms): Min: 102.9, Avg: 103.9, Max: 104.8, Diff: 1.9, Sum: 207.7]
      [Termination (ms): Min: 0.0, Avg: 0.0, Max: 0.0, Diff: 0.0, Sum: 0.0]
      [GC Worker Other (ms): Min: 0.1, Avg: 0.1, Max: 0.1, Diff: 0.0, Sum: 0.2]
      [GC Worker Total (ms): Min: 152.3, Avg: 152.4, Max: 152.4, Diff: 0.1, Sum: 304.7]
      [GC Worker End (ms): Min: 1143667.9, Avg: 1143667.9, Max: 1143667.9, Diff: 0.0]
   [Code Root Fixup: 0.1 ms]
   [Clear CT: 1.5 ms]
   [Other: 33.2 ms]
      [Choose CSet: 0.0 ms]
      [Ref Proc: 30.5 ms]
      [Ref Enq: 0.5 ms]
      [Free CSet: 1.6 ms]
   [Eden: 898.0M(898.0M)->0.0B(933.0M) Survivors: 126.0M->91.0M Heap: 1216.0M(3072.0M)->282.5M(3072.0M)]
 [Times: user=0.34 sys=0.00, real=0.19 secs] 
1427.391: [GC pause (young)
Desired survivor size 67108864 bytes, new threshold 16 (max 32)
- age   1:    6963512 bytes,    6963512 total
- age   2:    3898032 bytes,   10861544 total
- age   3:   45686816 bytes,   56548360 total
, 0.3635280 secs]
   [Parallel Time: 272.9 ms, GC Workers: 2]
      [GC Worker Start (ms): Min: 1427391.6, Avg: 1427391.6, Max: 1427391.6, Diff: 0.0]
      [Ext Root Scanning (ms): Min: 39.6, Avg: 46.0, Max: 52.4, Diff: 12.8, Sum: 92.0]
      [Update RS (ms): Min: 0.0, Avg: 3.6, Max: 7.2, Diff: 7.2, Sum: 7.2]
         [Processed Buffers: Min: 0, Avg: 39.0, Max: 78, Diff: 78, Sum: 78]
      [Scan RS (ms): Min: 0.2, Avg: 4.6, Max: 9.1, Diff: 8.9, Sum: 9.3]
      [Object Copy (ms): Min: 216.7, Avg: 218.4, Max: 220.1, Diff: 3.3, Sum: 436.8]
      [Termination (ms): Min: 0.0, Avg: 0.0, Max: 0.0, Diff: 0.0, Sum: 0.0]
      [GC Worker Other (ms): Min: 0.1, Avg: 0.1, Max: 0.1, Diff: 0.0, Sum: 0.2]
      [GC Worker Total (ms): Min: 272.7, Avg: 272.7, Max: 272.7, Diff: 0.0, Sum: 545.4]
      [GC Worker End (ms): Min: 1427664.3, Avg: 1427664.3, Max: 1427664.3, Diff: 0.0]
   [Code Root Fixup: 0.2 ms]
   [Clear CT: 1.3 ms]
   [Other: 89.1 ms]
      [Choose CSet: 0.0 ms]
      [Ref Proc: 85.8 ms]
      [Ref Enq: 1.0 ms]
      [Free CSet: 1.5 ms]
   [Eden: 933.0M(933.0M)->0.0B(896.0M) Survivors: 91.0M->128.0M Heap: 1215.5M(3072.0M)->363.0M(3072.0M)]
 [Times: user=0.61 sys=0.03, real=0.36 secs] 
4770.432: [GC pause (young)
Desired survivor size 67108864 bytes, new threshold 4 (max 32)
- age   1:   55371616 bytes,   55371616 total
- age   2:    4525856 bytes,   59897472 total
- age   3:    3869608 bytes,   63767080 total
- age   4:   45645728 bytes,  109412808 total
, 0.3129740 secs]
   [Parallel Time: 252.7 ms, GC Workers: 2]
      [GC Worker Start (ms): Min: 4770432.6, Avg: 4770432.6, Max: 4770432.6, Diff: 0.0]
      [Ext Root Scanning (ms): Min: 39.4, Avg: 46.4, Max: 53.4, Diff: 14.0, Sum: 92.9]
      [Update RS (ms): Min: 0.0, Avg: 1.9, Max: 3.7, Diff: 3.7, Sum: 3.7]
         [Processed Buffers: Min: 0, Avg: 35.5, Max: 71, Diff: 71, Sum: 71]
      [Scan RS (ms): Min: 0.2, Avg: 7.0, Max: 13.8, Diff: 13.6, Sum: 14.0]
      [Object Copy (ms): Min: 195.5, Avg: 197.2, Max: 198.9, Diff: 3.4, Sum: 394.4]
      [Termination (ms): Min: 0.0, Avg: 0.0, Max: 0.0, Diff: 0.0, Sum: 0.0]
      [GC Worker Other (ms): Min: 0.1, Avg: 0.1, Max: 0.1, Diff: 0.0, Sum: 0.2]
      [GC Worker Total (ms): Min: 252.5, Avg: 252.5, Max: 252.6, Diff: 0.0, Sum: 505.1]
      [GC Worker End (ms): Min: 4770685.1, Avg: 4770685.1, Max: 4770685.1, Diff: 0.0]
   [Code Root Fixup: 0.1 ms]
   [Clear CT: 7.2 ms]
   [Other: 52.9 ms]
      [Choose CSet: 0.0 ms]
      [Ref Proc: 49.2 ms]
      [Ref Enq: 0.7 ms]
      [Free CSet: 2.0 ms]
   [Eden: 896.0M(896.0M)->0.0B(917.0M) Survivors: 128.0M->107.0M Heap: 1259.0M(3072.0M)->386.0M(3072.0M)]
 [Times: user=0.56 sys=0.01, real=0.32 secs] 
11883.746: [GC pause (young)
Desired survivor size 67108864 bytes, new threshold 16 (max 32)
- age   1:    1518880 bytes,    1518880 total
- age   2:   49097672 bytes,   50616552 total
- age   3:    4279088 bytes,   54895640 total
- age   4:    3866376 bytes,   58762016 total
, 0.1750040 secs]
   [Parallel Time: 145.8 ms, GC Workers: 2]
      [GC Worker Start (ms): Min: 11883746.4, Avg: 11883746.4, Max: 11883746.4, Diff: 0.0]
      [Ext Root Scanning (ms): Min: 36.6, Avg: 42.2, Max: 47.7, Diff: 11.1, Sum: 84.4]
      [Update RS (ms): Min: 0.0, Avg: 2.0, Max: 4.0, Diff: 4.0, Sum: 4.0]
         [Processed Buffers: Min: 0, Avg: 76.5, Max: 153, Diff: 153, Sum: 153]
      [Scan RS (ms): Min: 2.4, Avg: 4.7, Max: 7.0, Diff: 4.5, Sum: 9.4]
      [Object Copy (ms): Min: 95.4, Avg: 96.7, Max: 98.0, Diff: 2.6, Sum: 193.4]
      [Termination (ms): Min: 0.0, Avg: 0.0, Max: 0.0, Diff: 0.0, Sum: 0.0]
      [GC Worker Other (ms): Min: 0.1, Avg: 0.1, Max: 0.1, Diff: 0.0, Sum: 0.1]
      [GC Worker Total (ms): Min: 145.7, Avg: 145.7, Max: 145.7, Diff: 0.0, Sum: 291.4]
      [GC Worker End (ms): Min: 11883892.1, Avg: 11883892.1, Max: 11883892.1, Diff: 0.0]
   [Code Root Fixup: 0.0 ms]
   [Clear CT: 11.5 ms]
   [Other: 17.8 ms]
      [Choose CSet: 0.0 ms]
      [Ref Proc: 13.7 ms]
      [Ref Enq: 0.4 ms]
      [Free CSet: 2.9 ms]
   [Eden: 917.0M(917.0M)->0.0B(970.0M) Survivors: 107.0M->54.0M Heap: 1303.0M(3072.0M)->332.5M(3072.0M)]
 [Times: user=0.33 sys=0.00, real=0.18 secs] 
19529.097: [GC pause (young)
Desired survivor size 67108864 bytes, new threshold 16 (max 32)
- age   1:     794656 bytes,     794656 total
- age   2:      69528 bytes,     864184 total
- age   3:   43010480 bytes,   43874664 total
- age   4:    4249128 bytes,   48123792 total
- age   5:    3807256 bytes,   51931048 total
, 0.1973790 secs]
   [Parallel Time: 165.5 ms, GC Workers: 2]
      [GC Worker Start (ms): Min: 19529097.9, Avg: 19529097.9, Max: 19529098.0, Diff: 0.0]
      [Ext Root Scanning (ms): Min: 38.2, Avg: 48.2, Max: 58.3, Diff: 20.0, Sum: 96.5]
      [Update RS (ms): Min: 0.0, Avg: 4.1, Max: 8.3, Diff: 8.3, Sum: 8.3]
         [Processed Buffers: Min: 0, Avg: 73.5, Max: 147, Diff: 147, Sum: 147]
      [Scan RS (ms): Min: 0.3, Avg: 3.1, Max: 5.8, Diff: 5.6, Sum: 6.1]
      [Object Copy (ms): Min: 106.6, Avg: 109.8, Max: 112.9, Diff: 6.2, Sum: 219.5]
      [Termination (ms): Min: 0.0, Avg: 0.0, Max: 0.0, Diff: 0.0, Sum: 0.0]
      [GC Worker Other (ms): Min: 0.1, Avg: 0.1, Max: 0.1, Diff: 0.0, Sum: 0.2]
      [GC Worker Total (ms): Min: 165.3, Avg: 165.3, Max: 165.3, Diff: 0.0, Sum: 330.6]
      [GC Worker End (ms): Min: 19529263.2, Avg: 19529263.2, Max: 19529263.2, Diff: 0.0]
   [Code Root Fixup: 0.1 ms]
   [Clear CT: 11.1 ms]
   [Other: 20.7 ms]
      [Choose CSet: 0.0 ms]
      [Ref Proc: 16.3 ms]
      [Ref Enq: 0.4 ms]
      [Free CSet: 3.3 ms]
   [Eden: 970.0M(970.0M)->0.0B(970.0M) Survivors: 54.0M->54.0M Heap: 1302.5M(3072.0M)->333.0M(3072.0M)]
 [Times: user=0.37 sys=0.00, real=0.19 secs] 
25815.885: [GC pause (young)
Desired survivor size 67108864 bytes, new threshold 16 (max 32)
- age   1:     901016 bytes,     901016 total
- age   2:      27824 bytes,     928840 total
- age   3:      69448 bytes,     998288 total
- age   4:   43010480 bytes,   44008768 total
- age   5:    4249128 bytes,   48257896 total
- age   6:    3807256 bytes,   52065152 total
, 0.1995140 secs]
   [Parallel Time: 170.3 ms, GC Workers: 2]
      [GC Worker Start (ms): Min: 25815885.5, Avg: 25815885.5, Max: 25815885.5, Diff: 0.0]
      [Ext Root Scanning (ms): Min: 37.2, Avg: 46.0, Max: 54.9, Diff: 17.8, Sum: 92.1]
      [Update RS (ms): Min: 0.0, Avg: 4.4, Max: 8.9, Diff: 8.9, Sum: 8.9]
         [Processed Buffers: Min: 0, Avg: 87.0, Max: 174, Diff: 174, Sum: 174]
      [Scan RS (ms): Min: 3.8, Avg: 6.3, Max: 8.8, Diff: 4.9, Sum: 12.6]
      [Object Copy (ms): Min: 111.4, Avg: 113.4, Max: 115.3, Diff: 4.0, Sum: 226.7]
      [Termination (ms): Min: 0.0, Avg: 0.0, Max: 0.0, Diff: 0.0, Sum: 0.0]
      [GC Worker Other (ms): Min: 0.1, Avg: 0.1, Max: 0.1, Diff: 0.0, Sum: 0.2]
      [GC Worker Total (ms): Min: 170.2, Avg: 170.2, Max: 170.2, Diff: 0.0, Sum: 340.4]
      [GC Worker End (ms): Min: 25816055.7, Avg: 25816055.7, Max: 25816055.7, Diff: 0.0]
   [Code Root Fixup: 0.1 ms]
   [Clear CT: 5.6 ms]
   [Other: 23.5 ms]
      [Choose CSet: 0.0 ms]
      [Ref Proc: 19.5 ms]
      [Ref Enq: 0.5 ms]
      [Free CSet: 2.7 ms]
   [Eden: 970.0M(970.0M)->0.0B(956.0M) Survivors: 54.0M->68.0M Heap: 1303.0M(3072.0M)->346.5M(3072.0M)]
 [Times: user=0.37 sys=0.00, real=0.20 secs] 
25845.889: [GC pause (young)
Desired survivor size 67108864 bytes, new threshold 16 (max 32)
- age   1:    9726744 bytes,    9726744 total
- age   2:      13016 bytes,    9739760 total
- age   3:      25480 bytes,    9765240 total
- age   4:      68864 bytes,    9834104 total
- age   5:   43009496 bytes,   52843600 total
- age   6:    4245272 bytes,   57088872 total
- age   7:    3807256 bytes,   60896128 total
, 0.4702940 secs]
   [Parallel Time: 461.2 ms, GC Workers: 2]
      [GC Worker Start (ms): Min: 25845889.7, Avg: 25845889.7, Max: 25845889.7, Diff: 0.1]
      [Ext Root Scanning (ms): Min: 40.5, Avg: 46.7, Max: 52.9, Diff: 12.4, Sum: 93.4]
      [Update RS (ms): Min: 21.6, Avg: 26.8, Max: 31.9, Diff: 10.3, Sum: 53.6]
         [Processed Buffers: Min: 77, Avg: 81.0, Max: 85, Diff: 8, Sum: 162]
      [Scan RS (ms): Min: 32.8, Avg: 32.9, Max: 32.9, Diff: 0.1, Sum: 65.8]
      [Object Copy (ms): Min: 353.5, Avg: 354.5, Max: 355.5, Diff: 2.0, Sum: 709.0]
      [Termination (ms): Min: 0.0, Avg: 0.0, Max: 0.0, Diff: 0.0, Sum: 0.0]
      [GC Worker Other (ms): Min: 0.1, Avg: 0.1, Max: 0.1, Diff: 0.0, Sum: 0.2]
      [GC Worker Total (ms): Min: 460.9, Avg: 461.0, Max: 461.0, Diff: 0.1, Sum: 921.9]
      [GC Worker End (ms): Min: 25846350.6, Avg: 25846350.7, Max: 25846350.7, Diff: 0.0]
   [Code Root Fixup: 0.3 ms]
   [Clear CT: 0.6 ms]
   [Other: 8.1 ms]
      [Choose CSet: 0.0 ms]
      [Ref Proc: 4.5 ms]
      [Ref Enq: 0.1 ms]
      [Free CSet: 2.2 ms]
   [Eden: 956.0M(956.0M)->0.0B(896.0M) Survivors: 68.0M->128.0M Heap: 1304.5M(3072.0M)->424.0M(3072.0M)]
 [Times: user=0.91 sys=0.02, real=0.47 secs] 
25869.107: [GC pause (young)
Desired survivor size 67108864 bytes, new threshold 1 (max 32)
- age   1:   90383664 bytes,   90383664 total
- age   2:    5446528 bytes,   95830192 total
- age   3:      12936 bytes,   95843128 total
- age   4:      25480 bytes,   95868608 total
- age   5:      68728 bytes,   95937336 total
- age   6:   43009496 bytes,  138946832 total
- age   7:    4245272 bytes,  143192104 total
- age   8:    3807256 bytes,  146999360 total
, 0.5757010 secs]
   [Parallel Time: 565.8 ms, GC Workers: 2]
      [GC Worker Start (ms): Min: 25869107.8, Avg: 25869107.9, Max: 25869107.9, Diff: 0.1]
      [Ext Root Scanning (ms): Min: 41.5, Avg: 50.2, Max: 58.9, Diff: 17.3, Sum: 100.4]
      [Update RS (ms): Min: 24.2, Avg: 32.6, Max: 41.1, Diff: 16.9, Sum: 65.3]
         [Processed Buffers: Min: 105, Avg: 120.5, Max: 136, Diff: 31, Sum: 241]
      [Scan RS (ms): Min: 67.1, Avg: 67.1, Max: 67.1, Diff: 0.0, Sum: 134.1]
      [Object Copy (ms): Min: 415.5, Avg: 415.7, Max: 415.9, Diff: 0.4, Sum: 831.4]
      [Termination (ms): Min: 0.0, Avg: 0.0, Max: 0.0, Diff: 0.0, Sum: 0.0]
      [GC Worker Other (ms): Min: 0.1, Avg: 0.1, Max: 0.1, Diff: 0.0, Sum: 0.2]
      [GC Worker Total (ms): Min: 565.7, Avg: 565.7, Max: 565.7, Diff: 0.1, Sum: 1131.4]
      [GC Worker End (ms): Min: 25869673.6, Avg: 25869673.6, Max: 25869673.6, Diff: 0.0]
   [Code Root Fixup: 0.5 ms]
   [Clear CT: 1.4 ms]
   [Other: 7.9 ms]
      [Choose CSet: 0.0 ms]
      [Ref Proc: 3.0 ms]
      [Ref Enq: 0.0 ms]
      [Free CSet: 2.9 ms]
   [Eden: 896.0M(896.0M)->0.0B(972.0M) Survivors: 128.0M->52.0M Heap: 1324.5M(3072.0M)->466.3M(3072.0M)]
 [Times: user=1.07 sys=0.08, real=0.57 secs] 
25893.515: [GC pause (young)
Desired survivor size 67108864 bytes, new threshold 16 (max 32)
- age   1:   52523424 bytes,   52523424 total
, 0.3679200 secs]
   [Parallel Time: 352.3 ms, GC Workers: 2]
      [GC Worker Start (ms): Min: 25893516.6, Avg: 25893516.6, Max: 25893516.6, Diff: 0.0]
      [Ext Root Scanning (ms): Min: 48.0, Avg: 55.8, Max: 63.7, Diff: 15.6, Sum: 111.7]
      [Update RS (ms): Min: 23.1, Avg: 30.5, Max: 38.0, Diff: 15.0, Sum: 61.1]
         [Processed Buffers: Min: 118, Avg: 130.0, Max: 142, Diff: 24, Sum: 260]
      [Scan RS (ms): Min: 53.7, Avg: 53.8, Max: 53.8, Diff: 0.1, Sum: 107.5]
      [Object Copy (ms): Min: 211.4, Avg: 211.9, Max: 212.3, Diff: 0.9, Sum: 423.7]
      [Termination (ms): Min: 0.0, Avg: 0.0, Max: 0.0, Diff: 0.0, Sum: 0.0]
      [GC Worker Other (ms): Min: 0.1, Avg: 0.1, Max: 0.2, Diff: 0.1, Sum: 0.2]
      [GC Worker Total (ms): Min: 352.1, Avg: 352.1, Max: 352.1, Diff: 0.0, Sum: 704.2]
      [GC Worker End (ms): Min: 25893868.7, Avg: 25893868.7, Max: 25893868.7, Diff: 0.0]
   [Code Root Fixup: 0.0 ms]
   [Clear CT: 0.8 ms]
   [Other: 14.8 ms]
      [Choose CSet: 0.0 ms]
      [Ref Proc: 9.1 ms]
      [Ref Enq: 0.1 ms]
      [Free CSet: 3.9 ms]
   [Eden: 972.0M(972.0M)->0.0B(943.0M) Survivors: 52.0M->81.0M Heap: 1438.3M(3072.0M)->495.8M(3072.0M)]
 [Times: user=0.71 sys=0.01, real=0.37 secs] 
25927.073: [GC pause (young)
Desired survivor size 67108864 bytes, new threshold 2 (max 32)
- age   1:   45456368 bytes,   45456368 total
- age   2:   33417640 bytes,   78874008 total
, 0.3194880 secs]
   [Parallel Time: 293.7 ms, GC Workers: 2]
      [GC Worker Start (ms): Min: 25927073.4, Avg: 25927073.4, Max: 25927073.4, Diff: 0.0]
      [Ext Root Scanning (ms): Min: 43.7, Avg: 50.0, Max: 56.3, Diff: 12.6, Sum: 100.0]
      [Update RS (ms): Min: 0.5, Avg: 8.9, Max: 17.3, Diff: 16.8, Sum: 17.7]
         [Processed Buffers: Min: 29, Avg: 140.0, Max: 251, Diff: 222, Sum: 280]
      [Scan RS (ms): Min: 61.2, Avg: 61.2, Max: 61.3, Diff: 0.0, Sum: 122.5]
      [Object Copy (ms): Min: 171.3, Avg: 173.4, Max: 175.6, Diff: 4.2, Sum: 346.9]
      [Termination (ms): Min: 0.0, Avg: 0.0, Max: 0.0, Diff: 0.0, Sum: 0.0]
      [GC Worker Other (ms): Min: 0.1, Avg: 0.1, Max: 0.1, Diff: 0.0, Sum: 0.2]
      [GC Worker Total (ms): Min: 293.6, Avg: 293.6, Max: 293.6, Diff: 0.0, Sum: 587.2]
      [GC Worker End (ms): Min: 25927367.0, Avg: 25927367.0, Max: 25927367.0, Diff: 0.0]
   [Code Root Fixup: 0.0 ms]
   [Clear CT: 1.0 ms]
   [Other: 24.8 ms]
      [Choose CSet: 0.0 ms]
      [Ref Proc: 21.4 ms]
      [Ref Enq: 0.1 ms]
      [Free CSet: 2.1 ms]
   [Eden: 943.0M(943.0M)->0.0B(965.0M) Survivors: 81.0M->59.0M Heap: 1472.3M(3072.0M)->531.0M(3072.0M)]
 [Times: user=0.58 sys=0.03, real=0.32 secs] 
25947.631: [GC pause (young)
Desired survivor size 67108864 bytes, new threshold 16 (max 32)
- age   1:   32985616 bytes,   32985616 total
- age   2:   21197592 bytes,   54183208 total
, 0.4099620 secs]
   [Parallel Time: 395.5 ms, GC Workers: 2]
      [GC Worker Start (ms): Min: 25947632.1, Avg: 25947632.1, Max: 25947632.1, Diff: 0.0]
      [Ext Root Scanning (ms): Min: 40.3, Avg: 50.6, Max: 60.8, Diff: 20.5, Sum: 101.1]
      [Update RS (ms): Min: 13.2, Avg: 22.4, Max: 31.7, Diff: 18.6, Sum: 44.9]
         [Processed Buffers: Min: 116, Avg: 131.5, Max: 147, Diff: 31, Sum: 263]
      [Scan RS (ms): Min: 28.1, Avg: 28.1, Max: 28.1, Diff: 0.0, Sum: 56.2]
      [Object Copy (ms): Min: 293.3, Avg: 294.2, Max: 295.1, Diff: 1.9, Sum: 588.4]
      [Termination (ms): Min: 0.0, Avg: 0.0, Max: 0.0, Diff: 0.0, Sum: 0.0]
      [GC Worker Other (ms): Min: 0.1, Avg: 0.1, Max: 0.1, Diff: 0.0, Sum: 0.2]
      [GC Worker Total (ms): Min: 395.4, Avg: 395.4, Max: 395.4, Diff: 0.0, Sum: 790.8]
      [GC Worker End (ms): Min: 25948027.5, Avg: 25948027.5, Max: 25948027.5, Diff: 0.0]
   [Code Root Fixup: 0.1 ms]
   [Clear CT: 0.6 ms]
   [Other: 13.9 ms]
      [Choose CSet: 0.0 ms]
      [Ref Proc: 10.9 ms]
      [Ref Enq: 0.1 ms]
      [Free CSet: 1.9 ms]
   [Eden: 965.0M(965.0M)->0.0B(914.0M) Survivors: 59.0M->110.0M Heap: 1497.5M(3072.0M)->584.0M(3072.0M)]
 [Times: user=0.72 sys=0.09, real=0.41 secs] 
25961.518: [GC pause (young)
Desired survivor size 67108864 bytes, new threshold 1 (max 32)
- age   1:   78497176 bytes,   78497176 total
- age   2:   11494440 bytes,   89991616 total
- age   3:   19896000 bytes,  109887616 total
, 0.3874280 secs]
   [Parallel Time: 377.1 ms, GC Workers: 2]
      [GC Worker Start (ms): Min: 25961519.0, Avg: 25961519.0, Max: 25961519.0, Diff: 0.0]
      [Ext Root Scanning (ms): Min: 43.6, Avg: 51.1, Max: 58.5, Diff: 15.0, Sum: 102.1]
      [Update RS (ms): Min: 19.0, Avg: 26.6, Max: 34.1, Diff: 15.1, Sum: 53.2]
         [Processed Buffers: Min: 131, Avg: 134.5, Max: 138, Diff: 7, Sum: 269]
      [Scan RS (ms): Min: 31.9, Avg: 31.9, Max: 31.9, Diff: 0.0, Sum: 63.8]
      [Object Copy (ms): Min: 267.3, Avg: 267.3, Max: 267.4, Diff: 0.2, Sum: 534.7]
      [Termination (ms): Min: 0.0, Avg: 0.0, Max: 0.0, Diff: 0.0, Sum: 0.0]
      [GC Worker Other (ms): Min: 0.1, Avg: 0.1, Max: 0.1, Diff: 0.0, Sum: 0.1]
      [GC Worker Total (ms): Min: 377.0, Avg: 377.0, Max: 377.0, Diff: 0.0, Sum: 754.0]
      [GC Worker End (ms): Min: 25961896.0, Avg: 25961896.0, Max: 25961896.0, Diff: 0.0]
   [Code Root Fixup: 0.1 ms]
   [Clear CT: 1.0 ms]
   [Other: 9.2 ms]
      [Choose CSet: 0.0 ms]
      [Ref Proc: 5.4 ms]
      [Ref Enq: 0.0 ms]
      [Free CSet: 2.2 ms]
   [Eden: 914.0M(914.0M)->0.0B(949.0M) Survivors: 110.0M->75.0M Heap: 1523.2M(3072.0M)->614.7M(3072.0M)]
 [Times: user=0.74 sys=0.02, real=0.39 secs] 
25980.742: [GC pause (young)
Desired survivor size 67108864 bytes, new threshold 1 (max 32)
- age   1:   76565648 bytes,   76565648 total
, 0.4185810 secs]
   [Parallel Time: 402.4 ms, GC Workers: 2]
      [GC Worker Start (ms): Min: 25980743.2, Avg: 25980743.2, Max: 25980743.2, Diff: 0.0]
      [Ext Root Scanning (ms): Min: 50.8, Avg: 57.1, Max: 63.4, Diff: 12.5, Sum: 114.2]
      [Update RS (ms): Min: 21.0, Avg: 29.3, Max: 37.5, Diff: 16.5, Sum: 58.6]
         [Processed Buffers: Min: 131, Avg: 162.5, Max: 194, Diff: 63, Sum: 325]
      [Scan RS (ms): Min: 34.0, Avg: 34.0, Max: 34.0, Diff: 0.0, Sum: 67.9]
      [Object Copy (ms): Min: 279.9, Avg: 281.9, Max: 283.9, Diff: 4.0, Sum: 563.8]
      [Termination (ms): Min: 0.0, Avg: 0.0, Max: 0.0, Diff: 0.0, Sum: 0.0]
      [GC Worker Other (ms): Min: 0.1, Avg: 0.1, Max: 0.1, Diff: 0.0, Sum: 0.1]
      [GC Worker Total (ms): Min: 402.3, Avg: 402.3, Max: 402.3, Diff: 0.0, Sum: 804.6]
      [GC Worker End (ms): Min: 25981145.5, Avg: 25981145.5, Max: 25981145.5, Diff: 0.0]
   [Code Root Fixup: 0.0 ms]
   [Clear CT: 0.6 ms]
   [Other: 15.6 ms]
      [Choose CSet: 0.0 ms]
      [Ref Proc: 11.1 ms]
      [Ref Enq: 0.1 ms]
      [Free CSet: 2.7 ms]
   [Eden: 949.0M(949.0M)->0.0B(974.0M) Survivors: 75.0M->50.0M Heap: 1567.2M(3072.0M)->648.7M(3072.0M)]
 [Times: user=0.77 sys=0.05, real=0.42 secs] 
25995.135: [GC pause (young)
Desired survivor size 67108864 bytes, new threshold 16 (max 32)
- age   1:   45919776 bytes,   45919776 total
, 0.3358040 secs]
   [Parallel Time: 316.2 ms, GC Workers: 2]
      [GC Worker Start (ms): Min: 25995136.0, Avg: 25995136.0, Max: 25995136.0, Diff: 0.0]
      [Ext Root Scanning (ms): Min: 44.0, Avg: 54.0, Max: 63.9, Diff: 19.9, Sum: 107.9]
      [Update RS (ms): Min: 17.9, Avg: 26.6, Max: 35.3, Diff: 17.5, Sum: 53.2]
         [Processed Buffers: Min: 106, Avg: 127.5, Max: 149, Diff: 43, Sum: 255]
      [Scan RS (ms): Min: 31.8, Avg: 31.8, Max: 31.8, Diff: 0.0, Sum: 63.6]
      [Object Copy (ms): Min: 202.4, Avg: 203.6, Max: 204.8, Diff: 2.4, Sum: 407.2]
      [Termination (ms): Min: 0.0, Avg: 0.0, Max: 0.0, Diff: 0.0, Sum: 0.0]
      [GC Worker Other (ms): Min: 0.1, Avg: 0.1, Max: 0.1, Diff: 0.0, Sum: 0.2]
      [GC Worker Total (ms): Min: 316.0, Avg: 316.1, Max: 316.1, Diff: 0.0, Sum: 632.1]
      [GC Worker End (ms): Min: 25995452.0, Avg: 25995452.0, Max: 25995452.0, Diff: 0.0]
   [Code Root Fixup: 0.0 ms]
   [Clear CT: 0.6 ms]
   [Other: 19.0 ms]
      [Choose CSet: 0.0 ms]
      [Ref Proc: 15.0 ms]
      [Ref Enq: 0.1 ms]
      [Free CSet: 2.6 ms]
   [Eden: 974.0M(974.0M)->0.0B(945.0M) Survivors: 50.0M->79.0M Heap: 1645.2M(3072.0M)->700.7M(3072.0M)]
 [Times: user=0.56 sys=0.08, real=0.34 secs] 
26007.355: [GC pause (young)
Desired survivor size 67108864 bytes, new threshold 2 (max 32)
- age   1:   44632368 bytes,   44632368 total
- age   2:   30428184 bytes,   75060552 total
, 0.3820330 secs]
   [Parallel Time: 326.6 ms, GC Workers: 2]
      [GC Worker Start (ms): Min: 26007356.4, Avg: 26007356.4, Max: 26007356.4, Diff: 0.0]
      [Ext Root Scanning (ms): Min: 41.4, Avg: 52.0, Max: 62.5, Diff: 21.1, Sum: 103.9]
      [Update RS (ms): Min: 9.1, Avg: 18.8, Max: 28.4, Diff: 19.3, Sum: 37.5]
         [Processed Buffers: Min: 87, Avg: 145.0, Max: 203, Diff: 116, Sum: 290]
      [Scan RS (ms): Min: 45.7, Avg: 45.7, Max: 45.8, Diff: 0.1, Sum: 91.4]
      [Object Copy (ms): Min: 208.9, Avg: 209.8, Max: 210.6, Diff: 1.8, Sum: 419.5]
      [Termination (ms): Min: 0.0, Avg: 0.1, Max: 0.2, Diff: 0.2, Sum: 0.2]
      [GC Worker Other (ms): Min: 0.1, Avg: 0.1, Max: 0.2, Diff: 0.1, Sum: 0.3]
      [GC Worker Total (ms): Min: 326.4, Avg: 326.4, Max: 326.4, Diff: 0.0, Sum: 652.8]
      [GC Worker End (ms): Min: 26007682.8, Avg: 26007682.8, Max: 26007682.8, Diff: 0.0]
   [Code Root Fixup: 0.0 ms]
   [Clear CT: 0.7 ms]
   [Other: 54.8 ms]
      [Choose CSet: 0.0 ms]
      [Ref Proc: 49.5 ms]
      [Ref Enq: 0.1 ms]
      [Free CSet: 3.2 ms]
   [Eden: 945.0M(945.0M)->0.0B(957.0M) Survivors: 79.0M->67.0M Heap: 1672.9M(3072.0M)->743.9M(3072.0M)]
 [Times: user=0.66 sys=0.05, real=0.38 secs] 
26019.249: [GC pause (young)
Desired survivor size 67108864 bytes, new threshold 16 (max 32)
- age   1:   33909616 bytes,   33909616 total
- age   2:   26997200 bytes,   60906816 total
, 0.3800160 secs]
   [Parallel Time: 371.9 ms, GC Workers: 2]
      [GC Worker Start (ms): Min: 26019249.6, Avg: 26019249.6, Max: 26019249.6, Diff: 0.0]
      [Ext Root Scanning (ms): Min: 45.6, Avg: 51.1, Max: 56.7, Diff: 11.1, Sum: 102.3]
      [Update RS (ms): Min: 18.6, Avg: 25.6, Max: 32.7, Diff: 14.1, Sum: 51.3]
         [Processed Buffers: Min: 136, Avg: 138.5, Max: 141, Diff: 5, Sum: 277]
      [Scan RS (ms): Min: 42.6, Avg: 42.6, Max: 42.6, Diff: 0.0, Sum: 85.3]
      [Object Copy (ms): Min: 250.8, Avg: 252.3, Max: 253.8, Diff: 3.0, Sum: 504.5]
      [Termination (ms): Min: 0.0, Avg: 0.0, Max: 0.1, Diff: 0.1, Sum: 0.1]
      [GC Worker Other (ms): Min: 0.1, Avg: 0.1, Max: 0.1, Diff: 0.0, Sum: 0.2]
      [GC Worker Total (ms): Min: 371.8, Avg: 371.8, Max: 371.8, Diff: 0.0, Sum: 743.6]
      [GC Worker End (ms): Min: 26019621.4, Avg: 26019621.4, Max: 26019621.4, Diff: 0.0]
   [Code Root Fixup: 0.0 ms]
   [Clear CT: 0.6 ms]
   [Other: 7.5 ms]
      [Choose CSet: 0.0 ms]
      [Ref Proc: 2.8 ms]
      [Ref Enq: 0.1 ms]
      [Free CSet: 3.0 ms]
   [Eden: 957.0M(957.0M)->0.0B(916.0M) Survivors: 67.0M->108.0M Heap: 1703.9M(3072.0M)->787.4M(3072.0M)]
 [Times: user=0.71 sys=0.04, real=0.38 secs] 
26029.933: [GC pause (young)
Desired survivor size 67108864 bytes, new threshold 2 (max 32)
- age   1:   64275304 bytes,   64275304 total
- age   2:   23121568 bytes,   87396872 total
- age   3:   22290080 bytes,  109686952 total
, 0.5317220 secs]
   [Parallel Time: 523.7 ms, GC Workers: 2]
      [GC Worker Start (ms): Min: 26029933.9, Avg: 26029933.9, Max: 26029933.9, Diff: 0.0]
      [Ext Root Scanning (ms): Min: 43.8, Avg: 50.4, Max: 57.1, Diff: 13.3, Sum: 100.9]
      [Update RS (ms): Min: 35.4, Avg: 44.1, Max: 52.9, Diff: 17.6, Sum: 88.3]
         [Processed Buffers: Min: 101, Avg: 128.5, Max: 156, Diff: 55, Sum: 257]
      [Scan RS (ms): Min: 56.8, Avg: 56.9, Max: 56.9, Diff: 0.1, Sum: 113.7]
      [Object Copy (ms): Min: 369.6, Avg: 371.8, Max: 373.9, Diff: 4.3, Sum: 743.5]
      [Termination (ms): Min: 0.0, Avg: 0.0, Max: 0.0, Diff: 0.0, Sum: 0.0]
      [GC Worker Other (ms): Min: 0.1, Avg: 0.2, Max: 0.3, Diff: 0.2, Sum: 0.4]
      [GC Worker Total (ms): Min: 523.3, Avg: 523.4, Max: 523.5, Diff: 0.2, Sum: 1046.8]
      [GC Worker End (ms): Min: 26030457.2, Avg: 26030457.3, Max: 26030457.4, Diff: 0.2]
   [Code Root Fixup: 0.0 ms]
   [Clear CT: 0.6 ms]
   [Other: 7.4 ms]
      [Choose CSet: 0.0 ms]
      [Ref Proc: 2.4 ms]
      [Ref Enq: 0.0 ms]
      [Free CSet: 3.2 ms]
   [Eden: 916.0M(916.0M)->0.0B(914.0M) Survivors: 108.0M->110.0M Heap: 1707.3M(3072.0M)->833.8M(3072.0M)]
 [Times: user=1.00 sys=0.05, real=0.54 secs] 
26039.732: [GC pause (young)
Desired survivor size 67108864 bytes, new threshold 1 (max 32)
- age   1:   68444280 bytes,   68444280 total
- age   2:   45559320 bytes,  114003600 total
, 0.5354040 secs]
   [Parallel Time: 527.4 ms, GC Workers: 2]
      [GC Worker Start (ms): Min: 26039733.1, Avg: 26039733.1, Max: 26039733.1, Diff: 0.0]
      [Ext Root Scanning (ms): Min: 41.6, Avg: 50.5, Max: 59.4, Diff: 17.8, Sum: 101.1]
      [Update RS (ms): Min: 28.3, Avg: 35.9, Max: 43.5, Diff: 15.1, Sum: 71.8]
         [Processed Buffers: Min: 104, Avg: 133.0, Max: 162, Diff: 58, Sum: 266]
      [Scan RS (ms): Min: 60.3, Avg: 60.4, Max: 60.4, Diff: 0.1, Sum: 120.7]
      [Object Copy (ms): Min: 379.0, Avg: 380.3, Max: 381.6, Diff: 2.6, Sum: 760.6]
      [Termination (ms): Min: 0.0, Avg: 0.0, Max: 0.0, Diff: 0.0, Sum: 0.0]
      [GC Worker Other (ms): Min: 0.2, Avg: 0.2, Max: 0.2, Diff: 0.0, Sum: 0.4]
      [GC Worker Total (ms): Min: 527.3, Avg: 527.3, Max: 527.3, Diff: 0.1, Sum: 1054.6]
      [GC Worker End (ms): Min: 26040260.4, Avg: 26040260.4, Max: 26040260.4, Diff: 0.0]
   [Code Root Fixup: 0.0 ms]
   [Clear CT: 0.6 ms]
   [Other: 7.4 ms]
      [Choose CSet: 0.0 ms]
      [Ref Proc: 2.0 ms]
      [Ref Enq: 0.0 ms]
      [Free CSet: 3.2 ms]
   [Eden: 914.0M(914.0M)->0.0B(956.0M) Survivors: 110.0M->68.0M Heap: 1786.3M(3072.0M)->912.8M(3072.0M)]
 [Times: user=1.01 sys=0.05, real=0.54 secs] 
26048.969: [GC pause (young)
Desired survivor size 67108864 bytes, new threshold 1 (max 32)
- age   1:   69277080 bytes,   69277080 total
, 0.2845280 secs]
   [Parallel Time: 274.5 ms, GC Workers: 2]
      [GC Worker Start (ms): Min: 26048970.2, Avg: 26048970.2, Max: 26048970.2, Diff: 0.0]
      [Ext Root Scanning (ms): Min: 44.8, Avg: 51.0, Max: 57.3, Diff: 12.5, Sum: 102.1]
      [Update RS (ms): Min: 20.1, Avg: 28.4, Max: 36.7, Diff: 16.6, Sum: 56.8]
         [Processed Buffers: Min: 137, Avg: 140.5, Max: 144, Diff: 7, Sum: 281]
      [Scan RS (ms): Min: 33.9, Avg: 33.9, Max: 33.9, Diff: 0.0, Sum: 67.8]
      [Object Copy (ms): Min: 159.0, Avg: 161.0, Max: 163.1, Diff: 4.1, Sum: 322.0]
      [Termination (ms): Min: 0.0, Avg: 0.0, Max: 0.0, Diff: 0.0, Sum: 0.0]
      [GC Worker Other (ms): Min: 0.1, Avg: 0.1, Max: 0.1, Diff: 0.0, Sum: 0.2]
      [GC Worker Total (ms): Min: 274.4, Avg: 274.4, Max: 274.4, Diff: 0.0, Sum: 548.8]
      [GC Worker End (ms): Min: 26049244.6, Avg: 26049244.6, Max: 26049244.6, Diff: 0.0]
   [Code Root Fixup: 0.0 ms]
   [Clear CT: 0.6 ms]
   [Other: 9.4 ms]
      [Choose CSet: 0.0 ms]
      [Ref Proc: 4.8 ms]
      [Ref Enq: 0.1 ms]
      [Free CSet: 2.7 ms]
   [Eden: 956.0M(956.0M)->0.0B(979.0M) Survivors: 68.0M->45.0M Heap: 1870.9M(3072.0M)->918.4M(3072.0M)]
 [Times: user=0.55 sys=0.02, real=0.28 secs] 
26059.802: [GC pause (young)
Desired survivor size 67108864 bytes, new threshold 16 (max 32)
- age   1:   44098168 bytes,   44098168 total
, 0.3466350 secs]
   [Parallel Time: 307.0 ms, GC Workers: 2]
      [GC Worker Start (ms): Min: 26059803.2, Avg: 26059803.2, Max: 26059803.2, Diff: 0.0]
      [Ext Root Scanning (ms): Min: 41.5, Avg: 50.5, Max: 59.4, Diff: 17.9, Sum: 100.9]
      [Update RS (ms): Min: 27.8, Avg: 35.5, Max: 43.2, Diff: 15.4, Sum: 70.9]
         [Processed Buffers: Min: 147, Avg: 149.5, Max: 152, Diff: 5, Sum: 299]
      [Scan RS (ms): Min: 39.8, Avg: 39.9, Max: 39.9, Diff: 0.1, Sum: 79.8]
      [Object Copy (ms): Min: 179.8, Avg: 181.0, Max: 182.2, Diff: 2.4, Sum: 362.0]
      [Termination (ms): Min: 0.0, Avg: 0.0, Max: 0.0, Diff: 0.0, Sum: 0.0]
      [GC Worker Other (ms): Min: 0.1, Avg: 0.1, Max: 0.1, Diff: 0.0, Sum: 0.2]
      [GC Worker Total (ms): Min: 306.9, Avg: 306.9, Max: 306.9, Diff: 0.1, Sum: 613.8]
      [GC Worker End (ms): Min: 26060110.1, Avg: 26060110.1, Max: 26060110.1, Diff: 0.0]
   [Code Root Fixup: 0.0 ms]
   [Clear CT: 0.7 ms]
   [Other: 38.9 ms]
      [Choose CSet: 0.0 ms]
      [Ref Proc: 34.2 ms]
      [Ref Enq: 0.1 ms]
      [Free CSet: 3.0 ms]
   [Eden: 979.0M(979.0M)->0.0B(953.0M) Survivors: 45.0M->71.0M Heap: 1922.4M(3072.0M)->969.4M(3072.0M)]
 [Times: user=0.62 sys=0.03, real=0.35 secs] 
26070.722: [GC pause (young)
Desired survivor size 67108864 bytes, new threshold 16 (max 32)
- age   1:   45019720 bytes,   45019720 total
- age   2:   21255480 bytes,   66275200 total
, 0.4344910 secs]
   [Parallel Time: 424.5 ms, GC Workers: 2]
      [GC Worker Start (ms): Min: 26070722.9, Avg: 26070722.9, Max: 26070722.9, Diff: 0.0]
      [Ext Root Scanning (ms): Min: 48.7, Avg: 53.3, Max: 57.9, Diff: 9.1, Sum: 106.6]
      [Update RS (ms): Min: 22.5, Avg: 29.0, Max: 35.6, Diff: 13.1, Sum: 58.0]
         [Processed Buffers: Min: 147, Avg: 151.0, Max: 155, Diff: 8, Sum: 302]
      [Scan RS (ms): Min: 41.7, Avg: 41.7, Max: 41.7, Diff: 0.0, Sum: 83.5]
      [Object Copy (ms): Min: 298.2, Avg: 300.2, Max: 302.2, Diff: 4.0, Sum: 600.4]
      [Termination (ms): Min: 0.0, Avg: 0.0, Max: 0.0, Diff: 0.0, Sum: 0.0]
      [GC Worker Other (ms): Min: 0.1, Avg: 0.1, Max: 0.1, Diff: 0.0, Sum: 0.1]
      [GC Worker Total (ms): Min: 424.3, Avg: 424.3, Max: 424.4, Diff: 0.0, Sum: 848.7]
      [GC Worker End (ms): Min: 26071147.2, Avg: 26071147.2, Max: 26071147.2, Diff: 0.0]
   [Code Root Fixup: 0.0 ms]
   [Clear CT: 0.7 ms]
   [Other: 9.3 ms]
      [Choose CSet: 0.0 ms]
      [Ref Proc: 5.1 ms]
      [Ref Enq: 0.1 ms]
      [Free CSet: 2.8 ms]
   [Eden: 953.0M(953.0M)->0.0B(907.0M) Survivors: 71.0M->117.0M Heap: 1946.9M(3072.0M)->1040.4M(3072.0M)]
 [Times: user=0.80 sys=0.07, real=0.43 secs] 
26080.380: [GC pause (young)
Desired survivor size 67108864 bytes, new threshold 1 (max 32)
- age   1:   75281888 bytes,   75281888 total
- age   2:   24226360 bytes,   99508248 total
- age   3:   18111232 bytes,  117619480 total
, 0.5573730 secs]
   [Parallel Time: 516.0 ms, GC Workers: 2]
      [GC Worker Start (ms): Min: 26080381.0, Avg: 26080381.0, Max: 26080381.0, Diff: 0.0]
      [Ext Root Scanning (ms): Min: 46.6, Avg: 53.4, Max: 60.1, Diff: 13.4, Sum: 106.7]
      [Update RS (ms): Min: 43.6, Avg: 52.3, Max: 61.0, Diff: 17.4, Sum: 104.6]
         [Processed Buffers: Min: 105, Avg: 148.5, Max: 192, Diff: 87, Sum: 297]
      [Scan RS (ms): Min: 56.2, Avg: 56.2, Max: 56.3, Diff: 0.0, Sum: 112.5]
      [Object Copy (ms): Min: 351.8, Avg: 353.8, Max: 355.8, Diff: 4.0, Sum: 707.6]
      [Termination (ms): Min: 0.0, Avg: 0.0, Max: 0.0, Diff: 0.0, Sum: 0.0]
      [GC Worker Other (ms): Min: 0.1, Avg: 0.1, Max: 0.1, Diff: 0.0, Sum: 0.2]
      [GC Worker Total (ms): Min: 515.8, Avg: 515.8, Max: 515.8, Diff: 0.0, Sum: 1031.5]
      [GC Worker End (ms): Min: 26080896.8, Avg: 26080896.8, Max: 26080896.8, Diff: 0.0]
   [Code Root Fixup: 0.0 ms]
   [Clear CT: 0.8 ms]
   [Other: 40.5 ms]
      [Choose CSet: 0.0 ms]
      [Ref Proc: 34.3 ms]
      [Ref Enq: 0.1 ms]
      [Free CSet: 3.5 ms]
   [Eden: 907.0M(907.0M)->0.0B(967.0M) Survivors: 117.0M->57.0M Heap: 1949.4M(3072.0M)->1078.4M(3072.0M)]
 [Times: user=1.02 sys=0.05, real=0.56 secs] 
26089.235: [GC pause (young)
Desired survivor size 67108864 bytes, new threshold 16 (max 32)
- age   1:   51450376 bytes,   51450376 total
, 0.5414230 secs]
   [Parallel Time: 531.9 ms, GC Workers: 2]
      [GC Worker Start (ms): Min: 26089236.6, Avg: 26089236.7, Max: 26089236.7, Diff: 0.0]
      [Ext Root Scanning (ms): Min: 51.9, Avg: 55.2, Max: 58.6, Diff: 6.7, Sum: 110.5]
      [Update RS (ms): Min: 50.2, Avg: 55.1, Max: 60.1, Diff: 9.9, Sum: 110.3]
         [Processed Buffers: Min: 126, Avg: 135.0, Max: 144, Diff: 18, Sum: 270]
      [Scan RS (ms): Min: 54.4, Avg: 54.4, Max: 54.4, Diff: 0.1, Sum: 108.8]
      [Object Copy (ms): Min: 365.3, Avg: 366.9, Max: 368.4, Diff: 3.1, Sum: 733.7]
      [Termination (ms): Min: 0.0, Avg: 0.0, Max: 0.0, Diff: 0.0, Sum: 0.0]
      [GC Worker Other (ms): Min: 0.1, Avg: 0.1, Max: 0.1, Diff: 0.0, Sum: 0.2]
      [GC Worker Total (ms): Min: 531.7, Avg: 531.7, Max: 531.7, Diff: 0.0, Sum: 1063.5]
      [GC Worker End (ms): Min: 26089768.4, Avg: 26089768.4, Max: 26089768.4, Diff: 0.0]
   [Code Root Fixup: 0.0 ms]
   [Clear CT: 0.9 ms]
   [Other: 8.7 ms]
      [Choose CSet: 0.0 ms]
      [Ref Proc: 2.4 ms]
      [Ref Enq: 0.0 ms]
      [Free CSet: 3.8 ms]
   [Eden: 967.0M(967.0M)->0.0B(906.0M) Survivors: 57.0M->118.0M Heap: 2049.4M(3072.0M)->1143.4M(3072.0M)]
 [Times: user=1.00 sys=0.08, real=0.54 secs] 
26097.538: [GC pause (young)
Desired survivor size 67108864 bytes, new threshold 1 (max 32)
- age   1:   87519408 bytes,   87519408 total
- age   2:   34374520 bytes,  121893928 total
, 0.6656330 secs]
   [Parallel Time: 656.3 ms, GC Workers: 2]
      [GC Worker Start (ms): Min: 26097538.9, Avg: 26097538.9, Max: 26097538.9, Diff: 0.0]
      [Ext Root Scanning (ms): Min: 45.7, Avg: 54.4, Max: 63.0, Diff: 17.3, Sum: 108.7]
      [Update RS (ms): Min: 44.3, Avg: 51.9, Max: 59.4, Diff: 15.1, Sum: 103.7]
         [Processed Buffers: Min: 119, Avg: 133.5, Max: 148, Diff: 29, Sum: 267]
      [Scan RS (ms): Min: 73.4, Avg: 73.5, Max: 73.5, Diff: 0.1, Sum: 146.9]
      [Object Copy (ms): Min: 475.3, Avg: 476.4, Max: 477.5, Diff: 2.2, Sum: 952.8]
      [Termination (ms): Min: 0.0, Avg: 0.0, Max: 0.0, Diff: 0.0, Sum: 0.0]
      [GC Worker Other (ms): Min: 0.1, Avg: 0.1, Max: 0.2, Diff: 0.1, Sum: 0.2]
      [GC Worker Total (ms): Min: 656.2, Avg: 656.2, Max: 656.2, Diff: 0.0, Sum: 1312.4]
      [GC Worker End (ms): Min: 26098195.1, Avg: 26098195.1, Max: 26098195.1, Diff: 0.0]
   [Code Root Fixup: 0.0 ms]
   [Clear CT: 0.7 ms]
   [Other: 8.6 ms]
      [Choose CSet: 0.0 ms]
      [Ref Proc: 2.7 ms]
      [Ref Enq: 0.0 ms]
      [Free CSet: 3.2 ms]
   [Eden: 906.0M(906.0M)->0.0B(941.0M) Survivors: 118.0M->83.0M Heap: 2084.9M(3072.0M)->1232.9M(3072.0M)]
 [Times: user=1.22 sys=0.10, real=0.66 secs] 
26108.124: [GC pause (young)
Desired survivor size 67108864 bytes, new threshold 1 (max 32)
- age   1:   85203280 bytes,   85203280 total
, 0.3845840 secs]
   [Parallel Time: 373.3 ms, GC Workers: 2]
      [GC Worker Start (ms): Min: 26108125.9, Avg: 26108125.9, Max: 26108125.9, Diff: 0.1]
      [Ext Root Scanning (ms): Min: 41.8, Avg: 51.3, Max: 60.7, Diff: 18.9, Sum: 102.6]
      [Update RS (ms): Min: 29.2, Avg: 37.7, Max: 46.1, Diff: 16.9, Sum: 75.3]
         [Processed Buffers: Min: 113, Avg: 147.5, Max: 182, Diff: 69, Sum: 295]
      [Scan RS (ms): Min: 66.5, Avg: 66.5, Max: 66.5, Diff: 0.0, Sum: 133.1]
      [Object Copy (ms): Min: 216.6, Avg: 217.6, Max: 218.6, Diff: 2.0, Sum: 435.2]
      [Termination (ms): Min: 0.0, Avg: 0.0, Max: 0.0, Diff: 0.0, Sum: 0.0]
      [GC Worker Other (ms): Min: 0.1, Avg: 0.1, Max: 0.1, Diff: 0.0, Sum: 0.1]
      [GC Worker Total (ms): Min: 373.1, Avg: 373.1, Max: 373.2, Diff: 0.1, Sum: 746.3]
      [GC Worker End (ms): Min: 26108499.0, Avg: 26108499.0, Max: 26108499.0, Diff: 0.0]
   [Code Root Fixup: 0.0 ms]
   [Clear CT: 0.6 ms]
   [Other: 10.7 ms]
      [Choose CSet: 0.0 ms]
      [Ref Proc: 4.2 ms]
      [Ref Enq: 0.1 ms]
      [Free CSet: 4.0 ms]
   [Eden: 941.0M(941.0M)->0.0B(968.0M) Survivors: 83.0M->56.0M Heap: 2196.1M(3072.0M)->1259.6M(3072.0M)]
 [Times: user=0.73 sys=0.01, real=0.39 secs] 
26115.870: [GC pause (young) (initial-mark)
Desired survivor size 67108864 bytes, new threshold 16 (max 32)
- age   1:   56389784 bytes,   56389784 total
, 0.3241910 secs]
   [Parallel Time: 312.2 ms, GC Workers: 2]
      [GC Worker Start (ms): Min: 26115872.5, Avg: 26115872.5, Max: 26115872.5, Diff: 0.0]
      [Ext Root Scanning (ms): Min: 42.5, Avg: 51.5, Max: 60.6, Diff: 18.1, Sum: 103.1]
      [Update RS (ms): Min: 1.0, Avg: 11.2, Max: 21.5, Diff: 20.5, Sum: 22.5]
         [Processed Buffers: Min: 91, Avg: 157.5, Max: 224, Diff: 133, Sum: 315]
      [Scan RS (ms): Min: 61.0, Avg: 61.0, Max: 61.1, Diff: 0.1, Sum: 122.1]
      [Object Copy (ms): Min: 186.9, Avg: 188.2, Max: 189.5, Diff: 2.6, Sum: 376.4]
      [Termination (ms): Min: 0.0, Avg: 0.0, Max: 0.0, Diff: 0.0, Sum: 0.0]
      [GC Worker Other (ms): Min: 0.1, Avg: 0.1, Max: 0.1, Diff: 0.0, Sum: 0.1]
      [GC Worker Total (ms): Min: 312.1, Avg: 312.1, Max: 312.1, Diff: 0.0, Sum: 624.2]
      [GC Worker End (ms): Min: 26116184.6, Avg: 26116184.6, Max: 26116184.6, Diff: 0.0]
   [Code Root Fixup: 0.0 ms]
   [Clear CT: 0.6 ms]
   [Other: 11.4 ms]
      [Choose CSet: 0.0 ms]
      [Ref Proc: 3.9 ms]
      [Ref Enq: 0.1 ms]
      [Free CSet: 4.2 ms]
   [Eden: 896.0M(968.0M)->0.0B(947.0M) Survivors: 56.0M->77.0M Heap: 2182.4M(3072.0M)->1307.5M(3072.0M)]
 [Times: user=0.64 sys=0.00, real=0.32 secs] 
26116.195: [GC concurrent-root-region-scan-start]
26116.545: [GC concurrent-root-region-scan-end, 0.3501980 secs]
26116.545: [GC concurrent-mark-start]
26117.802: [GC concurrent-mark-end, 1.2570030 secs]
26117.804: [GC remark 26117.805: [GC ref-proc, 0.0388940 secs], 0.1042560 secs]
 [Times: user=0.11 sys=0.00, real=0.10 secs] 
26117.910: [GC cleanup 1464M->951M(3072M), 0.0140640 secs]
 [Times: user=0.03 sys=0.00, real=0.01 secs] 
26117.924: [GC concurrent-cleanup-start]
26117.925: [GC concurrent-cleanup-end, 0.0011280 secs]
26125.349: [GC pause (young)
Desired survivor size 67108864 bytes, new threshold 2 (max 32)
- age   1:   36166336 bytes,   36166336 total
- age   2:   41982672 bytes,   78149008 total
, 0.4216500 secs]
   [Parallel Time: 409.5 ms, GC Workers: 2]
      [GC Worker Start (ms): Min: 26125350.5, Avg: 26125350.5, Max: 26125350.5, Diff: 0.0]
      [Ext Root Scanning (ms): Min: 47.0, Avg: 53.3, Max: 59.7, Diff: 12.7, Sum: 106.6]
      [Update RS (ms): Min: 17.0, Avg: 25.6, Max: 34.2, Diff: 17.1, Sum: 51.2]
         [Processed Buffers: Min: 132, Avg: 135.0, Max: 138, Diff: 6, Sum: 270]
      [Scan RS (ms): Min: 59.2, Avg: 59.4, Max: 59.6, Diff: 0.4, Sum: 118.8]
      [Object Copy (ms): Min: 268.3, Avg: 270.7, Max: 273.1, Diff: 4.8, Sum: 541.5]
      [Termination (ms): Min: 0.0, Avg: 0.0, Max: 0.0, Diff: 0.0, Sum: 0.0]
      [GC Worker Other (ms): Min: 0.1, Avg: 0.1, Max: 0.1, Diff: 0.0, Sum: 0.2]
      [GC Worker Total (ms): Min: 409.2, Avg: 409.2, Max: 409.2, Diff: 0.0, Sum: 818.3]
      [GC Worker End (ms): Min: 26125759.6, Avg: 26125759.6, Max: 26125759.7, Diff: 0.0]
   [Code Root Fixup: 0.0 ms]
   [Clear CT: 0.7 ms]
   [Other: 11.5 ms]
      [Choose CSet: 0.0 ms]
      [Ref Proc: 5.2 ms]
      [Ref Enq: 0.0 ms]
      [Free CSet: 3.6 ms]
   [Eden: 947.0M(947.0M)->0.0B(954.0M) Survivors: 77.0M->70.0M Heap: 1750.2M(3072.0M)->836.2M(3072.0M)]
 [Times: user=0.80 sys=0.03, real=0.43 secs] 
26133.972: [GC pause (mixed)
Desired survivor size 67108864 bytes, new threshold 2 (max 32)
- age   1:   46170320 bytes,   46170320 total
- age   2:   25578960 bytes,   71749280 total
, 0.3630200 secs]
   [Parallel Time: 352.3 ms, GC Workers: 2]
      [GC Worker Start (ms): Min: 26133973.5, Avg: 26133973.5, Max: 26133973.5, Diff: 0.0]
      [Ext Root Scanning (ms): Min: 42.1, Avg: 52.1, Max: 62.2, Diff: 20.1, Sum: 104.3]
      [Update RS (ms): Min: 26.7, Avg: 35.6, Max: 44.4, Diff: 17.7, Sum: 71.1]
         [Processed Buffers: Min: 91, Avg: 146.5, Max: 202, Diff: 111, Sum: 293]
      [Scan RS (ms): Min: 53.4, Avg: 53.4, Max: 53.4, Diff: 0.1, Sum: 106.8]
      [Object Copy (ms): Min: 209.8, Avg: 211.1, Max: 212.3, Diff: 2.5, Sum: 422.1]
      [Termination (ms): Min: 0.0, Avg: 0.0, Max: 0.0, Diff: 0.0, Sum: 0.0]
      [GC Worker Other (ms): Min: 0.0, Avg: 0.1, Max: 0.1, Diff: 0.0, Sum: 0.1]
      [GC Worker Total (ms): Min: 352.2, Avg: 352.2, Max: 352.2, Diff: 0.0, Sum: 704.4]
      [GC Worker End (ms): Min: 26134325.7, Avg: 26134325.8, Max: 26134325.8, Diff: 0.0]
   [Code Root Fixup: 0.0 ms]
   [Clear CT: 0.6 ms]
   [Other: 10.1 ms]
      [Choose CSet: 0.0 ms]
      [Ref Proc: 3.8 ms]
      [Ref Enq: 0.1 ms]
      [Free CSet: 4.0 ms]
   [Eden: 954.0M(954.0M)->0.0B(956.0M) Survivors: 70.0M->68.0M Heap: 1832.1M(3072.0M)->881.1M(3072.0M)]
 [Times: user=0.70 sys=0.01, real=0.36 secs] 
26142.681: [GC pause (young)
Desired survivor size 67108864 bytes, new threshold 2 (max 32)
- age   1:   41932024 bytes,   41932024 total
- age   2:   26618144 bytes,   68550168 total
, 0.5193100 secs]
   [Parallel Time: 509.1 ms, GC Workers: 2]
      [GC Worker Start (ms): Min: 26142683.1, Avg: 26142683.1, Max: 26142683.1, Diff: 0.0]
      [Ext Root Scanning (ms): Min: 45.3, Avg: 51.2, Max: 57.2, Diff: 11.9, Sum: 102.5]
      [Update RS (ms): Min: 26.6, Avg: 34.8, Max: 43.0, Diff: 16.4, Sum: 69.6]
         [Processed Buffers: Min: 183, Avg: 210.0, Max: 237, Diff: 54, Sum: 420]
      [Scan RS (ms): Min: 70.2, Avg: 70.3, Max: 70.4, Diff: 0.2, Sum: 140.6]
      [Object Copy (ms): Min: 350.2, Avg: 352.6, Max: 354.9, Diff: 4.7, Sum: 705.1]
      [Termination (ms): Min: 0.0, Avg: 0.0, Max: 0.0, Diff: 0.0, Sum: 0.0]
      [GC Worker Other (ms): Min: 0.1, Avg: 0.1, Max: 0.1, Diff: 0.0, Sum: 0.2]
      [GC Worker Total (ms): Min: 509.0, Avg: 509.0, Max: 509.0, Diff: 0.0, Sum: 1017.9]
      [GC Worker End (ms): Min: 26143192.0, Avg: 26143192.0, Max: 26143192.0, Diff: 0.0]
   [Code Root Fixup: 0.0 ms]
   [Clear CT: 0.6 ms]
   [Other: 9.6 ms]
      [Choose CSet: 0.0 ms]
      [Ref Proc: 3.7 ms]
      [Ref Enq: 0.0 ms]
      [Free CSet: 3.2 ms]
   [Eden: 956.0M(956.0M)->0.0B(920.0M) Survivors: 68.0M->104.0M Heap: 1908.6M(3072.0M)->1007.1M(3072.0M)]
 [Times: user=0.91 sys=0.11, real=0.52 secs] 
26149.204: [GC pause (young)
Desired survivor size 67108864 bytes, new threshold 1 (max 32)
- age   1:   83403344 bytes,   83403344 total
- age   2:   22883648 bytes,  106286992 total
, 2.1313740 secs]
   [Parallel Time: 2071.6 ms, GC Workers: 2]
      [GC Worker Start (ms): Min: 26149204.3, Avg: 26149204.3, Max: 26149204.3, Diff: 0.0]
      [Ext Root Scanning (ms): Min: 41.3, Avg: 51.2, Max: 61.2, Diff: 19.9, Sum: 102.5]
      [Update RS (ms): Min: 20.0, Avg: 28.6, Max: 37.2, Diff: 17.2, Sum: 57.2]
         [Processed Buffers: Min: 128, Avg: 136.0, Max: 144, Diff: 16, Sum: 272]
      [Scan RS (ms): Min: 57.9, Avg: 57.9, Max: 58.0, Diff: 0.1, Sum: 115.8]
      [Object Copy (ms): Min: 1932.4, Avg: 1933.7, Max: 1935.0, Diff: 2.5, Sum: 3867.4]
      [Termination (ms): Min: 0.0, Avg: 0.0, Max: 0.0, Diff: 0.0, Sum: 0.0]
      [GC Worker Other (ms): Min: 0.1, Avg: 0.1, Max: 0.1, Diff: 0.0, Sum: 0.2]
      [GC Worker Total (ms): Min: 2071.5, Avg: 2071.6, Max: 2071.6, Diff: 0.1, Sum: 4143.1]
      [GC Worker End (ms): Min: 26151275.9, Avg: 26151275.9, Max: 26151275.9, Diff: 0.0]
   [Code Root Fixup: 0.0 ms]
   [Clear CT: 44.6 ms]
   [Other: 15.1 ms]
      [Choose CSet: 0.0 ms]
      [Ref Proc: 10.6 ms]
      [Ref Enq: 0.0 ms]
      [Free CSet: 2.4 ms]
   [Eden: 920.0M(920.0M)->0.0B(928.0M) Survivors: 104.0M->96.0M Heap: 1965.5M(3072.0M)->1114.5M(3072.0M)]
 [Times: user=1.24 sys=1.80, real=2.14 secs] 
26159.496: [GC pause (young)
Desired survivor size 67108864 bytes, new threshold 1 (max 32)
- age   1:   98682832 bytes,   98682832 total
, 0.3388180 secs]
   [Parallel Time: 328.5 ms, GC Workers: 2]
      [GC Worker Start (ms): Min: 26159497.0, Avg: 26159497.0, Max: 26159497.0, Diff: 0.0]
      [Ext Root Scanning (ms): Min: 47.1, Avg: 57.1, Max: 67.1, Diff: 20.0, Sum: 114.2]
      [Update RS (ms): Min: 34.1, Avg: 43.3, Max: 52.6, Diff: 18.5, Sum: 86.7]
         [Processed Buffers: Min: 66, Avg: 147.0, Max: 228, Diff: 162, Sum: 294]
      [Scan RS (ms): Min: 36.9, Avg: 37.0, Max: 37.0, Diff: 0.0, Sum: 73.9]
      [Object Copy (ms): Min: 190.2, Avg: 190.9, Max: 191.7, Diff: 1.5, Sum: 381.9]
      [Termination (ms): Min: 0.0, Avg: 0.0, Max: 0.0, Diff: 0.0, Sum: 0.0]
      [GC Worker Other (ms): Min: 0.1, Avg: 0.1, Max: 0.1, Diff: 0.0, Sum: 0.2]
      [GC Worker Total (ms): Min: 328.4, Avg: 328.4, Max: 328.4, Diff: 0.0, Sum: 656.8]
      [GC Worker End (ms): Min: 26159825.4, Avg: 26159825.4, Max: 26159825.4, Diff: 0.0]
   [Code Root Fixup: 0.0 ms]
   [Clear CT: 1.2 ms]
   [Other: 9.1 ms]
      [Choose CSet: 0.0 ms]
      [Ref Proc: 4.3 ms]
      [Ref Enq: 0.1 ms]
      [Free CSet: 2.9 ms]
   [Eden: 928.0M(928.0M)->0.0B(970.0M) Survivors: 96.0M->54.0M Heap: 2067.2M(3072.0M)->1116.2M(3072.0M)]
 [Times: user=0.66 sys=0.00, real=0.34 secs] 
26165.447: [GC pause (young)
Desired survivor size 67108864 bytes, new threshold 16 (max 32)
- age   1:   53841144 bytes,   53841144 total
, 0.4691820 secs]
   [Parallel Time: 460.8 ms, GC Workers: 2]
      [GC Worker Start (ms): Min: 26165448.7, Avg: 26165448.8, Max: 26165448.9, Diff: 0.2]
      [Ext Root Scanning (ms): Min: 47.1, Avg: 54.3, Max: 61.4, Diff: 14.4, Sum: 108.5]
      [Update RS (ms): Min: 55.4, Avg: 64.6, Max: 73.8, Diff: 18.3, Sum: 129.2]
         [Processed Buffers: Min: 68, Avg: 157.5, Max: 247, Diff: 179, Sum: 315]
      [Scan RS (ms): Min: 30.8, Avg: 30.8, Max: 30.8, Diff: 0.0, Sum: 61.6]
      [Object Copy (ms): Min: 308.8, Avg: 310.9, Max: 313.0, Diff: 4.2, Sum: 621.8]
      [Termination (ms): Min: 0.0, Avg: 0.0, Max: 0.0, Diff: 0.0, Sum: 0.0]
      [GC Worker Other (ms): Min: 0.1, Avg: 0.1, Max: 0.1, Diff: 0.0, Sum: 0.2]
      [GC Worker Total (ms): Min: 460.6, Avg: 460.6, Max: 460.7, Diff: 0.2, Sum: 921.3]
      [GC Worker End (ms): Min: 26165909.5, Avg: 26165909.5, Max: 26165909.5, Diff: 0.0]
   [Code Root Fixup: 0.0 ms]
   [Clear CT: 0.7 ms]
   [Other: 7.6 ms]
      [Choose CSet: 0.0 ms]
      [Ref Proc: 2.7 ms]
      [Ref Enq: 0.1 ms]
      [Free CSet: 3.1 ms]
   [Eden: 970.0M(970.0M)->0.0B(907.0M) Survivors: 54.0M->117.0M Heap: 2090.2M(3072.0M)->1182.7M(3072.0M)]
 [Times: user=0.91 sys=0.02, real=0.47 secs] 
26174.353: [GC pause (young)
Desired survivor size 67108864 bytes, new threshold 1 (max 32)
- age   1:   81348408 bytes,   81348408 total
- age   2:   38033880 bytes,  119382288 total
, 0.4664410 secs]
   [Parallel Time: 454.4 ms, GC Workers: 2]
      [GC Worker Start (ms): Min: 26174354.6, Avg: 26174354.6, Max: 26174354.6, Diff: 0.0]
      [Ext Root Scanning (ms): Min: 42.9, Avg: 52.2, Max: 61.6, Diff: 18.8, Sum: 104.5]
      [Update RS (ms): Min: 36.3, Avg: 44.5, Max: 52.7, Diff: 16.4, Sum: 89.0]
         [Processed Buffers: Min: 136, Avg: 149.0, Max: 162, Diff: 26, Sum: 298]
      [Scan RS (ms): Min: 49.3, Avg: 49.3, Max: 49.4, Diff: 0.0, Sum: 98.7]
      [Object Copy (ms): Min: 306.9, Avg: 308.1, Max: 309.3, Diff: 2.4, Sum: 616.2]
      [Termination (ms): Min: 0.0, Avg: 0.0, Max: 0.0, Diff: 0.0, Sum: 0.0]
      [GC Worker Other (ms): Min: 0.0, Avg: 0.1, Max: 0.1, Diff: 0.0, Sum: 0.1]
      [GC Worker Total (ms): Min: 454.2, Avg: 454.2, Max: 454.2, Diff: 0.0, Sum: 908.5]
      [GC Worker End (ms): Min: 26174808.8, Avg: 26174808.8, Max: 26174808.8, Diff: 0.0]
   [Code Root Fixup: 0.0 ms]
   [Clear CT: 0.7 ms]
   [Other: 11.4 ms]
      [Choose CSet: 0.0 ms]
      [Ref Proc: 4.8 ms]
      [Ref Enq: 0.1 ms]
      [Free CSet: 3.6 ms]
   [Eden: 907.0M(907.0M)->0.0B(979.0M) Survivors: 117.0M->45.0M Heap: 2118.3M(3072.0M)->1229.3M(3072.0M)]
 [Times: user=0.90 sys=0.01, real=0.47 secs] 
26183.401: [GC pause (young)
Desired survivor size 67108864 bytes, new threshold 16 (max 32)
- age   1:   43164288 bytes,   43164288 total
, 0.3214720 secs]
   [Parallel Time: 307.4 ms, GC Workers: 2]
      [GC Worker Start (ms): Min: 26183402.2, Avg: 26183402.2, Max: 26183402.3, Diff: 0.0]
      [Ext Root Scanning (ms): Min: 45.8, Avg: 52.6, Max: 59.3, Diff: 13.6, Sum: 105.1]
      [Update RS (ms): Min: 35.5, Avg: 44.3, Max: 53.1, Diff: 17.6, Sum: 88.6]
         [Processed Buffers: Min: 131, Avg: 152.5, Max: 174, Diff: 43, Sum: 305]
      [Scan RS (ms): Min: 40.3, Avg: 40.4, Max: 40.4, Diff: 0.1, Sum: 80.8]
      [Object Copy (ms): Min: 167.8, Avg: 169.9, Max: 172.0, Diff: 4.2, Sum: 339.7]
      [Termination (ms): Min: 0.0, Avg: 0.0, Max: 0.0, Diff: 0.0, Sum: 0.0]
      [GC Worker Other (ms): Min: 0.1, Avg: 0.1, Max: 0.1, Diff: 0.0, Sum: 0.2]
      [GC Worker Total (ms): Min: 307.2, Avg: 307.2, Max: 307.2, Diff: 0.0, Sum: 614.4]
      [GC Worker End (ms): Min: 26183709.4, Avg: 26183709.5, Max: 26183709.5, Diff: 0.0]
   [Code Root Fixup: 0.0 ms]
   [Clear CT: 0.7 ms]
   [Other: 13.4 ms]
      [Choose CSet: 0.0 ms]
      [Ref Proc: 7.6 ms]
      [Ref Enq: 0.1 ms]
      [Free CSet: 3.6 ms]
   [Eden: 979.0M(979.0M)->0.0B(949.0M) Survivors: 45.0M->75.0M Heap: 2228.0M(3072.0M)->1279.5M(3072.0M)]
 [Times: user=0.62 sys=0.01, real=0.33 secs] 
26190.892: [GC pause (young)
Desired survivor size 67108864 bytes, new threshold 2 (max 32)
- age   1:   46396584 bytes,   46396584 total
- age   2:   29103600 bytes,   75500184 total
, 0.3631540 secs]
   [Parallel Time: 350.6 ms, GC Workers: 2]
      [GC Worker Start (ms): Min: 26190893.7, Avg: 26190893.7, Max: 26190893.8, Diff: 0.0]
      [Ext Root Scanning (ms): Min: 44.2, Avg: 53.4, Max: 62.7, Diff: 18.5, Sum: 106.8]
      [Update RS (ms): Min: 6.6, Avg: 14.1, Max: 21.6, Diff: 15.0, Sum: 28.2]
         [Processed Buffers: Min: 122, Avg: 158.0, Max: 194, Diff: 72, Sum: 316]
      [Scan RS (ms): Min: 56.5, Avg: 56.5, Max: 56.5, Diff: 0.0, Sum: 113.0]
      [Object Copy (ms): Min: 224.7, Avg: 226.4, Max: 228.1, Diff: 3.4, Sum: 452.7]
      [Termination (ms): Min: 0.0, Avg: 0.0, Max: 0.0, Diff: 0.0, Sum: 0.0]
      [GC Worker Other (ms): Min: 0.1, Avg: 0.1, Max: 0.1, Diff: 0.0, Sum: 0.2]
      [GC Worker Total (ms): Min: 350.5, Avg: 350.5, Max: 350.5, Diff: 0.0, Sum: 701.0]
      [GC Worker End (ms): Min: 26191244.2, Avg: 26191244.2, Max: 26191244.2, Diff: 0.0]
   [Code Root Fixup: 0.0 ms]
   [Clear CT: 0.6 ms]
   [Other: 11.9 ms]
      [Choose CSet: 0.1 ms]
      [Ref Proc: 5.0 ms]
      [Ref Enq: 0.1 ms]
      [Free CSet: 4.2 ms]
   [Eden: 949.0M(949.0M)->0.0B(949.0M) Survivors: 75.0M->75.0M Heap: 2254.2M(3072.0M)->1332.7M(3072.0M)]
 [Times: user=0.71 sys=0.00, real=0.37 secs] 
26197.198: [GC pause (young)
Desired survivor size 67108864 bytes, new threshold 2 (max 32)
- age   1:   47014744 bytes,   47014744 total
- age   2:   28682968 bytes,   75697712 total
, 0.4733940 secs]
   [Parallel Time: 464.0 ms, GC Workers: 2]
      [GC Worker Start (ms): Min: 26197199.1, Avg: 26197199.1, Max: 26197199.2, Diff: 0.0]
      [Ext Root Scanning (ms): Min: 42.4, Avg: 51.1, Max: 59.7, Diff: 17.2, Sum: 102.1]
      [Update RS (ms): Min: 46.8, Avg: 54.1, Max: 61.4, Diff: 14.6, Sum: 108.2]
         [Processed Buffers: Min: 143, Avg: 156.5, Max: 170, Diff: 27, Sum: 313]
      [Scan RS (ms): Min: 43.1, Avg: 43.1, Max: 43.1, Diff: 0.0, Sum: 86.2]
      [Object Copy (ms): Min: 314.3, Avg: 315.7, Max: 317.0, Diff: 2.6, Sum: 631.3]
      [Termination (ms): Min: 0.0, Avg: 0.0, Max: 0.0, Diff: 0.0, Sum: 0.0]
      [GC Worker Other (ms): Min: 0.1, Avg: 0.1, Max: 0.1, Diff: 0.0, Sum: 0.2]
      [GC Worker Total (ms): Min: 464.0, Avg: 464.0, Max: 464.0, Diff: 0.0, Sum: 928.0]
      [GC Worker End (ms): Min: 26197663.1, Avg: 26197663.1, Max: 26197663.1, Diff: 0.0]
   [Code Root Fixup: 0.0 ms]
   [Clear CT: 0.6 ms]
   [Other: 8.7 ms]
      [Choose CSet: 0.0 ms]
      [Ref Proc: 3.3 ms]
      [Ref Enq: 0.0 ms]
      [Free CSet: 3.2 ms]
   [Eden: 949.0M(949.0M)->0.0B(919.0M) Survivors: 75.0M->105.0M Heap: 2283.2M(3072.0M)->1387.4M(3072.0M)]
 [Times: user=0.92 sys=0.02, real=0.47 secs] 
26198.026: [GC pause (young) (initial-mark)
Desired survivor size 67108864 bytes, new threshold 1 (max 32)
- age   1:   80053856 bytes,   80053856 total
- age   2:   27245816 bytes,  107299672 total
, 0.3573720 secs]
   [Parallel Time: 353.3 ms, GC Workers: 2]
      [GC Worker Start (ms): Min: 26198027.0, Avg: 26198027.0, Max: 26198027.0, Diff: 0.1]
      [Ext Root Scanning (ms): Min: 48.5, Avg: 56.0, Max: 63.5, Diff: 15.0, Sum: 112.1]
      [Update RS (ms): Min: 24.1, Avg: 35.8, Max: 47.6, Diff: 23.5, Sum: 71.7]
         [Processed Buffers: Min: 94, Avg: 94.0, Max: 94, Diff: 0, Sum: 188]
      [Scan RS (ms): Min: 19.0, Avg: 19.0, Max: 19.0, Diff: 0.0, Sum: 38.1]
      [Object Copy (ms): Min: 237.8, Avg: 242.1, Max: 246.4, Diff: 8.5, Sum: 484.2]
      [Termination (ms): Min: 0.0, Avg: 0.0, Max: 0.0, Diff: 0.0, Sum: 0.0]
      [GC Worker Other (ms): Min: 0.1, Avg: 0.1, Max: 0.1, Diff: 0.0, Sum: 0.1]
      [GC Worker Total (ms): Min: 353.1, Avg: 353.1, Max: 353.1, Diff: 0.1, Sum: 706.2]
      [GC Worker End (ms): Min: 26198380.1, Avg: 26198380.1, Max: 26198380.1, Diff: 0.0]
   [Code Root Fixup: 0.0 ms]
   [Clear CT: 0.3 ms]
   [Other: 3.8 ms]
      [Choose CSet: 0.0 ms]
      [Ref Proc: 0.7 ms]
      [Ref Enq: 0.0 ms]
      [Free CSet: 0.5 ms]
   [Eden: 78.0M(919.0M)->0.0B(1016.0M) Survivors: 105.0M->8192.0K Heap: 1464.7M(3072.0M)->1393.7M(3072.0M)]
 [Times: user=0.71 sys=0.00, real=0.36 secs] 
26198.384: [GC concurrent-root-region-scan-start]
26198.422: [GC concurrent-root-region-scan-end, 0.0378650 secs]
26198.422: [GC concurrent-mark-start]
26200.442: [GC concurrent-mark-end, 2.0202240 secs]
26200.444: [GC remark 26200.445: [GC ref-proc, 0.1261470 secs], 0.1923050 secs]
 [Times: user=0.19 sys=0.00, real=0.19 secs] 
26200.638: [GC cleanup 1680M->1350M(3072M), 0.0189510 secs]
 [Times: user=0.03 sys=0.01, real=0.02 secs] 
26200.657: [GC concurrent-cleanup-start]
26200.658: [GC concurrent-cleanup-end, 0.0006850 secs]
26205.980: [GC pause (young)
Desired survivor size 67108864 bytes, new threshold 16 (max 32)
- age   1:    7356216 bytes,    7356216 total
, 0.3216760 secs]
   [Parallel Time: 308.5 ms, GC Workers: 2]
      [GC Worker Start (ms): Min: 26205981.9, Avg: 26205981.9, Max: 26205981.9, Diff: 0.0]
      [Ext Root Scanning (ms): Min: 43.9, Avg: 54.0, Max: 64.2, Diff: 20.3, Sum: 108.1]
      [Update RS (ms): Min: 31.2, Avg: 39.5, Max: 47.9, Diff: 16.7, Sum: 79.1]
         [Processed Buffers: Min: 147, Avg: 160.0, Max: 173, Diff: 26, Sum: 320]
      [Scan RS (ms): Min: 60.5, Avg: 60.8, Max: 61.2, Diff: 0.6, Sum: 121.7]
      [Object Copy (ms): Min: 152.4, Avg: 153.9, Max: 155.4, Diff: 3.0, Sum: 307.8]
      [Termination (ms): Min: 0.0, Avg: 0.0, Max: 0.0, Diff: 0.0, Sum: 0.0]
      [GC Worker Other (ms): Min: 0.1, Avg: 0.1, Max: 0.1, Diff: 0.1, Sum: 0.2]
      [GC Worker Total (ms): Min: 308.4, Avg: 308.4, Max: 308.4, Diff: 0.0, Sum: 616.8]
      [GC Worker End (ms): Min: 26206290.3, Avg: 26206290.3, Max: 26206290.3, Diff: 0.0]
   [Code Root Fixup: 0.0 ms]
   [Clear CT: 0.7 ms]
   [Other: 12.5 ms]
      [Choose CSet: 0.0 ms]
      [Ref Proc: 5.4 ms]
      [Ref Enq: 0.1 ms]
      [Free CSet: 4.7 ms]
   [Eden: 1016.0M(1016.0M)->0.0B(970.0M) Survivors: 8192.0K->54.0M Heap: 2093.6M(3072.0M)->1123.1M(3072.0M)]
 [Times: user=0.60 sys=0.03, real=0.32 secs] 
26212.046: [GC pause (mixed)
Desired survivor size 67108864 bytes, new threshold 16 (max 32)
- age   1:   48426608 bytes,   48426608 total
- age   2:    4334032 bytes,   52760640 total
, 0.3933020 secs]
   [Parallel Time: 380.3 ms, GC Workers: 2]
      [GC Worker Start (ms): Min: 26212048.5, Avg: 26212048.6, Max: 26212048.6, Diff: 0.1]
      [Ext Root Scanning (ms): Min: 46.6, Avg: 55.0, Max: 63.3, Diff: 16.7, Sum: 110.0]
      [Update RS (ms): Min: 49.9, Avg: 57.1, Max: 64.4, Diff: 14.5, Sum: 114.2]
         [Processed Buffers: Min: 52, Avg: 156.5, Max: 261, Diff: 209, Sum: 313]
      [Scan RS (ms): Min: 66.7, Avg: 66.7, Max: 66.7, Diff: 0.0, Sum: 133.4]
      [Object Copy (ms): Min: 200.2, Avg: 201.2, Max: 202.3, Diff: 2.1, Sum: 402.4]
      [Termination (ms): Min: 0.0, Avg: 0.1, Max: 0.2, Diff: 0.2, Sum: 0.2]
      [GC Worker Other (ms): Min: 0.0, Avg: 0.1, Max: 0.1, Diff: 0.0, Sum: 0.1]
      [GC Worker Total (ms): Min: 380.1, Avg: 380.2, Max: 380.2, Diff: 0.0, Sum: 760.3]
      [GC Worker End (ms): Min: 26212428.7, Avg: 26212428.7, Max: 26212428.7, Diff: 0.0]
   [Code Root Fixup: 0.0 ms]
   [Clear CT: 1.2 ms]
   [Other: 11.8 ms]
      [Choose CSet: 0.3 ms]
      [Ref Proc: 4.9 ms]
      [Ref Enq: 0.1 ms]
      [Free CSet: 4.3 ms]
   [Eden: 970.0M(970.0M)->0.0B(941.0M) Survivors: 54.0M->83.0M Heap: 2095.1M(3072.0M)->1078.1M(3072.0M)]
 [Times: user=0.75 sys=0.03, real=0.39 secs] 
26217.485: [GC pause (mixed)
Desired survivor size 67108864 bytes, new threshold 2 (max 32)
- age   1:   41810040 bytes,   41810040 total
- age   2:   37518464 bytes,   79328504 total
- age   3:    3987328 bytes,   83315832 total
, 0.4579900 secs]
   [Parallel Time: 421.2 ms, GC Workers: 2]
      [GC Worker Start (ms): Min: 26217487.2, Avg: 26217487.2, Max: 26217487.2, Diff: 0.0]
      [Ext Root Scanning (ms): Min: 45.0, Avg: 50.9, Max: 56.8, Diff: 11.8, Sum: 101.9]
      [Update RS (ms): Min: 41.5, Avg: 49.3, Max: 57.1, Diff: 15.6, Sum: 98.6]
         [Processed Buffers: Min: 93, Avg: 152.5, Max: 212, Diff: 119, Sum: 305]
      [Scan RS (ms): Min: 76.4, Avg: 76.5, Max: 76.6, Diff: 0.2, Sum: 153.0]
      [Object Copy (ms): Min: 242.4, Avg: 244.2, Max: 246.0, Diff: 3.6, Sum: 488.5]
      [Termination (ms): Min: 0.0, Avg: 0.0, Max: 0.0, Diff: 0.0, Sum: 0.0]
      [GC Worker Other (ms): Min: 0.1, Avg: 0.1, Max: 0.1, Diff: 0.0, Sum: 0.2]
      [GC Worker Total (ms): Min: 421.0, Avg: 421.1, Max: 421.1, Diff: 0.0, Sum: 842.1]
      [GC Worker End (ms): Min: 26217908.3, Avg: 26217908.3, Max: 26217908.3, Diff: 0.0]
   [Code Root Fixup: 0.0 ms]
   [Clear CT: 0.9 ms]
   [Other: 35.9 ms]
      [Choose CSet: 0.4 ms]
      [Ref Proc: 28.2 ms]
      [Ref Enq: 0.1 ms]
      [Free CSet: 4.8 ms]
   [Eden: 941.0M(941.0M)->0.0B(946.0M) Survivors: 83.0M->78.0M Heap: 2043.7M(3072.0M)->1057.7M(3072.0M)]
 [Times: user=0.88 sys=0.00, real=0.46 secs] 
26223.473: [GC pause (mixed)
Desired survivor size 67108864 bytes, new threshold 2 (max 32)
- age   1:   44224664 bytes,   44224664 total
- age   2:   30581144 bytes,   74805808 total
, 0.4457570 secs]
   [Parallel Time: 433.9 ms, GC Workers: 2]
      [GC Worker Start (ms): Min: 26223475.2, Avg: 26223475.2, Max: 26223475.2, Diff: 0.0]
      [Ext Root Scanning (ms): Min: 46.6, Avg: 53.8, Max: 61.0, Diff: 14.4, Sum: 107.5]
      [Update RS (ms): Min: 62.8, Avg: 71.5, Max: 80.2, Diff: 17.4, Sum: 143.1]
         [Processed Buffers: Min: 166, Avg: 183.5, Max: 201, Diff: 35, Sum: 367]
      [Scan RS (ms): Min: 69.4, Avg: 69.4, Max: 69.5, Diff: 0.1, Sum: 138.9]
      [Object Copy (ms): Min: 237.5, Avg: 239.0, Max: 240.4, Diff: 2.8, Sum: 477.9]
      [Termination (ms): Min: 0.0, Avg: 0.0, Max: 0.0, Diff: 0.0, Sum: 0.0]
      [GC Worker Other (ms): Min: 0.1, Avg: 0.1, Max: 0.1, Diff: 0.0, Sum: 0.2]
      [GC Worker Total (ms): Min: 433.8, Avg: 433.8, Max: 433.8, Diff: 0.0, Sum: 867.6]
      [GC Worker End (ms): Min: 26223909.0, Avg: 26223909.0, Max: 26223909.0, Diff: 0.0]
   [Code Root Fixup: 0.0 ms]
   [Clear CT: 0.8 ms]
   [Other: 11.0 ms]
      [Choose CSet: 0.5 ms]
      [Ref Proc: 4.2 ms]
      [Ref Enq: 0.1 ms]
      [Free CSet: 4.0 ms]
   [Eden: 946.0M(946.0M)->0.0B(946.0M) Survivors: 78.0M->78.0M Heap: 2028.6M(3072.0M)->1033.1M(3072.0M)]
 [Times: user=0.88 sys=0.00, real=0.45 secs] 
26230.015: [GC pause (mixed)
Desired survivor size 67108864 bytes, new threshold 2 (max 32)
- age   1:   52477592 bytes,   52477592 total
- age   2:   26207464 bytes,   78685056 total
, 0.4235940 secs]
   [Parallel Time: 413.7 ms, GC Workers: 2]
      [GC Worker Start (ms): Min: 26230016.9, Avg: 26230016.9, Max: 26230016.9, Diff: 0.0]
      [Ext Root Scanning (ms): Min: 45.7, Avg: 55.3, Max: 64.9, Diff: 19.3, Sum: 110.6]
      [Update RS (ms): Min: 30.8, Avg: 39.4, Max: 47.9, Diff: 17.1, Sum: 78.7]
         [Processed Buffers: Min: 149, Avg: 152.5, Max: 156, Diff: 7, Sum: 305]
      [Scan RS (ms): Min: 63.0, Avg: 63.0, Max: 63.0, Diff: 0.0, Sum: 126.0]
      [Object Copy (ms): Min: 254.7, Avg: 255.8, Max: 256.9, Diff: 2.2, Sum: 511.6]
      [Termination (ms): Min: 0.0, Avg: 0.0, Max: 0.0, Diff: 0.0, Sum: 0.0]
      [GC Worker Other (ms): Min: 0.1, Avg: 0.1, Max: 0.1, Diff: 0.0, Sum: 0.2]
      [GC Worker Total (ms): Min: 413.6, Avg: 413.6, Max: 413.6, Diff: 0.0, Sum: 827.2]
      [GC Worker End (ms): Min: 26230430.5, Avg: 26230430.5, Max: 26230430.5, Diff: 0.0]
   [Code Root Fixup: 0.0 ms]
   [Clear CT: 0.8 ms]
   [Other: 9.1 ms]
      [Choose CSet: 0.1 ms]
      [Ref Proc: 3.8 ms]
      [Ref Enq: 0.1 ms]
      [Free CSet: 3.1 ms]
   [Eden: 946.0M(946.0M)->0.0B(918.0M) Survivors: 78.0M->106.0M Heap: 2044.7M(3072.0M)->1133.7M(3072.0M)]
 [Times: user=0.83 sys=0.00, real=0.42 secs] 
26237.022: [GC pause (young)
Desired survivor size 67108864 bytes, new threshold 1 (max 32)
- age   1:   74308584 bytes,   74308584 total
- age   2:   33097976 bytes,  107406560 total
, 0.3349790 secs]
   [Parallel Time: 325.5 ms, GC Workers: 2]
      [GC Worker Start (ms): Min: 26237024.1, Avg: 26237024.1, Max: 26237024.1, Diff: 0.0]
      [Ext Root Scanning (ms): Min: 44.9, Avg: 54.5, Max: 64.0, Diff: 19.1, Sum: 108.9]
      [Update RS (ms): Min: 29.4, Avg: 37.3, Max: 45.2, Diff: 15.8, Sum: 74.6]
         [Processed Buffers: Min: 136, Avg: 145.0, Max: 154, Diff: 18, Sum: 290]
      [Scan RS (ms): Min: 43.6, Avg: 43.6, Max: 43.6, Diff: 0.1, Sum: 87.2]
      [Object Copy (ms): Min: 188.2, Avg: 189.9, Max: 191.5, Diff: 3.4, Sum: 379.7]
      [Termination (ms): Min: 0.0, Avg: 0.0, Max: 0.0, Diff: 0.0, Sum: 0.0]
      [GC Worker Other (ms): Min: 0.1, Avg: 0.1, Max: 0.1, Diff: 0.0, Sum: 0.1]
      [GC Worker Total (ms): Min: 325.3, Avg: 325.3, Max: 325.3, Diff: 0.0, Sum: 650.6]
      [GC Worker End (ms): Min: 26237349.3, Avg: 26237349.3, Max: 26237349.4, Diff: 0.0]
   [Code Root Fixup: 0.0 ms]
   [Clear CT: 0.7 ms]
   [Other: 8.8 ms]
      [Choose CSet: 0.0 ms]
      [Ref Proc: 3.2 ms]
      [Ref Enq: 0.0 ms]
      [Free CSet: 2.9 ms]
   [Eden: 918.0M(918.0M)->0.0B(994.0M) Survivors: 106.0M->30.0M Heap: 2060.6M(3072.0M)->1119.1M(3072.0M)]
 [Times: user=0.66 sys=0.00, real=0.33 secs] 
26244.899: [GC pause (young)
Desired survivor size 67108864 bytes, new threshold 16 (max 32)
- age   1:   29318096 bytes,   29318096 total
, 0.2506080 secs]
   [Parallel Time: 239.3 ms, GC Workers: 2]
      [GC Worker Start (ms): Min: 26244901.0, Avg: 26244901.0, Max: 26244901.0, Diff: 0.0]
      [Ext Root Scanning (ms): Min: 43.1, Avg: 52.4, Max: 61.8, Diff: 18.8, Sum: 104.9]
      [Update RS (ms): Min: 33.5, Avg: 42.3, Max: 51.0, Diff: 17.4, Sum: 84.5]
         [Processed Buffers: Min: 142, Avg: 158.5, Max: 175, Diff: 33, Sum: 317]
      [Scan RS (ms): Min: 29.3, Avg: 29.4, Max: 29.5, Diff: 0.1, Sum: 58.8]
      [Object Copy (ms): Min: 114.1, Avg: 114.9, Max: 115.7, Diff: 1.6, Sum: 229.8]
      [Termination (ms): Min: 0.0, Avg: 0.0, Max: 0.0, Diff: 0.0, Sum: 0.0]
      [GC Worker Other (ms): Min: 0.1, Avg: 0.1, Max: 0.1, Diff: 0.0, Sum: 0.2]
      [GC Worker Total (ms): Min: 239.1, Avg: 239.1, Max: 239.1, Diff: 0.1, Sum: 478.2]
      [GC Worker End (ms): Min: 26245140.1, Avg: 26245140.1, Max: 26245140.1, Diff: 0.0]
   [Code Root Fixup: 0.0 ms]
   [Clear CT: 0.6 ms]
   [Other: 10.7 ms]
      [Choose CSet: 0.0 ms]
      [Ref Proc: 4.7 ms]
      [Ref Enq: 0.1 ms]
      [Free CSet: 3.5 ms]
   [Eden: 994.0M(994.0M)->0.0B(974.0M) Survivors: 30.0M->50.0M Heap: 2115.6M(3072.0M)->1142.1M(3072.0M)]
 [Times: user=0.49 sys=0.00, real=0.25 secs] 
26253.138: [GC pause (young)
Desired survivor size 67108864 bytes, new threshold 16 (max 32)
- age   1:   34613208 bytes,   34613208 total
- age   2:   14880800 bytes,   49494008 total
, 0.3226460 secs]
   [Parallel Time: 308.3 ms, GC Workers: 2]
      [GC Worker Start (ms): Min: 26253139.4, Avg: 26253139.4, Max: 26253139.4, Diff: 0.0]
      [Ext Root Scanning (ms): Min: 51.0, Avg: 55.5, Max: 59.9, Diff: 8.9, Sum: 110.9]
      [Update RS (ms): Min: 33.1, Avg: 38.4, Max: 43.8, Diff: 10.7, Sum: 76.9]
         [Processed Buffers: Min: 103, Avg: 168.5, Max: 234, Diff: 131, Sum: 337]
      [Scan RS (ms): Min: 35.2, Avg: 35.3, Max: 35.3, Diff: 0.1, Sum: 70.5]
      [Object Copy (ms): Min: 178.0, Avg: 179.0, Max: 179.9, Diff: 1.9, Sum: 358.0]
      [Termination (ms): Min: 0.0, Avg: 0.0, Max: 0.0, Diff: 0.0, Sum: 0.0]
      [GC Worker Other (ms): Min: 0.1, Avg: 0.1, Max: 0.1, Diff: 0.0, Sum: 0.2]
      [GC Worker Total (ms): Min: 308.2, Avg: 308.2, Max: 308.2, Diff: 0.0, Sum: 616.5]
      [GC Worker End (ms): Min: 26253447.6, Avg: 26253447.6, Max: 26253447.6, Diff: 0.0]
   [Code Root Fixup: 0.0 ms]
   [Clear CT: 0.8 ms]
   [Other: 13.5 ms]
      [Choose CSet: 0.0 ms]
      [Ref Proc: 8.7 ms]
      [Ref Enq: 0.2 ms]
      [Free CSet: 3.0 ms]
   [Eden: 974.0M(974.0M)->0.0B(941.0M) Survivors: 50.0M->83.0M Heap: 2140.8M(3072.0M)->1199.8M(3072.0M)]
 [Times: user=0.63 sys=0.00, real=0.32 secs] 
26258.748: [GC pause (young)
Desired survivor size 67108864 bytes, new threshold 2 (max 32)
- age   1:   54750104 bytes,   54750104 total
- age   2:   15520592 bytes,   70270696 total
- age   3:   12241032 bytes,   82511728 total
, 0.4392610 secs]
   [Parallel Time: 430.9 ms, GC Workers: 2]
      [GC Worker Start (ms): Min: 26258748.6, Avg: 26258748.6, Max: 26258748.6, Diff: 0.0]
      [Ext Root Scanning (ms): Min: 45.8, Avg: 52.6, Max: 59.5, Diff: 13.7, Sum: 105.3]
      [Update RS (ms): Min: 58.9, Avg: 68.0, Max: 77.0, Diff: 18.1, Sum: 136.0]
         [Processed Buffers: Min: 150, Avg: 171.5, Max: 193, Diff: 43, Sum: 343]
      [Scan RS (ms): Min: 11.2, Avg: 11.3, Max: 11.3, Diff: 0.1, Sum: 22.5]
      [Object Copy (ms): Min: 296.7, Avg: 298.9, Max: 301.0, Diff: 4.4, Sum: 597.7]
      [Termination (ms): Min: 0.0, Avg: 0.0, Max: 0.0, Diff: 0.0, Sum: 0.0]
      [GC Worker Other (ms): Min: 0.1, Avg: 0.1, Max: 0.1, Diff: 0.0, Sum: 0.2]
      [GC Worker Total (ms): Min: 430.8, Avg: 430.8, Max: 430.8, Diff: 0.0, Sum: 861.6]
      [GC Worker End (ms): Min: 26259179.4, Avg: 26259179.4, Max: 26259179.4, Diff: 0.0]
   [Code Root Fixup: 0.0 ms]
   [Clear CT: 0.6 ms]
   [Other: 7.7 ms]
      [Choose CSet: 0.0 ms]
      [Ref Proc: 4.5 ms]
      [Ref Enq: 0.1 ms]
      [Free CSet: 1.7 ms]
   [Eden: 941.0M(941.0M)->0.0B(912.0M) Survivors: 83.0M->112.0M Heap: 2141.3M(3072.0M)->1251.3M(3072.0M)]
 [Times: user=0.87 sys=0.01, real=0.44 secs] 
26265.533: [GC pause (young)
Desired survivor size 67108864 bytes, new threshold 1 (max 32)
- age   1:   81896120 bytes,   81896120 total
- age   2:   30135568 bytes,  112031688 total
, 0.4354610 secs]
   [Parallel Time: 422.3 ms, GC Workers: 2]
      [GC Worker Start (ms): Min: 26265534.7, Avg: 26265534.8, Max: 26265534.8, Diff: 0.0]
      [Ext Root Scanning (ms): Min: 43.2, Avg: 53.1, Max: 63.0, Diff: 19.8, Sum: 106.2]
      [Update RS (ms): Min: 43.1, Avg: 52.2, Max: 61.3, Diff: 18.2, Sum: 104.4]
         [Processed Buffers: Min: 133, Avg: 174.5, Max: 216, Diff: 83, Sum: 349]
      [Scan RS (ms): Min: 46.1, Avg: 46.2, Max: 46.2, Diff: 0.1, Sum: 92.3]
      [Object Copy (ms): Min: 269.8, Avg: 270.7, Max: 271.6, Diff: 1.8, Sum: 541.4]
      [Termination (ms): Min: 0.0, Avg: 0.0, Max: 0.0, Diff: 0.0, Sum: 0.0]
      [GC Worker Other (ms): Min: 0.1, Avg: 0.1, Max: 0.1, Diff: 0.0, Sum: 0.1]
      [GC Worker Total (ms): Min: 422.2, Avg: 422.2, Max: 422.2, Diff: 0.0, Sum: 844.4]
      [GC Worker End (ms): Min: 26265957.0, Avg: 26265957.0, Max: 26265957.0, Diff: 0.0]
   [Code Root Fixup: 0.0 ms]
   [Clear CT: 0.7 ms]
   [Other: 12.5 ms]
      [Choose CSet: 0.0 ms]
      [Ref Proc: 6.1 ms]
      [Ref Enq: 0.1 ms]
      [Free CSet: 3.3 ms]
   [Eden: 912.0M(912.0M)->0.0B(979.0M) Survivors: 112.0M->45.0M Heap: 2193.0M(3072.0M)->1289.0M(3072.0M)]
 [Times: user=0.85 sys=0.01, real=0.44 secs] 
26273.521: [GC pause (young)
Desired survivor size 67108864 bytes, new threshold 16 (max 32)
- age   1:   43760560 bytes,   43760560 total
, 0.2973410 secs]
   [Parallel Time: 286.7 ms, GC Workers: 2]
      [GC Worker Start (ms): Min: 26273523.0, Avg: 26273523.2, Max: 26273523.4, Diff: 0.4]
      [Ext Root Scanning (ms): Min: 46.7, Avg: 53.0, Max: 59.2, Diff: 12.5, Sum: 105.9]
      [Update RS (ms): Min: 32.3, Avg: 41.0, Max: 49.7, Diff: 17.3, Sum: 82.0]
         [Processed Buffers: Min: 161, Avg: 170.0, Max: 179, Diff: 18, Sum: 340]
      [Scan RS (ms): Min: 37.1, Avg: 37.1, Max: 37.1, Diff: 0.0, Sum: 74.1]
      [Object Copy (ms): Min: 153.1, Avg: 155.3, Max: 157.5, Diff: 4.5, Sum: 310.6]
      [Termination (ms): Min: 0.0, Avg: 0.0, Max: 0.0, Diff: 0.0, Sum: 0.0]
      [GC Worker Other (ms): Min: 0.1, Avg: 0.1, Max: 0.1, Diff: 0.0, Sum: 0.1]
      [GC Worker Total (ms): Min: 286.2, Avg: 286.4, Max: 286.6, Diff: 0.4, Sum: 572.8]
      [GC Worker End (ms): Min: 26273809.5, Avg: 26273809.6, Max: 26273809.6, Diff: 0.0]
   [Code Root Fixup: 0.0 ms]
   [Clear CT: 0.7 ms]
   [Other: 9.9 ms]
      [Choose CSet: 0.0 ms]
      [Ref Proc: 4.4 ms]
      [Ref Enq: 0.1 ms]
      [Free CSet: 3.5 ms]
   [Eden: 979.0M(979.0M)->0.0B(957.0M) Survivors: 45.0M->67.0M Heap: 2278.5M(3072.0M)->1321.0M(3072.0M)]
 [Times: user=0.56 sys=0.02, real=0.30 secs] 
26275.283: [GC pause (young) (initial-mark)
Desired survivor size 67108864 bytes, new threshold 16 (max 32)
- age   1:   44885672 bytes,   44885672 total
- age   2:   21898136 bytes,   66783808 total
, 0.2786610 secs]
   [Parallel Time: 274.0 ms, GC Workers: 2]
      [GC Worker Start (ms): Min: 26275285.0, Avg: 26275285.0, Max: 26275285.0, Diff: 0.0]
      [Ext Root Scanning (ms): Min: 42.1, Avg: 51.8, Max: 61.5, Diff: 19.5, Sum: 103.6]
      [Update RS (ms): Min: 33.3, Avg: 44.1, Max: 54.8, Diff: 21.5, Sum: 88.1]
         [Processed Buffers: Min: 174, Avg: 187.0, Max: 200, Diff: 26, Sum: 374]
      [Scan RS (ms): Min: 24.5, Avg: 24.5, Max: 24.6, Diff: 0.1, Sum: 49.1]
      [Object Copy (ms): Min: 152.4, Avg: 153.5, Max: 154.5, Diff: 2.1, Sum: 307.0]
      [Termination (ms): Min: 0.0, Avg: 0.0, Max: 0.0, Diff: 0.0, Sum: 0.0]
      [GC Worker Other (ms): Min: 0.0, Avg: 0.1, Max: 0.1, Diff: 0.0, Sum: 0.1]
      [GC Worker Total (ms): Min: 273.9, Avg: 273.9, Max: 273.9, Diff: 0.0, Sum: 547.8]
      [GC Worker End (ms): Min: 26275558.9, Avg: 26275558.9, Max: 26275558.9, Diff: 0.0]
   [Code Root Fixup: 0.0 ms]
   [Clear CT: 0.5 ms]
   [Other: 4.1 ms]
      [Choose CSet: 0.0 ms]
      [Ref Proc: 0.9 ms]
      [Ref Enq: 0.0 ms]
      [Free CSet: 0.8 ms]
   [Eden: 222.0M(957.0M)->0.0B(945.0M) Survivors: 67.0M->79.0M Heap: 1561.1M(3072.0M)->1352.0M(3072.0M)]
 [Times: user=0.55 sys=0.00, real=0.28 secs] 
26275.562: [GC concurrent-root-region-scan-start]
26275.798: [GC concurrent-root-region-scan-end, 0.2357660 secs]
26275.798: [GC concurrent-mark-start]
26277.387: [GC concurrent-mark-end, 1.5887810 secs]
26277.388: [GC remark 26277.389: [GC ref-proc, 0.0140750 secs], 0.0773480 secs]
 [Times: user=0.08 sys=0.00, real=0.07 secs] 
26277.466: [GC cleanup 1679M->1415M(3072M), 0.0202310 secs]
 [Times: user=0.04 sys=0.00, real=0.02 secs] 
26277.487: [GC concurrent-cleanup-start]
26277.488: [GC concurrent-cleanup-end, 0.0006460 secs]
26281.179: [GC pause (young)
Desired survivor size 67108864 bytes, new threshold 3 (max 32)
- age   1:   19472552 bytes,   19472552 total
- age   2:   38752400 bytes,   58224952 total
- age   3:   21408584 bytes,   79633536 total
, 0.4785650 secs]
   [Parallel Time: 469.4 ms, GC Workers: 2]
      [GC Worker Start (ms): Min: 26281180.1, Avg: 26281180.2, Max: 26281180.2, Diff: 0.0]
      [Ext Root Scanning (ms): Min: 44.3, Avg: 53.7, Max: 63.1, Diff: 18.8, Sum: 107.4]
      [Update RS (ms): Min: 37.3, Avg: 45.1, Max: 52.8, Diff: 15.6, Sum: 90.1]
         [Processed Buffers: Min: 187, Avg: 189.0, Max: 191, Diff: 4, Sum: 378]
      [Scan RS (ms): Min: 42.3, Avg: 42.4, Max: 42.5, Diff: 0.2, Sum: 84.8]
      [Object Copy (ms): Min: 326.4, Avg: 328.0, Max: 329.6, Diff: 3.1, Sum: 656.0]
      [Termination (ms): Min: 0.0, Avg: 0.0, Max: 0.0, Diff: 0.0, Sum: 0.0]
      [GC Worker Other (ms): Min: 0.1, Avg: 0.1, Max: 0.1, Diff: 0.0, Sum: 0.2]
      [GC Worker Total (ms): Min: 469.2, Avg: 469.2, Max: 469.3, Diff: 0.0, Sum: 938.5]
      [GC Worker End (ms): Min: 26281649.4, Avg: 26281649.4, Max: 26281649.4, Diff: 0.0]
   [Code Root Fixup: 0.0 ms]
   [Clear CT: 1.0 ms]
   [Other: 8.2 ms]
      [Choose CSet: 0.0 ms]
      [Ref Proc: 3.4 ms]
      [Ref Enq: 0.1 ms]
      [Free CSet: 3.1 ms]
   [Eden: 945.0M(945.0M)->0.0B(898.0M) Survivors: 79.0M->126.0M Heap: 2068.2M(3072.0M)->1186.7M(3072.0M)]
 [Times: user=0.95 sys=0.00, real=0.47 secs] 
26287.669: [GC pause (mixed)
Desired survivor size 67108864 bytes, new threshold 1 (max 32)
- age   1:   94325128 bytes,   94325128 total
- age   2:    9976328 bytes,  104301456 total
- age   3:   24272960 bytes,  128574416 total
, 0.4078380 secs]
   [Parallel Time: 396.4 ms, GC Workers: 2]
      [GC Worker Start (ms): Min: 26287670.8, Avg: 26287670.8, Max: 26287670.8, Diff: 0.0]
      [Ext Root Scanning (ms): Min: 43.4, Avg: 53.7, Max: 64.0, Diff: 20.6, Sum: 107.4]
      [Update RS (ms): Min: 44.6, Avg: 53.6, Max: 62.6, Diff: 18.0, Sum: 107.1]
         [Processed Buffers: Min: 143, Avg: 171.5, Max: 200, Diff: 57, Sum: 343]
      [Scan RS (ms): Min: 36.4, Avg: 36.4, Max: 36.4, Diff: 0.1, Sum: 72.8]
      [Object Copy (ms): Min: 251.3, Avg: 252.6, Max: 253.9, Diff: 2.6, Sum: 505.2]
      [Termination (ms): Min: 0.0, Avg: 0.0, Max: 0.0, Diff: 0.0, Sum: 0.0]
      [GC Worker Other (ms): Min: 0.1, Avg: 0.1, Max: 0.1, Diff: 0.0, Sum: 0.2]
      [GC Worker Total (ms): Min: 396.3, Avg: 396.3, Max: 396.4, Diff: 0.0, Sum: 792.7]
      [GC Worker End (ms): Min: 26288067.2, Avg: 26288067.2, Max: 26288067.2, Diff: 0.0]
   [Code Root Fixup: 0.0 ms]
   [Clear CT: 0.8 ms]
   [Other: 10.6 ms]
      [Choose CSet: 0.7 ms]
      [Ref Proc: 4.3 ms]
      [Ref Enq: 0.1 ms]
      [Free CSet: 3.3 ms]
   [Eden: 898.0M(898.0M)->0.0B(990.0M) Survivors: 126.0M->34.0M Heap: 2088.0M(3072.0M)->1037.5M(3072.0M)]
 [Times: user=0.80 sys=0.00, real=0.41 secs] 
26294.380: [GC pause (mixed)
Desired survivor size 67108864 bytes, new threshold 16 (max 32)
- age   1:   33152896 bytes,   33152896 total
, 0.3596210 secs]
   [Parallel Time: 344.4 ms, GC Workers: 2]
      [GC Worker Start (ms): Min: 26294382.7, Avg: 26294382.7, Max: 26294382.7, Diff: 0.0]
      [Ext Root Scanning (ms): Min: 48.3, Avg: 55.4, Max: 62.5, Diff: 14.2, Sum: 110.9]
      [Update RS (ms): Min: 41.0, Avg: 49.4, Max: 57.9, Diff: 16.9, Sum: 98.9]
         [Processed Buffers: Min: 112, Avg: 162.0, Max: 212, Diff: 100, Sum: 324]
      [Scan RS (ms): Min: 72.2, Avg: 72.2, Max: 72.3, Diff: 0.1, Sum: 144.5]
      [Object Copy (ms): Min: 165.8, Avg: 167.2, Max: 168.5, Diff: 2.7, Sum: 334.3]
      [Termination (ms): Min: 0.0, Avg: 0.0, Max: 0.0, Diff: 0.0, Sum: 0.0]
      [GC Worker Other (ms): Min: 0.1, Avg: 0.1, Max: 0.1, Diff: 0.0, Sum: 0.2]
      [GC Worker Total (ms): Min: 344.3, Avg: 344.3, Max: 344.4, Diff: 0.0, Sum: 688.7]
      [GC Worker End (ms): Min: 26294727.1, Avg: 26294727.1, Max: 26294727.1, Diff: 0.0]
   [Code Root Fixup: 0.0 ms]
   [Clear CT: 0.9 ms]
   [Other: 14.3 ms]
      [Choose CSet: 1.0 ms]
      [Ref Proc: 6.0 ms]
      [Ref Enq: 0.1 ms]
      [Free CSet: 5.4 ms]
   [Eden: 990.0M(990.0M)->0.0B(956.0M) Survivors: 34.0M->68.0M Heap: 2051.8M(3072.0M)->931.8M(3072.0M)]
 [Times: user=0.71 sys=0.00, real=0.36 secs] 
26301.599: [GC pause (young)
Desired survivor size 67108864 bytes, new threshold 2 (max 32)
- age   1:   48064456 bytes,   48064456 total
- age   2:   19381208 bytes,   67445664 total
, 0.3671850 secs]
   [Parallel Time: 357.0 ms, GC Workers: 2]
      [GC Worker Start (ms): Min: 26301599.6, Avg: 26301599.6, Max: 26301599.6, Diff: 0.0]
      [Ext Root Scanning (ms): Min: 43.7, Avg: 53.5, Max: 63.4, Diff: 19.6, Sum: 107.1]
      [Update RS (ms): Min: 52.4, Avg: 61.1, Max: 69.7, Diff: 17.3, Sum: 122.1]
         [Processed Buffers: Min: 166, Avg: 173.0, Max: 180, Diff: 14, Sum: 346]
      [Scan RS (ms): Min: 41.4, Avg: 41.5, Max: 41.5, Diff: 0.1, Sum: 82.9]
      [Object Copy (ms): Min: 199.5, Avg: 200.8, Max: 202.0, Diff: 2.5, Sum: 401.5]
      [Termination (ms): Min: 0.0, Avg: 0.0, Max: 0.0, Diff: 0.0, Sum: 0.0]
      [GC Worker Other (ms): Min: 0.1, Avg: 0.1, Max: 0.1, Diff: 0.0, Sum: 0.1]
      [GC Worker Total (ms): Min: 356.9, Avg: 356.9, Max: 356.9, Diff: 0.0, Sum: 713.8]
      [GC Worker End (ms): Min: 26301956.5, Avg: 26301956.5, Max: 26301956.5, Diff: 0.0]
   [Code Root Fixup: 0.0 ms]
   [Clear CT: 0.7 ms]
   [Other: 9.4 ms]
      [Choose CSet: 0.0 ms]
      [Ref Proc: 4.9 ms]
      [Ref Enq: 0.1 ms]
      [Free CSet: 2.8 ms]
   [Eden: 956.0M(956.0M)->0.0B(958.0M) Survivors: 68.0M->66.0M Heap: 1909.7M(3072.0M)->969.7M(3072.0M)]
 [Times: user=0.72 sys=0.00, real=0.37 secs] 
26307.469: [GC pause (young)
Desired survivor size 67108864 bytes, new threshold 16 (max 32)
- age   1:   37821680 bytes,   37821680 total
- age   2:   28845704 bytes,   66667384 total
, 0.4355960 secs]
   [Parallel Time: 402.8 ms, GC Workers: 2]
      [GC Worker Start (ms): Min: 26307470.2, Avg: 26307470.3, Max: 26307470.3, Diff: 0.0]
      [Ext Root Scanning (ms): Min: 42.9, Avg: 52.4, Max: 62.0, Diff: 19.1, Sum: 104.9]
      [Update RS (ms): Min: 46.6, Avg: 55.0, Max: 63.4, Diff: 16.8, Sum: 110.0]
         [Processed Buffers: Min: 162, Avg: 162.0, Max: 162, Diff: 0, Sum: 324]
      [Scan RS (ms): Min: 52.5, Avg: 52.5, Max: 52.5, Diff: 0.0, Sum: 105.0]
      [Object Copy (ms): Min: 241.4, Avg: 242.5, Max: 243.6, Diff: 2.2, Sum: 485.0]
      [Termination (ms): Min: 0.0, Avg: 0.0, Max: 0.0, Diff: 0.0, Sum: 0.0]
      [GC Worker Other (ms): Min: 0.1, Avg: 0.1, Max: 0.1, Diff: 0.0, Sum: 0.2]
      [GC Worker Total (ms): Min: 402.5, Avg: 402.5, Max: 402.5, Diff: 0.0, Sum: 805.0]
      [GC Worker End (ms): Min: 26307872.7, Avg: 26307872.7, Max: 26307872.7, Diff: 0.0]
   [Code Root Fixup: 0.0 ms]
   [Clear CT: 1.0 ms]
   [Other: 31.8 ms]
      [Choose CSet: 0.0 ms]
      [Ref Proc: 26.0 ms]
      [Ref Enq: 0.1 ms]
      [Free CSet: 3.8 ms]
   [Eden: 958.0M(958.0M)->0.0B(911.0M) Survivors: 66.0M->113.0M Heap: 1934.7M(3072.0M)->1023.7M(3072.0M)]
 [Times: user=0.83 sys=0.01, real=0.44 secs] 
26313.042: [GC pause (young)
Desired survivor size 67108864 bytes, new threshold 2 (max 32)
- age   1:   61086144 bytes,   61086144 total
- age   2:   23294576 bytes,   84380720 total
- age   3:   25890888 bytes,  110271608 total
, 0.5229450 secs]
   [Parallel Time: 512.6 ms, GC Workers: 2]
      [GC Worker Start (ms): Min: 26313043.1, Avg: 26313043.1, Max: 26313043.1, Diff: 0.1]
      [Ext Root Scanning (ms): Min: 43.8, Avg: 53.8, Max: 63.8, Diff: 20.0, Sum: 107.7]
      [Update RS (ms): Min: 51.3, Avg: 60.2, Max: 69.0, Diff: 17.8, Sum: 120.3]
         [Processed Buffers: Min: 112, Avg: 157.0, Max: 202, Diff: 90, Sum: 314]
      [Scan RS (ms): Min: 57.5, Avg: 57.5, Max: 57.5, Diff: 0.0, Sum: 115.1]
      [Object Copy (ms): Min: 339.6, Avg: 340.8, Max: 341.9, Diff: 2.3, Sum: 681.6]
      [Termination (ms): Min: 0.0, Avg: 0.0, Max: 0.0, Diff: 0.0, Sum: 0.0]
      [GC Worker Other (ms): Min: 0.1, Avg: 0.1, Max: 0.1, Diff: 0.0, Sum: 0.1]
      [GC Worker Total (ms): Min: 512.4, Avg: 512.4, Max: 512.4, Diff: 0.0, Sum: 1024.8]
      [GC Worker End (ms): Min: 26313555.5, Avg: 26313555.5, Max: 26313555.5, Diff: 0.0]
   [Code Root Fixup: 0.0 ms]
   [Clear CT: 0.9 ms]
   [Other: 9.5 ms]
      [Choose CSet: 0.0 ms]
      [Ref Proc: 3.7 ms]
      [Ref Enq: 0.1 ms]
      [Free CSet: 3.5 ms]
   [Eden: 911.0M(911.0M)->0.0B(925.0M) Survivors: 113.0M->99.0M Heap: 1979.6M(3072.0M)->1097.1M(3072.0M)]
 [Times: user=1.03 sys=0.00, real=0.53 secs] 
26318.503: [GC pause (young)
Desired survivor size 67108864 bytes, new threshold 2 (max 32)
- age   1:   60347224 bytes,   60347224 total
- age   2:   41066424 bytes,  101413648 total
, 0.4740070 secs]
   [Parallel Time: 463.4 ms, GC Workers: 2]
      [GC Worker Start (ms): Min: 26318505.3, Avg: 26318505.3, Max: 26318505.4, Diff: 0.0]
      [Ext Root Scanning (ms): Min: 42.1, Avg: 52.0, Max: 61.9, Diff: 19.8, Sum: 104.1]
      [Update RS (ms): Min: 45.6, Avg: 54.5, Max: 63.4, Diff: 17.8, Sum: 109.0]
         [Processed Buffers: Min: 126, Avg: 148.0, Max: 170, Diff: 44, Sum: 296]
      [Scan RS (ms): Min: 63.6, Avg: 63.6, Max: 63.6, Diff: 0.1, Sum: 127.2]
      [Object Copy (ms): Min: 292.1, Avg: 293.1, Max: 294.0, Diff: 1.9, Sum: 586.1]
      [Termination (ms): Min: 0.0, Avg: 0.0, Max: 0.0, Diff: 0.0, Sum: 0.0]
      [GC Worker Other (ms): Min: 0.1, Avg: 0.1, Max: 0.1, Diff: 0.0, Sum: 0.2]
      [GC Worker Total (ms): Min: 463.3, Avg: 463.3, Max: 463.3, Diff: 0.0, Sum: 926.6]
      [GC Worker End (ms): Min: 26318968.6, Avg: 26318968.6, Max: 26318968.6, Diff: 0.0]
   [Code Root Fixup: 0.0 ms]
   [Clear CT: 0.7 ms]
   [Other: 9.9 ms]
      [Choose CSet: 0.0 ms]
      [Ref Proc: 2.8 ms]
      [Ref Enq: 0.0 ms]
      [Free CSet: 4.2 ms]
   [Eden: 925.0M(925.0M)->0.0B(936.0M) Survivors: 99.0M->88.0M Heap: 2028.1M(3072.0M)->1130.1M(3072.0M)]
 [Times: user=0.94 sys=0.00, real=0.48 secs] 
26324.470: [GC pause (young)
Desired survivor size 67108864 bytes, new threshold 2 (max 32)
- age   1:   46159080 bytes,   46159080 total
- age   2:   43707776 bytes,   89866856 total
, 0.5497100 secs]
   [Parallel Time: 537.3 ms, GC Workers: 2]
      [GC Worker Start (ms): Min: 26324471.9, Avg: 26324471.9, Max: 26324472.0, Diff: 0.0]
      [Ext Root Scanning (ms): Min: 46.4, Avg: 52.6, Max: 58.7, Diff: 12.2, Sum: 105.1]
      [Update RS (ms): Min: 56.7, Avg: 65.2, Max: 73.6, Diff: 16.9, Sum: 130.3]
         [Processed Buffers: Min: 98, Avg: 144.5, Max: 191, Diff: 93, Sum: 289]
      [Scan RS (ms): Min: 78.1, Avg: 78.1, Max: 78.1, Diff: 0.0, Sum: 156.2]
      [Object Copy (ms): Min: 338.9, Avg: 341.2, Max: 343.5, Diff: 4.6, Sum: 682.4]
      [Termination (ms): Min: 0.0, Avg: 0.0, Max: 0.0, Diff: 0.0, Sum: 0.0]
      [GC Worker Other (ms): Min: 0.1, Avg: 0.1, Max: 0.1, Diff: 0.0, Sum: 0.2]
      [GC Worker Total (ms): Min: 537.2, Avg: 537.2, Max: 537.2, Diff: 0.0, Sum: 1074.4]
      [GC Worker End (ms): Min: 26325009.1, Avg: 26325009.1, Max: 26325009.1, Diff: 0.0]
   [Code Root Fixup: 0.0 ms]
   [Clear CT: 0.6 ms]
   [Other: 11.8 ms]
      [Choose CSet: 0.0 ms]
      [Ref Proc: 4.0 ms]
      [Ref Enq: 0.1 ms]
      [Free CSet: 5.1 ms]
   [Eden: 936.0M(936.0M)->0.0B(918.0M) Survivors: 88.0M->106.0M Heap: 2092.3M(3072.0M)->1213.3M(3072.0M)]
 [Times: user=1.09 sys=0.00, real=0.55 secs] 
26329.950: [GC pause (young)
Desired survivor size 67108864 bytes, new threshold 1 (max 32)
- age   1:   81090760 bytes,   81090760 total
- age   2:   27178992 bytes,  108269752 total
, 0.5255160 secs]
   [Parallel Time: 513.8 ms, GC Workers: 2]
      [GC Worker Start (ms): Min: 26329951.8, Avg: 26329951.8, Max: 26329951.8, Diff: 0.0]
      [Ext Root Scanning (ms): Min: 45.5, Avg: 54.0, Max: 62.6, Diff: 17.1, Sum: 108.1]
      [Update RS (ms): Min: 51.6, Avg: 59.1, Max: 66.6, Diff: 15.0, Sum: 118.1]
         [Processed Buffers: Min: 62, Avg: 137.5, Max: 213, Diff: 151, Sum: 275]
      [Scan RS (ms): Min: 68.0, Avg: 68.0, Max: 68.1, Diff: 0.1, Sum: 136.1]
      [Object Copy (ms): Min: 331.3, Avg: 332.4, Max: 333.5, Diff: 2.2, Sum: 664.8]
      [Termination (ms): Min: 0.0, Avg: 0.0, Max: 0.0, Diff: 0.0, Sum: 0.0]
      [GC Worker Other (ms): Min: 0.1, Avg: 0.1, Max: 0.1, Diff: 0.0, Sum: 0.2]
      [GC Worker Total (ms): Min: 513.7, Avg: 513.7, Max: 513.7, Diff: 0.0, Sum: 1027.4]
      [GC Worker End (ms): Min: 26330465.4, Avg: 26330465.5, Max: 26330465.5, Diff: 0.0]
   [Code Root Fixup: 0.0 ms]
   [Clear CT: 0.8 ms]
   [Other: 10.9 ms]
      [Choose CSet: 0.0 ms]
      [Ref Proc: 2.9 ms]
      [Ref Enq: 0.0 ms]
      [Free CSet: 4.8 ms]
   [Eden: 918.0M(918.0M)->0.0B(971.0M) Survivors: 106.0M->53.0M Heap: 2154.5M(3072.0M)->1269.5M(3072.0M)]
 [Times: user=1.04 sys=0.00, real=0.52 secs] 
26335.010: [GC pause (young) (initial-mark)
Desired survivor size 67108864 bytes, new threshold 16 (max 32)
- age   1:   52888016 bytes,   52888016 total
, 0.3690190 secs]
   [Parallel Time: 359.7 ms, GC Workers: 2]
      [GC Worker Start (ms): Min: 26335012.2, Avg: 26335012.2, Max: 26335012.3, Diff: 0.0]
      [Ext Root Scanning (ms): Min: 50.1, Avg: 57.2, Max: 64.2, Diff: 14.1, Sum: 114.3]
      [Update RS (ms): Min: 27.2, Avg: 39.4, Max: 51.6, Diff: 24.5, Sum: 78.8]
         [Processed Buffers: Min: 116, Avg: 173.5, Max: 231, Diff: 115, Sum: 347]
      [Scan RS (ms): Min: 55.3, Avg: 55.3, Max: 55.3, Diff: 0.0, Sum: 110.5]
      [Object Copy (ms): Min: 202.5, Avg: 207.7, Max: 212.9, Diff: 10.4, Sum: 415.3]
      [Termination (ms): Min: 0.0, Avg: 0.0, Max: 0.0, Diff: 0.0, Sum: 0.0]
      [GC Worker Other (ms): Min: 0.1, Avg: 0.1, Max: 0.1, Diff: 0.0, Sum: 0.2]
      [GC Worker Total (ms): Min: 359.6, Avg: 359.6, Max: 359.6, Diff: 0.0, Sum: 719.2]
      [GC Worker End (ms): Min: 26335371.8, Avg: 26335371.9, Max: 26335371.9, Diff: 0.0]
   [Code Root Fixup: 0.0 ms]
   [Clear CT: 0.6 ms]
   [Other: 8.7 ms]
      [Choose CSet: 0.0 ms]
      [Ref Proc: 2.2 ms]
      [Ref Enq: 0.0 ms]
      [Free CSet: 3.6 ms]
   [Eden: 778.0M(971.0M)->0.0B(936.0M) Survivors: 53.0M->88.0M Heap: 2103.0M(3072.0M)->1360.5M(3072.0M)]
 [Times: user=0.73 sys=0.00, real=0.37 secs] 
26335.379: [GC concurrent-root-region-scan-start]
26335.845: [GC concurrent-root-region-scan-end, 0.4655800 secs]
26335.845: [GC concurrent-mark-start]
26338.029: [GC concurrent-mark-end, 2.1839200 secs]
26338.031: [GC remark 26338.033: [GC ref-proc, 0.1964610 secs], 0.2612720 secs]
 [Times: user=0.27 sys=0.00, real=0.26 secs] 
26338.303: [GC cleanup 1853M->1587M(3072M), 0.0209780 secs]
 [Times: user=0.04 sys=0.00, real=0.02 secs] 
26338.324: [GC concurrent-cleanup-start]
26338.325: [GC concurrent-cleanup-end, 0.0005410 secs]
26340.663: [GC pause (young)
Desired survivor size 67108864 bytes, new threshold 2 (max 32)
- age   1:   51821832 bytes,   51821832 total
- age   2:   38217224 bytes,   90039056 total
, 0.4913590 secs]
   [Parallel Time: 483.3 ms, GC Workers: 2]
      [GC Worker Start (ms): Min: 26340664.1, Avg: 26340664.1, Max: 26340664.1, Diff: 0.0]
      [Ext Root Scanning (ms): Min: 44.3, Avg: 54.2, Max: 64.1, Diff: 19.9, Sum: 108.4]
      [Update RS (ms): Min: 48.6, Avg: 57.6, Max: 66.5, Diff: 17.9, Sum: 115.1]
         [Processed Buffers: Min: 145, Avg: 163.5, Max: 182, Diff: 37, Sum: 327]
      [Scan RS (ms): Min: 59.8, Avg: 59.8, Max: 59.8, Diff: 0.0, Sum: 119.6]
      [Object Copy (ms): Min: 310.5, Avg: 311.5, Max: 312.4, Diff: 2.0, Sum: 622.9]
      [Termination (ms): Min: 0.0, Avg: 0.0, Max: 0.0, Diff: 0.0, Sum: 0.0]
      [GC Worker Other (ms): Min: 0.1, Avg: 0.1, Max: 0.1, Diff: 0.1, Sum: 0.2]
      [GC Worker Total (ms): Min: 483.1, Avg: 483.1, Max: 483.2, Diff: 0.1, Sum: 966.2]
      [GC Worker End (ms): Min: 26341147.2, Avg: 26341147.2, Max: 26341147.2, Diff: 0.1]
   [Code Root Fixup: 0.0 ms]
   [Clear CT: 0.7 ms]
   [Other: 7.4 ms]
      [Choose CSet: 0.0 ms]
      [Ref Proc: 2.3 ms]
      [Ref Enq: 0.0 ms]
      [Free CSet: 2.9 ms]
   [Eden: 936.0M(936.0M)->0.0B(918.0M) Survivors: 88.0M->106.0M Heap: 2064.2M(3072.0M)->1178.7M(3072.0M)]
 [Times: user=0.97 sys=0.01, real=0.49 secs] 
26346.599: [GC pause (mixed)
Desired survivor size 67108864 bytes, new threshold 1 (max 32)
- age   1:   88023656 bytes,   88023656 total
- age   2:   20480976 bytes,  108504632 total
, 0.3188510 secs]
   [Parallel Time: 307.5 ms, GC Workers: 2]
      [GC Worker Start (ms): Min: 26346600.3, Avg: 26346600.3, Max: 26346600.3, Diff: 0.0]
      [Ext Root Scanning (ms): Min: 49.2, Avg: 54.9, Max: 60.6, Diff: 11.5, Sum: 109.8]
      [Update RS (ms): Min: 34.2, Avg: 41.8, Max: 49.4, Diff: 15.2, Sum: 83.6]
         [Processed Buffers: Min: 52, Avg: 137.0, Max: 222, Diff: 170, Sum: 274]
      [Scan RS (ms): Min: 46.9, Avg: 46.9, Max: 46.9, Diff: 0.0, Sum: 93.7]
      [Object Copy (ms): Min: 161.9, Avg: 163.8, Max: 165.6, Diff: 3.7, Sum: 327.6]
      [Termination (ms): Min: 0.0, Avg: 0.0, Max: 0.0, Diff: 0.0, Sum: 0.0]
      [GC Worker Other (ms): Min: 0.1, Avg: 0.1, Max: 0.1, Diff: 0.0, Sum: 0.2]
      [GC Worker Total (ms): Min: 307.4, Avg: 307.4, Max: 307.4, Diff: 0.0, Sum: 614.8]
      [GC Worker End (ms): Min: 26346907.7, Avg: 26346907.7, Max: 26346907.7, Diff: 0.0]
   [Code Root Fixup: 0.0 ms]
   [Clear CT: 0.8 ms]
   [Other: 10.6 ms]
      [Choose CSet: 0.5 ms]
      [Ref Proc: 3.5 ms]
      [Ref Enq: 0.1 ms]
      [Free CSet: 4.1 ms]
   [Eden: 918.0M(918.0M)->0.0B(988.0M) Survivors: 106.0M->36.0M Heap: 2117.4M(3072.0M)->1091.9M(3072.0M)]
 [Times: user=0.62 sys=0.00, real=0.32 secs] 
26352.588: [GC pause (mixed)
Desired survivor size 67108864 bytes, new threshold 16 (max 32)
- age   1:   36273536 bytes,   36273536 total
, 0.3170340 secs]
   [Parallel Time: 303.3 ms, GC Workers: 2]
      [GC Worker Start (ms): Min: 26352590.3, Avg: 26352590.4, Max: 26352590.4, Diff: 0.1]
      [Ext Root Scanning (ms): Min: 43.5, Avg: 53.2, Max: 62.8, Diff: 19.3, Sum: 106.3]
      [Update RS (ms): Min: 19.9, Avg: 28.4, Max: 36.9, Diff: 17.0, Sum: 56.8]
         [Processed Buffers: Min: 138, Avg: 146.0, Max: 154, Diff: 16, Sum: 292]
      [Scan RS (ms): Min: 65.6, Avg: 65.7, Max: 65.7, Diff: 0.1, Sum: 131.3]
      [Object Copy (ms): Min: 154.7, Avg: 155.8, Max: 156.8, Diff: 2.1, Sum: 311.5]
      [Termination (ms): Min: 0.0, Avg: 0.0, Max: 0.0, Diff: 0.0, Sum: 0.0]
      [GC Worker Other (ms): Min: 0.1, Avg: 0.1, Max: 0.1, Diff: 0.1, Sum: 0.2]
      [GC Worker Total (ms): Min: 303.0, Avg: 303.1, Max: 303.2, Diff: 0.1, Sum: 606.2]
      [GC Worker End (ms): Min: 26352893.5, Avg: 26352893.5, Max: 26352893.5, Diff: 0.0]
   [Code Root Fixup: 0.0 ms]
   [Clear CT: 0.8 ms]
   [Other: 12.9 ms]
      [Choose CSet: 0.7 ms]
      [Ref Proc: 4.9 ms]
      [Ref Enq: 0.1 ms]
      [Free CSet: 5.1 ms]
   [Eden: 988.0M(988.0M)->0.0B(960.0M) Survivors: 36.0M->64.0M Heap: 2105.6M(3072.0M)->1052.6M(3072.0M)]
 [Times: user=0.62 sys=0.00, real=0.32 secs] 
26359.672: [GC pause (young)
Desired survivor size 67108864 bytes, new threshold 16 (max 32)
- age   1:   43555528 bytes,   43555528 total
- age   2:   21103808 bytes,   64659336 total
, 0.3968110 secs]
   [Parallel Time: 384.5 ms, GC Workers: 2]
      [GC Worker Start (ms): Min: 26359673.4, Avg: 26359673.4, Max: 26359673.5, Diff: 0.1]
      [Ext Root Scanning (ms): Min: 45.9, Avg: 54.3, Max: 62.8, Diff: 16.9, Sum: 108.6]
      [Update RS (ms): Min: 41.2, Avg: 48.4, Max: 55.6, Diff: 14.4, Sum: 96.8]
         [Processed Buffers: Min: 133, Avg: 152.0, Max: 171, Diff: 38, Sum: 304]
      [Scan RS (ms): Min: 66.4, Avg: 66.4, Max: 66.4, Diff: 0.0, Sum: 132.8]
      [Object Copy (ms): Min: 213.9, Avg: 215.2, Max: 216.5, Diff: 2.6, Sum: 430.3]
      [Termination (ms): Min: 0.0, Avg: 0.0, Max: 0.0, Diff: 0.0, Sum: 0.0]
      [GC Worker Other (ms): Min: 0.1, Avg: 0.1, Max: 0.1, Diff: 0.0, Sum: 0.2]
      [GC Worker Total (ms): Min: 384.3, Avg: 384.4, Max: 384.4, Diff: 0.1, Sum: 768.7]
      [GC Worker End (ms): Min: 26360057.8, Avg: 26360057.8, Max: 26360057.8, Diff: 0.0]
   [Code Root Fixup: 0.0 ms]
   [Clear CT: 0.7 ms]
   [Other: 11.6 ms]
      [Choose CSet: 0.0 ms]
      [Ref Proc: 5.2 ms]
      [Ref Enq: 0.1 ms]
      [Free CSet: 4.4 ms]
   [Eden: 960.0M(960.0M)->0.0B(933.0M) Survivors: 64.0M->91.0M Heap: 2040.8M(3072.0M)->1107.8M(3072.0M)]
 [Times: user=0.78 sys=0.00, real=0.39 secs] 
26365.630: [GC pause (young)
Desired survivor size 67108864 bytes, new threshold 2 (max 32)
- age   1:   45239808 bytes,   45239808 total
- age   2:   28566408 bytes,   73806216 total
- age   3:   17708712 bytes,   91514928 total
, 0.4101900 secs]
   [Parallel Time: 396.3 ms, GC Workers: 2]
      [GC Worker Start (ms): Min: 26365631.6, Avg: 26365631.6, Max: 26365631.6, Diff: 0.0]
      [Ext Root Scanning (ms): Min: 50.8, Avg: 56.7, Max: 62.6, Diff: 11.8, Sum: 113.4]
      [Update RS (ms): Min: 37.6, Avg: 46.1, Max: 54.5, Diff: 16.9, Sum: 92.1]
         [Processed Buffers: Min: 152, Avg: 155.5, Max: 159, Diff: 7, Sum: 311]
      [Scan RS (ms): Min: 59.9, Avg: 60.0, Max: 60.0, Diff: 0.0, Sum: 119.9]
      [Object Copy (ms): Min: 230.9, Avg: 233.4, Max: 236.0, Diff: 5.1, Sum: 466.9]
      [Termination (ms): Min: 0.0, Avg: 0.0, Max: 0.0, Diff: 0.0, Sum: 0.0]
      [GC Worker Other (ms): Min: 0.1, Avg: 0.1, Max: 0.1, Diff: 0.0, Sum: 0.1]
      [GC Worker Total (ms): Min: 396.2, Avg: 396.2, Max: 396.2, Diff: 0.0, Sum: 792.4]
      [GC Worker End (ms): Min: 26366027.8, Avg: 26366027.8, Max: 26366027.8, Diff: 0.0]
   [Code Root Fixup: 0.0 ms]
   [Clear CT: 0.6 ms]
   [Other: 13.3 ms]
      [Choose CSet: 0.0 ms]
      [Ref Proc: 6.9 ms]
      [Ref Enq: 0.1 ms]
      [Free CSet: 3.7 ms]
   [Eden: 933.0M(933.0M)->0.0B(954.0M) Survivors: 91.0M->70.0M Heap: 2041.8M(3072.0M)->1130.8M(3072.0M)]
 [Times: user=0.81 sys=0.00, real=0.41 secs] 
26371.935: [GC pause (young)
Desired survivor size 67108864 bytes, new threshold 2 (max 32)
- age   1:   40145952 bytes,   40145952 total
- age   2:   29596928 bytes,   69742880 total
, 0.3825120 secs]
   [Parallel Time: 368.7 ms, GC Workers: 2]
      [GC Worker Start (ms): Min: 26371936.9, Avg: 26371936.9, Max: 26371936.9, Diff: 0.0]
      [Ext Root Scanning (ms): Min: 49.6, Avg: 58.1, Max: 66.6, Diff: 17.1, Sum: 116.2]
      [Update RS (ms): Min: 58.7, Avg: 65.5, Max: 72.4, Diff: 13.7, Sum: 131.1]
         [Processed Buffers: Min: 151, Avg: 186.0, Max: 221, Diff: 70, Sum: 372]
      [Scan RS (ms): Min: 51.6, Avg: 51.6, Max: 51.7, Diff: 0.1, Sum: 103.3]
      [Object Copy (ms): Min: 191.6, Avg: 193.2, Max: 194.8, Diff: 3.2, Sum: 386.5]
      [Termination (ms): Min: 0.0, Avg: 0.0, Max: 0.0, Diff: 0.0, Sum: 0.0]
      [GC Worker Other (ms): Min: 0.1, Avg: 0.1, Max: 0.1, Diff: 0.0, Sum: 0.2]
      [GC Worker Total (ms): Min: 368.6, Avg: 368.6, Max: 368.6, Diff: 0.0, Sum: 737.2]
      [GC Worker End (ms): Min: 26372305.4, Avg: 26372305.5, Max: 26372305.5, Diff: 0.0]
   [Code Root Fixup: 0.0 ms]
   [Clear CT: 0.7 ms]
   [Other: 13.1 ms]
      [Choose CSet: 0.0 ms]
      [Ref Proc: 7.0 ms]
      [Ref Enq: 0.1 ms]
      [Free CSet: 3.4 ms]
   [Eden: 954.0M(954.0M)->0.0B(961.0M) Survivors: 70.0M->63.0M Heap: 2110.8M(3072.0M)->1177.8M(3072.0M)]
 [Times: user=0.74 sys=0.02, real=0.38 secs] 
26379.637: [GC pause (young)
Desired survivor size 67108864 bytes, new threshold 16 (max 32)
- age   1:   38839248 bytes,   38839248 total
- age   2:   23375680 bytes,   62214928 total
, 0.3267070 secs]
   [Parallel Time: 312.9 ms, GC Workers: 2]
      [GC Worker Start (ms): Min: 26379638.7, Avg: 26379638.8, Max: 26379638.8, Diff: 0.1]
      [Ext Root Scanning (ms): Min: 47.5, Avg: 54.0, Max: 60.5, Diff: 12.9, Sum: 108.0]
      [Update RS (ms): Min: 32.2, Avg: 40.7, Max: 49.2, Diff: 17.1, Sum: 81.4]
         [Processed Buffers: Min: 82, Avg: 159.5, Max: 237, Diff: 155, Sum: 319]
      [Scan RS (ms): Min: 44.6, Avg: 44.7, Max: 44.7, Diff: 0.0, Sum: 89.3]
      [Object Copy (ms): Min: 170.7, Avg: 172.8, Max: 174.8, Diff: 4.0, Sum: 345.5]
      [Termination (ms): Min: 0.0, Avg: 0.0, Max: 0.0, Diff: 0.0, Sum: 0.0]
      [GC Worker Other (ms): Min: 0.1, Avg: 0.1, Max: 0.1, Diff: 0.0, Sum: 0.1]
      [GC Worker Total (ms): Min: 312.1, Avg: 312.2, Max: 312.2, Diff: 0.1, Sum: 624.4]
      [GC Worker End (ms): Min: 26379950.9, Avg: 26379950.9, Max: 26379951.0, Diff: 0.0]
   [Code Root Fixup: 0.0 ms]
   [Clear CT: 0.7 ms]
   [Other: 13.1 ms]
      [Choose CSet: 0.0 ms]
      [Ref Proc: 7.4 ms]
      [Ref Enq: 0.1 ms]
      [Free CSet: 3.6 ms]
   [Eden: 961.0M(961.0M)->0.0B(943.0M) Survivors: 63.0M->81.0M Heap: 2142.8M(3072.0M)->1199.3M(3072.0M)]
 [Times: user=0.64 sys=0.00, real=0.32 secs] 
26386.829: [GC pause (young)
Desired survivor size 67108864 bytes, new threshold 3 (max 32)
- age   1:   38319376 bytes,   38319376 total
- age   2:   21589872 bytes,   59909248 total
- age   3:   20947696 bytes,   80856944 total
, 0.4036070 secs]
   [Parallel Time: 390.0 ms, GC Workers: 2]
      [GC Worker Start (ms): Min: 26386830.4, Avg: 26386830.5, Max: 26386830.5, Diff: 0.1]
      [Ext Root Scanning (ms): Min: 52.6, Avg: 55.6, Max: 58.7, Diff: 6.1, Sum: 111.3]
      [Update RS (ms): Min: 12.3, Avg: 17.2, Max: 22.1, Diff: 9.8, Sum: 34.4]
         [Processed Buffers: Min: 130, Avg: 155.5, Max: 181, Diff: 51, Sum: 311]
      [Scan RS (ms): Min: 42.4, Avg: 42.6, Max: 42.7, Diff: 0.3, Sum: 85.1]
      [Object Copy (ms): Min: 272.2, Avg: 274.3, Max: 276.4, Diff: 4.1, Sum: 548.6]
      [Termination (ms): Min: 0.0, Avg: 0.0, Max: 0.0, Diff: 0.0, Sum: 0.0]
      [GC Worker Other (ms): Min: 0.1, Avg: 0.1, Max: 0.1, Diff: 0.0, Sum: 0.2]
      [GC Worker Total (ms): Min: 389.7, Avg: 389.8, Max: 389.9, Diff: 0.1, Sum: 779.6]
      [GC Worker End (ms): Min: 26387220.3, Avg: 26387220.3, Max: 26387220.3, Diff: 0.0]
   [Code Root Fixup: 0.0 ms]
   [Clear CT: 1.3 ms]
   [Other: 12.4 ms]
      [Choose CSet: 0.0 ms]
      [Ref Proc: 6.2 ms]
      [Ref Enq: 0.2 ms]
      [Free CSet: 3.9 ms]
   [Eden: 943.0M(943.0M)->0.0B(915.0M) Survivors: 81.0M->109.0M Heap: 2165.7M(3072.0M)->1266.7M(3072.0M)]
 [Times: user=0.78 sys=0.01, real=0.40 secs] 
26392.952: [GC pause (young)
Desired survivor size 67108864 bytes, new threshold 1 (max 32)
- age   1:   79293032 bytes,   79293032 total
- age   2:   15411072 bytes,   94704104 total
- age   3:   14901072 bytes,  109605176 total
, 0.4997900 secs]
   [Parallel Time: 485.3 ms, GC Workers: 2]
      [GC Worker Start (ms): Min: 26392952.6, Avg: 26392952.6, Max: 26392952.6, Diff: 0.0]
      [Ext Root Scanning (ms): Min: 47.3, Avg: 54.2, Max: 61.2, Diff: 14.0, Sum: 108.5]
      [Update RS (ms): Min: 26.9, Avg: 36.0, Max: 45.2, Diff: 18.3, Sum: 72.0]
         [Processed Buffers: Min: 127, Avg: 157.5, Max: 188, Diff: 61, Sum: 315]
      [Scan RS (ms): Min: 62.1, Avg: 62.1, Max: 62.2, Diff: 0.1, Sum: 124.2]
      [Object Copy (ms): Min: 330.6, Avg: 332.8, Max: 335.0, Diff: 4.4, Sum: 665.5]
      [Termination (ms): Min: 0.0, Avg: 0.0, Max: 0.0, Diff: 0.0, Sum: 0.0]
      [GC Worker Other (ms): Min: 0.1, Avg: 0.1, Max: 0.1, Diff: 0.0, Sum: 0.2]
      [GC Worker Total (ms): Min: 485.2, Avg: 485.2, Max: 485.2, Diff: 0.0, Sum: 970.5]
      [GC Worker End (ms): Min: 26393437.8, Avg: 26393437.8, Max: 26393437.9, Diff: 0.0]
   [Code Root Fixup: 0.0 ms]
   [Clear CT: 0.7 ms]
   [Other: 13.7 ms]
      [Choose CSet: 0.0 ms]
      [Ref Proc: 8.5 ms]
      [Ref Enq: 0.1 ms]
      [Free CSet: 2.4 ms]
   [Eden: 915.0M(915.0M)->0.0B(959.0M) Survivors: 109.0M->65.0M Heap: 2252.4M(3072.0M)->1377.9M(3072.0M)]
 [Times: user=0.95 sys=0.03, real=0.50 secs] 
26394.061: [GC pause (young) (initial-mark)
Desired survivor size 67108864 bytes, new threshold 16 (max 32)
- age   1:   63015808 bytes,   63015808 total
, 0.3974680 secs]
   [Parallel Time: 393.7 ms, GC Workers: 2]
      [GC Worker Start (ms): Min: 26394061.7, Avg: 26394061.7, Max: 26394061.7, Diff: 0.0]
      [Ext Root Scanning (ms): Min: 46.3, Avg: 54.6, Max: 62.8, Diff: 16.5, Sum: 109.2]
      [Update RS (ms): Min: 202.7, Avg: 211.6, Max: 220.5, Diff: 17.8, Sum: 423.2]
         [Processed Buffers: Min: 475, Avg: 479.5, Max: 484, Diff: 9, Sum: 959]
      [Scan RS (ms): Min: 0.5, Avg: 0.5, Max: 0.5, Diff: 0.0, Sum: 0.9]
      [Object Copy (ms): Min: 126.2, Avg: 126.8, Max: 127.4, Diff: 1.3, Sum: 253.6]
      [Termination (ms): Min: 0.0, Avg: 0.0, Max: 0.0, Diff: 0.0, Sum: 0.0]
      [GC Worker Other (ms): Min: 0.0, Avg: 0.0, Max: 0.1, Diff: 0.0, Sum: 0.1]
      [GC Worker Total (ms): Min: 393.5, Avg: 393.5, Max: 393.5, Diff: 0.0, Sum: 787.0]
      [GC Worker End (ms): Min: 26394455.1, Avg: 26394455.1, Max: 26394455.2, Diff: 0.0]
   [Code Root Fixup: 0.0 ms]
   [Clear CT: 0.3 ms]
   [Other: 3.5 ms]
      [Choose CSet: 0.0 ms]
      [Ref Proc: 1.6 ms]
      [Ref Enq: 0.0 ms]
      [Free CSet: 0.3 ms]
   [Eden: 92.0M(959.0M)->0.0B(958.0M) Survivors: 65.0M->66.0M Heap: 1469.6M(3072.0M)->1378.4M(3072.0M)]
 [Times: user=0.79 sys=0.00, real=0.39 secs] 
26394.458: [GC concurrent-root-region-scan-start]
26394.601: [GC concurrent-root-region-scan-end, 0.1424060 secs]
26394.601: [GC concurrent-mark-start]
26395.872: [GC concurrent-mark-end, 1.2707300 secs]
26395.873: [GC remark 26395.874: [GC ref-proc, 0.0110630 secs], 0.0776740 secs]
 [Times: user=0.08 sys=0.00, real=0.08 secs] 
26395.952: [GC cleanup 1655M->1331M(3072M), 0.0197450 secs]
 [Times: user=0.04 sys=0.00, real=0.02 secs] 
26395.973: [GC concurrent-cleanup-start]
26395.974: [GC concurrent-cleanup-end, 0.0006810 secs]
26400.068: [GC pause (young)
Desired survivor size 67108864 bytes, new threshold 16 (max 32)
- age   1:   10348960 bytes,   10348960 total
- age   2:   55718048 bytes,   66067008 total
, 0.3202790 secs]
   [Parallel Time: 310.2 ms, GC Workers: 2]
      [GC Worker Start (ms): Min: 26400069.3, Avg: 26400069.4, Max: 26400069.4, Diff: 0.0]
      [Ext Root Scanning (ms): Min: 43.6, Avg: 53.6, Max: 63.6, Diff: 20.0, Sum: 107.1]
      [Update RS (ms): Min: 25.8, Avg: 34.9, Max: 43.9, Diff: 18.1, Sum: 69.7]
         [Processed Buffers: Min: 78, Avg: 163.0, Max: 248, Diff: 170, Sum: 326]
      [Scan RS (ms): Min: 27.6, Avg: 27.7, Max: 27.8, Diff: 0.1, Sum: 55.4]
      [Object Copy (ms): Min: 193.1, Avg: 193.9, Max: 194.8, Diff: 1.8, Sum: 387.9]
      [Termination (ms): Min: 0.0, Avg: 0.0, Max: 0.0, Diff: 0.0, Sum: 0.0]
      [GC Worker Other (ms): Min: 0.1, Avg: 0.1, Max: 0.1, Diff: 0.0, Sum: 0.2]
      [GC Worker Total (ms): Min: 310.1, Avg: 310.1, Max: 310.2, Diff: 0.0, Sum: 620.3]
      [GC Worker End (ms): Min: 26400379.5, Avg: 26400379.5, Max: 26400379.5, Diff: 0.0]
   [Code Root Fixup: 0.0 ms]
   [Clear CT: 0.7 ms]
   [Other: 9.4 ms]
      [Choose CSet: 0.0 ms]
      [Ref Proc: 4.6 ms]
      [Ref Enq: 0.1 ms]
      [Free CSet: 2.7 ms]
   [Eden: 958.0M(958.0M)->0.0B(933.0M) Survivors: 66.0M->91.0M Heap: 2042.3M(3072.0M)->1109.3M(3072.0M)]
 [Times: user=0.63 sys=0.00, real=0.32 secs] 
26405.558: [GC pause (mixed)
Desired survivor size 67108864 bytes, new threshold 3 (max 32)
- age   1:   59427752 bytes,   59427752 total
- age   2:    3562232 bytes,   62989984 total
- age   3:   27192352 bytes,   90182336 total
, 0.3071170 secs]
   [Parallel Time: 288.2 ms, GC Workers: 2]
      [GC Worker Start (ms): Min: 26405560.4, Avg: 26405560.8, Max: 26405561.2, Diff: 0.8]
      [Ext Root Scanning (ms): Min: 43.9, Avg: 54.6, Max: 65.4, Diff: 21.4, Sum: 109.3]
      [Update RS (ms): Min: 25.1, Avg: 34.5, Max: 43.8, Diff: 18.7, Sum: 69.0]
         [Processed Buffers: Min: 134, Avg: 179.0, Max: 224, Diff: 90, Sum: 358]
      [Scan RS (ms): Min: 61.0, Avg: 61.1, Max: 61.1, Diff: 0.1, Sum: 122.1]
      [Object Copy (ms): Min: 136.4, Avg: 137.4, Max: 138.4, Diff: 2.0, Sum: 274.9]
      [Termination (ms): Min: 0.0, Avg: 0.0, Max: 0.0, Diff: 0.0, Sum: 0.0]
      [GC Worker Other (ms): Min: 0.1, Avg: 0.1, Max: 0.1, Diff: 0.0, Sum: 0.2]
      [GC Worker Total (ms): Min: 287.3, Avg: 287.7, Max: 288.1, Diff: 0.8, Sum: 575.4]
      [GC Worker End (ms): Min: 26405848.4, Avg: 26405848.5, Max: 26405848.5, Diff: 0.0]
   [Code Root Fixup: 0.0 ms]
   [Clear CT: 1.0 ms]
   [Other: 17.9 ms]
      [Choose CSet: 1.6 ms]
      [Ref Proc: 8.9 ms]
      [Ref Enq: 0.2 ms]
      [Free CSet: 5.4 ms]
   [Eden: 933.0M(933.0M)->0.0B(979.0M) Survivors: 91.0M->45.0M Heap: 2066.3M(3072.0M)->792.8M(3072.0M)]
 [Times: user=0.59 sys=0.00, real=0.31 secs] 
26411.856: [GC pause (mixed)
Desired survivor size 67108864 bytes, new threshold 16 (max 32)
- age   1:   28717712 bytes,   28717712 total
- age   2:   12468784 bytes,   41186496 total
- age   3:    1322712 bytes,   42509208 total
, 0.3174000 secs]
   [Parallel Time: 304.0 ms, GC Workers: 2]
      [GC Worker Start (ms): Min: 26411857.8, Avg: 26411857.8, Max: 26411857.8, Diff: 0.0]
      [Ext Root Scanning (ms): Min: 44.8, Avg: 55.0, Max: 65.3, Diff: 20.5, Sum: 110.1]
      [Update RS (ms): Min: 36.6, Avg: 46.2, Max: 55.8, Diff: 19.2, Sum: 92.4]
         [Processed Buffers: Min: 160, Avg: 166.5, Max: 173, Diff: 13, Sum: 333]
      [Scan RS (ms): Min: 41.0, Avg: 41.1, Max: 41.1, Diff: 0.1, Sum: 82.1]
      [Object Copy (ms): Min: 160.8, Avg: 161.5, Max: 162.2, Diff: 1.3, Sum: 323.0]
      [Termination (ms): Min: 0.0, Avg: 0.0, Max: 0.0, Diff: 0.0, Sum: 0.0]
      [GC Worker Other (ms): Min: 0.1, Avg: 0.1, Max: 0.1, Diff: 0.0, Sum: 0.2]
      [GC Worker Total (ms): Min: 303.9, Avg: 303.9, Max: 303.9, Diff: 0.0, Sum: 607.8]
      [GC Worker End (ms): Min: 26412161.7, Avg: 26412161.7, Max: 26412161.7, Diff: 0.0]
   [Code Root Fixup: 0.0 ms]
   [Clear CT: 1.0 ms]
   [Other: 12.4 ms]
      [Choose CSet: 0.6 ms]
      [Ref Proc: 7.2 ms]
      [Ref Enq: 0.1 ms]
      [Free CSet: 3.2 ms]
   [Eden: 979.0M(979.0M)->0.0B(950.0M) Survivors: 45.0M->74.0M Heap: 1773.8M(3072.0M)->761.8M(3072.0M)]
 [Times: user=0.62 sys=0.00, real=0.32 secs] 
26417.452: [GC pause (young)
Desired survivor size 67108864 bytes, new threshold 3 (max 32)
- age   1:   45386768 bytes,   45386768 total
- age   2:   16053424 bytes,   61440192 total
- age   3:    9865904 bytes,   71306096 total
- age   4:    1183576 bytes,   72489672 total
, 0.3105890 secs]
   [Parallel Time: 296.5 ms, GC Workers: 2]
      [GC Worker Start (ms): Min: 26417453.5, Avg: 26417453.5, Max: 26417453.6, Diff: 0.1]
      [Ext Root Scanning (ms): Min: 43.2, Avg: 53.6, Max: 64.1, Diff: 20.9, Sum: 107.3]
      [Update RS (ms): Min: 8.7, Avg: 17.8, Max: 26.9, Diff: 18.2, Sum: 35.7]
         [Processed Buffers: Min: 157, Avg: 163.0, Max: 169, Diff: 12, Sum: 326]
      [Scan RS (ms): Min: 39.2, Avg: 39.2, Max: 39.2, Diff: 0.1, Sum: 78.4]
      [Object Copy (ms): Min: 184.4, Avg: 185.5, Max: 186.7, Diff: 2.3, Sum: 371.1]
      [Termination (ms): Min: 0.0, Avg: 0.0, Max: 0.0, Diff: 0.0, Sum: 0.0]
      [GC Worker Other (ms): Min: 0.1, Avg: 0.2, Max: 0.2, Diff: 0.1, Sum: 0.3]
      [GC Worker Total (ms): Min: 296.4, Avg: 296.4, Max: 296.4, Diff: 0.1, Sum: 592.8]
      [GC Worker End (ms): Min: 26417749.9, Avg: 26417749.9, Max: 26417749.9, Diff: 0.0]
   [Code Root Fixup: 0.0 ms]
   [Clear CT: 0.8 ms]
   [Other: 13.3 ms]
      [Choose CSet: 0.0 ms]
      [Ref Proc: 7.3 ms]
      [Ref Enq: 0.1 ms]
      [Free CSet: 3.6 ms]
   [Eden: 950.0M(950.0M)->0.0B(945.0M) Survivors: 74.0M->79.0M Heap: 1757.7M(3072.0M)->823.2M(3072.0M)]
 [Times: user=0.60 sys=0.00, real=0.32 secs] 
26422.705: [GC pause (young)
Desired survivor size 67108864 bytes, new threshold 3 (max 32)
- age   1:   48816424 bytes,   48816424 total
- age   2:   16223984 bytes,   65040408 total
- age   3:   13058360 bytes,   78098768 total
, 0.5206030 secs]
   [Parallel Time: 512.0 ms, GC Workers: 2]
      [GC Worker Start (ms): Min: 26422705.7, Avg: 26422705.7, Max: 26422705.7, Diff: 0.0]
      [Ext Root Scanning (ms): Min: 43.4, Avg: 54.8, Max: 66.2, Diff: 22.7, Sum: 109.6]
      [Update RS (ms): Min: 65.3, Avg: 75.5, Max: 85.7, Diff: 20.4, Sum: 151.0]
         [Processed Buffers: Min: 163, Avg: 172.0, Max: 181, Diff: 18, Sum: 344]
      [Scan RS (ms): Min: 10.1, Avg: 10.1, Max: 10.1, Diff: 0.0, Sum: 20.1]
      [Object Copy (ms): Min: 370.3, Avg: 371.4, Max: 372.6, Diff: 2.3, Sum: 742.9]
      [Termination (ms): Min: 0.0, Avg: 0.0, Max: 0.0, Diff: 0.0, Sum: 0.0]
      [GC Worker Other (ms): Min: 0.1, Avg: 0.1, Max: 0.1, Diff: 0.0, Sum: 0.2]
      [GC Worker Total (ms): Min: 511.9, Avg: 511.9, Max: 511.9, Diff: 0.0, Sum: 1023.8]
      [GC Worker End (ms): Min: 26423217.6, Avg: 26423217.6, Max: 26423217.6, Diff: 0.0]
   [Code Root Fixup: 0.0 ms]
   [Clear CT: 0.7 ms]
   [Other: 7.9 ms]
      [Choose CSet: 0.0 ms]
      [Ref Proc: 4.5 ms]
      [Ref Enq: 0.1 ms]
      [Free CSet: 1.7 ms]
   [Eden: 945.0M(945.0M)->0.0B(896.0M) Survivors: 79.0M->128.0M Heap: 1769.2M(3072.0M)->904.7M(3072.0M)]
 [Times: user=1.03 sys=0.00, real=0.52 secs] 
26427.825: [GC pause (young)
Desired survivor size 67108864 bytes, new threshold 1 (max 32)
- age   1:  111317352 bytes,  111317352 total
- age   2:   24724440 bytes,  136041792 total
- age   3:   13801248 bytes,  149843040 total
, 0.5485330 secs]
   [Parallel Time: 536.1 ms, GC Workers: 2]
      [GC Worker Start (ms): Min: 26427826.2, Avg: 26427826.2, Max: 26427826.2, Diff: 0.0]
      [Ext Root Scanning (ms): Min: 45.9, Avg: 53.2, Max: 60.4, Diff: 14.4, Sum: 106.3]
      [Update RS (ms): Min: 47.1, Avg: 56.4, Max: 65.7, Diff: 18.6, Sum: 112.7]
         [Processed Buffers: Min: 166, Avg: 174.5, Max: 183, Diff: 17, Sum: 349]
      [Scan RS (ms): Min: 67.1, Avg: 67.2, Max: 67.3, Diff: 0.1, Sum: 134.4]
      [Object Copy (ms): Min: 356.8, Avg: 359.0, Max: 361.2, Diff: 4.4, Sum: 718.0]
      [Termination (ms): Min: 0.0, Avg: 0.0, Max: 0.0, Diff: 0.0, Sum: 0.0]
      [GC Worker Other (ms): Min: 0.1, Avg: 0.2, Max: 0.4, Diff: 0.3, Sum: 0.5]
      [GC Worker Total (ms): Min: 535.9, Avg: 536.0, Max: 536.0, Diff: 0.0, Sum: 1071.9]
      [GC Worker End (ms): Min: 26428362.2, Avg: 26428362.2, Max: 26428362.2, Diff: 0.0]
   [Code Root Fixup: 0.0 ms]
   [Clear CT: 0.6 ms]
   [Other: 11.8 ms]
      [Choose CSet: 0.0 ms]
      [Ref Proc: 4.3 ms]
      [Ref Enq: 0.1 ms]
      [Free CSet: 4.3 ms]
   [Eden: 896.0M(896.0M)->0.0B(972.0M) Survivors: 128.0M->52.0M Heap: 1810.2M(3072.0M)->949.2M(3072.0M)]
 [Times: user=1.08 sys=0.00, real=0.54 secs] 
26434.429: [GC pause (young)
Desired survivor size 67108864 bytes, new threshold 16 (max 32)
- age   1:   50362264 bytes,   50362264 total
, 0.3565160 secs]
   [Parallel Time: 343.8 ms, GC Workers: 2]
      [GC Worker Start (ms): Min: 26434430.2, Avg: 26434430.3, Max: 26434430.3, Diff: 0.0]
      [Ext Root Scanning (ms): Min: 49.1, Avg: 54.4, Max: 59.8, Diff: 10.7, Sum: 108.8]
      [Update RS (ms): Min: 53.2, Avg: 60.2, Max: 67.2, Diff: 14.0, Sum: 120.4]
         [Processed Buffers: Min: 161, Avg: 184.0, Max: 207, Diff: 46, Sum: 368]
      [Scan RS (ms): Min: 54.0, Avg: 54.0, Max: 54.0, Diff: 0.0, Sum: 107.9]
      [Object Copy (ms): Min: 173.0, Avg: 174.9, Max: 176.7, Diff: 3.7, Sum: 349.7]
      [Termination (ms): Min: 0.0, Avg: 0.0, Max: 0.0, Diff: 0.0, Sum: 0.0]
      [GC Worker Other (ms): Min: 0.1, Avg: 0.3, Max: 0.5, Diff: 0.4, Sum: 0.5]
      [GC Worker Total (ms): Min: 343.7, Avg: 343.7, Max: 343.7, Diff: 0.0, Sum: 687.4]
      [GC Worker End (ms): Min: 26434774.0, Avg: 26434774.0, Max: 26434774.0, Diff: 0.0]
   [Code Root Fixup: 0.0 ms]
   [Clear CT: 0.7 ms]
   [Other: 11.9 ms]
      [Choose CSet: 0.0 ms]
      [Ref Proc: 5.2 ms]
      [Ref Enq: 0.1 ms]
      [Free CSet: 4.3 ms]
   [Eden: 972.0M(972.0M)->0.0B(947.0M) Survivors: 52.0M->77.0M Heap: 1926.7M(3072.0M)->979.7M(3072.0M)]
 [Times: user=0.71 sys=0.00, real=0.35 secs] 
26440.268: [GC pause (young)
Desired survivor size 67108864 bytes, new threshold 2 (max 32)
- age   1:   46589872 bytes,   46589872 total
- age   2:   29250264 bytes,   75840136 total
, 0.4485030 secs]
   [Parallel Time: 437.2 ms, GC Workers: 2]
      [GC Worker Start (ms): Min: 26440270.0, Avg: 26440270.1, Max: 26440270.1, Diff: 0.0]
      [Ext Root Scanning (ms): Min: 43.9, Avg: 53.6, Max: 63.3, Diff: 19.4, Sum: 107.2]
      [Update RS (ms): Min: 53.6, Avg: 62.1, Max: 70.6, Diff: 17.1, Sum: 124.2]
         [Processed Buffers: Min: 151, Avg: 166.0, Max: 181, Diff: 30, Sum: 332]
      [Scan RS (ms): Min: 63.7, Avg: 63.9, Max: 64.0, Diff: 0.3, Sum: 127.8]
      [Object Copy (ms): Min: 256.2, Avg: 257.3, Max: 258.4, Diff: 2.1, Sum: 514.6]
      [Termination (ms): Min: 0.0, Avg: 0.0, Max: 0.0, Diff: 0.0, Sum: 0.0]
      [GC Worker Other (ms): Min: 0.1, Avg: 0.1, Max: 0.2, Diff: 0.1, Sum: 0.3]
      [GC Worker Total (ms): Min: 437.0, Avg: 437.0, Max: 437.1, Diff: 0.0, Sum: 874.1]
      [GC Worker End (ms): Min: 26440707.1, Avg: 26440707.1, Max: 26440707.1, Diff: 0.0]
   [Code Root Fixup: 0.0 ms]
   [Clear CT: 0.7 ms]
   [Other: 10.6 ms]
      [Choose CSet: 0.0 ms]
      [Ref Proc: 3.8 ms]
      [Ref Enq: 0.1 ms]
      [Free CSet: 4.1 ms]
   [Eden: 947.0M(947.0M)->0.0B(932.0M) Survivors: 77.0M->92.0M Heap: 1929.7M(3072.0M)->1022.1M(3072.0M)]
 [Times: user=0.89 sys=0.00, real=0.45 secs] 
26444.879: [GC pause (young)
Desired survivor size 67108864 bytes, new threshold 2 (max 32)
- age   1:   58578752 bytes,   58578752 total
- age   2:   33338928 bytes,   91917680 total
, 0.5095920 secs]
   [Parallel Time: 497.7 ms, GC Workers: 2]
      [GC Worker Start (ms): Min: 26444880.5, Avg: 26444880.5, Max: 26444880.5, Diff: 0.0]
      [Ext Root Scanning (ms): Min: 45.2, Avg: 54.5, Max: 63.8, Diff: 18.6, Sum: 109.0]
      [Update RS (ms): Min: 21.9, Avg: 30.4, Max: 39.0, Diff: 17.1, Sum: 60.8]
         [Processed Buffers: Min: 134, Avg: 153.0, Max: 172, Diff: 38, Sum: 306]
      [Scan RS (ms): Min: 74.6, Avg: 74.6, Max: 74.6, Diff: 0.0, Sum: 149.1]
      [Object Copy (ms): Min: 336.5, Avg: 337.6, Max: 338.7, Diff: 2.2, Sum: 675.3]
      [Termination (ms): Min: 0.0, Avg: 0.2, Max: 0.4, Diff: 0.4, Sum: 0.4]
      [GC Worker Other (ms): Min: 0.1, Avg: 0.2, Max: 0.4, Diff: 0.4, Sum: 0.5]
      [GC Worker Total (ms): Min: 497.6, Avg: 497.6, Max: 497.6, Diff: 0.0, Sum: 995.2]
      [GC Worker End (ms): Min: 26445378.1, Avg: 26445378.1, Max: 26445378.1, Diff: 0.0]
   [Code Root Fixup: 0.0 ms]
   [Clear CT: 0.7 ms]
   [Other: 11.1 ms]
      [Choose CSet: 0.0 ms]
      [Ref Proc: 3.9 ms]
      [Ref Enq: 0.0 ms]
      [Free CSet: 4.6 ms]
   [Eden: 932.0M(932.0M)->0.0B(913.0M) Survivors: 92.0M->111.0M Heap: 1981.3M(3072.0M)->1098.4M(3072.0M)]
 [Times: user=1.00 sys=0.01, real=0.51 secs] 
26450.218: [GC pause (young)
Desired survivor size 67108864 bytes, new threshold 1 (max 32)
- age   1:   68532176 bytes,   68532176 total
- age   2:   45008680 bytes,  113540856 total
, 0.5159560 secs]
   [Parallel Time: 502.1 ms, GC Workers: 2]
      [GC Worker Start (ms): Min: 26450219.4, Avg: 26450219.4, Max: 26450219.5, Diff: 0.0]
      [Ext Root Scanning (ms): Min: 44.5, Avg: 55.1, Max: 65.7, Diff: 21.1, Sum: 110.2]
      [Update RS (ms): Min: 55.3, Avg: 64.7, Max: 74.1, Diff: 18.8, Sum: 129.4]
         [Processed Buffers: Min: 159, Avg: 163.0, Max: 167, Diff: 8, Sum: 326]
      [Scan RS (ms): Min: 69.2, Avg: 69.3, Max: 69.3, Diff: 0.1, Sum: 138.5]
      [Object Copy (ms): Min: 311.6, Avg: 312.7, Max: 313.8, Diff: 2.2, Sum: 625.4]
      [Termination (ms): Min: 0.0, Avg: 0.0, Max: 0.0, Diff: 0.0, Sum: 0.0]
      [GC Worker Other (ms): Min: 0.1, Avg: 0.2, Max: 0.3, Diff: 0.2, Sum: 0.4]
      [GC Worker Total (ms): Min: 502.0, Avg: 502.0, Max: 502.0, Diff: 0.0, Sum: 1004.0]
      [GC Worker End (ms): Min: 26450721.4, Avg: 26450721.4, Max: 26450721.5, Diff: 0.0]
   [Code Root Fixup: 0.0 ms]
   [Clear CT: 0.7 ms]
   [Other: 13.1 ms]
      [Choose CSet: 0.0 ms]
      [Ref Proc: 5.6 ms]
      [Ref Enq: 0.1 ms]
      [Free CSet: 4.3 ms]
   [Eden: 913.0M(913.0M)->0.0B(980.0M) Survivors: 111.0M->44.0M Heap: 2034.8M(3072.0M)->1148.3M(3072.0M)]
 [Times: user=1.01 sys=0.00, real=0.51 secs] 
26455.672: [GC pause (young)
Desired survivor size 67108864 bytes, new threshold 16 (max 32)
- age   1:   41795320 bytes,   41795320 total
, 0.3847440 secs]
   [Parallel Time: 369.5 ms, GC Workers: 2]
      [GC Worker Start (ms): Min: 26455673.6, Avg: 26455673.6, Max: 26455673.6, Diff: 0.0]
      [Ext Root Scanning (ms): Min: 43.7, Avg: 53.2, Max: 62.6, Diff: 18.9, Sum: 106.3]
      [Update RS (ms): Min: 37.6, Avg: 46.4, Max: 55.1, Diff: 17.5, Sum: 92.7]
         [Processed Buffers: Min: 119, Avg: 157.0, Max: 195, Diff: 76, Sum: 314]
      [Scan RS (ms): Min: 62.0, Avg: 62.1, Max: 62.2, Diff: 0.2, Sum: 124.3]
      [Object Copy (ms): Min: 206.4, Avg: 207.4, Max: 208.5, Diff: 2.0, Sum: 414.9]
      [Termination (ms): Min: 0.0, Avg: 0.0, Max: 0.0, Diff: 0.0, Sum: 0.0]
      [GC Worker Other (ms): Min: 0.1, Avg: 0.3, Max: 0.5, Diff: 0.4, Sum: 0.6]
      [GC Worker Total (ms): Min: 369.4, Avg: 369.4, Max: 369.4, Diff: 0.1, Sum: 738.8]
      [GC Worker End (ms): Min: 26456043.0, Avg: 26456043.0, Max: 26456043.0, Diff: 0.0]
   [Code Root Fixup: 0.0 ms]
   [Clear CT: 0.8 ms]
   [Other: 14.4 ms]
      [Choose CSet: 0.0 ms]
      [Ref Proc: 6.2 ms]
      [Ref Enq: 0.1 ms]
      [Free CSet: 5.9 ms]
   [Eden: 980.0M(980.0M)->0.0B(934.0M) Survivors: 44.0M->90.0M Heap: 2132.1M(3072.0M)->1198.1M(3072.0M)]
 [Times: user=0.75 sys=0.00, real=0.38 secs] 
26460.615: [GC pause (young)
Desired survivor size 67108864 bytes, new threshold 2 (max 32)
- age   1:   58947664 bytes,   58947664 total
- age   2:   30235616 bytes,   89183280 total
, 0.5651170 secs]
   [Parallel Time: 552.6 ms, GC Workers: 2]
      [GC Worker Start (ms): Min: 26460616.2, Avg: 26460616.2, Max: 26460616.2, Diff: 0.0]
      [Ext Root Scanning (ms): Min: 49.2, Avg: 56.1, Max: 63.0, Diff: 13.8, Sum: 112.2]
      [Update RS (ms): Min: 32.6, Avg: 41.7, Max: 50.7, Diff: 18.1, Sum: 83.3]
         [Processed Buffers: Min: 99, Avg: 177.5, Max: 256, Diff: 157, Sum: 355]
      [Scan RS (ms): Min: 84.4, Avg: 84.5, Max: 84.6, Diff: 0.2, Sum: 169.0]
      [Object Copy (ms): Min: 368.0, Avg: 370.1, Max: 372.2, Diff: 4.2, Sum: 740.2]
      [Termination (ms): Min: 0.0, Avg: 0.0, Max: 0.0, Diff: 0.0, Sum: 0.0]
      [GC Worker Other (ms): Min: 0.1, Avg: 0.2, Max: 0.3, Diff: 0.2, Sum: 0.3]
      [GC Worker Total (ms): Min: 552.5, Avg: 552.5, Max: 552.5, Diff: 0.0, Sum: 1105.0]
      [GC Worker End (ms): Min: 26461168.7, Avg: 26461168.7, Max: 26461168.7, Diff: 0.0]
   [Code Root Fixup: 0.0 ms]
   [Clear CT: 0.7 ms]
   [Other: 11.7 ms]
      [Choose CSet: 0.0 ms]
      [Ref Proc: 4.4 ms]
      [Ref Enq: 0.1 ms]
      [Free CSet: 4.6 ms]
   [Eden: 934.0M(934.0M)->0.0B(896.0M) Survivors: 90.0M->128.0M Heap: 2162.1M(3072.0M)->1293.6M(3072.0M)]
 [Times: user=1.12 sys=0.00, real=0.57 secs] 
26465.812: [GC pause (young)
Desired survivor size 67108864 bytes, new threshold 1 (max 32)
- age   1:   85392384 bytes,   85392384 total
- age   2:   46297888 bytes,  131690272 total
, 0.5156780 secs]
   [Parallel Time: 502.1 ms, GC Workers: 2]
      [GC Worker Start (ms): Min: 26465813.7, Avg: 26465813.7, Max: 26465813.7, Diff: 0.0]
      [Ext Root Scanning (ms): Min: 45.9, Avg: 53.3, Max: 60.6, Diff: 14.7, Sum: 106.5]
      [Update RS (ms): Min: 19.3, Avg: 28.6, Max: 38.0, Diff: 18.8, Sum: 57.3]
         [Processed Buffers: Min: 60, Avg: 151.0, Max: 242, Diff: 182, Sum: 302]
      [Scan RS (ms): Min: 82.0, Avg: 82.0, Max: 82.1, Diff: 0.2, Sum: 164.1]
      [Object Copy (ms): Min: 335.9, Avg: 337.7, Max: 339.6, Diff: 3.7, Sum: 675.5]
      [Termination (ms): Min: 0.0, Avg: 0.0, Max: 0.0, Diff: 0.0, Sum: 0.0]
      [GC Worker Other (ms): Min: 0.1, Avg: 0.3, Max: 0.5, Diff: 0.4, Sum: 0.6]
      [GC Worker Total (ms): Min: 502.0, Avg: 502.0, Max: 502.0, Diff: 0.0, Sum: 1004.0]
      [GC Worker End (ms): Min: 26466315.7, Avg: 26466315.7, Max: 26466315.7, Diff: 0.0]
   [Code Root Fixup: 0.0 ms]
   [Clear CT: 0.8 ms]
   [Other: 12.7 ms]
      [Choose CSet: 0.0 ms]
      [Ref Proc: 3.9 ms]
      [Ref Enq: 0.1 ms]
      [Free CSet: 5.1 ms]
   [Eden: 896.0M(896.0M)->0.0B(977.0M) Survivors: 128.0M->47.0M Heap: 2213.1M(3072.0M)->1341.1M(3072.0M)]
 [Times: user=1.02 sys=0.00, real=0.51 secs] 
26467.055: [GC pause (young) (initial-mark)
Desired survivor size 67108864 bytes, new threshold 16 (max 32)
- age   1:   45065520 bytes,   45065520 total
, 0.2759730 secs]
   [Parallel Time: 270.5 ms, GC Workers: 2]
      [GC Worker Start (ms): Min: 26467056.7, Avg: 26467056.8, Max: 26467056.8, Diff: 0.1]
      [Ext Root Scanning (ms): Min: 49.7, Avg: 55.6, Max: 61.4, Diff: 11.6, Sum: 111.1]
      [Update RS (ms): Min: 44.2, Avg: 54.3, Max: 64.4, Diff: 20.2, Sum: 108.6]
         [Processed Buffers: Min: 82, Avg: 120.5, Max: 159, Diff: 77, Sum: 241]
      [Scan RS (ms): Min: 33.1, Avg: 33.1, Max: 33.1, Diff: 0.0, Sum: 66.2]
      [Object Copy (ms): Min: 123.1, Avg: 127.3, Max: 131.6, Diff: 8.5, Sum: 254.6]
      [Termination (ms): Min: 0.0, Avg: 0.0, Max: 0.0, Diff: 0.0, Sum: 0.0]
      [GC Worker Other (ms): Min: 0.1, Avg: 0.2, Max: 0.2, Diff: 0.0, Sum: 0.3]
      [GC Worker Total (ms): Min: 270.4, Avg: 270.4, Max: 270.5, Diff: 0.1, Sum: 540.8]
      [GC Worker End (ms): Min: 26467327.2, Avg: 26467327.2, Max: 26467327.2, Diff: 0.0]
   [Code Root Fixup: 0.0 ms]
   [Clear CT: 0.5 ms]
   [Other: 5.0 ms]
      [Choose CSet: 0.0 ms]
      [Ref Proc: 1.7 ms]
      [Ref Enq: 0.0 ms]
      [Free CSet: 0.9 ms]
   [Eden: 131.0M(977.0M)->0.0B(968.0M) Survivors: 47.0M->56.0M Heap: 1472.1M(3072.0M)->1350.1M(3072.0M)]
 [Times: user=0.54 sys=0.01, real=0.28 secs] 
26467.331: [GC concurrent-root-region-scan-start]
26467.607: [GC concurrent-root-region-scan-end, 0.2752300 secs]
26467.607: [GC concurrent-mark-start]
26470.449: [GC concurrent-mark-end, 2.8420620 secs]
26470.452: [GC remark 26470.453: [GC ref-proc, 0.3158220 secs], 0.3831080 secs]
 [Times: user=0.39 sys=0.01, real=0.39 secs] 
26470.837: [GC cleanup 1901M->1682M(3072M), 0.0230560 secs]
 [Times: user=0.04 sys=0.00, real=0.02 secs] 
26470.861: [GC concurrent-cleanup-start]
26470.861: [GC concurrent-cleanup-end, 0.0004970 secs]
26473.118: [GC pause (young)
Desired survivor size 67108864 bytes, new threshold 16 (max 32)
- age   1:   12511160 bytes,   12511160 total
- age   2:   42610248 bytes,   55121408 total
, 0.4793120 secs]
   [Parallel Time: 469.0 ms, GC Workers: 2]
      [GC Worker Start (ms): Min: 26473119.6, Avg: 26473119.6, Max: 26473119.6, Diff: 0.0]
      [Ext Root Scanning (ms): Min: 48.7, Avg: 55.8, Max: 62.9, Diff: 14.2, Sum: 111.6]
      [Update RS (ms): Min: 64.6, Avg: 73.2, Max: 81.8, Diff: 17.2, Sum: 146.4]
         [Processed Buffers: Min: 91, Avg: 166.5, Max: 242, Diff: 151, Sum: 333]
      [Scan RS (ms): Min: 68.2, Avg: 68.3, Max: 68.4, Diff: 0.3, Sum: 136.6]
      [Object Copy (ms): Min: 270.0, Avg: 271.4, Max: 272.8, Diff: 2.8, Sum: 542.9]
      [Termination (ms): Min: 0.0, Avg: 0.0, Max: 0.0, Diff: 0.0, Sum: 0.0]
      [GC Worker Other (ms): Min: 0.1, Avg: 0.1, Max: 0.2, Diff: 0.1, Sum: 0.2]
      [GC Worker Total (ms): Min: 468.9, Avg: 468.9, Max: 468.9, Diff: 0.0, Sum: 937.8]
      [GC Worker End (ms): Min: 26473588.5, Avg: 26473588.5, Max: 26473588.5, Diff: 0.0]
   [Code Root Fixup: 0.0 ms]
   [Clear CT: 0.8 ms]
   [Other: 9.5 ms]
      [Choose CSet: 0.0 ms]
      [Ref Proc: 3.3 ms]
      [Ref Enq: 0.1 ms]
      [Free CSet: 3.9 ms]
   [Eden: 968.0M(968.0M)->0.0B(914.0M) Survivors: 56.0M->110.0M Heap: 2139.2M(3072.0M)->1225.7M(3072.0M)]
 [Times: user=0.93 sys=0.01, real=0.48 secs] 
26478.538: [GC pause (mixed)
Desired survivor size 67108864 bytes, new threshold 1 (max 32)
- age   1:   72128296 bytes,   72128296 total
- age   2:    8312680 bytes,   80440976 total
- age   3:   31454040 bytes,  111895016 total
, 0.4722750 secs]
   [Parallel Time: 460.1 ms, GC Workers: 2]
      [GC Worker Start (ms): Min: 26478540.2, Avg: 26478540.2, Max: 26478540.2, Diff: 0.0]
      [Ext Root Scanning (ms): Min: 48.2, Avg: 54.4, Max: 60.5, Diff: 12.3, Sum: 108.7]
      [Update RS (ms): Min: 56.0, Avg: 64.2, Max: 72.4, Diff: 16.3, Sum: 128.4]
         [Processed Buffers: Min: 142, Avg: 151.0, Max: 160, Diff: 18, Sum: 302]
      [Scan RS (ms): Min: 82.5, Avg: 82.5, Max: 82.5, Diff: 0.1, Sum: 165.0]
      [Object Copy (ms): Min: 256.5, Avg: 258.7, Max: 260.9, Diff: 4.4, Sum: 517.3]
      [Termination (ms): Min: 0.0, Avg: 0.0, Max: 0.0, Diff: 0.0, Sum: 0.0]
      [GC Worker Other (ms): Min: 0.1, Avg: 0.2, Max: 0.4, Diff: 0.3, Sum: 0.5]
      [GC Worker Total (ms): Min: 459.9, Avg: 460.0, Max: 460.0, Diff: 0.0, Sum: 919.9]
      [GC Worker End (ms): Min: 26479000.1, Avg: 26479000.1, Max: 26479000.1, Diff: 0.0]
   [Code Root Fixup: 0.0 ms]
   [Clear CT: 0.8 ms]
   [Other: 11.4 ms]
      [Choose CSet: 0.5 ms]
      [Ref Proc: 3.0 ms]
      [Ref Enq: 0.2 ms]
      [Free CSet: 4.7 ms]
   [Eden: 914.0M(914.0M)->0.0B(982.0M) Survivors: 110.0M->42.0M Heap: 2164.4M(3072.0M)->1184.4M(3072.0M)]
 [Times: user=0.93 sys=0.00, real=0.47 secs] 
26484.831: [GC pause (mixed)
Desired survivor size 67108864 bytes, new threshold 16 (max 32)
- age   1:   41461208 bytes,   41461208 total
, 0.3961550 secs]
   [Parallel Time: 381.3 ms, GC Workers: 2]
      [GC Worker Start (ms): Min: 26484833.1, Avg: 26484833.1, Max: 26484833.1, Diff: 0.0]
      [Ext Root Scanning (ms): Min: 46.9, Avg: 53.2, Max: 59.5, Diff: 12.5, Sum: 106.4]
      [Update RS (ms): Min: 44.6, Avg: 52.8, Max: 61.0, Diff: 16.3, Sum: 105.6]
         [Processed Buffers: Min: 72, Avg: 142.0, Max: 212, Diff: 140, Sum: 284]
      [Scan RS (ms): Min: 79.0, Avg: 79.1, Max: 79.1, Diff: 0.1, Sum: 158.1]
      [Object Copy (ms): Min: 193.7, Avg: 195.8, Max: 197.9, Diff: 4.2, Sum: 391.6]
      [Termination (ms): Min: 0.0, Avg: 0.0, Max: 0.0, Diff: 0.0, Sum: 0.0]
      [GC Worker Other (ms): Min: 0.1, Avg: 0.3, Max: 0.5, Diff: 0.4, Sum: 0.6]
      [GC Worker Total (ms): Min: 381.2, Avg: 381.2, Max: 381.2, Diff: 0.0, Sum: 762.3]
      [GC Worker End (ms): Min: 26485214.2, Avg: 26485214.2, Max: 26485214.2, Diff: 0.0]
   [Code Root Fixup: 0.0 ms]
   [Clear CT: 0.9 ms]
   [Other: 13.9 ms]
      [Choose CSet: 0.5 ms]
      [Ref Proc: 5.5 ms]
      [Ref Enq: 0.1 ms]
      [Free CSet: 5.3 ms]
   [Eden: 982.0M(982.0M)->0.0B(941.0M) Survivors: 42.0M->83.0M Heap: 2167.4M(3072.0M)->1182.4M(3072.0M)]
 [Times: user=0.78 sys=0.00, real=0.40 secs] 
26490.907: [GC pause (young)
Desired survivor size 67108864 bytes, new threshold 2 (max 32)
- age   1:   54470112 bytes,   54470112 total
- age   2:   28545296 bytes,   83015408 total
, 0.4671600 secs]
   [Parallel Time: 452.7 ms, GC Workers: 2]
      [GC Worker Start (ms): Min: 26490908.3, Avg: 26490909.2, Max: 26490910.2, Diff: 2.0]
      [Ext Root Scanning (ms): Min: 46.6, Avg: 55.9, Max: 65.3, Diff: 18.8, Sum: 111.9]
      [Update RS (ms): Min: 37.7, Avg: 46.9, Max: 56.0, Diff: 18.2, Sum: 93.7]
         [Processed Buffers: Min: 116, Avg: 164.5, Max: 213, Diff: 97, Sum: 329]
      [Scan RS (ms): Min: 112.1, Avg: 112.1, Max: 112.1, Diff: 0.1, Sum: 224.2]
      [Object Copy (ms): Min: 234.9, Avg: 236.4, Max: 237.8, Diff: 2.8, Sum: 472.7]
      [Termination (ms): Min: 0.0, Avg: 0.0, Max: 0.0, Diff: 0.0, Sum: 0.0]
      [GC Worker Other (ms): Min: 0.1, Avg: 0.2, Max: 0.4, Diff: 0.3, Sum: 0.5]
      [GC Worker Total (ms): Min: 450.6, Avg: 451.5, Max: 452.5, Diff: 2.0, Sum: 903.1]
      [GC Worker End (ms): Min: 26491360.8, Avg: 26491360.8, Max: 26491360.8, Diff: 0.0]
   [Code Root Fixup: 0.0 ms]
   [Clear CT: 0.8 ms]
   [Other: 13.6 ms]
      [Choose CSet: 0.0 ms]
      [Ref Proc: 5.5 ms]
      [Ref Enq: 0.2 ms]
      [Free CSet: 5.0 ms]
   [Eden: 941.0M(941.0M)->0.0B(947.0M) Survivors: 83.0M->77.0M Heap: 2217.9M(3072.0M)->1292.4M(3072.0M)]
 [Times: user=0.91 sys=0.01, real=0.46 secs] 
26495.789: [GC pause (young)
Desired survivor size 67108864 bytes, new threshold 2 (max 32)
- age   1:   44066528 bytes,   44066528 total
- age   2:   32417136 bytes,   76483664 total
, 0.4304660 secs]
   [Parallel Time: 417.0 ms, GC Workers: 2]
      [GC Worker Start (ms): Min: 26495790.8, Avg: 26495790.8, Max: 26495790.8, Diff: 0.0]
      [Ext Root Scanning (ms): Min: 43.8, Avg: 53.7, Max: 63.6, Diff: 19.8, Sum: 107.4]
      [Update RS (ms): Min: 35.8, Avg: 44.9, Max: 53.9, Diff: 18.1, Sum: 89.7]
         [Processed Buffers: Min: 132, Avg: 148.0, Max: 164, Diff: 32, Sum: 296]
      [Scan RS (ms): Min: 57.1, Avg: 57.2, Max: 57.2, Diff: 0.1, Sum: 114.3]
      [Object Copy (ms): Min: 260.0, Avg: 261.0, Max: 261.9, Diff: 1.9, Sum: 521.9]
      [Termination (ms): Min: 0.0, Avg: 0.0, Max: 0.0, Diff: 0.0, Sum: 0.0]
      [GC Worker Other (ms): Min: 0.2, Avg: 0.3, Max: 0.3, Diff: 0.2, Sum: 0.5]
      [GC Worker Total (ms): Min: 416.9, Avg: 416.9, Max: 416.9, Diff: 0.0, Sum: 833.9]
      [GC Worker End (ms): Min: 26496207.7, Avg: 26496207.7, Max: 26496207.8, Diff: 0.0]
   [Code Root Fixup: 0.0 ms]
   [Clear CT: 0.9 ms]
   [Other: 12.6 ms]
      [Choose CSet: 0.0 ms]
      [Ref Proc: 6.1 ms]
      [Ref Enq: 0.1 ms]
      [Free CSet: 3.7 ms]
   [Eden: 947.0M(947.0M)->0.0B(924.0M) Survivors: 77.0M->100.0M Heap: 2263.6M(3072.0M)->1368.1M(3072.0M)]
 [Times: user=0.85 sys=0.00, real=0.43 secs] 
26500.357: [GC pause (young)
Desired survivor size 67108864 bytes, new threshold 2 (max 32)
- age   1:   65207752 bytes,   65207752 total
- age   2:   34874632 bytes,  100082384 total
, 0.4652110 secs]
   [Parallel Time: 454.8 ms, GC Workers: 2]
      [GC Worker Start (ms): Min: 26500358.7, Avg: 26500358.7, Max: 26500358.7, Diff: 0.0]
      [Ext Root Scanning (ms): Min: 45.6, Avg: 53.4, Max: 61.2, Diff: 15.6, Sum: 106.7]
      [Update RS (ms): Min: 34.5, Avg: 44.3, Max: 54.0, Diff: 19.5, Sum: 88.6]
         [Processed Buffers: Min: 119, Avg: 147.5, Max: 176, Diff: 57, Sum: 295]
      [Scan RS (ms): Min: 53.2, Avg: 53.3, Max: 53.4, Diff: 0.2, Sum: 106.6]
      [Object Copy (ms): Min: 301.4, Avg: 303.4, Max: 305.4, Diff: 4.0, Sum: 606.8]
      [Termination (ms): Min: 0.0, Avg: 0.0, Max: 0.0, Diff: 0.0, Sum: 0.0]
      [GC Worker Other (ms): Min: 0.1, Avg: 0.2, Max: 0.3, Diff: 0.3, Sum: 0.4]
      [GC Worker Total (ms): Min: 454.5, Avg: 454.5, Max: 454.5, Diff: 0.0, Sum: 909.1]
      [GC Worker End (ms): Min: 26500813.2, Avg: 26500813.2, Max: 26500813.2, Diff: 0.0]
   [Code Root Fixup: 0.0 ms]
   [Clear CT: 0.8 ms]
   [Other: 9.7 ms]
      [Choose CSet: 0.0 ms]
      [Ref Proc: 3.4 ms]
      [Ref Enq: 0.1 ms]
      [Free CSet: 3.6 ms]
   [Eden: 924.0M(924.0M)->0.0B(921.0M) Survivors: 100.0M->103.0M Heap: 2298.1M(3072.0M)->1406.1M(3072.0M)]
 [Times: user=0.92 sys=0.00, real=0.47 secs] 
26501.835: [GC pause (young) (initial-mark)
Desired survivor size 67108864 bytes, new threshold 1 (max 32)
- age   1:   71672992 bytes,   71672992 total
- age   2:   32496616 bytes,  104169608 total
, 0.2544690 secs]
   [Parallel Time: 249.8 ms, GC Workers: 2]
      [GC Worker Start (ms): Min: 26501836.7, Avg: 26501836.7, Max: 26501836.7, Diff: 0.0]
      [Ext Root Scanning (ms): Min: 44.7, Avg: 54.9, Max: 65.1, Diff: 20.4, Sum: 109.8]
      [Update RS (ms): Min: 35.3, Avg: 46.5, Max: 57.7, Diff: 22.4, Sum: 93.0]
         [Processed Buffers: Min: 142, Avg: 143.0, Max: 144, Diff: 2, Sum: 286]
      [Scan RS (ms): Min: 17.7, Avg: 17.7, Max: 17.8, Diff: 0.1, Sum: 35.4]
      [Object Copy (ms): Min: 129.1, Avg: 130.2, Max: 131.2, Diff: 2.1, Sum: 260.3]
      [Termination (ms): Min: 0.0, Avg: 0.0, Max: 0.0, Diff: 0.0, Sum: 0.0]
      [GC Worker Other (ms): Min: 0.1, Avg: 0.1, Max: 0.1, Diff: 0.0, Sum: 0.2]
      [GC Worker Total (ms): Min: 249.3, Avg: 249.4, Max: 249.4, Diff: 0.0, Sum: 498.7]
      [GC Worker End (ms): Min: 26502086.0, Avg: 26502086.0, Max: 26502086.1, Diff: 0.0]
   [Code Root Fixup: 0.0 ms]
   [Clear CT: 0.3 ms]
   [Other: 4.3 ms]
      [Choose CSet: 0.0 ms]
      [Ref Proc: 0.9 ms]
      [Ref Enq: 0.0 ms]
      [Free CSet: 0.8 ms]
   [Eden: 144.0M(921.0M)->0.0B(1015.0M) Survivors: 103.0M->9216.0K Heap: 1549.9M(3072.0M)->1357.1M(3072.0M)]
 [Times: user=0.50 sys=0.00, real=0.26 secs] 
26502.090: [GC concurrent-root-region-scan-start]
26502.113: [GC concurrent-root-region-scan-end, 0.0224650 secs]
26502.113: [GC concurrent-mark-start]
26504.046: [GC concurrent-mark-end, 1.9336250 secs]
26504.047: [GC remark 26504.048: [GC ref-proc, 0.1216790 secs], 0.1893920 secs]
 [Times: user=0.20 sys=0.00, real=0.19 secs] 
26504.238: [GC cleanup 1656M->1394M(3072M), 0.0244620 secs]
 [Times: user=0.05 sys=0.00, real=0.02 secs] 
26504.263: [GC concurrent-cleanup-start]
26504.264: [GC concurrent-cleanup-end, 0.0006070 secs]
26508.385: [GC pause (young)
Desired survivor size 67108864 bytes, new threshold 16 (max 32)
- age   1:    7376200 bytes,    7376200 total
, 0.3253410 secs]
   [Parallel Time: 310.2 ms, GC Workers: 2]
      [GC Worker Start (ms): Min: 26508386.9, Avg: 26508387.7, Max: 26508388.6, Diff: 1.7]
      [Ext Root Scanning (ms): Min: 59.3, Avg: 66.3, Max: 73.3, Diff: 14.0, Sum: 132.6]
      [Update RS (ms): Min: 44.9, Avg: 54.3, Max: 63.7, Diff: 18.8, Sum: 108.6]
         [Processed Buffers: Min: 121, Avg: 162.0, Max: 203, Diff: 82, Sum: 324]
      [Scan RS (ms): Min: 44.0, Avg: 44.3, Max: 44.7, Diff: 0.8, Sum: 88.7]
      [Object Copy (ms): Min: 141.3, Avg: 144.1, Max: 146.9, Diff: 5.5, Sum: 288.2]
      [Termination (ms): Min: 0.0, Avg: 0.0, Max: 0.0, Diff: 0.0, Sum: 0.0]
      [GC Worker Other (ms): Min: 0.1, Avg: 0.2, Max: 0.3, Diff: 0.2, Sum: 0.4]
      [GC Worker Total (ms): Min: 308.4, Avg: 309.3, Max: 310.1, Diff: 1.7, Sum: 618.5]
      [GC Worker End (ms): Min: 26508697.0, Avg: 26508697.0, Max: 26508697.0, Diff: 0.0]
   [Code Root Fixup: 0.0 ms]
   [Clear CT: 1.5 ms]
   [Other: 13.7 ms]
      [Choose CSet: 0.0 ms]
      [Ref Proc: 6.9 ms]
      [Ref Enq: 0.1 ms]
      [Free CSet: 4.1 ms]
   [Eden: 1015.0M(1015.0M)->0.0B(967.0M) Survivors: 9216.0K->57.0M Heap: 2137.2M(3072.0M)->1170.2M(3072.0M)]
 [Times: user=0.63 sys=0.00, real=0.33 secs] 
26514.002: [GC pause (mixed)
Desired survivor size 67108864 bytes, new threshold 16 (max 32)
- age   1:   49414592 bytes,   49414592 total
- age   2:    3299584 bytes,   52714176 total
, 0.3865430 secs]
   [Parallel Time: 371.7 ms, GC Workers: 2]
      [GC Worker Start (ms): Min: 26514004.3, Avg: 26514004.9, Max: 26514005.5, Diff: 1.2]
      [Ext Root Scanning (ms): Min: 44.3, Avg: 54.1, Max: 63.8, Diff: 19.5, Sum: 108.1]
      [Update RS (ms): Min: 46.1, Avg: 55.1, Max: 64.1, Diff: 18.0, Sum: 110.1]
         [Processed Buffers: Min: 144, Avg: 160.5, Max: 177, Diff: 33, Sum: 321]
      [Scan RS (ms): Min: 64.2, Avg: 64.2, Max: 64.3, Diff: 0.2, Sum: 128.5]
      [Object Copy (ms): Min: 196.2, Avg: 197.4, Max: 198.6, Diff: 2.4, Sum: 394.8]
      [Termination (ms): Min: 0.0, Avg: 0.0, Max: 0.0, Diff: 0.0, Sum: 0.0]
      [GC Worker Other (ms): Min: 0.1, Avg: 0.2, Max: 0.4, Diff: 0.3, Sum: 0.5]
      [GC Worker Total (ms): Min: 370.4, Avg: 371.0, Max: 371.6, Diff: 1.1, Sum: 742.0]
      [GC Worker End (ms): Min: 26514375.9, Avg: 26514375.9, Max: 26514375.9, Diff: 0.0]
   [Code Root Fixup: 0.0 ms]
   [Clear CT: 0.9 ms]
   [Other: 13.9 ms]
      [Choose CSet: 0.7 ms]
      [Ref Proc: 6.2 ms]
      [Ref Enq: 0.1 ms]
      [Free CSet: 4.7 ms]
   [Eden: 967.0M(967.0M)->0.0B(933.0M) Survivors: 57.0M->91.0M Heap: 2138.5M(3072.0M)->1115.5M(3072.0M)]
 [Times: user=0.76 sys=0.00, real=0.38 secs] 
26520.032: [GC pause (mixed)
Desired survivor size 67108864 bytes, new threshold 2 (max 32)
- age   1:   61992656 bytes,   61992656 total
- age   2:   25976888 bytes,   87969544 total
- age   3:    2959544 bytes,   90929088 total
, 0.4011930 secs]
   [Parallel Time: 382.4 ms, GC Workers: 2]
      [GC Worker Start (ms): Min: 26520033.7, Avg: 26520033.7, Max: 26520033.7, Diff: 0.0]
      [Ext Root Scanning (ms): Min: 43.4, Avg: 53.8, Max: 64.1, Diff: 20.7, Sum: 107.6]
      [Update RS (ms): Min: 25.0, Avg: 34.1, Max: 43.2, Diff: 18.2, Sum: 68.2]
         [Processed Buffers: Min: 152, Avg: 162.0, Max: 172, Diff: 20, Sum: 324]
      [Scan RS (ms): Min: 90.7, Avg: 90.8, Max: 90.9, Diff: 0.2, Sum: 181.7]
      [Object Copy (ms): Min: 202.1, Avg: 203.3, Max: 204.5, Diff: 2.4, Sum: 406.7]
      [Termination (ms): Min: 0.0, Avg: 0.0, Max: 0.0, Diff: 0.0, Sum: 0.0]
      [GC Worker Other (ms): Min: 0.1, Avg: 0.2, Max: 0.3, Diff: 0.2, Sum: 0.4]
      [GC Worker Total (ms): Min: 382.3, Avg: 382.3, Max: 382.3, Diff: 0.0, Sum: 764.5]
      [GC Worker End (ms): Min: 26520416.0, Avg: 26520416.0, Max: 26520416.0, Diff: 0.0]
   [Code Root Fixup: 0.0 ms]
   [Clear CT: 0.9 ms]
   [Other: 17.9 ms]
      [Choose CSet: 0.9 ms]
      [Ref Proc: 9.6 ms]
      [Ref Enq: 0.1 ms]
      [Free CSet: 5.2 ms]
   [Eden: 933.0M(933.0M)->0.0B(942.0M) Survivors: 91.0M->82.0M Heap: 2162.6M(3072.0M)->1151.1M(3072.0M)]
 [Times: user=0.78 sys=0.00, real=0.40 secs] 
26525.625: [GC pause (mixed)
Desired survivor size 67108864 bytes, new threshold 2 (max 32)
- age   1:   55534168 bytes,   55534168 total
- age   2:   24244224 bytes,   79778392 total
, 0.5857770 secs]
   [Parallel Time: 570.6 ms, GC Workers: 2]
      [GC Worker Start (ms): Min: 26525626.3, Avg: 26525626.4, Max: 26525626.4, Diff: 0.0]
      [Ext Root Scanning (ms): Min: 44.9, Avg: 54.9, Max: 64.9, Diff: 20.0, Sum: 109.7]
      [Update RS (ms): Min: 33.6, Avg: 42.7, Max: 51.8, Diff: 18.3, Sum: 85.4]
         [Processed Buffers: Min: 114, Avg: 172.0, Max: 230, Diff: 116, Sum: 344]
      [Scan RS (ms): Min: 91.1, Avg: 91.2, Max: 91.3, Diff: 0.2, Sum: 182.4]
      [Object Copy (ms): Min: 380.4, Avg: 381.4, Max: 382.4, Diff: 2.0, Sum: 762.8]
      [Termination (ms): Min: 0.0, Avg: 0.0, Max: 0.0, Diff: 0.0, Sum: 0.0]
      [GC Worker Other (ms): Min: 0.1, Avg: 0.2, Max: 0.3, Diff: 0.2, Sum: 0.4]
      [GC Worker Total (ms): Min: 570.3, Avg: 570.4, Max: 570.4, Diff: 0.0, Sum: 1140.7]
      [GC Worker End (ms): Min: 26526196.7, Avg: 26526196.7, Max: 26526196.8, Diff: 0.1]
   [Code Root Fixup: 0.0 ms]
   [Clear CT: 1.1 ms]
   [Other: 14.1 ms]
      [Choose CSet: 1.0 ms]
      [Ref Proc: 7.6 ms]
      [Ref Enq: 0.1 ms]
      [Free CSet: 3.4 ms]
   [Eden: 942.0M(942.0M)->0.0B(896.0M) Survivors: 82.0M->128.0M Heap: 2110.1M(3072.0M)->1172.1M(3072.0M)]
 [Times: user=1.15 sys=0.00, real=0.58 secs] 
26531.359: [GC pause (mixed)
Desired survivor size 67108864 bytes, new threshold 1 (max 32)
- age   1:  110234776 bytes,  110234776 total
- age   2:   40433248 bytes,  150668024 total
, 0.6362270 secs]
   [Parallel Time: 622.6 ms, GC Workers: 2]
      [GC Worker Start (ms): Min: 26531360.5, Avg: 26531360.6, Max: 26531360.6, Diff: 0.0]
      [Ext Root Scanning (ms): Min: 47.5, Avg: 54.3, Max: 61.1, Diff: 13.6, Sum: 108.6]
      [Update RS (ms): Min: 47.5, Avg: 56.4, Max: 65.3, Diff: 17.8, Sum: 112.9]
         [Processed Buffers: Min: 161, Avg: 168.5, Max: 176, Diff: 15, Sum: 337]
      [Scan RS (ms): Min: 89.4, Avg: 89.4, Max: 89.4, Diff: 0.0, Sum: 178.8]
      [Object Copy (ms): Min: 420.1, Avg: 422.2, Max: 424.4, Diff: 4.3, Sum: 844.5]
      [Termination (ms): Min: 0.0, Avg: 0.0, Max: 0.0, Diff: 0.0, Sum: 0.0]
      [GC Worker Other (ms): Min: 0.1, Avg: 0.1, Max: 0.2, Diff: 0.1, Sum: 0.3]
      [GC Worker Total (ms): Min: 622.5, Avg: 622.5, Max: 622.5, Diff: 0.0, Sum: 1245.0]
      [GC Worker End (ms): Min: 26531983.0, Avg: 26531983.0, Max: 26531983.1, Diff: 0.0]
   [Code Root Fixup: 0.0 ms]
   [Clear CT: 1.1 ms]
   [Other: 12.5 ms]
      [Choose CSet: 0.5 ms]
      [Ref Proc: 4.8 ms]
      [Ref Enq: 0.1 ms]
      [Free CSet: 4.3 ms]
   [Eden: 896.0M(896.0M)->0.0B(936.0M) Survivors: 128.0M->88.0M Heap: 2072.6M(3072.0M)->1200.1M(3072.0M)]
 [Times: user=1.25 sys=0.00, real=0.64 secs] 
26538.869: [GC pause (young)
Desired survivor size 67108864 bytes, new threshold 1 (max 32)
- age   1:   86695072 bytes,   86695072 total
, 0.3535500 secs]
   [Parallel Time: 339.9 ms, GC Workers: 2]
      [GC Worker Start (ms): Min: 26538870.5, Avg: 26538870.5, Max: 26538870.6, Diff: 0.0]
      [Ext Root Scanning (ms): Min: 48.0, Avg: 55.3, Max: 62.6, Diff: 14.5, Sum: 110.6]
      [Update RS (ms): Min: 24.8, Avg: 34.5, Max: 44.2, Diff: 19.4, Sum: 69.1]
         [Processed Buffers: Min: 164, Avg: 164.5, Max: 165, Diff: 1, Sum: 329]
      [Scan RS (ms): Min: 49.4, Avg: 49.4, Max: 49.4, Diff: 0.0, Sum: 98.8]
      [Object Copy (ms): Min: 198.1, Avg: 200.4, Max: 202.8, Diff: 4.7, Sum: 400.8]
      [Termination (ms): Min: 0.0, Avg: 0.0, Max: 0.0, Diff: 0.0, Sum: 0.0]
      [GC Worker Other (ms): Min: 0.1, Avg: 0.2, Max: 0.3, Diff: 0.2, Sum: 0.4]
      [GC Worker Total (ms): Min: 339.8, Avg: 339.8, Max: 339.9, Diff: 0.0, Sum: 679.7]
      [GC Worker End (ms): Min: 26539210.4, Avg: 26539210.4, Max: 26539210.4, Diff: 0.0]
   [Code Root Fixup: 0.0 ms]
   [Clear CT: 0.7 ms]
   [Other: 12.9 ms]
      [Choose CSet: 0.0 ms]
      [Ref Proc: 6.9 ms]
      [Ref Enq: 0.1 ms]
      [Free CSet: 3.3 ms]
   [Eden: 936.0M(936.0M)->0.0B(977.0M) Survivors: 88.0M->47.0M Heap: 2166.3M(3072.0M)->1242.6M(3072.0M)]
 [Times: user=0.69 sys=0.00, real=0.35 secs] 
26544.077: [GC pause (young)
Desired survivor size 67108864 bytes, new threshold 16 (max 32)
- age   1:   44020064 bytes,   44020064 total
, 0.3379440 secs]
   [Parallel Time: 326.9 ms, GC Workers: 2]
      [GC Worker Start (ms): Min: 26544078.1, Avg: 26544078.2, Max: 26544078.2, Diff: 0.0]
      [Ext Root Scanning (ms): Min: 47.9, Avg: 56.9, Max: 65.8, Diff: 17.9, Sum: 113.8]
      [Update RS (ms): Min: 38.7, Avg: 46.5, Max: 54.3, Diff: 15.6, Sum: 93.0]
         [Processed Buffers: Min: 147, Avg: 158.0, Max: 169, Diff: 22, Sum: 316]
      [Scan RS (ms): Min: 37.5, Avg: 37.5, Max: 37.5, Diff: 0.0, Sum: 75.1]
      [Object Copy (ms): Min: 184.7, Avg: 185.8, Max: 187.0, Diff: 2.3, Sum: 371.7]
      [Termination (ms): Min: 0.0, Avg: 0.0, Max: 0.0, Diff: 0.0, Sum: 0.0]
      [GC Worker Other (ms): Min: 0.1, Avg: 0.1, Max: 0.1, Diff: 0.0, Sum: 0.2]
      [GC Worker Total (ms): Min: 326.8, Avg: 326.8, Max: 326.8, Diff: 0.0, Sum: 653.7]
      [GC Worker End (ms): Min: 26544405.0, Avg: 26544405.0, Max: 26544405.0, Diff: 0.0]
   [Code Root Fixup: 0.0 ms]
   [Clear CT: 0.8 ms]
   [Other: 10.2 ms]
      [Choose CSet: 0.0 ms]
      [Ref Proc: 5.2 ms]
      [Ref Enq: 0.1 ms]
      [Free CSet: 3.1 ms]
   [Eden: 977.0M(977.0M)->0.0B(945.0M) Survivors: 47.0M->79.0M Heap: 2227.5M(3072.0M)->1283.0M(3072.0M)]
 [Times: user=0.67 sys=0.00, real=0.34 secs] 
26550.341: [GC pause (young)
Desired survivor size 67108864 bytes, new threshold 2 (max 32)
- age   1:   62339872 bytes,   62339872 total
- age   2:   15266208 bytes,   77606080 total
, 0.4214150 secs]
   [Parallel Time: 407.6 ms, GC Workers: 2]
      [GC Worker Start (ms): Min: 26550342.2, Avg: 26550342.2, Max: 26550342.2, Diff: 0.0]
      [Ext Root Scanning (ms): Min: 52.4, Avg: 58.3, Max: 64.2, Diff: 11.8, Sum: 116.6]
      [Update RS (ms): Min: 39.4, Avg: 47.9, Max: 56.3, Diff: 16.8, Sum: 95.7]
         [Processed Buffers: Min: 137, Avg: 169.0, Max: 201, Diff: 64, Sum: 338]
      [Scan RS (ms): Min: 44.0, Avg: 44.1, Max: 44.1, Diff: 0.2, Sum: 88.1]
      [Object Copy (ms): Min: 254.8, Avg: 257.0, Max: 259.3, Diff: 4.6, Sum: 514.1]
      [Termination (ms): Min: 0.0, Avg: 0.0, Max: 0.0, Diff: 0.0, Sum: 0.0]
      [GC Worker Other (ms): Min: 0.1, Avg: 0.2, Max: 0.3, Diff: 0.2, Sum: 0.4]
      [GC Worker Total (ms): Min: 407.4, Avg: 407.4, Max: 407.4, Diff: 0.0, Sum: 814.9]
      [GC Worker End (ms): Min: 26550749.7, Avg: 26550749.7, Max: 26550749.7, Diff: 0.0]
   [Code Root Fixup: 0.0 ms]
   [Clear CT: 0.7 ms]
   [Other: 13.1 ms]
      [Choose CSet: 0.0 ms]
      [Ref Proc: 7.0 ms]
      [Ref Enq: 0.1 ms]
      [Free CSet: 3.7 ms]
   [Eden: 945.0M(945.0M)->0.0B(922.0M) Survivors: 79.0M->102.0M Heap: 2254.0M(3072.0M)->1346.1M(3072.0M)]
 [Times: user=0.83 sys=0.01, real=0.42 secs] 
26556.643: [GC pause (young)
Desired survivor size 67108864 bytes, new threshold 2 (max 32)
- age   1:   55540320 bytes,   55540320 total
- age   2:   44964768 bytes,  100505088 total
, 0.4612730 secs]
   [Parallel Time: 443.1 ms, GC Workers: 2]
      [GC Worker Start (ms): Min: 26556644.1, Avg: 26556644.1, Max: 26556644.2, Diff: 0.0]
      [Ext Root Scanning (ms): Min: 46.6, Avg: 56.1, Max: 65.7, Diff: 19.1, Sum: 112.3]
      [Update RS (ms): Min: 71.8, Avg: 79.8, Max: 87.7, Diff: 15.9, Sum: 159.6]
         [Processed Buffers: Min: 128, Avg: 197.5, Max: 267, Diff: 139, Sum: 395]
      [Scan RS (ms): Min: 37.4, Avg: 37.4, Max: 37.4, Diff: 0.0, Sum: 74.8]
      [Object Copy (ms): Min: 267.9, Avg: 269.5, Max: 271.1, Diff: 3.2, Sum: 539.0]
      [Termination (ms): Min: 0.0, Avg: 0.0, Max: 0.0, Diff: 0.0, Sum: 0.0]
      [GC Worker Other (ms): Min: 0.1, Avg: 0.1, Max: 0.1, Diff: 0.0, Sum: 0.3]
      [GC Worker Total (ms): Min: 443.0, Avg: 443.0, Max: 443.0, Diff: 0.0, Sum: 885.9]
      [GC Worker End (ms): Min: 26557087.1, Avg: 26557087.1, Max: 26557087.1, Diff: 0.0]
   [Code Root Fixup: 0.0 ms]
   [Clear CT: 0.8 ms]
   [Other: 17.4 ms]
      [Choose CSet: 0.0 ms]
      [Ref Proc: 12.5 ms]
      [Ref Enq: 0.1 ms]
      [Free CSet: 2.7 ms]
   [Eden: 922.0M(922.0M)->0.0B(940.0M) Survivors: 102.0M->84.0M Heap: 2268.6M(3072.0M)->1367.6M(3072.0M)]
 [Times: user=0.90 sys=0.01, real=0.46 secs] 
26557.596: [GC pause (young) (initial-mark)
Desired survivor size 67108864 bytes, new threshold 2 (max 32)
- age   1:   41571984 bytes,   41571984 total
- age   2:   40048600 bytes,   81620584 total
, 0.2994870 secs]
   [Parallel Time: 294.8 ms, GC Workers: 2]
      [GC Worker Start (ms): Min: 26557596.8, Avg: 26557596.9, Max: 26557596.9, Diff: 0.0]
      [Ext Root Scanning (ms): Min: 44.1, Avg: 54.4, Max: 64.8, Diff: 20.7, Sum: 108.9]
      [Update RS (ms): Min: 21.0, Avg: 32.6, Max: 44.2, Diff: 23.2, Sum: 65.2]
         [Processed Buffers: Min: 98, Avg: 125.5, Max: 153, Diff: 55, Sum: 251]
      [Scan RS (ms): Min: 32.8, Avg: 32.9, Max: 33.0, Diff: 0.2, Sum: 65.8]
      [Object Copy (ms): Min: 173.4, Avg: 174.7, Max: 176.0, Diff: 2.7, Sum: 349.4]
      [Termination (ms): Min: 0.0, Avg: 0.0, Max: 0.0, Diff: 0.0, Sum: 0.0]
      [GC Worker Other (ms): Min: 0.0, Avg: 0.1, Max: 0.1, Diff: 0.1, Sum: 0.2]
      [GC Worker Total (ms): Min: 294.8, Avg: 294.8, Max: 294.8, Diff: 0.0, Sum: 589.5]
      [GC Worker End (ms): Min: 26557891.6, Avg: 26557891.6, Max: 26557891.6, Diff: 0.0]
   [Code Root Fixup: 0.0 ms]
   [Clear CT: 0.3 ms]
   [Other: 4.3 ms]
      [Choose CSet: 0.0 ms]
      [Ref Proc: 1.0 ms]
      [Ref Enq: 0.0 ms]
      [Free CSet: 0.8 ms]
   [Eden: 82.0M(940.0M)->0.0B(979.0M) Survivors: 84.0M->45.0M Heap: 1449.0M(3072.0M)->1368.1M(3072.0M)]
 [Times: user=0.59 sys=0.00, real=0.30 secs] 
26557.895: [GC concurrent-root-region-scan-start]
26557.998: [GC concurrent-root-region-scan-end, 0.1027370 secs]
26557.998: [GC concurrent-mark-start]
26559.746: [GC concurrent-mark-end, 1.7478310 secs]
26559.748: [GC remark 26559.750: [GC ref-proc, 0.1517710 secs], 0.2212640 secs]
 [Times: user=0.23 sys=0.00, real=0.23 secs] 
26559.971: [GC cleanup 1661M->1353M(3072M), 0.0240130 secs]
 [Times: user=0.05 sys=0.00, real=0.02 secs] 
26559.996: [GC concurrent-cleanup-start]
26559.996: [GC concurrent-cleanup-end, 0.0007570 secs]
26563.909: [GC pause (young)
Desired survivor size 67108864 bytes, new threshold 16 (max 32)
- age   1:    7340496 bytes,    7340496 total
- age   2:   37710224 bytes,   45050720 total
, 0.2994890 secs]
   [Parallel Time: 284.4 ms, GC Workers: 2]
      [GC Worker Start (ms): Min: 26563911.0, Avg: 26563911.1, Max: 26563911.1, Diff: 0.0]
      [Ext Root Scanning (ms): Min: 45.7, Avg: 55.9, Max: 66.0, Diff: 20.3, Sum: 111.7]
      [Update RS (ms): Min: 10.8, Avg: 20.4, Max: 30.0, Diff: 19.1, Sum: 40.8]
         [Processed Buffers: Min: 126, Avg: 154.0, Max: 182, Diff: 56, Sum: 308]
      [Scan RS (ms): Min: 47.8, Avg: 48.0, Max: 48.1, Diff: 0.3, Sum: 96.0]
      [Object Copy (ms): Min: 159.2, Avg: 159.9, Max: 160.7, Diff: 1.4, Sum: 319.9]
      [Termination (ms): Min: 0.0, Avg: 0.0, Max: 0.0, Diff: 0.0, Sum: 0.0]
      [GC Worker Other (ms): Min: 0.1, Avg: 0.1, Max: 0.1, Diff: 0.0, Sum: 0.2]
      [GC Worker Total (ms): Min: 284.2, Avg: 284.3, Max: 284.3, Diff: 0.0, Sum: 568.5]
      [GC Worker End (ms): Min: 26564195.3, Avg: 26564195.3, Max: 26564195.3, Diff: 0.0]
   [Code Root Fixup: 0.0 ms]
   [Clear CT: 0.7 ms]
   [Other: 14.4 ms]
      [Choose CSet: 0.0 ms]
      [Ref Proc: 6.9 ms]
      [Ref Enq: 0.1 ms]
      [Free CSet: 4.6 ms]
   [Eden: 979.0M(979.0M)->0.0B(951.0M) Survivors: 45.0M->73.0M Heap: 2086.0M(3072.0M)->1135.0M(3072.0M)]
 [Times: user=0.58 sys=0.00, real=0.30 secs] 
26569.211: [GC pause (mixed)
Desired survivor size 67108864 bytes, new threshold 3 (max 32)
- age   1:   41482032 bytes,   41482032 total
- age   2:    2736128 bytes,   44218160 total
- age   3:   28109768 bytes,   72327928 total
, 0.4211180 secs]
   [Parallel Time: 398.8 ms, GC Workers: 2]
      [GC Worker Start (ms): Min: 26569213.7, Avg: 26569213.7, Max: 26569213.7, Diff: 0.0]
      [Ext Root Scanning (ms): Min: 43.9, Avg: 54.6, Max: 65.3, Diff: 21.4, Sum: 109.1]
      [Update RS (ms): Min: 43.7, Avg: 53.1, Max: 62.6, Diff: 19.0, Sum: 106.3]
         [Processed Buffers: Min: 130, Avg: 177.0, Max: 224, Diff: 94, Sum: 354]
      [Scan RS (ms): Min: 78.9, Avg: 78.9, Max: 79.0, Diff: 0.0, Sum: 157.9]
      [Object Copy (ms): Min: 210.8, Avg: 211.9, Max: 213.0, Diff: 2.2, Sum: 423.7]
      [Termination (ms): Min: 0.0, Avg: 0.0, Max: 0.0, Diff: 0.0, Sum: 0.0]
      [GC Worker Other (ms): Min: 0.1, Avg: 0.2, Max: 0.2, Diff: 0.1, Sum: 0.3]
      [GC Worker Total (ms): Min: 398.7, Avg: 398.7, Max: 398.7, Diff: 0.0, Sum: 797.4]
      [GC Worker End (ms): Min: 26569612.4, Avg: 26569612.4, Max: 26569612.4, Diff: 0.0]
   [Code Root Fixup: 0.0 ms]
   [Clear CT: 1.0 ms]
   [Other: 21.3 ms]
      [Choose CSet: 1.8 ms]
      [Ref Proc: 11.5 ms]
      [Ref Enq: 0.1 ms]
      [Free CSet: 5.7 ms]
   [Eden: 951.0M(951.0M)->0.0B(952.0M) Survivors: 73.0M->72.0M Heap: 2092.5M(3072.0M)->888.5M(3072.0M)]
 [Times: user=0.82 sys=0.00, real=0.42 secs] 
26574.218: [GC pause (mixed)
Desired survivor size 67108864 bytes, new threshold 2 (max 32)
- age   1:   40920472 bytes,   40920472 total
- age   2:   26971056 bytes,   67891528 total
- age   3:    2366096 bytes,   70257624 total
, 0.6099710 secs]
   [Parallel Time: 596.6 ms, GC Workers: 2]
      [GC Worker Start (ms): Min: 26574220.3, Avg: 26574220.4, Max: 26574220.4, Diff: 0.0]
      [Ext Root Scanning (ms): Min: 45.7, Avg: 55.5, Max: 65.3, Diff: 19.6, Sum: 111.0]
      [Update RS (ms): Min: 38.8, Avg: 47.8, Max: 56.9, Diff: 18.1, Sum: 95.7]
         [Processed Buffers: Min: 134, Avg: 156.5, Max: 179, Diff: 45, Sum: 313]
      [Scan RS (ms): Min: 77.5, Avg: 77.5, Max: 77.6, Diff: 0.1, Sum: 155.1]
      [Object Copy (ms): Min: 414.5, Avg: 415.4, Max: 416.3, Diff: 1.8, Sum: 830.8]
      [Termination (ms): Min: 0.0, Avg: 0.0, Max: 0.0, Diff: 0.0, Sum: 0.0]
      [GC Worker Other (ms): Min: 0.1, Avg: 0.2, Max: 0.3, Diff: 0.2, Sum: 0.4]
      [GC Worker Total (ms): Min: 596.4, Avg: 596.5, Max: 596.5, Diff: 0.1, Sum: 1192.9]
      [GC Worker End (ms): Min: 26574816.8, Avg: 26574816.8, Max: 26574816.8, Diff: 0.0]
   [Code Root Fixup: 0.0 ms]
   [Clear CT: 1.0 ms]
   [Other: 12.4 ms]
      [Choose CSet: 0.8 ms]
      [Ref Proc: 3.9 ms]
      [Ref Enq: 0.1 ms]
      [Free CSet: 4.9 ms]
   [Eden: 952.0M(952.0M)->0.0B(896.0M) Survivors: 72.0M->128.0M Heap: 1846.5M(3072.0M)->955.5M(3072.0M)]
 [Times: user=1.20 sys=0.00, real=0.61 secs] 
26579.232: [GC pause (young)
Desired survivor size 67108864 bytes, new threshold 1 (max 32)
- age   1:  110032848 bytes,  110032848 total
- age   2:   30541352 bytes,  140574200 total
, 0.6332410 secs]
   [Parallel Time: 619.5 ms, GC Workers: 2]
      [GC Worker Start (ms): Min: 26579233.7, Avg: 26579233.7, Max: 26579233.7, Diff: 0.0]
      [Ext Root Scanning (ms): Min: 48.2, Avg: 55.0, Max: 61.9, Diff: 13.7, Sum: 110.1]
      [Update RS (ms): Min: 81.7, Avg: 90.5, Max: 99.3, Diff: 17.6, Sum: 181.0]
         [Processed Buffers: Min: 149, Avg: 161.5, Max: 174, Diff: 25, Sum: 323]
      [Scan RS (ms): Min: 73.9, Avg: 73.9, Max: 73.9, Diff: 0.0, Sum: 147.8]
      [Object Copy (ms): Min: 398.0, Avg: 399.8, Max: 401.6, Diff: 3.7, Sum: 799.6]
      [Termination (ms): Min: 0.0, Avg: 0.0, Max: 0.0, Diff: 0.0, Sum: 0.0]
      [GC Worker Other (ms): Min: 0.1, Avg: 0.2, Max: 0.3, Diff: 0.2, Sum: 0.4]
      [GC Worker Total (ms): Min: 619.4, Avg: 619.4, Max: 619.4, Diff: 0.0, Sum: 1238.8]
      [GC Worker End (ms): Min: 26579853.1, Avg: 26579853.1, Max: 26579853.1, Diff: 0.0]
   [Code Root Fixup: 0.0 ms]
   [Clear CT: 0.7 ms]
   [Other: 13.1 ms]
      [Choose CSet: 0.0 ms]
      [Ref Proc: 4.6 ms]
      [Ref Enq: 0.1 ms]
      [Free CSet: 4.8 ms]
   [Eden: 896.0M(896.0M)->0.0B(972.0M) Survivors: 128.0M->52.0M Heap: 1885.0M(3072.0M)->1028.5M(3072.0M)]
 [Times: user=1.24 sys=0.01, real=0.63 secs] 
26585.103: [GC pause (young)
Desired survivor size 67108864 bytes, new threshold 16 (max 32)
- age   1:   49580176 bytes,   49580176 total
, 0.4117300 secs]
   [Parallel Time: 399.3 ms, GC Workers: 2]
      [GC Worker Start (ms): Min: 26585104.6, Avg: 26585104.6, Max: 26585104.6, Diff: 0.0]
      [Ext Root Scanning (ms): Min: 49.1, Avg: 55.7, Max: 62.2, Diff: 13.1, Sum: 111.3]
      [Update RS (ms): Min: 59.4, Avg: 68.1, Max: 76.8, Diff: 17.4, Sum: 136.2]
         [Processed Buffers: Min: 180, Avg: 180.5, Max: 181, Diff: 1, Sum: 361]
      [Scan RS (ms): Min: 66.0, Avg: 66.0, Max: 66.0, Diff: 0.0, Sum: 132.0]
      [Object Copy (ms): Min: 207.1, Avg: 209.1, Max: 211.1, Diff: 4.1, Sum: 418.2]
      [Termination (ms): Min: 0.0, Avg: 0.0, Max: 0.0, Diff: 0.0, Sum: 0.0]
      [GC Worker Other (ms): Min: 0.1, Avg: 0.3, Max: 0.4, Diff: 0.3, Sum: 0.5]
      [GC Worker Total (ms): Min: 399.1, Avg: 399.1, Max: 399.2, Diff: 0.0, Sum: 798.3]
      [GC Worker End (ms): Min: 26585503.7, Avg: 26585503.8, Max: 26585503.8, Diff: 0.0]
   [Code Root Fixup: 0.0 ms]
   [Clear CT: 0.7 ms]
   [Other: 11.8 ms]
      [Choose CSet: 0.0 ms]
      [Ref Proc: 4.4 ms]
      [Ref Enq: 0.1 ms]
      [Free CSet: 4.8 ms]
   [Eden: 972.0M(972.0M)->0.0B(938.0M) Survivors: 52.0M->86.0M Heap: 2025.0M(3072.0M)->1087.5M(3072.0M)]
 [Times: user=0.81 sys=0.00, real=0.41 secs] 
26590.083: [GC pause (young)
Desired survivor size 67108864 bytes, new threshold 2 (max 32)
- age   1:   54246288 bytes,   54246288 total
- age   2:   31942424 bytes,   86188712 total
, 0.4721280 secs]
   [Parallel Time: 460.5 ms, GC Workers: 2]
      [GC Worker Start (ms): Min: 26590085.0, Avg: 26590085.0, Max: 26590085.0, Diff: 0.0]
      [Ext Root Scanning (ms): Min: 51.9, Avg: 59.6, Max: 67.4, Diff: 15.4, Sum: 119.3]
      [Update RS (ms): Min: 61.3, Avg: 66.7, Max: 72.0, Diff: 10.7, Sum: 133.3]
         [Processed Buffers: Min: 116, Avg: 159.0, Max: 202, Diff: 86, Sum: 318]
      [Scan RS (ms): Min: 68.3, Avg: 68.4, Max: 68.5, Diff: 0.2, Sum: 136.8]
      [Object Copy (ms): Min: 263.2, Avg: 265.5, Max: 267.8, Diff: 4.6, Sum: 531.0]
      [Termination (ms): Min: 0.0, Avg: 0.0, Max: 0.0, Diff: 0.0, Sum: 0.0]
      [GC Worker Other (ms): Min: 0.1, Avg: 0.2, Max: 0.4, Diff: 0.3, Sum: 0.5]
      [GC Worker Total (ms): Min: 460.4, Avg: 460.4, Max: 460.4, Diff: 0.0, Sum: 920.8]
      [GC Worker End (ms): Min: 26590545.4, Avg: 26590545.4, Max: 26590545.4, Diff: 0.0]
   [Code Root Fixup: 0.0 ms]
   [Clear CT: 0.8 ms]
   [Other: 10.9 ms]
      [Choose CSet: 0.0 ms]
      [Ref Proc: 3.8 ms]
      [Ref Enq: 0.1 ms]
      [Free CSet: 4.2 ms]
   [Eden: 938.0M(938.0M)->0.0B(935.0M) Survivors: 86.0M->89.0M Heap: 2026.5M(3072.0M)->1121.0M(3072.0M)]
 [Times: user=0.93 sys=0.00, real=0.47 secs] 
26594.976: [GC pause (young)
Desired survivor size 67108864 bytes, new threshold 2 (max 32)
- age   1:   48570848 bytes,   48570848 total
- age   2:   40541432 bytes,   89112280 total
, 0.4680620 secs]
   [Parallel Time: 456.7 ms, GC Workers: 2]
      [GC Worker Start (ms): Min: 26594977.7, Avg: 26594977.7, Max: 26594977.7, Diff: 0.0]
      [Ext Root Scanning (ms): Min: 48.9, Avg: 55.2, Max: 61.5, Diff: 12.6, Sum: 110.4]
      [Update RS (ms): Min: 39.8, Avg: 48.2, Max: 56.7, Diff: 17.0, Sum: 96.5]
         [Processed Buffers: Min: 150, Avg: 150.5, Max: 151, Diff: 1, Sum: 301]
      [Scan RS (ms): Min: 77.6, Avg: 77.6, Max: 77.6, Diff: 0.1, Sum: 155.2]
      [Object Copy (ms): Min: 273.3, Avg: 275.2, Max: 277.2, Diff: 3.9, Sum: 550.5]
      [Termination (ms): Min: 0.0, Avg: 0.0, Max: 0.1, Diff: 0.1, Sum: 0.1]
      [GC Worker Other (ms): Min: 0.1, Avg: 0.3, Max: 0.4, Diff: 0.3, Sum: 0.5]
      [GC Worker Total (ms): Min: 456.6, Avg: 456.6, Max: 456.6, Diff: 0.0, Sum: 913.2]
      [GC Worker End (ms): Min: 26595434.3, Avg: 26595434.3, Max: 26595434.3, Diff: 0.0]
   [Code Root Fixup: 0.0 ms]
   [Clear CT: 0.8 ms]
   [Other: 10.6 ms]
      [Choose CSet: 0.0 ms]
      [Ref Proc: 2.9 ms]
      [Ref Enq: 0.1 ms]
      [Free CSet: 4.7 ms]
   [Eden: 935.0M(935.0M)->0.0B(938.0M) Survivors: 89.0M->86.0M Heap: 2099.9M(3072.0M)->1199.9M(3072.0M)]
 [Times: user=0.92 sys=0.00, real=0.47 secs] 
26600.239: [GC pause (young)
Desired survivor size 67108864 bytes, new threshold 2 (max 32)
- age   1:   48269768 bytes,   48269768 total
- age   2:   38624400 bytes,   86894168 total
, 0.4759010 secs]
   [Parallel Time: 463.9 ms, GC Workers: 2]
      [GC Worker Start (ms): Min: 26600240.9, Avg: 26600241.0, Max: 26600241.0, Diff: 0.0]
      [Ext Root Scanning (ms): Min: 49.3, Avg: 55.2, Max: 61.1, Diff: 11.8, Sum: 110.5]
      [Update RS (ms): Min: 41.6, Avg: 49.8, Max: 57.9, Diff: 16.4, Sum: 99.5]
         [Processed Buffers: Min: 81, Avg: 144.5, Max: 208, Diff: 127, Sum: 289]
      [Scan RS (ms): Min: 70.5, Avg: 70.6, Max: 70.7, Diff: 0.2, Sum: 141.2]
      [Object Copy (ms): Min: 285.7, Avg: 287.8, Max: 289.9, Diff: 4.2, Sum: 575.6]
      [Termination (ms): Min: 0.0, Avg: 0.0, Max: 0.0, Diff: 0.0, Sum: 0.0]
      [GC Worker Other (ms): Min: 0.1, Avg: 0.2, Max: 0.3, Diff: 0.2, Sum: 0.5]
      [GC Worker Total (ms): Min: 463.6, Avg: 463.6, Max: 463.6, Diff: 0.0, Sum: 927.2]
      [GC Worker End (ms): Min: 26600704.6, Avg: 26600704.6, Max: 26600704.6, Diff: 0.0]
   [Code Root Fixup: 0.0 ms]
   [Clear CT: 0.8 ms]
   [Other: 11.2 ms]
      [Choose CSet: 0.0 ms]
      [Ref Proc: 3.6 ms]
      [Ref Enq: 0.1 ms]
      [Free CSet: 4.7 ms]
   [Eden: 938.0M(938.0M)->0.0B(926.0M) Survivors: 86.0M->98.0M Heap: 2176.5M(3072.0M)->1283.5M(3072.0M)]
 [Times: user=0.94 sys=0.00, real=0.48 secs] 
26605.300: [GC pause (young)
Desired survivor size 67108864 bytes, new threshold 1 (max 32)
- age   1:   67385120 bytes,   67385120 total
- age   2:   30663816 bytes,   98048936 total
, 0.5680110 secs]
   [Parallel Time: 557.3 ms, GC Workers: 2]
      [GC Worker Start (ms): Min: 26605301.5, Avg: 26605301.5, Max: 26605301.5, Diff: 0.0]
      [Ext Root Scanning (ms): Min: 49.7, Avg: 55.1, Max: 60.4, Diff: 10.7, Sum: 110.1]
      [Update RS (ms): Min: 61.8, Avg: 69.0, Max: 76.2, Diff: 14.4, Sum: 138.0]
         [Processed Buffers: Min: 118, Avg: 152.5, Max: 187, Diff: 69, Sum: 305]
      [Scan RS (ms): Min: 62.4, Avg: 62.5, Max: 62.5, Diff: 0.1, Sum: 124.9]
      [Object Copy (ms): Min: 368.5, Avg: 370.3, Max: 372.0, Diff: 3.4, Sum: 740.5]
      [Termination (ms): Min: 0.0, Avg: 0.0, Max: 0.0, Diff: 0.0, Sum: 0.0]
      [GC Worker Other (ms): Min: 0.1, Avg: 0.2, Max: 0.3, Diff: 0.2, Sum: 0.4]
      [GC Worker Total (ms): Min: 557.0, Avg: 557.0, Max: 557.0, Diff: 0.0, Sum: 1114.0]
      [GC Worker End (ms): Min: 26605858.5, Avg: 26605858.5, Max: 26605858.5, Diff: 0.0]
   [Code Root Fixup: 0.0 ms]
   [Clear CT: 0.7 ms]
   [Other: 9.9 ms]
      [Choose CSet: 0.0 ms]
      [Ref Proc: 3.6 ms]
      [Ref Enq: 0.1 ms]
      [Free CSet: 3.4 ms]
   [Eden: 926.0M(926.0M)->0.0B(937.0M) Survivors: 98.0M->87.0M Heap: 2245.2M(3072.0M)->1390.2M(3072.0M)]
 [Times: user=1.13 sys=0.00, real=0.57 secs] 
26605.993: [GC pause (young) (initial-mark)
Desired survivor size 67108864 bytes, new threshold 1 (max 32)
- age   1:   85353448 bytes,   85353448 total
, 0.4478560 secs]
   [Parallel Time: 438.7 ms, GC Workers: 2]
      [GC Worker Start (ms): Min: 26605993.8, Avg: 26605993.8, Max: 26605993.9, Diff: 0.1]
      [Ext Root Scanning (ms): Min: 51.1, Avg: 57.7, Max: 64.3, Diff: 13.2, Sum: 115.4]
      [Update RS (ms): Min: 181.4, Avg: 192.6, Max: 203.9, Diff: 22.5, Sum: 385.3]
         [Processed Buffers: Min: 325, Avg: 343.0, Max: 361, Diff: 36, Sum: 686]
      [Scan RS (ms): Min: 1.8, Avg: 1.8, Max: 1.8, Diff: 0.0, Sum: 3.6]
      [Object Copy (ms): Min: 181.7, Avg: 186.3, Max: 190.9, Diff: 9.2, Sum: 372.7]
      [Termination (ms): Min: 0.0, Avg: 0.0, Max: 0.0, Diff: 0.0, Sum: 0.0]
      [GC Worker Other (ms): Min: 0.1, Avg: 0.1, Max: 0.1, Diff: 0.0, Sum: 0.1]
      [GC Worker Total (ms): Min: 438.5, Avg: 438.5, Max: 438.6, Diff: 0.1, Sum: 877.0]
      [GC Worker End (ms): Min: 26606432.3, Avg: 26606432.4, Max: 26606432.4, Diff: 0.0]
   [Code Root Fixup: 0.0 ms]
   [Clear CT: 0.3 ms]
   [Other: 8.9 ms]
      [Choose CSet: 0.0 ms]
      [Ref Proc: 5.8 ms]
      [Ref Enq: 0.0 ms]
      [Free CSet: 0.3 ms]
   [Eden: 24.0M(937.0M)->0.0B(1017.0M) Survivors: 87.0M->7168.0K Heap: 1414.2M(3072.0M)->1391.7M(3072.0M)]
 [Times: user=0.89 sys=0.00, real=0.45 secs] 
26606.441: [GC concurrent-root-region-scan-start]
26606.486: [GC concurrent-root-region-scan-end, 0.0452210 secs]
26606.486: [GC concurrent-mark-start]
26609.934: [GC concurrent-mark-end, 3.4477850 secs]
26609.935: [GC remark 26609.937: [GC ref-proc, 0.1086030 secs], 0.1761080 secs]
 [Times: user=0.18 sys=0.00, real=0.18 secs] 
26610.115: [GC cleanup 2155M->1870M(3072M), 0.0284190 secs]
 [Times: user=0.06 sys=0.00, real=0.03 secs] 
26610.144: [GC concurrent-cleanup-start]
26610.144: [GC concurrent-cleanup-end, 0.0007280 secs]
26611.327: [GC pause (young)
Desired survivor size 67108864 bytes, new threshold 16 (max 32)
- age   1:    5892264 bytes,    5892264 total
, 0.4508610 secs]
   [Parallel Time: 434.4 ms, GC Workers: 2]
      [GC Worker Start (ms): Min: 26611329.2, Avg: 26611329.2, Max: 26611329.2, Diff: 0.0]
      [Ext Root Scanning (ms): Min: 45.0, Avg: 54.4, Max: 63.7, Diff: 18.6, Sum: 108.7]
      [Update RS (ms): Min: 34.1, Avg: 42.3, Max: 50.5, Diff: 16.5, Sum: 84.6]
         [Processed Buffers: Min: 112, Avg: 166.0, Max: 220, Diff: 108, Sum: 332]
      [Scan RS (ms): Min: 84.6, Avg: 84.8, Max: 85.0, Diff: 0.4, Sum: 169.6]
      [Object Copy (ms): Min: 251.4, Avg: 252.5, Max: 253.6, Diff: 2.1, Sum: 505.0]
      [Termination (ms): Min: 0.0, Avg: 0.0, Max: 0.0, Diff: 0.0, Sum: 0.0]
      [GC Worker Other (ms): Min: 0.1, Avg: 0.2, Max: 0.4, Diff: 0.3, Sum: 0.5]
      [GC Worker Total (ms): Min: 434.2, Avg: 434.2, Max: 434.2, Diff: 0.0, Sum: 868.4]
      [GC Worker End (ms): Min: 26611763.4, Avg: 26611763.4, Max: 26611763.4, Diff: 0.0]
   [Code Root Fixup: 0.0 ms]
   [Clear CT: 0.7 ms]
   [Other: 15.8 ms]
      [Choose CSet: 0.0 ms]
      [Ref Proc: 8.6 ms]
      [Ref Enq: 0.1 ms]
      [Free CSet: 4.3 ms]
   [Eden: 1017.0M(1017.0M)->0.0B(920.0M) Survivors: 7168.0K->104.0M Heap: 2169.7M(3072.0M)->1249.7M(3072.0M)]
 [Times: user=0.89 sys=0.00, real=0.45 secs] 
26617.085: [GC pause (mixed)
Desired survivor size 67108864 bytes, new threshold 1 (max 32)
- age   1:  100930904 bytes,  100930904 total
- age   2:    2882584 bytes,  103813488 total
, 0.5028040 secs]
   [Parallel Time: 488.4 ms, GC Workers: 2]
      [GC Worker Start (ms): Min: 26617087.0, Avg: 26617087.0, Max: 26617087.0, Diff: 0.0]
      [Ext Root Scanning (ms): Min: 50.7, Avg: 56.7, Max: 62.6, Diff: 11.8, Sum: 113.3]
      [Update RS (ms): Min: 46.0, Avg: 54.2, Max: 62.4, Diff: 16.5, Sum: 108.4]
         [Processed Buffers: Min: 92, Avg: 142.0, Max: 192, Diff: 100, Sum: 284]
      [Scan RS (ms): Min: 129.6, Avg: 129.8, Max: 129.9, Diff: 0.3, Sum: 259.5]
      [Object Copy (ms): Min: 245.4, Avg: 247.4, Max: 249.4, Diff: 4.0, Sum: 494.8]
      [Termination (ms): Min: 0.0, Avg: 0.0, Max: 0.0, Diff: 0.0, Sum: 0.0]
      [GC Worker Other (ms): Min: 0.1, Avg: 0.3, Max: 0.4, Diff: 0.4, Sum: 0.5]
      [GC Worker Total (ms): Min: 488.3, Avg: 488.3, Max: 488.3, Diff: 0.0, Sum: 976.6]
      [GC Worker End (ms): Min: 26617575.3, Avg: 26617575.3, Max: 26617575.3, Diff: 0.0]
   [Code Root Fixup: 0.0 ms]
   [Clear CT: 1.0 ms]
   [Other: 13.5 ms]
      [Choose CSet: 0.6 ms]
      [Ref Proc: 2.9 ms]
      [Ref Enq: 0.1 ms]
      [Free CSet: 6.4 ms]
   [Eden: 920.0M(920.0M)->0.0B(982.0M) Survivors: 104.0M->42.0M Heap: 2181.2M(3072.0M)->1181.2M(3072.0M)]
 [Times: user=0.99 sys=0.00, real=0.50 secs] 
26622.941: [GC pause (mixed)
Desired survivor size 67108864 bytes, new threshold 16 (max 32)
- age   1:   42349648 bytes,   42349648 total
, 0.4162760 secs]
   [Parallel Time: 396.6 ms, GC Workers: 2]
      [GC Worker Start (ms): Min: 26622943.6, Avg: 26622944.3, Max: 26622945.0, Diff: 1.4]
      [Ext Root Scanning (ms): Min: 46.8, Avg: 55.3, Max: 63.7, Diff: 16.9, Sum: 110.5]
      [Update RS (ms): Min: 33.9, Avg: 41.4, Max: 49.0, Diff: 15.2, Sum: 82.9]
         [Processed Buffers: Min: 129, Avg: 156.0, Max: 183, Diff: 54, Sum: 312]
      [Scan RS (ms): Min: 97.9, Avg: 98.1, Max: 98.2, Diff: 0.3, Sum: 196.1]
      [Object Copy (ms): Min: 199.3, Avg: 200.8, Max: 202.4, Diff: 3.2, Sum: 401.7]
      [Termination (ms): Min: 0.0, Avg: 0.0, Max: 0.0, Diff: 0.0, Sum: 0.0]
      [GC Worker Other (ms): Min: 0.1, Avg: 0.2, Max: 0.4, Diff: 0.4, Sum: 0.5]
      [GC Worker Total (ms): Min: 395.2, Avg: 395.9, Max: 396.6, Diff: 1.4, Sum: 791.7]
      [GC Worker End (ms): Min: 26623340.1, Avg: 26623340.2, Max: 26623340.2, Diff: 0.0]
   [Code Root Fixup: 0.0 ms]
   [Clear CT: 1.0 ms]
   [Other: 18.6 ms]
      [Choose CSet: 1.0 ms]
      [Ref Proc: 6.8 ms]
      [Ref Enq: 0.1 ms]
      [Free CSet: 7.6 ms]
   [Eden: 982.0M(982.0M)->0.0B(940.0M) Survivors: 42.0M->84.0M Heap: 2186.4M(3072.0M)->1162.4M(3072.0M)]
 [Times: user=0.81 sys=0.00, real=0.41 secs] 
26630.013: [GC pause (mixed)
Desired survivor size 67108864 bytes, new threshold 2 (max 32)
- age   1:   51114800 bytes,   51114800 total
- age   2:   31619064 bytes,   82733864 total
, 0.5067830 secs]
   [Parallel Time: 489.9 ms, GC Workers: 2]
      [GC Worker Start (ms): Min: 26630015.1, Avg: 26630015.1, Max: 26630015.1, Diff: 0.0]
      [Ext Root Scanning (ms): Min: 46.9, Avg: 57.0, Max: 67.1, Diff: 20.2, Sum: 114.0]
      [Update RS (ms): Min: 54.2, Avg: 63.3, Max: 72.4, Diff: 18.2, Sum: 126.6]
         [Processed Buffers: Min: 113, Avg: 154.5, Max: 196, Diff: 83, Sum: 309]
      [Scan RS (ms): Min: 117.0, Avg: 117.0, Max: 117.0, Diff: 0.0, Sum: 234.0]
      [Object Copy (ms): Min: 251.4, Avg: 252.2, Max: 253.1, Diff: 1.8, Sum: 504.5]
      [Termination (ms): Min: 0.0, Avg: 0.0, Max: 0.0, Diff: 0.0, Sum: 0.0]
      [GC Worker Other (ms): Min: 0.1, Avg: 0.2, Max: 0.4, Diff: 0.3, Sum: 0.4]
      [GC Worker Total (ms): Min: 489.8, Avg: 489.8, Max: 489.8, Diff: 0.0, Sum: 979.6]
      [GC Worker End (ms): Min: 26630504.9, Avg: 26630504.9, Max: 26630504.9, Diff: 0.0]
   [Code Root Fixup: 0.0 ms]
   [Clear CT: 1.2 ms]
   [Other: 15.7 ms]
      [Choose CSet: 0.9 ms]
      [Ref Proc: 6.1 ms]
      [Ref Enq: 0.1 ms]
      [Free CSet: 5.8 ms]
   [Eden: 940.0M(940.0M)->0.0B(953.0M) Survivors: 84.0M->71.0M Heap: 2106.9M(3072.0M)->1115.9M(3072.0M)]
 [Times: user=1.00 sys=0.00, real=0.50 secs] 
26636.917: [GC pause (young)
Desired survivor size 67108864 bytes, new threshold 2 (max 32)
- age   1:   40165880 bytes,   40165880 total
- age   2:   29912888 bytes,   70078768 total
, 0.4019610 secs]
   [Parallel Time: 384.4 ms, GC Workers: 2]
      [GC Worker Start (ms): Min: 26636918.6, Avg: 26636918.6, Max: 26636918.6, Diff: 0.0]
      [Ext Root Scanning (ms): Min: 47.4, Avg: 57.6, Max: 67.9, Diff: 20.5, Sum: 115.3]
      [Update RS (ms): Min: 22.4, Avg: 32.0, Max: 41.5, Diff: 19.0, Sum: 63.9]
         [Processed Buffers: Min: 84, Avg: 151.5, Max: 219, Diff: 135, Sum: 303]
      [Scan RS (ms): Min: 76.3, Avg: 76.4, Max: 76.6, Diff: 0.3, Sum: 152.9]
      [Object Copy (ms): Min: 216.6, Avg: 217.9, Max: 219.1, Diff: 2.4, Sum: 435.7]
      [Termination (ms): Min: 0.0, Avg: 0.1, Max: 0.2, Diff: 0.2, Sum: 0.2]
      [GC Worker Other (ms): Min: 0.1, Avg: 0.3, Max: 0.5, Diff: 0.4, Sum: 0.5]
      [GC Worker Total (ms): Min: 384.3, Avg: 384.3, Max: 384.3, Diff: 0.0, Sum: 768.6]
      [GC Worker End (ms): Min: 26637302.9, Avg: 26637302.9, Max: 26637302.9, Diff: 0.0]
   [Code Root Fixup: 0.0 ms]
   [Clear CT: 0.7 ms]
   [Other: 16.9 ms]
      [Choose CSet: 0.0 ms]
      [Ref Proc: 7.4 ms]
      [Ref Enq: 0.1 ms]
      [Free CSet: 5.2 ms]
   [Eden: 953.0M(953.0M)->0.0B(949.0M) Survivors: 71.0M->75.0M Heap: 2072.4M(3072.0M)->1147.1M(3072.0M)]
 [Times: user=0.78 sys=0.00, real=0.40 secs] 
26643.906: [GC pause (young)
Desired survivor size 67108864 bytes, new threshold 2 (max 32)
- age   1:   43822712 bytes,   43822712 total
- age   2:   30091024 bytes,   73913736 total
, 0.3876470 secs]
   [Parallel Time: 374.5 ms, GC Workers: 2]
      [GC Worker Start (ms): Min: 26643907.7, Avg: 26643907.7, Max: 26643907.7, Diff: 0.0]
      [Ext Root Scanning (ms): Min: 50.8, Avg: 57.3, Max: 63.9, Diff: 13.1, Sum: 114.7]
      [Update RS (ms): Min: 19.5, Avg: 28.3, Max: 37.0, Diff: 17.5, Sum: 56.6]
         [Processed Buffers: Min: 123, Avg: 175.5, Max: 228, Diff: 105, Sum: 351]
      [Scan RS (ms): Min: 78.0, Avg: 78.0, Max: 78.1, Diff: 0.1, Sum: 156.0]
      [Object Copy (ms): Min: 208.1, Avg: 210.5, Max: 212.9, Diff: 4.8, Sum: 421.1]
      [Termination (ms): Min: 0.0, Avg: 0.0, Max: 0.0, Diff: 0.0, Sum: 0.0]
      [GC Worker Other (ms): Min: 0.1, Avg: 0.2, Max: 0.4, Diff: 0.3, Sum: 0.5]
      [GC Worker Total (ms): Min: 374.4, Avg: 374.4, Max: 374.4, Diff: 0.0, Sum: 748.9]
      [GC Worker End (ms): Min: 26644282.1, Avg: 26644282.1, Max: 26644282.1, Diff: 0.0]
   [Code Root Fixup: 0.0 ms]
   [Clear CT: 1.1 ms]
   [Other: 11.9 ms]
      [Choose CSet: 0.0 ms]
      [Ref Proc: 4.1 ms]
      [Ref Enq: 0.1 ms]
      [Free CSet: 4.7 ms]
   [Eden: 949.0M(949.0M)->0.0B(952.0M) Survivors: 75.0M->72.0M Heap: 2147.4M(3072.0M)->1221.4M(3072.0M)]
 [Times: user=0.76 sys=0.00, real=0.39 secs] 
26650.548: [GC pause (young)
Desired survivor size 67108864 bytes, new threshold 2 (max 32)
- age   1:   36424400 bytes,   36424400 total
- age   2:   34453072 bytes,   70877472 total
, 0.4681020 secs]
   [Parallel Time: 455.2 ms, GC Workers: 2]
      [GC Worker Start (ms): Min: 26650548.8, Avg: 26650549.1, Max: 26650549.3, Diff: 0.6]
      [Ext Root Scanning (ms): Min: 48.8, Avg: 55.4, Max: 62.0, Diff: 13.2, Sum: 110.8]
      [Update RS (ms): Min: 40.4, Avg: 49.3, Max: 58.1, Diff: 17.8, Sum: 98.5]
         [Processed Buffers: Min: 158, Avg: 174.5, Max: 191, Diff: 33, Sum: 349]
      [Scan RS (ms): Min: 62.0, Avg: 62.0, Max: 62.0, Diff: 0.0, Sum: 124.0]
      [Object Copy (ms): Min: 285.8, Avg: 287.9, Max: 290.0, Diff: 4.2, Sum: 575.8]
      [Termination (ms): Min: 0.0, Avg: 0.0, Max: 0.0, Diff: 0.0, Sum: 0.0]
      [GC Worker Other (ms): Min: 0.1, Avg: 0.2, Max: 0.3, Diff: 0.2, Sum: 0.4]
      [GC Worker Total (ms): Min: 454.5, Avg: 454.8, Max: 455.1, Diff: 0.5, Sum: 909.6]
      [GC Worker End (ms): Min: 26651003.8, Avg: 26651003.8, Max: 26651003.9, Diff: 0.0]
   [Code Root Fixup: 0.0 ms]
   [Clear CT: 0.8 ms]
   [Other: 12.2 ms]
      [Choose CSet: 0.0 ms]
      [Ref Proc: 6.0 ms]
      [Ref Enq: 0.1 ms]
      [Free CSet: 3.9 ms]
   [Eden: 952.0M(952.0M)->0.0B(914.0M) Survivors: 72.0M->110.0M Heap: 2239.4M(3072.0M)->1354.3M(3072.0M)]
 [Times: user=0.92 sys=0.00, real=0.47 secs] 
26655.693: [GC pause (young)
Desired survivor size 67108864 bytes, new threshold 1 (max 32)
- age   1:   85144608 bytes,   85144608 total
- age   2:   23667616 bytes,  108812224 total
, 0.4105220 secs]
   [Parallel Time: 400.9 ms, GC Workers: 2]
      [GC Worker Start (ms): Min: 26655693.8, Avg: 26655693.8, Max: 26655693.9, Diff: 0.0]
      [Ext Root Scanning (ms): Min: 43.6, Avg: 54.3, Max: 65.0, Diff: 21.4, Sum: 108.5]
      [Update RS (ms): Min: 40.6, Avg: 50.1, Max: 59.7, Diff: 19.1, Sum: 100.3]
         [Processed Buffers: Min: 134, Avg: 161.5, Max: 189, Diff: 55, Sum: 323]
      [Scan RS (ms): Min: 37.4, Avg: 37.5, Max: 37.6, Diff: 0.2, Sum: 75.1]
      [Object Copy (ms): Min: 257.7, Avg: 258.7, Max: 259.7, Diff: 1.9, Sum: 517.4]
      [Termination (ms): Min: 0.0, Avg: 0.0, Max: 0.0, Diff: 0.0, Sum: 0.0]
      [GC Worker Other (ms): Min: 0.1, Avg: 0.1, Max: 0.2, Diff: 0.1, Sum: 0.3]
      [GC Worker Total (ms): Min: 400.7, Avg: 400.8, Max: 400.8, Diff: 0.1, Sum: 801.5]
      [GC Worker End (ms): Min: 26656094.6, Avg: 26656094.6, Max: 26656094.6, Diff: 0.0]
   [Code Root Fixup: 0.0 ms]
   [Clear CT: 0.7 ms]
   [Other: 8.9 ms]
      [Choose CSet: 0.0 ms]
      [Ref Proc: 4.1 ms]
      [Ref Enq: 0.1 ms]
      [Free CSet: 2.6 ms]
   [Eden: 914.0M(914.0M)->0.0B(961.0M) Survivors: 110.0M->63.0M Heap: 2296.3M(3072.0M)->1387.3M(3072.0M)]
 [Times: user=0.81 sys=0.00, real=0.41 secs] 
26660.171: [GC pause (young) (initial-mark)
Desired survivor size 67108864 bytes, new threshold 16 (max 32)
- age   1:   60618200 bytes,   60618200 total
, 0.3279240 secs]
   [Parallel Time: 317.6 ms, GC Workers: 2]
      [GC Worker Start (ms): Min: 26660173.2, Avg: 26660173.2, Max: 26660173.2, Diff: 0.0]
      [Ext Root Scanning (ms): Min: 46.6, Avg: 57.3, Max: 68.1, Diff: 21.5, Sum: 114.7]
      [Update RS (ms): Min: 24.8, Avg: 36.4, Max: 48.0, Diff: 23.2, Sum: 72.8]
         [Processed Buffers: Min: 145, Avg: 146.5, Max: 148, Diff: 3, Sum: 293]
      [Scan RS (ms): Min: 33.1, Avg: 33.2, Max: 33.2, Diff: 0.1, Sum: 66.4]
      [Object Copy (ms): Min: 189.4, Avg: 190.4, Max: 191.4, Diff: 2.0, Sum: 380.7]
      [Termination (ms): Min: 0.0, Avg: 0.0, Max: 0.0, Diff: 0.0, Sum: 0.0]
      [GC Worker Other (ms): Min: 0.1, Avg: 0.2, Max: 0.3, Diff: 0.2, Sum: 0.4]
      [GC Worker Total (ms): Min: 317.5, Avg: 317.5, Max: 317.5, Diff: 0.0, Sum: 634.9]
      [GC Worker End (ms): Min: 26660490.7, Avg: 26660490.7, Max: 26660490.7, Diff: 0.0]
   [Code Root Fixup: 0.0 ms]
   [Clear CT: 0.9 ms]
   [Other: 9.5 ms]
      [Choose CSet: 0.0 ms]
      [Ref Proc: 4.1 ms]
      [Ref Enq: 0.1 ms]
      [Free CSet: 2.7 ms]
   [Eden: 648.0M(961.0M)->0.0B(947.0M) Survivors: 63.0M->77.0M Heap: 2034.6M(3072.0M)->1401.8M(3072.0M)]
 [Times: user=0.64 sys=0.01, real=0.33 secs] 
26660.500: [GC concurrent-root-region-scan-start]
26660.762: [GC concurrent-root-region-scan-end, 0.2626770 secs]
26660.762: [GC concurrent-mark-start]
26662.200: [GC concurrent-mark-end, 1.4379740 secs]
26662.203: [GC remark 26662.205: [GC ref-proc, 0.0680680 secs], 0.1339710 secs]
 [Times: user=0.13 sys=0.00, real=0.14 secs] 
26662.339: [GC cleanup 1607M->1312M(3072M), 0.0259320 secs]
 [Times: user=0.05 sys=0.00, real=0.02 secs] 
26662.365: [GC concurrent-cleanup-start]
26662.366: [GC concurrent-cleanup-end, 0.0007460 secs]
26666.250: [GC pause (young)
Desired survivor size 67108864 bytes, new threshold 2 (max 32)
- age   1:   32103176 bytes,   32103176 total
- age   2:   44720008 bytes,   76823184 total
, 0.3758940 secs]
   [Parallel Time: 363.4 ms, GC Workers: 2]
      [GC Worker Start (ms): Min: 26666251.7, Avg: 26666251.7, Max: 26666251.7, Diff: 0.0]
      [Ext Root Scanning (ms): Min: 50.3, Avg: 59.1, Max: 68.0, Diff: 17.8, Sum: 118.3]
      [Update RS (ms): Min: 30.8, Avg: 42.0, Max: 53.3, Diff: 22.5, Sum: 84.0]
         [Processed Buffers: Min: 74, Avg: 157.5, Max: 241, Diff: 167, Sum: 315]
      [Scan RS (ms): Min: 48.0, Avg: 48.2, Max: 48.5, Diff: 0.4, Sum: 96.5]
      [Object Copy (ms): Min: 211.3, Avg: 213.6, Max: 215.9, Diff: 4.6, Sum: 427.2]
      [Termination (ms): Min: 0.0, Avg: 0.0, Max: 0.0, Diff: 0.0, Sum: 0.0]
      [GC Worker Other (ms): Min: 0.1, Avg: 0.2, Max: 0.4, Diff: 0.3, Sum: 0.5]
      [GC Worker Total (ms): Min: 363.2, Avg: 363.2, Max: 363.2, Diff: 0.0, Sum: 726.5]
      [GC Worker End (ms): Min: 26666614.9, Avg: 26666614.9, Max: 26666614.9, Diff: 0.0]
   [Code Root Fixup: 0.0 ms]
   [Clear CT: 1.1 ms]
   [Other: 11.4 ms]
      [Choose CSet: 0.0 ms]
      [Ref Proc: 4.7 ms]
      [Ref Enq: 0.1 ms]
      [Free CSet: 4.0 ms]
   [Eden: 947.0M(947.0M)->0.0B(967.0M) Survivors: 77.0M->57.0M Heap: 2061.1M(3072.0M)->1134.1M(3072.0M)]
 [Times: user=0.73 sys=0.00, real=0.37 secs] 
26671.929: [GC pause (mixed)
Desired survivor size 67108864 bytes, new threshold 16 (max 32)
- age   1:   35771008 bytes,   35771008 total
- age   2:   19972080 bytes,   55743088 total
, 0.3824230 secs]
   [Parallel Time: 363.3 ms, GC Workers: 2]
      [GC Worker Start (ms): Min: 26671932.2, Avg: 26671932.4, Max: 26671932.6, Diff: 0.4]
      [Ext Root Scanning (ms): Min: 45.2, Avg: 54.7, Max: 64.2, Diff: 19.0, Sum: 109.4]
      [Update RS (ms): Min: 30.0, Avg: 38.4, Max: 46.9, Diff: 16.9, Sum: 76.9]
         [Processed Buffers: Min: 69, Avg: 167.5, Max: 266, Diff: 197, Sum: 335]
      [Scan RS (ms): Min: 94.0, Avg: 94.0, Max: 94.1, Diff: 0.1, Sum: 188.1]
      [Object Copy (ms): Min: 174.4, Avg: 175.5, Max: 176.7, Diff: 2.3, Sum: 351.1]
      [Termination (ms): Min: 0.0, Avg: 0.0, Max: 0.0, Diff: 0.0, Sum: 0.0]
      [GC Worker Other (ms): Min: 0.1, Avg: 0.2, Max: 0.4, Diff: 0.3, Sum: 0.4]
      [GC Worker Total (ms): Min: 362.7, Avg: 362.9, Max: 363.2, Diff: 0.4, Sum: 725.9]
      [GC Worker End (ms): Min: 26672295.3, Avg: 26672295.3, Max: 26672295.3, Diff: 0.0]
   [Code Root Fixup: 0.0 ms]
   [Clear CT: 1.3 ms]
   [Other: 17.8 ms]
      [Choose CSet: 1.9 ms]
      [Ref Proc: 7.0 ms]
      [Ref Enq: 0.1 ms]
      [Free CSet: 6.4 ms]
   [Eden: 967.0M(967.0M)->0.0B(950.0M) Survivors: 57.0M->74.0M Heap: 2147.5M(3072.0M)->963.0M(3072.0M)]
 [Times: user=0.75 sys=0.00, real=0.38 secs] 
26678.327: [GC pause (mixed)
Desired survivor size 67108864 bytes, new threshold 3 (max 32)
- age   1:   34147464 bytes,   34147464 total
- age   2:   21429872 bytes,   55577336 total
- age   3:   17157816 bytes,   72735152 total
, 0.4264490 secs]
   [Parallel Time: 411.7 ms, GC Workers: 2]
      [GC Worker Start (ms): Min: 26678329.4, Avg: 26678329.4, Max: 26678329.4, Diff: 0.0]
      [Ext Root Scanning (ms): Min: 46.9, Avg: 55.9, Max: 64.8, Diff: 17.9, Sum: 111.8]
      [Update RS (ms): Min: 55.6, Avg: 63.2, Max: 70.8, Diff: 15.2, Sum: 126.4]
         [Processed Buffers: Min: 78, Avg: 161.0, Max: 244, Diff: 166, Sum: 322]
      [Scan RS (ms): Min: 85.3, Avg: 85.4, Max: 85.5, Diff: 0.1, Sum: 170.8]
      [Object Copy (ms): Min: 205.6, Avg: 206.8, Max: 208.1, Diff: 2.6, Sum: 413.7]
      [Termination (ms): Min: 0.0, Avg: 0.0, Max: 0.0, Diff: 0.0, Sum: 0.0]
      [GC Worker Other (ms): Min: 0.1, Avg: 0.2, Max: 0.4, Diff: 0.3, Sum: 0.5]
      [GC Worker Total (ms): Min: 411.5, Avg: 411.5, Max: 411.6, Diff: 0.0, Sum: 823.1]
      [GC Worker End (ms): Min: 26678740.9, Avg: 26678740.9, Max: 26678741.0, Diff: 0.0]
   [Code Root Fixup: 0.0 ms]
   [Clear CT: 1.2 ms]
   [Other: 13.5 ms]
      [Choose CSet: 1.2 ms]
      [Ref Proc: 5.2 ms]
      [Ref Enq: 0.1 ms]
      [Free CSet: 4.9 ms]
   [Eden: 950.0M(950.0M)->0.0B(949.0M) Survivors: 74.0M->75.0M Heap: 1934.7M(3072.0M)->911.7M(3072.0M)]
 [Times: user=0.84 sys=0.00, real=0.43 secs] 
26683.930: [GC pause (mixed)
Desired survivor size 67108864 bytes, new threshold 3 (max 32)
- age   1:   30380456 bytes,   30380456 total
- age   2:   25000640 bytes,   55381096 total
- age   3:   19511168 bytes,   74892264 total
, 0.3834600 secs]
   [Parallel Time: 370.9 ms, GC Workers: 2]
      [GC Worker Start (ms): Min: 26683931.8, Avg: 26683931.8, Max: 26683931.8, Diff: 0.1]
      [Ext Root Scanning (ms): Min: 48.2, Avg: 58.2, Max: 68.2, Diff: 20.0, Sum: 116.5]
      [Update RS (ms): Min: 30.5, Avg: 39.4, Max: 48.4, Diff: 18.0, Sum: 78.9]
         [Processed Buffers: Min: 85, Avg: 155.0, Max: 225, Diff: 140, Sum: 310]
      [Scan RS (ms): Min: 58.4, Avg: 58.5, Max: 58.6, Diff: 0.1, Sum: 117.0]
      [Object Copy (ms): Min: 213.5, Avg: 214.3, Max: 215.2, Diff: 1.7, Sum: 428.7]
      [Termination (ms): Min: 0.0, Avg: 0.0, Max: 0.0, Diff: 0.0, Sum: 0.0]
      [GC Worker Other (ms): Min: 0.1, Avg: 0.2, Max: 0.3, Diff: 0.2, Sum: 0.4]
      [GC Worker Total (ms): Min: 370.7, Avg: 370.7, Max: 370.8, Diff: 0.1, Sum: 741.4]
      [GC Worker End (ms): Min: 26684302.5, Avg: 26684302.5, Max: 26684302.5, Diff: 0.0]
   [Code Root Fixup: 0.0 ms]
   [Clear CT: 1.1 ms]
   [Other: 11.4 ms]
      [Choose CSet: 0.1 ms]
      [Ref Proc: 5.5 ms]
      [Ref Enq: 0.1 ms]
      [Free CSet: 3.4 ms]
   [Eden: 949.0M(949.0M)->0.0B(933.0M) Survivors: 75.0M->91.0M Heap: 1899.5M(3072.0M)->977.0M(3072.0M)]
 [Times: user=0.75 sys=0.00, real=0.38 secs] 
26689.536: [GC pause (young)
Desired survivor size 67108864 bytes, new threshold 2 (max 32)
- age   1:   53820160 bytes,   53820160 total
- age   2:   21313288 bytes,   75133448 total
- age   3:   15517416 bytes,   90650864 total
, 0.2995420 secs]
   [Parallel Time: 288.4 ms, GC Workers: 2]
      [GC Worker Start (ms): Min: 26689537.6, Avg: 26689537.6, Max: 26689537.7, Diff: 0.0]
      [Ext Root Scanning (ms): Min: 47.2, Avg: 54.0, Max: 60.8, Diff: 13.6, Sum: 107.9]
      [Update RS (ms): Min: 19.0, Avg: 28.3, Max: 37.5, Diff: 18.5, Sum: 56.5]
         [Processed Buffers: Min: 79, Avg: 161.0, Max: 243, Diff: 164, Sum: 322]
      [Scan RS (ms): Min: 40.3, Avg: 40.4, Max: 40.6, Diff: 0.3, Sum: 80.8]
      [Object Copy (ms): Min: 162.9, Avg: 165.3, Max: 167.8, Diff: 4.9, Sum: 330.7]
      [Termination (ms): Min: 0.0, Avg: 0.0, Max: 0.0, Diff: 0.0, Sum: 0.0]
      [GC Worker Other (ms): Min: 0.1, Avg: 0.3, Max: 0.4, Diff: 0.3, Sum: 0.5]
      [GC Worker Total (ms): Min: 288.2, Avg: 288.3, Max: 288.3, Diff: 0.0, Sum: 576.5]
      [GC Worker End (ms): Min: 26689825.9, Avg: 26689825.9, Max: 26689825.9, Diff: 0.0]
   [Code Root Fixup: 0.0 ms]
   [Clear CT: 0.7 ms]
   [Other: 10.5 ms]
      [Choose CSet: 0.0 ms]
      [Ref Proc: 4.6 ms]
      [Ref Enq: 0.1 ms]
      [Free CSet: 3.4 ms]
   [Eden: 933.0M(933.0M)->0.0B(973.0M) Survivors: 91.0M->51.0M Heap: 1932.7M(3072.0M)->990.2M(3072.0M)]
 [Times: user=0.59 sys=0.00, real=0.30 secs] 
26695.776: [GC pause (young)
Desired survivor size 67108864 bytes, new threshold 16 (max 32)
- age   1:   30807272 bytes,   30807272 total
- age   2:   18759584 bytes,   49566856 total
, 0.3068430 secs]
   [Parallel Time: 294.2 ms, GC Workers: 2]
      [GC Worker Start (ms): Min: 26695777.6, Avg: 26695777.6, Max: 26695777.6, Diff: 0.0]
      [Ext Root Scanning (ms): Min: 48.9, Avg: 55.6, Max: 62.3, Diff: 13.3, Sum: 111.2]
      [Update RS (ms): Min: 22.3, Avg: 31.1, Max: 40.0, Diff: 17.8, Sum: 62.3]
         [Processed Buffers: Min: 112, Avg: 169.0, Max: 226, Diff: 114, Sum: 338]
      [Scan RS (ms): Min: 33.6, Avg: 33.7, Max: 33.8, Diff: 0.2, Sum: 67.3]
      [Object Copy (ms): Min: 171.5, Avg: 173.5, Max: 175.5, Diff: 4.1, Sum: 347.0]
      [Termination (ms): Min: 0.0, Avg: 0.0, Max: 0.0, Diff: 0.0, Sum: 0.0]
      [GC Worker Other (ms): Min: 0.1, Avg: 0.2, Max: 0.3, Diff: 0.2, Sum: 0.3]
      [GC Worker Total (ms): Min: 294.1, Avg: 294.1, Max: 294.1, Diff: 0.0, Sum: 588.2]
      [GC Worker End (ms): Min: 26696071.7, Avg: 26696071.7, Max: 26696071.7, Diff: 0.0]
   [Code Root Fixup: 0.0 ms]
   [Clear CT: 0.8 ms]
   [Other: 11.8 ms]
      [Choose CSet: 0.0 ms]
      [Ref Proc: 6.4 ms]
      [Ref Enq: 0.1 ms]
      [Free CSet: 3.3 ms]
   [Eden: 973.0M(973.0M)->0.0B(943.0M) Survivors: 51.0M->81.0M Heap: 1971.7M(3072.0M)->1029.2M(3072.0M)]
 [Times: user=0.60 sys=0.00, real=0.31 secs] 
26701.232: [GC pause (young)
Desired survivor size 67108864 bytes, new threshold 3 (max 32)
- age   1:   44964696 bytes,   44964696 total
- age   2:   18433400 bytes,   63398096 total
- age   3:   16856080 bytes,   80254176 total
, 0.5444840 secs]
   [Parallel Time: 532.0 ms, GC Workers: 2]
      [GC Worker Start (ms): Min: 26701232.7, Avg: 26701232.8, Max: 26701232.8, Diff: 0.0]
      [Ext Root Scanning (ms): Min: 47.5, Avg: 57.4, Max: 67.2, Diff: 19.7, Sum: 114.7]
      [Update RS (ms): Min: 44.8, Avg: 53.5, Max: 62.1, Diff: 17.3, Sum: 106.9]
         [Processed Buffers: Min: 152, Avg: 184.5, Max: 217, Diff: 65, Sum: 369]
      [Scan RS (ms): Min: 44.3, Avg: 44.3, Max: 44.4, Diff: 0.1, Sum: 88.6]
      [Object Copy (ms): Min: 375.4, Avg: 376.7, Max: 378.0, Diff: 2.6, Sum: 753.4]
      [Termination (ms): Min: 0.0, Avg: 0.0, Max: 0.0, Diff: 0.0, Sum: 0.0]
      [GC Worker Other (ms): Min: 0.1, Avg: 0.1, Max: 0.2, Diff: 0.1, Sum: 0.3]
      [GC Worker Total (ms): Min: 532.0, Avg: 532.0, Max: 532.0, Diff: 0.0, Sum: 1063.9]
      [GC Worker End (ms): Min: 26701764.7, Avg: 26701764.7, Max: 26701764.7, Diff: 0.0]
   [Code Root Fixup: 0.0 ms]
   [Clear CT: 0.7 ms]
   [Other: 11.8 ms]
      [Choose CSet: 0.0 ms]
      [Ref Proc: 6.4 ms]
      [Ref Enq: 0.2 ms]
      [Free CSet: 3.1 ms]
   [Eden: 943.0M(943.0M)->0.0B(896.0M) Survivors: 81.0M->128.0M Heap: 2014.6M(3072.0M)->1145.6M(3072.0M)]
 [Times: user=1.07 sys=0.00, real=0.55 secs] 
26707.575: [GC pause (young)
Desired survivor size 67108864 bytes, new threshold 1 (max 32)
- age   1:   97589400 bytes,   97589400 total
- age   2:   31689560 bytes,  129278960 total
- age   3:   11694104 bytes,  140973064 total
, 0.6070500 secs]
   [Parallel Time: 594.5 ms, GC Workers: 2]
      [GC Worker Start (ms): Min: 26707575.9, Avg: 26707575.9, Max: 26707575.9, Diff: 0.0]
      [Ext Root Scanning (ms): Min: 46.1, Avg: 55.7, Max: 65.2, Diff: 19.1, Sum: 111.3]
      [Update RS (ms): Min: 72.2, Avg: 80.3, Max: 88.4, Diff: 16.2, Sum: 160.6]
         [Processed Buffers: Min: 139, Avg: 170.0, Max: 201, Diff: 62, Sum: 340]
      [Scan RS (ms): Min: 60.3, Avg: 60.4, Max: 60.5, Diff: 0.3, Sum: 120.8]
      [Object Copy (ms): Min: 396.3, Avg: 398.0, Max: 399.6, Diff: 3.4, Sum: 795.9]
      [Termination (ms): Min: 0.0, Avg: 0.0, Max: 0.0, Diff: 0.0, Sum: 0.0]
      [GC Worker Other (ms): Min: 0.1, Avg: 0.2, Max: 0.3, Diff: 0.2, Sum: 0.3]
      [GC Worker Total (ms): Min: 594.4, Avg: 594.5, Max: 594.5, Diff: 0.0, Sum: 1188.9]
      [GC Worker End (ms): Min: 26708170.4, Avg: 26708170.4, Max: 26708170.4, Diff: 0.0]
   [Code Root Fixup: 0.0 ms]
   [Clear CT: 1.2 ms]
   [Other: 11.3 ms]
      [Choose CSet: 0.0 ms]
      [Ref Proc: 4.6 ms]
      [Ref Enq: 0.2 ms]
      [Free CSet: 3.3 ms]
   [Eden: 896.0M(896.0M)->0.0B(966.0M) Survivors: 128.0M->58.0M Heap: 2068.3M(3072.0M)->1215.3M(3072.0M)]
 [Times: user=1.20 sys=0.00, real=0.60 secs] 
26714.126: [GC pause (young)
Desired survivor size 67108864 bytes, new threshold 16 (max 32)
- age   1:   56470632 bytes,   56470632 total
, 0.3595660 secs]
   [Parallel Time: 348.2 ms, GC Workers: 2]
      [GC Worker Start (ms): Min: 26714127.6, Avg: 26714127.6, Max: 26714127.6, Diff: 0.0]
      [Ext Root Scanning (ms): Min: 47.6, Avg: 54.6, Max: 61.7, Diff: 14.1, Sum: 109.3]
      [Update RS (ms): Min: 49.6, Avg: 59.1, Max: 68.7, Diff: 19.1, Sum: 118.3]
         [Processed Buffers: Min: 112, Avg: 161.5, Max: 211, Diff: 99, Sum: 323]
      [Scan RS (ms): Min: 60.4, Avg: 60.5, Max: 60.5, Diff: 0.1, Sum: 120.9]
      [Object Copy (ms): Min: 171.3, Avg: 173.6, Max: 175.9, Diff: 4.6, Sum: 347.1]
      [Termination (ms): Min: 0.0, Avg: 0.0, Max: 0.0, Diff: 0.0, Sum: 0.0]
      [GC Worker Other (ms): Min: 0.1, Avg: 0.2, Max: 0.4, Diff: 0.3, Sum: 0.5]
      [GC Worker Total (ms): Min: 348.0, Avg: 348.0, Max: 348.1, Diff: 0.0, Sum: 696.1]
      [GC Worker End (ms): Min: 26714475.6, Avg: 26714475.6, Max: 26714475.6, Diff: 0.0]
   [Code Root Fixup: 0.0 ms]
   [Clear CT: 0.6 ms]
   [Other: 10.7 ms]
      [Choose CSet: 0.0 ms]
      [Ref Proc: 3.6 ms]
      [Ref Enq: 0.1 ms]
      [Free CSet: 4.8 ms]
   [Eden: 966.0M(966.0M)->0.0B(950.0M) Survivors: 58.0M->74.0M Heap: 2214.5M(3072.0M)->1265.0M(3072.0M)]
 [Times: user=0.70 sys=0.00, real=0.36 secs] 
26720.704: [GC pause (young)
Desired survivor size 67108864 bytes, new threshold 2 (max 32)
- age   1:   44292168 bytes,   44292168 total
- age   2:   30042008 bytes,   74334176 total
, 0.4328790 secs]
   [Parallel Time: 419.9 ms, GC Workers: 2]
      [GC Worker Start (ms): Min: 26720705.9, Avg: 26720705.9, Max: 26720705.9, Diff: 0.0]
      [Ext Root Scanning (ms): Min: 51.7, Avg: 57.1, Max: 62.4, Diff: 10.7, Sum: 114.1]
      [Update RS (ms): Min: 59.5, Avg: 66.8, Max: 74.2, Diff: 14.7, Sum: 133.7]
         [Processed Buffers: Min: 131, Avg: 160.5, Max: 190, Diff: 59, Sum: 321]
      [Scan RS (ms): Min: 65.9, Avg: 66.0, Max: 66.1, Diff: 0.2, Sum: 132.0]
      [Object Copy (ms): Min: 227.6, Avg: 229.7, Max: 231.8, Diff: 4.2, Sum: 459.4]
      [Termination (ms): Min: 0.0, Avg: 0.0, Max: 0.0, Diff: 0.0, Sum: 0.0]
      [GC Worker Other (ms): Min: 0.1, Avg: 0.3, Max: 0.5, Diff: 0.4, Sum: 0.5]
      [GC Worker Total (ms): Min: 419.8, Avg: 419.8, Max: 419.8, Diff: 0.0, Sum: 839.6]
      [GC Worker End (ms): Min: 26721125.7, Avg: 26721125.7, Max: 26721125.7, Diff: 0.0]
   [Code Root Fixup: 0.0 ms]
   [Clear CT: 0.8 ms]
   [Other: 12.1 ms]
      [Choose CSet: 0.0 ms]
      [Ref Proc: 4.4 ms]
      [Ref Enq: 0.1 ms]
      [Free CSet: 4.5 ms]
   [Eden: 950.0M(950.0M)->0.0B(955.0M) Survivors: 74.0M->69.0M Heap: 2217.0M(3072.0M)->1290.0M(3072.0M)]
 [Times: user=0.85 sys=0.00, real=0.44 secs] 
26727.484: [GC pause (young)
Desired survivor size 67108864 bytes, new threshold 2 (max 32)
- age   1:   34581752 bytes,   34581752 total
- age   2:   33267168 bytes,   67848920 total
, 0.3930820 secs]
   [Parallel Time: 378.3 ms, GC Workers: 2]
      [GC Worker Start (ms): Min: 26727485.7, Avg: 26727485.7, Max: 26727485.7, Diff: 0.0]
      [Ext Root Scanning (ms): Min: 51.2, Avg: 56.1, Max: 61.1, Diff: 9.9, Sum: 112.3]
      [Update RS (ms): Min: 31.7, Avg: 38.7, Max: 45.7, Diff: 14.0, Sum: 77.4]
         [Processed Buffers: Min: 93, Avg: 158.0, Max: 223, Diff: 130, Sum: 316]
      [Scan RS (ms): Min: 70.7, Avg: 70.8, Max: 70.9, Diff: 0.1, Sum: 141.6]
      [Object Copy (ms): Min: 210.4, Avg: 212.3, Max: 214.3, Diff: 3.9, Sum: 424.7]
      [Termination (ms): Min: 0.0, Avg: 0.0, Max: 0.0, Diff: 0.0, Sum: 0.0]
      [GC Worker Other (ms): Min: 0.1, Avg: 0.3, Max: 0.4, Diff: 0.3, Sum: 0.5]
      [GC Worker Total (ms): Min: 378.2, Avg: 378.2, Max: 378.3, Diff: 0.0, Sum: 756.5]
      [GC Worker End (ms): Min: 26727864.0, Avg: 26727864.0, Max: 26727864.0, Diff: 0.0]
   [Code Root Fixup: 0.0 ms]
   [Clear CT: 0.7 ms]
   [Other: 14.0 ms]
      [Choose CSet: 0.0 ms]
      [Ref Proc: 6.3 ms]
      [Ref Enq: 0.1 ms]
      [Free CSet: 4.8 ms]
   [Eden: 955.0M(955.0M)->0.0B(956.0M) Survivors: 69.0M->68.0M Heap: 2250.9M(3072.0M)->1321.6M(3072.0M)]
 [Times: user=0.77 sys=0.00, real=0.39 secs] 
26731.197: [GC pause (young) (initial-mark)
Desired survivor size 67108864 bytes, new threshold 16 (max 32)
- age   1:   39678232 bytes,   39678232 total
- age   2:   25598888 bytes,   65277120 total
, 0.3794470 secs]
   [Parallel Time: 370.0 ms, GC Workers: 2]
      [GC Worker Start (ms): Min: 26731198.3, Avg: 26731198.3, Max: 26731198.3, Diff: 0.0]
      [Ext Root Scanning (ms): Min: 52.8, Avg: 59.2, Max: 65.5, Diff: 12.8, Sum: 118.3]
      [Update RS (ms): Min: 31.5, Avg: 42.8, Max: 54.1, Diff: 22.6, Sum: 85.6]
         [Processed Buffers: Min: 175, Avg: 178.0, Max: 181, Diff: 6, Sum: 356]
      [Scan RS (ms): Min: 63.1, Avg: 63.3, Max: 63.4, Diff: 0.3, Sum: 126.5]
      [Object Copy (ms): Min: 199.5, Avg: 204.4, Max: 209.3, Diff: 9.8, Sum: 408.8]
      [Termination (ms): Min: 0.0, Avg: 0.0, Max: 0.0, Diff: 0.0, Sum: 0.0]
      [GC Worker Other (ms): Min: 0.1, Avg: 0.2, Max: 0.4, Diff: 0.3, Sum: 0.5]
      [GC Worker Total (ms): Min: 369.8, Avg: 369.8, Max: 369.9, Diff: 0.1, Sum: 739.7]
      [GC Worker End (ms): Min: 26731568.1, Avg: 26731568.1, Max: 26731568.1, Diff: 0.0]
   [Code Root Fixup: 0.0 ms]
   [Clear CT: 1.0 ms]
   [Other: 8.5 ms]
      [Choose CSet: 0.0 ms]
      [Ref Proc: 2.6 ms]
      [Ref Enq: 0.0 ms]
      [Free CSet: 3.4 ms]
   [Eden: 666.0M(956.0M)->0.0B(941.0M) Survivors: 68.0M->83.0M Heap: 1995.1M(3072.0M)->1344.7M(3072.0M)]
 [Times: user=0.74 sys=0.00, real=0.38 secs] 
26731.577: [GC concurrent-root-region-scan-start]
26731.885: [GC concurrent-root-region-scan-end, 0.3084880 secs]
26731.885: [GC concurrent-mark-start]
26734.534: [GC concurrent-mark-end, 2.6485620 secs]
26734.535: [GC remark 26734.537: [GC ref-proc, 0.5680210 secs], 0.6374300 secs]
 [Times: user=0.65 sys=0.00, real=0.64 secs] 
26735.175: [GC cleanup 1868M->1582M(3072M), 0.0249410 secs]
 [Times: user=0.05 sys=0.01, real=0.03 secs] 
26735.201: [GC concurrent-cleanup-start]
26735.202: [GC concurrent-cleanup-end, 0.0007170 secs]
26737.644: [GC pause (young)
Desired survivor size 67108864 bytes, new threshold 3 (max 32)
- age   1:   30159776 bytes,   30159776 total
- age   2:   30127904 bytes,   60287680 total
- age   3:   24138704 bytes,   84426384 total
, 0.4388340 secs]
   [Parallel Time: 426.2 ms, GC Workers: 2]
      [GC Worker Start (ms): Min: 26737645.5, Avg: 26737645.5, Max: 26737645.5, Diff: 0.0]
      [Ext Root Scanning (ms): Min: 57.8, Avg: 63.0, Max: 68.1, Diff: 10.3, Sum: 126.0]
      [Update RS (ms): Min: 38.2, Avg: 45.6, Max: 53.0, Diff: 14.9, Sum: 91.2]
         [Processed Buffers: Min: 139, Avg: 152.5, Max: 166, Diff: 27, Sum: 305]
      [Scan RS (ms): Min: 77.5, Avg: 77.6, Max: 77.7, Diff: 0.2, Sum: 155.2]
      [Object Copy (ms): Min: 237.2, Avg: 239.7, Max: 242.2, Diff: 5.0, Sum: 479.4]
      [Termination (ms): Min: 0.0, Avg: 0.0, Max: 0.0, Diff: 0.0, Sum: 0.0]
      [GC Worker Other (ms): Min: 0.1, Avg: 0.2, Max: 0.3, Diff: 0.2, Sum: 0.4]
      [GC Worker Total (ms): Min: 426.1, Avg: 426.1, Max: 426.1, Diff: 0.0, Sum: 852.2]
      [GC Worker End (ms): Min: 26738071.6, Avg: 26738071.6, Max: 26738071.6, Diff: 0.0]
   [Code Root Fixup: 0.0 ms]
   [Clear CT: 0.8 ms]
   [Other: 11.9 ms]
      [Choose CSet: 0.0 ms]
      [Ref Proc: 5.6 ms]
      [Ref Enq: 0.1 ms]
      [Free CSet: 3.9 ms]
   [Eden: 941.0M(941.0M)->0.0B(933.0M) Survivors: 83.0M->91.0M Heap: 2055.5M(3072.0M)->1144.3M(3072.0M)]
 [Times: user=0.87 sys=0.00, real=0.44 secs] 
26742.806: [GC pause (mixed)
Desired survivor size 67108864 bytes, new threshold 2 (max 32)
- age   1:   52332192 bytes,   52332192 total
- age   2:   16100440 bytes,   68432632 total
- age   3:   23265608 bytes,   91698240 total
, 0.4750380 secs]
   [Parallel Time: 457.6 ms, GC Workers: 2]
      [GC Worker Start (ms): Min: 26742807.7, Avg: 26742807.7, Max: 26742807.8, Diff: 0.0]
      [Ext Root Scanning (ms): Min: 48.2, Avg: 55.9, Max: 63.6, Diff: 15.4, Sum: 111.8]
      [Update RS (ms): Min: 8.5, Avg: 18.1, Max: 27.8, Diff: 19.2, Sum: 36.3]
         [Processed Buffers: Min: 143, Avg: 207.0, Max: 271, Diff: 128, Sum: 414]
      [Scan RS (ms): Min: 75.5, Avg: 75.5, Max: 75.5, Diff: 0.1, Sum: 151.0]
      [Object Copy (ms): Min: 305.6, Avg: 307.6, Max: 309.6, Diff: 4.0, Sum: 615.2]
      [Termination (ms): Min: 0.0, Avg: 0.0, Max: 0.0, Diff: 0.0, Sum: 0.0]
      [GC Worker Other (ms): Min: 0.1, Avg: 0.3, Max: 0.4, Diff: 0.3, Sum: 0.5]
      [GC Worker Total (ms): Min: 457.4, Avg: 457.4, Max: 457.4, Diff: 0.0, Sum: 914.9]
      [GC Worker End (ms): Min: 26743265.2, Avg: 26743265.2, Max: 26743265.2, Diff: 0.0]
   [Code Root Fixup: 0.0 ms]
   [Clear CT: 0.9 ms]
   [Other: 16.6 ms]
      [Choose CSet: 0.4 ms]
      [Ref Proc: 8.4 ms]
      [Ref Enq: 0.1 ms]
      [Free CSet: 5.0 ms]
   [Eden: 933.0M(933.0M)->0.0B(925.0M) Survivors: 91.0M->99.0M Heap: 2122.0M(3072.0M)->1160.0M(3072.0M)]
 [Times: user=0.94 sys=0.00, real=0.48 secs] 
26749.884: [GC pause (mixed)
Desired survivor size 67108864 bytes, new threshold 2 (max 32)
- age   1:   66592608 bytes,   66592608 total
- age   2:   32438984 bytes,   99031592 total
, 0.3866120 secs]
   [Parallel Time: 369.8 ms, GC Workers: 2]
      [GC Worker Start (ms): Min: 26749886.8, Avg: 26749886.8, Max: 26749886.8, Diff: 0.0]
      [Ext Root Scanning (ms): Min: 52.1, Avg: 58.4, Max: 64.7, Diff: 12.6, Sum: 116.7]
      [Update RS (ms): Min: 47.2, Avg: 56.2, Max: 65.1, Diff: 17.9, Sum: 112.4]
         [Processed Buffers: Min: 136, Avg: 161.5, Max: 187, Diff: 51, Sum: 323]
      [Scan RS (ms): Min: 79.0, Avg: 79.0, Max: 79.0, Diff: 0.1, Sum: 158.0]
      [Object Copy (ms): Min: 173.4, Avg: 175.9, Max: 178.4, Diff: 5.0, Sum: 351.8]
      [Termination (ms): Min: 0.0, Avg: 0.0, Max: 0.0, Diff: 0.0, Sum: 0.0]
      [GC Worker Other (ms): Min: 0.1, Avg: 0.2, Max: 0.3, Diff: 0.2, Sum: 0.4]
      [GC Worker Total (ms): Min: 369.7, Avg: 369.7, Max: 369.7, Diff: 0.0, Sum: 739.3]
      [GC Worker End (ms): Min: 26750256.5, Avg: 26750256.5, Max: 26750256.5, Diff: 0.0]
   [Code Root Fixup: 0.0 ms]
   [Clear CT: 1.0 ms]
   [Other: 15.8 ms]
      [Choose CSet: 0.9 ms]
      [Ref Proc: 7.9 ms]
      [Ref Enq: 0.1 ms]
      [Free CSet: 4.5 ms]
   [Eden: 925.0M(925.0M)->0.0B(969.0M) Survivors: 99.0M->55.0M Heap: 2110.2M(3072.0M)->1091.2M(3072.0M)]
 [Times: user=0.75 sys=0.01, real=0.38 secs] 
26757.160: [GC pause (mixed)
Desired survivor size 67108864 bytes, new threshold 16 (max 32)
- age   1:   32573544 bytes,   32573544 total
- age   2:   19896248 bytes,   52469792 total
, 0.3352760 secs]
   [Parallel Time: 323.2 ms, GC Workers: 2]
      [GC Worker Start (ms): Min: 26757161.9, Avg: 26757162.0, Max: 26757162.0, Diff: 0.0]
      [Ext Root Scanning (ms): Min: 48.0, Avg: 55.1, Max: 62.1, Diff: 14.0, Sum: 110.1]
      [Update RS (ms): Min: 30.2, Avg: 39.3, Max: 48.4, Diff: 18.2, Sum: 78.7]
         [Processed Buffers: Min: 144, Avg: 160.5, Max: 177, Diff: 33, Sum: 321]
      [Scan RS (ms): Min: 58.3, Avg: 58.3, Max: 58.3, Diff: 0.0, Sum: 116.7]
      [Object Copy (ms): Min: 167.9, Avg: 170.1, Max: 172.3, Diff: 4.4, Sum: 340.2]
      [Termination (ms): Min: 0.0, Avg: 0.0, Max: 0.0, Diff: 0.0, Sum: 0.0]
      [GC Worker Other (ms): Min: 0.1, Avg: 0.2, Max: 0.3, Diff: 0.2, Sum: 0.4]
      [GC Worker Total (ms): Min: 323.0, Avg: 323.1, Max: 323.1, Diff: 0.0, Sum: 646.1]
      [GC Worker End (ms): Min: 26757485.0, Avg: 26757485.0, Max: 26757485.0, Diff: 0.0]
   [Code Root Fixup: 0.0 ms]
   [Clear CT: 1.0 ms]
   [Other: 11.1 ms]
      [Choose CSet: 0.4 ms]
      [Ref Proc: 4.4 ms]
      [Ref Enq: 0.1 ms]
      [Free CSet: 4.1 ms]
   [Eden: 969.0M(969.0M)->0.0B(949.0M) Survivors: 55.0M->75.0M Heap: 2067.0M(3072.0M)->1103.0M(3072.0M)]
 [Times: user=0.66 sys=0.00, real=0.34 secs] 
26763.338: [GC pause (young)
Desired survivor size 67108864 bytes, new threshold 3 (max 32)
- age   1:   37847688 bytes,   37847688 total
- age   2:   21091368 bytes,   58939056 total
- age   3:   17148680 bytes,   76087736 total
, 0.4011320 secs]
   [Parallel Time: 387.5 ms, GC Workers: 2]
      [GC Worker Start (ms): Min: 26763339.5, Avg: 26763339.5, Max: 26763339.5, Diff: 0.0]
      [Ext Root Scanning (ms): Min: 45.9, Avg: 56.6, Max: 67.3, Diff: 21.4, Sum: 113.2]
      [Update RS (ms): Min: 55.8, Avg: 65.4, Max: 75.0, Diff: 19.2, Sum: 130.8]
         [Processed Buffers: Min: 178, Avg: 194.0, Max: 210, Diff: 32, Sum: 388]
      [Scan RS (ms): Min: 58.4, Avg: 58.5, Max: 58.6, Diff: 0.2, Sum: 117.0]
      [Object Copy (ms): Min: 205.6, Avg: 206.7, Max: 207.8, Diff: 2.2, Sum: 413.4]
      [Termination (ms): Min: 0.0, Avg: 0.0, Max: 0.0, Diff: 0.0, Sum: 0.0]
      [GC Worker Other (ms): Min: 0.1, Avg: 0.2, Max: 0.4, Diff: 0.3, Sum: 0.4]
      [GC Worker Total (ms): Min: 387.4, Avg: 387.4, Max: 387.4, Diff: 0.0, Sum: 774.8]
      [GC Worker End (ms): Min: 26763726.9, Avg: 26763726.9, Max: 26763726.9, Diff: 0.0]
   [Code Root Fixup: 0.0 ms]
   [Clear CT: 1.0 ms]
   [Other: 12.6 ms]
      [Choose CSet: 0.0 ms]
      [Ref Proc: 6.2 ms]
      [Ref Enq: 0.1 ms]
      [Free CSet: 3.7 ms]
   [Eden: 949.0M(949.0M)->0.0B(949.0M) Survivors: 75.0M->75.0M Heap: 2093.9M(3072.0M)->1160.9M(3072.0M)]
 [Times: user=0.79 sys=0.00, real=0.40 secs] 
26769.959: [GC pause (young)
Desired survivor size 67108864 bytes, new threshold 3 (max 32)
- age   1:   35876472 bytes,   35876472 total
- age   2:   20952768 bytes,   56829240 total
- age   3:   18290408 bytes,   75119648 total
, 0.4108440 secs]
   [Parallel Time: 395.6 ms, GC Workers: 2]
      [GC Worker Start (ms): Min: 26769961.1, Avg: 26769961.1, Max: 26769961.1, Diff: 0.0]
      [Ext Root Scanning (ms): Min: 46.2, Avg: 56.7, Max: 67.3, Diff: 21.1, Sum: 113.5]
      [Update RS (ms): Min: 53.1, Avg: 62.5, Max: 71.9, Diff: 18.8, Sum: 125.0]
         [Processed Buffers: Min: 144, Avg: 153.0, Max: 162, Diff: 18, Sum: 306]
      [Scan RS (ms): Min: 64.3, Avg: 64.4, Max: 64.5, Diff: 0.2, Sum: 128.8]
      [Object Copy (ms): Min: 210.7, Avg: 211.6, Max: 212.6, Diff: 1.9, Sum: 423.3]
      [Termination (ms): Min: 0.0, Avg: 0.0, Max: 0.0, Diff: 0.0, Sum: 0.0]
      [GC Worker Other (ms): Min: 0.1, Avg: 0.2, Max: 0.3, Diff: 0.2, Sum: 0.4]
      [GC Worker Total (ms): Min: 395.5, Avg: 395.5, Max: 395.5, Diff: 0.0, Sum: 791.0]
      [GC Worker End (ms): Min: 26770356.6, Avg: 26770356.6, Max: 26770356.6, Diff: 0.0]
   [Code Root Fixup: 0.0 ms]
   [Clear CT: 0.9 ms]
   [Other: 14.4 ms]
      [Choose CSet: 0.0 ms]
      [Ref Proc: 6.8 ms]
      [Ref Enq: 0.2 ms]
      [Free CSet: 4.4 ms]
   [Eden: 949.0M(949.0M)->0.0B(947.0M) Survivors: 75.0M->77.0M Heap: 2111.9M(3072.0M)->1180.4M(3072.0M)]
 [Times: user=0.80 sys=0.00, real=0.41 secs] 
26775.967: [GC pause (young)
Desired survivor size 67108864 bytes, new threshold 3 (max 32)
- age   1:   38725704 bytes,   38725704 total
- age   2:   22024832 bytes,   60750536 total
- age   3:   15682536 bytes,   76433072 total
, 0.3592410 secs]
   [Parallel Time: 348.6 ms, GC Workers: 2]
      [GC Worker Start (ms): Min: 26775968.0, Avg: 26775968.0, Max: 26775968.0, Diff: 0.0]
      [Ext Root Scanning (ms): Min: 45.0, Avg: 55.3, Max: 65.7, Diff: 20.7, Sum: 110.7]
      [Update RS (ms): Min: 31.4, Avg: 40.7, Max: 50.0, Diff: 18.6, Sum: 81.3]
         [Processed Buffers: Min: 113, Avg: 152.0, Max: 191, Diff: 78, Sum: 304]
      [Scan RS (ms): Min: 80.2, Avg: 80.2, Max: 80.2, Diff: 0.1, Sum: 160.4]
      [Object Copy (ms): Min: 170.9, Avg: 172.0, Max: 173.2, Diff: 2.3, Sum: 344.0]
      [Termination (ms): Min: 0.0, Avg: 0.0, Max: 0.0, Diff: 0.0, Sum: 0.0]
      [GC Worker Other (ms): Min: 0.1, Avg: 0.2, Max: 0.3, Diff: 0.2, Sum: 0.4]
      [GC Worker Total (ms): Min: 348.4, Avg: 348.4, Max: 348.4, Diff: 0.0, Sum: 696.8]
      [GC Worker End (ms): Min: 26776316.4, Avg: 26776316.4, Max: 26776316.4, Diff: 0.0]
   [Code Root Fixup: 0.0 ms]
   [Clear CT: 0.8 ms]
   [Other: 9.8 ms]
      [Choose CSet: 0.0 ms]
      [Ref Proc: 4.1 ms]
      [Ref Enq: 0.1 ms]
      [Free CSet: 3.4 ms]
   [Eden: 873.0M(947.0M)->0.0B(959.0M) Survivors: 77.0M->65.0M Heap: 2107.4M(3072.0M)->1234.4M(3072.0M)]
 [Times: user=0.70 sys=0.00, real=0.36 secs] 
26782.046: [GC pause (young)
Desired survivor size 67108864 bytes, new threshold 16 (max 32)
- age   1:   33680264 bytes,   33680264 total
- age   2:   17467280 bytes,   51147544 total
- age   3:   14575088 bytes,   65722632 total
, 0.4892240 secs]
   [Parallel Time: 479.5 ms, GC Workers: 2]
      [GC Worker Start (ms): Min: 26782046.7, Avg: 26782046.7, Max: 26782046.7, Diff: 0.0]
      [Ext Root Scanning (ms): Min: 47.7, Avg: 54.9, Max: 62.1, Diff: 14.4, Sum: 109.8]
      [Update RS (ms): Min: 32.3, Avg: 41.8, Max: 51.4, Diff: 19.1, Sum: 83.7]
         [Processed Buffers: Min: 120, Avg: 157.5, Max: 195, Diff: 75, Sum: 315]
      [Scan RS (ms): Min: 61.8, Avg: 62.0, Max: 62.1, Diff: 0.2, Sum: 123.9]
      [Object Copy (ms): Min: 318.0, Avg: 320.5, Max: 322.9, Diff: 4.9, Sum: 641.0]
      [Termination (ms): Min: 0.0, Avg: 0.0, Max: 0.0, Diff: 0.0, Sum: 0.0]
      [GC Worker Other (ms): Min: 0.1, Avg: 0.1, Max: 0.2, Diff: 0.0, Sum: 0.3]
      [GC Worker Total (ms): Min: 479.3, Avg: 479.4, Max: 479.4, Diff: 0.0, Sum: 958.7]
      [GC Worker End (ms): Min: 26782526.1, Avg: 26782526.1, Max: 26782526.1, Diff: 0.0]
   [Code Root Fixup: 0.0 ms]
   [Clear CT: 0.8 ms]
   [Other: 9.0 ms]
      [Choose CSet: 0.0 ms]
      [Ref Proc: 5.3 ms]
      [Ref Enq: 0.1 ms]
      [Free CSet: 2.2 ms]
   [Eden: 959.0M(959.0M)->0.0B(896.0M) Survivors: 65.0M->128.0M Heap: 2212.4M(3072.0M)->1329.4M(3072.0M)]
 [Times: user=0.97 sys=0.00, real=0.49 secs] 
26787.048: [GC pause (young)
Desired survivor size 67108864 bytes, new threshold 1 (max 32)
- age   1:   90916192 bytes,   90916192 total
- age   2:   23519608 bytes,  114435800 total
- age   3:   15255360 bytes,  129691160 total
- age   4:   13412016 bytes,  143103176 total
, 0.4739040 secs]
   [Parallel Time: 464.8 ms, GC Workers: 2]
      [GC Worker Start (ms): Min: 26787048.9, Avg: 26787048.9, Max: 26787048.9, Diff: 0.0]
      [Ext Root Scanning (ms): Min: 49.1, Avg: 55.4, Max: 61.8, Diff: 12.7, Sum: 110.9]
      [Update RS (ms): Min: 23.1, Avg: 32.1, Max: 41.1, Diff: 18.0, Sum: 64.2]
         [Processed Buffers: Min: 130, Avg: 165.5, Max: 201, Diff: 71, Sum: 331]
      [Scan RS (ms): Min: 65.5, Avg: 65.5, Max: 65.5, Diff: 0.0, Sum: 131.0]
      [Object Copy (ms): Min: 309.0, Avg: 311.5, Max: 314.1, Diff: 5.1, Sum: 623.0]
      [Termination (ms): Min: 0.0, Avg: 0.0, Max: 0.0, Diff: 0.0, Sum: 0.0]
      [GC Worker Other (ms): Min: 0.1, Avg: 0.1, Max: 0.1, Diff: 0.0, Sum: 0.2]
      [GC Worker Total (ms): Min: 464.6, Avg: 464.6, Max: 464.7, Diff: 0.0, Sum: 929.3]
      [GC Worker End (ms): Min: 26787513.6, Avg: 26787513.6, Max: 26787513.6, Diff: 0.0]
   [Code Root Fixup: 0.0 ms]
   [Clear CT: 0.7 ms]
   [Other: 8.4 ms]
      [Choose CSet: 0.0 ms]
      [Ref Proc: 3.3 ms]
      [Ref Enq: 0.1 ms]
      [Free CSet: 2.6 ms]
   [Eden: 896.0M(896.0M)->0.0B(955.0M) Survivors: 128.0M->69.0M Heap: 2238.4M(3072.0M)->1367.9M(3072.0M)]
 [Times: user=0.93 sys=0.00, real=0.47 secs] 
26790.207: [GC pause (young) (initial-mark)
Desired survivor size 67108864 bytes, new threshold 1 (max 32)
- age   1:   69018824 bytes,   69018824 total
, 0.3391110 secs]
   [Parallel Time: 331.3 ms, GC Workers: 2]
      [GC Worker Start (ms): Min: 26790207.8, Avg: 26790207.8, Max: 26790207.8, Diff: 0.0]
      [Ext Root Scanning (ms): Min: 56.0, Avg: 61.6, Max: 67.3, Diff: 11.3, Sum: 123.3]
      [Update RS (ms): Min: 34.9, Avg: 44.9, Max: 54.8, Diff: 19.8, Sum: 89.7]
         [Processed Buffers: Min: 145, Avg: 156.5, Max: 168, Diff: 23, Sum: 313]
      [Scan RS (ms): Min: 10.0, Avg: 10.1, Max: 10.1, Diff: 0.1, Sum: 20.2]
      [Object Copy (ms): Min: 210.3, Avg: 214.5, Max: 218.7, Diff: 8.4, Sum: 429.0]
      [Termination (ms): Min: 0.0, Avg: 0.0, Max: 0.0, Diff: 0.0, Sum: 0.0]
      [GC Worker Other (ms): Min: 0.1, Avg: 0.1, Max: 0.1, Diff: 0.0, Sum: 0.2]
      [GC Worker Total (ms): Min: 331.2, Avg: 331.2, Max: 331.2, Diff: 0.0, Sum: 662.4]
      [GC Worker End (ms): Min: 26790539.0, Avg: 26790539.0, Max: 26790539.0, Diff: 0.0]
   [Code Root Fixup: 0.0 ms]
   [Clear CT: 0.5 ms]
   [Other: 7.3 ms]
      [Choose CSet: 0.0 ms]
      [Ref Proc: 3.8 ms]
      [Ref Enq: 0.0 ms]
      [Free CSet: 1.1 ms]
   [Eden: 497.0M(955.0M)->0.0B(994.0M) Survivors: 69.0M->30.0M Heap: 1864.4M(3072.0M)->1383.9M(3072.0M)]
 [Times: user=0.67 sys=0.00, real=0.34 secs] 
26790.546: [GC concurrent-root-region-scan-start]
26790.698: [GC concurrent-root-region-scan-end, 0.1520780 secs]
26790.698: [GC concurrent-mark-start]
26791.924: [GC concurrent-mark-end, 1.2255970 secs]
26791.926: [GC remark 26791.927: [GC ref-proc, 0.0636870 secs], 0.1288370 secs]
 [Times: user=0.13 sys=0.00, real=0.13 secs] 
26792.055: [GC cleanup 1598M->1265M(3072M), 0.0249440 secs]
 [Times: user=0.05 sys=0.00, real=0.03 secs] 
26792.081: [GC concurrent-cleanup-start]
26792.082: [GC concurrent-cleanup-end, 0.0008020 secs]
26797.415: [GC pause (young)
Desired survivor size 67108864 bytes, new threshold 16 (max 32)
- age   1:   28275240 bytes,   28275240 total
, 0.2769040 secs]
   [Parallel Time: 265.6 ms, GC Workers: 2]
      [GC Worker Start (ms): Min: 26797415.6, Avg: 26797415.6, Max: 26797415.6, Diff: 0.0]
      [Ext Root Scanning (ms): Min: 48.2, Avg: 55.1, Max: 61.9, Diff: 13.7, Sum: 110.1]
      [Update RS (ms): Min: 48.5, Avg: 57.6, Max: 66.6, Diff: 18.2, Sum: 115.1]
         [Processed Buffers: Min: 127, Avg: 186.5, Max: 246, Diff: 119, Sum: 373]
      [Scan RS (ms): Min: 24.4, Avg: 24.6, Max: 24.9, Diff: 0.5, Sum: 49.3]
      [Object Copy (ms): Min: 126.1, Avg: 128.0, Max: 129.9, Diff: 3.8, Sum: 256.1]
      [Termination (ms): Min: 0.0, Avg: 0.0, Max: 0.0, Diff: 0.0, Sum: 0.0]
      [GC Worker Other (ms): Min: 0.1, Avg: 0.2, Max: 0.3, Diff: 0.2, Sum: 0.4]
      [GC Worker Total (ms): Min: 265.5, Avg: 265.5, Max: 265.5, Diff: 0.0, Sum: 531.0]
      [GC Worker End (ms): Min: 26797681.1, Avg: 26797681.1, Max: 26797681.1, Diff: 0.0]
   [Code Root Fixup: 0.0 ms]
   [Clear CT: 0.6 ms]
   [Other: 10.7 ms]
      [Choose CSet: 0.0 ms]
      [Ref Proc: 6.5 ms]
      [Ref Enq: 0.1 ms]
      [Free CSet: 2.6 ms]
   [Eden: 994.0M(994.0M)->0.0B(962.0M) Survivors: 30.0M->62.0M Heap: 2051.8M(3072.0M)->1089.3M(3072.0M)]
 [Times: user=0.54 sys=0.00, real=0.28 secs] 
26804.909: [GC pause (mixed)
Desired survivor size 67108864 bytes, new threshold 16 (max 32)
- age   1:   43434224 bytes,   43434224 total
- age   2:   15759408 bytes,   59193632 total
, 0.3335570 secs]
   [Parallel Time: 315.0 ms, GC Workers: 2]
      [GC Worker Start (ms): Min: 26804910.4, Avg: 26804910.4, Max: 26804910.4, Diff: 0.0]
      [Ext Root Scanning (ms): Min: 55.3, Avg: 61.6, Max: 67.9, Diff: 12.6, Sum: 123.2]
      [Update RS (ms): Min: 33.2, Avg: 42.1, Max: 51.0, Diff: 17.7, Sum: 84.2]
         [Processed Buffers: Min: 171, Avg: 176.5, Max: 182, Diff: 11, Sum: 353]
      [Scan RS (ms): Min: 49.8, Avg: 49.8, Max: 49.8, Diff: 0.0, Sum: 99.5]
      [Object Copy (ms): Min: 158.7, Avg: 161.1, Max: 163.6, Diff: 4.9, Sum: 322.3]
      [Termination (ms): Min: 0.0, Avg: 0.0, Max: 0.0, Diff: 0.0, Sum: 0.0]
      [GC Worker Other (ms): Min: 0.1, Avg: 0.2, Max: 0.3, Diff: 0.2, Sum: 0.4]
      [GC Worker Total (ms): Min: 314.8, Avg: 314.8, Max: 314.8, Diff: 0.0, Sum: 629.6]
      [GC Worker End (ms): Min: 26805225.2, Avg: 26805225.2, Max: 26805225.2, Diff: 0.0]
   [Code Root Fixup: 0.0 ms]
   [Clear CT: 0.9 ms]
   [Other: 17.7 ms]
      [Choose CSet: 0.4 ms]
      [Ref Proc: 11.4 ms]
      [Ref Enq: 0.2 ms]
      [Free CSet: 4.0 ms]
   [Eden: 962.0M(962.0M)->0.0B(950.0M) Survivors: 62.0M->74.0M Heap: 2085.3M(3072.0M)->1037.8M(3072.0M)]
 [Times: user=0.65 sys=0.00, real=0.34 secs] 
26810.498: [GC pause (mixed)
Desired survivor size 67108864 bytes, new threshold 3 (max 32)
- age   1:   35283472 bytes,   35283472 total
- age   2:   22309752 bytes,   57593224 total
- age   3:   14543544 bytes,   72136768 total
, 0.3762660 secs]
   [Parallel Time: 358.8 ms, GC Workers: 2]
      [GC Worker Start (ms): Min: 26810500.4, Avg: 26810500.4, Max: 26810500.4, Diff: 0.0]
      [Ext Root Scanning (ms): Min: 44.9, Avg: 55.8, Max: 66.8, Diff: 21.9, Sum: 111.7]
      [Update RS (ms): Min: 52.6, Avg: 62.6, Max: 72.6, Diff: 20.0, Sum: 125.2]
         [Processed Buffers: Min: 122, Avg: 176.5, Max: 231, Diff: 109, Sum: 353]
      [Scan RS (ms): Min: 67.2, Avg: 67.3, Max: 67.3, Diff: 0.1, Sum: 134.6]
      [Object Copy (ms): Min: 171.8, Avg: 172.8, Max: 173.8, Diff: 2.1, Sum: 345.6]
      [Termination (ms): Min: 0.0, Avg: 0.0, Max: 0.0, Diff: 0.0, Sum: 0.0]
      [GC Worker Other (ms): Min: 0.2, Avg: 0.2, Max: 0.2, Diff: 0.0, Sum: 0.3]
      [GC Worker Total (ms): Min: 358.7, Avg: 358.7, Max: 358.7, Diff: 0.0, Sum: 717.4]
      [GC Worker End (ms): Min: 26810859.1, Avg: 26810859.1, Max: 26810859.1, Diff: 0.0]
   [Code Root Fixup: 0.0 ms]
   [Clear CT: 0.9 ms]
   [Other: 16.6 ms]
      [Choose CSet: 1.7 ms]
      [Ref Proc: 8.7 ms]
      [Ref Enq: 0.1 ms]
      [Free CSet: 4.6 ms]
   [Eden: 950.0M(950.0M)->0.0B(959.0M) Survivors: 74.0M->65.0M Heap: 1991.1M(3072.0M)->843.1M(3072.0M)]
 [Times: user=0.73 sys=0.00, real=0.38 secs] 
26816.679: [GC pause (mixed)
Desired survivor size 67108864 bytes, new threshold 16 (max 32)
- age   1:   27299088 bytes,   27299088 total
- age   2:   21992400 bytes,   49291488 total
- age   3:   14061280 bytes,   63352768 total
, 0.3569180 secs]
   [Parallel Time: 342.6 ms, GC Workers: 2]
      [GC Worker Start (ms): Min: 26816681.2, Avg: 26816681.2, Max: 26816681.2, Diff: 0.0]
      [Ext Root Scanning (ms): Min: 50.9, Avg: 57.0, Max: 63.2, Diff: 12.3, Sum: 114.0]
      [Update RS (ms): Min: 52.8, Avg: 61.5, Max: 70.2, Diff: 17.4, Sum: 123.0]
         [Processed Buffers: Min: 100, Avg: 176.0, Max: 252, Diff: 152, Sum: 352]
      [Scan RS (ms): Min: 51.6, Avg: 51.6, Max: 51.7, Diff: 0.1, Sum: 103.2]
      [Object Copy (ms): Min: 169.8, Avg: 172.3, Max: 174.7, Diff: 5.0, Sum: 344.5]
      [Termination (ms): Min: 0.0, Avg: 0.0, Max: 0.0, Diff: 0.0, Sum: 0.0]
      [GC Worker Other (ms): Min: 0.1, Avg: 0.1, Max: 0.1, Diff: 0.0, Sum: 0.2]
      [GC Worker Total (ms): Min: 342.5, Avg: 342.5, Max: 342.5, Diff: 0.0, Sum: 685.0]
      [GC Worker End (ms): Min: 26817023.7, Avg: 26817023.7, Max: 26817023.7, Diff: 0.0]
   [Code Root Fixup: 0.0 ms]
   [Clear CT: 0.9 ms]
   [Other: 13.4 ms]
      [Choose CSet: 1.2 ms]
      [Ref Proc: 7.2 ms]
      [Ref Enq: 0.1 ms]
      [Free CSet: 3.5 ms]
   [Eden: 959.0M(959.0M)->0.0B(949.0M) Survivors: 65.0M->75.0M Heap: 1802.6M(3072.0M)->773.1M(3072.0M)]
 [Times: user=0.70 sys=0.00, real=0.36 secs] 
26822.875: [GC pause (young)
Desired survivor size 67108864 bytes, new threshold 4 (max 32)
- age   1:   28202520 bytes,   28202520 total
- age   2:   15213352 bytes,   43415872 total
- age   3:   18068888 bytes,   61484760 total
- age   4:   12635240 bytes,   74120000 total
, 0.3833920 secs]
   [Parallel Time: 372.4 ms, GC Workers: 2]
      [GC Worker Start (ms): Min: 26822877.1, Avg: 26822877.1, Max: 26822877.1, Diff: 0.0]
      [Ext Root Scanning (ms): Min: 50.3, Avg: 57.2, Max: 64.1, Diff: 13.8, Sum: 114.5]
      [Update RS (ms): Min: 16.8, Avg: 26.1, Max: 35.4, Diff: 18.5, Sum: 52.2]
         [Processed Buffers: Min: 150, Avg: 162.0, Max: 174, Diff: 24, Sum: 324]
      [Scan RS (ms): Min: 51.2, Avg: 51.3, Max: 51.4, Diff: 0.2, Sum: 102.6]
      [Object Copy (ms): Min: 235.1, Avg: 237.5, Max: 240.0, Diff: 5.0, Sum: 475.1]
      [Termination (ms): Min: 0.0, Avg: 0.0, Max: 0.0, Diff: 0.0, Sum: 0.0]
      [GC Worker Other (ms): Min: 0.1, Avg: 0.1, Max: 0.2, Diff: 0.0, Sum: 0.3]
      [GC Worker Total (ms): Min: 372.3, Avg: 372.3, Max: 372.4, Diff: 0.0, Sum: 744.7]
      [GC Worker End (ms): Min: 26823249.4, Avg: 26823249.4, Max: 26823249.4, Diff: 0.0]
   [Code Root Fixup: 0.0 ms]
   [Clear CT: 0.9 ms]
   [Other: 10.1 ms]
      [Choose CSet: 0.0 ms]
      [Ref Proc: 3.9 ms]
      [Ref Enq: 0.1 ms]
      [Free CSet: 3.7 ms]
   [Eden: 949.0M(949.0M)->0.0B(923.0M) Survivors: 75.0M->101.0M Heap: 1809.9M(3072.0M)->899.4M(3072.0M)]
 [Times: user=0.76 sys=0.00, real=0.38 secs] 
26827.682: [GC pause (young)
Desired survivor size 67108864 bytes, new threshold 2 (max 32)
- age   1:   49952448 bytes,   49952448 total
- age   2:   22247032 bytes,   72199480 total
- age   3:   14042160 bytes,   86241640 total
- age   4:   17272504 bytes,  103514144 total
, 0.5480070 secs]
   [Parallel Time: 539.1 ms, GC Workers: 2]
      [GC Worker Start (ms): Min: 26827682.9, Avg: 26827682.9, Max: 26827682.9, Diff: 0.0]
      [Ext Root Scanning (ms): Min: 47.9, Avg: 55.3, Max: 62.6, Diff: 14.7, Sum: 110.5]
      [Update RS (ms): Min: 57.8, Avg: 67.4, Max: 77.0, Diff: 19.2, Sum: 134.8]
         [Processed Buffers: Min: 140, Avg: 147.5, Max: 155, Diff: 15, Sum: 295]
      [Scan RS (ms): Min: 19.2, Avg: 19.3, Max: 19.5, Diff: 0.3, Sum: 38.6]
      [Object Copy (ms): Min: 394.9, Avg: 397.0, Max: 399.1, Diff: 4.2, Sum: 794.0]
      [Termination (ms): Min: 0.0, Avg: 0.0, Max: 0.0, Diff: 0.0, Sum: 0.0]
      [GC Worker Other (ms): Min: 0.1, Avg: 0.1, Max: 0.1, Diff: 0.0, Sum: 0.2]
      [GC Worker Total (ms): Min: 539.0, Avg: 539.0, Max: 539.1, Diff: 0.1, Sum: 1078.1]
      [GC Worker End (ms): Min: 26828221.9, Avg: 26828221.9, Max: 26828221.9, Diff: 0.0]
   [Code Root Fixup: 0.0 ms]
   [Clear CT: 1.6 ms]
   [Other: 7.2 ms]
      [Choose CSet: 0.0 ms]
      [Ref Proc: 3.4 ms]
      [Ref Enq: 0.1 ms]
      [Free CSet: 2.0 ms]
   [Eden: 923.0M(923.0M)->0.0B(896.0M) Survivors: 101.0M->128.0M Heap: 1823.4M(3072.0M)->975.4M(3072.0M)]
 [Times: user=1.08 sys=0.00, real=0.55 secs] 
26832.960: [GC pause (young)
Desired survivor size 67108864 bytes, new threshold 1 (max 32)
- age   1:   98809600 bytes,   98809600 total
- age   2:   38303872 bytes,  137113472 total
, 0.5496240 secs]
   [Parallel Time: 536.4 ms, GC Workers: 2]
      [GC Worker Start (ms): Min: 26832962.2, Avg: 26832962.5, Max: 26832962.8, Diff: 0.6]
      [Ext Root Scanning (ms): Min: 47.5, Avg: 58.3, Max: 69.1, Diff: 21.6, Sum: 116.6]
      [Update RS (ms): Min: 14.2, Avg: 23.8, Max: 33.4, Diff: 19.1, Sum: 47.6]
         [Processed Buffers: Min: 129, Avg: 152.0, Max: 175, Diff: 46, Sum: 304]
      [Scan RS (ms): Min: 64.2, Avg: 64.2, Max: 64.3, Diff: 0.1, Sum: 128.4]
      [Object Copy (ms): Min: 388.0, Avg: 389.5, Max: 391.0, Diff: 2.9, Sum: 779.0]
      [Termination (ms): Min: 0.0, Avg: 0.0, Max: 0.0, Diff: 0.0, Sum: 0.0]
      [GC Worker Other (ms): Min: 0.1, Avg: 0.2, Max: 0.3, Diff: 0.2, Sum: 0.4]
      [GC Worker Total (ms): Min: 535.7, Avg: 536.0, Max: 536.3, Diff: 0.6, Sum: 1072.0]
      [GC Worker End (ms): Min: 26833498.5, Avg: 26833498.5, Max: 26833498.6, Diff: 0.0]
   [Code Root Fixup: 0.0 ms]
   [Clear CT: 0.7 ms]
   [Other: 12.5 ms]
      [Choose CSet: 0.0 ms]
      [Ref Proc: 2.8 ms]
      [Ref Enq: 0.0 ms]
      [Free CSet: 5.5 ms]
   [Eden: 896.0M(896.0M)->0.0B(983.0M) Survivors: 128.0M->41.0M Heap: 1898.1M(3072.0M)->1025.6M(3072.0M)]
 [Times: user=1.05 sys=0.03, real=0.55 secs] 
26839.229: [GC pause (young)
Desired survivor size 67108864 bytes, new threshold 16 (max 32)
- age   1:   39972400 bytes,   39972400 total
, 0.3718900 secs]
   [Parallel Time: 360.8 ms, GC Workers: 2]
      [GC Worker Start (ms): Min: 26839230.6, Avg: 26839230.6, Max: 26839230.6, Diff: 0.0]
      [Ext Root Scanning (ms): Min: 48.6, Avg: 55.4, Max: 62.2, Diff: 13.6, Sum: 110.8]
      [Update RS (ms): Min: 50.1, Avg: 59.3, Max: 68.4, Diff: 18.2, Sum: 118.5]
         [Processed Buffers: Min: 112, Avg: 145.0, Max: 178, Diff: 66, Sum: 290]
      [Scan RS (ms): Min: 56.2, Avg: 56.3, Max: 56.3, Diff: 0.0, Sum: 112.5]
      [Object Copy (ms): Min: 187.4, Avg: 189.6, Max: 191.9, Diff: 4.5, Sum: 379.2]
      [Termination (ms): Min: 0.0, Avg: 0.0, Max: 0.0, Diff: 0.0, Sum: 0.0]
      [GC Worker Other (ms): Min: 0.1, Avg: 0.2, Max: 0.3, Diff: 0.2, Sum: 0.4]
      [GC Worker Total (ms): Min: 360.7, Avg: 360.7, Max: 360.7, Diff: 0.0, Sum: 721.4]
      [GC Worker End (ms): Min: 26839591.3, Avg: 26839591.3, Max: 26839591.3, Diff: 0.0]
   [Code Root Fixup: 0.0 ms]
   [Clear CT: 1.1 ms]
   [Other: 10.0 ms]
      [Choose CSet: 0.0 ms]
      [Ref Proc: 3.4 ms]
      [Ref Enq: 0.1 ms]
      [Free CSet: 4.5 ms]
   [Eden: 983.0M(983.0M)->0.0B(947.0M) Survivors: 41.0M->77.0M Heap: 2011.6M(3072.0M)->1064.1M(3072.0M)]
 [Times: user=0.73 sys=0.01, real=0.37 secs] 
26844.674: [GC pause (young)
Desired survivor size 67108864 bytes, new threshold 2 (max 32)
- age   1:   48232600 bytes,   48232600 total
- age   2:   28741072 bytes,   76973672 total
, 0.5761890 secs]
   [Parallel Time: 562.8 ms, GC Workers: 2]
      [GC Worker Start (ms): Min: 26844674.9, Avg: 26844676.5, Max: 26844678.0, Diff: 3.0]
      [Ext Root Scanning (ms): Min: 46.3, Avg: 57.8, Max: 69.2, Diff: 22.9, Sum: 115.6]
      [Update RS (ms): Min: 71.7, Avg: 80.6, Max: 89.4, Diff: 17.8, Sum: 161.1]
         [Processed Buffers: Min: 128, Avg: 157.5, Max: 187, Diff: 59, Sum: 315]
      [Scan RS (ms): Min: 62.2, Avg: 62.4, Max: 62.5, Diff: 0.3, Sum: 124.7]
      [Object Copy (ms): Min: 359.4, Avg: 360.2, Max: 361.0, Diff: 1.6, Sum: 720.5]
      [Termination (ms): Min: 0.0, Avg: 0.0, Max: 0.0, Diff: 0.0, Sum: 0.0]
      [GC Worker Other (ms): Min: 0.1, Avg: 0.2, Max: 0.3, Diff: 0.2, Sum: 0.4]
      [GC Worker Total (ms): Min: 559.6, Avg: 561.2, Max: 562.7, Diff: 3.1, Sum: 1122.3]
      [GC Worker End (ms): Min: 26845237.6, Avg: 26845237.6, Max: 26845237.6, Diff: 0.0]
   [Code Root Fixup: 0.0 ms]
   [Clear CT: 0.9 ms]
   [Other: 12.5 ms]
      [Choose CSet: 0.0 ms]
      [Ref Proc: 5.6 ms]
      [Ref Enq: 0.1 ms]
      [Free CSet: 4.3 ms]
   [Eden: 947.0M(947.0M)->0.0B(909.0M) Survivors: 77.0M->115.0M Heap: 2011.6M(3072.0M)->1127.1M(3072.0M)]
 [Times: user=1.13 sys=0.01, real=0.58 secs] 
26850.897: [GC pause (young)
Desired survivor size 67108864 bytes, new threshold 1 (max 32)
- age   1:   77552344 bytes,   77552344 total
- age   2:   38387976 bytes,  115940320 total
, 0.5310300 secs]
   [Parallel Time: 521.1 ms, GC Workers: 2]
      [GC Worker Start (ms): Min: 26850898.5, Avg: 26850898.5, Max: 26850898.5, Diff: 0.0]
      [Ext Root Scanning (ms): Min: 45.6, Avg: 56.7, Max: 67.8, Diff: 22.2, Sum: 113.4]
      [Update RS (ms): Min: 65.0, Avg: 75.0, Max: 84.9, Diff: 19.9, Sum: 149.9]
         [Processed Buffers: Min: 146, Avg: 168.0, Max: 190, Diff: 44, Sum: 336]
      [Scan RS (ms): Min: 62.4, Avg: 62.5, Max: 62.6, Diff: 0.3, Sum: 125.0]
      [Object Copy (ms): Min: 325.7, Avg: 326.7, Max: 327.6, Diff: 1.8, Sum: 653.3]
      [Termination (ms): Min: 0.0, Avg: 0.0, Max: 0.0, Diff: 0.0, Sum: 0.0]
      [GC Worker Other (ms): Min: 0.1, Avg: 0.2, Max: 0.3, Diff: 0.2, Sum: 0.4]
      [GC Worker Total (ms): Min: 521.0, Avg: 521.0, Max: 521.0, Diff: 0.0, Sum: 1042.0]
      [GC Worker End (ms): Min: 26851419.5, Avg: 26851419.5, Max: 26851419.5, Diff: 0.0]
   [Code Root Fixup: 0.0 ms]
   [Clear CT: 0.8 ms]
   [Other: 9.2 ms]
      [Choose CSet: 0.0 ms]
      [Ref Proc: 2.3 ms]
      [Ref Enq: 0.0 ms]
      [Free CSet: 3.8 ms]
   [Eden: 909.0M(909.0M)->0.0B(985.0M) Survivors: 115.0M->39.0M Heap: 2087.0M(3072.0M)->1198.5M(3072.0M)]
 [Times: user=1.05 sys=0.00, real=0.53 secs] 
26857.298: [GC pause (young)
Desired survivor size 67108864 bytes, new threshold 16 (max 32)
- age   1:   38126976 bytes,   38126976 total
, 0.3272420 secs]
   [Parallel Time: 315.7 ms, GC Workers: 2]
      [GC Worker Start (ms): Min: 26857299.6, Avg: 26857299.6, Max: 26857299.6, Diff: 0.0]
      [Ext Root Scanning (ms): Min: 45.5, Avg: 55.9, Max: 66.2, Diff: 20.7, Sum: 111.8]
      [Update RS (ms): Min: 30.8, Avg: 40.2, Max: 49.5, Diff: 18.7, Sum: 80.4]
         [Processed Buffers: Min: 83, Avg: 131.0, Max: 179, Diff: 96, Sum: 262]
      [Scan RS (ms): Min: 57.3, Avg: 57.4, Max: 57.4, Diff: 0.2, Sum: 114.7]
      [Object Copy (ms): Min: 161.1, Avg: 161.9, Max: 162.6, Diff: 1.5, Sum: 323.8]
      [Termination (ms): Min: 0.0, Avg: 0.0, Max: 0.0, Diff: 0.0, Sum: 0.0]
      [GC Worker Other (ms): Min: 0.1, Avg: 0.3, Max: 0.4, Diff: 0.3, Sum: 0.5]
      [GC Worker Total (ms): Min: 315.6, Avg: 315.6, Max: 315.6, Diff: 0.0, Sum: 631.1]
      [GC Worker End (ms): Min: 26857615.2, Avg: 26857615.2, Max: 26857615.2, Diff: 0.0]
   [Code Root Fixup: 0.0 ms]
   [Clear CT: 0.8 ms]
   [Other: 10.8 ms]
      [Choose CSet: 0.0 ms]
      [Ref Proc: 3.4 ms]
      [Ref Enq: 0.1 ms]
      [Free CSet: 5.1 ms]
   [Eden: 985.0M(985.0M)->0.0B(955.0M) Survivors: 39.0M->69.0M Heap: 2207.7M(3072.0M)->1253.2M(3072.0M)]
 [Times: user=0.64 sys=0.00, real=0.33 secs] 
26863.805: [GC pause (young)
Desired survivor size 67108864 bytes, new threshold 2 (max 32)
- age   1:   40376896 bytes,   40376896 total
- age   2:   28513592 bytes,   68890488 total
, 0.4204180 secs]
   [Parallel Time: 408.5 ms, GC Workers: 2]
      [GC Worker Start (ms): Min: 26863807.0, Avg: 26863807.0, Max: 26863807.0, Diff: 0.0]
      [Ext Root Scanning (ms): Min: 46.0, Avg: 56.6, Max: 67.1, Diff: 21.1, Sum: 113.1]
      [Update RS (ms): Min: 41.9, Avg: 51.5, Max: 61.2, Diff: 19.4, Sum: 103.1]
         [Processed Buffers: Min: 133, Avg: 147.5, Max: 162, Diff: 29, Sum: 295]
      [Scan RS (ms): Min: 76.3, Avg: 76.3, Max: 76.3, Diff: 0.0, Sum: 152.6]
      [Object Copy (ms): Min: 222.6, Avg: 223.7, Max: 224.8, Diff: 2.2, Sum: 447.4]
      [Termination (ms): Min: 0.0, Avg: 0.0, Max: 0.0, Diff: 0.0, Sum: 0.1]
      [GC Worker Other (ms): Min: 0.1, Avg: 0.2, Max: 0.4, Diff: 0.4, Sum: 0.5]
      [GC Worker Total (ms): Min: 408.4, Avg: 408.4, Max: 408.4, Diff: 0.0, Sum: 816.8]
      [GC Worker End (ms): Min: 26864215.4, Avg: 26864215.4, Max: 26864215.4, Diff: 0.0]
   [Code Root Fixup: 0.0 ms]
   [Clear CT: 0.6 ms]
   [Other: 11.3 ms]
      [Choose CSet: 0.0 ms]
      [Ref Proc: 3.9 ms]
      [Ref Enq: 0.1 ms]
      [Free CSet: 4.8 ms]
   [Eden: 955.0M(955.0M)->0.0B(954.0M) Survivors: 69.0M->70.0M Heap: 2235.3M(3072.0M)->1306.8M(3072.0M)]
 [Times: user=0.82 sys=0.00, real=0.42 secs] 
26868.136: [GC pause (young) (initial-mark)
Desired survivor size 67108864 bytes, new threshold 2 (max 32)
- age   1:   35480520 bytes,   35480520 total
- age   2:   34130048 bytes,   69610568 total
, 0.4010590 secs]
   [Parallel Time: 390.3 ms, GC Workers: 2]
      [GC Worker Start (ms): Min: 26868137.3, Avg: 26868137.3, Max: 26868137.3, Diff: 0.0]
      [Ext Root Scanning (ms): Min: 50.9, Avg: 56.8, Max: 62.6, Diff: 11.7, Sum: 113.5]
      [Update RS (ms): Min: 32.8, Avg: 43.2, Max: 53.5, Diff: 20.7, Sum: 86.3]
         [Processed Buffers: Min: 110, Avg: 142.5, Max: 175, Diff: 65, Sum: 285]
      [Scan RS (ms): Min: 70.0, Avg: 70.0, Max: 70.1, Diff: 0.1, Sum: 140.1]
      [Object Copy (ms): Min: 215.4, Avg: 220.0, Max: 224.6, Diff: 9.2, Sum: 440.0]
      [Termination (ms): Min: 0.0, Avg: 0.0, Max: 0.0, Diff: 0.0, Sum: 0.0]
      [GC Worker Other (ms): Min: 0.1, Avg: 0.2, Max: 0.3, Diff: 0.2, Sum: 0.4]
      [GC Worker Total (ms): Min: 390.1, Avg: 390.2, Max: 390.2, Diff: 0.0, Sum: 780.3]
      [GC Worker End (ms): Min: 26868527.4, Avg: 26868527.4, Max: 26868527.4, Diff: 0.0]
   [Code Root Fixup: 0.0 ms]
   [Clear CT: 0.6 ms]
   [Other: 10.2 ms]
      [Choose CSet: 0.0 ms]
      [Ref Proc: 3.2 ms]
      [Ref Enq: 0.1 ms]
      [Free CSet: 4.1 ms]
   [Eden: 648.0M(954.0M)->0.0B(967.0M) Survivors: 70.0M->57.0M Heap: 1971.6M(3072.0M)->1339.8M(3072.0M)]
 [Times: user=0.79 sys=0.00, real=0.40 secs] 
26868.537: [GC concurrent-root-region-scan-start]
26868.723: [GC concurrent-root-region-scan-end, 0.1856600 secs]
26868.723: [GC concurrent-mark-start]
26871.095: [GC concurrent-mark-end, 2.3724640 secs]
26871.097: [GC remark 26871.099: [GC ref-proc, 0.2299950 secs], 0.2987690 secs]
 [Times: user=0.30 sys=0.00, real=0.30 secs] 
26871.398: [GC cleanup 1737M->1446M(3072M), 0.0245260 secs]
 [Times: user=0.05 sys=0.00, real=0.02 secs] 
26871.423: [GC concurrent-cleanup-start]
26871.423: [GC concurrent-cleanup-end, 0.0007250 secs]
26874.616: [GC pause (young)
Desired survivor size 67108864 bytes, new threshold 16 (max 32)
- age   1:   27386176 bytes,   27386176 total
- age   2:   30041880 bytes,   57428056 total
, 0.4500930 secs]
   [Parallel Time: 438.1 ms, GC Workers: 2]
      [GC Worker Start (ms): Min: 26874617.4, Avg: 26874617.4, Max: 26874617.4, Diff: 0.0]
      [Ext Root Scanning (ms): Min: 50.3, Avg: 56.3, Max: 62.3, Diff: 12.0, Sum: 112.6]
      [Update RS (ms): Min: 54.5, Avg: 62.3, Max: 70.1, Diff: 15.6, Sum: 124.6]
         [Processed Buffers: Min: 61, Avg: 148.0, Max: 235, Diff: 174, Sum: 296]
      [Scan RS (ms): Min: 63.1, Avg: 63.6, Max: 64.1, Diff: 1.0, Sum: 127.2]
      [Object Copy (ms): Min: 253.4, Avg: 255.6, Max: 257.7, Diff: 4.3, Sum: 511.1]
      [Termination (ms): Min: 0.0, Avg: 0.0, Max: 0.0, Diff: 0.0, Sum: 0.0]
      [GC Worker Other (ms): Min: 0.1, Avg: 0.3, Max: 0.4, Diff: 0.3, Sum: 0.5]
      [GC Worker Total (ms): Min: 438.0, Avg: 438.0, Max: 438.1, Diff: 0.0, Sum: 876.1]
      [GC Worker End (ms): Min: 26875055.4, Avg: 26875055.5, Max: 26875055.5, Diff: 0.0]
   [Code Root Fixup: 0.0 ms]
   [Clear CT: 0.7 ms]
   [Other: 11.2 ms]
      [Choose CSet: 0.0 ms]
      [Ref Proc: 4.5 ms]
      [Ref Enq: 0.1 ms]
      [Free CSet: 4.3 ms]
   [Eden: 967.0M(967.0M)->0.0B(914.0M) Survivors: 57.0M->110.0M Heap: 2043.0M(3072.0M)->1129.0M(3072.0M)]
 [Times: user=0.89 sys=0.00, real=0.45 secs] 
26879.053: [GC pause (mixed)
Desired survivor size 67108864 bytes, new threshold 2 (max 32)
- age   1:   65881680 bytes,   65881680 total
- age   2:   20939320 bytes,   86821000 total
- age   3:   25468928 bytes,  112289928 total
, 0.4113590 secs]
   [Parallel Time: 398.9 ms, GC Workers: 2]
      [GC Worker Start (ms): Min: 26879055.4, Avg: 26879055.5, Max: 26879055.5, Diff: 0.0]
      [Ext Root Scanning (ms): Min: 50.8, Avg: 57.9, Max: 64.9, Diff: 14.1, Sum: 115.8]
      [Update RS (ms): Min: 21.6, Avg: 31.2, Max: 40.8, Diff: 19.2, Sum: 62.4]
         [Processed Buffers: Min: 126, Avg: 134.5, Max: 143, Diff: 17, Sum: 269]
      [Scan RS (ms): Min: 83.2, Avg: 83.3, Max: 83.4, Diff: 0.2, Sum: 166.7]
      [Object Copy (ms): Min: 223.8, Avg: 226.1, Max: 228.5, Diff: 4.7, Sum: 452.3]
      [Termination (ms): Min: 0.0, Avg: 0.0, Max: 0.0, Diff: 0.0, Sum: 0.0]
      [GC Worker Other (ms): Min: 0.1, Avg: 0.2, Max: 0.4, Diff: 0.3, Sum: 0.5]
      [GC Worker Total (ms): Min: 398.8, Avg: 398.8, Max: 398.8, Diff: 0.0, Sum: 797.6]
      [GC Worker End (ms): Min: 26879454.2, Avg: 26879454.3, Max: 26879454.3, Diff: 0.0]
   [Code Root Fixup: 0.0 ms]
   [Clear CT: 1.2 ms]
   [Other: 11.2 ms]
      [Choose CSet: 0.5 ms]
      [Ref Proc: 2.7 ms]
      [Ref Enq: 0.1 ms]
      [Free CSet: 5.1 ms]
   [Eden: 914.0M(914.0M)->0.0B(967.0M) Survivors: 110.0M->57.0M Heap: 2089.9M(3072.0M)->1100.9M(3072.0M)]
 [Times: user=0.80 sys=0.00, real=0.42 secs] 
26884.697: [GC pause (mixed)
Desired survivor size 67108864 bytes, new threshold 16 (max 32)
- age   1:   28221224 bytes,   28221224 total
- age   2:   28666000 bytes,   56887224 total
, 0.4044820 secs]
   [Parallel Time: 391.3 ms, GC Workers: 2]
      [GC Worker Start (ms): Min: 26884699.8, Avg: 26884699.8, Max: 26884699.8, Diff: 0.0]
      [Ext Root Scanning (ms): Min: 51.9, Avg: 58.3, Max: 64.6, Diff: 12.6, Sum: 116.5]
      [Update RS (ms): Min: 45.5, Avg: 53.5, Max: 61.4, Diff: 15.8, Sum: 106.9]
         [Processed Buffers: Min: 145, Avg: 152.5, Max: 160, Diff: 15, Sum: 305]
      [Scan RS (ms): Min: 74.2, Avg: 74.3, Max: 74.4, Diff: 0.1, Sum: 148.6]
      [Object Copy (ms): Min: 203.0, Avg: 204.8, Max: 206.6, Diff: 3.7, Sum: 409.6]
      [Termination (ms): Min: 0.0, Avg: 0.0, Max: 0.0, Diff: 0.0, Sum: 0.0]
      [GC Worker Other (ms): Min: 0.1, Avg: 0.3, Max: 0.5, Diff: 0.4, Sum: 0.5]
      [GC Worker Total (ms): Min: 391.1, Avg: 391.1, Max: 391.1, Diff: 0.0, Sum: 782.3]
      [GC Worker End (ms): Min: 26885090.9, Avg: 26885090.9, Max: 26885090.9, Diff: 0.0]
   [Code Root Fixup: 0.0 ms]
   [Clear CT: 0.9 ms]
   [Other: 12.3 ms]
      [Choose CSet: 0.6 ms]
      [Ref Proc: 4.3 ms]
      [Ref Enq: 0.1 ms]
      [Free CSet: 5.0 ms]
   [Eden: 967.0M(967.0M)->0.0B(941.0M) Survivors: 57.0M->83.0M Heap: 2089.1M(3072.0M)->1113.1M(3072.0M)]
 [Times: user=0.80 sys=0.00, real=0.40 secs] 
26890.318: [GC pause (young)
Desired survivor size 67108864 bytes, new threshold 3 (max 32)
- age   1:   35774016 bytes,   35774016 total
- age   2:   23547488 bytes,   59321504 total
- age   3:   25115920 bytes,   84437424 total
, 0.5014610 secs]
   [Parallel Time: 486.7 ms, GC Workers: 2]
      [GC Worker Start (ms): Min: 26890319.3, Avg: 26890319.3, Max: 26890319.3, Diff: 0.0]
      [Ext Root Scanning (ms): Min: 49.3, Avg: 57.2, Max: 65.1, Diff: 15.8, Sum: 114.3]
      [Update RS (ms): Min: 48.4, Avg: 58.3, Max: 68.1, Diff: 19.8, Sum: 116.5]
         [Processed Buffers: Min: 46, Avg: 138.0, Max: 230, Diff: 184, Sum: 276]
      [Scan RS (ms): Min: 77.3, Avg: 77.4, Max: 77.5, Diff: 0.2, Sum: 154.8]
      [Object Copy (ms): Min: 291.2, Avg: 293.5, Max: 295.7, Diff: 4.5, Sum: 586.9]
      [Termination (ms): Min: 0.0, Avg: 0.0, Max: 0.0, Diff: 0.0, Sum: 0.0]
      [GC Worker Other (ms): Min: 0.1, Avg: 0.3, Max: 0.5, Diff: 0.4, Sum: 0.6]
      [GC Worker Total (ms): Min: 486.5, Avg: 486.6, Max: 486.6, Diff: 0.0, Sum: 973.1]
      [GC Worker End (ms): Min: 26890805.8, Avg: 26890805.8, Max: 26890805.8, Diff: 0.0]
   [Code Root Fixup: 0.0 ms]
   [Clear CT: 0.8 ms]
   [Other: 13.9 ms]
      [Choose CSet: 0.0 ms]
      [Ref Proc: 6.0 ms]
      [Ref Enq: 0.1 ms]
      [Free CSet: 5.2 ms]
   [Eden: 941.0M(941.0M)->0.0B(914.0M) Survivors: 83.0M->110.0M Heap: 2056.6M(3072.0M)->1164.6M(3072.0M)]
 [Times: user=0.99 sys=0.00, real=0.50 secs] 
26896.038: [GC pause (young)
Desired survivor size 67108864 bytes, new threshold 2 (max 32)
- age   1:   58132096 bytes,   58132096 total
- age   2:   32400824 bytes,   90532920 total
- age   3:   21231040 bytes,  111763960 total
, 0.4416780 secs]
   [Parallel Time: 431.7 ms, GC Workers: 2]
      [GC Worker Start (ms): Min: 26896039.0, Avg: 26896039.0, Max: 26896039.0, Diff: 0.0]
      [Ext Root Scanning (ms): Min: 49.2, Avg: 57.8, Max: 66.4, Diff: 17.2, Sum: 115.6]
      [Update RS (ms): Min: 27.7, Avg: 35.0, Max: 42.2, Diff: 14.4, Sum: 69.9]
         [Processed Buffers: Min: 126, Avg: 136.5, Max: 147, Diff: 21, Sum: 273]
      [Scan RS (ms): Min: 98.9, Avg: 99.0, Max: 99.1, Diff: 0.2, Sum: 198.0]
      [Object Copy (ms): Min: 238.1, Avg: 239.5, Max: 240.9, Diff: 2.9, Sum: 479.0]
      [Termination (ms): Min: 0.0, Avg: 0.0, Max: 0.0, Diff: 0.0, Sum: 0.0]
      [GC Worker Other (ms): Min: 0.1, Avg: 0.2, Max: 0.4, Diff: 0.3, Sum: 0.5]
      [GC Worker Total (ms): Min: 431.5, Avg: 431.5, Max: 431.5, Diff: 0.0, Sum: 863.0]
      [GC Worker End (ms): Min: 26896470.5, Avg: 26896470.5, Max: 26896470.5, Diff: 0.0]
   [Code Root Fixup: 0.0 ms]
   [Clear CT: 0.8 ms]
   [Other: 9.3 ms]
      [Choose CSet: 0.0 ms]
      [Ref Proc: 3.2 ms]
      [Ref Enq: 0.1 ms]
      [Free CSet: 3.6 ms]
   [Eden: 914.0M(914.0M)->0.0B(948.0M) Survivors: 110.0M->76.0M Heap: 2211.2M(3072.0M)->1301.7M(3072.0M)]
 [Times: user=0.86 sys=0.01, real=0.44 secs] 
26901.198: [GC pause (young)
Desired survivor size 67108864 bytes, new threshold 2 (max 32)
- age   1:   48357560 bytes,   48357560 total
- age   2:   29170184 bytes,   77527744 total
, 0.5232840 secs]
   [Parallel Time: 514.0 ms, GC Workers: 2]
      [GC Worker Start (ms): Min: 26901199.5, Avg: 26901199.6, Max: 26901199.6, Diff: 0.0]
      [Ext Root Scanning (ms): Min: 49.4, Avg: 58.4, Max: 67.4, Diff: 17.9, Sum: 116.8]
      [Update RS (ms): Min: 38.0, Avg: 45.9, Max: 53.9, Diff: 15.9, Sum: 91.8]
         [Processed Buffers: Min: 50, Avg: 134.5, Max: 219, Diff: 169, Sum: 269]
      [Scan RS (ms): Min: 43.3, Avg: 43.4, Max: 43.4, Diff: 0.1, Sum: 86.8]
      [Object Copy (ms): Min: 364.8, Avg: 366.0, Max: 367.2, Diff: 2.4, Sum: 732.0]
      [Termination (ms): Min: 0.0, Avg: 0.0, Max: 0.0, Diff: 0.0, Sum: 0.0]
      [GC Worker Other (ms): Min: 0.1, Avg: 0.2, Max: 0.3, Diff: 0.3, Sum: 0.4]
      [GC Worker Total (ms): Min: 513.9, Avg: 513.9, Max: 513.9, Diff: 0.0, Sum: 1027.8]
      [GC Worker End (ms): Min: 26901713.4, Avg: 26901713.5, Max: 26901713.5, Diff: 0.0]
   [Code Root Fixup: 0.0 ms]
   [Clear CT: 0.7 ms]
   [Other: 8.5 ms]
      [Choose CSet: 0.0 ms]
      [Ref Proc: 2.9 ms]
      [Ref Enq: 0.0 ms]
      [Free CSet: 3.3 ms]
   [Eden: 948.0M(948.0M)->0.0B(896.0M) Survivors: 76.0M->128.0M Heap: 2251.7M(3072.0M)->1380.2M(3072.0M)]
 [Times: user=1.03 sys=0.00, real=0.53 secs] 
26906.939: [GC pause (young)
Desired survivor size 67108864 bytes, new threshold 1 (max 32)
- age   1:   96045648 bytes,   96045648 total
- age   2:   34661472 bytes,  130707120 total
, 0.2738700 secs]
   [Parallel Time: 262.4 ms, GC Workers: 2]
      [GC Worker Start (ms): Min: 26906940.5, Avg: 26906940.6, Max: 26906940.6, Diff: 0.0]
      [Ext Root Scanning (ms): Min: 49.5, Avg: 56.2, Max: 62.9, Diff: 13.3, Sum: 112.4]
      [Update RS (ms): Min: 17.2, Avg: 26.2, Max: 35.2, Diff: 18.0, Sum: 52.4]
         [Processed Buffers: Min: 109, Avg: 139.5, Max: 170, Diff: 61, Sum: 279]
      [Scan RS (ms): Min: 35.8, Avg: 35.9, Max: 36.1, Diff: 0.3, Sum: 71.9]
      [Object Copy (ms): Min: 141.2, Avg: 143.5, Max: 145.8, Diff: 4.6, Sum: 287.0]
      [Termination (ms): Min: 0.0, Avg: 0.0, Max: 0.0, Diff: 0.0, Sum: 0.0]
      [GC Worker Other (ms): Min: 0.1, Avg: 0.3, Max: 0.5, Diff: 0.4, Sum: 0.6]
      [GC Worker Total (ms): Min: 262.1, Avg: 262.1, Max: 262.2, Diff: 0.1, Sum: 524.2]
      [GC Worker End (ms): Min: 26907202.6, Avg: 26907202.7, Max: 26907202.7, Diff: 0.1]
   [Code Root Fixup: 0.0 ms]
   [Clear CT: 0.7 ms]
   [Other: 10.8 ms]
      [Choose CSet: 0.0 ms]
      [Ref Proc: 4.9 ms]
      [Ref Enq: 0.1 ms]
      [Free CSet: 3.6 ms]
   [Eden: 896.0M(896.0M)->0.0B(994.0M) Survivors: 128.0M->30.0M Heap: 2279.2M(3072.0M)->1322.2M(3072.0M)]
 [Times: user=0.53 sys=0.00, real=0.28 secs] 
26907.300: [GC pause (young) (initial-mark)
Desired survivor size 67108864 bytes, new threshold 16 (max 32)
- age   1:   27090960 bytes,   27090960 total
, 0.2312120 secs]
   [Parallel Time: 228.7 ms, GC Workers: 2]
      [GC Worker Start (ms): Min: 26907301.5, Avg: 26907301.5, Max: 26907301.5, Diff: 0.0]
      [Ext Root Scanning (ms): Min: 45.9, Avg: 56.9, Max: 67.9, Diff: 22.0, Sum: 113.8]
      [Update RS (ms): Min: 84.4, Avg: 96.7, Max: 108.9, Diff: 24.4, Sum: 193.3]
         [Processed Buffers: Min: 146, Avg: 185.0, Max: 224, Diff: 78, Sum: 370]
      [Scan RS (ms): Min: 0.7, Avg: 0.7, Max: 0.8, Diff: 0.0, Sum: 1.5]
      [Object Copy (ms): Min: 72.9, Avg: 74.1, Max: 75.4, Diff: 2.5, Sum: 148.3]
      [Termination (ms): Min: 0.0, Avg: 0.0, Max: 0.0, Diff: 0.0, Sum: 0.0]
      [GC Worker Other (ms): Min: 0.0, Avg: 0.1, Max: 0.1, Diff: 0.0, Sum: 0.1]
      [GC Worker Total (ms): Min: 228.5, Avg: 228.5, Max: 228.5, Diff: 0.0, Sum: 457.1]
      [GC Worker End (ms): Min: 26907530.0, Avg: 26907530.0, Max: 26907530.0, Diff: 0.0]
   [Code Root Fixup: 0.0 ms]
   [Clear CT: 0.2 ms]
   [Other: 2.4 ms]
      [Choose CSet: 0.0 ms]
      [Ref Proc: 0.5 ms]
      [Ref Enq: 0.0 ms]
      [Free CSet: 0.2 ms]
   [Eden: 16.0M(994.0M)->0.0B(995.0M) Survivors: 30.0M->29.0M Heap: 1337.5M(3072.0M)->1321.2M(3072.0M)]
 [Times: user=0.46 sys=0.00, real=0.23 secs] 
26907.532: [GC concurrent-root-region-scan-start]
26907.678: [GC concurrent-root-region-scan-end, 0.1456350 secs]
26907.678: [GC concurrent-mark-start]
26909.501: [GC concurrent-mark-end, 1.8231540 secs]
26909.502: [GC remark 26909.503: [GC ref-proc, 0.0789020 secs], 0.1449880 secs]
 [Times: user=0.15 sys=0.00, real=0.14 secs] 
26909.649: [GC cleanup 1764M->1478M(3072M), 0.0257080 secs]
 [Times: user=0.05 sys=0.00, real=0.03 secs] 
26909.675: [GC concurrent-cleanup-start]
26909.676: [GC concurrent-cleanup-end, 0.0006920 secs]
26914.290: [GC pause (young)
Desired survivor size 67108864 bytes, new threshold 16 (max 32)
- age   1:    2703800 bytes,    2703800 total
- age   2:   25243008 bytes,   27946808 total
, 0.2684950 secs]
   [Parallel Time: 254.0 ms, GC Workers: 2]
      [GC Worker Start (ms): Min: 26914292.1, Avg: 26914292.1, Max: 26914292.1, Diff: 0.0]
      [Ext Root Scanning (ms): Min: 54.0, Avg: 60.6, Max: 67.2, Diff: 13.2, Sum: 121.2]
      [Update RS (ms): Min: 15.1, Avg: 23.4, Max: 31.6, Diff: 16.5, Sum: 46.7]
         [Processed Buffers: Min: 128, Avg: 160.0, Max: 192, Diff: 64, Sum: 320]
      [Scan RS (ms): Min: 44.9, Avg: 45.2, Max: 45.6, Diff: 0.7, Sum: 90.5]
      [Object Copy (ms): Min: 122.6, Avg: 124.4, Max: 126.2, Diff: 3.7, Sum: 248.8]
      [Termination (ms): Min: 0.0, Avg: 0.0, Max: 0.0, Diff: 0.0, Sum: 0.0]
      [GC Worker Other (ms): Min: 0.1, Avg: 0.2, Max: 0.4, Diff: 0.3, Sum: 0.5]
      [GC Worker Total (ms): Min: 253.8, Avg: 253.9, Max: 253.9, Diff: 0.0, Sum: 507.7]
      [GC Worker End (ms): Min: 26914545.9, Avg: 26914546.0, Max: 26914546.0, Diff: 0.0]
   [Code Root Fixup: 0.0 ms]
   [Clear CT: 0.8 ms]
   [Other: 13.7 ms]
      [Choose CSet: 0.0 ms]
      [Ref Proc: 7.7 ms]
      [Ref Enq: 0.1 ms]
      [Free CSet: 3.8 ms]
   [Eden: 995.0M(995.0M)->0.0B(966.0M) Survivors: 29.0M->58.0M Heap: 2112.4M(3072.0M)->1146.4M(3072.0M)]
 [Times: user=0.52 sys=0.00, real=0.27 secs] 
26919.360: [GC pause (mixed)
Desired survivor size 67108864 bytes, new threshold 16 (max 32)
- age   1:   37379984 bytes,   37379984 total
- age   2:     168232 bytes,   37548216 total
- age   3:   18617752 bytes,   56165968 total
, 0.6117790 secs]
   [Parallel Time: 596.5 ms, GC Workers: 2]
      [GC Worker Start (ms): Min: 26919362.9, Avg: 26919362.9, Max: 26919362.9, Diff: 0.0]
      [Ext Root Scanning (ms): Min: 53.8, Avg: 58.8, Max: 63.7, Diff: 10.0, Sum: 117.5]
      [Update RS (ms): Min: 36.6, Avg: 43.6, Max: 50.6, Diff: 14.0, Sum: 87.2]
         [Processed Buffers: Min: 126, Avg: 141.5, Max: 157, Diff: 31, Sum: 283]
      [Scan RS (ms): Min: 107.7, Avg: 107.7, Max: 107.7, Diff: 0.0, Sum: 215.5]
      [Object Copy (ms): Min: 384.1, Avg: 386.1, Max: 388.2, Diff: 4.1, Sum: 772.3]
      [Termination (ms): Min: 0.0, Avg: 0.0, Max: 0.0, Diff: 0.0, Sum: 0.0]
      [GC Worker Other (ms): Min: 0.1, Avg: 0.1, Max: 0.1, Diff: 0.0, Sum: 0.2]
      [GC Worker Total (ms): Min: 596.3, Avg: 596.3, Max: 596.4, Diff: 0.1, Sum: 1192.7]
      [GC Worker End (ms): Min: 26919959.2, Avg: 26919959.2, Max: 26919959.3, Diff: 0.0]
   [Code Root Fixup: 0.0 ms]
   [Clear CT: 1.0 ms]
   [Other: 14.3 ms]
      [Choose CSet: 2.6 ms]
      [Ref Proc: 3.7 ms]
      [Ref Enq: 0.1 ms]
      [Free CSet: 6.2 ms]
   [Eden: 966.0M(966.0M)->0.0B(896.0M) Survivors: 58.0M->128.0M Heap: 2113.4M(3072.0M)->970.9M(3072.0M)]
 [Times: user=1.21 sys=0.01, real=0.61 secs] 
26926.173: [GC pause (mixed)
Desired survivor size 67108864 bytes, new threshold 1 (max 32)
- age   1:  107218176 bytes,  107218176 total
- age   2:   26029224 bytes,  133247400 total
- age   3:     159976 bytes,  133407376 total
- age   4:   12428984 bytes,  145836360 total
, 0.4760650 secs]
   [Parallel Time: 462.6 ms, GC Workers: 2]
      [GC Worker Start (ms): Min: 26926174.8, Avg: 26926174.9, Max: 26926174.9, Diff: 0.0]
      [Ext Root Scanning (ms): Min: 48.6, Avg: 54.7, Max: 60.9, Diff: 12.3, Sum: 109.5]
      [Update RS (ms): Min: 32.6, Avg: 41.1, Max: 49.7, Diff: 17.2, Sum: 82.3]
         [Processed Buffers: Min: 120, Avg: 147.5, Max: 175, Diff: 55, Sum: 295]
      [Scan RS (ms): Min: 75.3, Avg: 75.5, Max: 75.6, Diff: 0.2, Sum: 150.9]
      [Object Copy (ms): Min: 288.5, Avg: 291.0, Max: 293.4, Diff: 4.9, Sum: 581.9]
      [Termination (ms): Min: 0.0, Avg: 0.0, Max: 0.0, Diff: 0.0, Sum: 0.0]
      [GC Worker Other (ms): Min: 0.1, Avg: 0.2, Max: 0.3, Diff: 0.2, Sum: 0.3]
      [GC Worker Total (ms): Min: 462.5, Avg: 462.5, Max: 462.5, Diff: 0.0, Sum: 925.0]
      [GC Worker End (ms): Min: 26926637.3, Avg: 26926637.4, Max: 26926637.4, Diff: 0.0]
   [Code Root Fixup: 0.0 ms]
   [Clear CT: 1.0 ms]
   [Other: 12.4 ms]
      [Choose CSet: 0.5 ms]
      [Ref Proc: 5.4 ms]
      [Ref Enq: 0.1 ms]
      [Free CSet: 3.4 ms]
   [Eden: 896.0M(896.0M)->0.0B(988.0M) Survivors: 128.0M->36.0M Heap: 1875.9M(3072.0M)->955.9M(3072.0M)]
 [Times: user=0.94 sys=0.00, real=0.47 secs] 
26934.144: [GC pause (young)
Desired survivor size 67108864 bytes, new threshold 16 (max 32)
- age   1:   32981976 bytes,   32981976 total
, 0.2643040 secs]
   [Parallel Time: 246.1 ms, GC Workers: 2]
      [GC Worker Start (ms): Min: 26934144.7, Avg: 26934144.7, Max: 26934144.7, Diff: 0.0]
      [Ext Root Scanning (ms): Min: 45.4, Avg: 56.2, Max: 66.9, Diff: 21.5, Sum: 112.3]
      [Update RS (ms): Min: 37.6, Avg: 47.4, Max: 57.1, Diff: 19.5, Sum: 94.7]
         [Processed Buffers: Min: 112, Avg: 165.0, Max: 218, Diff: 106, Sum: 330]
      [Scan RS (ms): Min: 26.9, Avg: 26.9, Max: 26.9, Diff: 0.0, Sum: 53.8]
      [Object Copy (ms): Min: 114.3, Avg: 115.4, Max: 116.5, Diff: 2.1, Sum: 230.8]
      [Termination (ms): Min: 0.0, Avg: 0.0, Max: 0.0, Diff: 0.0, Sum: 0.0]
      [GC Worker Other (ms): Min: 0.1, Avg: 0.2, Max: 0.3, Diff: 0.2, Sum: 0.4]
      [GC Worker Total (ms): Min: 246.0, Avg: 246.0, Max: 246.0, Diff: 0.0, Sum: 492.0]
      [GC Worker End (ms): Min: 26934390.7, Avg: 26934390.7, Max: 26934390.7, Diff: 0.0]
   [Code Root Fixup: 0.0 ms]
   [Clear CT: 0.7 ms]
   [Other: 17.5 ms]
      [Choose CSet: 0.0 ms]
      [Ref Proc: 12.6 ms]
      [Ref Enq: 0.2 ms]
      [Free CSet: 3.1 ms]
   [Eden: 988.0M(988.0M)->0.0B(966.0M) Survivors: 36.0M->58.0M Heap: 1944.4M(3072.0M)->978.4M(3072.0M)]
 [Times: user=0.51 sys=0.00, real=0.27 secs] 
26940.294: [GC pause (young)
Desired survivor size 67108864 bytes, new threshold 16 (max 32)
- age   1:   34110248 bytes,   34110248 total
- age   2:   20624752 bytes,   54735000 total
, 0.2720090 secs]
   [Parallel Time: 260.4 ms, GC Workers: 2]
      [GC Worker Start (ms): Min: 26940294.8, Avg: 26940294.8, Max: 26940294.8, Diff: 0.0]
      [Ext Root Scanning (ms): Min: 49.8, Avg: 57.4, Max: 65.0, Diff: 15.2, Sum: 114.8]
      [Update RS (ms): Min: 20.7, Avg: 30.9, Max: 41.1, Diff: 20.4, Sum: 61.8]
         [Processed Buffers: Min: 141, Avg: 165.0, Max: 189, Diff: 48, Sum: 330]
      [Scan RS (ms): Min: 31.3, Avg: 31.4, Max: 31.5, Diff: 0.1, Sum: 62.8]
      [Object Copy (ms): Min: 137.6, Avg: 140.4, Max: 143.1, Diff: 5.5, Sum: 280.7]
      [Termination (ms): Min: 0.0, Avg: 0.0, Max: 0.0, Diff: 0.0, Sum: 0.0]
      [GC Worker Other (ms): Min: 0.1, Avg: 0.2, Max: 0.4, Diff: 0.3, Sum: 0.4]
      [GC Worker Total (ms): Min: 260.3, Avg: 260.3, Max: 260.3, Diff: 0.1, Sum: 520.6]
      [GC Worker End (ms): Min: 26940555.1, Avg: 26940555.1, Max: 26940555.2, Diff: 0.1]
   [Code Root Fixup: 0.0 ms]
   [Clear CT: 0.6 ms]
   [Other: 11.0 ms]
      [Choose CSet: 0.0 ms]
      [Ref Proc: 6.2 ms]
      [Ref Enq: 0.1 ms]
      [Free CSet: 3.0 ms]
   [Eden: 966.0M(966.0M)->0.0B(953.0M) Survivors: 58.0M->71.0M Heap: 1972.5M(3072.0M)->1019.0M(3072.0M)]
 [Times: user=0.53 sys=0.00, real=0.28 secs] 
26947.172: [GC pause (young)
Desired survivor size 67108864 bytes, new threshold 3 (max 32)
- age   1:   33953152 bytes,   33953152 total
- age   2:   20422976 bytes,   54376128 total
- age   3:   15144728 bytes,   69520856 total
, 0.5186990 secs]
   [Parallel Time: 508.3 ms, GC Workers: 2]
      [GC Worker Start (ms): Min: 26947173.1, Avg: 26947173.1, Max: 26947173.2, Diff: 0.1]
      [Ext Root Scanning (ms): Min: 48.5, Avg: 55.6, Max: 62.7, Diff: 14.2, Sum: 111.2]
      [Update RS (ms): Min: 47.7, Avg: 57.2, Max: 66.8, Diff: 19.1, Sum: 114.4]
         [Processed Buffers: Min: 103, Avg: 171.0, Max: 239, Diff: 136, Sum: 342]
      [Scan RS (ms): Min: 30.3, Avg: 30.4, Max: 30.5, Diff: 0.2, Sum: 60.7]
      [Object Copy (ms): Min: 362.4, Avg: 364.7, Max: 367.0, Diff: 4.6, Sum: 729.4]
      [Termination (ms): Min: 0.0, Avg: 0.0, Max: 0.0, Diff: 0.0, Sum: 0.0]
      [GC Worker Other (ms): Min: 0.2, Avg: 0.2, Max: 0.2, Diff: 0.0, Sum: 0.4]
      [GC Worker Total (ms): Min: 508.1, Avg: 508.1, Max: 508.1, Diff: 0.0, Sum: 1016.2]
      [GC Worker End (ms): Min: 26947681.2, Avg: 26947681.2, Max: 26947681.3, Diff: 0.1]
   [Code Root Fixup: 0.0 ms]
   [Clear CT: 0.8 ms]
   [Other: 9.6 ms]
      [Choose CSet: 0.0 ms]
      [Ref Proc: 5.2 ms]
      [Ref Enq: 0.1 ms]
      [Free CSet: 2.8 ms]
   [Eden: 953.0M(953.0M)->0.0B(896.0M) Survivors: 71.0M->128.0M Heap: 1997.2M(3072.0M)->1130.2M(3072.0M)]
 [Times: user=1.01 sys=0.01, real=0.52 secs] 
26953.734: [GC pause (young)
Desired survivor size 67108864 bytes, new threshold 1 (max 32)
- age   1:   99523984 bytes,   99523984 total
- age   2:   25567416 bytes,  125091400 total
- age   3:   17775616 bytes,  142867016 total
, 0.5752600 secs]
   [Parallel Time: 561.1 ms, GC Workers: 2]
      [GC Worker Start (ms): Min: 26953735.8, Avg: 26953735.8, Max: 26953735.8, Diff: 0.0]
      [Ext Root Scanning (ms): Min: 45.2, Avg: 56.2, Max: 67.2, Diff: 22.0, Sum: 112.4]
      [Update RS (ms): Min: 41.4, Avg: 51.4, Max: 61.4, Diff: 20.0, Sum: 102.8]
         [Processed Buffers: Min: 117, Avg: 193.0, Max: 269, Diff: 152, Sum: 386]
      [Scan RS (ms): Min: 70.7, Avg: 70.8, Max: 70.8, Diff: 0.1, Sum: 141.5]
      [Object Copy (ms): Min: 381.1, Avg: 382.3, Max: 383.5, Diff: 2.4, Sum: 764.6]
      [Termination (ms): Min: 0.0, Avg: 0.0, Max: 0.0, Diff: 0.0, Sum: 0.0]
      [GC Worker Other (ms): Min: 0.1, Avg: 0.3, Max: 0.4, Diff: 0.3, Sum: 0.5]
      [GC Worker Total (ms): Min: 560.9, Avg: 560.9, Max: 561.0, Diff: 0.1, Sum: 1121.9]
      [GC Worker End (ms): Min: 26954296.7, Avg: 26954296.7, Max: 26954296.8, Diff: 0.1]
   [Code Root Fixup: 0.0 ms]
   [Clear CT: 0.9 ms]
   [Other: 13.3 ms]
      [Choose CSet: 0.0 ms]
      [Ref Proc: 4.9 ms]
      [Ref Enq: 0.1 ms]
      [Free CSet: 4.9 ms]
   [Eden: 896.0M(896.0M)->0.0B(985.0M) Survivors: 128.0M->39.0M Heap: 2045.2M(3072.0M)->1178.2M(3072.0M)]
 [Times: user=1.13 sys=0.01, real=0.58 secs] 
26959.541: [GC pause (young)
Desired survivor size 67108864 bytes, new threshold 16 (max 32)
- age   1:   37862904 bytes,   37862904 total
, 0.4597160 secs]
   [Parallel Time: 447.9 ms, GC Workers: 2]
      [GC Worker Start (ms): Min: 26959542.2, Avg: 26959542.2, Max: 26959542.2, Diff: 0.0]
      [Ext Root Scanning (ms): Min: 48.4, Avg: 55.8, Max: 63.2, Diff: 14.8, Sum: 111.6]
      [Update RS (ms): Min: 47.6, Avg: 56.9, Max: 66.2, Diff: 18.5, Sum: 113.8]
         [Processed Buffers: Min: 157, Avg: 159.5, Max: 162, Diff: 5, Sum: 319]
      [Scan RS (ms): Min: 58.6, Avg: 58.7, Max: 58.8, Diff: 0.2, Sum: 117.3]
      [Object Copy (ms): Min: 274.1, Avg: 276.2, Max: 278.3, Diff: 4.2, Sum: 552.4]
      [Termination (ms): Min: 0.0, Avg: 0.0, Max: 0.0, Diff: 0.0, Sum: 0.0]
      [GC Worker Other (ms): Min: 0.1, Avg: 0.3, Max: 0.4, Diff: 0.3, Sum: 0.5]
      [GC Worker Total (ms): Min: 447.8, Avg: 447.8, Max: 447.8, Diff: 0.0, Sum: 895.7]
      [GC Worker End (ms): Min: 26959990.1, Avg: 26959990.1, Max: 26959990.1, Diff: 0.0]
   [Code Root Fixup: 0.0 ms]
   [Clear CT: 0.7 ms]
   [Other: 11.1 ms]
      [Choose CSet: 0.0 ms]
      [Ref Proc: 4.1 ms]
      [Ref Enq: 0.1 ms]
      [Free CSet: 4.6 ms]
   [Eden: 985.0M(985.0M)->0.0B(913.0M) Survivors: 39.0M->111.0M Heap: 2214.3M(3072.0M)->1300.8M(3072.0M)]
 [Times: user=0.91 sys=0.00, real=0.46 secs] 
26964.333: [GC pause (young)
Desired survivor size 67108864 bytes, new threshold 1 (max 32)
- age   1:   78481888 bytes,   78481888 total
- age   2:   33516680 bytes,  111998568 total
, 0.5449820 secs]
   [Parallel Time: 533.6 ms, GC Workers: 2]
      [GC Worker Start (ms): Min: 26964334.4, Avg: 26964334.5, Max: 26964334.5, Diff: 0.1]
      [Ext Root Scanning (ms): Min: 47.0, Avg: 57.2, Max: 67.5, Diff: 20.6, Sum: 114.5]
      [Update RS (ms): Min: 64.4, Avg: 73.6, Max: 82.8, Diff: 18.5, Sum: 147.2]
         [Processed Buffers: Min: 56, Avg: 155.0, Max: 254, Diff: 198, Sum: 310]
      [Scan RS (ms): Min: 62.9, Avg: 63.1, Max: 63.2, Diff: 0.3, Sum: 126.1]
      [Object Copy (ms): Min: 338.2, Avg: 339.2, Max: 340.3, Diff: 2.0, Sum: 678.5]
      [Termination (ms): Min: 0.0, Avg: 0.0, Max: 0.0, Diff: 0.0, Sum: 0.0]
      [GC Worker Other (ms): Min: 0.1, Avg: 0.2, Max: 0.4, Diff: 0.3, Sum: 0.4]
      [GC Worker Total (ms): Min: 533.3, Avg: 533.4, Max: 533.4, Diff: 0.1, Sum: 1066.8]
      [GC Worker End (ms): Min: 26964867.9, Avg: 26964867.9, Max: 26964867.9, Diff: 0.0]
   [Code Root Fixup: 0.0 ms]
   [Clear CT: 0.7 ms]
   [Other: 10.7 ms]
      [Choose CSet: 0.0 ms]
      [Ref Proc: 3.2 ms]
      [Ref Enq: 0.1 ms]
      [Free CSet: 4.4 ms]
   [Eden: 913.0M(913.0M)->0.0B(975.0M) Survivors: 111.0M->49.0M Heap: 2219.1M(3072.0M)->1341.1M(3072.0M)]
 [Times: user=1.06 sys=0.00, real=0.54 secs] 
26966.384: [GC pause (young) (initial-mark)
Desired survivor size 67108864 bytes, new threshold 16 (max 32)
- age   1:   47819472 bytes,   47819472 total
, 0.2850610 secs]
   [Parallel Time: 279.4 ms, GC Workers: 2]
      [GC Worker Start (ms): Min: 26966386.0, Avg: 26966386.0, Max: 26966386.0, Diff: 0.0]
      [Ext Root Scanning (ms): Min: 47.6, Avg: 57.4, Max: 67.2, Diff: 19.6, Sum: 114.7]
      [Update RS (ms): Min: 37.7, Avg: 47.6, Max: 57.5, Diff: 19.8, Sum: 95.3]
         [Processed Buffers: Min: 78, Avg: 146.0, Max: 214, Diff: 136, Sum: 292]
      [Scan RS (ms): Min: 36.3, Avg: 36.4, Max: 36.4, Diff: 0.1, Sum: 72.7]
      [Object Copy (ms): Min: 137.7, Avg: 137.8, Max: 137.9, Diff: 0.2, Sum: 275.6]
      [Termination (ms): Min: 0.0, Avg: 0.0, Max: 0.0, Diff: 0.0, Sum: 0.0]
      [GC Worker Other (ms): Min: 0.1, Avg: 0.1, Max: 0.2, Diff: 0.1, Sum: 0.2]
      [GC Worker Total (ms): Min: 279.3, Avg: 279.3, Max: 279.3, Diff: 0.0, Sum: 558.6]
      [GC Worker End (ms): Min: 26966665.3, Avg: 26966665.3, Max: 26966665.3, Diff: 0.0]
   [Code Root Fixup: 0.0 ms]
   [Clear CT: 0.4 ms]
   [Other: 5.3 ms]
      [Choose CSet: 0.0 ms]
      [Ref Proc: 1.3 ms]
      [Ref Enq: 0.0 ms]
      [Free CSet: 1.6 ms]
   [Eden: 310.0M(975.0M)->0.0B(965.0M) Survivors: 49.0M->59.0M Heap: 1650.6M(3072.0M)->1351.6M(3072.0M)]
 [Times: user=0.57 sys=0.00, real=0.28 secs] 
26966.670: [GC concurrent-root-region-scan-start]
26966.902: [GC concurrent-root-region-scan-end, 0.2320900 secs]
26966.902: [GC concurrent-mark-start]
26969.204: [GC concurrent-mark-end, 2.3016190 secs]
26969.205: [GC remark 26969.207: [GC ref-proc, 0.2405710 secs], 0.3094790 secs]
 [Times: user=0.31 sys=0.00, real=0.31 secs] 
26969.517: [GC cleanup 1948M->1695M(3072M), 0.0245380 secs]
 [Times: user=0.05 sys=0.00, real=0.03 secs] 
26969.542: [GC concurrent-cleanup-start]
26969.543: [GC concurrent-cleanup-end, 0.0006240 secs]
26971.594: [GC pause (young)
Desired survivor size 67108864 bytes, new threshold 16 (max 32)
- age   1:   19467168 bytes,   19467168 total
- age   2:   40242920 bytes,   59710088 total
, 0.3925350 secs]
   [Parallel Time: 379.3 ms, GC Workers: 2]
      [GC Worker Start (ms): Min: 26971595.2, Avg: 26971595.2, Max: 26971595.2, Diff: 0.0]
      [Ext Root Scanning (ms): Min: 49.0, Avg: 56.0, Max: 63.0, Diff: 14.0, Sum: 112.1]
      [Update RS (ms): Min: 42.6, Avg: 51.5, Max: 60.3, Diff: 17.7, Sum: 102.9]
         [Processed Buffers: Min: 114, Avg: 169.5, Max: 225, Diff: 111, Sum: 339]
      [Scan RS (ms): Min: 73.0, Avg: 73.5, Max: 74.0, Diff: 1.1, Sum: 147.0]
      [Object Copy (ms): Min: 195.7, Avg: 198.0, Max: 200.2, Diff: 4.5, Sum: 395.9]
      [Termination (ms): Min: 0.0, Avg: 0.0, Max: 0.0, Diff: 0.0, Sum: 0.0]
      [GC Worker Other (ms): Min: 0.1, Avg: 0.2, Max: 0.4, Diff: 0.3, Sum: 0.5]
      [GC Worker Total (ms): Min: 379.2, Avg: 379.2, Max: 379.2, Diff: 0.0, Sum: 758.4]
      [GC Worker End (ms): Min: 26971974.4, Avg: 26971974.4, Max: 26971974.4, Diff: 0.0]
   [Code Root Fixup: 0.0 ms]
   [Clear CT: 1.0 ms]
   [Other: 12.2 ms]
      [Choose CSet: 0.0 ms]
      [Ref Proc: 4.8 ms]
      [Ref Enq: 0.1 ms]
      [Free CSet: 5.0 ms]
   [Eden: 965.0M(965.0M)->0.0B(938.0M) Survivors: 59.0M->86.0M Heap: 2134.7M(3072.0M)->1196.2M(3072.0M)]
 [Times: user=0.77 sys=0.00, real=0.39 secs] 
26978.045: [GC pause (mixed)
Desired survivor size 67108864 bytes, new threshold 3 (max 32)
- age   1:   36643960 bytes,   36643960 total
- age   2:   12107104 bytes,   48751064 total
- age   3:   37886056 bytes,   86637120 total
, 0.5196390 secs]
   [Parallel Time: 502.1 ms, GC Workers: 2]
      [GC Worker Start (ms): Min: 26978047.4, Avg: 26978047.4, Max: 26978047.4, Diff: 0.0]
      [Ext Root Scanning (ms): Min: 50.0, Avg: 55.6, Max: 61.3, Diff: 11.3, Sum: 111.3]
      [Update RS (ms): Min: 55.7, Avg: 63.4, Max: 71.0, Diff: 15.3, Sum: 126.8]
         [Processed Buffers: Min: 82, Avg: 150.5, Max: 219, Diff: 137, Sum: 301]
      [Scan RS (ms): Min: 96.2, Avg: 96.3, Max: 96.3, Diff: 0.0, Sum: 192.5]
      [Object Copy (ms): Min: 284.7, Avg: 286.5, Max: 288.2, Diff: 3.6, Sum: 572.9]
      [Termination (ms): Min: 0.0, Avg: 0.0, Max: 0.0, Diff: 0.0, Sum: 0.0]
      [GC Worker Other (ms): Min: 0.1, Avg: 0.3, Max: 0.5, Diff: 0.4, Sum: 0.6]
      [GC Worker Total (ms): Min: 502.0, Avg: 502.0, Max: 502.1, Diff: 0.0, Sum: 1004.1]
      [GC Worker End (ms): Min: 26978549.4, Avg: 26978549.4, Max: 26978549.4, Diff: 0.0]
   [Code Root Fixup: 0.0 ms]
   [Clear CT: 0.8 ms]
   [Other: 16.7 ms]
      [Choose CSet: 0.5 ms]
      [Ref Proc: 6.6 ms]
      [Ref Enq: 0.1 ms]
      [Free CSet: 5.7 ms]
   [Eden: 938.0M(938.0M)->0.0B(934.0M) Survivors: 86.0M->90.0M Heap: 2136.2M(3072.0M)->1159.7M(3072.0M)]
 [Times: user=1.02 sys=0.01, real=0.52 secs] 
26983.843: [GC pause (mixed)
Desired survivor size 67108864 bytes, new threshold 2 (max 32)
- age   1:   48488424 bytes,   48488424 total
- age   2:   30728104 bytes,   79216528 total
- age   3:   10942160 bytes,   90158688 total
, 0.5494200 secs]
   [Parallel Time: 534.1 ms, GC Workers: 2]
      [GC Worker Start (ms): Min: 26983845.4, Avg: 26983845.4, Max: 26983845.4, Diff: 0.0]
      [Ext Root Scanning (ms): Min: 46.1, Avg: 56.9, Max: 67.7, Diff: 21.6, Sum: 113.9]
      [Update RS (ms): Min: 36.6, Avg: 45.9, Max: 55.2, Diff: 18.6, Sum: 91.7]
         [Processed Buffers: Min: 136, Avg: 137.0, Max: 138, Diff: 2, Sum: 274]
      [Scan RS (ms): Min: 115.8, Avg: 115.9, Max: 115.9, Diff: 0.1, Sum: 231.7]
      [Object Copy (ms): Min: 313.7, Avg: 315.3, Max: 316.9, Diff: 3.1, Sum: 630.6]
      [Termination (ms): Min: 0.0, Avg: 0.0, Max: 0.0, Diff: 0.0, Sum: 0.0]
      [GC Worker Other (ms): Min: 0.1, Avg: 0.1, Max: 0.1, Diff: 0.0, Sum: 0.2]
      [GC Worker Total (ms): Min: 534.0, Avg: 534.0, Max: 534.1, Diff: 0.0, Sum: 1068.1]
      [GC Worker End (ms): Min: 26984379.5, Avg: 26984379.5, Max: 26984379.5, Diff: 0.0]
   [Code Root Fixup: 0.0 ms]
   [Clear CT: 1.0 ms]
   [Other: 14.3 ms]
      [Choose CSet: 0.9 ms]
      [Ref Proc: 4.1 ms]
      [Ref Enq: 0.1 ms]
      [Free CSet: 6.3 ms]
   [Eden: 934.0M(934.0M)->0.0B(927.0M) Survivors: 90.0M->97.0M Heap: 2104.7M(3072.0M)->1139.2M(3072.0M)]
 [Times: user=1.08 sys=0.00, real=0.54 secs] 
26988.986: [GC pause (mixed)
Desired survivor size 67108864 bytes, new threshold 2 (max 32)
- age   1:   64091480 bytes,   64091480 total
- age   2:   33586624 bytes,   97678104 total
, 0.4966330 secs]
   [Parallel Time: 483.2 ms, GC Workers: 2]
      [GC Worker Start (ms): Min: 26988988.5, Avg: 26988988.5, Max: 26988988.5, Diff: 0.0]
      [Ext Root Scanning (ms): Min: 54.2, Avg: 57.9, Max: 61.6, Diff: 7.3, Sum: 115.8]
      [Update RS (ms): Min: 45.2, Avg: 50.8, Max: 56.4, Diff: 11.1, Sum: 101.6]
         [Processed Buffers: Min: 54, Avg: 142.0, Max: 230, Diff: 176, Sum: 284]
      [Scan RS (ms): Min: 105.3, Avg: 105.3, Max: 105.4, Diff: 0.1, Sum: 210.7]
      [Object Copy (ms): Min: 267.1, Avg: 269.0, Max: 270.8, Diff: 3.7, Sum: 538.0]
      [Termination (ms): Min: 0.0, Avg: 0.0, Max: 0.0, Diff: 0.0, Sum: 0.0]
      [GC Worker Other (ms): Min: 0.1, Avg: 0.1, Max: 0.1, Diff: 0.0, Sum: 0.2]
      [GC Worker Total (ms): Min: 483.1, Avg: 483.1, Max: 483.1, Diff: 0.1, Sum: 966.2]
      [GC Worker End (ms): Min: 26989471.6, Avg: 26989471.6, Max: 26989471.6, Diff: 0.0]
   [Code Root Fixup: 0.0 ms]
   [Clear CT: 0.8 ms]
   [Other: 12.6 ms]
      [Choose CSet: 0.7 ms]
      [Ref Proc: 3.2 ms]
      [Ref Enq: 0.0 ms]
      [Free CSet: 5.9 ms]
   [Eden: 927.0M(927.0M)->0.0B(941.0M) Survivors: 97.0M->83.0M Heap: 2096.9M(3072.0M)->1149.4M(3072.0M)]
 [Times: user=0.98 sys=0.00, real=0.49 secs] 
26994.379: [GC pause (young)
Desired survivor size 67108864 bytes, new threshold 2 (max 32)
- age   1:   44173704 bytes,   44173704 total
- age   2:   39466136 bytes,   83639840 total
, 0.5075230 secs]
   [Parallel Time: 495.3 ms, GC Workers: 2]
      [GC Worker Start (ms): Min: 26994380.6, Avg: 26994380.6, Max: 26994380.7, Diff: 0.1]
      [Ext Root Scanning (ms): Min: 50.5, Avg: 57.2, Max: 64.0, Diff: 13.6, Sum: 114.5]
      [Update RS (ms): Min: 40.3, Avg: 49.4, Max: 58.6, Diff: 18.3, Sum: 98.8]
         [Processed Buffers: Min: 86, Avg: 134.0, Max: 182, Diff: 96, Sum: 268]
      [Scan RS (ms): Min: 105.1, Avg: 105.1, Max: 105.1, Diff: 0.1, Sum: 210.2]
      [Object Copy (ms): Min: 281.0, Avg: 283.3, Max: 285.6, Diff: 4.6, Sum: 566.5]
      [Termination (ms): Min: 0.0, Avg: 0.0, Max: 0.0, Diff: 0.0, Sum: 0.0]
      [GC Worker Other (ms): Min: 0.1, Avg: 0.1, Max: 0.1, Diff: 0.0, Sum: 0.2]
      [GC Worker Total (ms): Min: 495.1, Avg: 495.1, Max: 495.1, Diff: 0.1, Sum: 990.2]
      [GC Worker End (ms): Min: 26994875.7, Avg: 26994875.7, Max: 26994875.7, Diff: 0.0]
   [Code Root Fixup: 0.0 ms]
   [Clear CT: 0.7 ms]
   [Other: 11.6 ms]
      [Choose CSet: 0.0 ms]
      [Ref Proc: 3.3 ms]
      [Ref Enq: 0.1 ms]
      [Free CSet: 5.2 ms]
   [Eden: 941.0M(941.0M)->0.0B(938.0M) Survivors: 83.0M->86.0M Heap: 2091.4M(3072.0M)->1189.9M(3072.0M)]
 [Times: user=1.00 sys=0.00, real=0.51 secs] 
26998.516: [GC pause (young)
Desired survivor size 67108864 bytes, new threshold 2 (max 32)
- age   1:   51241640 bytes,   51241640 total
- age   2:   36429600 bytes,   87671240 total
, 0.3319990 secs]
   [Parallel Time: 322.8 ms, GC Workers: 2]
      [GC Worker Start (ms): Min: 26998517.6, Avg: 26998517.6, Max: 26998517.6, Diff: 0.0]
      [Ext Root Scanning (ms): Min: 47.6, Avg: 57.6, Max: 67.5, Diff: 19.9, Sum: 115.2]
      [Update RS (ms): Min: 20.3, Avg: 29.0, Max: 37.7, Diff: 17.4, Sum: 58.0]
         [Processed Buffers: Min: 113, Avg: 146.0, Max: 179, Diff: 66, Sum: 292]
      [Scan RS (ms): Min: 61.2, Avg: 61.3, Max: 61.3, Diff: 0.1, Sum: 122.5]
      [Object Copy (ms): Min: 173.6, Avg: 174.8, Max: 175.9, Diff: 2.3, Sum: 349.6]
      [Termination (ms): Min: 0.0, Avg: 0.0, Max: 0.0, Diff: 0.0, Sum: 0.0]
      [GC Worker Other (ms): Min: 0.1, Avg: 0.1, Max: 0.1, Diff: 0.0, Sum: 0.1]
      [GC Worker Total (ms): Min: 322.7, Avg: 322.7, Max: 322.7, Diff: 0.0, Sum: 645.4]
      [GC Worker End (ms): Min: 26998840.3, Avg: 26998840.3, Max: 26998840.3, Diff: 0.0]
   [Code Root Fixup: 0.0 ms]
   [Clear CT: 0.5 ms]
   [Other: 8.7 ms]
      [Choose CSet: 0.0 ms]
      [Ref Proc: 2.9 ms]
      [Ref Enq: 0.0 ms]
      [Free CSet: 3.7 ms]
   [Eden: 588.0M(938.0M)->0.0B(960.0M) Survivors: 86.0M->64.0M Heap: 1876.7M(3072.0M)->1293.3M(3072.0M)]
 [Times: user=0.65 sys=0.00, real=0.33 secs] 
26999.392: [GC pause (young) (initial-mark)
Desired survivor size 67108864 bytes, new threshold 16 (max 32)
- age   1:   26636760 bytes,   26636760 total
- age   2:   36440720 bytes,   63077480 total
, 0.2927020 secs]
   [Parallel Time: 289.1 ms, GC Workers: 2]
      [GC Worker Start (ms): Min: 26999393.3, Avg: 26999393.6, Max: 26999394.0, Diff: 0.7]
      [Ext Root Scanning (ms): Min: 47.6, Avg: 59.1, Max: 70.7, Diff: 23.2, Sum: 118.3]
      [Update RS (ms): Min: 32.4, Avg: 44.7, Max: 57.0, Diff: 24.6, Sum: 89.5]
         [Processed Buffers: Min: 60, Avg: 161.5, Max: 263, Diff: 203, Sum: 323]
      [Scan RS (ms): Min: 44.1, Avg: 44.1, Max: 44.1, Diff: 0.1, Sum: 88.2]
      [Object Copy (ms): Min: 139.6, Avg: 140.6, Max: 141.6, Diff: 2.0, Sum: 281.3]
      [Termination (ms): Min: 0.0, Avg: 0.0, Max: 0.0, Diff: 0.0, Sum: 0.0]
      [GC Worker Other (ms): Min: 0.1, Avg: 0.1, Max: 0.1, Diff: 0.0, Sum: 0.1]
      [GC Worker Total (ms): Min: 288.4, Avg: 288.7, Max: 289.0, Diff: 0.7, Sum: 577.4]
      [GC Worker End (ms): Min: 26999682.3, Avg: 26999682.3, Max: 26999682.3, Diff: 0.0]
   [Code Root Fixup: 0.0 ms]
   [Clear CT: 0.4 ms]
   [Other: 3.2 ms]
      [Choose CSet: 0.0 ms]
      [Ref Proc: 0.6 ms]
      [Ref Enq: 0.0 ms]
      [Free CSet: 0.8 ms]
   [Eden: 62.0M(960.0M)->0.0B(961.0M) Survivors: 64.0M->63.0M Heap: 1399.5M(3072.0M)->1337.0M(3072.0M)]
 [Times: user=0.58 sys=0.00, real=0.29 secs] 
26999.685: [GC concurrent-root-region-scan-start]
27000.014: [GC concurrent-root-region-scan-end, 0.3282760 secs]
27000.014: [GC concurrent-mark-start]
27002.422: [GC pause (young)
Desired survivor size 67108864 bytes, new threshold 16 (max 32)
- age   1:    3285248 bytes,    3285248 total
- age   2:   25187856 bytes,   28473104 total
- age   3:   36319520 bytes,   64792624 total
, 0.3597740 secs]
   [Parallel Time: 350.3 ms, GC Workers: 2]
      [GC Worker Start (ms): Min: 27002423.4, Avg: 27002423.4, Max: 27002423.4, Diff: 0.0]
      [Ext Root Scanning (ms): Min: 48.0, Avg: 57.9, Max: 67.8, Diff: 19.8, Sum: 115.7]
      [SATB Filtering (ms): Min: 0.0, Avg: 0.4, Max: 0.8, Diff: 0.8, Sum: 0.8]
      [Update RS (ms): Min: 5.2, Avg: 13.9, Max: 22.7, Diff: 17.4, Sum: 27.9]
         [Processed Buffers: Min: 127, Avg: 150.0, Max: 173, Diff: 46, Sum: 300]
      [Scan RS (ms): Min: 85.2, Avg: 85.5, Max: 85.7, Diff: 0.5, Sum: 171.0]
      [Object Copy (ms): Min: 191.4, Avg: 192.4, Max: 193.4, Diff: 2.0, Sum: 384.8]
      [Termination (ms): Min: 0.0, Avg: 0.0, Max: 0.0, Diff: 0.0, Sum: 0.0]
      [GC Worker Other (ms): Min: 0.1, Avg: 0.1, Max: 0.1, Diff: 0.0, Sum: 0.2]
      [GC Worker Total (ms): Min: 350.1, Avg: 350.2, Max: 350.2, Diff: 0.0, Sum: 700.3]
      [GC Worker End (ms): Min: 27002773.5, Avg: 27002773.5, Max: 27002773.6, Diff: 0.0]
   [Code Root Fixup: 0.0 ms]
   [Clear CT: 0.8 ms]
   [Other: 8.6 ms]
      [Choose CSet: 0.0 ms]
      [Ref Proc: 4.2 ms]
      [Ref Enq: 0.1 ms]
      [Free CSet: 2.6 ms]
   [Eden: 470.0M(961.0M)->0.0B(928.0M) Survivors: 63.0M->96.0M Heap: 1838.2M(3072.0M)->1402.0M(3072.0M)]
 [Times: user=0.72 sys=0.00, real=0.36 secs] 
27002.955: [GC concurrent-mark-end, 2.9411140 secs]
27002.956: [GC remark 27002.958: [GC ref-proc, 0.0960840 secs], 0.1614470 secs]
 [Times: user=0.17 sys=0.00, real=0.16 secs] 
27003.120: [GC cleanup 1444M->1197M(3072M), 0.0245770 secs]
 [Times: user=0.05 sys=0.00, real=0.02 secs] 
27003.145: [GC concurrent-cleanup-start]
27003.145: [GC concurrent-cleanup-end, 0.0006020 secs]
27008.298: [GC pause (young)
Desired survivor size 67108864 bytes, new threshold 4 (max 32)
- age   1:   36780344 bytes,   36780344 total
- age   2:    1200296 bytes,   37980640 total
- age   3:   24686608 bytes,   62667248 total
- age   4:   35433048 bytes,   98100296 total
, 0.6890050 secs]
   [Parallel Time: 677.5 ms, GC Workers: 2]
      [GC Worker Start (ms): Min: 27008299.4, Avg: 27008299.4, Max: 27008299.4, Diff: 0.0]
      [Ext Root Scanning (ms): Min: 46.2, Avg: 56.9, Max: 67.5, Diff: 21.3, Sum: 113.8]
      [Update RS (ms): Min: 39.1, Avg: 49.1, Max: 59.2, Diff: 20.2, Sum: 98.3]
         [Processed Buffers: Min: 107, Avg: 140.0, Max: 173, Diff: 66, Sum: 280]
      [Scan RS (ms): Min: 54.1, Avg: 54.6, Max: 55.1, Diff: 1.1, Sum: 109.2]
      [Object Copy (ms): Min: 515.6, Avg: 516.7, Max: 517.8, Diff: 2.3, Sum: 1033.4]
      [Termination (ms): Min: 0.0, Avg: 0.0, Max: 0.0, Diff: 0.0, Sum: 0.0]
      [GC Worker Other (ms): Min: 0.1, Avg: 0.1, Max: 0.1, Diff: 0.0, Sum: 0.2]
      [GC Worker Total (ms): Min: 677.4, Avg: 677.4, Max: 677.4, Diff: 0.0, Sum: 1354.8]
      [GC Worker End (ms): Min: 27008976.8, Avg: 27008976.8, Max: 27008976.8, Diff: 0.0]
   [Code Root Fixup: 0.0 ms]
   [Clear CT: 1.4 ms]
   [Other: 10.1 ms]
      [Choose CSet: 0.0 ms]
      [Ref Proc: 4.1 ms]
      [Ref Enq: 0.1 ms]
      [Free CSet: 3.1 ms]
   [Eden: 928.0M(928.0M)->0.0B(896.0M) Survivors: 96.0M->128.0M Heap: 2096.7M(3072.0M)->1292.2M(3072.0M)]
 [Times: user=1.36 sys=0.00, real=0.69 secs] 
27013.999: [GC pause (mixed)
Desired survivor size 67108864 bytes, new threshold 1 (max 32)
- age   1:  147262104 bytes,  147262104 total
- age   2:   27508832 bytes,  174770936 total
- age   3:    1164344 bytes,  175935280 total
- age   4:   14196128 bytes,  190131408 total
, 0.5040930 secs]
   [Parallel Time: 489.3 ms, GC Workers: 2]
      [GC Worker Start (ms): Min: 27014001.5, Avg: 27014001.8, Max: 27014002.1, Diff: 0.6]
      [Ext Root Scanning (ms): Min: 49.8, Avg: 57.3, Max: 64.7, Diff: 14.9, Sum: 114.6]
      [Update RS (ms): Min: 3.6, Avg: 13.1, Max: 22.7, Diff: 19.1, Sum: 26.3]
         [Processed Buffers: Min: 95, Avg: 143.5, Max: 192, Diff: 97, Sum: 287]
      [Scan RS (ms): Min: 132.5, Avg: 132.6, Max: 132.8, Diff: 0.3, Sum: 265.3]
      [Object Copy (ms): Min: 283.3, Avg: 285.8, Max: 288.3, Diff: 5.1, Sum: 571.6]
      [Termination (ms): Min: 0.0, Avg: 0.0, Max: 0.0, Diff: 0.0, Sum: 0.0]
      [GC Worker Other (ms): Min: 0.1, Avg: 0.1, Max: 0.1, Diff: 0.0, Sum: 0.2]
      [GC Worker Total (ms): Min: 488.6, Avg: 488.9, Max: 489.2, Diff: 0.6, Sum: 977.8]
      [GC Worker End (ms): Min: 27014490.7, Avg: 27014490.7, Max: 27014490.7, Diff: 0.0]
   [Code Root Fixup: 0.0 ms]
   [Clear CT: 0.9 ms]
   [Other: 13.8 ms]
      [Choose CSet: 0.8 ms]
      [Ref Proc: 4.9 ms]
      [Ref Enq: 0.1 ms]
      [Free CSet: 4.7 ms]
   [Eden: 896.0M(896.0M)->0.0B(993.0M) Survivors: 128.0M->31.0M Heap: 2210.9M(3072.0M)->1246.9M(3072.0M)]
 [Times: user=0.99 sys=0.00, real=0.50 secs] 
27021.284: [GC pause (mixed)
Desired survivor size 67108864 bytes, new threshold 16 (max 32)
- age   1:   29144504 bytes,   29144504 total
, 0.3038850 secs]
   [Parallel Time: 289.1 ms, GC Workers: 2]
      [GC Worker Start (ms): Min: 27021285.8, Avg: 27021285.8, Max: 27021285.8, Diff: 0.0]
      [Ext Root Scanning (ms): Min: 49.0, Avg: 62.3, Max: 75.6, Diff: 26.5, Sum: 124.6]
      [Update RS (ms): Min: 42.7, Avg: 54.2, Max: 65.7, Diff: 23.0, Sum: 108.4]
         [Processed Buffers: Min: 120, Avg: 152.5, Max: 185, Diff: 65, Sum: 305]
      [Scan RS (ms): Min: 50.0, Avg: 50.2, Max: 50.3, Diff: 0.3, Sum: 100.3]
      [Object Copy (ms): Min: 120.3, Avg: 122.2, Max: 124.1, Diff: 3.8, Sum: 244.4]
      [Termination (ms): Min: 0.0, Avg: 0.0, Max: 0.0, Diff: 0.0, Sum: 0.0]
      [GC Worker Other (ms): Min: 0.1, Avg: 0.1, Max: 0.1, Diff: 0.0, Sum: 0.2]
      [GC Worker Total (ms): Min: 289.0, Avg: 289.0, Max: 289.0, Diff: 0.0, Sum: 577.9]
      [GC Worker End (ms): Min: 27021574.7, Avg: 27021574.7, Max: 27021574.7, Diff: 0.0]
   [Code Root Fixup: 0.0 ms]
   [Clear CT: 1.0 ms]
   [Other: 13.8 ms]
      [Choose CSet: 0.6 ms]
      [Ref Proc: 7.5 ms]
      [Ref Enq: 0.1 ms]
      [Free CSet: 3.5 ms]
   [Eden: 993.0M(993.0M)->0.0B(974.0M) Survivors: 31.0M->50.0M Heap: 2260.1M(3072.0M)->1257.1M(3072.0M)]
 [Times: user=0.59 sys=0.00, real=0.30 secs] 
27028.586: [GC pause (young)
Desired survivor size 67108864 bytes, new threshold 16 (max 32)
- age   1:   32369848 bytes,   32369848 total
- age   2:   16655216 bytes,   49025064 total
, 0.2962320 secs]
   [Parallel Time: 281.2 ms, GC Workers: 2]
      [GC Worker Start (ms): Min: 27028586.8, Avg: 27028586.8, Max: 27028586.8, Diff: 0.0]
      [Ext Root Scanning (ms): Min: 45.5, Avg: 56.8, Max: 68.0, Diff: 22.5, Sum: 113.5]
      [Update RS (ms): Min: 31.5, Avg: 41.6, Max: 51.6, Diff: 20.2, Sum: 83.1]
         [Processed Buffers: Min: 150, Avg: 185.5, Max: 221, Diff: 71, Sum: 371]
      [Scan RS (ms): Min: 32.7, Avg: 32.8, Max: 32.9, Diff: 0.2, Sum: 65.6]
      [Object Copy (ms): Min: 148.5, Avg: 149.8, Max: 151.0, Diff: 2.5, Sum: 299.5]
      [Termination (ms): Min: 0.0, Avg: 0.0, Max: 0.0, Diff: 0.0, Sum: 0.0]
      [GC Worker Other (ms): Min: 0.1, Avg: 0.1, Max: 0.1, Diff: 0.0, Sum: 0.2]
      [GC Worker Total (ms): Min: 281.0, Avg: 281.0, Max: 281.0, Diff: 0.0, Sum: 561.9]
      [GC Worker End (ms): Min: 27028867.8, Avg: 27028867.8, Max: 27028867.8, Diff: 0.0]
   [Code Root Fixup: 0.0 ms]
   [Clear CT: 0.9 ms]
   [Other: 14.1 ms]
      [Choose CSet: 0.0 ms]
      [Ref Proc: 8.8 ms]
      [Ref Enq: 0.3 ms]
      [Free CSet: 3.2 ms]
   [Eden: 900.0M(974.0M)->0.0B(947.0M) Survivors: 50.0M->77.0M Heap: 2183.5M(3072.0M)->1310.6M(3072.0M)]
 [Times: user=0.58 sys=0.00, real=0.30 secs] 
27033.212: [GC pause (young)
Desired survivor size 67108864 bytes, new threshold 3 (max 32)
- age   1:   45883952 bytes,   45883952 total
- age   2:   18116784 bytes,   64000736 total
- age   3:    9578920 bytes,   73579656 total
, 0.4147140 secs]
   [Parallel Time: 404.8 ms, GC Workers: 2]
      [GC Worker Start (ms): Min: 27033213.0, Avg: 27033213.0, Max: 27033213.1, Diff: 0.0]
      [Ext Root Scanning (ms): Min: 48.4, Avg: 56.0, Max: 63.7, Diff: 15.4, Sum: 112.1]
      [Update RS (ms): Min: 30.3, Avg: 40.3, Max: 50.3, Diff: 20.0, Sum: 80.6]
         [Processed Buffers: Min: 81, Avg: 165.5, Max: 250, Diff: 169, Sum: 331]
      [Scan RS (ms): Min: 38.7, Avg: 38.7, Max: 38.8, Diff: 0.0, Sum: 77.5]
      [Object Copy (ms): Min: 267.2, Avg: 269.5, Max: 271.8, Diff: 4.6, Sum: 539.1]
      [Termination (ms): Min: 0.0, Avg: 0.0, Max: 0.0, Diff: 0.0, Sum: 0.0]
      [GC Worker Other (ms): Min: 0.1, Avg: 0.1, Max: 0.1, Diff: 0.0, Sum: 0.1]
      [GC Worker Total (ms): Min: 404.7, Avg: 404.7, Max: 404.7, Diff: 0.0, Sum: 809.4]
      [GC Worker End (ms): Min: 27033617.8, Avg: 27033617.8, Max: 27033617.8, Diff: 0.0]
   [Code Root Fixup: 0.0 ms]
   [Clear CT: 0.7 ms]
   [Other: 9.1 ms]
      [Choose CSet: 0.0 ms]
      [Ref Proc: 5.4 ms]
      [Ref Enq: 0.1 ms]
      [Free CSet: 2.3 ms]
   [Eden: 947.0M(947.0M)->0.0B(905.0M) Survivors: 77.0M->119.0M Heap: 2289.6M(3072.0M)->1393.6M(3072.0M)]
 [Times: user=0.81 sys=0.00, real=0.42 secs] 
27038.191: [GC pause (young)
Desired survivor size 67108864 bytes, new threshold 1 (max 32)
- age   1:   78998768 bytes,   78998768 total
- age   2:   28035200 bytes,  107033968 total
- age   3:   13066984 bytes,  120100952 total
, 0.3746080 secs]
   [Parallel Time: 359.3 ms, GC Workers: 2]
      [GC Worker Start (ms): Min: 27038191.5, Avg: 27038191.6, Max: 27038191.6, Diff: 0.0]
      [Ext Root Scanning (ms): Min: 48.3, Avg: 59.7, Max: 71.1, Diff: 22.8, Sum: 119.4]
      [Update RS (ms): Min: 38.6, Avg: 49.0, Max: 59.3, Diff: 20.7, Sum: 97.9]
         [Processed Buffers: Min: 130, Avg: 155.0, Max: 180, Diff: 50, Sum: 310]
      [Scan RS (ms): Min: 29.6, Avg: 29.7, Max: 29.8, Diff: 0.2, Sum: 59.3]
      [Object Copy (ms): Min: 219.8, Avg: 220.8, Max: 221.8, Diff: 2.0, Sum: 441.6]
      [Termination (ms): Min: 0.0, Avg: 0.0, Max: 0.0, Diff: 0.0, Sum: 0.0]
      [GC Worker Other (ms): Min: 0.1, Avg: 0.1, Max: 0.1, Diff: 0.0, Sum: 0.1]
      [GC Worker Total (ms): Min: 359.2, Avg: 359.2, Max: 359.3, Diff: 0.0, Sum: 718.5]
      [GC Worker End (ms): Min: 27038550.8, Avg: 27038550.8, Max: 27038550.8, Diff: 0.0]
   [Code Root Fixup: 0.0 ms]
   [Clear CT: 0.8 ms]
   [Other: 14.5 ms]
      [Choose CSet: 0.0 ms]
      [Ref Proc: 10.0 ms]
      [Ref Enq: 0.1 ms]
      [Free CSet: 2.3 ms]
   [Eden: 905.0M(905.0M)->0.0B(996.0M) Survivors: 119.0M->28.0M Heap: 2321.3M(3072.0M)->1402.8M(3072.0M)]
 [Times: user=0.73 sys=0.00, real=0.38 secs] 
27041.508: [GC pause (young) (initial-mark)
Desired survivor size 67108864 bytes, new threshold 16 (max 32)
- age   1:   24819232 bytes,   24819232 total
, 0.2345210 secs]
   [Parallel Time: 228.3 ms, GC Workers: 2]
      [GC Worker Start (ms): Min: 27041509.5, Avg: 27041509.5, Max: 27041509.6, Diff: 0.0]
      [Ext Root Scanning (ms): Min: 52.6, Avg: 59.4, Max: 66.2, Diff: 13.5, Sum: 118.8]
      [Update RS (ms): Min: 42.7, Avg: 54.4, Max: 66.1, Diff: 23.4, Sum: 108.8]
         [Processed Buffers: Min: 126, Avg: 163.5, Max: 201, Diff: 75, Sum: 327]
      [Scan RS (ms): Min: 17.1, Avg: 17.3, Max: 17.5, Diff: 0.4, Sum: 34.6]
      [Object Copy (ms): Min: 91.7, Avg: 96.9, Max: 102.0, Diff: 10.3, Sum: 193.8]
      [Termination (ms): Min: 0.0, Avg: 0.0, Max: 0.0, Diff: 0.0, Sum: 0.0]
      [GC Worker Other (ms): Min: 0.1, Avg: 0.1, Max: 0.1, Diff: 0.0, Sum: 0.1]
      [GC Worker Total (ms): Min: 228.1, Avg: 228.1, Max: 228.1, Diff: 0.0, Sum: 456.2]
      [GC Worker End (ms): Min: 27041737.6, Avg: 27041737.6, Max: 27041737.6, Diff: 0.0]
   [Code Root Fixup: 0.0 ms]
   [Clear CT: 0.3 ms]
   [Other: 5.9 ms]
      [Choose CSet: 0.0 ms]
      [Ref Proc: 2.9 ms]
      [Ref Enq: 0.0 ms]
      [Free CSet: 1.2 ms]
   [Eden: 471.0M(996.0M)->0.0B(989.0M) Survivors: 28.0M->35.0M Heap: 1873.5M(3072.0M)->1409.3M(3072.0M)]
 [Times: user=0.46 sys=0.00, real=0.23 secs] 
27041.743: [GC concurrent-root-region-scan-start]
27041.852: [GC concurrent-root-region-scan-end, 0.1087110 secs]
27041.852: [GC concurrent-mark-start]
27043.040: [GC concurrent-mark-end, 1.1878740 secs]
27043.041: [GC remark 27043.042: [GC ref-proc, 0.3103310 secs], 0.3736030 secs]
 [Times: user=0.37 sys=0.00, real=0.38 secs] 
27043.417: [GC cleanup 1620M->1275M(3072M), 0.0249870 secs]
 [Times: user=0.05 sys=0.01, real=0.02 secs] 
27043.443: [GC concurrent-cleanup-start]
27043.443: [GC concurrent-cleanup-end, 0.0006990 secs]
27047.067: [GC pause (young)
Desired survivor size 67108864 bytes, new threshold 16 (max 32)
- age   1:   14049720 bytes,   14049720 total
- age   2:   20613960 bytes,   34663680 total
, 0.4037360 secs]
   [Parallel Time: 393.5 ms, GC Workers: 2]
      [GC Worker Start (ms): Min: 27047068.6, Avg: 27047068.6, Max: 27047068.6, Diff: 0.1]
      [Ext Root Scanning (ms): Min: 50.6, Avg: 57.8, Max: 65.0, Diff: 14.4, Sum: 115.6]
      [Update RS (ms): Min: 36.2, Avg: 44.7, Max: 53.1, Diff: 16.9, Sum: 89.3]
         [Processed Buffers: Min: 153, Avg: 156.5, Max: 160, Diff: 7, Sum: 313]
      [Scan RS (ms): Min: 25.9, Avg: 26.9, Max: 27.8, Diff: 1.9, Sum: 53.7]
      [Object Copy (ms): Min: 261.6, Avg: 263.8, Max: 266.0, Diff: 4.4, Sum: 527.6]
      [Termination (ms): Min: 0.0, Avg: 0.0, Max: 0.0, Diff: 0.0, Sum: 0.0]
      [GC Worker Other (ms): Min: 0.1, Avg: 0.1, Max: 0.1, Diff: 0.0, Sum: 0.2]
      [GC Worker Total (ms): Min: 393.2, Avg: 393.2, Max: 393.3, Diff: 0.1, Sum: 786.5]
      [GC Worker End (ms): Min: 27047461.8, Avg: 27047461.8, Max: 27047461.8, Diff: 0.0]
   [Code Root Fixup: 0.0 ms]
   [Clear CT: 0.8 ms]
   [Other: 9.4 ms]
      [Choose CSet: 0.0 ms]
      [Ref Proc: 5.1 ms]
      [Ref Enq: 0.1 ms]
      [Free CSet: 2.7 ms]
   [Eden: 989.0M(989.0M)->0.0B(909.0M) Survivors: 35.0M->115.0M Heap: 2103.9M(3072.0M)->1195.4M(3072.0M)]
 [Times: user=0.79 sys=0.01, real=0.40 secs] 
27052.023: [GC pause (mixed)
Desired survivor size 67108864 bytes, new threshold 1 (max 32)
- age   1:   88545096 bytes,   88545096 total
- age   2:   10373968 bytes,   98919064 total
- age   3:   17024032 bytes,  115943096 total
, 0.8162920 secs]
   [Parallel Time: 804.4 ms, GC Workers: 2]
      [GC Worker Start (ms): Min: 27052025.0, Avg: 27052025.0, Max: 27052025.0, Diff: 0.0]
      [Ext Root Scanning (ms): Min: 49.9, Avg: 58.7, Max: 67.6, Diff: 17.7, Sum: 117.5]
      [Update RS (ms): Min: 107.9, Avg: 115.2, Max: 122.4, Diff: 14.5, Sum: 230.4]
         [Processed Buffers: Min: 95, Avg: 161.0, Max: 227, Diff: 132, Sum: 322]
      [Scan RS (ms): Min: 57.9, Avg: 58.0, Max: 58.0, Diff: 0.1, Sum: 115.9]
      [Object Copy (ms): Min: 570.6, Avg: 572.3, Max: 574.0, Diff: 3.4, Sum: 1144.6]
      [Termination (ms): Min: 0.0, Avg: 0.0, Max: 0.0, Diff: 0.0, Sum: 0.0]
      [GC Worker Other (ms): Min: 0.1, Avg: 0.1, Max: 0.1, Diff: 0.0, Sum: 0.2]
      [GC Worker Total (ms): Min: 804.2, Avg: 804.3, Max: 804.3, Diff: 0.0, Sum: 1608.5]
      [GC Worker End (ms): Min: 27052829.3, Avg: 27052829.3, Max: 27052829.3, Diff: 0.0]
   [Code Root Fixup: 0.0 ms]
   [Clear CT: 0.9 ms]
   [Other: 11.0 ms]
      [Choose CSet: 0.4 ms]
      [Ref Proc: 3.5 ms]
      [Ref Enq: 0.1 ms]
      [Free CSet: 4.0 ms]
   [Eden: 909.0M(909.0M)->0.0B(899.0M) Survivors: 115.0M->125.0M Heap: 2130.6M(3072.0M)->1227.1M(3072.0M)]
 [Times: user=1.62 sys=0.00, real=0.82 secs] 
27057.594: [GC pause (mixed)
Desired survivor size 67108864 bytes, new threshold 1 (max 32)
- age   1:  127988192 bytes,  127988192 total
, 0.6500980 secs]
   [Parallel Time: 635.9 ms, GC Workers: 2]
      [GC Worker Start (ms): Min: 27057596.7, Avg: 27057596.7, Max: 27057596.8, Diff: 0.1]
      [Ext Root Scanning (ms): Min: 48.6, Avg: 56.6, Max: 64.5, Diff: 15.8, Sum: 113.1]
      [Update RS (ms): Min: 66.5, Avg: 76.6, Max: 86.7, Diff: 20.2, Sum: 153.2]
         [Processed Buffers: Min: 154, Avg: 161.0, Max: 168, Diff: 14, Sum: 322]
      [Scan RS (ms): Min: 109.1, Avg: 109.1, Max: 109.2, Diff: 0.1, Sum: 218.3]
      [Object Copy (ms): Min: 391.1, Avg: 393.3, Max: 395.5, Diff: 4.5, Sum: 786.6]
      [Termination (ms): Min: 0.0, Avg: 0.0, Max: 0.0, Diff: 0.0, Sum: 0.0]
      [GC Worker Other (ms): Min: 0.1, Avg: 0.1, Max: 0.1, Diff: 0.0, Sum: 0.2]
      [GC Worker Total (ms): Min: 635.6, Avg: 635.7, Max: 635.7, Diff: 0.1, Sum: 1271.4]
      [GC Worker End (ms): Min: 27058232.4, Avg: 27058232.4, Max: 27058232.4, Diff: 0.0]
   [Code Root Fixup: 0.0 ms]
   [Clear CT: 1.0 ms]
   [Other: 13.2 ms]
      [Choose CSet: 0.8 ms]
      [Ref Proc: 3.6 ms]
      [Ref Enq: 0.1 ms]
      [Free CSet: 5.2 ms]
   [Eden: 899.0M(899.0M)->0.0B(972.0M) Survivors: 125.0M->52.0M Heap: 2127.6M(3072.0M)->1172.1M(3072.0M)]
 [Times: user=1.28 sys=0.00, real=0.65 secs] 
27063.438: [GC pause (mixed)
Desired survivor size 67108864 bytes, new threshold 16 (max 32)
- age   1:   51901928 bytes,   51901928 total
, 0.4446860 secs]
   [Parallel Time: 427.4 ms, GC Workers: 2]
      [GC Worker Start (ms): Min: 27063440.2, Avg: 27063440.5, Max: 27063440.8, Diff: 0.6]
      [Ext Root Scanning (ms): Min: 50.1, Avg: 57.5, Max: 64.9, Diff: 14.8, Sum: 114.9]
      [Update RS (ms): Min: 56.5, Avg: 65.9, Max: 75.2, Diff: 18.7, Sum: 131.8]
         [Processed Buffers: Min: 115, Avg: 178.5, Max: 242, Diff: 127, Sum: 357]
      [Scan RS (ms): Min: 86.0, Avg: 86.0, Max: 86.1, Diff: 0.1, Sum: 172.0]
      [Object Copy (ms): Min: 215.3, Avg: 217.6, Max: 219.9, Diff: 4.6, Sum: 435.2]
      [Termination (ms): Min: 0.0, Avg: 0.0, Max: 0.0, Diff: 0.0, Sum: 0.0]
      [GC Worker Other (ms): Min: 0.1, Avg: 0.1, Max: 0.1, Diff: 0.0, Sum: 0.2]
      [GC Worker Total (ms): Min: 426.8, Avg: 427.1, Max: 427.3, Diff: 0.6, Sum: 854.1]
      [GC Worker End (ms): Min: 27063867.5, Avg: 27063867.5, Max: 27063867.5, Diff: 0.0]
   [Code Root Fixup: 0.0 ms]
   [Clear CT: 1.0 ms]
   [Other: 16.3 ms]
      [Choose CSet: 1.0 ms]
      [Ref Proc: 6.5 ms]
      [Ref Enq: 0.1 ms]
      [Free CSet: 6.3 ms]
   [Eden: 972.0M(972.0M)->0.0B(931.0M) Survivors: 52.0M->93.0M Heap: 2192.0M(3072.0M)->1163.0M(3072.0M)]
 [Times: user=0.87 sys=0.00, real=0.44 secs] 
27069.185: [GC pause (mixed)
Desired survivor size 67108864 bytes, new threshold 2 (max 32)
- age   1:   48832632 bytes,   48832632 total
- age   2:   45002104 bytes,   93834736 total
, 0.5144690 secs]
   [Parallel Time: 500.2 ms, GC Workers: 2]
      [GC Worker Start (ms): Min: 27069188.0, Avg: 27069188.1, Max: 27069188.1, Diff: 0.0]
      [Ext Root Scanning (ms): Min: 46.1, Avg: 57.1, Max: 68.1, Diff: 22.0, Sum: 114.2]
      [Update RS (ms): Min: 60.0, Avg: 69.4, Max: 78.8, Diff: 18.8, Sum: 138.8]
         [Processed Buffers: Min: 150, Avg: 155.5, Max: 161, Diff: 11, Sum: 311]
      [Scan RS (ms): Min: 94.8, Avg: 94.9, Max: 95.0, Diff: 0.3, Sum: 189.8]
      [Object Copy (ms): Min: 277.2, Avg: 278.6, Max: 280.1, Diff: 2.9, Sum: 557.2]
      [Termination (ms): Min: 0.0, Avg: 0.0, Max: 0.0, Diff: 0.0, Sum: 0.0]
      [GC Worker Other (ms): Min: 0.1, Avg: 0.1, Max: 0.1, Diff: 0.0, Sum: 0.2]
      [GC Worker Total (ms): Min: 500.1, Avg: 500.1, Max: 500.1, Diff: 0.0, Sum: 1000.2]
      [GC Worker End (ms): Min: 27069688.2, Avg: 27069688.2, Max: 27069688.2, Diff: 0.0]
   [Code Root Fixup: 0.0 ms]
   [Clear CT: 0.9 ms]
   [Other: 13.4 ms]
      [Choose CSet: 1.3 ms]
      [Ref Proc: 3.4 ms]
      [Ref Enq: 0.1 ms]
      [Free CSet: 5.9 ms]
   [Eden: 931.0M(931.0M)->0.0B(950.0M) Survivors: 93.0M->74.0M Heap: 2100.0M(3072.0M)->1093.5M(3072.0M)]
 [Times: user=1.02 sys=0.00, real=0.52 secs] 
27075.328: [GC pause (mixed)
Desired survivor size 67108864 bytes, new threshold 2 (max 32)
- age   1:   39933616 bytes,   39933616 total
- age   2:   34656872 bytes,   74590488 total
, 0.5018030 secs]
   [Parallel Time: 488.0 ms, GC Workers: 2]
      [GC Worker Start (ms): Min: 27075330.3, Avg: 27075330.3, Max: 27075330.3, Diff: 0.0]
      [Ext Root Scanning (ms): Min: 56.8, Avg: 61.4, Max: 66.1, Diff: 9.3, Sum: 122.8]
      [Update RS (ms): Min: 47.1, Avg: 54.1, Max: 61.0, Diff: 14.0, Sum: 108.1]
         [Processed Buffers: Min: 135, Avg: 147.5, Max: 160, Diff: 25, Sum: 295]
      [Scan RS (ms): Min: 81.7, Avg: 81.8, Max: 81.9, Diff: 0.2, Sum: 163.5]
      [Object Copy (ms): Min: 288.4, Avg: 290.6, Max: 292.8, Diff: 4.4, Sum: 581.2]
      [Termination (ms): Min: 0.0, Avg: 0.0, Max: 0.0, Diff: 0.0, Sum: 0.0]
      [GC Worker Other (ms): Min: 0.1, Avg: 0.1, Max: 0.1, Diff: 0.1, Sum: 0.2]
      [GC Worker Total (ms): Min: 487.9, Avg: 487.9, Max: 487.9, Diff: 0.1, Sum: 975.8]
      [GC Worker End (ms): Min: 27075818.2, Avg: 27075818.2, Max: 27075818.2, Diff: 0.0]
   [Code Root Fixup: 0.0 ms]
   [Clear CT: 0.8 ms]
   [Other: 13.0 ms]
      [Choose CSet: 0.1 ms]
      [Ref Proc: 4.8 ms]
      [Ref Enq: 0.1 ms]
      [Free CSet: 5.2 ms]
   [Eden: 950.0M(950.0M)->0.0B(931.0M) Survivors: 74.0M->93.0M Heap: 2083.9M(3072.0M)->1180.4M(3072.0M)]
 [Times: user=0.99 sys=0.00, real=0.51 secs] 
27080.965: [GC pause (young)
Desired survivor size 67108864 bytes, new threshold 2 (max 32)
- age   1:   58563000 bytes,   58563000 total
- age   2:   35895360 bytes,   94458360 total
, 0.5219870 secs]
   [Parallel Time: 509.7 ms, GC Workers: 2]
      [GC Worker Start (ms): Min: 27080967.1, Avg: 27080967.1, Max: 27080967.2, Diff: 0.0]
      [Ext Root Scanning (ms): Min: 49.6, Avg: 59.0, Max: 68.3, Diff: 18.7, Sum: 117.9]
      [Update RS (ms): Min: 36.3, Avg: 44.5, Max: 52.7, Diff: 16.4, Sum: 89.0]
         [Processed Buffers: Min: 114, Avg: 146.0, Max: 178, Diff: 64, Sum: 292]
      [Scan RS (ms): Min: 112.5, Avg: 112.5, Max: 112.6, Diff: 0.1, Sum: 225.1]
      [Object Copy (ms): Min: 292.2, Avg: 293.4, Max: 294.6, Diff: 2.4, Sum: 586.9]
      [Termination (ms): Min: 0.0, Avg: 0.0, Max: 0.0, Diff: 0.0, Sum: 0.0]
      [GC Worker Other (ms): Min: 0.1, Avg: 0.1, Max: 0.1, Diff: 0.0, Sum: 0.2]
      [GC Worker Total (ms): Min: 509.5, Avg: 509.5, Max: 509.6, Diff: 0.0, Sum: 1019.1]
      [GC Worker End (ms): Min: 27081476.7, Avg: 27081476.7, Max: 27081476.7, Diff: 0.0]
   [Code Root Fixup: 0.0 ms]
   [Clear CT: 0.9 ms]
   [Other: 11.3 ms]
      [Choose CSet: 0.0 ms]
      [Ref Proc: 2.8 ms]
      [Ref Enq: 0.0 ms]
      [Free CSet: 5.4 ms]
   [Eden: 931.0M(931.0M)->0.0B(945.0M) Survivors: 93.0M->79.0M Heap: 2149.6M(3072.0M)->1237.2M(3072.0M)]
 [Times: user=1.03 sys=0.00, real=0.52 secs] 
27086.620: [GC pause (young)
Desired survivor size 67108864 bytes, new threshold 2 (max 32)
- age   1:   44220312 bytes,   44220312 total
- age   2:   36601880 bytes,   80822192 total
, 0.4747800 secs]
   [Parallel Time: 460.8 ms, GC Workers: 2]
      [GC Worker Start (ms): Min: 27086622.2, Avg: 27086622.2, Max: 27086622.2, Diff: 0.0]
      [Ext Root Scanning (ms): Min: 49.3, Avg: 56.8, Max: 64.3, Diff: 15.0, Sum: 113.6]
      [Update RS (ms): Min: 47.2, Avg: 56.9, Max: 66.6, Diff: 19.3, Sum: 113.8]
         [Processed Buffers: Min: 108, Avg: 151.5, Max: 195, Diff: 87, Sum: 303]
      [Scan RS (ms): Min: 86.9, Avg: 86.9, Max: 86.9, Diff: 0.1, Sum: 173.8]
      [Object Copy (ms): Min: 257.8, Avg: 260.0, Max: 262.2, Diff: 4.4, Sum: 520.0]
      [Termination (ms): Min: 0.0, Avg: 0.0, Max: 0.0, Diff: 0.0, Sum: 0.0]
      [GC Worker Other (ms): Min: 0.1, Avg: 0.1, Max: 0.1, Diff: 0.0, Sum: 0.2]
      [GC Worker Total (ms): Min: 460.7, Avg: 460.7, Max: 460.7, Diff: 0.0, Sum: 921.4]
      [GC Worker End (ms): Min: 27087082.9, Avg: 27087082.9, Max: 27087082.9, Diff: 0.0]
   [Code Root Fixup: 0.0 ms]
   [Clear CT: 0.7 ms]
   [Other: 13.3 ms]
      [Choose CSet: 0.0 ms]
      [Ref Proc: 5.3 ms]
      [Ref Enq: 0.1 ms]
      [Free CSet: 4.8 ms]
   [Eden: 945.0M(945.0M)->0.0B(940.0M) Survivors: 79.0M->84.0M Heap: 2182.2M(3072.0M)->1276.6M(3072.0M)]
 [Times: user=0.94 sys=0.00, real=0.48 secs] 
27091.790: [GC pause (young)
Desired survivor size 67108864 bytes, new threshold 2 (max 32)
- age   1:   46785072 bytes,   46785072 total
- age   2:   37475144 bytes,   84260216 total
, 0.4742140 secs]
   [Parallel Time: 459.9 ms, GC Workers: 2]
      [GC Worker Start (ms): Min: 27091792.2, Avg: 27091792.2, Max: 27091792.2, Diff: 0.0]
      [Ext Root Scanning (ms): Min: 49.1, Avg: 61.0, Max: 73.0, Diff: 23.9, Sum: 122.1]
      [Update RS (ms): Min: 35.5, Avg: 46.5, Max: 57.5, Diff: 21.9, Sum: 93.0]
         [Processed Buffers: Min: 83, Avg: 150.5, Max: 218, Diff: 135, Sum: 301]
      [Scan RS (ms): Min: 87.2, Avg: 87.2, Max: 87.2, Diff: 0.0, Sum: 174.4]
      [Object Copy (ms): Min: 263.9, Avg: 264.9, Max: 265.9, Diff: 2.0, Sum: 529.8]
      [Termination (ms): Min: 0.0, Avg: 0.0, Max: 0.0, Diff: 0.0, Sum: 0.0]
      [GC Worker Other (ms): Min: 0.1, Avg: 0.1, Max: 0.1, Diff: 0.0, Sum: 0.2]
      [GC Worker Total (ms): Min: 459.7, Avg: 459.7, Max: 459.7, Diff: 0.0, Sum: 919.4]
      [GC Worker End (ms): Min: 27092251.9, Avg: 27092251.9, Max: 27092251.9, Diff: 0.0]
   [Code Root Fixup: 0.0 ms]
   [Clear CT: 0.8 ms]
   [Other: 13.5 ms]
      [Choose CSet: 0.0 ms]
      [Ref Proc: 4.8 ms]
      [Ref Enq: 0.1 ms]
      [Free CSet: 5.6 ms]
   [Eden: 940.0M(940.0M)->0.0B(947.0M) Survivors: 84.0M->77.0M Heap: 2267.1M(3072.0M)->1355.1M(3072.0M)]
 [Times: user=0.93 sys=0.00, real=0.48 secs] 
27095.078: [GC pause (young) (initial-mark)
Desired survivor size 67108864 bytes, new threshold 2 (max 32)
- age   1:   42760152 bytes,   42760152 total
- age   2:   34737528 bytes,   77497680 total
, 0.4138640 secs]
   [Parallel Time: 404.3 ms, GC Workers: 2]
      [GC Worker Start (ms): Min: 27095079.4, Avg: 27095079.4, Max: 27095079.4, Diff: 0.0]
      [Ext Root Scanning (ms): Min: 60.4, Avg: 66.4, Max: 72.4, Diff: 12.0, Sum: 132.8]
      [Update RS (ms): Min: 45.9, Avg: 58.3, Max: 70.7, Diff: 24.8, Sum: 116.6]
         [Processed Buffers: Min: 68, Avg: 137.5, Max: 207, Diff: 139, Sum: 275]
      [Scan RS (ms): Min: 57.5, Avg: 57.6, Max: 57.6, Diff: 0.1, Sum: 115.1]
      [Object Copy (ms): Min: 215.5, Avg: 221.8, Max: 228.1, Diff: 12.6, Sum: 443.6]
      [Termination (ms): Min: 0.0, Avg: 0.0, Max: 0.0, Diff: 0.0, Sum: 0.0]
      [GC Worker Other (ms): Min: 0.1, Avg: 0.1, Max: 0.2, Diff: 0.1, Sum: 0.2]
      [GC Worker Total (ms): Min: 404.2, Avg: 404.2, Max: 404.2, Diff: 0.0, Sum: 808.4]
      [GC Worker End (ms): Min: 27095483.6, Avg: 27095483.6, Max: 27095483.6, Diff: 0.0]
   [Code Root Fixup: 0.0 ms]
   [Clear CT: 0.6 ms]
   [Other: 9.0 ms]
      [Choose CSet: 0.0 ms]
      [Ref Proc: 3.4 ms]
      [Ref Enq: 0.1 ms]
      [Free CSet: 2.7 ms]
   [Eden: 494.0M(947.0M)->0.0B(961.0M) Survivors: 77.0M->63.0M Heap: 1848.2M(3072.0M)->1373.1M(3072.0M)]
 [Times: user=0.80 sys=0.00, real=0.41 secs] 
27095.492: [GC concurrent-root-region-scan-start]
27095.754: [GC concurrent-root-region-scan-end, 0.2615760 secs]
27095.754: [GC concurrent-mark-start]
27098.888: [GC concurrent-mark-end, 3.1341380 secs]
27098.890: [GC remark 27098.891: [GC ref-proc, 0.9004800 secs], 0.9696920 secs]
 [Times: user=0.97 sys=0.01, real=0.97 secs] 
27099.865: [GC cleanup 1879M->1631M(3072M), 0.0279870 secs]
 [Times: user=0.05 sys=0.00, real=0.02 secs] 
27099.894: [GC concurrent-cleanup-start]
27099.894: [GC concurrent-cleanup-end, 0.0005130 secs]
27102.605: [GC pause (young)
Desired survivor size 67108864 bytes, new threshold 16 (max 32)
- age   1:   23552864 bytes,   23552864 total
- age   2:   39085944 bytes,   62638808 total
, 0.4048000 secs]
   [Parallel Time: 388.8 ms, GC Workers: 2]
      [GC Worker Start (ms): Min: 27102606.9, Avg: 27102606.9, Max: 27102606.9, Diff: 0.0]
      [Ext Root Scanning (ms): Min: 51.0, Avg: 58.4, Max: 65.9, Diff: 15.0, Sum: 116.9]
      [Update RS (ms): Min: 24.8, Avg: 34.2, Max: 43.6, Diff: 18.8, Sum: 68.4]
         [Processed Buffers: Min: 109, Avg: 150.0, Max: 191, Diff: 82, Sum: 300]
      [Scan RS (ms): Min: 79.1, Avg: 79.5, Max: 79.9, Diff: 0.8, Sum: 159.1]
      [Object Copy (ms): Min: 214.1, Avg: 216.4, Max: 218.7, Diff: 4.6, Sum: 432.8]
      [Termination (ms): Min: 0.0, Avg: 0.0, Max: 0.0, Diff: 0.0, Sum: 0.0]
      [GC Worker Other (ms): Min: 0.1, Avg: 0.1, Max: 0.1, Diff: 0.0, Sum: 0.2]
      [GC Worker Total (ms): Min: 388.7, Avg: 388.7, Max: 388.7, Diff: 0.0, Sum: 777.4]
      [GC Worker End (ms): Min: 27102995.6, Avg: 27102995.6, Max: 27102995.6, Diff: 0.0]
   [Code Root Fixup: 0.0 ms]
   [Clear CT: 0.8 ms]
   [Other: 15.2 ms]
      [Choose CSet: 0.0 ms]
      [Ref Proc: 7.1 ms]
      [Ref Enq: 0.1 ms]
      [Free CSet: 5.3 ms]
   [Eden: 961.0M(961.0M)->0.0B(933.0M) Survivors: 63.0M->91.0M Heap: 2113.8M(3072.0M)->1180.8M(3072.0M)]
 [Times: user=0.79 sys=0.00, real=0.40 secs] 
27108.803: [GC pause (mixed)
Desired survivor size 67108864 bytes, new threshold 3 (max 32)
- age   1:   42953064 bytes,   42953064 total
- age   2:   17177464 bytes,   60130528 total
- age   3:   30552608 bytes,   90683136 total
, 0.5580680 secs]
   [Parallel Time: 545.2 ms, GC Workers: 2]
      [GC Worker Start (ms): Min: 27108804.8, Avg: 27108804.8, Max: 27108804.8, Diff: 0.0]
      [Ext Root Scanning (ms): Min: 50.8, Avg: 58.2, Max: 65.6, Diff: 14.7, Sum: 116.4]
      [Update RS (ms): Min: 14.8, Avg: 24.6, Max: 34.4, Diff: 19.6, Sum: 49.2]
         [Processed Buffers: Min: 145, Avg: 148.5, Max: 152, Diff: 7, Sum: 297]
      [Scan RS (ms): Min: 120.6, Avg: 120.7, Max: 120.8, Diff: 0.2, Sum: 241.4]
      [Object Copy (ms): Min: 339.0, Avg: 341.5, Max: 344.0, Diff: 5.1, Sum: 683.0]
      [Termination (ms): Min: 0.0, Avg: 0.0, Max: 0.0, Diff: 0.0, Sum: 0.0]
      [GC Worker Other (ms): Min: 0.1, Avg: 0.1, Max: 0.1, Diff: 0.0, Sum: 0.2]
      [GC Worker Total (ms): Min: 545.1, Avg: 545.1, Max: 545.2, Diff: 0.0, Sum: 1090.3]
      [GC Worker End (ms): Min: 27109349.9, Avg: 27109349.9, Max: 27109349.9, Diff: 0.0]
   [Code Root Fixup: 0.0 ms]
   [Clear CT: 0.9 ms]
   [Other: 12.0 ms]
      [Choose CSet: 0.7 ms]
      [Ref Proc: 5.3 ms]
      [Ref Enq: 0.1 ms]
      [Free CSet: 4.1 ms]
   [Eden: 933.0M(933.0M)->0.0B(896.0M) Survivors: 91.0M->128.0M Heap: 2281.7M(3072.0M)->1352.7M(3072.0M)]
 [Times: user=1.07 sys=0.03, real=0.56 secs] 
27113.625: [GC pause (young)
Desired survivor size 67108864 bytes, new threshold 1 (max 32)
- age   1:   95810880 bytes,   95810880 total
- age   2:   26762976 bytes,  122573856 total
- age   3:   11031520 bytes,  133605376 total
, 0.3144990 secs]
   [Parallel Time: 306.3 ms, GC Workers: 2]
      [GC Worker Start (ms): Min: 27113626.0, Avg: 27113626.0, Max: 27113626.0, Diff: 0.0]
      [Ext Root Scanning (ms): Min: 54.9, Avg: 60.8, Max: 66.7, Diff: 11.8, Sum: 121.6]
      [Update RS (ms): Min: 25.1, Avg: 33.2, Max: 41.2, Diff: 16.1, Sum: 66.4]
         [Processed Buffers: Min: 127, Avg: 142.0, Max: 157, Diff: 30, Sum: 284]
      [Scan RS (ms): Min: 32.3, Avg: 32.4, Max: 32.5, Diff: 0.1, Sum: 64.8]
      [Object Copy (ms): Min: 177.4, Avg: 179.7, Max: 182.0, Diff: 4.6, Sum: 359.3]
      [Termination (ms): Min: 0.0, Avg: 0.0, Max: 0.0, Diff: 0.0, Sum: 0.0]
      [GC Worker Other (ms): Min: 0.1, Avg: 0.1, Max: 0.1, Diff: 0.0, Sum: 0.2]
      [GC Worker Total (ms): Min: 306.1, Avg: 306.1, Max: 306.2, Diff: 0.1, Sum: 612.3]
      [GC Worker End (ms): Min: 27113932.1, Avg: 27113932.1, Max: 27113932.1, Diff: 0.0]
   [Code Root Fixup: 0.0 ms]
   [Clear CT: 0.8 ms]
   [Other: 7.4 ms]
      [Choose CSet: 0.0 ms]
      [Ref Proc: 3.1 ms]
      [Ref Enq: 0.1 ms]
      [Free CSet: 2.4 ms]
   [Eden: 896.0M(896.0M)->0.0B(990.0M) Survivors: 128.0M->34.0M Heap: 2250.7M(3072.0M)->1319.7M(3072.0M)]
 [Times: user=0.62 sys=0.00, real=0.32 secs] 
27117.125: [GC pause (young) (initial-mark)
Desired survivor size 67108864 bytes, new threshold 16 (max 32)
- age   1:   32886024 bytes,   32886024 total
, 0.1980830 secs]
   [Parallel Time: 190.9 ms, GC Workers: 2]
      [GC Worker Start (ms): Min: 27117126.1, Avg: 27117126.1, Max: 27117126.1, Diff: 0.0]
      [Ext Root Scanning (ms): Min: 51.7, Avg: 58.4, Max: 65.2, Diff: 13.6, Sum: 116.9]
      [Update RS (ms): Min: 0.0, Avg: 10.2, Max: 20.3, Diff: 20.3, Sum: 20.3]
         [Processed Buffers: Min: 0, Avg: 132.0, Max: 264, Diff: 264, Sum: 264]
      [Scan RS (ms): Min: 18.7, Avg: 20.4, Max: 22.2, Diff: 3.6, Sum: 40.9]
      [Object Copy (ms): Min: 96.4, Avg: 101.6, Max: 106.7, Diff: 10.3, Sum: 203.2]
      [Termination (ms): Min: 0.0, Avg: 0.0, Max: 0.0, Diff: 0.0, Sum: 0.0]
      [GC Worker Other (ms): Min: 0.1, Avg: 0.1, Max: 0.1, Diff: 0.0, Sum: 0.2]
      [GC Worker Total (ms): Min: 190.7, Avg: 190.7, Max: 190.7, Diff: 0.0, Sum: 381.5]
      [GC Worker End (ms): Min: 27117316.8, Avg: 27117316.8, Max: 27117316.8, Diff: 0.0]
   [Code Root Fixup: 0.0 ms]
   [Clear CT: 0.6 ms]
   [Other: 6.6 ms]
      [Choose CSet: 0.0 ms]
      [Ref Proc: 3.3 ms]
      [Ref Enq: 0.1 ms]
      [Free CSet: 1.4 ms]
   [Eden: 426.0M(990.0M)->0.0B(979.0M) Survivors: 34.0M->45.0M Heap: 1754.8M(3072.0M)->1340.7M(3072.0M)]
 [Times: user=0.39 sys=0.01, real=0.20 secs] 
27117.323: [GC concurrent-root-region-scan-start]
27117.469: [GC concurrent-root-region-scan-end, 0.1462540 secs]
27117.469: [GC concurrent-mark-start]
27118.543: [GC concurrent-mark-end, 1.0735610 secs]
27118.544: [GC remark 27118.545: [GC ref-proc, 0.0312900 secs], 0.0961310 secs]
 [Times: user=0.10 sys=0.00, real=0.10 secs] 
27118.642: [GC cleanup 1479M->1177M(3072M), 0.0244150 secs]
 [Times: user=0.04 sys=0.00, real=0.02 secs] 
27118.667: [GC concurrent-cleanup-start]
27118.668: [GC concurrent-cleanup-end, 0.0007120 secs]
27124.649: [GC pause (young)
Desired survivor size 67108864 bytes, new threshold 16 (max 32)
- age   1:   19868832 bytes,   19868832 total
- age   2:   23488920 bytes,   43357752 total
, 0.2262400 secs]
   [Parallel Time: 208.9 ms, GC Workers: 2]
      [GC Worker Start (ms): Min: 27124649.8, Avg: 27124649.8, Max: 27124649.9, Diff: 0.0]
      [Ext Root Scanning (ms): Min: 51.6, Avg: 59.2, Max: 66.7, Diff: 15.1, Sum: 118.3]
      [Update RS (ms): Min: 14.8, Avg: 24.2, Max: 33.7, Diff: 18.9, Sum: 48.5]
         [Processed Buffers: Min: 138, Avg: 158.5, Max: 179, Diff: 41, Sum: 317]
      [Scan RS (ms): Min: 23.7, Avg: 24.0, Max: 24.3, Diff: 0.5, Sum: 48.0]
      [Object Copy (ms): Min: 99.0, Avg: 101.1, Max: 103.3, Diff: 4.3, Sum: 202.3]
      [Termination (ms): Min: 0.0, Avg: 0.0, Max: 0.0, Diff: 0.0, Sum: 0.0]
      [GC Worker Other (ms): Min: 0.1, Avg: 0.1, Max: 0.2, Diff: 0.1, Sum: 0.3]
      [GC Worker Total (ms): Min: 208.6, Avg: 208.7, Max: 208.8, Diff: 0.2, Sum: 417.4]
      [GC Worker End (ms): Min: 27124858.5, Avg: 27124858.6, Max: 27124858.6, Diff: 0.1]
   [Code Root Fixup: 0.0 ms]
   [Clear CT: 0.7 ms]
   [Other: 16.6 ms]
      [Choose CSet: 0.0 ms]
      [Ref Proc: 12.4 ms]
      [Ref Enq: 0.2 ms]
      [Free CSet: 2.7 ms]
   [Eden: 979.0M(979.0M)->0.0B(963.0M) Survivors: 45.0M->61.0M Heap: 2055.5M(3072.0M)->1092.5M(3072.0M)]
 [Times: user=0.44 sys=0.00, real=0.22 secs] 
27130.739: [GC pause (mixed)
Desired survivor size 67108864 bytes, new threshold 16 (max 32)
- age   1:   28033928 bytes,   28033928 total
- age   2:    7932744 bytes,   35966672 total
- age   3:   20528448 bytes,   56495120 total
, 0.3318330 secs]
   [Parallel Time: 312.2 ms, GC Workers: 2]
      [GC Worker Start (ms): Min: 27130742.1, Avg: 27130742.1, Max: 27130742.1, Diff: 0.0]
      [Ext Root Scanning (ms): Min: 51.0, Avg: 57.4, Max: 63.7, Diff: 12.8, Sum: 114.7]
      [Update RS (ms): Min: 19.6, Avg: 28.1, Max: 36.6, Diff: 17.0, Sum: 56.2]
         [Processed Buffers: Min: 149, Avg: 163.5, Max: 178, Diff: 29, Sum: 327]
      [Scan RS (ms): Min: 67.4, Avg: 67.5, Max: 67.6, Diff: 0.2, Sum: 134.9]
      [Object Copy (ms): Min: 156.9, Avg: 159.1, Max: 161.3, Diff: 4.4, Sum: 318.2]
      [Termination (ms): Min: 0.0, Avg: 0.0, Max: 0.0, Diff: 0.0, Sum: 0.0]
      [GC Worker Other (ms): Min: 0.1, Avg: 0.1, Max: 0.1, Diff: 0.0, Sum: 0.2]
      [GC Worker Total (ms): Min: 312.1, Avg: 312.1, Max: 312.1, Diff: 0.0, Sum: 624.2]
      [GC Worker End (ms): Min: 27131054.2, Avg: 27131054.2, Max: 27131054.2, Diff: 0.0]
   [Code Root Fixup: 0.0 ms]
   [Clear CT: 1.1 ms]
   [Other: 18.5 ms]
      [Choose CSet: 2.2 ms]
      [Ref Proc: 9.8 ms]
      [Ref Enq: 0.1 ms]
      [Free CSet: 5.1 ms]
   [Eden: 963.0M(963.0M)->0.0B(947.0M) Survivors: 61.0M->77.0M Heap: 2059.5M(3072.0M)->811.0M(3072.0M)]
 [Times: user=0.64 sys=0.00, real=0.34 secs] 
27138.041: [GC pause (mixed)
Desired survivor size 67108864 bytes, new threshold 4 (max 32)
- age   1:   37763432 bytes,   37763432 total
- age   2:   13564200 bytes,   51327632 total
- age   3:    4836984 bytes,   56164616 total
- age   4:   18265952 bytes,   74430568 total
, 0.2790310 secs]
   [Parallel Time: 258.8 ms, GC Workers: 2]
      [GC Worker Start (ms): Min: 27138042.9, Avg: 27138042.9, Max: 27138042.9, Diff: 0.0]
      [Ext Root Scanning (ms): Min: 54.4, Avg: 58.5, Max: 62.5, Diff: 8.1, Sum: 116.9]
      [Update RS (ms): Min: 7.2, Avg: 13.0, Max: 18.8, Diff: 11.6, Sum: 26.0]
         [Processed Buffers: Min: 112, Avg: 166.0, Max: 220, Diff: 108, Sum: 332]
      [Scan RS (ms): Min: 55.0, Avg: 55.1, Max: 55.2, Diff: 0.2, Sum: 110.3]
      [Object Copy (ms): Min: 130.1, Avg: 131.9, Max: 133.8, Diff: 3.7, Sum: 263.9]
      [Termination (ms): Min: 0.0, Avg: 0.0, Max: 0.0, Diff: 0.0, Sum: 0.0]
      [GC Worker Other (ms): Min: 0.1, Avg: 0.1, Max: 0.1, Diff: 0.0, Sum: 0.2]
      [GC Worker Total (ms): Min: 258.6, Avg: 258.6, Max: 258.6, Diff: 0.0, Sum: 517.2]
      [GC Worker End (ms): Min: 27138301.5, Avg: 27138301.5, Max: 27138301.5, Diff: 0.0]
   [Code Root Fixup: 0.0 ms]
   [Clear CT: 1.1 ms]
   [Other: 19.2 ms]
      [Choose CSet: 1.2 ms]
      [Ref Proc: 12.4 ms]
      [Ref Enq: 0.1 ms]
      [Free CSet: 3.8 ms]
   [Eden: 947.0M(947.0M)->0.0B(973.0M) Survivors: 77.0M->51.0M Heap: 1827.7M(3072.0M)->793.2M(3072.0M)]
 [Times: user=0.54 sys=0.00, real=0.27 secs] 
27145.886: [GC pause (young)
Desired survivor size 67108864 bytes, new threshold 16 (max 32)
- age   1:   24647584 bytes,   24647584 total
- age   2:   10019864 bytes,   34667448 total
- age   3:    8736000 bytes,   43403448 total
- age   4:    4152168 bytes,   47555616 total
, 0.2371320 secs]
   [Parallel Time: 220.1 ms, GC Workers: 2]
      [GC Worker Start (ms): Min: 27145887.2, Avg: 27145887.2, Max: 27145887.2, Diff: 0.0]
      [Ext Root Scanning (ms): Min: 48.8, Avg: 59.7, Max: 70.7, Diff: 21.9, Sum: 119.5]
      [Update RS (ms): Min: 20.3, Avg: 30.0, Max: 39.7, Diff: 19.4, Sum: 59.9]
         [Processed Buffers: Min: 164, Avg: 169.5, Max: 175, Diff: 11, Sum: 339]
      [Scan RS (ms): Min: 12.6, Avg: 12.7, Max: 12.7, Diff: 0.1, Sum: 25.3]
      [Object Copy (ms): Min: 116.4, Avg: 117.6, Max: 118.8, Diff: 2.4, Sum: 235.1]
      [Termination (ms): Min: 0.0, Avg: 0.0, Max: 0.0, Diff: 0.0, Sum: 0.0]
      [GC Worker Other (ms): Min: 0.1, Avg: 0.1, Max: 0.1, Diff: 0.0, Sum: 0.2]
      [GC Worker Total (ms): Min: 220.0, Avg: 220.0, Max: 220.0, Diff: 0.0, Sum: 440.0]
      [GC Worker End (ms): Min: 27146107.2, Avg: 27146107.2, Max: 27146107.2, Diff: 0.0]
   [Code Root Fixup: 0.0 ms]
   [Clear CT: 0.8 ms]
   [Other: 16.3 ms]
      [Choose CSet: 0.0 ms]
      [Ref Proc: 12.9 ms]
      [Ref Enq: 0.2 ms]
      [Free CSet: 2.1 ms]
   [Eden: 973.0M(973.0M)->0.0B(959.0M) Survivors: 51.0M->65.0M Heap: 1769.4M(3072.0M)->810.9M(3072.0M)]
 [Times: user=0.45 sys=0.00, real=0.24 secs] 
27152.260: [GC pause (young)
Desired survivor size 67108864 bytes, new threshold 16 (max 32)
- age   1:   32743144 bytes,   32743144 total
- age   2:   11535112 bytes,   44278256 total
- age   3:    6556552 bytes,   50834808 total
- age   4:    7526640 bytes,   58361448 total
- age   5:    4018456 bytes,   62379904 total
, 0.2439120 secs]
   [Parallel Time: 233.6 ms, GC Workers: 2]
      [GC Worker Start (ms): Min: 27152260.8, Avg: 27152260.8, Max: 27152260.8, Diff: 0.0]
      [Ext Root Scanning (ms): Min: 54.9, Avg: 62.4, Max: 69.9, Diff: 15.0, Sum: 124.8]
      [Update RS (ms): Min: 13.7, Avg: 23.7, Max: 33.7, Diff: 20.0, Sum: 47.4]
         [Processed Buffers: Min: 118, Avg: 189.5, Max: 261, Diff: 143, Sum: 379]
      [Scan RS (ms): Min: 14.9, Avg: 15.0, Max: 15.1, Diff: 0.2, Sum: 30.0]
      [Object Copy (ms): Min: 129.7, Avg: 132.3, Max: 134.9, Diff: 5.2, Sum: 264.5]
      [Termination (ms): Min: 0.0, Avg: 0.0, Max: 0.0, Diff: 0.0, Sum: 0.0]
      [GC Worker Other (ms): Min: 0.1, Avg: 0.1, Max: 0.1, Diff: 0.0, Sum: 0.1]
      [GC Worker Total (ms): Min: 233.5, Avg: 233.5, Max: 233.5, Diff: 0.0, Sum: 467.0]
      [GC Worker End (ms): Min: 27152494.3, Avg: 27152494.3, Max: 27152494.3, Diff: 0.0]
   [Code Root Fixup: 0.0 ms]
   [Clear CT: 0.7 ms]
   [Other: 9.6 ms]
      [Choose CSet: 0.0 ms]
      [Ref Proc: 6.3 ms]
      [Ref Enq: 0.1 ms]
      [Free CSet: 2.1 ms]
   [Eden: 959.0M(959.0M)->0.0B(953.0M) Survivors: 65.0M->71.0M Heap: 1816.8M(3072.0M)->863.3M(3072.0M)]
 [Times: user=0.48 sys=0.00, real=0.25 secs] 
27156.792: [GC pause (young)
Desired survivor size 67108864 bytes, new threshold 6 (max 32)
- age   1:   39212352 bytes,   39212352 total
- age   2:   11223864 bytes,   50436216 total
- age   3:    4664408 bytes,   55100624 total
- age   4:    3639008 bytes,   58739632 total
- age   5:    7262672 bytes,   66002304 total
- age   6:    3917376 bytes,   69919680 total
, 0.5047130 secs]
   [Parallel Time: 497.7 ms, GC Workers: 2]
      [GC Worker Start (ms): Min: 27156793.1, Avg: 27156793.1, Max: 27156793.1, Diff: 0.0]
      [Ext Root Scanning (ms): Min: 46.1, Avg: 56.7, Max: 67.2, Diff: 21.1, Sum: 113.3]
      [Update RS (ms): Min: 41.4, Avg: 51.1, Max: 60.9, Diff: 19.5, Sum: 102.2]
         [Processed Buffers: Min: 100, Avg: 101.5, Max: 103, Diff: 3, Sum: 203]
      [Scan RS (ms): Min: 6.9, Avg: 7.2, Max: 7.4, Diff: 0.5, Sum: 14.4]
      [Object Copy (ms): Min: 381.4, Avg: 382.4, Max: 383.4, Diff: 2.1, Sum: 764.8]
      [Termination (ms): Min: 0.0, Avg: 0.0, Max: 0.0, Diff: 0.0, Sum: 0.0]
      [GC Worker Other (ms): Min: 0.1, Avg: 0.1, Max: 0.1, Diff: 0.0, Sum: 0.2]
      [GC Worker Total (ms): Min: 497.4, Avg: 497.5, Max: 497.5, Diff: 0.0, Sum: 994.9]
      [GC Worker End (ms): Min: 27157290.5, Avg: 27157290.5, Max: 27157290.6, Diff: 0.0]
   [Code Root Fixup: 0.0 ms]
   [Clear CT: 0.7 ms]
   [Other: 6.3 ms]
      [Choose CSet: 0.0 ms]
      [Ref Proc: 3.1 ms]
      [Ref Enq: 0.0 ms]
      [Free CSet: 1.9 ms]
   [Eden: 953.0M(953.0M)->0.0B(896.0M) Survivors: 71.0M->128.0M Heap: 1819.8M(3072.0M)->954.8M(3072.0M)]
 [Times: user=1.00 sys=0.01, real=0.51 secs] 
27162.719: [GC pause (young)
Desired survivor size 67108864 bytes, new threshold 1 (max 32)
- age   1:  118582136 bytes,  118582136 total
- age   2:   18872928 bytes,  137455064 total
- age   3:    8421928 bytes,  145876992 total
- age   4:    3204720 bytes,  149081712 total
- age   5:    2608288 bytes,  151690000 total
- age   6:    6400592 bytes,  158090592 total
, 0.6240450 secs]
   [Parallel Time: 610.1 ms, GC Workers: 2]
      [GC Worker Start (ms): Min: 27162720.6, Avg: 27162720.6, Max: 27162720.6, Diff: 0.0]
      [Ext Root Scanning (ms): Min: 52.7, Avg: 63.3, Max: 73.9, Diff: 21.2, Sum: 126.6]
      [Update RS (ms): Min: 16.5, Avg: 26.0, Max: 35.6, Diff: 19.1, Sum: 52.0]
         [Processed Buffers: Min: 110, Avg: 175.5, Max: 241, Diff: 131, Sum: 351]
      [Scan RS (ms): Min: 85.4, Avg: 85.4, Max: 85.4, Diff: 0.0, Sum: 170.8]
      [Object Copy (ms): Min: 434.2, Avg: 435.2, Max: 436.2, Diff: 2.0, Sum: 870.4]
      [Termination (ms): Min: 0.0, Avg: 0.0, Max: 0.0, Diff: 0.0, Sum: 0.0]
      [GC Worker Other (ms): Min: 0.1, Avg: 0.1, Max: 0.1, Diff: 0.0, Sum: 0.2]
      [GC Worker Total (ms): Min: 610.0, Avg: 610.0, Max: 610.0, Diff: 0.1, Sum: 1220.0]
      [GC Worker End (ms): Min: 27163330.6, Avg: 27163330.6, Max: 27163330.6, Diff: 0.0]
   [Code Root Fixup: 0.0 ms]
   [Clear CT: 0.7 ms]
   [Other: 13.2 ms]
      [Choose CSet: 0.0 ms]
      [Ref Proc: 5.2 ms]
      [Ref Enq: 0.1 ms]
      [Free CSet: 4.5 ms]
   [Eden: 896.0M(896.0M)->0.0B(956.0M) Survivors: 128.0M->68.0M Heap: 1865.1M(3072.0M)->1018.1M(3072.0M)]
 [Times: user=1.23 sys=0.00, real=0.62 secs] 
27168.250: [GC pause (young)
Desired survivor size 67108864 bytes, new threshold 1 (max 32)
- age   1:   67505920 bytes,   67505920 total
, 0.4647040 secs]
   [Parallel Time: 453.3 ms, GC Workers: 2]
      [GC Worker Start (ms): Min: 27168251.7, Avg: 27168251.7, Max: 27168251.7, Diff: 0.0]
      [Ext Root Scanning (ms): Min: 49.6, Avg: 57.6, Max: 65.6, Diff: 16.0, Sum: 115.2]
      [Update RS (ms): Min: 55.7, Avg: 65.9, Max: 76.0, Diff: 20.3, Sum: 131.8]
         [Processed Buffers: Min: 168, Avg: 184.0, Max: 200, Diff: 32, Sum: 368]
      [Scan RS (ms): Min: 64.1, Avg: 64.1, Max: 64.2, Diff: 0.1, Sum: 128.3]
      [Object Copy (ms): Min: 263.2, Avg: 265.5, Max: 267.7, Diff: 4.5, Sum: 530.9]
      [Termination (ms): Min: 0.0, Avg: 0.0, Max: 0.0, Diff: 0.0, Sum: 0.0]
      [GC Worker Other (ms): Min: 0.1, Avg: 0.1, Max: 0.1, Diff: 0.0, Sum: 0.2]
      [GC Worker Total (ms): Min: 453.2, Avg: 453.2, Max: 453.2, Diff: 0.0, Sum: 906.3]
      [GC Worker End (ms): Min: 27168704.9, Avg: 27168704.9, Max: 27168704.9, Diff: 0.0]
   [Code Root Fixup: 0.0 ms]
   [Clear CT: 0.8 ms]
   [Other: 10.6 ms]
      [Choose CSet: 0.0 ms]
      [Ref Proc: 4.0 ms]
      [Ref Enq: 0.1 ms]
      [Free CSet: 3.6 ms]
   [Eden: 956.0M(956.0M)->0.0B(969.0M) Survivors: 68.0M->55.0M Heap: 2012.0M(3072.0M)->1099.0M(3072.0M)]
 [Times: user=0.92 sys=0.00, real=0.47 secs] 
27173.693: [GC pause (young)
Desired survivor size 67108864 bytes, new threshold 16 (max 32)
- age   1:   55292896 bytes,   55292896 total
, 0.3546660 secs]
   [Parallel Time: 341.8 ms, GC Workers: 2]
      [GC Worker Start (ms): Min: 27173695.0, Avg: 27173695.0, Max: 27173695.0, Diff: 0.0]
      [Ext Root Scanning (ms): Min: 47.1, Avg: 57.9, Max: 68.7, Diff: 21.6, Sum: 115.8]
      [Update RS (ms): Min: 49.6, Avg: 59.1, Max: 68.7, Diff: 19.1, Sum: 118.2]
         [Processed Buffers: Min: 148, Avg: 156.5, Max: 165, Diff: 17, Sum: 313]
      [Scan RS (ms): Min: 50.5, Avg: 50.5, Max: 50.5, Diff: 0.0, Sum: 101.0]
      [Object Copy (ms): Min: 172.8, Avg: 174.1, Max: 175.4, Diff: 2.6, Sum: 348.2]
      [Termination (ms): Min: 0.0, Avg: 0.0, Max: 0.0, Diff: 0.0, Sum: 0.0]
      [GC Worker Other (ms): Min: 0.1, Avg: 0.1, Max: 0.1, Diff: 0.0, Sum: 0.2]
      [GC Worker Total (ms): Min: 341.7, Avg: 341.7, Max: 341.7, Diff: 0.0, Sum: 683.4]
      [GC Worker End (ms): Min: 27174036.7, Avg: 27174036.7, Max: 27174036.7, Diff: 0.0]
   [Code Root Fixup: 0.0 ms]
   [Clear CT: 0.7 ms]
   [Other: 12.1 ms]
      [Choose CSet: 0.0 ms]
      [Ref Proc: 6.1 ms]
      [Ref Enq: 0.1 ms]
      [Free CSet: 3.9 ms]
   [Eden: 969.0M(969.0M)->0.0B(954.0M) Survivors: 55.0M->70.0M Heap: 2075.9M(3072.0M)->1121.9M(3072.0M)]
 [Times: user=0.70 sys=0.00, real=0.36 secs] 
27179.061: [GC pause (young)
Desired survivor size 67108864 bytes, new threshold 2 (max 32)
- age   1:   36788960 bytes,   36788960 total
- age   2:   32536760 bytes,   69325720 total
, 0.4391730 secs]
   [Parallel Time: 421.6 ms, GC Workers: 2]
      [GC Worker Start (ms): Min: 27179062.9, Avg: 27179062.9, Max: 27179063.0, Diff: 0.1]
      [Ext Root Scanning (ms): Min: 55.8, Avg: 63.4, Max: 71.1, Diff: 15.3, Sum: 126.8]
      [Update RS (ms): Min: 29.8, Avg: 39.9, Max: 50.0, Diff: 20.2, Sum: 79.8]
         [Processed Buffers: Min: 142, Avg: 165.5, Max: 189, Diff: 47, Sum: 331]
      [Scan RS (ms): Min: 71.5, Avg: 71.7, Max: 71.9, Diff: 0.4, Sum: 143.5]
      [Object Copy (ms): Min: 243.6, Avg: 246.3, Max: 249.0, Diff: 5.4, Sum: 492.6]
      [Termination (ms): Min: 0.0, Avg: 0.0, Max: 0.0, Diff: 0.0, Sum: 0.0]
      [GC Worker Other (ms): Min: 0.1, Avg: 0.1, Max: 0.1, Diff: 0.0, Sum: 0.2]
      [GC Worker Total (ms): Min: 421.4, Avg: 421.5, Max: 421.5, Diff: 0.0, Sum: 842.9]
      [GC Worker End (ms): Min: 27179484.3, Avg: 27179484.4, Max: 27179484.4, Diff: 0.0]
   [Code Root Fixup: 0.0 ms]
   [Clear CT: 0.8 ms]
   [Other: 16.8 ms]
      [Choose CSet: 0.0 ms]
      [Ref Proc: 8.9 ms]
      [Ref Enq: 0.1 ms]
      [Free CSet: 4.9 ms]
   [Eden: 954.0M(954.0M)->0.0B(955.0M) Survivors: 70.0M->69.0M Heap: 2107.8M(3072.0M)->1182.3M(3072.0M)]
 [Times: user=0.85 sys=0.00, real=0.44 secs] 
27185.867: [GC pause (young)
Desired survivor size 67108864 bytes, new threshold 2 (max 32)
- age   1:   42437512 bytes,   42437512 total
- age   2:   25609600 bytes,   68047112 total
, 0.4254580 secs]
   [Parallel Time: 411.2 ms, GC Workers: 2]
      [GC Worker Start (ms): Min: 27185867.8, Avg: 27185867.8, Max: 27185867.8, Diff: 0.0]
      [Ext Root Scanning (ms): Min: 55.2, Avg: 60.8, Max: 66.5, Diff: 11.3, Sum: 121.6]
      [Update RS (ms): Min: 68.2, Avg: 75.9, Max: 83.7, Diff: 15.5, Sum: 151.9]
         [Processed Buffers: Min: 98, Avg: 183.5, Max: 269, Diff: 171, Sum: 367]
      [Scan RS (ms): Min: 59.8, Avg: 59.9, Max: 60.0, Diff: 0.2, Sum: 119.9]
      [Object Copy (ms): Min: 212.3, Avg: 214.3, Max: 216.3, Diff: 4.0, Sum: 428.6]
      [Termination (ms): Min: 0.0, Avg: 0.0, Max: 0.0, Diff: 0.0, Sum: 0.0]
      [GC Worker Other (ms): Min: 0.1, Avg: 0.1, Max: 0.1, Diff: 0.0, Sum: 0.2]
      [GC Worker Total (ms): Min: 411.1, Avg: 411.1, Max: 411.1, Diff: 0.0, Sum: 822.1]
      [GC Worker End (ms): Min: 27186278.8, Avg: 27186278.8, Max: 27186278.9, Diff: 0.0]
   [Code Root Fixup: 0.0 ms]
   [Clear CT: 0.8 ms]
   [Other: 13.5 ms]
      [Choose CSet: 0.0 ms]
      [Ref Proc: 6.9 ms]
      [Ref Enq: 0.1 ms]
      [Free CSet: 4.3 ms]
   [Eden: 955.0M(955.0M)->0.0B(950.0M) Survivors: 69.0M->74.0M Heap: 2157.5M(3072.0M)->1231.5M(3072.0M)]
 [Times: user=0.84 sys=0.00, real=0.43 secs] 
27191.688: [GC pause (young)
Desired survivor size 67108864 bytes, new threshold 2 (max 32)
- age   1:   42955160 bytes,   42955160 total
- age   2:   30274504 bytes,   73229664 total
, 0.4157500 secs]
   [Parallel Time: 404.1 ms, GC Workers: 2]
      [GC Worker Start (ms): Min: 27191689.7, Avg: 27191689.7, Max: 27191689.7, Diff: 0.0]
      [Ext Root Scanning (ms): Min: 47.2, Avg: 58.6, Max: 70.0, Diff: 22.8, Sum: 117.2]
      [Update RS (ms): Min: 61.4, Avg: 71.5, Max: 81.6, Diff: 20.2, Sum: 143.1]
         [Processed Buffers: Min: 113, Avg: 156.5, Max: 200, Diff: 87, Sum: 313]
      [Scan RS (ms): Min: 56.2, Avg: 56.3, Max: 56.3, Diff: 0.1, Sum: 112.5]
      [Object Copy (ms): Min: 216.1, Avg: 217.4, Max: 218.7, Diff: 2.5, Sum: 434.8]
      [Termination (ms): Min: 0.0, Avg: 0.0, Max: 0.0, Diff: 0.0, Sum: 0.0]
      [GC Worker Other (ms): Min: 0.1, Avg: 0.1, Max: 0.1, Diff: 0.0, Sum: 0.2]
      [GC Worker Total (ms): Min: 404.0, Avg: 404.0, Max: 404.0, Diff: 0.0, Sum: 807.9]
      [GC Worker End (ms): Min: 27192093.6, Avg: 27192093.6, Max: 27192093.7, Diff: 0.0]
   [Code Root Fixup: 0.0 ms]
   [Clear CT: 0.7 ms]
   [Other: 10.9 ms]
      [Choose CSet: 0.0 ms]
      [Ref Proc: 4.2 ms]
      [Ref Enq: 0.1 ms]
      [Free CSet: 3.9 ms]
   [Eden: 950.0M(950.0M)->0.0B(956.0M) Survivors: 74.0M->68.0M Heap: 2185.5M(3072.0M)->1257.0M(3072.0M)]
 [Times: user=0.82 sys=0.00, real=0.42 secs] 
27197.858: [GC pause (young)
Desired survivor size 67108864 bytes, new threshold 2 (max 32)
- age   1:   38798112 bytes,   38798112 total
- age   2:   29512544 bytes,   68310656 total
, 0.4319070 secs]
   [Parallel Time: 415.6 ms, GC Workers: 2]
      [GC Worker Start (ms): Min: 27197860.0, Avg: 27197860.0, Max: 27197860.0, Diff: 0.0]
      [Ext Root Scanning (ms): Min: 52.3, Avg: 57.9, Max: 63.5, Diff: 11.2, Sum: 115.8]
      [Update RS (ms): Min: 28.4, Avg: 36.3, Max: 44.1, Diff: 15.7, Sum: 72.5]
         [Processed Buffers: Min: 82, Avg: 147.0, Max: 212, Diff: 130, Sum: 294]
      [Scan RS (ms): Min: 79.6, Avg: 79.6, Max: 79.6, Diff: 0.0, Sum: 159.2]
      [Object Copy (ms): Min: 239.3, Avg: 241.6, Max: 243.8, Diff: 4.5, Sum: 483.1]
      [Termination (ms): Min: 0.0, Avg: 0.0, Max: 0.0, Diff: 0.0, Sum: 0.0]
      [GC Worker Other (ms): Min: 0.1, Avg: 0.1, Max: 0.2, Diff: 0.1, Sum: 0.2]
      [GC Worker Total (ms): Min: 415.5, Avg: 415.5, Max: 415.5, Diff: 0.0, Sum: 831.0]
      [GC Worker End (ms): Min: 27198275.5, Avg: 27198275.5, Max: 27198275.5, Diff: 0.0]
   [Code Root Fixup: 0.0 ms]
   [Clear CT: 0.8 ms]
   [Other: 15.4 ms]
      [Choose CSet: 0.0 ms]
      [Ref Proc: 6.2 ms]
      [Ref Enq: 0.1 ms]
      [Free CSet: 6.1 ms]
   [Eden: 956.0M(956.0M)->0.0B(948.0M) Survivors: 68.0M->76.0M Heap: 2267.4M(3072.0M)->1345.9M(3072.0M)]
 [Times: user=0.84 sys=0.01, real=0.43 secs] 
27204.720: [GC pause (young) (initial-mark)
Desired survivor size 67108864 bytes, new threshold 2 (max 32)
- age   1:   49016552 bytes,   49016552 total
- age   2:   26492136 bytes,   75508688 total
, 0.4553500 secs]
   [Parallel Time: 442.8 ms, GC Workers: 2]
      [GC Worker Start (ms): Min: 27204721.7, Avg: 27204721.7, Max: 27204721.7, Diff: 0.0]
      [Ext Root Scanning (ms): Min: 55.2, Avg: 61.2, Max: 67.2, Diff: 12.0, Sum: 122.5]
      [Update RS (ms): Min: 55.7, Avg: 68.1, Max: 80.4, Diff: 24.7, Sum: 136.1]
         [Processed Buffers: Min: 85, Avg: 148.5, Max: 212, Diff: 127, Sum: 297]
      [Scan RS (ms): Min: 68.8, Avg: 68.9, Max: 68.9, Diff: 0.1, Sum: 137.7]
      [Object Copy (ms): Min: 237.9, Avg: 244.3, Max: 250.7, Diff: 12.8, Sum: 488.7]
      [Termination (ms): Min: 0.0, Avg: 0.0, Max: 0.0, Diff: 0.0, Sum: 0.0]
      [GC Worker Other (ms): Min: 0.1, Avg: 0.1, Max: 0.1, Diff: 0.0, Sum: 0.2]
      [GC Worker Total (ms): Min: 442.6, Avg: 442.6, Max: 442.6, Diff: 0.0, Sum: 885.2]
      [GC Worker End (ms): Min: 27205164.3, Avg: 27205164.3, Max: 27205164.3, Diff: 0.0]
   [Code Root Fixup: 0.0 ms]
   [Clear CT: 0.8 ms]
   [Other: 11.8 ms]
      [Choose CSet: 0.0 ms]
      [Ref Proc: 4.2 ms]
      [Ref Enq: 0.1 ms]
      [Free CSet: 4.3 ms]
   [Eden: 948.0M(948.0M)->0.0B(955.0M) Survivors: 76.0M->69.0M Heap: 2293.9M(3072.0M)->1363.9M(3072.0M)]
 [Times: user=0.89 sys=0.00, real=0.46 secs] 
27205.176: [GC concurrent-root-region-scan-start]
27205.517: [GC concurrent-root-region-scan-end, 0.3412950 secs]
27205.517: [GC concurrent-mark-start]
27207.709: [GC concurrent-mark-end, 2.1923630 secs]
27207.712: [GC remark 27207.713: [GC ref-proc, 0.1808210 secs], 0.2509650 secs]
 [Times: user=0.26 sys=0.00, real=0.26 secs] 
27207.964: [GC cleanup 1806M->1458M(3072M), 0.0237960 secs]
 [Times: user=0.04 sys=0.00, real=0.02 secs] 
27207.988: [GC concurrent-cleanup-start]
27207.989: [GC concurrent-cleanup-end, 0.0008020 secs]
27210.932: [GC pause (young)
Desired survivor size 67108864 bytes, new threshold 2 (max 32)
- age   1:   42969208 bytes,   42969208 total
- age   2:   26549184 bytes,   69518392 total
, 0.3987510 secs]
   [Parallel Time: 387.7 ms, GC Workers: 2]
      [GC Worker Start (ms): Min: 27210933.8, Avg: 27210933.8, Max: 27210933.8, Diff: 0.1]
      [Ext Root Scanning (ms): Min: 50.4, Avg: 57.3, Max: 64.1, Diff: 13.7, Sum: 114.5]
      [Update RS (ms): Min: 52.1, Avg: 61.2, Max: 70.4, Diff: 18.3, Sum: 122.5]
         [Processed Buffers: Min: 126, Avg: 161.0, Max: 196, Diff: 70, Sum: 322]
      [Scan RS (ms): Min: 63.7, Avg: 63.8, Max: 63.9, Diff: 0.2, Sum: 127.6]
      [Object Copy (ms): Min: 202.9, Avg: 205.1, Max: 207.3, Diff: 4.4, Sum: 410.2]
      [Termination (ms): Min: 0.0, Avg: 0.0, Max: 0.0, Diff: 0.0, Sum: 0.0]
      [GC Worker Other (ms): Min: 0.1, Avg: 0.1, Max: 0.1, Diff: 0.0, Sum: 0.2]
      [GC Worker Total (ms): Min: 387.5, Avg: 387.5, Max: 387.5, Diff: 0.1, Sum: 775.0]
      [GC Worker End (ms): Min: 27211321.3, Avg: 27211321.3, Max: 27211321.3, Diff: 0.0]
   [Code Root Fixup: 0.0 ms]
   [Clear CT: 0.7 ms]
   [Other: 10.4 ms]
      [Choose CSet: 0.0 ms]
      [Ref Proc: 4.0 ms]
      [Ref Enq: 0.1 ms]
      [Free CSet: 3.9 ms]
   [Eden: 955.0M(955.0M)->0.0B(957.0M) Survivors: 69.0M->67.0M Heap: 1996.7M(3072.0M)->1063.7M(3072.0M)]
 [Times: user=0.78 sys=0.00, real=0.40 secs] 
27216.741: [GC pause (mixed)
Desired survivor size 67108864 bytes, new threshold 2 (max 32)
- age   1:   36527960 bytes,   36527960 total
- age   2:   30639824 bytes,   67167784 total
, 0.4066790 secs]
   [Parallel Time: 394.2 ms, GC Workers: 2]
      [GC Worker Start (ms): Min: 27216742.8, Avg: 27216742.9, Max: 27216742.9, Diff: 0.0]
      [Ext Root Scanning (ms): Min: 49.8, Avg: 58.1, Max: 66.4, Diff: 16.6, Sum: 116.2]
      [Update RS (ms): Min: 51.6, Avg: 61.9, Max: 72.3, Diff: 20.7, Sum: 123.9]
         [Processed Buffers: Min: 72, Avg: 142.0, Max: 212, Diff: 140, Sum: 284]
      [Scan RS (ms): Min: 68.4, Avg: 68.4, Max: 68.4, Diff: 0.0, Sum: 136.8]
      [Object Copy (ms): Min: 203.4, Avg: 205.5, Max: 207.6, Diff: 4.2, Sum: 411.1]
      [Termination (ms): Min: 0.0, Avg: 0.0, Max: 0.0, Diff: 0.0, Sum: 0.0]
      [GC Worker Other (ms): Min: 0.1, Avg: 0.1, Max: 0.1, Diff: 0.0, Sum: 0.3]
      [GC Worker Total (ms): Min: 394.0, Avg: 394.1, Max: 394.1, Diff: 0.0, Sum: 788.1]
      [GC Worker End (ms): Min: 27217136.9, Avg: 27217136.9, Max: 27217136.9, Diff: 0.0]
   [Code Root Fixup: 0.0 ms]
   [Clear CT: 1.0 ms]
   [Other: 11.6 ms]
      [Choose CSet: 0.6 ms]
      [Ref Proc: 3.6 ms]
      [Ref Enq: 0.0 ms]
      [Free CSet: 4.7 ms]
   [Eden: 957.0M(957.0M)->0.0B(961.0M) Survivors: 67.0M->63.0M Heap: 2042.4M(3072.0M)->1034.9M(3072.0M)]
 [Times: user=0.81 sys=0.00, real=0.41 secs] 
27223.153: [GC pause (mixed)
Desired survivor size 67108864 bytes, new threshold 16 (max 32)
- age   1:   37262416 bytes,   37262416 total
- age   2:   25816080 bytes,   63078496 total
, 0.3956590 secs]
   [Parallel Time: 383.6 ms, GC Workers: 2]
      [GC Worker Start (ms): Min: 27223154.7, Avg: 27223154.7, Max: 27223154.7, Diff: 0.0]
      [Ext Root Scanning (ms): Min: 49.7, Avg: 56.7, Max: 63.6, Diff: 13.8, Sum: 113.3]
      [Update RS (ms): Min: 46.7, Avg: 55.6, Max: 64.5, Diff: 17.8, Sum: 111.2]
         [Processed Buffers: Min: 69, Avg: 140.0, Max: 211, Diff: 142, Sum: 280]
      [Scan RS (ms): Min: 68.5, Avg: 68.5, Max: 68.5, Diff: 0.0, Sum: 137.0]
      [Object Copy (ms): Min: 200.6, Avg: 202.6, Max: 204.5, Diff: 3.9, Sum: 405.1]
      [Termination (ms): Min: 0.0, Avg: 0.0, Max: 0.0, Diff: 0.0, Sum: 0.0]
      [GC Worker Other (ms): Min: 0.1, Avg: 0.1, Max: 0.1, Diff: 0.0, Sum: 0.2]
      [GC Worker Total (ms): Min: 383.4, Avg: 383.4, Max: 383.4, Diff: 0.0, Sum: 766.8]
      [GC Worker End (ms): Min: 27223538.1, Avg: 27223538.1, Max: 27223538.1, Diff: 0.0]
   [Code Root Fixup: 0.0 ms]
   [Clear CT: 0.8 ms]
   [Other: 11.3 ms]
      [Choose CSet: 0.3 ms]
      [Ref Proc: 4.7 ms]
      [Ref Enq: 0.1 ms]
      [Free CSet: 4.3 ms]
   [Eden: 961.0M(961.0M)->0.0B(934.0M) Survivors: 63.0M->90.0M Heap: 2003.4M(3072.0M)->1049.9M(3072.0M)]
 [Times: user=0.77 sys=0.00, real=0.40 secs] 
27229.548: [GC pause (young)
Desired survivor size 67108864 bytes, new threshold 3 (max 32)
- age   1:   39825968 bytes,   39825968 total
- age   2:   26456536 bytes,   66282504 total
- age   3:   23682808 bytes,   89965312 total
, 0.4209430 secs]
   [Parallel Time: 412.6 ms, GC Workers: 2]
      [GC Worker Start (ms): Min: 27229549.0, Avg: 27229549.0, Max: 27229549.0, Diff: 0.0]
      [Ext Root Scanning (ms): Min: 49.2, Avg: 57.7, Max: 66.2, Diff: 16.9, Sum: 115.4]
      [Update RS (ms): Min: 7.8, Avg: 18.7, Max: 29.6, Diff: 21.8, Sum: 37.4]
         [Processed Buffers: Min: 59, Avg: 143.0, Max: 227, Diff: 168, Sum: 286]
      [Scan RS (ms): Min: 92.4, Avg: 92.5, Max: 92.5, Diff: 0.1, Sum: 184.9]
      [Object Copy (ms): Min: 241.2, Avg: 243.6, Max: 245.9, Diff: 4.7, Sum: 487.1]
      [Termination (ms): Min: 0.0, Avg: 0.0, Max: 0.0, Diff: 0.0, Sum: 0.0]
      [GC Worker Other (ms): Min: 0.1, Avg: 0.1, Max: 0.1, Diff: 0.0, Sum: 0.2]
      [GC Worker Total (ms): Min: 412.5, Avg: 412.5, Max: 412.5, Diff: 0.0, Sum: 824.9]
      [GC Worker End (ms): Min: 27229961.5, Avg: 27229961.5, Max: 27229961.5, Diff: 0.0]
   [Code Root Fixup: 0.0 ms]
   [Clear CT: 0.8 ms]
   [Other: 7.5 ms]
      [Choose CSet: 0.0 ms]
      [Ref Proc: 3.0 ms]
      [Ref Enq: 0.0 ms]
      [Free CSet: 2.8 ms]
   [Eden: 934.0M(934.0M)->0.0B(920.0M) Survivors: 90.0M->104.0M Heap: 2141.5M(3072.0M)->1237.5M(3072.0M)]
 [Times: user=0.83 sys=0.00, real=0.42 secs] 
27234.293: [GC pause (young)
Desired survivor size 67108864 bytes, new threshold 2 (max 32)
- age   1:   66316704 bytes,   66316704 total
- age   2:   19809224 bytes,   86125928 total
- age   3:   17750680 bytes,  103876608 total
, 0.6123000 secs]
   [Parallel Time: 604.1 ms, GC Workers: 2]
      [GC Worker Start (ms): Min: 27234293.3, Avg: 27234293.3, Max: 27234293.3, Diff: 0.0]
      [Ext Root Scanning (ms): Min: 53.3, Avg: 60.4, Max: 67.5, Diff: 14.2, Sum: 120.8]
      [Update RS (ms): Min: 28.3, Avg: 37.8, Max: 47.3, Diff: 19.0, Sum: 75.7]
         [Processed Buffers: Min: 135, Avg: 141.0, Max: 147, Diff: 12, Sum: 282]
      [Scan RS (ms): Min: 41.3, Avg: 41.3, Max: 41.3, Diff: 0.0, Sum: 82.6]
      [Object Copy (ms): Min: 462.0, Avg: 464.3, Max: 466.7, Diff: 4.7, Sum: 928.6]
      [Termination (ms): Min: 0.0, Avg: 0.0, Max: 0.0, Diff: 0.0, Sum: 0.0]
      [GC Worker Other (ms): Min: 0.1, Avg: 0.1, Max: 0.1, Diff: 0.0, Sum: 0.2]
      [GC Worker Total (ms): Min: 603.9, Avg: 603.9, Max: 603.9, Diff: 0.0, Sum: 1207.8]
      [GC Worker End (ms): Min: 27234897.3, Avg: 27234897.3, Max: 27234897.3, Diff: 0.0]
   [Code Root Fixup: 0.0 ms]
   [Clear CT: 0.7 ms]
   [Other: 7.5 ms]
      [Choose CSet: 0.0 ms]
      [Ref Proc: 3.2 ms]
      [Ref Enq: 0.1 ms]
      [Free CSet: 2.3 ms]
   [Eden: 920.0M(920.0M)->0.0B(896.0M) Survivors: 104.0M->128.0M Heap: 2161.0M(3072.0M)->1334.5M(3072.0M)]
 [Times: user=1.22 sys=0.00, real=0.61 secs] 
27240.893: [GC pause (young)
Desired survivor size 67108864 bytes, new threshold 1 (max 32)
- age   1:  122638616 bytes,  122638616 total
- age   2:   44844920 bytes,  167483536 total
, 0.4201070 secs]
   [Parallel Time: 406.5 ms, GC Workers: 2]
      [GC Worker Start (ms): Min: 27240893.7, Avg: 27240893.7, Max: 27240893.7, Diff: 0.0]
      [Ext Root Scanning (ms): Min: 51.3, Avg: 58.2, Max: 65.0, Diff: 13.7, Sum: 116.4]
      [Update RS (ms): Min: 15.1, Avg: 24.1, Max: 33.1, Diff: 18.0, Sum: 48.2]
         [Processed Buffers: Min: 132, Avg: 149.0, Max: 166, Diff: 34, Sum: 298]
      [Scan RS (ms): Min: 81.1, Avg: 81.2, Max: 81.2, Diff: 0.0, Sum: 162.3]
      [Object Copy (ms): Min: 240.7, Avg: 242.9, Max: 245.1, Diff: 4.4, Sum: 485.8]
      [Termination (ms): Min: 0.0, Avg: 0.0, Max: 0.1, Diff: 0.1, Sum: 0.1]
      [GC Worker Other (ms): Min: 0.1, Avg: 0.1, Max: 0.1, Diff: 0.0, Sum: 0.2]
      [GC Worker Total (ms): Min: 406.4, Avg: 406.5, Max: 406.5, Diff: 0.0, Sum: 812.9]
      [GC Worker End (ms): Min: 27241300.2, Avg: 27241300.2, Max: 27241300.2, Diff: 0.0]
   [Code Root Fixup: 0.0 ms]
   [Clear CT: 0.8 ms]
   [Other: 12.7 ms]
      [Choose CSet: 0.0 ms]
      [Ref Proc: 7.1 ms]
      [Ref Enq: 0.1 ms]
      [Free CSet: 2.9 ms]
   [Eden: 896.0M(896.0M)->0.0B(987.0M) Survivors: 128.0M->37.0M Heap: 2256.8M(3072.0M)->1350.8M(3072.0M)]
 [Times: user=0.83 sys=0.00, real=0.42 secs] 
27241.893: [GC pause (young) (initial-mark)
Desired survivor size 67108864 bytes, new threshold 16 (max 32)
- age   1:   34740464 bytes,   34740464 total
, 0.1943860 secs]
   [Parallel Time: 190.9 ms, GC Workers: 2]
      [GC Worker Start (ms): Min: 27241894.4, Avg: 27241894.4, Max: 27241894.4, Diff: 0.0]
      [Ext Root Scanning (ms): Min: 52.8, Avg: 60.2, Max: 67.5, Diff: 14.7, Sum: 120.4]
      [Update RS (ms): Min: 10.4, Avg: 23.0, Max: 35.5, Diff: 25.1, Sum: 46.0]
         [Processed Buffers: Min: 78, Avg: 116.5, Max: 155, Diff: 77, Sum: 233]
      [Scan RS (ms): Min: 9.0, Avg: 9.0, Max: 9.1, Diff: 0.0, Sum: 18.1]
      [Object Copy (ms): Min: 93.0, Avg: 98.3, Max: 103.5, Diff: 10.4, Sum: 196.5]
      [Termination (ms): Min: 0.0, Avg: 0.0, Max: 0.0, Diff: 0.0, Sum: 0.0]
      [GC Worker Other (ms): Min: 0.1, Avg: 0.1, Max: 0.1, Diff: 0.0, Sum: 0.2]
      [GC Worker Total (ms): Min: 190.5, Avg: 190.5, Max: 190.6, Diff: 0.0, Sum: 381.1]
      [GC Worker End (ms): Min: 27242084.9, Avg: 27242084.9, Max: 27242084.9, Diff: 0.0]
   [Code Root Fixup: 0.0 ms]
   [Clear CT: 0.3 ms]
   [Other: 3.2 ms]
      [Choose CSet: 0.0 ms]
      [Ref Proc: 1.2 ms]
      [Ref Enq: 0.0 ms]
      [Free CSet: 0.5 ms]
   [Eden: 84.0M(987.0M)->0.0B(981.0M) Survivors: 37.0M->43.0M Heap: 1434.1M(3072.0M)->1356.8M(3072.0M)]
 [Times: user=0.39 sys=0.00, real=0.19 secs] 
27242.088: [GC concurrent-root-region-scan-start]
27242.182: [GC concurrent-root-region-scan-end, 0.0942140 secs]
27242.182: [GC concurrent-mark-start]
27243.596: [GC concurrent-mark-end, 1.4135310 secs]
27243.598: [GC remark 27243.599: [GC ref-proc, 0.0366000 secs], 0.1047160 secs]
 [Times: user=0.11 sys=0.00, real=0.11 secs] 
27243.704: [GC cleanup 1633M->1309M(3072M), 0.0253430 secs]
 [Times: user=0.05 sys=0.00, real=0.03 secs] 
27243.730: [GC concurrent-cleanup-start]
27243.731: [GC concurrent-cleanup-end, 0.0008350 secs]
27247.849: [GC pause (young)
Desired survivor size 67108864 bytes, new threshold 16 (max 32)
- age   1:   10238096 bytes,   10238096 total
- age   2:   32145104 bytes,   42383200 total
, 0.2106840 secs]
   [Parallel Time: 197.3 ms, GC Workers: 2]
      [GC Worker Start (ms): Min: 27247850.1, Avg: 27247850.1, Max: 27247850.1, Diff: 0.0]
      [Ext Root Scanning (ms): Min: 52.6, Avg: 58.4, Max: 64.3, Diff: 11.7, Sum: 116.9]
      [Update RS (ms): Min: 17.5, Avg: 25.9, Max: 34.3, Diff: 16.8, Sum: 51.8]
         [Processed Buffers: Min: 129, Avg: 149.0, Max: 169, Diff: 40, Sum: 298]
      [Scan RS (ms): Min: 15.6, Avg: 15.9, Max: 16.3, Diff: 0.7, Sum: 31.8]
      [Object Copy (ms): Min: 94.5, Avg: 96.7, Max: 99.0, Diff: 4.5, Sum: 193.5]
      [Termination (ms): Min: 0.0, Avg: 0.0, Max: 0.0, Diff: 0.0, Sum: 0.0]
      [GC Worker Other (ms): Min: 0.1, Avg: 0.2, Max: 0.2, Diff: 0.1, Sum: 0.3]
      [GC Worker Total (ms): Min: 197.1, Avg: 197.1, Max: 197.1, Diff: 0.1, Sum: 394.2]
      [GC Worker End (ms): Min: 27248047.2, Avg: 27248047.2, Max: 27248047.3, Diff: 0.1]
   [Code Root Fixup: 0.0 ms]
   [Clear CT: 0.8 ms]
   [Other: 12.5 ms]
      [Choose CSet: 0.0 ms]
      [Ref Proc: 9.1 ms]
      [Ref Enq: 0.1 ms]
      [Free CSet: 2.3 ms]
   [Eden: 981.0M(981.0M)->0.0B(975.0M) Survivors: 43.0M->49.0M Heap: 2018.3M(3072.0M)->1043.3M(3072.0M)]
 [Times: user=0.41 sys=0.00, real=0.21 secs] 
27254.575: [GC pause (mixed)
Desired survivor size 67108864 bytes, new threshold 16 (max 32)
- age   1:   28614072 bytes,   28614072 total
- age   2:     939592 bytes,   29553664 total
- age   3:   17730216 bytes,   47283880 total
, 0.3167620 secs]
   [Parallel Time: 298.6 ms, GC Workers: 2]
      [GC Worker Start (ms): Min: 27254578.3, Avg: 27254578.9, Max: 27254579.5, Diff: 1.1]
      [Ext Root Scanning (ms): Min: 49.9, Avg: 57.6, Max: 65.4, Diff: 15.5, Sum: 115.2]
      [Update RS (ms): Min: 10.2, Avg: 20.1, Max: 30.1, Diff: 19.9, Sum: 40.3]
         [Processed Buffers: Min: 99, Avg: 149.5, Max: 200, Diff: 101, Sum: 299]
      [Scan RS (ms): Min: 67.9, Avg: 67.9, Max: 68.0, Diff: 0.1, Sum: 135.9]
      [Object Copy (ms): Min: 149.0, Avg: 151.7, Max: 154.4, Diff: 5.4, Sum: 303.4]
      [Termination (ms): Min: 0.0, Avg: 0.0, Max: 0.0, Diff: 0.0, Sum: 0.0]
      [GC Worker Other (ms): Min: 0.1, Avg: 0.1, Max: 0.1, Diff: 0.0, Sum: 0.1]
      [GC Worker Total (ms): Min: 296.9, Avg: 297.5, Max: 298.0, Diff: 1.1, Sum: 594.9]
      [GC Worker End (ms): Min: 27254876.3, Avg: 27254876.4, Max: 27254876.4, Diff: 0.0]
   [Code Root Fixup: 0.0 ms]
   [Clear CT: 1.2 ms]
   [Other: 16.9 ms]
      [Choose CSet: 2.2 ms]
      [Ref Proc: 7.2 ms]
      [Ref Enq: 0.1 ms]
      [Free CSet: 5.9 ms]
   [Eden: 975.0M(975.0M)->0.0B(960.0M) Survivors: 49.0M->64.0M Heap: 2062.5M(3072.0M)->803.5M(3072.0M)]
 [Times: user=0.61 sys=0.01, real=0.32 secs] 
27261.161: [GC pause (mixed)
Desired survivor size 67108864 bytes, new threshold 16 (max 32)
- age   1:   33113920 bytes,   33113920 total
- age   2:   12219816 bytes,   45333736 total
- age   3:     870592 bytes,   46204328 total
- age   4:   16184240 bytes,   62388568 total
, 0.2871140 secs]
   [Parallel Time: 271.8 ms, GC Workers: 2]
      [GC Worker Start (ms): Min: 27261162.4, Avg: 27261162.4, Max: 27261162.4, Diff: 0.0]
      [Ext Root Scanning (ms): Min: 51.0, Avg: 57.9, Max: 64.8, Diff: 13.8, Sum: 115.8]
      [Update RS (ms): Min: 12.2, Avg: 21.2, Max: 30.2, Diff: 18.0, Sum: 42.5]
         [Processed Buffers: Min: 140, Avg: 153.0, Max: 166, Diff: 26, Sum: 306]
      [Scan RS (ms): Min: 37.0, Avg: 37.1, Max: 37.2, Diff: 0.1, Sum: 74.2]
      [Object Copy (ms): Min: 153.2, Avg: 155.4, Max: 157.5, Diff: 4.3, Sum: 310.8]
      [Termination (ms): Min: 0.0, Avg: 0.0, Max: 0.0, Diff: 0.0, Sum: 0.0]
      [GC Worker Other (ms): Min: 0.1, Avg: 0.1, Max: 0.1, Diff: 0.0, Sum: 0.2]
      [GC Worker Total (ms): Min: 271.7, Avg: 271.7, Max: 271.7, Diff: 0.0, Sum: 543.4]
      [GC Worker End (ms): Min: 27261434.1, Avg: 27261434.1, Max: 27261434.1, Diff: 0.0]
   [Code Root Fixup: 0.0 ms]
   [Clear CT: 1.1 ms]
   [Other: 14.2 ms]
      [Choose CSet: 0.1 ms]
      [Ref Proc: 9.5 ms]
      [Ref Enq: 0.1 ms]
      [Free CSet: 3.0 ms]
   [Eden: 960.0M(960.0M)->0.0B(948.0M) Survivors: 64.0M->76.0M Heap: 1799.0M(3072.0M)->846.0M(3072.0M)]
 [Times: user=0.56 sys=0.00, real=0.29 secs] 
27267.958: [GC pause (young)
Desired survivor size 67108864 bytes, new threshold 5 (max 32)
- age   1:   40658216 bytes,   40658216 total
- age   2:   10380120 bytes,   51038336 total
- age   3:    7508800 bytes,   58547136 total
- age   4:     749496 bytes,   59296632 total
- age   5:   14998168 bytes,   74294800 total
, 0.2843830 secs]
   [Parallel Time: 272.1 ms, GC Workers: 2]
      [GC Worker Start (ms): Min: 27267958.6, Avg: 27267958.6, Max: 27267958.6, Diff: 0.0]
      [Ext Root Scanning (ms): Min: 46.2, Avg: 57.7, Max: 69.1, Diff: 23.0, Sum: 115.3]
      [Update RS (ms): Min: 22.3, Avg: 32.4, Max: 42.6, Diff: 20.2, Sum: 64.9]
         [Processed Buffers: Min: 149, Avg: 155.0, Max: 161, Diff: 12, Sum: 310]
      [Scan RS (ms): Min: 14.9, Avg: 14.9, Max: 14.9, Diff: 0.0, Sum: 29.9]
      [Object Copy (ms): Min: 165.3, Avg: 166.7, Max: 168.0, Diff: 2.7, Sum: 333.3]
      [Termination (ms): Min: 0.0, Avg: 0.0, Max: 0.0, Diff: 0.0, Sum: 0.0]
      [GC Worker Other (ms): Min: 0.1, Avg: 0.1, Max: 0.1, Diff: 0.0, Sum: 0.2]
      [GC Worker Total (ms): Min: 271.8, Avg: 271.8, Max: 271.8, Diff: 0.1, Sum: 543.6]
      [GC Worker End (ms): Min: 27268230.4, Avg: 27268230.4, Max: 27268230.4, Diff: 0.0]
   [Code Root Fixup: 0.0 ms]
   [Clear CT: 0.7 ms]
   [Other: 11.6 ms]
      [Choose CSet: 0.0 ms]
      [Ref Proc: 7.8 ms]
      [Ref Enq: 0.1 ms]
      [Free CSet: 2.5 ms]
   [Eden: 948.0M(948.0M)->0.0B(949.0M) Survivors: 76.0M->75.0M Heap: 1798.5M(3072.0M)->864.0M(3072.0M)]
 [Times: user=0.56 sys=0.00, real=0.28 secs] 
27274.792: [GC pause (young)
Desired survivor size 67108864 bytes, new threshold 3 (max 32)
- age   1:   38919816 bytes,   38919816 total
- age   2:   22493200 bytes,   61413016 total
- age   3:    6057376 bytes,   67470392 total
- age   4:    6718368 bytes,   74188760 total
- age   5:     731072 bytes,   74919832 total
, 0.5255060 secs]
   [Parallel Time: 516.2 ms, GC Workers: 2]
      [GC Worker Start (ms): Min: 27274793.1, Avg: 27274793.1, Max: 27274793.1, Diff: 0.0]
      [Ext Root Scanning (ms): Min: 48.2, Avg: 58.4, Max: 68.6, Diff: 20.4, Sum: 116.8]
      [Update RS (ms): Min: 35.9, Avg: 44.4, Max: 52.9, Diff: 17.0, Sum: 88.8]
         [Processed Buffers: Min: 78, Avg: 179.0, Max: 280, Diff: 202, Sum: 358]
      [Scan RS (ms): Min: 30.4, Avg: 30.5, Max: 30.6, Diff: 0.3, Sum: 61.0]
      [Object Copy (ms): Min: 381.2, Avg: 382.7, Max: 384.2, Diff: 3.1, Sum: 765.4]
      [Termination (ms): Min: 0.0, Avg: 0.0, Max: 0.0, Diff: 0.0, Sum: 0.0]
      [GC Worker Other (ms): Min: 0.1, Avg: 0.1, Max: 0.1, Diff: 0.0, Sum: 0.2]
      [GC Worker Total (ms): Min: 516.1, Avg: 516.1, Max: 516.1, Diff: 0.0, Sum: 1032.2]
      [GC Worker End (ms): Min: 27275309.2, Avg: 27275309.2, Max: 27275309.2, Diff: 0.0]
   [Code Root Fixup: 0.0 ms]
   [Clear CT: 0.6 ms]
   [Other: 8.7 ms]
      [Choose CSet: 0.0 ms]
      [Ref Proc: 4.6 ms]
      [Ref Enq: 0.1 ms]
      [Free CSet: 2.4 ms]
   [Eden: 949.0M(949.0M)->0.0B(896.0M) Survivors: 75.0M->128.0M Heap: 1854.9M(3072.0M)->992.9M(3072.0M)]
 [Times: user=1.03 sys=0.00, real=0.53 secs] 
27281.071: [GC pause (young)
Desired survivor size 67108864 bytes, new threshold 1 (max 32)
- age   1:  108320072 bytes,  108320072 total
- age   2:   26553304 bytes,  134873376 total
- age   3:   19189824 bytes,  154063200 total
, 0.8066930 secs]
   [Parallel Time: 798.2 ms, GC Workers: 2]
      [GC Worker Start (ms): Min: 27281072.0, Avg: 27281072.0, Max: 27281072.0, Diff: 0.0]
      [Ext Root Scanning (ms): Min: 49.2, Avg: 56.4, Max: 63.6, Diff: 14.4, Sum: 112.8]
      [Update RS (ms): Min: 83.3, Avg: 92.8, Max: 102.3, Diff: 19.0, Sum: 185.5]
         [Processed Buffers: Min: 88, Avg: 158.5, Max: 229, Diff: 141, Sum: 317]
      [Scan RS (ms): Min: 53.6, Avg: 53.6, Max: 53.7, Diff: 0.1, Sum: 107.3]
      [Object Copy (ms): Min: 592.9, Avg: 595.2, Max: 597.6, Diff: 4.7, Sum: 1190.5]
      [Termination (ms): Min: 0.0, Avg: 0.0, Max: 0.0, Diff: 0.0, Sum: 0.0]
      [GC Worker Other (ms): Min: 0.1, Avg: 0.1, Max: 0.1, Diff: 0.0, Sum: 0.2]
      [GC Worker Total (ms): Min: 798.1, Avg: 798.1, Max: 798.1, Diff: 0.0, Sum: 1596.3]
      [GC Worker End (ms): Min: 27281870.2, Avg: 27281870.2, Max: 27281870.2, Diff: 0.0]
   [Code Root Fixup: 0.0 ms]
   [Clear CT: 0.7 ms]
   [Other: 7.8 ms]
      [Choose CSet: 0.1 ms]
      [Ref Proc: 2.0 ms]
      [Ref Enq: 0.1 ms]
      [Free CSet: 2.5 ms]
   [Eden: 896.0M(896.0M)->0.0B(898.0M) Survivors: 128.0M->126.0M Heap: 1893.9M(3072.0M)->1109.9M(3072.0M)]
 [Times: user=1.60 sys=0.00, real=0.81 secs] 
27287.073: [GC pause (young)
Desired survivor size 67108864 bytes, new threshold 1 (max 32)
- age   1:  129410888 bytes,  129410888 total
, 0.6158040 secs]
   [Parallel Time: 603.9 ms, GC Workers: 2]
      [GC Worker Start (ms): Min: 27287074.2, Avg: 27287074.2, Max: 27287074.2, Diff: 0.0]
      [Ext Root Scanning (ms): Min: 54.4, Avg: 59.9, Max: 65.4, Diff: 11.0, Sum: 119.8]
      [Update RS (ms): Min: 87.3, Avg: 94.6, Max: 102.0, Diff: 14.7, Sum: 189.3]
         [Processed Buffers: Min: 169, Avg: 171.5, Max: 174, Diff: 5, Sum: 343]
      [Scan RS (ms): Min: 78.4, Avg: 78.5, Max: 78.5, Diff: 0.1, Sum: 156.9]
      [Object Copy (ms): Min: 368.8, Avg: 370.7, Max: 372.5, Diff: 3.7, Sum: 741.4]
      [Termination (ms): Min: 0.0, Avg: 0.0, Max: 0.0, Diff: 0.0, Sum: 0.0]
      [GC Worker Other (ms): Min: 0.1, Avg: 0.1, Max: 0.1, Diff: 0.0, Sum: 0.2]
      [GC Worker Total (ms): Min: 603.8, Avg: 603.8, Max: 603.8, Diff: 0.0, Sum: 1207.6]
      [GC Worker End (ms): Min: 27287677.9, Avg: 27287677.9, Max: 27287677.9, Diff: 0.0]
   [Code Root Fixup: 0.0 ms]
   [Clear CT: 0.6 ms]
   [Other: 11.2 ms]
      [Choose CSet: 0.0 ms]
      [Ref Proc: 4.0 ms]
      [Ref Enq: 0.1 ms]
      [Free CSet: 3.9 ms]
   [Eden: 898.0M(898.0M)->0.0B(978.0M) Survivors: 126.0M->46.0M Heap: 2016.4M(3072.0M)->1147.4M(3072.0M)]
 [Times: user=1.21 sys=0.00, real=0.62 secs] 
27292.806: [GC pause (young)
Desired survivor size 67108864 bytes, new threshold 16 (max 32)
- age   1:   45980616 bytes,   45980616 total
, 0.3883980 secs]
   [Parallel Time: 378.1 ms, GC Workers: 2]
      [GC Worker Start (ms): Min: 27292808.1, Avg: 27292808.2, Max: 27292808.2, Diff: 0.0]
      [Ext Root Scanning (ms): Min: 48.0, Avg: 59.0, Max: 70.0, Diff: 22.0, Sum: 118.0]
      [Update RS (ms): Min: 52.9, Avg: 62.5, Max: 72.1, Diff: 19.1, Sum: 125.0]
         [Processed Buffers: Min: 137, Avg: 144.5, Max: 152, Diff: 15, Sum: 289]
      [Scan RS (ms): Min: 60.5, Avg: 60.6, Max: 60.7, Diff: 0.2, Sum: 121.3]
      [Object Copy (ms): Min: 194.3, Avg: 195.8, Max: 197.3, Diff: 3.0, Sum: 391.6]
      [Termination (ms): Min: 0.0, Avg: 0.0, Max: 0.0, Diff: 0.0, Sum: 0.0]
      [GC Worker Other (ms): Min: 0.1, Avg: 0.1, Max: 0.1, Diff: 0.0, Sum: 0.2]
      [GC Worker Total (ms): Min: 378.0, Avg: 378.0, Max: 378.0, Diff: 0.0, Sum: 756.0]
      [GC Worker End (ms): Min: 27293186.2, Avg: 27293186.2, Max: 27293186.2, Diff: 0.0]
   [Code Root Fixup: 0.0 ms]
   [Clear CT: 0.6 ms]
   [Other: 9.7 ms]
      [Choose CSet: 0.0 ms]
      [Ref Proc: 2.7 ms]
      [Ref Enq: 0.0 ms]
      [Free CSet: 4.6 ms]
   [Eden: 978.0M(978.0M)->0.0B(945.0M) Survivors: 46.0M->79.0M Heap: 2147.6M(3072.0M)->1203.1M(3072.0M)]
 [Times: user=0.76 sys=0.00, real=0.39 secs] 
27298.218: [GC pause (young)
Desired survivor size 67108864 bytes, new threshold 2 (max 32)
- age   1:   41595648 bytes,   41595648 total
- age   2:   39104336 bytes,   80699984 total
, 0.4476530 secs]
   [Parallel Time: 435.5 ms, GC Workers: 2]
      [GC Worker Start (ms): Min: 27298220.7, Avg: 27298220.8, Max: 27298220.9, Diff: 0.2]
      [Ext Root Scanning (ms): Min: 51.4, Avg: 57.6, Max: 63.8, Diff: 12.4, Sum: 115.1]
      [Update RS (ms): Min: 36.5, Avg: 44.8, Max: 53.0, Diff: 16.5, Sum: 89.5]
         [Processed Buffers: Min: 143, Avg: 143.5, Max: 144, Diff: 1, Sum: 287]
      [Scan RS (ms): Min: 70.6, Avg: 70.7, Max: 70.7, Diff: 0.2, Sum: 141.3]
      [Object Copy (ms): Min: 260.3, Avg: 262.3, Max: 264.3, Diff: 4.0, Sum: 524.6]
      [Termination (ms): Min: 0.0, Avg: 0.0, Max: 0.0, Diff: 0.0, Sum: 0.0]
      [GC Worker Other (ms): Min: 0.1, Avg: 0.1, Max: 0.1, Diff: 0.0, Sum: 0.2]
      [GC Worker Total (ms): Min: 435.2, Avg: 435.4, Max: 435.5, Diff: 0.2, Sum: 870.7]
      [GC Worker End (ms): Min: 27298656.2, Avg: 27298656.2, Max: 27298656.2, Diff: 0.0]
   [Code Root Fixup: 0.0 ms]
   [Clear CT: 0.7 ms]
   [Other: 11.4 ms]
      [Choose CSet: 0.0 ms]
      [Ref Proc: 3.1 ms]
      [Ref Enq: 0.0 ms]
      [Free CSet: 4.9 ms]
   [Eden: 945.0M(945.0M)->0.0B(947.0M) Survivors: 79.0M->77.0M Heap: 2151.6M(3072.0M)->1239.6M(3072.0M)]
 [Times: user=0.88 sys=0.00, real=0.45 secs] 
27303.867: [GC pause (young)
Desired survivor size 67108864 bytes, new threshold 2 (max 32)
- age   1:   43747496 bytes,   43747496 total
- age   2:   34736648 bytes,   78484144 total
, 0.4728190 secs]
   [Parallel Time: 458.0 ms, GC Workers: 2]
      [GC Worker Start (ms): Min: 27303869.1, Avg: 27303869.1, Max: 27303869.2, Diff: 0.0]
      [Ext Root Scanning (ms): Min: 54.0, Avg: 61.5, Max: 69.0, Diff: 15.0, Sum: 123.1]
      [Update RS (ms): Min: 47.8, Avg: 57.7, Max: 67.6, Diff: 19.8, Sum: 115.3]
         [Processed Buffers: Min: 123, Avg: 163.5, Max: 204, Diff: 81, Sum: 327]
      [Scan RS (ms): Min: 79.4, Avg: 79.5, Max: 79.6, Diff: 0.2, Sum: 159.0]
      [Object Copy (ms): Min: 256.6, Avg: 258.9, Max: 261.1, Diff: 4.5, Sum: 517.7]
      [Termination (ms): Min: 0.0, Avg: 0.0, Max: 0.0, Diff: 0.0, Sum: 0.0]
      [GC Worker Other (ms): Min: 0.1, Avg: 0.1, Max: 0.1, Diff: 0.0, Sum: 0.2]
      [GC Worker Total (ms): Min: 457.7, Avg: 457.7, Max: 457.7, Diff: 0.0, Sum: 915.3]
      [GC Worker End (ms): Min: 27304326.8, Avg: 27304326.8, Max: 27304326.8, Diff: 0.0]
   [Code Root Fixup: 0.0 ms]
   [Clear CT: 0.7 ms]
   [Other: 14.2 ms]
      [Choose CSet: 0.0 ms]
      [Ref Proc: 4.9 ms]
      [Ref Enq: 0.1 ms]
      [Free CSet: 5.4 ms]
   [Eden: 947.0M(947.0M)->0.0B(947.0M) Survivors: 77.0M->77.0M Heap: 2228.5M(3072.0M)->1314.0M(3072.0M)]
 [Times: user=0.93 sys=0.00, real=0.47 secs] 
27309.266: [GC pause (young)
Desired survivor size 67108864 bytes, new threshold 2 (max 32)
- age   1:   39887528 bytes,   39887528 total
- age   2:   38889456 bytes,   78776984 total
, 0.4719310 secs]
   [Parallel Time: 460.1 ms, GC Workers: 2]
      [GC Worker Start (ms): Min: 27309267.8, Avg: 27309267.8, Max: 27309267.8, Diff: 0.0]
      [Ext Root Scanning (ms): Min: 50.8, Avg: 57.2, Max: 63.5, Diff: 12.7, Sum: 114.4]
      [Update RS (ms): Min: 50.2, Avg: 58.5, Max: 66.7, Diff: 16.5, Sum: 116.9]
         [Processed Buffers: Min: 50, Avg: 143.5, Max: 237, Diff: 187, Sum: 287]
      [Scan RS (ms): Min: 81.7, Avg: 81.8, Max: 81.8, Diff: 0.1, Sum: 163.6]
      [Object Copy (ms): Min: 260.6, Avg: 262.4, Max: 264.2, Diff: 3.6, Sum: 524.9]
      [Termination (ms): Min: 0.0, Avg: 0.0, Max: 0.0, Diff: 0.0, Sum: 0.0]
      [GC Worker Other (ms): Min: 0.1, Avg: 0.1, Max: 0.1, Diff: 0.0, Sum: 0.2]
      [GC Worker Total (ms): Min: 459.9, Avg: 459.9, Max: 459.9, Diff: 0.0, Sum: 919.9]
      [GC Worker End (ms): Min: 27309727.7, Avg: 27309727.7, Max: 27309727.7, Diff: 0.0]
   [Code Root Fixup: 0.0 ms]
   [Clear CT: 0.8 ms]
   [Other: 11.1 ms]
      [Choose CSet: 0.0 ms]
      [Ref Proc: 3.6 ms]
      [Ref Enq: 0.0 ms]
      [Free CSet: 4.6 ms]
   [Eden: 947.0M(947.0M)->0.0B(944.0M) Survivors: 77.0M->80.0M Heap: 2269.0M(3072.0M)->1359.0M(3072.0M)]
 [Times: user=0.94 sys=0.00, real=0.47 secs] 
27312.760: [GC pause (young) (initial-mark)
Desired survivor size 67108864 bytes, new threshold 2 (max 32)
- age   1:   46653296 bytes,   46653296 total
- age   2:   35403072 bytes,   82056368 total
, 0.4104370 secs]
   [Parallel Time: 402.6 ms, GC Workers: 2]
      [GC Worker Start (ms): Min: 27312761.2, Avg: 27312761.2, Max: 27312761.3, Diff: 0.0]
      [Ext Root Scanning (ms): Min: 45.5, Avg: 56.1, Max: 66.6, Diff: 21.2, Sum: 112.1]
      [Update RS (ms): Min: 29.4, Avg: 41.0, Max: 52.7, Diff: 23.3, Sum: 82.1]
         [Processed Buffers: Min: 133, Avg: 136.0, Max: 139, Diff: 6, Sum: 272]
      [Scan RS (ms): Min: 60.9, Avg: 60.9, Max: 60.9, Diff: 0.0, Sum: 121.8]
      [Object Copy (ms): Min: 243.3, Avg: 244.4, Max: 245.4, Diff: 2.1, Sum: 488.7]
      [Termination (ms): Min: 0.0, Avg: 0.0, Max: 0.0, Diff: 0.0, Sum: 0.0]
      [GC Worker Other (ms): Min: 0.1, Avg: 0.1, Max: 0.1, Diff: 0.0, Sum: 0.2]
      [GC Worker Total (ms): Min: 402.5, Avg: 402.5, Max: 402.5, Diff: 0.0, Sum: 804.9]
      [GC Worker End (ms): Min: 27313163.7, Avg: 27313163.7, Max: 27313163.7, Diff: 0.0]
   [Code Root Fixup: 0.0 ms]
   [Clear CT: 0.6 ms]
   [Other: 7.3 ms]
      [Choose CSet: 0.0 ms]
      [Ref Proc: 1.7 ms]
      [Ref Enq: 0.0 ms]
      [Free CSet: 3.0 ms]
   [Eden: 592.0M(944.0M)->0.0B(958.0M) Survivors: 80.0M->66.0M Heap: 1953.7M(3072.0M)->1381.0M(3072.0M)]
 [Times: user=0.81 sys=0.00, real=0.41 secs] 
27313.171: [GC concurrent-root-region-scan-start]
27313.520: [GC concurrent-root-region-scan-end, 0.3496690 secs]
27313.520: [GC concurrent-mark-start]
27315.977: [GC concurrent-mark-end, 2.4572660 secs]
27315.980: [GC remark 27315.982: [GC ref-proc, 0.0759560 secs], 0.1449340 secs]
 [Times: user=0.16 sys=0.00, real=0.15 secs] 
27316.126: [GC cleanup 1954M->1656M(3072M), 0.0249110 secs]
 [Times: user=0.05 sys=0.00, real=0.02 secs] 
27316.151: [GC concurrent-cleanup-start]
27316.152: [GC concurrent-cleanup-end, 0.0005980 secs]
27318.837: [GC pause (young)
Desired survivor size 67108864 bytes, new threshold 2 (max 32)
- age   1:   31950016 bytes,   31950016 total
- age   2:   36387024 bytes,   68337040 total
, 0.4292960 secs]
   [Parallel Time: 417.9 ms, GC Workers: 2]
      [GC Worker Start (ms): Min: 27318839.3, Avg: 27318839.3, Max: 27318839.3, Diff: 0.0]
      [Ext Root Scanning (ms): Min: 50.5, Avg: 58.5, Max: 66.5, Diff: 16.0, Sum: 117.1]
      [Update RS (ms): Min: 41.0, Avg: 50.6, Max: 60.2, Diff: 19.2, Sum: 101.2]
         [Processed Buffers: Min: 115, Avg: 142.0, Max: 169, Diff: 54, Sum: 284]
      [Scan RS (ms): Min: 86.2, Avg: 86.8, Max: 87.4, Diff: 1.2, Sum: 173.7]
      [Object Copy (ms): Min: 219.4, Avg: 221.6, Max: 223.8, Diff: 4.4, Sum: 443.3]
      [Termination (ms): Min: 0.0, Avg: 0.0, Max: 0.0, Diff: 0.0, Sum: 0.0]
      [GC Worker Other (ms): Min: 0.1, Avg: 0.1, Max: 0.1, Diff: 0.1, Sum: 0.2]
      [GC Worker Total (ms): Min: 417.7, Avg: 417.7, Max: 417.8, Diff: 0.1, Sum: 835.4]
      [GC Worker End (ms): Min: 27319257.0, Avg: 27319257.0, Max: 27319257.0, Diff: 0.0]
   [Code Root Fixup: 0.0 ms]
   [Clear CT: 0.7 ms]
   [Other: 10.7 ms]
      [Choose CSet: 0.0 ms]
      [Ref Proc: 3.0 ms]
      [Ref Enq: 0.0 ms]
      [Free CSet: 4.8 ms]
   [Eden: 958.0M(958.0M)->0.0B(963.0M) Survivors: 66.0M->61.0M Heap: 2094.9M(3072.0M)->1164.9M(3072.0M)]
 [Times: user=0.84 sys=0.00, real=0.43 secs] 
27326.494: [GC pause (mixed)
Desired survivor size 67108864 bytes, new threshold 16 (max 32)
- age   1:   38320960 bytes,   38320960 total
- age   2:   23053704 bytes,   61374664 total
, 0.4273880 secs]
   [Parallel Time: 414.6 ms, GC Workers: 2]
      [GC Worker Start (ms): Min: 27326495.9, Avg: 27326495.9, Max: 27326495.9, Diff: 0.0]
      [Ext Root Scanning (ms): Min: 52.9, Avg: 59.4, Max: 65.8, Diff: 12.9, Sum: 118.7]
      [Update RS (ms): Min: 45.9, Avg: 54.0, Max: 62.2, Diff: 16.3, Sum: 108.1]
         [Processed Buffers: Min: 131, Avg: 140.5, Max: 150, Diff: 19, Sum: 281]
      [Scan RS (ms): Min: 88.4, Avg: 88.5, Max: 88.6, Diff: 0.1, Sum: 177.0]
      [Object Copy (ms): Min: 210.7, Avg: 212.5, Max: 214.3, Diff: 3.6, Sum: 425.0]
      [Termination (ms): Min: 0.0, Avg: 0.0, Max: 0.0, Diff: 0.0, Sum: 0.0]
      [GC Worker Other (ms): Min: 0.1, Avg: 0.1, Max: 0.1, Diff: 0.0, Sum: 0.2]
      [GC Worker Total (ms): Min: 414.5, Avg: 414.5, Max: 414.5, Diff: 0.0, Sum: 829.0]
      [GC Worker End (ms): Min: 27326910.4, Avg: 27326910.4, Max: 27326910.4, Diff: 0.0]
   [Code Root Fixup: 0.0 ms]
   [Clear CT: 0.8 ms]
   [Other: 11.9 ms]
      [Choose CSet: 0.7 ms]
      [Ref Proc: 3.5 ms]
      [Ref Enq: 0.0 ms]
      [Free CSet: 5.3 ms]
   [Eden: 963.0M(963.0M)->0.0B(938.0M) Survivors: 61.0M->86.0M Heap: 2131.9M(3072.0M)->1110.9M(3072.0M)]
 [Times: user=0.84 sys=0.00, real=0.42 secs] 
27333.480: [GC pause (mixed)
Desired survivor size 67108864 bytes, new threshold 3 (max 32)
- age   1:   33712960 bytes,   33712960 total
- age   2:   33302656 bytes,   67015616 total
- age   3:   21657848 bytes,   88673464 total
, 0.5138900 secs]
   [Parallel Time: 500.1 ms, GC Workers: 2]
      [GC Worker Start (ms): Min: 27333481.7, Avg: 27333481.7, Max: 27333481.7, Diff: 0.0]
      [Ext Root Scanning (ms): Min: 53.8, Avg: 60.1, Max: 66.4, Diff: 12.6, Sum: 120.2]
      [Update RS (ms): Min: 47.3, Avg: 56.1, Max: 64.8, Diff: 17.5, Sum: 112.2]
         [Processed Buffers: Min: 96, Avg: 149.0, Max: 202, Diff: 106, Sum: 298]
      [Scan RS (ms): Min: 100.6, Avg: 100.7, Max: 100.8, Diff: 0.2, Sum: 201.4]
      [Object Copy (ms): Min: 280.7, Avg: 283.1, Max: 285.4, Diff: 4.7, Sum: 566.1]
      [Termination (ms): Min: 0.0, Avg: 0.0, Max: 0.0, Diff: 0.0, Sum: 0.0]
      [GC Worker Other (ms): Min: 0.1, Avg: 0.1, Max: 0.1, Diff: 0.0, Sum: 0.2]
      [GC Worker Total (ms): Min: 500.0, Avg: 500.0, Max: 500.0, Diff: 0.0, Sum: 1000.0]
      [GC Worker End (ms): Min: 27333981.7, Avg: 27333981.7, Max: 27333981.7, Diff: 0.0]
   [Code Root Fixup: 0.0 ms]
   [Clear CT: 0.8 ms]
   [Other: 13.0 ms]
      [Choose CSet: 0.3 ms]
      [Ref Proc: 4.6 ms]
      [Ref Enq: 0.1 ms]
      [Free CSet: 5.3 ms]
   [Eden: 938.0M(938.0M)->0.0B(922.0M) Survivors: 86.0M->102.0M Heap: 2096.8M(3072.0M)->1174.8M(3072.0M)]
 [Times: user=1.01 sys=0.00, real=0.51 secs] 
27338.363: [GC pause (young)
Desired survivor size 67108864 bytes, new threshold 2 (max 32)
- age   1:   42653752 bytes,   42653752 total
- age   2:   30288288 bytes,   72942040 total
- age   3:   31024088 bytes,  103966128 total
, 0.5622080 secs]
   [Parallel Time: 550.6 ms, GC Workers: 2]
      [GC Worker Start (ms): Min: 27338365.6, Avg: 27338365.6, Max: 27338365.6, Diff: 0.0]
      [Ext Root Scanning (ms): Min: 52.1, Avg: 64.1, Max: 76.1, Diff: 24.0, Sum: 128.2]
      [Update RS (ms): Min: 49.2, Avg: 60.2, Max: 71.2, Diff: 22.1, Sum: 120.4]
         [Processed Buffers: Min: 66, Avg: 131.0, Max: 196, Diff: 130, Sum: 262]
      [Scan RS (ms): Min: 92.0, Avg: 92.0, Max: 92.0, Diff: 0.1, Sum: 184.0]
      [Object Copy (ms): Min: 332.7, Avg: 333.7, Max: 334.6, Diff: 1.9, Sum: 667.3]
      [Termination (ms): Min: 0.0, Avg: 0.0, Max: 0.0, Diff: 0.0, Sum: 0.0]
      [GC Worker Other (ms): Min: 0.1, Avg: 0.1, Max: 0.1, Diff: 0.0, Sum: 0.3]
      [GC Worker Total (ms): Min: 550.1, Avg: 550.1, Max: 550.1, Diff: 0.1, Sum: 1100.2]
      [GC Worker End (ms): Min: 27338915.7, Avg: 27338915.7, Max: 27338915.7, Diff: 0.0]
   [Code Root Fixup: 0.0 ms]
   [Clear CT: 0.8 ms]
   [Other: 10.8 ms]
      [Choose CSet: 0.0 ms]
      [Ref Proc: 2.7 ms]
      [Ref Enq: 0.0 ms]
      [Free CSet: 4.5 ms]
   [Eden: 922.0M(922.0M)->0.0B(934.0M) Survivors: 102.0M->90.0M Heap: 2116.5M(3072.0M)->1237.0M(3072.0M)]
 [Times: user=1.11 sys=0.01, real=0.56 secs] 
27343.414: [GC pause (young) (initial-mark)
Desired survivor size 67108864 bytes, new threshold 2 (max 32)
- age   1:   54802584 bytes,   54802584 total
- age   2:   37669664 bytes,   92472248 total
, 0.4211930 secs]
   [Parallel Time: 411.1 ms, GC Workers: 2]
      [GC Worker Start (ms): Min: 27343415.7, Avg: 27343415.7, Max: 27343415.7, Diff: 0.0]
      [Ext Root Scanning (ms): Min: 53.1, Avg: 60.1, Max: 67.0, Diff: 13.9, Sum: 120.2]
      [Update RS (ms): Min: 47.0, Avg: 58.6, Max: 70.1, Diff: 23.2, Sum: 117.1]
         [Processed Buffers: Min: 172, Avg: 177.0, Max: 182, Diff: 10, Sum: 354]
      [Scan RS (ms): Min: 92.3, Avg: 92.3, Max: 92.3, Diff: 0.0, Sum: 184.7]
      [Object Copy (ms): Min: 195.1, Avg: 199.8, Max: 204.4, Diff: 9.3, Sum: 399.6]
      [Termination (ms): Min: 0.0, Avg: 0.0, Max: 0.0, Diff: 0.0, Sum: 0.0]
      [GC Worker Other (ms): Min: 0.1, Avg: 0.1, Max: 0.1, Diff: 0.0, Sum: 0.2]
      [GC Worker Total (ms): Min: 410.8, Avg: 410.8, Max: 410.8, Diff: 0.0, Sum: 821.7]
      [GC Worker End (ms): Min: 27343826.5, Avg: 27343826.6, Max: 27343826.6, Diff: 0.0]
   [Code Root Fixup: 0.0 ms]
   [Clear CT: 0.8 ms]
   [Other: 9.4 ms]
      [Choose CSet: 0.0 ms]
      [Ref Proc: 3.2 ms]
      [Ref Enq: 0.0 ms]
      [Free CSet: 3.2 ms]
   [Eden: 706.0M(934.0M)->0.0B(966.0M) Survivors: 90.0M->58.0M Heap: 2067.0M(3072.0M)->1354.0M(3072.0M)]
 [Times: user=0.83 sys=0.01, real=0.42 secs] 
27343.836: [GC concurrent-root-region-scan-start]
27344.447: [GC concurrent-root-region-scan-end, 0.6116430 secs]
27344.447: [GC concurrent-mark-start]
27346.876: [GC concurrent-mark-end, 2.4284870 secs]
27346.878: [GC remark 27346.879: [GC ref-proc, 0.0131700 secs], 0.0842900 secs]
 [Times: user=0.09 sys=0.00, real=0.09 secs] 
27346.963: [GC cleanup 1814M->1584M(3072M), 0.0257120 secs]
 [Times: user=0.05 sys=0.00, real=0.03 secs] 
27346.990: [GC concurrent-cleanup-start]
27346.990: [GC concurrent-cleanup-end, 0.0005960 secs]
27349.537: [GC pause (young)
Desired survivor size 67108864 bytes, new threshold 16 (max 32)
- age   1:   33723928 bytes,   33723928 total
- age   2:   24383088 bytes,   58107016 total
, 0.5591710 secs]
   [Parallel Time: 551.4 ms, GC Workers: 2]
      [GC Worker Start (ms): Min: 27349537.3, Avg: 27349537.3, Max: 27349537.3, Diff: 0.0]
      [Ext Root Scanning (ms): Min: 50.9, Avg: 58.0, Max: 65.0, Diff: 14.0, Sum: 115.9]
      [Update RS (ms): Min: 38.0, Avg: 46.8, Max: 55.6, Diff: 17.6, Sum: 93.5]
         [Processed Buffers: Min: 137, Avg: 137.5, Max: 138, Diff: 1, Sum: 275]
      [Scan RS (ms): Min: 54.0, Avg: 54.2, Max: 54.4, Diff: 0.4, Sum: 108.4]
      [Object Copy (ms): Min: 390.1, Avg: 392.1, Max: 394.1, Diff: 4.0, Sum: 784.2]
      [Termination (ms): Min: 0.0, Avg: 0.0, Max: 0.0, Diff: 0.0, Sum: 0.0]
      [GC Worker Other (ms): Min: 0.1, Avg: 0.1, Max: 0.2, Diff: 0.1, Sum: 0.3]
      [GC Worker Total (ms): Min: 551.1, Avg: 551.2, Max: 551.2, Diff: 0.1, Sum: 1102.4]
      [GC Worker End (ms): Min: 27350088.5, Avg: 27350088.5, Max: 27350088.6, Diff: 0.1]
   [Code Root Fixup: 0.0 ms]
   [Clear CT: 0.7 ms]
   [Other: 7.1 ms]
      [Choose CSet: 0.0 ms]
      [Ref Proc: 3.0 ms]
      [Ref Enq: 0.0 ms]
      [Free CSet: 2.4 ms]
   [Eden: 966.0M(966.0M)->0.0B(896.0M) Survivors: 58.0M->128.0M Heap: 2140.4M(3072.0M)->1286.9M(3072.0M)]
 [Times: user=1.11 sys=0.00, real=0.56 secs] 
27353.712: [GC pause (mixed)
Desired survivor size 67108864 bytes, new threshold 1 (max 32)
- age   1:  137910120 bytes,  137910120 total
- age   2:   14345312 bytes,  152255432 total
- age   3:   21137088 bytes,  173392520 total
, 0.6195960 secs]
   [Parallel Time: 608.1 ms, GC Workers: 2]
      [GC Worker Start (ms): Min: 27353713.3, Avg: 27353713.3, Max: 27353713.3, Diff: 0.0]
      [Ext Root Scanning (ms): Min: 51.2, Avg: 58.9, Max: 66.6, Diff: 15.5, Sum: 117.8]
      [Update RS (ms): Min: 16.0, Avg: 26.3, Max: 36.6, Diff: 20.6, Sum: 52.5]
         [Processed Buffers: Min: 23, Avg: 130.5, Max: 238, Diff: 215, Sum: 261]
      [Scan RS (ms): Min: 122.5, Avg: 122.5, Max: 122.6, Diff: 0.1, Sum: 245.1]
      [Object Copy (ms): Min: 397.6, Avg: 400.2, Max: 402.8, Diff: 5.2, Sum: 800.4]
      [Termination (ms): Min: 0.0, Avg: 0.0, Max: 0.0, Diff: 0.0, Sum: 0.0]
      [GC Worker Other (ms): Min: 0.1, Avg: 0.1, Max: 0.1, Diff: 0.0, Sum: 0.2]
      [GC Worker Total (ms): Min: 608.0, Avg: 608.0, Max: 608.0, Diff: 0.0, Sum: 1216.0]
      [GC Worker End (ms): Min: 27354321.3, Avg: 27354321.3, Max: 27354321.3, Diff: 0.0]
   [Code Root Fixup: 0.0 ms]
   [Clear CT: 1.1 ms]
   [Other: 10.4 ms]
      [Choose CSet: 0.9 ms]
      [Ref Proc: 2.9 ms]
      [Ref Enq: 0.1 ms]
      [Free CSet: 3.9 ms]
   [Eden: 896.0M(896.0M)->0.0B(926.0M) Survivors: 128.0M->98.0M Heap: 2182.9M(3072.0M)->1283.9M(3072.0M)]
 [Times: user=1.23 sys=0.00, real=0.62 secs] 
27360.971: [GC pause (mixed)
Desired survivor size 67108864 bytes, new threshold 1 (max 32)
- age   1:   98562936 bytes,   98562936 total
, 0.3503950 secs]
   [Parallel Time: 336.0 ms, GC Workers: 2]
      [GC Worker Start (ms): Min: 27360973.0, Avg: 27360973.0, Max: 27360973.0, Diff: 0.0]
      [Ext Root Scanning (ms): Min: 53.6, Avg: 59.1, Max: 64.6, Diff: 11.1, Sum: 118.2]
      [Update RS (ms): Min: 17.4, Avg: 25.2, Max: 32.9, Diff: 15.5, Sum: 50.3]
         [Processed Buffers: Min: 158, Avg: 161.5, Max: 165, Diff: 7, Sum: 323]
      [Scan RS (ms): Min: 64.4, Avg: 64.4, Max: 64.4, Diff: 0.1, Sum: 128.8]
      [Object Copy (ms): Min: 184.9, Avg: 187.1, Max: 189.4, Diff: 4.5, Sum: 374.2]
      [Termination (ms): Min: 0.0, Avg: 0.0, Max: 0.0, Diff: 0.0, Sum: 0.0]
      [GC Worker Other (ms): Min: 0.1, Avg: 0.1, Max: 0.1, Diff: 0.0, Sum: 0.2]
      [GC Worker Total (ms): Min: 335.8, Avg: 335.9, Max: 335.9, Diff: 0.0, Sum: 671.7]
      [GC Worker End (ms): Min: 27361308.8, Avg: 27361308.9, Max: 27361308.9, Diff: 0.0]
   [Code Root Fixup: 0.0 ms]
   [Clear CT: 1.4 ms]
   [Other: 13.0 ms]
      [Choose CSet: 0.7 ms]
      [Ref Proc: 6.7 ms]
      [Ref Enq: 0.1 ms]
      [Free CSet: 3.2 ms]
   [Eden: 926.0M(926.0M)->0.0B(993.0M) Survivors: 98.0M->31.0M Heap: 2247.1M(3072.0M)->1281.6M(3072.0M)]
 [Times: user=0.69 sys=0.00, real=0.35 secs] 
27367.106: [GC pause (young)
Desired survivor size 67108864 bytes, new threshold 16 (max 32)
- age   1:   28090376 bytes,   28090376 total
, 0.2021930 secs]
   [Parallel Time: 189.6 ms, GC Workers: 2]
      [GC Worker Start (ms): Min: 27367106.9, Avg: 27367106.9, Max: 27367107.0, Diff: 0.0]
      [Ext Root Scanning (ms): Min: 54.6, Avg: 60.5, Max: 66.3, Diff: 11.8, Sum: 120.9]
      [Update RS (ms): Min: 19.4, Avg: 27.5, Max: 35.5, Diff: 16.2, Sum: 54.9]
         [Processed Buffers: Min: 116, Avg: 148.5, Max: 181, Diff: 65, Sum: 297]
      [Scan RS (ms): Min: 15.1, Avg: 15.1, Max: 15.1, Diff: 0.0, Sum: 30.1]
      [Object Copy (ms): Min: 84.3, Avg: 86.4, Max: 88.6, Diff: 4.4, Sum: 172.9]
      [Termination (ms): Min: 0.0, Avg: 0.0, Max: 0.0, Diff: 0.0, Sum: 0.0]
      [GC Worker Other (ms): Min: 0.0, Avg: 0.1, Max: 0.1, Diff: 0.0, Sum: 0.1]
      [GC Worker Total (ms): Min: 189.5, Avg: 189.5, Max: 189.5, Diff: 0.0, Sum: 379.0]
      [GC Worker End (ms): Min: 27367296.5, Avg: 27367296.5, Max: 27367296.5, Diff: 0.0]
   [Code Root Fixup: 0.0 ms]
   [Clear CT: 0.8 ms]
   [Other: 11.8 ms]
      [Choose CSet: 0.0 ms]
      [Ref Proc: 8.2 ms]
      [Ref Enq: 0.1 ms]
      [Free CSet: 2.2 ms]
   [Eden: 993.0M(993.0M)->0.0B(978.0M) Survivors: 31.0M->46.0M Heap: 2276.4M(3072.0M)->1297.9M(3072.0M)]
 [Times: user=0.39 sys=0.00, real=0.20 secs] 
27374.289: [GC pause (young)
Desired survivor size 67108864 bytes, new threshold 16 (max 32)
- age   1:   27997352 bytes,   27997352 total
- age   2:   14308504 bytes,   42305856 total
, 0.2098550 secs]
   [Parallel Time: 186.9 ms, GC Workers: 2]
      [GC Worker Start (ms): Min: 27374290.2, Avg: 27374290.6, Max: 27374290.9, Diff: 0.6]
      [Ext Root Scanning (ms): Min: 51.1, Avg: 57.5, Max: 63.9, Diff: 12.9, Sum: 115.0]
      [Update RS (ms): Min: 3.1, Avg: 12.1, Max: 21.2, Diff: 18.2, Sum: 24.3]
         [Processed Buffers: Min: 85, Avg: 162.5, Max: 240, Diff: 155, Sum: 325]
      [Scan RS (ms): Min: 17.2, Avg: 17.2, Max: 17.3, Diff: 0.2, Sum: 34.5]
      [Object Copy (ms): Min: 97.3, Avg: 99.5, Max: 101.8, Diff: 4.5, Sum: 199.1]
      [Termination (ms): Min: 0.0, Avg: 0.0, Max: 0.0, Diff: 0.0, Sum: 0.0]
      [GC Worker Other (ms): Min: 0.1, Avg: 0.1, Max: 0.1, Diff: 0.0, Sum: 0.2]
      [GC Worker Total (ms): Min: 186.2, Avg: 186.5, Max: 186.8, Diff: 0.6, Sum: 373.0]
      [GC Worker End (ms): Min: 27374477.1, Avg: 27374477.1, Max: 27374477.1, Diff: 0.0]
   [Code Root Fixup: 0.0 ms]
   [Clear CT: 0.8 ms]
   [Other: 22.1 ms]
      [Choose CSet: 0.0 ms]
      [Ref Proc: 18.2 ms]
      [Ref Enq: 0.2 ms]
      [Free CSet: 2.6 ms]
   [Eden: 978.0M(978.0M)->0.0B(964.0M) Survivors: 46.0M->60.0M Heap: 2307.2M(3072.0M)->1343.2M(3072.0M)]
 [Times: user=0.40 sys=0.00, real=0.21 secs] 
27377.981: [GC pause (young) (initial-mark)
Desired survivor size 67108864 bytes, new threshold 16 (max 32)
- age   1:   27790128 bytes,   27790128 total
- age   2:   17148680 bytes,   44938808 total
- age   3:   10131536 bytes,   55070344 total
, 0.2417330 secs]
   [Parallel Time: 232.8 ms, GC Workers: 2]
      [GC Worker Start (ms): Min: 27377981.7, Avg: 27377981.7, Max: 27377981.7, Diff: 0.0]
      [Ext Root Scanning (ms): Min: 53.6, Avg: 60.3, Max: 67.1, Diff: 13.5, Sum: 120.6]
      [Update RS (ms): Min: 6.9, Avg: 19.1, Max: 31.3, Diff: 24.4, Sum: 38.2]
         [Processed Buffers: Min: 119, Avg: 149.5, Max: 180, Diff: 61, Sum: 299]
      [Scan RS (ms): Min: 15.0, Avg: 15.1, Max: 15.1, Diff: 0.1, Sum: 30.1]
      [Object Copy (ms): Min: 132.7, Avg: 138.2, Max: 143.6, Diff: 10.9, Sum: 276.3]
      [Termination (ms): Min: 0.0, Avg: 0.0, Max: 0.0, Diff: 0.0, Sum: 0.0]
      [GC Worker Other (ms): Min: 0.1, Avg: 0.1, Max: 0.1, Diff: 0.0, Sum: 0.2]
      [GC Worker Total (ms): Min: 232.7, Avg: 232.7, Max: 232.8, Diff: 0.0, Sum: 465.5]
      [GC Worker End (ms): Min: 27378214.5, Avg: 27378214.5, Max: 27378214.5, Diff: 0.0]
   [Code Root Fixup: 0.0 ms]
   [Clear CT: 0.6 ms]
   [Other: 8.3 ms]
      [Choose CSet: 0.0 ms]
      [Ref Proc: 4.9 ms]
      [Ref Enq: 0.1 ms]
      [Free CSet: 1.8 ms]
   [Eden: 674.0M(964.0M)->0.0B(958.0M) Survivors: 60.0M->66.0M Heap: 2037.8M(3072.0M)->1370.5M(3072.0M)]
 [Times: user=0.48 sys=0.00, real=0.24 secs] 
27378.223: [GC concurrent-root-region-scan-start]
27378.370: [GC concurrent-root-region-scan-end, 0.1472690 secs]
27378.370: [GC concurrent-mark-start]
27379.852: [GC concurrent-mark-end, 1.4819200 secs]
27379.854: [GC remark 27379.855: [GC ref-proc, 0.0197520 secs], 0.0931280 secs]
 [Times: user=0.10 sys=0.00, real=0.09 secs] 
27379.949: [GC cleanup 1695M->1372M(3072M), 0.0237120 secs]
 [Times: user=0.04 sys=0.00, real=0.02 secs] 
27379.973: [GC concurrent-cleanup-start]
27379.974: [GC concurrent-cleanup-end, 0.0007650 secs]
27383.700: [GC pause (young)
Desired survivor size 67108864 bytes, new threshold 16 (max 32)
- age   1:   32857120 bytes,   32857120 total
- age   2:   13883704 bytes,   46740824 total
- age   3:   10433528 bytes,   57174352 total
- age   4:    9095352 bytes,   66269704 total
, 0.3418530 secs]
   [Parallel Time: 330.8 ms, GC Workers: 2]
      [GC Worker Start (ms): Min: 27383700.4, Avg: 27383700.4, Max: 27383700.4, Diff: 0.0]
      [Ext Root Scanning (ms): Min: 62.0, Avg: 67.3, Max: 72.6, Diff: 10.5, Sum: 134.6]
      [Update RS (ms): Min: 28.7, Avg: 36.1, Max: 43.6, Diff: 14.9, Sum: 72.3]
         [Processed Buffers: Min: 93, Avg: 158.5, Max: 224, Diff: 131, Sum: 317]
      [Scan RS (ms): Min: 13.5, Avg: 13.7, Max: 13.9, Diff: 0.4, Sum: 27.4]
      [Object Copy (ms): Min: 211.0, Avg: 213.4, Max: 215.8, Diff: 4.8, Sum: 426.8]
      [Termination (ms): Min: 0.0, Avg: 0.0, Max: 0.0, Diff: 0.0, Sum: 0.0]
      [GC Worker Other (ms): Min: 0.1, Avg: 0.1, Max: 0.1, Diff: 0.0, Sum: 0.2]
      [GC Worker Total (ms): Min: 330.6, Avg: 330.6, Max: 330.6, Diff: 0.1, Sum: 661.2]
      [GC Worker End (ms): Min: 27384031.0, Avg: 27384031.0, Max: 27384031.0, Diff: 0.0]
   [Code Root Fixup: 0.0 ms]
   [Clear CT: 0.8 ms]
   [Other: 10.3 ms]
      [Choose CSet: 0.0 ms]
      [Ref Proc: 7.3 ms]
      [Ref Enq: 0.1 ms]
      [Free CSet: 2.0 ms]
   [Eden: 958.0M(958.0M)->0.0B(923.0M) Survivors: 66.0M->101.0M Heap: 2025.0M(3072.0M)->1102.0M(3072.0M)]
 [Times: user=0.67 sys=0.00, real=0.34 secs] 
27389.590: [GC pause (mixed)
Desired survivor size 67108864 bytes, new threshold 2 (max 32)
- age   1:   61393648 bytes,   61393648 total
- age   2:   17432208 bytes,   78825856 total
- age   3:    8348160 bytes,   87174016 total
- age   4:    7295048 bytes,   94469064 total
- age   5:    6617672 bytes,  101086736 total
, 0.4808130 secs]
   [Parallel Time: 461.4 ms, GC Workers: 2]
      [GC Worker Start (ms): Min: 27389593.5, Avg: 27389593.5, Max: 27389593.5, Diff: 0.0]
      [Ext Root Scanning (ms): Min: 55.4, Avg: 60.7, Max: 66.0, Diff: 10.6, Sum: 121.4]
      [Update RS (ms): Min: 14.6, Avg: 22.5, Max: 30.4, Diff: 15.9, Sum: 45.0]
         [Processed Buffers: Min: 139, Avg: 169.5, Max: 200, Diff: 61, Sum: 339]
      [Scan RS (ms): Min: 64.8, Avg: 64.8, Max: 64.9, Diff: 0.1, Sum: 129.7]
      [Object Copy (ms): Min: 310.5, Avg: 313.1, Max: 315.8, Diff: 5.3, Sum: 626.3]
      [Termination (ms): Min: 0.0, Avg: 0.0, Max: 0.0, Diff: 0.0, Sum: 0.0]
      [GC Worker Other (ms): Min: 0.1, Avg: 0.1, Max: 0.1, Diff: 0.0, Sum: 0.2]
      [GC Worker Total (ms): Min: 461.2, Avg: 461.3, Max: 461.3, Diff: 0.0, Sum: 922.5]
      [GC Worker End (ms): Min: 27390054.7, Avg: 27390054.7, Max: 27390054.8, Diff: 0.0]
   [Code Root Fixup: 0.0 ms]
   [Clear CT: 1.1 ms]
   [Other: 18.4 ms]
      [Choose CSet: 2.0 ms]
      [Ref Proc: 8.4 ms]
      [Ref Enq: 0.2 ms]
      [Free CSet: 5.5 ms]
   [Eden: 923.0M(923.0M)->0.0B(913.0M) Survivors: 101.0M->111.0M Heap: 2054.2M(3072.0M)->868.9M(3072.0M)]
 [Times: user=0.95 sys=0.00, real=0.48 secs] 
27394.317: [GC pause (mixed)
Desired survivor size 67108864 bytes, new threshold 2 (max 32)
- age   1:   59954904 bytes,   59954904 total
- age   2:   50853648 bytes,  110808552 total
, 0.8141730 secs]
   [Parallel Time: 801.6 ms, GC Workers: 2]
      [GC Worker Start (ms): Min: 27394319.1, Avg: 27394319.2, Max: 27394319.2, Diff: 0.1]
      [Ext Root Scanning (ms): Min: 47.8, Avg: 59.8, Max: 71.9, Diff: 24.2, Sum: 119.7]
      [Update RS (ms): Min: 69.3, Avg: 80.4, Max: 91.5, Diff: 22.2, Sum: 160.8]
         [Processed Buffers: Min: 58, Avg: 164.5, Max: 271, Diff: 213, Sum: 329]
      [Scan RS (ms): Min: 74.6, Avg: 74.6, Max: 74.6, Diff: 0.0, Sum: 149.1]
      [Object Copy (ms): Min: 585.6, Avg: 586.6, Max: 587.5, Diff: 1.9, Sum: 1173.1]
      [Termination (ms): Min: 0.0, Avg: 0.0, Max: 0.0, Diff: 0.0, Sum: 0.0]
      [GC Worker Other (ms): Min: 0.1, Avg: 0.1, Max: 0.1, Diff: 0.0, Sum: 0.2]
      [GC Worker Total (ms): Min: 801.4, Avg: 801.5, Max: 801.5, Diff: 0.1, Sum: 1602.9]
      [GC Worker End (ms): Min: 27395120.6, Avg: 27395120.6, Max: 27395120.6, Diff: 0.0]
   [Code Root Fixup: 0.0 ms]
   [Clear CT: 0.9 ms]
   [Other: 11.7 ms]
      [Choose CSet: 1.1 ms]
      [Ref Proc: 4.1 ms]
      [Ref Enq: 0.0 ms]
      [Free CSet: 4.1 ms]
   [Eden: 913.0M(913.0M)->0.0B(896.0M) Survivors: 111.0M->128.0M Heap: 1808.0M(3072.0M)->939.2M(3072.0M)]
 [Times: user=1.61 sys=0.00, real=0.81 secs] 
27399.211: [GC pause (young)
Desired survivor size 67108864 bytes, new threshold 1 (max 32)
- age   1:  133777296 bytes,  133777296 total
- age   2:   47342328 bytes,  181119624 total
, 0.7132030 secs]
   [Parallel Time: 699.7 ms, GC Workers: 2]
      [GC Worker Start (ms): Min: 27399212.8, Avg: 27399212.8, Max: 27399212.8, Diff: 0.0]
      [Ext Root Scanning (ms): Min: 51.8, Avg: 60.1, Max: 68.4, Diff: 16.6, Sum: 120.3]
      [Update RS (ms): Min: 47.9, Avg: 58.6, Max: 69.4, Diff: 21.4, Sum: 117.3]
         [Processed Buffers: Min: 58, Avg: 150.5, Max: 243, Diff: 185, Sum: 301]
      [Scan RS (ms): Min: 139.3, Avg: 139.4, Max: 139.4, Diff: 0.1, Sum: 278.7]
      [Object Copy (ms): Min: 438.7, Avg: 441.0, Max: 443.4, Diff: 4.7, Sum: 882.1]
      [Termination (ms): Min: 0.0, Avg: 0.0, Max: 0.0, Diff: 0.0, Sum: 0.0]
      [GC Worker Other (ms): Min: 0.1, Avg: 0.1, Max: 0.1, Diff: 0.0, Sum: 0.2]
      [GC Worker Total (ms): Min: 699.3, Avg: 699.3, Max: 699.3, Diff: 0.0, Sum: 1398.6]
      [GC Worker End (ms): Min: 27399912.1, Avg: 27399912.1, Max: 27399912.1, Diff: 0.0]
   [Code Root Fixup: 0.0 ms]
   [Clear CT: 0.8 ms]
   [Other: 12.7 ms]
      [Choose CSet: 0.0 ms]
      [Ref Proc: 4.3 ms]
      [Ref Enq: 0.1 ms]
      [Free CSet: 4.4 ms]
   [Eden: 896.0M(896.0M)->0.0B(976.0M) Survivors: 128.0M->48.0M Heap: 1841.2M(3072.0M)->986.2M(3072.0M)]
 [Times: user=1.40 sys=0.00, real=0.71 secs] 
27404.677: [GC pause (young)
Desired survivor size 67108864 bytes, new threshold 16 (max 32)
- age   1:   47269672 bytes,   47269672 total
, 0.3889530 secs]
   [Parallel Time: 377.0 ms, GC Workers: 2]
      [GC Worker Start (ms): Min: 27404679.1, Avg: 27404679.1, Max: 27404679.1, Diff: 0.0]
      [Ext Root Scanning (ms): Min: 51.9, Avg: 60.9, Max: 69.8, Diff: 17.9, Sum: 121.7]
      [Update RS (ms): Min: 40.9, Avg: 52.2, Max: 63.4, Diff: 22.5, Sum: 104.3]
         [Processed Buffers: Min: 130, Avg: 159.5, Max: 189, Diff: 59, Sum: 319]
      [Scan RS (ms): Min: 60.7, Avg: 60.7, Max: 60.7, Diff: 0.0, Sum: 121.4]
      [Object Copy (ms): Min: 200.8, Avg: 203.1, Max: 205.3, Diff: 4.6, Sum: 406.1]
      [Termination (ms): Min: 0.0, Avg: 0.0, Max: 0.0, Diff: 0.0, Sum: 0.0]
      [GC Worker Other (ms): Min: 0.1, Avg: 0.1, Max: 0.1, Diff: 0.0, Sum: 0.2]
      [GC Worker Total (ms): Min: 376.9, Avg: 376.9, Max: 376.9, Diff: 0.0, Sum: 753.8]
      [GC Worker End (ms): Min: 27405056.0, Avg: 27405056.0, Max: 27405056.0, Diff: 0.0]
   [Code Root Fixup: 0.0 ms]
   [Clear CT: 1.2 ms]
   [Other: 10.8 ms]
      [Choose CSet: 0.0 ms]
      [Ref Proc: 3.7 ms]
      [Ref Enq: 0.1 ms]
      [Free CSet: 4.4 ms]
   [Eden: 976.0M(976.0M)->0.0B(939.0M) Survivors: 48.0M->85.0M Heap: 1990.2M(3072.0M)->1051.2M(3072.0M)]
 [Times: user=0.77 sys=0.00, real=0.39 secs] 
27410.431: [GC pause (young)
Desired survivor size 67108864 bytes, new threshold 2 (max 32)
- age   1:   43948672 bytes,   43948672 total
- age   2:   43303104 bytes,   87251776 total
, 0.4791630 secs]
   [Parallel Time: 463.3 ms, GC Workers: 2]
      [GC Worker Start (ms): Min: 27410433.0, Avg: 27410433.0, Max: 27410433.0, Diff: 0.0]
      [Ext Root Scanning (ms): Min: 50.2, Avg: 61.4, Max: 72.6, Diff: 22.4, Sum: 122.8]
      [Update RS (ms): Min: 48.9, Avg: 58.9, Max: 68.9, Diff: 20.0, Sum: 117.8]
         [Processed Buffers: Min: 67, Avg: 146.5, Max: 226, Diff: 159, Sum: 293]
      [Scan RS (ms): Min: 71.7, Avg: 71.7, Max: 71.7, Diff: 0.1, Sum: 143.4]
      [Object Copy (ms): Min: 269.7, Avg: 271.0, Max: 272.2, Diff: 2.5, Sum: 542.0]
      [Termination (ms): Min: 0.0, Avg: 0.0, Max: 0.0, Diff: 0.0, Sum: 0.0]
      [GC Worker Other (ms): Min: 0.1, Avg: 0.1, Max: 0.1, Diff: 0.0, Sum: 0.2]
      [GC Worker Total (ms): Min: 463.1, Avg: 463.1, Max: 463.1, Diff: 0.0, Sum: 926.2]
      [GC Worker End (ms): Min: 27410896.1, Avg: 27410896.1, Max: 27410896.1, Diff: 0.0]
   [Code Root Fixup: 0.0 ms]
   [Clear CT: 0.9 ms]
   [Other: 15.0 ms]
      [Choose CSet: 0.0 ms]
      [Ref Proc: 6.7 ms]
      [Ref Enq: 0.1 ms]
      [Free CSet: 5.0 ms]
   [Eden: 939.0M(939.0M)->0.0B(948.0M) Survivors: 85.0M->76.0M Heap: 1993.7M(3072.0M)->1085.7M(3072.0M)]
 [Times: user=0.94 sys=0.00, real=0.48 secs] 
27416.535: [GC pause (young)
Desired survivor size 67108864 bytes, new threshold 2 (max 32)
- age   1:   44534560 bytes,   44534560 total
- age   2:   32941936 bytes,   77476496 total
, 0.4576140 secs]
   [Parallel Time: 445.1 ms, GC Workers: 2]
      [GC Worker Start (ms): Min: 27416536.9, Avg: 27416536.9, Max: 27416536.9, Diff: 0.0]
      [Ext Root Scanning (ms): Min: 47.4, Avg: 58.6, Max: 69.8, Diff: 22.4, Sum: 117.1]
      [Update RS (ms): Min: 47.8, Avg: 57.9, Max: 68.1, Diff: 20.2, Sum: 115.9]
         [Processed Buffers: Min: 139, Avg: 143.5, Max: 148, Diff: 9, Sum: 287]
      [Scan RS (ms): Min: 76.0, Avg: 76.1, Max: 76.1, Diff: 0.1, Sum: 152.2]
      [Object Copy (ms): Min: 251.1, Avg: 252.2, Max: 253.2, Diff: 2.1, Sum: 504.3]
      [Termination (ms): Min: 0.0, Avg: 0.0, Max: 0.0, Diff: 0.0, Sum: 0.0]
      [GC Worker Other (ms): Min: 0.1, Avg: 0.1, Max: 0.1, Diff: 0.0, Sum: 0.2]
      [GC Worker Total (ms): Min: 444.9, Avg: 444.9, Max: 444.9, Diff: 0.0, Sum: 889.7]
      [GC Worker End (ms): Min: 27416981.7, Avg: 27416981.7, Max: 27416981.7, Diff: 0.0]
   [Code Root Fixup: 0.0 ms]
   [Clear CT: 0.8 ms]
   [Other: 11.7 ms]
      [Choose CSet: 0.0 ms]
      [Ref Proc: 3.9 ms]
      [Ref Enq: 0.1 ms]
      [Free CSet: 5.0 ms]
   [Eden: 948.0M(948.0M)->0.0B(945.0M) Survivors: 76.0M->79.0M Heap: 2038.7M(3072.0M)->1121.7M(3072.0M)]
 [Times: user=0.91 sys=0.00, real=0.46 secs] 
27422.617: [GC pause (young)
Desired survivor size 67108864 bytes, new threshold 2 (max 32)
- age   1:   46583816 bytes,   46583816 total
- age   2:   33189496 bytes,   79773312 total
, 0.4042370 secs]
   [Parallel Time: 392.0 ms, GC Workers: 2]
      [GC Worker Start (ms): Min: 27422618.6, Avg: 27422618.6, Max: 27422618.6, Diff: 0.0]
      [Ext Root Scanning (ms): Min: 48.7, Avg: 59.4, Max: 70.0, Diff: 21.3, Sum: 118.8]
      [Update RS (ms): Min: 3.7, Avg: 13.1, Max: 22.4, Diff: 18.7, Sum: 26.2]
         [Processed Buffers: Min: 14, Avg: 152.0, Max: 290, Diff: 276, Sum: 304]
      [Scan RS (ms): Min: 75.9, Avg: 75.9, Max: 76.0, Diff: 0.1, Sum: 151.8]
      [Object Copy (ms): Min: 241.1, Avg: 242.5, Max: 243.9, Diff: 2.8, Sum: 485.1]
      [Termination (ms): Min: 0.0, Avg: 0.0, Max: 0.0, Diff: 0.0, Sum: 0.1]
      [GC Worker Other (ms): Min: 0.0, Avg: 0.1, Max: 0.1, Diff: 0.0, Sum: 0.1]
      [GC Worker Total (ms): Min: 391.0, Avg: 391.0, Max: 391.0, Diff: 0.1, Sum: 782.0]
      [GC Worker End (ms): Min: 27423009.6, Avg: 27423009.6, Max: 27423009.6, Diff: 0.0]
   [Code Root Fixup: 0.0 ms]
   [Clear CT: 0.7 ms]
   [Other: 11.5 ms]
      [Choose CSet: 0.0 ms]
      [Ref Proc: 3.9 ms]
      [Ref Enq: 0.1 ms]
      [Free CSet: 5.1 ms]
   [Eden: 945.0M(945.0M)->0.0B(951.0M) Survivors: 79.0M->73.0M Heap: 2130.6M(3072.0M)->1210.6M(3072.0M)]
 [Times: user=0.79 sys=0.00, real=0.41 secs] 
27429.303: [GC pause (young)
Desired survivor size 67108864 bytes, new threshold 2 (max 32)
- age   1:   36552656 bytes,   36552656 total
- age   2:   38274864 bytes,   74827520 total
, 0.5145030 secs]
   [Parallel Time: 502.5 ms, GC Workers: 2]
      [GC Worker Start (ms): Min: 27429304.5, Avg: 27429304.5, Max: 27429304.5, Diff: 0.0]
      [Ext Root Scanning (ms): Min: 54.3, Avg: 59.7, Max: 65.1, Diff: 10.8, Sum: 119.4]
      [Update RS (ms): Min: 37.0, Avg: 44.7, Max: 52.4, Diff: 15.4, Sum: 89.4]
         [Processed Buffers: Min: 90, Avg: 131.0, Max: 172, Diff: 82, Sum: 262]
      [Scan RS (ms): Min: 99.5, Avg: 99.6, Max: 99.6, Diff: 0.1, Sum: 199.2]
      [Object Copy (ms): Min: 296.1, Avg: 298.4, Max: 300.6, Diff: 4.4, Sum: 596.7]
      [Termination (ms): Min: 0.0, Avg: 0.0, Max: 0.0, Diff: 0.0, Sum: 0.0]
      [GC Worker Other (ms): Min: 0.1, Avg: 0.1, Max: 0.1, Diff: 0.0, Sum: 0.2]
      [GC Worker Total (ms): Min: 502.4, Avg: 502.4, Max: 502.4, Diff: 0.0, Sum: 1004.9]
      [GC Worker End (ms): Min: 27429806.9, Avg: 27429806.9, Max: 27429806.9, Diff: 0.0]
   [Code Root Fixup: 0.0 ms]
   [Clear CT: 0.7 ms]
   [Other: 11.3 ms]
      [Choose CSet: 0.0 ms]
      [Ref Proc: 3.0 ms]
      [Ref Enq: 0.0 ms]
      [Free CSet: 5.3 ms]
   [Eden: 951.0M(951.0M)->0.0B(933.0M) Survivors: 73.0M->91.0M Heap: 2175.8M(3072.0M)->1277.3M(3072.0M)]
 [Times: user=1.01 sys=0.01, real=0.51 secs] 
27434.370: [GC pause (young)
Desired survivor size 67108864 bytes, new threshold 2 (max 32)
- age   1:   59149000 bytes,   59149000 total
- age   2:   33359576 bytes,   92508576 total
, 0.3955700 secs]
   [Parallel Time: 384.1 ms, GC Workers: 2]
      [GC Worker Start (ms): Min: 27434371.5, Avg: 27434371.5, Max: 27434371.5, Diff: 0.0]
      [Ext Root Scanning (ms): Min: 51.7, Avg: 58.7, Max: 65.8, Diff: 14.1, Sum: 117.5]
      [Update RS (ms): Min: 7.3, Avg: 16.3, Max: 25.3, Diff: 18.0, Sum: 32.6]
         [Processed Buffers: Min: 111, Avg: 132.5, Max: 154, Diff: 43, Sum: 265]
      [Scan RS (ms): Min: 82.0, Avg: 82.0, Max: 82.1, Diff: 0.1, Sum: 164.1]
      [Object Copy (ms): Min: 225.0, Avg: 226.9, Max: 228.8, Diff: 3.8, Sum: 453.7]
      [Termination (ms): Min: 0.0, Avg: 0.0, Max: 0.0, Diff: 0.0, Sum: 0.0]
      [GC Worker Other (ms): Min: 0.1, Avg: 0.1, Max: 0.2, Diff: 0.1, Sum: 0.2]
      [GC Worker Total (ms): Min: 384.1, Avg: 384.1, Max: 384.1, Diff: 0.0, Sum: 768.1]
      [GC Worker End (ms): Min: 27434755.5, Avg: 27434755.5, Max: 27434755.5, Diff: 0.0]
   [Code Root Fixup: 0.0 ms]
   [Clear CT: 0.8 ms]
   [Other: 10.6 ms]
      [Choose CSet: 0.0 ms]
      [Ref Proc: 2.8 ms]
      [Ref Enq: 0.0 ms]
      [Free CSet: 4.8 ms]
   [Eden: 836.0M(933.0M)->0.0B(956.0M) Survivors: 91.0M->68.0M Heap: 2133.0M(3072.0M)->1306.3M(3072.0M)]
 [Times: user=0.78 sys=0.00, real=0.40 secs] 
27440.820: [GC pause (young)
Desired survivor size 67108864 bytes, new threshold 2 (max 32)
- age   1:   38666312 bytes,   38666312 total
- age   2:   30587160 bytes,   69253472 total
, 0.4647660 secs]
   [Parallel Time: 452.2 ms, GC Workers: 2]
      [GC Worker Start (ms): Min: 27440822.3, Avg: 27440822.3, Max: 27440822.3, Diff: 0.0]
      [Ext Root Scanning (ms): Min: 54.4, Avg: 61.1, Max: 67.7, Diff: 13.3, Sum: 122.2]
      [Update RS (ms): Min: 45.2, Avg: 53.7, Max: 62.3, Diff: 17.1, Sum: 107.5]
         [Processed Buffers: Min: 114, Avg: 142.5, Max: 171, Diff: 57, Sum: 285]
      [Scan RS (ms): Min: 86.7, Avg: 86.8, Max: 87.0, Diff: 0.2, Sum: 173.7]
      [Object Copy (ms): Min: 248.3, Avg: 250.3, Max: 252.3, Diff: 4.0, Sum: 500.6]
      [Termination (ms): Min: 0.0, Avg: 0.0, Max: 0.0, Diff: 0.0, Sum: 0.0]
      [GC Worker Other (ms): Min: 0.1, Avg: 0.1, Max: 0.1, Diff: 0.0, Sum: 0.2]
      [GC Worker Total (ms): Min: 452.1, Avg: 452.1, Max: 452.1, Diff: 0.0, Sum: 904.2]
      [GC Worker End (ms): Min: 27441274.4, Avg: 27441274.4, Max: 27441274.4, Diff: 0.0]
   [Code Root Fixup: 0.0 ms]
   [Clear CT: 0.8 ms]
   [Other: 11.7 ms]
      [Choose CSet: 0.0 ms]
      [Ref Proc: 3.7 ms]
      [Ref Enq: 0.1 ms]
      [Free CSet: 5.2 ms]
   [Eden: 956.0M(956.0M)->0.0B(948.0M) Survivors: 68.0M->76.0M Heap: 2294.7M(3072.0M)->1374.7M(3072.0M)]
 [Times: user=0.92 sys=0.00, real=0.47 secs] 
27444.432: [GC pause (young) (initial-mark)
Desired survivor size 67108864 bytes, new threshold 2 (max 32)
- age   1:   46816800 bytes,   46816800 total
- age   2:   31285120 bytes,   78101920 total
, 0.4496370 secs]
   [Parallel Time: 439.9 ms, GC Workers: 2]
      [GC Worker Start (ms): Min: 27444433.8, Avg: 27444433.8, Max: 27444433.8, Diff: 0.0]
      [Ext Root Scanning (ms): Min: 48.8, Avg: 60.0, Max: 71.3, Diff: 22.5, Sum: 120.0]
      [Update RS (ms): Min: 40.6, Avg: 53.1, Max: 65.7, Diff: 25.2, Sum: 106.3]
         [Processed Buffers: Min: 47, Avg: 134.0, Max: 221, Diff: 174, Sum: 268]
      [Scan RS (ms): Min: 70.3, Avg: 70.4, Max: 70.5, Diff: 0.2, Sum: 140.8]
      [Object Copy (ms): Min: 254.8, Avg: 256.0, Max: 257.3, Diff: 2.5, Sum: 512.1]
      [Termination (ms): Min: 0.0, Avg: 0.0, Max: 0.0, Diff: 0.0, Sum: 0.0]
      [GC Worker Other (ms): Min: 0.1, Avg: 0.1, Max: 0.1, Diff: 0.0, Sum: 0.2]
      [GC Worker Total (ms): Min: 439.7, Avg: 439.7, Max: 439.7, Diff: 0.0, Sum: 879.4]
      [GC Worker End (ms): Min: 27444873.5, Avg: 27444873.5, Max: 27444873.6, Diff: 0.0]
   [Code Root Fixup: 0.0 ms]
   [Clear CT: 0.7 ms]
   [Other: 9.0 ms]
      [Choose CSet: 0.0 ms]
      [Ref Proc: 2.0 ms]
      [Ref Enq: 0.0 ms]
      [Free CSet: 3.9 ms]
   [Eden: 818.0M(948.0M)->0.0B(948.0M) Survivors: 76.0M->76.0M Heap: 2192.3M(3072.0M)->1404.2M(3072.0M)]
 [Times: user=0.89 sys=0.00, real=0.45 secs] 
27444.882: [GC concurrent-root-region-scan-start]
27445.125: [GC concurrent-root-region-scan-end, 0.2431190 secs]
27445.125: [GC concurrent-mark-start]
27448.177: [GC concurrent-mark-end, 3.0522840 secs]
27448.178: [GC remark 27448.180: [GC ref-proc, 0.3718240 secs], 0.4407590 secs]
 [Times: user=0.45 sys=0.00, real=0.44 secs] 
27448.622: [GC cleanup 1931M->1662M(3072M), 0.0270080 secs]
 [Times: user=0.05 sys=0.00, real=0.03 secs] 
27448.650: [GC concurrent-cleanup-start]
27448.651: [GC concurrent-cleanup-end, 0.0014430 secs]
27450.794: [GC pause (young)
Desired survivor size 67108864 bytes, new threshold 2 (max 32)
- age   1:   36242520 bytes,   36242520 total
- age   2:   40524568 bytes,   76767088 total
, 0.4493100 secs]
   [Parallel Time: 436.9 ms, GC Workers: 2]
      [GC Worker Start (ms): Min: 27450796.1, Avg: 27450796.1, Max: 27450796.1, Diff: 0.0]
      [Ext Root Scanning (ms): Min: 56.7, Avg: 61.8, Max: 67.0, Diff: 10.3, Sum: 123.6]
      [Update RS (ms): Min: 26.7, Avg: 34.1, Max: 41.5, Diff: 14.8, Sum: 68.2]
         [Processed Buffers: Min: 120, Avg: 134.5, Max: 149, Diff: 29, Sum: 269]
      [Scan RS (ms): Min: 85.3, Avg: 85.7, Max: 86.2, Diff: 0.9, Sum: 171.5]
      [Object Copy (ms): Min: 252.1, Avg: 254.8, Max: 257.4, Diff: 5.3, Sum: 509.5]
      [Termination (ms): Min: 0.0, Avg: 0.0, Max: 0.0, Diff: 0.0, Sum: 0.0]
      [GC Worker Other (ms): Min: 0.1, Avg: 0.1, Max: 0.1, Diff: 0.0, Sum: 0.2]
      [GC Worker Total (ms): Min: 436.5, Avg: 436.6, Max: 436.6, Diff: 0.1, Sum: 873.1]
      [GC Worker End (ms): Min: 27451232.7, Avg: 27451232.7, Max: 27451232.7, Diff: 0.0]
   [Code Root Fixup: 0.0 ms]
   [Clear CT: 0.8 ms]
   [Other: 11.7 ms]
      [Choose CSet: 0.0 ms]
      [Ref Proc: 3.8 ms]
      [Ref Enq: 0.0 ms]
      [Free CSet: 4.9 ms]
   [Eden: 948.0M(948.0M)->0.0B(953.0M) Survivors: 76.0M->71.0M Heap: 2121.2M(3072.0M)->1205.2M(3072.0M)]
 [Times: user=0.87 sys=0.01, real=0.45 secs] 
27457.439: [GC pause (mixed)
Desired survivor size 67108864 bytes, new threshold 2 (max 32)
- age   1:   40569960 bytes,   40569960 total
- age   2:   32364008 bytes,   72933968 total
, 0.4572120 secs]
   [Parallel Time: 447.0 ms, GC Workers: 2]
      [GC Worker Start (ms): Min: 27457440.5, Avg: 27457440.5, Max: 27457440.5, Diff: 0.0]
      [Ext Root Scanning (ms): Min: 56.1, Avg: 61.8, Max: 67.4, Diff: 11.4, Sum: 123.5]
      [Update RS (ms): Min: 16.6, Avg: 24.3, Max: 32.0, Diff: 15.4, Sum: 48.6]
         [Processed Buffers: Min: 90, Avg: 144.0, Max: 198, Diff: 108, Sum: 288]
      [Scan RS (ms): Min: 95.2, Avg: 95.3, Max: 95.4, Diff: 0.2, Sum: 190.5]
      [Object Copy (ms): Min: 263.3, Avg: 265.4, Max: 267.6, Diff: 4.3, Sum: 530.9]
      [Termination (ms): Min: 0.0, Avg: 0.0, Max: 0.0, Diff: 0.0, Sum: 0.0]
      [GC Worker Other (ms): Min: 0.1, Avg: 0.1, Max: 0.1, Diff: 0.0, Sum: 0.2]
      [GC Worker Total (ms): Min: 446.9, Avg: 446.9, Max: 446.9, Diff: 0.0, Sum: 893.7]
      [GC Worker End (ms): Min: 27457887.3, Avg: 27457887.4, Max: 27457887.4, Diff: 0.0]
   [Code Root Fixup: 0.0 ms]
   [Clear CT: 1.0 ms]
   [Other: 9.2 ms]
      [Choose CSet: 0.5 ms]
      [Ref Proc: 3.1 ms]
      [Ref Enq: 0.1 ms]
      [Free CSet: 3.6 ms]
   [Eden: 953.0M(953.0M)->0.0B(916.0M) Survivors: 71.0M->108.0M Heap: 2284.2M(3072.0M)->1333.7M(3072.0M)]
 [Times: user=0.90 sys=0.00, real=0.45 secs] 
27462.255: [GC pause (mixed)
Desired survivor size 67108864 bytes, new threshold 1 (max 32)
- age   1:   82546840 bytes,   82546840 total
- age   2:   26036632 bytes,  108583472 total
, 0.7991600 secs]
   [Parallel Time: 790.5 ms, GC Workers: 2]
      [GC Worker Start (ms): Min: 27462255.7, Avg: 27462255.7, Max: 27462255.7, Diff: 0.0]
      [Ext Root Scanning (ms): Min: 49.2, Avg: 57.3, Max: 65.3, Diff: 16.1, Sum: 114.5]
      [Update RS (ms): Min: 28.6, Avg: 38.8, Max: 49.0, Diff: 20.4, Sum: 77.5]
         [Processed Buffers: Min: 108, Avg: 140.5, Max: 173, Diff: 65, Sum: 281]
      [Scan RS (ms): Min: 40.1, Avg: 40.1, Max: 40.1, Diff: 0.1, Sum: 80.2]
      [Object Copy (ms): Min: 652.0, Avg: 654.2, Max: 656.4, Diff: 4.4, Sum: 1308.4]
      [Termination (ms): Min: 0.0, Avg: 0.0, Max: 0.0, Diff: 0.0, Sum: 0.0]
      [GC Worker Other (ms): Min: 0.1, Avg: 0.1, Max: 0.1, Diff: 0.0, Sum: 0.2]
      [GC Worker Total (ms): Min: 790.4, Avg: 790.4, Max: 790.4, Diff: 0.0, Sum: 1580.8]
      [GC Worker End (ms): Min: 27463046.1, Avg: 27463046.1, Max: 27463046.1, Diff: 0.0]
   [Code Root Fixup: 0.0 ms]
   [Clear CT: 0.8 ms]
   [Other: 7.8 ms]
      [Choose CSet: 0.1 ms]
      [Ref Proc: 2.7 ms]
      [Ref Enq: 0.0 ms]
      [Free CSet: 2.5 ms]
   [Eden: 916.0M(916.0M)->0.0B(896.0M) Survivors: 108.0M->128.0M Heap: 2255.2M(3072.0M)->1490.7M(3072.0M)]
 [Times: user=1.58 sys=0.00, real=0.80 secs] 
27463.241: [GC pause (young) (initial-mark)
Desired survivor size 67108864 bytes, new threshold 1 (max 32)
- age   1:  174075696 bytes,  174075696 total
, 0.6729330 secs]
   [Parallel Time: 647.4 ms, GC Workers: 2]
      [GC Worker Start (ms): Min: 27463241.6, Avg: 27463241.6, Max: 27463241.6, Diff: 0.0]
      [Ext Root Scanning (ms): Min: 52.2, Avg: 59.0, Max: 65.8, Diff: 13.5, Sum: 118.0]
      [Update RS (ms): Min: 244.0, Avg: 256.1, Max: 268.3, Diff: 24.2, Sum: 512.3]
         [Processed Buffers: Min: 471, Avg: 474.0, Max: 477, Diff: 6, Sum: 948]
      [Scan RS (ms): Min: 2.5, Avg: 2.5, Max: 2.5, Diff: 0.1, Sum: 5.0]
      [Object Copy (ms): Min: 324.3, Avg: 329.6, Max: 334.9, Diff: 10.5, Sum: 659.2]
      [Termination (ms): Min: 0.0, Avg: 0.0, Max: 0.0, Diff: 0.0, Sum: 0.0]
      [GC Worker Other (ms): Min: 0.1, Avg: 0.1, Max: 0.1, Diff: 0.0, Sum: 0.2]
      [GC Worker Total (ms): Min: 647.3, Avg: 647.3, Max: 647.3, Diff: 0.0, Sum: 1294.6]
      [GC Worker End (ms): Min: 27463888.9, Avg: 27463888.9, Max: 27463888.9, Diff: 0.0]
   [Code Root Fixup: 0.0 ms]
   [Clear CT: 0.5 ms]
   [Other: 25.1 ms]
      [Choose CSet: 0.0 ms]
      [Ref Proc: 20.7 ms]
      [Ref Enq: 0.0 ms]
      [Free CSet: 0.5 ms]
   [Eden: 41.0M(896.0M)->0.0B(1013.0M) Survivors: 128.0M->11.0M Heap: 1531.7M(3072.0M)->1500.7M(3072.0M)]
 [Times: user=1.32 sys=0.00, real=0.67 secs] 
27463.914: [GC concurrent-root-region-scan-start]
27464.089: [GC concurrent-root-region-scan-end, 0.1749590 secs]
27464.089: [GC concurrent-mark-start]
27466.433: [GC concurrent-mark-end, 2.3435910 secs]
27466.434: [GC remark 27466.436: [GC ref-proc, 0.0683090 secs], 0.1373190 secs]
 [Times: user=0.15 sys=0.00, real=0.14 secs] 
27466.574: [GC cleanup 1903M->1623M(3072M), 0.0289540 secs]
 [Times: user=0.06 sys=0.00, real=0.03 secs] 
27466.603: [GC concurrent-cleanup-start]
27466.604: [GC concurrent-cleanup-end, 0.0006550 secs]
27471.030: [GC pause (young)
Desired survivor size 67108864 bytes, new threshold 16 (max 32)
- age   1:   10054336 bytes,   10054336 total
, 0.2898240 secs]
   [Parallel Time: 273.7 ms, GC Workers: 2]
      [GC Worker Start (ms): Min: 27471031.0, Avg: 27471031.0, Max: 27471031.0, Diff: 0.0]
      [Ext Root Scanning (ms): Min: 47.0, Avg: 58.0, Max: 69.0, Diff: 22.0, Sum: 116.0]
      [Update RS (ms): Min: 29.6, Avg: 39.3, Max: 49.0, Diff: 19.3, Sum: 78.6]
         [Processed Buffers: Min: 151, Avg: 153.0, Max: 155, Diff: 4, Sum: 306]
      [Scan RS (ms): Min: 33.5, Avg: 33.6, Max: 33.8, Diff: 0.4, Sum: 67.3]
      [Object Copy (ms): Min: 141.4, Avg: 142.6, Max: 143.7, Diff: 2.3, Sum: 285.1]
      [Termination (ms): Min: 0.0, Avg: 0.0, Max: 0.0, Diff: 0.0, Sum: 0.0]
      [GC Worker Other (ms): Min: 0.1, Avg: 0.1, Max: 0.1, Diff: 0.0, Sum: 0.2]
      [GC Worker Total (ms): Min: 273.6, Avg: 273.6, Max: 273.6, Diff: 0.0, Sum: 547.3]
      [GC Worker End (ms): Min: 27471304.6, Avg: 27471304.6, Max: 27471304.6, Diff: 0.0]
   [Code Root Fixup: 0.0 ms]
   [Clear CT: 0.6 ms]
   [Other: 15.5 ms]
      [Choose CSet: 0.0 ms]
      [Ref Proc: 10.5 ms]
      [Ref Enq: 0.1 ms]
      [Free CSet: 3.0 ms]
   [Eden: 1013.0M(1013.0M)->0.0B(964.0M) Survivors: 11.0M->60.0M Heap: 2279.9M(3072.0M)->1315.9M(3072.0M)]
 [Times: user=0.57 sys=0.00, real=0.29 secs] 
27477.056: [GC pause (mixed)
Desired survivor size 67108864 bytes, new threshold 16 (max 32)
- age   1:   54842496 bytes,   54842496 total
- age   2:    2595632 bytes,   57438128 total
, 0.3457890 secs]
   [Parallel Time: 327.4 ms, GC Workers: 2]
      [GC Worker Start (ms): Min: 27477057.8, Avg: 27477057.8, Max: 27477057.8, Diff: 0.0]
      [Ext Root Scanning (ms): Min: 53.2, Avg: 59.2, Max: 65.3, Diff: 12.1, Sum: 118.5]
      [Update RS (ms): Min: 37.4, Avg: 45.5, Max: 53.5, Diff: 16.2, Sum: 90.9]
         [Processed Buffers: Min: 144, Avg: 156.0, Max: 168, Diff: 24, Sum: 312]
      [Scan RS (ms): Min: 50.5, Avg: 50.6, Max: 50.6, Diff: 0.1, Sum: 101.1]
      [Object Copy (ms): Min: 169.7, Avg: 171.8, Max: 173.9, Diff: 4.2, Sum: 343.6]
      [Termination (ms): Min: 0.0, Avg: 0.0, Max: 0.0, Diff: 0.0, Sum: 0.0]
      [GC Worker Other (ms): Min: 0.1, Avg: 0.1, Max: 0.1, Diff: 0.0, Sum: 0.2]
      [GC Worker Total (ms): Min: 327.1, Avg: 327.1, Max: 327.1, Diff: 0.0, Sum: 654.2]
      [GC Worker End (ms): Min: 27477384.9, Avg: 27477384.9, Max: 27477384.9, Diff: 0.0]
   [Code Root Fixup: 0.0 ms]
   [Clear CT: 1.1 ms]
   [Other: 17.3 ms]
      [Choose CSet: 0.5 ms]
      [Ref Proc: 10.5 ms]
      [Ref Enq: 0.1 ms]
      [Free CSet: 4.0 ms]
   [Eden: 964.0M(964.0M)->0.0B(945.0M) Survivors: 60.0M->79.0M Heap: 2282.2M(3072.0M)->1236.2M(3072.0M)]
 [Times: user=0.67 sys=0.00, real=0.35 secs] 
27483.877: [GC pause (mixed)
Desired survivor size 67108864 bytes, new threshold 2 (max 32)
- age   1:   31369704 bytes,   31369704 total
- age   2:   43176920 bytes,   74546624 total
- age   3:    2528072 bytes,   77074696 total
, 0.3964200 secs]
   [Parallel Time: 379.1 ms, GC Workers: 2]
      [GC Worker Start (ms): Min: 27483879.0, Avg: 27483879.0, Max: 27483879.0, Diff: 0.0]
      [Ext Root Scanning (ms): Min: 50.7, Avg: 60.8, Max: 70.8, Diff: 20.1, Sum: 121.6]
      [Update RS (ms): Min: 28.9, Avg: 37.7, Max: 46.4, Diff: 17.5, Sum: 75.4]
         [Processed Buffers: Min: 157, Avg: 167.5, Max: 178, Diff: 21, Sum: 335]
      [Scan RS (ms): Min: 67.0, Avg: 67.0, Max: 67.0, Diff: 0.0, Sum: 134.0]
      [Object Copy (ms): Min: 212.2, Avg: 213.5, Max: 214.7, Diff: 2.5, Sum: 426.9]
      [Termination (ms): Min: 0.0, Avg: 0.0, Max: 0.0, Diff: 0.0, Sum: 0.0]
      [GC Worker Other (ms): Min: 0.1, Avg: 0.1, Max: 0.1, Diff: 0.0, Sum: 0.2]
      [GC Worker Total (ms): Min: 379.0, Avg: 379.0, Max: 379.0, Diff: 0.0, Sum: 758.1]
      [GC Worker End (ms): Min: 27484258.0, Avg: 27484258.0, Max: 27484258.0, Diff: 0.0]
   [Code Root Fixup: 0.0 ms]
   [Clear CT: 0.9 ms]
   [Other: 16.4 ms]
      [Choose CSet: 1.1 ms]
      [Ref Proc: 8.7 ms]
      [Ref Enq: 0.1 ms]
      [Free CSet: 4.1 ms]
   [Eden: 945.0M(945.0M)->0.0B(968.0M) Survivors: 79.0M->56.0M Heap: 2226.6M(3072.0M)->1198.6M(3072.0M)]
 [Times: user=0.77 sys=0.00, real=0.40 secs] 
27490.698: [GC pause (mixed)
Desired survivor size 67108864 bytes, new threshold 16 (max 32)
- age   1:   33901048 bytes,   33901048 total
- age   2:   21591328 bytes,   55492376 total
, 0.3490570 secs]
   [Parallel Time: 329.3 ms, GC Workers: 2]
      [GC Worker Start (ms): Min: 27490700.2, Avg: 27490700.2, Max: 27490700.2, Diff: 0.0]
      [Ext Root Scanning (ms): Min: 53.3, Avg: 59.5, Max: 65.6, Diff: 12.3, Sum: 119.0]
      [Update RS (ms): Min: 39.8, Avg: 48.1, Max: 56.5, Diff: 16.6, Sum: 96.3]
         [Processed Buffers: Min: 139, Avg: 161.5, Max: 184, Diff: 45, Sum: 323]
      [Scan RS (ms): Min: 58.4, Avg: 58.5, Max: 58.6, Diff: 0.2, Sum: 117.0]
      [Object Copy (ms): Min: 160.9, Avg: 163.0, Max: 165.0, Diff: 4.1, Sum: 326.0]
      [Termination (ms): Min: 0.0, Avg: 0.0, Max: 0.0, Diff: 0.0, Sum: 0.0]
      [GC Worker Other (ms): Min: 0.1, Avg: 0.1, Max: 0.2, Diff: 0.0, Sum: 0.3]
      [GC Worker Total (ms): Min: 329.2, Avg: 329.2, Max: 329.3, Diff: 0.0, Sum: 658.5]
      [GC Worker End (ms): Min: 27491029.4, Avg: 27491029.4, Max: 27491029.4, Diff: 0.0]
   [Code Root Fixup: 0.0 ms]
   [Clear CT: 0.9 ms]
   [Other: 18.8 ms]
      [Choose CSet: 1.3 ms]
      [Ref Proc: 12.3 ms]
      [Ref Enq: 0.1 ms]
      [Free CSet: 3.7 ms]
   [Eden: 968.0M(968.0M)->0.0B(947.0M) Survivors: 56.0M->77.0M Heap: 2167.9M(3072.0M)->1120.4M(3072.0M)]
 [Times: user=0.68 sys=0.00, real=0.35 secs] 
27497.630: [GC pause (mixed)
Desired survivor size 67108864 bytes, new threshold 3 (max 32)
- age   1:   39556672 bytes,   39556672 total
- age   2:   19958568 bytes,   59515240 total
- age   3:   16279552 bytes,   75794792 total
, 0.3405510 secs]
   [Parallel Time: 326.7 ms, GC Workers: 2]
      [GC Worker Start (ms): Min: 27497631.8, Avg: 27497631.9, Max: 27497631.9, Diff: 0.0]
      [Ext Root Scanning (ms): Min: 49.2, Avg: 59.4, Max: 69.5, Diff: 20.3, Sum: 118.8]
      [Update RS (ms): Min: 19.8, Avg: 28.5, Max: 37.2, Diff: 17.4, Sum: 57.0]
         [Processed Buffers: Min: 164, Avg: 164.0, Max: 164, Diff: 0, Sum: 328]
      [Scan RS (ms): Min: 67.7, Avg: 67.7, Max: 67.7, Diff: 0.1, Sum: 135.4]
      [Object Copy (ms): Min: 169.5, Avg: 170.9, Max: 172.3, Diff: 2.8, Sum: 341.8]
      [Termination (ms): Min: 0.0, Avg: 0.0, Max: 0.0, Diff: 0.0, Sum: 0.0]
      [GC Worker Other (ms): Min: 0.1, Avg: 0.1, Max: 0.1, Diff: 0.0, Sum: 0.2]
      [GC Worker Total (ms): Min: 326.5, Avg: 326.5, Max: 326.6, Diff: 0.0, Sum: 653.1]
      [GC Worker End (ms): Min: 27497958.4, Avg: 27497958.4, Max: 27497958.4, Diff: 0.0]
   [Code Root Fixup: 0.0 ms]
   [Clear CT: 0.9 ms]
   [Other: 12.9 ms]
      [Choose CSet: 1.2 ms]
      [Ref Proc: 5.4 ms]
      [Ref Enq: 0.1 ms]
      [Free CSet: 4.4 ms]
   [Eden: 947.0M(947.0M)->0.0B(960.0M) Survivors: 77.0M->64.0M Heap: 2138.0M(3072.0M)->1104.5M(3072.0M)]
 [Times: user=0.67 sys=0.00, real=0.34 secs] 
27502.856: [GC pause (young)
Desired survivor size 67108864 bytes, new threshold 16 (max 32)
- age   1:   28593880 bytes,   28593880 total
- age   2:   19001960 bytes,   47595840 total
- age   3:   15404768 bytes,   63000608 total
, 0.5675240 secs]
   [Parallel Time: 560.1 ms, GC Workers: 2]
      [GC Worker Start (ms): Min: 27502856.4, Avg: 27502856.4, Max: 27502856.4, Diff: 0.0]
      [Ext Root Scanning (ms): Min: 55.3, Avg: 61.7, Max: 68.2, Diff: 12.9, Sum: 123.4]
      [Update RS (ms): Min: 62.2, Avg: 71.0, Max: 79.8, Diff: 17.6, Sum: 142.1]
         [Processed Buffers: Min: 103, Avg: 155.0, Max: 207, Diff: 104, Sum: 310]
      [Scan RS (ms): Min: 23.9, Avg: 24.0, Max: 24.0, Diff: 0.0, Sum: 47.9]
      [Object Copy (ms): Min: 400.8, Avg: 403.1, Max: 405.4, Diff: 4.7, Sum: 806.2]
      [Termination (ms): Min: 0.0, Avg: 0.0, Max: 0.0, Diff: 0.0, Sum: 0.0]
      [GC Worker Other (ms): Min: 0.1, Avg: 0.1, Max: 0.1, Diff: 0.0, Sum: 0.2]
      [GC Worker Total (ms): Min: 559.9, Avg: 559.9, Max: 559.9, Diff: 0.0, Sum: 1119.8]
      [GC Worker End (ms): Min: 27503416.3, Avg: 27503416.3, Max: 27503416.3, Diff: 0.0]
   [Code Root Fixup: 0.0 ms]
   [Clear CT: 0.7 ms]
   [Other: 6.7 ms]
      [Choose CSet: 0.0 ms]
      [Ref Proc: 3.0 ms]
      [Ref Enq: 0.1 ms]
      [Free CSet: 2.0 ms]
   [Eden: 960.0M(960.0M)->0.0B(896.0M) Survivors: 64.0M->128.0M Heap: 2085.7M(3072.0M)->1231.7M(3072.0M)]
 [Times: user=1.13 sys=0.00, real=0.56 secs] 
27507.779: [GC pause (young)
Desired survivor size 67108864 bytes, new threshold 1 (max 32)
- age   1:  124878640 bytes,  124878640 total
- age   2:   19056264 bytes,  143934904 total
- age   3:   16521688 bytes,  160456592 total
- age   4:   13278216 bytes,  173734808 total
, 0.7392170 secs]
   [Parallel Time: 725.6 ms, GC Workers: 2]
      [GC Worker Start (ms): Min: 27507780.5, Avg: 27507780.5, Max: 27507780.5, Diff: 0.0]
      [Ext Root Scanning (ms): Min: 55.3, Avg: 59.5, Max: 63.7, Diff: 8.5, Sum: 119.0]
      [Update RS (ms): Min: 66.0, Avg: 73.4, Max: 80.8, Diff: 14.8, Sum: 146.8]
         [Processed Buffers: Min: 50, Avg: 152.5, Max: 255, Diff: 205, Sum: 305]
      [Scan RS (ms): Min: 110.9, Avg: 111.9, Max: 113.0, Diff: 2.1, Sum: 223.8]
      [Object Copy (ms): Min: 478.5, Avg: 480.6, Max: 482.7, Diff: 4.2, Sum: 961.3]
      [Termination (ms): Min: 0.0, Avg: 0.0, Max: 0.0, Diff: 0.0, Sum: 0.0]
      [GC Worker Other (ms): Min: 0.1, Avg: 0.1, Max: 0.1, Diff: 0.0, Sum: 0.2]
      [GC Worker Total (ms): Min: 725.5, Avg: 725.5, Max: 725.5, Diff: 0.0, Sum: 1451.0]
      [GC Worker End (ms): Min: 27508506.0, Avg: 27508506.0, Max: 27508506.0, Diff: 0.0]
   [Code Root Fixup: 0.0 ms]
   [Clear CT: 1.3 ms]
   [Other: 12.3 ms]
      [Choose CSet: 0.0 ms]
      [Ref Proc: 2.8 ms]
      [Ref Enq: 0.0 ms]
      [Free CSet: 5.2 ms]
   [Eden: 896.0M(896.0M)->0.0B(947.0M) Survivors: 128.0M->77.0M Heap: 2155.9M(3072.0M)->1321.4M(3072.0M)]
 [Times: user=1.46 sys=0.01, real=0.74 secs] 
27511.187: [GC pause (young) (initial-mark)
Desired survivor size 67108864 bytes, new threshold 1 (max 32)
- age   1:   77241120 bytes,   77241120 total
, 0.4255320 secs]
   [Parallel Time: 415.4 ms, GC Workers: 2]
      [GC Worker Start (ms): Min: 27511188.4, Avg: 27511188.6, Max: 27511188.7, Diff: 0.3]
      [Ext Root Scanning (ms): Min: 49.1, Avg: 61.4, Max: 73.6, Diff: 24.5, Sum: 122.7]
      [Update RS (ms): Min: 3.3, Avg: 16.0, Max: 28.7, Diff: 25.5, Sum: 32.0]
         [Processed Buffers: Min: 127, Avg: 160.5, Max: 194, Diff: 67, Sum: 321]
      [Scan RS (ms): Min: 76.2, Avg: 76.6, Max: 77.1, Diff: 0.9, Sum: 153.2]
      [Object Copy (ms): Min: 260.8, Avg: 261.0, Max: 261.2, Diff: 0.4, Sum: 521.9]
      [Termination (ms): Min: 0.0, Avg: 0.0, Max: 0.0, Diff: 0.0, Sum: 0.0]
      [GC Worker Other (ms): Min: 0.1, Avg: 0.1, Max: 0.1, Diff: 0.0, Sum: 0.2]
      [GC Worker Total (ms): Min: 414.9, Avg: 415.0, Max: 415.2, Diff: 0.4, Sum: 830.1]
      [GC Worker End (ms): Min: 27511603.6, Avg: 27511603.6, Max: 27511603.6, Diff: 0.0]
   [Code Root Fixup: 0.0 ms]
   [Clear CT: 0.4 ms]
   [Other: 9.7 ms]
      [Choose CSet: 0.0 ms]
      [Ref Proc: 3.2 ms]
      [Ref Enq: 0.0 ms]
      [Free CSet: 3.3 ms]
   [Eden: 470.0M(947.0M)->0.0B(999.0M) Survivors: 77.0M->25.0M Heap: 1831.4M(3072.0M)->1382.1M(3072.0M)]
 [Times: user=0.83 sys=0.00, real=0.42 secs] 
27511.613: [GC concurrent-root-region-scan-start]
27511.689: [GC concurrent-root-region-scan-end, 0.0766430 secs]
27511.689: [GC concurrent-mark-start]
27514.056: [GC concurrent-mark-end, 2.3665740 secs]
27514.058: [GC remark 27514.060: [GC ref-proc, 0.3272330 secs], 0.4028010 secs]
 [Times: user=0.40 sys=0.00, real=0.40 secs] 
27514.464: [GC cleanup 1759M->1399M(3072M), 0.0244640 secs]
 [Times: user=0.05 sys=0.00, real=0.03 secs] 
27514.489: [GC concurrent-cleanup-start]
27514.490: [GC concurrent-cleanup-end, 0.0007400 secs]
27517.787: [GC pause (young)
Desired survivor size 67108864 bytes, new threshold 16 (max 32)
- age   1:   24333768 bytes,   24333768 total
, 0.3849260 secs]
   [Parallel Time: 370.8 ms, GC Workers: 2]
      [GC Worker Start (ms): Min: 27517789.4, Avg: 27517789.4, Max: 27517789.4, Diff: 0.0]
      [Ext Root Scanning (ms): Min: 61.6, Avg: 64.1, Max: 66.6, Diff: 5.0, Sum: 128.2]
      [Update RS (ms): Min: 49.5, Avg: 54.6, Max: 59.7, Diff: 10.2, Sum: 109.2]
         [Processed Buffers: Min: 135, Avg: 166.5, Max: 198, Diff: 63, Sum: 333]
      [Scan RS (ms): Min: 62.9, Avg: 63.6, Max: 64.3, Diff: 1.4, Sum: 127.2]
      [Object Copy (ms): Min: 186.3, Avg: 188.2, Max: 190.1, Diff: 3.8, Sum: 376.5]
      [Termination (ms): Min: 0.0, Avg: 0.0, Max: 0.0, Diff: 0.0, Sum: 0.0]
      [GC Worker Other (ms): Min: 0.1, Avg: 0.1, Max: 0.1, Diff: 0.0, Sum: 0.2]
      [GC Worker Total (ms): Min: 370.6, Avg: 370.6, Max: 370.6, Diff: 0.0, Sum: 741.3]
      [GC Worker End (ms): Min: 27518160.0, Avg: 27518160.0, Max: 27518160.0, Diff: 0.0]
   [Code Root Fixup: 0.0 ms]
   [Clear CT: 0.7 ms]
   [Other: 13.5 ms]
      [Choose CSet: 0.0 ms]
      [Ref Proc: 5.5 ms]
      [Ref Enq: 0.1 ms]
      [Free CSet: 5.3 ms]
   [Eden: 999.0M(999.0M)->0.0B(954.0M) Survivors: 25.0M->70.0M Heap: 2028.5M(3072.0M)->1074.5M(3072.0M)]
 [Times: user=0.76 sys=0.00, real=0.39 secs] 
27524.410: [GC pause (mixed)
Desired survivor size 67108864 bytes, new threshold 2 (max 32)
- age   1:   50446168 bytes,   50446168 total
- age   2:   19490576 bytes,   69936744 total
, 0.4383040 secs]
   [Parallel Time: 422.7 ms, GC Workers: 2]
      [GC Worker Start (ms): Min: 27524411.8, Avg: 27524411.9, Max: 27524411.9, Diff: 0.0]
      [Ext Root Scanning (ms): Min: 55.0, Avg: 61.8, Max: 68.6, Diff: 13.6, Sum: 123.6]
      [Update RS (ms): Min: 40.7, Avg: 49.3, Max: 57.9, Diff: 17.3, Sum: 98.6]
         [Processed Buffers: Min: 117, Avg: 151.0, Max: 185, Diff: 68, Sum: 302]
      [Scan RS (ms): Min: 67.4, Avg: 67.5, Max: 67.6, Diff: 0.2, Sum: 135.0]
      [Object Copy (ms): Min: 242.0, Avg: 243.9, Max: 245.7, Diff: 3.8, Sum: 487.7]
      [Termination (ms): Min: 0.0, Avg: 0.0, Max: 0.0, Diff: 0.0, Sum: 0.0]
      [GC Worker Other (ms): Min: 0.1, Avg: 0.1, Max: 0.1, Diff: 0.0, Sum: 0.2]
      [GC Worker Total (ms): Min: 422.5, Avg: 422.6, Max: 422.6, Diff: 0.0, Sum: 845.1]
      [GC Worker End (ms): Min: 27524834.4, Avg: 27524834.4, Max: 27524834.4, Diff: 0.0]
   [Code Root Fixup: 0.0 ms]
   [Clear CT: 1.2 ms]
   [Other: 14.4 ms]
      [Choose CSet: 0.3 ms]
      [Ref Proc: 6.5 ms]
      [Ref Enq: 0.1 ms]
      [Free CSet: 5.0 ms]
   [Eden: 954.0M(954.0M)->0.0B(935.0M) Survivors: 70.0M->89.0M Heap: 2035.3M(3072.0M)->1050.8M(3072.0M)]
 [Times: user=0.85 sys=0.00, real=0.43 secs] 
27530.032: [GC pause (mixed)
Desired survivor size 67108864 bytes, new threshold 2 (max 32)
- age   1:   52289008 bytes,   52289008 total
- age   2:   37785472 bytes,   90074480 total
, 0.4341390 secs]
   [Parallel Time: 419.6 ms, GC Workers: 2]
      [GC Worker Start (ms): Min: 27530034.5, Avg: 27530034.5, Max: 27530034.5, Diff: 0.0]
      [Ext Root Scanning (ms): Min: 50.2, Avg: 60.0, Max: 69.7, Diff: 19.6, Sum: 119.9]
      [Update RS (ms): Min: 54.2, Avg: 62.3, Max: 70.4, Diff: 16.2, Sum: 124.5]
         [Processed Buffers: Min: 148, Avg: 152.5, Max: 157, Diff: 9, Sum: 305]
      [Scan RS (ms): Min: 76.2, Avg: 76.3, Max: 76.4, Diff: 0.2, Sum: 152.6]
      [Object Copy (ms): Min: 219.4, Avg: 220.9, Max: 222.4, Diff: 3.1, Sum: 441.8]
      [Termination (ms): Min: 0.0, Avg: 0.0, Max: 0.0, Diff: 0.0, Sum: 0.0]
      [GC Worker Other (ms): Min: 0.1, Avg: 0.1, Max: 0.1, Diff: 0.0, Sum: 0.2]
      [GC Worker Total (ms): Min: 419.5, Avg: 419.5, Max: 419.6, Diff: 0.1, Sum: 839.1]
      [GC Worker End (ms): Min: 27530454.0, Avg: 27530454.1, Max: 27530454.1, Diff: 0.0]
   [Code Root Fixup: 0.0 ms]
   [Clear CT: 0.9 ms]
   [Other: 13.6 ms]
      [Choose CSet: 0.7 ms]
      [Ref Proc: 5.3 ms]
      [Ref Enq: 0.0 ms]
      [Free CSet: 4.9 ms]
   [Eden: 935.0M(935.0M)->0.0B(961.0M) Survivors: 89.0M->63.0M Heap: 2012.0M(3072.0M)->1018.5M(3072.0M)]
 [Times: user=0.85 sys=0.00, real=0.43 secs] 
27536.611: [GC pause (mixed)
Desired survivor size 67108864 bytes, new threshold 16 (max 32)
- age   1:   33631880 bytes,   33631880 total
- age   2:   30624688 bytes,   64256568 total
, 0.4328890 secs]
   [Parallel Time: 420.9 ms, GC Workers: 2]
      [GC Worker Start (ms): Min: 27536613.3, Avg: 27536613.4, Max: 27536613.4, Diff: 0.1]
      [Ext Root Scanning (ms): Min: 53.0, Avg: 59.2, Max: 65.4, Diff: 12.5, Sum: 118.4]
      [Update RS (ms): Min: 63.5, Avg: 72.0, Max: 80.6, Diff: 17.1, Sum: 144.0]
         [Processed Buffers: Min: 116, Avg: 147.5, Max: 179, Diff: 63, Sum: 295]
      [Scan RS (ms): Min: 65.2, Avg: 65.3, Max: 65.4, Diff: 0.2, Sum: 130.6]
      [Object Copy (ms): Min: 222.0, Avg: 224.2, Max: 226.3, Diff: 4.3, Sum: 448.3]
      [Termination (ms): Min: 0.0, Avg: 0.0, Max: 0.0, Diff: 0.0, Sum: 0.0]
      [GC Worker Other (ms): Min: 0.1, Avg: 0.1, Max: 0.1, Diff: 0.0, Sum: 0.2]
      [GC Worker Total (ms): Min: 420.8, Avg: 420.8, Max: 420.8, Diff: 0.1, Sum: 841.6]
      [GC Worker End (ms): Min: 27537034.1, Avg: 27537034.1, Max: 27537034.2, Diff: 0.0]
   [Code Root Fixup: 0.0 ms]
   [Clear CT: 0.7 ms]
   [Other: 11.3 ms]
      [Choose CSet: 0.1 ms]
      [Ref Proc: 3.7 ms]
      [Ref Enq: 0.1 ms]
      [Free CSet: 4.9 ms]
   [Eden: 961.0M(961.0M)->0.0B(927.0M) Survivors: 63.0M->97.0M Heap: 1980.0M(3072.0M)->1051.5M(3072.0M)]
 [Times: user=0.85 sys=0.01, real=0.43 secs] 
27541.495: [GC pause (young)
Desired survivor size 67108864 bytes, new threshold 2 (max 32)
- age   1:   38623536 bytes,   38623536 total
- age   2:   31171168 bytes,   69794704 total
- age   3:   28892752 bytes,   98687456 total
, 0.5111040 secs]
   [Parallel Time: 500.5 ms, GC Workers: 2]
      [GC Worker Start (ms): Min: 27541497.1, Avg: 27541497.1, Max: 27541497.1, Diff: 0.0]
      [Ext Root Scanning (ms): Min: 51.6, Avg: 58.8, Max: 66.1, Diff: 14.6, Sum: 117.7]
      [Update RS (ms): Min: 32.5, Avg: 42.2, Max: 52.0, Diff: 19.5, Sum: 84.4]
         [Processed Buffers: Min: 120, Avg: 139.5, Max: 159, Diff: 39, Sum: 279]
      [Scan RS (ms): Min: 97.2, Avg: 97.2, Max: 97.2, Diff: 0.0, Sum: 194.4]
      [Object Copy (ms): Min: 299.6, Avg: 302.0, Max: 304.5, Diff: 5.0, Sum: 604.1]
      [Termination (ms): Min: 0.0, Avg: 0.0, Max: 0.0, Diff: 0.0, Sum: 0.0]
      [GC Worker Other (ms): Min: 0.1, Avg: 0.1, Max: 0.1, Diff: 0.0, Sum: 0.2]
      [GC Worker Total (ms): Min: 500.4, Avg: 500.4, Max: 500.4, Diff: 0.0, Sum: 1000.8]
      [GC Worker End (ms): Min: 27541997.5, Avg: 27541997.5, Max: 27541997.5, Diff: 0.0]
   [Code Root Fixup: 0.0 ms]
   [Clear CT: 0.8 ms]
   [Other: 9.8 ms]
      [Choose CSet: 0.0 ms]
      [Ref Proc: 2.1 ms]
      [Ref Enq: 0.0 ms]
      [Free CSet: 4.8 ms]
   [Eden: 927.0M(927.0M)->0.0B(948.0M) Survivors: 97.0M->76.0M Heap: 1997.0M(3072.0M)->1105.0M(3072.0M)]
 [Times: user=1.01 sys=0.00, real=0.51 secs] 
27547.222: [GC pause (young)
Desired survivor size 67108864 bytes, new threshold 2 (max 32)
- age   1:   41841520 bytes,   41841520 total
- age   2:   35870360 bytes,   77711880 total
, 0.4692800 secs]
   [Parallel Time: 456.8 ms, GC Workers: 2]
      [GC Worker Start (ms): Min: 27547224.0, Avg: 27547224.0, Max: 27547224.0, Diff: 0.0]
      [Ext Root Scanning (ms): Min: 52.7, Avg: 59.4, Max: 66.1, Diff: 13.5, Sum: 118.8]
      [Update RS (ms): Min: 54.8, Avg: 63.9, Max: 73.0, Diff: 18.2, Sum: 127.8]
         [Processed Buffers: Min: 160, Avg: 213.0, Max: 266, Diff: 106, Sum: 426]
      [Scan RS (ms): Min: 90.8, Avg: 90.8, Max: 90.9, Diff: 0.0, Sum: 181.7]
      [Object Copy (ms): Min: 240.1, Avg: 242.5, Max: 244.9, Diff: 4.8, Sum: 485.0]
      [Termination (ms): Min: 0.0, Avg: 0.0, Max: 0.0, Diff: 0.0, Sum: 0.0]
      [GC Worker Other (ms): Min: 0.1, Avg: 0.1, Max: 0.1, Diff: 0.0, Sum: 0.2]
      [GC Worker Total (ms): Min: 456.7, Avg: 456.7, Max: 456.7, Diff: 0.0, Sum: 913.5]
      [GC Worker End (ms): Min: 27547680.7, Avg: 27547680.7, Max: 27547680.7, Diff: 0.0]
   [Code Root Fixup: 0.0 ms]
   [Clear CT: 0.7 ms]
   [Other: 11.8 ms]
      [Choose CSet: 0.0 ms]
      [Ref Proc: 3.1 ms]
      [Ref Enq: 0.0 ms]
      [Free CSet: 5.6 ms]
   [Eden: 948.0M(948.0M)->0.0B(950.0M) Survivors: 76.0M->74.0M Heap: 2111.7M(3072.0M)->1192.7M(3072.0M)]
 [Times: user=0.92 sys=0.00, real=0.47 secs] 
27553.091: [GC pause (young)
Desired survivor size 67108864 bytes, new threshold 2 (max 32)
- age   1:   40606528 bytes,   40606528 total
- age   2:   35193584 bytes,   75800112 total
, 0.4987830 secs]
   [Parallel Time: 487.4 ms, GC Workers: 2]
      [GC Worker Start (ms): Min: 27553092.7, Avg: 27553092.8, Max: 27553092.8, Diff: 0.0]
      [Ext Root Scanning (ms): Min: 53.2, Avg: 60.4, Max: 67.7, Diff: 14.6, Sum: 120.9]
      [Update RS (ms): Min: 30.1, Avg: 39.6, Max: 49.0, Diff: 18.8, Sum: 79.1]
         [Processed Buffers: Min: 78, Avg: 136.0, Max: 194, Diff: 116, Sum: 272]
      [Scan RS (ms): Min: 84.4, Avg: 84.5, Max: 84.6, Diff: 0.2, Sum: 169.0]
      [Object Copy (ms): Min: 300.6, Avg: 302.7, Max: 304.7, Diff: 4.1, Sum: 605.3]
      [Termination (ms): Min: 0.0, Avg: 0.0, Max: 0.0, Diff: 0.0, Sum: 0.0]
      [GC Worker Other (ms): Min: 0.1, Avg: 0.1, Max: 0.1, Diff: 0.0, Sum: 0.2]
      [GC Worker Total (ms): Min: 487.3, Avg: 487.3, Max: 487.3, Diff: 0.0, Sum: 974.6]
      [GC Worker End (ms): Min: 27553580.0, Avg: 27553580.0, Max: 27553580.0, Diff: 0.0]
   [Code Root Fixup: 0.0 ms]
   [Clear CT: 0.7 ms]
   [Other: 10.7 ms]
      [Choose CSet: 0.0 ms]
      [Ref Proc: 2.9 ms]
      [Ref Enq: 0.0 ms]
      [Free CSet: 4.9 ms]
   [Eden: 950.0M(950.0M)->0.0B(927.0M) Survivors: 74.0M->97.0M Heap: 2168.4M(3072.0M)->1272.9M(3072.0M)]
 [Times: user=0.98 sys=0.00, real=0.50 secs] 
27558.629: [GC pause (young)
Desired survivor size 67108864 bytes, new threshold 2 (max 32)
- age   1:   66341240 bytes,   66341240 total
- age   2:   33251064 bytes,   99592304 total
, 0.4250860 secs]
   [Parallel Time: 412.8 ms, GC Workers: 2]
      [GC Worker Start (ms): Min: 27558630.3, Avg: 27558630.3, Max: 27558630.3, Diff: 0.0]
      [Ext Root Scanning (ms): Min: 49.4, Avg: 60.6, Max: 71.8, Diff: 22.4, Sum: 121.2]
      [Update RS (ms): Min: 39.5, Avg: 49.3, Max: 59.1, Diff: 19.5, Sum: 98.6]
         [Processed Buffers: Min: 119, Avg: 136.5, Max: 154, Diff: 35, Sum: 273]
      [Scan RS (ms): Min: 72.6, Avg: 72.8, Max: 72.9, Diff: 0.3, Sum: 145.6]
      [Object Copy (ms): Min: 228.3, Avg: 229.9, Max: 231.5, Diff: 3.1, Sum: 459.8]
      [Termination (ms): Min: 0.0, Avg: 0.0, Max: 0.0, Diff: 0.0, Sum: 0.0]
      [GC Worker Other (ms): Min: 0.1, Avg: 0.1, Max: 0.1, Diff: 0.0, Sum: 0.2]
      [GC Worker Total (ms): Min: 412.6, Avg: 412.7, Max: 412.7, Diff: 0.1, Sum: 825.3]
      [GC Worker End (ms): Min: 27559042.9, Avg: 27559042.9, Max: 27559043.0, Diff: 0.0]
   [Code Root Fixup: 0.0 ms]
   [Clear CT: 0.7 ms]
   [Other: 11.6 ms]
      [Choose CSet: 0.0 ms]
      [Ref Proc: 4.3 ms]
      [Ref Enq: 0.1 ms]
      [Free CSet: 4.5 ms]
   [Eden: 927.0M(927.0M)->0.0B(957.0M) Survivors: 97.0M->67.0M Heap: 2200.4M(3072.0M)->1273.4M(3072.0M)]
 [Times: user=0.83 sys=0.00, real=0.42 secs] 
27565.579: [GC pause (young)
Desired survivor size 67108864 bytes, new threshold 2 (max 32)
- age   1:   38748496 bytes,   38748496 total
- age   2:   29547376 bytes,   68295872 total
, 0.4492950 secs]
   [Parallel Time: 435.6 ms, GC Workers: 2]
      [GC Worker Start (ms): Min: 27565580.4, Avg: 27565580.4, Max: 27565580.4, Diff: 0.0]
      [Ext Root Scanning (ms): Min: 57.3, Avg: 61.4, Max: 65.4, Diff: 8.2, Sum: 122.7]
      [Update RS (ms): Min: 53.2, Avg: 59.5, Max: 65.8, Diff: 12.6, Sum: 119.0]
         [Processed Buffers: Min: 111, Avg: 145.5, Max: 180, Diff: 69, Sum: 291]
      [Scan RS (ms): Min: 67.7, Avg: 67.7, Max: 67.7, Diff: 0.0, Sum: 135.4]
      [Object Copy (ms): Min: 244.6, Avg: 246.8, Max: 249.1, Diff: 4.5, Sum: 493.7]
      [Termination (ms): Min: 0.0, Avg: 0.0, Max: 0.0, Diff: 0.0, Sum: 0.0]
      [GC Worker Other (ms): Min: 0.1, Avg: 0.1, Max: 0.1, Diff: 0.0, Sum: 0.2]
      [GC Worker Total (ms): Min: 435.4, Avg: 435.5, Max: 435.5, Diff: 0.0, Sum: 870.9]
      [GC Worker End (ms): Min: 27566015.9, Avg: 27566015.9, Max: 27566015.9, Diff: 0.0]
   [Code Root Fixup: 0.0 ms]
   [Clear CT: 0.7 ms]
   [Other: 13.0 ms]
      [Choose CSet: 0.0 ms]
      [Ref Proc: 5.2 ms]
      [Ref Enq: 0.1 ms]
      [Free CSet: 5.1 ms]
   [Eden: 957.0M(957.0M)->0.0B(946.0M) Survivors: 67.0M->78.0M Heap: 2230.4M(3072.0M)->1308.9M(3072.0M)]
 [Times: user=0.88 sys=0.00, real=0.45 secs] 
27568.857: [GC pause (young) (initial-mark)
Desired survivor size 67108864 bytes, new threshold 2 (max 32)
- age   1:   48891616 bytes,   48891616 total
- age   2:   30078288 bytes,   78969904 total
, 0.3062750 secs]
   [Parallel Time: 298.2 ms, GC Workers: 2]
      [GC Worker Start (ms): Min: 27568858.7, Avg: 27568858.8, Max: 27568858.8, Diff: 0.0]
      [Ext Root Scanning (ms): Min: 48.4, Avg: 60.3, Max: 72.1, Diff: 23.7, Sum: 120.5]
      [Update RS (ms): Min: 20.7, Avg: 32.7, Max: 44.7, Diff: 24.0, Sum: 65.4]
         [Processed Buffers: Min: 140, Avg: 141.0, Max: 142, Diff: 2, Sum: 282]
      [Scan RS (ms): Min: 39.2, Avg: 39.3, Max: 39.4, Diff: 0.2, Sum: 78.6]
      [Object Copy (ms): Min: 165.6, Avg: 165.7, Max: 165.8, Diff: 0.2, Sum: 331.5]
      [Termination (ms): Min: 0.0, Avg: 0.0, Max: 0.0, Diff: 0.0, Sum: 0.0]
      [GC Worker Other (ms): Min: 0.1, Avg: 0.1, Max: 0.1, Diff: 0.0, Sum: 0.2]
      [GC Worker Total (ms): Min: 298.1, Avg: 298.1, Max: 298.1, Diff: 0.0, Sum: 596.2]
      [GC Worker End (ms): Min: 27569156.9, Avg: 27569156.9, Max: 27569156.9, Diff: 0.0]
   [Code Root Fixup: 0.0 ms]
   [Clear CT: 0.6 ms]
   [Other: 7.4 ms]
      [Choose CSet: 0.0 ms]
      [Ref Proc: 2.6 ms]
      [Ref Enq: 0.0 ms]
      [Free CSet: 2.4 ms]
   [Eden: 517.0M(946.0M)->0.0B(970.0M) Survivors: 78.0M->54.0M Heap: 1871.5M(3072.0M)->1351.1M(3072.0M)]
 [Times: user=0.60 sys=0.00, real=0.30 secs] 
27569.164: [GC concurrent-root-region-scan-start]
27569.423: [GC concurrent-root-region-scan-end, 0.2595150 secs]
27569.423: [GC concurrent-mark-start]
27571.993: [GC concurrent-mark-end, 2.5694130 secs]
27571.995: [GC remark 27571.996: [GC ref-proc, 0.0194600 secs], 0.0874220 secs]
 [Times: user=0.10 sys=0.00, real=0.09 secs] 
27572.084: [GC cleanup 1797M->1573M(3072M), 0.0268820 secs]
 [Times: user=0.05 sys=0.00, real=0.03 secs] 
27572.111: [GC concurrent-cleanup-start]
27572.112: [GC concurrent-cleanup-end, 0.0006250 secs]
27575.484: [GC pause (young)
Desired survivor size 67108864 bytes, new threshold 16 (max 32)
- age   1:   23891904 bytes,   23891904 total
- age   2:   30684072 bytes,   54575976 total
, 0.4750920 secs]
   [Parallel Time: 466.3 ms, GC Workers: 2]
      [GC Worker Start (ms): Min: 27575485.1, Avg: 27575485.1, Max: 27575485.1, Diff: 0.0]
      [Ext Root Scanning (ms): Min: 52.4, Avg: 60.2, Max: 68.1, Diff: 15.7, Sum: 120.5]
      [Update RS (ms): Min: 34.4, Avg: 44.5, Max: 54.7, Diff: 20.3, Sum: 89.0]
         [Processed Buffers: Min: 131, Avg: 158.5, Max: 186, Diff: 55, Sum: 317]
      [Scan RS (ms): Min: 48.9, Avg: 49.0, Max: 49.0, Diff: 0.1, Sum: 97.9]
      [Object Copy (ms): Min: 310.0, Avg: 312.3, Max: 314.7, Diff: 4.6, Sum: 624.7]
      [Termination (ms): Min: 0.0, Avg: 0.0, Max: 0.0, Diff: 0.0, Sum: 0.0]
      [GC Worker Other (ms): Min: 0.1, Avg: 0.1, Max: 0.1, Diff: 0.0, Sum: 0.2]
      [GC Worker Total (ms): Min: 466.2, Avg: 466.2, Max: 466.2, Diff: 0.0, Sum: 932.3]
      [GC Worker End (ms): Min: 27575951.2, Avg: 27575951.2, Max: 27575951.2, Diff: 0.0]
   [Code Root Fixup: 0.0 ms]
   [Clear CT: 0.8 ms]
   [Other: 8.0 ms]
      [Choose CSet: 0.0 ms]
      [Ref Proc: 4.1 ms]
      [Ref Enq: 0.1 ms]
      [Free CSet: 2.3 ms]
   [Eden: 970.0M(970.0M)->0.0B(896.0M) Survivors: 54.0M->128.0M Heap: 2192.7M(3072.0M)->1310.2M(3072.0M)]
 [Times: user=0.94 sys=0.00, real=0.48 secs] 
27581.924: [GC pause (mixed)
Desired survivor size 67108864 bytes, new threshold 1 (max 32)
- age   1:  105652936 bytes,  105652936 total
- age   2:   11177664 bytes,  116830600 total
- age   3:   26669824 bytes,  143500424 total
, 0.3710290 secs]
   [Parallel Time: 354.5 ms, GC Workers: 2]
      [GC Worker Start (ms): Min: 27581926.2, Avg: 27581926.3, Max: 27581926.3, Diff: 0.0]
      [Ext Root Scanning (ms): Min: 50.4, Avg: 60.6, Max: 70.8, Diff: 20.5, Sum: 121.2]
      [Update RS (ms): Min: 3.9, Avg: 13.0, Max: 22.1, Diff: 18.2, Sum: 26.0]
         [Processed Buffers: Min: 25, Avg: 151.0, Max: 277, Diff: 252, Sum: 302]
      [Scan RS (ms): Min: 64.1, Avg: 64.2, Max: 64.3, Diff: 0.3, Sum: 128.4]
      [Object Copy (ms): Min: 215.5, Avg: 216.5, Max: 217.5, Diff: 2.0, Sum: 433.1]
      [Termination (ms): Min: 0.0, Avg: 0.0, Max: 0.0, Diff: 0.0, Sum: 0.0]
      [GC Worker Other (ms): Min: 0.1, Avg: 0.1, Max: 0.1, Diff: 0.0, Sum: 0.1]
      [GC Worker Total (ms): Min: 354.4, Avg: 354.4, Max: 354.4, Diff: 0.0, Sum: 708.8]
      [GC Worker End (ms): Min: 27582280.7, Avg: 27582280.7, Max: 27582280.7, Diff: 0.0]
   [Code Root Fixup: 0.0 ms]
   [Clear CT: 1.0 ms]
   [Other: 15.5 ms]
      [Choose CSet: 1.0 ms]
      [Ref Proc: 8.3 ms]
      [Ref Enq: 0.1 ms]
      [Free CSet: 3.8 ms]
   [Eden: 896.0M(896.0M)->0.0B(978.0M) Survivors: 128.0M->46.0M Heap: 2229.9M(3072.0M)->1230.4M(3072.0M)]
 [Times: user=0.72 sys=0.00, real=0.37 secs] 
27587.767: [GC pause (mixed)
Desired survivor size 67108864 bytes, new threshold 16 (max 32)
- age   1:   43612880 bytes,   43612880 total
, 0.3052560 secs]
   [Parallel Time: 291.4 ms, GC Workers: 2]
      [GC Worker Start (ms): Min: 27587769.9, Avg: 27587770.8, Max: 27587771.7, Diff: 1.8]
      [Ext Root Scanning (ms): Min: 59.4, Avg: 64.0, Max: 68.6, Diff: 9.2, Sum: 128.0]
      [Update RS (ms): Min: 14.5, Avg: 19.7, Max: 24.9, Diff: 10.5, Sum: 39.4]
         [Processed Buffers: Min: 141, Avg: 160.5, Max: 180, Diff: 39, Sum: 321]
      [Scan RS (ms): Min: 77.6, Avg: 77.6, Max: 77.6, Diff: 0.0, Sum: 155.1]
      [Object Copy (ms): Min: 127.6, Avg: 129.1, Max: 130.6, Diff: 3.0, Sum: 258.2]
      [Termination (ms): Min: 0.0, Avg: 0.0, Max: 0.0, Diff: 0.0, Sum: 0.0]
      [GC Worker Other (ms): Min: 0.1, Avg: 0.1, Max: 0.1, Diff: 0.0, Sum: 0.2]
      [GC Worker Total (ms): Min: 289.6, Avg: 290.5, Max: 291.4, Diff: 1.7, Sum: 581.0]
      [GC Worker End (ms): Min: 27588061.3, Avg: 27588061.3, Max: 27588061.3, Diff: 0.0]
   [Code Root Fixup: 0.0 ms]
   [Clear CT: 1.1 ms]
   [Other: 12.7 ms]
      [Choose CSet: 1.6 ms]
      [Ref Proc: 5.1 ms]
      [Ref Enq: 0.1 ms]
      [Free CSet: 4.1 ms]
   [Eden: 978.0M(978.0M)->0.0B(969.0M) Survivors: 46.0M->55.0M Heap: 2214.9M(3072.0M)->1126.9M(3072.0M)]
 [Times: user=0.60 sys=0.01, real=0.31 secs] 
27593.679: [GC pause (mixed)
Desired survivor size 67108864 bytes, new threshold 16 (max 32)
- age   1:   21083576 bytes,   21083576 total
- age   2:   32486560 bytes,   53570136 total
, 0.2819540 secs]
   [Parallel Time: 269.0 ms, GC Workers: 2]
      [GC Worker Start (ms): Min: 27593680.7, Avg: 27593680.7, Max: 27593680.7, Diff: 0.0]
      [Ext Root Scanning (ms): Min: 50.4, Avg: 57.4, Max: 64.4, Diff: 14.0, Sum: 114.7]
      [Update RS (ms): Min: 14.5, Avg: 23.5, Max: 32.5, Diff: 18.1, Sum: 47.0]
         [Processed Buffers: Min: 93, Avg: 161.5, Max: 230, Diff: 137, Sum: 323]
      [Scan RS (ms): Min: 45.9, Avg: 45.9, Max: 46.0, Diff: 0.0, Sum: 91.9]
      [Object Copy (ms): Min: 140.0, Avg: 142.0, Max: 144.1, Diff: 4.1, Sum: 284.0]
      [Termination (ms): Min: 0.0, Avg: 0.0, Max: 0.0, Diff: 0.0, Sum: 0.0]
      [GC Worker Other (ms): Min: 0.1, Avg: 0.1, Max: 0.1, Diff: 0.0, Sum: 0.2]
      [GC Worker Total (ms): Min: 268.9, Avg: 268.9, Max: 268.9, Diff: 0.0, Sum: 537.8]
      [GC Worker End (ms): Min: 27593949.6, Avg: 27593949.6, Max: 27593949.6, Diff: 0.0]
   [Code Root Fixup: 0.0 ms]
   [Clear CT: 1.3 ms]
   [Other: 11.7 ms]
      [Choose CSet: 0.6 ms]
      [Ref Proc: 6.5 ms]
      [Ref Enq: 0.1 ms]
      [Free CSet: 3.1 ms]
   [Eden: 969.0M(969.0M)->0.0B(949.0M) Survivors: 55.0M->75.0M Heap: 2120.9M(3072.0M)->1139.9M(3072.0M)]
 [Times: user=0.55 sys=0.01, real=0.29 secs] 
27600.756: [GC pause (young)
Desired survivor size 67108864 bytes, new threshold 3 (max 32)
- age   1:   31013984 bytes,   31013984 total
- age   2:   12989368 bytes,   44003352 total
- age   3:   29771600 bytes,   73774952 total
, 0.2751150 secs]
   [Parallel Time: 259.0 ms, GC Workers: 2]
      [GC Worker Start (ms): Min: 27600756.3, Avg: 27600756.4, Max: 27600756.4, Diff: 0.0]
      [Ext Root Scanning (ms): Min: 53.1, Avg: 60.6, Max: 68.0, Diff: 14.9, Sum: 121.1]
      [Update RS (ms): Min: 13.3, Avg: 23.2, Max: 33.2, Diff: 19.9, Sum: 46.5]
         [Processed Buffers: Min: 78, Avg: 179.0, Max: 280, Diff: 202, Sum: 358]
      [Scan RS (ms): Min: 23.7, Avg: 23.8, Max: 23.8, Diff: 0.1, Sum: 47.5]
      [Object Copy (ms): Min: 148.7, Avg: 151.2, Max: 153.6, Diff: 4.9, Sum: 302.4]
      [Termination (ms): Min: 0.0, Avg: 0.0, Max: 0.0, Diff: 0.0, Sum: 0.0]
      [GC Worker Other (ms): Min: 0.1, Avg: 0.1, Max: 0.1, Diff: 0.0, Sum: 0.2]
      [GC Worker Total (ms): Min: 258.8, Avg: 258.9, Max: 258.9, Diff: 0.0, Sum: 517.7]
      [GC Worker End (ms): Min: 27601015.2, Avg: 27601015.2, Max: 27601015.2, Diff: 0.0]
   [Code Root Fixup: 0.0 ms]
   [Clear CT: 1.6 ms]
   [Other: 14.6 ms]
      [Choose CSet: 0.0 ms]
      [Ref Proc: 10.6 ms]
      [Ref Enq: 0.1 ms]
      [Free CSet: 2.3 ms]
   [Eden: 949.0M(949.0M)->0.0B(968.0M) Survivors: 75.0M->56.0M Heap: 2116.7M(3072.0M)->1176.7M(3072.0M)]
 [Times: user=0.53 sys=0.01, real=0.27 secs] 
27606.857: [GC pause (young)
Desired survivor size 67108864 bytes, new threshold 16 (max 32)
- age   1:   32724864 bytes,   32724864 total
- age   2:   12130256 bytes,   44855120 total
- age   3:    9159880 bytes,   54015000 total
, 0.2040410 secs]
   [Parallel Time: 191.4 ms, GC Workers: 2]
      [GC Worker Start (ms): Min: 27606858.1, Avg: 27606858.2, Max: 27606858.2, Diff: 0.0]
      [Ext Root Scanning (ms): Min: 53.3, Avg: 60.7, Max: 68.0, Diff: 14.7, Sum: 121.3]
      [Update RS (ms): Min: 28.6, Avg: 38.4, Max: 48.3, Diff: 19.7, Sum: 76.9]
         [Processed Buffers: Min: 145, Avg: 189.5, Max: 234, Diff: 89, Sum: 379]
      [Scan RS (ms): Min: 4.9, Avg: 4.9, Max: 5.0, Diff: 0.1, Sum: 9.8]
      [Object Copy (ms): Min: 84.6, Avg: 87.2, Max: 89.7, Diff: 5.0, Sum: 174.3]
      [Termination (ms): Min: 0.0, Avg: 0.0, Max: 0.0, Diff: 0.0, Sum: 0.0]
      [GC Worker Other (ms): Min: 0.1, Avg: 0.1, Max: 0.1, Diff: 0.0, Sum: 0.2]
      [GC Worker Total (ms): Min: 191.3, Avg: 191.3, Max: 191.3, Diff: 0.0, Sum: 382.5]
      [GC Worker End (ms): Min: 27607049.4, Avg: 27607049.4, Max: 27607049.4, Diff: 0.0]
   [Code Root Fixup: 0.0 ms]
   [Clear CT: 0.7 ms]
   [Other: 11.9 ms]
      [Choose CSet: 0.0 ms]
      [Ref Proc: 8.9 ms]
      [Ref Enq: 0.1 ms]
      [Free CSet: 1.9 ms]
   [Eden: 968.0M(968.0M)->0.0B(977.0M) Survivors: 56.0M->47.0M Heap: 2145.4M(3072.0M)->1168.4M(3072.0M)]
 [Times: user=0.40 sys=0.00, real=0.20 secs] 
27612.365: [GC pause (young)
Desired survivor size 67108864 bytes, new threshold 16 (max 32)
- age   1:   24079112 bytes,   24079112 total
- age   2:    9257432 bytes,   33336544 total
- age   3:    4875976 bytes,   38212520 total
- age   4:    7217736 bytes,   45430256 total
, 0.3181590 secs]
   [Parallel Time: 309.5 ms, GC Workers: 2]
      [GC Worker Start (ms): Min: 27612365.4, Avg: 27612365.4, Max: 27612365.4, Diff: 0.0]
      [Ext Root Scanning (ms): Min: 50.4, Avg: 62.0, Max: 73.6, Diff: 23.2, Sum: 124.0]
      [Update RS (ms): Min: 11.7, Avg: 22.0, Max: 32.3, Diff: 20.6, Sum: 44.0]
         [Processed Buffers: Min: 119, Avg: 124.0, Max: 129, Diff: 10, Sum: 248]
      [Scan RS (ms): Min: 11.8, Avg: 11.9, Max: 12.0, Diff: 0.2, Sum: 23.7]
      [Object Copy (ms): Min: 212.1, Avg: 213.5, Max: 214.9, Diff: 2.8, Sum: 427.0]
      [Termination (ms): Min: 0.0, Avg: 0.0, Max: 0.0, Diff: 0.0, Sum: 0.0]
      [GC Worker Other (ms): Min: 0.1, Avg: 0.1, Max: 0.1, Diff: 0.0, Sum: 0.2]
      [GC Worker Total (ms): Min: 309.4, Avg: 309.4, Max: 309.4, Diff: 0.0, Sum: 618.9]
      [GC Worker End (ms): Min: 27612674.9, Avg: 27612674.9, Max: 27612674.9, Diff: 0.0]
   [Code Root Fixup: 0.0 ms]
   [Clear CT: 0.7 ms]
   [Other: 7.9 ms]
      [Choose CSet: 0.0 ms]
      [Ref Proc: 4.7 ms]
      [Ref Enq: 0.1 ms]
      [Free CSet: 2.1 ms]
   [Eden: 977.0M(977.0M)->0.0B(913.0M) Survivors: 47.0M->111.0M Heap: 2152.7M(3072.0M)->1239.7M(3072.0M)]
 [Times: user=0.62 sys=0.00, real=0.32 secs] 
27616.856: [GC pause (young)
Desired survivor size 67108864 bytes, new threshold 1 (max 32)
- age   1:   78493112 bytes,   78493112 total
- age   2:   15722896 bytes,   94216008 total
- age   3:    6642448 bytes,  100858456 total
- age   4:    4383888 bytes,  105242344 total
- age   5:    6974584 bytes,  112216928 total
, 0.5618590 secs]
   [Parallel Time: 551.1 ms, GC Workers: 2]
      [GC Worker Start (ms): Min: 27616856.2, Avg: 27616856.2, Max: 27616856.2, Diff: 0.0]
      [Ext Root Scanning (ms): Min: 51.5, Avg: 59.3, Max: 67.1, Diff: 15.6, Sum: 118.6]
      [Update RS (ms): Min: 36.5, Avg: 47.0, Max: 57.5, Diff: 21.0, Sum: 94.0]
         [Processed Buffers: Min: 85, Avg: 151.0, Max: 217, Diff: 132, Sum: 302]
      [Scan RS (ms): Min: 11.4, Avg: 11.6, Max: 11.7, Diff: 0.2, Sum: 23.1]
      [Object Copy (ms): Min: 430.5, Avg: 433.1, Max: 435.7, Diff: 5.2, Sum: 866.2]
      [Termination (ms): Min: 0.0, Avg: 0.0, Max: 0.0, Diff: 0.0, Sum: 0.0]
      [GC Worker Other (ms): Min: 0.1, Avg: 0.1, Max: 0.1, Diff: 0.0, Sum: 0.1]
      [GC Worker Total (ms): Min: 551.0, Avg: 551.0, Max: 551.0, Diff: 0.0, Sum: 1102.0]
      [GC Worker End (ms): Min: 27617407.2, Avg: 27617407.2, Max: 27617407.2, Diff: 0.0]
   [Code Root Fixup: 0.0 ms]
   [Clear CT: 0.6 ms]
   [Other: 10.1 ms]
      [Choose CSet: 0.0 ms]
      [Ref Proc: 5.7 ms]
      [Ref Enq: 0.1 ms]
      [Free CSet: 2.4 ms]
   [Eden: 913.0M(913.0M)->0.0B(911.0M) Survivors: 111.0M->113.0M Heap: 2160.7M(3072.0M)->1322.7M(3072.0M)]
 [Times: user=1.11 sys=0.00, real=0.57 secs] 
27622.242: [GC pause (young)
Desired survivor size 67108864 bytes, new threshold 1 (max 32)
- age   1:  114605520 bytes,  114605520 total
, 0.5193090 secs]
   [Parallel Time: 507.6 ms, GC Workers: 2]
      [GC Worker Start (ms): Min: 27622243.7, Avg: 27622243.7, Max: 27622243.7, Diff: 0.0]
      [Ext Root Scanning (ms): Min: 48.5, Avg: 60.4, Max: 72.3, Diff: 23.8, Sum: 120.8]
      [Update RS (ms): Min: 34.1, Avg: 44.9, Max: 55.6, Diff: 21.6, Sum: 89.7]
         [Processed Buffers: Min: 119, Avg: 171.5, Max: 224, Diff: 105, Sum: 343]
      [Scan RS (ms): Min: 80.1, Avg: 80.2, Max: 80.2, Diff: 0.1, Sum: 160.3]
      [Object Copy (ms): Min: 320.9, Avg: 322.0, Max: 323.0, Diff: 2.1, Sum: 644.0]
      [Termination (ms): Min: 0.0, Avg: 0.0, Max: 0.0, Diff: 0.0, Sum: 0.0]
      [GC Worker Other (ms): Min: 0.1, Avg: 0.1, Max: 0.1, Diff: 0.0, Sum: 0.2]
      [GC Worker Total (ms): Min: 507.5, Avg: 507.5, Max: 507.5, Diff: 0.0, Sum: 1015.0]
      [GC Worker End (ms): Min: 27622751.2, Avg: 27622751.2, Max: 27622751.2, Diff: 0.0]
   [Code Root Fixup: 0.0 ms]
   [Clear CT: 0.7 ms]
   [Other: 11.0 ms]
      [Choose CSet: 0.0 ms]
      [Ref Proc: 3.3 ms]
      [Ref Enq: 0.0 ms]
      [Free CSet: 4.0 ms]
   [Eden: 911.0M(911.0M)->0.0B(989.0M) Survivors: 113.0M->35.0M Heap: 2256.9M(3072.0M)->1369.4M(3072.0M)]
 [Times: user=1.03 sys=0.00, real=0.52 secs] 
27622.885: [GC pause (young) (initial-mark)
Desired survivor size 67108864 bytes, new threshold 16 (max 32)
- age   1:   34365432 bytes,   34365432 total
, 0.3700150 secs]
   [Parallel Time: 367.9 ms, GC Workers: 2]
      [GC Worker Start (ms): Min: 27622885.4, Avg: 27622885.5, Max: 27622885.5, Diff: 0.0]
      [Ext Root Scanning (ms): Min: 53.0, Avg: 63.0, Max: 72.9, Diff: 20.0, Sum: 125.9]
      [Update RS (ms): Min: 204.0, Avg: 213.0, Max: 221.9, Diff: 18.0, Sum: 425.9]
         [Processed Buffers: Min: 375, Avg: 397.0, Max: 419, Diff: 44, Sum: 794]
      [Scan RS (ms): Min: 2.8, Avg: 2.9, Max: 2.9, Diff: 0.0, Sum: 5.7]
      [Object Copy (ms): Min: 87.8, Avg: 88.8, Max: 89.7, Diff: 2.0, Sum: 177.5]
      [Termination (ms): Min: 0.0, Avg: 0.0, Max: 0.0, Diff: 0.0, Sum: 0.0]
      [GC Worker Other (ms): Min: 0.1, Avg: 0.1, Max: 0.1, Diff: 0.0, Sum: 0.1]
      [GC Worker Total (ms): Min: 367.6, Avg: 367.6, Max: 367.6, Diff: 0.0, Sum: 735.2]
      [GC Worker End (ms): Min: 27623253.0, Avg: 27623253.1, Max: 27623253.1, Diff: 0.0]
   [Code Root Fixup: 0.0 ms]
   [Clear CT: 0.1 ms]
   [Other: 2.1 ms]
      [Choose CSet: 0.0 ms]
      [Ref Proc: 0.3 ms]
      [Ref Enq: 0.0 ms]
      [Free CSet: 0.2 ms]
   [Eden: 16.0M(989.0M)->0.0B(991.0M) Survivors: 35.0M->33.0M Heap: 1384.5M(3072.0M)->1366.9M(3072.0M)]
 [Times: user=0.73 sys=0.00, real=0.37 secs] 
27623.255: [GC concurrent-root-region-scan-start]
27623.340: [GC concurrent-root-region-scan-end, 0.0854450 secs]
27623.340: [GC concurrent-mark-start]
27625.308: [GC concurrent-mark-end, 1.9672310 secs]
27625.311: [GC remark 27625.313: [GC ref-proc, 0.2811310 secs], 0.3461800 secs]
 [Times: user=0.35 sys=0.00, real=0.35 secs] 
27625.660: [GC cleanup 1761M->1429M(3072M), 0.0241120 secs]
 [Times: user=0.05 sys=0.00, real=0.02 secs] 
27625.684: [GC concurrent-cleanup-start]
27625.685: [GC concurrent-cleanup-end, 0.0006940 secs]
27627.868: [GC pause (young)
Desired survivor size 67108864 bytes, new threshold 16 (max 32)
- age   1:    1640760 bytes,    1640760 total
- age   2:   31256880 bytes,   32897640 total
, 0.4310470 secs]
   [Parallel Time: 423.8 ms, GC Workers: 2]
      [GC Worker Start (ms): Min: 27627868.8, Avg: 27627868.8, Max: 27627868.8, Diff: 0.0]
      [Ext Root Scanning (ms): Min: 54.4, Avg: 61.0, Max: 67.6, Diff: 13.2, Sum: 122.0]
      [Update RS (ms): Min: 71.3, Avg: 79.8, Max: 88.3, Diff: 16.9, Sum: 159.6]
         [Processed Buffers: Min: 167, Avg: 175.5, Max: 184, Diff: 17, Sum: 351]
      [Scan RS (ms): Min: 41.8, Avg: 41.9, Max: 42.1, Diff: 0.3, Sum: 83.8]
      [Object Copy (ms): Min: 239.1, Avg: 240.8, Max: 242.6, Diff: 3.5, Sum: 481.7]
      [Termination (ms): Min: 0.0, Avg: 0.0, Max: 0.0, Diff: 0.0, Sum: 0.0]
      [GC Worker Other (ms): Min: 0.1, Avg: 0.1, Max: 0.1, Diff: 0.0, Sum: 0.2]
      [GC Worker Total (ms): Min: 423.6, Avg: 423.7, Max: 423.7, Diff: 0.1, Sum: 847.4]
      [GC Worker End (ms): Min: 27628292.5, Avg: 27628292.5, Max: 27628292.5, Diff: 0.0]
   [Code Root Fixup: 0.0 ms]
   [Clear CT: 0.6 ms]
   [Other: 6.7 ms]
      [Choose CSet: 0.0 ms]
      [Ref Proc: 1.9 ms]
      [Ref Enq: 0.0 ms]
      [Free CSet: 3.0 ms]
   [Eden: 991.0M(991.0M)->0.0B(923.0M) Survivors: 33.0M->101.0M Heap: 2031.0M(3072.0M)->1108.5M(3072.0M)]
 [Times: user=0.85 sys=0.01, real=0.43 secs] 
27634.003: [GC pause (mixed)
Desired survivor size 67108864 bytes, new threshold 1 (max 32)
- age   1:   74339616 bytes,   74339616 total
- age   2:     410264 bytes,   74749880 total
- age   3:   29219048 bytes,  103968928 total
, 0.4125970 secs]
   [Parallel Time: 399.4 ms, GC Workers: 2]
      [GC Worker Start (ms): Min: 27634004.6, Avg: 27634005.5, Max: 27634006.3, Diff: 1.7]
      [Ext Root Scanning (ms): Min: 52.6, Avg: 60.1, Max: 67.5, Diff: 14.8, Sum: 120.1]
      [Update RS (ms): Min: 42.5, Avg: 51.5, Max: 60.6, Diff: 18.0, Sum: 103.1]
         [Processed Buffers: Min: 137, Avg: 170.5, Max: 204, Diff: 67, Sum: 341]
      [Scan RS (ms): Min: 60.0, Avg: 60.0, Max: 60.1, Diff: 0.1, Sum: 120.1]
      [Object Copy (ms): Min: 224.4, Avg: 226.8, Max: 229.1, Diff: 4.7, Sum: 453.5]
      [Termination (ms): Min: 0.0, Avg: 0.0, Max: 0.0, Diff: 0.0, Sum: 0.0]
      [GC Worker Other (ms): Min: 0.1, Avg: 0.1, Max: 0.1, Diff: 0.0, Sum: 0.2]
      [GC Worker Total (ms): Min: 397.7, Avg: 398.5, Max: 399.3, Diff: 1.7, Sum: 797.0]
      [GC Worker End (ms): Min: 27634403.9, Avg: 27634404.0, Max: 27634404.0, Diff: 0.0]
   [Code Root Fixup: 0.0 ms]
   [Clear CT: 0.9 ms]
   [Other: 12.3 ms]
      [Choose CSet: 0.3 ms]
      [Ref Proc: 4.4 ms]
      [Ref Enq: 0.1 ms]
      [Free CSet: 4.6 ms]
   [Eden: 923.0M(923.0M)->0.0B(991.0M) Survivors: 101.0M->33.0M Heap: 2066.2M(3072.0M)->1055.2M(3072.0M)]
 [Times: user=0.81 sys=0.01, real=0.41 secs] 
27642.165: [GC pause (mixed)
Desired survivor size 67108864 bytes, new threshold 16 (max 32)
- age   1:   32311168 bytes,   32311168 total
, 0.3759210 secs]
   [Parallel Time: 361.1 ms, GC Workers: 2]
      [GC Worker Start (ms): Min: 27642168.0, Avg: 27642168.0, Max: 27642168.1, Diff: 0.0]
      [Ext Root Scanning (ms): Min: 50.9, Avg: 58.4, Max: 66.0, Diff: 15.0, Sum: 116.9]
      [Update RS (ms): Min: 41.3, Avg: 51.4, Max: 61.6, Diff: 20.3, Sum: 102.8]
         [Processed Buffers: Min: 142, Avg: 155.0, Max: 168, Diff: 26, Sum: 310]
      [Scan RS (ms): Min: 78.6, Avg: 78.7, Max: 78.8, Diff: 0.2, Sum: 157.3]
      [Object Copy (ms): Min: 169.8, Avg: 172.4, Max: 174.9, Diff: 5.1, Sum: 344.7]
      [Termination (ms): Min: 0.0, Avg: 0.0, Max: 0.0, Diff: 0.0, Sum: 0.0]
      [GC Worker Other (ms): Min: 0.1, Avg: 0.1, Max: 0.1, Diff: 0.0, Sum: 0.2]
      [GC Worker Total (ms): Min: 361.0, Avg: 361.0, Max: 361.0, Diff: 0.0, Sum: 721.9]
      [GC Worker End (ms): Min: 27642529.0, Avg: 27642529.0, Max: 27642529.0, Diff: 0.0]
   [Code Root Fixup: 0.0 ms]
   [Clear CT: 0.9 ms]
   [Other: 14.0 ms]
      [Choose CSet: 1.4 ms]
      [Ref Proc: 4.5 ms]
      [Ref Enq: 0.1 ms]
      [Free CSet: 5.6 ms]
   [Eden: 991.0M(991.0M)->0.0B(961.0M) Survivors: 33.0M->63.0M Heap: 2049.7M(3072.0M)->928.7M(3072.0M)]
 [Times: user=0.73 sys=0.00, real=0.38 secs] 
27647.818: [GC pause (mixed)
Desired survivor size 67108864 bytes, new threshold 16 (max 32)
- age   1:   37788080 bytes,   37788080 total
- age   2:   26485184 bytes,   64273264 total
, 0.3963340 secs]
   [Parallel Time: 385.2 ms, GC Workers: 2]
      [GC Worker Start (ms): Min: 27647820.0, Avg: 27647820.0, Max: 27647820.0, Diff: 0.0]
      [Ext Root Scanning (ms): Min: 59.9, Avg: 62.7, Max: 65.5, Diff: 5.5, Sum: 125.4]
      [Update RS (ms): Min: 63.3, Avg: 67.7, Max: 72.1, Diff: 8.9, Sum: 135.4]
         [Processed Buffers: Min: 143, Avg: 161.0, Max: 179, Diff: 36, Sum: 322]
      [Scan RS (ms): Min: 52.3, Avg: 52.3, Max: 52.3, Diff: 0.0, Sum: 104.6]
      [Object Copy (ms): Min: 200.7, Avg: 202.4, Max: 204.0, Diff: 3.3, Sum: 404.8]
      [Termination (ms): Min: 0.0, Avg: 0.0, Max: 0.0, Diff: 0.0, Sum: 0.0]
      [GC Worker Other (ms): Min: 0.1, Avg: 0.1, Max: 0.1, Diff: 0.0, Sum: 0.2]
      [GC Worker Total (ms): Min: 385.2, Avg: 385.2, Max: 385.2, Diff: 0.0, Sum: 770.4]
      [GC Worker End (ms): Min: 27648205.2, Avg: 27648205.2, Max: 27648205.2, Diff: 0.0]
   [Code Root Fixup: 0.0 ms]
   [Clear CT: 0.7 ms]
   [Other: 10.4 ms]
      [Choose CSet: 0.1 ms]
      [Ref Proc: 3.7 ms]
      [Ref Enq: 0.1 ms]
      [Free CSet: 4.4 ms]
   [Eden: 961.0M(961.0M)->0.0B(936.0M) Survivors: 63.0M->88.0M Heap: 1936.5M(3072.0M)->997.0M(3072.0M)]
 [Times: user=0.78 sys=0.00, real=0.40 secs] 
27654.952: [GC pause (young)
Desired survivor size 67108864 bytes, new threshold 3 (max 32)
- age   1:   35868712 bytes,   35868712 total
- age   2:   30044008 bytes,   65912720 total
- age   3:   24095024 bytes,   90007744 total
, 0.4797490 secs]
   [Parallel Time: 465.9 ms, GC Workers: 2]
      [GC Worker Start (ms): Min: 27654953.8, Avg: 27654953.8, Max: 27654953.8, Diff: 0.0]
      [Ext Root Scanning (ms): Min: 54.3, Avg: 62.4, Max: 70.5, Diff: 16.2, Sum: 124.9]
      [Update RS (ms): Min: 63.3, Avg: 73.5, Max: 83.7, Diff: 20.4, Sum: 146.9]
         [Processed Buffers: Min: 92, Avg: 150.5, Max: 209, Diff: 117, Sum: 301]
      [Scan RS (ms): Min: 65.1, Avg: 65.2, Max: 65.2, Diff: 0.1, Sum: 130.4]
      [Object Copy (ms): Min: 262.3, Avg: 264.5, Max: 266.7, Diff: 4.4, Sum: 529.0]
      [Termination (ms): Min: 0.0, Avg: 0.0, Max: 0.0, Diff: 0.0, Sum: 0.0]
      [GC Worker Other (ms): Min: 0.1, Avg: 0.2, Max: 0.3, Diff: 0.1, Sum: 0.4]
      [GC Worker Total (ms): Min: 465.8, Avg: 465.8, Max: 465.8, Diff: 0.1, Sum: 931.6]
      [GC Worker End (ms): Min: 27655419.6, Avg: 27655419.6, Max: 27655419.6, Diff: 0.1]
   [Code Root Fixup: 0.0 ms]
   [Clear CT: 0.9 ms]
   [Other: 12.9 ms]
      [Choose CSet: 0.0 ms]
      [Ref Proc: 5.7 ms]
      [Ref Enq: 0.1 ms]
      [Free CSet: 4.5 ms]
   [Eden: 936.0M(936.0M)->0.0B(929.0M) Survivors: 88.0M->95.0M Heap: 1936.0M(3072.0M)->1030.5M(3072.0M)]
 [Times: user=0.94 sys=0.00, real=0.48 secs] 
27660.080: [GC pause (young)
Desired survivor size 67108864 bytes, new threshold 2 (max 32)
- age   1:   39919000 bytes,   39919000 total
- age   2:   30097256 bytes,   70016256 total
- age   3:   26464952 bytes,   96481208 total
, 0.4973000 secs]
   [Parallel Time: 486.3 ms, GC Workers: 2]
      [GC Worker Start (ms): Min: 27660082.1, Avg: 27660082.1, Max: 27660082.1, Diff: 0.0]
      [Ext Root Scanning (ms): Min: 47.9, Avg: 59.2, Max: 70.5, Diff: 22.6, Sum: 118.4]
      [Update RS (ms): Min: 49.2, Avg: 59.4, Max: 69.5, Diff: 20.4, Sum: 118.7]
         [Processed Buffers: Min: 44, Avg: 144.5, Max: 245, Diff: 201, Sum: 289]
      [Scan RS (ms): Min: 80.5, Avg: 80.5, Max: 80.5, Diff: 0.0, Sum: 161.1]
      [Object Copy (ms): Min: 285.8, Avg: 286.9, Max: 288.1, Diff: 2.3, Sum: 573.9]
      [Termination (ms): Min: 0.0, Avg: 0.0, Max: 0.0, Diff: 0.0, Sum: 0.0]
      [GC Worker Other (ms): Min: 0.1, Avg: 0.1, Max: 0.1, Diff: 0.0, Sum: 0.2]
      [GC Worker Total (ms): Min: 486.1, Avg: 486.1, Max: 486.1, Diff: 0.0, Sum: 972.3]
      [GC Worker End (ms): Min: 27660568.2, Avg: 27660568.3, Max: 27660568.3, Diff: 0.0]
   [Code Root Fixup: 0.0 ms]
   [Clear CT: 0.8 ms]
   [Other: 10.3 ms]
      [Choose CSet: 0.0 ms]
      [Ref Proc: 2.9 ms]
      [Ref Enq: 0.0 ms]
      [Free CSet: 4.2 ms]
   [Eden: 929.0M(929.0M)->0.0B(949.0M) Survivors: 95.0M->75.0M Heap: 1970.5M(3072.0M)->1069.5M(3072.0M)]
 [Times: user=0.98 sys=0.00, real=0.50 secs] 
27666.137: [GC pause (young)
Desired survivor size 67108864 bytes, new threshold 2 (max 32)
- age   1:   42855672 bytes,   42855672 total
- age   2:   34022464 bytes,   76878136 total
, 0.4114900 secs]
   [Parallel Time: 399.7 ms, GC Workers: 2]
      [GC Worker Start (ms): Min: 27666138.3, Avg: 27666138.3, Max: 27666138.3, Diff: 0.0]
      [Ext Root Scanning (ms): Min: 56.6, Avg: 62.7, Max: 68.8, Diff: 12.3, Sum: 125.4]
      [Update RS (ms): Min: 41.1, Avg: 50.0, Max: 58.9, Diff: 17.8, Sum: 100.0]
         [Processed Buffers: Min: 150, Avg: 152.0, Max: 154, Diff: 4, Sum: 304]
      [Scan RS (ms): Min: 67.7, Avg: 67.7, Max: 67.8, Diff: 0.0, Sum: 135.5]
      [Object Copy (ms): Min: 216.3, Avg: 219.1, Max: 221.8, Diff: 5.6, Sum: 438.1]
      [Termination (ms): Min: 0.0, Avg: 0.0, Max: 0.0, Diff: 0.0, Sum: 0.0]
      [GC Worker Other (ms): Min: 0.1, Avg: 0.1, Max: 0.1, Diff: 0.0, Sum: 0.2]
      [GC Worker Total (ms): Min: 399.6, Avg: 399.6, Max: 399.6, Diff: 0.0, Sum: 799.2]
      [GC Worker End (ms): Min: 27666537.9, Avg: 27666537.9, Max: 27666538.0, Diff: 0.0]
   [Code Root Fixup: 0.0 ms]
   [Clear CT: 0.9 ms]
   [Other: 10.8 ms]
      [Choose CSet: 0.0 ms]
      [Ref Proc: 3.5 ms]
      [Ref Enq: 0.0 ms]
      [Free CSet: 4.5 ms]
   [Eden: 949.0M(949.0M)->0.0B(964.0M) Survivors: 75.0M->60.0M Heap: 2021.0M(3072.0M)->1088.0M(3072.0M)]
 [Times: user=0.81 sys=0.00, real=0.41 secs] 
27672.761: [GC pause (young)
Desired survivor size 67108864 bytes, new threshold 16 (max 32)
- age   1:   35765632 bytes,   35765632 total
- age   2:   25599376 bytes,   61365008 total
, 0.3636370 secs]
   [Parallel Time: 351.4 ms, GC Workers: 2]
      [GC Worker Start (ms): Min: 27672763.2, Avg: 27672763.3, Max: 27672763.3, Diff: 0.0]
      [Ext Root Scanning (ms): Min: 54.2, Avg: 60.9, Max: 67.6, Diff: 13.5, Sum: 121.8]
      [Update RS (ms): Min: 29.4, Avg: 38.6, Max: 47.7, Diff: 18.3, Sum: 77.1]
         [Processed Buffers: Min: 146, Avg: 147.0, Max: 148, Diff: 2, Sum: 294]
      [Scan RS (ms): Min: 63.7, Avg: 63.7, Max: 63.8, Diff: 0.2, Sum: 127.5]
      [Object Copy (ms): Min: 185.5, Avg: 188.0, Max: 190.5, Diff: 5.0, Sum: 376.1]
      [Termination (ms): Min: 0.0, Avg: 0.0, Max: 0.0, Diff: 0.0, Sum: 0.0]
      [GC Worker Other (ms): Min: 0.1, Avg: 0.1, Max: 0.1, Diff: 0.0, Sum: 0.2]
      [GC Worker Total (ms): Min: 351.3, Avg: 351.3, Max: 351.3, Diff: 0.0, Sum: 702.7]
      [GC Worker End (ms): Min: 27673114.6, Avg: 27673114.6, Max: 27673114.6, Diff: 0.0]
   [Code Root Fixup: 0.0 ms]
   [Clear CT: 1.0 ms]
   [Other: 11.2 ms]
      [Choose CSet: 0.0 ms]
      [Ref Proc: 4.5 ms]
      [Ref Enq: 0.1 ms]
      [Free CSet: 4.3 ms]
   [Eden: 964.0M(964.0M)->0.0B(937.0M) Survivors: 60.0M->87.0M Heap: 2059.5M(3072.0M)->1122.5M(3072.0M)]
 [Times: user=0.71 sys=0.00, real=0.36 secs] 
27677.934: [GC pause (young)
Desired survivor size 67108864 bytes, new threshold 3 (max 32)
- age   1:   33324072 bytes,   33324072 total
- age   2:   32323112 bytes,   65647184 total
- age   3:   23239168 bytes,   88886352 total
, 0.4043160 secs]
   [Parallel Time: 393.3 ms, GC Workers: 2]
      [GC Worker Start (ms): Min: 27677935.7, Avg: 27677935.8, Max: 27677935.9, Diff: 0.2]
      [Ext Root Scanning (ms): Min: 55.3, Avg: 60.8, Max: 66.3, Diff: 11.0, Sum: 121.6]
      [Update RS (ms): Min: 29.5, Avg: 36.8, Max: 44.2, Diff: 14.7, Sum: 73.7]
         [Processed Buffers: Min: 149, Avg: 150.0, Max: 151, Diff: 2, Sum: 300]
      [Scan RS (ms): Min: 63.9, Avg: 64.0, Max: 64.1, Diff: 0.2, Sum: 128.0]
      [Object Copy (ms): Min: 229.5, Avg: 231.4, Max: 233.2, Diff: 3.7, Sum: 462.7]
      [Termination (ms): Min: 0.0, Avg: 0.0, Max: 0.0, Diff: 0.0, Sum: 0.0]
      [GC Worker Other (ms): Min: 0.1, Avg: 0.1, Max: 0.1, Diff: 0.0, Sum: 0.1]
      [GC Worker Total (ms): Min: 393.0, Avg: 393.1, Max: 393.2, Diff: 0.2, Sum: 786.2]
      [GC Worker End (ms): Min: 27678328.9, Avg: 27678328.9, Max: 27678328.9, Diff: 0.0]
   [Code Root Fixup: 0.0 ms]
   [Clear CT: 0.8 ms]
   [Other: 10.3 ms]
      [Choose CSet: 0.0 ms]
      [Ref Proc: 3.4 ms]
      [Ref Enq: 0.1 ms]
      [Free CSet: 4.2 ms]
   [Eden: 937.0M(937.0M)->0.0B(937.0M) Survivors: 87.0M->87.0M Heap: 2103.4M(3072.0M)->1187.4M(3072.0M)]
 [Times: user=0.79 sys=0.01, real=0.41 secs] 
27683.903: [GC pause (young)
Desired survivor size 67108864 bytes, new threshold 3 (max 32)
- age   1:   36443200 bytes,   36443200 total
- age   2:   26172384 bytes,   62615584 total
- age   3:   27036064 bytes,   89651648 total
, 0.4267420 secs]
   [Parallel Time: 416.7 ms, GC Workers: 2]
      [GC Worker Start (ms): Min: 27683904.5, Avg: 27683904.5, Max: 27683904.6, Diff: 0.0]
      [Ext Root Scanning (ms): Min: 54.1, Avg: 61.1, Max: 68.1, Diff: 13.9, Sum: 122.2]
      [Update RS (ms): Min: 45.9, Avg: 54.7, Max: 63.6, Diff: 17.8, Sum: 109.5]
         [Processed Buffers: Min: 148, Avg: 157.0, Max: 166, Diff: 18, Sum: 314]
      [Scan RS (ms): Min: 95.2, Avg: 95.2, Max: 95.3, Diff: 0.1, Sum: 190.5]
      [Object Copy (ms): Min: 203.6, Avg: 205.5, Max: 207.3, Diff: 3.8, Sum: 410.9]
      [Termination (ms): Min: 0.0, Avg: 0.0, Max: 0.0, Diff: 0.0, Sum: 0.0]
      [GC Worker Other (ms): Min: 0.1, Avg: 0.1, Max: 0.1, Diff: 0.0, Sum: 0.2]
      [GC Worker Total (ms): Min: 416.6, Avg: 416.6, Max: 416.7, Diff: 0.0, Sum: 833.3]
      [GC Worker End (ms): Min: 27684321.2, Avg: 27684321.2, Max: 27684321.2, Diff: 0.0]
   [Code Root Fixup: 0.0 ms]
   [Clear CT: 0.6 ms]
   [Other: 9.4 ms]
      [Choose CSet: 0.0 ms]
      [Ref Proc: 3.0 ms]
      [Ref Enq: 0.1 ms]
      [Free CSet: 3.8 ms]
   [Eden: 937.0M(937.0M)->0.0B(950.0M) Survivors: 87.0M->74.0M Heap: 2204.9M(3072.0M)->1271.9M(3072.0M)]
 [Times: user=0.84 sys=0.01, real=0.43 secs] 
27689.290: [GC pause (young)
Desired survivor size 67108864 bytes, new threshold 3 (max 32)
- age   1:   38198376 bytes,   38198376 total
- age   2:   19437136 bytes,   57635512 total
- age   3:   17420960 bytes,   75056472 total
, 0.5290900 secs]
   [Parallel Time: 520.7 ms, GC Workers: 2]
      [GC Worker Start (ms): Min: 27689290.8, Avg: 27689290.9, Max: 27689290.9, Diff: 0.0]
      [Ext Root Scanning (ms): Min: 51.2, Avg: 60.8, Max: 70.4, Diff: 19.2, Sum: 121.6]
      [Update RS (ms): Min: 3.0, Avg: 11.6, Max: 20.2, Diff: 17.2, Sum: 23.2]
         [Processed Buffers: Min: 103, Avg: 145.5, Max: 188, Diff: 85, Sum: 291]
      [Scan RS (ms): Min: 86.3, Avg: 86.4, Max: 86.4, Diff: 0.1, Sum: 172.7]
      [Object Copy (ms): Min: 360.7, Avg: 361.7, Max: 362.8, Diff: 2.1, Sum: 723.5]
      [Termination (ms): Min: 0.0, Avg: 0.0, Max: 0.0, Diff: 0.0, Sum: 0.0]
      [GC Worker Other (ms): Min: 0.1, Avg: 0.1, Max: 0.1, Diff: 0.0, Sum: 0.2]
      [GC Worker Total (ms): Min: 520.6, Avg: 520.6, Max: 520.6, Diff: 0.0, Sum: 1041.2]
      [GC Worker End (ms): Min: 27689811.4, Avg: 27689811.5, Max: 27689811.5, Diff: 0.0]
   [Code Root Fixup: 0.0 ms]
   [Clear CT: 0.7 ms]
   [Other: 7.7 ms]
      [Choose CSet: 0.0 ms]
      [Ref Proc: 3.2 ms]
      [Ref Enq: 0.1 ms]
      [Free CSet: 2.8 ms]
   [Eden: 902.0M(950.0M)->0.0B(896.0M) Survivors: 74.0M->128.0M Heap: 2216.4M(3072.0M)->1408.4M(3072.0M)]
 [Times: user=1.05 sys=0.00, real=0.53 secs] 
27689.838: [GC pause (young) (initial-mark)
Desired survivor size 67108864 bytes, new threshold 1 (max 32)
- age   1:  111902504 bytes,  111902504 total
- age   2:   26965936 bytes,  138868440 total
- age   3:   16633904 bytes,  155502344 total
, 0.5311110 secs]
   [Parallel Time: 527.1 ms, GC Workers: 2]
      [GC Worker Start (ms): Min: 27689838.5, Avg: 27689838.5, Max: 27689838.5, Diff: 0.0]
      [Ext Root Scanning (ms): Min: 55.5, Avg: 63.2, Max: 71.0, Diff: 15.4, Sum: 126.5]
      [Update RS (ms): Min: 167.4, Avg: 180.3, Max: 193.2, Diff: 25.8, Sum: 360.6]
         [Processed Buffers: Min: 284, Avg: 311.5, Max: 339, Diff: 55, Sum: 623]
      [Scan RS (ms): Min: 1.5, Avg: 1.5, Max: 1.5, Diff: 0.0, Sum: 2.9]
      [Object Copy (ms): Min: 276.7, Avg: 281.9, Max: 287.1, Diff: 10.5, Sum: 563.8]
      [Termination (ms): Min: 0.0, Avg: 0.0, Max: 0.0, Diff: 0.0, Sum: 0.0]
      [GC Worker Other (ms): Min: 0.1, Avg: 0.1, Max: 0.1, Diff: 0.1, Sum: 0.2]
      [GC Worker Total (ms): Min: 527.0, Avg: 527.0, Max: 527.0, Diff: 0.0, Sum: 1053.9]
      [GC Worker End (ms): Min: 27690365.5, Avg: 27690365.5, Max: 27690365.5, Diff: 0.0]
   [Code Root Fixup: 0.0 ms]
   [Clear CT: 0.2 ms]
   [Other: 3.8 ms]
      [Choose CSet: 0.0 ms]
      [Ref Proc: 0.2 ms]
      [Ref Enq: 0.0 ms]
      [Free CSet: 0.4 ms]
   [Eden: 4096.0K(896.0M)->0.0B(1023.0M) Survivors: 128.0M->1024.0K Heap: 1420.0M(3072.0M)->1417.9M(3072.0M)]
 [Times: user=1.05 sys=0.01, real=0.54 secs] 
27690.369: [GC concurrent-root-region-scan-start]
27690.371: [GC concurrent-root-region-scan-end, 0.0014780 secs]
27690.371: [GC concurrent-mark-start]
27692.556: [GC concurrent-mark-end, 2.1849070 secs]
27692.557: [GC remark 27692.559: [GC ref-proc, 0.0991470 secs], 0.1697800 secs]
 [Times: user=0.17 sys=0.00, real=0.17 secs] 
27692.729: [GC cleanup 1777M->1405M(3072M), 0.0299410 secs]
 [Times: user=0.05 sys=0.00, real=0.03 secs] 
27692.760: [GC concurrent-cleanup-start]
27692.761: [GC concurrent-cleanup-end, 0.0009200 secs]
27696.715: [GC pause (young)
Desired survivor size 67108864 bytes, new threshold 16 (max 32)
- age   1:     512456 bytes,     512456 total
, 0.4044990 secs]
   [Parallel Time: 392.4 ms, GC Workers: 2]
      [GC Worker Start (ms): Min: 27696716.1, Avg: 27696716.2, Max: 27696716.2, Diff: 0.0]
      [Ext Root Scanning (ms): Min: 52.1, Avg: 59.9, Max: 67.8, Diff: 15.7, Sum: 119.9]
      [Update RS (ms): Min: 27.2, Avg: 37.7, Max: 48.2, Diff: 21.0, Sum: 75.5]
         [Processed Buffers: Min: 173, Avg: 176.5, Max: 180, Diff: 7, Sum: 353]
      [Scan RS (ms): Min: 56.0, Avg: 56.4, Max: 56.7, Diff: 0.7, Sum: 112.7]
      [Object Copy (ms): Min: 235.9, Avg: 238.2, Max: 240.5, Diff: 4.6, Sum: 476.4]
      [Termination (ms): Min: 0.0, Avg: 0.0, Max: 0.0, Diff: 0.0, Sum: 0.0]
      [GC Worker Other (ms): Min: 0.1, Avg: 0.1, Max: 0.1, Diff: 0.0, Sum: 0.2]
      [GC Worker Total (ms): Min: 392.3, Avg: 392.3, Max: 392.4, Diff: 0.0, Sum: 784.7]
      [GC Worker End (ms): Min: 27697108.5, Avg: 27697108.5, Max: 27697108.5, Diff: 0.0]
   [Code Root Fixup: 0.0 ms]
   [Clear CT: 0.8 ms]
   [Other: 11.3 ms]
      [Choose CSet: 0.0 ms]
      [Ref Proc: 6.2 ms]
      [Ref Enq: 0.1 ms]
      [Free CSet: 2.9 ms]
   [Eden: 1023.0M(1023.0M)->0.0B(922.0M) Survivors: 1024.0K->102.0M Heap: 2106.7M(3072.0M)->1184.2M(3072.0M)]
 [Times: user=0.80 sys=0.00, real=0.40 secs] 
27702.524: [GC pause (mixed)
Desired survivor size 67108864 bytes, new threshold 1 (max 32)
- age   1:  101801152 bytes,  101801152 total
- age   2:     269664 bytes,  102070816 total
, 0.4499930 secs]
   [Parallel Time: 435.6 ms, GC Workers: 2]
      [GC Worker Start (ms): Min: 27702525.5, Avg: 27702525.5, Max: 27702525.5, Diff: 0.1]
      [Ext Root Scanning (ms): Min: 53.1, Avg: 59.4, Max: 65.6, Diff: 12.5, Sum: 118.7]
      [Update RS (ms): Min: 22.3, Avg: 30.4, Max: 38.6, Diff: 16.3, Sum: 60.8]
         [Processed Buffers: Min: 140, Avg: 157.0, Max: 174, Diff: 34, Sum: 314]
      [Scan RS (ms): Min: 59.0, Avg: 59.2, Max: 59.3, Diff: 0.3, Sum: 118.3]
      [Object Copy (ms): Min: 284.4, Avg: 286.4, Max: 288.5, Diff: 4.1, Sum: 572.9]
      [Termination (ms): Min: 0.0, Avg: 0.0, Max: 0.0, Diff: 0.0, Sum: 0.0]
      [GC Worker Other (ms): Min: 0.1, Avg: 0.1, Max: 0.1, Diff: 0.0, Sum: 0.2]
      [GC Worker Total (ms): Min: 435.4, Avg: 435.5, Max: 435.5, Diff: 0.1, Sum: 871.0]
      [GC Worker End (ms): Min: 27702961.0, Avg: 27702961.0, Max: 27702961.0, Diff: 0.0]
   [Code Root Fixup: 0.0 ms]
   [Clear CT: 1.0 ms]
   [Other: 13.4 ms]
      [Choose CSet: 0.5 ms]
      [Ref Proc: 6.9 ms]
      [Ref Enq: 0.1 ms]
      [Free CSet: 3.4 ms]
   [Eden: 922.0M(922.0M)->0.0B(968.0M) Survivors: 102.0M->56.0M Heap: 2130.6M(3072.0M)->1151.6M(3072.0M)]
 [Times: user=0.89 sys=0.00, real=0.45 secs] 
27708.092: [GC pause (mixed)
Desired survivor size 67108864 bytes, new threshold 16 (max 32)
- age   1:   54174176 bytes,   54174176 total
, 0.3067810 secs]
   [Parallel Time: 293.4 ms, GC Workers: 2]
      [GC Worker Start (ms): Min: 27708093.9, Avg: 27708093.9, Max: 27708093.9, Diff: 0.0]
      [Ext Root Scanning (ms): Min: 52.8, Avg: 60.1, Max: 67.4, Diff: 14.6, Sum: 120.2]
      [Update RS (ms): Min: 34.4, Avg: 43.7, Max: 53.1, Diff: 18.7, Sum: 87.5]
         [Processed Buffers: Min: 150, Avg: 168.5, Max: 187, Diff: 37, Sum: 337]
      [Scan RS (ms): Min: 47.7, Avg: 47.8, Max: 47.8, Diff: 0.1, Sum: 95.5]
      [Object Copy (ms): Min: 139.5, Avg: 141.6, Max: 143.6, Diff: 4.0, Sum: 283.1]
      [Termination (ms): Min: 0.0, Avg: 0.0, Max: 0.0, Diff: 0.0, Sum: 0.0]
      [GC Worker Other (ms): Min: 0.1, Avg: 0.1, Max: 0.1, Diff: 0.0, Sum: 0.2]
      [GC Worker Total (ms): Min: 293.2, Avg: 293.2, Max: 293.3, Diff: 0.0, Sum: 586.5]
      [GC Worker End (ms): Min: 27708387.1, Avg: 27708387.1, Max: 27708387.1, Diff: 0.0]
   [Code Root Fixup: 0.0 ms]
   [Clear CT: 0.9 ms]
   [Other: 12.5 ms]
      [Choose CSet: 0.7 ms]
      [Ref Proc: 5.7 ms]
      [Ref Enq: 0.1 ms]
      [Free CSet: 4.2 ms]
   [Eden: 968.0M(968.0M)->0.0B(960.0M) Survivors: 56.0M->64.0M Heap: 2148.1M(3072.0M)->1099.6M(3072.0M)]
 [Times: user=0.60 sys=0.00, real=0.30 secs] 
27715.772: [GC pause (mixed)
Desired survivor size 67108864 bytes, new threshold 16 (max 32)
- age   1:   27328576 bytes,   27328576 total
- age   2:   36015864 bytes,   63344440 total
, 0.4055470 secs]
   [Parallel Time: 389.6 ms, GC Workers: 2]
      [GC Worker Start (ms): Min: 27715773.6, Avg: 27715773.6, Max: 27715773.6, Diff: 0.0]
      [Ext Root Scanning (ms): Min: 58.0, Avg: 63.2, Max: 68.4, Diff: 10.5, Sum: 126.4]
      [Update RS (ms): Min: 34.3, Avg: 41.8, Max: 49.3, Diff: 15.0, Sum: 83.6]
         [Processed Buffers: Min: 161, Avg: 161.5, Max: 162, Diff: 1, Sum: 323]
      [Scan RS (ms): Min: 61.2, Avg: 61.3, Max: 61.4, Diff: 0.1, Sum: 122.6]
      [Object Copy (ms): Min: 221.0, Avg: 223.2, Max: 225.4, Diff: 4.3, Sum: 446.4]
      [Termination (ms): Min: 0.0, Avg: 0.0, Max: 0.0, Diff: 0.0, Sum: 0.0]
      [GC Worker Other (ms): Min: 0.1, Avg: 0.1, Max: 0.1, Diff: 0.0, Sum: 0.2]
      [GC Worker Total (ms): Min: 389.6, Avg: 389.6, Max: 389.6, Diff: 0.0, Sum: 779.2]
      [GC Worker End (ms): Min: 27716163.2, Avg: 27716163.2, Max: 27716163.2, Diff: 0.0]
   [Code Root Fixup: 0.0 ms]
   [Clear CT: 0.9 ms]
   [Other: 15.0 ms]
      [Choose CSet: 1.0 ms]
      [Ref Proc: 8.0 ms]
      [Ref Enq: 0.1 ms]
      [Free CSet: 4.3 ms]
   [Eden: 960.0M(960.0M)->0.0B(917.0M) Survivors: 64.0M->107.0M Heap: 2060.7M(3072.0M)->1056.2M(3072.0M)]
 [Times: user=0.79 sys=0.01, real=0.41 secs] 
27720.656: [GC pause (mixed)
Desired survivor size 67108864 bytes, new threshold 2 (max 32)
- age   1:   55077456 bytes,   55077456 total
- age   2:   20730160 bytes,   75807616 total
- age   3:   32175128 bytes,  107982744 total
, 0.4158480 secs]
   [Parallel Time: 403.7 ms, GC Workers: 2]
      [GC Worker Start (ms): Min: 27720657.7, Avg: 27720657.7, Max: 27720657.7, Diff: 0.0]
      [Ext Root Scanning (ms): Min: 54.5, Avg: 61.6, Max: 68.7, Diff: 14.2, Sum: 123.3]
      [Update RS (ms): Min: 19.5, Avg: 29.4, Max: 39.3, Diff: 19.7, Sum: 58.8]
         [Processed Buffers: Min: 31, Avg: 162.5, Max: 294, Diff: 263, Sum: 325]
      [Scan RS (ms): Min: 76.7, Avg: 76.7, Max: 76.8, Diff: 0.1, Sum: 153.5]
      [Object Copy (ms): Min: 232.9, Avg: 235.7, Max: 238.5, Diff: 5.6, Sum: 471.5]
      [Termination (ms): Min: 0.0, Avg: 0.0, Max: 0.0, Diff: 0.0, Sum: 0.0]
      [GC Worker Other (ms): Min: 0.1, Avg: 0.1, Max: 0.1, Diff: 0.0, Sum: 0.2]
      [GC Worker Total (ms): Min: 403.6, Avg: 403.6, Max: 403.6, Diff: 0.0, Sum: 807.2]
      [GC Worker End (ms): Min: 27721061.3, Avg: 27721061.3, Max: 27721061.3, Diff: 0.0]
   [Code Root Fixup: 0.0 ms]
   [Clear CT: 0.8 ms]
   [Other: 11.4 ms]
      [Choose CSet: 0.7 ms]
      [Ref Proc: 4.2 ms]
      [Ref Enq: 0.1 ms]
      [Free CSet: 4.1 ms]
   [Eden: 917.0M(917.0M)->0.0B(964.0M) Survivors: 107.0M->60.0M Heap: 2011.6M(3072.0M)->1052.6M(3072.0M)]
 [Times: user=0.82 sys=0.00, real=0.41 secs] 
27727.417: [GC pause (young)
Desired survivor size 67108864 bytes, new threshold 16 (max 32)
- age   1:   37336808 bytes,   37336808 total
- age   2:   22056112 bytes,   59392920 total
, 0.2904460 secs]
   [Parallel Time: 278.2 ms, GC Workers: 2]
      [GC Worker Start (ms): Min: 27727418.2, Avg: 27727418.3, Max: 27727418.3, Diff: 0.0]
      [Ext Root Scanning (ms): Min: 50.5, Avg: 61.3, Max: 72.2, Diff: 21.6, Sum: 122.7]
      [Update RS (ms): Min: 40.5, Avg: 49.8, Max: 59.0, Diff: 18.5, Sum: 99.6]
         [Processed Buffers: Min: 179, Avg: 186.5, Max: 194, Diff: 15, Sum: 373]
      [Scan RS (ms): Min: 30.3, Avg: 30.5, Max: 30.7, Diff: 0.4, Sum: 61.0]
      [Object Copy (ms): Min: 135.0, Avg: 136.4, Max: 137.8, Diff: 2.8, Sum: 272.8]
      [Termination (ms): Min: 0.0, Avg: 0.0, Max: 0.0, Diff: 0.0, Sum: 0.0]
      [GC Worker Other (ms): Min: 0.1, Avg: 0.1, Max: 0.1, Diff: 0.0, Sum: 0.2]
      [GC Worker Total (ms): Min: 278.1, Avg: 278.1, Max: 278.1, Diff: 0.0, Sum: 556.2]
      [GC Worker End (ms): Min: 27727696.4, Avg: 27727696.4, Max: 27727696.4, Diff: 0.0]
   [Code Root Fixup: 0.0 ms]
   [Clear CT: 0.8 ms]
   [Other: 11.5 ms]
      [Choose CSet: 0.0 ms]
      [Ref Proc: 6.7 ms]
      [Ref Enq: 0.1 ms]
      [Free CSet: 3.2 ms]
   [Eden: 964.0M(964.0M)->0.0B(954.0M) Survivors: 60.0M->70.0M Heap: 2036.3M(3072.0M)->1082.3M(3072.0M)]
 [Times: user=0.57 sys=0.00, real=0.29 secs] 
27733.626: [GC pause (young)
Desired survivor size 67108864 bytes, new threshold 3 (max 32)
- age   1:   30106944 bytes,   30106944 total
- age   2:   23624824 bytes,   53731768 total
- age   3:   15653752 bytes,   69385520 total
, 0.4982700 secs]
   [Parallel Time: 486.1 ms, GC Workers: 2]
      [GC Worker Start (ms): Min: 27733626.4, Avg: 27733626.4, Max: 27733626.5, Diff: 0.1]
      [Ext Root Scanning (ms): Min: 50.2, Avg: 60.8, Max: 71.4, Diff: 21.2, Sum: 121.6]
      [Update RS (ms): Min: 47.1, Avg: 56.1, Max: 65.2, Diff: 18.1, Sum: 112.3]
         [Processed Buffers: Min: 145, Avg: 168.0, Max: 191, Diff: 46, Sum: 336]
      [Scan RS (ms): Min: 29.6, Avg: 29.7, Max: 29.8, Diff: 0.2, Sum: 59.5]
      [Object Copy (ms): Min: 337.9, Avg: 339.3, Max: 340.7, Diff: 2.8, Sum: 678.5]
      [Termination (ms): Min: 0.0, Avg: 0.0, Max: 0.0, Diff: 0.0, Sum: 0.0]
      [GC Worker Other (ms): Min: 0.1, Avg: 0.1, Max: 0.1, Diff: 0.0, Sum: 0.2]
      [GC Worker Total (ms): Min: 486.0, Avg: 486.0, Max: 486.1, Diff: 0.1, Sum: 972.0]
      [GC Worker End (ms): Min: 27734112.4, Avg: 27734112.4, Max: 27734112.4, Diff: 0.0]
   [Code Root Fixup: 0.0 ms]
   [Clear CT: 0.8 ms]
   [Other: 11.4 ms]
      [Choose CSet: 0.0 ms]
      [Ref Proc: 6.9 ms]
      [Ref Enq: 0.1 ms]
      [Free CSet: 2.7 ms]
   [Eden: 954.0M(954.0M)->0.0B(896.0M) Survivors: 70.0M->128.0M Heap: 2040.3M(3072.0M)->1169.8M(3072.0M)]
 [Times: user=0.98 sys=0.00, real=0.50 secs] 
27738.673: [GC pause (young)
Desired survivor size 67108864 bytes, new threshold 1 (max 32)
- age   1:   99614760 bytes,   99614760 total
- age   2:   21288656 bytes,  120903416 total
- age   3:   21067152 bytes,  141970568 total
, 0.7054940 secs]
   [Parallel Time: 696.6 ms, GC Workers: 2]
      [GC Worker Start (ms): Min: 27738674.8, Avg: 27738675.0, Max: 27738675.2, Diff: 0.4]
      [Ext Root Scanning (ms): Min: 56.4, Avg: 61.7, Max: 67.0, Diff: 10.7, Sum: 123.4]
      [Update RS (ms): Min: 62.6, Avg: 70.0, Max: 77.5, Diff: 15.0, Sum: 140.1]
         [Processed Buffers: Min: 43, Avg: 156.5, Max: 270, Diff: 227, Sum: 313]
      [Scan RS (ms): Min: 63.3, Avg: 63.3, Max: 63.4, Diff: 0.1, Sum: 126.7]
      [Object Copy (ms): Min: 498.6, Avg: 501.0, Max: 503.5, Diff: 4.9, Sum: 1002.1]
      [Termination (ms): Min: 0.0, Avg: 0.0, Max: 0.0, Diff: 0.0, Sum: 0.0]
      [GC Worker Other (ms): Min: 0.1, Avg: 0.1, Max: 0.1, Diff: 0.0, Sum: 0.2]
      [GC Worker Total (ms): Min: 696.0, Avg: 696.3, Max: 696.5, Diff: 0.4, Sum: 1392.5]
      [GC Worker End (ms): Min: 27739371.2, Avg: 27739371.2, Max: 27739371.2, Diff: 0.0]
   [Code Root Fixup: 0.0 ms]
   [Clear CT: 0.6 ms]
   [Other: 8.3 ms]
      [Choose CSet: 0.0 ms]
      [Ref Proc: 1.6 ms]
      [Ref Enq: 0.0 ms]
      [Free CSet: 3.4 ms]
   [Eden: 896.0M(896.0M)->0.0B(922.0M) Survivors: 128.0M->102.0M Heap: 2130.4M(3072.0M)->1309.4M(3072.0M)]
 [Times: user=1.40 sys=0.00, real=0.71 secs] 
27744.474: [GC pause (young)
Desired survivor size 67108864 bytes, new threshold 1 (max 32)
- age   1:  104202784 bytes,  104202784 total
, 0.5592760 secs]
   [Parallel Time: 546.1 ms, GC Workers: 2]
      [GC Worker Start (ms): Min: 27744475.9, Avg: 27744476.4, Max: 27744476.8, Diff: 0.9]
      [Ext Root Scanning (ms): Min: 58.3, Avg: 63.2, Max: 68.0, Diff: 9.7, Sum: 126.3]
      [Update RS (ms): Min: 61.4, Avg: 68.0, Max: 74.5, Diff: 13.1, Sum: 135.9]
         [Processed Buffers: Min: 143, Avg: 156.0, Max: 169, Diff: 26, Sum: 312]
      [Scan RS (ms): Min: 76.0, Avg: 76.0, Max: 76.0, Diff: 0.1, Sum: 152.0]
      [Object Copy (ms): Min: 335.9, Avg: 338.1, Max: 340.3, Diff: 4.4, Sum: 676.2]
      [Termination (ms): Min: 0.0, Avg: 0.0, Max: 0.0, Diff: 0.0, Sum: 0.0]
      [GC Worker Other (ms): Min: 0.1, Avg: 0.1, Max: 0.1, Diff: 0.0, Sum: 0.2]
      [GC Worker Total (ms): Min: 544.9, Avg: 545.4, Max: 545.8, Diff: 0.9, Sum: 1090.7]
      [GC Worker End (ms): Min: 27745021.7, Avg: 27745021.7, Max: 27745021.7, Diff: 0.0]
   [Code Root Fixup: 0.0 ms]
   [Clear CT: 0.7 ms]
   [Other: 12.5 ms]
      [Choose CSet: 0.0 ms]
      [Ref Proc: 3.5 ms]
      [Ref Enq: 0.1 ms]
      [Free CSet: 5.0 ms]
   [Eden: 922.0M(922.0M)->0.0B(978.0M) Survivors: 102.0M->46.0M Heap: 2235.4M(3072.0M)->1351.9M(3072.0M)]
 [Times: user=1.10 sys=0.01, real=0.56 secs] 
27745.136: [GC pause (young) (initial-mark)
Desired survivor size 67108864 bytes, new threshold 16 (max 32)
- age   1:   46131496 bytes,   46131496 total
, 0.4326120 secs]
   [Parallel Time: 430.2 ms, GC Workers: 2]
      [GC Worker Start (ms): Min: 27745136.7, Avg: 27745136.7, Max: 27745136.7, Diff: 0.0]
      [Ext Root Scanning (ms): Min: 57.9, Avg: 64.3, Max: 70.6, Diff: 12.8, Sum: 128.5]
      [Update RS (ms): Min: 229.2, Avg: 241.6, Max: 254.0, Diff: 24.9, Sum: 483.2]
         [Processed Buffers: Min: 379, Avg: 383.0, Max: 387, Diff: 8, Sum: 766]
      [Scan RS (ms): Min: 1.1, Avg: 1.1, Max: 1.1, Diff: 0.0, Sum: 2.2]
      [Object Copy (ms): Min: 116.9, Avg: 123.0, Max: 129.1, Diff: 12.2, Sum: 246.0]
      [Termination (ms): Min: 0.0, Avg: 0.0, Max: 0.0, Diff: 0.0, Sum: 0.0]
      [GC Worker Other (ms): Min: 0.1, Avg: 0.1, Max: 0.1, Diff: 0.1, Sum: 0.2]
      [GC Worker Total (ms): Min: 430.1, Avg: 430.1, Max: 430.1, Diff: 0.0, Sum: 860.2]
      [GC Worker End (ms): Min: 27745566.7, Avg: 27745566.8, Max: 27745566.8, Diff: 0.0]
   [Code Root Fixup: 0.0 ms]
   [Clear CT: 0.1 ms]
   [Other: 2.3 ms]
      [Choose CSet: 0.0 ms]
      [Ref Proc: 0.3 ms]
      [Ref Enq: 0.0 ms]
      [Free CSet: 0.3 ms]
   [Eden: 20.0M(978.0M)->0.0B(978.0M) Survivors: 46.0M->46.0M Heap: 1371.5M(3072.0M)->1352.4M(3072.0M)]
 [Times: user=0.86 sys=0.00, real=0.44 secs] 
27745.569: [GC concurrent-root-region-scan-start]
27745.899: [GC concurrent-root-region-scan-end, 0.3298800 secs]
27745.899: [GC concurrent-mark-start]
27748.143: [GC concurrent-mark-end, 2.2445760 secs]
27748.146: [GC remark 27748.148: [GC ref-proc, 0.1956360 secs], 0.2606140 secs]
 [Times: user=0.26 sys=0.00, real=0.26 secs] 
27748.408: [GC cleanup 1820M->1519M(3072M), 0.0246470 secs]
 [Times: user=0.05 sys=0.00, real=0.03 secs] 
27748.433: [GC concurrent-cleanup-start]
27748.434: [GC concurrent-cleanup-end, 0.0006530 secs]
27751.226: [GC pause (young)
Desired survivor size 67108864 bytes, new threshold 16 (max 32)
- age   1:    3296704 bytes,    3296704 total
- age   2:   43829168 bytes,   47125872 total
, 0.3892150 secs]
   [Parallel Time: 377.8 ms, GC Workers: 2]
      [GC Worker Start (ms): Min: 27751227.9, Avg: 27751227.9, Max: 27751228.0, Diff: 0.1]
      [Ext Root Scanning (ms): Min: 62.8, Avg: 69.7, Max: 76.6, Diff: 13.7, Sum: 139.4]
      [Update RS (ms): Min: 10.5, Avg: 19.3, Max: 28.0, Diff: 17.5, Sum: 38.5]
         [Processed Buffers: Min: 118, Avg: 146.5, Max: 175, Diff: 57, Sum: 293]
      [Scan RS (ms): Min: 71.0, Avg: 71.6, Max: 72.2, Diff: 1.1, Sum: 143.2]
      [Object Copy (ms): Min: 214.5, Avg: 217.0, Max: 219.5, Diff: 5.0, Sum: 433.9]
      [Termination (ms): Min: 0.0, Avg: 0.0, Max: 0.0, Diff: 0.0, Sum: 0.0]
      [GC Worker Other (ms): Min: 0.1, Avg: 0.1, Max: 0.1, Diff: 0.0, Sum: 0.2]
      [GC Worker Total (ms): Min: 377.6, Avg: 377.6, Max: 377.7, Diff: 0.1, Sum: 755.2]
      [GC Worker End (ms): Min: 27751605.5, Avg: 27751605.5, Max: 27751605.6, Diff: 0.0]
   [Code Root Fixup: 0.0 ms]
   [Clear CT: 0.7 ms]
   [Other: 10.7 ms]
      [Choose CSet: 0.0 ms]
      [Ref Proc: 2.7 ms]
      [Ref Enq: 0.0 ms]
      [Free CSet: 5.3 ms]
   [Eden: 978.0M(978.0M)->0.0B(944.0M) Survivors: 46.0M->80.0M Heap: 2073.9M(3072.0M)->1129.9M(3072.0M)]
 [Times: user=0.76 sys=0.01, real=0.39 secs] 
27756.918: [GC pause (mixed)
Desired survivor size 67108864 bytes, new threshold 3 (max 32)
- age   1:   41969608 bytes,   41969608 total
- age   2:     691864 bytes,   42661472 total
- age   3:   39660752 bytes,   82322224 total
, 0.4792610 secs]
   [Parallel Time: 466.4 ms, GC Workers: 2]
      [GC Worker Start (ms): Min: 27756920.3, Avg: 27756920.3, Max: 27756920.3, Diff: 0.0]
      [Ext Root Scanning (ms): Min: 50.4, Avg: 61.9, Max: 73.5, Diff: 23.1, Sum: 123.8]
      [Update RS (ms): Min: 58.2, Avg: 68.9, Max: 79.6, Diff: 21.4, Sum: 137.8]
         [Processed Buffers: Min: 126, Avg: 160.5, Max: 195, Diff: 69, Sum: 321]
      [Scan RS (ms): Min: 73.3, Avg: 73.5, Max: 73.6, Diff: 0.3, Sum: 147.0]
      [Object Copy (ms): Min: 261.3, Avg: 262.0, Max: 262.7, Diff: 1.5, Sum: 524.0]
      [Termination (ms): Min: 0.0, Avg: 0.0, Max: 0.0, Diff: 0.0, Sum: 0.0]
      [GC Worker Other (ms): Min: 0.1, Avg: 0.1, Max: 0.1, Diff: 0.0, Sum: 0.2]
      [GC Worker Total (ms): Min: 466.3, Avg: 466.4, Max: 466.4, Diff: 0.0, Sum: 932.7]
      [GC Worker End (ms): Min: 27757386.7, Avg: 27757386.7, Max: 27757386.7, Diff: 0.0]
   [Code Root Fixup: 0.0 ms]
   [Clear CT: 0.7 ms]
   [Other: 12.1 ms]
      [Choose CSet: 0.3 ms]
      [Ref Proc: 3.4 ms]
      [Ref Enq: 0.1 ms]
      [Free CSet: 5.5 ms]
   [Eden: 944.0M(944.0M)->0.0B(947.0M) Survivors: 80.0M->77.0M Heap: 2093.6M(3072.0M)->1110.6M(3072.0M)]
 [Times: user=0.95 sys=0.00, real=0.48 secs] 
27763.211: [GC pause (mixed)
Desired survivor size 67108864 bytes, new threshold 2 (max 32)
- age   1:   41071728 bytes,   41071728 total
- age   2:   37172768 bytes,   78244496 total
- age   3:     666072 bytes,   78910568 total
, 0.4777920 secs]
   [Parallel Time: 463.1 ms, GC Workers: 2]
      [GC Worker Start (ms): Min: 27763213.4, Avg: 27763213.4, Max: 27763213.4, Diff: 0.0]
      [Ext Root Scanning (ms): Min: 54.7, Avg: 60.1, Max: 65.6, Diff: 11.0, Sum: 120.3]
      [Update RS (ms): Min: 44.8, Avg: 52.3, Max: 59.8, Diff: 15.0, Sum: 104.6]
         [Processed Buffers: Min: 134, Avg: 148.5, Max: 163, Diff: 29, Sum: 297]
      [Scan RS (ms): Min: 84.1, Avg: 84.2, Max: 84.3, Diff: 0.2, Sum: 168.3]
      [Object Copy (ms): Min: 264.1, Avg: 266.2, Max: 268.4, Diff: 4.2, Sum: 532.5]
      [Termination (ms): Min: 0.0, Avg: 0.0, Max: 0.0, Diff: 0.0, Sum: 0.0]
      [GC Worker Other (ms): Min: 0.1, Avg: 0.1, Max: 0.1, Diff: 0.0, Sum: 0.2]
      [GC Worker Total (ms): Min: 462.9, Avg: 463.0, Max: 463.0, Diff: 0.0, Sum: 925.9]
      [GC Worker End (ms): Min: 27763676.3, Avg: 27763676.3, Max: 27763676.4, Diff: 0.0]
   [Code Root Fixup: 0.0 ms]
   [Clear CT: 0.8 ms]
   [Other: 13.9 ms]
      [Choose CSet: 0.8 ms]
      [Ref Proc: 3.8 ms]
      [Ref Enq: 0.1 ms]
      [Free CSet: 6.6 ms]
   [Eden: 947.0M(947.0M)->0.0B(947.0M) Survivors: 77.0M->77.0M Heap: 2064.1M(3072.0M)->1079.6M(3072.0M)]
 [Times: user=0.94 sys=0.00, real=0.48 secs] 
27768.220: [GC pause (mixed)
Desired survivor size 67108864 bytes, new threshold 2 (max 32)
- age   1:   43621784 bytes,   43621784 total
- age   2:   35029648 bytes,   78651432 total
, 0.4638790 secs]
   [Parallel Time: 453.1 ms, GC Workers: 2]
      [GC Worker Start (ms): Min: 27768221.9, Avg: 27768222.0, Max: 27768222.2, Diff: 0.3]
      [Ext Root Scanning (ms): Min: 51.5, Avg: 59.0, Max: 66.6, Diff: 15.0, Sum: 118.1]
      [Update RS (ms): Min: 54.9, Avg: 64.9, Max: 75.0, Diff: 20.1, Sum: 129.9]
         [Processed Buffers: Min: 71, Avg: 143.0, Max: 215, Diff: 144, Sum: 286]
      [Scan RS (ms): Min: 84.7, Avg: 84.8, Max: 84.8, Diff: 0.2, Sum: 169.5]
      [Object Copy (ms): Min: 241.7, Avg: 244.0, Max: 246.3, Diff: 4.6, Sum: 488.0]
      [Termination (ms): Min: 0.0, Avg: 0.0, Max: 0.0, Diff: 0.0, Sum: 0.0]
      [GC Worker Other (ms): Min: 0.1, Avg: 0.1, Max: 0.1, Diff: 0.0, Sum: 0.3]
      [GC Worker Total (ms): Min: 452.7, Avg: 452.8, Max: 453.0, Diff: 0.3, Sum: 905.7]
      [GC Worker End (ms): Min: 27768674.8, Avg: 27768674.9, Max: 27768674.9, Diff: 0.0]
   [Code Root Fixup: 0.0 ms]
   [Clear CT: 0.9 ms]
   [Other: 9.9 ms]
      [Choose CSet: 0.4 ms]
      [Ref Proc: 2.4 ms]
      [Ref Enq: 0.0 ms]
      [Free CSet: 4.4 ms]
   [Eden: 947.0M(947.0M)->0.0B(952.0M) Survivors: 77.0M->72.0M Heap: 2089.7M(3072.0M)->1150.2M(3072.0M)]
 [Times: user=0.91 sys=0.00, real=0.47 secs] 
27772.854: [GC pause (young)
Desired survivor size 67108864 bytes, new threshold 2 (max 32)
- age   1:   34960280 bytes,   34960280 total
- age   2:   38722616 bytes,   73682896 total
, 0.4348500 secs]
   [Parallel Time: 423.4 ms, GC Workers: 2]
      [GC Worker Start (ms): Min: 27772855.4, Avg: 27772855.4, Max: 27772855.4, Diff: 0.0]
      [Ext Root Scanning (ms): Min: 55.2, Avg: 60.9, Max: 66.5, Diff: 11.3, Sum: 121.8]
      [Update RS (ms): Min: 46.9, Avg: 54.9, Max: 62.8, Diff: 15.8, Sum: 109.7]
         [Processed Buffers: Min: 165, Avg: 171.0, Max: 177, Diff: 12, Sum: 342]
      [Scan RS (ms): Min: 79.6, Avg: 79.7, Max: 79.8, Diff: 0.2, Sum: 159.4]
      [Object Copy (ms): Min: 225.6, Avg: 227.7, Max: 229.9, Diff: 4.3, Sum: 455.4]
      [Termination (ms): Min: 0.0, Avg: 0.0, Max: 0.0, Diff: 0.0, Sum: 0.0]
      [GC Worker Other (ms): Min: 0.1, Avg: 0.1, Max: 0.1, Diff: 0.0, Sum: 0.3]
      [GC Worker Total (ms): Min: 423.3, Avg: 423.3, Max: 423.3, Diff: 0.0, Sum: 846.6]
      [GC Worker End (ms): Min: 27773278.7, Avg: 27773278.7, Max: 27773278.7, Diff: 0.0]
   [Code Root Fixup: 0.0 ms]
   [Clear CT: 0.7 ms]
   [Other: 10.8 ms]
      [Choose CSet: 0.0 ms]
      [Ref Proc: 2.9 ms]
      [Ref Enq: 0.0 ms]
      [Free CSet: 4.8 ms]
   [Eden: 855.0M(952.0M)->0.0B(957.0M) Survivors: 72.0M->67.0M Heap: 2040.0M(3072.0M)->1212.7M(3072.0M)]
 [Times: user=0.86 sys=0.00, real=0.43 secs] 
27778.529: [GC pause (young)
Desired survivor size 67108864 bytes, new threshold 2 (max 32)
- age   1:   39376888 bytes,   39376888 total
- age   2:   28847928 bytes,   68224816 total
, 0.4868670 secs]
   [Parallel Time: 475.8 ms, GC Workers: 2]
      [GC Worker Start (ms): Min: 27778531.1, Avg: 27778531.1, Max: 27778531.1, Diff: 0.0]
      [Ext Root Scanning (ms): Min: 53.9, Avg: 60.5, Max: 67.1, Diff: 13.2, Sum: 121.1]
      [Update RS (ms): Min: 31.3, Avg: 40.0, Max: 48.6, Diff: 17.4, Sum: 79.9]
         [Processed Buffers: Min: 117, Avg: 143.5, Max: 170, Diff: 53, Sum: 287]
      [Scan RS (ms): Min: 79.4, Avg: 79.5, Max: 79.6, Diff: 0.3, Sum: 159.0]
      [Object Copy (ms): Min: 293.3, Avg: 295.6, Max: 297.8, Diff: 4.4, Sum: 591.1]
      [Termination (ms): Min: 0.0, Avg: 0.0, Max: 0.0, Diff: 0.0, Sum: 0.0]
      [GC Worker Other (ms): Min: 0.1, Avg: 0.1, Max: 0.1, Diff: 0.0, Sum: 0.2]
      [GC Worker Total (ms): Min: 475.7, Avg: 475.7, Max: 475.7, Diff: 0.0, Sum: 951.3]
      [GC Worker End (ms): Min: 27779006.7, Avg: 27779006.7, Max: 27779006.8, Diff: 0.0]
   [Code Root Fixup: 0.0 ms]
   [Clear CT: 0.9 ms]
   [Other: 10.2 ms]
      [Choose CSet: 0.0 ms]
      [Ref Proc: 2.8 ms]
      [Ref Enq: 0.0 ms]
      [Free CSet: 4.7 ms]
   [Eden: 957.0M(957.0M)->0.0B(922.0M) Survivors: 67.0M->102.0M Heap: 2184.1M(3072.0M)->1288.6M(3072.0M)]
 [Times: user=0.96 sys=0.00, real=0.49 secs] 
27786.178: [GC pause (young)
Desired survivor size 67108864 bytes, new threshold 1 (max 32)
- age   1:   72795224 bytes,   72795224 total
- age   2:   30750880 bytes,  103546104 total
, 0.4172290 secs]
   [Parallel Time: 403.7 ms, GC Workers: 2]
      [GC Worker Start (ms): Min: 27786179.7, Avg: 27786180.5, Max: 27786181.3, Diff: 1.6]
      [Ext Root Scanning (ms): Min: 51.0, Avg: 59.5, Max: 68.0, Diff: 17.0, Sum: 118.9]
      [Update RS (ms): Min: 42.2, Avg: 52.2, Max: 62.2, Diff: 20.1, Sum: 104.4]
         [Processed Buffers: Min: 61, Avg: 159.5, Max: 258, Diff: 197, Sum: 319]
      [Scan RS (ms): Min: 70.5, Avg: 70.7, Max: 70.8, Diff: 0.3, Sum: 141.3]
      [Object Copy (ms): Min: 217.8, Avg: 220.3, Max: 222.7, Diff: 4.9, Sum: 440.6]
      [Termination (ms): Min: 0.0, Avg: 0.0, Max: 0.0, Diff: 0.0, Sum: 0.0]
      [GC Worker Other (ms): Min: 0.1, Avg: 0.1, Max: 0.2, Diff: 0.1, Sum: 0.3]
      [GC Worker Total (ms): Min: 401.9, Avg: 402.8, Max: 403.6, Diff: 1.6, Sum: 805.5]
      [GC Worker End (ms): Min: 27786583.3, Avg: 27786583.3, Max: 27786583.3, Diff: 0.1]
   [Code Root Fixup: 0.0 ms]
   [Clear CT: 0.7 ms]
   [Other: 12.8 ms]
      [Choose CSet: 0.0 ms]
      [Ref Proc: 5.3 ms]
      [Ref Enq: 0.1 ms]
      [Free CSet: 4.4 ms]
   [Eden: 922.0M(922.0M)->0.0B(984.0M) Survivors: 102.0M->40.0M Heap: 2254.5M(3072.0M)->1325.5M(3072.0M)]
 [Times: user=0.81 sys=0.00, real=0.42 secs] 
27791.256: [GC pause (young) (initial-mark)
Desired survivor size 67108864 bytes, new threshold 16 (max 32)
- age   1:   38683480 bytes,   38683480 total
, 0.3485540 secs]
   [Parallel Time: 338.9 ms, GC Workers: 2]
      [GC Worker Start (ms): Min: 27791257.8, Avg: 27791257.8, Max: 27791257.8, Diff: 0.0]
      [Ext Root Scanning (ms): Min: 60.2, Avg: 67.9, Max: 75.5, Diff: 15.3, Sum: 135.8]
      [Update RS (ms): Min: 41.6, Avg: 55.7, Max: 69.9, Diff: 28.3, Sum: 111.5]
         [Processed Buffers: Min: 125, Avg: 146.0, Max: 167, Diff: 42, Sum: 292]
      [Scan RS (ms): Min: 44.7, Avg: 44.7, Max: 44.8, Diff: 0.1, Sum: 89.5]
      [Object Copy (ms): Min: 163.8, Avg: 170.3, Max: 176.9, Diff: 13.1, Sum: 340.6]
      [Termination (ms): Min: 0.0, Avg: 0.0, Max: 0.0, Diff: 0.0, Sum: 0.0]
      [GC Worker Other (ms): Min: 0.1, Avg: 0.1, Max: 0.1, Diff: 0.0, Sum: 0.2]
      [GC Worker Total (ms): Min: 338.8, Avg: 338.8, Max: 338.8, Diff: 0.0, Sum: 677.6]
      [GC Worker End (ms): Min: 27791596.6, Avg: 27791596.6, Max: 27791596.6, Diff: 0.0]
   [Code Root Fixup: 0.0 ms]
   [Clear CT: 0.6 ms]
   [Other: 9.0 ms]
      [Choose CSet: 0.0 ms]
      [Ref Proc: 3.6 ms]
      [Ref Enq: 0.0 ms]
      [Free CSet: 2.7 ms]
   [Eden: 581.0M(984.0M)->0.0B(962.0M) Survivors: 40.0M->62.0M Heap: 1906.0M(3072.0M)->1348.0M(3072.0M)]
 [Times: user=0.69 sys=0.01, real=0.35 secs] 
27791.605: [GC concurrent-root-region-scan-start]
27791.806: [GC concurrent-root-region-scan-end, 0.2008670 secs]
27791.806: [GC concurrent-mark-start]
27794.389: [GC concurrent-mark-end, 2.5828500 secs]
27794.390: [GC remark 27794.391: [GC ref-proc, 0.0892740 secs], 0.1575900 secs]
 [Times: user=0.17 sys=0.00, real=0.16 secs] 
27794.549: [GC cleanup 1571M->1334M(3072M), 0.0258820 secs]
 [Times: user=0.05 sys=0.00, real=0.02 secs] 
27794.575: [GC concurrent-cleanup-start]
27794.576: [GC concurrent-cleanup-end, 0.0006530 secs]
27799.524: [GC pause (young)
Desired survivor size 67108864 bytes, new threshold 16 (max 32)
- age   1:   31271856 bytes,   31271856 total
- age   2:   32068056 bytes,   63339912 total
, 0.3503440 secs]
   [Parallel Time: 336.4 ms, GC Workers: 2]
      [GC Worker Start (ms): Min: 27799526.1, Avg: 27799526.1, Max: 27799526.2, Diff: 0.0]
      [Ext Root Scanning (ms): Min: 49.9, Avg: 60.8, Max: 71.7, Diff: 21.8, Sum: 121.6]
      [Update RS (ms): Min: 17.3, Avg: 26.9, Max: 36.6, Diff: 19.3, Sum: 53.8]
         [Processed Buffers: Min: 134, Avg: 150.5, Max: 167, Diff: 33, Sum: 301]
      [Scan RS (ms): Min: 62.1, Avg: 62.4, Max: 62.8, Diff: 0.7, Sum: 124.9]
      [Object Copy (ms): Min: 185.0, Avg: 186.0, Max: 186.9, Diff: 1.9, Sum: 372.0]
      [Termination (ms): Min: 0.0, Avg: 0.0, Max: 0.0, Diff: 0.0, Sum: 0.0]
      [GC Worker Other (ms): Min: 0.1, Avg: 0.1, Max: 0.1, Diff: 0.0, Sum: 0.2]
      [GC Worker Total (ms): Min: 336.2, Avg: 336.3, Max: 336.3, Diff: 0.0, Sum: 672.5]
      [GC Worker End (ms): Min: 27799862.4, Avg: 27799862.4, Max: 27799862.4, Diff: 0.0]
   [Code Root Fixup: 0.0 ms]
   [Clear CT: 0.9 ms]
   [Other: 13.0 ms]
      [Choose CSet: 0.0 ms]
      [Ref Proc: 5.3 ms]
      [Ref Enq: 0.1 ms]
      [Free CSet: 5.1 ms]
   [Eden: 962.0M(962.0M)->0.0B(941.0M) Survivors: 62.0M->83.0M Heap: 2085.5M(3072.0M)->1144.5M(3072.0M)]
 [Times: user=0.69 sys=0.00, real=0.35 secs] 
27808.314: [GC pause (mixed)
Desired survivor size 67108864 bytes, new threshold 3 (max 32)
- age   1:   35896136 bytes,   35896136 total
- age   2:   18909576 bytes,   54805712 total
- age   3:   29512936 bytes,   84318648 total
, 0.5312750 secs]
   [Parallel Time: 513.8 ms, GC Workers: 2]
      [GC Worker Start (ms): Min: 27808315.6, Avg: 27808315.6, Max: 27808315.6, Diff: 0.0]
      [Ext Root Scanning (ms): Min: 56.8, Avg: 63.6, Max: 70.3, Diff: 13.5, Sum: 127.2]
      [Update RS (ms): Min: 7.7, Avg: 16.9, Max: 26.0, Diff: 18.2, Sum: 33.7]
         [Processed Buffers: Min: 146, Avg: 155.0, Max: 164, Diff: 18, Sum: 310]
      [Scan RS (ms): Min: 111.8, Avg: 111.9, Max: 111.9, Diff: 0.1, Sum: 223.7]
      [Object Copy (ms): Min: 318.9, Avg: 321.2, Max: 323.5, Diff: 4.6, Sum: 642.4]
      [Termination (ms): Min: 0.0, Avg: 0.0, Max: 0.0, Diff: 0.0, Sum: 0.0]
      [GC Worker Other (ms): Min: 0.1, Avg: 0.1, Max: 0.1, Diff: 0.0, Sum: 0.2]
      [GC Worker Total (ms): Min: 513.6, Avg: 513.6, Max: 513.6, Diff: 0.0, Sum: 1027.2]
      [GC Worker End (ms): Min: 27808829.2, Avg: 27808829.2, Max: 27808829.2, Diff: 0.0]
   [Code Root Fixup: 0.0 ms]
   [Clear CT: 0.9 ms]
   [Other: 16.6 ms]
      [Choose CSet: 0.7 ms]
      [Ref Proc: 9.6 ms]
      [Ref Enq: 0.1 ms]
      [Free CSet: 4.2 ms]
   [Eden: 941.0M(941.0M)->0.0B(896.0M) Survivors: 83.0M->128.0M Heap: 2186.5M(3072.0M)->1244.0M(3072.0M)]
 [Times: user=1.04 sys=0.00, real=0.53 secs] 
27812.754: [GC pause (mixed)
Desired survivor size 67108864 bytes, new threshold 1 (max 32)
- age   1:   98112528 bytes,   98112528 total
- age   2:   22633472 bytes,  120746000 total
- age   3:   12344520 bytes,  133090520 total
, 0.8511990 secs]
   [Parallel Time: 841.0 ms, GC Workers: 2]
      [GC Worker Start (ms): Min: 27812755.2, Avg: 27812756.0, Max: 27812756.7, Diff: 1.4]
      [Ext Root Scanning (ms): Min: 52.6, Avg: 60.4, Max: 68.2, Diff: 15.6, Sum: 120.8]
      [Update RS (ms): Min: 22.4, Avg: 33.1, Max: 43.8, Diff: 21.4, Sum: 66.2]
         [Processed Buffers: Min: 109, Avg: 152.5, Max: 196, Diff: 87, Sum: 305]
      [Scan RS (ms): Min: 78.7, Avg: 78.7, Max: 78.7, Diff: 0.0, Sum: 157.4]
      [Object Copy (ms): Min: 665.7, Avg: 667.9, Max: 670.1, Diff: 4.5, Sum: 1335.8]
      [Termination (ms): Min: 0.0, Avg: 0.0, Max: 0.0, Diff: 0.0, Sum: 0.0]
      [GC Worker Other (ms): Min: 0.1, Avg: 0.1, Max: 0.1, Diff: 0.0, Sum: 0.2]
      [GC Worker Total (ms): Min: 839.5, Avg: 840.2, Max: 841.0, Diff: 1.4, Sum: 1680.5]
      [GC Worker End (ms): Min: 27813596.2, Avg: 27813596.2, Max: 27813596.2, Diff: 0.0]
   [Code Root Fixup: 0.0 ms]
   [Clear CT: 1.0 ms]
   [Other: 9.2 ms]
      [Choose CSet: 0.8 ms]
      [Ref Proc: 2.1 ms]
      [Ref Enq: 0.0 ms]
      [Free CSet: 3.5 ms]
   [Eden: 896.0M(896.0M)->0.0B(896.0M) Survivors: 128.0M->128.0M Heap: 2161.2M(3072.0M)->1338.7M(3072.0M)]
 [Times: user=1.68 sys=0.00, real=0.85 secs] 
27818.752: [GC pause (young)
Desired survivor size 67108864 bytes, new threshold 1 (max 32)
- age   1:  166135072 bytes,  166135072 total
, 0.5169410 secs]
   [Parallel Time: 501.9 ms, GC Workers: 2]
      [GC Worker Start (ms): Min: 27818753.2, Avg: 27818753.2, Max: 27818753.2, Diff: 0.0]
      [Ext Root Scanning (ms): Min: 53.4, Avg: 60.0, Max: 66.7, Diff: 13.3, Sum: 120.1]
      [Update RS (ms): Min: 20.0, Avg: 28.9, Max: 37.8, Diff: 17.7, Sum: 57.8]
         [Processed Buffers: Min: 115, Avg: 145.5, Max: 176, Diff: 61, Sum: 291]
      [Scan RS (ms): Min: 126.9, Avg: 127.1, Max: 127.2, Diff: 0.3, Sum: 254.1]
      [Object Copy (ms): Min: 283.6, Avg: 285.7, Max: 287.7, Diff: 4.1, Sum: 571.4]
      [Termination (ms): Min: 0.0, Avg: 0.0, Max: 0.0, Diff: 0.0, Sum: 0.0]
      [GC Worker Other (ms): Min: 0.1, Avg: 0.1, Max: 0.1, Diff: 0.0, Sum: 0.2]
      [GC Worker Total (ms): Min: 501.8, Avg: 501.8, Max: 501.8, Diff: 0.0, Sum: 1003.5]
      [GC Worker End (ms): Min: 27819254.9, Avg: 27819254.9, Max: 27819254.9, Diff: 0.0]
   [Code Root Fixup: 0.0 ms]
   [Clear CT: 0.7 ms]
   [Other: 14.4 ms]
      [Choose CSet: 0.0 ms]
      [Ref Proc: 6.8 ms]
      [Ref Enq: 0.1 ms]
      [Free CSet: 3.9 ms]
   [Eden: 896.0M(896.0M)->0.0B(976.0M) Survivors: 128.0M->48.0M Heap: 2268.7M(3072.0M)->1374.2M(3072.0M)]
 [Times: user=1.01 sys=0.00, real=0.52 secs] 
27820.475: [GC pause (young) (initial-mark)
Desired survivor size 67108864 bytes, new threshold 16 (max 32)
- age   1:   45993120 bytes,   45993120 total
, 0.2188110 secs]
   [Parallel Time: 214.1 ms, GC Workers: 2]
      [GC Worker Start (ms): Min: 27820476.0, Avg: 27820476.0, Max: 27820476.1, Diff: 0.0]
      [Ext Root Scanning (ms): Min: 51.3, Avg: 63.6, Max: 75.8, Diff: 24.5, Sum: 127.1]
      [Update RS (ms): Min: 22.1, Avg: 33.6, Max: 45.2, Diff: 23.0, Sum: 67.3]
         [Processed Buffers: Min: 79, Avg: 139.5, Max: 200, Diff: 121, Sum: 279]
      [Scan RS (ms): Min: 16.5, Avg: 16.5, Max: 16.6, Diff: 0.1, Sum: 33.1]
      [Object Copy (ms): Min: 99.4, Avg: 100.1, Max: 100.8, Diff: 1.4, Sum: 200.2]
      [Termination (ms): Min: 0.0, Avg: 0.0, Max: 0.0, Diff: 0.0, Sum: 0.0]
      [GC Worker Other (ms): Min: 0.0, Avg: 0.1, Max: 0.1, Diff: 0.0, Sum: 0.1]
      [GC Worker Total (ms): Min: 213.9, Avg: 213.9, Max: 214.0, Diff: 0.1, Sum: 427.9]
      [GC Worker End (ms): Min: 27820690.0, Avg: 27820690.0, Max: 27820690.0, Diff: 0.0]
   [Code Root Fixup: 0.0 ms]
   [Clear CT: 0.5 ms]
   [Other: 4.3 ms]
      [Choose CSet: 0.0 ms]
      [Ref Proc: 1.5 ms]
      [Ref Enq: 0.0 ms]
      [Free CSet: 0.8 ms]
   [Eden: 210.0M(976.0M)->0.0B(986.0M) Survivors: 48.0M->38.0M Heap: 1583.4M(3072.0M)->1364.2M(3072.0M)]
 [Times: user=0.43 sys=0.00, real=0.22 secs] 
27820.694: [GC concurrent-root-region-scan-start]
27820.850: [GC concurrent-root-region-scan-end, 0.1564190 secs]
27820.850: [GC concurrent-mark-start]
27822.537: [GC concurrent-mark-end, 1.6862440 secs]
27822.538: [GC remark 27822.539: [GC ref-proc, 0.2162860 secs], 0.2852000 secs]
 [Times: user=0.29 sys=0.00, real=0.29 secs] 
27822.825: [GC cleanup 1695M->1434M(3072M), 0.0260490 secs]
 [Times: user=0.05 sys=0.00, real=0.02 secs] 
27822.851: [GC concurrent-cleanup-start]
27822.852: [GC concurrent-cleanup-end, 0.0006030 secs]
27827.135: [GC pause (young)
Desired survivor size 67108864 bytes, new threshold 16 (max 32)
- age   1:   13948024 bytes,   13948024 total
- age   2:   23885536 bytes,   37833560 total
, 0.2743330 secs]
   [Parallel Time: 258.9 ms, GC Workers: 2]
      [GC Worker Start (ms): Min: 27827136.1, Avg: 27827136.1, Max: 27827136.1, Diff: 0.0]
      [Ext Root Scanning (ms): Min: 56.3, Avg: 62.3, Max: 68.2, Diff: 11.9, Sum: 124.5]
      [Update RS (ms): Min: 34.9, Avg: 43.9, Max: 52.8, Diff: 17.9, Sum: 87.8]
         [Processed Buffers: Min: 164, Avg: 168.5, Max: 173, Diff: 9, Sum: 337]
      [Scan RS (ms): Min: 26.3, Avg: 26.5, Max: 26.7, Diff: 0.4, Sum: 53.0]
      [Object Copy (ms): Min: 123.3, Avg: 126.1, Max: 128.8, Diff: 5.4, Sum: 252.1]
      [Termination (ms): Min: 0.0, Avg: 0.0, Max: 0.0, Diff: 0.0, Sum: 0.0]
      [GC Worker Other (ms): Min: 0.1, Avg: 0.1, Max: 0.1, Diff: 0.0, Sum: 0.2]
      [GC Worker Total (ms): Min: 258.8, Avg: 258.8, Max: 258.8, Diff: 0.0, Sum: 517.6]
      [GC Worker End (ms): Min: 27827394.9, Avg: 27827394.9, Max: 27827394.9, Diff: 0.0]
   [Code Root Fixup: 0.0 ms]
   [Clear CT: 0.9 ms]
   [Other: 14.5 ms]
      [Choose CSet: 0.0 ms]
      [Ref Proc: 8.9 ms]
      [Ref Enq: 0.1 ms]
      [Free CSet: 3.4 ms]
   [Eden: 986.0M(986.0M)->0.0B(967.0M) Survivors: 38.0M->57.0M Heap: 2095.8M(3072.0M)->1129.3M(3072.0M)]
 [Times: user=0.53 sys=0.00, real=0.27 secs] 
27833.033: [GC pause (mixed)
Desired survivor size 67108864 bytes, new threshold 16 (max 32)
- age   1:   35471464 bytes,   35471464 total
- age   2:    4423216 bytes,   39894680 total
- age   3:   15516520 bytes,   55411200 total
, 0.3110550 secs]
   [Parallel Time: 295.5 ms, GC Workers: 2]
      [GC Worker Start (ms): Min: 27833035.4, Avg: 27833035.7, Max: 27833036.0, Diff: 0.6]
      [Ext Root Scanning (ms): Min: 54.2, Avg: 61.6, Max: 69.1, Diff: 14.9, Sum: 123.2]
      [Update RS (ms): Min: 28.5, Avg: 38.2, Max: 47.9, Diff: 19.3, Sum: 76.4]
         [Processed Buffers: Min: 145, Avg: 160.0, Max: 175, Diff: 30, Sum: 320]
      [Scan RS (ms): Min: 49.8, Avg: 49.8, Max: 49.8, Diff: 0.0, Sum: 99.7]
      [Object Copy (ms): Min: 142.9, Avg: 145.4, Max: 147.9, Diff: 5.0, Sum: 290.9]
      [Termination (ms): Min: 0.0, Avg: 0.0, Max: 0.0, Diff: 0.0, Sum: 0.0]
      [GC Worker Other (ms): Min: 0.1, Avg: 0.1, Max: 0.1, Diff: 0.0, Sum: 0.2]
      [GC Worker Total (ms): Min: 294.9, Avg: 295.1, Max: 295.4, Diff: 0.5, Sum: 590.3]
      [GC Worker End (ms): Min: 27833330.8, Avg: 27833330.8, Max: 27833330.8, Diff: 0.0]
   [Code Root Fixup: 0.0 ms]
   [Clear CT: 0.9 ms]
   [Other: 14.7 ms]
      [Choose CSet: 1.3 ms]
      [Ref Proc: 7.6 ms]
      [Ref Enq: 0.1 ms]
      [Free CSet: 4.3 ms]
   [Eden: 967.0M(967.0M)->0.0B(953.0M) Survivors: 57.0M->71.0M Heap: 2117.9M(3072.0M)->955.4M(3072.0M)]
 [Times: user=0.60 sys=0.00, real=0.32 secs] 
27839.809: [GC pause (mixed)
Desired survivor size 67108864 bytes, new threshold 4 (max 32)
- age   1:   29634048 bytes,   29634048 total
- age   2:   21849456 bytes,   51483504 total
- age   3:    3332640 bytes,   54816144 total
- age   4:   14105536 bytes,   68921680 total
, 0.3674510 secs]
   [Parallel Time: 347.6 ms, GC Workers: 2]
      [GC Worker Start (ms): Min: 27839812.0, Avg: 27839812.0, Max: 27839812.0, Diff: 0.0]
      [Ext Root Scanning (ms): Min: 53.4, Avg: 66.2, Max: 78.9, Diff: 25.5, Sum: 132.4]
      [Update RS (ms): Min: 16.4, Avg: 27.2, Max: 38.0, Diff: 21.6, Sum: 54.4]
         [Processed Buffers: Min: 132, Avg: 168.0, Max: 204, Diff: 72, Sum: 336]
      [Scan RS (ms): Min: 70.0, Avg: 70.1, Max: 70.1, Diff: 0.2, Sum: 140.1]
      [Object Copy (ms): Min: 182.1, Avg: 184.0, Max: 185.8, Diff: 3.7, Sum: 367.9]
      [Termination (ms): Min: 0.0, Avg: 0.0, Max: 0.0, Diff: 0.0, Sum: 0.0]
      [GC Worker Other (ms): Min: 0.1, Avg: 0.1, Max: 0.1, Diff: 0.0, Sum: 0.2]
      [GC Worker Total (ms): Min: 347.5, Avg: 347.5, Max: 347.5, Diff: 0.0, Sum: 694.9]
      [GC Worker End (ms): Min: 27840159.5, Avg: 27840159.5, Max: 27840159.5, Diff: 0.0]
   [Code Root Fixup: 0.0 ms]
   [Clear CT: 0.8 ms]
   [Other: 19.0 ms]
      [Choose CSet: 1.4 ms]
      [Ref Proc: 10.4 ms]
      [Ref Enq: 0.1 ms]
      [Free CSet: 4.9 ms]
   [Eden: 953.0M(953.0M)->0.0B(951.0M) Survivors: 71.0M->73.0M Heap: 1954.0M(3072.0M)->910.0M(3072.0M)]
 [Times: user=0.71 sys=0.00, real=0.37 secs] 
27846.332: [GC pause (mixed)
Desired survivor size 67108864 bytes, new threshold 3 (max 32)
- age   1:   31169632 bytes,   31169632 total
- age   2:   20010568 bytes,   51180200 total
- age   3:   17391520 bytes,   68571720 total
- age   4:    2836248 bytes,   71407968 total
, 0.3215020 secs]
   [Parallel Time: 312.4 ms, GC Workers: 2]
      [GC Worker Start (ms): Min: 27846333.0, Avg: 27846333.1, Max: 27846333.1, Diff: 0.0]
      [Ext Root Scanning (ms): Min: 55.2, Avg: 62.4, Max: 69.5, Diff: 14.3, Sum: 124.8]
      [Update RS (ms): Min: 45.0, Avg: 54.5, Max: 64.1, Diff: 19.1, Sum: 109.0]
         [Processed Buffers: Min: 149, Avg: 177.5, Max: 206, Diff: 57, Sum: 355]
      [Scan RS (ms): Min: 28.8, Avg: 28.8, Max: 28.9, Diff: 0.1, Sum: 57.6]
      [Object Copy (ms): Min: 164.1, Avg: 166.5, Max: 168.8, Diff: 4.7, Sum: 332.9]
      [Termination (ms): Min: 0.0, Avg: 0.0, Max: 0.0, Diff: 0.0, Sum: 0.0]
      [GC Worker Other (ms): Min: 0.1, Avg: 0.1, Max: 0.1, Diff: 0.0, Sum: 0.2]
      [GC Worker Total (ms): Min: 312.3, Avg: 312.3, Max: 312.3, Diff: 0.0, Sum: 624.5]
      [GC Worker End (ms): Min: 27846645.3, Avg: 27846645.3, Max: 27846645.3, Diff: 0.0]
   [Code Root Fixup: 0.0 ms]
   [Clear CT: 0.7 ms]
   [Other: 8.4 ms]
      [Choose CSet: 0.3 ms]
      [Ref Proc: 4.2 ms]
      [Ref Enq: 0.1 ms]
      [Free CSet: 2.2 ms]
   [Eden: 951.0M(951.0M)->0.0B(961.0M) Survivors: 73.0M->63.0M Heap: 1864.0M(3072.0M)->906.5M(3072.0M)]
 [Times: user=0.63 sys=0.01, real=0.32 secs] 
27852.088: [GC pause (young)
Desired survivor size 67108864 bytes, new threshold 16 (max 32)
- age   1:   29427064 bytes,   29427064 total
- age   2:   19102896 bytes,   48529960 total
- age   3:   14487552 bytes,   63017512 total
, 0.4066550 secs]
   [Parallel Time: 398.2 ms, GC Workers: 2]
      [GC Worker Start (ms): Min: 27852088.6, Avg: 27852088.6, Max: 27852088.6, Diff: 0.0]
      [Ext Root Scanning (ms): Min: 53.6, Avg: 61.9, Max: 70.2, Diff: 16.6, Sum: 123.7]
      [Update RS (ms): Min: 40.5, Avg: 51.0, Max: 61.4, Diff: 20.9, Sum: 102.0]
         [Processed Buffers: Min: 125, Avg: 154.5, Max: 184, Diff: 59, Sum: 309]
      [Scan RS (ms): Min: 24.0, Avg: 24.0, Max: 24.0, Diff: 0.0, Sum: 47.9]
      [Object Copy (ms): Min: 259.0, Avg: 261.1, Max: 263.2, Diff: 4.3, Sum: 522.2]
      [Termination (ms): Min: 0.0, Avg: 0.0, Max: 0.0, Diff: 0.0, Sum: 0.0]
      [GC Worker Other (ms): Min: 0.1, Avg: 0.1, Max: 0.1, Diff: 0.0, Sum: 0.2]
      [GC Worker Total (ms): Min: 398.0, Avg: 398.0, Max: 398.0, Diff: 0.0, Sum: 796.1]
      [GC Worker End (ms): Min: 27852486.6, Avg: 27852486.6, Max: 27852486.6, Diff: 0.0]
   [Code Root Fixup: 0.0 ms]
   [Clear CT: 0.7 ms]
   [Other: 7.8 ms]
      [Choose CSet: 0.0 ms]
      [Ref Proc: 4.0 ms]
      [Ref Enq: 0.1 ms]
      [Free CSet: 2.5 ms]
   [Eden: 961.0M(961.0M)->0.0B(900.0M) Survivors: 63.0M->124.0M Heap: 1870.0M(3072.0M)->969.5M(3072.0M)]
 [Times: user=0.81 sys=0.00, real=0.40 secs] 
27857.420: [GC pause (young)
Desired survivor size 67108864 bytes, new threshold 1 (max 32)
- age   1:   77414552 bytes,   77414552 total
- age   2:   18211992 bytes,   95626544 total
- age   3:   16018400 bytes,  111644944 total
- age   4:   13040512 bytes,  124685456 total
, 0.6291680 secs]
   [Parallel Time: 617.7 ms, GC Workers: 2]
      [GC Worker Start (ms): Min: 27857421.3, Avg: 27857421.3, Max: 27857421.4, Diff: 0.0]
      [Ext Root Scanning (ms): Min: 60.7, Avg: 65.6, Max: 70.5, Diff: 9.8, Sum: 131.2]
      [Update RS (ms): Min: 14.9, Avg: 22.4, Max: 29.8, Diff: 14.9, Sum: 44.7]
         [Processed Buffers: Min: 113, Avg: 160.0, Max: 207, Diff: 94, Sum: 320]
      [Scan RS (ms): Min: 40.8, Avg: 40.9, Max: 40.9, Diff: 0.0, Sum: 81.7]
      [Object Copy (ms): Min: 486.0, Avg: 488.6, Max: 491.2, Diff: 5.2, Sum: 977.3]
      [Termination (ms): Min: 0.0, Avg: 0.0, Max: 0.0, Diff: 0.0, Sum: 0.0]
      [GC Worker Other (ms): Min: 0.1, Avg: 0.1, Max: 0.1, Diff: 0.0, Sum: 0.2]
      [GC Worker Total (ms): Min: 617.5, Avg: 617.5, Max: 617.6, Diff: 0.1, Sum: 1235.1]
      [GC Worker End (ms): Min: 27858038.9, Avg: 27858038.9, Max: 27858038.9, Diff: 0.0]
   [Code Root Fixup: 0.0 ms]
   [Clear CT: 1.2 ms]
   [Other: 10.3 ms]
      [Choose CSet: 0.0 ms]
      [Ref Proc: 3.6 ms]
      [Ref Enq: 0.1 ms]
      [Free CSet: 3.4 ms]
   [Eden: 900.0M(900.0M)->0.0B(916.0M) Survivors: 124.0M->108.0M Heap: 1922.4M(3072.0M)->1111.9M(3072.0M)]
 [Times: user=1.24 sys=0.00, real=0.63 secs] 
27862.853: [GC pause (young)
Desired survivor size 67108864 bytes, new threshold 1 (max 32)
- age   1:  109254912 bytes,  109254912 total
, 0.5314370 secs]
   [Parallel Time: 517.8 ms, GC Workers: 2]
      [GC Worker Start (ms): Min: 27862855.0, Avg: 27862855.0, Max: 27862855.0, Diff: 0.0]
      [Ext Root Scanning (ms): Min: 52.6, Avg: 60.4, Max: 68.2, Diff: 15.6, Sum: 120.8]
      [Update RS (ms): Min: 44.9, Avg: 55.0, Max: 65.0, Diff: 20.1, Sum: 110.0]
         [Processed Buffers: Min: 130, Avg: 141.0, Max: 152, Diff: 22, Sum: 282]
      [Scan RS (ms): Min: 78.4, Avg: 78.4, Max: 78.5, Diff: 0.1, Sum: 156.9]
      [Object Copy (ms): Min: 321.4, Avg: 323.8, Max: 326.1, Diff: 4.6, Sum: 647.5]
      [Termination (ms): Min: 0.0, Avg: 0.0, Max: 0.0, Diff: 0.0, Sum: 0.0]
      [GC Worker Other (ms): Min: 0.1, Avg: 0.1, Max: 0.1, Diff: 0.0, Sum: 0.2]
      [GC Worker Total (ms): Min: 517.6, Avg: 517.7, Max: 517.7, Diff: 0.0, Sum: 1035.3]
      [GC Worker End (ms): Min: 27863372.6, Avg: 27863372.7, Max: 27863372.7, Diff: 0.0]
   [Code Root Fixup: 0.0 ms]
   [Clear CT: 0.7 ms]
   [Other: 12.9 ms]
      [Choose CSet: 0.0 ms]
      [Ref Proc: 2.8 ms]
      [Ref Enq: 0.0 ms]
      [Free CSet: 5.7 ms]
   [Eden: 916.0M(916.0M)->0.0B(983.0M) Survivors: 108.0M->41.0M Heap: 2051.1M(3072.0M)->1162.1M(3072.0M)]
 [Times: user=1.05 sys=0.00, real=0.53 secs] 
27868.148: [GC pause (young)
Desired survivor size 67108864 bytes, new threshold 16 (max 32)
- age   1:   41673480 bytes,   41673480 total
, 0.3541240 secs]
   [Parallel Time: 343.5 ms, GC Workers: 2]
      [GC Worker Start (ms): Min: 27868149.6, Avg: 27868149.6, Max: 27868149.6, Diff: 0.0]
      [Ext Root Scanning (ms): Min: 51.2, Avg: 59.4, Max: 67.6, Diff: 16.4, Sum: 118.7]
      [Update RS (ms): Min: 28.2, Avg: 38.8, Max: 49.4, Diff: 21.1, Sum: 77.6]
         [Processed Buffers: Min: 120, Avg: 141.5, Max: 163, Diff: 43, Sum: 283]
      [Scan RS (ms): Min: 58.1, Avg: 58.1, Max: 58.2, Diff: 0.1, Sum: 116.3]
      [Object Copy (ms): Min: 184.6, Avg: 186.9, Max: 189.2, Diff: 4.7, Sum: 373.8]
      [Termination (ms): Min: 0.0, Avg: 0.0, Max: 0.0, Diff: 0.0, Sum: 0.0]
      [GC Worker Other (ms): Min: 0.1, Avg: 0.1, Max: 0.1, Diff: 0.0, Sum: 0.2]
      [GC Worker Total (ms): Min: 343.3, Avg: 343.3, Max: 343.3, Diff: 0.0, Sum: 686.6]
      [GC Worker End (ms): Min: 27868492.9, Avg: 27868492.9, Max: 27868492.9, Diff: 0.0]
   [Code Root Fixup: 0.0 ms]
   [Clear CT: 0.6 ms]
   [Other: 10.1 ms]
      [Choose CSet: 0.0 ms]
      [Ref Proc: 2.9 ms]
      [Ref Enq: 0.1 ms]
      [Free CSet: 4.6 ms]
   [Eden: 983.0M(983.0M)->0.0B(950.0M) Survivors: 41.0M->74.0M Heap: 2151.1M(3072.0M)->1201.6M(3072.0M)]
 [Times: user=0.70 sys=0.00, real=0.36 secs] 
27873.555: [GC pause (young)
Desired survivor size 67108864 bytes, new threshold 2 (max 32)
- age   1:   39039264 bytes,   39039264 total
- age   2:   36563336 bytes,   75602600 total
, 0.4358130 secs]
   [Parallel Time: 423.7 ms, GC Workers: 2]
      [GC Worker Start (ms): Min: 27873557.0, Avg: 27873557.0, Max: 27873557.0, Diff: 0.0]
      [Ext Root Scanning (ms): Min: 53.6, Avg: 61.5, Max: 69.5, Diff: 16.0, Sum: 123.1]
      [Update RS (ms): Min: 22.1, Avg: 32.6, Max: 43.1, Diff: 21.0, Sum: 65.1]
         [Processed Buffers: Min: 142, Avg: 160.0, Max: 178, Diff: 36, Sum: 320]
      [Scan RS (ms): Min: 71.3, Avg: 71.4, Max: 71.5, Diff: 0.2, Sum: 142.8]
      [Object Copy (ms): Min: 255.2, Avg: 257.9, Max: 260.6, Diff: 5.4, Sum: 515.8]
      [Termination (ms): Min: 0.0, Avg: 0.0, Max: 0.0, Diff: 0.0, Sum: 0.0]
      [GC Worker Other (ms): Min: 0.1, Avg: 0.1, Max: 0.2, Diff: 0.1, Sum: 0.3]
      [GC Worker Total (ms): Min: 423.5, Avg: 423.5, Max: 423.5, Diff: 0.0, Sum: 847.1]
      [GC Worker End (ms): Min: 27873980.5, Avg: 27873980.5, Max: 27873980.5, Diff: 0.0]
   [Code Root Fixup: 0.0 ms]
   [Clear CT: 1.6 ms]
   [Other: 10.5 ms]
      [Choose CSet: 0.0 ms]
      [Ref Proc: 2.9 ms]
      [Ref Enq: 0.0 ms]
      [Free CSet: 4.9 ms]
   [Eden: 950.0M(950.0M)->0.0B(948.0M) Survivors: 74.0M->76.0M Heap: 2193.5M(3072.0M)->1278.5M(3072.0M)]
 [Times: user=0.86 sys=0.00, real=0.43 secs] 
27879.737: [GC pause (young)
Desired survivor size 67108864 bytes, new threshold 2 (max 32)
- age   1:   44021560 bytes,   44021560 total
- age   2:   33023480 bytes,   77045040 total
, 0.4570750 secs]
   [Parallel Time: 444.1 ms, GC Workers: 2]
      [GC Worker Start (ms): Min: 27879738.8, Avg: 27879738.9, Max: 27879738.9, Diff: 0.0]
      [Ext Root Scanning (ms): Min: 55.5, Avg: 61.4, Max: 67.3, Diff: 11.8, Sum: 122.8]
      [Update RS (ms): Min: 52.2, Avg: 60.4, Max: 68.5, Diff: 16.3, Sum: 120.7]
         [Processed Buffers: Min: 96, Avg: 140.5, Max: 185, Diff: 89, Sum: 281]
      [Scan RS (ms): Min: 72.9, Avg: 72.9, Max: 72.9, Diff: 0.0, Sum: 145.7]
      [Object Copy (ms): Min: 247.0, Avg: 249.3, Max: 251.6, Diff: 4.6, Sum: 498.6]
      [Termination (ms): Min: 0.0, Avg: 0.0, Max: 0.0, Diff: 0.0, Sum: 0.0]
      [GC Worker Other (ms): Min: 0.1, Avg: 0.1, Max: 0.1, Diff: 0.0, Sum: 0.2]
      [GC Worker Total (ms): Min: 444.0, Avg: 444.0, Max: 444.1, Diff: 0.0, Sum: 888.1]
      [GC Worker End (ms): Min: 27880182.9, Avg: 27880182.9, Max: 27880182.9, Diff: 0.0]
   [Code Root Fixup: 0.0 ms]
   [Clear CT: 0.7 ms]
   [Other: 12.2 ms]
      [Choose CSet: 0.0 ms]
      [Ref Proc: 4.5 ms]
      [Ref Enq: 0.1 ms]
      [Free CSet: 5.0 ms]
   [Eden: 948.0M(948.0M)->0.0B(950.0M) Survivors: 76.0M->74.0M Heap: 2229.5M(3072.0M)->1308.5M(3072.0M)]
 [Times: user=0.90 sys=0.00, real=0.46 secs] 
27883.828: [GC pause (young)
Desired survivor size 67108864 bytes, new threshold 2 (max 32)
- age   1:   40368656 bytes,   40368656 total
- age   2:   34204664 bytes,   74573320 total
, 0.3873040 secs]
   [Parallel Time: 379.1 ms, GC Workers: 2]
      [GC Worker Start (ms): Min: 27883829.2, Avg: 27883829.2, Max: 27883829.3, Diff: 0.0]
      [Ext Root Scanning (ms): Min: 58.8, Avg: 65.3, Max: 71.8, Diff: 13.0, Sum: 130.5]
      [Update RS (ms): Min: 21.9, Avg: 30.6, Max: 39.4, Diff: 17.4, Sum: 61.3]
         [Processed Buffers: Min: 143, Avg: 153.5, Max: 164, Diff: 21, Sum: 307]
      [Scan RS (ms): Min: 62.7, Avg: 62.8, Max: 62.9, Diff: 0.2, Sum: 125.6]
      [Object Copy (ms): Min: 218.1, Avg: 220.2, Max: 222.3, Diff: 4.2, Sum: 440.4]
      [Termination (ms): Min: 0.0, Avg: 0.0, Max: 0.0, Diff: 0.0, Sum: 0.0]
      [GC Worker Other (ms): Min: 0.1, Avg: 0.1, Max: 0.1, Diff: 0.0, Sum: 0.2]
      [GC Worker Total (ms): Min: 379.0, Avg: 379.0, Max: 379.0, Diff: 0.0, Sum: 758.0]
      [GC Worker End (ms): Min: 27884208.2, Avg: 27884208.2, Max: 27884208.2, Diff: 0.0]
   [Code Root Fixup: 0.0 ms]
   [Clear CT: 0.6 ms]
   [Other: 7.6 ms]
      [Choose CSet: 0.0 ms]
      [Ref Proc: 1.8 ms]
      [Ref Enq: 0.0 ms]
      [Free CSet: 3.6 ms]
   [Eden: 615.0M(950.0M)->0.0B(955.0M) Survivors: 74.0M->69.0M Heap: 1958.4M(3072.0M)->1369.7M(3072.0M)]
 [Times: user=0.77 sys=0.00, real=0.39 secs] 
27884.231: [GC pause (young) (initial-mark)
Desired survivor size 67108864 bytes, new threshold 2 (max 32)
- age   1:   31824552 bytes,   31824552 total
- age   2:   38365808 bytes,   70190360 total
, 0.3958420 secs]
   [Parallel Time: 393.3 ms, GC Workers: 2]
      [GC Worker Start (ms): Min: 27884231.6, Avg: 27884231.8, Max: 27884232.1, Diff: 0.4]
      [Ext Root Scanning (ms): Min: 51.5, Avg: 64.1, Max: 76.6, Diff: 25.1, Sum: 128.2]
      [Update RS (ms): Min: 149.0, Avg: 161.9, Max: 174.7, Diff: 25.7, Sum: 323.7]
         [Processed Buffers: Min: 234, Avg: 280.5, Max: 327, Diff: 93, Sum: 561]
      [Scan RS (ms): Min: 1.9, Avg: 1.9, Max: 1.9, Diff: 0.0, Sum: 3.8]
      [Object Copy (ms): Min: 164.2, Avg: 164.8, Max: 165.4, Diff: 1.2, Sum: 329.6]
      [Termination (ms): Min: 0.0, Avg: 0.0, Max: 0.0, Diff: 0.0, Sum: 0.0]
      [GC Worker Other (ms): Min: 0.1, Avg: 0.1, Max: 0.1, Diff: 0.0, Sum: 0.2]
      [GC Worker Total (ms): Min: 392.5, Avg: 392.7, Max: 393.0, Diff: 0.5, Sum: 785.4]
      [GC Worker End (ms): Min: 27884624.5, Avg: 27884624.5, Max: 27884624.6, Diff: 0.0]
   [Code Root Fixup: 0.0 ms]
   [Clear CT: 0.1 ms]
   [Other: 2.5 ms]
      [Choose CSet: 0.0 ms]
      [Ref Proc: 0.2 ms]
      [Ref Enq: 0.0 ms]
      [Free CSet: 0.2 ms]
   [Eden: 3072.0K(955.0M)->0.0B(993.0M) Survivors: 69.0M->31.0M Heap: 1380.7M(3072.0M)->1377.2M(3072.0M)]
 [Times: user=0.78 sys=0.00, real=0.40 secs] 
27884.627: [GC concurrent-root-region-scan-start]
27884.709: [GC concurrent-root-region-scan-end, 0.0817350 secs]
27884.709: [GC concurrent-mark-start]
27887.093: [GC concurrent-mark-end, 2.3845670 secs]
27887.096: [GC remark 27887.097: [GC ref-proc, 0.4725360 secs], 0.5443160 secs]
 [Times: user=0.55 sys=0.00, real=0.54 secs] 
27887.642: [GC cleanup 1758M->1468M(3072M), 0.0249950 secs]
 [Times: user=0.05 sys=0.00, real=0.03 secs] 
27887.668: [GC concurrent-cleanup-start]
27887.669: [GC concurrent-cleanup-end, 0.0007450 secs]
27890.772: [GC pause (young)
Desired survivor size 67108864 bytes, new threshold 16 (max 32)
- age   1:     343896 bytes,     343896 total
- age   2:   31487176 bytes,   31831072 total
, 0.3927960 secs]
   [Parallel Time: 382.8 ms, GC Workers: 2]
      [GC Worker Start (ms): Min: 27890773.3, Avg: 27890773.3, Max: 27890773.3, Diff: 0.0]
      [Ext Root Scanning (ms): Min: 53.6, Avg: 61.1, Max: 68.7, Diff: 15.2, Sum: 122.3]
      [Update RS (ms): Min: 55.9, Avg: 65.7, Max: 75.5, Diff: 19.5, Sum: 131.4]
         [Processed Buffers: Min: 104, Avg: 151.5, Max: 199, Diff: 95, Sum: 303]
      [Scan RS (ms): Min: 53.5, Avg: 53.5, Max: 53.5, Diff: 0.0, Sum: 107.0]
      [Object Copy (ms): Min: 200.0, Avg: 202.2, Max: 204.4, Diff: 4.4, Sum: 404.4]
      [Termination (ms): Min: 0.0, Avg: 0.0, Max: 0.0, Diff: 0.0, Sum: 0.0]
      [GC Worker Other (ms): Min: 0.1, Avg: 0.1, Max: 0.1, Diff: 0.1, Sum: 0.2]
      [GC Worker Total (ms): Min: 382.7, Avg: 382.7, Max: 382.7, Diff: 0.0, Sum: 765.4]
      [GC Worker End (ms): Min: 27891156.0, Avg: 27891156.0, Max: 27891156.0, Diff: 0.0]
   [Code Root Fixup: 0.0 ms]
   [Clear CT: 0.7 ms]
   [Other: 9.3 ms]
      [Choose CSet: 0.0 ms]
      [Ref Proc: 3.1 ms]
      [Ref Enq: 0.0 ms]
      [Free CSet: 3.9 ms]
   [Eden: 993.0M(993.0M)->0.0B(939.0M) Survivors: 31.0M->85.0M Heap: 2115.7M(3072.0M)->1176.2M(3072.0M)]
 [Times: user=0.78 sys=0.00, real=0.40 secs] 
27895.800: [GC pause (mixed)
Desired survivor size 67108864 bytes, new threshold 3 (max 32)
- age   1:   63288920 bytes,   63288920 total
- age   2:       8072 bytes,   63296992 total
- age   3:   23302712 bytes,   86599704 total
, 0.5320010 secs]
   [Parallel Time: 518.9 ms, GC Workers: 2]
      [GC Worker Start (ms): Min: 27895802.2, Avg: 27895802.2, Max: 27895802.2, Diff: 0.0]
      [Ext Root Scanning (ms): Min: 53.3, Avg: 60.8, Max: 68.4, Diff: 15.1, Sum: 121.6]
      [Update RS (ms): Min: 48.2, Avg: 57.8, Max: 67.5, Diff: 19.4, Sum: 115.7]
         [Processed Buffers: Min: 140, Avg: 145.5, Max: 151, Diff: 11, Sum: 291]
      [Scan RS (ms): Min: 84.1, Avg: 84.1, Max: 84.1, Diff: 0.0, Sum: 168.2]
      [Object Copy (ms): Min: 313.7, Avg: 315.9, Max: 318.1, Diff: 4.4, Sum: 631.8]
      [Termination (ms): Min: 0.0, Avg: 0.0, Max: 0.0, Diff: 0.0, Sum: 0.0]
      [GC Worker Other (ms): Min: 0.1, Avg: 0.1, Max: 0.1, Diff: 0.0, Sum: 0.2]
      [GC Worker Total (ms): Min: 518.8, Avg: 518.8, Max: 518.8, Diff: 0.0, Sum: 1037.6]
      [GC Worker End (ms): Min: 27896321.0, Avg: 27896321.0, Max: 27896321.0, Diff: 0.0]
   [Code Root Fixup: 0.0 ms]
   [Clear CT: 0.9 ms]
   [Other: 12.2 ms]
      [Choose CSet: 0.4 ms]
      [Ref Proc: 4.0 ms]
      [Ref Enq: 0.1 ms]
      [Free CSet: 4.9 ms]
   [Eden: 939.0M(939.0M)->0.0B(916.0M) Survivors: 85.0M->108.0M Heap: 2127.7M(3072.0M)->1166.7M(3072.0M)]
 [Times: user=1.05 sys=0.00, real=0.53 secs] 
27901.164: [GC pause (mixed)
Desired survivor size 67108864 bytes, new threshold 1 (max 32)
- age   1:   71212816 bytes,   71212816 total
- age   2:   39936096 bytes,  111148912 total
- age   3:       7968 bytes,  111156880 total
, 0.5083290 secs]
   [Parallel Time: 495.3 ms, GC Workers: 2]
      [GC Worker Start (ms): Min: 27901165.7, Avg: 27901165.8, Max: 27901165.8, Diff: 0.0]
      [Ext Root Scanning (ms): Min: 53.1, Avg: 61.4, Max: 69.8, Diff: 16.7, Sum: 122.9]
      [Update RS (ms): Min: 42.6, Avg: 53.1, Max: 63.7, Diff: 21.1, Sum: 106.3]
         [Processed Buffers: Min: 138, Avg: 146.5, Max: 155, Diff: 17, Sum: 293]
      [Scan RS (ms): Min: 80.9, Avg: 81.0, Max: 81.1, Diff: 0.2, Sum: 162.0]
      [Object Copy (ms): Min: 297.2, Avg: 299.5, Max: 301.8, Diff: 4.6, Sum: 599.0]
      [Termination (ms): Min: 0.0, Avg: 0.0, Max: 0.0, Diff: 0.0, Sum: 0.0]
      [GC Worker Other (ms): Min: 0.1, Avg: 0.1, Max: 0.2, Diff: 0.1, Sum: 0.3]
      [GC Worker Total (ms): Min: 495.2, Avg: 495.2, Max: 495.2, Diff: 0.1, Sum: 990.4]
      [GC Worker End (ms): Min: 27901661.0, Avg: 27901661.0, Max: 27901661.0, Diff: 0.0]
   [Code Root Fixup: 0.0 ms]
   [Clear CT: 1.0 ms]
   [Other: 12.0 ms]
      [Choose CSet: 0.7 ms]
      [Ref Proc: 3.5 ms]
      [Ref Enq: 0.1 ms]
      [Free CSet: 4.9 ms]
   [Eden: 916.0M(916.0M)->0.0B(960.0M) Survivors: 108.0M->64.0M Heap: 2123.6M(3072.0M)->1183.6M(3072.0M)]
 [Times: user=1.00 sys=0.00, real=0.51 secs] 
27906.407: [GC pause (young)
Desired survivor size 67108864 bytes, new threshold 16 (max 32)
- age   1:   63798896 bytes,   63798896 total
, 0.5077100 secs]
   [Parallel Time: 497.4 ms, GC Workers: 2]
      [GC Worker Start (ms): Min: 27906408.3, Avg: 27906408.3, Max: 27906408.3, Diff: 0.0]
      [Ext Root Scanning (ms): Min: 51.0, Avg: 62.1, Max: 73.2, Diff: 22.2, Sum: 124.2]
      [Update RS (ms): Min: 40.0, Avg: 49.8, Max: 59.7, Diff: 19.7, Sum: 99.7]
         [Processed Buffers: Min: 152, Avg: 154.0, Max: 156, Diff: 4, Sum: 308]
      [Scan RS (ms): Min: 54.5, Avg: 54.6, Max: 54.6, Diff: 0.1, Sum: 109.2]
      [Object Copy (ms): Min: 329.3, Avg: 330.7, Max: 332.0, Diff: 2.7, Sum: 661.4]
      [Termination (ms): Min: 0.0, Avg: 0.0, Max: 0.0, Diff: 0.0, Sum: 0.0]
      [GC Worker Other (ms): Min: 0.1, Avg: 0.1, Max: 0.1, Diff: 0.0, Sum: 0.2]
      [GC Worker Total (ms): Min: 497.3, Avg: 497.3, Max: 497.3, Diff: 0.0, Sum: 994.6]
      [GC Worker End (ms): Min: 27906905.6, Avg: 27906905.6, Max: 27906905.6, Diff: 0.0]
   [Code Root Fixup: 0.0 ms]
   [Clear CT: 0.6 ms]
   [Other: 9.7 ms]
      [Choose CSet: 0.0 ms]
      [Ref Proc: 3.5 ms]
      [Ref Enq: 0.1 ms]
      [Free CSet: 3.7 ms]
   [Eden: 960.0M(960.0M)->0.0B(896.0M) Survivors: 64.0M->128.0M Heap: 2165.8M(3072.0M)->1279.8M(3072.0M)]
 [Times: user=1.01 sys=0.00, real=0.51 secs] 
27911.558: [GC pause (young)
Desired survivor size 67108864 bytes, new threshold 1 (max 32)
- age   1:   96235472 bytes,   96235472 total
- age   2:   44395832 bytes,  140631304 total
, 0.5406020 secs]
   [Parallel Time: 527.5 ms, GC Workers: 2]
      [GC Worker Start (ms): Min: 27911559.2, Avg: 27911559.2, Max: 27911559.2, Diff: 0.0]
      [Ext Root Scanning (ms): Min: 53.7, Avg: 62.4, Max: 71.1, Diff: 17.4, Sum: 124.8]
      [Update RS (ms): Min: 45.1, Avg: 56.2, Max: 67.3, Diff: 22.3, Sum: 112.4]
         [Processed Buffers: Min: 70, Avg: 146.5, Max: 223, Diff: 153, Sum: 293]
      [Scan RS (ms): Min: 86.5, Avg: 86.6, Max: 86.8, Diff: 0.2, Sum: 173.3]
      [Object Copy (ms): Min: 319.7, Avg: 322.0, Max: 324.3, Diff: 4.6, Sum: 644.0]
      [Termination (ms): Min: 0.0, Avg: 0.0, Max: 0.0, Diff: 0.0, Sum: 0.0]
      [GC Worker Other (ms): Min: 0.1, Avg: 0.1, Max: 0.1, Diff: 0.0, Sum: 0.2]
      [GC Worker Total (ms): Min: 527.3, Avg: 527.3, Max: 527.4, Diff: 0.0, Sum: 1054.7]
      [GC Worker End (ms): Min: 27912086.5, Avg: 27912086.6, Max: 27912086.6, Diff: 0.0]
   [Code Root Fixup: 0.0 ms]
   [Clear CT: 0.7 ms]
   [Other: 12.4 ms]
      [Choose CSet: 0.0 ms]
      [Ref Proc: 4.3 ms]
      [Ref Enq: 0.1 ms]
      [Free CSet: 4.6 ms]
   [Eden: 896.0M(896.0M)->0.0B(979.0M) Survivors: 128.0M->45.0M Heap: 2190.1M(3072.0M)->1303.6M(3072.0M)]
 [Times: user=1.06 sys=0.00, real=0.55 secs] 
27917.477: [GC pause (young)
Desired survivor size 67108864 bytes, new threshold 16 (max 32)
- age   1:   44179552 bytes,   44179552 total
, 0.3965810 secs]
   [Parallel Time: 382.1 ms, GC Workers: 2]
      [GC Worker Start (ms): Min: 27917479.2, Avg: 27917479.2, Max: 27917479.2, Diff: 0.0]
      [Ext Root Scanning (ms): Min: 55.2, Avg: 64.3, Max: 73.4, Diff: 18.3, Sum: 128.6]
      [Update RS (ms): Min: 46.6, Avg: 57.9, Max: 69.3, Diff: 22.7, Sum: 115.9]
         [Processed Buffers: Min: 143, Avg: 158.5, Max: 174, Diff: 31, Sum: 317]
      [Scan RS (ms): Min: 70.9, Avg: 71.0, Max: 71.0, Diff: 0.2, Sum: 141.9]
      [Object Copy (ms): Min: 186.1, Avg: 188.4, Max: 190.7, Diff: 4.7, Sum: 376.8]
      [Termination (ms): Min: 0.0, Avg: 0.0, Max: 0.0, Diff: 0.0, Sum: 0.0]
      [GC Worker Other (ms): Min: 0.1, Avg: 0.1, Max: 0.1, Diff: 0.0, Sum: 0.2]
      [GC Worker Total (ms): Min: 381.7, Avg: 381.7, Max: 381.7, Diff: 0.0, Sum: 763.4]
      [GC Worker End (ms): Min: 27917860.9, Avg: 27917860.9, Max: 27917860.9, Diff: 0.0]
   [Code Root Fixup: 0.0 ms]
   [Clear CT: 1.0 ms]
   [Other: 13.5 ms]
      [Choose CSet: 0.0 ms]
      [Ref Proc: 6.2 ms]
      [Ref Enq: 0.1 ms]
      [Free CSet: 4.5 ms]
   [Eden: 979.0M(979.0M)->0.0B(946.0M) Survivors: 45.0M->78.0M Heap: 2308.1M(3072.0M)->1362.1M(3072.0M)]
 [Times: user=0.77 sys=0.01, real=0.40 secs] 
27918.894: [GC pause (young) (initial-mark)
Desired survivor size 67108864 bytes, new threshold 2 (max 32)
- age   1:   40893344 bytes,   40893344 total
- age   2:   36563648 bytes,   77456992 total
, 0.3073470 secs]
   [Parallel Time: 302.1 ms, GC Workers: 2]
      [GC Worker Start (ms): Min: 27918895.6, Avg: 27918895.6, Max: 27918895.6, Diff: 0.0]
      [Ext Root Scanning (ms): Min: 49.8, Avg: 62.8, Max: 75.8, Diff: 26.0, Sum: 125.6]
      [Update RS (ms): Min: 1.9, Avg: 15.2, Max: 28.6, Diff: 26.8, Sum: 30.5]
         [Processed Buffers: Min: 102, Avg: 131.0, Max: 160, Diff: 58, Sum: 262]
      [Scan RS (ms): Min: 42.8, Avg: 42.9, Max: 42.9, Diff: 0.1, Sum: 85.7]
      [Object Copy (ms): Min: 180.7, Avg: 181.0, Max: 181.4, Diff: 0.7, Sum: 362.1]
      [Termination (ms): Min: 0.0, Avg: 0.0, Max: 0.0, Diff: 0.0, Sum: 0.0]
      [GC Worker Other (ms): Min: 0.1, Avg: 0.1, Max: 0.1, Diff: 0.0, Sum: 0.2]
      [GC Worker Total (ms): Min: 302.0, Avg: 302.0, Max: 302.0, Diff: 0.0, Sum: 604.0]
      [GC Worker End (ms): Min: 27919197.6, Avg: 27919197.6, Max: 27919197.6, Diff: 0.0]
   [Code Root Fixup: 0.0 ms]
   [Clear CT: 0.6 ms]
   [Other: 4.6 ms]
      [Choose CSet: 0.0 ms]
      [Ref Proc: 1.2 ms]
      [Ref Enq: 0.0 ms]
      [Free CSet: 1.2 ms]
   [Eden: 167.0M(946.0M)->0.0B(970.0M) Survivors: 78.0M->54.0M Heap: 1538.6M(3072.0M)->1378.1M(3072.0M)]
 [Times: user=0.61 sys=0.00, real=0.31 secs] 
27919.202: [GC concurrent-root-region-scan-start]
27919.452: [GC concurrent-root-region-scan-end, 0.2495540 secs]
27919.452: [GC concurrent-mark-start]
27922.051: [GC concurrent-mark-end, 2.5992770 secs]
27922.052: [GC remark 27922.053: [GC ref-proc, 0.0234780 secs], 0.0926660 secs]
 [Times: user=0.09 sys=0.00, real=0.09 secs] 
27922.147: [GC cleanup 1759M->1543M(3072M), 0.0273550 secs]
 [Times: user=0.06 sys=0.00, real=0.03 secs] 
27922.175: [GC concurrent-cleanup-start]
27922.175: [GC concurrent-cleanup-end, 0.0006130 secs]
27927.019: [GC pause (young)
Desired survivor size 67108864 bytes, new threshold 16 (max 32)
- age   1:   22517208 bytes,   22517208 total
- age   2:   31195632 bytes,   53712840 total
, 0.3626730 secs]
   [Parallel Time: 345.3 ms, GC Workers: 2]
      [GC Worker Start (ms): Min: 27927020.5, Avg: 27927020.5, Max: 27927020.5, Diff: 0.0]
      [Ext Root Scanning (ms): Min: 54.7, Avg: 61.3, Max: 67.9, Diff: 13.2, Sum: 122.5]
      [Update RS (ms): Min: 21.2, Avg: 30.2, Max: 39.1, Diff: 17.9, Sum: 60.3]
         [Processed Buffers: Min: 140, Avg: 154.5, Max: 169, Diff: 29, Sum: 309]
      [Scan RS (ms): Min: 43.5, Avg: 43.6, Max: 43.7, Diff: 0.2, Sum: 87.1]
      [Object Copy (ms): Min: 207.9, Avg: 210.1, Max: 212.3, Diff: 4.4, Sum: 420.2]
      [Termination (ms): Min: 0.0, Avg: 0.0, Max: 0.0, Diff: 0.0, Sum: 0.0]
      [GC Worker Other (ms): Min: 0.1, Avg: 0.1, Max: 0.1, Diff: 0.0, Sum: 0.2]
      [GC Worker Total (ms): Min: 345.2, Avg: 345.2, Max: 345.2, Diff: 0.0, Sum: 690.4]
      [GC Worker End (ms): Min: 27927365.7, Avg: 27927365.7, Max: 27927365.7, Diff: 0.0]
   [Code Root Fixup: 0.0 ms]
   [Clear CT: 0.8 ms]
   [Other: 16.6 ms]
      [Choose CSet: 0.0 ms]
      [Ref Proc: 10.1 ms]
      [Ref Enq: 0.1 ms]
      [Free CSet: 3.2 ms]
   [Eden: 970.0M(970.0M)->0.0B(917.0M) Survivors: 54.0M->107.0M Heap: 2219.6M(3072.0M)->1302.6M(3072.0M)]
 [Times: user=0.71 sys=0.01, real=0.37 secs] 
27931.830: [GC pause (mixed)
Desired survivor size 67108864 bytes, new threshold 1 (max 32)
- age   1:   74031680 bytes,   74031680 total
- age   2:    3015480 bytes,   77047160 total
- age   3:   28324064 bytes,  105371224 total
, 0.3208200 secs]
   [Parallel Time: 310.2 ms, GC Workers: 2]
      [GC Worker Start (ms): Min: 27931831.6, Avg: 27931831.6, Max: 27931831.7, Diff: 0.0]
      [Ext Root Scanning (ms): Min: 50.0, Avg: 62.2, Max: 74.4, Diff: 24.3, Sum: 124.4]
      [Update RS (ms): Min: 26.2, Avg: 36.9, Max: 47.7, Diff: 21.5, Sum: 73.9]
         [Processed Buffers: Min: 140, Avg: 141.0, Max: 142, Diff: 2, Sum: 282]
      [Scan RS (ms): Min: 57.1, Avg: 57.2, Max: 57.2, Diff: 0.1, Sum: 114.4]
      [Object Copy (ms): Min: 152.3, Avg: 153.6, Max: 154.9, Diff: 2.6, Sum: 307.2]
      [Termination (ms): Min: 0.0, Avg: 0.0, Max: 0.0, Diff: 0.0, Sum: 0.0]
      [GC Worker Other (ms): Min: 0.1, Avg: 0.1, Max: 0.1, Diff: 0.0, Sum: 0.2]
      [GC Worker Total (ms): Min: 310.0, Avg: 310.1, Max: 310.1, Diff: 0.1, Sum: 620.1]
      [GC Worker End (ms): Min: 27932141.7, Avg: 27932141.7, Max: 27932141.7, Diff: 0.0]
   [Code Root Fixup: 0.0 ms]
   [Clear CT: 1.0 ms]
   [Other: 9.6 ms]
      [Choose CSet: 0.8 ms]
      [Ref Proc: 3.0 ms]
      [Ref Enq: 0.0 ms]
      [Free CSet: 3.7 ms]
   [Eden: 917.0M(917.0M)->0.0B(998.0M) Survivors: 107.0M->26.0M Heap: 2240.8M(3072.0M)->1203.3M(3072.0M)]
 [Times: user=0.63 sys=0.01, real=0.32 secs] 
27939.277: [GC pause (mixed)
Desired survivor size 67108864 bytes, new threshold 16 (max 32)
- age   1:   25132936 bytes,   25132936 total
, 0.3508730 secs]
   [Parallel Time: 332.3 ms, GC Workers: 2]
      [GC Worker Start (ms): Min: 27939280.3, Avg: 27939280.3, Max: 27939280.3, Diff: 0.0]
      [Ext Root Scanning (ms): Min: 52.4, Avg: 59.6, Max: 66.9, Diff: 14.5, Sum: 119.2]
      [Update RS (ms): Min: 31.0, Avg: 41.0, Max: 51.0, Diff: 20.0, Sum: 82.0]
         [Processed Buffers: Min: 158, Avg: 167.5, Max: 177, Diff: 19, Sum: 335]
      [Scan RS (ms): Min: 85.4, Avg: 85.4, Max: 85.4, Diff: 0.0, Sum: 170.9]
      [Object Copy (ms): Min: 143.3, Avg: 146.0, Max: 148.7, Diff: 5.4, Sum: 292.1]
      [Termination (ms): Min: 0.0, Avg: 0.0, Max: 0.0, Diff: 0.0, Sum: 0.0]
      [GC Worker Other (ms): Min: 0.1, Avg: 0.1, Max: 0.1, Diff: 0.0, Sum: 0.2]
      [GC Worker Total (ms): Min: 332.1, Avg: 332.2, Max: 332.2, Diff: 0.1, Sum: 664.3]
      [GC Worker End (ms): Min: 27939612.5, Avg: 27939612.5, Max: 27939612.5, Diff: 0.0]
   [Code Root Fixup: 0.0 ms]
   [Clear CT: 1.1 ms]
   [Other: 17.4 ms]
      [Choose CSet: 1.7 ms]
      [Ref Proc: 8.2 ms]
      [Ref Enq: 0.1 ms]
      [Free CSet: 5.1 ms]
   [Eden: 998.0M(998.0M)->0.0B(976.0M) Survivors: 26.0M->48.0M Heap: 2203.8M(3072.0M)->1114.3M(3072.0M)]
 [Times: user=0.68 sys=0.00, real=0.35 secs] 
27945.078: [GC pause (young)
Desired survivor size 67108864 bytes, new threshold 16 (max 32)
- age   1:   33534456 bytes,   33534456 total
- age   2:   12851736 bytes,   46386192 total
, 0.2717000 secs]
   [Parallel Time: 259.9 ms, GC Workers: 2]
      [GC Worker Start (ms): Min: 27945079.7, Avg: 27945079.7, Max: 27945079.8, Diff: 0.0]
      [Ext Root Scanning (ms): Min: 51.4, Avg: 61.7, Max: 72.0, Diff: 20.7, Sum: 123.4]
      [Update RS (ms): Min: 25.5, Avg: 34.4, Max: 43.4, Diff: 17.9, Sum: 68.9]
         [Processed Buffers: Min: 149, Avg: 149.0, Max: 149, Diff: 0, Sum: 298]
      [Scan RS (ms): Min: 26.0, Avg: 26.0, Max: 26.0, Diff: 0.1, Sum: 52.0]
      [Object Copy (ms): Min: 136.2, Avg: 137.6, Max: 139.0, Diff: 2.9, Sum: 275.2]
      [Termination (ms): Min: 0.0, Avg: 0.0, Max: 0.0, Diff: 0.0, Sum: 0.0]
      [GC Worker Other (ms): Min: 0.1, Avg: 0.1, Max: 0.1, Diff: 0.0, Sum: 0.2]
      [GC Worker Total (ms): Min: 259.8, Avg: 259.8, Max: 259.8, Diff: 0.0, Sum: 519.6]
      [GC Worker End (ms): Min: 27945339.6, Avg: 27945339.6, Max: 27945339.6, Diff: 0.0]
   [Code Root Fixup: 0.0 ms]
   [Clear CT: 1.0 ms]
   [Other: 10.8 ms]
      [Choose CSet: 0.0 ms]
      [Ref Proc: 6.0 ms]
      [Ref Enq: 0.1 ms]
      [Free CSet: 3.0 ms]
   [Eden: 976.0M(976.0M)->0.0B(958.0M) Survivors: 48.0M->66.0M Heap: 2118.8M(3072.0M)->1160.8M(3072.0M)]
 [Times: user=0.53 sys=0.01, real=0.27 secs] 
27951.351: [GC pause (young)
Desired survivor size 67108864 bytes, new threshold 16 (max 32)
- age   1:   34824520 bytes,   34824520 total
- age   2:   21353280 bytes,   56177800 total
- age   3:   10372112 bytes,   66549912 total
, 0.3172220 secs]
   [Parallel Time: 302.1 ms, GC Workers: 2]
      [GC Worker Start (ms): Min: 27951352.3, Avg: 27951352.3, Max: 27951352.3, Diff: 0.0]
      [Ext Root Scanning (ms): Min: 58.5, Avg: 66.0, Max: 73.5, Diff: 15.0, Sum: 131.9]
      [Update RS (ms): Min: 28.7, Avg: 38.6, Max: 48.5, Diff: 19.9, Sum: 77.2]
         [Processed Buffers: Min: 112, Avg: 161.0, Max: 210, Diff: 98, Sum: 322]
      [Scan RS (ms): Min: 30.9, Avg: 31.0, Max: 31.0, Diff: 0.1, Sum: 62.0]
      [Object Copy (ms): Min: 163.9, Avg: 166.4, Max: 168.8, Diff: 4.9, Sum: 332.8]
      [Termination (ms): Min: 0.0, Avg: 0.0, Max: 0.0, Diff: 0.0, Sum: 0.0]
      [GC Worker Other (ms): Min: 0.1, Avg: 0.1, Max: 0.1, Diff: 0.0, Sum: 0.2]
      [GC Worker Total (ms): Min: 302.0, Avg: 302.0, Max: 302.0, Diff: 0.0, Sum: 604.1]
      [GC Worker End (ms): Min: 27951654.3, Avg: 27951654.3, Max: 27951654.3, Diff: 0.0]
   [Code Root Fixup: 0.0 ms]
   [Clear CT: 0.6 ms]
   [Other: 14.5 ms]
      [Choose CSet: 0.0 ms]
      [Ref Proc: 9.3 ms]
      [Ref Enq: 0.2 ms]
      [Free CSet: 3.1 ms]
   [Eden: 958.0M(958.0M)->0.0B(942.0M) Survivors: 66.0M->82.0M Heap: 2138.5M(3072.0M)->1196.5M(3072.0M)]
 [Times: user=0.62 sys=0.00, real=0.32 secs] 
27958.112: [GC pause (young)
Desired survivor size 67108864 bytes, new threshold 3 (max 32)
- age   1:   35725936 bytes,   35725936 total
- age   2:   20121632 bytes,   55847568 total
- age   3:   17741600 bytes,   73589168 total
- age   4:    8854288 bytes,   82443456 total
, 0.3271580 secs]
   [Parallel Time: 315.0 ms, GC Workers: 2]
      [GC Worker Start (ms): Min: 27958113.3, Avg: 27958113.3, Max: 27958113.3, Diff: 0.0]
      [Ext Root Scanning (ms): Min: 50.9, Avg: 61.7, Max: 72.5, Diff: 21.5, Sum: 123.4]
      [Update RS (ms): Min: 26.7, Avg: 35.8, Max: 44.9, Diff: 18.2, Sum: 71.6]
         [Processed Buffers: Min: 82, Avg: 146.5, Max: 211, Diff: 129, Sum: 293]
      [Scan RS (ms): Min: 42.4, Avg: 42.5, Max: 42.6, Diff: 0.1, Sum: 85.0]
      [Object Copy (ms): Min: 173.2, Avg: 174.8, Max: 176.5, Diff: 3.3, Sum: 349.7]
      [Termination (ms): Min: 0.0, Avg: 0.0, Max: 0.0, Diff: 0.0, Sum: 0.0]
      [GC Worker Other (ms): Min: 0.1, Avg: 0.1, Max: 0.1, Diff: 0.0, Sum: 0.2]
      [GC Worker Total (ms): Min: 314.9, Avg: 314.9, Max: 314.9, Diff: 0.0, Sum: 629.8]
      [GC Worker End (ms): Min: 27958428.3, Avg: 27958428.3, Max: 27958428.3, Diff: 0.0]
   [Code Root Fixup: 0.0 ms]
   [Clear CT: 0.6 ms]
   [Other: 11.5 ms]
      [Choose CSet: 0.0 ms]
      [Ref Proc: 6.6 ms]
      [Ref Enq: 0.2 ms]
      [Free CSet: 2.9 ms]
   [Eden: 942.0M(942.0M)->0.0B(958.0M) Survivors: 82.0M->66.0M Heap: 2146.8M(3072.0M)->1212.8M(3072.0M)]
 [Times: user=0.64 sys=0.00, real=0.33 secs] 
27963.307: [GC pause (young)
Desired survivor size 67108864 bytes, new threshold 16 (max 32)
- age   1:   29840200 bytes,   29840200 total
- age   2:   18592888 bytes,   48433088 total
- age   3:   15765040 bytes,   64198128 total
, 0.3015150 secs]
   [Parallel Time: 288.7 ms, GC Workers: 2]
      [GC Worker Start (ms): Min: 27963308.3, Avg: 27963308.4, Max: 27963308.4, Diff: 0.0]
      [Ext Root Scanning (ms): Min: 57.8, Avg: 64.5, Max: 71.2, Diff: 13.4, Sum: 128.9]
      [Update RS (ms): Min: 12.5, Avg: 20.7, Max: 28.9, Diff: 16.4, Sum: 41.4]
         [Processed Buffers: Min: 157, Avg: 183.0, Max: 209, Diff: 52, Sum: 366]
      [Scan RS (ms): Min: 37.5, Avg: 37.6, Max: 37.7, Diff: 0.2, Sum: 75.1]
      [Object Copy (ms): Min: 164.2, Avg: 165.8, Max: 167.4, Diff: 3.2, Sum: 331.7]
      [Termination (ms): Min: 0.0, Avg: 0.0, Max: 0.0, Diff: 0.0, Sum: 0.0]
      [GC Worker Other (ms): Min: 0.1, Avg: 0.1, Max: 0.1, Diff: 0.0, Sum: 0.2]
      [GC Worker Total (ms): Min: 288.6, Avg: 288.7, Max: 288.7, Diff: 0.0, Sum: 577.3]
      [GC Worker End (ms): Min: 27963597.0, Avg: 27963597.0, Max: 27963597.0, Diff: 0.0]
   [Code Root Fixup: 0.0 ms]
   [Clear CT: 0.7 ms]
   [Other: 12.1 ms]
      [Choose CSet: 0.0 ms]
      [Ref Proc: 6.4 ms]
      [Ref Enq: 0.1 ms]
      [Free CSet: 3.2 ms]
   [Eden: 958.0M(958.0M)->0.0B(942.0M) Survivors: 66.0M->82.0M Heap: 2235.8M(3072.0M)->1294.3M(3072.0M)]
 [Times: user=0.59 sys=0.00, real=0.30 secs] 
27967.968: [GC pause (young)
Desired survivor size 67108864 bytes, new threshold 3 (max 32)
- age   1:   37642304 bytes,   37642304 total
- age   2:   18130768 bytes,   55773072 total
- age   3:   12699168 bytes,   68472240 total
- age   4:   14072472 bytes,   82544712 total
, 0.4916140 secs]
   [Parallel Time: 481.6 ms, GC Workers: 2]
      [GC Worker Start (ms): Min: 27967968.9, Avg: 27967968.9, Max: 27967968.9, Diff: 0.0]
      [Ext Root Scanning (ms): Min: 53.3, Avg: 61.5, Max: 69.6, Diff: 16.3, Sum: 122.9]
      [Update RS (ms): Min: 26.5, Avg: 37.2, Max: 48.0, Diff: 21.5, Sum: 74.5]
         [Processed Buffers: Min: 94, Avg: 153.5, Max: 213, Diff: 119, Sum: 307]
      [Scan RS (ms): Min: 38.6, Avg: 38.7, Max: 38.9, Diff: 0.3, Sum: 77.4]
      [Object Copy (ms): Min: 341.6, Avg: 343.9, Max: 346.3, Diff: 4.8, Sum: 687.9]
      [Termination (ms): Min: 0.0, Avg: 0.0, Max: 0.0, Diff: 0.0, Sum: 0.0]
      [GC Worker Other (ms): Min: 0.1, Avg: 0.1, Max: 0.2, Diff: 0.1, Sum: 0.2]
      [GC Worker Total (ms): Min: 481.5, Avg: 481.5, Max: 481.5, Diff: 0.0, Sum: 962.9]
      [GC Worker End (ms): Min: 27968450.4, Avg: 27968450.4, Max: 27968450.4, Diff: 0.0]
   [Code Root Fixup: 0.0 ms]
   [Clear CT: 0.9 ms]
   [Other: 9.2 ms]
      [Choose CSet: 0.0 ms]
      [Ref Proc: 4.7 ms]
      [Ref Enq: 0.0 ms]
      [Free CSet: 2.6 ms]
   [Eden: 942.0M(942.0M)->0.0B(896.0M) Survivors: 82.0M->128.0M Heap: 2241.3M(3072.0M)->1373.3M(3072.0M)]
 [Times: user=0.97 sys=0.00, real=0.49 secs] 
27973.751: [GC pause (young)
Desired survivor size 67108864 bytes, new threshold 1 (max 32)
- age   1:   90403512 bytes,   90403512 total
- age   2:   29294936 bytes,  119698448 total
- age   3:   14790656 bytes,  134489104 total
, 0.6974060 secs]
   [Parallel Time: 684.8 ms, GC Workers: 2]
      [GC Worker Start (ms): Min: 27973752.6, Avg: 27973752.6, Max: 27973752.6, Diff: 0.0]
      [Ext Root Scanning (ms): Min: 52.3, Avg: 59.4, Max: 66.6, Diff: 14.3, Sum: 118.8]
      [Update RS (ms): Min: 65.6, Avg: 75.0, Max: 84.3, Diff: 18.7, Sum: 149.9]
         [Processed Buffers: Min: 113, Avg: 157.0, Max: 201, Diff: 88, Sum: 314]
      [Scan RS (ms): Min: 67.9, Avg: 68.0, Max: 68.1, Diff: 0.1, Sum: 136.0]
      [Object Copy (ms): Min: 480.1, Avg: 482.3, Max: 484.4, Diff: 4.2, Sum: 964.5]
      [Termination (ms): Min: 0.0, Avg: 0.0, Max: 0.0, Diff: 0.0, Sum: 0.0]
      [GC Worker Other (ms): Min: 0.1, Avg: 0.1, Max: 0.1, Diff: 0.0, Sum: 0.2]
      [GC Worker Total (ms): Min: 684.7, Avg: 684.8, Max: 684.8, Diff: 0.0, Sum: 1369.5]
      [GC Worker End (ms): Min: 27974437.4, Avg: 27974437.4, Max: 27974437.4, Diff: 0.0]
   [Code Root Fixup: 0.0 ms]
   [Clear CT: 0.9 ms]
   [Other: 11.7 ms]
      [Choose CSet: 0.0 ms]
      [Ref Proc: 3.9 ms]
      [Ref Enq: 0.1 ms]
      [Free CSet: 3.9 ms]
   [Eden: 896.0M(896.0M)->0.0B(938.0M) Survivors: 128.0M->86.0M Heap: 2293.5M(3072.0M)->1468.0M(3072.0M)]
 [Times: user=1.38 sys=0.00, real=0.70 secs] 
27974.585: [GC pause (young) (initial-mark)
Desired survivor size 67108864 bytes, new threshold 1 (max 32)
- age   1:   87579944 bytes,   87579944 total
, 0.5065980 secs]
   [Parallel Time: 482.4 ms, GC Workers: 2]
      [GC Worker Start (ms): Min: 27974586.1, Avg: 27974586.2, Max: 27974586.2, Diff: 0.0]
      [Ext Root Scanning (ms): Min: 53.9, Avg: 61.7, Max: 69.5, Diff: 15.5, Sum: 123.4]
      [Update RS (ms): Min: 185.8, Avg: 199.3, Max: 212.9, Diff: 27.0, Sum: 398.7]
         [Processed Buffers: Min: 370, Avg: 383.0, Max: 396, Diff: 26, Sum: 766]
      [Scan RS (ms): Min: 1.7, Avg: 1.8, Max: 1.8, Diff: 0.0, Sum: 3.5]
      [Object Copy (ms): Min: 213.6, Avg: 219.4, Max: 225.2, Diff: 11.6, Sum: 438.8]
      [Termination (ms): Min: 0.0, Avg: 0.0, Max: 0.0, Diff: 0.0, Sum: 0.0]
      [GC Worker Other (ms): Min: 0.1, Avg: 0.1, Max: 0.1, Diff: 0.0, Sum: 0.1]
      [GC Worker Total (ms): Min: 482.2, Avg: 482.3, Max: 482.3, Diff: 0.0, Sum: 964.5]
      [GC Worker End (ms): Min: 27975068.4, Avg: 27975068.4, Max: 27975068.4, Diff: 0.0]
   [Code Root Fixup: 0.0 ms]
   [Clear CT: 0.2 ms]
   [Other: 24.0 ms]
      [Choose CSet: 0.0 ms]
      [Ref Proc: 20.8 ms]
      [Ref Enq: 0.0 ms]
      [Free CSet: 0.3 ms]
   [Eden: 22.0M(938.0M)->0.0B(1020.0M) Survivors: 86.0M->4096.0K Heap: 1490.0M(3072.0M)->1470.0M(3072.0M)]
 [Times: user=0.99 sys=0.01, real=0.51 secs] 
27975.092: [GC concurrent-root-region-scan-start]
27975.099: [GC concurrent-root-region-scan-end, 0.0072050 secs]
27975.099: [GC concurrent-mark-start]
27977.433: [GC concurrent-mark-end, 2.3335600 secs]
27977.435: [GC remark 27977.479: [GC ref-proc, 0.1034150 secs], 0.2130080 secs]
 [Times: user=0.26 sys=0.00, real=0.21 secs] 
27977.651: [GC cleanup 1793M->1460M(3072M), 0.0282610 secs]
 [Times: user=0.05 sys=0.01, real=0.03 secs] 
27977.680: [GC concurrent-cleanup-start]
27977.681: [GC concurrent-cleanup-end, 0.0007720 secs]
27981.511: [GC pause (young)
Desired survivor size 67108864 bytes, new threshold 16 (max 32)
- age   1:    2446264 bytes,    2446264 total
, 0.3263630 secs]
   [Parallel Time: 314.1 ms, GC Workers: 2]
      [GC Worker Start (ms): Min: 27981513.0, Avg: 27981513.0, Max: 27981513.0, Diff: 0.1]
      [Ext Root Scanning (ms): Min: 47.7, Avg: 59.4, Max: 71.2, Diff: 23.4, Sum: 118.9]
      [Update RS (ms): Min: 45.3, Avg: 55.7, Max: 66.1, Diff: 20.8, Sum: 111.4]
         [Processed Buffers: Min: 111, Avg: 146.0, Max: 181, Diff: 70, Sum: 292]
      [Scan RS (ms): Min: 54.9, Avg: 55.2, Max: 55.4, Diff: 0.5, Sum: 110.4]
      [Object Copy (ms): Min: 142.0, Avg: 143.6, Max: 145.2, Diff: 3.2, Sum: 287.2]
      [Termination (ms): Min: 0.0, Avg: 0.0, Max: 0.0, Diff: 0.0, Sum: 0.0]
      [GC Worker Other (ms): Min: 0.1, Avg: 0.1, Max: 0.1, Diff: 0.0, Sum: 0.2]
      [GC Worker Total (ms): Min: 314.0, Avg: 314.0, Max: 314.0, Diff: 0.0, Sum: 628.0]
      [GC Worker End (ms): Min: 27981827.0, Avg: 27981827.0, Max: 27981827.0, Diff: 0.0]
   [Code Root Fixup: 0.0 ms]
   [Clear CT: 1.7 ms]
   [Other: 10.5 ms]
      [Choose CSet: 0.0 ms]
      [Ref Proc: 3.3 ms]
      [Ref Enq: 0.0 ms]
      [Free CSet: 4.8 ms]
   [Eden: 1020.0M(1020.0M)->0.0B(978.0M) Survivors: 4096.0K->46.0M Heap: 2202.9M(3072.0M)->1225.4M(3072.0M)]
 [Times: user=0.64 sys=0.00, real=0.32 secs] 
27986.721: [GC pause (mixed)
Desired survivor size 67108864 bytes, new threshold 16 (max 32)
- age   1:   45265848 bytes,   45265848 total
- age   2:    1266872 bytes,   46532720 total
, 0.3497340 secs]
   [Parallel Time: 338.1 ms, GC Workers: 2]
      [GC Worker Start (ms): Min: 27986722.7, Avg: 27986722.7, Max: 27986722.8, Diff: 0.0]
      [Ext Root Scanning (ms): Min: 55.4, Avg: 62.3, Max: 69.2, Diff: 13.7, Sum: 124.6]
      [Update RS (ms): Min: 19.2, Avg: 28.7, Max: 38.2, Diff: 18.9, Sum: 57.4]
         [Processed Buffers: Min: 119, Avg: 146.5, Max: 174, Diff: 55, Sum: 293]
      [Scan RS (ms): Min: 70.6, Avg: 70.7, Max: 70.8, Diff: 0.1, Sum: 141.4]
      [Object Copy (ms): Min: 173.6, Avg: 176.1, Max: 178.6, Diff: 5.0, Sum: 352.3]
      [Termination (ms): Min: 0.0, Avg: 0.0, Max: 0.0, Diff: 0.0, Sum: 0.0]
      [GC Worker Other (ms): Min: 0.1, Avg: 0.1, Max: 0.1, Diff: 0.0, Sum: 0.2]
      [GC Worker Total (ms): Min: 338.0, Avg: 338.0, Max: 338.0, Diff: 0.0, Sum: 675.9]
      [GC Worker End (ms): Min: 27987060.7, Avg: 27987060.7, Max: 27987060.7, Diff: 0.0]
   [Code Root Fixup: 0.0 ms]
   [Clear CT: 0.9 ms]
   [Other: 10.8 ms]
      [Choose CSet: 0.4 ms]
      [Ref Proc: 2.9 ms]
      [Ref Enq: 0.0 ms]
      [Free CSet: 5.1 ms]
   [Eden: 978.0M(978.0M)->0.0B(950.0M) Survivors: 46.0M->74.0M Heap: 2225.4M(3072.0M)->1194.9M(3072.0M)]
 [Times: user=0.69 sys=0.00, real=0.35 secs] 
27992.371: [GC pause (mixed)
Desired survivor size 67108864 bytes, new threshold 2 (max 32)
- age   1:   36822160 bytes,   36822160 total
- age   2:   37536512 bytes,   74358672 total
- age   3:    1196728 bytes,   75555400 total
, 0.4845080 secs]
   [Parallel Time: 471.8 ms, GC Workers: 2]
      [GC Worker Start (ms): Min: 27992372.9, Avg: 27992372.9, Max: 27992372.9, Diff: 0.0]
      [Ext Root Scanning (ms): Min: 55.8, Avg: 63.8, Max: 71.7, Diff: 15.9, Sum: 127.6]
      [Update RS (ms): Min: 47.4, Avg: 57.6, Max: 67.7, Diff: 20.3, Sum: 115.2]
         [Processed Buffers: Min: 138, Avg: 155.5, Max: 173, Diff: 35, Sum: 311]
      [Scan RS (ms): Min: 77.8, Avg: 78.2, Max: 78.5, Diff: 0.7, Sum: 156.3]
      [Object Copy (ms): Min: 269.5, Avg: 272.0, Max: 274.6, Diff: 5.1, Sum: 544.1]
      [Termination (ms): Min: 0.0, Avg: 0.0, Max: 0.0, Diff: 0.0, Sum: 0.0]
      [GC Worker Other (ms): Min: 0.1, Avg: 0.1, Max: 0.1, Diff: 0.0, Sum: 0.2]
      [GC Worker Total (ms): Min: 471.6, Avg: 471.7, Max: 471.7, Diff: 0.0, Sum: 943.3]
      [GC Worker End (ms): Min: 27992844.6, Avg: 27992844.6, Max: 27992844.6, Diff: 0.0]
   [Code Root Fixup: 0.0 ms]
   [Clear CT: 0.8 ms]
   [Other: 11.9 ms]
      [Choose CSet: 0.8 ms]
      [Ref Proc: 3.4 ms]
      [Ref Enq: 0.0 ms]
      [Free CSet: 5.0 ms]
   [Eden: 950.0M(950.0M)->0.0B(942.0M) Survivors: 74.0M->82.0M Heap: 2203.8M(3072.0M)->1214.8M(3072.0M)]
 [Times: user=0.95 sys=0.01, real=0.49 secs] 
27997.671: [GC pause (mixed)
Desired survivor size 67108864 bytes, new threshold 2 (max 32)
- age   1:   50759264 bytes,   50759264 total
- age   2:   33073632 bytes,   83832896 total
, 0.4838970 secs]
   [Parallel Time: 470.8 ms, GC Workers: 2]
      [GC Worker Start (ms): Min: 27997673.5, Avg: 27997673.6, Max: 27997673.6, Diff: 0.0]
      [Ext Root Scanning (ms): Min: 54.8, Avg: 60.9, Max: 67.0, Diff: 12.2, Sum: 121.8]
      [Update RS (ms): Min: 55.3, Avg: 63.7, Max: 72.1, Diff: 16.8, Sum: 127.4]
         [Processed Buffers: Min: 53, Avg: 145.0, Max: 237, Diff: 184, Sum: 290]
      [Scan RS (ms): Min: 82.4, Avg: 82.5, Max: 82.6, Diff: 0.2, Sum: 164.9]
      [Object Copy (ms): Min: 261.1, Avg: 263.5, Max: 265.9, Diff: 4.8, Sum: 527.0]
      [Termination (ms): Min: 0.0, Avg: 0.0, Max: 0.0, Diff: 0.0, Sum: 0.0]
      [GC Worker Other (ms): Min: 0.1, Avg: 0.1, Max: 0.1, Diff: 0.0, Sum: 0.2]
      [GC Worker Total (ms): Min: 470.7, Avg: 470.7, Max: 470.7, Diff: 0.0, Sum: 941.4]
      [GC Worker End (ms): Min: 27998144.2, Avg: 27998144.2, Max: 27998144.3, Diff: 0.0]
   [Code Root Fixup: 0.0 ms]
   [Clear CT: 0.8 ms]
   [Other: 12.2 ms]
      [Choose CSet: 1.0 ms]
      [Ref Proc: 3.8 ms]
      [Ref Enq: 0.1 ms]
      [Free CSet: 4.8 ms]
   [Eden: 942.0M(942.0M)->0.0B(937.0M) Survivors: 82.0M->87.0M Heap: 2176.5M(3072.0M)->1188.5M(3072.0M)]
 [Times: user=0.96 sys=0.00, real=0.49 secs] 
28002.984: [GC pause (mixed)
Desired survivor size 67108864 bytes, new threshold 2 (max 32)
- age   1:   59752032 bytes,   59752032 total
- age   2:   28105720 bytes,   87857752 total
, 0.4247000 secs]
   [Parallel Time: 413.8 ms, GC Workers: 2]
      [GC Worker Start (ms): Min: 28002986.0, Avg: 28002986.0, Max: 28002986.0, Diff: 0.0]
      [Ext Root Scanning (ms): Min: 52.2, Avg: 59.6, Max: 67.1, Diff: 14.8, Sum: 119.3]
      [Update RS (ms): Min: 34.3, Avg: 44.5, Max: 54.7, Diff: 20.5, Sum: 89.0]
         [Processed Buffers: Min: 67, Avg: 146.0, Max: 225, Diff: 158, Sum: 292]
      [Scan RS (ms): Min: 79.3, Avg: 79.4, Max: 79.6, Diff: 0.3, Sum: 158.9]
      [Object Copy (ms): Min: 227.2, Avg: 229.8, Max: 232.5, Diff: 5.3, Sum: 459.7]
      [Termination (ms): Min: 0.0, Avg: 0.0, Max: 0.0, Diff: 0.0, Sum: 0.0]
      [GC Worker Other (ms): Min: 0.1, Avg: 0.1, Max: 0.2, Diff: 0.1, Sum: 0.2]
      [GC Worker Total (ms): Min: 413.5, Avg: 413.5, Max: 413.5, Diff: 0.0, Sum: 827.1]
      [GC Worker End (ms): Min: 28003399.5, Avg: 28003399.5, Max: 28003399.5, Diff: 0.1]
   [Code Root Fixup: 0.0 ms]
   [Clear CT: 0.7 ms]
   [Other: 10.2 ms]
      [Choose CSet: 0.1 ms]
      [Ref Proc: 2.8 ms]
      [Ref Enq: 0.0 ms]
      [Free CSet: 4.4 ms]
   [Eden: 937.0M(937.0M)->0.0B(959.0M) Survivors: 87.0M->65.0M Heap: 2145.4M(3072.0M)->1207.4M(3072.0M)]
 [Times: user=0.83 sys=0.01, real=0.43 secs] 
28009.066: [GC pause (young)
Desired survivor size 67108864 bytes, new threshold 16 (max 32)
- age   1:   36682976 bytes,   36682976 total
- age   2:   29564024 bytes,   66247000 total
, 0.4175740 secs]
   [Parallel Time: 405.1 ms, GC Workers: 2]
      [GC Worker Start (ms): Min: 28009068.4, Avg: 28009068.4, Max: 28009068.4, Diff: 0.0]
      [Ext Root Scanning (ms): Min: 56.4, Avg: 65.0, Max: 73.5, Diff: 17.1, Sum: 129.9]
      [Update RS (ms): Min: 27.6, Avg: 38.5, Max: 49.4, Diff: 21.8, Sum: 77.1]
         [Processed Buffers: Min: 147, Avg: 150.5, Max: 154, Diff: 7, Sum: 301]
      [Scan RS (ms): Min: 78.4, Avg: 78.5, Max: 78.6, Diff: 0.2, Sum: 157.0]
      [Object Copy (ms): Min: 220.3, Avg: 222.8, Max: 225.3, Diff: 4.9, Sum: 445.6]
      [Termination (ms): Min: 0.0, Avg: 0.0, Max: 0.0, Diff: 0.0, Sum: 0.0]
      [GC Worker Other (ms): Min: 0.0, Avg: 0.1, Max: 0.1, Diff: 0.0, Sum: 0.1]
      [GC Worker Total (ms): Min: 404.9, Avg: 404.9, Max: 404.9, Diff: 0.0, Sum: 809.8]
      [GC Worker End (ms): Min: 28009473.2, Avg: 28009473.3, Max: 28009473.3, Diff: 0.0]
   [Code Root Fixup: 0.0 ms]
   [Clear CT: 0.8 ms]
   [Other: 11.7 ms]
      [Choose CSet: 0.0 ms]
      [Ref Proc: 3.9 ms]
      [Ref Enq: 0.1 ms]
      [Free CSet: 5.1 ms]
   [Eden: 959.0M(959.0M)->0.0B(927.0M) Survivors: 65.0M->97.0M Heap: 2233.5M(3072.0M)->1307.0M(3072.0M)]
 [Times: user=0.81 sys=0.01, real=0.41 secs] 
28016.286: [GC pause (young)
Desired survivor size 67108864 bytes, new threshold 2 (max 32)
- age   1:   37254376 bytes,   37254376 total
- age   2:   32787112 bytes,   70041488 total
- age   3:   27327072 bytes,   97368560 total
, 0.4926040 secs]
   [Parallel Time: 480.1 ms, GC Workers: 2]
      [GC Worker Start (ms): Min: 28016287.1, Avg: 28016287.1, Max: 28016287.1, Diff: 0.0]
      [Ext Root Scanning (ms): Min: 52.9, Avg: 60.8, Max: 68.7, Diff: 15.8, Sum: 121.6]
      [Update RS (ms): Min: 56.9, Avg: 67.4, Max: 78.0, Diff: 21.1, Sum: 134.8]
         [Processed Buffers: Min: 127, Avg: 163.0, Max: 199, Diff: 72, Sum: 326]
      [Scan RS (ms): Min: 79.7, Avg: 79.7, Max: 79.7, Diff: 0.0, Sum: 159.3]
      [Object Copy (ms): Min: 269.4, Avg: 272.0, Max: 274.7, Diff: 5.2, Sum: 544.1]
      [Termination (ms): Min: 0.0, Avg: 0.0, Max: 0.1, Diff: 0.0, Sum: 0.1]
      [GC Worker Other (ms): Min: 0.0, Avg: 0.1, Max: 0.1, Diff: 0.0, Sum: 0.1]
      [GC Worker Total (ms): Min: 480.0, Avg: 480.0, Max: 480.0, Diff: 0.0, Sum: 959.9]
      [GC Worker End (ms): Min: 28016767.1, Avg: 28016767.1, Max: 28016767.1, Diff: 0.0]
   [Code Root Fixup: 0.0 ms]
   [Clear CT: 0.8 ms]
   [Other: 11.8 ms]
      [Choose CSet: 0.0 ms]
      [Ref Proc: 4.8 ms]
      [Ref Enq: 0.1 ms]
      [Free CSet: 3.9 ms]
   [Eden: 927.0M(927.0M)->0.0B(958.0M) Survivors: 97.0M->66.0M Heap: 2234.0M(3072.0M)->1331.0M(3072.0M)]
 [Times: user=0.97 sys=0.00, real=0.50 secs] 
28018.780: [GC pause (young) (initial-mark)
Desired survivor size 67108864 bytes, new threshold 16 (max 32)
- age   1:   36111296 bytes,   36111296 total
- age   2:   30757024 bytes,   66868320 total
, 0.2865840 secs]
   [Parallel Time: 280.2 ms, GC Workers: 2]
      [GC Worker Start (ms): Min: 28018781.3, Avg: 28018781.3, Max: 28018781.3, Diff: 0.0]
      [Ext Root Scanning (ms): Min: 48.5, Avg: 61.0, Max: 73.5, Diff: 25.0, Sum: 122.0]
      [Update RS (ms): Min: 1.4, Avg: 13.9, Max: 26.4, Diff: 25.0, Sum: 27.7]
         [Processed Buffers: Min: 97, Avg: 141.5, Max: 186, Diff: 89, Sum: 283]
      [Scan RS (ms): Min: 45.4, Avg: 45.4, Max: 45.4, Diff: 0.0, Sum: 90.8]
      [Object Copy (ms): Min: 159.6, Avg: 159.7, Max: 159.7, Diff: 0.1, Sum: 319.3]
      [Termination (ms): Min: 0.0, Avg: 0.0, Max: 0.0, Diff: 0.0, Sum: 0.0]
      [GC Worker Other (ms): Min: 0.1, Avg: 0.1, Max: 0.1, Diff: 0.0, Sum: 0.2]
      [GC Worker Total (ms): Min: 280.1, Avg: 280.1, Max: 280.1, Diff: 0.0, Sum: 560.1]
      [GC Worker End (ms): Min: 28019061.3, Avg: 28019061.3, Max: 28019061.4, Diff: 0.0]
   [Code Root Fixup: 0.0 ms]
   [Clear CT: 0.6 ms]
   [Other: 5.8 ms]
      [Choose CSet: 0.0 ms]
      [Ref Proc: 1.8 ms]
      [Ref Enq: 0.0 ms]
      [Free CSet: 1.8 ms]
   [Eden: 277.0M(958.0M)->0.0B(955.0M) Survivors: 66.0M->69.0M Heap: 1617.4M(3072.0M)->1343.5M(3072.0M)]
 [Times: user=0.57 sys=0.00, real=0.28 secs] 
28019.067: [GC concurrent-root-region-scan-start]
28019.337: [GC concurrent-root-region-scan-end, 0.2696050 secs]
28019.337: [GC concurrent-mark-start]
28021.583: [GC concurrent-mark-end, 2.2461190 secs]
28021.584: [GC remark 28021.585: [GC ref-proc, 0.2228900 secs], 0.2902260 secs]
 [Times: user=0.29 sys=0.00, real=0.29 secs] 
28021.876: [GC cleanup 1579M->1326M(3072M), 0.0255070 secs]
 [Times: user=0.05 sys=0.00, real=0.03 secs] 
28021.902: [GC concurrent-cleanup-start]
28021.903: [GC concurrent-cleanup-end, 0.0006340 secs]
28028.418: [GC pause (young)
Desired survivor size 67108864 bytes, new threshold 3 (max 32)
- age   1:   10216600 bytes,   10216600 total
- age   2:   30173264 bytes,   40389864 total
- age   3:   30355016 bytes,   70744880 total
, 0.4147470 secs]
   [Parallel Time: 401.3 ms, GC Workers: 2]
      [GC Worker Start (ms): Min: 28028419.9, Avg: 28028419.9, Max: 28028419.9, Diff: 0.0]
      [Ext Root Scanning (ms): Min: 57.6, Avg: 62.4, Max: 67.1, Diff: 9.6, Sum: 124.7]
      [Update RS (ms): Min: 43.5, Avg: 51.0, Max: 58.6, Diff: 15.2, Sum: 102.1]
         [Processed Buffers: Min: 135, Avg: 168.0, Max: 201, Diff: 66, Sum: 336]
      [Scan RS (ms): Min: 62.0, Avg: 62.5, Max: 63.0, Diff: 0.9, Sum: 125.0]
      [Object Copy (ms): Min: 222.8, Avg: 225.1, Max: 227.4, Diff: 4.6, Sum: 450.2]
      [Termination (ms): Min: 0.0, Avg: 0.0, Max: 0.0, Diff: 0.0, Sum: 0.0]
      [GC Worker Other (ms): Min: 0.1, Avg: 0.1, Max: 0.1, Diff: 0.0, Sum: 0.2]
      [GC Worker Total (ms): Min: 401.1, Avg: 401.1, Max: 401.1, Diff: 0.0, Sum: 802.3]
      [GC Worker End (ms): Min: 28028821.0, Avg: 28028821.0, Max: 28028821.0, Diff: 0.0]
   [Code Root Fixup: 0.0 ms]
   [Clear CT: 0.9 ms]
   [Other: 12.5 ms]
      [Choose CSet: 0.0 ms]
      [Ref Proc: 5.7 ms]
      [Ref Enq: 0.1 ms]
      [Free CSet: 4.2 ms]
   [Eden: 955.0M(955.0M)->0.0B(949.0M) Survivors: 69.0M->75.0M Heap: 2080.4M(3072.0M)->1157.4M(3072.0M)]
 [Times: user=0.81 sys=0.00, real=0.42 secs] 
28033.935: [GC pause (mixed)
Desired survivor size 67108864 bytes, new threshold 3 (max 32)
- age   1:   38887600 bytes,   38887600 total
- age   2:    8371872 bytes,   47259472 total
- age   3:   27719344 bytes,   74978816 total
, 0.4216180 secs]
   [Parallel Time: 406.0 ms, GC Workers: 2]
      [GC Worker Start (ms): Min: 28033938.1, Avg: 28033938.2, Max: 28033938.2, Diff: 0.0]
      [Ext Root Scanning (ms): Min: 61.8, Avg: 69.4, Max: 77.0, Diff: 15.1, Sum: 138.8]
      [Update RS (ms): Min: 14.9, Avg: 25.6, Max: 36.3, Diff: 21.3, Sum: 51.2]
         [Processed Buffers: Min: 97, Avg: 155.5, Max: 214, Diff: 117, Sum: 311]
      [Scan RS (ms): Min: 84.5, Avg: 84.7, Max: 84.8, Diff: 0.2, Sum: 169.3]
      [Object Copy (ms): Min: 222.9, Avg: 225.9, Max: 228.9, Diff: 6.0, Sum: 451.7]
      [Termination (ms): Min: 0.0, Avg: 0.0, Max: 0.0, Diff: 0.0, Sum: 0.0]
      [GC Worker Other (ms): Min: 0.1, Avg: 0.1, Max: 0.1, Diff: 0.1, Sum: 0.2]
      [GC Worker Total (ms): Min: 405.6, Avg: 405.6, Max: 405.7, Diff: 0.1, Sum: 811.3]
      [GC Worker End (ms): Min: 28034343.8, Avg: 28034343.8, Max: 28034343.8, Diff: 0.0]
   [Code Root Fixup: 0.0 ms]
   [Clear CT: 0.9 ms]
   [Other: 14.7 ms]
      [Choose CSet: 1.1 ms]
      [Ref Proc: 4.8 ms]
      [Ref Enq: 0.1 ms]
      [Free CSet: 6.0 ms]
   [Eden: 949.0M(949.0M)->0.0B(951.0M) Survivors: 75.0M->73.0M Heap: 2135.4M(3072.0M)->1118.9M(3072.0M)]
 [Times: user=0.82 sys=0.01, real=0.42 secs] 
28040.259: [GC pause (mixed)
Desired survivor size 67108864 bytes, new threshold 3 (max 32)
- age   1:   37426952 bytes,   37426952 total
- age   2:   28377256 bytes,   65804208 total
- age   3:    7854016 bytes,   73658224 total
, 0.4506510 secs]
   [Parallel Time: 431.7 ms, GC Workers: 2]
      [GC Worker Start (ms): Min: 28040261.8, Avg: 28040261.8, Max: 28040261.8, Diff: 0.0]
      [Ext Root Scanning (ms): Min: 52.9, Avg: 60.3, Max: 67.8, Diff: 14.9, Sum: 120.7]
      [Update RS (ms): Min: 45.7, Avg: 55.3, Max: 64.9, Diff: 19.1, Sum: 110.6]
         [Processed Buffers: Min: 58, Avg: 159.0, Max: 260, Diff: 202, Sum: 318]
      [Scan RS (ms): Min: 91.7, Avg: 91.8, Max: 91.8, Diff: 0.0, Sum: 183.5]
      [Object Copy (ms): Min: 222.0, Avg: 224.1, Max: 226.2, Diff: 4.2, Sum: 448.2]
      [Termination (ms): Min: 0.0, Avg: 0.0, Max: 0.0, Diff: 0.0, Sum: 0.0]
      [GC Worker Other (ms): Min: 0.1, Avg: 0.1, Max: 0.1, Diff: 0.0, Sum: 0.2]
      [GC Worker Total (ms): Min: 431.5, Avg: 431.6, Max: 431.6, Diff: 0.0, Sum: 863.1]
      [GC Worker End (ms): Min: 28040693.3, Avg: 28040693.3, Max: 28040693.3, Diff: 0.0]
   [Code Root Fixup: 0.0 ms]
   [Clear CT: 0.9 ms]
   [Other: 18.1 ms]
      [Choose CSet: 1.0 ms]
      [Ref Proc: 8.9 ms]
      [Ref Enq: 0.1 ms]
      [Free CSet: 5.6 ms]
   [Eden: 951.0M(951.0M)->0.0B(937.0M) Survivors: 73.0M->87.0M Heap: 2089.6M(3072.0M)->1091.6M(3072.0M)]
 [Times: user=0.88 sys=0.00, real=0.45 secs] 
28047.523: [GC pause (young)
Desired survivor size 67108864 bytes, new threshold 3 (max 32)
- age   1:   35524960 bytes,   35524960 total
- age   2:   26767800 bytes,   62292760 total
- age   3:   25328992 bytes,   87621752 total
, 0.4307290 secs]
   [Parallel Time: 421.1 ms, GC Workers: 2]
      [GC Worker Start (ms): Min: 28047523.7, Avg: 28047523.7, Max: 28047523.7, Diff: 0.1]
      [Ext Root Scanning (ms): Min: 53.7, Avg: 60.8, Max: 67.9, Diff: 14.2, Sum: 121.7]
      [Update RS (ms): Min: 7.4, Avg: 16.6, Max: 25.7, Diff: 18.2, Sum: 33.1]
         [Processed Buffers: Min: 13, Avg: 150.0, Max: 287, Diff: 274, Sum: 300]
      [Scan RS (ms): Min: 84.8, Avg: 84.9, Max: 85.0, Diff: 0.2, Sum: 169.8]
      [Object Copy (ms): Min: 256.2, Avg: 258.4, Max: 260.5, Diff: 4.3, Sum: 516.7]
      [Termination (ms): Min: 0.0, Avg: 0.0, Max: 0.0, Diff: 0.0, Sum: 0.0]
      [GC Worker Other (ms): Min: 0.1, Avg: 0.1, Max: 0.2, Diff: 0.1, Sum: 0.3]
      [GC Worker Total (ms): Min: 420.8, Avg: 420.8, Max: 420.8, Diff: 0.0, Sum: 841.6]
      [GC Worker End (ms): Min: 28047944.5, Avg: 28047944.5, Max: 28047944.6, Diff: 0.1]
   [Code Root Fixup: 0.0 ms]
   [Clear CT: 0.8 ms]
   [Other: 8.9 ms]
      [Choose CSet: 0.0 ms]
      [Ref Proc: 4.5 ms]
      [Ref Enq: 0.1 ms]
      [Free CSet: 2.7 ms]
   [Eden: 937.0M(937.0M)->0.0B(906.0M) Survivors: 87.0M->118.0M Heap: 2130.1M(3072.0M)->1241.6M(3072.0M)]
 [Times: user=0.85 sys=0.00, real=0.43 secs] 
28052.129: [GC pause (young)
Desired survivor size 67108864 bytes, new threshold 1 (max 32)
- age   1:   78633592 bytes,   78633592 total
- age   2:   23713328 bytes,  102346920 total
- age   3:   16693608 bytes,  119040528 total
, 0.2694900 secs]
   [Parallel Time: 261.6 ms, GC Workers: 2]
      [GC Worker Start (ms): Min: 28052129.9, Avg: 28052129.9, Max: 28052130.0, Diff: 0.0]
      [Ext Root Scanning (ms): Min: 55.6, Avg: 61.4, Max: 67.2, Diff: 11.7, Sum: 122.8]
      [Update RS (ms): Min: 16.0, Avg: 23.8, Max: 31.6, Diff: 15.6, Sum: 47.6]
         [Processed Buffers: Min: 115, Avg: 142.5, Max: 170, Diff: 55, Sum: 285]
      [Scan RS (ms): Min: 34.7, Avg: 34.8, Max: 34.9, Diff: 0.2, Sum: 69.5]
      [Object Copy (ms): Min: 139.6, Avg: 141.5, Max: 143.3, Diff: 3.6, Sum: 282.9]
      [Termination (ms): Min: 0.0, Avg: 0.0, Max: 0.0, Diff: 0.0, Sum: 0.0]
      [GC Worker Other (ms): Min: 0.1, Avg: 0.1, Max: 0.1, Diff: 0.0, Sum: 0.2]
      [GC Worker Total (ms): Min: 261.5, Avg: 261.5, Max: 261.5, Diff: 0.0, Sum: 523.0]
      [GC Worker End (ms): Min: 28052391.5, Avg: 28052391.5, Max: 28052391.5, Diff: 0.0]
   [Code Root Fixup: 0.0 ms]
   [Clear CT: 0.8 ms]
   [Other: 7.0 ms]
      [Choose CSet: 0.0 ms]
      [Ref Proc: 2.9 ms]
      [Ref Enq: 0.0 ms]
      [Free CSet: 2.3 ms]
   [Eden: 906.0M(906.0M)->0.0B(1006.0M) Survivors: 118.0M->18.0M Heap: 2189.5M(3072.0M)->1233.5M(3072.0M)]
 [Times: user=0.53 sys=0.00, real=0.27 secs] 
28058.377: [GC pause (young)
Desired survivor size 67108864 bytes, new threshold 16 (max 32)
- age   1:   16595208 bytes,   16595208 total
, 0.2124580 secs]
   [Parallel Time: 201.5 ms, GC Workers: 2]
      [GC Worker Start (ms): Min: 28058377.7, Avg: 28058377.8, Max: 28058377.8, Diff: 0.0]
      [Ext Root Scanning (ms): Min: 54.6, Avg: 64.9, Max: 75.1, Diff: 20.4, Sum: 129.7]
      [Update RS (ms): Min: 19.1, Avg: 27.9, Max: 36.8, Diff: 17.7, Sum: 55.8]
         [Processed Buffers: Min: 126, Avg: 146.5, Max: 167, Diff: 41, Sum: 293]
      [Scan RS (ms): Min: 13.5, Avg: 13.6, Max: 13.7, Diff: 0.2, Sum: 27.2]
      [Object Copy (ms): Min: 93.3, Avg: 94.6, Max: 95.9, Diff: 2.6, Sum: 189.3]
      [Termination (ms): Min: 0.0, Avg: 0.0, Max: 0.0, Diff: 0.0, Sum: 0.0]
      [GC Worker Other (ms): Min: 0.1, Avg: 0.3, Max: 0.4, Diff: 0.3, Sum: 0.5]
      [GC Worker Total (ms): Min: 201.1, Avg: 201.3, Max: 201.4, Diff: 0.3, Sum: 402.5]
      [GC Worker End (ms): Min: 28058578.9, Avg: 28058579.0, Max: 28058579.2, Diff: 0.3]
   [Code Root Fixup: 0.0 ms]
   [Clear CT: 1.3 ms]
   [Other: 9.6 ms]
      [Choose CSet: 0.0 ms]
      [Ref Proc: 6.1 ms]
      [Ref Enq: 0.1 ms]
      [Free CSet: 2.2 ms]
   [Eden: 1006.0M(1006.0M)->0.0B(981.0M) Survivors: 18.0M->43.0M Heap: 2246.0M(3072.0M)->1264.5M(3072.0M)]
 [Times: user=0.41 sys=0.00, real=0.21 secs] 
28065.718: [GC pause (young) (initial-mark)
Desired survivor size 67108864 bytes, new threshold 16 (max 32)
- age   1:   33432808 bytes,   33432808 total
- age   2:    8109344 bytes,   41542152 total
, 0.2362450 secs]
   [Parallel Time: 224.3 ms, GC Workers: 2]
      [GC Worker Start (ms): Min: 28065719.7, Avg: 28065719.7, Max: 28065719.7, Diff: 0.0]
      [Ext Root Scanning (ms): Min: 52.1, Avg: 65.5, Max: 79.0, Diff: 27.0, Sum: 131.1]
      [Update RS (ms): Min: 0.0, Avg: 10.8, Max: 21.6, Diff: 21.6, Sum: 21.6]
         [Processed Buffers: Min: 0, Avg: 144.5, Max: 289, Diff: 289, Sum: 289]
      [Scan RS (ms): Min: 13.7, Avg: 15.9, Max: 18.1, Diff: 4.3, Sum: 31.8]
      [Object Copy (ms): Min: 131.3, Avg: 131.8, Max: 132.3, Diff: 1.0, Sum: 263.6]
      [Termination (ms): Min: 0.0, Avg: 0.0, Max: 0.0, Diff: 0.0, Sum: 0.0]
      [GC Worker Other (ms): Min: 0.1, Avg: 0.1, Max: 0.1, Diff: 0.0, Sum: 0.2]
      [GC Worker Total (ms): Min: 224.2, Avg: 224.2, Max: 224.2, Diff: 0.0, Sum: 448.4]
      [GC Worker End (ms): Min: 28065943.9, Avg: 28065943.9, Max: 28065943.9, Diff: 0.0]
   [Code Root Fixup: 0.0 ms]
   [Clear CT: 0.8 ms]
   [Other: 11.2 ms]
      [Choose CSet: 0.2 ms]
      [Ref Proc: 6.8 ms]
      [Ref Enq: 0.1 ms]
      [Free CSet: 2.4 ms]
   [Eden: 928.0M(981.0M)->0.0B(972.0M) Survivors: 43.0M->52.0M Heap: 2241.2M(3072.0M)->1322.9M(3072.0M)]
 [Times: user=0.46 sys=0.00, real=0.23 secs] 
28065.955: [GC concurrent-root-region-scan-start]
28066.116: [GC concurrent-root-region-scan-end, 0.1615190 secs]
28066.117: [GC concurrent-mark-start]
28067.011: [GC concurrent-mark-end, 0.8949460 secs]
28067.014: [GC remark 28067.015: [GC ref-proc, 0.0176920 secs], 0.0872610 secs]
 [Times: user=0.09 sys=0.00, real=0.09 secs] 
28067.102: [GC cleanup 1494M->1145M(3072M), 0.0243160 secs]
 [Times: user=0.05 sys=0.00, real=0.03 secs] 
28067.127: [GC concurrent-cleanup-start]
28067.128: [GC concurrent-cleanup-end, 0.0008710 secs]
28072.453: [GC pause (young)
Desired survivor size 67108864 bytes, new threshold 16 (max 32)
- age   1:   33496448 bytes,   33496448 total
- age   2:   12580544 bytes,   46076992 total
- age   3:    4630648 bytes,   50707640 total
, 0.2326130 secs]
   [Parallel Time: 222.8 ms, GC Workers: 2]
      [GC Worker Start (ms): Min: 28072453.8, Avg: 28072453.8, Max: 28072453.8, Diff: 0.0]
      [Ext Root Scanning (ms): Min: 56.3, Avg: 62.5, Max: 68.6, Diff: 12.4, Sum: 124.9]
      [Update RS (ms): Min: 19.3, Avg: 27.9, Max: 36.5, Diff: 17.2, Sum: 55.8]
         [Processed Buffers: Min: 146, Avg: 159.5, Max: 173, Diff: 27, Sum: 319]
      [Scan RS (ms): Min: 13.0, Avg: 13.0, Max: 13.0, Diff: 0.0, Sum: 26.1]
      [Object Copy (ms): Min: 116.8, Avg: 119.2, Max: 121.7, Diff: 4.9, Sum: 238.4]
      [Termination (ms): Min: 0.0, Avg: 0.0, Max: 0.0, Diff: 0.0, Sum: 0.0]
      [GC Worker Other (ms): Min: 0.1, Avg: 0.1, Max: 0.1, Diff: 0.0, Sum: 0.2]
      [GC Worker Total (ms): Min: 222.7, Avg: 222.7, Max: 222.7, Diff: 0.0, Sum: 445.5]
      [GC Worker End (ms): Min: 28072676.5, Avg: 28072676.5, Max: 28072676.5, Diff: 0.0]
   [Code Root Fixup: 0.0 ms]
   [Clear CT: 0.9 ms]
   [Other: 8.9 ms]
      [Choose CSet: 0.0 ms]
      [Ref Proc: 5.9 ms]
      [Ref Enq: 0.1 ms]
      [Free CSet: 2.0 ms]
   [Eden: 972.0M(972.0M)->0.0B(963.0M) Survivors: 52.0M->61.0M Heap: 1960.7M(3072.0M)->997.7M(3072.0M)]
 [Times: user=0.46 sys=0.01, real=0.23 secs] 
28079.332: [GC pause (mixed)
Desired survivor size 67108864 bytes, new threshold 16 (max 32)
- age   1:   36910504 bytes,   36910504 total
- age   2:   12266288 bytes,   49176792 total
- age   3:    7889896 bytes,   57066688 total
- age   4:    3463952 bytes,   60530640 total
, 0.3147620 secs]
   [Parallel Time: 296.3 ms, GC Workers: 2]
      [GC Worker Start (ms): Min: 28079334.8, Avg: 28079334.8, Max: 28079334.8, Diff: 0.0]
      [Ext Root Scanning (ms): Min: 58.7, Avg: 66.0, Max: 73.3, Diff: 14.6, Sum: 132.0]
      [Update RS (ms): Min: 3.4, Avg: 13.4, Max: 23.4, Diff: 20.0, Sum: 26.8]
         [Processed Buffers: Min: 139, Avg: 140.0, Max: 141, Diff: 2, Sum: 280]
      [Scan RS (ms): Min: 62.3, Avg: 62.3, Max: 62.3, Diff: 0.0, Sum: 124.6]
      [Object Copy (ms): Min: 151.7, Avg: 154.4, Max: 157.1, Diff: 5.4, Sum: 308.8]
      [Termination (ms): Min: 0.0, Avg: 0.0, Max: 0.0, Diff: 0.0, Sum: 0.0]
      [GC Worker Other (ms): Min: 0.1, Avg: 0.1, Max: 0.1, Diff: 0.0, Sum: 0.2]
      [GC Worker Total (ms): Min: 296.1, Avg: 296.2, Max: 296.2, Diff: 0.0, Sum: 592.3]
      [GC Worker End (ms): Min: 28079631.0, Avg: 28079631.0, Max: 28079631.0, Diff: 0.0]
   [Code Root Fixup: 0.0 ms]
   [Clear CT: 1.1 ms]
   [Other: 17.4 ms]
      [Choose CSet: 2.2 ms]
      [Ref Proc: 8.4 ms]
      [Ref Enq: 0.1 ms]
      [Free CSet: 5.5 ms]
   [Eden: 963.0M(963.0M)->0.0B(958.0M) Survivors: 61.0M->66.0M Heap: 1985.4M(3072.0M)->724.8M(3072.0M)]
 [Times: user=0.61 sys=0.00, real=0.31 secs] 
28086.139: [GC pause (mixed)
Desired survivor size 67108864 bytes, new threshold 16 (max 32)
- age   1:   27632536 bytes,   27632536 total
- age   2:   17269640 bytes,   44902176 total
- age   3:   10324368 bytes,   55226544 total
- age   4:    7463888 bytes,   62690432 total
- age   5:    2777832 bytes,   65468264 total
, 0.3292080 secs]
   [Parallel Time: 320.6 ms, GC Workers: 2]
      [GC Worker Start (ms): Min: 28086139.5, Avg: 28086139.5, Max: 28086139.5, Diff: 0.0]
      [Ext Root Scanning (ms): Min: 51.9, Avg: 65.8, Max: 79.8, Diff: 27.9, Sum: 131.7]
      [Update RS (ms): Min: 19.5, Avg: 32.1, Max: 44.8, Diff: 25.3, Sum: 64.3]
         [Processed Buffers: Min: 98, Avg: 103.0, Max: 108, Diff: 10, Sum: 206]
      [Scan RS (ms): Min: 23.9, Avg: 24.0, Max: 24.0, Diff: 0.1, Sum: 47.9]
      [Object Copy (ms): Min: 197.1, Avg: 198.4, Max: 199.8, Diff: 2.7, Sum: 396.9]
      [Termination (ms): Min: 0.0, Avg: 0.0, Max: 0.0, Diff: 0.0, Sum: 0.0]
      [GC Worker Other (ms): Min: 0.1, Avg: 0.1, Max: 0.2, Diff: 0.1, Sum: 0.3]
      [GC Worker Total (ms): Min: 320.5, Avg: 320.5, Max: 320.5, Diff: 0.0, Sum: 641.0]
      [GC Worker End (ms): Min: 28086460.0, Avg: 28086460.0, Max: 28086460.0, Diff: 0.0]
   [Code Root Fixup: 0.0 ms]
   [Clear CT: 0.8 ms]
   [Other: 7.8 ms]
      [Choose CSet: 0.4 ms]
      [Ref Proc: 3.7 ms]
      [Ref Enq: 0.1 ms]
      [Free CSet: 2.6 ms]
   [Eden: 958.0M(958.0M)->0.0B(926.0M) Survivors: 66.0M->98.0M Heap: 1685.3M(3072.0M)->731.9M(3072.0M)]
 [Times: user=0.65 sys=0.00, real=0.33 secs] 
28090.372: [GC pause (young)
Desired survivor size 67108864 bytes, new threshold 2 (max 32)
- age   1:   60113752 bytes,   60113752 total
- age   2:   10744312 bytes,   70858064 total
- age   3:    9578224 bytes,   80436288 total
- age   4:    9401664 bytes,   89837952 total
- age   5:    7136288 bytes,   96974240 total
- age   6:    2327368 bytes,   99301608 total
, 0.5263150 secs]
   [Parallel Time: 519.6 ms, GC Workers: 2]
      [GC Worker Start (ms): Min: 28090373.2, Avg: 28090373.2, Max: 28090373.2, Diff: 0.0]
      [Ext Root Scanning (ms): Min: 51.3, Avg: 63.8, Max: 76.3, Diff: 25.0, Sum: 127.6]
      [Update RS (ms): Min: 30.4, Avg: 41.5, Max: 52.6, Diff: 22.3, Sum: 83.0]
         [Processed Buffers: Min: 86, Avg: 158.5, Max: 231, Diff: 145, Sum: 317]
      [Scan RS (ms): Min: 27.7, Avg: 28.2, Max: 28.7, Diff: 1.0, Sum: 56.4]
      [Object Copy (ms): Min: 384.0, Avg: 385.8, Max: 387.6, Diff: 3.6, Sum: 771.6]
      [Termination (ms): Min: 0.0, Avg: 0.0, Max: 0.0, Diff: 0.0, Sum: 0.0]
      [GC Worker Other (ms): Min: 0.1, Avg: 0.2, Max: 0.2, Diff: 0.1, Sum: 0.4]
      [GC Worker Total (ms): Min: 519.4, Avg: 519.5, Max: 519.5, Diff: 0.1, Sum: 1038.9]
      [GC Worker End (ms): Min: 28090892.7, Avg: 28090892.7, Max: 28090892.7, Diff: 0.0]
   [Code Root Fixup: 0.0 ms]
   [Clear CT: 0.6 ms]
   [Other: 6.1 ms]
      [Choose CSet: 0.0 ms]
      [Ref Proc: 1.8 ms]
      [Ref Enq: 0.0 ms]
      [Free CSet: 2.6 ms]
   [Eden: 926.0M(926.0M)->0.0B(896.0M) Survivors: 98.0M->128.0M Heap: 1671.9M(3072.0M)->813.9M(3072.0M)]
 [Times: user=1.04 sys=0.00, real=0.52 secs] 
28095.336: [GC pause (young)
Desired survivor size 67108864 bytes, new threshold 1 (max 32)
- age   1:  114190584 bytes,  114190584 total
- age   2:   24074424 bytes,  138265008 total
, 0.6050130 secs]
   [Parallel Time: 591.8 ms, GC Workers: 2]
      [GC Worker Start (ms): Min: 28095336.4, Avg: 28095336.4, Max: 28095336.5, Diff: 0.0]
      [Ext Root Scanning (ms): Min: 55.6, Avg: 64.2, Max: 72.7, Diff: 17.1, Sum: 128.3]
      [Update RS (ms): Min: 68.3, Avg: 78.9, Max: 89.6, Diff: 21.3, Sum: 157.8]
         [Processed Buffers: Min: 126, Avg: 169.0, Max: 212, Diff: 86, Sum: 338]
      [Scan RS (ms): Min: 32.8, Avg: 32.9, Max: 33.0, Diff: 0.1, Sum: 65.8]
      [Object Copy (ms): Min: 413.3, Avg: 415.5, Max: 417.6, Diff: 4.3, Sum: 830.9]
      [Termination (ms): Min: 0.0, Avg: 0.0, Max: 0.0, Diff: 0.0, Sum: 0.0]
      [GC Worker Other (ms): Min: 0.1, Avg: 0.1, Max: 0.1, Diff: 0.0, Sum: 0.2]
      [GC Worker Total (ms): Min: 591.5, Avg: 591.5, Max: 591.5, Diff: 0.0, Sum: 1183.1]
      [GC Worker End (ms): Min: 28095928.0, Avg: 28095928.0, Max: 28095928.0, Diff: 0.0]
   [Code Root Fixup: 0.0 ms]
   [Clear CT: 0.7 ms]
   [Other: 12.5 ms]
      [Choose CSet: 0.1 ms]
      [Ref Proc: 7.2 ms]
      [Ref Enq: 0.0 ms]
      [Free CSet: 2.5 ms]
   [Eden: 896.0M(896.0M)->0.0B(959.0M) Survivors: 128.0M->65.0M Heap: 1716.4M(3072.0M)->866.4M(3072.0M)]
 [Times: user=1.20 sys=0.00, real=0.61 secs] 
28102.778: [GC pause (young)
Desired survivor size 67108864 bytes, new threshold 16 (max 32)
- age   1:   65380480 bytes,   65380480 total
, 0.4767240 secs]
   [Parallel Time: 464.3 ms, GC Workers: 2]
      [GC Worker Start (ms): Min: 28102779.7, Avg: 28102779.8, Max: 28102779.8, Diff: 0.0]
      [Ext Root Scanning (ms): Min: 55.2, Avg: 63.7, Max: 72.3, Diff: 17.1, Sum: 127.4]
      [Update RS (ms): Min: 67.4, Avg: 78.5, Max: 89.6, Diff: 22.2, Sum: 157.1]
         [Processed Buffers: Min: 111, Avg: 182.0, Max: 253, Diff: 142, Sum: 364]
      [Scan RS (ms): Min: 73.7, Avg: 73.8, Max: 73.9, Diff: 0.2, Sum: 147.5]
      [Object Copy (ms): Min: 245.5, Avg: 248.0, Max: 250.4, Diff: 4.9, Sum: 496.0]
      [Termination (ms): Min: 0.0, Avg: 0.0, Max: 0.0, Diff: 0.0, Sum: 0.0]
      [GC Worker Other (ms): Min: 0.1, Avg: 0.1, Max: 0.1, Diff: 0.0, Sum: 0.2]
      [GC Worker Total (ms): Min: 464.1, Avg: 464.1, Max: 464.1, Diff: 0.1, Sum: 928.2]
      [GC Worker End (ms): Min: 28103243.8, Avg: 28103243.9, Max: 28103243.9, Diff: 0.0]
   [Code Root Fixup: 0.0 ms]
   [Clear CT: 0.7 ms]
   [Other: 11.7 ms]
      [Choose CSet: 0.0 ms]
      [Ref Proc: 5.0 ms]
      [Ref Enq: 0.1 ms]
      [Free CSet: 4.4 ms]
   [Eden: 959.0M(959.0M)->0.0B(922.0M) Survivors: 65.0M->102.0M Heap: 1866.3M(3072.0M)->943.8M(3072.0M)]
 [Times: user=0.94 sys=0.00, real=0.48 secs] 
28108.048: [GC pause (young)
Desired survivor size 67108864 bytes, new threshold 2 (max 32)
- age   1:   42781272 bytes,   42781272 total
- age   2:   60028400 bytes,  102809672 total
, 0.5310220 secs]
   [Parallel Time: 518.9 ms, GC Workers: 2]
      [GC Worker Start (ms): Min: 28108048.8, Avg: 28108048.8, Max: 28108048.8, Diff: 0.0]
      [Ext Root Scanning (ms): Min: 59.7, Avg: 69.3, Max: 78.9, Diff: 19.2, Sum: 138.6]
      [Update RS (ms): Min: 63.9, Avg: 75.9, Max: 87.8, Diff: 23.9, Sum: 151.8]
         [Processed Buffers: Min: 95, Avg: 169.5, Max: 244, Diff: 149, Sum: 339]
      [Scan RS (ms): Min: 78.7, Avg: 78.7, Max: 78.7, Diff: 0.1, Sum: 157.4]
      [Object Copy (ms): Min: 292.3, Avg: 294.7, Max: 297.1, Diff: 4.8, Sum: 589.3]
      [Termination (ms): Min: 0.0, Avg: 0.0, Max: 0.0, Diff: 0.0, Sum: 0.0]
      [GC Worker Other (ms): Min: 0.2, Avg: 0.2, Max: 0.2, Diff: 0.0, Sum: 0.3]
      [GC Worker Total (ms): Min: 518.7, Avg: 518.8, Max: 518.8, Diff: 0.1, Sum: 1037.5]
      [GC Worker End (ms): Min: 28108567.5, Avg: 28108567.6, Max: 28108567.6, Diff: 0.1]
   [Code Root Fixup: 0.0 ms]
   [Clear CT: 0.7 ms]
   [Other: 11.4 ms]
      [Choose CSet: 0.0 ms]
      [Ref Proc: 4.9 ms]
      [Ref Enq: 0.1 ms]
      [Free CSet: 3.6 ms]
   [Eden: 922.0M(922.0M)->0.0B(955.0M) Survivors: 102.0M->69.0M Heap: 1868.4M(3072.0M)->968.9M(3072.0M)]
 [Times: user=1.04 sys=0.00, real=0.53 secs] 
28113.068: [GC pause (young)
Desired survivor size 67108864 bytes, new threshold 2 (max 32)
- age   1:   34917288 bytes,   34917288 total
- age   2:   34579264 bytes,   69496552 total
, 0.4674780 secs]
   [Parallel Time: 453.8 ms, GC Workers: 2]
      [GC Worker Start (ms): Min: 28113069.7, Avg: 28113069.7, Max: 28113069.7, Diff: 0.0]
      [Ext Root Scanning (ms): Min: 55.6, Avg: 62.4, Max: 69.3, Diff: 13.7, Sum: 124.8]
      [Update RS (ms): Min: 56.3, Avg: 65.5, Max: 74.7, Diff: 18.4, Sum: 131.0]
         [Processed Buffers: Min: 167, Avg: 172.0, Max: 177, Diff: 10, Sum: 344]
      [Scan RS (ms): Min: 53.6, Avg: 53.6, Max: 53.6, Diff: 0.0, Sum: 107.2]
      [Object Copy (ms): Min: 269.7, Avg: 272.0, Max: 274.3, Diff: 4.6, Sum: 544.0]
      [Termination (ms): Min: 0.0, Avg: 0.0, Max: 0.0, Diff: 0.0, Sum: 0.0]
      [GC Worker Other (ms): Min: 0.1, Avg: 0.1, Max: 0.1, Diff: 0.0, Sum: 0.2]
      [GC Worker Total (ms): Min: 453.6, Avg: 453.6, Max: 453.6, Diff: 0.0, Sum: 907.2]
      [GC Worker End (ms): Min: 28113523.3, Avg: 28113523.3, Max: 28113523.3, Diff: 0.0]
   [Code Root Fixup: 0.0 ms]
   [Clear CT: 0.7 ms]
   [Other: 12.9 ms]
      [Choose CSet: 0.0 ms]
      [Ref Proc: 6.1 ms]
      [Ref Enq: 0.1 ms]
      [Free CSet: 4.1 ms]
   [Eden: 955.0M(955.0M)->0.0B(934.0M) Survivors: 69.0M->90.0M Heap: 1931.2M(3072.0M)->1028.2M(3072.0M)]
 [Times: user=0.92 sys=0.00, real=0.47 secs] 
28117.878: [GC pause (young)
Desired survivor size 67108864 bytes, new threshold 2 (max 32)
- age   1:   64822712 bytes,   64822712 total
- age   2:   25777920 bytes,   90600632 total
, 0.5148680 secs]
   [Parallel Time: 495.4 ms, GC Workers: 2]
      [GC Worker Start (ms): Min: 28117879.9, Avg: 28117879.9, Max: 28117879.9, Diff: 0.0]
      [Ext Root Scanning (ms): Min: 55.5, Avg: 68.7, Max: 81.8, Diff: 26.3, Sum: 137.3]
      [Update RS (ms): Min: 62.0, Avg: 73.9, Max: 85.8, Diff: 23.8, Sum: 147.8]
         [Processed Buffers: Min: 147, Avg: 168.5, Max: 190, Diff: 43, Sum: 337]
      [Scan RS (ms): Min: 54.4, Avg: 54.5, Max: 54.6, Diff: 0.2, Sum: 109.0]
      [Object Copy (ms): Min: 297.0, Avg: 298.1, Max: 299.3, Diff: 2.3, Sum: 596.3]
      [Termination (ms): Min: 0.0, Avg: 0.0, Max: 0.0, Diff: 0.0, Sum: 0.0]
      [GC Worker Other (ms): Min: 0.1, Avg: 0.1, Max: 0.1, Diff: 0.0, Sum: 0.2]
      [GC Worker Total (ms): Min: 495.3, Avg: 495.3, Max: 495.3, Diff: 0.0, Sum: 990.5]
      [GC Worker End (ms): Min: 28118375.2, Avg: 28118375.2, Max: 28118375.2, Diff: 0.0]
   [Code Root Fixup: 0.0 ms]
   [Clear CT: 0.7 ms]
   [Other: 18.8 ms]
      [Choose CSet: 0.0 ms]
      [Ref Proc: 12.3 ms]
      [Ref Enq: 0.1 ms]
      [Free CSet: 3.8 ms]
   [Eden: 934.0M(934.0M)->0.0B(918.0M) Survivors: 90.0M->106.0M Heap: 1985.0M(3072.0M)->1089.5M(3072.0M)]
 [Times: user=1.01 sys=0.00, real=0.51 secs] 
28123.368: [GC pause (young)
Desired survivor size 67108864 bytes, new threshold 2 (max 32)
- age   1:   58153888 bytes,   58153888 total
- age   2:   47467384 bytes,  105621272 total
, 0.5251000 secs]
   [Parallel Time: 502.9 ms, GC Workers: 2]
      [GC Worker Start (ms): Min: 28123369.3, Avg: 28123369.3, Max: 28123369.3, Diff: 0.0]
      [Ext Root Scanning (ms): Min: 54.1, Avg: 62.2, Max: 70.3, Diff: 16.2, Sum: 124.4]
      [Update RS (ms): Min: 48.8, Avg: 59.5, Max: 70.2, Diff: 21.5, Sum: 119.0]
         [Processed Buffers: Min: 138, Avg: 169.5, Max: 201, Diff: 63, Sum: 339]
      [Scan RS (ms): Min: 67.2, Avg: 67.3, Max: 67.4, Diff: 0.3, Sum: 134.6]
      [Object Copy (ms): Min: 311.2, Avg: 313.7, Max: 316.2, Diff: 5.0, Sum: 627.3]
      [Termination (ms): Min: 0.0, Avg: 0.0, Max: 0.0, Diff: 0.0, Sum: 0.0]
      [GC Worker Other (ms): Min: 0.1, Avg: 0.1, Max: 0.1, Diff: 0.0, Sum: 0.2]
      [GC Worker Total (ms): Min: 502.7, Avg: 502.8, Max: 502.8, Diff: 0.0, Sum: 1005.5]
      [GC Worker End (ms): Min: 28123872.0, Avg: 28123872.1, Max: 28123872.1, Diff: 0.0]
   [Code Root Fixup: 0.0 ms]
   [Clear CT: 0.9 ms]
   [Other: 21.4 ms]
      [Choose CSet: 0.0 ms]
      [Ref Proc: 12.3 ms]
      [Ref Enq: 0.1 ms]
      [Free CSet: 5.6 ms]
   [Eden: 918.0M(918.0M)->0.0B(929.0M) Survivors: 106.0M->95.0M Heap: 2016.9M(3072.0M)->1130.9M(3072.0M)]
 [Times: user=1.03 sys=0.00, real=0.52 secs] 
28129.202: [GC pause (young)
Desired survivor size 67108864 bytes, new threshold 2 (max 32)
- age   1:   41441040 bytes,   41441040 total
- age   2:   52405496 bytes,   93846536 total
, 0.4731090 secs]
   [Parallel Time: 458.6 ms, GC Workers: 2]
      [GC Worker Start (ms): Min: 28129204.2, Avg: 28129204.2, Max: 28129204.3, Diff: 0.0]
      [Ext Root Scanning (ms): Min: 50.2, Avg: 62.1, Max: 74.1, Diff: 23.9, Sum: 124.2]
      [Update RS (ms): Min: 30.2, Avg: 40.8, Max: 51.4, Diff: 21.2, Sum: 81.6]
         [Processed Buffers: Min: 68, Avg: 151.5, Max: 235, Diff: 167, Sum: 303]
      [Scan RS (ms): Min: 79.3, Avg: 79.3, Max: 79.3, Diff: 0.1, Sum: 158.6]
      [Object Copy (ms): Min: 274.7, Avg: 276.1, Max: 277.6, Diff: 2.8, Sum: 552.3]
      [Termination (ms): Min: 0.0, Avg: 0.0, Max: 0.0, Diff: 0.0, Sum: 0.0]
      [GC Worker Other (ms): Min: 0.1, Avg: 0.1, Max: 0.1, Diff: 0.1, Sum: 0.2]
      [GC Worker Total (ms): Min: 458.5, Avg: 458.5, Max: 458.5, Diff: 0.0, Sum: 916.9]
      [GC Worker End (ms): Min: 28129662.7, Avg: 28129662.7, Max: 28129662.7, Diff: 0.1]
   [Code Root Fixup: 0.0 ms]
   [Clear CT: 0.9 ms]
   [Other: 13.6 ms]
      [Choose CSet: 0.0 ms]
      [Ref Proc: 5.3 ms]
      [Ref Enq: 0.1 ms]
      [Free CSet: 5.0 ms]
   [Eden: 929.0M(929.0M)->0.0B(951.0M) Survivors: 95.0M->73.0M Heap: 2103.1M(3072.0M)->1198.6M(3072.0M)]
 [Times: user=0.93 sys=0.00, real=0.47 secs] 
28134.758: [GC pause (young)
Desired survivor size 67108864 bytes, new threshold 2 (max 32)
- age   1:   40269968 bytes,   40269968 total
- age   2:   34408080 bytes,   74678048 total
, 0.4641870 secs]
   [Parallel Time: 448.4 ms, GC Workers: 2]
      [GC Worker Start (ms): Min: 28134759.3, Avg: 28134759.3, Max: 28134759.3, Diff: 0.0]
      [Ext Root Scanning (ms): Min: 54.9, Avg: 62.3, Max: 69.7, Diff: 14.8, Sum: 124.6]
      [Update RS (ms): Min: 47.5, Avg: 57.0, Max: 66.6, Diff: 19.1, Sum: 114.1]
         [Processed Buffers: Min: 107, Avg: 150.0, Max: 193, Diff: 86, Sum: 300]
      [Scan RS (ms): Min: 86.7, Avg: 86.8, Max: 86.9, Diff: 0.2, Sum: 173.6]
      [Object Copy (ms): Min: 240.1, Avg: 242.1, Max: 244.2, Diff: 4.1, Sum: 484.3]
      [Termination (ms): Min: 0.0, Avg: 0.0, Max: 0.0, Diff: 0.0, Sum: 0.0]
      [GC Worker Other (ms): Min: 0.1, Avg: 0.1, Max: 0.1, Diff: 0.0, Sum: 0.2]
      [GC Worker Total (ms): Min: 448.3, Avg: 448.3, Max: 448.4, Diff: 0.0, Sum: 896.7]
      [GC Worker End (ms): Min: 28135207.7, Avg: 28135207.7, Max: 28135207.7, Diff: 0.0]
   [Code Root Fixup: 0.0 ms]
   [Clear CT: 0.8 ms]
   [Other: 15.0 ms]
      [Choose CSet: 0.0 ms]
      [Ref Proc: 6.6 ms]
      [Ref Enq: 0.1 ms]
      [Free CSet: 5.3 ms]
   [Eden: 951.0M(951.0M)->0.0B(956.0M) Survivors: 73.0M->68.0M Heap: 2161.1M(3072.0M)->1235.6M(3072.0M)]
 [Times: user=0.91 sys=0.00, real=0.46 secs] 
28140.135: [GC pause (young)
Desired survivor size 67108864 bytes, new threshold 2 (max 32)
- age   1:   38532656 bytes,   38532656 total
- age   2:   30232664 bytes,   68765320 total
, 0.4730050 secs]
   [Parallel Time: 461.5 ms, GC Workers: 2]
      [GC Worker Start (ms): Min: 28140136.3, Avg: 28140136.3, Max: 28140136.3, Diff: 0.0]
      [Ext Root Scanning (ms): Min: 54.0, Avg: 61.9, Max: 69.8, Diff: 15.9, Sum: 123.8]
      [Update RS (ms): Min: 42.9, Avg: 53.4, Max: 63.8, Diff: 20.9, Sum: 106.7]
         [Processed Buffers: Min: 124, Avg: 139.5, Max: 155, Diff: 31, Sum: 279]
      [Scan RS (ms): Min: 78.9, Avg: 79.0, Max: 79.1, Diff: 0.2, Sum: 158.0]
      [Object Copy (ms): Min: 264.7, Avg: 267.1, Max: 269.6, Diff: 4.9, Sum: 534.3]
      [Termination (ms): Min: 0.0, Avg: 0.0, Max: 0.0, Diff: 0.0, Sum: 0.0]
      [GC Worker Other (ms): Min: 0.1, Avg: 0.1, Max: 0.1, Diff: 0.0, Sum: 0.2]
      [GC Worker Total (ms): Min: 461.5, Avg: 461.5, Max: 461.5, Diff: 0.0, Sum: 922.9]
      [GC Worker End (ms): Min: 28140597.7, Avg: 28140597.7, Max: 28140597.7, Diff: 0.0]
   [Code Root Fixup: 0.0 ms]
   [Clear CT: 1.2 ms]
   [Other: 10.3 ms]
      [Choose CSet: 0.0 ms]
      [Ref Proc: 2.6 ms]
      [Ref Enq: 0.0 ms]
      [Free CSet: 4.9 ms]
   [Eden: 956.0M(956.0M)->0.0B(942.0M) Survivors: 68.0M->82.0M Heap: 2220.7M(3072.0M)->1307.2M(3072.0M)]
 [Times: user=0.93 sys=0.00, real=0.47 secs] 
28145.150: [GC pause (young)
Desired survivor size 67108864 bytes, new threshold 2 (max 32)
- age   1:   50715736 bytes,   50715736 total
- age   2:   33630752 bytes,   84346488 total
, 0.4021910 secs]
   [Parallel Time: 390.3 ms, GC Workers: 2]
      [GC Worker Start (ms): Min: 28145151.0, Avg: 28145151.0, Max: 28145151.0, Diff: 0.1]
      [Ext Root Scanning (ms): Min: 50.1, Avg: 63.1, Max: 76.2, Diff: 26.2, Sum: 126.3]
      [Update RS (ms): Min: 4.9, Avg: 16.0, Max: 27.2, Diff: 22.3, Sum: 32.1]
         [Processed Buffers: Min: 17, Avg: 149.0, Max: 281, Diff: 264, Sum: 298]
      [Scan RS (ms): Min: 75.9, Avg: 75.9, Max: 75.9, Diff: 0.1, Sum: 151.8]
      [Object Copy (ms): Min: 232.8, Avg: 234.8, Max: 236.8, Diff: 4.0, Sum: 469.6]
      [Termination (ms): Min: 0.0, Avg: 0.0, Max: 0.0, Diff: 0.0, Sum: 0.0]
      [GC Worker Other (ms): Min: 0.1, Avg: 0.1, Max: 0.2, Diff: 0.1, Sum: 0.3]
      [GC Worker Total (ms): Min: 390.0, Avg: 390.0, Max: 390.0, Diff: 0.0, Sum: 780.0]
      [GC Worker End (ms): Min: 28145540.9, Avg: 28145541.0, Max: 28145541.0, Diff: 0.1]
   [Code Root Fixup: 0.0 ms]
   [Clear CT: 0.7 ms]
   [Other: 11.2 ms]
      [Choose CSet: 0.0 ms]
      [Ref Proc: 3.6 ms]
      [Ref Enq: 0.0 ms]
      [Free CSet: 5.2 ms]
   [Eden: 713.0M(942.0M)->0.0B(951.0M) Survivors: 82.0M->73.0M Heap: 2029.3M(3072.0M)->1338.7M(3072.0M)]
 [Times: user=0.79 sys=0.00, real=0.41 secs] 
28145.574: [GC pause (young) (initial-mark)
Desired survivor size 67108864 bytes, new threshold 2 (max 32)
- age   1:   40586968 bytes,   40586968 total
- age   2:   33641672 bytes,   74228640 total
, 0.4095280 secs]
   [Parallel Time: 406.7 ms, GC Workers: 2]
      [GC Worker Start (ms): Min: 28145574.8, Avg: 28145574.8, Max: 28145574.9, Diff: 0.0]
      [Ext Root Scanning (ms): Min: 56.1, Avg: 66.4, Max: 76.7, Diff: 20.6, Sum: 132.8]
      [Update RS (ms): Min: 166.3, Avg: 176.9, Max: 187.4, Diff: 21.2, Sum: 353.7]
         [Processed Buffers: Min: 261, Avg: 284.0, Max: 307, Diff: 46, Sum: 568]
      [Scan RS (ms): Min: 2.1, Avg: 2.1, Max: 2.1, Diff: 0.0, Sum: 4.2]
      [Object Copy (ms): Min: 160.8, Avg: 161.1, Max: 161.4, Diff: 0.6, Sum: 322.2]
      [Termination (ms): Min: 0.0, Avg: 0.0, Max: 0.0, Diff: 0.0, Sum: 0.0]
      [GC Worker Other (ms): Min: 0.1, Avg: 0.1, Max: 0.1, Diff: 0.0, Sum: 0.2]
      [GC Worker Total (ms): Min: 406.6, Avg: 406.6, Max: 406.6, Diff: 0.1, Sum: 813.2]
      [GC Worker End (ms): Min: 28145981.4, Avg: 28145981.4, Max: 28145981.4, Diff: 0.0]
   [Code Root Fixup: 0.0 ms]
   [Clear CT: 0.1 ms]
   [Other: 2.7 ms]
      [Choose CSet: 0.0 ms]
      [Ref Proc: 0.4 ms]
      [Ref Enq: 0.0 ms]
      [Free CSet: 0.3 ms]
   [Eden: 3072.0K(951.0M)->0.0B(984.0M) Survivors: 73.0M->40.0M Heap: 1349.7M(3072.0M)->1346.2M(3072.0M)]
 [Times: user=0.82 sys=0.00, real=0.41 secs] 
28145.984: [GC concurrent-root-region-scan-start]
28146.135: [GC concurrent-root-region-scan-end, 0.1514180 secs]
28146.135: [GC concurrent-mark-start]
28149.601: [GC concurrent-mark-end, 3.4657700 secs]
28149.603: [GC remark 28149.605: [GC ref-proc, 0.8078170 secs], 0.8784820 secs]
 [Times: user=0.88 sys=0.00, real=0.88 secs] 
28150.485: [GC cleanup 2020M->1771M(3072M), 0.0276250 secs]
 [Times: user=0.06 sys=0.00, real=0.03 secs] 
28150.513: [GC concurrent-cleanup-start]
28150.514: [GC concurrent-cleanup-end, 0.0005800 secs]
28152.212: [GC pause (young)
Desired survivor size 67108864 bytes, new threshold 16 (max 32)
- age   1:     244712 bytes,     244712 total
- age   2:   39171824 bytes,   39416536 total
, 0.3599190 secs]
   [Parallel Time: 348.6 ms, GC Workers: 2]
      [GC Worker Start (ms): Min: 28152214.0, Avg: 28152214.0, Max: 28152214.0, Diff: 0.0]
      [Ext Root Scanning (ms): Min: 60.0, Avg: 64.6, Max: 69.1, Diff: 9.1, Sum: 129.1]
      [Update RS (ms): Min: 35.5, Avg: 41.9, Max: 48.3, Diff: 12.8, Sum: 83.8]
         [Processed Buffers: Min: 85, Avg: 133.5, Max: 182, Diff: 97, Sum: 267]
      [Scan RS (ms): Min: 65.4, Avg: 65.7, Max: 66.0, Diff: 0.6, Sum: 131.4]
      [Object Copy (ms): Min: 174.1, Avg: 176.2, Max: 178.3, Diff: 4.3, Sum: 352.4]
      [Termination (ms): Min: 0.0, Avg: 0.0, Max: 0.0, Diff: 0.0, Sum: 0.0]
      [GC Worker Other (ms): Min: 0.1, Avg: 0.1, Max: 0.1, Diff: 0.0, Sum: 0.3]
      [GC Worker Total (ms): Min: 348.4, Avg: 348.5, Max: 348.5, Diff: 0.0, Sum: 696.9]
      [GC Worker End (ms): Min: 28152562.5, Avg: 28152562.5, Max: 28152562.5, Diff: 0.0]
   [Code Root Fixup: 0.0 ms]
   [Clear CT: 0.7 ms]
   [Other: 10.7 ms]
      [Choose CSet: 0.0 ms]
      [Ref Proc: 3.0 ms]
      [Ref Enq: 0.0 ms]
      [Free CSet: 5.1 ms]
   [Eden: 984.0M(984.0M)->0.0B(954.0M) Survivors: 40.0M->70.0M Heap: 2092.2M(3072.0M)->1137.7M(3072.0M)]
 [Times: user=0.71 sys=0.00, real=0.36 secs] 
28158.394: [GC pause (mixed)
Desired survivor size 67108864 bytes, new threshold 3 (max 32)
- age   1:   42221592 bytes,   42221592 total
- age   2:      33656 bytes,   42255248 total
- age   3:   28233512 bytes,   70488760 total
, 0.4374520 secs]
   [Parallel Time: 425.0 ms, GC Workers: 2]
      [GC Worker Start (ms): Min: 28158396.4, Avg: 28158396.8, Max: 28158397.2, Diff: 0.8]
      [Ext Root Scanning (ms): Min: 52.9, Avg: 60.1, Max: 67.4, Diff: 14.5, Sum: 120.3]
      [Update RS (ms): Min: 40.8, Avg: 50.7, Max: 60.6, Diff: 19.8, Sum: 101.3]
         [Processed Buffers: Min: 38, Avg: 138.5, Max: 239, Diff: 201, Sum: 277]
      [Scan RS (ms): Min: 86.6, Avg: 86.7, Max: 86.8, Diff: 0.1, Sum: 173.4]
      [Object Copy (ms): Min: 224.6, Avg: 226.8, Max: 228.9, Diff: 4.3, Sum: 453.5]
      [Termination (ms): Min: 0.0, Avg: 0.0, Max: 0.0, Diff: 0.0, Sum: 0.0]
      [GC Worker Other (ms): Min: 0.1, Avg: 0.2, Max: 0.2, Diff: 0.0, Sum: 0.3]
      [GC Worker Total (ms): Min: 424.1, Avg: 424.5, Max: 424.8, Diff: 0.8, Sum: 848.9]
      [GC Worker End (ms): Min: 28158821.2, Avg: 28158821.3, Max: 28158821.3, Diff: 0.1]
   [Code Root Fixup: 0.0 ms]
   [Clear CT: 0.9 ms]
   [Other: 11.5 ms]
      [Choose CSet: 0.5 ms]
      [Ref Proc: 3.0 ms]
      [Ref Enq: 0.0 ms]
      [Free CSet: 5.3 ms]
   [Eden: 954.0M(954.0M)->0.0B(953.0M) Survivors: 70.0M->71.0M Heap: 2116.9M(3072.0M)->1140.4M(3072.0M)]
 [Times: user=0.86 sys=0.00, real=0.43 secs] 
28165.070: [GC pause (young)
Desired survivor size 67108864 bytes, new threshold 2 (max 32)
- age   1:   41578752 bytes,   41578752 total
- age   2:   30692992 bytes,   72271744 total
- age   3:      33440 bytes,   72305184 total
, 0.4402920 secs]
   [Parallel Time: 430.5 ms, GC Workers: 2]
      [GC Worker Start (ms): Min: 28165071.5, Avg: 28165071.6, Max: 28165071.6, Diff: 0.0]
      [Ext Root Scanning (ms): Min: 48.3, Avg: 58.7, Max: 69.2, Diff: 20.8, Sum: 117.5]
      [Update RS (ms): Min: 26.9, Avg: 35.8, Max: 44.8, Diff: 17.8, Sum: 71.7]
         [Processed Buffers: Min: 69, Avg: 133.0, Max: 197, Diff: 128, Sum: 266]
      [Scan RS (ms): Min: 82.6, Avg: 82.7, Max: 82.8, Diff: 0.2, Sum: 165.3]
      [Object Copy (ms): Min: 251.4, Avg: 253.0, Max: 254.6, Diff: 3.2, Sum: 506.1]
      [Termination (ms): Min: 0.0, Avg: 0.0, Max: 0.0, Diff: 0.0, Sum: 0.0]
      [GC Worker Other (ms): Min: 0.1, Avg: 0.1, Max: 0.1, Diff: 0.0, Sum: 0.2]
      [GC Worker Total (ms): Min: 430.4, Avg: 430.4, Max: 430.4, Diff: 0.0, Sum: 860.8]
      [GC Worker End (ms): Min: 28165502.0, Avg: 28165502.0, Max: 28165502.0, Diff: 0.0]
   [Code Root Fixup: 0.0 ms]
   [Clear CT: 0.9 ms]
   [Other: 8.9 ms]
      [Choose CSet: 0.0 ms]
      [Ref Proc: 3.1 ms]
      [Ref Enq: 0.1 ms]
      [Free CSet: 3.4 ms]
   [Eden: 953.0M(953.0M)->0.0B(918.0M) Survivors: 71.0M->106.0M Heap: 2190.4M(3072.0M)->1294.9M(3072.0M)]
 [Times: user=0.87 sys=0.00, real=0.44 secs] 
28169.184: [GC pause (young)
Desired survivor size 67108864 bytes, new threshold 1 (max 32)
- age   1:   82543352 bytes,   82543352 total
- age   2:   25721136 bytes,  108264488 total
, 0.5960580 secs]
   [Parallel Time: 587.6 ms, GC Workers: 2]
      [GC Worker Start (ms): Min: 28169185.2, Avg: 28169185.2, Max: 28169185.2, Diff: 0.0]
      [Ext Root Scanning (ms): Min: 53.9, Avg: 61.6, Max: 69.3, Diff: 15.3, Sum: 123.2]
      [Update RS (ms): Min: 0.8, Avg: 10.7, Max: 20.5, Diff: 19.8, Sum: 21.3]
         [Processed Buffers: Min: 83, Avg: 134.0, Max: 185, Diff: 102, Sum: 268]
      [Scan RS (ms): Min: 46.6, Avg: 46.6, Max: 46.6, Diff: 0.0, Sum: 93.2]
      [Object Copy (ms): Min: 466.3, Avg: 468.5, Max: 470.7, Diff: 4.4, Sum: 937.0]
      [Termination (ms): Min: 0.0, Avg: 0.0, Max: 0.0, Diff: 0.0, Sum: 0.0]
      [GC Worker Other (ms): Min: 0.1, Avg: 0.1, Max: 0.1, Diff: 0.0, Sum: 0.2]
      [GC Worker Total (ms): Min: 587.5, Avg: 587.5, Max: 587.5, Diff: 0.0, Sum: 1174.9]
      [GC Worker End (ms): Min: 28169772.6, Avg: 28169772.6, Max: 28169772.7, Diff: 0.0]
   [Code Root Fixup: 0.0 ms]
   [Clear CT: 0.5 ms]
   [Other: 7.9 ms]
      [Choose CSet: 0.0 ms]
      [Ref Proc: 1.8 ms]
      [Ref Enq: 0.0 ms]
      [Free CSet: 3.3 ms]
   [Eden: 840.0M(918.0M)->0.0B(905.0M) Survivors: 106.0M->119.0M Heap: 2176.4M(3072.0M)->1427.1M(3072.0M)]
 [Times: user=1.18 sys=0.00, real=0.60 secs] 
28169.796: [GC pause (young) (initial-mark)
Desired survivor size 67108864 bytes, new threshold 1 (max 32)
- age   1:  119887176 bytes,  119887176 total
, 0.5920200 secs]
   [Parallel Time: 568.1 ms, GC Workers: 2]
      [GC Worker Start (ms): Min: 28169796.6, Avg: 28169796.6, Max: 28169796.6, Diff: 0.0]
      [Ext Root Scanning (ms): Min: 53.2, Avg: 64.9, Max: 76.6, Diff: 23.5, Sum: 129.8]
      [Update RS (ms): Min: 216.1, Avg: 227.3, Max: 238.4, Diff: 22.4, Sum: 454.5]
         [Processed Buffers: Min: 378, Avg: 414.5, Max: 451, Diff: 73, Sum: 829]
      [Scan RS (ms): Min: 0.2, Avg: 0.2, Max: 0.2, Diff: 0.0, Sum: 0.5]
      [Object Copy (ms): Min: 274.9, Avg: 275.4, Max: 276.0, Diff: 1.0, Sum: 550.9]
      [Termination (ms): Min: 0.0, Avg: 0.0, Max: 0.0, Diff: 0.0, Sum: 0.0]
      [GC Worker Other (ms): Min: 0.1, Avg: 0.1, Max: 0.1, Diff: 0.0, Sum: 0.2]
      [GC Worker Total (ms): Min: 567.9, Avg: 567.9, Max: 568.0, Diff: 0.1, Sum: 1135.9]
      [GC Worker End (ms): Min: 28170364.5, Avg: 28170364.5, Max: 28170364.6, Diff: 0.0]
   [Code Root Fixup: 0.0 ms]
   [Clear CT: 0.1 ms]
   [Other: 23.8 ms]
      [Choose CSet: 0.0 ms]
      [Ref Proc: 20.5 ms]
      [Ref Enq: 0.0 ms]
      [Free CSet: 0.4 ms]
   [Eden: 2048.0K(905.0M)->0.0B(1022.0M) Survivors: 119.0M->2048.0K Heap: 1436.8M(3072.0M)->1435.6M(3072.0M)]
 [Times: user=1.15 sys=0.00, real=0.59 secs] 
28170.388: [GC concurrent-root-region-scan-start]
28170.391: [GC concurrent-root-region-scan-end, 0.0025830 secs]
28170.391: [GC concurrent-mark-start]
28173.002: [GC concurrent-mark-end, 2.6112890 secs]
28173.005: [GC remark 28173.007: [GC ref-proc, 0.0241100 secs], 0.0962080 secs]
 [Times: user=0.10 sys=0.00, real=0.09 secs] 
28173.103: [GC cleanup 1842M->1596M(3072M), 0.0290740 secs]
 [Times: user=0.05 sys=0.00, real=0.03 secs] 
28173.132: [GC concurrent-cleanup-start]
28173.133: [GC concurrent-cleanup-end, 0.0006840 secs]
28177.207: [GC pause (young)
Desired survivor size 67108864 bytes, new threshold 16 (max 32)
- age   1:     119840 bytes,     119840 total
, 0.2513230 secs]
   [Parallel Time: 238.5 ms, GC Workers: 2]
      [GC Worker Start (ms): Min: 28177208.3, Avg: 28177208.3, Max: 28177208.3, Diff: 0.0]
      [Ext Root Scanning (ms): Min: 56.4, Avg: 63.3, Max: 70.3, Diff: 13.9, Sum: 126.7]
      [Update RS (ms): Min: 29.6, Avg: 39.1, Max: 48.6, Diff: 19.0, Sum: 78.2]
         [Processed Buffers: Min: 102, Avg: 147.0, Max: 192, Diff: 90, Sum: 294]
      [Scan RS (ms): Min: 37.7, Avg: 37.8, Max: 37.8, Diff: 0.0, Sum: 75.5]
      [Object Copy (ms): Min: 95.6, Avg: 98.1, Max: 100.6, Diff: 5.0, Sum: 196.1]
      [Termination (ms): Min: 0.0, Avg: 0.0, Max: 0.0, Diff: 0.0, Sum: 0.0]
      [GC Worker Other (ms): Min: 0.1, Avg: 0.1, Max: 0.1, Diff: 0.0, Sum: 0.2]
      [GC Worker Total (ms): Min: 238.3, Avg: 238.4, Max: 238.4, Diff: 0.0, Sum: 476.7]
      [GC Worker End (ms): Min: 28177446.7, Avg: 28177446.7, Max: 28177446.7, Diff: 0.0]
   [Code Root Fixup: 0.0 ms]
   [Clear CT: 0.7 ms]
   [Other: 12.1 ms]
      [Choose CSet: 0.0 ms]
      [Ref Proc: 5.9 ms]
      [Ref Enq: 0.2 ms]
      [Free CSet: 3.9 ms]
   [Eden: 1022.0M(1022.0M)->0.0B(985.0M) Survivors: 2048.0K->39.0M Heap: 2248.3M(3072.0M)->1263.8M(3072.0M)]
 [Times: user=0.49 sys=0.00, real=0.25 secs] 
28182.422: [GC pause (mixed)
Desired survivor size 67108864 bytes, new threshold 16 (max 32)
- age   1:   38571752 bytes,   38571752 total
- age   2:      59184 bytes,   38630936 total
, 0.3264660 secs]
   [Parallel Time: 315.2 ms, GC Workers: 2]
      [GC Worker Start (ms): Min: 28182423.9, Avg: 28182423.9, Max: 28182423.9, Diff: 0.0]
      [Ext Root Scanning (ms): Min: 52.7, Avg: 63.4, Max: 74.1, Diff: 21.5, Sum: 126.8]
      [Update RS (ms): Min: 4.8, Avg: 13.9, Max: 23.0, Diff: 18.2, Sum: 27.8]
         [Processed Buffers: Min: 125, Avg: 136.5, Max: 148, Diff: 23, Sum: 273]
      [Scan RS (ms): Min: 76.1, Avg: 76.2, Max: 76.3, Diff: 0.2, Sum: 152.4]
      [Object Copy (ms): Min: 159.8, Avg: 161.5, Max: 163.2, Diff: 3.5, Sum: 323.0]
      [Termination (ms): Min: 0.0, Avg: 0.0, Max: 0.0, Diff: 0.0, Sum: 0.0]
      [GC Worker Other (ms): Min: 0.1, Avg: 0.1, Max: 0.1, Diff: 0.0, Sum: 0.1]
      [GC Worker Total (ms): Min: 315.1, Avg: 315.1, Max: 315.1, Diff: 0.0, Sum: 630.1]
      [GC Worker End (ms): Min: 28182738.9, Avg: 28182739.0, Max: 28182739.0, Diff: 0.0]
   [Code Root Fixup: 0.0 ms]
   [Clear CT: 1.0 ms]
   [Other: 10.3 ms]
      [Choose CSet: 0.9 ms]
      [Ref Proc: 3.7 ms]
      [Ref Enq: 0.1 ms]
      [Free CSet: 4.2 ms]
   [Eden: 985.0M(985.0M)->0.0B(953.0M) Survivors: 39.0M->71.0M Heap: 2295.3M(3072.0M)->1250.8M(3072.0M)]
 [Times: user=0.64 sys=0.00, real=0.33 secs] 
28188.466: [GC pause (mixed)
Desired survivor size 67108864 bytes, new threshold 2 (max 32)
- age   1:   46329464 bytes,   46329464 total
- age   2:   24317640 bytes,   70647104 total
- age   3:      59184 bytes,   70706288 total
, 0.3467130 secs]
   [Parallel Time: 334.6 ms, GC Workers: 2]
      [GC Worker Start (ms): Min: 28188467.4, Avg: 28188467.5, Max: 28188467.6, Diff: 0.2]
      [Ext Root Scanning (ms): Min: 56.0, Avg: 63.8, Max: 71.5, Diff: 15.5, Sum: 127.5]
      [Update RS (ms): Min: 23.7, Avg: 34.3, Max: 44.8, Diff: 21.1, Sum: 68.6]
         [Processed Buffers: Min: 129, Avg: 142.0, Max: 155, Diff: 26, Sum: 284]
      [Scan RS (ms): Min: 78.7, Avg: 78.8, Max: 78.8, Diff: 0.1, Sum: 157.6]
      [Object Copy (ms): Min: 154.5, Avg: 157.5, Max: 160.5, Diff: 6.0, Sum: 315.0]
      [Termination (ms): Min: 0.0, Avg: 0.0, Max: 0.0, Diff: 0.0, Sum: 0.0]
      [GC Worker Other (ms): Min: 0.1, Avg: 0.1, Max: 0.1, Diff: 0.0, Sum: 0.2]
      [GC Worker Total (ms): Min: 334.3, Avg: 334.4, Max: 334.5, Diff: 0.2, Sum: 668.9]
      [GC Worker End (ms): Min: 28188801.9, Avg: 28188801.9, Max: 28188801.9, Diff: 0.0]
   [Code Root Fixup: 0.0 ms]
   [Clear CT: 1.0 ms]
   [Other: 11.1 ms]
      [Choose CSet: 1.1 ms]
      [Ref Proc: 5.0 ms]
      [Ref Enq: 0.1 ms]
      [Free CSet: 3.5 ms]
   [Eden: 953.0M(953.0M)->0.0B(973.0M) Survivors: 71.0M->51.0M Heap: 2229.0M(3072.0M)->1186.5M(3072.0M)]
 [Times: user=0.68 sys=0.00, real=0.35 secs] 
28196.435: [GC pause (mixed)
Desired survivor size 67108864 bytes, new threshold 16 (max 32)
- age   1:   27732944 bytes,   27732944 total
- age   2:   21982960 bytes,   49715904 total
, 0.3655910 secs]
   [Parallel Time: 349.3 ms, GC Workers: 2]
      [GC Worker Start (ms): Min: 28196436.8, Avg: 28196436.8, Max: 28196436.9, Diff: 0.0]
      [Ext Root Scanning (ms): Min: 54.7, Avg: 63.1, Max: 71.5, Diff: 16.9, Sum: 126.2]
      [Update RS (ms): Min: 14.5, Avg: 25.7, Max: 37.0, Diff: 22.4, Sum: 51.5]
         [Processed Buffers: Min: 103, Avg: 155.5, Max: 208, Diff: 105, Sum: 311]
      [Scan RS (ms): Min: 96.0, Avg: 96.1, Max: 96.1, Diff: 0.1, Sum: 192.1]
      [Object Copy (ms): Min: 161.3, Avg: 164.1, Max: 167.0, Diff: 5.7, Sum: 328.3]
      [Termination (ms): Min: 0.0, Avg: 0.0, Max: 0.0, Diff: 0.0, Sum: 0.0]
      [GC Worker Other (ms): Min: 0.1, Avg: 0.1, Max: 0.1, Diff: 0.0, Sum: 0.2]
      [GC Worker Total (ms): Min: 349.1, Avg: 349.1, Max: 349.2, Diff: 0.0, Sum: 698.3]
      [GC Worker End (ms): Min: 28196786.0, Avg: 28196786.0, Max: 28196786.0, Diff: 0.0]
   [Code Root Fixup: 0.0 ms]
   [Clear CT: 1.2 ms]
   [Other: 15.1 ms]
      [Choose CSet: 1.5 ms]
      [Ref Proc: 7.8 ms]
      [Ref Enq: 0.2 ms]
      [Free CSet: 3.9 ms]
   [Eden: 973.0M(973.0M)->0.0B(961.0M) Survivors: 51.0M->63.0M Heap: 2180.2M(3072.0M)->1116.7M(3072.0M)]
 [Times: user=0.72 sys=0.00, real=0.37 secs] 
28203.020: [GC pause (mixed)
Desired survivor size 67108864 bytes, new threshold 16 (max 32)
- age   1:   27157576 bytes,   27157576 total
- age   2:   13266280 bytes,   40423856 total
- age   3:   20891848 bytes,   61315704 total
, 0.2721280 secs]
   [Parallel Time: 259.4 ms, GC Workers: 2]
      [GC Worker Start (ms): Min: 28203021.5, Avg: 28203021.5, Max: 28203021.5, Diff: 0.0]
      [Ext Root Scanning (ms): Min: 55.3, Avg: 62.4, Max: 69.5, Diff: 14.3, Sum: 124.8]
      [Update RS (ms): Min: 12.7, Avg: 22.0, Max: 31.2, Diff: 18.5, Sum: 44.0]
         [Processed Buffers: Min: 64, Avg: 159.5, Max: 255, Diff: 191, Sum: 319]
      [Scan RS (ms): Min: 47.6, Avg: 47.6, Max: 47.7, Diff: 0.1, Sum: 95.3]
      [Object Copy (ms): Min: 124.9, Avg: 127.1, Max: 129.3, Diff: 4.3, Sum: 254.2]
      [Termination (ms): Min: 0.0, Avg: 0.0, Max: 0.0, Diff: 0.0, Sum: 0.0]
      [GC Worker Other (ms): Min: 0.1, Avg: 0.1, Max: 0.1, Diff: 0.0, Sum: 0.2]
      [GC Worker Total (ms): Min: 259.3, Avg: 259.3, Max: 259.3, Diff: 0.0, Sum: 518.5]
      [GC Worker End (ms): Min: 28203280.7, Avg: 28203280.8, Max: 28203280.8, Diff: 0.0]
   [Code Root Fixup: 0.0 ms]
   [Clear CT: 1.1 ms]
   [Other: 11.6 ms]
      [Choose CSet: 0.4 ms]
      [Ref Proc: 7.0 ms]
      [Ref Enq: 0.5 ms]
      [Free CSet: 2.5 ms]
   [Eden: 961.0M(961.0M)->0.0B(958.0M) Survivors: 63.0M->66.0M Heap: 2117.6M(3072.0M)->1144.1M(3072.0M)]
 [Times: user=0.53 sys=0.00, real=0.27 secs] 
28210.457: [GC pause (young)
Desired survivor size 67108864 bytes, new threshold 16 (max 32)
- age   1:   25968712 bytes,   25968712 total
- age   2:    8289328 bytes,   34258040 total
- age   3:   10610176 bytes,   44868216 total
- age   4:   20592504 bytes,   65460720 total
, 0.4640350 secs]
   [Parallel Time: 452.4 ms, GC Workers: 2]
      [GC Worker Start (ms): Min: 28210457.7, Avg: 28210457.7, Max: 28210457.8, Diff: 0.0]
      [Ext Root Scanning (ms): Min: 55.3, Avg: 63.4, Max: 71.5, Diff: 16.1, Sum: 126.8]
      [Update RS (ms): Min: 41.3, Avg: 51.7, Max: 62.1, Diff: 20.8, Sum: 103.4]
         [Processed Buffers: Min: 64, Avg: 161.0, Max: 258, Diff: 194, Sum: 322]
      [Scan RS (ms): Min: 15.4, Avg: 15.4, Max: 15.4, Diff: 0.1, Sum: 30.8]
      [Object Copy (ms): Min: 319.4, Avg: 321.7, Max: 324.0, Diff: 4.6, Sum: 643.4]
      [Termination (ms): Min: 0.0, Avg: 0.0, Max: 0.0, Diff: 0.0, Sum: 0.0]
      [GC Worker Other (ms): Min: 0.1, Avg: 0.1, Max: 0.1, Diff: 0.0, Sum: 0.2]
      [GC Worker Total (ms): Min: 452.3, Avg: 452.3, Max: 452.3, Diff: 0.0, Sum: 904.6]
      [GC Worker End (ms): Min: 28210910.1, Avg: 28210910.1, Max: 28210910.1, Diff: 0.0]
   [Code Root Fixup: 0.0 ms]
   [Clear CT: 0.7 ms]
   [Other: 10.8 ms]
      [Choose CSet: 0.0 ms]
      [Ref Proc: 7.3 ms]
      [Ref Enq: 0.1 ms]
      [Free CSet: 2.1 ms]
   [Eden: 958.0M(958.0M)->0.0B(896.0M) Survivors: 66.0M->128.0M Heap: 2106.1M(3072.0M)->1236.1M(3072.0M)]
 [Times: user=0.92 sys=0.01, real=0.47 secs] 
28215.359: [GC pause (young)
Desired survivor size 67108864 bytes, new threshold 1 (max 32)
- age   1:  107997936 bytes,  107997936 total
- age   2:   12671280 bytes,  120669216 total
- age   3:    6577184 bytes,  127246400 total
- age   4:    7547840 bytes,  134794240 total
- age   5:   20425168 bytes,  155219408 total
, 0.6333150 secs]
   [Parallel Time: 622.9 ms, GC Workers: 2]
      [GC Worker Start (ms): Min: 28215359.9, Avg: 28215359.9, Max: 28215359.9, Diff: 0.0]
      [Ext Root Scanning (ms): Min: 55.4, Avg: 63.1, Max: 70.9, Diff: 15.5, Sum: 126.2]
      [Update RS (ms): Min: 31.1, Avg: 41.5, Max: 51.8, Diff: 20.6, Sum: 82.9]
         [Processed Buffers: Min: 138, Avg: 154.0, Max: 170, Diff: 32, Sum: 308]
      [Scan RS (ms): Min: 64.2, Avg: 64.2, Max: 64.3, Diff: 0.0, Sum: 128.5]
      [Object Copy (ms): Min: 451.2, Avg: 453.8, Max: 456.4, Diff: 5.2, Sum: 907.6]
      [Termination (ms): Min: 0.0, Avg: 0.0, Max: 0.0, Diff: 0.0, Sum: 0.0]
      [GC Worker Other (ms): Min: 0.1, Avg: 0.1, Max: 0.1, Diff: 0.0, Sum: 0.2]
      [GC Worker Total (ms): Min: 622.7, Avg: 622.7, Max: 622.7, Diff: 0.0, Sum: 1245.4]
      [GC Worker End (ms): Min: 28215982.6, Avg: 28215982.6, Max: 28215982.6, Diff: 0.0]
   [Code Root Fixup: 0.0 ms]
   [Clear CT: 0.7 ms]
   [Other: 9.7 ms]
      [Choose CSet: 0.0 ms]
      [Ref Proc: 3.8 ms]
      [Ref Enq: 0.1 ms]
      [Free CSet: 3.0 ms]
   [Eden: 896.0M(896.0M)->0.0B(931.0M) Survivors: 128.0M->93.0M Heap: 2157.2M(3072.0M)->1347.1M(3072.0M)]
 [Times: user=1.25 sys=0.00, real=0.63 secs] 
28220.880: [GC pause (young)
Desired survivor size 67108864 bytes, new threshold 1 (max 32)
- age   1:   92088480 bytes,   92088480 total
, 0.4662240 secs]
   [Parallel Time: 453.1 ms, GC Workers: 2]
      [GC Worker Start (ms): Min: 28220882.2, Avg: 28220882.2, Max: 28220882.2, Diff: 0.0]
      [Ext Root Scanning (ms): Min: 56.0, Avg: 66.7, Max: 77.5, Diff: 21.6, Sum: 133.5]
      [Update RS (ms): Min: 35.8, Avg: 49.1, Max: 62.4, Diff: 26.6, Sum: 98.2]
         [Processed Buffers: Min: 163, Avg: 180.0, Max: 197, Diff: 34, Sum: 360]
      [Scan RS (ms): Min: 75.3, Avg: 75.3, Max: 75.3, Diff: 0.0, Sum: 150.6]
      [Object Copy (ms): Min: 259.0, Avg: 261.5, Max: 264.0, Diff: 5.0, Sum: 523.0]
      [Termination (ms): Min: 0.0, Avg: 0.0, Max: 0.0, Diff: 0.0, Sum: 0.0]
      [GC Worker Other (ms): Min: 0.1, Avg: 0.1, Max: 0.2, Diff: 0.0, Sum: 0.3]
      [GC Worker Total (ms): Min: 452.8, Avg: 452.8, Max: 452.8, Diff: 0.0, Sum: 905.6]
      [GC Worker End (ms): Min: 28221335.0, Avg: 28221335.0, Max: 28221335.0, Diff: 0.0]
   [Code Root Fixup: 0.0 ms]
   [Clear CT: 0.6 ms]
   [Other: 12.5 ms]
      [Choose CSet: 0.0 ms]
      [Ref Proc: 4.1 ms]
      [Ref Enq: 0.1 ms]
      [Free CSet: 4.3 ms]
   [Eden: 894.0M(931.0M)->0.0B(985.0M) Survivors: 93.0M->39.0M Heap: 2252.6M(3072.0M)->1382.7M(3072.0M)]
 [Times: user=0.91 sys=0.00, real=0.47 secs] 
28221.379: [GC pause (young) (initial-mark)
Desired survivor size 67108864 bytes, new threshold 16 (max 32)
- age   1:   37907600 bytes,   37907600 total
, 0.4249740 secs]
   [Parallel Time: 422.1 ms, GC Workers: 2]
      [GC Worker Start (ms): Min: 28221380.0, Avg: 28221380.0, Max: 28221380.1, Diff: 0.0]
      [Ext Root Scanning (ms): Min: 52.0, Avg: 65.1, Max: 78.2, Diff: 26.2, Sum: 130.2]
      [Update RS (ms): Min: 243.7, Avg: 257.4, Max: 271.2, Diff: 27.5, Sum: 514.9]
         [Processed Buffers: Min: 424, Avg: 483.0, Max: 542, Diff: 118, Sum: 966]
      [Scan RS (ms): Min: 0.1, Avg: 0.1, Max: 0.1, Diff: 0.0, Sum: 0.3]
      [Object Copy (ms): Min: 98.5, Avg: 99.2, Max: 99.8, Diff: 1.3, Sum: 198.4]
      [Termination (ms): Min: 0.0, Avg: 0.0, Max: 0.0, Diff: 0.0, Sum: 0.0]
      [GC Worker Other (ms): Min: 0.0, Avg: 0.1, Max: 0.1, Diff: 0.0, Sum: 0.1]
      [GC Worker Total (ms): Min: 421.9, Avg: 421.9, Max: 421.9, Diff: 0.0, Sum: 843.9]
      [GC Worker End (ms): Min: 28221802.0, Avg: 28221802.0, Max: 28221802.0, Diff: 0.0]
   [Code Root Fixup: 0.0 ms]
   [Clear CT: 0.1 ms]
   [Other: 2.7 ms]
      [Choose CSet: 0.0 ms]
      [Ref Proc: 1.1 ms]
      [Ref Enq: 0.0 ms]
      [Free CSet: 0.2 ms]
   [Eden: 5120.0K(985.0M)->0.0B(986.0M) Survivors: 39.0M->38.0M Heap: 1395.7M(3072.0M)->1389.7M(3072.0M)]
 [Times: user=0.84 sys=0.00, real=0.43 secs] 
28221.805: [GC concurrent-root-region-scan-start]
28221.965: [GC concurrent-root-region-scan-end, 0.1602410 secs]
28221.965: [GC concurrent-mark-start]
28223.956: [GC concurrent-mark-end, 1.9908020 secs]
28223.956: [GC remark 28223.958: [GC ref-proc, 0.2177270 secs], 0.2834460 secs]
 [Times: user=0.29 sys=0.00, real=0.28 secs] 
28224.242: [GC cleanup 1753M->1415M(3072M), 0.0265670 secs]
 [Times: user=0.05 sys=0.00, real=0.03 secs] 
28224.269: [GC concurrent-cleanup-start]
28224.270: [GC concurrent-cleanup-end, 0.0007470 secs]
28227.251: [GC pause (young)
Desired survivor size 67108864 bytes, new threshold 16 (max 32)
- age   1:     575976 bytes,     575976 total
- age   2:   37605368 bytes,   38181344 total
, 0.3529710 secs]
   [Parallel Time: 340.8 ms, GC Workers: 2]
      [GC Worker Start (ms): Min: 28227253.2, Avg: 28227253.2, Max: 28227253.2, Diff: 0.0]
      [Ext Root Scanning (ms): Min: 50.9, Avg: 62.9, Max: 74.9, Diff: 24.0, Sum: 125.9]
      [Update RS (ms): Min: 46.9, Avg: 57.5, Max: 68.1, Diff: 21.2, Sum: 115.0]
         [Processed Buffers: Min: 95, Avg: 166.5, Max: 238, Diff: 143, Sum: 333]
      [Scan RS (ms): Min: 47.7, Avg: 48.0, Max: 48.2, Diff: 0.5, Sum: 95.9]
      [Object Copy (ms): Min: 170.5, Avg: 172.0, Max: 173.6, Diff: 3.0, Sum: 344.1]
      [Termination (ms): Min: 0.0, Avg: 0.0, Max: 0.0, Diff: 0.0, Sum: 0.0]
      [GC Worker Other (ms): Min: 0.1, Avg: 0.2, Max: 0.4, Diff: 0.2, Sum: 0.5]
      [GC Worker Total (ms): Min: 340.6, Avg: 340.7, Max: 340.7, Diff: 0.1, Sum: 681.3]
      [GC Worker End (ms): Min: 28227593.9, Avg: 28227593.9, Max: 28227593.9, Diff: 0.0]
   [Code Root Fixup: 0.0 ms]
   [Clear CT: 0.7 ms]
   [Other: 11.4 ms]
      [Choose CSet: 0.0 ms]
      [Ref Proc: 5.1 ms]
      [Ref Enq: 0.1 ms]
      [Free CSet: 4.0 ms]
   [Eden: 986.0M(986.0M)->0.0B(954.0M) Survivors: 38.0M->70.0M Heap: 2049.0M(3072.0M)->1095.0M(3072.0M)]
 [Times: user=0.69 sys=0.00, real=0.36 secs] 
28234.333: [GC pause (mixed)
Desired survivor size 67108864 bytes, new threshold 3 (max 32)
- age   1:   43089992 bytes,   43089992 total
- age   2:      48104 bytes,   43138096 total
- age   3:   28065776 bytes,   71203872 total
, 0.3913020 secs]
   [Parallel Time: 374.7 ms, GC Workers: 2]
      [GC Worker Start (ms): Min: 28234334.9, Avg: 28234334.9, Max: 28234334.9, Diff: 0.0]
      [Ext Root Scanning (ms): Min: 54.4, Avg: 62.9, Max: 71.3, Diff: 16.9, Sum: 125.7]
      [Update RS (ms): Min: 29.9, Avg: 40.5, Max: 51.0, Diff: 21.2, Sum: 80.9]
         [Processed Buffers: Min: 156, Avg: 173.0, Max: 190, Diff: 34, Sum: 346]
      [Scan RS (ms): Min: 61.3, Avg: 61.4, Max: 61.6, Diff: 0.4, Sum: 122.9]
      [Object Copy (ms): Min: 207.4, Avg: 209.7, Max: 212.1, Diff: 4.7, Sum: 419.5]
      [Termination (ms): Min: 0.0, Avg: 0.0, Max: 0.0, Diff: 0.0, Sum: 0.0]
      [GC Worker Other (ms): Min: 0.1, Avg: 0.1, Max: 0.1, Diff: 0.1, Sum: 0.2]
      [GC Worker Total (ms): Min: 374.6, Avg: 374.6, Max: 374.6, Diff: 0.1, Sum: 749.2]
      [GC Worker End (ms): Min: 28234709.5, Avg: 28234709.5, Max: 28234709.5, Diff: 0.0]
   [Code Root Fixup: 0.0 ms]
   [Clear CT: 1.3 ms]
   [Other: 15.3 ms]
      [Choose CSet: 0.5 ms]
      [Ref Proc: 7.6 ms]
      [Ref Enq: 0.1 ms]
      [Free CSet: 4.9 ms]
   [Eden: 954.0M(954.0M)->0.0B(961.0M) Survivors: 70.0M->63.0M Heap: 2059.3M(3072.0M)->1026.8M(3072.0M)]
 [Times: user=0.77 sys=0.00, real=0.39 secs] 
28241.387: [GC pause (mixed)
Desired survivor size 67108864 bytes, new threshold 16 (max 32)
- age   1:   36567424 bytes,   36567424 total
- age   2:   25791440 bytes,   62358864 total
- age   3:      38472 bytes,   62397336 total
, 0.3871580 secs]
   [Parallel Time: 370.1 ms, GC Workers: 2]
      [GC Worker Start (ms): Min: 28241390.0, Avg: 28241390.2, Max: 28241390.3, Diff: 0.3]
      [Ext Root Scanning (ms): Min: 63.3, Avg: 67.9, Max: 72.5, Diff: 9.2, Sum: 135.8]
      [Update RS (ms): Min: 37.8, Avg: 44.2, Max: 50.7, Diff: 12.9, Sum: 88.5]
         [Processed Buffers: Min: 94, Avg: 154.0, Max: 214, Diff: 120, Sum: 308]
      [Scan RS (ms): Min: 69.9, Avg: 69.9, Max: 69.9, Diff: 0.0, Sum: 139.8]
      [Object Copy (ms): Min: 186.0, Avg: 187.7, Max: 189.4, Diff: 3.4, Sum: 375.4]
      [Termination (ms): Min: 0.0, Avg: 0.0, Max: 0.0, Diff: 0.0, Sum: 0.0]
      [GC Worker Other (ms): Min: 0.1, Avg: 0.1, Max: 0.1, Diff: 0.0, Sum: 0.2]
      [GC Worker Total (ms): Min: 369.7, Avg: 369.8, Max: 370.0, Diff: 0.3, Sum: 739.7]
      [GC Worker End (ms): Min: 28241760.0, Avg: 28241760.0, Max: 28241760.0, Diff: 0.0]
   [Code Root Fixup: 0.0 ms]
   [Clear CT: 0.9 ms]
   [Other: 16.2 ms]
      [Choose CSet: 1.8 ms]
      [Ref Proc: 6.9 ms]
      [Ref Enq: 0.1 ms]
      [Free CSet: 5.1 ms]
   [Eden: 961.0M(961.0M)->0.0B(944.0M) Survivors: 63.0M->80.0M Heap: 2013.0M(3072.0M)->989.5M(3072.0M)]
 [Times: user=0.75 sys=0.00, real=0.38 secs] 
28246.793: [GC pause (mixed)
Desired survivor size 67108864 bytes, new threshold 3 (max 32)
- age   1:   32108384 bytes,   32108384 total
- age   2:   25387792 bytes,   57496176 total
- age   3:   23005672 bytes,   80501848 total
- age   4:      33368 bytes,   80535216 total
, 0.5468570 secs]
   [Parallel Time: 534.6 ms, GC Workers: 2]
      [GC Worker Start (ms): Min: 28246795.1, Avg: 28246795.1, Max: 28246795.1, Diff: 0.0]
      [Ext Root Scanning (ms): Min: 57.3, Avg: 63.0, Max: 68.8, Diff: 11.6, Sum: 126.1]
      [Update RS (ms): Min: 73.3, Avg: 81.0, Max: 88.7, Diff: 15.4, Sum: 162.0]
         [Processed Buffers: Min: 148, Avg: 154.0, Max: 160, Diff: 12, Sum: 308]
      [Scan RS (ms): Min: 71.7, Avg: 71.8, Max: 71.9, Diff: 0.2, Sum: 143.6]
      [Object Copy (ms): Min: 316.7, Avg: 318.5, Max: 320.3, Diff: 3.7, Sum: 637.0]
      [Termination (ms): Min: 0.0, Avg: 0.0, Max: 0.1, Diff: 0.1, Sum: 0.1]
      [GC Worker Other (ms): Min: 0.1, Avg: 0.1, Max: 0.1, Diff: 0.0, Sum: 0.2]
      [GC Worker Total (ms): Min: 534.4, Avg: 534.4, Max: 534.4, Diff: 0.0, Sum: 1068.9]
      [GC Worker End (ms): Min: 28247329.5, Avg: 28247329.5, Max: 28247329.5, Diff: 0.0]
   [Code Root Fixup: 0.0 ms]
   [Clear CT: 0.9 ms]
   [Other: 11.4 ms]
      [Choose CSet: 1.1 ms]
      [Ref Proc: 3.7 ms]
      [Ref Enq: 0.1 ms]
      [Free CSet: 4.5 ms]
   [Eden: 944.0M(944.0M)->0.0B(909.0M) Survivors: 80.0M->115.0M Heap: 1959.0M(3072.0M)->1017.0M(3072.0M)]
 [Times: user=1.08 sys=0.00, real=0.55 secs] 
28252.404: [GC pause (young)
Desired survivor size 67108864 bytes, new threshold 1 (max 32)
- age   1:   71423112 bytes,   71423112 total
- age   2:   24012440 bytes,   95435552 total
- age   3:   22441872 bytes,  117877424 total
, 0.5823850 secs]
   [Parallel Time: 569.0 ms, GC Workers: 2]
      [GC Worker Start (ms): Min: 28252406.0, Avg: 28252406.0, Max: 28252406.0, Diff: 0.0]
      [Ext Root Scanning (ms): Min: 53.3, Avg: 66.1, Max: 78.9, Diff: 25.7, Sum: 132.2]
      [Update RS (ms): Min: 69.3, Avg: 81.4, Max: 93.5, Diff: 24.2, Sum: 162.8]
         [Processed Buffers: Min: 150, Avg: 159.0, Max: 168, Diff: 18, Sum: 318]
      [Scan RS (ms): Min: 68.9, Avg: 68.9, Max: 68.9, Diff: 0.0, Sum: 137.8]
      [Object Copy (ms): Min: 351.6, Avg: 352.3, Max: 353.1, Diff: 1.5, Sum: 704.6]
      [Termination (ms): Min: 0.0, Avg: 0.0, Max: 0.0, Diff: 0.0, Sum: 0.0]
      [GC Worker Other (ms): Min: 0.1, Avg: 0.1, Max: 0.1, Diff: 0.1, Sum: 0.2]
      [GC Worker Total (ms): Min: 568.8, Avg: 568.8, Max: 568.9, Diff: 0.1, Sum: 1137.7]
      [GC Worker End (ms): Min: 28252974.8, Avg: 28252974.9, Max: 28252974.9, Diff: 0.0]
   [Code Root Fixup: 0.0 ms]
   [Clear CT: 0.7 ms]
   [Other: 12.7 ms]
      [Choose CSet: 0.0 ms]
      [Ref Proc: 4.7 ms]
      [Ref Enq: 0.1 ms]
      [Free CSet: 4.3 ms]
   [Eden: 909.0M(909.0M)->0.0B(973.0M) Survivors: 115.0M->51.0M Heap: 1932.5M(3072.0M)->1053.0M(3072.0M)]
 [Times: user=1.15 sys=0.00, real=0.58 secs] 
28258.345: [GC pause (young)
Desired survivor size 67108864 bytes, new threshold 16 (max 32)
- age   1:   51179064 bytes,   51179064 total
, 0.4653090 secs]
   [Parallel Time: 447.8 ms, GC Workers: 2]
      [GC Worker Start (ms): Min: 28258347.0, Avg: 28258347.0, Max: 28258347.1, Diff: 0.0]
      [Ext Root Scanning (ms): Min: 57.6, Avg: 66.0, Max: 74.5, Diff: 16.9, Sum: 132.0]
      [Update RS (ms): Min: 46.3, Avg: 57.3, Max: 68.2, Diff: 21.9, Sum: 114.5]
         [Processed Buffers: Min: 115, Avg: 146.0, Max: 177, Diff: 62, Sum: 292]
      [Scan RS (ms): Min: 94.7, Avg: 94.9, Max: 95.0, Diff: 0.3, Sum: 189.7]
      [Object Copy (ms): Min: 227.1, Avg: 229.5, Max: 231.8, Diff: 4.7, Sum: 458.9]
      [Termination (ms): Min: 0.0, Avg: 0.0, Max: 0.0, Diff: 0.0, Sum: 0.0]
      [GC Worker Other (ms): Min: 0.1, Avg: 0.1, Max: 0.1, Diff: 0.0, Sum: 0.2]
      [GC Worker Total (ms): Min: 447.7, Avg: 447.7, Max: 447.7, Diff: 0.0, Sum: 895.4]
      [GC Worker End (ms): Min: 28258794.7, Avg: 28258794.8, Max: 28258794.8, Diff: 0.0]
   [Code Root Fixup: 0.0 ms]
   [Clear CT: 0.8 ms]
   [Other: 16.6 ms]
      [Choose CSet: 0.0 ms]
      [Ref Proc: 5.4 ms]
      [Ref Enq: 0.1 ms]
      [Free CSet: 8.3 ms]
   [Eden: 973.0M(973.0M)->0.0B(936.0M) Survivors: 51.0M->88.0M Heap: 2037.5M(3072.0M)->1101.5M(3072.0M)]
 [Times: user=0.91 sys=0.00, real=0.47 secs] 
28263.904: [GC pause (young)
Desired survivor size 67108864 bytes, new threshold 2 (max 32)
- age   1:   47784584 bytes,   47784584 total
- age   2:   42134224 bytes,   89918808 total
, 0.5033020 secs]
   [Parallel Time: 491.7 ms, GC Workers: 2]
      [GC Worker Start (ms): Min: 28263905.9, Avg: 28263905.9, Max: 28263905.9, Diff: 0.0]
      [Ext Root Scanning (ms): Min: 59.0, Avg: 66.2, Max: 73.4, Diff: 14.4, Sum: 132.4]
      [Update RS (ms): Min: 53.9, Avg: 63.7, Max: 73.5, Diff: 19.6, Sum: 127.4]
         [Processed Buffers: Min: 95, Avg: 160.0, Max: 225, Diff: 130, Sum: 320]
      [Scan RS (ms): Min: 88.1, Avg: 88.2, Max: 88.2, Diff: 0.2, Sum: 176.3]
      [Object Copy (ms): Min: 270.8, Avg: 273.5, Max: 276.1, Diff: 5.4, Sum: 546.9]
      [Termination (ms): Min: 0.0, Avg: 0.0, Max: 0.0, Diff: 0.0, Sum: 0.0]
      [GC Worker Other (ms): Min: 0.1, Avg: 0.1, Max: 0.1, Diff: 0.0, Sum: 0.2]
      [GC Worker Total (ms): Min: 491.6, Avg: 491.6, Max: 491.6, Diff: 0.0, Sum: 983.2]
      [GC Worker End (ms): Min: 28264397.5, Avg: 28264397.5, Max: 28264397.5, Diff: 0.0]
   [Code Root Fixup: 0.0 ms]
   [Clear CT: 0.7 ms]
   [Other: 10.9 ms]
      [Choose CSet: 0.0 ms]
      [Ref Proc: 3.0 ms]
      [Ref Enq: 0.0 ms]
      [Free CSet: 4.9 ms]
   [Eden: 936.0M(936.0M)->0.0B(948.0M) Survivors: 88.0M->76.0M Heap: 2080.4M(3072.0M)->1169.4M(3072.0M)]
 [Times: user=1.00 sys=0.01, real=0.50 secs] 
28269.225: [GC pause (young)
Desired survivor size 67108864 bytes, new threshold 2 (max 32)
- age   1:   41603464 bytes,   41603464 total
- age   2:   35063216 bytes,   76666680 total
, 0.4889240 secs]
   [Parallel Time: 478.0 ms, GC Workers: 2]
      [GC Worker Start (ms): Min: 28269226.4, Avg: 28269226.6, Max: 28269226.7, Diff: 0.4]
      [Ext Root Scanning (ms): Min: 58.2, Avg: 67.0, Max: 75.8, Diff: 17.6, Sum: 134.0]
      [Update RS (ms): Min: 33.0, Avg: 44.3, Max: 55.6, Diff: 22.6, Sum: 88.6]
         [Processed Buffers: Min: 76, Avg: 131.5, Max: 187, Diff: 111, Sum: 263]
      [Scan RS (ms): Min: 77.2, Avg: 77.3, Max: 77.4, Diff: 0.2, Sum: 154.6]
      [Object Copy (ms): Min: 286.6, Avg: 289.0, Max: 291.3, Diff: 4.7, Sum: 577.9]
      [Termination (ms): Min: 0.0, Avg: 0.0, Max: 0.0, Diff: 0.0, Sum: 0.0]
      [GC Worker Other (ms): Min: 0.1, Avg: 0.1, Max: 0.1, Diff: 0.0, Sum: 0.2]
      [GC Worker Total (ms): Min: 477.5, Avg: 477.7, Max: 477.8, Diff: 0.4, Sum: 955.3]
      [GC Worker End (ms): Min: 28269704.2, Avg: 28269704.2, Max: 28269704.2, Diff: 0.0]
   [Code Root Fixup: 0.0 ms]
   [Clear CT: 0.6 ms]
   [Other: 10.3 ms]
      [Choose CSet: 0.0 ms]
      [Ref Proc: 2.7 ms]
      [Ref Enq: 0.1 ms]
      [Free CSet: 4.7 ms]
   [Eden: 948.0M(948.0M)->0.0B(925.0M) Survivors: 76.0M->99.0M Heap: 2137.6M(3072.0M)->1244.6M(3072.0M)]
 [Times: user=0.96 sys=0.00, real=0.49 secs] 
28274.835: [GC pause (young)
Desired survivor size 67108864 bytes, new threshold 1 (max 32)
- age   1:   68092320 bytes,   68092320 total
- age   2:   32461616 bytes,  100553936 total
, 0.4776940 secs]
   [Parallel Time: 465.4 ms, GC Workers: 2]
      [GC Worker Start (ms): Min: 28274836.6, Avg: 28274836.6, Max: 28274836.6, Diff: 0.0]
      [Ext Root Scanning (ms): Min: 56.5, Avg: 65.6, Max: 74.8, Diff: 18.3, Sum: 131.2]
      [Update RS (ms): Min: 22.8, Avg: 34.2, Max: 45.5, Diff: 22.8, Sum: 68.3]
         [Processed Buffers: Min: 81, Avg: 132.5, Max: 184, Diff: 103, Sum: 265]
      [Scan RS (ms): Min: 87.6, Avg: 87.7, Max: 87.7, Diff: 0.1, Sum: 175.3]
      [Object Copy (ms): Min: 275.5, Avg: 277.7, Max: 280.0, Diff: 4.6, Sum: 555.5]
      [Termination (ms): Min: 0.0, Avg: 0.0, Max: 0.0, Diff: 0.0, Sum: 0.0]
      [GC Worker Other (ms): Min: 0.1, Avg: 0.1, Max: 0.1, Diff: 0.0, Sum: 0.1]
      [GC Worker Total (ms): Min: 465.3, Avg: 465.3, Max: 465.3, Diff: 0.0, Sum: 930.6]
      [GC Worker End (ms): Min: 28275301.9, Avg: 28275301.9, Max: 28275301.9, Diff: 0.0]
   [Code Root Fixup: 0.0 ms]
   [Clear CT: 0.8 ms]
   [Other: 11.5 ms]
      [Choose CSet: 0.0 ms]
      [Ref Proc: 3.2 ms]
      [Ref Enq: 0.0 ms]
      [Free CSet: 5.2 ms]
   [Eden: 925.0M(925.0M)->0.0B(975.0M) Survivors: 99.0M->49.0M Heap: 2224.0M(3072.0M)->1316.0M(3072.0M)]
 [Times: user=0.94 sys=0.00, real=0.48 secs] 
28281.245: [GC pause (young)
Desired survivor size 67108864 bytes, new threshold 16 (max 32)
- age   1:   49121760 bytes,   49121760 total
, 0.4320230 secs]
   [Parallel Time: 418.8 ms, GC Workers: 2]
      [GC Worker Start (ms): Min: 28281246.5, Avg: 28281246.6, Max: 28281246.6, Diff: 0.0]
      [Ext Root Scanning (ms): Min: 59.3, Avg: 67.4, Max: 75.5, Diff: 16.2, Sum: 134.8]
      [Update RS (ms): Min: 49.1, Avg: 59.3, Max: 69.6, Diff: 20.6, Sum: 118.7]
         [Processed Buffers: Min: 112, Avg: 142.5, Max: 173, Diff: 61, Sum: 285]
      [Scan RS (ms): Min: 78.2, Avg: 78.3, Max: 78.3, Diff: 0.1, Sum: 156.5]
      [Object Copy (ms): Min: 211.4, Avg: 213.6, Max: 215.8, Diff: 4.4, Sum: 427.2]
      [Termination (ms): Min: 0.0, Avg: 0.0, Max: 0.0, Diff: 0.0, Sum: 0.0]
      [GC Worker Other (ms): Min: 0.1, Avg: 0.1, Max: 0.1, Diff: 0.0, Sum: 0.2]
      [GC Worker Total (ms): Min: 418.7, Avg: 418.7, Max: 418.7, Diff: 0.0, Sum: 837.3]
      [GC Worker End (ms): Min: 28281665.2, Avg: 28281665.2, Max: 28281665.2, Diff: 0.0]
   [Code Root Fixup: 0.0 ms]
   [Clear CT: 0.9 ms]
   [Other: 12.3 ms]
      [Choose CSet: 0.0 ms]
      [Ref Proc: 4.4 ms]
      [Ref Enq: 0.1 ms]
      [Free CSet: 5.2 ms]
   [Eden: 975.0M(975.0M)->0.0B(938.0M) Survivors: 49.0M->86.0M Heap: 2294.5M(3072.0M)->1356.5M(3072.0M)]
 [Times: user=0.85 sys=0.00, real=0.43 secs] 
28282.973: [GC pause (young) (initial-mark)
Desired survivor size 67108864 bytes, new threshold 2 (max 32)
- age   1:   51876016 bytes,   51876016 total
- age   2:   35685648 bytes,   87561664 total
, 0.3201840 secs]
   [Parallel Time: 314.7 ms, GC Workers: 2]
      [GC Worker Start (ms): Min: 28282974.1, Avg: 28282974.1, Max: 28282974.1, Diff: 0.0]
      [Ext Root Scanning (ms): Min: 52.4, Avg: 66.7, Max: 81.0, Diff: 28.6, Sum: 133.4]
      [Update RS (ms): Min: 19.2, Avg: 32.6, Max: 46.0, Diff: 26.8, Sum: 65.2]
         [Processed Buffers: Min: 69, Avg: 132.0, Max: 195, Diff: 126, Sum: 264]
      [Scan RS (ms): Min: 39.7, Avg: 39.8, Max: 39.9, Diff: 0.2, Sum: 79.6]
      [Object Copy (ms): Min: 174.7, Avg: 175.5, Max: 176.2, Diff: 1.5, Sum: 351.0]
      [Termination (ms): Min: 0.0, Avg: 0.0, Max: 0.0, Diff: 0.0, Sum: 0.0]
      [GC Worker Other (ms): Min: 0.0, Avg: 0.1, Max: 0.1, Diff: 0.0, Sum: 0.1]
      [GC Worker Total (ms): Min: 314.6, Avg: 314.6, Max: 314.6, Diff: 0.0, Sum: 629.2]
      [GC Worker End (ms): Min: 28283288.7, Avg: 28283288.7, Max: 28283288.7, Diff: 0.0]
   [Code Root Fixup: 0.0 ms]
   [Clear CT: 0.4 ms]
   [Other: 5.0 ms]
      [Choose CSet: 0.0 ms]
      [Ref Proc: 1.2 ms]
      [Ref Enq: 0.0 ms]
      [Free CSet: 1.4 ms]
   [Eden: 226.0M(938.0M)->0.0B(971.0M) Survivors: 86.0M->53.0M Heap: 1586.2M(3072.0M)->1355.0M(3072.0M)]
 [Times: user=0.63 sys=0.00, real=0.32 secs] 
28283.293: [GC concurrent-root-region-scan-start]
28283.546: [GC concurrent-root-region-scan-end, 0.2525540 secs]
28283.546: [GC concurrent-mark-start]
28286.051: [GC concurrent-mark-end, 2.5050420 secs]
28286.054: [GC remark 28286.055: [GC ref-proc, 0.0375290 secs], 0.1083370 secs]
 [Times: user=0.12 sys=0.00, real=0.11 secs] 
28286.164: [GC cleanup 1738M->1490M(3072M), 0.0276180 secs]
 [Times: user=0.05 sys=0.00, real=0.03 secs] 
28286.192: [GC concurrent-cleanup-start]
28286.192: [GC concurrent-cleanup-end, 0.0006550 secs]
28289.557: [GC pause (young)
Desired survivor size 67108864 bytes, new threshold 16 (max 32)
- age   1:   20372152 bytes,   20372152 total
- age   2:   33305488 bytes,   53677640 total
, 0.3766650 secs]
   [Parallel Time: 365.4 ms, GC Workers: 2]
      [GC Worker Start (ms): Min: 28289558.8, Avg: 28289558.8, Max: 28289558.8, Diff: 0.0]
      [Ext Root Scanning (ms): Min: 52.7, Avg: 65.5, Max: 78.4, Diff: 25.7, Sum: 131.1]
      [Update RS (ms): Min: 1.2, Avg: 12.5, Max: 23.7, Diff: 22.4, Sum: 24.9]
         [Processed Buffers: Min: 100, Avg: 136.0, Max: 172, Diff: 72, Sum: 272]
      [Scan RS (ms): Min: 57.4, Avg: 57.5, Max: 57.6, Diff: 0.2, Sum: 115.0]
      [Object Copy (ms): Min: 228.1, Avg: 229.7, Max: 231.2, Diff: 3.1, Sum: 459.4]
      [Termination (ms): Min: 0.0, Avg: 0.0, Max: 0.0, Diff: 0.0, Sum: 0.0]
      [GC Worker Other (ms): Min: 0.1, Avg: 0.1, Max: 0.1, Diff: 0.0, Sum: 0.2]
      [GC Worker Total (ms): Min: 365.3, Avg: 365.3, Max: 365.3, Diff: 0.0, Sum: 730.5]
      [GC Worker End (ms): Min: 28289924.0, Avg: 28289924.1, Max: 28289924.1, Diff: 0.0]
   [Code Root Fixup: 0.0 ms]
   [Clear CT: 0.9 ms]
   [Other: 10.4 ms]
      [Choose CSet: 0.0 ms]
      [Ref Proc: 3.2 ms]
      [Ref Enq: 0.0 ms]
      [Free CSet: 4.8 ms]
   [Eden: 917.0M(971.0M)->0.0B(919.0M) Survivors: 53.0M->105.0M Heap: 2147.2M(3072.0M)->1282.7M(3072.0M)]
 [Times: user=0.74 sys=0.00, real=0.37 secs] 
28295.144: [GC pause (mixed)
Desired survivor size 67108864 bytes, new threshold 1 (max 32)
- age   1:   73787064 bytes,   73787064 total
- age   2:    6042952 bytes,   79830016 total
- age   3:   27753000 bytes,  107583016 total
, 0.3238080 secs]
   [Parallel Time: 311.0 ms, GC Workers: 2]
      [GC Worker Start (ms): Min: 28295145.9, Avg: 28295145.9, Max: 28295145.9, Diff: 0.0]
      [Ext Root Scanning (ms): Min: 58.0, Avg: 65.3, Max: 72.7, Diff: 14.7, Sum: 130.6]
      [Update RS (ms): Min: 23.0, Avg: 33.4, Max: 43.7, Diff: 20.6, Sum: 66.7]
         [Processed Buffers: Min: 135, Avg: 147.0, Max: 159, Diff: 24, Sum: 294]
      [Scan RS (ms): Min: 55.9, Avg: 56.1, Max: 56.2, Diff: 0.3, Sum: 112.1]
      [Object Copy (ms): Min: 152.9, Avg: 156.1, Max: 159.2, Diff: 6.2, Sum: 312.1]
      [Termination (ms): Min: 0.0, Avg: 0.0, Max: 0.0, Diff: 0.0, Sum: 0.0]
      [GC Worker Other (ms): Min: 0.1, Avg: 0.1, Max: 0.1, Diff: 0.0, Sum: 0.2]
      [GC Worker Total (ms): Min: 310.9, Avg: 310.9, Max: 310.9, Diff: 0.0, Sum: 621.8]
      [GC Worker End (ms): Min: 28295456.8, Avg: 28295456.8, Max: 28295456.8, Diff: 0.0]
   [Code Root Fixup: 0.0 ms]
   [Clear CT: 0.9 ms]
   [Other: 11.9 ms]
      [Choose CSet: 0.9 ms]
      [Ref Proc: 4.3 ms]
      [Ref Enq: 0.1 ms]
      [Free CSet: 3.9 ms]
   [Eden: 919.0M(919.0M)->0.0B(1004.0M) Survivors: 105.0M->20.0M Heap: 2235.1M(3072.0M)->1203.6M(3072.0M)]
 [Times: user=0.63 sys=0.00, real=0.33 secs] 
28302.481: [GC pause (mixed)
Desired survivor size 67108864 bytes, new threshold 16 (max 32)
- age   1:   18441280 bytes,   18441280 total
, 0.3122940 secs]
   [Parallel Time: 296.7 ms, GC Workers: 2]
      [GC Worker Start (ms): Min: 28302483.0, Avg: 28302483.0, Max: 28302483.0, Diff: 0.0]
      [Ext Root Scanning (ms): Min: 58.7, Avg: 67.2, Max: 75.7, Diff: 17.0, Sum: 134.5]
      [Update RS (ms): Min: 22.5, Avg: 33.9, Max: 45.3, Diff: 22.8, Sum: 67.8]
         [Processed Buffers: Min: 134, Avg: 147.0, Max: 160, Diff: 26, Sum: 294]
      [Scan RS (ms): Min: 61.8, Avg: 61.9, Max: 62.0, Diff: 0.2, Sum: 123.8]
      [Object Copy (ms): Min: 130.6, Avg: 133.4, Max: 136.2, Diff: 5.6, Sum: 266.8]
      [Termination (ms): Min: 0.0, Avg: 0.0, Max: 0.0, Diff: 0.0, Sum: 0.0]
      [GC Worker Other (ms): Min: 0.1, Avg: 0.1, Max: 0.1, Diff: 0.0, Sum: 0.3]
      [GC Worker Total (ms): Min: 296.6, Avg: 296.6, Max: 296.6, Diff: 0.0, Sum: 593.2]
      [GC Worker End (ms): Min: 28302779.6, Avg: 28302779.6, Max: 28302779.6, Diff: 0.0]
   [Code Root Fixup: 0.0 ms]
   [Clear CT: 1.2 ms]
   [Other: 14.4 ms]
      [Choose CSet: 0.9 ms]
      [Ref Proc: 6.7 ms]
      [Ref Enq: 0.1 ms]
      [Free CSet: 4.6 ms]
   [Eden: 1004.0M(1004.0M)->0.0B(974.0M) Survivors: 20.0M->50.0M Heap: 2213.6M(3072.0M)->1179.6M(3072.0M)]
 [Times: user=0.60 sys=0.00, real=0.31 secs] 
28308.563: [GC pause (young)
Desired survivor size 67108864 bytes, new threshold 16 (max 32)
- age   1:   38149552 bytes,   38149552 total
- age   2:   11009440 bytes,   49158992 total
, 0.2938500 secs]
   [Parallel Time: 284.3 ms, GC Workers: 2]
      [GC Worker Start (ms): Min: 28308564.2, Avg: 28308564.2, Max: 28308564.2, Diff: 0.0]
      [Ext Root Scanning (ms): Min: 60.3, Avg: 67.3, Max: 74.3, Diff: 14.0, Sum: 134.5]
      [Update RS (ms): Min: 42.1, Avg: 51.2, Max: 60.3, Diff: 18.2, Sum: 102.4]
         [Processed Buffers: Min: 151, Avg: 152.5, Max: 154, Diff: 3, Sum: 305]
      [Scan RS (ms): Min: 27.9, Avg: 27.9, Max: 28.0, Diff: 0.0, Sum: 55.9]
      [Object Copy (ms): Min: 135.1, Avg: 137.2, Max: 139.3, Diff: 4.2, Sum: 274.4]
      [Termination (ms): Min: 0.0, Avg: 0.0, Max: 0.0, Diff: 0.0, Sum: 0.0]
      [GC Worker Other (ms): Min: 0.1, Avg: 0.2, Max: 0.3, Diff: 0.3, Sum: 0.4]
      [GC Worker Total (ms): Min: 283.7, Avg: 283.8, Max: 283.9, Diff: 0.2, Sum: 567.6]
      [GC Worker End (ms): Min: 28308847.9, Avg: 28308848.0, Max: 28308848.1, Diff: 0.3]
   [Code Root Fixup: 0.0 ms]
   [Clear CT: 0.7 ms]
   [Other: 8.8 ms]
      [Choose CSet: 0.0 ms]
      [Ref Proc: 4.9 ms]
      [Ref Enq: 0.1 ms]
      [Free CSet: 2.6 ms]
   [Eden: 974.0M(974.0M)->0.0B(956.0M) Survivors: 50.0M->68.0M Heap: 2178.7M(3072.0M)->1222.7M(3072.0M)]
 [Times: user=0.58 sys=0.00, real=0.29 secs] 
28315.957: [GC pause (young)
Desired survivor size 67108864 bytes, new threshold 16 (max 32)
- age   1:   35246544 bytes,   35246544 total
- age   2:   22523104 bytes,   57769648 total
- age   3:    9068040 bytes,   66837688 total
, 0.3139710 secs]
   [Parallel Time: 303.5 ms, GC Workers: 2]
      [GC Worker Start (ms): Min: 28315957.9, Avg: 28315957.9, Max: 28315958.0, Diff: 0.0]
      [Ext Root Scanning (ms): Min: 55.3, Avg: 63.2, Max: 71.1, Diff: 15.8, Sum: 126.4]
      [Update RS (ms): Min: 39.4, Avg: 50.2, Max: 60.9, Diff: 21.5, Sum: 100.3]
         [Processed Buffers: Min: 71, Avg: 147.5, Max: 224, Diff: 153, Sum: 295]
      [Scan RS (ms): Min: 28.8, Avg: 28.8, Max: 28.8, Diff: 0.0, Sum: 57.6]
      [Object Copy (ms): Min: 158.3, Avg: 161.1, Max: 164.0, Diff: 5.7, Sum: 322.3]
      [Termination (ms): Min: 0.0, Avg: 0.0, Max: 0.0, Diff: 0.0, Sum: 0.0]
      [GC Worker Other (ms): Min: 0.1, Avg: 0.1, Max: 0.1, Diff: 0.0, Sum: 0.2]
      [GC Worker Total (ms): Min: 303.4, Avg: 303.4, Max: 303.4, Diff: 0.0, Sum: 606.7]
      [GC Worker End (ms): Min: 28316261.3, Avg: 28316261.3, Max: 28316261.3, Diff: 0.0]
   [Code Root Fixup: 0.0 ms]
   [Clear CT: 0.7 ms]
   [Other: 9.8 ms]
      [Choose CSet: 0.0 ms]
      [Ref Proc: 5.7 ms]
      [Ref Enq: 0.1 ms]
      [Free CSet: 2.4 ms]
   [Eden: 956.0M(956.0M)->0.0B(939.0M) Survivors: 68.0M->85.0M Heap: 2198.4M(3072.0M)->1259.4M(3072.0M)]
 [Times: user=0.62 sys=0.00, real=0.32 secs] 
28322.389: [GC pause (young)
Desired survivor size 67108864 bytes, new threshold 3 (max 32)
- age   1:   35106728 bytes,   35106728 total
- age   2:   21254112 bytes,   56360840 total
- age   3:   20387800 bytes,   76748640 total
- age   4:    8078256 bytes,   84826896 total
, 0.3150710 secs]
   [Parallel Time: 304.2 ms, GC Workers: 2]
      [GC Worker Start (ms): Min: 28322390.2, Avg: 28322390.3, Max: 28322390.3, Diff: 0.0]
      [Ext Root Scanning (ms): Min: 57.3, Avg: 62.5, Max: 67.8, Diff: 10.5, Sum: 125.1]
      [Update RS (ms): Min: 36.6, Avg: 44.1, Max: 51.6, Diff: 15.0, Sum: 88.2]
         [Processed Buffers: Min: 158, Avg: 171.5, Max: 185, Diff: 27, Sum: 343]
      [Scan RS (ms): Min: 27.1, Avg: 27.1, Max: 27.1, Diff: 0.0, Sum: 54.2]
      [Object Copy (ms): Min: 168.0, Avg: 170.3, Max: 172.5, Diff: 4.5, Sum: 340.5]
      [Termination (ms): Min: 0.0, Avg: 0.0, Max: 0.0, Diff: 0.0, Sum: 0.0]
      [GC Worker Other (ms): Min: 0.1, Avg: 0.1, Max: 0.1, Diff: 0.0, Sum: 0.2]
      [GC Worker Total (ms): Min: 304.1, Avg: 304.1, Max: 304.1, Diff: 0.0, Sum: 608.2]
      [GC Worker End (ms): Min: 28322694.4, Avg: 28322694.4, Max: 28322694.4, Diff: 0.0]
   [Code Root Fixup: 0.0 ms]
   [Clear CT: 0.6 ms]
   [Other: 10.3 ms]
      [Choose CSet: 0.0 ms]
      [Ref Proc: 5.1 ms]
      [Ref Enq: 0.1 ms]
      [Free CSet: 2.8 ms]
   [Eden: 758.0M(939.0M)->0.0B(958.0M) Survivors: 85.0M->66.0M Heap: 2066.8M(3072.0M)->1319.4M(3072.0M)]
 [Times: user=0.62 sys=0.00, real=0.32 secs] 
28329.650: [GC pause (young)
Desired survivor size 67108864 bytes, new threshold 16 (max 32)
- age   1:   36896776 bytes,   36896776 total
- age   2:   15636696 bytes,   52533472 total
- age   3:   13210784 bytes,   65744256 total
, 0.3083040 secs]
   [Parallel Time: 299.4 ms, GC Workers: 2]
      [GC Worker Start (ms): Min: 28329650.7, Avg: 28329650.8, Max: 28329650.8, Diff: 0.0]
      [Ext Root Scanning (ms): Min: 54.8, Avg: 62.7, Max: 70.6, Diff: 15.7, Sum: 125.4]
      [Update RS (ms): Min: 18.9, Avg: 29.6, Max: 40.3, Diff: 21.3, Sum: 59.2]
         [Processed Buffers: Min: 154, Avg: 160.0, Max: 166, Diff: 12, Sum: 320]
      [Scan RS (ms): Min: 29.4, Avg: 29.5, Max: 29.5, Diff: 0.1, Sum: 58.9]
      [Object Copy (ms): Min: 174.7, Avg: 177.4, Max: 180.1, Diff: 5.4, Sum: 354.7]
      [Termination (ms): Min: 0.0, Avg: 0.0, Max: 0.0, Diff: 0.0, Sum: 0.0]
      [GC Worker Other (ms): Min: 0.1, Avg: 0.1, Max: 0.1, Diff: 0.0, Sum: 0.2]
      [GC Worker Total (ms): Min: 299.2, Avg: 299.2, Max: 299.3, Diff: 0.0, Sum: 598.5]
      [GC Worker End (ms): Min: 28329950.0, Avg: 28329950.0, Max: 28329950.0, Diff: 0.0]
   [Code Root Fixup: 0.0 ms]
   [Clear CT: 1.8 ms]
   [Other: 7.2 ms]
      [Choose CSet: 0.0 ms]
      [Ref Proc: 3.8 ms]
      [Ref Enq: 0.1 ms]
      [Free CSet: 2.1 ms]
   [Eden: 958.0M(958.0M)->0.0B(933.0M) Survivors: 66.0M->91.0M Heap: 2292.4M(3072.0M)->1359.9M(3072.0M)]
 [Times: user=0.60 sys=0.00, real=0.31 secs] 
28330.707: [GC pause (young) (initial-mark)
Desired survivor size 67108864 bytes, new threshold 2 (max 32)
- age   1:   54415520 bytes,   54415520 total
- age   2:   15663200 bytes,   70078720 total
- age   3:   11764080 bytes,   81842800 total
- age   4:   11224840 bytes,   93067640 total
, 0.3518980 secs]
   [Parallel Time: 348.3 ms, GC Workers: 2]
      [GC Worker Start (ms): Min: 28330707.6, Avg: 28330707.6, Max: 28330707.6, Diff: 0.0]
      [Ext Root Scanning (ms): Min: 50.4, Avg: 63.6, Max: 76.9, Diff: 26.5, Sum: 127.2]
      [Update RS (ms): Min: 21.5, Avg: 34.9, Max: 48.2, Diff: 26.8, Sum: 69.7]
         [Processed Buffers: Min: 58, Avg: 131.5, Max: 205, Diff: 147, Sum: 263]
      [Scan RS (ms): Min: 9.3, Avg: 9.3, Max: 9.4, Diff: 0.0, Sum: 18.7]
      [Object Copy (ms): Min: 240.1, Avg: 240.2, Max: 240.3, Diff: 0.3, Sum: 480.4]
      [Termination (ms): Min: 0.0, Avg: 0.0, Max: 0.0, Diff: 0.0, Sum: 0.0]
      [GC Worker Other (ms): Min: 0.1, Avg: 0.1, Max: 0.1, Diff: 0.0, Sum: 0.2]
      [GC Worker Total (ms): Min: 348.1, Avg: 348.1, Max: 348.1, Diff: 0.0, Sum: 696.3]
      [GC Worker End (ms): Min: 28331055.7, Avg: 28331055.8, Max: 28331055.8, Diff: 0.0]
   [Code Root Fixup: 0.0 ms]
   [Clear CT: 0.4 ms]
   [Other: 3.2 ms]
      [Choose CSet: 0.0 ms]
      [Ref Proc: 0.5 ms]
      [Ref Enq: 0.0 ms]
      [Free CSet: 0.7 ms]
   [Eden: 224.0M(933.0M)->0.0B(945.0M) Survivors: 91.0M->79.0M Heap: 1585.6M(3072.0M)->1386.1M(3072.0M)]
 [Times: user=0.70 sys=0.00, real=0.35 secs] 
28331.059: [GC concurrent-root-region-scan-start]
28331.883: [GC concurrent-root-region-scan-end, 0.8239870 secs]
28331.883: [GC concurrent-mark-start]
28333.011: [GC concurrent-mark-end, 1.1279760 secs]
28333.013: [GC remark 28333.014: [GC ref-proc, 0.0205360 secs], 0.0849300 secs]
 [Times: user=0.09 sys=0.00, real=0.08 secs] 
28333.100: [GC cleanup 1774M->1418M(3072M), 0.0244240 secs]
 [Times: user=0.05 sys=0.00, real=0.03 secs] 
28333.125: [GC concurrent-cleanup-start]
28333.125: [GC concurrent-cleanup-end, 0.0007930 secs]
28335.506: [GC pause (young)
Desired survivor size 67108864 bytes, new threshold 2 (max 32)
- age   1:   34497552 bytes,   34497552 total
- age   2:   46286568 bytes,   80784120 total
, 0.4811290 secs]
   [Parallel Time: 473.4 ms, GC Workers: 2]
      [GC Worker Start (ms): Min: 28335506.5, Avg: 28335506.6, Max: 28335506.6, Diff: 0.1]
      [Ext Root Scanning (ms): Min: 61.4, Avg: 66.9, Max: 72.4, Diff: 11.0, Sum: 133.8]
      [Update RS (ms): Min: 11.5, Avg: 19.6, Max: 27.7, Diff: 16.2, Sum: 39.2]
         [Processed Buffers: Min: 124, Avg: 149.0, Max: 174, Diff: 50, Sum: 298]
      [Scan RS (ms): Min: 25.6, Avg: 25.8, Max: 26.0, Diff: 0.4, Sum: 51.7]
      [Object Copy (ms): Min: 358.5, Avg: 360.9, Max: 363.2, Diff: 4.8, Sum: 721.7]
      [Termination (ms): Min: 0.0, Avg: 0.0, Max: 0.0, Diff: 0.0, Sum: 0.0]
      [GC Worker Other (ms): Min: 0.1, Avg: 0.1, Max: 0.1, Diff: 0.0, Sum: 0.2]
      [GC Worker Total (ms): Min: 473.2, Avg: 473.2, Max: 473.3, Diff: 0.1, Sum: 946.5]
      [GC Worker End (ms): Min: 28335979.8, Avg: 28335979.8, Max: 28335979.8, Diff: 0.0]
   [Code Root Fixup: 0.0 ms]
   [Clear CT: 0.7 ms]
   [Other: 7.0 ms]
      [Choose CSet: 0.0 ms]
      [Ref Proc: 2.9 ms]
      [Ref Enq: 0.1 ms]
      [Free CSet: 2.6 ms]
   [Eden: 945.0M(945.0M)->0.0B(896.0M) Survivors: 79.0M->128.0M Heap: 2021.4M(3072.0M)->1144.9M(3072.0M)]
 [Times: user=0.95 sys=0.00, real=0.48 secs] 
28340.643: [GC pause (mixed)
Desired survivor size 67108864 bytes, new threshold 1 (max 32)
- age   1:  127363928 bytes,  127363928 total
- age   2:   10110808 bytes,  137474736 total
, 0.5881670 secs]
   [Parallel Time: 574.0 ms, GC Workers: 2]
      [GC Worker Start (ms): Min: 28340645.2, Avg: 28340645.2, Max: 28340645.2, Diff: 0.0]
      [Ext Root Scanning (ms): Min: 55.5, Avg: 65.3, Max: 75.1, Diff: 19.6, Sum: 130.6]
      [Update RS (ms): Min: 29.4, Avg: 42.3, Max: 55.2, Diff: 25.8, Sum: 84.6]
         [Processed Buffers: Min: 56, Avg: 163.0, Max: 270, Diff: 214, Sum: 326]
      [Scan RS (ms): Min: 67.4, Avg: 67.4, Max: 67.4, Diff: 0.1, Sum: 134.8]
      [Object Copy (ms): Min: 395.7, Avg: 398.8, Max: 401.9, Diff: 6.2, Sum: 797.6]
      [Termination (ms): Min: 0.0, Avg: 0.0, Max: 0.0, Diff: 0.0, Sum: 0.0]
      [GC Worker Other (ms): Min: 0.1, Avg: 0.1, Max: 0.1, Diff: 0.0, Sum: 0.2]
      [GC Worker Total (ms): Min: 573.8, Avg: 573.9, Max: 573.9, Diff: 0.0, Sum: 1147.7]
      [GC Worker End (ms): Min: 28341219.0, Avg: 28341219.0, Max: 28341219.0, Diff: 0.0]
   [Code Root Fixup: 0.0 ms]
   [Clear CT: 0.8 ms]
   [Other: 13.4 ms]
      [Choose CSet: 0.5 ms]
      [Ref Proc: 5.5 ms]
      [Ref Enq: 0.1 ms]
      [Free CSet: 4.2 ms]
   [Eden: 896.0M(896.0M)->0.0B(954.0M) Survivors: 128.0M->70.0M Heap: 2065.4M(3072.0M)->1126.9M(3072.0M)]
 [Times: user=1.16 sys=0.00, real=0.59 secs] 
28346.728: [GC pause (mixed)
Desired survivor size 67108864 bytes, new threshold 1 (max 32)
- age   1:   67986096 bytes,   67986096 total
, 0.5901440 secs]
   [Parallel Time: 575.1 ms, GC Workers: 2]
      [GC Worker Start (ms): Min: 28346730.2, Avg: 28346730.2, Max: 28346730.2, Diff: 0.0]
      [Ext Root Scanning (ms): Min: 49.9, Avg: 61.0, Max: 72.0, Diff: 22.1, Sum: 122.0]
      [Update RS (ms): Min: 58.6, Avg: 68.3, Max: 78.1, Diff: 19.6, Sum: 136.7]
         [Processed Buffers: Min: 87, Avg: 167.5, Max: 248, Diff: 161, Sum: 335]
      [Scan RS (ms): Min: 85.2, Avg: 85.2, Max: 85.2, Diff: 0.0, Sum: 170.4]
      [Object Copy (ms): Min: 359.1, Avg: 360.4, Max: 361.7, Diff: 2.6, Sum: 720.9]
      [Termination (ms): Min: 0.0, Avg: 0.0, Max: 0.0, Diff: 0.0, Sum: 0.0]
      [GC Worker Other (ms): Min: 0.1, Avg: 0.1, Max: 0.1, Diff: 0.0, Sum: 0.2]
      [GC Worker Total (ms): Min: 575.0, Avg: 575.0, Max: 575.0, Diff: 0.0, Sum: 1150.0]
      [GC Worker End (ms): Min: 28347305.2, Avg: 28347305.2, Max: 28347305.2, Diff: 0.0]
   [Code Root Fixup: 0.0 ms]
   [Clear CT: 0.9 ms]
   [Other: 14.1 ms]
      [Choose CSet: 0.7 ms]
      [Ref Proc: 5.6 ms]
      [Ref Enq: 0.1 ms]
      [Free CSet: 4.9 ms]
   [Eden: 954.0M(954.0M)->0.0B(944.0M) Survivors: 70.0M->80.0M Heap: 2086.2M(3072.0M)->1108.7M(3072.0M)]
 [Times: user=1.16 sys=0.00, real=0.59 secs] 
28352.628: [GC pause (mixed)
Desired survivor size 67108864 bytes, new threshold 1 (max 32)
- age   1:   81337072 bytes,   81337072 total
, 0.5326260 secs]
   [Parallel Time: 517.8 ms, GC Workers: 2]
      [GC Worker Start (ms): Min: 28352630.7, Avg: 28352630.7, Max: 28352630.7, Diff: 0.0]
      [Ext Root Scanning (ms): Min: 55.8, Avg: 64.3, Max: 72.7, Diff: 17.0, Sum: 128.5]
      [Update RS (ms): Min: 51.2, Avg: 62.2, Max: 73.1, Diff: 21.9, Sum: 124.4]
         [Processed Buffers: Min: 163, Avg: 168.0, Max: 173, Diff: 10, Sum: 336]
      [Scan RS (ms): Min: 99.8, Avg: 99.8, Max: 99.8, Diff: 0.0, Sum: 199.6]
      [Object Copy (ms): Min: 288.8, Avg: 291.3, Max: 293.8, Diff: 5.0, Sum: 582.6]
      [Termination (ms): Min: 0.0, Avg: 0.0, Max: 0.0, Diff: 0.0, Sum: 0.0]
      [GC Worker Other (ms): Min: 0.1, Avg: 0.1, Max: 0.1, Diff: 0.0, Sum: 0.3]
      [GC Worker Total (ms): Min: 517.7, Avg: 517.7, Max: 517.7, Diff: 0.0, Sum: 1035.4]
      [GC Worker End (ms): Min: 28353148.4, Avg: 28353148.4, Max: 28353148.4, Diff: 0.0]
   [Code Root Fixup: 0.0 ms]
   [Clear CT: 0.9 ms]
   [Other: 14.0 ms]
      [Choose CSet: 1.1 ms]
      [Ref Proc: 3.9 ms]
      [Ref Enq: 0.1 ms]
      [Free CSet: 5.8 ms]
   [Eden: 944.0M(944.0M)->0.0B(985.0M) Survivors: 80.0M->39.0M Heap: 2101.1M(3072.0M)->1093.6M(3072.0M)]
 [Times: user=1.05 sys=0.00, real=0.53 secs] 
28359.000: [GC pause (mixed)
Desired survivor size 67108864 bytes, new threshold 16 (max 32)
- age   1:   38088256 bytes,   38088256 total
, 0.4658590 secs]
   [Parallel Time: 449.9 ms, GC Workers: 2]
      [GC Worker Start (ms): Min: 28359003.1, Avg: 28359003.1, Max: 28359003.1, Diff: 0.0]
      [Ext Root Scanning (ms): Min: 59.7, Avg: 68.8, Max: 78.0, Diff: 18.3, Sum: 137.6]
      [Update RS (ms): Min: 54.9, Avg: 67.1, Max: 79.3, Diff: 24.4, Sum: 134.1]
         [Processed Buffers: Min: 128, Avg: 172.5, Max: 217, Diff: 89, Sum: 345]
      [Scan RS (ms): Min: 103.0, Avg: 103.0, Max: 103.0, Diff: 0.0, Sum: 206.0]
      [Object Copy (ms): Min: 207.8, Avg: 210.8, Max: 213.9, Diff: 6.0, Sum: 421.7]
      [Termination (ms): Min: 0.0, Avg: 0.0, Max: 0.0, Diff: 0.0, Sum: 0.0]
      [GC Worker Other (ms): Min: 0.1, Avg: 0.1, Max: 0.1, Diff: 0.0, Sum: 0.2]
      [GC Worker Total (ms): Min: 449.8, Avg: 449.8, Max: 449.8, Diff: 0.0, Sum: 899.7]
      [GC Worker End (ms): Min: 28359452.9, Avg: 28359453.0, Max: 28359453.0, Diff: 0.0]
   [Code Root Fixup: 0.0 ms]
   [Clear CT: 0.8 ms]
   [Other: 15.1 ms]
      [Choose CSet: 0.9 ms]
      [Ref Proc: 5.4 ms]
      [Ref Enq: 0.1 ms]
      [Free CSet: 6.1 ms]
   [Eden: 985.0M(985.0M)->0.0B(949.0M) Survivors: 39.0M->75.0M Heap: 2098.8M(3072.0M)->1098.8M(3072.0M)]
 [Times: user=0.92 sys=0.00, real=0.46 secs] 
28363.911: [GC pause (young)
Desired survivor size 67108864 bytes, new threshold 2 (max 32)
- age   1:   45771168 bytes,   45771168 total
- age   2:   30628840 bytes,   76400008 total
, 0.4975520 secs]
   [Parallel Time: 485.4 ms, GC Workers: 2]
      [GC Worker Start (ms): Min: 28363912.7, Avg: 28363912.7, Max: 28363912.7, Diff: 0.0]
      [Ext Root Scanning (ms): Min: 55.2, Avg: 66.1, Max: 76.9, Diff: 21.7, Sum: 132.1]
      [Update RS (ms): Min: 40.0, Avg: 49.6, Max: 59.1, Diff: 19.1, Sum: 99.1]
         [Processed Buffers: Min: 138, Avg: 146.5, Max: 155, Diff: 17, Sum: 293]
      [Scan RS (ms): Min: 89.2, Avg: 89.2, Max: 89.2, Diff: 0.0, Sum: 178.5]
      [Object Copy (ms): Min: 279.0, Avg: 280.3, Max: 281.6, Diff: 2.6, Sum: 560.6]
      [Termination (ms): Min: 0.0, Avg: 0.0, Max: 0.0, Diff: 0.0, Sum: 0.0]
      [GC Worker Other (ms): Min: 0.2, Avg: 0.2, Max: 0.2, Diff: 0.0, Sum: 0.3]
      [GC Worker Total (ms): Min: 485.3, Avg: 485.3, Max: 485.3, Diff: 0.0, Sum: 970.7]
      [GC Worker End (ms): Min: 28364398.0, Avg: 28364398.0, Max: 28364398.0, Diff: 0.0]
   [Code Root Fixup: 0.0 ms]
   [Clear CT: 0.7 ms]
   [Other: 11.4 ms]
      [Choose CSet: 0.0 ms]
      [Ref Proc: 3.3 ms]
      [Ref Enq: 0.1 ms]
      [Free CSet: 5.0 ms]
   [Eden: 949.0M(949.0M)->0.0B(940.0M) Survivors: 75.0M->84.0M Heap: 2082.5M(3072.0M)->1171.5M(3072.0M)]
 [Times: user=0.98 sys=0.00, real=0.50 secs] 
28370.166: [GC pause (young)
Desired survivor size 67108864 bytes, new threshold 2 (max 32)
- age   1:   48797680 bytes,   48797680 total
- age   2:   36691232 bytes,   85488912 total
, 0.4979500 secs]
   [Parallel Time: 484.5 ms, GC Workers: 2]
      [GC Worker Start (ms): Min: 28370168.0, Avg: 28370168.0, Max: 28370168.1, Diff: 0.0]
      [Ext Root Scanning (ms): Min: 56.0, Avg: 64.1, Max: 72.3, Diff: 16.4, Sum: 128.3]
      [Update RS (ms): Min: 55.1, Avg: 65.7, Max: 76.3, Diff: 21.1, Sum: 131.4]
         [Processed Buffers: Min: 137, Avg: 160.0, Max: 183, Diff: 46, Sum: 320]
      [Scan RS (ms): Min: 78.2, Avg: 78.2, Max: 78.2, Diff: 0.1, Sum: 156.4]
      [Object Copy (ms): Min: 273.8, Avg: 276.2, Max: 278.5, Diff: 4.7, Sum: 552.4]
      [Termination (ms): Min: 0.0, Avg: 0.0, Max: 0.0, Diff: 0.0, Sum: 0.0]
      [GC Worker Other (ms): Min: 0.1, Avg: 0.1, Max: 0.1, Diff: 0.0, Sum: 0.2]
      [GC Worker Total (ms): Min: 484.3, Avg: 484.3, Max: 484.3, Diff: 0.0, Sum: 968.6]
      [GC Worker End (ms): Min: 28370652.3, Avg: 28370652.3, Max: 28370652.4, Diff: 0.0]
   [Code Root Fixup: 0.0 ms]
   [Clear CT: 0.8 ms]
   [Other: 12.7 ms]
      [Choose CSet: 0.0 ms]
      [Ref Proc: 4.4 ms]
      [Ref Enq: 0.1 ms]
      [Free CSet: 5.4 ms]
   [Eden: 940.0M(940.0M)->0.0B(941.0M) Survivors: 84.0M->83.0M Heap: 2159.9M(3072.0M)->1252.9M(3072.0M)]
 [Times: user=0.98 sys=0.00, real=0.50 secs] 
28377.467: [GC pause (young)
Desired survivor size 67108864 bytes, new threshold 2 (max 32)
- age   1:   42892344 bytes,   42892344 total
- age   2:   41506952 bytes,   84399296 total
, 0.4811860 secs]
   [Parallel Time: 465.7 ms, GC Workers: 2]
      [GC Worker Start (ms): Min: 28377468.8, Avg: 28377468.8, Max: 28377468.8, Diff: 0.0]
      [Ext Root Scanning (ms): Min: 52.3, Avg: 64.7, Max: 77.1, Diff: 24.8, Sum: 129.5]
      [Update RS (ms): Min: 37.2, Avg: 48.4, Max: 59.6, Diff: 22.4, Sum: 96.8]
         [Processed Buffers: Min: 98, Avg: 147.0, Max: 196, Diff: 98, Sum: 294]
      [Scan RS (ms): Min: 85.2, Avg: 85.3, Max: 85.4, Diff: 0.2, Sum: 170.7]
      [Object Copy (ms): Min: 265.7, Avg: 267.0, Max: 268.2, Diff: 2.6, Sum: 533.9]
      [Termination (ms): Min: 0.0, Avg: 0.0, Max: 0.0, Diff: 0.0, Sum: 0.0]
      [GC Worker Other (ms): Min: 0.1, Avg: 0.1, Max: 0.1, Diff: 0.0, Sum: 0.2]
      [GC Worker Total (ms): Min: 465.5, Avg: 465.5, Max: 465.6, Diff: 0.1, Sum: 931.1]
      [GC Worker End (ms): Min: 28377934.3, Avg: 28377934.3, Max: 28377934.4, Diff: 0.0]
   [Code Root Fixup: 0.0 ms]
   [Clear CT: 0.9 ms]
   [Other: 14.6 ms]
      [Choose CSet: 0.0 ms]
      [Ref Proc: 5.2 ms]
      [Ref Enq: 0.1 ms]
      [Free CSet: 5.9 ms]
   [Eden: 941.0M(941.0M)->0.0B(945.0M) Survivors: 83.0M->79.0M Heap: 2194.4M(3072.0M)->1286.6M(3072.0M)]
 [Times: user=0.95 sys=0.00, real=0.48 secs] 
28384.103: [GC pause (young)
Desired survivor size 67108864 bytes, new threshold 2 (max 32)
- age   1:   44450208 bytes,   44450208 total
- age   2:   35415880 bytes,   79866088 total
, 0.4901890 secs]
   [Parallel Time: 477.2 ms, GC Workers: 2]
      [GC Worker Start (ms): Min: 28384105.1, Avg: 28384105.2, Max: 28384105.2, Diff: 0.0]
      [Ext Root Scanning (ms): Min: 57.2, Avg: 65.9, Max: 74.7, Diff: 17.5, Sum: 131.9]
      [Update RS (ms): Min: 44.8, Avg: 55.8, Max: 66.8, Diff: 22.0, Sum: 111.7]
         [Processed Buffers: Min: 135, Avg: 165.0, Max: 195, Diff: 60, Sum: 330]
      [Scan RS (ms): Min: 91.0, Avg: 91.0, Max: 91.0, Diff: 0.0, Sum: 182.0]
      [Object Copy (ms): Min: 262.0, Avg: 264.2, Max: 266.4, Diff: 4.4, Sum: 528.4]
      [Termination (ms): Min: 0.0, Avg: 0.0, Max: 0.0, Diff: 0.0, Sum: 0.0]
      [GC Worker Other (ms): Min: 0.1, Avg: 0.1, Max: 0.1, Diff: 0.1, Sum: 0.2]
      [GC Worker Total (ms): Min: 477.1, Avg: 477.1, Max: 477.1, Diff: 0.1, Sum: 954.2]
      [GC Worker End (ms): Min: 28384582.2, Avg: 28384582.2, Max: 28384582.3, Diff: 0.0]
   [Code Root Fixup: 0.0 ms]
   [Clear CT: 0.7 ms]
   [Other: 12.2 ms]
      [Choose CSet: 0.0 ms]
      [Ref Proc: 4.4 ms]
      [Ref Enq: 0.1 ms]
      [Free CSet: 4.8 ms]
   [Eden: 945.0M(945.0M)->0.0B(951.0M) Survivors: 79.0M->73.0M Heap: 2285.3M(3072.0M)->1368.1M(3072.0M)]
 [Times: user=0.96 sys=0.01, real=0.49 secs] 
28384.674: [GC pause (young) (initial-mark)
Desired survivor size 67108864 bytes, new threshold 2 (max 32)
- age   1:   38590168 bytes,   38590168 total
- age   2:   35168360 bytes,   73758528 total
, 0.4551340 secs]
   [Parallel Time: 452.3 ms, GC Workers: 2]
      [GC Worker Start (ms): Min: 28384675.1, Avg: 28384675.2, Max: 28384675.2, Diff: 0.0]
      [Ext Root Scanning (ms): Min: 60.5, Avg: 67.5, Max: 74.5, Diff: 14.0, Sum: 135.0]
      [Update RS (ms): Min: 181.0, Avg: 194.9, Max: 208.9, Diff: 28.0, Sum: 389.9]
         [Processed Buffers: Min: 184, Avg: 246.0, Max: 308, Diff: 124, Sum: 492]
      [Scan RS (ms): Min: 10.5, Avg: 10.5, Max: 10.6, Diff: 0.1, Sum: 21.1]
      [Object Copy (ms): Min: 172.2, Avg: 179.1, Max: 186.1, Diff: 13.9, Sum: 358.3]
      [Termination (ms): Min: 0.0, Avg: 0.0, Max: 0.0, Diff: 0.0, Sum: 0.0]
      [GC Worker Other (ms): Min: 0.1, Avg: 0.1, Max: 0.1, Diff: 0.0, Sum: 0.1]
      [GC Worker Total (ms): Min: 452.2, Avg: 452.2, Max: 452.2, Diff: 0.0, Sum: 904.3]
      [GC Worker End (ms): Min: 28385127.3, Avg: 28385127.3, Max: 28385127.3, Diff: 0.0]
   [Code Root Fixup: 0.0 ms]
   [Clear CT: 0.1 ms]
   [Other: 2.8 ms]
      [Choose CSet: 0.0 ms]
      [Ref Proc: 0.2 ms]
      [Ref Enq: 0.0 ms]
      [Free CSet: 0.4 ms]
   [Eden: 17.0M(951.0M)->0.0B(983.0M) Survivors: 73.0M->41.0M Heap: 1384.3M(3072.0M)->1370.1M(3072.0M)]
 [Times: user=0.90 sys=0.00, real=0.45 secs] 
28385.130: [GC concurrent-root-region-scan-start]
28385.326: [GC concurrent-root-region-scan-end, 0.1961710 secs]
28385.326: [GC concurrent-mark-start]
28388.672: [GC concurrent-mark-end, 3.3457440 secs]
28388.673: [GC remark 28388.675: [GC ref-proc, 0.8848280 secs], 0.9609060 secs]
 [Times: user=0.97 sys=0.00, real=0.97 secs] 
28389.636: [GC cleanup 1947M->1668M(3072M), 0.0276510 secs]
 [Times: user=0.05 sys=0.00, real=0.03 secs] 
28389.665: [GC concurrent-cleanup-start]
28389.666: [GC concurrent-cleanup-end, 0.0007910 secs]
28391.624: [GC pause (young)
Desired survivor size 67108864 bytes, new threshold 16 (max 32)
- age   1:    3088352 bytes,    3088352 total
- age   2:   37527280 bytes,   40615632 total
, 0.3707500 secs]
   [Parallel Time: 356.6 ms, GC Workers: 2]
      [GC Worker Start (ms): Min: 28391626.0, Avg: 28391626.1, Max: 28391626.3, Diff: 0.3]
      [Ext Root Scanning (ms): Min: 55.7, Avg: 63.6, Max: 71.4, Diff: 15.7, Sum: 127.1]
      [Update RS (ms): Min: 32.1, Avg: 42.0, Max: 52.0, Diff: 19.8, Sum: 84.1]
         [Processed Buffers: Min: 104, Avg: 150.0, Max: 196, Diff: 92, Sum: 300]
      [Scan RS (ms): Min: 70.2, Avg: 70.3, Max: 70.4, Diff: 0.2, Sum: 140.6]
      [Object Copy (ms): Min: 178.0, Avg: 180.3, Max: 182.6, Diff: 4.6, Sum: 360.6]
      [Termination (ms): Min: 0.0, Avg: 0.0, Max: 0.0, Diff: 0.0, Sum: 0.0]
      [GC Worker Other (ms): Min: 0.1, Avg: 0.1, Max: 0.1, Diff: 0.0, Sum: 0.2]
      [GC Worker Total (ms): Min: 356.2, Avg: 356.3, Max: 356.5, Diff: 0.3, Sum: 712.6]
      [GC Worker End (ms): Min: 28391982.5, Avg: 28391982.5, Max: 28391982.5, Diff: 0.0]
   [Code Root Fixup: 0.0 ms]
   [Clear CT: 0.8 ms]
   [Other: 13.3 ms]
      [Choose CSet: 0.0 ms]
      [Ref Proc: 5.6 ms]
      [Ref Enq: 0.1 ms]
      [Free CSet: 5.1 ms]
   [Eden: 983.0M(983.0M)->0.0B(949.0M) Survivors: 41.0M->75.0M Heap: 2078.1M(3072.0M)->1129.6M(3072.0M)]
 [Times: user=0.73 sys=0.00, real=0.37 secs] 
28397.406: [GC pause (mixed)
Desired survivor size 67108864 bytes, new threshold 3 (max 32)
- age   1:   44036752 bytes,   44036752 total
- age   2:     511760 bytes,   44548512 total
- age   3:   30718024 bytes,   75266536 total
, 0.4707240 secs]
   [Parallel Time: 454.4 ms, GC Workers: 2]
      [GC Worker Start (ms): Min: 28397407.5, Avg: 28397407.6, Max: 28397407.6, Diff: 0.0]
      [Ext Root Scanning (ms): Min: 54.6, Avg: 62.7, Max: 70.9, Diff: 16.3, Sum: 125.5]
      [Update RS (ms): Min: 45.5, Avg: 56.3, Max: 67.1, Diff: 21.6, Sum: 112.6]
         [Processed Buffers: Min: 76, Avg: 150.5, Max: 225, Diff: 149, Sum: 301]
      [Scan RS (ms): Min: 85.4, Avg: 85.5, Max: 85.6, Diff: 0.2, Sum: 171.0]
      [Object Copy (ms): Min: 246.8, Avg: 249.7, Max: 252.5, Diff: 5.7, Sum: 499.4]
      [Termination (ms): Min: 0.0, Avg: 0.0, Max: 0.0, Diff: 0.0, Sum: 0.0]
      [GC Worker Other (ms): Min: 0.1, Avg: 0.1, Max: 0.2, Diff: 0.1, Sum: 0.3]
      [GC Worker Total (ms): Min: 454.3, Avg: 454.3, Max: 454.4, Diff: 0.0, Sum: 908.7]
      [GC Worker End (ms): Min: 28397861.9, Avg: 28397861.9, Max: 28397861.9, Diff: 0.0]
   [Code Root Fixup: 0.0 ms]
   [Clear CT: 0.9 ms]
   [Other: 15.4 ms]
      [Choose CSet: 0.6 ms]
      [Ref Proc: 7.0 ms]
      [Ref Enq: 0.1 ms]
      [Free CSet: 5.2 ms]
   [Eden: 949.0M(949.0M)->0.0B(942.0M) Survivors: 75.0M->82.0M Heap: 2124.1M(3072.0M)->1152.1M(3072.0M)]
 [Times: user=0.92 sys=0.00, real=0.47 secs] 
28403.414: [GC pause (mixed)
Desired survivor size 67108864 bytes, new threshold 2 (max 32)
- age   1:   45471760 bytes,   45471760 total
- age   2:   37196176 bytes,   82667936 total
- age   3:     505640 bytes,   83173576 total
, 0.4726470 secs]
   [Parallel Time: 457.4 ms, GC Workers: 2]
      [GC Worker Start (ms): Min: 28403415.3, Avg: 28403415.3, Max: 28403415.3, Diff: 0.0]
      [Ext Root Scanning (ms): Min: 54.4, Avg: 61.8, Max: 69.1, Diff: 14.7, Sum: 123.5]
      [Update RS (ms): Min: 49.0, Avg: 58.4, Max: 67.8, Diff: 18.8, Sum: 116.9]
         [Processed Buffers: Min: 131, Avg: 138.0, Max: 145, Diff: 14, Sum: 276]
      [Scan RS (ms): Min: 84.0, Avg: 84.0, Max: 84.1, Diff: 0.0, Sum: 168.1]
      [Object Copy (ms): Min: 251.0, Avg: 253.0, Max: 255.1, Diff: 4.1, Sum: 506.1]
      [Termination (ms): Min: 0.0, Avg: 0.0, Max: 0.0, Diff: 0.0, Sum: 0.0]
      [GC Worker Other (ms): Min: 0.1, Avg: 0.1, Max: 0.1, Diff: 0.0, Sum: 0.2]
      [GC Worker Total (ms): Min: 457.3, Avg: 457.4, Max: 457.4, Diff: 0.0, Sum: 914.7]
      [GC Worker End (ms): Min: 28403872.6, Avg: 28403872.7, Max: 28403872.7, Diff: 0.0]
   [Code Root Fixup: 0.0 ms]
   [Clear CT: 1.3 ms]
   [Other: 14.0 ms]
      [Choose CSet: 0.1 ms]
      [Ref Proc: 5.7 ms]
      [Ref Enq: 0.1 ms]
      [Free CSet: 5.3 ms]
   [Eden: 942.0M(942.0M)->0.0B(947.0M) Survivors: 82.0M->77.0M Heap: 2115.0M(3072.0M)->1194.5M(3072.0M)]
 [Times: user=0.93 sys=0.01, real=0.48 secs] 
28409.136: [GC pause (young)
Desired survivor size 67108864 bytes, new threshold 2 (max 32)
- age   1:   45078216 bytes,   45078216 total
- age   2:   32371112 bytes,   77449328 total
, 0.4073680 secs]
   [Parallel Time: 396.3 ms, GC Workers: 2]
      [GC Worker Start (ms): Min: 28409138.4, Avg: 28409138.5, Max: 28409138.5, Diff: 0.0]
      [Ext Root Scanning (ms): Min: 56.9, Avg: 65.5, Max: 74.1, Diff: 17.2, Sum: 130.9]
      [Update RS (ms): Min: 47.8, Avg: 58.6, Max: 69.5, Diff: 21.6, Sum: 117.3]
         [Processed Buffers: Min: 180, Avg: 204.5, Max: 229, Diff: 49, Sum: 409]
      [Scan RS (ms): Min: 93.0, Avg: 93.1, Max: 93.2, Diff: 0.3, Sum: 186.2]
      [Object Copy (ms): Min: 176.4, Avg: 178.8, Max: 181.2, Diff: 4.8, Sum: 357.6]
      [Termination (ms): Min: 0.0, Avg: 0.0, Max: 0.0, Diff: 0.0, Sum: 0.0]
      [GC Worker Other (ms): Min: 0.1, Avg: 0.1, Max: 0.1, Diff: 0.0, Sum: 0.2]
      [GC Worker Total (ms): Min: 396.1, Avg: 396.1, Max: 396.2, Diff: 0.0, Sum: 792.3]
      [GC Worker End (ms): Min: 28409534.6, Avg: 28409534.6, Max: 28409534.6, Diff: 0.0]
   [Code Root Fixup: 0.0 ms]
   [Clear CT: 0.8 ms]
   [Other: 10.2 ms]
      [Choose CSet: 0.0 ms]
      [Ref Proc: 3.2 ms]
      [Ref Enq: 0.0 ms]
      [Free CSet: 3.9 ms]
   [Eden: 838.0M(947.0M)->0.0B(958.0M) Survivors: 77.0M->66.0M Heap: 2147.3M(3072.0M)->1320.0M(3072.0M)]
 [Times: user=0.81 sys=0.00, real=0.41 secs] 
28413.197: [GC pause (young) (initial-mark)
Desired survivor size 67108864 bytes, new threshold 2 (max 32)
- age   1:   39552360 bytes,   39552360 total
- age   2:   27601488 bytes,   67153848 total
, 0.4229310 secs]
   [Parallel Time: 416.6 ms, GC Workers: 2]
      [GC Worker Start (ms): Min: 28413198.7, Avg: 28413198.7, Max: 28413198.7, Diff: 0.0]
      [Ext Root Scanning (ms): Min: 50.5, Avg: 63.7, Max: 76.9, Diff: 26.4, Sum: 127.4]
      [Update RS (ms): Min: 4.9, Avg: 17.6, Max: 30.4, Diff: 25.5, Sum: 35.2]
         [Processed Buffers: Min: 101, Avg: 148.0, Max: 195, Diff: 94, Sum: 296]
      [Scan RS (ms): Min: 50.2, Avg: 50.5, Max: 50.8, Diff: 0.5, Sum: 101.0]
      [Object Copy (ms): Min: 284.4, Avg: 284.5, Max: 284.7, Diff: 0.3, Sum: 569.0]
      [Termination (ms): Min: 0.0, Avg: 0.0, Max: 0.0, Diff: 0.0, Sum: 0.0]
      [GC Worker Other (ms): Min: 0.1, Avg: 0.1, Max: 0.1, Diff: 0.0, Sum: 0.2]
      [GC Worker Total (ms): Min: 416.4, Avg: 416.4, Max: 416.5, Diff: 0.1, Sum: 832.9]
      [GC Worker End (ms): Min: 28413615.1, Avg: 28413615.1, Max: 28413615.1, Diff: 0.0]
   [Code Root Fixup: 0.0 ms]
   [Clear CT: 0.7 ms]
   [Other: 5.7 ms]
      [Choose CSet: 0.0 ms]
      [Ref Proc: 1.7 ms]
      [Ref Enq: 0.0 ms]
      [Free CSet: 1.9 ms]
   [Eden: 780.0M(958.0M)->0.0B(913.0M) Survivors: 66.0M->111.0M Heap: 2138.7M(3072.0M)->1429.2M(3072.0M)]
 [Times: user=0.84 sys=0.00, real=0.43 secs] 
28413.621: [GC concurrent-root-region-scan-start]
28414.057: [GC concurrent-root-region-scan-end, 0.4363120 secs]
28414.057: [GC concurrent-mark-start]
28416.730: [GC concurrent-mark-end, 2.6729680 secs]
28416.733: [GC remark 28416.734: [GC ref-proc, 0.0191240 secs], 0.0883820 secs]
 [Times: user=0.09 sys=0.00, real=0.09 secs] 
28416.822: [GC cleanup 2066M->1824M(3072M), 0.0297040 secs]
 [Times: user=0.06 sys=0.00, real=0.03 secs] 
28416.852: [GC concurrent-cleanup-start]
28416.853: [GC concurrent-cleanup-end, 0.0005740 secs]
28418.420: [GC pause (young)
Desired survivor size 67108864 bytes, new threshold 1 (max 32)
- age   1:   84001160 bytes,   84001160 total
- age   2:   29632640 bytes,  113633800 total
, 0.4624750 secs]
   [Parallel Time: 453.9 ms, GC Workers: 2]
      [GC Worker Start (ms): Min: 28418420.3, Avg: 28418420.4, Max: 28418420.4, Diff: 0.0]
      [Ext Root Scanning (ms): Min: 54.1, Avg: 62.2, Max: 70.3, Diff: 16.2, Sum: 124.4]
      [Update RS (ms): Min: 35.8, Avg: 46.2, Max: 56.7, Diff: 20.9, Sum: 92.5]
         [Processed Buffers: Min: 75, Avg: 128.0, Max: 181, Diff: 106, Sum: 256]
      [Scan RS (ms): Min: 27.3, Avg: 27.4, Max: 27.5, Diff: 0.2, Sum: 54.8]
      [Object Copy (ms): Min: 315.7, Avg: 317.9, Max: 320.1, Diff: 4.4, Sum: 635.8]
      [Termination (ms): Min: 0.0, Avg: 0.0, Max: 0.0, Diff: 0.0, Sum: 0.0]
      [GC Worker Other (ms): Min: 0.1, Avg: 0.1, Max: 0.1, Diff: 0.0, Sum: 0.2]
      [GC Worker Total (ms): Min: 453.8, Avg: 453.8, Max: 453.8, Diff: 0.0, Sum: 907.6]
      [GC Worker End (ms): Min: 28418874.2, Avg: 28418874.2, Max: 28418874.2, Diff: 0.0]
   [Code Root Fixup: 0.0 ms]
   [Clear CT: 0.7 ms]
   [Other: 7.8 ms]
      [Choose CSet: 0.0 ms]
      [Ref Proc: 3.0 ms]
      [Ref Enq: 0.1 ms]
      [Free CSet: 3.0 ms]
   [Eden: 913.0M(913.0M)->0.0B(936.0M) Survivors: 111.0M->88.0M Heap: 2107.5M(3072.0M)->1214.5M(3072.0M)]
 [Times: user=0.92 sys=0.00, real=0.46 secs] 
28424.925: [GC pause (mixed)
Desired survivor size 67108864 bytes, new threshold 1 (max 32)
- age   1:   89557512 bytes,   89557512 total
, 0.3529440 secs]
   [Parallel Time: 339.0 ms, GC Workers: 2]
      [GC Worker Start (ms): Min: 28424926.2, Avg: 28424926.2, Max: 28424926.3, Diff: 0.0]
      [Ext Root Scanning (ms): Min: 58.1, Avg: 69.1, Max: 80.1, Diff: 22.0, Sum: 138.1]
      [Update RS (ms): Min: 5.5, Avg: 15.2, Max: 24.9, Diff: 19.4, Sum: 30.4]
         [Processed Buffers: Min: 132, Avg: 143.0, Max: 154, Diff: 22, Sum: 286]
      [Scan RS (ms): Min: 66.1, Avg: 66.1, Max: 66.1, Diff: 0.0, Sum: 132.2]
      [Object Copy (ms): Min: 185.3, Avg: 186.4, Max: 187.5, Diff: 2.2, Sum: 372.8]
      [Termination (ms): Min: 1.9, Avg: 2.1, Max: 2.2, Diff: 0.3, Sum: 4.2]
      [GC Worker Other (ms): Min: 0.1, Avg: 0.1, Max: 0.1, Diff: 0.0, Sum: 0.2]
      [GC Worker Total (ms): Min: 338.9, Avg: 338.9, Max: 339.0, Diff: 0.0, Sum: 677.9]
      [GC Worker End (ms): Min: 28425265.2, Avg: 28425265.2, Max: 28425265.2, Diff: 0.0]
   [Code Root Fixup: 0.0 ms]
   [Clear CT: 0.9 ms]
   [Other: 13.0 ms]
      [Choose CSet: 0.7 ms]
      [Ref Proc: 6.4 ms]
      [Ref Enq: 0.1 ms]
      [Free CSet: 3.6 ms]
   [Eden: 936.0M(936.0M)->0.0B(991.0M) Survivors: 88.0M->33.0M Heap: 2175.2M(3072.0M)->1154.2M(3072.0M)]
 [Times: user=0.68 sys=0.00, real=0.35 secs] 
28431.439: [GC pause (mixed)
Desired survivor size 67108864 bytes, new threshold 16 (max 32)
- age   1:   31266312 bytes,   31266312 total
, 0.2825150 secs]
   [Parallel Time: 266.1 ms, GC Workers: 2]
      [GC Worker Start (ms): Min: 28431441.3, Avg: 28431441.4, Max: 28431441.4, Diff: 0.0]
      [Ext Root Scanning (ms): Min: 54.1, Avg: 62.8, Max: 71.6, Diff: 17.5, Sum: 125.7]
      [Update RS (ms): Min: 11.1, Avg: 22.3, Max: 33.5, Diff: 22.4, Sum: 44.6]
         [Processed Buffers: Min: 84, Avg: 146.0, Max: 208, Diff: 124, Sum: 292]
      [Scan RS (ms): Min: 69.3, Avg: 69.4, Max: 69.4, Diff: 0.1, Sum: 138.8]
      [Object Copy (ms): Min: 108.9, Avg: 111.4, Max: 113.9, Diff: 5.0, Sum: 222.7]
      [Termination (ms): Min: 0.0, Avg: 0.0, Max: 0.0, Diff: 0.0, Sum: 0.0]
      [GC Worker Other (ms): Min: 0.1, Avg: 0.1, Max: 0.1, Diff: 0.0, Sum: 0.2]
      [GC Worker Total (ms): Min: 266.0, Avg: 266.0, Max: 266.0, Diff: 0.0, Sum: 532.0]
      [GC Worker End (ms): Min: 28431707.3, Avg: 28431707.3, Max: 28431707.4, Diff: 0.0]
   [Code Root Fixup: 0.0 ms]
   [Clear CT: 1.1 ms]
   [Other: 15.3 ms]
      [Choose CSet: 1.9 ms]
      [Ref Proc: 7.3 ms]
      [Ref Enq: 0.1 ms]
      [Free CSet: 4.7 ms]
   [Eden: 991.0M(991.0M)->0.0B(979.0M) Survivors: 33.0M->45.0M Heap: 2169.4M(3072.0M)->1060.4M(3072.0M)]
 [Times: user=0.55 sys=0.00, real=0.29 secs] 
28437.488: [GC pause (young)
Desired survivor size 67108864 bytes, new threshold 16 (max 32)
- age   1:   26211072 bytes,   26211072 total
- age   2:   16401640 bytes,   42612712 total
, 0.3535120 secs]
   [Parallel Time: 342.9 ms, GC Workers: 2]
      [GC Worker Start (ms): Min: 28437488.9, Avg: 28437489.0, Max: 28437489.0, Diff: 0.1]
      [Ext Root Scanning (ms): Min: 57.3, Avg: 65.3, Max: 73.4, Diff: 16.1, Sum: 130.6]
      [Update RS (ms): Min: 16.8, Avg: 27.3, Max: 37.8, Diff: 21.0, Sum: 54.6]
         [Processed Buffers: Min: 112, Avg: 143.5, Max: 175, Diff: 63, Sum: 287]
      [Scan RS (ms): Min: 22.6, Avg: 22.6, Max: 22.6, Diff: 0.0, Sum: 45.2]
      [Object Copy (ms): Min: 224.9, Avg: 227.3, Max: 229.7, Diff: 4.8, Sum: 454.7]
      [Termination (ms): Min: 0.0, Avg: 0.0, Max: 0.0, Diff: 0.0, Sum: 0.0]
      [GC Worker Other (ms): Min: 0.1, Avg: 0.1, Max: 0.1, Diff: 0.0, Sum: 0.2]
      [GC Worker Total (ms): Min: 342.6, Avg: 342.6, Max: 342.7, Diff: 0.1, Sum: 685.2]
      [GC Worker End (ms): Min: 28437831.6, Avg: 28437831.6, Max: 28437831.6, Diff: 0.0]
   [Code Root Fixup: 0.0 ms]
   [Clear CT: 0.9 ms]
   [Other: 9.8 ms]
      [Choose CSet: 0.0 ms]
      [Ref Proc: 5.8 ms]
      [Ref Enq: 0.1 ms]
      [Free CSet: 2.5 ms]
   [Eden: 979.0M(979.0M)->0.0B(930.0M) Survivors: 45.0M->94.0M Heap: 2060.1M(3072.0M)->1130.6M(3072.0M)]
 [Times: user=0.70 sys=0.01, real=0.36 secs] 
28443.370: [GC pause (young)
Desired survivor size 67108864 bytes, new threshold 1 (max 32)
- age   1:   67532400 bytes,   67532400 total
- age   2:   12982064 bytes,   80514464 total
- age   3:   13872296 bytes,   94386760 total
, 0.4118240 secs]
   [Parallel Time: 401.4 ms, GC Workers: 2]
      [GC Worker Start (ms): Min: 28443371.1, Avg: 28443371.2, Max: 28443371.2, Diff: 0.0]
      [Ext Root Scanning (ms): Min: 56.2, Avg: 63.0, Max: 69.9, Diff: 13.6, Sum: 126.1]
      [Update RS (ms): Min: 32.9, Avg: 42.2, Max: 51.4, Diff: 18.6, Sum: 84.3]
         [Processed Buffers: Min: 92, Avg: 160.5, Max: 229, Diff: 137, Sum: 321]
      [Scan RS (ms): Min: 22.2, Avg: 22.3, Max: 22.4, Diff: 0.2, Sum: 44.6]
      [Object Copy (ms): Min: 270.9, Avg: 273.4, Max: 276.0, Diff: 5.1, Sum: 546.9]
      [Termination (ms): Min: 0.0, Avg: 0.0, Max: 0.0, Diff: 0.0, Sum: 0.0]
      [GC Worker Other (ms): Min: 0.1, Avg: 0.1, Max: 0.1, Diff: 0.0, Sum: 0.2]
      [GC Worker Total (ms): Min: 401.0, Avg: 401.0, Max: 401.0, Diff: 0.0, Sum: 802.1]
      [GC Worker End (ms): Min: 28443772.2, Avg: 28443772.2, Max: 28443772.2, Diff: 0.0]
   [Code Root Fixup: 0.0 ms]
   [Clear CT: 0.7 ms]
   [Other: 9.7 ms]
      [Choose CSet: 0.0 ms]
      [Ref Proc: 4.8 ms]
      [Ref Enq: 0.1 ms]
      [Free CSet: 2.5 ms]
   [Eden: 930.0M(930.0M)->0.0B(971.0M) Survivors: 94.0M->53.0M Heap: 2086.8M(3072.0M)->1194.3M(3072.0M)]
 [Times: user=0.82 sys=0.00, real=0.42 secs] 
28451.228: [GC pause (young)
Desired survivor size 67108864 bytes, new threshold 16 (max 32)
- age   1:   52616424 bytes,   52616424 total
, 0.2552670 secs]
   [Parallel Time: 242.1 ms, GC Workers: 2]
      [GC Worker Start (ms): Min: 28451229.2, Avg: 28451229.2, Max: 28451229.2, Diff: 0.0]
      [Ext Root Scanning (ms): Min: 62.6, Avg: 68.5, Max: 74.4, Diff: 11.8, Sum: 137.0]
      [Update RS (ms): Min: 26.3, Avg: 34.6, Max: 43.0, Diff: 16.6, Sum: 69.3]
         [Processed Buffers: Min: 134, Avg: 160.0, Max: 186, Diff: 52, Sum: 320]
      [Scan RS (ms): Min: 26.0, Avg: 26.1, Max: 26.1, Diff: 0.2, Sum: 52.1]
      [Object Copy (ms): Min: 110.3, Avg: 112.6, Max: 114.9, Diff: 4.7, Sum: 225.2]
      [Termination (ms): Min: 0.0, Avg: 0.0, Max: 0.0, Diff: 0.0, Sum: 0.0]
      [GC Worker Other (ms): Min: 0.2, Avg: 0.2, Max: 0.2, Diff: 0.1, Sum: 0.4]
      [GC Worker Total (ms): Min: 242.0, Avg: 242.0, Max: 242.0, Diff: 0.0, Sum: 484.0]
      [GC Worker End (ms): Min: 28451471.1, Avg: 28451471.2, Max: 28451471.2, Diff: 0.1]
   [Code Root Fixup: 0.0 ms]
   [Clear CT: 0.7 ms]
   [Other: 12.5 ms]
      [Choose CSet: 0.0 ms]
      [Ref Proc: 7.2 ms]
      [Ref Enq: 0.2 ms]
      [Free CSet: 3.4 ms]
   [Eden: 971.0M(971.0M)->0.0B(973.0M) Survivors: 53.0M->51.0M Heap: 2190.5M(3072.0M)->1217.0M(3072.0M)]
 [Times: user=0.50 sys=0.00, real=0.26 secs] 
28456.997: [GC pause (young)
Desired survivor size 67108864 bytes, new threshold 16 (max 32)
- age   1:   33674144 bytes,   33674144 total
- age   2:   15949928 bytes,   49624072 total
, 0.4358000 secs]
   [Parallel Time: 425.6 ms, GC Workers: 2]
      [GC Worker Start (ms): Min: 28456998.1, Avg: 28456998.2, Max: 28456998.3, Diff: 0.2]
      [Ext Root Scanning (ms): Min: 58.4, Avg: 64.7, Max: 71.0, Diff: 12.7, Sum: 129.4]
      [Update RS (ms): Min: 39.3, Avg: 47.7, Max: 56.1, Diff: 16.8, Sum: 95.4]
         [Processed Buffers: Min: 130, Avg: 155.0, Max: 180, Diff: 50, Sum: 310]
      [Scan RS (ms): Min: 27.9, Avg: 28.0, Max: 28.0, Diff: 0.0, Sum: 55.9]
      [Object Copy (ms): Min: 283.0, Avg: 285.0, Max: 287.0, Diff: 4.0, Sum: 570.1]
      [Termination (ms): Min: 0.0, Avg: 0.0, Max: 0.0, Diff: 0.0, Sum: 0.0]
      [GC Worker Other (ms): Min: 0.1, Avg: 0.1, Max: 0.1, Diff: 0.0, Sum: 0.2]
      [GC Worker Total (ms): Min: 425.3, Avg: 425.5, Max: 425.6, Diff: 0.2, Sum: 850.9]
      [GC Worker End (ms): Min: 28457423.6, Avg: 28457423.6, Max: 28457423.6, Diff: 0.0]
   [Code Root Fixup: 0.0 ms]
   [Clear CT: 0.9 ms]
   [Other: 9.3 ms]
      [Choose CSet: 0.0 ms]
      [Ref Proc: 4.8 ms]
      [Ref Enq: 0.1 ms]
      [Free CSet: 2.6 ms]
   [Eden: 973.0M(973.0M)->0.0B(896.0M) Survivors: 51.0M->128.0M Heap: 2231.7M(3072.0M)->1347.7M(3072.0M)]
 [Times: user=0.86 sys=0.00, real=0.43 secs] 
28460.898: [GC pause (young)
Desired survivor size 67108864 bytes, new threshold 1 (max 32)
- age   1:  104436736 bytes,  104436736 total
- age   2:   21959376 bytes,  126396112 total
- age   3:   14408528 bytes,  140804640 total
, 0.6860980 secs]
   [Parallel Time: 674.5 ms, GC Workers: 2]
      [GC Worker Start (ms): Min: 28460899.2, Avg: 28460899.2, Max: 28460899.3, Diff: 0.1]
      [Ext Root Scanning (ms): Min: 59.8, Avg: 67.7, Max: 75.6, Diff: 15.8, Sum: 135.3]
      [Update RS (ms): Min: 27.9, Avg: 38.5, Max: 49.0, Diff: 21.1, Sum: 77.0]
         [Processed Buffers: Min: 154, Avg: 158.5, Max: 163, Diff: 9, Sum: 317]
      [Scan RS (ms): Min: 67.5, Avg: 67.6, Max: 67.6, Diff: 0.1, Sum: 135.1]
      [Object Copy (ms): Min: 497.9, Avg: 500.6, Max: 503.4, Diff: 5.5, Sum: 1001.2]
      [Termination (ms): Min: 0.0, Avg: 0.0, Max: 0.0, Diff: 0.0, Sum: 0.0]
      [GC Worker Other (ms): Min: 0.1, Avg: 0.1, Max: 0.1, Diff: 0.0, Sum: 0.2]
      [GC Worker Total (ms): Min: 674.4, Avg: 674.4, Max: 674.4, Diff: 0.1, Sum: 1348.8]
      [GC Worker End (ms): Min: 28461573.7, Avg: 28461573.7, Max: 28461573.7, Diff: 0.0]
   [Code Root Fixup: 0.0 ms]
   [Clear CT: 0.7 ms]
   [Other: 10.9 ms]
      [Choose CSet: 0.0 ms]
      [Ref Proc: 3.7 ms]
      [Ref Enq: 0.0 ms]
      [Free CSet: 3.9 ms]
   [Eden: 896.0M(896.0M)->0.0B(911.0M) Survivors: 128.0M->113.0M Heap: 2259.2M(3072.0M)->1441.2M(3072.0M)]
 [Times: user=1.32 sys=0.02, real=0.68 secs] 
28462.280: [GC pause (young) (initial-mark)
Desired survivor size 67108864 bytes, new threshold 1 (max 32)
- age   1:  114762552 bytes,  114762552 total
, 0.4232140 secs]
   [Parallel Time: 417.0 ms, GC Workers: 2]
      [GC Worker Start (ms): Min: 28462281.0, Avg: 28462281.0, Max: 28462281.0, Diff: 0.0]
      [Ext Root Scanning (ms): Min: 50.2, Avg: 63.4, Max: 76.5, Diff: 26.3, Sum: 126.7]
      [Update RS (ms): Min: 20.3, Avg: 33.7, Max: 47.1, Diff: 26.7, Sum: 67.4]
         [Processed Buffers: Min: 107, Avg: 119.5, Max: 132, Diff: 25, Sum: 239]
      [Scan RS (ms): Min: 55.9, Avg: 55.9, Max: 55.9, Diff: 0.1, Sum: 111.8]
      [Object Copy (ms): Min: 263.6, Avg: 263.8, Max: 264.0, Diff: 0.4, Sum: 527.6]
      [Termination (ms): Min: 0.0, Avg: 0.0, Max: 0.0, Diff: 0.0, Sum: 0.0]
      [GC Worker Other (ms): Min: 0.1, Avg: 0.1, Max: 0.1, Diff: 0.0, Sum: 0.1]
      [GC Worker Total (ms): Min: 416.9, Avg: 416.9, Max: 416.9, Diff: 0.0, Sum: 833.7]
      [GC Worker End (ms): Min: 28462697.8, Avg: 28462697.9, Max: 28462697.9, Diff: 0.0]
   [Code Root Fixup: 0.0 ms]
   [Clear CT: 0.4 ms]
   [Other: 5.8 ms]
      [Choose CSet: 0.0 ms]
      [Ref Proc: 1.3 ms]
      [Ref Enq: 0.0 ms]
      [Free CSet: 0.9 ms]
   [Eden: 86.0M(911.0M)->0.0B(1017.0M) Survivors: 113.0M->7168.0K Heap: 1526.4M(3072.0M)->1447.7M(3072.0M)]
 [Times: user=0.84 sys=0.00, real=0.42 secs] 
28462.703: [GC concurrent-root-region-scan-start]
28462.728: [GC concurrent-root-region-scan-end, 0.0244750 secs]
28462.728: [GC concurrent-mark-start]
28465.054: [GC concurrent-mark-end, 2.3258240 secs]
28465.056: [GC remark 28465.058: [GC ref-proc, 0.4452900 secs], 0.5146970 secs]
 [Times: user=0.52 sys=0.00, real=0.51 secs] 
28465.574: [GC cleanup 1840M->1529M(3072M), 0.0287430 secs]
 [Times: user=0.05 sys=0.00, real=0.03 secs] 
28465.603: [GC concurrent-cleanup-start]
28465.604: [GC concurrent-cleanup-end, 0.0007890 secs]
28468.713: [GC pause (young)
Desired survivor size 67108864 bytes, new threshold 16 (max 32)
- age   1:    6679336 bytes,    6679336 total
, 0.4302430 secs]
   [Parallel Time: 416.8 ms, GC Workers: 2]
      [GC Worker Start (ms): Min: 28468714.4, Avg: 28468714.4, Max: 28468714.4, Diff: 0.0]
      [Ext Root Scanning (ms): Min: 60.7, Avg: 68.0, Max: 75.2, Diff: 14.6, Sum: 135.9]
      [Update RS (ms): Min: 69.4, Avg: 79.2, Max: 88.9, Diff: 19.5, Sum: 158.3]
         [Processed Buffers: Min: 167, Avg: 171.0, Max: 175, Diff: 8, Sum: 342]
      [Scan RS (ms): Min: 66.7, Avg: 66.9, Max: 67.1, Diff: 0.4, Sum: 133.8]
      [Object Copy (ms): Min: 199.9, Avg: 202.6, Max: 205.2, Diff: 5.3, Sum: 405.1]
      [Termination (ms): Min: 0.0, Avg: 0.0, Max: 0.0, Diff: 0.0, Sum: 0.0]
      [GC Worker Other (ms): Min: 0.1, Avg: 0.1, Max: 0.1, Diff: 0.0, Sum: 0.2]
      [GC Worker Total (ms): Min: 416.7, Avg: 416.7, Max: 416.7, Diff: 0.0, Sum: 833.3]
      [GC Worker End (ms): Min: 28469131.1, Avg: 28469131.1, Max: 28469131.1, Diff: 0.0]
   [Code Root Fixup: 0.0 ms]
   [Clear CT: 0.8 ms]
   [Other: 12.7 ms]
      [Choose CSet: 0.0 ms]
      [Ref Proc: 4.7 ms]
      [Ref Enq: 0.1 ms]
      [Free CSet: 5.5 ms]
   [Eden: 1017.0M(1017.0M)->0.0B(951.0M) Survivors: 7168.0K->73.0M Heap: 2161.8M(3072.0M)->1210.8M(3072.0M)]
 [Times: user=0.85 sys=0.00, real=0.43 secs] 
28474.711: [GC pause (mixed)
Desired survivor size 67108864 bytes, new threshold 1 (max 32)
- age   1:   68183848 bytes,   68183848 total
- age   2:    5218136 bytes,   73401984 total
, 0.5671550 secs]
   [Parallel Time: 550.2 ms, GC Workers: 2]
      [GC Worker Start (ms): Min: 28474713.1, Avg: 28474713.1, Max: 28474713.1, Diff: 0.0]
      [Ext Root Scanning (ms): Min: 59.7, Avg: 64.8, Max: 69.9, Diff: 10.3, Sum: 129.6]
      [Update RS (ms): Min: 47.7, Avg: 54.8, Max: 61.9, Diff: 14.2, Sum: 109.6]
         [Processed Buffers: Min: 92, Avg: 166.5, Max: 241, Diff: 149, Sum: 333]
      [Scan RS (ms): Min: 106.1, Avg: 106.1, Max: 106.1, Diff: 0.0, Sum: 212.2]
      [Object Copy (ms): Min: 322.3, Avg: 324.3, Max: 326.2, Diff: 3.9, Sum: 648.5]
      [Termination (ms): Min: 0.0, Avg: 0.0, Max: 0.0, Diff: 0.0, Sum: 0.0]
      [GC Worker Other (ms): Min: 0.1, Avg: 0.1, Max: 0.1, Diff: 0.0, Sum: 0.2]
      [GC Worker Total (ms): Min: 550.0, Avg: 550.1, Max: 550.1, Diff: 0.0, Sum: 1100.1]
      [GC Worker End (ms): Min: 28475263.2, Avg: 28475263.2, Max: 28475263.2, Diff: 0.0]
   [Code Root Fixup: 0.0 ms]
   [Clear CT: 1.4 ms]
   [Other: 15.6 ms]
      [Choose CSet: 0.5 ms]
      [Ref Proc: 5.3 ms]
      [Ref Enq: 0.1 ms]
      [Free CSet: 6.6 ms]
   [Eden: 951.0M(951.0M)->0.0B(958.0M) Survivors: 73.0M->66.0M Heap: 2205.5M(3072.0M)->1214.0M(3072.0M)]
 [Times: user=1.11 sys=0.00, real=0.57 secs] 
28479.919: [GC pause (mixed)
Desired survivor size 67108864 bytes, new threshold 16 (max 32)
- age   1:   66318240 bytes,   66318240 total
, 0.5061270 secs]
   [Parallel Time: 489.6 ms, GC Workers: 2]
      [GC Worker Start (ms): Min: 28479921.3, Avg: 28479921.4, Max: 28479921.5, Diff: 0.2]
      [Ext Root Scanning (ms): Min: 55.1, Avg: 63.0, Max: 71.0, Diff: 15.9, Sum: 126.0]
      [Update RS (ms): Min: 53.0, Avg: 63.5, Max: 74.0, Diff: 21.0, Sum: 127.0]
         [Processed Buffers: Min: 96, Avg: 153.0, Max: 210, Diff: 114, Sum: 306]
      [Scan RS (ms): Min: 96.2, Avg: 96.3, Max: 96.4, Diff: 0.2, Sum: 192.6]
      [Object Copy (ms): Min: 263.9, Avg: 266.5, Max: 269.1, Diff: 5.2, Sum: 533.0]
      [Termination (ms): Min: 0.0, Avg: 0.0, Max: 0.0, Diff: 0.0, Sum: 0.0]
      [GC Worker Other (ms): Min: 0.1, Avg: 0.1, Max: 0.1, Diff: 0.0, Sum: 0.2]
      [GC Worker Total (ms): Min: 489.3, Avg: 489.4, Max: 489.5, Diff: 0.2, Sum: 978.8]
      [GC Worker End (ms): Min: 28480410.8, Avg: 28480410.8, Max: 28480410.8, Diff: 0.0]
   [Code Root Fixup: 0.0 ms]
   [Clear CT: 1.0 ms]
   [Other: 15.6 ms]
      [Choose CSet: 0.9 ms]
      [Ref Proc: 5.9 ms]
      [Ref Enq: 0.1 ms]
      [Free CSet: 6.0 ms]
   [Eden: 958.0M(958.0M)->0.0B(915.0M) Survivors: 66.0M->109.0M Heap: 2195.7M(3072.0M)->1192.2M(3072.0M)]
 [Times: user=0.99 sys=0.00, real=0.51 secs] 
28485.327: [GC pause (mixed)
Desired survivor size 67108864 bytes, new threshold 2 (max 32)
- age   1:   49473080 bytes,   49473080 total
- age   2:   61881104 bytes,  111354184 total
, 0.5913680 secs]
   [Parallel Time: 575.0 ms, GC Workers: 2]
      [GC Worker Start (ms): Min: 28485329.1, Avg: 28485329.1, Max: 28485329.2, Diff: 0.0]
      [Ext Root Scanning (ms): Min: 61.5, Avg: 68.6, Max: 75.6, Diff: 14.1, Sum: 137.1]
      [Update RS (ms): Min: 34.4, Avg: 43.9, Max: 53.5, Diff: 19.1, Sum: 87.9]
         [Processed Buffers: Min: 134, Avg: 144.0, Max: 154, Diff: 20, Sum: 288]
      [Scan RS (ms): Min: 137.7, Avg: 137.7, Max: 137.8, Diff: 0.1, Sum: 275.4]
      [Object Copy (ms): Min: 322.1, Avg: 324.7, Max: 327.2, Diff: 5.1, Sum: 649.3]
      [Termination (ms): Min: 0.0, Avg: 0.0, Max: 0.0, Diff: 0.0, Sum: 0.0]
      [GC Worker Other (ms): Min: 0.1, Avg: 0.1, Max: 0.1, Diff: 0.0, Sum: 0.2]
      [GC Worker Total (ms): Min: 575.0, Avg: 575.0, Max: 575.0, Diff: 0.0, Sum: 1149.9]
      [GC Worker End (ms): Min: 28485904.1, Avg: 28485904.1, Max: 28485904.1, Diff: 0.0]
   [Code Root Fixup: 0.0 ms]
   [Clear CT: 1.5 ms]
   [Other: 14.8 ms]
      [Choose CSet: 1.1 ms]
      [Ref Proc: 3.0 ms]
      [Ref Enq: 0.1 ms]
      [Free CSet: 7.5 ms]
   [Eden: 915.0M(915.0M)->0.0B(954.0M) Survivors: 109.0M->70.0M Heap: 2179.8M(3072.0M)->1196.3M(3072.0M)]
 [Times: user=1.16 sys=0.00, real=0.59 secs] 
28491.718: [GC pause (mixed)
Desired survivor size 67108864 bytes, new threshold 2 (max 32)
- age   1:   37889536 bytes,   37889536 total
- age   2:   31997960 bytes,   69887496 total
, 0.4862690 secs]
   [Parallel Time: 473.3 ms, GC Workers: 2]
      [GC Worker Start (ms): Min: 28491719.9, Avg: 28491719.9, Max: 28491719.9, Diff: 0.0]
      [Ext Root Scanning (ms): Min: 54.9, Avg: 63.0, Max: 71.1, Diff: 16.2, Sum: 126.1]
      [Update RS (ms): Min: 45.6, Avg: 56.4, Max: 67.2, Diff: 21.5, Sum: 112.8]
         [Processed Buffers: Min: 122, Avg: 141.5, Max: 161, Diff: 39, Sum: 283]
      [Scan RS (ms): Min: 100.4, Avg: 100.5, Max: 100.5, Diff: 0.0, Sum: 200.9]
      [Object Copy (ms): Min: 250.2, Avg: 253.1, Max: 255.9, Diff: 5.6, Sum: 506.1]
      [Termination (ms): Min: 0.0, Avg: 0.1, Max: 0.3, Diff: 0.3, Sum: 0.3]
      [GC Worker Other (ms): Min: 0.1, Avg: 0.1, Max: 0.1, Diff: 0.0, Sum: 0.2]
      [GC Worker Total (ms): Min: 473.1, Avg: 473.1, Max: 473.2, Diff: 0.0, Sum: 946.3]
      [GC Worker End (ms): Min: 28492193.0, Avg: 28492193.0, Max: 28492193.0, Diff: 0.0]
   [Code Root Fixup: 0.0 ms]
   [Clear CT: 0.9 ms]
   [Other: 12.1 ms]
      [Choose CSet: 0.4 ms]
      [Ref Proc: 3.1 ms]
      [Ref Enq: 0.1 ms]
      [Free CSet: 5.5 ms]
   [Eden: 954.0M(954.0M)->0.0B(952.0M) Survivors: 70.0M->72.0M Heap: 2150.3M(3072.0M)->1203.8M(3072.0M)]
 [Times: user=0.95 sys=0.00, real=0.49 secs] 
28498.256: [GC pause (young)
Desired survivor size 67108864 bytes, new threshold 2 (max 32)
- age   1:   39666504 bytes,   39666504 total
- age   2:   33901808 bytes,   73568312 total
, 0.4887840 secs]
   [Parallel Time: 476.0 ms, GC Workers: 2]
      [GC Worker Start (ms): Min: 28498257.6, Avg: 28498257.7, Max: 28498257.7, Diff: 0.0]
      [Ext Root Scanning (ms): Min: 58.6, Avg: 64.2, Max: 69.8, Diff: 11.2, Sum: 128.4]
      [Update RS (ms): Min: 56.3, Avg: 63.9, Max: 71.6, Diff: 15.2, Sum: 127.9]
         [Processed Buffers: Min: 50, Avg: 147.0, Max: 244, Diff: 194, Sum: 294]
      [Scan RS (ms): Min: 87.8, Avg: 87.9, Max: 88.0, Diff: 0.2, Sum: 175.8]
      [Object Copy (ms): Min: 257.3, Avg: 259.5, Max: 261.6, Diff: 4.2, Sum: 518.9]
      [Termination (ms): Min: 0.0, Avg: 0.0, Max: 0.0, Diff: 0.0, Sum: 0.0]
      [GC Worker Other (ms): Min: 0.1, Avg: 0.1, Max: 0.2, Diff: 0.1, Sum: 0.3]
      [GC Worker Total (ms): Min: 475.6, Avg: 475.7, Max: 475.7, Diff: 0.1, Sum: 951.3]
      [GC Worker End (ms): Min: 28498733.3, Avg: 28498733.3, Max: 28498733.3, Diff: 0.0]
   [Code Root Fixup: 0.0 ms]
   [Clear CT: 0.7 ms]
   [Other: 12.2 ms]
      [Choose CSet: 0.0 ms]
      [Ref Proc: 4.3 ms]
      [Ref Enq: 0.1 ms]
      [Free CSet: 5.0 ms]
   [Eden: 952.0M(952.0M)->0.0B(946.0M) Survivors: 72.0M->78.0M Heap: 2178.5M(3072.0M)->1264.0M(3072.0M)]
 [Times: user=0.96 sys=0.00, real=0.49 secs] 
28503.915: [GC pause (young)
Desired survivor size 67108864 bytes, new threshold 2 (max 32)
- age   1:   42291984 bytes,   42291984 total
- age   2:   37187496 bytes,   79479480 total
, 0.4649000 secs]
   [Parallel Time: 452.8 ms, GC Workers: 2]
      [GC Worker Start (ms): Min: 28503916.4, Avg: 28503916.5, Max: 28503916.5, Diff: 0.1]
      [Ext Root Scanning (ms): Min: 54.0, Avg: 66.3, Max: 78.6, Diff: 24.5, Sum: 132.6]
      [Update RS (ms): Min: 39.6, Avg: 50.6, Max: 61.6, Diff: 22.1, Sum: 101.2]
         [Processed Buffers: Min: 89, Avg: 159.5, Max: 230, Diff: 141, Sum: 319]
      [Scan RS (ms): Min: 79.8, Avg: 79.9, Max: 80.0, Diff: 0.2, Sum: 159.8]
      [Object Copy (ms): Min: 254.4, Avg: 255.8, Max: 257.2, Diff: 2.8, Sum: 511.6]
      [Termination (ms): Min: 0.0, Avg: 0.0, Max: 0.0, Diff: 0.0, Sum: 0.0]
      [GC Worker Other (ms): Min: 0.1, Avg: 0.1, Max: 0.1, Diff: 0.1, Sum: 0.2]
      [GC Worker Total (ms): Min: 452.7, Avg: 452.7, Max: 452.7, Diff: 0.0, Sum: 905.4]
      [GC Worker End (ms): Min: 28504369.1, Avg: 28504369.2, Max: 28504369.2, Diff: 0.0]
   [Code Root Fixup: 0.0 ms]
   [Clear CT: 0.9 ms]
   [Other: 11.1 ms]
      [Choose CSet: 0.0 ms]
      [Ref Proc: 3.2 ms]
      [Ref Enq: 0.0 ms]
      [Free CSet: 5.0 ms]
   [Eden: 946.0M(946.0M)->0.0B(948.0M) Survivors: 78.0M->76.0M Heap: 2234.7M(3072.0M)->1318.7M(3072.0M)]
 [Times: user=0.92 sys=0.00, real=0.46 secs] 
28509.237: [GC pause (young)
Desired survivor size 67108864 bytes, new threshold 2 (max 32)
- age   1:   41212400 bytes,   41212400 total
- age   2:   36595856 bytes,   77808256 total
, 0.4665110 secs]
   [Parallel Time: 454.5 ms, GC Workers: 2]
      [GC Worker Start (ms): Min: 28509239.0, Avg: 28509239.0, Max: 28509239.0, Diff: 0.1]
      [Ext Root Scanning (ms): Min: 56.4, Avg: 65.1, Max: 73.7, Diff: 17.2, Sum: 130.1]
      [Update RS (ms): Min: 44.0, Avg: 55.3, Max: 66.6, Diff: 22.6, Sum: 110.6]
         [Processed Buffers: Min: 119, Avg: 133.5, Max: 148, Diff: 29, Sum: 267]
      [Scan RS (ms): Min: 77.5, Avg: 77.6, Max: 77.7, Diff: 0.2, Sum: 155.2]
      [Object Copy (ms): Min: 253.4, Avg: 256.2, Max: 258.9, Diff: 5.5, Sum: 512.4]
      [Termination (ms): Min: 0.0, Avg: 0.0, Max: 0.0, Diff: 0.0, Sum: 0.0]
      [GC Worker Other (ms): Min: 0.1, Avg: 0.1, Max: 0.1, Diff: 0.0, Sum: 0.2]
      [GC Worker Total (ms): Min: 454.2, Avg: 454.2, Max: 454.2, Diff: 0.1, Sum: 908.4]
      [GC Worker End (ms): Min: 28509693.2, Avg: 28509693.2, Max: 28509693.2, Diff: 0.0]
   [Code Root Fixup: 0.0 ms]
   [Clear CT: 1.3 ms]
   [Other: 10.8 ms]
      [Choose CSet: 0.0 ms]
      [Ref Proc: 3.4 ms]
      [Ref Enq: 0.0 ms]
      [Free CSet: 4.6 ms]
   [Eden: 948.0M(948.0M)->0.0B(948.0M) Survivors: 76.0M->76.0M Heap: 2269.2M(3072.0M)->1355.7M(3072.0M)]
 [Times: user=0.92 sys=0.00, real=0.47 secs] 
28510.594: [GC pause (young) (initial-mark)
Desired survivor size 67108864 bytes, new threshold 2 (max 32)
- age   1:   44366600 bytes,   44366600 total
- age   2:   33479368 bytes,   77845968 total
, 0.2879460 secs]
   [Parallel Time: 283.2 ms, GC Workers: 2]
      [GC Worker Start (ms): Min: 28510595.1, Avg: 28510595.1, Max: 28510595.1, Diff: 0.0]
      [Ext Root Scanning (ms): Min: 54.5, Avg: 67.3, Max: 80.2, Diff: 25.6, Sum: 134.7]
      [Update RS (ms): Min: 2.0, Avg: 15.2, Max: 28.4, Diff: 26.4, Sum: 30.4]
         [Processed Buffers: Min: 113, Avg: 122.5, Max: 132, Diff: 19, Sum: 245]
      [Scan RS (ms): Min: 38.7, Avg: 38.8, Max: 38.8, Diff: 0.0, Sum: 77.5]
      [Object Copy (ms): Min: 161.4, Avg: 161.7, Max: 162.0, Diff: 0.7, Sum: 323.4]
      [Termination (ms): Min: 0.0, Avg: 0.0, Max: 0.0, Diff: 0.0, Sum: 0.0]
      [GC Worker Other (ms): Min: 0.0, Avg: 0.1, Max: 0.1, Diff: 0.1, Sum: 0.2]
      [GC Worker Total (ms): Min: 283.1, Avg: 283.1, Max: 283.1, Diff: 0.1, Sum: 566.2]
      [GC Worker End (ms): Min: 28510878.2, Avg: 28510878.2, Max: 28510878.2, Diff: 0.0]
   [Code Root Fixup: 0.0 ms]
   [Clear CT: 0.4 ms]
   [Other: 4.4 ms]
      [Choose CSet: 0.0 ms]
      [Ref Proc: 0.8 ms]
      [Ref Enq: 0.0 ms]
      [Free CSet: 1.2 ms]
   [Eden: 197.0M(948.0M)->0.0B(970.0M) Survivors: 76.0M->54.0M Heap: 1564.1M(3072.0M)->1369.2M(3072.0M)]
 [Times: user=0.57 sys=0.00, real=0.29 secs] 
28510.882: [GC concurrent-root-region-scan-start]
28511.211: [GC concurrent-root-region-scan-end, 0.3291180 secs]
28511.211: [GC concurrent-mark-start]
28513.428: [GC concurrent-mark-end, 2.2169470 secs]
28513.431: [GC remark 28513.433: [GC ref-proc, 0.0188170 secs], 0.0900820 secs]
 [Times: user=0.09 sys=0.00, real=0.09 secs] 
28513.523: [GC cleanup 1717M->1488M(3072M), 0.0286590 secs]
 [Times: user=0.06 sys=0.00, real=0.03 secs] 
28513.552: [GC concurrent-cleanup-start]
28513.552: [GC concurrent-cleanup-end, 0.0006410 secs]
28517.393: [GC pause (young)
Desired survivor size 67108864 bytes, new threshold 16 (max 32)
- age   1:   23142824 bytes,   23142824 total
- age   2:   32085144 bytes,   55227968 total
, 0.4284050 secs]
   [Parallel Time: 421.0 ms, GC Workers: 2]
      [GC Worker Start (ms): Min: 28517393.9, Avg: 28517393.9, Max: 28517393.9, Diff: 0.0]
      [Ext Root Scanning (ms): Min: 55.0, Avg: 63.7, Max: 72.5, Diff: 17.4, Sum: 127.5]
      [Update RS (ms): Min: 35.0, Avg: 46.6, Max: 58.2, Diff: 23.2, Sum: 93.3]
         [Processed Buffers: Min: 52, Avg: 137.5, Max: 223, Diff: 171, Sum: 275]
      [Scan RS (ms): Min: 46.3, Avg: 46.6, Max: 46.9, Diff: 0.7, Sum: 93.2]
      [Object Copy (ms): Min: 261.4, Avg: 263.8, Max: 266.2, Diff: 4.9, Sum: 527.6]
      [Termination (ms): Min: 0.0, Avg: 0.0, Max: 0.0, Diff: 0.0, Sum: 0.0]
      [GC Worker Other (ms): Min: 0.1, Avg: 0.2, Max: 0.2, Diff: 0.2, Sum: 0.3]
      [GC Worker Total (ms): Min: 420.9, Avg: 420.9, Max: 420.9, Diff: 0.0, Sum: 841.9]
      [GC Worker End (ms): Min: 28517814.8, Avg: 28517814.8, Max: 28517814.8, Diff: 0.0]
   [Code Root Fixup: 0.0 ms]
   [Clear CT: 0.7 ms]
   [Other: 6.6 ms]
      [Choose CSet: 0.0 ms]
      [Ref Proc: 2.9 ms]
      [Ref Enq: 0.0 ms]
      [Free CSet: 2.4 ms]
   [Eden: 970.0M(970.0M)->0.0B(898.0M) Survivors: 54.0M->126.0M Heap: 2256.2M(3072.0M)->1357.7M(3072.0M)]
 [Times: user=0.85 sys=0.00, real=0.43 secs] 
28522.766: [GC pause (mixed)
Desired survivor size 67108864 bytes, new threshold 1 (max 32)
- age   1:  102253760 bytes,  102253760 total
- age   2:    3111952 bytes,  105365712 total
- age   3:   23960776 bytes,  129326488 total
, 0.2545150 secs]
   [Parallel Time: 242.9 ms, GC Workers: 2]
      [GC Worker Start (ms): Min: 28522767.7, Avg: 28522767.7, Max: 28522767.7, Diff: 0.0]
      [Ext Root Scanning (ms): Min: 63.3, Avg: 68.6, Max: 73.9, Diff: 10.6, Sum: 137.2]
      [Update RS (ms): Min: 10.9, Avg: 18.4, Max: 25.9, Diff: 15.0, Sum: 36.9]
         [Processed Buffers: Min: 121, Avg: 134.5, Max: 148, Diff: 27, Sum: 269]
      [Scan RS (ms): Min: 40.4, Avg: 40.4, Max: 40.5, Diff: 0.1, Sum: 80.9]
      [Object Copy (ms): Min: 113.0, Avg: 115.2, Max: 117.4, Diff: 4.4, Sum: 230.4]
      [Termination (ms): Min: 0.0, Avg: 0.0, Max: 0.0, Diff: 0.0, Sum: 0.0]
      [GC Worker Other (ms): Min: 0.1, Avg: 0.1, Max: 0.2, Diff: 0.1, Sum: 0.2]
      [GC Worker Total (ms): Min: 242.8, Avg: 242.8, Max: 242.8, Diff: 0.0, Sum: 485.6]
      [GC Worker End (ms): Min: 28523010.5, Avg: 28523010.5, Max: 28523010.5, Diff: 0.0]
   [Code Root Fixup: 0.0 ms]
   [Clear CT: 0.9 ms]
   [Other: 10.7 ms]
      [Choose CSet: 0.8 ms]
      [Ref Proc: 4.7 ms]
      [Ref Enq: 0.1 ms]
      [Free CSet: 3.4 ms]
   [Eden: 898.0M(898.0M)->0.0B(1002.0M) Survivors: 126.0M->22.0M Heap: 2279.9M(3072.0M)->1231.4M(3072.0M)]
 [Times: user=0.49 sys=0.00, real=0.25 secs] 
28529.462: [GC pause (mixed)
Desired survivor size 67108864 bytes, new threshold 16 (max 32)
- age   1:   20695592 bytes,   20695592 total
, 0.2711500 secs]
   [Parallel Time: 257.6 ms, GC Workers: 2]
      [GC Worker Start (ms): Min: 28529464.2, Avg: 28529464.2, Max: 28529464.2, Diff: 0.0]
      [Ext Root Scanning (ms): Min: 55.6, Avg: 67.5, Max: 79.4, Diff: 23.8, Sum: 135.1]
      [Update RS (ms): Min: 0.0, Avg: 8.1, Max: 16.2, Diff: 16.2, Sum: 16.2]
         [Processed Buffers: Min: 0, Avg: 142.0, Max: 284, Diff: 284, Sum: 284]
      [Scan RS (ms): Min: 57.2, Avg: 59.6, Max: 62.1, Diff: 4.9, Sum: 119.3]
      [Object Copy (ms): Min: 120.7, Avg: 122.1, Max: 123.4, Diff: 2.7, Sum: 244.1]
      [Termination (ms): Min: 0.0, Avg: 0.0, Max: 0.0, Diff: 0.0, Sum: 0.0]
      [GC Worker Other (ms): Min: 0.1, Avg: 0.1, Max: 0.1, Diff: 0.0, Sum: 0.2]
      [GC Worker Total (ms): Min: 257.4, Avg: 257.4, Max: 257.4, Diff: 0.0, Sum: 514.8]
      [GC Worker End (ms): Min: 28529721.7, Avg: 28529721.7, Max: 28529721.7, Diff: 0.0]
   [Code Root Fixup: 0.0 ms]
   [Clear CT: 1.1 ms]
   [Other: 12.4 ms]
      [Choose CSet: 1.2 ms]
      [Ref Proc: 6.0 ms]
      [Ref Enq: 0.1 ms]
      [Free CSet: 3.6 ms]
   [Eden: 873.0M(1002.0M)->0.0B(975.0M) Survivors: 22.0M->49.0M Heap: 2121.3M(3072.0M)->1204.4M(3072.0M)]
 [Times: user=0.53 sys=0.00, real=0.27 secs] 
28537.074: [GC pause (young)
Desired survivor size 67108864 bytes, new threshold 16 (max 32)
- age   1:   37903520 bytes,   37903520 total
- age   2:    8936856 bytes,   46840376 total
, 0.3267070 secs]
   [Parallel Time: 312.4 ms, GC Workers: 2]
      [GC Worker Start (ms): Min: 28537074.8, Avg: 28537074.8, Max: 28537074.8, Diff: 0.0]
      [Ext Root Scanning (ms): Min: 55.2, Avg: 63.2, Max: 71.2, Diff: 15.9, Sum: 126.4]
      [Update RS (ms): Min: 26.8, Avg: 36.9, Max: 47.0, Diff: 20.2, Sum: 73.8]
         [Processed Buffers: Min: 114, Avg: 164.5, Max: 215, Diff: 101, Sum: 329]
      [Scan RS (ms): Min: 17.9, Avg: 17.9, Max: 17.9, Diff: 0.0, Sum: 35.8]
      [Object Copy (ms): Min: 192.0, Avg: 194.1, Max: 196.2, Diff: 4.3, Sum: 388.2]
      [Termination (ms): Min: 0.0, Avg: 0.0, Max: 0.0, Diff: 0.0, Sum: 0.0]
      [GC Worker Other (ms): Min: 0.1, Avg: 0.1, Max: 0.1, Diff: 0.0, Sum: 0.2]
      [GC Worker Total (ms): Min: 312.2, Avg: 312.2, Max: 312.2, Diff: 0.0, Sum: 624.5]
      [GC Worker End (ms): Min: 28537387.1, Avg: 28537387.1, Max: 28537387.1, Diff: 0.0]
   [Code Root Fixup: 0.0 ms]
   [Clear CT: 0.8 ms]
   [Other: 13.5 ms]
      [Choose CSet: 0.0 ms]
      [Ref Proc: 9.4 ms]
      [Ref Enq: 0.1 ms]
      [Free CSet: 2.7 ms]
   [Eden: 975.0M(975.0M)->0.0B(935.0M) Survivors: 49.0M->89.0M Heap: 2194.5M(3072.0M)->1259.5M(3072.0M)]
 [Times: user=0.63 sys=0.00, real=0.33 secs] 
28544.531: [GC pause (young)
Desired survivor size 67108864 bytes, new threshold 2 (max 32)
- age   1:   59638472 bytes,   59638472 total
- age   2:   24706912 bytes,   84345384 total
- age   3:    3691760 bytes,   88037144 total
, 0.3813060 secs]
   [Parallel Time: 368.4 ms, GC Workers: 2]
      [GC Worker Start (ms): Min: 28544532.4, Avg: 28544532.5, Max: 28544532.5, Diff: 0.1]
      [Ext Root Scanning (ms): Min: 52.6, Avg: 65.2, Max: 77.8, Diff: 25.2, Sum: 130.3]
      [Update RS (ms): Min: 28.7, Avg: 39.9, Max: 51.1, Diff: 22.4, Sum: 79.7]
         [Processed Buffers: Min: 89, Avg: 158.5, Max: 228, Diff: 139, Sum: 317]
      [Scan RS (ms): Min: 24.9, Avg: 25.0, Max: 25.0, Diff: 0.1, Sum: 49.9]
      [Object Copy (ms): Min: 236.7, Avg: 238.1, Max: 239.5, Diff: 2.8, Sum: 476.2]
      [Termination (ms): Min: 0.0, Avg: 0.0, Max: 0.0, Diff: 0.0, Sum: 0.0]
      [GC Worker Other (ms): Min: 0.1, Avg: 0.1, Max: 0.1, Diff: 0.1, Sum: 0.2]
      [GC Worker Total (ms): Min: 368.2, Avg: 368.2, Max: 368.2, Diff: 0.0, Sum: 736.3]
      [GC Worker End (ms): Min: 28544900.6, Avg: 28544900.6, Max: 28544900.6, Diff: 0.0]
   [Code Root Fixup: 0.0 ms]
   [Clear CT: 0.8 ms]
   [Other: 12.2 ms]
      [Choose CSet: 0.0 ms]
      [Ref Proc: 7.3 ms]
      [Ref Enq: 0.1 ms]
      [Free CSet: 2.9 ms]
   [Eden: 935.0M(935.0M)->0.0B(936.0M) Survivors: 89.0M->88.0M Heap: 2199.5M(3072.0M)->1289.0M(3072.0M)]
 [Times: user=0.75 sys=0.00, real=0.38 secs] 
28550.313: [GC pause (young)
Desired survivor size 67108864 bytes, new threshold 2 (max 32)
- age   1:   40865752 bytes,   40865752 total
- age   2:   46759864 bytes,   87625616 total
, 0.3352360 secs]
   [Parallel Time: 324.0 ms, GC Workers: 2]
      [GC Worker Start (ms): Min: 28550314.3, Avg: 28550314.3, Max: 28550314.3, Diff: 0.0]
      [Ext Root Scanning (ms): Min: 53.9, Avg: 66.7, Max: 79.5, Diff: 25.6, Sum: 133.4]
      [Update RS (ms): Min: 22.5, Avg: 33.8, Max: 45.2, Diff: 22.7, Sum: 67.6]
         [Processed Buffers: Min: 144, Avg: 164.0, Max: 184, Diff: 40, Sum: 328]
      [Scan RS (ms): Min: 40.3, Avg: 40.4, Max: 40.5, Diff: 0.2, Sum: 80.8]
      [Object Copy (ms): Min: 181.5, Avg: 182.8, Max: 184.2, Diff: 2.7, Sum: 365.7]
      [Termination (ms): Min: 0.0, Avg: 0.0, Max: 0.0, Diff: 0.0, Sum: 0.0]
      [GC Worker Other (ms): Min: 0.1, Avg: 0.1, Max: 0.1, Diff: 0.0, Sum: 0.2]
      [GC Worker Total (ms): Min: 323.8, Avg: 323.9, Max: 323.9, Diff: 0.1, Sum: 647.7]
      [GC Worker End (ms): Min: 28550638.1, Avg: 28550638.1, Max: 28550638.2, Diff: 0.0]
   [Code Root Fixup: 0.0 ms]
   [Clear CT: 0.7 ms]
   [Other: 10.6 ms]
      [Choose CSet: 0.0 ms]
      [Ref Proc: 5.2 ms]
      [Ref Enq: 0.1 ms]
      [Free CSet: 2.9 ms]
   [Eden: 936.0M(936.0M)->0.0B(975.0M) Survivors: 88.0M->49.0M Heap: 2229.0M(3072.0M)->1297.5M(3072.0M)]
 [Times: user=0.65 sys=0.00, real=0.33 secs] 
28555.887: [GC pause (young)
Desired survivor size 67108864 bytes, new threshold 16 (max 32)
- age   1:   22738144 bytes,   22738144 total
- age   2:   24798992 bytes,   47537136 total
, 0.2882610 secs]
   [Parallel Time: 276.7 ms, GC Workers: 2]
      [GC Worker Start (ms): Min: 28555888.3, Avg: 28555888.3, Max: 28555888.3, Diff: 0.0]
      [Ext Root Scanning (ms): Min: 61.1, Avg: 67.2, Max: 73.4, Diff: 12.3, Sum: 134.5]
      [Update RS (ms): Min: 28.4, Avg: 37.1, Max: 45.8, Diff: 17.4, Sum: 74.2]
         [Processed Buffers: Min: 90, Avg: 160.5, Max: 231, Diff: 141, Sum: 321]
      [Scan RS (ms): Min: 25.0, Avg: 25.0, Max: 25.1, Diff: 0.2, Sum: 50.1]
      [Object Copy (ms): Min: 144.5, Avg: 147.1, Max: 149.8, Diff: 5.3, Sum: 294.3]
      [Termination (ms): Min: 0.0, Avg: 0.0, Max: 0.0, Diff: 0.0, Sum: 0.0]
      [GC Worker Other (ms): Min: 0.1, Avg: 0.1, Max: 0.1, Diff: 0.0, Sum: 0.2]
      [GC Worker Total (ms): Min: 276.6, Avg: 276.6, Max: 276.6, Diff: 0.0, Sum: 553.2]
      [GC Worker End (ms): Min: 28556164.9, Avg: 28556164.9, Max: 28556164.9, Diff: 0.0]
   [Code Root Fixup: 0.0 ms]
   [Clear CT: 0.7 ms]
   [Other: 10.9 ms]
      [Choose CSet: 0.0 ms]
      [Ref Proc: 6.5 ms]
      [Ref Enq: 0.1 ms]
      [Free CSet: 2.7 ms]
   [Eden: 975.0M(975.0M)->0.0B(952.0M) Survivors: 49.0M->72.0M Heap: 2277.4M(3072.0M)->1325.9M(3072.0M)]
 [Times: user=0.56 sys=0.00, real=0.29 secs] 
28558.514: [GC pause (young) (initial-mark)
Desired survivor size 67108864 bytes, new threshold 3 (max 32)
- age   1:   36405904 bytes,   36405904 total
- age   2:   14457336 bytes,   50863240 total
- age   3:   21168384 bytes,   72031624 total
, 0.2841280 secs]
   [Parallel Time: 275.9 ms, GC Workers: 2]
      [GC Worker Start (ms): Min: 28558514.9, Avg: 28558515.0, Max: 28558515.0, Diff: 0.0]
      [Ext Root Scanning (ms): Min: 61.9, Avg: 67.3, Max: 72.8, Diff: 10.9, Sum: 134.6]
      [Update RS (ms): Min: 8.7, Avg: 20.1, Max: 31.4, Diff: 22.7, Sum: 40.2]
         [Processed Buffers: Min: 131, Avg: 159.5, Max: 188, Diff: 57, Sum: 319]
      [Scan RS (ms): Min: 22.4, Avg: 22.4, Max: 22.5, Diff: 0.1, Sum: 44.9]
      [Object Copy (ms): Min: 160.0, Avg: 165.8, Max: 171.7, Diff: 11.7, Sum: 331.6]
      [Termination (ms): Min: 0.0, Avg: 0.0, Max: 0.0, Diff: 0.0, Sum: 0.0]
      [GC Worker Other (ms): Min: 0.1, Avg: 0.1, Max: 0.1, Diff: 0.0, Sum: 0.2]
      [GC Worker Total (ms): Min: 275.7, Avg: 275.7, Max: 275.7, Diff: 0.0, Sum: 551.5]
      [GC Worker End (ms): Min: 28558790.7, Avg: 28558790.7, Max: 28558790.7, Diff: 0.0]
   [Code Root Fixup: 0.0 ms]
   [Clear CT: 0.5 ms]
   [Other: 7.8 ms]
      [Choose CSet: 0.0 ms]
      [Ref Proc: 3.6 ms]
      [Ref Enq: 0.1 ms]
      [Free CSet: 1.8 ms]
   [Eden: 442.0M(952.0M)->0.0B(968.0M) Survivors: 72.0M->56.0M Heap: 1788.3M(3072.0M)->1351.2M(3072.0M)]
 [Times: user=0.56 sys=0.00, real=0.28 secs] 
28558.798: [GC concurrent-root-region-scan-start]
28558.976: [GC concurrent-root-region-scan-end, 0.1782870 secs]
28558.976: [GC concurrent-mark-start]
28560.818: [GC concurrent-mark-end, 1.8416300 secs]
28560.822: [GC remark 28560.824: [GC ref-proc, 0.1830870 secs], 0.2536410 secs]
 [Times: user=0.26 sys=0.01, real=0.26 secs] 
28561.077: [GC cleanup 1785M->1460M(3072M), 0.0248100 secs]
 [Times: user=0.05 sys=0.00, real=0.02 secs] 
28561.102: [GC concurrent-cleanup-start]
28561.103: [GC concurrent-cleanup-end, 0.0007970 secs]
28562.825: [GC pause (young)
Desired survivor size 67108864 bytes, new threshold 16 (max 32)
- age   1:   21876744 bytes,   21876744 total
- age   2:   19839720 bytes,   41716464 total
- age   3:   13449704 bytes,   55166168 total
, 0.4253350 secs]
   [Parallel Time: 409.4 ms, GC Workers: 2]
      [GC Worker Start (ms): Min: 28562826.4, Avg: 28562826.4, Max: 28562826.5, Diff: 0.1]
      [Ext Root Scanning (ms): Min: 63.1, Avg: 69.0, Max: 75.0, Diff: 11.9, Sum: 138.0]
      [Update RS (ms): Min: 52.8, Avg: 60.7, Max: 68.5, Diff: 15.6, Sum: 121.3]
         [Processed Buffers: Min: 149, Avg: 180.5, Max: 212, Diff: 63, Sum: 361]
      [Scan RS (ms): Min: 24.8, Avg: 25.1, Max: 25.5, Diff: 0.7, Sum: 50.3]
      [Object Copy (ms): Min: 252.2, Avg: 254.3, Max: 256.5, Diff: 4.3, Sum: 508.7]
      [Termination (ms): Min: 0.0, Avg: 0.0, Max: 0.0, Diff: 0.0, Sum: 0.0]
      [GC Worker Other (ms): Min: 0.1, Avg: 0.1, Max: 0.1, Diff: 0.0, Sum: 0.2]
      [GC Worker Total (ms): Min: 409.2, Avg: 409.3, Max: 409.3, Diff: 0.0, Sum: 818.5]
      [GC Worker End (ms): Min: 28563235.7, Avg: 28563235.7, Max: 28563235.7, Diff: 0.0]
   [Code Root Fixup: 0.0 ms]
   [Clear CT: 2.9 ms]
   [Other: 13.0 ms]
      [Choose CSet: 0.0 ms]
      [Ref Proc: 8.2 ms]
      [Ref Enq: 0.1 ms]
      [Free CSet: 2.8 ms]
   [Eden: 968.0M(968.0M)->0.0B(901.0M) Survivors: 56.0M->123.0M Heap: 2018.8M(3072.0M)->1117.3M(3072.0M)]
 [Times: user=0.83 sys=0.00, real=0.42 secs] 
28566.035: [GC pause (mixed)
Desired survivor size 67108864 bytes, new threshold 1 (max 32)
- age   1:   82310240 bytes,   82310240 total
- age   2:   14081104 bytes,   96391344 total
- age   3:   16109208 bytes,  112500552 total
- age   4:   11850520 bytes,  124351072 total
, 0.6539720 secs]
   [Parallel Time: 640.2 ms, GC Workers: 2]
      [GC Worker Start (ms): Min: 28566037.3, Avg: 28566037.4, Max: 28566037.6, Diff: 0.3]
      [Ext Root Scanning (ms): Min: 59.2, Avg: 67.9, Max: 76.6, Diff: 17.5, Sum: 135.8]
      [Update RS (ms): Min: 26.9, Avg: 38.1, Max: 49.3, Diff: 22.3, Sum: 76.2]
         [Processed Buffers: Min: 162, Avg: 171.5, Max: 181, Diff: 19, Sum: 343]
      [Scan RS (ms): Min: 68.9, Avg: 68.9, Max: 68.9, Diff: 0.0, Sum: 137.7]
      [Object Copy (ms): Min: 462.4, Avg: 465.0, Max: 467.6, Diff: 5.2, Sum: 929.9]
      [Termination (ms): Min: 0.0, Avg: 0.0, Max: 0.0, Diff: 0.0, Sum: 0.0]
      [GC Worker Other (ms): Min: 0.1, Avg: 0.1, Max: 0.1, Diff: 0.0, Sum: 0.2]
      [GC Worker Total (ms): Min: 639.8, Avg: 639.9, Max: 640.1, Diff: 0.3, Sum: 1279.8]
      [GC Worker End (ms): Min: 28566677.4, Avg: 28566677.4, Max: 28566677.4, Diff: 0.0]
   [Code Root Fixup: 0.0 ms]
   [Clear CT: 1.0 ms]
   [Other: 12.8 ms]
      [Choose CSet: 2.0 ms]
      [Ref Proc: 2.9 ms]
      [Ref Enq: 0.0 ms]
      [Free CSet: 5.3 ms]
   [Eden: 901.0M(901.0M)->0.0B(927.0M) Survivors: 123.0M->97.0M Heap: 2053.3M(3072.0M)->928.5M(3072.0M)]
 [Times: user=1.29 sys=0.00, real=0.66 secs] 
28570.300: [GC pause (mixed)
Desired survivor size 67108864 bytes, new threshold 1 (max 32)
- age   1:   95863640 bytes,   95863640 total
, 0.6349080 secs]
   [Parallel Time: 620.5 ms, GC Workers: 2]
      [GC Worker Start (ms): Min: 28570301.8, Avg: 28570301.8, Max: 28570301.8, Diff: 0.0]
      [Ext Root Scanning (ms): Min: 57.1, Avg: 66.2, Max: 75.4, Diff: 18.3, Sum: 132.5]
      [Update RS (ms): Min: 39.4, Avg: 51.0, Max: 62.7, Diff: 23.3, Sum: 102.1]
         [Processed Buffers: Min: 150, Avg: 167.0, Max: 184, Diff: 34, Sum: 334]
      [Scan RS (ms): Min: 108.7, Avg: 108.8, Max: 108.8, Diff: 0.0, Sum: 217.5]
      [Object Copy (ms): Min: 391.8, Avg: 394.3, Max: 396.8, Diff: 5.0, Sum: 788.5]
      [Termination (ms): Min: 0.0, Avg: 0.0, Max: 0.0, Diff: 0.0, Sum: 0.0]
      [GC Worker Other (ms): Min: 0.1, Avg: 0.1, Max: 0.1, Diff: 0.0, Sum: 0.2]
      [GC Worker Total (ms): Min: 620.4, Avg: 620.4, Max: 620.4, Diff: 0.0, Sum: 1240.9]
      [GC Worker End (ms): Min: 28570922.2, Avg: 28570922.2, Max: 28570922.2, Diff: 0.0]
   [Code Root Fixup: 0.0 ms]
   [Clear CT: 0.8 ms]
   [Other: 13.6 ms]
      [Choose CSet: 0.0 ms]
      [Ref Proc: 5.0 ms]
      [Ref Enq: 0.1 ms]
      [Free CSet: 4.9 ms]
   [Eden: 927.0M(927.0M)->0.0B(947.0M) Survivors: 97.0M->77.0M Heap: 1872.3M(3072.0M)->1006.3M(3072.0M)]
 [Times: user=1.25 sys=0.00, real=0.63 secs] 
28576.107: [GC pause (young)
Desired survivor size 67108864 bytes, new threshold 1 (max 32)
- age   1:   77248008 bytes,   77248008 total
, 0.4951570 secs]
   [Parallel Time: 481.5 ms, GC Workers: 2]
      [GC Worker Start (ms): Min: 28576108.9, Avg: 28576109.4, Max: 28576109.9, Diff: 1.0]
      [Ext Root Scanning (ms): Min: 58.7, Avg: 64.8, Max: 70.9, Diff: 12.3, Sum: 129.6]
      [Update RS (ms): Min: 32.4, Avg: 41.4, Max: 50.4, Diff: 18.0, Sum: 82.8]
         [Processed Buffers: Min: 149, Avg: 156.0, Max: 163, Diff: 14, Sum: 312]
      [Scan RS (ms): Min: 85.8, Avg: 85.8, Max: 85.9, Diff: 0.2, Sum: 171.7]
      [Object Copy (ms): Min: 286.3, Avg: 288.7, Max: 291.1, Diff: 4.9, Sum: 577.4]
      [Termination (ms): Min: 0.0, Avg: 0.0, Max: 0.0, Diff: 0.0, Sum: 0.0]
      [GC Worker Other (ms): Min: 0.1, Avg: 0.1, Max: 0.1, Diff: 0.0, Sum: 0.2]
      [GC Worker Total (ms): Min: 480.3, Avg: 480.9, Max: 481.4, Diff: 1.0, Sum: 961.7]
      [GC Worker End (ms): Min: 28576590.3, Avg: 28576590.3, Max: 28576590.3, Diff: 0.0]
   [Code Root Fixup: 0.0 ms]
   [Clear CT: 1.0 ms]
   [Other: 12.7 ms]
      [Choose CSet: 0.0 ms]
      [Ref Proc: 3.8 ms]
      [Ref Enq: 0.1 ms]
      [Free CSet: 5.1 ms]
   [Eden: 947.0M(947.0M)->0.0B(976.0M) Survivors: 77.0M->48.0M Heap: 1998.2M(3072.0M)->1092.2M(3072.0M)]
 [Times: user=0.97 sys=0.00, real=0.49 secs] 
28582.986: [GC pause (young)
Desired survivor size 67108864 bytes, new threshold 16 (max 32)
- age   1:   48408904 bytes,   48408904 total
, 0.4443540 secs]
   [Parallel Time: 432.5 ms, GC Workers: 2]
      [GC Worker Start (ms): Min: 28582987.6, Avg: 28582987.6, Max: 28582987.6, Diff: 0.0]
      [Ext Root Scanning (ms): Min: 57.5, Avg: 63.5, Max: 69.5, Diff: 12.0, Sum: 127.0]
      [Update RS (ms): Min: 70.0, Avg: 78.3, Max: 86.7, Diff: 16.7, Sum: 156.7]
         [Processed Buffers: Min: 130, Avg: 154.5, Max: 179, Diff: 49, Sum: 309]
      [Scan RS (ms): Min: 70.0, Avg: 70.0, Max: 70.0, Diff: 0.0, Sum: 139.9]
      [Object Copy (ms): Min: 218.2, Avg: 220.5, Max: 222.8, Diff: 4.6, Sum: 441.0]
      [Termination (ms): Min: 0.0, Avg: 0.0, Max: 0.0, Diff: 0.0, Sum: 0.0]
      [GC Worker Other (ms): Min: 0.1, Avg: 0.1, Max: 0.1, Diff: 0.0, Sum: 0.2]
      [GC Worker Total (ms): Min: 432.4, Avg: 432.4, Max: 432.5, Diff: 0.1, Sum: 864.9]
      [GC Worker End (ms): Min: 28583420.0, Avg: 28583420.1, Max: 28583420.1, Diff: 0.0]
   [Code Root Fixup: 0.0 ms]
   [Clear CT: 0.7 ms]
   [Other: 11.1 ms]
      [Choose CSet: 0.0 ms]
      [Ref Proc: 3.8 ms]
      [Ref Enq: 0.1 ms]
      [Free CSet: 4.8 ms]
   [Eden: 976.0M(976.0M)->0.0B(938.0M) Survivors: 48.0M->86.0M Heap: 2088.4M(3072.0M)->1150.4M(3072.0M)]
 [Times: user=0.87 sys=0.00, real=0.45 secs] 
28588.811: [GC pause (young)
Desired survivor size 67108864 bytes, new threshold 2 (max 32)
- age   1:   49065424 bytes,   49065424 total
- age   2:   39203432 bytes,   88268856 total
, 0.5410340 secs]
   [Parallel Time: 528.5 ms, GC Workers: 2]
      [GC Worker Start (ms): Min: 28588813.0, Avg: 28588813.0, Max: 28588813.0, Diff: 0.0]
      [Ext Root Scanning (ms): Min: 62.6, Avg: 69.5, Max: 76.3, Diff: 13.7, Sum: 139.0]
      [Update RS (ms): Min: 34.7, Avg: 43.5, Max: 52.2, Diff: 17.5, Sum: 87.0]
         [Processed Buffers: Min: 123, Avg: 150.0, Max: 177, Diff: 54, Sum: 300]
      [Scan RS (ms): Min: 111.7, Avg: 111.8, Max: 111.9, Diff: 0.2, Sum: 223.6]
      [Object Copy (ms): Min: 301.4, Avg: 303.4, Max: 305.4, Diff: 4.0, Sum: 606.9]
      [Termination (ms): Min: 0.0, Avg: 0.0, Max: 0.0, Diff: 0.0, Sum: 0.0]
      [GC Worker Other (ms): Min: 0.1, Avg: 0.1, Max: 0.1, Diff: 0.0, Sum: 0.2]
      [GC Worker Total (ms): Min: 528.3, Avg: 528.3, Max: 528.3, Diff: 0.0, Sum: 1056.7]
      [GC Worker End (ms): Min: 28589341.3, Avg: 28589341.3, Max: 28589341.3, Diff: 0.0]
   [Code Root Fixup: 0.0 ms]
   [Clear CT: 1.0 ms]
   [Other: 11.6 ms]
      [Choose CSet: 0.0 ms]
      [Ref Proc: 2.9 ms]
      [Ref Enq: 0.1 ms]
      [Free CSet: 5.6 ms]
   [Eden: 938.0M(938.0M)->0.0B(944.0M) Survivors: 86.0M->80.0M Heap: 2098.8M(3072.0M)->1189.8M(3072.0M)]
 [Times: user=1.00 sys=0.01, real=0.54 secs] 
28595.312: [GC pause (young)
Desired survivor size 67108864 bytes, new threshold 2 (max 32)
- age   1:   43283816 bytes,   43283816 total
- age   2:   38710200 bytes,   81994016 total
, 0.5099080 secs]
   [Parallel Time: 497.2 ms, GC Workers: 2]
      [GC Worker Start (ms): Min: 28595315.0, Avg: 28595316.0, Max: 28595317.0, Diff: 2.0]
      [Ext Root Scanning (ms): Min: 54.2, Avg: 66.9, Max: 79.6, Diff: 25.4, Sum: 133.7]
      [Update RS (ms): Min: 54.0, Avg: 64.9, Max: 75.9, Diff: 22.0, Sum: 129.9]
         [Processed Buffers: Min: 84, Avg: 160.5, Max: 237, Diff: 153, Sum: 321]
      [Scan RS (ms): Min: 85.7, Avg: 85.8, Max: 85.8, Diff: 0.1, Sum: 171.5]
      [Object Copy (ms): Min: 277.0, Avg: 277.6, Max: 278.2, Diff: 1.2, Sum: 555.1]
      [Termination (ms): Min: 0.0, Avg: 0.0, Max: 0.0, Diff: 0.0, Sum: 0.0]
      [GC Worker Other (ms): Min: 0.1, Avg: 0.1, Max: 0.1, Diff: 0.0, Sum: 0.2]
      [GC Worker Total (ms): Min: 494.2, Avg: 495.3, Max: 496.3, Diff: 2.1, Sum: 990.5]
      [GC Worker End (ms): Min: 28595811.3, Avg: 28595811.3, Max: 28595811.3, Diff: 0.0]
   [Code Root Fixup: 0.0 ms]
   [Clear CT: 0.9 ms]
   [Other: 11.7 ms]
      [Choose CSet: 0.0 ms]
      [Ref Proc: 3.1 ms]
      [Ref Enq: 0.0 ms]
      [Free CSet: 5.7 ms]
   [Eden: 944.0M(944.0M)->0.0B(947.0M) Survivors: 80.0M->77.0M Heap: 2159.0M(3072.0M)->1247.5M(3072.0M)]
 [Times: user=1.00 sys=0.00, real=0.51 secs] 
28601.619: [GC pause (young)
Desired survivor size 67108864 bytes, new threshold 2 (max 32)
- age   1:   45647264 bytes,   45647264 total
- age   2:   33067424 bytes,   78714688 total
, 0.5560420 secs]
   [Parallel Time: 541.8 ms, GC Workers: 2]
      [GC Worker Start (ms): Min: 28601620.4, Avg: 28601620.4, Max: 28601620.5, Diff: 0.1]
      [Ext Root Scanning (ms): Min: 59.3, Avg: 66.6, Max: 74.0, Diff: 14.7, Sum: 133.3]
      [Update RS (ms): Min: 73.0, Avg: 83.3, Max: 93.6, Diff: 20.6, Sum: 166.6]
         [Processed Buffers: Min: 157, Avg: 160.0, Max: 163, Diff: 6, Sum: 320]
      [Scan RS (ms): Min: 103.4, Avg: 103.5, Max: 103.5, Diff: 0.0, Sum: 206.9]
      [Object Copy (ms): Min: 285.2, Avg: 288.2, Max: 291.1, Diff: 5.8, Sum: 576.3]
      [Termination (ms): Min: 0.0, Avg: 0.0, Max: 0.0, Diff: 0.0, Sum: 0.0]
      [GC Worker Other (ms): Min: 0.2, Avg: 0.2, Max: 0.2, Diff: 0.0, Sum: 0.3]
      [GC Worker Total (ms): Min: 541.6, Avg: 541.7, Max: 541.8, Diff: 0.1, Sum: 1083.4]
      [GC Worker End (ms): Min: 28602162.1, Avg: 28602162.1, Max: 28602162.2, Diff: 0.0]
   [Code Root Fixup: 0.0 ms]
   [Clear CT: 0.8 ms]
   [Other: 13.4 ms]
      [Choose CSet: 0.1 ms]
      [Ref Proc: 4.6 ms]
      [Ref Enq: 0.1 ms]
      [Free CSet: 6.0 ms]
   [Eden: 947.0M(947.0M)->0.0B(939.0M) Survivors: 77.0M->85.0M Heap: 2203.0M(3072.0M)->1295.0M(3072.0M)]
 [Times: user=1.09 sys=0.01, real=0.56 secs] 
28607.531: [GC pause (young)
Desired survivor size 67108864 bytes, new threshold 2 (max 32)
- age   1:   47385128 bytes,   47385128 total
- age   2:   38901192 bytes,   86286320 total
, 0.5961460 secs]
   [Parallel Time: 583.9 ms, GC Workers: 2]
      [GC Worker Start (ms): Min: 28607532.6, Avg: 28607532.6, Max: 28607532.6, Diff: 0.0]
      [Ext Root Scanning (ms): Min: 58.2, Avg: 65.5, Max: 72.8, Diff: 14.6, Sum: 131.0]
      [Update RS (ms): Min: 72.3, Avg: 81.8, Max: 91.3, Diff: 18.9, Sum: 163.6]
         [Processed Buffers: Min: 94, Avg: 148.5, Max: 203, Diff: 109, Sum: 297]
      [Scan RS (ms): Min: 104.4, Avg: 104.4, Max: 104.4, Diff: 0.0, Sum: 208.8]
      [Object Copy (ms): Min: 329.8, Avg: 332.0, Max: 334.1, Diff: 4.4, Sum: 663.9]
      [Termination (ms): Min: 0.0, Avg: 0.0, Max: 0.0, Diff: 0.0, Sum: 0.0]
      [GC Worker Other (ms): Min: 0.1, Avg: 0.1, Max: 0.1, Diff: 0.0, Sum: 0.2]
      [GC Worker Total (ms): Min: 583.8, Avg: 583.8, Max: 583.8, Diff: 0.0, Sum: 1167.6]
      [GC Worker End (ms): Min: 28608116.4, Avg: 28608116.4, Max: 28608116.4, Diff: 0.0]
   [Code Root Fixup: 0.0 ms]
   [Clear CT: 0.8 ms]
   [Other: 11.5 ms]
      [Choose CSet: 0.0 ms]
      [Ref Proc: 2.7 ms]
      [Ref Enq: 0.0 ms]
      [Free CSet: 5.7 ms]
   [Eden: 939.0M(939.0M)->0.0B(924.0M) Survivors: 85.0M->100.0M Heap: 2256.7M(3072.0M)->1366.7M(3072.0M)]
 [Times: user=1.18 sys=0.00, real=0.60 secs] 
28612.912: [GC pause (young)
Desired survivor size 67108864 bytes, new threshold 2 (max 32)
- age   1:   61148920 bytes,   61148920 total
- age   2:   42154120 bytes,  103303040 total
, 0.5721440 secs]
   [Parallel Time: 560.7 ms, GC Workers: 2]
      [GC Worker Start (ms): Min: 28612913.7, Avg: 28612913.7, Max: 28612913.8, Diff: 0.0]
      [Ext Root Scanning (ms): Min: 58.0, Avg: 65.1, Max: 72.2, Diff: 14.2, Sum: 130.1]
      [Update RS (ms): Min: 53.1, Avg: 62.9, Max: 72.6, Diff: 19.5, Sum: 125.7]
         [Processed Buffers: Min: 50, Avg: 137.5, Max: 225, Diff: 175, Sum: 275]
      [Scan RS (ms): Min: 97.7, Avg: 97.8, Max: 97.8, Diff: 0.1, Sum: 195.5]
      [Object Copy (ms): Min: 332.1, Avg: 334.7, Max: 337.2, Diff: 5.1, Sum: 669.3]
      [Termination (ms): Min: 0.0, Avg: 0.0, Max: 0.0, Diff: 0.0, Sum: 0.0]
      [GC Worker Other (ms): Min: 0.1, Avg: 0.1, Max: 0.1, Diff: 0.0, Sum: 0.2]
      [GC Worker Total (ms): Min: 560.4, Avg: 560.5, Max: 560.5, Diff: 0.1, Sum: 1120.9]
      [GC Worker End (ms): Min: 28613474.2, Avg: 28613474.2, Max: 28613474.2, Diff: 0.0]
   [Code Root Fixup: 0.0 ms]
   [Clear CT: 0.7 ms]
   [Other: 10.8 ms]
      [Choose CSet: 0.1 ms]
      [Ref Proc: 2.9 ms]
      [Ref Enq: 0.0 ms]
      [Free CSet: 4.8 ms]
   [Eden: 924.0M(924.0M)->0.0B(920.0M) Survivors: 100.0M->104.0M Heap: 2293.2M(3072.0M)->1411.7M(3072.0M)]
 [Times: user=1.13 sys=0.00, real=0.58 secs] 
28613.934: [GC pause (young) (initial-mark)
Desired survivor size 67108864 bytes, new threshold 2 (max 32)
- age   1:   53829072 bytes,   53829072 total
- age   2:   53354328 bytes,  107183400 total
, 0.3930880 secs]
   [Parallel Time: 388.1 ms, GC Workers: 2]
      [GC Worker Start (ms): Min: 28613935.2, Avg: 28613935.2, Max: 28613935.2, Diff: 0.0]
      [Ext Root Scanning (ms): Min: 57.3, Avg: 66.0, Max: 74.8, Diff: 17.5, Sum: 132.1]
      [Update RS (ms): Min: 23.2, Avg: 38.6, Max: 53.9, Diff: 30.7, Sum: 77.2]
         [Processed Buffers: Min: 115, Avg: 123.5, Max: 132, Diff: 17, Sum: 247]
      [Scan RS (ms): Min: 45.6, Avg: 45.7, Max: 45.7, Diff: 0.2, Sum: 91.3]
      [Object Copy (ms): Min: 231.0, Avg: 237.5, Max: 244.0, Diff: 13.1, Sum: 475.0]
      [Termination (ms): Min: 0.0, Avg: 0.0, Max: 0.0, Diff: 0.0, Sum: 0.0]
      [GC Worker Other (ms): Min: 0.1, Avg: 0.1, Max: 0.1, Diff: 0.0, Sum: 0.2]
      [GC Worker Total (ms): Min: 387.9, Avg: 387.9, Max: 387.9, Diff: 0.0, Sum: 775.8]
      [GC Worker End (ms): Min: 28614323.1, Avg: 28614323.1, Max: 28614323.1, Diff: 0.0]
   [Code Root Fixup: 0.0 ms]
   [Clear CT: 0.5 ms]
   [Other: 4.6 ms]
      [Choose CSet: 0.0 ms]
      [Ref Proc: 0.9 ms]
      [Ref Enq: 0.0 ms]
      [Free CSet: 1.1 ms]
   [Eden: 86.0M(920.0M)->0.0B(968.0M) Survivors: 104.0M->56.0M Heap: 1497.5M(3072.0M)->1415.2M(3072.0M)]
 [Times: user=0.78 sys=0.00, real=0.39 secs] 
28614.328: [GC concurrent-root-region-scan-start]
28614.687: [GC concurrent-root-region-scan-end, 0.3589400 secs]
28614.687: [GC concurrent-mark-start]
28617.312: [GC pause (young)
Desired survivor size 67108864 bytes, new threshold 16 (max 32)
- age   1:    7879392 bytes,    7879392 total
- age   2:   49676376 bytes,   57555768 total
, 0.2733910 secs]
   [Parallel Time: 263.2 ms, GC Workers: 2]
      [GC Worker Start (ms): Min: 28617313.5, Avg: 28617313.5, Max: 28617313.5, Diff: 0.0]
      [Ext Root Scanning (ms): Min: 56.2, Avg: 64.0, Max: 71.9, Diff: 15.7, Sum: 128.1]
      [SATB Filtering (ms): Min: 0.0, Avg: 0.4, Max: 0.8, Diff: 0.8, Sum: 0.8]
      [Update RS (ms): Min: 31.8, Avg: 41.6, Max: 51.3, Diff: 19.5, Sum: 83.2]
         [Processed Buffers: Min: 160, Avg: 169.0, Max: 178, Diff: 18, Sum: 338]
      [Scan RS (ms): Min: 49.9, Avg: 50.0, Max: 50.0, Diff: 0.1, Sum: 99.9]
      [Object Copy (ms): Min: 104.7, Avg: 106.9, Max: 109.2, Diff: 4.6, Sum: 213.9]
      [Termination (ms): Min: 0.0, Avg: 0.0, Max: 0.0, Diff: 0.0, Sum: 0.0]
      [GC Worker Other (ms): Min: 0.1, Avg: 0.1, Max: 0.1, Diff: 0.0, Sum: 0.2]
      [GC Worker Total (ms): Min: 263.0, Avg: 263.0, Max: 263.1, Diff: 0.0, Sum: 526.1]
      [GC Worker End (ms): Min: 28617576.6, Avg: 28617576.6, Max: 28617576.6, Diff: 0.0]
   [Code Root Fixup: 0.0 ms]
   [Clear CT: 0.6 ms]
   [Other: 9.6 ms]
      [Choose CSet: 0.0 ms]
      [Ref Proc: 6.1 ms]
      [Ref Enq: 0.1 ms]
      [Free CSet: 1.7 ms]
   [Eden: 348.0M(968.0M)->0.0B(966.0M) Survivors: 56.0M->58.0M Heap: 1882.1M(3072.0M)->1536.2M(3072.0M)]
 [Times: user=0.54 sys=0.01, real=0.28 secs] 
28619.305: [GC concurrent-mark-end, 4.6180540 secs]
28619.307: [GC remark 28619.308: [GC ref-proc, 0.7602310 secs], 0.8288620 secs]
 [Times: user=0.83 sys=0.01, real=0.83 secs] 
28620.139: [GC cleanup 1881M->1660M(3072M), 0.0284480 secs]
 [Times: user=0.06 sys=0.00, real=0.03 secs] 
28620.168: [GC concurrent-cleanup-start]
28620.169: [GC concurrent-cleanup-end, 0.0006030 secs]
28623.445: [GC pause (young)
Desired survivor size 67108864 bytes, new threshold 16 (max 32)
- age   1:   24183544 bytes,   24183544 total
- age   2:    2470624 bytes,   26654168 total
- age   3:   33350792 bytes,   60004960 total
, 0.5649980 secs]
   [Parallel Time: 556.4 ms, GC Workers: 2]
      [GC Worker Start (ms): Min: 28623446.1, Avg: 28623446.1, Max: 28623446.1, Diff: 0.0]
      [Ext Root Scanning (ms): Min: 56.7, Avg: 63.4, Max: 70.1, Diff: 13.4, Sum: 126.8]
      [Update RS (ms): Min: 40.8, Avg: 50.0, Max: 59.1, Diff: 18.3, Sum: 100.0]
         [Processed Buffers: Min: 99, Avg: 160.5, Max: 222, Diff: 123, Sum: 321]
      [Scan RS (ms): Min: 44.3, Avg: 44.4, Max: 44.5, Diff: 0.3, Sum: 88.8]
      [Object Copy (ms): Min: 396.1, Avg: 398.4, Max: 400.7, Diff: 4.6, Sum: 796.8]
      [Termination (ms): Min: 0.0, Avg: 0.0, Max: 0.0, Diff: 0.0, Sum: 0.0]
      [GC Worker Other (ms): Min: 0.1, Avg: 0.1, Max: 0.1, Diff: 0.0, Sum: 0.2]
      [GC Worker Total (ms): Min: 556.2, Avg: 556.2, Max: 556.2, Diff: 0.0, Sum: 1112.5]
      [GC Worker End (ms): Min: 28624002.3, Avg: 28624002.3, Max: 28624002.3, Diff: 0.0]
   [Code Root Fixup: 0.0 ms]
   [Clear CT: 0.8 ms]
   [Other: 7.8 ms]
      [Choose CSet: 0.0 ms]
      [Ref Proc: 3.7 ms]
      [Ref Enq: 0.0 ms]
      [Free CSet: 2.3 ms]
   [Eden: 966.0M(966.0M)->0.0B(896.0M) Survivors: 58.0M->128.0M Heap: 2334.4M(3072.0M)->1481.4M(3072.0M)]
 [Times: user=1.12 sys=0.01, real=0.57 secs] 
28628.927: [GC pause (mixed)
Desired survivor size 67108864 bytes, new threshold 1 (max 32)
- age   1:  126695816 bytes,  126695816 total
- age   2:   16530912 bytes,  143226728 total
- age   3:    1949280 bytes,  145176008 total
- age   4:   30714504 bytes,  175890512 total
, 0.5842980 secs]
   [Parallel Time: 572.1 ms, GC Workers: 2]
      [GC Worker Start (ms): Min: 28628928.7, Avg: 28628928.7, Max: 28628928.7, Diff: 0.0]
      [Ext Root Scanning (ms): Min: 60.1, Avg: 66.7, Max: 73.2, Diff: 13.1, Sum: 133.3]
      [Update RS (ms): Min: 24.6, Avg: 33.7, Max: 42.8, Diff: 18.1, Sum: 67.4]
         [Processed Buffers: Min: 141, Avg: 147.5, Max: 154, Diff: 13, Sum: 295]
      [Scan RS (ms): Min: 123.8, Avg: 123.9, Max: 124.1, Diff: 0.3, Sum: 247.8]
      [Object Copy (ms): Min: 345.3, Avg: 347.7, Max: 350.1, Diff: 4.8, Sum: 695.4]
      [Termination (ms): Min: 0.0, Avg: 0.0, Max: 0.0, Diff: 0.0, Sum: 0.0]
      [GC Worker Other (ms): Min: 0.1, Avg: 0.1, Max: 0.1, Diff: 0.0, Sum: 0.1]
      [GC Worker Total (ms): Min: 572.0, Avg: 572.0, Max: 572.1, Diff: 0.0, Sum: 1144.1]
      [GC Worker End (ms): Min: 28629500.7, Avg: 28629500.7, Max: 28629500.7, Diff: 0.0]
   [Code Root Fixup: 0.0 ms]
   [Clear CT: 1.3 ms]
   [Other: 10.8 ms]
      [Choose CSet: 0.6 ms]
      [Ref Proc: 3.6 ms]
      [Ref Enq: 0.1 ms]
      [Free CSet: 3.8 ms]
   [Eden: 896.0M(896.0M)->0.0B(957.0M) Survivors: 128.0M->67.0M Heap: 2383.9M(3072.0M)->1458.4M(3072.0M)]
 [Times: user=1.14 sys=0.02, real=0.58 secs] 
28634.798: [GC pause (mixed)
Desired survivor size 67108864 bytes, new threshold 16 (max 32)
- age   1:   66552152 bytes,   66552152 total
, 0.2842680 secs]
   [Parallel Time: 274.4 ms, GC Workers: 2]
      [GC Worker Start (ms): Min: 28634798.9, Avg: 28634799.8, Max: 28634800.6, Diff: 1.7]
      [Ext Root Scanning (ms): Min: 54.8, Avg: 62.8, Max: 70.8, Diff: 16.0, Sum: 125.6]
      [Update RS (ms): Min: 0.8, Avg: 10.2, Max: 19.6, Diff: 18.8, Sum: 20.4]
         [Processed Buffers: Min: 78, Avg: 149.0, Max: 220, Diff: 142, Sum: 298]
      [Scan RS (ms): Min: 43.2, Avg: 43.3, Max: 43.4, Diff: 0.2, Sum: 86.6]
      [Object Copy (ms): Min: 154.7, Avg: 157.1, Max: 159.5, Diff: 4.8, Sum: 314.2]
      [Termination (ms): Min: 0.0, Avg: 0.0, Max: 0.0, Diff: 0.0, Sum: 0.0]
      [GC Worker Other (ms): Min: 0.1, Avg: 0.1, Max: 0.1, Diff: 0.0, Sum: 0.2]
      [GC Worker Total (ms): Min: 272.6, Avg: 273.5, Max: 274.4, Diff: 1.7, Sum: 547.0]
      [GC Worker End (ms): Min: 28635073.2, Avg: 28635073.2, Max: 28635073.2, Diff: 0.0]
   [Code Root Fixup: 0.0 ms]
   [Clear CT: 1.3 ms]
   [Other: 8.5 ms]
      [Choose CSet: 0.2 ms]
      [Ref Proc: 4.5 ms]
      [Ref Enq: 0.1 ms]
      [Free CSet: 2.2 ms]
   [Eden: 715.0M(957.0M)->0.0B(938.0M) Survivors: 67.0M->86.0M Heap: 2208.3M(3072.0M)->1493.6M(3072.0M)]
 [Times: user=0.55 sys=0.00, real=0.28 secs] 
28635.095: [GC pause (young) (initial-mark)
Desired survivor size 67108864 bytes, new threshold 2 (max 32)
- age   1:   26023072 bytes,   26023072 total
- age   2:   59924016 bytes,   85947088 total
, 0.2968740 secs]
   [Parallel Time: 293.5 ms, GC Workers: 2]
      [GC Worker Start (ms): Min: 28635095.8, Avg: 28635096.2, Max: 28635096.6, Diff: 0.8]
      [Ext Root Scanning (ms): Min: 57.6, Avg: 69.3, Max: 80.9, Diff: 23.3, Sum: 138.6]
      [Update RS (ms): Min: 40.2, Avg: 51.8, Max: 63.4, Diff: 23.2, Sum: 103.6]
         [Processed Buffers: Min: 101, Avg: 134.0, Max: 167, Diff: 66, Sum: 268]
      [Scan RS (ms): Min: 6.2, Avg: 6.2, Max: 6.2, Diff: 0.0, Sum: 12.4]
      [Object Copy (ms): Min: 165.1, Avg: 165.6, Max: 166.1, Diff: 1.0, Sum: 331.2]
      [Termination (ms): Min: 0.0, Avg: 0.0, Max: 0.0, Diff: 0.0, Sum: 0.0]
      [GC Worker Other (ms): Min: 0.1, Avg: 0.1, Max: 0.2, Diff: 0.1, Sum: 0.2]
      [GC Worker Total (ms): Min: 292.7, Avg: 293.1, Max: 293.4, Diff: 0.8, Sum: 586.1]
      [GC Worker End (ms): Min: 28635389.3, Avg: 28635389.3, Max: 28635389.3, Diff: 0.0]
   [Code Root Fixup: 0.0 ms]
   [Clear CT: 0.1 ms]
   [Other: 3.2 ms]
      [Choose CSet: 0.0 ms]
      [Ref Proc: 0.4 ms]
      [Ref Enq: 0.0 ms]
      [Free CSet: 0.3 ms]
   [Eden: 1024.0K(938.0M)->0.0B(998.0M) Survivors: 86.0M->26.0M Heap: 1502.3M(3072.0M)->1500.6M(3072.0M)]
 [Times: user=0.59 sys=0.01, real=0.30 secs] 
28635.392: [GC concurrent-root-region-scan-start]
28635.480: [GC concurrent-root-region-scan-end, 0.0872520 secs]
28635.480: [GC concurrent-mark-start]
28636.880: [GC concurrent-mark-end, 1.4003870 secs]
28636.883: [GC remark 28636.884: [GC ref-proc, 0.0210400 secs], 0.0921300 secs]
 [Times: user=0.10 sys=0.00, real=0.09 secs] 
28636.976: [GC cleanup 1734M->1369M(3072M), 0.0269050 secs]
 [Times: user=0.06 sys=0.00, real=0.03 secs] 
28637.004: [GC concurrent-cleanup-start]
28637.005: [GC concurrent-cleanup-end, 0.0008380 secs]
28641.854: [GC pause (young)
Desired survivor size 67108864 bytes, new threshold 16 (max 32)
- age   1:      85880 bytes,      85880 total
- age   2:   25634072 bytes,   25719952 total
, 0.2060580 secs]
   [Parallel Time: 193.4 ms, GC Workers: 2]
      [GC Worker Start (ms): Min: 28641855.0, Avg: 28641855.0, Max: 28641855.0, Diff: 0.0]
      [Ext Root Scanning (ms): Min: 56.1, Avg: 64.4, Max: 72.7, Diff: 16.7, Sum: 128.8]
      [Update RS (ms): Min: 18.1, Avg: 28.7, Max: 39.4, Diff: 21.3, Sum: 57.5]
         [Processed Buffers: Min: 50, Avg: 136.5, Max: 223, Diff: 173, Sum: 273]
      [Scan RS (ms): Min: 13.1, Avg: 13.1, Max: 13.1, Diff: 0.1, Sum: 26.2]
      [Object Copy (ms): Min: 84.6, Avg: 86.9, Max: 89.2, Diff: 4.6, Sum: 173.9]
      [Termination (ms): Min: 0.0, Avg: 0.0, Max: 0.0, Diff: 0.0, Sum: 0.0]
      [GC Worker Other (ms): Min: 0.1, Avg: 0.1, Max: 0.1, Diff: 0.0, Sum: 0.2]
      [GC Worker Total (ms): Min: 193.2, Avg: 193.3, Max: 193.3, Diff: 0.0, Sum: 386.5]
      [GC Worker End (ms): Min: 28642048.2, Avg: 28642048.2, Max: 28642048.2, Diff: 0.0]
   [Code Root Fixup: 0.0 ms]
   [Clear CT: 0.6 ms]
   [Other: 12.0 ms]
      [Choose CSet: 0.0 ms]
      [Ref Proc: 8.6 ms]
      [Ref Enq: 0.1 ms]
      [Free CSet: 2.2 ms]
   [Eden: 998.0M(998.0M)->0.0B(981.0M) Survivors: 26.0M->43.0M Heap: 2141.2M(3072.0M)->1160.7M(3072.0M)]
 [Times: user=0.40 sys=0.00, real=0.21 secs] 
28648.898: [GC pause (mixed)
Desired survivor size 67108864 bytes, new threshold 16 (max 32)
- age   1:   35681016 bytes,   35681016 total
- age   2:      21616 bytes,   35702632 total
- age   3:    4806512 bytes,   40509144 total
, 0.2291640 secs]
   [Parallel Time: 215.8 ms, GC Workers: 2]
      [GC Worker Start (ms): Min: 28648899.1, Avg: 28648899.1, Max: 28648899.1, Diff: 0.0]
      [Ext Root Scanning (ms): Min: 61.7, Avg: 67.5, Max: 73.2, Diff: 11.5, Sum: 134.9]
      [Update RS (ms): Min: 10.7, Avg: 18.7, Max: 26.7, Diff: 16.0, Sum: 37.5]
         [Processed Buffers: Min: 88, Avg: 139.5, Max: 191, Diff: 103, Sum: 279]
      [Scan RS (ms): Min: 24.6, Avg: 24.7, Max: 24.8, Diff: 0.3, Sum: 49.4]
      [Object Copy (ms): Min: 102.2, Avg: 104.5, Max: 106.9, Diff: 4.8, Sum: 209.1]
      [Termination (ms): Min: 0.0, Avg: 0.0, Max: 0.0, Diff: 0.0, Sum: 0.0]
      [GC Worker Other (ms): Min: 0.1, Avg: 0.1, Max: 0.2, Diff: 0.1, Sum: 0.3]
      [GC Worker Total (ms): Min: 215.6, Avg: 215.6, Max: 215.6, Diff: 0.1, Sum: 431.2]
      [GC Worker End (ms): Min: 28649114.7, Avg: 28649114.7, Max: 28649114.8, Diff: 0.1]
   [Code Root Fixup: 0.0 ms]
   [Clear CT: 0.9 ms]
   [Other: 12.5 ms]
      [Choose CSet: 0.4 ms]
      [Ref Proc: 7.6 ms]
      [Ref Enq: 0.1 ms]
      [Free CSet: 3.1 ms]
   [Eden: 981.0M(981.0M)->0.0B(969.0M) Survivors: 43.0M->55.0M Heap: 2162.9M(3072.0M)->1081.4M(3072.0M)]
 [Times: user=0.45 sys=0.00, real=0.23 secs] 
28653.871: [GC pause (mixed)
Desired survivor size 67108864 bytes, new threshold 16 (max 32)
- age   1:   34986360 bytes,   34986360 total
- age   2:   14420408 bytes,   49406768 total
- age   3:      21592 bytes,   49428360 total
- age   4:    3894752 bytes,   53323112 total
, 0.2767600 secs]
   [Parallel Time: 265.9 ms, GC Workers: 2]
      [GC Worker Start (ms): Min: 28653873.3, Avg: 28653873.3, Max: 28653873.3, Diff: 0.0]
      [Ext Root Scanning (ms): Min: 54.8, Avg: 67.5, Max: 80.3, Diff: 25.5, Sum: 135.0]
      [Update RS (ms): Min: 19.6, Avg: 30.5, Max: 41.5, Diff: 22.0, Sum: 61.1]
         [Processed Buffers: Min: 127, Avg: 169.0, Max: 211, Diff: 84, Sum: 338]
      [Scan RS (ms): Min: 49.6, Avg: 49.7, Max: 49.7, Diff: 0.1, Sum: 99.3]
      [Object Copy (ms): Min: 116.2, Avg: 118.0, Max: 119.8, Diff: 3.6, Sum: 236.0]
      [Termination (ms): Min: 0.0, Avg: 0.0, Max: 0.0, Diff: 0.0, Sum: 0.0]
      [GC Worker Other (ms): Min: 0.1, Avg: 0.1, Max: 0.1, Diff: 0.0, Sum: 0.2]
      [GC Worker Total (ms): Min: 265.8, Avg: 265.8, Max: 265.8, Diff: 0.1, Sum: 531.6]
      [GC Worker End (ms): Min: 28654139.1, Avg: 28654139.1, Max: 28654139.1, Diff: 0.0]
   [Code Root Fixup: 0.0 ms]
   [Clear CT: 0.9 ms]
   [Other: 10.0 ms]
      [Choose CSet: 1.4 ms]
      [Ref Proc: 3.3 ms]
      [Ref Enq: 0.1 ms]
      [Free CSet: 4.0 ms]
   [Eden: 969.0M(969.0M)->0.0B(969.0M) Survivors: 55.0M->55.0M Heap: 2074.1M(3072.0M)->930.6M(3072.0M)]
 [Times: user=0.54 sys=0.00, real=0.27 secs] 
28661.825: [GC pause (mixed)
Desired survivor size 67108864 bytes, new threshold 16 (max 32)
- age   1:   26706280 bytes,   26706280 total
- age   2:   16213872 bytes,   42920152 total
- age   3:    9611040 bytes,   52531192 total
- age   4:      21592 bytes,   52552784 total
- age   5:    2383208 bytes,   54935992 total
, 0.2991060 secs]
   [Parallel Time: 284.9 ms, GC Workers: 2]
      [GC Worker Start (ms): Min: 28661827.8, Avg: 28661827.8, Max: 28661827.8, Diff: 0.0]
      [Ext Root Scanning (ms): Min: 59.4, Avg: 68.1, Max: 76.8, Diff: 17.4, Sum: 136.3]
      [Update RS (ms): Min: 15.3, Avg: 27.2, Max: 39.1, Diff: 23.8, Sum: 54.4]
         [Processed Buffers: Min: 154, Avg: 171.0, Max: 188, Diff: 34, Sum: 342]
      [Scan RS (ms): Min: 56.1, Avg: 56.2, Max: 56.3, Diff: 0.1, Sum: 112.4]
      [Object Copy (ms): Min: 130.0, Avg: 133.2, Max: 136.4, Diff: 6.3, Sum: 266.4]
      [Termination (ms): Min: 0.0, Avg: 0.0, Max: 0.0, Diff: 0.0, Sum: 0.0]
      [GC Worker Other (ms): Min: 0.1, Avg: 0.1, Max: 0.1, Diff: 0.0, Sum: 0.2]
      [GC Worker Total (ms): Min: 284.8, Avg: 284.8, Max: 284.9, Diff: 0.0, Sum: 569.7]
      [GC Worker End (ms): Min: 28662112.6, Avg: 28662112.6, Max: 28662112.6, Diff: 0.0]
   [Code Root Fixup: 0.0 ms]
   [Clear CT: 1.0 ms]
   [Other: 13.1 ms]
      [Choose CSet: 1.7 ms]
      [Ref Proc: 5.8 ms]
      [Ref Enq: 0.1 ms]
      [Free CSet: 4.2 ms]
   [Eden: 969.0M(969.0M)->0.0B(964.0M) Survivors: 55.0M->60.0M Heap: 1919.8M(3072.0M)->816.3M(3072.0M)]
 [Times: user=0.58 sys=0.00, real=0.30 secs] 
28667.235: [GC pause (mixed)
Desired survivor size 67108864 bytes, new threshold 16 (max 32)
- age   1:   31345544 bytes,   31345544 total
- age   2:    9530832 bytes,   40876376 total
- age   3:   10222376 bytes,   51098752 total
- age   4:    5337752 bytes,   56436504 total
- age   5:       1864 bytes,   56438368 total
- age   6:    2094928 bytes,   58533296 total
, 0.3658790 secs]
   [Parallel Time: 356.2 ms, GC Workers: 2]
      [GC Worker Start (ms): Min: 28667237.0, Avg: 28667237.0, Max: 28667237.0, Diff: 0.0]
      [Ext Root Scanning (ms): Min: 57.6, Avg: 67.1, Max: 76.7, Diff: 19.1, Sum: 134.3]
      [Update RS (ms): Min: 8.8, Avg: 20.9, Max: 33.0, Diff: 24.2, Sum: 41.8]
         [Processed Buffers: Min: 62, Avg: 176.5, Max: 291, Diff: 229, Sum: 353]
      [Scan RS (ms): Min: 40.0, Avg: 40.1, Max: 40.3, Diff: 0.2, Sum: 80.3]
      [Object Copy (ms): Min: 225.2, Avg: 227.8, Max: 230.5, Diff: 5.3, Sum: 455.6]
      [Termination (ms): Min: 0.0, Avg: 0.0, Max: 0.0, Diff: 0.0, Sum: 0.0]
      [GC Worker Other (ms): Min: 0.1, Avg: 0.1, Max: 0.1, Diff: 0.0, Sum: 0.2]
      [GC Worker Total (ms): Min: 356.1, Avg: 356.1, Max: 356.1, Diff: 0.0, Sum: 712.2]
      [GC Worker End (ms): Min: 28667593.1, Avg: 28667593.1, Max: 28667593.1, Diff: 0.0]
   [Code Root Fixup: 0.0 ms]
   [Clear CT: 1.0 ms]
   [Other: 8.6 ms]
      [Choose CSet: 0.9 ms]
      [Ref Proc: 3.3 ms]
      [Ref Enq: 0.1 ms]
      [Free CSet: 3.1 ms]
   [Eden: 964.0M(964.0M)->0.0B(913.0M) Survivors: 60.0M->111.0M Heap: 1824.0M(3072.0M)->861.0M(3072.0M)]
 [Times: user=0.72 sys=0.00, real=0.36 secs] 
28672.033: [GC pause (young)
Desired survivor size 67108864 bytes, new threshold 1 (max 32)
- age   1:   71642520 bytes,   71642520 total
- age   2:   16488360 bytes,   88130880 total
- age   3:    8893152 bytes,   97024032 total
- age   4:    8985728 bytes,  106009760 total
- age   5:    4662224 bytes,  110671984 total
- age   6:       1864 bytes,  110673848 total
- age   7:    1993320 bytes,  112667168 total
, 0.5257580 secs]
   [Parallel Time: 517.4 ms, GC Workers: 2]
      [GC Worker Start (ms): Min: 28672033.5, Avg: 28672033.5, Max: 28672033.5, Diff: 0.0]
      [Ext Root Scanning (ms): Min: 58.4, Avg: 64.4, Max: 70.3, Diff: 11.9, Sum: 128.7]
      [Update RS (ms): Min: 39.3, Avg: 48.0, Max: 56.6, Diff: 17.2, Sum: 95.9]
         [Processed Buffers: Min: 103, Avg: 110.0, Max: 117, Diff: 14, Sum: 220]
      [Scan RS (ms): Min: 6.1, Avg: 6.1, Max: 6.1, Diff: 0.0, Sum: 12.3]
      [Object Copy (ms): Min: 396.1, Avg: 398.8, Max: 401.4, Diff: 5.3, Sum: 797.5]
      [Termination (ms): Min: 0.0, Avg: 0.0, Max: 0.0, Diff: 0.0, Sum: 0.0]
      [GC Worker Other (ms): Min: 0.1, Avg: 0.1, Max: 0.1, Diff: 0.0, Sum: 0.2]
      [GC Worker Total (ms): Min: 517.3, Avg: 517.3, Max: 517.3, Diff: 0.0, Sum: 1034.6]
      [GC Worker End (ms): Min: 28672550.8, Avg: 28672550.9, Max: 28672550.9, Diff: 0.0]
   [Code Root Fixup: 0.0 ms]
   [Clear CT: 1.5 ms]
   [Other: 6.9 ms]
      [Choose CSet: 0.0 ms]
      [Ref Proc: 2.8 ms]
      [Ref Enq: 0.0 ms]
      [Free CSet: 2.0 ms]
   [Eden: 913.0M(913.0M)->0.0B(925.0M) Survivors: 111.0M->99.0M Heap: 1779.1M(3072.0M)->947.6M(3072.0M)]
 [Times: user=1.04 sys=0.00, real=0.53 secs] 
28676.181: [GC pause (young)
Desired survivor size 67108864 bytes, new threshold 1 (max 32)
- age   1:  100209328 bytes,  100209328 total
, 0.5692780 secs]
   [Parallel Time: 555.7 ms, GC Workers: 2]
      [GC Worker Start (ms): Min: 28676182.6, Avg: 28676182.6, Max: 28676182.6, Diff: 0.0]
      [Ext Root Scanning (ms): Min: 57.5, Avg: 65.4, Max: 73.3, Diff: 15.8, Sum: 130.7]
      [Update RS (ms): Min: 30.9, Avg: 41.3, Max: 51.7, Diff: 20.8, Sum: 82.7]
         [Processed Buffers: Min: 113, Avg: 185.0, Max: 257, Diff: 144, Sum: 370]
      [Scan RS (ms): Min: 90.3, Avg: 90.3, Max: 90.3, Diff: 0.0, Sum: 180.6]
      [Object Copy (ms): Min: 356.1, Avg: 358.6, Max: 361.1, Diff: 5.0, Sum: 717.2]
      [Termination (ms): Min: 0.0, Avg: 0.0, Max: 0.0, Diff: 0.0, Sum: 0.0]
      [GC Worker Other (ms): Min: 0.1, Avg: 0.1, Max: 0.1, Diff: 0.0, Sum: 0.2]
      [GC Worker Total (ms): Min: 555.7, Avg: 555.7, Max: 555.7, Diff: 0.0, Sum: 1111.3]
      [GC Worker End (ms): Min: 28676738.3, Avg: 28676738.3, Max: 28676738.3, Diff: 0.0]
   [Code Root Fixup: 0.0 ms]
   [Clear CT: 0.7 ms]
   [Other: 12.8 ms]
      [Choose CSet: 0.0 ms]
      [Ref Proc: 5.2 ms]
      [Ref Enq: 0.1 ms]
      [Free CSet: 4.4 ms]
   [Eden: 925.0M(925.0M)->0.0B(947.0M) Survivors: 99.0M->77.0M Heap: 1889.6M(3072.0M)->1024.1M(3072.0M)]
 [Times: user=1.12 sys=0.01, real=0.57 secs] 
28682.159: [GC pause (young)
Desired survivor size 67108864 bytes, new threshold 1 (max 32)
- age   1:   77945904 bytes,   77945904 total
, 0.4586810 secs]
   [Parallel Time: 444.8 ms, GC Workers: 2]
      [GC Worker Start (ms): Min: 28682160.3, Avg: 28682160.4, Max: 28682160.4, Diff: 0.0]
      [Ext Root Scanning (ms): Min: 57.5, Avg: 64.1, Max: 70.8, Diff: 13.3, Sum: 128.3]
      [Update RS (ms): Min: 51.6, Avg: 60.5, Max: 69.4, Diff: 17.8, Sum: 121.0]
         [Processed Buffers: Min: 140, Avg: 187.5, Max: 235, Diff: 95, Sum: 375]
      [Scan RS (ms): Min: 70.0, Avg: 70.1, Max: 70.1, Diff: 0.2, Sum: 140.1]
      [Object Copy (ms): Min: 247.8, Avg: 249.9, Max: 252.0, Diff: 4.2, Sum: 499.7]
      [Termination (ms): Min: 0.0, Avg: 0.0, Max: 0.0, Diff: 0.0, Sum: 0.0]
      [GC Worker Other (ms): Min: 0.1, Avg: 0.1, Max: 0.1, Diff: 0.0, Sum: 0.2]
      [GC Worker Total (ms): Min: 444.6, Avg: 444.7, Max: 444.7, Diff: 0.1, Sum: 889.3]
      [GC Worker End (ms): Min: 28682605.0, Avg: 28682605.0, Max: 28682605.0, Diff: 0.0]
   [Code Root Fixup: 0.0 ms]
   [Clear CT: 0.7 ms]
   [Other: 13.1 ms]
      [Choose CSet: 0.1 ms]
      [Ref Proc: 6.1 ms]
      [Ref Enq: 0.1 ms]
      [Free CSet: 3.9 ms]
   [Eden: 947.0M(947.0M)->0.0B(984.0M) Survivors: 77.0M->40.0M Heap: 1998.6M(3072.0M)->1086.6M(3072.0M)]
 [Times: user=0.90 sys=0.01, real=0.46 secs] 
28688.191: [GC pause (young)
Desired survivor size 67108864 bytes, new threshold 16 (max 32)
- age   1:   38949176 bytes,   38949176 total
, 0.3359160 secs]
   [Parallel Time: 324.3 ms, GC Workers: 2]
      [GC Worker Start (ms): Min: 28688192.3, Avg: 28688192.4, Max: 28688192.4, Diff: 0.0]
      [Ext Root Scanning (ms): Min: 59.3, Avg: 67.5, Max: 75.6, Diff: 16.4, Sum: 134.9]
      [Update RS (ms): Min: 40.3, Avg: 51.2, Max: 62.1, Diff: 21.8, Sum: 102.4]
         [Processed Buffers: Min: 185, Avg: 208.0, Max: 231, Diff: 46, Sum: 416]
      [Scan RS (ms): Min: 47.8, Avg: 47.9, Max: 48.0, Diff: 0.2, Sum: 95.9]
      [Object Copy (ms): Min: 154.7, Avg: 157.5, Max: 160.4, Diff: 5.7, Sum: 315.1]
      [Termination (ms): Min: 0.0, Avg: 0.0, Max: 0.0, Diff: 0.0, Sum: 0.0]
      [GC Worker Other (ms): Min: 0.1, Avg: 0.1, Max: 0.1, Diff: 0.0, Sum: 0.2]
      [GC Worker Total (ms): Min: 324.2, Avg: 324.2, Max: 324.2, Diff: 0.0, Sum: 648.4]
      [GC Worker End (ms): Min: 28688516.6, Avg: 28688516.6, Max: 28688516.6, Diff: 0.0]
   [Code Root Fixup: 0.0 ms]
   [Clear CT: 0.7 ms]
   [Other: 10.9 ms]
      [Choose CSet: 0.0 ms]
      [Ref Proc: 4.1 ms]
      [Ref Enq: 0.1 ms]
      [Free CSet: 4.5 ms]
   [Eden: 984.0M(984.0M)->0.0B(960.0M) Survivors: 40.0M->64.0M Heap: 2090.3M(3072.0M)->1130.3M(3072.0M)]
 [Times: user=0.66 sys=0.01, real=0.34 secs] 
28694.046: [GC pause (young)
Desired survivor size 67108864 bytes, new threshold 16 (max 32)
- age   1:   37199464 bytes,   37199464 total
- age   2:   27203584 bytes,   64403048 total
, 0.4047170 secs]
   [Parallel Time: 392.3 ms, GC Workers: 2]
      [GC Worker Start (ms): Min: 28694047.4, Avg: 28694047.4, Max: 28694047.5, Diff: 0.1]
      [Ext Root Scanning (ms): Min: 52.0, Avg: 66.5, Max: 81.1, Diff: 29.1, Sum: 133.1]
      [Update RS (ms): Min: 47.7, Avg: 61.0, Max: 74.3, Diff: 26.6, Sum: 122.1]
         [Processed Buffers: Min: 62, Avg: 163.5, Max: 265, Diff: 203, Sum: 327]
      [Scan RS (ms): Min: 55.5, Avg: 55.6, Max: 55.6, Diff: 0.1, Sum: 111.2]
      [Object Copy (ms): Min: 207.6, Avg: 208.8, Max: 210.1, Diff: 2.5, Sum: 417.7]
      [Termination (ms): Min: 0.0, Avg: 0.0, Max: 0.0, Diff: 0.0, Sum: 0.0]
      [GC Worker Other (ms): Min: 0.1, Avg: 0.1, Max: 0.1, Diff: 0.1, Sum: 0.2]
      [GC Worker Total (ms): Min: 392.0, Avg: 392.1, Max: 392.1, Diff: 0.1, Sum: 784.2]
      [GC Worker End (ms): Min: 28694439.5, Avg: 28694439.5, Max: 28694439.5, Diff: 0.0]
   [Code Root Fixup: 0.0 ms]
   [Clear CT: 0.8 ms]
   [Other: 11.6 ms]
      [Choose CSet: 0.0 ms]
      [Ref Proc: 5.1 ms]
      [Ref Enq: 0.1 ms]
      [Free CSet: 4.4 ms]
   [Eden: 960.0M(960.0M)->0.0B(935.0M) Survivors: 64.0M->89.0M Heap: 2096.3M(3072.0M)->1160.8M(3072.0M)]
 [Times: user=0.80 sys=0.00, real=0.41 secs] 
28700.386: [GC pause (young)
Desired survivor size 67108864 bytes, new threshold 3 (max 32)
- age   1:   34184792 bytes,   34184792 total
- age   2:   31192480 bytes,   65377272 total
- age   3:   25077392 bytes,   90454664 total
, 0.4832970 secs]
   [Parallel Time: 472.4 ms, GC Workers: 2]
      [GC Worker Start (ms): Min: 28700388.0, Avg: 28700388.0, Max: 28700388.0, Diff: 0.0]
      [Ext Root Scanning (ms): Min: 57.8, Avg: 64.2, Max: 70.6, Diff: 12.8, Sum: 128.5]
      [Update RS (ms): Min: 69.6, Avg: 77.4, Max: 85.1, Diff: 15.5, Sum: 154.8]
         [Processed Buffers: Min: 59, Avg: 158.5, Max: 258, Diff: 199, Sum: 317]
      [Scan RS (ms): Min: 64.6, Avg: 65.2, Max: 65.7, Diff: 1.1, Sum: 130.3]
      [Object Copy (ms): Min: 263.5, Avg: 265.4, Max: 267.3, Diff: 3.8, Sum: 530.8]
      [Termination (ms): Min: 0.0, Avg: 0.0, Max: 0.0, Diff: 0.0, Sum: 0.0]
      [GC Worker Other (ms): Min: 0.1, Avg: 0.1, Max: 0.1, Diff: 0.0, Sum: 0.2]
      [GC Worker Total (ms): Min: 472.3, Avg: 472.3, Max: 472.3, Diff: 0.0, Sum: 944.5]
      [GC Worker End (ms): Min: 28700860.2, Avg: 28700860.2, Max: 28700860.3, Diff: 0.0]
   [Code Root Fixup: 0.0 ms]
   [Clear CT: 0.7 ms]
   [Other: 10.2 ms]
      [Choose CSet: 0.0 ms]
      [Ref Proc: 3.5 ms]
      [Ref Enq: 0.0 ms]
      [Free CSet: 4.1 ms]
   [Eden: 935.0M(935.0M)->0.0B(932.0M) Survivors: 89.0M->92.0M Heap: 2098.8M(3072.0M)->1190.8M(3072.0M)]
 [Times: user=0.96 sys=0.00, real=0.49 secs] 
28706.282: [GC pause (young)
Desired survivor size 67108864 bytes, new threshold 2 (max 32)
- age   1:   40031064 bytes,   40031064 total
- age   2:   28619432 bytes,   68650496 total
- age   3:   25564792 bytes,   94215288 total
, 0.4425990 secs]
   [Parallel Time: 431.4 ms, GC Workers: 2]
      [GC Worker Start (ms): Min: 28706283.4, Avg: 28706283.6, Max: 28706283.8, Diff: 0.3]
      [Ext Root Scanning (ms): Min: 58.2, Avg: 65.0, Max: 71.9, Diff: 13.7, Sum: 130.0]
      [Update RS (ms): Min: 40.5, Avg: 49.8, Max: 59.1, Diff: 18.6, Sum: 99.6]
         [Processed Buffers: Min: 103, Avg: 149.5, Max: 196, Diff: 93, Sum: 299]
      [Scan RS (ms): Min: 58.9, Avg: 59.0, Max: 59.0, Diff: 0.1, Sum: 117.9]
      [Object Copy (ms): Min: 254.5, Avg: 257.1, Max: 259.8, Diff: 5.2, Sum: 514.3]
      [Termination (ms): Min: 0.0, Avg: 0.0, Max: 0.0, Diff: 0.0, Sum: 0.0]
      [GC Worker Other (ms): Min: 0.2, Avg: 0.2, Max: 0.2, Diff: 0.0, Sum: 0.3]
      [GC Worker Total (ms): Min: 430.9, Avg: 431.1, Max: 431.3, Diff: 0.3, Sum: 862.2]
      [GC Worker End (ms): Min: 28706714.7, Avg: 28706714.7, Max: 28706714.7, Diff: 0.0]
   [Code Root Fixup: 0.0 ms]
   [Clear CT: 0.7 ms]
   [Other: 10.6 ms]
      [Choose CSet: 0.0 ms]
      [Ref Proc: 3.8 ms]
      [Ref Enq: 0.1 ms]
      [Free CSet: 3.9 ms]
   [Eden: 932.0M(932.0M)->0.0B(959.0M) Survivors: 92.0M->65.0M Heap: 2128.3M(3072.0M)->1218.3M(3072.0M)]
 [Times: user=0.87 sys=0.01, real=0.44 secs] 
28713.759: [GC pause (young)
Desired survivor size 67108864 bytes, new threshold 16 (max 32)
- age   1:   34394056 bytes,   34394056 total
- age   2:   31387144 bytes,   65781200 total
, 0.4207390 secs]
   [Parallel Time: 406.7 ms, GC Workers: 2]
      [GC Worker Start (ms): Min: 28713760.9, Avg: 28713760.9, Max: 28713760.9, Diff: 0.0]
      [Ext Root Scanning (ms): Min: 53.7, Avg: 67.4, Max: 81.1, Diff: 27.4, Sum: 134.8]
      [Update RS (ms): Min: 50.4, Avg: 62.5, Max: 74.7, Diff: 24.3, Sum: 125.1]
         [Processed Buffers: Min: 156, Avg: 182.0, Max: 208, Diff: 52, Sum: 364]
      [Scan RS (ms): Min: 69.1, Avg: 69.2, Max: 69.3, Diff: 0.2, Sum: 138.3]
      [Object Copy (ms): Min: 206.0, Avg: 207.4, Max: 208.9, Diff: 2.9, Sum: 414.9]
      [Termination (ms): Min: 0.0, Avg: 0.0, Max: 0.0, Diff: 0.0, Sum: 0.0]
      [GC Worker Other (ms): Min: 0.1, Avg: 0.1, Max: 0.1, Diff: 0.0, Sum: 0.2]
      [GC Worker Total (ms): Min: 406.6, Avg: 406.6, Max: 406.6, Diff: 0.0, Sum: 813.2]
      [GC Worker End (ms): Min: 28714167.5, Avg: 28714167.5, Max: 28714167.5, Diff: 0.0]
   [Code Root Fixup: 0.0 ms]
   [Clear CT: 0.7 ms]
   [Other: 13.4 ms]
      [Choose CSet: 0.0 ms]
      [Ref Proc: 5.8 ms]
      [Ref Enq: 0.1 ms]
      [Free CSet: 5.0 ms]
   [Eden: 959.0M(959.0M)->0.0B(936.0M) Survivors: 65.0M->88.0M Heap: 2224.2M(3072.0M)->1287.7M(3072.0M)]
 [Times: user=0.82 sys=0.00, real=0.42 secs] 
28720.823: [GC pause (young)
Desired survivor size 67108864 bytes, new threshold 3 (max 32)
- age   1:   31157528 bytes,   31157528 total
- age   2:   29173624 bytes,   60331152 total
- age   3:   28807064 bytes,   89138216 total
, 0.4464600 secs]
   [Parallel Time: 436.3 ms, GC Workers: 2]
      [GC Worker Start (ms): Min: 28720824.9, Avg: 28720825.3, Max: 28720825.8, Diff: 0.9]
      [Ext Root Scanning (ms): Min: 57.6, Avg: 63.8, Max: 70.1, Diff: 12.6, Sum: 127.7]
      [Update RS (ms): Min: 49.8, Avg: 58.6, Max: 67.4, Diff: 17.6, Sum: 117.1]
         [Processed Buffers: Min: 148, Avg: 154.0, Max: 160, Diff: 12, Sum: 308]
      [Scan RS (ms): Min: 68.1, Avg: 68.2, Max: 68.3, Diff: 0.1, Sum: 136.4]
      [Object Copy (ms): Min: 243.1, Avg: 245.1, Max: 247.0, Diff: 3.9, Sum: 490.1]
      [Termination (ms): Min: 0.0, Avg: 0.0, Max: 0.0, Diff: 0.0, Sum: 0.0]
      [GC Worker Other (ms): Min: 0.1, Avg: 0.1, Max: 0.1, Diff: 0.0, Sum: 0.2]
      [GC Worker Total (ms): Min: 435.3, Avg: 435.8, Max: 436.3, Diff: 1.0, Sum: 871.6]
      [GC Worker End (ms): Min: 28721261.1, Avg: 28721261.1, Max: 28721261.1, Diff: 0.0]
   [Code Root Fixup: 0.0 ms]
   [Clear CT: 0.8 ms]
   [Other: 9.3 ms]
      [Choose CSet: 0.0 ms]
      [Ref Proc: 3.0 ms]
      [Ref Enq: 0.0 ms]
      [Free CSet: 3.6 ms]
   [Eden: 936.0M(936.0M)->0.0B(941.0M) Survivors: 88.0M->83.0M Heap: 2243.9M(3072.0M)->1328.9M(3072.0M)]
 [Times: user=0.88 sys=0.00, real=0.44 secs] 
28726.365: [GC pause (young)
Desired survivor size 67108864 bytes, new threshold 3 (max 32)
- age   1:   35405992 bytes,   35405992 total
- age   2:   25671176 bytes,   61077168 total
- age   3:   23804712 bytes,   84881880 total
, 0.4311470 secs]
   [Parallel Time: 421.3 ms, GC Workers: 2]
      [GC Worker Start (ms): Min: 28726366.7, Avg: 28726366.8, Max: 28726366.8, Diff: 0.1]
      [Ext Root Scanning (ms): Min: 57.9, Avg: 65.6, Max: 73.2, Diff: 15.3, Sum: 131.2]
      [Update RS (ms): Min: 53.0, Avg: 62.9, Max: 72.9, Diff: 20.0, Sum: 125.9]
         [Processed Buffers: Min: 138, Avg: 146.5, Max: 155, Diff: 17, Sum: 293]
      [Scan RS (ms): Min: 66.0, Avg: 66.0, Max: 66.0, Diff: 0.1, Sum: 132.0]
      [Object Copy (ms): Min: 224.2, Avg: 226.6, Max: 228.9, Diff: 4.8, Sum: 453.1]
      [Termination (ms): Min: 0.0, Avg: 0.0, Max: 0.0, Diff: 0.0, Sum: 0.0]
      [GC Worker Other (ms): Min: 0.1, Avg: 0.1, Max: 0.1, Diff: 0.0, Sum: 0.2]
      [GC Worker Total (ms): Min: 421.2, Avg: 421.2, Max: 421.2, Diff: 0.0, Sum: 842.4]
      [GC Worker End (ms): Min: 28726787.9, Avg: 28726787.9, Max: 28726788.0, Diff: 0.0]
   [Code Root Fixup: 0.0 ms]
   [Clear CT: 0.7 ms]
   [Other: 9.2 ms]
      [Choose CSet: 0.0 ms]
      [Ref Proc: 2.6 ms]
      [Ref Enq: 0.0 ms]
      [Free CSet: 3.8 ms]
   [Eden: 941.0M(941.0M)->0.0B(943.0M) Survivors: 83.0M->81.0M Heap: 2281.8M(3072.0M)->1360.3M(3072.0M)]
 [Times: user=0.85 sys=0.00, real=0.43 secs] 
28727.877: [GC pause (young) (initial-mark)
Desired survivor size 67108864 bytes, new threshold 3 (max 32)
- age   1:   33538936 bytes,   33538936 total
- age   2:   24825784 bytes,   58364720 total
- age   3:   23105672 bytes,   81470392 total
, 0.3964030 secs]
   [Parallel Time: 391.7 ms, GC Workers: 2]
      [GC Worker Start (ms): Min: 28727878.5, Avg: 28727878.5, Max: 28727878.5, Diff: 0.0]
      [Ext Root Scanning (ms): Min: 61.1, Avg: 68.9, Max: 76.7, Diff: 15.6, Sum: 137.8]
      [Update RS (ms): Min: 36.1, Avg: 51.4, Max: 66.7, Diff: 30.6, Sum: 102.7]
         [Processed Buffers: Min: 58, Avg: 135.0, Max: 212, Diff: 154, Sum: 270]
      [Scan RS (ms): Min: 43.5, Avg: 43.6, Max: 43.7, Diff: 0.1, Sum: 87.2]
      [Object Copy (ms): Min: 220.2, Avg: 227.6, Max: 235.1, Diff: 14.8, Sum: 455.3]
      [Termination (ms): Min: 0.0, Avg: 0.0, Max: 0.0, Diff: 0.0, Sum: 0.0]
      [GC Worker Other (ms): Min: 0.1, Avg: 0.1, Max: 0.1, Diff: 0.0, Sum: 0.2]
      [GC Worker Total (ms): Min: 391.6, Avg: 391.6, Max: 391.6, Diff: 0.0, Sum: 783.2]
      [GC Worker End (ms): Min: 28728270.1, Avg: 28728270.1, Max: 28728270.1, Diff: 0.0]
   [Code Root Fixup: 0.0 ms]
   [Clear CT: 0.4 ms]
   [Other: 4.3 ms]
      [Choose CSet: 0.0 ms]
      [Ref Proc: 0.7 ms]
      [Ref Enq: 0.0 ms]
      [Free CSet: 1.2 ms]
   [Eden: 223.0M(943.0M)->0.0B(950.0M) Survivors: 81.0M->74.0M Heap: 1582.5M(3072.0M)->1376.3M(3072.0M)]
 [Times: user=0.79 sys=0.00, real=0.40 secs] 
28728.274: [GC concurrent-root-region-scan-start]
28728.526: [GC concurrent-root-region-scan-end, 0.2512350 secs]
28728.526: [GC concurrent-mark-start]
28730.875: [GC concurrent-mark-end, 2.3491580 secs]
28730.877: [GC remark 28730.878: [GC ref-proc, 0.4812380 secs], 0.5516790 secs]
 [Times: user=0.56 sys=0.00, real=0.55 secs] 
28731.432: [GC cleanup 1859M->1542M(3072M), 0.0228120 secs]
 [Times: user=0.04 sys=0.00, real=0.03 secs] 
28731.455: [GC concurrent-cleanup-start]
28731.456: [GC concurrent-cleanup-end, 0.0006620 secs]
28734.446: [GC pause (young)
Desired survivor size 67108864 bytes, new threshold 3 (max 32)
- age   1:   21223504 bytes,   21223504 total
- age   2:   30489592 bytes,   51713096 total
- age   3:   24353928 bytes,   76067024 total
, 0.3950810 secs]
   [Parallel Time: 384.0 ms, GC Workers: 2]
      [GC Worker Start (ms): Min: 28734448.1, Avg: 28734448.1, Max: 28734448.1, Diff: 0.0]
      [Ext Root Scanning (ms): Min: 57.0, Avg: 63.7, Max: 70.3, Diff: 13.3, Sum: 127.3]
      [Update RS (ms): Min: 58.7, Avg: 67.5, Max: 76.4, Diff: 17.7, Sum: 135.0]
         [Processed Buffers: Min: 153, Avg: 153.5, Max: 154, Diff: 1, Sum: 307]
      [Scan RS (ms): Min: 55.2, Avg: 55.3, Max: 55.4, Diff: 0.3, Sum: 110.6]
      [Object Copy (ms): Min: 194.9, Avg: 197.2, Max: 199.5, Diff: 4.6, Sum: 394.5]
      [Termination (ms): Min: 0.0, Avg: 0.0, Max: 0.0, Diff: 0.0, Sum: 0.0]
      [GC Worker Other (ms): Min: 0.1, Avg: 0.2, Max: 0.2, Diff: 0.0, Sum: 0.3]
      [GC Worker Total (ms): Min: 383.8, Avg: 383.9, Max: 383.9, Diff: 0.1, Sum: 767.7]
      [GC Worker End (ms): Min: 28734831.9, Avg: 28734832.0, Max: 28734832.0, Diff: 0.0]
   [Code Root Fixup: 0.0 ms]
   [Clear CT: 0.7 ms]
   [Other: 10.4 ms]
      [Choose CSet: 0.0 ms]
      [Ref Proc: 4.0 ms]
      [Ref Enq: 0.1 ms]
      [Free CSet: 3.7 ms]
   [Eden: 950.0M(950.0M)->0.0B(957.0M) Survivors: 74.0M->67.0M Heap: 2033.2M(3072.0M)->1097.2M(3072.0M)]
 [Times: user=0.78 sys=0.00, real=0.39 secs] 
28740.558: [GC pause (mixed)
Desired survivor size 67108864 bytes, new threshold 3 (max 32)
- age   1:   32568984 bytes,   32568984 total
- age   2:    6436392 bytes,   39005376 total
- age   3:   28586280 bytes,   67591656 total
, 0.4140910 secs]
   [Parallel Time: 400.7 ms, GC Workers: 2]
      [GC Worker Start (ms): Min: 28740560.5, Avg: 28740560.5, Max: 28740560.6, Diff: 0.0]
      [Ext Root Scanning (ms): Min: 58.8, Avg: 64.6, Max: 70.5, Diff: 11.7, Sum: 129.3]
      [Update RS (ms): Min: 44.1, Avg: 52.3, Max: 60.5, Diff: 16.3, Sum: 104.6]
         [Processed Buffers: Min: 58, Avg: 139.0, Max: 220, Diff: 162, Sum: 278]
      [Scan RS (ms): Min: 73.6, Avg: 73.6, Max: 73.7, Diff: 0.1, Sum: 147.2]
      [Object Copy (ms): Min: 207.7, Avg: 210.0, Max: 212.2, Diff: 4.6, Sum: 419.9]
      [Termination (ms): Min: 0.0, Avg: 0.0, Max: 0.0, Diff: 0.0, Sum: 0.0]
      [GC Worker Other (ms): Min: 0.1, Avg: 0.1, Max: 0.1, Diff: 0.0, Sum: 0.2]
      [GC Worker Total (ms): Min: 400.6, Avg: 400.6, Max: 400.6, Diff: 0.0, Sum: 801.2]
      [GC Worker End (ms): Min: 28740961.2, Avg: 28740961.2, Max: 28740961.2, Diff: 0.0]
   [Code Root Fixup: 0.0 ms]
   [Clear CT: 1.0 ms]
   [Other: 12.4 ms]
      [Choose CSet: 0.8 ms]
      [Ref Proc: 3.6 ms]
      [Ref Enq: 0.0 ms]
      [Free CSet: 5.0 ms]
   [Eden: 957.0M(957.0M)->0.0B(956.0M) Survivors: 67.0M->68.0M Heap: 2064.2M(3072.0M)->1031.2M(3072.0M)]
 [Times: user=0.82 sys=0.00, real=0.41 secs] 
28746.657: [GC pause (mixed)
Desired survivor size 67108864 bytes, new threshold 3 (max 32)
- age   1:   34915944 bytes,   34915944 total
- age   2:   28087512 bytes,   63003456 total
- age   3:    6129280 bytes,   69132736 total
, 0.4020360 secs]
   [Parallel Time: 393.4 ms, GC Workers: 2]
      [GC Worker Start (ms): Min: 28746657.6, Avg: 28746657.7, Max: 28746657.7, Diff: 0.1]
      [Ext Root Scanning (ms): Min: 56.3, Avg: 68.1, Max: 79.8, Diff: 23.5, Sum: 136.2]
      [Update RS (ms): Min: 13.2, Avg: 23.0, Max: 32.8, Diff: 19.6, Sum: 46.0]
         [Processed Buffers: Min: 149, Avg: 153.0, Max: 157, Diff: 8, Sum: 306]
      [Scan RS (ms): Min: 76.7, Avg: 76.7, Max: 76.7, Diff: 0.1, Sum: 153.4]
      [Object Copy (ms): Min: 223.4, Avg: 225.4, Max: 227.4, Diff: 3.9, Sum: 450.8]
      [Termination (ms): Min: 0.0, Avg: 0.0, Max: 0.0, Diff: 0.0, Sum: 0.0]
      [GC Worker Other (ms): Min: 0.1, Avg: 0.1, Max: 0.1, Diff: 0.0, Sum: 0.2]
      [GC Worker Total (ms): Min: 393.2, Avg: 393.3, Max: 393.3, Diff: 0.1, Sum: 786.5]
      [GC Worker End (ms): Min: 28747050.9, Avg: 28747050.9, Max: 28747050.9, Diff: 0.0]
   [Code Root Fixup: 0.0 ms]
   [Clear CT: 0.7 ms]
   [Other: 7.9 ms]
      [Choose CSet: 0.1 ms]
      [Ref Proc: 3.2 ms]
      [Ref Enq: 0.0 ms]
      [Free CSet: 2.9 ms]
   [Eden: 956.0M(956.0M)->0.0B(912.0M) Survivors: 68.0M->112.0M Heap: 2082.2M(3072.0M)->1172.2M(3072.0M)]
 [Times: user=0.79 sys=0.00, real=0.40 secs] 
28751.333: [GC pause (young)
Desired survivor size 67108864 bytes, new threshold 1 (max 32)
- age   1:   74077992 bytes,   74077992 total
- age   2:   21300784 bytes,   95378776 total
- age   3:   17799472 bytes,  113178248 total
, 0.2824310 secs]
   [Parallel Time: 274.6 ms, GC Workers: 2]
      [GC Worker Start (ms): Min: 28751333.7, Avg: 28751333.7, Max: 28751333.8, Diff: 0.0]
      [Ext Root Scanning (ms): Min: 60.1, Avg: 66.9, Max: 73.7, Diff: 13.5, Sum: 133.8]
      [Update RS (ms): Min: 18.9, Avg: 28.1, Max: 37.3, Diff: 18.4, Sum: 56.2]
         [Processed Buffers: Min: 134, Avg: 136.5, Max: 139, Diff: 5, Sum: 273]
      [Scan RS (ms): Min: 35.8, Avg: 35.9, Max: 36.0, Diff: 0.1, Sum: 71.8]
      [Object Copy (ms): Min: 141.0, Avg: 143.4, Max: 145.9, Diff: 4.9, Sum: 286.8]
      [Termination (ms): Min: 0.0, Avg: 0.0, Max: 0.0, Diff: 0.0, Sum: 0.0]
      [GC Worker Other (ms): Min: 0.1, Avg: 0.1, Max: 0.1, Diff: 0.0, Sum: 0.2]
      [GC Worker Total (ms): Min: 274.4, Avg: 274.4, Max: 274.4, Diff: 0.0, Sum: 548.9]
      [GC Worker End (ms): Min: 28751608.2, Avg: 28751608.2, Max: 28751608.2, Diff: 0.0]
   [Code Root Fixup: 0.0 ms]
   [Clear CT: 0.6 ms]
   [Other: 7.2 ms]
      [Choose CSet: 0.0 ms]
      [Ref Proc: 3.2 ms]
      [Ref Enq: 0.1 ms]
      [Free CSet: 2.2 ms]
   [Eden: 912.0M(912.0M)->0.0B(1004.0M) Survivors: 112.0M->20.0M Heap: 2105.4M(3072.0M)->1155.4M(3072.0M)]
 [Times: user=0.56 sys=0.00, real=0.28 secs] 
28756.634: [GC pause (young)
Desired survivor size 67108864 bytes, new threshold 16 (max 32)
- age   1:   18654056 bytes,   18654056 total
, 0.1779980 secs]
   [Parallel Time: 167.7 ms, GC Workers: 2]
      [GC Worker Start (ms): Min: 28756635.1, Avg: 28756635.1, Max: 28756635.1, Diff: 0.0]
      [Ext Root Scanning (ms): Min: 55.2, Avg: 67.5, Max: 79.7, Diff: 24.5, Sum: 134.9]
      [Update RS (ms): Min: 8.0, Avg: 18.4, Max: 28.8, Diff: 20.9, Sum: 36.8]
         [Processed Buffers: Min: 94, Avg: 146.5, Max: 199, Diff: 105, Sum: 293]
      [Scan RS (ms): Min: 17.5, Avg: 17.6, Max: 17.7, Diff: 0.2, Sum: 35.2]
      [Object Copy (ms): Min: 62.3, Avg: 64.0, Max: 65.7, Diff: 3.4, Sum: 128.1]
      [Termination (ms): Min: 0.0, Avg: 0.0, Max: 0.0, Diff: 0.0, Sum: 0.0]
      [GC Worker Other (ms): Min: 0.1, Avg: 0.1, Max: 0.1, Diff: 0.0, Sum: 0.2]
      [GC Worker Total (ms): Min: 167.6, Avg: 167.6, Max: 167.6, Diff: 0.0, Sum: 335.1]
      [GC Worker End (ms): Min: 28756802.7, Avg: 28756802.7, Max: 28756802.7, Diff: 0.0]
   [Code Root Fixup: 0.0 ms]
   [Clear CT: 0.6 ms]
   [Other: 9.7 ms]
      [Choose CSet: 0.0 ms]
      [Ref Proc: 5.5 ms]
      [Ref Enq: 0.1 ms]
      [Free CSet: 2.6 ms]
   [Eden: 1004.0M(1004.0M)->0.0B(995.0M) Survivors: 20.0M->29.0M Heap: 2189.2M(3072.0M)->1194.2M(3072.0M)]
 [Times: user=0.34 sys=0.00, real=0.18 secs] 
28764.270: [GC pause (young)
Desired survivor size 67108864 bytes, new threshold 16 (max 32)
- age   1:   16265064 bytes,   16265064 total
- age   2:   11165208 bytes,   27430272 total
, 0.2871470 secs]
   [Parallel Time: 272.9 ms, GC Workers: 2]
      [GC Worker Start (ms): Min: 28764270.5, Avg: 28764270.6, Max: 28764270.6, Diff: 0.0]
      [Ext Root Scanning (ms): Min: 55.1, Avg: 63.9, Max: 72.7, Diff: 17.6, Sum: 127.9]
      [Update RS (ms): Min: 21.2, Avg: 32.5, Max: 43.9, Diff: 22.8, Sum: 65.1]
         [Processed Buffers: Min: 77, Avg: 163.0, Max: 249, Diff: 172, Sum: 326]
      [Scan RS (ms): Min: 15.1, Avg: 15.2, Max: 15.2, Diff: 0.1, Sum: 30.3]
      [Object Copy (ms): Min: 158.5, Avg: 161.1, Max: 163.8, Diff: 5.2, Sum: 322.3]
      [Termination (ms): Min: 0.0, Avg: 0.0, Max: 0.0, Diff: 0.0, Sum: 0.0]
      [GC Worker Other (ms): Min: 0.1, Avg: 0.1, Max: 0.1, Diff: 0.0, Sum: 0.2]
      [GC Worker Total (ms): Min: 272.9, Avg: 272.9, Max: 272.9, Diff: 0.0, Sum: 545.7]
      [GC Worker End (ms): Min: 28764543.4, Avg: 28764543.4, Max: 28764543.4, Diff: 0.0]
   [Code Root Fixup: 0.0 ms]
   [Clear CT: 0.7 ms]
   [Other: 13.5 ms]
      [Choose CSet: 0.0 ms]
      [Ref Proc: 9.7 ms]
      [Ref Enq: 0.1 ms]
      [Free CSet: 2.5 ms]
   [Eden: 995.0M(995.0M)->0.0B(952.0M) Survivors: 29.0M->72.0M Heap: 2194.2M(3072.0M)->1242.7M(3072.0M)]
 [Times: user=0.55 sys=0.00, real=0.28 secs] 
28769.584: [GC pause (young)
Desired survivor size 67108864 bytes, new threshold 3 (max 32)
- age   1:   54822808 bytes,   54822808 total
- age   2:   10444656 bytes,   65267464 total
- age   3:    6077648 bytes,   71345112 total
, 0.3690630 secs]
   [Parallel Time: 357.8 ms, GC Workers: 2]
      [GC Worker Start (ms): Min: 28769584.5, Avg: 28769584.5, Max: 28769584.6, Diff: 0.0]
      [Ext Root Scanning (ms): Min: 61.0, Avg: 72.5, Max: 84.0, Diff: 23.0, Sum: 144.9]
      [Update RS (ms): Min: 34.5, Avg: 44.6, Max: 54.7, Diff: 20.2, Sum: 89.2]
         [Processed Buffers: Min: 107, Avg: 131.0, Max: 155, Diff: 48, Sum: 262]
      [Scan RS (ms): Min: 8.0, Avg: 8.1, Max: 8.2, Diff: 0.2, Sum: 16.2]
      [Object Copy (ms): Min: 231.1, Avg: 232.5, Max: 233.8, Diff: 2.7, Sum: 464.9]
      [Termination (ms): Min: 0.0, Avg: 0.0, Max: 0.0, Diff: 0.0, Sum: 0.0]
      [GC Worker Other (ms): Min: 0.1, Avg: 0.1, Max: 0.1, Diff: 0.0, Sum: 0.2]
      [GC Worker Total (ms): Min: 357.7, Avg: 357.7, Max: 357.7, Diff: 0.0, Sum: 715.4]
      [GC Worker End (ms): Min: 28769942.3, Avg: 28769942.3, Max: 28769942.3, Diff: 0.0]
   [Code Root Fixup: 0.0 ms]
   [Clear CT: 1.1 ms]
   [Other: 10.2 ms]
      [Choose CSet: 0.0 ms]
      [Ref Proc: 7.0 ms]
      [Ref Enq: 0.1 ms]
      [Free CSet: 2.0 ms]
   [Eden: 952.0M(952.0M)->0.0B(919.0M) Survivors: 72.0M->105.0M Heap: 2196.8M(3072.0M)->1281.8M(3072.0M)]
 [Times: user=0.72 sys=0.00, real=0.37 secs] 
28773.269: [GC pause (young)
Desired survivor size 67108864 bytes, new threshold 2 (max 32)
- age   1:   59231336 bytes,   59231336 total
- age   2:   37759216 bytes,   96990552 total
- age   3:    8522808 bytes,  105513360 total
, 0.4185720 secs]
   [Parallel Time: 411.9 ms, GC Workers: 2]
      [GC Worker Start (ms): Min: 28773269.9, Avg: 28773270.2, Max: 28773270.5, Diff: 0.6]
      [Ext Root Scanning (ms): Min: 56.2, Avg: 63.7, Max: 71.2, Diff: 15.1, Sum: 127.4]
      [Update RS (ms): Min: 35.0, Avg: 44.9, Max: 54.7, Diff: 19.7, Sum: 89.7]
         [Processed Buffers: Min: 117, Avg: 141.5, Max: 166, Diff: 49, Sum: 283]
      [Scan RS (ms): Min: 18.7, Avg: 18.8, Max: 18.9, Diff: 0.2, Sum: 37.5]
      [Object Copy (ms): Min: 281.6, Avg: 284.1, Max: 286.6, Diff: 5.0, Sum: 568.1]
      [Termination (ms): Min: 0.0, Avg: 0.0, Max: 0.0, Diff: 0.0, Sum: 0.0]
      [GC Worker Other (ms): Min: 0.1, Avg: 0.1, Max: 0.1, Diff: 0.0, Sum: 0.2]
      [GC Worker Total (ms): Min: 411.2, Avg: 411.5, Max: 411.8, Diff: 0.6, Sum: 823.0]
      [GC Worker End (ms): Min: 28773681.7, Avg: 28773681.7, Max: 28773681.7, Diff: 0.0]
   [Code Root Fixup: 0.0 ms]
   [Clear CT: 0.7 ms]
   [Other: 6.0 ms]
      [Choose CSet: 0.0 ms]
      [Ref Proc: 2.3 ms]
      [Ref Enq: 0.0 ms]
      [Free CSet: 2.0 ms]
   [Eden: 919.0M(919.0M)->0.0B(923.0M) Survivors: 105.0M->101.0M Heap: 2241.7M(3072.0M)->1361.7M(3072.0M)]
 [Times: user=0.83 sys=0.00, real=0.42 secs] 
28775.477: [GC pause (young) (initial-mark)
Desired survivor size 67108864 bytes, new threshold 2 (max 32)
- age   1:   50605648 bytes,   50605648 total
- age   2:   52351128 bytes,  102956776 total
, 0.3423470 secs]
   [Parallel Time: 335.6 ms, GC Workers: 2]
      [GC Worker Start (ms): Min: 28775478.8, Avg: 28775478.8, Max: 28775478.8, Diff: 0.0]
      [Ext Root Scanning (ms): Min: 53.0, Avg: 67.9, Max: 82.7, Diff: 29.7, Sum: 135.7]
      [Update RS (ms): Min: 10.9, Avg: 26.0, Max: 41.2, Diff: 30.3, Sum: 52.1]
         [Processed Buffers: Min: 132, Avg: 163.5, Max: 195, Diff: 63, Sum: 327]
      [Scan RS (ms): Min: 55.9, Avg: 56.3, Max: 56.6, Diff: 0.7, Sum: 112.6]
      [Object Copy (ms): Min: 185.1, Avg: 185.2, Max: 185.2, Diff: 0.1, Sum: 370.3]
      [Termination (ms): Min: 0.0, Avg: 0.0, Max: 0.0, Diff: 0.0, Sum: 0.0]
      [GC Worker Other (ms): Min: 0.1, Avg: 0.1, Max: 0.1, Diff: 0.0, Sum: 0.1]
      [GC Worker Total (ms): Min: 335.4, Avg: 335.4, Max: 335.4, Diff: 0.1, Sum: 670.8]
      [GC Worker End (ms): Min: 28775814.2, Avg: 28775814.2, Max: 28775814.2, Diff: 0.0]
   [Code Root Fixup: 0.0 ms]
   [Clear CT: 0.6 ms]
   [Other: 6.2 ms]
      [Choose CSet: 0.0 ms]
      [Ref Proc: 2.0 ms]
      [Ref Enq: 0.0 ms]
      [Free CSet: 1.7 ms]
   [Eden: 363.0M(923.0M)->0.0B(990.0M) Survivors: 101.0M->34.0M Heap: 1737.3M(3072.0M)->1344.9M(3072.0M)]
 [Times: user=0.65 sys=0.02, real=0.34 secs] 
28775.826: [GC concurrent-root-region-scan-start]
28775.944: [GC concurrent-root-region-scan-end, 0.1184820 secs]
28775.944: [GC concurrent-mark-start]
28777.161: [GC concurrent-mark-end, 1.2160250 secs]
28777.164: [GC remark 28777.165: [GC ref-proc, 0.0570070 secs], 0.1245030 secs]
 [Times: user=0.13 sys=0.00, real=0.12 secs] 
28777.290: [GC cleanup 1513M->1200M(3072M), 0.0238130 secs]
 [Times: user=0.05 sys=0.00, real=0.03 secs] 
28777.314: [GC concurrent-cleanup-start]
28777.315: [GC concurrent-cleanup-end, 0.0008900 secs]
28782.028: [GC pause (young)
Desired survivor size 67108864 bytes, new threshold 16 (max 32)
- age   1:   11238384 bytes,   11238384 total
- age   2:   22408728 bytes,   33647112 total
, 0.2758520 secs]
   [Parallel Time: 262.3 ms, GC Workers: 2]
      [GC Worker Start (ms): Min: 28782029.4, Avg: 28782029.4, Max: 28782029.4, Diff: 0.0]
      [Ext Root Scanning (ms): Min: 58.6, Avg: 66.4, Max: 74.2, Diff: 15.6, Sum: 132.8]
      [Update RS (ms): Min: 46.2, Avg: 56.3, Max: 66.3, Diff: 20.1, Sum: 112.5]
         [Processed Buffers: Min: 162, Avg: 179.0, Max: 196, Diff: 34, Sum: 358]
      [Scan RS (ms): Min: 22.7, Avg: 23.0, Max: 23.2, Diff: 0.5, Sum: 45.9]
      [Object Copy (ms): Min: 113.8, Avg: 116.3, Max: 118.9, Diff: 5.1, Sum: 232.7]
      [Termination (ms): Min: 0.0, Avg: 0.0, Max: 0.0, Diff: 0.0, Sum: 0.0]
      [GC Worker Other (ms): Min: 0.1, Avg: 0.1, Max: 0.1, Diff: 0.0, Sum: 0.2]
      [GC Worker Total (ms): Min: 262.0, Avg: 262.1, Max: 262.1, Diff: 0.0, Sum: 524.1]
      [GC Worker End (ms): Min: 28782291.4, Avg: 28782291.4, Max: 28782291.4, Diff: 0.0]
   [Code Root Fixup: 0.0 ms]
   [Clear CT: 0.7 ms]
   [Other: 12.9 ms]
      [Choose CSet: 0.0 ms]
      [Ref Proc: 8.6 ms]
      [Ref Enq: 0.1 ms]
      [Free CSet: 2.6 ms]
   [Eden: 990.0M(990.0M)->0.0B(971.0M) Survivors: 34.0M->53.0M Heap: 2024.7M(3072.0M)->1053.7M(3072.0M)]
 [Times: user=0.54 sys=0.00, real=0.28 secs] 
28788.419: [GC pause (mixed)
Desired survivor size 67108864 bytes, new threshold 16 (max 32)
- age   1:   31082792 bytes,   31082792 total
- age   2:    6239616 bytes,   37322408 total
- age   3:   13346872 bytes,   50669280 total
, 0.3815370 secs]
   [Parallel Time: 361.5 ms, GC Workers: 2]
      [GC Worker Start (ms): Min: 28788422.0, Avg: 28788422.0, Max: 28788422.0, Diff: 0.0]
      [Ext Root Scanning (ms): Min: 56.5, Avg: 64.9, Max: 73.4, Diff: 17.0, Sum: 129.9]
      [Update RS (ms): Min: 33.1, Avg: 44.4, Max: 55.8, Diff: 22.7, Sum: 88.8]
         [Processed Buffers: Min: 141, Avg: 171.5, Max: 202, Diff: 61, Sum: 343]
      [Scan RS (ms): Min: 63.3, Avg: 63.4, Max: 63.5, Diff: 0.2, Sum: 126.8]
      [Object Copy (ms): Min: 185.6, Avg: 188.6, Max: 191.5, Diff: 5.9, Sum: 377.2]
      [Termination (ms): Min: 0.0, Avg: 0.0, Max: 0.1, Diff: 0.1, Sum: 0.1]
      [GC Worker Other (ms): Min: 0.1, Avg: 0.1, Max: 0.1, Diff: 0.0, Sum: 0.2]
      [GC Worker Total (ms): Min: 361.4, Avg: 361.4, Max: 361.4, Diff: 0.0, Sum: 722.9]
      [GC Worker End (ms): Min: 28788783.4, Avg: 28788783.4, Max: 28788783.4, Diff: 0.0]
   [Code Root Fixup: 0.0 ms]
   [Clear CT: 1.0 ms]
   [Other: 19.0 ms]
      [Choose CSet: 2.0 ms]
      [Ref Proc: 10.0 ms]
      [Ref Enq: 0.2 ms]
      [Free CSet: 5.3 ms]
   [Eden: 971.0M(971.0M)->0.0B(945.0M) Survivors: 53.0M->79.0M Heap: 2050.6M(3072.0M)->803.1M(3072.0M)]
 [Times: user=0.74 sys=0.00, real=0.38 secs] 
28793.070: [GC pause (mixed)
Desired survivor size 67108864 bytes, new threshold 3 (max 32)
- age   1:   43917616 bytes,   43917616 total
- age   2:   20334864 bytes,   64252480 total
- age   3:    4589560 bytes,   68842040 total
- age   4:   10195104 bytes,   79037144 total
, 0.5552930 secs]
   [Parallel Time: 546.5 ms, GC Workers: 2]
      [GC Worker Start (ms): Min: 28793071.0, Avg: 28793071.0, Max: 28793071.0, Diff: 0.0]
      [Ext Root Scanning (ms): Min: 60.9, Avg: 66.8, Max: 72.6, Diff: 11.6, Sum: 133.5]
      [Update RS (ms): Min: 43.7, Avg: 52.1, Max: 60.5, Diff: 16.8, Sum: 104.2]
         [Processed Buffers: Min: 75, Avg: 150.5, Max: 226, Diff: 151, Sum: 301]
      [Scan RS (ms): Min: 39.7, Avg: 39.8, Max: 39.9, Diff: 0.1, Sum: 79.6]
      [Object Copy (ms): Min: 385.1, Avg: 387.6, Max: 390.1, Diff: 5.0, Sum: 775.2]
      [Termination (ms): Min: 0.0, Avg: 0.0, Max: 0.0, Diff: 0.0, Sum: 0.0]
      [GC Worker Other (ms): Min: 0.1, Avg: 0.1, Max: 0.1, Diff: 0.0, Sum: 0.2]
      [GC Worker Total (ms): Min: 546.4, Avg: 546.4, Max: 546.4, Diff: 0.0, Sum: 1092.8]
      [GC Worker End (ms): Min: 28793617.4, Avg: 28793617.4, Max: 28793617.4, Diff: 0.0]
   [Code Root Fixup: 0.0 ms]
   [Clear CT: 0.8 ms]
   [Other: 8.0 ms]
      [Choose CSet: 0.4 ms]
      [Ref Proc: 3.0 ms]
      [Ref Enq: 0.0 ms]
      [Free CSet: 2.8 ms]
   [Eden: 945.0M(945.0M)->0.0B(896.0M) Survivors: 79.0M->128.0M Heap: 1752.1M(3072.0M)->870.6M(3072.0M)]
 [Times: user=1.10 sys=0.00, real=0.56 secs] 
28798.483: [GC pause (young)
Desired survivor size 67108864 bytes, new threshold 1 (max 32)
- age   1:  109057232 bytes,  109057232 total
- age   2:   32924488 bytes,  141981720 total
- age   3:   17829168 bytes,  159810888 total
, 0.8041520 secs]
   [Parallel Time: 790.6 ms, GC Workers: 2]
      [GC Worker Start (ms): Min: 28798484.3, Avg: 28798484.3, Max: 28798484.3, Diff: 0.0]
      [Ext Root Scanning (ms): Min: 57.5, Avg: 65.5, Max: 73.5, Diff: 16.1, Sum: 131.0]
      [Update RS (ms): Min: 73.5, Avg: 84.7, Max: 95.9, Diff: 22.4, Sum: 169.4]
         [Processed Buffers: Min: 70, Avg: 154.5, Max: 239, Diff: 169, Sum: 309]
      [Scan RS (ms): Min: 119.8, Avg: 119.9, Max: 120.0, Diff: 0.1, Sum: 239.8]
      [Object Copy (ms): Min: 516.9, Avg: 520.2, Max: 523.4, Diff: 6.4, Sum: 1040.3]
      [Termination (ms): Min: 0.0, Avg: 0.0, Max: 0.0, Diff: 0.0, Sum: 0.0]
      [GC Worker Other (ms): Min: 0.1, Avg: 0.1, Max: 0.2, Diff: 0.1, Sum: 0.3]
      [GC Worker Total (ms): Min: 790.4, Avg: 790.4, Max: 790.5, Diff: 0.1, Sum: 1580.8]
      [GC Worker End (ms): Min: 28799274.7, Avg: 28799274.7, Max: 28799274.8, Diff: 0.1]
   [Code Root Fixup: 0.0 ms]
   [Clear CT: 0.9 ms]
   [Other: 12.6 ms]
      [Choose CSet: 0.0 ms]
      [Ref Proc: 2.8 ms]
      [Ref Enq: 0.1 ms]
      [Free CSet: 5.9 ms]
   [Eden: 896.0M(896.0M)->0.0B(942.0M) Survivors: 128.0M->82.0M Heap: 1772.1M(3072.0M)->945.1M(3072.0M)]
 [Times: user=1.57 sys=0.02, real=0.81 secs] 
28804.702: [GC pause (young)
Desired survivor size 67108864 bytes, new threshold 1 (max 32)
- age   1:   84032496 bytes,   84032496 total
, 0.5286210 secs]
   [Parallel Time: 515.4 ms, GC Workers: 2]
      [GC Worker Start (ms): Min: 28804703.6, Avg: 28804703.6, Max: 28804703.6, Diff: 0.0]
      [Ext Root Scanning (ms): Min: 58.6, Avg: 65.2, Max: 71.7, Diff: 13.1, Sum: 130.3]
      [Update RS (ms): Min: 66.6, Avg: 75.5, Max: 84.4, Diff: 17.8, Sum: 151.1]
         [Processed Buffers: Min: 95, Avg: 167.5, Max: 240, Diff: 145, Sum: 335]
      [Scan RS (ms): Min: 87.7, Avg: 87.8, Max: 87.9, Diff: 0.2, Sum: 175.5]
      [Object Copy (ms): Min: 284.1, Avg: 286.6, Max: 289.0, Diff: 4.9, Sum: 573.1]
      [Termination (ms): Min: 0.0, Avg: 0.0, Max: 0.0, Diff: 0.0, Sum: 0.0]
      [GC Worker Other (ms): Min: 0.1, Avg: 0.1, Max: 0.1, Diff: 0.0, Sum: 0.2]
      [GC Worker Total (ms): Min: 515.1, Avg: 515.1, Max: 515.1, Diff: 0.0, Sum: 1030.3]
      [GC Worker End (ms): Min: 28805218.8, Avg: 28805218.8, Max: 28805218.8, Diff: 0.0]
   [Code Root Fixup: 0.0 ms]
   [Clear CT: 0.6 ms]
   [Other: 12.6 ms]
      [Choose CSet: 0.0 ms]
      [Ref Proc: 4.0 ms]
      [Ref Enq: 0.1 ms]
      [Free CSet: 5.0 ms]
   [Eden: 942.0M(942.0M)->0.0B(978.0M) Survivors: 82.0M->46.0M Heap: 1947.7M(3072.0M)->1044.7M(3072.0M)]
 [Times: user=1.04 sys=0.00, real=0.53 secs] 
28811.031: [GC pause (young)
Desired survivor size 67108864 bytes, new threshold 16 (max 32)
- age   1:   44759232 bytes,   44759232 total
, 0.4025150 secs]
   [Parallel Time: 391.7 ms, GC Workers: 2]
      [GC Worker Start (ms): Min: 28811032.1, Avg: 28811032.1, Max: 28811032.2, Diff: 0.0]
      [Ext Root Scanning (ms): Min: 52.5, Avg: 63.9, Max: 75.4, Diff: 22.9, Sum: 127.9]
      [Update RS (ms): Min: 44.7, Avg: 55.1, Max: 65.6, Diff: 20.9, Sum: 110.3]
         [Processed Buffers: Min: 108, Avg: 138.5, Max: 169, Diff: 61, Sum: 277]
      [Scan RS (ms): Min: 67.3, Avg: 67.4, Max: 67.5, Diff: 0.2, Sum: 134.9]
      [Object Copy (ms): Min: 203.9, Avg: 205.0, Max: 206.0, Diff: 2.1, Sum: 409.9]
      [Termination (ms): Min: 0.0, Avg: 0.0, Max: 0.0, Diff: 0.0, Sum: 0.0]
      [GC Worker Other (ms): Min: 0.1, Avg: 0.1, Max: 0.1, Diff: 0.0, Sum: 0.2]
      [GC Worker Total (ms): Min: 391.6, Avg: 391.6, Max: 391.6, Diff: 0.0, Sum: 783.2]
      [GC Worker End (ms): Min: 28811423.7, Avg: 28811423.7, Max: 28811423.7, Diff: 0.0]
   [Code Root Fixup: 0.0 ms]
   [Clear CT: 1.2 ms]
   [Other: 9.6 ms]
      [Choose CSet: 0.0 ms]
      [Ref Proc: 2.7 ms]
      [Ref Enq: 0.0 ms]
      [Free CSet: 4.7 ms]
   [Eden: 978.0M(978.0M)->0.0B(937.0M) Survivors: 46.0M->87.0M Heap: 2042.4M(3072.0M)->1105.4M(3072.0M)]
 [Times: user=0.79 sys=0.00, real=0.40 secs] 
28816.677: [GC pause (young)
Desired survivor size 67108864 bytes, new threshold 2 (max 32)
- age   1:   47951512 bytes,   47951512 total
- age   2:   39929152 bytes,   87880664 total
, 0.4861940 secs]
   [Parallel Time: 474.4 ms, GC Workers: 2]
      [GC Worker Start (ms): Min: 28816678.9, Avg: 28816678.9, Max: 28816679.0, Diff: 0.1]
      [Ext Root Scanning (ms): Min: 58.8, Avg: 64.5, Max: 70.2, Diff: 11.4, Sum: 129.0]
      [Update RS (ms): Min: 58.5, Avg: 66.1, Max: 73.6, Diff: 15.1, Sum: 132.1]
         [Processed Buffers: Min: 59, Avg: 144.5, Max: 230, Diff: 171, Sum: 289]
      [Scan RS (ms): Min: 74.3, Avg: 74.4, Max: 74.4, Diff: 0.1, Sum: 148.7]
      [Object Copy (ms): Min: 267.5, Avg: 269.2, Max: 271.0, Diff: 3.5, Sum: 538.5]
      [Termination (ms): Min: 0.0, Avg: 0.0, Max: 0.0, Diff: 0.0, Sum: 0.0]
      [GC Worker Other (ms): Min: 0.1, Avg: 0.1, Max: 0.1, Diff: 0.0, Sum: 0.2]
      [GC Worker Total (ms): Min: 474.3, Avg: 474.3, Max: 474.3, Diff: 0.1, Sum: 948.6]
      [GC Worker End (ms): Min: 28817153.2, Avg: 28817153.2, Max: 28817153.2, Diff: 0.0]
   [Code Root Fixup: 0.0 ms]
   [Clear CT: 0.7 ms]
   [Other: 11.1 ms]
      [Choose CSet: 0.0 ms]
      [Ref Proc: 2.9 ms]
      [Ref Enq: 0.1 ms]
      [Free CSet: 5.4 ms]
   [Eden: 937.0M(937.0M)->0.0B(946.0M) Survivors: 87.0M->78.0M Heap: 2053.4M(3072.0M)->1144.4M(3072.0M)]
 [Times: user=0.95 sys=0.00, real=0.49 secs] 
28822.307: [GC pause (young)
Desired survivor size 67108864 bytes, new threshold 2 (max 32)
- age   1:   39972576 bytes,   39972576 total
- age   2:   39326120 bytes,   79298696 total
, 0.5836100 secs]
   [Parallel Time: 569.1 ms, GC Workers: 2]
      [GC Worker Start (ms): Min: 28822308.8, Avg: 28822308.8, Max: 28822308.8, Diff: 0.0]
      [Ext Root Scanning (ms): Min: 57.2, Avg: 67.5, Max: 77.7, Diff: 20.4, Sum: 134.9]
      [Update RS (ms): Min: 43.5, Avg: 56.6, Max: 69.6, Diff: 26.1, Sum: 113.1]
         [Processed Buffers: Min: 36, Avg: 137.0, Max: 238, Diff: 202, Sum: 274]
      [Scan RS (ms): Min: 117.2, Avg: 117.3, Max: 117.5, Diff: 0.3, Sum: 234.7]
      [Object Copy (ms): Min: 324.8, Avg: 327.5, Max: 330.3, Diff: 5.5, Sum: 655.1]
      [Termination (ms): Min: 0.0, Avg: 0.0, Max: 0.0, Diff: 0.0, Sum: 0.0]
      [GC Worker Other (ms): Min: 0.1, Avg: 0.2, Max: 0.2, Diff: 0.1, Sum: 0.3]
      [GC Worker Total (ms): Min: 569.1, Avg: 569.1, Max: 569.1, Diff: 0.0, Sum: 1138.1]
      [GC Worker End (ms): Min: 28822877.9, Avg: 28822877.9, Max: 28822877.9, Diff: 0.0]
   [Code Root Fixup: 0.0 ms]
   [Clear CT: 0.7 ms]
   [Other: 13.7 ms]
      [Choose CSet: 0.0 ms]
      [Ref Proc: 3.2 ms]
      [Ref Enq: 0.0 ms]
      [Free CSet: 7.4 ms]
   [Eden: 946.0M(946.0M)->0.0B(926.0M) Survivors: 78.0M->98.0M Heap: 2100.4M(3072.0M)->1209.9M(3072.0M)]
 [Times: user=1.14 sys=0.01, real=0.59 secs] 
28828.339: [GC pause (young)
Desired survivor size 67108864 bytes, new threshold 2 (max 32)
- age   1:   64774264 bytes,   64774264 total
- age   2:   36714080 bytes,  101488344 total
, 0.5450800 secs]
   [Parallel Time: 531.6 ms, GC Workers: 2]
      [GC Worker Start (ms): Min: 28828340.2, Avg: 28828340.2, Max: 28828340.2, Diff: 0.0]
      [Ext Root Scanning (ms): Min: 60.9, Avg: 67.5, Max: 74.1, Diff: 13.1, Sum: 135.0]
      [Update RS (ms): Min: 37.1, Avg: 46.0, Max: 54.8, Diff: 17.6, Sum: 91.9]
         [Processed Buffers: Min: 97, Avg: 133.0, Max: 169, Diff: 72, Sum: 266]
      [Scan RS (ms): Min: 104.8, Avg: 104.9, Max: 105.0, Diff: 0.2, Sum: 209.8]
      [Object Copy (ms): Min: 310.8, Avg: 313.0, Max: 315.2, Diff: 4.3, Sum: 626.0]
      [Termination (ms): Min: 0.0, Avg: 0.0, Max: 0.0, Diff: 0.0, Sum: 0.0]
      [GC Worker Other (ms): Min: 0.1, Avg: 0.1, Max: 0.1, Diff: 0.0, Sum: 0.2]
      [GC Worker Total (ms): Min: 531.5, Avg: 531.5, Max: 531.5, Diff: 0.0, Sum: 1063.0]
      [GC Worker End (ms): Min: 28828871.7, Avg: 28828871.7, Max: 28828871.7, Diff: 0.0]
   [Code Root Fixup: 0.0 ms]
   [Clear CT: 0.8 ms]
   [Other: 12.7 ms]
      [Choose CSet: 0.0 ms]
      [Ref Proc: 4.0 ms]
      [Ref Enq: 0.1 ms]
      [Free CSet: 5.7 ms]
   [Eden: 926.0M(926.0M)->0.0B(923.0M) Survivors: 98.0M->101.0M Heap: 2139.9M(3072.0M)->1250.9M(3072.0M)]
 [Times: user=1.07 sys=0.00, real=0.55 secs] 
28834.641: [GC pause (young)
Desired survivor size 67108864 bytes, new threshold 2 (max 32)
- age   1:   48986792 bytes,   48986792 total
- age   2:   54001672 bytes,  102988464 total
, 0.5390630 secs]
   [Parallel Time: 527.1 ms, GC Workers: 2]
      [GC Worker Start (ms): Min: 28834643.0, Avg: 28834643.0, Max: 28834643.0, Diff: 0.0]
      [Ext Root Scanning (ms): Min: 58.6, Avg: 66.4, Max: 74.2, Diff: 15.6, Sum: 132.8]
      [Update RS (ms): Min: 39.4, Avg: 50.0, Max: 60.6, Diff: 21.2, Sum: 99.9]
         [Processed Buffers: Min: 88, Avg: 155.0, Max: 222, Diff: 134, Sum: 310]
      [Scan RS (ms): Min: 88.4, Avg: 88.4, Max: 88.4, Diff: 0.0, Sum: 176.8]
      [Object Copy (ms): Min: 319.2, Avg: 322.0, Max: 324.8, Diff: 5.6, Sum: 644.0]
      [Termination (ms): Min: 0.0, Avg: 0.0, Max: 0.0, Diff: 0.0, Sum: 0.0]
      [GC Worker Other (ms): Min: 0.1, Avg: 0.1, Max: 0.1, Diff: 0.0, Sum: 0.2]
      [GC Worker Total (ms): Min: 526.9, Avg: 526.9, Max: 526.9, Diff: 0.0, Sum: 1053.8]
      [GC Worker End (ms): Min: 28835169.9, Avg: 28835169.9, Max: 28835169.9, Diff: 0.0]
   [Code Root Fixup: 0.0 ms]
   [Clear CT: 0.8 ms]
   [Other: 11.2 ms]
      [Choose CSet: 0.0 ms]
      [Ref Proc: 3.0 ms]
      [Ref Enq: 0.0 ms]
      [Free CSet: 4.9 ms]
   [Eden: 923.0M(923.0M)->0.0B(945.0M) Survivors: 101.0M->79.0M Heap: 2223.3M(3072.0M)->1327.3M(3072.0M)]
 [Times: user=1.06 sys=0.01, real=0.54 secs] 
28840.046: [GC pause (young)
Desired survivor size 67108864 bytes, new threshold 2 (max 32)
- age   1:   36892904 bytes,   36892904 total
- age   2:   43585952 bytes,   80478856 total
, 0.4887070 secs]
   [Parallel Time: 477.3 ms, GC Workers: 2]
      [GC Worker Start (ms): Min: 28840048.2, Avg: 28840048.2, Max: 28840048.2, Diff: 0.0]
      [Ext Root Scanning (ms): Min: 58.0, Avg: 66.9, Max: 75.9, Diff: 17.9, Sum: 133.9]
      [Update RS (ms): Min: 59.8, Avg: 71.2, Max: 82.5, Diff: 22.7, Sum: 142.4]
         [Processed Buffers: Min: 85, Avg: 144.0, Max: 203, Diff: 118, Sum: 288]
      [Scan RS (ms): Min: 78.3, Avg: 78.4, Max: 78.4, Diff: 0.1, Sum: 156.7]
      [Object Copy (ms): Min: 258.1, Avg: 260.5, Max: 262.9, Diff: 4.8, Sum: 521.1]
      [Termination (ms): Min: 0.0, Avg: 0.0, Max: 0.0, Diff: 0.0, Sum: 0.0]
      [GC Worker Other (ms): Min: 0.1, Avg: 0.1, Max: 0.1, Diff: 0.0, Sum: 0.3]
      [GC Worker Total (ms): Min: 477.1, Avg: 477.2, Max: 477.2, Diff: 0.1, Sum: 954.3]
      [GC Worker End (ms): Min: 28840525.3, Avg: 28840525.3, Max: 28840525.4, Diff: 0.0]
   [Code Root Fixup: 0.0 ms]
   [Clear CT: 0.7 ms]
   [Other: 10.7 ms]
      [Choose CSet: 0.0 ms]
      [Ref Proc: 3.3 ms]
      [Ref Enq: 0.0 ms]
      [Free CSet: 4.5 ms]
   [Eden: 945.0M(945.0M)->0.0B(952.0M) Survivors: 79.0M->72.0M Heap: 2277.8M(3072.0M)->1367.3M(3072.0M)]
 [Times: user=0.96 sys=0.01, real=0.49 secs] 
28840.576: [GC pause (young) (initial-mark)
Desired survivor size 67108864 bytes, new threshold 2 (max 32)
- age   1:   41052208 bytes,   41052208 total
- age   2:   32905168 bytes,   73957376 total
, 0.4123860 secs]
   [Parallel Time: 409.8 ms, GC Workers: 2]
      [GC Worker Start (ms): Min: 28840576.4, Avg: 28840576.4, Max: 28840576.5, Diff: 0.1]
      [Ext Root Scanning (ms): Min: 65.4, Avg: 71.7, Max: 78.1, Diff: 12.6, Sum: 143.5]
      [Update RS (ms): Min: 157.7, Avg: 171.1, Max: 184.4, Diff: 26.7, Sum: 342.1]
         [Processed Buffers: Min: 250, Avg: 302.5, Max: 355, Diff: 105, Sum: 605]
      [Scan RS (ms): Min: 2.8, Avg: 2.8, Max: 2.8, Diff: 0.0, Sum: 5.6]
      [Object Copy (ms): Min: 156.2, Avg: 163.4, Max: 170.6, Diff: 14.4, Sum: 326.8]
      [Termination (ms): Min: 0.5, Avg: 0.7, Max: 0.8, Diff: 0.3, Sum: 1.4]
      [GC Worker Other (ms): Min: 0.1, Avg: 0.1, Max: 0.1, Diff: 0.1, Sum: 0.2]
      [GC Worker Total (ms): Min: 409.7, Avg: 409.7, Max: 409.8, Diff: 0.1, Sum: 819.5]
      [GC Worker End (ms): Min: 28840986.2, Avg: 28840986.2, Max: 28840986.2, Diff: 0.0]
   [Code Root Fixup: 0.0 ms]
   [Clear CT: 0.2 ms]
   [Other: 2.4 ms]
      [Choose CSet: 0.0 ms]
      [Ref Proc: 0.2 ms]
      [Ref Enq: 0.0 ms]
      [Free CSet: 0.3 ms]
   [Eden: 8192.0K(952.0M)->0.0B(983.0M) Survivors: 72.0M->41.0M Heap: 1375.3M(3072.0M)->1363.8M(3072.0M)]
 [Times: user=0.82 sys=0.00, real=0.41 secs] 
28840.988: [GC concurrent-root-region-scan-start]
28841.164: [GC concurrent-root-region-scan-end, 0.1755960 secs]
28841.164: [GC concurrent-mark-start]
28843.527: [GC pause (young)
Desired survivor size 67108864 bytes, new threshold 16 (max 32)
- age   1:    5623800 bytes,    5623800 total
- age   2:   36326480 bytes,   41950280 total
, 0.2659940 secs]
   [Parallel Time: 256.4 ms, GC Workers: 2]
      [GC Worker Start (ms): Min: 28843527.7, Avg: 28843527.7, Max: 28843527.7, Diff: 0.0]
      [Ext Root Scanning (ms): Min: 60.5, Avg: 69.7, Max: 78.8, Diff: 18.2, Sum: 139.3]
      [SATB Filtering (ms): Min: 0.0, Avg: 0.4, Max: 0.7, Diff: 0.7, Sum: 0.7]
      [Update RS (ms): Min: 75.0, Avg: 86.0, Max: 97.0, Diff: 22.0, Sum: 172.0]
         [Processed Buffers: Min: 180, Avg: 195.0, Max: 210, Diff: 30, Sum: 390]
      [Scan RS (ms): Min: 20.4, Avg: 20.6, Max: 20.8, Diff: 0.4, Sum: 41.3]
      [Object Copy (ms): Min: 77.1, Avg: 79.5, Max: 82.0, Diff: 4.9, Sum: 159.1]
      [Termination (ms): Min: 0.0, Avg: 0.0, Max: 0.0, Diff: 0.0, Sum: 0.0]
      [GC Worker Other (ms): Min: 0.1, Avg: 0.1, Max: 0.1, Diff: 0.0, Sum: 0.2]
      [GC Worker Total (ms): Min: 256.3, Avg: 256.3, Max: 256.3, Diff: 0.0, Sum: 512.5]
      [GC Worker End (ms): Min: 28843784.0, Avg: 28843784.0, Max: 28843784.0, Diff: 0.0]
   [Code Root Fixup: 0.0 ms]
   [Clear CT: 0.6 ms]
   [Other: 9.0 ms]
      [Choose CSet: 0.0 ms]
      [Ref Proc: 6.6 ms]
      [Ref Enq: 0.1 ms]
      [Free CSet: 1.1 ms]
   [Eden: 279.0M(983.0M)->0.0B(981.0M) Survivors: 41.0M->43.0M Heap: 1755.0M(3072.0M)->1477.8M(3072.0M)]
 [Times: user=0.52 sys=0.00, real=0.26 secs] 
28845.177: [GC concurrent-mark-end, 4.0133800 secs]
28845.180: [GC remark 28845.182: [GC ref-proc, 0.4562360 secs], 0.5305120 secs]
 [Times: user=0.53 sys=0.00, real=0.53 secs] 
28845.713: [GC cleanup 1661M->1462M(3072M), 0.0273680 secs]
 [Times: user=0.06 sys=0.00, real=0.03 secs] 
28845.741: [GC concurrent-cleanup-start]
28845.741: [GC concurrent-cleanup-end, 0.0005560 secs]
28849.496: [GC pause (young)
Desired survivor size 67108864 bytes, new threshold 16 (max 32)
- age   1:    8859784 bytes,    8859784 total
- age   2:    5247248 bytes,   14107032 total
- age   3:   29585656 bytes,   43692688 total
, 0.5996560 secs]
   [Parallel Time: 591.8 ms, GC Workers: 2]
      [GC Worker Start (ms): Min: 28849497.0, Avg: 28849497.0, Max: 28849497.1, Diff: 0.0]
      [Ext Root Scanning (ms): Min: 57.7, Avg: 65.1, Max: 72.4, Diff: 14.7, Sum: 130.1]
      [Update RS (ms): Min: 14.8, Avg: 24.0, Max: 33.1, Diff: 18.3, Sum: 47.9]
         [Processed Buffers: Min: 123, Avg: 132.5, Max: 142, Diff: 19, Sum: 265]
      [Scan RS (ms): Min: 55.7, Avg: 55.9, Max: 56.1, Diff: 0.4, Sum: 111.8]
      [Object Copy (ms): Min: 444.7, Avg: 446.7, Max: 448.6, Diff: 3.9, Sum: 893.3]
      [Termination (ms): Min: 0.0, Avg: 0.0, Max: 0.1, Diff: 0.1, Sum: 0.1]
      [GC Worker Other (ms): Min: 0.1, Avg: 0.1, Max: 0.1, Diff: 0.0, Sum: 0.1]
      [GC Worker Total (ms): Min: 591.7, Avg: 591.7, Max: 591.7, Diff: 0.1, Sum: 1183.4]
      [GC Worker End (ms): Min: 28850088.7, Avg: 28850088.7, Max: 28850088.8, Diff: 0.0]
   [Code Root Fixup: 0.0 ms]
   [Clear CT: 0.7 ms]
   [Other: 7.1 ms]
      [Choose CSet: 0.0 ms]
      [Ref Proc: 2.4 ms]
      [Ref Enq: 0.0 ms]
      [Free CSet: 3.0 ms]
   [Eden: 981.0M(981.0M)->0.0B(896.0M) Survivors: 43.0M->128.0M Heap: 2284.0M(3072.0M)->1436.5M(3072.0M)]
 [Times: user=1.19 sys=0.00, real=0.60 secs] 
28854.156: [GC pause (mixed)
Desired survivor size 67108864 bytes, new threshold 1 (max 32)
- age   1:  146854024 bytes,  146854024 total
- age   2:    6048552 bytes,  152902576 total
- age   3:    1441608 bytes,  154344184 total
- age   4:   25178432 bytes,  179522616 total
, 0.5830850 secs]
   [Parallel Time: 570.1 ms, GC Workers: 2]
      [GC Worker Start (ms): Min: 28854157.7, Avg: 28854157.7, Max: 28854157.7, Diff: 0.0]
      [Ext Root Scanning (ms): Min: 63.7, Avg: 68.7, Max: 73.7, Diff: 10.0, Sum: 137.3]
      [Update RS (ms): Min: 15.3, Avg: 23.2, Max: 31.0, Diff: 15.7, Sum: 46.3]
         [Processed Buffers: Min: 98, Avg: 130.0, Max: 162, Diff: 64, Sum: 260]
      [Scan RS (ms): Min: 129.2, Avg: 129.3, Max: 129.4, Diff: 0.3, Sum: 258.6]
      [Object Copy (ms): Min: 345.7, Avg: 348.7, Max: 351.6, Diff: 6.0, Sum: 697.3]
      [Termination (ms): Min: 0.0, Avg: 0.0, Max: 0.0, Diff: 0.0, Sum: 0.0]
      [GC Worker Other (ms): Min: 0.1, Avg: 0.1, Max: 0.2, Diff: 0.1, Sum: 0.3]
      [GC Worker Total (ms): Min: 569.9, Avg: 569.9, Max: 570.0, Diff: 0.1, Sum: 1139.9]
      [GC Worker End (ms): Min: 28854727.6, Avg: 28854727.6, Max: 28854727.6, Diff: 0.1]
   [Code Root Fixup: 0.0 ms]
   [Clear CT: 0.9 ms]
   [Other: 12.0 ms]
      [Choose CSet: 0.7 ms]
      [Ref Proc: 4.6 ms]
      [Ref Enq: 0.1 ms]
      [Free CSet: 4.0 ms]
   [Eden: 896.0M(896.0M)->0.0B(955.0M) Survivors: 128.0M->69.0M Heap: 2353.2M(3072.0M)->1419.7M(3072.0M)]
 [Times: user=1.14 sys=0.01, real=0.59 secs] 
28859.343: [GC pause (mixed)
Desired survivor size 67108864 bytes, new threshold 1 (max 32)
- age   1:   69103712 bytes,   69103712 total
, 0.3133760 secs]
   [Parallel Time: 300.5 ms, GC Workers: 2]
      [GC Worker Start (ms): Min: 28859344.7, Avg: 28859344.7, Max: 28859344.7, Diff: 0.1]
      [Ext Root Scanning (ms): Min: 59.7, Avg: 67.4, Max: 75.0, Diff: 15.3, Sum: 134.7]
      [Update RS (ms): Min: 7.5, Avg: 17.3, Max: 27.2, Diff: 19.7, Sum: 34.7]
         [Processed Buffers: Min: 90, Avg: 135.0, Max: 180, Diff: 90, Sum: 270]
      [Scan RS (ms): Min: 66.4, Avg: 66.4, Max: 66.5, Diff: 0.1, Sum: 132.9]
      [Object Copy (ms): Min: 147.0, Avg: 149.1, Max: 151.2, Diff: 4.2, Sum: 298.2]
      [Termination (ms): Min: 0.0, Avg: 0.0, Max: 0.0, Diff: 0.0, Sum: 0.0]
      [GC Worker Other (ms): Min: 0.1, Avg: 0.1, Max: 0.1, Diff: 0.0, Sum: 0.2]
      [GC Worker Total (ms): Min: 300.3, Avg: 300.3, Max: 300.4, Diff: 0.1, Sum: 600.7]
      [GC Worker End (ms): Min: 28859645.0, Avg: 28859645.0, Max: 28859645.0, Diff: 0.0]
   [Code Root Fixup: 0.0 ms]
   [Clear CT: 1.6 ms]
   [Other: 11.3 ms]
      [Choose CSet: 1.0 ms]
      [Ref Proc: 4.6 ms]
      [Ref Enq: 0.1 ms]
      [Free CSet: 3.5 ms]
   [Eden: 955.0M(955.0M)->0.0B(1000.0M) Survivors: 69.0M->24.0M Heap: 2382.2M(3072.0M)->1366.7M(3072.0M)]
 [Times: user=0.61 sys=0.01, real=0.31 secs] 
28859.780: [GC pause (young) (initial-mark)
Desired survivor size 67108864 bytes, new threshold 16 (max 32)
- age   1:   21953544 bytes,   21953544 total
, 0.2453620 secs]
   [Parallel Time: 242.8 ms, GC Workers: 2]
      [GC Worker Start (ms): Min: 28859780.3, Avg: 28859780.4, Max: 28859780.4, Diff: 0.0]
      [Ext Root Scanning (ms): Min: 52.9, Avg: 66.1, Max: 79.3, Diff: 26.4, Sum: 132.2]
      [Update RS (ms): Min: 91.0, Avg: 104.1, Max: 117.2, Diff: 26.2, Sum: 208.2]
         [Processed Buffers: Min: 208, Avg: 209.0, Max: 210, Diff: 2, Sum: 418]
      [Scan RS (ms): Min: 0.9, Avg: 0.9, Max: 0.9, Diff: 0.0, Sum: 1.7]
      [Object Copy (ms): Min: 71.5, Avg: 71.5, Max: 71.6, Diff: 0.1, Sum: 143.1]
      [Termination (ms): Min: 0.0, Avg: 0.0, Max: 0.0, Diff: 0.0, Sum: 0.0]
      [GC Worker Other (ms): Min: 0.0, Avg: 0.1, Max: 0.2, Diff: 0.1, Sum: 0.2]
      [GC Worker Total (ms): Min: 242.7, Avg: 242.7, Max: 242.7, Diff: 0.1, Sum: 485.4]
      [GC Worker End (ms): Min: 28860023.0, Avg: 28860023.1, Max: 28860023.1, Diff: 0.0]
   [Code Root Fixup: 0.0 ms]
   [Clear CT: 0.3 ms]
   [Other: 2.2 ms]
      [Choose CSet: 0.0 ms]
      [Ref Proc: 0.5 ms]
      [Ref Enq: 0.0 ms]
      [Free CSet: 0.3 ms]
   [Eden: 32.0M(1000.0M)->0.0B(997.0M) Survivors: 24.0M->27.0M Heap: 1398.7M(3072.0M)->1370.2M(3072.0M)]
 [Times: user=0.49 sys=0.00, real=0.24 secs] 
28860.025: [GC concurrent-root-region-scan-start]
28860.098: [GC concurrent-root-region-scan-end, 0.0724630 secs]
28860.098: [GC concurrent-mark-start]
28861.247: [GC concurrent-mark-end, 1.1495890 secs]
28861.249: [GC remark 28861.250: [GC ref-proc, 0.0173260 secs], 0.0939970 secs]
 [Times: user=0.09 sys=0.00, real=0.09 secs] 
28861.344: [GC cleanup 1541M->1219M(3072M), 0.0256710 secs]
 [Times: user=0.05 sys=0.00, real=0.03 secs] 
28861.370: [GC concurrent-cleanup-start]
28861.371: [GC concurrent-cleanup-end, 0.0008510 secs]
28867.188: [GC pause (young)
Desired survivor size 67108864 bytes, new threshold 16 (max 32)
- age   1:    6294312 bytes,    6294312 total
- age   2:   20750992 bytes,   27045304 total
, 0.2186800 secs]
   [Parallel Time: 207.3 ms, GC Workers: 2]
      [GC Worker Start (ms): Min: 28867189.2, Avg: 28867189.2, Max: 28867189.2, Diff: 0.0]
      [Ext Root Scanning (ms): Min: 53.5, Avg: 66.3, Max: 79.1, Diff: 25.6, Sum: 132.5]
      [Update RS (ms): Min: 5.8, Avg: 17.5, Max: 29.2, Diff: 23.5, Sum: 35.0]
         [Processed Buffers: Min: 130, Avg: 154.0, Max: 178, Diff: 48, Sum: 308]
      [Scan RS (ms): Min: 15.0, Avg: 15.2, Max: 15.5, Diff: 0.5, Sum: 30.5]
      [Object Copy (ms): Min: 106.8, Avg: 108.1, Max: 109.4, Diff: 2.6, Sum: 216.3]
      [Termination (ms): Min: 0.0, Avg: 0.0, Max: 0.0, Diff: 0.0, Sum: 0.0]
      [GC Worker Other (ms): Min: 0.1, Avg: 0.1, Max: 0.1, Diff: 0.0, Sum: 0.2]
      [GC Worker Total (ms): Min: 207.2, Avg: 207.2, Max: 207.3, Diff: 0.0, Sum: 414.5]
      [GC Worker End (ms): Min: 28867396.4, Avg: 28867396.4, Max: 28867396.4, Diff: 0.0]
   [Code Root Fixup: 0.0 ms]
   [Clear CT: 0.7 ms]
   [Other: 10.6 ms]
      [Choose CSet: 0.0 ms]
      [Ref Proc: 7.1 ms]
      [Ref Enq: 0.1 ms]
      [Free CSet: 2.2 ms]
   [Eden: 997.0M(997.0M)->0.0B(968.0M) Survivors: 27.0M->56.0M Heap: 2086.9M(3072.0M)->1118.4M(3072.0M)]
 [Times: user=0.42 sys=0.00, real=0.22 secs] 
28872.316: [GC pause (mixed)
Desired survivor size 67108864 bytes, new threshold 16 (max 32)
- age   1:   43135976 bytes,   43135976 total
- age   2:     210680 bytes,   43346656 total
- age   3:   10821248 bytes,   54167904 total
, 0.3814220 secs]
   [Parallel Time: 372.5 ms, GC Workers: 2]
      [GC Worker Start (ms): Min: 28872317.6, Avg: 28872317.6, Max: 28872317.6, Diff: 0.0]
      [Ext Root Scanning (ms): Min: 61.8, Avg: 68.4, Max: 74.9, Diff: 13.1, Sum: 136.7]
      [Update RS (ms): Min: 11.7, Avg: 21.2, Max: 30.7, Diff: 19.0, Sum: 42.3]
         [Processed Buffers: Min: 136, Avg: 139.5, Max: 143, Diff: 7, Sum: 279]
      [Scan RS (ms): Min: 30.3, Avg: 30.4, Max: 30.5, Diff: 0.1, Sum: 60.8]
      [Object Copy (ms): Min: 249.2, Avg: 252.1, Max: 255.0, Diff: 5.8, Sum: 504.2]
      [Termination (ms): Min: 0.0, Avg: 0.0, Max: 0.0, Diff: 0.0, Sum: 0.0]
      [GC Worker Other (ms): Min: 0.1, Avg: 0.2, Max: 0.3, Diff: 0.2, Sum: 0.5]
      [GC Worker Total (ms): Min: 372.1, Avg: 372.3, Max: 372.4, Diff: 0.2, Sum: 744.5]
      [GC Worker End (ms): Min: 28872689.8, Avg: 28872689.9, Max: 28872690.0, Diff: 0.2]
   [Code Root Fixup: 0.0 ms]
   [Clear CT: 0.8 ms]
   [Other: 8.2 ms]
      [Choose CSet: 0.5 ms]
      [Ref Proc: 3.3 ms]
      [Ref Enq: 0.1 ms]
      [Free CSet: 3.3 ms]
   [Eden: 968.0M(968.0M)->0.0B(914.0M) Survivors: 56.0M->110.0M Heap: 2089.4M(3072.0M)->1072.9M(3072.0M)]
 [Times: user=0.75 sys=0.00, real=0.38 secs] 
28876.374: [GC pause (mixed)
Desired survivor size 67108864 bytes, new threshold 1 (max 32)
- age   1:   75341480 bytes,   75341480 total
- age   2:   28679848 bytes,  104021328 total
- age   3:      58464 bytes,  104079792 total
- age   4:    8212216 bytes,  112292008 total
, 0.4795850 secs]
   [Parallel Time: 468.7 ms, GC Workers: 2]
      [GC Worker Start (ms): Min: 28876375.4, Avg: 28876375.4, Max: 28876375.4, Diff: 0.0]
      [Ext Root Scanning (ms): Min: 57.8, Avg: 65.8, Max: 73.9, Diff: 16.1, Sum: 131.6]
      [Update RS (ms): Min: 33.4, Avg: 43.9, Max: 54.4, Diff: 21.1, Sum: 87.8]
         [Processed Buffers: Min: 143, Avg: 143.0, Max: 143, Diff: 0, Sum: 286]
      [Scan RS (ms): Min: 42.5, Avg: 42.5, Max: 42.5, Diff: 0.1, Sum: 85.0]
      [Object Copy (ms): Min: 313.7, Avg: 316.3, Max: 318.8, Diff: 5.1, Sum: 632.6]
      [Termination (ms): Min: 0.0, Avg: 0.0, Max: 0.0, Diff: 0.0, Sum: 0.0]
      [GC Worker Other (ms): Min: 0.1, Avg: 0.1, Max: 0.1, Diff: 0.1, Sum: 0.2]
      [GC Worker Total (ms): Min: 468.6, Avg: 468.6, Max: 468.6, Diff: 0.0, Sum: 937.2]
      [GC Worker End (ms): Min: 28876844.0, Avg: 28876844.0, Max: 28876844.0, Diff: 0.0]
   [Code Root Fixup: 0.0 ms]
   [Clear CT: 1.4 ms]
   [Other: 9.5 ms]
      [Choose CSet: 0.9 ms]
      [Ref Proc: 2.8 ms]
      [Ref Enq: 0.1 ms]
      [Free CSet: 3.4 ms]
   [Eden: 914.0M(914.0M)->0.0B(976.0M) Survivors: 110.0M->48.0M Heap: 2008.1M(3072.0M)->1029.6M(3072.0M)]
 [Times: user=0.94 sys=0.00, real=0.48 secs] 
28883.113: [GC pause (mixed)
Desired survivor size 67108864 bytes, new threshold 16 (max 32)
- age   1:   47877024 bytes,   47877024 total
, 0.3665470 secs]
   [Parallel Time: 350.9 ms, GC Workers: 2]
      [GC Worker Start (ms): Min: 28883115.6, Avg: 28883115.8, Max: 28883116.0, Diff: 0.4]
      [Ext Root Scanning (ms): Min: 57.3, Avg: 66.1, Max: 74.9, Diff: 17.6, Sum: 132.1]
      [Update RS (ms): Min: 24.3, Avg: 35.6, Max: 46.9, Diff: 22.6, Sum: 71.3]
         [Processed Buffers: Min: 140, Avg: 153.0, Max: 166, Diff: 26, Sum: 306]
      [Scan RS (ms): Min: 65.4, Avg: 65.5, Max: 65.6, Diff: 0.1, Sum: 131.0]
      [Object Copy (ms): Min: 180.6, Avg: 183.3, Max: 185.9, Diff: 5.2, Sum: 366.5]
      [Termination (ms): Min: 0.0, Avg: 0.0, Max: 0.0, Diff: 0.0, Sum: 0.0]
      [GC Worker Other (ms): Min: 0.1, Avg: 0.1, Max: 0.1, Diff: 0.0, Sum: 0.2]
      [GC Worker Total (ms): Min: 350.3, Avg: 350.6, Max: 350.8, Diff: 0.5, Sum: 701.2]
      [GC Worker End (ms): Min: 28883466.3, Avg: 28883466.4, Max: 28883466.4, Diff: 0.0]
   [Code Root Fixup: 0.0 ms]
   [Clear CT: 0.9 ms]
   [Other: 14.8 ms]
      [Choose CSet: 1.1 ms]
      [Ref Proc: 6.8 ms]
      [Ref Enq: 0.1 ms]
      [Free CSet: 4.7 ms]
   [Eden: 976.0M(976.0M)->0.0B(951.0M) Survivors: 48.0M->73.0M Heap: 2040.3M(3072.0M)->987.3M(3072.0M)]
 [Times: user=0.71 sys=0.00, real=0.36 secs] 
28888.792: [GC pause (mixed)
Desired survivor size 67108864 bytes, new threshold 2 (max 32)
- age   1:   38059000 bytes,   38059000 total
- age   2:   35046616 bytes,   73105616 total
, 0.3908030 secs]
   [Parallel Time: 377.8 ms, GC Workers: 2]
      [GC Worker Start (ms): Min: 28888794.1, Avg: 28888794.1, Max: 28888794.1, Diff: 0.0]
      [Ext Root Scanning (ms): Min: 57.5, Avg: 68.7, Max: 79.9, Diff: 22.4, Sum: 137.4]
      [Update RS (ms): Min: 21.9, Avg: 35.9, Max: 50.0, Diff: 28.1, Sum: 71.9]
         [Processed Buffers: Min: 102, Avg: 161.0, Max: 220, Diff: 118, Sum: 322]
      [Scan RS (ms): Min: 68.2, Avg: 68.2, Max: 68.2, Diff: 0.1, Sum: 136.4]
      [Object Copy (ms): Min: 201.9, Avg: 204.8, Max: 207.7, Diff: 5.8, Sum: 409.6]
      [Termination (ms): Min: 0.0, Avg: 0.0, Max: 0.0, Diff: 0.0, Sum: 0.0]
      [GC Worker Other (ms): Min: 0.1, Avg: 0.1, Max: 0.1, Diff: 0.0, Sum: 0.2]
      [GC Worker Total (ms): Min: 377.7, Avg: 377.7, Max: 377.7, Diff: 0.0, Sum: 755.4]
      [GC Worker End (ms): Min: 28889171.9, Avg: 28889171.9, Max: 28889171.9, Diff: 0.0]
   [Code Root Fixup: 0.0 ms]
   [Clear CT: 1.0 ms]
   [Other: 12.0 ms]
      [Choose CSet: 1.1 ms]
      [Ref Proc: 4.7 ms]
      [Ref Enq: 0.1 ms]
      [Free CSet: 4.2 ms]
   [Eden: 951.0M(951.0M)->0.0B(963.0M) Survivors: 73.0M->61.0M Heap: 1940.3M(3072.0M)->913.3M(3072.0M)]
 [Times: user=0.77 sys=0.00, real=0.39 secs] 
28893.721: [GC pause (young)
Desired survivor size 67108864 bytes, new threshold 16 (max 32)
- age   1:   40185872 bytes,   40185872 total
- age   2:   20202544 bytes,   60388416 total
, 0.5196410 secs]
   [Parallel Time: 510.3 ms, GC Workers: 2]
      [GC Worker Start (ms): Min: 28893722.2, Avg: 28893722.2, Max: 28893722.2, Diff: 0.0]
      [Ext Root Scanning (ms): Min: 57.9, Avg: 65.3, Max: 72.8, Diff: 14.9, Sum: 130.6]
      [Update RS (ms): Min: 34.2, Avg: 44.2, Max: 54.1, Diff: 19.9, Sum: 88.3]
         [Processed Buffers: Min: 166, Avg: 170.5, Max: 175, Diff: 9, Sum: 341]
      [Scan RS (ms): Min: 29.5, Avg: 29.5, Max: 29.5, Diff: 0.0, Sum: 59.0]
      [Object Copy (ms): Min: 368.5, Avg: 371.0, Max: 373.5, Diff: 5.0, Sum: 742.1]
      [Termination (ms): Min: 0.0, Avg: 0.0, Max: 0.0, Diff: 0.0, Sum: 0.0]
      [GC Worker Other (ms): Min: 0.1, Avg: 0.1, Max: 0.1, Diff: 0.0, Sum: 0.3]
      [GC Worker Total (ms): Min: 510.1, Avg: 510.1, Max: 510.1, Diff: 0.0, Sum: 1020.3]
      [GC Worker End (ms): Min: 28894232.3, Avg: 28894232.3, Max: 28894232.3, Diff: 0.0]
   [Code Root Fixup: 0.0 ms]
   [Clear CT: 0.8 ms]
   [Other: 8.6 ms]
      [Choose CSet: 0.0 ms]
      [Ref Proc: 3.3 ms]
      [Ref Enq: 0.0 ms]
      [Free CSet: 2.9 ms]
   [Eden: 963.0M(963.0M)->0.0B(896.0M) Survivors: 61.0M->128.0M Heap: 1899.8M(3072.0M)->1030.8M(3072.0M)]
 [Times: user=1.03 sys=0.00, real=0.52 secs] 
28899.097: [GC pause (young)
Desired survivor size 67108864 bytes, new threshold 1 (max 32)
- age   1:  109114920 bytes,  109114920 total
- age   2:   30949704 bytes,  140064624 total
- age   3:   17252736 bytes,  157317360 total
, 0.7495870 secs]
   [Parallel Time: 736.5 ms, GC Workers: 2]
      [GC Worker Start (ms): Min: 28899098.9, Avg: 28899098.9, Max: 28899098.9, Diff: 0.0]
      [Ext Root Scanning (ms): Min: 58.9, Avg: 67.4, Max: 75.9, Diff: 17.1, Sum: 134.8]
      [Update RS (ms): Min: 63.4, Avg: 75.0, Max: 86.5, Diff: 23.1, Sum: 149.9]
         [Processed Buffers: Min: 137, Avg: 157.0, Max: 177, Diff: 40, Sum: 314]
      [Scan RS (ms): Min: 96.1, Avg: 96.2, Max: 96.2, Diff: 0.1, Sum: 192.4]
      [Object Copy (ms): Min: 494.8, Avg: 497.8, Max: 500.7, Diff: 5.9, Sum: 995.5]
      [Termination (ms): Min: 0.0, Avg: 0.0, Max: 0.0, Diff: 0.0, Sum: 0.0]
      [GC Worker Other (ms): Min: 0.1, Avg: 0.1, Max: 0.1, Diff: 0.0, Sum: 0.2]
      [GC Worker Total (ms): Min: 736.4, Avg: 736.4, Max: 736.4, Diff: 0.0, Sum: 1472.8]
      [GC Worker End (ms): Min: 28899835.2, Avg: 28899835.3, Max: 28899835.3, Diff: 0.0]
   [Code Root Fixup: 0.0 ms]
   [Clear CT: 0.6 ms]
   [Other: 12.4 ms]
      [Choose CSet: 0.0 ms]
      [Ref Proc: 3.3 ms]
      [Ref Enq: 0.0 ms]
      [Free CSet: 5.0 ms]
   [Eden: 896.0M(896.0M)->0.0B(939.0M) Survivors: 128.0M->85.0M Heap: 1934.8M(3072.0M)->1110.8M(3072.0M)]
 [Times: user=1.48 sys=0.01, real=0.75 secs] 
28905.303: [GC pause (young)
Desired survivor size 67108864 bytes, new threshold 1 (max 32)
- age   1:   85815544 bytes,   85815544 total
, 0.5345850 secs]
   [Parallel Time: 518.0 ms, GC Workers: 2]
      [GC Worker Start (ms): Min: 28905304.7, Avg: 28905304.7, Max: 28905304.7, Diff: 0.0]
      [Ext Root Scanning (ms): Min: 63.9, Avg: 76.6, Max: 89.3, Diff: 25.4, Sum: 153.2]
      [Update RS (ms): Min: 50.5, Avg: 61.5, Max: 72.4, Diff: 21.9, Sum: 122.9]
         [Processed Buffers: Min: 146, Avg: 157.0, Max: 168, Diff: 22, Sum: 314]
      [Scan RS (ms): Min: 82.4, Avg: 82.4, Max: 82.4, Diff: 0.0, Sum: 164.8]
      [Object Copy (ms): Min: 295.6, Avg: 297.3, Max: 299.1, Diff: 3.5, Sum: 594.7]
      [Termination (ms): Min: 0.0, Avg: 0.0, Max: 0.0, Diff: 0.0, Sum: 0.0]
      [GC Worker Other (ms): Min: 0.1, Avg: 0.1, Max: 0.1, Diff: 0.0, Sum: 0.2]
      [GC Worker Total (ms): Min: 517.9, Avg: 517.9, Max: 517.9, Diff: 0.0, Sum: 1035.8]
      [GC Worker End (ms): Min: 28905822.6, Avg: 28905822.6, Max: 28905822.6, Diff: 0.0]
   [Code Root Fixup: 0.0 ms]
   [Clear CT: 1.4 ms]
   [Other: 15.1 ms]
      [Choose CSet: 0.0 ms]
      [Ref Proc: 5.9 ms]
      [Ref Enq: 0.1 ms]
      [Free CSet: 5.8 ms]
   [Eden: 939.0M(939.0M)->0.0B(975.0M) Survivors: 85.0M->49.0M Heap: 2073.8M(3072.0M)->1168.9M(3072.0M)]
 [Times: user=1.04 sys=0.00, real=0.54 secs] 
28911.033: [GC pause (young)
Desired survivor size 67108864 bytes, new threshold 16 (max 32)
- age   1:   48551872 bytes,   48551872 total
, 0.4344750 secs]
   [Parallel Time: 422.7 ms, GC Workers: 2]
      [GC Worker Start (ms): Min: 28911035.2, Avg: 28911035.2, Max: 28911035.2, Diff: 0.0]
      [Ext Root Scanning (ms): Min: 60.0, Avg: 67.8, Max: 75.7, Diff: 15.7, Sum: 135.7]
      [Update RS (ms): Min: 53.4, Avg: 63.9, Max: 74.3, Diff: 20.9, Sum: 127.7]
         [Processed Buffers: Min: 146, Avg: 156.5, Max: 167, Diff: 21, Sum: 313]
      [Scan RS (ms): Min: 69.3, Avg: 69.4, Max: 69.4, Diff: 0.1, Sum: 138.7]
      [Object Copy (ms): Min: 218.8, Avg: 221.4, Max: 224.1, Diff: 5.2, Sum: 442.9]
      [Termination (ms): Min: 0.0, Avg: 0.0, Max: 0.0, Diff: 0.0, Sum: 0.0]
      [GC Worker Other (ms): Min: 0.1, Avg: 0.1, Max: 0.2, Diff: 0.1, Sum: 0.2]
      [GC Worker Total (ms): Min: 422.6, Avg: 422.6, Max: 422.6, Diff: 0.0, Sum: 845.3]
      [GC Worker End (ms): Min: 28911457.8, Avg: 28911457.8, Max: 28911457.8, Diff: 0.0]
   [Code Root Fixup: 0.0 ms]
   [Clear CT: 0.7 ms]
   [Other: 11.1 ms]
      [Choose CSet: 0.0 ms]
      [Ref Proc: 3.2 ms]
      [Ref Enq: 0.0 ms]
      [Free CSet: 5.3 ms]
   [Eden: 975.0M(975.0M)->0.0B(937.0M) Survivors: 49.0M->87.0M Heap: 2165.1M(3072.0M)->1228.1M(3072.0M)]
 [Times: user=0.86 sys=0.00, real=0.44 secs] 
28916.282: [GC pause (young)
Desired survivor size 67108864 bytes, new threshold 2 (max 32)
- age   1:   45725536 bytes,   45725536 total
- age   2:   43593592 bytes,   89319128 total
, 0.6345830 secs]
   [Parallel Time: 621.4 ms, GC Workers: 2]
      [GC Worker Start (ms): Min: 28916283.9, Avg: 28916284.0, Max: 28916284.0, Diff: 0.0]
      [Ext Root Scanning (ms): Min: 60.5, Avg: 68.2, Max: 76.0, Diff: 15.6, Sum: 136.5]
      [Update RS (ms): Min: 72.0, Avg: 82.3, Max: 92.6, Diff: 20.6, Sum: 164.6]
         [Processed Buffers: Min: 122, Avg: 165.5, Max: 209, Diff: 87, Sum: 331]
      [Scan RS (ms): Min: 105.5, Avg: 105.6, Max: 105.6, Diff: 0.0, Sum: 211.1]
      [Object Copy (ms): Min: 362.6, Avg: 365.1, Max: 367.5, Diff: 4.9, Sum: 730.1]
      [Termination (ms): Min: 0.0, Avg: 0.0, Max: 0.0, Diff: 0.0, Sum: 0.0]
      [GC Worker Other (ms): Min: 0.1, Avg: 0.1, Max: 0.1, Diff: 0.1, Sum: 0.2]
      [GC Worker Total (ms): Min: 621.3, Avg: 621.3, Max: 621.3, Diff: 0.0, Sum: 1242.5]
      [GC Worker End (ms): Min: 28916905.2, Avg: 28916905.2, Max: 28916905.3, Diff: 0.1]
   [Code Root Fixup: 0.0 ms]
   [Clear CT: 0.7 ms]
   [Other: 12.4 ms]
      [Choose CSet: 0.0 ms]
      [Ref Proc: 3.3 ms]
      [Ref Enq: 0.1 ms]
      [Free CSet: 6.1 ms]
   [Eden: 937.0M(937.0M)->0.0B(919.0M) Survivors: 87.0M->105.0M Heap: 2170.1M(3072.0M)->1292.5M(3072.0M)]
 [Times: user=1.25 sys=0.01, real=0.64 secs] 
28921.766: [GC pause (young)
Desired survivor size 67108864 bytes, new threshold 1 (max 32)
- age   1:   67814992 bytes,   67814992 total
- age   2:   40948144 bytes,  108763136 total
, 0.5644180 secs]
   [Parallel Time: 552.3 ms, GC Workers: 2]
      [GC Worker Start (ms): Min: 28921767.3, Avg: 28921767.4, Max: 28921767.4, Diff: 0.1]
      [Ext Root Scanning (ms): Min: 59.9, Avg: 66.5, Max: 73.0, Diff: 13.1, Sum: 133.0]
      [Update RS (ms): Min: 45.5, Avg: 54.0, Max: 62.5, Diff: 17.1, Sum: 108.0]
         [Processed Buffers: Min: 115, Avg: 137.5, Max: 160, Diff: 45, Sum: 275]
      [Scan RS (ms): Min: 106.9, Avg: 107.0, Max: 107.1, Diff: 0.3, Sum: 214.0]
      [Object Copy (ms): Min: 322.2, Avg: 324.4, Max: 326.5, Diff: 4.3, Sum: 648.8]
      [Termination (ms): Min: 0.1, Avg: 0.2, Max: 0.2, Diff: 0.1, Sum: 0.3]
      [GC Worker Other (ms): Min: 0.1, Avg: 0.1, Max: 0.1, Diff: 0.0, Sum: 0.1]
      [GC Worker Total (ms): Min: 552.1, Avg: 552.1, Max: 552.1, Diff: 0.0, Sum: 1104.2]
      [GC Worker End (ms): Min: 28922319.4, Avg: 28922319.5, Max: 28922319.5, Diff: 0.1]
   [Code Root Fixup: 0.0 ms]
   [Clear CT: 0.6 ms]
   [Other: 11.5 ms]
      [Choose CSet: 0.0 ms]
      [Ref Proc: 3.1 ms]
      [Ref Enq: 0.0 ms]
      [Free CSet: 4.7 ms]
   [Eden: 919.0M(919.0M)->0.0B(987.0M) Survivors: 105.0M->37.0M Heap: 2263.9M(3072.0M)->1372.9M(3072.0M)]
 [Times: user=1.11 sys=0.00, real=0.57 secs] 
28922.434: [GC pause (young) (initial-mark)
Desired survivor size 67108864 bytes, new threshold 16 (max 32)
- age   1:   36710736 bytes,   36710736 total
, 0.4677660 secs]
   [Parallel Time: 465.3 ms, GC Workers: 2]
      [GC Worker Start (ms): Min: 28922434.8, Avg: 28922434.8, Max: 28922434.8, Diff: 0.0]
      [Ext Root Scanning (ms): Min: 61.0, Avg: 69.7, Max: 78.5, Diff: 17.6, Sum: 139.5]
      [Update RS (ms): Min: 277.2, Avg: 292.4, Max: 307.6, Diff: 30.4, Sum: 584.8]
         [Processed Buffers: Min: 456, Avg: 486.0, Max: 516, Diff: 60, Sum: 972]
      [Scan RS (ms): Min: 0.6, Avg: 0.6, Max: 0.6, Diff: 0.1, Sum: 1.2]
      [Object Copy (ms): Min: 95.9, Avg: 102.4, Max: 108.8, Diff: 12.9, Sum: 204.7]
      [Termination (ms): Min: 0.0, Avg: 0.0, Max: 0.0, Diff: 0.0, Sum: 0.0]
      [GC Worker Other (ms): Min: 0.1, Avg: 0.1, Max: 0.1, Diff: 0.0, Sum: 0.1]
      [GC Worker Total (ms): Min: 465.2, Avg: 465.2, Max: 465.2, Diff: 0.0, Sum: 930.3]
      [GC Worker End (ms): Min: 28922900.0, Avg: 28922900.0, Max: 28922900.0, Diff: 0.0]
   [Code Root Fixup: 0.0 ms]
   [Clear CT: 0.2 ms]
   [Other: 2.3 ms]
      [Choose CSet: 0.0 ms]
      [Ref Proc: 0.4 ms]
      [Ref Enq: 0.0 ms]
      [Free CSet: 0.3 ms]
   [Eden: 19.0M(987.0M)->0.0B(986.0M) Survivors: 37.0M->38.0M Heap: 1391.6M(3072.0M)->1373.9M(3072.0M)]
 [Times: user=0.92 sys=0.01, real=0.47 secs] 
28922.902: [GC concurrent-root-region-scan-start]
28923.023: [GC concurrent-root-region-scan-end, 0.1208230 secs]
28923.023: [GC concurrent-mark-start]
28925.449: [GC concurrent-mark-end, 2.4260950 secs]
28925.453: [GC remark 28925.455: [GC ref-proc, 0.3278740 secs], 0.4043070 secs]
 [Times: user=0.41 sys=0.00, real=0.40 secs] 
28925.860: [GC cleanup 1601M->1350M(3072M), 0.0254910 secs]
 [Times: user=0.05 sys=0.00, real=0.02 secs] 
28925.886: [GC concurrent-cleanup-start]
28925.886: [GC concurrent-cleanup-end, 0.0005340 secs]
28930.019: [GC pause (young)
Desired survivor size 67108864 bytes, new threshold 16 (max 32)
- age   1:    3153912 bytes,    3153912 total
- age   2:   35058592 bytes,   38212504 total
, 0.3714590 secs]
   [Parallel Time: 356.9 ms, GC Workers: 2]
      [GC Worker Start (ms): Min: 28930021.9, Avg: 28930022.0, Max: 28930022.0, Diff: 0.0]
      [Ext Root Scanning (ms): Min: 61.9, Avg: 70.5, Max: 79.1, Diff: 17.1, Sum: 141.0]
      [Update RS (ms): Min: 27.8, Avg: 38.7, Max: 49.6, Diff: 21.8, Sum: 77.4]
         [Processed Buffers: Min: 137, Avg: 140.5, Max: 144, Diff: 7, Sum: 281]
      [Scan RS (ms): Min: 70.2, Avg: 70.4, Max: 70.7, Diff: 0.5, Sum: 140.9]
      [Object Copy (ms): Min: 175.0, Avg: 176.7, Max: 178.3, Diff: 3.3, Sum: 353.3]
      [Termination (ms): Min: 0.0, Avg: 0.4, Max: 0.8, Diff: 0.8, Sum: 0.8]
      [GC Worker Other (ms): Min: 0.1, Avg: 0.1, Max: 0.1, Diff: 0.0, Sum: 0.1]
      [GC Worker Total (ms): Min: 356.8, Avg: 356.8, Max: 356.8, Diff: 0.0, Sum: 713.6]
      [GC Worker End (ms): Min: 28930378.7, Avg: 28930378.7, Max: 28930378.7, Diff: 0.0]
   [Code Root Fixup: 0.0 ms]
   [Clear CT: 0.7 ms]
   [Other: 13.8 ms]
      [Choose CSet: 0.0 ms]
      [Ref Proc: 4.1 ms]
      [Ref Enq: 0.1 ms]
      [Free CSet: 6.0 ms]
   [Eden: 986.0M(986.0M)->0.0B(954.0M) Survivors: 38.0M->70.0M Heap: 2153.9M(3072.0M)->1199.4M(3072.0M)]
 [Times: user=0.73 sys=0.01, real=0.37 secs] 
28935.666: [GC pause (mixed)
Desired survivor size 67108864 bytes, new threshold 3 (max 32)
- age   1:   36450856 bytes,   36450856 total
- age   2:     292624 bytes,   36743480 total
- age   3:   33633928 bytes,   70377408 total
, 0.4159070 secs]
   [Parallel Time: 403.5 ms, GC Workers: 2]
      [GC Worker Start (ms): Min: 28935667.7, Avg: 28935667.7, Max: 28935667.7, Diff: 0.0]
      [Ext Root Scanning (ms): Min: 57.2, Avg: 65.2, Max: 73.2, Diff: 16.0, Sum: 130.3]
      [Update RS (ms): Min: 4.5, Avg: 15.0, Max: 25.5, Diff: 21.0, Sum: 30.0]
         [Processed Buffers: Min: 6, Avg: 128.0, Max: 250, Diff: 244, Sum: 256]
      [Scan RS (ms): Min: 90.6, Avg: 90.7, Max: 90.9, Diff: 0.3, Sum: 181.5]
      [Object Copy (ms): Min: 229.6, Avg: 232.2, Max: 234.9, Diff: 5.3, Sum: 464.5]
      [Termination (ms): Min: 0.0, Avg: 0.0, Max: 0.0, Diff: 0.0, Sum: 0.0]
      [GC Worker Other (ms): Min: 0.1, Avg: 0.1, Max: 0.1, Diff: 0.0, Sum: 0.2]
      [GC Worker Total (ms): Min: 403.2, Avg: 403.2, Max: 403.2, Diff: 0.0, Sum: 806.4]
      [GC Worker End (ms): Min: 28936070.9, Avg: 28936070.9, Max: 28936070.9, Diff: 0.0]
   [Code Root Fixup: 0.0 ms]
   [Clear CT: 0.9 ms]
   [Other: 11.5 ms]
      [Choose CSet: 0.4 ms]
      [Ref Proc: 2.8 ms]
      [Ref Enq: 0.0 ms]
      [Free CSet: 5.4 ms]
   [Eden: 954.0M(954.0M)->0.0B(951.0M) Survivors: 70.0M->73.0M Heap: 2180.1M(3072.0M)->1193.6M(3072.0M)]
 [Times: user=0.82 sys=0.00, real=0.42 secs] 
28941.528: [GC pause (mixed)
Desired survivor size 67108864 bytes, new threshold 2 (max 32)
- age   1:   41068024 bytes,   41068024 total
- age   2:   32917192 bytes,   73985216 total
- age   3:     281600 bytes,   74266816 total
, 0.4399990 secs]
   [Parallel Time: 427.0 ms, GC Workers: 2]
      [GC Worker Start (ms): Min: 28941530.0, Avg: 28941530.0, Max: 28941530.0, Diff: 0.0]
      [Ext Root Scanning (ms): Min: 67.3, Avg: 73.2, Max: 79.2, Diff: 11.9, Sum: 146.5]
      [Update RS (ms): Min: 20.8, Avg: 29.0, Max: 37.1, Diff: 16.2, Sum: 57.9]
         [Processed Buffers: Min: 99, Avg: 132.5, Max: 166, Diff: 67, Sum: 265]
      [Scan RS (ms): Min: 90.3, Avg: 90.5, Max: 90.8, Diff: 0.5, Sum: 181.1]
      [Object Copy (ms): Min: 232.0, Avg: 234.0, Max: 235.9, Diff: 3.8, Sum: 467.9]
      [Termination (ms): Min: 0.0, Avg: 0.0, Max: 0.1, Diff: 0.1, Sum: 0.1]
      [GC Worker Other (ms): Min: 0.1, Avg: 0.1, Max: 0.1, Diff: 0.0, Sum: 0.2]
      [GC Worker Total (ms): Min: 426.8, Avg: 426.8, Max: 426.8, Diff: 0.0, Sum: 853.6]
      [GC Worker End (ms): Min: 28941956.8, Avg: 28941956.8, Max: 28941956.8, Diff: 0.0]
   [Code Root Fixup: 0.0 ms]
   [Clear CT: 1.0 ms]
   [Other: 12.0 ms]
      [Choose CSet: 0.5 ms]
      [Ref Proc: 3.1 ms]
      [Ref Enq: 0.1 ms]
      [Free CSet: 5.3 ms]
   [Eden: 951.0M(951.0M)->0.0B(954.0M) Survivors: 73.0M->70.0M Heap: 2149.1M(3072.0M)->1184.1M(3072.0M)]
 [Times: user=0.86 sys=0.00, real=0.44 secs] 
28946.850: [GC pause (young)
Desired survivor size 67108864 bytes, new threshold 2 (max 32)
- age   1:   36133736 bytes,   36133736 total
- age   2:   34440672 bytes,   70574408 total
, 0.3869090 secs]
   [Parallel Time: 377.4 ms, GC Workers: 2]
      [GC Worker Start (ms): Min: 28946851.2, Avg: 28946851.2, Max: 28946851.2, Diff: 0.0]
      [Ext Root Scanning (ms): Min: 57.8, Avg: 67.3, Max: 76.8, Diff: 19.0, Sum: 134.5]
      [Update RS (ms): Min: 51.5, Avg: 63.9, Max: 76.4, Diff: 24.9, Sum: 127.8]
         [Processed Buffers: Min: 146, Avg: 150.5, Max: 155, Diff: 9, Sum: 301]
      [Scan RS (ms): Min: 79.8, Avg: 79.9, Max: 80.0, Diff: 0.2, Sum: 159.9]
      [Object Copy (ms): Min: 163.2, Avg: 166.1, Max: 168.9, Diff: 5.7, Sum: 332.1]
      [Termination (ms): Min: 0.0, Avg: 0.0, Max: 0.0, Diff: 0.0, Sum: 0.0]
      [GC Worker Other (ms): Min: 0.1, Avg: 0.1, Max: 0.1, Diff: 0.0, Sum: 0.2]
      [GC Worker Total (ms): Min: 377.2, Avg: 377.3, Max: 377.3, Diff: 0.0, Sum: 754.5]
      [GC Worker End (ms): Min: 28947228.4, Avg: 28947228.5, Max: 28947228.5, Diff: 0.0]
   [Code Root Fixup: 0.0 ms]
   [Clear CT: 0.7 ms]
   [Other: 8.8 ms]
      [Choose CSet: 0.0 ms]
      [Ref Proc: 2.8 ms]
      [Ref Enq: 0.0 ms]
      [Free CSet: 3.7 ms]
   [Eden: 703.0M(954.0M)->0.0B(968.0M) Survivors: 70.0M->56.0M Heap: 1980.7M(3072.0M)->1287.1M(3072.0M)]
 [Times: user=0.77 sys=0.00, real=0.39 secs] 
28953.858: [GC pause (young)
Desired survivor size 67108864 bytes, new threshold 16 (max 32)
- age   1:   33354128 bytes,   33354128 total
- age   2:   23322368 bytes,   56676496 total
, 0.6538190 secs]
   [Parallel Time: 643.4 ms, GC Workers: 2]
      [GC Worker Start (ms): Min: 28953858.9, Avg: 28953858.9, Max: 28953858.9, Diff: 0.0]
      [Ext Root Scanning (ms): Min: 57.1, Avg: 66.2, Max: 75.3, Diff: 18.2, Sum: 132.3]
      [Update RS (ms): Min: 29.4, Avg: 41.0, Max: 52.7, Diff: 23.3, Sum: 82.0]
         [Processed Buffers: Min: 124, Avg: 152.0, Max: 180, Diff: 56, Sum: 304]
      [Scan RS (ms): Min: 61.9, Avg: 62.0, Max: 62.1, Diff: 0.2, Sum: 124.0]
      [Object Copy (ms): Min: 471.4, Avg: 474.0, Max: 476.6, Diff: 5.2, Sum: 948.0]
      [Termination (ms): Min: 0.0, Avg: 0.0, Max: 0.0, Diff: 0.0, Sum: 0.0]
      [GC Worker Other (ms): Min: 0.1, Avg: 0.1, Max: 0.1, Diff: 0.0, Sum: 0.2]
      [GC Worker Total (ms): Min: 643.3, Avg: 643.3, Max: 643.3, Diff: 0.0, Sum: 1286.5]
      [GC Worker End (ms): Min: 28954502.2, Avg: 28954502.2, Max: 28954502.2, Diff: 0.0]
   [Code Root Fixup: 0.0 ms]
   [Clear CT: 0.8 ms]
   [Other: 9.5 ms]
      [Choose CSet: 0.0 ms]
      [Ref Proc: 4.5 ms]
      [Ref Enq: 0.1 ms]
      [Free CSet: 2.9 ms]
   [Eden: 968.0M(968.0M)->0.0B(896.0M) Survivors: 56.0M->128.0M Heap: 2289.1M(3072.0M)->1458.1M(3072.0M)]
 [Times: user=1.30 sys=0.00, real=0.65 secs] 
28955.589: [GC pause (young) (initial-mark)
Desired survivor size 67108864 bytes, new threshold 1 (max 32)
- age   1:  146721400 bytes,  146721400 total
- age   2:   29250008 bytes,  175971408 total
- age   3:   21570040 bytes,  197541448 total
, 0.6957840 secs]
   [Parallel Time: 688.3 ms, GC Workers: 2]
      [GC Worker Start (ms): Min: 28955590.2, Avg: 28955590.2, Max: 28955590.2, Diff: 0.0]
      [Ext Root Scanning (ms): Min: 56.0, Avg: 70.5, Max: 85.0, Diff: 29.0, Sum: 141.0]
      [Update RS (ms): Min: 29.5, Avg: 43.4, Max: 57.4, Diff: 27.9, Sum: 86.8]
         [Processed Buffers: Min: 111, Avg: 127.5, Max: 144, Diff: 33, Sum: 255]
      [Scan RS (ms): Min: 142.0, Avg: 142.4, Max: 142.8, Diff: 0.7, Sum: 284.8]
      [Object Copy (ms): Min: 431.6, Avg: 431.9, Max: 432.1, Diff: 0.4, Sum: 863.7]
      [Termination (ms): Min: 0.0, Avg: 0.0, Max: 0.0, Diff: 0.0, Sum: 0.0]
      [GC Worker Other (ms): Min: 0.1, Avg: 0.1, Max: 0.1, Diff: 0.0, Sum: 0.1]
      [GC Worker Total (ms): Min: 688.2, Avg: 688.2, Max: 688.2, Diff: 0.0, Sum: 1376.4]
      [GC Worker End (ms): Min: 28956278.4, Avg: 28956278.4, Max: 28956278.4, Diff: 0.0]
   [Code Root Fixup: 0.0 ms]
   [Clear CT: 0.5 ms]
   [Other: 7.0 ms]
      [Choose CSet: 0.0 ms]
      [Ref Proc: 0.8 ms]
      [Ref Enq: 0.0 ms]
      [Free CSet: 2.0 ms]
   [Eden: 215.0M(896.0M)->0.0B(975.0M) Survivors: 128.0M->49.0M Heap: 1672.4M(3072.0M)->1501.1M(3072.0M)]
 [Times: user=1.36 sys=0.02, real=0.70 secs] 
28956.285: [GC concurrent-root-region-scan-start]
28956.442: [GC concurrent-root-region-scan-end, 0.1575030 secs]
28956.442: [GC concurrent-mark-start]
28958.389: [GC concurrent-mark-end, 1.9470370 secs]
28958.392: [GC remark 28958.394: [GC ref-proc, 0.1218980 secs], 0.1922280 secs]
 [Times: user=0.20 sys=0.00, real=0.20 secs] 
28958.587: [GC cleanup 1952M->1662M(3072M), 0.0265520 secs]
 [Times: user=0.05 sys=0.00, real=0.02 secs] 
28958.614: [GC concurrent-cleanup-start]
28958.615: [GC concurrent-cleanup-end, 0.0007140 secs]
28960.486: [GC pause (young)
Desired survivor size 67108864 bytes, new threshold 16 (max 32)
- age   1:   48332712 bytes,   48332712 total
, 0.3334010 secs]
   [Parallel Time: 325.5 ms, GC Workers: 2]
      [GC Worker Start (ms): Min: 28960487.0, Avg: 28960487.0, Max: 28960487.1, Diff: 0.1]
      [Ext Root Scanning (ms): Min: 58.7, Avg: 69.8, Max: 81.0, Diff: 22.2, Sum: 139.7]
      [Update RS (ms): Min: 9.9, Avg: 24.0, Max: 38.1, Diff: 28.2, Sum: 48.1]
         [Processed Buffers: Min: 123, Avg: 139.0, Max: 155, Diff: 32, Sum: 278]
      [Scan RS (ms): Min: 43.8, Avg: 44.0, Max: 44.2, Diff: 0.3, Sum: 88.0]
      [Object Copy (ms): Min: 184.4, Avg: 187.2, Max: 190.0, Diff: 5.6, Sum: 374.4]
      [Termination (ms): Min: 0.0, Avg: 0.0, Max: 0.0, Diff: 0.0, Sum: 0.0]
      [GC Worker Other (ms): Min: 0.1, Avg: 0.1, Max: 0.1, Diff: 0.0, Sum: 0.2]
      [GC Worker Total (ms): Min: 325.2, Avg: 325.2, Max: 325.2, Diff: 0.0, Sum: 650.5]
      [GC Worker End (ms): Min: 28960812.2, Avg: 28960812.2, Max: 28960812.3, Diff: 0.0]
   [Code Root Fixup: 0.0 ms]
   [Clear CT: 0.6 ms]
   [Other: 7.3 ms]
      [Choose CSet: 0.0 ms]
      [Ref Proc: 2.9 ms]
      [Ref Enq: 0.0 ms]
      [Free CSet: 2.7 ms]
   [Eden: 975.0M(975.0M)->0.0B(937.0M) Survivors: 49.0M->87.0M Heap: 2228.9M(3072.0M)->1292.4M(3072.0M)]
 [Times: user=0.66 sys=0.00, real=0.33 secs] 
28965.973: [GC pause (mixed)
Desired survivor size 67108864 bytes, new threshold 2 (max 32)
- age   1:   59258240 bytes,   59258240 total
- age   2:   29755576 bytes,   89013816 total
, 0.4172490 secs]
   [Parallel Time: 406.9 ms, GC Workers: 2]
      [GC Worker Start (ms): Min: 28965974.1, Avg: 28965974.1, Max: 28965974.1, Diff: 0.0]
      [Ext Root Scanning (ms): Min: 57.4, Avg: 65.0, Max: 72.6, Diff: 15.2, Sum: 129.9]
      [Update RS (ms): Min: 23.7, Avg: 33.8, Max: 43.8, Diff: 20.1, Sum: 67.6]
         [Processed Buffers: Min: 138, Avg: 139.0, Max: 140, Diff: 2, Sum: 278]
      [Scan RS (ms): Min: 55.9, Avg: 55.9, Max: 55.9, Diff: 0.0, Sum: 111.8]
      [Object Copy (ms): Min: 249.6, Avg: 252.0, Max: 254.4, Diff: 4.8, Sum: 504.0]
      [Termination (ms): Min: 0.0, Avg: 0.0, Max: 0.0, Diff: 0.0, Sum: 0.0]
      [GC Worker Other (ms): Min: 0.1, Avg: 0.1, Max: 0.1, Diff: 0.0, Sum: 0.1]
      [GC Worker Total (ms): Min: 406.7, Avg: 406.7, Max: 406.7, Diff: 0.0, Sum: 813.5]
      [GC Worker End (ms): Min: 28966380.8, Avg: 28966380.8, Max: 28966380.8, Diff: 0.0]
   [Code Root Fixup: 0.0 ms]
   [Clear CT: 0.9 ms]
   [Other: 9.4 ms]
      [Choose CSet: 0.6 ms]
      [Ref Proc: 3.7 ms]
      [Ref Enq: 0.1 ms]
      [Free CSet: 3.3 ms]
   [Eden: 937.0M(937.0M)->0.0B(939.0M) Survivors: 87.0M->85.0M Heap: 2256.1M(3072.0M)->1237.6M(3072.0M)]
 [Times: user=0.82 sys=0.00, real=0.42 secs] 
28971.456: [GC pause (mixed)
Desired survivor size 67108864 bytes, new threshold 2 (max 32)
- age   1:   55901480 bytes,   55901480 total
- age   2:   28036136 bytes,   83937616 total
, 0.3793810 secs]
   [Parallel Time: 365.4 ms, GC Workers: 2]
      [GC Worker Start (ms): Min: 28971458.6, Avg: 28971458.6, Max: 28971458.6, Diff: 0.0]
      [Ext Root Scanning (ms): Min: 58.4, Avg: 66.1, Max: 73.8, Diff: 15.4, Sum: 132.3]
      [Update RS (ms): Min: 10.4, Avg: 20.4, Max: 30.5, Diff: 20.1, Sum: 40.9]
         [Processed Buffers: Min: 149, Avg: 153.5, Max: 158, Diff: 9, Sum: 307]
      [Scan RS (ms): Min: 55.5, Avg: 55.5, Max: 55.6, Diff: 0.1, Sum: 111.1]
      [Object Copy (ms): Min: 220.8, Avg: 223.1, Max: 225.4, Diff: 4.6, Sum: 446.2]
      [Termination (ms): Min: 0.0, Avg: 0.0, Max: 0.0, Diff: 0.0, Sum: 0.0]
      [GC Worker Other (ms): Min: 0.1, Avg: 0.1, Max: 0.1, Diff: 0.0, Sum: 0.2]
      [GC Worker Total (ms): Min: 365.3, Avg: 365.3, Max: 365.3, Diff: 0.0, Sum: 730.6]
      [GC Worker End (ms): Min: 28971823.9, Avg: 28971823.9, Max: 28971823.9, Diff: 0.0]
   [Code Root Fixup: 0.0 ms]
   [Clear CT: 1.0 ms]
   [Other: 13.0 ms]
      [Choose CSet: 1.2 ms]
      [Ref Proc: 5.3 ms]
      [Ref Enq: 0.1 ms]
      [Free CSet: 4.5 ms]
   [Eden: 939.0M(939.0M)->0.0B(945.0M) Survivors: 85.0M->79.0M Heap: 2203.3M(3072.0M)->1179.3M(3072.0M)]
 [Times: user=0.74 sys=0.00, real=0.37 secs] 
28975.528: [GC pause (mixed)
Desired survivor size 67108864 bytes, new threshold 2 (max 32)
- age   1:   30586640 bytes,   30586640 total
- age   2:   47635264 bytes,   78221904 total
, 0.4433680 secs]
   [Parallel Time: 431.0 ms, GC Workers: 2]
      [GC Worker Start (ms): Min: 28975530.3, Avg: 28975530.3, Max: 28975530.3, Diff: 0.1]
      [Ext Root Scanning (ms): Min: 60.4, Avg: 68.0, Max: 75.6, Diff: 15.1, Sum: 136.0]
      [Update RS (ms): Min: 33.4, Avg: 43.2, Max: 53.0, Diff: 19.6, Sum: 86.4]
         [Processed Buffers: Min: 124, Avg: 143.0, Max: 162, Diff: 38, Sum: 286]
      [Scan RS (ms): Min: 64.0, Avg: 64.1, Max: 64.2, Diff: 0.2, Sum: 128.2]
      [Object Copy (ms): Min: 253.3, Avg: 255.5, Max: 257.7, Diff: 4.4, Sum: 511.1]
      [Termination (ms): Min: 0.0, Avg: 0.0, Max: 0.0, Diff: 0.0, Sum: 0.0]
      [GC Worker Other (ms): Min: 0.1, Avg: 0.1, Max: 0.1, Diff: 0.0, Sum: 0.2]
      [GC Worker Total (ms): Min: 430.9, Avg: 430.9, Max: 431.0, Diff: 0.1, Sum: 861.8]
      [GC Worker End (ms): Min: 28975961.2, Avg: 28975961.2, Max: 28975961.2, Diff: 0.0]
   [Code Root Fixup: 0.0 ms]
   [Clear CT: 0.9 ms]
   [Other: 11.5 ms]
      [Choose CSet: 1.5 ms]
      [Ref Proc: 3.8 ms]
      [Ref Enq: 0.1 ms]
      [Free CSet: 3.8 ms]
   [Eden: 945.0M(945.0M)->0.0B(956.0M) Survivors: 79.0M->68.0M Heap: 2144.5M(3072.0M)->1128.5M(3072.0M)]
 [Times: user=0.88 sys=0.00, real=0.44 secs] 
28979.506: [GC pause (mixed)
Desired survivor size 67108864 bytes, new threshold 2 (max 32)
- age   1:   45884992 bytes,   45884992 total
- age   2:   22982504 bytes,   68867496 total
, 0.4223560 secs]
   [Parallel Time: 410.0 ms, GC Workers: 2]
      [GC Worker Start (ms): Min: 28979508.6, Avg: 28979508.6, Max: 28979508.6, Diff: 0.0]
      [Ext Root Scanning (ms): Min: 55.9, Avg: 69.9, Max: 84.0, Diff: 28.1, Sum: 139.8]
      [Update RS (ms): Min: 26.9, Avg: 39.0, Max: 51.1, Diff: 24.2, Sum: 77.9]
         [Processed Buffers: Min: 114, Avg: 137.0, Max: 160, Diff: 46, Sum: 274]
      [Scan RS (ms): Min: 61.2, Avg: 61.2, Max: 61.3, Diff: 0.2, Sum: 122.5]
      [Object Copy (ms): Min: 237.7, Avg: 239.7, Max: 241.8, Diff: 4.1, Sum: 479.5]
      [Termination (ms): Min: 0.0, Avg: 0.0, Max: 0.0, Diff: 0.0, Sum: 0.0]
      [GC Worker Other (ms): Min: 0.1, Avg: 0.1, Max: 0.1, Diff: 0.0, Sum: 0.2]
      [GC Worker Total (ms): Min: 409.9, Avg: 410.0, Max: 410.0, Diff: 0.0, Sum: 819.9]
      [GC Worker End (ms): Min: 28979918.6, Avg: 28979918.6, Max: 28979918.6, Diff: 0.0]
   [Code Root Fixup: 0.0 ms]
   [Clear CT: 0.9 ms]
   [Other: 11.4 ms]
      [Choose CSet: 1.4 ms]
      [Ref Proc: 3.5 ms]
      [Ref Enq: 0.1 ms]
      [Free CSet: 4.3 ms]
   [Eden: 956.0M(956.0M)->0.0B(941.0M) Survivors: 68.0M->83.0M Heap: 2084.5M(3072.0M)->1070.0M(3072.0M)]
 [Times: user=0.84 sys=0.00, real=0.43 secs] 
28985.739: [GC pause (young)
Desired survivor size 67108864 bytes, new threshold 2 (max 32)
- age   1:   45073744 bytes,   45073744 total
- age   2:   39243608 bytes,   84317352 total
, 0.3105870 secs]
   [Parallel Time: 299.1 ms, GC Workers: 2]
      [GC Worker Start (ms): Min: 28985740.4, Avg: 28985740.9, Max: 28985741.3, Diff: 1.0]
      [Ext Root Scanning (ms): Min: 62.6, Avg: 67.4, Max: 72.1, Diff: 9.5, Sum: 134.7]
      [Update RS (ms): Min: 32.1, Avg: 39.6, Max: 47.1, Diff: 15.0, Sum: 79.1]
         [Processed Buffers: Min: 146, Avg: 171.5, Max: 197, Diff: 51, Sum: 343]
      [Scan RS (ms): Min: 35.1, Avg: 35.2, Max: 35.4, Diff: 0.2, Sum: 70.5]
      [Object Copy (ms): Min: 153.8, Avg: 156.2, Max: 158.6, Diff: 4.8, Sum: 312.3]
      [Termination (ms): Min: 0.0, Avg: 0.0, Max: 0.0, Diff: 0.0, Sum: 0.0]
      [GC Worker Other (ms): Min: 0.1, Avg: 0.1, Max: 0.1, Diff: 0.1, Sum: 0.2]
      [GC Worker Total (ms): Min: 298.0, Avg: 298.5, Max: 298.9, Diff: 0.9, Sum: 597.0]
      [GC Worker End (ms): Min: 28986039.3, Avg: 28986039.3, Max: 28986039.3, Diff: 0.0]
   [Code Root Fixup: 0.0 ms]
   [Clear CT: 0.7 ms]
   [Other: 10.8 ms]
      [Choose CSet: 0.0 ms]
      [Ref Proc: 5.8 ms]
      [Ref Enq: 0.1 ms]
      [Free CSet: 3.0 ms]
   [Eden: 941.0M(941.0M)->0.0B(968.0M) Survivors: 83.0M->56.0M Heap: 2023.0M(3072.0M)->1071.0M(3072.0M)]
 [Times: user=0.61 sys=0.00, real=0.32 secs] 
28991.480: [GC pause (young)
Desired survivor size 67108864 bytes, new threshold 16 (max 32)
- age   1:   33667664 bytes,   33667664 total
- age   2:   22061048 bytes,   55728712 total
, 0.3264250 secs]
   [Parallel Time: 314.9 ms, GC Workers: 2]
      [GC Worker Start (ms): Min: 28991481.3, Avg: 28991481.3, Max: 28991481.4, Diff: 0.2]
      [Ext Root Scanning (ms): Min: 82.2, Avg: 83.7, Max: 85.2, Diff: 3.0, Sum: 167.4]
      [Update RS (ms): Min: 32.4, Avg: 35.8, Max: 39.2, Diff: 6.9, Sum: 71.6]
         [Processed Buffers: Min: 156, Avg: 160.0, Max: 164, Diff: 8, Sum: 320]
      [Scan RS (ms): Min: 32.1, Avg: 32.2, Max: 32.3, Diff: 0.2, Sum: 64.5]
      [Object Copy (ms): Min: 160.8, Avg: 162.9, Max: 165.0, Diff: 4.2, Sum: 325.9]
      [Termination (ms): Min: 0.0, Avg: 0.0, Max: 0.0, Diff: 0.0, Sum: 0.0]
      [GC Worker Other (ms): Min: 0.1, Avg: 0.1, Max: 0.1, Diff: 0.0, Sum: 0.2]
      [GC Worker Total (ms): Min: 314.7, Avg: 314.7, Max: 314.8, Diff: 0.2, Sum: 629.5]
      [GC Worker End (ms): Min: 28991796.1, Avg: 28991796.1, Max: 28991796.1, Diff: 0.0]
   [Code Root Fixup: 0.0 ms]
   [Clear CT: 0.7 ms]
   [Other: 10.8 ms]
      [Choose CSet: 0.0 ms]
      [Ref Proc: 5.1 ms]
      [Ref Enq: 0.1 ms]
      [Free CSet: 3.6 ms]
   [Eden: 968.0M(968.0M)->0.0B(946.0M) Survivors: 56.0M->78.0M Heap: 2064.6M(3072.0M)->1118.1M(3072.0M)]
 [Times: user=0.62 sys=0.01, real=0.32 secs] 
28996.682: [GC pause (young)
Desired survivor size 67108864 bytes, new threshold 3 (max 32)
- age   1:   37231464 bytes,   37231464 total
- age   2:   21403128 bytes,   58634592 total
- age   3:   19561328 bytes,   78195920 total
, 0.4668700 secs]
   [Parallel Time: 457.6 ms, GC Workers: 2]
      [GC Worker Start (ms): Min: 28996682.6, Avg: 28996682.7, Max: 28996682.7, Diff: 0.0]
      [Ext Root Scanning (ms): Min: 59.0, Avg: 66.5, Max: 74.0, Diff: 15.0, Sum: 133.0]
      [Update RS (ms): Min: 36.7, Avg: 47.0, Max: 57.2, Diff: 20.5, Sum: 94.0]
         [Processed Buffers: Min: 137, Avg: 160.5, Max: 184, Diff: 47, Sum: 321]
      [Scan RS (ms): Min: 32.1, Avg: 32.1, Max: 32.2, Diff: 0.1, Sum: 64.3]
      [Object Copy (ms): Min: 309.0, Avg: 311.8, Max: 314.6, Diff: 5.6, Sum: 623.6]
      [Termination (ms): Min: 0.0, Avg: 0.0, Max: 0.0, Diff: 0.0, Sum: 0.0]
      [GC Worker Other (ms): Min: 0.1, Avg: 0.1, Max: 0.1, Diff: 0.0, Sum: 0.2]
      [GC Worker Total (ms): Min: 457.5, Avg: 457.5, Max: 457.5, Diff: 0.0, Sum: 915.0]
      [GC Worker End (ms): Min: 28997140.2, Avg: 28997140.2, Max: 28997140.2, Diff: 0.0]
   [Code Root Fixup: 0.0 ms]
   [Clear CT: 0.6 ms]
   [Other: 8.6 ms]
      [Choose CSet: 0.0 ms]
      [Ref Proc: 4.4 ms]
      [Ref Enq: 0.1 ms]
      [Free CSet: 2.7 ms]
   [Eden: 946.0M(946.0M)->0.0B(896.0M) Survivors: 78.0M->128.0M Heap: 2067.7M(3072.0M)->1189.4M(3072.0M)]
 [Times: user=0.92 sys=0.00, real=0.46 secs] 
29001.783: [GC pause (young)
Desired survivor size 67108864 bytes, new threshold 1 (max 32)
- age   1:   89398936 bytes,   89398936 total
- age   2:   21136336 bytes,  110535272 total
- age   3:   18522136 bytes,  129057408 total
, 0.6597700 secs]
   [Parallel Time: 647.7 ms, GC Workers: 2]
      [GC Worker Start (ms): Min: 29001784.7, Avg: 29001784.8, Max: 29001784.8, Diff: 0.0]
      [Ext Root Scanning (ms): Min: 66.3, Avg: 71.1, Max: 75.9, Diff: 9.6, Sum: 142.2]
      [Update RS (ms): Min: 45.6, Avg: 52.3, Max: 59.0, Diff: 13.4, Sum: 104.6]
         [Processed Buffers: Min: 91, Avg: 164.5, Max: 238, Diff: 147, Sum: 329]
      [Scan RS (ms): Min: 39.6, Avg: 39.6, Max: 39.6, Diff: 0.1, Sum: 79.2]
      [Object Copy (ms): Min: 482.5, Avg: 484.5, Max: 486.4, Diff: 3.9, Sum: 969.0]
      [Termination (ms): Min: 0.0, Avg: 0.0, Max: 0.0, Diff: 0.0, Sum: 0.0]
      [GC Worker Other (ms): Min: 0.1, Avg: 0.1, Max: 0.1, Diff: 0.0, Sum: 0.2]
      [GC Worker Total (ms): Min: 647.6, Avg: 647.6, Max: 647.6, Diff: 0.0, Sum: 1295.1]
      [GC Worker End (ms): Min: 29002432.3, Avg: 29002432.3, Max: 29002432.3, Diff: 0.0]
   [Code Root Fixup: 0.0 ms]
   [Clear CT: 0.7 ms]
   [Other: 11.4 ms]
      [Choose CSet: 0.0 ms]
      [Ref Proc: 5.2 ms]
      [Ref Enq: 0.1 ms]
      [Free CSet: 3.0 ms]
   [Eden: 896.0M(896.0M)->0.0B(923.0M) Survivors: 128.0M->101.0M Heap: 2131.1M(3072.0M)->1315.9M(3072.0M)]
 [Times: user=1.30 sys=0.00, real=0.66 secs] 
29007.407: [GC pause (young)
Desired survivor size 67108864 bytes, new threshold 1 (max 32)
- age   1:  100746432 bytes,  100746432 total
, 0.5336790 secs]
   [Parallel Time: 518.1 ms, GC Workers: 2]
      [GC Worker Start (ms): Min: 29007409.1, Avg: 29007409.1, Max: 29007409.1, Diff: 0.0]
      [Ext Root Scanning (ms): Min: 59.3, Avg: 66.3, Max: 73.3, Diff: 14.0, Sum: 132.6]
      [Update RS (ms): Min: 43.1, Avg: 52.3, Max: 61.6, Diff: 18.5, Sum: 104.7]
         [Processed Buffers: Min: 76, Avg: 159.0, Max: 242, Diff: 166, Sum: 318]
      [Scan RS (ms): Min: 91.3, Avg: 91.4, Max: 91.4, Diff: 0.1, Sum: 182.7]
      [Object Copy (ms): Min: 305.5, Avg: 307.9, Max: 310.2, Diff: 4.7, Sum: 615.7]
      [Termination (ms): Min: 0.0, Avg: 0.0, Max: 0.0, Diff: 0.0, Sum: 0.0]
      [GC Worker Other (ms): Min: 0.1, Avg: 0.1, Max: 0.1, Diff: 0.0, Sum: 0.2]
      [GC Worker Total (ms): Min: 518.0, Avg: 518.0, Max: 518.0, Diff: 0.0, Sum: 1035.9]
      [GC Worker End (ms): Min: 29007927.0, Avg: 29007927.0, Max: 29007927.0, Diff: 0.0]
   [Code Root Fixup: 0.0 ms]
   [Clear CT: 0.8 ms]
   [Other: 14.8 ms]
      [Choose CSet: 0.0 ms]
      [Ref Proc: 5.1 ms]
      [Ref Enq: 0.1 ms]
      [Free CSet: 5.4 ms]
   [Eden: 923.0M(923.0M)->0.0B(978.0M) Survivors: 101.0M->46.0M Heap: 2270.2M(3072.0M)->1380.7M(3072.0M)]
 [Times: user=1.05 sys=0.01, real=0.53 secs] 
29008.772: [GC pause (young) (initial-mark)
Desired survivor size 67108864 bytes, new threshold 16 (max 32)
- age   1:   44155688 bytes,   44155688 total
, 0.2774500 secs]
   [Parallel Time: 271.3 ms, GC Workers: 2]
      [GC Worker Start (ms): Min: 29008773.3, Avg: 29008773.3, Max: 29008773.3, Diff: 0.0]
      [Ext Root Scanning (ms): Min: 55.5, Avg: 70.4, Max: 85.2, Diff: 29.8, Sum: 140.7]
      [Update RS (ms): Min: 26.2, Avg: 41.0, Max: 55.8, Diff: 29.7, Sum: 82.0]
         [Processed Buffers: Min: 49, Avg: 122.0, Max: 195, Diff: 146, Sum: 244]
      [Scan RS (ms): Min: 27.2, Avg: 27.2, Max: 27.2, Diff: 0.0, Sum: 54.3]
      [Object Copy (ms): Min: 132.5, Avg: 132.6, Max: 132.6, Diff: 0.1, Sum: 265.1]
      [Termination (ms): Min: 0.0, Avg: 0.0, Max: 0.0, Diff: 0.0, Sum: 0.0]
      [GC Worker Other (ms): Min: 0.1, Avg: 0.1, Max: 0.1, Diff: 0.0, Sum: 0.2]
      [GC Worker Total (ms): Min: 271.1, Avg: 271.2, Max: 271.2, Diff: 0.0, Sum: 542.3]
      [GC Worker End (ms): Min: 29009044.4, Avg: 29009044.4, Max: 29009044.4, Diff: 0.0]
   [Code Root Fixup: 0.0 ms]
   [Clear CT: 0.3 ms]
   [Other: 5.8 ms]
      [Choose CSet: 0.0 ms]
      [Ref Proc: 2.7 ms]
      [Ref Enq: 0.1 ms]
      [Free CSet: 1.1 ms]
   [Eden: 180.0M(978.0M)->0.0B(973.0M) Survivors: 46.0M->51.0M Heap: 1559.9M(3072.0M)->1385.2M(3072.0M)]
 [Times: user=0.55 sys=0.00, real=0.28 secs] 
29009.050: [GC concurrent-root-region-scan-start]
29009.309: [GC concurrent-root-region-scan-end, 0.2590840 secs]
29009.309: [GC concurrent-mark-start]
29011.459: [GC concurrent-mark-end, 2.1497180 secs]
29011.463: [GC remark 29011.466: [GC ref-proc, 0.2457420 secs], 0.3159540 secs]
 [Times: user=0.33 sys=0.00, real=0.32 secs] 
29011.781: [GC cleanup 1818M->1495M(3072M), 0.0241260 secs]
 [Times: user=0.04 sys=0.00, real=0.03 secs] 
29011.806: [GC concurrent-cleanup-start]
29011.807: [GC concurrent-cleanup-end, 0.0007150 secs]
29014.533: [GC pause (young)
Desired survivor size 67108864 bytes, new threshold 16 (max 32)
- age   1:   10370968 bytes,   10370968 total
- age   2:   40746824 bytes,   51117792 total
, 0.4195190 secs]
   [Parallel Time: 401.2 ms, GC Workers: 2]
      [GC Worker Start (ms): Min: 29014535.2, Avg: 29014535.2, Max: 29014535.2, Diff: 0.0]
      [Ext Root Scanning (ms): Min: 60.5, Avg: 69.1, Max: 77.6, Diff: 17.1, Sum: 138.1]
      [Update RS (ms): Min: 51.9, Avg: 63.0, Max: 74.1, Diff: 22.1, Sum: 126.0]
         [Processed Buffers: Min: 155, Avg: 188.0, Max: 221, Diff: 66, Sum: 376]
      [Scan RS (ms): Min: 68.4, Avg: 68.5, Max: 68.5, Diff: 0.1, Sum: 137.0]
      [Object Copy (ms): Min: 198.0, Avg: 200.4, Max: 202.9, Diff: 4.9, Sum: 400.9]
      [Termination (ms): Min: 0.0, Avg: 0.0, Max: 0.0, Diff: 0.0, Sum: 0.0]
      [GC Worker Other (ms): Min: 0.1, Avg: 0.1, Max: 0.1, Diff: 0.0, Sum: 0.2]
      [GC Worker Total (ms): Min: 401.1, Avg: 401.1, Max: 401.1, Diff: 0.0, Sum: 802.2]
      [GC Worker End (ms): Min: 29014936.2, Avg: 29014936.2, Max: 29014936.2, Diff: 0.0]
   [Code Root Fixup: 0.0 ms]
   [Clear CT: 0.8 ms]
   [Other: 17.5 ms]
      [Choose CSet: 0.0 ms]
      [Ref Proc: 10.0 ms]
      [Ref Enq: 0.1 ms]
      [Free CSet: 4.8 ms]
   [Eden: 973.0M(973.0M)->0.0B(940.0M) Survivors: 51.0M->84.0M Heap: 2041.6M(3072.0M)->1101.6M(3072.0M)]
 [Times: user=0.82 sys=0.00, real=0.42 secs] 
29019.980: [GC pause (mixed)
Desired survivor size 67108864 bytes, new threshold 3 (max 32)
- age   1:   41326816 bytes,   41326816 total
- age   2:    6286320 bytes,   47613136 total
- age   3:   36205240 bytes,   83818376 total
, 0.4809760 secs]
   [Parallel Time: 464.7 ms, GC Workers: 2]
      [GC Worker Start (ms): Min: 29019982.5, Avg: 29019982.5, Max: 29019982.5, Diff: 0.0]
      [Ext Root Scanning (ms): Min: 59.5, Avg: 67.2, Max: 74.9, Diff: 15.5, Sum: 134.4]
      [Update RS (ms): Min: 36.2, Avg: 46.3, Max: 56.5, Diff: 20.2, Sum: 92.7]
         [Processed Buffers: Min: 55, Avg: 155.0, Max: 255, Diff: 200, Sum: 310]
      [Scan RS (ms): Min: 81.8, Avg: 81.9, Max: 82.0, Diff: 0.1, Sum: 163.8]
      [Object Copy (ms): Min: 266.6, Avg: 269.1, Max: 271.6, Diff: 4.9, Sum: 538.2]
      [Termination (ms): Min: 0.0, Avg: 0.0, Max: 0.0, Diff: 0.0, Sum: 0.0]
      [GC Worker Other (ms): Min: 0.1, Avg: 0.1, Max: 0.1, Diff: 0.0, Sum: 0.2]
      [GC Worker Total (ms): Min: 464.6, Avg: 464.7, Max: 464.7, Diff: 0.0, Sum: 929.3]
      [GC Worker End (ms): Min: 29020447.1, Avg: 29020447.1, Max: 29020447.1, Diff: 0.0]
   [Code Root Fixup: 0.0 ms]
   [Clear CT: 1.0 ms]
   [Other: 15.3 ms]
      [Choose CSet: 0.3 ms]
      [Ref Proc: 6.4 ms]
      [Ref Enq: 0.1 ms]
      [Free CSet: 5.7 ms]
   [Eden: 940.0M(940.0M)->0.0B(945.0M) Survivors: 84.0M->79.0M Heap: 2081.5M(3072.0M)->1097.5M(3072.0M)]
 [Times: user=0.94 sys=0.00, real=0.48 secs] 
29025.742: [GC pause (mixed)
Desired survivor size 67108864 bytes, new threshold 2 (max 32)
- age   1:   40446416 bytes,   40446416 total
- age   2:   34054752 bytes,   74501168 total
- age   3:    5158352 bytes,   79659520 total
, 0.5021720 secs]
   [Parallel Time: 485.4 ms, GC Workers: 2]
      [GC Worker Start (ms): Min: 29025744.7, Avg: 29025744.7, Max: 29025744.8, Diff: 0.0]
      [Ext Root Scanning (ms): Min: 59.1, Avg: 67.2, Max: 75.2, Diff: 16.1, Sum: 134.3]
      [Update RS (ms): Min: 52.4, Avg: 63.0, Max: 73.6, Diff: 21.1, Sum: 126.0]
         [Processed Buffers: Min: 135, Avg: 145.0, Max: 155, Diff: 20, Sum: 290]
      [Scan RS (ms): Min: 92.6, Avg: 92.7, Max: 92.7, Diff: 0.1, Sum: 185.3]
      [Object Copy (ms): Min: 259.9, Avg: 262.4, Max: 264.8, Diff: 4.9, Sum: 524.7]
      [Termination (ms): Min: 0.0, Avg: 0.0, Max: 0.0, Diff: 0.0, Sum: 0.0]
      [GC Worker Other (ms): Min: 0.1, Avg: 0.1, Max: 0.1, Diff: 0.0, Sum: 0.2]
      [GC Worker Total (ms): Min: 485.3, Avg: 485.3, Max: 485.3, Diff: 0.0, Sum: 970.6]
      [GC Worker End (ms): Min: 29026230.1, Avg: 29026230.1, Max: 29026230.1, Diff: 0.0]
   [Code Root Fixup: 0.0 ms]
   [Clear CT: 0.9 ms]
   [Other: 15.8 ms]
      [Choose CSet: 0.9 ms]
      [Ref Proc: 6.4 ms]
      [Ref Enq: 0.1 ms]
      [Free CSet: 5.6 ms]
   [Eden: 945.0M(945.0M)->0.0B(948.0M) Survivors: 79.0M->76.0M Heap: 2045.2M(3072.0M)->1063.2M(3072.0M)]
 [Times: user=0.98 sys=0.00, real=0.50 secs] 
29030.827: [GC pause (mixed)
Desired survivor size 67108864 bytes, new threshold 2 (max 32)
- age   1:   39716160 bytes,   39716160 total
- age   2:   36434000 bytes,   76150160 total
, 0.4694500 secs]
   [Parallel Time: 451.7 ms, GC Workers: 2]
      [GC Worker Start (ms): Min: 29030829.4, Avg: 29030829.4, Max: 29030829.4, Diff: 0.0]
      [Ext Root Scanning (ms): Min: 60.1, Avg: 67.3, Max: 74.5, Diff: 14.4, Sum: 134.5]
      [Update RS (ms): Min: 58.7, Avg: 68.2, Max: 77.8, Diff: 19.1, Sum: 136.4]
         [Processed Buffers: Min: 128, Avg: 172.5, Max: 217, Diff: 89, Sum: 345]
      [Scan RS (ms): Min: 79.9, Avg: 79.9, Max: 79.9, Diff: 0.0, Sum: 159.8]
      [Object Copy (ms): Min: 233.7, Avg: 236.0, Max: 238.4, Diff: 4.8, Sum: 472.1]
      [Termination (ms): Min: 0.0, Avg: 0.0, Max: 0.0, Diff: 0.0, Sum: 0.0]
      [GC Worker Other (ms): Min: 0.1, Avg: 0.1, Max: 0.1, Diff: 0.0, Sum: 0.2]
      [GC Worker Total (ms): Min: 451.5, Avg: 451.6, Max: 451.6, Diff: 0.1, Sum: 903.1]
      [GC Worker End (ms): Min: 29031280.9, Avg: 29031281.0, Max: 29031281.0, Diff: 0.0]
   [Code Root Fixup: 0.0 ms]
   [Clear CT: 0.8 ms]
   [Other: 16.9 ms]
      [Choose CSet: 0.3 ms]
      [Ref Proc: 8.9 ms]
      [Ref Enq: 0.1 ms]
      [Free CSet: 4.7 ms]
   [Eden: 948.0M(948.0M)->0.0B(954.0M) Survivors: 76.0M->70.0M Heap: 2023.2M(3072.0M)->1090.7M(3072.0M)]
 [Times: user=0.92 sys=0.00, real=0.46 secs] 
29037.243: [GC pause (young)
Desired survivor size 67108864 bytes, new threshold 2 (max 32)
- age   1:   37173368 bytes,   37173368 total
- age   2:   33657040 bytes,   70830408 total
, 0.4178090 secs]
   [Parallel Time: 405.3 ms, GC Workers: 2]
      [GC Worker Start (ms): Min: 29037245.0, Avg: 29037245.0, Max: 29037245.0, Diff: 0.0]
      [Ext Root Scanning (ms): Min: 57.1, Avg: 69.6, Max: 82.1, Diff: 25.0, Sum: 139.2]
      [Update RS (ms): Min: 38.7, Avg: 50.0, Max: 61.4, Diff: 22.7, Sum: 100.1]
         [Processed Buffers: Min: 97, Avg: 138.5, Max: 180, Diff: 83, Sum: 277]
      [Scan RS (ms): Min: 69.7, Avg: 69.7, Max: 69.7, Diff: 0.0, Sum: 139.4]
      [Object Copy (ms): Min: 214.5, Avg: 215.7, Max: 216.9, Diff: 2.4, Sum: 431.5]
      [Termination (ms): Min: 0.0, Avg: 0.0, Max: 0.0, Diff: 0.0, Sum: 0.0]
      [GC Worker Other (ms): Min: 0.1, Avg: 0.1, Max: 0.1, Diff: 0.0, Sum: 0.2]
      [GC Worker Total (ms): Min: 405.2, Avg: 405.2, Max: 405.2, Diff: 0.0, Sum: 810.4]
      [GC Worker End (ms): Min: 29037650.2, Avg: 29037650.2, Max: 29037650.2, Diff: 0.0]
   [Code Root Fixup: 0.0 ms]
   [Clear CT: 0.7 ms]
   [Other: 11.8 ms]
      [Choose CSet: 0.0 ms]
      [Ref Proc: 4.1 ms]
      [Ref Enq: 0.1 ms]
      [Free CSet: 4.8 ms]
   [Eden: 954.0M(954.0M)->0.0B(957.0M) Survivors: 70.0M->67.0M Heap: 2091.4M(3072.0M)->1164.9M(3072.0M)]
 [Times: user=0.83 sys=0.00, real=0.42 secs] 
29042.453: [GC pause (young)
Desired survivor size 67108864 bytes, new threshold 2 (max 32)
- age   1:   35616376 bytes,   35616376 total
- age   2:   31575408 bytes,   67191784 total
, 0.4669240 secs]
   [Parallel Time: 451.2 ms, GC Workers: 2]
      [GC Worker Start (ms): Min: 29042454.8, Avg: 29042454.8, Max: 29042454.9, Diff: 0.0]
      [Ext Root Scanning (ms): Min: 58.7, Avg: 66.2, Max: 73.8, Diff: 15.0, Sum: 132.5]
      [Update RS (ms): Min: 37.1, Avg: 46.9, Max: 56.6, Diff: 19.5, Sum: 93.7]
         [Processed Buffers: Min: 65, Avg: 144.5, Max: 224, Diff: 159, Sum: 289]
      [Scan RS (ms): Min: 89.4, Avg: 89.4, Max: 89.4, Diff: 0.0, Sum: 178.7]
      [Object Copy (ms): Min: 246.2, Avg: 248.4, Max: 250.7, Diff: 4.4, Sum: 496.9]
      [Termination (ms): Min: 0.0, Avg: 0.0, Max: 0.0, Diff: 0.0, Sum: 0.0]
      [GC Worker Other (ms): Min: 0.1, Avg: 0.1, Max: 0.1, Diff: 0.0, Sum: 0.2]
      [GC Worker Total (ms): Min: 451.0, Avg: 451.0, Max: 451.0, Diff: 0.0, Sum: 902.0]
      [GC Worker End (ms): Min: 29042905.8, Avg: 29042905.9, Max: 29042905.9, Diff: 0.0]
   [Code Root Fixup: 0.0 ms]
   [Clear CT: 0.7 ms]
   [Other: 15.0 ms]
      [Choose CSet: 0.0 ms]
      [Ref Proc: 6.9 ms]
      [Ref Enq: 0.1 ms]
      [Free CSet: 5.3 ms]
   [Eden: 957.0M(957.0M)->0.0B(944.0M) Survivors: 67.0M->80.0M Heap: 2166.2M(3072.0M)->1249.2M(3072.0M)]
 [Times: user=0.92 sys=0.00, real=0.47 secs] 
29047.695: [GC pause (young)
Desired survivor size 67108864 bytes, new threshold 2 (max 32)
- age   1:   53012400 bytes,   53012400 total
- age   2:   27965776 bytes,   80978176 total
, 0.4507610 secs]
   [Parallel Time: 435.7 ms, GC Workers: 2]
      [GC Worker Start (ms): Min: 29047696.5, Avg: 29047696.5, Max: 29047696.5, Diff: 0.0]
      [Ext Root Scanning (ms): Min: 57.8, Avg: 67.8, Max: 77.8, Diff: 20.0, Sum: 135.6]
      [Update RS (ms): Min: 8.1, Avg: 20.5, Max: 33.0, Diff: 24.9, Sum: 41.1]
         [Processed Buffers: Min: 108, Avg: 169.5, Max: 231, Diff: 123, Sum: 339]
      [Scan RS (ms): Min: 71.8, Avg: 71.8, Max: 71.9, Diff: 0.0, Sum: 143.7]
      [Object Copy (ms): Min: 272.7, Avg: 275.2, Max: 277.7, Diff: 5.0, Sum: 550.4]
      [Termination (ms): Min: 0.0, Avg: 0.0, Max: 0.0, Diff: 0.0, Sum: 0.0]
      [GC Worker Other (ms): Min: 0.1, Avg: 0.1, Max: 0.1, Diff: 0.0, Sum: 0.2]
      [GC Worker Total (ms): Min: 435.5, Avg: 435.5, Max: 435.5, Diff: 0.0, Sum: 871.0]
      [GC Worker End (ms): Min: 29048132.0, Avg: 29048132.0, Max: 29048132.0, Diff: 0.0]
   [Code Root Fixup: 0.0 ms]
   [Clear CT: 0.7 ms]
   [Other: 14.3 ms]
      [Choose CSet: 0.0 ms]
      [Ref Proc: 6.8 ms]
      [Ref Enq: 0.1 ms]
      [Free CSet: 4.9 ms]
   [Eden: 876.0M(944.0M)->0.0B(928.0M) Survivors: 80.0M->96.0M Heap: 2174.9M(3072.0M)->1340.6M(3072.0M)]
 [Times: user=0.88 sys=0.00, real=0.45 secs] 
29053.822: [GC pause (young)
Desired survivor size 67108864 bytes, new threshold 2 (max 32)
- age   1:   65473376 bytes,   65473376 total
- age   2:   31325432 bytes,   96798808 total
, 0.4312900 secs]
   [Parallel Time: 417.5 ms, GC Workers: 2]
      [GC Worker Start (ms): Min: 29053824.2, Avg: 29053824.2, Max: 29053824.3, Diff: 0.1]
      [Ext Root Scanning (ms): Min: 61.9, Avg: 68.5, Max: 75.1, Diff: 13.2, Sum: 137.0]
      [Update RS (ms): Min: 49.6, Avg: 58.6, Max: 67.6, Diff: 18.0, Sum: 117.2]
         [Processed Buffers: Min: 141, Avg: 145.5, Max: 150, Diff: 9, Sum: 291]
      [Scan RS (ms): Min: 66.7, Avg: 66.8, Max: 66.8, Diff: 0.1, Sum: 133.5]
      [Object Copy (ms): Min: 220.9, Avg: 223.4, Max: 225.8, Diff: 4.9, Sum: 446.8]
      [Termination (ms): Min: 0.0, Avg: 0.0, Max: 0.0, Diff: 0.0, Sum: 0.0]
      [GC Worker Other (ms): Min: 0.1, Avg: 0.1, Max: 0.1, Diff: 0.0, Sum: 0.2]
      [GC Worker Total (ms): Min: 417.3, Avg: 417.4, Max: 417.4, Diff: 0.1, Sum: 834.7]
      [GC Worker End (ms): Min: 29054241.6, Avg: 29054241.6, Max: 29054241.6, Diff: 0.0]
   [Code Root Fixup: 0.0 ms]
   [Clear CT: 0.7 ms]
   [Other: 13.1 ms]
      [Choose CSet: 0.0 ms]
      [Ref Proc: 5.1 ms]
      [Ref Enq: 0.1 ms]
      [Free CSet: 4.7 ms]
   [Eden: 928.0M(928.0M)->0.0B(954.0M) Survivors: 96.0M->70.0M Heap: 2282.1M(3072.0M)->1357.6M(3072.0M)]
 [Times: user=0.85 sys=0.00, real=0.43 secs] 
29059.100: [GC pause (young) (initial-mark)
Desired survivor size 67108864 bytes, new threshold 2 (max 32)
- age   1:   43081104 bytes,   43081104 total
- age   2:   26569896 bytes,   69651000 total
, 0.4756990 secs]
   [Parallel Time: 463.4 ms, GC Workers: 2]
      [GC Worker Start (ms): Min: 29059101.8, Avg: 29059101.8, Max: 29059101.8, Diff: 0.0]
      [Ext Root Scanning (ms): Min: 55.1, Avg: 70.3, Max: 85.4, Diff: 30.3, Sum: 140.5]
      [Update RS (ms): Min: 52.7, Avg: 67.6, Max: 82.5, Diff: 29.8, Sum: 135.1]
         [Processed Buffers: Min: 106, Avg: 161.5, Max: 217, Diff: 111, Sum: 323]
      [Scan RS (ms): Min: 63.4, Avg: 63.4, Max: 63.4, Diff: 0.1, Sum: 126.8]
      [Object Copy (ms): Min: 261.6, Avg: 261.9, Max: 262.2, Diff: 0.6, Sum: 523.8]
      [Termination (ms): Min: 0.0, Avg: 0.0, Max: 0.0, Diff: 0.0, Sum: 0.0]
      [GC Worker Other (ms): Min: 0.1, Avg: 0.1, Max: 0.1, Diff: 0.0, Sum: 0.2]
      [GC Worker Total (ms): Min: 463.2, Avg: 463.2, Max: 463.3, Diff: 0.1, Sum: 926.5]
      [GC Worker End (ms): Min: 29059565.0, Avg: 29059565.1, Max: 29059565.1, Diff: 0.0]
   [Code Root Fixup: 0.0 ms]
   [Clear CT: 0.7 ms]
   [Other: 11.6 ms]
      [Choose CSet: 0.0 ms]
      [Ref Proc: 4.0 ms]
      [Ref Enq: 0.1 ms]
      [Free CSet: 4.4 ms]
   [Eden: 954.0M(954.0M)->0.0B(946.0M) Survivors: 70.0M->78.0M Heap: 2311.6M(3072.0M)->1389.6M(3072.0M)]
 [Times: user=0.93 sys=0.00, real=0.48 secs] 
29059.576: [GC concurrent-root-region-scan-start]
29059.872: [GC concurrent-root-region-scan-end, 0.2963760 secs]
29059.872: [GC concurrent-mark-start]
29062.130: [GC pause (young)
Desired survivor size 67108864 bytes, new threshold 2 (max 32)
- age   1:   46213952 bytes,   46213952 total
- age   2:   33238920 bytes,   79452872 total
, 0.3254910 secs]
   [Parallel Time: 316.9 ms, GC Workers: 2]
      [GC Worker Start (ms): Min: 29062130.9, Avg: 29062130.9, Max: 29062130.9, Diff: 0.0]
      [Ext Root Scanning (ms): Min: 56.7, Avg: 66.1, Max: 75.5, Diff: 18.8, Sum: 132.3]
      [SATB Filtering (ms): Min: 0.0, Avg: 0.5, Max: 1.0, Diff: 1.0, Sum: 1.0]
      [Update RS (ms): Min: 7.4, Avg: 18.3, Max: 29.3, Diff: 21.9, Sum: 36.7]
         [Processed Buffers: Min: 124, Avg: 135.5, Max: 147, Diff: 23, Sum: 271]
      [Scan RS (ms): Min: 43.1, Avg: 43.4, Max: 43.7, Diff: 0.6, Sum: 86.8]
      [Object Copy (ms): Min: 186.0, Avg: 188.3, Max: 190.7, Diff: 4.7, Sum: 376.7]
      [Termination (ms): Min: 0.0, Avg: 0.0, Max: 0.0, Diff: 0.0, Sum: 0.0]
      [GC Worker Other (ms): Min: 0.1, Avg: 0.1, Max: 0.1, Diff: 0.0, Sum: 0.2]
      [GC Worker Total (ms): Min: 316.8, Avg: 316.8, Max: 316.8, Diff: 0.0, Sum: 633.6]
      [GC Worker End (ms): Min: 29062447.7, Avg: 29062447.7, Max: 29062447.7, Diff: 0.0]
   [Code Root Fixup: 0.0 ms]
   [Clear CT: 0.6 ms]
   [Other: 8.0 ms]
      [Choose CSet: 0.0 ms]
      [Ref Proc: 3.2 ms]
      [Ref Enq: 0.0 ms]
      [Free CSet: 2.6 ms]
   [Eden: 581.0M(946.0M)->0.0B(951.0M) Survivors: 78.0M->73.0M Heap: 1991.3M(3072.0M)->1430.1M(3072.0M)]
 [Times: user=0.64 sys=0.00, real=0.33 secs] 
29064.037: [GC concurrent-mark-end, 4.1650080 secs]
29064.040: [GC remark 29064.042: [GC ref-proc, 0.0952430 secs], 0.1659450 secs]
 [Times: user=0.17 sys=0.00, real=0.17 secs] 
29064.207: [GC cleanup 1677M->1448M(3072M), 0.0267210 secs]
 [Times: user=0.06 sys=0.01, real=0.03 secs] 
29064.235: [GC concurrent-cleanup-start]
29064.235: [GC concurrent-cleanup-end, 0.0005300 secs]
29070.560: [GC pause (young)
Desired survivor size 67108864 bytes, new threshold 2 (max 32)
- age   1:   39648488 bytes,   39648488 total
- age   2:   34465680 bytes,   74114168 total
, 0.3713060 secs]
   [Parallel Time: 362.8 ms, GC Workers: 2]
      [GC Worker Start (ms): Min: 29070560.8, Avg: 29070560.8, Max: 29070560.8, Diff: 0.0]
      [Ext Root Scanning (ms): Min: 59.5, Avg: 67.4, Max: 75.2, Diff: 15.7, Sum: 134.7]
      [Update RS (ms): Min: 17.6, Avg: 28.1, Max: 38.6, Diff: 21.0, Sum: 56.1]
         [Processed Buffers: Min: 103, Avg: 140.5, Max: 178, Diff: 75, Sum: 281]
      [Scan RS (ms): Min: 50.0, Avg: 50.4, Max: 50.8, Diff: 0.8, Sum: 100.9]
      [Object Copy (ms): Min: 214.5, Avg: 216.7, Max: 219.0, Diff: 4.6, Sum: 433.5]
      [Termination (ms): Min: 0.0, Avg: 0.0, Max: 0.0, Diff: 0.0, Sum: 0.0]
      [GC Worker Other (ms): Min: 0.1, Avg: 0.1, Max: 0.1, Diff: 0.0, Sum: 0.2]
      [GC Worker Total (ms): Min: 362.7, Avg: 362.7, Max: 362.8, Diff: 0.0, Sum: 725.5]
      [GC Worker End (ms): Min: 29070923.6, Avg: 29070923.6, Max: 29070923.6, Diff: 0.0]
   [Code Root Fixup: 0.0 ms]
   [Clear CT: 0.7 ms]
   [Other: 7.7 ms]
      [Choose CSet: 0.0 ms]
      [Ref Proc: 3.6 ms]
      [Ref Enq: 0.1 ms]
      [Free CSet: 2.4 ms]
   [Eden: 951.0M(951.0M)->0.0B(937.0M) Survivors: 73.0M->87.0M Heap: 2255.2M(3072.0M)->1342.1M(3072.0M)]
 [Times: user=0.74 sys=0.00, real=0.37 secs] 
29076.574: [GC pause (mixed)
Desired survivor size 67108864 bytes, new threshold 1 (max 32)
- age   1:   67156344 bytes,   67156344 total
- age   2:   20298472 bytes,   87454816 total
, 0.2448810 secs]
   [Parallel Time: 234.3 ms, GC Workers: 2]
      [GC Worker Start (ms): Min: 29076575.5, Avg: 29076575.6, Max: 29076575.6, Diff: 0.1]
      [Ext Root Scanning (ms): Min: 58.7, Avg: 66.7, Max: 74.6, Diff: 15.9, Sum: 133.4]
      [Update RS (ms): Min: 4.3, Avg: 14.7, Max: 25.1, Diff: 20.8, Sum: 29.5]
         [Processed Buffers: Min: 95, Avg: 180.5, Max: 266, Diff: 171, Sum: 361]
      [Scan RS (ms): Min: 51.7, Avg: 51.8, Max: 51.9, Diff: 0.1, Sum: 103.6]
      [Object Copy (ms): Min: 98.4, Avg: 100.8, Max: 103.3, Diff: 5.0, Sum: 201.7]
      [Termination (ms): Min: 0.0, Avg: 0.0, Max: 0.0, Diff: 0.0, Sum: 0.0]
      [GC Worker Other (ms): Min: 0.1, Avg: 0.1, Max: 0.1, Diff: 0.0, Sum: 0.2]
      [GC Worker Total (ms): Min: 234.1, Avg: 234.1, Max: 234.2, Diff: 0.1, Sum: 468.3]
      [GC Worker End (ms): Min: 29076809.7, Avg: 29076809.7, Max: 29076809.7, Diff: 0.0]
   [Code Root Fixup: 0.0 ms]
   [Clear CT: 0.8 ms]
   [Other: 9.7 ms]
      [Choose CSet: 0.8 ms]
      [Ref Proc: 3.8 ms]
      [Ref Enq: 0.1 ms]
      [Free CSet: 3.4 ms]
   [Eden: 908.0M(937.0M)->0.0B(1006.0M) Survivors: 87.0M->18.0M Heap: 2262.3M(3072.0M)->1240.7M(3072.0M)]
 [Times: user=0.47 sys=0.00, real=0.25 secs] 
29081.396: [GC pause (mixed)
Desired survivor size 67108864 bytes, new threshold 16 (max 32)
- age   1:   16454240 bytes,   16454240 total
, 0.3292880 secs]
   [Parallel Time: 316.9 ms, GC Workers: 2]
      [GC Worker Start (ms): Min: 29081399.3, Avg: 29081399.3, Max: 29081399.4, Diff: 0.0]
      [Ext Root Scanning (ms): Min: 62.4, Avg: 70.1, Max: 77.8, Diff: 15.4, Sum: 140.2]
      [Update RS (ms): Min: 14.3, Avg: 25.0, Max: 35.7, Diff: 21.4, Sum: 49.9]
         [Processed Buffers: Min: 86, Avg: 151.0, Max: 216, Diff: 130, Sum: 302]
      [Scan RS (ms): Min: 75.3, Avg: 75.4, Max: 75.4, Diff: 0.1, Sum: 150.7]
      [Object Copy (ms): Min: 143.3, Avg: 146.3, Max: 149.2, Diff: 5.9, Sum: 292.5]
      [Termination (ms): Min: 0.0, Avg: 0.0, Max: 0.0, Diff: 0.0, Sum: 0.0]
      [GC Worker Other (ms): Min: 0.1, Avg: 0.1, Max: 0.1, Diff: 0.0, Sum: 0.2]
      [GC Worker Total (ms): Min: 316.8, Avg: 316.8, Max: 316.8, Diff: 0.0, Sum: 633.6]
      [GC Worker End (ms): Min: 29081716.1, Avg: 29081716.1, Max: 29081716.1, Diff: 0.0]
   [Code Root Fixup: 0.0 ms]
   [Clear CT: 1.2 ms]
   [Other: 11.2 ms]
      [Choose CSet: 1.6 ms]
      [Ref Proc: 3.7 ms]
      [Ref Enq: 0.1 ms]
      [Free CSet: 3.6 ms]
   [Eden: 1006.0M(1006.0M)->0.0B(966.0M) Survivors: 18.0M->58.0M Heap: 2281.1M(3072.0M)->1233.6M(3072.0M)]
 [Times: user=0.64 sys=0.00, real=0.33 secs] 
29086.926: [GC pause (young)
Desired survivor size 67108864 bytes, new threshold 16 (max 32)
- age   1:   43661344 bytes,   43661344 total
- age   2:   13695976 bytes,   57357320 total
, 0.2843130 secs]
   [Parallel Time: 272.6 ms, GC Workers: 2]
      [GC Worker Start (ms): Min: 29086927.6, Avg: 29086927.6, Max: 29086927.6, Diff: 0.0]
      [Ext Root Scanning (ms): Min: 58.8, Avg: 67.9, Max: 77.0, Diff: 18.3, Sum: 135.8]
      [Update RS (ms): Min: 10.9, Avg: 22.9, Max: 34.8, Diff: 23.9, Sum: 45.8]
         [Processed Buffers: Min: 134, Avg: 146.5, Max: 159, Diff: 25, Sum: 293]
      [Scan RS (ms): Min: 36.8, Avg: 36.9, Max: 37.0, Diff: 0.2, Sum: 73.9]
      [Object Copy (ms): Min: 141.7, Avg: 144.6, Max: 147.5, Diff: 5.8, Sum: 289.2]
      [Termination (ms): Min: 0.0, Avg: 0.0, Max: 0.0, Diff: 0.0, Sum: 0.0]
      [GC Worker Other (ms): Min: 0.1, Avg: 0.1, Max: 0.1, Diff: 0.0, Sum: 0.2]
      [GC Worker Total (ms): Min: 272.5, Avg: 272.5, Max: 272.5, Diff: 0.0, Sum: 544.9]
      [GC Worker End (ms): Min: 29087200.0, Avg: 29087200.0, Max: 29087200.0, Diff: 0.0]
   [Code Root Fixup: 0.0 ms]
   [Clear CT: 0.8 ms]
   [Other: 10.9 ms]
      [Choose CSet: 0.0 ms]
      [Ref Proc: 6.0 ms]
      [Ref Enq: 0.1 ms]
      [Free CSet: 3.3 ms]
   [Eden: 966.0M(966.0M)->0.0B(965.0M) Survivors: 58.0M->59.0M Heap: 2211.6M(3072.0M)->1246.1M(3072.0M)]
 [Times: user=0.55 sys=0.00, real=0.29 secs] 
29093.152: [GC pause (young)
Desired survivor size 67108864 bytes, new threshold 16 (max 32)
- age   1:   37735560 bytes,   37735560 total
- age   2:   12124464 bytes,   49860024 total
- age   3:    8628448 bytes,   58488472 total
, 0.2502240 secs]
   [Parallel Time: 240.9 ms, GC Workers: 2]
      [GC Worker Start (ms): Min: 29093152.5, Avg: 29093152.6, Max: 29093152.7, Diff: 0.2]
      [Ext Root Scanning (ms): Min: 63.6, Avg: 70.8, Max: 78.1, Diff: 14.4, Sum: 141.7]
      [Update RS (ms): Min: 16.8, Avg: 26.0, Max: 35.1, Diff: 18.3, Sum: 52.0]
         [Processed Buffers: Min: 169, Avg: 171.5, Max: 174, Diff: 5, Sum: 343]
      [Scan RS (ms): Min: 22.1, Avg: 22.1, Max: 22.2, Diff: 0.1, Sum: 44.3]
      [Object Copy (ms): Min: 119.5, Avg: 121.5, Max: 123.6, Diff: 4.1, Sum: 243.0]
      [Termination (ms): Min: 0.0, Avg: 0.0, Max: 0.0, Diff: 0.0, Sum: 0.0]
      [GC Worker Other (ms): Min: 0.1, Avg: 0.1, Max: 0.1, Diff: 0.1, Sum: 0.2]
      [GC Worker Total (ms): Min: 240.5, Avg: 240.6, Max: 240.7, Diff: 0.2, Sum: 481.2]
      [GC Worker End (ms): Min: 29093393.2, Avg: 29093393.2, Max: 29093393.2, Diff: 0.0]
   [Code Root Fixup: 0.0 ms]
   [Clear CT: 1.1 ms]
   [Other: 8.3 ms]
      [Choose CSet: 0.0 ms]
      [Ref Proc: 4.8 ms]
      [Ref Enq: 0.1 ms]
      [Free CSet: 2.3 ms]
   [Eden: 965.0M(965.0M)->0.0B(960.0M) Survivors: 59.0M->64.0M Heap: 2237.3M(3072.0M)->1277.3M(3072.0M)]
 [Times: user=0.49 sys=0.00, real=0.25 secs] 
29100.633: [GC pause (young)
Desired survivor size 67108864 bytes, new threshold 16 (max 32)
- age   1:   25576400 bytes,   25576400 total
- age   2:   21769960 bytes,   47346360 total
- age   3:   10448144 bytes,   57794504 total
- age   4:    6183304 bytes,   63977808 total
, 0.2831620 secs]
   [Parallel Time: 270.7 ms, GC Workers: 2]
      [GC Worker Start (ms): Min: 29100633.5, Avg: 29100633.5, Max: 29100633.5, Diff: 0.0]
      [Ext Root Scanning (ms): Min: 69.3, Avg: 75.5, Max: 81.6, Diff: 12.4, Sum: 150.9]
      [Update RS (ms): Min: 17.7, Avg: 26.4, Max: 35.2, Diff: 17.4, Sum: 52.9]
         [Processed Buffers: Min: 110, Avg: 153.0, Max: 196, Diff: 86, Sum: 306]
      [Scan RS (ms): Min: 22.8, Avg: 22.8, Max: 22.9, Diff: 0.1, Sum: 45.7]
      [Object Copy (ms): Min: 142.8, Avg: 145.4, Max: 148.0, Diff: 5.2, Sum: 290.9]
      [Termination (ms): Min: 0.0, Avg: 0.0, Max: 0.0, Diff: 0.0, Sum: 0.0]
      [GC Worker Other (ms): Min: 0.1, Avg: 0.1, Max: 0.1, Diff: 0.0, Sum: 0.2]
      [GC Worker Total (ms): Min: 270.3, Avg: 270.3, Max: 270.3, Diff: 0.0, Sum: 540.5]
      [GC Worker End (ms): Min: 29100903.7, Avg: 29100903.7, Max: 29100903.8, Diff: 0.0]
   [Code Root Fixup: 0.0 ms]
   [Clear CT: 0.7 ms]
   [Other: 11.8 ms]
      [Choose CSet: 0.0 ms]
      [Ref Proc: 8.1 ms]
      [Ref Enq: 0.2 ms]
      [Free CSet: 2.3 ms]
   [Eden: 960.0M(960.0M)->0.0B(950.0M) Survivors: 64.0M->74.0M Heap: 2257.0M(3072.0M)->1307.0M(3072.0M)]
 [Times: user=0.53 sys=0.01, real=0.28 secs] 
29105.320: [GC pause (young)
Desired survivor size 67108864 bytes, new threshold 4 (max 32)
- age   1:   25710352 bytes,   25710352 total
- age   2:   12425848 bytes,   38136200 total
- age   3:   20129896 bytes,   58266096 total
- age   4:    9979280 bytes,   68245376 total
- age   5:    4962472 bytes,   73207848 total
, 0.2439190 secs]
   [Parallel Time: 236.9 ms, GC Workers: 2]
      [GC Worker Start (ms): Min: 29105321.2, Avg: 29105321.2, Max: 29105321.2, Diff: 0.0]
      [Ext Root Scanning (ms): Min: 60.9, Avg: 68.1, Max: 75.3, Diff: 14.4, Sum: 136.2]
      [Update RS (ms): Min: 3.4, Avg: 13.3, Max: 23.3, Diff: 19.8, Sum: 26.7]
         [Processed Buffers: Min: 125, Avg: 163.5, Max: 202, Diff: 77, Sum: 327]
      [Scan RS (ms): Min: 22.4, Avg: 22.8, Max: 23.1, Diff: 0.7, Sum: 45.5]
      [Object Copy (ms): Min: 130.2, Avg: 132.5, Max: 134.9, Diff: 4.7, Sum: 265.0]
      [Termination (ms): Min: 0.0, Avg: 0.0, Max: 0.0, Diff: 0.0, Sum: 0.0]
      [GC Worker Other (ms): Min: 0.1, Avg: 0.1, Max: 0.1, Diff: 0.0, Sum: 0.1]
      [GC Worker Total (ms): Min: 236.8, Avg: 236.8, Max: 236.8, Diff: 0.0, Sum: 473.6]
      [GC Worker End (ms): Min: 29105558.0, Avg: 29105558.0, Max: 29105558.0, Diff: 0.0]
   [Code Root Fixup: 0.0 ms]
   [Clear CT: 0.5 ms]
   [Other: 6.5 ms]
      [Choose CSet: 0.0 ms]
      [Ref Proc: 3.2 ms]
      [Ref Enq: 0.1 ms]
      [Free CSet: 1.9 ms]
   [Eden: 680.0M(950.0M)->0.0B(966.0M) Survivors: 74.0M->58.0M Heap: 2000.4M(3072.0M)->1318.1M(3072.0M)]
 [Times: user=0.48 sys=0.00, real=0.25 secs] 
29108.191: [GC pause (young) (initial-mark)
Desired survivor size 67108864 bytes, new threshold 16 (max 32)
- age   1:   20033160 bytes,   20033160 total
- age   2:   11645144 bytes,   31678304 total
- age   3:    6193584 bytes,   37871888 total
- age   4:   19685712 bytes,   57557600 total
, 0.2722780 secs]
   [Parallel Time: 267.2 ms, GC Workers: 2]
      [GC Worker Start (ms): Min: 29108192.1, Avg: 29108192.1, Max: 29108192.1, Diff: 0.0]
      [Ext Root Scanning (ms): Min: 57.5, Avg: 69.9, Max: 82.2, Diff: 24.6, Sum: 139.7]
      [Update RS (ms): Min: 9.2, Avg: 19.7, Max: 30.2, Diff: 21.0, Sum: 39.4]
         [Processed Buffers: Min: 114, Avg: 163.5, Max: 213, Diff: 99, Sum: 327]
      [Scan RS (ms): Min: 16.4, Avg: 16.4, Max: 16.4, Diff: 0.0, Sum: 32.8]
      [Object Copy (ms): Min: 159.3, Avg: 161.1, Max: 162.8, Diff: 3.6, Sum: 322.1]
      [Termination (ms): Min: 0.0, Avg: 0.0, Max: 0.0, Diff: 0.0, Sum: 0.0]
      [GC Worker Other (ms): Min: 0.1, Avg: 0.1, Max: 0.1, Diff: 0.0, Sum: 0.2]
      [GC Worker Total (ms): Min: 267.1, Avg: 267.1, Max: 267.1, Diff: 0.1, Sum: 534.2]
      [GC Worker End (ms): Min: 29108459.2, Avg: 29108459.2, Max: 29108459.2, Diff: 0.0]
   [Code Root Fixup: 0.0 ms]
   [Clear CT: 0.5 ms]
   [Other: 4.6 ms]
      [Choose CSet: 0.0 ms]
      [Ref Proc: 1.7 ms]
      [Ref Enq: 0.0 ms]
      [Free CSet: 1.2 ms]
   [Eden: 400.0M(966.0M)->0.0B(953.0M) Survivors: 58.0M->71.0M Heap: 1730.4M(3072.0M)->1344.3M(3072.0M)]
 [Times: user=0.53 sys=0.00, real=0.27 secs] 
29108.464: [GC concurrent-root-region-scan-start]
29108.573: [GC concurrent-root-region-scan-end, 0.1094000 secs]
29108.573: [GC concurrent-mark-start]
29109.513: [GC concurrent-mark-end, 0.9400790 secs]
29109.517: [GC remark 29109.518: [GC ref-proc, 0.0180310 secs], 0.0880380 secs]
 [Times: user=0.09 sys=0.00, real=0.09 secs] 
29109.606: [GC cleanup 1512M->1178M(3072M), 0.0244460 secs]
 [Times: user=0.05 sys=0.00, real=0.02 secs] 
29109.631: [GC concurrent-cleanup-start]
29109.632: [GC concurrent-cleanup-end, 0.0008080 secs]
29113.620: [GC pause (young)
Desired survivor size 67108864 bytes, new threshold 5 (max 32)
- age   1:   24903432 bytes,   24903432 total
- age   2:   12587152 bytes,   37490584 total
- age   3:    8849120 bytes,   46339704 total
- age   4:    5482056 bytes,   51821760 total
- age   5:   19603088 bytes,   71424848 total
, 0.5211610 secs]
   [Parallel Time: 514.3 ms, GC Workers: 2]
      [GC Worker Start (ms): Min: 29113620.7, Avg: 29113620.7, Max: 29113620.7, Diff: 0.0]
      [Ext Root Scanning (ms): Min: 61.4, Avg: 68.8, Max: 76.1, Diff: 14.7, Sum: 137.5]
      [Update RS (ms): Min: 40.8, Avg: 49.7, Max: 58.6, Diff: 17.9, Sum: 99.4]
         [Processed Buffers: Min: 74, Avg: 141.0, Max: 208, Diff: 134, Sum: 282]
      [Scan RS (ms): Min: 6.2, Avg: 6.6, Max: 6.9, Diff: 0.7, Sum: 13.1]
      [Object Copy (ms): Min: 387.1, Avg: 389.0, Max: 391.0, Diff: 3.9, Sum: 778.0]
      [Termination (ms): Min: 0.0, Avg: 0.0, Max: 0.0, Diff: 0.0, Sum: 0.0]
      [GC Worker Other (ms): Min: 0.1, Avg: 0.1, Max: 0.1, Diff: 0.0, Sum: 0.2]
      [GC Worker Total (ms): Min: 514.1, Avg: 514.1, Max: 514.2, Diff: 0.0, Sum: 1028.3]
      [GC Worker End (ms): Min: 29114134.8, Avg: 29114134.8, Max: 29114134.8, Diff: 0.0]
   [Code Root Fixup: 0.0 ms]
   [Clear CT: 0.7 ms]
   [Other: 6.2 ms]
      [Choose CSet: 0.0 ms]
      [Ref Proc: 2.8 ms]
      [Ref Enq: 0.0 ms]
      [Free CSet: 1.9 ms]
   [Eden: 953.0M(953.0M)->0.0B(896.0M) Survivors: 71.0M->128.0M Heap: 1969.6M(3072.0M)->1110.5M(3072.0M)]
 [Times: user=1.03 sys=0.00, real=0.52 secs] 
29119.622: [GC pause (mixed)
Desired survivor size 67108864 bytes, new threshold 1 (max 32)
- age   1:  122044440 bytes,  122044440 total
- age   2:   17848456 bytes,  139892896 total
- age   3:    8392656 bytes,  148285552 total
- age   4:    7236048 bytes,  155521600 total
- age   5:    4500128 bytes,  160021728 total
, 0.6977840 secs]
   [Parallel Time: 685.8 ms, GC Workers: 2]
      [GC Worker Start (ms): Min: 29119622.9, Avg: 29119622.9, Max: 29119622.9, Diff: 0.0]
      [Ext Root Scanning (ms): Min: 63.9, Avg: 70.0, Max: 76.2, Diff: 12.3, Sum: 140.0]
      [Update RS (ms): Min: 83.0, Avg: 90.8, Max: 98.5, Diff: 15.5, Sum: 181.6]
         [Processed Buffers: Min: 175, Avg: 182.0, Max: 189, Diff: 14, Sum: 364]
      [Scan RS (ms): Min: 79.2, Avg: 79.4, Max: 79.5, Diff: 0.3, Sum: 158.8]
      [Object Copy (ms): Min: 444.0, Avg: 445.4, Max: 446.8, Diff: 2.9, Sum: 890.8]
      [Termination (ms): Min: 0.0, Avg: 0.0, Max: 0.0, Diff: 0.0, Sum: 0.0]
      [GC Worker Other (ms): Min: 0.1, Avg: 0.1, Max: 0.1, Diff: 0.0, Sum: 0.2]
      [GC Worker Total (ms): Min: 685.7, Avg: 685.7, Max: 685.7, Diff: 0.0, Sum: 1371.4]
      [GC Worker End (ms): Min: 29120308.6, Avg: 29120308.6, Max: 29120308.6, Diff: 0.0]
   [Code Root Fixup: 0.0 ms]
   [Clear CT: 1.0 ms]
   [Other: 11.0 ms]
      [Choose CSet: 0.6 ms]
      [Ref Proc: 3.8 ms]
      [Ref Enq: 0.1 ms]
      [Free CSet: 3.6 ms]
   [Eden: 896.0M(896.0M)->0.0B(966.0M) Survivors: 128.0M->58.0M Heap: 2012.5M(3072.0M)->1070.0M(3072.0M)]
 [Times: user=1.37 sys=0.01, real=0.70 secs] 
29127.216: [GC pause (mixed)
Desired survivor size 67108864 bytes, new threshold 16 (max 32)
- age   1:   57528680 bytes,   57528680 total
, 0.4538780 secs]
   [Parallel Time: 442.1 ms, GC Workers: 2]
      [GC Worker Start (ms): Min: 29127218.1, Avg: 29127218.2, Max: 29127218.2, Diff: 0.1]
      [Ext Root Scanning (ms): Min: 59.5, Avg: 69.0, Max: 78.6, Diff: 19.2, Sum: 138.1]
      [Update RS (ms): Min: 61.4, Avg: 73.3, Max: 85.3, Diff: 24.0, Sum: 146.7]
         [Processed Buffers: Min: 150, Avg: 159.0, Max: 168, Diff: 18, Sum: 318]
      [Scan RS (ms): Min: 76.6, Avg: 76.6, Max: 76.7, Diff: 0.1, Sum: 153.3]
      [Object Copy (ms): Min: 220.2, Avg: 222.7, Max: 225.2, Diff: 5.0, Sum: 445.5]
      [Termination (ms): Min: 0.0, Avg: 0.0, Max: 0.0, Diff: 0.0, Sum: 0.0]
      [GC Worker Other (ms): Min: 0.1, Avg: 0.1, Max: 0.1, Diff: 0.0, Sum: 0.2]
      [GC Worker Total (ms): Min: 441.8, Avg: 441.9, Max: 441.9, Diff: 0.1, Sum: 883.7]
      [GC Worker End (ms): Min: 29127660.0, Avg: 29127660.0, Max: 29127660.1, Diff: 0.0]
   [Code Root Fixup: 0.0 ms]
   [Clear CT: 0.9 ms]
   [Other: 10.9 ms]
      [Choose CSet: 0.8 ms]
      [Ref Proc: 3.8 ms]
      [Ref Enq: 0.1 ms]
      [Free CSet: 4.4 ms]
   [Eden: 966.0M(966.0M)->0.0B(936.0M) Survivors: 58.0M->88.0M Heap: 2079.9M(3072.0M)->1051.9M(3072.0M)]
 [Times: user=0.89 sys=0.00, real=0.45 secs] 
29132.805: [GC pause (mixed)
Desired survivor size 67108864 bytes, new threshold 2 (max 32)
- age   1:   41349400 bytes,   41349400 total
- age   2:   48131288 bytes,   89480688 total
, 0.4888250 secs]
   [Parallel Time: 476.3 ms, GC Workers: 2]
      [GC Worker Start (ms): Min: 29132807.0, Avg: 29132807.0, Max: 29132807.0, Diff: 0.0]
      [Ext Root Scanning (ms): Min: 59.7, Avg: 68.0, Max: 76.3, Diff: 16.6, Sum: 136.0]
      [Update RS (ms): Min: 53.2, Avg: 63.6, Max: 74.0, Diff: 20.8, Sum: 127.2]
         [Processed Buffers: Min: 103, Avg: 162.0, Max: 221, Diff: 118, Sum: 324]
      [Scan RS (ms): Min: 89.8, Avg: 89.9, Max: 89.9, Diff: 0.1, Sum: 179.7]
      [Object Copy (ms): Min: 252.5, Avg: 254.6, Max: 256.8, Diff: 4.3, Sum: 509.3]
      [Termination (ms): Min: 0.0, Avg: 0.0, Max: 0.0, Diff: 0.0, Sum: 0.0]
      [GC Worker Other (ms): Min: 0.1, Avg: 0.1, Max: 0.1, Diff: 0.0, Sum: 0.2]
      [GC Worker Total (ms): Min: 476.2, Avg: 476.2, Max: 476.2, Diff: 0.0, Sum: 952.4]
      [GC Worker End (ms): Min: 29133283.1, Avg: 29133283.2, Max: 29133283.2, Diff: 0.0]
   [Code Root Fixup: 0.0 ms]
   [Clear CT: 0.9 ms]
   [Other: 11.7 ms]
      [Choose CSet: 1.1 ms]
      [Ref Proc: 3.0 ms]
      [Ref Enq: 0.0 ms]
      [Free CSet: 4.9 ms]
   [Eden: 936.0M(936.0M)->0.0B(964.0M) Survivors: 88.0M->60.0M Heap: 1991.9M(3072.0M)->981.4M(3072.0M)]
 [Times: user=0.96 sys=0.00, real=0.49 secs] 
29139.619: [GC pause (mixed)
Desired survivor size 67108864 bytes, new threshold 16 (max 32)
- age   1:   31487312 bytes,   31487312 total
- age   2:   29120552 bytes,   60607864 total
, 0.4573860 secs]
   [Parallel Time: 444.0 ms, GC Workers: 2]
      [GC Worker Start (ms): Min: 29139622.2, Avg: 29139622.2, Max: 29139622.2, Diff: 0.0]
      [Ext Root Scanning (ms): Min: 67.1, Avg: 74.3, Max: 81.6, Diff: 14.5, Sum: 148.7]
      [Update RS (ms): Min: 37.8, Avg: 47.8, Max: 57.7, Diff: 19.9, Sum: 95.5]
         [Processed Buffers: Min: 91, Avg: 170.5, Max: 250, Diff: 159, Sum: 341]
      [Scan RS (ms): Min: 84.7, Avg: 84.8, Max: 84.9, Diff: 0.2, Sum: 169.5]
      [Object Copy (ms): Min: 234.3, Avg: 236.9, Max: 239.6, Diff: 5.2, Sum: 473.9]
      [Termination (ms): Min: 0.0, Avg: 0.0, Max: 0.0, Diff: 0.0, Sum: 0.0]
      [GC Worker Other (ms): Min: 0.1, Avg: 0.1, Max: 0.1, Diff: 0.0, Sum: 0.2]
      [GC Worker Total (ms): Min: 443.9, Avg: 443.9, Max: 443.9, Diff: 0.0, Sum: 887.8]
      [GC Worker End (ms): Min: 29140066.1, Avg: 29140066.1, Max: 29140066.1, Diff: 0.0]
   [Code Root Fixup: 0.0 ms]
   [Clear CT: 0.9 ms]
   [Other: 12.5 ms]
      [Choose CSet: 1.1 ms]
      [Ref Proc: 3.5 ms]
      [Ref Enq: 0.1 ms]
      [Free CSet: 5.4 ms]
   [Eden: 964.0M(964.0M)->0.0B(934.0M) Survivors: 60.0M->90.0M Heap: 1977.0M(3072.0M)->979.5M(3072.0M)]
 [Times: user=0.89 sys=0.01, real=0.46 secs] 
29145.962: [GC pause (young)
Desired survivor size 67108864 bytes, new threshold 3 (max 32)
- age   1:   40449456 bytes,   40449456 total
- age   2:   25906800 bytes,   66356256 total
- age   3:   25910008 bytes,   92266264 total
, 0.4433550 secs]
   [Parallel Time: 431.6 ms, GC Workers: 2]
      [GC Worker Start (ms): Min: 29145963.4, Avg: 29145963.5, Max: 29145963.5, Diff: 0.1]
      [Ext Root Scanning (ms): Min: 59.7, Avg: 68.5, Max: 77.3, Diff: 17.6, Sum: 137.0]
      [Update RS (ms): Min: 51.2, Avg: 62.5, Max: 73.7, Diff: 22.5, Sum: 125.0]
         [Processed Buffers: Min: 79, Avg: 153.0, Max: 227, Diff: 148, Sum: 306]
      [Scan RS (ms): Min: 59.2, Avg: 59.2, Max: 59.3, Diff: 0.1, Sum: 118.5]
      [Object Copy (ms): Min: 238.5, Avg: 241.0, Max: 243.6, Diff: 5.1, Sum: 482.1]
      [Termination (ms): Min: 0.0, Avg: 0.0, Max: 0.0, Diff: 0.0, Sum: 0.0]
      [GC Worker Other (ms): Min: 0.1, Avg: 0.1, Max: 0.1, Diff: 0.0, Sum: 0.2]
      [GC Worker Total (ms): Min: 431.3, Avg: 431.3, Max: 431.4, Diff: 0.1, Sum: 862.7]
      [GC Worker End (ms): Min: 29146394.8, Avg: 29146394.8, Max: 29146394.8, Diff: 0.0]
   [Code Root Fixup: 0.0 ms]
   [Clear CT: 0.7 ms]
   [Other: 11.1 ms]
      [Choose CSet: 0.0 ms]
      [Ref Proc: 4.1 ms]
      [Ref Enq: 0.1 ms]
      [Free CSet: 4.4 ms]
   [Eden: 934.0M(934.0M)->0.0B(941.0M) Survivors: 90.0M->83.0M Heap: 1917.5M(3072.0M)->1000.0M(3072.0M)]
 [Times: user=0.87 sys=0.00, real=0.44 secs] 
29152.363: [GC pause (young)
Desired survivor size 67108864 bytes, new threshold 3 (max 32)
- age   1:   34565896 bytes,   34565896 total
- age   2:   26627368 bytes,   61193264 total
- age   3:   23336672 bytes,   84529936 total
, 0.4551920 secs]
   [Parallel Time: 445.5 ms, GC Workers: 2]
      [GC Worker Start (ms): Min: 29152364.9, Avg: 29152364.9, Max: 29152364.9, Diff: 0.0]
      [Ext Root Scanning (ms): Min: 53.8, Avg: 67.2, Max: 80.5, Diff: 26.7, Sum: 134.3]
      [Update RS (ms): Min: 59.7, Avg: 71.7, Max: 83.7, Diff: 23.9, Sum: 143.4]
         [Processed Buffers: Min: 111, Avg: 160.0, Max: 209, Diff: 98, Sum: 320]
      [Scan RS (ms): Min: 51.8, Avg: 51.8, Max: 51.8, Diff: 0.0, Sum: 103.6]
      [Object Copy (ms): Min: 253.3, Avg: 254.6, Max: 255.9, Diff: 2.7, Sum: 509.2]
      [Termination (ms): Min: 0.0, Avg: 0.0, Max: 0.0, Diff: 0.0, Sum: 0.0]
      [GC Worker Other (ms): Min: 0.1, Avg: 0.1, Max: 0.1, Diff: 0.0, Sum: 0.2]
      [GC Worker Total (ms): Min: 445.3, Avg: 445.3, Max: 445.4, Diff: 0.1, Sum: 890.7]
      [GC Worker End (ms): Min: 29152810.3, Avg: 29152810.3, Max: 29152810.3, Diff: 0.0]
   [Code Root Fixup: 0.0 ms]
   [Clear CT: 0.7 ms]
   [Other: 9.0 ms]
      [Choose CSet: 0.0 ms]
      [Ref Proc: 2.8 ms]
      [Ref Enq: 0.0 ms]
      [Free CSet: 3.8 ms]
   [Eden: 941.0M(941.0M)->0.0B(941.0M) Survivors: 83.0M->83.0M Heap: 1987.4M(3072.0M)->1065.9M(3072.0M)]
 [Times: user=0.90 sys=0.00, real=0.46 secs] 
29158.348: [GC pause (young)
Desired survivor size 67108864 bytes, new threshold 3 (max 32)
- age   1:   33099200 bytes,   33099200 total
- age   2:   28638768 bytes,   61737968 total
- age   3:   22823992 bytes,   84561960 total
, 0.4552910 secs]
   [Parallel Time: 443.7 ms, GC Workers: 2]
      [GC Worker Start (ms): Min: 29158350.0, Avg: 29158350.0, Max: 29158350.0, Diff: 0.0]
      [Ext Root Scanning (ms): Min: 58.8, Avg: 66.1, Max: 73.5, Diff: 14.7, Sum: 132.2]
      [Update RS (ms): Min: 69.4, Avg: 79.4, Max: 89.4, Diff: 19.9, Sum: 158.8]
         [Processed Buffers: Min: 79, Avg: 151.0, Max: 223, Diff: 144, Sum: 302]
      [Scan RS (ms): Min: 58.6, Avg: 58.7, Max: 58.8, Diff: 0.2, Sum: 117.4]
      [Object Copy (ms): Min: 236.7, Avg: 239.2, Max: 241.7, Diff: 5.0, Sum: 478.4]
      [Termination (ms): Min: 0.0, Avg: 0.0, Max: 0.0, Diff: 0.0, Sum: 0.0]
      [GC Worker Other (ms): Min: 0.1, Avg: 0.1, Max: 0.1, Diff: 0.0, Sum: 0.2]
      [GC Worker Total (ms): Min: 443.5, Avg: 443.5, Max: 443.5, Diff: 0.0, Sum: 887.1]
      [GC Worker End (ms): Min: 29158793.5, Avg: 29158793.5, Max: 29158793.5, Diff: 0.0]
   [Code Root Fixup: 0.0 ms]
   [Clear CT: 0.9 ms]
   [Other: 10.7 ms]
      [Choose CSet: 0.0 ms]
      [Ref Proc: 3.6 ms]
      [Ref Enq: 0.1 ms]
      [Free CSet: 4.4 ms]
   [Eden: 941.0M(941.0M)->0.0B(939.0M) Survivors: 83.0M->85.0M Heap: 2026.6M(3072.0M)->1108.6M(3072.0M)]
 [Times: user=0.90 sys=0.00, real=0.46 secs] 
29164.642: [GC pause (young)
Desired survivor size 67108864 bytes, new threshold 3 (max 32)
- age   1:   34629776 bytes,   34629776 total
- age   2:   26423304 bytes,   61053080 total
- age   3:   26075024 bytes,   87128104 total
, 0.4898150 secs]
   [Parallel Time: 475.5 ms, GC Workers: 2]
      [GC Worker Start (ms): Min: 29164644.2, Avg: 29164644.2, Max: 29164644.2, Diff: 0.0]
      [Ext Root Scanning (ms): Min: 55.2, Avg: 69.1, Max: 83.0, Diff: 27.8, Sum: 138.2]
      [Update RS (ms): Min: 45.4, Avg: 57.7, Max: 70.0, Diff: 24.6, Sum: 115.4]
         [Processed Buffers: Min: 117, Avg: 173.0, Max: 229, Diff: 112, Sum: 346]
      [Scan RS (ms): Min: 84.5, Avg: 84.6, Max: 84.6, Diff: 0.1, Sum: 169.2]
      [Object Copy (ms): Min: 262.1, Avg: 263.7, Max: 265.4, Diff: 3.3, Sum: 527.4]
      [Termination (ms): Min: 0.0, Avg: 0.0, Max: 0.0, Diff: 0.0, Sum: 0.0]
      [GC Worker Other (ms): Min: 0.1, Avg: 0.1, Max: 0.1, Diff: 0.0, Sum: 0.2]
      [GC Worker Total (ms): Min: 475.2, Avg: 475.2, Max: 475.3, Diff: 0.0, Sum: 950.5]
      [GC Worker End (ms): Min: 29165119.5, Avg: 29165119.5, Max: 29165119.5, Diff: 0.0]
   [Code Root Fixup: 0.0 ms]
   [Clear CT: 1.3 ms]
   [Other: 13.0 ms]
      [Choose CSet: 0.0 ms]
      [Ref Proc: 5.0 ms]
      [Ref Enq: 0.1 ms]
      [Free CSet: 4.8 ms]
   [Eden: 939.0M(939.0M)->0.0B(935.0M) Survivors: 85.0M->89.0M Heap: 2065.1M(3072.0M)->1155.1M(3072.0M)]
 [Times: user=0.96 sys=0.00, real=0.49 secs] 
29170.433: [GC pause (young)
Desired survivor size 67108864 bytes, new threshold 3 (max 32)
- age   1:   34230896 bytes,   34230896 total
- age   2:   31757448 bytes,   65988344 total
- age   3:   24673480 bytes,   90661824 total
, 0.4894390 secs]
   [Parallel Time: 477.9 ms, GC Workers: 2]
      [GC Worker Start (ms): Min: 29170434.5, Avg: 29170434.5, Max: 29170434.6, Diff: 0.0]
      [Ext Root Scanning (ms): Min: 59.7, Avg: 67.3, Max: 75.0, Diff: 15.4, Sum: 134.7]
      [Update RS (ms): Min: 56.6, Avg: 66.9, Max: 77.3, Diff: 20.8, Sum: 133.9]
         [Processed Buffers: Min: 48, Avg: 146.0, Max: 244, Diff: 196, Sum: 292]
      [Scan RS (ms): Min: 72.7, Avg: 72.7, Max: 72.8, Diff: 0.1, Sum: 145.5]
      [Object Copy (ms): Min: 268.0, Avg: 270.7, Max: 273.4, Diff: 5.4, Sum: 541.4]
      [Termination (ms): Min: 0.0, Avg: 0.0, Max: 0.0, Diff: 0.0, Sum: 0.0]
      [GC Worker Other (ms): Min: 0.1, Avg: 0.1, Max: 0.1, Diff: 0.0, Sum: 0.2]
      [GC Worker Total (ms): Min: 477.8, Avg: 477.8, Max: 477.8, Diff: 0.0, Sum: 955.6]
      [GC Worker End (ms): Min: 29170912.3, Avg: 29170912.3, Max: 29170912.3, Diff: 0.0]
   [Code Root Fixup: 0.0 ms]
   [Clear CT: 0.8 ms]
   [Other: 10.7 ms]
      [Choose CSet: 0.0 ms]
      [Ref Proc: 3.0 ms]
      [Ref Enq: 0.0 ms]
      [Free CSet: 4.8 ms]
   [Eden: 935.0M(935.0M)->0.0B(930.0M) Survivors: 89.0M->94.0M Heap: 2112.3M(3072.0M)->1202.3M(3072.0M)]
 [Times: user=0.96 sys=0.00, real=0.50 secs] 
29174.920: [GC pause (young)
Desired survivor size 67108864 bytes, new threshold 2 (max 32)
- age   1:   41572288 bytes,   41572288 total
- age   2:   28205512 bytes,   69777800 total
- age   3:   25802496 bytes,   95580296 total
, 0.4787930 secs]
   [Parallel Time: 468.1 ms, GC Workers: 2]
      [GC Worker Start (ms): Min: 29174922.0, Avg: 29174922.1, Max: 29174922.1, Diff: 0.0]
      [Ext Root Scanning (ms): Min: 59.5, Avg: 69.4, Max: 79.3, Diff: 19.7, Sum: 138.8]
      [Update RS (ms): Min: 31.3, Avg: 43.6, Max: 56.0, Diff: 24.8, Sum: 87.3]
         [Processed Buffers: Min: 127, Avg: 132.0, Max: 137, Diff: 10, Sum: 264]
      [Scan RS (ms): Min: 82.1, Avg: 82.2, Max: 82.2, Diff: 0.1, Sum: 164.3]
      [Object Copy (ms): Min: 270.1, Avg: 272.7, Max: 275.3, Diff: 5.1, Sum: 545.4]
      [Termination (ms): Min: 0.0, Avg: 0.0, Max: 0.0, Diff: 0.0, Sum: 0.0]
      [GC Worker Other (ms): Min: 0.1, Avg: 0.1, Max: 0.1, Diff: 0.0, Sum: 0.2]
      [GC Worker Total (ms): Min: 468.0, Avg: 468.0, Max: 468.0, Diff: 0.0, Sum: 936.0]
      [GC Worker End (ms): Min: 29175390.1, Avg: 29175390.1, Max: 29175390.1, Diff: 0.0]
   [Code Root Fixup: 0.0 ms]
   [Clear CT: 0.8 ms]
   [Other: 10.0 ms]
      [Choose CSet: 0.0 ms]
      [Ref Proc: 2.5 ms]
      [Ref Enq: 0.0 ms]
      [Free CSet: 4.3 ms]
   [Eden: 930.0M(930.0M)->0.0B(960.0M) Survivors: 94.0M->64.0M Heap: 2136.3M(3072.0M)->1226.8M(3072.0M)]
 [Times: user=0.94 sys=0.00, real=0.48 secs] 
29181.740: [GC pause (young)
Desired survivor size 67108864 bytes, new threshold 16 (max 32)
- age   1:   34392352 bytes,   34392352 total
- age   2:   30285400 bytes,   64677752 total
, 0.4225710 secs]
   [Parallel Time: 410.1 ms, GC Workers: 2]
      [GC Worker Start (ms): Min: 29181742.3, Avg: 29181742.3, Max: 29181742.4, Diff: 0.1]
      [Ext Root Scanning (ms): Min: 63.5, Avg: 67.7, Max: 71.8, Diff: 8.3, Sum: 135.3]
      [Update RS (ms): Min: 55.0, Avg: 61.2, Max: 67.3, Diff: 12.2, Sum: 122.3]
         [Processed Buffers: Min: 115, Avg: 153.0, Max: 191, Diff: 76, Sum: 306]
      [Scan RS (ms): Min: 71.2, Avg: 71.4, Max: 71.5, Diff: 0.2, Sum: 142.7]
      [Object Copy (ms): Min: 207.6, Avg: 209.6, Max: 211.7, Diff: 4.1, Sum: 419.3]
      [Termination (ms): Min: 0.0, Avg: 0.0, Max: 0.0, Diff: 0.0, Sum: 0.0]
      [GC Worker Other (ms): Min: 0.1, Avg: 0.1, Max: 0.1, Diff: 0.0, Sum: 0.2]
      [GC Worker Total (ms): Min: 409.8, Avg: 409.9, Max: 410.0, Diff: 0.1, Sum: 819.8]
      [GC Worker End (ms): Min: 29182152.2, Avg: 29182152.2, Max: 29182152.2, Diff: 0.0]
   [Code Root Fixup: 0.0 ms]
   [Clear CT: 0.8 ms]
   [Other: 11.7 ms]
      [Choose CSet: 0.0 ms]
      [Ref Proc: 4.6 ms]
      [Ref Enq: 0.1 ms]
      [Free CSet: 4.5 ms]
   [Eden: 960.0M(960.0M)->0.0B(933.0M) Survivors: 64.0M->91.0M Heap: 2218.0M(3072.0M)->1285.0M(3072.0M)]
 [Times: user=0.83 sys=0.00, real=0.42 secs] 
29186.290: [GC pause (young) (initial-mark)
Desired survivor size 67108864 bytes, new threshold 3 (max 32)
- age   1:   35099144 bytes,   35099144 total
- age   2:   31876576 bytes,   66975720 total
- age   3:   25511864 bytes,   92487584 total
, 0.4087790 secs]
   [Parallel Time: 399.9 ms, GC Workers: 2]
      [GC Worker Start (ms): Min: 29186291.0, Avg: 29186291.0, Max: 29186291.1, Diff: 0.0]
      [Ext Root Scanning (ms): Min: 55.0, Avg: 69.0, Max: 83.0, Diff: 28.0, Sum: 138.0]
      [Update RS (ms): Min: 36.1, Avg: 50.5, Max: 65.0, Diff: 28.9, Sum: 101.1]
         [Processed Buffers: Min: 83, Avg: 137.0, Max: 191, Diff: 108, Sum: 274]
      [Scan RS (ms): Min: 67.0, Avg: 67.1, Max: 67.2, Diff: 0.2, Sum: 134.2]
      [Object Copy (ms): Min: 212.7, Avg: 213.0, Max: 213.3, Diff: 0.6, Sum: 426.0]
      [Termination (ms): Min: 0.0, Avg: 0.0, Max: 0.0, Diff: 0.0, Sum: 0.0]
      [GC Worker Other (ms): Min: 0.1, Avg: 0.1, Max: 0.1, Diff: 0.0, Sum: 0.1]
      [GC Worker Total (ms): Min: 399.7, Avg: 399.7, Max: 399.7, Diff: 0.0, Sum: 799.4]
      [GC Worker End (ms): Min: 29186690.8, Avg: 29186690.8, Max: 29186690.8, Diff: 0.0]
   [Code Root Fixup: 0.0 ms]
   [Clear CT: 0.6 ms]
   [Other: 8.3 ms]
      [Choose CSet: 0.0 ms]
      [Ref Proc: 3.1 ms]
      [Ref Enq: 0.0 ms]
      [Free CSet: 2.7 ms]
   [Eden: 504.0M(933.0M)->0.0B(952.0M) Survivors: 91.0M->72.0M Heap: 1837.1M(3072.0M)->1332.5M(3072.0M)]
 [Times: user=0.80 sys=0.00, real=0.41 secs] 
29186.699: [GC concurrent-root-region-scan-start]
29186.907: [GC concurrent-root-region-scan-end, 0.2081420 secs]
29186.907: [GC concurrent-mark-start]
29188.736: [GC concurrent-mark-end, 1.8287260 secs]
29188.738: [GC remark 29188.739: [GC ref-proc, 0.0205620 secs], 0.0906040 secs]
 [Times: user=0.10 sys=0.01, real=0.09 secs] 
29188.830: [GC cleanup 1651M->1357M(3072M), 0.0241540 secs]
 [Times: user=0.05 sys=0.00, real=0.02 secs] 
29188.855: [GC concurrent-cleanup-start]
29188.856: [GC concurrent-cleanup-end, 0.0009560 secs]
29192.112: [GC pause (young)
Desired survivor size 67108864 bytes, new threshold 3 (max 32)
- age   1:   23345552 bytes,   23345552 total
- age   2:   25040936 bytes,   48386488 total
- age   3:   25596824 bytes,   73983312 total
, 0.5481630 secs]
   [Parallel Time: 540.5 ms, GC Workers: 2]
      [GC Worker Start (ms): Min: 29192112.8, Avg: 29192112.9, Max: 29192112.9, Diff: 0.0]
      [Ext Root Scanning (ms): Min: 63.4, Avg: 72.0, Max: 80.5, Diff: 17.2, Sum: 143.9]
      [Update RS (ms): Min: 31.1, Avg: 43.2, Max: 55.4, Diff: 24.3, Sum: 86.4]
         [Processed Buffers: Min: 127, Avg: 136.5, Max: 146, Diff: 19, Sum: 273]
      [Scan RS (ms): Min: 62.3, Avg: 62.3, Max: 62.3, Diff: 0.1, Sum: 124.6]
      [Object Copy (ms): Min: 359.3, Avg: 362.8, Max: 366.3, Diff: 7.0, Sum: 725.6]
      [Termination (ms): Min: 0.0, Avg: 0.0, Max: 0.0, Diff: 0.0, Sum: 0.0]
      [GC Worker Other (ms): Min: 0.1, Avg: 0.1, Max: 0.1, Diff: 0.0, Sum: 0.2]
      [GC Worker Total (ms): Min: 540.4, Avg: 540.4, Max: 540.4, Diff: 0.0, Sum: 1080.8]
      [GC Worker End (ms): Min: 29192653.2, Avg: 29192653.2, Max: 29192653.2, Diff: 0.0]
   [Code Root Fixup: 0.0 ms]
   [Clear CT: 0.7 ms]
   [Other: 7.0 ms]
      [Choose CSet: 0.0 ms]
      [Ref Proc: 2.8 ms]
      [Ref Enq: 0.0 ms]
      [Free CSet: 2.4 ms]
   [Eden: 952.0M(952.0M)->0.0B(896.0M) Survivors: 72.0M->128.0M Heap: 2040.5M(3072.0M)->1173.5M(3072.0M)]
 [Times: user=1.08 sys=0.01, real=0.55 secs] 
29197.082: [GC pause (mixed)
Desired survivor size 67108864 bytes, new threshold 1 (max 32)
- age   1:  119345568 bytes,  119345568 total
- age   2:    9662320 bytes,  129007888 total
- age   3:   19903536 bytes,  148911424 total
, 0.5222080 secs]
   [Parallel Time: 511.2 ms, GC Workers: 2]
      [GC Worker Start (ms): Min: 29197083.4, Avg: 29197083.4, Max: 29197083.4, Diff: 0.1]
      [Ext Root Scanning (ms): Min: 65.2, Avg: 72.3, Max: 79.4, Diff: 14.2, Sum: 144.5]
      [Update RS (ms): Min: 13.9, Avg: 23.5, Max: 33.0, Diff: 19.1, Sum: 46.9]
         [Processed Buffers: Min: 82, Avg: 153.5, Max: 225, Diff: 143, Sum: 307]
      [Scan RS (ms): Min: 76.4, Avg: 76.5, Max: 76.7, Diff: 0.3, Sum: 153.1]
      [Object Copy (ms): Min: 336.4, Avg: 338.7, Max: 341.0, Diff: 4.6, Sum: 677.4]
      [Termination (ms): Min: 0.0, Avg: 0.0, Max: 0.0, Diff: 0.0, Sum: 0.0]
      [GC Worker Other (ms): Min: 0.1, Avg: 0.1, Max: 0.1, Diff: 0.0, Sum: 0.2]
      [GC Worker Total (ms): Min: 511.1, Avg: 511.1, Max: 511.1, Diff: 0.0, Sum: 1022.1]
      [GC Worker End (ms): Min: 29197594.5, Avg: 29197594.5, Max: 29197594.5, Diff: 0.0]
   [Code Root Fixup: 0.0 ms]
   [Clear CT: 0.8 ms]
   [Other: 10.2 ms]
      [Choose CSet: 0.9 ms]
      [Ref Proc: 3.1 ms]
      [Ref Enq: 0.1 ms]
      [Free CSet: 4.0 ms]
   [Eden: 896.0M(896.0M)->0.0B(949.0M) Survivors: 128.0M->75.0M Heap: 2092.7M(3072.0M)->1143.7M(3072.0M)]
 [Times: user=1.02 sys=0.00, real=0.52 secs] 
29204.177: [GC pause (mixed)
Desired survivor size 67108864 bytes, new threshold 1 (max 32)
- age   1:   75586192 bytes,   75586192 total
, 0.4349080 secs]
   [Parallel Time: 417.1 ms, GC Workers: 2]
      [GC Worker Start (ms): Min: 29204179.4, Avg: 29204179.5, Max: 29204179.5, Diff: 0.0]
      [Ext Root Scanning (ms): Min: 59.9, Avg: 69.6, Max: 79.3, Diff: 19.4, Sum: 139.2]
      [Update RS (ms): Min: 23.5, Avg: 36.3, Max: 49.1, Diff: 25.6, Sum: 72.6]
         [Processed Buffers: Min: 131, Avg: 132.0, Max: 133, Diff: 2, Sum: 264]
      [Scan RS (ms): Min: 73.6, Avg: 73.6, Max: 73.7, Diff: 0.1, Sum: 147.2]
      [Object Copy (ms): Min: 234.3, Avg: 237.4, Max: 240.5, Diff: 6.1, Sum: 474.8]
      [Termination (ms): Min: 0.0, Avg: 0.0, Max: 0.0, Diff: 0.0, Sum: 0.0]
      [GC Worker Other (ms): Min: 0.1, Avg: 0.1, Max: 0.1, Diff: 0.0, Sum: 0.2]
      [GC Worker Total (ms): Min: 417.0, Avg: 417.0, Max: 417.0, Diff: 0.0, Sum: 833.9]
      [GC Worker End (ms): Min: 29204596.4, Avg: 29204596.4, Max: 29204596.4, Diff: 0.0]
   [Code Root Fixup: 0.0 ms]
   [Clear CT: 1.2 ms]
   [Other: 16.7 ms]
      [Choose CSet: 0.8 ms]
      [Ref Proc: 7.8 ms]
      [Ref Enq: 0.1 ms]
      [Free CSet: 5.0 ms]
   [Eden: 949.0M(949.0M)->0.0B(993.0M) Survivors: 75.0M->31.0M Heap: 2113.4M(3072.0M)->1148.4M(3072.0M)]
 [Times: user=0.85 sys=0.00, real=0.44 secs] 
29211.048: [GC pause (young)
Desired survivor size 67108864 bytes, new threshold 16 (max 32)
- age   1:   29080248 bytes,   29080248 total
, 0.2609450 secs]
   [Parallel Time: 249.4 ms, GC Workers: 2]
      [GC Worker Start (ms): Min: 29211049.2, Avg: 29211049.2, Max: 29211049.2, Diff: 0.0]
      [Ext Root Scanning (ms): Min: 55.7, Avg: 68.4, Max: 81.0, Diff: 25.3, Sum: 136.7]
      [Update RS (ms): Min: 14.6, Avg: 25.9, Max: 37.3, Diff: 22.7, Sum: 51.8]
         [Processed Buffers: Min: 118, Avg: 159.5, Max: 201, Diff: 83, Sum: 319]
      [Scan RS (ms): Min: 27.4, Avg: 27.4, Max: 27.4, Diff: 0.0, Sum: 54.8]
      [Object Copy (ms): Min: 126.1, Avg: 127.4, Max: 128.6, Diff: 2.4, Sum: 254.7]
      [Termination (ms): Min: 0.0, Avg: 0.0, Max: 0.0, Diff: 0.0, Sum: 0.0]
      [GC Worker Other (ms): Min: 0.1, Avg: 0.2, Max: 0.2, Diff: 0.1, Sum: 0.3]
      [GC Worker Total (ms): Min: 249.1, Avg: 249.2, Max: 249.3, Diff: 0.1, Sum: 498.4]
      [GC Worker End (ms): Min: 29211298.4, Avg: 29211298.4, Max: 29211298.5, Diff: 0.1]
   [Code Root Fixup: 0.0 ms]
   [Clear CT: 0.8 ms]
   [Other: 10.8 ms]
      [Choose CSet: 0.0 ms]
      [Ref Proc: 5.2 ms]
      [Ref Enq: 0.1 ms]
      [Free CSet: 3.4 ms]
   [Eden: 993.0M(993.0M)->0.0B(970.0M) Survivors: 31.0M->54.0M Heap: 2186.8M(3072.0M)->1216.8M(3072.0M)]
 [Times: user=0.51 sys=0.00, real=0.26 secs] 
29217.278: [GC pause (young)
Desired survivor size 67108864 bytes, new threshold 16 (max 32)
- age   1:   34603880 bytes,   34603880 total
- age   2:   19761496 bytes,   54365376 total
, 0.3042240 secs]
   [Parallel Time: 294.9 ms, GC Workers: 2]
      [GC Worker Start (ms): Min: 29217278.9, Avg: 29217278.9, Max: 29217279.0, Diff: 0.0]
      [Ext Root Scanning (ms): Min: 61.8, Avg: 71.3, Max: 80.8, Diff: 19.0, Sum: 142.6]
      [Update RS (ms): Min: 40.9, Avg: 53.2, Max: 65.6, Diff: 24.7, Sum: 106.4]
         [Processed Buffers: Min: 116, Avg: 137.0, Max: 158, Diff: 42, Sum: 274]
      [Scan RS (ms): Min: 26.3, Avg: 26.5, Max: 26.6, Diff: 0.3, Sum: 53.0]
      [Object Copy (ms): Min: 141.0, Avg: 143.7, Max: 146.4, Diff: 5.4, Sum: 287.5]
      [Termination (ms): Min: 0.0, Avg: 0.0, Max: 0.0, Diff: 0.0, Sum: 0.0]
      [GC Worker Other (ms): Min: 0.1, Avg: 0.1, Max: 0.1, Diff: 0.0, Sum: 0.2]
      [GC Worker Total (ms): Min: 294.8, Avg: 294.8, Max: 294.8, Diff: 0.0, Sum: 589.6]
      [GC Worker End (ms): Min: 29217573.7, Avg: 29217573.7, Max: 29217573.7, Diff: 0.0]
   [Code Root Fixup: 0.0 ms]
   [Clear CT: 0.6 ms]
   [Other: 8.7 ms]
      [Choose CSet: 0.0 ms]
      [Ref Proc: 4.7 ms]
      [Ref Enq: 0.1 ms]
      [Free CSet: 2.6 ms]
   [Eden: 970.0M(970.0M)->0.0B(954.0M) Survivors: 54.0M->70.0M Heap: 2206.5M(3072.0M)->1252.0M(3072.0M)]
 [Times: user=0.60 sys=0.00, real=0.31 secs] 
29223.597: [GC pause (young)
Desired survivor size 67108864 bytes, new threshold 3 (max 32)
- age   1:   31257184 bytes,   31257184 total
- age   2:   20566392 bytes,   51823576 total
- age   3:   17814112 bytes,   69637688 total
, 0.2933270 secs]
   [Parallel Time: 281.1 ms, GC Workers: 2]
      [GC Worker Start (ms): Min: 29223598.2, Avg: 29223598.3, Max: 29223598.3, Diff: 0.0]
      [Ext Root Scanning (ms): Min: 61.6, Avg: 69.0, Max: 76.3, Diff: 14.7, Sum: 137.9]
      [Update RS (ms): Min: 13.3, Avg: 23.4, Max: 33.4, Diff: 20.1, Sum: 46.8]
         [Processed Buffers: Min: 107, Avg: 140.0, Max: 173, Diff: 66, Sum: 280]
      [Scan RS (ms): Min: 28.7, Avg: 28.8, Max: 28.8, Diff: 0.1, Sum: 57.6]
      [Object Copy (ms): Min: 157.1, Avg: 159.8, Max: 162.6, Diff: 5.4, Sum: 319.7]
      [Termination (ms): Min: 0.0, Avg: 0.0, Max: 0.0, Diff: 0.0, Sum: 0.0]
      [GC Worker Other (ms): Min: 0.1, Avg: 0.1, Max: 0.1, Diff: 0.0, Sum: 0.2]
      [GC Worker Total (ms): Min: 281.1, Avg: 281.1, Max: 281.1, Diff: 0.0, Sum: 562.1]
      [GC Worker End (ms): Min: 29223879.3, Avg: 29223879.3, Max: 29223879.3, Diff: 0.0]
   [Code Root Fixup: 0.0 ms]
   [Clear CT: 0.6 ms]
   [Other: 11.5 ms]
      [Choose CSet: 0.0 ms]
      [Ref Proc: 6.3 ms]
      [Ref Enq: 0.1 ms]
      [Free CSet: 3.3 ms]
   [Eden: 954.0M(954.0M)->0.0B(964.0M) Survivors: 70.0M->60.0M Heap: 2213.5M(3072.0M)->1267.0M(3072.0M)]
 [Times: user=0.57 sys=0.00, real=0.29 secs] 
29229.978: [GC pause (young)
Desired survivor size 67108864 bytes, new threshold 16 (max 32)
- age   1:   21582184 bytes,   21582184 total
- age   2:   21298104 bytes,   42880288 total
- age   3:   17311240 bytes,   60191528 total
, 0.3426290 secs]
   [Parallel Time: 333.4 ms, GC Workers: 2]
      [GC Worker Start (ms): Min: 29229979.4, Avg: 29229979.4, Max: 29229979.4, Diff: 0.0]
      [Ext Root Scanning (ms): Min: 63.6, Avg: 73.0, Max: 82.4, Diff: 18.8, Sum: 145.9]
      [Update RS (ms): Min: 32.2, Avg: 44.4, Max: 56.6, Diff: 24.3, Sum: 88.8]
         [Processed Buffers: Min: 114, Avg: 163.0, Max: 212, Diff: 98, Sum: 326]
      [Scan RS (ms): Min: 27.2, Avg: 27.2, Max: 27.2, Diff: 0.0, Sum: 54.4]
      [Object Copy (ms): Min: 185.9, Avg: 188.6, Max: 191.4, Diff: 5.5, Sum: 377.3]
      [Termination (ms): Min: 0.0, Avg: 0.0, Max: 0.0, Diff: 0.0, Sum: 0.0]
      [GC Worker Other (ms): Min: 0.1, Avg: 0.1, Max: 0.1, Diff: 0.0, Sum: 0.2]
      [GC Worker Total (ms): Min: 333.3, Avg: 333.3, Max: 333.3, Diff: 0.0, Sum: 666.6]
      [GC Worker End (ms): Min: 29230312.7, Avg: 29230312.7, Max: 29230312.7, Diff: 0.0]
   [Code Root Fixup: 0.0 ms]
   [Clear CT: 0.6 ms]
   [Other: 8.6 ms]
      [Choose CSet: 0.0 ms]
      [Ref Proc: 4.0 ms]
      [Ref Enq: 0.1 ms]
      [Free CSet: 2.7 ms]
   [Eden: 964.0M(964.0M)->0.0B(937.0M) Survivors: 60.0M->87.0M Heap: 2260.1M(3072.0M)->1322.6M(3072.0M)]
 [Times: user=0.68 sys=0.00, real=0.34 secs] 
29234.756: [GC pause (young)
Desired survivor size 67108864 bytes, new threshold 3 (max 32)
- age   1:   43921960 bytes,   43921960 total
- age   2:   16038528 bytes,   59960488 total
- age   3:   14202656 bytes,   74163144 total
- age   4:   14571912 bytes,   88735056 total
, 0.6096140 secs]
   [Parallel Time: 601.8 ms, GC Workers: 2]
      [GC Worker Start (ms): Min: 29234756.7, Avg: 29234756.7, Max: 29234756.7, Diff: 0.0]
      [Ext Root Scanning (ms): Min: 61.4, Avg: 71.0, Max: 80.6, Diff: 19.3, Sum: 142.0]
      [Update RS (ms): Min: 40.2, Avg: 52.8, Max: 65.4, Diff: 25.2, Sum: 105.6]
         [Processed Buffers: Min: 131, Avg: 145.5, Max: 160, Diff: 29, Sum: 291]
      [Scan RS (ms): Min: 30.3, Avg: 30.4, Max: 30.6, Diff: 0.3, Sum: 60.9]
      [Object Copy (ms): Min: 444.3, Avg: 447.4, Max: 450.5, Diff: 6.2, Sum: 894.8]
      [Termination (ms): Min: 0.0, Avg: 0.0, Max: 0.0, Diff: 0.0, Sum: 0.0]
      [GC Worker Other (ms): Min: 0.1, Avg: 0.1, Max: 0.1, Diff: 0.0, Sum: 0.2]
      [GC Worker Total (ms): Min: 601.7, Avg: 601.7, Max: 601.7, Diff: 0.0, Sum: 1203.4]
      [GC Worker End (ms): Min: 29235358.5, Avg: 29235358.5, Max: 29235358.5, Diff: 0.0]
   [Code Root Fixup: 0.0 ms]
   [Clear CT: 0.6 ms]
   [Other: 7.2 ms]
      [Choose CSet: 0.0 ms]
      [Ref Proc: 2.3 ms]
      [Ref Enq: 0.0 ms]
      [Free CSet: 2.7 ms]
   [Eden: 937.0M(937.0M)->0.0B(896.0M) Survivors: 87.0M->128.0M Heap: 2266.1M(3072.0M)->1424.6M(3072.0M)]
 [Times: user=1.21 sys=0.00, real=0.61 secs] 
29237.409: [GC pause (young) (initial-mark)
Desired survivor size 67108864 bytes, new threshold 1 (max 32)
- age   1:  114560576 bytes,  114560576 total
- age   2:   33360112 bytes,  147920688 total
- age   3:   13714424 bytes,  161635112 total
, 0.6171700 secs]
   [Parallel Time: 610.4 ms, GC Workers: 2]
      [GC Worker Start (ms): Min: 29237410.6, Avg: 29237410.6, Max: 29237410.7, Diff: 0.1]
      [Ext Root Scanning (ms): Min: 56.9, Avg: 69.9, Max: 82.8, Diff: 25.9, Sum: 139.7]
      [Update RS (ms): Min: 46.5, Avg: 57.4, Max: 68.3, Diff: 21.9, Sum: 114.8]
         [Processed Buffers: Min: 139, Avg: 140.5, Max: 142, Diff: 3, Sum: 281]
      [Scan RS (ms): Min: 65.7, Avg: 65.8, Max: 65.9, Diff: 0.1, Sum: 131.6]
      [Object Copy (ms): Min: 415.0, Avg: 417.1, Max: 419.2, Diff: 4.2, Sum: 834.2]
      [Termination (ms): Min: 0.0, Avg: 0.0, Max: 0.0, Diff: 0.0, Sum: 0.0]
      [GC Worker Other (ms): Min: 0.1, Avg: 0.1, Max: 0.1, Diff: 0.0, Sum: 0.2]
      [GC Worker Total (ms): Min: 610.2, Avg: 610.2, Max: 610.3, Diff: 0.1, Sum: 1220.5]
      [GC Worker End (ms): Min: 29238020.9, Avg: 29238020.9, Max: 29238020.9, Diff: 0.0]
   [Code Root Fixup: 0.0 ms]
   [Clear CT: 0.5 ms]
   [Other: 6.2 ms]
      [Choose CSet: 0.0 ms]
      [Ref Proc: 1.1 ms]
      [Ref Enq: 0.0 ms]
      [Free CSet: 1.7 ms]
   [Eden: 431.0M(896.0M)->0.0B(978.0M) Survivors: 128.0M->46.0M Heap: 1855.2M(3072.0M)->1462.6M(3072.0M)]
 [Times: user=1.23 sys=0.00, real=0.62 secs] 
29238.027: [GC concurrent-root-region-scan-start]
29238.381: [GC concurrent-root-region-scan-end, 0.3536390 secs]
29238.381: [GC concurrent-mark-start]
29240.576: [GC concurrent-mark-end, 2.1951830 secs]
29240.580: [GC remark 29240.582: [GC ref-proc, 0.1990260 secs], 0.2731910 secs]
 [Times: user=0.26 sys=0.02, real=0.28 secs] 
29240.856: [GC cleanup 1865M->1561M(3072M), 0.0250680 secs]
 [Times: user=0.04 sys=0.00, real=0.02 secs] 
29240.882: [GC concurrent-cleanup-start]
29240.882: [GC concurrent-cleanup-end, 0.0006050 secs]
29243.974: [GC pause (young)
Desired survivor size 67108864 bytes, new threshold 16 (max 32)
- age   1:   45725184 bytes,   45725184 total
, 0.4295550 secs]
   [Parallel Time: 416.5 ms, GC Workers: 2]
      [GC Worker Start (ms): Min: 29243976.0, Avg: 29243976.0, Max: 29243976.0, Diff: 0.0]
      [Ext Root Scanning (ms): Min: 63.8, Avg: 71.7, Max: 79.6, Diff: 15.7, Sum: 143.4]
      [Update RS (ms): Min: 34.2, Avg: 44.8, Max: 55.4, Diff: 21.2, Sum: 89.6]
         [Processed Buffers: Min: 74, Avg: 147.0, Max: 220, Diff: 146, Sum: 294]
      [Scan RS (ms): Min: 81.8, Avg: 81.8, Max: 81.9, Diff: 0.1, Sum: 163.7]
      [Object Copy (ms): Min: 215.3, Avg: 217.9, Max: 220.5, Diff: 5.2, Sum: 435.8]
      [Termination (ms): Min: 0.0, Avg: 0.0, Max: 0.0, Diff: 0.0, Sum: 0.0]
      [GC Worker Other (ms): Min: 0.1, Avg: 0.1, Max: 0.1, Diff: 0.0, Sum: 0.2]
      [GC Worker Total (ms): Min: 416.3, Avg: 416.4, Max: 416.4, Diff: 0.0, Sum: 832.7]
      [GC Worker End (ms): Min: 29244392.4, Avg: 29244392.4, Max: 29244392.4, Diff: 0.0]
   [Code Root Fixup: 0.0 ms]
   [Clear CT: 1.0 ms]
   [Other: 12.0 ms]
      [Choose CSet: 0.0 ms]
      [Ref Proc: 3.7 ms]
      [Ref Enq: 0.1 ms]
      [Free CSet: 5.7 ms]
   [Eden: 978.0M(978.0M)->0.0B(941.0M) Survivors: 46.0M->83.0M Heap: 2186.4M(3072.0M)->1245.4M(3072.0M)]
 [Times: user=0.84 sys=0.00, real=0.43 secs] 
29250.095: [GC pause (mixed)
Desired survivor size 67108864 bytes, new threshold 2 (max 32)
- age   1:   46318928 bytes,   46318928 total
- age   2:   37531688 bytes,   83850616 total
, 0.5798100 secs]
   [Parallel Time: 565.3 ms, GC Workers: 2]
      [GC Worker Start (ms): Min: 29250097.3, Avg: 29250097.3, Max: 29250097.3, Diff: 0.0]
      [Ext Root Scanning (ms): Min: 58.8, Avg: 67.6, Max: 76.4, Diff: 17.7, Sum: 135.2]
      [Update RS (ms): Min: 50.1, Avg: 61.1, Max: 72.1, Diff: 22.0, Sum: 122.3]
         [Processed Buffers: Min: 68, Avg: 137.5, Max: 207, Diff: 139, Sum: 275]
      [Scan RS (ms): Min: 101.1, Avg: 101.3, Max: 101.5, Diff: 0.3, Sum: 202.6]
      [Object Copy (ms): Min: 332.8, Avg: 335.1, Max: 337.4, Diff: 4.7, Sum: 670.2]
      [Termination (ms): Min: 0.0, Avg: 0.0, Max: 0.0, Diff: 0.0, Sum: 0.0]
      [GC Worker Other (ms): Min: 0.1, Avg: 0.1, Max: 0.1, Diff: 0.0, Sum: 0.2]
      [GC Worker Total (ms): Min: 565.2, Avg: 565.2, Max: 565.2, Diff: 0.0, Sum: 1130.5]
      [GC Worker End (ms): Min: 29250662.5, Avg: 29250662.5, Max: 29250662.5, Diff: 0.0]
   [Code Root Fixup: 0.0 ms]
   [Clear CT: 0.9 ms]
   [Other: 13.6 ms]
      [Choose CSet: 0.6 ms]
      [Ref Proc: 3.6 ms]
      [Ref Enq: 0.1 ms]
      [Free CSet: 6.4 ms]
   [Eden: 941.0M(941.0M)->0.0B(923.0M) Survivors: 83.0M->101.0M Heap: 2186.4M(3072.0M)->1210.4M(3072.0M)]
 [Times: user=1.14 sys=0.00, real=0.58 secs] 
29255.622: [GC pause (mixed)
Desired survivor size 67108864 bytes, new threshold 2 (max 32)
- age   1:   62004664 bytes,   62004664 total
- age   2:   40974096 bytes,  102978760 total
, 0.5266680 secs]
   [Parallel Time: 512.8 ms, GC Workers: 2]
      [GC Worker Start (ms): Min: 29255624.3, Avg: 29255624.3, Max: 29255624.3, Diff: 0.0]
      [Ext Root Scanning (ms): Min: 62.9, Avg: 72.4, Max: 81.9, Diff: 19.0, Sum: 144.8]
      [Update RS (ms): Min: 44.4, Avg: 56.9, Max: 69.4, Diff: 25.0, Sum: 113.9]
         [Processed Buffers: Min: 144, Avg: 162.0, Max: 180, Diff: 36, Sum: 324]
      [Scan RS (ms): Min: 96.3, Avg: 96.3, Max: 96.3, Diff: 0.0, Sum: 192.6]
      [Object Copy (ms): Min: 283.8, Avg: 286.8, Max: 289.9, Diff: 6.1, Sum: 573.7]
      [Termination (ms): Min: 0.0, Avg: 0.0, Max: 0.0, Diff: 0.0, Sum: 0.0]
      [GC Worker Other (ms): Min: 0.1, Avg: 0.1, Max: 0.2, Diff: 0.1, Sum: 0.3]
      [GC Worker Total (ms): Min: 512.5, Avg: 512.6, Max: 512.7, Diff: 0.1, Sum: 1025.2]
      [GC Worker End (ms): Min: 29256136.9, Avg: 29256136.9, Max: 29256137.0, Diff: 0.1]
   [Code Root Fixup: 0.0 ms]
   [Clear CT: 1.1 ms]
   [Other: 12.7 ms]
      [Choose CSet: 0.8 ms]
      [Ref Proc: 2.3 ms]
      [Ref Enq: 0.0 ms]
      [Free CSet: 6.6 ms]
   [Eden: 923.0M(923.0M)->0.0B(946.0M) Survivors: 101.0M->78.0M Heap: 2145.4M(3072.0M)->1147.4M(3072.0M)]
 [Times: user=1.03 sys=0.00, real=0.53 secs] 
29262.329: [GC pause (mixed)
Desired survivor size 67108864 bytes, new threshold 2 (max 32)
- age   1:   43911776 bytes,   43911776 total
- age   2:   35388008 bytes,   79299784 total
, 0.5018480 secs]
   [Parallel Time: 488.0 ms, GC Workers: 2]
      [GC Worker Start (ms): Min: 29262331.1, Avg: 29262331.2, Max: 29262331.2, Diff: 0.0]
      [Ext Root Scanning (ms): Min: 65.0, Avg: 72.6, Max: 80.2, Diff: 15.2, Sum: 145.2]
      [Update RS (ms): Min: 44.9, Avg: 54.8, Max: 64.7, Diff: 19.8, Sum: 109.6]
         [Processed Buffers: Min: 62, Avg: 134.0, Max: 206, Diff: 144, Sum: 268]
      [Scan RS (ms): Min: 101.1, Avg: 101.2, Max: 101.3, Diff: 0.3, Sum: 202.4]
      [Object Copy (ms): Min: 256.9, Avg: 259.0, Max: 261.2, Diff: 4.3, Sum: 518.1]
      [Termination (ms): Min: 0.0, Avg: 0.0, Max: 0.0, Diff: 0.0, Sum: 0.0]
      [GC Worker Other (ms): Min: 0.1, Avg: 0.1, Max: 0.1, Diff: 0.0, Sum: 0.2]
      [GC Worker Total (ms): Min: 487.8, Avg: 487.8, Max: 487.8, Diff: 0.0, Sum: 975.5]
      [GC Worker End (ms): Min: 29262818.9, Avg: 29262818.9, Max: 29262818.9, Diff: 0.0]
   [Code Root Fixup: 0.0 ms]
   [Clear CT: 0.9 ms]
   [Other: 12.9 ms]
      [Choose CSet: 1.0 ms]
      [Ref Proc: 3.3 ms]
      [Ref Enq: 0.0 ms]
      [Free CSet: 5.8 ms]
   [Eden: 946.0M(946.0M)->0.0B(950.0M) Survivors: 78.0M->74.0M Heap: 2095.8M(3072.0M)->1090.8M(3072.0M)]
 [Times: user=0.98 sys=0.00, real=0.51 secs] 
29267.473: [GC pause (mixed)
Desired survivor size 67108864 bytes, new threshold 2 (max 32)
- age   1:   42213064 bytes,   42213064 total
- age   2:   33166512 bytes,   75379576 total
, 0.5421250 secs]
   [Parallel Time: 529.1 ms, GC Workers: 2]
      [GC Worker Start (ms): Min: 29267475.3, Avg: 29267475.4, Max: 29267475.4, Diff: 0.0]
      [Ext Root Scanning (ms): Min: 61.7, Avg: 70.3, Max: 79.0, Diff: 17.4, Sum: 140.7]
      [Update RS (ms): Min: 45.1, Avg: 56.5, Max: 67.9, Diff: 22.8, Sum: 113.0]
         [Processed Buffers: Min: 109, Avg: 137.0, Max: 165, Diff: 56, Sum: 274]
      [Scan RS (ms): Min: 111.4, Avg: 111.5, Max: 111.6, Diff: 0.1, Sum: 223.0]
      [Object Copy (ms): Min: 287.9, Avg: 290.6, Max: 293.2, Diff: 5.3, Sum: 581.2]
      [Termination (ms): Min: 0.0, Avg: 0.0, Max: 0.0, Diff: 0.0, Sum: 0.0]
      [GC Worker Other (ms): Min: 0.1, Avg: 0.1, Max: 0.1, Diff: 0.0, Sum: 0.2]
      [GC Worker Total (ms): Min: 529.0, Avg: 529.0, Max: 529.0, Diff: 0.0, Sum: 1058.0]
      [GC Worker End (ms): Min: 29268004.4, Avg: 29268004.4, Max: 29268004.4, Diff: 0.0]
   [Code Root Fixup: 0.0 ms]
   [Clear CT: 0.9 ms]
   [Other: 12.1 ms]
      [Choose CSet: 0.5 ms]
      [Ref Proc: 2.5 ms]
      [Ref Enq: 0.0 ms]
      [Free CSet: 6.0 ms]
   [Eden: 950.0M(950.0M)->0.0B(947.0M) Survivors: 74.0M->77.0M Heap: 2055.8M(3072.0M)->1110.3M(3072.0M)]
 [Times: user=1.07 sys=0.00, real=0.54 secs] 
29274.258: [GC pause (young)
Desired survivor size 67108864 bytes, new threshold 2 (max 32)
- age   1:   44416136 bytes,   44416136 total
- age   2:   35034264 bytes,   79450400 total
, 0.4947860 secs]
   [Parallel Time: 479.8 ms, GC Workers: 2]
      [GC Worker Start (ms): Min: 29274259.6, Avg: 29274259.7, Max: 29274259.7, Diff: 0.0]
      [Ext Root Scanning (ms): Min: 62.6, Avg: 69.4, Max: 76.2, Diff: 13.6, Sum: 138.9]
      [Update RS (ms): Min: 28.5, Avg: 37.4, Max: 46.4, Diff: 18.0, Sum: 74.9]
         [Processed Buffers: Min: 116, Avg: 140.5, Max: 165, Diff: 49, Sum: 281]
      [Scan RS (ms): Min: 103.4, Avg: 103.5, Max: 103.6, Diff: 0.2, Sum: 207.0]
      [Object Copy (ms): Min: 266.9, Avg: 269.1, Max: 271.4, Diff: 4.6, Sum: 538.3]
      [Termination (ms): Min: 0.0, Avg: 0.0, Max: 0.0, Diff: 0.0, Sum: 0.0]
      [GC Worker Other (ms): Min: 0.1, Avg: 0.1, Max: 0.2, Diff: 0.0, Sum: 0.3]
      [GC Worker Total (ms): Min: 479.6, Avg: 479.6, Max: 479.7, Diff: 0.0, Sum: 959.3]
      [GC Worker End (ms): Min: 29274739.3, Avg: 29274739.3, Max: 29274739.3, Diff: 0.0]
   [Code Root Fixup: 0.0 ms]
   [Clear CT: 0.8 ms]
   [Other: 14.2 ms]
      [Choose CSet: 0.0 ms]
      [Ref Proc: 4.5 ms]
      [Ref Enq: 0.1 ms]
      [Free CSet: 6.6 ms]
   [Eden: 929.0M(947.0M)->0.0B(944.0M) Survivors: 77.0M->80.0M Heap: 2124.0M(3072.0M)->1229.9M(3072.0M)]
 [Times: user=0.98 sys=0.00, real=0.50 secs] 
29280.001: [GC pause (young)
Desired survivor size 67108864 bytes, new threshold 2 (max 32)
- age   1:   42299224 bytes,   42299224 total
- age   2:   39164416 bytes,   81463640 total
, 0.5311440 secs]
   [Parallel Time: 518.4 ms, GC Workers: 2]
      [GC Worker Start (ms): Min: 29280002.6, Avg: 29280002.6, Max: 29280002.6, Diff: 0.0]
      [Ext Root Scanning (ms): Min: 63.8, Avg: 70.2, Max: 76.5, Diff: 12.7, Sum: 140.3]
      [Update RS (ms): Min: 36.0, Avg: 44.1, Max: 52.3, Diff: 16.3, Sum: 88.2]
         [Processed Buffers: Min: 44, Avg: 130.5, Max: 217, Diff: 173, Sum: 261]
      [Scan RS (ms): Min: 92.4, Avg: 92.5, Max: 92.5, Diff: 0.0, Sum: 184.9]
      [Object Copy (ms): Min: 309.7, Avg: 311.4, Max: 313.2, Diff: 3.6, Sum: 622.9]
      [Termination (ms): Min: 0.0, Avg: 0.0, Max: 0.0, Diff: 0.0, Sum: 0.0]
      [GC Worker Other (ms): Min: 0.1, Avg: 0.1, Max: 0.1, Diff: 0.0, Sum: 0.2]
      [GC Worker Total (ms): Min: 518.3, Avg: 518.3, Max: 518.3, Diff: 0.0, Sum: 1036.6]
      [GC Worker End (ms): Min: 29280520.9, Avg: 29280520.9, Max: 29280520.9, Diff: 0.0]
   [Code Root Fixup: 0.0 ms]
   [Clear CT: 0.9 ms]
   [Other: 11.9 ms]
      [Choose CSet: 0.0 ms]
      [Ref Proc: 3.7 ms]
      [Ref Enq: 0.1 ms]
      [Free CSet: 5.2 ms]
   [Eden: 944.0M(944.0M)->0.0B(922.0M) Survivors: 80.0M->102.0M Heap: 2190.4M(3072.0M)->1302.9M(3072.0M)]
 [Times: user=1.04 sys=0.00, real=0.54 secs] 
29284.789: [GC pause (young)
Desired survivor size 67108864 bytes, new threshold 1 (max 32)
- age   1:   68747032 bytes,   68747032 total
- age   2:   35625584 bytes,  104372616 total
, 0.3977150 secs]
   [Parallel Time: 386.9 ms, GC Workers: 2]
      [GC Worker Start (ms): Min: 29284791.0, Avg: 29284791.0, Max: 29284791.1, Diff: 0.0]
      [Ext Root Scanning (ms): Min: 57.0, Avg: 69.7, Max: 82.4, Diff: 25.5, Sum: 139.4]
      [Update RS (ms): Min: 7.8, Avg: 19.1, Max: 30.4, Diff: 22.6, Sum: 38.2]
         [Processed Buffers: Min: 144, Avg: 156.5, Max: 169, Diff: 25, Sum: 313]
      [Scan RS (ms): Min: 69.7, Avg: 69.7, Max: 69.8, Diff: 0.1, Sum: 139.4]
      [Object Copy (ms): Min: 226.8, Avg: 228.2, Max: 229.6, Diff: 2.8, Sum: 456.4]
      [Termination (ms): Min: 0.0, Avg: 0.0, Max: 0.0, Diff: 0.0, Sum: 0.0]
      [GC Worker Other (ms): Min: 0.1, Avg: 0.1, Max: 0.1, Diff: 0.0, Sum: 0.2]
      [GC Worker Total (ms): Min: 386.8, Avg: 386.8, Max: 386.8, Diff: 0.0, Sum: 773.6]
      [GC Worker End (ms): Min: 29285177.8, Avg: 29285177.8, Max: 29285177.9, Diff: 0.0]
   [Code Root Fixup: 0.0 ms]
   [Clear CT: 0.6 ms]
   [Other: 10.2 ms]
      [Choose CSet: 0.0 ms]
      [Ref Proc: 2.7 ms]
      [Ref Enq: 0.0 ms]
      [Free CSet: 4.3 ms]
   [Eden: 819.0M(922.0M)->0.0B(988.0M) Survivors: 102.0M->36.0M Heap: 2131.3M(3072.0M)->1307.9M(3072.0M)]
 [Times: user=0.78 sys=0.01, real=0.40 secs] 
29286.104: [GC pause (young) (initial-mark)
Desired survivor size 67108864 bytes, new threshold 16 (max 32)
- age   1:   36094416 bytes,   36094416 total
, 0.2745300 secs]
   [Parallel Time: 271.0 ms, GC Workers: 2]
      [GC Worker Start (ms): Min: 29286104.8, Avg: 29286104.8, Max: 29286104.8, Diff: 0.0]
      [Ext Root Scanning (ms): Min: 63.1, Avg: 70.1, Max: 77.2, Diff: 14.1, Sum: 140.3]
      [Update RS (ms): Min: 22.0, Avg: 37.2, Max: 52.4, Diff: 30.4, Sum: 74.3]
         [Processed Buffers: Min: 119, Avg: 127.5, Max: 136, Diff: 17, Sum: 255]
      [Scan RS (ms): Min: 25.8, Avg: 25.9, Max: 25.9, Diff: 0.1, Sum: 51.7]
      [Object Copy (ms): Min: 129.5, Avg: 137.6, Max: 145.7, Diff: 16.2, Sum: 275.2]
      [Termination (ms): Min: 0.0, Avg: 0.0, Max: 0.0, Diff: 0.0, Sum: 0.0]
      [GC Worker Other (ms): Min: 0.1, Avg: 0.1, Max: 0.1, Diff: 0.0, Sum: 0.2]
      [GC Worker Total (ms): Min: 270.9, Avg: 270.9, Max: 270.9, Diff: 0.0, Sum: 541.8]
      [GC Worker End (ms): Min: 29286375.7, Avg: 29286375.7, Max: 29286375.7, Diff: 0.0]
   [Code Root Fixup: 0.0 ms]
   [Clear CT: 0.4 ms]
   [Other: 3.2 ms]
      [Choose CSet: 0.0 ms]
      [Ref Proc: 0.4 ms]
      [Ref Enq: 0.0 ms]
      [Free CSet: 0.9 ms]
   [Eden: 169.0M(988.0M)->0.0B(976.0M) Survivors: 36.0M->48.0M Heap: 1491.2M(3072.0M)->1335.1M(3072.0M)]
 [Times: user=0.55 sys=0.00, real=0.27 secs] 
29286.378: [GC concurrent-root-region-scan-start]
29286.555: [GC concurrent-root-region-scan-end, 0.1763660 secs]
29286.555: [GC concurrent-mark-start]
29289.204: [GC concurrent-mark-end, 2.6491780 secs]
29289.205: [GC remark 29289.207: [GC ref-proc, 0.2374290 secs], 0.3103580 secs]
 [Times: user=0.31 sys=0.00, real=0.31 secs] 
29289.519: [GC cleanup 1781M->1561M(3072M), 0.0269840 secs]
 [Times: user=0.05 sys=0.00, real=0.03 secs] 
29289.547: [GC concurrent-cleanup-start]
29289.548: [GC concurrent-cleanup-end, 0.0005440 secs]
29292.473: [GC pause (young)
Desired survivor size 67108864 bytes, new threshold 16 (max 32)
- age   1:   15544016 bytes,   15544016 total
- age   2:   33786984 bytes,   49331000 total
, 0.4316390 secs]
   [Parallel Time: 419.1 ms, GC Workers: 2]
      [GC Worker Start (ms): Min: 29292474.7, Avg: 29292474.8, Max: 29292474.8, Diff: 0.0]
      [Ext Root Scanning (ms): Min: 58.4, Avg: 66.0, Max: 73.6, Diff: 15.1, Sum: 132.0]
      [Update RS (ms): Min: 46.9, Avg: 57.0, Max: 67.1, Diff: 20.2, Sum: 114.0]
         [Processed Buffers: Min: 138, Avg: 143.0, Max: 148, Diff: 10, Sum: 286]
      [Scan RS (ms): Min: 59.3, Avg: 59.4, Max: 59.6, Diff: 0.3, Sum: 118.8]
      [Object Copy (ms): Min: 234.1, Avg: 236.5, Max: 238.9, Diff: 4.8, Sum: 473.0]
      [Termination (ms): Min: 0.0, Avg: 0.0, Max: 0.0, Diff: 0.0, Sum: 0.0]
      [GC Worker Other (ms): Min: 0.1, Avg: 0.1, Max: 0.1, Diff: 0.0, Sum: 0.2]
      [GC Worker Total (ms): Min: 419.0, Avg: 419.0, Max: 419.1, Diff: 0.0, Sum: 838.1]
      [GC Worker End (ms): Min: 29292893.8, Avg: 29292893.8, Max: 29292893.8, Diff: 0.0]
   [Code Root Fixup: 0.0 ms]
   [Clear CT: 0.7 ms]
   [Other: 11.8 ms]
      [Choose CSet: 0.0 ms]
      [Ref Proc: 4.3 ms]
      [Ref Enq: 0.1 ms]
      [Free CSet: 5.1 ms]
   [Eden: 976.0M(976.0M)->0.0B(930.0M) Survivors: 48.0M->94.0M Heap: 2114.2M(3072.0M)->1183.7M(3072.0M)]
 [Times: user=0.84 sys=0.00, real=0.44 secs] 
29298.078: [GC pause (mixed)
Desired survivor size 67108864 bytes, new threshold 2 (max 32)
- age   1:   66146736 bytes,   66146736 total
- age   2:    4640664 bytes,   70787400 total
- age   3:   24501760 bytes,   95289160 total
, 0.4816000 secs]
   [Parallel Time: 467.3 ms, GC Workers: 2]
      [GC Worker Start (ms): Min: 29298080.1, Avg: 29298080.1, Max: 29298080.1, Diff: 0.0]
      [Ext Root Scanning (ms): Min: 61.0, Avg: 68.6, Max: 76.2, Diff: 15.3, Sum: 137.2]
      [Update RS (ms): Min: 18.0, Avg: 27.9, Max: 37.8, Diff: 19.9, Sum: 55.8]
         [Processed Buffers: Min: 89, Avg: 144.5, Max: 200, Diff: 111, Sum: 289]
      [Scan RS (ms): Min: 82.3, Avg: 82.4, Max: 82.6, Diff: 0.3, Sum: 164.9]
      [Object Copy (ms): Min: 285.7, Avg: 288.1, Max: 290.5, Diff: 4.8, Sum: 576.3]
      [Termination (ms): Min: 0.0, Avg: 0.0, Max: 0.0, Diff: 0.0, Sum: 0.0]
      [GC Worker Other (ms): Min: 0.1, Avg: 0.1, Max: 0.1, Diff: 0.0, Sum: 0.2]
      [GC Worker Total (ms): Min: 467.2, Avg: 467.2, Max: 467.2, Diff: 0.0, Sum: 934.3]
      [GC Worker End (ms): Min: 29298547.3, Avg: 29298547.3, Max: 29298547.3, Diff: 0.0]
   [Code Root Fixup: 0.0 ms]
   [Clear CT: 0.8 ms]
   [Other: 13.5 ms]
      [Choose CSet: 0.6 ms]
      [Ref Proc: 4.3 ms]
      [Ref Enq: 0.1 ms]
      [Free CSet: 6.2 ms]
   [Eden: 930.0M(930.0M)->0.0B(915.0M) Survivors: 94.0M->109.0M Heap: 2137.7M(3072.0M)->1168.2M(3072.0M)]
 [Times: user=0.94 sys=0.00, real=0.48 secs] 
29305.118: [GC pause (mixed)
Desired survivor size 67108864 bytes, new threshold 2 (max 32)
- age   1:   61065024 bytes,   61065024 total
- age   2:   49641760 bytes,  110706784 total
, 0.6313260 secs]
   [Parallel Time: 618.6 ms, GC Workers: 2]
      [GC Worker Start (ms): Min: 29305120.4, Avg: 29305120.4, Max: 29305120.4, Diff: 0.0]
      [Ext Root Scanning (ms): Min: 68.3, Avg: 73.9, Max: 79.5, Diff: 11.2, Sum: 147.8]
      [Update RS (ms): Min: 35.7, Avg: 43.8, Max: 51.8, Diff: 16.1, Sum: 87.5]
         [Processed Buffers: Min: 122, Avg: 153.0, Max: 184, Diff: 62, Sum: 306]
      [Scan RS (ms): Min: 132.0, Avg: 132.0, Max: 132.0, Diff: 0.1, Sum: 264.0]
      [Object Copy (ms): Min: 366.3, Avg: 368.8, Max: 371.2, Diff: 4.9, Sum: 737.6]
      [Termination (ms): Min: 0.0, Avg: 0.0, Max: 0.0, Diff: 0.0, Sum: 0.0]
      [GC Worker Other (ms): Min: 0.1, Avg: 0.1, Max: 0.1, Diff: 0.0, Sum: 0.2]
      [GC Worker Total (ms): Min: 618.5, Avg: 618.5, Max: 618.5, Diff: 0.0, Sum: 1237.0]
      [GC Worker End (ms): Min: 29305738.9, Avg: 29305738.9, Max: 29305738.9, Diff: 0.0]
   [Code Root Fixup: 0.0 ms]
   [Clear CT: 1.9 ms]
   [Other: 10.8 ms]
      [Choose CSet: 1.5 ms]
      [Ref Proc: 3.2 ms]
      [Ref Enq: 0.1 ms]
      [Free CSet: 3.8 ms]
   [Eden: 915.0M(915.0M)->0.0B(896.0M) Survivors: 109.0M->128.0M Heap: 2200.6M(3072.0M)->1279.8M(3072.0M)]
 [Times: user=1.25 sys=0.00, real=0.63 secs] 
29309.937: [GC pause (mixed)
Desired survivor size 67108864 bytes, new threshold 1 (max 32)
- age   1:   73495448 bytes,   73495448 total
- age   2:   55502704 bytes,  128998152 total
, 0.4789540 secs]
   [Parallel Time: 470.1 ms, GC Workers: 2]
      [GC Worker Start (ms): Min: 29309938.0, Avg: 29309938.0, Max: 29309938.0, Diff: 0.0]
      [Ext Root Scanning (ms): Min: 58.9, Avg: 68.0, Max: 77.0, Diff: 18.1, Sum: 136.0]
      [Update RS (ms): Min: 36.2, Avg: 48.2, Max: 60.2, Diff: 24.1, Sum: 96.4]
         [Processed Buffers: Min: 141, Avg: 142.5, Max: 144, Diff: 3, Sum: 285]
      [Scan RS (ms): Min: 44.6, Avg: 44.6, Max: 44.6, Diff: 0.0, Sum: 89.2]
      [Object Copy (ms): Min: 306.1, Avg: 309.1, Max: 312.1, Diff: 6.0, Sum: 618.2]
      [Termination (ms): Min: 0.0, Avg: 0.0, Max: 0.0, Diff: 0.0, Sum: 0.0]
      [GC Worker Other (ms): Min: 0.1, Avg: 0.1, Max: 0.1, Diff: 0.0, Sum: 0.2]
      [GC Worker Total (ms): Min: 470.0, Avg: 470.0, Max: 470.0, Diff: 0.0, Sum: 940.0]
      [GC Worker End (ms): Min: 29310408.0, Avg: 29310408.0, Max: 29310408.1, Diff: 0.0]
   [Code Root Fixup: 0.0 ms]
   [Clear CT: 0.9 ms]
   [Other: 7.9 ms]
      [Choose CSet: 0.1 ms]
      [Ref Proc: 3.0 ms]
      [Ref Enq: 0.0 ms]
      [Free CSet: 2.4 ms]
   [Eden: 896.0M(896.0M)->0.0B(963.0M) Survivors: 128.0M->61.0M Heap: 2177.3M(3072.0M)->1288.6M(3072.0M)]
 [Times: user=0.94 sys=0.00, real=0.47 secs] 
29315.437: [GC pause (young)
Desired survivor size 67108864 bytes, new threshold 16 (max 32)
- age   1:   61182216 bytes,   61182216 total
, 0.2681200 secs]
   [Parallel Time: 257.3 ms, GC Workers: 2]
      [GC Worker Start (ms): Min: 29315438.4, Avg: 29315438.4, Max: 29315438.4, Diff: 0.0]
      [Ext Root Scanning (ms): Min: 65.0, Avg: 71.9, Max: 78.7, Diff: 13.7, Sum: 143.7]
      [Update RS (ms): Min: 6.7, Avg: 15.8, Max: 24.9, Diff: 18.3, Sum: 31.6]
         [Processed Buffers: Min: 124, Avg: 180.0, Max: 236, Diff: 112, Sum: 360]
      [Scan RS (ms): Min: 37.8, Avg: 37.9, Max: 37.9, Diff: 0.2, Sum: 75.7]
      [Object Copy (ms): Min: 129.4, Avg: 131.6, Max: 133.8, Diff: 4.4, Sum: 263.2]
      [Termination (ms): Min: 0.0, Avg: 0.0, Max: 0.0, Diff: 0.0, Sum: 0.0]
      [GC Worker Other (ms): Min: 0.1, Avg: 0.1, Max: 0.1, Diff: 0.0, Sum: 0.1]
      [GC Worker Total (ms): Min: 257.2, Avg: 257.2, Max: 257.2, Diff: 0.0, Sum: 514.4]
      [GC Worker End (ms): Min: 29315695.6, Avg: 29315695.6, Max: 29315695.6, Diff: 0.0]
   [Code Root Fixup: 0.0 ms]
   [Clear CT: 0.9 ms]
   [Other: 9.9 ms]
      [Choose CSet: 0.0 ms]
      [Ref Proc: 4.6 ms]
      [Ref Enq: 0.1 ms]
      [Free CSet: 3.2 ms]
   [Eden: 882.0M(963.0M)->0.0B(962.0M) Survivors: 61.0M->62.0M Heap: 2186.6M(3072.0M)->1306.6M(3072.0M)]
 [Times: user=0.53 sys=0.01, real=0.27 secs] 
29322.581: [GC pause (young)
Desired survivor size 67108864 bytes, new threshold 16 (max 32)
- age   1:   26373424 bytes,   26373424 total
- age   2:   34477688 bytes,   60851112 total
, 0.3133820 secs]
   [Parallel Time: 298.2 ms, GC Workers: 2]
      [GC Worker Start (ms): Min: 29322582.2, Avg: 29322582.2, Max: 29322582.3, Diff: 0.0]
      [Ext Root Scanning (ms): Min: 60.2, Avg: 69.1, Max: 77.9, Diff: 17.7, Sum: 138.1]
      [Update RS (ms): Min: 26.5, Avg: 38.1, Max: 49.7, Diff: 23.2, Sum: 76.1]
         [Processed Buffers: Min: 137, Avg: 160.0, Max: 183, Diff: 46, Sum: 320]
      [Scan RS (ms): Min: 39.3, Avg: 39.4, Max: 39.5, Diff: 0.1, Sum: 78.8]
      [Object Copy (ms): Min: 148.4, Avg: 151.3, Max: 154.1, Diff: 5.7, Sum: 302.5]
      [Termination (ms): Min: 0.0, Avg: 0.0, Max: 0.0, Diff: 0.0, Sum: 0.0]
      [GC Worker Other (ms): Min: 0.1, Avg: 0.2, Max: 0.3, Diff: 0.2, Sum: 0.4]
      [GC Worker Total (ms): Min: 297.9, Avg: 298.0, Max: 298.1, Diff: 0.2, Sum: 595.9]
      [GC Worker End (ms): Min: 29322880.1, Avg: 29322880.2, Max: 29322880.3, Diff: 0.2]
   [Code Root Fixup: 0.0 ms]
   [Clear CT: 0.9 ms]
   [Other: 14.3 ms]
      [Choose CSet: 0.0 ms]
      [Ref Proc: 8.7 ms]
      [Ref Enq: 0.1 ms]
      [Free CSet: 3.6 ms]
   [Eden: 962.0M(962.0M)->0.0B(945.0M) Survivors: 62.0M->79.0M Heap: 2287.3M(3072.0M)->1342.3M(3072.0M)]
 [Times: user=0.61 sys=0.00, real=0.31 secs] 
29328.234: [GC pause (young)
Desired survivor size 67108864 bytes, new threshold 3 (max 32)
- age   1:   27003824 bytes,   27003824 total
- age   2:   17902600 bytes,   44906424 total
- age   3:   33032928 bytes,   77939352 total
, 0.3269280 secs]
   [Parallel Time: 314.8 ms, GC Workers: 2]
      [GC Worker Start (ms): Min: 29328235.5, Avg: 29328235.5, Max: 29328235.5, Diff: 0.0]
      [Ext Root Scanning (ms): Min: 64.1, Avg: 71.0, Max: 77.9, Diff: 13.8, Sum: 141.9]
      [Update RS (ms): Min: 26.7, Avg: 36.5, Max: 46.3, Diff: 19.6, Sum: 73.0]
         [Processed Buffers: Min: 127, Avg: 155.0, Max: 183, Diff: 56, Sum: 310]
      [Scan RS (ms): Min: 38.1, Avg: 38.2, Max: 38.2, Diff: 0.2, Sum: 76.3]
      [Object Copy (ms): Min: 166.2, Avg: 169.0, Max: 171.7, Diff: 5.5, Sum: 337.9]
      [Termination (ms): Min: 0.0, Avg: 0.0, Max: 0.0, Diff: 0.0, Sum: 0.0]
      [GC Worker Other (ms): Min: 0.1, Avg: 0.1, Max: 0.1, Diff: 0.0, Sum: 0.2]
      [GC Worker Total (ms): Min: 314.7, Avg: 314.7, Max: 314.7, Diff: 0.0, Sum: 629.4]
      [GC Worker End (ms): Min: 29328550.2, Avg: 29328550.2, Max: 29328550.2, Diff: 0.0]
   [Code Root Fixup: 0.0 ms]
   [Clear CT: 0.7 ms]
   [Other: 11.4 ms]
      [Choose CSet: 0.0 ms]
      [Ref Proc: 6.2 ms]
      [Ref Enq: 0.1 ms]
      [Free CSet: 3.0 ms]
   [Eden: 945.0M(945.0M)->0.0B(966.0M) Survivors: 79.0M->58.0M Heap: 2292.6M(3072.0M)->1357.6M(3072.0M)]
 [Times: user=0.64 sys=0.01, real=0.33 secs] 
29330.191: [GC pause (young) (initial-mark)
Desired survivor size 67108864 bytes, new threshold 16 (max 32)
- age   1:   25260184 bytes,   25260184 total
- age   2:   19429016 bytes,   44689200 total
- age   3:   13287608 bytes,   57976808 total
, 0.2949260 secs]
   [Parallel Time: 290.0 ms, GC Workers: 2]
      [GC Worker Start (ms): Min: 29330191.9, Avg: 29330191.9, Max: 29330192.0, Diff: 0.1]
      [Ext Root Scanning (ms): Min: 62.7, Avg: 76.0, Max: 89.2, Diff: 26.5, Sum: 151.9]
      [Update RS (ms): Min: 40.0, Avg: 50.9, Max: 61.8, Diff: 21.9, Sum: 101.8]
         [Processed Buffers: Min: 90, Avg: 161.5, Max: 233, Diff: 143, Sum: 323]
      [Scan RS (ms): Min: 6.2, Avg: 6.3, Max: 6.3, Diff: 0.1, Sum: 12.5]
      [Object Copy (ms): Min: 154.3, Avg: 156.5, Max: 158.8, Diff: 4.6, Sum: 313.1]
      [Termination (ms): Min: 0.0, Avg: 0.0, Max: 0.0, Diff: 0.0, Sum: 0.0]
      [GC Worker Other (ms): Min: 0.1, Avg: 0.2, Max: 0.2, Diff: 0.2, Sum: 0.3]
      [GC Worker Total (ms): Min: 289.8, Avg: 289.8, Max: 289.9, Diff: 0.1, Sum: 579.7]
      [GC Worker End (ms): Min: 29330481.7, Avg: 29330481.7, Max: 29330481.8, Diff: 0.0]
   [Code Root Fixup: 0.0 ms]
   [Clear CT: 0.4 ms]
   [Other: 4.6 ms]
      [Choose CSet: 0.0 ms]
      [Ref Proc: 1.9 ms]
      [Ref Enq: 0.0 ms]
      [Free CSet: 0.8 ms]
   [Eden: 234.0M(966.0M)->0.0B(959.0M) Survivors: 58.0M->65.0M Heap: 1590.7M(3072.0M)->1364.6M(3072.0M)]
 [Times: user=0.59 sys=0.00, real=0.29 secs] 
29330.486: [GC concurrent-root-region-scan-start]
29330.646: [GC concurrent-root-region-scan-end, 0.1594000 secs]
29330.646: [GC concurrent-mark-start]
29332.255: [GC concurrent-mark-end, 1.6091790 secs]
29332.256: [GC remark 29332.258: [GC ref-proc, 0.1377420 secs], 0.2074730 secs]
 [Times: user=0.21 sys=0.00, real=0.21 secs] 
29332.466: [GC cleanup 1699M->1414M(3072M), 0.0258960 secs]
 [Times: user=0.06 sys=0.00, real=0.03 secs] 
29332.492: [GC concurrent-cleanup-start]
29332.493: [GC concurrent-cleanup-end, 0.0006490 secs]
29336.599: [GC pause (young)
Desired survivor size 67108864 bytes, new threshold 16 (max 32)
- age   1:   14562224 bytes,   14562224 total
- age   2:   20777008 bytes,   35339232 total
- age   3:   18203880 bytes,   53543112 total
- age   4:   12178432 bytes,   65721544 total
, 0.3144960 secs]
   [Parallel Time: 299.7 ms, GC Workers: 2]
      [GC Worker Start (ms): Min: 29336599.9, Avg: 29336600.0, Max: 29336600.0, Diff: 0.1]
      [Ext Root Scanning (ms): Min: 59.7, Avg: 68.9, Max: 78.1, Diff: 18.4, Sum: 137.8]
      [Update RS (ms): Min: 34.0, Avg: 45.8, Max: 57.5, Diff: 23.4, Sum: 91.5]
         [Processed Buffers: Min: 135, Avg: 165.5, Max: 196, Diff: 61, Sum: 331]
      [Scan RS (ms): Min: 29.0, Avg: 29.4, Max: 29.8, Diff: 0.8, Sum: 58.9]
      [Object Copy (ms): Min: 152.5, Avg: 155.4, Max: 158.3, Diff: 5.8, Sum: 310.8]
      [Termination (ms): Min: 0.0, Avg: 0.0, Max: 0.0, Diff: 0.0, Sum: 0.0]
      [GC Worker Other (ms): Min: 0.1, Avg: 0.1, Max: 0.1, Diff: 0.0, Sum: 0.2]
      [GC Worker Total (ms): Min: 299.6, Avg: 299.6, Max: 299.6, Diff: 0.1, Sum: 599.2]
      [GC Worker End (ms): Min: 29336899.6, Avg: 29336899.6, Max: 29336899.6, Diff: 0.0]
   [Code Root Fixup: 0.0 ms]
   [Clear CT: 1.0 ms]
   [Other: 13.8 ms]
      [Choose CSet: 0.0 ms]
      [Ref Proc: 8.9 ms]
      [Ref Enq: 0.1 ms]
      [Free CSet: 2.9 ms]
   [Eden: 959.0M(959.0M)->0.0B(945.0M) Survivors: 65.0M->79.0M Heap: 2101.9M(3072.0M)->1156.9M(3072.0M)]
 [Times: user=0.61 sys=0.00, real=0.32 secs] 
29342.950: [GC pause (mixed)
Desired survivor size 67108864 bytes, new threshold 4 (max 32)
- age   1:   31736872 bytes,   31736872 total
- age   2:    4703520 bytes,   36440392 total
- age   3:   14821056 bytes,   51261448 total
- age   4:   16085672 bytes,   67347120 total
- age   5:   10463360 bytes,   77810480 total
, 0.4096790 secs]
   [Parallel Time: 391.9 ms, GC Workers: 2]
      [GC Worker Start (ms): Min: 29342953.6, Avg: 29342953.6, Max: 29342953.6, Diff: 0.0]
      [Ext Root Scanning (ms): Min: 62.2, Avg: 70.4, Max: 78.6, Diff: 16.5, Sum: 140.8]
      [Update RS (ms): Min: 20.3, Avg: 32.1, Max: 43.8, Diff: 23.4, Sum: 64.1]
         [Processed Buffers: Min: 135, Avg: 145.0, Max: 155, Diff: 20, Sum: 290]
      [Scan RS (ms): Min: 69.5, Avg: 69.6, Max: 69.7, Diff: 0.1, Sum: 139.2]
      [Object Copy (ms): Min: 216.2, Avg: 219.6, Max: 223.0, Diff: 6.8, Sum: 439.2]
      [Termination (ms): Min: 0.0, Avg: 0.0, Max: 0.0, Diff: 0.0, Sum: 0.0]
      [GC Worker Other (ms): Min: 0.1, Avg: 0.1, Max: 0.1, Diff: 0.0, Sum: 0.2]
      [GC Worker Total (ms): Min: 391.8, Avg: 391.8, Max: 391.8, Diff: 0.0, Sum: 783.5]
      [GC Worker End (ms): Min: 29343345.3, Avg: 29343345.3, Max: 29343345.3, Diff: 0.0]
   [Code Root Fixup: 0.0 ms]
   [Clear CT: 0.9 ms]
   [Other: 16.9 ms]
      [Choose CSet: 2.2 ms]
      [Ref Proc: 5.9 ms]
      [Ref Enq: 0.1 ms]
      [Free CSet: 6.4 ms]
   [Eden: 945.0M(945.0M)->0.0B(951.0M) Survivors: 79.0M->73.0M Heap: 2106.4M(3072.0M)->876.9M(3072.0M)]
 [Times: user=0.79 sys=0.00, real=0.41 secs] 
29347.739: [GC pause (mixed)
Desired survivor size 67108864 bytes, new threshold 4 (max 32)
- age   1:   34256656 bytes,   34256656 total
- age   2:   21280840 bytes,   55537496 total
- age   3:    4368408 bytes,   59905904 total
- age   4:   13682840 bytes,   73588744 total
, 0.6010120 secs]
   [Parallel Time: 590.9 ms, GC Workers: 2]
      [GC Worker Start (ms): Min: 29347741.2, Avg: 29347741.2, Max: 29347741.2, Diff: 0.0]
      [Ext Root Scanning (ms): Min: 62.7, Avg: 71.1, Max: 79.5, Diff: 16.9, Sum: 142.2]
      [Update RS (ms): Min: 25.0, Avg: 36.2, Max: 47.4, Diff: 22.4, Sum: 72.4]
         [Processed Buffers: Min: 60, Avg: 181.0, Max: 302, Diff: 242, Sum: 362]
      [Scan RS (ms): Min: 54.6, Avg: 54.7, Max: 54.8, Diff: 0.1, Sum: 109.4]
      [Object Copy (ms): Min: 425.7, Avg: 428.4, Max: 431.1, Diff: 5.4, Sum: 856.9]
      [Termination (ms): Min: 0.0, Avg: 0.0, Max: 0.0, Diff: 0.0, Sum: 0.0]
      [GC Worker Other (ms): Min: 0.1, Avg: 0.1, Max: 0.1, Diff: 0.0, Sum: 0.3]
      [GC Worker Total (ms): Min: 590.6, Avg: 590.6, Max: 590.6, Diff: 0.1, Sum: 1181.2]
      [GC Worker End (ms): Min: 29348331.8, Avg: 29348331.8, Max: 29348331.8, Diff: 0.0]
   [Code Root Fixup: 0.0 ms]
   [Clear CT: 0.9 ms]
   [Other: 9.2 ms]
      [Choose CSet: 0.6 ms]
      [Ref Proc: 2.5 ms]
      [Ref Enq: 0.0 ms]
      [Free CSet: 3.8 ms]
   [Eden: 951.0M(951.0M)->0.0B(896.0M) Survivors: 73.0M->128.0M Heap: 1873.8M(3072.0M)->998.3M(3072.0M)]
 [Times: user=1.19 sys=0.01, real=0.60 secs] 
29352.936: [GC pause (young)
Desired survivor size 67108864 bytes, new threshold 1 (max 32)
- age   1:  121686136 bytes,  121686136 total
- age   2:   23566744 bytes,  145252880 total
- age   3:   16154440 bytes,  161407320 total
- age   4:    3825400 bytes,  165232720 total
, 0.7563580 secs]
   [Parallel Time: 744.9 ms, GC Workers: 2]
      [GC Worker Start (ms): Min: 29352937.8, Avg: 29352937.8, Max: 29352937.9, Diff: 0.0]
      [Ext Root Scanning (ms): Min: 67.4, Avg: 70.9, Max: 74.4, Diff: 7.0, Sum: 141.8]
      [Update RS (ms): Min: 82.9, Avg: 88.6, Max: 94.2, Diff: 11.3, Sum: 177.2]
         [Processed Buffers: Min: 62, Avg: 164.5, Max: 267, Diff: 205, Sum: 329]
      [Scan RS (ms): Min: 103.9, Avg: 104.0, Max: 104.1, Diff: 0.2, Sum: 208.0]
      [Object Copy (ms): Min: 479.2, Avg: 481.2, Max: 483.3, Diff: 4.1, Sum: 962.4]
      [Termination (ms): Min: 0.0, Avg: 0.0, Max: 0.0, Diff: 0.0, Sum: 0.0]
      [GC Worker Other (ms): Min: 0.1, Avg: 0.1, Max: 0.1, Diff: 0.1, Sum: 0.2]
      [GC Worker Total (ms): Min: 744.8, Avg: 744.8, Max: 744.8, Diff: 0.0, Sum: 1489.6]
      [GC Worker End (ms): Min: 29353682.6, Avg: 29353682.6, Max: 29353682.7, Diff: 0.0]
   [Code Root Fixup: 0.0 ms]
   [Clear CT: 1.3 ms]
   [Other: 10.2 ms]
      [Choose CSet: 0.0 ms]
      [Ref Proc: 2.6 ms]
      [Ref Enq: 0.0 ms]
      [Free CSet: 4.0 ms]
   [Eden: 896.0M(896.0M)->0.0B(953.0M) Survivors: 128.0M->71.0M Heap: 1897.8M(3072.0M)->1055.8M(3072.0M)]
 [Times: user=1.48 sys=0.01, real=0.75 secs] 
29357.673: [GC pause (young)
Desired survivor size 67108864 bytes, new threshold 1 (max 32)
- age   1:   71866568 bytes,   71866568 total
, 0.4933100 secs]
   [Parallel Time: 482.9 ms, GC Workers: 2]
      [GC Worker Start (ms): Min: 29357675.0, Avg: 29357675.0, Max: 29357675.0, Diff: 0.0]
      [Ext Root Scanning (ms): Min: 59.4, Avg: 69.4, Max: 79.4, Diff: 20.0, Sum: 138.7]
      [Update RS (ms): Min: 52.2, Avg: 64.6, Max: 77.0, Diff: 24.8, Sum: 129.2]
         [Processed Buffers: Min: 151, Avg: 176.0, Max: 201, Diff: 50, Sum: 352]
      [Scan RS (ms): Min: 79.5, Avg: 79.6, Max: 79.7, Diff: 0.1, Sum: 159.2]
      [Object Copy (ms): Min: 266.7, Avg: 269.1, Max: 271.4, Diff: 4.7, Sum: 538.1]
      [Termination (ms): Min: 0.0, Avg: 0.0, Max: 0.0, Diff: 0.0, Sum: 0.0]
      [GC Worker Other (ms): Min: 0.1, Avg: 0.1, Max: 0.1, Diff: 0.0, Sum: 0.2]
      [GC Worker Total (ms): Min: 482.7, Avg: 482.7, Max: 482.7, Diff: 0.0, Sum: 965.4]
      [GC Worker End (ms): Min: 29358157.7, Avg: 29358157.7, Max: 29358157.7, Diff: 0.0]
   [Code Root Fixup: 0.0 ms]
   [Clear CT: 0.7 ms]
   [Other: 9.8 ms]
      [Choose CSet: 0.0 ms]
      [Ref Proc: 2.1 ms]
      [Ref Enq: 0.0 ms]
      [Free CSet: 4.4 ms]
   [Eden: 953.0M(953.0M)->0.0B(982.0M) Survivors: 71.0M->42.0M Heap: 2061.7M(3072.0M)->1144.2M(3072.0M)]
 [Times: user=0.97 sys=0.00, real=0.50 secs] 
29363.736: [GC pause (young)
Desired survivor size 67108864 bytes, new threshold 16 (max 32)
- age   1:   42781752 bytes,   42781752 total
, 0.4848290 secs]
   [Parallel Time: 472.6 ms, GC Workers: 2]
      [GC Worker Start (ms): Min: 29363738.0, Avg: 29363738.0, Max: 29363738.0, Diff: 0.0]
      [Ext Root Scanning (ms): Min: 54.7, Avg: 67.4, Max: 80.1, Diff: 25.5, Sum: 134.8]
      [Update RS (ms): Min: 67.6, Avg: 79.2, Max: 90.8, Diff: 23.2, Sum: 158.4]
         [Processed Buffers: Min: 78, Avg: 157.5, Max: 237, Diff: 159, Sum: 315]
      [Scan RS (ms): Min: 76.5, Avg: 76.5, Max: 76.5, Diff: 0.0, Sum: 152.9]
      [Object Copy (ms): Min: 248.1, Avg: 249.2, Max: 250.4, Diff: 2.3, Sum: 498.5]
      [Termination (ms): Min: 0.0, Avg: 0.0, Max: 0.1, Diff: 0.1, Sum: 0.1]
      [GC Worker Other (ms): Min: 0.1, Avg: 0.1, Max: 0.1, Diff: 0.0, Sum: 0.2]
      [GC Worker Total (ms): Min: 472.4, Avg: 472.4, Max: 472.4, Diff: 0.0, Sum: 944.8]
      [GC Worker End (ms): Min: 29364210.5, Avg: 29364210.5, Max: 29364210.5, Diff: 0.0]
   [Code Root Fixup: 0.0 ms]
   [Clear CT: 0.8 ms]
   [Other: 11.5 ms]
      [Choose CSet: 0.0 ms]
      [Ref Proc: 4.4 ms]
      [Ref Enq: 0.1 ms]
      [Free CSet: 4.7 ms]
   [Eden: 982.0M(982.0M)->0.0B(928.0M) Survivors: 42.0M->96.0M Heap: 2148.4M(3072.0M)->1220.4M(3072.0M)]
 [Times: user=0.95 sys=0.00, real=0.48 secs] 
29369.811: [GC pause (young)
Desired survivor size 67108864 bytes, new threshold 2 (max 32)
- age   1:   60141008 bytes,   60141008 total
- age   2:   38158840 bytes,   98299848 total
, 0.5062020 secs]
   [Parallel Time: 494.8 ms, GC Workers: 2]
      [GC Worker Start (ms): Min: 29369812.8, Avg: 29369812.8, Max: 29369812.8, Diff: 0.0]
      [Ext Root Scanning (ms): Min: 65.0, Avg: 71.4, Max: 77.9, Diff: 12.9, Sum: 142.8]
      [Update RS (ms): Min: 73.3, Avg: 82.4, Max: 91.5, Diff: 18.2, Sum: 164.9]
         [Processed Buffers: Min: 127, Avg: 148.5, Max: 170, Diff: 43, Sum: 297]
      [Scan RS (ms): Min: 73.3, Avg: 73.4, Max: 73.5, Diff: 0.2, Sum: 146.8]
      [Object Copy (ms): Min: 264.9, Avg: 267.4, Max: 269.9, Diff: 5.1, Sum: 534.8]
      [Termination (ms): Min: 0.0, Avg: 0.0, Max: 0.0, Diff: 0.0, Sum: 0.0]
      [GC Worker Other (ms): Min: 0.1, Avg: 0.1, Max: 0.1, Diff: 0.0, Sum: 0.2]
      [GC Worker Total (ms): Min: 494.7, Avg: 494.8, Max: 494.8, Diff: 0.1, Sum: 989.5]
      [GC Worker End (ms): Min: 29370307.5, Avg: 29370307.5, Max: 29370307.5, Diff: 0.0]
   [Code Root Fixup: 0.0 ms]
   [Clear CT: 0.8 ms]
   [Other: 10.6 ms]
      [Choose CSet: 0.0 ms]
      [Ref Proc: 3.6 ms]
      [Ref Enq: 0.1 ms]
      [Free CSet: 4.4 ms]
   [Eden: 928.0M(928.0M)->0.0B(945.0M) Survivors: 96.0M->79.0M Heap: 2188.8M(3072.0M)->1278.3M(3072.0M)]
 [Times: user=1.00 sys=0.00, real=0.51 secs] 
29375.696: [GC pause (young)
Desired survivor size 67108864 bytes, new threshold 2 (max 32)
- age   1:   43169360 bytes,   43169360 total
- age   2:   37123208 bytes,   80292568 total
, 0.4302070 secs]
   [Parallel Time: 418.5 ms, GC Workers: 2]
      [GC Worker Start (ms): Min: 29375697.3, Avg: 29375697.4, Max: 29375697.4, Diff: 0.0]
      [Ext Root Scanning (ms): Min: 57.9, Avg: 67.9, Max: 77.9, Diff: 20.0, Sum: 135.7]
      [Update RS (ms): Min: 4.5, Avg: 16.9, Max: 29.4, Diff: 24.9, Sum: 33.9]
         [Processed Buffers: Min: 106, Avg: 147.0, Max: 188, Diff: 82, Sum: 294]
      [Scan RS (ms): Min: 71.8, Avg: 71.8, Max: 71.9, Diff: 0.1, Sum: 143.7]
      [Object Copy (ms): Min: 259.1, Avg: 261.6, Max: 264.1, Diff: 5.0, Sum: 523.3]
      [Termination (ms): Min: 0.0, Avg: 0.0, Max: 0.0, Diff: 0.0, Sum: 0.0]
      [GC Worker Other (ms): Min: 0.1, Avg: 0.1, Max: 0.1, Diff: 0.0, Sum: 0.2]
      [GC Worker Total (ms): Min: 418.4, Avg: 418.4, Max: 418.4, Diff: 0.0, Sum: 836.8]
      [GC Worker End (ms): Min: 29376115.7, Avg: 29376115.8, Max: 29376115.8, Diff: 0.0]
   [Code Root Fixup: 0.0 ms]
   [Clear CT: 0.7 ms]
   [Other: 11.0 ms]
      [Choose CSet: 0.0 ms]
      [Ref Proc: 2.9 ms]
      [Ref Enq: 0.0 ms]
      [Free CSet: 5.3 ms]
   [Eden: 945.0M(945.0M)->0.0B(940.0M) Survivors: 79.0M->84.0M Heap: 2279.5M(3072.0M)->1371.0M(3072.0M)]
 [Times: user=0.84 sys=0.00, real=0.43 secs] 
29377.321: [GC pause (young) (initial-mark)
Desired survivor size 67108864 bytes, new threshold 2 (max 32)
- age   1:   51215752 bytes,   51215752 total
- age   2:   33848456 bytes,   85064208 total
, 0.3636220 secs]
   [Parallel Time: 359.0 ms, GC Workers: 2]
      [GC Worker Start (ms): Min: 29377322.5, Avg: 29377322.5, Max: 29377322.5, Diff: 0.0]
      [Ext Root Scanning (ms): Min: 57.9, Avg: 71.2, Max: 84.5, Diff: 26.6, Sum: 142.4]
      [Update RS (ms): Min: 37.4, Avg: 49.2, Max: 61.1, Diff: 23.7, Sum: 98.4]
         [Processed Buffers: Min: 95, Avg: 139.0, Max: 183, Diff: 88, Sum: 278]
      [Scan RS (ms): Min: 27.3, Avg: 27.4, Max: 27.4, Diff: 0.1, Sum: 54.7]
      [Object Copy (ms): Min: 209.6, Avg: 210.9, Max: 212.3, Diff: 2.7, Sum: 421.9]
      [Termination (ms): Min: 0.0, Avg: 0.0, Max: 0.0, Diff: 0.0, Sum: 0.0]
      [GC Worker Other (ms): Min: 0.1, Avg: 0.1, Max: 0.1, Diff: 0.0, Sum: 0.2]
      [GC Worker Total (ms): Min: 358.8, Avg: 358.9, Max: 358.9, Diff: 0.1, Sum: 717.7]
      [GC Worker End (ms): Min: 29377681.3, Avg: 29377681.3, Max: 29377681.4, Diff: 0.0]
   [Code Root Fixup: 0.0 ms]
   [Clear CT: 0.4 ms]
   [Other: 4.2 ms]
      [Choose CSet: 0.0 ms]
      [Ref Proc: 0.9 ms]
      [Ref Enq: 0.0 ms]
      [Free CSet: 1.0 ms]
   [Eden: 177.0M(940.0M)->0.0B(961.0M) Survivors: 84.0M->63.0M Heap: 1547.1M(3072.0M)->1381.5M(3072.0M)]
 [Times: user=0.72 sys=0.00, real=0.36 secs] 
29377.685: [GC concurrent-root-region-scan-start]
29377.991: [GC concurrent-root-region-scan-end, 0.3057410 secs]
29377.991: [GC concurrent-mark-start]
29380.755: [GC concurrent-mark-end, 2.7634690 secs]
29380.756: [GC remark 29380.757: [GC ref-proc, 0.0387250 secs], 0.1124730 secs]
 [Times: user=0.11 sys=0.00, real=0.11 secs] 
29380.870: [GC cleanup 1975M->1667M(3072M), 0.0242790 secs]
 [Times: user=0.04 sys=0.01, real=0.02 secs] 
29380.895: [GC concurrent-cleanup-start]
29380.895: [GC concurrent-cleanup-end, 0.0006020 secs]
29382.909: [GC pause (young)
Desired survivor size 67108864 bytes, new threshold 16 (max 32)
- age   1:   17831608 bytes,   17831608 total
- age   2:   46770024 bytes,   64601632 total
, 0.3671310 secs]
   [Parallel Time: 355.0 ms, GC Workers: 2]
      [GC Worker Start (ms): Min: 29382910.9, Avg: 29382910.9, Max: 29382910.9, Diff: 0.0]
      [Ext Root Scanning (ms): Min: 64.6, Avg: 72.0, Max: 79.5, Diff: 15.0, Sum: 144.1]
      [Update RS (ms): Min: 37.5, Avg: 47.3, Max: 57.0, Diff: 19.5, Sum: 94.5]
         [Processed Buffers: Min: 66, Avg: 147.5, Max: 229, Diff: 163, Sum: 295]
      [Scan RS (ms): Min: 54.9, Avg: 55.0, Max: 55.2, Diff: 0.3, Sum: 110.1]
      [Object Copy (ms): Min: 178.0, Avg: 180.4, Max: 182.9, Diff: 4.9, Sum: 360.9]
      [Termination (ms): Min: 0.0, Avg: 0.0, Max: 0.0, Diff: 0.0, Sum: 0.0]
      [GC Worker Other (ms): Min: 0.1, Avg: 0.1, Max: 0.1, Diff: 0.0, Sum: 0.2]
      [GC Worker Total (ms): Min: 354.9, Avg: 354.9, Max: 354.9, Diff: 0.0, Sum: 709.8]
      [GC Worker End (ms): Min: 29383265.8, Avg: 29383265.8, Max: 29383265.8, Diff: 0.0]
   [Code Root Fixup: 0.0 ms]
   [Clear CT: 0.7 ms]
   [Other: 11.4 ms]
      [Choose CSet: 0.0 ms]
      [Ref Proc: 3.2 ms]
      [Ref Enq: 0.1 ms]
      [Free CSet: 5.7 ms]
   [Eden: 961.0M(961.0M)->0.0B(948.0M) Survivors: 63.0M->76.0M Heap: 2061.2M(3072.0M)->1113.7M(3072.0M)]
 [Times: user=0.72 sys=0.00, real=0.37 secs] 
29389.130: [GC pause (mixed)
Desired survivor size 67108864 bytes, new threshold 3 (max 32)
- age   1:   45037152 bytes,   45037152 total
- age   2:    7479360 bytes,   52516512 total
- age   3:   25509528 bytes,   78026040 total
, 0.5040380 secs]
   [Parallel Time: 487.6 ms, GC Workers: 2]
      [GC Worker Start (ms): Min: 29389132.3, Avg: 29389132.3, Max: 29389132.3, Diff: 0.0]
      [Ext Root Scanning (ms): Min: 65.0, Avg: 71.7, Max: 78.5, Diff: 13.6, Sum: 143.5]
      [Update RS (ms): Min: 63.1, Avg: 72.3, Max: 81.5, Diff: 18.4, Sum: 144.6]
         [Processed Buffers: Min: 166, Avg: 166.5, Max: 167, Diff: 1, Sum: 333]
      [Scan RS (ms): Min: 90.3, Avg: 90.4, Max: 90.6, Diff: 0.3, Sum: 180.8]
      [Object Copy (ms): Min: 250.4, Avg: 253.0, Max: 255.5, Diff: 5.2, Sum: 505.9]
      [Termination (ms): Min: 0.0, Avg: 0.0, Max: 0.0, Diff: 0.0, Sum: 0.0]
      [GC Worker Other (ms): Min: 0.1, Avg: 0.1, Max: 0.1, Diff: 0.0, Sum: 0.2]
      [GC Worker Total (ms): Min: 487.5, Avg: 487.5, Max: 487.5, Diff: 0.0, Sum: 975.0]
      [GC Worker End (ms): Min: 29389619.8, Avg: 29389619.8, Max: 29389619.8, Diff: 0.0]
   [Code Root Fixup: 0.0 ms]
   [Clear CT: 0.8 ms]
   [Other: 15.7 ms]
      [Choose CSet: 0.6 ms]
      [Ref Proc: 7.0 ms]
      [Ref Enq: 0.1 ms]
      [Free CSet: 5.7 ms]
   [Eden: 948.0M(948.0M)->0.0B(945.0M) Survivors: 76.0M->79.0M Heap: 2090.7M(3072.0M)->1102.2M(3072.0M)]
 [Times: user=0.98 sys=0.00, real=0.51 secs] 
29395.355: [GC pause (mixed)
Desired survivor size 67108864 bytes, new threshold 2 (max 32)
- age   1:   45848368 bytes,   45848368 total
- age   2:   27452032 bytes,   73300400 total
- age   3:    6332504 bytes,   79632904 total
, 0.4688200 secs]
   [Parallel Time: 452.6 ms, GC Workers: 2]
      [GC Worker Start (ms): Min: 29395357.0, Avg: 29395357.0, Max: 29395357.0, Diff: 0.0]
      [Ext Root Scanning (ms): Min: 58.9, Avg: 67.4, Max: 76.0, Diff: 17.0, Sum: 134.9]
      [Update RS (ms): Min: 31.3, Avg: 42.1, Max: 52.9, Diff: 21.6, Sum: 84.1]
         [Processed Buffers: Min: 123, Avg: 161.5, Max: 200, Diff: 77, Sum: 323]
      [Scan RS (ms): Min: 93.4, Avg: 93.4, Max: 93.4, Diff: 0.0, Sum: 186.8]
      [Object Copy (ms): Min: 247.2, Avg: 249.5, Max: 251.8, Diff: 4.6, Sum: 499.1]
      [Termination (ms): Min: 0.0, Avg: 0.0, Max: 0.0, Diff: 0.0, Sum: 0.0]
      [GC Worker Other (ms): Min: 0.1, Avg: 0.1, Max: 0.1, Diff: 0.0, Sum: 0.2]
      [GC Worker Total (ms): Min: 452.5, Avg: 452.5, Max: 452.5, Diff: 0.0, Sum: 905.1]
      [GC Worker End (ms): Min: 29395809.5, Avg: 29395809.5, Max: 29395809.5, Diff: 0.0]
   [Code Root Fixup: 0.0 ms]
   [Clear CT: 1.0 ms]
   [Other: 15.3 ms]
      [Choose CSet: 0.7 ms]
      [Ref Proc: 5.4 ms]
      [Ref Enq: 0.1 ms]
      [Free CSet: 6.1 ms]
   [Eden: 945.0M(945.0M)->0.0B(949.0M) Survivors: 79.0M->75.0M Heap: 2094.6M(3072.0M)->1134.1M(3072.0M)]
 [Times: user=0.91 sys=0.01, real=0.47 secs] 
29400.903: [GC pause (young)
Desired survivor size 67108864 bytes, new threshold 2 (max 32)
- age   1:   45240320 bytes,   45240320 total
- age   2:   30602008 bytes,   75842328 total
, 0.5440120 secs]
   [Parallel Time: 531.2 ms, GC Workers: 2]
      [GC Worker Start (ms): Min: 29400905.0, Avg: 29400905.1, Max: 29400905.1, Diff: 0.0]
      [Ext Root Scanning (ms): Min: 61.4, Avg: 68.8, Max: 76.1, Diff: 14.7, Sum: 137.6]
      [Update RS (ms): Min: 52.6, Avg: 62.2, Max: 71.8, Diff: 19.1, Sum: 124.4]
         [Processed Buffers: Min: 105, Avg: 148.0, Max: 191, Diff: 86, Sum: 296]
      [Scan RS (ms): Min: 67.6, Avg: 67.7, Max: 67.8, Diff: 0.2, Sum: 135.4]
      [Object Copy (ms): Min: 330.1, Avg: 332.3, Max: 334.4, Diff: 4.3, Sum: 664.5]
      [Termination (ms): Min: 0.0, Avg: 0.0, Max: 0.0, Diff: 0.0, Sum: 0.0]
      [GC Worker Other (ms): Min: 0.1, Avg: 0.1, Max: 0.1, Diff: 0.0, Sum: 0.2]
      [GC Worker Total (ms): Min: 531.0, Avg: 531.1, Max: 531.1, Diff: 0.1, Sum: 1062.1]
      [GC Worker End (ms): Min: 29401436.1, Avg: 29401436.1, Max: 29401436.1, Diff: 0.0]
   [Code Root Fixup: 0.0 ms]
   [Clear CT: 1.1 ms]
   [Other: 11.7 ms]
      [Choose CSet: 0.0 ms]
      [Ref Proc: 4.8 ms]
      [Ref Enq: 0.1 ms]
      [Free CSet: 4.2 ms]
   [Eden: 949.0M(949.0M)->0.0B(914.0M) Survivors: 75.0M->110.0M Heap: 2086.1M(3072.0M)->1198.9M(3072.0M)]
 [Times: user=1.07 sys=0.00, real=0.54 secs] 
29406.593: [GC pause (young)
Desired survivor size 67108864 bytes, new threshold 1 (max 32)
- age   1:   75292872 bytes,   75292872 total
- age   2:   35910328 bytes,  111203200 total
, 0.5285370 secs]
   [Parallel Time: 513.5 ms, GC Workers: 2]
      [GC Worker Start (ms): Min: 29406594.8, Avg: 29406594.9, Max: 29406594.9, Diff: 0.1]
      [Ext Root Scanning (ms): Min: 65.3, Avg: 71.2, Max: 77.1, Diff: 11.8, Sum: 142.4]
      [Update RS (ms): Min: 68.4, Avg: 76.8, Max: 85.2, Diff: 16.8, Sum: 153.7]
         [Processed Buffers: Min: 146, Avg: 182.0, Max: 218, Diff: 72, Sum: 364]
      [Scan RS (ms): Min: 60.4, Avg: 60.4, Max: 60.4, Diff: 0.1, Sum: 120.8]
      [Object Copy (ms): Min: 302.3, Avg: 304.8, Max: 307.4, Diff: 5.1, Sum: 609.6]
      [Termination (ms): Min: 0.0, Avg: 0.0, Max: 0.1, Diff: 0.1, Sum: 0.1]
      [GC Worker Other (ms): Min: 0.1, Avg: 0.1, Max: 0.1, Diff: 0.0, Sum: 0.1]
      [GC Worker Total (ms): Min: 513.3, Avg: 513.3, Max: 513.4, Diff: 0.1, Sum: 1026.7]
      [GC Worker End (ms): Min: 29407108.2, Avg: 29407108.2, Max: 29407108.2, Diff: 0.0]
   [Code Root Fixup: 0.0 ms]
   [Clear CT: 0.7 ms]
   [Other: 14.3 ms]
      [Choose CSet: 0.0 ms]
      [Ref Proc: 5.3 ms]
      [Ref Enq: 0.1 ms]
      [Free CSet: 5.1 ms]
   [Eden: 914.0M(914.0M)->0.0B(984.0M) Survivors: 110.0M->40.0M Heap: 2142.5M(3072.0M)->1252.1M(3072.0M)]
 [Times: user=1.03 sys=0.00, real=0.53 secs] 
29412.419: [GC pause (young)
Desired survivor size 67108864 bytes, new threshold 16 (max 32)
- age   1:   39035488 bytes,   39035488 total
, 0.4133830 secs]
   [Parallel Time: 400.1 ms, GC Workers: 2]
      [GC Worker Start (ms): Min: 29412421.0, Avg: 29412421.1, Max: 29412421.1, Diff: 0.1]
      [Ext Root Scanning (ms): Min: 68.0, Avg: 75.3, Max: 82.5, Diff: 14.5, Sum: 150.5]
      [Update RS (ms): Min: 52.2, Avg: 62.8, Max: 73.4, Diff: 21.2, Sum: 125.5]
         [Processed Buffers: Min: 62, Avg: 158.5, Max: 255, Diff: 193, Sum: 317]
      [Scan RS (ms): Min: 67.4, Avg: 67.5, Max: 67.6, Diff: 0.2, Sum: 135.1]
      [Object Copy (ms): Min: 190.7, Avg: 194.1, Max: 197.5, Diff: 6.8, Sum: 388.2]
      [Termination (ms): Min: 0.0, Avg: 0.0, Max: 0.0, Diff: 0.0, Sum: 0.0]
      [GC Worker Other (ms): Min: 0.1, Avg: 0.1, Max: 0.1, Diff: 0.0, Sum: 0.2]
      [GC Worker Total (ms): Min: 399.7, Avg: 399.8, Max: 399.8, Diff: 0.1, Sum: 799.5]
      [GC Worker End (ms): Min: 29412820.8, Avg: 29412820.8, Max: 29412820.8, Diff: 0.0]
   [Code Root Fixup: 0.0 ms]
   [Clear CT: 0.8 ms]
   [Other: 12.5 ms]
      [Choose CSet: 0.0 ms]
      [Ref Proc: 5.0 ms]
      [Ref Enq: 0.1 ms]
      [Free CSet: 4.9 ms]
   [Eden: 984.0M(984.0M)->0.0B(947.0M) Survivors: 40.0M->77.0M Heap: 2263.3M(3072.0M)->1315.8M(3072.0M)]
 [Times: user=0.80 sys=0.00, real=0.41 secs] 
29414.975: [GC pause (young) (initial-mark)
Desired survivor size 67108864 bytes, new threshold 2 (max 32)
- age   1:   45497536 bytes,   45497536 total
- age   2:   31748712 bytes,   77246248 total
, 0.3305420 secs]
   [Parallel Time: 321.9 ms, GC Workers: 2]
      [GC Worker Start (ms): Min: 29414977.4, Avg: 29414977.4, Max: 29414977.4, Diff: 0.0]
      [Ext Root Scanning (ms): Min: 66.0, Avg: 72.7, Max: 79.5, Diff: 13.5, Sum: 145.5]
      [Update RS (ms): Min: 17.1, Avg: 31.4, Max: 45.7, Diff: 28.6, Sum: 62.8]
         [Processed Buffers: Min: 178, Avg: 190.5, Max: 203, Diff: 25, Sum: 381]
      [Scan RS (ms): Min: 44.3, Avg: 44.4, Max: 44.5, Diff: 0.2, Sum: 88.8]
      [Object Copy (ms): Min: 165.5, Avg: 173.1, Max: 180.7, Diff: 15.2, Sum: 346.2]
      [Termination (ms): Min: 0.0, Avg: 0.0, Max: 0.0, Diff: 0.0, Sum: 0.0]
      [GC Worker Other (ms): Min: 0.1, Avg: 0.1, Max: 0.1, Diff: 0.0, Sum: 0.2]
      [GC Worker Total (ms): Min: 321.7, Avg: 321.8, Max: 321.8, Diff: 0.0, Sum: 643.5]
      [GC Worker End (ms): Min: 29415299.1, Avg: 29415299.1, Max: 29415299.1, Diff: 0.0]
   [Code Root Fixup: 0.0 ms]
   [Clear CT: 1.3 ms]
   [Other: 7.3 ms]
      [Choose CSet: 0.0 ms]
      [Ref Proc: 2.6 ms]
      [Ref Enq: 0.0 ms]
      [Free CSet: 1.8 ms]
   [Eden: 301.0M(947.0M)->0.0B(972.0M) Survivors: 77.0M->52.0M Heap: 1660.6M(3072.0M)->1359.6M(3072.0M)]
 [Times: user=0.65 sys=0.00, real=0.34 secs] 
29415.306: [GC concurrent-root-region-scan-start]
29415.717: [GC concurrent-root-region-scan-end, 0.4108650 secs]
29415.717: [GC concurrent-mark-start]
29418.893: [GC concurrent-mark-end, 3.1759950 secs]
29418.896: [GC remark 29418.897: [GC ref-proc, 0.1865450 secs], 0.2602560 secs]
 [Times: user=0.26 sys=0.01, real=0.27 secs] 
29419.159: [GC cleanup 1892M->1691M(3072M), 0.0286680 secs]
 [Times: user=0.05 sys=0.00, real=0.03 secs] 
29419.188: [GC concurrent-cleanup-start]
29419.189: [GC concurrent-cleanup-end, 0.0005220 secs]
29421.742: [GC pause (young)
Desired survivor size 67108864 bytes, new threshold 16 (max 32)
- age   1:   19861000 bytes,   19861000 total
- age   2:   31995216 bytes,   51856216 total
, 0.3868530 secs]
   [Parallel Time: 372.9 ms, GC Workers: 2]
      [GC Worker Start (ms): Min: 29421743.5, Avg: 29421743.5, Max: 29421743.5, Diff: 0.0]
      [Ext Root Scanning (ms): Min: 63.4, Avg: 72.2, Max: 81.1, Diff: 17.7, Sum: 144.5]
      [Update RS (ms): Min: 17.2, Avg: 29.1, Max: 41.0, Diff: 23.8, Sum: 58.2]
         [Processed Buffers: Min: 151, Avg: 164.0, Max: 177, Diff: 26, Sum: 328]
      [Scan RS (ms): Min: 47.6, Avg: 48.1, Max: 48.5, Diff: 0.9, Sum: 96.1]
      [Object Copy (ms): Min: 220.7, Avg: 223.3, Max: 225.9, Diff: 5.2, Sum: 446.7]
      [Termination (ms): Min: 0.0, Avg: 0.0, Max: 0.0, Diff: 0.0, Sum: 0.0]
      [GC Worker Other (ms): Min: 0.1, Avg: 0.1, Max: 0.1, Diff: 0.0, Sum: 0.2]
      [GC Worker Total (ms): Min: 372.8, Avg: 372.8, Max: 372.8, Diff: 0.0, Sum: 745.7]
      [GC Worker End (ms): Min: 29422116.4, Avg: 29422116.4, Max: 29422116.4, Diff: 0.0]
   [Code Root Fixup: 0.0 ms]
   [Clear CT: 0.7 ms]
   [Other: 13.2 ms]
      [Choose CSet: 0.0 ms]
      [Ref Proc: 7.8 ms]
      [Ref Enq: 0.1 ms]
      [Free CSet: 3.2 ms]
   [Eden: 972.0M(972.0M)->0.0B(920.0M) Survivors: 52.0M->104.0M Heap: 2209.0M(3072.0M)->1289.0M(3072.0M)]
 [Times: user=0.76 sys=0.00, real=0.39 secs] 
29426.626: [GC pause (mixed)
Desired survivor size 67108864 bytes, new threshold 1 (max 32)
- age   1:   70674016 bytes,   70674016 total
- age   2:    7527944 bytes,   78201960 total
- age   3:   25245640 bytes,  103447600 total
, 0.6683150 secs]
   [Parallel Time: 657.3 ms, GC Workers: 2]
      [GC Worker Start (ms): Min: 29426627.8, Avg: 29426627.8, Max: 29426627.8, Diff: 0.0]
      [Ext Root Scanning (ms): Min: 60.2, Avg: 68.2, Max: 76.3, Diff: 16.1, Sum: 136.5]
      [Update RS (ms): Min: 44.8, Avg: 55.7, Max: 66.6, Diff: 21.8, Sum: 111.4]
         [Processed Buffers: Min: 144, Avg: 156.0, Max: 168, Diff: 24, Sum: 312]
      [Scan RS (ms): Min: 56.9, Avg: 57.0, Max: 57.1, Diff: 0.1, Sum: 114.0]
      [Object Copy (ms): Min: 473.4, Avg: 476.2, Max: 479.0, Diff: 5.6, Sum: 952.4]
      [Termination (ms): Min: 0.0, Avg: 0.0, Max: 0.0, Diff: 0.0, Sum: 0.0]
      [GC Worker Other (ms): Min: 0.1, Avg: 0.1, Max: 0.1, Diff: 0.0, Sum: 0.2]
      [GC Worker Total (ms): Min: 657.2, Avg: 657.2, Max: 657.2, Diff: 0.1, Sum: 1314.4]
      [GC Worker End (ms): Min: 29427285.0, Avg: 29427285.0, Max: 29427285.0, Diff: 0.1]
   [Code Root Fixup: 0.0 ms]
   [Clear CT: 0.9 ms]
   [Other: 10.1 ms]
      [Choose CSet: 0.9 ms]
      [Ref Proc: 3.8 ms]
      [Ref Enq: 0.1 ms]
      [Free CSet: 3.3 ms]
   [Eden: 920.0M(920.0M)->0.0B(902.0M) Survivors: 104.0M->122.0M Heap: 2216.8M(3072.0M)->1314.3M(3072.0M)]
 [Times: user=1.32 sys=0.00, real=0.67 secs] 
29432.893: [GC pause (mixed)
Desired survivor size 67108864 bytes, new threshold 1 (max 32)
- age   1:  122641144 bytes,  122641144 total
, 0.4990370 secs]
   [Parallel Time: 479.3 ms, GC Workers: 2]
      [GC Worker Start (ms): Min: 29432896.1, Avg: 29432896.2, Max: 29432896.3, Diff: 0.1]
      [Ext Root Scanning (ms): Min: 64.2, Avg: 72.0, Max: 79.8, Diff: 15.6, Sum: 144.0]
      [Update RS (ms): Min: 25.6, Avg: 36.3, Max: 46.9, Diff: 21.3, Sum: 72.5]
         [Processed Buffers: Min: 148, Avg: 151.0, Max: 154, Diff: 6, Sum: 302]
      [Scan RS (ms): Min: 123.4, Avg: 123.5, Max: 123.6, Diff: 0.2, Sum: 247.0]
      [Object Copy (ms): Min: 242.6, Avg: 246.0, Max: 249.4, Diff: 6.9, Sum: 492.0]
      [Termination (ms): Min: 0.6, Avg: 1.2, Max: 1.8, Diff: 1.3, Sum: 2.4]
      [GC Worker Other (ms): Min: 0.1, Avg: 0.1, Max: 0.1, Diff: 0.0, Sum: 0.2]
      [GC Worker Total (ms): Min: 479.0, Avg: 479.1, Max: 479.2, Diff: 0.2, Sum: 958.2]
      [GC Worker End (ms): Min: 29433375.3, Avg: 29433375.3, Max: 29433375.3, Diff: 0.0]
   [Code Root Fixup: 0.1 ms]
   [Clear CT: 1.3 ms]
   [Other: 18.4 ms]
      [Choose CSet: 1.5 ms]
      [Ref Proc: 8.7 ms]
      [Ref Enq: 0.1 ms]
      [Free CSet: 4.8 ms]
   [Eden: 902.0M(902.0M)->0.0B(989.0M) Survivors: 122.0M->35.0M Heap: 2218.2M(3072.0M)->1233.7M(3072.0M)]
 [Times: user=0.97 sys=0.00, real=0.50 secs] 
29438.854: [GC pause (mixed)
Desired survivor size 67108864 bytes, new threshold 16 (max 32)
- age   1:   32816064 bytes,   32816064 total
, 0.3042190 secs]
   [Parallel Time: 284.5 ms, GC Workers: 2]
      [GC Worker Start (ms): Min: 29438855.8, Avg: 29438855.8, Max: 29438855.9, Diff: 0.0]
      [Ext Root Scanning (ms): Min: 62.4, Avg: 69.6, Max: 76.8, Diff: 14.4, Sum: 139.1]
      [Update RS (ms): Min: 31.9, Avg: 41.8, Max: 51.7, Diff: 19.8, Sum: 83.5]
         [Processed Buffers: Min: 126, Avg: 173.0, Max: 220, Diff: 94, Sum: 346]
      [Scan RS (ms): Min: 54.0, Avg: 54.2, Max: 54.3, Diff: 0.3, Sum: 108.4]
      [Object Copy (ms): Min: 115.9, Avg: 118.8, Max: 121.6, Diff: 5.7, Sum: 237.6]
      [Termination (ms): Min: 0.0, Avg: 0.0, Max: 0.0, Diff: 0.0, Sum: 0.0]
      [GC Worker Other (ms): Min: 0.1, Avg: 0.1, Max: 0.1, Diff: 0.0, Sum: 0.2]
      [GC Worker Total (ms): Min: 284.4, Avg: 284.4, Max: 284.4, Diff: 0.0, Sum: 568.7]
      [GC Worker End (ms): Min: 29439140.2, Avg: 29439140.2, Max: 29439140.2, Diff: 0.0]
   [Code Root Fixup: 0.1 ms]
   [Clear CT: 2.1 ms]
   [Other: 17.5 ms]
      [Choose CSet: 0.5 ms]
      [Ref Proc: 9.9 ms]
      [Ref Enq: 0.1 ms]
      [Free CSet: 4.8 ms]
   [Eden: 989.0M(989.0M)->0.0B(977.0M) Survivors: 35.0M->47.0M Heap: 2253.1M(3072.0M)->1255.6M(3072.0M)]
 [Times: user=0.59 sys=0.00, real=0.30 secs] 
29445.431: [GC pause (young)
Desired survivor size 67108864 bytes, new threshold 16 (max 32)
- age   1:   28755056 bytes,   28755056 total
- age   2:   15588824 bytes,   44343880 total
, 0.3133450 secs]
   [Parallel Time: 300.0 ms, GC Workers: 2]
      [GC Worker Start (ms): Min: 29445432.0, Avg: 29445432.1, Max: 29445432.2, Diff: 0.1]
      [Ext Root Scanning (ms): Min: 66.9, Avg: 71.9, Max: 76.9, Diff: 10.0, Sum: 143.8]
      [Update RS (ms): Min: 31.1, Avg: 38.4, Max: 45.7, Diff: 14.6, Sum: 76.8]
         [Processed Buffers: Min: 125, Avg: 151.0, Max: 177, Diff: 52, Sum: 302]
      [Scan RS (ms): Min: 30.3, Avg: 30.3, Max: 30.4, Diff: 0.1, Sum: 60.6]
      [Object Copy (ms): Min: 156.7, Avg: 159.1, Max: 161.4, Diff: 4.7, Sum: 318.2]
      [Termination (ms): Min: 0.0, Avg: 0.0, Max: 0.0, Diff: 0.0, Sum: 0.0]
      [GC Worker Other (ms): Min: 0.1, Avg: 0.1, Max: 0.1, Diff: 0.0, Sum: 0.2]
      [GC Worker Total (ms): Min: 299.7, Avg: 299.8, Max: 299.9, Diff: 0.1, Sum: 599.6]
      [GC Worker End (ms): Min: 29445731.9, Avg: 29445731.9, Max: 29445731.9, Diff: 0.0]
   [Code Root Fixup: 0.0 ms]
   [Clear CT: 0.7 ms]
   [Other: 12.6 ms]
      [Choose CSet: 0.0 ms]
      [Ref Proc: 7.9 ms]
      [Ref Enq: 0.1 ms]
      [Free CSet: 3.1 ms]
   [Eden: 977.0M(977.0M)->0.0B(948.0M) Survivors: 47.0M->76.0M Heap: 2256.0M(3072.0M)->1308.5M(3072.0M)]
 [Times: user=0.61 sys=0.00, real=0.31 secs] 
29449.796: [GC pause (young)
Desired survivor size 67108864 bytes, new threshold 3 (max 32)
- age   1:   46246888 bytes,   46246888 total
- age   2:   16547384 bytes,   62794272 total
- age   3:   11378752 bytes,   74173024 total
, 0.4108920 secs]
   [Parallel Time: 392.9 ms, GC Workers: 2]
      [GC Worker Start (ms): Min: 29449797.9, Avg: 29449797.9, Max: 29449797.9, Diff: 0.0]
      [Ext Root Scanning (ms): Min: 63.3, Avg: 70.7, Max: 78.1, Diff: 14.8, Sum: 141.3]
      [Update RS (ms): Min: 25.3, Avg: 35.1, Max: 45.0, Diff: 19.6, Sum: 70.3]
         [Processed Buffers: Min: 111, Avg: 154.0, Max: 197, Diff: 86, Sum: 308]
      [Scan RS (ms): Min: 33.8, Avg: 33.9, Max: 34.0, Diff: 0.2, Sum: 67.8]
      [Object Copy (ms): Min: 250.5, Avg: 253.0, Max: 255.5, Diff: 5.1, Sum: 506.0]
      [Termination (ms): Min: 0.0, Avg: 0.0, Max: 0.0, Diff: 0.0, Sum: 0.0]
      [GC Worker Other (ms): Min: 0.1, Avg: 0.1, Max: 0.1, Diff: 0.0, Sum: 0.2]
      [GC Worker Total (ms): Min: 392.8, Avg: 392.8, Max: 392.8, Diff: 0.0, Sum: 785.6]
      [GC Worker End (ms): Min: 29450190.7, Avg: 29450190.7, Max: 29450190.7, Diff: 0.0]
   [Code Root Fixup: 0.0 ms]
   [Clear CT: 0.8 ms]
   [Other: 17.2 ms]
      [Choose CSet: 0.0 ms]
      [Ref Proc: 10.4 ms]
      [Ref Enq: 0.1 ms]
      [Free CSet: 4.2 ms]
   [Eden: 948.0M(948.0M)->0.0B(918.0M) Survivors: 76.0M->106.0M Heap: 2263.4M(3072.0M)->1355.9M(3072.0M)]
 [Times: user=0.81 sys=0.00, real=0.41 secs] 
29451.242: [GC pause (young) (initial-mark)
Desired survivor size 67108864 bytes, new threshold 1 (max 32)
- age   1:   69192096 bytes,   69192096 total
- age   2:   22511368 bytes,   91703464 total
- age   3:   14537440 bytes,  106240904 total
, 0.2900350 secs]
   [Parallel Time: 282.7 ms, GC Workers: 2]
      [GC Worker Start (ms): Min: 29451243.2, Avg: 29451243.3, Max: 29451243.3, Diff: 0.0]
      [Ext Root Scanning (ms): Min: 54.6, Avg: 69.8, Max: 84.9, Diff: 30.3, Sum: 139.5]
      [Update RS (ms): Min: 15.5, Avg: 30.5, Max: 45.6, Diff: 30.0, Sum: 61.1]
         [Processed Buffers: Min: 130, Avg: 159.0, Max: 188, Diff: 58, Sum: 318]
      [Scan RS (ms): Min: 23.4, Avg: 23.4, Max: 23.5, Diff: 0.0, Sum: 46.9]
      [Object Copy (ms): Min: 158.6, Avg: 158.7, Max: 158.9, Diff: 0.3, Sum: 317.5]
      [Termination (ms): Min: 0.0, Avg: 0.0, Max: 0.0, Diff: 0.0, Sum: 0.0]
      [GC Worker Other (ms): Min: 0.1, Avg: 0.1, Max: 0.1, Diff: 0.0, Sum: 0.2]
      [GC Worker Total (ms): Min: 282.6, Avg: 282.6, Max: 282.6, Diff: 0.0, Sum: 565.1]
      [GC Worker End (ms): Min: 29451525.8, Avg: 29451525.8, Max: 29451525.8, Diff: 0.0]
   [Code Root Fixup: 0.0 ms]
   [Clear CT: 0.6 ms]
   [Other: 6.8 ms]
      [Choose CSet: 0.0 ms]
      [Ref Proc: 2.5 ms]
      [Ref Enq: 0.0 ms]
      [Free CSet: 1.4 ms]
   [Eden: 257.0M(918.0M)->0.0B(1012.0M) Survivors: 106.0M->12.0M Heap: 1655.6M(3072.0M)->1368.0M(3072.0M)]
 [Times: user=0.58 sys=0.00, real=0.29 secs] 
29451.533: [GC concurrent-root-region-scan-start]
29451.677: [GC concurrent-root-region-scan-end, 0.1442990 secs]
29451.677: [GC concurrent-mark-start]
29453.717: [GC concurrent-mark-end, 2.0399530 secs]
29453.721: [GC remark 29453.722: [GC ref-proc, 0.2800210 secs], 0.3608880 secs]
 [Times: user=0.36 sys=0.00, real=0.36 secs] 
29454.084: [GC cleanup 1708M->1392M(3072M), 0.0310840 secs]
 [Times: user=0.06 sys=0.00, real=0.03 secs] 
29454.116: [GC concurrent-cleanup-start]
29454.116: [GC concurrent-cleanup-end, 0.0006820 secs]
29458.496: [GC pause (young)
Desired survivor size 67108864 bytes, new threshold 16 (max 32)
- age   1:   10321496 bytes,   10321496 total
, 0.2946040 secs]
   [Parallel Time: 280.2 ms, GC Workers: 2]
      [GC Worker Start (ms): Min: 29458498.0, Avg: 29458498.0, Max: 29458498.0, Diff: 0.1]
      [Ext Root Scanning (ms): Min: 60.0, Avg: 73.9, Max: 87.9, Diff: 27.9, Sum: 147.9]
      [Update RS (ms): Min: 46.2, Avg: 59.2, Max: 72.3, Diff: 26.1, Sum: 118.4]
         [Processed Buffers: Min: 163, Avg: 176.0, Max: 189, Diff: 26, Sum: 352]
      [Scan RS (ms): Min: 27.7, Avg: 27.9, Max: 28.2, Diff: 0.5, Sum: 55.9]
      [Object Copy (ms): Min: 117.7, Avg: 118.9, Max: 120.0, Diff: 2.3, Sum: 237.7]
      [Termination (ms): Min: 0.0, Avg: 0.0, Max: 0.0, Diff: 0.0, Sum: 0.0]
      [GC Worker Other (ms): Min: 0.1, Avg: 0.2, Max: 0.2, Diff: 0.1, Sum: 0.3]
      [GC Worker Total (ms): Min: 280.1, Avg: 280.1, Max: 280.1, Diff: 0.1, Sum: 560.2]
      [GC Worker End (ms): Min: 29458778.1, Avg: 29458778.1, Max: 29458778.1, Diff: 0.0]
   [Code Root Fixup: 0.0 ms]
   [Clear CT: 0.9 ms]
   [Other: 13.5 ms]
      [Choose CSet: 0.0 ms]
      [Ref Proc: 8.1 ms]
      [Ref Enq: 0.1 ms]
      [Free CSet: 3.1 ms]
   [Eden: 1012.0M(1012.0M)->0.0B(973.0M) Survivors: 12.0M->51.0M Heap: 2116.1M(3072.0M)->1143.1M(3072.0M)]
 [Times: user=0.57 sys=0.00, real=0.29 secs] 
29466.259: [GC pause (mixed)
Desired survivor size 67108864 bytes, new threshold 16 (max 32)
- age   1:   43111608 bytes,   43111608 total
- age   2:    5096464 bytes,   48208072 total
, 0.4133430 secs]
   [Parallel Time: 390.1 ms, GC Workers: 2]
      [GC Worker Start (ms): Min: 29466262.9, Avg: 29466262.9, Max: 29466262.9, Diff: 0.0]
      [Ext Root Scanning (ms): Min: 59.3, Avg: 68.1, Max: 76.9, Diff: 17.6, Sum: 136.2]
      [Update RS (ms): Min: 16.7, Avg: 28.2, Max: 39.6, Diff: 23.0, Sum: 56.3]
         [Processed Buffers: Min: 103, Avg: 186.5, Max: 270, Diff: 167, Sum: 373]
      [Scan RS (ms): Min: 84.9, Avg: 85.0, Max: 85.1, Diff: 0.2, Sum: 170.0]
      [Object Copy (ms): Min: 205.6, Avg: 208.4, Max: 211.2, Diff: 5.6, Sum: 416.7]
      [Termination (ms): Min: 0.0, Avg: 0.0, Max: 0.0, Diff: 0.0, Sum: 0.0]
      [GC Worker Other (ms): Min: 0.1, Avg: 0.2, Max: 0.2, Diff: 0.1, Sum: 0.3]
      [GC Worker Total (ms): Min: 389.7, Avg: 389.8, Max: 389.8, Diff: 0.1, Sum: 779.6]
      [GC Worker End (ms): Min: 29466652.6, Avg: 29466652.7, Max: 29466652.8, Diff: 0.1]
   [Code Root Fixup: 0.0 ms]
   [Clear CT: 1.0 ms]
   [Other: 22.2 ms]
      [Choose CSet: 2.1 ms]
      [Ref Proc: 10.3 ms]
      [Ref Enq: 0.1 ms]
      [Free CSet: 7.1 ms]
   [Eden: 973.0M(973.0M)->0.0B(940.0M) Survivors: 51.0M->84.0M Heap: 2160.6M(3072.0M)->922.6M(3072.0M)]
 [Times: user=0.80 sys=0.01, real=0.41 secs] 
29470.780: [GC pause (young)
Desired survivor size 67108864 bytes, new threshold 2 (max 32)
- age   1:   59849520 bytes,   59849520 total
- age   2:   18666040 bytes,   78515560 total
- age   3:    4754472 bytes,   83270032 total
, 0.5871760 secs]
   [Parallel Time: 577.4 ms, GC Workers: 2]
      [GC Worker Start (ms): Min: 29470781.3, Avg: 29470781.3, Max: 29470781.4, Diff: 0.0]
      [Ext Root Scanning (ms): Min: 60.5, Avg: 68.9, Max: 77.3, Diff: 16.8, Sum: 137.8]
      [Update RS (ms): Min: 30.7, Avg: 41.6, Max: 52.5, Diff: 21.8, Sum: 83.2]
         [Processed Buffers: Min: 110, Avg: 155.5, Max: 201, Diff: 91, Sum: 311]
      [Scan RS (ms): Min: 42.9, Avg: 43.0, Max: 43.0, Diff: 0.1, Sum: 85.9]
      [Object Copy (ms): Min: 421.2, Avg: 423.7, Max: 426.2, Diff: 5.1, Sum: 847.4]
      [Termination (ms): Min: 0.0, Avg: 0.0, Max: 0.0, Diff: 0.0, Sum: 0.0]
      [GC Worker Other (ms): Min: 0.1, Avg: 0.1, Max: 0.1, Diff: 0.0, Sum: 0.2]
      [GC Worker Total (ms): Min: 577.2, Avg: 577.3, Max: 577.3, Diff: 0.0, Sum: 1154.5]
      [GC Worker End (ms): Min: 29471358.6, Avg: 29471358.6, Max: 29471358.6, Diff: 0.0]
   [Code Root Fixup: 0.0 ms]
   [Clear CT: 0.8 ms]
   [Other: 9.0 ms]
      [Choose CSet: 0.0 ms]
      [Ref Proc: 3.6 ms]
      [Ref Enq: 0.0 ms]
      [Free CSet: 3.1 ms]
   [Eden: 940.0M(940.0M)->0.0B(896.0M) Survivors: 84.0M->128.0M Heap: 1884.8M(3072.0M)->1034.3M(3072.0M)]
 [Times: user=1.16 sys=0.00, real=0.59 secs] 
29476.113: [GC pause (young)
Desired survivor size 67108864 bytes, new threshold 1 (max 32)
- age   1:  115332896 bytes,  115332896 total
- age   2:   41192600 bytes,  156525496 total
, 0.7038820 secs]
   [Parallel Time: 693.1 ms, GC Workers: 2]
      [GC Worker Start (ms): Min: 29476114.2, Avg: 29476114.2, Max: 29476114.2, Diff: 0.0]
      [Ext Root Scanning (ms): Min: 63.1, Avg: 72.4, Max: 81.8, Diff: 18.6, Sum: 144.9]
      [Update RS (ms): Min: 69.7, Avg: 81.5, Max: 93.4, Diff: 23.7, Sum: 163.1]
         [Processed Buffers: Min: 145, Avg: 151.5, Max: 158, Diff: 13, Sum: 303]
      [Scan RS (ms): Min: 97.3, Avg: 97.4, Max: 97.5, Diff: 0.3, Sum: 194.8]
      [Object Copy (ms): Min: 438.8, Avg: 441.5, Max: 444.1, Diff: 5.3, Sum: 882.9]
      [Termination (ms): Min: 0.0, Avg: 0.0, Max: 0.0, Diff: 0.0, Sum: 0.0]
      [GC Worker Other (ms): Min: 0.1, Avg: 0.1, Max: 0.1, Diff: 0.0, Sum: 0.2]
      [GC Worker Total (ms): Min: 693.0, Avg: 693.0, Max: 693.0, Diff: 0.0, Sum: 1385.9]
      [GC Worker End (ms): Min: 29476807.2, Avg: 29476807.2, Max: 29476807.2, Diff: 0.0]
   [Code Root Fixup: 0.0 ms]
   [Clear CT: 0.7 ms]
   [Other: 10.1 ms]
      [Choose CSet: 0.0 ms]
      [Ref Proc: 2.4 ms]
      [Ref Enq: 0.0 ms]
      [Free CSet: 4.2 ms]
   [Eden: 896.0M(896.0M)->0.0B(957.0M) Survivors: 128.0M->67.0M Heap: 1933.3M(3072.0M)->1080.3M(3072.0M)]
 [Times: user=1.39 sys=0.00, real=0.71 secs] 
29482.842: [GC pause (young)
Desired survivor size 67108864 bytes, new threshold 1 (max 32)
- age   1:   67562744 bytes,   67562744 total
, 0.4948170 secs]
   [Parallel Time: 481.3 ms, GC Workers: 2]
      [GC Worker Start (ms): Min: 29482843.5, Avg: 29482843.5, Max: 29482843.5, Diff: 0.0]
      [Ext Root Scanning (ms): Min: 61.0, Avg: 69.4, Max: 77.9, Diff: 16.8, Sum: 138.9]
      [Update RS (ms): Min: 73.3, Avg: 84.3, Max: 95.3, Diff: 22.1, Sum: 168.6]
         [Processed Buffers: Min: 157, Avg: 168.0, Max: 179, Diff: 22, Sum: 336]
      [Scan RS (ms): Min: 73.8, Avg: 73.9, Max: 74.0, Diff: 0.2, Sum: 147.7]
      [Object Copy (ms): Min: 251.0, Avg: 253.5, Max: 256.0, Diff: 5.0, Sum: 507.0]
      [Termination (ms): Min: 0.0, Avg: 0.0, Max: 0.0, Diff: 0.0, Sum: 0.0]
      [GC Worker Other (ms): Min: 0.1, Avg: 0.1, Max: 0.1, Diff: 0.0, Sum: 0.2]
      [GC Worker Total (ms): Min: 481.2, Avg: 481.2, Max: 481.2, Diff: 0.0, Sum: 962.4]
      [GC Worker End (ms): Min: 29483324.7, Avg: 29483324.7, Max: 29483324.7, Diff: 0.0]
   [Code Root Fixup: 0.0 ms]
   [Clear CT: 0.6 ms]
   [Other: 12.9 ms]
      [Choose CSet: 0.0 ms]
      [Ref Proc: 3.6 ms]
      [Ref Enq: 0.1 ms]
      [Free CSet: 5.2 ms]
   [Eden: 957.0M(957.0M)->0.0B(982.0M) Survivors: 67.0M->42.0M Heap: 2044.7M(3072.0M)->1118.7M(3072.0M)]
 [Times: user=0.97 sys=0.00, real=0.49 secs] 
29490.250: [GC pause (young)
Desired survivor size 67108864 bytes, new threshold 16 (max 32)
- age   1:   42644752 bytes,   42644752 total
, 0.4646840 secs]
   [Parallel Time: 451.9 ms, GC Workers: 2]
      [GC Worker Start (ms): Min: 29490251.6, Avg: 29490251.6, Max: 29490251.7, Diff: 0.0]
      [Ext Root Scanning (ms): Min: 67.7, Avg: 77.1, Max: 86.6, Diff: 18.9, Sum: 154.3]
      [Update RS (ms): Min: 59.9, Avg: 72.4, Max: 84.8, Diff: 24.9, Sum: 144.8]
         [Processed Buffers: Min: 147, Avg: 150.0, Max: 153, Diff: 6, Sum: 300]
      [Scan RS (ms): Min: 65.1, Avg: 65.2, Max: 65.3, Diff: 0.3, Sum: 130.4]
      [Object Copy (ms): Min: 234.0, Avg: 236.9, Max: 239.8, Diff: 5.8, Sum: 473.8]
      [Termination (ms): Min: 0.0, Avg: 0.0, Max: 0.0, Diff: 0.0, Sum: 0.0]
      [GC Worker Other (ms): Min: 0.1, Avg: 0.1, Max: 0.1, Diff: 0.0, Sum: 0.2]
      [GC Worker Total (ms): Min: 451.7, Avg: 451.7, Max: 451.7, Diff: 0.0, Sum: 903.4]
      [GC Worker End (ms): Min: 29490703.3, Avg: 29490703.4, Max: 29490703.4, Diff: 0.0]
   [Code Root Fixup: 0.0 ms]
   [Clear CT: 0.8 ms]
   [Other: 12.0 ms]
      [Choose CSet: 0.0 ms]
      [Ref Proc: 4.0 ms]
      [Ref Enq: 0.1 ms]
      [Free CSet: 5.6 ms]
   [Eden: 982.0M(982.0M)->0.0B(927.0M) Survivors: 42.0M->97.0M Heap: 2174.1M(3072.0M)->1246.6M(3072.0M)]
 [Times: user=0.91 sys=0.00, real=0.46 secs] 
29495.828: [GC pause (young)
Desired survivor size 67108864 bytes, new threshold 2 (max 32)
- age   1:   64212880 bytes,   64212880 total
- age   2:   33398512 bytes,   97611392 total
, 0.5398740 secs]
   [Parallel Time: 528.5 ms, GC Workers: 2]
      [GC Worker Start (ms): Min: 29495829.8, Avg: 29495829.9, Max: 29495830.0, Diff: 0.2]
      [Ext Root Scanning (ms): Min: 57.9, Avg: 72.2, Max: 86.5, Diff: 28.6, Sum: 144.4]
      [Update RS (ms): Min: 15.5, Avg: 27.9, Max: 40.2, Diff: 24.8, Sum: 55.7]
         [Processed Buffers: Min: 141, Avg: 160.0, Max: 179, Diff: 38, Sum: 320]
      [Scan RS (ms): Min: 70.2, Avg: 70.2, Max: 70.3, Diff: 0.1, Sum: 140.4]
      [Object Copy (ms): Min: 356.1, Avg: 358.0, Max: 359.9, Diff: 3.7, Sum: 716.0]
      [Termination (ms): Min: 0.0, Avg: 0.0, Max: 0.0, Diff: 0.0, Sum: 0.0]
      [GC Worker Other (ms): Min: 0.1, Avg: 0.1, Max: 0.1, Diff: 0.0, Sum: 0.2]
      [GC Worker Total (ms): Min: 528.2, Avg: 528.4, Max: 528.5, Diff: 0.2, Sum: 1056.7]
      [GC Worker End (ms): Min: 29496358.3, Avg: 29496358.3, Max: 29496358.3, Diff: 0.0]
   [Code Root Fixup: 0.0 ms]
   [Clear CT: 1.0 ms]
   [Other: 10.4 ms]
      [Choose CSet: 0.0 ms]
      [Ref Proc: 3.0 ms]
      [Ref Enq: 0.0 ms]
      [Free CSet: 4.5 ms]
   [Eden: 927.0M(927.0M)->0.0B(910.0M) Survivors: 97.0M->114.0M Heap: 2196.8M(3072.0M)->1317.3M(3072.0M)]
 [Times: user=1.06 sys=0.00, real=0.54 secs] 
29501.589: [GC pause (young)
Desired survivor size 67108864 bytes, new threshold 1 (max 32)
- age   1:   71188896 bytes,   71188896 total
- age   2:   45170872 bytes,  116359768 total
, 0.4306760 secs]
   [Parallel Time: 419.0 ms, GC Workers: 2]
      [GC Worker Start (ms): Min: 29501590.4, Avg: 29501590.4, Max: 29501590.4, Diff: 0.0]
      [Ext Root Scanning (ms): Min: 56.6, Avg: 69.9, Max: 83.2, Diff: 26.6, Sum: 139.9]
      [Update RS (ms): Min: 56.4, Avg: 68.4, Max: 80.4, Diff: 24.0, Sum: 136.8]
         [Processed Buffers: Min: 89, Avg: 151.5, Max: 214, Diff: 125, Sum: 303]
      [Scan RS (ms): Min: 53.7, Avg: 53.8, Max: 53.8, Diff: 0.1, Sum: 107.5]
      [Object Copy (ms): Min: 225.4, Avg: 226.7, Max: 228.1, Diff: 2.7, Sum: 453.4]
      [Termination (ms): Min: 0.0, Avg: 0.0, Max: 0.0, Diff: 0.0, Sum: 0.0]
      [GC Worker Other (ms): Min: 0.1, Avg: 0.1, Max: 0.1, Diff: 0.0, Sum: 0.2]
      [GC Worker Total (ms): Min: 418.9, Avg: 418.9, Max: 418.9, Diff: 0.0, Sum: 837.9]
      [GC Worker End (ms): Min: 29502009.3, Avg: 29502009.3, Max: 29502009.3, Diff: 0.0]
   [Code Root Fixup: 0.0 ms]
   [Clear CT: 0.8 ms]
   [Other: 10.8 ms]
      [Choose CSet: 0.0 ms]
      [Ref Proc: 3.7 ms]
      [Ref Enq: 0.1 ms]
      [Free CSet: 4.0 ms]
   [Eden: 910.0M(910.0M)->0.0B(988.0M) Survivors: 114.0M->36.0M Heap: 2234.8M(3072.0M)->1304.3M(3072.0M)]
 [Times: user=0.84 sys=0.00, real=0.43 secs] 
29508.636: [GC pause (young)
Desired survivor size 67108864 bytes, new threshold 16 (max 32)
- age   1:   35115480 bytes,   35115480 total
, 0.3356030 secs]
   [Parallel Time: 322.2 ms, GC Workers: 2]
      [GC Worker Start (ms): Min: 29508637.8, Avg: 29508637.8, Max: 29508637.8, Diff: 0.0]
      [Ext Root Scanning (ms): Min: 58.1, Avg: 68.6, Max: 79.0, Diff: 20.9, Sum: 137.1]
      [Update RS (ms): Min: 27.4, Avg: 40.2, Max: 53.0, Diff: 25.6, Sum: 80.4]
         [Processed Buffers: Min: 134, Avg: 147.0, Max: 160, Diff: 26, Sum: 294]
      [Scan RS (ms): Min: 53.4, Avg: 53.4, Max: 53.5, Diff: 0.1, Sum: 106.9]
      [Object Copy (ms): Min: 157.3, Avg: 159.7, Max: 162.1, Diff: 4.8, Sum: 319.5]
      [Termination (ms): Min: 0.0, Avg: 0.0, Max: 0.0, Diff: 0.0, Sum: 0.0]
      [GC Worker Other (ms): Min: 0.1, Avg: 0.1, Max: 0.1, Diff: 0.0, Sum: 0.2]
      [GC Worker Total (ms): Min: 322.0, Avg: 322.1, Max: 322.1, Diff: 0.1, Sum: 644.1]
      [GC Worker End (ms): Min: 29508959.8, Avg: 29508959.8, Max: 29508959.9, Diff: 0.0]
   [Code Root Fixup: 0.0 ms]
   [Clear CT: 0.7 ms]
   [Other: 12.7 ms]
      [Choose CSet: 0.0 ms]
      [Ref Proc: 5.3 ms]
      [Ref Enq: 0.1 ms]
      [Free CSet: 4.5 ms]
   [Eden: 988.0M(988.0M)->0.0B(959.0M) Survivors: 36.0M->65.0M Heap: 2299.8M(3072.0M)->1340.8M(3072.0M)]
 [Times: user=0.65 sys=0.00, real=0.33 secs] 
29509.091: [GC pause (young) (initial-mark)
Desired survivor size 67108864 bytes, new threshold 16 (max 32)
- age   1:   38970976 bytes,   38970976 total
- age   2:   25489984 bytes,   64460960 total
, 0.2751300 secs]
   [Parallel Time: 272.4 ms, GC Workers: 2]
      [GC Worker Start (ms): Min: 29509092.4, Avg: 29509092.9, Max: 29509093.4, Diff: 1.0]
      [Ext Root Scanning (ms): Min: 52.5, Avg: 67.6, Max: 82.7, Diff: 30.2, Sum: 135.3]
      [Update RS (ms): Min: 21.4, Avg: 36.2, Max: 50.9, Diff: 29.5, Sum: 72.3]
         [Processed Buffers: Min: 46, Avg: 78.0, Max: 110, Diff: 64, Sum: 156]
      [Scan RS (ms): Min: 23.2, Avg: 23.3, Max: 23.3, Diff: 0.1, Sum: 46.5]
      [Object Copy (ms): Min: 144.5, Avg: 144.7, Max: 144.8, Diff: 0.3, Sum: 289.3]
      [Termination (ms): Min: 0.0, Avg: 0.0, Max: 0.0, Diff: 0.0, Sum: 0.0]
      [GC Worker Other (ms): Min: 0.0, Avg: 0.1, Max: 0.1, Diff: 0.0, Sum: 0.1]
      [GC Worker Total (ms): Min: 271.3, Avg: 271.8, Max: 272.3, Diff: 1.0, Sum: 543.6]
      [GC Worker End (ms): Min: 29509364.6, Avg: 29509364.6, Max: 29509364.7, Diff: 0.0]
   [Code Root Fixup: 0.0 ms]
   [Clear CT: 0.2 ms]
   [Other: 2.4 ms]
      [Choose CSet: 0.0 ms]
      [Ref Proc: 0.3 ms]
      [Ref Enq: 0.0 ms]
      [Free CSet: 0.6 ms]
   [Eden: 25.0M(959.0M)->0.0B(959.0M) Survivors: 65.0M->65.0M Heap: 1367.0M(3072.0M)->1342.8M(3072.0M)]
 [Times: user=0.54 sys=0.00, real=0.28 secs] 
29509.367: [GC concurrent-root-region-scan-start]
29509.548: [GC concurrent-root-region-scan-end, 0.1808790 secs]
29509.548: [GC concurrent-mark-start]
29511.886: [GC concurrent-mark-end, 2.3381080 secs]
29511.889: [GC remark 29511.891: [GC ref-proc, 0.3046810 secs], 0.3766410 secs]
 [Times: user=0.38 sys=0.00, real=0.38 secs] 
29512.268: [GC cleanup 1750M->1490M(3072M), 0.0278610 secs]
 [Times: user=0.05 sys=0.00, real=0.03 secs] 
29512.297: [GC concurrent-cleanup-start]
29512.297: [GC concurrent-cleanup-end, 0.0006890 secs]
29516.190: [GC pause (young)
Desired survivor size 67108864 bytes, new threshold 16 (max 32)
- age   1:    3462416 bytes,    3462416 total
- age   2:   37962024 bytes,   41424440 total
- age   3:   25012800 bytes,   66437240 total
, 0.4357070 secs]
   [Parallel Time: 422.3 ms, GC Workers: 2]
      [GC Worker Start (ms): Min: 29516191.8, Avg: 29516191.8, Max: 29516191.8, Diff: 0.0]
      [Ext Root Scanning (ms): Min: 65.4, Avg: 73.0, Max: 80.6, Diff: 15.2, Sum: 146.1]
      [Update RS (ms): Min: 45.5, Avg: 55.8, Max: 66.0, Diff: 20.5, Sum: 111.5]
         [Processed Buffers: Min: 123, Avg: 157.0, Max: 191, Diff: 68, Sum: 314]
      [Scan RS (ms): Min: 81.0, Avg: 81.2, Max: 81.4, Diff: 0.3, Sum: 162.4]
      [Object Copy (ms): Min: 209.5, Avg: 212.0, Max: 214.6, Diff: 5.1, Sum: 424.1]
      [Termination (ms): Min: 0.0, Avg: 0.0, Max: 0.0, Diff: 0.0, Sum: 0.0]
      [GC Worker Other (ms): Min: 0.1, Avg: 0.1, Max: 0.1, Diff: 0.1, Sum: 0.2]
      [GC Worker Total (ms): Min: 422.1, Avg: 422.1, Max: 422.1, Diff: 0.0, Sum: 844.3]
      [GC Worker End (ms): Min: 29516613.9, Avg: 29516613.9, Max: 29516613.9, Diff: 0.0]
   [Code Root Fixup: 0.0 ms]
   [Clear CT: 0.7 ms]
   [Other: 12.8 ms]
      [Choose CSet: 0.0 ms]
      [Ref Proc: 4.6 ms]
      [Ref Enq: 0.1 ms]
      [Free CSet: 5.7 ms]
   [Eden: 959.0M(959.0M)->0.0B(936.0M) Survivors: 65.0M->88.0M Heap: 2118.6M(3072.0M)->1182.6M(3072.0M)]
 [Times: user=0.85 sys=0.01, real=0.44 secs] 
29522.852: [GC pause (mixed)
Desired survivor size 67108864 bytes, new threshold 3 (max 32)
- age   1:   37185400 bytes,   37185400 total
- age   2:     714400 bytes,   37899800 total
- age   3:   29664728 bytes,   67564528 total
- age   4:   21401528 bytes,   88966056 total
, 0.5058870 secs]
   [Parallel Time: 490.5 ms, GC Workers: 2]
      [GC Worker Start (ms): Min: 29522854.7, Avg: 29522854.7, Max: 29522854.8, Diff: 0.0]
      [Ext Root Scanning (ms): Min: 63.1, Avg: 71.8, Max: 80.4, Diff: 17.3, Sum: 143.5]
      [Update RS (ms): Min: 55.2, Avg: 66.8, Max: 78.4, Diff: 23.2, Sum: 133.6]
         [Processed Buffers: Min: 70, Avg: 159.5, Max: 249, Diff: 179, Sum: 319]
      [Scan RS (ms): Min: 92.9, Avg: 93.0, Max: 93.1, Diff: 0.1, Sum: 186.0]
      [Object Copy (ms): Min: 255.7, Avg: 258.8, Max: 261.8, Diff: 6.1, Sum: 517.6]
      [Termination (ms): Min: 0.0, Avg: 0.0, Max: 0.0, Diff: 0.0, Sum: 0.0]
      [GC Worker Other (ms): Min: 0.1, Avg: 0.1, Max: 0.1, Diff: 0.0, Sum: 0.2]
      [GC Worker Total (ms): Min: 490.4, Avg: 490.4, Max: 490.4, Diff: 0.0, Sum: 980.9]
      [GC Worker End (ms): Min: 29523345.2, Avg: 29523345.2, Max: 29523345.2, Diff: 0.0]
   [Code Root Fixup: 0.0 ms]
   [Clear CT: 1.2 ms]
   [Other: 14.2 ms]
      [Choose CSet: 0.7 ms]
      [Ref Proc: 4.9 ms]
      [Ref Enq: 0.1 ms]
      [Free CSet: 5.4 ms]
   [Eden: 936.0M(936.0M)->0.0B(959.0M) Survivors: 88.0M->65.0M Heap: 2119.6M(3072.0M)->1145.6M(3072.0M)]
 [Times: user=0.99 sys=0.00, real=0.51 secs] 
29528.667: [GC pause (mixed)
Desired survivor size 67108864 bytes, new threshold 16 (max 32)
- age   1:   38702816 bytes,   38702816 total
- age   2:   26815384 bytes,   65518200 total
- age   3:     575264 bytes,   66093464 total
, 0.4263810 secs]
   [Parallel Time: 412.1 ms, GC Workers: 2]
      [GC Worker Start (ms): Min: 29528669.6, Avg: 29528669.6, Max: 29528669.7, Diff: 0.0]
      [Ext Root Scanning (ms): Min: 66.0, Avg: 71.5, Max: 76.9, Diff: 11.0, Sum: 142.9]
      [Update RS (ms): Min: 28.8, Avg: 35.7, Max: 42.7, Diff: 13.9, Sum: 71.5]
         [Processed Buffers: Min: 163, Avg: 171.5, Max: 180, Diff: 17, Sum: 343]
      [Scan RS (ms): Min: 93.3, Avg: 93.4, Max: 93.4, Diff: 0.2, Sum: 186.7]
      [Object Copy (ms): Min: 209.6, Avg: 211.2, Max: 212.7, Diff: 3.1, Sum: 422.4]
      [Termination (ms): Min: 0.0, Avg: 0.0, Max: 0.0, Diff: 0.0, Sum: 0.0]
      [GC Worker Other (ms): Min: 0.1, Avg: 0.1, Max: 0.2, Diff: 0.1, Sum: 0.2]
      [GC Worker Total (ms): Min: 411.8, Avg: 411.9, Max: 411.9, Diff: 0.1, Sum: 823.8]
      [GC Worker End (ms): Min: 29529081.5, Avg: 29529081.5, Max: 29529081.5, Diff: 0.0]
   [Code Root Fixup: 0.0 ms]
   [Clear CT: 0.8 ms]
   [Other: 13.5 ms]
      [Choose CSet: 1.0 ms]
      [Ref Proc: 4.3 ms]
      [Ref Enq: 0.1 ms]
      [Free CSet: 5.6 ms]
   [Eden: 959.0M(959.0M)->0.0B(936.0M) Survivors: 65.0M->88.0M Heap: 2113.1M(3072.0M)->1105.5M(3072.0M)]
 [Times: user=0.83 sys=0.00, real=0.42 secs] 
29535.467: [GC pause (mixed)
Desired survivor size 67108864 bytes, new threshold 3 (max 32)
- age   1:   30353448 bytes,   30353448 total
- age   2:   33204152 bytes,   63557600 total
- age   3:   25777488 bytes,   89335088 total
- age   4:     527248 bytes,   89862336 total
, 0.5036560 secs]
   [Parallel Time: 488.7 ms, GC Workers: 2]
      [GC Worker Start (ms): Min: 29535469.4, Avg: 29535469.4, Max: 29535469.4, Diff: 0.0]
      [Ext Root Scanning (ms): Min: 62.6, Avg: 69.1, Max: 75.5, Diff: 12.9, Sum: 138.2]
      [Update RS (ms): Min: 54.9, Avg: 63.7, Max: 72.6, Diff: 17.7, Sum: 127.4]
         [Processed Buffers: Min: 147, Avg: 156.0, Max: 165, Diff: 18, Sum: 312]
      [Scan RS (ms): Min: 87.2, Avg: 87.4, Max: 87.5, Diff: 0.3, Sum: 174.8]
      [Object Copy (ms): Min: 265.8, Avg: 268.4, Max: 270.9, Diff: 5.1, Sum: 536.8]
      [Termination (ms): Min: 0.0, Avg: 0.0, Max: 0.0, Diff: 0.0, Sum: 0.0]
      [GC Worker Other (ms): Min: 0.1, Avg: 0.1, Max: 0.1, Diff: 0.0, Sum: 0.2]
      [GC Worker Total (ms): Min: 488.7, Avg: 488.7, Max: 488.7, Diff: 0.0, Sum: 977.3]
      [GC Worker End (ms): Min: 29535958.1, Avg: 29535958.1, Max: 29535958.1, Diff: 0.0]
   [Code Root Fixup: 0.0 ms]
   [Clear CT: 1.0 ms]
   [Other: 13.9 ms]
      [Choose CSet: 0.6 ms]
      [Ref Proc: 5.4 ms]
      [Ref Enq: 0.1 ms]
      [Free CSet: 5.2 ms]
   [Eden: 936.0M(936.0M)->0.0B(933.0M) Survivors: 88.0M->91.0M Heap: 2063.6M(3072.0M)->1125.1M(3072.0M)]
 [Times: user=0.99 sys=0.00, real=0.50 secs] 
29540.854: [GC pause (young)
Desired survivor size 67108864 bytes, new threshold 3 (max 32)
- age   1:   38988672 bytes,   38988672 total
- age   2:   25796224 bytes,   64784896 total
- age   3:   26340400 bytes,   91125296 total
, 0.5106740 secs]
   [Parallel Time: 497.1 ms, GC Workers: 2]
      [GC Worker Start (ms): Min: 29540855.2, Avg: 29540855.2, Max: 29540855.2, Diff: 0.0]
      [Ext Root Scanning (ms): Min: 68.8, Avg: 76.0, Max: 83.2, Diff: 14.4, Sum: 152.0]
      [Update RS (ms): Min: 41.7, Avg: 51.8, Max: 61.9, Diff: 20.2, Sum: 103.6]
         [Processed Buffers: Min: 137, Avg: 160.0, Max: 183, Diff: 46, Sum: 320]
      [Scan RS (ms): Min: 72.0, Avg: 72.1, Max: 72.1, Diff: 0.0, Sum: 144.1]
      [Object Copy (ms): Min: 294.0, Avg: 297.0, Max: 299.9, Diff: 6.0, Sum: 593.9]
      [Termination (ms): Min: 0.0, Avg: 0.0, Max: 0.0, Diff: 0.0, Sum: 0.0]
      [GC Worker Other (ms): Min: 0.1, Avg: 0.1, Max: 0.1, Diff: 0.0, Sum: 0.2]
      [GC Worker Total (ms): Min: 496.9, Avg: 497.0, Max: 497.0, Diff: 0.0, Sum: 993.9]
      [GC Worker End (ms): Min: 29541352.2, Avg: 29541352.2, Max: 29541352.2, Diff: 0.0]
   [Code Root Fixup: 0.0 ms]
   [Clear CT: 0.7 ms]
   [Other: 12.9 ms]
      [Choose CSet: 0.0 ms]
      [Ref Proc: 5.7 ms]
      [Ref Enq: 0.1 ms]
      [Free CSet: 4.5 ms]
   [Eden: 933.0M(933.0M)->0.0B(914.0M) Survivors: 91.0M->110.0M Heap: 2100.0M(3072.0M)->1209.6M(3072.0M)]
 [Times: user=1.00 sys=0.00, real=0.51 secs] 
29544.844: [GC pause (young)
Desired survivor size 67108864 bytes, new threshold 2 (max 32)
- age   1:   57811784 bytes,   57811784 total
- age   2:   30457632 bytes,   88269416 total
- age   3:   23864176 bytes,  112133592 total
, 0.4179170 secs]
   [Parallel Time: 409.6 ms, GC Workers: 2]
      [GC Worker Start (ms): Min: 29544845.2, Avg: 29544845.2, Max: 29544845.2, Diff: 0.0]
      [Ext Root Scanning (ms): Min: 58.5, Avg: 72.0, Max: 85.6, Diff: 27.0, Sum: 144.1]
      [Update RS (ms): Min: 42.2, Avg: 54.7, Max: 67.2, Diff: 24.9, Sum: 109.4]
         [Processed Buffers: Min: 136, Avg: 219.0, Max: 302, Diff: 166, Sum: 438]
      [Scan RS (ms): Min: 81.3, Avg: 81.3, Max: 81.4, Diff: 0.2, Sum: 162.7]
      [Object Copy (ms): Min: 200.1, Avg: 201.2, Max: 202.4, Diff: 2.3, Sum: 402.5]
      [Termination (ms): Min: 0.0, Avg: 0.0, Max: 0.0, Diff: 0.0, Sum: 0.0]
      [GC Worker Other (ms): Min: 0.1, Avg: 0.1, Max: 0.1, Diff: 0.0, Sum: 0.2]
      [GC Worker Total (ms): Min: 409.4, Avg: 409.4, Max: 409.4, Diff: 0.0, Sum: 818.8]
      [GC Worker End (ms): Min: 29545254.6, Avg: 29545254.6, Max: 29545254.6, Diff: 0.0]
   [Code Root Fixup: 0.0 ms]
   [Clear CT: 0.6 ms]
   [Other: 7.7 ms]
      [Choose CSet: 0.0 ms]
      [Ref Proc: 2.0 ms]
      [Ref Enq: 0.0 ms]
      [Free CSet: 2.9 ms]
   [Eden: 594.0M(914.0M)->0.0B(972.0M) Survivors: 110.0M->52.0M Heap: 1889.5M(3072.0M)->1275.5M(3072.0M)]
 [Times: user=0.82 sys=0.00, real=0.42 secs] 
29551.654: [GC pause (young) (initial-mark)
Desired survivor size 67108864 bytes, new threshold 16 (max 32)
- age   1:   28440128 bytes,   28440128 total
- age   2:   24364600 bytes,   52804728 total
, 0.4200090 secs]
   [Parallel Time: 411.5 ms, GC Workers: 2]
      [GC Worker Start (ms): Min: 29551655.6, Avg: 29551655.6, Max: 29551655.6, Diff: 0.0]
      [Ext Root Scanning (ms): Min: 57.2, Avg: 72.5, Max: 87.8, Diff: 30.6, Sum: 144.9]
      [Update RS (ms): Min: 8.1, Avg: 23.7, Max: 39.3, Diff: 31.2, Sum: 47.4]
         [Processed Buffers: Min: 63, Avg: 139.5, Max: 216, Diff: 153, Sum: 279]
      [Scan RS (ms): Min: 48.4, Avg: 48.4, Max: 48.5, Diff: 0.1, Sum: 96.8]
      [Object Copy (ms): Min: 266.3, Avg: 266.6, Max: 266.9, Diff: 0.6, Sum: 533.3]
      [Termination (ms): Min: 0.0, Avg: 0.0, Max: 0.0, Diff: 0.0, Sum: 0.0]
      [GC Worker Other (ms): Min: 0.1, Avg: 0.2, Max: 0.2, Diff: 0.1, Sum: 0.3]
      [GC Worker Total (ms): Min: 411.3, Avg: 411.4, Max: 411.4, Diff: 0.0, Sum: 822.7]
      [GC Worker End (ms): Min: 29552067.0, Avg: 29552067.0, Max: 29552067.0, Diff: 0.1]
   [Code Root Fixup: 0.0 ms]
   [Clear CT: 0.7 ms]
   [Other: 7.8 ms]
      [Choose CSet: 0.0 ms]
      [Ref Proc: 3.7 ms]
      [Ref Enq: 0.1 ms]
      [Free CSet: 2.1 ms]
   [Eden: 848.0M(972.0M)->0.0B(909.0M) Survivors: 52.0M->115.0M Heap: 2167.7M(3072.0M)->1383.0M(3072.0M)]
 [Times: user=0.83 sys=0.00, real=0.42 secs] 
29552.075: [GC concurrent-root-region-scan-start]
29552.466: [GC concurrent-root-region-scan-end, 0.3916950 secs]
29552.466: [GC concurrent-mark-start]
29554.631: [GC concurrent-mark-end, 2.1641130 secs]
29554.632: [GC remark 29554.633: [GC ref-proc, 0.0192710 secs], 0.0913310 secs]
 [Times: user=0.09 sys=0.00, real=0.09 secs] 
29554.725: [GC cleanup 1837M->1534M(3072M), 0.0250120 secs]
 [Times: user=0.04 sys=0.00, real=0.03 secs] 
29554.751: [GC concurrent-cleanup-start]
29554.751: [GC concurrent-cleanup-end, 0.0006940 secs]
29557.606: [GC pause (young)
Desired survivor size 67108864 bytes, new threshold 1 (max 32)
- age   1:   70958232 bytes,   70958232 total
- age   2:   23844600 bytes,   94802832 total
- age   3:   22020624 bytes,  116823456 total
, 0.5575960 secs]
   [Parallel Time: 547.1 ms, GC Workers: 2]
      [GC Worker Start (ms): Min: 29557606.8, Avg: 29557606.8, Max: 29557606.8, Diff: 0.0]
      [Ext Root Scanning (ms): Min: 60.8, Avg: 76.2, Max: 91.5, Diff: 30.7, Sum: 152.3]
      [Update RS (ms): Min: 44.1, Avg: 57.1, Max: 70.1, Diff: 26.0, Sum: 114.2]
         [Processed Buffers: Min: 154, Avg: 169.5, Max: 185, Diff: 31, Sum: 339]
      [Scan RS (ms): Min: 28.9, Avg: 29.3, Max: 29.7, Diff: 0.8, Sum: 58.6]
      [Object Copy (ms): Min: 382.3, Avg: 384.3, Max: 386.3, Diff: 4.0, Sum: 768.6]
      [Termination (ms): Min: 0.0, Avg: 0.0, Max: 0.0, Diff: 0.0, Sum: 0.0]
      [GC Worker Other (ms): Min: 0.1, Avg: 0.1, Max: 0.1, Diff: 0.0, Sum: 0.2]
      [GC Worker Total (ms): Min: 547.0, Avg: 547.0, Max: 547.0, Diff: 0.0, Sum: 1093.9]
      [GC Worker End (ms): Min: 29558153.7, Avg: 29558153.7, Max: 29558153.7, Diff: 0.0]
   [Code Root Fixup: 0.0 ms]
   [Clear CT: 0.8 ms]
   [Other: 9.7 ms]
      [Choose CSet: 0.0 ms]
      [Ref Proc: 4.8 ms]
      [Ref Enq: 0.1 ms]
      [Free CSet: 2.8 ms]
   [Eden: 909.0M(909.0M)->0.0B(933.0M) Survivors: 115.0M->91.0M Heap: 2014.7M(3072.0M)->1135.2M(3072.0M)]
 [Times: user=1.09 sys=0.00, real=0.56 secs] 
29564.957: [GC pause (mixed)
Desired survivor size 67108864 bytes, new threshold 1 (max 32)
- age   1:   92531672 bytes,   92531672 total
, 0.3627370 secs]
   [Parallel Time: 347.7 ms, GC Workers: 2]
      [GC Worker Start (ms): Min: 29564959.3, Avg: 29564959.3, Max: 29564959.3, Diff: 0.0]
      [Ext Root Scanning (ms): Min: 64.9, Avg: 73.9, Max: 82.8, Diff: 17.9, Sum: 147.7]
      [Update RS (ms): Min: 14.7, Avg: 26.2, Max: 37.6, Diff: 22.9, Sum: 52.3]
         [Processed Buffers: Min: 105, Avg: 135.0, Max: 165, Diff: 60, Sum: 270]
      [Scan RS (ms): Min: 59.2, Avg: 59.3, Max: 59.4, Diff: 0.2, Sum: 118.7]
      [Object Copy (ms): Min: 185.5, Avg: 188.1, Max: 190.7, Diff: 5.2, Sum: 376.3]
      [Termination (ms): Min: 0.0, Avg: 0.0, Max: 0.0, Diff: 0.0, Sum: 0.0]
      [GC Worker Other (ms): Min: 0.1, Avg: 0.1, Max: 0.1, Diff: 0.1, Sum: 0.2]
      [GC Worker Total (ms): Min: 347.6, Avg: 347.6, Max: 347.6, Diff: 0.0, Sum: 695.2]
      [GC Worker End (ms): Min: 29565306.9, Avg: 29565306.9, Max: 29565307.0, Diff: 0.0]
   [Code Root Fixup: 0.0 ms]
   [Clear CT: 0.9 ms]
   [Other: 14.1 ms]
      [Choose CSet: 1.5 ms]
      [Ref Proc: 6.2 ms]
      [Ref Enq: 0.1 ms]
      [Free CSet: 3.8 ms]
   [Eden: 933.0M(933.0M)->0.0B(991.0M) Survivors: 91.0M->33.0M Heap: 2090.4M(3072.0M)->1074.9M(3072.0M)]
 [Times: user=0.71 sys=0.00, real=0.36 secs] 
29573.102: [GC pause (mixed)
Desired survivor size 67108864 bytes, new threshold 16 (max 32)
- age   1:   31947968 bytes,   31947968 total
, 0.2700230 secs]
   [Parallel Time: 255.9 ms, GC Workers: 2]
      [GC Worker Start (ms): Min: 29573104.7, Avg: 29573104.7, Max: 29573104.7, Diff: 0.0]
      [Ext Root Scanning (ms): Min: 62.9, Avg: 70.0, Max: 77.1, Diff: 14.2, Sum: 140.1]
      [Update RS (ms): Min: 16.5, Avg: 26.3, Max: 36.1, Diff: 19.6, Sum: 52.6]
         [Processed Buffers: Min: 77, Avg: 149.5, Max: 222, Diff: 145, Sum: 299]
      [Scan RS (ms): Min: 52.7, Avg: 52.7, Max: 52.8, Diff: 0.1, Sum: 105.5]
      [Object Copy (ms): Min: 103.9, Avg: 106.6, Max: 109.4, Diff: 5.5, Sum: 213.2]
      [Termination (ms): Min: 0.0, Avg: 0.0, Max: 0.0, Diff: 0.0, Sum: 0.0]
      [GC Worker Other (ms): Min: 0.1, Avg: 0.1, Max: 0.1, Diff: 0.0, Sum: 0.2]
      [GC Worker Total (ms): Min: 255.8, Avg: 255.8, Max: 255.8, Diff: 0.0, Sum: 511.6]
      [GC Worker End (ms): Min: 29573360.5, Avg: 29573360.5, Max: 29573360.5, Diff: 0.0]
   [Code Root Fixup: 0.0 ms]
   [Clear CT: 1.1 ms]
   [Other: 12.9 ms]
      [Choose CSet: 1.4 ms]
      [Ref Proc: 5.8 ms]
      [Ref Enq: 0.1 ms]
      [Free CSet: 4.3 ms]
   [Eden: 991.0M(991.0M)->0.0B(981.0M) Survivors: 33.0M->43.0M Heap: 2069.4M(3072.0M)->992.9M(3072.0M)]
 [Times: user=0.53 sys=0.00, real=0.27 secs] 
29582.805: [GC pause (young)
Desired survivor size 67108864 bytes, new threshold 16 (max 32)
- age   1:   27574584 bytes,   27574584 total
- age   2:   13270096 bytes,   40844680 total
, 0.2160700 secs]
   [Parallel Time: 204.4 ms, GC Workers: 2]
      [GC Worker Start (ms): Min: 29582805.4, Avg: 29582805.4, Max: 29582805.4, Diff: 0.0]
      [Ext Root Scanning (ms): Min: 59.1, Avg: 68.2, Max: 77.3, Diff: 18.1, Sum: 136.4]
      [Update RS (ms): Min: 15.9, Avg: 27.4, Max: 38.9, Diff: 23.1, Sum: 54.8]
         [Processed Buffers: Min: 133, Avg: 136.0, Max: 139, Diff: 6, Sum: 272]
      [Scan RS (ms): Min: 12.7, Avg: 12.7, Max: 12.7, Diff: 0.0, Sum: 25.5]
      [Object Copy (ms): Min: 93.4, Avg: 95.9, Max: 98.3, Diff: 4.9, Sum: 191.8]
      [Termination (ms): Min: 0.0, Avg: 0.0, Max: 0.0, Diff: 0.0, Sum: 0.0]
      [GC Worker Other (ms): Min: 0.1, Avg: 0.1, Max: 0.1, Diff: 0.0, Sum: 0.2]
      [GC Worker Total (ms): Min: 204.3, Avg: 204.3, Max: 204.3, Diff: 0.0, Sum: 408.6]
      [GC Worker End (ms): Min: 29583009.7, Avg: 29583009.7, Max: 29583009.7, Diff: 0.0]
   [Code Root Fixup: 0.0 ms]
   [Clear CT: 0.6 ms]
   [Other: 11.1 ms]
      [Choose CSet: 0.0 ms]
      [Ref Proc: 7.6 ms]
      [Ref Enq: 0.1 ms]
      [Free CSet: 2.3 ms]
   [Eden: 981.0M(981.0M)->0.0B(975.0M) Survivors: 43.0M->49.0M Heap: 2013.3M(3072.0M)->1038.8M(3072.0M)]
 [Times: user=0.42 sys=0.00, real=0.22 secs] 
29588.942: [GC pause (young)
Desired survivor size 67108864 bytes, new threshold 16 (max 32)
- age   1:   27406984 bytes,   27406984 total
- age   2:   10655040 bytes,   38062024 total
- age   3:    9731248 bytes,   47793272 total
, 0.2241090 secs]
   [Parallel Time: 214.6 ms, GC Workers: 2]
      [GC Worker Start (ms): Min: 29588943.0, Avg: 29588943.1, Max: 29588943.1, Diff: 0.0]
      [Ext Root Scanning (ms): Min: 60.0, Avg: 68.9, Max: 77.8, Diff: 17.8, Sum: 137.7]
      [Update RS (ms): Min: 10.2, Avg: 21.8, Max: 33.5, Diff: 23.3, Sum: 43.6]
         [Processed Buffers: Min: 157, Avg: 163.0, Max: 169, Diff: 12, Sum: 326]
      [Scan RS (ms): Min: 13.9, Avg: 14.0, Max: 14.2, Diff: 0.3, Sum: 28.1]
      [Object Copy (ms): Min: 107.1, Avg: 109.7, Max: 112.4, Diff: 5.3, Sum: 219.4]
      [Termination (ms): Min: 0.0, Avg: 0.0, Max: 0.0, Diff: 0.0, Sum: 0.0]
      [GC Worker Other (ms): Min: 0.1, Avg: 0.1, Max: 0.1, Diff: 0.0, Sum: 0.2]
      [GC Worker Total (ms): Min: 214.5, Avg: 214.6, Max: 214.6, Diff: 0.0, Sum: 429.1]
      [GC Worker End (ms): Min: 29589157.6, Avg: 29589157.6, Max: 29589157.6, Diff: 0.0]
   [Code Root Fixup: 0.0 ms]
   [Clear CT: 0.8 ms]
   [Other: 8.6 ms]
      [Choose CSet: 0.0 ms]
      [Ref Proc: 5.3 ms]
      [Ref Enq: 0.1 ms]
      [Free CSet: 2.2 ms]
   [Eden: 975.0M(975.0M)->0.0B(964.0M) Survivors: 49.0M->60.0M Heap: 2036.5M(3072.0M)->1072.0M(3072.0M)]
 [Times: user=0.44 sys=0.00, real=0.23 secs] 
29595.022: [GC pause (young)
Desired survivor size 67108864 bytes, new threshold 16 (max 32)
- age   1:   32897736 bytes,   32897736 total
- age   2:    8853784 bytes,   41751520 total
- age   3:    8277392 bytes,   50028912 total
- age   4:    9306144 bytes,   59335056 total
, 0.4591990 secs]
   [Parallel Time: 451.1 ms, GC Workers: 2]
      [GC Worker Start (ms): Min: 29595022.6, Avg: 29595022.6, Max: 29595022.6, Diff: 0.0]
      [Ext Root Scanning (ms): Min: 60.8, Avg: 69.9, Max: 79.1, Diff: 18.4, Sum: 139.9]
      [Update RS (ms): Min: 22.6, Avg: 34.5, Max: 46.5, Diff: 23.9, Sum: 69.1]
         [Processed Buffers: Min: 125, Avg: 139.0, Max: 153, Diff: 28, Sum: 278]
      [Scan RS (ms): Min: 16.6, Avg: 16.8, Max: 16.9, Diff: 0.3, Sum: 33.5]
      [Object Copy (ms): Min: 326.8, Avg: 329.4, Max: 332.1, Diff: 5.3, Sum: 658.9]
      [Termination (ms): Min: 0.0, Avg: 0.0, Max: 0.0, Diff: 0.0, Sum: 0.0]
      [GC Worker Other (ms): Min: 0.1, Avg: 0.1, Max: 0.1, Diff: 0.0, Sum: 0.2]
      [GC Worker Total (ms): Min: 450.8, Avg: 450.8, Max: 450.8, Diff: 0.0, Sum: 901.6]
      [GC Worker End (ms): Min: 29595473.4, Avg: 29595473.4, Max: 29595473.5, Diff: 0.0]
   [Code Root Fixup: 0.0 ms]
   [Clear CT: 0.6 ms]
   [Other: 7.5 ms]
      [Choose CSet: 0.0 ms]
      [Ref Proc: 4.0 ms]
      [Ref Enq: 0.1 ms]
      [Free CSet: 2.2 ms]
   [Eden: 964.0M(964.0M)->0.0B(896.0M) Survivors: 60.0M->128.0M Heap: 2041.0M(3072.0M)->1158.5M(3072.0M)]
 [Times: user=0.90 sys=0.00, real=0.46 secs] 
29600.311: [GC pause (young)
Desired survivor size 67108864 bytes, new threshold 1 (max 32)
- age   1:  106672488 bytes,  106672488 total
- age   2:   16194488 bytes,  122866976 total
- age   3:    6216848 bytes,  129083824 total
- age   4:    6556232 bytes,  135640056 total
- age   5:    8497568 bytes,  144137624 total
, 0.6278120 secs]
   [Parallel Time: 616.8 ms, GC Workers: 2]
      [GC Worker Start (ms): Min: 29600312.8, Avg: 29600312.8, Max: 29600312.9, Diff: 0.0]
      [Ext Root Scanning (ms): Min: 64.3, Avg: 71.4, Max: 78.5, Diff: 14.2, Sum: 142.8]
      [Update RS (ms): Min: 11.4, Avg: 21.8, Max: 32.2, Diff: 20.8, Sum: 43.6]
         [Processed Buffers: Min: 65, Avg: 149.0, Max: 233, Diff: 168, Sum: 298]
      [Scan RS (ms): Min: 71.4, Avg: 72.0, Max: 72.6, Diff: 1.1, Sum: 144.0]
      [Object Copy (ms): Min: 447.3, Avg: 450.0, Max: 452.7, Diff: 5.4, Sum: 900.0]
      [Termination (ms): Min: 0.0, Avg: 0.0, Max: 0.0, Diff: 0.0, Sum: 0.0]
      [GC Worker Other (ms): Min: 0.1, Avg: 0.1, Max: 0.1, Diff: 0.0, Sum: 0.2]
      [GC Worker Total (ms): Min: 615.3, Avg: 615.3, Max: 615.3, Diff: 0.0, Sum: 1230.6]
      [GC Worker End (ms): Min: 29600928.1, Avg: 29600928.1, Max: 29600928.1, Diff: 0.0]
   [Code Root Fixup: 0.0 ms]
   [Clear CT: 0.7 ms]
   [Other: 10.3 ms]
      [Choose CSet: 0.0 ms]
      [Ref Proc: 2.5 ms]
      [Ref Enq: 0.0 ms]
      [Free CSet: 4.1 ms]
   [Eden: 896.0M(896.0M)->0.0B(949.0M) Survivors: 128.0M->75.0M Heap: 2104.8M(3072.0M)->1275.1M(3072.0M)]
 [Times: user=1.24 sys=0.00, real=0.63 secs] 
29606.570: [GC pause (young)
Desired survivor size 67108864 bytes, new threshold 1 (max 32)
- age   1:   75401048 bytes,   75401048 total
, 0.4852320 secs]
   [Parallel Time: 473.8 ms, GC Workers: 2]
      [GC Worker Start (ms): Min: 29606571.4, Avg: 29606571.4, Max: 29606571.4, Diff: 0.0]
      [Ext Root Scanning (ms): Min: 63.3, Avg: 72.4, Max: 81.5, Diff: 18.2, Sum: 144.8]
      [Update RS (ms): Min: 47.6, Avg: 59.2, Max: 70.9, Diff: 23.4, Sum: 118.5]
         [Processed Buffers: Min: 74, Avg: 143.5, Max: 213, Diff: 139, Sum: 287]
      [Scan RS (ms): Min: 70.1, Avg: 70.2, Max: 70.3, Diff: 0.2, Sum: 140.4]
      [Object Copy (ms): Min: 269.2, Avg: 271.7, Max: 274.2, Diff: 5.0, Sum: 543.4]
      [Termination (ms): Min: 0.0, Avg: 0.0, Max: 0.0, Diff: 0.0, Sum: 0.0]
      [GC Worker Other (ms): Min: 0.1, Avg: 0.1, Max: 0.1, Diff: 0.0, Sum: 0.2]
      [GC Worker Total (ms): Min: 473.7, Avg: 473.7, Max: 473.7, Diff: 0.0, Sum: 947.3]
      [GC Worker End (ms): Min: 29607045.0, Avg: 29607045.1, Max: 29607045.1, Diff: 0.0]
   [Code Root Fixup: 0.0 ms]
   [Clear CT: 1.3 ms]
   [Other: 10.1 ms]
      [Choose CSet: 0.0 ms]
      [Ref Proc: 3.3 ms]
      [Ref Enq: 0.0 ms]
      [Free CSet: 3.7 ms]
   [Eden: 949.0M(949.0M)->0.0B(978.0M) Survivors: 75.0M->46.0M Heap: 2254.8M(3072.0M)->1345.5M(3072.0M)]
 [Times: user=0.95 sys=0.01, real=0.48 secs] 
29612.284: [GC pause (young) (initial-mark)
Desired survivor size 67108864 bytes, new threshold 16 (max 32)
- age   1:   46912480 bytes,   46912480 total
, 0.3642960 secs]
   [Parallel Time: 352.9 ms, GC Workers: 2]
      [GC Worker Start (ms): Min: 29612285.4, Avg: 29612285.6, Max: 29612285.8, Diff: 0.3]
      [Ext Root Scanning (ms): Min: 66.0, Avg: 73.4, Max: 80.7, Diff: 14.6, Sum: 146.7]
      [Update RS (ms): Min: 44.9, Avg: 60.4, Max: 76.0, Diff: 31.1, Sum: 120.8]
         [Processed Buffers: Min: 115, Avg: 146.5, Max: 178, Diff: 63, Sum: 293]
      [Scan RS (ms): Min: 42.1, Avg: 42.1, Max: 42.1, Diff: 0.0, Sum: 84.2]
      [Object Copy (ms): Min: 168.7, Avg: 176.7, Max: 184.8, Diff: 16.1, Sum: 353.5]
      [Termination (ms): Min: 0.0, Avg: 0.0, Max: 0.0, Diff: 0.0, Sum: 0.0]
      [GC Worker Other (ms): Min: 0.1, Avg: 0.1, Max: 0.1, Diff: 0.0, Sum: 0.2]
      [GC Worker Total (ms): Min: 352.6, Avg: 352.7, Max: 352.9, Diff: 0.3, Sum: 705.4]
      [GC Worker End (ms): Min: 29612638.3, Avg: 29612638.3, Max: 29612638.3, Diff: 0.0]
   [Code Root Fixup: 0.0 ms]
   [Clear CT: 0.5 ms]
   [Other: 10.8 ms]
      [Choose CSet: 0.0 ms]
      [Ref Proc: 3.3 ms]
      [Ref Enq: 0.1 ms]
      [Free CSet: 3.9 ms]
   [Eden: 809.0M(978.0M)->0.0B(968.0M) Survivors: 46.0M->56.0M Heap: 2154.0M(3072.0M)->1355.5M(3072.0M)]
 [Times: user=0.71 sys=0.00, real=0.36 secs] 
29612.648: [GC concurrent-root-region-scan-start]
29612.862: [GC concurrent-root-region-scan-end, 0.2137690 secs]
29612.862: [GC concurrent-mark-start]
29614.863: [GC concurrent-mark-end, 2.0003830 secs]
29614.865: [GC remark 29614.866: [GC ref-proc, 0.1799150 secs], 0.2545330 secs]
 [Times: user=0.26 sys=0.00, real=0.25 secs] 
29615.121: [GC cleanup 1683M->1378M(3072M), 0.0250800 secs]
 [Times: user=0.05 sys=0.00, real=0.02 secs] 
29615.147: [GC concurrent-cleanup-start]
29615.148: [GC concurrent-cleanup-end, 0.0008740 secs]
29619.611: [GC pause (young)
Desired survivor size 67108864 bytes, new threshold 16 (max 32)
- age   1:   29365424 bytes,   29365424 total
- age   2:   27971528 bytes,   57336952 total
, 0.4317360 secs]
   [Parallel Time: 416.3 ms, GC Workers: 2]
      [GC Worker Start (ms): Min: 29619612.3, Avg: 29619612.3, Max: 29619612.4, Diff: 0.0]
      [Ext Root Scanning (ms): Min: 63.7, Avg: 71.4, Max: 79.0, Diff: 15.3, Sum: 142.8]
      [Update RS (ms): Min: 43.4, Avg: 53.8, Max: 64.1, Diff: 20.7, Sum: 107.6]
         [Processed Buffers: Min: 141, Avg: 160.0, Max: 179, Diff: 38, Sum: 320]
      [Scan RS (ms): Min: 54.8, Avg: 54.9, Max: 55.0, Diff: 0.2, Sum: 109.9]
      [Object Copy (ms): Min: 232.5, Avg: 235.1, Max: 237.7, Diff: 5.2, Sum: 470.1]
      [Termination (ms): Min: 0.0, Avg: 0.0, Max: 0.0, Diff: 0.0, Sum: 0.0]
      [GC Worker Other (ms): Min: 0.1, Avg: 0.1, Max: 0.1, Diff: 0.0, Sum: 0.2]
      [GC Worker Total (ms): Min: 415.3, Avg: 415.3, Max: 415.3, Diff: 0.0, Sum: 830.6]
      [GC Worker End (ms): Min: 29620027.6, Avg: 29620027.6, Max: 29620027.6, Diff: 0.0]
   [Code Root Fixup: 0.0 ms]
   [Clear CT: 0.7 ms]
   [Other: 14.7 ms]
      [Choose CSet: 0.0 ms]
      [Ref Proc: 7.2 ms]
      [Ref Enq: 0.1 ms]
      [Free CSet: 4.8 ms]
   [Eden: 968.0M(968.0M)->0.0B(924.0M) Survivors: 56.0M->100.0M Heap: 2041.7M(3072.0M)->1117.2M(3072.0M)]
 [Times: user=0.84 sys=0.00, real=0.44 secs] 
29624.939: [GC pause (mixed)
Desired survivor size 67108864 bytes, new threshold 2 (max 32)
- age   1:   50701856 bytes,   50701856 total
- age   2:   26241256 bytes,   76943112 total
- age   3:   25288568 bytes,  102231680 total
, 0.4640120 secs]
   [Parallel Time: 453.0 ms, GC Workers: 2]
      [GC Worker Start (ms): Min: 29624941.3, Avg: 29624941.3, Max: 29624941.3, Diff: 0.0]
      [Ext Root Scanning (ms): Min: 60.1, Avg: 69.8, Max: 79.6, Diff: 19.5, Sum: 139.7]
      [Update RS (ms): Min: 45.2, Avg: 57.8, Max: 70.4, Diff: 25.2, Sum: 115.7]
         [Processed Buffers: Min: 99, Avg: 138.0, Max: 177, Diff: 78, Sum: 276]
      [Scan RS (ms): Min: 62.8, Avg: 62.9, Max: 63.0, Diff: 0.2, Sum: 125.8]
      [Object Copy (ms): Min: 259.3, Avg: 262.2, Max: 265.1, Diff: 5.8, Sum: 524.4]
      [Termination (ms): Min: 0.0, Avg: 0.0, Max: 0.0, Diff: 0.0, Sum: 0.0]
      [GC Worker Other (ms): Min: 0.1, Avg: 0.1, Max: 0.1, Diff: 0.0, Sum: 0.2]
      [GC Worker Total (ms): Min: 452.9, Avg: 452.9, Max: 452.9, Diff: 0.1, Sum: 905.8]
      [GC Worker End (ms): Min: 29625394.2, Avg: 29625394.2, Max: 29625394.2, Diff: 0.0]
   [Code Root Fixup: 0.0 ms]
   [Clear CT: 0.9 ms]
   [Other: 10.1 ms]
      [Choose CSet: 0.5 ms]
      [Ref Proc: 2.5 ms]
      [Ref Enq: 0.0 ms]
      [Free CSet: 4.4 ms]
   [Eden: 924.0M(924.0M)->0.0B(961.0M) Survivors: 100.0M->63.0M Heap: 2045.2M(3072.0M)->1049.7M(3072.0M)]
 [Times: user=0.91 sys=0.00, real=0.47 secs] 
29630.683: [GC pause (mixed)
Desired survivor size 67108864 bytes, new threshold 16 (max 32)
- age   1:   32467432 bytes,   32467432 total
- age   2:   31650352 bytes,   64117784 total
, 0.4890540 secs]
   [Parallel Time: 477.0 ms, GC Workers: 2]
      [GC Worker Start (ms): Min: 29630685.6, Avg: 29630685.9, Max: 29630686.1, Diff: 0.4]
      [Ext Root Scanning (ms): Min: 64.6, Avg: 71.8, Max: 79.0, Diff: 14.3, Sum: 143.6]
      [Update RS (ms): Min: 29.5, Avg: 39.2, Max: 49.0, Diff: 19.6, Sum: 78.5]
         [Processed Buffers: Min: 52, Avg: 141.5, Max: 231, Diff: 179, Sum: 283]
      [Scan RS (ms): Min: 66.9, Avg: 66.9, Max: 66.9, Diff: 0.0, Sum: 133.9]
      [Object Copy (ms): Min: 296.1, Avg: 298.5, Max: 301.0, Diff: 4.9, Sum: 597.1]
      [Termination (ms): Min: 0.0, Avg: 0.0, Max: 0.0, Diff: 0.0, Sum: 0.0]
      [GC Worker Other (ms): Min: 0.1, Avg: 0.1, Max: 0.2, Diff: 0.1, Sum: 0.2]
      [GC Worker Total (ms): Min: 476.5, Avg: 476.7, Max: 476.9, Diff: 0.4, Sum: 953.4]
      [GC Worker End (ms): Min: 29631162.5, Avg: 29631162.5, Max: 29631162.5, Diff: 0.0]
   [Code Root Fixup: 0.0 ms]
   [Clear CT: 0.9 ms]
   [Other: 11.2 ms]
      [Choose CSet: 0.8 ms]
      [Ref Proc: 2.7 ms]
      [Ref Enq: 0.0 ms]
      [Free CSet: 5.4 ms]
   [Eden: 961.0M(961.0M)->0.0B(901.0M) Survivors: 63.0M->123.0M Heap: 2014.7M(3072.0M)->1036.2M(3072.0M)]
 [Times: user=0.97 sys=0.00, real=0.49 secs] 
29635.650: [GC pause (mixed)
Desired survivor size 67108864 bytes, new threshold 1 (max 32)
- age   1:   72013136 bytes,   72013136 total
- age   2:   26331184 bytes,   98344320 total
- age   3:   27918120 bytes,  126262440 total
, 0.6481080 secs]
   [Parallel Time: 636.1 ms, GC Workers: 2]
      [GC Worker Start (ms): Min: 29635651.6, Avg: 29635651.6, Max: 29635651.6, Diff: 0.0]
      [Ext Root Scanning (ms): Min: 55.5, Avg: 69.7, Max: 83.9, Diff: 28.4, Sum: 139.5]
      [Update RS (ms): Min: 51.2, Avg: 63.8, Max: 76.4, Diff: 25.1, Sum: 127.6]
         [Processed Buffers: Min: 40, Avg: 141.0, Max: 242, Diff: 202, Sum: 282]
      [Scan RS (ms): Min: 79.9, Avg: 80.0, Max: 80.1, Diff: 0.2, Sum: 160.1]
      [Object Copy (ms): Min: 420.7, Avg: 422.2, Max: 423.7, Diff: 3.0, Sum: 844.4]
      [Termination (ms): Min: 0.0, Avg: 0.0, Max: 0.0, Diff: 0.0, Sum: 0.0]
      [GC Worker Other (ms): Min: 0.1, Avg: 0.1, Max: 0.1, Diff: 0.0, Sum: 0.2]
      [GC Worker Total (ms): Min: 635.8, Avg: 635.9, Max: 635.9, Diff: 0.1, Sum: 1271.8]
      [GC Worker End (ms): Min: 29636287.4, Avg: 29636287.5, Max: 29636287.5, Diff: 0.1]
   [Code Root Fixup: 0.0 ms]
   [Clear CT: 0.8 ms]
   [Other: 11.2 ms]
      [Choose CSet: 0.8 ms]
      [Ref Proc: 2.2 ms]
      [Ref Enq: 0.0 ms]
      [Free CSet: 5.0 ms]
   [Eden: 901.0M(901.0M)->0.0B(959.0M) Survivors: 123.0M->65.0M Heap: 1980.1M(3072.0M)->1069.1M(3072.0M)]
 [Times: user=1.27 sys=0.00, real=0.65 secs] 
29641.577: [GC pause (young)
Desired survivor size 67108864 bytes, new threshold 16 (max 32)
- age   1:   64939448 bytes,   64939448 total
, 0.4959940 secs]
   [Parallel Time: 482.7 ms, GC Workers: 2]
      [GC Worker Start (ms): Min: 29641578.5, Avg: 29641578.6, Max: 29641578.6, Diff: 0.1]
      [Ext Root Scanning (ms): Min: 63.6, Avg: 79.1, Max: 94.6, Diff: 31.1, Sum: 158.2]
      [Update RS (ms): Min: 42.4, Avg: 54.4, Max: 66.4, Diff: 24.0, Sum: 108.8]
         [Processed Buffers: Min: 123, Avg: 133.5, Max: 144, Diff: 21, Sum: 267]
      [Scan RS (ms): Min: 120.7, Avg: 120.8, Max: 121.0, Diff: 0.3, Sum: 241.6]
      [Object Copy (ms): Min: 224.4, Avg: 228.0, Max: 231.6, Diff: 7.1, Sum: 456.0]
      [Termination (ms): Min: 0.0, Avg: 0.0, Max: 0.0, Diff: 0.0, Sum: 0.0]
      [GC Worker Other (ms): Min: 0.1, Avg: 0.2, Max: 0.2, Diff: 0.1, Sum: 0.3]
      [GC Worker Total (ms): Min: 482.5, Avg: 482.5, Max: 482.6, Diff: 0.1, Sum: 965.0]
      [GC Worker End (ms): Min: 29642061.1, Avg: 29642061.1, Max: 29642061.1, Diff: 0.0]
   [Code Root Fixup: 0.0 ms]
   [Clear CT: 1.3 ms]
   [Other: 12.0 ms]
      [Choose CSet: 0.0 ms]
      [Ref Proc: 2.9 ms]
      [Ref Enq: 0.0 ms]
      [Free CSet: 6.3 ms]
   [Eden: 959.0M(959.0M)->0.0B(945.0M) Survivors: 65.0M->79.0M Heap: 2048.1M(3072.0M)->1103.6M(3072.0M)]
 [Times: user=0.96 sys=0.01, real=0.49 secs] 
29648.678: [GC pause (young)
Desired survivor size 67108864 bytes, new threshold 2 (max 32)
- age   1:   43359320 bytes,   43359320 total
- age   2:   36817480 bytes,   80176800 total
, 0.5119970 secs]
   [Parallel Time: 498.6 ms, GC Workers: 2]
      [GC Worker Start (ms): Min: 29648680.1, Avg: 29648680.1, Max: 29648680.1, Diff: 0.0]
      [Ext Root Scanning (ms): Min: 66.3, Avg: 72.6, Max: 78.9, Diff: 12.5, Sum: 145.2]
      [Update RS (ms): Min: 31.4, Avg: 40.3, Max: 49.1, Diff: 17.7, Sum: 80.5]
         [Processed Buffers: Min: 145, Avg: 156.0, Max: 167, Diff: 22, Sum: 312]
      [Scan RS (ms): Min: 100.2, Avg: 100.3, Max: 100.4, Diff: 0.3, Sum: 200.6]
      [Object Copy (ms): Min: 282.8, Avg: 285.3, Max: 287.7, Diff: 4.9, Sum: 570.6]
      [Termination (ms): Min: 0.0, Avg: 0.0, Max: 0.0, Diff: 0.0, Sum: 0.0]
      [GC Worker Other (ms): Min: 0.1, Avg: 0.1, Max: 0.1, Diff: 0.0, Sum: 0.2]
      [GC Worker Total (ms): Min: 498.5, Avg: 498.6, Max: 498.6, Diff: 0.0, Sum: 997.1]
      [GC Worker End (ms): Min: 29649178.6, Avg: 29649178.6, Max: 29649178.6, Diff: 0.0]
   [Code Root Fixup: 0.0 ms]
   [Clear CT: 0.6 ms]
   [Other: 12.7 ms]
      [Choose CSet: 0.0 ms]
      [Ref Proc: 3.6 ms]
      [Ref Enq: 0.1 ms]
      [Free CSet: 5.8 ms]
   [Eden: 945.0M(945.0M)->0.0B(938.0M) Survivors: 79.0M->86.0M Heap: 2069.8M(3072.0M)->1165.3M(3072.0M)]
 [Times: user=1.01 sys=0.00, real=0.51 secs] 
29654.585: [GC pause (young)
Desired survivor size 67108864 bytes, new threshold 2 (max 32)
- age   1:   47121312 bytes,   47121312 total
- age   2:   40099856 bytes,   87221168 total
, 0.5002030 secs]
   [Parallel Time: 486.7 ms, GC Workers: 2]
      [GC Worker Start (ms): Min: 29654586.6, Avg: 29654586.6, Max: 29654586.7, Diff: 0.0]
      [Ext Root Scanning (ms): Min: 63.0, Avg: 72.4, Max: 81.8, Diff: 18.8, Sum: 144.8]
      [Update RS (ms): Min: 34.0, Avg: 45.7, Max: 57.4, Diff: 23.4, Sum: 91.5]
         [Processed Buffers: Min: 119, Avg: 128.5, Max: 138, Diff: 19, Sum: 257]
      [Scan RS (ms): Min: 88.7, Avg: 88.8, Max: 88.9, Diff: 0.2, Sum: 177.5]
      [Object Copy (ms): Min: 277.2, Avg: 279.5, Max: 281.9, Diff: 4.7, Sum: 559.1]
      [Termination (ms): Min: 0.0, Avg: 0.0, Max: 0.0, Diff: 0.0, Sum: 0.0]
      [GC Worker Other (ms): Min: 0.1, Avg: 0.1, Max: 0.1, Diff: 0.0, Sum: 0.2]
      [GC Worker Total (ms): Min: 486.5, Avg: 486.5, Max: 486.5, Diff: 0.0, Sum: 973.0]
      [GC Worker End (ms): Min: 29655073.1, Avg: 29655073.2, Max: 29655073.2, Diff: 0.0]
   [Code Root Fixup: 0.0 ms]
   [Clear CT: 0.7 ms]
   [Other: 12.8 ms]
      [Choose CSet: 0.0 ms]
      [Ref Proc: 4.2 ms]
      [Ref Enq: 0.1 ms]
      [Free CSet: 5.1 ms]
   [Eden: 938.0M(938.0M)->0.0B(946.0M) Survivors: 86.0M->78.0M Heap: 2105.8M(3072.0M)->1196.8M(3072.0M)]
 [Times: user=0.99 sys=0.00, real=0.50 secs] 
29661.113: [GC pause (young)
Desired survivor size 67108864 bytes, new threshold 2 (max 32)
- age   1:   41878976 bytes,   41878976 total
- age   2:   38164632 bytes,   80043608 total
, 0.4527190 secs]
   [Parallel Time: 440.6 ms, GC Workers: 2]
      [GC Worker Start (ms): Min: 29661114.6, Avg: 29661114.6, Max: 29661114.6, Diff: 0.0]
      [Ext Root Scanning (ms): Min: 61.9, Avg: 69.4, Max: 76.8, Diff: 14.9, Sum: 138.7]
      [Update RS (ms): Min: 38.5, Avg: 48.2, Max: 57.9, Diff: 19.5, Sum: 96.4]
         [Processed Buffers: Min: 130, Avg: 142.0, Max: 154, Diff: 24, Sum: 284]
      [Scan RS (ms): Min: 73.7, Avg: 73.8, Max: 73.9, Diff: 0.2, Sum: 147.5]
      [Object Copy (ms): Min: 246.7, Avg: 249.1, Max: 251.5, Diff: 4.8, Sum: 498.2]
      [Termination (ms): Min: 0.0, Avg: 0.0, Max: 0.0, Diff: 0.0, Sum: 0.0]
      [GC Worker Other (ms): Min: 0.1, Avg: 0.1, Max: 0.1, Diff: 0.0, Sum: 0.2]
      [GC Worker Total (ms): Min: 440.5, Avg: 440.5, Max: 440.6, Diff: 0.0, Sum: 881.1]
      [GC Worker End (ms): Min: 29661555.1, Avg: 29661555.1, Max: 29661555.1, Diff: 0.0]
   [Code Root Fixup: 0.0 ms]
   [Clear CT: 0.8 ms]
   [Other: 11.3 ms]
      [Choose CSet: 0.0 ms]
      [Ref Proc: 3.7 ms]
      [Ref Enq: 0.1 ms]
      [Free CSet: 4.7 ms]
   [Eden: 946.0M(946.0M)->0.0B(953.0M) Survivors: 78.0M->71.0M Heap: 2143.3M(3072.0M)->1224.8M(3072.0M)]
 [Times: user=0.89 sys=0.00, real=0.45 secs] 
29670.422: [GC pause (young)
Desired survivor size 67108864 bytes, new threshold 2 (max 32)
- age   1:   38490752 bytes,   38490752 total
- age   2:   33748944 bytes,   72239696 total
, 0.3807240 secs]
   [Parallel Time: 367.2 ms, GC Workers: 2]
      [GC Worker Start (ms): Min: 29670423.8, Avg: 29670423.8, Max: 29670423.8, Diff: 0.0]
      [Ext Root Scanning (ms): Min: 56.7, Avg: 70.0, Max: 83.3, Diff: 26.6, Sum: 140.0]
      [Update RS (ms): Min: 25.4, Avg: 37.4, Max: 49.4, Diff: 24.0, Sum: 74.8]
         [Processed Buffers: Min: 132, Avg: 143.0, Max: 154, Diff: 22, Sum: 286]
      [Scan RS (ms): Min: 59.6, Avg: 59.7, Max: 59.7, Diff: 0.1, Sum: 119.4]
      [Object Copy (ms): Min: 198.7, Avg: 199.9, Max: 201.1, Diff: 2.4, Sum: 399.8]
      [Termination (ms): Min: 0.0, Avg: 0.0, Max: 0.0, Diff: 0.0, Sum: 0.0]
      [GC Worker Other (ms): Min: 0.1, Avg: 0.1, Max: 0.1, Diff: 0.0, Sum: 0.2]
      [GC Worker Total (ms): Min: 367.1, Avg: 367.1, Max: 367.1, Diff: 0.0, Sum: 734.2]
      [GC Worker End (ms): Min: 29670790.9, Avg: 29670790.9, Max: 29670790.9, Diff: 0.0]
   [Code Root Fixup: 0.0 ms]
   [Clear CT: 0.7 ms]
   [Other: 12.8 ms]
      [Choose CSet: 0.0 ms]
      [Ref Proc: 4.8 ms]
      [Ref Enq: 0.1 ms]
      [Free CSet: 5.2 ms]
   [Eden: 953.0M(953.0M)->0.0B(951.0M) Survivors: 71.0M->73.0M Heap: 2246.0M(3072.0M)->1318.5M(3072.0M)]
 [Times: user=0.75 sys=0.00, real=0.38 secs] 
29671.420: [GC pause (young) (initial-mark)
Desired survivor size 67108864 bytes, new threshold 2 (max 32)
- age   1:   45814008 bytes,   45814008 total
- age   2:   27785264 bytes,   73599272 total
, 0.3356800 secs]
   [Parallel Time: 330.8 ms, GC Workers: 2]
      [GC Worker Start (ms): Min: 29671421.5, Avg: 29671421.6, Max: 29671421.7, Diff: 0.3]
      [Ext Root Scanning (ms): Min: 57.6, Avg: 73.2, Max: 88.8, Diff: 31.2, Sum: 146.5]
      [Update RS (ms): Min: 61.7, Avg: 76.9, Max: 92.0, Diff: 30.3, Sum: 153.8]
         [Processed Buffers: Min: 201, Avg: 240.5, Max: 280, Diff: 79, Sum: 481]
      [Scan RS (ms): Min: 27.3, Avg: 27.8, Max: 28.3, Diff: 1.0, Sum: 55.6]
      [Object Copy (ms): Min: 151.7, Avg: 152.5, Max: 153.3, Diff: 1.6, Sum: 305.0]
      [Termination (ms): Min: 0.0, Avg: 0.0, Max: 0.0, Diff: 0.0, Sum: 0.0]
      [GC Worker Other (ms): Min: 0.1, Avg: 0.1, Max: 0.1, Diff: 0.0, Sum: 0.2]
      [GC Worker Total (ms): Min: 330.4, Avg: 330.5, Max: 330.7, Diff: 0.3, Sum: 661.1]
      [GC Worker End (ms): Min: 29671752.1, Avg: 29671752.1, Max: 29671752.2, Diff: 0.0]
   [Code Root Fixup: 0.0 ms]
   [Clear CT: 0.6 ms]
   [Other: 4.3 ms]
      [Choose CSet: 0.0 ms]
      [Ref Proc: 1.0 ms]
      [Ref Enq: 0.0 ms]
      [Free CSet: 0.9 ms]
   [Eden: 90.0M(951.0M)->0.0B(981.0M) Survivors: 73.0M->43.0M Heap: 1440.2M(3072.0M)->1347.5M(3072.0M)]
 [Times: user=0.66 sys=0.00, real=0.34 secs] 
29671.756: [GC concurrent-root-region-scan-start]
29672.015: [GC concurrent-root-region-scan-end, 0.2588910 secs]
29672.015: [GC concurrent-mark-start]
29674.757: [GC concurrent-mark-end, 2.7422660 secs]
29674.760: [GC remark 29674.761: [GC ref-proc, 0.3222800 secs], 0.4000880 secs]
 [Times: user=0.40 sys=0.00, real=0.40 secs] 
29675.161: [GC cleanup 1744M->1556M(3072M), 0.0267730 secs]
 [Times: user=0.06 sys=0.00, real=0.03 secs] 
29675.189: [GC concurrent-cleanup-start]
29675.189: [GC concurrent-cleanup-end, 0.0004690 secs]
29678.039: [GC pause (young)
Desired survivor size 67108864 bytes, new threshold 16 (max 32)
- age   1:    5465904 bytes,    5465904 total
- age   2:   38461952 bytes,   43927856 total
, 0.5357490 secs]
   [Parallel Time: 525.3 ms, GC Workers: 2]
      [GC Worker Start (ms): Min: 29678040.9, Avg: 29678040.9, Max: 29678040.9, Diff: 0.0]
      [Ext Root Scanning (ms): Min: 75.4, Avg: 81.0, Max: 86.5, Diff: 11.1, Sum: 161.9]
      [Update RS (ms): Min: 37.0, Avg: 45.5, Max: 53.9, Diff: 17.0, Sum: 90.9]
         [Processed Buffers: Min: 114, Avg: 153.0, Max: 192, Diff: 78, Sum: 306]
      [Scan RS (ms): Min: 60.1, Avg: 60.2, Max: 60.3, Diff: 0.2, Sum: 120.4]
      [Object Copy (ms): Min: 335.6, Avg: 338.4, Max: 341.2, Diff: 5.6, Sum: 676.9]
      [Termination (ms): Min: 0.0, Avg: 0.0, Max: 0.0, Diff: 0.0, Sum: 0.0]
      [GC Worker Other (ms): Min: 0.1, Avg: 0.1, Max: 0.1, Diff: 0.0, Sum: 0.2]
      [GC Worker Total (ms): Min: 525.1, Avg: 525.2, Max: 525.2, Diff: 0.1, Sum: 1050.4]
      [GC Worker End (ms): Min: 29678566.0, Avg: 29678566.0, Max: 29678566.1, Diff: 0.0]
   [Code Root Fixup: 0.0 ms]
   [Clear CT: 1.0 ms]
   [Other: 9.5 ms]
      [Choose CSet: 0.0 ms]
      [Ref Proc: 3.8 ms]
      [Ref Enq: 0.0 ms]
      [Free CSet: 3.5 ms]
   [Eden: 981.0M(981.0M)->0.0B(896.0M) Survivors: 43.0M->128.0M Heap: 2182.7M(3072.0M)->1295.2M(3072.0M)]
 [Times: user=1.05 sys=0.00, real=0.54 secs] 
29683.521: [GC pause (mixed)
Desired survivor size 67108864 bytes, new threshold 1 (max 32)
- age   1:  112256792 bytes,  112256792 total
- age   2:    1732112 bytes,  113988904 total
- age   3:   25331264 bytes,  139320168 total
, 0.4015520 secs]
   [Parallel Time: 388.2 ms, GC Workers: 2]
      [GC Worker Start (ms): Min: 29683523.0, Avg: 29683523.0, Max: 29683523.1, Diff: 0.0]
      [Ext Root Scanning (ms): Min: 62.9, Avg: 72.5, Max: 82.0, Diff: 19.1, Sum: 144.9]
      [Update RS (ms): Min: 22.9, Avg: 35.8, Max: 48.6, Diff: 25.6, Sum: 71.5]
         [Processed Buffers: Min: 112, Avg: 132.5, Max: 153, Diff: 41, Sum: 265]
      [Scan RS (ms): Min: 69.9, Avg: 69.9, Max: 70.0, Diff: 0.1, Sum: 139.9]
      [Object Copy (ms): Min: 206.6, Avg: 209.9, Max: 213.1, Diff: 6.4, Sum: 419.7]
      [Termination (ms): Min: 0.0, Avg: 0.0, Max: 0.0, Diff: 0.0, Sum: 0.0]
      [GC Worker Other (ms): Min: 0.1, Avg: 0.1, Max: 0.1, Diff: 0.0, Sum: 0.2]
      [GC Worker Total (ms): Min: 388.1, Avg: 388.1, Max: 388.1, Diff: 0.0, Sum: 776.2]
      [GC Worker End (ms): Min: 29683911.1, Avg: 29683911.2, Max: 29683911.2, Diff: 0.0]
   [Code Root Fixup: 0.0 ms]
   [Clear CT: 0.9 ms]
   [Other: 12.4 ms]
      [Choose CSet: 0.8 ms]
      [Ref Proc: 4.1 ms]
      [Ref Enq: 0.1 ms]
      [Free CSet: 5.2 ms]
   [Eden: 896.0M(896.0M)->0.0B(983.0M) Survivors: 128.0M->41.0M Heap: 2213.4M(3072.0M)->1206.9M(3072.0M)]
 [Times: user=0.78 sys=0.00, real=0.40 secs] 
29689.571: [GC pause (mixed)
Desired survivor size 67108864 bytes, new threshold 16 (max 32)
- age   1:   40734664 bytes,   40734664 total
, 0.3266340 secs]
   [Parallel Time: 309.5 ms, GC Workers: 2]
      [GC Worker Start (ms): Min: 29689573.4, Avg: 29689573.4, Max: 29689573.4, Diff: 0.0]
      [Ext Root Scanning (ms): Min: 62.0, Avg: 69.6, Max: 77.2, Diff: 15.2, Sum: 139.2]
      [Update RS (ms): Min: 2.2, Avg: 12.8, Max: 23.3, Diff: 21.1, Sum: 25.5]
         [Processed Buffers: Min: 108, Avg: 144.0, Max: 180, Diff: 72, Sum: 288]
      [Scan RS (ms): Min: 66.7, Avg: 66.7, Max: 66.8, Diff: 0.2, Sum: 133.5]
      [Object Copy (ms): Min: 157.3, Avg: 160.2, Max: 163.1, Diff: 5.8, Sum: 320.4]
      [Termination (ms): Min: 0.0, Avg: 0.0, Max: 0.0, Diff: 0.0, Sum: 0.0]
      [GC Worker Other (ms): Min: 0.1, Avg: 0.1, Max: 0.1, Diff: 0.0, Sum: 0.2]
      [GC Worker Total (ms): Min: 309.4, Avg: 309.4, Max: 309.4, Diff: 0.0, Sum: 618.8]
      [GC Worker End (ms): Min: 29689882.8, Avg: 29689882.8, Max: 29689882.8, Diff: 0.0]
   [Code Root Fixup: 0.0 ms]
   [Clear CT: 1.8 ms]
   [Other: 15.4 ms]
      [Choose CSet: 1.0 ms]
      [Ref Proc: 7.4 ms]
      [Ref Enq: 0.1 ms]
      [Free CSet: 4.8 ms]
   [Eden: 915.0M(983.0M)->0.0B(956.0M) Survivors: 41.0M->68.0M Heap: 2136.0M(3072.0M)->1198.9M(3072.0M)]
 [Times: user=0.64 sys=0.00, real=0.33 secs] 
29694.910: [GC pause (young)
Desired survivor size 67108864 bytes, new threshold 16 (max 32)
- age   1:   35118136 bytes,   35118136 total
- age   2:   31157408 bytes,   66275544 total
, 0.2771760 secs]
   [Parallel Time: 267.5 ms, GC Workers: 2]
      [GC Worker Start (ms): Min: 29694911.1, Avg: 29694912.0, Max: 29694912.9, Diff: 1.7]
      [Ext Root Scanning (ms): Min: 66.6, Avg: 71.5, Max: 76.4, Diff: 9.7, Sum: 143.0]
      [Update RS (ms): Min: 4.5, Avg: 11.6, Max: 18.8, Diff: 14.3, Sum: 23.3]
         [Processed Buffers: Min: 122, Avg: 141.0, Max: 160, Diff: 38, Sum: 282]
      [Scan RS (ms): Min: 36.7, Avg: 36.7, Max: 36.7, Diff: 0.0, Sum: 73.4]
      [Object Copy (ms): Min: 145.1, Avg: 146.5, Max: 148.0, Diff: 2.9, Sum: 293.1]
      [Termination (ms): Min: 0.0, Avg: 0.0, Max: 0.0, Diff: 0.0, Sum: 0.0]
      [GC Worker Other (ms): Min: 0.1, Avg: 0.1, Max: 0.1, Diff: 0.0, Sum: 0.1]
      [GC Worker Total (ms): Min: 265.6, Avg: 266.5, Max: 267.4, Diff: 1.7, Sum: 533.0]
      [GC Worker End (ms): Min: 29695178.5, Avg: 29695178.5, Max: 29695178.5, Diff: 0.0]
   [Code Root Fixup: 0.0 ms]
   [Clear CT: 0.7 ms]
   [Other: 8.9 ms]
      [Choose CSet: 0.0 ms]
      [Ref Proc: 3.9 ms]
      [Ref Enq: 0.1 ms]
      [Free CSet: 3.2 ms]
   [Eden: 735.0M(956.0M)->0.0B(948.0M) Survivors: 68.0M->76.0M Heap: 1960.5M(3072.0M)->1233.1M(3072.0M)]
 [Times: user=0.54 sys=0.00, real=0.28 secs] 
29700.730: [GC pause (young)
Desired survivor size 67108864 bytes, new threshold 3 (max 32)
- age   1:   27845040 bytes,   27845040 total
- age   2:   19411312 bytes,   47256352 total
- age   3:   28817968 bytes,   76074320 total
, 0.3270410 secs]
   [Parallel Time: 315.3 ms, GC Workers: 2]
      [GC Worker Start (ms): Min: 29700731.7, Avg: 29700731.7, Max: 29700731.7, Diff: 0.0]
      [Ext Root Scanning (ms): Min: 62.3, Avg: 71.7, Max: 81.1, Diff: 18.8, Sum: 143.5]
      [Update RS (ms): Min: 26.2, Avg: 38.5, Max: 50.9, Diff: 24.6, Sum: 77.1]
         [Processed Buffers: Min: 111, Avg: 138.5, Max: 166, Diff: 55, Sum: 277]
      [Scan RS (ms): Min: 36.6, Avg: 36.7, Max: 36.8, Diff: 0.2, Sum: 73.4]
      [Object Copy (ms): Min: 165.1, Avg: 168.1, Max: 171.1, Diff: 6.1, Sum: 336.2]
      [Termination (ms): Min: 0.0, Avg: 0.0, Max: 0.0, Diff: 0.0, Sum: 0.0]
      [GC Worker Other (ms): Min: 0.1, Avg: 0.1, Max: 0.1, Diff: 0.0, Sum: 0.2]
      [GC Worker Total (ms): Min: 315.2, Avg: 315.2, Max: 315.2, Diff: 0.0, Sum: 630.3]
      [GC Worker End (ms): Min: 29701046.8, Avg: 29701046.8, Max: 29701046.9, Diff: 0.0]
   [Code Root Fixup: 0.0 ms]
   [Clear CT: 1.0 ms]
   [Other: 10.8 ms]
      [Choose CSet: 0.0 ms]
      [Ref Proc: 5.5 ms]
      [Ref Enq: 0.1 ms]
      [Free CSet: 2.9 ms]
   [Eden: 948.0M(948.0M)->0.0B(968.0M) Survivors: 76.0M->56.0M Heap: 2217.0M(3072.0M)->1273.0M(3072.0M)]
 [Times: user=0.64 sys=0.00, real=0.33 secs] 
29707.495: [GC pause (young)
Desired survivor size 67108864 bytes, new threshold 16 (max 32)
- age   1:   25358928 bytes,   25358928 total
- age   2:   15581936 bytes,   40940864 total
- age   3:   15027048 bytes,   55967912 total
, 0.3219260 secs]
   [Parallel Time: 310.7 ms, GC Workers: 2]
      [GC Worker Start (ms): Min: 29707496.3, Avg: 29707496.3, Max: 29707496.3, Diff: 0.0]
      [Ext Root Scanning (ms): Min: 65.8, Avg: 75.1, Max: 84.3, Diff: 18.5, Sum: 150.1]
      [Update RS (ms): Min: 39.2, Avg: 51.5, Max: 63.9, Diff: 24.7, Sum: 103.1]
         [Processed Buffers: Min: 52, Avg: 175.5, Max: 299, Diff: 247, Sum: 351]
      [Scan RS (ms): Min: 30.8, Avg: 30.9, Max: 31.0, Diff: 0.2, Sum: 61.8]
      [Object Copy (ms): Min: 150.0, Avg: 153.0, Max: 155.9, Diff: 6.0, Sum: 305.9]
      [Termination (ms): Min: 0.0, Avg: 0.0, Max: 0.0, Diff: 0.0, Sum: 0.0]
      [GC Worker Other (ms): Min: 0.1, Avg: 0.1, Max: 0.1, Diff: 0.0, Sum: 0.2]
      [GC Worker Total (ms): Min: 310.6, Avg: 310.6, Max: 310.6, Diff: 0.1, Sum: 621.2]
      [GC Worker End (ms): Min: 29707806.8, Avg: 29707806.9, Max: 29707806.9, Diff: 0.0]
   [Code Root Fixup: 0.0 ms]
   [Clear CT: 0.6 ms]
   [Other: 10.6 ms]
      [Choose CSet: 0.0 ms]
      [Ref Proc: 5.2 ms]
      [Ref Enq: 0.1 ms]
      [Free CSet: 3.0 ms]
   [Eden: 968.0M(968.0M)->0.0B(952.0M) Survivors: 56.0M->72.0M Heap: 2244.0M(3072.0M)->1292.0M(3072.0M)]
 [Times: user=0.63 sys=0.00, real=0.32 secs] 
29714.108: [GC pause (young)
Desired survivor size 67108864 bytes, new threshold 4 (max 32)
- age   1:   30875864 bytes,   30875864 total
- age   2:   14782584 bytes,   45658448 total
- age   3:   12704176 bytes,   58362624 total
- age   4:   13384784 bytes,   71747408 total
, 0.3731500 secs]
   [Parallel Time: 363.2 ms, GC Workers: 2]
      [GC Worker Start (ms): Min: 29714108.5, Avg: 29714108.6, Max: 29714108.6, Diff: 0.0]
      [Ext Root Scanning (ms): Min: 65.4, Avg: 74.7, Max: 84.1, Diff: 18.7, Sum: 149.5]
      [Update RS (ms): Min: 14.7, Avg: 27.6, Max: 40.6, Diff: 26.0, Sum: 55.3]
         [Processed Buffers: Min: 132, Avg: 145.5, Max: 159, Diff: 27, Sum: 291]
      [Scan RS (ms): Min: 41.3, Avg: 41.4, Max: 41.5, Diff: 0.2, Sum: 82.9]
      [Object Copy (ms): Min: 215.6, Avg: 219.1, Max: 222.7, Diff: 7.1, Sum: 438.3]
      [Termination (ms): Min: 0.0, Avg: 0.0, Max: 0.0, Diff: 0.0, Sum: 0.0]
      [GC Worker Other (ms): Min: 0.1, Avg: 0.1, Max: 0.1, Diff: 0.0, Sum: 0.2]
      [GC Worker Total (ms): Min: 363.0, Avg: 363.1, Max: 363.1, Diff: 0.0, Sum: 726.1]
      [GC Worker End (ms): Min: 29714471.6, Avg: 29714471.6, Max: 29714471.6, Diff: 0.0]
   [Code Root Fixup: 0.0 ms]
   [Clear CT: 0.7 ms]
   [Other: 9.2 ms]
      [Choose CSet: 0.0 ms]
      [Ref Proc: 5.0 ms]
      [Ref Enq: 0.1 ms]
      [Free CSet: 2.6 ms]
   [Eden: 952.0M(952.0M)->0.0B(926.0M) Survivors: 72.0M->98.0M Heap: 2300.1M(3072.0M)->1385.1M(3072.0M)]
 [Times: user=0.74 sys=0.00, real=0.38 secs] 
29715.072: [GC pause (young) (initial-mark)
Desired survivor size 67108864 bytes, new threshold 2 (max 32)
- age   1:   60498360 bytes,   60498360 total
- age   2:   19625656 bytes,   80124016 total
- age   3:   10434624 bytes,   90558640 total
- age   4:    8448904 bytes,   99007544 total
, 0.3050560 secs]
   [Parallel Time: 301.3 ms, GC Workers: 2]
      [GC Worker Start (ms): Min: 29715073.1, Avg: 29715073.2, Max: 29715073.2, Diff: 0.0]
      [Ext Root Scanning (ms): Min: 58.8, Avg: 75.0, Max: 91.2, Diff: 32.4, Sum: 150.0]
      [Update RS (ms): Min: 14.8, Avg: 30.7, Max: 46.5, Diff: 31.6, Sum: 61.3]
         [Processed Buffers: Min: 74, Avg: 112.5, Max: 151, Diff: 77, Sum: 225]
      [Scan RS (ms): Min: 13.2, Avg: 13.3, Max: 13.3, Diff: 0.1, Sum: 26.5]
      [Object Copy (ms): Min: 181.7, Avg: 182.1, Max: 182.6, Diff: 0.8, Sum: 364.3]
      [Termination (ms): Min: 0.0, Avg: 0.0, Max: 0.0, Diff: 0.0, Sum: 0.0]
      [GC Worker Other (ms): Min: 0.1, Avg: 0.1, Max: 0.1, Diff: 0.0, Sum: 0.1]
      [GC Worker Total (ms): Min: 301.2, Avg: 301.2, Max: 301.2, Diff: 0.0, Sum: 602.3]
      [GC Worker End (ms): Min: 29715374.3, Avg: 29715374.3, Max: 29715374.3, Diff: 0.0]
   [Code Root Fixup: 0.0 ms]
   [Clear CT: 0.4 ms]
   [Other: 3.4 ms]
      [Choose CSet: 0.0 ms]
      [Ref Proc: 0.5 ms]
      [Ref Enq: 0.0 ms]
      [Free CSet: 0.7 ms]
   [Eden: 142.0M(926.0M)->0.0B(970.0M) Survivors: 98.0M->54.0M Heap: 1527.0M(3072.0M)->1377.6M(3072.0M)]
 [Times: user=0.61 sys=0.00, real=0.30 secs] 
29715.378: [GC concurrent-root-region-scan-start]
29715.591: [GC concurrent-root-region-scan-end, 0.2128920 secs]
29715.591: [GC concurrent-mark-start]
29716.967: [GC concurrent-mark-end, 1.3767240 secs]
29716.970: [GC remark 29716.972: [GC ref-proc, 0.0224960 secs], 0.0940650 secs]
 [Times: user=0.10 sys=0.00, real=0.09 secs] 
29717.066: [GC cleanup 1668M->1350M(3072M), 0.0256040 secs]
 [Times: user=0.05 sys=0.00, real=0.03 secs] 
29717.092: [GC concurrent-cleanup-start]
29717.093: [GC concurrent-cleanup-end, 0.0009500 secs]
29719.915: [GC pause (young)
Desired survivor size 67108864 bytes, new threshold 16 (max 32)
- age   1:   15940848 bytes,   15940848 total
- age   2:   37281152 bytes,   53222000 total
, 0.5614800 secs]
   [Parallel Time: 555.3 ms, GC Workers: 2]
      [GC Worker Start (ms): Min: 29719915.8, Avg: 29719915.8, Max: 29719915.8, Diff: 0.0]
      [Ext Root Scanning (ms): Min: 64.2, Avg: 73.9, Max: 83.6, Diff: 19.4, Sum: 147.8]
      [Update RS (ms): Min: 40.3, Avg: 52.5, Max: 64.8, Diff: 24.5, Sum: 105.1]
         [Processed Buffers: Min: 100, Avg: 165.5, Max: 231, Diff: 131, Sum: 331]
      [Scan RS (ms): Min: 14.2, Avg: 14.6, Max: 14.9, Diff: 0.7, Sum: 29.1]
      [Object Copy (ms): Min: 411.2, Avg: 414.1, Max: 417.0, Diff: 5.8, Sum: 828.1]
      [Termination (ms): Min: 0.0, Avg: 0.0, Max: 0.0, Diff: 0.0, Sum: 0.0]
      [GC Worker Other (ms): Min: 0.1, Avg: 0.1, Max: 0.1, Diff: 0.0, Sum: 0.2]
      [GC Worker Total (ms): Min: 555.1, Avg: 555.2, Max: 555.2, Diff: 0.1, Sum: 1110.3]
      [GC Worker End (ms): Min: 29720470.9, Avg: 29720470.9, Max: 29720471.0, Diff: 0.0]
   [Code Root Fixup: 0.0 ms]
   [Clear CT: 0.8 ms]
   [Other: 5.4 ms]
      [Choose CSet: 0.0 ms]
      [Ref Proc: 1.8 ms]
      [Ref Enq: 0.0 ms]
      [Free CSet: 2.1 ms]
   [Eden: 970.0M(970.0M)->0.0B(896.0M) Survivors: 54.0M->128.0M Heap: 2038.0M(3072.0M)->1169.0M(3072.0M)]
 [Times: user=1.11 sys=0.00, real=0.56 secs] 
29724.636: [GC pause (mixed)
Desired survivor size 67108864 bytes, new threshold 1 (max 32)
- age   1:  130832432 bytes,  130832432 total
- age   2:    6435424 bytes,  137267856 total
- age   3:   22676664 bytes,  159944520 total
, 0.6874250 secs]
   [Parallel Time: 677.7 ms, GC Workers: 2]
      [GC Worker Start (ms): Min: 29724637.4, Avg: 29724637.4, Max: 29724637.5, Diff: 0.0]
      [Ext Root Scanning (ms): Min: 63.6, Avg: 70.8, Max: 77.9, Diff: 14.3, Sum: 141.5]
      [Update RS (ms): Min: 49.5, Avg: 59.4, Max: 69.4, Diff: 19.9, Sum: 118.9]
         [Processed Buffers: Min: 65, Avg: 150.5, Max: 236, Diff: 171, Sum: 301]
      [Scan RS (ms): Min: 73.3, Avg: 73.3, Max: 73.3, Diff: 0.0, Sum: 146.6]
      [Object Copy (ms): Min: 471.2, Avg: 474.0, Max: 476.8, Diff: 5.5, Sum: 948.0]
      [Termination (ms): Min: 0.0, Avg: 0.0, Max: 0.0, Diff: 0.0, Sum: 0.0]
      [GC Worker Other (ms): Min: 0.1, Avg: 0.1, Max: 0.1, Diff: 0.0, Sum: 0.1]
      [GC Worker Total (ms): Min: 677.6, Avg: 677.6, Max: 677.6, Diff: 0.0, Sum: 1355.2]
      [GC Worker End (ms): Min: 29725315.1, Avg: 29725315.1, Max: 29725315.1, Diff: 0.0]
   [Code Root Fixup: 0.0 ms]
   [Clear CT: 1.0 ms]
   [Other: 8.7 ms]
      [Choose CSet: 0.5 ms]
      [Ref Proc: 1.9 ms]
      [Ref Enq: 0.0 ms]
      [Free CSet: 3.8 ms]
   [Eden: 896.0M(896.0M)->0.0B(919.0M) Survivors: 128.0M->105.0M Heap: 2087.7M(3072.0M)->1171.7M(3072.0M)]
 [Times: user=1.36 sys=0.00, real=0.69 secs] 
29729.603: [GC pause (mixed)
Desired survivor size 67108864 bytes, new threshold 1 (max 32)
- age   1:  106481096 bytes,  106481096 total
, 0.7383950 secs]
   [Parallel Time: 725.5 ms, GC Workers: 2]
      [GC Worker Start (ms): Min: 29729605.8, Avg: 29729605.8, Max: 29729605.8, Diff: 0.0]
      [Ext Root Scanning (ms): Min: 57.8, Avg: 71.4, Max: 85.0, Diff: 27.2, Sum: 142.8]
      [Update RS (ms): Min: 71.0, Avg: 82.8, Max: 94.5, Diff: 23.5, Sum: 165.6]
         [Processed Buffers: Min: 57, Avg: 150.0, Max: 243, Diff: 186, Sum: 300]
      [Scan RS (ms): Min: 95.8, Avg: 96.2, Max: 96.5, Diff: 0.7, Sum: 192.3]
      [Object Copy (ms): Min: 473.4, Avg: 474.9, Max: 476.5, Diff: 3.1, Sum: 949.9]
      [Termination (ms): Min: 0.0, Avg: 0.0, Max: 0.0, Diff: 0.0, Sum: 0.0]
      [GC Worker Other (ms): Min: 0.1, Avg: 0.1, Max: 0.2, Diff: 0.1, Sum: 0.3]
      [GC Worker Total (ms): Min: 725.4, Avg: 725.4, Max: 725.4, Diff: 0.1, Sum: 1450.8]
      [GC Worker End (ms): Min: 29730331.1, Avg: 29730331.2, Max: 29730331.2, Diff: 0.0]
   [Code Root Fixup: 0.0 ms]
   [Clear CT: 1.3 ms]
   [Other: 11.6 ms]
      [Choose CSet: 0.8 ms]
      [Ref Proc: 2.5 ms]
      [Ref Enq: 0.0 ms]
      [Free CSet: 4.6 ms]
   [Eden: 919.0M(919.0M)->0.0B(921.0M) Survivors: 105.0M->103.0M Heap: 2116.9M(3072.0M)->1194.9M(3072.0M)]
 [Times: user=1.45 sys=0.00, real=0.73 secs] 
29736.245: [GC pause (mixed)
Desired survivor size 67108864 bytes, new threshold 1 (max 32)
- age   1:  104414088 bytes,  104414088 total
, 0.5635280 secs]
   [Parallel Time: 546.0 ms, GC Workers: 2]
      [GC Worker Start (ms): Min: 29736248.1, Avg: 29736248.3, Max: 29736248.5, Diff: 0.3]
      [Ext Root Scanning (ms): Min: 64.9, Avg: 72.3, Max: 79.7, Diff: 14.9, Sum: 144.6]
      [Update RS (ms): Min: 37.5, Avg: 47.2, Max: 56.9, Diff: 19.4, Sum: 94.3]
         [Processed Buffers: Min: 159, Avg: 175.0, Max: 191, Diff: 32, Sum: 350]
      [Scan RS (ms): Min: 118.3, Avg: 118.8, Max: 119.4, Diff: 1.0, Sum: 237.7]
      [Object Copy (ms): Min: 304.4, Avg: 307.3, Max: 310.3, Diff: 5.9, Sum: 614.6]
      [Termination (ms): Min: 0.0, Avg: 0.0, Max: 0.0, Diff: 0.0, Sum: 0.0]
      [GC Worker Other (ms): Min: 0.1, Avg: 0.1, Max: 0.1, Diff: 0.0, Sum: 0.2]
      [GC Worker Total (ms): Min: 545.6, Avg: 545.8, Max: 545.9, Diff: 0.4, Sum: 1091.5]
      [GC Worker End (ms): Min: 29736794.0, Avg: 29736794.1, Max: 29736794.1, Diff: 0.0]
   [Code Root Fixup: 0.0 ms]
   [Clear CT: 1.6 ms]
   [Other: 16.0 ms]
      [Choose CSet: 1.3 ms]
      [Ref Proc: 4.0 ms]
      [Ref Enq: 0.1 ms]
      [Free CSet: 7.0 ms]
   [Eden: 921.0M(921.0M)->0.0B(985.0M) Survivors: 103.0M->39.0M Heap: 2131.4M(3072.0M)->1124.9M(3072.0M)]
 [Times: user=1.10 sys=0.00, real=0.56 secs] 
29744.683: [GC pause (mixed)
Desired survivor size 67108864 bytes, new threshold 16 (max 32)
- age   1:   39456416 bytes,   39456416 total
, 0.4417910 secs]
   [Parallel Time: 425.8 ms, GC Workers: 2]
      [GC Worker Start (ms): Min: 29744686.2, Avg: 29744686.3, Max: 29744686.3, Diff: 0.0]
      [Ext Root Scanning (ms): Min: 59.9, Avg: 72.9, Max: 86.0, Diff: 26.1, Sum: 145.9]
      [Update RS (ms): Min: 43.0, Avg: 54.3, Max: 65.5, Diff: 22.5, Sum: 108.6]
         [Processed Buffers: Min: 154, Avg: 156.5, Max: 159, Diff: 5, Sum: 313]
      [Scan RS (ms): Min: 86.3, Avg: 86.3, Max: 86.4, Diff: 0.1, Sum: 172.6]
      [Object Copy (ms): Min: 210.3, Avg: 212.0, Max: 213.8, Diff: 3.5, Sum: 424.1]
      [Termination (ms): Min: 0.0, Avg: 0.0, Max: 0.0, Diff: 0.0, Sum: 0.0]
      [GC Worker Other (ms): Min: 0.1, Avg: 0.1, Max: 0.1, Diff: 0.0, Sum: 0.2]
      [GC Worker Total (ms): Min: 425.7, Avg: 425.7, Max: 425.7, Diff: 0.0, Sum: 851.4]
      [GC Worker End (ms): Min: 29745111.9, Avg: 29745112.0, Max: 29745112.0, Diff: 0.0]
   [Code Root Fixup: 0.0 ms]
   [Clear CT: 0.8 ms]
   [Other: 15.2 ms]
      [Choose CSet: 0.7 ms]
      [Ref Proc: 5.2 ms]
      [Ref Enq: 0.1 ms]
      [Free CSet: 6.1 ms]
   [Eden: 985.0M(985.0M)->0.0B(942.0M) Survivors: 39.0M->82.0M Heap: 2152.8M(3072.0M)->1176.3M(3072.0M)]
 [Times: user=0.87 sys=0.00, real=0.45 secs] 
29752.369: [GC pause (young)
Desired survivor size 67108864 bytes, new threshold 2 (max 32)
- age   1:   45230424 bytes,   45230424 total
- age   2:   36688360 bytes,   81918784 total
, 0.4696770 secs]
   [Parallel Time: 456.9 ms, GC Workers: 2]
      [GC Worker Start (ms): Min: 29752370.3, Avg: 29752370.3, Max: 29752370.3, Diff: 0.0]
      [Ext Root Scanning (ms): Min: 64.1, Avg: 72.3, Max: 80.4, Diff: 16.3, Sum: 144.5]
      [Update RS (ms): Min: 48.0, Avg: 58.7, Max: 69.5, Diff: 21.5, Sum: 117.5]
         [Processed Buffers: Min: 98, Avg: 157.5, Max: 217, Diff: 119, Sum: 315]
      [Scan RS (ms): Min: 74.4, Avg: 74.5, Max: 74.5, Diff: 0.2, Sum: 148.9]
      [Object Copy (ms): Min: 248.6, Avg: 251.2, Max: 253.9, Diff: 5.3, Sum: 502.5]
      [Termination (ms): Min: 0.0, Avg: 0.0, Max: 0.0, Diff: 0.0, Sum: 0.0]
      [GC Worker Other (ms): Min: 0.1, Avg: 0.1, Max: 0.1, Diff: 0.0, Sum: 0.2]
      [GC Worker Total (ms): Min: 456.8, Avg: 456.8, Max: 456.8, Diff: 0.0, Sum: 913.6]
      [GC Worker End (ms): Min: 29752827.1, Avg: 29752827.1, Max: 29752827.1, Diff: 0.0]
   [Code Root Fixup: 0.0 ms]
   [Clear CT: 0.8 ms]
   [Other: 12.0 ms]
      [Choose CSet: 0.0 ms]
      [Ref Proc: 4.5 ms]
      [Ref Enq: 0.1 ms]
      [Free CSet: 4.6 ms]
   [Eden: 942.0M(942.0M)->0.0B(947.0M) Survivors: 82.0M->77.0M Heap: 2140.4M(3072.0M)->1226.9M(3072.0M)]
 [Times: user=0.93 sys=0.00, real=0.47 secs] 
29757.334: [GC pause (young)
Desired survivor size 67108864 bytes, new threshold 2 (max 32)
- age   1:   40674264 bytes,   40674264 total
- age   2:   37085440 bytes,   77759704 total
, 0.3861300 secs]
   [Parallel Time: 374.8 ms, GC Workers: 2]
      [GC Worker Start (ms): Min: 29757335.8, Avg: 29757335.8, Max: 29757335.8, Diff: 0.0]
      [Ext Root Scanning (ms): Min: 63.2, Avg: 71.7, Max: 80.2, Diff: 16.9, Sum: 143.4]
      [Update RS (ms): Min: 6.7, Avg: 18.1, Max: 29.4, Diff: 22.7, Sum: 36.1]
         [Processed Buffers: Min: 81, Avg: 145.5, Max: 210, Diff: 129, Sum: 291]
      [Scan RS (ms): Min: 62.9, Avg: 62.9, Max: 63.0, Diff: 0.1, Sum: 125.9]
      [Object Copy (ms): Min: 218.9, Avg: 221.7, Max: 224.5, Diff: 5.6, Sum: 443.4]
      [Termination (ms): Min: 0.0, Avg: 0.0, Max: 0.0, Diff: 0.0, Sum: 0.0]
      [GC Worker Other (ms): Min: 0.1, Avg: 0.1, Max: 0.1, Diff: 0.0, Sum: 0.1]
      [GC Worker Total (ms): Min: 374.5, Avg: 374.5, Max: 374.5, Diff: 0.0, Sum: 748.9]
      [GC Worker End (ms): Min: 29757710.2, Avg: 29757710.2, Max: 29757710.2, Diff: 0.0]
   [Code Root Fixup: 0.0 ms]
   [Clear CT: 0.7 ms]
   [Other: 10.7 ms]
      [Choose CSet: 0.0 ms]
      [Ref Proc: 3.0 ms]
      [Ref Enq: 0.0 ms]
      [Free CSet: 5.2 ms]
   [Eden: 773.0M(947.0M)->0.0B(955.0M) Survivors: 77.0M->69.0M Heap: 2032.2M(3072.0M)->1285.8M(3072.0M)]
 [Times: user=0.76 sys=0.00, real=0.39 secs] 
29763.412: [GC pause (young)
Desired survivor size 67108864 bytes, new threshold 2 (max 32)
- age   1:   35572368 bytes,   35572368 total
- age   2:   33733736 bytes,   69306104 total
, 0.4725340 secs]
   [Parallel Time: 458.4 ms, GC Workers: 2]
      [GC Worker Start (ms): Min: 29763414.0, Avg: 29763414.0, Max: 29763414.1, Diff: 0.1]
      [Ext Root Scanning (ms): Min: 70.1, Avg: 77.2, Max: 84.4, Diff: 14.3, Sum: 154.4]
      [Update RS (ms): Min: 47.8, Avg: 57.7, Max: 67.5, Diff: 19.7, Sum: 115.4]
         [Processed Buffers: Min: 147, Avg: 149.5, Max: 152, Diff: 5, Sum: 299]
      [Scan RS (ms): Min: 74.6, Avg: 74.7, Max: 74.7, Diff: 0.1, Sum: 149.3]
      [Object Copy (ms): Min: 245.8, Avg: 248.5, Max: 251.3, Diff: 5.6, Sum: 497.1]
      [Termination (ms): Min: 0.0, Avg: 0.0, Max: 0.0, Diff: 0.0, Sum: 0.0]
      [GC Worker Other (ms): Min: 0.1, Avg: 0.1, Max: 0.1, Diff: 0.0, Sum: 0.2]
      [GC Worker Total (ms): Min: 458.2, Avg: 458.2, Max: 458.3, Diff: 0.1, Sum: 916.4]
      [GC Worker End (ms): Min: 29763872.3, Avg: 29763872.3, Max: 29763872.3, Diff: 0.0]
   [Code Root Fixup: 0.0 ms]
   [Clear CT: 0.8 ms]
   [Other: 13.3 ms]
      [Choose CSet: 0.0 ms]
      [Ref Proc: 4.4 ms]
      [Ref Enq: 0.1 ms]
      [Free CSet: 6.0 ms]
   [Eden: 955.0M(955.0M)->0.0B(953.0M) Survivors: 69.0M->71.0M Heap: 2258.5M(3072.0M)->1337.0M(3072.0M)]
 [Times: user=0.92 sys=0.01, real=0.47 secs] 
29770.210: [GC pause (young)
Desired survivor size 67108864 bytes, new threshold 2 (max 32)
- age   1:   40837904 bytes,   40837904 total
- age   2:   30916864 bytes,   71754768 total
, 0.5272390 secs]
   [Parallel Time: 513.5 ms, GC Workers: 2]
      [GC Worker Start (ms): Min: 29770211.5, Avg: 29770211.5, Max: 29770211.6, Diff: 0.1]
      [Ext Root Scanning (ms): Min: 64.1, Avg: 70.9, Max: 77.6, Diff: 13.5, Sum: 141.8]
      [Update RS (ms): Min: 48.8, Avg: 58.1, Max: 67.5, Diff: 18.7, Sum: 116.3]
         [Processed Buffers: Min: 120, Avg: 169.5, Max: 219, Diff: 99, Sum: 339]
      [Scan RS (ms): Min: 104.9, Avg: 105.0, Max: 105.1, Diff: 0.3, Sum: 210.0]
      [Object Copy (ms): Min: 276.7, Avg: 279.1, Max: 281.5, Diff: 4.8, Sum: 558.2]
      [Termination (ms): Min: 0.0, Avg: 0.0, Max: 0.0, Diff: 0.0, Sum: 0.0]
      [GC Worker Other (ms): Min: 0.1, Avg: 0.1, Max: 0.1, Diff: 0.1, Sum: 0.2]
      [GC Worker Total (ms): Min: 513.2, Avg: 513.2, Max: 513.3, Diff: 0.1, Sum: 1026.4]
      [GC Worker End (ms): Min: 29770724.7, Avg: 29770724.7, Max: 29770724.8, Diff: 0.1]
   [Code Root Fixup: 0.0 ms]
   [Clear CT: 0.6 ms]
   [Other: 13.1 ms]
      [Choose CSet: 0.0 ms]
      [Ref Proc: 4.2 ms]
      [Ref Enq: 0.1 ms]
      [Free CSet: 5.9 ms]
   [Eden: 953.0M(953.0M)->0.0B(943.0M) Survivors: 71.0M->81.0M Heap: 2303.0M(3072.0M)->1386.3M(3072.0M)]
 [Times: user=1.03 sys=0.00, real=0.52 secs] 
29770.778: [GC pause (young) (initial-mark)
Desired survivor size 67108864 bytes, new threshold 2 (max 32)
- age   1:   46066888 bytes,   46066888 total
- age   2:   36655864 bytes,   82722752 total
, 0.4748740 secs]
   [Parallel Time: 471.9 ms, GC Workers: 2]
      [GC Worker Start (ms): Min: 29770778.6, Avg: 29770778.6, Max: 29770778.6, Diff: 0.0]
      [Ext Root Scanning (ms): Min: 58.3, Avg: 73.9, Max: 89.4, Diff: 31.0, Sum: 147.7]
      [Update RS (ms): Min: 179.2, Avg: 195.0, Max: 210.8, Diff: 31.6, Sum: 390.0]
         [Processed Buffers: Min: 222, Avg: 233.0, Max: 244, Diff: 22, Sum: 466]
      [Scan RS (ms): Min: 4.5, Avg: 4.5, Max: 4.5, Diff: 0.0, Sum: 9.0]
      [Object Copy (ms): Min: 198.1, Avg: 198.4, Max: 198.7, Diff: 0.6, Sum: 396.8]
      [Termination (ms): Min: 0.0, Avg: 0.0, Max: 0.0, Diff: 0.0, Sum: 0.0]
      [GC Worker Other (ms): Min: 0.1, Avg: 0.1, Max: 0.1, Diff: 0.0, Sum: 0.1]
      [GC Worker Total (ms): Min: 471.9, Avg: 471.9, Max: 471.9, Diff: 0.0, Sum: 943.7]
      [GC Worker End (ms): Min: 29771250.5, Avg: 29771250.5, Max: 29771250.5, Diff: 0.0]
   [Code Root Fixup: 0.0 ms]
   [Clear CT: 0.1 ms]
   [Other: 2.8 ms]
      [Choose CSet: 0.0 ms]
      [Ref Proc: 0.1 ms]
      [Ref Enq: 0.0 ms]
      [Free CSet: 0.3 ms]
   [Eden: 7168.0K(943.0M)->0.0B(978.0M) Survivors: 81.0M->46.0M Heap: 1393.2M(3072.0M)->1386.8M(3072.0M)]
 [Times: user=0.95 sys=0.00, real=0.48 secs] 
29771.253: [GC concurrent-root-region-scan-start]
29771.605: [GC concurrent-root-region-scan-end, 0.3514670 secs]
29771.605: [GC concurrent-mark-start]
29774.425: [GC concurrent-mark-end, 2.8197640 secs]
29774.426: [GC remark 29774.428: [GC ref-proc, 0.3919760 secs], 0.4740810 secs]
 [Times: user=0.48 sys=0.00, real=0.48 secs] 
29774.905: [GC cleanup 1912M->1704M(3072M), 0.0286240 secs]
 [Times: user=0.05 sys=0.00, real=0.03 secs] 
29774.934: [GC concurrent-cleanup-start]
29774.934: [GC concurrent-cleanup-end, 0.0005470 secs]
29777.210: [GC pause (young)
Desired survivor size 67108864 bytes, new threshold 16 (max 32)
- age   1:    1649248 bytes,    1649248 total
- age   2:   45509608 bytes,   47158856 total
, 0.4097200 secs]
   [Parallel Time: 394.8 ms, GC Workers: 2]
      [GC Worker Start (ms): Min: 29777211.5, Avg: 29777211.5, Max: 29777211.5, Diff: 0.0]
      [Ext Root Scanning (ms): Min: 64.0, Avg: 74.4, Max: 84.8, Diff: 20.8, Sum: 148.8]
      [Update RS (ms): Min: 33.9, Avg: 46.9, Max: 59.9, Diff: 26.0, Sum: 93.8]
         [Processed Buffers: Min: 46, Avg: 140.5, Max: 235, Diff: 189, Sum: 281]
      [Scan RS (ms): Min: 71.4, Avg: 71.5, Max: 71.6, Diff: 0.2, Sum: 143.0]
      [Object Copy (ms): Min: 199.0, Avg: 201.7, Max: 204.5, Diff: 5.5, Sum: 403.5]
      [Termination (ms): Min: 0.0, Avg: 0.0, Max: 0.0, Diff: 0.0, Sum: 0.0]
      [GC Worker Other (ms): Min: 0.1, Avg: 0.1, Max: 0.1, Diff: 0.0, Sum: 0.2]
      [GC Worker Total (ms): Min: 394.7, Avg: 394.7, Max: 394.7, Diff: 0.0, Sum: 789.3]
      [GC Worker End (ms): Min: 29777606.2, Avg: 29777606.2, Max: 29777606.2, Diff: 0.0]
   [Code Root Fixup: 0.0 ms]
   [Clear CT: 0.7 ms]
   [Other: 14.2 ms]
      [Choose CSet: 0.0 ms]
      [Ref Proc: 5.8 ms]
      [Ref Enq: 0.1 ms]
      [Free CSet: 5.8 ms]
   [Eden: 978.0M(978.0M)->0.0B(943.0M) Survivors: 46.0M->81.0M Heap: 2159.6M(3072.0M)->1216.6M(3072.0M)]
 [Times: user=0.80 sys=0.00, real=0.41 secs] 
29782.442: [GC pause (mixed)
Desired survivor size 67108864 bytes, new threshold 3 (max 32)
- age   1:   41737192 bytes,   41737192 total
- age   2:     150408 bytes,   41887600 total
- age   3:   39594288 bytes,   81481888 total
, 0.4709910 secs]
   [Parallel Time: 457.7 ms, GC Workers: 2]
      [GC Worker Start (ms): Min: 29782444.7, Avg: 29782444.7, Max: 29782444.7, Diff: 0.0]
      [Ext Root Scanning (ms): Min: 67.6, Avg: 75.2, Max: 82.7, Diff: 15.1, Sum: 150.4]
      [Update RS (ms): Min: 30.3, Avg: 41.2, Max: 52.1, Diff: 21.8, Sum: 82.4]
         [Processed Buffers: Min: 80, Avg: 136.0, Max: 192, Diff: 112, Sum: 272]
      [Scan RS (ms): Min: 92.1, Avg: 92.1, Max: 92.1, Diff: 0.0, Sum: 184.1]
      [Object Copy (ms): Min: 245.6, Avg: 248.9, Max: 252.3, Diff: 6.7, Sum: 497.9]
      [Termination (ms): Min: 0.0, Avg: 0.0, Max: 0.0, Diff: 0.0, Sum: 0.0]
      [GC Worker Other (ms): Min: 0.1, Avg: 0.1, Max: 0.1, Diff: 0.0, Sum: 0.2]
      [GC Worker Total (ms): Min: 457.5, Avg: 457.5, Max: 457.5, Diff: 0.1, Sum: 915.0]
      [GC Worker End (ms): Min: 29782902.2, Avg: 29782902.2, Max: 29782902.2, Diff: 0.0]
   [Code Root Fixup: 0.0 ms]
   [Clear CT: 1.0 ms]
   [Other: 12.3 ms]
      [Choose CSet: 0.7 ms]
      [Ref Proc: 3.3 ms]
      [Ref Enq: 0.1 ms]
      [Free CSet: 5.4 ms]
   [Eden: 943.0M(943.0M)->0.0B(952.0M) Survivors: 81.0M->72.0M Heap: 2187.0M(3072.0M)->1197.5M(3072.0M)]
 [Times: user=0.93 sys=0.01, real=0.47 secs] 
29788.294: [GC pause (mixed)
Desired survivor size 67108864 bytes, new threshold 2 (max 32)
- age   1:   36055792 bytes,   36055792 total
- age   2:   36271336 bytes,   72327128 total
- age   3:     149888 bytes,   72477016 total
, 0.4919610 secs]
   [Parallel Time: 476.2 ms, GC Workers: 2]
      [GC Worker Start (ms): Min: 29788296.6, Avg: 29788296.6, Max: 29788296.6, Diff: 0.0]
      [Ext Root Scanning (ms): Min: 59.7, Avg: 75.2, Max: 90.6, Diff: 31.0, Sum: 150.3]
      [Update RS (ms): Min: 32.3, Avg: 46.1, Max: 60.0, Diff: 27.6, Sum: 92.3]
         [Processed Buffers: Min: 118, Avg: 139.0, Max: 160, Diff: 42, Sum: 278]
      [Scan RS (ms): Min: 104.0, Avg: 104.2, Max: 104.3, Diff: 0.3, Sum: 208.3]
      [Object Copy (ms): Min: 248.7, Avg: 250.5, Max: 252.4, Diff: 3.7, Sum: 501.1]
      [Termination (ms): Min: 0.0, Avg: 0.0, Max: 0.0, Diff: 0.0, Sum: 0.0]
      [GC Worker Other (ms): Min: 0.1, Avg: 0.1, Max: 0.1, Diff: 0.0, Sum: 0.2]
      [GC Worker Total (ms): Min: 476.1, Avg: 476.1, Max: 476.1, Diff: 0.0, Sum: 952.2]
      [GC Worker End (ms): Min: 29788772.7, Avg: 29788772.7, Max: 29788772.7, Diff: 0.0]
   [Code Root Fixup: 0.0 ms]
   [Clear CT: 0.9 ms]
   [Other: 14.9 ms]
      [Choose CSet: 1.0 ms]
      [Ref Proc: 4.6 ms]
      [Ref Enq: 0.1 ms]
      [Free CSet: 6.3 ms]
   [Eden: 952.0M(952.0M)->0.0B(958.0M) Survivors: 72.0M->66.0M Heap: 2159.0M(3072.0M)->1163.5M(3072.0M)]
 [Times: user=0.96 sys=0.00, real=0.49 secs] 
29794.661: [GC pause (mixed)
Desired survivor size 67108864 bytes, new threshold 16 (max 32)
- age   1:   36055664 bytes,   36055664 total
- age   2:   30309080 bytes,   66364744 total
, 0.3839090 secs]
   [Parallel Time: 372.1 ms, GC Workers: 2]
      [GC Worker Start (ms): Min: 29794662.7, Avg: 29794662.7, Max: 29794662.8, Diff: 0.0]
      [Ext Root Scanning (ms): Min: 59.0, Avg: 72.8, Max: 86.5, Diff: 27.4, Sum: 145.5]
      [Update RS (ms): Min: 18.8, Avg: 31.1, Max: 43.5, Diff: 24.7, Sum: 62.2]
         [Processed Buffers: Min: 149, Avg: 158.0, Max: 167, Diff: 18, Sum: 316]
      [Scan RS (ms): Min: 63.1, Avg: 63.2, Max: 63.3, Diff: 0.2, Sum: 126.4]
      [Object Copy (ms): Min: 203.5, Avg: 204.7, Max: 205.9, Diff: 2.4, Sum: 409.4]
      [Termination (ms): Min: 0.0, Avg: 0.0, Max: 0.0, Diff: 0.0, Sum: 0.0]
      [GC Worker Other (ms): Min: 0.1, Avg: 0.1, Max: 0.1, Diff: 0.0, Sum: 0.2]
      [GC Worker Total (ms): Min: 371.9, Avg: 371.9, Max: 372.0, Diff: 0.1, Sum: 743.9]
      [GC Worker End (ms): Min: 29795034.7, Avg: 29795034.7, Max: 29795034.7, Diff: 0.0]
   [Code Root Fixup: 0.0 ms]
   [Clear CT: 0.9 ms]
   [Other: 10.9 ms]
      [Choose CSet: 0.2 ms]
      [Ref Proc: 3.2 ms]
      [Ref Enq: 0.0 ms]
      [Free CSet: 5.1 ms]
   [Eden: 958.0M(958.0M)->0.0B(929.0M) Survivors: 66.0M->95.0M Heap: 2156.5M(3072.0M)->1221.0M(3072.0M)]
 [Times: user=0.75 sys=0.00, real=0.39 secs] 
29800.569: [GC pause (young)
Desired survivor size 67108864 bytes, new threshold 2 (max 32)
- age   1:   51992704 bytes,   51992704 total
- age   2:   23878264 bytes,   75870968 total
- age   3:   21552072 bytes,   97423040 total
, 0.5761260 secs]
   [Parallel Time: 568.3 ms, GC Workers: 2]
      [GC Worker Start (ms): Min: 29800569.5, Avg: 29800569.5, Max: 29800569.5, Diff: 0.0]
      [Ext Root Scanning (ms): Min: 62.0, Avg: 70.4, Max: 78.8, Diff: 16.9, Sum: 140.8]
      [Update RS (ms): Min: 28.5, Avg: 39.5, Max: 50.5, Diff: 22.0, Sum: 79.0]
         [Processed Buffers: Min: 55, Avg: 145.0, Max: 235, Diff: 180, Sum: 290]
      [Scan RS (ms): Min: 101.4, Avg: 101.5, Max: 101.5, Diff: 0.1, Sum: 202.9]
      [Object Copy (ms): Min: 354.2, Avg: 356.7, Max: 359.3, Diff: 5.2, Sum: 713.5]
      [Termination (ms): Min: 0.0, Avg: 0.0, Max: 0.0, Diff: 0.0, Sum: 0.0]
      [GC Worker Other (ms): Min: 0.1, Avg: 0.1, Max: 0.1, Diff: 0.0, Sum: 0.3]
      [GC Worker Total (ms): Min: 568.2, Avg: 568.2, Max: 568.3, Diff: 0.0, Sum: 1136.5]
      [GC Worker End (ms): Min: 29801137.7, Avg: 29801137.7, Max: 29801137.7, Diff: 0.0]
   [Code Root Fixup: 0.0 ms]
   [Clear CT: 0.9 ms]
   [Other: 6.9 ms]
      [Choose CSet: 0.0 ms]
      [Ref Proc: 2.3 ms]
      [Ref Enq: 0.0 ms]
      [Free CSet: 2.5 ms]
   [Eden: 929.0M(929.0M)->0.0B(901.0M) Survivors: 95.0M->123.0M Heap: 2291.4M(3072.0M)->1430.4M(3072.0M)]
 [Times: user=1.10 sys=0.04, real=0.58 secs] 
29801.467: [GC pause (young) (initial-mark)
Desired survivor size 67108864 bytes, new threshold 1 (max 32)
- age   1:   90139424 bytes,   90139424 total
- age   2:   36076128 bytes,  126215552 total
, 0.3965580 secs]
   [Parallel Time: 391.9 ms, GC Workers: 2]
      [GC Worker Start (ms): Min: 29801467.6, Avg: 29801467.6, Max: 29801467.6, Diff: 0.0]
      [Ext Root Scanning (ms): Min: 60.2, Avg: 76.4, Max: 92.6, Diff: 32.4, Sum: 152.8]
      [Update RS (ms): Min: 17.6, Avg: 32.5, Max: 47.4, Diff: 29.8, Sum: 65.0]
         [Processed Buffers: Min: 55, Avg: 114.5, Max: 174, Diff: 119, Sum: 229]
      [Scan RS (ms): Min: 15.7, Avg: 15.7, Max: 15.8, Diff: 0.0, Sum: 31.5]
      [Object Copy (ms): Min: 265.3, Avg: 266.6, Max: 268.0, Diff: 2.7, Sum: 533.3]
      [Termination (ms): Min: 0.0, Avg: 0.0, Max: 0.0, Diff: 0.0, Sum: 0.0]
      [GC Worker Other (ms): Min: 0.1, Avg: 0.2, Max: 0.2, Diff: 0.1, Sum: 0.3]
      [GC Worker Total (ms): Min: 391.4, Avg: 391.5, Max: 391.5, Diff: 0.1, Sum: 782.9]
      [GC Worker End (ms): Min: 29801859.0, Avg: 29801859.0, Max: 29801859.1, Diff: 0.1]
   [Code Root Fixup: 0.0 ms]
   [Clear CT: 0.4 ms]
   [Other: 4.3 ms]
      [Choose CSet: 0.0 ms]
      [Ref Proc: 0.6 ms]
      [Ref Enq: 0.0 ms]
      [Free CSet: 0.6 ms]
   [Eden: 58.0M(901.0M)->0.0B(1012.0M) Survivors: 123.0M->12.0M Heap: 1487.7M(3072.0M)->1437.9M(3072.0M)]
 [Times: user=0.79 sys=0.00, real=0.39 secs] 
29801.864: [GC concurrent-root-region-scan-start]
29801.896: [GC concurrent-root-region-scan-end, 0.0325890 secs]
29801.896: [GC concurrent-mark-start]
29803.662: [GC concurrent-mark-end, 1.7656560 secs]
29803.665: [GC remark 29803.666: [GC ref-proc, 0.0225840 secs], 0.0963470 secs]
 [Times: user=0.10 sys=0.00, real=0.09 secs] 
29803.762: [GC cleanup 1767M->1440M(3072M), 0.0285400 secs]
 [Times: user=0.06 sys=0.00, real=0.03 secs] 
29803.792: [GC concurrent-cleanup-start]
29803.793: [GC concurrent-cleanup-end, 0.0008930 secs]
29807.655: [GC pause (young)
Desired survivor size 67108864 bytes, new threshold 16 (max 32)
- age   1:   11662752 bytes,   11662752 total
, 0.4437650 secs]
   [Parallel Time: 434.4 ms, GC Workers: 2]
      [GC Worker Start (ms): Min: 29807655.7, Avg: 29807655.7, Max: 29807655.8, Diff: 0.0]
      [Ext Root Scanning (ms): Min: 66.3, Avg: 74.8, Max: 83.4, Diff: 17.1, Sum: 149.7]
      [Update RS (ms): Min: 25.5, Avg: 37.5, Max: 49.6, Diff: 24.1, Sum: 75.1]
         [Processed Buffers: Min: 118, Avg: 141.0, Max: 164, Diff: 46, Sum: 282]
      [Scan RS (ms): Min: 103.8, Avg: 104.2, Max: 104.7, Diff: 0.9, Sum: 208.5]
      [Object Copy (ms): Min: 214.5, Avg: 217.5, Max: 220.5, Diff: 6.0, Sum: 435.1]
      [Termination (ms): Min: 0.0, Avg: 0.0, Max: 0.0, Diff: 0.0, Sum: 0.0]
      [GC Worker Other (ms): Min: 0.1, Avg: 0.1, Max: 0.1, Diff: 0.0, Sum: 0.2]
      [GC Worker Total (ms): Min: 434.2, Avg: 434.2, Max: 434.3, Diff: 0.1, Sum: 868.5]
      [GC Worker End (ms): Min: 29808090.0, Avg: 29808090.0, Max: 29808090.0, Diff: 0.0]
   [Code Root Fixup: 0.0 ms]
   [Clear CT: 0.7 ms]
   [Other: 8.7 ms]
      [Choose CSet: 0.0 ms]
      [Ref Proc: 3.5 ms]
      [Ref Enq: 0.1 ms]
      [Free CSet: 3.1 ms]
   [Eden: 1012.0M(1012.0M)->0.0B(928.0M) Survivors: 12.0M->96.0M Heap: 2142.2M(3072.0M)->1213.7M(3072.0M)]
 [Times: user=0.85 sys=0.02, real=0.45 secs] 
29814.174: [GC pause (mixed)
Desired survivor size 67108864 bytes, new threshold 1 (max 32)
- age   1:   91080688 bytes,   91080688 total
- age   2:    6186488 bytes,   97267176 total
, 0.4086190 secs]
   [Parallel Time: 394.7 ms, GC Workers: 2]
      [GC Worker Start (ms): Min: 29814175.5, Avg: 29814175.5, Max: 29814175.6, Diff: 0.1]
      [Ext Root Scanning (ms): Min: 63.2, Avg: 76.8, Max: 90.4, Diff: 27.2, Sum: 153.7]
      [Update RS (ms): Min: 4.5, Avg: 16.9, Max: 29.4, Diff: 25.0, Sum: 33.9]
         [Processed Buffers: Min: 106, Avg: 155.0, Max: 204, Diff: 98, Sum: 310]
      [Scan RS (ms): Min: 95.7, Avg: 95.7, Max: 95.8, Diff: 0.1, Sum: 191.5]
      [Object Copy (ms): Min: 203.8, Avg: 205.0, Max: 206.1, Diff: 2.3, Sum: 410.0]
      [Termination (ms): Min: 0.0, Avg: 0.0, Max: 0.0, Diff: 0.0, Sum: 0.0]
      [GC Worker Other (ms): Min: 0.1, Avg: 0.1, Max: 0.1, Diff: 0.0, Sum: 0.2]
      [GC Worker Total (ms): Min: 394.5, Avg: 394.6, Max: 394.6, Diff: 0.1, Sum: 789.1]
      [GC Worker End (ms): Min: 29814570.1, Avg: 29814570.1, Max: 29814570.1, Diff: 0.0]
   [Code Root Fixup: 0.0 ms]
   [Clear CT: 1.0 ms]
   [Other: 13.0 ms]
      [Choose CSet: 0.6 ms]
      [Ref Proc: 5.7 ms]
      [Ref Enq: 0.1 ms]
      [Free CSet: 3.7 ms]
   [Eden: 928.0M(928.0M)->0.0B(1004.0M) Survivors: 96.0M->20.0M Heap: 2195.6M(3072.0M)->1180.1M(3072.0M)]
 [Times: user=0.81 sys=0.00, real=0.41 secs] 
29822.638: [GC pause (mixed)
Desired survivor size 67108864 bytes, new threshold 16 (max 32)
- age   1:   18070240 bytes,   18070240 total
, 0.3472790 secs]
   [Parallel Time: 325.8 ms, GC Workers: 2]
      [GC Worker Start (ms): Min: 29822641.7, Avg: 29822641.7, Max: 29822641.7, Diff: 0.0]
      [Ext Root Scanning (ms): Min: 63.2, Avg: 72.2, Max: 81.3, Diff: 18.1, Sum: 144.5]
      [Update RS (ms): Min: 25.8, Avg: 37.5, Max: 49.2, Diff: 23.5, Sum: 75.0]
         [Processed Buffers: Min: 154, Avg: 161.5, Max: 169, Diff: 15, Sum: 323]
      [Scan RS (ms): Min: 80.9, Avg: 81.0, Max: 81.0, Diff: 0.1, Sum: 161.9]
      [Object Copy (ms): Min: 132.1, Avg: 134.8, Max: 137.4, Diff: 5.3, Sum: 269.5]
      [Termination (ms): Min: 0.0, Avg: 0.0, Max: 0.0, Diff: 0.0, Sum: 0.0]
      [GC Worker Other (ms): Min: 0.1, Avg: 0.1, Max: 0.1, Diff: 0.0, Sum: 0.2]
      [GC Worker Total (ms): Min: 325.5, Avg: 325.5, Max: 325.6, Diff: 0.0, Sum: 651.1]
      [GC Worker End (ms): Min: 29822967.2, Avg: 29822967.2, Max: 29822967.2, Diff: 0.0]
   [Code Root Fixup: 0.0 ms]
   [Clear CT: 1.0 ms]
   [Other: 20.5 ms]
      [Choose CSet: 3.0 ms]
      [Ref Proc: 9.8 ms]
      [Ref Enq: 0.1 ms]
      [Free CSet: 5.9 ms]
   [Eden: 1004.0M(1004.0M)->0.0B(980.0M) Survivors: 20.0M->44.0M Heap: 2184.1M(3072.0M)->925.1M(3072.0M)]
 [Times: user=0.67 sys=0.00, real=0.35 secs] 
29827.657: [GC pause (mixed)
Desired survivor size 67108864 bytes, new threshold 16 (max 32)
- age   1:   30124128 bytes,   30124128 total
- age   2:   11890592 bytes,   42014720 total
, 0.2793520 secs]
   [Parallel Time: 268.4 ms, GC Workers: 2]
      [GC Worker Start (ms): Min: 29827658.5, Avg: 29827658.6, Max: 29827658.6, Diff: 0.0]
      [Ext Root Scanning (ms): Min: 63.8, Avg: 72.4, Max: 81.0, Diff: 17.1, Sum: 144.8]
      [Update RS (ms): Min: 1.1, Avg: 11.9, Max: 22.8, Diff: 21.6, Sum: 23.9]
         [Processed Buffers: Min: 120, Avg: 166.0, Max: 212, Diff: 92, Sum: 332]
      [Scan RS (ms): Min: 44.6, Avg: 44.6, Max: 44.7, Diff: 0.1, Sum: 89.3]
      [Object Copy (ms): Min: 136.8, Avg: 139.0, Max: 141.2, Diff: 4.4, Sum: 278.1]
      [Termination (ms): Min: 0.0, Avg: 0.0, Max: 0.0, Diff: 0.0, Sum: 0.0]
      [GC Worker Other (ms): Min: 0.1, Avg: 0.2, Max: 0.2, Diff: 0.1, Sum: 0.3]
      [GC Worker Total (ms): Min: 268.2, Avg: 268.2, Max: 268.2, Diff: 0.0, Sum: 536.4]
      [GC Worker End (ms): Min: 29827926.7, Avg: 29827926.7, Max: 29827926.8, Diff: 0.1]
   [Code Root Fixup: 0.0 ms]
   [Clear CT: 0.9 ms]
   [Other: 10.0 ms]
      [Choose CSet: 0.3 ms]
      [Ref Proc: 4.5 ms]
      [Ref Enq: 0.1 ms]
      [Free CSet: 3.5 ms]
   [Eden: 980.0M(980.0M)->0.0B(967.0M) Survivors: 44.0M->57.0M Heap: 1940.3M(3072.0M)->965.8M(3072.0M)]
 [Times: user=0.55 sys=0.00, real=0.28 secs] 
29833.974: [GC pause (young)
Desired survivor size 67108864 bytes, new threshold 16 (max 32)
- age   1:   29931680 bytes,   29931680 total
- age   2:   16240328 bytes,   46172008 total
- age   3:   10595848 bytes,   56767856 total
, 0.3361370 secs]
   [Parallel Time: 323.3 ms, GC Workers: 2]
      [GC Worker Start (ms): Min: 29833974.7, Avg: 29833974.7, Max: 29833974.7, Diff: 0.0]
      [Ext Root Scanning (ms): Min: 57.7, Avg: 70.8, Max: 83.9, Diff: 26.2, Sum: 141.6]
      [Update RS (ms): Min: 23.7, Avg: 35.6, Max: 47.4, Diff: 23.6, Sum: 71.1]
         [Processed Buffers: Min: 71, Avg: 161.0, Max: 251, Diff: 180, Sum: 322]
      [Scan RS (ms): Min: 21.3, Avg: 21.4, Max: 21.4, Diff: 0.1, Sum: 42.7]
      [Object Copy (ms): Min: 193.9, Avg: 195.2, Max: 196.4, Diff: 2.5, Sum: 390.4]
      [Termination (ms): Min: 0.0, Avg: 0.0, Max: 0.0, Diff: 0.0, Sum: 0.0]
      [GC Worker Other (ms): Min: 0.1, Avg: 0.2, Max: 0.2, Diff: 0.0, Sum: 0.3]
      [GC Worker Total (ms): Min: 323.1, Avg: 323.1, Max: 323.1, Diff: 0.1, Sum: 646.2]
      [GC Worker End (ms): Min: 29834297.8, Avg: 29834297.8, Max: 29834297.8, Diff: 0.0]
   [Code Root Fixup: 0.0 ms]
   [Clear CT: 0.8 ms]
   [Other: 12.1 ms]
      [Choose CSet: 0.0 ms]
      [Ref Proc: 8.7 ms]
      [Ref Enq: 0.1 ms]
      [Free CSet: 2.1 ms]
   [Eden: 967.0M(967.0M)->0.0B(929.0M) Survivors: 57.0M->95.0M Heap: 1973.5M(3072.0M)->1044.0M(3072.0M)]
 [Times: user=0.66 sys=0.00, real=0.33 secs] 
29839.647: [GC pause (young)
Desired survivor size 67108864 bytes, new threshold 2 (max 32)
- age   1:   52296032 bytes,   52296032 total
- age   2:   21197240 bytes,   73493272 total
- age   3:   11065496 bytes,   84558768 total
- age   4:    9041328 bytes,   93600096 total
, 0.4187160 secs]
   [Parallel Time: 407.5 ms, GC Workers: 2]
      [GC Worker Start (ms): Min: 29839647.9, Avg: 29839647.9, Max: 29839647.9, Diff: 0.0]
      [Ext Root Scanning (ms): Min: 66.3, Avg: 74.2, Max: 82.2, Diff: 15.8, Sum: 148.5]
      [Update RS (ms): Min: 36.2, Avg: 46.8, Max: 57.4, Diff: 21.2, Sum: 93.6]
         [Processed Buffers: Min: 139, Avg: 153.0, Max: 167, Diff: 28, Sum: 306]
      [Scan RS (ms): Min: 13.4, Avg: 13.4, Max: 13.4, Diff: 0.0, Sum: 26.8]
      [Object Copy (ms): Min: 270.1, Avg: 272.8, Max: 275.4, Diff: 5.3, Sum: 545.5]
      [Termination (ms): Min: 0.0, Avg: 0.0, Max: 0.0, Diff: 0.0, Sum: 0.0]
      [GC Worker Other (ms): Min: 0.1, Avg: 0.1, Max: 0.1, Diff: 0.0, Sum: 0.2]
      [GC Worker Total (ms): Min: 407.3, Avg: 407.3, Max: 407.3, Diff: 0.1, Sum: 814.6]
      [GC Worker End (ms): Min: 29840055.2, Avg: 29840055.2, Max: 29840055.2, Diff: 0.0]
   [Code Root Fixup: 0.0 ms]
   [Clear CT: 1.2 ms]
   [Other: 10.0 ms]
      [Choose CSet: 0.0 ms]
      [Ref Proc: 6.3 ms]
      [Ref Enq: 0.2 ms]
      [Free CSet: 2.1 ms]
   [Eden: 929.0M(929.0M)->0.0B(929.0M) Survivors: 95.0M->95.0M Heap: 1978.3M(3072.0M)->1082.8M(3072.0M)]
 [Times: user=0.82 sys=0.00, real=0.42 secs] 
29844.268: [GC pause (young)
Desired survivor size 67108864 bytes, new threshold 2 (max 32)
- age   1:   56030120 bytes,   56030120 total
- age   2:   38060528 bytes,   94090648 total
, 0.5518690 secs]
   [Parallel Time: 539.9 ms, GC Workers: 2]
      [GC Worker Start (ms): Min: 29844268.8, Avg: 29844269.0, Max: 29844269.2, Diff: 0.4]
      [Ext Root Scanning (ms): Min: 61.9, Avg: 70.7, Max: 79.5, Diff: 17.5, Sum: 141.4]
      [Update RS (ms): Min: 51.2, Avg: 62.5, Max: 73.9, Diff: 22.7, Sum: 125.1]
         [Processed Buffers: Min: 134, Avg: 179.0, Max: 224, Diff: 90, Sum: 358]
      [Scan RS (ms): Min: 21.2, Avg: 21.3, Max: 21.3, Diff: 0.1, Sum: 42.5]
      [Object Copy (ms): Min: 382.7, Avg: 384.9, Max: 387.2, Diff: 4.5, Sum: 769.9]
      [Termination (ms): Min: 0.0, Avg: 0.0, Max: 0.0, Diff: 0.0, Sum: 0.0]
      [GC Worker Other (ms): Min: 0.1, Avg: 0.2, Max: 0.4, Diff: 0.3, Sum: 0.5]
      [GC Worker Total (ms): Min: 539.5, Avg: 539.7, Max: 539.9, Diff: 0.4, Sum: 1079.3]
      [GC Worker End (ms): Min: 29844808.6, Avg: 29844808.6, Max: 29844808.6, Diff: 0.0]
   [Code Root Fixup: 0.0 ms]
   [Clear CT: 1.1 ms]
   [Other: 10.9 ms]
      [Choose CSet: 0.0 ms]
      [Ref Proc: 6.6 ms]
      [Ref Enq: 0.1 ms]
      [Free CSet: 2.2 ms]
   [Eden: 929.0M(929.0M)->0.0B(896.0M) Survivors: 95.0M->128.0M Heap: 2054.3M(3072.0M)->1196.8M(3072.0M)]
 [Times: user=1.08 sys=0.00, real=0.55 secs] 
29848.733: [GC pause (young)
Desired survivor size 67108864 bytes, new threshold 1 (max 32)
- age   1:   93364816 bytes,   93364816 total
- age   2:   41169600 bytes,  134534416 total
, 0.8101800 secs]
   [Parallel Time: 798.3 ms, GC Workers: 2]
      [GC Worker Start (ms): Min: 29848733.9, Avg: 29848733.9, Max: 29848734.0, Diff: 0.1]
      [Ext Root Scanning (ms): Min: 63.3, Avg: 73.1, Max: 82.8, Diff: 19.5, Sum: 146.1]
      [Update RS (ms): Min: 98.6, Avg: 111.7, Max: 124.7, Diff: 26.1, Sum: 223.3]
         [Processed Buffers: Min: 126, Avg: 164.5, Max: 203, Diff: 77, Sum: 329]
      [Scan RS (ms): Min: 60.3, Avg: 60.3, Max: 60.4, Diff: 0.1, Sum: 120.7]
      [Object Copy (ms): Min: 549.7, Avg: 553.0, Max: 556.4, Diff: 6.7, Sum: 1106.0]
      [Termination (ms): Min: 0.0, Avg: 0.0, Max: 0.0, Diff: 0.0, Sum: 0.0]
      [GC Worker Other (ms): Min: 0.1, Avg: 0.1, Max: 0.1, Diff: 0.0, Sum: 0.1]
      [GC Worker Total (ms): Min: 798.1, Avg: 798.1, Max: 798.2, Diff: 0.1, Sum: 1596.3]
      [GC Worker End (ms): Min: 29849532.1, Avg: 29849532.1, Max: 29849532.1, Diff: 0.0]
   [Code Root Fixup: 0.0 ms]
   [Clear CT: 0.7 ms]
   [Other: 11.2 ms]
      [Choose CSet: 0.0 ms]
      [Ref Proc: 4.7 ms]
      [Ref Enq: 0.1 ms]
      [Free CSet: 3.4 ms]
   [Eden: 896.0M(896.0M)->0.0B(917.0M) Survivors: 128.0M->107.0M Heap: 2118.2M(3072.0M)->1312.2M(3072.0M)]
 [Times: user=1.60 sys=0.01, real=0.81 secs] 
29854.255: [GC pause (young)
Desired survivor size 67108864 bytes, new threshold 1 (max 32)
- age   1:  107243576 bytes,  107243576 total
, 0.5702880 secs]
   [Parallel Time: 555.4 ms, GC Workers: 2]
      [GC Worker Start (ms): Min: 29854256.8, Avg: 29854256.9, Max: 29854256.9, Diff: 0.0]
      [Ext Root Scanning (ms): Min: 64.1, Avg: 72.0, Max: 80.0, Diff: 15.9, Sum: 144.0]
      [Update RS (ms): Min: 63.9, Avg: 74.4, Max: 84.8, Diff: 20.9, Sum: 148.8]
         [Processed Buffers: Min: 127, Avg: 188.0, Max: 249, Diff: 122, Sum: 376]
      [Scan RS (ms): Min: 83.3, Avg: 83.4, Max: 83.5, Diff: 0.2, Sum: 166.9]
      [Object Copy (ms): Min: 322.9, Avg: 325.3, Max: 327.6, Diff: 4.8, Sum: 650.5]
      [Termination (ms): Min: 0.0, Avg: 0.0, Max: 0.0, Diff: 0.0, Sum: 0.0]
      [GC Worker Other (ms): Min: 0.1, Avg: 0.1, Max: 0.2, Diff: 0.0, Sum: 0.3]
      [GC Worker Total (ms): Min: 555.2, Avg: 555.2, Max: 555.2, Diff: 0.1, Sum: 1110.4]
      [GC Worker End (ms): Min: 29854812.1, Avg: 29854812.1, Max: 29854812.1, Diff: 0.0]
   [Code Root Fixup: 0.0 ms]
   [Clear CT: 0.6 ms]
   [Other: 14.3 ms]
      [Choose CSet: 0.0 ms]
      [Ref Proc: 6.2 ms]
      [Ref Enq: 0.2 ms]
      [Free CSet: 4.2 ms]
   [Eden: 917.0M(917.0M)->0.0B(984.0M) Survivors: 107.0M->40.0M Heap: 2233.5M(3072.0M)->1351.0M(3072.0M)]
 [Times: user=1.12 sys=0.01, real=0.57 secs] 
29854.884: [GC pause (young) (initial-mark)
Desired survivor size 67108864 bytes, new threshold 16 (max 32)
- age   1:   38639048 bytes,   38639048 total
, 0.4973380 secs]
   [Parallel Time: 494.7 ms, GC Workers: 2]
      [GC Worker Start (ms): Min: 29854885.4, Avg: 29854885.4, Max: 29854885.4, Diff: 0.0]
      [Ext Root Scanning (ms): Min: 69.6, Avg: 81.1, Max: 92.7, Diff: 23.2, Sum: 162.3]
      [Update RS (ms): Min: 289.5, Avg: 297.6, Max: 305.8, Diff: 16.3, Sum: 595.3]
         [Processed Buffers: Min: 494, Avg: 499.5, Max: 505, Diff: 11, Sum: 999]
      [Scan RS (ms): Min: 1.5, Avg: 1.6, Max: 1.6, Diff: 0.1, Sum: 3.1]
      [Object Copy (ms): Min: 109.7, Avg: 113.2, Max: 116.7, Diff: 7.0, Sum: 226.4]
      [Termination (ms): Min: 0.0, Avg: 0.0, Max: 0.0, Diff: 0.0, Sum: 0.0]
      [GC Worker Other (ms): Min: 0.1, Avg: 0.1, Max: 0.1, Diff: 0.1, Sum: 0.2]
      [GC Worker Total (ms): Min: 493.6, Avg: 493.7, Max: 493.7, Diff: 0.1, Sum: 987.3]
      [GC Worker End (ms): Min: 29855379.1, Avg: 29855379.1, Max: 29855379.1, Diff: 0.1]
   [Code Root Fixup: 0.0 ms]
   [Clear CT: 0.1 ms]
   [Other: 2.5 ms]
      [Choose CSet: 0.0 ms]
      [Ref Proc: 0.4 ms]
      [Ref Enq: 0.0 ms]
      [Free CSet: 0.2 ms]
   [Eden: 9216.0K(984.0M)->0.0B(985.0M) Survivors: 40.0M->39.0M Heap: 1360.0M(3072.0M)->1350.5M(3072.0M)]
 [Times: user=0.99 sys=0.00, real=0.49 secs] 
29855.382: [GC concurrent-root-region-scan-start]
29855.502: [GC concurrent-root-region-scan-end, 0.1198360 secs]
29855.502: [GC concurrent-mark-start]
29857.950: [GC concurrent-mark-end, 2.4482580 secs]
29857.953: [GC remark 29857.954: [GC ref-proc, 0.2204220 secs], 0.2940060 secs]
 [Times: user=0.29 sys=0.00, real=0.30 secs] 
29858.248: [GC cleanup 1765M->1453M(3072M), 0.0251100 secs]
 [Times: user=0.04 sys=0.00, real=0.02 secs] 
29858.274: [GC concurrent-cleanup-start]
29858.275: [GC concurrent-cleanup-end, 0.0007100 secs]
29861.784: [GC pause (young)
Desired survivor size 67108864 bytes, new threshold 16 (max 32)
- age   1:    1572312 bytes,    1572312 total
- age   2:   37827640 bytes,   39399952 total
, 0.4167240 secs]
   [Parallel Time: 402.4 ms, GC Workers: 2]
      [GC Worker Start (ms): Min: 29861785.7, Avg: 29861785.8, Max: 29861785.8, Diff: 0.1]
      [Ext Root Scanning (ms): Min: 58.2, Avg: 72.9, Max: 87.5, Diff: 29.3, Sum: 145.7]
      [Update RS (ms): Min: 53.5, Avg: 66.2, Max: 78.9, Diff: 25.4, Sum: 132.3]
         [Processed Buffers: Min: 77, Avg: 162.0, Max: 247, Diff: 170, Sum: 324]
      [Scan RS (ms): Min: 64.6, Avg: 64.7, Max: 64.7, Diff: 0.1, Sum: 129.3]
      [Object Copy (ms): Min: 196.6, Avg: 198.4, Max: 200.2, Diff: 3.7, Sum: 396.8]
      [Termination (ms): Min: 0.0, Avg: 0.0, Max: 0.0, Diff: 0.0, Sum: 0.0]
      [GC Worker Other (ms): Min: 0.1, Avg: 0.1, Max: 0.1, Diff: 0.0, Sum: 0.2]
      [GC Worker Total (ms): Min: 402.2, Avg: 402.2, Max: 402.3, Diff: 0.2, Sum: 804.5]
      [GC Worker End (ms): Min: 29862188.0, Avg: 29862188.0, Max: 29862188.0, Diff: 0.0]
   [Code Root Fixup: 0.0 ms]
   [Clear CT: 1.0 ms]
   [Other: 13.3 ms]
      [Choose CSet: 0.0 ms]
      [Ref Proc: 5.8 ms]
      [Ref Enq: 0.1 ms]
      [Free CSet: 4.9 ms]
   [Eden: 985.0M(985.0M)->0.0B(948.0M) Survivors: 39.0M->76.0M Heap: 2069.0M(3072.0M)->1121.0M(3072.0M)]
 [Times: user=0.82 sys=0.00, real=0.42 secs] 
29866.772: [GC pause (mixed)
Desired survivor size 67108864 bytes, new threshold 3 (max 32)
- age   1:   42121536 bytes,   42121536 total
- age   2:     356208 bytes,   42477744 total
- age   3:   34908544 bytes,   77386288 total
, 0.4839100 secs]
   [Parallel Time: 466.2 ms, GC Workers: 2]
      [GC Worker Start (ms): Min: 29866774.4, Avg: 29866774.5, Max: 29866774.5, Diff: 0.0]
      [Ext Root Scanning (ms): Min: 59.6, Avg: 73.5, Max: 87.4, Diff: 27.8, Sum: 147.0]
      [Update RS (ms): Min: 51.1, Avg: 64.0, Max: 76.9, Diff: 25.8, Sum: 128.0]
         [Processed Buffers: Min: 122, Avg: 153.5, Max: 185, Diff: 63, Sum: 307]
      [Scan RS (ms): Min: 74.0, Avg: 74.1, Max: 74.2, Diff: 0.2, Sum: 148.2]
      [Object Copy (ms): Min: 253.2, Avg: 254.1, Max: 255.0, Diff: 1.8, Sum: 508.3]
      [Termination (ms): Min: 0.0, Avg: 0.0, Max: 0.1, Diff: 0.1, Sum: 0.1]
      [GC Worker Other (ms): Min: 0.0, Avg: 0.1, Max: 0.1, Diff: 0.0, Sum: 0.1]
      [GC Worker Total (ms): Min: 465.8, Avg: 465.8, Max: 465.9, Diff: 0.1, Sum: 931.6]
      [GC Worker End (ms): Min: 29867240.2, Avg: 29867240.3, Max: 29867240.3, Diff: 0.0]
   [Code Root Fixup: 0.0 ms]
   [Clear CT: 0.9 ms]
   [Other: 16.8 ms]
      [Choose CSet: 0.3 ms]
      [Ref Proc: 7.6 ms]
      [Ref Enq: 0.1 ms]
      [Free CSet: 6.0 ms]
   [Eden: 948.0M(948.0M)->0.0B(948.0M) Survivors: 76.0M->76.0M Heap: 2070.3M(3072.0M)->1085.3M(3072.0M)]
 [Times: user=0.95 sys=0.00, real=0.49 secs] 
29873.050: [GC pause (mixed)
Desired survivor size 67108864 bytes, new threshold 2 (max 32)
- age   1:   39663256 bytes,   39663256 total
- age   2:   36951952 bytes,   76615208 total
- age   3:     281352 bytes,   76896560 total
, 0.4891320 secs]
   [Parallel Time: 471.9 ms, GC Workers: 2]
      [GC Worker Start (ms): Min: 29873052.7, Avg: 29873052.8, Max: 29873052.8, Diff: 0.0]
      [Ext Root Scanning (ms): Min: 60.5, Avg: 73.4, Max: 86.4, Diff: 25.9, Sum: 146.8]
      [Update RS (ms): Min: 44.7, Avg: 56.4, Max: 68.2, Diff: 23.5, Sum: 112.9]
         [Processed Buffers: Min: 135, Avg: 158.5, Max: 182, Diff: 47, Sum: 317]
      [Scan RS (ms): Min: 91.6, Avg: 91.6, Max: 91.7, Diff: 0.1, Sum: 183.3]
      [Object Copy (ms): Min: 248.8, Avg: 250.1, Max: 251.4, Diff: 2.6, Sum: 500.2]
      [Termination (ms): Min: 0.0, Avg: 0.0, Max: 0.1, Diff: 0.1, Sum: 0.1]
      [GC Worker Other (ms): Min: 0.1, Avg: 0.1, Max: 0.1, Diff: 0.1, Sum: 0.2]
      [GC Worker Total (ms): Min: 471.7, Avg: 471.7, Max: 471.7, Diff: 0.0, Sum: 943.4]
      [GC Worker End (ms): Min: 29873524.4, Avg: 29873524.5, Max: 29873524.5, Diff: 0.1]
   [Code Root Fixup: 0.0 ms]
   [Clear CT: 0.9 ms]
   [Other: 16.4 ms]
      [Choose CSet: 1.0 ms]
      [Ref Proc: 6.3 ms]
      [Ref Enq: 0.1 ms]
      [Free CSet: 5.7 ms]
   [Eden: 948.0M(948.0M)->0.0B(953.0M) Survivors: 76.0M->71.0M Heap: 2060.5M(3072.0M)->1074.0M(3072.0M)]
 [Times: user=0.95 sys=0.00, real=0.49 secs] 
29878.903: [GC pause (mixed)
Desired survivor size 67108864 bytes, new threshold 2 (max 32)
- age   1:   39767280 bytes,   39767280 total
- age   2:   32719152 bytes,   72486432 total
, 0.4772980 secs]
   [Parallel Time: 463.3 ms, GC Workers: 2]
      [GC Worker Start (ms): Min: 29878905.2, Avg: 29878905.2, Max: 29878905.2, Diff: 0.0]
      [Ext Root Scanning (ms): Min: 67.4, Avg: 75.8, Max: 84.2, Diff: 16.8, Sum: 151.6]
      [Update RS (ms): Min: 41.1, Avg: 52.0, Max: 62.9, Diff: 21.7, Sum: 104.0]
         [Processed Buffers: Min: 59, Avg: 136.0, Max: 213, Diff: 154, Sum: 272]
      [Scan RS (ms): Min: 78.7, Avg: 78.8, Max: 78.9, Diff: 0.2, Sum: 157.6]
      [Object Copy (ms): Min: 254.0, Avg: 256.4, Max: 258.8, Diff: 4.8, Sum: 512.8]
      [Termination (ms): Min: 0.0, Avg: 0.0, Max: 0.0, Diff: 0.0, Sum: 0.0]
      [GC Worker Other (ms): Min: 0.1, Avg: 0.1, Max: 0.1, Diff: 0.0, Sum: 0.2]
      [GC Worker Total (ms): Min: 463.1, Avg: 463.1, Max: 463.1, Diff: 0.0, Sum: 926.3]
      [GC Worker End (ms): Min: 29879368.3, Avg: 29879368.3, Max: 29879368.3, Diff: 0.0]
   [Code Root Fixup: 0.0 ms]
   [Clear CT: 0.8 ms]
   [Other: 13.2 ms]
      [Choose CSet: 0.1 ms]
      [Ref Proc: 4.5 ms]
      [Ref Enq: 0.1 ms]
      [Free CSet: 5.8 ms]
   [Eden: 953.0M(953.0M)->0.0B(951.0M) Survivors: 71.0M->73.0M Heap: 2070.4M(3072.0M)->1144.4M(3072.0M)]
 [Times: user=0.94 sys=0.00, real=0.48 secs] 
29884.753: [GC pause (young)
Desired survivor size 67108864 bytes, new threshold 2 (max 32)
- age   1:   42362504 bytes,   42362504 total
- age   2:   31992544 bytes,   74355048 total
, 0.4401130 secs]
   [Parallel Time: 423.6 ms, GC Workers: 2]
      [GC Worker Start (ms): Min: 29884755.2, Avg: 29884755.2, Max: 29884755.2, Diff: 0.0]
      [Ext Root Scanning (ms): Min: 62.5, Avg: 72.7, Max: 83.0, Diff: 20.5, Sum: 145.5]
      [Update RS (ms): Min: 3.1, Avg: 16.0, Max: 28.8, Diff: 25.6, Sum: 31.9]
         [Processed Buffers: Min: 143, Avg: 159.0, Max: 175, Diff: 32, Sum: 318]
      [Scan RS (ms): Min: 94.6, Avg: 94.6, Max: 94.6, Diff: 0.0, Sum: 189.2]
      [Object Copy (ms): Min: 237.5, Avg: 240.1, Max: 242.7, Diff: 5.2, Sum: 480.2]
      [Termination (ms): Min: 0.0, Avg: 0.0, Max: 0.0, Diff: 0.0, Sum: 0.0]
      [GC Worker Other (ms): Min: 0.1, Avg: 0.1, Max: 0.1, Diff: 0.0, Sum: 0.2]
      [GC Worker Total (ms): Min: 423.5, Avg: 423.5, Max: 423.5, Diff: 0.0, Sum: 847.0]
      [GC Worker End (ms): Min: 29885178.7, Avg: 29885178.7, Max: 29885178.7, Diff: 0.0]
   [Code Root Fixup: 0.0 ms]
   [Clear CT: 2.0 ms]
   [Other: 14.5 ms]
      [Choose CSet: 0.0 ms]
      [Ref Proc: 5.9 ms]
      [Ref Enq: 0.1 ms]
      [Free CSet: 5.6 ms]
   [Eden: 951.0M(951.0M)->0.0B(950.0M) Survivors: 73.0M->74.0M Heap: 2135.8M(3072.0M)->1216.3M(3072.0M)]
 [Times: user=0.86 sys=0.00, real=0.44 secs] 
29889.816: [GC pause (young)
Desired survivor size 67108864 bytes, new threshold 2 (max 32)
- age   1:   38820264 bytes,   38820264 total
- age   2:   34141264 bytes,   72961528 total
, 0.4435510 secs]
   [Parallel Time: 424.2 ms, GC Workers: 2]
      [GC Worker Start (ms): Min: 29889817.7, Avg: 29889817.7, Max: 29889817.7, Diff: 0.0]
      [Ext Root Scanning (ms): Min: 66.0, Avg: 73.4, Max: 80.7, Diff: 14.7, Sum: 146.8]
      [Update RS (ms): Min: 36.3, Avg: 46.2, Max: 56.2, Diff: 19.9, Sum: 92.5]
         [Processed Buffers: Min: 109, Avg: 149.5, Max: 190, Diff: 81, Sum: 299]
      [Scan RS (ms): Min: 81.0, Avg: 81.1, Max: 81.1, Diff: 0.2, Sum: 162.1]
      [Object Copy (ms): Min: 220.6, Avg: 223.3, Max: 226.0, Diff: 5.4, Sum: 446.6]
      [Termination (ms): Min: 0.0, Avg: 0.0, Max: 0.0, Diff: 0.0, Sum: 0.0]
      [GC Worker Other (ms): Min: 0.1, Avg: 0.1, Max: 0.1, Diff: 0.0, Sum: 0.2]
      [GC Worker Total (ms): Min: 424.1, Avg: 424.1, Max: 424.1, Diff: 0.0, Sum: 848.2]
      [GC Worker End (ms): Min: 29890241.8, Avg: 29890241.8, Max: 29890241.8, Diff: 0.0]
   [Code Root Fixup: 0.0 ms]
   [Clear CT: 0.7 ms]
   [Other: 18.6 ms]
      [Choose CSet: 0.0 ms]
      [Ref Proc: 10.7 ms]
      [Ref Enq: 0.1 ms]
      [Free CSet: 4.9 ms]
   [Eden: 950.0M(950.0M)->0.0B(957.0M) Survivors: 74.0M->67.0M Heap: 2226.9M(3072.0M)->1301.4M(3072.0M)]
 [Times: user=0.87 sys=0.00, real=0.44 secs] 
29895.445: [GC pause (young)
Desired survivor size 67108864 bytes, new threshold 16 (max 32)
- age   1:   35156224 bytes,   35156224 total
- age   2:   31112368 bytes,   66268592 total
, 0.4601050 secs]
   [Parallel Time: 443.6 ms, GC Workers: 2]
      [GC Worker Start (ms): Min: 29895446.5, Avg: 29895446.5, Max: 29895446.6, Diff: 0.0]
      [Ext Root Scanning (ms): Min: 67.8, Avg: 73.6, Max: 79.4, Diff: 11.5, Sum: 147.2]
      [Update RS (ms): Min: 57.0, Avg: 64.9, Max: 72.8, Diff: 15.9, Sum: 129.8]
         [Processed Buffers: Min: 154, Avg: 155.0, Max: 156, Diff: 2, Sum: 310]
      [Scan RS (ms): Min: 78.4, Avg: 78.6, Max: 78.9, Diff: 0.5, Sum: 157.3]
      [Object Copy (ms): Min: 223.8, Avg: 226.2, Max: 228.7, Diff: 4.8, Sum: 452.5]
      [Termination (ms): Min: 0.0, Avg: 0.0, Max: 0.0, Diff: 0.0, Sum: 0.0]
      [GC Worker Other (ms): Min: 0.1, Avg: 0.1, Max: 0.1, Diff: 0.0, Sum: 0.2]
      [GC Worker Total (ms): Min: 443.5, Avg: 443.5, Max: 443.5, Diff: 0.0, Sum: 887.1]
      [GC Worker End (ms): Min: 29895890.1, Avg: 29895890.1, Max: 29895890.1, Diff: 0.0]
   [Code Root Fixup: 0.0 ms]
   [Clear CT: 0.8 ms]
   [Other: 15.7 ms]
      [Choose CSet: 0.0 ms]
      [Ref Proc: 7.3 ms]
      [Ref Enq: 0.1 ms]
      [Free CSet: 5.7 ms]
   [Eden: 957.0M(957.0M)->0.0B(928.0M) Survivors: 67.0M->96.0M Heap: 2259.2M(3072.0M)->1331.2M(3072.0M)]
 [Times: user=0.91 sys=0.00, real=0.46 secs] 
29899.793: [GC pause (young) (initial-mark)
Desired survivor size 67108864 bytes, new threshold 2 (max 32)
- age   1:   40071320 bytes,   40071320 total
- age   2:   27505968 bytes,   67577288 total
- age   3:   30019168 bytes,   97596456 total
, 0.4816790 secs]
   [Parallel Time: 469.6 ms, GC Workers: 2]
      [GC Worker Start (ms): Min: 29899795.3, Avg: 29899795.3, Max: 29899795.4, Diff: 0.0]
      [Ext Root Scanning (ms): Min: 65.7, Avg: 74.1, Max: 82.5, Diff: 16.9, Sum: 148.2]
      [Update RS (ms): Min: 1.4, Avg: 17.6, Max: 33.8, Diff: 32.3, Sum: 35.2]
         [Processed Buffers: Min: 22, Avg: 155.0, Max: 288, Diff: 266, Sum: 310]
      [Scan RS (ms): Min: 85.6, Avg: 85.7, Max: 85.8, Diff: 0.2, Sum: 171.4]
      [Object Copy (ms): Min: 284.4, Avg: 292.0, Max: 299.6, Diff: 15.2, Sum: 584.0]
      [Termination (ms): Min: 0.0, Avg: 0.0, Max: 0.0, Diff: 0.0, Sum: 0.0]
      [GC Worker Other (ms): Min: 0.1, Avg: 0.1, Max: 0.1, Diff: 0.0, Sum: 0.2]
      [GC Worker Total (ms): Min: 469.5, Avg: 469.5, Max: 469.5, Diff: 0.0, Sum: 939.0]
      [GC Worker End (ms): Min: 29900264.8, Avg: 29900264.8, Max: 29900264.8, Diff: 0.0]
   [Code Root Fixup: 0.0 ms]
   [Clear CT: 0.6 ms]
   [Other: 11.4 ms]
      [Choose CSet: 0.0 ms]
      [Ref Proc: 3.7 ms]
      [Ref Enq: 0.1 ms]
      [Free CSet: 4.3 ms]
   [Eden: 725.0M(928.0M)->0.0B(958.0M) Survivors: 96.0M->66.0M Heap: 2096.8M(3072.0M)->1395.4M(3072.0M)]
 [Times: user=0.95 sys=0.00, real=0.48 secs] 
29900.275: [GC concurrent-root-region-scan-start]
29900.646: [GC concurrent-root-region-scan-end, 0.3705530 secs]
29900.646: [GC concurrent-mark-start]
29904.095: [GC concurrent-mark-end, 3.4491060 secs]
29904.100: [GC remark 29904.102: [GC ref-proc, 0.4383430 secs], 0.5199650 secs]
 [Times: user=0.53 sys=0.00, real=0.52 secs] 
29904.624: [GC cleanup 2111M->1866M(3072M), 0.0278520 secs]
 [Times: user=0.06 sys=0.00, real=0.02 secs] 
29904.652: [GC concurrent-cleanup-start]
29904.653: [GC concurrent-cleanup-end, 0.0005410 secs]
29906.006: [GC pause (young)
Desired survivor size 67108864 bytes, new threshold 16 (max 32)
- age   1:   32871032 bytes,   32871032 total
- age   2:   34191648 bytes,   67062680 total
, 0.4164970 secs]
   [Parallel Time: 402.8 ms, GC Workers: 2]
      [GC Worker Start (ms): Min: 29906008.2, Avg: 29906008.2, Max: 29906008.3, Diff: 0.0]
      [Ext Root Scanning (ms): Min: 63.5, Avg: 71.5, Max: 79.4, Diff: 16.0, Sum: 142.9]
      [Update RS (ms): Min: 40.0, Avg: 49.7, Max: 59.4, Diff: 19.4, Sum: 99.4]
         [Processed Buffers: Min: 92, Avg: 138.0, Max: 184, Diff: 92, Sum: 276]
      [Scan RS (ms): Min: 70.1, Avg: 70.6, Max: 71.0, Diff: 0.8, Sum: 141.1]
      [Object Copy (ms): Min: 208.7, Avg: 210.9, Max: 213.0, Diff: 4.3, Sum: 421.8]
      [Termination (ms): Min: 0.0, Avg: 0.0, Max: 0.0, Diff: 0.0, Sum: 0.0]
      [GC Worker Other (ms): Min: 0.1, Avg: 0.1, Max: 0.1, Diff: 0.0, Sum: 0.2]
      [GC Worker Total (ms): Min: 402.7, Avg: 402.7, Max: 402.7, Diff: 0.0, Sum: 805.4]
      [GC Worker End (ms): Min: 29906410.9, Avg: 29906410.9, Max: 29906410.9, Diff: 0.0]
   [Code Root Fixup: 0.0 ms]
   [Clear CT: 0.8 ms]
   [Other: 12.8 ms]
      [Choose CSet: 0.0 ms]
      [Ref Proc: 5.0 ms]
      [Ref Enq: 0.1 ms]
      [Free CSet: 5.0 ms]
   [Eden: 958.0M(958.0M)->0.0B(928.0M) Survivors: 66.0M->96.0M Heap: 2120.5M(3072.0M)->1192.5M(3072.0M)]
 [Times: user=0.82 sys=0.00, real=0.41 secs] 
29913.174: [GC pause (mixed)
Desired survivor size 67108864 bytes, new threshold 3 (max 32)
- age   1:   36016520 bytes,   36016520 total
- age   2:   28668624 bytes,   64685144 total
- age   3:   33084440 bytes,   97769584 total
, 0.5602040 secs]
   [Parallel Time: 542.6 ms, GC Workers: 2]
      [GC Worker Start (ms): Min: 29913175.4, Avg: 29913175.4, Max: 29913175.4, Diff: 0.0]
      [Ext Root Scanning (ms): Min: 62.6, Avg: 72.2, Max: 81.8, Diff: 19.1, Sum: 144.4]
      [Update RS (ms): Min: 9.1, Avg: 21.7, Max: 34.3, Diff: 25.2, Sum: 43.4]
         [Processed Buffers: Min: 134, Avg: 149.5, Max: 165, Diff: 31, Sum: 299]
      [Scan RS (ms): Min: 142.3, Avg: 142.3, Max: 142.3, Diff: 0.0, Sum: 284.6]
      [Object Copy (ms): Min: 303.1, Avg: 306.1, Max: 309.1, Diff: 6.0, Sum: 612.2]
      [Termination (ms): Min: 0.0, Avg: 0.0, Max: 0.0, Diff: 0.0, Sum: 0.0]
      [GC Worker Other (ms): Min: 0.1, Avg: 0.1, Max: 0.1, Diff: 0.0, Sum: 0.2]
      [GC Worker Total (ms): Min: 542.4, Avg: 542.4, Max: 542.4, Diff: 0.0, Sum: 1084.8]
      [GC Worker End (ms): Min: 29913717.8, Avg: 29913717.8, Max: 29913717.8, Diff: 0.0]
   [Code Root Fixup: 0.0 ms]
   [Clear CT: 1.0 ms]
   [Other: 16.6 ms]
      [Choose CSet: 0.5 ms]
      [Ref Proc: 10.2 ms]
      [Ref Enq: 0.1 ms]
      [Free CSet: 3.7 ms]
   [Eden: 928.0M(928.0M)->0.0B(896.0M) Survivors: 96.0M->128.0M Heap: 2248.6M(3072.0M)->1338.6M(3072.0M)]
 [Times: user=1.09 sys=0.00, real=0.56 secs] 
29917.423: [GC pause (young)
Desired survivor size 67108864 bytes, new threshold 1 (max 32)
- age   1:   87413288 bytes,   87413288 total
- age   2:   22041824 bytes,  109455112 total
- age   3:   18532936 bytes,  127988048 total
, 0.7763650 secs]
   [Parallel Time: 768.2 ms, GC Workers: 2]
      [GC Worker Start (ms): Min: 29917424.3, Avg: 29917424.3, Max: 29917424.3, Diff: 0.0]
      [Ext Root Scanning (ms): Min: 64.8, Avg: 71.9, Max: 79.1, Diff: 14.3, Sum: 143.9]
      [Update RS (ms): Min: 20.5, Avg: 30.4, Max: 40.2, Diff: 19.7, Sum: 60.7]
         [Processed Buffers: Min: 72, Avg: 149.0, Max: 226, Diff: 154, Sum: 298]
      [Scan RS (ms): Min: 42.7, Avg: 42.8, Max: 42.8, Diff: 0.2, Sum: 85.5]
      [Object Copy (ms): Min: 620.0, Avg: 622.8, Max: 625.6, Diff: 5.5, Sum: 1245.6]
      [Termination (ms): Min: 0.0, Avg: 0.0, Max: 0.0, Diff: 0.0, Sum: 0.0]
      [GC Worker Other (ms): Min: 0.1, Avg: 0.1, Max: 0.1, Diff: 0.0, Sum: 0.2]
      [GC Worker Total (ms): Min: 767.9, Avg: 768.0, Max: 768.0, Diff: 0.0, Sum: 1535.9]
      [GC Worker End (ms): Min: 29918192.3, Avg: 29918192.3, Max: 29918192.3, Diff: 0.0]
   [Code Root Fixup: 0.0 ms]
   [Clear CT: 0.7 ms]
   [Other: 7.4 ms]
      [Choose CSet: 0.0 ms]
      [Ref Proc: 2.0 ms]
      [Ref Enq: 0.0 ms]
      [Free CSet: 2.5 ms]
   [Eden: 896.0M(896.0M)->0.0B(896.0M) Survivors: 128.0M->128.0M Heap: 2236.6M(3072.0M)->1486.1M(3072.0M)]
 [Times: user=1.53 sys=0.01, real=0.78 secs] 
29918.290: [GC pause (young) (initial-mark)
Desired survivor size 67108864 bytes, new threshold 1 (max 32)
- age   1:  173037248 bytes,  173037248 total
, 0.7258270 secs]
   [Parallel Time: 690.7 ms, GC Workers: 2]
      [GC Worker Start (ms): Min: 29918291.4, Avg: 29918291.5, Max: 29918291.5, Diff: 0.0]
      [Ext Root Scanning (ms): Min: 56.1, Avg: 73.0, Max: 89.9, Diff: 33.8, Sum: 146.0]
      [Update RS (ms): Min: 292.2, Avg: 308.7, Max: 325.2, Diff: 32.9, Sum: 617.4]
         [Processed Buffers: Min: 531, Avg: 603.5, Max: 676, Diff: 145, Sum: 1207]
      [Scan RS (ms): Min: 1.4, Avg: 1.4, Max: 1.4, Diff: 0.0, Sum: 2.7]
      [Object Copy (ms): Min: 306.8, Avg: 307.3, Max: 307.7, Diff: 1.0, Sum: 614.5]
      [Termination (ms): Min: 0.0, Avg: 0.0, Max: 0.0, Diff: 0.0, Sum: 0.0]
      [GC Worker Other (ms): Min: 0.1, Avg: 0.1, Max: 0.2, Diff: 0.1, Sum: 0.2]
      [GC Worker Total (ms): Min: 690.4, Avg: 690.4, Max: 690.5, Diff: 0.0, Sum: 1380.9]
      [GC Worker End (ms): Min: 29918981.9, Avg: 29918981.9, Max: 29918981.9, Diff: 0.1]
   [Code Root Fixup: 0.0 ms]
   [Clear CT: 0.3 ms]
   [Other: 34.8 ms]
      [Choose CSet: 0.0 ms]
      [Ref Proc: 30.3 ms]
      [Ref Enq: 0.0 ms]
      [Free CSet: 0.6 ms]
   [Eden: 22.0M(896.0M)->0.0B(1019.0M) Survivors: 128.0M->5120.0K Heap: 1508.1M(3072.0M)->1490.1M(3072.0M)]
 [Times: user=1.40 sys=0.01, real=0.73 secs] 
29919.017: [GC concurrent-root-region-scan-start]
29919.037: [GC concurrent-root-region-scan-end, 0.0199660 secs]
29919.037: [GC concurrent-mark-start]
29921.849: [GC concurrent-mark-end, 2.8126980 secs]
29921.850: [GC remark 29921.852: [GC ref-proc, 0.0809910 secs], 0.1510740 secs]
 [Times: user=0.16 sys=0.00, real=0.15 secs] 
29922.003: [GC cleanup 2052M->1798M(3072M), 0.0287840 secs]
 [Times: user=0.06 sys=0.00, real=0.03 secs] 
29922.032: [GC concurrent-cleanup-start]
29922.033: [GC concurrent-cleanup-end, 0.0006050 secs]
29925.367: [GC pause (young)
Desired survivor size 67108864 bytes, new threshold 16 (max 32)
- age   1:    3688328 bytes,    3688328 total
, 0.2390740 secs]
   [Parallel Time: 228.6 ms, GC Workers: 2]
      [GC Worker Start (ms): Min: 29925368.8, Avg: 29925368.8, Max: 29925368.8, Diff: 0.0]
      [Ext Root Scanning (ms): Min: 62.0, Avg: 69.7, Max: 77.5, Diff: 15.5, Sum: 139.4]
      [Update RS (ms): Min: 19.6, Avg: 30.0, Max: 40.3, Diff: 20.6, Sum: 59.9]
         [Processed Buffers: Min: 145, Avg: 150.0, Max: 155, Diff: 10, Sum: 300]
      [Scan RS (ms): Min: 35.1, Avg: 35.2, Max: 35.3, Diff: 0.2, Sum: 70.5]
      [Object Copy (ms): Min: 91.0, Avg: 93.5, Max: 96.0, Diff: 5.0, Sum: 187.0]
      [Termination (ms): Min: 0.0, Avg: 0.0, Max: 0.0, Diff: 0.0, Sum: 0.0]
      [GC Worker Other (ms): Min: 0.1, Avg: 0.1, Max: 0.1, Diff: 0.0, Sum: 0.2]
      [GC Worker Total (ms): Min: 228.5, Avg: 228.5, Max: 228.5, Diff: 0.1, Sum: 457.0]
      [GC Worker End (ms): Min: 29925597.3, Avg: 29925597.3, Max: 29925597.3, Diff: 0.0]
   [Code Root Fixup: 0.0 ms]
   [Clear CT: 0.7 ms]
   [Other: 9.8 ms]
      [Choose CSet: 0.0 ms]
      [Ref Proc: 4.8 ms]
      [Ref Enq: 0.1 ms]
      [Free CSet: 3.0 ms]
   [Eden: 1019.0M(1019.0M)->0.0B(986.0M) Survivors: 5120.0K->38.0M Heap: 2291.7M(3072.0M)->1305.7M(3072.0M)]
 [Times: user=0.47 sys=0.00, real=0.24 secs] 
29933.905: [GC pause (mixed)
Desired survivor size 67108864 bytes, new threshold 16 (max 32)
- age   1:   35683360 bytes,   35683360 total
- age   2:    1982576 bytes,   37665936 total
, 0.3126800 secs]
   [Parallel Time: 293.8 ms, GC Workers: 2]
      [GC Worker Start (ms): Min: 29933906.8, Avg: 29933906.9, Max: 29933906.9, Diff: 0.0]
      [Ext Root Scanning (ms): Min: 69.6, Avg: 75.0, Max: 80.5, Diff: 10.9, Sum: 150.0]
      [Update RS (ms): Min: 16.6, Avg: 25.1, Max: 33.5, Diff: 16.9, Sum: 50.2]
         [Processed Buffers: Min: 131, Avg: 164.0, Max: 197, Diff: 66, Sum: 328]
      [Scan RS (ms): Min: 59.4, Avg: 59.5, Max: 59.5, Diff: 0.1, Sum: 118.9]
      [Object Copy (ms): Min: 131.1, Avg: 134.0, Max: 137.0, Diff: 5.9, Sum: 268.1]
      [Termination (ms): Min: 0.0, Avg: 0.0, Max: 0.0, Diff: 0.0, Sum: 0.0]
      [GC Worker Other (ms): Min: 0.1, Avg: 0.1, Max: 0.1, Diff: 0.0, Sum: 0.2]
      [GC Worker Total (ms): Min: 293.7, Avg: 293.7, Max: 293.7, Diff: 0.0, Sum: 587.4]
      [GC Worker End (ms): Min: 29934200.5, Avg: 29934200.5, Max: 29934200.5, Diff: 0.0]
   [Code Root Fixup: 0.0 ms]
   [Clear CT: 1.0 ms]
   [Other: 17.9 ms]
      [Choose CSet: 1.6 ms]
      [Ref Proc: 10.2 ms]
      [Ref Enq: 0.2 ms]
      [Free CSet: 4.5 ms]
   [Eden: 986.0M(986.0M)->0.0B(958.0M) Survivors: 38.0M->66.0M Heap: 2335.1M(3072.0M)->1144.1M(3072.0M)]
 [Times: user=0.61 sys=0.00, real=0.31 secs] 
29942.382: [GC pause (mixed)
Desired survivor size 67108864 bytes, new threshold 16 (max 32)
- age   1:   32399256 bytes,   32399256 total
- age   2:   28701776 bytes,   61101032 total
- age   3:    1969856 bytes,   63070888 total
, 0.3256510 secs]
   [Parallel Time: 310.3 ms, GC Workers: 2]
      [GC Worker Start (ms): Min: 29942384.2, Avg: 29942384.2, Max: 29942384.3, Diff: 0.0]
      [Ext Root Scanning (ms): Min: 66.7, Avg: 74.2, Max: 81.7, Diff: 14.9, Sum: 148.4]
      [Update RS (ms): Min: 21.9, Avg: 32.1, Max: 42.2, Diff: 20.4, Sum: 64.1]
         [Processed Buffers: Min: 137, Avg: 144.0, Max: 151, Diff: 14, Sum: 288]
      [Scan RS (ms): Min: 56.2, Avg: 56.3, Max: 56.3, Diff: 0.1, Sum: 112.5]
      [Object Copy (ms): Min: 144.9, Avg: 147.5, Max: 150.2, Diff: 5.3, Sum: 295.1]
      [Termination (ms): Min: 0.0, Avg: 0.0, Max: 0.0, Diff: 0.0, Sum: 0.0]
      [GC Worker Other (ms): Min: 0.1, Avg: 0.1, Max: 0.1, Diff: 0.0, Sum: 0.2]
      [GC Worker Total (ms): Min: 310.2, Avg: 310.2, Max: 310.2, Diff: 0.1, Sum: 620.4]
      [GC Worker End (ms): Min: 29942694.4, Avg: 29942694.4, Max: 29942694.4, Diff: 0.0]
   [Code Root Fixup: 0.0 ms]
   [Clear CT: 1.0 ms]
   [Other: 14.3 ms]
      [Choose CSet: 1.4 ms]
      [Ref Proc: 7.6 ms]
      [Ref Enq: 0.1 ms]
      [Free CSet: 3.9 ms]
   [Eden: 958.0M(958.0M)->0.0B(954.0M) Survivors: 66.0M->70.0M Heap: 2102.1M(3072.0M)->1051.1M(3072.0M)]
 [Times: user=0.64 sys=0.00, real=0.32 secs] 
29950.186: [GC pause (mixed)
Desired survivor size 67108864 bytes, new threshold 3 (max 32)
- age   1:   27645448 bytes,   27645448 total
- age   2:   15357488 bytes,   43002936 total
- age   3:   24174416 bytes,   67177352 total
- age   4:    1965808 bytes,   69143160 total
, 0.3214010 secs]
   [Parallel Time: 306.3 ms, GC Workers: 2]
      [GC Worker Start (ms): Min: 29950187.7, Avg: 29950187.7, Max: 29950187.7, Diff: 0.0]
      [Ext Root Scanning (ms): Min: 63.0, Avg: 73.1, Max: 83.2, Diff: 20.2, Sum: 146.1]
      [Update RS (ms): Min: 4.5, Avg: 17.7, Max: 30.8, Diff: 26.3, Sum: 35.4]
         [Processed Buffers: Min: 148, Avg: 173.5, Max: 199, Diff: 51, Sum: 347]
      [Scan RS (ms): Min: 55.3, Avg: 55.5, Max: 55.7, Diff: 0.3, Sum: 111.0]
      [Object Copy (ms): Min: 156.6, Avg: 159.7, Max: 162.9, Diff: 6.3, Sum: 319.5]
      [Termination (ms): Min: 0.0, Avg: 0.0, Max: 0.0, Diff: 0.0, Sum: 0.0]
      [GC Worker Other (ms): Min: 0.1, Avg: 0.1, Max: 0.1, Diff: 0.0, Sum: 0.2]
      [GC Worker Total (ms): Min: 306.1, Avg: 306.1, Max: 306.1, Diff: 0.0, Sum: 612.2]
      [GC Worker End (ms): Min: 29950493.8, Avg: 29950493.8, Max: 29950493.8, Diff: 0.0]
   [Code Root Fixup: 0.0 ms]
   [Clear CT: 1.0 ms]
   [Other: 14.1 ms]
      [Choose CSet: 1.1 ms]
      [Ref Proc: 7.4 ms]
      [Ref Enq: 0.2 ms]
      [Free CSet: 3.6 ms]
   [Eden: 954.0M(954.0M)->0.0B(974.0M) Survivors: 70.0M->50.0M Heap: 2052.9M(3072.0M)->1056.4M(3072.0M)]
 [Times: user=0.62 sys=0.00, real=0.32 secs] 
29957.908: [GC pause (young)
Desired survivor size 67108864 bytes, new threshold 16 (max 32)
- age   1:   25618392 bytes,   25618392 total
- age   2:   10865040 bytes,   36483432 total
- age   3:   11368280 bytes,   47851712 total
, 0.3885810 secs]
   [Parallel Time: 378.9 ms, GC Workers: 2]
      [GC Worker Start (ms): Min: 29957908.4, Avg: 29957908.4, Max: 29957908.4, Diff: 0.0]
      [Ext Root Scanning (ms): Min: 65.2, Avg: 73.3, Max: 81.3, Diff: 16.1, Sum: 146.6]
      [Update RS (ms): Min: 35.6, Avg: 46.5, Max: 57.4, Diff: 21.7, Sum: 93.0]
         [Processed Buffers: Min: 154, Avg: 165.0, Max: 176, Diff: 22, Sum: 330]
      [Scan RS (ms): Min: 9.1, Avg: 9.2, Max: 9.3, Diff: 0.2, Sum: 18.4]
      [Object Copy (ms): Min: 246.8, Avg: 249.6, Max: 252.4, Diff: 5.6, Sum: 499.2]
      [Termination (ms): Min: 0.0, Avg: 0.0, Max: 0.0, Diff: 0.0, Sum: 0.0]
      [GC Worker Other (ms): Min: 0.1, Avg: 0.2, Max: 0.2, Diff: 0.1, Sum: 0.4]
      [GC Worker Total (ms): Min: 378.8, Avg: 378.8, Max: 378.8, Diff: 0.0, Sum: 757.6]
      [GC Worker End (ms): Min: 29958287.2, Avg: 29958287.2, Max: 29958287.2, Diff: 0.0]
   [Code Root Fixup: 0.0 ms]
   [Clear CT: 1.0 ms]
   [Other: 8.6 ms]
      [Choose CSet: 0.0 ms]
      [Ref Proc: 5.6 ms]
      [Ref Enq: 0.1 ms]
      [Free CSet: 1.8 ms]
   [Eden: 974.0M(974.0M)->0.0B(905.0M) Survivors: 50.0M->119.0M Heap: 2032.4M(3072.0M)->1126.9M(3072.0M)]
 [Times: user=0.76 sys=0.00, real=0.39 secs] 
29962.815: [GC pause (young)
Desired survivor size 67108864 bytes, new threshold 1 (max 32)
- age   1:   88787376 bytes,   88787376 total
- age   2:   13259760 bytes,  102047136 total
- age   3:    7749040 bytes,  109796176 total
- age   4:    9461224 bytes,  119257400 total
, 0.5872020 secs]
   [Parallel Time: 577.9 ms, GC Workers: 2]
      [GC Worker Start (ms): Min: 29962816.1, Avg: 29962816.3, Max: 29962816.5, Diff: 0.5]
      [Ext Root Scanning (ms): Min: 62.7, Avg: 71.9, Max: 81.2, Diff: 18.5, Sum: 143.9]
      [Update RS (ms): Min: 30.8, Avg: 42.9, Max: 55.0, Diff: 24.2, Sum: 85.9]
         [Processed Buffers: Min: 79, Avg: 167.0, Max: 255, Diff: 176, Sum: 334]
      [Scan RS (ms): Min: 25.7, Avg: 25.8, Max: 25.9, Diff: 0.1, Sum: 51.6]
      [Object Copy (ms): Min: 433.8, Avg: 436.8, Max: 439.9, Diff: 6.0, Sum: 873.7]
      [Termination (ms): Min: 0.0, Avg: 0.0, Max: 0.0, Diff: 0.0, Sum: 0.0]
      [GC Worker Other (ms): Min: 0.1, Avg: 0.1, Max: 0.1, Diff: 0.0, Sum: 0.2]
      [GC Worker Total (ms): Min: 577.4, Avg: 577.6, Max: 577.9, Diff: 0.5, Sum: 1155.2]
      [GC Worker End (ms): Min: 29963393.9, Avg: 29963393.9, Max: 29963393.9, Diff: 0.0]
   [Code Root Fixup: 0.0 ms]
   [Clear CT: 1.3 ms]
   [Other: 8.0 ms]
      [Choose CSet: 0.1 ms]
      [Ref Proc: 3.3 ms]
      [Ref Enq: 0.1 ms]
      [Free CSet: 2.3 ms]
   [Eden: 905.0M(905.0M)->0.0B(926.0M) Survivors: 119.0M->98.0M Heap: 2052.7M(3072.0M)->1217.2M(3072.0M)]
 [Times: user=1.16 sys=0.00, real=0.59 secs] 
29968.902: [GC pause (young)
Desired survivor size 67108864 bytes, new threshold 1 (max 32)
- age   1:   98152528 bytes,   98152528 total
, 0.4730770 secs]
   [Parallel Time: 461.0 ms, GC Workers: 2]
      [GC Worker Start (ms): Min: 29968903.5, Avg: 29968903.5, Max: 29968903.6, Diff: 0.0]
      [Ext Root Scanning (ms): Min: 63.8, Avg: 71.9, Max: 80.0, Diff: 16.1, Sum: 143.8]
      [Update RS (ms): Min: 41.5, Avg: 52.4, Max: 63.4, Diff: 22.0, Sum: 104.9]
         [Processed Buffers: Min: 117, Avg: 176.0, Max: 235, Diff: 118, Sum: 352]
      [Scan RS (ms): Min: 58.8, Avg: 59.0, Max: 59.2, Diff: 0.3, Sum: 118.0]
      [Object Copy (ms): Min: 274.7, Avg: 277.5, Max: 280.2, Diff: 5.4, Sum: 554.9]
      [Termination (ms): Min: 0.0, Avg: 0.0, Max: 0.0, Diff: 0.0, Sum: 0.0]
      [GC Worker Other (ms): Min: 0.1, Avg: 0.1, Max: 0.1, Diff: 0.0, Sum: 0.2]
      [GC Worker Total (ms): Min: 460.9, Avg: 460.9, Max: 460.9, Diff: 0.0, Sum: 921.8]
      [GC Worker End (ms): Min: 29969364.4, Avg: 29969364.4, Max: 29969364.4, Diff: 0.0]
   [Code Root Fixup: 0.0 ms]
   [Clear CT: 0.7 ms]
   [Other: 11.4 ms]
      [Choose CSet: 0.0 ms]
      [Ref Proc: 5.1 ms]
      [Ref Enq: 0.1 ms]
      [Free CSet: 3.1 ms]
   [Eden: 926.0M(926.0M)->0.0B(984.0M) Survivors: 98.0M->40.0M Heap: 2156.5M(3072.0M)->1257.5M(3072.0M)]
 [Times: user=0.93 sys=0.00, real=0.48 secs] 
29974.723: [GC pause (young)
Desired survivor size 67108864 bytes, new threshold 16 (max 32)
- age   1:   38558528 bytes,   38558528 total
, 0.3090020 secs]
   [Parallel Time: 292.4 ms, GC Workers: 2]
      [GC Worker Start (ms): Min: 29974725.5, Avg: 29974725.5, Max: 29974725.5, Diff: 0.0]
      [Ext Root Scanning (ms): Min: 64.6, Avg: 71.6, Max: 78.6, Diff: 14.0, Sum: 143.2]
      [Update RS (ms): Min: 19.4, Avg: 28.9, Max: 38.5, Diff: 19.1, Sum: 57.9]
         [Processed Buffers: Min: 129, Avg: 180.0, Max: 231, Diff: 102, Sum: 360]
      [Scan RS (ms): Min: 45.2, Avg: 45.3, Max: 45.3, Diff: 0.0, Sum: 90.5]
      [Object Copy (ms): Min: 144.0, Avg: 146.5, Max: 149.0, Diff: 5.0, Sum: 292.9]
      [Termination (ms): Min: 0.0, Avg: 0.0, Max: 0.0, Diff: 0.0, Sum: 0.0]
      [GC Worker Other (ms): Min: 0.1, Avg: 0.1, Max: 0.1, Diff: 0.0, Sum: 0.2]
      [GC Worker Total (ms): Min: 292.3, Avg: 292.3, Max: 292.3, Diff: 0.0, Sum: 584.7]
      [GC Worker End (ms): Min: 29975017.9, Avg: 29975017.9, Max: 29975017.9, Diff: 0.0]
   [Code Root Fixup: 0.0 ms]
   [Clear CT: 0.8 ms]
   [Other: 15.8 ms]
      [Choose CSet: 0.0 ms]
      [Ref Proc: 8.3 ms]
      [Ref Enq: 0.1 ms]
      [Free CSet: 4.6 ms]
   [Eden: 984.0M(984.0M)->0.0B(964.0M) Survivors: 40.0M->60.0M Heap: 2252.6M(3072.0M)->1289.1M(3072.0M)]
 [Times: user=0.60 sys=0.00, real=0.31 secs] 
29979.787: [GC pause (young)
Desired survivor size 67108864 bytes, new threshold 16 (max 32)
- age   1:   35865032 bytes,   35865032 total
- age   2:   22347656 bytes,   58212688 total
, 0.3532220 secs]
   [Parallel Time: 337.2 ms, GC Workers: 2]
      [GC Worker Start (ms): Min: 29979788.9, Avg: 29979788.9, Max: 29979788.9, Diff: 0.1]
      [Ext Root Scanning (ms): Min: 63.1, Avg: 71.6, Max: 80.2, Diff: 17.1, Sum: 143.3]
      [Update RS (ms): Min: 13.7, Avg: 24.3, Max: 34.8, Diff: 21.1, Sum: 48.6]
         [Processed Buffers: Min: 149, Avg: 196.0, Max: 243, Diff: 94, Sum: 392]
      [Scan RS (ms): Min: 50.0, Avg: 50.0, Max: 50.0, Diff: 0.0, Sum: 99.9]
      [Object Copy (ms): Min: 189.1, Avg: 191.1, Max: 193.1, Diff: 4.0, Sum: 382.1]
      [Termination (ms): Min: 0.0, Avg: 0.0, Max: 0.0, Diff: 0.0, Sum: 0.0]
      [GC Worker Other (ms): Min: 0.1, Avg: 0.1, Max: 0.1, Diff: 0.0, Sum: 0.2]
      [GC Worker Total (ms): Min: 337.0, Avg: 337.1, Max: 337.1, Diff: 0.1, Sum: 674.1]
      [GC Worker End (ms): Min: 29980126.0, Avg: 29980126.0, Max: 29980126.0, Diff: 0.0]
   [Code Root Fixup: 0.0 ms]
   [Clear CT: 0.8 ms]
   [Other: 15.3 ms]
      [Choose CSet: 0.0 ms]
      [Ref Proc: 8.4 ms]
      [Ref Enq: 0.1 ms]
      [Free CSet: 4.6 ms]
   [Eden: 832.0M(964.0M)->0.0B(940.0M) Survivors: 60.0M->84.0M Heap: 2159.1M(3072.0M)->1350.6M(3072.0M)]
 [Times: user=0.69 sys=0.00, real=0.35 secs] 
29980.165: [GC pause (young) (initial-mark)
Desired survivor size 67108864 bytes, new threshold 3 (max 32)
- age   1:   31619816 bytes,   31619816 total
- age   2:   30793528 bytes,   62413344 total
- age   3:   21012952 bytes,   83426296 total
, 0.3674640 secs]
   [Parallel Time: 364.3 ms, GC Workers: 2]
      [GC Worker Start (ms): Min: 29980166.2, Avg: 29980166.2, Max: 29980166.2, Diff: 0.0]
      [Ext Root Scanning (ms): Min: 61.0, Avg: 77.8, Max: 94.6, Diff: 33.6, Sum: 155.6]
      [Update RS (ms): Min: 65.6, Avg: 81.4, Max: 97.3, Diff: 31.7, Sum: 162.8]
         [Processed Buffers: Min: 157, Avg: 158.5, Max: 160, Diff: 3, Sum: 317]
      [Scan RS (ms): Min: 5.6, Avg: 5.7, Max: 5.8, Diff: 0.2, Sum: 11.4]
      [Object Copy (ms): Min: 198.1, Avg: 199.0, Max: 200.0, Diff: 1.9, Sum: 398.1]
      [Termination (ms): Min: 0.0, Avg: 0.0, Max: 0.0, Diff: 0.0, Sum: 0.0]
      [GC Worker Other (ms): Min: 0.1, Avg: 0.2, Max: 0.3, Diff: 0.1, Sum: 0.4]
      [GC Worker Total (ms): Min: 364.1, Avg: 364.2, Max: 364.2, Diff: 0.1, Sum: 728.3]
      [GC Worker End (ms): Min: 29980530.4, Avg: 29980530.4, Max: 29980530.4, Diff: 0.0]
   [Code Root Fixup: 0.0 ms]
   [Clear CT: 0.2 ms]
   [Other: 3.0 ms]
      [Choose CSet: 0.0 ms]
      [Ref Proc: 0.3 ms]
      [Ref Enq: 0.0 ms]
      [Free CSet: 0.3 ms]
   [Eden: 3072.0K(940.0M)->0.0B(963.0M) Survivors: 84.0M->61.0M Heap: 1365.6M(3072.0M)->1360.8M(3072.0M)]
 [Times: user=0.73 sys=0.00, real=0.37 secs] 
29980.533: [GC concurrent-root-region-scan-start]
29980.808: [GC concurrent-root-region-scan-end, 0.2746360 secs]
29980.808: [GC concurrent-mark-start]
29982.534: [GC concurrent-mark-end, 1.7254200 secs]
29982.535: [GC remark 29982.536: [GC ref-proc, 0.1227800 secs], 0.1946090 secs]
 [Times: user=0.20 sys=0.00, real=0.20 secs] 
29982.732: [GC cleanup 1706M->1335M(3072M), 0.0243610 secs]
 [Times: user=0.05 sys=0.00, real=0.02 secs] 
29982.757: [GC concurrent-cleanup-start]
29982.758: [GC concurrent-cleanup-end, 0.0009100 secs]
29986.553: [GC pause (young)
Desired survivor size 67108864 bytes, new threshold 16 (max 32)
- age   1:     275360 bytes,     275360 total
- age   2:   31065352 bytes,   31340712 total
- age   3:   30732080 bytes,   62072792 total
, 0.3784350 secs]
   [Parallel Time: 365.9 ms, GC Workers: 2]
      [GC Worker Start (ms): Min: 29986554.6, Avg: 29986554.6, Max: 29986554.6, Diff: 0.0]
      [Ext Root Scanning (ms): Min: 62.6, Avg: 70.8, Max: 79.0, Diff: 16.5, Sum: 141.6]
      [Update RS (ms): Min: 58.7, Avg: 69.4, Max: 80.1, Diff: 21.5, Sum: 138.8]
         [Processed Buffers: Min: 75, Avg: 167.0, Max: 259, Diff: 184, Sum: 334]
      [Scan RS (ms): Min: 45.4, Avg: 45.8, Max: 46.2, Diff: 0.7, Sum: 91.6]
      [Object Copy (ms): Min: 177.6, Avg: 179.8, Max: 181.9, Diff: 4.3, Sum: 359.5]
      [Termination (ms): Min: 0.0, Avg: 0.0, Max: 0.0, Diff: 0.0, Sum: 0.0]
      [GC Worker Other (ms): Min: 0.1, Avg: 0.1, Max: 0.1, Diff: 0.0, Sum: 0.2]
      [GC Worker Total (ms): Min: 365.9, Avg: 365.9, Max: 365.9, Diff: 0.0, Sum: 731.7]
      [GC Worker End (ms): Min: 29986920.4, Avg: 29986920.4, Max: 29986920.4, Diff: 0.0]
   [Code Root Fixup: 0.0 ms]
   [Clear CT: 0.7 ms]
   [Other: 11.8 ms]
      [Choose CSet: 0.0 ms]
      [Ref Proc: 6.2 ms]
      [Ref Enq: 0.1 ms]
      [Free CSet: 3.3 ms]
   [Eden: 963.0M(963.0M)->0.0B(946.0M) Survivors: 61.0M->78.0M Heap: 1967.0M(3072.0M)->1021.5M(3072.0M)]
 [Times: user=0.74 sys=0.00, real=0.38 secs] 
29992.772: [GC pause (mixed)
Desired survivor size 67108864 bytes, new threshold 4 (max 32)
- age   1:   34552376 bytes,   34552376 total
- age   2:      21840 bytes,   34574216 total
- age   3:   20654256 bytes,   55228472 total
- age   4:   23686736 bytes,   78915208 total
, 0.4709300 secs]
   [Parallel Time: 457.7 ms, GC Workers: 2]
      [GC Worker Start (ms): Min: 29992774.0, Avg: 29992774.1, Max: 29992774.1, Diff: 0.0]
      [Ext Root Scanning (ms): Min: 62.4, Avg: 70.3, Max: 78.1, Diff: 15.7, Sum: 140.5]
      [Update RS (ms): Min: 61.3, Avg: 71.8, Max: 82.3, Diff: 21.0, Sum: 143.6]
         [Processed Buffers: Min: 133, Avg: 161.0, Max: 189, Diff: 56, Sum: 322]
      [Scan RS (ms): Min: 68.3, Avg: 68.3, Max: 68.3, Diff: 0.1, Sum: 136.6]
      [Object Copy (ms): Min: 244.6, Avg: 247.2, Max: 249.8, Diff: 5.2, Sum: 494.4]
      [Termination (ms): Min: 0.0, Avg: 0.0, Max: 0.0, Diff: 0.0, Sum: 0.0]
      [GC Worker Other (ms): Min: 0.1, Avg: 0.1, Max: 0.1, Diff: 0.0, Sum: 0.2]
      [GC Worker Total (ms): Min: 457.6, Avg: 457.6, Max: 457.6, Diff: 0.0, Sum: 915.3]
      [GC Worker End (ms): Min: 29993231.7, Avg: 29993231.7, Max: 29993231.7, Diff: 0.0]
   [Code Root Fixup: 0.0 ms]
   [Clear CT: 0.9 ms]
   [Other: 12.3 ms]
      [Choose CSet: 1.0 ms]
      [Ref Proc: 3.6 ms]
      [Ref Enq: 0.1 ms]
      [Free CSet: 5.3 ms]
   [Eden: 946.0M(946.0M)->0.0B(943.0M) Survivors: 78.0M->81.0M Heap: 1972.9M(3072.0M)->918.9M(3072.0M)]
 [Times: user=0.93 sys=0.00, real=0.47 secs] 
29998.128: [GC pause (mixed)
Desired survivor size 67108864 bytes, new threshold 4 (max 32)
- age   1:   38936216 bytes,   38936216 total
- age   2:   24609184 bytes,   63545400 total
- age   3:      21216 bytes,   63566616 total
- age   4:   18927736 bytes,   82494352 total
, 0.4935190 secs]
   [Parallel Time: 482.2 ms, GC Workers: 2]
      [GC Worker Start (ms): Min: 29998129.8, Avg: 29998129.9, Max: 29998129.9, Diff: 0.0]
      [Ext Root Scanning (ms): Min: 67.1, Avg: 73.8, Max: 80.5, Diff: 13.4, Sum: 147.6]
      [Update RS (ms): Min: 55.5, Avg: 65.0, Max: 74.5, Diff: 19.0, Sum: 130.0]
         [Processed Buffers: Min: 141, Avg: 149.5, Max: 158, Diff: 17, Sum: 299]
      [Scan RS (ms): Min: 55.2, Avg: 55.2, Max: 55.3, Diff: 0.2, Sum: 110.5]
      [Object Copy (ms): Min: 285.2, Avg: 287.9, Max: 290.7, Diff: 5.5, Sum: 575.9]
      [Termination (ms): Min: 0.0, Avg: 0.0, Max: 0.0, Diff: 0.0, Sum: 0.0]
      [GC Worker Other (ms): Min: 0.1, Avg: 0.1, Max: 0.1, Diff: 0.0, Sum: 0.2]
      [GC Worker Total (ms): Min: 482.1, Avg: 482.1, Max: 482.1, Diff: 0.0, Sum: 964.2]
      [GC Worker End (ms): Min: 29998611.9, Avg: 29998612.0, Max: 29998612.0, Diff: 0.0]
   [Code Root Fixup: 0.0 ms]
   [Clear CT: 0.7 ms]
   [Other: 10.6 ms]
      [Choose CSet: 0.1 ms]
      [Ref Proc: 3.7 ms]
      [Ref Enq: 0.1 ms]
      [Free CSet: 4.3 ms]
   [Eden: 943.0M(943.0M)->0.0B(912.0M) Survivors: 81.0M->112.0M Heap: 1905.3M(3072.0M)->1004.3M(3072.0M)]
 [Times: user=0.97 sys=0.00, real=0.50 secs] 
30004.351: [GC pause (young)
Desired survivor size 67108864 bytes, new threshold 2 (max 32)
- age   1:   61517952 bytes,   61517952 total
- age   2:   30537536 bytes,   92055488 total
- age   3:   23341040 bytes,  115396528 total
- age   4:      20640 bytes,  115417168 total
, 0.4205360 secs]
   [Parallel Time: 407.8 ms, GC Workers: 2]
      [GC Worker Start (ms): Min: 30004353.2, Avg: 30004353.2, Max: 30004353.3, Diff: 0.0]
      [Ext Root Scanning (ms): Min: 62.6, Avg: 73.2, Max: 83.8, Diff: 21.2, Sum: 146.4]
      [Update RS (ms): Min: 5.1, Avg: 18.3, Max: 31.4, Diff: 26.3, Sum: 36.5]
         [Processed Buffers: Min: 11, Avg: 165.0, Max: 319, Diff: 308, Sum: 330]
      [Scan RS (ms): Min: 65.1, Avg: 65.2, Max: 65.3, Diff: 0.2, Sum: 130.4]
      [Object Copy (ms): Min: 248.2, Avg: 250.8, Max: 253.4, Diff: 5.2, Sum: 501.7]
      [Termination (ms): Min: 0.0, Avg: 0.0, Max: 0.0, Diff: 0.0, Sum: 0.0]
      [GC Worker Other (ms): Min: 0.1, Avg: 0.1, Max: 0.1, Diff: 0.0, Sum: 0.2]
      [GC Worker Total (ms): Min: 407.6, Avg: 407.6, Max: 407.6, Diff: 0.0, Sum: 815.2]
      [GC Worker End (ms): Min: 30004760.8, Avg: 30004760.9, Max: 30004760.9, Diff: 0.0]
   [Code Root Fixup: 0.0 ms]
   [Clear CT: 0.8 ms]
   [Other: 11.9 ms]
      [Choose CSet: 0.0 ms]
      [Ref Proc: 3.8 ms]
      [Ref Enq: 0.1 ms]
      [Free CSet: 5.1 ms]
   [Eden: 912.0M(912.0M)->0.0B(960.0M) Survivors: 112.0M->64.0M Heap: 1943.0M(3072.0M)->1030.0M(3072.0M)]
 [Times: user=0.83 sys=0.00, real=0.42 secs] 
30010.156: [GC pause (young)
Desired survivor size 67108864 bytes, new threshold 16 (max 32)
- age   1:   41319736 bytes,   41319736 total
- age   2:   23739632 bytes,   65059368 total
, 0.4745740 secs]
   [Parallel Time: 463.7 ms, GC Workers: 2]
      [GC Worker Start (ms): Min: 30010157.7, Avg: 30010157.7, Max: 30010157.7, Diff: 0.0]
      [Ext Root Scanning (ms): Min: 65.6, Avg: 74.3, Max: 83.0, Diff: 17.4, Sum: 148.6]
      [Update RS (ms): Min: 51.1, Avg: 62.4, Max: 73.7, Diff: 22.6, Sum: 124.8]
         [Processed Buffers: Min: 140, Avg: 150.0, Max: 160, Diff: 20, Sum: 300]
      [Scan RS (ms): Min: 69.0, Avg: 69.0, Max: 69.1, Diff: 0.0, Sum: 138.1]
      [Object Copy (ms): Min: 254.6, Avg: 257.1, Max: 259.7, Diff: 5.1, Sum: 514.2]
      [Termination (ms): Min: 0.0, Avg: 0.0, Max: 0.0, Diff: 0.0, Sum: 0.0]
      [GC Worker Other (ms): Min: 0.1, Avg: 0.1, Max: 0.1, Diff: 0.0, Sum: 0.2]
      [GC Worker Total (ms): Min: 462.9, Avg: 462.9, Max: 462.9, Diff: 0.0, Sum: 925.9]
      [GC Worker End (ms): Min: 30010620.6, Avg: 30010620.6, Max: 30010620.6, Diff: 0.0]
   [Code Root Fixup: 0.0 ms]
   [Clear CT: 0.7 ms]
   [Other: 10.2 ms]
      [Choose CSet: 0.0 ms]
      [Ref Proc: 3.3 ms]
      [Ref Enq: 0.0 ms]
      [Free CSet: 4.6 ms]
   [Eden: 960.0M(960.0M)->0.0B(911.0M) Survivors: 64.0M->113.0M Heap: 2022.2M(3072.0M)->1110.7M(3072.0M)]
 [Times: user=0.93 sys=0.00, real=0.47 secs] 
30015.644: [GC pause (young)
Desired survivor size 67108864 bytes, new threshold 2 (max 32)
- age   1:   65862616 bytes,   65862616 total
- age   2:   27668984 bytes,   93531600 total
- age   3:   21536656 bytes,  115068256 total
, 0.5187610 secs]
   [Parallel Time: 505.9 ms, GC Workers: 2]
      [GC Worker Start (ms): Min: 30015646.0, Avg: 30015646.0, Max: 30015646.0, Diff: 0.0]
      [Ext Root Scanning (ms): Min: 67.3, Avg: 75.3, Max: 83.3, Diff: 16.0, Sum: 150.5]
      [Update RS (ms): Min: 50.6, Avg: 61.0, Max: 71.4, Diff: 20.8, Sum: 122.1]
         [Processed Buffers: Min: 44, Avg: 137.5, Max: 231, Diff: 187, Sum: 275]
      [Scan RS (ms): Min: 92.6, Avg: 92.6, Max: 92.7, Diff: 0.1, Sum: 185.3]
      [Object Copy (ms): Min: 274.4, Avg: 276.7, Max: 279.1, Diff: 4.7, Sum: 553.5]
      [Termination (ms): Min: 0.0, Avg: 0.0, Max: 0.0, Diff: 0.0, Sum: 0.0]
      [GC Worker Other (ms): Min: 0.1, Avg: 0.1, Max: 0.1, Diff: 0.0, Sum: 0.2]
      [GC Worker Total (ms): Min: 505.8, Avg: 505.8, Max: 505.8, Diff: 0.0, Sum: 1011.5]
      [GC Worker End (ms): Min: 30016151.7, Avg: 30016151.8, Max: 30016151.8, Diff: 0.0]
   [Code Root Fixup: 0.0 ms]
   [Clear CT: 1.2 ms]
   [Other: 11.7 ms]
      [Choose CSet: 0.0 ms]
      [Ref Proc: 3.7 ms]
      [Ref Enq: 0.1 ms]
      [Free CSet: 4.6 ms]
   [Eden: 911.0M(911.0M)->0.0B(956.0M) Survivors: 113.0M->68.0M Heap: 2033.7M(3072.0M)->1122.2M(3072.0M)]
 [Times: user=1.02 sys=0.00, real=0.52 secs] 
30022.322: [GC pause (young)
Desired survivor size 67108864 bytes, new threshold 2 (max 32)
- age   1:   40624808 bytes,   40624808 total
- age   2:   28771528 bytes,   69396336 total
, 0.4688610 secs]
   [Parallel Time: 455.8 ms, GC Workers: 2]
      [GC Worker Start (ms): Min: 30022323.8, Avg: 30022324.6, Max: 30022325.3, Diff: 1.6]
      [Ext Root Scanning (ms): Min: 62.6, Avg: 73.8, Max: 84.9, Diff: 22.3, Sum: 147.5]
      [Update RS (ms): Min: 55.2, Avg: 67.8, Max: 80.3, Diff: 25.2, Sum: 135.5]
         [Processed Buffers: Min: 67, Avg: 153.0, Max: 239, Diff: 172, Sum: 306]
      [Scan RS (ms): Min: 70.9, Avg: 71.0, Max: 71.0, Diff: 0.1, Sum: 141.9]
      [Object Copy (ms): Min: 240.0, Avg: 242.3, Max: 244.6, Diff: 4.6, Sum: 484.7]
      [Termination (ms): Min: 0.0, Avg: 0.0, Max: 0.0, Diff: 0.0, Sum: 0.0]
      [GC Worker Other (ms): Min: 0.1, Avg: 0.1, Max: 0.1, Diff: 0.0, Sum: 0.2]
      [GC Worker Total (ms): Min: 454.2, Avg: 454.9, Max: 455.7, Diff: 1.5, Sum: 909.8]
      [GC Worker End (ms): Min: 30022779.5, Avg: 30022779.5, Max: 30022779.5, Diff: 0.0]
   [Code Root Fixup: 0.0 ms]
   [Clear CT: 0.7 ms]
   [Other: 12.4 ms]
      [Choose CSet: 0.0 ms]
      [Ref Proc: 5.0 ms]
      [Ref Enq: 0.1 ms]
      [Free CSet: 4.5 ms]
   [Eden: 956.0M(956.0M)->0.0B(951.0M) Survivors: 68.0M->73.0M Heap: 2123.1M(3072.0M)->1198.1M(3072.0M)]
 [Times: user=0.92 sys=0.00, real=0.47 secs] 
30028.247: [GC pause (young)
Desired survivor size 67108864 bytes, new threshold 2 (max 32)
- age   1:   42849752 bytes,   42849752 total
- age   2:   31563704 bytes,   74413456 total
, 0.4332530 secs]
   [Parallel Time: 421.7 ms, GC Workers: 2]
      [GC Worker Start (ms): Min: 30028249.3, Avg: 30028249.3, Max: 30028249.3, Diff: 0.0]
      [Ext Root Scanning (ms): Min: 63.9, Avg: 72.6, Max: 81.2, Diff: 17.3, Sum: 145.1]
      [Update RS (ms): Min: 48.9, Avg: 59.9, Max: 70.9, Diff: 22.0, Sum: 119.8]
         [Processed Buffers: Min: 69, Avg: 138.5, Max: 208, Diff: 139, Sum: 277]
      [Scan RS (ms): Min: 67.3, Avg: 67.4, Max: 67.4, Diff: 0.1, Sum: 134.8]
      [Object Copy (ms): Min: 219.3, Avg: 221.6, Max: 223.9, Diff: 4.6, Sum: 443.3]
      [Termination (ms): Min: 0.0, Avg: 0.0, Max: 0.0, Diff: 0.0, Sum: 0.0]
      [GC Worker Other (ms): Min: 0.1, Avg: 0.1, Max: 0.1, Diff: 0.0, Sum: 0.2]
      [GC Worker Total (ms): Min: 421.6, Avg: 421.6, Max: 421.6, Diff: 0.0, Sum: 843.2]
      [GC Worker End (ms): Min: 30028670.9, Avg: 30028670.9, Max: 30028670.9, Diff: 0.0]
   [Code Root Fixup: 0.0 ms]
   [Clear CT: 0.6 ms]
   [Other: 10.9 ms]
      [Choose CSet: 0.0 ms]
      [Ref Proc: 3.5 ms]
      [Ref Enq: 0.0 ms]
      [Free CSet: 4.3 ms]
   [Eden: 951.0M(951.0M)->0.0B(961.0M) Survivors: 73.0M->63.0M Heap: 2171.3M(3072.0M)->1238.3M(3072.0M)]
 [Times: user=0.85 sys=0.00, real=0.43 secs] 
30034.582: [GC pause (young)
Desired survivor size 67108864 bytes, new threshold 16 (max 32)
- age   1:   33688592 bytes,   33688592 total
- age   2:   30733568 bytes,   64422160 total
, 0.3521100 secs]
   [Parallel Time: 340.7 ms, GC Workers: 2]
      [GC Worker Start (ms): Min: 30034583.4, Avg: 30034583.4, Max: 30034583.4, Diff: 0.0]
      [Ext Root Scanning (ms): Min: 60.1, Avg: 73.8, Max: 87.5, Diff: 27.4, Sum: 147.6]
      [Update RS (ms): Min: 37.7, Avg: 49.5, Max: 61.3, Diff: 23.6, Sum: 99.1]
         [Processed Buffers: Min: 109, Avg: 188.0, Max: 267, Diff: 158, Sum: 376]
      [Scan RS (ms): Min: 56.5, Avg: 57.0, Max: 57.5, Diff: 1.0, Sum: 114.0]
      [Object Copy (ms): Min: 158.7, Avg: 160.1, Max: 161.5, Diff: 2.8, Sum: 320.2]
      [Termination (ms): Min: 0.0, Avg: 0.0, Max: 0.0, Diff: 0.0, Sum: 0.0]
      [GC Worker Other (ms): Min: 0.1, Avg: 0.1, Max: 0.2, Diff: 0.1, Sum: 0.3]
      [GC Worker Total (ms): Min: 340.6, Avg: 340.6, Max: 340.6, Diff: 0.0, Sum: 681.1]
      [GC Worker End (ms): Min: 30034924.0, Avg: 30034924.0, Max: 30034924.0, Diff: 0.0]
   [Code Root Fixup: 0.0 ms]
   [Clear CT: 0.7 ms]
   [Other: 10.8 ms]
      [Choose CSet: 0.0 ms]
      [Ref Proc: 3.6 ms]
      [Ref Enq: 0.1 ms]
      [Free CSet: 4.7 ms]
   [Eden: 943.0M(961.0M)->0.0B(952.0M) Survivors: 63.0M->72.0M Heap: 2236.1M(3072.0M)->1301.8M(3072.0M)]
 [Times: user=0.69 sys=0.00, real=0.35 secs] 
30035.236: [GC pause (young) (initial-mark)
Desired survivor size 67108864 bytes, new threshold 3 (max 32)
- age   1:   35998296 bytes,   35998296 total
- age   2:   17859568 bytes,   53857864 total
- age   3:   19800848 bytes,   73658712 total
, 0.3726200 secs]
   [Parallel Time: 368.3 ms, GC Workers: 2]
      [GC Worker Start (ms): Min: 30035237.3, Avg: 30035237.3, Max: 30035237.3, Diff: 0.0]
      [Ext Root Scanning (ms): Min: 57.4, Avg: 73.8, Max: 90.2, Diff: 32.8, Sum: 147.6]
      [Update RS (ms): Min: 47.8, Avg: 64.0, Max: 80.3, Diff: 32.4, Sum: 128.1]
         [Processed Buffers: Min: 133, Avg: 199.0, Max: 265, Diff: 132, Sum: 398]
      [Scan RS (ms): Min: 56.7, Avg: 56.8, Max: 56.8, Diff: 0.1, Sum: 113.5]
      [Object Copy (ms): Min: 173.3, Avg: 173.5, Max: 173.7, Diff: 0.5, Sum: 347.0]
      [Termination (ms): Min: 0.0, Avg: 0.0, Max: 0.0, Diff: 0.0, Sum: 0.0]
      [GC Worker Other (ms): Min: 0.1, Avg: 0.1, Max: 0.1, Diff: 0.0, Sum: 0.2]
      [GC Worker Total (ms): Min: 368.2, Avg: 368.2, Max: 368.2, Diff: 0.0, Sum: 736.3]
      [GC Worker End (ms): Min: 30035605.4, Avg: 30035605.4, Max: 30035605.5, Diff: 0.0]
   [Code Root Fixup: 0.0 ms]
   [Clear CT: 0.3 ms]
   [Other: 4.1 ms]
      [Choose CSet: 0.0 ms]
      [Ref Proc: 0.6 ms]
      [Ref Enq: 0.0 ms]
      [Free CSet: 0.8 ms]
   [Eden: 36.0M(952.0M)->0.0B(971.0M) Survivors: 72.0M->53.0M Heap: 1369.4M(3072.0M)->1333.8M(3072.0M)]
 [Times: user=0.74 sys=0.00, real=0.37 secs] 
30035.609: [GC concurrent-root-region-scan-start]
30035.813: [GC concurrent-root-region-scan-end, 0.2046330 secs]
30035.814: [GC concurrent-mark-start]
30038.039: [GC concurrent-mark-end, 2.2252600 secs]
30038.042: [GC remark 30038.043: [GC ref-proc, 0.0197280 secs], 0.0917640 secs]
 [Times: user=0.09 sys=0.00, real=0.09 secs] 
30038.135: [GC cleanup 1708M->1445M(3072M), 0.0239110 secs]
 [Times: user=0.05 sys=0.00, real=0.03 secs] 
30038.160: [GC concurrent-cleanup-start]
30038.161: [GC concurrent-cleanup-end, 0.0006820 secs]
30042.030: [GC pause (young)
Desired survivor size 67108864 bytes, new threshold 16 (max 32)
- age   1:    1936248 bytes,    1936248 total
- age   2:   33912048 bytes,   35848296 total
- age   3:   17785720 bytes,   53634016 total
, 0.5659020 secs]
   [Parallel Time: 555.5 ms, GC Workers: 2]
      [GC Worker Start (ms): Min: 30042030.9, Avg: 30042030.9, Max: 30042030.9, Diff: 0.0]
      [Ext Root Scanning (ms): Min: 66.2, Avg: 73.2, Max: 80.1, Diff: 13.9, Sum: 146.4]
      [Update RS (ms): Min: 9.3, Avg: 18.9, Max: 28.4, Diff: 19.1, Sum: 37.7]
         [Processed Buffers: Min: 109, Avg: 133.0, Max: 157, Diff: 48, Sum: 266]
      [Scan RS (ms): Min: 60.7, Avg: 60.7, Max: 60.7, Diff: 0.0, Sum: 121.4]
      [Object Copy (ms): Min: 399.9, Avg: 402.4, Max: 405.0, Diff: 5.1, Sum: 804.9]
      [Termination (ms): Min: 0.0, Avg: 0.0, Max: 0.0, Diff: 0.0, Sum: 0.0]
      [GC Worker Other (ms): Min: 0.1, Avg: 0.1, Max: 0.2, Diff: 0.1, Sum: 0.3]
      [GC Worker Total (ms): Min: 555.3, Avg: 555.3, Max: 555.3, Diff: 0.1, Sum: 1110.6]
      [GC Worker End (ms): Min: 30042586.2, Avg: 30042586.2, Max: 30042586.3, Diff: 0.1]
   [Code Root Fixup: 0.0 ms]
   [Clear CT: 0.8 ms]
   [Other: 9.7 ms]
      [Choose CSet: 0.0 ms]
      [Ref Proc: 4.7 ms]
      [Ref Enq: 0.1 ms]
      [Free CSet: 3.1 ms]
   [Eden: 971.0M(971.0M)->0.0B(896.0M) Survivors: 53.0M->128.0M Heap: 2090.4M(3072.0M)->1231.9M(3072.0M)]
 [Times: user=1.12 sys=0.00, real=0.56 secs] 
30047.629: [GC pause (mixed)
Desired survivor size 67108864 bytes, new threshold 1 (max 32)
- age   1:  136137544 bytes,  136137544 total
- age   2:     268096 bytes,  136405640 total
- age   3:   17033640 bytes,  153439280 total
- age   4:   15557968 bytes,  168997248 total
, 0.5116700 secs]
   [Parallel Time: 498.9 ms, GC Workers: 2]
      [GC Worker Start (ms): Min: 30047630.6, Avg: 30047630.7, Max: 30047630.7, Diff: 0.1]
      [Ext Root Scanning (ms): Min: 63.2, Avg: 72.6, Max: 82.0, Diff: 18.8, Sum: 145.3]
      [Update RS (ms): Min: 16.2, Avg: 28.2, Max: 40.1, Diff: 23.9, Sum: 56.4]
         [Processed Buffers: Min: 126, Avg: 135.5, Max: 145, Diff: 19, Sum: 271]
      [Scan RS (ms): Min: 109.9, Avg: 110.0, Max: 110.1, Diff: 0.2, Sum: 220.1]
      [Object Copy (ms): Min: 285.4, Avg: 287.8, Max: 290.2, Diff: 4.8, Sum: 575.5]
      [Termination (ms): Min: 0.0, Avg: 0.0, Max: 0.0, Diff: 0.0, Sum: 0.0]
      [GC Worker Other (ms): Min: 0.1, Avg: 0.1, Max: 0.1, Diff: 0.0, Sum: 0.2]
      [GC Worker Total (ms): Min: 498.7, Avg: 498.7, Max: 498.8, Diff: 0.1, Sum: 997.5]
      [GC Worker End (ms): Min: 30048129.4, Avg: 30048129.4, Max: 30048129.4, Diff: 0.0]
   [Code Root Fixup: 0.0 ms]
   [Clear CT: 1.0 ms]
   [Other: 11.8 ms]
      [Choose CSet: 1.0 ms]
      [Ref Proc: 3.9 ms]
      [Ref Enq: 0.1 ms]
      [Free CSet: 4.3 ms]
   [Eden: 896.0M(896.0M)->0.0B(977.0M) Survivors: 128.0M->47.0M Heap: 2149.1M(3072.0M)->1191.6M(3072.0M)]
 [Times: user=1.01 sys=0.01, real=0.51 secs] 
30054.464: [GC pause (mixed)
Desired survivor size 67108864 bytes, new threshold 16 (max 32)
- age   1:   46058088 bytes,   46058088 total
, 0.2818380 secs]
   [Parallel Time: 268.0 ms, GC Workers: 2]
      [GC Worker Start (ms): Min: 30054465.7, Avg: 30054465.7, Max: 30054465.8, Diff: 0.0]
      [Ext Root Scanning (ms): Min: 61.5, Avg: 70.4, Max: 79.3, Diff: 17.8, Sum: 140.9]
      [Update RS (ms): Min: 6.4, Avg: 18.0, Max: 29.6, Diff: 23.1, Sum: 36.0]
         [Processed Buffers: Min: 125, Avg: 145.0, Max: 165, Diff: 40, Sum: 290]
      [Scan RS (ms): Min: 50.8, Avg: 50.8, Max: 50.8, Diff: 0.0, Sum: 101.7]
      [Object Copy (ms): Min: 125.8, Avg: 128.5, Max: 131.2, Diff: 5.3, Sum: 257.0]
      [Termination (ms): Min: 0.0, Avg: 0.0, Max: 0.0, Diff: 0.0, Sum: 0.0]
      [GC Worker Other (ms): Min: 0.1, Avg: 0.1, Max: 0.2, Diff: 0.1, Sum: 0.3]
      [GC Worker Total (ms): Min: 267.9, Avg: 267.9, Max: 267.9, Diff: 0.1, Sum: 535.8]
      [GC Worker End (ms): Min: 30054733.6, Avg: 30054733.6, Max: 30054733.6, Diff: 0.0]
   [Code Root Fixup: 0.0 ms]
   [Clear CT: 1.5 ms]
   [Other: 12.3 ms]
      [Choose CSet: 0.9 ms]
      [Ref Proc: 6.5 ms]
      [Ref Enq: 0.1 ms]
      [Free CSet: 3.3 ms]
   [Eden: 977.0M(977.0M)->0.0B(967.0M) Survivors: 47.0M->57.0M Heap: 2191.8M(3072.0M)->1191.8M(3072.0M)]
 [Times: user=0.54 sys=0.00, real=0.28 secs] 
30061.740: [GC pause (young)
Desired survivor size 67108864 bytes, new threshold 16 (max 32)
- age   1:   26748832 bytes,   26748832 total
- age   2:   28688528 bytes,   55437360 total
, 0.2561710 secs]
   [Parallel Time: 245.4 ms, GC Workers: 2]
      [GC Worker Start (ms): Min: 30061741.0, Avg: 30061741.0, Max: 30061741.0, Diff: 0.0]
      [Ext Root Scanning (ms): Min: 66.7, Avg: 72.6, Max: 78.6, Diff: 11.9, Sum: 145.2]
      [Update RS (ms): Min: 15.1, Avg: 23.4, Max: 31.6, Diff: 16.5, Sum: 46.8]
         [Processed Buffers: Min: 126, Avg: 140.5, Max: 155, Diff: 29, Sum: 281]
      [Scan RS (ms): Min: 21.5, Avg: 21.6, Max: 21.7, Diff: 0.2, Sum: 43.1]
      [Object Copy (ms): Min: 125.4, Avg: 127.6, Max: 129.8, Diff: 4.4, Sum: 255.2]
      [Termination (ms): Min: 0.0, Avg: 0.0, Max: 0.0, Diff: 0.0, Sum: 0.0]
      [GC Worker Other (ms): Min: 0.1, Avg: 0.1, Max: 0.1, Diff: 0.0, Sum: 0.2]
      [GC Worker Total (ms): Min: 245.2, Avg: 245.3, Max: 245.3, Diff: 0.0, Sum: 490.5]
      [GC Worker End (ms): Min: 30061986.2, Avg: 30061986.3, Max: 30061986.3, Diff: 0.0]
   [Code Root Fixup: 0.0 ms]
   [Clear CT: 0.8 ms]
   [Other: 9.9 ms]
      [Choose CSet: 0.0 ms]
      [Ref Proc: 6.3 ms]
      [Ref Enq: 0.1 ms]
      [Free CSet: 2.2 ms]
   [Eden: 967.0M(967.0M)->0.0B(956.0M) Survivors: 57.0M->68.0M Heap: 2162.8M(3072.0M)->1206.3M(3072.0M)]
 [Times: user=0.50 sys=0.00, real=0.26 secs] 
30067.414: [GC pause (young)
Desired survivor size 67108864 bytes, new threshold 3 (max 32)
- age   1:   28359536 bytes,   28359536 total
- age   2:   11936616 bytes,   40296152 total
- age   3:   27196568 bytes,   67492720 total
, 0.3441160 secs]
   [Parallel Time: 334.0 ms, GC Workers: 2]
      [GC Worker Start (ms): Min: 30067415.1, Avg: 30067415.1, Max: 30067415.1, Diff: 0.0]
      [Ext Root Scanning (ms): Min: 65.2, Avg: 74.3, Max: 83.5, Diff: 18.3, Sum: 148.7]
      [Update RS (ms): Min: 16.4, Avg: 28.2, Max: 39.9, Diff: 23.5, Sum: 56.3]
         [Processed Buffers: Min: 148, Avg: 159.0, Max: 170, Diff: 22, Sum: 318]
      [Scan RS (ms): Min: 26.1, Avg: 26.2, Max: 26.4, Diff: 0.2, Sum: 52.5]
      [Object Copy (ms): Min: 202.2, Avg: 204.9, Max: 207.6, Diff: 5.4, Sum: 409.8]
      [Termination (ms): Min: 0.0, Avg: 0.0, Max: 0.0, Diff: 0.0, Sum: 0.0]
      [GC Worker Other (ms): Min: 0.1, Avg: 0.1, Max: 0.1, Diff: 0.0, Sum: 0.2]
      [GC Worker Total (ms): Min: 333.7, Avg: 333.8, Max: 333.8, Diff: 0.0, Sum: 667.5]
      [GC Worker End (ms): Min: 30067748.9, Avg: 30067748.9, Max: 30067748.9, Diff: 0.0]
   [Code Root Fixup: 0.0 ms]
   [Clear CT: 0.8 ms]
   [Other: 9.4 ms]
      [Choose CSet: 0.0 ms]
      [Ref Proc: 5.3 ms]
      [Ref Enq: 0.1 ms]
      [Free CSet: 2.4 ms]
   [Eden: 956.0M(956.0M)->0.0B(950.0M) Survivors: 68.0M->74.0M Heap: 2190.5M(3072.0M)->1265.5M(3072.0M)]
 [Times: user=0.68 sys=0.00, real=0.34 secs] 
30073.646: [GC pause (young)
Desired survivor size 67108864 bytes, new threshold 3 (max 32)
- age   1:   55402096 bytes,   55402096 total
- age   2:    8493400 bytes,   63895496 total
- age   3:    9092560 bytes,   72988056 total
, 0.3587240 secs]
   [Parallel Time: 349.6 ms, GC Workers: 2]
      [GC Worker Start (ms): Min: 30073647.3, Avg: 30073647.3, Max: 30073647.4, Diff: 0.0]
      [Ext Root Scanning (ms): Min: 64.3, Avg: 73.6, Max: 82.8, Diff: 18.5, Sum: 147.1]
      [Update RS (ms): Min: 39.0, Avg: 50.8, Max: 62.6, Diff: 23.5, Sum: 101.6]
         [Processed Buffers: Min: 133, Avg: 150.0, Max: 167, Diff: 34, Sum: 300]
      [Scan RS (ms): Min: 18.5, Avg: 18.7, Max: 18.8, Diff: 0.2, Sum: 37.3]
      [Object Copy (ms): Min: 203.7, Avg: 206.3, Max: 209.0, Diff: 5.3, Sum: 412.7]
      [Termination (ms): Min: 0.0, Avg: 0.0, Max: 0.0, Diff: 0.0, Sum: 0.0]
      [GC Worker Other (ms): Min: 0.1, Avg: 0.1, Max: 0.1, Diff: 0.0, Sum: 0.2]
      [GC Worker Total (ms): Min: 349.5, Avg: 349.5, Max: 349.5, Diff: 0.0, Sum: 699.0]
      [GC Worker End (ms): Min: 30073996.8, Avg: 30073996.8, Max: 30073996.8, Diff: 0.0]
   [Code Root Fixup: 0.0 ms]
   [Clear CT: 0.7 ms]
   [Other: 8.4 ms]
      [Choose CSet: 0.0 ms]
      [Ref Proc: 4.7 ms]
      [Ref Enq: 0.1 ms]
      [Free CSet: 2.3 ms]
   [Eden: 950.0M(950.0M)->0.0B(937.0M) Survivors: 74.0M->87.0M Heap: 2242.7M(3072.0M)->1313.7M(3072.0M)]
 [Times: user=0.71 sys=0.00, real=0.36 secs] 
30081.193: [GC pause (young)
Desired survivor size 67108864 bytes, new threshold 2 (max 32)
- age   1:   46423216 bytes,   46423216 total
- age   2:   34910520 bytes,   81333736 total
- age   3:    5200760 bytes,   86534496 total
, 0.4048220 secs]
   [Parallel Time: 394.5 ms, GC Workers: 2]
      [GC Worker Start (ms): Min: 30081193.6, Avg: 30081193.6, Max: 30081193.6, Diff: 0.0]
      [Ext Root Scanning (ms): Min: 66.2, Avg: 76.9, Max: 87.7, Diff: 21.5, Sum: 153.9]
      [Update RS (ms): Min: 21.7, Avg: 35.1, Max: 48.6, Diff: 27.0, Sum: 70.3]
         [Processed Buffers: Min: 92, Avg: 147.5, Max: 203, Diff: 111, Sum: 295]
      [Scan RS (ms): Min: 27.5, Avg: 27.6, Max: 27.7, Diff: 0.2, Sum: 55.2]
      [Object Copy (ms): Min: 251.8, Avg: 254.6, Max: 257.5, Diff: 5.7, Sum: 509.3]
      [Termination (ms): Min: 0.0, Avg: 0.0, Max: 0.0, Diff: 0.0, Sum: 0.0]
      [GC Worker Other (ms): Min: 0.1, Avg: 0.1, Max: 0.1, Diff: 0.0, Sum: 0.2]
      [GC Worker Total (ms): Min: 394.4, Avg: 394.4, Max: 394.4, Diff: 0.0, Sum: 788.9]
      [GC Worker End (ms): Min: 30081588.0, Avg: 30081588.0, Max: 30081588.0, Diff: 0.0]
   [Code Root Fixup: 0.0 ms]
   [Clear CT: 0.9 ms]
   [Other: 9.4 ms]
      [Choose CSet: 0.0 ms]
      [Ref Proc: 4.8 ms]
      [Ref Enq: 0.1 ms]
      [Free CSet: 2.8 ms]
   [Eden: 937.0M(937.0M)->0.0B(940.0M) Survivors: 87.0M->84.0M Heap: 2275.8M(3072.0M)->1373.8M(3072.0M)]
 [Times: user=0.80 sys=0.00, real=0.41 secs] 
30083.076: [GC pause (young) (initial-mark)
Desired survivor size 67108864 bytes, new threshold 2 (max 32)
- age   1:   53985152 bytes,   53985152 total
- age   2:   29606032 bytes,   83591184 total
, 0.3935920 secs]
   [Parallel Time: 388.9 ms, GC Workers: 2]
      [GC Worker Start (ms): Min: 30083077.3, Avg: 30083077.3, Max: 30083077.3, Diff: 0.0]
      [Ext Root Scanning (ms): Min: 57.1, Avg: 73.2, Max: 89.3, Diff: 32.2, Sum: 146.4]
      [Update RS (ms): Min: 27.1, Avg: 42.7, Max: 58.3, Diff: 31.2, Sum: 85.5]
         [Processed Buffers: Min: 125, Avg: 138.0, Max: 151, Diff: 26, Sum: 276]
      [Scan RS (ms): Min: 23.0, Avg: 23.0, Max: 23.0, Diff: 0.0, Sum: 46.0]
      [Object Copy (ms): Min: 248.6, Avg: 249.1, Max: 249.5, Diff: 1.0, Sum: 498.1]
      [Termination (ms): Min: 0.0, Avg: 0.0, Max: 0.0, Diff: 0.0, Sum: 0.0]
      [GC Worker Other (ms): Min: 0.1, Avg: 0.1, Max: 0.1, Diff: 0.0, Sum: 0.2]
      [GC Worker Total (ms): Min: 388.1, Avg: 388.1, Max: 388.1, Diff: 0.0, Sum: 776.2]
      [GC Worker End (ms): Min: 30083465.4, Avg: 30083465.4, Max: 30083465.4, Diff: 0.0]
   [Code Root Fixup: 0.0 ms]
   [Clear CT: 0.4 ms]
   [Other: 4.3 ms]
      [Choose CSet: 0.0 ms]
      [Ref Proc: 1.3 ms]
      [Ref Enq: 0.0 ms]
      [Free CSet: 1.0 ms]
   [Eden: 303.0M(940.0M)->0.0B(940.0M) Survivors: 84.0M->84.0M Heap: 1679.1M(3072.0M)->1404.3M(3072.0M)]
 [Times: user=0.77 sys=0.00, real=0.39 secs] 
30083.470: [GC concurrent-root-region-scan-start]
30083.686: [GC concurrent-root-region-scan-end, 0.2159130 secs]
30083.686: [GC concurrent-mark-start]
30085.000: [GC concurrent-mark-end, 1.3138780 secs]
30085.003: [GC remark 30085.004: [GC ref-proc, 0.1210870 secs], 0.1871200 secs]
 [Times: user=0.19 sys=0.01, real=0.19 secs] 
30085.192: [GC cleanup 1692M->1347M(3072M), 0.0224240 secs]
 [Times: user=0.04 sys=0.00, real=0.02 secs] 
30085.215: [GC concurrent-cleanup-start]
30085.216: [GC concurrent-cleanup-end, 0.0006950 secs]
30088.164: [GC pause (young)
Desired survivor size 67108864 bytes, new threshold 2 (max 32)
- age   1:   40808016 bytes,   40808016 total
- age   2:   45217056 bytes,   86025072 total
, 0.5886150 secs]
   [Parallel Time: 578.9 ms, GC Workers: 2]
      [GC Worker Start (ms): Min: 30088165.9, Avg: 30088166.0, Max: 30088166.0, Diff: 0.0]
      [Ext Root Scanning (ms): Min: 77.3, Avg: 85.7, Max: 94.1, Diff: 16.8, Sum: 171.4]
      [Update RS (ms): Min: 37.8, Avg: 48.9, Max: 60.0, Diff: 22.1, Sum: 97.8]
         [Processed Buffers: Min: 118, Avg: 148.5, Max: 179, Diff: 61, Sum: 297]
      [Scan RS (ms): Min: 30.3, Avg: 30.5, Max: 30.7, Diff: 0.4, Sum: 61.0]
      [Object Copy (ms): Min: 411.2, Avg: 413.7, Max: 416.1, Diff: 5.0, Sum: 827.3]
      [Termination (ms): Min: 0.0, Avg: 0.0, Max: 0.0, Diff: 0.0, Sum: 0.0]
      [GC Worker Other (ms): Min: 0.1, Avg: 0.1, Max: 0.1, Diff: 0.0, Sum: 0.2]
      [GC Worker Total (ms): Min: 578.8, Avg: 578.9, Max: 578.9, Diff: 0.0, Sum: 1157.7]
      [GC Worker End (ms): Min: 30088744.8, Avg: 30088744.8, Max: 30088744.8, Diff: 0.0]
   [Code Root Fixup: 0.0 ms]
   [Clear CT: 1.1 ms]
   [Other: 8.5 ms]
      [Choose CSet: 0.0 ms]
      [Ref Proc: 2.7 ms]
      [Ref Enq: 0.0 ms]
      [Free CSet: 3.2 ms]
   [Eden: 940.0M(940.0M)->0.0B(896.0M) Survivors: 84.0M->128.0M Heap: 2006.5M(3072.0M)->1154.5M(3072.0M)]
 [Times: user=1.17 sys=0.00, real=0.59 secs] 
30093.421: [GC pause (mixed)
Desired survivor size 67108864 bytes, new threshold 1 (max 32)
- age   1:  106355216 bytes,  106355216 total
- age   2:   31440304 bytes,  137795520 total
, 0.7956260 secs]
   [Parallel Time: 782.8 ms, GC Workers: 2]
      [GC Worker Start (ms): Min: 30093423.0, Avg: 30093423.0, Max: 30093423.0, Diff: 0.0]
      [Ext Root Scanning (ms): Min: 73.7, Avg: 76.5, Max: 79.4, Diff: 5.7, Sum: 153.0]
      [Update RS (ms): Min: 95.7, Avg: 100.2, Max: 104.7, Diff: 9.0, Sum: 200.4]
         [Processed Buffers: Min: 83, Avg: 156.0, Max: 229, Diff: 146, Sum: 312]
      [Scan RS (ms): Min: 116.1, Avg: 116.2, Max: 116.4, Diff: 0.3, Sum: 232.5]
      [Object Copy (ms): Min: 488.1, Avg: 489.6, Max: 491.1, Diff: 3.0, Sum: 979.2]
      [Termination (ms): Min: 0.0, Avg: 0.0, Max: 0.0, Diff: 0.0, Sum: 0.0]
      [GC Worker Other (ms): Min: 0.1, Avg: 0.1, Max: 0.1, Diff: 0.0, Sum: 0.3]
      [GC Worker Total (ms): Min: 782.7, Avg: 782.7, Max: 782.7, Diff: 0.0, Sum: 1565.4]
      [GC Worker End (ms): Min: 30094205.7, Avg: 30094205.7, Max: 30094205.7, Diff: 0.0]
   [Code Root Fixup: 0.0 ms]
   [Clear CT: 0.8 ms]
   [Other: 12.0 ms]
      [Choose CSet: 0.4 ms]
      [Ref Proc: 2.6 ms]
      [Ref Enq: 0.1 ms]
      [Free CSet: 5.3 ms]
   [Eden: 896.0M(896.0M)->0.0B(945.0M) Survivors: 128.0M->79.0M Heap: 2055.5M(3072.0M)->1137.5M(3072.0M)]
 [Times: user=1.57 sys=0.00, real=0.80 secs] 
30099.215: [GC pause (mixed)
Desired survivor size 67108864 bytes, new threshold 1 (max 32)
- age   1:   79299760 bytes,   79299760 total
, 0.5472510 secs]
   [Parallel Time: 533.5 ms, GC Workers: 2]
      [GC Worker Start (ms): Min: 30099217.9, Avg: 30099217.9, Max: 30099218.0, Diff: 0.0]
      [Ext Root Scanning (ms): Min: 59.2, Avg: 73.6, Max: 88.0, Diff: 28.8, Sum: 147.2]
      [Update RS (ms): Min: 41.2, Avg: 53.7, Max: 66.3, Diff: 25.1, Sum: 107.5]
         [Processed Buffers: Min: 98, Avg: 166.0, Max: 234, Diff: 136, Sum: 332]
      [Scan RS (ms): Min: 89.7, Avg: 89.8, Max: 89.8, Diff: 0.1, Sum: 179.5]
      [Object Copy (ms): Min: 314.4, Avg: 316.2, Max: 318.0, Diff: 3.6, Sum: 632.4]
      [Termination (ms): Min: 0.0, Avg: 0.0, Max: 0.0, Diff: 0.0, Sum: 0.0]
      [GC Worker Other (ms): Min: 0.1, Avg: 0.1, Max: 0.1, Diff: 0.0, Sum: 0.2]
      [GC Worker Total (ms): Min: 533.4, Avg: 533.5, Max: 533.5, Diff: 0.0, Sum: 1066.9]
      [GC Worker End (ms): Min: 30099751.4, Avg: 30099751.4, Max: 30099751.4, Diff: 0.0]
   [Code Root Fixup: 0.0 ms]
   [Clear CT: 0.9 ms]
   [Other: 12.8 ms]
      [Choose CSet: 0.6 ms]
      [Ref Proc: 2.8 ms]
      [Ref Enq: 0.0 ms]
      [Free CSet: 5.8 ms]
   [Eden: 945.0M(945.0M)->0.0B(956.0M) Survivors: 79.0M->68.0M Heap: 2127.4M(3072.0M)->1150.4M(3072.0M)]
 [Times: user=1.07 sys=0.00, real=0.55 secs] 
30104.832: [GC pause (mixed)
Desired survivor size 67108864 bytes, new threshold 1 (max 32)
- age   1:   69377680 bytes,   69377680 total
, 0.4997620 secs]
   [Parallel Time: 486.0 ms, GC Workers: 2]
      [GC Worker Start (ms): Min: 30104834.7, Avg: 30104834.7, Max: 30104834.7, Diff: 0.0]
      [Ext Root Scanning (ms): Min: 62.4, Avg: 74.3, Max: 86.2, Diff: 23.9, Sum: 148.6]
      [Update RS (ms): Min: 50.1, Avg: 65.0, Max: 80.0, Diff: 29.8, Sum: 130.1]
         [Processed Buffers: Min: 133, Avg: 144.0, Max: 155, Diff: 22, Sum: 288]
      [Scan RS (ms): Min: 104.4, Avg: 104.4, Max: 104.5, Diff: 0.1, Sum: 208.9]
      [Object Copy (ms): Min: 239.0, Avg: 242.0, Max: 245.1, Diff: 6.1, Sum: 484.0]
      [Termination (ms): Min: 0.0, Avg: 0.0, Max: 0.0, Diff: 0.0, Sum: 0.0]
      [GC Worker Other (ms): Min: 0.1, Avg: 0.1, Max: 0.1, Diff: 0.0, Sum: 0.2]
      [GC Worker Total (ms): Min: 485.9, Avg: 485.9, Max: 485.9, Diff: 0.0, Sum: 971.8]
      [GC Worker End (ms): Min: 30105320.6, Avg: 30105320.6, Max: 30105320.6, Diff: 0.0]
   [Code Root Fixup: 0.0 ms]
   [Clear CT: 0.9 ms]
   [Other: 12.9 ms]
      [Choose CSet: 1.0 ms]
      [Ref Proc: 2.7 ms]
      [Ref Enq: 0.0 ms]
      [Free CSet: 6.4 ms]
   [Eden: 956.0M(956.0M)->0.0B(975.0M) Survivors: 68.0M->49.0M Heap: 2140.5M(3072.0M)->1115.0M(3072.0M)]
 [Times: user=0.98 sys=0.00, real=0.50 secs] 
30110.944: [GC pause (mixed)
Desired survivor size 67108864 bytes, new threshold 16 (max 32)
- age   1:   48352952 bytes,   48352952 total
, 0.4210100 secs]
   [Parallel Time: 409.1 ms, GC Workers: 2]
      [GC Worker Start (ms): Min: 30110946.0, Avg: 30110946.0, Max: 30110946.1, Diff: 0.0]
      [Ext Root Scanning (ms): Min: 62.3, Avg: 70.2, Max: 78.2, Diff: 16.0, Sum: 140.5]
      [Update RS (ms): Min: 40.0, Avg: 50.7, Max: 61.4, Diff: 21.4, Sum: 101.4]
         [Processed Buffers: Min: 120, Avg: 146.0, Max: 172, Diff: 52, Sum: 292]
      [Scan RS (ms): Min: 88.2, Avg: 88.3, Max: 88.4, Diff: 0.2, Sum: 176.6]
      [Object Copy (ms): Min: 197.1, Avg: 199.7, Max: 202.3, Diff: 5.2, Sum: 399.4]
      [Termination (ms): Min: 0.0, Avg: 0.0, Max: 0.0, Diff: 0.0, Sum: 0.0]
      [GC Worker Other (ms): Min: 0.1, Avg: 0.1, Max: 0.1, Diff: 0.0, Sum: 0.2]
      [GC Worker Total (ms): Min: 409.0, Avg: 409.0, Max: 409.0, Diff: 0.1, Sum: 818.0]
      [GC Worker End (ms): Min: 30111355.0, Avg: 30111355.0, Max: 30111355.0, Diff: 0.0]
   [Code Root Fixup: 0.0 ms]
   [Clear CT: 0.8 ms]
   [Other: 11.1 ms]
      [Choose CSet: 0.6 ms]
      [Ref Proc: 2.8 ms]
      [Ref Enq: 0.0 ms]
      [Free CSet: 5.3 ms]
   [Eden: 975.0M(975.0M)->0.0B(945.0M) Survivors: 49.0M->79.0M Heap: 2118.7M(3072.0M)->1144.7M(3072.0M)]
 [Times: user=0.83 sys=0.00, real=0.42 secs] 
30118.150: [GC pause (young)
Desired survivor size 67108864 bytes, new threshold 2 (max 32)
- age   1:   41245088 bytes,   41245088 total
- age   2:   38949992 bytes,   80195080 total
, 0.4993960 secs]
   [Parallel Time: 485.4 ms, GC Workers: 2]
      [GC Worker Start (ms): Min: 30118151.8, Avg: 30118151.8, Max: 30118151.8, Diff: 0.0]
      [Ext Root Scanning (ms): Min: 66.8, Avg: 74.1, Max: 81.3, Diff: 14.5, Sum: 148.2]
      [Update RS (ms): Min: 32.5, Avg: 42.5, Max: 52.5, Diff: 20.0, Sum: 85.1]
         [Processed Buffers: Min: 132, Avg: 135.5, Max: 139, Diff: 7, Sum: 271]
      [Scan RS (ms): Min: 104.6, Avg: 104.6, Max: 104.7, Diff: 0.2, Sum: 209.3]
      [Object Copy (ms): Min: 261.0, Avg: 263.8, Max: 266.5, Diff: 5.4, Sum: 527.5]
      [Termination (ms): Min: 0.0, Avg: 0.0, Max: 0.0, Diff: 0.0, Sum: 0.0]
      [GC Worker Other (ms): Min: 0.1, Avg: 0.2, Max: 0.3, Diff: 0.2, Sum: 0.4]
      [GC Worker Total (ms): Min: 485.2, Avg: 485.2, Max: 485.2, Diff: 0.0, Sum: 970.5]
      [GC Worker End (ms): Min: 30118637.0, Avg: 30118637.0, Max: 30118637.1, Diff: 0.0]
   [Code Root Fixup: 0.0 ms]
   [Clear CT: 1.3 ms]
   [Other: 12.7 ms]
      [Choose CSet: 0.0 ms]
      [Ref Proc: 3.4 ms]
      [Ref Enq: 0.1 ms]
      [Free CSet: 5.9 ms]
   [Eden: 945.0M(945.0M)->0.0B(950.0M) Survivors: 79.0M->74.0M Heap: 2140.1M(3072.0M)->1225.6M(3072.0M)]
 [Times: user=0.98 sys=0.00, real=0.50 secs] 
30124.113: [GC pause (young)
Desired survivor size 67108864 bytes, new threshold 2 (max 32)
- age   1:   41834912 bytes,   41834912 total
- age   2:   32601400 bytes,   74436312 total
, 0.4864210 secs]
   [Parallel Time: 473.5 ms, GC Workers: 2]
      [GC Worker Start (ms): Min: 30124114.9, Avg: 30124114.9, Max: 30124114.9, Diff: 0.0]
      [Ext Root Scanning (ms): Min: 64.8, Avg: 73.1, Max: 81.3, Diff: 16.5, Sum: 146.1]
      [Update RS (ms): Min: 40.1, Avg: 50.7, Max: 61.4, Diff: 21.4, Sum: 101.5]
         [Processed Buffers: Min: 62, Avg: 136.5, Max: 211, Diff: 149, Sum: 273]
      [Scan RS (ms): Min: 92.8, Avg: 92.8, Max: 92.9, Diff: 0.1, Sum: 185.7]
      [Object Copy (ms): Min: 254.2, Avg: 256.6, Max: 259.0, Diff: 4.8, Sum: 513.2]
      [Termination (ms): Min: 0.0, Avg: 0.0, Max: 0.0, Diff: 0.0, Sum: 0.0]
      [GC Worker Other (ms): Min: 0.1, Avg: 0.1, Max: 0.1, Diff: 0.0, Sum: 0.2]
      [GC Worker Total (ms): Min: 473.4, Avg: 473.4, Max: 473.4, Diff: 0.0, Sum: 946.8]
      [GC Worker End (ms): Min: 30124588.3, Avg: 30124588.3, Max: 30124588.3, Diff: 0.0]
   [Code Root Fixup: 0.0 ms]
   [Clear CT: 0.9 ms]
   [Other: 12.1 ms]
      [Choose CSet: 0.0 ms]
      [Ref Proc: 4.0 ms]
      [Ref Enq: 0.1 ms]
      [Free CSet: 5.1 ms]
   [Eden: 950.0M(950.0M)->0.0B(949.0M) Survivors: 74.0M->75.0M Heap: 2179.1M(3072.0M)->1258.1M(3072.0M)]
 [Times: user=0.95 sys=0.00, real=0.48 secs] 
30130.615: [GC pause (young)
Desired survivor size 67108864 bytes, new threshold 2 (max 32)
- age   1:   46433416 bytes,   46433416 total
- age   2:   29469968 bytes,   75903384 total
, 0.5015840 secs]
   [Parallel Time: 488.8 ms, GC Workers: 2]
      [GC Worker Start (ms): Min: 30130617.0, Avg: 30130617.0, Max: 30130617.0, Diff: 0.0]
      [Ext Root Scanning (ms): Min: 64.9, Avg: 73.5, Max: 82.0, Diff: 17.2, Sum: 146.9]
      [Update RS (ms): Min: 47.6, Avg: 58.7, Max: 69.7, Diff: 22.2, Sum: 117.3]
         [Processed Buffers: Min: 119, Avg: 159.0, Max: 199, Diff: 80, Sum: 318]
      [Scan RS (ms): Min: 91.1, Avg: 91.1, Max: 91.2, Diff: 0.1, Sum: 182.3]
      [Object Copy (ms): Min: 262.5, Avg: 264.9, Max: 267.3, Diff: 4.8, Sum: 529.8]
      [Termination (ms): Min: 0.0, Avg: 0.0, Max: 0.0, Diff: 0.0, Sum: 0.0]
      [GC Worker Other (ms): Min: 0.1, Avg: 0.2, Max: 0.2, Diff: 0.1, Sum: 0.3]
      [GC Worker Total (ms): Min: 488.3, Avg: 488.3, Max: 488.4, Diff: 0.1, Sum: 976.7]
      [GC Worker End (ms): Min: 30131105.3, Avg: 30131105.3, Max: 30131105.4, Diff: 0.1]
   [Code Root Fixup: 0.0 ms]
   [Clear CT: 0.9 ms]
   [Other: 12.0 ms]
      [Choose CSet: 0.0 ms]
      [Ref Proc: 3.7 ms]
      [Ref Enq: 0.1 ms]
      [Free CSet: 5.2 ms]
   [Eden: 949.0M(949.0M)->0.0B(945.0M) Survivors: 75.0M->79.0M Heap: 2232.3M(3072.0M)->1315.3M(3072.0M)]
 [Times: user=0.98 sys=0.01, real=0.50 secs] 
30136.431: [GC pause (young)
Desired survivor size 67108864 bytes, new threshold 2 (max 32)
- age   1:   46790672 bytes,   46790672 total
- age   2:   34508136 bytes,   81298808 total
, 0.4826950 secs]
   [Parallel Time: 470.3 ms, GC Workers: 2]
      [GC Worker Start (ms): Min: 30136432.3, Avg: 30136432.3, Max: 30136432.3, Diff: 0.0]
      [Ext Root Scanning (ms): Min: 67.1, Avg: 73.9, Max: 80.7, Diff: 13.6, Sum: 147.8]
      [Update RS (ms): Min: 47.6, Avg: 56.6, Max: 65.6, Diff: 18.0, Sum: 113.2]
         [Processed Buffers: Min: 106, Avg: 132.5, Max: 159, Diff: 53, Sum: 265]
      [Scan RS (ms): Min: 82.7, Avg: 82.8, Max: 82.8, Diff: 0.2, Sum: 165.5]
      [Object Copy (ms): Min: 254.5, Avg: 256.8, Max: 259.1, Diff: 4.6, Sum: 513.7]
      [Termination (ms): Min: 0.0, Avg: 0.0, Max: 0.0, Diff: 0.0, Sum: 0.0]
      [GC Worker Other (ms): Min: 0.1, Avg: 0.1, Max: 0.1, Diff: 0.0, Sum: 0.3]
      [GC Worker Total (ms): Min: 470.2, Avg: 470.2, Max: 470.3, Diff: 0.0, Sum: 940.5]
      [GC Worker End (ms): Min: 30136902.5, Avg: 30136902.6, Max: 30136902.6, Diff: 0.0]
   [Code Root Fixup: 0.0 ms]
   [Clear CT: 1.0 ms]
   [Other: 11.3 ms]
      [Choose CSet: 0.0 ms]
      [Ref Proc: 3.6 ms]
      [Ref Enq: 0.0 ms]
      [Free CSet: 4.9 ms]
   [Eden: 945.0M(945.0M)->0.0B(946.0M) Survivors: 79.0M->78.0M Heap: 2260.3M(3072.0M)->1345.8M(3072.0M)]
 [Times: user=0.95 sys=0.01, real=0.48 secs] 
30139.554: [GC pause (young) (initial-mark)
Desired survivor size 67108864 bytes, new threshold 2 (max 32)
- age   1:   43457224 bytes,   43457224 total
- age   2:   36097768 bytes,   79554992 total
, 0.3883560 secs]
   [Parallel Time: 378.0 ms, GC Workers: 2]
      [GC Worker Start (ms): Min: 30139556.2, Avg: 30139556.6, Max: 30139556.9, Diff: 0.7]
      [Ext Root Scanning (ms): Min: 64.0, Avg: 72.9, Max: 81.8, Diff: 17.8, Sum: 145.8]
      [Update RS (ms): Min: 0.0, Avg: 15.6, Max: 31.1, Diff: 31.1, Sum: 31.1]
         [Processed Buffers: Min: 0, Avg: 146.0, Max: 292, Diff: 292, Sum: 292]
      [Scan RS (ms): Min: 62.2, Avg: 63.1, Max: 63.9, Diff: 1.7, Sum: 126.1]
      [Object Copy (ms): Min: 218.2, Avg: 226.0, Max: 233.8, Diff: 15.7, Sum: 452.0]
      [Termination (ms): Min: 0.0, Avg: 0.0, Max: 0.0, Diff: 0.0, Sum: 0.0]
      [GC Worker Other (ms): Min: 0.1, Avg: 0.1, Max: 0.1, Diff: 0.0, Sum: 0.2]
      [GC Worker Total (ms): Min: 377.3, Avg: 377.6, Max: 377.9, Diff: 0.7, Sum: 755.2]
      [GC Worker End (ms): Min: 30139934.2, Avg: 30139934.2, Max: 30139934.2, Diff: 0.0]
   [Code Root Fixup: 0.0 ms]
   [Clear CT: 0.6 ms]
   [Other: 9.7 ms]
      [Choose CSet: 0.0 ms]
      [Ref Proc: 2.7 ms]
      [Ref Enq: 0.0 ms]
      [Free CSet: 3.3 ms]
   [Eden: 496.0M(946.0M)->0.0B(964.0M) Survivors: 78.0M->60.0M Heap: 1857.1M(3072.0M)->1376.3M(3072.0M)]
 [Times: user=0.77 sys=0.00, real=0.39 secs] 
30139.943: [GC concurrent-root-region-scan-start]
30140.166: [GC concurrent-root-region-scan-end, 0.2225100 secs]
30140.166: [GC concurrent-mark-start]
30143.646: [GC concurrent-mark-end, 3.4794880 secs]
30143.649: [GC remark 30143.651: [GC ref-proc, 0.8295980 secs], 0.9091020 secs]
 [Times: user=0.92 sys=0.00, real=0.91 secs] 
30144.562: [GC cleanup 1881M->1676M(3072M), 0.0270620 secs]
 [Times: user=0.05 sys=0.00, real=0.03 secs] 
30144.590: [GC concurrent-cleanup-start]
30144.590: [GC concurrent-cleanup-end, 0.0005690 secs]
30146.838: [GC pause (young)
Desired survivor size 67108864 bytes, new threshold 16 (max 32)
- age   1:   26788408 bytes,   26788408 total
- age   2:   33837880 bytes,   60626288 total
, 0.4029720 secs]
   [Parallel Time: 391.5 ms, GC Workers: 2]
      [GC Worker Start (ms): Min: 30146839.8, Avg: 30146839.8, Max: 30146839.9, Diff: 0.0]
      [Ext Root Scanning (ms): Min: 68.3, Avg: 74.3, Max: 80.3, Diff: 12.1, Sum: 148.6]
      [Update RS (ms): Min: 79.6, Avg: 87.9, Max: 96.1, Diff: 16.5, Sum: 175.7]
         [Processed Buffers: Min: 165, Avg: 254.5, Max: 344, Diff: 179, Sum: 509]
      [Scan RS (ms): Min: 63.9, Avg: 64.0, Max: 64.0, Diff: 0.0, Sum: 127.9]
      [Object Copy (ms): Min: 162.9, Avg: 165.1, Max: 167.3, Diff: 4.4, Sum: 330.2]
      [Termination (ms): Min: 0.0, Avg: 0.0, Max: 0.1, Diff: 0.1, Sum: 0.1]
      [GC Worker Other (ms): Min: 0.1, Avg: 0.1, Max: 0.1, Diff: 0.0, Sum: 0.2]
      [GC Worker Total (ms): Min: 391.3, Avg: 391.4, Max: 391.4, Diff: 0.0, Sum: 782.7]
      [GC Worker End (ms): Min: 30147231.2, Avg: 30147231.2, Max: 30147231.2, Diff: 0.0]
   [Code Root Fixup: 0.0 ms]
   [Clear CT: 0.7 ms]
   [Other: 10.8 ms]
      [Choose CSet: 0.0 ms]
      [Ref Proc: 3.7 ms]
      [Ref Enq: 0.1 ms]
      [Free CSet: 4.4 ms]
   [Eden: 875.0M(964.0M)->0.0B(948.0M) Survivors: 60.0M->76.0M Heap: 2160.2M(3072.0M)->1301.4M(3072.0M)]
 [Times: user=0.80 sys=0.01, real=0.40 secs] 
30152.392: [GC pause (mixed)
Desired survivor size 67108864 bytes, new threshold 3 (max 32)
- age   1:   42289128 bytes,   42289128 total
- age   2:   13576704 bytes,   55865832 total
- age   3:   21031560 bytes,   76897392 total
, 0.7428300 secs]
   [Parallel Time: 732.7 ms, GC Workers: 2]
      [GC Worker Start (ms): Min: 30152393.7, Avg: 30152393.7, Max: 30152393.8, Diff: 0.0]
      [Ext Root Scanning (ms): Min: 63.5, Avg: 71.3, Max: 79.2, Diff: 15.7, Sum: 142.6]
      [Update RS (ms): Min: 29.9, Avg: 40.2, Max: 50.5, Diff: 20.6, Sum: 80.3]
         [Processed Buffers: Min: 111, Avg: 130.5, Max: 150, Diff: 39, Sum: 261]
      [Scan RS (ms): Min: 103.9, Avg: 103.9, Max: 104.0, Diff: 0.0, Sum: 207.9]
      [Object Copy (ms): Min: 514.7, Avg: 517.1, Max: 519.5, Diff: 4.9, Sum: 1034.2]
      [Termination (ms): Min: 0.0, Avg: 0.0, Max: 0.0, Diff: 0.0, Sum: 0.0]
      [GC Worker Other (ms): Min: 0.1, Avg: 0.1, Max: 0.1, Diff: 0.0, Sum: 0.2]
      [GC Worker Total (ms): Min: 732.6, Avg: 732.6, Max: 732.6, Diff: 0.0, Sum: 1465.3]
      [GC Worker End (ms): Min: 30153126.4, Avg: 30153126.4, Max: 30153126.4, Diff: 0.0]
   [Code Root Fixup: 0.0 ms]
   [Clear CT: 0.8 ms]
   [Other: 9.4 ms]
      [Choose CSet: 0.7 ms]
      [Ref Proc: 2.8 ms]
      [Ref Enq: 0.0 ms]
      [Free CSet: 3.5 ms]
   [Eden: 948.0M(948.0M)->0.0B(896.0M) Survivors: 76.0M->128.0M Heap: 2291.9M(3072.0M)->1438.9M(3072.0M)]
 [Times: user=1.48 sys=0.01, real=0.74 secs] 
30153.555: [GC pause (young) (initial-mark)
Desired survivor size 67108864 bytes, new threshold 1 (max 32)
- age   1:  166699432 bytes,  166699432 total
- age   2:   28959048 bytes,  195658480 total
- age   3:   11297440 bytes,  206955920 total
, 0.6307330 secs]
   [Parallel Time: 624.8 ms, GC Workers: 2]
      [GC Worker Start (ms): Min: 30153556.2, Avg: 30153556.2, Max: 30153556.3, Diff: 0.1]
      [Ext Root Scanning (ms): Min: 58.9, Avg: 72.8, Max: 86.7, Diff: 27.7, Sum: 145.6]
      [Update RS (ms): Min: 93.4, Avg: 106.7, Max: 120.0, Diff: 26.6, Sum: 213.4]
         [Processed Buffers: Min: 262, Avg: 278.0, Max: 294, Diff: 32, Sum: 556]
      [Scan RS (ms): Min: 74.5, Avg: 74.5, Max: 74.5, Diff: 0.0, Sum: 149.0]
      [Object Copy (ms): Min: 370.0, Avg: 370.6, Max: 371.1, Diff: 1.1, Sum: 741.1]
      [Termination (ms): Min: 0.0, Avg: 0.0, Max: 0.0, Diff: 0.0, Sum: 0.0]
      [GC Worker Other (ms): Min: 0.1, Avg: 0.1, Max: 0.1, Diff: 0.0, Sum: 0.1]
      [GC Worker Total (ms): Min: 624.6, Avg: 624.6, Max: 624.6, Diff: 0.0, Sum: 1249.2]
      [GC Worker End (ms): Min: 30154180.8, Avg: 30154180.8, Max: 30154180.8, Diff: 0.0]
   [Code Root Fixup: 0.0 ms]
   [Clear CT: 0.6 ms]
   [Other: 5.3 ms]
      [Choose CSet: 0.0 ms]
      [Ref Proc: 0.5 ms]
      [Ref Enq: 0.0 ms]
      [Free CSet: 1.1 ms]
   [Eden: 103.0M(896.0M)->0.0B(996.0M) Survivors: 128.0M->28.0M Heap: 1543.4M(3072.0M)->1466.4M(3072.0M)]
 [Times: user=1.23 sys=0.02, real=0.63 secs] 
30154.186: [GC concurrent-root-region-scan-start]
30154.767: [GC concurrent-root-region-scan-end, 0.5808700 secs]
30154.767: [GC concurrent-mark-start]
30157.220: [GC concurrent-mark-end, 2.4525860 secs]
30157.222: [GC remark 30157.225: [GC ref-proc, 0.2345310 secs], 0.3060850 secs]
 [Times: user=0.31 sys=0.00, real=0.31 secs] 
30157.530: [GC cleanup 2050M->1799M(3072M), 0.0279350 secs]
 [Times: user=0.06 sys=0.00, real=0.02 secs] 
30157.559: [GC concurrent-cleanup-start]
30157.559: [GC concurrent-cleanup-end, 0.0005420 secs]
30159.925: [GC pause (young)
Desired survivor size 67108864 bytes, new threshold 16 (max 32)
- age   1:   27111784 bytes,   27111784 total
, 0.4311990 secs]
   [Parallel Time: 421.7 ms, GC Workers: 2]
      [GC Worker Start (ms): Min: 30159925.9, Avg: 30159925.9, Max: 30159925.9, Diff: 0.0]
      [Ext Root Scanning (ms): Min: 65.5, Avg: 75.8, Max: 86.1, Diff: 20.7, Sum: 151.6]
      [Update RS (ms): Min: 6.6, Avg: 19.4, Max: 32.1, Diff: 25.5, Sum: 38.8]
         [Processed Buffers: Min: 125, Avg: 152.5, Max: 180, Diff: 55, Sum: 305]
      [Scan RS (ms): Min: 81.3, Avg: 81.6, Max: 81.8, Diff: 0.6, Sum: 163.1]
      [Object Copy (ms): Min: 241.9, Avg: 244.5, Max: 247.2, Diff: 5.3, Sum: 489.0]
      [Termination (ms): Min: 0.0, Avg: 0.0, Max: 0.0, Diff: 0.0, Sum: 0.0]
      [GC Worker Other (ms): Min: 0.1, Avg: 0.1, Max: 0.1, Diff: 0.0, Sum: 0.2]
      [GC Worker Total (ms): Min: 421.3, Avg: 421.4, Max: 421.4, Diff: 0.1, Sum: 842.7]
      [GC Worker End (ms): Min: 30160347.3, Avg: 30160347.3, Max: 30160347.3, Diff: 0.0]
   [Code Root Fixup: 0.0 ms]
   [Clear CT: 0.7 ms]
   [Other: 8.7 ms]
      [Choose CSet: 0.0 ms]
      [Ref Proc: 3.3 ms]
      [Ref Enq: 0.1 ms]
      [Free CSet: 3.2 ms]
   [Eden: 996.0M(996.0M)->0.0B(921.0M) Survivors: 28.0M->103.0M Heap: 2243.7M(3072.0M)->1322.7M(3072.0M)]
 [Times: user=0.85 sys=0.01, real=0.43 secs] 
30166.046: [GC pause (mixed)
Desired survivor size 67108864 bytes, new threshold 1 (max 32)
- age   1:   86844032 bytes,   86844032 total
- age   2:   16529688 bytes,  103373720 total
, 0.4476090 secs]
   [Parallel Time: 432.1 ms, GC Workers: 2]
      [GC Worker Start (ms): Min: 30166047.6, Avg: 30166047.6, Max: 30166047.7, Diff: 0.0]
      [Ext Root Scanning (ms): Min: 66.2, Avg: 73.0, Max: 79.8, Diff: 13.6, Sum: 146.0]
      [Update RS (ms): Min: 22.3, Avg: 31.6, Max: 40.9, Diff: 18.5, Sum: 63.2]
         [Processed Buffers: Min: 88, Avg: 134.5, Max: 181, Diff: 93, Sum: 269]
      [Scan RS (ms): Min: 77.9, Avg: 77.9, Max: 78.0, Diff: 0.1, Sum: 155.9]
      [Object Copy (ms): Min: 246.8, Avg: 249.3, Max: 251.9, Diff: 5.0, Sum: 498.7]
      [Termination (ms): Min: 0.0, Avg: 0.0, Max: 0.0, Diff: 0.0, Sum: 0.0]
      [GC Worker Other (ms): Min: 0.1, Avg: 0.1, Max: 0.1, Diff: 0.0, Sum: 0.2]
      [GC Worker Total (ms): Min: 432.0, Avg: 432.0, Max: 432.0, Diff: 0.0, Sum: 864.0]
      [GC Worker End (ms): Min: 30166479.6, Avg: 30166479.6, Max: 30166479.7, Diff: 0.0]
   [Code Root Fixup: 0.0 ms]
   [Clear CT: 1.2 ms]
   [Other: 14.3 ms]
      [Choose CSet: 0.7 ms]
      [Ref Proc: 6.9 ms]
      [Ref Enq: 0.1 ms]
      [Free CSet: 3.8 ms]
   [Eden: 921.0M(921.0M)->0.0B(989.0M) Survivors: 103.0M->35.0M Heap: 2248.7M(3072.0M)->1247.2M(3072.0M)]
 [Times: user=0.88 sys=0.00, real=0.45 secs] 
30173.451: [GC pause (mixed)
Desired survivor size 67108864 bytes, new threshold 16 (max 32)
- age   1:   32795696 bytes,   32795696 total
, 0.3020590 secs]
   [Parallel Time: 285.5 ms, GC Workers: 2]
      [GC Worker Start (ms): Min: 30173453.5, Avg: 30173453.6, Max: 30173453.6, Diff: 0.0]
      [Ext Root Scanning (ms): Min: 61.9, Avg: 70.8, Max: 79.6, Diff: 17.7, Sum: 141.6]
      [Update RS (ms): Min: 26.2, Avg: 37.6, Max: 48.9, Diff: 22.7, Sum: 75.1]
         [Processed Buffers: Min: 100, Avg: 148.0, Max: 196, Diff: 96, Sum: 296]
      [Scan RS (ms): Min: 50.6, Avg: 50.6, Max: 50.7, Diff: 0.0, Sum: 101.3]
      [Object Copy (ms): Min: 123.8, Avg: 126.3, Max: 128.8, Diff: 5.0, Sum: 252.7]
      [Termination (ms): Min: 0.0, Avg: 0.0, Max: 0.0, Diff: 0.0, Sum: 0.0]
      [GC Worker Other (ms): Min: 0.1, Avg: 0.1, Max: 0.1, Diff: 0.1, Sum: 0.2]
      [GC Worker Total (ms): Min: 285.4, Avg: 285.4, Max: 285.5, Diff: 0.1, Sum: 570.8]
      [GC Worker End (ms): Min: 30173739.0, Avg: 30173739.0, Max: 30173739.0, Diff: 0.0]
   [Code Root Fixup: 0.0 ms]
   [Clear CT: 0.8 ms]
   [Other: 15.7 ms]
      [Choose CSet: 1.1 ms]
      [Ref Proc: 8.1 ms]
      [Ref Enq: 0.1 ms]
      [Free CSet: 4.4 ms]
   [Eden: 989.0M(989.0M)->0.0B(967.0M) Survivors: 35.0M->57.0M Heap: 2260.4M(3072.0M)->1192.9M(3072.0M)]
 [Times: user=0.58 sys=0.00, real=0.30 secs] 
30178.621: [GC pause (mixed)
Desired survivor size 67108864 bytes, new threshold 16 (max 32)
- age   1:   38939576 bytes,   38939576 total
- age   2:   16735408 bytes,   55674984 total
, 0.3903470 secs]
   [Parallel Time: 375.6 ms, GC Workers: 2]
      [GC Worker Start (ms): Min: 30178623.3, Avg: 30178623.3, Max: 30178623.3, Diff: 0.0]
      [Ext Root Scanning (ms): Min: 72.3, Avg: 77.9, Max: 83.6, Diff: 11.3, Sum: 155.8]
      [Update RS (ms): Min: 30.7, Avg: 39.2, Max: 47.7, Diff: 17.0, Sum: 78.3]
         [Processed Buffers: Min: 140, Avg: 141.0, Max: 142, Diff: 2, Sum: 282]
      [Scan RS (ms): Min: 62.2, Avg: 62.3, Max: 62.4, Diff: 0.2, Sum: 124.6]
      [Object Copy (ms): Min: 193.2, Avg: 196.0, Max: 198.8, Diff: 5.6, Sum: 392.0]
      [Termination (ms): Min: 0.0, Avg: 0.0, Max: 0.0, Diff: 0.0, Sum: 0.0]
      [GC Worker Other (ms): Min: 0.1, Avg: 0.1, Max: 0.1, Diff: 0.0, Sum: 0.2]
      [GC Worker Total (ms): Min: 375.4, Avg: 375.5, Max: 375.5, Diff: 0.0, Sum: 750.9]
      [GC Worker End (ms): Min: 30178998.7, Avg: 30178998.7, Max: 30178998.7, Diff: 0.0]
   [Code Root Fixup: 0.0 ms]
   [Clear CT: 0.9 ms]
   [Other: 13.8 ms]
      [Choose CSet: 1.3 ms]
      [Ref Proc: 6.4 ms]
      [Ref Enq: 0.1 ms]
      [Free CSet: 4.3 ms]
   [Eden: 967.0M(967.0M)->0.0B(934.0M) Survivors: 57.0M->90.0M Heap: 2201.7M(3072.0M)->1166.7M(3072.0M)]
 [Times: user=0.77 sys=0.00, real=0.40 secs] 
30184.190: [GC pause (mixed)
Desired survivor size 67108864 bytes, new threshold 2 (max 32)
- age   1:   53700728 bytes,   53700728 total
- age   2:   20773168 bytes,   74473896 total
- age   3:   15781816 bytes,   90255712 total
, 0.3713470 secs]
   [Parallel Time: 355.2 ms, GC Workers: 2]
      [GC Worker Start (ms): Min: 30184193.1, Avg: 30184193.2, Max: 30184193.2, Diff: 0.0]
      [Ext Root Scanning (ms): Min: 65.5, Avg: 73.6, Max: 81.7, Diff: 16.2, Sum: 147.2]
      [Update RS (ms): Min: 14.1, Avg: 24.6, Max: 35.0, Diff: 20.9, Sum: 49.1]
         [Processed Buffers: Min: 115, Avg: 141.5, Max: 168, Diff: 53, Sum: 283]
      [Scan RS (ms): Min: 70.3, Avg: 70.3, Max: 70.3, Diff: 0.1, Sum: 140.6]
      [Object Copy (ms): Min: 184.1, Avg: 186.5, Max: 188.9, Diff: 4.8, Sum: 373.0]
      [Termination (ms): Min: 0.0, Avg: 0.0, Max: 0.0, Diff: 0.0, Sum: 0.0]
      [GC Worker Other (ms): Min: 0.1, Avg: 0.1, Max: 0.1, Diff: 0.0, Sum: 0.2]
      [GC Worker Total (ms): Min: 355.0, Avg: 355.1, Max: 355.1, Diff: 0.0, Sum: 710.1]
      [GC Worker End (ms): Min: 30184548.2, Avg: 30184548.2, Max: 30184548.2, Diff: 0.0]
   [Code Root Fixup: 0.0 ms]
   [Clear CT: 1.0 ms]
   [Other: 15.2 ms]
      [Choose CSet: 1.5 ms]
      [Ref Proc: 6.7 ms]
      [Ref Enq: 0.1 ms]
      [Free CSet: 4.7 ms]
   [Eden: 934.0M(934.0M)->0.0B(973.0M) Survivors: 90.0M->51.0M Heap: 2107.2M(3072.0M)->1078.7M(3072.0M)]
 [Times: user=0.72 sys=0.00, real=0.37 secs] 
30190.521: [GC pause (young)
Desired survivor size 67108864 bytes, new threshold 16 (max 32)
- age   1:   33039024 bytes,   33039024 total
- age   2:   17132672 bytes,   50171696 total
, 0.3790100 secs]
   [Parallel Time: 368.2 ms, GC Workers: 2]
      [GC Worker Start (ms): Min: 30190522.5, Avg: 30190522.6, Max: 30190522.6, Diff: 0.0]
      [Ext Root Scanning (ms): Min: 65.1, Avg: 72.9, Max: 80.8, Diff: 15.7, Sum: 145.9]
      [Update RS (ms): Min: 28.3, Avg: 38.6, Max: 48.9, Diff: 20.6, Sum: 77.2]
         [Processed Buffers: Min: 136, Avg: 157.0, Max: 178, Diff: 42, Sum: 314]
      [Scan RS (ms): Min: 29.1, Avg: 29.2, Max: 29.2, Diff: 0.1, Sum: 58.3]
      [Object Copy (ms): Min: 224.8, Avg: 227.2, Max: 229.5, Diff: 4.7, Sum: 454.4]
      [Termination (ms): Min: 0.0, Avg: 0.0, Max: 0.0, Diff: 0.0, Sum: 0.0]
      [GC Worker Other (ms): Min: 0.1, Avg: 0.2, Max: 0.2, Diff: 0.1, Sum: 0.3]
      [GC Worker Total (ms): Min: 368.1, Avg: 368.1, Max: 368.1, Diff: 0.0, Sum: 736.2]
      [GC Worker End (ms): Min: 30190890.6, Avg: 30190890.6, Max: 30190890.6, Diff: 0.0]
   [Code Root Fixup: 0.0 ms]
   [Clear CT: 1.0 ms]
   [Other: 9.8 ms]
      [Choose CSet: 0.0 ms]
      [Ref Proc: 4.7 ms]
      [Ref Enq: 0.1 ms]
      [Free CSet: 3.1 ms]
   [Eden: 973.0M(973.0M)->0.0B(913.0M) Survivors: 51.0M->111.0M Heap: 2092.1M(3072.0M)->1178.6M(3072.0M)]
 [Times: user=0.75 sys=0.00, real=0.38 secs] 
30194.607: [GC pause (young)
Desired survivor size 67108864 bytes, new threshold 1 (max 32)
- age   1:   77474560 bytes,   77474560 total
- age   2:   19126128 bytes,   96600688 total
- age   3:   14540608 bytes,  111141296 total
, 0.6333570 secs]
   [Parallel Time: 622.8 ms, GC Workers: 2]
      [GC Worker Start (ms): Min: 30194608.1, Avg: 30194608.4, Max: 30194608.7, Diff: 0.5]
      [Ext Root Scanning (ms): Min: 64.2, Avg: 71.1, Max: 78.0, Diff: 13.8, Sum: 142.3]
      [Update RS (ms): Min: 14.0, Avg: 23.8, Max: 33.7, Diff: 19.7, Sum: 47.7]
         [Processed Buffers: Min: 95, Avg: 152.5, Max: 210, Diff: 115, Sum: 305]
      [Scan RS (ms): Min: 58.6, Avg: 58.6, Max: 58.6, Diff: 0.0, Sum: 117.3]
      [Object Copy (ms): Min: 466.0, Avg: 468.7, Max: 471.4, Diff: 5.3, Sum: 937.4]
      [Termination (ms): Min: 0.0, Avg: 0.0, Max: 0.0, Diff: 0.0, Sum: 0.0]
      [GC Worker Other (ms): Min: 0.1, Avg: 0.1, Max: 0.1, Diff: 0.1, Sum: 0.2]
      [GC Worker Total (ms): Min: 622.2, Avg: 622.4, Max: 622.7, Diff: 0.5, Sum: 1244.9]
      [GC Worker End (ms): Min: 30195230.8, Avg: 30195230.8, Max: 30195230.9, Diff: 0.0]
   [Code Root Fixup: 0.0 ms]
   [Clear CT: 0.7 ms]
   [Other: 9.9 ms]
      [Choose CSet: 0.0 ms]
      [Ref Proc: 2.6 ms]
      [Ref Enq: 0.0 ms]
      [Free CSet: 4.3 ms]
   [Eden: 913.0M(913.0M)->0.0B(899.0M) Survivors: 111.0M->125.0M Heap: 2105.1M(3072.0M)->1272.6M(3072.0M)]
 [Times: user=1.25 sys=0.00, real=0.63 secs] 
30199.815: [GC pause (young)
Desired survivor size 67108864 bytes, new threshold 1 (max 32)
- age   1:  125172728 bytes,  125172728 total
, 0.6190670 secs]
   [Parallel Time: 608.3 ms, GC Workers: 2]
      [GC Worker Start (ms): Min: 30199817.0, Avg: 30199817.0, Max: 30199817.0, Diff: 0.0]
      [Ext Root Scanning (ms): Min: 71.8, Avg: 78.7, Max: 85.6, Diff: 13.7, Sum: 157.4]
      [Update RS (ms): Min: 50.1, Avg: 59.7, Max: 69.2, Diff: 19.1, Sum: 119.3]
         [Processed Buffers: Min: 130, Avg: 157.0, Max: 184, Diff: 54, Sum: 314]
      [Scan RS (ms): Min: 77.1, Avg: 77.1, Max: 77.2, Diff: 0.0, Sum: 154.3]
      [Object Copy (ms): Min: 389.7, Avg: 392.4, Max: 395.1, Diff: 5.3, Sum: 784.8]
      [Termination (ms): Min: 0.0, Avg: 0.0, Max: 0.0, Diff: 0.0, Sum: 0.0]
      [GC Worker Other (ms): Min: 0.1, Avg: 0.1, Max: 0.1, Diff: 0.0, Sum: 0.2]
      [GC Worker Total (ms): Min: 608.0, Avg: 608.0, Max: 608.1, Diff: 0.0, Sum: 1216.1]
      [GC Worker End (ms): Min: 30200425.1, Avg: 30200425.1, Max: 30200425.1, Diff: 0.0]
   [Code Root Fixup: 0.0 ms]
   [Clear CT: 0.7 ms]
   [Other: 10.1 ms]
      [Choose CSet: 0.0 ms]
      [Ref Proc: 2.3 ms]
      [Ref Enq: 0.0 ms]
      [Free CSet: 4.1 ms]
   [Eden: 899.0M(899.0M)->0.0B(964.0M) Survivors: 125.0M->60.0M Heap: 2180.6M(3072.0M)->1325.6M(3072.0M)]
 [Times: user=1.22 sys=0.00, real=0.61 secs] 
30200.847: [GC pause (young) (initial-mark)
Desired survivor size 67108864 bytes, new threshold 16 (max 32)
- age   1:   60179448 bytes,   60179448 total
, 0.2770100 secs]
   [Parallel Time: 273.1 ms, GC Workers: 2]
      [GC Worker Start (ms): Min: 30200848.0, Avg: 30200848.1, Max: 30200848.1, Diff: 0.1]
      [Ext Root Scanning (ms): Min: 71.8, Avg: 79.9, Max: 88.0, Diff: 16.2, Sum: 159.7]
      [Update RS (ms): Min: 0.0, Avg: 14.3, Max: 28.5, Diff: 28.5, Sum: 28.5]
         [Processed Buffers: Min: 0, Avg: 75.5, Max: 151, Diff: 151, Sum: 151]
      [Scan RS (ms): Min: 33.8, Avg: 35.7, Max: 37.7, Diff: 3.9, Sum: 71.5]
      [Object Copy (ms): Min: 134.9, Avg: 142.9, Max: 151.0, Diff: 16.1, Sum: 285.9]
      [Termination (ms): Min: 0.0, Avg: 0.0, Max: 0.0, Diff: 0.0, Sum: 0.0]
      [GC Worker Other (ms): Min: 0.1, Avg: 0.1, Max: 0.1, Diff: 0.0, Sum: 0.2]
      [GC Worker Total (ms): Min: 272.8, Avg: 272.9, Max: 273.0, Diff: 0.1, Sum: 545.8]
      [GC Worker End (ms): Min: 30201121.0, Avg: 30201121.0, Max: 30201121.0, Diff: 0.0]
   [Code Root Fixup: 0.0 ms]
   [Clear CT: 0.5 ms]
   [Other: 3.4 ms]
      [Choose CSet: 0.0 ms]
      [Ref Proc: 0.6 ms]
      [Ref Enq: 0.0 ms]
      [Free CSet: 0.8 ms]
   [Eden: 84.0M(964.0M)->0.0B(965.0M) Survivors: 60.0M->59.0M Heap: 1435.3M(3072.0M)->1350.3M(3072.0M)]
 [Times: user=0.55 sys=0.00, real=0.27 secs] 
30201.124: [GC concurrent-root-region-scan-start]
30201.363: [GC concurrent-root-region-scan-end, 0.2386620 secs]
30201.363: [GC concurrent-mark-start]
30203.441: [GC concurrent-mark-end, 2.0780280 secs]
30203.444: [GC remark 30203.454: [GC ref-proc, 0.4240950 secs], 0.5077140 secs]
 [Times: user=0.52 sys=0.00, real=0.51 secs] 
30203.954: [GC cleanup 1718M->1424M(3072M), 0.0250580 secs]
 [Times: user=0.05 sys=0.01, real=0.03 secs] 
30203.980: [GC concurrent-cleanup-start]
30203.980: [GC concurrent-cleanup-end, 0.0006700 secs]
30207.942: [GC pause (young)
Desired survivor size 67108864 bytes, new threshold 16 (max 32)
- age   1:    4567592 bytes,    4567592 total
- age   2:   54521320 bytes,   59088912 total
, 0.4635320 secs]
   [Parallel Time: 452.5 ms, GC Workers: 2]
      [GC Worker Start (ms): Min: 30207943.7, Avg: 30207943.7, Max: 30207943.7, Diff: 0.0]
      [Ext Root Scanning (ms): Min: 63.2, Avg: 71.6, Max: 80.1, Diff: 16.9, Sum: 143.3]
      [Update RS (ms): Min: 54.2, Avg: 64.5, Max: 74.8, Diff: 20.6, Sum: 128.9]
         [Processed Buffers: Min: 154, Avg: 154.0, Max: 154, Diff: 0, Sum: 308]
      [Scan RS (ms): Min: 77.7, Avg: 78.0, Max: 78.3, Diff: 0.7, Sum: 156.0]
      [Object Copy (ms): Min: 236.0, Avg: 238.2, Max: 240.3, Diff: 4.4, Sum: 476.3]
      [Termination (ms): Min: 0.0, Avg: 0.0, Max: 0.0, Diff: 0.0, Sum: 0.0]
      [GC Worker Other (ms): Min: 0.1, Avg: 0.1, Max: 0.1, Diff: 0.0, Sum: 0.2]
      [GC Worker Total (ms): Min: 452.3, Avg: 452.4, Max: 452.4, Diff: 0.1, Sum: 904.7]
      [GC Worker End (ms): Min: 30208396.0, Avg: 30208396.0, Max: 30208396.0, Diff: 0.0]
   [Code Root Fixup: 0.0 ms]
   [Clear CT: 0.7 ms]
   [Other: 10.3 ms]
      [Choose CSet: 0.0 ms]
      [Ref Proc: 3.1 ms]
      [Ref Enq: 0.0 ms]
      [Free CSet: 4.8 ms]
   [Eden: 965.0M(965.0M)->0.0B(929.0M) Survivors: 59.0M->95.0M Heap: 2059.6M(3072.0M)->1130.6M(3072.0M)]
 [Times: user=0.91 sys=0.01, real=0.46 secs] 
30213.446: [GC pause (mixed)
Desired survivor size 67108864 bytes, new threshold 3 (max 32)
- age   1:   46154328 bytes,   46154328 total
- age   2:    2117704 bytes,   48272032 total
- age   3:   48497392 bytes,   96769424 total
, 0.5300830 secs]
   [Parallel Time: 515.9 ms, GC Workers: 2]
      [GC Worker Start (ms): Min: 30213448.1, Avg: 30213448.1, Max: 30213448.1, Diff: 0.0]
      [Ext Root Scanning (ms): Min: 63.8, Avg: 71.3, Max: 78.8, Diff: 15.0, Sum: 142.6]
      [Update RS (ms): Min: 35.7, Avg: 45.6, Max: 55.5, Diff: 19.8, Sum: 91.2]
         [Processed Buffers: Min: 71, Avg: 135.0, Max: 199, Diff: 128, Sum: 270]
      [Scan RS (ms): Min: 90.0, Avg: 90.0, Max: 90.0, Diff: 0.0, Sum: 180.0]
      [Object Copy (ms): Min: 306.3, Avg: 308.7, Max: 311.1, Diff: 4.8, Sum: 617.4]
      [Termination (ms): Min: 0.0, Avg: 0.0, Max: 0.0, Diff: 0.0, Sum: 0.0]
      [GC Worker Other (ms): Min: 0.1, Avg: 0.1, Max: 0.1, Diff: 0.0, Sum: 0.2]
      [GC Worker Total (ms): Min: 515.7, Avg: 515.7, Max: 515.7, Diff: 0.0, Sum: 1031.4]
      [GC Worker End (ms): Min: 30213963.8, Avg: 30213963.8, Max: 30213963.8, Diff: 0.0]
   [Code Root Fixup: 0.0 ms]
   [Clear CT: 0.8 ms]
   [Other: 13.5 ms]
      [Choose CSet: 0.3 ms]
      [Ref Proc: 4.9 ms]
      [Ref Enq: 0.1 ms]
      [Free CSet: 5.3 ms]
   [Eden: 929.0M(929.0M)->0.0B(939.0M) Survivors: 95.0M->85.0M Heap: 2060.9M(3072.0M)->1093.9M(3072.0M)]
 [Times: user=1.04 sys=0.00, real=0.53 secs] 
30219.756: [GC pause (mixed)
Desired survivor size 67108864 bytes, new threshold 2 (max 32)
- age   1:   43139768 bytes,   43139768 total
- age   2:   41234800 bytes,   84374568 total
- age   3:    2012744 bytes,   86387312 total
, 0.5609290 secs]
   [Parallel Time: 543.1 ms, GC Workers: 2]
      [GC Worker Start (ms): Min: 30219758.7, Avg: 30219758.7, Max: 30219758.7, Diff: 0.0]
      [Ext Root Scanning (ms): Min: 65.5, Avg: 75.5, Max: 85.4, Diff: 20.0, Sum: 150.9]
      [Update RS (ms): Min: 62.1, Avg: 74.6, Max: 87.0, Diff: 24.9, Sum: 149.2]
         [Processed Buffers: Min: 120, Avg: 165.0, Max: 210, Diff: 90, Sum: 330]
      [Scan RS (ms): Min: 99.0, Avg: 99.0, Max: 99.0, Diff: 0.0, Sum: 198.0]
      [Object Copy (ms): Min: 291.4, Avg: 293.8, Max: 296.3, Diff: 4.9, Sum: 587.7]
      [Termination (ms): Min: 0.0, Avg: 0.0, Max: 0.0, Diff: 0.0, Sum: 0.0]
      [GC Worker Other (ms): Min: 0.1, Avg: 0.1, Max: 0.1, Diff: 0.0, Sum: 0.3]
      [GC Worker Total (ms): Min: 543.0, Avg: 543.0, Max: 543.0, Diff: 0.0, Sum: 1086.0]
      [GC Worker End (ms): Min: 30220301.7, Avg: 30220301.7, Max: 30220301.7, Diff: 0.0]
   [Code Root Fixup: 0.0 ms]
   [Clear CT: 0.9 ms]
   [Other: 16.9 ms]
      [Choose CSet: 0.9 ms]
      [Ref Proc: 6.7 ms]
      [Ref Enq: 0.1 ms]
      [Free CSet: 6.5 ms]
   [Eden: 939.0M(939.0M)->0.0B(945.0M) Survivors: 85.0M->79.0M Heap: 2057.6M(3072.0M)->1082.1M(3072.0M)]
 [Times: user=1.10 sys=0.00, real=0.56 secs] 
30225.547: [GC pause (mixed)
Desired survivor size 67108864 bytes, new threshold 2 (max 32)
- age   1:   47678696 bytes,   47678696 total
- age   2:   32278992 bytes,   79957688 total
, 0.4800530 secs]
   [Parallel Time: 467.2 ms, GC Workers: 2]
      [GC Worker Start (ms): Min: 30225549.5, Avg: 30225549.5, Max: 30225549.5, Diff: 0.0]
      [Ext Root Scanning (ms): Min: 64.5, Avg: 73.2, Max: 81.9, Diff: 17.4, Sum: 146.4]
      [Update RS (ms): Min: 40.7, Avg: 52.3, Max: 63.8, Diff: 23.1, Sum: 104.6]
         [Processed Buffers: Min: 116, Avg: 135.0, Max: 154, Diff: 38, Sum: 270]
      [Scan RS (ms): Min: 81.6, Avg: 81.6, Max: 81.6, Diff: 0.0, Sum: 163.2]
      [Object Copy (ms): Min: 257.0, Avg: 259.9, Max: 262.8, Diff: 5.7, Sum: 519.8]
      [Termination (ms): Min: 0.0, Avg: 0.0, Max: 0.0, Diff: 0.0, Sum: 0.0]
      [GC Worker Other (ms): Min: 0.1, Avg: 0.1, Max: 0.1, Diff: 0.1, Sum: 0.2]
      [GC Worker Total (ms): Min: 467.0, Avg: 467.1, Max: 467.1, Diff: 0.1, Sum: 934.1]
      [GC Worker End (ms): Min: 30226016.5, Avg: 30226016.5, Max: 30226016.6, Diff: 0.0]
   [Code Root Fixup: 0.0 ms]
   [Clear CT: 0.9 ms]
   [Other: 12.0 ms]
      [Choose CSet: 0.3 ms]
      [Ref Proc: 3.1 ms]
      [Ref Enq: 0.0 ms]
      [Free CSet: 5.7 ms]
   [Eden: 945.0M(945.0M)->0.0B(946.0M) Survivors: 79.0M->78.0M Heap: 2027.1M(3072.0M)->1097.1M(3072.0M)]
 [Times: user=0.94 sys=0.00, real=0.48 secs] 
30231.681: [GC pause (young)
Desired survivor size 67108864 bytes, new threshold 2 (max 32)
- age   1:   41670264 bytes,   41670264 total
- age   2:   38408816 bytes,   80079080 total
, 0.4083560 secs]
   [Parallel Time: 396.4 ms, GC Workers: 2]
      [GC Worker Start (ms): Min: 30231682.7, Avg: 30231682.7, Max: 30231682.7, Diff: 0.1]
      [Ext Root Scanning (ms): Min: 66.1, Avg: 74.3, Max: 82.6, Diff: 16.5, Sum: 148.7]
      [Update RS (ms): Min: 6.2, Avg: 17.0, Max: 27.7, Diff: 21.5, Sum: 34.0]
         [Processed Buffers: Min: 102, Avg: 141.0, Max: 180, Diff: 78, Sum: 282]
      [Scan RS (ms): Min: 74.8, Avg: 74.8, Max: 74.8, Diff: 0.0, Sum: 149.7]
      [Object Copy (ms): Min: 227.5, Avg: 230.0, Max: 232.5, Diff: 4.9, Sum: 460.0]
      [Termination (ms): Min: 0.0, Avg: 0.0, Max: 0.0, Diff: 0.0, Sum: 0.0]
      [GC Worker Other (ms): Min: 0.1, Avg: 0.1, Max: 0.1, Diff: 0.0, Sum: 0.2]
      [GC Worker Total (ms): Min: 396.2, Avg: 396.2, Max: 396.3, Diff: 0.1, Sum: 792.5]
      [GC Worker End (ms): Min: 30232079.0, Avg: 30232079.0, Max: 30232079.0, Diff: 0.0]
   [Code Root Fixup: 0.0 ms]
   [Clear CT: 0.6 ms]
   [Other: 11.4 ms]
      [Choose CSet: 0.0 ms]
      [Ref Proc: 3.5 ms]
      [Ref Enq: 0.2 ms]
      [Free CSet: 4.9 ms]
   [Eden: 864.0M(946.0M)->0.0B(954.0M) Survivors: 78.0M->70.0M Heap: 2031.4M(3072.0M)->1194.2M(3072.0M)]
 [Times: user=0.80 sys=0.00, real=0.41 secs] 
30238.992: [GC pause (young)
Desired survivor size 67108864 bytes, new threshold 2 (max 32)
- age   1:   34617128 bytes,   34617128 total
- age   2:   35641104 bytes,   70258232 total
, 0.4578900 secs]
   [Parallel Time: 443.6 ms, GC Workers: 2]
      [GC Worker Start (ms): Min: 30238993.7, Avg: 30238993.7, Max: 30238993.7, Diff: 0.0]
      [Ext Root Scanning (ms): Min: 62.9, Avg: 77.2, Max: 91.5, Diff: 28.6, Sum: 154.5]
      [Update RS (ms): Min: 9.0, Avg: 22.0, Max: 35.0, Diff: 26.1, Sum: 44.0]
         [Processed Buffers: Min: 76, Avg: 138.0, Max: 200, Diff: 124, Sum: 276]
      [Scan RS (ms): Min: 112.2, Avg: 112.3, Max: 112.3, Diff: 0.1, Sum: 224.5]
      [Object Copy (ms): Min: 230.6, Avg: 231.9, Max: 233.2, Diff: 2.6, Sum: 463.9]
      [Termination (ms): Min: 0.0, Avg: 0.0, Max: 0.0, Diff: 0.0, Sum: 0.0]
      [GC Worker Other (ms): Min: 0.1, Avg: 0.1, Max: 0.1, Diff: 0.0, Sum: 0.2]
      [GC Worker Total (ms): Min: 443.5, Avg: 443.5, Max: 443.5, Diff: 0.0, Sum: 887.0]
      [GC Worker End (ms): Min: 30239437.2, Avg: 30239437.2, Max: 30239437.2, Diff: 0.0]
   [Code Root Fixup: 0.0 ms]
   [Clear CT: 0.7 ms]
   [Other: 13.6 ms]
      [Choose CSet: 0.0 ms]
      [Ref Proc: 4.8 ms]
      [Ref Enq: 0.1 ms]
      [Free CSet: 5.6 ms]
   [Eden: 810.0M(954.0M)->0.0B(959.0M) Survivors: 70.0M->65.0M Heap: 2072.8M(3072.0M)->1288.9M(3072.0M)]
 [Times: user=0.90 sys=0.00, real=0.46 secs] 
30244.687: [GC pause (young)
Desired survivor size 67108864 bytes, new threshold 16 (max 32)
- age   1:   36373296 bytes,   36373296 total
- age   2:   29278152 bytes,   65651448 total
, 0.4273680 secs]
   [Parallel Time: 416.0 ms, GC Workers: 2]
      [GC Worker Start (ms): Min: 30244689.0, Avg: 30244689.0, Max: 30244689.0, Diff: 0.0]
      [Ext Root Scanning (ms): Min: 63.2, Avg: 69.8, Max: 76.3, Diff: 13.1, Sum: 139.5]
      [Update RS (ms): Min: 7.1, Avg: 15.7, Max: 24.3, Diff: 17.2, Sum: 31.4]
         [Processed Buffers: Min: 70, Avg: 148.5, Max: 227, Diff: 157, Sum: 297]
      [Scan RS (ms): Min: 80.2, Avg: 80.2, Max: 80.3, Diff: 0.2, Sum: 160.5]
      [Object Copy (ms): Min: 248.1, Avg: 250.0, Max: 252.0, Diff: 3.9, Sum: 500.1]
      [Termination (ms): Min: 0.0, Avg: 0.0, Max: 0.0, Diff: 0.0, Sum: 0.0]
      [GC Worker Other (ms): Min: 0.1, Avg: 0.1, Max: 0.1, Diff: 0.0, Sum: 0.3]
      [GC Worker Total (ms): Min: 415.9, Avg: 415.9, Max: 415.9, Diff: 0.0, Sum: 831.8]
      [GC Worker End (ms): Min: 30245104.9, Avg: 30245104.9, Max: 30245104.9, Diff: 0.0]
   [Code Root Fixup: 0.0 ms]
   [Clear CT: 0.7 ms]
   [Other: 10.7 ms]
      [Choose CSet: 0.0 ms]
      [Ref Proc: 3.4 ms]
      [Ref Enq: 0.0 ms]
      [Free CSet: 4.7 ms]
   [Eden: 955.0M(959.0M)->0.0B(912.0M) Survivors: 65.0M->112.0M Heap: 2282.9M(3072.0M)->1375.3M(3072.0M)]
 [Times: user=0.84 sys=0.00, real=0.43 secs] 
30248.399: [GC pause (young) (initial-mark)
Desired survivor size 67108864 bytes, new threshold 2 (max 32)
- age   1:   58799240 bytes,   58799240 total
- age   2:   29273552 bytes,   88072792 total
- age   3:   25848512 bytes,  113921304 total
, 0.5572250 secs]
   [Parallel Time: 547.8 ms, GC Workers: 2]
      [GC Worker Start (ms): Min: 30248401.2, Avg: 30248401.2, Max: 30248401.2, Diff: 0.0]
      [Ext Root Scanning (ms): Min: 57.9, Avg: 75.7, Max: 93.6, Diff: 35.8, Sum: 151.5]
      [Update RS (ms): Min: 23.3, Avg: 40.4, Max: 57.4, Diff: 34.2, Sum: 80.7]
         [Processed Buffers: Min: 106, Avg: 139.5, Max: 173, Diff: 67, Sum: 279]
      [Scan RS (ms): Min: 73.1, Avg: 73.1, Max: 73.1, Diff: 0.0, Sum: 146.2]
      [Object Copy (ms): Min: 357.6, Avg: 358.4, Max: 359.2, Diff: 1.6, Sum: 716.8]
      [Termination (ms): Min: 0.0, Avg: 0.0, Max: 0.0, Diff: 0.0, Sum: 0.0]
      [GC Worker Other (ms): Min: 0.1, Avg: 0.1, Max: 0.1, Diff: 0.0, Sum: 0.2]
      [GC Worker Total (ms): Min: 547.7, Avg: 547.7, Max: 547.7, Diff: 0.0, Sum: 1095.4]
      [GC Worker End (ms): Min: 30248948.9, Avg: 30248948.9, Max: 30248948.9, Diff: 0.0]
   [Code Root Fixup: 0.0 ms]
   [Clear CT: 0.6 ms]
   [Other: 8.8 ms]
      [Choose CSet: 0.0 ms]
      [Ref Proc: 1.8 ms]
      [Ref Enq: 0.0 ms]
      [Free CSet: 3.6 ms]
   [Eden: 722.0M(912.0M)->0.0B(926.0M) Survivors: 112.0M->98.0M Heap: 2112.5M(3072.0M)->1428.0M(3072.0M)]
 [Times: user=1.10 sys=0.01, real=0.56 secs] 
30248.957: [GC concurrent-root-region-scan-start]
30249.552: [GC concurrent-root-region-scan-end, 0.5953100 secs]
30249.552: [GC concurrent-mark-start]
30252.186: [GC concurrent-mark-end, 2.6337680 secs]
30252.189: [GC remark 30252.190: [GC ref-proc, 0.3505020 secs], 0.4275390 secs]
 [Times: user=0.43 sys=0.01, real=0.43 secs] 
30252.619: [GC cleanup 2003M->1720M(3072M), 0.0281600 secs]
 [Times: user=0.05 sys=0.00, real=0.03 secs] 
30252.648: [GC concurrent-cleanup-start]
30252.648: [GC concurrent-cleanup-end, 0.0005770 secs]
30254.397: [GC pause (young)
Desired survivor size 67108864 bytes, new threshold 2 (max 32)
- age   1:   51924784 bytes,   51924784 total
- age   2:   48582072 bytes,  100506856 total
, 0.3802710 secs]
   [Parallel Time: 369.5 ms, GC Workers: 2]
      [GC Worker Start (ms): Min: 30254399.4, Avg: 30254399.4, Max: 30254399.4, Diff: 0.0]
      [Ext Root Scanning (ms): Min: 62.5, Avg: 71.1, Max: 79.6, Diff: 17.1, Sum: 142.2]
      [Update RS (ms): Min: 39.2, Avg: 50.5, Max: 61.8, Diff: 22.5, Sum: 101.0]
         [Processed Buffers: Min: 148, Avg: 153.0, Max: 158, Diff: 10, Sum: 306]
      [Scan RS (ms): Min: 57.5, Avg: 57.9, Max: 58.2, Diff: 0.7, Sum: 115.7]
      [Object Copy (ms): Min: 187.4, Avg: 189.7, Max: 192.1, Diff: 4.7, Sum: 379.4]
      [Termination (ms): Min: 0.0, Avg: 0.0, Max: 0.0, Diff: 0.0, Sum: 0.0]
      [GC Worker Other (ms): Min: 0.1, Avg: 0.1, Max: 0.1, Diff: 0.0, Sum: 0.2]
      [GC Worker Total (ms): Min: 369.3, Avg: 369.3, Max: 369.3, Diff: 0.0, Sum: 738.5]
      [GC Worker End (ms): Min: 30254768.6, Avg: 30254768.6, Max: 30254768.7, Diff: 0.0]
   [Code Root Fixup: 0.0 ms]
   [Clear CT: 0.8 ms]
   [Other: 10.0 ms]
      [Choose CSet: 0.0 ms]
      [Ref Proc: 3.2 ms]
      [Ref Enq: 0.0 ms]
      [Free CSet: 4.1 ms]
   [Eden: 926.0M(926.0M)->0.0B(972.0M) Survivors: 98.0M->52.0M Heap: 2118.4M(3072.0M)->1172.4M(3072.0M)]
 [Times: user=0.75 sys=0.00, real=0.38 secs] 
30260.356: [GC pause (mixed)
Desired survivor size 67108864 bytes, new threshold 16 (max 32)
- age   1:   32613360 bytes,   32613360 total
- age   2:   20289456 bytes,   52902816 total
, 0.4861410 secs]
   [Parallel Time: 470.2 ms, GC Workers: 2]
      [GC Worker Start (ms): Min: 30260359.4, Avg: 30260359.4, Max: 30260359.4, Diff: 0.0]
      [Ext Root Scanning (ms): Min: 62.2, Avg: 72.2, Max: 82.2, Diff: 20.0, Sum: 144.4]
      [Update RS (ms): Min: 49.4, Avg: 61.9, Max: 74.3, Diff: 24.9, Sum: 123.8]
         [Processed Buffers: Min: 133, Avg: 150.0, Max: 167, Diff: 34, Sum: 300]
      [Scan RS (ms): Min: 100.2, Avg: 100.3, Max: 100.4, Diff: 0.2, Sum: 200.7]
      [Object Copy (ms): Min: 232.9, Avg: 235.5, Max: 238.1, Diff: 5.2, Sum: 471.0]
      [Termination (ms): Min: 0.0, Avg: 0.0, Max: 0.0, Diff: 0.0, Sum: 0.0]
      [GC Worker Other (ms): Min: 0.1, Avg: 0.1, Max: 0.1, Diff: 0.0, Sum: 0.2]
      [GC Worker Total (ms): Min: 470.0, Avg: 470.0, Max: 470.1, Diff: 0.0, Sum: 940.1]
      [GC Worker End (ms): Min: 30260829.5, Avg: 30260829.5, Max: 30260829.5, Diff: 0.0]
   [Code Root Fixup: 0.0 ms]
   [Clear CT: 0.8 ms]
   [Other: 15.2 ms]
      [Choose CSet: 1.1 ms]
      [Ref Proc: 5.0 ms]
      [Ref Enq: 0.1 ms]
      [Free CSet: 6.2 ms]
   [Eden: 972.0M(972.0M)->0.0B(926.0M) Survivors: 52.0M->98.0M Heap: 2148.9M(3072.0M)->1125.4M(3072.0M)]
 [Times: user=0.96 sys=0.00, real=0.48 secs] 
30266.251: [GC pause (mixed)
Desired survivor size 67108864 bytes, new threshold 2 (max 32)
- age   1:   51981888 bytes,   51981888 total
- age   2:   28841704 bytes,   80823592 total
- age   3:   18991992 bytes,   99815584 total
, 0.6962420 secs]
   [Parallel Time: 683.9 ms, GC Workers: 2]
      [GC Worker Start (ms): Min: 30266252.4, Avg: 30266252.4, Max: 30266252.4, Diff: 0.0]
      [Ext Root Scanning (ms): Min: 69.2, Avg: 76.4, Max: 83.5, Diff: 14.3, Sum: 152.8]
      [Update RS (ms): Min: 22.8, Avg: 32.2, Max: 41.6, Diff: 18.8, Sum: 64.4]
         [Processed Buffers: Min: 94, Avg: 146.5, Max: 199, Diff: 105, Sum: 293]
      [Scan RS (ms): Min: 130.1, Avg: 130.2, Max: 130.3, Diff: 0.2, Sum: 260.4]
      [Object Copy (ms): Min: 442.4, Avg: 444.7, Max: 447.1, Diff: 4.7, Sum: 889.5]
      [Termination (ms): Min: 0.0, Avg: 0.0, Max: 0.0, Diff: 0.0, Sum: 0.0]
      [GC Worker Other (ms): Min: 0.1, Avg: 0.1, Max: 0.1, Diff: 0.0, Sum: 0.2]
      [GC Worker Total (ms): Min: 683.7, Avg: 683.7, Max: 683.7, Diff: 0.0, Sum: 1367.3]
      [GC Worker End (ms): Min: 30266936.0, Avg: 30266936.0, Max: 30266936.1, Diff: 0.0]
   [Code Root Fixup: 0.0 ms]
   [Clear CT: 1.0 ms]
   [Other: 11.4 ms]
      [Choose CSet: 0.7 ms]
      [Ref Proc: 4.5 ms]
      [Ref Enq: 0.1 ms]
      [Free CSet: 3.8 ms]
   [Eden: 926.0M(926.0M)->0.0B(896.0M) Survivors: 98.0M->128.0M Heap: 2169.1M(3072.0M)->1297.6M(3072.0M)]
 [Times: user=1.38 sys=0.00, real=0.70 secs] 
30271.208: [GC pause (young)
Desired survivor size 67108864 bytes, new threshold 1 (max 32)
- age   1:  120691712 bytes,  120691712 total
- age   2:   35714896 bytes,  156406608 total
, 0.8546130 secs]
   [Parallel Time: 844.3 ms, GC Workers: 2]
      [GC Worker Start (ms): Min: 30271209.5, Avg: 30271209.5, Max: 30271209.5, Diff: 0.0]
      [Ext Root Scanning (ms): Min: 63.4, Avg: 71.8, Max: 80.3, Diff: 16.9, Sum: 143.6]
      [Update RS (ms): Min: 38.6, Avg: 49.6, Max: 60.6, Diff: 22.0, Sum: 99.2]
         [Processed Buffers: Min: 84, Avg: 146.0, Max: 208, Diff: 124, Sum: 292]
      [Scan RS (ms): Min: 85.8, Avg: 85.9, Max: 85.9, Diff: 0.1, Sum: 171.7]
      [Object Copy (ms): Min: 634.2, Avg: 636.8, Max: 639.4, Diff: 5.2, Sum: 1273.5]
      [Termination (ms): Min: 0.0, Avg: 0.0, Max: 0.0, Diff: 0.0, Sum: 0.0]
      [GC Worker Other (ms): Min: 0.1, Avg: 0.1, Max: 0.1, Diff: 0.0, Sum: 0.2]
      [GC Worker Total (ms): Min: 844.2, Avg: 844.2, Max: 844.3, Diff: 0.1, Sum: 1688.4]
      [GC Worker End (ms): Min: 30272053.7, Avg: 30272053.7, Max: 30272053.8, Diff: 0.1]
   [Code Root Fixup: 0.0 ms]
   [Clear CT: 0.7 ms]
   [Other: 9.5 ms]
      [Choose CSet: 0.0 ms]
      [Ref Proc: 2.7 ms]
      [Ref Enq: 0.0 ms]
      [Free CSet: 3.5 ms]
   [Eden: 896.0M(896.0M)->0.0B(896.0M) Survivors: 128.0M->128.0M Heap: 2200.1M(3072.0M)->1432.6M(3072.0M)]
 [Times: user=1.69 sys=0.00, real=0.85 secs] 
30275.048: [GC pause (young) (initial-mark)
Desired survivor size 67108864 bytes, new threshold 1 (max 32)
- age   1:  145130720 bytes,  145130720 total
, 0.5233080 secs]
   [Parallel Time: 513.4 ms, GC Workers: 2]
      [GC Worker Start (ms): Min: 30275050.2, Avg: 30275050.2, Max: 30275050.2, Diff: 0.0]
      [Ext Root Scanning (ms): Min: 62.3, Avg: 79.3, Max: 96.3, Diff: 34.1, Sum: 158.6]
      [Update RS (ms): Min: 28.3, Avg: 44.6, Max: 60.8, Diff: 32.5, Sum: 89.1]
         [Processed Buffers: Min: 127, Avg: 154.5, Max: 182, Diff: 55, Sum: 309]
      [Scan RS (ms): Min: 68.3, Avg: 68.3, Max: 68.3, Diff: 0.0, Sum: 136.6]
      [Object Copy (ms): Min: 319.5, Avg: 320.2, Max: 321.0, Diff: 1.4, Sum: 640.5]
      [Termination (ms): Min: 0.6, Avg: 0.7, Max: 0.8, Diff: 0.2, Sum: 1.4]
      [GC Worker Other (ms): Min: 0.1, Avg: 0.1, Max: 0.2, Diff: 0.1, Sum: 0.3]
      [GC Worker Total (ms): Min: 513.3, Avg: 513.3, Max: 513.3, Diff: 0.0, Sum: 1026.5]
      [GC Worker End (ms): Min: 30275563.5, Avg: 30275563.5, Max: 30275563.5, Diff: 0.1]
   [Code Root Fixup: 0.0 ms]
   [Clear CT: 0.8 ms]
   [Other: 9.1 ms]
      [Choose CSet: 0.0 ms]
      [Ref Proc: 2.8 ms]
      [Ref Enq: 0.0 ms]
      [Free CSet: 2.5 ms]
   [Eden: 711.0M(896.0M)->0.0B(985.0M) Survivors: 128.0M->39.0M Heap: 2144.6M(3072.0M)->1434.6M(3072.0M)]
 [Times: user=1.03 sys=0.00, real=0.53 secs] 
30275.572: [GC concurrent-root-region-scan-start]
30275.681: [GC concurrent-root-region-scan-end, 0.1087360 secs]
30275.681: [GC concurrent-mark-start]
30277.767: [GC concurrent-mark-end, 2.0866870 secs]
30277.770: [GC remark 30277.772: [GC ref-proc, 0.0378070 secs], 0.1114180 secs]
 [Times: user=0.11 sys=0.00, real=0.11 secs] 
30277.883: [GC cleanup 1820M->1574M(3072M), 0.0259180 secs]
 [Times: user=0.06 sys=0.00, real=0.02 secs] 
30277.909: [GC concurrent-cleanup-start]
30277.910: [GC concurrent-cleanup-end, 0.0005420 secs]
30281.416: [GC pause (young)
Desired survivor size 67108864 bytes, new threshold 16 (max 32)
- age   1:   36645432 bytes,   36645432 total
, 0.3241400 secs]
   [Parallel Time: 310.4 ms, GC Workers: 2]
      [GC Worker Start (ms): Min: 30281417.6, Avg: 30281417.6, Max: 30281417.6, Diff: 0.0]
      [Ext Root Scanning (ms): Min: 64.8, Avg: 72.4, Max: 80.0, Diff: 15.3, Sum: 144.8]
      [Update RS (ms): Min: 48.3, Avg: 58.4, Max: 68.5, Diff: 20.2, Sum: 116.7]
         [Processed Buffers: Min: 88, Avg: 166.0, Max: 244, Diff: 156, Sum: 332]
      [Scan RS (ms): Min: 37.5, Avg: 37.5, Max: 37.6, Diff: 0.1, Sum: 75.1]
      [Object Copy (ms): Min: 139.3, Avg: 141.8, Max: 144.3, Diff: 5.0, Sum: 283.5]
      [Termination (ms): Min: 0.0, Avg: 0.0, Max: 0.0, Diff: 0.0, Sum: 0.0]
      [GC Worker Other (ms): Min: 0.1, Avg: 0.1, Max: 0.2, Diff: 0.1, Sum: 0.2]
      [GC Worker Total (ms): Min: 310.2, Avg: 310.2, Max: 310.2, Diff: 0.0, Sum: 620.5]
      [GC Worker End (ms): Min: 30281727.8, Avg: 30281727.8, Max: 30281727.8, Diff: 0.0]
   [Code Root Fixup: 0.0 ms]
   [Clear CT: 0.9 ms]
   [Other: 12.9 ms]
      [Choose CSet: 0.0 ms]
      [Ref Proc: 7.2 ms]
      [Ref Enq: 0.1 ms]
      [Free CSet: 3.5 ms]
   [Eden: 985.0M(985.0M)->0.0B(962.0M) Survivors: 39.0M->62.0M Heap: 2201.5M(3072.0M)->1240.0M(3072.0M)]
 [Times: user=0.63 sys=0.01, real=0.33 secs] 
30286.962: [GC pause (mixed)
Desired survivor size 67108864 bytes, new threshold 16 (max 32)
- age   1:   37772808 bytes,   37772808 total
- age   2:   22759704 bytes,   60532512 total
, 0.4029050 secs]
   [Parallel Time: 385.8 ms, GC Workers: 2]
      [GC Worker Start (ms): Min: 30286964.0, Avg: 30286964.0, Max: 30286964.0, Diff: 0.0]
      [Ext Root Scanning (ms): Min: 68.2, Avg: 74.7, Max: 81.1, Diff: 12.9, Sum: 149.4]
      [Update RS (ms): Min: 30.3, Avg: 39.1, Max: 48.0, Diff: 17.7, Sum: 78.2]
         [Processed Buffers: Min: 132, Avg: 155.5, Max: 179, Diff: 47, Sum: 311]
      [Scan RS (ms): Min: 51.2, Avg: 51.3, Max: 51.5, Diff: 0.3, Sum: 102.6]
      [Object Copy (ms): Min: 217.8, Avg: 220.4, Max: 222.9, Diff: 5.0, Sum: 440.7]
      [Termination (ms): Min: 0.0, Avg: 0.0, Max: 0.0, Diff: 0.0, Sum: 0.0]
      [GC Worker Other (ms): Min: 0.1, Avg: 0.1, Max: 0.1, Diff: 0.1, Sum: 0.2]
      [GC Worker Total (ms): Min: 385.6, Avg: 385.6, Max: 385.6, Diff: 0.0, Sum: 771.2]
      [GC Worker End (ms): Min: 30287349.6, Avg: 30287349.6, Max: 30287349.6, Diff: 0.0]
   [Code Root Fixup: 0.0 ms]
   [Clear CT: 1.0 ms]
   [Other: 16.2 ms]
      [Choose CSet: 0.5 ms]
      [Ref Proc: 8.9 ms]
      [Ref Enq: 0.1 ms]
      [Free CSet: 4.5 ms]
   [Eden: 962.0M(962.0M)->0.0B(923.0M) Survivors: 62.0M->101.0M Heap: 2226.0M(3072.0M)->1207.5M(3072.0M)]
 [Times: user=0.79 sys=0.01, real=0.40 secs] 
30291.350: [GC pause (mixed)
Desired survivor size 67108864 bytes, new threshold 2 (max 32)
- age   1:   52736792 bytes,   52736792 total
- age   2:   27624160 bytes,   80360952 total
- age   3:   21381456 bytes,  101742408 total
, 0.4815880 secs]
   [Parallel Time: 464.0 ms, GC Workers: 2]
      [GC Worker Start (ms): Min: 30291352.9, Avg: 30291353.0, Max: 30291353.0, Diff: 0.0]
      [Ext Root Scanning (ms): Min: 68.4, Avg: 75.5, Max: 82.7, Diff: 14.4, Sum: 151.1]
      [Update RS (ms): Min: 23.9, Avg: 33.6, Max: 43.3, Diff: 19.4, Sum: 67.2]
         [Processed Buffers: Min: 43, Avg: 156.0, Max: 269, Diff: 226, Sum: 312]
      [Scan RS (ms): Min: 90.7, Avg: 90.8, Max: 90.9, Diff: 0.2, Sum: 181.6]
      [Object Copy (ms): Min: 261.0, Avg: 263.6, Max: 266.2, Diff: 5.2, Sum: 527.2]
      [Termination (ms): Min: 0.0, Avg: 0.0, Max: 0.0, Diff: 0.0, Sum: 0.0]
      [GC Worker Other (ms): Min: 0.2, Avg: 0.2, Max: 0.2, Diff: 0.0, Sum: 0.3]
      [GC Worker Total (ms): Min: 463.7, Avg: 463.7, Max: 463.7, Diff: 0.0, Sum: 927.3]
      [GC Worker End (ms): Min: 30291816.6, Avg: 30291816.6, Max: 30291816.6, Diff: 0.0]
   [Code Root Fixup: 0.0 ms]
   [Clear CT: 0.8 ms]
   [Other: 16.8 ms]
      [Choose CSet: 1.0 ms]
      [Ref Proc: 7.3 ms]
      [Ref Enq: 0.4 ms]
      [Free CSet: 5.3 ms]
   [Eden: 923.0M(923.0M)->0.0B(959.0M) Survivors: 101.0M->65.0M Heap: 2165.8M(3072.0M)->1158.8M(3072.0M)]
 [Times: user=0.93 sys=0.00, real=0.48 secs] 
30298.283: [GC pause (mixed)
Desired survivor size 67108864 bytes, new threshold 16 (max 32)
- age   1:   38034976 bytes,   38034976 total
- age   2:   26245504 bytes,   64280480 total
, 0.4377010 secs]
   [Parallel Time: 416.7 ms, GC Workers: 2]
      [GC Worker Start (ms): Min: 30298285.9, Avg: 30298285.9, Max: 30298285.9, Diff: 0.0]
      [Ext Root Scanning (ms): Min: 65.5, Avg: 72.6, Max: 79.7, Diff: 14.2, Sum: 145.2]
      [Update RS (ms): Min: 27.6, Avg: 37.3, Max: 47.0, Diff: 19.4, Sum: 74.7]
         [Processed Buffers: Min: 118, Avg: 171.5, Max: 225, Diff: 107, Sum: 343]
      [Scan RS (ms): Min: 88.4, Avg: 88.5, Max: 88.6, Diff: 0.2, Sum: 177.0]
      [Object Copy (ms): Min: 215.4, Avg: 218.1, Max: 220.8, Diff: 5.4, Sum: 436.2]
      [Termination (ms): Min: 0.0, Avg: 0.0, Max: 0.0, Diff: 0.0, Sum: 0.0]
      [GC Worker Other (ms): Min: 0.1, Avg: 0.1, Max: 0.1, Diff: 0.0, Sum: 0.2]
      [GC Worker Total (ms): Min: 416.6, Avg: 416.6, Max: 416.6, Diff: 0.0, Sum: 833.2]
      [GC Worker End (ms): Min: 30298702.5, Avg: 30298702.5, Max: 30298702.5, Diff: 0.0]
   [Code Root Fixup: 0.0 ms]
   [Clear CT: 0.8 ms]
   [Other: 20.2 ms]
      [Choose CSet: 1.4 ms]
      [Ref Proc: 10.7 ms]
      [Ref Enq: 0.2 ms]
      [Free CSet: 5.5 ms]
   [Eden: 959.0M(959.0M)->0.0B(929.0M) Survivors: 65.0M->95.0M Heap: 2142.5M(3072.0M)->1122.0M(3072.0M)]
 [Times: user=0.86 sys=0.00, real=0.44 secs] 
30304.018: [GC pause (mixed)
Desired survivor size 67108864 bytes, new threshold 2 (max 32)
- age   1:   39254496 bytes,   39254496 total
- age   2:   29798064 bytes,   69052560 total
- age   3:   24938120 bytes,   93990680 total
, 0.4610980 secs]
   [Parallel Time: 442.8 ms, GC Workers: 2]
      [GC Worker Start (ms): Min: 30304020.8, Avg: 30304020.8, Max: 30304020.9, Diff: 0.0]
      [Ext Root Scanning (ms): Min: 65.7, Avg: 73.2, Max: 80.7, Diff: 15.1, Sum: 146.4]
      [Update RS (ms): Min: 29.8, Avg: 40.4, Max: 51.0, Diff: 21.2, Sum: 80.8]
         [Processed Buffers: Min: 158, Avg: 166.5, Max: 175, Diff: 17, Sum: 333]
      [Scan RS (ms): Min: 78.8, Avg: 78.9, Max: 79.0, Diff: 0.2, Sum: 157.8]
      [Object Copy (ms): Min: 246.9, Avg: 250.1, Max: 253.3, Diff: 6.4, Sum: 500.2]
      [Termination (ms): Min: 0.0, Avg: 0.0, Max: 0.0, Diff: 0.0, Sum: 0.0]
      [GC Worker Other (ms): Min: 0.1, Avg: 0.1, Max: 0.1, Diff: 0.0, Sum: 0.2]
      [GC Worker Total (ms): Min: 442.7, Avg: 442.7, Max: 442.7, Diff: 0.0, Sum: 885.4]
      [GC Worker End (ms): Min: 30304463.5, Avg: 30304463.5, Max: 30304463.6, Diff: 0.0]
   [Code Root Fixup: 0.0 ms]
   [Clear CT: 1.1 ms]
   [Other: 17.2 ms]
      [Choose CSet: 0.9 ms]
      [Ref Proc: 8.3 ms]
      [Ref Enq: 0.1 ms]
      [Free CSet: 5.1 ms]
   [Eden: 929.0M(929.0M)->0.0B(962.0M) Survivors: 95.0M->62.0M Heap: 2057.8M(3072.0M)->1105.3M(3072.0M)]
 [Times: user=0.90 sys=0.00, real=0.46 secs] 
30310.030: [GC pause (young)
Desired survivor size 67108864 bytes, new threshold 16 (max 32)
- age   1:   36372120 bytes,   36372120 total
- age   2:   25717400 bytes,   62089520 total
, 0.3688450 secs]
   [Parallel Time: 353.4 ms, GC Workers: 2]
      [GC Worker Start (ms): Min: 30310031.8, Avg: 30310031.8, Max: 30310031.8, Diff: 0.0]
      [Ext Root Scanning (ms): Min: 70.0, Avg: 76.8, Max: 83.6, Diff: 13.6, Sum: 153.7]
      [Update RS (ms): Min: 52.2, Avg: 61.3, Max: 70.3, Diff: 18.1, Sum: 122.5]
         [Processed Buffers: Min: 134, Avg: 179.5, Max: 225, Diff: 91, Sum: 359]
      [Scan RS (ms): Min: 39.6, Avg: 39.7, Max: 39.7, Diff: 0.0, Sum: 79.3]
      [Object Copy (ms): Min: 173.2, Avg: 175.4, Max: 177.6, Diff: 4.4, Sum: 350.8]
      [Termination (ms): Min: 0.0, Avg: 0.0, Max: 0.0, Diff: 0.0, Sum: 0.0]
      [GC Worker Other (ms): Min: 0.1, Avg: 0.1, Max: 0.1, Diff: 0.0, Sum: 0.2]
      [GC Worker Total (ms): Min: 353.2, Avg: 353.2, Max: 353.3, Diff: 0.1, Sum: 706.5]
      [GC Worker End (ms): Min: 30310385.0, Avg: 30310385.0, Max: 30310385.1, Diff: 0.0]
   [Code Root Fixup: 0.0 ms]
   [Clear CT: 0.7 ms]
   [Other: 14.8 ms]
      [Choose CSet: 0.0 ms]
      [Ref Proc: 9.1 ms]
      [Ref Enq: 0.1 ms]
      [Free CSet: 3.3 ms]
   [Eden: 962.0M(962.0M)->0.0B(945.0M) Survivors: 62.0M->79.0M Heap: 2088.9M(3072.0M)->1143.4M(3072.0M)]
 [Times: user=0.71 sys=0.01, real=0.37 secs] 
30315.812: [GC pause (young)
Desired survivor size 67108864 bytes, new threshold 3 (max 32)
- age   1:   32573136 bytes,   32573136 total
- age   2:   23773568 bytes,   56346704 total
- age   3:   21564384 bytes,   77911088 total
, 0.6678910 secs]
   [Parallel Time: 653.4 ms, GC Workers: 2]
      [GC Worker Start (ms): Min: 30315813.6, Avg: 30315813.6, Max: 30315813.6, Diff: 0.0]
      [Ext Root Scanning (ms): Min: 64.2, Avg: 73.4, Max: 82.6, Diff: 18.3, Sum: 146.8]
      [Update RS (ms): Min: 63.7, Avg: 75.3, Max: 86.8, Diff: 23.2, Sum: 150.5]
         [Processed Buffers: Min: 155, Avg: 168.0, Max: 181, Diff: 26, Sum: 336]
      [Scan RS (ms): Min: 55.4, Avg: 55.4, Max: 55.4, Diff: 0.0, Sum: 110.8]
      [Object Copy (ms): Min: 446.6, Avg: 449.1, Max: 451.5, Diff: 4.9, Sum: 898.1]
      [Termination (ms): Min: 0.0, Avg: 0.0, Max: 0.0, Diff: 0.0, Sum: 0.0]
      [GC Worker Other (ms): Min: 0.1, Avg: 0.1, Max: 0.1, Diff: 0.0, Sum: 0.2]
      [GC Worker Total (ms): Min: 653.2, Avg: 653.2, Max: 653.2, Diff: 0.0, Sum: 1306.4]
      [GC Worker End (ms): Min: 30316466.8, Avg: 30316466.8, Max: 30316466.8, Diff: 0.0]
   [Code Root Fixup: 0.0 ms]
   [Clear CT: 1.1 ms]
   [Other: 13.4 ms]
      [Choose CSet: 0.0 ms]
      [Ref Proc: 7.6 ms]
      [Ref Enq: 0.1 ms]
      [Free CSet: 3.1 ms]
   [Eden: 945.0M(945.0M)->0.0B(896.0M) Survivors: 79.0M->128.0M Heap: 2116.6M(3072.0M)->1282.6M(3072.0M)]
 [Times: user=1.31 sys=0.00, real=0.67 secs] 
30320.801: [GC pause (young)
Desired survivor size 67108864 bytes, new threshold 1 (max 32)
- age   1:  123860856 bytes,  123860856 total
- age   2:   26920264 bytes,  150781120 total
- age   3:   21734472 bytes,  172515592 total
, 0.7975090 secs]
   [Parallel Time: 781.9 ms, GC Workers: 2]
      [GC Worker Start (ms): Min: 30320802.4, Avg: 30320802.4, Max: 30320802.5, Diff: 0.1]
      [Ext Root Scanning (ms): Min: 66.8, Avg: 75.6, Max: 84.3, Diff: 17.5, Sum: 151.2]
      [Update RS (ms): Min: 53.6, Avg: 65.8, Max: 77.9, Diff: 24.2, Sum: 131.5]
         [Processed Buffers: Min: 70, Avg: 157.0, Max: 244, Diff: 174, Sum: 314]
      [Scan RS (ms): Min: 129.8, Avg: 129.9, Max: 130.1, Diff: 0.3, Sum: 259.9]
      [Object Copy (ms): Min: 507.2, Avg: 510.4, Max: 513.6, Diff: 6.4, Sum: 1020.8]
      [Termination (ms): Min: 0.0, Avg: 0.0, Max: 0.0, Diff: 0.0, Sum: 0.0]
      [GC Worker Other (ms): Min: 0.1, Avg: 0.1, Max: 0.1, Diff: 0.0, Sum: 0.2]
      [GC Worker Total (ms): Min: 781.7, Avg: 781.8, Max: 781.9, Diff: 0.1, Sum: 1563.6]
      [GC Worker End (ms): Min: 30321584.2, Avg: 30321584.2, Max: 30321584.2, Diff: 0.0]
   [Code Root Fixup: 0.0 ms]
   [Clear CT: 0.7 ms]
   [Other: 14.9 ms]
      [Choose CSet: 0.0 ms]
      [Ref Proc: 6.1 ms]
      [Ref Enq: 0.0 ms]
      [Free CSet: 4.9 ms]
   [Eden: 896.0M(896.0M)->0.0B(939.0M) Survivors: 128.0M->85.0M Heap: 2205.3M(3072.0M)->1380.3M(3072.0M)]
 [Times: user=1.58 sys=0.00, real=0.80 secs] 
30322.390: [GC pause (young) (initial-mark)
Desired survivor size 67108864 bytes, new threshold 1 (max 32)
- age   1:   85413888 bytes,   85413888 total
, 0.3757640 secs]
   [Parallel Time: 368.5 ms, GC Workers: 2]
      [GC Worker Start (ms): Min: 30322391.4, Avg: 30322391.4, Max: 30322391.4, Diff: 0.0]
      [Ext Root Scanning (ms): Min: 57.8, Avg: 75.7, Max: 93.7, Diff: 35.9, Sum: 151.5]
      [Update RS (ms): Min: 15.6, Avg: 33.4, Max: 51.2, Diff: 35.6, Sum: 66.8]
         [Processed Buffers: Min: 67, Avg: 127.0, Max: 187, Diff: 120, Sum: 254]
      [Scan RS (ms): Min: 56.6, Avg: 56.7, Max: 56.7, Diff: 0.1, Sum: 113.3]
      [Object Copy (ms): Min: 202.4, Avg: 202.5, Max: 202.7, Diff: 0.3, Sum: 405.1]
      [Termination (ms): Min: 0.0, Avg: 0.0, Max: 0.0, Diff: 0.0, Sum: 0.0]
      [GC Worker Other (ms): Min: 0.0, Avg: 0.1, Max: 0.2, Diff: 0.1, Sum: 0.2]
      [GC Worker Total (ms): Min: 368.4, Avg: 368.4, Max: 368.5, Diff: 0.1, Sum: 736.9]
      [GC Worker End (ms): Min: 30322759.8, Avg: 30322759.9, Max: 30322759.9, Diff: 0.0]
   [Code Root Fixup: 0.0 ms]
   [Clear CT: 0.5 ms]
   [Other: 6.7 ms]
      [Choose CSet: 0.0 ms]
      [Ref Proc: 2.0 ms]
      [Ref Enq: 0.0 ms]
      [Free CSet: 1.4 ms]
   [Eden: 145.0M(939.0M)->0.0B(1015.0M) Survivors: 85.0M->9216.0K Heap: 1524.5M(3072.0M)->1380.3M(3072.0M)]
 [Times: user=0.74 sys=0.00, real=0.37 secs] 
30322.766: [GC concurrent-root-region-scan-start]
30322.892: [GC concurrent-root-region-scan-end, 0.1256130 secs]
30322.892: [GC concurrent-mark-start]
30325.781: [GC concurrent-mark-end, 2.8893660 secs]
30325.784: [GC remark 30325.812: [GC ref-proc, 0.1259420 secs], 0.2253270 secs]
 [Times: user=0.25 sys=0.00, real=0.23 secs] 
30326.012: [GC cleanup 1937M->1683M(3072M), 0.0259730 secs]
 [Times: user=0.05 sys=0.00, real=0.03 secs] 
30326.038: [GC concurrent-cleanup-start]
30326.039: [GC concurrent-cleanup-end, 0.0006800 secs]
30328.337: [GC pause (young)
Desired survivor size 67108864 bytes, new threshold 16 (max 32)
- age   1:    8231248 bytes,    8231248 total
, 0.3706970 secs]
   [Parallel Time: 355.9 ms, GC Workers: 2]
      [GC Worker Start (ms): Min: 30328339.0, Avg: 30328339.0, Max: 30328339.0, Diff: 0.0]
      [Ext Root Scanning (ms): Min: 68.8, Avg: 74.0, Max: 79.1, Diff: 10.4, Sum: 147.9]
      [Update RS (ms): Min: 59.6, Avg: 66.9, Max: 74.1, Diff: 14.5, Sum: 133.7]
         [Processed Buffers: Min: 122, Avg: 161.5, Max: 201, Diff: 79, Sum: 323]
      [Scan RS (ms): Min: 65.3, Avg: 65.6, Max: 65.9, Diff: 0.6, Sum: 131.2]
      [Object Copy (ms): Min: 146.9, Avg: 149.3, Max: 151.6, Diff: 4.8, Sum: 298.5]
      [Termination (ms): Min: 0.0, Avg: 0.0, Max: 0.0, Diff: 0.0, Sum: 0.0]
      [GC Worker Other (ms): Min: 0.1, Avg: 0.1, Max: 0.1, Diff: 0.0, Sum: 0.2]
      [GC Worker Total (ms): Min: 355.8, Avg: 355.8, Max: 355.8, Diff: 0.0, Sum: 711.6]
      [GC Worker End (ms): Min: 30328694.8, Avg: 30328694.8, Max: 30328694.8, Diff: 0.0]
   [Code Root Fixup: 0.0 ms]
   [Clear CT: 1.0 ms]
   [Other: 13.8 ms]
      [Choose CSet: 0.0 ms]
      [Ref Proc: 6.0 ms]
      [Ref Enq: 0.1 ms]
      [Free CSet: 5.1 ms]
   [Eden: 1015.0M(1015.0M)->0.0B(971.0M) Survivors: 9216.0K->53.0M Heap: 2187.0M(3072.0M)->1215.5M(3072.0M)]
 [Times: user=0.73 sys=0.00, real=0.37 secs] 
30333.580: [GC pause (mixed)
Desired survivor size 67108864 bytes, new threshold 16 (max 32)
- age   1:   45340712 bytes,   45340712 total
- age   2:    6262048 bytes,   51602760 total
, 0.4883390 secs]
   [Parallel Time: 472.5 ms, GC Workers: 2]
      [GC Worker Start (ms): Min: 30333582.4, Avg: 30333582.4, Max: 30333582.4, Diff: 0.0]
      [Ext Root Scanning (ms): Min: 64.6, Avg: 72.2, Max: 79.8, Diff: 15.2, Sum: 144.4]
      [Update RS (ms): Min: 57.3, Avg: 66.8, Max: 76.4, Diff: 19.1, Sum: 133.7]
         [Processed Buffers: Min: 132, Avg: 159.5, Max: 187, Diff: 55, Sum: 319]
      [Scan RS (ms): Min: 97.8, Avg: 98.3, Max: 98.8, Diff: 1.0, Sum: 196.7]
      [Object Copy (ms): Min: 232.5, Avg: 235.0, Max: 237.4, Diff: 4.9, Sum: 470.0]
      [Termination (ms): Min: 0.0, Avg: 0.0, Max: 0.0, Diff: 0.0, Sum: 0.0]
      [GC Worker Other (ms): Min: 0.1, Avg: 0.1, Max: 0.1, Diff: 0.0, Sum: 0.2]
      [GC Worker Total (ms): Min: 472.4, Avg: 472.4, Max: 472.4, Diff: 0.0, Sum: 944.9]
      [GC Worker End (ms): Min: 30334054.8, Avg: 30334054.8, Max: 30334054.8, Diff: 0.0]
   [Code Root Fixup: 0.0 ms]
   [Clear CT: 0.8 ms]
   [Other: 15.0 ms]
      [Choose CSet: 0.4 ms]
      [Ref Proc: 6.6 ms]
      [Ref Enq: 0.1 ms]
      [Free CSet: 5.6 ms]
   [Eden: 971.0M(971.0M)->0.0B(933.0M) Survivors: 53.0M->91.0M Heap: 2188.3M(3072.0M)->1186.8M(3072.0M)]
 [Times: user=0.96 sys=0.00, real=0.48 secs] 
30339.279: [GC pause (mixed)
Desired survivor size 67108864 bytes, new threshold 2 (max 32)
- age   1:   45442768 bytes,   45442768 total
- age   2:   40980352 bytes,   86423120 total
- age   3:    5483272 bytes,   91906392 total
, 0.5919030 secs]
   [Parallel Time: 574.6 ms, GC Workers: 2]
      [GC Worker Start (ms): Min: 30339281.9, Avg: 30339282.9, Max: 30339283.8, Diff: 1.9]
      [Ext Root Scanning (ms): Min: 62.8, Avg: 71.5, Max: 80.2, Diff: 17.4, Sum: 143.0]
      [Update RS (ms): Min: 30.6, Avg: 41.1, Max: 51.5, Diff: 20.9, Sum: 82.2]
         [Processed Buffers: Min: 128, Avg: 158.0, Max: 188, Diff: 60, Sum: 316]
      [Scan RS (ms): Min: 136.9, Avg: 136.9, Max: 136.9, Diff: 0.0, Sum: 273.8]
      [Object Copy (ms): Min: 321.3, Avg: 324.0, Max: 326.7, Diff: 5.4, Sum: 648.0]
      [Termination (ms): Min: 0.0, Avg: 0.0, Max: 0.0, Diff: 0.0, Sum: 0.0]
      [GC Worker Other (ms): Min: 0.1, Avg: 0.1, Max: 0.1, Diff: 0.1, Sum: 0.2]
      [GC Worker Total (ms): Min: 572.7, Avg: 573.6, Max: 574.5, Diff: 1.8, Sum: 1147.2]
      [GC Worker End (ms): Min: 30339856.4, Avg: 30339856.5, Max: 30339856.5, Diff: 0.0]
   [Code Root Fixup: 0.0 ms]
   [Clear CT: 1.3 ms]
   [Other: 15.9 ms]
      [Choose CSet: 0.9 ms]
      [Ref Proc: 5.9 ms]
      [Ref Enq: 0.1 ms]
      [Free CSet: 5.8 ms]
   [Eden: 933.0M(933.0M)->0.0B(940.0M) Survivors: 91.0M->84.0M Heap: 2164.7M(3072.0M)->1224.2M(3072.0M)]
 [Times: user=1.16 sys=0.00, real=0.60 secs] 
30345.362: [GC pause (young)
Desired survivor size 67108864 bytes, new threshold 2 (max 32)
- age   1:   44679800 bytes,   44679800 total
- age   2:   40348640 bytes,   85028440 total
, 0.4796250 secs]
   [Parallel Time: 468.0 ms, GC Workers: 2]
      [GC Worker Start (ms): Min: 30345364.0, Avg: 30345364.0, Max: 30345364.0, Diff: 0.0]
      [Ext Root Scanning (ms): Min: 69.1, Avg: 77.0, Max: 85.0, Diff: 16.0, Sum: 154.1]
      [Update RS (ms): Min: 46.5, Avg: 57.1, Max: 67.7, Diff: 21.2, Sum: 114.2]
         [Processed Buffers: Min: 121, Avg: 142.0, Max: 163, Diff: 42, Sum: 284]
      [Scan RS (ms): Min: 90.5, Avg: 90.6, Max: 90.7, Diff: 0.1, Sum: 181.2]
      [Object Copy (ms): Min: 240.3, Avg: 242.9, Max: 245.5, Diff: 5.3, Sum: 485.8]
      [Termination (ms): Min: 0.0, Avg: 0.0, Max: 0.0, Diff: 0.0, Sum: 0.0]
      [GC Worker Other (ms): Min: 0.1, Avg: 0.2, Max: 0.3, Diff: 0.2, Sum: 0.5]
      [GC Worker Total (ms): Min: 467.9, Avg: 467.9, Max: 467.9, Diff: 0.1, Sum: 935.8]
      [GC Worker End (ms): Min: 30345831.9, Avg: 30345831.9, Max: 30345831.9, Diff: 0.0]
   [Code Root Fixup: 0.0 ms]
   [Clear CT: 0.7 ms]
   [Other: 10.9 ms]
      [Choose CSet: 0.0 ms]
      [Ref Proc: 3.4 ms]
      [Ref Enq: 0.1 ms]
      [Free CSet: 4.3 ms]
   [Eden: 940.0M(940.0M)->0.0B(946.0M) Survivors: 84.0M->78.0M Heap: 2233.1M(3072.0M)->1321.6M(3072.0M)]
 [Times: user=0.95 sys=0.00, real=0.48 secs] 
30350.784: [GC pause (young)
Desired survivor size 67108864 bytes, new threshold 2 (max 32)
- age   1:   48786456 bytes,   48786456 total
- age   2:   29991464 bytes,   78777920 total
, 0.6143150 secs]
   [Parallel Time: 599.8 ms, GC Workers: 2]
      [GC Worker Start (ms): Min: 30350785.5, Avg: 30350785.5, Max: 30350785.5, Diff: 0.0]
      [Ext Root Scanning (ms): Min: 62.7, Avg: 73.2, Max: 83.7, Diff: 21.1, Sum: 146.4]
      [Update RS (ms): Min: 9.1, Avg: 22.1, Max: 35.2, Diff: 26.1, Sum: 44.3]
         [Processed Buffers: Min: 117, Avg: 159.5, Max: 202, Diff: 85, Sum: 319]
      [Scan RS (ms): Min: 75.7, Avg: 75.8, Max: 75.8, Diff: 0.1, Sum: 151.5]
      [Object Copy (ms): Min: 425.9, Avg: 428.5, Max: 431.0, Diff: 5.1, Sum: 856.9]
      [Termination (ms): Min: 0.0, Avg: 0.0, Max: 0.0, Diff: 0.0, Sum: 0.0]
      [GC Worker Other (ms): Min: 0.1, Avg: 0.1, Max: 0.1, Diff: 0.0, Sum: 0.2]
      [GC Worker Total (ms): Min: 599.6, Avg: 599.7, Max: 599.7, Diff: 0.0, Sum: 1199.3]
      [GC Worker End (ms): Min: 30351385.2, Avg: 30351385.2, Max: 30351385.2, Diff: 0.0]
   [Code Root Fixup: 0.0 ms]
   [Clear CT: 0.7 ms]
   [Other: 13.8 ms]
      [Choose CSet: 0.0 ms]
      [Ref Proc: 6.2 ms]
      [Ref Enq: 0.0 ms]
      [Free CSet: 4.7 ms]
   [Eden: 923.0M(946.0M)->0.0B(896.0M) Survivors: 78.0M->128.0M Heap: 2276.9M(3072.0M)->1454.3M(3072.0M)]
 [Times: user=1.21 sys=0.00, real=0.61 secs] 
30351.409: [GC pause (young) (initial-mark)
Desired survivor size 67108864 bytes, new threshold 1 (max 32)
- age   1:  112947568 bytes,  112947568 total
- age   2:   39620312 bytes,  152567880 total
, 0.6026630 secs]
   [Parallel Time: 598.4 ms, GC Workers: 2]
      [GC Worker Start (ms): Min: 30351410.2, Avg: 30351410.2, Max: 30351410.2, Diff: 0.0]
      [Ext Root Scanning (ms): Min: 68.3, Avg: 74.1, Max: 79.9, Diff: 11.6, Sum: 148.2]
      [Update RS (ms): Min: 201.3, Avg: 214.2, Max: 227.0, Diff: 25.6, Sum: 428.3]
         [Processed Buffers: Min: 319, Avg: 335.5, Max: 352, Diff: 33, Sum: 671]
      [Scan RS (ms): Min: 0.3, Avg: 0.4, Max: 0.4, Diff: 0.0, Sum: 0.7]
      [Object Copy (ms): Min: 302.6, Avg: 309.6, Max: 316.6, Diff: 14.1, Sum: 619.2]
      [Termination (ms): Min: 0.0, Avg: 0.0, Max: 0.0, Diff: 0.0, Sum: 0.0]
      [GC Worker Other (ms): Min: 0.1, Avg: 0.1, Max: 0.1, Diff: 0.1, Sum: 0.2]
      [GC Worker Total (ms): Min: 598.3, Avg: 598.3, Max: 598.3, Diff: 0.0, Sum: 1196.6]
      [GC Worker End (ms): Min: 30352008.5, Avg: 30352008.5, Max: 30352008.5, Diff: 0.0]
   [Code Root Fixup: 0.0 ms]
   [Clear CT: 0.2 ms]
   [Other: 4.1 ms]
      [Choose CSet: 0.0 ms]
      [Ref Proc: 0.2 ms]
      [Ref Enq: 0.0 ms]
      [Free CSet: 0.4 ms]
   [Eden: 2048.0K(896.0M)->0.0B(1023.0M) Survivors: 128.0M->1024.0K Heap: 1463.6M(3072.0M)->1463.3M(3072.0M)]
 [Times: user=1.20 sys=0.00, real=0.61 secs] 
30352.013: [GC concurrent-root-region-scan-start]
30352.016: [GC concurrent-root-region-scan-end, 0.0032830 secs]
30352.016: [GC concurrent-mark-start]
30355.322: [GC concurrent-mark-end, 3.3059260 secs]
30355.324: [GC remark 30355.327: [GC ref-proc, 0.0534280 secs], 0.1284440 secs]
 [Times: user=0.13 sys=0.01, real=0.13 secs] 
30355.455: [GC cleanup 2077M->1824M(3072M), 0.0293370 secs]
 [Times: user=0.06 sys=0.00, real=0.03 secs] 
30355.485: [GC concurrent-cleanup-start]
30355.485: [GC concurrent-cleanup-end, 0.0005920 secs]
30357.665: [GC pause (young)
Desired survivor size 67108864 bytes, new threshold 16 (max 32)
- age   1:      57032 bytes,      57032 total
, 0.3097240 secs]
   [Parallel Time: 298.4 ms, GC Workers: 2]
      [GC Worker Start (ms): Min: 30357667.4, Avg: 30357667.4, Max: 30357667.4, Diff: 0.0]
      [Ext Root Scanning (ms): Min: 64.6, Avg: 71.9, Max: 79.3, Diff: 14.7, Sum: 143.8]
      [Update RS (ms): Min: 38.9, Avg: 48.8, Max: 58.7, Diff: 19.8, Sum: 97.5]
         [Processed Buffers: Min: 143, Avg: 147.5, Max: 152, Diff: 9, Sum: 295]
      [Scan RS (ms): Min: 47.9, Avg: 48.1, Max: 48.3, Diff: 0.3, Sum: 96.2]
      [Object Copy (ms): Min: 127.1, Avg: 129.5, Max: 131.8, Diff: 4.8, Sum: 258.9]
      [Termination (ms): Min: 0.0, Avg: 0.0, Max: 0.0, Diff: 0.0, Sum: 0.0]
      [GC Worker Other (ms): Min: 0.1, Avg: 0.1, Max: 0.1, Diff: 0.0, Sum: 0.2]
      [GC Worker Total (ms): Min: 298.3, Avg: 298.3, Max: 298.3, Diff: 0.0, Sum: 596.7]
      [GC Worker End (ms): Min: 30357965.7, Avg: 30357965.7, Max: 30357965.7, Diff: 0.0]
   [Code Root Fixup: 0.0 ms]
   [Clear CT: 0.8 ms]
   [Other: 10.5 ms]
      [Choose CSet: 0.0 ms]
      [Ref Proc: 3.8 ms]
      [Ref Enq: 0.1 ms]
      [Free CSet: 4.2 ms]
   [Eden: 1023.0M(1023.0M)->0.0B(976.0M) Survivors: 1024.0K->48.0M Heap: 2247.7M(3072.0M)->1271.2M(3072.0M)]
 [Times: user=0.61 sys=0.00, real=0.31 secs] 
30363.966: [GC pause (mixed)
Desired survivor size 67108864 bytes, new threshold 16 (max 32)
- age   1:   47484000 bytes,   47484000 total
- age   2:      55552 bytes,   47539552 total
, 0.4368290 secs]
   [Parallel Time: 417.1 ms, GC Workers: 2]
      [GC Worker Start (ms): Min: 30363969.0, Avg: 30363969.1, Max: 30363969.1, Diff: 0.0]
      [Ext Root Scanning (ms): Min: 62.9, Avg: 71.1, Max: 79.3, Diff: 16.4, Sum: 142.2]
      [Update RS (ms): Min: 43.1, Avg: 53.9, Max: 64.7, Diff: 21.6, Sum: 107.8]
         [Processed Buffers: Min: 137, Avg: 158.0, Max: 179, Diff: 42, Sum: 316]
      [Scan RS (ms): Min: 105.4, Avg: 105.5, Max: 105.7, Diff: 0.4, Sum: 211.1]
      [Object Copy (ms): Min: 183.5, Avg: 185.9, Max: 188.2, Diff: 4.7, Sum: 371.8]
      [Termination (ms): Min: 0.0, Avg: 0.0, Max: 0.0, Diff: 0.0, Sum: 0.0]
      [GC Worker Other (ms): Min: 0.1, Avg: 0.1, Max: 0.1, Diff: 0.0, Sum: 0.2]
      [GC Worker Total (ms): Min: 416.5, Avg: 416.5, Max: 416.5, Diff: 0.1, Sum: 833.0]
      [GC Worker End (ms): Min: 30364385.5, Avg: 30364385.5, Max: 30364385.6, Diff: 0.0]
   [Code Root Fixup: 0.0 ms]
   [Clear CT: 0.9 ms]
   [Other: 18.9 ms]
      [Choose CSet: 0.9 ms]
      [Ref Proc: 8.8 ms]
      [Ref Enq: 0.1 ms]
      [Free CSet: 6.2 ms]
   [Eden: 976.0M(976.0M)->0.0B(951.0M) Survivors: 48.0M->73.0M Heap: 2255.7M(3072.0M)->1223.2M(3072.0M)]
 [Times: user=0.85 sys=0.00, real=0.43 secs] 
30371.306: [GC pause (mixed)
Desired survivor size 67108864 bytes, new threshold 2 (max 32)
- age   1:   40460024 bytes,   40460024 total
- age   2:   31520704 bytes,   71980728 total
- age   3:      55552 bytes,   72036280 total
, 0.5528030 secs]
   [Parallel Time: 529.5 ms, GC Workers: 2]
      [GC Worker Start (ms): Min: 30371309.6, Avg: 30371309.6, Max: 30371309.7, Diff: 0.0]
      [Ext Root Scanning (ms): Min: 66.6, Avg: 73.6, Max: 80.5, Diff: 13.9, Sum: 147.1]
      [Update RS (ms): Min: 34.1, Avg: 44.0, Max: 54.0, Diff: 19.9, Sum: 88.1]
         [Processed Buffers: Min: 157, Avg: 164.5, Max: 172, Diff: 15, Sum: 329]
      [Scan RS (ms): Min: 135.7, Avg: 135.8, Max: 135.8, Diff: 0.1, Sum: 271.5]
      [Object Copy (ms): Min: 273.0, Avg: 275.9, Max: 278.9, Diff: 5.9, Sum: 551.9]
      [Termination (ms): Min: 0.0, Avg: 0.0, Max: 0.0, Diff: 0.0, Sum: 0.0]
      [GC Worker Other (ms): Min: 0.1, Avg: 0.1, Max: 0.1, Diff: 0.0, Sum: 0.2]
      [GC Worker Total (ms): Min: 529.4, Avg: 529.4, Max: 529.4, Diff: 0.0, Sum: 1058.8]
      [GC Worker End (ms): Min: 30371839.0, Avg: 30371839.0, Max: 30371839.0, Diff: 0.0]
   [Code Root Fixup: 0.0 ms]
   [Clear CT: 1.4 ms]
   [Other: 21.9 ms]
      [Choose CSet: 1.8 ms]
      [Ref Proc: 10.6 ms]
      [Ref Enq: 0.1 ms]
      [Free CSet: 6.3 ms]
   [Eden: 951.0M(951.0M)->0.0B(946.0M) Survivors: 73.0M->78.0M Heap: 2179.2M(3072.0M)->1185.7M(3072.0M)]
 [Times: user=1.08 sys=0.00, real=0.55 secs] 
30378.178: [GC pause (mixed)
Desired survivor size 67108864 bytes, new threshold 2 (max 32)
- age   1:   45185192 bytes,   45185192 total
- age   2:   32010048 bytes,   77195240 total
, 0.5362800 secs]
   [Parallel Time: 511.8 ms, GC Workers: 2]
      [GC Worker Start (ms): Min: 30378180.8, Avg: 30378181.5, Max: 30378182.2, Diff: 1.4]
      [Ext Root Scanning (ms): Min: 72.0, Avg: 76.4, Max: 80.8, Diff: 8.8, Sum: 152.8]
      [Update RS (ms): Min: 45.3, Avg: 53.4, Max: 61.5, Diff: 16.2, Sum: 106.8]
         [Processed Buffers: Min: 50, Avg: 148.5, Max: 247, Diff: 197, Sum: 297]
      [Scan RS (ms): Min: 130.7, Avg: 130.8, Max: 130.8, Diff: 0.1, Sum: 261.5]
      [Object Copy (ms): Min: 247.5, Avg: 250.4, Max: 253.4, Diff: 5.9, Sum: 500.8]
      [Termination (ms): Min: 0.0, Avg: 0.0, Max: 0.0, Diff: 0.0, Sum: 0.0]
      [GC Worker Other (ms): Min: 0.1, Avg: 0.1, Max: 0.1, Diff: 0.0, Sum: 0.2]
      [GC Worker Total (ms): Min: 510.3, Avg: 511.0, Max: 511.8, Diff: 1.4, Sum: 1022.1]
      [GC Worker End (ms): Min: 30378692.6, Avg: 30378692.6, Max: 30378692.6, Diff: 0.0]
   [Code Root Fixup: 0.0 ms]
   [Clear CT: 1.3 ms]
   [Other: 23.1 ms]
      [Choose CSet: 1.1 ms]
      [Ref Proc: 12.8 ms]
      [Ref Enq: 0.1 ms]
      [Free CSet: 6.1 ms]
   [Eden: 946.0M(946.0M)->0.0B(957.0M) Survivors: 78.0M->67.0M Heap: 2155.4M(3072.0M)->1185.9M(3072.0M)]
 [Times: user=1.04 sys=0.00, real=0.53 secs] 
30384.202: [GC pause (young)
Desired survivor size 67108864 bytes, new threshold 16 (max 32)
- age   1:   35870024 bytes,   35870024 total
- age   2:   29009568 bytes,   64879592 total
, 0.4247560 secs]
   [Parallel Time: 413.5 ms, GC Workers: 2]
      [GC Worker Start (ms): Min: 30384203.4, Avg: 30384203.4, Max: 30384203.4, Diff: 0.0]
      [Ext Root Scanning (ms): Min: 67.2, Avg: 74.1, Max: 80.9, Diff: 13.7, Sum: 148.1]
      [Update RS (ms): Min: 38.8, Avg: 48.6, Max: 58.4, Diff: 19.6, Sum: 97.2]
         [Processed Buffers: Min: 62, Avg: 156.5, Max: 251, Diff: 189, Sum: 313]
      [Scan RS (ms): Min: 67.0, Avg: 67.1, Max: 67.1, Diff: 0.0, Sum: 134.1]
      [Object Copy (ms): Min: 220.6, Avg: 223.5, Max: 226.4, Diff: 5.8, Sum: 447.0]
      [Termination (ms): Min: 0.0, Avg: 0.0, Max: 0.0, Diff: 0.0, Sum: 0.0]
      [GC Worker Other (ms): Min: 0.1, Avg: 0.1, Max: 0.1, Diff: 0.0, Sum: 0.3]
      [GC Worker Total (ms): Min: 413.3, Avg: 413.4, Max: 413.4, Diff: 0.0, Sum: 826.7]
      [GC Worker End (ms): Min: 30384616.8, Avg: 30384616.8, Max: 30384616.8, Diff: 0.0]
   [Code Root Fixup: 0.0 ms]
   [Clear CT: 0.8 ms]
   [Other: 10.5 ms]
      [Choose CSet: 0.0 ms]
      [Ref Proc: 3.8 ms]
      [Ref Enq: 0.1 ms]
      [Free CSet: 4.4 ms]
   [Eden: 957.0M(957.0M)->0.0B(922.0M) Survivors: 67.0M->102.0M Heap: 2147.8M(3072.0M)->1226.3M(3072.0M)]
 [Times: user=0.83 sys=0.00, real=0.42 secs] 
30388.696: [GC pause (young)
Desired survivor size 67108864 bytes, new threshold 2 (max 32)
- age   1:   50497416 bytes,   50497416 total
- age   2:   28527816 bytes,   79025232 total
- age   3:   25660672 bytes,  104685904 total
, 0.4683330 secs]
   [Parallel Time: 456.5 ms, GC Workers: 2]
      [GC Worker Start (ms): Min: 30388697.5, Avg: 30388697.6, Max: 30388697.6, Diff: 0.0]
      [Ext Root Scanning (ms): Min: 68.8, Avg: 74.4, Max: 80.0, Diff: 11.2, Sum: 148.8]
      [Update RS (ms): Min: 26.1, Avg: 33.6, Max: 41.2, Diff: 15.1, Sum: 67.2]
         [Processed Buffers: Min: 28, Avg: 152.0, Max: 276, Diff: 248, Sum: 304]
      [Scan RS (ms): Min: 91.8, Avg: 91.9, Max: 92.0, Diff: 0.2, Sum: 183.8]
      [Object Copy (ms): Min: 254.5, Avg: 256.3, Max: 258.2, Diff: 3.7, Sum: 512.6]
      [Termination (ms): Min: 0.0, Avg: 0.0, Max: 0.0, Diff: 0.0, Sum: 0.0]
      [GC Worker Other (ms): Min: 0.1, Avg: 0.1, Max: 0.1, Diff: 0.0, Sum: 0.2]
      [GC Worker Total (ms): Min: 456.3, Avg: 456.3, Max: 456.3, Diff: 0.0, Sum: 912.6]
      [GC Worker End (ms): Min: 30389153.9, Avg: 30389153.9, Max: 30389153.9, Diff: 0.0]
   [Code Root Fixup: 0.0 ms]
   [Clear CT: 0.7 ms]
   [Other: 11.1 ms]
      [Choose CSet: 0.0 ms]
      [Ref Proc: 3.4 ms]
      [Ref Enq: 0.0 ms]
      [Free CSet: 4.7 ms]
   [Eden: 922.0M(922.0M)->0.0B(957.0M) Survivors: 102.0M->67.0M Heap: 2205.2M(3072.0M)->1297.2M(3072.0M)]
 [Times: user=0.92 sys=0.00, real=0.47 secs] 
30392.550: [GC pause (young) (initial-mark)
Desired survivor size 67108864 bytes, new threshold 16 (max 32)
- age   1:   36656584 bytes,   36656584 total
- age   2:   30006992 bytes,   66663576 total
, 0.3583670 secs]
   [Parallel Time: 350.1 ms, GC Workers: 2]
      [GC Worker Start (ms): Min: 30392551.9, Avg: 30392551.9, Max: 30392551.9, Diff: 0.0]
      [Ext Root Scanning (ms): Min: 69.1, Avg: 77.0, Max: 84.8, Diff: 15.7, Sum: 153.9]
      [Update RS (ms): Min: 37.7, Avg: 54.7, Max: 71.8, Diff: 34.1, Sum: 109.5]
         [Processed Buffers: Min: 161, Avg: 179.0, Max: 197, Diff: 36, Sum: 358]
      [Scan RS (ms): Min: 45.0, Avg: 45.4, Max: 45.9, Diff: 0.8, Sum: 90.9]
      [Object Copy (ms): Min: 164.0, Avg: 172.8, Max: 181.5, Diff: 17.5, Sum: 345.5]
      [Termination (ms): Min: 0.0, Avg: 0.0, Max: 0.0, Diff: 0.0, Sum: 0.0]
      [GC Worker Other (ms): Min: 0.1, Avg: 0.1, Max: 0.1, Diff: 0.0, Sum: 0.2]
      [GC Worker Total (ms): Min: 350.0, Avg: 350.0, Max: 350.0, Diff: 0.0, Sum: 700.0]
      [GC Worker End (ms): Min: 30392901.9, Avg: 30392901.9, Max: 30392901.9, Diff: 0.0]
   [Code Root Fixup: 0.0 ms]
   [Clear CT: 0.6 ms]
   [Other: 7.6 ms]
      [Choose CSet: 0.0 ms]
      [Ref Proc: 3.2 ms]
      [Ref Enq: 0.1 ms]
      [Free CSet: 2.1 ms]
   [Eden: 458.0M(957.0M)->0.0B(951.0M) Survivors: 67.0M->73.0M Heap: 1811.1M(3072.0M)->1359.1M(3072.0M)]
 [Times: user=0.70 sys=0.01, real=0.35 secs] 
30392.909: [GC concurrent-root-region-scan-start]
30393.118: [GC concurrent-root-region-scan-end, 0.2085080 secs]
30393.118: [GC concurrent-mark-start]
30395.406: [GC pause (young)
Desired survivor size 67108864 bytes, new threshold 3 (max 32)
- age   1:   23264192 bytes,   23264192 total
- age   2:   28054000 bytes,   51318192 total
- age   3:   21618576 bytes,   72936768 total
, 0.3106050 secs]
   [Parallel Time: 304.7 ms, GC Workers: 2]
      [GC Worker Start (ms): Min: 30395406.8, Avg: 30395406.8, Max: 30395406.9, Diff: 0.0]
      [Ext Root Scanning (ms): Min: 69.6, Avg: 78.0, Max: 86.4, Diff: 16.8, Sum: 156.0]
      [SATB Filtering (ms): Min: 0.0, Avg: 0.4, Max: 0.9, Diff: 0.9, Sum: 0.9]
      [Update RS (ms): Min: 0.0, Avg: 10.0, Max: 20.0, Diff: 20.0, Sum: 20.0]
         [Processed Buffers: Min: 0, Avg: 147.0, Max: 294, Diff: 294, Sum: 294]
      [Scan RS (ms): Min: 57.4, Avg: 58.2, Max: 59.1, Diff: 1.7, Sum: 116.4]
      [Object Copy (ms): Min: 154.9, Avg: 157.8, Max: 160.7, Diff: 5.8, Sum: 315.5]
      [Termination (ms): Min: 0.0, Avg: 0.0, Max: 0.0, Diff: 0.0, Sum: 0.0]
      [GC Worker Other (ms): Min: 0.1, Avg: 0.1, Max: 0.1, Diff: 0.0, Sum: 0.2]
      [GC Worker Total (ms): Min: 304.5, Avg: 304.5, Max: 304.6, Diff: 0.0, Sum: 609.1]
      [GC Worker End (ms): Min: 30395711.4, Avg: 30395711.4, Max: 30395711.4, Diff: 0.0]
   [Code Root Fixup: 0.0 ms]
   [Clear CT: 0.4 ms]
   [Other: 5.6 ms]
      [Choose CSet: 0.0 ms]
      [Ref Proc: 2.5 ms]
      [Ref Enq: 0.1 ms]
      [Free CSet: 1.5 ms]
   [Eden: 320.0M(951.0M)->0.0B(958.0M) Survivors: 73.0M->66.0M Heap: 1748.1M(3072.0M)->1443.3M(3072.0M)]
 [Times: user=0.61 sys=0.00, real=0.31 secs] 
30395.894: [GC concurrent-mark-end, 2.7760100 secs]
30395.896: [GC remark 30395.897: [GC ref-proc, 0.0360720 secs], 0.1067270 secs]
 [Times: user=0.10 sys=0.00, real=0.11 secs] 
30396.005: [GC cleanup 1478M->1290M(3072M), 0.0278970 secs]
 [Times: user=0.05 sys=0.00, real=0.03 secs] 
30396.033: [GC concurrent-cleanup-start]
30396.034: [GC concurrent-cleanup-end, 0.0005630 secs]
30401.214: [GC pause (young)
Desired survivor size 67108864 bytes, new threshold 16 (max 32)
- age   1:   20990832 bytes,   20990832 total
- age   2:   18514744 bytes,   39505576 total
- age   3:   27024928 bytes,   66530504 total
, 0.5947400 secs]
   [Parallel Time: 583.1 ms, GC Workers: 2]
      [GC Worker Start (ms): Min: 30401215.2, Avg: 30401215.2, Max: 30401215.2, Diff: 0.0]
      [Ext Root Scanning (ms): Min: 66.2, Avg: 73.1, Max: 80.0, Diff: 13.9, Sum: 146.2]
      [Update RS (ms): Min: 29.1, Avg: 38.7, Max: 48.2, Diff: 19.2, Sum: 77.3]
         [Processed Buffers: Min: 143, Avg: 162.5, Max: 182, Diff: 39, Sum: 325]
      [Scan RS (ms): Min: 31.2, Avg: 31.5, Max: 31.8, Diff: 0.7, Sum: 63.0]
      [Object Copy (ms): Min: 437.3, Avg: 439.6, Max: 441.9, Diff: 4.7, Sum: 879.2]
      [Termination (ms): Min: 0.0, Avg: 0.0, Max: 0.0, Diff: 0.0, Sum: 0.0]
      [GC Worker Other (ms): Min: 0.1, Avg: 0.1, Max: 0.1, Diff: 0.0, Sum: 0.2]
      [GC Worker Total (ms): Min: 582.9, Avg: 583.0, Max: 583.0, Diff: 0.0, Sum: 1165.9]
      [GC Worker End (ms): Min: 30401798.2, Avg: 30401798.2, Max: 30401798.2, Diff: 0.0]
   [Code Root Fixup: 0.0 ms]
   [Clear CT: 0.7 ms]
   [Other: 10.9 ms]
      [Choose CSet: 0.0 ms]
      [Ref Proc: 6.0 ms]
      [Ref Enq: 0.1 ms]
      [Free CSet: 2.8 ms]
   [Eden: 958.0M(958.0M)->0.0B(896.0M) Survivors: 66.0M->128.0M Heap: 2229.7M(3072.0M)->1382.7M(3072.0M)]
 [Times: user=1.17 sys=0.00, real=0.59 secs] 
30406.813: [GC pause (mixed)
Desired survivor size 67108864 bytes, new threshold 1 (max 32)
- age   1:  140602112 bytes,  140602112 total
- age   2:   15395720 bytes,  155997832 total
- age   3:    7482608 bytes,  163480440 total
- age   4:   17006200 bytes,  180486640 total
, 0.3407140 secs]
   [Parallel Time: 326.9 ms, GC Workers: 2]
      [GC Worker Start (ms): Min: 30406814.6, Avg: 30406814.6, Max: 30406814.7, Diff: 0.1]
      [Ext Root Scanning (ms): Min: 64.7, Avg: 75.7, Max: 86.6, Diff: 22.0, Sum: 151.3]
      [Update RS (ms): Min: 11.5, Avg: 25.5, Max: 39.4, Diff: 27.9, Sum: 50.9]
         [Processed Buffers: Min: 122, Avg: 144.5, Max: 167, Diff: 45, Sum: 289]
      [Scan RS (ms): Min: 92.2, Avg: 92.2, Max: 92.2, Diff: 0.0, Sum: 184.4]
      [Object Copy (ms): Min: 130.5, Avg: 133.4, Max: 136.4, Diff: 5.9, Sum: 266.8]
      [Termination (ms): Min: 0.0, Avg: 0.0, Max: 0.0, Diff: 0.0, Sum: 0.0]
      [GC Worker Other (ms): Min: 0.1, Avg: 0.1, Max: 0.1, Diff: 0.0, Sum: 0.2]
      [GC Worker Total (ms): Min: 326.8, Avg: 326.8, Max: 326.9, Diff: 0.1, Sum: 653.6]
      [GC Worker End (ms): Min: 30407141.5, Avg: 30407141.5, Max: 30407141.5, Diff: 0.0]
   [Code Root Fixup: 0.0 ms]
   [Clear CT: 1.0 ms]
   [Other: 12.8 ms]
      [Choose CSet: 0.7 ms]
      [Ref Proc: 6.6 ms]
      [Ref Enq: 0.1 ms]
      [Free CSet: 3.5 ms]
   [Eden: 896.0M(896.0M)->0.0B(999.0M) Survivors: 128.0M->25.0M Heap: 2302.1M(3072.0M)->1248.6M(3072.0M)]
 [Times: user=0.67 sys=0.00, real=0.34 secs] 
30413.343: [GC pause (mixed)
Desired survivor size 67108864 bytes, new threshold 16 (max 32)
- age   1:   21325168 bytes,   21325168 total
, 0.3375320 secs]
   [Parallel Time: 319.4 ms, GC Workers: 2]
      [GC Worker Start (ms): Min: 30413344.7, Avg: 30413344.7, Max: 30413344.7, Diff: 0.0]
      [Ext Root Scanning (ms): Min: 65.0, Avg: 72.3, Max: 79.6, Diff: 14.5, Sum: 144.6]
      [Update RS (ms): Min: 26.3, Avg: 36.7, Max: 47.1, Diff: 20.8, Sum: 73.3]
         [Processed Buffers: Min: 137, Avg: 171.5, Max: 206, Diff: 69, Sum: 343]
      [Scan RS (ms): Min: 68.6, Avg: 68.6, Max: 68.6, Diff: 0.1, Sum: 137.2]
      [Object Copy (ms): Min: 138.4, Avg: 141.6, Max: 144.7, Diff: 6.3, Sum: 283.2]
      [Termination (ms): Min: 0.0, Avg: 0.0, Max: 0.0, Diff: 0.0, Sum: 0.0]
      [GC Worker Other (ms): Min: 0.1, Avg: 0.1, Max: 0.1, Diff: 0.0, Sum: 0.2]
      [GC Worker Total (ms): Min: 319.2, Avg: 319.2, Max: 319.3, Diff: 0.0, Sum: 638.5]
      [GC Worker End (ms): Min: 30413664.0, Avg: 30413664.0, Max: 30413664.0, Diff: 0.0]
   [Code Root Fixup: 0.0 ms]
   [Clear CT: 1.1 ms]
   [Other: 17.1 ms]
      [Choose CSet: 1.4 ms]
      [Ref Proc: 9.9 ms]
      [Ref Enq: 0.2 ms]
      [Free CSet: 3.9 ms]
   [Eden: 999.0M(999.0M)->0.0B(977.0M) Survivors: 25.0M->47.0M Heap: 2253.8M(3072.0M)->1199.8M(3072.0M)]
 [Times: user=0.65 sys=0.00, real=0.34 secs] 
30421.215: [GC pause (mixed)
Desired survivor size 67108864 bytes, new threshold 16 (max 32)
- age   1:   32026464 bytes,   32026464 total
- age   2:   12233536 bytes,   44260000 total
, 0.3359610 secs]
   [Parallel Time: 322.5 ms, GC Workers: 2]
      [GC Worker Start (ms): Min: 30421216.8, Avg: 30421216.9, Max: 30421217.0, Diff: 0.1]
      [Ext Root Scanning (ms): Min: 66.8, Avg: 73.2, Max: 79.6, Diff: 12.9, Sum: 146.4]
      [Update RS (ms): Min: 21.6, Avg: 31.2, Max: 40.8, Diff: 19.2, Sum: 62.4]
         [Processed Buffers: Min: 121, Avg: 148.5, Max: 176, Diff: 55, Sum: 297]
      [Scan RS (ms): Min: 75.3, Avg: 75.4, Max: 75.5, Diff: 0.2, Sum: 150.8]
      [Object Copy (ms): Min: 139.3, Avg: 142.4, Max: 145.5, Diff: 6.2, Sum: 284.8]
      [Termination (ms): Min: 0.0, Avg: 0.0, Max: 0.0, Diff: 0.0, Sum: 0.0]
      [GC Worker Other (ms): Min: 0.1, Avg: 0.1, Max: 0.1, Diff: 0.0, Sum: 0.2]
      [GC Worker Total (ms): Min: 322.3, Avg: 322.3, Max: 322.4, Diff: 0.1, Sum: 644.6]
      [GC Worker End (ms): Min: 30421539.2, Avg: 30421539.2, Max: 30421539.2, Diff: 0.0]
   [Code Root Fixup: 0.2 ms]
   [Clear CT: 1.2 ms]
   [Other: 12.0 ms]
      [Choose CSet: 1.0 ms]
      [Ref Proc: 5.7 ms]
      [Ref Enq: 0.1 ms]
      [Free CSet: 3.7 ms]
   [Eden: 977.0M(977.0M)->0.0B(968.0M) Survivors: 47.0M->56.0M Heap: 2197.0M(3072.0M)->1184.5M(3072.0M)]
 [Times: user=0.66 sys=0.00, real=0.33 secs] 
30428.174: [GC pause (young)
Desired survivor size 67108864 bytes, new threshold 16 (max 32)
- age   1:   31526512 bytes,   31526512 total
- age   2:   13934072 bytes,   45460584 total
- age   3:    8059744 bytes,   53520328 total
, 0.2390760 secs]
   [Parallel Time: 228.7 ms, GC Workers: 2]
      [GC Worker Start (ms): Min: 30428174.6, Avg: 30428174.6, Max: 30428174.6, Diff: 0.0]
      [Ext Root Scanning (ms): Min: 66.7, Avg: 75.3, Max: 83.9, Diff: 17.2, Sum: 150.6]
      [Update RS (ms): Min: 15.1, Avg: 26.2, Max: 37.2, Diff: 22.1, Sum: 52.3]
         [Processed Buffers: Min: 116, Avg: 176.0, Max: 236, Diff: 120, Sum: 352]
      [Scan RS (ms): Min: 16.9, Avg: 17.0, Max: 17.1, Diff: 0.2, Sum: 34.1]
      [Object Copy (ms): Min: 107.6, Avg: 110.0, Max: 112.3, Diff: 4.7, Sum: 220.0]
      [Termination (ms): Min: 0.0, Avg: 0.0, Max: 0.0, Diff: 0.0, Sum: 0.0]
      [GC Worker Other (ms): Min: 0.1, Avg: 0.1, Max: 0.1, Diff: 0.0, Sum: 0.2]
      [GC Worker Total (ms): Min: 228.6, Avg: 228.6, Max: 228.6, Diff: 0.0, Sum: 457.2]
      [GC Worker End (ms): Min: 30428403.2, Avg: 30428403.2, Max: 30428403.2, Diff: 0.0]
   [Code Root Fixup: 0.0 ms]
   [Clear CT: 0.8 ms]
   [Other: 9.6 ms]
      [Choose CSet: 0.0 ms]
      [Ref Proc: 6.0 ms]
      [Ref Enq: 0.1 ms]
      [Free CSet: 2.3 ms]
   [Eden: 968.0M(968.0M)->0.0B(966.0M) Survivors: 56.0M->58.0M Heap: 2177.2M(3072.0M)->1211.7M(3072.0M)]
 [Times: user=0.46 sys=0.00, real=0.24 secs] 
30436.452: [GC pause (young)
Desired survivor size 67108864 bytes, new threshold 16 (max 32)
- age   1:   29525992 bytes,   29525992 total
- age   2:   10555408 bytes,   40081400 total
- age   3:    8673896 bytes,   48755296 total
- age   4:    7672752 bytes,   56428048 total
, 0.2951900 secs]
   [Parallel Time: 285.4 ms, GC Workers: 2]
      [GC Worker Start (ms): Min: 30436452.6, Avg: 30436452.6, Max: 30436452.6, Diff: 0.0]
      [Ext Root Scanning (ms): Min: 65.2, Avg: 73.1, Max: 81.0, Diff: 15.8, Sum: 146.2]
      [Update RS (ms): Min: 16.6, Avg: 27.2, Max: 37.7, Diff: 21.1, Sum: 54.3]
         [Processed Buffers: Min: 83, Avg: 166.0, Max: 249, Diff: 166, Sum: 332]
      [Scan RS (ms): Min: 15.1, Avg: 15.1, Max: 15.1, Diff: 0.0, Sum: 30.1]
      [Object Copy (ms): Min: 167.2, Avg: 169.8, Max: 172.4, Diff: 5.2, Sum: 339.7]
      [Termination (ms): Min: 0.0, Avg: 0.0, Max: 0.0, Diff: 0.0, Sum: 0.0]
      [GC Worker Other (ms): Min: 0.1, Avg: 0.1, Max: 0.1, Diff: 0.0, Sum: 0.2]
      [GC Worker Total (ms): Min: 285.2, Avg: 285.3, Max: 285.3, Diff: 0.0, Sum: 570.5]
      [GC Worker End (ms): Min: 30436737.8, Avg: 30436737.8, Max: 30436737.8, Diff: 0.0]
   [Code Root Fixup: 0.0 ms]
   [Clear CT: 0.8 ms]
   [Other: 9.0 ms]
      [Choose CSet: 0.0 ms]
      [Ref Proc: 5.6 ms]
      [Ref Enq: 0.1 ms]
      [Free CSet: 2.2 ms]
   [Eden: 966.0M(966.0M)->0.0B(938.0M) Survivors: 58.0M->86.0M Heap: 2203.9M(3072.0M)->1265.9M(3072.0M)]
 [Times: user=0.58 sys=0.00, real=0.30 secs] 
30440.049: [GC pause (young)
Desired survivor size 67108864 bytes, new threshold 3 (max 32)
- age   1:   47877280 bytes,   47877280 total
- age   2:   14415872 bytes,   62293152 total
- age   3:    7773528 bytes,   70066680 total
- age   4:    8328968 bytes,   78395648 total
- age   5:    7385344 bytes,   85780992 total
, 0.4816910 secs]
   [Parallel Time: 475.0 ms, GC Workers: 2]
      [GC Worker Start (ms): Min: 30440050.2, Avg: 30440050.7, Max: 30440051.2, Diff: 1.0]
      [Ext Root Scanning (ms): Min: 57.9, Avg: 72.5, Max: 87.2, Diff: 29.3, Sum: 145.1]
      [Update RS (ms): Min: 6.9, Avg: 19.4, Max: 31.9, Diff: 25.0, Sum: 38.8]
         [Processed Buffers: Min: 33, Avg: 155.0, Max: 277, Diff: 244, Sum: 310]
      [Scan RS (ms): Min: 27.9, Avg: 28.0, Max: 28.2, Diff: 0.3, Sum: 56.0]
      [Object Copy (ms): Min: 352.8, Avg: 354.2, Max: 355.7, Diff: 3.0, Sum: 708.5]
      [Termination (ms): Min: 0.0, Avg: 0.0, Max: 0.0, Diff: 0.0, Sum: 0.0]
      [GC Worker Other (ms): Min: 0.1, Avg: 0.1, Max: 0.1, Diff: 0.0, Sum: 0.2]
      [GC Worker Total (ms): Min: 473.8, Avg: 474.3, Max: 474.8, Diff: 1.0, Sum: 948.7]
      [GC Worker End (ms): Min: 30440525.0, Avg: 30440525.0, Max: 30440525.0, Diff: 0.0]
   [Code Root Fixup: 0.0 ms]
   [Clear CT: 0.8 ms]
   [Other: 5.9 ms]
      [Choose CSet: 0.0 ms]
      [Ref Proc: 2.0 ms]
      [Ref Enq: 0.0 ms]
      [Free CSet: 2.3 ms]
   [Eden: 774.0M(938.0M)->0.0B(896.0M) Survivors: 86.0M->128.0M Heap: 2058.6M(3072.0M)->1360.4M(3072.0M)]
 [Times: user=0.93 sys=0.02, real=0.48 secs] 
30444.697: [GC pause (young)
Desired survivor size 67108864 bytes, new threshold 1 (max 32)
- age   1:   98789712 bytes,   98789712 total
- age   2:   34470256 bytes,  133259968 total
- age   3:   10149408 bytes,  143409376 total
, 0.5751590 secs]
   [Parallel Time: 567.7 ms, GC Workers: 2]
      [GC Worker Start (ms): Min: 30444697.9, Avg: 30444697.9, Max: 30444697.9, Diff: 0.0]
      [Ext Root Scanning (ms): Min: 68.1, Avg: 75.7, Max: 83.3, Diff: 15.2, Sum: 151.4]
      [Update RS (ms): Min: 50.5, Avg: 60.9, Max: 71.2, Diff: 20.7, Sum: 121.8]
         [Processed Buffers: Min: 109, Avg: 162.0, Max: 215, Diff: 106, Sum: 324]
      [Scan RS (ms): Min: 35.9, Avg: 35.9, Max: 35.9, Diff: 0.1, Sum: 71.8]
      [Object Copy (ms): Min: 392.1, Avg: 394.8, Max: 397.4, Diff: 5.4, Sum: 789.5]
      [Termination (ms): Min: 0.0, Avg: 0.0, Max: 0.0, Diff: 0.0, Sum: 0.0]
      [GC Worker Other (ms): Min: 0.1, Avg: 0.2, Max: 0.2, Diff: 0.1, Sum: 0.4]
      [GC Worker Total (ms): Min: 567.3, Avg: 567.4, Max: 567.5, Diff: 0.1, Sum: 1134.8]
      [GC Worker End (ms): Min: 30445265.3, Avg: 30445265.3, Max: 30445265.4, Diff: 0.1]
   [Code Root Fixup: 0.0 ms]
   [Clear CT: 0.8 ms]
   [Other: 6.6 ms]
      [Choose CSet: 0.0 ms]
      [Ref Proc: 2.2 ms]
      [Ref Enq: 0.0 ms]
      [Free CSet: 2.1 ms]
   [Eden: 896.0M(896.0M)->0.0B(959.0M) Survivors: 128.0M->65.0M Heap: 2268.6M(3072.0M)->1421.6M(3072.0M)]
 [Times: user=1.14 sys=0.00, real=0.58 secs] 
30445.343: [GC pause (young) (initial-mark)
Desired survivor size 67108864 bytes, new threshold 16 (max 32)
- age   1:   65904888 bytes,   65904888 total
, 0.4401590 secs]
   [Parallel Time: 430.8 ms, GC Workers: 2]
      [GC Worker Start (ms): Min: 30445343.4, Avg: 30445343.4, Max: 30445343.4, Diff: 0.0]
      [Ext Root Scanning (ms): Min: 60.0, Avg: 75.3, Max: 90.5, Diff: 30.5, Sum: 150.6]
      [Update RS (ms): Min: 185.5, Avg: 199.0, Max: 212.5, Diff: 27.0, Sum: 398.0]
         [Processed Buffers: Min: 387, Avg: 411.5, Max: 436, Diff: 49, Sum: 823]
      [Scan RS (ms): Min: 5.3, Avg: 5.3, Max: 5.3, Diff: 0.0, Sum: 10.6]
      [Object Copy (ms): Min: 149.2, Avg: 151.0, Max: 152.7, Diff: 3.5, Sum: 301.9]
      [Termination (ms): Min: 0.0, Avg: 0.0, Max: 0.0, Diff: 0.0, Sum: 0.0]
      [GC Worker Other (ms): Min: 0.1, Avg: 0.1, Max: 0.1, Diff: 0.0, Sum: 0.2]
      [GC Worker Total (ms): Min: 430.6, Avg: 430.6, Max: 430.6, Diff: 0.0, Sum: 861.3]
      [GC Worker End (ms): Min: 30445774.0, Avg: 30445774.0, Max: 30445774.0, Diff: 0.0]
   [Code Root Fixup: 0.0 ms]
   [Clear CT: 0.3 ms]
   [Other: 9.1 ms]
      [Choose CSet: 0.0 ms]
      [Ref Proc: 6.9 ms]
      [Ref Enq: 0.0 ms]
      [Free CSet: 0.5 ms]
   [Eden: 12.0M(959.0M)->0.0B(958.0M) Survivors: 65.0M->66.0M Heap: 1432.7M(3072.0M)->1422.6M(3072.0M)]
 [Times: user=0.87 sys=0.00, real=0.44 secs] 
30445.783: [GC concurrent-root-region-scan-start]
30446.044: [GC concurrent-root-region-scan-end, 0.2605100 secs]
30446.044: [GC concurrent-mark-start]
30447.878: [GC concurrent-mark-end, 1.8347550 secs]
30447.881: [GC remark 30447.882: [GC ref-proc, 0.3625020 secs], 0.4350590 secs]
 [Times: user=0.44 sys=0.00, real=0.43 secs] 
30448.318: [GC cleanup 1717M->1388M(3072M), 0.0260590 secs]
 [Times: user=0.05 sys=0.00, real=0.03 secs] 
30448.344: [GC concurrent-cleanup-start]
30448.345: [GC concurrent-cleanup-end, 0.0008000 secs]
30452.586: [GC pause (young)
Desired survivor size 67108864 bytes, new threshold 16 (max 32)
- age   1:    1691624 bytes,    1691624 total
- age   2:   64342000 bytes,   66033624 total
, 0.4263800 secs]
   [Parallel Time: 414.2 ms, GC Workers: 2]
      [GC Worker Start (ms): Min: 30452587.5, Avg: 30452587.5, Max: 30452587.5, Diff: 0.0]
      [Ext Root Scanning (ms): Min: 65.9, Avg: 72.6, Max: 79.4, Diff: 13.5, Sum: 145.3]
      [Update RS (ms): Min: 56.5, Avg: 65.5, Max: 74.4, Diff: 17.8, Sum: 130.9]
         [Processed Buffers: Min: 152, Avg: 156.0, Max: 160, Diff: 8, Sum: 312]
      [Scan RS (ms): Min: 66.6, Avg: 66.6, Max: 66.7, Diff: 0.1, Sum: 133.3]
      [Object Copy (ms): Min: 207.1, Avg: 209.3, Max: 211.5, Diff: 4.4, Sum: 418.5]
      [Termination (ms): Min: 0.0, Avg: 0.0, Max: 0.0, Diff: 0.0, Sum: 0.0]
      [GC Worker Other (ms): Min: 0.1, Avg: 0.1, Max: 0.1, Diff: 0.0, Sum: 0.3]
      [GC Worker Total (ms): Min: 414.1, Avg: 414.1, Max: 414.2, Diff: 0.0, Sum: 828.3]
      [GC Worker End (ms): Min: 30453001.6, Avg: 30453001.6, Max: 30453001.6, Diff: 0.0]
   [Code Root Fixup: 0.0 ms]
   [Clear CT: 0.7 ms]
   [Other: 11.5 ms]
      [Choose CSet: 0.0 ms]
      [Ref Proc: 4.7 ms]
      [Ref Enq: 0.1 ms]
      [Free CSet: 4.3 ms]
   [Eden: 958.0M(958.0M)->0.0B(937.0M) Survivors: 66.0M->87.0M Heap: 2082.2M(3072.0M)->1144.7M(3072.0M)]
 [Times: user=0.84 sys=0.01, real=0.43 secs] 
30459.217: [GC pause (mixed)
Desired survivor size 67108864 bytes, new threshold 3 (max 32)
- age   1:   37892896 bytes,   37892896 total
- age   2:     264344 bytes,   38157240 total
- age   3:   48694616 bytes,   86851856 total
, 0.5023320 secs]
   [Parallel Time: 488.6 ms, GC Workers: 2]
      [GC Worker Start (ms): Min: 30459219.4, Avg: 30459219.5, Max: 30459219.5, Diff: 0.0]
      [Ext Root Scanning (ms): Min: 62.7, Avg: 70.8, Max: 78.9, Diff: 16.2, Sum: 141.5]
      [Update RS (ms): Min: 56.0, Avg: 66.5, Max: 76.9, Diff: 20.8, Sum: 132.9]
         [Processed Buffers: Min: 130, Avg: 160.0, Max: 190, Diff: 60, Sum: 320]
      [Scan RS (ms): Min: 83.5, Avg: 83.6, Max: 83.7, Diff: 0.2, Sum: 167.2]
      [Object Copy (ms): Min: 265.0, Avg: 267.5, Max: 269.9, Diff: 4.8, Sum: 534.9]
      [Termination (ms): Min: 0.0, Avg: 0.0, Max: 0.0, Diff: 0.0, Sum: 0.0]
      [GC Worker Other (ms): Min: 0.1, Avg: 0.1, Max: 0.1, Diff: 0.1, Sum: 0.2]
      [GC Worker Total (ms): Min: 488.4, Avg: 488.4, Max: 488.5, Diff: 0.1, Sum: 976.9]
      [GC Worker End (ms): Min: 30459707.9, Avg: 30459707.9, Max: 30459707.9, Diff: 0.0]
   [Code Root Fixup: 0.0 ms]
   [Clear CT: 1.0 ms]
   [Other: 12.8 ms]
      [Choose CSet: 0.5 ms]
      [Ref Proc: 4.1 ms]
      [Ref Enq: 0.1 ms]
      [Free CSet: 5.1 ms]
   [Eden: 937.0M(937.0M)->0.0B(952.0M) Survivors: 87.0M->72.0M Heap: 2104.9M(3072.0M)->1111.9M(3072.0M)]
 [Times: user=0.98 sys=0.01, real=0.50 secs] 
30463.991: [GC pause (mixed)
Desired survivor size 67108864 bytes, new threshold 2 (max 32)
- age   1:   41153576 bytes,   41153576 total
- age   2:   31786496 bytes,   72940072 total
- age   3:     258736 bytes,   73198808 total
, 0.4486250 secs]
   [Parallel Time: 436.6 ms, GC Workers: 2]
      [GC Worker Start (ms): Min: 30463993.1, Avg: 30463993.1, Max: 30463993.1, Diff: 0.0]
      [Ext Root Scanning (ms): Min: 64.1, Avg: 72.5, Max: 80.9, Diff: 16.8, Sum: 145.1]
      [Update RS (ms): Min: 49.2, Avg: 60.3, Max: 71.4, Diff: 22.1, Sum: 120.6]
         [Processed Buffers: Min: 43, Avg: 150.0, Max: 257, Diff: 214, Sum: 300]
      [Scan RS (ms): Min: 80.4, Avg: 80.5, Max: 80.6, Diff: 0.1, Sum: 161.0]
      [Object Copy (ms): Min: 220.3, Avg: 223.0, Max: 225.8, Diff: 5.5, Sum: 446.1]
      [Termination (ms): Min: 0.0, Avg: 0.0, Max: 0.0, Diff: 0.0, Sum: 0.0]
      [GC Worker Other (ms): Min: 0.1, Avg: 0.1, Max: 0.1, Diff: 0.0, Sum: 0.2]
      [GC Worker Total (ms): Min: 436.5, Avg: 436.5, Max: 436.5, Diff: 0.0, Sum: 873.0]
      [GC Worker End (ms): Min: 30464429.6, Avg: 30464429.6, Max: 30464429.6, Diff: 0.0]
   [Code Root Fixup: 0.0 ms]
   [Clear CT: 0.8 ms]
   [Other: 11.2 ms]
      [Choose CSet: 1.0 ms]
      [Ref Proc: 2.9 ms]
      [Ref Enq: 0.1 ms]
      [Free CSet: 4.9 ms]
   [Eden: 952.0M(952.0M)->0.0B(965.0M) Survivors: 72.0M->59.0M Heap: 2087.6M(3072.0M)->1065.1M(3072.0M)]
 [Times: user=0.88 sys=0.00, real=0.45 secs] 
30470.134: [GC pause (mixed)
Desired survivor size 67108864 bytes, new threshold 16 (max 32)
- age   1:   27584984 bytes,   27584984 total
- age   2:   31734320 bytes,   59319304 total
, 0.4455770 secs]
   [Parallel Time: 431.4 ms, GC Workers: 2]
      [GC Worker Start (ms): Min: 30470136.0, Avg: 30470136.1, Max: 30470136.1, Diff: 0.0]
      [Ext Root Scanning (ms): Min: 66.2, Avg: 76.8, Max: 87.4, Diff: 21.1, Sum: 153.6]
      [Update RS (ms): Min: 25.8, Avg: 39.4, Max: 53.0, Diff: 27.2, Sum: 78.9]
         [Processed Buffers: Min: 155, Avg: 164.0, Max: 173, Diff: 18, Sum: 328]
      [Scan RS (ms): Min: 89.9, Avg: 90.0, Max: 90.1, Diff: 0.2, Sum: 180.0]
      [Object Copy (ms): Min: 222.0, Avg: 225.0, Max: 227.9, Diff: 5.9, Sum: 449.9]
      [Termination (ms): Min: 0.0, Avg: 0.0, Max: 0.0, Diff: 0.0, Sum: 0.0]
      [GC Worker Other (ms): Min: 0.1, Avg: 0.1, Max: 0.1, Diff: 0.0, Sum: 0.2]
      [GC Worker Total (ms): Min: 431.3, Avg: 431.3, Max: 431.3, Diff: 0.1, Sum: 862.6]
      [GC Worker End (ms): Min: 30470567.3, Avg: 30470567.3, Max: 30470567.4, Diff: 0.0]
   [Code Root Fixup: 0.0 ms]
   [Clear CT: 0.8 ms]
   [Other: 13.4 ms]
      [Choose CSet: 0.8 ms]
      [Ref Proc: 4.2 ms]
      [Ref Enq: 0.1 ms]
      [Free CSet: 5.9 ms]
   [Eden: 965.0M(965.0M)->0.0B(933.0M) Survivors: 59.0M->91.0M Heap: 2043.1M(3072.0M)->1027.6M(3072.0M)]
 [Times: user=0.87 sys=0.00, real=0.44 secs] 
30475.794: [GC pause (mixed)
Desired survivor size 67108864 bytes, new threshold 3 (max 32)
- age   1:   40060352 bytes,   40060352 total
- age   2:   24146416 bytes,   64206768 total
- age   3:   27771224 bytes,   91977992 total
, 0.4880260 secs]
   [Parallel Time: 474.4 ms, GC Workers: 2]
      [GC Worker Start (ms): Min: 30475796.0, Avg: 30475796.0, Max: 30475796.0, Diff: 0.0]
      [Ext Root Scanning (ms): Min: 66.6, Avg: 74.6, Max: 82.6, Diff: 16.0, Sum: 149.2]
      [Update RS (ms): Min: 5.1, Avg: 15.5, Max: 25.9, Diff: 20.8, Sum: 31.0]
         [Processed Buffers: Min: 101, Avg: 142.0, Max: 183, Diff: 82, Sum: 284]
      [Scan RS (ms): Min: 100.2, Avg: 100.3, Max: 100.3, Diff: 0.1, Sum: 200.6]
      [Object Copy (ms): Min: 281.4, Avg: 283.8, Max: 286.1, Diff: 4.8, Sum: 567.5]
      [Termination (ms): Min: 0.0, Avg: 0.0, Max: 0.0, Diff: 0.0, Sum: 0.0]
      [GC Worker Other (ms): Min: 0.1, Avg: 0.1, Max: 0.1, Diff: 0.0, Sum: 0.3]
      [GC Worker Total (ms): Min: 474.3, Avg: 474.3, Max: 474.3, Diff: 0.0, Sum: 948.6]
      [GC Worker End (ms): Min: 30476270.3, Avg: 30476270.3, Max: 30476270.3, Diff: 0.0]
   [Code Root Fixup: 0.0 ms]
   [Clear CT: 0.9 ms]
   [Other: 12.7 ms]
      [Choose CSet: 0.4 ms]
      [Ref Proc: 3.8 ms]
      [Ref Enq: 0.1 ms]
      [Free CSet: 5.9 ms]
   [Eden: 933.0M(933.0M)->0.0B(927.0M) Survivors: 91.0M->97.0M Heap: 2009.9M(3072.0M)->1087.9M(3072.0M)]
 [Times: user=0.96 sys=0.00, real=0.49 secs] 
30481.145: [GC pause (young)
Desired survivor size 67108864 bytes, new threshold 2 (max 32)
- age   1:   44358904 bytes,   44358904 total
- age   2:   32254464 bytes,   76613368 total
- age   3:   22475648 bytes,   99089016 total
, 0.4911850 secs]
   [Parallel Time: 481.4 ms, GC Workers: 2]
      [GC Worker Start (ms): Min: 30481146.1, Avg: 30481146.1, Max: 30481146.1, Diff: 0.0]
      [Ext Root Scanning (ms): Min: 64.4, Avg: 74.5, Max: 84.7, Diff: 20.4, Sum: 149.1]
      [Update RS (ms): Min: 70.7, Avg: 83.6, Max: 96.6, Diff: 25.8, Sum: 167.3]
         [Processed Buffers: Min: 147, Avg: 156.5, Max: 166, Diff: 19, Sum: 313]
      [Scan RS (ms): Min: 65.1, Avg: 65.1, Max: 65.1, Diff: 0.0, Sum: 130.2]
      [Object Copy (ms): Min: 255.2, Avg: 258.0, Max: 260.7, Diff: 5.5, Sum: 516.0]
      [Termination (ms): Min: 0.0, Avg: 0.0, Max: 0.0, Diff: 0.0, Sum: 0.0]
      [GC Worker Other (ms): Min: 0.1, Avg: 0.1, Max: 0.1, Diff: 0.0, Sum: 0.2]
      [GC Worker Total (ms): Min: 481.3, Avg: 481.3, Max: 481.3, Diff: 0.0, Sum: 962.7]
      [GC Worker End (ms): Min: 30481627.5, Avg: 30481627.5, Max: 30481627.5, Diff: 0.0]
   [Code Root Fixup: 0.0 ms]
   [Clear CT: 0.8 ms]
   [Other: 9.0 ms]
      [Choose CSet: 0.0 ms]
      [Ref Proc: 3.5 ms]
      [Ref Enq: 0.1 ms]
      [Free CSet: 3.3 ms]
   [Eden: 927.0M(927.0M)->0.0B(953.0M) Survivors: 97.0M->71.0M Heap: 2037.1M(3072.0M)->1129.1M(3072.0M)]
 [Times: user=0.96 sys=0.00, real=0.50 secs] 
30487.403: [GC pause (young)
Desired survivor size 67108864 bytes, new threshold 2 (max 32)
- age   1:   37560784 bytes,   37560784 total
- age   2:   34913856 bytes,   72474640 total
, 0.4724210 secs]
   [Parallel Time: 460.9 ms, GC Workers: 2]
      [GC Worker Start (ms): Min: 30487405.0, Avg: 30487405.0, Max: 30487405.0, Diff: 0.0]
      [Ext Root Scanning (ms): Min: 66.6, Avg: 73.9, Max: 81.2, Diff: 14.6, Sum: 147.8]
      [Update RS (ms): Min: 66.1, Avg: 76.0, Max: 85.9, Diff: 19.7, Sum: 152.0]
         [Processed Buffers: Min: 102, Avg: 165.0, Max: 228, Diff: 126, Sum: 330]
      [Scan RS (ms): Min: 73.7, Avg: 73.8, Max: 74.0, Diff: 0.3, Sum: 147.7]
      [Object Copy (ms): Min: 234.6, Avg: 237.0, Max: 239.4, Diff: 4.8, Sum: 474.0]
      [Termination (ms): Min: 0.0, Avg: 0.0, Max: 0.0, Diff: 0.0, Sum: 0.0]
      [GC Worker Other (ms): Min: 0.1, Avg: 0.1, Max: 0.1, Diff: 0.0, Sum: 0.2]
      [GC Worker Total (ms): Min: 460.9, Avg: 460.9, Max: 460.9, Diff: 0.0, Sum: 921.7]
      [GC Worker End (ms): Min: 30487865.8, Avg: 30487865.9, Max: 30487865.9, Diff: 0.0]
   [Code Root Fixup: 0.0 ms]
   [Clear CT: 0.7 ms]
   [Other: 10.8 ms]
      [Choose CSet: 0.0 ms]
      [Ref Proc: 3.9 ms]
      [Ref Enq: 0.1 ms]
      [Free CSet: 4.2 ms]
   [Eden: 953.0M(953.0M)->0.0B(961.0M) Survivors: 71.0M->63.0M Heap: 2132.0M(3072.0M)->1203.0M(3072.0M)]
 [Times: user=0.93 sys=0.00, real=0.47 secs] 
30491.990: [GC pause (young)
Desired survivor size 67108864 bytes, new threshold 16 (max 32)
- age   1:   35875808 bytes,   35875808 total
- age   2:   26839200 bytes,   62715008 total
, 0.3560300 secs]
   [Parallel Time: 346.0 ms, GC Workers: 2]
      [GC Worker Start (ms): Min: 30491991.5, Avg: 30491991.5, Max: 30491991.6, Diff: 0.0]
      [Ext Root Scanning (ms): Min: 68.6, Avg: 74.6, Max: 80.7, Diff: 12.2, Sum: 149.3]
      [Update RS (ms): Min: 16.6, Avg: 25.1, Max: 33.6, Diff: 17.0, Sum: 50.2]
         [Processed Buffers: Min: 143, Avg: 149.5, Max: 156, Diff: 13, Sum: 299]
      [Scan RS (ms): Min: 62.1, Avg: 62.2, Max: 62.3, Diff: 0.3, Sum: 124.4]
      [Object Copy (ms): Min: 181.5, Avg: 183.8, Max: 186.2, Diff: 4.6, Sum: 367.7]
      [Termination (ms): Min: 0.0, Avg: 0.0, Max: 0.0, Diff: 0.0, Sum: 0.0]
      [GC Worker Other (ms): Min: 0.1, Avg: 0.1, Max: 0.1, Diff: 0.0, Sum: 0.2]
      [GC Worker Total (ms): Min: 345.9, Avg: 345.9, Max: 345.9, Diff: 0.0, Sum: 691.8]
      [GC Worker End (ms): Min: 30492337.4, Avg: 30492337.4, Max: 30492337.4, Diff: 0.0]
   [Code Root Fixup: 0.0 ms]
   [Clear CT: 0.5 ms]
   [Other: 9.6 ms]
      [Choose CSet: 0.0 ms]
      [Ref Proc: 3.7 ms]
      [Ref Enq: 0.1 ms]
      [Free CSet: 3.9 ms]
   [Eden: 641.0M(961.0M)->0.0B(942.0M) Survivors: 63.0M->82.0M Heap: 1873.6M(3072.0M)->1252.7M(3072.0M)]
 [Times: user=0.70 sys=0.00, real=0.35 secs] 
30497.457: [GC pause (young)
Desired survivor size 67108864 bytes, new threshold 3 (max 32)
- age   1:   25816472 bytes,   25816472 total
- age   2:   32738528 bytes,   58555000 total
- age   3:   25162992 bytes,   83717992 total
, 0.4706230 secs]
   [Parallel Time: 459.7 ms, GC Workers: 2]
      [GC Worker Start (ms): Min: 30497458.6, Avg: 30497458.6, Max: 30497458.7, Diff: 0.0]
      [Ext Root Scanning (ms): Min: 66.9, Avg: 76.6, Max: 86.4, Diff: 19.5, Sum: 153.3]
      [Update RS (ms): Min: 50.7, Avg: 63.4, Max: 76.0, Diff: 25.2, Sum: 126.7]
         [Processed Buffers: Min: 122, Avg: 136.5, Max: 151, Diff: 29, Sum: 273]
      [Scan RS (ms): Min: 66.2, Avg: 66.2, Max: 66.3, Diff: 0.1, Sum: 132.5]
      [Object Copy (ms): Min: 250.3, Avg: 253.2, Max: 256.0, Diff: 5.7, Sum: 506.3]
      [Termination (ms): Min: 0.0, Avg: 0.0, Max: 0.0, Diff: 0.0, Sum: 0.0]
      [GC Worker Other (ms): Min: 0.1, Avg: 0.1, Max: 0.2, Diff: 0.1, Sum: 0.3]
      [GC Worker Total (ms): Min: 459.5, Avg: 459.5, Max: 459.6, Diff: 0.0, Sum: 919.1]
      [GC Worker End (ms): Min: 30497918.2, Avg: 30497918.2, Max: 30497918.2, Diff: 0.0]
   [Code Root Fixup: 0.0 ms]
   [Clear CT: 0.8 ms]
   [Other: 10.1 ms]
      [Choose CSet: 0.0 ms]
      [Ref Proc: 3.1 ms]
      [Ref Enq: 0.0 ms]
      [Free CSet: 4.4 ms]
   [Eden: 942.0M(942.0M)->0.0B(935.0M) Survivors: 82.0M->89.0M Heap: 2206.9M(3072.0M)->1292.4M(3072.0M)]
 [Times: user=0.93 sys=0.00, real=0.48 secs] 
30503.129: [GC pause (young)
Desired survivor size 67108864 bytes, new threshold 3 (max 32)
- age   1:   42125352 bytes,   42125352 total
- age   2:   21257184 bytes,   63382536 total
- age   3:   26596568 bytes,   89979104 total
, 0.4557420 secs]
   [Parallel Time: 444.8 ms, GC Workers: 2]
      [GC Worker Start (ms): Min: 30503130.6, Avg: 30503130.6, Max: 30503130.6, Diff: 0.0]
      [Ext Root Scanning (ms): Min: 68.3, Avg: 76.0, Max: 83.7, Diff: 15.4, Sum: 152.0]
      [Update RS (ms): Min: 52.2, Avg: 62.5, Max: 72.9, Diff: 20.6, Sum: 125.1]
         [Processed Buffers: Min: 91, Avg: 139.5, Max: 188, Diff: 97, Sum: 279]
      [Scan RS (ms): Min: 65.5, Avg: 65.6, Max: 65.7, Diff: 0.1, Sum: 131.2]
      [Object Copy (ms): Min: 237.9, Avg: 240.5, Max: 243.0, Diff: 5.1, Sum: 480.9]
      [Termination (ms): Min: 0.0, Avg: 0.0, Max: 0.0, Diff: 0.0, Sum: 0.0]
      [GC Worker Other (ms): Min: 0.1, Avg: 0.1, Max: 0.1, Diff: 0.0, Sum: 0.2]
      [GC Worker Total (ms): Min: 444.7, Avg: 444.7, Max: 444.7, Diff: 0.0, Sum: 889.5]
      [GC Worker End (ms): Min: 30503575.4, Avg: 30503575.4, Max: 30503575.4, Diff: 0.0]
   [Code Root Fixup: 0.0 ms]
   [Clear CT: 0.8 ms]
   [Other: 10.2 ms]
      [Choose CSet: 0.0 ms]
      [Ref Proc: 3.3 ms]
      [Ref Enq: 0.0 ms]
      [Free CSet: 4.2 ms]
   [Eden: 935.0M(935.0M)->0.0B(944.0M) Survivors: 89.0M->80.0M Heap: 2252.1M(3072.0M)->1332.6M(3072.0M)]
 [Times: user=0.90 sys=0.01, real=0.45 secs] 
30507.497: [GC pause (young) (initial-mark)
Desired survivor size 67108864 bytes, new threshold 3 (max 32)
- age   1:   33977912 bytes,   33977912 total
- age   2:   27807576 bytes,   61785488 total
- age   3:   19926720 bytes,   81712208 total
, 0.3399820 secs]
   [Parallel Time: 330.2 ms, GC Workers: 2]
      [GC Worker Start (ms): Min: 30507498.6, Avg: 30507498.6, Max: 30507498.6, Diff: 0.0]
      [Ext Root Scanning (ms): Min: 64.9, Avg: 73.4, Max: 81.8, Diff: 16.9, Sum: 146.7]
      [Update RS (ms): Min: 10.2, Avg: 26.4, Max: 42.6, Diff: 32.5, Sum: 52.8]
         [Processed Buffers: Min: 90, Avg: 134.0, Max: 178, Diff: 88, Sum: 268]
      [Scan RS (ms): Min: 37.7, Avg: 37.7, Max: 37.8, Diff: 0.1, Sum: 75.5]
      [Object Copy (ms): Min: 184.7, Avg: 192.5, Max: 200.2, Diff: 15.5, Sum: 384.9]
      [Termination (ms): Min: 0.0, Avg: 0.0, Max: 0.0, Diff: 0.0, Sum: 0.0]
      [GC Worker Other (ms): Min: 0.1, Avg: 0.1, Max: 0.1, Diff: 0.0, Sum: 0.2]
      [GC Worker Total (ms): Min: 330.0, Avg: 330.1, Max: 330.1, Diff: 0.0, Sum: 660.1]
      [GC Worker End (ms): Min: 30507828.6, Avg: 30507828.6, Max: 30507828.6, Diff: 0.0]
   [Code Root Fixup: 0.0 ms]
   [Clear CT: 0.6 ms]
   [Other: 9.2 ms]
      [Choose CSet: 0.0 ms]
      [Ref Proc: 3.3 ms]
      [Ref Enq: 0.0 ms]
      [Free CSet: 3.2 ms]
   [Eden: 640.0M(944.0M)->0.0B(949.0M) Survivors: 80.0M->75.0M Heap: 1981.4M(3072.0M)->1350.6M(3072.0M)]
 [Times: user=0.67 sys=0.00, real=0.34 secs] 
30507.837: [GC concurrent-root-region-scan-start]
30508.070: [GC concurrent-root-region-scan-end, 0.2327330 secs]
30508.070: [GC concurrent-mark-start]
30509.853: [GC concurrent-mark-end, 1.7831430 secs]
30509.854: [GC remark 30509.856: [GC ref-proc, 0.0385280 secs], 0.1108330 secs]
 [Times: user=0.11 sys=0.00, real=0.11 secs] 
30509.967: [GC cleanup 1599M->1280M(3072M), 0.0255310 secs]
 [Times: user=0.05 sys=0.00, real=0.03 secs] 
30509.993: [GC concurrent-cleanup-start]
30509.994: [GC concurrent-cleanup-end, 0.0007370 secs]
30514.452: [GC pause (young)
Desired survivor size 67108864 bytes, new threshold 3 (max 32)
- age   1:   33008152 bytes,   33008152 total
- age   2:   24140048 bytes,   57148200 total
- age   3:   19537968 bytes,   76686168 total
, 0.5004220 secs]
   [Parallel Time: 490.5 ms, GC Workers: 2]
      [GC Worker Start (ms): Min: 30514453.2, Avg: 30514453.2, Max: 30514453.2, Diff: 0.1]
      [Ext Root Scanning (ms): Min: 66.3, Avg: 74.7, Max: 83.2, Diff: 16.9, Sum: 149.5]
      [Update RS (ms): Min: 30.6, Avg: 42.1, Max: 53.6, Diff: 23.0, Sum: 84.2]
         [Processed Buffers: Min: 108, Avg: 153.0, Max: 198, Diff: 90, Sum: 306]
      [Scan RS (ms): Min: 64.6, Avg: 65.0, Max: 65.4, Diff: 0.8, Sum: 130.0]
      [Object Copy (ms): Min: 305.5, Avg: 308.2, Max: 310.9, Diff: 5.4, Sum: 616.3]
      [Termination (ms): Min: 0.0, Avg: 0.1, Max: 0.2, Diff: 0.2, Sum: 0.2]
      [GC Worker Other (ms): Min: 0.1, Avg: 0.1, Max: 0.1, Diff: 0.0, Sum: 0.2]
      [GC Worker Total (ms): Min: 490.2, Avg: 490.2, Max: 490.2, Diff: 0.1, Sum: 980.4]
      [GC Worker End (ms): Min: 30514943.4, Avg: 30514943.4, Max: 30514943.4, Diff: 0.0]
   [Code Root Fixup: 0.0 ms]
   [Clear CT: 0.7 ms]
   [Other: 9.2 ms]
      [Choose CSet: 0.0 ms]
      [Ref Proc: 3.9 ms]
      [Ref Enq: 0.1 ms]
      [Free CSet: 3.0 ms]
   [Eden: 949.0M(949.0M)->0.0B(898.0M) Survivors: 75.0M->126.0M Heap: 2074.5M(3072.0M)->1192.0M(3072.0M)]
 [Times: user=0.99 sys=0.00, real=0.50 secs] 
30518.543: [GC pause (mixed)
Desired survivor size 67108864 bytes, new threshold 1 (max 32)
- age   1:   95060400 bytes,   95060400 total
- age   2:   13780216 bytes,  108840616 total
- age   3:   20231128 bytes,  129071744 total
, 0.2776690 secs]
   [Parallel Time: 268.1 ms, GC Workers: 2]
      [GC Worker Start (ms): Min: 30518544.4, Avg: 30518544.4, Max: 30518544.4, Diff: 0.0]
      [Ext Root Scanning (ms): Min: 63.9, Avg: 72.5, Max: 81.1, Diff: 17.1, Sum: 145.0]
      [Update RS (ms): Min: 9.4, Avg: 20.6, Max: 31.8, Diff: 22.4, Sum: 41.2]
         [Processed Buffers: Min: 140, Avg: 153.5, Max: 167, Diff: 27, Sum: 307]
      [Scan RS (ms): Min: 40.0, Avg: 40.0, Max: 40.0, Diff: 0.1, Sum: 80.0]
      [Object Copy (ms): Min: 132.0, Avg: 134.7, Max: 137.4, Diff: 5.3, Sum: 269.4]
      [Termination (ms): Min: 0.0, Avg: 0.0, Max: 0.0, Diff: 0.0, Sum: 0.0]
      [GC Worker Other (ms): Min: 0.1, Avg: 0.1, Max: 0.2, Diff: 0.1, Sum: 0.3]
      [GC Worker Total (ms): Min: 267.9, Avg: 267.9, Max: 268.0, Diff: 0.1, Sum: 535.8]
      [GC Worker End (ms): Min: 30518812.3, Avg: 30518812.3, Max: 30518812.4, Diff: 0.1]
   [Code Root Fixup: 0.0 ms]
   [Clear CT: 0.9 ms]
   [Other: 8.7 ms]
      [Choose CSet: 0.7 ms]
      [Ref Proc: 3.1 ms]
      [Ref Enq: 0.1 ms]
      [Free CSet: 3.1 ms]
   [Eden: 898.0M(898.0M)->0.0B(999.0M) Survivors: 126.0M->25.0M Heap: 2112.3M(3072.0M)->1079.3M(3072.0M)]
 [Times: user=0.54 sys=0.00, real=0.27 secs] 
30524.612: [GC pause (mixed)
Desired survivor size 67108864 bytes, new threshold 16 (max 32)
- age   1:   24305424 bytes,   24305424 total
, 0.2320830 secs]
   [Parallel Time: 218.4 ms, GC Workers: 2]
      [GC Worker Start (ms): Min: 30524613.5, Avg: 30524613.5, Max: 30524613.5, Diff: 0.0]
      [Ext Root Scanning (ms): Min: 66.4, Avg: 75.6, Max: 84.8, Diff: 18.3, Sum: 151.2]
      [Update RS (ms): Min: 7.8, Avg: 20.0, Max: 32.1, Diff: 24.2, Sum: 39.9]
         [Processed Buffers: Min: 145, Avg: 155.5, Max: 166, Diff: 21, Sum: 311]
      [Scan RS (ms): Min: 38.9, Avg: 39.0, Max: 39.1, Diff: 0.1, Sum: 78.0]
      [Object Copy (ms): Min: 80.7, Avg: 83.6, Max: 86.5, Diff: 5.8, Sum: 167.3]
      [Termination (ms): Min: 0.0, Avg: 0.0, Max: 0.0, Diff: 0.0, Sum: 0.0]
      [GC Worker Other (ms): Min: 0.1, Avg: 0.1, Max: 0.1, Diff: 0.0, Sum: 0.2]
      [GC Worker Total (ms): Min: 218.3, Avg: 218.3, Max: 218.3, Diff: 0.0, Sum: 436.6]
      [GC Worker End (ms): Min: 30524831.8, Avg: 30524831.8, Max: 30524831.8, Diff: 0.0]
   [Code Root Fixup: 0.0 ms]
   [Clear CT: 0.9 ms]
   [Other: 12.8 ms]
      [Choose CSet: 0.8 ms]
      [Ref Proc: 6.7 ms]
      [Ref Enq: 0.1 ms]
      [Free CSet: 3.6 ms]
   [Eden: 999.0M(999.0M)->0.0B(989.0M) Survivors: 25.0M->35.0M Heap: 2126.4M(3072.0M)->1088.4M(3072.0M)]
 [Times: user=0.45 sys=0.00, real=0.24 secs] 
30531.501: [GC pause (young)
Desired survivor size 67108864 bytes, new threshold 16 (max 32)
- age   1:   22493248 bytes,   22493248 total
- age   2:    9125208 bytes,   31618456 total
, 0.2194100 secs]
   [Parallel Time: 208.4 ms, GC Workers: 2]
      [GC Worker Start (ms): Min: 30531501.2, Avg: 30531501.2, Max: 30531501.3, Diff: 0.0]
      [Ext Root Scanning (ms): Min: 66.2, Avg: 74.6, Max: 83.0, Diff: 16.8, Sum: 149.2]
      [Update RS (ms): Min: 8.8, Avg: 19.7, Max: 30.7, Diff: 21.9, Sum: 39.5]
         [Processed Buffers: Min: 110, Avg: 155.0, Max: 200, Diff: 90, Sum: 310]
      [Scan RS (ms): Min: 14.6, Avg: 14.6, Max: 14.7, Diff: 0.1, Sum: 29.2]
      [Object Copy (ms): Min: 96.6, Avg: 99.3, Max: 101.9, Diff: 5.3, Sum: 198.6]
      [Termination (ms): Min: 0.0, Avg: 0.0, Max: 0.0, Diff: 0.0, Sum: 0.0]
      [GC Worker Other (ms): Min: 0.1, Avg: 0.1, Max: 0.1, Diff: 0.0, Sum: 0.2]
      [GC Worker Total (ms): Min: 208.3, Avg: 208.3, Max: 208.3, Diff: 0.0, Sum: 416.6]
      [GC Worker End (ms): Min: 30531709.5, Avg: 30531709.6, Max: 30531709.6, Diff: 0.0]
   [Code Root Fixup: 0.0 ms]
   [Clear CT: 0.6 ms]
   [Other: 10.3 ms]
      [Choose CSet: 0.0 ms]
      [Ref Proc: 6.8 ms]
      [Ref Enq: 0.1 ms]
      [Free CSet: 2.3 ms]
   [Eden: 989.0M(989.0M)->0.0B(971.0M) Survivors: 35.0M->53.0M Heap: 2126.1M(3072.0M)->1155.1M(3072.0M)]
 [Times: user=0.43 sys=0.00, real=0.22 secs] 
30537.812: [GC pause (young)
Desired survivor size 67108864 bytes, new threshold 16 (max 32)
- age   1:   29989040 bytes,   29989040 total
- age   2:   14778384 bytes,   44767424 total
- age   3:    6411128 bytes,   51178552 total
, 0.2286570 secs]
   [Parallel Time: 215.7 ms, GC Workers: 2]
      [GC Worker Start (ms): Min: 30537812.2, Avg: 30537812.2, Max: 30537812.2, Diff: 0.0]
      [Ext Root Scanning (ms): Min: 69.9, Avg: 78.5, Max: 87.1, Diff: 17.2, Sum: 156.9]
      [Update RS (ms): Min: 6.4, Avg: 18.3, Max: 30.2, Diff: 23.9, Sum: 36.6]
         [Processed Buffers: Min: 62, Avg: 158.5, Max: 255, Diff: 193, Sum: 317]
      [Scan RS (ms): Min: 13.8, Avg: 13.9, Max: 14.0, Diff: 0.2, Sum: 27.8]
      [Object Copy (ms): Min: 101.3, Avg: 104.8, Max: 108.2, Diff: 6.9, Sum: 209.6]
      [Termination (ms): Min: 0.0, Avg: 0.0, Max: 0.0, Diff: 0.0, Sum: 0.0]
      [GC Worker Other (ms): Min: 0.1, Avg: 0.1, Max: 0.1, Diff: 0.0, Sum: 0.2]
      [GC Worker Total (ms): Min: 215.5, Avg: 215.5, Max: 215.6, Diff: 0.0, Sum: 431.1]
      [GC Worker End (ms): Min: 30538027.7, Avg: 30538027.8, Max: 30538027.8, Diff: 0.0]
   [Code Root Fixup: 0.0 ms]
   [Clear CT: 1.2 ms]
   [Other: 11.8 ms]
      [Choose CSet: 0.0 ms]
      [Ref Proc: 8.5 ms]
      [Ref Enq: 0.1 ms]
      [Free CSet: 2.2 ms]
   [Eden: 971.0M(971.0M)->0.0B(967.0M) Survivors: 53.0M->57.0M Heap: 2148.8M(3072.0M)->1181.8M(3072.0M)]
 [Times: user=0.44 sys=0.00, real=0.23 secs] 
30545.437: [GC pause (young)
Desired survivor size 67108864 bytes, new threshold 16 (max 32)
- age   1:   27887224 bytes,   27887224 total
- age   2:   12651736 bytes,   40538960 total
- age   3:    9144032 bytes,   49682992 total
- age   4:    4901616 bytes,   54584608 total
, 0.2616220 secs]
   [Parallel Time: 250.0 ms, GC Workers: 2]
      [GC Worker Start (ms): Min: 30545438.1, Avg: 30545438.2, Max: 30545438.2, Diff: 0.0]
      [Ext Root Scanning (ms): Min: 66.7, Avg: 74.8, Max: 82.9, Diff: 16.2, Sum: 149.5]
      [Update RS (ms): Min: 0.7, Avg: 11.2, Max: 21.7, Diff: 21.0, Sum: 22.4]
         [Processed Buffers: Min: 77, Avg: 108.0, Max: 139, Diff: 62, Sum: 216]
      [Scan RS (ms): Min: 16.1, Avg: 16.1, Max: 16.1, Diff: 0.1, Sum: 32.2]
      [Object Copy (ms): Min: 145.3, Avg: 147.7, Max: 150.0, Diff: 4.6, Sum: 295.3]
      [Termination (ms): Min: 0.0, Avg: 0.0, Max: 0.0, Diff: 0.0, Sum: 0.0]
      [GC Worker Other (ms): Min: 0.1, Avg: 0.1, Max: 0.1, Diff: 0.0, Sum: 0.2]
      [GC Worker Total (ms): Min: 249.8, Avg: 249.9, Max: 249.9, Diff: 0.1, Sum: 499.7]
      [GC Worker End (ms): Min: 30545688.0, Avg: 30545688.0, Max: 30545688.0, Diff: 0.0]
   [Code Root Fixup: 0.0 ms]
   [Clear CT: 0.7 ms]
   [Other: 10.9 ms]
      [Choose CSet: 0.0 ms]
      [Ref Proc: 7.2 ms]
      [Ref Enq: 0.1 ms]
      [Free CSet: 2.3 ms]
   [Eden: 967.0M(967.0M)->0.0B(945.0M) Survivors: 57.0M->79.0M Heap: 2158.8M(3072.0M)->1213.8M(3072.0M)]
 [Times: user=0.51 sys=0.00, real=0.27 secs] 
30551.039: [GC pause (young)
Desired survivor size 67108864 bytes, new threshold 4 (max 32)
- age   1:   44206392 bytes,   44206392 total
- age   2:   11428792 bytes,   55635184 total
- age   3:   10211352 bytes,   65846536 total
- age   4:    8643624 bytes,   74490160 total
- age   5:    4319304 bytes,   78809464 total
, 0.3071570 secs]
   [Parallel Time: 299.9 ms, GC Workers: 2]
      [GC Worker Start (ms): Min: 30551039.9, Avg: 30551039.9, Max: 30551040.0, Diff: 0.0]
      [Ext Root Scanning (ms): Min: 60.6, Avg: 75.4, Max: 90.2, Diff: 29.6, Sum: 150.7]
      [Update RS (ms): Min: 9.1, Avg: 22.5, Max: 35.8, Diff: 26.7, Sum: 44.9]
         [Processed Buffers: Min: 121, Avg: 154.0, Max: 187, Diff: 66, Sum: 308]
      [Scan RS (ms): Min: 14.9, Avg: 15.0, Max: 15.0, Diff: 0.2, Sum: 29.9]
      [Object Copy (ms): Min: 185.3, Avg: 186.7, Max: 188.1, Diff: 2.8, Sum: 373.3]
      [Termination (ms): Min: 0.0, Avg: 0.0, Max: 0.0, Diff: 0.0, Sum: 0.0]
      [GC Worker Other (ms): Min: 0.1, Avg: 0.1, Max: 0.1, Diff: 0.0, Sum: 0.2]
      [GC Worker Total (ms): Min: 299.5, Avg: 299.5, Max: 299.6, Diff: 0.0, Sum: 599.1]
      [GC Worker End (ms): Min: 30551339.5, Avg: 30551339.5, Max: 30551339.5, Diff: 0.0]
   [Code Root Fixup: 0.0 ms]
   [Clear CT: 0.8 ms]
   [Other: 6.5 ms]
      [Choose CSet: 0.0 ms]
      [Ref Proc: 3.2 ms]
      [Ref Enq: 0.1 ms]
      [Free CSet: 2.1 ms]
   [Eden: 945.0M(945.0M)->0.0B(939.0M) Survivors: 79.0M->85.0M Heap: 2178.0M(3072.0M)->1251.9M(3072.0M)]
 [Times: user=0.60 sys=0.00, real=0.30 secs] 
30556.462: [GC pause (young)
Desired survivor size 67108864 bytes, new threshold 2 (max 32)
- age   1:   58786592 bytes,   58786592 total
- age   2:   11508616 bytes,   70295208 total
- age   3:    5495584 bytes,   75790792 total
- age   4:    9925624 bytes,   85716416 total
, 0.5535080 secs]
   [Parallel Time: 546.4 ms, GC Workers: 2]
      [GC Worker Start (ms): Min: 30556462.7, Avg: 30556462.8, Max: 30556462.8, Diff: 0.1]
      [Ext Root Scanning (ms): Min: 62.5, Avg: 71.6, Max: 80.8, Diff: 18.3, Sum: 143.3]
      [Update RS (ms): Min: 28.4, Avg: 40.1, Max: 51.8, Diff: 23.4, Sum: 80.2]
         [Processed Buffers: Min: 132, Avg: 150.5, Max: 169, Diff: 37, Sum: 301]
      [Scan RS (ms): Min: 18.8, Avg: 18.8, Max: 18.9, Diff: 0.2, Sum: 37.7]
      [Object Copy (ms): Min: 413.0, Avg: 415.7, Max: 418.3, Diff: 5.3, Sum: 831.3]
      [Termination (ms): Min: 0.0, Avg: 0.0, Max: 0.0, Diff: 0.0, Sum: 0.0]
      [GC Worker Other (ms): Min: 0.1, Avg: 0.1, Max: 0.1, Diff: 0.0, Sum: 0.2]
      [GC Worker Total (ms): Min: 546.3, Avg: 546.3, Max: 546.3, Diff: 0.1, Sum: 1092.6]
      [GC Worker End (ms): Min: 30557009.1, Avg: 30557009.1, Max: 30557009.1, Diff: 0.0]
   [Code Root Fixup: 0.0 ms]
   [Clear CT: 0.6 ms]
   [Other: 6.5 ms]
      [Choose CSet: 0.0 ms]
      [Ref Proc: 2.5 ms]
      [Ref Enq: 0.0 ms]
      [Free CSet: 2.3 ms]
   [Eden: 939.0M(939.0M)->0.0B(896.0M) Survivors: 85.0M->128.0M Heap: 2212.1M(3072.0M)->1367.7M(3072.0M)]
 [Times: user=1.10 sys=0.00, real=0.55 secs] 
30560.041: [GC pause (young) (initial-mark)
Desired survivor size 67108864 bytes, new threshold 1 (max 32)
- age   1:  118654560 bytes,  118654560 total
- age   2:   41466576 bytes,  160121136 total
, 0.6443460 secs]
   [Parallel Time: 633.7 ms, GC Workers: 2]
      [GC Worker Start (ms): Min: 30560043.3, Avg: 30560043.5, Max: 30560043.7, Diff: 0.4]
      [Ext Root Scanning (ms): Min: 65.8, Avg: 74.2, Max: 82.6, Diff: 16.9, Sum: 148.4]
      [Update RS (ms): Min: 45.8, Avg: 62.2, Max: 78.5, Diff: 32.7, Sum: 124.3]
         [Processed Buffers: Min: 152, Avg: 175.0, Max: 198, Diff: 46, Sum: 350]
      [Scan RS (ms): Min: 82.8, Avg: 82.9, Max: 83.0, Diff: 0.2, Sum: 165.8]
      [Object Copy (ms): Min: 405.8, Avg: 414.0, Max: 422.2, Diff: 16.5, Sum: 828.0]
      [Termination (ms): Min: 0.0, Avg: 0.0, Max: 0.0, Diff: 0.0, Sum: 0.0]
      [GC Worker Other (ms): Min: 0.1, Avg: 0.1, Max: 0.1, Diff: 0.0, Sum: 0.2]
      [GC Worker Total (ms): Min: 633.2, Avg: 633.4, Max: 633.6, Diff: 0.4, Sum: 1266.8]
      [GC Worker End (ms): Min: 30560676.9, Avg: 30560676.9, Max: 30560676.9, Diff: 0.0]
   [Code Root Fixup: 0.0 ms]
   [Clear CT: 0.6 ms]
   [Other: 10.1 ms]
      [Choose CSet: 0.0 ms]
      [Ref Proc: 2.0 ms]
      [Ref Enq: 0.0 ms]
      [Free CSet: 3.8 ms]
   [Eden: 759.0M(896.0M)->0.0B(991.0M) Survivors: 128.0M->33.0M Heap: 2141.5M(3072.0M)->1408.2M(3072.0M)]
 [Times: user=1.27 sys=0.01, real=0.64 secs] 
30560.686: [GC concurrent-root-region-scan-start]
30560.798: [GC concurrent-root-region-scan-end, 0.1116350 secs]
30560.798: [GC concurrent-mark-start]
30562.764: [GC concurrent-mark-end, 1.9665340 secs]
30562.769: [GC remark 30562.770: [GC ref-proc, 0.5969210 secs], 0.6695330 secs]
 [Times: user=0.67 sys=0.01, real=0.67 secs] 
30563.441: [GC cleanup 1703M->1345M(3072M), 0.0229740 secs]
 [Times: user=0.05 sys=0.00, real=0.02 secs] 
30563.465: [GC concurrent-cleanup-start]
30563.466: [GC concurrent-cleanup-end, 0.0008130 secs]
30568.582: [GC pause (young)
Desired survivor size 67108864 bytes, new threshold 16 (max 32)
- age   1:   33100352 bytes,   33100352 total
, 0.3916170 secs]
   [Parallel Time: 378.0 ms, GC Workers: 2]
      [GC Worker Start (ms): Min: 30568583.7, Avg: 30568583.8, Max: 30568583.8, Diff: 0.2]
      [Ext Root Scanning (ms): Min: 68.8, Avg: 79.3, Max: 89.7, Diff: 20.8, Sum: 158.5]
      [Update RS (ms): Min: 42.3, Avg: 55.5, Max: 68.8, Diff: 26.4, Sum: 111.1]
         [Processed Buffers: Min: 135, Avg: 157.5, Max: 180, Diff: 45, Sum: 315]
      [Scan RS (ms): Min: 60.6, Avg: 60.7, Max: 60.8, Diff: 0.2, Sum: 121.4]
      [Object Copy (ms): Min: 179.6, Avg: 182.2, Max: 184.8, Diff: 5.2, Sum: 364.4]
      [Termination (ms): Min: 0.0, Avg: 0.0, Max: 0.0, Diff: 0.0, Sum: 0.0]
      [GC Worker Other (ms): Min: 0.1, Avg: 0.1, Max: 0.1, Diff: 0.0, Sum: 0.2]
      [GC Worker Total (ms): Min: 377.7, Avg: 377.8, Max: 377.9, Diff: 0.2, Sum: 755.6]
      [GC Worker End (ms): Min: 30568961.6, Avg: 30568961.6, Max: 30568961.6, Diff: 0.0]
   [Code Root Fixup: 0.0 ms]
   [Clear CT: 0.7 ms]
   [Other: 12.9 ms]
      [Choose CSet: 0.0 ms]
      [Ref Proc: 5.9 ms]
      [Ref Enq: 0.1 ms]
      [Free CSet: 4.6 ms]
   [Eden: 991.0M(991.0M)->0.0B(953.0M) Survivors: 33.0M->71.0M Heap: 2071.2M(3072.0M)->1117.7M(3072.0M)]
 [Times: user=0.77 sys=0.00, real=0.39 secs] 
30574.110: [GC pause (mixed)
Desired survivor size 67108864 bytes, new threshold 2 (max 32)
- age   1:   41117216 bytes,   41117216 total
- age   2:   29054864 bytes,   70172080 total
, 0.4524360 secs]
   [Parallel Time: 440.9 ms, GC Workers: 2]
      [GC Worker Start (ms): Min: 30574112.3, Avg: 30574112.4, Max: 30574112.4, Diff: 0.0]
      [Ext Root Scanning (ms): Min: 65.8, Avg: 75.1, Max: 84.4, Diff: 18.6, Sum: 150.2]
      [Update RS (ms): Min: 43.2, Avg: 55.2, Max: 67.2, Diff: 24.0, Sum: 110.4]
         [Processed Buffers: Min: 106, Avg: 157.5, Max: 209, Diff: 103, Sum: 315]
      [Scan RS (ms): Min: 68.8, Avg: 68.8, Max: 68.9, Diff: 0.2, Sum: 137.7]
      [Object Copy (ms): Min: 239.0, Avg: 241.6, Max: 244.2, Diff: 5.2, Sum: 483.1]
      [Termination (ms): Min: 0.0, Avg: 0.0, Max: 0.0, Diff: 0.0, Sum: 0.0]
      [GC Worker Other (ms): Min: 0.1, Avg: 0.1, Max: 0.1, Diff: 0.0, Sum: 0.2]
      [GC Worker Total (ms): Min: 440.8, Avg: 440.8, Max: 440.8, Diff: 0.0, Sum: 881.6]
      [GC Worker End (ms): Min: 30574553.2, Avg: 30574553.2, Max: 30574553.2, Diff: 0.0]
   [Code Root Fixup: 0.0 ms]
   [Clear CT: 0.9 ms]
   [Other: 10.7 ms]
      [Choose CSet: 0.5 ms]
      [Ref Proc: 3.0 ms]
      [Ref Enq: 0.0 ms]
      [Free CSet: 4.5 ms]
   [Eden: 953.0M(953.0M)->0.0B(956.0M) Survivors: 71.0M->68.0M Heap: 2074.2M(3072.0M)->1066.2M(3072.0M)]
 [Times: user=0.89 sys=0.00, real=0.46 secs] 
30580.227: [GC pause (mixed)
Desired survivor size 67108864 bytes, new threshold 2 (max 32)
- age   1:   34998824 bytes,   34998824 total
- age   2:   33802520 bytes,   68801344 total
, 0.4888470 secs]
   [Parallel Time: 475.9 ms, GC Workers: 2]
      [GC Worker Start (ms): Min: 30580228.8, Avg: 30580228.8, Max: 30580228.8, Diff: 0.0]
      [Ext Root Scanning (ms): Min: 64.9, Avg: 72.4, Max: 79.9, Diff: 14.9, Sum: 144.8]
      [Update RS (ms): Min: 69.5, Avg: 79.4, Max: 89.3, Diff: 19.9, Sum: 158.8]
         [Processed Buffers: Min: 97, Avg: 174.0, Max: 251, Diff: 154, Sum: 348]
      [Scan RS (ms): Min: 72.9, Avg: 73.0, Max: 73.1, Diff: 0.1, Sum: 146.0]
      [Object Copy (ms): Min: 248.4, Avg: 250.9, Max: 253.4, Diff: 5.0, Sum: 501.8]
      [Termination (ms): Min: 0.0, Avg: 0.0, Max: 0.0, Diff: 0.0, Sum: 0.0]
      [GC Worker Other (ms): Min: 0.1, Avg: 0.1, Max: 0.1, Diff: 0.0, Sum: 0.2]
      [GC Worker Total (ms): Min: 475.8, Avg: 475.8, Max: 475.8, Diff: 0.0, Sum: 951.6]
      [GC Worker End (ms): Min: 30580704.6, Avg: 30580704.6, Max: 30580704.6, Diff: 0.0]
   [Code Root Fixup: 0.0 ms]
   [Clear CT: 0.8 ms]
   [Other: 12.1 ms]
      [Choose CSet: 0.7 ms]
      [Ref Proc: 3.7 ms]
      [Ref Enq: 0.1 ms]
      [Free CSet: 5.1 ms]
   [Eden: 956.0M(956.0M)->0.0B(951.0M) Survivors: 68.0M->73.0M Heap: 2022.2M(3072.0M)->1021.2M(3072.0M)]
 [Times: user=0.96 sys=0.01, real=0.49 secs] 
30587.082: [GC pause (mixed)
Desired survivor size 67108864 bytes, new threshold 2 (max 32)
- age   1:   46044616 bytes,   46044616 total
- age   2:   28347744 bytes,   74392360 total
, 0.5833930 secs]
   [Parallel Time: 569.9 ms, GC Workers: 2]
      [GC Worker Start (ms): Min: 30587084.7, Avg: 30587084.7, Max: 30587084.7, Diff: 0.0]
      [Ext Root Scanning (ms): Min: 66.1, Avg: 74.3, Max: 82.5, Diff: 16.4, Sum: 148.6]
      [Update RS (ms): Min: 63.1, Avg: 74.0, Max: 84.9, Diff: 21.8, Sum: 148.0]
         [Processed Buffers: Min: 87, Avg: 151.0, Max: 215, Diff: 128, Sum: 302]
      [Scan RS (ms): Min: 77.0, Avg: 77.2, Max: 77.3, Diff: 0.3, Sum: 154.3]
      [Object Copy (ms): Min: 341.4, Avg: 344.3, Max: 347.1, Diff: 5.7, Sum: 688.5]
      [Termination (ms): Min: 0.0, Avg: 0.0, Max: 0.0, Diff: 0.0, Sum: 0.0]
      [GC Worker Other (ms): Min: 0.1, Avg: 0.1, Max: 0.1, Diff: 0.0, Sum: 0.2]
      [GC Worker Total (ms): Min: 569.8, Avg: 569.8, Max: 569.8, Diff: 0.0, Sum: 1139.7]
      [GC Worker End (ms): Min: 30587654.6, Avg: 30587654.6, Max: 30587654.6, Diff: 0.0]
   [Code Root Fixup: 0.0 ms]
   [Clear CT: 0.8 ms]
   [Other: 12.6 ms]
      [Choose CSet: 0.7 ms]
      [Ref Proc: 4.1 ms]
      [Ref Enq: 0.1 ms]
      [Free CSet: 4.9 ms]
   [Eden: 951.0M(951.0M)->0.0B(913.0M) Survivors: 73.0M->111.0M Heap: 2012.1M(3072.0M)->1057.6M(3072.0M)]
 [Times: user=1.15 sys=0.00, real=0.59 secs] 
30592.239: [GC pause (young)
Desired survivor size 67108864 bytes, new threshold 1 (max 32)
- age   1:   81164952 bytes,   81164952 total
- age   2:   30867472 bytes,  112032424 total
, 0.5851080 secs]
   [Parallel Time: 574.6 ms, GC Workers: 2]
      [GC Worker Start (ms): Min: 30592240.3, Avg: 30592240.4, Max: 30592240.4, Diff: 0.0]
      [Ext Root Scanning (ms): Min: 68.7, Avg: 77.0, Max: 85.2, Diff: 16.6, Sum: 153.9]
      [Update RS (ms): Min: 67.5, Avg: 78.6, Max: 89.7, Diff: 22.2, Sum: 157.2]
         [Processed Buffers: Min: 141, Avg: 153.0, Max: 165, Diff: 24, Sum: 306]
      [Scan RS (ms): Min: 72.5, Avg: 72.6, Max: 72.6, Diff: 0.1, Sum: 145.1]
      [Object Copy (ms): Min: 343.3, Avg: 346.2, Max: 349.0, Diff: 5.7, Sum: 692.4]
      [Termination (ms): Min: 0.0, Avg: 0.0, Max: 0.0, Diff: 0.0, Sum: 0.0]
      [GC Worker Other (ms): Min: 0.1, Avg: 0.1, Max: 0.1, Diff: 0.0, Sum: 0.2]
      [GC Worker Total (ms): Min: 574.5, Avg: 574.5, Max: 574.5, Diff: 0.0, Sum: 1148.9]
      [GC Worker End (ms): Min: 30592814.8, Avg: 30592814.8, Max: 30592814.8, Diff: 0.0]
   [Code Root Fixup: 0.0 ms]
   [Clear CT: 0.9 ms]
   [Other: 9.6 ms]
      [Choose CSet: 0.1 ms]
      [Ref Proc: 2.1 ms]
      [Ref Enq: 0.0 ms]
      [Free CSet: 4.3 ms]
   [Eden: 913.0M(913.0M)->0.0B(978.0M) Survivors: 111.0M->46.0M Heap: 2014.0M(3072.0M)->1133.0M(3072.0M)]
 [Times: user=1.16 sys=0.00, real=0.58 secs] 
30598.028: [GC pause (young)
Desired survivor size 67108864 bytes, new threshold 16 (max 32)
- age   1:   47489176 bytes,   47489176 total
, 0.4200410 secs]
   [Parallel Time: 407.6 ms, GC Workers: 2]
      [GC Worker Start (ms): Min: 30598029.4, Avg: 30598029.4, Max: 30598029.4, Diff: 0.0]
      [Ext Root Scanning (ms): Min: 70.7, Avg: 78.4, Max: 86.2, Diff: 15.5, Sum: 156.9]
      [Update RS (ms): Min: 46.5, Avg: 56.7, Max: 66.9, Diff: 20.3, Sum: 113.4]
         [Processed Buffers: Min: 101, Avg: 141.0, Max: 181, Diff: 80, Sum: 282]
      [Scan RS (ms): Min: 80.4, Avg: 80.4, Max: 80.5, Diff: 0.1, Sum: 160.8]
      [Object Copy (ms): Min: 189.5, Avg: 191.8, Max: 194.1, Diff: 4.7, Sum: 383.6]
      [Termination (ms): Min: 0.0, Avg: 0.0, Max: 0.0, Diff: 0.0, Sum: 0.0]
      [GC Worker Other (ms): Min: 0.1, Avg: 0.1, Max: 0.1, Diff: 0.0, Sum: 0.2]
      [GC Worker Total (ms): Min: 407.5, Avg: 407.5, Max: 407.5, Diff: 0.0, Sum: 815.0]
      [GC Worker End (ms): Min: 30598436.9, Avg: 30598436.9, Max: 30598436.9, Diff: 0.0]
   [Code Root Fixup: 0.0 ms]
   [Clear CT: 0.7 ms]
   [Other: 11.8 ms]
      [Choose CSet: 0.0 ms]
      [Ref Proc: 3.6 ms]
      [Ref Enq: 0.1 ms]
      [Free CSet: 5.7 ms]
   [Eden: 978.0M(978.0M)->0.0B(949.0M) Survivors: 46.0M->75.0M Heap: 2141.7M(3072.0M)->1192.7M(3072.0M)]
 [Times: user=0.83 sys=0.00, real=0.42 secs] 
30603.613: [GC pause (young)
Desired survivor size 67108864 bytes, new threshold 2 (max 32)
- age   1:   44511872 bytes,   44511872 total
- age   2:   31805208 bytes,   76317080 total
, 0.4691570 secs]
   [Parallel Time: 456.2 ms, GC Workers: 2]
      [GC Worker Start (ms): Min: 30603614.7, Avg: 30603614.7, Max: 30603614.8, Diff: 0.0]
      [Ext Root Scanning (ms): Min: 69.3, Avg: 74.9, Max: 80.5, Diff: 11.2, Sum: 149.8]
      [Update RS (ms): Min: 34.1, Avg: 41.9, Max: 49.6, Diff: 15.5, Sum: 83.8]
         [Processed Buffers: Min: 127, Avg: 131.5, Max: 136, Diff: 9, Sum: 263]
      [Scan RS (ms): Min: 89.7, Avg: 89.7, Max: 89.8, Diff: 0.2, Sum: 179.5]
      [Object Copy (ms): Min: 247.2, Avg: 249.3, Max: 251.4, Diff: 4.2, Sum: 498.7]
      [Termination (ms): Min: 0.0, Avg: 0.0, Max: 0.0, Diff: 0.0, Sum: 0.0]
      [GC Worker Other (ms): Min: 0.1, Avg: 0.1, Max: 0.1, Diff: 0.0, Sum: 0.3]
      [GC Worker Total (ms): Min: 456.0, Avg: 456.0, Max: 456.1, Diff: 0.1, Sum: 912.1]
      [GC Worker End (ms): Min: 30604070.8, Avg: 30604070.8, Max: 30604070.8, Diff: 0.0]
   [Code Root Fixup: 0.0 ms]
   [Clear CT: 0.9 ms]
   [Other: 12.1 ms]
      [Choose CSet: 0.0 ms]
      [Ref Proc: 3.7 ms]
      [Ref Enq: 0.1 ms]
      [Free CSet: 5.5 ms]
   [Eden: 949.0M(949.0M)->0.0B(950.0M) Survivors: 75.0M->74.0M Heap: 2142.7M(3072.0M)->1221.2M(3072.0M)]
 [Times: user=0.92 sys=0.01, real=0.47 secs] 
30609.586: [GC pause (young)
Desired survivor size 67108864 bytes, new threshold 2 (max 32)
- age   1:   39829464 bytes,   39829464 total
- age   2:   36101688 bytes,   75931152 total
, 0.4718210 secs]
   [Parallel Time: 459.2 ms, GC Workers: 2]
      [GC Worker Start (ms): Min: 30609587.6, Avg: 30609587.6, Max: 30609587.7, Diff: 0.1]
      [Ext Root Scanning (ms): Min: 70.7, Avg: 76.2, Max: 81.7, Diff: 11.0, Sum: 152.3]
      [Update RS (ms): Min: 40.9, Avg: 48.2, Max: 55.5, Diff: 14.6, Sum: 96.4]
         [Processed Buffers: Min: 148, Avg: 155.5, Max: 163, Diff: 15, Sum: 311]
      [Scan RS (ms): Min: 79.9, Avg: 80.1, Max: 80.2, Diff: 0.2, Sum: 160.1]
      [Object Copy (ms): Min: 252.6, Avg: 254.5, Max: 256.5, Diff: 3.9, Sum: 509.1]
      [Termination (ms): Min: 0.0, Avg: 0.0, Max: 0.0, Diff: 0.0, Sum: 0.0]
      [GC Worker Other (ms): Min: 0.1, Avg: 0.1, Max: 0.1, Diff: 0.0, Sum: 0.2]
      [GC Worker Total (ms): Min: 459.0, Avg: 459.1, Max: 459.1, Diff: 0.1, Sum: 918.2]
      [GC Worker End (ms): Min: 30610046.7, Avg: 30610046.7, Max: 30610046.7, Diff: 0.0]
   [Code Root Fixup: 0.0 ms]
   [Clear CT: 0.7 ms]
   [Other: 11.9 ms]
      [Choose CSet: 0.0 ms]
      [Ref Proc: 3.7 ms]
      [Ref Enq: 0.1 ms]
      [Free CSet: 5.4 ms]
   [Eden: 950.0M(950.0M)->0.0B(952.0M) Survivors: 74.0M->72.0M Heap: 2214.6M(3072.0M)->1296.6M(3072.0M)]
 [Times: user=0.93 sys=0.00, real=0.47 secs] 
30613.618: [GC pause (young)
Desired survivor size 67108864 bytes, new threshold 2 (max 32)
- age   1:   37567928 bytes,   37567928 total
- age   2:   36734992 bytes,   74302920 total
, 0.3862520 secs]
   [Parallel Time: 377.4 ms, GC Workers: 2]
      [GC Worker Start (ms): Min: 30613619.5, Avg: 30613619.5, Max: 30613619.5, Diff: 0.0]
      [Ext Root Scanning (ms): Min: 64.0, Avg: 75.2, Max: 86.4, Diff: 22.3, Sum: 150.4]
      [Update RS (ms): Min: 17.8, Avg: 32.1, Max: 46.4, Diff: 28.6, Sum: 64.1]
         [Processed Buffers: Min: 105, Avg: 151.0, Max: 197, Diff: 92, Sum: 302]
      [Scan RS (ms): Min: 65.2, Avg: 65.3, Max: 65.4, Diff: 0.1, Sum: 130.6]
      [Object Copy (ms): Min: 201.5, Avg: 204.6, Max: 207.6, Diff: 6.1, Sum: 409.1]
      [Termination (ms): Min: 0.0, Avg: 0.0, Max: 0.0, Diff: 0.0, Sum: 0.0]
      [GC Worker Other (ms): Min: 0.1, Avg: 0.1, Max: 0.1, Diff: 0.0, Sum: 0.2]
      [GC Worker Total (ms): Min: 377.2, Avg: 377.2, Max: 377.2, Diff: 0.1, Sum: 754.4]
      [GC Worker End (ms): Min: 30613996.7, Avg: 30613996.7, Max: 30613996.7, Diff: 0.0]
   [Code Root Fixup: 0.0 ms]
   [Clear CT: 0.8 ms]
   [Other: 8.1 ms]
      [Choose CSet: 0.0 ms]
      [Ref Proc: 1.9 ms]
      [Ref Enq: 0.0 ms]
      [Free CSet: 3.7 ms]
   [Eden: 656.0M(952.0M)->0.0B(967.0M) Survivors: 72.0M->57.0M Heap: 1966.0M(3072.0M)->1329.0M(3072.0M)]
 [Times: user=0.76 sys=0.01, real=0.39 secs] 
30619.066: [GC pause (young) (initial-mark)
Desired survivor size 67108864 bytes, new threshold 16 (max 32)
- age   1:   25843032 bytes,   25843032 total
- age   2:   32497952 bytes,   58340984 total
, 0.4677960 secs]
   [Parallel Time: 456.6 ms, GC Workers: 2]
      [GC Worker Start (ms): Min: 30619067.9, Avg: 30619067.9, Max: 30619067.9, Diff: 0.0]
      [Ext Root Scanning (ms): Min: 59.6, Avg: 76.4, Max: 93.1, Diff: 33.6, Sum: 152.7]
      [Update RS (ms): Min: 47.8, Avg: 63.3, Max: 78.8, Diff: 31.1, Sum: 126.6]
         [Processed Buffers: Min: 110, Avg: 147.5, Max: 185, Diff: 75, Sum: 295]
      [Scan RS (ms): Min: 66.7, Avg: 66.8, Max: 66.8, Diff: 0.0, Sum: 133.5]
      [Object Copy (ms): Min: 248.6, Avg: 249.8, Max: 251.1, Diff: 2.5, Sum: 499.6]
      [Termination (ms): Min: 0.0, Avg: 0.0, Max: 0.0, Diff: 0.0, Sum: 0.0]
      [GC Worker Other (ms): Min: 0.1, Avg: 0.1, Max: 0.1, Diff: 0.1, Sum: 0.2]
      [GC Worker Total (ms): Min: 456.3, Avg: 456.4, Max: 456.4, Diff: 0.0, Sum: 912.7]
      [GC Worker End (ms): Min: 30619524.2, Avg: 30619524.3, Max: 30619524.3, Diff: 0.0]
   [Code Root Fixup: 0.0 ms]
   [Clear CT: 0.6 ms]
   [Other: 10.6 ms]
      [Choose CSet: 0.0 ms]
      [Ref Proc: 3.2 ms]
      [Ref Enq: 0.0 ms]
      [Free CSet: 4.4 ms]
   [Eden: 956.0M(967.0M)->0.0B(928.0M) Survivors: 57.0M->96.0M Heap: 2298.6M(3072.0M)->1382.2M(3072.0M)]
 [Times: user=0.92 sys=0.00, real=0.47 secs] 
30619.534: [GC concurrent-root-region-scan-start]
30619.862: [GC concurrent-root-region-scan-end, 0.3278250 secs]
30619.862: [GC concurrent-mark-start]
30622.670: [GC concurrent-mark-end, 2.8076940 secs]
30622.672: [GC remark 30622.673: [GC ref-proc, 0.9065120 secs], 0.9803310 secs]
 [Times: user=0.99 sys=0.00, real=0.98 secs] 
30623.656: [GC cleanup 1799M->1562M(3072M), 0.0249250 secs]
 [Times: user=0.05 sys=0.00, real=0.03 secs] 
30623.682: [GC concurrent-cleanup-start]
30623.683: [GC concurrent-cleanup-end, 0.0006410 secs]
30626.244: [GC pause (young)
Desired survivor size 67108864 bytes, new threshold 2 (max 32)
- age   1:   45064672 bytes,   45064672 total
- age   2:   22168128 bytes,   67232800 total
- age   3:   30506272 bytes,   97739072 total
, 0.4350370 secs]
   [Parallel Time: 424.3 ms, GC Workers: 2]
      [GC Worker Start (ms): Min: 30626245.5, Avg: 30626245.6, Max: 30626245.6, Diff: 0.1]
      [Ext Root Scanning (ms): Min: 67.2, Avg: 73.7, Max: 80.2, Diff: 13.0, Sum: 147.4]
      [Update RS (ms): Min: 44.4, Avg: 53.6, Max: 62.8, Diff: 18.5, Sum: 107.2]
         [Processed Buffers: Min: 127, Avg: 208.0, Max: 289, Diff: 162, Sum: 416]
      [Scan RS (ms): Min: 89.8, Avg: 89.8, Max: 89.8, Diff: 0.0, Sum: 179.6]
      [Object Copy (ms): Min: 204.3, Avg: 206.9, Max: 209.5, Diff: 5.2, Sum: 413.9]
      [Termination (ms): Min: 0.0, Avg: 0.1, Max: 0.1, Diff: 0.1, Sum: 0.1]
      [GC Worker Other (ms): Min: 0.1, Avg: 0.1, Max: 0.1, Diff: 0.0, Sum: 0.2]
      [GC Worker Total (ms): Min: 424.1, Avg: 424.2, Max: 424.2, Diff: 0.1, Sum: 848.3]
      [GC Worker End (ms): Min: 30626669.7, Avg: 30626669.7, Max: 30626669.7, Diff: 0.0]
   [Code Root Fixup: 0.0 ms]
   [Clear CT: 0.6 ms]
   [Other: 10.2 ms]
      [Choose CSet: 0.0 ms]
      [Ref Proc: 3.0 ms]
      [Ref Enq: 0.0 ms]
      [Free CSet: 4.1 ms]
   [Eden: 798.0M(928.0M)->0.0B(964.0M) Survivors: 96.0M->60.0M Heap: 2017.9M(3072.0M)->1220.5M(3072.0M)]
 [Times: user=0.86 sys=0.01, real=0.43 secs] 
30632.682: [GC pause (mixed)
Desired survivor size 67108864 bytes, new threshold 16 (max 32)
- age   1:   35093328 bytes,   35093328 total
- age   2:   25448880 bytes,   60542208 total
, 0.6013310 secs]
   [Parallel Time: 588.8 ms, GC Workers: 2]
      [GC Worker Start (ms): Min: 30632684.1, Avg: 30632684.1, Max: 30632684.1, Diff: 0.0]
      [Ext Root Scanning (ms): Min: 68.0, Avg: 74.2, Max: 80.3, Diff: 12.4, Sum: 148.3]
      [Update RS (ms): Min: 32.9, Avg: 41.6, Max: 50.2, Diff: 17.2, Sum: 83.1]
         [Processed Buffers: Min: 119, Avg: 136.0, Max: 153, Diff: 34, Sum: 272]
      [Scan RS (ms): Min: 73.9, Avg: 73.9, Max: 74.0, Diff: 0.1, Sum: 147.8]
      [Object Copy (ms): Min: 396.5, Avg: 399.0, Max: 401.5, Diff: 5.0, Sum: 798.0]
      [Termination (ms): Min: 0.0, Avg: 0.0, Max: 0.0, Diff: 0.0, Sum: 0.0]
      [GC Worker Other (ms): Min: 0.1, Avg: 0.1, Max: 0.1, Diff: 0.0, Sum: 0.2]
      [GC Worker Total (ms): Min: 588.7, Avg: 588.7, Max: 588.7, Diff: 0.0, Sum: 1177.4]
      [GC Worker End (ms): Min: 30633272.8, Avg: 30633272.8, Max: 30633272.8, Diff: 0.0]
   [Code Root Fixup: 0.0 ms]
   [Clear CT: 0.8 ms]
   [Other: 11.8 ms]
      [Choose CSet: 0.5 ms]
      [Ref Proc: 4.3 ms]
      [Ref Enq: 0.1 ms]
      [Free CSet: 4.3 ms]
   [Eden: 964.0M(964.0M)->0.0B(896.0M) Survivors: 60.0M->128.0M Heap: 2237.2M(3072.0M)->1335.2M(3072.0M)]
 [Times: user=1.18 sys=0.01, real=0.61 secs] 
30637.693: [GC pause (young)
Desired survivor size 67108864 bytes, new threshold 1 (max 32)
- age   1:  123009776 bytes,  123009776 total
- age   2:   30503744 bytes,  153513520 total
- age   3:   22896648 bytes,  176410168 total
, 0.6162110 secs]
   [Parallel Time: 604.7 ms, GC Workers: 2]
      [GC Worker Start (ms): Min: 30637694.0, Avg: 30637694.0, Max: 30637694.0, Diff: 0.0]
      [Ext Root Scanning (ms): Min: 67.5, Avg: 73.4, Max: 79.4, Diff: 11.9, Sum: 146.9]
      [Update RS (ms): Min: 30.0, Avg: 38.3, Max: 46.7, Diff: 16.8, Sum: 76.7]
         [Processed Buffers: Min: 67, Avg: 150.5, Max: 234, Diff: 167, Sum: 301]
      [Scan RS (ms): Min: 117.8, Avg: 117.9, Max: 118.0, Diff: 0.2, Sum: 235.8]
      [Object Copy (ms): Min: 372.5, Avg: 374.8, Max: 377.1, Diff: 4.7, Sum: 749.6]
      [Termination (ms): Min: 0.0, Avg: 0.0, Max: 0.0, Diff: 0.0, Sum: 0.0]
      [GC Worker Other (ms): Min: 0.1, Avg: 0.1, Max: 0.1, Diff: 0.0, Sum: 0.2]
      [GC Worker Total (ms): Min: 604.6, Avg: 604.6, Max: 604.6, Diff: 0.1, Sum: 1209.2]
      [GC Worker End (ms): Min: 30638298.6, Avg: 30638298.6, Max: 30638298.6, Diff: 0.0]
   [Code Root Fixup: 0.0 ms]
   [Clear CT: 0.9 ms]
   [Other: 10.6 ms]
      [Choose CSet: 0.0 ms]
      [Ref Proc: 3.0 ms]
      [Ref Enq: 0.0 ms]
      [Free CSet: 4.2 ms]
   [Eden: 896.0M(896.0M)->0.0B(955.0M) Survivors: 128.0M->69.0M Heap: 2253.4M(3072.0M)->1398.4M(3072.0M)]
 [Times: user=1.21 sys=0.01, real=0.62 secs] 
30638.887: [GC pause (young) (initial-mark)
Desired survivor size 67108864 bytes, new threshold 1 (max 32)
- age   1:   70053704 bytes,   70053704 total
, 0.2702130 secs]
   [Parallel Time: 266.0 ms, GC Workers: 2]
      [GC Worker Start (ms): Min: 30638888.6, Avg: 30638888.6, Max: 30638888.6, Diff: 0.0]
      [Ext Root Scanning (ms): Min: 71.0, Avg: 78.8, Max: 86.5, Diff: 15.5, Sum: 157.5]
      [Update RS (ms): Min: 8.4, Avg: 24.8, Max: 41.3, Diff: 32.8, Sum: 49.7]
         [Processed Buffers: Min: 120, Avg: 120.5, Max: 121, Diff: 1, Sum: 241]
      [Scan RS (ms): Min: 20.9, Avg: 20.9, Max: 20.9, Diff: 0.0, Sum: 41.8]
      [Object Copy (ms): Min: 131.9, Avg: 140.5, Max: 149.2, Diff: 17.3, Sum: 281.1]
      [Termination (ms): Min: 0.7, Avg: 0.7, Max: 0.7, Diff: 0.0, Sum: 1.5]
      [GC Worker Other (ms): Min: 0.1, Avg: 0.1, Max: 0.1, Diff: 0.0, Sum: 0.2]
      [GC Worker Total (ms): Min: 265.8, Avg: 265.8, Max: 265.9, Diff: 0.0, Sum: 531.7]
      [GC Worker End (ms): Min: 30639154.5, Avg: 30639154.5, Max: 30639154.5, Diff: 0.0]
   [Code Root Fixup: 0.0 ms]
   [Clear CT: 0.3 ms]
   [Other: 3.9 ms]
      [Choose CSet: 0.0 ms]
      [Ref Proc: 0.6 ms]
      [Ref Enq: 0.0 ms]
      [Free CSet: 0.7 ms]
   [Eden: 109.0M(955.0M)->0.0B(1013.0M) Survivors: 69.0M->11.0M Heap: 1506.7M(3072.0M)->1386.9M(3072.0M)]
 [Times: user=0.53 sys=0.00, real=0.27 secs] 
30639.158: [GC concurrent-root-region-scan-start]
30639.238: [GC concurrent-root-region-scan-end, 0.0804310 secs]
30639.238: [GC concurrent-mark-start]
30640.934: [GC concurrent-mark-end, 1.6961260 secs]
30640.936: [GC remark 30640.937: [GC ref-proc, 0.1151070 secs], 0.1865950 secs]
 [Times: user=0.19 sys=0.00, real=0.18 secs] 
30641.124: [GC cleanup 1653M->1378M(3072M), 0.0260640 secs]
 [Times: user=0.05 sys=0.00, real=0.02 secs] 
30641.151: [GC concurrent-cleanup-start]
30641.151: [GC concurrent-cleanup-end, 0.0007520 secs]
30645.146: [GC pause (young)
Desired survivor size 67108864 bytes, new threshold 16 (max 32)
- age   1:    8419464 bytes,    8419464 total
, 0.2630650 secs]
   [Parallel Time: 249.9 ms, GC Workers: 2]
      [GC Worker Start (ms): Min: 30645147.7, Avg: 30645147.8, Max: 30645147.8, Diff: 0.0]
      [Ext Root Scanning (ms): Min: 63.4, Avg: 71.9, Max: 80.4, Diff: 17.0, Sum: 143.8]
      [Update RS (ms): Min: 31.5, Avg: 42.6, Max: 53.7, Diff: 22.2, Sum: 85.1]
         [Processed Buffers: Min: 84, Avg: 145.0, Max: 206, Diff: 122, Sum: 290]
      [Scan RS (ms): Min: 24.0, Avg: 24.2, Max: 24.4, Diff: 0.4, Sum: 48.3]
      [Object Copy (ms): Min: 108.6, Avg: 111.0, Max: 113.4, Diff: 4.8, Sum: 222.0]
      [Termination (ms): Min: 0.0, Avg: 0.0, Max: 0.0, Diff: 0.0, Sum: 0.0]
      [GC Worker Other (ms): Min: 0.1, Avg: 0.1, Max: 0.1, Diff: 0.0, Sum: 0.2]
      [GC Worker Total (ms): Min: 249.8, Avg: 249.8, Max: 249.8, Diff: 0.0, Sum: 499.6]
      [GC Worker End (ms): Min: 30645397.5, Avg: 30645397.5, Max: 30645397.6, Diff: 0.0]
   [Code Root Fixup: 0.0 ms]
   [Clear CT: 0.7 ms]
   [Other: 12.5 ms]
      [Choose CSet: 0.0 ms]
      [Ref Proc: 7.0 ms]
      [Ref Enq: 0.1 ms]
      [Free CSet: 3.4 ms]
   [Eden: 1013.0M(1013.0M)->0.0B(977.0M) Survivors: 11.0M->47.0M Heap: 2130.0M(3072.0M)->1153.0M(3072.0M)]
 [Times: user=0.51 sys=0.00, real=0.26 secs] 
30650.920: [GC pause (mixed)
Desired survivor size 67108864 bytes, new threshold 16 (max 32)
- age   1:   41673024 bytes,   41673024 total
- age   2:    4288560 bytes,   45961584 total
, 0.4139580 secs]
   [Parallel Time: 398.3 ms, GC Workers: 2]
      [GC Worker Start (ms): Min: 30650922.8, Avg: 30650922.8, Max: 30650922.8, Diff: 0.0]
      [Ext Root Scanning (ms): Min: 64.4, Avg: 72.7, Max: 81.0, Diff: 16.6, Sum: 145.3]
      [Update RS (ms): Min: 33.0, Avg: 44.0, Max: 55.0, Diff: 22.1, Sum: 88.0]
         [Processed Buffers: Min: 128, Avg: 146.0, Max: 164, Diff: 36, Sum: 292]
      [Scan RS (ms): Min: 85.2, Avg: 85.2, Max: 85.3, Diff: 0.2, Sum: 170.5]
      [Object Copy (ms): Min: 193.5, Avg: 196.2, Max: 198.8, Diff: 5.3, Sum: 392.3]
      [Termination (ms): Min: 0.0, Avg: 0.0, Max: 0.0, Diff: 0.0, Sum: 0.0]
      [GC Worker Other (ms): Min: 0.1, Avg: 0.1, Max: 0.1, Diff: 0.0, Sum: 0.2]
      [GC Worker Total (ms): Min: 398.2, Avg: 398.2, Max: 398.2, Diff: 0.0, Sum: 796.4]
      [GC Worker End (ms): Min: 30651320.9, Avg: 30651320.9, Max: 30651321.0, Diff: 0.0]
   [Code Root Fixup: 0.0 ms]
   [Clear CT: 1.2 ms]
   [Other: 14.4 ms]
      [Choose CSet: 1.7 ms]
      [Ref Proc: 5.1 ms]
      [Ref Enq: 0.1 ms]
      [Free CSet: 5.3 ms]
   [Eden: 977.0M(977.0M)->0.0B(939.0M) Survivors: 47.0M->85.0M Heap: 2130.5M(3072.0M)->959.0M(3072.0M)]
 [Times: user=0.81 sys=0.00, real=0.41 secs] 
30656.934: [GC pause (mixed)
Desired survivor size 67108864 bytes, new threshold 2 (max 32)
- age   1:   57622816 bytes,   57622816 total
- age   2:   23894000 bytes,   81516816 total
- age   3:    4224128 bytes,   85740944 total
, 0.4024790 secs]
   [Parallel Time: 386.8 ms, GC Workers: 2]
      [GC Worker Start (ms): Min: 30656936.5, Avg: 30656936.5, Max: 30656936.5, Diff: 0.0]
      [Ext Root Scanning (ms): Min: 59.9, Avg: 74.9, Max: 89.8, Diff: 29.9, Sum: 149.7]
      [Update RS (ms): Min: 12.8, Avg: 26.3, Max: 39.8, Diff: 27.0, Sum: 52.6]
         [Processed Buffers: Min: 97, Avg: 140.0, Max: 183, Diff: 86, Sum: 280]
      [Scan RS (ms): Min: 99.0, Avg: 99.0, Max: 99.1, Diff: 0.1, Sum: 198.1]
      [Object Copy (ms): Min: 184.8, Avg: 186.3, Max: 187.8, Diff: 3.0, Sum: 372.6]
      [Termination (ms): Min: 0.0, Avg: 0.0, Max: 0.0, Diff: 0.0, Sum: 0.0]
      [GC Worker Other (ms): Min: 0.1, Avg: 0.1, Max: 0.1, Diff: 0.0, Sum: 0.2]
      [GC Worker Total (ms): Min: 386.6, Avg: 386.6, Max: 386.7, Diff: 0.1, Sum: 773.3]
      [GC Worker End (ms): Min: 30657323.1, Avg: 30657323.1, Max: 30657323.1, Diff: 0.0]
   [Code Root Fixup: 0.0 ms]
   [Clear CT: 0.9 ms]
   [Other: 14.7 ms]
      [Choose CSet: 1.5 ms]
      [Ref Proc: 5.3 ms]
      [Ref Enq: 0.1 ms]
      [Free CSet: 5.3 ms]
   [Eden: 939.0M(939.0M)->0.0B(966.0M) Survivors: 85.0M->58.0M Heap: 1917.5M(3072.0M)->879.5M(3072.0M)]
 [Times: user=0.79 sys=0.00, real=0.40 secs] 
30662.958: [GC pause (mixed)
Desired survivor size 67108864 bytes, new threshold 16 (max 32)
- age   1:   34859520 bytes,   34859520 total
- age   2:   22691744 bytes,   57551264 total
, 0.3265560 secs]
   [Parallel Time: 315.9 ms, GC Workers: 2]
      [GC Worker Start (ms): Min: 30662959.4, Avg: 30662959.4, Max: 30662959.4, Diff: 0.0]
      [Ext Root Scanning (ms): Min: 64.7, Avg: 74.7, Max: 84.7, Diff: 19.9, Sum: 149.4]
      [Update RS (ms): Min: 13.8, Avg: 26.3, Max: 38.8, Diff: 25.0, Sum: 52.6]
         [Processed Buffers: Min: 124, Avg: 147.5, Max: 171, Diff: 47, Sum: 295]
      [Scan RS (ms): Min: 46.0, Avg: 46.1, Max: 46.2, Diff: 0.1, Sum: 92.2]
      [Object Copy (ms): Min: 166.0, Avg: 168.6, Max: 171.3, Diff: 5.2, Sum: 337.3]
      [Termination (ms): Min: 0.0, Avg: 0.0, Max: 0.0, Diff: 0.0, Sum: 0.0]
      [GC Worker Other (ms): Min: 0.1, Avg: 0.1, Max: 0.1, Diff: 0.0, Sum: 0.3]
      [GC Worker Total (ms): Min: 315.8, Avg: 315.8, Max: 315.9, Diff: 0.0, Sum: 631.7]
      [GC Worker End (ms): Min: 30663275.2, Avg: 30663275.3, Max: 30663275.3, Diff: 0.0]
   [Code Root Fixup: 0.0 ms]
   [Clear CT: 0.9 ms]
   [Other: 9.7 ms]
      [Choose CSet: 0.4 ms]
      [Ref Proc: 4.5 ms]
      [Ref Enq: 0.1 ms]
      [Free CSet: 2.6 ms]
   [Eden: 966.0M(966.0M)->0.0B(943.0M) Survivors: 58.0M->81.0M Heap: 1870.0M(3072.0M)->910.0M(3072.0M)]
 [Times: user=0.64 sys=0.00, real=0.33 secs] 
30668.591: [GC pause (young)
Desired survivor size 67108864 bytes, new threshold 3 (max 32)
- age   1:   39417304 bytes,   39417304 total
- age   2:   24255792 bytes,   63673096 total
- age   3:   17853560 bytes,   81526656 total
, 0.3060360 secs]
   [Parallel Time: 295.4 ms, GC Workers: 2]
      [GC Worker Start (ms): Min: 30668592.3, Avg: 30668592.3, Max: 30668592.4, Diff: 0.2]
      [Ext Root Scanning (ms): Min: 64.3, Avg: 73.7, Max: 83.1, Diff: 18.7, Sum: 147.4]
      [Update RS (ms): Min: 7.0, Avg: 19.1, Max: 31.1, Diff: 24.2, Sum: 38.1]
         [Processed Buffers: Min: 71, Avg: 179.5, Max: 288, Diff: 217, Sum: 359]
      [Scan RS (ms): Min: 31.8, Avg: 31.9, Max: 31.9, Diff: 0.1, Sum: 63.8]
      [Object Copy (ms): Min: 167.5, Avg: 170.4, Max: 173.2, Diff: 5.7, Sum: 340.7]
      [Termination (ms): Min: 0.0, Avg: 0.0, Max: 0.0, Diff: 0.0, Sum: 0.0]
      [GC Worker Other (ms): Min: 0.1, Avg: 0.1, Max: 0.1, Diff: 0.0, Sum: 0.2]
      [GC Worker Total (ms): Min: 295.1, Avg: 295.1, Max: 295.2, Diff: 0.2, Sum: 590.3]
      [GC Worker End (ms): Min: 30668887.5, Avg: 30668887.5, Max: 30668887.5, Diff: 0.0]
   [Code Root Fixup: 0.0 ms]
   [Clear CT: 0.9 ms]
   [Other: 9.7 ms]
      [Choose CSet: 0.0 ms]
      [Ref Proc: 5.2 ms]
      [Ref Enq: 0.1 ms]
      [Free CSet: 2.7 ms]
   [Eden: 943.0M(943.0M)->0.0B(954.0M) Survivors: 81.0M->70.0M Heap: 1876.7M(3072.0M)->938.2M(3072.0M)]
 [Times: user=0.60 sys=0.00, real=0.30 secs] 
30674.099: [GC pause (young)
Desired survivor size 67108864 bytes, new threshold 3 (max 32)
- age   1:   35498000 bytes,   35498000 total
- age   2:   13023688 bytes,   48521688 total
- age   3:   21678136 bytes,   70199824 total
, 0.5283770 secs]
   [Parallel Time: 519.0 ms, GC Workers: 2]
      [GC Worker Start (ms): Min: 30674100.1, Avg: 30674100.1, Max: 30674100.1, Diff: 0.0]
      [Ext Root Scanning (ms): Min: 68.8, Avg: 78.1, Max: 87.3, Diff: 18.5, Sum: 156.2]
      [Update RS (ms): Min: 24.7, Avg: 36.8, Max: 48.8, Diff: 24.0, Sum: 73.5]
         [Processed Buffers: Min: 142, Avg: 170.0, Max: 198, Diff: 56, Sum: 340]
      [Scan RS (ms): Min: 22.6, Avg: 22.6, Max: 22.6, Diff: 0.0, Sum: 45.3]
      [Object Copy (ms): Min: 378.5, Avg: 381.3, Max: 384.1, Diff: 5.5, Sum: 762.6]
      [Termination (ms): Min: 0.0, Avg: 0.0, Max: 0.0, Diff: 0.0, Sum: 0.0]
      [GC Worker Other (ms): Min: 0.1, Avg: 0.1, Max: 0.1, Diff: 0.0, Sum: 0.3]
      [GC Worker Total (ms): Min: 518.9, Avg: 518.9, Max: 518.9, Diff: 0.0, Sum: 1037.8]
      [GC Worker End (ms): Min: 30674619.0, Avg: 30674619.0, Max: 30674619.0, Diff: 0.0]
   [Code Root Fixup: 0.0 ms]
   [Clear CT: 0.8 ms]
   [Other: 8.5 ms]
      [Choose CSet: 0.0 ms]
      [Ref Proc: 4.7 ms]
      [Ref Enq: 0.1 ms]
      [Free CSet: 2.1 ms]
   [Eden: 954.0M(954.0M)->0.0B(896.0M) Survivors: 70.0M->128.0M Heap: 1932.6M(3072.0M)->1068.1M(3072.0M)]
 [Times: user=1.04 sys=0.00, real=0.52 secs] 
30679.443: [GC pause (young)
Desired survivor size 67108864 bytes, new threshold 1 (max 32)
- age   1:  106086048 bytes,  106086048 total
- age   2:   23663600 bytes,  129749648 total
- age   3:   10517232 bytes,  140266880 total
, 0.6471660 secs]
   [Parallel Time: 638.8 ms, GC Workers: 2]
      [GC Worker Start (ms): Min: 30679443.7, Avg: 30679443.7, Max: 30679443.7, Diff: 0.0]
      [Ext Root Scanning (ms): Min: 68.4, Avg: 75.7, Max: 82.9, Diff: 14.5, Sum: 151.3]
      [Update RS (ms): Min: 80.4, Avg: 90.3, Max: 100.3, Diff: 19.8, Sum: 180.7]
         [Processed Buffers: Min: 162, Avg: 177.5, Max: 193, Diff: 31, Sum: 355]
      [Scan RS (ms): Min: 28.8, Avg: 28.8, Max: 28.9, Diff: 0.0, Sum: 57.7]
      [Object Copy (ms): Min: 441.0, Avg: 443.6, Max: 446.3, Diff: 5.3, Sum: 887.3]
      [Termination (ms): Min: 0.0, Avg: 0.0, Max: 0.0, Diff: 0.0, Sum: 0.0]
      [GC Worker Other (ms): Min: 0.1, Avg: 0.1, Max: 0.1, Diff: 0.0, Sum: 0.2]
      [GC Worker Total (ms): Min: 638.6, Avg: 638.6, Max: 638.6, Diff: 0.0, Sum: 1277.2]
      [GC Worker End (ms): Min: 30680082.3, Avg: 30680082.3, Max: 30680082.3, Diff: 0.0]
   [Code Root Fixup: 0.0 ms]
   [Clear CT: 0.6 ms]
   [Other: 7.8 ms]
      [Choose CSet: 0.0 ms]
      [Ref Proc: 3.1 ms]
      [Ref Enq: 0.1 ms]
      [Free CSet: 2.1 ms]
   [Eden: 896.0M(896.0M)->0.0B(951.0M) Survivors: 128.0M->73.0M Heap: 1967.6M(3072.0M)->1128.1M(3072.0M)]
 [Times: user=1.28 sys=0.00, real=0.65 secs] 
30685.319: [GC pause (young)
Desired survivor size 67108864 bytes, new threshold 1 (max 32)
- age   1:   73756576 bytes,   73756576 total
, 0.4440960 secs]
   [Parallel Time: 432.5 ms, GC Workers: 2]
      [GC Worker Start (ms): Min: 30685319.9, Avg: 30685319.9, Max: 30685319.9, Diff: 0.0]
      [Ext Root Scanning (ms): Min: 63.9, Avg: 73.3, Max: 82.8, Diff: 19.0, Sum: 146.7]
      [Update RS (ms): Min: 58.7, Avg: 70.6, Max: 82.6, Diff: 24.0, Sum: 141.3]
         [Processed Buffers: Min: 171, Avg: 172.5, Max: 174, Diff: 3, Sum: 345]
      [Scan RS (ms): Min: 54.5, Avg: 54.6, Max: 54.7, Diff: 0.3, Sum: 109.2]
      [Object Copy (ms): Min: 231.1, Avg: 233.8, Max: 236.4, Diff: 5.3, Sum: 467.5]
      [Termination (ms): Min: 0.0, Avg: 0.0, Max: 0.0, Diff: 0.0, Sum: 0.0]
      [GC Worker Other (ms): Min: 0.1, Avg: 0.1, Max: 0.1, Diff: 0.1, Sum: 0.2]
      [GC Worker Total (ms): Min: 432.4, Avg: 432.4, Max: 432.5, Diff: 0.0, Sum: 864.9]
      [GC Worker End (ms): Min: 30685752.3, Avg: 30685752.3, Max: 30685752.3, Diff: 0.0]
   [Code Root Fixup: 0.0 ms]
   [Clear CT: 0.7 ms]
   [Other: 10.8 ms]
      [Choose CSet: 0.0 ms]
      [Ref Proc: 4.5 ms]
      [Ref Enq: 0.1 ms]
      [Free CSet: 3.6 ms]
   [Eden: 951.0M(951.0M)->0.0B(984.0M) Survivors: 73.0M->40.0M Heap: 2103.8M(3072.0M)->1177.7M(3072.0M)]
 [Times: user=0.87 sys=0.01, real=0.45 secs] 
30691.573: [GC pause (young)
Desired survivor size 67108864 bytes, new threshold 16 (max 32)
- age   1:   39301176 bytes,   39301176 total
, 0.4468260 secs]
   [Parallel Time: 434.8 ms, GC Workers: 2]
      [GC Worker Start (ms): Min: 30691574.6, Avg: 30691574.6, Max: 30691574.6, Diff: 0.0]
      [Ext Root Scanning (ms): Min: 67.2, Avg: 74.9, Max: 82.5, Diff: 15.3, Sum: 149.8]
      [Update RS (ms): Min: 65.3, Avg: 75.6, Max: 85.9, Diff: 20.6, Sum: 151.1]
         [Processed Buffers: Min: 143, Avg: 162.5, Max: 182, Diff: 39, Sum: 325]
      [Scan RS (ms): Min: 50.2, Avg: 50.3, Max: 50.5, Diff: 0.4, Sum: 100.7]
      [Object Copy (ms): Min: 231.3, Avg: 233.7, Max: 236.2, Diff: 5.0, Sum: 467.5]
      [Termination (ms): Min: 0.0, Avg: 0.0, Max: 0.0, Diff: 0.0, Sum: 0.0]
      [GC Worker Other (ms): Min: 0.1, Avg: 0.1, Max: 0.1, Diff: 0.0, Sum: 0.2]
      [GC Worker Total (ms): Min: 434.6, Avg: 434.6, Max: 434.7, Diff: 0.0, Sum: 869.3]
      [GC Worker End (ms): Min: 30692009.2, Avg: 30692009.2, Max: 30692009.2, Diff: 0.0]
   [Code Root Fixup: 0.0 ms]
   [Clear CT: 0.7 ms]
   [Other: 11.4 ms]
      [Choose CSet: 0.0 ms]
      [Ref Proc: 4.8 ms]
      [Ref Enq: 0.1 ms]
      [Free CSet: 4.1 ms]
   [Eden: 984.0M(984.0M)->0.0B(930.0M) Survivors: 40.0M->94.0M Heap: 2162.2M(3072.0M)->1232.7M(3072.0M)]
 [Times: user=0.88 sys=0.00, real=0.45 secs] 
30696.853: [GC pause (young)
Desired survivor size 67108864 bytes, new threshold 2 (max 32)
- age   1:   63062840 bytes,   63062840 total
- age   2:   31456296 bytes,   94519136 total
, 0.5784590 secs]
   [Parallel Time: 566.1 ms, GC Workers: 2]
      [GC Worker Start (ms): Min: 30696854.6, Avg: 30696854.6, Max: 30696854.7, Diff: 0.1]
      [Ext Root Scanning (ms): Min: 68.2, Avg: 74.4, Max: 80.5, Diff: 12.3, Sum: 148.8]
      [Update RS (ms): Min: 54.7, Avg: 63.2, Max: 71.7, Diff: 17.0, Sum: 126.5]
         [Processed Buffers: Min: 131, Avg: 182.5, Max: 234, Diff: 103, Sum: 365]
      [Scan RS (ms): Min: 67.3, Avg: 67.4, Max: 67.5, Diff: 0.3, Sum: 134.8]
      [Object Copy (ms): Min: 358.3, Avg: 360.8, Max: 363.3, Diff: 5.0, Sum: 721.5]
      [Termination (ms): Min: 0.0, Avg: 0.0, Max: 0.0, Diff: 0.0, Sum: 0.0]
      [GC Worker Other (ms): Min: 0.1, Avg: 0.1, Max: 0.2, Diff: 0.0, Sum: 0.3]
      [GC Worker Total (ms): Min: 565.9, Avg: 565.9, Max: 566.0, Diff: 0.1, Sum: 1131.9]
      [GC Worker End (ms): Min: 30697420.6, Avg: 30697420.6, Max: 30697420.6, Diff: 0.0]
   [Code Root Fixup: 0.0 ms]
   [Clear CT: 0.6 ms]
   [Other: 11.7 ms]
      [Choose CSet: 0.0 ms]
      [Ref Proc: 4.2 ms]
      [Ref Enq: 0.1 ms]
      [Free CSet: 4.7 ms]
   [Eden: 930.0M(930.0M)->0.0B(901.0M) Survivors: 94.0M->123.0M Heap: 2169.7M(3072.0M)->1298.0M(3072.0M)]
 [Times: user=1.13 sys=0.00, real=0.58 secs] 
30701.855: [GC pause (young)
Desired survivor size 67108864 bytes, new threshold 1 (max 32)
- age   1:   70884600 bytes,   70884600 total
- age   2:   54138632 bytes,  125023232 total
, 0.7033680 secs]
   [Parallel Time: 692.6 ms, GC Workers: 2]
      [GC Worker Start (ms): Min: 30701856.8, Avg: 30701856.8, Max: 30701856.9, Diff: 0.0]
      [Ext Root Scanning (ms): Min: 64.6, Avg: 74.4, Max: 84.2, Diff: 19.6, Sum: 148.8]
      [Update RS (ms): Min: 76.0, Avg: 89.2, Max: 102.4, Diff: 26.4, Sum: 178.3]
         [Processed Buffers: Min: 59, Avg: 158.5, Max: 258, Diff: 199, Sum: 317]
      [Scan RS (ms): Min: 78.1, Avg: 78.2, Max: 78.3, Diff: 0.2, Sum: 156.4]
      [Object Copy (ms): Min: 447.2, Avg: 450.5, Max: 453.9, Diff: 6.7, Sum: 901.1]
      [Termination (ms): Min: 0.0, Avg: 0.1, Max: 0.1, Diff: 0.1, Sum: 0.1]
      [GC Worker Other (ms): Min: 0.1, Avg: 0.1, Max: 0.1, Diff: 0.0, Sum: 0.2]
      [GC Worker Total (ms): Min: 692.4, Avg: 692.5, Max: 692.5, Diff: 0.0, Sum: 1384.9]
      [GC Worker End (ms): Min: 30702549.3, Avg: 30702549.3, Max: 30702549.3, Diff: 0.0]
   [Code Root Fixup: 0.0 ms]
   [Clear CT: 0.8 ms]
   [Other: 10.0 ms]
      [Choose CSet: 0.0 ms]
      [Ref Proc: 2.3 ms]
      [Ref Enq: 0.0 ms]
      [Free CSet: 4.2 ms]
   [Eden: 901.0M(901.0M)->0.0B(946.0M) Survivors: 123.0M->78.0M Heap: 2226.1M(3072.0M)->1386.5M(3072.0M)]
 [Times: user=1.38 sys=0.01, real=0.70 secs] 
30702.853: [GC pause (young) (initial-mark)
Desired survivor size 67108864 bytes, new threshold 1 (max 32)
- age   1:   79424688 bytes,   79424688 total
, 0.4033230 secs]
   [Parallel Time: 399.1 ms, GC Workers: 2]
      [GC Worker Start (ms): Min: 30702854.1, Avg: 30702854.1, Max: 30702854.1, Diff: 0.0]
      [Ext Root Scanning (ms): Min: 61.8, Avg: 76.5, Max: 91.2, Diff: 29.4, Sum: 153.0]
      [Update RS (ms): Min: 92.9, Avg: 105.0, Max: 117.2, Diff: 24.3, Sum: 210.1]
         [Processed Buffers: Min: 140, Avg: 181.0, Max: 222, Diff: 82, Sum: 362]
      [Scan RS (ms): Min: 18.1, Avg: 18.1, Max: 18.2, Diff: 0.1, Sum: 36.2]
      [Object Copy (ms): Min: 196.6, Avg: 199.2, Max: 201.7, Diff: 5.1, Sum: 398.3]
      [Termination (ms): Min: 0.0, Avg: 0.0, Max: 0.0, Diff: 0.0, Sum: 0.0]
      [GC Worker Other (ms): Min: 0.1, Avg: 0.1, Max: 0.2, Diff: 0.1, Sum: 0.3]
      [GC Worker Total (ms): Min: 399.0, Avg: 399.0, Max: 399.0, Diff: 0.0, Sum: 798.0]
      [GC Worker End (ms): Min: 30703253.1, Avg: 30703253.1, Max: 30703253.1, Diff: 0.0]
   [Code Root Fixup: 0.0 ms]
   [Clear CT: 0.4 ms]
   [Other: 3.8 ms]
      [Choose CSet: 0.0 ms]
      [Ref Proc: 0.5 ms]
      [Ref Enq: 0.0 ms]
      [Free CSet: 0.6 ms]
   [Eden: 53.0M(946.0M)->0.0B(1017.0M) Survivors: 78.0M->7168.0K Heap: 1438.6M(3072.0M)->1390.0M(3072.0M)]
 [Times: user=0.80 sys=0.00, real=0.41 secs] 
30703.257: [GC concurrent-root-region-scan-start]
30703.272: [GC concurrent-root-region-scan-end, 0.0148640 secs]
30703.272: [GC concurrent-mark-start]
30706.347: [GC concurrent-mark-end, 3.0758640 secs]
30706.350: [GC remark 30706.353: [GC ref-proc, 0.3209360 secs], 0.3927550 secs]
 [Times: user=0.40 sys=0.00, real=0.39 secs] 
30706.746: [GC cleanup 1907M->1712M(3072M), 0.0282440 secs]
 [Times: user=0.06 sys=0.00, real=0.02 secs] 
30706.775: [GC concurrent-cleanup-start]
30706.775: [GC concurrent-cleanup-end, 0.0004510 secs]
30709.512: [GC pause (young)
Desired survivor size 67108864 bytes, new threshold 16 (max 32)
- age   1:    5933536 bytes,    5933536 total
, 0.3997640 secs]
   [Parallel Time: 384.2 ms, GC Workers: 2]
      [GC Worker Start (ms): Min: 30709514.0, Avg: 30709514.0, Max: 30709514.0, Diff: 0.0]
      [Ext Root Scanning (ms): Min: 67.7, Avg: 77.7, Max: 87.7, Diff: 20.0, Sum: 155.3]
      [Update RS (ms): Min: 50.7, Avg: 63.7, Max: 76.6, Diff: 25.9, Sum: 127.4]
         [Processed Buffers: Min: 62, Avg: 158.0, Max: 254, Diff: 192, Sum: 316]
      [Scan RS (ms): Min: 73.7, Avg: 73.9, Max: 74.1, Diff: 0.4, Sum: 147.8]
      [Object Copy (ms): Min: 166.0, Avg: 168.8, Max: 171.5, Diff: 5.5, Sum: 337.5]
      [Termination (ms): Min: 0.0, Avg: 0.0, Max: 0.0, Diff: 0.0, Sum: 0.0]
      [GC Worker Other (ms): Min: 0.1, Avg: 0.1, Max: 0.1, Diff: 0.0, Sum: 0.2]
      [GC Worker Total (ms): Min: 384.1, Avg: 384.1, Max: 384.2, Diff: 0.0, Sum: 768.3]
      [GC Worker End (ms): Min: 30709898.1, Avg: 30709898.2, Max: 30709898.2, Diff: 0.0]
   [Code Root Fixup: 0.0 ms]
   [Clear CT: 0.8 ms]
   [Other: 14.7 ms]
      [Choose CSet: 0.0 ms]
      [Ref Proc: 3.4 ms]
      [Ref Enq: 0.1 ms]
      [Free CSet: 8.1 ms]
   [Eden: 1017.0M(1017.0M)->0.0B(967.0M) Survivors: 7168.0K->57.0M Heap: 2221.0M(3072.0M)->1254.0M(3072.0M)]
 [Times: user=0.78 sys=0.00, real=0.40 secs] 
30714.745: [GC pause (mixed)
Desired survivor size 67108864 bytes, new threshold 16 (max 32)
- age   1:   54897936 bytes,   54897936 total
- age   2:    2583864 bytes,   57481800 total
, 0.4609610 secs]
   [Parallel Time: 448.4 ms, GC Workers: 2]
      [GC Worker Start (ms): Min: 30714747.2, Avg: 30714747.2, Max: 30714747.2, Diff: 0.0]
      [Ext Root Scanning (ms): Min: 62.2, Avg: 71.6, Max: 80.9, Diff: 18.6, Sum: 143.1]
      [Update RS (ms): Min: 39.8, Avg: 51.8, Max: 63.8, Diff: 24.1, Sum: 103.6]
         [Processed Buffers: Min: 130, Avg: 142.5, Max: 155, Diff: 25, Sum: 285]
      [Scan RS (ms): Min: 94.2, Avg: 94.3, Max: 94.3, Diff: 0.1, Sum: 188.6]
      [Object Copy (ms): Min: 227.9, Avg: 230.6, Max: 233.4, Diff: 5.5, Sum: 461.2]
      [Termination (ms): Min: 0.0, Avg: 0.0, Max: 0.0, Diff: 0.0, Sum: 0.0]
      [GC Worker Other (ms): Min: 0.1, Avg: 0.1, Max: 0.1, Diff: 0.0, Sum: 0.2]
      [GC Worker Total (ms): Min: 448.3, Avg: 448.3, Max: 448.4, Diff: 0.0, Sum: 896.7]
      [GC Worker End (ms): Min: 30715195.6, Avg: 30715195.6, Max: 30715195.6, Diff: 0.0]
   [Code Root Fixup: 0.0 ms]
   [Clear CT: 0.8 ms]
   [Other: 11.7 ms]
      [Choose CSet: 0.4 ms]
      [Ref Proc: 2.5 ms]
      [Ref Enq: 0.0 ms]
      [Free CSet: 6.0 ms]
   [Eden: 967.0M(967.0M)->0.0B(927.0M) Survivors: 57.0M->97.0M Heap: 2289.6M(3072.0M)->1286.1M(3072.0M)]
 [Times: user=0.91 sys=0.00, real=0.46 secs] 
30720.837: [GC pause (mixed)
Desired survivor size 67108864 bytes, new threshold 2 (max 32)
- age   1:   48794536 bytes,   48794536 total
- age   2:   48575640 bytes,   97370176 total
- age   3:    2536032 bytes,   99906208 total
, 0.6096540 secs]
   [Parallel Time: 593.6 ms, GC Workers: 2]
      [GC Worker Start (ms): Min: 30720839.8, Avg: 30720839.8, Max: 30720839.8, Diff: 0.0]
      [Ext Root Scanning (ms): Min: 64.7, Avg: 72.6, Max: 80.5, Diff: 15.8, Sum: 145.1]
      [Update RS (ms): Min: 37.3, Avg: 47.6, Max: 58.0, Diff: 20.7, Sum: 95.3]
         [Processed Buffers: Min: 36, Avg: 134.5, Max: 233, Diff: 197, Sum: 269]
      [Scan RS (ms): Min: 137.6, Avg: 137.7, Max: 137.9, Diff: 0.3, Sum: 275.5]
      [Object Copy (ms): Min: 332.9, Avg: 335.5, Max: 338.1, Diff: 5.2, Sum: 671.1]
      [Termination (ms): Min: 0.0, Avg: 0.0, Max: 0.0, Diff: 0.0, Sum: 0.0]
      [GC Worker Other (ms): Min: 0.1, Avg: 0.1, Max: 0.1, Diff: 0.0, Sum: 0.2]
      [GC Worker Total (ms): Min: 593.5, Avg: 593.5, Max: 593.6, Diff: 0.0, Sum: 1187.1]
      [GC Worker End (ms): Min: 30721433.3, Avg: 30721433.4, Max: 30721433.4, Diff: 0.0]
   [Code Root Fixup: 0.0 ms]
   [Clear CT: 0.8 ms]
   [Other: 15.2 ms]
      [Choose CSet: 0.9 ms]
      [Ref Proc: 3.9 ms]
      [Ref Enq: 0.1 ms]
      [Free CSet: 7.4 ms]
   [Eden: 927.0M(927.0M)->0.0B(932.0M) Survivors: 97.0M->92.0M Heap: 2222.6M(3072.0M)->1260.6M(3072.0M)]
 [Times: user=1.20 sys=0.00, real=0.61 secs] 
30727.035: [GC pause (mixed)
Desired survivor size 67108864 bytes, new threshold 2 (max 32)
- age   1:   50185288 bytes,   50185288 total
- age   2:   43658408 bytes,   93843696 total
, 0.6643810 secs]
   [Parallel Time: 648.7 ms, GC Workers: 2]
      [GC Worker Start (ms): Min: 30727037.3, Avg: 30727037.7, Max: 30727038.1, Diff: 0.7]
      [Ext Root Scanning (ms): Min: 68.5, Avg: 74.1, Max: 79.7, Diff: 11.3, Sum: 148.2]
      [Update RS (ms): Min: 45.9, Avg: 54.3, Max: 62.7, Diff: 16.8, Sum: 108.6]
         [Processed Buffers: Min: 80, Avg: 163.5, Max: 247, Diff: 167, Sum: 327]
      [Scan RS (ms): Min: 145.9, Avg: 145.9, Max: 146.0, Diff: 0.1, Sum: 291.9]
      [Object Copy (ms): Min: 371.5, Avg: 373.8, Max: 376.2, Diff: 4.7, Sum: 747.7]
      [Termination (ms): Min: 0.0, Avg: 0.0, Max: 0.0, Diff: 0.0, Sum: 0.0]
      [GC Worker Other (ms): Min: 0.1, Avg: 0.1, Max: 0.1, Diff: 0.0, Sum: 0.2]
      [GC Worker Total (ms): Min: 647.9, Avg: 648.3, Max: 648.6, Diff: 0.7, Sum: 1296.5]
      [GC Worker End (ms): Min: 30727685.9, Avg: 30727685.9, Max: 30727685.9, Diff: 0.0]
   [Code Root Fixup: 0.0 ms]
   [Clear CT: 0.8 ms]
   [Other: 14.8 ms]
      [Choose CSet: 0.6 ms]
      [Ref Proc: 3.9 ms]
      [Ref Enq: 0.1 ms]
      [Free CSet: 7.2 ms]
   [Eden: 932.0M(932.0M)->0.0B(912.0M) Survivors: 92.0M->112.0M Heap: 2201.1M(3072.0M)->1284.6M(3072.0M)]
 [Times: user=1.31 sys=0.00, real=0.67 secs] 
30732.137: [GC pause (young)
Desired survivor size 67108864 bytes, new threshold 1 (max 32)
- age   1:   67549400 bytes,   67549400 total
- age   2:   47421056 bytes,  114970456 total
, 0.6013810 secs]
   [Parallel Time: 588.5 ms, GC Workers: 2]
      [GC Worker Start (ms): Min: 30732138.8, Avg: 30732138.8, Max: 30732138.8, Diff: 0.0]
      [Ext Root Scanning (ms): Min: 67.2, Avg: 75.9, Max: 84.5, Diff: 17.3, Sum: 151.7]
      [Update RS (ms): Min: 38.0, Avg: 49.5, Max: 60.9, Diff: 22.9, Sum: 99.0]
         [Processed Buffers: Min: 115, Avg: 136.5, Max: 158, Diff: 43, Sum: 273]
      [Scan RS (ms): Min: 118.3, Avg: 118.3, Max: 118.3, Diff: 0.1, Sum: 236.6]
      [Object Copy (ms): Min: 341.8, Avg: 344.6, Max: 347.4, Diff: 5.6, Sum: 689.3]
      [Termination (ms): Min: 0.0, Avg: 0.0, Max: 0.0, Diff: 0.0, Sum: 0.0]
      [GC Worker Other (ms): Min: 0.1, Avg: 0.1, Max: 0.1, Diff: 0.0, Sum: 0.2]
      [GC Worker Total (ms): Min: 588.4, Avg: 588.4, Max: 588.4, Diff: 0.0, Sum: 1176.8]
      [GC Worker End (ms): Min: 30732727.2, Avg: 30732727.2, Max: 30732727.2, Diff: 0.0]
   [Code Root Fixup: 0.0 ms]
   [Clear CT: 0.9 ms]
   [Other: 12.0 ms]
      [Choose CSet: 0.0 ms]
      [Ref Proc: 2.3 ms]
      [Ref Enq: 0.0 ms]
      [Free CSet: 5.5 ms]
   [Eden: 912.0M(912.0M)->0.0B(982.0M) Survivors: 112.0M->42.0M Heap: 2240.0M(3072.0M)->1362.0M(3072.0M)]
 [Times: user=1.18 sys=0.00, real=0.60 secs] 
30738.215: [GC pause (young) (initial-mark)
Desired survivor size 67108864 bytes, new threshold 16 (max 32)
- age   1:   42142536 bytes,   42142536 total
, 0.4765250 secs]
   [Parallel Time: 464.1 ms, GC Workers: 2]
      [GC Worker Start (ms): Min: 30738217.4, Avg: 30738217.4, Max: 30738217.4, Diff: 0.0]
      [Ext Root Scanning (ms): Min: 63.9, Avg: 81.5, Max: 99.1, Diff: 35.2, Sum: 163.0]
      [Update RS (ms): Min: 42.6, Avg: 59.4, Max: 76.3, Diff: 33.7, Sum: 118.9]
         [Processed Buffers: Min: 135, Avg: 142.0, Max: 149, Diff: 14, Sum: 284]
      [Scan RS (ms): Min: 84.4, Avg: 84.5, Max: 84.6, Diff: 0.2, Sum: 169.0]
      [Object Copy (ms): Min: 237.8, Avg: 238.5, Max: 239.1, Diff: 1.3, Sum: 476.9]
      [Termination (ms): Min: 0.0, Avg: 0.0, Max: 0.0, Diff: 0.0, Sum: 0.0]
      [GC Worker Other (ms): Min: 0.1, Avg: 0.1, Max: 0.1, Diff: 0.0, Sum: 0.2]
      [GC Worker Total (ms): Min: 464.0, Avg: 464.0, Max: 464.0, Diff: 0.0, Sum: 928.0]
      [GC Worker End (ms): Min: 30738681.4, Avg: 30738681.4, Max: 30738681.5, Diff: 0.0]
   [Code Root Fixup: 0.0 ms]
   [Clear CT: 0.9 ms]
   [Other: 11.5 ms]
      [Choose CSet: 0.0 ms]
      [Ref Proc: 3.3 ms]
      [Ref Enq: 0.0 ms]
      [Free CSet: 4.8 ms]
   [Eden: 982.0M(982.0M)->0.0B(945.0M) Survivors: 42.0M->79.0M Heap: 2344.0M(3072.0M)->1399.0M(3072.0M)]
 [Times: user=0.93 sys=0.00, real=0.48 secs] 
30738.692: [GC concurrent-root-region-scan-start]
30739.028: [GC concurrent-root-region-scan-end, 0.3359210 secs]
30739.028: [GC concurrent-mark-start]
30743.570: [GC pause (young)
Desired survivor size 67108864 bytes, new threshold 2 (max 32)
- age   1:   45546536 bytes,   45546536 total
- age   2:   36189280 bytes,   81735816 total
, 0.3878450 secs]
   [Parallel Time: 371.1 ms, GC Workers: 2]
      [GC Worker Start (ms): Min: 30743571.7, Avg: 30743571.7, Max: 30743571.7, Diff: 0.0]
      [Ext Root Scanning (ms): Min: 72.8, Avg: 78.3, Max: 83.7, Diff: 10.9, Sum: 156.6]
      [SATB Filtering (ms): Min: 0.0, Avg: 0.5, Max: 1.0, Diff: 1.0, Sum: 1.0]
      [Update RS (ms): Min: 33.3, Avg: 41.2, Max: 49.0, Diff: 15.7, Sum: 82.4]
         [Processed Buffers: Min: 164, Avg: 171.5, Max: 179, Diff: 15, Sum: 343]
      [Scan RS (ms): Min: 65.5, Avg: 65.5, Max: 65.5, Diff: 0.1, Sum: 131.0]
      [Object Copy (ms): Min: 182.4, Avg: 185.4, Max: 188.3, Diff: 5.9, Sum: 370.7]
      [Termination (ms): Min: 0.0, Avg: 0.0, Max: 0.1, Diff: 0.0, Sum: 0.1]
      [GC Worker Other (ms): Min: 0.1, Avg: 0.1, Max: 0.1, Diff: 0.0, Sum: 0.2]
      [GC Worker Total (ms): Min: 371.0, Avg: 371.0, Max: 371.0, Diff: 0.0, Sum: 741.9]
      [GC Worker End (ms): Min: 30743942.6, Avg: 30743942.6, Max: 30743942.7, Diff: 0.0]
   [Code Root Fixup: 0.0 ms]
   [Clear CT: 0.8 ms]
   [Other: 16.0 ms]
      [Choose CSet: 0.0 ms]
      [Ref Proc: 9.9 ms]
      [Ref Enq: 0.1 ms]
      [Free CSet: 3.6 ms]
   [Eden: 722.0M(945.0M)->0.0B(956.0M) Survivors: 79.0M->68.0M Heap: 2224.6M(3072.0M)->1516.7M(3072.0M)]
 [Times: user=0.76 sys=0.00, real=0.39 secs] 
30744.113: [GC concurrent-mark-end, 5.0853100 secs]
30744.117: [GC remark 30744.118: [GC ref-proc, 0.5203160 secs], 0.5944880 secs]
 [Times: user=0.60 sys=0.00, real=0.59 secs] 
30744.715: [GC cleanup 1534M->1406M(3072M), 0.0299940 secs]
 [Times: user=0.06 sys=0.00, real=0.03 secs] 
30744.746: [GC concurrent-cleanup-start]
30744.746: [GC concurrent-cleanup-end, 0.0002900 secs]
30746.346: [GC pause (young)
Desired survivor size 67108864 bytes, new threshold 2 (max 32)
- age   1:   38255360 bytes,   38255360 total
- age   2:   30745432 bytes,   69000792 total
, 0.4060110 secs]
   [Parallel Time: 400.0 ms, GC Workers: 2]
      [GC Worker Start (ms): Min: 30746347.5, Avg: 30746347.5, Max: 30746347.5, Diff: 0.0]
      [Ext Root Scanning (ms): Min: 68.4, Avg: 76.5, Max: 84.6, Diff: 16.2, Sum: 153.0]
      [Update RS (ms): Min: 82.8, Avg: 93.1, Max: 103.5, Diff: 20.7, Sum: 186.2]
         [Processed Buffers: Min: 250, Avg: 264.5, Max: 279, Diff: 29, Sum: 529]
      [Scan RS (ms): Min: 56.1, Avg: 56.2, Max: 56.2, Diff: 0.0, Sum: 112.3]
      [Object Copy (ms): Min: 171.8, Avg: 174.1, Max: 176.4, Diff: 4.6, Sum: 348.1]
      [Termination (ms): Min: 0.0, Avg: 0.0, Max: 0.0, Diff: 0.0, Sum: 0.0]
      [GC Worker Other (ms): Min: 0.1, Avg: 0.1, Max: 0.1, Diff: 0.0, Sum: 0.2]
      [GC Worker Total (ms): Min: 399.9, Avg: 399.9, Max: 400.0, Diff: 0.0, Sum: 799.9]
      [GC Worker End (ms): Min: 30746747.4, Avg: 30746747.4, Max: 30746747.4, Diff: 0.0]
   [Code Root Fixup: 0.0 ms]
   [Clear CT: 0.4 ms]
   [Other: 5.6 ms]
      [Choose CSet: 0.0 ms]
      [Ref Proc: 2.0 ms]
      [Ref Enq: 0.0 ms]
      [Free CSet: 1.2 ms]
   [Eden: 219.0M(956.0M)->0.0B(964.0M) Survivors: 68.0M->60.0M Heap: 1702.2M(3072.0M)->1504.7M(3072.0M)]
 [Times: user=0.80 sys=0.00, real=0.41 secs] 
30750.902: [GC pause (mixed)
Desired survivor size 67108864 bytes, new threshold 16 (max 32)
- age   1:   26070928 bytes,   26070928 total
- age   2:   34164880 bytes,   60235808 total
, 0.5359410 secs]
   [Parallel Time: 526.4 ms, GC Workers: 2]
      [GC Worker Start (ms): Min: 30750903.9, Avg: 30750903.9, Max: 30750903.9, Diff: 0.0]
      [Ext Root Scanning (ms): Min: 68.1, Avg: 77.9, Max: 87.8, Diff: 19.7, Sum: 155.9]
      [Update RS (ms): Min: 18.4, Avg: 31.3, Max: 44.1, Diff: 25.7, Sum: 62.5]
         [Processed Buffers: Min: 109, Avg: 127.5, Max: 146, Diff: 37, Sum: 255]
      [Scan RS (ms): Min: 71.6, Avg: 71.6, Max: 71.6, Diff: 0.0, Sum: 143.1]
      [Object Copy (ms): Min: 342.4, Avg: 345.4, Max: 348.4, Diff: 6.0, Sum: 690.8]
      [Termination (ms): Min: 0.0, Avg: 0.0, Max: 0.0, Diff: 0.0, Sum: 0.0]
      [GC Worker Other (ms): Min: 0.1, Avg: 0.1, Max: 0.1, Diff: 0.0, Sum: 0.3]
      [GC Worker Total (ms): Min: 526.3, Avg: 526.3, Max: 526.3, Diff: 0.0, Sum: 1052.6]
      [GC Worker End (ms): Min: 30751430.2, Avg: 30751430.2, Max: 30751430.2, Diff: 0.0]
   [Code Root Fixup: 0.0 ms]
   [Clear CT: 1.5 ms]
   [Other: 8.0 ms]
      [Choose CSet: 0.4 ms]
      [Ref Proc: 2.2 ms]
      [Ref Enq: 0.0 ms]
      [Free CSet: 3.3 ms]
   [Eden: 964.0M(964.0M)->0.0B(896.0M) Survivors: 60.0M->128.0M Heap: 2489.2M(3072.0M)->1578.2M(3072.0M)]
 [Times: user=1.06 sys=0.01, real=0.54 secs] 
30751.544: [GC pause (young) (initial-mark)
Desired survivor size 67108864 bytes, new threshold 1 (max 32)
- age   1:  111542112 bytes,  111542112 total
- age   2:    3685016 bytes,  115227128 total
- age   3:   33674912 bytes,  148902040 total
, 0.4486860 secs]
   [Parallel Time: 444.1 ms, GC Workers: 2]
      [GC Worker Start (ms): Min: 30751545.4, Avg: 30751545.9, Max: 30751546.4, Diff: 1.0]
      [Ext Root Scanning (ms): Min: 69.0, Avg: 77.5, Max: 85.9, Diff: 16.9, Sum: 155.0]
      [Update RS (ms): Min: 38.0, Avg: 54.9, Max: 71.7, Diff: 33.7, Sum: 109.7]
         [Processed Buffers: Min: 139, Avg: 141.5, Max: 144, Diff: 5, Sum: 283]
      [Scan RS (ms): Min: 31.0, Avg: 31.0, Max: 31.0, Diff: 0.0, Sum: 62.0]
      [Object Copy (ms): Min: 270.4, Avg: 279.2, Max: 288.1, Diff: 17.7, Sum: 558.5]
      [Termination (ms): Min: 0.0, Avg: 0.0, Max: 0.0, Diff: 0.0, Sum: 0.0]
      [GC Worker Other (ms): Min: 0.1, Avg: 0.1, Max: 0.1, Diff: 0.1, Sum: 0.2]
      [GC Worker Total (ms): Min: 442.2, Avg: 442.7, Max: 443.2, Diff: 1.0, Sum: 885.4]
      [GC Worker End (ms): Min: 30751988.6, Avg: 30751988.6, Max: 30751988.6, Diff: 0.0]
   [Code Root Fixup: 0.0 ms]
   [Clear CT: 0.4 ms]
   [Other: 4.3 ms]
      [Choose CSet: 0.0 ms]
      [Ref Proc: 0.2 ms]
      [Ref Enq: 0.0 ms]
      [Free CSet: 0.7 ms]
   [Eden: 25.0M(896.0M)->0.0B(1017.0M) Survivors: 128.0M->7168.0K Heap: 1602.7M(3072.0M)->1584.7M(3072.0M)]
 [Times: user=0.88 sys=0.00, real=0.45 secs] 
30751.994: [GC concurrent-root-region-scan-start]
30752.021: [GC concurrent-root-region-scan-end, 0.0272200 secs]
30752.021: [GC concurrent-mark-start]
30755.049: [GC concurrent-mark-end, 3.0281600 secs]
30755.051: [GC remark 30755.054: [GC ref-proc, 0.0468870 secs], 0.1225730 secs]
 [Times: user=0.12 sys=0.00, real=0.12 secs] 
30755.175: [GC cleanup 2175M->1839M(3072M), 0.0351320 secs]
 [Times: user=0.06 sys=0.00, real=0.03 secs] 
30755.211: [GC concurrent-cleanup-start]
30755.212: [GC concurrent-cleanup-end, 0.0009200 secs]
30757.194: [GC pause (young)
Desired survivor size 67108864 bytes, new threshold 16 (max 32)
- age   1:    6014720 bytes,    6014720 total
, 0.6041300 secs]
   [Parallel Time: 581.4 ms, GC Workers: 2]
      [GC Worker Start (ms): Min: 30757195.3, Avg: 30757195.3, Max: 30757195.3, Diff: 0.0]
      [Ext Root Scanning (ms): Min: 67.9, Avg: 78.6, Max: 89.2, Diff: 21.3, Sum: 157.1]
      [Update RS (ms): Min: 5.3, Avg: 18.9, Max: 32.6, Diff: 27.3, Sum: 37.9]
         [Processed Buffers: Min: 172, Avg: 176.5, Max: 181, Diff: 9, Sum: 353]
      [Scan RS (ms): Min: 130.7, Avg: 130.7, Max: 130.8, Diff: 0.2, Sum: 261.5]
      [Object Copy (ms): Min: 349.7, Avg: 352.9, Max: 356.0, Diff: 6.3, Sum: 705.7]
      [Termination (ms): Min: 0.0, Avg: 0.0, Max: 0.1, Diff: 0.1, Sum: 0.1]
      [GC Worker Other (ms): Min: 0.1, Avg: 0.1, Max: 0.1, Diff: 0.0, Sum: 0.2]
      [GC Worker Total (ms): Min: 581.2, Avg: 581.2, Max: 581.3, Diff: 0.0, Sum: 1162.5]
      [GC Worker End (ms): Min: 30757776.5, Avg: 30757776.5, Max: 30757776.5, Diff: 0.0]
   [Code Root Fixup: 0.0 ms]
   [Clear CT: 0.9 ms]
   [Other: 21.9 ms]
      [Choose CSet: 0.0 ms]
      [Ref Proc: 15.4 ms]
      [Ref Enq: 0.1 ms]
      [Free CSet: 3.8 ms]
   [Eden: 1017.0M(1017.0M)->0.0B(896.0M) Survivors: 7168.0K->128.0M Heap: 2287.8M(3072.0M)->1408.8M(3072.0M)]
 [Times: user=1.17 sys=0.02, real=0.61 secs] 
30764.700: [GC pause (mixed)
Desired survivor size 67108864 bytes, new threshold 1 (max 32)
- age   1:  142221624 bytes,  142221624 total
- age   2:    3628520 bytes,  145850144 total
, 0.5288240 secs]
   [Parallel Time: 510.8 ms, GC Workers: 2]
      [GC Worker Start (ms): Min: 30764701.5, Avg: 30764701.6, Max: 30764701.6, Diff: 0.1]
      [Ext Root Scanning (ms): Min: 65.6, Avg: 73.6, Max: 81.6, Diff: 16.0, Sum: 147.2]
      [Update RS (ms): Min: 20.7, Avg: 30.8, Max: 40.9, Diff: 20.3, Sum: 61.6]
         [Processed Buffers: Min: 80, Avg: 150.5, Max: 221, Diff: 141, Sum: 301]
      [Scan RS (ms): Min: 124.4, Avg: 124.5, Max: 124.6, Diff: 0.1, Sum: 249.0]
      [Object Copy (ms): Min: 279.4, Avg: 281.7, Max: 283.9, Diff: 4.4, Sum: 563.3]
      [Termination (ms): Min: 0.0, Avg: 0.0, Max: 0.0, Diff: 0.0, Sum: 0.0]
      [GC Worker Other (ms): Min: 0.1, Avg: 0.1, Max: 0.1, Diff: 0.0, Sum: 0.2]
      [GC Worker Total (ms): Min: 510.6, Avg: 510.6, Max: 510.7, Diff: 0.0, Sum: 1021.3]
      [GC Worker End (ms): Min: 30765212.2, Avg: 30765212.2, Max: 30765212.2, Diff: 0.0]
   [Code Root Fixup: 0.0 ms]
   [Clear CT: 0.9 ms]
   [Other: 17.1 ms]
      [Choose CSet: 0.8 ms]
      [Ref Proc: 8.8 ms]
      [Ref Enq: 0.1 ms]
      [Free CSet: 3.9 ms]
   [Eden: 896.0M(896.0M)->0.0B(984.0M) Survivors: 128.0M->40.0M Heap: 2350.9M(3072.0M)->1354.9M(3072.0M)]
 [Times: user=1.04 sys=0.00, real=0.53 secs] 
30771.349: [GC pause (mixed)
Desired survivor size 67108864 bytes, new threshold 16 (max 32)
- age   1:   37763600 bytes,   37763600 total
, 0.2546720 secs]
   [Parallel Time: 234.6 ms, GC Workers: 2]
      [GC Worker Start (ms): Min: 30771351.5, Avg: 30771351.5, Max: 30771351.5, Diff: 0.0]
      [Ext Root Scanning (ms): Min: 68.5, Avg: 78.4, Max: 88.4, Diff: 19.9, Sum: 156.9]
      [Update RS (ms): Min: 1.1, Avg: 13.8, Max: 26.6, Diff: 25.5, Sum: 27.6]
         [Processed Buffers: Min: 87, Avg: 163.5, Max: 240, Diff: 153, Sum: 327]
      [Scan RS (ms): Min: 43.9, Avg: 44.0, Max: 44.1, Diff: 0.1, Sum: 88.0]
      [Object Copy (ms): Min: 95.2, Avg: 98.1, Max: 100.9, Diff: 5.8, Sum: 196.1]
      [Termination (ms): Min: 0.0, Avg: 0.0, Max: 0.0, Diff: 0.0, Sum: 0.0]
      [GC Worker Other (ms): Min: 0.1, Avg: 0.1, Max: 0.1, Diff: 0.0, Sum: 0.2]
      [GC Worker Total (ms): Min: 234.4, Avg: 234.4, Max: 234.4, Diff: 0.0, Sum: 468.8]
      [GC Worker End (ms): Min: 30771585.9, Avg: 30771585.9, Max: 30771585.9, Diff: 0.0]
   [Code Root Fixup: 0.0 ms]
   [Clear CT: 0.9 ms]
   [Other: 19.2 ms]
      [Choose CSet: 1.0 ms]
      [Ref Proc: 12.6 ms]
      [Ref Enq: 0.2 ms]
      [Free CSet: 3.9 ms]
   [Eden: 984.0M(984.0M)->0.0B(975.0M) Survivors: 40.0M->49.0M Heap: 2348.4M(3072.0M)->1259.4M(3072.0M)]
 [Times: user=0.49 sys=0.01, real=0.25 secs] 
30777.385: [GC pause (mixed)
Desired survivor size 67108864 bytes, new threshold 16 (max 32)
- age   1:   23857136 bytes,   23857136 total
- age   2:   22190512 bytes,   46047648 total
, 0.4058130 secs]
   [Parallel Time: 386.1 ms, GC Workers: 2]
      [GC Worker Start (ms): Min: 30777387.2, Avg: 30777387.2, Max: 30777387.3, Diff: 0.1]
      [Ext Root Scanning (ms): Min: 69.7, Avg: 76.6, Max: 83.4, Diff: 13.7, Sum: 153.1]
      [Update RS (ms): Min: 29.2, Avg: 38.7, Max: 48.2, Diff: 18.9, Sum: 77.4]
         [Processed Buffers: Min: 107, Avg: 146.0, Max: 185, Diff: 78, Sum: 292]
      [Scan RS (ms): Min: 55.2, Avg: 55.2, Max: 55.3, Diff: 0.2, Sum: 110.5]
      [Object Copy (ms): Min: 212.7, Avg: 215.2, Max: 217.8, Diff: 5.2, Sum: 430.5]
      [Termination (ms): Min: 0.0, Avg: 0.0, Max: 0.0, Diff: 0.0, Sum: 0.0]
      [GC Worker Other (ms): Min: 0.1, Avg: 0.1, Max: 0.1, Diff: 0.0, Sum: 0.2]
      [GC Worker Total (ms): Min: 385.8, Avg: 385.9, Max: 385.9, Diff: 0.1, Sum: 771.7]
      [GC Worker End (ms): Min: 30777773.1, Avg: 30777773.1, Max: 30777773.1, Diff: 0.0]
   [Code Root Fixup: 0.0 ms]
   [Clear CT: 1.0 ms]
   [Other: 18.7 ms]
      [Choose CSet: 1.4 ms]
      [Ref Proc: 11.8 ms]
      [Ref Enq: 0.1 ms]
      [Free CSet: 4.1 ms]
   [Eden: 975.0M(975.0M)->0.0B(926.0M) Survivors: 49.0M->98.0M Heap: 2269.8M(3072.0M)->1230.3M(3072.0M)]
 [Times: user=0.79 sys=0.00, real=0.41 secs] 
30784.282: [GC pause (mixed)
Desired survivor size 67108864 bytes, new threshold 2 (max 32)
- age   1:   61218896 bytes,   61218896 total
- age   2:   15163872 bytes,   76382768 total
- age   3:   19959144 bytes,   96341912 total
, 0.4641010 secs]
   [Parallel Time: 444.3 ms, GC Workers: 2]
      [GC Worker Start (ms): Min: 30784284.2, Avg: 30784284.2, Max: 30784284.2, Diff: 0.0]
      [Ext Root Scanning (ms): Min: 71.0, Avg: 76.4, Max: 81.9, Diff: 10.9, Sum: 152.9]
      [Update RS (ms): Min: 31.6, Avg: 39.2, Max: 46.7, Diff: 15.1, Sum: 78.3]
         [Processed Buffers: Min: 141, Avg: 146.0, Max: 151, Diff: 10, Sum: 292]
      [Scan RS (ms): Min: 64.0, Avg: 64.0, Max: 64.0, Diff: 0.0, Sum: 128.0]
      [Object Copy (ms): Min: 262.3, Avg: 264.5, Max: 266.6, Diff: 4.3, Sum: 529.0]
      [Termination (ms): Min: 0.0, Avg: 0.0, Max: 0.0, Diff: 0.0, Sum: 0.0]
      [GC Worker Other (ms): Min: 0.1, Avg: 0.1, Max: 0.1, Diff: 0.0, Sum: 0.2]
      [GC Worker Total (ms): Min: 444.2, Avg: 444.2, Max: 444.2, Diff: 0.0, Sum: 888.4]
      [GC Worker End (ms): Min: 30784728.4, Avg: 30784728.4, Max: 30784728.4, Diff: 0.0]
   [Code Root Fixup: 0.0 ms]
   [Clear CT: 1.0 ms]
   [Other: 18.8 ms]
      [Choose CSet: 1.8 ms]
      [Ref Proc: 10.1 ms]
      [Ref Enq: 0.2 ms]
      [Free CSet: 4.7 ms]
   [Eden: 926.0M(926.0M)->0.0B(931.0M) Survivors: 98.0M->93.0M Heap: 2157.3M(3072.0M)->1147.8M(3072.0M)]
 [Times: user=0.90 sys=0.00, real=0.46 secs] 
30790.025: [GC pause (mixed)
Desired survivor size 67108864 bytes, new threshold 2 (max 32)
- age   1:   47873096 bytes,   47873096 total
- age   2:   44722240 bytes,   92595336 total
, 0.4216150 secs]
   [Parallel Time: 408.9 ms, GC Workers: 2]
      [GC Worker Start (ms): Min: 30790026.8, Avg: 30790026.8, Max: 30790026.9, Diff: 0.0]
      [Ext Root Scanning (ms): Min: 68.2, Avg: 76.9, Max: 85.6, Diff: 17.5, Sum: 153.8]
      [Update RS (ms): Min: 24.6, Avg: 35.9, Max: 47.1, Diff: 22.5, Sum: 71.7]
         [Processed Buffers: Min: 154, Avg: 174.0, Max: 194, Diff: 40, Sum: 348]
      [Scan RS (ms): Min: 49.6, Avg: 49.6, Max: 49.7, Diff: 0.2, Sum: 99.3]
      [Object Copy (ms): Min: 243.5, Avg: 246.2, Max: 248.8, Diff: 5.3, Sum: 492.3]
      [Termination (ms): Min: 0.0, Avg: 0.0, Max: 0.0, Diff: 0.0, Sum: 0.0]
      [GC Worker Other (ms): Min: 0.1, Avg: 0.2, Max: 0.2, Diff: 0.1, Sum: 0.3]
      [GC Worker Total (ms): Min: 408.8, Avg: 408.8, Max: 408.8, Diff: 0.0, Sum: 817.6]
      [GC Worker End (ms): Min: 30790435.6, Avg: 30790435.6, Max: 30790435.6, Diff: 0.0]
   [Code Root Fixup: 0.0 ms]
   [Clear CT: 1.0 ms]
   [Other: 11.7 ms]
      [Choose CSet: 0.8 ms]
      [Ref Proc: 5.3 ms]
      [Ref Enq: 0.1 ms]
      [Free CSet: 3.5 ms]
   [Eden: 931.0M(931.0M)->0.0B(953.0M) Survivors: 93.0M->71.0M Heap: 2086.3M(3072.0M)->1132.8M(3072.0M)]
 [Times: user=0.83 sys=0.01, real=0.42 secs] 
30794.737: [GC pause (young)
Desired survivor size 67108864 bytes, new threshold 2 (max 32)
- age   1:   36135760 bytes,   36135760 total
- age   2:   33860696 bytes,   69996456 total
, 0.5621370 secs]
   [Parallel Time: 550.4 ms, GC Workers: 2]
      [GC Worker Start (ms): Min: 30794738.2, Avg: 30794738.3, Max: 30794738.3, Diff: 0.1]
      [Ext Root Scanning (ms): Min: 67.6, Avg: 76.3, Max: 85.0, Diff: 17.5, Sum: 152.6]
      [Update RS (ms): Min: 39.7, Avg: 51.3, Max: 62.8, Diff: 23.1, Sum: 102.6]
         [Processed Buffers: Min: 155, Avg: 157.5, Max: 160, Diff: 5, Sum: 315]
      [Scan RS (ms): Min: 32.7, Avg: 32.8, Max: 32.9, Diff: 0.3, Sum: 65.6]
      [Object Copy (ms): Min: 387.2, Avg: 389.8, Max: 392.5, Diff: 5.3, Sum: 779.6]
      [Termination (ms): Min: 0.0, Avg: 0.0, Max: 0.0, Diff: 0.0, Sum: 0.0]
      [GC Worker Other (ms): Min: 0.1, Avg: 0.1, Max: 0.1, Diff: 0.0, Sum: 0.2]
      [GC Worker Total (ms): Min: 550.3, Avg: 550.3, Max: 550.3, Diff: 0.0, Sum: 1100.6]
      [GC Worker End (ms): Min: 30795288.6, Avg: 30795288.6, Max: 30795288.6, Diff: 0.0]
   [Code Root Fixup: 0.0 ms]
   [Clear CT: 1.9 ms]
   [Other: 9.7 ms]
      [Choose CSet: 0.0 ms]
      [Ref Proc: 4.6 ms]
      [Ref Enq: 0.1 ms]
      [Free CSet: 3.0 ms]
   [Eden: 953.0M(953.0M)->0.0B(896.0M) Survivors: 71.0M->128.0M Heap: 2088.1M(3072.0M)->1229.1M(3072.0M)]
 [Times: user=1.10 sys=0.00, real=0.56 secs] 
30799.211: [GC pause (young)
Desired survivor size 67108864 bytes, new threshold 1 (max 32)
- age   1:  110412496 bytes,  110412496 total
- age   2:   27139808 bytes,  137552304 total
, 0.7390240 secs]
   [Parallel Time: 725.2 ms, GC Workers: 2]
      [GC Worker Start (ms): Min: 30799212.4, Avg: 30799212.4, Max: 30799212.4, Diff: 0.1]
      [Ext Root Scanning (ms): Min: 71.6, Avg: 79.2, Max: 86.7, Diff: 15.1, Sum: 158.4]
      [Update RS (ms): Min: 60.9, Avg: 71.8, Max: 82.7, Diff: 21.8, Sum: 143.6]
         [Processed Buffers: Min: 51, Avg: 157.0, Max: 263, Diff: 212, Sum: 314]
      [Scan RS (ms): Min: 70.6, Avg: 71.2, Max: 71.9, Diff: 1.4, Sum: 142.5]
      [Object Copy (ms): Min: 499.9, Avg: 502.6, Max: 505.3, Diff: 5.3, Sum: 1005.2]
      [Termination (ms): Min: 0.0, Avg: 0.0, Max: 0.0, Diff: 0.0, Sum: 0.0]
      [GC Worker Other (ms): Min: 0.1, Avg: 0.1, Max: 0.2, Diff: 0.0, Sum: 0.3]
      [GC Worker Total (ms): Min: 725.0, Avg: 725.0, Max: 725.0, Diff: 0.0, Sum: 1450.0]
      [GC Worker End (ms): Min: 30799937.4, Avg: 30799937.4, Max: 30799937.4, Diff: 0.0]
   [Code Root Fixup: 0.0 ms]
   [Clear CT: 0.6 ms]
   [Other: 13.2 ms]
      [Choose CSet: 0.0 ms]
      [Ref Proc: 5.2 ms]
      [Ref Enq: 0.1 ms]
      [Free CSet: 4.5 ms]
   [Eden: 896.0M(896.0M)->0.0B(933.0M) Survivors: 128.0M->91.0M Heap: 2134.5M(3072.0M)->1308.0M(3072.0M)]
 [Times: user=1.46 sys=0.00, real=0.74 secs] 
30805.021: [GC pause (young)
Desired survivor size 67108864 bytes, new threshold 1 (max 32)
- age   1:   90412672 bytes,   90412672 total
, 0.5573410 secs]
   [Parallel Time: 540.4 ms, GC Workers: 2]
      [GC Worker Start (ms): Min: 30805022.7, Avg: 30805022.9, Max: 30805023.1, Diff: 0.4]
      [Ext Root Scanning (ms): Min: 66.8, Avg: 74.8, Max: 82.8, Diff: 16.0, Sum: 149.6]
      [Update RS (ms): Min: 22.9, Avg: 33.5, Max: 44.1, Diff: 21.2, Sum: 67.0]
         [Processed Buffers: Min: 174, Avg: 174.5, Max: 175, Diff: 1, Sum: 349]
      [Scan RS (ms): Min: 90.8, Avg: 90.8, Max: 90.8, Diff: 0.0, Sum: 181.5]
      [Object Copy (ms): Min: 338.6, Avg: 341.0, Max: 343.4, Diff: 4.8, Sum: 682.0]
      [Termination (ms): Min: 0.0, Avg: 0.0, Max: 0.0, Diff: 0.0, Sum: 0.0]
      [GC Worker Other (ms): Min: 0.1, Avg: 0.1, Max: 0.1, Diff: 0.0, Sum: 0.2]
      [GC Worker Total (ms): Min: 540.0, Avg: 540.2, Max: 540.4, Diff: 0.4, Sum: 1080.3]
      [GC Worker End (ms): Min: 30805563.0, Avg: 30805563.1, Max: 30805563.1, Diff: 0.0]
   [Code Root Fixup: 0.0 ms]
   [Clear CT: 0.8 ms]
   [Other: 16.1 ms]
      [Choose CSet: 0.0 ms]
      [Ref Proc: 6.9 ms]
      [Ref Enq: 0.1 ms]
      [Free CSet: 5.4 ms]
   [Eden: 902.0M(933.0M)->0.0B(963.0M) Survivors: 91.0M->61.0M Heap: 2249.6M(3072.0M)->1401.0M(3072.0M)]
 [Times: user=1.09 sys=0.01, real=0.56 secs] 
30805.594: [GC pause (young) (initial-mark)
Desired survivor size 67108864 bytes, new threshold 16 (max 32)
- age   1:   59188664 bytes,   59188664 total
, 0.5221530 secs]
   [Parallel Time: 519.8 ms, GC Workers: 2]
      [GC Worker Start (ms): Min: 30805594.2, Avg: 30805594.2, Max: 30805594.2, Diff: 0.0]
      [Ext Root Scanning (ms): Min: 59.8, Avg: 77.7, Max: 95.6, Diff: 35.8, Sum: 155.4]
      [Update RS (ms): Min: 278.8, Avg: 296.4, Max: 313.9, Diff: 35.1, Sum: 592.7]
         [Processed Buffers: Min: 480, Avg: 522.5, Max: 565, Diff: 85, Sum: 1045]
      [Scan RS (ms): Min: 0.0, Avg: 0.3, Max: 0.5, Diff: 0.5, Sum: 0.5]
      [Object Copy (ms): Min: 144.7, Avg: 145.2, Max: 145.8, Diff: 1.1, Sum: 290.5]
      [Termination (ms): Min: 0.0, Avg: 0.0, Max: 0.0, Diff: 0.0, Sum: 0.0]
      [GC Worker Other (ms): Min: 0.1, Avg: 0.1, Max: 0.1, Diff: 0.0, Sum: 0.2]
      [GC Worker Total (ms): Min: 519.7, Avg: 519.7, Max: 519.7, Diff: 0.0, Sum: 1039.3]
      [GC Worker End (ms): Min: 30806113.9, Avg: 30806113.9, Max: 30806113.9, Diff: 0.0]
   [Code Root Fixup: 0.0 ms]
   [Clear CT: 0.1 ms]
   [Other: 2.3 ms]
      [Choose CSet: 0.0 ms]
      [Ref Proc: 0.4 ms]
      [Ref Enq: 0.0 ms]
      [Free CSet: 0.2 ms]
   [Eden: 2048.0K(963.0M)->0.0B(967.0M) Survivors: 61.0M->57.0M Heap: 1410.5M(3072.0M)->1405.5M(3072.0M)]
 [Times: user=1.04 sys=0.00, real=0.52 secs] 
30806.116: [GC concurrent-root-region-scan-start]
30806.366: [GC concurrent-root-region-scan-end, 0.2496400 secs]
30806.366: [GC concurrent-mark-start]
30808.910: [GC concurrent-mark-end, 2.5440200 secs]
30808.913: [GC remark 30808.915: [GC ref-proc, 0.1771840 secs], 0.2560710 secs]
 [Times: user=0.26 sys=0.00, real=0.26 secs] 
30809.170: [GC cleanup 1896M->1625M(3072M), 0.0263400 secs]
 [Times: user=0.06 sys=0.00, real=0.03 secs] 
30809.197: [GC concurrent-cleanup-start]
30809.198: [GC concurrent-cleanup-end, 0.0006760 secs]
30811.077: [GC pause (young)
Desired survivor size 67108864 bytes, new threshold 16 (max 32)
- age   1:      64336 bytes,      64336 total
- age   2:   58650896 bytes,   58715232 total
, 0.4182250 secs]
   [Parallel Time: 404.2 ms, GC Workers: 2]
      [GC Worker Start (ms): Min: 30811078.9, Avg: 30811078.9, Max: 30811078.9, Diff: 0.0]
      [Ext Root Scanning (ms): Min: 74.3, Avg: 79.3, Max: 84.2, Diff: 9.9, Sum: 158.5]
      [Update RS (ms): Min: 38.5, Avg: 45.3, Max: 52.1, Diff: 13.6, Sum: 90.6]
         [Processed Buffers: Min: 71, Avg: 153.5, Max: 236, Diff: 165, Sum: 307]
      [Scan RS (ms): Min: 70.8, Avg: 71.2, Max: 71.6, Diff: 0.8, Sum: 142.4]
      [Object Copy (ms): Min: 206.0, Avg: 208.2, Max: 210.4, Diff: 4.5, Sum: 416.4]
      [Termination (ms): Min: 0.0, Avg: 0.0, Max: 0.0, Diff: 0.0, Sum: 0.0]
      [GC Worker Other (ms): Min: 0.1, Avg: 0.2, Max: 0.2, Diff: 0.1, Sum: 0.3]
      [GC Worker Total (ms): Min: 404.1, Avg: 404.1, Max: 404.1, Diff: 0.1, Sum: 808.2]
      [GC Worker End (ms): Min: 30811483.0, Avg: 30811483.0, Max: 30811483.0, Diff: 0.0]
   [Code Root Fixup: 0.0 ms]
   [Clear CT: 0.8 ms]
   [Other: 13.3 ms]
      [Choose CSet: 0.0 ms]
      [Ref Proc: 6.0 ms]
      [Ref Enq: 0.1 ms]
      [Free CSet: 4.5 ms]
   [Eden: 967.0M(967.0M)->0.0B(932.0M) Survivors: 57.0M->92.0M Heap: 2111.1M(3072.0M)->1178.6M(3072.0M)]
 [Times: user=0.82 sys=0.00, real=0.42 secs] 
30815.900: [GC pause (mixed)
Desired survivor size 67108864 bytes, new threshold 3 (max 32)
- age   1:   39547528 bytes,   39547528 total
- age   2:         32 bytes,   39547560 total
- age   3:   53250208 bytes,   92797768 total
, 0.4874680 secs]
   [Parallel Time: 471.9 ms, GC Workers: 2]
      [GC Worker Start (ms): Min: 30815902.8, Avg: 30815902.8, Max: 30815902.8, Diff: 0.0]
      [Ext Root Scanning (ms): Min: 67.7, Avg: 75.1, Max: 82.4, Diff: 14.7, Sum: 150.1]
      [Update RS (ms): Min: 26.9, Avg: 36.8, Max: 46.8, Diff: 19.9, Sum: 73.7]
         [Processed Buffers: Min: 147, Avg: 163.0, Max: 179, Diff: 32, Sum: 326]
      [Scan RS (ms): Min: 79.1, Avg: 79.1, Max: 79.1, Diff: 0.0, Sum: 158.2]
      [Object Copy (ms): Min: 278.1, Avg: 280.6, Max: 283.2, Diff: 5.1, Sum: 561.3]
      [Termination (ms): Min: 0.0, Avg: 0.0, Max: 0.0, Diff: 0.0, Sum: 0.0]
      [GC Worker Other (ms): Min: 0.1, Avg: 0.1, Max: 0.1, Diff: 0.0, Sum: 0.3]
      [GC Worker Total (ms): Min: 471.8, Avg: 471.8, Max: 471.8, Diff: 0.0, Sum: 943.6]
      [GC Worker End (ms): Min: 30816374.6, Avg: 30816374.6, Max: 30816374.6, Diff: 0.0]
   [Code Root Fixup: 0.0 ms]
   [Clear CT: 0.9 ms]
   [Other: 14.7 ms]
      [Choose CSet: 0.2 ms]
      [Ref Proc: 5.8 ms]
      [Ref Enq: 0.1 ms]
      [Free CSet: 5.1 ms]
   [Eden: 932.0M(932.0M)->0.0B(946.0M) Survivors: 92.0M->78.0M Heap: 2121.5M(3072.0M)->1152.5M(3072.0M)]
 [Times: user=0.95 sys=0.00, real=0.49 secs] 
30821.718: [GC pause (mixed)
Desired survivor size 67108864 bytes, new threshold 2 (max 32)
- age   1:   45025024 bytes,   45025024 total
- age   2:   32673688 bytes,   77698712 total
, 0.4553550 secs]
   [Parallel Time: 434.4 ms, GC Workers: 2]
      [GC Worker Start (ms): Min: 30821720.6, Avg: 30821720.6, Max: 30821720.7, Diff: 0.1]
      [Ext Root Scanning (ms): Min: 67.6, Avg: 74.9, Max: 82.1, Diff: 14.5, Sum: 149.7]
      [Update RS (ms): Min: 52.5, Avg: 62.4, Max: 72.3, Diff: 19.8, Sum: 124.8]
         [Processed Buffers: Min: 151, Avg: 155.5, Max: 160, Diff: 9, Sum: 311]
      [Scan RS (ms): Min: 78.9, Avg: 79.0, Max: 79.0, Diff: 0.2, Sum: 157.9]
      [Object Copy (ms): Min: 215.1, Avg: 217.9, Max: 220.7, Diff: 5.6, Sum: 435.7]
      [Termination (ms): Min: 0.0, Avg: 0.0, Max: 0.0, Diff: 0.0, Sum: 0.0]
      [GC Worker Other (ms): Min: 0.1, Avg: 0.1, Max: 0.1, Diff: 0.0, Sum: 0.2]
      [GC Worker Total (ms): Min: 434.1, Avg: 434.2, Max: 434.3, Diff: 0.2, Sum: 868.4]
      [GC Worker End (ms): Min: 30822154.8, Avg: 30822154.8, Max: 30822154.8, Diff: 0.0]
   [Code Root Fixup: 0.0 ms]
   [Clear CT: 0.9 ms]
   [Other: 20.0 ms]
      [Choose CSet: 0.7 ms]
      [Ref Proc: 10.9 ms]
      [Ref Enq: 0.1 ms]
      [Free CSet: 5.2 ms]
   [Eden: 946.0M(946.0M)->0.0B(955.0M) Survivors: 78.0M->69.0M Heap: 2144.2M(3072.0M)->1142.2M(3072.0M)]
 [Times: user=0.88 sys=0.00, real=0.45 secs] 
30827.507: [GC pause (mixed)
Desired survivor size 67108864 bytes, new threshold 2 (max 32)
- age   1:   38036624 bytes,   38036624 total
- age   2:   30364632 bytes,   68401256 total
, 0.5340340 secs]
   [Parallel Time: 516.7 ms, GC Workers: 2]
      [GC Worker Start (ms): Min: 30827509.3, Avg: 30827509.3, Max: 30827509.3, Diff: 0.0]
      [Ext Root Scanning (ms): Min: 67.2, Avg: 76.8, Max: 86.4, Diff: 19.2, Sum: 153.6]
      [Update RS (ms): Min: 45.1, Avg: 57.3, Max: 69.5, Diff: 24.3, Sum: 114.6]
         [Processed Buffers: Min: 137, Avg: 148.0, Max: 159, Diff: 22, Sum: 296]
      [Scan RS (ms): Min: 114.8, Avg: 114.9, Max: 115.0, Diff: 0.1, Sum: 229.8]
      [Object Copy (ms): Min: 265.0, Avg: 267.5, Max: 269.9, Diff: 5.0, Sum: 534.9]
      [Termination (ms): Min: 0.0, Avg: 0.0, Max: 0.0, Diff: 0.0, Sum: 0.0]
      [GC Worker Other (ms): Min: 0.1, Avg: 0.1, Max: 0.1, Diff: 0.0, Sum: 0.2]
      [GC Worker Total (ms): Min: 516.6, Avg: 516.6, Max: 516.6, Diff: 0.0, Sum: 1033.2]
      [GC Worker End (ms): Min: 30828025.9, Avg: 30828025.9, Max: 30828025.9, Diff: 0.0]
   [Code Root Fixup: 0.0 ms]
   [Clear CT: 1.0 ms]
   [Other: 16.3 ms]
      [Choose CSet: 0.8 ms]
      [Ref Proc: 5.3 ms]
      [Ref Enq: 0.1 ms]
      [Free CSet: 6.7 ms]
   [Eden: 955.0M(955.0M)->0.0B(944.0M) Survivors: 69.0M->80.0M Heap: 2108.5M(3072.0M)->1155.0M(3072.0M)]
 [Times: user=1.05 sys=0.01, real=0.54 secs] 
30832.484: [GC pause (young)
Desired survivor size 67108864 bytes, new threshold 2 (max 32)
- age   1:   48925248 bytes,   48925248 total
- age   2:   32171128 bytes,   81096376 total
, 0.4335840 secs]
   [Parallel Time: 419.7 ms, GC Workers: 2]
      [GC Worker Start (ms): Min: 30832486.3, Avg: 30832486.3, Max: 30832486.4, Diff: 0.0]
      [Ext Root Scanning (ms): Min: 64.9, Avg: 73.2, Max: 81.5, Diff: 16.7, Sum: 146.4]
      [Update RS (ms): Min: 31.1, Avg: 41.8, Max: 52.6, Diff: 21.6, Sum: 83.7]
         [Processed Buffers: Min: 121, Avg: 149.0, Max: 177, Diff: 56, Sum: 298]
      [Scan RS (ms): Min: 85.1, Avg: 85.1, Max: 85.2, Diff: 0.0, Sum: 170.3]
      [Object Copy (ms): Min: 216.7, Avg: 219.2, Max: 221.7, Diff: 4.9, Sum: 438.4]
      [Termination (ms): Min: 0.0, Avg: 0.0, Max: 0.0, Diff: 0.0, Sum: 0.0]
      [GC Worker Other (ms): Min: 0.1, Avg: 0.1, Max: 0.1, Diff: 0.0, Sum: 0.2]
      [GC Worker Total (ms): Min: 419.5, Avg: 419.5, Max: 419.5, Diff: 0.0, Sum: 839.0]
      [GC Worker End (ms): Min: 30832905.8, Avg: 30832905.9, Max: 30832905.9, Diff: 0.0]
   [Code Root Fixup: 0.0 ms]
   [Clear CT: 0.7 ms]
   [Other: 13.2 ms]
      [Choose CSet: 0.0 ms]
      [Ref Proc: 5.7 ms]
      [Ref Enq: 0.1 ms]
      [Free CSet: 4.4 ms]
   [Eden: 944.0M(944.0M)->0.0B(959.0M) Survivors: 80.0M->65.0M Heap: 2125.7M(3072.0M)->1196.7M(3072.0M)]
 [Times: user=0.85 sys=0.00, real=0.44 secs] 
30839.678: [GC pause (young)
Desired survivor size 67108864 bytes, new threshold 16 (max 32)
- age   1:   29161728 bytes,   29161728 total
- age   2:   36307368 bytes,   65469096 total
, 0.5218620 secs]
   [Parallel Time: 509.4 ms, GC Workers: 2]
      [GC Worker Start (ms): Min: 30839679.9, Avg: 30839679.9, Max: 30839679.9, Diff: 0.0]
      [Ext Root Scanning (ms): Min: 75.5, Avg: 82.9, Max: 90.4, Diff: 14.9, Sum: 165.9]
      [Update RS (ms): Min: 67.6, Avg: 77.7, Max: 87.7, Diff: 20.1, Sum: 155.3]
         [Processed Buffers: Min: 103, Avg: 140.5, Max: 178, Diff: 75, Sum: 281]
      [Scan RS (ms): Min: 88.7, Avg: 88.8, Max: 88.9, Diff: 0.2, Sum: 177.7]
      [Object Copy (ms): Min: 257.1, Avg: 259.8, Max: 262.4, Diff: 5.3, Sum: 519.6]
      [Termination (ms): Min: 0.0, Avg: 0.0, Max: 0.0, Diff: 0.0, Sum: 0.0]
      [GC Worker Other (ms): Min: 0.1, Avg: 0.1, Max: 0.1, Diff: 0.0, Sum: 0.2]
      [GC Worker Total (ms): Min: 509.3, Avg: 509.3, Max: 509.3, Diff: 0.0, Sum: 1018.7]
      [GC Worker End (ms): Min: 30840189.2, Avg: 30840189.2, Max: 30840189.2, Diff: 0.0]
   [Code Root Fixup: 0.0 ms]
   [Clear CT: 0.9 ms]
   [Other: 11.5 ms]
      [Choose CSet: 0.0 ms]
      [Ref Proc: 3.4 ms]
      [Ref Enq: 0.1 ms]
      [Free CSet: 5.2 ms]
   [Eden: 959.0M(959.0M)->0.0B(916.0M) Survivors: 65.0M->108.0M Heap: 2158.2M(3072.0M)->1242.2M(3072.0M)]
 [Times: user=1.02 sys=0.00, real=0.53 secs] 
30845.077: [GC pause (young)
Desired survivor size 67108864 bytes, new threshold 2 (max 32)
- age   1:   49471888 bytes,   49471888 total
- age   2:   27156032 bytes,   76627920 total
- age   3:   34485928 bytes,  111113848 total
, 0.5480710 secs]
   [Parallel Time: 536.3 ms, GC Workers: 2]
      [GC Worker Start (ms): Min: 30845079.1, Avg: 30845079.1, Max: 30845079.1, Diff: 0.0]
      [Ext Root Scanning (ms): Min: 69.8, Avg: 79.0, Max: 88.3, Diff: 18.5, Sum: 158.1]
      [Update RS (ms): Min: 41.1, Avg: 53.5, Max: 65.8, Diff: 24.8, Sum: 106.9]
         [Processed Buffers: Min: 121, Avg: 150.0, Max: 179, Diff: 58, Sum: 300]
      [Scan RS (ms): Min: 90.6, Avg: 90.6, Max: 90.7, Diff: 0.1, Sum: 181.3]
      [Object Copy (ms): Min: 309.7, Avg: 312.9, Max: 316.1, Diff: 6.4, Sum: 625.8]
      [Termination (ms): Min: 0.0, Avg: 0.0, Max: 0.0, Diff: 0.0, Sum: 0.0]
      [GC Worker Other (ms): Min: 0.1, Avg: 0.1, Max: 0.1, Diff: 0.0, Sum: 0.2]
      [GC Worker Total (ms): Min: 536.1, Avg: 536.1, Max: 536.1, Diff: 0.0, Sum: 1072.3]
      [GC Worker End (ms): Min: 30845615.2, Avg: 30845615.3, Max: 30845615.3, Diff: 0.0]
   [Code Root Fixup: 0.0 ms]
   [Clear CT: 0.9 ms]
   [Other: 10.9 ms]
      [Choose CSet: 0.0 ms]
      [Ref Proc: 2.7 ms]
      [Ref Enq: 0.0 ms]
      [Free CSet: 4.9 ms]
   [Eden: 916.0M(916.0M)->0.0B(941.0M) Survivors: 108.0M->83.0M Heap: 2161.7M(3072.0M)->1278.2M(3072.0M)]
 [Times: user=1.07 sys=0.01, real=0.55 secs] 
30848.016: [GC pause (young)
Desired survivor size 67108864 bytes, new threshold 2 (max 32)
- age   1:   46823016 bytes,   46823016 total
- age   2:   38484056 bytes,   85307072 total
, 0.4481500 secs]
   [Parallel Time: 439.6 ms, GC Workers: 2]
      [GC Worker Start (ms): Min: 30848017.6, Avg: 30848017.6, Max: 30848017.6, Diff: 0.0]
      [Ext Root Scanning (ms): Min: 61.1, Avg: 76.1, Max: 91.2, Diff: 30.0, Sum: 152.3]
      [Update RS (ms): Min: 3.7, Avg: 17.0, Max: 30.4, Diff: 26.8, Sum: 34.1]
         [Processed Buffers: Min: 113, Avg: 133.5, Max: 154, Diff: 41, Sum: 267]
      [Scan RS (ms): Min: 64.9, Avg: 65.1, Max: 65.3, Diff: 0.3, Sum: 130.2]
      [Object Copy (ms): Min: 279.6, Avg: 281.0, Max: 282.5, Diff: 3.0, Sum: 562.1]
      [Termination (ms): Min: 0.0, Avg: 0.0, Max: 0.0, Diff: 0.0, Sum: 0.0]
      [GC Worker Other (ms): Min: 0.1, Avg: 0.1, Max: 0.1, Diff: 0.0, Sum: 0.2]
      [GC Worker Total (ms): Min: 439.4, Avg: 439.4, Max: 439.4, Diff: 0.0, Sum: 878.9]
      [GC Worker End (ms): Min: 30848457.0, Avg: 30848457.0, Max: 30848457.0, Diff: 0.0]
   [Code Root Fixup: 0.0 ms]
   [Clear CT: 0.7 ms]
   [Other: 7.9 ms]
      [Choose CSet: 0.0 ms]
      [Ref Proc: 1.8 ms]
      [Ref Enq: 0.0 ms]
      [Free CSet: 3.0 ms]
   [Eden: 641.0M(941.0M)->0.0B(937.0M) Survivors: 83.0M->87.0M Heap: 1931.6M(3072.0M)->1331.1M(3072.0M)]
 [Times: user=0.89 sys=0.00, real=0.45 secs] 
30852.257: [GC pause (young) (initial-mark)
Desired survivor size 67108864 bytes, new threshold 2 (max 32)
- age   1:   43957672 bytes,   43957672 total
- age   2:   44428408 bytes,   88386080 total
, 0.4428780 secs]
   [Parallel Time: 433.2 ms, GC Workers: 2]
      [GC Worker Start (ms): Min: 30852258.9, Avg: 30852259.0, Max: 30852259.0, Diff: 0.0]
      [Ext Root Scanning (ms): Min: 59.9, Avg: 77.4, Max: 95.0, Diff: 35.1, Sum: 154.8]
      [Update RS (ms): Min: 32.2, Avg: 48.1, Max: 64.1, Diff: 31.8, Sum: 96.3]
         [Processed Buffers: Min: 49, Avg: 132.5, Max: 216, Diff: 167, Sum: 265]
      [Scan RS (ms): Min: 71.2, Avg: 71.3, Max: 71.3, Diff: 0.0, Sum: 142.5]
      [Object Copy (ms): Min: 234.5, Avg: 236.1, Max: 237.7, Diff: 3.3, Sum: 472.2]
      [Termination (ms): Min: 0.0, Avg: 0.0, Max: 0.0, Diff: 0.0, Sum: 0.0]
      [GC Worker Other (ms): Min: 0.1, Avg: 0.1, Max: 0.1, Diff: 0.0, Sum: 0.2]
      [GC Worker Total (ms): Min: 433.0, Avg: 433.0, Max: 433.0, Diff: 0.0, Sum: 866.0]
      [GC Worker End (ms): Min: 30852692.0, Avg: 30852692.0, Max: 30852692.0, Diff: 0.0]
   [Code Root Fixup: 0.0 ms]
   [Clear CT: 0.7 ms]
   [Other: 9.0 ms]
      [Choose CSet: 0.0 ms]
      [Ref Proc: 2.5 ms]
      [Ref Enq: 0.0 ms]
      [Free CSet: 3.4 ms]
   [Eden: 686.0M(937.0M)->0.0B(972.0M) Survivors: 87.0M->52.0M Heap: 2062.5M(3072.0M)->1372.9M(3072.0M)]
 [Times: user=0.87 sys=0.01, real=0.44 secs] 
30852.700: [GC concurrent-root-region-scan-start]
30852.958: [GC concurrent-root-region-scan-end, 0.2580690 secs]
30852.958: [GC concurrent-mark-start]
30855.123: [GC pause (young)
Desired survivor size 67108864 bytes, new threshold 16 (max 32)
- age   1:   30130248 bytes,   30130248 total
- age   2:   22137824 bytes,   52268072 total
, 0.3111900 secs]
   [Parallel Time: 300.6 ms, GC Workers: 2]
      [GC Worker Start (ms): Min: 30855124.7, Avg: 30855124.8, Max: 30855124.8, Diff: 0.1]
      [Ext Root Scanning (ms): Min: 71.7, Avg: 82.9, Max: 94.1, Diff: 22.4, Sum: 165.8]
      [SATB Filtering (ms): Min: 0.0, Avg: 0.4, Max: 0.8, Diff: 0.8, Sum: 0.8]
      [Update RS (ms): Min: 69.0, Avg: 82.9, Max: 96.9, Diff: 27.9, Sum: 165.9]
         [Processed Buffers: Min: 195, Avg: 242.0, Max: 289, Diff: 94, Sum: 484]
      [Scan RS (ms): Min: 29.6, Avg: 29.6, Max: 29.6, Diff: 0.0, Sum: 59.2]
      [Object Copy (ms): Min: 101.4, Avg: 104.5, Max: 107.7, Diff: 6.3, Sum: 209.0]
      [Termination (ms): Min: 0.0, Avg: 0.0, Max: 0.0, Diff: 0.0, Sum: 0.0]
      [GC Worker Other (ms): Min: 0.1, Avg: 0.1, Max: 0.2, Diff: 0.1, Sum: 0.3]
      [GC Worker Total (ms): Min: 300.4, Avg: 300.5, Max: 300.5, Diff: 0.1, Sum: 601.0]
      [GC Worker End (ms): Min: 30855425.3, Avg: 30855425.3, Max: 30855425.3, Diff: 0.0]
   [Code Root Fixup: 0.0 ms]
   [Clear CT: 0.5 ms]
   [Other: 10.1 ms]
      [Choose CSet: 0.0 ms]
      [Ref Proc: 6.6 ms]
      [Ref Enq: 0.1 ms]
      [Free CSet: 1.3 ms]
   [Eden: 274.0M(972.0M)->0.0B(968.0M) Survivors: 52.0M->56.0M Heap: 1747.2M(3072.0M)->1477.4M(3072.0M)]
 [Times: user=0.61 sys=0.00, real=0.31 secs] 
30857.263: [GC concurrent-mark-end, 4.3049820 secs]
30857.265: [GC remark 30857.266: [GC ref-proc, 0.6666320 secs], 0.7444750 secs]
 [Times: user=0.74 sys=0.00, real=0.74 secs] 
30858.013: [GC cleanup 1775M->1597M(3072M), 0.0327860 secs]
 [Times: user=0.06 sys=0.00, real=0.03 secs] 
30858.046: [GC concurrent-cleanup-start]
30858.047: [GC concurrent-cleanup-end, 0.0004270 secs]
30861.456: [GC pause (young)
Desired survivor size 67108864 bytes, new threshold 16 (max 32)
- age   1:   13936744 bytes,   13936744 total
- age   2:   24378072 bytes,   38314816 total
- age   3:   18972984 bytes,   57287800 total
, 0.5873080 secs]
   [Parallel Time: 573.2 ms, GC Workers: 2]
      [GC Worker Start (ms): Min: 30861457.2, Avg: 30861457.5, Max: 30861457.9, Diff: 0.7]
      [Ext Root Scanning (ms): Min: 66.5, Avg: 73.9, Max: 81.4, Diff: 14.9, Sum: 147.8]
      [Update RS (ms): Min: 8.5, Avg: 18.9, Max: 29.2, Diff: 20.7, Sum: 37.7]
         [Processed Buffers: Min: 134, Avg: 152.5, Max: 171, Diff: 37, Sum: 305]
      [Scan RS (ms): Min: 68.1, Avg: 68.2, Max: 68.2, Diff: 0.1, Sum: 136.3]
      [Object Copy (ms): Min: 409.2, Avg: 411.8, Max: 414.3, Diff: 5.1, Sum: 823.5]
      [Termination (ms): Min: 0.0, Avg: 0.0, Max: 0.0, Diff: 0.0, Sum: 0.0]
      [GC Worker Other (ms): Min: 0.1, Avg: 0.1, Max: 0.1, Diff: 0.0, Sum: 0.2]
      [GC Worker Total (ms): Min: 572.4, Avg: 572.8, Max: 573.2, Diff: 0.7, Sum: 1145.6]
      [GC Worker End (ms): Min: 30862030.3, Avg: 30862030.3, Max: 30862030.3, Diff: 0.0]
   [Code Root Fixup: 0.0 ms]
   [Clear CT: 0.8 ms]
   [Other: 13.3 ms]
      [Choose CSet: 0.0 ms]
      [Ref Proc: 7.0 ms]
      [Ref Enq: 0.1 ms]
      [Free CSet: 4.3 ms]
   [Eden: 968.0M(968.0M)->0.0B(896.0M) Survivors: 56.0M->128.0M Heap: 2313.5M(3072.0M)->1457.0M(3072.0M)]
 [Times: user=1.14 sys=0.00, real=0.58 secs] 
30866.842: [GC pause (mixed)
Desired survivor size 67108864 bytes, new threshold 1 (max 32)
- age   1:  132070704 bytes,  132070704 total
- age   2:   11915776 bytes,  143986480 total
- age   3:   15388080 bytes,  159374560 total
- age   4:   11595848 bytes,  170970408 total
, 0.5924240 secs]
   [Parallel Time: 578.8 ms, GC Workers: 2]
      [GC Worker Start (ms): Min: 30866843.3, Avg: 30866843.3, Max: 30866843.3, Diff: 0.0]
      [Ext Root Scanning (ms): Min: 66.7, Avg: 75.4, Max: 84.0, Diff: 17.3, Sum: 150.7]
      [Update RS (ms): Min: 15.3, Avg: 26.7, Max: 38.1, Diff: 22.8, Sum: 53.4]
         [Processed Buffers: Min: 123, Avg: 133.5, Max: 144, Diff: 21, Sum: 267]
      [Scan RS (ms): Min: 121.4, Avg: 121.4, Max: 121.4, Diff: 0.1, Sum: 242.8]
      [Object Copy (ms): Min: 352.4, Avg: 355.1, Max: 357.7, Diff: 5.3, Sum: 710.1]
      [Termination (ms): Min: 0.0, Avg: 0.0, Max: 0.0, Diff: 0.0, Sum: 0.0]
      [GC Worker Other (ms): Min: 0.1, Avg: 0.1, Max: 0.2, Diff: 0.1, Sum: 0.3]
      [GC Worker Total (ms): Min: 578.6, Avg: 578.7, Max: 578.7, Diff: 0.0, Sum: 1157.3]
      [GC Worker End (ms): Min: 30867422.0, Avg: 30867422.0, Max: 30867422.0, Diff: 0.1]
   [Code Root Fixup: 0.0 ms]
   [Clear CT: 1.7 ms]
   [Other: 12.0 ms]
      [Choose CSet: 1.0 ms]
      [Ref Proc: 4.4 ms]
      [Ref Enq: 0.1 ms]
      [Free CSet: 3.8 ms]
   [Eden: 896.0M(896.0M)->0.0B(947.0M) Survivors: 128.0M->77.0M Heap: 2379.0M(3072.0M)->1464.0M(3072.0M)]
 [Times: user=1.16 sys=0.00, real=0.59 secs] 
30873.255: [GC pause (mixed)
Desired survivor size 67108864 bytes, new threshold 1 (max 32)
- age   1:   75867424 bytes,   75867424 total
, 0.3284080 secs]
   [Parallel Time: 315.9 ms, GC Workers: 2]
      [GC Worker Start (ms): Min: 30873255.6, Avg: 30873255.8, Max: 30873256.0, Diff: 0.5]
      [Ext Root Scanning (ms): Min: 64.3, Avg: 75.5, Max: 86.8, Diff: 22.5, Sum: 151.1]
      [Update RS (ms): Min: 20.4, Avg: 34.6, Max: 48.8, Diff: 28.4, Sum: 69.3]
         [Processed Buffers: Min: 114, Avg: 156.0, Max: 198, Diff: 84, Sum: 312]
      [Scan RS (ms): Min: 43.4, Avg: 43.4, Max: 43.5, Diff: 0.1, Sum: 86.8]
      [Object Copy (ms): Min: 158.7, Avg: 161.8, Max: 165.0, Diff: 6.2, Sum: 323.7]
      [Termination (ms): Min: 0.0, Avg: 0.0, Max: 0.0, Diff: 0.0, Sum: 0.0]
      [GC Worker Other (ms): Min: 0.1, Avg: 0.1, Max: 0.1, Diff: 0.0, Sum: 0.2]
      [GC Worker Total (ms): Min: 315.3, Avg: 315.6, Max: 315.8, Diff: 0.5, Sum: 631.1]
      [GC Worker End (ms): Min: 30873571.4, Avg: 30873571.4, Max: 30873571.4, Diff: 0.0]
   [Code Root Fixup: 0.0 ms]
   [Clear CT: 1.0 ms]
   [Other: 11.5 ms]
      [Choose CSet: 0.3 ms]
      [Ref Proc: 6.4 ms]
      [Ref Enq: 0.1 ms]
      [Free CSet: 2.5 ms]
   [Eden: 947.0M(947.0M)->0.0B(1001.0M) Survivors: 77.0M->23.0M Heap: 2411.5M(3072.0M)->1458.5M(3072.0M)]
 [Times: user=0.64 sys=0.00, real=0.33 secs] 
30875.303: [GC pause (young) (initial-mark)
Desired survivor size 67108864 bytes, new threshold 16 (max 32)
- age   1:   20742736 bytes,   20742736 total
, 0.2168150 secs]
   [Parallel Time: 209.8 ms, GC Workers: 2]
      [GC Worker Start (ms): Min: 30875304.4, Avg: 30875304.4, Max: 30875304.4, Diff: 0.0]
      [Ext Root Scanning (ms): Min: 73.9, Avg: 82.3, Max: 90.6, Diff: 16.7, Sum: 164.5]
      [Update RS (ms): Min: 11.2, Avg: 28.3, Max: 45.4, Diff: 34.2, Sum: 56.7]
         [Processed Buffers: Min: 138, Avg: 142.0, Max: 146, Diff: 8, Sum: 284]
      [Scan RS (ms): Min: 8.1, Avg: 8.1, Max: 8.2, Diff: 0.0, Sum: 16.3]
      [Object Copy (ms): Min: 82.1, Avg: 90.9, Max: 99.6, Diff: 17.5, Sum: 181.7]
      [Termination (ms): Min: 0.0, Avg: 0.0, Max: 0.0, Diff: 0.0, Sum: 0.0]
      [GC Worker Other (ms): Min: 0.1, Avg: 0.1, Max: 0.1, Diff: 0.0, Sum: 0.2]
      [GC Worker Total (ms): Min: 209.7, Avg: 209.7, Max: 209.7, Diff: 0.0, Sum: 419.4]
      [GC Worker End (ms): Min: 30875514.1, Avg: 30875514.1, Max: 30875514.1, Diff: 0.0]
   [Code Root Fixup: 0.0 ms]
   [Clear CT: 0.4 ms]
   [Other: 6.6 ms]
      [Choose CSet: 0.0 ms]
      [Ref Proc: 3.9 ms]
      [Ref Enq: 0.0 ms]
      [Free CSet: 0.8 ms]
   [Eden: 245.0M(1001.0M)->0.0B(991.0M) Survivors: 23.0M->33.0M Heap: 1702.9M(3072.0M)->1468.0M(3072.0M)]
 [Times: user=0.43 sys=0.00, real=0.22 secs] 
30875.520: [GC concurrent-root-region-scan-start]
30875.609: [GC concurrent-root-region-scan-end, 0.0886370 secs]
30875.609: [GC concurrent-mark-start]
30877.044: [GC concurrent-mark-end, 1.4347440 secs]
30877.045: [GC remark 30877.046: [GC ref-proc, 0.0335700 secs], 0.1006420 secs]
 [Times: user=0.10 sys=0.00, real=0.10 secs] 
30877.148: [GC cleanup 1709M->1397M(3072M), 0.0275220 secs]
 [Times: user=0.06 sys=0.00, real=0.02 secs] 
30877.177: [GC concurrent-cleanup-start]
30877.178: [GC concurrent-cleanup-end, 0.0007430 secs]
30882.986: [GC pause (young)
Desired survivor size 67108864 bytes, new threshold 16 (max 32)
- age   1:   15293112 bytes,   15293112 total
- age   2:   15820488 bytes,   31113600 total
, 0.2249290 secs]
   [Parallel Time: 209.4 ms, GC Workers: 2]
      [GC Worker Start (ms): Min: 30882986.6, Avg: 30882986.6, Max: 30882986.7, Diff: 0.0]
      [Ext Root Scanning (ms): Min: 66.8, Avg: 77.9, Max: 89.1, Diff: 22.3, Sum: 155.9]
      [Update RS (ms): Min: 13.7, Avg: 27.5, Max: 41.3, Diff: 27.5, Sum: 55.0]
         [Processed Buffers: Min: 105, Avg: 155.0, Max: 205, Diff: 100, Sum: 310]
      [Scan RS (ms): Min: 16.1, Avg: 16.4, Max: 16.6, Diff: 0.5, Sum: 32.7]
      [Object Copy (ms): Min: 84.5, Avg: 87.3, Max: 90.2, Diff: 5.7, Sum: 174.7]
      [Termination (ms): Min: 0.0, Avg: 0.0, Max: 0.0, Diff: 0.0, Sum: 0.0]
      [GC Worker Other (ms): Min: 0.1, Avg: 0.1, Max: 0.1, Diff: 0.0, Sum: 0.2]
      [GC Worker Total (ms): Min: 209.2, Avg: 209.2, Max: 209.2, Diff: 0.0, Sum: 418.5]
      [GC Worker End (ms): Min: 30883195.9, Avg: 30883195.9, Max: 30883195.9, Diff: 0.0]
   [Code Root Fixup: 0.0 ms]
   [Clear CT: 0.8 ms]
   [Other: 14.7 ms]
      [Choose CSet: 0.0 ms]
      [Ref Proc: 10.6 ms]
      [Ref Enq: 0.2 ms]
      [Free CSet: 2.6 ms]
   [Eden: 991.0M(991.0M)->0.0B(973.0M) Survivors: 33.0M->51.0M Heap: 2188.9M(3072.0M)->1215.9M(3072.0M)]
 [Times: user=0.43 sys=0.00, real=0.23 secs] 
30888.824: [GC pause (mixed)
Desired survivor size 67108864 bytes, new threshold 16 (max 32)
- age   1:   30918288 bytes,   30918288 total
- age   2:    5321144 bytes,   36239432 total
- age   3:   10508352 bytes,   46747784 total
, 0.2947680 secs]
   [Parallel Time: 280.7 ms, GC Workers: 2]
      [GC Worker Start (ms): Min: 30888825.5, Avg: 30888825.5, Max: 30888825.5, Diff: 0.0]
      [Ext Root Scanning (ms): Min: 69.9, Avg: 77.2, Max: 84.5, Diff: 14.7, Sum: 154.4]
      [Update RS (ms): Min: 27.8, Avg: 37.7, Max: 47.6, Diff: 19.8, Sum: 75.4]
         [Processed Buffers: Min: 68, Avg: 98.5, Max: 129, Diff: 61, Sum: 197]
      [Scan RS (ms): Min: 31.2, Avg: 31.3, Max: 31.4, Diff: 0.2, Sum: 62.5]
      [Object Copy (ms): Min: 131.8, Avg: 134.3, Max: 136.8, Diff: 5.0, Sum: 268.6]
      [Termination (ms): Min: 0.0, Avg: 0.0, Max: 0.0, Diff: 0.0, Sum: 0.0]
      [GC Worker Other (ms): Min: 0.1, Avg: 0.1, Max: 0.1, Diff: 0.0, Sum: 0.2]
      [GC Worker Total (ms): Min: 280.6, Avg: 280.6, Max: 280.6, Diff: 0.0, Sum: 561.2]
      [GC Worker End (ms): Min: 30889106.1, Avg: 30889106.1, Max: 30889106.1, Diff: 0.0]
   [Code Root Fixup: 0.0 ms]
   [Clear CT: 1.0 ms]
   [Other: 13.1 ms]
      [Choose CSet: 1.3 ms]
      [Ref Proc: 6.9 ms]
      [Ref Enq: 0.1 ms]
      [Free CSet: 3.8 ms]
   [Eden: 973.0M(973.0M)->0.0B(960.0M) Survivors: 51.0M->64.0M Heap: 2188.9M(3072.0M)->1016.9M(3072.0M)]
 [Times: user=0.57 sys=0.01, real=0.30 secs] 
30895.567: [GC pause (mixed)
Desired survivor size 67108864 bytes, new threshold 16 (max 32)
- age   1:   39632496 bytes,   39632496 total
- age   2:   14551400 bytes,   54183896 total
- age   3:    3501456 bytes,   57685352 total
- age   4:    5452664 bytes,   63138016 total
, 0.2907730 secs]
   [Parallel Time: 277.0 ms, GC Workers: 2]
      [GC Worker Start (ms): Min: 30895569.0, Avg: 30895569.0, Max: 30895569.0, Diff: 0.0]
      [Ext Root Scanning (ms): Min: 71.5, Avg: 78.0, Max: 84.5, Diff: 12.9, Sum: 156.0]
      [Update RS (ms): Min: 12.6, Avg: 21.5, Max: 30.4, Diff: 17.8, Sum: 42.9]
         [Processed Buffers: Min: 81, Avg: 167.5, Max: 254, Diff: 173, Sum: 335]
      [Scan RS (ms): Min: 46.7, Avg: 46.8, Max: 46.8, Diff: 0.1, Sum: 93.5]
      [Object Copy (ms): Min: 128.1, Avg: 130.6, Max: 133.1, Diff: 5.0, Sum: 261.2]
      [Termination (ms): Min: 0.0, Avg: 0.0, Max: 0.0, Diff: 0.0, Sum: 0.0]
      [GC Worker Other (ms): Min: 0.1, Avg: 0.1, Max: 0.1, Diff: 0.0, Sum: 0.2]
      [GC Worker Total (ms): Min: 276.9, Avg: 276.9, Max: 276.9, Diff: 0.0, Sum: 553.8]
      [GC Worker End (ms): Min: 30895845.9, Avg: 30895845.9, Max: 30895845.9, Diff: 0.0]
   [Code Root Fixup: 0.0 ms]
   [Clear CT: 0.9 ms]
   [Other: 12.8 ms]
      [Choose CSet: 1.4 ms]
      [Ref Proc: 6.2 ms]
      [Ref Enq: 0.1 ms]
      [Free CSet: 4.0 ms]
   [Eden: 960.0M(960.0M)->0.0B(962.0M) Survivors: 64.0M->62.0M Heap: 2006.1M(3072.0M)->922.1M(3072.0M)]
 [Times: user=0.56 sys=0.00, real=0.29 secs] 
30902.698: [GC pause (mixed)
Desired survivor size 67108864 bytes, new threshold 16 (max 32)
- age   1:   25679800 bytes,   25679800 total
- age   2:   15524304 bytes,   41204104 total
- age   3:   12669896 bytes,   53874000 total
- age   4:    3223184 bytes,   57097184 total
- age   5:    4550232 bytes,   61647416 total
, 0.5999540 secs]
   [Parallel Time: 586.8 ms, GC Workers: 2]
      [GC Worker Start (ms): Min: 30902700.5, Avg: 30902700.5, Max: 30902700.5, Diff: 0.0]
      [Ext Root Scanning (ms): Min: 66.5, Avg: 76.3, Max: 86.1, Diff: 19.6, Sum: 152.6]
      [Update RS (ms): Min: 29.3, Avg: 42.4, Max: 55.4, Diff: 26.1, Sum: 84.7]
         [Processed Buffers: Min: 64, Avg: 96.0, Max: 128, Diff: 64, Sum: 192]
      [Scan RS (ms): Min: 53.6, Avg: 53.7, Max: 53.7, Diff: 0.2, Sum: 107.3]
      [Object Copy (ms): Min: 411.1, Avg: 414.2, Max: 417.4, Diff: 6.3, Sum: 828.5]
      [Termination (ms): Min: 0.0, Avg: 0.0, Max: 0.0, Diff: 0.0, Sum: 0.0]
      [GC Worker Other (ms): Min: 0.1, Avg: 0.1, Max: 0.1, Diff: 0.0, Sum: 0.2]
      [GC Worker Total (ms): Min: 586.6, Avg: 586.6, Max: 586.6, Diff: 0.0, Sum: 1173.3]
      [GC Worker End (ms): Min: 30903287.2, Avg: 30903287.2, Max: 30903287.2, Diff: 0.0]
   [Code Root Fixup: 0.0 ms]
   [Clear CT: 0.9 ms]
   [Other: 12.2 ms]
      [Choose CSet: 1.6 ms]
      [Ref Proc: 4.9 ms]
      [Ref Enq: 0.1 ms]
      [Free CSet: 3.9 ms]
   [Eden: 962.0M(962.0M)->0.0B(896.0M) Survivors: 62.0M->128.0M Heap: 1886.4M(3072.0M)->907.4M(3072.0M)]
 [Times: user=1.18 sys=0.00, real=0.60 secs] 
30907.738: [GC pause (mixed)
Desired survivor size 67108864 bytes, new threshold 1 (max 32)
- age   1:  120438752 bytes,  120438752 total
- age   2:   16812688 bytes,  137251440 total
- age   3:   13093872 bytes,  150345312 total
- age   4:   10509928 bytes,  160855240 total
- age   5:    2956712 bytes,  163811952 total
- age   6:    3835048 bytes,  167647000 total
, 0.6753110 secs]
   [Parallel Time: 661.3 ms, GC Workers: 2]
      [GC Worker Start (ms): Min: 30907740.1, Avg: 30907740.1, Max: 30907740.2, Diff: 0.1]
      [Ext Root Scanning (ms): Min: 66.1, Avg: 74.3, Max: 82.6, Diff: 16.5, Sum: 148.7]
      [Update RS (ms): Min: 26.8, Avg: 38.2, Max: 49.5, Diff: 22.7, Sum: 76.3]
         [Processed Buffers: Min: 139, Avg: 175.5, Max: 212, Diff: 73, Sum: 351]
      [Scan RS (ms): Min: 116.3, Avg: 116.4, Max: 116.4, Diff: 0.1, Sum: 232.7]
      [Object Copy (ms): Min: 429.2, Avg: 432.2, Max: 435.3, Diff: 6.1, Sum: 864.4]
      [Termination (ms): Min: 0.0, Avg: 0.0, Max: 0.0, Diff: 0.0, Sum: 0.0]
      [GC Worker Other (ms): Min: 0.1, Avg: 0.1, Max: 0.1, Diff: 0.0, Sum: 0.2]
      [GC Worker Total (ms): Min: 661.1, Avg: 661.2, Max: 661.2, Diff: 0.1, Sum: 1322.4]
      [GC Worker End (ms): Min: 30908401.3, Avg: 30908401.3, Max: 30908401.3, Diff: 0.0]
   [Code Root Fixup: 0.0 ms]
   [Clear CT: 1.5 ms]
   [Other: 12.5 ms]
      [Choose CSet: 0.6 ms]
      [Ref Proc: 3.1 ms]
      [Ref Enq: 0.1 ms]
      [Free CSet: 5.0 ms]
   [Eden: 896.0M(896.0M)->0.0B(962.0M) Survivors: 128.0M->62.0M Heap: 1834.1M(3072.0M)->958.1M(3072.0M)]
 [Times: user=1.33 sys=0.01, real=0.68 secs] 
30912.608: [GC pause (young)
Desired survivor size 67108864 bytes, new threshold 16 (max 32)
- age   1:   62111152 bytes,   62111152 total
, 0.4189510 secs]
   [Parallel Time: 406.5 ms, GC Workers: 2]
      [GC Worker Start (ms): Min: 30912609.4, Avg: 30912609.4, Max: 30912609.4, Diff: 0.0]
      [Ext Root Scanning (ms): Min: 65.1, Avg: 73.0, Max: 81.0, Diff: 16.0, Sum: 146.1]
      [Update RS (ms): Min: 49.9, Avg: 60.1, Max: 70.2, Diff: 20.3, Sum: 120.1]
         [Processed Buffers: Min: 166, Avg: 175.0, Max: 184, Diff: 18, Sum: 350]
      [Scan RS (ms): Min: 56.5, Avg: 56.6, Max: 56.7, Diff: 0.3, Sum: 113.2]
      [Object Copy (ms): Min: 214.5, Avg: 216.5, Max: 218.6, Diff: 4.1, Sum: 433.1]
      [Termination (ms): Min: 0.0, Avg: 0.0, Max: 0.0, Diff: 0.0, Sum: 0.0]
      [GC Worker Other (ms): Min: 0.1, Avg: 0.1, Max: 0.1, Diff: 0.0, Sum: 0.2]
      [GC Worker Total (ms): Min: 406.4, Avg: 406.4, Max: 406.4, Diff: 0.0, Sum: 812.7]
      [GC Worker End (ms): Min: 30913015.7, Avg: 30913015.7, Max: 30913015.7, Diff: 0.0]
   [Code Root Fixup: 0.0 ms]
   [Clear CT: 0.7 ms]
   [Other: 11.7 ms]
      [Choose CSet: 0.0 ms]
      [Ref Proc: 5.4 ms]
      [Ref Enq: 0.1 ms]
      [Free CSet: 4.0 ms]
   [Eden: 962.0M(962.0M)->0.0B(929.0M) Survivors: 62.0M->95.0M Heap: 1950.8M(3072.0M)->1021.8M(3072.0M)]
 [Times: user=0.83 sys=0.00, real=0.42 secs] 
30918.568: [GC pause (young)
Desired survivor size 67108864 bytes, new threshold 2 (max 32)
- age   1:   38726192 bytes,   38726192 total
- age   2:   55789376 bytes,   94515568 total
, 0.4751680 secs]
   [Parallel Time: 457.5 ms, GC Workers: 2]
      [GC Worker Start (ms): Min: 30918570.0, Avg: 30918570.0, Max: 30918570.0, Diff: 0.0]
      [Ext Root Scanning (ms): Min: 67.5, Avg: 76.0, Max: 84.5, Diff: 17.0, Sum: 152.1]
      [Update RS (ms): Min: 49.4, Avg: 60.5, Max: 71.7, Diff: 22.3, Sum: 121.1]
         [Processed Buffers: Min: 114, Avg: 159.0, Max: 204, Diff: 90, Sum: 318]
      [Scan RS (ms): Min: 66.7, Avg: 66.8, Max: 66.9, Diff: 0.2, Sum: 133.6]
      [Object Copy (ms): Min: 251.5, Avg: 254.0, Max: 256.5, Diff: 5.0, Sum: 507.9]
      [Termination (ms): Min: 0.0, Avg: 0.0, Max: 0.0, Diff: 0.0, Sum: 0.0]
      [GC Worker Other (ms): Min: 0.1, Avg: 0.1, Max: 0.1, Diff: 0.0, Sum: 0.2]
      [GC Worker Total (ms): Min: 457.4, Avg: 457.4, Max: 457.4, Diff: 0.0, Sum: 914.8]
      [GC Worker End (ms): Min: 30919027.4, Avg: 30919027.4, Max: 30919027.5, Diff: 0.0]
   [Code Root Fixup: 0.0 ms]
   [Clear CT: 0.8 ms]
   [Other: 16.8 ms]
      [Choose CSet: 0.0 ms]
      [Ref Proc: 9.0 ms]
      [Ref Enq: 0.1 ms]
      [Free CSet: 4.5 ms]
   [Eden: 929.0M(929.0M)->0.0B(964.0M) Survivors: 95.0M->60.0M Heap: 1952.9M(3072.0M)->1040.4M(3072.0M)]
 [Times: user=0.93 sys=0.01, real=0.48 secs] 
30925.305: [GC pause (young)
Desired survivor size 67108864 bytes, new threshold 16 (max 32)
- age   1:   31848192 bytes,   31848192 total
- age   2:   26782936 bytes,   58631128 total
, 0.4552500 secs]
   [Parallel Time: 443.3 ms, GC Workers: 2]
      [GC Worker Start (ms): Min: 30925306.4, Avg: 30925306.4, Max: 30925306.4, Diff: 0.0]
      [Ext Root Scanning (ms): Min: 73.5, Avg: 81.9, Max: 90.3, Diff: 16.8, Sum: 163.9]
      [Update RS (ms): Min: 72.1, Avg: 83.0, Max: 93.8, Diff: 21.7, Sum: 165.9]
         [Processed Buffers: Min: 144, Avg: 168.5, Max: 193, Diff: 49, Sum: 337]
      [Scan RS (ms): Min: 54.3, Avg: 54.4, Max: 54.4, Diff: 0.1, Sum: 108.7]
      [Object Copy (ms): Min: 221.4, Avg: 223.8, Max: 226.2, Diff: 4.8, Sum: 447.5]
      [Termination (ms): Min: 0.0, Avg: 0.0, Max: 0.0, Diff: 0.0, Sum: 0.0]
      [GC Worker Other (ms): Min: 0.1, Avg: 0.1, Max: 0.1, Diff: 0.0, Sum: 0.2]
      [GC Worker Total (ms): Min: 443.1, Avg: 443.1, Max: 443.1, Diff: 0.0, Sum: 886.3]
      [GC Worker End (ms): Min: 30925749.5, Avg: 30925749.5, Max: 30925749.6, Diff: 0.0]
   [Code Root Fixup: 0.0 ms]
   [Clear CT: 1.2 ms]
   [Other: 10.7 ms]
      [Choose CSet: 0.0 ms]
      [Ref Proc: 5.0 ms]
      [Ref Enq: 0.1 ms]
      [Free CSet: 3.8 ms]
   [Eden: 964.0M(964.0M)->0.0B(932.0M) Survivors: 60.0M->92.0M Heap: 2067.0M(3072.0M)->1135.0M(3072.0M)]
 [Times: user=0.89 sys=0.00, real=0.45 secs] 
30930.029: [GC pause (young)
Desired survivor size 67108864 bytes, new threshold 2 (max 32)
- age   1:   41677704 bytes,   41677704 total
- age   2:   27477648 bytes,   69155352 total
- age   3:   23707576 bytes,   92862928 total
, 0.4432780 secs]
   [Parallel Time: 432.3 ms, GC Workers: 2]
      [GC Worker Start (ms): Min: 30930031.0, Avg: 30930031.0, Max: 30930031.0, Diff: 0.0]
      [Ext Root Scanning (ms): Min: 68.4, Avg: 77.0, Max: 85.6, Diff: 17.2, Sum: 154.0]
      [Update RS (ms): Min: 36.4, Avg: 47.2, Max: 58.0, Diff: 21.6, Sum: 94.4]
         [Processed Buffers: Min: 104, Avg: 135.0, Max: 166, Diff: 62, Sum: 270]
      [Scan RS (ms): Min: 61.5, Avg: 61.7, Max: 61.8, Diff: 0.3, Sum: 123.3]
      [Object Copy (ms): Min: 244.0, Avg: 246.3, Max: 248.6, Diff: 4.6, Sum: 492.6]
      [Termination (ms): Min: 0.0, Avg: 0.0, Max: 0.0, Diff: 0.0, Sum: 0.0]
      [GC Worker Other (ms): Min: 0.1, Avg: 0.1, Max: 0.1, Diff: 0.0, Sum: 0.1]
      [GC Worker Total (ms): Min: 432.2, Avg: 432.2, Max: 432.2, Diff: 0.0, Sum: 864.4]
      [GC Worker End (ms): Min: 30930463.2, Avg: 30930463.2, Max: 30930463.2, Diff: 0.0]
   [Code Root Fixup: 0.0 ms]
   [Clear CT: 0.9 ms]
   [Other: 10.0 ms]
      [Choose CSet: 0.0 ms]
      [Ref Proc: 2.6 ms]
      [Ref Enq: 0.0 ms]
      [Free CSet: 4.5 ms]
   [Eden: 932.0M(932.0M)->0.0B(960.0M) Survivors: 92.0M->64.0M Heap: 2071.0M(3072.0M)->1156.5M(3072.0M)]
 [Times: user=0.87 sys=0.01, real=0.44 secs] 
30936.476: [GC pause (young)
Desired survivor size 67108864 bytes, new threshold 16 (max 32)
- age   1:   31149600 bytes,   31149600 total
- age   2:   33353544 bytes,   64503144 total
, 0.4302190 secs]
   [Parallel Time: 418.0 ms, GC Workers: 2]
      [GC Worker Start (ms): Min: 30936477.7, Avg: 30936477.7, Max: 30936477.8, Diff: 0.0]
      [Ext Root Scanning (ms): Min: 68.6, Avg: 79.0, Max: 89.4, Diff: 20.8, Sum: 158.0]
      [Update RS (ms): Min: 40.0, Avg: 52.9, Max: 65.7, Diff: 25.7, Sum: 105.8]
         [Processed Buffers: Min: 117, Avg: 166.5, Max: 216, Diff: 99, Sum: 333]
      [Scan RS (ms): Min: 66.7, Avg: 66.7, Max: 66.7, Diff: 0.0, Sum: 133.3]
      [Object Copy (ms): Min: 216.8, Avg: 219.2, Max: 221.7, Diff: 4.9, Sum: 438.4]
      [Termination (ms): Min: 0.0, Avg: 0.0, Max: 0.0, Diff: 0.0, Sum: 0.0]
      [GC Worker Other (ms): Min: 0.1, Avg: 0.1, Max: 0.1, Diff: 0.0, Sum: 0.2]
      [GC Worker Total (ms): Min: 417.9, Avg: 417.9, Max: 417.9, Diff: 0.0, Sum: 835.8]
      [GC Worker End (ms): Min: 30936895.6, Avg: 30936895.6, Max: 30936895.6, Diff: 0.0]
   [Code Root Fixup: 0.0 ms]
   [Clear CT: 0.9 ms]
   [Other: 11.3 ms]
      [Choose CSet: 0.0 ms]
      [Ref Proc: 4.0 ms]
      [Ref Enq: 0.1 ms]
      [Free CSet: 4.8 ms]
   [Eden: 960.0M(960.0M)->0.0B(933.0M) Survivors: 64.0M->91.0M Heap: 2123.0M(3072.0M)->1190.0M(3072.0M)]
 [Times: user=0.85 sys=0.01, real=0.43 secs] 
30941.448: [GC pause (young)
Desired survivor size 67108864 bytes, new threshold 3 (max 32)
- age   1:   40038896 bytes,   40038896 total
- age   2:   23470080 bytes,   63508976 total
- age   3:   29651624 bytes,   93160600 total
, 0.4744260 secs]
   [Parallel Time: 462.6 ms, GC Workers: 2]
      [GC Worker Start (ms): Min: 30941449.3, Avg: 30941449.4, Max: 30941449.4, Diff: 0.0]
      [Ext Root Scanning (ms): Min: 71.7, Avg: 78.4, Max: 85.0, Diff: 13.3, Sum: 156.8]
      [Update RS (ms): Min: 64.8, Avg: 73.5, Max: 82.1, Diff: 17.4, Sum: 146.9]
         [Processed Buffers: Min: 134, Avg: 145.5, Max: 157, Diff: 23, Sum: 291]
      [Scan RS (ms): Min: 58.7, Avg: 58.8, Max: 58.9, Diff: 0.2, Sum: 117.6]
      [Object Copy (ms): Min: 249.6, Avg: 251.7, Max: 253.9, Diff: 4.3, Sum: 503.4]
      [Termination (ms): Min: 0.0, Avg: 0.0, Max: 0.0, Diff: 0.0, Sum: 0.0]
      [GC Worker Other (ms): Min: 0.1, Avg: 0.1, Max: 0.1, Diff: 0.0, Sum: 0.2]
      [GC Worker Total (ms): Min: 462.5, Avg: 462.5, Max: 462.5, Diff: 0.0, Sum: 924.9]
      [GC Worker End (ms): Min: 30941911.8, Avg: 30941911.8, Max: 30941911.8, Diff: 0.0]
   [Code Root Fixup: 0.0 ms]
   [Clear CT: 0.8 ms]
   [Other: 11.1 ms]
      [Choose CSet: 0.0 ms]
      [Ref Proc: 5.1 ms]
      [Ref Enq: 0.1 ms]
      [Free CSet: 3.7 ms]
   [Eden: 933.0M(933.0M)->0.0B(936.0M) Survivors: 91.0M->88.0M Heap: 2162.9M(3072.0M)->1254.4M(3072.0M)]
 [Times: user=0.93 sys=0.00, real=0.47 secs] 
30947.479: [GC pause (young)
Desired survivor size 67108864 bytes, new threshold 2 (max 32)
- age   1:   35501576 bytes,   35501576 total
- age   2:   31847704 bytes,   67349280 total
- age   3:   22025008 bytes,   89374288 total
, 0.4908810 secs]
   [Parallel Time: 478.8 ms, GC Workers: 2]
      [GC Worker Start (ms): Min: 30947480.5, Avg: 30947480.5, Max: 30947480.5, Diff: 0.0]
      [Ext Root Scanning (ms): Min: 67.8, Avg: 75.8, Max: 83.7, Diff: 15.9, Sum: 151.5]
      [Update RS (ms): Min: 36.8, Avg: 47.4, Max: 58.0, Diff: 21.2, Sum: 94.8]
         [Processed Buffers: Min: 50, Avg: 135.5, Max: 221, Diff: 171, Sum: 271]
      [Scan RS (ms): Min: 87.9, Avg: 87.9, Max: 87.9, Diff: 0.0, Sum: 175.8]
      [Object Copy (ms): Min: 264.8, Avg: 267.4, Max: 270.1, Diff: 5.3, Sum: 534.9]
      [Termination (ms): Min: 0.0, Avg: 0.0, Max: 0.0, Diff: 0.0, Sum: 0.0]
      [GC Worker Other (ms): Min: 0.1, Avg: 0.1, Max: 0.2, Diff: 0.1, Sum: 0.2]
      [GC Worker Total (ms): Min: 478.6, Avg: 478.7, Max: 478.7, Diff: 0.1, Sum: 957.4]
      [GC Worker End (ms): Min: 30947959.1, Avg: 30947959.2, Max: 30947959.2, Diff: 0.1]
   [Code Root Fixup: 0.0 ms]
   [Clear CT: 0.8 ms]
   [Other: 11.3 ms]
      [Choose CSet: 0.0 ms]
      [Ref Proc: 3.3 ms]
      [Ref Enq: 0.0 ms]
      [Free CSet: 5.1 ms]
   [Eden: 936.0M(936.0M)->0.0B(955.0M) Survivors: 88.0M->69.0M Heap: 2209.9M(3072.0M)->1299.9M(3072.0M)]
 [Times: user=0.97 sys=0.01, real=0.50 secs] 
30953.559: [GC pause (young)
Desired survivor size 67108864 bytes, new threshold 2 (max 32)
- age   1:   38531328 bytes,   38531328 total
- age   2:   32324152 bytes,   70855480 total
, 0.4382400 secs]
   [Parallel Time: 425.9 ms, GC Workers: 2]
      [GC Worker Start (ms): Min: 30953560.3, Avg: 30953560.3, Max: 30953560.4, Diff: 0.1]
      [Ext Root Scanning (ms): Min: 67.7, Avg: 76.9, Max: 86.1, Diff: 18.4, Sum: 153.8]
      [Update RS (ms): Min: 26.4, Avg: 38.3, Max: 50.1, Diff: 23.6, Sum: 76.5]
         [Processed Buffers: Min: 126, Avg: 149.0, Max: 172, Diff: 46, Sum: 298]
      [Scan RS (ms): Min: 75.1, Avg: 75.2, Max: 75.3, Diff: 0.2, Sum: 150.5]
      [Object Copy (ms): Min: 232.6, Avg: 235.3, Max: 238.0, Diff: 5.5, Sum: 470.6]
      [Termination (ms): Min: 0.0, Avg: 0.0, Max: 0.0, Diff: 0.0, Sum: 0.0]
      [GC Worker Other (ms): Min: 0.1, Avg: 0.1, Max: 0.1, Diff: 0.0, Sum: 0.2]
      [GC Worker Total (ms): Min: 425.7, Avg: 425.8, Max: 425.8, Diff: 0.1, Sum: 851.6]
      [GC Worker End (ms): Min: 30953986.1, Avg: 30953986.1, Max: 30953986.1, Diff: 0.0]
   [Code Root Fixup: 0.0 ms]
   [Clear CT: 0.8 ms]
   [Other: 11.6 ms]
      [Choose CSet: 0.0 ms]
      [Ref Proc: 3.8 ms]
      [Ref Enq: 0.1 ms]
      [Free CSet: 5.1 ms]
   [Eden: 955.0M(955.0M)->0.0B(960.0M) Survivors: 69.0M->64.0M Heap: 2266.3M(3072.0M)->1335.8M(3072.0M)]
 [Times: user=0.86 sys=0.00, real=0.44 secs] 
30960.564: [GC pause (young) (initial-mark)
Desired survivor size 67108864 bytes, new threshold 16 (max 32)
- age   1:   35699400 bytes,   35699400 total
- age   2:   29166552 bytes,   64865952 total
, 0.4843810 secs]
   [Parallel Time: 470.9 ms, GC Workers: 2]
      [GC Worker Start (ms): Min: 30960565.7, Avg: 30960565.7, Max: 30960565.7, Diff: 0.0]
      [Ext Root Scanning (ms): Min: 71.1, Avg: 79.1, Max: 87.1, Diff: 16.0, Sum: 158.2]
      [Update RS (ms): Min: 49.3, Avg: 65.7, Max: 82.1, Diff: 32.8, Sum: 131.4]
         [Processed Buffers: Min: 113, Avg: 142.0, Max: 171, Diff: 58, Sum: 284]
      [Scan RS (ms): Min: 66.4, Avg: 66.4, Max: 66.5, Diff: 0.1, Sum: 132.8]
      [Object Copy (ms): Min: 251.0, Avg: 259.4, Max: 267.8, Diff: 16.8, Sum: 518.8]
      [Termination (ms): Min: 0.0, Avg: 0.0, Max: 0.0, Diff: 0.0, Sum: 0.0]
      [GC Worker Other (ms): Min: 0.1, Avg: 0.1, Max: 0.1, Diff: 0.0, Sum: 0.2]
      [GC Worker Total (ms): Min: 470.7, Avg: 470.7, Max: 470.7, Diff: 0.0, Sum: 941.4]
      [GC Worker End (ms): Min: 30961036.4, Avg: 30961036.4, Max: 30961036.4, Diff: 0.0]
   [Code Root Fixup: 0.0 ms]
   [Clear CT: 0.8 ms]
   [Other: 12.8 ms]
      [Choose CSet: 0.0 ms]
      [Ref Proc: 4.9 ms]
      [Ref Enq: 0.1 ms]
      [Free CSet: 4.8 ms]
   [Eden: 960.0M(960.0M)->0.0B(926.0M) Survivors: 64.0M->98.0M Heap: 2295.8M(3072.0M)->1370.3M(3072.0M)]
 [Times: user=0.95 sys=0.00, real=0.48 secs] 
30961.048: [GC concurrent-root-region-scan-start]
30961.367: [GC concurrent-root-region-scan-end, 0.3182720 secs]
30961.367: [GC concurrent-mark-start]
30963.866: [GC concurrent-mark-end, 2.4992910 secs]
30963.867: [GC remark 30963.869: [GC ref-proc, 0.6268400 secs], 0.7052720 secs]
 [Times: user=0.71 sys=0.00, real=0.71 secs] 
30964.577: [GC cleanup 1811M->1519M(3072M), 0.0259390 secs]
 [Times: user=0.05 sys=0.00, real=0.03 secs] 
30964.604: [GC concurrent-cleanup-start]
30964.604: [GC concurrent-cleanup-end, 0.0007940 secs]
30966.926: [GC pause (young)
Desired survivor size 67108864 bytes, new threshold 2 (max 32)
- age   1:   43689200 bytes,   43689200 total
- age   2:   30955408 bytes,   74644608 total
- age   3:   26021776 bytes,  100666384 total
, 0.4917210 secs]
   [Parallel Time: 477.9 ms, GC Workers: 2]
      [GC Worker Start (ms): Min: 30966927.5, Avg: 30966927.6, Max: 30966927.6, Diff: 0.0]
      [Ext Root Scanning (ms): Min: 70.0, Avg: 78.7, Max: 87.3, Diff: 17.3, Sum: 157.4]
      [Update RS (ms): Min: 42.6, Avg: 52.8, Max: 63.1, Diff: 20.6, Sum: 105.7]
         [Processed Buffers: Min: 158, Avg: 159.5, Max: 161, Diff: 3, Sum: 319]
      [Scan RS (ms): Min: 73.2, Avg: 73.7, Max: 74.2, Diff: 1.0, Sum: 147.4]
      [Object Copy (ms): Min: 270.3, Avg: 272.4, Max: 274.6, Diff: 4.3, Sum: 544.8]
      [Termination (ms): Min: 0.0, Avg: 0.0, Max: 0.0, Diff: 0.0, Sum: 0.0]
      [GC Worker Other (ms): Min: 0.1, Avg: 0.1, Max: 0.1, Diff: 0.0, Sum: 0.2]
      [GC Worker Total (ms): Min: 477.7, Avg: 477.7, Max: 477.7, Diff: 0.0, Sum: 955.5]
      [GC Worker End (ms): Min: 30967405.3, Avg: 30967405.3, Max: 30967405.3, Diff: 0.0]
   [Code Root Fixup: 0.0 ms]
   [Clear CT: 1.2 ms]
   [Other: 12.6 ms]
      [Choose CSet: 0.0 ms]
      [Ref Proc: 4.6 ms]
      [Ref Enq: 0.1 ms]
      [Free CSet: 4.9 ms]
   [Eden: 926.0M(926.0M)->0.0B(957.0M) Survivors: 98.0M->67.0M Heap: 2027.2M(3072.0M)->1118.7M(3072.0M)]
 [Times: user=0.95 sys=0.02, real=0.49 secs] 
30971.581: [GC pause (mixed)
Desired survivor size 67108864 bytes, new threshold 2 (max 32)
- age   1:   34485392 bytes,   34485392 total
- age   2:   33277824 bytes,   67763216 total
, 0.3619070 secs]
   [Parallel Time: 352.7 ms, GC Workers: 2]
      [GC Worker Start (ms): Min: 30971583.2, Avg: 30971583.2, Max: 30971583.3, Diff: 0.0]
      [Ext Root Scanning (ms): Min: 66.8, Avg: 75.8, Max: 84.9, Diff: 18.1, Sum: 151.7]
      [Update RS (ms): Min: 46.0, Avg: 57.5, Max: 69.0, Diff: 23.0, Sum: 115.0]
         [Processed Buffers: Min: 142, Avg: 234.0, Max: 326, Diff: 184, Sum: 468]
      [Scan RS (ms): Min: 74.2, Avg: 74.2, Max: 74.2, Diff: 0.0, Sum: 148.4]
      [Object Copy (ms): Min: 142.5, Avg: 144.9, Max: 147.3, Diff: 4.8, Sum: 289.9]
      [Termination (ms): Min: 0.0, Avg: 0.0, Max: 0.0, Diff: 0.0, Sum: 0.0]
      [GC Worker Other (ms): Min: 0.1, Avg: 0.1, Max: 0.1, Diff: 0.0, Sum: 0.2]
      [GC Worker Total (ms): Min: 352.6, Avg: 352.6, Max: 352.6, Diff: 0.0, Sum: 705.2]
      [GC Worker End (ms): Min: 30971935.8, Avg: 30971935.8, Max: 30971935.9, Diff: 0.0]
   [Code Root Fixup: 0.0 ms]
   [Clear CT: 0.8 ms]
   [Other: 8.4 ms]
      [Choose CSet: 0.4 ms]
      [Ref Proc: 2.4 ms]
      [Ref Enq: 0.0 ms]
      [Free CSet: 3.1 ms]
   [Eden: 635.0M(957.0M)->0.0B(978.0M) Survivors: 67.0M->46.0M Heap: 1879.7M(3072.0M)->1185.6M(3072.0M)]
 [Times: user=0.71 sys=0.00, real=0.37 secs] 
30977.377: [GC pause (mixed)
Desired survivor size 67108864 bytes, new threshold 16 (max 32)
- age   1:   25720792 bytes,   25720792 total
- age   2:   21189680 bytes,   46910472 total
, 0.5702010 secs]
   [Parallel Time: 561.3 ms, GC Workers: 2]
      [GC Worker Start (ms): Min: 30977378.0, Avg: 30977378.1, Max: 30977378.1, Diff: 0.0]
      [Ext Root Scanning (ms): Min: 68.8, Avg: 80.0, Max: 91.2, Diff: 22.4, Sum: 160.0]
      [Update RS (ms): Min: 38.6, Avg: 53.1, Max: 67.6, Diff: 29.0, Sum: 106.2]
         [Processed Buffers: Min: 95, Avg: 139.0, Max: 183, Diff: 88, Sum: 278]
      [Scan RS (ms): Min: 53.6, Avg: 53.7, Max: 53.7, Diff: 0.1, Sum: 107.3]
      [Object Copy (ms): Min: 371.0, Avg: 374.3, Max: 377.5, Diff: 6.5, Sum: 748.6]
      [Termination (ms): Min: 0.0, Avg: 0.0, Max: 0.0, Diff: 0.0, Sum: 0.0]
      [GC Worker Other (ms): Min: 0.1, Avg: 0.1, Max: 0.1, Diff: 0.0, Sum: 0.2]
      [GC Worker Total (ms): Min: 561.2, Avg: 561.2, Max: 561.2, Diff: 0.0, Sum: 1122.3]
      [GC Worker End (ms): Min: 30977939.2, Avg: 30977939.2, Max: 30977939.2, Diff: 0.0]
   [Code Root Fixup: 0.0 ms]
   [Clear CT: 1.2 ms]
   [Other: 7.7 ms]
      [Choose CSet: 0.3 ms]
      [Ref Proc: 3.3 ms]
      [Ref Enq: 0.1 ms]
      [Free CSet: 2.5 ms]
   [Eden: 978.0M(978.0M)->0.0B(896.0M) Survivors: 46.0M->128.0M Heap: 2173.1M(3072.0M)->1285.1M(3072.0M)]
 [Times: user=1.13 sys=0.00, real=0.57 secs] 
30982.048: [GC pause (young)
Desired survivor size 67108864 bytes, new threshold 1 (max 32)
- age   1:  116314456 bytes,  116314456 total
- age   2:   21675304 bytes,  137989760 total
- age   3:   18254616 bytes,  156244376 total
, 0.4303820 secs]
   [Parallel Time: 420.5 ms, GC Workers: 2]
      [GC Worker Start (ms): Min: 30982049.0, Avg: 30982049.0, Max: 30982049.0, Diff: 0.0]
      [Ext Root Scanning (ms): Min: 67.8, Avg: 78.3, Max: 88.9, Diff: 21.1, Sum: 156.7]
      [Update RS (ms): Min: 0.0, Avg: 8.7, Max: 17.5, Diff: 17.5, Sum: 17.5]
         [Processed Buffers: Min: 0, Avg: 137.0, Max: 274, Diff: 274, Sum: 274]
      [Scan RS (ms): Min: 61.7, Avg: 66.0, Max: 70.3, Diff: 8.5, Sum: 132.0]
      [Object Copy (ms): Min: 264.7, Avg: 267.2, Max: 269.6, Diff: 4.8, Sum: 534.3]
      [Termination (ms): Min: 0.0, Avg: 0.0, Max: 0.0, Diff: 0.0, Sum: 0.0]
      [GC Worker Other (ms): Min: 0.1, Avg: 0.1, Max: 0.1, Diff: 0.0, Sum: 0.2]
      [GC Worker Total (ms): Min: 420.3, Avg: 420.3, Max: 420.3, Diff: 0.0, Sum: 840.6]
      [GC Worker End (ms): Min: 30982469.3, Avg: 30982469.3, Max: 30982469.4, Diff: 0.0]
   [Code Root Fixup: 0.0 ms]
   [Clear CT: 0.7 ms]
   [Other: 9.2 ms]
      [Choose CSet: 0.0 ms]
      [Ref Proc: 4.0 ms]
      [Ref Enq: 0.1 ms]
      [Free CSet: 2.6 ms]
   [Eden: 679.0M(896.0M)->0.0B(979.0M) Survivors: 128.0M->45.0M Heap: 1978.9M(3072.0M)->1305.1M(3072.0M)]
 [Times: user=0.85 sys=0.00, real=0.43 secs] 
30984.802: [GC pause (young) (initial-mark)
Desired survivor size 67108864 bytes, new threshold 16 (max 32)
- age   1:   44197640 bytes,   44197640 total
, 0.2320000 secs]
   [Parallel Time: 226.6 ms, GC Workers: 2]
      [GC Worker Start (ms): Min: 30984803.7, Avg: 30984803.7, Max: 30984803.7, Diff: 0.1]
      [Ext Root Scanning (ms): Min: 62.3, Avg: 78.8, Max: 95.3, Diff: 33.0, Sum: 157.6]
      [Update RS (ms): Min: 0.0, Avg: 12.4, Max: 24.9, Diff: 24.9, Sum: 24.9]
         [Processed Buffers: Min: 0, Avg: 128.0, Max: 256, Diff: 256, Sum: 256]
      [Scan RS (ms): Min: 18.2, Avg: 20.7, Max: 23.2, Diff: 5.0, Sum: 41.4]
      [Object Copy (ms): Min: 112.9, Avg: 114.4, Max: 115.9, Diff: 3.0, Sum: 228.8]
      [Termination (ms): Min: 0.0, Avg: 0.0, Max: 0.0, Diff: 0.0, Sum: 0.0]
      [GC Worker Other (ms): Min: 0.1, Avg: 0.1, Max: 0.1, Diff: 0.0, Sum: 0.2]
      [GC Worker Total (ms): Min: 226.5, Avg: 226.5, Max: 226.5, Diff: 0.0, Sum: 453.0]
      [GC Worker End (ms): Min: 30985030.2, Avg: 30985030.2, Max: 30985030.2, Diff: 0.0]
   [Code Root Fixup: 0.0 ms]
   [Clear CT: 0.4 ms]
   [Other: 5.0 ms]
      [Choose CSet: 0.0 ms]
      [Ref Proc: 1.7 ms]
      [Ref Enq: 0.0 ms]
      [Free CSet: 1.3 ms]
   [Eden: 456.0M(979.0M)->0.0B(980.0M) Survivors: 45.0M->44.0M Heap: 1799.6M(3072.0M)->1343.5M(3072.0M)]
 [Times: user=0.46 sys=0.00, real=0.23 secs] 
30985.035: [GC concurrent-root-region-scan-start]
30985.165: [GC concurrent-root-region-scan-end, 0.1304890 secs]
30985.165: [GC concurrent-mark-start]
30986.523: [GC concurrent-mark-end, 1.3580260 secs]
30986.526: [GC remark 30986.527: [GC ref-proc, 0.0354630 secs], 0.1087410 secs]
 [Times: user=0.12 sys=0.00, real=0.10 secs] 
30986.637: [GC cleanup 1503M->1224M(3072M), 0.0252570 secs]
 [Times: user=0.05 sys=0.00, real=0.02 secs] 
30986.662: [GC concurrent-cleanup-start]
30986.663: [GC concurrent-cleanup-end, 0.0006780 secs]
30992.910: [GC pause (young)
Desired survivor size 67108864 bytes, new threshold 16 (max 32)
- age   1:   10201664 bytes,   10201664 total
- age   2:   34538440 bytes,   44740104 total
, 0.2480370 secs]
   [Parallel Time: 238.9 ms, GC Workers: 2]
      [GC Worker Start (ms): Min: 30992910.5, Avg: 30992910.5, Max: 30992910.5, Diff: 0.0]
      [Ext Root Scanning (ms): Min: 75.9, Avg: 82.1, Max: 88.2, Diff: 12.3, Sum: 164.1]
      [Update RS (ms): Min: 14.4, Avg: 22.7, Max: 31.0, Diff: 16.6, Sum: 45.5]
         [Processed Buffers: Min: 53, Avg: 140.5, Max: 228, Diff: 175, Sum: 281]
      [Scan RS (ms): Min: 23.2, Avg: 23.2, Max: 23.3, Diff: 0.1, Sum: 46.5]
      [Object Copy (ms): Min: 108.5, Avg: 110.6, Max: 112.8, Diff: 4.3, Sum: 221.2]
      [Termination (ms): Min: 0.0, Avg: 0.0, Max: 0.0, Diff: 0.0, Sum: 0.0]
      [GC Worker Other (ms): Min: 0.1, Avg: 0.1, Max: 0.1, Diff: 0.0, Sum: 0.2]
      [GC Worker Total (ms): Min: 238.7, Avg: 238.8, Max: 238.8, Diff: 0.0, Sum: 477.5]
      [GC Worker End (ms): Min: 30993149.2, Avg: 30993149.2, Max: 30993149.2, Diff: 0.0]
   [Code Root Fixup: 0.0 ms]
   [Clear CT: 0.6 ms]
   [Other: 8.5 ms]
      [Choose CSet: 0.0 ms]
      [Ref Proc: 4.7 ms]
      [Ref Enq: 0.1 ms]
      [Free CSet: 2.5 ms]
   [Eden: 980.0M(980.0M)->0.0B(965.0M) Survivors: 44.0M->59.0M Heap: 2064.2M(3072.0M)->1099.2M(3072.0M)]
 [Times: user=0.48 sys=0.00, real=0.25 secs] 
30998.877: [GC pause (mixed)
Desired survivor size 67108864 bytes, new threshold 16 (max 32)
- age   1:   22939856 bytes,   22939856 total
- age   2:    3680888 bytes,   26620744 total
- age   3:   30705840 bytes,   57326584 total
, 0.3299980 secs]
   [Parallel Time: 313.3 ms, GC Workers: 2]
      [GC Worker Start (ms): Min: 30998879.9, Avg: 30998879.9, Max: 30998879.9, Diff: 0.0]
      [Ext Root Scanning (ms): Min: 71.1, Avg: 79.0, Max: 86.8, Diff: 15.7, Sum: 157.9]
      [Update RS (ms): Min: 13.6, Avg: 24.3, Max: 35.0, Diff: 21.4, Sum: 48.5]
         [Processed Buffers: Min: 94, Avg: 160.5, Max: 227, Diff: 133, Sum: 321]
      [Scan RS (ms): Min: 72.6, Avg: 72.6, Max: 72.6, Diff: 0.1, Sum: 145.2]
      [Object Copy (ms): Min: 134.4, Avg: 137.2, Max: 140.1, Diff: 5.7, Sum: 274.5]
      [Termination (ms): Min: 0.0, Avg: 0.0, Max: 0.0, Diff: 0.0, Sum: 0.0]
      [GC Worker Other (ms): Min: 0.1, Avg: 0.1, Max: 0.1, Diff: 0.0, Sum: 0.2]
      [GC Worker Total (ms): Min: 313.2, Avg: 313.2, Max: 313.2, Diff: 0.0, Sum: 626.4]
      [GC Worker End (ms): Min: 30999193.1, Avg: 30999193.1, Max: 30999193.1, Diff: 0.0]
   [Code Root Fixup: 0.0 ms]
   [Clear CT: 1.1 ms]
   [Other: 15.5 ms]
      [Choose CSet: 2.0 ms]
      [Ref Proc: 6.5 ms]
      [Ref Enq: 0.1 ms]
      [Free CSet: 5.4 ms]
   [Eden: 965.0M(965.0M)->0.0B(959.0M) Survivors: 59.0M->65.0M Heap: 2094.4M(3072.0M)->902.4M(3072.0M)]
 [Times: user=0.64 sys=0.00, real=0.33 secs] 
31006.356: [GC pause (mixed)
Desired survivor size 67108864 bytes, new threshold 16 (max 32)
- age   1:   20139456 bytes,   20139456 total
- age   2:   13739336 bytes,   33878792 total
- age   3:    2121544 bytes,   36000336 total
- age   4:   28123472 bytes,   64123808 total
, 0.3168760 secs]
   [Parallel Time: 303.4 ms, GC Workers: 2]
      [GC Worker Start (ms): Min: 31006358.3, Avg: 31006358.3, Max: 31006358.4, Diff: 0.0]
      [Ext Root Scanning (ms): Min: 67.0, Avg: 77.8, Max: 88.7, Diff: 21.7, Sum: 155.6]
      [Update RS (ms): Min: 9.1, Avg: 22.6, Max: 36.2, Diff: 27.1, Sum: 45.2]
         [Processed Buffers: Min: 109, Avg: 140.0, Max: 171, Diff: 62, Sum: 280]
      [Scan RS (ms): Min: 60.6, Avg: 60.7, Max: 60.7, Diff: 0.1, Sum: 121.3]
      [Object Copy (ms): Min: 139.4, Avg: 142.1, Max: 144.8, Diff: 5.3, Sum: 284.2]
      [Termination (ms): Min: 0.0, Avg: 0.0, Max: 0.0, Diff: 0.0, Sum: 0.0]
      [GC Worker Other (ms): Min: 0.1, Avg: 0.1, Max: 0.1, Diff: 0.0, Sum: 0.2]
      [GC Worker Total (ms): Min: 303.3, Avg: 303.3, Max: 303.3, Diff: 0.0, Sum: 606.7]
      [GC Worker End (ms): Min: 31006661.7, Avg: 31006661.7, Max: 31006661.7, Diff: 0.0]
   [Code Root Fixup: 0.0 ms]
   [Clear CT: 1.0 ms]
   [Other: 12.5 ms]
      [Choose CSet: 1.3 ms]
      [Ref Proc: 5.9 ms]
      [Ref Enq: 0.1 ms]
      [Free CSet: 3.7 ms]
   [Eden: 959.0M(959.0M)->0.0B(955.0M) Survivors: 65.0M->69.0M Heap: 1881.1M(3072.0M)->851.6M(3072.0M)]
 [Times: user=0.62 sys=0.00, real=0.32 secs] 
31012.039: [GC pause (young)
Desired survivor size 67108864 bytes, new threshold 5 (max 32)
- age   1:   25440168 bytes,   25440168 total
- age   2:    8386472 bytes,   33826640 total
- age   3:    5887704 bytes,   39714344 total
- age   4:    1635728 bytes,   41350072 total
- age   5:   27404672 bytes,   68754744 total
, 0.2938120 secs]
   [Parallel Time: 283.1 ms, GC Workers: 2]
      [GC Worker Start (ms): Min: 31012039.4, Avg: 31012039.5, Max: 31012039.5, Diff: 0.0]
      [Ext Root Scanning (ms): Min: 66.9, Avg: 74.5, Max: 82.1, Diff: 15.2, Sum: 149.0]
      [Update RS (ms): Min: 13.9, Avg: 23.6, Max: 33.4, Diff: 19.5, Sum: 47.3]
         [Processed Buffers: Min: 124, Avg: 152.5, Max: 181, Diff: 57, Sum: 305]
      [Scan RS (ms): Min: 30.0, Avg: 30.0, Max: 30.0, Diff: 0.0, Sum: 60.0]
      [Object Copy (ms): Min: 152.6, Avg: 154.7, Max: 156.9, Diff: 4.3, Sum: 309.4]
      [Termination (ms): Min: 0.0, Avg: 0.0, Max: 0.0, Diff: 0.0, Sum: 0.0]
      [GC Worker Other (ms): Min: 0.1, Avg: 0.1, Max: 0.1, Diff: 0.0, Sum: 0.2]
      [GC Worker Total (ms): Min: 283.0, Avg: 283.0, Max: 283.0, Diff: 0.0, Sum: 566.0]
      [GC Worker End (ms): Min: 31012322.5, Avg: 31012322.5, Max: 31012322.5, Diff: 0.0]
   [Code Root Fixup: 0.0 ms]
   [Clear CT: 0.7 ms]
   [Other: 10.0 ms]
      [Choose CSet: 0.0 ms]
      [Ref Proc: 5.7 ms]
      [Ref Enq: 0.1 ms]
      [Free CSet: 2.5 ms]
   [Eden: 955.0M(955.0M)->0.0B(976.0M) Survivors: 69.0M->48.0M Heap: 1817.1M(3072.0M)->867.6M(3072.0M)]
 [Times: user=0.53 sys=0.04, real=0.30 secs] 
31018.241: [GC pause (young)
Desired survivor size 67108864 bytes, new threshold 16 (max 32)
- age   1:   21594136 bytes,   21594136 total
- age   2:   14241024 bytes,   35835160 total
- age   3:    5837440 bytes,   41672600 total
- age   4:    3889984 bytes,   45562584 total
- age   5:    1481072 bytes,   47043656 total
, 0.5014260 secs]
   [Parallel Time: 493.5 ms, GC Workers: 2]
      [GC Worker Start (ms): Min: 31018241.3, Avg: 31018241.3, Max: 31018241.4, Diff: 0.0]
      [Ext Root Scanning (ms): Min: 71.5, Avg: 80.9, Max: 90.4, Diff: 18.9, Sum: 161.9]
      [Update RS (ms): Min: 30.0, Avg: 42.8, Max: 55.7, Diff: 25.7, Sum: 85.7]
         [Processed Buffers: Min: 65, Avg: 147.5, Max: 230, Diff: 165, Sum: 295]
      [Scan RS (ms): Min: 9.3, Avg: 9.3, Max: 9.3, Diff: 0.0, Sum: 18.6]
      [Object Copy (ms): Min: 356.8, Avg: 360.2, Max: 363.6, Diff: 6.8, Sum: 720.4]
      [Termination (ms): Min: 0.0, Avg: 0.0, Max: 0.0, Diff: 0.0, Sum: 0.0]
      [GC Worker Other (ms): Min: 0.1, Avg: 0.1, Max: 0.1, Diff: 0.0, Sum: 0.2]
      [GC Worker Total (ms): Min: 493.4, Avg: 493.4, Max: 493.4, Diff: 0.0, Sum: 986.7]
      [GC Worker End (ms): Min: 31018734.7, Avg: 31018734.7, Max: 31018734.7, Diff: 0.0]
   [Code Root Fixup: 0.0 ms]
   [Clear CT: 0.7 ms]
   [Other: 7.2 ms]
      [Choose CSet: 0.0 ms]
      [Ref Proc: 3.8 ms]
      [Ref Enq: 0.1 ms]
      [Free CSet: 2.0 ms]
   [Eden: 976.0M(976.0M)->0.0B(896.0M) Survivors: 48.0M->128.0M Heap: 1847.5M(3072.0M)->970.5M(3072.0M)]
 [Times: user=0.99 sys=0.00, real=0.51 secs] 
31022.885: [GC pause (young)
Desired survivor size 67108864 bytes, new threshold 1 (max 32)
- age   1:  117014256 bytes,  117014256 total
- age   2:   13022368 bytes,  130036624 total
- age   3:   10015008 bytes,  140051632 total
- age   4:    4946432 bytes,  144998064 total
- age   5:    2934360 bytes,  147932424 total
- age   6:    1031336 bytes,  148963760 total
, 0.7225550 secs]
   [Parallel Time: 713.6 ms, GC Workers: 2]
      [GC Worker Start (ms): Min: 31022885.7, Avg: 31022885.7, Max: 31022885.8, Diff: 0.0]
      [Ext Root Scanning (ms): Min: 67.5, Avg: 79.4, Max: 91.4, Diff: 23.9, Sum: 158.9]
      [Update RS (ms): Min: 58.8, Avg: 73.2, Max: 87.6, Diff: 28.8, Sum: 146.4]
         [Processed Buffers: Min: 126, Avg: 148.0, Max: 170, Diff: 44, Sum: 296]
      [Scan RS (ms): Min: 47.2, Avg: 47.4, Max: 47.5, Diff: 0.2, Sum: 94.7]
      [Object Copy (ms): Min: 511.1, Avg: 513.4, Max: 515.8, Diff: 4.7, Sum: 1026.9]
      [Termination (ms): Min: 0.0, Avg: 0.0, Max: 0.0, Diff: 0.0, Sum: 0.0]
      [GC Worker Other (ms): Min: 0.1, Avg: 0.1, Max: 0.1, Diff: 0.0, Sum: 0.2]
      [GC Worker Total (ms): Min: 713.5, Avg: 713.5, Max: 713.5, Diff: 0.0, Sum: 1427.0]
      [GC Worker End (ms): Min: 31023599.3, Avg: 31023599.3, Max: 31023599.3, Diff: 0.0]
   [Code Root Fixup: 0.0 ms]
   [Clear CT: 0.6 ms]
   [Other: 8.3 ms]
      [Choose CSet: 0.0 ms]
      [Ref Proc: 2.0 ms]
      [Ref Enq: 0.0 ms]
      [Free CSet: 3.2 ms]
   [Eden: 896.0M(896.0M)->0.0B(926.0M) Survivors: 128.0M->98.0M Heap: 1870.0M(3072.0M)->1059.0M(3072.0M)]
 [Times: user=1.43 sys=0.00, real=0.72 secs] 
31028.066: [GC pause (young)
Desired survivor size 67108864 bytes, new threshold 1 (max 32)
- age   1:  100274776 bytes,  100274776 total
, 0.4791190 secs]
   [Parallel Time: 467.8 ms, GC Workers: 2]
      [GC Worker Start (ms): Min: 31028067.4, Avg: 31028067.8, Max: 31028068.2, Diff: 0.8]
      [Ext Root Scanning (ms): Min: 66.1, Avg: 75.2, Max: 84.2, Diff: 18.1, Sum: 150.4]
      [Update RS (ms): Min: 42.0, Avg: 53.0, Max: 63.9, Diff: 22.0, Sum: 105.9]
         [Processed Buffers: Min: 136, Avg: 172.0, Max: 208, Diff: 72, Sum: 344]
      [Scan RS (ms): Min: 77.6, Avg: 77.7, Max: 77.7, Diff: 0.1, Sum: 155.4]
      [Object Copy (ms): Min: 259.0, Avg: 261.3, Max: 263.6, Diff: 4.6, Sum: 522.6]
      [Termination (ms): Min: 0.0, Avg: 0.0, Max: 0.0, Diff: 0.0, Sum: 0.0]
      [GC Worker Other (ms): Min: 0.1, Avg: 0.1, Max: 0.2, Diff: 0.1, Sum: 0.3]
      [GC Worker Total (ms): Min: 466.9, Avg: 467.3, Max: 467.7, Diff: 0.8, Sum: 934.5]
      [GC Worker End (ms): Min: 31028535.0, Avg: 31028535.1, Max: 31028535.1, Diff: 0.0]
   [Code Root Fixup: 0.0 ms]
   [Clear CT: 0.7 ms]
   [Other: 10.6 ms]
      [Choose CSet: 0.0 ms]
      [Ref Proc: 2.7 ms]
      [Ref Enq: 0.0 ms]
      [Free CSet: 4.7 ms]
   [Eden: 926.0M(926.0M)->0.0B(983.0M) Survivors: 98.0M->41.0M Heap: 2043.4M(3072.0M)->1123.9M(3072.0M)]
 [Times: user=0.95 sys=0.00, real=0.48 secs] 
31035.108: [GC pause (young)
Desired survivor size 67108864 bytes, new threshold 16 (max 32)
- age   1:   40286792 bytes,   40286792 total
, 0.3893460 secs]
   [Parallel Time: 375.8 ms, GC Workers: 2]
      [GC Worker Start (ms): Min: 31035109.7, Avg: 31035109.7, Max: 31035109.7, Diff: 0.0]
      [Ext Root Scanning (ms): Min: 70.3, Avg: 77.8, Max: 85.4, Diff: 15.1, Sum: 155.7]
      [Update RS (ms): Min: 49.3, Avg: 59.1, Max: 68.9, Diff: 19.6, Sum: 118.2]
         [Processed Buffers: Min: 113, Avg: 139.5, Max: 166, Diff: 53, Sum: 279]
      [Scan RS (ms): Min: 53.9, Avg: 53.9, Max: 53.9, Diff: 0.0, Sum: 107.8]
      [Object Copy (ms): Min: 182.4, Avg: 184.6, Max: 186.8, Diff: 4.5, Sum: 369.2]
      [Termination (ms): Min: 0.0, Avg: 0.0, Max: 0.0, Diff: 0.0, Sum: 0.0]
      [GC Worker Other (ms): Min: 0.1, Avg: 0.2, Max: 0.3, Diff: 0.1, Sum: 0.4]
      [GC Worker Total (ms): Min: 375.5, Avg: 375.6, Max: 375.7, Diff: 0.2, Sum: 751.2]
      [GC Worker End (ms): Min: 31035485.2, Avg: 31035485.3, Max: 31035485.4, Diff: 0.1]
   [Code Root Fixup: 0.0 ms]
   [Clear CT: 0.7 ms]
   [Other: 12.8 ms]
      [Choose CSet: 0.0 ms]
      [Ref Proc: 5.5 ms]
      [Ref Enq: 0.1 ms]
      [Free CSet: 4.9 ms]
   [Eden: 983.0M(983.0M)->0.0B(954.0M) Survivors: 41.0M->70.0M Heap: 2126.6M(3072.0M)->1172.6M(3072.0M)]
 [Times: user=0.75 sys=0.01, real=0.39 secs] 
31040.720: [GC pause (young)
Desired survivor size 67108864 bytes, new threshold 2 (max 32)
- age   1:   37363680 bytes,   37363680 total
- age   2:   32727296 bytes,   70090976 total
, 0.4377380 secs]
   [Parallel Time: 425.7 ms, GC Workers: 2]
      [GC Worker Start (ms): Min: 31040722.2, Avg: 31040722.2, Max: 31040722.2, Diff: 0.0]
      [Ext Root Scanning (ms): Min: 66.6, Avg: 75.8, Max: 84.9, Diff: 18.4, Sum: 151.5]
      [Update RS (ms): Min: 52.9, Avg: 64.7, Max: 76.4, Diff: 23.4, Sum: 129.3]
         [Processed Buffers: Min: 112, Avg: 145.0, Max: 178, Diff: 66, Sum: 290]
      [Scan RS (ms): Min: 55.7, Avg: 55.7, Max: 55.7, Diff: 0.0, Sum: 111.3]
      [Object Copy (ms): Min: 226.9, Avg: 229.4, Max: 231.9, Diff: 5.0, Sum: 458.8]
      [Termination (ms): Min: 0.0, Avg: 0.0, Max: 0.0, Diff: 0.0, Sum: 0.0]
      [GC Worker Other (ms): Min: 0.1, Avg: 0.1, Max: 0.1, Diff: 0.0, Sum: 0.2]
      [GC Worker Total (ms): Min: 425.6, Avg: 425.6, Max: 425.6, Diff: 0.0, Sum: 851.2]
      [GC Worker End (ms): Min: 31041147.8, Avg: 31041147.8, Max: 31041147.8, Diff: 0.0]
   [Code Root Fixup: 0.0 ms]
   [Clear CT: 1.0 ms]
   [Other: 11.0 ms]
      [Choose CSet: 0.0 ms]
      [Ref Proc: 3.9 ms]
      [Ref Enq: 0.1 ms]
      [Free CSet: 4.3 ms]
   [Eden: 954.0M(954.0M)->0.0B(958.0M) Survivors: 70.0M->66.0M Heap: 2126.6M(3072.0M)->1196.6M(3072.0M)]
 [Times: user=0.87 sys=0.00, real=0.44 secs] 
31046.292: [GC pause (young)
Desired survivor size 67108864 bytes, new threshold 2 (max 32)
- age   1:   36495576 bytes,   36495576 total
- age   2:   30699272 bytes,   67194848 total
, 0.4445470 secs]
   [Parallel Time: 432.9 ms, GC Workers: 2]
      [GC Worker Start (ms): Min: 31046294.1, Avg: 31046294.1, Max: 31046294.1, Diff: 0.0]
      [Ext Root Scanning (ms): Min: 69.0, Avg: 76.5, Max: 84.0, Diff: 15.0, Sum: 153.1]
      [Update RS (ms): Min: 50.3, Avg: 60.1, Max: 69.9, Diff: 19.6, Sum: 120.2]
         [Processed Buffers: Min: 43, Avg: 136.5, Max: 230, Diff: 187, Sum: 273]
      [Scan RS (ms): Min: 54.5, Avg: 54.5, Max: 54.5, Diff: 0.0, Sum: 109.0]
      [Object Copy (ms): Min: 239.2, Avg: 241.5, Max: 243.9, Diff: 4.6, Sum: 483.1]
      [Termination (ms): Min: 0.0, Avg: 0.0, Max: 0.0, Diff: 0.0, Sum: 0.0]
      [GC Worker Other (ms): Min: 0.1, Avg: 0.1, Max: 0.1, Diff: 0.0, Sum: 0.2]
      [GC Worker Total (ms): Min: 432.8, Avg: 432.8, Max: 432.8, Diff: 0.0, Sum: 865.5]
      [GC Worker End (ms): Min: 31046726.9, Avg: 31046726.9, Max: 31046726.9, Diff: 0.0]
   [Code Root Fixup: 0.0 ms]
   [Clear CT: 0.8 ms]
   [Other: 10.8 ms]
      [Choose CSet: 0.0 ms]
      [Ref Proc: 3.3 ms]
      [Ref Enq: 0.0 ms]
      [Free CSet: 4.6 ms]
   [Eden: 958.0M(958.0M)->0.0B(951.0M) Survivors: 66.0M->73.0M Heap: 2197.0M(3072.0M)->1274.0M(3072.0M)]
 [Times: user=0.88 sys=0.00, real=0.45 secs] 
31052.980: [GC pause (young)
Desired survivor size 67108864 bytes, new threshold 2 (max 32)
- age   1:   46626016 bytes,   46626016 total
- age   2:   28436184 bytes,   75062200 total
, 0.4367320 secs]
   [Parallel Time: 423.2 ms, GC Workers: 2]
      [GC Worker Start (ms): Min: 31052981.5, Avg: 31052981.5, Max: 31052981.6, Diff: 0.1]
      [Ext Root Scanning (ms): Min: 66.3, Avg: 74.8, Max: 83.3, Diff: 17.0, Sum: 149.6]
      [Update RS (ms): Min: 36.6, Avg: 47.7, Max: 58.8, Diff: 22.2, Sum: 95.4]
         [Processed Buffers: Min: 57, Avg: 131.5, Max: 206, Diff: 149, Sum: 263]
      [Scan RS (ms): Min: 61.4, Avg: 61.4, Max: 61.4, Diff: 0.0, Sum: 122.8]
      [Object Copy (ms): Min: 236.3, Avg: 238.9, Max: 241.6, Diff: 5.3, Sum: 477.9]
      [Termination (ms): Min: 0.0, Avg: 0.0, Max: 0.0, Diff: 0.0, Sum: 0.0]
      [GC Worker Other (ms): Min: 0.1, Avg: 0.1, Max: 0.1, Diff: 0.0, Sum: 0.2]
      [GC Worker Total (ms): Min: 422.9, Avg: 423.0, Max: 423.0, Diff: 0.1, Sum: 846.0]
      [GC Worker End (ms): Min: 31053404.5, Avg: 31053404.5, Max: 31053404.5, Diff: 0.0]
   [Code Root Fixup: 0.0 ms]
   [Clear CT: 0.7 ms]
   [Other: 12.9 ms]
      [Choose CSet: 0.0 ms]
      [Ref Proc: 5.2 ms]
      [Ref Enq: 0.1 ms]
      [Free CSet: 5.0 ms]
   [Eden: 951.0M(951.0M)->0.0B(946.0M) Survivors: 73.0M->78.0M Heap: 2228.0M(3072.0M)->1307.0M(3072.0M)]
 [Times: user=0.86 sys=0.00, real=0.43 secs] 
31057.970: [GC pause (young) (initial-mark)
Desired survivor size 67108864 bytes, new threshold 2 (max 32)
- age   1:   47827360 bytes,   47827360 total
- age   2:   30957848 bytes,   78785208 total
, 0.4186220 secs]
   [Parallel Time: 406.2 ms, GC Workers: 2]
      [GC Worker Start (ms): Min: 31057971.9, Avg: 31057971.9, Max: 31057971.9, Diff: 0.0]
      [Ext Root Scanning (ms): Min: 71.6, Avg: 78.0, Max: 84.5, Diff: 12.9, Sum: 156.0]
      [Update RS (ms): Min: 0.0, Avg: 13.7, Max: 27.3, Diff: 27.2, Sum: 27.3]
         [Processed Buffers: Min: 2, Avg: 146.0, Max: 290, Diff: 288, Sum: 292]
      [Scan RS (ms): Min: 72.8, Avg: 72.8, Max: 72.9, Diff: 0.1, Sum: 145.6]
      [Object Copy (ms): Min: 233.0, Avg: 240.8, Max: 248.6, Diff: 15.6, Sum: 481.6]
      [Termination (ms): Min: 0.0, Avg: 0.6, Max: 1.2, Diff: 1.2, Sum: 1.2]
      [GC Worker Other (ms): Min: 0.1, Avg: 0.1, Max: 0.1, Diff: 0.0, Sum: 0.2]
      [GC Worker Total (ms): Min: 406.0, Avg: 406.0, Max: 406.0, Diff: 0.0, Sum: 812.0]
      [GC Worker End (ms): Min: 31058377.9, Avg: 31058377.9, Max: 31058378.0, Diff: 0.0]
   [Code Root Fixup: 0.0 ms]
   [Clear CT: 1.2 ms]
   [Other: 11.2 ms]
      [Choose CSet: 0.0 ms]
      [Ref Proc: 2.7 ms]
      [Ref Enq: 0.0 ms]
      [Free CSet: 5.4 ms]
   [Eden: 760.0M(946.0M)->0.0B(961.0M) Survivors: 78.0M->63.0M Heap: 2104.6M(3072.0M)->1355.7M(3072.0M)]
 [Times: user=0.82 sys=0.00, real=0.42 secs] 
31058.389: [GC concurrent-root-region-scan-start]
31058.638: [GC concurrent-root-region-scan-end, 0.2486740 secs]
31058.638: [GC concurrent-mark-start]
31061.052: [GC concurrent-mark-end, 2.4140950 secs]
31061.054: [GC remark 31061.056: [GC ref-proc, 0.2491340 secs], 0.3237660 secs]
 [Times: user=0.33 sys=0.00, real=0.32 secs] 
31061.380: [GC cleanup 1808M->1512M(3072M), 0.0246560 secs]
 [Times: user=0.05 sys=0.00, real=0.02 secs] 
31061.405: [GC concurrent-cleanup-start]
31061.406: [GC concurrent-cleanup-end, 0.0007200 secs]
31064.582: [GC pause (young)
Desired survivor size 67108864 bytes, new threshold 16 (max 32)
- age   1:   32396208 bytes,   32396208 total
- age   2:   31777728 bytes,   64173936 total
, 0.4049640 secs]
   [Parallel Time: 393.5 ms, GC Workers: 2]
      [GC Worker Start (ms): Min: 31064583.8, Avg: 31064583.8, Max: 31064583.8, Diff: 0.0]
      [Ext Root Scanning (ms): Min: 69.6, Avg: 76.7, Max: 83.9, Diff: 14.3, Sum: 153.5]
      [Update RS (ms): Min: 38.9, Avg: 49.0, Max: 59.0, Diff: 20.1, Sum: 98.0]
         [Processed Buffers: Min: 129, Avg: 132.0, Max: 135, Diff: 6, Sum: 264]
      [Scan RS (ms): Min: 64.6, Avg: 65.1, Max: 65.5, Diff: 0.9, Sum: 130.1]
      [Object Copy (ms): Min: 200.0, Avg: 202.5, Max: 204.9, Diff: 4.9, Sum: 405.0]
      [Termination (ms): Min: 0.0, Avg: 0.0, Max: 0.0, Diff: 0.0, Sum: 0.0]
      [GC Worker Other (ms): Min: 0.1, Avg: 0.1, Max: 0.1, Diff: 0.0, Sum: 0.2]
      [GC Worker Total (ms): Min: 393.4, Avg: 393.4, Max: 393.4, Diff: 0.0, Sum: 786.8]
      [GC Worker End (ms): Min: 31064977.2, Avg: 31064977.2, Max: 31064977.2, Diff: 0.0]
   [Code Root Fixup: 0.0 ms]
   [Clear CT: 0.7 ms]
   [Other: 10.8 ms]
      [Choose CSet: 0.0 ms]
      [Ref Proc: 3.6 ms]
      [Ref Enq: 0.1 ms]
      [Free CSet: 4.4 ms]
   [Eden: 961.0M(961.0M)->0.0B(939.0M) Survivors: 63.0M->85.0M Heap: 2032.7M(3072.0M)->1093.7M(3072.0M)]
 [Times: user=0.79 sys=0.00, real=0.40 secs] 
31070.191: [GC pause (mixed)
Desired survivor size 67108864 bytes, new threshold 3 (max 32)
- age   1:   35494808 bytes,   35494808 total
- age   2:   22926056 bytes,   58420864 total
- age   3:   29144848 bytes,   87565712 total
, 0.4655500 secs]
   [Parallel Time: 452.5 ms, GC Workers: 2]
      [GC Worker Start (ms): Min: 31070193.1, Avg: 31070193.1, Max: 31070193.1, Diff: 0.0]
      [Ext Root Scanning (ms): Min: 73.0, Avg: 81.8, Max: 90.7, Diff: 17.7, Sum: 163.7]
      [Update RS (ms): Min: 40.5, Avg: 51.9, Max: 63.2, Diff: 22.6, Sum: 103.7]
         [Processed Buffers: Min: 149, Avg: 151.5, Max: 154, Diff: 5, Sum: 303]
      [Scan RS (ms): Min: 74.2, Avg: 74.4, Max: 74.5, Diff: 0.2, Sum: 148.7]
      [Object Copy (ms): Min: 241.9, Avg: 244.3, Max: 246.7, Diff: 4.8, Sum: 488.6]
      [Termination (ms): Min: 0.0, Avg: 0.0, Max: 0.0, Diff: 0.0, Sum: 0.0]
      [GC Worker Other (ms): Min: 0.1, Avg: 0.1, Max: 0.1, Diff: 0.0, Sum: 0.2]
      [GC Worker Total (ms): Min: 452.4, Avg: 452.4, Max: 452.4, Diff: 0.0, Sum: 904.9]
      [GC Worker End (ms): Min: 31070645.5, Avg: 31070645.5, Max: 31070645.5, Diff: 0.0]
   [Code Root Fixup: 0.0 ms]
   [Clear CT: 0.9 ms]
   [Other: 12.1 ms]
      [Choose CSet: 0.4 ms]
      [Ref Proc: 3.8 ms]
      [Ref Enq: 0.1 ms]
      [Free CSet: 5.0 ms]
   [Eden: 939.0M(939.0M)->0.0B(943.0M) Survivors: 85.0M->81.0M Heap: 2040.2M(3072.0M)->1057.7M(3072.0M)]
 [Times: user=0.92 sys=0.00, real=0.46 secs] 
31077.336: [GC pause (mixed)
Desired survivor size 67108864 bytes, new threshold 3 (max 32)
- age   1:   31420480 bytes,   31420480 total
- age   2:   30989264 bytes,   62409744 total
- age   3:   20751872 bytes,   83161616 total
, 0.4914270 secs]
   [Parallel Time: 477.5 ms, GC Workers: 2]
      [GC Worker Start (ms): Min: 31077338.4, Avg: 31077338.4, Max: 31077338.4, Diff: 0.0]
      [Ext Root Scanning (ms): Min: 69.6, Avg: 79.3, Max: 88.9, Diff: 19.3, Sum: 158.5]
      [Update RS (ms): Min: 46.1, Avg: 58.3, Max: 70.5, Diff: 24.4, Sum: 116.6]
         [Processed Buffers: Min: 111, Avg: 136.0, Max: 161, Diff: 50, Sum: 272]
      [Scan RS (ms): Min: 81.9, Avg: 82.0, Max: 82.0, Diff: 0.1, Sum: 163.9]
      [Object Copy (ms): Min: 255.1, Avg: 257.7, Max: 260.3, Diff: 5.2, Sum: 515.4]
      [Termination (ms): Min: 0.0, Avg: 0.0, Max: 0.0, Diff: 0.0, Sum: 0.0]
      [GC Worker Other (ms): Min: 0.1, Avg: 0.1, Max: 0.1, Diff: 0.0, Sum: 0.2]
      [GC Worker Total (ms): Min: 477.3, Avg: 477.3, Max: 477.4, Diff: 0.0, Sum: 954.7]
      [GC Worker End (ms): Min: 31077815.7, Avg: 31077815.7, Max: 31077815.7, Diff: 0.0]
   [Code Root Fixup: 0.0 ms]
   [Clear CT: 1.0 ms]
   [Other: 12.9 ms]
      [Choose CSet: 0.8 ms]
      [Ref Proc: 3.8 ms]
      [Ref Enq: 0.1 ms]
      [Free CSet: 5.3 ms]
   [Eden: 943.0M(943.0M)->0.0B(934.0M) Survivors: 81.0M->90.0M Heap: 2066.3M(3072.0M)->1092.8M(3072.0M)]
 [Times: user=0.97 sys=0.00, real=0.49 secs] 
31084.407: [GC pause (young)
Desired survivor size 67108864 bytes, new threshold 3 (max 32)
- age   1:   39458624 bytes,   39458624 total
- age   2:   25639584 bytes,   65098208 total
- age   3:   27416056 bytes,   92514264 total
, 0.4295320 secs]
   [Parallel Time: 419.4 ms, GC Workers: 2]
      [GC Worker Start (ms): Min: 31084408.2, Avg: 31084408.2, Max: 31084408.3, Diff: 0.0]
      [Ext Root Scanning (ms): Min: 77.7, Avg: 80.4, Max: 83.1, Diff: 5.4, Sum: 160.8]
      [Update RS (ms): Min: 53.1, Avg: 57.9, Max: 62.6, Diff: 9.5, Sum: 115.7]
         [Processed Buffers: Min: 54, Avg: 138.0, Max: 222, Diff: 168, Sum: 276]
      [Scan RS (ms): Min: 59.3, Avg: 59.4, Max: 59.5, Diff: 0.2, Sum: 118.7]
      [Object Copy (ms): Min: 219.4, Avg: 221.5, Max: 223.7, Diff: 4.3, Sum: 443.1]
      [Termination (ms): Min: 0.0, Avg: 0.0, Max: 0.0, Diff: 0.0, Sum: 0.0]
      [GC Worker Other (ms): Min: 0.1, Avg: 0.1, Max: 0.1, Diff: 0.0, Sum: 0.2]
      [GC Worker Total (ms): Min: 419.3, Avg: 419.3, Max: 419.3, Diff: 0.0, Sum: 838.6]
      [GC Worker End (ms): Min: 31084827.5, Avg: 31084827.5, Max: 31084827.5, Diff: 0.0]
   [Code Root Fixup: 0.0 ms]
   [Clear CT: 0.7 ms]
   [Other: 9.5 ms]
      [Choose CSet: 0.0 ms]
      [Ref Proc: 3.2 ms]
      [Ref Enq: 0.0 ms]
      [Free CSet: 3.6 ms]
   [Eden: 934.0M(934.0M)->0.0B(946.0M) Survivors: 90.0M->78.0M Heap: 2030.8M(3072.0M)->1108.8M(3072.0M)]
 [Times: user=0.85 sys=0.00, real=0.43 secs] 
31091.262: [GC pause (young)
Desired survivor size 67108864 bytes, new threshold 3 (max 32)
- age   1:   30579456 bytes,   30579456 total
- age   2:   27023696 bytes,   57603152 total
- age   3:   22764176 bytes,   80367328 total
, 0.4278450 secs]
   [Parallel Time: 415.7 ms, GC Workers: 2]
      [GC Worker Start (ms): Min: 31091263.9, Avg: 31091263.9, Max: 31091263.9, Diff: 0.0]
      [Ext Root Scanning (ms): Min: 71.6, Avg: 77.9, Max: 84.2, Diff: 12.6, Sum: 155.9]
      [Update RS (ms): Min: 27.0, Avg: 35.7, Max: 44.4, Diff: 17.4, Sum: 71.4]
         [Processed Buffers: Min: 145, Avg: 155.5, Max: 166, Diff: 21, Sum: 311]
      [Scan RS (ms): Min: 107.3, Avg: 107.4, Max: 107.5, Diff: 0.2, Sum: 214.8]
      [Object Copy (ms): Min: 191.9, Avg: 194.5, Max: 197.0, Diff: 5.1, Sum: 388.9]
      [Termination (ms): Min: 0.0, Avg: 0.0, Max: 0.0, Diff: 0.0, Sum: 0.0]
      [GC Worker Other (ms): Min: 0.1, Avg: 0.1, Max: 0.1, Diff: 0.0, Sum: 0.2]
      [GC Worker Total (ms): Min: 415.6, Avg: 415.6, Max: 415.6, Diff: 0.1, Sum: 831.2]
      [GC Worker End (ms): Min: 31091679.5, Avg: 31091679.5, Max: 31091679.6, Diff: 0.0]
   [Code Root Fixup: 0.0 ms]
   [Clear CT: 0.8 ms]
   [Other: 11.4 ms]
      [Choose CSet: 0.0 ms]
      [Ref Proc: 4.3 ms]
      [Ref Enq: 0.1 ms]
      [Free CSet: 4.6 ms]
   [Eden: 946.0M(946.0M)->0.0B(949.0M) Survivors: 78.0M->75.0M Heap: 2194.7M(3072.0M)->1260.7M(3072.0M)]
 [Times: user=0.84 sys=0.00, real=0.43 secs] 
31096.284: [GC pause (young)
Desired survivor size 67108864 bytes, new threshold 3 (max 32)
- age   1:   40560120 bytes,   40560120 total
- age   2:   17724504 bytes,   58284624 total
- age   3:   17608400 bytes,   75893024 total
, 0.7118620 secs]
   [Parallel Time: 703.7 ms, GC Workers: 2]
      [GC Worker Start (ms): Min: 31096284.8, Avg: 31096285.0, Max: 31096285.2, Diff: 0.4]
      [Ext Root Scanning (ms): Min: 78.3, Avg: 80.7, Max: 83.1, Diff: 4.8, Sum: 161.4]
      [Update RS (ms): Min: 48.8, Avg: 53.0, Max: 57.3, Diff: 8.5, Sum: 106.0]
         [Processed Buffers: Min: 93, Avg: 133.0, Max: 173, Diff: 80, Sum: 266]
      [Scan RS (ms): Min: 40.5, Avg: 40.5, Max: 40.6, Diff: 0.0, Sum: 81.1]
      [Object Copy (ms): Min: 527.4, Avg: 529.0, Max: 530.7, Diff: 3.3, Sum: 1058.1]
      [Termination (ms): Min: 0.0, Avg: 0.0, Max: 0.0, Diff: 0.0, Sum: 0.0]
      [GC Worker Other (ms): Min: 0.1, Avg: 0.1, Max: 0.1, Diff: 0.0, Sum: 0.2]
      [GC Worker Total (ms): Min: 703.2, Avg: 703.4, Max: 703.6, Diff: 0.4, Sum: 1406.8]
      [GC Worker End (ms): Min: 31096988.4, Avg: 31096988.4, Max: 31096988.4, Diff: 0.0]
   [Code Root Fixup: 0.0 ms]
   [Clear CT: 0.6 ms]
   [Other: 7.6 ms]
      [Choose CSet: 0.0 ms]
      [Ref Proc: 2.9 ms]
      [Ref Enq: 0.0 ms]
      [Free CSet: 2.2 ms]
   [Eden: 949.0M(949.0M)->0.0B(896.0M) Survivors: 75.0M->128.0M Heap: 2211.7M(3072.0M)->1416.7M(3072.0M)]
 [Times: user=1.41 sys=0.00, real=0.72 secs] 
31098.471: [GC pause (young) (initial-mark)
Desired survivor size 67108864 bytes, new threshold 1 (max 32)
- age   1:  168688072 bytes,  168688072 total
- age   2:   33127224 bytes,  201815296 total
- age   3:   16019072 bytes,  217834368 total
, 0.7429690 secs]
   [Parallel Time: 735.3 ms, GC Workers: 2]
      [GC Worker Start (ms): Min: 31098472.0, Avg: 31098472.0, Max: 31098472.0, Diff: 0.0]
      [Ext Root Scanning (ms): Min: 69.2, Avg: 78.2, Max: 87.2, Diff: 18.0, Sum: 156.4]
      [Update RS (ms): Min: 14.4, Avg: 31.8, Max: 49.3, Diff: 34.9, Sum: 63.7]
         [Processed Buffers: Min: 117, Avg: 126.5, Max: 136, Diff: 19, Sum: 253]
      [Scan RS (ms): Min: 133.8, Avg: 133.8, Max: 133.8, Diff: 0.1, Sum: 267.6]
      [Object Copy (ms): Min: 482.6, Avg: 491.1, Max: 499.6, Diff: 16.9, Sum: 982.2]
      [Termination (ms): Min: 0.0, Avg: 0.0, Max: 0.0, Diff: 0.0, Sum: 0.0]
      [GC Worker Other (ms): Min: 0.1, Avg: 0.1, Max: 0.1, Diff: 0.0, Sum: 0.2]
      [GC Worker Total (ms): Min: 735.1, Avg: 735.1, Max: 735.1, Diff: 0.0, Sum: 1470.2]
      [GC Worker End (ms): Min: 31099207.1, Avg: 31099207.1, Max: 31099207.1, Diff: 0.0]
   [Code Root Fixup: 0.0 ms]
   [Clear CT: 0.5 ms]
   [Other: 7.1 ms]
      [Choose CSet: 0.0 ms]
      [Ref Proc: 0.8 ms]
      [Ref Enq: 0.0 ms]
      [Free CSet: 2.4 ms]
   [Eden: 382.0M(896.0M)->0.0B(940.0M) Survivors: 128.0M->84.0M Heap: 1798.4M(3072.0M)->1494.2M(3072.0M)]
 [Times: user=1.46 sys=0.02, real=0.74 secs] 
31099.214: [GC concurrent-root-region-scan-start]
31099.503: [GC concurrent-root-region-scan-end, 0.2886730 secs]
31099.503: [GC concurrent-mark-start]
31101.791: [GC pause (young)
Desired survivor size 67108864 bytes, new threshold 1 (max 32)
- age   1:   83586496 bytes,   83586496 total
, 0.3609920 secs]
   [Parallel Time: 350.1 ms, GC Workers: 2]
      [GC Worker Start (ms): Min: 31101791.7, Avg: 31101791.7, Max: 31101791.7, Diff: 0.0]
      [Ext Root Scanning (ms): Min: 72.1, Avg: 79.2, Max: 86.2, Diff: 14.1, Sum: 158.3]
      [SATB Filtering (ms): Min: 0.0, Avg: 0.4, Max: 0.9, Diff: 0.9, Sum: 0.9]
      [Update RS (ms): Min: 5.1, Avg: 14.1, Max: 23.1, Diff: 18.0, Sum: 28.3]
         [Processed Buffers: Min: 112, Avg: 134.0, Max: 156, Diff: 44, Sum: 268]
      [Scan RS (ms): Min: 61.0, Avg: 61.2, Max: 61.5, Diff: 0.5, Sum: 122.5]
      [Object Copy (ms): Min: 192.8, Avg: 194.9, Max: 197.0, Diff: 4.2, Sum: 389.8]
      [Termination (ms): Min: 0.0, Avg: 0.0, Max: 0.0, Diff: 0.0, Sum: 0.0]
      [GC Worker Other (ms): Min: 0.1, Avg: 0.1, Max: 0.1, Diff: 0.0, Sum: 0.2]
      [GC Worker Total (ms): Min: 349.9, Avg: 349.9, Max: 350.0, Diff: 0.0, Sum: 699.9]
      [GC Worker End (ms): Min: 31102141.7, Avg: 31102141.7, Max: 31102141.7, Diff: 0.0]
   [Code Root Fixup: 0.0 ms]
   [Clear CT: 0.9 ms]
   [Other: 10.0 ms]
      [Choose CSet: 0.0 ms]
      [Ref Proc: 5.1 ms]
      [Ref Enq: 0.1 ms]
      [Free CSet: 2.2 ms]
   [Eden: 487.0M(940.0M)->0.0B(986.0M) Survivors: 84.0M->38.0M Heap: 1992.7M(3072.0M)->1515.7M(3072.0M)]
 [Times: user=0.71 sys=0.00, real=0.36 secs] 
31102.562: [GC concurrent-mark-end, 3.0588710 secs]
31102.563: [GC remark 31102.565: [GC ref-proc, 0.2523500 secs], 0.3270020 secs]
 [Times: user=0.33 sys=0.00, real=0.33 secs] 
31102.894: [GC cleanup 1616M->1316M(3072M), 0.0292380 secs]
 [Times: user=0.05 sys=0.00, real=0.03 secs] 
31102.924: [GC concurrent-cleanup-start]
31102.925: [GC concurrent-cleanup-end, 0.0007320 secs]
31108.205: [GC pause (young)
Desired survivor size 67108864 bytes, new threshold 16 (max 32)
- age   1:   37609496 bytes,   37609496 total
, 0.3518890 secs]
   [Parallel Time: 340.2 ms, GC Workers: 2]
      [GC Worker Start (ms): Min: 31108206.5, Avg: 31108206.7, Max: 31108206.9, Diff: 0.4]
      [Ext Root Scanning (ms): Min: 67.1, Avg: 78.1, Max: 89.1, Diff: 22.1, Sum: 156.2]
      [Update RS (ms): Min: 30.6, Avg: 44.4, Max: 58.2, Diff: 27.5, Sum: 88.8]
         [Processed Buffers: Min: 118, Avg: 137.5, Max: 157, Diff: 39, Sum: 275]
      [Scan RS (ms): Min: 52.4, Avg: 52.6, Max: 52.8, Diff: 0.4, Sum: 105.2]
      [Object Copy (ms): Min: 161.9, Avg: 164.6, Max: 167.4, Diff: 5.5, Sum: 329.3]
      [Termination (ms): Min: 0.0, Avg: 0.0, Max: 0.0, Diff: 0.0, Sum: 0.0]
      [GC Worker Other (ms): Min: 0.1, Avg: 0.1, Max: 0.1, Diff: 0.0, Sum: 0.2]
      [GC Worker Total (ms): Min: 339.7, Avg: 339.9, Max: 340.0, Diff: 0.4, Sum: 679.7]
      [GC Worker End (ms): Min: 31108546.5, Avg: 31108546.6, Max: 31108546.6, Diff: 0.0]
   [Code Root Fixup: 0.0 ms]
   [Clear CT: 0.7 ms]
   [Other: 11.1 ms]
      [Choose CSet: 0.0 ms]
      [Ref Proc: 4.8 ms]
      [Ref Enq: 0.1 ms]
      [Free CSet: 3.8 ms]
   [Eden: 986.0M(986.0M)->0.0B(953.0M) Survivors: 38.0M->71.0M Heap: 2242.9M(3072.0M)->1289.9M(3072.0M)]
 [Times: user=0.68 sys=0.01, real=0.35 secs] 
31113.646: [GC pause (mixed)
Desired survivor size 67108864 bytes, new threshold 2 (max 32)
- age   1:   40520720 bytes,   40520720 total
- age   2:   30378168 bytes,   70898888 total
, 0.4817740 secs]
   [Parallel Time: 468.6 ms, GC Workers: 2]
      [GC Worker Start (ms): Min: 31113647.7, Avg: 31113647.7, Max: 31113647.7, Diff: 0.0]
      [Ext Root Scanning (ms): Min: 67.9, Avg: 75.4, Max: 82.9, Diff: 14.9, Sum: 150.8]
      [Update RS (ms): Min: 35.1, Avg: 45.2, Max: 55.2, Diff: 20.1, Sum: 90.4]
         [Processed Buffers: Min: 136, Avg: 142.0, Max: 148, Diff: 12, Sum: 284]
      [Scan RS (ms): Min: 62.8, Avg: 62.9, Max: 62.9, Diff: 0.1, Sum: 125.8]
      [Object Copy (ms): Min: 282.3, Avg: 284.9, Max: 287.5, Diff: 5.3, Sum: 569.8]
      [Termination (ms): Min: 0.0, Avg: 0.0, Max: 0.0, Diff: 0.0, Sum: 0.0]
      [GC Worker Other (ms): Min: 0.1, Avg: 0.1, Max: 0.1, Diff: 0.0, Sum: 0.2]
      [GC Worker Total (ms): Min: 468.4, Avg: 468.5, Max: 468.5, Diff: 0.0, Sum: 936.9]
      [GC Worker End (ms): Min: 31114116.1, Avg: 31114116.2, Max: 31114116.2, Diff: 0.0]
   [Code Root Fixup: 0.0 ms]
   [Clear CT: 0.7 ms]
   [Other: 12.5 ms]
      [Choose CSet: 0.5 ms]
      [Ref Proc: 4.3 ms]
      [Ref Enq: 0.1 ms]
      [Free CSet: 4.9 ms]
   [Eden: 953.0M(953.0M)->0.0B(923.0M) Survivors: 71.0M->101.0M Heap: 2243.9M(3072.0M)->1255.9M(3072.0M)]
 [Times: user=0.95 sys=0.00, real=0.48 secs] 
31119.998: [GC pause (mixed)
Desired survivor size 67108864 bytes, new threshold 1 (max 32)
- age   1:   69083448 bytes,   69083448 total
- age   2:   32520432 bytes,  101603880 total
, 0.4640130 secs]
   [Parallel Time: 448.4 ms, GC Workers: 2]
      [GC Worker Start (ms): Min: 31120000.8, Avg: 31120000.8, Max: 31120000.8, Diff: 0.0]
      [Ext Root Scanning (ms): Min: 67.5, Avg: 75.5, Max: 83.5, Diff: 16.1, Sum: 151.0]
      [Update RS (ms): Min: 41.8, Avg: 52.5, Max: 63.1, Diff: 21.2, Sum: 104.9]
         [Processed Buffers: Min: 126, Avg: 158.0, Max: 190, Diff: 64, Sum: 316]
      [Scan RS (ms): Min: 73.7, Avg: 73.7, Max: 73.8, Diff: 0.1, Sum: 147.5]
      [Object Copy (ms): Min: 244.0, Avg: 246.5, Max: 249.0, Diff: 5.0, Sum: 493.0]
      [Termination (ms): Min: 0.0, Avg: 0.0, Max: 0.0, Diff: 0.0, Sum: 0.0]
      [GC Worker Other (ms): Min: 0.1, Avg: 0.1, Max: 0.1, Diff: 0.0, Sum: 0.2]
      [GC Worker Total (ms): Min: 448.3, Avg: 448.3, Max: 448.3, Diff: 0.0, Sum: 896.6]
      [GC Worker End (ms): Min: 31120449.1, Avg: 31120449.1, Max: 31120449.1, Diff: 0.0]
   [Code Root Fixup: 0.0 ms]
   [Clear CT: 0.9 ms]
   [Other: 14.7 ms]
      [Choose CSet: 1.3 ms]
      [Ref Proc: 6.1 ms]
      [Ref Enq: 0.1 ms]
      [Free CSet: 4.6 ms]
   [Eden: 923.0M(923.0M)->0.0B(979.0M) Survivors: 101.0M->45.0M Heap: 2250.5M(3072.0M)->1237.5M(3072.0M)]
 [Times: user=0.91 sys=0.00, real=0.47 secs] 
31128.280: [GC pause (mixed)
Desired survivor size 67108864 bytes, new threshold 16 (max 32)
- age   1:   43386200 bytes,   43386200 total
, 0.4250500 secs]
   [Parallel Time: 408.5 ms, GC Workers: 2]
      [GC Worker Start (ms): Min: 31128283.3, Avg: 31128283.3, Max: 31128283.3, Diff: 0.0]
      [Ext Root Scanning (ms): Min: 67.2, Avg: 75.5, Max: 83.9, Diff: 16.7, Sum: 151.1]
      [Update RS (ms): Min: 40.5, Avg: 51.8, Max: 63.1, Diff: 22.6, Sum: 103.6]
         [Processed Buffers: Min: 68, Avg: 141.5, Max: 215, Diff: 147, Sum: 283]
      [Scan RS (ms): Min: 85.6, Avg: 85.6, Max: 85.7, Diff: 0.0, Sum: 171.3]
      [Object Copy (ms): Min: 192.4, Avg: 195.3, Max: 198.3, Diff: 5.9, Sum: 390.7]
      [Termination (ms): Min: 0.0, Avg: 0.0, Max: 0.0, Diff: 0.0, Sum: 0.0]
      [GC Worker Other (ms): Min: 0.1, Avg: 0.1, Max: 0.1, Diff: 0.0, Sum: 0.2]
      [GC Worker Total (ms): Min: 408.4, Avg: 408.4, Max: 408.4, Diff: 0.0, Sum: 816.8]
      [GC Worker End (ms): Min: 31128691.7, Avg: 31128691.7, Max: 31128691.7, Diff: 0.0]
   [Code Root Fixup: 0.0 ms]
   [Clear CT: 1.0 ms]
   [Other: 15.6 ms]
      [Choose CSet: 1.5 ms]
      [Ref Proc: 5.3 ms]
      [Ref Enq: 0.1 ms]
      [Free CSet: 5.7 ms]
   [Eden: 979.0M(979.0M)->0.0B(950.0M) Survivors: 45.0M->74.0M Heap: 2217.0M(3072.0M)->1177.0M(3072.0M)]
 [Times: user=0.83 sys=0.00, real=0.43 secs] 
31134.034: [GC pause (mixed)
Desired survivor size 67108864 bytes, new threshold 2 (max 32)
- age   1:   49208152 bytes,   49208152 total
- age   2:   25579704 bytes,   74787856 total
, 0.3890620 secs]
   [Parallel Time: 375.7 ms, GC Workers: 2]
      [GC Worker Start (ms): Min: 31134036.1, Avg: 31134036.2, Max: 31134036.2, Diff: 0.0]
      [Ext Root Scanning (ms): Min: 68.7, Avg: 77.3, Max: 85.8, Diff: 17.1, Sum: 154.6]
      [Update RS (ms): Min: 28.3, Avg: 39.6, Max: 50.8, Diff: 22.4, Sum: 79.1]
         [Processed Buffers: Min: 112, Avg: 137.5, Max: 163, Diff: 51, Sum: 275]
      [Scan RS (ms): Min: 64.6, Avg: 64.6, Max: 64.7, Diff: 0.0, Sum: 129.3]
      [Object Copy (ms): Min: 191.2, Avg: 193.9, Max: 196.5, Diff: 5.3, Sum: 387.8]
      [Termination (ms): Min: 0.0, Avg: 0.0, Max: 0.0, Diff: 0.0, Sum: 0.0]
      [GC Worker Other (ms): Min: 0.1, Avg: 0.2, Max: 0.2, Diff: 0.1, Sum: 0.3]
      [GC Worker Total (ms): Min: 375.5, Avg: 375.5, Max: 375.6, Diff: 0.0, Sum: 751.1]
      [GC Worker End (ms): Min: 31134411.7, Avg: 31134411.7, Max: 31134411.7, Diff: 0.1]
   [Code Root Fixup: 0.0 ms]
   [Clear CT: 0.9 ms]
   [Other: 12.5 ms]
      [Choose CSet: 0.7 ms]
      [Ref Proc: 4.6 ms]
      [Ref Enq: 0.1 ms]
      [Free CSet: 4.6 ms]
   [Eden: 950.0M(950.0M)->0.0B(957.0M) Survivors: 74.0M->67.0M Heap: 2136.9M(3072.0M)->1167.9M(3072.0M)]
 [Times: user=0.77 sys=0.00, real=0.39 secs] 
31139.242: [GC pause (young)
Desired survivor size 67108864 bytes, new threshold 2 (max 32)
- age   1:   36568432 bytes,   36568432 total
- age   2:   31002976 bytes,   67571408 total
, 0.5730680 secs]
   [Parallel Time: 563.4 ms, GC Workers: 2]
      [GC Worker Start (ms): Min: 31139243.3, Avg: 31139243.3, Max: 31139243.3, Diff: 0.0]
      [Ext Root Scanning (ms): Min: 88.2, Avg: 88.5, Max: 88.8, Diff: 0.6, Sum: 177.0]
      [Update RS (ms): Min: 44.2, Avg: 46.3, Max: 48.4, Diff: 4.2, Sum: 92.6]
         [Processed Buffers: Min: 125, Avg: 134.5, Max: 144, Diff: 19, Sum: 269]
      [Scan RS (ms): Min: 49.4, Avg: 49.6, Max: 49.8, Diff: 0.4, Sum: 99.3]
      [Object Copy (ms): Min: 376.5, Avg: 378.7, Max: 380.8, Diff: 4.3, Sum: 757.4]
      [Termination (ms): Min: 0.0, Avg: 0.0, Max: 0.0, Diff: 0.0, Sum: 0.0]
      [GC Worker Other (ms): Min: 0.1, Avg: 0.1, Max: 0.1, Diff: 0.0, Sum: 0.2]
      [GC Worker Total (ms): Min: 563.2, Avg: 563.2, Max: 563.2, Diff: 0.0, Sum: 1126.5]
      [GC Worker End (ms): Min: 31139806.5, Avg: 31139806.5, Max: 31139806.5, Diff: 0.0]
   [Code Root Fixup: 0.0 ms]
   [Clear CT: 0.8 ms]
   [Other: 8.8 ms]
      [Choose CSet: 0.0 ms]
      [Ref Proc: 2.7 ms]
      [Ref Enq: 0.0 ms]
      [Free CSet: 3.6 ms]
   [Eden: 957.0M(957.0M)->0.0B(896.0M) Survivors: 67.0M->128.0M Heap: 2145.1M(3072.0M)->1280.1M(3072.0M)]
 [Times: user=1.14 sys=0.00, real=0.58 secs] 
31144.299: [GC pause (young)
Desired survivor size 67108864 bytes, new threshold 1 (max 32)
- age   1:  107662984 bytes,  107662984 total
- age   2:   27784128 bytes,  135447112 total
, 0.7374890 secs]
   [Parallel Time: 726.5 ms, GC Workers: 2]
      [GC Worker Start (ms): Min: 31144301.0, Avg: 31144301.0, Max: 31144301.0, Diff: 0.0]
      [Ext Root Scanning (ms): Min: 71.6, Avg: 80.6, Max: 89.7, Diff: 18.2, Sum: 161.3]
      [Update RS (ms): Min: 47.5, Avg: 59.4, Max: 71.2, Diff: 23.7, Sum: 118.7]
         [Processed Buffers: Min: 123, Avg: 130.0, Max: 137, Diff: 14, Sum: 260]
      [Scan RS (ms): Min: 74.0, Avg: 74.1, Max: 74.2, Diff: 0.2, Sum: 148.2]
      [Object Copy (ms): Min: 509.6, Avg: 512.2, Max: 514.8, Diff: 5.2, Sum: 1024.4]
      [Termination (ms): Min: 0.0, Avg: 0.0, Max: 0.0, Diff: 0.0, Sum: 0.0]
      [GC Worker Other (ms): Min: 0.1, Avg: 0.1, Max: 0.1, Diff: 0.0, Sum: 0.2]
      [GC Worker Total (ms): Min: 726.4, Avg: 726.4, Max: 726.4, Diff: 0.0, Sum: 1452.8]
      [GC Worker End (ms): Min: 31145027.4, Avg: 31145027.4, Max: 31145027.4, Diff: 0.0]
   [Code Root Fixup: 0.0 ms]
   [Clear CT: 0.6 ms]
   [Other: 10.4 ms]
      [Choose CSet: 0.0 ms]
      [Ref Proc: 2.6 ms]
      [Ref Enq: 0.0 ms]
      [Free CSet: 4.3 ms]
   [Eden: 896.0M(896.0M)->0.0B(925.0M) Survivors: 128.0M->99.0M Heap: 2185.1M(3072.0M)->1363.6M(3072.0M)]
 [Times: user=1.46 sys=0.00, real=0.74 secs] 
31147.445: [GC pause (young) (initial-mark)
Desired survivor size 67108864 bytes, new threshold 1 (max 32)
- age   1:  101007656 bytes,  101007656 total
, 0.4965730 secs]
   [Parallel Time: 487.1 ms, GC Workers: 2]
      [GC Worker Start (ms): Min: 31147446.9, Avg: 31147446.9, Max: 31147446.9, Diff: 0.0]
      [Ext Root Scanning (ms): Min: 59.1, Avg: 76.8, Max: 94.4, Diff: 35.3, Sum: 153.5]
      [Update RS (ms): Min: 0.0, Avg: 14.9, Max: 29.8, Diff: 29.8, Sum: 29.8]
         [Processed Buffers: Min: 0, Avg: 153.0, Max: 306, Diff: 306, Sum: 306]
      [Scan RS (ms): Min: 81.6, Avg: 83.9, Max: 86.1, Diff: 4.5, Sum: 167.8]
      [Object Copy (ms): Min: 310.7, Avg: 311.2, Max: 311.8, Diff: 1.1, Sum: 622.4]
      [Termination (ms): Min: 0.0, Avg: 0.0, Max: 0.0, Diff: 0.0, Sum: 0.0]
      [GC Worker Other (ms): Min: 0.1, Avg: 0.1, Max: 0.1, Diff: 0.0, Sum: 0.2]
      [GC Worker Total (ms): Min: 486.9, Avg: 486.9, Max: 486.9, Diff: 0.0, Sum: 973.7]
      [GC Worker End (ms): Min: 31147933.8, Avg: 31147933.8, Max: 31147933.8, Diff: 0.0]
   [Code Root Fixup: 0.0 ms]
   [Clear CT: 0.5 ms]
   [Other: 9.0 ms]
      [Choose CSet: 0.0 ms]
      [Ref Proc: 1.4 ms]
      [Ref Enq: 0.0 ms]
      [Free CSet: 3.7 ms]
   [Eden: 451.0M(925.0M)->0.0B(994.0M) Survivors: 99.0M->30.0M Heap: 1845.3M(3072.0M)->1421.8M(3072.0M)]
 [Times: user=0.98 sys=0.00, real=0.49 secs] 
31147.942: [GC concurrent-root-region-scan-start]
31148.014: [GC concurrent-root-region-scan-end, 0.0716430 secs]
31148.014: [GC concurrent-mark-start]
31150.645: [GC concurrent-mark-end, 2.6308010 secs]
31150.647: [GC remark 31150.649: [GC ref-proc, 0.5248480 secs], 0.5999910 secs]
 [Times: user=0.60 sys=0.01, real=0.60 secs] 
31151.251: [GC cleanup 1778M->1512M(3072M), 0.0291740 secs]
 [Times: user=0.05 sys=0.00, real=0.03 secs] 
31151.281: [GC concurrent-cleanup-start]
31151.281: [GC concurrent-cleanup-end, 0.0007600 secs]
31155.012: [GC pause (young)
Desired survivor size 67108864 bytes, new threshold 16 (max 32)
- age   1:   30290504 bytes,   30290504 total
, 0.4281650 secs]
   [Parallel Time: 414.6 ms, GC Workers: 2]
      [GC Worker Start (ms): Min: 31155013.9, Avg: 31155013.9, Max: 31155013.9, Diff: 0.0]
      [Ext Root Scanning (ms): Min: 70.5, Avg: 81.4, Max: 92.2, Diff: 21.8, Sum: 162.7]
      [Update RS (ms): Min: 35.7, Avg: 49.4, Max: 63.1, Diff: 27.4, Sum: 98.7]
         [Processed Buffers: Min: 71, Avg: 131.0, Max: 191, Diff: 120, Sum: 262]
      [Scan RS (ms): Min: 81.8, Avg: 81.9, Max: 81.9, Diff: 0.1, Sum: 163.7]
      [Object Copy (ms): Min: 199.0, Avg: 201.8, Max: 204.6, Diff: 5.6, Sum: 403.7]
      [Termination (ms): Min: 0.0, Avg: 0.0, Max: 0.0, Diff: 0.0, Sum: 0.0]
      [GC Worker Other (ms): Min: 0.1, Avg: 0.1, Max: 0.1, Diff: 0.0, Sum: 0.2]
      [GC Worker Total (ms): Min: 414.5, Avg: 414.5, Max: 414.6, Diff: 0.0, Sum: 829.1]
      [GC Worker End (ms): Min: 31155428.4, Avg: 31155428.4, Max: 31155428.4, Diff: 0.0]
   [Code Root Fixup: 0.0 ms]
   [Clear CT: 0.8 ms]
   [Other: 12.8 ms]
      [Choose CSet: 0.0 ms]
      [Ref Proc: 4.0 ms]
      [Ref Enq: 0.1 ms]
      [Free CSet: 5.8 ms]
   [Eden: 994.0M(994.0M)->0.0B(955.0M) Survivors: 30.0M->69.0M Heap: 2183.1M(3072.0M)->1227.6M(3072.0M)]
 [Times: user=0.84 sys=0.00, real=0.43 secs] 
31160.432: [GC pause (mixed)
Desired survivor size 67108864 bytes, new threshold 2 (max 32)
- age   1:   52203112 bytes,   52203112 total
- age   2:   18225440 bytes,   70428552 total
, 0.5224660 secs]
   [Parallel Time: 509.6 ms, GC Workers: 2]
      [GC Worker Start (ms): Min: 31160434.6, Avg: 31160434.6, Max: 31160434.6, Diff: 0.0]
      [Ext Root Scanning (ms): Min: 71.6, Avg: 80.1, Max: 88.5, Diff: 16.9, Sum: 160.2]
      [Update RS (ms): Min: 49.6, Avg: 60.8, Max: 71.9, Diff: 22.3, Sum: 121.6]
         [Processed Buffers: Min: 124, Avg: 143.0, Max: 162, Diff: 38, Sum: 286]
      [Scan RS (ms): Min: 101.0, Avg: 101.0, Max: 101.1, Diff: 0.1, Sum: 202.0]
      [Object Copy (ms): Min: 264.8, Avg: 267.5, Max: 270.1, Diff: 5.3, Sum: 535.0]
      [Termination (ms): Min: 0.0, Avg: 0.0, Max: 0.0, Diff: 0.0, Sum: 0.0]
      [GC Worker Other (ms): Min: 0.1, Avg: 0.1, Max: 0.1, Diff: 0.0, Sum: 0.2]
      [GC Worker Total (ms): Min: 509.5, Avg: 509.5, Max: 509.5, Diff: 0.0, Sum: 1018.9]
      [GC Worker End (ms): Min: 31160944.0, Avg: 31160944.0, Max: 31160944.1, Diff: 0.0]
   [Code Root Fixup: 0.0 ms]
   [Clear CT: 0.9 ms]
   [Other: 12.0 ms]
      [Choose CSet: 0.5 ms]
      [Ref Proc: 3.2 ms]
      [Ref Enq: 0.0 ms]
      [Free CSet: 5.6 ms]
   [Eden: 955.0M(955.0M)->0.0B(935.0M) Survivors: 69.0M->89.0M Heap: 2182.6M(3072.0M)->1194.1M(3072.0M)]
 [Times: user=1.03 sys=0.00, real=0.52 secs] 
31165.663: [GC pause (mixed)
Desired survivor size 67108864 bytes, new threshold 2 (max 32)
- age   1:   46143024 bytes,   46143024 total
- age   2:   45034576 bytes,   91177600 total
, 0.6076170 secs]
   [Parallel Time: 593.4 ms, GC Workers: 2]
      [GC Worker Start (ms): Min: 31165666.0, Avg: 31165666.0, Max: 31165666.0, Diff: 0.0]
      [Ext Root Scanning (ms): Min: 68.7, Avg: 76.9, Max: 85.1, Diff: 16.4, Sum: 153.7]
      [Update RS (ms): Min: 40.9, Avg: 51.5, Max: 62.0, Diff: 21.1, Sum: 102.9]
         [Processed Buffers: Min: 37, Avg: 132.5, Max: 228, Diff: 191, Sum: 265]
      [Scan RS (ms): Min: 138.3, Avg: 138.5, Max: 138.7, Diff: 0.4, Sum: 277.0]
      [Object Copy (ms): Min: 323.9, Avg: 326.4, Max: 328.9, Diff: 5.1, Sum: 652.8]
      [Termination (ms): Min: 0.0, Avg: 0.0, Max: 0.0, Diff: 0.0, Sum: 0.0]
      [GC Worker Other (ms): Min: 0.1, Avg: 0.1, Max: 0.1, Diff: 0.0, Sum: 0.2]
      [GC Worker Total (ms): Min: 593.3, Avg: 593.3, Max: 593.3, Diff: 0.0, Sum: 1186.7]
      [GC Worker End (ms): Min: 31166259.4, Avg: 31166259.4, Max: 31166259.4, Diff: 0.0]
   [Code Root Fixup: 0.0 ms]
   [Clear CT: 1.1 ms]
   [Other: 13.1 ms]
      [Choose CSet: 1.2 ms]
      [Ref Proc: 2.4 ms]
      [Ref Enq: 0.0 ms]
      [Free CSet: 6.4 ms]
   [Eden: 935.0M(935.0M)->0.0B(945.0M) Survivors: 89.0M->79.0M Heap: 2172.5M(3072.0M)->1205.0M(3072.0M)]
 [Times: user=1.20 sys=0.00, real=0.61 secs] 
31171.388: [GC pause (young)
Desired survivor size 67108864 bytes, new threshold 2 (max 32)
- age   1:   40035240 bytes,   40035240 total
- age   2:   41491376 bytes,   81526616 total
, 0.4857820 secs]
   [Parallel Time: 474.0 ms, GC Workers: 2]
      [GC Worker Start (ms): Min: 31171390.4, Avg: 31171391.3, Max: 31171392.2, Diff: 1.7]
      [Ext Root Scanning (ms): Min: 67.7, Avg: 74.9, Max: 82.2, Diff: 14.6, Sum: 149.9]
      [Update RS (ms): Min: 36.8, Avg: 47.5, Max: 58.2, Diff: 21.4, Sum: 95.1]
         [Processed Buffers: Min: 106, Avg: 130.0, Max: 154, Diff: 48, Sum: 260]
      [Scan RS (ms): Min: 87.1, Avg: 87.2, Max: 87.3, Diff: 0.2, Sum: 174.3]
      [Object Copy (ms): Min: 260.7, Avg: 263.1, Max: 265.5, Diff: 4.8, Sum: 526.3]
      [Termination (ms): Min: 0.0, Avg: 0.0, Max: 0.0, Diff: 0.0, Sum: 0.0]
      [GC Worker Other (ms): Min: 0.2, Avg: 0.2, Max: 0.2, Diff: 0.0, Sum: 0.3]
      [GC Worker Total (ms): Min: 472.1, Avg: 472.9, Max: 473.8, Diff: 1.7, Sum: 945.9]
      [GC Worker End (ms): Min: 31171864.2, Avg: 31171864.2, Max: 31171864.2, Diff: 0.0]
   [Code Root Fixup: 0.0 ms]
   [Clear CT: 0.7 ms]
   [Other: 11.2 ms]
      [Choose CSet: 0.0 ms]
      [Ref Proc: 2.7 ms]
      [Ref Enq: 0.0 ms]
      [Free CSet: 5.3 ms]
   [Eden: 945.0M(945.0M)->0.0B(951.0M) Survivors: 79.0M->73.0M Heap: 2154.5M(3072.0M)->1241.5M(3072.0M)]
 [Times: user=0.95 sys=0.01, real=0.49 secs] 
31178.106: [GC pause (young)
Desired survivor size 67108864 bytes, new threshold 2 (max 32)
- age   1:   38960816 bytes,   38960816 total
- age   2:   35700376 bytes,   74661192 total
, 0.4857330 secs]
   [Parallel Time: 472.9 ms, GC Workers: 2]
      [GC Worker Start (ms): Min: 31178107.3, Avg: 31178107.4, Max: 31178107.4, Diff: 0.1]
      [Ext Root Scanning (ms): Min: 67.7, Avg: 77.5, Max: 87.2, Diff: 19.6, Sum: 154.9]
      [Update RS (ms): Min: 18.8, Avg: 31.5, Max: 44.2, Diff: 25.4, Sum: 63.0]
         [Processed Buffers: Min: 144, Avg: 147.0, Max: 150, Diff: 6, Sum: 294]
      [Scan RS (ms): Min: 91.5, Avg: 91.6, Max: 91.6, Diff: 0.1, Sum: 183.1]
      [Object Copy (ms): Min: 269.2, Avg: 272.1, Max: 275.0, Diff: 5.7, Sum: 544.2]
      [Termination (ms): Min: 0.0, Avg: 0.0, Max: 0.0, Diff: 0.0, Sum: 0.0]
      [GC Worker Other (ms): Min: 0.1, Avg: 0.1, Max: 0.1, Diff: 0.0, Sum: 0.3]
      [GC Worker Total (ms): Min: 472.7, Avg: 472.8, Max: 472.8, Diff: 0.1, Sum: 945.5]
      [GC Worker End (ms): Min: 31178580.1, Avg: 31178580.1, Max: 31178580.2, Diff: 0.0]
   [Code Root Fixup: 0.0 ms]
   [Clear CT: 0.8 ms]
   [Other: 12.0 ms]
      [Choose CSet: 0.0 ms]
      [Ref Proc: 3.9 ms]
      [Ref Enq: 0.1 ms]
      [Free CSet: 5.2 ms]
   [Eden: 951.0M(951.0M)->0.0B(933.0M) Survivors: 73.0M->91.0M Heap: 2307.4M(3072.0M)->1404.9M(3072.0M)]
 [Times: user=0.95 sys=0.01, real=0.49 secs] 
31178.665: [GC pause (young) (initial-mark)
Desired survivor size 67108864 bytes, new threshold 2 (max 32)
- age   1:   58440056 bytes,   58440056 total
- age   2:   33276520 bytes,   91716576 total
, 0.4193840 secs]
   [Parallel Time: 416.3 ms, GC Workers: 2]
      [GC Worker Start (ms): Min: 31178665.9, Avg: 31178665.9, Max: 31178665.9, Diff: 0.0]
      [Ext Root Scanning (ms): Min: 70.9, Avg: 78.6, Max: 86.2, Diff: 15.4, Sum: 157.1]
      [Update RS (ms): Min: 110.2, Avg: 126.4, Max: 142.6, Diff: 32.4, Sum: 252.8]
         [Processed Buffers: Min: 143, Avg: 181.5, Max: 220, Diff: 77, Sum: 363]
      [Scan RS (ms): Min: 6.6, Avg: 6.7, Max: 6.7, Diff: 0.0, Sum: 13.3]
      [Object Copy (ms): Min: 195.9, Avg: 204.4, Max: 213.0, Diff: 17.1, Sum: 408.8]
      [Termination (ms): Min: 0.0, Avg: 0.0, Max: 0.0, Diff: 0.0, Sum: 0.0]
      [GC Worker Other (ms): Min: 0.1, Avg: 0.1, Max: 0.1, Diff: 0.0, Sum: 0.2]
      [GC Worker Total (ms): Min: 416.2, Avg: 416.2, Max: 416.2, Diff: 0.0, Sum: 832.3]
      [GC Worker End (ms): Min: 31179082.1, Avg: 31179082.1, Max: 31179082.1, Diff: 0.0]
   [Code Root Fixup: 0.0 ms]
   [Clear CT: 0.3 ms]
   [Other: 2.8 ms]
      [Choose CSet: 0.0 ms]
      [Ref Proc: 0.3 ms]
      [Ref Enq: 0.0 ms]
      [Free CSet: 0.3 ms]
   [Eden: 14.0M(933.0M)->0.0B(964.0M) Survivors: 91.0M->60.0M Heap: 1418.7M(3072.0M)->1405.9M(3072.0M)]
 [Times: user=0.84 sys=0.00, real=0.42 secs] 
31179.085: [GC concurrent-root-region-scan-start]
31179.329: [GC concurrent-root-region-scan-end, 0.2438490 secs]
31179.329: [GC concurrent-mark-start]
31182.082: [GC concurrent-mark-end, 2.7537390 secs]
31182.086: [GC remark 31182.087: [GC ref-proc, 0.0726190 secs], 0.1478840 secs]
 [Times: user=0.15 sys=0.00, real=0.15 secs] 
31182.237: [GC cleanup 1927M->1708M(3072M), 0.0283470 secs]
 [Times: user=0.05 sys=0.00, real=0.03 secs] 
31182.266: [GC concurrent-cleanup-start]
31182.267: [GC concurrent-cleanup-end, 0.0006340 secs]
31184.640: [GC pause (young)
Desired survivor size 67108864 bytes, new threshold 16 (max 32)
- age   1:    2498752 bytes,    2498752 total
- age   2:   57510488 bytes,   60009240 total
, 0.3529790 secs]
   [Parallel Time: 339.6 ms, GC Workers: 2]
      [GC Worker Start (ms): Min: 31184641.6, Avg: 31184641.6, Max: 31184641.6, Diff: 0.0]
      [Ext Root Scanning (ms): Min: 66.6, Avg: 77.4, Max: 88.3, Diff: 21.7, Sum: 154.9]
      [Update RS (ms): Min: 23.9, Avg: 37.5, Max: 51.1, Diff: 27.2, Sum: 75.0]
         [Processed Buffers: Min: 118, Avg: 133.0, Max: 148, Diff: 30, Sum: 266]
      [Scan RS (ms): Min: 71.8, Avg: 72.1, Max: 72.4, Diff: 0.6, Sum: 144.2]
      [Object Copy (ms): Min: 149.9, Avg: 152.3, Max: 154.7, Diff: 4.9, Sum: 304.6]
      [Termination (ms): Min: 0.0, Avg: 0.0, Max: 0.0, Diff: 0.0, Sum: 0.0]
      [GC Worker Other (ms): Min: 0.1, Avg: 0.1, Max: 0.1, Diff: 0.0, Sum: 0.2]
      [GC Worker Total (ms): Min: 339.5, Avg: 339.5, Max: 339.5, Diff: 0.0, Sum: 678.9]
      [GC Worker End (ms): Min: 31184981.1, Avg: 31184981.1, Max: 31184981.1, Diff: 0.0]
   [Code Root Fixup: 0.0 ms]
   [Clear CT: 0.9 ms]
   [Other: 12.5 ms]
      [Choose CSet: 0.0 ms]
      [Ref Proc: 4.7 ms]
      [Ref Enq: 0.1 ms]
      [Free CSet: 5.2 ms]
   [Eden: 964.0M(964.0M)->0.0B(964.0M) Survivors: 60.0M->60.0M Heap: 2185.0M(3072.0M)->1221.0M(3072.0M)]
 [Times: user=0.70 sys=0.00, real=0.36 secs] 
31190.788: [GC pause (mixed)
Desired survivor size 67108864 bytes, new threshold 16 (max 32)
- age   1:   36152256 bytes,   36152256 total
- age   2:     357816 bytes,   36510072 total
- age   3:   23325392 bytes,   59835464 total
, 0.4499600 secs]
   [Parallel Time: 431.5 ms, GC Workers: 2]
      [GC Worker Start (ms): Min: 31190790.6, Avg: 31190790.6, Max: 31190790.6, Diff: 0.0]
      [Ext Root Scanning (ms): Min: 67.6, Avg: 76.1, Max: 84.7, Diff: 17.1, Sum: 152.2]
      [Update RS (ms): Min: 38.2, Avg: 49.2, Max: 60.2, Diff: 22.1, Sum: 98.4]
         [Processed Buffers: Min: 155, Avg: 155.0, Max: 155, Diff: 0, Sum: 310]
      [Scan RS (ms): Min: 99.8, Avg: 99.8, Max: 99.8, Diff: 0.0, Sum: 199.7]
      [Object Copy (ms): Min: 203.6, Avg: 206.1, Max: 208.6, Diff: 5.1, Sum: 412.2]
      [Termination (ms): Min: 0.0, Avg: 0.0, Max: 0.0, Diff: 0.0, Sum: 0.0]
      [GC Worker Other (ms): Min: 0.1, Avg: 0.1, Max: 0.1, Diff: 0.0, Sum: 0.2]
      [GC Worker Total (ms): Min: 431.3, Avg: 431.3, Max: 431.4, Diff: 0.1, Sum: 862.6]
      [GC Worker End (ms): Min: 31191221.9, Avg: 31191221.9, Max: 31191221.9, Diff: 0.0]
   [Code Root Fixup: 0.0 ms]
   [Clear CT: 0.8 ms]
   [Other: 17.7 ms]
      [Choose CSet: 1.2 ms]
      [Ref Proc: 8.2 ms]
      [Ref Enq: 0.1 ms]
      [Free CSet: 5.7 ms]
   [Eden: 964.0M(964.0M)->0.0B(941.0M) Survivors: 60.0M->83.0M Heap: 2204.7M(3072.0M)->1195.7M(3072.0M)]
 [Times: user=0.88 sys=0.00, real=0.45 secs] 
31196.295: [GC pause (mixed)
Desired survivor size 67108864 bytes, new threshold 4 (max 32)
- age   1:   37671000 bytes,   37671000 total
- age   2:   25663128 bytes,   63334128 total
- age   3:     343368 bytes,   63677496 total
- age   4:   20178808 bytes,   83856304 total
, 0.5722690 secs]
   [Parallel Time: 556.7 ms, GC Workers: 2]
      [GC Worker Start (ms): Min: 31196297.0, Avg: 31196297.0, Max: 31196297.0, Diff: 0.0]
      [Ext Root Scanning (ms): Min: 65.7, Avg: 74.2, Max: 82.7, Diff: 16.9, Sum: 148.4]
      [Update RS (ms): Min: 46.2, Avg: 57.7, Max: 69.3, Diff: 23.1, Sum: 115.5]
         [Processed Buffers: Min: 146, Avg: 151.0, Max: 156, Diff: 10, Sum: 302]
      [Scan RS (ms): Min: 119.1, Avg: 119.2, Max: 119.3, Diff: 0.2, Sum: 238.4]
      [Object Copy (ms): Min: 302.1, Avg: 305.3, Max: 308.5, Diff: 6.4, Sum: 610.6]
      [Termination (ms): Min: 0.0, Avg: 0.0, Max: 0.0, Diff: 0.0, Sum: 0.0]
      [GC Worker Other (ms): Min: 0.1, Avg: 0.1, Max: 0.2, Diff: 0.1, Sum: 0.3]
      [GC Worker Total (ms): Min: 556.5, Avg: 556.6, Max: 556.6, Diff: 0.1, Sum: 1113.2]
      [GC Worker End (ms): Min: 31196853.5, Avg: 31196853.5, Max: 31196853.6, Diff: 0.1]
   [Code Root Fixup: 0.0 ms]
   [Clear CT: 1.1 ms]
   [Other: 14.4 ms]
      [Choose CSet: 1.0 ms]
      [Ref Proc: 5.4 ms]
      [Ref Enq: 0.1 ms]
      [Free CSet: 5.4 ms]
   [Eden: 941.0M(941.0M)->0.0B(916.0M) Survivors: 83.0M->108.0M Heap: 2181.1M(3072.0M)->1240.6M(3072.0M)]
 [Times: user=1.13 sys=0.00, real=0.57 secs] 
31201.301: [GC pause (young)
Desired survivor size 67108864 bytes, new threshold 2 (max 32)
- age   1:   57193696 bytes,   57193696 total
- age   2:   30416096 bytes,   87609792 total
- age   3:   21783968 bytes,  109393760 total
- age   4:     293424 bytes,  109687184 total
, 0.5056540 secs]
   [Parallel Time: 489.3 ms, GC Workers: 2]
      [GC Worker Start (ms): Min: 31201303.2, Avg: 31201303.2, Max: 31201303.2, Diff: 0.0]
      [Ext Root Scanning (ms): Min: 66.3, Avg: 75.5, Max: 84.8, Diff: 18.4, Sum: 151.1]
      [Update RS (ms): Min: 6.7, Avg: 18.6, Max: 30.4, Diff: 23.7, Sum: 37.2]
         [Processed Buffers: Min: 106, Avg: 142.0, Max: 178, Diff: 72, Sum: 284]
      [Scan RS (ms): Min: 78.7, Avg: 78.7, Max: 78.8, Diff: 0.1, Sum: 157.4]
      [Object Copy (ms): Min: 313.6, Avg: 316.2, Max: 318.8, Diff: 5.2, Sum: 632.4]
      [Termination (ms): Min: 0.0, Avg: 0.0, Max: 0.0, Diff: 0.0, Sum: 0.0]
      [GC Worker Other (ms): Min: 0.1, Avg: 0.1, Max: 0.1, Diff: 0.0, Sum: 0.2]
      [GC Worker Total (ms): Min: 489.1, Avg: 489.1, Max: 489.1, Diff: 0.0, Sum: 978.3]
      [GC Worker End (ms): Min: 31201792.4, Avg: 31201792.4, Max: 31201792.4, Diff: 0.0]
   [Code Root Fixup: 0.0 ms]
   [Clear CT: 0.7 ms]
   [Other: 15.7 ms]
      [Choose CSet: 0.0 ms]
      [Ref Proc: 8.0 ms]
      [Ref Enq: 0.1 ms]
      [Free CSet: 4.5 ms]
   [Eden: 768.0M(916.0M)->0.0B(924.0M) Survivors: 108.0M->100.0M Heap: 2021.0M(3072.0M)->1292.1M(3072.0M)]
 [Times: user=1.00 sys=0.00, real=0.51 secs] 
31207.160: [GC pause (young)
Desired survivor size 67108864 bytes, new threshold 2 (max 32)
- age   1:   52452600 bytes,   52452600 total
- age   2:   47586640 bytes,  100039240 total
, 0.5696930 secs]
   [Parallel Time: 551.2 ms, GC Workers: 2]
      [GC Worker Start (ms): Min: 31207161.9, Avg: 31207161.9, Max: 31207161.9, Diff: 0.0]
      [Ext Root Scanning (ms): Min: 69.2, Avg: 77.1, Max: 85.0, Diff: 15.9, Sum: 154.2]
      [Update RS (ms): Min: 39.6, Avg: 50.0, Max: 60.3, Diff: 20.8, Sum: 99.9]
         [Processed Buffers: Min: 165, Avg: 173.0, Max: 181, Diff: 16, Sum: 346]
      [Scan RS (ms): Min: 78.0, Avg: 78.3, Max: 78.6, Diff: 0.6, Sum: 156.6]
      [Object Copy (ms): Min: 342.7, Avg: 345.5, Max: 348.3, Diff: 5.6, Sum: 691.0]
      [Termination (ms): Min: 0.0, Avg: 0.0, Max: 0.1, Diff: 0.1, Sum: 0.1]
      [GC Worker Other (ms): Min: 0.1, Avg: 0.1, Max: 0.1, Diff: 0.0, Sum: 0.2]
      [GC Worker Total (ms): Min: 551.0, Avg: 551.0, Max: 551.1, Diff: 0.0, Sum: 1102.1]
      [GC Worker End (ms): Min: 31207712.9, Avg: 31207712.9, Max: 31207713.0, Diff: 0.0]
   [Code Root Fixup: 0.0 ms]
   [Clear CT: 1.2 ms]
   [Other: 17.3 ms]
      [Choose CSet: 0.0 ms]
      [Ref Proc: 8.9 ms]
      [Ref Enq: 0.1 ms]
      [Free CSet: 4.9 ms]
   [Eden: 924.0M(924.0M)->0.0B(914.0M) Survivors: 100.0M->110.0M Heap: 2231.1M(3072.0M)->1362.3M(3072.0M)]
 [Times: user=1.12 sys=0.00, real=0.57 secs] 
31211.843: [GC pause (young)
Desired survivor size 67108864 bytes, new threshold 2 (max 32)
- age   1:   63688104 bytes,   63688104 total
- age   2:   47179160 bytes,  110867264 total
, 0.5255500 secs]
   [Parallel Time: 506.6 ms, GC Workers: 2]
      [GC Worker Start (ms): Min: 31211844.9, Avg: 31211845.3, Max: 31211845.8, Diff: 0.9]
      [Ext Root Scanning (ms): Min: 68.3, Avg: 75.4, Max: 82.5, Diff: 14.2, Sum: 150.8]
      [Update RS (ms): Min: 40.1, Avg: 50.0, Max: 59.9, Diff: 19.8, Sum: 100.0]
         [Processed Buffers: Min: 148, Avg: 154.5, Max: 161, Diff: 13, Sum: 309]
      [Scan RS (ms): Min: 111.2, Avg: 111.2, Max: 111.3, Diff: 0.0, Sum: 222.5]
      [Object Copy (ms): Min: 267.0, Avg: 269.3, Max: 271.7, Diff: 4.7, Sum: 538.7]
      [Termination (ms): Min: 0.0, Avg: 0.0, Max: 0.0, Diff: 0.0, Sum: 0.0]
      [GC Worker Other (ms): Min: 0.1, Avg: 0.1, Max: 0.1, Diff: 0.0, Sum: 0.2]
      [GC Worker Total (ms): Min: 505.6, Avg: 506.1, Max: 506.6, Diff: 0.9, Sum: 1012.2]
      [GC Worker End (ms): Min: 31212351.4, Avg: 31212351.4, Max: 31212351.4, Diff: 0.0]
   [Code Root Fixup: 0.0 ms]
   [Clear CT: 0.8 ms]
   [Other: 18.1 ms]
      [Choose CSet: 0.0 ms]
      [Ref Proc: 9.4 ms]
      [Ref Enq: 0.1 ms]
      [Free CSet: 5.2 ms]
   [Eden: 914.0M(914.0M)->0.0B(951.0M) Survivors: 110.0M->73.0M Heap: 2311.0M(3072.0M)->1405.3M(3072.0M)]
 [Times: user=1.03 sys=0.00, real=0.53 secs] 
31212.854: [GC pause (young) (initial-mark)
Desired survivor size 67108864 bytes, new threshold 2 (max 32)
- age   1:   37722168 bytes,   37722168 total
- age   2:   34367200 bytes,   72089368 total
, 0.3541680 secs]
   [Parallel Time: 349.7 ms, GC Workers: 2]
      [GC Worker Start (ms): Min: 31212855.2, Avg: 31212855.2, Max: 31212855.2, Diff: 0.0]
      [Ext Root Scanning (ms): Min: 61.1, Avg: 79.0, Max: 96.9, Diff: 35.9, Sum: 158.0]
      [Update RS (ms): Min: 12.5, Avg: 29.1, Max: 45.6, Diff: 33.1, Sum: 58.1]
         [Processed Buffers: Min: 99, Avg: 126.5, Max: 154, Diff: 55, Sum: 253]
      [Scan RS (ms): Min: 48.6, Avg: 48.6, Max: 48.6, Diff: 0.0, Sum: 97.1]
      [Object Copy (ms): Min: 191.4, Avg: 192.8, Max: 194.2, Diff: 2.8, Sum: 385.6]
      [Termination (ms): Min: 0.0, Avg: 0.0, Max: 0.0, Diff: 0.0, Sum: 0.0]
      [GC Worker Other (ms): Min: 0.1, Avg: 0.1, Max: 0.2, Diff: 0.1, Sum: 0.3]
      [GC Worker Total (ms): Min: 349.5, Avg: 349.6, Max: 349.6, Diff: 0.1, Sum: 699.1]
      [GC Worker End (ms): Min: 31213204.7, Avg: 31213204.8, Max: 31213204.8, Diff: 0.1]
   [Code Root Fixup: 0.0 ms]
   [Clear CT: 0.4 ms]
   [Other: 4.0 ms]
      [Choose CSet: 0.0 ms]
      [Ref Proc: 0.7 ms]
      [Ref Enq: 0.0 ms]
      [Free CSet: 1.0 ms]
   [Eden: 51.0M(951.0M)->0.0B(983.0M) Survivors: 73.0M->41.0M Heap: 1455.6M(3072.0M)->1406.7M(3072.0M)]
 [Times: user=0.71 sys=0.00, real=0.36 secs] 
31213.209: [GC concurrent-root-region-scan-start]
31213.372: [GC concurrent-root-region-scan-end, 0.1629440 secs]
31213.372: [GC concurrent-mark-start]
31215.901: [GC pause (young)
Desired survivor size 67108864 bytes, new threshold 16 (max 32)
- age   1:    4741232 bytes,    4741232 total
- age   2:   36332056 bytes,   41073288 total
, 0.3187470 secs]
   [Parallel Time: 308.7 ms, GC Workers: 2]
      [GC Worker Start (ms): Min: 31215902.3, Avg: 31215902.3, Max: 31215902.3, Diff: 0.0]
      [Ext Root Scanning (ms): Min: 68.4, Avg: 78.1, Max: 87.9, Diff: 19.5, Sum: 156.3]
      [SATB Filtering (ms): Min: 0.0, Avg: 0.4, Max: 0.9, Diff: 0.9, Sum: 0.9]
      [Update RS (ms): Min: 47.1, Avg: 59.8, Max: 72.6, Diff: 25.6, Sum: 119.7]
         [Processed Buffers: Min: 132, Avg: 173.5, Max: 215, Diff: 83, Sum: 347]
      [Scan RS (ms): Min: 38.2, Avg: 38.7, Max: 39.2, Diff: 1.0, Sum: 77.4]
      [Object Copy (ms): Min: 128.4, Avg: 131.4, Max: 134.3, Diff: 5.9, Sum: 262.7]
      [Termination (ms): Min: 0.0, Avg: 0.0, Max: 0.1, Diff: 0.1, Sum: 0.1]
      [GC Worker Other (ms): Min: 0.1, Avg: 0.1, Max: 0.1, Diff: 0.0, Sum: 0.2]
      [GC Worker Total (ms): Min: 308.6, Avg: 308.6, Max: 308.6, Diff: 0.0, Sum: 617.3]
      [GC Worker End (ms): Min: 31216210.9, Avg: 31216210.9, Max: 31216210.9, Diff: 0.0]
   [Code Root Fixup: 0.0 ms]
   [Clear CT: 0.5 ms]
   [Other: 9.6 ms]
      [Choose CSet: 0.0 ms]
      [Ref Proc: 6.1 ms]
      [Ref Enq: 0.0 ms]
      [Free CSet: 1.8 ms]
   [Eden: 321.0M(983.0M)->0.0B(963.0M) Survivors: 41.0M->61.0M Heap: 1829.1M(3072.0M)->1528.7M(3072.0M)]
 [Times: user=0.63 sys=0.00, real=0.32 secs] 
31218.332: [GC concurrent-mark-end, 4.9607390 secs]
31218.334: [GC remark 31218.336: [GC ref-proc, 0.9604690 secs], 1.0335810 secs]
 [Times: user=1.04 sys=0.00, real=1.04 secs] 
31219.371: [GC cleanup 1886M->1713M(3072M), 0.0338020 secs]
 [Times: user=0.06 sys=0.00, real=0.03 secs] 
31219.405: [GC concurrent-cleanup-start]
31219.406: [GC concurrent-cleanup-end, 0.0005140 secs]
31222.202: [GC pause (young)
Desired survivor size 67108864 bytes, new threshold 16 (max 32)
- age   1:   29284024 bytes,   29284024 total
- age   2:    2954392 bytes,   32238416 total
- age   3:   30039592 bytes,   62278008 total
, 0.4717010 secs]
   [Parallel Time: 459.9 ms, GC Workers: 2]
      [GC Worker Start (ms): Min: 31222203.6, Avg: 31222203.6, Max: 31222203.6, Diff: 0.0]
      [Ext Root Scanning (ms): Min: 66.3, Avg: 75.1, Max: 83.9, Diff: 17.7, Sum: 150.2]
      [Update RS (ms): Min: 38.6, Avg: 50.2, Max: 61.7, Diff: 23.1, Sum: 100.3]
         [Processed Buffers: Min: 85, Avg: 159.0, Max: 233, Diff: 148, Sum: 318]
      [Scan RS (ms): Min: 45.2, Avg: 45.2, Max: 45.2, Diff: 0.1, Sum: 90.4]
      [Object Copy (ms): Min: 286.5, Avg: 289.3, Max: 292.0, Diff: 5.5, Sum: 578.6]
      [Termination (ms): Min: 0.0, Avg: 0.0, Max: 0.0, Diff: 0.0, Sum: 0.0]
      [GC Worker Other (ms): Min: 0.1, Avg: 0.1, Max: 0.1, Diff: 0.0, Sum: 0.2]
      [GC Worker Total (ms): Min: 459.8, Avg: 459.8, Max: 459.8, Diff: 0.0, Sum: 919.7]
      [GC Worker End (ms): Min: 31222663.4, Avg: 31222663.4, Max: 31222663.5, Diff: 0.0]
   [Code Root Fixup: 0.0 ms]
   [Clear CT: 0.7 ms]
   [Other: 11.1 ms]
      [Choose CSet: 0.0 ms]
      [Ref Proc: 5.3 ms]
      [Ref Enq: 0.1 ms]
      [Free CSet: 3.2 ms]
   [Eden: 963.0M(963.0M)->0.0B(896.0M) Survivors: 61.0M->128.0M Heap: 2356.4M(3072.0M)->1466.0M(3072.0M)]
 [Times: user=0.93 sys=0.00, real=0.47 secs] 
31226.726: [GC pause (mixed)
Desired survivor size 67108864 bytes, new threshold 1 (max 32)
- age   1:   97591984 bytes,   97591984 total
- age   2:   14824264 bytes,  112416248 total
- age   3:    2381864 bytes,  114798112 total
- age   4:   20166056 bytes,  134964168 total
, 0.5139510 secs]
   [Parallel Time: 500.3 ms, GC Workers: 2]
      [GC Worker Start (ms): Min: 31226728.3, Avg: 31226728.3, Max: 31226728.3, Diff: 0.0]
      [Ext Root Scanning (ms): Min: 69.3, Avg: 76.3, Max: 83.4, Diff: 14.2, Sum: 152.7]
      [Update RS (ms): Min: 25.1, Avg: 34.6, Max: 44.1, Diff: 18.9, Sum: 69.2]
         [Processed Buffers: Min: 38, Avg: 129.0, Max: 220, Diff: 182, Sum: 258]
      [Scan RS (ms): Min: 78.2, Avg: 78.3, Max: 78.4, Diff: 0.2, Sum: 156.6]
      [Object Copy (ms): Min: 308.4, Avg: 310.9, Max: 313.3, Diff: 4.9, Sum: 621.7]
      [Termination (ms): Min: 0.0, Avg: 0.0, Max: 0.0, Diff: 0.0, Sum: 0.0]
      [GC Worker Other (ms): Min: 0.1, Avg: 0.1, Max: 0.1, Diff: 0.0, Sum: 0.2]
      [GC Worker Total (ms): Min: 500.2, Avg: 500.2, Max: 500.2, Diff: 0.0, Sum: 1000.4]
      [GC Worker End (ms): Min: 31227228.5, Avg: 31227228.5, Max: 31227228.5, Diff: 0.0]
   [Code Root Fixup: 0.0 ms]
   [Clear CT: 1.0 ms]
   [Other: 12.7 ms]
      [Choose CSet: 1.0 ms]
      [Ref Proc: 4.1 ms]
      [Ref Enq: 0.1 ms]
      [Free CSet: 4.4 ms]
   [Eden: 896.0M(896.0M)->0.0B(962.0M) Survivors: 128.0M->62.0M Heap: 2367.5M(3072.0M)->1410.5M(3072.0M)]
 [Times: user=1.01 sys=0.01, real=0.52 secs] 
31232.483: [GC pause (mixed)
Desired survivor size 67108864 bytes, new threshold 16 (max 32)
- age   1:   61101264 bytes,   61101264 total
, 0.3755020 secs]
   [Parallel Time: 358.0 ms, GC Workers: 2]
      [GC Worker Start (ms): Min: 31232486.0, Avg: 31232486.0, Max: 31232486.0, Diff: 0.0]
      [Ext Root Scanning (ms): Min: 70.3, Avg: 78.1, Max: 86.0, Diff: 15.7, Sum: 156.3]
      [Update RS (ms): Min: 4.2, Avg: 15.1, Max: 26.0, Diff: 21.8, Sum: 30.2]
         [Processed Buffers: Min: 151, Avg: 157.5, Max: 164, Diff: 13, Sum: 315]
      [Scan RS (ms): Min: 104.5, Avg: 104.8, Max: 105.0, Diff: 0.5, Sum: 209.5]
      [Object Copy (ms): Min: 156.9, Avg: 159.7, Max: 162.5, Diff: 5.6, Sum: 319.5]
      [Termination (ms): Min: 0.0, Avg: 0.0, Max: 0.0, Diff: 0.0, Sum: 0.0]
      [GC Worker Other (ms): Min: 0.1, Avg: 0.1, Max: 0.1, Diff: 0.0, Sum: 0.2]
      [GC Worker Total (ms): Min: 357.8, Avg: 357.8, Max: 357.9, Diff: 0.0, Sum: 715.7]
      [GC Worker End (ms): Min: 31232843.8, Avg: 31232843.9, Max: 31232843.9, Diff: 0.0]
   [Code Root Fixup: 0.0 ms]
   [Clear CT: 1.4 ms]
   [Other: 16.1 ms]
      [Choose CSet: 1.3 ms]
      [Ref Proc: 7.1 ms]
      [Ref Enq: 0.1 ms]
      [Free CSet: 5.0 ms]
   [Eden: 892.0M(962.0M)->0.0B(951.0M) Survivors: 62.0M->73.0M Heap: 2329.2M(3072.0M)->1390.2M(3072.0M)]
 [Times: user=0.73 sys=0.00, real=0.37 secs] 
31232.870: [GC pause (young) (initial-mark)
Desired survivor size 67108864 bytes, new threshold 2 (max 32)
- age   1:   27018064 bytes,   27018064 total
- age   2:   43612720 bytes,   70630784 total
, 0.3643940 secs]
   [Parallel Time: 361.8 ms, GC Workers: 2]
      [GC Worker Start (ms): Min: 31232870.4, Avg: 31232870.4, Max: 31232870.4, Diff: 0.0]
      [Ext Root Scanning (ms): Min: 72.2, Avg: 80.6, Max: 89.1, Diff: 17.0, Sum: 161.3]
      [Update RS (ms): Min: 112.1, Avg: 128.8, Max: 145.6, Diff: 33.5, Sum: 257.6]
         [Processed Buffers: Min: 218, Avg: 240.0, Max: 262, Diff: 44, Sum: 480]
      [Scan RS (ms): Min: 1.6, Avg: 1.6, Max: 1.6, Diff: 0.1, Sum: 3.2]
      [Object Copy (ms): Min: 142.3, Avg: 150.5, Max: 158.7, Diff: 16.4, Sum: 301.1]
      [Termination (ms): Min: 0.0, Avg: 0.0, Max: 0.1, Diff: 0.1, Sum: 0.1]
      [GC Worker Other (ms): Min: 0.1, Avg: 0.1, Max: 0.1, Diff: 0.0, Sum: 0.1]
      [GC Worker Total (ms): Min: 361.7, Avg: 361.7, Max: 361.7, Diff: 0.0, Sum: 723.4]
      [GC Worker End (ms): Min: 31233232.1, Avg: 31233232.1, Max: 31233232.1, Diff: 0.0]
   [Code Root Fixup: 0.0 ms]
   [Clear CT: 0.1 ms]
   [Other: 2.5 ms]
      [Choose CSet: 0.0 ms]
      [Ref Proc: 0.2 ms]
      [Ref Enq: 0.0 ms]
      [Free CSet: 0.2 ms]
   [Eden: 2048.0K(951.0M)->0.0B(997.0M) Survivors: 73.0M->27.0M Heap: 1399.6M(3072.0M)->1395.2M(3072.0M)]
 [Times: user=0.72 sys=0.01, real=0.36 secs] 
31233.235: [GC concurrent-root-region-scan-start]
31233.391: [GC concurrent-root-region-scan-end, 0.1564940 secs]
31233.391: [GC concurrent-mark-start]
31235.517: [GC concurrent-mark-end, 2.1260880 secs]
31235.520: [GC remark 31235.522: [GC ref-proc, 0.0956720 secs], 0.1651000 secs]
 [Times: user=0.17 sys=0.00, real=0.16 secs] 
31235.694: [GC cleanup 1789M->1533M(3072M), 0.0270900 secs]
 [Times: user=0.06 sys=0.00, real=0.03 secs] 
31235.721: [GC concurrent-cleanup-start]
31235.722: [GC concurrent-cleanup-end, 0.0005960 secs]
31239.506: [GC pause (young)
Desired survivor size 67108864 bytes, new threshold 16 (max 32)
- age   1:      57616 bytes,      57616 total
- age   2:   26939648 bytes,   26997264 total
, 0.2706990 secs]
   [Parallel Time: 254.1 ms, GC Workers: 2]
      [GC Worker Start (ms): Min: 31239507.6, Avg: 31239507.6, Max: 31239507.6, Diff: 0.0]
      [Ext Root Scanning (ms): Min: 67.6, Avg: 78.1, Max: 88.6, Diff: 21.0, Sum: 156.2]
      [Update RS (ms): Min: 23.1, Avg: 36.5, Max: 49.9, Diff: 26.8, Sum: 73.0]
         [Processed Buffers: Min: 88, Avg: 167.5, Max: 247, Diff: 159, Sum: 335]
      [Scan RS (ms): Min: 28.5, Avg: 28.9, Max: 29.2, Diff: 0.7, Sum: 57.7]
      [Object Copy (ms): Min: 107.9, Avg: 110.4, Max: 113.0, Diff: 5.1, Sum: 220.9]
      [Termination (ms): Min: 0.0, Avg: 0.0, Max: 0.0, Diff: 0.0, Sum: 0.0]
      [GC Worker Other (ms): Min: 0.1, Avg: 0.1, Max: 0.1, Diff: 0.0, Sum: 0.2]
      [GC Worker Total (ms): Min: 254.0, Avg: 254.0, Max: 254.0, Diff: 0.0, Sum: 508.0]
      [GC Worker End (ms): Min: 31239761.6, Avg: 31239761.7, Max: 31239761.7, Diff: 0.0]
   [Code Root Fixup: 0.0 ms]
   [Clear CT: 0.8 ms]
   [Other: 15.7 ms]
      [Choose CSet: 0.0 ms]
      [Ref Proc: 9.9 ms]
      [Ref Enq: 0.2 ms]
      [Free CSet: 3.5 ms]
   [Eden: 997.0M(997.0M)->0.0B(972.0M) Survivors: 27.0M->52.0M Heap: 2167.7M(3072.0M)->1195.7M(3072.0M)]
 [Times: user=0.53 sys=0.00, real=0.27 secs] 
31244.746: [GC pause (mixed)
Desired survivor size 67108864 bytes, new threshold 16 (max 32)
- age   1:   28012432 bytes,   28012432 total
- age   2:        144 bytes,   28012576 total
- age   3:   20507432 bytes,   48520008 total
, 0.2972390 secs]
   [Parallel Time: 275.8 ms, GC Workers: 2]
      [GC Worker Start (ms): Min: 31244748.5, Avg: 31244748.5, Max: 31244748.5, Diff: 0.0]
      [Ext Root Scanning (ms): Min: 66.7, Avg: 75.3, Max: 83.9, Diff: 17.2, Sum: 150.7]
      [Update RS (ms): Min: 7.9, Avg: 19.4, Max: 30.9, Diff: 23.0, Sum: 38.8]
         [Processed Buffers: Min: 128, Avg: 150.0, Max: 172, Diff: 44, Sum: 300]
      [Scan RS (ms): Min: 41.8, Avg: 41.8, Max: 41.8, Diff: 0.1, Sum: 83.6]
      [Object Copy (ms): Min: 136.2, Avg: 139.1, Max: 142.0, Diff: 5.7, Sum: 278.2]
      [Termination (ms): Min: 0.0, Avg: 0.0, Max: 0.0, Diff: 0.0, Sum: 0.0]
      [GC Worker Other (ms): Min: 0.1, Avg: 0.1, Max: 0.1, Diff: 0.0, Sum: 0.2]
      [GC Worker Total (ms): Min: 275.7, Avg: 275.7, Max: 275.7, Diff: 0.0, Sum: 551.5]
      [GC Worker End (ms): Min: 31245024.2, Avg: 31245024.2, Max: 31245024.2, Diff: 0.0]
   [Code Root Fixup: 0.0 ms]
   [Clear CT: 0.9 ms]
   [Other: 20.5 ms]
      [Choose CSet: 0.6 ms]
      [Ref Proc: 13.2 ms]
      [Ref Enq: 0.1 ms]
      [Free CSet: 4.6 ms]
   [Eden: 972.0M(972.0M)->0.0B(954.0M) Survivors: 52.0M->70.0M Heap: 2211.4M(3072.0M)->1158.4M(3072.0M)]
 [Times: user=0.57 sys=0.00, real=0.30 secs] 
31251.152: [GC pause (mixed)
Desired survivor size 67108864 bytes, new threshold 4 (max 32)
- age   1:   33222856 bytes,   33222856 total
- age   2:   18797872 bytes,   52020728 total
- age   3:         32 bytes,   52020760 total
- age   4:   15179496 bytes,   67200256 total
, 0.3797770 secs]
   [Parallel Time: 361.0 ms, GC Workers: 2]
      [GC Worker Start (ms): Min: 31251154.2, Avg: 31251154.2, Max: 31251154.2, Diff: 0.0]
      [Ext Root Scanning (ms): Min: 68.6, Avg: 78.4, Max: 88.2, Diff: 19.6, Sum: 156.7]
      [Update RS (ms): Min: 29.5, Avg: 42.3, Max: 55.2, Diff: 25.7, Sum: 84.6]
         [Processed Buffers: Min: 123, Avg: 151.0, Max: 179, Diff: 56, Sum: 302]
      [Scan RS (ms): Min: 59.0, Avg: 59.0, Max: 59.0, Diff: 0.0, Sum: 117.9]
      [Object Copy (ms): Min: 178.1, Avg: 181.1, Max: 184.1, Diff: 6.0, Sum: 362.1]
      [Termination (ms): Min: 0.0, Avg: 0.0, Max: 0.0, Diff: 0.0, Sum: 0.0]
      [GC Worker Other (ms): Min: 0.1, Avg: 0.1, Max: 0.1, Diff: 0.0, Sum: 0.2]
      [GC Worker Total (ms): Min: 360.8, Avg: 360.8, Max: 360.8, Diff: 0.0, Sum: 721.6]
      [GC Worker End (ms): Min: 31251515.0, Avg: 31251515.0, Max: 31251515.0, Diff: 0.0]
   [Code Root Fixup: 0.0 ms]
   [Clear CT: 0.9 ms]
   [Other: 17.9 ms]
      [Choose CSet: 1.0 ms]
      [Ref Proc: 9.5 ms]
      [Ref Enq: 0.1 ms]
      [Free CSet: 5.1 ms]
   [Eden: 954.0M(954.0M)->0.0B(955.0M) Survivors: 70.0M->69.0M Heap: 2115.4M(3072.0M)->1075.4M(3072.0M)]
 [Times: user=0.74 sys=0.00, real=0.38 secs] 
31257.974: [GC pause (mixed)
Desired survivor size 67108864 bytes, new threshold 3 (max 32)
- age   1:   35594944 bytes,   35594944 total
- age   2:   17332920 bytes,   52927864 total
- age   3:   15396328 bytes,   68324192 total
, 0.3607710 secs]
   [Parallel Time: 345.3 ms, GC Workers: 2]
      [GC Worker Start (ms): Min: 31257976.5, Avg: 31257976.5, Max: 31257976.5, Diff: 0.0]
      [Ext Root Scanning (ms): Min: 69.9, Avg: 78.0, Max: 86.1, Diff: 16.3, Sum: 156.0]
      [Update RS (ms): Min: 17.9, Avg: 29.0, Max: 40.0, Diff: 22.0, Sum: 57.9]
         [Processed Buffers: Min: 52, Avg: 147.0, Max: 242, Diff: 190, Sum: 294]
      [Scan RS (ms): Min: 62.7, Avg: 62.7, Max: 62.7, Diff: 0.0, Sum: 125.4]
      [Object Copy (ms): Min: 172.5, Avg: 175.4, Max: 178.3, Diff: 5.8, Sum: 350.8]
      [Termination (ms): Min: 0.0, Avg: 0.0, Max: 0.0, Diff: 0.0, Sum: 0.0]
      [GC Worker Other (ms): Min: 0.1, Avg: 0.1, Max: 0.1, Diff: 0.0, Sum: 0.2]
      [GC Worker Total (ms): Min: 345.2, Avg: 345.2, Max: 345.2, Diff: 0.0, Sum: 690.3]
      [GC Worker End (ms): Min: 31258321.7, Avg: 31258321.7, Max: 31258321.7, Diff: 0.0]
   [Code Root Fixup: 0.0 ms]
   [Clear CT: 0.8 ms]
   [Other: 14.7 ms]
      [Choose CSet: 1.2 ms]
      [Ref Proc: 6.6 ms]
      [Ref Enq: 0.1 ms]
      [Free CSet: 4.7 ms]
   [Eden: 955.0M(955.0M)->0.0B(957.0M) Survivors: 69.0M->67.0M Heap: 2040.9M(3072.0M)->1001.9M(3072.0M)]
 [Times: user=0.71 sys=0.00, real=0.37 secs] 
31264.024: [GC pause (mixed)
Desired survivor size 67108864 bytes, new threshold 16 (max 32)
- age   1:   30787824 bytes,   30787824 total
- age   2:   21396752 bytes,   52184576 total
- age   3:   14760016 bytes,   66944592 total
, 0.3926500 secs]
   [Parallel Time: 379.5 ms, GC Workers: 2]
      [GC Worker Start (ms): Min: 31264026.3, Avg: 31264026.3, Max: 31264026.3, Diff: 0.0]
      [Ext Root Scanning (ms): Min: 67.3, Avg: 76.9, Max: 86.5, Diff: 19.2, Sum: 153.9]
      [Update RS (ms): Min: 21.8, Avg: 34.8, Max: 47.7, Diff: 25.9, Sum: 69.5]
         [Processed Buffers: Min: 121, Avg: 145.5, Max: 170, Diff: 49, Sum: 291]
      [Scan RS (ms): Min: 57.1, Avg: 57.2, Max: 57.2, Diff: 0.1, Sum: 114.3]
      [Object Copy (ms): Min: 207.2, Avg: 210.5, Max: 213.7, Diff: 6.6, Sum: 420.9]
      [Termination (ms): Min: 0.0, Avg: 0.0, Max: 0.0, Diff: 0.0, Sum: 0.0]
      [GC Worker Other (ms): Min: 0.1, Avg: 0.1, Max: 0.1, Diff: 0.0, Sum: 0.2]
      [GC Worker Total (ms): Min: 379.4, Avg: 379.4, Max: 379.5, Diff: 0.0, Sum: 758.9]
      [GC Worker End (ms): Min: 31264405.8, Avg: 31264405.8, Max: 31264405.8, Diff: 0.0]
   [Code Root Fixup: 0.0 ms]
   [Clear CT: 1.0 ms]
   [Other: 12.1 ms]
      [Choose CSet: 1.1 ms]
      [Ref Proc: 5.0 ms]
      [Ref Enq: 0.1 ms]
      [Free CSet: 4.1 ms]
   [Eden: 957.0M(957.0M)->0.0B(931.0M) Survivors: 67.0M->93.0M Heap: 1962.9M(3072.0M)->973.4M(3072.0M)]
 [Times: user=0.77 sys=0.00, real=0.40 secs] 
31268.341: [GC pause (young)
Desired survivor size 67108864 bytes, new threshold 3 (max 32)
- age   1:   48447896 bytes,   48447896 total
- age   2:   17947408 bytes,   66395304 total
- age   3:   15089576 bytes,   81484880 total
- age   4:   13496912 bytes,   94981792 total
, 0.5463990 secs]
   [Parallel Time: 535.7 ms, GC Workers: 2]
      [GC Worker Start (ms): Min: 31268342.3, Avg: 31268342.3, Max: 31268342.3, Diff: 0.0]
      [Ext Root Scanning (ms): Min: 69.8, Avg: 76.5, Max: 83.3, Diff: 13.4, Sum: 153.1]
      [Update RS (ms): Min: 23.1, Avg: 32.4, Max: 41.7, Diff: 18.6, Sum: 64.8]
         [Processed Buffers: Min: 105, Avg: 159.5, Max: 214, Diff: 109, Sum: 319]
      [Scan RS (ms): Min: 40.8, Avg: 40.9, Max: 40.9, Diff: 0.1, Sum: 81.7]
      [Object Copy (ms): Min: 383.0, Avg: 385.6, Max: 388.2, Diff: 5.2, Sum: 771.1]
      [Termination (ms): Min: 0.0, Avg: 0.0, Max: 0.0, Diff: 0.0, Sum: 0.0]
      [GC Worker Other (ms): Min: 0.1, Avg: 0.1, Max: 0.2, Diff: 0.1, Sum: 0.2]
      [GC Worker Total (ms): Min: 535.4, Avg: 535.5, Max: 535.6, Diff: 0.1, Sum: 1071.0]
      [GC Worker End (ms): Min: 31268877.8, Avg: 31268877.8, Max: 31268877.9, Diff: 0.1]
   [Code Root Fixup: 0.0 ms]
   [Clear CT: 0.7 ms]
   [Other: 10.0 ms]
      [Choose CSet: 0.0 ms]
      [Ref Proc: 4.2 ms]
      [Ref Enq: 0.1 ms]
      [Free CSet: 3.4 ms]
   [Eden: 931.0M(931.0M)->0.0B(896.0M) Survivors: 93.0M->128.0M Heap: 1933.4M(3072.0M)->1077.9M(3072.0M)]
 [Times: user=1.08 sys=0.00, real=0.55 secs] 
31273.456: [GC pause (young)
Desired survivor size 67108864 bytes, new threshold 1 (max 32)
- age   1:   94862968 bytes,   94862968 total
- age   2:   35995408 bytes,  130858376 total
- age   3:   15919208 bytes,  146777584 total
, 0.7027060 secs]
   [Parallel Time: 687.9 ms, GC Workers: 2]
      [GC Worker Start (ms): Min: 31273457.9, Avg: 31273457.9, Max: 31273457.9, Diff: 0.0]
      [Ext Root Scanning (ms): Min: 73.0, Avg: 80.3, Max: 87.6, Diff: 14.6, Sum: 160.7]
      [Update RS (ms): Min: 72.2, Avg: 82.3, Max: 92.4, Diff: 20.2, Sum: 164.6]
         [Processed Buffers: Min: 161, Avg: 161.5, Max: 162, Diff: 1, Sum: 323]
      [Scan RS (ms): Min: 69.5, Avg: 69.6, Max: 69.7, Diff: 0.2, Sum: 139.2]
      [Object Copy (ms): Min: 452.7, Avg: 455.4, Max: 458.1, Diff: 5.4, Sum: 910.8]
      [Termination (ms): Min: 0.0, Avg: 0.0, Max: 0.0, Diff: 0.0, Sum: 0.0]
      [GC Worker Other (ms): Min: 0.1, Avg: 0.1, Max: 0.2, Diff: 0.1, Sum: 0.3]
      [GC Worker Total (ms): Min: 687.7, Avg: 687.8, Max: 687.8, Diff: 0.0, Sum: 1375.5]
      [GC Worker End (ms): Min: 31274145.6, Avg: 31274145.6, Max: 31274145.7, Diff: 0.1]
   [Code Root Fixup: 0.0 ms]
   [Clear CT: 0.7 ms]
   [Other: 14.1 ms]
      [Choose CSet: 0.0 ms]
      [Ref Proc: 6.9 ms]
      [Ref Enq: 0.1 ms]
      [Free CSet: 3.7 ms]
   [Eden: 896.0M(896.0M)->0.0B(946.0M) Survivors: 128.0M->78.0M Heap: 1978.2M(3072.0M)->1145.7M(3072.0M)]
 [Times: user=1.38 sys=0.00, real=0.71 secs] 
31279.806: [GC pause (young)
Desired survivor size 67108864 bytes, new threshold 1 (max 32)
- age   1:   76534456 bytes,   76534456 total
, 0.5633950 secs]
   [Parallel Time: 548.9 ms, GC Workers: 2]
      [GC Worker Start (ms): Min: 31279807.4, Avg: 31279807.4, Max: 31279807.4, Diff: 0.0]
      [Ext Root Scanning (ms): Min: 70.2, Avg: 77.3, Max: 84.3, Diff: 14.0, Sum: 154.5]
      [Update RS (ms): Min: 71.3, Avg: 80.6, Max: 89.9, Diff: 18.6, Sum: 161.3]
         [Processed Buffers: Min: 159, Avg: 159.5, Max: 160, Diff: 1, Sum: 319]
      [Scan RS (ms): Min: 73.7, Avg: 73.8, Max: 73.9, Diff: 0.1, Sum: 147.6]
      [Object Copy (ms): Min: 314.6, Avg: 317.0, Max: 319.3, Diff: 4.7, Sum: 634.0]
      [Termination (ms): Min: 0.0, Avg: 0.0, Max: 0.0, Diff: 0.0, Sum: 0.0]
      [GC Worker Other (ms): Min: 0.1, Avg: 0.1, Max: 0.1, Diff: 0.0, Sum: 0.2]
      [GC Worker Total (ms): Min: 548.8, Avg: 548.8, Max: 548.8, Diff: 0.0, Sum: 1097.6]
      [GC Worker End (ms): Min: 31280356.2, Avg: 31280356.2, Max: 31280356.2, Diff: 0.0]
   [Code Root Fixup: 0.0 ms]
   [Clear CT: 0.8 ms]
   [Other: 13.7 ms]
      [Choose CSet: 0.0 ms]
      [Ref Proc: 5.4 ms]
      [Ref Enq: 0.1 ms]
      [Free CSet: 5.1 ms]
   [Eden: 946.0M(946.0M)->0.0B(957.0M) Survivors: 78.0M->67.0M Heap: 2112.9M(3072.0M)->1225.4M(3072.0M)]
 [Times: user=1.11 sys=0.00, real=0.57 secs] 
31285.191: [GC pause (young)
Desired survivor size 67108864 bytes, new threshold 16 (max 32)
- age   1:   65296632 bytes,   65296632 total
, 0.5127040 secs]
   [Parallel Time: 500.4 ms, GC Workers: 2]
      [GC Worker Start (ms): Min: 31285193.2, Avg: 31285193.2, Max: 31285193.2, Diff: 0.0]
      [Ext Root Scanning (ms): Min: 67.7, Avg: 76.4, Max: 85.1, Diff: 17.3, Sum: 152.8]
      [Update RS (ms): Min: 20.2, Avg: 31.2, Max: 42.3, Diff: 22.1, Sum: 62.5]
         [Processed Buffers: Min: 92, Avg: 138.0, Max: 184, Diff: 92, Sum: 276]
      [Scan RS (ms): Min: 71.8, Avg: 72.0, Max: 72.1, Diff: 0.3, Sum: 143.9]
      [Object Copy (ms): Min: 318.4, Avg: 320.6, Max: 322.8, Diff: 4.4, Sum: 641.2]
      [Termination (ms): Min: 0.0, Avg: 0.0, Max: 0.0, Diff: 0.0, Sum: 0.0]
      [GC Worker Other (ms): Min: 0.1, Avg: 0.1, Max: 0.1, Diff: 0.0, Sum: 0.2]
      [GC Worker Total (ms): Min: 500.3, Avg: 500.3, Max: 500.3, Diff: 0.0, Sum: 1000.6]
      [GC Worker End (ms): Min: 31285693.5, Avg: 31285693.5, Max: 31285693.5, Diff: 0.0]
   [Code Root Fixup: 0.0 ms]
   [Clear CT: 0.7 ms]
   [Other: 11.6 ms]
      [Choose CSet: 0.0 ms]
      [Ref Proc: 4.3 ms]
      [Ref Enq: 0.1 ms]
      [Free CSet: 4.8 ms]
   [Eden: 957.0M(957.0M)->0.0B(896.0M) Survivors: 67.0M->128.0M Heap: 2222.3M(3072.0M)->1330.3M(3072.0M)]
 [Times: user=1.01 sys=0.00, real=0.51 secs] 
31289.422: [GC pause (young)
Desired survivor size 67108864 bytes, new threshold 1 (max 32)
- age   1:   82328288 bytes,   82328288 total
- age   2:   51985376 bytes,  134313664 total
, 0.6134150 secs]
   [Parallel Time: 598.4 ms, GC Workers: 2]
      [GC Worker Start (ms): Min: 31289424.0, Avg: 31289424.1, Max: 31289424.1, Diff: 0.1]
      [Ext Root Scanning (ms): Min: 66.9, Avg: 75.9, Max: 85.0, Diff: 18.1, Sum: 151.8]
      [Update RS (ms): Min: 6.9, Avg: 19.0, Max: 31.2, Diff: 24.4, Sum: 38.1]
         [Processed Buffers: Min: 115, Avg: 144.0, Max: 173, Diff: 58, Sum: 288]
      [Scan RS (ms): Min: 76.7, Avg: 76.8, Max: 76.8, Diff: 0.1, Sum: 153.5]
      [Object Copy (ms): Min: 423.1, Avg: 426.4, Max: 429.7, Diff: 6.5, Sum: 852.8]
      [Termination (ms): Min: 0.0, Avg: 0.0, Max: 0.0, Diff: 0.0, Sum: 0.0]
      [GC Worker Other (ms): Min: 0.1, Avg: 0.1, Max: 0.1, Diff: 0.0, Sum: 0.2]
      [GC Worker Total (ms): Min: 598.2, Avg: 598.2, Max: 598.3, Diff: 0.1, Sum: 1196.4]
      [GC Worker End (ms): Min: 31290022.3, Avg: 31290022.3, Max: 31290022.3, Diff: 0.0]
   [Code Root Fixup: 0.0 ms]
   [Clear CT: 0.7 ms]
   [Other: 14.3 ms]
      [Choose CSet: 0.0 ms]
      [Ref Proc: 4.6 ms]
      [Ref Enq: 0.1 ms]
      [Free CSet: 5.7 ms]
   [Eden: 896.0M(896.0M)->0.0B(959.0M) Survivors: 128.0M->65.0M Heap: 2272.4M(3072.0M)->1422.9M(3072.0M)]
 [Times: user=1.21 sys=0.01, real=0.61 secs] 
31290.193: [GC pause (young) (initial-mark)
Desired survivor size 67108864 bytes, new threshold 16 (max 32)
- age   1:   64629216 bytes,   64629216 total
, 0.5465180 secs]
   [Parallel Time: 540.7 ms, GC Workers: 2]
      [GC Worker Start (ms): Min: 31290194.2, Avg: 31290194.2, Max: 31290194.2, Diff: 0.0]
      [Ext Root Scanning (ms): Min: 74.5, Avg: 82.9, Max: 91.3, Diff: 16.9, Sum: 165.8]
      [Update RS (ms): Min: 274.5, Avg: 292.8, Max: 311.0, Diff: 36.5, Sum: 585.6]
         [Processed Buffers: Min: 489, Avg: 538.5, Max: 588, Diff: 99, Sum: 1077]
      [Scan RS (ms): Min: 0.4, Avg: 0.4, Max: 0.4, Diff: 0.0, Sum: 0.8]
      [Object Copy (ms): Min: 154.6, Avg: 164.4, Max: 174.2, Diff: 19.6, Sum: 328.8]
      [Termination (ms): Min: 0.0, Avg: 0.0, Max: 0.0, Diff: 0.0, Sum: 0.0]
      [GC Worker Other (ms): Min: 0.1, Avg: 0.1, Max: 0.1, Diff: 0.0, Sum: 0.1]
      [GC Worker Total (ms): Min: 540.5, Avg: 540.6, Max: 540.6, Diff: 0.0, Sum: 1081.1]
      [GC Worker End (ms): Min: 31290734.7, Avg: 31290734.7, Max: 31290734.8, Diff: 0.0]
   [Code Root Fixup: 0.0 ms]
   [Clear CT: 0.1 ms]
   [Other: 5.7 ms]
      [Choose CSet: 0.0 ms]
      [Ref Proc: 3.5 ms]
      [Ref Enq: 0.0 ms]
      [Free CSet: 0.3 ms]
   [Eden: 40.0M(959.0M)->0.0B(955.0M) Survivors: 65.0M->69.0M Heap: 1462.9M(3072.0M)->1426.9M(3072.0M)]
 [Times: user=1.08 sys=0.00, real=0.55 secs] 
31290.740: [GC concurrent-root-region-scan-start]
31291.111: [GC concurrent-root-region-scan-end, 0.3703370 secs]
31291.111: [GC concurrent-mark-start]
31294.084: [GC concurrent-mark-end, 2.9733250 secs]
31294.085: [GC remark 31294.087: [GC ref-proc, 0.2648840 secs], 0.3468080 secs]
 [Times: user=0.35 sys=0.00, real=0.35 secs] 
31294.436: [GC cleanup 2065M->1803M(3072M), 0.0314390 secs]
 [Times: user=0.06 sys=0.00, real=0.03 secs] 
31294.468: [GC concurrent-cleanup-start]
31294.468: [GC concurrent-cleanup-end, 0.0006540 secs]
31296.182: [GC pause (young)
Desired survivor size 67108864 bytes, new threshold 2 (max 32)
- age   1:    7257272 bytes,    7257272 total
- age   2:   63041880 bytes,   70299152 total
, 0.5219350 secs]
   [Parallel Time: 508.8 ms, GC Workers: 2]
      [GC Worker Start (ms): Min: 31296184.5, Avg: 31296184.5, Max: 31296184.5, Diff: 0.0]
      [Ext Root Scanning (ms): Min: 76.5, Avg: 86.6, Max: 96.7, Diff: 20.2, Sum: 173.3]
      [Update RS (ms): Min: 53.2, Avg: 66.2, Max: 79.1, Diff: 25.9, Sum: 132.3]
         [Processed Buffers: Min: 153, Avg: 161.0, Max: 169, Diff: 16, Sum: 322]
      [Scan RS (ms): Min: 75.3, Avg: 75.3, Max: 75.3, Diff: 0.0, Sum: 150.6]
      [Object Copy (ms): Min: 277.6, Avg: 280.5, Max: 283.4, Diff: 5.8, Sum: 561.0]
      [Termination (ms): Min: 0.0, Avg: 0.0, Max: 0.0, Diff: 0.0, Sum: 0.0]
      [GC Worker Other (ms): Min: 0.1, Avg: 0.1, Max: 0.1, Diff: 0.0, Sum: 0.2]
      [GC Worker Total (ms): Min: 508.7, Avg: 508.7, Max: 508.7, Diff: 0.0, Sum: 1017.4]
      [GC Worker End (ms): Min: 31296693.2, Avg: 31296693.2, Max: 31296693.2, Diff: 0.0]
   [Code Root Fixup: 0.0 ms]
   [Clear CT: 0.8 ms]
   [Other: 12.3 ms]
      [Choose CSet: 0.0 ms]
      [Ref Proc: 3.9 ms]
      [Ref Enq: 0.1 ms]
      [Free CSet: 5.2 ms]
   [Eden: 955.0M(955.0M)->0.0B(962.0M) Survivors: 69.0M->62.0M Heap: 2140.2M(3072.0M)->1224.7M(3072.0M)]
 [Times: user=1.02 sys=0.00, real=0.52 secs] 
31302.030: [GC pause (mixed)
Desired survivor size 67108864 bytes, new threshold 16 (max 32)
- age   1:   59981528 bytes,   59981528 total
- age   2:    2815352 bytes,   62796880 total
, 0.4506010 secs]
   [Parallel Time: 435.5 ms, GC Workers: 2]
      [GC Worker Start (ms): Min: 31302032.5, Avg: 31302032.5, Max: 31302032.5, Diff: 0.0]
      [Ext Root Scanning (ms): Min: 68.0, Avg: 78.3, Max: 88.5, Diff: 20.5, Sum: 156.6]
      [Update RS (ms): Min: 34.7, Avg: 47.6, Max: 60.4, Diff: 25.6, Sum: 95.1]
         [Processed Buffers: Min: 144, Avg: 147.0, Max: 150, Diff: 6, Sum: 294]
      [Scan RS (ms): Min: 78.9, Avg: 79.0, Max: 79.1, Diff: 0.2, Sum: 158.0]
      [Object Copy (ms): Min: 228.0, Avg: 230.4, Max: 232.8, Diff: 4.9, Sum: 460.8]
      [Termination (ms): Min: 0.0, Avg: 0.0, Max: 0.0, Diff: 0.0, Sum: 0.0]
      [GC Worker Other (ms): Min: 0.1, Avg: 0.1, Max: 0.1, Diff: 0.0, Sum: 0.2]
      [GC Worker Total (ms): Min: 435.4, Avg: 435.4, Max: 435.4, Diff: 0.0, Sum: 870.7]
      [GC Worker End (ms): Min: 31302467.9, Avg: 31302467.9, Max: 31302467.9, Diff: 0.0]
   [Code Root Fixup: 0.0 ms]
   [Clear CT: 1.6 ms]
   [Other: 13.6 ms]
      [Choose CSet: 0.5 ms]
      [Ref Proc: 4.7 ms]
      [Ref Enq: 0.1 ms]
      [Free CSet: 6.0 ms]
   [Eden: 962.0M(962.0M)->0.0B(926.0M) Survivors: 62.0M->98.0M Heap: 2229.6M(3072.0M)->1226.1M(3072.0M)]
 [Times: user=0.88 sys=0.00, real=0.45 secs] 
31306.070: [GC pause (mixed)
Desired survivor size 67108864 bytes, new threshold 2 (max 32)
- age   1:   50469856 bytes,   50469856 total
- age   2:   47000008 bytes,   97469864 total
- age   3:    2675008 bytes,  100144872 total
, 0.6123680 secs]
   [Parallel Time: 599.7 ms, GC Workers: 2]
      [GC Worker Start (ms): Min: 31306072.8, Avg: 31306072.8, Max: 31306072.8, Diff: 0.0]
      [Ext Root Scanning (ms): Min: 68.0, Avg: 77.4, Max: 86.7, Diff: 18.7, Sum: 154.7]
      [Update RS (ms): Min: 52.1, Avg: 65.2, Max: 78.3, Diff: 26.3, Sum: 130.4]
         [Processed Buffers: Min: 140, Avg: 141.0, Max: 142, Diff: 2, Sum: 282]
      [Scan RS (ms): Min: 97.4, Avg: 97.5, Max: 97.6, Diff: 0.2, Sum: 194.9]
      [Object Copy (ms): Min: 355.6, Avg: 359.4, Max: 363.3, Diff: 7.7, Sum: 718.8]
      [Termination (ms): Min: 0.0, Avg: 0.0, Max: 0.0, Diff: 0.0, Sum: 0.0]
      [GC Worker Other (ms): Min: 0.1, Avg: 0.1, Max: 0.1, Diff: 0.0, Sum: 0.2]
      [GC Worker Total (ms): Min: 599.5, Avg: 599.5, Max: 599.5, Diff: 0.0, Sum: 1199.1]
      [GC Worker End (ms): Min: 31306672.4, Avg: 31306672.4, Max: 31306672.4, Diff: 0.0]
   [Code Root Fixup: 0.0 ms]
   [Clear CT: 1.0 ms]
   [Other: 11.7 ms]
      [Choose CSet: 1.1 ms]
      [Ref Proc: 2.2 ms]
      [Ref Enq: 0.0 ms]
      [Free CSet: 5.3 ms]
   [Eden: 926.0M(926.0M)->0.0B(914.0M) Survivors: 98.0M->110.0M Heap: 2158.6M(3072.0M)->1215.1M(3072.0M)]
 [Times: user=1.21 sys=0.00, real=0.62 secs] 
31312.455: [GC pause (mixed)
Desired survivor size 67108864 bytes, new threshold 2 (max 32)
- age   1:   64305104 bytes,   64305104 total
- age   2:   47462872 bytes,  111767976 total
, 0.5665680 secs]
   [Parallel Time: 548.1 ms, GC Workers: 2]
      [GC Worker Start (ms): Min: 31312458.0, Avg: 31312458.0, Max: 31312458.0, Diff: 0.0]
      [Ext Root Scanning (ms): Min: 67.3, Avg: 75.8, Max: 84.3, Diff: 17.1, Sum: 151.6]
      [Update RS (ms): Min: 40.0, Avg: 51.2, Max: 62.4, Diff: 22.4, Sum: 102.4]
         [Processed Buffers: Min: 146, Avg: 151.5, Max: 157, Diff: 11, Sum: 303]
      [Scan RS (ms): Min: 135.0, Avg: 135.1, Max: 135.3, Diff: 0.2, Sum: 270.3]
      [Object Copy (ms): Min: 283.0, Avg: 285.7, Max: 288.5, Diff: 5.5, Sum: 571.5]
      [Termination (ms): Min: 0.0, Avg: 0.0, Max: 0.0, Diff: 0.0, Sum: 0.0]
      [GC Worker Other (ms): Min: 0.1, Avg: 0.1, Max: 0.1, Diff: 0.0, Sum: 0.2]
      [GC Worker Total (ms): Min: 548.0, Avg: 548.0, Max: 548.0, Diff: 0.0, Sum: 1096.0]
      [GC Worker End (ms): Min: 31313006.0, Avg: 31313006.0, Max: 31313006.0, Diff: 0.0]
   [Code Root Fixup: 0.0 ms]
   [Clear CT: 1.0 ms]
   [Other: 17.5 ms]
      [Choose CSet: 1.3 ms]
      [Ref Proc: 5.5 ms]
      [Ref Enq: 0.1 ms]
      [Free CSet: 7.5 ms]
   [Eden: 914.0M(914.0M)->0.0B(946.0M) Survivors: 110.0M->78.0M Heap: 2151.6M(3072.0M)->1194.5M(3072.0M)]
 [Times: user=1.11 sys=0.00, real=0.56 secs] 
31318.474: [GC pause (young)
Desired survivor size 67108864 bytes, new threshold 2 (max 32)
- age   1:   44476648 bytes,   44476648 total
- age   2:   34917016 bytes,   79393664 total
, 0.5114430 secs]
   [Parallel Time: 496.3 ms, GC Workers: 2]
      [GC Worker Start (ms): Min: 31318476.2, Avg: 31318476.2, Max: 31318476.2, Diff: 0.0]
      [Ext Root Scanning (ms): Min: 68.1, Avg: 77.1, Max: 86.1, Diff: 18.0, Sum: 154.3]
      [Update RS (ms): Min: 35.9, Avg: 48.5, Max: 61.0, Diff: 25.1, Sum: 96.9]
         [Processed Buffers: Min: 120, Avg: 140.5, Max: 161, Diff: 41, Sum: 281]
      [Scan RS (ms): Min: 99.2, Avg: 99.3, Max: 99.5, Diff: 0.3, Sum: 198.7]
      [Object Copy (ms): Min: 267.5, Avg: 271.1, Max: 274.8, Diff: 7.4, Sum: 542.3]
      [Termination (ms): Min: 0.0, Avg: 0.0, Max: 0.0, Diff: 0.0, Sum: 0.0]
      [GC Worker Other (ms): Min: 0.1, Avg: 0.1, Max: 0.1, Diff: 0.0, Sum: 0.2]
      [GC Worker Total (ms): Min: 496.2, Avg: 496.2, Max: 496.2, Diff: 0.1, Sum: 992.4]
      [GC Worker End (ms): Min: 31318972.4, Avg: 31318972.4, Max: 31318972.4, Diff: 0.0]
   [Code Root Fixup: 0.0 ms]
   [Clear CT: 0.9 ms]
   [Other: 14.2 ms]
      [Choose CSet: 0.0 ms]
      [Ref Proc: 5.0 ms]
      [Ref Enq: 0.1 ms]
      [Free CSet: 6.0 ms]
   [Eden: 946.0M(946.0M)->0.0B(948.0M) Survivors: 78.0M->76.0M Heap: 2161.2M(3072.0M)->1245.8M(3072.0M)]
 [Times: user=0.99 sys=0.01, real=0.52 secs] 
31324.184: [GC pause (young)
Desired survivor size 67108864 bytes, new threshold 2 (max 32)
- age   1:   40760824 bytes,   40760824 total
- age   2:   36914800 bytes,   77675624 total
, 0.4921770 secs]
   [Parallel Time: 479.7 ms, GC Workers: 2]
      [GC Worker Start (ms): Min: 31324185.6, Avg: 31324185.6, Max: 31324185.6, Diff: 0.0]
      [Ext Root Scanning (ms): Min: 67.7, Avg: 75.9, Max: 84.1, Diff: 16.4, Sum: 151.7]
      [Update RS (ms): Min: 47.7, Avg: 58.6, Max: 69.5, Diff: 21.8, Sum: 117.1]
         [Processed Buffers: Min: 43, Avg: 146.5, Max: 250, Diff: 207, Sum: 293]
      [Scan RS (ms): Min: 86.8, Avg: 86.9, Max: 87.0, Diff: 0.2, Sum: 173.8]
      [Object Copy (ms): Min: 255.5, Avg: 258.2, Max: 260.8, Diff: 5.3, Sum: 516.3]
      [Termination (ms): Min: 0.0, Avg: 0.0, Max: 0.0, Diff: 0.0, Sum: 0.0]
      [GC Worker Other (ms): Min: 0.1, Avg: 0.1, Max: 0.1, Diff: 0.0, Sum: 0.2]
      [GC Worker Total (ms): Min: 479.6, Avg: 479.6, Max: 479.6, Diff: 0.0, Sum: 959.1]
      [GC Worker End (ms): Min: 31324665.1, Avg: 31324665.1, Max: 31324665.1, Diff: 0.0]
   [Code Root Fixup: 0.0 ms]
   [Clear CT: 0.9 ms]
   [Other: 11.6 ms]
      [Choose CSet: 0.0 ms]
      [Ref Proc: 3.6 ms]
      [Ref Enq: 0.1 ms]
      [Free CSet: 5.0 ms]
   [Eden: 948.0M(948.0M)->0.0B(949.0M) Survivors: 76.0M->75.0M Heap: 2233.2M(3072.0M)->1318.7M(3072.0M)]
 [Times: user=0.97 sys=0.01, real=0.50 secs] 
31330.222: [GC pause (young)
Desired survivor size 67108864 bytes, new threshold 2 (max 32)
- age   1:   42378776 bytes,   42378776 total
- age   2:   34492224 bytes,   76871000 total
, 0.4736800 secs]
   [Parallel Time: 460.5 ms, GC Workers: 2]
      [GC Worker Start (ms): Min: 31330223.6, Avg: 31330223.6, Max: 31330223.6, Diff: 0.0]
      [Ext Root Scanning (ms): Min: 70.8, Avg: 78.9, Max: 86.9, Diff: 16.0, Sum: 157.7]
      [Update RS (ms): Min: 34.0, Avg: 44.3, Max: 54.6, Diff: 20.7, Sum: 88.6]
         [Processed Buffers: Min: 149, Avg: 155.0, Max: 161, Diff: 12, Sum: 310]
      [Scan RS (ms): Min: 84.9, Avg: 84.9, Max: 85.0, Diff: 0.2, Sum: 169.9]
      [Object Copy (ms): Min: 249.9, Avg: 252.2, Max: 254.4, Diff: 4.5, Sum: 504.3]
      [Termination (ms): Min: 0.0, Avg: 0.0, Max: 0.0, Diff: 0.0, Sum: 0.0]
      [GC Worker Other (ms): Min: 0.1, Avg: 0.1, Max: 0.1, Diff: 0.0, Sum: 0.2]
      [GC Worker Total (ms): Min: 460.3, Avg: 460.3, Max: 460.4, Diff: 0.0, Sum: 920.7]
      [GC Worker End (ms): Min: 31330684.0, Avg: 31330684.0, Max: 31330684.0, Diff: 0.0]
   [Code Root Fixup: 0.0 ms]
   [Clear CT: 0.8 ms]
   [Other: 12.4 ms]
      [Choose CSet: 0.0 ms]
      [Ref Proc: 3.7 ms]
      [Ref Enq: 0.1 ms]
      [Free CSet: 5.6 ms]
   [Eden: 949.0M(949.0M)->0.0B(947.0M) Survivors: 75.0M->77.0M Heap: 2270.7M(3072.0M)->1355.7M(3072.0M)]
 [Times: user=0.93 sys=0.00, real=0.47 secs] 
31332.567: [GC pause (young) (initial-mark)
Desired survivor size 67108864 bytes, new threshold 2 (max 32)
- age   1:   44132096 bytes,   44132096 total
- age   2:   34473544 bytes,   78605640 total
, 0.3996090 secs]
   [Parallel Time: 393.4 ms, GC Workers: 2]
      [GC Worker Start (ms): Min: 31332568.3, Avg: 31332568.4, Max: 31332568.4, Diff: 0.1]
      [Ext Root Scanning (ms): Min: 62.0, Avg: 79.6, Max: 97.2, Diff: 35.2, Sum: 159.3]
      [Update RS (ms): Min: 35.5, Avg: 52.3, Max: 69.1, Diff: 33.6, Sum: 104.6]
         [Processed Buffers: Min: 108, Avg: 143.0, Max: 178, Diff: 70, Sum: 286]
      [Scan RS (ms): Min: 54.2, Avg: 54.2, Max: 54.3, Diff: 0.1, Sum: 108.5]
      [Object Copy (ms): Min: 206.3, Avg: 207.0, Max: 207.8, Diff: 1.5, Sum: 414.1]
      [Termination (ms): Min: 0.0, Avg: 0.0, Max: 0.0, Diff: 0.0, Sum: 0.0]
      [GC Worker Other (ms): Min: 0.1, Avg: 0.1, Max: 0.1, Diff: 0.0, Sum: 0.2]
      [GC Worker Total (ms): Min: 393.2, Avg: 393.3, Max: 393.4, Diff: 0.1, Sum: 786.6]
      [GC Worker End (ms): Min: 31332961.7, Avg: 31332961.7, Max: 31332961.7, Diff: 0.0]
   [Code Root Fixup: 0.0 ms]
   [Clear CT: 0.4 ms]
   [Other: 5.7 ms]
      [Choose CSet: 0.0 ms]
      [Ref Proc: 1.2 ms]
      [Ref Enq: 0.0 ms]
      [Free CSet: 2.0 ms]
   [Eden: 327.0M(947.0M)->0.0B(969.0M) Survivors: 77.0M->55.0M Heap: 1703.1M(3072.0M)->1387.3M(3072.0M)]
 [Times: user=0.79 sys=0.00, real=0.40 secs] 
31332.967: [GC concurrent-root-region-scan-start]
31333.144: [GC concurrent-root-region-scan-end, 0.1772770 secs]
31333.144: [GC concurrent-mark-start]
31336.447: [GC concurrent-mark-end, 3.3024770 secs]
31336.448: [GC remark 31336.450: [GC ref-proc, 0.4557710 secs], 0.5296900 secs]
 [Times: user=0.53 sys=0.00, real=0.53 secs] 
31336.980: [GC cleanup 1836M->1658M(3072M), 0.0335840 secs]
 [Times: user=0.06 sys=0.00, real=0.03 secs] 
31337.015: [GC concurrent-cleanup-start]
31337.015: [GC concurrent-cleanup-end, 0.0003700 secs]
31339.398: [GC pause (young)
Desired survivor size 67108864 bytes, new threshold 16 (max 32)
- age   1:   14748504 bytes,   14748504 total
- age   2:   40196904 bytes,   54945408 total
, 0.3715530 secs]
   [Parallel Time: 360.2 ms, GC Workers: 2]
      [GC Worker Start (ms): Min: 31339399.6, Avg: 31339399.6, Max: 31339399.7, Diff: 0.0]
      [Ext Root Scanning (ms): Min: 69.1, Avg: 78.7, Max: 88.4, Diff: 19.3, Sum: 157.4]
      [Update RS (ms): Min: 68.9, Avg: 81.7, Max: 94.6, Diff: 25.8, Sum: 163.5]
         [Processed Buffers: Min: 210, Avg: 224.5, Max: 239, Diff: 29, Sum: 449]
      [Scan RS (ms): Min: 51.0, Avg: 51.0, Max: 51.0, Diff: 0.0, Sum: 102.0]
      [Object Copy (ms): Min: 145.1, Avg: 148.4, Max: 151.7, Diff: 6.6, Sum: 296.7]
      [Termination (ms): Min: 0.0, Avg: 0.0, Max: 0.0, Diff: 0.0, Sum: 0.0]
      [GC Worker Other (ms): Min: 0.1, Avg: 0.1, Max: 0.1, Diff: 0.0, Sum: 0.2]
      [GC Worker Total (ms): Min: 359.9, Avg: 359.9, Max: 360.0, Diff: 0.0, Sum: 719.9]
      [GC Worker End (ms): Min: 31339759.6, Avg: 31339759.6, Max: 31339759.6, Diff: 0.0]
   [Code Root Fixup: 0.0 ms]
   [Clear CT: 0.9 ms]
   [Other: 10.5 ms]
      [Choose CSet: 0.0 ms]
      [Ref Proc: 4.3 ms]
      [Ref Enq: 0.1 ms]
      [Free CSet: 4.1 ms]
   [Eden: 721.0M(969.0M)->0.0B(946.0M) Survivors: 55.0M->78.0M Heap: 2030.1M(3072.0M)->1332.6M(3072.0M)]
 [Times: user=0.73 sys=0.00, real=0.38 secs] 
31344.639: [GC pause (mixed)
Desired survivor size 67108864 bytes, new threshold 3 (max 32)
- age   1:   41749888 bytes,   41749888 total
- age   2:    9069376 bytes,   50819264 total
- age   3:   27751472 bytes,   78570736 total
, 0.6225030 secs]
   [Parallel Time: 608.9 ms, GC Workers: 2]
      [GC Worker Start (ms): Min: 31344640.7, Avg: 31344640.7, Max: 31344640.7, Diff: 0.0]
      [Ext Root Scanning (ms): Min: 72.2, Avg: 79.5, Max: 86.8, Diff: 14.6, Sum: 158.9]
      [Update RS (ms): Min: 7.9, Avg: 18.2, Max: 28.5, Diff: 20.6, Sum: 36.4]
         [Processed Buffers: Min: 125, Avg: 142.5, Max: 160, Diff: 35, Sum: 285]
      [Scan RS (ms): Min: 148.1, Avg: 148.2, Max: 148.3, Diff: 0.2, Sum: 296.3]
      [Object Copy (ms): Min: 359.9, Avg: 362.8, Max: 365.7, Diff: 5.9, Sum: 725.6]
      [Termination (ms): Min: 0.0, Avg: 0.0, Max: 0.0, Diff: 0.0, Sum: 0.0]
      [GC Worker Other (ms): Min: 0.1, Avg: 0.1, Max: 0.1, Diff: 0.0, Sum: 0.2]
      [GC Worker Total (ms): Min: 608.7, Avg: 608.7, Max: 608.7, Diff: 0.0, Sum: 1217.4]
      [GC Worker End (ms): Min: 31345249.4, Avg: 31345249.4, Max: 31345249.4, Diff: 0.0]
   [Code Root Fixup: 0.0 ms]
   [Clear CT: 1.0 ms]
   [Other: 12.7 ms]
      [Choose CSet: 1.0 ms]
      [Ref Proc: 4.7 ms]
      [Ref Enq: 0.1 ms]
      [Free CSet: 4.6 ms]
   [Eden: 940.0M(946.0M)->0.0B(896.0M) Survivors: 78.0M->128.0M Heap: 2336.4M(3072.0M)->1424.6M(3072.0M)]
 [Times: user=1.23 sys=0.00, real=0.63 secs] 
31349.258: [GC pause (mixed)
Desired survivor size 67108864 bytes, new threshold 1 (max 32)
- age   1:  106620664 bytes,  106620664 total
- age   2:   30510104 bytes,  137130768 total
- age   3:    8462432 bytes,  145593200 total
, 0.4434550 secs]
   [Parallel Time: 433.8 ms, GC Workers: 2]
      [GC Worker Start (ms): Min: 31349259.2, Avg: 31349259.2, Max: 31349259.2, Diff: 0.0]
      [Ext Root Scanning (ms): Min: 72.9, Avg: 81.4, Max: 89.9, Diff: 17.1, Sum: 162.8]
      [Update RS (ms): Min: 0.0, Avg: 10.8, Max: 21.7, Diff: 21.7, Sum: 21.7]
         [Processed Buffers: Min: 0, Avg: 130.0, Max: 260, Diff: 260, Sum: 260]
      [Scan RS (ms): Min: 80.8, Avg: 80.9, Max: 81.0, Diff: 0.2, Sum: 161.8]
      [Object Copy (ms): Min: 258.1, Avg: 260.5, Max: 262.9, Diff: 4.8, Sum: 520.9]
      [Termination (ms): Min: 0.0, Avg: 0.0, Max: 0.0, Diff: 0.0, Sum: 0.0]
      [GC Worker Other (ms): Min: 0.1, Avg: 0.1, Max: 0.1, Diff: 0.0, Sum: 0.2]
      [GC Worker Total (ms): Min: 433.7, Avg: 433.7, Max: 433.7, Diff: 0.0, Sum: 867.4]
      [GC Worker End (ms): Min: 31349692.9, Avg: 31349692.9, Max: 31349692.9, Diff: 0.0]
   [Code Root Fixup: 0.0 ms]
   [Clear CT: 0.9 ms]
   [Other: 8.8 ms]
      [Choose CSet: 0.3 ms]
      [Ref Proc: 3.0 ms]
      [Ref Enq: 0.0 ms]
      [Free CSet: 2.9 ms]
   [Eden: 873.0M(896.0M)->0.0B(965.0M) Survivors: 128.0M->59.0M Heap: 2338.7M(3072.0M)->1458.7M(3072.0M)]
 [Times: user=0.88 sys=0.00, real=0.45 secs] 
31349.716: [GC pause (young) (initial-mark)
Desired survivor size 67108864 bytes, new threshold 16 (max 32)
- age   1:   58690368 bytes,   58690368 total
, 0.4450150 secs]
   [Parallel Time: 442.6 ms, GC Workers: 2]
      [GC Worker Start (ms): Min: 31349716.8, Avg: 31349717.2, Max: 31349717.6, Diff: 0.8]
      [Ext Root Scanning (ms): Min: 78.0, Avg: 83.8, Max: 89.7, Diff: 11.7, Sum: 167.6]
      [Update RS (ms): Min: 220.9, Avg: 236.3, Max: 251.7, Diff: 30.7, Sum: 472.6]
         [Processed Buffers: Min: 423, Avg: 458.0, Max: 493, Diff: 70, Sum: 916]
      [Scan RS (ms): Min: 0.2, Avg: 0.2, Max: 0.2, Diff: 0.0, Sum: 0.5]
      [Object Copy (ms): Min: 112.2, Avg: 121.4, Max: 130.5, Diff: 18.3, Sum: 242.7]
      [Termination (ms): Min: 0.0, Avg: 0.0, Max: 0.0, Diff: 0.0, Sum: 0.0]
      [GC Worker Other (ms): Min: 0.1, Avg: 0.1, Max: 0.1, Diff: 0.0, Sum: 0.2]
      [GC Worker Total (ms): Min: 441.4, Avg: 441.8, Max: 442.2, Diff: 0.8, Sum: 883.6]
      [GC Worker End (ms): Min: 31350159.0, Avg: 31350159.0, Max: 31350159.0, Diff: 0.0]
   [Code Root Fixup: 0.0 ms]
   [Clear CT: 0.1 ms]
   [Other: 2.3 ms]
      [Choose CSet: 0.0 ms]
      [Ref Proc: 0.2 ms]
      [Ref Enq: 0.0 ms]
      [Free CSet: 0.2 ms]
   [Eden: 2048.0K(965.0M)->0.0B(966.0M) Survivors: 59.0M->58.0M Heap: 1468.4M(3072.0M)->1465.7M(3072.0M)]
 [Times: user=0.89 sys=0.00, real=0.45 secs] 
31350.161: [GC concurrent-root-region-scan-start]
31350.356: [GC concurrent-root-region-scan-end, 0.1946880 secs]
31350.356: [GC concurrent-mark-start]
31351.936: [GC concurrent-mark-end, 1.5801200 secs]
31351.939: [GC remark 31351.940: [GC ref-proc, 0.0359970 secs], 0.1103000 secs]
 [Times: user=0.12 sys=0.00, real=0.11 secs] 
31352.051: [GC cleanup 1777M->1493M(3072M), 0.0301000 secs]
 [Times: user=0.06 sys=0.00, real=0.03 secs] 
31352.082: [GC concurrent-cleanup-start]
31352.083: [GC concurrent-cleanup-end, 0.0006950 secs]
31355.951: [GC pause (young)
Desired survivor size 67108864 bytes, new threshold 16 (max 32)
- age   1:     149664 bytes,     149664 total
- age   2:   58393456 bytes,   58543120 total
, 0.2735300 secs]
   [Parallel Time: 257.8 ms, GC Workers: 2]
      [GC Worker Start (ms): Min: 31355951.8, Avg: 31355951.8, Max: 31355951.8, Diff: 0.0]
      [Ext Root Scanning (ms): Min: 70.5, Avg: 78.7, Max: 87.0, Diff: 16.6, Sum: 157.5]
      [Update RS (ms): Min: 10.7, Avg: 21.4, Max: 32.0, Diff: 21.3, Sum: 42.7]
         [Processed Buffers: Min: 155, Avg: 155.0, Max: 155, Diff: 0, Sum: 310]
      [Scan RS (ms): Min: 37.2, Avg: 37.4, Max: 37.7, Diff: 0.5, Sum: 74.9]
      [Object Copy (ms): Min: 117.4, Avg: 120.0, Max: 122.6, Diff: 5.2, Sum: 240.0]
      [Termination (ms): Min: 0.0, Avg: 0.0, Max: 0.0, Diff: 0.0, Sum: 0.0]
      [GC Worker Other (ms): Min: 0.1, Avg: 0.1, Max: 0.1, Diff: 0.0, Sum: 0.2]
      [GC Worker Total (ms): Min: 257.6, Avg: 257.6, Max: 257.7, Diff: 0.0, Sum: 515.3]
      [GC Worker End (ms): Min: 31356209.4, Avg: 31356209.4, Max: 31356209.4, Diff: 0.0]
   [Code Root Fixup: 0.0 ms]
   [Clear CT: 0.8 ms]
   [Other: 14.9 ms]
      [Choose CSet: 0.0 ms]
      [Ref Proc: 10.3 ms]
      [Ref Enq: 0.2 ms]
      [Free CSet: 2.7 ms]
   [Eden: 966.0M(966.0M)->0.0B(952.0M) Survivors: 58.0M->72.0M Heap: 2175.2M(3072.0M)->1223.7M(3072.0M)]
 [Times: user=0.53 sys=0.00, real=0.28 secs] 
31363.061: [GC pause (mixed)
Desired survivor size 67108864 bytes, new threshold 3 (max 32)
- age   1:   22625208 bytes,   22625208 total
- age   2:       5272 bytes,   22630480 total
- age   3:   48415464 bytes,   71045944 total
, 0.3846360 secs]
   [Parallel Time: 366.0 ms, GC Workers: 2]
      [GC Worker Start (ms): Min: 31363064.0, Avg: 31363064.0, Max: 31363064.0, Diff: 0.1]
      [Ext Root Scanning (ms): Min: 72.4, Avg: 80.5, Max: 88.5, Diff: 16.1, Sum: 161.0]
      [Update RS (ms): Min: 7.6, Avg: 18.4, Max: 29.1, Diff: 21.5, Sum: 36.7]
         [Processed Buffers: Min: 136, Avg: 147.5, Max: 159, Diff: 23, Sum: 295]
      [Scan RS (ms): Min: 91.1, Avg: 91.1, Max: 91.2, Diff: 0.1, Sum: 182.3]
      [Object Copy (ms): Min: 173.1, Avg: 175.8, Max: 178.6, Diff: 5.5, Sum: 351.7]
      [Termination (ms): Min: 0.0, Avg: 0.0, Max: 0.0, Diff: 0.0, Sum: 0.0]
      [GC Worker Other (ms): Min: 0.1, Avg: 0.1, Max: 0.1, Diff: 0.0, Sum: 0.1]
      [GC Worker Total (ms): Min: 365.9, Avg: 365.9, Max: 365.9, Diff: 0.1, Sum: 731.8]
      [GC Worker End (ms): Min: 31363429.9, Avg: 31363429.9, Max: 31363429.9, Diff: 0.0]
   [Code Root Fixup: 0.0 ms]
   [Clear CT: 0.9 ms]
   [Other: 17.7 ms]
      [Choose CSet: 2.4 ms]
      [Ref Proc: 6.9 ms]
      [Ref Enq: 0.2 ms]
      [Free CSet: 6.1 ms]
   [Eden: 952.0M(952.0M)->0.0B(982.0M) Survivors: 72.0M->42.0M Heap: 2225.6M(3072.0M)->997.6M(3072.0M)]
 [Times: user=0.75 sys=0.00, real=0.39 secs] 
31369.484: [GC pause (mixed)
Desired survivor size 67108864 bytes, new threshold 16 (max 32)
- age   1:   28531744 bytes,   28531744 total
- age   2:   12063256 bytes,   40595000 total
- age   3:       5152 bytes,   40600152 total
, 0.3030880 secs]
   [Parallel Time: 286.8 ms, GC Workers: 2]
      [GC Worker Start (ms): Min: 31369486.8, Avg: 31369486.8, Max: 31369486.8, Diff: 0.0]
      [Ext Root Scanning (ms): Min: 70.7, Avg: 78.1, Max: 85.5, Diff: 14.8, Sum: 156.2]
      [Update RS (ms): Min: 12.1, Avg: 22.2, Max: 32.3, Diff: 20.2, Sum: 44.4]
         [Processed Buffers: Min: 95, Avg: 141.0, Max: 187, Diff: 92, Sum: 282]
      [Scan RS (ms): Min: 64.2, Avg: 64.3, Max: 64.4, Diff: 0.2, Sum: 128.5]
      [Object Copy (ms): Min: 119.5, Avg: 122.1, Max: 124.7, Diff: 5.2, Sum: 244.2]
      [Termination (ms): Min: 0.0, Avg: 0.0, Max: 0.0, Diff: 0.0, Sum: 0.0]
      [GC Worker Other (ms): Min: 0.1, Avg: 0.1, Max: 0.1, Diff: 0.0, Sum: 0.2]
      [GC Worker Total (ms): Min: 286.8, Avg: 286.8, Max: 286.8, Diff: 0.0, Sum: 573.5]
      [GC Worker End (ms): Min: 31369773.6, Avg: 31369773.6, Max: 31369773.6, Diff: 0.0]
   [Code Root Fixup: 0.0 ms]
   [Clear CT: 1.0 ms]
   [Other: 15.2 ms]
      [Choose CSet: 2.3 ms]
      [Ref Proc: 6.5 ms]
      [Ref Enq: 0.1 ms]
      [Free CSet: 5.0 ms]
   [Eden: 982.0M(982.0M)->0.0B(974.0M) Survivors: 42.0M->50.0M Heap: 2023.0M(3072.0M)->918.0M(3072.0M)]
 [Times: user=0.59 sys=0.00, real=0.31 secs] 
31377.943: [GC pause (young)
Desired survivor size 67108864 bytes, new threshold 16 (max 32)
- age   1:   28096120 bytes,   28096120 total
- age   2:   14009056 bytes,   42105176 total
- age   3:    6721000 bytes,   48826176 total
- age   4:       5152 bytes,   48831328 total
, 0.2414750 secs]
   [Parallel Time: 226.9 ms, GC Workers: 2]
      [GC Worker Start (ms): Min: 31377943.9, Avg: 31377943.9, Max: 31377943.9, Diff: 0.0]
      [Ext Root Scanning (ms): Min: 71.2, Avg: 80.1, Max: 89.1, Diff: 17.9, Sum: 160.2]
      [Update RS (ms): Min: 10.5, Avg: 22.3, Max: 34.0, Diff: 23.5, Sum: 44.5]
         [Processed Buffers: Min: 125, Avg: 155.5, Max: 186, Diff: 61, Sum: 311]
      [Scan RS (ms): Min: 17.4, Avg: 17.4, Max: 17.5, Diff: 0.1, Sum: 34.9]
      [Object Copy (ms): Min: 104.0, Avg: 106.8, Max: 109.7, Diff: 5.7, Sum: 213.7]
      [Termination (ms): Min: 0.0, Avg: 0.0, Max: 0.0, Diff: 0.0, Sum: 0.0]
      [GC Worker Other (ms): Min: 0.1, Avg: 0.1, Max: 0.1, Diff: 0.0, Sum: 0.2]
      [GC Worker Total (ms): Min: 226.7, Avg: 226.8, Max: 226.8, Diff: 0.0, Sum: 453.5]
      [GC Worker End (ms): Min: 31378170.6, Avg: 31378170.7, Max: 31378170.7, Diff: 0.0]
   [Code Root Fixup: 0.0 ms]
   [Clear CT: 0.6 ms]
   [Other: 13.9 ms]
      [Choose CSet: 0.0 ms]
      [Ref Proc: 9.9 ms]
      [Ref Enq: 0.2 ms]
      [Free CSet: 2.6 ms]
   [Eden: 974.0M(974.0M)->0.0B(965.0M) Survivors: 50.0M->59.0M Heap: 1917.7M(3072.0M)->952.7M(3072.0M)]
 [Times: user=0.46 sys=0.00, real=0.24 secs] 
31383.248: [GC pause (young)
Desired survivor size 67108864 bytes, new threshold 16 (max 32)
- age   1:   28525224 bytes,   28525224 total
- age   2:   10915848 bytes,   39441072 total
- age   3:   12258080 bytes,   51699152 total
- age   4:    4947824 bytes,   56646976 total
- age   5:       5152 bytes,   56652128 total
, 0.2491670 secs]
   [Parallel Time: 240.1 ms, GC Workers: 2]
      [GC Worker Start (ms): Min: 31383248.3, Avg: 31383248.4, Max: 31383248.4, Diff: 0.0]
      [Ext Root Scanning (ms): Min: 69.9, Avg: 80.0, Max: 90.0, Diff: 20.0, Sum: 159.9]
      [Update RS (ms): Min: 8.6, Avg: 21.3, Max: 34.0, Diff: 25.4, Sum: 42.6]
         [Processed Buffers: Min: 110, Avg: 145.5, Max: 181, Diff: 71, Sum: 291]
      [Scan RS (ms): Min: 16.0, Avg: 16.1, Max: 16.1, Diff: 0.1, Sum: 32.1]
      [Object Copy (ms): Min: 119.7, Avg: 122.5, Max: 125.3, Diff: 5.6, Sum: 245.1]
      [Termination (ms): Min: 0.0, Avg: 0.0, Max: 0.0, Diff: 0.0, Sum: 0.0]
      [GC Worker Other (ms): Min: 0.1, Avg: 0.2, Max: 0.3, Diff: 0.2, Sum: 0.4]
      [GC Worker Total (ms): Min: 240.0, Avg: 240.0, Max: 240.0, Diff: 0.0, Sum: 480.0]
      [GC Worker End (ms): Min: 31383488.4, Avg: 31383488.4, Max: 31383488.4, Diff: 0.0]
   [Code Root Fixup: 0.0 ms]
   [Clear CT: 0.6 ms]
   [Other: 8.4 ms]
      [Choose CSet: 0.0 ms]
      [Ref Proc: 4.9 ms]
      [Ref Enq: 0.1 ms]
      [Free CSet: 2.3 ms]
   [Eden: 965.0M(965.0M)->0.0B(955.0M) Survivors: 59.0M->69.0M Heap: 1921.7M(3072.0M)->966.7M(3072.0M)]
 [Times: user=0.49 sys=0.00, real=0.25 secs] 
31387.988: [GC pause (young)
Desired survivor size 67108864 bytes, new threshold 5 (max 32)
- age   1:   31938832 bytes,   31938832 total
- age   2:   11436688 bytes,   43375520 total
- age   3:    9251264 bytes,   52626784 total
- age   4:   11450272 bytes,   64077056 total
- age   5:    4750960 bytes,   68828016 total
- age   6:       5152 bytes,   68833168 total
, 0.5656000 secs]
   [Parallel Time: 556.9 ms, GC Workers: 2]
      [GC Worker Start (ms): Min: 31387989.1, Avg: 31387989.1, Max: 31387989.1, Diff: 0.0]
      [Ext Root Scanning (ms): Min: 68.0, Avg: 78.2, Max: 88.4, Diff: 20.4, Sum: 156.5]
      [Update RS (ms): Min: 30.7, Avg: 43.8, Max: 56.9, Diff: 26.2, Sum: 87.6]
         [Processed Buffers: Min: 144, Avg: 163.0, Max: 182, Diff: 38, Sum: 326]
      [Scan RS (ms): Min: 10.4, Avg: 10.4, Max: 10.5, Diff: 0.0, Sum: 20.9]
      [Object Copy (ms): Min: 421.2, Avg: 424.1, Max: 427.0, Diff: 5.8, Sum: 848.3]
      [Termination (ms): Min: 0.0, Avg: 0.0, Max: 0.0, Diff: 0.0, Sum: 0.0]
      [GC Worker Other (ms): Min: 0.1, Avg: 0.1, Max: 0.1, Diff: 0.0, Sum: 0.2]
      [GC Worker Total (ms): Min: 556.7, Avg: 556.7, Max: 556.7, Diff: 0.0, Sum: 1113.4]
      [GC Worker End (ms): Min: 31388545.8, Avg: 31388545.8, Max: 31388545.8, Diff: 0.0]
   [Code Root Fixup: 0.0 ms]
   [Clear CT: 0.6 ms]
   [Other: 8.1 ms]
      [Choose CSet: 0.0 ms]
      [Ref Proc: 4.6 ms]
      [Ref Enq: 0.1 ms]
      [Free CSet: 1.9 ms]
   [Eden: 955.0M(955.0M)->0.0B(896.0M) Survivors: 69.0M->128.0M Heap: 1924.5M(3072.0M)->1080.5M(3072.0M)]
 [Times: user=1.12 sys=0.00, real=0.56 secs] 
31393.354: [GC pause (young)
Desired survivor size 67108864 bytes, new threshold 1 (max 32)
- age   1:  132967544 bytes,  132967544 total
- age   2:   16514344 bytes,  149481888 total
- age   3:    8784040 bytes,  158265928 total
- age   4:    8064544 bytes,  166330472 total
- age   5:   10640160 bytes,  176970632 total
, 0.6970550 secs]
   [Parallel Time: 680.8 ms, GC Workers: 2]
      [GC Worker Start (ms): Min: 31393355.6, Avg: 31393355.6, Max: 31393355.6, Diff: 0.0]
      [Ext Root Scanning (ms): Min: 69.6, Avg: 76.9, Max: 84.2, Diff: 14.6, Sum: 153.8]
      [Update RS (ms): Min: 45.5, Avg: 55.4, Max: 65.2, Diff: 19.7, Sum: 110.7]
         [Processed Buffers: Min: 82, Avg: 166.5, Max: 251, Diff: 169, Sum: 333]
      [Scan RS (ms): Min: 105.5, Avg: 105.6, Max: 105.7, Diff: 0.2, Sum: 211.2]
      [Object Copy (ms): Min: 440.0, Avg: 442.6, Max: 445.3, Diff: 5.3, Sum: 885.3]
      [Termination (ms): Min: 0.0, Avg: 0.0, Max: 0.0, Diff: 0.0, Sum: 0.0]
      [GC Worker Other (ms): Min: 0.1, Avg: 0.1, Max: 0.1, Diff: 0.0, Sum: 0.2]
      [GC Worker Total (ms): Min: 680.6, Avg: 680.6, Max: 680.6, Diff: 0.0, Sum: 1361.2]
      [GC Worker End (ms): Min: 31394036.2, Avg: 31394036.2, Max: 31394036.2, Diff: 0.0]
   [Code Root Fixup: 0.0 ms]
   [Clear CT: 0.8 ms]
   [Other: 15.4 ms]
      [Choose CSet: 0.1 ms]
      [Ref Proc: 6.6 ms]
      [Ref Enq: 0.1 ms]
      [Free CSet: 5.1 ms]
   [Eden: 896.0M(896.0M)->0.0B(954.0M) Survivors: 128.0M->70.0M Heap: 2006.0M(3072.0M)->1154.0M(3072.0M)]
 [Times: user=1.36 sys=0.00, real=0.70 secs] 
31398.225: [GC pause (young)
Desired survivor size 67108864 bytes, new threshold 1 (max 32)
- age   1:   69382168 bytes,   69382168 total
, 0.4625360 secs]
   [Parallel Time: 448.3 ms, GC Workers: 2]
      [GC Worker Start (ms): Min: 31398226.5, Avg: 31398226.6, Max: 31398226.6, Diff: 0.0]
      [Ext Root Scanning (ms): Min: 68.8, Avg: 77.7, Max: 86.7, Diff: 17.9, Sum: 155.5]
      [Update RS (ms): Min: 27.0, Avg: 38.4, Max: 49.8, Diff: 22.9, Sum: 76.8]
         [Processed Buffers: Min: 140, Avg: 154.0, Max: 168, Diff: 28, Sum: 308]
      [Scan RS (ms): Min: 90.1, Avg: 90.1, Max: 90.1, Diff: 0.0, Sum: 180.1]
      [Object Copy (ms): Min: 239.4, Avg: 241.9, Max: 244.4, Diff: 5.0, Sum: 483.9]
      [Termination (ms): Min: 0.0, Avg: 0.0, Max: 0.0, Diff: 0.0, Sum: 0.0]
      [GC Worker Other (ms): Min: 0.1, Avg: 0.1, Max: 0.1, Diff: 0.0, Sum: 0.2]
      [GC Worker Total (ms): Min: 448.2, Avg: 448.2, Max: 448.2, Diff: 0.0, Sum: 896.4]
      [GC Worker End (ms): Min: 31398674.8, Avg: 31398674.8, Max: 31398674.8, Diff: 0.0]
   [Code Root Fixup: 0.0 ms]
   [Clear CT: 0.9 ms]
   [Other: 13.3 ms]
      [Choose CSet: 0.0 ms]
      [Ref Proc: 5.3 ms]
      [Ref Enq: 0.1 ms]
      [Free CSet: 4.9 ms]
   [Eden: 954.0M(954.0M)->0.0B(977.0M) Survivors: 70.0M->47.0M Heap: 2162.8M(3072.0M)->1237.8M(3072.0M)]
 [Times: user=0.91 sys=0.00, real=0.46 secs] 
31403.516: [GC pause (young)
Desired survivor size 67108864 bytes, new threshold 16 (max 32)
- age   1:   45709544 bytes,   45709544 total
, 0.3704340 secs]
   [Parallel Time: 354.9 ms, GC Workers: 2]
      [GC Worker Start (ms): Min: 31403517.3, Avg: 31403517.3, Max: 31403517.3, Diff: 0.0]
      [Ext Root Scanning (ms): Min: 67.8, Avg: 78.9, Max: 90.0, Diff: 22.3, Sum: 157.8]
      [Update RS (ms): Min: 36.3, Avg: 50.0, Max: 63.7, Diff: 27.3, Sum: 100.0]
         [Processed Buffers: Min: 86, Avg: 154.5, Max: 223, Diff: 137, Sum: 309]
      [Scan RS (ms): Min: 57.0, Avg: 57.0, Max: 57.1, Diff: 0.1, Sum: 114.0]
      [Object Copy (ms): Min: 166.3, Avg: 168.8, Max: 171.4, Diff: 5.2, Sum: 337.7]
      [Termination (ms): Min: 0.0, Avg: 0.0, Max: 0.0, Diff: 0.0, Sum: 0.0]
      [GC Worker Other (ms): Min: 0.1, Avg: 0.1, Max: 0.1, Diff: 0.0, Sum: 0.2]
      [GC Worker Total (ms): Min: 354.8, Avg: 354.8, Max: 354.9, Diff: 0.0, Sum: 709.7]
      [GC Worker End (ms): Min: 31403872.2, Avg: 31403872.2, Max: 31403872.2, Diff: 0.0]
   [Code Root Fixup: 0.0 ms]
   [Clear CT: 1.2 ms]
   [Other: 14.3 ms]
      [Choose CSet: 0.0 ms]
      [Ref Proc: 7.6 ms]
      [Ref Enq: 0.1 ms]
      [Free CSet: 4.3 ms]
   [Eden: 977.0M(977.0M)->0.0B(954.0M) Survivors: 47.0M->70.0M Heap: 2238.8M(3072.0M)->1284.3M(3072.0M)]
 [Times: user=0.72 sys=0.00, real=0.37 secs] 
31409.204: [GC pause (young)
Desired survivor size 67108864 bytes, new threshold 2 (max 32)
- age   1:   35133040 bytes,   35133040 total
- age   2:   33204416 bytes,   68337456 total
, 0.4204910 secs]
   [Parallel Time: 402.9 ms, GC Workers: 2]
      [GC Worker Start (ms): Min: 31409205.4, Avg: 31409205.4, Max: 31409205.4, Diff: 0.0]
      [Ext Root Scanning (ms): Min: 68.1, Avg: 78.3, Max: 88.6, Diff: 20.6, Sum: 156.7]
      [Update RS (ms): Min: 14.2, Avg: 27.3, Max: 40.4, Diff: 26.2, Sum: 54.6]
         [Processed Buffers: Min: 116, Avg: 159.0, Max: 202, Diff: 86, Sum: 318]
      [Scan RS (ms): Min: 65.0, Avg: 65.1, Max: 65.2, Diff: 0.2, Sum: 130.3]
      [Object Copy (ms): Min: 229.2, Avg: 231.9, Max: 234.6, Diff: 5.4, Sum: 463.8]
      [Termination (ms): Min: 0.0, Avg: 0.0, Max: 0.0, Diff: 0.0, Sum: 0.0]
      [GC Worker Other (ms): Min: 0.1, Avg: 0.1, Max: 0.1, Diff: 0.0, Sum: 0.2]
      [GC Worker Total (ms): Min: 402.8, Avg: 402.8, Max: 402.8, Diff: 0.0, Sum: 805.6]
      [GC Worker End (ms): Min: 31409608.2, Avg: 31409608.2, Max: 31409608.2, Diff: 0.0]
   [Code Root Fixup: 0.0 ms]
   [Clear CT: 0.9 ms]
   [Other: 16.7 ms]
      [Choose CSet: 0.0 ms]
      [Ref Proc: 7.5 ms]
      [Ref Enq: 0.2 ms]
      [Free CSet: 5.6 ms]
   [Eden: 954.0M(954.0M)->0.0B(956.0M) Survivors: 70.0M->68.0M Heap: 2281.4M(3072.0M)->1356.9M(3072.0M)]
 [Times: user=0.82 sys=0.01, real=0.42 secs] 
31415.771: [GC pause (young) (initial-mark)
Desired survivor size 67108864 bytes, new threshold 2 (max 32)
- age   1:   43666936 bytes,   43666936 total
- age   2:   24873224 bytes,   68540160 total
, 0.4908230 secs]
   [Parallel Time: 477.4 ms, GC Workers: 2]
      [GC Worker Start (ms): Min: 31415773.6, Avg: 31415774.1, Max: 31415774.7, Diff: 1.2]
      [Ext Root Scanning (ms): Min: 74.7, Avg: 81.4, Max: 88.0, Diff: 13.3, Sum: 162.7]
      [Update RS (ms): Min: 69.3, Avg: 85.3, Max: 101.3, Diff: 32.1, Sum: 170.6]
         [Processed Buffers: Min: 142, Avg: 168.5, Max: 195, Diff: 53, Sum: 337]
      [Scan RS (ms): Min: 53.3, Avg: 53.4, Max: 53.4, Diff: 0.1, Sum: 106.7]
      [Object Copy (ms): Min: 247.1, Avg: 255.9, Max: 264.7, Diff: 17.6, Sum: 511.8]
      [Termination (ms): Min: 0.0, Avg: 0.0, Max: 0.0, Diff: 0.0, Sum: 0.0]
      [GC Worker Other (ms): Min: 0.1, Avg: 0.1, Max: 0.1, Diff: 0.0, Sum: 0.2]
      [GC Worker Total (ms): Min: 475.4, Avg: 476.0, Max: 476.6, Diff: 1.2, Sum: 952.0]
      [GC Worker End (ms): Min: 31416250.1, Avg: 31416250.2, Max: 31416250.2, Diff: 0.0]
   [Code Root Fixup: 0.0 ms]
   [Clear CT: 0.8 ms]
   [Other: 12.6 ms]
      [Choose CSet: 0.0 ms]
      [Ref Proc: 4.4 ms]
      [Ref Enq: 0.1 ms]
      [Free CSet: 4.9 ms]
   [Eden: 909.0M(956.0M)->0.0B(951.0M) Survivors: 68.0M->73.0M Heap: 2265.2M(3072.0M)->1383.4M(3072.0M)]
 [Times: user=0.96 sys=0.00, real=0.49 secs] 
31416.262: [GC concurrent-root-region-scan-start]
31416.452: [GC concurrent-root-region-scan-end, 0.1899780 secs]
31416.452: [GC concurrent-mark-start]
31418.437: [GC concurrent-mark-end, 1.9850750 secs]
31418.440: [GC remark 31418.442: [GC ref-proc, 0.1880870 secs], 0.2676970 secs]
 [Times: user=0.27 sys=0.00, real=0.27 secs] 
31418.709: [GC cleanup 1754M->1398M(3072M), 0.0237930 secs]
 [Times: user=0.05 sys=0.00, real=0.03 secs] 
31418.734: [GC concurrent-cleanup-start]
31418.734: [GC concurrent-cleanup-end, 0.0007100 secs]
31421.862: [GC pause (young)
Desired survivor size 67108864 bytes, new threshold 2 (max 32)
- age   1:   49035152 bytes,   49035152 total
- age   2:   25121408 bytes,   74156560 total
, 0.4283150 secs]
   [Parallel Time: 416.0 ms, GC Workers: 2]
      [GC Worker Start (ms): Min: 31421863.6, Avg: 31421863.6, Max: 31421863.6, Diff: 0.0]
      [Ext Root Scanning (ms): Min: 70.9, Avg: 79.1, Max: 87.4, Diff: 16.5, Sum: 158.2]
      [Update RS (ms): Min: 71.0, Avg: 81.5, Max: 92.0, Diff: 20.9, Sum: 163.0]
         [Processed Buffers: Min: 140, Avg: 158.5, Max: 177, Diff: 37, Sum: 317]
      [Scan RS (ms): Min: 51.2, Avg: 51.6, Max: 51.9, Diff: 0.8, Sum: 103.1]
      [Object Copy (ms): Min: 200.9, Avg: 203.6, Max: 206.2, Diff: 5.3, Sum: 407.1]
      [Termination (ms): Min: 0.0, Avg: 0.0, Max: 0.0, Diff: 0.0, Sum: 0.0]
      [GC Worker Other (ms): Min: 0.1, Avg: 0.1, Max: 0.2, Diff: 0.0, Sum: 0.3]
      [GC Worker Total (ms): Min: 415.9, Avg: 415.9, Max: 415.9, Diff: 0.0, Sum: 831.7]
      [GC Worker End (ms): Min: 31422279.4, Avg: 31422279.4, Max: 31422279.4, Diff: 0.0]
   [Code Root Fixup: 0.0 ms]
   [Clear CT: 0.9 ms]
   [Other: 11.4 ms]
      [Choose CSet: 0.0 ms]
      [Ref Proc: 4.4 ms]
      [Ref Enq: 0.1 ms]
      [Free CSet: 4.5 ms]
   [Eden: 951.0M(951.0M)->0.0B(958.0M) Survivors: 73.0M->66.0M Heap: 2003.2M(3072.0M)->1068.7M(3072.0M)]
 [Times: user=0.84 sys=0.01, real=0.43 secs] 
31429.464: [GC pause (mixed)
Desired survivor size 67108864 bytes, new threshold 16 (max 32)
- age   1:   37936192 bytes,   37936192 total
- age   2:   29122936 bytes,   67059128 total
, 0.4314920 secs]
   [Parallel Time: 418.2 ms, GC Workers: 2]
      [GC Worker Start (ms): Min: 31429466.5, Avg: 31429466.5, Max: 31429466.5, Diff: 0.0]
      [Ext Root Scanning (ms): Min: 70.1, Avg: 78.5, Max: 86.9, Diff: 16.7, Sum: 157.0]
      [Update RS (ms): Min: 57.6, Avg: 68.8, Max: 79.9, Diff: 22.3, Sum: 137.5]
         [Processed Buffers: Min: 118, Avg: 148.0, Max: 178, Diff: 60, Sum: 296]
      [Scan RS (ms): Min: 66.9, Avg: 67.0, Max: 67.1, Diff: 0.2, Sum: 134.0]
      [Object Copy (ms): Min: 201.1, Avg: 203.8, Max: 206.5, Diff: 5.4, Sum: 407.5]
      [Termination (ms): Min: 0.0, Avg: 0.0, Max: 0.0, Diff: 0.0, Sum: 0.0]
      [GC Worker Other (ms): Min: 0.1, Avg: 0.1, Max: 0.1, Diff: 0.0, Sum: 0.2]
      [GC Worker Total (ms): Min: 418.1, Avg: 418.1, Max: 418.1, Diff: 0.0, Sum: 836.2]
      [GC Worker End (ms): Min: 31429884.6, Avg: 31429884.6, Max: 31429884.6, Diff: 0.0]
   [Code Root Fixup: 0.0 ms]
   [Clear CT: 0.9 ms]
   [Other: 12.4 ms]
      [Choose CSet: 0.5 ms]
      [Ref Proc: 4.5 ms]
      [Ref Enq: 0.1 ms]
      [Free CSet: 5.0 ms]
   [Eden: 958.0M(958.0M)->0.0B(937.0M) Survivors: 66.0M->87.0M Heap: 2054.4M(3072.0M)->1048.4M(3072.0M)]
 [Times: user=0.85 sys=0.00, real=0.44 secs] 
31435.926: [GC pause (mixed)
Desired survivor size 67108864 bytes, new threshold 3 (max 32)
- age   1:   36660568 bytes,   36660568 total
- age   2:   24997432 bytes,   61658000 total
- age   3:   27317920 bytes,   88975920 total
, 0.5422450 secs]
   [Parallel Time: 526.2 ms, GC Workers: 2]
      [GC Worker Start (ms): Min: 31435928.3, Avg: 31435928.3, Max: 31435928.3, Diff: 0.0]
      [Ext Root Scanning (ms): Min: 68.0, Avg: 76.4, Max: 84.7, Diff: 16.7, Sum: 152.7]
      [Update RS (ms): Min: 49.5, Avg: 60.5, Max: 71.5, Diff: 22.1, Sum: 121.0]
         [Processed Buffers: Min: 144, Avg: 151.0, Max: 158, Diff: 14, Sum: 302]
      [Scan RS (ms): Min: 114.1, Avg: 114.2, Max: 114.3, Diff: 0.2, Sum: 228.3]
      [Object Copy (ms): Min: 272.2, Avg: 274.9, Max: 277.7, Diff: 5.5, Sum: 549.9]
      [Termination (ms): Min: 0.0, Avg: 0.0, Max: 0.0, Diff: 0.0, Sum: 0.0]
      [GC Worker Other (ms): Min: 0.1, Avg: 0.1, Max: 0.1, Diff: 0.0, Sum: 0.2]
      [GC Worker Total (ms): Min: 526.0, Avg: 526.1, Max: 526.1, Diff: 0.0, Sum: 1052.1]
      [GC Worker End (ms): Min: 31436454.4, Avg: 31436454.4, Max: 31436454.4, Diff: 0.0]
   [Code Root Fixup: 0.0 ms]
   [Clear CT: 0.9 ms]
   [Other: 15.1 ms]
      [Choose CSet: 1.1 ms]
      [Ref Proc: 4.7 ms]
      [Ref Enq: 0.1 ms]
      [Free CSet: 6.2 ms]
   [Eden: 937.0M(937.0M)->0.0B(936.0M) Survivors: 87.0M->88.0M Heap: 1998.3M(3072.0M)->1022.3M(3072.0M)]
 [Times: user=1.07 sys=0.00, real=0.55 secs] 
31441.741: [GC pause (mixed)
Desired survivor size 67108864 bytes, new threshold 2 (max 32)
- age   1:   43316048 bytes,   43316048 total
- age   2:   25193920 bytes,   68509968 total
- age   3:   21459296 bytes,   89969264 total
, 0.4719690 secs]
   [Parallel Time: 460.5 ms, GC Workers: 2]
      [GC Worker Start (ms): Min: 31441742.3, Avg: 31441742.3, Max: 31441742.3, Diff: 0.0]
      [Ext Root Scanning (ms): Min: 67.1, Avg: 75.0, Max: 82.9, Diff: 15.8, Sum: 150.0]
      [Update RS (ms): Min: 30.1, Avg: 40.5, Max: 50.9, Diff: 20.8, Sum: 80.9]
         [Processed Buffers: Min: 60, Avg: 131.0, Max: 202, Diff: 142, Sum: 262]
      [Scan RS (ms): Min: 80.4, Avg: 80.4, Max: 80.4, Diff: 0.0, Sum: 160.8]
      [Object Copy (ms): Min: 261.9, Avg: 264.4, Max: 266.9, Diff: 5.1, Sum: 528.8]
      [Termination (ms): Min: 0.0, Avg: 0.0, Max: 0.0, Diff: 0.0, Sum: 0.0]
      [GC Worker Other (ms): Min: 0.1, Avg: 0.1, Max: 0.1, Diff: 0.0, Sum: 0.2]
      [GC Worker Total (ms): Min: 460.4, Avg: 460.4, Max: 460.4, Diff: 0.0, Sum: 920.7]
      [GC Worker End (ms): Min: 31442202.7, Avg: 31442202.7, Max: 31442202.7, Diff: 0.0]
   [Code Root Fixup: 0.0 ms]
   [Clear CT: 0.7 ms]
   [Other: 10.7 ms]
      [Choose CSet: 0.1 ms]
      [Ref Proc: 3.2 ms]
      [Ref Enq: 0.0 ms]
      [Free CSet: 4.4 ms]
   [Eden: 936.0M(936.0M)->0.0B(951.0M) Survivors: 88.0M->73.0M Heap: 1967.3M(3072.0M)->1056.8M(3072.0M)]
 [Times: user=0.93 sys=0.00, real=0.47 secs] 
31447.014: [GC pause (young)
Desired survivor size 67108864 bytes, new threshold 2 (max 32)
- age   1:   44003288 bytes,   44003288 total
- age   2:   30930240 bytes,   74933528 total
, 0.5135190 secs]
   [Parallel Time: 502.4 ms, GC Workers: 2]
      [GC Worker Start (ms): Min: 31447016.0, Avg: 31447016.0, Max: 31447016.1, Diff: 0.1]
      [Ext Root Scanning (ms): Min: 68.0, Avg: 79.3, Max: 90.5, Diff: 22.5, Sum: 158.5]
      [Update RS (ms): Min: 23.0, Avg: 37.1, Max: 51.2, Diff: 28.2, Sum: 74.2]
         [Processed Buffers: Min: 88, Avg: 142.5, Max: 197, Diff: 109, Sum: 285]
      [Scan RS (ms): Min: 69.4, Avg: 69.6, Max: 69.7, Diff: 0.2, Sum: 139.1]
      [Object Copy (ms): Min: 313.2, Avg: 316.2, Max: 319.2, Diff: 6.0, Sum: 632.4]
      [Termination (ms): Min: 0.0, Avg: 0.0, Max: 0.0, Diff: 0.0, Sum: 0.0]
      [GC Worker Other (ms): Min: 0.1, Avg: 0.1, Max: 0.1, Diff: 0.0, Sum: 0.2]
      [GC Worker Total (ms): Min: 502.2, Avg: 502.2, Max: 502.3, Diff: 0.1, Sum: 1004.4]
      [GC Worker End (ms): Min: 31447518.2, Avg: 31447518.2, Max: 31447518.3, Diff: 0.0]
   [Code Root Fixup: 0.0 ms]
   [Clear CT: 1.0 ms]
   [Other: 10.1 ms]
      [Choose CSet: 0.0 ms]
      [Ref Proc: 3.0 ms]
      [Ref Enq: 0.0 ms]
      [Free CSet: 4.5 ms]
   [Eden: 951.0M(951.0M)->0.0B(921.0M) Survivors: 73.0M->103.0M Heap: 2014.8M(3072.0M)->1121.8M(3072.0M)]
 [Times: user=1.01 sys=0.00, real=0.52 secs] 
31452.481: [GC pause (young)
Desired survivor size 67108864 bytes, new threshold 1 (max 32)
- age   1:   72184896 bytes,   72184896 total
- age   2:   33080176 bytes,  105265072 total
, 0.5380980 secs]
   [Parallel Time: 525.5 ms, GC Workers: 2]
      [GC Worker Start (ms): Min: 31452482.9, Avg: 31452482.9, Max: 31452483.0, Diff: 0.0]
      [Ext Root Scanning (ms): Min: 63.2, Avg: 78.2, Max: 93.2, Diff: 30.0, Sum: 156.4]
      [Update RS (ms): Min: 58.3, Avg: 71.5, Max: 84.6, Diff: 26.3, Sum: 142.9]
         [Processed Buffers: Min: 136, Avg: 143.5, Max: 151, Diff: 15, Sum: 287]
      [Scan RS (ms): Min: 66.1, Avg: 66.2, Max: 66.4, Diff: 0.3, Sum: 132.5]
      [Object Copy (ms): Min: 307.8, Avg: 309.4, Max: 311.1, Diff: 3.3, Sum: 618.8]
      [Termination (ms): Min: 0.0, Avg: 0.0, Max: 0.0, Diff: 0.0, Sum: 0.0]
      [GC Worker Other (ms): Min: 0.1, Avg: 0.1, Max: 0.1, Diff: 0.0, Sum: 0.2]
      [GC Worker Total (ms): Min: 525.4, Avg: 525.4, Max: 525.4, Diff: 0.1, Sum: 1050.8]
      [GC Worker End (ms): Min: 31453008.3, Avg: 31453008.3, Max: 31453008.4, Diff: 0.0]
   [Code Root Fixup: 0.0 ms]
   [Clear CT: 0.7 ms]
   [Other: 11.9 ms]
      [Choose CSet: 0.0 ms]
      [Ref Proc: 4.1 ms]
      [Ref Enq: 0.1 ms]
      [Free CSet: 4.5 ms]
   [Eden: 921.0M(921.0M)->0.0B(984.0M) Survivors: 103.0M->40.0M Heap: 2049.3M(3072.0M)->1153.8M(3072.0M)]
 [Times: user=1.06 sys=0.00, real=0.54 secs] 
31459.711: [GC pause (young)
Desired survivor size 67108864 bytes, new threshold 16 (max 32)
- age   1:   39216208 bytes,   39216208 total
, 0.4017280 secs]
   [Parallel Time: 389.7 ms, GC Workers: 2]
      [GC Worker Start (ms): Min: 31459712.9, Avg: 31459713.0, Max: 31459713.0, Diff: 0.0]
      [Ext Root Scanning (ms): Min: 69.1, Avg: 79.2, Max: 89.3, Diff: 20.2, Sum: 158.5]
      [Update RS (ms): Min: 41.8, Avg: 55.1, Max: 68.3, Diff: 26.5, Sum: 110.1]
         [Processed Buffers: Min: 41, Avg: 138.5, Max: 236, Diff: 195, Sum: 277]
      [Scan RS (ms): Min: 68.1, Avg: 68.2, Max: 68.3, Diff: 0.2, Sum: 136.3]
      [Object Copy (ms): Min: 184.0, Avg: 187.1, Max: 190.1, Diff: 6.0, Sum: 374.1]
      [Termination (ms): Min: 0.0, Avg: 0.0, Max: 0.0, Diff: 0.0, Sum: 0.0]
      [GC Worker Other (ms): Min: 0.1, Avg: 0.1, Max: 0.1, Diff: 0.0, Sum: 0.2]
      [GC Worker Total (ms): Min: 389.6, Avg: 389.6, Max: 389.6, Diff: 0.0, Sum: 779.3]
      [GC Worker End (ms): Min: 31460102.6, Avg: 31460102.6, Max: 31460102.6, Diff: 0.0]
   [Code Root Fixup: 0.0 ms]
   [Clear CT: 0.7 ms]
   [Other: 11.2 ms]
      [Choose CSet: 0.0 ms]
      [Ref Proc: 3.4 ms]
      [Ref Enq: 0.0 ms]
      [Free CSet: 5.5 ms]
   [Eden: 984.0M(984.0M)->0.0B(950.0M) Survivors: 40.0M->74.0M Heap: 2183.7M(3072.0M)->1234.2M(3072.0M)]
 [Times: user=0.79 sys=0.00, real=0.40 secs] 
31466.184: [GC pause (young)
Desired survivor size 67108864 bytes, new threshold 2 (max 32)
- age   1:   44587600 bytes,   44587600 total
- age   2:   31209744 bytes,   75797344 total
, 0.3995910 secs]
   [Parallel Time: 391.0 ms, GC Workers: 2]
      [GC Worker Start (ms): Min: 31466185.6, Avg: 31466185.6, Max: 31466185.7, Diff: 0.0]
      [Ext Root Scanning (ms): Min: 69.4, Avg: 79.5, Max: 89.6, Diff: 20.2, Sum: 159.0]
      [Update RS (ms): Min: 0.0, Avg: 11.6, Max: 23.1, Diff: 23.1, Sum: 23.1]
         [Processed Buffers: Min: 0, Avg: 135.5, Max: 271, Diff: 271, Sum: 271]
      [Scan RS (ms): Min: 69.7, Avg: 71.1, Max: 72.5, Diff: 2.8, Sum: 142.1]
      [Object Copy (ms): Min: 225.9, Avg: 228.7, Max: 231.6, Diff: 5.7, Sum: 457.5]
      [Termination (ms): Min: 0.0, Avg: 0.0, Max: 0.0, Diff: 0.0, Sum: 0.0]
      [GC Worker Other (ms): Min: 0.1, Avg: 0.1, Max: 0.1, Diff: 0.0, Sum: 0.2]
      [GC Worker Total (ms): Min: 390.9, Avg: 391.0, Max: 391.0, Diff: 0.0, Sum: 781.9]
      [GC Worker End (ms): Min: 31466576.6, Avg: 31466576.6, Max: 31466576.6, Diff: 0.0]
   [Code Root Fixup: 0.0 ms]
   [Clear CT: 0.7 ms]
   [Other: 7.8 ms]
      [Choose CSet: 0.0 ms]
      [Ref Proc: 2.3 ms]
      [Ref Enq: 0.0 ms]
      [Free CSet: 3.2 ms]
   [Eden: 738.0M(950.0M)->0.0B(934.0M) Survivors: 74.0M->90.0M Heap: 2076.7M(3072.0M)->1378.2M(3072.0M)]
 [Times: user=0.79 sys=0.00, real=0.40 secs] 
31466.607: [GC pause (young) (initial-mark)
Desired survivor size 67108864 bytes, new threshold 2 (max 32)
- age   1:   62414184 bytes,   62414184 total
- age   2:   29328320 bytes,   91742504 total
, 0.3821030 secs]
   [Parallel Time: 379.7 ms, GC Workers: 2]
      [GC Worker Start (ms): Min: 31466607.4, Avg: 31466607.4, Max: 31466607.4, Diff: 0.0]
      [Ext Root Scanning (ms): Min: 65.2, Avg: 82.9, Max: 100.6, Diff: 35.5, Sum: 165.8]
      [Update RS (ms): Min: 78.8, Avg: 95.8, Max: 112.9, Diff: 34.2, Sum: 191.7]
         [Processed Buffers: Min: 133, Avg: 184.5, Max: 236, Diff: 103, Sum: 369]
      [Scan RS (ms): Min: 4.2, Avg: 4.2, Max: 4.2, Diff: 0.0, Sum: 8.5]
      [Object Copy (ms): Min: 195.7, Avg: 196.4, Max: 197.2, Diff: 1.5, Sum: 392.8]
      [Termination (ms): Min: 0.0, Avg: 0.0, Max: 0.0, Diff: 0.0, Sum: 0.0]
      [GC Worker Other (ms): Min: 0.1, Avg: 0.2, Max: 0.3, Diff: 0.2, Sum: 0.4]
      [GC Worker Total (ms): Min: 379.6, Avg: 379.6, Max: 379.6, Diff: 0.0, Sum: 759.2]
      [GC Worker End (ms): Min: 31466987.0, Avg: 31466987.0, Max: 31466987.0, Diff: 0.0]
   [Code Root Fixup: 0.0 ms]
   [Clear CT: 0.2 ms]
   [Other: 2.2 ms]
      [Choose CSet: 0.0 ms]
      [Ref Proc: 0.2 ms]
      [Ref Enq: 0.0 ms]
      [Free CSet: 0.3 ms]
   [Eden: 3072.0K(934.0M)->0.0B(963.0M) Survivors: 90.0M->61.0M Heap: 1389.2M(3072.0M)->1385.2M(3072.0M)]
 [Times: user=0.76 sys=0.00, real=0.38 secs] 
31466.989: [GC concurrent-root-region-scan-start]
31467.296: [GC concurrent-root-region-scan-end, 0.3070440 secs]
31467.296: [GC concurrent-mark-start]
31469.230: [GC concurrent-mark-end, 1.9335990 secs]
31469.233: [GC remark 31469.234: [GC ref-proc, 0.0488250 secs], 0.1231390 secs]
 [Times: user=0.12 sys=0.00, real=0.12 secs] 
31469.357: [GC cleanup 1780M->1514M(3072M), 0.0271960 secs]
 [Times: user=0.06 sys=0.00, real=0.03 secs] 
31469.385: [GC concurrent-cleanup-start]
31469.386: [GC concurrent-cleanup-end, 0.0006410 secs]
31471.851: [GC pause (young)
Desired survivor size 67108864 bytes, new threshold 16 (max 32)
- age   1:     272776 bytes,     272776 total
- age   2:   62003256 bytes,   62276032 total
, 0.5728580 secs]
   [Parallel Time: 563.2 ms, GC Workers: 2]
      [GC Worker Start (ms): Min: 31471853.0, Avg: 31471853.0, Max: 31471853.0, Diff: 0.0]
      [Ext Root Scanning (ms): Min: 74.5, Avg: 81.6, Max: 88.6, Diff: 14.1, Sum: 163.1]
      [Update RS (ms): Min: 13.7, Avg: 23.9, Max: 34.1, Diff: 20.4, Sum: 47.8]
         [Processed Buffers: Min: 54, Avg: 130.0, Max: 206, Diff: 152, Sum: 260]
      [Scan RS (ms): Min: 35.0, Avg: 35.1, Max: 35.3, Diff: 0.3, Sum: 70.2]
      [Object Copy (ms): Min: 419.0, Avg: 422.4, Max: 425.7, Diff: 6.7, Sum: 844.7]
      [Termination (ms): Min: 0.0, Avg: 0.0, Max: 0.0, Diff: 0.0, Sum: 0.0]
      [GC Worker Other (ms): Min: 0.1, Avg: 0.1, Max: 0.1, Diff: 0.0, Sum: 0.3]
      [GC Worker Total (ms): Min: 563.1, Avg: 563.1, Max: 563.1, Diff: 0.0, Sum: 1126.2]
      [GC Worker End (ms): Min: 31472416.1, Avg: 31472416.1, Max: 31472416.1, Diff: 0.0]
   [Code Root Fixup: 0.0 ms]
   [Clear CT: 1.1 ms]
   [Other: 8.6 ms]
      [Choose CSet: 0.0 ms]
      [Ref Proc: 2.2 ms]
      [Ref Enq: 0.0 ms]
      [Free CSet: 3.6 ms]
   [Eden: 963.0M(963.0M)->0.0B(896.0M) Survivors: 61.0M->128.0M Heap: 2111.4M(3072.0M)->1251.9M(3072.0M)]
 [Times: user=1.13 sys=0.00, real=0.58 secs] 
31477.496: [GC pause (mixed)
Desired survivor size 67108864 bytes, new threshold 1 (max 32)
- age   1:  135439120 bytes,  135439120 total
- age   2:      53280 bytes,  135492400 total
- age   3:   33030848 bytes,  168523248 total
, 0.4946880 secs]
   [Parallel Time: 480.5 ms, GC Workers: 2]
      [GC Worker Start (ms): Min: 31477498.1, Avg: 31477498.8, Max: 31477499.5, Diff: 1.3]
      [Ext Root Scanning (ms): Min: 71.5, Avg: 82.2, Max: 92.9, Diff: 21.5, Sum: 164.4]
      [Update RS (ms): Min: 18.6, Avg: 31.8, Max: 44.9, Diff: 26.4, Sum: 63.5]
         [Processed Buffers: Min: 105, Avg: 146.0, Max: 187, Diff: 82, Sum: 292]
      [Scan RS (ms): Min: 94.4, Avg: 94.6, Max: 94.8, Diff: 0.4, Sum: 189.2]
      [Object Copy (ms): Min: 267.8, Avg: 271.1, Max: 274.4, Diff: 6.6, Sum: 542.2]
      [Termination (ms): Min: 0.0, Avg: 0.0, Max: 0.0, Diff: 0.0, Sum: 0.0]
      [GC Worker Other (ms): Min: 0.1, Avg: 0.1, Max: 0.1, Diff: 0.1, Sum: 0.2]
      [GC Worker Total (ms): Min: 479.1, Avg: 479.8, Max: 480.4, Diff: 1.3, Sum: 959.5]
      [GC Worker End (ms): Min: 31477978.5, Avg: 31477978.5, Max: 31477978.6, Diff: 0.0]
   [Code Root Fixup: 0.0 ms]
   [Clear CT: 0.8 ms]
   [Other: 13.3 ms]
      [Choose CSet: 0.6 ms]
      [Ref Proc: 5.1 ms]
      [Ref Enq: 0.1 ms]
      [Free CSet: 4.5 ms]
   [Eden: 896.0M(896.0M)->0.0B(993.0M) Survivors: 128.0M->31.0M Heap: 2149.4M(3072.0M)->1162.4M(3072.0M)]
 [Times: user=0.97 sys=0.01, real=0.49 secs] 
31484.062: [GC pause (mixed)
Desired survivor size 67108864 bytes, new threshold 16 (max 32)
- age   1:   30048816 bytes,   30048816 total
, 0.4097560 secs]
   [Parallel Time: 394.5 ms, GC Workers: 2]
      [GC Worker Start (ms): Min: 31484064.8, Avg: 31484064.8, Max: 31484064.8, Diff: 0.0]
      [Ext Root Scanning (ms): Min: 71.4, Avg: 78.9, Max: 86.3, Diff: 14.9, Sum: 157.7]
      [Update RS (ms): Min: 27.0, Avg: 37.5, Max: 48.0, Diff: 21.0, Sum: 75.0]
         [Processed Buffers: Min: 138, Avg: 142.0, Max: 146, Diff: 8, Sum: 284]
      [Scan RS (ms): Min: 73.2, Avg: 73.3, Max: 73.3, Diff: 0.0, Sum: 146.5]
      [Object Copy (ms): Min: 201.6, Avg: 204.6, Max: 207.7, Diff: 6.1, Sum: 409.3]
      [Termination (ms): Min: 0.0, Avg: 0.0, Max: 0.0, Diff: 0.0, Sum: 0.0]
      [GC Worker Other (ms): Min: 0.1, Avg: 0.1, Max: 0.2, Diff: 0.0, Sum: 0.3]
      [GC Worker Total (ms): Min: 394.4, Avg: 394.4, Max: 394.4, Diff: 0.0, Sum: 788.8]
      [GC Worker End (ms): Min: 31484459.2, Avg: 31484459.2, Max: 31484459.2, Diff: 0.0]
   [Code Root Fixup: 0.0 ms]
   [Clear CT: 1.1 ms]
   [Other: 14.2 ms]
      [Choose CSet: 1.4 ms]
      [Ref Proc: 5.3 ms]
      [Ref Enq: 0.1 ms]
      [Free CSet: 5.1 ms]
   [Eden: 993.0M(993.0M)->0.0B(942.0M) Survivors: 31.0M->82.0M Heap: 2180.6M(3072.0M)->1167.6M(3072.0M)]
 [Times: user=0.80 sys=0.00, real=0.41 secs] 
31489.729: [GC pause (mixed)
Desired survivor size 67108864 bytes, new threshold 2 (max 32)
- age   1:   61781960 bytes,   61781960 total
- age   2:   21498432 bytes,   83280392 total
, 0.3843290 secs]
   [Parallel Time: 371.9 ms, GC Workers: 2]
      [GC Worker Start (ms): Min: 31489731.2, Avg: 31489731.3, Max: 31489731.3, Diff: 0.0]
      [Ext Root Scanning (ms): Min: 71.3, Avg: 80.7, Max: 90.1, Diff: 18.8, Sum: 161.3]
      [Update RS (ms): Min: 25.1, Avg: 37.5, Max: 49.9, Diff: 24.8, Sum: 74.9]
         [Processed Buffers: Min: 87, Avg: 137.0, Max: 187, Diff: 100, Sum: 274]
      [Scan RS (ms): Min: 68.0, Avg: 68.0, Max: 68.1, Diff: 0.1, Sum: 136.0]
      [Object Copy (ms): Min: 182.5, Avg: 185.5, Max: 188.4, Diff: 5.9, Sum: 371.0]
      [Termination (ms): Min: 0.0, Avg: 0.0, Max: 0.0, Diff: 0.0, Sum: 0.0]
      [GC Worker Other (ms): Min: 0.1, Avg: 0.1, Max: 0.1, Diff: 0.0, Sum: 0.2]
      [GC Worker Total (ms): Min: 371.8, Avg: 371.8, Max: 371.8, Diff: 0.0, Sum: 743.5]
      [GC Worker End (ms): Min: 31490103.0, Avg: 31490103.0, Max: 31490103.0, Diff: 0.0]
   [Code Root Fixup: 0.0 ms]
   [Clear CT: 1.0 ms]
   [Other: 11.4 ms]
      [Choose CSet: 0.7 ms]
      [Ref Proc: 4.7 ms]
      [Ref Enq: 0.1 ms]
      [Free CSet: 3.9 ms]
   [Eden: 942.0M(942.0M)->0.0B(966.0M) Survivors: 82.0M->58.0M Heap: 2144.8M(3072.0M)->1177.3M(3072.0M)]
 [Times: user=0.75 sys=0.00, real=0.38 secs] 
31495.827: [GC pause (young)
Desired survivor size 67108864 bytes, new threshold 16 (max 32)
- age   1:   31221728 bytes,   31221728 total
- age   2:   26300632 bytes,   57522360 total
, 0.3229570 secs]
   [Parallel Time: 309.6 ms, GC Workers: 2]
      [GC Worker Start (ms): Min: 31495829.1, Avg: 31495829.1, Max: 31495829.1, Diff: 0.0]
      [Ext Root Scanning (ms): Min: 73.8, Avg: 81.8, Max: 89.8, Diff: 16.0, Sum: 163.6]
      [Update RS (ms): Min: 8.2, Avg: 18.6, Max: 29.1, Diff: 20.9, Sum: 37.3]
         [Processed Buffers: Min: 92, Avg: 147.5, Max: 203, Diff: 111, Sum: 295]
      [Scan RS (ms): Min: 50.8, Avg: 50.9, Max: 51.0, Diff: 0.2, Sum: 101.8]
      [Object Copy (ms): Min: 155.5, Avg: 158.1, Max: 160.7, Diff: 5.1, Sum: 316.2]
      [Termination (ms): Min: 0.0, Avg: 0.0, Max: 0.0, Diff: 0.0, Sum: 0.0]
      [GC Worker Other (ms): Min: 0.1, Avg: 0.1, Max: 0.1, Diff: 0.0, Sum: 0.2]
      [GC Worker Total (ms): Min: 309.5, Avg: 309.5, Max: 309.5, Diff: 0.0, Sum: 619.1]
      [GC Worker End (ms): Min: 31496138.6, Avg: 31496138.6, Max: 31496138.6, Diff: 0.0]
   [Code Root Fixup: 0.0 ms]
   [Clear CT: 0.9 ms]
   [Other: 12.5 ms]
      [Choose CSet: 0.0 ms]
      [Ref Proc: 5.7 ms]
      [Ref Enq: 0.1 ms]
      [Free CSet: 4.4 ms]
   [Eden: 966.0M(966.0M)->0.0B(949.0M) Survivors: 58.0M->75.0M Heap: 2168.5M(3072.0M)->1219.5M(3072.0M)]
 [Times: user=0.64 sys=0.00, real=0.32 secs] 
31503.874: [GC pause (young)
Desired survivor size 67108864 bytes, new threshold 3 (max 32)
- age   1:   28328864 bytes,   28328864 total
- age   2:   23090336 bytes,   51419200 total
- age   3:   23312216 bytes,   74731416 total
, 0.3745860 secs]
   [Parallel Time: 361.6 ms, GC Workers: 2]
      [GC Worker Start (ms): Min: 31503875.4, Avg: 31503875.4, Max: 31503875.5, Diff: 0.0]
      [Ext Root Scanning (ms): Min: 71.6, Avg: 80.8, Max: 90.0, Diff: 18.5, Sum: 161.6]
      [Update RS (ms): Min: 33.0, Avg: 45.0, Max: 57.0, Diff: 24.0, Sum: 90.1]
         [Processed Buffers: Min: 136, Avg: 150.0, Max: 164, Diff: 28, Sum: 300]
      [Scan RS (ms): Min: 43.7, Avg: 43.8, Max: 43.8, Diff: 0.1, Sum: 87.5]
      [Object Copy (ms): Min: 189.0, Avg: 191.9, Max: 194.7, Diff: 5.7, Sum: 383.7]
      [Termination (ms): Min: 0.0, Avg: 0.0, Max: 0.0, Diff: 0.0, Sum: 0.0]
      [GC Worker Other (ms): Min: 0.1, Avg: 0.1, Max: 0.1, Diff: 0.0, Sum: 0.2]
      [GC Worker Total (ms): Min: 361.5, Avg: 361.6, Max: 361.6, Diff: 0.1, Sum: 723.1]
      [GC Worker End (ms): Min: 31504237.0, Avg: 31504237.0, Max: 31504237.0, Diff: 0.0]
   [Code Root Fixup: 0.0 ms]
   [Clear CT: 0.8 ms]
   [Other: 12.1 ms]
      [Choose CSet: 0.0 ms]
      [Ref Proc: 6.3 ms]
      [Ref Enq: 0.1 ms]
      [Free CSet: 3.9 ms]
   [Eden: 949.0M(949.0M)->0.0B(953.0M) Survivors: 75.0M->71.0M Heap: 2210.8M(3072.0M)->1280.3M(3072.0M)]
 [Times: user=0.73 sys=0.00, real=0.38 secs] 
31509.708: [GC pause (young)
Desired survivor size 67108864 bytes, new threshold 3 (max 32)
- age   1:   32257472 bytes,   32257472 total
- age   2:   19322840 bytes,   51580312 total
- age   3:   18995936 bytes,   70576248 total
, 0.3956920 secs]
   [Parallel Time: 387.0 ms, GC Workers: 2]
      [GC Worker Start (ms): Min: 31509709.1, Avg: 31509709.1, Max: 31509709.2, Diff: 0.0]
      [Ext Root Scanning (ms): Min: 69.7, Avg: 76.4, Max: 83.2, Diff: 13.6, Sum: 152.9]
      [Update RS (ms): Min: 40.7, Avg: 50.0, Max: 59.3, Diff: 18.6, Sum: 100.0]
         [Processed Buffers: Min: 139, Avg: 168.0, Max: 197, Diff: 58, Sum: 336]
      [Scan RS (ms): Min: 32.5, Avg: 32.5, Max: 32.6, Diff: 0.1, Sum: 65.1]
      [Object Copy (ms): Min: 225.4, Avg: 227.9, Max: 230.4, Diff: 5.0, Sum: 455.8]
      [Termination (ms): Min: 0.0, Avg: 0.0, Max: 0.0, Diff: 0.0, Sum: 0.0]
      [GC Worker Other (ms): Min: 0.1, Avg: 0.1, Max: 0.1, Diff: 0.0, Sum: 0.2]
      [GC Worker Total (ms): Min: 387.0, Avg: 387.0, Max: 387.0, Diff: 0.0, Sum: 773.9]
      [GC Worker End (ms): Min: 31510096.1, Avg: 31510096.1, Max: 31510096.1, Diff: 0.0]
   [Code Root Fixup: 0.0 ms]
   [Clear CT: 0.8 ms]
   [Other: 7.9 ms]
      [Choose CSet: 0.0 ms]
      [Ref Proc: 3.7 ms]
      [Ref Enq: 0.1 ms]
      [Free CSet: 2.4 ms]
   [Eden: 953.0M(953.0M)->0.0B(928.0M) Survivors: 71.0M->96.0M Heap: 2236.3M(3072.0M)->1325.3M(3072.0M)]
 [Times: user=0.79 sys=0.00, real=0.40 secs] 
31514.694: [GC pause (young)
Desired survivor size 67108864 bytes, new threshold 2 (max 32)
- age   1:   62664056 bytes,   62664056 total
- age   2:   19144304 bytes,   81808360 total
- age   3:   14484000 bytes,   96292360 total
, 0.6572920 secs]
   [Parallel Time: 648.4 ms, GC Workers: 2]
      [GC Worker Start (ms): Min: 31514694.9, Avg: 31514694.9, Max: 31514694.9, Diff: 0.0]
      [Ext Root Scanning (ms): Min: 74.4, Avg: 80.9, Max: 87.3, Diff: 12.8, Sum: 161.7]
      [Update RS (ms): Min: 37.0, Avg: 46.2, Max: 55.4, Diff: 18.4, Sum: 92.4]
         [Processed Buffers: Min: 49, Avg: 148.5, Max: 248, Diff: 199, Sum: 297]
      [Scan RS (ms): Min: 42.5, Avg: 42.6, Max: 42.7, Diff: 0.2, Sum: 85.1]
      [Object Copy (ms): Min: 475.8, Avg: 478.5, Max: 481.1, Diff: 5.4, Sum: 956.9]
      [Termination (ms): Min: 0.0, Avg: 0.0, Max: 0.0, Diff: 0.0, Sum: 0.0]
      [GC Worker Other (ms): Min: 0.1, Avg: 0.1, Max: 0.1, Diff: 0.0, Sum: 0.2]
      [GC Worker Total (ms): Min: 648.2, Avg: 648.2, Max: 648.2, Diff: 0.1, Sum: 1296.4]
      [GC Worker End (ms): Min: 31515343.1, Avg: 31515343.1, Max: 31515343.1, Diff: 0.0]
   [Code Root Fixup: 0.0 ms]
   [Clear CT: 0.6 ms]
   [Other: 8.3 ms]
      [Choose CSet: 0.0 ms]
      [Ref Proc: 2.9 ms]
      [Ref Enq: 0.0 ms]
      [Free CSet: 3.0 ms]
   [Eden: 928.0M(928.0M)->0.0B(896.0M) Survivors: 96.0M->128.0M Heap: 2277.5M(3072.0M)->1450.0M(3072.0M)]
 [Times: user=1.30 sys=0.01, real=0.66 secs] 
31515.417: [GC pause (young) (initial-mark)
Desired survivor size 67108864 bytes, new threshold 1 (max 32)
- age   1:  121854216 bytes,  121854216 total
- age   2:   48765464 bytes,  170619680 total
, 0.6147100 secs]
   [Parallel Time: 610.0 ms, GC Workers: 2]
      [GC Worker Start (ms): Min: 31515417.9, Avg: 31515417.9, Max: 31515417.9, Diff: 0.0]
      [Ext Root Scanning (ms): Min: 76.7, Avg: 82.6, Max: 88.5, Diff: 11.8, Sum: 165.2]
      [Update RS (ms): Min: 172.0, Avg: 186.2, Max: 200.4, Diff: 28.4, Sum: 372.3]
         [Processed Buffers: Min: 282, Avg: 314.0, Max: 346, Diff: 64, Sum: 628]
      [Scan RS (ms): Min: 4.6, Avg: 4.7, Max: 4.7, Diff: 0.2, Sum: 9.3]
      [Object Copy (ms): Min: 328.0, Avg: 336.4, Max: 344.8, Diff: 16.8, Sum: 672.7]
      [Termination (ms): Min: 0.0, Avg: 0.0, Max: 0.0, Diff: 0.0, Sum: 0.0]
      [GC Worker Other (ms): Min: 0.1, Avg: 0.1, Max: 0.2, Diff: 0.1, Sum: 0.2]
      [GC Worker Total (ms): Min: 609.9, Avg: 609.9, Max: 609.9, Diff: 0.0, Sum: 1219.8]
      [GC Worker End (ms): Min: 31516027.8, Avg: 31516027.8, Max: 31516027.8, Diff: 0.0]
   [Code Root Fixup: 0.0 ms]
   [Clear CT: 0.3 ms]
   [Other: 4.5 ms]
      [Choose CSet: 0.0 ms]
      [Ref Proc: 0.4 ms]
      [Ref Enq: 0.0 ms]
      [Free CSet: 0.5 ms]
   [Eden: 13.0M(896.0M)->0.0B(1021.0M) Survivors: 128.0M->3072.0K Heap: 1462.6M(3072.0M)->1454.5M(3072.0M)]
 [Times: user=1.22 sys=0.00, real=0.62 secs] 
31516.032: [GC concurrent-root-region-scan-start]
31516.040: [GC concurrent-root-region-scan-end, 0.0076210 secs]
31516.040: [GC concurrent-mark-start]
31518.719: [GC concurrent-mark-end, 2.6789210 secs]
31518.722: [GC remark 31518.729: [GC ref-proc, 0.1240940 secs], 0.2048370 secs]
 [Times: user=0.21 sys=0.00, real=0.20 secs] 
31518.929: [GC cleanup 1888M->1591M(3072M), 0.0293410 secs]
 [Times: user=0.05 sys=0.00, real=0.03 secs] 
31518.959: [GC concurrent-cleanup-start]
31518.960: [GC concurrent-cleanup-end, 0.0007730 secs]
31523.186: [GC pause (young)
Desired survivor size 67108864 bytes, new threshold 16 (max 32)
- age   1:    2086968 bytes,    2086968 total
, 0.3352570 secs]
   [Parallel Time: 319.5 ms, GC Workers: 2]
      [GC Worker Start (ms): Min: 31523188.5, Avg: 31523188.5, Max: 31523188.5, Diff: 0.0]
      [Ext Root Scanning (ms): Min: 73.7, Avg: 82.0, Max: 90.3, Diff: 16.6, Sum: 164.0]
      [Update RS (ms): Min: 12.2, Avg: 23.5, Max: 34.8, Diff: 22.6, Sum: 47.0]
         [Processed Buffers: Min: 140, Avg: 150.0, Max: 160, Diff: 20, Sum: 300]
      [Scan RS (ms): Min: 70.6, Avg: 70.8, Max: 71.0, Diff: 0.4, Sum: 141.6]
      [Object Copy (ms): Min: 139.8, Avg: 143.0, Max: 146.2, Diff: 6.4, Sum: 286.0]
      [Termination (ms): Min: 0.0, Avg: 0.0, Max: 0.0, Diff: 0.0, Sum: 0.0]
      [GC Worker Other (ms): Min: 0.1, Avg: 0.1, Max: 0.1, Diff: 0.0, Sum: 0.2]
      [GC Worker Total (ms): Min: 319.4, Avg: 319.4, Max: 319.4, Diff: 0.0, Sum: 638.8]
      [GC Worker End (ms): Min: 31523507.9, Avg: 31523507.9, Max: 31523507.9, Diff: 0.0]
   [Code Root Fixup: 0.0 ms]
   [Clear CT: 0.7 ms]
   [Other: 15.1 ms]
      [Choose CSet: 0.0 ms]
      [Ref Proc: 6.2 ms]
      [Ref Enq: 0.1 ms]
      [Free CSet: 6.2 ms]
   [Eden: 1021.0M(1021.0M)->0.0B(976.0M) Survivors: 3072.0K->48.0M Heap: 2244.1M(3072.0M)->1267.6M(3072.0M)]
 [Times: user=0.65 sys=0.00, real=0.34 secs] 
31530.572: [GC pause (mixed)
Desired survivor size 67108864 bytes, new threshold 16 (max 32)
- age   1:   46642600 bytes,   46642600 total
- age   2:     438472 bytes,   47081072 total
, 0.4885270 secs]
   [Parallel Time: 475.8 ms, GC Workers: 2]
      [GC Worker Start (ms): Min: 31530573.9, Avg: 31530573.9, Max: 31530573.9, Diff: 0.0]
      [Ext Root Scanning (ms): Min: 72.2, Avg: 83.8, Max: 95.4, Diff: 23.3, Sum: 167.6]
      [Update RS (ms): Min: 36.0, Avg: 50.6, Max: 65.3, Diff: 29.3, Sum: 101.2]
         [Processed Buffers: Min: 127, Avg: 153.5, Max: 180, Diff: 53, Sum: 307]
      [Scan RS (ms): Min: 72.6, Avg: 72.8, Max: 72.9, Diff: 0.3, Sum: 145.5]
      [Object Copy (ms): Min: 265.2, Avg: 268.4, Max: 271.6, Diff: 6.5, Sum: 536.8]
      [Termination (ms): Min: 0.0, Avg: 0.0, Max: 0.0, Diff: 0.0, Sum: 0.0]
      [GC Worker Other (ms): Min: 0.1, Avg: 0.1, Max: 0.1, Diff: 0.0, Sum: 0.2]
      [GC Worker Total (ms): Min: 475.7, Avg: 475.7, Max: 475.7, Diff: 0.0, Sum: 951.4]
      [GC Worker End (ms): Min: 31531049.6, Avg: 31531049.6, Max: 31531049.6, Diff: 0.0]
   [Code Root Fixup: 0.0 ms]
   [Clear CT: 1.2 ms]
   [Other: 11.6 ms]
      [Choose CSet: 0.5 ms]
      [Ref Proc: 3.5 ms]
      [Ref Enq: 0.1 ms]
      [Free CSet: 5.4 ms]
   [Eden: 976.0M(976.0M)->0.0B(913.0M) Survivors: 48.0M->111.0M Heap: 2302.0M(3072.0M)->1305.5M(3072.0M)]
 [Times: user=0.97 sys=0.00, real=0.49 secs] 
31535.957: [GC pause (mixed)
Desired survivor size 67108864 bytes, new threshold 1 (max 32)
- age   1:   74573936 bytes,   74573936 total
- age   2:   38023080 bytes,  112597016 total
- age   3:     387016 bytes,  112984032 total
, 0.6511940 secs]
   [Parallel Time: 636.9 ms, GC Workers: 2]
      [GC Worker Start (ms): Min: 31535959.7, Avg: 31535959.7, Max: 31535959.7, Diff: 0.0]
      [Ext Root Scanning (ms): Min: 68.1, Avg: 77.4, Max: 86.6, Diff: 18.5, Sum: 154.8]
      [Update RS (ms): Min: 47.9, Avg: 60.1, Max: 72.3, Diff: 24.4, Sum: 120.1]
         [Processed Buffers: Min: 143, Avg: 144.0, Max: 145, Diff: 2, Sum: 288]
      [Scan RS (ms): Min: 106.5, Avg: 106.5, Max: 106.5, Diff: 0.0, Sum: 213.1]
      [Object Copy (ms): Min: 389.6, Avg: 392.6, Max: 395.5, Diff: 5.9, Sum: 785.2]
      [Termination (ms): Min: 0.0, Avg: 0.1, Max: 0.1, Diff: 0.1, Sum: 0.1]
      [GC Worker Other (ms): Min: 0.1, Avg: 0.1, Max: 0.1, Diff: 0.0, Sum: 0.2]
      [GC Worker Total (ms): Min: 636.7, Avg: 636.7, Max: 636.7, Diff: 0.0, Sum: 1273.4]
      [GC Worker End (ms): Min: 31536596.4, Avg: 31536596.4, Max: 31536596.4, Diff: 0.0]
   [Code Root Fixup: 0.0 ms]
   [Clear CT: 1.1 ms]
   [Other: 13.2 ms]
      [Choose CSet: 1.1 ms]
      [Ref Proc: 2.3 ms]
      [Ref Enq: 0.0 ms]
      [Free CSet: 6.4 ms]
   [Eden: 913.0M(913.0M)->0.0B(953.0M) Survivors: 111.0M->71.0M Heap: 2240.0M(3072.0M)->1291.0M(3072.0M)]
 [Times: user=1.28 sys=0.01, real=0.65 secs] 
31541.202: [GC pause (mixed)
Desired survivor size 67108864 bytes, new threshold 1 (max 32)
- age   1:   70977184 bytes,   70977184 total
, 0.5526390 secs]
   [Parallel Time: 536.9 ms, GC Workers: 2]
      [GC Worker Start (ms): Min: 31541205.8, Avg: 31541205.8, Max: 31541205.8, Diff: 0.0]
      [Ext Root Scanning (ms): Min: 68.5, Avg: 77.4, Max: 86.3, Diff: 17.8, Sum: 154.8]
      [Update RS (ms): Min: 43.8, Avg: 55.7, Max: 67.5, Diff: 23.7, Sum: 111.3]
         [Processed Buffers: Min: 123, Avg: 141.0, Max: 159, Diff: 36, Sum: 282]
      [Scan RS (ms): Min: 128.2, Avg: 128.3, Max: 128.3, Diff: 0.1, Sum: 256.5]
      [Object Copy (ms): Min: 272.0, Avg: 275.0, Max: 278.1, Diff: 6.0, Sum: 550.1]
      [Termination (ms): Min: 0.0, Avg: 0.0, Max: 0.0, Diff: 0.0, Sum: 0.0]
      [GC Worker Other (ms): Min: 0.2, Avg: 0.2, Max: 0.2, Diff: 0.1, Sum: 0.4]
      [GC Worker Total (ms): Min: 536.5, Avg: 536.6, Max: 536.6, Diff: 0.1, Sum: 1073.1]
      [GC Worker End (ms): Min: 31541742.3, Avg: 31541742.4, Max: 31541742.4, Diff: 0.1]
   [Code Root Fixup: 0.0 ms]
   [Clear CT: 1.0 ms]
   [Other: 14.8 ms]
      [Choose CSet: 1.5 ms]
      [Ref Proc: 2.6 ms]
      [Ref Enq: 0.0 ms]
      [Free CSet: 6.9 ms]
   [Eden: 953.0M(953.0M)->0.0B(976.0M) Survivors: 71.0M->48.0M Heap: 2251.5M(3072.0M)->1240.0M(3072.0M)]
 [Times: user=1.08 sys=0.01, real=0.56 secs] 
31548.398: [GC pause (mixed)
Desired survivor size 67108864 bytes, new threshold 16 (max 32)
- age   1:   49365984 bytes,   49365984 total
, 0.3696900 secs]
   [Parallel Time: 357.6 ms, GC Workers: 2]
      [GC Worker Start (ms): Min: 31548400.1, Avg: 31548400.1, Max: 31548400.1, Diff: 0.0]
      [Ext Root Scanning (ms): Min: 69.8, Avg: 78.7, Max: 87.6, Diff: 17.8, Sum: 157.4]
      [Update RS (ms): Min: 30.6, Avg: 42.2, Max: 53.8, Diff: 23.2, Sum: 84.5]
         [Processed Buffers: Min: 134, Avg: 140.0, Max: 146, Diff: 12, Sum: 280]
      [Scan RS (ms): Min: 61.9, Avg: 62.0, Max: 62.0, Diff: 0.0, Sum: 123.9]
      [Object Copy (ms): Min: 171.8, Avg: 174.5, Max: 177.2, Diff: 5.5, Sum: 349.0]
      [Termination (ms): Min: 0.0, Avg: 0.0, Max: 0.0, Diff: 0.0, Sum: 0.0]
      [GC Worker Other (ms): Min: 0.1, Avg: 0.1, Max: 0.1, Diff: 0.0, Sum: 0.2]
      [GC Worker Total (ms): Min: 357.5, Avg: 357.5, Max: 357.5, Diff: 0.0, Sum: 715.1]
      [GC Worker End (ms): Min: 31548757.6, Avg: 31548757.6, Max: 31548757.6, Diff: 0.0]
   [Code Root Fixup: 0.0 ms]
   [Clear CT: 0.7 ms]
   [Other: 11.4 ms]
      [Choose CSet: 0.1 ms]
      [Ref Proc: 3.9 ms]
      [Ref Enq: 0.1 ms]
      [Free CSet: 4.8 ms]
   [Eden: 976.0M(976.0M)->0.0B(952.0M) Survivors: 48.0M->72.0M Heap: 2221.0M(3072.0M)->1267.0M(3072.0M)]
 [Times: user=0.73 sys=0.00, real=0.37 secs] 
31555.917: [GC pause (young)
Desired survivor size 67108864 bytes, new threshold 2 (max 32)
- age   1:   31797664 bytes,   31797664 total
- age   2:   42046664 bytes,   73844328 total
, 0.4687640 secs]
   [Parallel Time: 453.4 ms, GC Workers: 2]
      [GC Worker Start (ms): Min: 31555918.9, Avg: 31555918.9, Max: 31555918.9, Diff: 0.0]
      [Ext Root Scanning (ms): Min: 74.1, Avg: 81.7, Max: 89.4, Diff: 15.3, Sum: 163.5]
      [Update RS (ms): Min: 12.3, Avg: 23.0, Max: 33.6, Diff: 21.2, Sum: 45.9]
         [Processed Buffers: Min: 154, Avg: 162.5, Max: 171, Diff: 17, Sum: 325]
      [Scan RS (ms): Min: 85.4, Avg: 85.6, Max: 85.7, Diff: 0.3, Sum: 171.1]
      [Object Copy (ms): Min: 260.1, Avg: 262.9, Max: 265.7, Diff: 5.6, Sum: 525.7]
      [Termination (ms): Min: 0.0, Avg: 0.0, Max: 0.0, Diff: 0.0, Sum: 0.0]
      [GC Worker Other (ms): Min: 0.1, Avg: 0.1, Max: 0.1, Diff: 0.0, Sum: 0.2]
      [GC Worker Total (ms): Min: 453.2, Avg: 453.3, Max: 453.3, Diff: 0.0, Sum: 906.5]
      [GC Worker End (ms): Min: 31556372.2, Avg: 31556372.2, Max: 31556372.2, Diff: 0.0]
   [Code Root Fixup: 0.0 ms]
   [Clear CT: 0.8 ms]
   [Other: 14.6 ms]
      [Choose CSet: 0.0 ms]
      [Ref Proc: 6.0 ms]
      [Ref Enq: 0.1 ms]
      [Free CSet: 5.7 ms]
   [Eden: 880.0M(952.0M)->0.0B(949.0M) Survivors: 72.0M->75.0M Heap: 2183.3M(3072.0M)->1346.7M(3072.0M)]
 [Times: user=0.92 sys=0.00, real=0.46 secs] 
31561.651: [GC pause (young)
Desired survivor size 67108864 bytes, new threshold 2 (max 32)
- age   1:   46236416 bytes,   46236416 total
- age   2:   29825456 bytes,   76061872 total
, 0.4846200 secs]
   [Parallel Time: 469.8 ms, GC Workers: 2]
      [GC Worker Start (ms): Min: 31561652.7, Avg: 31561652.7, Max: 31561652.7, Diff: 0.0]
      [Ext Root Scanning (ms): Min: 68.8, Avg: 78.5, Max: 88.1, Diff: 19.2, Sum: 156.9]
      [Update RS (ms): Min: 58.3, Avg: 70.8, Max: 83.2, Diff: 24.9, Sum: 141.5]
         [Processed Buffers: Min: 140, Avg: 149.0, Max: 158, Diff: 18, Sum: 298]
      [Scan RS (ms): Min: 72.4, Avg: 72.4, Max: 72.4, Diff: 0.0, Sum: 144.8]
      [Object Copy (ms): Min: 245.1, Avg: 247.9, Max: 250.8, Diff: 5.7, Sum: 495.8]
      [Termination (ms): Min: 0.0, Avg: 0.0, Max: 0.0, Diff: 0.0, Sum: 0.0]
      [GC Worker Other (ms): Min: 0.1, Avg: 0.1, Max: 0.1, Diff: 0.0, Sum: 0.2]
      [GC Worker Total (ms): Min: 469.6, Avg: 469.7, Max: 469.7, Diff: 0.0, Sum: 939.3]
      [GC Worker End (ms): Min: 31562122.4, Avg: 31562122.4, Max: 31562122.4, Diff: 0.0]
   [Code Root Fixup: 0.0 ms]
   [Clear CT: 1.0 ms]
   [Other: 13.8 ms]
      [Choose CSet: 0.0 ms]
      [Ref Proc: 3.9 ms]
      [Ref Enq: 0.1 ms]
      [Free CSet: 6.9 ms]
   [Eden: 949.0M(949.0M)->0.0B(949.0M) Survivors: 75.0M->75.0M Heap: 2307.9M(3072.0M)->1385.9M(3072.0M)]
 [Times: user=0.94 sys=0.00, real=0.48 secs] 
31562.484: [GC pause (young) (initial-mark)
Desired survivor size 67108864 bytes, new threshold 2 (max 32)
- age   1:   41599752 bytes,   41599752 total
- age   2:   34458696 bytes,   76058448 total
, 0.3503070 secs]
   [Parallel Time: 346.1 ms, GC Workers: 2]
      [GC Worker Start (ms): Min: 31562485.4, Avg: 31562485.4, Max: 31562485.4, Diff: 0.0]
      [Ext Root Scanning (ms): Min: 63.7, Avg: 82.1, Max: 100.4, Diff: 36.8, Sum: 164.1]
      [Update RS (ms): Min: 17.5, Avg: 33.0, Max: 48.5, Diff: 31.0, Sum: 66.0]
         [Processed Buffers: Min: 38, Avg: 110.0, Max: 182, Diff: 144, Sum: 220]
      [Scan RS (ms): Min: 35.8, Avg: 35.9, Max: 35.9, Diff: 0.1, Sum: 71.7]
      [Object Copy (ms): Min: 192.1, Avg: 195.0, Max: 197.9, Diff: 5.8, Sum: 389.9]
      [Termination (ms): Min: 0.0, Avg: 0.0, Max: 0.0, Diff: 0.0, Sum: 0.0]
      [GC Worker Other (ms): Min: 0.1, Avg: 0.1, Max: 0.1, Diff: 0.0, Sum: 0.2]
      [GC Worker Total (ms): Min: 346.0, Avg: 346.0, Max: 346.0, Diff: 0.0, Sum: 691.9]
      [GC Worker End (ms): Min: 31562831.4, Avg: 31562831.4, Max: 31562831.4, Diff: 0.0]
   [Code Root Fixup: 0.0 ms]
   [Clear CT: 0.4 ms]
   [Other: 3.8 ms]
      [Choose CSet: 0.0 ms]
      [Ref Proc: 0.7 ms]
      [Ref Enq: 0.0 ms]
      [Free CSet: 0.8 ms]
   [Eden: 57.0M(949.0M)->0.0B(981.0M) Survivors: 75.0M->43.0M Heap: 1442.3M(3072.0M)->1387.4M(3072.0M)]
 [Times: user=0.69 sys=0.00, real=0.35 secs] 
31562.835: [GC concurrent-root-region-scan-start]
31562.937: [GC concurrent-root-region-scan-end, 0.1019040 secs]
31562.937: [GC concurrent-mark-start]
31566.060: [GC concurrent-mark-end, 3.1230760 secs]
31566.063: [GC remark 31566.064: [GC ref-proc, 0.6001190 secs], 0.6801280 secs]
 [Times: user=0.68 sys=0.00, real=0.68 secs] 
31566.749: [GC cleanup 1962M->1741M(3072M), 0.0287980 secs]
 [Times: user=0.05 sys=0.00, real=0.03 secs] 
31566.778: [GC concurrent-cleanup-start]
31566.779: [GC concurrent-cleanup-end, 0.0005350 secs]
31568.681: [GC pause (young)
Desired survivor size 67108864 bytes, new threshold 16 (max 32)
- age   1:    4240840 bytes,    4240840 total
- age   2:   39328528 bytes,   43569368 total
, 0.4379620 secs]
   [Parallel Time: 426.1 ms, GC Workers: 2]
      [GC Worker Start (ms): Min: 31568683.1, Avg: 31568683.1, Max: 31568683.2, Diff: 0.0]
      [Ext Root Scanning (ms): Min: 73.9, Avg: 81.6, Max: 89.2, Diff: 15.2, Sum: 163.1]
      [Update RS (ms): Min: 46.0, Avg: 56.4, Max: 66.8, Diff: 20.8, Sum: 112.8]
         [Processed Buffers: Min: 126, Avg: 165.5, Max: 205, Diff: 79, Sum: 331]
      [Scan RS (ms): Min: 76.5, Avg: 76.8, Max: 77.0, Diff: 0.5, Sum: 153.5]
      [Object Copy (ms): Min: 208.6, Avg: 211.1, Max: 213.7, Diff: 5.1, Sum: 422.2]
      [Termination (ms): Min: 0.0, Avg: 0.0, Max: 0.0, Diff: 0.0, Sum: 0.0]
      [GC Worker Other (ms): Min: 0.1, Avg: 0.1, Max: 0.1, Diff: 0.0, Sum: 0.3]
      [GC Worker Total (ms): Min: 426.0, Avg: 426.0, Max: 426.0, Diff: 0.0, Sum: 851.9]
      [GC Worker End (ms): Min: 31569109.1, Avg: 31569109.1, Max: 31569109.1, Diff: 0.0]
   [Code Root Fixup: 0.0 ms]
   [Clear CT: 1.0 ms]
   [Other: 10.9 ms]
      [Choose CSet: 0.0 ms]
      [Ref Proc: 3.0 ms]
      [Ref Enq: 0.0 ms]
      [Free CSet: 5.1 ms]
   [Eden: 981.0M(981.0M)->0.0B(944.0M) Survivors: 43.0M->80.0M Heap: 2165.0M(3072.0M)->1221.0M(3072.0M)]
 [Times: user=0.86 sys=0.00, real=0.43 secs] 
31574.420: [GC pause (mixed)
Desired survivor size 67108864 bytes, new threshold 3 (max 32)
- age   1:   41657632 bytes,   41657632 total
- age   2:    2425248 bytes,   44082880 total
- age   3:   37485400 bytes,   81568280 total
, 0.5290030 secs]
   [Parallel Time: 514.0 ms, GC Workers: 2]
      [GC Worker Start (ms): Min: 31574422.3, Avg: 31574422.4, Max: 31574422.4, Diff: 0.0]
      [Ext Root Scanning (ms): Min: 69.4, Avg: 78.9, Max: 88.5, Diff: 19.1, Sum: 157.9]
      [Update RS (ms): Min: 50.1, Avg: 62.6, Max: 75.1, Diff: 25.0, Sum: 125.1]
         [Processed Buffers: Min: 139, Avg: 154.0, Max: 169, Diff: 30, Sum: 308]
      [Scan RS (ms): Min: 106.8, Avg: 106.9, Max: 107.0, Diff: 0.2, Sum: 213.7]
      [Object Copy (ms): Min: 262.4, Avg: 265.5, Max: 268.5, Diff: 6.1, Sum: 530.9]
      [Termination (ms): Min: 0.0, Avg: 0.0, Max: 0.0, Diff: 0.0, Sum: 0.0]
      [GC Worker Other (ms): Min: 0.1, Avg: 0.1, Max: 0.1, Diff: 0.0, Sum: 0.2]
      [GC Worker Total (ms): Min: 513.9, Avg: 513.9, Max: 513.9, Diff: 0.0, Sum: 1027.9]
      [GC Worker End (ms): Min: 31574936.3, Avg: 31574936.3, Max: 31574936.3, Diff: 0.0]
   [Code Root Fixup: 0.0 ms]
   [Clear CT: 0.9 ms]
   [Other: 14.0 ms]
      [Choose CSet: 0.7 ms]
      [Ref Proc: 4.0 ms]
      [Ref Enq: 0.1 ms]
      [Free CSet: 6.0 ms]
   [Eden: 944.0M(944.0M)->0.0B(951.0M) Survivors: 80.0M->73.0M Heap: 2224.6M(3072.0M)->1235.1M(3072.0M)]
 [Times: user=1.04 sys=0.00, real=0.53 secs] 
31579.866: [GC pause (mixed)
Desired survivor size 67108864 bytes, new threshold 2 (max 32)
- age   1:   38741736 bytes,   38741736 total
- age   2:   32308352 bytes,   71050088 total
- age   3:    2292264 bytes,   73342352 total
, 0.5868690 secs]
   [Parallel Time: 569.2 ms, GC Workers: 2]
      [GC Worker Start (ms): Min: 31579868.7, Avg: 31579868.7, Max: 31579868.8, Diff: 0.1]
      [Ext Root Scanning (ms): Min: 80.5, Avg: 89.0, Max: 97.4, Diff: 16.8, Sum: 177.9]
      [Update RS (ms): Min: 35.6, Avg: 46.8, Max: 58.0, Diff: 22.4, Sum: 93.5]
         [Processed Buffers: Min: 139, Avg: 149.0, Max: 159, Diff: 20, Sum: 298]
      [Scan RS (ms): Min: 111.4, Avg: 111.5, Max: 111.6, Diff: 0.2, Sum: 223.0]
      [Object Copy (ms): Min: 318.7, Avg: 321.7, Max: 324.6, Diff: 5.9, Sum: 643.3]
      [Termination (ms): Min: 0.0, Avg: 0.0, Max: 0.0, Diff: 0.0, Sum: 0.0]
      [GC Worker Other (ms): Min: 0.1, Avg: 0.1, Max: 0.1, Diff: 0.0, Sum: 0.3]
      [GC Worker Total (ms): Min: 569.0, Avg: 569.0, Max: 569.1, Diff: 0.1, Sum: 1138.1]
      [GC Worker End (ms): Min: 31580437.7, Avg: 31580437.7, Max: 31580437.8, Diff: 0.0]
   [Code Root Fixup: 0.0 ms]
   [Clear CT: 0.9 ms]
   [Other: 16.7 ms]
      [Choose CSet: 1.3 ms]
      [Ref Proc: 6.4 ms]
      [Ref Enq: 0.1 ms]
      [Free CSet: 6.2 ms]
   [Eden: 951.0M(951.0M)->0.0B(921.0M) Survivors: 73.0M->103.0M Heap: 2190.9M(3072.0M)->1233.8M(3072.0M)]
 [Times: user=1.15 sys=0.00, real=0.59 secs] 
31584.970: [GC pause (mixed)
Desired survivor size 67108864 bytes, new threshold 1 (max 32)
- age   1:   68219576 bytes,   68219576 total
- age   2:   36414416 bytes,  104633992 total
, 0.5146550 secs]
   [Parallel Time: 502.2 ms, GC Workers: 2]
      [GC Worker Start (ms): Min: 31584972.4, Avg: 31584972.4, Max: 31584972.4, Diff: 0.0]
      [Ext Root Scanning (ms): Min: 69.9, Avg: 77.6, Max: 85.4, Diff: 15.5, Sum: 155.3]
      [Update RS (ms): Min: 42.7, Avg: 53.4, Max: 64.1, Diff: 21.4, Sum: 106.8]
         [Processed Buffers: Min: 107, Avg: 148.0, Max: 189, Diff: 82, Sum: 296]
      [Scan RS (ms): Min: 95.0, Avg: 95.1, Max: 95.1, Diff: 0.1, Sum: 190.1]
      [Object Copy (ms): Min: 273.0, Avg: 275.8, Max: 278.7, Diff: 5.7, Sum: 551.7]
      [Termination (ms): Min: 0.0, Avg: 0.0, Max: 0.0, Diff: 0.0, Sum: 0.0]
      [GC Worker Other (ms): Min: 0.1, Avg: 0.2, Max: 0.2, Diff: 0.1, Sum: 0.3]
      [GC Worker Total (ms): Min: 502.0, Avg: 502.1, Max: 502.1, Diff: 0.0, Sum: 1004.1]
      [GC Worker End (ms): Min: 31585474.5, Avg: 31585474.5, Max: 31585474.5, Diff: 0.0]
   [Code Root Fixup: 0.0 ms]
   [Clear CT: 0.9 ms]
   [Other: 11.5 ms]
      [Choose CSet: 0.1 ms]
      [Ref Proc: 3.0 ms]
      [Ref Enq: 0.0 ms]
      [Free CSet: 5.1 ms]
   [Eden: 921.0M(921.0M)->0.0B(980.0M) Survivors: 103.0M->44.0M Heap: 2207.2M(3072.0M)->1295.8M(3072.0M)]
 [Times: user=1.01 sys=0.01, real=0.52 secs] 
31591.099: [GC pause (young)
Desired survivor size 67108864 bytes, new threshold 16 (max 32)
- age   1:   43956832 bytes,   43956832 total
, 0.3443030 secs]
   [Parallel Time: 328.7 ms, GC Workers: 2]
      [GC Worker Start (ms): Min: 31591100.5, Avg: 31591100.6, Max: 31591100.6, Diff: 0.0]
      [Ext Root Scanning (ms): Min: 71.0, Avg: 80.0, Max: 89.0, Diff: 17.9, Sum: 160.0]
      [Update RS (ms): Min: 21.8, Avg: 33.0, Max: 44.3, Diff: 22.5, Sum: 66.0]
         [Processed Buffers: Min: 120, Avg: 147.0, Max: 174, Diff: 54, Sum: 294]
      [Scan RS (ms): Min: 58.3, Avg: 58.4, Max: 58.4, Diff: 0.1, Sum: 116.8]
      [Object Copy (ms): Min: 154.9, Avg: 157.1, Max: 159.3, Diff: 4.4, Sum: 314.2]
      [Termination (ms): Min: 0.0, Avg: 0.0, Max: 0.0, Diff: 0.0, Sum: 0.0]
      [GC Worker Other (ms): Min: 0.1, Avg: 0.1, Max: 0.1, Diff: 0.0, Sum: 0.2]
      [GC Worker Total (ms): Min: 328.6, Avg: 328.6, Max: 328.6, Diff: 0.0, Sum: 657.1]
      [GC Worker End (ms): Min: 31591429.1, Avg: 31591429.1, Max: 31591429.1, Diff: 0.0]
   [Code Root Fixup: 0.0 ms]
   [Clear CT: 0.6 ms]
   [Other: 15.0 ms]
      [Choose CSet: 0.0 ms]
      [Ref Proc: 6.9 ms]
      [Ref Enq: 0.1 ms]
      [Free CSet: 5.5 ms]
   [Eden: 980.0M(980.0M)->0.0B(954.0M) Survivors: 44.0M->70.0M Heap: 2307.2M(3072.0M)->1353.2M(3072.0M)]
 [Times: user=0.67 sys=0.00, real=0.34 secs] 
31591.505: [GC pause (young) (initial-mark)
Desired survivor size 67108864 bytes, new threshold 2 (max 32)
- age   1:   42335720 bytes,   42335720 total
- age   2:   28486488 bytes,   70822208 total
, 0.3099100 secs]
   [Parallel Time: 306.8 ms, GC Workers: 2]
      [GC Worker Start (ms): Min: 31591506.1, Avg: 31591506.2, Max: 31591506.2, Diff: 0.0]
      [Ext Root Scanning (ms): Min: 74.3, Avg: 81.1, Max: 87.9, Diff: 13.6, Sum: 162.3]
      [Update RS (ms): Min: 31.8, Avg: 45.8, Max: 59.9, Diff: 28.1, Sum: 91.7]
         [Processed Buffers: Min: 69, Avg: 88.5, Max: 108, Diff: 39, Sum: 177]
      [Scan RS (ms): Min: 20.5, Avg: 20.5, Max: 20.6, Diff: 0.0, Sum: 41.1]
      [Object Copy (ms): Min: 151.8, Avg: 159.0, Max: 166.2, Diff: 14.5, Sum: 318.0]
      [Termination (ms): Min: 0.0, Avg: 0.0, Max: 0.0, Diff: 0.0, Sum: 0.0]
      [GC Worker Other (ms): Min: 0.1, Avg: 0.1, Max: 0.1, Diff: 0.0, Sum: 0.2]
      [GC Worker Total (ms): Min: 306.6, Avg: 306.6, Max: 306.6, Diff: 0.0, Sum: 613.2]
      [GC Worker End (ms): Min: 31591812.8, Avg: 31591812.8, Max: 31591812.8, Diff: 0.0]
   [Code Root Fixup: 0.0 ms]
   [Clear CT: 0.3 ms]
   [Other: 2.9 ms]
      [Choose CSet: 0.0 ms]
      [Ref Proc: 0.4 ms]
      [Ref Enq: 0.0 ms]
      [Free CSet: 0.5 ms]
   [Eden: 11.0M(954.0M)->0.0B(980.0M) Survivors: 70.0M->44.0M Heap: 1367.4M(3072.0M)->1358.2M(3072.0M)]
 [Times: user=0.61 sys=0.00, real=0.31 secs] 
31591.815: [GC concurrent-root-region-scan-start]
31592.061: [GC concurrent-root-region-scan-end, 0.2453340 secs]
31592.061: [GC concurrent-mark-start]
31595.282: [GC pause (young)
Desired survivor size 67108864 bytes, new threshold 16 (max 32)
- age   1:    1934072 bytes,    1934072 total
- age   2:   41275240 bytes,   43209312 total
, 0.2487790 secs]
   [Parallel Time: 241.8 ms, GC Workers: 2]
      [GC Worker Start (ms): Min: 31595282.4, Avg: 31595282.4, Max: 31595282.4, Diff: 0.0]
      [Ext Root Scanning (ms): Min: 71.1, Avg: 82.1, Max: 93.1, Diff: 22.0, Sum: 164.3]
      [SATB Filtering (ms): Min: 0.0, Avg: 0.5, Max: 1.0, Diff: 1.0, Sum: 1.0]
      [Update RS (ms): Min: 0.0, Avg: 13.4, Max: 26.7, Diff: 26.7, Sum: 26.7]
         [Processed Buffers: Min: 0, Avg: 156.0, Max: 312, Diff: 312, Sum: 312]
      [Scan RS (ms): Min: 37.7, Avg: 38.0, Max: 38.3, Diff: 0.6, Sum: 76.0]
      [Object Copy (ms): Min: 105.1, Avg: 107.6, Max: 110.2, Diff: 5.1, Sum: 215.2]
      [Termination (ms): Min: 0.0, Avg: 0.0, Max: 0.0, Diff: 0.0, Sum: 0.0]
      [GC Worker Other (ms): Min: 0.1, Avg: 0.1, Max: 0.1, Diff: 0.0, Sum: 0.2]
      [GC Worker Total (ms): Min: 241.7, Avg: 241.7, Max: 241.7, Diff: 0.0, Sum: 483.4]
      [GC Worker End (ms): Min: 31595524.1, Avg: 31595524.1, Max: 31595524.1, Diff: 0.0]
   [Code Root Fixup: 0.0 ms]
   [Clear CT: 0.7 ms]
   [Other: 6.3 ms]
      [Choose CSet: 0.0 ms]
      [Ref Proc: 3.4 ms]
      [Ref Enq: 0.1 ms]
      [Free CSet: 1.5 ms]
   [Eden: 424.0M(980.0M)->0.0B(965.0M) Survivors: 44.0M->59.0M Heap: 1888.6M(3072.0M)->1480.5M(3072.0M)]
 [Times: user=0.49 sys=0.00, real=0.25 secs] 
31596.305: [GC concurrent-mark-end, 4.2441850 secs]
31596.308: [GC remark 31596.309: [GC ref-proc, 0.0349940 secs], 0.1119510 secs]
 [Times: user=0.12 sys=0.00, real=0.11 secs] 
31596.422: [GC cleanup 1626M->1461M(3072M), 0.0316110 secs]
 [Times: user=0.05 sys=0.00, real=0.03 secs] 
31596.454: [GC concurrent-cleanup-start]
31596.454: [GC concurrent-cleanup-end, 0.0005160 secs]
31600.120: [GC pause (young)
Desired survivor size 67108864 bytes, new threshold 16 (max 32)
- age   1:   21224008 bytes,   21224008 total
- age   2:     121024 bytes,   21345032 total
- age   3:   36853640 bytes,   58198672 total
, 0.6192950 secs]
   [Parallel Time: 607.7 ms, GC Workers: 2]
      [GC Worker Start (ms): Min: 31600121.0, Avg: 31600121.1, Max: 31600121.1, Diff: 0.0]
      [Ext Root Scanning (ms): Min: 68.1, Avg: 78.4, Max: 88.6, Diff: 20.5, Sum: 156.7]
      [Update RS (ms): Min: 33.3, Avg: 46.9, Max: 60.5, Diff: 27.2, Sum: 93.8]
         [Processed Buffers: Min: 78, Avg: 159.5, Max: 241, Diff: 163, Sum: 319]
      [Scan RS (ms): Min: 21.5, Avg: 21.7, Max: 22.0, Diff: 0.4, Sum: 43.5]
      [Object Copy (ms): Min: 457.3, Avg: 460.4, Max: 463.5, Diff: 6.2, Sum: 920.9]
      [Termination (ms): Min: 0.0, Avg: 0.0, Max: 0.0, Diff: 0.0, Sum: 0.0]
      [GC Worker Other (ms): Min: 0.1, Avg: 0.1, Max: 0.1, Diff: 0.0, Sum: 0.2]
      [GC Worker Total (ms): Min: 607.5, Avg: 607.5, Max: 607.6, Diff: 0.1, Sum: 1215.1]
      [GC Worker End (ms): Min: 31600728.6, Avg: 31600728.6, Max: 31600728.6, Diff: 0.0]
   [Code Root Fixup: 0.0 ms]
   [Clear CT: 0.7 ms]
   [Other: 10.9 ms]
      [Choose CSet: 0.0 ms]
      [Ref Proc: 6.4 ms]
      [Ref Enq: 0.1 ms]
      [Free CSet: 2.7 ms]
   [Eden: 965.0M(965.0M)->0.0B(896.0M) Survivors: 59.0M->128.0M Heap: 2316.5M(3072.0M)->1478.0M(3072.0M)]
 [Times: user=1.23 sys=0.00, real=0.62 secs] 
31607.306: [GC pause (mixed)
Desired survivor size 67108864 bytes, new threshold 1 (max 32)
- age   1:  152762608 bytes,  152762608 total
- age   2:   15217384 bytes,  167979992 total
- age   3:     102912 bytes,  168082904 total
- age   4:   20650288 bytes,  188733192 total
, 0.6336000 secs]
   [Parallel Time: 617.5 ms, GC Workers: 2]
      [GC Worker Start (ms): Min: 31607308.0, Avg: 31607308.1, Max: 31607308.1, Diff: 0.0]
      [Ext Root Scanning (ms): Min: 74.8, Avg: 83.6, Max: 92.3, Diff: 17.5, Sum: 167.1]
      [Update RS (ms): Min: 22.7, Avg: 35.5, Max: 48.4, Diff: 25.7, Sum: 71.1]
         [Processed Buffers: Min: 143, Avg: 151.5, Max: 160, Diff: 17, Sum: 303]
      [Scan RS (ms): Min: 162.0, Avg: 162.1, Max: 162.3, Diff: 0.3, Sum: 324.3]
      [Object Copy (ms): Min: 332.0, Avg: 335.9, Max: 339.9, Diff: 7.9, Sum: 671.9]
      [Termination (ms): Min: 0.0, Avg: 0.0, Max: 0.1, Diff: 0.1, Sum: 0.1]
      [GC Worker Other (ms): Min: 0.1, Avg: 0.1, Max: 0.1, Diff: 0.0, Sum: 0.1]
      [GC Worker Total (ms): Min: 617.3, Avg: 617.3, Max: 617.3, Diff: 0.0, Sum: 1234.6]
      [GC Worker End (ms): Min: 31607925.3, Avg: 31607925.3, Max: 31607925.3, Diff: 0.0]
   [Code Root Fixup: 0.0 ms]
   [Clear CT: 1.0 ms]
   [Other: 15.1 ms]
      [Choose CSet: 1.2 ms]
      [Ref Proc: 6.2 ms]
      [Ref Enq: 0.1 ms]
      [Free CSet: 4.6 ms]
   [Eden: 896.0M(896.0M)->0.0B(974.0M) Survivors: 128.0M->50.0M Heap: 2393.7M(3072.0M)->1433.2M(3072.0M)]
 [Times: user=1.25 sys=0.00, real=0.64 secs] 
31613.671: [GC pause (mixed)
Desired survivor size 67108864 bytes, new threshold 16 (max 32)
- age   1:   47953936 bytes,   47953936 total
, 0.3701990 secs]
   [Parallel Time: 353.7 ms, GC Workers: 2]
      [GC Worker Start (ms): Min: 31613673.2, Avg: 31613673.2, Max: 31613673.2, Diff: 0.0]
      [Ext Root Scanning (ms): Min: 67.8, Avg: 75.9, Max: 84.0, Diff: 16.2, Sum: 151.8]
      [Update RS (ms): Min: 9.9, Avg: 21.3, Max: 32.6, Diff: 22.8, Sum: 42.5]
         [Processed Buffers: Min: 144, Avg: 160.0, Max: 176, Diff: 32, Sum: 320]
      [Scan RS (ms): Min: 94.0, Avg: 94.0, Max: 94.0, Diff: 0.0, Sum: 187.9]
      [Object Copy (ms): Min: 159.0, Avg: 162.3, Max: 165.7, Diff: 6.7, Sum: 324.6]
      [Termination (ms): Min: 0.0, Avg: 0.0, Max: 0.0, Diff: 0.0, Sum: 0.0]
      [GC Worker Other (ms): Min: 0.1, Avg: 0.2, Max: 0.2, Diff: 0.1, Sum: 0.3]
      [GC Worker Total (ms): Min: 353.6, Avg: 353.6, Max: 353.6, Diff: 0.0, Sum: 707.2]
      [GC Worker End (ms): Min: 31614026.8, Avg: 31614026.8, Max: 31614026.8, Diff: 0.0]
   [Code Root Fixup: 0.0 ms]
   [Clear CT: 1.3 ms]
   [Other: 15.2 ms]
      [Choose CSet: 1.5 ms]
      [Ref Proc: 7.8 ms]
      [Ref Enq: 0.2 ms]
      [Free CSet: 3.9 ms]
   [Eden: 974.0M(974.0M)->0.0B(959.0M) Survivors: 50.0M->65.0M Heap: 2453.1M(3072.0M)->1429.6M(3072.0M)]
 [Times: user=0.72 sys=0.00, real=0.37 secs] 
31620.186: [GC pause (mixed)
Desired survivor size 67108864 bytes, new threshold 16 (max 32)
- age   1:   28362376 bytes,   28362376 total
- age   2:   35532864 bytes,   63895240 total
, 0.3299640 secs]
   [Parallel Time: 313.0 ms, GC Workers: 2]
      [GC Worker Start (ms): Min: 31620187.1, Avg: 31620187.1, Max: 31620187.1, Diff: 0.0]
      [Ext Root Scanning (ms): Min: 72.6, Avg: 80.8, Max: 89.0, Diff: 16.3, Sum: 161.6]
      [Update RS (ms): Min: 24.8, Avg: 36.2, Max: 47.5, Diff: 22.7, Sum: 72.4]
         [Processed Buffers: Min: 161, Avg: 166.0, Max: 171, Diff: 10, Sum: 332]
      [Scan RS (ms): Min: 46.9, Avg: 47.0, Max: 47.2, Diff: 0.2, Sum: 94.1]
      [Object Copy (ms): Min: 145.0, Avg: 148.1, Max: 151.3, Diff: 6.3, Sum: 296.2]
      [Termination (ms): Min: 0.5, Avg: 0.6, Max: 0.7, Diff: 0.2, Sum: 1.2]
      [GC Worker Other (ms): Min: 0.1, Avg: 0.2, Max: 0.2, Diff: 0.0, Sum: 0.3]
      [GC Worker Total (ms): Min: 312.9, Avg: 312.9, Max: 312.9, Diff: 0.0, Sum: 625.8]
      [GC Worker End (ms): Min: 31620500.0, Avg: 31620500.0, Max: 31620500.0, Diff: 0.0]
   [Code Root Fixup: 0.0 ms]
   [Clear CT: 1.3 ms]
   [Other: 15.7 ms]
      [Choose CSet: 0.5 ms]
      [Ref Proc: 11.1 ms]
      [Ref Enq: 0.2 ms]
      [Free CSet: 2.6 ms]
   [Eden: 959.0M(959.0M)->0.0B(948.0M) Survivors: 65.0M->76.0M Heap: 2391.2M(3072.0M)->1429.2M(3072.0M)]
 [Times: user=0.64 sys=0.00, real=0.33 secs] 
31622.695: [GC pause (young) (initial-mark)
Desired survivor size 67108864 bytes, new threshold 3 (max 32)
- age   1:   23675416 bytes,   23675416 total
- age   2:   16736552 bytes,   40411968 total
- age   3:   33469624 bytes,   73881592 total
, 0.3315840 secs]
   [Parallel Time: 321.4 ms, GC Workers: 2]
      [GC Worker Start (ms): Min: 31622695.7, Avg: 31622695.7, Max: 31622695.7, Diff: 0.0]
      [Ext Root Scanning (ms): Min: 70.7, Avg: 79.0, Max: 87.3, Diff: 16.6, Sum: 157.9]
      [Update RS (ms): Min: 21.6, Avg: 39.0, Max: 56.4, Diff: 34.8, Sum: 78.0]
         [Processed Buffers: Min: 54, Avg: 157.5, Max: 261, Diff: 207, Sum: 315]
      [Scan RS (ms): Min: 11.4, Avg: 11.5, Max: 11.5, Diff: 0.1, Sum: 23.0]
      [Object Copy (ms): Min: 182.6, Avg: 191.8, Max: 200.9, Diff: 18.3, Sum: 383.6]
      [Termination (ms): Min: 0.0, Avg: 0.0, Max: 0.0, Diff: 0.0, Sum: 0.0]
      [GC Worker Other (ms): Min: 0.1, Avg: 0.1, Max: 0.1, Diff: 0.0, Sum: 0.2]
      [GC Worker Total (ms): Min: 321.3, Avg: 321.3, Max: 321.3, Diff: 0.0, Sum: 642.6]
      [GC Worker End (ms): Min: 31623017.0, Avg: 31623017.0, Max: 31623017.0, Diff: 0.0]
   [Code Root Fixup: 0.0 ms]
   [Clear CT: 0.4 ms]
   [Other: 9.7 ms]
      [Choose CSet: 0.0 ms]
      [Ref Proc: 6.4 ms]
      [Ref Enq: 0.1 ms]
      [Free CSet: 1.0 ms]
   [Eden: 325.0M(948.0M)->0.0B(963.0M) Survivors: 76.0M->61.0M Heap: 1753.7M(3072.0M)->1446.7M(3072.0M)]
 [Times: user=0.65 sys=0.01, real=0.33 secs] 
31623.027: [GC concurrent-root-region-scan-start]
31623.229: [GC concurrent-root-region-scan-end, 0.2020720 secs]
31623.229: [GC concurrent-mark-start]
31624.327: [GC concurrent-mark-end, 1.0977990 secs]
31624.329: [GC remark 31624.331: [GC ref-proc, 0.0415140 secs], 0.1121750 secs]
 [Times: user=0.12 sys=0.00, real=0.12 secs] 
31624.442: [GC cleanup 1588M->1235M(3072M), 0.0259830 secs]
 [Times: user=0.05 sys=0.00, real=0.02 secs] 
31624.469: [GC concurrent-cleanup-start]
31624.470: [GC concurrent-cleanup-end, 0.0007920 secs]
31628.836: [GC pause (young)
Desired survivor size 67108864 bytes, new threshold 16 (max 32)
- age   1:   26636160 bytes,   26636160 total
- age   2:   17135216 bytes,   43771376 total
- age   3:   14867416 bytes,   58638792 total
, 0.2313660 secs]
   [Parallel Time: 219.3 ms, GC Workers: 2]
      [GC Worker Start (ms): Min: 31628836.6, Avg: 31628836.6, Max: 31628836.6, Diff: 0.1]
      [Ext Root Scanning (ms): Min: 73.1, Avg: 79.6, Max: 86.1, Diff: 13.0, Sum: 159.3]
      [Update RS (ms): Min: 16.8, Avg: 25.6, Max: 34.4, Diff: 17.6, Sum: 51.1]
         [Processed Buffers: Min: 117, Avg: 182.5, Max: 248, Diff: 131, Sum: 365]
      [Scan RS (ms): Min: 13.3, Avg: 13.7, Max: 14.1, Diff: 0.8, Sum: 27.4]
      [Object Copy (ms): Min: 97.4, Avg: 100.1, Max: 102.8, Diff: 5.4, Sum: 200.2]
      [Termination (ms): Min: 0.0, Avg: 0.0, Max: 0.0, Diff: 0.0, Sum: 0.0]
      [GC Worker Other (ms): Min: 0.1, Avg: 0.2, Max: 0.2, Diff: 0.1, Sum: 0.3]
      [GC Worker Total (ms): Min: 219.1, Avg: 219.2, Max: 219.2, Diff: 0.1, Sum: 438.3]
      [GC Worker End (ms): Min: 31629055.7, Avg: 31629055.8, Max: 31629055.8, Diff: 0.0]
   [Code Root Fixup: 0.0 ms]
   [Clear CT: 0.7 ms]
   [Other: 11.3 ms]
      [Choose CSet: 0.0 ms]
      [Ref Proc: 7.6 ms]
      [Ref Enq: 0.1 ms]
      [Free CSet: 2.3 ms]
   [Eden: 963.0M(963.0M)->0.0B(964.0M) Survivors: 61.0M->60.0M Heap: 2067.1M(3072.0M)->1103.1M(3072.0M)]
 [Times: user=0.45 sys=0.00, real=0.23 secs] 
31635.041: [GC pause (mixed)
Desired survivor size 67108864 bytes, new threshold 16 (max 32)
- age   1:   29859752 bytes,   29859752 total
- age   2:    6697768 bytes,   36557520 total
- age   3:    9849264 bytes,   46406784 total
- age   4:   10141368 bytes,   56548152 total
, 0.3649340 secs]
   [Parallel Time: 346.3 ms, GC Workers: 2]
      [GC Worker Start (ms): Min: 31635043.9, Avg: 31635044.0, Max: 31635044.0, Diff: 0.0]
      [Ext Root Scanning (ms): Min: 63.3, Avg: 80.6, Max: 97.9, Diff: 34.6, Sum: 161.2]
      [Update RS (ms): Min: 18.4, Avg: 33.6, Max: 48.7, Diff: 30.3, Sum: 67.2]
         [Processed Buffers: Min: 171, Avg: 172.5, Max: 174, Diff: 3, Sum: 345]
      [Scan RS (ms): Min: 61.4, Avg: 61.4, Max: 61.4, Diff: 0.1, Sum: 122.8]
      [Object Copy (ms): Min: 168.3, Avg: 170.5, Max: 172.7, Diff: 4.4, Sum: 341.0]
      [Termination (ms): Min: 0.0, Avg: 0.0, Max: 0.0, Diff: 0.0, Sum: 0.0]
      [GC Worker Other (ms): Min: 0.1, Avg: 0.1, Max: 0.1, Diff: 0.0, Sum: 0.2]
      [GC Worker Total (ms): Min: 346.2, Avg: 346.2, Max: 346.2, Diff: 0.0, Sum: 692.4]
      [GC Worker End (ms): Min: 31635390.1, Avg: 31635390.2, Max: 31635390.2, Diff: 0.1]
   [Code Root Fixup: 0.0 ms]
   [Clear CT: 1.0 ms]
   [Other: 17.6 ms]
      [Choose CSet: 1.9 ms]
      [Ref Proc: 9.1 ms]
      [Ref Enq: 0.1 ms]
      [Free CSet: 5.0 ms]
   [Eden: 964.0M(964.0M)->0.0B(951.0M) Survivors: 60.0M->73.0M Heap: 2092.1M(3072.0M)->837.1M(3072.0M)]
 [Times: user=0.71 sys=0.00, real=0.36 secs] 
31639.889: [GC pause (mixed)
Desired survivor size 67108864 bytes, new threshold 5 (max 32)
- age   1:   40614600 bytes,   40614600 total
- age   2:   12240112 bytes,   52854712 total
- age   3:    2615160 bytes,   55469872 total
- age   4:    6633792 bytes,   62103664 total
- age   5:    8675736 bytes,   70779400 total
, 0.5336540 secs]
   [Parallel Time: 519.0 ms, GC Workers: 2]
      [GC Worker Start (ms): Min: 31639890.9, Avg: 31639890.9, Max: 31639890.9, Diff: 0.0]
      [Ext Root Scanning (ms): Min: 75.6, Avg: 84.0, Max: 92.4, Diff: 16.8, Sum: 168.1]
      [Update RS (ms): Min: 34.8, Avg: 46.3, Max: 57.8, Diff: 22.9, Sum: 92.6]
         [Processed Buffers: Min: 183, Avg: 185.0, Max: 187, Diff: 4, Sum: 370]
      [Scan RS (ms): Min: 40.4, Avg: 40.4, Max: 40.5, Diff: 0.1, Sum: 80.9]
      [Object Copy (ms): Min: 344.8, Avg: 347.8, Max: 350.8, Diff: 6.0, Sum: 695.6]
      [Termination (ms): Min: 0.0, Avg: 0.0, Max: 0.0, Diff: 0.0, Sum: 0.0]
      [GC Worker Other (ms): Min: 0.1, Avg: 0.1, Max: 0.1, Diff: 0.0, Sum: 0.2]
      [GC Worker Total (ms): Min: 518.7, Avg: 518.7, Max: 518.7, Diff: 0.0, Sum: 1037.4]
      [GC Worker End (ms): Min: 31640409.6, Avg: 31640409.6, Max: 31640409.6, Diff: 0.0]
   [Code Root Fixup: 0.0 ms]
   [Clear CT: 0.8 ms]
   [Other: 13.9 ms]
      [Choose CSet: 1.5 ms]
      [Ref Proc: 6.9 ms]
      [Ref Enq: 0.2 ms]
      [Free CSet: 3.7 ms]
   [Eden: 951.0M(951.0M)->0.0B(896.0M) Survivors: 73.0M->128.0M Heap: 1794.3M(3072.0M)->832.8M(3072.0M)]
 [Times: user=1.05 sys=0.00, real=0.54 secs] 
31644.270: [GC pause (young)
Desired survivor size 67108864 bytes, new threshold 1 (max 32)
- age   1:  105310872 bytes,  105310872 total
- age   2:   22927504 bytes,  128238376 total
- age   3:    8974256 bytes,  137212632 total
- age   4:    2008040 bytes,  139220672 total
- age   5:    4566416 bytes,  143787088 total
, 0.7866660 secs]
   [Parallel Time: 777.0 ms, GC Workers: 2]
      [GC Worker Start (ms): Min: 31644270.5, Avg: 31644270.5, Max: 31644270.5, Diff: 0.0]
      [Ext Root Scanning (ms): Min: 68.6, Avg: 77.2, Max: 85.8, Diff: 17.2, Sum: 154.5]
      [Update RS (ms): Min: 85.3, Avg: 96.7, Max: 108.2, Diff: 22.9, Sum: 193.4]
         [Processed Buffers: Min: 106, Avg: 179.5, Max: 253, Diff: 147, Sum: 359]
      [Scan RS (ms): Min: 51.3, Avg: 51.3, Max: 51.3, Diff: 0.0, Sum: 102.6]
      [Object Copy (ms): Min: 548.7, Avg: 551.5, Max: 554.4, Diff: 5.8, Sum: 1103.1]
      [Termination (ms): Min: 0.0, Avg: 0.0, Max: 0.0, Diff: 0.0, Sum: 0.0]
      [GC Worker Other (ms): Min: 0.1, Avg: 0.1, Max: 0.2, Diff: 0.1, Sum: 0.3]
      [GC Worker Total (ms): Min: 776.9, Avg: 776.9, Max: 776.9, Diff: 0.0, Sum: 1553.8]
      [GC Worker End (ms): Min: 31645047.4, Avg: 31645047.4, Max: 31645047.4, Diff: 0.0]
   [Code Root Fixup: 0.0 ms]
   [Clear CT: 0.6 ms]
   [Other: 9.0 ms]
      [Choose CSet: 0.0 ms]
      [Ref Proc: 3.3 ms]
      [Ref Enq: 0.0 ms]
      [Free CSet: 2.7 ms]
   [Eden: 896.0M(896.0M)->0.0B(910.0M) Survivors: 128.0M->114.0M Heap: 1780.7M(3072.0M)->978.2M(3072.0M)]
 [Times: user=1.55 sys=0.01, real=0.79 secs] 
31650.445: [GC pause (young)
Desired survivor size 67108864 bytes, new threshold 1 (max 32)
- age   1:  116452704 bytes,  116452704 total
, 0.6444040 secs]
   [Parallel Time: 632.8 ms, GC Workers: 2]
      [GC Worker Start (ms): Min: 31650446.4, Avg: 31650446.4, Max: 31650446.4, Diff: 0.0]
      [Ext Root Scanning (ms): Min: 69.9, Avg: 77.0, Max: 84.2, Diff: 14.3, Sum: 154.1]
      [Update RS (ms): Min: 91.3, Avg: 101.0, Max: 110.7, Diff: 19.4, Sum: 201.9]
         [Processed Buffers: Min: 180, Avg: 185.0, Max: 190, Diff: 10, Sum: 370]
      [Scan RS (ms): Min: 86.7, Avg: 86.9, Max: 87.0, Diff: 0.3, Sum: 173.7]
      [Object Copy (ms): Min: 365.3, Avg: 367.6, Max: 370.0, Diff: 4.8, Sum: 735.3]
      [Termination (ms): Min: 0.0, Avg: 0.0, Max: 0.0, Diff: 0.0, Sum: 0.0]
      [GC Worker Other (ms): Min: 0.1, Avg: 0.1, Max: 0.1, Diff: 0.0, Sum: 0.2]
      [GC Worker Total (ms): Min: 632.6, Avg: 632.6, Max: 632.6, Diff: 0.0, Sum: 1265.3]
      [GC Worker End (ms): Min: 31651079.0, Avg: 31651079.0, Max: 31651079.1, Diff: 0.0]
   [Code Root Fixup: 0.0 ms]
   [Clear CT: 0.8 ms]
   [Other: 10.9 ms]
      [Choose CSet: 0.0 ms]
      [Ref Proc: 4.3 ms]
      [Ref Enq: 0.1 ms]
      [Free CSet: 3.0 ms]
   [Eden: 910.0M(910.0M)->0.0B(975.0M) Survivors: 114.0M->49.0M Heap: 1912.4M(3072.0M)->1044.9M(3072.0M)]
 [Times: user=1.27 sys=0.01, real=0.64 secs] 
31656.484: [GC pause (young)
Desired survivor size 67108864 bytes, new threshold 16 (max 32)
- age   1:   48691568 bytes,   48691568 total
, 0.4135510 secs]
   [Parallel Time: 402.8 ms, GC Workers: 2]
      [GC Worker Start (ms): Min: 31656485.7, Avg: 31656485.7, Max: 31656485.7, Diff: 0.0]
      [Ext Root Scanning (ms): Min: 68.5, Avg: 78.9, Max: 89.3, Diff: 20.8, Sum: 157.7]
      [Update RS (ms): Min: 63.4, Avg: 76.6, Max: 89.8, Diff: 26.4, Sum: 153.2]
         [Processed Buffers: Min: 123, Avg: 175.0, Max: 227, Diff: 104, Sum: 350]
      [Scan RS (ms): Min: 51.5, Avg: 51.5, Max: 51.5, Diff: 0.0, Sum: 103.0]
      [Object Copy (ms): Min: 192.7, Avg: 195.6, Max: 198.4, Diff: 5.7, Sum: 391.1]
      [Termination (ms): Min: 0.0, Avg: 0.0, Max: 0.0, Diff: 0.0, Sum: 0.0]
      [GC Worker Other (ms): Min: 0.1, Avg: 0.1, Max: 0.1, Diff: 0.0, Sum: 0.2]
      [GC Worker Total (ms): Min: 402.6, Avg: 402.6, Max: 402.6, Diff: 0.0, Sum: 805.2]
      [GC Worker End (ms): Min: 31656888.3, Avg: 31656888.3, Max: 31656888.3, Diff: 0.0]
   [Code Root Fixup: 0.0 ms]
   [Clear CT: 0.6 ms]
   [Other: 10.2 ms]
      [Choose CSet: 0.0 ms]
      [Ref Proc: 4.0 ms]
      [Ref Enq: 0.1 ms]
      [Free CSet: 4.0 ms]
   [Eden: 975.0M(975.0M)->0.0B(946.0M) Survivors: 49.0M->78.0M Heap: 2023.9M(3072.0M)->1078.4M(3072.0M)]
 [Times: user=0.82 sys=0.01, real=0.42 secs] 
31661.206: [GC pause (young)
Desired survivor size 67108864 bytes, new threshold 2 (max 32)
- age   1:   42423648 bytes,   42423648 total
- age   2:   36925280 bytes,   79348928 total
, 0.4671450 secs]
   [Parallel Time: 455.1 ms, GC Workers: 2]
      [GC Worker Start (ms): Min: 31661207.4, Avg: 31661207.4, Max: 31661207.4, Diff: 0.0]
      [Ext Root Scanning (ms): Min: 69.5, Avg: 78.7, Max: 87.8, Diff: 18.4, Sum: 157.3]
      [Update RS (ms): Min: 49.6, Avg: 61.5, Max: 73.4, Diff: 23.8, Sum: 122.9]
         [Processed Buffers: Min: 130, Avg: 160.0, Max: 190, Diff: 60, Sum: 320]
      [Scan RS (ms): Min: 62.9, Avg: 63.0, Max: 63.2, Diff: 0.3, Sum: 126.1]
      [Object Copy (ms): Min: 248.9, Avg: 251.8, Max: 254.6, Diff: 5.7, Sum: 503.5]
      [Termination (ms): Min: 0.0, Avg: 0.0, Max: 0.0, Diff: 0.0, Sum: 0.0]
      [GC Worker Other (ms): Min: 0.1, Avg: 0.1, Max: 0.1, Diff: 0.0, Sum: 0.2]
      [GC Worker Total (ms): Min: 455.0, Avg: 455.0, Max: 455.0, Diff: 0.0, Sum: 910.1]
      [GC Worker End (ms): Min: 31661662.4, Avg: 31661662.4, Max: 31661662.4, Diff: 0.0]
   [Code Root Fixup: 0.0 ms]
   [Clear CT: 1.0 ms]
   [Other: 11.0 ms]
      [Choose CSet: 0.0 ms]
      [Ref Proc: 2.8 ms]
      [Ref Enq: 0.0 ms]
      [Free CSet: 5.3 ms]
   [Eden: 946.0M(946.0M)->0.0B(951.0M) Survivors: 78.0M->73.0M Heap: 2051.9M(3072.0M)->1134.9M(3072.0M)]
 [Times: user=0.92 sys=0.00, real=0.47 secs] 
31666.993: [GC pause (young)
Desired survivor size 67108864 bytes, new threshold 2 (max 32)
- age   1:   37080152 bytes,   37080152 total
- age   2:   37041688 bytes,   74121840 total
, 0.4748390 secs]
   [Parallel Time: 458.8 ms, GC Workers: 2]
      [GC Worker Start (ms): Min: 31666994.8, Avg: 31666994.9, Max: 31666994.9, Diff: 0.0]
      [Ext Root Scanning (ms): Min: 68.1, Avg: 78.3, Max: 88.4, Diff: 20.3, Sum: 156.5]
      [Update RS (ms): Min: 56.8, Avg: 69.5, Max: 82.1, Diff: 25.4, Sum: 138.9]
         [Processed Buffers: Min: 87, Avg: 151.5, Max: 216, Diff: 129, Sum: 303]
      [Scan RS (ms): Min: 63.9, Avg: 64.0, Max: 64.0, Diff: 0.1, Sum: 127.9]
      [Object Copy (ms): Min: 244.4, Avg: 246.9, Max: 249.3, Diff: 4.9, Sum: 493.7]
      [Termination (ms): Min: 0.0, Avg: 0.1, Max: 0.3, Diff: 0.3, Sum: 0.3]
      [GC Worker Other (ms): Min: 0.1, Avg: 0.1, Max: 0.1, Diff: 0.0, Sum: 0.2]
      [GC Worker Total (ms): Min: 458.7, Avg: 458.7, Max: 458.8, Diff: 0.0, Sum: 917.5]
      [GC Worker End (ms): Min: 31667453.6, Avg: 31667453.6, Max: 31667453.6, Diff: 0.0]
   [Code Root Fixup: 0.0 ms]
   [Clear CT: 0.8 ms]
   [Other: 15.3 ms]
      [Choose CSet: 0.2 ms]
      [Ref Proc: 7.3 ms]
      [Ref Enq: 0.1 ms]
      [Free CSet: 4.9 ms]
   [Eden: 951.0M(951.0M)->0.0B(952.0M) Survivors: 73.0M->72.0M Heap: 2085.9M(3072.0M)->1166.9M(3072.0M)]
 [Times: user=0.93 sys=0.00, real=0.48 secs] 
31673.074: [GC pause (young)
Desired survivor size 67108864 bytes, new threshold 2 (max 32)
- age   1:   42353160 bytes,   42353160 total
- age   2:   30072248 bytes,   72425408 total
, 0.5598410 secs]
   [Parallel Time: 547.7 ms, GC Workers: 2]
      [GC Worker Start (ms): Min: 31673075.9, Avg: 31673075.9, Max: 31673075.9, Diff: 0.0]
      [Ext Root Scanning (ms): Min: 75.0, Avg: 84.2, Max: 93.5, Diff: 18.5, Sum: 168.4]
      [Update RS (ms): Min: 47.4, Avg: 59.2, Max: 71.0, Diff: 23.7, Sum: 118.4]
         [Processed Buffers: Min: 45, Avg: 157.0, Max: 269, Diff: 224, Sum: 314]
      [Scan RS (ms): Min: 82.9, Avg: 82.9, Max: 82.9, Diff: 0.0, Sum: 165.9]
      [Object Copy (ms): Min: 318.6, Avg: 321.2, Max: 323.7, Diff: 5.1, Sum: 642.3]
      [Termination (ms): Min: 0.0, Avg: 0.0, Max: 0.0, Diff: 0.0, Sum: 0.0]
      [GC Worker Other (ms): Min: 0.1, Avg: 0.1, Max: 0.1, Diff: 0.0, Sum: 0.2]
      [GC Worker Total (ms): Min: 547.6, Avg: 547.6, Max: 547.6, Diff: 0.0, Sum: 1095.2]
      [GC Worker End (ms): Min: 31673623.5, Avg: 31673623.6, Max: 31673623.6, Diff: 0.0]
   [Code Root Fixup: 0.0 ms]
   [Clear CT: 0.8 ms]
   [Other: 11.3 ms]
      [Choose CSet: 0.0 ms]
      [Ref Proc: 3.4 ms]
      [Ref Enq: 0.0 ms]
      [Free CSet: 5.2 ms]
   [Eden: 952.0M(952.0M)->0.0B(915.0M) Survivors: 72.0M->109.0M Heap: 2165.7M(3072.0M)->1279.7M(3072.0M)]
 [Times: user=1.10 sys=0.00, real=0.56 secs] 
31678.941: [GC pause (young)
Desired survivor size 67108864 bytes, new threshold 1 (max 32)
- age   1:   75365008 bytes,   75365008 total
- age   2:   37300608 bytes,  112665616 total
, 0.5312990 secs]
   [Parallel Time: 517.7 ms, GC Workers: 2]
      [GC Worker Start (ms): Min: 31678943.1, Avg: 31678943.1, Max: 31678943.1, Diff: 0.0]
      [Ext Root Scanning (ms): Min: 71.2, Avg: 78.0, Max: 84.8, Diff: 13.6, Sum: 156.0]
      [Update RS (ms): Min: 55.9, Avg: 65.2, Max: 74.5, Diff: 18.6, Sum: 130.5]
         [Processed Buffers: Min: 102, Avg: 138.5, Max: 175, Diff: 73, Sum: 277]
      [Scan RS (ms): Min: 82.2, Avg: 82.3, Max: 82.4, Diff: 0.2, Sum: 164.5]
      [Object Copy (ms): Min: 289.4, Avg: 291.9, Max: 294.5, Diff: 5.2, Sum: 583.9]
      [Termination (ms): Min: 0.0, Avg: 0.0, Max: 0.0, Diff: 0.0, Sum: 0.0]
      [GC Worker Other (ms): Min: 0.1, Avg: 0.1, Max: 0.2, Diff: 0.1, Sum: 0.3]
      [GC Worker Total (ms): Min: 517.6, Avg: 517.6, Max: 517.6, Diff: 0.1, Sum: 1035.2]
      [GC Worker End (ms): Min: 31679460.7, Avg: 31679460.7, Max: 31679460.7, Diff: 0.0]
   [Code Root Fixup: 0.0 ms]
   [Clear CT: 1.0 ms]
   [Other: 12.6 ms]
      [Choose CSet: 0.0 ms]
      [Ref Proc: 3.0 ms]
      [Ref Enq: 0.1 ms]
      [Free CSet: 5.5 ms]
   [Eden: 915.0M(915.0M)->0.0B(979.0M) Survivors: 109.0M->45.0M Heap: 2226.9M(3072.0M)->1318.4M(3072.0M)]
 [Times: user=1.05 sys=0.00, real=0.53 secs] 
31680.438: [GC pause (young) (initial-mark)
Desired survivor size 67108864 bytes, new threshold 16 (max 32)
- age   1:   45733136 bytes,   45733136 total
, 0.3366980 secs]
   [Parallel Time: 331.8 ms, GC Workers: 2]
      [GC Worker Start (ms): Min: 31680439.0, Avg: 31680439.0, Max: 31680439.0, Diff: 0.0]
      [Ext Root Scanning (ms): Min: 63.7, Avg: 82.4, Max: 101.2, Diff: 37.5, Sum: 164.9]
      [Update RS (ms): Min: 47.6, Avg: 65.6, Max: 83.6, Diff: 35.9, Sum: 131.2]
         [Processed Buffers: Min: 182, Avg: 198.0, Max: 214, Diff: 32, Sum: 396]
      [Scan RS (ms): Min: 39.2, Avg: 39.2, Max: 39.2, Diff: 0.0, Sum: 78.4]
      [Object Copy (ms): Min: 143.6, Avg: 144.4, Max: 145.2, Diff: 1.6, Sum: 288.9]
      [Termination (ms): Min: 0.0, Avg: 0.0, Max: 0.0, Diff: 0.0, Sum: 0.0]
      [GC Worker Other (ms): Min: 0.1, Avg: 0.1, Max: 0.1, Diff: 0.0, Sum: 0.2]
      [GC Worker Total (ms): Min: 331.7, Avg: 331.7, Max: 331.8, Diff: 0.0, Sum: 663.5]
      [GC Worker End (ms): Min: 31680770.8, Avg: 31680770.8, Max: 31680770.8, Diff: 0.0]
   [Code Root Fixup: 0.0 ms]
   [Clear CT: 0.4 ms]
   [Other: 4.5 ms]
      [Choose CSet: 0.0 ms]
      [Ref Proc: 1.1 ms]
      [Ref Enq: 0.0 ms]
      [Free CSet: 1.3 ms]
   [Eden: 189.0M(979.0M)->0.0B(975.0M) Survivors: 45.0M->49.0M Heap: 1512.9M(3072.0M)->1327.9M(3072.0M)]
 [Times: user=0.66 sys=0.00, real=0.34 secs] 
31680.775: [GC concurrent-root-region-scan-start]
31680.997: [GC concurrent-root-region-scan-end, 0.2227540 secs]
31680.998: [GC concurrent-mark-start]
31683.484: [GC concurrent-mark-end, 2.4865580 secs]
31683.485: [GC remark 31683.487: [GC ref-proc, 0.1690100 secs], 0.2445490 secs]
 [Times: user=0.24 sys=0.00, real=0.24 secs] 
31683.734: [GC cleanup 1713M->1484M(3072M), 0.0260770 secs]
 [Times: user=0.05 sys=0.00, real=0.02 secs] 
31683.760: [GC concurrent-cleanup-start]
31683.761: [GC concurrent-cleanup-end, 0.0005080 secs]
31687.173: [GC pause (young)
Desired survivor size 67108864 bytes, new threshold 16 (max 32)
- age   1:   10621560 bytes,   10621560 total
- age   2:   38958840 bytes,   49580400 total
, 0.4242450 secs]
   [Parallel Time: 411.9 ms, GC Workers: 2]
      [GC Worker Start (ms): Min: 31687174.6, Avg: 31687174.6, Max: 31687174.6, Diff: 0.0]
      [Ext Root Scanning (ms): Min: 74.7, Avg: 82.9, Max: 91.2, Diff: 16.5, Sum: 165.9]
      [Update RS (ms): Min: 37.3, Avg: 47.7, Max: 58.1, Diff: 20.8, Sum: 95.5]
         [Processed Buffers: Min: 131, Avg: 153.0, Max: 175, Diff: 44, Sum: 306]
      [Scan RS (ms): Min: 78.0, Avg: 78.2, Max: 78.4, Diff: 0.4, Sum: 156.4]
      [Object Copy (ms): Min: 200.4, Avg: 202.7, Max: 205.0, Diff: 4.6, Sum: 405.4]
      [Termination (ms): Min: 0.0, Avg: 0.0, Max: 0.0, Diff: 0.0, Sum: 0.0]
      [GC Worker Other (ms): Min: 0.1, Avg: 0.2, Max: 0.2, Diff: 0.0, Sum: 0.3]
      [GC Worker Total (ms): Min: 411.7, Avg: 411.7, Max: 411.7, Diff: 0.0, Sum: 823.5]
      [GC Worker End (ms): Min: 31687586.3, Avg: 31687586.4, Max: 31687586.4, Diff: 0.0]
   [Code Root Fixup: 0.0 ms]
   [Clear CT: 0.8 ms]
   [Other: 11.6 ms]
      [Choose CSet: 0.0 ms]
      [Ref Proc: 3.8 ms]
      [Ref Enq: 0.1 ms]
      [Free CSet: 5.3 ms]
   [Eden: 975.0M(975.0M)->0.0B(942.0M) Survivors: 49.0M->82.0M Heap: 2084.5M(3072.0M)->1142.5M(3072.0M)]
 [Times: user=0.84 sys=0.00, real=0.42 secs] 
31693.715: [GC pause (mixed)
Desired survivor size 67108864 bytes, new threshold 3 (max 32)
- age   1:   44838728 bytes,   44838728 total
- age   2:    6013632 bytes,   50852360 total
- age   3:   32961816 bytes,   83814176 total
, 0.5236780 secs]
   [Parallel Time: 508.1 ms, GC Workers: 2]
      [GC Worker Start (ms): Min: 31693717.2, Avg: 31693717.3, Max: 31693717.3, Diff: 0.0]
      [Ext Root Scanning (ms): Min: 74.3, Avg: 81.0, Max: 87.7, Diff: 13.4, Sum: 162.0]
      [Update RS (ms): Min: 43.2, Avg: 52.1, Max: 60.9, Diff: 17.7, Sum: 104.2]
         [Processed Buffers: Min: 41, Avg: 130.0, Max: 219, Diff: 178, Sum: 260]
      [Scan RS (ms): Min: 98.7, Avg: 98.8, Max: 98.9, Diff: 0.1, Sum: 197.6]
      [Object Copy (ms): Min: 273.7, Avg: 276.0, Max: 278.2, Diff: 4.5, Sum: 551.9]
      [Termination (ms): Min: 0.0, Avg: 0.0, Max: 0.0, Diff: 0.0, Sum: 0.0]
      [GC Worker Other (ms): Min: 0.1, Avg: 0.1, Max: 0.1, Diff: 0.0, Sum: 0.2]
      [GC Worker Total (ms): Min: 508.0, Avg: 508.0, Max: 508.0, Diff: 0.0, Sum: 1016.0]
      [GC Worker End (ms): Min: 31694225.2, Avg: 31694225.2, Max: 31694225.3, Diff: 0.0]
   [Code Root Fixup: 0.0 ms]
   [Clear CT: 0.9 ms]
   [Other: 14.6 ms]
      [Choose CSet: 0.7 ms]
      [Ref Proc: 4.6 ms]
      [Ref Enq: 0.1 ms]
      [Free CSet: 6.6 ms]
   [Eden: 942.0M(942.0M)->0.0B(937.0M) Survivors: 82.0M->87.0M Heap: 2087.0M(3072.0M)->1122.0M(3072.0M)]
 [Times: user=1.04 sys=0.00, real=0.52 secs] 
31699.811: [GC pause (mixed)
Desired survivor size 67108864 bytes, new threshold 2 (max 32)
- age   1:   43888200 bytes,   43888200 total
- age   2:   39188032 bytes,   83076232 total
- age   3:    5738488 bytes,   88814720 total
, 0.5302210 secs]
   [Parallel Time: 517.0 ms, GC Workers: 2]
      [GC Worker Start (ms): Min: 31699812.9, Avg: 31699812.9, Max: 31699812.9, Diff: 0.0]
      [Ext Root Scanning (ms): Min: 69.9, Avg: 80.4, Max: 91.0, Diff: 21.1, Sum: 160.8]
      [Update RS (ms): Min: 34.5, Avg: 47.7, Max: 60.9, Diff: 26.4, Sum: 95.4]
         [Processed Buffers: Min: 116, Avg: 146.0, Max: 176, Diff: 60, Sum: 292]
      [Scan RS (ms): Min: 84.3, Avg: 84.3, Max: 84.3, Diff: 0.0, Sum: 168.5]
      [Object Copy (ms): Min: 301.5, Avg: 304.1, Max: 306.8, Diff: 5.3, Sum: 608.2]
      [Termination (ms): Min: 0.0, Avg: 0.0, Max: 0.0, Diff: 0.0, Sum: 0.0]
      [GC Worker Other (ms): Min: 0.1, Avg: 0.2, Max: 0.3, Diff: 0.2, Sum: 0.4]
      [GC Worker Total (ms): Min: 516.6, Avg: 516.7, Max: 516.8, Diff: 0.2, Sum: 1033.5]
      [GC Worker End (ms): Min: 31700329.5, Avg: 31700329.6, Max: 31700329.7, Diff: 0.2]
   [Code Root Fixup: 0.0 ms]
   [Clear CT: 1.1 ms]
   [Other: 12.2 ms]
      [Choose CSet: 0.1 ms]
      [Ref Proc: 3.9 ms]
      [Ref Enq: 0.1 ms]
      [Free CSet: 5.0 ms]
   [Eden: 937.0M(937.0M)->0.0B(935.0M) Survivors: 87.0M->89.0M Heap: 2065.0M(3072.0M)->1163.0M(3072.0M)]
 [Times: user=1.04 sys=0.00, real=0.53 secs] 
31706.203: [GC pause (young)
Desired survivor size 67108864 bytes, new threshold 2 (max 32)
- age   1:   55292944 bytes,   55292944 total
- age   2:   36218056 bytes,   91511000 total
, 0.4698070 secs]
   [Parallel Time: 458.1 ms, GC Workers: 2]
      [GC Worker Start (ms): Min: 31706204.9, Avg: 31706205.0, Max: 31706205.0, Diff: 0.0]
      [Ext Root Scanning (ms): Min: 68.4, Avg: 79.4, Max: 90.3, Diff: 21.8, Sum: 158.7]
      [Update RS (ms): Min: 37.7, Avg: 52.0, Max: 66.3, Diff: 28.6, Sum: 104.0]
         [Processed Buffers: Min: 30, Avg: 136.5, Max: 243, Diff: 213, Sum: 273]
      [Scan RS (ms): Min: 77.8, Avg: 77.8, Max: 77.9, Diff: 0.1, Sum: 155.6]
      [Object Copy (ms): Min: 245.4, Avg: 248.7, Max: 252.0, Diff: 6.6, Sum: 497.4]
      [Termination (ms): Min: 0.0, Avg: 0.0, Max: 0.0, Diff: 0.0, Sum: 0.0]
      [GC Worker Other (ms): Min: 0.1, Avg: 0.1, Max: 0.1, Diff: 0.0, Sum: 0.2]
      [GC Worker Total (ms): Min: 458.0, Avg: 458.0, Max: 458.0, Diff: 0.0, Sum: 916.0]
      [GC Worker End (ms): Min: 31706662.9, Avg: 31706662.9, Max: 31706662.9, Diff: 0.0]
   [Code Root Fixup: 0.0 ms]
   [Clear CT: 0.8 ms]
   [Other: 11.0 ms]
      [Choose CSet: 0.0 ms]
      [Ref Proc: 3.4 ms]
      [Ref Enq: 0.0 ms]
      [Free CSet: 4.8 ms]
   [Eden: 935.0M(935.0M)->0.0B(948.0M) Survivors: 89.0M->76.0M Heap: 2138.8M(3072.0M)->1224.3M(3072.0M)]
 [Times: user=0.92 sys=0.00, real=0.47 secs] 
31712.798: [GC pause (young)
Desired survivor size 67108864 bytes, new threshold 2 (max 32)
- age   1:   43547712 bytes,   43547712 total
- age   2:   34410936 bytes,   77958648 total
, 0.4478780 secs]
   [Parallel Time: 439.0 ms, GC Workers: 2]
      [GC Worker Start (ms): Min: 31712799.1, Avg: 31712799.1, Max: 31712799.1, Diff: 0.0]
      [Ext Root Scanning (ms): Min: 67.3, Avg: 78.0, Max: 88.7, Diff: 21.4, Sum: 156.0]
      [Update RS (ms): Min: 11.4, Avg: 24.8, Max: 38.1, Diff: 26.8, Sum: 49.5]
         [Processed Buffers: Min: 110, Avg: 136.5, Max: 163, Diff: 53, Sum: 273]
      [Scan RS (ms): Min: 95.3, Avg: 95.3, Max: 95.4, Diff: 0.1, Sum: 190.6]
      [Object Copy (ms): Min: 237.7, Avg: 240.4, Max: 243.1, Diff: 5.5, Sum: 480.8]
      [Termination (ms): Min: 0.0, Avg: 0.0, Max: 0.0, Diff: 0.0, Sum: 0.0]
      [GC Worker Other (ms): Min: 0.1, Avg: 0.2, Max: 0.3, Diff: 0.2, Sum: 0.4]
      [GC Worker Total (ms): Min: 438.6, Avg: 438.7, Max: 438.8, Diff: 0.2, Sum: 877.4]
      [GC Worker End (ms): Min: 31713237.7, Avg: 31713237.8, Max: 31713237.9, Diff: 0.2]
   [Code Root Fixup: 0.0 ms]
   [Clear CT: 0.8 ms]
   [Other: 8.1 ms]
      [Choose CSet: 0.0 ms]
      [Ref Proc: 3.1 ms]
      [Ref Enq: 0.0 ms]
      [Free CSet: 3.0 ms]
   [Eden: 948.0M(948.0M)->0.0B(923.0M) Survivors: 76.0M->101.0M Heap: 2298.9M(3072.0M)->1398.4M(3072.0M)]
 [Times: user=0.88 sys=0.00, real=0.45 secs] 
31714.489: [GC pause (young) (initial-mark)
Desired survivor size 67108864 bytes, new threshold 1 (max 32)
- age   1:   76633144 bytes,   76633144 total
- age   2:   24578376 bytes,  101211520 total
, 0.4258770 secs]
   [Parallel Time: 420.0 ms, GC Workers: 2]
      [GC Worker Start (ms): Min: 31714489.6, Avg: 31714489.6, Max: 31714489.6, Diff: 0.0]
      [Ext Root Scanning (ms): Min: 61.9, Avg: 80.3, Max: 98.7, Diff: 36.8, Sum: 160.6]
      [Update RS (ms): Min: 10.4, Avg: 27.5, Max: 44.6, Diff: 34.2, Sum: 55.0]
         [Processed Buffers: Min: 100, Avg: 123.0, Max: 146, Diff: 46, Sum: 246]
      [Scan RS (ms): Min: 23.0, Avg: 23.1, Max: 23.2, Diff: 0.1, Sum: 46.2]
      [Object Copy (ms): Min: 287.7, Avg: 288.9, Max: 290.2, Diff: 2.5, Sum: 577.8]
      [Termination (ms): Min: 0.0, Avg: 0.0, Max: 0.0, Diff: 0.0, Sum: 0.0]
      [GC Worker Other (ms): Min: 0.1, Avg: 0.1, Max: 0.1, Diff: 0.0, Sum: 0.1]
      [GC Worker Total (ms): Min: 419.9, Avg: 419.9, Max: 419.9, Diff: 0.0, Sum: 839.8]
      [GC Worker End (ms): Min: 31714909.5, Avg: 31714909.5, Max: 31714909.5, Diff: 0.0]
   [Code Root Fixup: 0.0 ms]
   [Clear CT: 1.2 ms]
   [Other: 4.6 ms]
      [Choose CSet: 0.0 ms]
      [Ref Proc: 0.9 ms]
      [Ref Enq: 0.0 ms]
      [Free CSet: 0.9 ms]
   [Eden: 206.0M(923.0M)->0.0B(986.0M) Survivors: 101.0M->38.0M Heap: 1608.0M(3072.0M)->1432.9M(3072.0M)]
 [Times: user=0.84 sys=0.01, real=0.43 secs] 
31714.915: [GC concurrent-root-region-scan-start]
31715.039: [GC concurrent-root-region-scan-end, 0.1243300 secs]
31715.039: [GC concurrent-mark-start]
31717.171: [GC concurrent-mark-end, 2.1314370 secs]
31717.173: [GC remark 31717.175: [GC ref-proc, 0.0369350 secs], 0.1144430 secs]
 [Times: user=0.12 sys=0.00, real=0.12 secs] 
31717.289: [GC cleanup 1896M->1592M(3072M), 0.0272200 secs]
 [Times: user=0.06 sys=0.00, real=0.02 secs] 
31717.317: [GC concurrent-cleanup-start]
31717.318: [GC concurrent-cleanup-end, 0.0007330 secs]
31720.712: [GC pause (young)
Desired survivor size 67108864 bytes, new threshold 16 (max 32)
- age   1:   37048192 bytes,   37048192 total
, 0.4694260 secs]
   [Parallel Time: 459.9 ms, GC Workers: 2]
      [GC Worker Start (ms): Min: 31720713.2, Avg: 31720713.3, Max: 31720713.3, Diff: 0.0]
      [Ext Root Scanning (ms): Min: 71.0, Avg: 80.6, Max: 90.3, Diff: 19.3, Sum: 161.3]
      [Update RS (ms): Min: 19.1, Avg: 30.7, Max: 42.3, Diff: 23.1, Sum: 61.4]
         [Processed Buffers: Min: 104, Avg: 154.0, Max: 204, Diff: 100, Sum: 308]
      [Scan RS (ms): Min: 63.7, Avg: 64.1, Max: 64.5, Diff: 0.8, Sum: 128.2]
      [Object Copy (ms): Min: 281.4, Avg: 283.5, Max: 285.6, Diff: 4.2, Sum: 567.0]
      [Termination (ms): Min: 0.6, Avg: 0.7, Max: 0.9, Diff: 0.3, Sum: 1.4]
      [GC Worker Other (ms): Min: 0.1, Avg: 0.1, Max: 0.1, Diff: 0.0, Sum: 0.3]
      [GC Worker Total (ms): Min: 459.8, Avg: 459.8, Max: 459.8, Diff: 0.0, Sum: 919.6]
      [GC Worker End (ms): Min: 31721173.1, Avg: 31721173.1, Max: 31721173.1, Diff: 0.0]
   [Code Root Fixup: 0.0 ms]
   [Clear CT: 0.7 ms]
   [Other: 8.8 ms]
      [Choose CSet: 0.0 ms]
      [Ref Proc: 3.8 ms]
      [Ref Enq: 0.1 ms]
      [Free CSet: 3.0 ms]
   [Eden: 986.0M(986.0M)->0.0B(896.0M) Survivors: 38.0M->128.0M Heap: 2157.9M(3072.0M)->1262.9M(3072.0M)]
 [Times: user=0.93 sys=0.00, real=0.47 secs] 
31727.443: [GC pause (mixed)
Desired survivor size 67108864 bytes, new threshold 1 (max 32)
- age   1:  108883256 bytes,  108883256 total
- age   2:   20176824 bytes,  129060080 total
, 0.4261730 secs]
   [Parallel Time: 412.6 ms, GC Workers: 2]
      [GC Worker Start (ms): Min: 31727444.7, Avg: 31727444.7, Max: 31727444.7, Diff: 0.0]
      [Ext Root Scanning (ms): Min: 71.7, Avg: 79.3, Max: 86.9, Diff: 15.2, Sum: 158.6]
      [Update RS (ms): Min: 16.6, Avg: 26.9, Max: 37.2, Diff: 20.6, Sum: 53.9]
         [Processed Buffers: Min: 71, Avg: 149.5, Max: 228, Diff: 157, Sum: 299]
      [Scan RS (ms): Min: 62.5, Avg: 62.5, Max: 62.6, Diff: 0.1, Sum: 125.0]
      [Object Copy (ms): Min: 239.7, Avg: 242.5, Max: 245.3, Diff: 5.6, Sum: 485.0]
      [Termination (ms): Min: 1.1, Avg: 1.2, Max: 1.2, Diff: 0.0, Sum: 2.3]
      [GC Worker Other (ms): Min: 0.1, Avg: 0.1, Max: 0.1, Diff: 0.0, Sum: 0.2]
      [GC Worker Total (ms): Min: 412.5, Avg: 412.5, Max: 412.5, Diff: 0.0, Sum: 825.0]
      [GC Worker End (ms): Min: 31727857.2, Avg: 31727857.2, Max: 31727857.2, Diff: 0.0]
   [Code Root Fixup: 0.0 ms]
   [Clear CT: 0.9 ms]
   [Other: 12.7 ms]
      [Choose CSet: 0.6 ms]
      [Ref Proc: 6.0 ms]
      [Ref Enq: 0.1 ms]
      [Free CSet: 3.3 ms]
   [Eden: 896.0M(896.0M)->0.0B(993.0M) Survivors: 128.0M->31.0M Heap: 2182.6M(3072.0M)->1188.6M(3072.0M)]
 [Times: user=0.84 sys=0.00, real=0.43 secs] 
31733.707: [GC pause (mixed)
Desired survivor size 67108864 bytes, new threshold 16 (max 32)
- age   1:   29246768 bytes,   29246768 total
, 0.2932470 secs]
   [Parallel Time: 275.4 ms, GC Workers: 2]
      [GC Worker Start (ms): Min: 31733710.4, Avg: 31733710.4, Max: 31733710.5, Diff: 0.1]
      [Ext Root Scanning (ms): Min: 68.0, Avg: 77.1, Max: 86.1, Diff: 18.0, Sum: 154.1]
      [Update RS (ms): Min: 7.4, Avg: 19.4, Max: 31.4, Diff: 24.0, Sum: 38.7]
         [Processed Buffers: Min: 127, Avg: 160.5, Max: 194, Diff: 67, Sum: 321]
      [Scan RS (ms): Min: 69.0, Avg: 69.0, Max: 69.1, Diff: 0.0, Sum: 138.1]
      [Object Copy (ms): Min: 106.7, Avg: 109.7, Max: 112.8, Diff: 6.1, Sum: 219.4]
      [Termination (ms): Min: 0.0, Avg: 0.0, Max: 0.0, Diff: 0.0, Sum: 0.0]
      [GC Worker Other (ms): Min: 0.1, Avg: 0.1, Max: 0.1, Diff: 0.0, Sum: 0.2]
      [GC Worker Total (ms): Min: 275.2, Avg: 275.3, Max: 275.3, Diff: 0.1, Sum: 550.5]
      [GC Worker End (ms): Min: 31733985.7, Avg: 31733985.7, Max: 31733985.7, Diff: 0.0]
   [Code Root Fixup: 0.0 ms]
   [Clear CT: 1.0 ms]
   [Other: 16.8 ms]
      [Choose CSet: 2.2 ms]
      [Ref Proc: 7.8 ms]
      [Ref Enq: 0.1 ms]
      [Free CSet: 5.2 ms]
   [Eden: 993.0M(993.0M)->0.0B(981.0M) Survivors: 31.0M->43.0M Heap: 2228.5M(3072.0M)->1022.5M(3072.0M)]
 [Times: user=0.57 sys=0.00, real=0.30 secs] 
31742.133: [GC pause (mixed)
Desired survivor size 67108864 bytes, new threshold 16 (max 32)
- age   1:   30575712 bytes,   30575712 total
- age   2:   11611192 bytes,   42186904 total
, 0.2906860 secs]
   [Parallel Time: 274.7 ms, GC Workers: 2]
      [GC Worker Start (ms): Min: 31742134.2, Avg: 31742134.6, Max: 31742134.9, Diff: 0.6]
      [Ext Root Scanning (ms): Min: 71.1, Avg: 81.3, Max: 91.6, Diff: 20.5, Sum: 162.7]
      [Update RS (ms): Min: 19.3, Avg: 32.3, Max: 45.3, Diff: 26.0, Sum: 64.6]
         [Processed Buffers: Min: 106, Avg: 159.0, Max: 212, Diff: 106, Sum: 318]
      [Scan RS (ms): Min: 47.8, Avg: 47.9, Max: 48.0, Diff: 0.2, Sum: 95.8]
      [Object Copy (ms): Min: 109.5, Avg: 112.6, Max: 115.8, Diff: 6.2, Sum: 225.3]
      [Termination (ms): Min: 0.0, Avg: 0.0, Max: 0.0, Diff: 0.0, Sum: 0.0]
      [GC Worker Other (ms): Min: 0.1, Avg: 0.1, Max: 0.1, Diff: 0.0, Sum: 0.2]
      [GC Worker Total (ms): Min: 274.0, Avg: 274.3, Max: 274.6, Diff: 0.6, Sum: 548.5]
      [GC Worker End (ms): Min: 31742408.8, Avg: 31742408.8, Max: 31742408.8, Diff: 0.0]
   [Code Root Fixup: 0.0 ms]
   [Clear CT: 1.1 ms]
   [Other: 14.9 ms]
      [Choose CSet: 1.0 ms]
      [Ref Proc: 9.0 ms]
      [Ref Enq: 0.1 ms]
      [Free CSet: 3.4 ms]
   [Eden: 981.0M(981.0M)->0.0B(971.0M) Survivors: 43.0M->53.0M Heap: 2010.0M(3072.0M)->986.5M(3072.0M)]
 [Times: user=0.56 sys=0.00, real=0.29 secs] 
31748.622: [GC pause (young)
Desired survivor size 67108864 bytes, new threshold 16 (max 32)
- age   1:   25996256 bytes,   25996256 total
- age   2:   13610624 bytes,   39606880 total
- age   3:   10419272 bytes,   50026152 total
, 0.2535710 secs]
   [Parallel Time: 241.2 ms, GC Workers: 2]
      [GC Worker Start (ms): Min: 31748622.7, Avg: 31748622.7, Max: 31748622.7, Diff: 0.0]
      [Ext Root Scanning (ms): Min: 69.1, Avg: 79.8, Max: 90.5, Diff: 21.5, Sum: 159.6]
      [Update RS (ms): Min: 12.1, Avg: 26.1, Max: 40.1, Diff: 28.0, Sum: 52.2]
         [Processed Buffers: Min: 144, Avg: 178.5, Max: 213, Diff: 69, Sum: 357]
      [Scan RS (ms): Min: 15.6, Avg: 15.7, Max: 15.8, Diff: 0.3, Sum: 31.4]
      [Object Copy (ms): Min: 116.3, Avg: 119.5, Max: 122.6, Diff: 6.3, Sum: 238.9]
      [Termination (ms): Min: 0.0, Avg: 0.0, Max: 0.0, Diff: 0.0, Sum: 0.0]
      [GC Worker Other (ms): Min: 0.1, Avg: 0.1, Max: 0.1, Diff: 0.0, Sum: 0.2]
      [GC Worker Total (ms): Min: 241.1, Avg: 241.1, Max: 241.2, Diff: 0.1, Sum: 482.3]
      [GC Worker End (ms): Min: 31748863.8, Avg: 31748863.8, Max: 31748863.9, Diff: 0.0]
   [Code Root Fixup: 0.0 ms]
   [Clear CT: 1.1 ms]
   [Other: 11.2 ms]
      [Choose CSet: 0.0 ms]
      [Ref Proc: 7.6 ms]
      [Ref Enq: 0.1 ms]
      [Free CSet: 2.3 ms]
   [Eden: 971.0M(971.0M)->0.0B(962.0M) Survivors: 53.0M->62.0M Heap: 1982.6M(3072.0M)->1020.6M(3072.0M)]
 [Times: user=0.49 sys=0.00, real=0.26 secs] 
31754.466: [GC pause (young)
Desired survivor size 67108864 bytes, new threshold 16 (max 32)
- age   1:   34960464 bytes,   34960464 total
- age   2:    8633824 bytes,   43594288 total
- age   3:    7756840 bytes,   51351128 total
- age   4:    8728640 bytes,   60079768 total
, 0.2592670 secs]
   [Parallel Time: 249.7 ms, GC Workers: 2]
      [GC Worker Start (ms): Min: 31754467.0, Avg: 31754467.0, Max: 31754467.0, Diff: 0.0]
      [Ext Root Scanning (ms): Min: 69.8, Avg: 78.7, Max: 87.6, Diff: 17.8, Sum: 157.3]
      [Update RS (ms): Min: 15.4, Avg: 27.4, Max: 39.4, Diff: 24.1, Sum: 54.8]
         [Processed Buffers: Min: 143, Avg: 163.0, Max: 183, Diff: 40, Sum: 326]
      [Scan RS (ms): Min: 14.4, Avg: 14.5, Max: 14.5, Diff: 0.1, Sum: 28.9]
      [Object Copy (ms): Min: 126.0, Avg: 129.0, Max: 132.0, Diff: 6.1, Sum: 258.0]
      [Termination (ms): Min: 0.0, Avg: 0.0, Max: 0.0, Diff: 0.0, Sum: 0.0]
      [GC Worker Other (ms): Min: 0.1, Avg: 0.1, Max: 0.1, Diff: 0.0, Sum: 0.2]
      [GC Worker Total (ms): Min: 249.6, Avg: 249.6, Max: 249.6, Diff: 0.0, Sum: 499.3]
      [GC Worker End (ms): Min: 31754716.6, Avg: 31754716.6, Max: 31754716.6, Diff: 0.0]
   [Code Root Fixup: 0.0 ms]
   [Clear CT: 0.7 ms]
   [Other: 8.9 ms]
      [Choose CSet: 0.0 ms]
      [Ref Proc: 5.2 ms]
      [Ref Enq: 0.1 ms]
      [Free CSet: 2.4 ms]
   [Eden: 962.0M(962.0M)->0.0B(954.0M) Survivors: 62.0M->70.0M Heap: 2006.9M(3072.0M)->1053.4M(3072.0M)]
 [Times: user=0.51 sys=0.00, real=0.26 secs] 
31759.629: [GC pause (young)
Desired survivor size 67108864 bytes, new threshold 5 (max 32)
- age   1:   39613336 bytes,   39613336 total
- age   2:    9558424 bytes,   49171760 total
- age   3:    5439088 bytes,   54610848 total
- age   4:    6544864 bytes,   61155712 total
- age   5:    8455520 bytes,   69611232 total
, 0.5751470 secs]
   [Parallel Time: 564.6 ms, GC Workers: 2]
      [GC Worker Start (ms): Min: 31759630.0, Avg: 31759630.0, Max: 31759630.0, Diff: 0.0]
      [Ext Root Scanning (ms): Min: 71.3, Avg: 79.8, Max: 88.4, Diff: 17.1, Sum: 159.7]
      [Update RS (ms): Min: 8.3, Avg: 19.7, Max: 31.1, Diff: 22.8, Sum: 39.4]
         [Processed Buffers: Min: 116, Avg: 159.5, Max: 203, Diff: 87, Sum: 319]
      [Scan RS (ms): Min: 26.8, Avg: 26.9, Max: 27.0, Diff: 0.2, Sum: 53.9]
      [Object Copy (ms): Min: 434.8, Avg: 437.8, Max: 440.7, Diff: 5.9, Sum: 875.5]
      [Termination (ms): Min: 0.0, Avg: 0.0, Max: 0.0, Diff: 0.0, Sum: 0.0]
      [GC Worker Other (ms): Min: 0.1, Avg: 0.2, Max: 0.2, Diff: 0.1, Sum: 0.3]
      [GC Worker Total (ms): Min: 564.3, Avg: 564.4, Max: 564.5, Diff: 0.1, Sum: 1128.8]
      [GC Worker End (ms): Min: 31760194.3, Avg: 31760194.4, Max: 31760194.5, Diff: 0.1]
   [Code Root Fixup: 0.0 ms]
   [Clear CT: 0.7 ms]
   [Other: 9.9 ms]
      [Choose CSet: 0.0 ms]
      [Ref Proc: 5.4 ms]
      [Ref Enq: 0.1 ms]
      [Free CSet: 2.7 ms]
   [Eden: 954.0M(954.0M)->0.0B(896.0M) Survivors: 70.0M->128.0M Heap: 2034.3M(3072.0M)->1190.8M(3072.0M)]
 [Times: user=1.14 sys=0.00, real=0.58 secs] 
31763.561: [GC pause (young)
Desired survivor size 67108864 bytes, new threshold 1 (max 32)
- age   1:  131610904 bytes,  131610904 total
- age   2:   24506272 bytes,  156117176 total
- age   3:    8099816 bytes,  164216992 total
- age   4:    3747744 bytes,  167964736 total
- age   5:    5964584 bytes,  173929320 total
, 0.7151900 secs]
   [Parallel Time: 703.3 ms, GC Workers: 2]
      [GC Worker Start (ms): Min: 31763562.7, Avg: 31763562.8, Max: 31763562.8, Diff: 0.0]
      [Ext Root Scanning (ms): Min: 68.7, Avg: 77.7, Max: 86.7, Diff: 18.0, Sum: 155.3]
      [Update RS (ms): Min: 41.4, Avg: 53.5, Max: 65.6, Diff: 24.1, Sum: 107.0]
         [Processed Buffers: Min: 112, Avg: 168.5, Max: 225, Diff: 113, Sum: 337]
      [Scan RS (ms): Min: 97.2, Avg: 97.3, Max: 97.3, Diff: 0.1, Sum: 194.5]
      [Object Copy (ms): Min: 471.7, Avg: 474.7, Max: 477.7, Diff: 6.0, Sum: 949.3]
      [Termination (ms): Min: 0.0, Avg: 0.0, Max: 0.0, Diff: 0.0, Sum: 0.0]
      [GC Worker Other (ms): Min: 0.1, Avg: 0.1, Max: 0.1, Diff: 0.0, Sum: 0.2]
      [GC Worker Total (ms): Min: 703.2, Avg: 703.2, Max: 703.2, Diff: 0.0, Sum: 1406.4]
      [GC Worker End (ms): Min: 31764265.9, Avg: 31764266.0, Max: 31764266.0, Diff: 0.0]
   [Code Root Fixup: 0.0 ms]
   [Clear CT: 0.7 ms]
   [Other: 11.1 ms]
      [Choose CSet: 0.0 ms]
      [Ref Proc: 3.2 ms]
      [Ref Enq: 0.1 ms]
      [Free CSet: 4.1 ms]
   [Eden: 896.0M(896.0M)->0.0B(944.0M) Survivors: 128.0M->80.0M Heap: 2092.8M(3072.0M)->1264.8M(3072.0M)]
 [Times: user=1.41 sys=0.01, real=0.72 secs] 
31769.706: [GC pause (young)
Desired survivor size 67108864 bytes, new threshold 1 (max 32)
- age   1:   81525056 bytes,   81525056 total
, 0.4163530 secs]
   [Parallel Time: 404.6 ms, GC Workers: 2]
      [GC Worker Start (ms): Min: 31769708.0, Avg: 31769708.0, Max: 31769708.0, Diff: 0.0]
      [Ext Root Scanning (ms): Min: 71.1, Avg: 78.4, Max: 85.6, Diff: 14.4, Sum: 156.7]
      [Update RS (ms): Min: 62.5, Avg: 72.0, Max: 81.6, Diff: 19.1, Sum: 144.1]
         [Processed Buffers: Min: 156, Avg: 167.5, Max: 179, Diff: 23, Sum: 335]
      [Scan RS (ms): Min: 54.1, Avg: 54.2, Max: 54.3, Diff: 0.2, Sum: 108.4]
      [Object Copy (ms): Min: 197.5, Avg: 199.7, Max: 201.9, Diff: 4.5, Sum: 399.4]
      [Termination (ms): Min: 0.1, Avg: 0.1, Max: 0.1, Diff: 0.0, Sum: 0.1]
      [GC Worker Other (ms): Min: 0.1, Avg: 0.1, Max: 0.1, Diff: 0.1, Sum: 0.2]
      [GC Worker Total (ms): Min: 404.5, Avg: 404.5, Max: 404.5, Diff: 0.0, Sum: 809.0]
      [GC Worker End (ms): Min: 31770112.5, Avg: 31770112.5, Max: 31770112.5, Diff: 0.0]
   [Code Root Fixup: 0.0 ms]
   [Clear CT: 1.0 ms]
   [Other: 10.8 ms]
      [Choose CSet: 0.0 ms]
      [Ref Proc: 4.4 ms]
      [Ref Enq: 0.1 ms]
      [Free CSet: 3.7 ms]
   [Eden: 944.0M(944.0M)->0.0B(985.0M) Survivors: 80.0M->39.0M Heap: 2226.1M(3072.0M)->1283.6M(3072.0M)]
 [Times: user=0.82 sys=0.00, real=0.41 secs] 
31776.192: [GC pause (young)
Desired survivor size 67108864 bytes, new threshold 16 (max 32)
- age   1:   39090088 bytes,   39090088 total
, 0.3828330 secs]
   [Parallel Time: 365.6 ms, GC Workers: 2]
      [GC Worker Start (ms): Min: 31776194.2, Avg: 31776194.2, Max: 31776194.2, Diff: 0.0]
      [Ext Root Scanning (ms): Min: 72.9, Avg: 82.7, Max: 92.4, Diff: 19.6, Sum: 165.3]
      [Update RS (ms): Min: 42.9, Avg: 54.9, Max: 67.0, Diff: 24.1, Sum: 109.9]
         [Processed Buffers: Min: 92, Avg: 161.0, Max: 230, Diff: 138, Sum: 322]
      [Scan RS (ms): Min: 54.7, Avg: 54.8, Max: 54.9, Diff: 0.2, Sum: 109.6]
      [Object Copy (ms): Min: 170.5, Avg: 172.9, Max: 175.2, Diff: 4.7, Sum: 345.7]
      [Termination (ms): Min: 0.0, Avg: 0.0, Max: 0.0, Diff: 0.0, Sum: 0.0]
      [GC Worker Other (ms): Min: 0.1, Avg: 0.2, Max: 0.2, Diff: 0.0, Sum: 0.3]
      [GC Worker Total (ms): Min: 365.4, Avg: 365.5, Max: 365.5, Diff: 0.0, Sum: 730.9]
      [GC Worker End (ms): Min: 31776559.6, Avg: 31776559.6, Max: 31776559.6, Diff: 0.0]
   [Code Root Fixup: 0.0 ms]
   [Clear CT: 0.7 ms]
   [Other: 16.6 ms]
      [Choose CSet: 0.0 ms]
      [Ref Proc: 9.1 ms]
      [Ref Enq: 0.2 ms]
      [Free CSet: 5.0 ms]
   [Eden: 985.0M(985.0M)->0.0B(954.0M) Survivors: 39.0M->70.0M Heap: 2293.2M(3072.0M)->1338.7M(3072.0M)]
 [Times: user=0.75 sys=0.00, real=0.38 secs] 
31777.692: [GC pause (young) (initial-mark)
Desired survivor size 67108864 bytes, new threshold 2 (max 32)
- age   1:   43207560 bytes,   43207560 total
- age   2:   25108768 bytes,   68316328 total
, 0.3417640 secs]
   [Parallel Time: 336.3 ms, GC Workers: 2]
      [GC Worker Start (ms): Min: 31777693.0, Avg: 31777693.0, Max: 31777693.0, Diff: 0.0]
      [Ext Root Scanning (ms): Min: 64.4, Avg: 81.6, Max: 98.9, Diff: 34.5, Sum: 163.2]
      [Update RS (ms): Min: 22.7, Avg: 36.5, Max: 50.2, Diff: 27.6, Sum: 72.9]
         [Processed Buffers: Min: 94, Avg: 149.5, Max: 205, Diff: 111, Sum: 299]
      [Scan RS (ms): Min: 33.6, Avg: 33.7, Max: 33.7, Diff: 0.1, Sum: 67.3]
      [Object Copy (ms): Min: 180.8, Avg: 184.3, Max: 187.9, Diff: 7.1, Sum: 368.6]
      [Termination (ms): Min: 0.0, Avg: 0.0, Max: 0.0, Diff: 0.0, Sum: 0.0]
      [GC Worker Other (ms): Min: 0.1, Avg: 0.1, Max: 0.1, Diff: 0.0, Sum: 0.2]
      [GC Worker Total (ms): Min: 336.1, Avg: 336.1, Max: 336.1, Diff: 0.0, Sum: 672.3]
      [GC Worker End (ms): Min: 31778029.1, Avg: 31778029.1, Max: 31778029.1, Diff: 0.0]
   [Code Root Fixup: 0.0 ms]
   [Clear CT: 0.3 ms]
   [Other: 5.2 ms]
      [Choose CSet: 0.0 ms]
      [Ref Proc: 1.8 ms]
      [Ref Enq: 0.0 ms]
      [Free CSet: 1.2 ms]
   [Eden: 155.0M(954.0M)->0.0B(976.0M) Survivors: 70.0M->48.0M Heap: 1496.7M(3072.0M)->1344.7M(3072.0M)]
 [Times: user=0.68 sys=0.00, real=0.34 secs] 
31778.034: [GC concurrent-root-region-scan-start]
31778.218: [GC concurrent-root-region-scan-end, 0.1835300 secs]
31778.218: [GC concurrent-mark-start]
31780.253: [GC concurrent-mark-end, 2.0357120 secs]
31780.256: [GC remark 31780.257: [GC ref-proc, 0.3438400 secs], 0.4162580 secs]
 [Times: user=0.42 sys=0.00, real=0.42 secs] 
31780.674: [GC cleanup 1744M->1423M(3072M), 0.0271090 secs]
 [Times: user=0.05 sys=0.00, real=0.03 secs] 
31780.701: [GC concurrent-cleanup-start]
31780.702: [GC concurrent-cleanup-end, 0.0007820 secs]
31783.995: [GC pause (young)
Desired survivor size 67108864 bytes, new threshold 16 (max 32)
- age   1:    9867968 bytes,    9867968 total
- age   2:   37616928 bytes,   47484896 total
, 0.3653780 secs]
   [Parallel Time: 352.8 ms, GC Workers: 2]
      [GC Worker Start (ms): Min: 31783996.5, Avg: 31783996.5, Max: 31783996.5, Diff: 0.0]
      [Ext Root Scanning (ms): Min: 71.1, Avg: 78.5, Max: 86.0, Diff: 14.9, Sum: 157.0]
      [Update RS (ms): Min: 53.1, Avg: 62.7, Max: 72.4, Diff: 19.3, Sum: 125.5]
         [Processed Buffers: Min: 93, Avg: 151.5, Max: 210, Diff: 117, Sum: 303]
      [Scan RS (ms): Min: 47.4, Avg: 47.6, Max: 47.9, Diff: 0.5, Sum: 95.3]
      [Object Copy (ms): Min: 161.2, Avg: 163.7, Max: 166.2, Diff: 5.0, Sum: 327.4]
      [Termination (ms): Min: 0.0, Avg: 0.0, Max: 0.0, Diff: 0.0, Sum: 0.0]
      [GC Worker Other (ms): Min: 0.1, Avg: 0.1, Max: 0.2, Diff: 0.1, Sum: 0.3]
      [GC Worker Total (ms): Min: 352.7, Avg: 352.7, Max: 352.7, Diff: 0.0, Sum: 705.4]
      [GC Worker End (ms): Min: 31784349.2, Avg: 31784349.2, Max: 31784349.3, Diff: 0.0]
   [Code Root Fixup: 0.0 ms]
   [Clear CT: 0.7 ms]
   [Other: 11.9 ms]
      [Choose CSet: 0.0 ms]
      [Ref Proc: 5.4 ms]
      [Ref Enq: 0.0 ms]
      [Free CSet: 4.1 ms]
   [Eden: 976.0M(976.0M)->0.0B(955.0M) Survivors: 48.0M->69.0M Heap: 2017.5M(3072.0M)->1063.0M(3072.0M)]
 [Times: user=0.72 sys=0.00, real=0.37 secs] 
31789.905: [GC pause (mixed)
Desired survivor size 67108864 bytes, new threshold 3 (max 32)
- age   1:   37545952 bytes,   37545952 total
- age   2:    5417616 bytes,   42963568 total
- age   3:   27109472 bytes,   70073040 total
, 0.4669920 secs]
   [Parallel Time: 453.9 ms, GC Workers: 2]
      [GC Worker Start (ms): Min: 31789906.7, Avg: 31789906.7, Max: 31789906.7, Diff: 0.0]
      [Ext Root Scanning (ms): Min: 63.3, Avg: 78.7, Max: 94.2, Diff: 30.9, Sum: 157.4]
      [Update RS (ms): Min: 51.2, Avg: 64.7, Max: 78.3, Diff: 27.2, Sum: 129.5]
         [Processed Buffers: Min: 143, Avg: 150.5, Max: 158, Diff: 15, Sum: 301]
      [Scan RS (ms): Min: 67.4, Avg: 67.6, Max: 67.7, Diff: 0.2, Sum: 135.1]
      [Object Copy (ms): Min: 241.0, Avg: 242.7, Max: 244.4, Diff: 3.4, Sum: 485.3]
      [Termination (ms): Min: 0.0, Avg: 0.0, Max: 0.0, Diff: 0.0, Sum: 0.0]
      [GC Worker Other (ms): Min: 0.1, Avg: 0.1, Max: 0.1, Diff: 0.0, Sum: 0.3]
      [GC Worker Total (ms): Min: 453.8, Avg: 453.8, Max: 453.8, Diff: 0.1, Sum: 907.6]
      [GC Worker End (ms): Min: 31790360.5, Avg: 31790360.5, Max: 31790360.5, Diff: 0.0]
   [Code Root Fixup: 0.0 ms]
   [Clear CT: 0.9 ms]
   [Other: 12.1 ms]
      [Choose CSet: 0.5 ms]
      [Ref Proc: 3.8 ms]
      [Ref Enq: 0.1 ms]
      [Free CSet: 5.2 ms]
   [Eden: 955.0M(955.0M)->0.0B(945.0M) Survivors: 69.0M->79.0M Heap: 2018.5M(3072.0M)->987.0M(3072.0M)]
 [Times: user=0.92 sys=0.00, real=0.47 secs] 
31796.188: [GC pause (mixed)
Desired survivor size 67108864 bytes, new threshold 2 (max 32)
- age   1:   48104040 bytes,   48104040 total
- age   2:   27308024 bytes,   75412064 total
- age   3:    4943568 bytes,   80355632 total
, 0.4621340 secs]
   [Parallel Time: 446.6 ms, GC Workers: 2]
      [GC Worker Start (ms): Min: 31796190.4, Avg: 31796190.4, Max: 31796190.4, Diff: 0.0]
      [Ext Root Scanning (ms): Min: 63.1, Avg: 79.4, Max: 95.8, Diff: 32.7, Sum: 158.8]
      [Update RS (ms): Min: 38.5, Avg: 53.2, Max: 68.0, Diff: 29.5, Sum: 106.4]
         [Processed Buffers: Min: 46, Avg: 148.5, Max: 251, Diff: 205, Sum: 297]
      [Scan RS (ms): Min: 81.1, Avg: 81.2, Max: 81.3, Diff: 0.2, Sum: 162.5]
      [Object Copy (ms): Min: 230.7, Avg: 232.5, Max: 234.2, Diff: 3.4, Sum: 464.9]
      [Termination (ms): Min: 0.0, Avg: 0.0, Max: 0.0, Diff: 0.0, Sum: 0.0]
      [GC Worker Other (ms): Min: 0.1, Avg: 0.1, Max: 0.1, Diff: 0.0, Sum: 0.2]
      [GC Worker Total (ms): Min: 446.4, Avg: 446.5, Max: 446.5, Diff: 0.1, Sum: 892.9]
      [GC Worker End (ms): Min: 31796636.8, Avg: 31796636.8, Max: 31796636.8, Diff: 0.0]
   [Code Root Fixup: 0.0 ms]
   [Clear CT: 1.0 ms]
   [Other: 14.5 ms]
      [Choose CSet: 0.8 ms]
      [Ref Proc: 5.2 ms]
      [Ref Enq: 0.1 ms]
      [Free CSet: 5.9 ms]
   [Eden: 945.0M(945.0M)->0.0B(956.0M) Survivors: 79.0M->68.0M Heap: 1994.6M(3072.0M)->1017.1M(3072.0M)]
 [Times: user=0.90 sys=0.01, real=0.47 secs] 
31802.250: [GC pause (young)
Desired survivor size 67108864 bytes, new threshold 2 (max 32)
- age   1:   42799472 bytes,   42799472 total
- age   2:   25971568 bytes,   68771040 total
, 0.4566230 secs]
   [Parallel Time: 444.8 ms, GC Workers: 2]
      [GC Worker Start (ms): Min: 31802251.1, Avg: 31802251.2, Max: 31802251.2, Diff: 0.0]
      [Ext Root Scanning (ms): Min: 75.6, Avg: 82.0, Max: 88.4, Diff: 12.8, Sum: 164.0]
      [Update RS (ms): Min: 52.4, Avg: 61.2, Max: 69.9, Diff: 17.5, Sum: 122.4]
         [Processed Buffers: Min: 55, Avg: 140.5, Max: 226, Diff: 171, Sum: 281]
      [Scan RS (ms): Min: 81.5, Avg: 81.5, Max: 81.6, Diff: 0.1, Sum: 163.1]
      [Object Copy (ms): Min: 217.5, Avg: 219.8, Max: 222.1, Diff: 4.6, Sum: 439.7]
      [Termination (ms): Min: 0.0, Avg: 0.0, Max: 0.0, Diff: 0.0, Sum: 0.0]
      [GC Worker Other (ms): Min: 0.1, Avg: 0.1, Max: 0.1, Diff: 0.0, Sum: 0.3]
      [GC Worker Total (ms): Min: 444.7, Avg: 444.7, Max: 444.7, Diff: 0.0, Sum: 889.4]
      [GC Worker End (ms): Min: 31802695.8, Avg: 31802695.8, Max: 31802695.9, Diff: 0.0]
   [Code Root Fixup: 0.0 ms]
   [Clear CT: 0.7 ms]
   [Other: 11.2 ms]
      [Choose CSet: 0.0 ms]
      [Ref Proc: 3.1 ms]
      [Ref Enq: 0.0 ms]
      [Free CSet: 5.4 ms]
   [Eden: 956.0M(956.0M)->0.0B(957.0M) Survivors: 68.0M->67.0M Heap: 1980.6M(3072.0M)->1046.6M(3072.0M)]
 [Times: user=0.90 sys=0.00, real=0.46 secs] 
31807.873: [GC pause (young)
Desired survivor size 67108864 bytes, new threshold 2 (max 32)
- age   1:   39854584 bytes,   39854584 total
- age   2:   27858064 bytes,   67712648 total
, 0.4177880 secs]
   [Parallel Time: 404.7 ms, GC Workers: 2]
      [GC Worker Start (ms): Min: 31807875.1, Avg: 31807875.1, Max: 31807875.2, Diff: 0.0]
      [Ext Root Scanning (ms): Min: 74.1, Avg: 82.1, Max: 90.2, Diff: 16.1, Sum: 164.3]
      [Update RS (ms): Min: 15.8, Avg: 26.5, Max: 37.2, Diff: 21.3, Sum: 53.0]
         [Processed Buffers: Min: 153, Avg: 157.0, Max: 161, Diff: 8, Sum: 314]
      [Scan RS (ms): Min: 77.1, Avg: 77.2, Max: 77.2, Diff: 0.2, Sum: 154.3]
      [Object Copy (ms): Min: 216.1, Avg: 218.7, Max: 221.2, Diff: 5.0, Sum: 437.3]
      [Termination (ms): Min: 0.0, Avg: 0.0, Max: 0.0, Diff: 0.0, Sum: 0.0]
      [GC Worker Other (ms): Min: 0.1, Avg: 0.1, Max: 0.1, Diff: 0.0, Sum: 0.2]
      [GC Worker Total (ms): Min: 404.6, Avg: 404.6, Max: 404.6, Diff: 0.0, Sum: 809.2]
      [GC Worker End (ms): Min: 31808279.7, Avg: 31808279.7, Max: 31808279.7, Diff: 0.0]
   [Code Root Fixup: 0.0 ms]
   [Clear CT: 0.9 ms]
   [Other: 12.2 ms]
      [Choose CSet: 0.0 ms]
      [Ref Proc: 4.0 ms]
      [Ref Enq: 0.1 ms]
      [Free CSet: 5.2 ms]
   [Eden: 957.0M(957.0M)->0.0B(957.0M) Survivors: 67.0M->67.0M Heap: 2066.2M(3072.0M)->1135.7M(3072.0M)]
 [Times: user=0.82 sys=0.00, real=0.41 secs] 
31813.874: [GC pause (young)
Desired survivor size 67108864 bytes, new threshold 2 (max 32)
- age   1:   39661608 bytes,   39661608 total
- age   2:   28360392 bytes,   68022000 total
, 0.4387980 secs]
   [Parallel Time: 427.2 ms, GC Workers: 2]
      [GC Worker Start (ms): Min: 31813875.2, Avg: 31813875.2, Max: 31813875.2, Diff: 0.0]
      [Ext Root Scanning (ms): Min: 75.8, Avg: 86.1, Max: 96.4, Diff: 20.6, Sum: 172.3]
      [Update RS (ms): Min: 47.6, Avg: 60.8, Max: 74.1, Diff: 26.5, Sum: 121.7]
         [Processed Buffers: Min: 57, Avg: 137.0, Max: 217, Diff: 160, Sum: 274]
      [Scan RS (ms): Min: 65.9, Avg: 66.0, Max: 66.1, Diff: 0.2, Sum: 132.0]
      [Object Copy (ms): Min: 210.9, Avg: 214.0, Max: 217.0, Diff: 6.1, Sum: 428.0]
      [Termination (ms): Min: 0.0, Avg: 0.0, Max: 0.0, Diff: 0.0, Sum: 0.0]
      [GC Worker Other (ms): Min: 0.1, Avg: 0.1, Max: 0.1, Diff: 0.0, Sum: 0.2]
      [GC Worker Total (ms): Min: 427.1, Avg: 427.1, Max: 427.1, Diff: 0.0, Sum: 854.2]
      [GC Worker End (ms): Min: 31814302.3, Avg: 31814302.3, Max: 31814302.3, Diff: 0.0]
   [Code Root Fixup: 0.0 ms]
   [Clear CT: 0.7 ms]
   [Other: 10.9 ms]
      [Choose CSet: 0.0 ms]
      [Ref Proc: 4.0 ms]
      [Ref Enq: 0.1 ms]
      [Free CSet: 4.4 ms]
   [Eden: 957.0M(957.0M)->0.0B(964.0M) Survivors: 67.0M->60.0M Heap: 2116.4M(3072.0M)->1177.4M(3072.0M)]
 [Times: user=0.86 sys=0.00, real=0.43 secs] 
31820.284: [GC pause (young)
Desired survivor size 67108864 bytes, new threshold 16 (max 32)
- age   1:   34931312 bytes,   34931312 total
- age   2:   25888648 bytes,   60819960 total
, 0.4019010 secs]
   [Parallel Time: 389.0 ms, GC Workers: 2]
      [GC Worker Start (ms): Min: 31820285.7, Avg: 31820285.8, Max: 31820285.8, Diff: 0.0]
      [Ext Root Scanning (ms): Min: 73.4, Avg: 80.9, Max: 88.4, Diff: 15.0, Sum: 161.8]
      [Update RS (ms): Min: 35.6, Avg: 45.1, Max: 54.6, Diff: 19.0, Sum: 90.2]
         [Processed Buffers: Min: 100, Avg: 136.0, Max: 172, Diff: 72, Sum: 272]
      [Scan RS (ms): Min: 61.5, Avg: 61.6, Max: 61.7, Diff: 0.1, Sum: 123.2]
      [Object Copy (ms): Min: 199.1, Avg: 201.1, Max: 203.2, Diff: 4.2, Sum: 402.3]
      [Termination (ms): Min: 0.0, Avg: 0.0, Max: 0.0, Diff: 0.0, Sum: 0.0]
      [GC Worker Other (ms): Min: 0.1, Avg: 0.1, Max: 0.1, Diff: 0.0, Sum: 0.2]
      [GC Worker Total (ms): Min: 388.9, Avg: 388.9, Max: 388.9, Diff: 0.0, Sum: 777.8]
      [GC Worker End (ms): Min: 31820674.6, Avg: 31820674.6, Max: 31820674.7, Diff: 0.0]
   [Code Root Fixup: 0.0 ms]
   [Clear CT: 0.7 ms]
   [Other: 12.2 ms]
      [Choose CSet: 0.0 ms]
      [Ref Proc: 4.1 ms]
      [Ref Enq: 0.1 ms]
      [Free CSet: 5.8 ms]
   [Eden: 964.0M(964.0M)->0.0B(936.0M) Survivors: 60.0M->88.0M Heap: 2146.4M(3072.0M)->1210.4M(3072.0M)]
 [Times: user=0.79 sys=0.01, real=0.41 secs] 
31825.832: [GC pause (young)
Desired survivor size 67108864 bytes, new threshold 3 (max 32)
- age   1:   40590000 bytes,   40590000 total
- age   2:   25153904 bytes,   65743904 total
- age   3:   23486224 bytes,   89230128 total
, 0.4482690 secs]
   [Parallel Time: 436.9 ms, GC Workers: 2]
      [GC Worker Start (ms): Min: 31825833.4, Avg: 31825833.4, Max: 31825833.4, Diff: 0.1]
      [Ext Root Scanning (ms): Min: 70.1, Avg: 79.0, Max: 87.8, Diff: 17.7, Sum: 157.9]
      [Update RS (ms): Min: 43.9, Avg: 55.7, Max: 67.5, Diff: 23.6, Sum: 111.4]
         [Processed Buffers: Min: 94, Avg: 140.5, Max: 187, Diff: 93, Sum: 281]
      [Scan RS (ms): Min: 61.9, Avg: 61.9, Max: 61.9, Diff: 0.0, Sum: 123.8]
      [Object Copy (ms): Min: 237.1, Avg: 240.1, Max: 243.1, Diff: 6.0, Sum: 480.2]
      [Termination (ms): Min: 0.0, Avg: 0.0, Max: 0.0, Diff: 0.0, Sum: 0.0]
      [GC Worker Other (ms): Min: 0.1, Avg: 0.1, Max: 0.1, Diff: 0.0, Sum: 0.2]
      [GC Worker Total (ms): Min: 436.7, Avg: 436.8, Max: 436.8, Diff: 0.1, Sum: 873.5]
      [GC Worker End (ms): Min: 31826270.1, Avg: 31826270.2, Max: 31826270.2, Diff: 0.0]
   [Code Root Fixup: 0.0 ms]
   [Clear CT: 0.7 ms]
   [Other: 10.6 ms]
      [Choose CSet: 0.0 ms]
      [Ref Proc: 3.6 ms]
      [Ref Enq: 0.0 ms]
      [Free CSet: 4.1 ms]
   [Eden: 936.0M(936.0M)->0.0B(937.0M) Survivors: 88.0M->87.0M Heap: 2170.6M(3072.0M)->1256.6M(3072.0M)]
 [Times: user=0.89 sys=0.00, real=0.45 secs] 
31830.198: [GC pause (young) (initial-mark)
Desired survivor size 67108864 bytes, new threshold 3 (max 32)
- age   1:   37753688 bytes,   37753688 total
- age   2:   27488792 bytes,   65242480 total
- age   3:   23765960 bytes,   89008440 total
, 0.3977380 secs]
   [Parallel Time: 389.6 ms, GC Workers: 2]
      [GC Worker Start (ms): Min: 31830199.6, Avg: 31830199.6, Max: 31830199.6, Diff: 0.0]
      [Ext Root Scanning (ms): Min: 62.2, Avg: 79.9, Max: 97.5, Diff: 35.3, Sum: 159.7]
      [Update RS (ms): Min: 9.0, Avg: 25.8, Max: 42.7, Diff: 33.6, Sum: 51.7]
         [Processed Buffers: Min: 103, Avg: 148.0, Max: 193, Diff: 90, Sum: 296]
      [Scan RS (ms): Min: 85.7, Avg: 85.8, Max: 85.9, Diff: 0.2, Sum: 171.5]
      [Object Copy (ms): Min: 197.0, Avg: 197.9, Max: 198.8, Diff: 1.8, Sum: 395.8]
      [Termination (ms): Min: 0.0, Avg: 0.0, Max: 0.0, Diff: 0.0, Sum: 0.0]
      [GC Worker Other (ms): Min: 0.1, Avg: 0.1, Max: 0.1, Diff: 0.0, Sum: 0.2]
      [GC Worker Total (ms): Min: 389.4, Avg: 389.4, Max: 389.5, Diff: 0.1, Sum: 778.9]
      [GC Worker End (ms): Min: 31830589.0, Avg: 31830589.1, Max: 31830589.1, Diff: 0.0]
   [Code Root Fixup: 0.0 ms]
   [Clear CT: 0.5 ms]
   [Other: 7.6 ms]
      [Choose CSet: 0.0 ms]
      [Ref Proc: 2.5 ms]
      [Ref Enq: 0.0 ms]
      [Free CSet: 2.5 ms]
   [Eden: 537.0M(937.0M)->0.0B(961.0M) Survivors: 87.0M->63.0M Heap: 1891.8M(3072.0M)->1346.8M(3072.0M)]
 [Times: user=0.78 sys=0.00, real=0.39 secs] 
31830.596: [GC concurrent-root-region-scan-start]
31830.804: [GC concurrent-root-region-scan-end, 0.2075820 secs]
31830.804: [GC concurrent-mark-start]
31833.008: [GC concurrent-mark-end, 2.2045770 secs]
31833.011: [GC remark 31833.013: [GC ref-proc, 0.0329640 secs], 0.1043370 secs]
 [Times: user=0.11 sys=0.00, real=0.10 secs] 
31833.117: [GC cleanup 1713M->1425M(3072M), 0.0258040 secs]
 [Times: user=0.05 sys=0.00, real=0.02 secs] 
31833.143: [GC concurrent-cleanup-start]
31833.144: [GC concurrent-cleanup-end, 0.0006890 secs]
31836.618: [GC pause (young)
Desired survivor size 67108864 bytes, new threshold 16 (max 32)
- age   1:   24294632 bytes,   24294632 total
- age   2:   21247960 bytes,   45542592 total
- age   3:   18961512 bytes,   64504104 total
, 0.5814730 secs]
   [Parallel Time: 571.2 ms, GC Workers: 2]
      [GC Worker Start (ms): Min: 31836619.7, Avg: 31836619.7, Max: 31836619.7, Diff: 0.0]
      [Ext Root Scanning (ms): Min: 71.0, Avg: 78.9, Max: 86.9, Diff: 15.9, Sum: 157.9]
      [Update RS (ms): Min: 7.9, Avg: 18.2, Max: 28.5, Diff: 20.6, Sum: 36.4]
         [Processed Buffers: Min: 122, Avg: 164.5, Max: 207, Diff: 85, Sum: 329]
      [Scan RS (ms): Min: 69.1, Avg: 69.1, Max: 69.1, Diff: 0.0, Sum: 138.2]
      [Object Copy (ms): Min: 402.2, Avg: 404.5, Max: 406.8, Diff: 4.7, Sum: 809.0]
      [Termination (ms): Min: 0.0, Avg: 0.0, Max: 0.0, Diff: 0.0, Sum: 0.0]
      [GC Worker Other (ms): Min: 0.1, Avg: 0.1, Max: 0.1, Diff: 0.0, Sum: 0.2]
      [GC Worker Total (ms): Min: 570.9, Avg: 570.9, Max: 570.9, Diff: 0.0, Sum: 1141.7]
      [GC Worker End (ms): Min: 31837190.5, Avg: 31837190.5, Max: 31837190.6, Diff: 0.0]
   [Code Root Fixup: 0.0 ms]
   [Clear CT: 0.7 ms]
   [Other: 9.6 ms]
      [Choose CSet: 0.0 ms]
      [Ref Proc: 4.2 ms]
      [Ref Enq: 0.1 ms]
      [Free CSet: 3.1 ms]
   [Eden: 961.0M(961.0M)->0.0B(896.0M) Survivors: 63.0M->128.0M Heap: 2066.7M(3072.0M)->1216.2M(3072.0M)]
 [Times: user=1.15 sys=0.00, real=0.58 secs] 
31841.506: [GC pause (mixed)
Desired survivor size 67108864 bytes, new threshold 1 (max 32)
- age   1:  137948752 bytes,  137948752 total
- age   2:    7068232 bytes,  145016984 total
- age   3:   15032568 bytes,  160049552 total
- age   4:   16875880 bytes,  176925432 total
, 0.5307940 secs]
   [Parallel Time: 518.1 ms, GC Workers: 2]
      [GC Worker Start (ms): Min: 31841508.4, Avg: 31841508.4, Max: 31841508.4, Diff: 0.0]
      [Ext Root Scanning (ms): Min: 70.7, Avg: 80.9, Max: 91.0, Diff: 20.3, Sum: 161.8]
      [Update RS (ms): Min: 5.1, Avg: 18.4, Max: 31.6, Diff: 26.5, Sum: 36.7]
         [Processed Buffers: Min: 25, Avg: 136.5, Max: 248, Diff: 223, Sum: 273]
      [Scan RS (ms): Min: 115.9, Avg: 116.0, Max: 116.1, Diff: 0.2, Sum: 231.9]
      [Object Copy (ms): Min: 298.2, Avg: 301.3, Max: 304.4, Diff: 6.1, Sum: 602.6]
      [Termination (ms): Min: 1.2, Avg: 1.3, Max: 1.5, Diff: 0.2, Sum: 2.7]
      [GC Worker Other (ms): Min: 0.1, Avg: 0.1, Max: 0.1, Diff: 0.0, Sum: 0.2]
      [GC Worker Total (ms): Min: 518.0, Avg: 518.0, Max: 518.0, Diff: 0.0, Sum: 1035.9]
      [GC Worker End (ms): Min: 31842026.3, Avg: 31842026.3, Max: 31842026.3, Diff: 0.0]
   [Code Root Fixup: 0.0 ms]
   [Clear CT: 0.9 ms]
   [Other: 11.8 ms]
      [Choose CSet: 0.9 ms]
      [Ref Proc: 2.9 ms]
      [Ref Enq: 0.0 ms]
      [Free CSet: 4.6 ms]
   [Eden: 896.0M(896.0M)->0.0B(977.0M) Survivors: 128.0M->47.0M Heap: 2168.3M(3072.0M)->1214.8M(3072.0M)]
 [Times: user=1.05 sys=0.00, real=0.53 secs] 
31848.253: [GC pause (mixed)
Desired survivor size 67108864 bytes, new threshold 16 (max 32)
- age   1:   46289712 bytes,   46289712 total
, 0.2928770 secs]
   [Parallel Time: 280.3 ms, GC Workers: 2]
      [GC Worker Start (ms): Min: 31848254.7, Avg: 31848254.8, Max: 31848254.8, Diff: 0.0]
      [Ext Root Scanning (ms): Min: 72.1, Avg: 79.8, Max: 87.6, Diff: 15.5, Sum: 159.7]
      [Update RS (ms): Min: 13.2, Avg: 23.2, Max: 33.2, Diff: 20.0, Sum: 46.4]
         [Processed Buffers: Min: 69, Avg: 148.0, Max: 227, Diff: 158, Sum: 296]
      [Scan RS (ms): Min: 48.5, Avg: 48.6, Max: 48.7, Diff: 0.2, Sum: 97.2]
      [Object Copy (ms): Min: 126.0, Avg: 128.2, Max: 130.4, Diff: 4.4, Sum: 256.5]
      [Termination (ms): Min: 0.0, Avg: 0.0, Max: 0.0, Diff: 0.0, Sum: 0.0]
      [GC Worker Other (ms): Min: 0.1, Avg: 0.1, Max: 0.1, Diff: 0.0, Sum: 0.3]
      [GC Worker Total (ms): Min: 280.0, Avg: 280.1, Max: 280.1, Diff: 0.0, Sum: 560.1]
      [GC Worker End (ms): Min: 31848534.8, Avg: 31848534.8, Max: 31848534.8, Diff: 0.0]
   [Code Root Fixup: 0.0 ms]
   [Clear CT: 1.1 ms]
   [Other: 11.6 ms]
      [Choose CSet: 0.8 ms]
      [Ref Proc: 6.4 ms]
      [Ref Enq: 0.1 ms]
      [Free CSet: 2.9 ms]
   [Eden: 977.0M(977.0M)->0.0B(962.0M) Survivors: 47.0M->62.0M Heap: 2194.8M(3072.0M)->1202.3M(3072.0M)]
 [Times: user=0.57 sys=0.01, real=0.29 secs] 
31853.251: [GC pause (young)
Desired survivor size 67108864 bytes, new threshold 16 (max 32)
- age   1:   27935672 bytes,   27935672 total
- age   2:   31614192 bytes,   59549864 total
, 0.3405370 secs]
   [Parallel Time: 328.7 ms, GC Workers: 2]
      [GC Worker Start (ms): Min: 31853252.2, Avg: 31853252.2, Max: 31853252.2, Diff: 0.0]
      [Ext Root Scanning (ms): Min: 72.7, Avg: 82.7, Max: 92.7, Diff: 20.0, Sum: 165.4]
      [Update RS (ms): Min: 2.9, Avg: 16.0, Max: 29.1, Diff: 26.2, Sum: 32.0]
         [Processed Buffers: Min: 14, Avg: 149.5, Max: 285, Diff: 271, Sum: 299]
      [Scan RS (ms): Min: 49.0, Avg: 49.1, Max: 49.2, Diff: 0.2, Sum: 98.3]
      [Object Copy (ms): Min: 177.5, Avg: 180.5, Max: 183.5, Diff: 6.0, Sum: 361.1]
      [Termination (ms): Min: 0.0, Avg: 0.0, Max: 0.0, Diff: 0.0, Sum: 0.0]
      [GC Worker Other (ms): Min: 0.1, Avg: 0.1, Max: 0.1, Diff: 0.0, Sum: 0.2]
      [GC Worker Total (ms): Min: 328.5, Avg: 328.5, Max: 328.5, Diff: 0.0, Sum: 657.0]
      [GC Worker End (ms): Min: 31853580.7, Avg: 31853580.7, Max: 31853580.7, Diff: 0.0]
   [Code Root Fixup: 0.0 ms]
   [Clear CT: 0.7 ms]
   [Other: 11.1 ms]
      [Choose CSet: 0.0 ms]
      [Ref Proc: 5.9 ms]
      [Ref Enq: 0.1 ms]
      [Free CSet: 3.4 ms]
   [Eden: 962.0M(962.0M)->0.0B(939.0M) Survivors: 62.0M->85.0M Heap: 2219.2M(3072.0M)->1280.2M(3072.0M)]
 [Times: user=0.67 sys=0.00, real=0.34 secs] 
31860.036: [GC pause (young)
Desired survivor size 67108864 bytes, new threshold 3 (max 32)
- age   1:   40852944 bytes,   40852944 total
- age   2:   15191320 bytes,   56044264 total
- age   3:   29532632 bytes,   85576896 total
, 0.3105350 secs]
   [Parallel Time: 300.6 ms, GC Workers: 2]
      [GC Worker Start (ms): Min: 31860036.6, Avg: 31860036.6, Max: 31860036.6, Diff: 0.0]
      [Ext Root Scanning (ms): Min: 71.2, Avg: 79.9, Max: 88.7, Diff: 17.5, Sum: 159.9]
      [Update RS (ms): Min: 12.1, Avg: 24.0, Max: 36.0, Diff: 23.8, Sum: 48.1]
         [Processed Buffers: Min: 116, Avg: 139.0, Max: 162, Diff: 46, Sum: 278]
      [Scan RS (ms): Min: 32.1, Avg: 32.1, Max: 32.2, Diff: 0.1, Sum: 64.2]
      [Object Copy (ms): Min: 161.1, Avg: 164.2, Max: 167.3, Diff: 6.3, Sum: 328.4]
      [Termination (ms): Min: 0.0, Avg: 0.0, Max: 0.0, Diff: 0.0, Sum: 0.0]
      [GC Worker Other (ms): Min: 0.1, Avg: 0.1, Max: 0.1, Diff: 0.0, Sum: 0.2]
      [GC Worker Total (ms): Min: 300.4, Avg: 300.4, Max: 300.4, Diff: 0.0, Sum: 600.8]
      [GC Worker End (ms): Min: 31860337.0, Avg: 31860337.0, Max: 31860337.1, Diff: 0.0]
   [Code Root Fixup: 0.0 ms]
   [Clear CT: 1.0 ms]
   [Other: 8.9 ms]
      [Choose CSet: 0.0 ms]
      [Ref Proc: 5.2 ms]
      [Ref Enq: 0.1 ms]
      [Free CSet: 2.2 ms]
   [Eden: 939.0M(939.0M)->0.0B(965.0M) Survivors: 85.0M->59.0M Heap: 2238.9M(3072.0M)->1302.9M(3072.0M)]
 [Times: user=0.60 sys=0.00, real=0.31 secs] 
31865.132: [GC pause (young)
Desired survivor size 67108864 bytes, new threshold 16 (max 32)
- age   1:   28280944 bytes,   28280944 total
- age   2:   20647240 bytes,   48928184 total
- age   3:    9671624 bytes,   58599808 total
, 0.2377160 secs]
   [Parallel Time: 228.8 ms, GC Workers: 2]
      [GC Worker Start (ms): Min: 31865132.6, Avg: 31865133.2, Max: 31865133.9, Diff: 1.3]
      [Ext Root Scanning (ms): Min: 66.8, Avg: 79.7, Max: 92.6, Diff: 25.7, Sum: 159.4]
      [Update RS (ms): Min: 0.0, Avg: 8.5, Max: 17.0, Diff: 17.0, Sum: 17.0]
         [Processed Buffers: Min: 0, Avg: 142.5, Max: 285, Diff: 285, Sum: 285]
      [Scan RS (ms): Min: 17.0, Avg: 23.9, Max: 30.8, Diff: 13.8, Sum: 47.8]
      [Object Copy (ms): Min: 112.7, Avg: 115.9, Max: 119.1, Diff: 6.4, Sum: 231.7]
      [Termination (ms): Min: 0.0, Avg: 0.0, Max: 0.0, Diff: 0.0, Sum: 0.0]
      [GC Worker Other (ms): Min: 0.1, Avg: 0.1, Max: 0.1, Diff: 0.0, Sum: 0.2]
      [GC Worker Total (ms): Min: 227.4, Avg: 228.1, Max: 228.7, Diff: 1.3, Sum: 456.2]
      [GC Worker End (ms): Min: 31865361.3, Avg: 31865361.3, Max: 31865361.3, Diff: 0.0]
   [Code Root Fixup: 0.0 ms]
   [Clear CT: 0.8 ms]
   [Other: 8.2 ms]
      [Choose CSet: 0.0 ms]
      [Ref Proc: 4.9 ms]
      [Ref Enq: 0.1 ms]
      [Free CSet: 2.1 ms]
   [Eden: 762.0M(965.0M)->0.0B(963.0M) Survivors: 59.0M->61.0M Heap: 2074.4M(3072.0M)->1314.9M(3072.0M)]
 [Times: user=0.46 sys=0.00, real=0.23 secs] 
31872.050: [GC pause (young)
Desired survivor size 67108864 bytes, new threshold 16 (max 32)
- age   1:   23097656 bytes,   23097656 total
- age   2:   11330912 bytes,   34428568 total
- age   3:   17006008 bytes,   51434576 total
- age   4:    8730264 bytes,   60164840 total
, 0.3720710 secs]
   [Parallel Time: 362.0 ms, GC Workers: 2]
      [GC Worker Start (ms): Min: 31872050.4, Avg: 31872050.5, Max: 31872050.5, Diff: 0.1]
      [Ext Root Scanning (ms): Min: 72.5, Avg: 82.9, Max: 93.3, Diff: 20.8, Sum: 165.8]
      [Update RS (ms): Min: 16.2, Avg: 28.9, Max: 41.5, Diff: 25.3, Sum: 57.7]
         [Processed Buffers: Min: 75, Avg: 159.5, Max: 244, Diff: 169, Sum: 319]
      [Scan RS (ms): Min: 21.8, Avg: 21.8, Max: 21.8, Diff: 0.0, Sum: 43.6]
      [Object Copy (ms): Min: 225.9, Avg: 228.2, Max: 230.5, Diff: 4.6, Sum: 456.3]
      [Termination (ms): Min: 0.0, Avg: 0.0, Max: 0.0, Diff: 0.0, Sum: 0.0]
      [GC Worker Other (ms): Min: 0.1, Avg: 0.1, Max: 0.1, Diff: 0.0, Sum: 0.2]
      [GC Worker Total (ms): Min: 361.8, Avg: 361.9, Max: 361.9, Diff: 0.1, Sum: 723.7]
      [GC Worker End (ms): Min: 31872412.3, Avg: 31872412.3, Max: 31872412.3, Diff: 0.0]
   [Code Root Fixup: 0.0 ms]
   [Clear CT: 1.4 ms]
   [Other: 8.6 ms]
      [Choose CSet: 0.0 ms]
      [Ref Proc: 5.2 ms]
      [Ref Enq: 0.1 ms]
      [Free CSet: 2.2 ms]
   [Eden: 963.0M(963.0M)->0.0B(915.0M) Survivors: 61.0M->109.0M Heap: 2292.5M(3072.0M)->1377.5M(3072.0M)]
 [Times: user=0.73 sys=0.00, real=0.37 secs] 
31876.724: [GC pause (young)
Desired survivor size 67108864 bytes, new threshold 1 (max 32)
- age   1:   70635216 bytes,   70635216 total
- age   2:    9330984 bytes,   79966200 total
- age   3:    6954896 bytes,   86921096 total
- age   4:   15820968 bytes,  102742064 total
- age   5:    8360816 bytes,  111102880 total
, 0.6013770 secs]
   [Parallel Time: 595.0 ms, GC Workers: 2]
      [GC Worker Start (ms): Min: 31876724.5, Avg: 31876725.3, Max: 31876726.0, Diff: 1.5]
      [Ext Root Scanning (ms): Min: 68.5, Avg: 78.5, Max: 88.6, Diff: 20.2, Sum: 157.1]
      [Update RS (ms): Min: 55.0, Avg: 67.1, Max: 79.2, Diff: 24.2, Sum: 134.2]
         [Processed Buffers: Min: 156, Avg: 157.5, Max: 159, Diff: 3, Sum: 315]
      [Scan RS (ms): Min: 4.5, Avg: 4.5, Max: 4.5, Diff: 0.0, Sum: 9.1]
      [Object Copy (ms): Min: 441.1, Avg: 443.9, Max: 446.6, Diff: 5.5, Sum: 887.7]
      [Termination (ms): Min: 0.0, Avg: 0.0, Max: 0.0, Diff: 0.0, Sum: 0.0]
      [GC Worker Other (ms): Min: 0.1, Avg: 0.1, Max: 0.1, Diff: 0.0, Sum: 0.2]
      [GC Worker Total (ms): Min: 593.3, Avg: 594.1, Max: 594.9, Diff: 1.6, Sum: 1188.2]
      [GC Worker End (ms): Min: 31877319.4, Avg: 31877319.4, Max: 31877319.4, Diff: 0.0]
   [Code Root Fixup: 0.0 ms]
   [Clear CT: 0.6 ms]
   [Other: 5.8 ms]
      [Choose CSet: 0.0 ms]
      [Ref Proc: 1.8 ms]
      [Ref Enq: 0.0 ms]
      [Free CSet: 1.9 ms]
   [Eden: 915.0M(915.0M)->0.0B(911.0M) Survivors: 109.0M->113.0M Heap: 2294.5M(3072.0M)->1463.0M(3072.0M)]
 [Times: user=1.19 sys=0.01, real=0.61 secs] 
31877.761: [GC pause (young) (initial-mark)
Desired survivor size 67108864 bytes, new threshold 1 (max 32)
- age   1:  113992696 bytes,  113992696 total
, 0.4461370 secs]
   [Parallel Time: 440.7 ms, GC Workers: 2]
      [GC Worker Start (ms): Min: 31877762.3, Avg: 31877762.4, Max: 31877762.4, Diff: 0.1]
      [Ext Root Scanning (ms): Min: 66.1, Avg: 84.9, Max: 103.7, Diff: 37.6, Sum: 169.8]
      [Update RS (ms): Min: 15.1, Avg: 32.9, Max: 50.6, Diff: 35.5, Sum: 65.7]
         [Processed Buffers: Min: 71, Avg: 129.0, Max: 187, Diff: 116, Sum: 258]
      [Scan RS (ms): Min: 44.9, Avg: 44.9, Max: 45.0, Diff: 0.1, Sum: 89.9]
      [Object Copy (ms): Min: 276.8, Avg: 277.8, Max: 278.8, Diff: 2.1, Sum: 555.6]
      [Termination (ms): Min: 0.0, Avg: 0.0, Max: 0.0, Diff: 0.0, Sum: 0.0]
      [GC Worker Other (ms): Min: 0.1, Avg: 0.1, Max: 0.1, Diff: 0.0, Sum: 0.2]
      [GC Worker Total (ms): Min: 440.5, Avg: 440.6, Max: 440.6, Diff: 0.1, Sum: 881.1]
      [GC Worker End (ms): Min: 31878202.9, Avg: 31878202.9, Max: 31878203.0, Diff: 0.0]
   [Code Root Fixup: 0.0 ms]
   [Clear CT: 0.4 ms]
   [Other: 5.0 ms]
      [Choose CSet: 0.0 ms]
      [Ref Proc: 1.0 ms]
      [Ref Enq: 0.0 ms]
      [Free CSet: 0.8 ms]
   [Eden: 93.0M(911.0M)->0.0B(1016.0M) Survivors: 113.0M->8192.0K Heap: 1555.6M(3072.0M)->1467.0M(3072.0M)]
 [Times: user=0.89 sys=0.00, real=0.45 secs] 
31878.208: [GC concurrent-root-region-scan-start]
31878.225: [GC concurrent-root-region-scan-end, 0.0168220 secs]
31878.225: [GC concurrent-mark-start]
31880.097: [GC concurrent-mark-end, 1.8720700 secs]
31880.100: [GC remark 31880.102: [GC ref-proc, 0.1286510 secs], 0.2064150 secs]
 [Times: user=0.21 sys=0.00, real=0.21 secs] 
31880.308: [GC cleanup 1753M->1383M(3072M), 0.0262510 secs]
 [Times: user=0.05 sys=0.00, real=0.02 secs] 
31880.335: [GC concurrent-cleanup-start]
31880.336: [GC concurrent-cleanup-end, 0.0009940 secs]
31883.967: [GC pause (young)
Desired survivor size 67108864 bytes, new threshold 16 (max 32)
- age   1:    7057040 bytes,    7057040 total
, 0.4451540 secs]
   [Parallel Time: 435.1 ms, GC Workers: 2]
      [GC Worker Start (ms): Min: 31883968.3, Avg: 31883968.3, Max: 31883968.3, Diff: 0.0]
      [Ext Root Scanning (ms): Min: 73.3, Avg: 84.0, Max: 94.7, Diff: 21.4, Sum: 168.1]
      [Update RS (ms): Min: 51.6, Avg: 65.0, Max: 78.4, Diff: 26.8, Sum: 130.0]
         [Processed Buffers: Min: 160, Avg: 166.5, Max: 173, Diff: 13, Sum: 333]
      [Scan RS (ms): Min: 48.0, Avg: 48.1, Max: 48.1, Diff: 0.1, Sum: 96.1]
      [Object Copy (ms): Min: 235.2, Avg: 237.8, Max: 240.4, Diff: 5.2, Sum: 475.7]
      [Termination (ms): Min: 0.0, Avg: 0.0, Max: 0.0, Diff: 0.0, Sum: 0.0]
      [GC Worker Other (ms): Min: 0.1, Avg: 0.1, Max: 0.2, Diff: 0.1, Sum: 0.3]
      [GC Worker Total (ms): Min: 435.0, Avg: 435.0, Max: 435.0, Diff: 0.0, Sum: 870.1]
      [GC Worker End (ms): Min: 31884403.3, Avg: 31884403.3, Max: 31884403.3, Diff: 0.0]
   [Code Root Fixup: 0.0 ms]
   [Clear CT: 0.6 ms]
   [Other: 9.4 ms]
      [Choose CSet: 0.0 ms]
      [Ref Proc: 3.1 ms]
      [Ref Enq: 0.0 ms]
      [Free CSet: 4.1 ms]
   [Eden: 1016.0M(1016.0M)->0.0B(942.0M) Survivors: 8192.0K->82.0M Heap: 2143.7M(3072.0M)->1202.2M(3072.0M)]
 [Times: user=0.87 sys=0.00, real=0.44 secs] 
31889.958: [GC pause (mixed)
Desired survivor size 67108864 bytes, new threshold 1 (max 32)
- age   1:   78153480 bytes,   78153480 total
- age   2:    4194360 bytes,   82347840 total
, 0.6028090 secs]
   [Parallel Time: 589.4 ms, GC Workers: 2]
      [GC Worker Start (ms): Min: 31889959.5, Avg: 31889959.5, Max: 31889959.5, Diff: 0.0]
      [Ext Root Scanning (ms): Min: 73.6, Avg: 81.0, Max: 88.4, Diff: 14.8, Sum: 161.9]
      [Update RS (ms): Min: 72.0, Avg: 81.8, Max: 91.6, Diff: 19.6, Sum: 163.6]
         [Processed Buffers: Min: 127, Avg: 149.5, Max: 172, Diff: 45, Sum: 299]
      [Scan RS (ms): Min: 78.2, Avg: 78.3, Max: 78.5, Diff: 0.3, Sum: 156.7]
      [Object Copy (ms): Min: 345.8, Avg: 348.1, Max: 350.3, Diff: 4.5, Sum: 696.2]
      [Termination (ms): Min: 0.0, Avg: 0.0, Max: 0.0, Diff: 0.0, Sum: 0.0]
      [GC Worker Other (ms): Min: 0.1, Avg: 0.1, Max: 0.1, Diff: 0.1, Sum: 0.2]
      [GC Worker Total (ms): Min: 589.3, Avg: 589.3, Max: 589.3, Diff: 0.0, Sum: 1178.6]
      [GC Worker End (ms): Min: 31890548.7, Avg: 31890548.8, Max: 31890548.8, Diff: 0.0]
   [Code Root Fixup: 0.0 ms]
   [Clear CT: 0.7 ms]
   [Other: 12.7 ms]
      [Choose CSet: 0.4 ms]
      [Ref Proc: 4.1 ms]
      [Ref Enq: 0.1 ms]
      [Free CSet: 5.3 ms]
   [Eden: 942.0M(942.0M)->0.0B(969.0M) Survivors: 82.0M->55.0M Heap: 2165.4M(3072.0M)->1178.9M(3072.0M)]
 [Times: user=1.18 sys=0.01, real=0.60 secs] 
31895.979: [GC pause (mixed)
Desired survivor size 67108864 bytes, new threshold 16 (max 32)
- age   1:   54310552 bytes,   54310552 total
, 0.4577950 secs]
   [Parallel Time: 443.4 ms, GC Workers: 2]
      [GC Worker Start (ms): Min: 31895981.6, Avg: 31895981.6, Max: 31895981.6, Diff: 0.0]
      [Ext Root Scanning (ms): Min: 70.0, Avg: 79.4, Max: 88.8, Diff: 18.8, Sum: 158.7]
      [Update RS (ms): Min: 28.2, Avg: 40.1, Max: 52.0, Diff: 23.8, Sum: 80.2]
         [Processed Buffers: Min: 146, Avg: 166.5, Max: 187, Diff: 41, Sum: 333]
      [Scan RS (ms): Min: 88.4, Avg: 88.5, Max: 88.6, Diff: 0.2, Sum: 177.0]
      [Object Copy (ms): Min: 232.7, Avg: 235.2, Max: 237.8, Diff: 5.2, Sum: 470.5]
      [Termination (ms): Min: 0.0, Avg: 0.0, Max: 0.0, Diff: 0.0, Sum: 0.0]
      [GC Worker Other (ms): Min: 0.1, Avg: 0.1, Max: 0.1, Diff: 0.0, Sum: 0.2]
      [GC Worker Total (ms): Min: 443.3, Avg: 443.3, Max: 443.3, Diff: 0.0, Sum: 886.6]
      [GC Worker End (ms): Min: 31896424.9, Avg: 31896424.9, Max: 31896424.9, Diff: 0.0]
   [Code Root Fixup: 0.0 ms]
   [Clear CT: 1.3 ms]
   [Other: 13.1 ms]
      [Choose CSet: 0.7 ms]
      [Ref Proc: 3.6 ms]
      [Ref Enq: 0.0 ms]
      [Free CSet: 6.2 ms]
   [Eden: 969.0M(969.0M)->0.0B(930.0M) Survivors: 55.0M->94.0M Heap: 2170.1M(3072.0M)->1154.1M(3072.0M)]
 [Times: user=0.90 sys=0.00, real=0.45 secs] 
31901.166: [GC pause (mixed)
Desired survivor size 67108864 bytes, new threshold 2 (max 32)
- age   1:   50352888 bytes,   50352888 total
- age   2:   45702920 bytes,   96055808 total
, 0.5248650 secs]
   [Parallel Time: 511.5 ms, GC Workers: 2]
      [GC Worker Start (ms): Min: 31901168.1, Avg: 31901168.2, Max: 31901168.2, Diff: 0.0]
      [Ext Root Scanning (ms): Min: 71.4, Avg: 78.8, Max: 86.3, Diff: 14.9, Sum: 157.7]
      [Update RS (ms): Min: 27.9, Avg: 37.8, Max: 47.7, Diff: 19.7, Sum: 75.6]
         [Processed Buffers: Min: 146, Avg: 155.0, Max: 164, Diff: 18, Sum: 310]
      [Scan RS (ms): Min: 105.1, Avg: 105.2, Max: 105.2, Diff: 0.1, Sum: 210.4]
      [Object Copy (ms): Min: 287.1, Avg: 289.4, Max: 291.8, Diff: 4.8, Sum: 578.9]
      [Termination (ms): Min: 0.0, Avg: 0.0, Max: 0.0, Diff: 0.0, Sum: 0.0]
      [GC Worker Other (ms): Min: 0.1, Avg: 0.1, Max: 0.2, Diff: 0.1, Sum: 0.2]
      [GC Worker Total (ms): Min: 511.4, Avg: 511.4, Max: 511.4, Diff: 0.0, Sum: 1022.8]
      [GC Worker End (ms): Min: 31901679.5, Avg: 31901679.6, Max: 31901679.6, Diff: 0.0]
   [Code Root Fixup: 0.0 ms]
   [Clear CT: 1.0 ms]
   [Other: 12.4 ms]
      [Choose CSet: 0.9 ms]
      [Ref Proc: 2.5 ms]
      [Ref Enq: 0.0 ms]
      [Free CSet: 6.0 ms]
   [Eden: 930.0M(930.0M)->0.0B(944.0M) Survivors: 94.0M->80.0M Heap: 2128.0M(3072.0M)->1141.5M(3072.0M)]
 [Times: user=1.04 sys=0.00, real=0.53 secs] 
31906.971: [GC pause (mixed)
Desired survivor size 67108864 bytes, new threshold 2 (max 32)
- age   1:   42766744 bytes,   42766744 total
- age   2:   39567912 bytes,   82334656 total
, 0.5061270 secs]
   [Parallel Time: 492.6 ms, GC Workers: 2]
      [GC Worker Start (ms): Min: 31906973.3, Avg: 31906973.4, Max: 31906973.4, Diff: 0.0]
      [Ext Root Scanning (ms): Min: 75.1, Avg: 82.4, Max: 89.8, Diff: 14.7, Sum: 164.9]
      [Update RS (ms): Min: 56.1, Avg: 65.4, Max: 74.8, Diff: 18.7, Sum: 130.9]
         [Processed Buffers: Min: 52, Avg: 145.5, Max: 239, Diff: 187, Sum: 291]
      [Scan RS (ms): Min: 84.1, Avg: 84.2, Max: 84.2, Diff: 0.1, Sum: 168.4]
      [Object Copy (ms): Min: 258.4, Avg: 260.3, Max: 262.3, Diff: 3.9, Sum: 520.7]
      [Termination (ms): Min: 0.0, Avg: 0.0, Max: 0.0, Diff: 0.0, Sum: 0.0]
      [GC Worker Other (ms): Min: 0.1, Avg: 0.1, Max: 0.1, Diff: 0.0, Sum: 0.2]
      [GC Worker Total (ms): Min: 492.5, Avg: 492.5, Max: 492.5, Diff: 0.0, Sum: 985.0]
      [GC Worker End (ms): Min: 31907465.8, Avg: 31907465.8, Max: 31907465.8, Diff: 0.0]
   [Code Root Fixup: 0.0 ms]
   [Clear CT: 0.9 ms]
   [Other: 12.7 ms]
      [Choose CSet: 0.5 ms]
      [Ref Proc: 3.4 ms]
      [Ref Enq: 0.0 ms]
      [Free CSet: 5.8 ms]
   [Eden: 944.0M(944.0M)->0.0B(952.0M) Survivors: 80.0M->72.0M Heap: 2093.5M(3072.0M)->1151.5M(3072.0M)]
 [Times: user=0.99 sys=0.00, real=0.50 secs] 
31912.675: [GC pause (young)
Desired survivor size 67108864 bytes, new threshold 2 (max 32)
- age   1:   40093896 bytes,   40093896 total
- age   2:   33756968 bytes,   73850864 total
, 0.4492780 secs]
   [Parallel Time: 435.5 ms, GC Workers: 2]
      [GC Worker Start (ms): Min: 31912676.7, Avg: 31912676.8, Max: 31912676.8, Diff: 0.0]
      [Ext Root Scanning (ms): Min: 73.8, Avg: 82.2, Max: 90.6, Diff: 16.8, Sum: 164.4]
      [Update RS (ms): Min: 24.0, Avg: 35.3, Max: 46.6, Diff: 22.6, Sum: 70.6]
         [Processed Buffers: Min: 192, Avg: 194.5, Max: 197, Diff: 5, Sum: 389]
      [Scan RS (ms): Min: 76.6, Avg: 76.7, Max: 76.7, Diff: 0.1, Sum: 153.3]
      [Object Copy (ms): Min: 238.2, Avg: 241.1, Max: 244.0, Diff: 5.7, Sum: 482.2]
      [Termination (ms): Min: 0.0, Avg: 0.0, Max: 0.0, Diff: 0.0, Sum: 0.0]
      [GC Worker Other (ms): Min: 0.1, Avg: 0.1, Max: 0.1, Diff: 0.0, Sum: 0.2]
      [GC Worker Total (ms): Min: 435.4, Avg: 435.4, Max: 435.4, Diff: 0.0, Sum: 870.8]
      [GC Worker End (ms): Min: 31913112.1, Avg: 31913112.2, Max: 31913112.2, Diff: 0.0]
   [Code Root Fixup: 0.0 ms]
   [Clear CT: 0.7 ms]
   [Other: 13.1 ms]
      [Choose CSet: 0.0 ms]
      [Ref Proc: 5.0 ms]
      [Ref Enq: 0.1 ms]
      [Free CSet: 5.3 ms]
   [Eden: 952.0M(952.0M)->0.0B(952.0M) Survivors: 72.0M->72.0M Heap: 2143.7M(3072.0M)->1223.7M(3072.0M)]
 [Times: user=0.88 sys=0.00, real=0.45 secs] 
31918.591: [GC pause (young)
Desired survivor size 67108864 bytes, new threshold 2 (max 32)
- age   1:   34785352 bytes,   34785352 total
- age   2:   36788720 bytes,   71574072 total
, 0.5298210 secs]
   [Parallel Time: 516.5 ms, GC Workers: 2]
      [GC Worker Start (ms): Min: 31918592.8, Avg: 31918592.8, Max: 31918592.8, Diff: 0.0]
      [Ext Root Scanning (ms): Min: 71.3, Avg: 79.8, Max: 88.2, Diff: 16.9, Sum: 159.5]
      [Update RS (ms): Min: 51.7, Avg: 62.9, Max: 74.2, Diff: 22.4, Sum: 125.9]
         [Processed Buffers: Min: 130, Avg: 143.5, Max: 157, Diff: 27, Sum: 287]
      [Scan RS (ms): Min: 102.1, Avg: 102.1, Max: 102.2, Diff: 0.2, Sum: 204.3]
      [Object Copy (ms): Min: 268.5, Avg: 271.4, Max: 274.2, Diff: 5.7, Sum: 542.7]
      [Termination (ms): Min: 0.0, Avg: 0.0, Max: 0.0, Diff: 0.0, Sum: 0.0]
      [GC Worker Other (ms): Min: 0.1, Avg: 0.2, Max: 0.2, Diff: 0.1, Sum: 0.3]
      [GC Worker Total (ms): Min: 516.3, Avg: 516.4, Max: 516.4, Diff: 0.1, Sum: 1032.8]
      [GC Worker End (ms): Min: 31919109.2, Avg: 31919109.2, Max: 31919109.2, Diff: 0.0]
   [Code Root Fixup: 0.0 ms]
   [Clear CT: 0.9 ms]
   [Other: 12.5 ms]
      [Choose CSet: 0.0 ms]
      [Ref Proc: 3.1 ms]
      [Ref Enq: 0.0 ms]
      [Free CSet: 6.2 ms]
   [Eden: 952.0M(952.0M)->0.0B(948.0M) Survivors: 72.0M->76.0M Heap: 2209.6M(3072.0M)->1294.6M(3072.0M)]
 [Times: user=1.05 sys=0.00, real=0.53 secs] 
31924.256: [GC pause (young)
Desired survivor size 67108864 bytes, new threshold 2 (max 32)
- age   1:   45596416 bytes,   45596416 total
- age   2:   31927752 bytes,   77524168 total
, 0.5282410 secs]
   [Parallel Time: 515.4 ms, GC Workers: 2]
      [GC Worker Start (ms): Min: 31924258.1, Avg: 31924258.1, Max: 31924258.1, Diff: 0.0]
      [Ext Root Scanning (ms): Min: 75.7, Avg: 85.5, Max: 95.3, Diff: 19.6, Sum: 171.0]
      [Update RS (ms): Min: 55.1, Avg: 66.8, Max: 78.5, Diff: 23.4, Sum: 133.6]
         [Processed Buffers: Min: 90, Avg: 150.0, Max: 210, Diff: 120, Sum: 300]
      [Scan RS (ms): Min: 92.1, Avg: 92.2, Max: 92.3, Diff: 0.2, Sum: 184.4]
      [Object Copy (ms): Min: 268.9, Avg: 270.7, Max: 272.6, Diff: 3.6, Sum: 541.5]
      [Termination (ms): Min: 0.0, Avg: 0.0, Max: 0.0, Diff: 0.0, Sum: 0.0]
      [GC Worker Other (ms): Min: 0.1, Avg: 0.1, Max: 0.1, Diff: 0.1, Sum: 0.2]
      [GC Worker Total (ms): Min: 515.3, Avg: 515.3, Max: 515.3, Diff: 0.0, Sum: 1030.7]
      [GC Worker End (ms): Min: 31924773.4, Avg: 31924773.4, Max: 31924773.4, Diff: 0.0]
   [Code Root Fixup: 0.0 ms]
   [Clear CT: 1.1 ms]
   [Other: 11.7 ms]
      [Choose CSet: 0.0 ms]
      [Ref Proc: 3.4 ms]
      [Ref Enq: 0.0 ms]
      [Free CSet: 5.3 ms]
   [Eden: 948.0M(948.0M)->0.0B(939.0M) Survivors: 76.0M->85.0M Heap: 2243.1M(3072.0M)->1334.6M(3072.0M)]
 [Times: user=1.04 sys=0.00, real=0.53 secs] 
31926.174: [GC pause (young) (initial-mark)
Desired survivor size 67108864 bytes, new threshold 2 (max 32)
- age   1:   49731504 bytes,   49731504 total
- age   2:   37699608 bytes,   87431112 total
, 0.4051980 secs]
   [Parallel Time: 398.1 ms, GC Workers: 2]
      [GC Worker Start (ms): Min: 31926175.1, Avg: 31926175.1, Max: 31926175.2, Diff: 0.0]
      [Ext Root Scanning (ms): Min: 80.1, Avg: 87.7, Max: 95.4, Diff: 15.3, Sum: 175.4]
      [Update RS (ms): Min: 0.0, Avg: 15.9, Max: 31.8, Diff: 31.8, Sum: 31.8]
         [Processed Buffers: Min: 0, Avg: 157.5, Max: 315, Diff: 315, Sum: 315]
      [Scan RS (ms): Min: 60.4, Avg: 62.7, Max: 65.0, Diff: 4.6, Sum: 125.4]
      [Object Copy (ms): Min: 221.1, Avg: 231.6, Max: 242.1, Diff: 21.0, Sum: 463.2]
      [Termination (ms): Min: 0.0, Avg: 0.0, Max: 0.0, Diff: 0.0, Sum: 0.0]
      [GC Worker Other (ms): Min: 0.1, Avg: 0.1, Max: 0.1, Diff: 0.0, Sum: 0.2]
      [GC Worker Total (ms): Min: 398.0, Avg: 398.0, Max: 398.0, Diff: 0.0, Sum: 796.0]
      [GC Worker End (ms): Min: 31926573.1, Avg: 31926573.1, Max: 31926573.1, Diff: 0.0]
   [Code Root Fixup: 0.0 ms]
   [Clear CT: 0.5 ms]
   [Other: 6.7 ms]
      [Choose CSet: 0.0 ms]
      [Ref Proc: 1.6 ms]
      [Ref Enq: 0.0 ms]
      [Free CSet: 2.2 ms]
   [Eden: 374.0M(939.0M)->0.0B(964.0M) Survivors: 85.0M->60.0M Heap: 1746.3M(3072.0M)->1382.8M(3072.0M)]
 [Times: user=0.80 sys=0.00, real=0.41 secs] 
31926.580: [GC concurrent-root-region-scan-start]
31926.922: [GC concurrent-root-region-scan-end, 0.3429520 secs]
31926.922: [GC concurrent-mark-start]
31930.230: [GC concurrent-mark-end, 3.3070100 secs]
31930.232: [GC remark 31930.234: [GC ref-proc, 0.3819820 secs], 0.4555500 secs]
 [Times: user=0.46 sys=0.00, real=0.46 secs] 
31930.689: [GC cleanup 1997M->1778M(3072M), 0.0293920 secs]
 [Times: user=0.06 sys=0.00, real=0.03 secs] 
31930.719: [GC concurrent-cleanup-start]
31930.720: [GC concurrent-cleanup-end, 0.0004700 secs]
31932.725: [GC pause (young)
Desired survivor size 67108864 bytes, new threshold 16 (max 32)
- age   1:   19773664 bytes,   19773664 total
- age   2:   39197992 bytes,   58971656 total
, 0.4606170 secs]
   [Parallel Time: 448.8 ms, GC Workers: 2]
      [GC Worker Start (ms): Min: 31932726.3, Avg: 31932726.3, Max: 31932726.3, Diff: 0.0]
      [Ext Root Scanning (ms): Min: 73.0, Avg: 83.0, Max: 92.9, Diff: 19.9, Sum: 165.9]
      [Update RS (ms): Min: 59.4, Avg: 73.1, Max: 86.8, Diff: 27.4, Sum: 146.2]
         [Processed Buffers: Min: 146, Avg: 151.5, Max: 157, Diff: 11, Sum: 303]
      [Scan RS (ms): Min: 75.6, Avg: 76.1, Max: 76.6, Diff: 1.0, Sum: 152.2]
      [Object Copy (ms): Min: 213.0, Avg: 216.3, Max: 219.6, Diff: 6.5, Sum: 432.6]
      [Termination (ms): Min: 0.0, Avg: 0.0, Max: 0.0, Diff: 0.0, Sum: 0.0]
      [GC Worker Other (ms): Min: 0.1, Avg: 0.2, Max: 0.2, Diff: 0.1, Sum: 0.3]
      [GC Worker Total (ms): Min: 448.5, Avg: 448.6, Max: 448.6, Diff: 0.1, Sum: 897.2]
      [GC Worker End (ms): Min: 31933174.8, Avg: 31933174.9, Max: 31933174.9, Diff: 0.1]
   [Code Root Fixup: 0.0 ms]
   [Clear CT: 0.7 ms]
   [Other: 11.1 ms]
      [Choose CSet: 0.0 ms]
      [Ref Proc: 3.7 ms]
      [Ref Enq: 0.1 ms]
      [Free CSet: 4.9 ms]
   [Eden: 964.0M(964.0M)->0.0B(931.0M) Survivors: 60.0M->93.0M Heap: 2159.1M(3072.0M)->1228.1M(3072.0M)]
 [Times: user=0.90 sys=0.01, real=0.47 secs] 
31938.605: [GC pause (mixed)
Desired survivor size 67108864 bytes, new threshold 3 (max 32)
- age   1:   48880016 bytes,   48880016 total
- age   2:    9345656 bytes,   58225672 total
- age   3:   36390688 bytes,   94616360 total
, 0.5936650 secs]
   [Parallel Time: 579.3 ms, GC Workers: 2]
      [GC Worker Start (ms): Min: 31938607.2, Avg: 31938607.3, Max: 31938607.3, Diff: 0.0]
      [Ext Root Scanning (ms): Min: 70.2, Avg: 79.8, Max: 89.4, Diff: 19.2, Sum: 159.6]
      [Update RS (ms): Min: 46.5, Avg: 59.2, Max: 71.8, Diff: 25.2, Sum: 118.3]
         [Processed Buffers: Min: 82, Avg: 134.0, Max: 186, Diff: 104, Sum: 268]
      [Scan RS (ms): Min: 103.4, Avg: 103.4, Max: 103.4, Diff: 0.1, Sum: 206.8]
      [Object Copy (ms): Min: 333.8, Avg: 336.7, Max: 339.7, Diff: 5.9, Sum: 673.5]
      [Termination (ms): Min: 0.0, Avg: 0.0, Max: 0.0, Diff: 0.0, Sum: 0.0]
      [GC Worker Other (ms): Min: 0.1, Avg: 0.1, Max: 0.1, Diff: 0.0, Sum: 0.2]
      [GC Worker Total (ms): Min: 579.2, Avg: 579.2, Max: 579.2, Diff: 0.0, Sum: 1158.4]
      [GC Worker End (ms): Min: 31939186.5, Avg: 31939186.5, Max: 31939186.5, Diff: 0.0]
   [Code Root Fixup: 0.0 ms]
   [Clear CT: 1.0 ms]
   [Other: 13.3 ms]
      [Choose CSet: 0.9 ms]
      [Ref Proc: 3.6 ms]
      [Ref Enq: 0.1 ms]
      [Free CSet: 6.0 ms]
   [Eden: 931.0M(931.0M)->0.0B(911.0M) Survivors: 93.0M->113.0M Heap: 2159.1M(3072.0M)->1229.6M(3072.0M)]
 [Times: user=1.18 sys=0.00, real=0.60 secs] 
31942.553: [GC pause (young)
Desired survivor size 67108864 bytes, new threshold 1 (max 32)
- age   1:   69382832 bytes,   69382832 total
- age   2:   37478248 bytes,  106861080 total
- age   3:    9005736 bytes,  115866816 total
, 0.4548320 secs]
   [Parallel Time: 446.9 ms, GC Workers: 2]
      [GC Worker Start (ms): Min: 31942554.8, Avg: 31942554.9, Max: 31942555.0, Diff: 0.2]
      [Ext Root Scanning (ms): Min: 69.4, Avg: 78.5, Max: 87.6, Diff: 18.2, Sum: 157.1]
      [Update RS (ms): Min: 57.4, Avg: 69.0, Max: 80.6, Diff: 23.2, Sum: 138.0]
         [Processed Buffers: Min: 196, Avg: 249.5, Max: 303, Diff: 107, Sum: 499]
      [Scan RS (ms): Min: 91.9, Avg: 92.0, Max: 92.1, Diff: 0.1, Sum: 184.0]
      [Object Copy (ms): Min: 204.5, Avg: 207.1, Max: 209.6, Diff: 5.1, Sum: 414.1]
      [Termination (ms): Min: 0.0, Avg: 0.0, Max: 0.0, Diff: 0.0, Sum: 0.0]
      [GC Worker Other (ms): Min: 0.1, Avg: 0.1, Max: 0.2, Diff: 0.0, Sum: 0.3]
      [GC Worker Total (ms): Min: 446.6, Avg: 446.7, Max: 446.8, Diff: 0.2, Sum: 893.4]
      [GC Worker End (ms): Min: 31943001.6, Avg: 31943001.6, Max: 31943001.6, Diff: 0.0]
   [Code Root Fixup: 0.0 ms]
   [Clear CT: 0.6 ms]
   [Other: 7.3 ms]
      [Choose CSet: 0.1 ms]
      [Ref Proc: 1.3 ms]
      [Ref Enq: 0.0 ms]
      [Free CSet: 3.1 ms]
   [Eden: 599.0M(911.0M)->0.0B(990.0M) Survivors: 113.0M->34.0M Heap: 1954.7M(3072.0M)->1337.8M(3072.0M)]
 [Times: user=0.90 sys=0.00, real=0.46 secs] 
31943.015: [GC pause (young) (initial-mark)
Desired survivor size 67108864 bytes, new threshold 16 (max 32)
- age   1:   33691024 bytes,   33691024 total
, 0.4738540 secs]
   [Parallel Time: 471.2 ms, GC Workers: 2]
      [GC Worker Start (ms): Min: 31943016.3, Avg: 31943016.4, Max: 31943016.4, Diff: 0.0]
      [Ext Root Scanning (ms): Min: 66.7, Avg: 85.6, Max: 104.5, Diff: 37.8, Sum: 171.3]
      [Update RS (ms): Min: 259.5, Avg: 276.8, Max: 294.2, Diff: 34.7, Sum: 553.7]
         [Processed Buffers: Min: 403, Avg: 471.0, Max: 539, Diff: 136, Sum: 942]
      [Scan RS (ms): Min: 0.0, Avg: 0.0, Max: 0.0, Diff: 0.0, Sum: 0.1]
      [Object Copy (ms): Min: 106.9, Avg: 108.5, Max: 110.1, Diff: 3.2, Sum: 217.1]
      [Termination (ms): Min: 0.0, Avg: 0.0, Max: 0.0, Diff: 0.0, Sum: 0.0]
      [GC Worker Other (ms): Min: 0.1, Avg: 0.1, Max: 0.1, Diff: 0.0, Sum: 0.1]
      [GC Worker Total (ms): Min: 471.1, Avg: 471.1, Max: 471.1, Diff: 0.0, Sum: 942.2]
      [GC Worker End (ms): Min: 31943487.5, Avg: 31943487.5, Max: 31943487.5, Diff: 0.0]
   [Code Root Fixup: 0.0 ms]
   [Clear CT: 0.0 ms]
   [Other: 2.6 ms]
      [Choose CSet: 0.0 ms]
      [Ref Proc: 0.2 ms]
      [Ref Enq: 0.0 ms]
      [Free CSet: 0.2 ms]
   [Eden: 1024.0K(990.0M)->0.0B(991.0M) Survivors: 34.0M->33.0M Heap: 1346.1M(3072.0M)->1344.8M(3072.0M)]
 [Times: user=0.94 sys=0.00, real=0.48 secs] 
31943.489: [GC concurrent-root-region-scan-start]
31943.687: [GC concurrent-root-region-scan-end, 0.1978380 secs]
31943.687: [GC concurrent-mark-start]
31946.835: [GC concurrent-mark-end, 3.1484200 secs]
31946.838: [GC remark 31946.840: [GC ref-proc, 0.0333500 secs], 0.1090490 secs]
 [Times: user=0.11 sys=0.00, real=0.11 secs] 
31946.949: [GC cleanup 1801M->1669M(3072M), 0.0291380 secs]
 [Times: user=0.06 sys=0.00, real=0.03 secs] 
31946.979: [GC concurrent-cleanup-start]
31946.979: [GC concurrent-cleanup-end, 0.0004190 secs]
31949.079: [GC pause (young)
Desired survivor size 67108864 bytes, new threshold 16 (max 32)
- age   1:        448 bytes,        448 total
- age   2:   33587752 bytes,   33588200 total
, 0.3606590 secs]
   [Parallel Time: 354.6 ms, GC Workers: 2]
      [GC Worker Start (ms): Min: 31949080.5, Avg: 31949080.5, Max: 31949080.6, Diff: 0.0]
      [Ext Root Scanning (ms): Min: 79.2, Avg: 88.5, Max: 97.9, Diff: 18.7, Sum: 177.0]
      [Update RS (ms): Min: 0.0, Avg: 12.6, Max: 25.1, Diff: 25.1, Sum: 25.1]
         [Processed Buffers: Min: 0, Avg: 134.5, Max: 269, Diff: 269, Sum: 269]
      [Scan RS (ms): Min: 20.1, Avg: 20.8, Max: 21.6, Diff: 1.5, Sum: 41.7]
      [Object Copy (ms): Min: 228.3, Avg: 232.3, Max: 236.2, Diff: 7.9, Sum: 464.5]
      [Termination (ms): Min: 0.0, Avg: 0.0, Max: 0.0, Diff: 0.0, Sum: 0.0]
      [GC Worker Other (ms): Min: 0.1, Avg: 0.1, Max: 0.1, Diff: 0.0, Sum: 0.3]
      [GC Worker Total (ms): Min: 354.3, Avg: 354.3, Max: 354.3, Diff: 0.0, Sum: 708.6]
      [GC Worker End (ms): Min: 31949434.9, Avg: 31949434.9, Max: 31949434.9, Diff: 0.0]
   [Code Root Fixup: 0.0 ms]
   [Clear CT: 0.7 ms]
   [Other: 5.4 ms]
      [Choose CSet: 0.0 ms]
      [Ref Proc: 1.9 ms]
      [Ref Enq: 0.0 ms]
      [Free CSet: 2.1 ms]
   [Eden: 821.0M(991.0M)->0.0B(920.0M) Survivors: 33.0M->104.0M Heap: 2070.0M(3072.0M)->1320.7M(3072.0M)]
 [Times: user=0.71 sys=0.00, real=0.36 secs] 
31953.050: [GC pause (mixed)
Desired survivor size 67108864 bytes, new threshold 1 (max 32)
- age   1:   94333424 bytes,   94333424 total
- age   3:    9467088 bytes,  103800512 total
, 0.9126100 secs]
   [Parallel Time: 901.9 ms, GC Workers: 2]
      [GC Worker Start (ms): Min: 31953051.2, Avg: 31953051.3, Max: 31953051.3, Diff: 0.0]
      [Ext Root Scanning (ms): Min: 74.7, Avg: 85.1, Max: 95.4, Diff: 20.7, Sum: 170.1]
      [Update RS (ms): Min: 32.9, Avg: 46.7, Max: 60.4, Diff: 27.5, Sum: 93.3]
         [Processed Buffers: Min: 92, Avg: 128.0, Max: 164, Diff: 72, Sum: 256]
      [Scan RS (ms): Min: 63.4, Avg: 63.5, Max: 63.5, Diff: 0.0, Sum: 126.9]
      [Object Copy (ms): Min: 703.0, Avg: 706.5, Max: 709.9, Diff: 6.9, Sum: 1412.9]
      [Termination (ms): Min: 0.0, Avg: 0.0, Max: 0.0, Diff: 0.0, Sum: 0.0]
      [GC Worker Other (ms): Min: 0.1, Avg: 0.1, Max: 0.2, Diff: 0.1, Sum: 0.3]
      [GC Worker Total (ms): Min: 901.8, Avg: 901.8, Max: 901.8, Diff: 0.0, Sum: 1803.6]
      [GC Worker End (ms): Min: 31953953.0, Avg: 31953953.0, Max: 31953953.0, Diff: 0.0]
   [Code Root Fixup: 0.1 ms]
   [Clear CT: 1.0 ms]
   [Other: 9.6 ms]
      [Choose CSet: 1.1 ms]
      [Ref Proc: 2.0 ms]
      [Ref Enq: 0.0 ms]
      [Free CSet: 3.7 ms]
   [Eden: 920.0M(920.0M)->0.0B(896.0M) Survivors: 104.0M->128.0M Heap: 2255.4M(3072.0M)->1423.9M(3072.0M)]
 [Times: user=1.81 sys=0.00, real=0.91 secs] 
31958.981: [GC pause (mixed)
Desired survivor size 67108864 bytes, new threshold 1 (max 32)
- age   1:  189296104 bytes,  189296104 total
, 0.6670200 secs]
   [Parallel Time: 649.2 ms, GC Workers: 2]
      [GC Worker Start (ms): Min: 31958983.3, Avg: 31958983.3, Max: 31958983.3, Diff: 0.0]
      [Ext Root Scanning (ms): Min: 76.1, Avg: 86.7, Max: 97.4, Diff: 21.3, Sum: 173.5]
      [Update RS (ms): Min: 20.1, Avg: 33.6, Max: 47.2, Diff: 27.1, Sum: 67.3]
         [Processed Buffers: Min: 132, Avg: 157.0, Max: 182, Diff: 50, Sum: 314]
      [Scan RS (ms): Min: 217.1, Avg: 217.3, Max: 217.4, Diff: 0.2, Sum: 434.5]
      [Object Copy (ms): Min: 307.0, Avg: 309.8, Max: 312.6, Diff: 5.6, Sum: 619.5]
      [Termination (ms): Min: 0.0, Avg: 0.0, Max: 0.0, Diff: 0.0, Sum: 0.0]
      [GC Worker Other (ms): Min: 0.2, Avg: 0.2, Max: 0.2, Diff: 0.0, Sum: 0.3]
      [GC Worker Total (ms): Min: 647.5, Avg: 647.6, Max: 647.6, Diff: 0.1, Sum: 1295.1]
      [GC Worker End (ms): Min: 31959630.9, Avg: 31959630.9, Max: 31959630.9, Diff: 0.0]
   [Code Root Fixup: 0.0 ms]
   [Clear CT: 1.2 ms]
   [Other: 16.7 ms]
      [Choose CSet: 1.1 ms]
      [Ref Proc: 6.2 ms]
      [Ref Enq: 0.1 ms]
      [Free CSet: 5.0 ms]
   [Eden: 896.0M(896.0M)->0.0B(989.0M) Survivors: 128.0M->35.0M Heap: 2326.4M(3072.0M)->1383.9M(3072.0M)]
 [Times: user=1.31 sys=0.00, real=0.66 secs] 
31961.109: [GC pause (young) (initial-mark)
Desired survivor size 67108864 bytes, new threshold 16 (max 32)
- age   1:   33804016 bytes,   33804016 total
, 0.2646390 secs]
   [Parallel Time: 259.2 ms, GC Workers: 2]
      [GC Worker Start (ms): Min: 31961110.7, Avg: 31961110.7, Max: 31961110.7, Diff: 0.0]
      [Ext Root Scanning (ms): Min: 85.6, Avg: 91.7, Max: 97.7, Diff: 12.1, Sum: 183.4]
      [Update RS (ms): Min: 13.9, Avg: 28.2, Max: 42.4, Diff: 28.5, Sum: 56.3]
         [Processed Buffers: Min: 62, Avg: 112.0, Max: 162, Diff: 100, Sum: 224]
      [Scan RS (ms): Min: 21.6, Avg: 21.6, Max: 21.7, Diff: 0.1, Sum: 43.3]
      [Object Copy (ms): Min: 109.3, Avg: 117.5, Max: 125.7, Diff: 16.4, Sum: 235.0]
      [Termination (ms): Min: 0.0, Avg: 0.0, Max: 0.0, Diff: 0.0, Sum: 0.0]
      [GC Worker Other (ms): Min: 0.1, Avg: 0.2, Max: 0.2, Diff: 0.0, Sum: 0.3]
      [GC Worker Total (ms): Min: 259.1, Avg: 259.1, Max: 259.1, Diff: 0.0, Sum: 518.2]
      [GC Worker End (ms): Min: 31961369.8, Avg: 31961369.8, Max: 31961369.8, Diff: 0.0]
   [Code Root Fixup: 0.0 ms]
   [Clear CT: 0.4 ms]
   [Other: 5.0 ms]
      [Choose CSet: 0.0 ms]
      [Ref Proc: 1.8 ms]
      [Ref Enq: 0.0 ms]
      [Free CSet: 1.2 ms]
   [Eden: 219.0M(989.0M)->0.0B(983.0M) Survivors: 35.0M->41.0M Heap: 1602.8M(3072.0M)->1389.9M(3072.0M)]
 [Times: user=0.52 sys=0.01, real=0.27 secs] 
31961.374: [GC concurrent-root-region-scan-start]
31961.531: [GC concurrent-root-region-scan-end, 0.1564560 secs]
31961.531: [GC concurrent-mark-start]
31964.106: [GC concurrent-mark-end, 2.5749240 secs]
31964.106: [GC remark 31964.107: [GC ref-proc, 0.1864680 secs], 0.2633340 secs]
 [Times: user=0.27 sys=0.00, real=0.26 secs] 
31964.372: [GC cleanup 1753M->1539M(3072M), 0.0274220 secs]
 [Times: user=0.05 sys=0.00, real=0.02 secs] 
31964.400: [GC concurrent-cleanup-start]
31964.400: [GC concurrent-cleanup-end, 0.0004840 secs]
31969.299: [GC pause (young)
Desired survivor size 67108864 bytes, new threshold 16 (max 32)
- age   1:   12432120 bytes,   12432120 total
- age   2:   27719816 bytes,   40151936 total
, 0.3274260 secs]
   [Parallel Time: 311.5 ms, GC Workers: 2]
      [GC Worker Start (ms): Min: 31969300.3, Avg: 31969300.3, Max: 31969300.4, Diff: 0.1]
      [Ext Root Scanning (ms): Min: 72.0, Avg: 83.5, Max: 95.0, Diff: 22.9, Sum: 167.0]
      [Update RS (ms): Min: 34.2, Avg: 48.2, Max: 62.3, Diff: 28.1, Sum: 96.5]
         [Processed Buffers: Min: 100, Avg: 155.0, Max: 210, Diff: 110, Sum: 310]
      [Scan RS (ms): Min: 29.3, Avg: 29.4, Max: 29.5, Diff: 0.2, Sum: 58.9]
      [Object Copy (ms): Min: 147.6, Avg: 150.1, Max: 152.6, Diff: 5.0, Sum: 300.2]
      [Termination (ms): Min: 0.0, Avg: 0.0, Max: 0.0, Diff: 0.0, Sum: 0.0]
      [GC Worker Other (ms): Min: 0.1, Avg: 0.1, Max: 0.1, Diff: 0.0, Sum: 0.2]
      [GC Worker Total (ms): Min: 311.3, Avg: 311.4, Max: 311.4, Diff: 0.1, Sum: 622.7]
      [GC Worker End (ms): Min: 31969611.7, Avg: 31969611.7, Max: 31969611.7, Diff: 0.0]
   [Code Root Fixup: 0.0 ms]
   [Clear CT: 0.8 ms]
   [Other: 15.2 ms]
      [Choose CSet: 0.0 ms]
      [Ref Proc: 10.1 ms]
      [Ref Enq: 0.2 ms]
      [Free CSet: 3.2 ms]
   [Eden: 983.0M(983.0M)->0.0B(955.0M) Survivors: 41.0M->69.0M Heap: 2182.2M(3072.0M)->1227.2M(3072.0M)]
 [Times: user=0.64 sys=0.01, real=0.33 secs] 
31975.202: [GC pause (mixed)
Desired survivor size 67108864 bytes, new threshold 16 (max 32)
- age   1:   35390344 bytes,   35390344 total
- age   2:    5962424 bytes,   41352768 total
- age   3:   24283992 bytes,   65636760 total
, 0.3426970 secs]
   [Parallel Time: 330.3 ms, GC Workers: 2]
      [GC Worker Start (ms): Min: 31975202.9, Avg: 31975202.9, Max: 31975202.9, Diff: 0.0]
      [Ext Root Scanning (ms): Min: 71.5, Avg: 81.9, Max: 92.3, Diff: 20.7, Sum: 163.8]
      [Update RS (ms): Min: 31.4, Avg: 44.5, Max: 57.7, Diff: 26.3, Sum: 89.1]
         [Processed Buffers: Min: 146, Avg: 154.0, Max: 162, Diff: 16, Sum: 308]
      [Scan RS (ms): Min: 38.6, Avg: 38.6, Max: 38.6, Diff: 0.0, Sum: 77.3]
      [Object Copy (ms): Min: 162.3, Avg: 165.1, Max: 167.9, Diff: 5.6, Sum: 330.2]
      [Termination (ms): Min: 0.0, Avg: 0.0, Max: 0.0, Diff: 0.0, Sum: 0.0]
      [GC Worker Other (ms): Min: 0.1, Avg: 0.1, Max: 0.1, Diff: 0.0, Sum: 0.2]
      [GC Worker Total (ms): Min: 330.3, Avg: 330.3, Max: 330.3, Diff: 0.0, Sum: 660.5]
      [GC Worker End (ms): Min: 31975533.1, Avg: 31975533.1, Max: 31975533.1, Diff: 0.0]
   [Code Root Fixup: 0.0 ms]
   [Clear CT: 0.8 ms]
   [Other: 11.6 ms]
      [Choose CSet: 0.5 ms]
      [Ref Proc: 6.0 ms]
      [Ref Enq: 0.1 ms]
      [Free CSet: 3.6 ms]
   [Eden: 955.0M(955.0M)->0.0B(941.0M) Survivors: 69.0M->83.0M Heap: 2182.7M(3072.0M)->1148.7M(3072.0M)]
 [Times: user=0.68 sys=0.00, real=0.35 secs] 
31982.240: [GC pause (mixed)
Desired survivor size 67108864 bytes, new threshold 4 (max 32)
- age   1:   34611384 bytes,   34611384 total
- age   2:   23677480 bytes,   58288864 total
- age   3:    5117056 bytes,   63405920 total
- age   4:   19640248 bytes,   83046168 total
, 0.3787560 secs]
   [Parallel Time: 365.4 ms, GC Workers: 2]
      [GC Worker Start (ms): Min: 31982241.9, Avg: 31982242.0, Max: 31982242.1, Diff: 0.2]
      [Ext Root Scanning (ms): Min: 73.2, Avg: 79.8, Max: 86.3, Diff: 13.2, Sum: 159.5]
      [Update RS (ms): Min: 39.3, Avg: 48.2, Max: 57.2, Diff: 17.9, Sum: 96.5]
         [Processed Buffers: Min: 90, Avg: 147.5, Max: 205, Diff: 115, Sum: 295]
      [Scan RS (ms): Min: 48.1, Avg: 48.2, Max: 48.3, Diff: 0.2, Sum: 96.4]
      [Object Copy (ms): Min: 186.5, Avg: 188.9, Max: 191.3, Diff: 4.7, Sum: 377.8]
      [Termination (ms): Min: 0.0, Avg: 0.0, Max: 0.0, Diff: 0.0, Sum: 0.0]
      [GC Worker Other (ms): Min: 0.1, Avg: 0.1, Max: 0.1, Diff: 0.0, Sum: 0.3]
      [GC Worker Total (ms): Min: 365.1, Avg: 365.3, Max: 365.4, Diff: 0.2, Sum: 730.5]
      [GC Worker End (ms): Min: 31982607.2, Avg: 31982607.3, Max: 31982607.3, Diff: 0.0]
   [Code Root Fixup: 0.0 ms]
   [Clear CT: 1.0 ms]
   [Other: 12.4 ms]
      [Choose CSet: 0.8 ms]
      [Ref Proc: 6.4 ms]
      [Ref Enq: 0.1 ms]
      [Free CSet: 3.4 ms]
   [Eden: 941.0M(941.0M)->0.0B(946.0M) Survivors: 83.0M->78.0M Heap: 2109.4M(3072.0M)->1080.4M(3072.0M)]
 [Times: user=0.74 sys=0.00, real=0.38 secs] 
31988.880: [GC pause (mixed)
Desired survivor size 67108864 bytes, new threshold 3 (max 32)
- age   1:   30443384 bytes,   30443384 total
- age   2:   21004496 bytes,   51447880 total
- age   3:   21258648 bytes,   72706528 total
- age   4:    4781560 bytes,   77488088 total
, 0.5083800 secs]
   [Parallel Time: 495.7 ms, GC Workers: 2]
      [GC Worker Start (ms): Min: 31988881.9, Avg: 31988881.9, Max: 31988881.9, Diff: 0.0]
      [Ext Root Scanning (ms): Min: 73.6, Avg: 80.8, Max: 88.0, Diff: 14.3, Sum: 161.6]
      [Update RS (ms): Min: 43.5, Avg: 53.0, Max: 62.5, Diff: 19.0, Sum: 106.1]
         [Processed Buffers: Min: 122, Avg: 172.0, Max: 222, Diff: 100, Sum: 344]
      [Scan RS (ms): Min: 56.6, Avg: 56.6, Max: 56.6, Diff: 0.0, Sum: 113.2]
      [Object Copy (ms): Min: 302.7, Avg: 305.0, Max: 307.4, Diff: 4.7, Sum: 610.1]
      [Termination (ms): Min: 0.0, Avg: 0.0, Max: 0.0, Diff: 0.0, Sum: 0.0]
      [GC Worker Other (ms): Min: 0.1, Avg: 0.1, Max: 0.1, Diff: 0.0, Sum: 0.3]
      [GC Worker Total (ms): Min: 495.6, Avg: 495.6, Max: 495.6, Diff: 0.0, Sum: 991.2]
      [GC Worker End (ms): Min: 31989377.5, Avg: 31989377.5, Max: 31989377.5, Diff: 0.0]
   [Code Root Fixup: 0.0 ms]
   [Clear CT: 1.1 ms]
   [Other: 11.6 ms]
      [Choose CSet: 1.2 ms]
      [Ref Proc: 4.8 ms]
      [Ref Enq: 0.1 ms]
      [Free CSet: 3.6 ms]
   [Eden: 946.0M(946.0M)->0.0B(908.0M) Survivors: 78.0M->116.0M Heap: 2027.4M(3072.0M)->1049.4M(3072.0M)]
 [Times: user=1.00 sys=0.00, real=0.51 secs] 
31993.087: [GC pause (mixed)
Desired survivor size 67108864 bytes, new threshold 1 (max 32)
- age   1:   82071896 bytes,   82071896 total
- age   2:   19314128 bytes,  101386024 total
- age   3:   16065856 bytes,  117451880 total
, 0.6402430 secs]
   [Parallel Time: 629.5 ms, GC Workers: 2]
      [GC Worker Start (ms): Min: 31993089.6, Avg: 31993089.6, Max: 31993089.6, Diff: 0.0]
      [Ext Root Scanning (ms): Min: 68.8, Avg: 77.8, Max: 86.8, Diff: 18.0, Sum: 155.6]
      [Update RS (ms): Min: 20.7, Avg: 32.5, Max: 44.4, Diff: 23.6, Sum: 65.1]
         [Processed Buffers: Min: 129, Avg: 151.5, Max: 174, Diff: 45, Sum: 303]
      [Scan RS (ms): Min: 54.9, Avg: 54.9, Max: 55.0, Diff: 0.1, Sum: 109.9]
      [Object Copy (ms): Min: 461.0, Avg: 463.8, Max: 466.7, Diff: 5.7, Sum: 927.7]
      [Termination (ms): Min: 0.0, Avg: 0.0, Max: 0.0, Diff: 0.0, Sum: 0.0]
      [GC Worker Other (ms): Min: 0.1, Avg: 0.2, Max: 0.2, Diff: 0.1, Sum: 0.4]
      [GC Worker Total (ms): Min: 629.3, Avg: 629.3, Max: 629.3, Diff: 0.1, Sum: 1258.6]
      [GC Worker End (ms): Min: 31993718.9, Avg: 31993718.9, Max: 31993718.9, Diff: 0.0]
   [Code Root Fixup: 0.0 ms]
   [Clear CT: 0.8 ms]
   [Other: 10.0 ms]
      [Choose CSet: 0.6 ms]
      [Ref Proc: 2.1 ms]
      [Ref Enq: 0.0 ms]
      [Free CSet: 4.0 ms]
   [Eden: 908.0M(908.0M)->0.0B(922.0M) Survivors: 116.0M->102.0M Heap: 2009.3M(3072.0M)->1151.3M(3072.0M)]
 [Times: user=1.27 sys=0.00, real=0.64 secs] 
31998.696: [GC pause (young)
Desired survivor size 67108864 bytes, new threshold 1 (max 32)
- age   1:  104218576 bytes,  104218576 total
, 0.5850350 secs]
   [Parallel Time: 572.9 ms, GC Workers: 2]
      [GC Worker Start (ms): Min: 31998697.9, Avg: 31998697.9, Max: 31998697.9, Diff: 0.0]
      [Ext Root Scanning (ms): Min: 75.8, Avg: 80.4, Max: 84.9, Diff: 9.1, Sum: 160.7]
      [Update RS (ms): Min: 69.7, Avg: 76.6, Max: 83.6, Diff: 13.9, Sum: 153.3]
         [Processed Buffers: Min: 60, Avg: 160.5, Max: 261, Diff: 201, Sum: 321]
      [Scan RS (ms): Min: 84.4, Avg: 84.5, Max: 84.5, Diff: 0.2, Sum: 168.9]
      [Object Copy (ms): Min: 328.9, Avg: 331.2, Max: 333.5, Diff: 4.6, Sum: 662.3]
      [Termination (ms): Min: 0.0, Avg: 0.0, Max: 0.0, Diff: 0.0, Sum: 0.0]
      [GC Worker Other (ms): Min: 0.1, Avg: 0.1, Max: 0.1, Diff: 0.0, Sum: 0.2]
      [GC Worker Total (ms): Min: 572.8, Avg: 572.8, Max: 572.8, Diff: 0.0, Sum: 1145.5]
      [GC Worker End (ms): Min: 31999270.7, Avg: 31999270.7, Max: 31999270.7, Diff: 0.0]
   [Code Root Fixup: 0.0 ms]
   [Clear CT: 0.8 ms]
   [Other: 11.4 ms]
      [Choose CSet: 0.0 ms]
      [Ref Proc: 3.7 ms]
      [Ref Enq: 0.0 ms]
      [Free CSet: 4.3 ms]
   [Eden: 922.0M(922.0M)->0.0B(971.0M) Survivors: 102.0M->53.0M Heap: 2085.2M(3072.0M)->1201.7M(3072.0M)]
 [Times: user=1.15 sys=0.00, real=0.59 secs] 
32004.666: [GC pause (young)
Desired survivor size 67108864 bytes, new threshold 16 (max 32)
- age   1:   52065024 bytes,   52065024 total
, 0.4203560 secs]
   [Parallel Time: 408.4 ms, GC Workers: 2]
      [GC Worker Start (ms): Min: 32004667.5, Avg: 32004667.5, Max: 32004667.5, Diff: 0.0]
      [Ext Root Scanning (ms): Min: 68.5, Avg: 77.2, Max: 85.9, Diff: 17.4, Sum: 154.4]
      [Update RS (ms): Min: 49.8, Avg: 61.2, Max: 72.6, Diff: 22.8, Sum: 122.4]
         [Processed Buffers: Min: 92, Avg: 161.0, Max: 230, Diff: 138, Sum: 322]
      [Scan RS (ms): Min: 69.9, Avg: 70.0, Max: 70.1, Diff: 0.2, Sum: 140.1]
      [Object Copy (ms): Min: 197.2, Avg: 199.7, Max: 202.2, Diff: 5.1, Sum: 399.4]
      [Termination (ms): Min: 0.0, Avg: 0.0, Max: 0.0, Diff: 0.0, Sum: 0.0]
      [GC Worker Other (ms): Min: 0.1, Avg: 0.1, Max: 0.2, Diff: 0.1, Sum: 0.2]
      [GC Worker Total (ms): Min: 408.3, Avg: 408.3, Max: 408.3, Diff: 0.0, Sum: 816.5]
      [GC Worker End (ms): Min: 32005075.7, Avg: 32005075.7, Max: 32005075.7, Diff: 0.0]
   [Code Root Fixup: 0.0 ms]
   [Clear CT: 0.7 ms]
   [Other: 11.3 ms]
      [Choose CSet: 0.0 ms]
      [Ref Proc: 4.3 ms]
      [Ref Enq: 0.1 ms]
      [Free CSet: 4.6 ms]
   [Eden: 971.0M(971.0M)->0.0B(937.0M) Survivors: 53.0M->87.0M Heap: 2199.4M(3072.0M)->1262.4M(3072.0M)]
 [Times: user=0.83 sys=0.00, real=0.42 secs] 
32011.180: [GC pause (young)
Desired survivor size 67108864 bytes, new threshold 2 (max 32)
- age   1:   39125128 bytes,   39125128 total
- age   2:   48641960 bytes,   87767088 total
, 0.5283280 secs]
   [Parallel Time: 514.7 ms, GC Workers: 2]
      [GC Worker Start (ms): Min: 32011183.1, Avg: 32011183.1, Max: 32011183.1, Diff: 0.0]
      [Ext Root Scanning (ms): Min: 68.4, Avg: 79.1, Max: 89.8, Diff: 21.4, Sum: 158.2]
      [Update RS (ms): Min: 51.9, Avg: 65.2, Max: 78.5, Diff: 26.7, Sum: 130.4]
         [Processed Buffers: Min: 84, Avg: 142.5, Max: 201, Diff: 117, Sum: 285]
      [Scan RS (ms): Min: 80.3, Avg: 80.4, Max: 80.5, Diff: 0.2, Sum: 160.9]
      [Object Copy (ms): Min: 285.5, Avg: 288.3, Max: 291.1, Diff: 5.6, Sum: 576.5]
      [Termination (ms): Min: 0.0, Avg: 0.0, Max: 0.0, Diff: 0.0, Sum: 0.0]
      [GC Worker Other (ms): Min: 0.1, Avg: 0.2, Max: 0.2, Diff: 0.0, Sum: 0.3]
      [GC Worker Total (ms): Min: 513.1, Avg: 513.2, Max: 513.2, Diff: 0.0, Sum: 1026.3]
      [GC Worker End (ms): Min: 32011696.3, Avg: 32011696.3, Max: 32011696.3, Diff: 0.0]
   [Code Root Fixup: 0.0 ms]
   [Clear CT: 0.6 ms]
   [Other: 13.1 ms]
      [Choose CSet: 0.0 ms]
      [Ref Proc: 5.0 ms]
      [Ref Enq: 0.1 ms]
      [Free CSet: 5.1 ms]
   [Eden: 937.0M(937.0M)->0.0B(945.0M) Survivors: 87.0M->79.0M Heap: 2242.7M(3072.0M)->1344.2M(3072.0M)]
 [Times: user=1.04 sys=0.01, real=0.52 secs] 
32016.669: [GC pause (young)
Desired survivor size 67108864 bytes, new threshold 2 (max 32)
- age   1:   44941560 bytes,   44941560 total
- age   2:   34670464 bytes,   79612024 total
, 0.4653770 secs]
   [Parallel Time: 450.7 ms, GC Workers: 2]
      [GC Worker Start (ms): Min: 32016670.8, Avg: 32016670.9, Max: 32016671.1, Diff: 0.3]
      [Ext Root Scanning (ms): Min: 68.0, Avg: 78.9, Max: 89.8, Diff: 21.8, Sum: 157.8]
      [Update RS (ms): Min: 42.5, Avg: 56.0, Max: 69.6, Diff: 27.1, Sum: 112.0]
         [Processed Buffers: Min: 149, Avg: 161.0, Max: 173, Diff: 24, Sum: 322]
      [Scan RS (ms): Min: 69.8, Avg: 69.8, Max: 69.8, Diff: 0.1, Sum: 139.6]
      [Object Copy (ms): Min: 242.8, Avg: 245.7, Max: 248.5, Diff: 5.7, Sum: 491.3]
      [Termination (ms): Min: 0.0, Avg: 0.0, Max: 0.0, Diff: 0.0, Sum: 0.0]
      [GC Worker Other (ms): Min: 0.1, Avg: 0.1, Max: 0.2, Diff: 0.1, Sum: 0.3]
      [GC Worker Total (ms): Min: 450.4, Avg: 450.5, Max: 450.7, Diff: 0.3, Sum: 901.0]
      [GC Worker End (ms): Min: 32017121.4, Avg: 32017121.4, Max: 32017121.4, Diff: 0.0]
   [Code Root Fixup: 0.0 ms]
   [Clear CT: 0.8 ms]
   [Other: 13.9 ms]
      [Choose CSet: 0.0 ms]
      [Ref Proc: 6.0 ms]
      [Ref Enq: 0.1 ms]
      [Free CSet: 4.7 ms]
   [Eden: 945.0M(945.0M)->0.0B(947.0M) Survivors: 79.0M->77.0M Heap: 2289.7M(3072.0M)->1373.2M(3072.0M)]
 [Times: user=0.92 sys=0.00, real=0.47 secs] 
32018.625: [GC pause (young) (initial-mark)
Desired survivor size 67108864 bytes, new threshold 2 (max 32)
- age   1:   40846256 bytes,   40846256 total
- age   2:   37538720 bytes,   78384976 total
, 0.3752640 secs]
   [Parallel Time: 369.3 ms, GC Workers: 2]
      [GC Worker Start (ms): Min: 32018626.8, Avg: 32018626.8, Max: 32018626.8, Diff: 0.0]
      [Ext Root Scanning (ms): Min: 62.1, Avg: 80.8, Max: 99.5, Diff: 37.4, Sum: 161.7]
      [Update RS (ms): Min: 14.6, Avg: 31.3, Max: 48.0, Diff: 33.5, Sum: 62.6]
         [Processed Buffers: Min: 142, Avg: 146.0, Max: 150, Diff: 8, Sum: 292]
      [Scan RS (ms): Min: 47.9, Avg: 48.0, Max: 48.0, Diff: 0.1, Sum: 95.9]
      [Object Copy (ms): Min: 207.1, Avg: 209.0, Max: 210.9, Diff: 3.8, Sum: 418.0]
      [Termination (ms): Min: 0.0, Avg: 0.0, Max: 0.0, Diff: 0.0, Sum: 0.0]
      [GC Worker Other (ms): Min: 0.1, Avg: 0.1, Max: 0.1, Diff: 0.0, Sum: 0.1]
      [GC Worker Total (ms): Min: 369.2, Avg: 369.2, Max: 369.2, Diff: 0.0, Sum: 738.4]
      [GC Worker End (ms): Min: 32018995.9, Avg: 32018995.9, Max: 32018996.0, Diff: 0.0]
   [Code Root Fixup: 0.0 ms]
   [Clear CT: 0.4 ms]
   [Other: 5.5 ms]
      [Choose CSet: 0.0 ms]
      [Ref Proc: 1.2 ms]
      [Ref Enq: 0.0 ms]
      [Free CSet: 1.8 ms]
   [Eden: 293.0M(947.0M)->0.0B(972.0M) Survivors: 77.0M->52.0M Heap: 1670.2M(3072.0M)->1387.2M(3072.0M)]
 [Times: user=0.74 sys=0.00, real=0.38 secs] 
32019.001: [GC concurrent-root-region-scan-start]
32019.123: [GC concurrent-root-region-scan-end, 0.1217900 secs]
32019.123: [GC concurrent-mark-start]
32021.695: [GC concurrent-mark-end, 2.5725940 secs]
32021.698: [GC remark 32021.700: [GC ref-proc, 0.2915000 secs], 0.3713010 secs]
 [Times: user=0.38 sys=0.00, real=0.37 secs] 
32022.072: [GC cleanup 1961M->1690M(3072M), 0.0256070 secs]
 [Times: user=0.05 sys=0.00, real=0.02 secs] 
32022.099: [GC concurrent-cleanup-start]
32022.099: [GC concurrent-cleanup-end, 0.0006100 secs]
32024.721: [GC pause (young)
Desired survivor size 67108864 bytes, new threshold 16 (max 32)
- age   1:   15329640 bytes,   15329640 total
- age   2:   37176008 bytes,   52505648 total
, 0.3998650 secs]
   [Parallel Time: 388.5 ms, GC Workers: 2]
      [GC Worker Start (ms): Min: 32024722.6, Avg: 32024722.7, Max: 32024722.7, Diff: 0.1]
      [Ext Root Scanning (ms): Min: 72.2, Avg: 82.0, Max: 91.8, Diff: 19.6, Sum: 164.0]
      [Update RS (ms): Min: 37.4, Avg: 49.3, Max: 61.2, Diff: 23.8, Sum: 98.6]
         [Processed Buffers: Min: 75, Avg: 136.5, Max: 198, Diff: 123, Sum: 273]
      [Scan RS (ms): Min: 66.6, Avg: 67.0, Max: 67.4, Diff: 0.8, Sum: 133.9]
      [Object Copy (ms): Min: 187.5, Avg: 189.9, Max: 192.4, Diff: 5.0, Sum: 379.9]
      [Termination (ms): Min: 0.0, Avg: 0.0, Max: 0.0, Diff: 0.0, Sum: 0.0]
      [GC Worker Other (ms): Min: 0.1, Avg: 0.1, Max: 0.1, Diff: 0.0, Sum: 0.3]
      [GC Worker Total (ms): Min: 388.3, Avg: 388.4, Max: 388.4, Diff: 0.1, Sum: 776.7]
      [GC Worker End (ms): Min: 32025111.0, Avg: 32025111.0, Max: 32025111.1, Diff: 0.0]
   [Code Root Fixup: 0.0 ms]
   [Clear CT: 0.8 ms]
   [Other: 10.6 ms]
      [Choose CSet: 0.0 ms]
      [Ref Proc: 2.9 ms]
      [Ref Enq: 0.0 ms]
      [Free CSet: 5.1 ms]
   [Eden: 972.0M(972.0M)->0.0B(943.0M) Survivors: 52.0M->81.0M Heap: 2136.4M(3072.0M)->1193.4M(3072.0M)]
 [Times: user=0.79 sys=0.01, real=0.40 secs] 
32031.734: [GC pause (mixed)
Desired survivor size 67108864 bytes, new threshold 3 (max 32)
- age   1:   37578096 bytes,   37578096 total
- age   2:   10481480 bytes,   48059576 total
- age   3:   34531848 bytes,   82591424 total
, 0.5235990 secs]
   [Parallel Time: 507.0 ms, GC Workers: 2]
      [GC Worker Start (ms): Min: 32031736.6, Avg: 32031736.6, Max: 32031736.6, Diff: 0.0]
      [Ext Root Scanning (ms): Min: 73.7, Avg: 81.3, Max: 88.9, Diff: 15.2, Sum: 162.6]
      [Update RS (ms): Min: 46.4, Avg: 56.7, Max: 67.0, Diff: 20.6, Sum: 113.4]
         [Processed Buffers: Min: 87, Avg: 150.5, Max: 214, Diff: 127, Sum: 301]
      [Scan RS (ms): Min: 107.3, Avg: 107.4, Max: 107.4, Diff: 0.2, Sum: 214.7]
      [Object Copy (ms): Min: 258.7, Avg: 261.5, Max: 264.3, Diff: 5.6, Sum: 522.9]
      [Termination (ms): Min: 0.0, Avg: 0.0, Max: 0.0, Diff: 0.0, Sum: 0.0]
      [GC Worker Other (ms): Min: 0.1, Avg: 0.1, Max: 0.1, Diff: 0.0, Sum: 0.2]
      [GC Worker Total (ms): Min: 506.9, Avg: 506.9, Max: 506.9, Diff: 0.0, Sum: 1013.8]
      [GC Worker End (ms): Min: 32032243.5, Avg: 32032243.5, Max: 32032243.5, Diff: 0.0]
   [Code Root Fixup: 0.0 ms]
   [Clear CT: 0.9 ms]
   [Other: 15.7 ms]
      [Choose CSet: 0.5 ms]
      [Ref Proc: 5.5 ms]
      [Ref Enq: 0.1 ms]
      [Free CSet: 6.6 ms]
   [Eden: 943.0M(943.0M)->0.0B(949.0M) Survivors: 81.0M->75.0M Heap: 2144.4M(3072.0M)->1159.4M(3072.0M)]
 [Times: user=1.03 sys=0.00, real=0.52 secs] 
32036.652: [GC pause (mixed)
Desired survivor size 67108864 bytes, new threshold 3 (max 32)
- age   1:   35967144 bytes,   35967144 total
- age   2:   29964632 bytes,   65931776 total
- age   3:    9914512 bytes,   75846288 total
, 0.4934190 secs]
   [Parallel Time: 480.7 ms, GC Workers: 2]
      [GC Worker Start (ms): Min: 32036654.5, Avg: 32036654.6, Max: 32036654.6, Diff: 0.0]
      [Ext Root Scanning (ms): Min: 75.2, Avg: 82.7, Max: 90.2, Diff: 15.0, Sum: 165.4]
      [Update RS (ms): Min: 26.6, Avg: 36.7, Max: 46.9, Diff: 20.2, Sum: 73.5]
         [Processed Buffers: Min: 132, Avg: 137.0, Max: 142, Diff: 10, Sum: 274]
      [Scan RS (ms): Min: 105.6, Avg: 105.7, Max: 105.8, Diff: 0.2, Sum: 211.4]
      [Object Copy (ms): Min: 252.7, Avg: 255.3, Max: 258.0, Diff: 5.3, Sum: 510.7]
      [Termination (ms): Min: 0.0, Avg: 0.0, Max: 0.0, Diff: 0.0, Sum: 0.0]
      [GC Worker Other (ms): Min: 0.1, Avg: 0.1, Max: 0.1, Diff: 0.0, Sum: 0.2]
      [GC Worker Total (ms): Min: 480.6, Avg: 480.6, Max: 480.6, Diff: 0.0, Sum: 961.2]
      [GC Worker End (ms): Min: 32037135.1, Avg: 32037135.1, Max: 32037135.1, Diff: 0.0]
   [Code Root Fixup: 0.0 ms]
   [Clear CT: 1.3 ms]
   [Other: 11.4 ms]
      [Choose CSet: 0.7 ms]
      [Ref Proc: 2.2 ms]
      [Ref Enq: 0.0 ms]
      [Free CSet: 5.5 ms]
   [Eden: 949.0M(949.0M)->0.0B(926.0M) Survivors: 75.0M->98.0M Heap: 2188.8M(3072.0M)->1235.8M(3072.0M)]
 [Times: user=0.97 sys=0.00, real=0.50 secs] 
32041.440: [GC pause (young)
Desired survivor size 67108864 bytes, new threshold 2 (max 32)
- age   1:   41604800 bytes,   41604800 total
- age   2:   32425296 bytes,   74030096 total
- age   3:   27340960 bytes,  101371056 total
, 0.5751940 secs]
   [Parallel Time: 562.0 ms, GC Workers: 2]
      [GC Worker Start (ms): Min: 32041441.7, Avg: 32041441.7, Max: 32041441.7, Diff: 0.0]
      [Ext Root Scanning (ms): Min: 72.9, Avg: 80.4, Max: 88.0, Diff: 15.1, Sum: 160.9]
      [Update RS (ms): Min: 38.9, Avg: 48.7, Max: 58.6, Diff: 19.7, Sum: 97.5]
         [Processed Buffers: Min: 88, Avg: 139.5, Max: 191, Diff: 103, Sum: 279]
      [Scan RS (ms): Min: 90.4, Avg: 90.5, Max: 90.6, Diff: 0.2, Sum: 181.0]
      [Object Copy (ms): Min: 339.9, Avg: 342.1, Max: 344.3, Diff: 4.4, Sum: 684.3]
      [Termination (ms): Min: 0.0, Avg: 0.0, Max: 0.0, Diff: 0.0, Sum: 0.0]
      [GC Worker Other (ms): Min: 0.1, Avg: 0.1, Max: 0.1, Diff: 0.0, Sum: 0.3]
      [GC Worker Total (ms): Min: 561.9, Avg: 562.0, Max: 562.0, Diff: 0.0, Sum: 1123.9]
      [GC Worker End (ms): Min: 32042003.7, Avg: 32042003.7, Max: 32042003.7, Diff: 0.0]
   [Code Root Fixup: 0.0 ms]
   [Clear CT: 0.8 ms]
   [Other: 12.4 ms]
      [Choose CSet: 0.0 ms]
      [Ref Proc: 4.4 ms]
      [Ref Enq: 0.1 ms]
      [Free CSet: 4.9 ms]
   [Eden: 926.0M(926.0M)->0.0B(924.0M) Survivors: 98.0M->100.0M Heap: 2172.9M(3072.0M)->1300.4M(3072.0M)]
 [Times: user=1.14 sys=0.00, real=0.58 secs] 
32046.513: [GC pause (young)
Desired survivor size 67108864 bytes, new threshold 2 (max 32)
- age   1:   64029632 bytes,   64029632 total
- age   2:   37756872 bytes,  101786504 total
, 0.4826050 secs]
   [Parallel Time: 468.8 ms, GC Workers: 2]
      [GC Worker Start (ms): Min: 32046515.0, Avg: 32046515.0, Max: 32046515.1, Diff: 0.0]
      [Ext Root Scanning (ms): Min: 72.7, Avg: 82.9, Max: 93.1, Diff: 20.4, Sum: 165.9]
      [Update RS (ms): Min: 50.2, Avg: 63.2, Max: 76.3, Diff: 26.1, Sum: 126.5]
         [Processed Buffers: Min: 144, Avg: 164.0, Max: 184, Diff: 40, Sum: 328]
      [Scan RS (ms): Min: 71.2, Avg: 71.4, Max: 71.6, Diff: 0.4, Sum: 142.8]
      [Object Copy (ms): Min: 247.6, Avg: 250.7, Max: 253.8, Diff: 6.2, Sum: 501.4]
      [Termination (ms): Min: 0.0, Avg: 0.0, Max: 0.0, Diff: 0.0, Sum: 0.0]
      [GC Worker Other (ms): Min: 0.1, Avg: 0.2, Max: 0.2, Diff: 0.1, Sum: 0.3]
      [GC Worker Total (ms): Min: 468.4, Avg: 468.5, Max: 468.6, Diff: 0.2, Sum: 936.9]
      [GC Worker End (ms): Min: 32046983.4, Avg: 32046983.5, Max: 32046983.6, Diff: 0.1]
   [Code Root Fixup: 0.0 ms]
   [Clear CT: 0.8 ms]
   [Other: 13.0 ms]
      [Choose CSet: 0.0 ms]
      [Ref Proc: 5.3 ms]
      [Ref Enq: 0.1 ms]
      [Free CSet: 4.5 ms]
   [Eden: 924.0M(924.0M)->0.0B(959.0M) Survivors: 100.0M->65.0M Heap: 2224.9M(3072.0M)->1300.9M(3072.0M)]
 [Times: user=0.95 sys=0.01, real=0.49 secs] 
32051.404: [GC pause (young)
Desired survivor size 67108864 bytes, new threshold 16 (max 32)
- age   1:   39448768 bytes,   39448768 total
- age   2:   26086320 bytes,   65535088 total
, 0.3677910 secs]
   [Parallel Time: 354.7 ms, GC Workers: 2]
      [GC Worker Start (ms): Min: 32051405.3, Avg: 32051405.3, Max: 32051405.3, Diff: 0.0]
      [Ext Root Scanning (ms): Min: 71.6, Avg: 81.1, Max: 90.6, Diff: 19.0, Sum: 162.1]
      [Update RS (ms): Min: 5.7, Avg: 17.5, Max: 29.4, Diff: 23.7, Sum: 35.1]
         [Processed Buffers: Min: 132, Avg: 155.0, Max: 178, Diff: 46, Sum: 310]
      [Scan RS (ms): Min: 64.1, Avg: 64.1, Max: 64.1, Diff: 0.0, Sum: 128.1]
      [Object Copy (ms): Min: 189.4, Avg: 191.8, Max: 194.1, Diff: 4.7, Sum: 383.6]
      [Termination (ms): Min: 0.0, Avg: 0.0, Max: 0.0, Diff: 0.0, Sum: 0.0]
      [GC Worker Other (ms): Min: 0.1, Avg: 0.1, Max: 0.1, Diff: 0.1, Sum: 0.2]
      [GC Worker Total (ms): Min: 354.6, Avg: 354.6, Max: 354.6, Diff: 0.0, Sum: 709.2]
      [GC Worker End (ms): Min: 32051759.8, Avg: 32051759.9, Max: 32051759.9, Diff: 0.1]
   [Code Root Fixup: 0.0 ms]
   [Clear CT: 0.8 ms]
   [Other: 12.3 ms]
      [Choose CSet: 0.0 ms]
      [Ref Proc: 5.3 ms]
      [Ref Enq: 0.1 ms]
      [Free CSet: 4.5 ms]
   [Eden: 758.0M(959.0M)->0.0B(939.0M) Survivors: 65.0M->85.0M Heap: 2090.1M(3072.0M)->1352.4M(3072.0M)]
 [Times: user=0.72 sys=0.00, real=0.37 secs] 
32052.088: [GC pause (young) (initial-mark)
Desired survivor size 67108864 bytes, new threshold 3 (max 32)
- age   1:   31995536 bytes,   31995536 total
- age   2:   31045088 bytes,   63040624 total
- age   3:   23883472 bytes,   86924096 total
, 0.3459970 secs]
   [Parallel Time: 341.3 ms, GC Workers: 2]
      [GC Worker Start (ms): Min: 32052088.8, Avg: 32052088.8, Max: 32052088.8, Diff: 0.0]
      [Ext Root Scanning (ms): Min: 73.2, Avg: 80.5, Max: 87.9, Diff: 14.7, Sum: 161.1]
      [Update RS (ms): Min: 0.0, Avg: 16.5, Max: 32.9, Diff: 32.9, Sum: 32.9]
         [Processed Buffers: Min: 0, Avg: 87.5, Max: 175, Diff: 175, Sum: 175]
      [Scan RS (ms): Min: 41.7, Avg: 41.8, Max: 42.0, Diff: 0.4, Sum: 83.7]
      [Object Copy (ms): Min: 192.8, Avg: 202.2, Max: 211.5, Diff: 18.7, Sum: 404.4]
      [Termination (ms): Min: 0.0, Avg: 0.0, Max: 0.0, Diff: 0.0, Sum: 0.0]
      [GC Worker Other (ms): Min: 0.1, Avg: 0.1, Max: 0.1, Diff: 0.0, Sum: 0.2]
      [GC Worker Total (ms): Min: 341.1, Avg: 341.1, Max: 341.1, Diff: 0.0, Sum: 682.2]
      [GC Worker End (ms): Min: 32052429.9, Avg: 32052429.9, Max: 32052429.9, Diff: 0.0]
   [Code Root Fixup: 0.0 ms]
   [Clear CT: 0.5 ms]
   [Other: 4.2 ms]
      [Choose CSet: 0.0 ms]
      [Ref Proc: 0.9 ms]
      [Ref Enq: 0.0 ms]
      [Free CSet: 1.1 ms]
   [Eden: 63.0M(939.0M)->0.0B(957.0M) Survivors: 85.0M->67.0M Heap: 1434.5M(3072.0M)->1376.6M(3072.0M)]
 [Times: user=0.68 sys=0.00, real=0.34 secs] 
32052.434: [GC concurrent-root-region-scan-start]
32052.744: [GC concurrent-root-region-scan-end, 0.3099460 secs]
32052.744: [GC concurrent-mark-start]
32055.834: [GC concurrent-mark-end, 3.0897390 secs]
32055.836: [GC remark 32055.837: [GC ref-proc, 0.0677160 secs], 0.1410640 secs]
 [Times: user=0.15 sys=0.00, real=0.15 secs] 
32055.979: [GC cleanup 1860M->1630M(3072M), 0.0278910 secs]
 [Times: user=0.05 sys=0.00, real=0.03 secs] 
32056.008: [GC concurrent-cleanup-start]
32056.008: [GC concurrent-cleanup-end, 0.0005180 secs]
32059.585: [GC pause (young)
Desired survivor size 67108864 bytes, new threshold 3 (max 32)
- age   1:    6489400 bytes,    6489400 total
- age   2:   30196080 bytes,   36685480 total
- age   3:   30888528 bytes,   67574008 total
, 0.4522960 secs]
   [Parallel Time: 434.8 ms, GC Workers: 2]
      [GC Worker Start (ms): Min: 32059586.2, Avg: 32059586.2, Max: 32059586.3, Diff: 0.0]
      [Ext Root Scanning (ms): Min: 74.4, Avg: 81.9, Max: 89.5, Diff: 15.1, Sum: 163.9]
      [Update RS (ms): Min: 14.4, Avg: 23.7, Max: 33.1, Diff: 18.7, Sum: 47.5]
         [Processed Buffers: Min: 155, Avg: 160.5, Max: 166, Diff: 11, Sum: 321]
      [Scan RS (ms): Min: 82.4, Avg: 82.7, Max: 83.0, Diff: 0.6, Sum: 165.4]
      [Object Copy (ms): Min: 244.1, Avg: 246.2, Max: 248.4, Diff: 4.3, Sum: 492.4]
      [Termination (ms): Min: 0.0, Avg: 0.0, Max: 0.0, Diff: 0.0, Sum: 0.0]
      [GC Worker Other (ms): Min: 0.1, Avg: 0.1, Max: 0.1, Diff: 0.0, Sum: 0.2]
      [GC Worker Total (ms): Min: 434.7, Avg: 434.7, Max: 434.7, Diff: 0.1, Sum: 869.4]
      [GC Worker End (ms): Min: 32060020.9, Avg: 32060020.9, Max: 32060021.0, Diff: 0.0]
   [Code Root Fixup: 0.0 ms]
   [Clear CT: 0.8 ms]
   [Other: 16.7 ms]
      [Choose CSet: 0.0 ms]
      [Ref Proc: 11.0 ms]
      [Ref Enq: 0.1 ms]
      [Free CSet: 3.3 ms]
   [Eden: 957.0M(957.0M)->0.0B(919.0M) Survivors: 67.0M->105.0M Heap: 2211.6M(3072.0M)->1314.1M(3072.0M)]
 [Times: user=0.89 sys=0.00, real=0.45 secs] 
32064.047: [GC pause (mixed)
Desired survivor size 67108864 bytes, new threshold 1 (max 32)
- age   1:   82063272 bytes,   82063272 total
- age   2:    1659160 bytes,   83722432 total
- age   3:   20874680 bytes,  104597112 total
, 0.7120690 secs]
   [Parallel Time: 700.4 ms, GC Workers: 2]
      [GC Worker Start (ms): Min: 32064049.0, Avg: 32064049.0, Max: 32064049.1, Diff: 0.0]
      [Ext Root Scanning (ms): Min: 77.1, Avg: 82.4, Max: 87.8, Diff: 10.6, Sum: 164.9]
      [Update RS (ms): Min: 25.9, Avg: 34.0, Max: 42.1, Diff: 16.2, Sum: 68.0]
         [Processed Buffers: Min: 120, Avg: 149.0, Max: 178, Diff: 58, Sum: 298]
      [Scan RS (ms): Min: 72.5, Avg: 72.6, Max: 72.7, Diff: 0.1, Sum: 145.2]
      [Object Copy (ms): Min: 508.4, Avg: 511.2, Max: 514.0, Diff: 5.7, Sum: 1022.4]
      [Termination (ms): Min: 0.0, Avg: 0.0, Max: 0.0, Diff: 0.0, Sum: 0.0]
      [GC Worker Other (ms): Min: 0.1, Avg: 0.1, Max: 0.1, Diff: 0.0, Sum: 0.2]
      [GC Worker Total (ms): Min: 700.3, Avg: 700.3, Max: 700.3, Diff: 0.0, Sum: 1400.7]
      [GC Worker End (ms): Min: 32064749.4, Avg: 32064749.4, Max: 32064749.4, Diff: 0.0]
   [Code Root Fixup: 0.0 ms]
   [Clear CT: 1.0 ms]
   [Other: 10.7 ms]
      [Choose CSet: 1.0 ms]
      [Ref Proc: 3.6 ms]
      [Ref Enq: 0.1 ms]
      [Free CSet: 3.5 ms]
   [Eden: 919.0M(919.0M)->0.0B(901.0M) Survivors: 105.0M->123.0M Heap: 2261.1M(3072.0M)->1376.6M(3072.0M)]
 [Times: user=1.41 sys=0.00, real=0.72 secs] 
32071.272: [GC pause (mixed)
Desired survivor size 67108864 bytes, new threshold 1 (max 32)
- age   1:  124938712 bytes,  124938712 total
, 0.5443150 secs]
   [Parallel Time: 531.1 ms, GC Workers: 2]
      [GC Worker Start (ms): Min: 32071274.3, Avg: 32071274.3, Max: 32071274.3, Diff: 0.0]
      [Ext Root Scanning (ms): Min: 73.2, Avg: 82.4, Max: 91.6, Diff: 18.4, Sum: 164.8]
      [Update RS (ms): Min: 30.4, Avg: 42.2, Max: 54.0, Diff: 23.6, Sum: 84.5]
         [Processed Buffers: Min: 139, Avg: 156.0, Max: 173, Diff: 34, Sum: 312]
      [Scan RS (ms): Min: 97.5, Avg: 97.5, Max: 97.5, Diff: 0.0, Sum: 195.1]
      [Object Copy (ms): Min: 306.2, Avg: 308.8, Max: 311.4, Diff: 5.2, Sum: 617.5]
      [Termination (ms): Min: 0.0, Avg: 0.0, Max: 0.0, Diff: 0.0, Sum: 0.0]
      [GC Worker Other (ms): Min: 0.1, Avg: 0.1, Max: 0.1, Diff: 0.0, Sum: 0.2]
      [GC Worker Total (ms): Min: 531.1, Avg: 531.1, Max: 531.1, Diff: 0.0, Sum: 1062.1]
      [GC Worker End (ms): Min: 32071805.4, Avg: 32071805.4, Max: 32071805.4, Diff: 0.0]
   [Code Root Fixup: 0.0 ms]
   [Clear CT: 1.0 ms]
   [Other: 12.2 ms]
      [Choose CSet: 1.0 ms]
      [Ref Proc: 5.1 ms]
      [Ref Enq: 0.1 ms]
      [Free CSet: 3.1 ms]
   [Eden: 901.0M(901.0M)->0.0B(963.0M) Survivors: 123.0M->61.0M Heap: 2300.2M(3072.0M)->1377.7M(3072.0M)]
 [Times: user=1.07 sys=0.00, real=0.54 secs] 
32074.292: [GC pause (young) (initial-mark)
Desired survivor size 67108864 bytes, new threshold 16 (max 32)
- age   1:   60449304 bytes,   60449304 total
, 0.3298330 secs]
   [Parallel Time: 322.5 ms, GC Workers: 2]
      [GC Worker Start (ms): Min: 32074293.3, Avg: 32074293.3, Max: 32074293.3, Diff: 0.0]
      [Ext Root Scanning (ms): Min: 67.0, Avg: 86.8, Max: 106.5, Diff: 39.4, Sum: 173.5]
      [Update RS (ms): Min: 31.8, Avg: 50.7, Max: 69.5, Diff: 37.7, Sum: 101.4]
         [Processed Buffers: Min: 117, Avg: 158.0, Max: 199, Diff: 82, Sum: 316]
      [Scan RS (ms): Min: 15.8, Avg: 15.8, Max: 15.8, Diff: 0.0, Sum: 31.6]
      [Object Copy (ms): Min: 168.1, Avg: 169.0, Max: 169.9, Diff: 1.7, Sum: 338.0]
      [Termination (ms): Min: 0.0, Avg: 0.0, Max: 0.0, Diff: 0.0, Sum: 0.0]
      [GC Worker Other (ms): Min: 0.1, Avg: 0.1, Max: 0.1, Diff: 0.0, Sum: 0.2]
      [GC Worker Total (ms): Min: 322.3, Avg: 322.3, Max: 322.4, Diff: 0.1, Sum: 644.6]
      [GC Worker End (ms): Min: 32074615.6, Avg: 32074615.6, Max: 32074615.6, Diff: 0.0]
   [Code Root Fixup: 0.0 ms]
   [Clear CT: 0.4 ms]
   [Other: 7.0 ms]
      [Choose CSet: 0.0 ms]
      [Ref Proc: 3.7 ms]
      [Ref Enq: 0.1 ms]
      [Free CSet: 1.3 ms]
   [Eden: 419.0M(963.0M)->0.0B(957.0M) Survivors: 61.0M->67.0M Heap: 1797.0M(3072.0M)->1384.2M(3072.0M)]
 [Times: user=0.65 sys=0.00, real=0.33 secs] 
32074.622: [GC concurrent-root-region-scan-start]
32074.849: [GC concurrent-root-region-scan-end, 0.2271940 secs]
32074.849: [GC concurrent-mark-start]
32076.598: [GC concurrent-mark-end, 1.7486320 secs]
32076.601: [GC remark 32076.603: [GC ref-proc, 0.0377900 secs], 0.1135170 secs]
 [Times: user=0.12 sys=0.00, real=0.11 secs] 
32076.716: [GC cleanup 1721M->1485M(3072M), 0.0265980 secs]
 [Times: user=0.05 sys=0.00, real=0.03 secs] 
32076.744: [GC concurrent-cleanup-start]
32076.744: [GC concurrent-cleanup-end, 0.0006900 secs]
32081.428: [GC pause (young)
Desired survivor size 67108864 bytes, new threshold 16 (max 32)
- age   1:   14006056 bytes,   14006056 total
- age   2:   52898296 bytes,   66904352 total
, 0.3569340 secs]
   [Parallel Time: 339.3 ms, GC Workers: 2]
      [GC Worker Start (ms): Min: 32081428.8, Avg: 32081428.9, Max: 32081428.9, Diff: 0.0]
      [Ext Root Scanning (ms): Min: 74.5, Avg: 82.8, Max: 91.1, Diff: 16.6, Sum: 165.6]
      [Update RS (ms): Min: 13.4, Avg: 23.9, Max: 34.4, Diff: 21.1, Sum: 47.8]
         [Processed Buffers: Min: 126, Avg: 185.0, Max: 244, Diff: 118, Sum: 370]
      [Scan RS (ms): Min: 39.8, Avg: 40.3, Max: 40.8, Diff: 1.0, Sum: 80.7]
      [Object Copy (ms): Min: 189.3, Avg: 192.1, Max: 194.8, Diff: 5.5, Sum: 384.1]
      [Termination (ms): Min: 0.0, Avg: 0.0, Max: 0.0, Diff: 0.0, Sum: 0.0]
      [GC Worker Other (ms): Min: 0.1, Avg: 0.1, Max: 0.1, Diff: 0.0, Sum: 0.2]
      [GC Worker Total (ms): Min: 339.2, Avg: 339.2, Max: 339.2, Diff: 0.0, Sum: 678.4]
      [GC Worker End (ms): Min: 32081768.1, Avg: 32081768.1, Max: 32081768.1, Diff: 0.0]
   [Code Root Fixup: 0.0 ms]
   [Clear CT: 0.8 ms]
   [Other: 16.8 ms]
      [Choose CSet: 0.0 ms]
      [Ref Proc: 11.4 ms]
      [Ref Enq: 0.2 ms]
      [Free CSet: 3.6 ms]
   [Eden: 957.0M(957.0M)->0.0B(932.0M) Survivors: 67.0M->92.0M Heap: 2147.2M(3072.0M)->1215.7M(3072.0M)]
 [Times: user=0.70 sys=0.00, real=0.36 secs] 
32086.246: [GC pause (mixed)
Desired survivor size 67108864 bytes, new threshold 3 (max 32)
- age   1:   33728640 bytes,   33728640 total
- age   2:    9243800 bytes,   42972440 total
- age   3:   48258336 bytes,   91230776 total
, 0.3965330 secs]
   [Parallel Time: 379.4 ms, GC Workers: 2]
      [GC Worker Start (ms): Min: 32086247.4, Avg: 32086247.4, Max: 32086247.4, Diff: 0.0]
      [Ext Root Scanning (ms): Min: 75.2, Avg: 85.6, Max: 96.0, Diff: 20.8, Sum: 171.2]
      [Update RS (ms): Min: 29.6, Avg: 43.0, Max: 56.4, Diff: 26.8, Sum: 85.9]
         [Processed Buffers: Min: 68, Avg: 159.0, Max: 250, Diff: 182, Sum: 318]
      [Scan RS (ms): Min: 43.4, Avg: 43.4, Max: 43.5, Diff: 0.1, Sum: 86.9]
      [Object Copy (ms): Min: 204.1, Avg: 207.2, Max: 210.2, Diff: 6.1, Sum: 414.3]
      [Termination (ms): Min: 0.0, Avg: 0.0, Max: 0.0, Diff: 0.0, Sum: 0.0]
      [GC Worker Other (ms): Min: 0.1, Avg: 0.1, Max: 0.1, Diff: 0.0, Sum: 0.2]
      [GC Worker Total (ms): Min: 379.3, Avg: 379.3, Max: 379.3, Diff: 0.0, Sum: 758.6]
      [GC Worker End (ms): Min: 32086626.7, Avg: 32086626.7, Max: 32086626.7, Diff: 0.0]
   [Code Root Fixup: 0.0 ms]
   [Clear CT: 1.0 ms]
   [Other: 16.1 ms]
      [Choose CSet: 0.5 ms]
      [Ref Proc: 9.5 ms]
      [Ref Enq: 0.2 ms]
      [Free CSet: 3.3 ms]
   [Eden: 932.0M(932.0M)->0.0B(964.0M) Survivors: 92.0M->60.0M Heap: 2153.0M(3072.0M)->1134.7M(3072.0M)]
 [Times: user=0.77 sys=0.00, real=0.40 secs] 
32092.023: [GC pause (mixed)
Desired survivor size 67108864 bytes, new threshold 16 (max 32)
- age   1:   29310056 bytes,   29310056 total
- age   2:   23444936 bytes,   52754992 total
- age   3:    6007344 bytes,   58762336 total
, 0.3600900 secs]
   [Parallel Time: 342.7 ms, GC Workers: 2]
      [GC Worker Start (ms): Min: 32092025.5, Avg: 32092025.5, Max: 32092025.5, Diff: 0.0]
      [Ext Root Scanning (ms): Min: 74.1, Avg: 84.0, Max: 93.8, Diff: 19.6, Sum: 167.9]
      [Update RS (ms): Min: 32.7, Avg: 45.5, Max: 58.2, Diff: 25.5, Sum: 90.9]
         [Processed Buffers: Min: 156, Avg: 181.5, Max: 207, Diff: 51, Sum: 363]
      [Scan RS (ms): Min: 56.7, Avg: 56.7, Max: 56.7, Diff: 0.0, Sum: 113.4]
      [Object Copy (ms): Min: 153.4, Avg: 156.3, Max: 159.1, Diff: 5.8, Sum: 312.5]
      [Termination (ms): Min: 0.0, Avg: 0.0, Max: 0.0, Diff: 0.0, Sum: 0.0]
      [GC Worker Other (ms): Min: 0.1, Avg: 0.1, Max: 0.1, Diff: 0.0, Sum: 0.2]
      [GC Worker Total (ms): Min: 342.5, Avg: 342.5, Max: 342.5, Diff: 0.1, Sum: 685.0]
      [GC Worker End (ms): Min: 32092368.0, Avg: 32092368.0, Max: 32092368.0, Diff: 0.0]
   [Code Root Fixup: 0.0 ms]
   [Clear CT: 0.8 ms]
   [Other: 16.5 ms]
      [Choose CSet: 1.4 ms]
      [Ref Proc: 9.0 ms]
      [Ref Enq: 0.1 ms]
      [Free CSet: 4.4 ms]
   [Eden: 964.0M(964.0M)->0.0B(952.0M) Survivors: 60.0M->72.0M Heap: 2104.6M(3072.0M)->994.9M(3072.0M)]
 [Times: user=0.70 sys=0.01, real=0.37 secs] 
32097.792: [GC pause (mixed)
Desired survivor size 67108864 bytes, new threshold 4 (max 32)
- age   1:   26176016 bytes,   26176016 total
- age   2:   17914944 bytes,   44090960 total
- age   3:   20481864 bytes,   64572824 total
- age   4:    5036640 bytes,   69609464 total
, 0.3736170 secs]
   [Parallel Time: 356.6 ms, GC Workers: 2]
      [GC Worker Start (ms): Min: 32097793.9, Avg: 32097793.9, Max: 32097793.9, Diff: 0.0]
      [Ext Root Scanning (ms): Min: 75.7, Avg: 83.8, Max: 91.9, Diff: 16.2, Sum: 167.6]
      [Update RS (ms): Min: 20.0, Avg: 30.8, Max: 41.6, Diff: 21.6, Sum: 61.6]
         [Processed Buffers: Min: 46, Avg: 180.5, Max: 315, Diff: 269, Sum: 361]
      [Scan RS (ms): Min: 58.3, Avg: 58.4, Max: 58.5, Diff: 0.2, Sum: 116.8]
      [Object Copy (ms): Min: 180.8, Avg: 183.4, Max: 186.0, Diff: 5.2, Sum: 366.9]
      [Termination (ms): Min: 0.0, Avg: 0.0, Max: 0.0, Diff: 0.0, Sum: 0.0]
      [GC Worker Other (ms): Min: 0.1, Avg: 0.1, Max: 0.1, Diff: 0.0, Sum: 0.2]
      [GC Worker Total (ms): Min: 356.5, Avg: 356.5, Max: 356.5, Diff: 0.0, Sum: 713.0]
      [GC Worker End (ms): Min: 32098150.4, Avg: 32098150.4, Max: 32098150.4, Diff: 0.0]
   [Code Root Fixup: 0.0 ms]
   [Clear CT: 1.0 ms]
   [Other: 16.0 ms]
      [Choose CSet: 1.2 ms]
      [Ref Proc: 8.5 ms]
      [Ref Enq: 0.1 ms]
      [Free CSet: 4.3 ms]
   [Eden: 952.0M(952.0M)->0.0B(951.0M) Survivors: 72.0M->73.0M Heap: 2016.3M(3072.0M)->993.8M(3072.0M)]
 [Times: user=0.73 sys=0.00, real=0.38 secs] 
32105.367: [GC pause (young)
Desired survivor size 67108864 bytes, new threshold 4 (max 32)
- age   1:   20737296 bytes,   20737296 total
- age   2:   18976656 bytes,   39713952 total
- age   3:   14957872 bytes,   54671824 total
- age   4:   18083336 bytes,   72755160 total
, 0.4412400 secs]
   [Parallel Time: 427.4 ms, GC Workers: 2]
      [GC Worker Start (ms): Min: 32105367.3, Avg: 32105367.3, Max: 32105367.4, Diff: 0.1]
      [Ext Root Scanning (ms): Min: 72.9, Avg: 80.9, Max: 88.8, Diff: 15.8, Sum: 161.7]
      [Update RS (ms): Min: 45.0, Avg: 55.6, Max: 66.1, Diff: 21.1, Sum: 111.2]
         [Processed Buffers: Min: 112, Avg: 166.0, Max: 220, Diff: 108, Sum: 332]
      [Scan RS (ms): Min: 16.9, Avg: 16.9, Max: 16.9, Diff: 0.1, Sum: 33.8]
      [Object Copy (ms): Min: 271.1, Avg: 273.7, Max: 276.3, Diff: 5.2, Sum: 547.4]
      [Termination (ms): Min: 0.0, Avg: 0.0, Max: 0.0, Diff: 0.0, Sum: 0.0]
      [GC Worker Other (ms): Min: 0.1, Avg: 0.1, Max: 0.1, Diff: 0.0, Sum: 0.2]
      [GC Worker Total (ms): Min: 427.2, Avg: 427.2, Max: 427.2, Diff: 0.1, Sum: 854.4]
      [GC Worker End (ms): Min: 32105794.5, Avg: 32105794.5, Max: 32105794.5, Diff: 0.0]
   [Code Root Fixup: 0.0 ms]
   [Clear CT: 0.8 ms]
   [Other: 13.1 ms]
      [Choose CSet: 0.0 ms]
      [Ref Proc: 9.1 ms]
      [Ref Enq: 0.1 ms]
      [Free CSet: 2.2 ms]
   [Eden: 951.0M(951.0M)->0.0B(910.0M) Survivors: 73.0M->114.0M Heap: 1947.2M(3072.0M)->1054.2M(3072.0M)]
 [Times: user=0.86 sys=0.00, real=0.44 secs] 
32110.241: [GC pause (young)
Desired survivor size 67108864 bytes, new threshold 1 (max 32)
- age   1:   73137888 bytes,   73137888 total
- age   2:   14946512 bytes,   88084400 total
- age   3:   15051040 bytes,  103135440 total
- age   4:   11818072 bytes,  114953512 total
, 0.6476140 secs]
   [Parallel Time: 637.5 ms, GC Workers: 2]
      [GC Worker Start (ms): Min: 32110242.8, Avg: 32110242.8, Max: 32110242.8, Diff: 0.0]
      [Ext Root Scanning (ms): Min: 77.1, Avg: 91.0, Max: 104.9, Diff: 27.8, Sum: 182.0]
      [Update RS (ms): Min: 31.4, Avg: 48.8, Max: 66.2, Diff: 34.8, Sum: 97.7]
         [Processed Buffers: Min: 135, Avg: 168.5, Max: 202, Diff: 67, Sum: 337]
      [Scan RS (ms): Min: 34.9, Avg: 35.0, Max: 35.1, Diff: 0.2, Sum: 70.1]
      [Object Copy (ms): Min: 458.7, Avg: 462.1, Max: 465.5, Diff: 6.8, Sum: 924.3]
      [Termination (ms): Min: 0.0, Avg: 0.0, Max: 0.0, Diff: 0.0, Sum: 0.0]
      [GC Worker Other (ms): Min: 0.1, Avg: 0.1, Max: 0.1, Diff: 0.0, Sum: 0.2]
      [GC Worker Total (ms): Min: 637.1, Avg: 637.1, Max: 637.1, Diff: 0.0, Sum: 1274.2]
      [GC Worker End (ms): Min: 32110879.9, Avg: 32110879.9, Max: 32110879.9, Diff: 0.0]
   [Code Root Fixup: 0.0 ms]
   [Clear CT: 0.8 ms]
   [Other: 9.4 ms]
      [Choose CSet: 0.0 ms]
      [Ref Proc: 3.4 ms]
      [Ref Enq: 0.0 ms]
      [Free CSet: 2.8 ms]
   [Eden: 910.0M(910.0M)->0.0B(916.0M) Survivors: 114.0M->108.0M Heap: 1975.4M(3072.0M)->1142.4M(3072.0M)]
 [Times: user=1.27 sys=0.02, real=0.65 secs] 
32115.535: [GC pause (young)
Desired survivor size 67108864 bytes, new threshold 1 (max 32)
- age   1:  110252136 bytes,  110252136 total
, 0.6606730 secs]
   [Parallel Time: 649.7 ms, GC Workers: 2]
      [GC Worker Start (ms): Min: 32115536.5, Avg: 32115536.5, Max: 32115536.5, Diff: 0.0]
      [Ext Root Scanning (ms): Min: 72.4, Avg: 81.5, Max: 90.5, Diff: 18.1, Sum: 162.9]
      [Update RS (ms): Min: 82.8, Avg: 94.7, Max: 106.7, Diff: 24.0, Sum: 189.5]
         [Processed Buffers: Min: 127, Avg: 168.5, Max: 210, Diff: 83, Sum: 337]
      [Scan RS (ms): Min: 65.9, Avg: 66.0, Max: 66.0, Diff: 0.1, Sum: 132.0]
      [Object Copy (ms): Min: 404.3, Avg: 407.2, Max: 410.1, Diff: 5.8, Sum: 814.5]
      [Termination (ms): Min: 0.0, Avg: 0.0, Max: 0.0, Diff: 0.0, Sum: 0.0]
      [GC Worker Other (ms): Min: 0.1, Avg: 0.1, Max: 0.1, Diff: 0.0, Sum: 0.2]
      [GC Worker Total (ms): Min: 649.5, Avg: 649.6, Max: 649.6, Diff: 0.0, Sum: 1299.1]
      [GC Worker End (ms): Min: 32116186.0, Avg: 32116186.0, Max: 32116186.0, Diff: 0.0]
   [Code Root Fixup: 0.0 ms]
   [Clear CT: 0.8 ms]
   [Other: 10.2 ms]
      [Choose CSet: 0.0 ms]
      [Ref Proc: 2.8 ms]
      [Ref Enq: 0.0 ms]
      [Free CSet: 4.1 ms]
   [Eden: 916.0M(916.0M)->0.0B(952.0M) Survivors: 108.0M->72.0M Heap: 2063.4M(3072.0M)->1205.4M(3072.0M)]
 [Times: user=1.30 sys=0.00, real=0.66 secs] 
32121.183: [GC pause (young)
Desired survivor size 67108864 bytes, new threshold 1 (max 32)
- age   1:   72132992 bytes,   72132992 total
, 0.5071960 secs]
   [Parallel Time: 496.4 ms, GC Workers: 2]
      [GC Worker Start (ms): Min: 32121184.5, Avg: 32121184.6, Max: 32121184.6, Diff: 0.1]
      [Ext Root Scanning (ms): Min: 75.4, Avg: 82.8, Max: 90.2, Diff: 14.9, Sum: 165.6]
      [Update RS (ms): Min: 76.2, Avg: 85.7, Max: 95.2, Diff: 19.0, Sum: 171.4]
         [Processed Buffers: Min: 106, Avg: 169.5, Max: 233, Diff: 127, Sum: 339]
      [Scan RS (ms): Min: 73.3, Avg: 73.3, Max: 73.4, Diff: 0.1, Sum: 146.7]
      [Object Copy (ms): Min: 252.2, Avg: 254.3, Max: 256.3, Diff: 4.1, Sum: 508.5]
      [Termination (ms): Min: 0.0, Avg: 0.0, Max: 0.0, Diff: 0.0, Sum: 0.0]
      [GC Worker Other (ms): Min: 0.1, Avg: 0.1, Max: 0.1, Diff: 0.0, Sum: 0.2]
      [GC Worker Total (ms): Min: 496.1, Avg: 496.2, Max: 496.2, Diff: 0.1, Sum: 992.4]
      [GC Worker End (ms): Min: 32121680.8, Avg: 32121680.8, Max: 32121680.8, Diff: 0.0]
   [Code Root Fixup: 0.0 ms]
   [Clear CT: 0.6 ms]
   [Other: 10.2 ms]
      [Choose CSet: 0.0 ms]
      [Ref Proc: 2.8 ms]
      [Ref Enq: 0.0 ms]
      [Free CSet: 4.4 ms]
   [Eden: 952.0M(952.0M)->0.0B(977.0M) Survivors: 72.0M->47.0M Heap: 2163.9M(3072.0M)->1239.9M(3072.0M)]
 [Times: user=1.00 sys=0.00, real=0.51 secs] 
32127.615: [GC pause (young)
Desired survivor size 67108864 bytes, new threshold 16 (max 32)
- age   1:   47744784 bytes,   47744784 total
, 0.4735280 secs]
   [Parallel Time: 460.5 ms, GC Workers: 2]
      [GC Worker Start (ms): Min: 32127617.5, Avg: 32127617.6, Max: 32127617.6, Diff: 0.1]
      [Ext Root Scanning (ms): Min: 70.7, Avg: 80.5, Max: 90.4, Diff: 19.7, Sum: 161.1]
      [Update RS (ms): Min: 55.9, Avg: 68.2, Max: 80.6, Diff: 24.7, Sum: 136.4]
         [Processed Buffers: Min: 151, Avg: 151.0, Max: 151, Diff: 0, Sum: 302]
      [Scan RS (ms): Min: 69.3, Avg: 69.5, Max: 69.6, Diff: 0.3, Sum: 138.9]
      [Object Copy (ms): Min: 239.4, Avg: 242.0, Max: 244.6, Diff: 5.2, Sum: 484.0]
      [Termination (ms): Min: 0.0, Avg: 0.0, Max: 0.0, Diff: 0.0, Sum: 0.0]
      [GC Worker Other (ms): Min: 0.1, Avg: 0.1, Max: 0.2, Diff: 0.0, Sum: 0.3]
      [GC Worker Total (ms): Min: 460.3, Avg: 460.3, Max: 460.4, Diff: 0.1, Sum: 920.7]
      [GC Worker End (ms): Min: 32128077.9, Avg: 32128077.9, Max: 32128077.9, Diff: 0.0]
   [Code Root Fixup: 0.0 ms]
   [Clear CT: 0.7 ms]
   [Other: 12.4 ms]
      [Choose CSet: 0.0 ms]
      [Ref Proc: 4.3 ms]
      [Ref Enq: 0.1 ms]
      [Free CSet: 5.2 ms]
   [Eden: 977.0M(977.0M)->0.0B(923.0M) Survivors: 47.0M->101.0M Heap: 2244.5M(3072.0M)->1321.0M(3072.0M)]
 [Times: user=0.93 sys=0.00, real=0.47 secs] 
32132.214: [GC pause (young)
Desired survivor size 67108864 bytes, new threshold 2 (max 32)
- age   1:   66379480 bytes,   66379480 total
- age   2:   35506576 bytes,  101886056 total
, 0.5419320 secs]
   [Parallel Time: 532.4 ms, GC Workers: 2]
      [GC Worker Start (ms): Min: 32132215.1, Avg: 32132215.1, Max: 32132215.1, Diff: 0.0]
      [Ext Root Scanning (ms): Min: 70.4, Avg: 81.7, Max: 93.0, Diff: 22.5, Sum: 163.4]
      [Update RS (ms): Min: 68.0, Avg: 81.9, Max: 95.8, Diff: 27.8, Sum: 163.8]
         [Processed Buffers: Min: 52, Avg: 145.5, Max: 239, Diff: 187, Sum: 291]
      [Scan RS (ms): Min: 89.4, Avg: 89.5, Max: 89.6, Diff: 0.1, Sum: 179.0]
      [Object Copy (ms): Min: 276.5, Avg: 279.1, Max: 281.7, Diff: 5.1, Sum: 558.2]
      [Termination (ms): Min: 0.0, Avg: 0.0, Max: 0.0, Diff: 0.0, Sum: 0.0]
      [GC Worker Other (ms): Min: 0.1, Avg: 0.1, Max: 0.1, Diff: 0.0, Sum: 0.2]
      [GC Worker Total (ms): Min: 532.3, Avg: 532.3, Max: 532.3, Diff: 0.0, Sum: 1064.5]
      [GC Worker End (ms): Min: 32132747.3, Avg: 32132747.4, Max: 32132747.4, Diff: 0.0]
   [Code Root Fixup: 0.0 ms]
   [Clear CT: 0.9 ms]
   [Other: 8.6 ms]
      [Choose CSet: 0.0 ms]
      [Ref Proc: 1.5 ms]
      [Ref Enq: 0.0 ms]
      [Free CSet: 4.5 ms]
   [Eden: 923.0M(923.0M)->0.0B(944.0M) Survivors: 101.0M->80.0M Heap: 2256.0M(3072.0M)->1345.5M(3072.0M)]
 [Times: user=1.07 sys=0.00, real=0.54 secs] 
32137.775: [GC pause (young)
Desired survivor size 67108864 bytes, new threshold 2 (max 32)
- age   1:   41141864 bytes,   41141864 total
- age   2:   41097384 bytes,   82239248 total
, 0.5007860 secs]
   [Parallel Time: 487.0 ms, GC Workers: 2]
      [GC Worker Start (ms): Min: 32137777.2, Avg: 32137777.5, Max: 32137777.8, Diff: 0.6]
      [Ext Root Scanning (ms): Min: 70.8, Avg: 78.8, Max: 86.9, Diff: 16.1, Sum: 157.7]
      [Update RS (ms): Min: 34.8, Avg: 45.0, Max: 55.1, Diff: 20.3, Sum: 89.9]
         [Processed Buffers: Min: 133, Avg: 153.0, Max: 173, Diff: 40, Sum: 306]
      [Scan RS (ms): Min: 89.1, Avg: 89.1, Max: 89.1, Diff: 0.0, Sum: 178.2]
      [Object Copy (ms): Min: 271.1, Avg: 273.5, Max: 275.9, Diff: 4.8, Sum: 547.1]
      [Termination (ms): Min: 0.0, Avg: 0.0, Max: 0.0, Diff: 0.0, Sum: 0.0]
      [GC Worker Other (ms): Min: 0.1, Avg: 0.1, Max: 0.1, Diff: 0.0, Sum: 0.2]
      [GC Worker Total (ms): Min: 486.2, Avg: 486.5, Max: 486.9, Diff: 0.7, Sum: 973.1]
      [GC Worker End (ms): Min: 32138264.0, Avg: 32138264.0, Max: 32138264.1, Diff: 0.0]
   [Code Root Fixup: 0.0 ms]
   [Clear CT: 1.5 ms]
   [Other: 12.3 ms]
      [Choose CSet: 0.0 ms]
      [Ref Proc: 3.3 ms]
      [Ref Enq: 0.1 ms]
      [Free CSet: 5.8 ms]
   [Eden: 944.0M(944.0M)->0.0B(948.0M) Survivors: 80.0M->76.0M Heap: 2295.0M(3072.0M)->1385.0M(3072.0M)]
 [Times: user=0.98 sys=0.00, real=0.50 secs] 
32138.350: [GC pause (young) (initial-mark)
Desired survivor size 67108864 bytes, new threshold 2 (max 32)
- age   1:   40014736 bytes,   40014736 total
- age   2:   37815352 bytes,   77830088 total
, 0.4597700 secs]
   [Parallel Time: 456.6 ms, GC Workers: 2]
      [GC Worker Start (ms): Min: 32138350.9, Avg: 32138350.9, Max: 32138350.9, Diff: 0.0]
      [Ext Root Scanning (ms): Min: 66.3, Avg: 84.0, Max: 101.8, Diff: 35.4, Sum: 168.1]
      [Update RS (ms): Min: 159.9, Avg: 174.5, Max: 189.1, Diff: 29.2, Sum: 349.0]
         [Processed Buffers: Min: 197, Avg: 252.5, Max: 308, Diff: 111, Sum: 505]
      [Scan RS (ms): Min: 5.6, Avg: 5.8, Max: 6.0, Diff: 0.4, Sum: 11.6]
      [Object Copy (ms): Min: 189.2, Avg: 192.1, Max: 195.0, Diff: 5.8, Sum: 384.1]
      [Termination (ms): Min: 0.0, Avg: 0.0, Max: 0.0, Diff: 0.0, Sum: 0.0]
      [GC Worker Other (ms): Min: 0.1, Avg: 0.1, Max: 0.1, Diff: 0.0, Sum: 0.1]
      [GC Worker Total (ms): Min: 456.5, Avg: 456.5, Max: 456.5, Diff: 0.0, Sum: 912.9]
      [GC Worker End (ms): Min: 32138807.4, Avg: 32138807.4, Max: 32138807.4, Diff: 0.0]
   [Code Root Fixup: 0.0 ms]
   [Clear CT: 0.2 ms]
   [Other: 3.0 ms]
      [Choose CSet: 0.0 ms]
      [Ref Proc: 0.4 ms]
      [Ref Enq: 0.0 ms]
      [Free CSet: 0.3 ms]
   [Eden: 14.0M(948.0M)->0.0B(983.0M) Survivors: 76.0M->41.0M Heap: 1399.0M(3072.0M)->1386.0M(3072.0M)]
 [Times: user=0.92 sys=0.00, real=0.46 secs] 
32138.810: [GC concurrent-root-region-scan-start]
32138.955: [GC concurrent-root-region-scan-end, 0.1446720 secs]
32138.955: [GC concurrent-mark-start]
32142.337: [GC pause (young)
Desired survivor size 67108864 bytes, new threshold 16 (max 32)
- age   1:    2604632 bytes,    2604632 total
- age   2:   38823208 bytes,   41427840 total
, 0.3370870 secs]
   [Parallel Time: 317.1 ms, GC Workers: 2]
      [GC Worker Start (ms): Min: 32142338.8, Avg: 32142338.8, Max: 32142338.9, Diff: 0.1]
      [Ext Root Scanning (ms): Min: 71.9, Avg: 83.0, Max: 94.1, Diff: 22.2, Sum: 166.1]
      [SATB Filtering (ms): Min: 0.0, Avg: 0.5, Max: 0.9, Diff: 0.9, Sum: 0.9]
      [Update RS (ms): Min: 9.7, Avg: 23.0, Max: 36.3, Diff: 26.6, Sum: 45.9]
         [Processed Buffers: Min: 104, Avg: 148.5, Max: 193, Diff: 89, Sum: 297]
      [Scan RS (ms): Min: 53.0, Avg: 53.4, Max: 53.8, Diff: 0.8, Sum: 106.8]
      [Object Copy (ms): Min: 153.8, Avg: 156.9, Max: 160.0, Diff: 6.2, Sum: 313.9]
      [Termination (ms): Min: 0.0, Avg: 0.0, Max: 0.0, Diff: 0.0, Sum: 0.0]
      [GC Worker Other (ms): Min: 0.1, Avg: 0.1, Max: 0.1, Diff: 0.0, Sum: 0.2]
      [GC Worker Total (ms): Min: 316.8, Avg: 316.9, Max: 316.9, Diff: 0.1, Sum: 633.7]
      [GC Worker End (ms): Min: 32142655.7, Avg: 32142655.7, Max: 32142655.7, Diff: 0.0]
   [Code Root Fixup: 0.0 ms]
   [Clear CT: 0.6 ms]
   [Other: 19.5 ms]
      [Choose CSet: 0.0 ms]
      [Ref Proc: 13.7 ms]
      [Ref Enq: 0.1 ms]
      [Free CSet: 3.8 ms]
   [Eden: 587.0M(983.0M)->0.0B(959.0M) Survivors: 41.0M->65.0M Heap: 2005.3M(3072.0M)->1443.2M(3072.0M)]
 [Times: user=0.66 sys=0.01, real=0.34 secs] 
32142.678: [GC concurrent-mark-end, 3.7236550 secs]
32142.680: [GC remark 32142.682: [GC ref-proc, 0.8155370 secs], 0.8925920 secs]
 [Times: user=0.89 sys=0.00, real=0.89 secs] 
32143.578: [GC cleanup 1452M->1191M(3072M), 0.0259560 secs]
 [Times: user=0.05 sys=0.00, real=0.03 secs] 
32143.605: [GC concurrent-cleanup-start]
32143.605: [GC concurrent-cleanup-end, 0.0006860 secs]
32148.647: [GC pause (young)
Desired survivor size 67108864 bytes, new threshold 16 (max 32)
- age   1:   30802144 bytes,   30802144 total
- age   2:     516392 bytes,   31318536 total
- age   3:   35081504 bytes,   66400040 total
, 0.4442790 secs]
   [Parallel Time: 432.0 ms, GC Workers: 2]
      [GC Worker Start (ms): Min: 32148648.2, Avg: 32148648.2, Max: 32148648.2, Diff: 0.0]
      [Ext Root Scanning (ms): Min: 76.2, Avg: 84.5, Max: 92.8, Diff: 16.7, Sum: 169.0]
      [Update RS (ms): Min: 47.8, Avg: 59.2, Max: 70.7, Diff: 22.8, Sum: 118.5]
         [Processed Buffers: Min: 119, Avg: 144.5, Max: 170, Diff: 51, Sum: 289]
      [Scan RS (ms): Min: 82.9, Avg: 83.1, Max: 83.2, Diff: 0.3, Sum: 166.1]
      [Object Copy (ms): Min: 202.0, Avg: 204.9, Max: 207.9, Diff: 5.9, Sum: 409.9]
      [Termination (ms): Min: 0.0, Avg: 0.0, Max: 0.0, Diff: 0.0, Sum: 0.0]
      [GC Worker Other (ms): Min: 0.1, Avg: 0.1, Max: 0.2, Diff: 0.1, Sum: 0.3]
      [GC Worker Total (ms): Min: 431.9, Avg: 431.9, Max: 431.9, Diff: 0.0, Sum: 863.8]
      [GC Worker End (ms): Min: 32149080.1, Avg: 32149080.1, Max: 32149080.1, Diff: 0.0]
   [Code Root Fixup: 0.0 ms]
   [Clear CT: 0.6 ms]
   [Other: 11.7 ms]
      [Choose CSet: 0.0 ms]
      [Ref Proc: 4.1 ms]
      [Ref Enq: 0.1 ms]
      [Free CSet: 5.3 ms]
   [Eden: 845.0M(959.0M)->0.0B(939.0M) Survivors: 65.0M->85.0M Heap: 2062.9M(3072.0M)->1237.9M(3072.0M)]
 [Times: user=0.87 sys=0.00, real=0.44 secs] 
32154.705: [GC pause (mixed)
Desired survivor size 67108864 bytes, new threshold 4 (max 32)
- age   1:   36680376 bytes,   36680376 total
- age   2:   20857816 bytes,   57538192 total
- age   3:     417952 bytes,   57956144 total
- age   4:   29919488 bytes,   87875632 total
, 0.5993250 secs]
   [Parallel Time: 585.7 ms, GC Workers: 2]
      [GC Worker Start (ms): Min: 32154707.0, Avg: 32154707.0, Max: 32154707.0, Diff: 0.0]
      [Ext Root Scanning (ms): Min: 73.4, Avg: 81.3, Max: 89.3, Diff: 15.9, Sum: 162.7]
      [Update RS (ms): Min: 25.3, Avg: 35.9, Max: 46.5, Diff: 21.2, Sum: 71.8]
         [Processed Buffers: Min: 83, Avg: 165.5, Max: 248, Diff: 165, Sum: 331]
      [Scan RS (ms): Min: 110.0, Avg: 110.1, Max: 110.1, Diff: 0.0, Sum: 220.1]
      [Object Copy (ms): Min: 355.4, Avg: 358.1, Max: 360.7, Diff: 5.3, Sum: 716.2]
      [Termination (ms): Min: 0.0, Avg: 0.0, Max: 0.0, Diff: 0.0, Sum: 0.0]
      [GC Worker Other (ms): Min: 0.1, Avg: 0.1, Max: 0.1, Diff: 0.0, Sum: 0.3]
      [GC Worker Total (ms): Min: 585.5, Avg: 585.5, Max: 585.5, Diff: 0.0, Sum: 1171.0]
      [GC Worker End (ms): Min: 32155292.5, Avg: 32155292.5, Max: 32155292.5, Diff: 0.0]
   [Code Root Fixup: 0.0 ms]
   [Clear CT: 0.9 ms]
   [Other: 12.7 ms]
      [Choose CSet: 0.3 ms]
      [Ref Proc: 3.6 ms]
      [Ref Enq: 0.0 ms]
      [Free CSet: 6.1 ms]
   [Eden: 921.0M(939.0M)->0.0B(898.0M) Survivors: 85.0M->126.0M Heap: 2208.3M(3072.0M)->1288.6M(3072.0M)]
 [Times: user=1.18 sys=0.00, real=0.60 secs] 
32160.312: [GC pause (mixed)
Desired survivor size 67108864 bytes, new threshold 1 (max 32)
- age   1:   76915112 bytes,   76915112 total
- age   2:   33766800 bytes,  110681912 total
- age   3:   18520384 bytes,  129202296 total
- age   4:     221016 bytes,  129423312 total
, 0.5289500 secs]
   [Parallel Time: 515.6 ms, GC Workers: 2]
      [GC Worker Start (ms): Min: 32160314.0, Avg: 32160314.0, Max: 32160314.1, Diff: 0.1]
      [Ext Root Scanning (ms): Min: 77.1, Avg: 84.2, Max: 91.3, Diff: 14.2, Sum: 168.4]
      [Update RS (ms): Min: 63.1, Avg: 72.5, Max: 81.9, Diff: 18.8, Sum: 144.9]
         [Processed Buffers: Min: 49, Avg: 148.5, Max: 248, Diff: 199, Sum: 297]
      [Scan RS (ms): Min: 90.1, Avg: 90.1, Max: 90.1, Diff: 0.1, Sum: 180.2]
      [Object Copy (ms): Min: 266.1, Avg: 268.4, Max: 270.8, Diff: 4.7, Sum: 536.9]
      [Termination (ms): Min: 0.0, Avg: 0.0, Max: 0.0, Diff: 0.0, Sum: 0.0]
      [GC Worker Other (ms): Min: 0.1, Avg: 0.2, Max: 0.2, Diff: 0.1, Sum: 0.4]
      [GC Worker Total (ms): Min: 515.4, Avg: 515.4, Max: 515.5, Diff: 0.1, Sum: 1030.9]
      [GC Worker End (ms): Min: 32160829.5, Avg: 32160829.5, Max: 32160829.5, Diff: 0.0]
   [Code Root Fixup: 0.0 ms]
   [Clear CT: 1.0 ms]
   [Other: 12.4 ms]
      [Choose CSet: 0.5 ms]
      [Ref Proc: 4.0 ms]
      [Ref Enq: 0.1 ms]
      [Free CSet: 4.5 ms]
   [Eden: 898.0M(898.0M)->0.0B(989.0M) Survivors: 126.0M->35.0M Heap: 2198.8M(3072.0M)->1251.8M(3072.0M)]
 [Times: user=1.04 sys=0.00, real=0.53 secs] 
32166.711: [GC pause (young)
Desired survivor size 67108864 bytes, new threshold 16 (max 32)
- age   1:   34500808 bytes,   34500808 total
, 0.3695360 secs]
   [Parallel Time: 355.0 ms, GC Workers: 2]
      [GC Worker Start (ms): Min: 32166713.2, Avg: 32166713.2, Max: 32166713.2, Diff: 0.0]
      [Ext Root Scanning (ms): Min: 75.4, Avg: 82.9, Max: 90.4, Diff: 15.0, Sum: 165.7]
      [Update RS (ms): Min: 26.4, Avg: 36.6, Max: 46.8, Diff: 20.4, Sum: 73.1]
         [Processed Buffers: Min: 136, Avg: 166.0, Max: 196, Diff: 60, Sum: 332]
      [Scan RS (ms): Min: 61.0, Avg: 61.0, Max: 61.1, Diff: 0.1, Sum: 122.1]
      [Object Copy (ms): Min: 171.5, Avg: 174.2, Max: 177.0, Diff: 5.5, Sum: 348.5]
      [Termination (ms): Min: 0.0, Avg: 0.0, Max: 0.0, Diff: 0.0, Sum: 0.0]
      [GC Worker Other (ms): Min: 0.1, Avg: 0.1, Max: 0.2, Diff: 0.0, Sum: 0.3]
      [GC Worker Total (ms): Min: 354.8, Avg: 354.9, Max: 354.9, Diff: 0.0, Sum: 709.7]
      [GC Worker End (ms): Min: 32167068.0, Avg: 32167068.0, Max: 32167068.0, Diff: 0.0]
   [Code Root Fixup: 0.0 ms]
   [Clear CT: 1.1 ms]
   [Other: 13.5 ms]
      [Choose CSet: 0.0 ms]
      [Ref Proc: 5.6 ms]
      [Ref Enq: 0.1 ms]
      [Free CSet: 5.1 ms]
   [Eden: 989.0M(989.0M)->0.0B(952.0M) Survivors: 35.0M->72.0M Heap: 2243.3M(3072.0M)->1291.3M(3072.0M)]
 [Times: user=0.72 sys=0.00, real=0.37 secs] 
32169.346: [GC pause (young) (initial-mark)
Desired survivor size 67108864 bytes, new threshold 2 (max 32)
- age   1:   43684832 bytes,   43684832 total
- age   2:   28988640 bytes,   72673472 total
, 0.3170530 secs]
   [Parallel Time: 309.2 ms, GC Workers: 2]
      [GC Worker Start (ms): Min: 32169347.4, Avg: 32169347.4, Max: 32169347.5, Diff: 0.0]
      [Ext Root Scanning (ms): Min: 66.0, Avg: 85.4, Max: 104.7, Diff: 38.7, Sum: 170.7]
      [Update RS (ms): Min: 4.8, Avg: 21.2, Max: 37.6, Diff: 32.8, Sum: 42.4]
         [Processed Buffers: Min: 133, Avg: 153.5, Max: 174, Diff: 41, Sum: 307]
      [Scan RS (ms): Min: 38.2, Avg: 38.2, Max: 38.2, Diff: 0.1, Sum: 76.4]
      [Object Copy (ms): Min: 161.2, Avg: 164.2, Max: 167.3, Diff: 6.1, Sum: 328.5]
      [Termination (ms): Min: 0.0, Avg: 0.0, Max: 0.0, Diff: 0.0, Sum: 0.0]
      [GC Worker Other (ms): Min: 0.1, Avg: 0.1, Max: 0.1, Diff: 0.1, Sum: 0.2]
      [GC Worker Total (ms): Min: 309.1, Avg: 309.1, Max: 309.1, Diff: 0.0, Sum: 618.2]
      [GC Worker End (ms): Min: 32169656.5, Avg: 32169656.5, Max: 32169656.6, Diff: 0.0]
   [Code Root Fixup: 0.0 ms]
   [Clear CT: 0.5 ms]
   [Other: 7.3 ms]
      [Choose CSet: 0.0 ms]
      [Ref Proc: 2.6 ms]
      [Ref Enq: 0.0 ms]
      [Free CSet: 2.2 ms]
   [Eden: 344.0M(952.0M)->0.0B(973.0M) Survivors: 72.0M->51.0M Heap: 1706.9M(3072.0M)->1364.5M(3072.0M)]
 [Times: user=0.62 sys=0.00, real=0.32 secs] 
32169.663: [GC concurrent-root-region-scan-start]
32170.010: [GC concurrent-root-region-scan-end, 0.3466310 secs]
32170.010: [GC concurrent-mark-start]
32172.593: [GC concurrent-mark-end, 2.5833990 secs]
32172.598: [GC remark 32172.599: [GC ref-proc, 0.0369470 secs], 0.1137740 secs]
 [Times: user=0.12 sys=0.00, real=0.11 secs] 
32172.714: [GC cleanup 1732M->1533M(3072M), 0.0296590 secs]
 [Times: user=0.06 sys=0.00, real=0.03 secs] 
32172.744: [GC concurrent-cleanup-start]
32172.745: [GC concurrent-cleanup-end, 0.0005160 secs]
32175.733: [GC pause (young)
Desired survivor size 67108864 bytes, new threshold 16 (max 32)
- age   1:   19956760 bytes,   19956760 total
- age   2:   30963256 bytes,   50920016 total
, 0.5175560 secs]
   [Parallel Time: 507.9 ms, GC Workers: 2]
      [GC Worker Start (ms): Min: 32175733.7, Avg: 32175733.7, Max: 32175733.7, Diff: 0.0]
      [Ext Root Scanning (ms): Min: 71.9, Avg: 83.4, Max: 94.9, Diff: 23.0, Sum: 166.8]
      [Update RS (ms): Min: 37.5, Avg: 51.7, Max: 66.0, Diff: 28.6, Sum: 103.5]
         [Processed Buffers: Min: 122, Avg: 149.0, Max: 176, Diff: 54, Sum: 298]
      [Scan RS (ms): Min: 46.2, Avg: 46.2, Max: 46.2, Diff: 0.0, Sum: 92.4]
      [Object Copy (ms): Min: 323.5, Avg: 326.2, Max: 329.0, Diff: 5.5, Sum: 652.5]
      [Termination (ms): Min: 0.0, Avg: 0.0, Max: 0.1, Diff: 0.1, Sum: 0.1]
      [GC Worker Other (ms): Min: 0.1, Avg: 0.1, Max: 0.1, Diff: 0.0, Sum: 0.2]
      [GC Worker Total (ms): Min: 507.7, Avg: 507.7, Max: 507.7, Diff: 0.0, Sum: 1015.4]
      [GC Worker End (ms): Min: 32176241.4, Avg: 32176241.4, Max: 32176241.4, Diff: 0.0]
   [Code Root Fixup: 0.0 ms]
   [Clear CT: 0.7 ms]
   [Other: 8.9 ms]
      [Choose CSet: 0.0 ms]
      [Ref Proc: 5.0 ms]
      [Ref Enq: 0.1 ms]
      [Free CSet: 2.3 ms]
   [Eden: 973.0M(973.0M)->0.0B(896.0M) Survivors: 51.0M->128.0M Heap: 2226.9M(3072.0M)->1349.9M(3072.0M)]
 [Times: user=1.02 sys=0.01, real=0.52 secs] 
32180.700: [GC pause (mixed)
Desired survivor size 67108864 bytes, new threshold 1 (max 32)
- age   1:  114150528 bytes,  114150528 total
- age   2:    7707840 bytes,  121858368 total
- age   3:   28516112 bytes,  150374480 total
, 0.4383540 secs]
   [Parallel Time: 424.5 ms, GC Workers: 2]
      [GC Worker Start (ms): Min: 32180701.4, Avg: 32180701.5, Max: 32180701.5, Diff: 0.0]
      [Ext Root Scanning (ms): Min: 83.7, Avg: 87.5, Max: 91.3, Diff: 7.6, Sum: 175.1]
      [Update RS (ms): Min: 30.0, Avg: 36.3, Max: 42.6, Diff: 12.6, Sum: 72.7]
         [Processed Buffers: Min: 112, Avg: 141.5, Max: 171, Diff: 59, Sum: 283]
      [Scan RS (ms): Min: 77.8, Avg: 77.9, Max: 78.0, Diff: 0.2, Sum: 155.8]
      [Object Copy (ms): Min: 220.1, Avg: 222.4, Max: 224.8, Diff: 4.8, Sum: 444.9]
      [Termination (ms): Min: 0.0, Avg: 0.0, Max: 0.0, Diff: 0.0, Sum: 0.0]
      [GC Worker Other (ms): Min: 0.1, Avg: 0.1, Max: 0.2, Diff: 0.0, Sum: 0.3]
      [GC Worker Total (ms): Min: 424.3, Avg: 424.3, Max: 424.3, Diff: 0.0, Sum: 848.7]
      [GC Worker End (ms): Min: 32181125.8, Avg: 32181125.8, Max: 32181125.8, Diff: 0.0]
   [Code Root Fixup: 0.0 ms]
   [Clear CT: 0.9 ms]
   [Other: 13.0 ms]
      [Choose CSet: 1.3 ms]
      [Ref Proc: 5.7 ms]
      [Ref Enq: 0.1 ms]
      [Free CSet: 3.9 ms]
   [Eden: 896.0M(896.0M)->0.0B(980.0M) Survivors: 128.0M->44.0M Heap: 2249.9M(3072.0M)->1244.4M(3072.0M)]
 [Times: user=0.86 sys=0.01, real=0.43 secs] 
32187.243: [GC pause (mixed)
Desired survivor size 67108864 bytes, new threshold 16 (max 32)
- age   1:   41448800 bytes,   41448800 total
, 0.3441530 secs]
   [Parallel Time: 330.2 ms, GC Workers: 2]
      [GC Worker Start (ms): Min: 32187245.7, Avg: 32187245.7, Max: 32187245.8, Diff: 0.0]
      [Ext Root Scanning (ms): Min: 83.7, Avg: 88.4, Max: 93.1, Diff: 9.3, Sum: 176.8]
      [Update RS (ms): Min: 17.4, Avg: 24.4, Max: 31.5, Diff: 14.2, Sum: 48.9]
         [Processed Buffers: Min: 155, Avg: 157.0, Max: 159, Diff: 4, Sum: 314]
      [Scan RS (ms): Min: 82.0, Avg: 82.0, Max: 82.0, Diff: 0.1, Sum: 164.0]
      [Object Copy (ms): Min: 132.7, Avg: 135.1, Max: 137.6, Diff: 4.9, Sum: 270.2]
      [Termination (ms): Min: 0.0, Avg: 0.0, Max: 0.0, Diff: 0.0, Sum: 0.0]
      [GC Worker Other (ms): Min: 0.1, Avg: 0.1, Max: 0.1, Diff: 0.0, Sum: 0.2]
      [GC Worker Total (ms): Min: 330.1, Avg: 330.1, Max: 330.1, Diff: 0.1, Sum: 660.2]
      [GC Worker End (ms): Min: 32187575.8, Avg: 32187575.8, Max: 32187575.8, Diff: 0.0]
   [Code Root Fixup: 0.0 ms]
   [Clear CT: 1.0 ms]
   [Other: 12.9 ms]
      [Choose CSet: 1.6 ms]
      [Ref Proc: 5.3 ms]
      [Ref Enq: 0.1 ms]
      [Free CSet: 3.9 ms]
   [Eden: 980.0M(980.0M)->0.0B(969.0M) Survivors: 44.0M->55.0M Heap: 2252.1M(3072.0M)->1206.6M(3072.0M)]
 [Times: user=0.67 sys=0.00, real=0.34 secs] 
32193.705: [GC pause (mixed)
Desired survivor size 67108864 bytes, new threshold 16 (max 32)
- age   1:   22002552 bytes,   22002552 total
- age   2:   31716128 bytes,   53718680 total
, 0.3436760 secs]
   [Parallel Time: 325.5 ms, GC Workers: 2]
      [GC Worker Start (ms): Min: 32193706.8, Avg: 32193706.8, Max: 32193706.8, Diff: 0.0]
      [Ext Root Scanning (ms): Min: 71.5, Avg: 81.5, Max: 91.4, Diff: 19.9, Sum: 163.0]
      [Update RS (ms): Min: 11.3, Avg: 24.4, Max: 37.5, Diff: 26.1, Sum: 48.8]
         [Processed Buffers: Min: 113, Avg: 160.5, Max: 208, Diff: 95, Sum: 321]
      [Scan RS (ms): Min: 80.8, Avg: 80.9, Max: 81.0, Diff: 0.2, Sum: 161.8]
      [Object Copy (ms): Min: 135.3, Avg: 138.3, Max: 141.3, Diff: 6.0, Sum: 276.7]
      [Termination (ms): Min: 0.0, Avg: 0.0, Max: 0.0, Diff: 0.0, Sum: 0.0]
      [GC Worker Other (ms): Min: 0.1, Avg: 0.1, Max: 0.1, Diff: 0.0, Sum: 0.2]
      [GC Worker Total (ms): Min: 325.2, Avg: 325.3, Max: 325.3, Diff: 0.0, Sum: 650.5]
      [GC Worker End (ms): Min: 32194032.1, Avg: 32194032.1, Max: 32194032.1, Diff: 0.0]
   [Code Root Fixup: 0.0 ms]
   [Clear CT: 1.9 ms]
   [Other: 16.3 ms]
      [Choose CSet: 1.2 ms]
      [Ref Proc: 9.2 ms]
      [Ref Enq: 0.2 ms]
      [Free CSet: 3.8 ms]
   [Eden: 969.0M(969.0M)->0.0B(960.0M) Survivors: 55.0M->64.0M Heap: 2180.9M(3072.0M)->1170.9M(3072.0M)]
 [Times: user=0.66 sys=0.00, real=0.34 secs] 
32199.339: [GC pause (young)
Desired survivor size 67108864 bytes, new threshold 16 (max 32)
- age   1:   21405488 bytes,   21405488 total
- age   2:   12043328 bytes,   33448816 total
- age   3:   28632960 bytes,   62081776 total
, 0.2672560 secs]
   [Parallel Time: 253.1 ms, GC Workers: 2]
      [GC Worker Start (ms): Min: 32199339.9, Avg: 32199340.3, Max: 32199340.6, Diff: 0.7]
      [Ext Root Scanning (ms): Min: 80.6, Avg: 88.1, Max: 95.6, Diff: 15.0, Sum: 176.2]
      [Update RS (ms): Min: 18.3, Avg: 28.7, Max: 39.1, Diff: 20.8, Sum: 57.4]
         [Processed Buffers: Min: 159, Avg: 189.0, Max: 219, Diff: 60, Sum: 378]
      [Scan RS (ms): Min: 22.9, Avg: 23.0, Max: 23.1, Diff: 0.2, Sum: 46.0]
      [Object Copy (ms): Min: 110.3, Avg: 112.8, Max: 115.2, Diff: 4.9, Sum: 225.5]
      [Termination (ms): Min: 0.0, Avg: 0.0, Max: 0.0, Diff: 0.0, Sum: 0.0]
      [GC Worker Other (ms): Min: 0.1, Avg: 0.1, Max: 0.1, Diff: 0.0, Sum: 0.2]
      [GC Worker Total (ms): Min: 252.3, Avg: 252.7, Max: 253.0, Diff: 0.7, Sum: 505.3]
      [GC Worker End (ms): Min: 32199593.0, Avg: 32199593.0, Max: 32199593.0, Diff: 0.0]
   [Code Root Fixup: 0.0 ms]
   [Clear CT: 0.7 ms]
   [Other: 13.4 ms]
      [Choose CSet: 0.0 ms]
      [Ref Proc: 9.5 ms]
      [Ref Enq: 0.1 ms]
      [Free CSet: 2.3 ms]
   [Eden: 960.0M(960.0M)->0.0B(956.0M) Survivors: 64.0M->68.0M Heap: 2136.2M(3072.0M)->1180.7M(3072.0M)]
 [Times: user=0.52 sys=0.00, real=0.27 secs] 
32204.712: [GC pause (young)
Desired survivor size 67108864 bytes, new threshold 16 (max 32)
- age   1:   24474120 bytes,   24474120 total
- age   2:   10313448 bytes,   34787568 total
- age   3:    4614544 bytes,   39402112 total
- age   4:   26322112 bytes,   65724224 total
, 0.3213960 secs]
   [Parallel Time: 308.8 ms, GC Workers: 2]
      [GC Worker Start (ms): Min: 32204712.7, Avg: 32204712.8, Max: 32204712.8, Diff: 0.1]
      [Ext Root Scanning (ms): Min: 72.9, Avg: 81.2, Max: 89.4, Diff: 16.4, Sum: 162.3]
      [Update RS (ms): Min: 16.1, Avg: 26.9, Max: 37.7, Diff: 21.6, Sum: 53.8]
         [Processed Buffers: Min: 156, Avg: 165.0, Max: 174, Diff: 18, Sum: 330]
      [Scan RS (ms): Min: 23.1, Avg: 23.2, Max: 23.3, Diff: 0.2, Sum: 46.5]
      [Object Copy (ms): Min: 174.7, Avg: 177.2, Max: 179.7, Diff: 5.0, Sum: 354.4]
      [Termination (ms): Min: 0.0, Avg: 0.0, Max: 0.0, Diff: 0.0, Sum: 0.0]
      [GC Worker Other (ms): Min: 0.1, Avg: 0.1, Max: 0.1, Diff: 0.0, Sum: 0.2]
      [GC Worker Total (ms): Min: 308.6, Avg: 308.6, Max: 308.7, Diff: 0.1, Sum: 617.2]
      [GC Worker End (ms): Min: 32205021.4, Avg: 32205021.4, Max: 32205021.4, Diff: 0.0]
   [Code Root Fixup: 0.0 ms]
   [Clear CT: 0.9 ms]
   [Other: 11.8 ms]
      [Choose CSet: 0.0 ms]
      [Ref Proc: 8.0 ms]
      [Ref Enq: 0.1 ms]
      [Free CSet: 2.4 ms]
   [Eden: 956.0M(956.0M)->0.0B(929.0M) Survivors: 68.0M->95.0M Heap: 2160.2M(3072.0M)->1231.2M(3072.0M)]
 [Times: user=0.63 sys=0.00, real=0.33 secs] 
32212.286: [GC pause (young)
Desired survivor size 67108864 bytes, new threshold 4 (max 32)
- age   1:   44320696 bytes,   44320696 total
- age   2:   14989800 bytes,   59310496 total
- age   3:    7217384 bytes,   66527880 total
- age   4:    3538336 bytes,   70066216 total
- age   5:   25039856 bytes,   95106072 total
, 0.3162690 secs]
   [Parallel Time: 302.1 ms, GC Workers: 2]
      [GC Worker Start (ms): Min: 32212286.4, Avg: 32212286.4, Max: 32212286.4, Diff: 0.0]
      [Ext Root Scanning (ms): Min: 72.4, Avg: 81.3, Max: 90.3, Diff: 17.9, Sum: 162.6]
      [Update RS (ms): Min: 9.6, Avg: 21.3, Max: 33.1, Diff: 23.5, Sum: 42.7]
         [Processed Buffers: Min: 132, Avg: 172.5, Max: 213, Diff: 81, Sum: 345]
      [Scan RS (ms): Min: 23.6, Avg: 23.6, Max: 23.7, Diff: 0.1, Sum: 47.3]
      [Object Copy (ms): Min: 172.8, Avg: 175.5, Max: 178.3, Diff: 5.5, Sum: 351.1]
      [Termination (ms): Min: 0.0, Avg: 0.0, Max: 0.0, Diff: 0.0, Sum: 0.0]
      [GC Worker Other (ms): Min: 0.1, Avg: 0.1, Max: 0.1, Diff: 0.0, Sum: 0.3]
      [GC Worker Total (ms): Min: 302.0, Avg: 302.0, Max: 302.0, Diff: 0.0, Sum: 604.0]
      [GC Worker End (ms): Min: 32212588.4, Avg: 32212588.4, Max: 32212588.4, Diff: 0.0]
   [Code Root Fixup: 0.0 ms]
   [Clear CT: 0.7 ms]
   [Other: 13.4 ms]
      [Choose CSet: 0.0 ms]
      [Ref Proc: 9.4 ms]
      [Ref Enq: 0.1 ms]
      [Free CSet: 2.2 ms]
   [Eden: 929.0M(929.0M)->0.0B(951.0M) Survivors: 95.0M->73.0M Heap: 2168.0M(3072.0M)->1250.8M(3072.0M)]
 [Times: user=0.61 sys=0.00, real=0.31 secs] 
32216.547: [GC pause (young)
Desired survivor size 67108864 bytes, new threshold 4 (max 32)
- age   1:   43328440 bytes,   43328440 total
- age   2:   13263608 bytes,   56592048 total
- age   3:    8213104 bytes,   64805152 total
- age   4:    6367544 bytes,   71172696 total
, 0.5561810 secs]
   [Parallel Time: 545.9 ms, GC Workers: 2]
      [GC Worker Start (ms): Min: 32216547.5, Avg: 32216547.5, Max: 32216547.5, Diff: 0.0]
      [Ext Root Scanning (ms): Min: 71.7, Avg: 84.1, Max: 96.5, Diff: 24.8, Sum: 168.2]
      [Update RS (ms): Min: 24.7, Avg: 40.6, Max: 56.4, Diff: 31.7, Sum: 81.2]
         [Processed Buffers: Min: 105, Avg: 175.0, Max: 245, Diff: 140, Sum: 350]
      [Scan RS (ms): Min: 19.2, Avg: 19.4, Max: 19.5, Diff: 0.2, Sum: 38.7]
      [Object Copy (ms): Min: 398.3, Avg: 401.5, Max: 404.8, Diff: 6.6, Sum: 803.1]
      [Termination (ms): Min: 0.0, Avg: 0.0, Max: 0.0, Diff: 0.0, Sum: 0.0]
      [GC Worker Other (ms): Min: 0.1, Avg: 0.1, Max: 0.1, Diff: 0.0, Sum: 0.2]
      [GC Worker Total (ms): Min: 545.7, Avg: 545.7, Max: 545.7, Diff: 0.0, Sum: 1091.4]
      [GC Worker End (ms): Min: 32217093.2, Avg: 32217093.2, Max: 32217093.3, Diff: 0.0]
   [Code Root Fixup: 0.0 ms]
   [Clear CT: 0.8 ms]
   [Other: 9.5 ms]
      [Choose CSet: 0.0 ms]
      [Ref Proc: 4.9 ms]
      [Ref Enq: 0.0 ms]
      [Free CSet: 2.7 ms]
   [Eden: 951.0M(951.0M)->0.0B(896.0M) Survivors: 73.0M->128.0M Heap: 2245.7M(3072.0M)->1399.4M(3072.0M)]
 [Times: user=1.10 sys=0.00, real=0.55 secs] 
32218.902: [GC pause (young) (initial-mark)
Desired survivor size 67108864 bytes, new threshold 1 (max 32)
- age   1:  131055664 bytes,  131055664 total
- age   2:   27761880 bytes,  158817544 total
- age   3:    9499168 bytes,  168316712 total
- age   4:    5857416 bytes,  174174128 total
, 0.6814310 secs]
   [Parallel Time: 673.6 ms, GC Workers: 2]
      [GC Worker Start (ms): Min: 32218903.2, Avg: 32218903.2, Max: 32218903.2, Diff: 0.0]
      [Ext Root Scanning (ms): Min: 65.6, Avg: 84.2, Max: 102.8, Diff: 37.2, Sum: 168.4]
      [Update RS (ms): Min: 45.0, Avg: 60.6, Max: 76.3, Diff: 31.3, Sum: 121.2]
         [Processed Buffers: Min: 98, Avg: 176.5, Max: 255, Diff: 157, Sum: 353]
      [Scan RS (ms): Min: 74.0, Avg: 74.3, Max: 74.6, Diff: 0.6, Sum: 148.6]
      [Object Copy (ms): Min: 450.9, Avg: 454.2, Max: 457.4, Diff: 6.5, Sum: 908.3]
      [Termination (ms): Min: 0.0, Avg: 0.0, Max: 0.0, Diff: 0.0, Sum: 0.0]
      [GC Worker Other (ms): Min: 0.1, Avg: 0.1, Max: 0.1, Diff: 0.0, Sum: 0.2]
      [GC Worker Total (ms): Min: 673.4, Avg: 673.4, Max: 673.5, Diff: 0.1, Sum: 1346.9]
      [GC Worker End (ms): Min: 32219576.6, Avg: 32219576.6, Max: 32219576.7, Diff: 0.0]
   [Code Root Fixup: 0.0 ms]
   [Clear CT: 0.7 ms]
   [Other: 7.2 ms]
      [Choose CSet: 0.0 ms]
      [Ref Proc: 0.8 ms]
      [Ref Enq: 0.0 ms]
      [Free CSet: 2.6 ms]
   [Eden: 480.0M(896.0M)->0.0B(968.0M) Survivors: 128.0M->56.0M Heap: 1889.5M(3072.0M)->1447.9M(3072.0M)]
 [Times: user=1.35 sys=0.01, real=0.68 secs] 
32219.584: [GC concurrent-root-region-scan-start]
32219.959: [GC concurrent-root-region-scan-end, 0.3754480 secs]
32219.959: [GC concurrent-mark-start]
32221.649: [GC concurrent-mark-end, 1.6893000 secs]
32221.652: [GC remark 32221.653: [GC ref-proc, 0.4366270 secs], 0.5180150 secs]
 [Times: user=0.52 sys=0.00, real=0.52 secs] 
32222.172: [GC cleanup 1748M->1421M(3072M), 0.0267650 secs]
 [Times: user=0.05 sys=0.01, real=0.03 secs] 
32222.200: [GC concurrent-cleanup-start]
32222.200: [GC concurrent-cleanup-end, 0.0007330 secs]
32226.771: [GC pause (young)
Desired survivor size 67108864 bytes, new threshold 16 (max 32)
- age   1:   56777496 bytes,   56777496 total
, 0.4876150 secs]
   [Parallel Time: 475.6 ms, GC Workers: 2]
      [GC Worker Start (ms): Min: 32226772.7, Avg: 32226772.7, Max: 32226772.7, Diff: 0.0]
      [Ext Root Scanning (ms): Min: 77.4, Avg: 84.5, Max: 91.7, Diff: 14.3, Sum: 169.0]
      [Update RS (ms): Min: 59.4, Avg: 69.0, Max: 78.7, Diff: 19.3, Sum: 138.1]
         [Processed Buffers: Min: 99, Avg: 191.0, Max: 283, Diff: 184, Sum: 382]
      [Scan RS (ms): Min: 74.5, Avg: 74.6, Max: 74.6, Diff: 0.1, Sum: 149.1]
      [Object Copy (ms): Min: 244.7, Avg: 247.3, Max: 249.8, Diff: 5.1, Sum: 494.5]
      [Termination (ms): Min: 0.0, Avg: 0.0, Max: 0.0, Diff: 0.0, Sum: 0.0]
      [GC Worker Other (ms): Min: 0.1, Avg: 0.1, Max: 0.1, Diff: 0.0, Sum: 0.2]
      [GC Worker Total (ms): Min: 475.5, Avg: 475.5, Max: 475.5, Diff: 0.0, Sum: 950.9]
      [GC Worker End (ms): Min: 32227248.2, Avg: 32227248.2, Max: 32227248.2, Diff: 0.0]
   [Code Root Fixup: 0.0 ms]
   [Clear CT: 0.7 ms]
   [Other: 11.3 ms]
      [Choose CSet: 0.0 ms]
      [Ref Proc: 4.4 ms]
      [Ref Enq: 0.1 ms]
      [Free CSet: 4.3 ms]
   [Eden: 968.0M(968.0M)->0.0B(925.0M) Survivors: 56.0M->99.0M Heap: 2097.5M(3072.0M)->1172.5M(3072.0M)]
 [Times: user=0.96 sys=0.00, real=0.49 secs] 
32233.232: [GC pause (mixed)
Desired survivor size 67108864 bytes, new threshold 2 (max 32)
- age   1:   50868168 bytes,   50868168 total
- age   2:   49136272 bytes,  100004440 total
, 0.5546910 secs]
   [Parallel Time: 541.0 ms, GC Workers: 2]
      [GC Worker Start (ms): Min: 32233233.4, Avg: 32233233.4, Max: 32233233.4, Diff: 0.0]
      [Ext Root Scanning (ms): Min: 77.3, Avg: 84.9, Max: 92.6, Diff: 15.3, Sum: 169.9]
      [Update RS (ms): Min: 60.8, Avg: 71.1, Max: 81.5, Diff: 20.7, Sum: 142.3]
         [Processed Buffers: Min: 153, Avg: 171.5, Max: 190, Diff: 37, Sum: 343]
      [Scan RS (ms): Min: 86.4, Avg: 86.5, Max: 86.6, Diff: 0.1, Sum: 173.0]
      [Object Copy (ms): Min: 295.5, Avg: 298.1, Max: 300.7, Diff: 5.2, Sum: 596.2]
      [Termination (ms): Min: 0.0, Avg: 0.0, Max: 0.0, Diff: 0.0, Sum: 0.0]
      [GC Worker Other (ms): Min: 0.1, Avg: 0.2, Max: 0.2, Diff: 0.1, Sum: 0.4]
      [GC Worker Total (ms): Min: 540.8, Avg: 540.9, Max: 540.9, Diff: 0.1, Sum: 1081.7]
      [GC Worker End (ms): Min: 32233774.2, Avg: 32233774.3, Max: 32233774.4, Diff: 0.1]
   [Code Root Fixup: 0.0 ms]
   [Clear CT: 1.1 ms]
   [Other: 12.5 ms]
      [Choose CSet: 0.3 ms]
      [Ref Proc: 4.3 ms]
      [Ref Enq: 0.1 ms]
      [Free CSet: 5.0 ms]
   [Eden: 925.0M(925.0M)->0.0B(943.0M) Survivors: 99.0M->81.0M Heap: 2144.9M(3072.0M)->1160.4M(3072.0M)]
 [Times: user=1.09 sys=0.00, real=0.55 secs] 
32239.276: [GC pause (mixed)
Desired survivor size 67108864 bytes, new threshold 2 (max 32)
- age   1:   45931680 bytes,   45931680 total
- age   2:   35783200 bytes,   81714880 total
, 0.5097590 secs]
   [Parallel Time: 493.7 ms, GC Workers: 2]
      [GC Worker Start (ms): Min: 32239278.5, Avg: 32239278.5, Max: 32239278.6, Diff: 0.1]
      [Ext Root Scanning (ms): Min: 81.1, Avg: 88.2, Max: 95.3, Diff: 14.2, Sum: 176.4]
      [Update RS (ms): Min: 71.6, Avg: 81.4, Max: 91.2, Diff: 19.6, Sum: 162.7]
         [Processed Buffers: Min: 61, Avg: 154.0, Max: 247, Diff: 186, Sum: 308]
      [Scan RS (ms): Min: 68.0, Avg: 68.1, Max: 68.2, Diff: 0.2, Sum: 136.1]
      [Object Copy (ms): Min: 253.0, Avg: 255.8, Max: 258.6, Diff: 5.6, Sum: 511.6]
      [Termination (ms): Min: 0.0, Avg: 0.0, Max: 0.0, Diff: 0.0, Sum: 0.0]
      [GC Worker Other (ms): Min: 0.1, Avg: 0.1, Max: 0.1, Diff: 0.0, Sum: 0.2]
      [GC Worker Total (ms): Min: 493.5, Avg: 493.5, Max: 493.6, Diff: 0.1, Sum: 987.1]
      [GC Worker End (ms): Min: 32239772.1, Avg: 32239772.1, Max: 32239772.1, Diff: 0.0]
   [Code Root Fixup: 0.0 ms]
   [Clear CT: 1.0 ms]
   [Other: 15.1 ms]
      [Choose CSet: 0.6 ms]
      [Ref Proc: 6.4 ms]
      [Ref Enq: 0.1 ms]
      [Free CSet: 4.8 ms]
   [Eden: 943.0M(943.0M)->0.0B(958.0M) Survivors: 81.0M->66.0M Heap: 2103.4M(3072.0M)->1090.4M(3072.0M)]
 [Times: user=1.00 sys=0.00, real=0.51 secs] 
32246.146: [GC pause (mixed)
Desired survivor size 67108864 bytes, new threshold 16 (max 32)
- age   1:   39819920 bytes,   39819920 total
- age   2:   26902616 bytes,   66722536 total
, 0.4583170 secs]
   [Parallel Time: 441.5 ms, GC Workers: 2]
      [GC Worker Start (ms): Min: 32246148.5, Avg: 32246148.5, Max: 32246148.5, Diff: 0.0]
      [Ext Root Scanning (ms): Min: 78.7, Avg: 87.8, Max: 96.9, Diff: 18.2, Sum: 175.6]
      [Update RS (ms): Min: 33.9, Avg: 46.0, Max: 58.2, Diff: 24.3, Sum: 92.1]
         [Processed Buffers: Min: 149, Avg: 149.5, Max: 150, Diff: 1, Sum: 299]
      [Scan RS (ms): Min: 82.2, Avg: 82.3, Max: 82.4, Diff: 0.2, Sum: 164.6]
      [Object Copy (ms): Min: 222.3, Avg: 225.2, Max: 228.1, Diff: 5.8, Sum: 450.3]
      [Termination (ms): Min: 0.0, Avg: 0.0, Max: 0.0, Diff: 0.0, Sum: 0.0]
      [GC Worker Other (ms): Min: 0.1, Avg: 0.1, Max: 0.1, Diff: 0.0, Sum: 0.2]
      [GC Worker Total (ms): Min: 441.4, Avg: 441.4, Max: 441.4, Diff: 0.0, Sum: 882.8]
      [GC Worker End (ms): Min: 32246589.8, Avg: 32246589.9, Max: 32246589.9, Diff: 0.0]
   [Code Root Fixup: 0.0 ms]
   [Clear CT: 0.9 ms]
   [Other: 15.9 ms]
      [Choose CSet: 1.0 ms]
      [Ref Proc: 5.8 ms]
      [Ref Enq: 0.1 ms]
      [Free CSet: 6.4 ms]
   [Eden: 958.0M(958.0M)->0.0B(936.0M) Survivors: 66.0M->88.0M Heap: 2094.2M(3072.0M)->1072.2M(3072.0M)]
 [Times: user=0.89 sys=0.00, real=0.46 secs] 
32252.335: [GC pause (mixed)
Desired survivor size 67108864 bytes, new threshold 3 (max 32)
- age   1:   36509512 bytes,   36509512 total
- age   2:   27650976 bytes,   64160488 total
- age   3:   25156344 bytes,   89316832 total
, 0.5411470 secs]
   [Parallel Time: 528.4 ms, GC Workers: 2]
      [GC Worker Start (ms): Min: 32252337.1, Avg: 32252337.1, Max: 32252337.1, Diff: 0.0]
      [Ext Root Scanning (ms): Min: 78.0, Avg: 89.8, Max: 101.7, Diff: 23.7, Sum: 179.7]
      [Update RS (ms): Min: 74.9, Avg: 89.6, Max: 104.4, Diff: 29.5, Sum: 179.3]
         [Processed Buffers: Min: 119, Avg: 151.5, Max: 184, Diff: 65, Sum: 303]
      [Scan RS (ms): Min: 70.2, Avg: 70.2, Max: 70.3, Diff: 0.1, Sum: 140.5]
      [Object Copy (ms): Min: 275.4, Avg: 278.4, Max: 281.4, Diff: 6.0, Sum: 556.7]
      [Termination (ms): Min: 0.0, Avg: 0.0, Max: 0.0, Diff: 0.0, Sum: 0.0]
      [GC Worker Other (ms): Min: 0.1, Avg: 0.1, Max: 0.2, Diff: 0.1, Sum: 0.2]
      [GC Worker Total (ms): Min: 528.2, Avg: 528.2, Max: 528.2, Diff: 0.0, Sum: 1056.4]
      [GC Worker End (ms): Min: 32252865.2, Avg: 32252865.3, Max: 32252865.3, Diff: 0.1]
   [Code Root Fixup: 0.0 ms]
   [Clear CT: 0.8 ms]
   [Other: 11.9 ms]
      [Choose CSet: 0.5 ms]
      [Ref Proc: 3.9 ms]
      [Ref Enq: 0.4 ms]
      [Free CSet: 4.7 ms]
   [Eden: 936.0M(936.0M)->0.0B(934.0M) Survivors: 88.0M->90.0M Heap: 2011.2M(3072.0M)->1073.7M(3072.0M)]
 [Times: user=1.07 sys=0.00, real=0.54 secs] 
32258.095: [GC pause (young)
Desired survivor size 67108864 bytes, new threshold 2 (max 32)
- age   1:   39837976 bytes,   39837976 total
- age   2:   28246824 bytes,   68084800 total
- age   3:   23660432 bytes,   91745232 total
, 0.5214810 secs]
   [Parallel Time: 507.4 ms, GC Workers: 2]
      [GC Worker Start (ms): Min: 32258096.6, Avg: 32258096.6, Max: 32258096.6, Diff: 0.0]
      [Ext Root Scanning (ms): Min: 80.0, Avg: 89.2, Max: 98.4, Diff: 18.3, Sum: 178.4]
      [Update RS (ms): Min: 30.9, Avg: 43.2, Max: 55.5, Diff: 24.6, Sum: 86.4]
         [Processed Buffers: Min: 84, Avg: 162.5, Max: 241, Diff: 157, Sum: 325]
      [Scan RS (ms): Min: 88.4, Avg: 88.5, Max: 88.6, Diff: 0.2, Sum: 176.9]
      [Object Copy (ms): Min: 282.9, Avg: 286.2, Max: 289.4, Diff: 6.5, Sum: 572.3]
      [Termination (ms): Min: 0.0, Avg: 0.0, Max: 0.0, Diff: 0.0, Sum: 0.0]
      [GC Worker Other (ms): Min: 0.1, Avg: 0.1, Max: 0.1, Diff: 0.0, Sum: 0.2]
      [GC Worker Total (ms): Min: 507.1, Avg: 507.2, Max: 507.2, Diff: 0.0, Sum: 1014.3]
      [GC Worker End (ms): Min: 32258603.8, Avg: 32258603.8, Max: 32258603.8, Diff: 0.0]
   [Code Root Fixup: 0.0 ms]
   [Clear CT: 0.8 ms]
   [Other: 13.2 ms]
      [Choose CSet: 0.0 ms]
      [Ref Proc: 3.9 ms]
      [Ref Enq: 0.1 ms]
      [Free CSet: 5.7 ms]
   [Eden: 934.0M(934.0M)->0.0B(953.0M) Survivors: 90.0M->71.0M Heap: 2035.9M(3072.0M)->1130.4M(3072.0M)]
 [Times: user=1.03 sys=0.00, real=0.52 secs] 
32264.464: [GC pause (young)
Desired survivor size 67108864 bytes, new threshold 2 (max 32)
- age   1:   43253992 bytes,   43253992 total
- age   2:   28999320 bytes,   72253312 total
, 0.4638820 secs]
   [Parallel Time: 451.6 ms, GC Workers: 2]
      [GC Worker Start (ms): Min: 32264466.8, Avg: 32264466.8, Max: 32264466.8, Diff: 0.0]
      [Ext Root Scanning (ms): Min: 70.7, Avg: 87.3, Max: 103.9, Diff: 33.1, Sum: 174.6]
      [Update RS (ms): Min: 54.4, Avg: 68.6, Max: 82.8, Diff: 28.4, Sum: 137.2]
         [Processed Buffers: Min: 130, Avg: 145.0, Max: 160, Diff: 30, Sum: 290]
      [Scan RS (ms): Min: 71.0, Avg: 71.0, Max: 71.0, Diff: 0.1, Sum: 142.0]
      [Object Copy (ms): Min: 222.2, Avg: 224.5, Max: 226.8, Diff: 4.7, Sum: 449.0]
      [Termination (ms): Min: 0.0, Avg: 0.0, Max: 0.0, Diff: 0.0, Sum: 0.0]
      [GC Worker Other (ms): Min: 0.1, Avg: 0.1, Max: 0.1, Diff: 0.0, Sum: 0.3]
      [GC Worker Total (ms): Min: 451.5, Avg: 451.5, Max: 451.5, Diff: 0.0, Sum: 903.0]
      [GC Worker End (ms): Min: 32264918.3, Avg: 32264918.4, Max: 32264918.4, Diff: 0.0]
   [Code Root Fixup: 0.0 ms]
   [Clear CT: 0.9 ms]
   [Other: 11.3 ms]
      [Choose CSet: 0.0 ms]
      [Ref Proc: 3.5 ms]
      [Ref Enq: 0.0 ms]
      [Free CSet: 4.3 ms]
   [Eden: 953.0M(953.0M)->0.0B(966.0M) Survivors: 71.0M->58.0M Heap: 2112.1M(3072.0M)->1174.1M(3072.0M)]
 [Times: user=0.92 sys=0.00, real=0.46 secs] 
32271.059: [GC pause (young)
Desired survivor size 67108864 bytes, new threshold 16 (max 32)
- age   1:   29787968 bytes,   29787968 total
- age   2:   29322656 bytes,   59110624 total
, 0.4407560 secs]
   [Parallel Time: 428.3 ms, GC Workers: 2]
      [GC Worker Start (ms): Min: 32271061.3, Avg: 32271061.3, Max: 32271061.3, Diff: 0.0]
      [Ext Root Scanning (ms): Min: 76.9, Avg: 85.1, Max: 93.4, Diff: 16.4, Sum: 170.3]
      [Update RS (ms): Min: 47.8, Avg: 58.8, Max: 69.7, Diff: 21.9, Sum: 117.5]
         [Processed Buffers: Min: 80, Avg: 145.0, Max: 210, Diff: 130, Sum: 290]
      [Scan RS (ms): Min: 64.1, Avg: 64.1, Max: 64.2, Diff: 0.1, Sum: 128.2]
      [Object Copy (ms): Min: 217.2, Avg: 220.0, Max: 222.8, Diff: 5.6, Sum: 440.1]
      [Termination (ms): Min: 0.0, Avg: 0.0, Max: 0.0, Diff: 0.0, Sum: 0.0]
      [GC Worker Other (ms): Min: 0.1, Avg: 0.1, Max: 0.1, Diff: 0.0, Sum: 0.2]
      [GC Worker Total (ms): Min: 428.2, Avg: 428.2, Max: 428.2, Diff: 0.0, Sum: 856.3]
      [GC Worker End (ms): Min: 32271489.5, Avg: 32271489.5, Max: 32271489.5, Diff: 0.0]
   [Code Root Fixup: 0.0 ms]
   [Clear CT: 0.8 ms]
   [Other: 11.7 ms]
      [Choose CSet: 0.0 ms]
      [Ref Proc: 4.1 ms]
      [Ref Enq: 0.1 ms]
      [Free CSet: 4.8 ms]
   [Eden: 966.0M(966.0M)->0.0B(935.0M) Survivors: 58.0M->89.0M Heap: 2144.6M(3072.0M)->1209.6M(3072.0M)]
 [Times: user=0.87 sys=0.00, real=0.44 secs] 
32276.344: [GC pause (young)
Desired survivor size 67108864 bytes, new threshold 2 (max 32)
- age   1:   43462512 bytes,   43462512 total
- age   2:   24368456 bytes,   67830968 total
- age   3:   23466168 bytes,   91297136 total
, 0.5088840 secs]
   [Parallel Time: 497.3 ms, GC Workers: 2]
      [GC Worker Start (ms): Min: 32276346.1, Avg: 32276346.1, Max: 32276346.1, Diff: 0.0]
      [Ext Root Scanning (ms): Min: 86.0, Avg: 93.2, Max: 100.4, Diff: 14.5, Sum: 186.4]
      [Update RS (ms): Min: 49.4, Avg: 60.2, Max: 71.0, Diff: 21.6, Sum: 120.5]
         [Processed Buffers: Min: 61, Avg: 145.5, Max: 230, Diff: 169, Sum: 291]
      [Scan RS (ms): Min: 82.6, Avg: 82.8, Max: 82.9, Diff: 0.3, Sum: 165.5]
      [Object Copy (ms): Min: 257.5, Avg: 260.9, Max: 264.4, Diff: 6.9, Sum: 521.9]
      [Termination (ms): Min: 0.0, Avg: 0.0, Max: 0.0, Diff: 0.0, Sum: 0.0]
      [GC Worker Other (ms): Min: 0.1, Avg: 0.1, Max: 0.1, Diff: 0.0, Sum: 0.2]
      [GC Worker Total (ms): Min: 497.2, Avg: 497.2, Max: 497.3, Diff: 0.0, Sum: 994.5]
      [GC Worker End (ms): Min: 32276843.4, Avg: 32276843.4, Max: 32276843.4, Diff: 0.0]
   [Code Root Fixup: 0.0 ms]
   [Clear CT: 0.8 ms]
   [Other: 10.7 ms]
      [Choose CSet: 0.0 ms]
      [Ref Proc: 3.1 ms]
      [Ref Enq: 0.0 ms]
      [Free CSet: 4.4 ms]
   [Eden: 935.0M(935.0M)->0.0B(962.0M) Survivors: 89.0M->62.0M Heap: 2171.8M(3072.0M)->1253.3M(3072.0M)]
 [Times: user=1.00 sys=0.01, real=0.51 secs] 
32283.000: [GC pause (young)
Desired survivor size 67108864 bytes, new threshold 16 (max 32)
- age   1:   32524800 bytes,   32524800 total
- age   2:   30485456 bytes,   63010256 total
, 0.4329640 secs]
   [Parallel Time: 421.6 ms, GC Workers: 2]
      [GC Worker Start (ms): Min: 32283001.7, Avg: 32283001.8, Max: 32283001.8, Diff: 0.1]
      [Ext Root Scanning (ms): Min: 75.7, Avg: 88.2, Max: 100.7, Diff: 25.0, Sum: 176.4]
      [Update RS (ms): Min: 47.7, Avg: 62.9, Max: 78.0, Diff: 30.3, Sum: 125.8]
         [Processed Buffers: Min: 59, Avg: 138.5, Max: 218, Diff: 159, Sum: 277]
      [Scan RS (ms): Min: 63.9, Avg: 64.0, Max: 64.1, Diff: 0.2, Sum: 128.0]
      [Object Copy (ms): Min: 203.5, Avg: 206.3, Max: 209.0, Diff: 5.5, Sum: 412.6]
      [Termination (ms): Min: 0.0, Avg: 0.0, Max: 0.0, Diff: 0.0, Sum: 0.0]
      [GC Worker Other (ms): Min: 0.1, Avg: 0.1, Max: 0.1, Diff: 0.0, Sum: 0.3]
      [GC Worker Total (ms): Min: 421.5, Avg: 421.5, Max: 421.5, Diff: 0.1, Sum: 843.0]
      [GC Worker End (ms): Min: 32283423.3, Avg: 32283423.3, Max: 32283423.3, Diff: 0.0]
   [Code Root Fixup: 0.0 ms]
   [Clear CT: 0.6 ms]
   [Other: 10.7 ms]
      [Choose CSet: 0.0 ms]
      [Ref Proc: 3.6 ms]
      [Ref Enq: 0.1 ms]
      [Free CSet: 4.4 ms]
   [Eden: 962.0M(962.0M)->0.0B(939.0M) Survivors: 62.0M->85.0M Heap: 2215.3M(3072.0M)->1275.8M(3072.0M)]
 [Times: user=0.84 sys=0.00, real=0.43 secs] 
32287.829: [GC pause (young) (initial-mark)
Desired survivor size 67108864 bytes, new threshold 3 (max 32)
- age   1:   36512752 bytes,   36512752 total
- age   2:   23014736 bytes,   59527488 total
- age   3:   27672896 bytes,   87200384 total
, 0.4649940 secs]
   [Parallel Time: 454.4 ms, GC Workers: 2]
      [GC Worker Start (ms): Min: 32287830.9, Avg: 32287830.9, Max: 32287830.9, Diff: 0.0]
      [Ext Root Scanning (ms): Min: 70.8, Avg: 89.4, Max: 108.1, Diff: 37.2, Sum: 178.9]
      [Update RS (ms): Min: 30.5, Avg: 47.4, Max: 64.4, Diff: 33.9, Sum: 94.9]
         [Processed Buffers: Min: 190, Avg: 192.5, Max: 195, Diff: 5, Sum: 385]
      [Scan RS (ms): Min: 80.8, Avg: 80.9, Max: 81.0, Diff: 0.2, Sum: 161.8]
      [Object Copy (ms): Min: 234.6, Avg: 236.3, Max: 238.1, Diff: 3.5, Sum: 472.6]
      [Termination (ms): Min: 0.0, Avg: 0.0, Max: 0.1, Diff: 0.1, Sum: 0.1]
      [GC Worker Other (ms): Min: 0.1, Avg: 0.1, Max: 0.1, Diff: 0.0, Sum: 0.2]
      [GC Worker Total (ms): Min: 454.2, Avg: 454.2, Max: 454.2, Diff: 0.0, Sum: 908.4]
      [GC Worker End (ms): Min: 32288285.1, Avg: 32288285.1, Max: 32288285.1, Diff: 0.0]
   [Code Root Fixup: 0.0 ms]
   [Clear CT: 0.6 ms]
   [Other: 9.9 ms]
      [Choose CSet: 0.1 ms]
      [Ref Proc: 3.2 ms]
      [Ref Enq: 0.1 ms]
      [Free CSet: 3.2 ms]
   [Eden: 637.0M(939.0M)->0.0B(953.0M) Survivors: 85.0M->71.0M Heap: 1983.0M(3072.0M)->1352.3M(3072.0M)]
 [Times: user=0.91 sys=0.01, real=0.47 secs] 
32288.294: [GC concurrent-root-region-scan-start]
32288.676: [GC concurrent-root-region-scan-end, 0.3818450 secs]
32288.676: [GC concurrent-mark-start]
32290.959: [GC concurrent-mark-end, 2.2831830 secs]
32290.963: [GC remark 32290.964: [GC ref-proc, 0.0398040 secs], 0.1155120 secs]
 [Times: user=0.12 sys=0.00, real=0.11 secs] 
32291.080: [GC cleanup 1809M->1539M(3072M), 0.0267740 secs]
 [Times: user=0.05 sys=0.00, real=0.02 secs] 
32291.107: [GC concurrent-cleanup-start]
32291.108: [GC concurrent-cleanup-end, 0.0007310 secs]
32293.670: [GC pause (young)
Desired survivor size 67108864 bytes, new threshold 3 (max 32)
- age   1:   32369328 bytes,   32369328 total
- age   2:   24958896 bytes,   57328224 total
- age   3:   15899344 bytes,   73227568 total
, 0.6327430 secs]
   [Parallel Time: 623.2 ms, GC Workers: 2]
      [GC Worker Start (ms): Min: 32293670.7, Avg: 32293670.7, Max: 32293670.7, Diff: 0.0]
      [Ext Root Scanning (ms): Min: 79.9, Avg: 87.9, Max: 96.0, Diff: 16.1, Sum: 175.9]
      [Update RS (ms): Min: 26.5, Avg: 37.9, Max: 49.4, Diff: 22.9, Sum: 75.9]
         [Processed Buffers: Min: 120, Avg: 134.5, Max: 149, Diff: 29, Sum: 269]
      [Scan RS (ms): Min: 73.0, Avg: 73.2, Max: 73.4, Diff: 0.4, Sum: 146.4]
      [Object Copy (ms): Min: 420.7, Avg: 423.9, Max: 427.2, Diff: 6.4, Sum: 847.9]
      [Termination (ms): Min: 0.0, Avg: 0.0, Max: 0.0, Diff: 0.0, Sum: 0.0]
      [GC Worker Other (ms): Min: 0.1, Avg: 0.1, Max: 0.1, Diff: 0.0, Sum: 0.2]
      [GC Worker Total (ms): Min: 623.1, Avg: 623.1, Max: 623.1, Diff: 0.0, Sum: 1246.2]
      [GC Worker End (ms): Min: 32294293.8, Avg: 32294293.8, Max: 32294293.8, Diff: 0.0]
   [Code Root Fixup: 0.0 ms]
   [Clear CT: 1.2 ms]
   [Other: 8.3 ms]
      [Choose CSet: 0.0 ms]
      [Ref Proc: 3.0 ms]
      [Ref Enq: 0.0 ms]
      [Free CSet: 3.1 ms]
   [Eden: 953.0M(953.0M)->0.0B(896.0M) Survivors: 71.0M->128.0M Heap: 2127.6M(3072.0M)->1277.6M(3072.0M)]
 [Times: user=1.25 sys=0.00, real=0.63 secs] 
32298.513: [GC pause (mixed)
Desired survivor size 67108864 bytes, new threshold 1 (max 32)
- age   1:  126074904 bytes,  126074904 total
- age   2:   18242832 bytes,  144317736 total
- age   3:   20684256 bytes,  165001992 total
, 0.6362960 secs]
   [Parallel Time: 623.9 ms, GC Workers: 2]
      [GC Worker Start (ms): Min: 32298514.9, Avg: 32298514.9, Max: 32298514.9, Diff: 0.0]
      [Ext Root Scanning (ms): Min: 79.1, Avg: 87.7, Max: 96.2, Diff: 17.1, Sum: 175.3]
      [Update RS (ms): Min: 23.6, Avg: 35.0, Max: 46.4, Diff: 22.9, Sum: 70.0]
         [Processed Buffers: Min: 97, Avg: 131.0, Max: 165, Diff: 68, Sum: 262]
      [Scan RS (ms): Min: 102.9, Avg: 103.0, Max: 103.0, Diff: 0.1, Sum: 205.9]
      [Object Copy (ms): Min: 395.3, Avg: 398.1, Max: 400.9, Diff: 5.7, Sum: 796.2]
      [Termination (ms): Min: 0.0, Avg: 0.0, Max: 0.0, Diff: 0.0, Sum: 0.0]
      [GC Worker Other (ms): Min: 0.1, Avg: 0.1, Max: 0.1, Diff: 0.0, Sum: 0.2]
      [GC Worker Total (ms): Min: 623.8, Avg: 623.8, Max: 623.8, Diff: 0.0, Sum: 1247.7]
      [GC Worker End (ms): Min: 32299138.7, Avg: 32299138.7, Max: 32299138.7, Diff: 0.0]
   [Code Root Fixup: 0.0 ms]
   [Clear CT: 1.1 ms]
   [Other: 11.3 ms]
      [Choose CSet: 0.8 ms]
      [Ref Proc: 2.9 ms]
      [Ref Enq: 0.1 ms]
      [Free CSet: 4.4 ms]
   [Eden: 896.0M(896.0M)->0.0B(941.0M) Survivors: 128.0M->83.0M Heap: 2176.6M(3072.0M)->1254.6M(3072.0M)]
 [Times: user=1.25 sys=0.01, real=0.63 secs] 
32304.830: [GC pause (mixed)
Desired survivor size 67108864 bytes, new threshold 1 (max 32)
- age   1:   82433384 bytes,   82433384 total
, 0.4579020 secs]
   [Parallel Time: 442.5 ms, GC Workers: 2]
      [GC Worker Start (ms): Min: 32304831.8, Avg: 32304831.8, Max: 32304831.8, Diff: 0.0]
      [Ext Root Scanning (ms): Min: 71.7, Avg: 82.3, Max: 92.8, Diff: 21.1, Sum: 164.5]
      [Update RS (ms): Min: 0.0, Avg: 13.3, Max: 26.5, Diff: 26.5, Sum: 26.5]
         [Processed Buffers: Min: 0, Avg: 148.5, Max: 297, Diff: 297, Sum: 297]
      [Scan RS (ms): Min: 79.9, Avg: 80.1, Max: 80.2, Diff: 0.3, Sum: 160.1]
      [Object Copy (ms): Min: 263.8, Avg: 266.7, Max: 269.5, Diff: 5.7, Sum: 533.4]
      [Termination (ms): Min: 0.0, Avg: 0.0, Max: 0.0, Diff: 0.0, Sum: 0.0]
      [GC Worker Other (ms): Min: 0.1, Avg: 0.1, Max: 0.2, Diff: 0.0, Sum: 0.3]
      [GC Worker Total (ms): Min: 442.4, Avg: 442.4, Max: 442.5, Diff: 0.1, Sum: 884.9]
      [GC Worker End (ms): Min: 32305274.2, Avg: 32305274.3, Max: 32305274.3, Diff: 0.0]
   [Code Root Fixup: 0.0 ms]
   [Clear CT: 1.0 ms]
   [Other: 14.3 ms]
      [Choose CSet: 0.9 ms]
      [Ref Proc: 5.6 ms]
      [Ref Enq: 0.1 ms]
      [Free CSet: 4.6 ms]
   [Eden: 941.0M(941.0M)->0.0B(960.0M) Survivors: 83.0M->64.0M Heap: 2217.3M(3072.0M)->1284.8M(3072.0M)]
 [Times: user=0.90 sys=0.00, real=0.46 secs] 
32311.330: [GC pause (young)
Desired survivor size 67108864 bytes, new threshold 16 (max 32)
- age   1:   62510312 bytes,   62510312 total
, 0.3161540 secs]
   [Parallel Time: 303.6 ms, GC Workers: 2]
      [GC Worker Start (ms): Min: 32311331.9, Avg: 32311331.9, Max: 32311331.9, Diff: 0.0]
      [Ext Root Scanning (ms): Min: 72.0, Avg: 82.4, Max: 92.8, Diff: 20.8, Sum: 164.8]
      [Update RS (ms): Min: 22.0, Avg: 35.8, Max: 49.5, Diff: 27.5, Sum: 71.5]
         [Processed Buffers: Min: 131, Avg: 136.0, Max: 141, Diff: 10, Sum: 272]
      [Scan RS (ms): Min: 40.1, Avg: 40.1, Max: 40.2, Diff: 0.1, Sum: 80.3]
      [Object Copy (ms): Min: 141.5, Avg: 144.8, Max: 148.2, Diff: 6.8, Sum: 289.7]
      [Termination (ms): Min: 0.0, Avg: 0.0, Max: 0.0, Diff: 0.0, Sum: 0.0]
      [GC Worker Other (ms): Min: 0.1, Avg: 0.2, Max: 0.3, Diff: 0.2, Sum: 0.4]
      [GC Worker Total (ms): Min: 303.3, Avg: 303.3, Max: 303.4, Diff: 0.1, Sum: 606.6]
      [GC Worker End (ms): Min: 32311635.1, Avg: 32311635.2, Max: 32311635.3, Diff: 0.2]
   [Code Root Fixup: 0.0 ms]
   [Clear CT: 1.1 ms]
   [Other: 11.5 ms]
      [Choose CSet: 0.0 ms]
      [Ref Proc: 6.0 ms]
      [Ref Enq: 0.1 ms]
      [Free CSet: 3.5 ms]
   [Eden: 960.0M(960.0M)->0.0B(963.0M) Survivors: 64.0M->61.0M Heap: 2276.5M(3072.0M)->1313.5M(3072.0M)]
 [Times: user=0.62 sys=0.00, real=0.32 secs] 
32317.584: [GC pause (young)
Desired survivor size 67108864 bytes, new threshold 16 (max 32)
- age   1:   34305072 bytes,   34305072 total
- age   2:   25800824 bytes,   60105896 total
, 0.3083090 secs]
   [Parallel Time: 295.5 ms, GC Workers: 2]
      [GC Worker Start (ms): Min: 32317585.5, Avg: 32317585.5, Max: 32317585.5, Diff: 0.0]
      [Ext Root Scanning (ms): Min: 72.7, Avg: 82.6, Max: 92.6, Diff: 19.8, Sum: 165.3]
      [Update RS (ms): Min: 12.9, Avg: 25.8, Max: 38.7, Diff: 25.8, Sum: 51.5]
         [Processed Buffers: Min: 106, Avg: 164.5, Max: 223, Diff: 117, Sum: 329]
      [Scan RS (ms): Min: 35.0, Avg: 35.0, Max: 35.1, Diff: 0.1, Sum: 70.1]
      [Object Copy (ms): Min: 148.9, Avg: 151.8, Max: 154.8, Diff: 5.8, Sum: 303.7]
      [Termination (ms): Min: 0.0, Avg: 0.0, Max: 0.0, Diff: 0.0, Sum: 0.0]
      [GC Worker Other (ms): Min: 0.1, Avg: 0.1, Max: 0.2, Diff: 0.1, Sum: 0.3]
      [GC Worker Total (ms): Min: 295.4, Avg: 295.4, Max: 295.4, Diff: 0.0, Sum: 590.8]
      [GC Worker End (ms): Min: 32317880.9, Avg: 32317880.9, Max: 32317880.9, Diff: 0.0]
   [Code Root Fixup: 0.0 ms]
   [Clear CT: 0.8 ms]
   [Other: 12.0 ms]
      [Choose CSet: 0.0 ms]
      [Ref Proc: 5.8 ms]
      [Ref Enq: 0.1 ms]
      [Free CSet: 3.8 ms]
   [Eden: 963.0M(963.0M)->0.0B(951.0M) Survivors: 61.0M->73.0M Heap: 2296.2M(3072.0M)->1345.2M(3072.0M)]
 [Times: user=0.61 sys=0.00, real=0.30 secs] 
32319.913: [GC pause (young) (initial-mark)
Desired survivor size 67108864 bytes, new threshold 3 (max 32)
- age   1:   34389208 bytes,   34389208 total
- age   2:   21446736 bytes,   55835944 total
- age   3:   17882056 bytes,   73718000 total
, 0.3260050 secs]
   [Parallel Time: 319.2 ms, GC Workers: 2]
      [GC Worker Start (ms): Min: 32319914.6, Avg: 32319914.6, Max: 32319914.7, Diff: 0.0]
      [Ext Root Scanning (ms): Min: 68.8, Avg: 87.6, Max: 106.3, Diff: 37.5, Sum: 175.1]
      [Update RS (ms): Min: 2.2, Avg: 18.9, Max: 35.5, Diff: 33.3, Sum: 37.7]
         [Processed Buffers: Min: 146, Avg: 152.5, Max: 159, Diff: 13, Sum: 305]
      [Scan RS (ms): Min: 29.8, Avg: 30.0, Max: 30.2, Diff: 0.4, Sum: 60.1]
      [Object Copy (ms): Min: 180.6, Avg: 182.5, Max: 184.4, Diff: 3.8, Sum: 365.0]
      [Termination (ms): Min: 0.0, Avg: 0.0, Max: 0.0, Diff: 0.0, Sum: 0.0]
      [GC Worker Other (ms): Min: 0.1, Avg: 0.1, Max: 0.1, Diff: 0.1, Sum: 0.2]
      [GC Worker Total (ms): Min: 319.1, Avg: 319.1, Max: 319.1, Diff: 0.0, Sum: 638.2]
      [GC Worker End (ms): Min: 32320233.7, Avg: 32320233.7, Max: 32320233.7, Diff: 0.0]
   [Code Root Fixup: 0.0 ms]
   [Clear CT: 0.9 ms]
   [Other: 5.8 ms]
      [Choose CSet: 0.0 ms]
      [Ref Proc: 2.0 ms]
      [Ref Enq: 0.0 ms]
      [Free CSet: 1.5 ms]
   [Eden: 309.0M(951.0M)->0.0B(963.0M) Survivors: 73.0M->61.0M Heap: 1677.5M(3072.0M)->1374.4M(3072.0M)]
 [Times: user=0.65 sys=0.00, real=0.33 secs] 
32320.240: [GC concurrent-root-region-scan-start]
32320.497: [GC concurrent-root-region-scan-end, 0.2577680 secs]
32320.497: [GC concurrent-mark-start]
32321.952: [GC concurrent-mark-end, 1.4547710 secs]
32321.955: [GC remark 32321.956: [GC ref-proc, 0.0438560 secs], 0.1158890 secs]
 [Times: user=0.12 sys=0.00, real=0.11 secs] 
32322.073: [GC cleanup 1645M->1315M(3072M), 0.0246330 secs]
 [Times: user=0.05 sys=0.00, real=0.03 secs] 
32322.098: [GC concurrent-cleanup-start]
32322.099: [GC concurrent-cleanup-end, 0.0007400 secs]
32326.867: [GC pause (young)
Desired survivor size 67108864 bytes, new threshold 16 (max 32)
- age   1:   15762456 bytes,   15762456 total
- age   2:   24622384 bytes,   40384840 total
- age   3:   20651680 bytes,   61036520 total
, 0.3244420 secs]
   [Parallel Time: 313.1 ms, GC Workers: 2]
      [GC Worker Start (ms): Min: 32326868.6, Avg: 32326868.7, Max: 32326868.7, Diff: 0.1]
      [Ext Root Scanning (ms): Min: 76.1, Avg: 85.7, Max: 95.4, Diff: 19.3, Sum: 171.5]
      [Update RS (ms): Min: 48.9, Avg: 61.1, Max: 73.2, Diff: 24.2, Sum: 122.1]
         [Processed Buffers: Min: 127, Avg: 157.0, Max: 187, Diff: 60, Sum: 314]
      [Scan RS (ms): Min: 23.7, Avg: 24.5, Max: 25.4, Diff: 1.7, Sum: 49.1]
      [Object Copy (ms): Min: 138.1, Avg: 141.5, Max: 144.8, Diff: 6.7, Sum: 282.9]
      [Termination (ms): Min: 0.0, Avg: 0.0, Max: 0.0, Diff: 0.0, Sum: 0.0]
      [GC Worker Other (ms): Min: 0.1, Avg: 0.1, Max: 0.1, Diff: 0.0, Sum: 0.2]
      [GC Worker Total (ms): Min: 312.8, Avg: 312.9, Max: 313.0, Diff: 0.1, Sum: 625.8]
      [GC Worker End (ms): Min: 32327181.6, Avg: 32327181.6, Max: 32327181.6, Diff: 0.0]
   [Code Root Fixup: 0.0 ms]
   [Clear CT: 0.7 ms]
   [Other: 10.6 ms]
      [Choose CSet: 0.0 ms]
      [Ref Proc: 6.6 ms]
      [Ref Enq: 0.1 ms]
      [Free CSet: 2.2 ms]
   [Eden: 963.0M(963.0M)->0.0B(956.0M) Survivors: 61.0M->68.0M Heap: 2025.7M(3072.0M)->1069.2M(3072.0M)]
 [Times: user=0.63 sys=0.00, real=0.32 secs] 
32333.168: [GC pause (mixed)
Desired survivor size 67108864 bytes, new threshold 4 (max 32)
- age   1:   27050688 bytes,   27050688 total
- age   2:    7600936 bytes,   34651624 total
- age   3:   18732680 bytes,   53384304 total
- age   4:   13946120 bytes,   67330424 total
, 0.5777390 secs]
   [Parallel Time: 561.2 ms, GC Workers: 2]
      [GC Worker Start (ms): Min: 32333171.6, Avg: 32333171.6, Max: 32333171.6, Diff: 0.0]
      [Ext Root Scanning (ms): Min: 71.3, Avg: 80.9, Max: 90.4, Diff: 19.0, Sum: 161.7]
      [Update RS (ms): Min: 2.0, Avg: 14.6, Max: 27.2, Diff: 25.2, Sum: 29.2]
         [Processed Buffers: Min: 33, Avg: 150.0, Max: 267, Diff: 234, Sum: 300]
      [Scan RS (ms): Min: 71.4, Avg: 71.4, Max: 71.4, Diff: 0.0, Sum: 142.8]
      [Object Copy (ms): Min: 391.0, Avg: 394.1, Max: 397.3, Diff: 6.3, Sum: 788.2]
      [Termination (ms): Min: 0.0, Avg: 0.0, Max: 0.0, Diff: 0.0, Sum: 0.0]
      [GC Worker Other (ms): Min: 0.1, Avg: 0.1, Max: 0.1, Diff: 0.0, Sum: 0.2]
      [GC Worker Total (ms): Min: 561.1, Avg: 561.1, Max: 561.1, Diff: 0.0, Sum: 1122.1]
      [GC Worker End (ms): Min: 32333732.7, Avg: 32333732.7, Max: 32333732.7, Diff: 0.0]
   [Code Root Fixup: 0.0 ms]
   [Clear CT: 0.9 ms]
   [Other: 15.7 ms]
      [Choose CSet: 2.3 ms]
      [Ref Proc: 4.5 ms]
      [Ref Enq: 0.1 ms]
      [Free CSet: 6.4 ms]
   [Eden: 956.0M(956.0M)->0.0B(896.0M) Survivors: 68.0M->128.0M Heap: 2037.2M(3072.0M)->914.7M(3072.0M)]
 [Times: user=1.14 sys=0.00, real=0.57 secs] 
32337.825: [GC pause (mixed)
Desired survivor size 67108864 bytes, new threshold 1 (max 32)
- age   1:  115461688 bytes,  115461688 total
- age   2:   20871288 bytes,  136332976 total
- age   3:    5614736 bytes,  141947712 total
- age   4:   14270088 bytes,  156217800 total
, 0.7597150 secs]
   [Parallel Time: 748.5 ms, GC Workers: 2]
      [GC Worker Start (ms): Min: 32337827.1, Avg: 32337827.1, Max: 32337827.2, Diff: 0.0]
      [Ext Root Scanning (ms): Min: 72.6, Avg: 82.6, Max: 92.6, Diff: 20.0, Sum: 165.2]
      [Update RS (ms): Min: 71.0, Avg: 84.4, Max: 97.8, Diff: 26.9, Sum: 168.8]
         [Processed Buffers: Min: 105, Avg: 148.0, Max: 191, Diff: 86, Sum: 296]
      [Scan RS (ms): Min: 87.7, Avg: 88.1, Max: 88.5, Diff: 0.8, Sum: 176.1]
      [Object Copy (ms): Min: 490.2, Avg: 493.2, Max: 496.2, Diff: 6.0, Sum: 986.4]
      [Termination (ms): Min: 0.0, Avg: 0.0, Max: 0.0, Diff: 0.0, Sum: 0.0]
      [GC Worker Other (ms): Min: 0.1, Avg: 0.1, Max: 0.1, Diff: 0.0, Sum: 0.3]
      [GC Worker Total (ms): Min: 748.4, Avg: 748.4, Max: 748.4, Diff: 0.0, Sum: 1496.8]
      [GC Worker End (ms): Min: 32338575.5, Avg: 32338575.5, Max: 32338575.5, Diff: 0.0]
   [Code Root Fixup: 0.0 ms]
   [Clear CT: 0.8 ms]
   [Other: 10.4 ms]
      [Choose CSet: 0.5 ms]
      [Ref Proc: 2.5 ms]
      [Ref Enq: 0.0 ms]
      [Free CSet: 4.1 ms]
   [Eden: 896.0M(896.0M)->0.0B(928.0M) Survivors: 128.0M->96.0M Heap: 1851.6M(3072.0M)->997.6M(3072.0M)]
 [Times: user=1.50 sys=0.00, real=0.76 secs] 
32343.790: [GC pause (young)
Desired survivor size 67108864 bytes, new threshold 1 (max 32)
- age   1:   97941512 bytes,   97941512 total
, 0.5733160 secs]
   [Parallel Time: 560.9 ms, GC Workers: 2]
      [GC Worker Start (ms): Min: 32343791.5, Avg: 32343791.5, Max: 32343791.5, Diff: 0.0]
      [Ext Root Scanning (ms): Min: 74.4, Avg: 82.7, Max: 91.1, Diff: 16.6, Sum: 165.5]
      [Update RS (ms): Min: 68.3, Avg: 78.9, Max: 89.5, Diff: 21.2, Sum: 157.7]
         [Processed Buffers: Min: 83, Avg: 146.0, Max: 209, Diff: 126, Sum: 292]
      [Scan RS (ms): Min: 89.7, Avg: 89.7, Max: 89.8, Diff: 0.1, Sum: 179.5]
      [Object Copy (ms): Min: 307.0, Avg: 309.3, Max: 311.6, Diff: 4.6, Sum: 618.6]
      [Termination (ms): Min: 0.0, Avg: 0.1, Max: 0.2, Diff: 0.2, Sum: 0.2]
      [GC Worker Other (ms): Min: 0.1, Avg: 0.1, Max: 0.1, Diff: 0.1, Sum: 0.2]
      [GC Worker Total (ms): Min: 560.7, Avg: 560.8, Max: 560.8, Diff: 0.0, Sum: 1121.5]
      [GC Worker End (ms): Min: 32344352.2, Avg: 32344352.2, Max: 32344352.2, Diff: 0.0]
   [Code Root Fixup: 0.0 ms]
   [Clear CT: 0.6 ms]
   [Other: 11.8 ms]
      [Choose CSet: 0.0 ms]
      [Ref Proc: 3.4 ms]
      [Ref Enq: 0.0 ms]
      [Free CSet: 5.1 ms]
   [Eden: 928.0M(928.0M)->0.0B(980.0M) Survivors: 96.0M->44.0M Heap: 1929.6M(3072.0M)->1034.6M(3072.0M)]
 [Times: user=1.13 sys=0.00, real=0.57 secs] 
32349.740: [GC pause (young)
Desired survivor size 67108864 bytes, new threshold 16 (max 32)
- age   1:   43721328 bytes,   43721328 total
, 0.4346800 secs]
   [Parallel Time: 422.4 ms, GC Workers: 2]
      [GC Worker Start (ms): Min: 32349741.6, Avg: 32349741.6, Max: 32349741.6, Diff: 0.0]
      [Ext Root Scanning (ms): Min: 72.1, Avg: 81.6, Max: 91.0, Diff: 18.9, Sum: 163.1]
      [Update RS (ms): Min: 38.4, Avg: 50.2, Max: 62.1, Diff: 23.6, Sum: 100.5]
         [Processed Buffers: Min: 100, Avg: 169.0, Max: 238, Diff: 138, Sum: 338]
      [Scan RS (ms): Min: 69.9, Avg: 70.0, Max: 70.1, Diff: 0.2, Sum: 140.0]
      [Object Copy (ms): Min: 218.1, Avg: 220.4, Max: 222.6, Diff: 4.6, Sum: 440.7]
      [Termination (ms): Min: 0.0, Avg: 0.0, Max: 0.0, Diff: 0.0, Sum: 0.0]
      [GC Worker Other (ms): Min: 0.1, Avg: 0.1, Max: 0.1, Diff: 0.0, Sum: 0.2]
      [GC Worker Total (ms): Min: 422.3, Avg: 422.3, Max: 422.3, Diff: 0.0, Sum: 844.6]
      [GC Worker End (ms): Min: 32350163.9, Avg: 32350163.9, Max: 32350163.9, Diff: 0.0]
   [Code Root Fixup: 0.0 ms]
   [Clear CT: 0.7 ms]
   [Other: 11.6 ms]
      [Choose CSet: 0.0 ms]
      [Ref Proc: 3.8 ms]
      [Ref Enq: 0.0 ms]
      [Free CSet: 5.4 ms]
   [Eden: 980.0M(980.0M)->0.0B(946.0M) Survivors: 44.0M->78.0M Heap: 2040.7M(3072.0M)->1094.7M(3072.0M)]
 [Times: user=0.85 sys=0.01, real=0.43 secs] 
32355.558: [GC pause (young)
Desired survivor size 67108864 bytes, new threshold 2 (max 32)
- age   1:   40293680 bytes,   40293680 total
- age   2:   39346040 bytes,   79639720 total
, 0.5020000 secs]
   [Parallel Time: 489.4 ms, GC Workers: 2]
      [GC Worker Start (ms): Min: 32355559.7, Avg: 32355559.8, Max: 32355559.8, Diff: 0.0]
      [Ext Root Scanning (ms): Min: 76.6, Avg: 84.1, Max: 91.6, Diff: 15.1, Sum: 168.2]
      [Update RS (ms): Min: 51.2, Avg: 60.9, Max: 70.5, Diff: 19.3, Sum: 121.7]
         [Processed Buffers: Min: 114, Avg: 139.0, Max: 164, Diff: 50, Sum: 278]
      [Scan RS (ms): Min: 70.7, Avg: 70.9, Max: 71.0, Diff: 0.2, Sum: 141.7]
      [Object Copy (ms): Min: 271.1, Avg: 273.4, Max: 275.6, Diff: 4.6, Sum: 546.7]
      [Termination (ms): Min: 0.0, Avg: 0.0, Max: 0.0, Diff: 0.0, Sum: 0.0]
      [GC Worker Other (ms): Min: 0.1, Avg: 0.1, Max: 0.2, Diff: 0.1, Sum: 0.3]
      [GC Worker Total (ms): Min: 489.3, Avg: 489.3, Max: 489.3, Diff: 0.0, Sum: 978.6]
      [GC Worker End (ms): Min: 32356049.1, Avg: 32356049.1, Max: 32356049.1, Diff: 0.0]
   [Code Root Fixup: 0.0 ms]
   [Clear CT: 0.8 ms]
   [Other: 11.8 ms]
      [Choose CSet: 0.0 ms]
      [Ref Proc: 4.1 ms]
      [Ref Enq: 0.1 ms]
      [Free CSet: 5.1 ms]
   [Eden: 946.0M(946.0M)->0.0B(943.0M) Survivors: 78.0M->81.0M Heap: 2084.1M(3072.0M)->1177.1M(3072.0M)]
 [Times: user=0.99 sys=0.00, real=0.50 secs] 
32361.382: [GC pause (young)
Desired survivor size 67108864 bytes, new threshold 2 (max 32)
- age   1:   45686936 bytes,   45686936 total
- age   2:   37238040 bytes,   82924976 total
, 0.4669790 secs]
   [Parallel Time: 456.0 ms, GC Workers: 2]
      [GC Worker Start (ms): Min: 32361383.3, Avg: 32361383.3, Max: 32361383.4, Diff: 0.1]
      [Ext Root Scanning (ms): Min: 74.1, Avg: 81.5, Max: 88.9, Diff: 14.8, Sum: 163.0]
      [Update RS (ms): Min: 45.0, Avg: 54.6, Max: 64.3, Diff: 19.4, Sum: 109.3]
         [Processed Buffers: Min: 142, Avg: 144.0, Max: 146, Diff: 4, Sum: 288]
      [Scan RS (ms): Min: 73.8, Avg: 73.8, Max: 73.9, Diff: 0.1, Sum: 147.6]
      [Object Copy (ms): Min: 243.5, Avg: 245.6, Max: 247.8, Diff: 4.3, Sum: 491.3]
      [Termination (ms): Min: 0.0, Avg: 0.0, Max: 0.0, Diff: 0.0, Sum: 0.0]
      [GC Worker Other (ms): Min: 0.1, Avg: 0.1, Max: 0.1, Diff: 0.0, Sum: 0.2]
      [GC Worker Total (ms): Min: 455.7, Avg: 455.7, Max: 455.8, Diff: 0.1, Sum: 911.4]
      [GC Worker End (ms): Min: 32361839.0, Avg: 32361839.1, Max: 32361839.1, Diff: 0.0]
   [Code Root Fixup: 0.0 ms]
   [Clear CT: 0.8 ms]
   [Other: 10.1 ms]
      [Choose CSet: 0.0 ms]
      [Ref Proc: 2.6 ms]
      [Ref Enq: 0.0 ms]
      [Free CSet: 4.9 ms]
   [Eden: 943.0M(943.0M)->0.0B(951.0M) Survivors: 81.0M->73.0M Heap: 2124.1M(3072.0M)->1206.6M(3072.0M)]
 [Times: user=0.93 sys=0.00, real=0.47 secs] 
32366.970: [GC pause (young)
Desired survivor size 67108864 bytes, new threshold 2 (max 32)
- age   1:   40646736 bytes,   40646736 total
- age   2:   34446288 bytes,   75093024 total
, 0.4587110 secs]
   [Parallel Time: 447.3 ms, GC Workers: 2]
      [GC Worker Start (ms): Min: 32366971.5, Avg: 32366971.5, Max: 32366971.5, Diff: 0.0]
      [Ext Root Scanning (ms): Min: 72.5, Avg: 81.2, Max: 89.9, Diff: 17.4, Sum: 162.4]
      [Update RS (ms): Min: 29.8, Avg: 40.9, Max: 51.9, Diff: 22.1, Sum: 81.7]
         [Processed Buffers: Min: 134, Avg: 143.0, Max: 152, Diff: 18, Sum: 286]
      [Scan RS (ms): Min: 74.7, Avg: 74.8, Max: 75.0, Diff: 0.3, Sum: 149.6]
      [Object Copy (ms): Min: 247.6, Avg: 250.1, Max: 252.6, Diff: 4.9, Sum: 500.2]
      [Termination (ms): Min: 0.0, Avg: 0.0, Max: 0.0, Diff: 0.0, Sum: 0.0]
      [GC Worker Other (ms): Min: 0.1, Avg: 0.1, Max: 0.1, Diff: 0.0, Sum: 0.3]
      [GC Worker Total (ms): Min: 447.1, Avg: 447.1, Max: 447.2, Diff: 0.0, Sum: 894.3]
      [GC Worker End (ms): Min: 32367418.6, Avg: 32367418.6, Max: 32367418.6, Diff: 0.0]
   [Code Root Fixup: 0.0 ms]
   [Clear CT: 0.8 ms]
   [Other: 10.7 ms]
      [Choose CSet: 0.0 ms]
      [Ref Proc: 3.0 ms]
      [Ref Enq: 0.0 ms]
      [Free CSet: 5.0 ms]
   [Eden: 951.0M(951.0M)->0.0B(950.0M) Survivors: 73.0M->74.0M Heap: 2207.5M(3072.0M)->1288.0M(3072.0M)]
 [Times: user=0.91 sys=0.00, real=0.46 secs] 
32374.775: [GC pause (young)
Desired survivor size 67108864 bytes, new threshold 2 (max 32)
- age   1:   43504512 bytes,   43504512 total
- age   2:   32618104 bytes,   76122616 total
, 0.4616560 secs]
   [Parallel Time: 448.2 ms, GC Workers: 2]
      [GC Worker Start (ms): Min: 32374776.5, Avg: 32374776.6, Max: 32374776.6, Diff: 0.0]
      [Ext Root Scanning (ms): Min: 75.3, Avg: 82.3, Max: 89.2, Diff: 13.9, Sum: 164.5]
      [Update RS (ms): Min: 19.0, Avg: 28.2, Max: 37.4, Diff: 18.4, Sum: 56.4]
         [Processed Buffers: Min: 21, Avg: 130.5, Max: 240, Diff: 219, Sum: 261]
      [Scan RS (ms): Min: 99.8, Avg: 99.9, Max: 100.0, Diff: 0.2, Sum: 199.8]
      [Object Copy (ms): Min: 235.3, Avg: 237.7, Max: 240.0, Diff: 4.7, Sum: 475.4]
      [Termination (ms): Min: 0.0, Avg: 0.0, Max: 0.0, Diff: 0.0, Sum: 0.0]
      [GC Worker Other (ms): Min: 0.1, Avg: 0.1, Max: 0.1, Diff: 0.0, Sum: 0.2]
      [GC Worker Total (ms): Min: 448.1, Avg: 448.1, Max: 448.1, Diff: 0.0, Sum: 896.2]
      [GC Worker End (ms): Min: 32375224.7, Avg: 32375224.7, Max: 32375224.7, Diff: 0.0]
   [Code Root Fixup: 0.0 ms]
   [Clear CT: 1.2 ms]
   [Other: 12.2 ms]
      [Choose CSet: 0.0 ms]
      [Ref Proc: 3.3 ms]
      [Ref Enq: 0.1 ms]
      [Free CSet: 5.9 ms]
   [Eden: 950.0M(950.0M)->0.0B(955.0M) Survivors: 74.0M->69.0M Heap: 2279.0M(3072.0M)->1351.0M(3072.0M)]
 [Times: user=0.91 sys=0.00, real=0.46 secs] 
32377.796: [GC pause (young) (initial-mark)
Desired survivor size 67108864 bytes, new threshold 2 (max 32)
- age   1:   38029288 bytes,   38029288 total
- age   2:   31692848 bytes,   69722136 total
, 0.4278450 secs]
   [Parallel Time: 420.1 ms, GC Workers: 2]
      [GC Worker Start (ms): Min: 32377797.5, Avg: 32377797.5, Max: 32377797.5, Diff: 0.0]
      [Ext Root Scanning (ms): Min: 79.7, Avg: 88.8, Max: 97.9, Diff: 18.3, Sum: 177.6]
      [Update RS (ms): Min: 25.8, Avg: 45.1, Max: 64.5, Diff: 38.7, Sum: 90.3]
         [Processed Buffers: Min: 73, Avg: 143.5, Max: 214, Diff: 141, Sum: 287]
      [Scan RS (ms): Min: 51.4, Avg: 51.5, Max: 51.5, Diff: 0.1, Sum: 103.0]
      [Object Copy (ms): Min: 224.3, Avg: 234.5, Max: 244.6, Diff: 20.3, Sum: 468.9]
      [Termination (ms): Min: 0.0, Avg: 0.0, Max: 0.0, Diff: 0.0, Sum: 0.0]
      [GC Worker Other (ms): Min: 0.1, Avg: 0.1, Max: 0.1, Diff: 0.0, Sum: 0.2]
      [GC Worker Total (ms): Min: 420.0, Avg: 420.0, Max: 420.0, Diff: 0.0, Sum: 840.0]
      [GC Worker End (ms): Min: 32378217.5, Avg: 32378217.5, Max: 32378217.5, Diff: 0.0]
   [Code Root Fixup: 0.0 ms]
   [Clear CT: 0.6 ms]
   [Other: 7.2 ms]
      [Choose CSet: 0.0 ms]
      [Ref Proc: 2.2 ms]
      [Ref Enq: 0.0 ms]
      [Free CSet: 2.3 ms]
   [Eden: 409.0M(955.0M)->0.0B(965.0M) Survivors: 69.0M->59.0M Heap: 1760.4M(3072.0M)->1372.5M(3072.0M)]
 [Times: user=0.84 sys=0.00, real=0.42 secs] 
32378.224: [GC concurrent-root-region-scan-start]
32378.553: [GC concurrent-root-region-scan-end, 0.3285820 secs]
32378.553: [GC concurrent-mark-start]
32381.105: [GC concurrent-mark-end, 2.5524730 secs]
32381.108: [GC remark 32381.110: [GC ref-proc, 0.4033420 secs], 0.4747020 secs]
 [Times: user=0.48 sys=0.00, real=0.47 secs] 
32381.584: [GC cleanup 1754M->1502M(3072M), 0.0265570 secs]
 [Times: user=0.06 sys=0.00, real=0.03 secs] 
32381.612: [GC concurrent-cleanup-start]
32381.612: [GC concurrent-cleanup-end, 0.0005720 secs]
32384.557: [GC pause (young)
Desired survivor size 67108864 bytes, new threshold 16 (max 32)
- age   1:   26230496 bytes,   26230496 total
- age   2:   33590776 bytes,   59821272 total
, 0.4058760 secs]
   [Parallel Time: 394.7 ms, GC Workers: 2]
      [GC Worker Start (ms): Min: 32384558.7, Avg: 32384558.7, Max: 32384558.7, Diff: 0.0]
      [Ext Root Scanning (ms): Min: 71.3, Avg: 80.5, Max: 89.6, Diff: 18.3, Sum: 160.9]
      [Update RS (ms): Min: 49.0, Avg: 60.9, Max: 72.9, Diff: 24.0, Sum: 121.9]
         [Processed Buffers: Min: 133, Avg: 147.0, Max: 161, Diff: 28, Sum: 294]
      [Scan RS (ms): Min: 57.4, Avg: 57.4, Max: 57.4, Diff: 0.0, Sum: 114.8]
      [Object Copy (ms): Min: 192.9, Avg: 195.7, Max: 198.6, Diff: 5.7, Sum: 391.5]
      [Termination (ms): Min: 0.0, Avg: 0.0, Max: 0.0, Diff: 0.0, Sum: 0.0]
      [GC Worker Other (ms): Min: 0.1, Avg: 0.1, Max: 0.1, Diff: 0.0, Sum: 0.2]
      [GC Worker Total (ms): Min: 394.6, Avg: 394.6, Max: 394.7, Diff: 0.0, Sum: 789.3]
      [GC Worker End (ms): Min: 32384953.4, Avg: 32384953.4, Max: 32384953.4, Diff: 0.0]
   [Code Root Fixup: 0.0 ms]
   [Clear CT: 0.8 ms]
   [Other: 10.3 ms]
      [Choose CSet: 0.0 ms]
      [Ref Proc: 3.6 ms]
      [Ref Enq: 0.0 ms]
      [Free CSet: 4.3 ms]
   [Eden: 965.0M(965.0M)->0.0B(938.0M) Survivors: 59.0M->86.0M Heap: 2090.0M(3072.0M)->1152.0M(3072.0M)]
 [Times: user=0.80 sys=0.00, real=0.40 secs] 
32389.933: [GC pause (mixed)
Desired survivor size 67108864 bytes, new threshold 3 (max 32)
- age   1:   48913160 bytes,   48913160 total
- age   2:   12091968 bytes,   61005128 total
- age   3:   27064104 bytes,   88069232 total
, 0.4911510 secs]
   [Parallel Time: 478.1 ms, GC Workers: 2]
      [GC Worker Start (ms): Min: 32389935.7, Avg: 32389935.7, Max: 32389935.7, Diff: 0.0]
      [Ext Root Scanning (ms): Min: 71.8, Avg: 79.3, Max: 86.9, Diff: 15.1, Sum: 158.7]
      [Update RS (ms): Min: 43.1, Avg: 52.9, Max: 62.8, Diff: 19.7, Sum: 105.9]
         [Processed Buffers: Min: 34, Avg: 139.0, Max: 244, Diff: 210, Sum: 278]
      [Scan RS (ms): Min: 79.7, Avg: 79.9, Max: 80.1, Diff: 0.4, Sum: 159.8]
      [Object Copy (ms): Min: 263.6, Avg: 265.7, Max: 267.8, Diff: 4.1, Sum: 531.4]
      [Termination (ms): Min: 0.0, Avg: 0.0, Max: 0.0, Diff: 0.0, Sum: 0.0]
      [GC Worker Other (ms): Min: 0.1, Avg: 0.1, Max: 0.1, Diff: 0.0, Sum: 0.2]
      [GC Worker Total (ms): Min: 477.9, Avg: 478.0, Max: 478.0, Diff: 0.0, Sum: 955.9]
      [GC Worker End (ms): Min: 32390413.7, Avg: 32390413.7, Max: 32390413.7, Diff: 0.0]
   [Code Root Fixup: 0.0 ms]
   [Clear CT: 0.8 ms]
   [Other: 12.2 ms]
      [Choose CSet: 0.7 ms]
      [Ref Proc: 3.6 ms]
      [Ref Enq: 0.0 ms]
      [Free CSet: 5.2 ms]
   [Eden: 938.0M(938.0M)->0.0B(926.0M) Survivors: 86.0M->98.0M Heap: 2114.2M(3072.0M)->1146.7M(3072.0M)]
 [Times: user=0.96 sys=0.01, real=0.49 secs] 
32395.259: [GC pause (mixed)
Desired survivor size 67108864 bytes, new threshold 2 (max 32)
- age   1:   57513640 bytes,   57513640 total
- age   2:   31535880 bytes,   89049520 total
- age   3:   11441424 bytes,  100490944 total
, 0.5638060 secs]
   [Parallel Time: 549.7 ms, GC Workers: 2]
      [GC Worker Start (ms): Min: 32395262.1, Avg: 32395262.1, Max: 32395262.1, Diff: 0.0]
      [Ext Root Scanning (ms): Min: 77.3, Avg: 84.8, Max: 92.3, Diff: 14.9, Sum: 169.6]
      [Update RS (ms): Min: 22.4, Avg: 32.8, Max: 43.2, Diff: 20.8, Sum: 65.6]
         [Processed Buffers: Min: 90, Avg: 146.0, Max: 202, Diff: 112, Sum: 292]
      [Scan RS (ms): Min: 86.4, Avg: 86.4, Max: 86.4, Diff: 0.0, Sum: 172.8]
      [Object Copy (ms): Min: 342.5, Avg: 345.5, Max: 348.5, Diff: 6.0, Sum: 691.1]
      [Termination (ms): Min: 0.0, Avg: 0.0, Max: 0.0, Diff: 0.0, Sum: 0.0]
      [GC Worker Other (ms): Min: 0.1, Avg: 0.1, Max: 0.1, Diff: 0.0, Sum: 0.2]
      [GC Worker Total (ms): Min: 549.6, Avg: 549.6, Max: 549.6, Diff: 0.0, Sum: 1099.3]
      [GC Worker End (ms): Min: 32395811.7, Avg: 32395811.7, Max: 32395811.7, Diff: 0.0]
   [Code Root Fixup: 0.0 ms]
   [Clear CT: 0.8 ms]
   [Other: 13.3 ms]
      [Choose CSet: 0.4 ms]
      [Ref Proc: 3.7 ms]
      [Ref Enq: 0.1 ms]
      [Free CSet: 5.5 ms]
   [Eden: 926.0M(926.0M)->0.0B(916.0M) Survivors: 98.0M->108.0M Heap: 2098.4M(3072.0M)->1198.4M(3072.0M)]
 [Times: user=1.11 sys=0.00, real=0.56 secs] 
32399.627: [GC pause (young)
Desired survivor size 67108864 bytes, new threshold 2 (max 32)
- age   1:   66711984 bytes,   66711984 total
- age   2:   44237608 bytes,  110949592 total
, 0.4561200 secs]
   [Parallel Time: 445.2 ms, GC Workers: 2]
      [GC Worker Start (ms): Min: 32399628.6, Avg: 32399628.7, Max: 32399628.7, Diff: 0.1]
      [Ext Root Scanning (ms): Min: 80.1, Avg: 87.9, Max: 95.6, Diff: 15.5, Sum: 175.7]
      [Update RS (ms): Min: 10.4, Avg: 20.8, Max: 31.3, Diff: 20.9, Sum: 41.6]
         [Processed Buffers: Min: 33, Avg: 135.0, Max: 237, Diff: 204, Sum: 270]
      [Scan RS (ms): Min: 60.7, Avg: 60.7, Max: 60.8, Diff: 0.1, Sum: 121.4]
      [Object Copy (ms): Min: 272.7, Avg: 275.4, Max: 278.1, Diff: 5.4, Sum: 550.8]
      [Termination (ms): Min: 0.0, Avg: 0.0, Max: 0.0, Diff: 0.0, Sum: 0.0]
      [GC Worker Other (ms): Min: 0.1, Avg: 0.1, Max: 0.1, Diff: 0.0, Sum: 0.3]
      [GC Worker Total (ms): Min: 444.9, Avg: 444.9, Max: 445.0, Diff: 0.1, Sum: 889.9]
      [GC Worker End (ms): Min: 32400073.6, Avg: 32400073.6, Max: 32400073.6, Diff: 0.0]
   [Code Root Fixup: 0.0 ms]
   [Clear CT: 0.8 ms]
   [Other: 10.2 ms]
      [Choose CSet: 0.0 ms]
      [Ref Proc: 2.6 ms]
      [Ref Enq: 0.0 ms]
      [Free CSet: 4.6 ms]
   [Eden: 916.0M(916.0M)->0.0B(929.0M) Survivors: 108.0M->95.0M Heap: 2178.3M(3072.0M)->1285.3M(3072.0M)]
 [Times: user=0.90 sys=0.00, real=0.46 secs] 
32406.675: [GC pause (young)
Desired survivor size 67108864 bytes, new threshold 2 (max 32)
- age   1:   42119560 bytes,   42119560 total
- age   2:   54897304 bytes,   97016864 total
, 0.6108300 secs]
   [Parallel Time: 599.7 ms, GC Workers: 2]
      [GC Worker Start (ms): Min: 32406676.4, Avg: 32406676.4, Max: 32406676.4, Diff: 0.0]
      [Ext Root Scanning (ms): Min: 70.9, Avg: 81.5, Max: 92.1, Diff: 21.1, Sum: 163.0]
      [Update RS (ms): Min: 51.4, Avg: 64.9, Max: 78.3, Diff: 26.9, Sum: 129.8]
         [Processed Buffers: Min: 146, Avg: 163.0, Max: 180, Diff: 34, Sum: 326]
      [Scan RS (ms): Min: 80.1, Avg: 80.3, Max: 80.4, Diff: 0.2, Sum: 160.5]
      [Object Copy (ms): Min: 370.0, Avg: 372.8, Max: 375.6, Diff: 5.6, Sum: 745.6]
      [Termination (ms): Min: 0.0, Avg: 0.0, Max: 0.0, Diff: 0.0, Sum: 0.0]
      [GC Worker Other (ms): Min: 0.1, Avg: 0.1, Max: 0.1, Diff: 0.0, Sum: 0.2]
      [GC Worker Total (ms): Min: 599.5, Avg: 599.5, Max: 599.5, Diff: 0.0, Sum: 1199.1]
      [GC Worker End (ms): Min: 32407275.9, Avg: 32407276.0, Max: 32407276.0, Diff: 0.0]
   [Code Root Fixup: 0.0 ms]
   [Clear CT: 0.7 ms]
   [Other: 10.4 ms]
      [Choose CSet: 0.0 ms]
      [Ref Proc: 5.3 ms]
      [Ref Enq: 0.1 ms]
      [Free CSet: 2.7 ms]
   [Eden: 929.0M(929.0M)->0.0B(899.0M) Survivors: 95.0M->125.0M Heap: 2300.3M(3072.0M)->1451.8M(3072.0M)]
 [Times: user=1.21 sys=0.00, real=0.61 secs] 
32407.619: [GC pause (young) (initial-mark)
Desired survivor size 67108864 bytes, new threshold 1 (max 32)
- age   1:   87084616 bytes,   87084616 total
- age   2:   40052528 bytes,  127137144 total
, 0.4642570 secs]
   [Parallel Time: 459.0 ms, GC Workers: 2]
      [GC Worker Start (ms): Min: 32407619.8, Avg: 32407619.8, Max: 32407619.8, Diff: 0.0]
      [Ext Root Scanning (ms): Min: 77.6, Avg: 86.0, Max: 94.4, Diff: 16.8, Sum: 172.0]
      [Update RS (ms): Min: 19.6, Avg: 37.8, Max: 56.0, Diff: 36.5, Sum: 75.6]
         [Processed Buffers: Min: 129, Avg: 130.0, Max: 131, Diff: 2, Sum: 260]
      [Scan RS (ms): Min: 27.0, Avg: 27.0, Max: 27.0, Diff: 0.0, Sum: 54.1]
      [Object Copy (ms): Min: 298.1, Avg: 308.0, Max: 317.9, Diff: 19.8, Sum: 616.0]
      [Termination (ms): Min: 0.0, Avg: 0.0, Max: 0.0, Diff: 0.0, Sum: 0.0]
      [GC Worker Other (ms): Min: 0.1, Avg: 0.1, Max: 0.1, Diff: 0.0, Sum: 0.3]
      [GC Worker Total (ms): Min: 458.9, Avg: 458.9, Max: 459.0, Diff: 0.0, Sum: 917.9]
      [GC Worker End (ms): Min: 32408078.8, Avg: 32408078.8, Max: 32408078.8, Diff: 0.0]
   [Code Root Fixup: 0.0 ms]
   [Clear CT: 0.6 ms]
   [Other: 4.6 ms]
      [Choose CSet: 0.0 ms]
      [Ref Proc: 0.6 ms]
      [Ref Enq: 0.0 ms]
      [Free CSet: 0.8 ms]
   [Eden: 73.0M(899.0M)->0.0B(1008.0M) Survivors: 125.0M->16.0M Heap: 1524.3M(3072.0M)->1463.3M(3072.0M)]
 [Times: user=0.92 sys=0.00, real=0.47 secs] 
32408.083: [GC concurrent-root-region-scan-start]
32408.340: [GC concurrent-root-region-scan-end, 0.2571140 secs]
32408.340: [GC concurrent-mark-start]
32410.511: [GC concurrent-mark-end, 2.1706490 secs]
32410.513: [GC remark 32410.514: [GC ref-proc, 0.2665980 secs], 0.3491890 secs]
 [Times: user=0.36 sys=0.00, real=0.35 secs] 
32410.865: [GC cleanup 1892M->1616M(3072M), 0.0310030 secs]
 [Times: user=0.06 sys=0.00, real=0.03 secs] 
32410.896: [GC concurrent-cleanup-start]
32410.897: [GC concurrent-cleanup-end, 0.0007220 secs]
32414.232: [GC pause (young)
Desired survivor size 67108864 bytes, new threshold 16 (max 32)
- age   1:   15096240 bytes,   15096240 total
, 0.3840530 secs]
   [Parallel Time: 372.1 ms, GC Workers: 2]
      [GC Worker Start (ms): Min: 32414234.2, Avg: 32414234.2, Max: 32414234.2, Diff: 0.0]
      [Ext Root Scanning (ms): Min: 79.1, Avg: 86.4, Max: 93.7, Diff: 14.6, Sum: 172.8]
      [Update RS (ms): Min: 24.5, Avg: 34.4, Max: 44.3, Diff: 19.8, Sum: 68.8]
         [Processed Buffers: Min: 66, Avg: 155.0, Max: 244, Diff: 178, Sum: 310]
      [Scan RS (ms): Min: 74.1, Avg: 74.2, Max: 74.3, Diff: 0.2, Sum: 148.4]
      [Object Copy (ms): Min: 174.4, Avg: 176.9, Max: 179.4, Diff: 4.9, Sum: 353.8]
      [Termination (ms): Min: 0.0, Avg: 0.0, Max: 0.0, Diff: 0.0, Sum: 0.0]
      [GC Worker Other (ms): Min: 0.1, Avg: 0.1, Max: 0.2, Diff: 0.0, Sum: 0.3]
      [GC Worker Total (ms): Min: 372.0, Avg: 372.0, Max: 372.0, Diff: 0.0, Sum: 744.0]
      [GC Worker End (ms): Min: 32414606.2, Avg: 32414606.2, Max: 32414606.2, Diff: 0.0]
   [Code Root Fixup: 0.0 ms]
   [Clear CT: 0.8 ms]
   [Other: 11.2 ms]
      [Choose CSet: 0.0 ms]
      [Ref Proc: 4.7 ms]
      [Ref Enq: 0.1 ms]
      [Free CSet: 3.7 ms]
   [Eden: 1008.0M(1008.0M)->0.0B(943.0M) Survivors: 16.0M->81.0M Heap: 2244.9M(3072.0M)->1301.9M(3072.0M)]
 [Times: user=0.75 sys=0.00, real=0.38 secs] 
32420.063: [GC pause (mixed)
Desired survivor size 67108864 bytes, new threshold 1 (max 32)
- age   1:   72748408 bytes,   72748408 total
- age   2:    8230360 bytes,   80978768 total
, 0.4106210 secs]
   [Parallel Time: 397.2 ms, GC Workers: 2]
      [GC Worker Start (ms): Min: 32420064.9, Avg: 32420064.9, Max: 32420064.9, Diff: 0.0]
      [Ext Root Scanning (ms): Min: 74.7, Avg: 82.8, Max: 91.0, Diff: 16.3, Sum: 165.7]
      [Update RS (ms): Min: 30.4, Avg: 41.2, Max: 51.9, Diff: 21.5, Sum: 82.3]
         [Processed Buffers: Min: 80, Avg: 144.5, Max: 209, Diff: 129, Sum: 289]
      [Scan RS (ms): Min: 75.1, Avg: 75.2, Max: 75.3, Diff: 0.1, Sum: 150.4]
      [Object Copy (ms): Min: 195.1, Avg: 197.7, Max: 200.2, Diff: 5.1, Sum: 395.3]
      [Termination (ms): Min: 0.0, Avg: 0.0, Max: 0.0, Diff: 0.0, Sum: 0.1]
      [GC Worker Other (ms): Min: 0.1, Avg: 0.1, Max: 0.1, Diff: 0.0, Sum: 0.1]
      [GC Worker Total (ms): Min: 396.9, Avg: 396.9, Max: 397.0, Diff: 0.0, Sum: 793.9]
      [GC Worker End (ms): Min: 32420461.9, Avg: 32420461.9, Max: 32420461.9, Diff: 0.0]
   [Code Root Fixup: 0.0 ms]
   [Clear CT: 0.8 ms]
   [Other: 12.6 ms]
      [Choose CSet: 0.7 ms]
      [Ref Proc: 5.7 ms]
      [Ref Enq: 0.1 ms]
      [Free CSet: 3.5 ms]
   [Eden: 943.0M(943.0M)->0.0B(993.0M) Survivors: 81.0M->31.0M Heap: 2244.9M(3072.0M)->1222.4M(3072.0M)]
 [Times: user=0.81 sys=0.00, real=0.41 secs] 
32426.956: [GC pause (mixed)
Desired survivor size 67108864 bytes, new threshold 16 (max 32)
- age   1:   28994640 bytes,   28994640 total
, 0.2800640 secs]
   [Parallel Time: 266.2 ms, GC Workers: 2]
      [GC Worker Start (ms): Min: 32426958.3, Avg: 32426958.3, Max: 32426958.3, Diff: 0.0]
      [Ext Root Scanning (ms): Min: 77.0, Avg: 83.8, Max: 90.7, Diff: 13.7, Sum: 167.7]
      [Update RS (ms): Min: 12.7, Avg: 21.9, Max: 31.1, Diff: 18.4, Sum: 43.8]
         [Processed Buffers: Min: 163, Avg: 170.5, Max: 178, Diff: 15, Sum: 341]
      [Scan RS (ms): Min: 45.5, Avg: 45.6, Max: 45.7, Diff: 0.2, Sum: 91.2]
      [Object Copy (ms): Min: 112.1, Avg: 114.6, Max: 117.0, Diff: 4.9, Sum: 229.1]
      [Termination (ms): Min: 0.0, Avg: 0.0, Max: 0.0, Diff: 0.0, Sum: 0.0]
      [GC Worker Other (ms): Min: 0.1, Avg: 0.1, Max: 0.1, Diff: 0.0, Sum: 0.2]
      [GC Worker Total (ms): Min: 266.0, Avg: 266.0, Max: 266.1, Diff: 0.1, Sum: 532.1]
      [GC Worker End (ms): Min: 32427224.3, Avg: 32427224.3, Max: 32427224.3, Diff: 0.0]
   [Code Root Fixup: 0.0 ms]
   [Clear CT: 0.8 ms]
   [Other: 13.1 ms]
      [Choose CSet: 0.8 ms]
      [Ref Proc: 5.7 ms]
      [Ref Enq: 0.1 ms]
      [Free CSet: 4.5 ms]
   [Eden: 986.0M(993.0M)->0.0B(976.0M) Survivors: 31.0M->48.0M Heap: 2259.4M(3072.0M)->1191.6M(3072.0M)]
 [Times: user=0.55 sys=0.00, real=0.28 secs] 
32433.826: [GC pause (mixed)
Desired survivor size 67108864 bytes, new threshold 16 (max 32)
- age   1:   26033000 bytes,   26033000 total
- age   2:   21213472 bytes,   47246472 total
, 0.3958470 secs]
   [Parallel Time: 379.1 ms, GC Workers: 2]
      [GC Worker Start (ms): Min: 32433827.7, Avg: 32433827.7, Max: 32433827.7, Diff: 0.0]
      [Ext Root Scanning (ms): Min: 76.8, Avg: 86.1, Max: 95.4, Diff: 18.6, Sum: 172.3]
      [Update RS (ms): Min: 42.6, Avg: 54.8, Max: 67.0, Diff: 24.4, Sum: 109.7]
         [Processed Buffers: Min: 155, Avg: 158.5, Max: 162, Diff: 7, Sum: 317]
      [Scan RS (ms): Min: 58.1, Avg: 58.2, Max: 58.2, Diff: 0.1, Sum: 116.3]
      [Object Copy (ms): Min: 176.8, Avg: 179.8, Max: 182.7, Diff: 5.9, Sum: 359.5]
      [Termination (ms): Min: 0.0, Avg: 0.0, Max: 0.0, Diff: 0.0, Sum: 0.0]
      [GC Worker Other (ms): Min: 0.1, Avg: 0.1, Max: 0.1, Diff: 0.0, Sum: 0.2]
      [GC Worker Total (ms): Min: 379.0, Avg: 379.0, Max: 379.0, Diff: 0.0, Sum: 758.0]
      [GC Worker End (ms): Min: 32434206.7, Avg: 32434206.7, Max: 32434206.7, Diff: 0.0]
   [Code Root Fixup: 0.0 ms]
   [Clear CT: 1.0 ms]
   [Other: 15.7 ms]
      [Choose CSet: 1.2 ms]
      [Ref Proc: 8.9 ms]
      [Ref Enq: 0.2 ms]
      [Free CSet: 4.0 ms]
   [Eden: 976.0M(976.0M)->0.0B(945.0M) Survivors: 48.0M->79.0M Heap: 2200.5M(3072.0M)->1156.5M(3072.0M)]
 [Times: user=0.78 sys=0.00, real=0.39 secs] 
32439.392: [GC pause (mixed)
Desired survivor size 67108864 bytes, new threshold 3 (max 32)
- age   1:   46377688 bytes,   46377688 total
- age   2:   18664136 bytes,   65041824 total
- age   3:   13267176 bytes,   78309000 total
, 0.4696920 secs]
   [Parallel Time: 456.7 ms, GC Workers: 2]
      [GC Worker Start (ms): Min: 32439394.2, Avg: 32439394.2, Max: 32439394.2, Diff: 0.0]
      [Ext Root Scanning (ms): Min: 70.9, Avg: 80.5, Max: 90.2, Diff: 19.4, Sum: 161.1]
      [Update RS (ms): Min: 27.9, Avg: 40.6, Max: 53.4, Diff: 25.5, Sum: 81.2]
         [Processed Buffers: Min: 105, Avg: 167.5, Max: 230, Diff: 125, Sum: 335]
      [Scan RS (ms): Min: 64.8, Avg: 64.9, Max: 64.9, Diff: 0.2, Sum: 129.7]
      [Object Copy (ms): Min: 267.4, Avg: 270.5, Max: 273.5, Diff: 6.0, Sum: 540.9]
      [Termination (ms): Min: 0.0, Avg: 0.0, Max: 0.0, Diff: 0.0, Sum: 0.0]
      [GC Worker Other (ms): Min: 0.1, Avg: 0.1, Max: 0.1, Diff: 0.0, Sum: 0.2]
      [GC Worker Total (ms): Min: 456.6, Avg: 456.6, Max: 456.6, Diff: 0.1, Sum: 913.2]
      [GC Worker End (ms): Min: 32439850.8, Avg: 32439850.8, Max: 32439850.8, Diff: 0.0]
   [Code Root Fixup: 0.0 ms]
   [Clear CT: 0.9 ms]
   [Other: 12.0 ms]
      [Choose CSet: 1.2 ms]
      [Ref Proc: 4.6 ms]
      [Ref Enq: 0.1 ms]
      [Free CSet: 4.2 ms]
   [Eden: 945.0M(945.0M)->0.0B(923.0M) Survivors: 79.0M->101.0M Heap: 2105.0M(3072.0M)->1119.5M(3072.0M)]
 [Times: user=0.93 sys=0.00, real=0.47 secs] 
32444.550: [GC pause (young)
Desired survivor size 67108864 bytes, new threshold 2 (max 32)
- age   1:   56738192 bytes,   56738192 total
- age   2:   31705824 bytes,   88444016 total
- age   3:   13954256 bytes,  102398272 total
, 0.4678370 secs]
   [Parallel Time: 455.5 ms, GC Workers: 2]
      [GC Worker Start (ms): Min: 32444551.2, Avg: 32444551.2, Max: 32444551.2, Diff: 0.0]
      [Ext Root Scanning (ms): Min: 78.4, Avg: 87.6, Max: 96.8, Diff: 18.4, Sum: 175.2]
      [Update RS (ms): Min: 41.9, Avg: 53.7, Max: 65.4, Diff: 23.5, Sum: 107.3]
         [Processed Buffers: Min: 97, Avg: 148.0, Max: 199, Diff: 102, Sum: 296]
      [Scan RS (ms): Min: 44.3, Avg: 44.3, Max: 44.3, Diff: 0.1, Sum: 88.6]
      [Object Copy (ms): Min: 267.2, Avg: 269.7, Max: 272.2, Diff: 5.0, Sum: 539.5]
      [Termination (ms): Min: 0.0, Avg: 0.0, Max: 0.0, Diff: 0.0, Sum: 0.0]
      [GC Worker Other (ms): Min: 0.1, Avg: 0.1, Max: 0.1, Diff: 0.0, Sum: 0.2]
      [GC Worker Total (ms): Min: 455.4, Avg: 455.4, Max: 455.4, Diff: 0.0, Sum: 910.8]
      [GC Worker End (ms): Min: 32445006.6, Avg: 32445006.6, Max: 32445006.6, Diff: 0.0]
   [Code Root Fixup: 0.0 ms]
   [Clear CT: 1.1 ms]
   [Other: 11.2 ms]
      [Choose CSet: 0.0 ms]
      [Ref Proc: 5.6 ms]
      [Ref Enq: 0.1 ms]
      [Free CSet: 3.2 ms]
   [Eden: 923.0M(923.0M)->0.0B(935.0M) Survivors: 101.0M->89.0M Heap: 2087.7M(3072.0M)->1191.2M(3072.0M)]
 [Times: user=0.92 sys=0.00, real=0.47 secs] 
32450.105: [GC pause (young)
Desired survivor size 67108864 bytes, new threshold 2 (max 32)
- age   1:   38854648 bytes,   38854648 total
- age   2:   50424824 bytes,   89279472 total
, 0.4963960 secs]
   [Parallel Time: 482.8 ms, GC Workers: 2]
      [GC Worker Start (ms): Min: 32450106.7, Avg: 32450106.7, Max: 32450106.7, Diff: 0.0]
      [Ext Root Scanning (ms): Min: 72.1, Avg: 83.1, Max: 94.2, Diff: 22.1, Sum: 166.3]
      [Update RS (ms): Min: 39.3, Avg: 53.6, Max: 67.8, Diff: 28.5, Sum: 107.2]
         [Processed Buffers: Min: 147, Avg: 153.5, Max: 160, Diff: 13, Sum: 307]
      [Scan RS (ms): Min: 51.7, Avg: 51.7, Max: 51.7, Diff: 0.0, Sum: 103.4]
      [Object Copy (ms): Min: 290.9, Avg: 294.1, Max: 297.3, Diff: 6.4, Sum: 588.2]
      [Termination (ms): Min: 0.0, Avg: 0.0, Max: 0.0, Diff: 0.0, Sum: 0.0]
      [GC Worker Other (ms): Min: 0.1, Avg: 0.1, Max: 0.1, Diff: 0.0, Sum: 0.2]
      [GC Worker Total (ms): Min: 482.6, Avg: 482.6, Max: 482.6, Diff: 0.0, Sum: 965.3]
      [GC Worker End (ms): Min: 32450589.3, Avg: 32450589.4, Max: 32450589.4, Diff: 0.0]
   [Code Root Fixup: 0.0 ms]
   [Clear CT: 0.7 ms]
   [Other: 12.9 ms]
      [Choose CSet: 0.0 ms]
      [Ref Proc: 7.4 ms]
      [Ref Enq: 0.1 ms]
      [Free CSet: 3.0 ms]
   [Eden: 935.0M(935.0M)->0.0B(934.0M) Survivors: 89.0M->90.0M Heap: 2130.2M(3072.0M)->1243.7M(3072.0M)]
 [Times: user=0.98 sys=0.00, real=0.50 secs] 
32454.994: [GC pause (young)
Desired survivor size 67108864 bytes, new threshold 2 (max 32)
- age   1:   63488440 bytes,   63488440 total
- age   2:   27006712 bytes,   90495152 total
, 0.6625480 secs]
   [Parallel Time: 651.4 ms, GC Workers: 2]
      [GC Worker Start (ms): Min: 32454995.9, Avg: 32454995.9, Max: 32454996.0, Diff: 0.0]
      [Ext Root Scanning (ms): Min: 73.0, Avg: 81.8, Max: 90.6, Diff: 17.7, Sum: 163.6]
      [Update RS (ms): Min: 33.3, Avg: 44.4, Max: 55.4, Diff: 22.1, Sum: 88.7]
         [Processed Buffers: Min: 62, Avg: 143.0, Max: 224, Diff: 162, Sum: 286]
      [Scan RS (ms): Min: 49.0, Avg: 49.0, Max: 49.0, Diff: 0.0, Sum: 98.0]
      [Object Copy (ms): Min: 473.7, Avg: 476.0, Max: 478.2, Diff: 4.5, Sum: 952.0]
      [Termination (ms): Min: 0.0, Avg: 0.0, Max: 0.1, Diff: 0.0, Sum: 0.1]
      [GC Worker Other (ms): Min: 0.1, Avg: 0.1, Max: 0.1, Diff: 0.0, Sum: 0.2]
      [GC Worker Total (ms): Min: 651.3, Avg: 651.3, Max: 651.3, Diff: 0.0, Sum: 1302.6]
      [GC Worker End (ms): Min: 32455647.2, Avg: 32455647.3, Max: 32455647.3, Diff: 0.0]
   [Code Root Fixup: 0.0 ms]
   [Clear CT: 0.7 ms]
   [Other: 10.4 ms]
      [Choose CSet: 0.0 ms]
      [Ref Proc: 2.8 ms]
      [Ref Enq: 0.0 ms]
      [Free CSet: 4.6 ms]
   [Eden: 934.0M(934.0M)->0.0B(896.0M) Survivors: 90.0M->128.0M Heap: 2205.4M(3072.0M)->1382.4M(3072.0M)]
 [Times: user=1.31 sys=0.00, real=0.66 secs] 
32460.293: [GC pause (young)
Desired survivor size 67108864 bytes, new threshold 1 (max 32)
- age   1:  127499632 bytes,  127499632 total
- age   2:   52152936 bytes,  179652568 total
, 0.7160120 secs]
   [Parallel Time: 703.8 ms, GC Workers: 2]
      [GC Worker Start (ms): Min: 32460294.2, Avg: 32460294.2, Max: 32460294.3, Diff: 0.0]
      [Ext Root Scanning (ms): Min: 79.2, Avg: 84.8, Max: 90.5, Diff: 11.3, Sum: 169.6]
      [Update RS (ms): Min: 63.5, Avg: 71.6, Max: 79.7, Diff: 16.2, Sum: 143.3]
         [Processed Buffers: Min: 126, Avg: 142.5, Max: 159, Diff: 33, Sum: 285]
      [Scan RS (ms): Min: 126.1, Avg: 126.2, Max: 126.3, Diff: 0.2, Sum: 252.3]
      [Object Copy (ms): Min: 418.4, Avg: 421.0, Max: 423.5, Diff: 5.1, Sum: 842.0]
      [Termination (ms): Min: 0.0, Avg: 0.0, Max: 0.0, Diff: 0.0, Sum: 0.0]
      [GC Worker Other (ms): Min: 0.1, Avg: 0.1, Max: 0.1, Diff: 0.0, Sum: 0.2]
      [GC Worker Total (ms): Min: 703.7, Avg: 703.7, Max: 703.7, Diff: 0.0, Sum: 1407.4]
      [GC Worker End (ms): Min: 32460997.9, Avg: 32460998.0, Max: 32460998.0, Diff: 0.0]
   [Code Root Fixup: 0.0 ms]
   [Clear CT: 0.8 ms]
   [Other: 11.4 ms]
      [Choose CSet: 0.0 ms]
      [Ref Proc: 2.2 ms]
      [Ref Enq: 0.0 ms]
      [Free CSet: 5.2 ms]
   [Eden: 896.0M(896.0M)->0.0B(978.0M) Survivors: 128.0M->46.0M Heap: 2306.6M(3072.0M)->1452.6M(3072.0M)]
 [Times: user=1.42 sys=0.00, real=0.71 secs] 
32463.108: [GC pause (young) (initial-mark)
Desired survivor size 67108864 bytes, new threshold 16 (max 32)
- age   1:   45676824 bytes,   45676824 total
, 0.3871860 secs]
   [Parallel Time: 380.0 ms, GC Workers: 2]
      [GC Worker Start (ms): Min: 32463110.1, Avg: 32463110.1, Max: 32463110.1, Diff: 0.0]
      [Ext Root Scanning (ms): Min: 83.5, Avg: 90.4, Max: 97.2, Diff: 13.7, Sum: 180.7]
      [Update RS (ms): Min: 25.3, Avg: 42.1, Max: 58.9, Diff: 33.7, Sum: 84.2]
         [Processed Buffers: Min: 116, Avg: 126.0, Max: 136, Diff: 20, Sum: 252]
      [Scan RS (ms): Min: 52.5, Avg: 52.5, Max: 52.6, Diff: 0.1, Sum: 105.1]
      [Object Copy (ms): Min: 184.9, Avg: 194.8, Max: 204.7, Diff: 19.8, Sum: 389.5]
      [Termination (ms): Min: 0.0, Avg: 0.0, Max: 0.0, Diff: 0.0, Sum: 0.0]
      [GC Worker Other (ms): Min: 0.1, Avg: 0.1, Max: 0.1, Diff: 0.0, Sum: 0.2]
      [GC Worker Total (ms): Min: 379.9, Avg: 379.9, Max: 379.9, Diff: 0.0, Sum: 759.7]
      [GC Worker End (ms): Min: 32463489.9, Avg: 32463489.9, Max: 32463489.9, Diff: 0.0]
   [Code Root Fixup: 0.0 ms]
   [Clear CT: 0.8 ms]
   [Other: 6.4 ms]
      [Choose CSet: 0.0 ms]
      [Ref Proc: 1.3 ms]
      [Ref Enq: 0.0 ms]
      [Free CSet: 2.6 ms]
   [Eden: 419.0M(978.0M)->0.0B(959.0M) Survivors: 46.0M->65.0M Heap: 1871.5M(3072.0M)->1471.6M(3072.0M)]
 [Times: user=0.76 sys=0.00, real=0.39 secs] 
32463.496: [GC concurrent-root-region-scan-start]
32463.776: [GC concurrent-root-region-scan-end, 0.2806970 secs]
32463.776: [GC concurrent-mark-start]
32466.286: [GC concurrent-mark-end, 2.5092200 secs]
32466.289: [GC remark 32466.291: [GC ref-proc, 0.5033200 secs], 0.5757430 secs]
 [Times: user=0.58 sys=0.00, real=0.58 secs] 
32466.869: [GC cleanup 1941M->1637M(3072M), 0.0266180 secs]
 [Times: user=0.06 sys=0.00, real=0.03 secs] 
32466.896: [GC concurrent-cleanup-start]
32466.897: [GC concurrent-cleanup-end, 0.0006510 secs]
32469.479: [GC pause (young)
Desired survivor size 67108864 bytes, new threshold 16 (max 32)
- age   1:   23328624 bytes,   23328624 total
- age   2:   42753752 bytes,   66082376 total
, 0.4987390 secs]
   [Parallel Time: 486.2 ms, GC Workers: 2]
      [GC Worker Start (ms): Min: 32469481.1, Avg: 32469481.1, Max: 32469481.1, Diff: 0.0]
      [Ext Root Scanning (ms): Min: 71.6, Avg: 82.8, Max: 94.0, Diff: 22.4, Sum: 165.6]
      [Update RS (ms): Min: 55.0, Avg: 69.9, Max: 84.7, Diff: 29.7, Sum: 139.7]
         [Processed Buffers: Min: 107, Avg: 165.0, Max: 223, Diff: 116, Sum: 330]
      [Scan RS (ms): Min: 83.4, Avg: 83.5, Max: 83.6, Diff: 0.2, Sum: 167.0]
      [Object Copy (ms): Min: 246.2, Avg: 249.8, Max: 253.4, Diff: 7.2, Sum: 499.6]
      [Termination (ms): Min: 0.0, Avg: 0.0, Max: 0.0, Diff: 0.0, Sum: 0.0]
      [GC Worker Other (ms): Min: 0.1, Avg: 0.1, Max: 0.2, Diff: 0.1, Sum: 0.3]
      [GC Worker Total (ms): Min: 486.2, Avg: 486.2, Max: 486.2, Diff: 0.0, Sum: 972.3]
      [GC Worker End (ms): Min: 32469967.3, Avg: 32469967.3, Max: 32469967.3, Diff: 0.0]
   [Code Root Fixup: 0.0 ms]
   [Clear CT: 1.2 ms]
   [Other: 11.3 ms]
      [Choose CSet: 0.0 ms]
      [Ref Proc: 3.0 ms]
      [Ref Enq: 0.0 ms]
      [Free CSet: 5.3 ms]
   [Eden: 959.0M(959.0M)->0.0B(921.0M) Survivors: 65.0M->103.0M Heap: 2128.5M(3072.0M)->1208.0M(3072.0M)]
 [Times: user=0.98 sys=0.00, real=0.50 secs] 
32475.126: [GC pause (mixed)
Desired survivor size 67108864 bytes, new threshold 3 (max 32)
- age   1:   49311936 bytes,   49311936 total
- age   2:   17764432 bytes,   67076368 total
- age   3:   37965824 bytes,  105042192 total
, 0.6396920 secs]
   [Parallel Time: 626.6 ms, GC Workers: 2]
      [GC Worker Start (ms): Min: 32475127.8, Avg: 32475128.7, Max: 32475129.5, Diff: 1.7]
      [Ext Root Scanning (ms): Min: 80.5, Avg: 87.3, Max: 94.1, Diff: 13.6, Sum: 174.6]
      [Update RS (ms): Min: 51.4, Avg: 58.6, Max: 65.8, Diff: 14.5, Sum: 117.2]
         [Processed Buffers: Min: 79, Avg: 133.0, Max: 187, Diff: 108, Sum: 266]
      [Scan RS (ms): Min: 121.3, Avg: 121.3, Max: 121.4, Diff: 0.2, Sum: 242.7]
      [Object Copy (ms): Min: 357.0, Avg: 358.3, Max: 359.5, Diff: 2.4, Sum: 716.5]
      [Termination (ms): Min: 0.0, Avg: 0.0, Max: 0.0, Diff: 0.0, Sum: 0.0]
      [GC Worker Other (ms): Min: 0.1, Avg: 0.1, Max: 0.1, Diff: 0.0, Sum: 0.2]
      [GC Worker Total (ms): Min: 624.7, Avg: 625.6, Max: 626.5, Diff: 1.7, Sum: 1251.2]
      [GC Worker End (ms): Min: 32475754.3, Avg: 32475754.3, Max: 32475754.3, Diff: 0.0]
   [Code Root Fixup: 0.0 ms]
   [Clear CT: 0.8 ms]
   [Other: 12.3 ms]
      [Choose CSet: 0.5 ms]
      [Ref Proc: 2.8 ms]
      [Ref Enq: 0.0 ms]
      [Free CSet: 5.9 ms]
   [Eden: 921.0M(921.0M)->0.0B(907.0M) Survivors: 103.0M->117.0M Heap: 2181.2M(3072.0M)->1234.2M(3072.0M)]
 [Times: user=1.26 sys=0.00, real=0.64 secs] 
32480.826: [GC pause (mixed)
Desired survivor size 67108864 bytes, new threshold 2 (max 32)
- age   1:   63294640 bytes,   63294640 total
- age   2:   41088792 bytes,  104383432 total
- age   3:   15902920 bytes,  120286352 total
, 0.7376700 secs]
   [Parallel Time: 722.6 ms, GC Workers: 2]
      [GC Worker Start (ms): Min: 32480828.7, Avg: 32480828.7, Max: 32480828.7, Diff: 0.0]
      [Ext Root Scanning (ms): Min: 72.9, Avg: 82.7, Max: 92.4, Diff: 19.4, Sum: 165.3]
      [Update RS (ms): Min: 46.1, Avg: 58.4, Max: 70.8, Diff: 24.7, Sum: 116.9]
         [Processed Buffers: Min: 131, Avg: 137.5, Max: 144, Diff: 13, Sum: 275]
      [Scan RS (ms): Min: 138.4, Avg: 138.5, Max: 138.7, Diff: 0.2, Sum: 277.1]
      [Object Copy (ms): Min: 440.3, Avg: 442.8, Max: 445.3, Diff: 5.1, Sum: 885.6]
      [Termination (ms): Min: 0.0, Avg: 0.0, Max: 0.0, Diff: 0.0, Sum: 0.0]
      [GC Worker Other (ms): Min: 0.1, Avg: 0.1, Max: 0.1, Diff: 0.0, Sum: 0.2]
      [GC Worker Total (ms): Min: 722.5, Avg: 722.5, Max: 722.6, Diff: 0.0, Sum: 1445.1]
      [GC Worker End (ms): Min: 32481551.2, Avg: 32481551.2, Max: 32481551.2, Diff: 0.0]
   [Code Root Fixup: 0.0 ms]
   [Clear CT: 0.9 ms]
   [Other: 14.2 ms]
      [Choose CSet: 1.0 ms]
      [Ref Proc: 2.6 ms]
      [Ref Enq: 0.0 ms]
      [Free CSet: 7.1 ms]
   [Eden: 907.0M(907.0M)->0.0B(904.0M) Survivors: 117.0M->120.0M Heap: 2148.7M(3072.0M)->1227.7M(3072.0M)]
 [Times: user=1.46 sys=0.00, real=0.74 secs] 
32487.594: [GC pause (mixed)
Desired survivor size 67108864 bytes, new threshold 1 (max 32)
- age   1:   81210416 bytes,   81210416 total
- age   2:   43067800 bytes,  124278216 total
, 0.6029180 secs]
   [Parallel Time: 587.8 ms, GC Workers: 2]
      [GC Worker Start (ms): Min: 32487596.6, Avg: 32487596.6, Max: 32487596.7, Diff: 0.0]
      [Ext Root Scanning (ms): Min: 73.8, Avg: 82.4, Max: 90.9, Diff: 17.0, Sum: 164.7]
      [Update RS (ms): Min: 27.7, Avg: 39.0, Max: 50.4, Diff: 22.7, Sum: 78.0]
         [Processed Buffers: Min: 121, Avg: 133.0, Max: 145, Diff: 24, Sum: 266]
      [Scan RS (ms): Min: 131.4, Avg: 131.5, Max: 131.5, Diff: 0.1, Sum: 262.9]
      [Object Copy (ms): Min: 331.9, Avg: 334.7, Max: 337.6, Diff: 5.7, Sum: 669.5]
      [Termination (ms): Min: 0.0, Avg: 0.0, Max: 0.0, Diff: 0.0, Sum: 0.0]
      [GC Worker Other (ms): Min: 0.1, Avg: 0.1, Max: 0.1, Diff: 0.0, Sum: 0.3]
      [GC Worker Total (ms): Min: 587.7, Avg: 587.7, Max: 587.7, Diff: 0.0, Sum: 1175.4]
      [GC Worker End (ms): Min: 32488184.3, Avg: 32488184.3, Max: 32488184.3, Diff: 0.0]
   [Code Root Fixup: 0.0 ms]
   [Clear CT: 1.0 ms]
   [Other: 14.2 ms]
      [Choose CSet: 0.3 ms]
      [Ref Proc: 3.5 ms]
      [Ref Enq: 0.1 ms]
      [Free CSet: 6.4 ms]
   [Eden: 904.0M(904.0M)->0.0B(965.0M) Survivors: 120.0M->59.0M Heap: 2182.6M(3072.0M)->1286.1M(3072.0M)]
 [Times: user=1.18 sys=0.00, real=0.60 secs] 
32492.461: [GC pause (young)
Desired survivor size 67108864 bytes, new threshold 16 (max 32)
- age   1:   59916296 bytes,   59916296 total
, 0.4506500 secs]
   [Parallel Time: 440.2 ms, GC Workers: 2]
      [GC Worker Start (ms): Min: 32492463.1, Avg: 32492463.2, Max: 32492463.2, Diff: 0.0]
      [Ext Root Scanning (ms): Min: 76.4, Avg: 83.9, Max: 91.5, Diff: 15.1, Sum: 167.9]
      [Update RS (ms): Min: 26.8, Avg: 36.6, Max: 46.4, Diff: 19.6, Sum: 73.3]
         [Processed Buffers: Min: 88, Avg: 122.5, Max: 157, Diff: 69, Sum: 245]
      [Scan RS (ms): Min: 85.7, Avg: 85.7, Max: 85.8, Diff: 0.1, Sum: 171.5]
      [Object Copy (ms): Min: 231.5, Avg: 233.6, Max: 235.8, Diff: 4.3, Sum: 467.3]
      [Termination (ms): Min: 0.0, Avg: 0.0, Max: 0.0, Diff: 0.0, Sum: 0.0]
      [GC Worker Other (ms): Min: 0.1, Avg: 0.1, Max: 0.1, Diff: 0.0, Sum: 0.2]
      [GC Worker Total (ms): Min: 440.1, Avg: 440.1, Max: 440.1, Diff: 0.0, Sum: 880.2]
      [GC Worker End (ms): Min: 32492903.2, Avg: 32492903.2, Max: 32492903.2, Diff: 0.0]
   [Code Root Fixup: 0.0 ms]
   [Clear CT: 0.8 ms]
   [Other: 9.6 ms]
      [Choose CSet: 0.0 ms]
      [Ref Proc: 1.3 ms]
      [Ref Enq: 0.0 ms]
      [Free CSet: 5.3 ms]
   [Eden: 965.0M(965.0M)->0.0B(935.0M) Survivors: 59.0M->89.0M Heap: 2254.1M(3072.0M)->1318.6M(3072.0M)]
 [Times: user=0.89 sys=0.00, real=0.45 secs] 
32498.322: [GC pause (young)
Desired survivor size 67108864 bytes, new threshold 2 (max 32)
- age   1:   39649904 bytes,   39649904 total
- age   2:   52468224 bytes,   92118128 total
, 0.5369450 secs]
   [Parallel Time: 523.6 ms, GC Workers: 2]
      [GC Worker Start (ms): Min: 32498323.8, Avg: 32498323.9, Max: 32498324.0, Diff: 0.2]
      [Ext Root Scanning (ms): Min: 74.4, Avg: 82.9, Max: 91.4, Diff: 17.0, Sum: 165.7]
      [Update RS (ms): Min: 30.9, Avg: 42.1, Max: 53.3, Diff: 22.4, Sum: 84.2]
         [Processed Buffers: Min: 126, Avg: 157.0, Max: 188, Diff: 62, Sum: 314]
      [Scan RS (ms): Min: 101.7, Avg: 101.8, Max: 101.8, Diff: 0.1, Sum: 203.6]
      [Object Copy (ms): Min: 293.8, Avg: 296.6, Max: 299.3, Diff: 5.5, Sum: 593.1]
      [Termination (ms): Min: 0.0, Avg: 0.0, Max: 0.0, Diff: 0.0, Sum: 0.0]
      [GC Worker Other (ms): Min: 0.1, Avg: 0.1, Max: 0.1, Diff: 0.0, Sum: 0.2]
      [GC Worker Total (ms): Min: 523.3, Avg: 523.4, Max: 523.5, Diff: 0.2, Sum: 1046.9]
      [GC Worker End (ms): Min: 32498847.3, Avg: 32498847.3, Max: 32498847.3, Diff: 0.0]
   [Code Root Fixup: 0.0 ms]
   [Clear CT: 0.7 ms]
   [Other: 12.6 ms]
      [Choose CSet: 0.0 ms]
      [Ref Proc: 4.2 ms]
      [Ref Enq: 0.1 ms]
      [Free CSet: 5.3 ms]
   [Eden: 935.0M(935.0M)->0.0B(945.0M) Survivors: 89.0M->79.0M Heap: 2285.3M(3072.0M)->1389.3M(3072.0M)]
 [Times: user=1.05 sys=0.00, real=0.54 secs] 
32498.949: [GC pause (young) (initial-mark)
Desired survivor size 67108864 bytes, new threshold 2 (max 32)
- age   1:   42118320 bytes,   42118320 total
- age   2:   37666960 bytes,   79785280 total
, 0.4988170 secs]
   [Parallel Time: 495.4 ms, GC Workers: 2]
      [GC Worker Start (ms): Min: 32498949.8, Avg: 32498949.8, Max: 32498949.9, Diff: 0.1]
      [Ext Root Scanning (ms): Min: 66.8, Avg: 85.6, Max: 104.5, Diff: 37.7, Sum: 171.3]
      [Update RS (ms): Min: 191.7, Avg: 209.3, Max: 226.8, Diff: 35.2, Sum: 418.5]
         [Processed Buffers: Min: 258, Avg: 281.0, Max: 304, Diff: 46, Sum: 562]
      [Scan RS (ms): Min: 5.4, Avg: 5.5, Max: 5.5, Diff: 0.1, Sum: 10.9]
      [Object Copy (ms): Min: 193.6, Avg: 194.8, Max: 196.0, Diff: 2.4, Sum: 389.6]
      [Termination (ms): Min: 0.0, Avg: 0.0, Max: 0.0, Diff: 0.0, Sum: 0.0]
      [GC Worker Other (ms): Min: 0.1, Avg: 0.1, Max: 0.1, Diff: 0.1, Sum: 0.2]
      [GC Worker Total (ms): Min: 495.2, Avg: 495.3, Max: 495.3, Diff: 0.1, Sum: 990.6]
      [GC Worker End (ms): Min: 32499445.1, Avg: 32499445.1, Max: 32499445.1, Diff: 0.0]
   [Code Root Fixup: 0.0 ms]
   [Clear CT: 0.3 ms]
   [Other: 3.1 ms]
      [Choose CSet: 0.0 ms]
      [Ref Proc: 0.5 ms]
      [Ref Enq: 0.0 ms]
      [Free CSet: 0.3 ms]
   [Eden: 13.0M(945.0M)->0.0B(985.0M) Survivors: 79.0M->39.0M Heap: 1401.8M(3072.0M)->1386.8M(3072.0M)]
 [Times: user=0.99 sys=0.01, real=0.50 secs] 
32499.448: [GC concurrent-root-region-scan-start]
32499.631: [GC concurrent-root-region-scan-end, 0.1824960 secs]
32499.631: [GC concurrent-mark-start]
32503.040: [GC concurrent-mark-end, 3.4089540 secs]
32503.043: [GC remark 32503.045: [GC ref-proc, 0.5148570 secs], 0.5929440 secs]
 [Times: user=0.59 sys=0.00, real=0.60 secs] 
32503.640: [GC cleanup 2010M->1850M(3072M), 0.0306040 secs]
 [Times: user=0.06 sys=0.00, real=0.03 secs] 
32503.672: [GC concurrent-cleanup-start]
32503.672: [GC concurrent-cleanup-end, 0.0004090 secs]
32505.946: [GC pause (young)
Desired survivor size 67108864 bytes, new threshold 16 (max 32)
- age   1:    1475504 bytes,    1475504 total
- age   2:   38429864 bytes,   39905368 total
, 0.4316520 secs]
   [Parallel Time: 418.7 ms, GC Workers: 2]
      [GC Worker Start (ms): Min: 32505948.7, Avg: 32505948.7, Max: 32505948.7, Diff: 0.0]
      [Ext Root Scanning (ms): Min: 74.5, Avg: 83.7, Max: 93.0, Diff: 18.4, Sum: 167.5]
      [Update RS (ms): Min: 41.6, Avg: 53.6, Max: 65.7, Diff: 24.1, Sum: 107.3]
         [Processed Buffers: Min: 85, Avg: 149.5, Max: 214, Diff: 129, Sum: 299]
      [Scan RS (ms): Min: 71.6, Avg: 71.7, Max: 71.8, Diff: 0.2, Sum: 143.4]
      [Object Copy (ms): Min: 206.6, Avg: 209.4, Max: 212.2, Diff: 5.5, Sum: 418.8]
      [Termination (ms): Min: 0.0, Avg: 0.0, Max: 0.0, Diff: 0.0, Sum: 0.0]
      [GC Worker Other (ms): Min: 0.1, Avg: 0.1, Max: 0.2, Diff: 0.0, Sum: 0.3]
      [GC Worker Total (ms): Min: 418.6, Avg: 418.6, Max: 418.6, Diff: 0.1, Sum: 837.2]
      [GC Worker End (ms): Min: 32506367.3, Avg: 32506367.3, Max: 32506367.3, Diff: 0.0]
   [Code Root Fixup: 0.0 ms]
   [Clear CT: 0.7 ms]
   [Other: 12.2 ms]
      [Choose CSet: 0.0 ms]
      [Ref Proc: 4.0 ms]
      [Ref Enq: 0.1 ms]
      [Free CSet: 5.1 ms]
   [Eden: 985.0M(985.0M)->0.0B(939.0M) Survivors: 39.0M->85.0M Heap: 2253.9M(3072.0M)->1314.9M(3072.0M)]
 [Times: user=0.85 sys=0.00, real=0.44 secs] 
32513.859: [GC pause (mixed)
Desired survivor size 67108864 bytes, new threshold 3 (max 32)
- age   1:   52341904 bytes,   52341904 total
- age   2:     444016 bytes,   52785920 total
- age   3:   33665704 bytes,   86451624 total
, 0.4040260 secs]
   [Parallel Time: 386.9 ms, GC Workers: 2]
      [GC Worker Start (ms): Min: 32513861.5, Avg: 32513861.5, Max: 32513861.5, Diff: 0.0]
      [Ext Root Scanning (ms): Min: 73.8, Avg: 82.5, Max: 91.3, Diff: 17.5, Sum: 165.1]
      [Update RS (ms): Min: 15.8, Avg: 27.8, Max: 39.8, Diff: 24.0, Sum: 55.6]
         [Processed Buffers: Min: 96, Avg: 154.0, Max: 212, Diff: 116, Sum: 308]
      [Scan RS (ms): Min: 78.7, Avg: 78.8, Max: 78.8, Diff: 0.1, Sum: 157.6]
      [Object Copy (ms): Min: 194.3, Avg: 197.6, Max: 200.9, Diff: 6.6, Sum: 395.1]
      [Termination (ms): Min: 0.0, Avg: 0.0, Max: 0.0, Diff: 0.0, Sum: 0.0]
      [GC Worker Other (ms): Min: 0.1, Avg: 0.1, Max: 0.1, Diff: 0.0, Sum: 0.2]
      [GC Worker Total (ms): Min: 386.8, Avg: 386.8, Max: 386.8, Diff: 0.0, Sum: 773.6]
      [GC Worker End (ms): Min: 32514248.2, Avg: 32514248.2, Max: 32514248.3, Diff: 0.0]
   [Code Root Fixup: 0.0 ms]
   [Clear CT: 0.9 ms]
   [Other: 16.2 ms]
      [Choose CSet: 0.8 ms]
      [Ref Proc: 6.9 ms]
      [Ref Enq: 0.1 ms]
      [Free CSet: 5.9 ms]
   [Eden: 939.0M(939.0M)->0.0B(949.0M) Survivors: 85.0M->75.0M Heap: 2307.1M(3072.0M)->1307.6M(3072.0M)]
 [Times: user=0.79 sys=0.00, real=0.40 secs] 
32515.630: [GC pause (mixed)
Desired survivor size 67108864 bytes, new threshold 2 (max 32)
- age   1:   45624672 bytes,   45624672 total
- age   2:   29219144 bytes,   74843816 total
- age   3:     310160 bytes,   75153976 total
, 0.4064910 secs]
   [Parallel Time: 398.9 ms, GC Workers: 2]
      [GC Worker Start (ms): Min: 32515632.3, Avg: 32515632.3, Max: 32515632.3, Diff: 0.0]
      [Ext Root Scanning (ms): Min: 73.4, Avg: 82.7, Max: 92.0, Diff: 18.6, Sum: 165.4]
      [Update RS (ms): Min: 79.9, Avg: 91.7, Max: 103.6, Diff: 23.7, Sum: 183.4]
         [Processed Buffers: Min: 107, Avg: 212.0, Max: 317, Diff: 210, Sum: 424]
      [Scan RS (ms): Min: 80.2, Avg: 80.4, Max: 80.6, Diff: 0.4, Sum: 160.8]
      [Object Copy (ms): Min: 141.0, Avg: 143.8, Max: 146.5, Diff: 5.5, Sum: 287.5]
      [Termination (ms): Min: 0.0, Avg: 0.0, Max: 0.0, Diff: 0.0, Sum: 0.0]
      [GC Worker Other (ms): Min: 0.1, Avg: 0.1, Max: 0.1, Diff: 0.0, Sum: 0.3]
      [GC Worker Total (ms): Min: 398.7, Avg: 398.7, Max: 398.7, Diff: 0.0, Sum: 797.4]
      [GC Worker End (ms): Min: 32516031.0, Avg: 32516031.0, Max: 32516031.0, Diff: 0.0]
   [Code Root Fixup: 0.0 ms]
   [Clear CT: 0.9 ms]
   [Other: 6.7 ms]
      [Choose CSet: 1.2 ms]
      [Ref Proc: 1.2 ms]
      [Ref Enq: 0.0 ms]
      [Free CSet: 2.4 ms]
   [Eden: 163.0M(949.0M)->0.0B(984.0M) Survivors: 75.0M->40.0M Heap: 1570.8M(3072.0M)->1339.8M(3072.0M)]
 [Times: user=0.80 sys=0.00, real=0.40 secs] 
32516.042: [GC pause (young) (initial-mark)
Desired survivor size 67108864 bytes, new threshold 16 (max 32)
- age   1:    2522448 bytes,    2522448 total
- age   2:   37701864 bytes,   40224312 total
, 0.3983190 secs]
   [Parallel Time: 396.0 ms, GC Workers: 2]
      [GC Worker Start (ms): Min: 32516043.4, Avg: 32516043.4, Max: 32516043.4, Diff: 0.1]
      [Ext Root Scanning (ms): Min: 65.8, Avg: 84.6, Max: 103.5, Diff: 37.7, Sum: 169.2]
      [Update RS (ms): Min: 181.4, Avg: 198.4, Max: 215.4, Diff: 34.0, Sum: 396.8]
         [Processed Buffers: Min: 328, Avg: 334.5, Max: 341, Diff: 13, Sum: 669]
      [Scan RS (ms): Min: 0.0, Avg: 0.0, Max: 0.0, Diff: 0.0, Sum: 0.1]
      [Object Copy (ms): Min: 110.7, Avg: 112.5, Max: 114.3, Diff: 3.6, Sum: 225.1]
      [Termination (ms): Min: 0.2, Avg: 0.2, Max: 0.2, Diff: 0.0, Sum: 0.3]
      [GC Worker Other (ms): Min: 0.0, Avg: 0.1, Max: 0.1, Diff: 0.1, Sum: 0.1]
      [GC Worker Total (ms): Min: 395.8, Avg: 395.8, Max: 395.9, Diff: 0.1, Sum: 791.7]
      [GC Worker End (ms): Min: 32516439.2, Avg: 32516439.2, Max: 32516439.3, Diff: 0.0]
   [Code Root Fixup: 0.0 ms]
   [Clear CT: 0.1 ms]
   [Other: 2.2 ms]
      [Choose CSet: 0.0 ms]
      [Ref Proc: 0.4 ms]
      [Ref Enq: 0.0 ms]
      [Free CSet: 0.2 ms]
   [Eden: 1024.0K(984.0M)->0.0B(985.0M) Survivors: 40.0M->39.0M Heap: 1348.3M(3072.0M)->1347.3M(3072.0M)]
 [Times: user=0.79 sys=0.00, real=0.40 secs] 
32516.441: [GC concurrent-root-region-scan-start]
32516.711: [GC concurrent-root-region-scan-end, 0.2703380 secs]
32516.711: [GC concurrent-mark-start]
32519.672: [GC concurrent-mark-end, 2.9609430 secs]
32519.676: [GC remark 32519.677: [GC ref-proc, 0.0344070 secs], 0.1128880 secs]
 [Times: user=0.12 sys=0.00, real=0.11 secs] 
32519.791: [GC cleanup 1781M->1615M(3072M), 0.0298940 secs]
 [Times: user=0.06 sys=0.00, real=0.03 secs] 
32519.822: [GC concurrent-cleanup-start]
32519.822: [GC concurrent-cleanup-end, 0.0004270 secs]
32522.531: [GC pause (young)
Desired survivor size 67108864 bytes, new threshold 16 (max 32)
- age   1:        800 bytes,        800 total
- age   2:    2417824 bytes,    2418624 total
- age   3:   37703176 bytes,   40121800 total
, 0.6237210 secs]
   [Parallel Time: 611.5 ms, GC Workers: 2]
      [GC Worker Start (ms): Min: 32522531.9, Avg: 32522532.0, Max: 32522532.0, Diff: 0.0]
      [Ext Root Scanning (ms): Min: 73.7, Avg: 83.7, Max: 93.8, Diff: 20.1, Sum: 167.4]
      [Update RS (ms): Min: 14.0, Avg: 27.0, Max: 39.9, Diff: 25.9, Sum: 53.9]
         [Processed Buffers: Min: 140, Avg: 140.0, Max: 140, Diff: 0, Sum: 280]
      [Scan RS (ms): Min: 61.4, Avg: 61.6, Max: 61.8, Diff: 0.4, Sum: 123.3]
      [Object Copy (ms): Min: 435.8, Avg: 438.9, Max: 442.1, Diff: 6.3, Sum: 877.9]
      [Termination (ms): Min: 0.0, Avg: 0.0, Max: 0.0, Diff: 0.0, Sum: 0.0]
      [GC Worker Other (ms): Min: 0.1, Avg: 0.1, Max: 0.1, Diff: 0.0, Sum: 0.2]
      [GC Worker Total (ms): Min: 611.3, Avg: 611.4, Max: 611.4, Diff: 0.0, Sum: 1222.7]
      [GC Worker End (ms): Min: 32523143.3, Avg: 32523143.3, Max: 32523143.3, Diff: 0.0]
   [Code Root Fixup: 0.0 ms]
   [Clear CT: 0.7 ms]
   [Other: 11.5 ms]
      [Choose CSet: 0.0 ms]
      [Ref Proc: 6.1 ms]
      [Ref Enq: 0.1 ms]
      [Free CSet: 3.2 ms]
   [Eden: 985.0M(985.0M)->0.0B(896.0M) Survivors: 39.0M->128.0M Heap: 2195.9M(3072.0M)->1350.9M(3072.0M)]
 [Times: user=1.23 sys=0.00, real=0.62 secs] 
32528.188: [GC pause (mixed)
Desired survivor size 67108864 bytes, new threshold 1 (max 32)
- age   1:  158249832 bytes,  158249832 total
- age   3:    1485192 bytes,  159735024 total
- age   4:   22691864 bytes,  182426888 total
, 0.5721090 secs]
   [Parallel Time: 557.5 ms, GC Workers: 2]
      [GC Worker Start (ms): Min: 32528189.5, Avg: 32528189.5, Max: 32528189.5, Diff: 0.0]
      [Ext Root Scanning (ms): Min: 75.4, Avg: 85.6, Max: 95.8, Diff: 20.5, Sum: 171.2]
      [Update RS (ms): Min: 12.8, Avg: 26.4, Max: 40.1, Diff: 27.3, Sum: 52.9]
         [Processed Buffers: Min: 113, Avg: 150.5, Max: 188, Diff: 75, Sum: 301]
      [Scan RS (ms): Min: 134.5, Avg: 134.6, Max: 134.8, Diff: 0.3, Sum: 269.3]
      [Object Copy (ms): Min: 307.3, Avg: 310.5, Max: 313.8, Diff: 6.5, Sum: 621.1]
      [Termination (ms): Min: 0.0, Avg: 0.0, Max: 0.0, Diff: 0.0, Sum: 0.0]
      [GC Worker Other (ms): Min: 0.1, Avg: 0.1, Max: 0.1, Diff: 0.0, Sum: 0.2]
      [GC Worker Total (ms): Min: 557.3, Avg: 557.3, Max: 557.3, Diff: 0.0, Sum: 1114.6]
      [GC Worker End (ms): Min: 32528746.8, Avg: 32528746.9, Max: 32528746.9, Diff: 0.0]
   [Code Root Fixup: 0.0 ms]
   [Clear CT: 1.0 ms]
   [Other: 13.7 ms]
      [Choose CSet: 1.1 ms]
      [Ref Proc: 4.1 ms]
      [Ref Enq: 0.1 ms]
      [Free CSet: 4.8 ms]
   [Eden: 896.0M(896.0M)->0.0B(972.0M) Survivors: 128.0M->52.0M Heap: 2247.9M(3072.0M)->1296.9M(3072.0M)]
 [Times: user=1.12 sys=0.01, real=0.57 secs] 
32534.045: [GC pause (mixed)
Desired survivor size 67108864 bytes, new threshold 16 (max 32)
- age   1:   51573152 bytes,   51573152 total
, 0.3599100 secs]
   [Parallel Time: 340.3 ms, GC Workers: 2]
      [GC Worker Start (ms): Min: 32534047.0, Avg: 32534047.0, Max: 32534047.0, Diff: 0.0]
      [Ext Root Scanning (ms): Min: 72.8, Avg: 81.5, Max: 90.2, Diff: 17.4, Sum: 162.9]
      [Update RS (ms): Min: 15.3, Avg: 27.3, Max: 39.3, Diff: 24.0, Sum: 54.7]
         [Processed Buffers: Min: 126, Avg: 153.5, Max: 181, Diff: 55, Sum: 307]
      [Scan RS (ms): Min: 75.1, Avg: 75.2, Max: 75.3, Diff: 0.2, Sum: 150.4]
      [Object Copy (ms): Min: 152.8, Avg: 156.0, Max: 159.2, Diff: 6.4, Sum: 312.0]
      [Termination (ms): Min: 0.0, Avg: 0.0, Max: 0.0, Diff: 0.0, Sum: 0.0]
      [GC Worker Other (ms): Min: 0.1, Avg: 0.1, Max: 0.2, Diff: 0.0, Sum: 0.3]
      [GC Worker Total (ms): Min: 340.1, Avg: 340.1, Max: 340.2, Diff: 0.1, Sum: 680.3]
      [GC Worker End (ms): Min: 32534387.1, Avg: 32534387.1, Max: 32534387.1, Diff: 0.0]
   [Code Root Fixup: 0.0 ms]
   [Clear CT: 1.3 ms]
   [Other: 18.3 ms]
      [Choose CSet: 1.1 ms]
      [Ref Proc: 11.4 ms]
      [Ref Enq: 0.2 ms]
      [Free CSet: 3.6 ms]
   [Eden: 972.0M(972.0M)->0.0B(953.0M) Survivors: 52.0M->71.0M Heap: 2311.4M(3072.0M)->1316.4M(3072.0M)]
 [Times: user=0.70 sys=0.01, real=0.36 secs] 
32540.928: [GC pause (young)
Desired survivor size 67108864 bytes, new threshold 2 (max 32)
- age   1:   25006728 bytes,   25006728 total
- age   2:   43714880 bytes,   68721608 total
, 0.3070520 secs]
   [Parallel Time: 280.4 ms, GC Workers: 2]
      [GC Worker Start (ms): Min: 32540928.7, Avg: 32540928.7, Max: 32540928.7, Diff: 0.0]
      [Ext Root Scanning (ms): Min: 75.0, Avg: 83.9, Max: 92.8, Diff: 17.9, Sum: 167.8]
      [Update RS (ms): Min: 5.9, Avg: 17.4, Max: 29.0, Diff: 23.1, Sum: 34.9]
         [Processed Buffers: Min: 133, Avg: 159.5, Max: 186, Diff: 53, Sum: 319]
      [Scan RS (ms): Min: 27.4, Avg: 27.4, Max: 27.5, Diff: 0.1, Sum: 54.9]
      [Object Copy (ms): Min: 148.8, Avg: 151.4, Max: 154.1, Diff: 5.3, Sum: 302.8]
      [Termination (ms): Min: 0.0, Avg: 0.0, Max: 0.0, Diff: 0.0, Sum: 0.0]
      [GC Worker Other (ms): Min: 0.1, Avg: 0.1, Max: 0.1, Diff: 0.0, Sum: 0.2]
      [GC Worker Total (ms): Min: 280.3, Avg: 280.3, Max: 280.3, Diff: 0.0, Sum: 560.6]
      [GC Worker End (ms): Min: 32541209.0, Avg: 32541209.0, Max: 32541209.0, Diff: 0.0]
   [Code Root Fixup: 0.0 ms]
   [Clear CT: 0.8 ms]
   [Other: 25.8 ms]
      [Choose CSet: 0.0 ms]
      [Ref Proc: 21.0 ms]
      [Ref Enq: 0.2 ms]
      [Free CSet: 2.5 ms]
   [Eden: 953.0M(953.0M)->0.0B(974.0M) Survivors: 71.0M->50.0M Heap: 2275.9M(3072.0M)->1340.9M(3072.0M)]
 [Times: user=0.59 sys=0.00, real=0.31 secs] 
32543.913: [GC pause (young)
Desired survivor size 67108864 bytes, new threshold 16 (max 32)
- age   1:   28400160 bytes,   28400160 total
- age   2:   15592040 bytes,   43992200 total
, 0.1982540 secs]
   [Parallel Time: 191.6 ms, GC Workers: 2]
      [GC Worker Start (ms): Min: 32543913.4, Avg: 32543913.4, Max: 32543913.4, Diff: 0.0]
      [Ext Root Scanning (ms): Min: 75.6, Avg: 82.5, Max: 89.5, Diff: 13.9, Sum: 165.0]
      [Update RS (ms): Min: 3.0, Avg: 12.2, Max: 21.3, Diff: 18.3, Sum: 24.3]
         [Processed Buffers: Min: 142, Avg: 147.5, Max: 153, Diff: 11, Sum: 295]
      [Scan RS (ms): Min: 13.8, Avg: 13.8, Max: 13.9, Diff: 0.1, Sum: 27.7]
      [Object Copy (ms): Min: 80.7, Avg: 82.8, Max: 85.0, Diff: 4.4, Sum: 165.7]
      [Termination (ms): Min: 0.0, Avg: 0.0, Max: 0.0, Diff: 0.0, Sum: 0.0]
      [GC Worker Other (ms): Min: 0.1, Avg: 0.1, Max: 0.1, Diff: 0.0, Sum: 0.2]
      [GC Worker Total (ms): Min: 191.5, Avg: 191.5, Max: 191.5, Diff: 0.0, Sum: 383.0]
      [GC Worker End (ms): Min: 32544104.9, Avg: 32544104.9, Max: 32544104.9, Diff: 0.0]
   [Code Root Fixup: 0.0 ms]
   [Clear CT: 0.6 ms]
   [Other: 6.1 ms]
      [Choose CSet: 0.0 ms]
      [Ref Proc: 3.5 ms]
      [Ref Enq: 0.1 ms]
      [Free CSet: 1.4 ms]
   [Eden: 522.0M(974.0M)->0.0B(975.0M) Survivors: 50.0M->49.0M Heap: 1876.9M(3072.0M)->1354.4M(3072.0M)]
 [Times: user=0.39 sys=0.00, real=0.20 secs] 
32546.118: [GC pause (young) (initial-mark)
Desired survivor size 67108864 bytes, new threshold 16 (max 32)
- age   1:   16002568 bytes,   16002568 total
- age   2:   19450672 bytes,   35453240 total
- age   3:   12268960 bytes,   47722200 total
, 0.2406970 secs]
   [Parallel Time: 233.2 ms, GC Workers: 2]
      [GC Worker Start (ms): Min: 32546118.6, Avg: 32546118.6, Max: 32546118.6, Diff: 0.0]
      [Ext Root Scanning (ms): Min: 63.3, Avg: 83.7, Max: 104.2, Diff: 40.8, Sum: 167.5]
      [Update RS (ms): Min: 0.0, Avg: 18.2, Max: 36.3, Diff: 36.3, Sum: 36.3]
         [Processed Buffers: Min: 0, Avg: 145.5, Max: 291, Diff: 291, Sum: 291]
      [Scan RS (ms): Min: 10.4, Avg: 11.9, Max: 13.3, Diff: 2.9, Sum: 23.8]
      [Object Copy (ms): Min: 118.4, Avg: 119.2, Max: 120.0, Diff: 1.7, Sum: 238.4]
      [Termination (ms): Min: 0.0, Avg: 0.0, Max: 0.0, Diff: 0.0, Sum: 0.0]
      [GC Worker Other (ms): Min: 0.1, Avg: 0.1, Max: 0.1, Diff: 0.0, Sum: 0.2]
      [GC Worker Total (ms): Min: 233.1, Avg: 233.1, Max: 233.1, Diff: 0.0, Sum: 466.2]
      [GC Worker End (ms): Min: 32546351.7, Avg: 32546351.7, Max: 32546351.7, Diff: 0.0]
   [Code Root Fixup: 0.0 ms]
   [Clear CT: 0.5 ms]
   [Other: 7.0 ms]
      [Choose CSet: 0.0 ms]
      [Ref Proc: 4.4 ms]
      [Ref Enq: 0.1 ms]
      [Free CSet: 1.1 ms]
   [Eden: 358.0M(975.0M)->0.0B(973.0M) Survivors: 49.0M->51.0M Heap: 1724.9M(3072.0M)->1369.1M(3072.0M)]
 [Times: user=0.47 sys=0.00, real=0.24 secs] 
32546.359: [GC concurrent-root-region-scan-start]
32546.509: [GC concurrent-root-region-scan-end, 0.1504450 secs]
32546.509: [GC concurrent-mark-start]
32548.177: [GC concurrent-mark-end, 1.6672880 secs]
32548.179: [GC remark 32548.180: [GC ref-proc, 0.0356630 secs], 0.1106400 secs]
 [Times: user=0.11 sys=0.00, real=0.11 secs] 
32548.291: [GC cleanup 1749M->1470M(3072M), 0.0267660 secs]
 [Times: user=0.06 sys=0.00, real=0.03 secs] 
32548.319: [GC concurrent-cleanup-start]
32548.319: [GC concurrent-cleanup-end, 0.0005900 secs]
32551.455: [GC pause (young)
Desired survivor size 67108864 bytes, new threshold 16 (max 32)
- age   1:   14497008 bytes,   14497008 total
- age   2:    7907264 bytes,   22404272 total
- age   3:   16980168 bytes,   39384440 total
- age   4:   10166232 bytes,   49550672 total
, 0.2286120 secs]
   [Parallel Time: 210.6 ms, GC Workers: 2]
      [GC Worker Start (ms): Min: 32551455.4, Avg: 32551455.4, Max: 32551455.4, Diff: 0.0]
      [Ext Root Scanning (ms): Min: 71.9, Avg: 81.0, Max: 90.0, Diff: 18.1, Sum: 161.9]
      [Update RS (ms): Min: 11.6, Avg: 23.2, Max: 34.7, Diff: 23.1, Sum: 46.3]
         [Processed Buffers: Min: 138, Avg: 154.5, Max: 171, Diff: 33, Sum: 309]
      [Scan RS (ms): Min: 13.9, Avg: 14.1, Max: 14.3, Diff: 0.4, Sum: 28.2]
      [Object Copy (ms): Min: 89.3, Avg: 92.0, Max: 94.7, Diff: 5.4, Sum: 184.0]
      [Termination (ms): Min: 0.0, Avg: 0.0, Max: 0.0, Diff: 0.0, Sum: 0.0]
      [GC Worker Other (ms): Min: 0.1, Avg: 0.1, Max: 0.1, Diff: 0.0, Sum: 0.2]
      [GC Worker Total (ms): Min: 210.3, Avg: 210.3, Max: 210.4, Diff: 0.0, Sum: 420.7]
      [GC Worker End (ms): Min: 32551665.7, Avg: 32551665.7, Max: 32551665.7, Diff: 0.0]
   [Code Root Fixup: 0.0 ms]
   [Clear CT: 0.7 ms]
   [Other: 17.3 ms]
      [Choose CSet: 0.0 ms]
      [Ref Proc: 14.0 ms]
      [Ref Enq: 0.2 ms]
      [Free CSet: 2.1 ms]
   [Eden: 973.0M(973.0M)->0.0B(969.0M) Survivors: 51.0M->55.0M Heap: 2069.9M(3072.0M)->1101.4M(3072.0M)]
 [Times: user=0.44 sys=0.00, real=0.23 secs] 
32558.262: [GC pause (mixed)
Desired survivor size 67108864 bytes, new threshold 16 (max 32)
- age   1:   22604424 bytes,   22604424 total
- age   2:    5605856 bytes,   28210280 total
- age   3:    5710024 bytes,   33920304 total
- age   4:    8505352 bytes,   42425656 total
- age   5:    8739344 bytes,   51165000 total
, 0.3233970 secs]
   [Parallel Time: 297.3 ms, GC Workers: 2]
      [GC Worker Start (ms): Min: 32558264.3, Avg: 32558264.4, Max: 32558264.4, Diff: 0.0]
      [Ext Root Scanning (ms): Min: 74.6, Avg: 86.1, Max: 97.7, Diff: 23.1, Sum: 172.2]
      [Update RS (ms): Min: 11.6, Avg: 26.5, Max: 41.4, Diff: 29.8, Sum: 53.0]
         [Processed Buffers: Min: 156, Avg: 186.0, Max: 216, Diff: 60, Sum: 372]
      [Scan RS (ms): Min: 53.5, Avg: 53.6, Max: 53.6, Diff: 0.1, Sum: 107.2]
      [Object Copy (ms): Min: 127.4, Avg: 130.8, Max: 134.2, Diff: 6.8, Sum: 261.6]
      [Termination (ms): Min: 0.0, Avg: 0.0, Max: 0.0, Diff: 0.0, Sum: 0.0]
      [GC Worker Other (ms): Min: 0.1, Avg: 0.1, Max: 0.1, Diff: 0.0, Sum: 0.2]
      [GC Worker Total (ms): Min: 297.1, Avg: 297.2, Max: 297.2, Diff: 0.0, Sum: 594.3]
      [GC Worker End (ms): Min: 32558561.5, Avg: 32558561.5, Max: 32558561.5, Diff: 0.0]
   [Code Root Fixup: 0.0 ms]
   [Clear CT: 1.0 ms]
   [Other: 25.1 ms]
      [Choose CSet: 2.0 ms]
      [Ref Proc: 16.5 ms]
      [Ref Enq: 0.2 ms]
      [Free CSet: 5.0 ms]
   [Eden: 969.0M(969.0M)->0.0B(966.0M) Survivors: 55.0M->58.0M Heap: 2082.1M(3072.0M)->813.6M(3072.0M)]
 [Times: user=0.62 sys=0.00, real=0.32 secs] 
32564.775: [GC pause (mixed)
Desired survivor size 67108864 bytes, new threshold 16 (max 32)
- age   1:   21542696 bytes,   21542696 total
- age   2:   13745072 bytes,   35287768 total
- age   3:    3439872 bytes,   38727640 total
- age   4:    3006080 bytes,   41733720 total
- age   5:    6001496 bytes,   47735216 total
- age   6:    6869040 bytes,   54604256 total
, 0.4271610 secs]
   [Parallel Time: 414.7 ms, GC Workers: 2]
      [GC Worker Start (ms): Min: 32564777.1, Avg: 32564777.1, Max: 32564777.1, Diff: 0.0]
      [Ext Root Scanning (ms): Min: 74.6, Avg: 83.1, Max: 91.5, Diff: 16.9, Sum: 166.1]
      [Update RS (ms): Min: 27.0, Avg: 38.1, Max: 49.1, Diff: 22.2, Sum: 76.1]
         [Processed Buffers: Min: 124, Avg: 145.5, Max: 167, Diff: 43, Sum: 291]
      [Scan RS (ms): Min: 43.1, Avg: 43.1, Max: 43.1, Diff: 0.0, Sum: 86.2]
      [Object Copy (ms): Min: 247.6, Avg: 250.2, Max: 252.8, Diff: 5.2, Sum: 500.5]
      [Termination (ms): Min: 0.0, Avg: 0.0, Max: 0.0, Diff: 0.0, Sum: 0.0]
      [GC Worker Other (ms): Min: 0.1, Avg: 0.1, Max: 0.1, Diff: 0.0, Sum: 0.2]
      [GC Worker Total (ms): Min: 414.6, Avg: 414.6, Max: 414.6, Diff: 0.0, Sum: 829.1]
      [GC Worker End (ms): Min: 32565191.7, Avg: 32565191.7, Max: 32565191.7, Diff: 0.0]
   [Code Root Fixup: 0.0 ms]
   [Clear CT: 1.4 ms]
   [Other: 11.1 ms]
      [Choose CSet: 1.3 ms]
      [Ref Proc: 5.1 ms]
      [Ref Enq: 0.1 ms]
      [Free CSet: 3.4 ms]
   [Eden: 966.0M(966.0M)->0.0B(911.0M) Survivors: 58.0M->113.0M Heap: 1784.0M(3072.0M)->794.4M(3072.0M)]
 [Times: user=0.84 sys=0.00, real=0.43 secs] 
32569.093: [GC pause (young)
Desired survivor size 67108864 bytes, new threshold 1 (max 32)
- age   1:   80522640 bytes,   80522640 total
- age   2:   11898848 bytes,   92421488 total
- age   3:    8224440 bytes,  100645928 total
- age   4:    1604224 bytes,  102250152 total
- age   5:    1623792 bytes,  103873944 total
- age   6:    5042840 bytes,  108916784 total
- age   7:    5973464 bytes,  114890248 total
, 0.6058900 secs]
   [Parallel Time: 595.7 ms, GC Workers: 2]
      [GC Worker Start (ms): Min: 32569093.1, Avg: 32569093.1, Max: 32569093.1, Diff: 0.0]
      [Ext Root Scanning (ms): Min: 75.4, Avg: 84.4, Max: 93.4, Diff: 18.0, Sum: 168.8]
      [Update RS (ms): Min: 49.3, Avg: 61.1, Max: 73.0, Diff: 23.6, Sum: 122.3]
         [Processed Buffers: Min: 56, Avg: 112.0, Max: 168, Diff: 112, Sum: 224]
      [Scan RS (ms): Min: 2.5, Avg: 2.6, Max: 2.6, Diff: 0.1, Sum: 5.2]
      [Object Copy (ms): Min: 444.7, Avg: 447.4, Max: 450.2, Diff: 5.5, Sum: 894.9]
      [Termination (ms): Min: 0.0, Avg: 0.0, Max: 0.0, Diff: 0.0, Sum: 0.0]
      [GC Worker Other (ms): Min: 0.1, Avg: 0.1, Max: 0.1, Diff: 0.0, Sum: 0.2]
      [GC Worker Total (ms): Min: 595.6, Avg: 595.7, Max: 595.7, Diff: 0.0, Sum: 1191.3]
      [GC Worker End (ms): Min: 32569688.7, Avg: 32569688.8, Max: 32569688.8, Diff: 0.0]
   [Code Root Fixup: 0.1 ms]
   [Clear CT: 0.7 ms]
   [Other: 9.4 ms]
      [Choose CSet: 0.0 ms]
      [Ref Proc: 5.5 ms]
      [Ref Enq: 0.1 ms]
      [Free CSet: 1.8 ms]
   [Eden: 911.0M(911.0M)->0.0B(922.0M) Survivors: 113.0M->102.0M Heap: 1707.7M(3072.0M)->871.2M(3072.0M)]
 [Times: user=1.20 sys=0.00, real=0.61 secs] 
32573.861: [GC pause (young)
Desired survivor size 67108864 bytes, new threshold 1 (max 32)
- age   1:  102880112 bytes,  102880112 total
, 0.4812420 secs]
   [Parallel Time: 466.9 ms, GC Workers: 2]
      [GC Worker Start (ms): Min: 32573863.2, Avg: 32573863.2, Max: 32573863.2, Diff: 0.0]
      [Ext Root Scanning (ms): Min: 76.0, Avg: 86.2, Max: 96.4, Diff: 20.4, Sum: 172.4]
      [Update RS (ms): Min: 8.0, Avg: 21.1, Max: 34.3, Diff: 26.3, Sum: 42.3]
         [Processed Buffers: Min: 192, Avg: 212.5, Max: 233, Diff: 41, Sum: 425]
      [Scan RS (ms): Min: 74.4, Avg: 74.5, Max: 74.5, Diff: 0.1, Sum: 148.9]
      [Object Copy (ms): Min: 281.8, Avg: 284.8, Max: 287.9, Diff: 6.1, Sum: 569.6]
      [Termination (ms): Min: 0.0, Avg: 0.0, Max: 0.0, Diff: 0.0, Sum: 0.0]
      [GC Worker Other (ms): Min: 0.1, Avg: 0.2, Max: 0.2, Diff: 0.0, Sum: 0.3]
      [GC Worker Total (ms): Min: 466.8, Avg: 466.8, Max: 466.8, Diff: 0.0, Sum: 933.5]
      [GC Worker End (ms): Min: 32574329.9, Avg: 32574330.0, Max: 32574330.0, Diff: 0.0]
   [Code Root Fixup: 0.0 ms]
   [Clear CT: 0.8 ms]
   [Other: 13.6 ms]
      [Choose CSet: 0.0 ms]
      [Ref Proc: 5.1 ms]
      [Ref Enq: 0.1 ms]
      [Free CSet: 4.7 ms]
   [Eden: 922.0M(922.0M)->0.0B(989.0M) Survivors: 102.0M->35.0M Heap: 1825.5M(3072.0M)->931.0M(3072.0M)]
 [Times: user=0.95 sys=0.00, real=0.48 secs] 
32580.568: [GC pause (young)
Desired survivor size 67108864 bytes, new threshold 16 (max 32)
- age   1:   33290408 bytes,   33290408 total
, 0.4008060 secs]
   [Parallel Time: 383.2 ms, GC Workers: 2]
      [GC Worker Start (ms): Min: 32580569.4, Avg: 32580569.4, Max: 32580569.4, Diff: 0.0]
      [Ext Root Scanning (ms): Min: 71.2, Avg: 79.1, Max: 87.0, Diff: 15.8, Sum: 158.2]
      [Update RS (ms): Min: 42.7, Avg: 53.1, Max: 63.5, Diff: 20.9, Sum: 106.2]
         [Processed Buffers: Min: 127, Avg: 163.0, Max: 199, Diff: 72, Sum: 326]
      [Scan RS (ms): Min: 52.0, Avg: 52.1, Max: 52.3, Diff: 0.3, Sum: 104.2]
      [Object Copy (ms): Min: 196.3, Avg: 198.7, Max: 201.1, Diff: 4.7, Sum: 397.4]
      [Termination (ms): Min: 0.0, Avg: 0.0, Max: 0.0, Diff: 0.0, Sum: 0.0]
      [GC Worker Other (ms): Min: 0.1, Avg: 0.1, Max: 0.1, Diff: 0.0, Sum: 0.2]
      [GC Worker Total (ms): Min: 383.1, Avg: 383.1, Max: 383.1, Diff: 0.0, Sum: 766.2]
      [GC Worker End (ms): Min: 32580952.5, Avg: 32580952.5, Max: 32580952.5, Diff: 0.0]
   [Code Root Fixup: 0.0 ms]
   [Clear CT: 0.7 ms]
   [Other: 16.9 ms]
      [Choose CSet: 0.0 ms]
      [Ref Proc: 9.8 ms]
      [Ref Enq: 0.1 ms]
      [Free CSet: 4.8 ms]
   [Eden: 989.0M(989.0M)->0.0B(942.0M) Survivors: 35.0M->82.0M Heap: 1922.0M(3072.0M)->979.5M(3072.0M)]
 [Times: user=0.78 sys=0.00, real=0.40 secs] 
32585.023: [GC pause (young)
Desired survivor size 67108864 bytes, new threshold 2 (max 32)
- age   1:   50224184 bytes,   50224184 total
- age   2:   30235368 bytes,   80459552 total
, 0.4639160 secs]
   [Parallel Time: 453.5 ms, GC Workers: 2]
      [GC Worker Start (ms): Min: 32585024.7, Avg: 32585024.7, Max: 32585024.7, Diff: 0.0]
      [Ext Root Scanning (ms): Min: 74.4, Avg: 84.1, Max: 93.9, Diff: 19.5, Sum: 168.3]
      [Update RS (ms): Min: 45.6, Avg: 58.0, Max: 70.3, Diff: 24.7, Sum: 116.0]
         [Processed Buffers: Min: 61, Avg: 152.5, Max: 244, Diff: 183, Sum: 305]
      [Scan RS (ms): Min: 50.9, Avg: 51.0, Max: 51.1, Diff: 0.2, Sum: 101.9]
      [Object Copy (ms): Min: 257.7, Avg: 260.2, Max: 262.7, Diff: 5.0, Sum: 520.4]
      [Termination (ms): Min: 0.0, Avg: 0.0, Max: 0.0, Diff: 0.0, Sum: 0.0]
      [GC Worker Other (ms): Min: 0.1, Avg: 0.1, Max: 0.1, Diff: 0.0, Sum: 0.2]
      [GC Worker Total (ms): Min: 453.4, Avg: 453.4, Max: 453.4, Diff: 0.0, Sum: 906.8]
      [GC Worker End (ms): Min: 32585478.1, Avg: 32585478.1, Max: 32585478.1, Diff: 0.0]
   [Code Root Fixup: 0.0 ms]
   [Clear CT: 0.7 ms]
   [Other: 9.7 ms]
      [Choose CSet: 0.0 ms]
      [Ref Proc: 3.6 ms]
      [Ref Enq: 0.1 ms]
      [Free CSet: 3.4 ms]
   [Eden: 942.0M(942.0M)->0.0B(931.0M) Survivors: 82.0M->93.0M Heap: 1944.4M(3072.0M)->1041.4M(3072.0M)]
 [Times: user=0.91 sys=0.00, real=0.46 secs] 
32589.903: [GC pause (young)
Desired survivor size 67108864 bytes, new threshold 2 (max 32)
- age   1:   56675552 bytes,   56675552 total
- age   2:   36022296 bytes,   92697848 total
, 0.4565800 secs]
   [Parallel Time: 438.9 ms, GC Workers: 2]
      [GC Worker Start (ms): Min: 32589904.9, Avg: 32589904.9, Max: 32589904.9, Diff: 0.0]
      [Ext Root Scanning (ms): Min: 73.1, Avg: 83.6, Max: 94.0, Diff: 20.9, Sum: 167.2]
      [Update RS (ms): Min: 19.6, Avg: 33.3, Max: 47.1, Diff: 27.5, Sum: 66.7]
         [Processed Buffers: Min: 156, Avg: 181.0, Max: 206, Diff: 50, Sum: 362]
      [Scan RS (ms): Min: 63.8, Avg: 63.9, Max: 64.0, Diff: 0.3, Sum: 127.8]
      [Object Copy (ms): Min: 254.6, Avg: 257.7, Max: 260.9, Diff: 6.3, Sum: 515.5]
      [Termination (ms): Min: 0.0, Avg: 0.0, Max: 0.0, Diff: 0.0, Sum: 0.0]
      [GC Worker Other (ms): Min: 0.1, Avg: 0.1, Max: 0.2, Diff: 0.1, Sum: 0.3]
      [GC Worker Total (ms): Min: 438.6, Avg: 438.7, Max: 438.7, Diff: 0.1, Sum: 877.4]
      [GC Worker End (ms): Min: 32590343.6, Avg: 32590343.6, Max: 32590343.7, Diff: 0.1]
   [Code Root Fixup: 0.0 ms]
   [Clear CT: 0.7 ms]
   [Other: 17.0 ms]
      [Choose CSet: 0.0 ms]
      [Ref Proc: 9.2 ms]
      [Ref Enq: 0.1 ms]
      [Free CSet: 4.8 ms]
   [Eden: 931.0M(931.0M)->0.0B(947.0M) Survivors: 93.0M->77.0M Heap: 2026.8M(3072.0M)->1112.3M(3072.0M)]
 [Times: user=0.89 sys=0.00, real=0.45 secs] 
32595.446: [GC pause (young)
Desired survivor size 67108864 bytes, new threshold 2 (max 32)
- age   1:   49841360 bytes,   49841360 total
- age   2:   26941432 bytes,   76782792 total
, 0.5577830 secs]
   [Parallel Time: 545.9 ms, GC Workers: 2]
      [GC Worker Start (ms): Min: 32595447.5, Avg: 32595447.5, Max: 32595447.6, Diff: 0.0]
      [Ext Root Scanning (ms): Min: 75.4, Avg: 82.0, Max: 88.6, Diff: 13.3, Sum: 164.0]
      [Update RS (ms): Min: 60.0, Avg: 68.6, Max: 77.1, Diff: 17.1, Sum: 137.1]
         [Processed Buffers: Min: 82, Avg: 144.5, Max: 207, Diff: 125, Sum: 289]
      [Scan RS (ms): Min: 57.3, Avg: 57.5, Max: 57.6, Diff: 0.3, Sum: 115.0]
      [Object Copy (ms): Min: 335.6, Avg: 337.6, Max: 339.7, Diff: 4.1, Sum: 675.2]
      [Termination (ms): Min: 0.0, Avg: 0.0, Max: 0.0, Diff: 0.0, Sum: 0.0]
      [GC Worker Other (ms): Min: 0.1, Avg: 0.1, Max: 0.1, Diff: 0.0, Sum: 0.2]
      [GC Worker Total (ms): Min: 545.8, Avg: 545.8, Max: 545.8, Diff: 0.1, Sum: 1091.6]
      [GC Worker End (ms): Min: 32595993.3, Avg: 32595993.3, Max: 32595993.3, Diff: 0.0]
   [Code Root Fixup: 0.0 ms]
   [Clear CT: 1.2 ms]
   [Other: 10.7 ms]
      [Choose CSet: 0.0 ms]
      [Ref Proc: 4.1 ms]
      [Ref Enq: 0.1 ms]
      [Free CSet: 3.9 ms]
   [Eden: 947.0M(947.0M)->0.0B(915.0M) Survivors: 77.0M->109.0M Heap: 2060.3M(3072.0M)->1169.3M(3072.0M)]
 [Times: user=1.09 sys=0.01, real=0.56 secs] 
32601.870: [GC pause (young)
Desired survivor size 67108864 bytes, new threshold 1 (max 32)
- age   1:   71359728 bytes,   71359728 total
- age   2:   41023400 bytes,  112383128 total
, 0.5422860 secs]
   [Parallel Time: 529.0 ms, GC Workers: 2]
      [GC Worker Start (ms): Min: 32601872.0, Avg: 32601872.6, Max: 32601873.3, Diff: 1.3]
      [Ext Root Scanning (ms): Min: 76.5, Avg: 87.2, Max: 97.9, Diff: 21.4, Sum: 174.4]
      [Update RS (ms): Min: 29.2, Avg: 42.3, Max: 55.5, Diff: 26.3, Sum: 84.6]
         [Processed Buffers: Min: 136, Avg: 139.0, Max: 142, Diff: 6, Sum: 278]
      [Scan RS (ms): Min: 79.4, Avg: 79.4, Max: 79.4, Diff: 0.0, Sum: 158.8]
      [Object Copy (ms): Min: 316.1, Avg: 319.2, Max: 322.3, Diff: 6.2, Sum: 638.4]
      [Termination (ms): Min: 0.0, Avg: 0.0, Max: 0.0, Diff: 0.0, Sum: 0.0]
      [GC Worker Other (ms): Min: 0.1, Avg: 0.1, Max: 0.1, Diff: 0.0, Sum: 0.2]
      [GC Worker Total (ms): Min: 527.6, Avg: 528.2, Max: 528.9, Diff: 1.3, Sum: 1056.5]
      [GC Worker End (ms): Min: 32602400.9, Avg: 32602400.9, Max: 32602400.9, Diff: 0.0]
   [Code Root Fixup: 0.0 ms]
   [Clear CT: 0.7 ms]
   [Other: 12.5 ms]
      [Choose CSet: 0.0 ms]
      [Ref Proc: 3.9 ms]
      [Ref Enq: 0.1 ms]
      [Free CSet: 5.2 ms]
   [Eden: 915.0M(915.0M)->0.0B(985.0M) Survivors: 109.0M->39.0M Heap: 2112.0M(3072.0M)->1224.0M(3072.0M)]
 [Times: user=1.07 sys=0.00, real=0.54 secs] 
32608.214: [GC pause (young)
Desired survivor size 67108864 bytes, new threshold 16 (max 32)
- age   1:   39681656 bytes,   39681656 total
, 0.4395730 secs]
   [Parallel Time: 426.9 ms, GC Workers: 2]
      [GC Worker Start (ms): Min: 32608216.7, Avg: 32608216.7, Max: 32608216.7, Diff: 0.0]
      [Ext Root Scanning (ms): Min: 75.4, Avg: 84.1, Max: 92.8, Diff: 17.4, Sum: 168.3]
      [Update RS (ms): Min: 44.2, Avg: 56.0, Max: 67.9, Diff: 23.7, Sum: 112.0]
         [Processed Buffers: Min: 67, Avg: 152.5, Max: 238, Diff: 171, Sum: 305]
      [Scan RS (ms): Min: 82.2, Avg: 82.3, Max: 82.3, Diff: 0.1, Sum: 164.5]
      [Object Copy (ms): Min: 200.8, Avg: 203.9, Max: 206.9, Diff: 6.0, Sum: 407.7]
      [Termination (ms): Min: 0.0, Avg: 0.3, Max: 0.6, Diff: 0.6, Sum: 0.6]
      [GC Worker Other (ms): Min: 0.1, Avg: 0.2, Max: 0.3, Diff: 0.2, Sum: 0.4]
      [GC Worker Total (ms): Min: 426.7, Avg: 426.8, Max: 426.8, Diff: 0.0, Sum: 853.5]
      [GC Worker End (ms): Min: 32608643.5, Avg: 32608643.5, Max: 32608643.5, Diff: 0.0]
   [Code Root Fixup: 0.0 ms]
   [Clear CT: 0.7 ms]
   [Other: 12.0 ms]
      [Choose CSet: 0.0 ms]
      [Ref Proc: 3.1 ms]
      [Ref Enq: 0.0 ms]
      [Free CSet: 5.8 ms]
   [Eden: 985.0M(985.0M)->0.0B(946.0M) Survivors: 39.0M->78.0M Heap: 2275.6M(3072.0M)->1329.1M(3072.0M)]
 [Times: user=0.87 sys=0.00, real=0.44 secs] 
32614.103: [GC pause (young)
Desired survivor size 67108864 bytes, new threshold 2 (max 32)
- age   1:   43602272 bytes,   43602272 total
- age   2:   35887536 bytes,   79489808 total
, 0.4914800 secs]
   [Parallel Time: 479.8 ms, GC Workers: 2]
      [GC Worker Start (ms): Min: 32614105.0, Avg: 32614105.0, Max: 32614105.0, Diff: 0.0]
      [Ext Root Scanning (ms): Min: 73.5, Avg: 80.8, Max: 88.0, Diff: 14.4, Sum: 161.5]
      [Update RS (ms): Min: 54.0, Avg: 64.6, Max: 75.1, Diff: 21.1, Sum: 129.2]
         [Processed Buffers: Min: 142, Avg: 145.5, Max: 149, Diff: 7, Sum: 291]
      [Scan RS (ms): Min: 78.7, Avg: 79.5, Max: 80.3, Diff: 1.6, Sum: 159.0]
      [Object Copy (ms): Min: 252.0, Avg: 254.7, Max: 257.3, Diff: 5.3, Sum: 509.3]
      [Termination (ms): Min: 0.0, Avg: 0.0, Max: 0.0, Diff: 0.0, Sum: 0.0]
      [GC Worker Other (ms): Min: 0.1, Avg: 0.2, Max: 0.3, Diff: 0.2, Sum: 0.4]
      [GC Worker Total (ms): Min: 479.7, Avg: 479.7, Max: 479.8, Diff: 0.0, Sum: 959.5]
      [GC Worker End (ms): Min: 32614584.8, Avg: 32614584.8, Max: 32614584.8, Diff: 0.0]
   [Code Root Fixup: 0.0 ms]
   [Clear CT: 1.0 ms]
   [Other: 10.6 ms]
      [Choose CSet: 0.0 ms]
      [Ref Proc: 2.8 ms]
      [Ref Enq: 0.0 ms]
      [Free CSet: 5.0 ms]
   [Eden: 946.0M(946.0M)->0.0B(949.0M) Survivors: 78.0M->75.0M Heap: 2275.1M(3072.0M)->1358.1M(3072.0M)]
 [Times: user=0.97 sys=0.00, real=0.49 secs] 
32616.203: [GC pause (young) (initial-mark)
Desired survivor size 67108864 bytes, new threshold 2 (max 32)
- age   1:   38186240 bytes,   38186240 total
- age   2:   37978912 bytes,   76165152 total
, 0.3922070 secs]
   [Parallel Time: 386.8 ms, GC Workers: 2]
      [GC Worker Start (ms): Min: 32616203.9, Avg: 32616203.9, Max: 32616203.9, Diff: 0.0]
      [Ext Root Scanning (ms): Min: 62.5, Avg: 83.1, Max: 103.7, Diff: 41.2, Sum: 166.2]
      [Update RS (ms): Min: 34.8, Avg: 54.3, Max: 73.8, Diff: 39.0, Sum: 108.6]
         [Processed Buffers: Min: 134, Avg: 150.5, Max: 167, Diff: 33, Sum: 301]
      [Scan RS (ms): Min: 47.3, Avg: 47.3, Max: 47.4, Diff: 0.1, Sum: 94.7]
      [Object Copy (ms): Min: 200.8, Avg: 201.8, Max: 202.8, Diff: 2.1, Sum: 403.6]
      [Termination (ms): Min: 0.0, Avg: 0.0, Max: 0.0, Diff: 0.0, Sum: 0.0]
      [GC Worker Other (ms): Min: 0.1, Avg: 0.1, Max: 0.1, Diff: 0.0, Sum: 0.2]
      [GC Worker Total (ms): Min: 386.6, Avg: 386.6, Max: 386.7, Diff: 0.0, Sum: 773.3]
      [GC Worker End (ms): Min: 32616590.5, Avg: 32616590.6, Max: 32616590.6, Diff: 0.0]
   [Code Root Fixup: 0.0 ms]
   [Clear CT: 0.4 ms]
   [Other: 5.0 ms]
      [Choose CSet: 0.0 ms]
      [Ref Proc: 1.2 ms]
      [Ref Enq: 0.0 ms]
      [Free CSet: 1.4 ms]
   [Eden: 228.0M(949.0M)->0.0B(977.0M) Survivors: 75.0M->47.0M Heap: 1585.5M(3072.0M)->1366.6M(3072.0M)]
 [Times: user=0.77 sys=0.00, real=0.39 secs] 
32616.595: [GC concurrent-root-region-scan-start]
32616.729: [GC concurrent-root-region-scan-end, 0.1339050 secs]
32616.729: [GC concurrent-mark-start]
32619.334: [GC concurrent-mark-end, 2.6047430 secs]
32619.338: [GC remark 32619.339: [GC ref-proc, 0.3162690 secs], 0.3908380 secs]
 [Times: user=0.39 sys=0.00, real=0.39 secs] 
32619.730: [GC cleanup 1817M->1577M(3072M), 0.0264630 secs]
 [Times: user=0.05 sys=0.00, real=0.02 secs] 
32619.757: [GC concurrent-cleanup-start]
32619.758: [GC concurrent-cleanup-end, 0.0006000 secs]
32623.127: [GC pause (young)
Desired survivor size 67108864 bytes, new threshold 16 (max 32)
- age   1:   12063448 bytes,   12063448 total
- age   2:   35512192 bytes,   47575640 total
, 0.4216550 secs]
   [Parallel Time: 409.7 ms, GC Workers: 2]
      [GC Worker Start (ms): Min: 32623129.4, Avg: 32623129.4, Max: 32623129.4, Diff: 0.0]
      [Ext Root Scanning (ms): Min: 76.9, Avg: 84.0, Max: 91.1, Diff: 14.1, Sum: 168.0]
      [Update RS (ms): Min: 40.5, Avg: 51.0, Max: 61.5, Diff: 21.0, Sum: 101.9]
         [Processed Buffers: Min: 122, Avg: 143.0, Max: 164, Diff: 42, Sum: 286]
      [Scan RS (ms): Min: 71.7, Avg: 71.8, Max: 71.9, Diff: 0.2, Sum: 143.6]
      [Object Copy (ms): Min: 199.4, Avg: 202.7, Max: 206.0, Diff: 6.7, Sum: 405.4]
      [Termination (ms): Min: 0.0, Avg: 0.0, Max: 0.0, Diff: 0.0, Sum: 0.0]
      [GC Worker Other (ms): Min: 0.1, Avg: 0.1, Max: 0.1, Diff: 0.0, Sum: 0.2]
      [GC Worker Total (ms): Min: 409.6, Avg: 409.6, Max: 409.6, Diff: 0.0, Sum: 819.2]
      [GC Worker End (ms): Min: 32623538.9, Avg: 32623539.0, Max: 32623539.0, Diff: 0.0]
   [Code Root Fixup: 0.0 ms]
   [Clear CT: 0.7 ms]
   [Other: 11.2 ms]
      [Choose CSet: 0.0 ms]
      [Ref Proc: 3.4 ms]
      [Ref Enq: 0.0 ms]
      [Free CSet: 5.2 ms]
   [Eden: 977.0M(977.0M)->0.0B(945.0M) Survivors: 47.0M->79.0M Heap: 2148.4M(3072.0M)->1203.9M(3072.0M)]
 [Times: user=0.84 sys=0.00, real=0.43 secs] 
32629.693: [GC pause (mixed)
Desired survivor size 67108864 bytes, new threshold 3 (max 32)
- age   1:   41065392 bytes,   41065392 total
- age   2:    8154888 bytes,   49220280 total
- age   3:   32374376 bytes,   81594656 total
, 0.5549170 secs]
   [Parallel Time: 539.4 ms, GC Workers: 2]
      [GC Worker Start (ms): Min: 32629695.4, Avg: 32629695.4, Max: 32629695.4, Diff: 0.0]
      [Ext Root Scanning (ms): Min: 77.6, Avg: 84.1, Max: 90.7, Diff: 13.1, Sum: 168.3]
      [Update RS (ms): Min: 47.2, Avg: 56.7, Max: 66.3, Diff: 19.1, Sum: 113.5]
         [Processed Buffers: Min: 110, Avg: 135.5, Max: 161, Diff: 51, Sum: 271]
      [Scan RS (ms): Min: 106.3, Avg: 106.4, Max: 106.6, Diff: 0.3, Sum: 212.9]
      [Object Copy (ms): Min: 289.0, Avg: 291.8, Max: 294.6, Diff: 5.6, Sum: 583.6]
      [Termination (ms): Min: 0.0, Avg: 0.0, Max: 0.0, Diff: 0.0, Sum: 0.0]
      [GC Worker Other (ms): Min: 0.1, Avg: 0.1, Max: 0.1, Diff: 0.0, Sum: 0.2]
      [GC Worker Total (ms): Min: 539.2, Avg: 539.2, Max: 539.2, Diff: 0.0, Sum: 1078.5]
      [GC Worker End (ms): Min: 32630234.6, Avg: 32630234.6, Max: 32630234.6, Diff: 0.0]
   [Code Root Fixup: 0.0 ms]
   [Clear CT: 0.9 ms]
   [Other: 14.7 ms]
      [Choose CSet: 0.7 ms]
      [Ref Proc: 4.4 ms]
      [Ref Enq: 0.1 ms]
      [Free CSet: 6.8 ms]
   [Eden: 945.0M(945.0M)->0.0B(934.0M) Survivors: 79.0M->90.0M Heap: 2152.9M(3072.0M)->1183.9M(3072.0M)]
 [Times: user=1.09 sys=0.00, real=0.55 secs] 
32634.052: [GC pause (mixed)
Desired survivor size 67108864 bytes, new threshold 2 (max 32)
- age   1:   47569152 bytes,   47569152 total
- age   2:   37304912 bytes,   84874064 total
- age   3:    7090720 bytes,   91964784 total
, 0.4631100 secs]
   [Parallel Time: 450.9 ms, GC Workers: 2]
      [GC Worker Start (ms): Min: 32634054.5, Avg: 32634054.5, Max: 32634054.5, Diff: 0.0]
      [Ext Root Scanning (ms): Min: 74.9, Avg: 83.5, Max: 92.0, Diff: 17.1, Sum: 166.9]
      [Update RS (ms): Min: 2.9, Avg: 14.1, Max: 25.3, Diff: 22.5, Sum: 28.2]
         [Processed Buffers: Min: 66, Avg: 132.0, Max: 198, Diff: 132, Sum: 264]
      [Scan RS (ms): Min: 91.4, Avg: 91.4, Max: 91.4, Diff: 0.0, Sum: 182.8]
      [Object Copy (ms): Min: 259.0, Avg: 261.7, Max: 264.4, Diff: 5.3, Sum: 523.4]
      [Termination (ms): Min: 0.0, Avg: 0.0, Max: 0.0, Diff: 0.0, Sum: 0.0]
      [GC Worker Other (ms): Min: 0.1, Avg: 0.1, Max: 0.2, Diff: 0.1, Sum: 0.3]
      [GC Worker Total (ms): Min: 450.8, Avg: 450.8, Max: 450.8, Diff: 0.0, Sum: 901.7]
      [GC Worker End (ms): Min: 32634505.3, Avg: 32634505.3, Max: 32634505.3, Diff: 0.0]
   [Code Root Fixup: 0.0 ms]
   [Clear CT: 1.0 ms]
   [Other: 11.2 ms]
      [Choose CSet: 0.4 ms]
      [Ref Proc: 1.6 ms]
      [Ref Enq: 0.0 ms]
      [Free CSet: 5.8 ms]
   [Eden: 829.0M(934.0M)->0.0B(951.0M) Survivors: 90.0M->73.0M Heap: 2066.7M(3072.0M)->1240.3M(3072.0M)]
 [Times: user=0.91 sys=0.00, real=0.46 secs] 
32638.101: [GC pause (young)
Desired survivor size 67108864 bytes, new threshold 2 (max 32)
- age   1:   34631576 bytes,   34631576 total
- age   2:   40674112 bytes,   75305688 total
, 0.3616900 secs]
   [Parallel Time: 354.0 ms, GC Workers: 2]
      [GC Worker Start (ms): Min: 32638102.3, Avg: 32638102.3, Max: 32638102.3, Diff: 0.0]
      [Ext Root Scanning (ms): Min: 78.1, Avg: 86.4, Max: 94.6, Diff: 16.5, Sum: 172.8]
      [Update RS (ms): Min: 40.2, Avg: 51.4, Max: 62.5, Diff: 22.3, Sum: 102.7]
         [Processed Buffers: Min: 77, Avg: 141.0, Max: 205, Diff: 128, Sum: 282]
      [Scan RS (ms): Min: 53.0, Avg: 53.1, Max: 53.2, Diff: 0.2, Sum: 106.2]
      [Object Copy (ms): Min: 160.3, Avg: 163.0, Max: 165.7, Diff: 5.5, Sum: 326.0]
      [Termination (ms): Min: 0.0, Avg: 0.0, Max: 0.0, Diff: 0.0, Sum: 0.0]
      [GC Worker Other (ms): Min: 0.1, Avg: 0.1, Max: 0.1, Diff: 0.0, Sum: 0.2]
      [GC Worker Total (ms): Min: 353.9, Avg: 354.0, Max: 354.0, Diff: 0.0, Sum: 707.9]
      [GC Worker End (ms): Min: 32638456.3, Avg: 32638456.3, Max: 32638456.3, Diff: 0.0]
   [Code Root Fixup: 0.0 ms]
   [Clear CT: 0.7 ms]
   [Other: 6.9 ms]
      [Choose CSet: 0.0 ms]
      [Ref Proc: 2.0 ms]
      [Ref Enq: 0.0 ms]
      [Free CSet: 2.7 ms]
   [Eden: 523.0M(951.0M)->0.0B(977.0M) Survivors: 73.0M->47.0M Heap: 1821.7M(3072.0M)->1302.0M(3072.0M)]
 [Times: user=0.71 sys=0.00, real=0.36 secs] 
32638.611: [GC pause (young) (initial-mark)
Desired survivor size 67108864 bytes, new threshold 16 (max 32)
- age   1:   26991256 bytes,   26991256 total
- age   2:   20596792 bytes,   47588048 total
, 0.4041890 secs]
   [Parallel Time: 401.3 ms, GC Workers: 2]
      [GC Worker Start (ms): Min: 32638612.7, Avg: 32638612.7, Max: 32638612.7, Diff: 0.0]
      [Ext Root Scanning (ms): Min: 67.0, Avg: 85.7, Max: 104.4, Diff: 37.4, Sum: 171.4]
      [Update RS (ms): Min: 165.8, Avg: 181.6, Max: 197.4, Diff: 31.6, Sum: 363.2]
         [Processed Buffers: Min: 303, Avg: 313.5, Max: 324, Diff: 21, Sum: 627]
      [Scan RS (ms): Min: 5.8, Avg: 5.8, Max: 5.8, Diff: 0.0, Sum: 11.6]
      [Object Copy (ms): Min: 124.9, Avg: 127.9, Max: 130.8, Diff: 5.9, Sum: 255.7]
      [Termination (ms): Min: 0.0, Avg: 0.0, Max: 0.0, Diff: 0.0, Sum: 0.0]
      [GC Worker Other (ms): Min: 0.1, Avg: 0.2, Max: 0.3, Diff: 0.2, Sum: 0.3]
      [GC Worker Total (ms): Min: 401.1, Avg: 401.1, Max: 401.2, Diff: 0.1, Sum: 802.2]
      [GC Worker End (ms): Min: 32639013.8, Avg: 32639013.8, Max: 32639013.9, Diff: 0.1]
   [Code Root Fixup: 0.0 ms]
   [Clear CT: 0.2 ms]
   [Other: 2.7 ms]
      [Choose CSet: 0.0 ms]
      [Ref Proc: 0.3 ms]
      [Ref Enq: 0.0 ms]
      [Free CSet: 0.3 ms]
   [Eden: 22.0M(977.0M)->0.0B(972.0M) Survivors: 47.0M->52.0M Heap: 1363.6M(3072.0M)->1347.0M(3072.0M)]
 [Times: user=0.80 sys=0.00, real=0.40 secs] 
32639.016: [GC concurrent-root-region-scan-start]
32639.336: [GC concurrent-root-region-scan-end, 0.3196080 secs]
32639.336: [GC concurrent-mark-start]
32642.108: [GC pause (young)
Desired survivor size 67108864 bytes, new threshold 16 (max 32)
- age   1:    6794616 bytes,    6794616 total
- age   2:   25720432 bytes,   32515048 total
- age   3:   20590552 bytes,   53105600 total
, 0.3136000 secs]
   [Parallel Time: 303.3 ms, GC Workers: 2]
      [GC Worker Start (ms): Min: 32642109.5, Avg: 32642109.5, Max: 32642109.5, Diff: 0.0]
      [Ext Root Scanning (ms): Min: 76.9, Avg: 82.0, Max: 87.2, Diff: 10.3, Sum: 164.1]
      [SATB Filtering (ms): Min: 0.0, Avg: 0.4, Max: 0.8, Diff: 0.8, Sum: 0.8]
      [Update RS (ms): Min: 3.2, Avg: 9.6, Max: 15.9, Diff: 12.7, Sum: 19.2]
         [Processed Buffers: Min: 44, Avg: 121.0, Max: 198, Diff: 154, Sum: 242]
      [Scan RS (ms): Min: 45.9, Avg: 46.4, Max: 46.9, Diff: 1.0, Sum: 92.9]
      [Object Copy (ms): Min: 162.6, Avg: 164.6, Max: 166.7, Diff: 4.1, Sum: 329.3]
      [Termination (ms): Min: 0.0, Avg: 0.0, Max: 0.0, Diff: 0.0, Sum: 0.0]
      [GC Worker Other (ms): Min: 0.1, Avg: 0.1, Max: 0.1, Diff: 0.0, Sum: 0.2]
      [GC Worker Total (ms): Min: 303.2, Avg: 303.2, Max: 303.2, Diff: 0.0, Sum: 606.4]
      [GC Worker End (ms): Min: 32642412.7, Avg: 32642412.7, Max: 32642412.7, Diff: 0.0]
   [Code Root Fixup: 0.0 ms]
   [Clear CT: 0.8 ms]
   [Other: 9.5 ms]
      [Choose CSet: 0.0 ms]
      [Ref Proc: 5.5 ms]
      [Ref Enq: 0.1 ms]
      [Free CSet: 2.2 ms]
   [Eden: 509.0M(972.0M)->0.0B(942.0M) Survivors: 52.0M->82.0M Heap: 1875.3M(3072.0M)->1397.0M(3072.0M)]
 [Times: user=0.61 sys=0.00, real=0.32 secs] 
32642.660: [GC concurrent-mark-end, 3.3240840 secs]
32642.663: [GC remark 32642.663: [GC ref-proc, 0.2598960 secs], 0.3400200 secs]
 [Times: user=0.35 sys=0.00, real=0.34 secs] 
32643.004: [GC cleanup 1452M->1279M(3072M), 0.0283830 secs]
 [Times: user=0.05 sys=0.00, real=0.03 secs] 
32643.033: [GC concurrent-cleanup-start]
32643.034: [GC concurrent-cleanup-end, 0.0004180 secs]
32647.156: [GC pause (young)
Desired survivor size 67108864 bytes, new threshold 4 (max 32)
- age   1:   40253712 bytes,   40253712 total
- age   2:     161704 bytes,   40415416 total
- age   3:   23636832 bytes,   64052248 total
- age   4:   19598488 bytes,   83650736 total
, 0.6268970 secs]
   [Parallel Time: 614.9 ms, GC Workers: 2]
      [GC Worker Start (ms): Min: 32647157.4, Avg: 32647157.4, Max: 32647157.4, Diff: 0.0]
      [Ext Root Scanning (ms): Min: 76.6, Avg: 86.5, Max: 96.4, Diff: 19.8, Sum: 173.0]
      [Update RS (ms): Min: 12.9, Avg: 25.8, Max: 38.7, Diff: 25.7, Sum: 51.6]
         [Processed Buffers: Min: 144, Avg: 146.5, Max: 149, Diff: 5, Sum: 293]
      [Scan RS (ms): Min: 44.8, Avg: 44.9, Max: 45.0, Diff: 0.2, Sum: 89.8]
      [Object Copy (ms): Min: 454.5, Avg: 457.6, Max: 460.7, Diff: 6.2, Sum: 915.2]
      [Termination (ms): Min: 0.0, Avg: 0.0, Max: 0.0, Diff: 0.0, Sum: 0.0]
      [GC Worker Other (ms): Min: 0.1, Avg: 0.1, Max: 0.1, Diff: 0.0, Sum: 0.2]
      [GC Worker Total (ms): Min: 614.8, Avg: 614.8, Max: 614.9, Diff: 0.0, Sum: 1229.7]
      [GC Worker End (ms): Min: 32647772.3, Avg: 32647772.3, Max: 32647772.3, Diff: 0.0]
   [Code Root Fixup: 0.0 ms]
   [Clear CT: 0.7 ms]
   [Other: 11.3 ms]
      [Choose CSet: 0.0 ms]
      [Ref Proc: 4.1 ms]
      [Ref Enq: 0.1 ms]
      [Free CSet: 4.0 ms]
   [Eden: 942.0M(942.0M)->0.0B(896.0M) Survivors: 82.0M->128.0M Heap: 2186.7M(3072.0M)->1345.2M(3072.0M)]
 [Times: user=1.24 sys=0.01, real=0.63 secs] 
32654.666: [GC pause (mixed)
Desired survivor size 67108864 bytes, new threshold 1 (max 32)
- age   1:  124961432 bytes,  124961432 total
- age   2:   31211568 bytes,  156173000 total
- age   3:     146808 bytes,  156319808 total
- age   4:   12986464 bytes,  169306272 total
, 0.5450110 secs]
   [Parallel Time: 527.4 ms, GC Workers: 2]
      [GC Worker Start (ms): Min: 32654668.3, Avg: 32654668.3, Max: 32654668.3, Diff: 0.0]
      [Ext Root Scanning (ms): Min: 76.0, Avg: 85.2, Max: 94.5, Diff: 18.5, Sum: 170.4]
      [Update RS (ms): Min: 17.1, Avg: 29.4, Max: 41.8, Diff: 24.7, Sum: 58.9]
         [Processed Buffers: Min: 114, Avg: 133.5, Max: 153, Diff: 39, Sum: 267]
      [Scan RS (ms): Min: 131.0, Avg: 131.1, Max: 131.2, Diff: 0.2, Sum: 262.3]
      [Object Copy (ms): Min: 278.2, Avg: 281.4, Max: 284.6, Diff: 6.4, Sum: 562.8]
      [Termination (ms): Min: 0.0, Avg: 0.0, Max: 0.0, Diff: 0.0, Sum: 0.0]
      [GC Worker Other (ms): Min: 0.1, Avg: 0.1, Max: 0.1, Diff: 0.0, Sum: 0.2]
      [GC Worker Total (ms): Min: 527.3, Avg: 527.3, Max: 527.3, Diff: 0.0, Sum: 1054.6]
      [GC Worker End (ms): Min: 32655195.6, Avg: 32655195.6, Max: 32655195.6, Diff: 0.0]
   [Code Root Fixup: 0.0 ms]
   [Clear CT: 1.2 ms]
   [Other: 16.4 ms]
      [Choose CSet: 1.1 ms]
      [Ref Proc: 6.8 ms]
      [Ref Enq: 0.1 ms]
      [Free CSet: 5.0 ms]
   [Eden: 896.0M(896.0M)->0.0B(989.0M) Survivors: 128.0M->35.0M Heap: 2247.2M(3072.0M)->1282.2M(3072.0M)]
 [Times: user=1.07 sys=0.00, real=0.54 secs] 
32660.888: [GC pause (mixed)
Desired survivor size 67108864 bytes, new threshold 16 (max 32)
- age   1:   32205216 bytes,   32205216 total
, 0.3360300 secs]
   [Parallel Time: 322.8 ms, GC Workers: 2]
      [GC Worker Start (ms): Min: 32660890.0, Avg: 32660890.0, Max: 32660890.0, Diff: 0.0]
      [Ext Root Scanning (ms): Min: 77.5, Avg: 86.0, Max: 94.5, Diff: 17.0, Sum: 172.0]
      [Update RS (ms): Min: 24.5, Avg: 35.7, Max: 47.0, Diff: 22.4, Sum: 71.5]
         [Processed Buffers: Min: 104, Avg: 134.0, Max: 164, Diff: 60, Sum: 268]
      [Scan RS (ms): Min: 54.4, Avg: 54.5, Max: 54.6, Diff: 0.2, Sum: 109.0]
      [Object Copy (ms): Min: 143.6, Avg: 146.3, Max: 149.1, Diff: 5.5, Sum: 292.6]
      [Termination (ms): Min: 0.0, Avg: 0.0, Max: 0.0, Diff: 0.0, Sum: 0.0]
      [GC Worker Other (ms): Min: 0.1, Avg: 0.1, Max: 0.1, Diff: 0.0, Sum: 0.2]
      [GC Worker Total (ms): Min: 322.7, Avg: 322.7, Max: 322.7, Diff: 0.0, Sum: 645.4]
      [GC Worker End (ms): Min: 32661212.7, Avg: 32661212.7, Max: 32661212.7, Diff: 0.0]
   [Code Root Fixup: 0.0 ms]
   [Clear CT: 0.8 ms]
   [Other: 12.4 ms]
      [Choose CSet: 0.6 ms]
      [Ref Proc: 5.5 ms]
      [Ref Enq: 0.1 ms]
      [Free CSet: 4.0 ms]
   [Eden: 989.0M(989.0M)->0.0B(968.0M) Survivors: 35.0M->56.0M Heap: 2274.7M(3072.0M)->1286.7M(3072.0M)]
 [Times: user=0.66 sys=0.00, real=0.33 secs] 
32663.789: [GC pause (young)
Desired survivor size 67108864 bytes, new threshold 16 (max 32)
- age   1:   33799152 bytes,   33799152 total
- age   2:   21652936 bytes,   55452088 total
, 0.3471660 secs]
   [Parallel Time: 341.1 ms, GC Workers: 2]
      [GC Worker Start (ms): Min: 32663790.2, Avg: 32663790.2, Max: 32663790.2, Diff: 0.0]
      [Ext Root Scanning (ms): Min: 79.0, Avg: 86.0, Max: 93.0, Diff: 14.1, Sum: 172.0]
      [Update RS (ms): Min: 39.5, Avg: 49.1, Max: 58.7, Diff: 19.2, Sum: 98.2]
         [Processed Buffers: Min: 106, Avg: 170.0, Max: 234, Diff: 128, Sum: 340]
      [Scan RS (ms): Min: 24.7, Avg: 24.7, Max: 24.8, Diff: 0.1, Sum: 49.5]
      [Object Copy (ms): Min: 178.5, Avg: 181.0, Max: 183.5, Diff: 5.0, Sum: 361.9]
      [Termination (ms): Min: 0.0, Avg: 0.0, Max: 0.0, Diff: 0.0, Sum: 0.0]
      [GC Worker Other (ms): Min: 0.1, Avg: 0.1, Max: 0.1, Diff: 0.0, Sum: 0.2]
      [GC Worker Total (ms): Min: 340.9, Avg: 340.9, Max: 340.9, Diff: 0.0, Sum: 681.8]
      [GC Worker End (ms): Min: 32664131.1, Avg: 32664131.1, Max: 32664131.1, Diff: 0.0]
   [Code Root Fixup: 0.0 ms]
   [Clear CT: 0.5 ms]
   [Other: 5.6 ms]
      [Choose CSet: 0.0 ms]
      [Ref Proc: 2.3 ms]
      [Ref Enq: 0.0 ms]
      [Free CSet: 1.6 ms]
   [Eden: 512.0M(968.0M)->0.0B(938.0M) Survivors: 56.0M->86.0M Heap: 1829.0M(3072.0M)->1347.1M(3072.0M)]
 [Times: user=0.69 sys=0.00, real=0.35 secs] 
32669.514: [GC pause (young)
Desired survivor size 67108864 bytes, new threshold 2 (max 32)
- age   1:   46282088 bytes,   46282088 total
- age   2:   23533984 bytes,   69816072 total
- age   3:   17826264 bytes,   87642336 total
, 0.3704440 secs]
   [Parallel Time: 360.9 ms, GC Workers: 2]
      [GC Worker Start (ms): Min: 32669515.1, Avg: 32669515.1, Max: 32669515.1, Diff: 0.0]
      [Ext Root Scanning (ms): Min: 72.5, Avg: 81.8, Max: 91.2, Diff: 18.7, Sum: 163.7]
      [Update RS (ms): Min: 20.4, Avg: 32.5, Max: 44.6, Diff: 24.3, Sum: 65.0]
         [Processed Buffers: Min: 99, Avg: 132.0, Max: 165, Diff: 66, Sum: 264]
      [Scan RS (ms): Min: 36.4, Avg: 36.5, Max: 36.5, Diff: 0.0, Sum: 72.9]
      [Object Copy (ms): Min: 207.0, Avg: 209.8, Max: 212.6, Diff: 5.6, Sum: 419.6]
      [Termination (ms): Min: 0.0, Avg: 0.0, Max: 0.0, Diff: 0.0, Sum: 0.0]
      [GC Worker Other (ms): Min: 0.1, Avg: 0.1, Max: 0.1, Diff: 0.0, Sum: 0.2]
      [GC Worker Total (ms): Min: 360.7, Avg: 360.7, Max: 360.7, Diff: 0.0, Sum: 721.5]
      [GC Worker End (ms): Min: 32669875.8, Avg: 32669875.8, Max: 32669875.8, Diff: 0.0]
   [Code Root Fixup: 0.0 ms]
   [Clear CT: 0.7 ms]
   [Other: 8.9 ms]
      [Choose CSet: 0.0 ms]
      [Ref Proc: 5.1 ms]
      [Ref Enq: 0.1 ms]
      [Free CSet: 2.1 ms]
   [Eden: 938.0M(938.0M)->0.0B(958.0M) Survivors: 86.0M->66.0M Heap: 2317.3M(3072.0M)->1391.8M(3072.0M)]
 [Times: user=0.73 sys=0.00, real=0.37 secs] 
32671.300: [GC pause (young) (initial-mark)
Desired survivor size 67108864 bytes, new threshold 16 (max 32)
- age   1:   56425120 bytes,   56425120 total
- age   2:    8604040 bytes,   65029160 total
, 0.3266780 secs]
   [Parallel Time: 322.3 ms, GC Workers: 2]
      [GC Worker Start (ms): Min: 32671300.7, Avg: 32671300.7, Max: 32671300.7, Diff: 0.0]
      [Ext Root Scanning (ms): Min: 65.6, Avg: 84.7, Max: 103.9, Diff: 38.4, Sum: 169.5]
      [Update RS (ms): Min: 13.1, Avg: 30.4, Max: 47.8, Diff: 34.8, Sum: 60.9]
         [Processed Buffers: Min: 119, Avg: 135.0, Max: 151, Diff: 32, Sum: 270]
      [Scan RS (ms): Min: 9.7, Avg: 9.8, Max: 9.8, Diff: 0.1, Sum: 19.6]
      [Object Copy (ms): Min: 195.4, Avg: 197.1, Max: 198.8, Diff: 3.4, Sum: 394.2]
      [Termination (ms): Min: 0.0, Avg: 0.0, Max: 0.0, Diff: 0.0, Sum: 0.0]
      [GC Worker Other (ms): Min: 0.1, Avg: 0.1, Max: 0.1, Diff: 0.0, Sum: 0.2]
      [GC Worker Total (ms): Min: 322.1, Avg: 322.2, Max: 322.2, Diff: 0.1, Sum: 644.3]
      [GC Worker End (ms): Min: 32671622.8, Avg: 32671622.9, Max: 32671622.9, Diff: 0.0]
   [Code Root Fixup: 0.0 ms]
   [Clear CT: 0.4 ms]
   [Other: 4.0 ms]
      [Choose CSet: 0.0 ms]
      [Ref Proc: 1.5 ms]
      [Ref Enq: 0.0 ms]
      [Free CSet: 0.9 ms]
   [Eden: 281.0M(958.0M)->0.0B(948.0M) Survivors: 66.0M->76.0M Heap: 1672.1M(3072.0M)->1402.3M(3072.0M)]
 [Times: user=0.64 sys=0.00, real=0.32 secs] 
32671.627: [GC concurrent-root-region-scan-start]
32671.835: [GC concurrent-root-region-scan-end, 0.2082830 secs]
32671.835: [GC concurrent-mark-start]
32673.131: [GC concurrent-mark-end, 1.2960790 secs]
32673.133: [GC remark 32673.134: [GC ref-proc, 0.0385970 secs], 0.1163630 secs]
 [Times: user=0.12 sys=0.00, real=0.12 secs] 
32673.251: [GC cleanup 1594M->1334M(3072M), 0.0303550 secs]
 [Times: user=0.06 sys=0.00, real=0.03 secs] 
32673.282: [GC concurrent-cleanup-start]
32673.283: [GC concurrent-cleanup-end, 0.0012850 secs]
32677.389: [GC pause (young)
Desired survivor size 67108864 bytes, new threshold 2 (max 32)
- age   1:   23551720 bytes,   23551720 total
- age   2:   46295800 bytes,   69847520 total
- age   3:    8464432 bytes,   78311952 total
, 0.2979550 secs]
   [Parallel Time: 288.3 ms, GC Workers: 2]
      [GC Worker Start (ms): Min: 32677389.6, Avg: 32677389.6, Max: 32677389.6, Diff: 0.0]
      [Ext Root Scanning (ms): Min: 73.2, Avg: 82.3, Max: 91.4, Diff: 18.2, Sum: 164.6]
      [Update RS (ms): Min: 17.1, Avg: 29.8, Max: 42.5, Diff: 25.5, Sum: 59.6]
         [Processed Buffers: Min: 106, Avg: 172.5, Max: 239, Diff: 133, Sum: 345]
      [Scan RS (ms): Min: 15.0, Avg: 15.5, Max: 15.9, Diff: 0.8, Sum: 30.9]
      [Object Copy (ms): Min: 157.4, Avg: 160.6, Max: 163.7, Diff: 6.4, Sum: 321.1]
      [Termination (ms): Min: 0.0, Avg: 0.0, Max: 0.0, Diff: 0.0, Sum: 0.0]
      [GC Worker Other (ms): Min: 0.1, Avg: 0.1, Max: 0.1, Diff: 0.0, Sum: 0.2]
      [GC Worker Total (ms): Min: 288.2, Avg: 288.2, Max: 288.2, Diff: 0.0, Sum: 576.4]
      [GC Worker End (ms): Min: 32677677.8, Avg: 32677677.8, Max: 32677677.8, Diff: 0.0]
   [Code Root Fixup: 0.0 ms]
   [Clear CT: 0.7 ms]
   [Other: 8.9 ms]
      [Choose CSet: 0.0 ms]
      [Ref Proc: 5.1 ms]
      [Ref Enq: 0.1 ms]
      [Free CSet: 2.3 ms]
   [Eden: 948.0M(948.0M)->0.0B(959.0M) Survivors: 76.0M->65.0M Heap: 2097.0M(3072.0M)->1152.5M(3072.0M)]
 [Times: user=0.59 sys=0.00, real=0.29 secs] 
32682.728: [GC pause (mixed)
Desired survivor size 67108864 bytes, new threshold 16 (max 32)
- age   1:   58184856 bytes,   58184856 total
- age   2:    5562504 bytes,   63747360 total
, 0.3701730 secs]
   [Parallel Time: 358.3 ms, GC Workers: 2]
      [GC Worker Start (ms): Min: 32682730.1, Avg: 32682730.1, Max: 32682730.1, Diff: 0.0]
      [Ext Root Scanning (ms): Min: 78.3, Avg: 84.4, Max: 90.6, Diff: 12.3, Sum: 168.9]
      [Update RS (ms): Min: 15.0, Avg: 23.3, Max: 31.6, Diff: 16.6, Sum: 46.6]
         [Processed Buffers: Min: 153, Avg: 153.0, Max: 153, Diff: 0, Sum: 306]
      [Scan RS (ms): Min: 57.9, Avg: 57.9, Max: 58.0, Diff: 0.1, Sum: 115.8]
      [Object Copy (ms): Min: 190.1, Avg: 192.4, Max: 194.6, Diff: 4.5, Sum: 384.7]
      [Termination (ms): Min: 0.0, Avg: 0.0, Max: 0.0, Diff: 0.0, Sum: 0.0]
      [GC Worker Other (ms): Min: 0.1, Avg: 0.1, Max: 0.1, Diff: 0.0, Sum: 0.2]
      [GC Worker Total (ms): Min: 358.2, Avg: 358.2, Max: 358.2, Diff: 0.0, Sum: 716.3]
      [GC Worker End (ms): Min: 32683088.3, Avg: 32683088.3, Max: 32683088.3, Diff: 0.0]
   [Code Root Fixup: 0.0 ms]
   [Clear CT: 1.0 ms]
   [Other: 10.9 ms]
      [Choose CSet: 1.4 ms]
      [Ref Proc: 3.6 ms]
      [Ref Enq: 0.1 ms]
      [Free CSet: 4.4 ms]
   [Eden: 959.0M(959.0M)->0.0B(941.0M) Survivors: 65.0M->83.0M Heap: 2162.9M(3072.0M)->1012.4M(3072.0M)]
 [Times: user=0.72 sys=0.00, real=0.37 secs] 
32687.600: [GC pause (mixed)
Desired survivor size 67108864 bytes, new threshold 2 (max 32)
- age   1:   59464504 bytes,   59464504 total
- age   2:   19501448 bytes,   78965952 total
- age   3:    4830200 bytes,   83796152 total
, 0.6595710 secs]
   [Parallel Time: 648.0 ms, GC Workers: 2]
      [GC Worker Start (ms): Min: 32687602.2, Avg: 32687602.2, Max: 32687602.3, Diff: 0.0]
      [Ext Root Scanning (ms): Min: 77.7, Avg: 86.3, Max: 95.0, Diff: 17.3, Sum: 172.7]
      [Update RS (ms): Min: 17.4, Avg: 29.5, Max: 41.6, Diff: 24.2, Sum: 59.0]
         [Processed Buffers: Min: 128, Avg: 155.5, Max: 183, Diff: 55, Sum: 311]
      [Scan RS (ms): Min: 73.2, Avg: 73.3, Max: 73.3, Diff: 0.1, Sum: 146.5]
      [Object Copy (ms): Min: 455.3, Avg: 458.7, Max: 462.1, Diff: 6.8, Sum: 917.4]
      [Termination (ms): Min: 0.0, Avg: 0.0, Max: 0.0, Diff: 0.0, Sum: 0.0]
      [GC Worker Other (ms): Min: 0.1, Avg: 0.1, Max: 0.1, Diff: 0.0, Sum: 0.2]
      [GC Worker Total (ms): Min: 647.9, Avg: 647.9, Max: 647.9, Diff: 0.0, Sum: 1295.8]
      [GC Worker End (ms): Min: 32688250.1, Avg: 32688250.1, Max: 32688250.2, Diff: 0.0]
   [Code Root Fixup: 0.0 ms]
   [Clear CT: 1.0 ms]
   [Other: 10.6 ms]
      [Choose CSet: 1.5 ms]
      [Ref Proc: 3.2 ms]
      [Ref Enq: 0.1 ms]
      [Free CSet: 4.0 ms]
   [Eden: 941.0M(941.0M)->0.0B(896.0M) Survivors: 83.0M->128.0M Heap: 1974.6M(3072.0M)->1037.6M(3072.0M)]
 [Times: user=1.30 sys=0.01, real=0.66 secs] 
32693.989: [GC pause (mixed)
Desired survivor size 67108864 bytes, new threshold 1 (max 32)
- age   1:  121910528 bytes,  121910528 total
- age   2:   44195432 bytes,  166105960 total
, 0.6926810 secs]
   [Parallel Time: 676.0 ms, GC Workers: 2]
      [GC Worker Start (ms): Min: 32693991.9, Avg: 32693992.0, Max: 32693992.0, Diff: 0.0]
      [Ext Root Scanning (ms): Min: 77.2, Avg: 85.1, Max: 92.9, Diff: 15.7, Sum: 170.1]
      [Update RS (ms): Min: 46.2, Avg: 56.8, Max: 67.5, Diff: 21.3, Sum: 113.7]
         [Processed Buffers: Min: 127, Avg: 165.5, Max: 204, Diff: 77, Sum: 331]
      [Scan RS (ms): Min: 125.8, Avg: 125.8, Max: 125.9, Diff: 0.1, Sum: 251.7]
      [Object Copy (ms): Min: 405.3, Avg: 408.0, Max: 410.8, Diff: 5.4, Sum: 816.1]
      [Termination (ms): Min: 0.0, Avg: 0.0, Max: 0.0, Diff: 0.0, Sum: 0.0]
      [GC Worker Other (ms): Min: 0.1, Avg: 0.1, Max: 0.1, Diff: 0.0, Sum: 0.2]
      [GC Worker Total (ms): Min: 675.9, Avg: 675.9, Max: 675.9, Diff: 0.0, Sum: 1351.8]
      [GC Worker End (ms): Min: 32694667.8, Avg: 32694667.8, Max: 32694667.8, Diff: 0.0]
   [Code Root Fixup: 0.0 ms]
   [Clear CT: 0.8 ms]
   [Other: 15.8 ms]
      [Choose CSet: 1.0 ms]
      [Ref Proc: 5.3 ms]
      [Ref Enq: 0.1 ms]
      [Free CSet: 5.4 ms]
   [Eden: 896.0M(896.0M)->0.0B(988.0M) Survivors: 128.0M->36.0M Heap: 1980.0M(3072.0M)->1074.0M(3072.0M)]
 [Times: user=1.36 sys=0.00, real=0.70 secs] 
32702.077: [GC pause (young)
Desired survivor size 67108864 bytes, new threshold 16 (max 32)
- age   1:   35549232 bytes,   35549232 total
, 0.3868840 secs]
   [Parallel Time: 374.4 ms, GC Workers: 2]
      [GC Worker Start (ms): Min: 32702078.7, Avg: 32702078.8, Max: 32702078.8, Diff: 0.1]
      [Ext Root Scanning (ms): Min: 82.0, Avg: 87.6, Max: 93.2, Diff: 11.1, Sum: 175.2]
      [Update RS (ms): Min: 46.0, Avg: 54.4, Max: 62.8, Diff: 16.9, Sum: 108.8]
         [Processed Buffers: Min: 148, Avg: 154.0, Max: 160, Diff: 12, Sum: 308]
      [Scan RS (ms): Min: 51.1, Avg: 51.2, Max: 51.3, Diff: 0.2, Sum: 102.3]
      [Object Copy (ms): Min: 177.8, Avg: 180.8, Max: 183.8, Diff: 6.0, Sum: 361.6]
      [Termination (ms): Min: 0.0, Avg: 0.0, Max: 0.0, Diff: 0.0, Sum: 0.0]
      [GC Worker Other (ms): Min: 0.1, Avg: 0.1, Max: 0.1, Diff: 0.0, Sum: 0.2]
      [GC Worker Total (ms): Min: 374.0, Avg: 374.0, Max: 374.1, Diff: 0.1, Sum: 748.1]
      [GC Worker End (ms): Min: 32702452.8, Avg: 32702452.8, Max: 32702452.8, Diff: 0.0]
   [Code Root Fixup: 0.0 ms]
   [Clear CT: 0.8 ms]
   [Other: 11.7 ms]
      [Choose CSet: 0.0 ms]
      [Ref Proc: 4.2 ms]
      [Ref Enq: 0.1 ms]
      [Free CSet: 4.7 ms]
   [Eden: 988.0M(988.0M)->0.0B(953.0M) Survivors: 36.0M->71.0M Heap: 2082.2M(3072.0M)->1128.7M(3072.0M)]
 [Times: user=0.76 sys=0.00, real=0.39 secs] 
32709.528: [GC pause (young)
Desired survivor size 67108864 bytes, new threshold 2 (max 32)
- age   1:   39248184 bytes,   39248184 total
- age   2:   31373368 bytes,   70621552 total
, 0.4195920 secs]
   [Parallel Time: 406.8 ms, GC Workers: 2]
      [GC Worker Start (ms): Min: 32709529.4, Avg: 32709529.4, Max: 32709529.4, Diff: 0.0]
      [Ext Root Scanning (ms): Min: 76.9, Avg: 85.5, Max: 94.2, Diff: 17.3, Sum: 171.1]
      [Update RS (ms): Min: 31.1, Avg: 41.8, Max: 52.5, Diff: 21.4, Sum: 83.6]
         [Processed Buffers: Min: 180, Avg: 180.5, Max: 181, Diff: 1, Sum: 361]
      [Scan RS (ms): Min: 55.8, Avg: 55.9, Max: 56.0, Diff: 0.2, Sum: 111.7]
      [Object Copy (ms): Min: 221.2, Avg: 223.4, Max: 225.5, Diff: 4.2, Sum: 446.7]
      [Termination (ms): Min: 0.0, Avg: 0.0, Max: 0.0, Diff: 0.0, Sum: 0.0]
      [GC Worker Other (ms): Min: 0.1, Avg: 0.1, Max: 0.2, Diff: 0.0, Sum: 0.3]
      [GC Worker Total (ms): Min: 406.7, Avg: 406.7, Max: 406.7, Diff: 0.0, Sum: 813.4]
      [GC Worker End (ms): Min: 32709936.1, Avg: 32709936.1, Max: 32709936.1, Diff: 0.0]
   [Code Root Fixup: 0.0 ms]
   [Clear CT: 1.1 ms]
   [Other: 11.7 ms]
      [Choose CSet: 0.0 ms]
      [Ref Proc: 4.4 ms]
      [Ref Enq: 0.2 ms]
      [Free CSet: 4.3 ms]
   [Eden: 953.0M(953.0M)->0.0B(955.0M) Survivors: 71.0M->69.0M Heap: 2106.8M(3072.0M)->1181.3M(3072.0M)]
 [Times: user=0.82 sys=0.00, real=0.42 secs] 
32715.518: [GC pause (young)
Desired survivor size 67108864 bytes, new threshold 2 (max 32)
- age   1:   39249784 bytes,   39249784 total
- age   2:   30139712 bytes,   69389496 total
, 0.4571140 secs]
   [Parallel Time: 441.2 ms, GC Workers: 2]
      [GC Worker Start (ms): Min: 32715520.0, Avg: 32715520.0, Max: 32715520.0, Diff: 0.0]
      [Ext Root Scanning (ms): Min: 76.4, Avg: 87.4, Max: 98.4, Diff: 22.0, Sum: 174.8]
      [Update RS (ms): Min: 53.5, Avg: 67.4, Max: 81.4, Diff: 27.9, Sum: 134.8]
         [Processed Buffers: Min: 137, Avg: 159.5, Max: 182, Diff: 45, Sum: 319]
      [Scan RS (ms): Min: 56.4, Avg: 56.5, Max: 56.6, Diff: 0.2, Sum: 113.1]
      [Object Copy (ms): Min: 226.6, Avg: 229.6, Max: 232.7, Diff: 6.1, Sum: 459.3]
      [Termination (ms): Min: 0.0, Avg: 0.0, Max: 0.0, Diff: 0.0, Sum: 0.0]
      [GC Worker Other (ms): Min: 0.1, Avg: 0.1, Max: 0.1, Diff: 0.0, Sum: 0.3]
      [GC Worker Total (ms): Min: 441.1, Avg: 441.1, Max: 441.1, Diff: 0.0, Sum: 882.2]
      [GC Worker End (ms): Min: 32715961.1, Avg: 32715961.1, Max: 32715961.1, Diff: 0.0]
   [Code Root Fixup: 0.0 ms]
   [Clear CT: 0.7 ms]
   [Other: 15.2 ms]
      [Choose CSet: 0.0 ms]
      [Ref Proc: 7.6 ms]
      [Ref Enq: 0.1 ms]
      [Free CSet: 4.6 ms]
   [Eden: 955.0M(955.0M)->0.0B(951.0M) Survivors: 69.0M->73.0M Heap: 2138.2M(3072.0M)->1213.7M(3072.0M)]
 [Times: user=0.90 sys=0.00, real=0.46 secs] 
32721.227: [GC pause (young)
Desired survivor size 67108864 bytes, new threshold 2 (max 32)
- age   1:   43106096 bytes,   43106096 total
- age   2:   28984464 bytes,   72090560 total
, 0.5539710 secs]
   [Parallel Time: 538.5 ms, GC Workers: 2]
      [GC Worker Start (ms): Min: 32721229.2, Avg: 32721229.2, Max: 32721229.2, Diff: 0.0]
      [Ext Root Scanning (ms): Min: 80.5, Avg: 88.1, Max: 95.8, Diff: 15.3, Sum: 176.3]
      [Update RS (ms): Min: 35.1, Avg: 43.5, Max: 51.9, Diff: 16.8, Sum: 87.0]
         [Processed Buffers: Min: 148, Avg: 157.5, Max: 167, Diff: 19, Sum: 315]
      [Scan RS (ms): Min: 67.6, Avg: 67.7, Max: 67.7, Diff: 0.1, Sum: 135.3]
      [Object Copy (ms): Min: 338.3, Avg: 339.0, Max: 339.7, Diff: 1.5, Sum: 678.0]
      [Termination (ms): Min: 0.0, Avg: 0.0, Max: 0.0, Diff: 0.0, Sum: 0.0]
      [GC Worker Other (ms): Min: 0.1, Avg: 0.2, Max: 0.2, Diff: 0.1, Sum: 0.3]
      [GC Worker Total (ms): Min: 538.4, Avg: 538.4, Max: 538.5, Diff: 0.1, Sum: 1076.8]
      [GC Worker End (ms): Min: 32721767.5, Avg: 32721767.6, Max: 32721767.6, Diff: 0.1]
   [Code Root Fixup: 0.0 ms]
   [Clear CT: 0.8 ms]
   [Other: 14.6 ms]
      [Choose CSet: 0.0 ms]
      [Ref Proc: 7.0 ms]
      [Ref Enq: 0.1 ms]
      [Free CSet: 4.7 ms]
   [Eden: 951.0M(951.0M)->0.0B(917.0M) Survivors: 73.0M->107.0M Heap: 2172.5M(3072.0M)->1279.0M(3072.0M)]
 [Times: user=1.09 sys=0.00, real=0.55 secs] 
32726.150: [GC pause (young)
Desired survivor size 67108864 bytes, new threshold 1 (max 32)
- age   1:   77939072 bytes,   77939072 total
- age   2:   30777160 bytes,  108716232 total
, 0.5595020 secs]
   [Parallel Time: 545.9 ms, GC Workers: 2]
      [GC Worker Start (ms): Min: 32726151.7, Avg: 32726151.8, Max: 32726151.8, Diff: 0.0]
      [Ext Root Scanning (ms): Min: 83.3, Avg: 89.0, Max: 94.6, Diff: 11.3, Sum: 178.0]
      [Update RS (ms): Min: 68.9, Avg: 76.7, Max: 84.4, Diff: 15.5, Sum: 153.3]
         [Processed Buffers: Min: 156, Avg: 158.5, Max: 161, Diff: 5, Sum: 317]
      [Scan RS (ms): Min: 66.3, Avg: 66.4, Max: 66.4, Diff: 0.1, Sum: 132.7]
      [Object Copy (ms): Min: 311.5, Avg: 313.6, Max: 315.8, Diff: 4.3, Sum: 627.3]
      [Termination (ms): Min: 0.0, Avg: 0.0, Max: 0.0, Diff: 0.0, Sum: 0.0]
      [GC Worker Other (ms): Min: 0.1, Avg: 0.1, Max: 0.1, Diff: 0.0, Sum: 0.2]
      [GC Worker Total (ms): Min: 545.8, Avg: 545.8, Max: 545.8, Diff: 0.0, Sum: 1091.5]
      [GC Worker End (ms): Min: 32726697.5, Avg: 32726697.5, Max: 32726697.5, Diff: 0.0]
   [Code Root Fixup: 0.0 ms]
   [Clear CT: 0.8 ms]
   [Other: 12.8 ms]
      [Choose CSet: 0.0 ms]
      [Ref Proc: 5.2 ms]
      [Ref Enq: 0.0 ms]
      [Free CSet: 4.2 ms]
   [Eden: 917.0M(917.0M)->0.0B(987.0M) Survivors: 107.0M->37.0M Heap: 2228.6M(3072.0M)->1335.6M(3072.0M)]
 [Times: user=1.10 sys=0.00, real=0.56 secs] 
32727.741: [GC pause (young) (initial-mark)
Desired survivor size 67108864 bytes, new threshold 16 (max 32)
- age   1:   35669200 bytes,   35669200 total
, 0.2987910 secs]
   [Parallel Time: 294.7 ms, GC Workers: 2]
      [GC Worker Start (ms): Min: 32727742.2, Avg: 32727742.2, Max: 32727742.2, Diff: 0.0]
      [Ext Root Scanning (ms): Min: 74.2, Avg: 82.7, Max: 91.2, Diff: 16.9, Sum: 165.4]
      [Update RS (ms): Min: 27.4, Avg: 46.0, Max: 64.6, Diff: 37.2, Sum: 92.1]
         [Processed Buffers: Min: 131, Avg: 132.5, Max: 134, Diff: 3, Sum: 265]
      [Scan RS (ms): Min: 29.2, Avg: 29.3, Max: 29.4, Diff: 0.1, Sum: 58.6]
      [Object Copy (ms): Min: 126.4, Avg: 136.4, Max: 146.4, Diff: 20.1, Sum: 272.8]
      [Termination (ms): Min: 0.0, Avg: 0.0, Max: 0.0, Diff: 0.0, Sum: 0.0]
      [GC Worker Other (ms): Min: 0.1, Avg: 0.1, Max: 0.1, Diff: 0.0, Sum: 0.2]
      [GC Worker Total (ms): Min: 294.5, Avg: 294.5, Max: 294.5, Diff: 0.0, Sum: 589.1]
      [GC Worker End (ms): Min: 32728036.7, Avg: 32728036.7, Max: 32728036.7, Diff: 0.0]
   [Code Root Fixup: 0.0 ms]
   [Clear CT: 0.3 ms]
   [Other: 3.8 ms]
      [Choose CSet: 0.0 ms]
      [Ref Proc: 0.8 ms]
      [Ref Enq: 0.0 ms]
      [Free CSet: 0.9 ms]
   [Eden: 182.0M(987.0M)->0.0B(982.0M) Survivors: 37.0M->42.0M Heap: 1517.0M(3072.0M)->1341.1M(3072.0M)]
 [Times: user=0.59 sys=0.00, real=0.30 secs] 
32728.040: [GC concurrent-root-region-scan-start]
32728.173: [GC concurrent-root-region-scan-end, 0.1329800 secs]
32728.173: [GC concurrent-mark-start]
32730.673: [GC concurrent-mark-end, 2.4997620 secs]
32730.676: [GC remark 32730.678: [GC ref-proc, 0.1822940 secs], 0.2580970 secs]
 [Times: user=0.26 sys=0.00, real=0.26 secs] 
32730.936: [GC cleanup 1808M->1580M(3072M), 0.0272160 secs]
 [Times: user=0.05 sys=0.00, real=0.03 secs] 
32730.964: [GC concurrent-cleanup-start]
32730.965: [GC concurrent-cleanup-end, 0.0005300 secs]
32734.665: [GC pause (young)
Desired survivor size 67108864 bytes, new threshold 16 (max 32)
- age   1:   11846176 bytes,   11846176 total
- age   2:   30703088 bytes,   42549264 total
, 0.4514320 secs]
   [Parallel Time: 437.8 ms, GC Workers: 2]
      [GC Worker Start (ms): Min: 32734666.4, Avg: 32734666.4, Max: 32734666.4, Diff: 0.0]
      [Ext Root Scanning (ms): Min: 74.0, Avg: 82.9, Max: 91.9, Diff: 17.8, Sum: 165.9]
      [Update RS (ms): Min: 37.8, Avg: 49.1, Max: 60.4, Diff: 22.7, Sum: 98.2]
         [Processed Buffers: Min: 126, Avg: 142.5, Max: 159, Diff: 33, Sum: 285]
      [Scan RS (ms): Min: 81.7, Avg: 81.7, Max: 81.8, Diff: 0.1, Sum: 163.4]
      [Object Copy (ms): Min: 221.4, Avg: 223.7, Max: 226.0, Diff: 4.5, Sum: 447.4]
      [Termination (ms): Min: 0.0, Avg: 0.0, Max: 0.0, Diff: 0.0, Sum: 0.0]
      [GC Worker Other (ms): Min: 0.1, Avg: 0.2, Max: 0.3, Diff: 0.1, Sum: 0.4]
      [GC Worker Total (ms): Min: 437.6, Avg: 437.7, Max: 437.7, Diff: 0.0, Sum: 875.3]
      [GC Worker End (ms): Min: 32735104.1, Avg: 32735104.1, Max: 32735104.1, Diff: 0.0]
   [Code Root Fixup: 0.0 ms]
   [Clear CT: 0.8 ms]
   [Other: 12.8 ms]
      [Choose CSet: 0.0 ms]
      [Ref Proc: 3.9 ms]
      [Ref Enq: 0.1 ms]
      [Free CSet: 6.0 ms]
   [Eden: 982.0M(982.0M)->0.0B(941.0M) Survivors: 42.0M->83.0M Heap: 2128.7M(3072.0M)->1187.2M(3072.0M)]
 [Times: user=0.88 sys=0.00, real=0.45 secs] 
32740.412: [GC pause (mixed)
Desired survivor size 67108864 bytes, new threshold 3 (max 32)
- age   1:   47603896 bytes,   47603896 total
- age   2:    7378872 bytes,   54982768 total
- age   3:   28930784 bytes,   83913552 total
, 0.5151020 secs]
   [Parallel Time: 501.6 ms, GC Workers: 2]
      [GC Worker Start (ms): Min: 32740414.6, Avg: 32740414.6, Max: 32740414.7, Diff: 0.0]
      [Ext Root Scanning (ms): Min: 81.7, Avg: 87.4, Max: 93.2, Diff: 11.5, Sum: 174.8]
      [Update RS (ms): Min: 53.5, Avg: 61.7, Max: 69.8, Diff: 16.3, Sum: 123.3]
         [Processed Buffers: Min: 145, Avg: 154.0, Max: 163, Diff: 18, Sum: 308]
      [Scan RS (ms): Min: 106.9, Avg: 107.0, Max: 107.0, Diff: 0.1, Sum: 214.0]
      [Object Copy (ms): Min: 243.0, Avg: 245.3, Max: 247.7, Diff: 4.7, Sum: 490.7]
      [Termination (ms): Min: 0.0, Avg: 0.0, Max: 0.0, Diff: 0.0, Sum: 0.0]
      [GC Worker Other (ms): Min: 0.1, Avg: 0.1, Max: 0.1, Diff: 0.0, Sum: 0.2]
      [GC Worker Total (ms): Min: 501.5, Avg: 501.5, Max: 501.5, Diff: 0.0, Sum: 1003.0]
      [GC Worker End (ms): Min: 32740916.1, Avg: 32740916.2, Max: 32740916.2, Diff: 0.0]
   [Code Root Fixup: 0.0 ms]
   [Clear CT: 0.8 ms]
   [Other: 12.7 ms]
      [Choose CSet: 0.8 ms]
      [Ref Proc: 3.9 ms]
      [Ref Enq: 0.0 ms]
      [Free CSet: 5.3 ms]
   [Eden: 941.0M(941.0M)->0.0B(952.0M) Survivors: 83.0M->72.0M Heap: 2174.1M(3072.0M)->1178.6M(3072.0M)]
 [Times: user=1.02 sys=0.00, real=0.51 secs] 
32746.607: [GC pause (mixed)
Desired survivor size 67108864 bytes, new threshold 3 (max 32)
- age   1:   33316800 bytes,   33316800 total
- age   2:   33628672 bytes,   66945472 total
- age   3:    7076368 bytes,   74021840 total
, 0.5604990 secs]
   [Parallel Time: 546.4 ms, GC Workers: 2]
      [GC Worker Start (ms): Min: 32746609.7, Avg: 32746609.8, Max: 32746609.8, Diff: 0.0]
      [Ext Root Scanning (ms): Min: 81.1, Avg: 87.7, Max: 94.3, Diff: 13.2, Sum: 175.4]
      [Update RS (ms): Min: 57.4, Avg: 67.0, Max: 76.5, Diff: 19.2, Sum: 133.9]
         [Processed Buffers: Min: 73, Avg: 141.5, Max: 210, Diff: 137, Sum: 283]
      [Scan RS (ms): Min: 114.0, Avg: 114.1, Max: 114.1, Diff: 0.1, Sum: 228.2]
      [Object Copy (ms): Min: 274.5, Avg: 277.4, Max: 280.3, Diff: 5.9, Sum: 554.8]
      [Termination (ms): Min: 0.0, Avg: 0.0, Max: 0.0, Diff: 0.0, Sum: 0.0]
      [GC Worker Other (ms): Min: 0.1, Avg: 0.1, Max: 0.1, Diff: 0.0, Sum: 0.3]
      [GC Worker Total (ms): Min: 546.3, Avg: 546.3, Max: 546.3, Diff: 0.0, Sum: 1092.6]
      [GC Worker End (ms): Min: 32747156.0, Avg: 32747156.0, Max: 32747156.0, Diff: 0.0]
   [Code Root Fixup: 0.0 ms]
   [Clear CT: 0.8 ms]
   [Other: 13.3 ms]
      [Choose CSet: 1.0 ms]
      [Ref Proc: 3.3 ms]
      [Ref Enq: 0.0 ms]
      [Free CSet: 6.2 ms]
   [Eden: 952.0M(952.0M)->0.0B(918.0M) Survivors: 72.0M->106.0M Heap: 2133.1M(3072.0M)->1165.6M(3072.0M)]
 [Times: user=1.11 sys=0.00, real=0.56 secs] 
32752.159: [GC pause (young)
Desired survivor size 67108864 bytes, new threshold 2 (max 32)
- age   1:   48249552 bytes,   48249552 total
- age   2:   29801968 bytes,   78051520 total
- age   3:   30473256 bytes,  108524776 total
, 0.5404030 secs]
   [Parallel Time: 528.6 ms, GC Workers: 2]
      [GC Worker Start (ms): Min: 32752160.6, Avg: 32752160.6, Max: 32752160.6, Diff: 0.0]
      [Ext Root Scanning (ms): Min: 78.9, Avg: 85.6, Max: 92.2, Diff: 13.2, Sum: 171.1]
      [Update RS (ms): Min: 44.3, Avg: 53.6, Max: 62.9, Diff: 18.6, Sum: 107.2]
         [Processed Buffers: Min: 78, Avg: 142.0, Max: 206, Diff: 128, Sum: 284]
      [Scan RS (ms): Min: 91.8, Avg: 91.8, Max: 91.9, Diff: 0.1, Sum: 183.6]
      [Object Copy (ms): Min: 294.7, Avg: 297.3, Max: 299.9, Diff: 5.2, Sum: 594.7]
      [Termination (ms): Min: 0.0, Avg: 0.0, Max: 0.0, Diff: 0.0, Sum: 0.0]
      [GC Worker Other (ms): Min: 0.1, Avg: 0.1, Max: 0.1, Diff: 0.0, Sum: 0.3]
      [GC Worker Total (ms): Min: 528.4, Avg: 528.5, Max: 528.5, Diff: 0.0, Sum: 1056.9]
      [GC Worker End (ms): Min: 32752689.1, Avg: 32752689.1, Max: 32752689.1, Diff: 0.0]
   [Code Root Fixup: 0.0 ms]
   [Clear CT: 0.7 ms]
   [Other: 11.2 ms]
      [Choose CSet: 0.0 ms]
      [Ref Proc: 3.2 ms]
      [Ref Enq: 0.0 ms]
      [Free CSet: 4.7 ms]
   [Eden: 918.0M(918.0M)->0.0B(948.0M) Survivors: 106.0M->76.0M Heap: 2089.6M(3072.0M)->1196.1M(3072.0M)]
 [Times: user=1.07 sys=0.00, real=0.54 secs] 
32757.254: [GC pause (young)
Desired survivor size 67108864 bytes, new threshold 2 (max 32)
- age   1:   40377488 bytes,   40377488 total
- age   2:   37118528 bytes,   77496016 total
, 0.4783940 secs]
   [Parallel Time: 467.0 ms, GC Workers: 2]
      [GC Worker Start (ms): Min: 32757256.8, Avg: 32757256.8, Max: 32757256.8, Diff: 0.0]
      [Ext Root Scanning (ms): Min: 73.3, Avg: 83.6, Max: 93.8, Diff: 20.5, Sum: 167.1]
      [Update RS (ms): Min: 43.6, Avg: 56.7, Max: 69.7, Diff: 26.0, Sum: 113.3]
         [Processed Buffers: Min: 116, Avg: 136.0, Max: 156, Diff: 40, Sum: 272]
      [Scan RS (ms): Min: 82.4, Avg: 82.5, Max: 82.7, Diff: 0.2, Sum: 165.1]
      [Object Copy (ms): Min: 241.4, Avg: 244.1, Max: 246.7, Diff: 5.2, Sum: 488.1]
      [Termination (ms): Min: 0.0, Avg: 0.0, Max: 0.0, Diff: 0.0, Sum: 0.0]
      [GC Worker Other (ms): Min: 0.1, Avg: 0.1, Max: 0.1, Diff: 0.0, Sum: 0.3]
      [GC Worker Total (ms): Min: 466.9, Avg: 466.9, Max: 466.9, Diff: 0.0, Sum: 933.8]
      [GC Worker End (ms): Min: 32757723.7, Avg: 32757723.7, Max: 32757723.7, Diff: 0.0]
   [Code Root Fixup: 0.0 ms]
   [Clear CT: 0.7 ms]
   [Other: 10.6 ms]
      [Choose CSet: 0.0 ms]
      [Ref Proc: 2.4 ms]
      [Ref Enq: 0.0 ms]
      [Free CSet: 4.6 ms]
   [Eden: 948.0M(948.0M)->0.0B(951.0M) Survivors: 76.0M->73.0M Heap: 2151.5M(3072.0M)->1234.0M(3072.0M)]
 [Times: user=0.94 sys=0.00, real=0.48 secs] 
32761.731: [GC pause (young)
Desired survivor size 67108864 bytes, new threshold 2 (max 32)
- age   1:   40472816 bytes,   40472816 total
- age   2:   34367704 bytes,   74840520 total
, 0.3790970 secs]
   [Parallel Time: 370.0 ms, GC Workers: 2]
      [GC Worker Start (ms): Min: 32761732.7, Avg: 32761732.7, Max: 32761732.7, Diff: 0.0]
      [Ext Root Scanning (ms): Min: 73.4, Avg: 80.6, Max: 87.8, Diff: 14.4, Sum: 161.2]
      [Update RS (ms): Min: 56.9, Avg: 66.3, Max: 75.6, Diff: 18.7, Sum: 132.6]
         [Processed Buffers: Min: 200, Avg: 259.0, Max: 318, Diff: 118, Sum: 518]
      [Scan RS (ms): Min: 60.1, Avg: 60.2, Max: 60.3, Diff: 0.1, Sum: 120.4]
      [Object Copy (ms): Min: 160.5, Avg: 162.7, Max: 164.8, Diff: 4.2, Sum: 325.3]
      [Termination (ms): Min: 0.0, Avg: 0.0, Max: 0.0, Diff: 0.0, Sum: 0.0]
      [GC Worker Other (ms): Min: 0.1, Avg: 0.1, Max: 0.1, Diff: 0.0, Sum: 0.2]
      [GC Worker Total (ms): Min: 369.8, Avg: 369.8, Max: 369.9, Diff: 0.1, Sum: 739.7]
      [GC Worker End (ms): Min: 32762102.5, Avg: 32762102.5, Max: 32762102.5, Diff: 0.0]
   [Code Root Fixup: 0.0 ms]
   [Clear CT: 0.4 ms]
   [Other: 8.7 ms]
      [Choose CSet: 0.0 ms]
      [Ref Proc: 2.5 ms]
      [Ref Enq: 0.1 ms]
      [Free CSet: 3.3 ms]
   [Eden: 623.0M(951.0M)->0.0B(972.0M) Survivors: 73.0M->52.0M Heap: 1946.1M(3072.0M)->1328.1M(3072.0M)]
 [Times: user=0.75 sys=0.00, real=0.38 secs] 
32766.869: [GC pause (young) (initial-mark)
Desired survivor size 67108864 bytes, new threshold 16 (max 32)
- age   1:   26835336 bytes,   26835336 total
- age   2:   26127984 bytes,   52963320 total
, 0.6448800 secs]
   [Parallel Time: 633.8 ms, GC Workers: 2]
      [GC Worker Start (ms): Min: 32766871.2, Avg: 32766871.3, Max: 32766871.3, Diff: 0.0]
      [Ext Root Scanning (ms): Min: 77.2, Avg: 85.6, Max: 94.0, Diff: 16.8, Sum: 171.2]
      [Update RS (ms): Min: 12.0, Avg: 30.8, Max: 49.5, Diff: 37.5, Sum: 61.5]
         [Processed Buffers: Min: 133, Avg: 157.5, Max: 182, Diff: 49, Sum: 315]
      [Scan RS (ms): Min: 78.2, Avg: 78.3, Max: 78.5, Diff: 0.2, Sum: 156.7]
      [Object Copy (ms): Min: 428.5, Avg: 438.8, Max: 449.1, Diff: 20.6, Sum: 877.6]
      [Termination (ms): Min: 0.0, Avg: 0.0, Max: 0.0, Diff: 0.0, Sum: 0.0]
      [GC Worker Other (ms): Min: 0.1, Avg: 0.1, Max: 0.2, Diff: 0.0, Sum: 0.3]
      [GC Worker Total (ms): Min: 633.6, Avg: 633.7, Max: 633.7, Diff: 0.1, Sum: 1267.3]
      [GC Worker End (ms): Min: 32767504.9, Avg: 32767504.9, Max: 32767504.9, Diff: 0.0]
   [Code Root Fixup: 0.0 ms]
   [Clear CT: 0.6 ms]
   [Other: 10.5 ms]
      [Choose CSet: 0.0 ms]
      [Ref Proc: 2.8 ms]
      [Ref Enq: 0.0 ms]
      [Free CSet: 4.2 ms]
   [Eden: 929.0M(972.0M)->0.0B(896.0M) Survivors: 52.0M->128.0M Heap: 2271.1M(3072.0M)->1469.1M(3072.0M)]
 [Times: user=1.28 sys=0.00, real=0.65 secs] 
32767.514: [GC concurrent-root-region-scan-start]
32768.030: [GC concurrent-root-region-scan-end, 0.5156990 secs]
32768.030: [GC concurrent-mark-start]
32770.897: [GC concurrent-mark-end, 2.8669680 secs]
32770.900: [GC remark 32770.901: [GC ref-proc, 0.0792850 secs], 0.1555320 secs]
 [Times: user=0.16 sys=0.00, real=0.16 secs] 
32771.057: [GC cleanup 2161M->1951M(3072M), 0.0300110 secs]
 [Times: user=0.06 sys=0.00, real=0.03 secs] 
32771.088: [GC concurrent-cleanup-start]
32771.088: [GC concurrent-cleanup-end, 0.0004970 secs]
32772.369: [GC pause (young)
Desired survivor size 67108864 bytes, new threshold 1 (max 32)
- age   1:  133881680 bytes,  133881680 total
- age   2:   24718560 bytes,  158600240 total
- age   3:   24246104 bytes,  182846344 total
, 0.5366440 secs]
   [Parallel Time: 525.2 ms, GC Workers: 2]
      [GC Worker Start (ms): Min: 32772370.1, Avg: 32772370.1, Max: 32772370.1, Diff: 0.0]
      [Ext Root Scanning (ms): Min: 72.8, Avg: 82.0, Max: 91.3, Diff: 18.6, Sum: 164.1]
      [Update RS (ms): Min: 20.8, Avg: 33.2, Max: 45.5, Diff: 24.7, Sum: 66.3]
         [Processed Buffers: Min: 127, Avg: 134.0, Max: 141, Diff: 14, Sum: 268]
      [Scan RS (ms): Min: 98.7, Avg: 99.0, Max: 99.4, Diff: 0.7, Sum: 198.1]
      [Object Copy (ms): Min: 308.0, Avg: 310.7, Max: 313.5, Diff: 5.5, Sum: 621.4]
      [Termination (ms): Min: 0.0, Avg: 0.0, Max: 0.0, Diff: 0.0, Sum: 0.0]
      [GC Worker Other (ms): Min: 0.1, Avg: 0.2, Max: 0.2, Diff: 0.1, Sum: 0.3]
      [GC Worker Total (ms): Min: 525.1, Avg: 525.1, Max: 525.1, Diff: 0.0, Sum: 1050.2]
      [GC Worker End (ms): Min: 32772895.2, Avg: 32772895.2, Max: 32772895.2, Diff: 0.0]
   [Code Root Fixup: 0.0 ms]
   [Clear CT: 1.4 ms]
   [Other: 10.1 ms]
      [Choose CSet: 0.0 ms]
      [Ref Proc: 2.2 ms]
      [Ref Enq: 0.0 ms]
      [Free CSet: 4.4 ms]
   [Eden: 896.0M(896.0M)->0.0B(955.0M) Survivors: 128.0M->69.0M Heap: 2169.5M(3072.0M)->1291.5M(3072.0M)]
 [Times: user=1.06 sys=0.00, real=0.54 secs] 
32779.522: [GC pause (mixed)
Desired survivor size 67108864 bytes, new threshold 1 (max 32)
- age   1:   70194872 bytes,   70194872 total
, 0.4140640 secs]
   [Parallel Time: 399.0 ms, GC Workers: 2]
      [GC Worker Start (ms): Min: 32779524.6, Avg: 32779524.6, Max: 32779524.7, Diff: 0.0]
      [Ext Root Scanning (ms): Min: 81.0, Avg: 86.9, Max: 92.8, Diff: 11.8, Sum: 173.8]
      [Update RS (ms): Min: 23.4, Avg: 31.3, Max: 39.2, Diff: 15.8, Sum: 62.6]
         [Processed Buffers: Min: 72, Avg: 130.5, Max: 189, Diff: 117, Sum: 261]
      [Scan RS (ms): Min: 76.7, Avg: 76.7, Max: 76.8, Diff: 0.2, Sum: 153.5]
      [Object Copy (ms): Min: 201.8, Avg: 203.9, Max: 205.9, Diff: 4.1, Sum: 407.7]
      [Termination (ms): Min: 0.0, Avg: 0.0, Max: 0.0, Diff: 0.0, Sum: 0.0]
      [GC Worker Other (ms): Min: 0.1, Avg: 0.1, Max: 0.2, Diff: 0.1, Sum: 0.3]
      [GC Worker Total (ms): Min: 398.9, Avg: 398.9, Max: 399.0, Diff: 0.1, Sum: 797.9]
      [GC Worker End (ms): Min: 32779923.6, Avg: 32779923.6, Max: 32779923.6, Diff: 0.0]
   [Code Root Fixup: 0.0 ms]
   [Clear CT: 1.1 ms]
   [Other: 13.9 ms]
      [Choose CSet: 1.0 ms]
      [Ref Proc: 4.4 ms]
      [Ref Enq: 0.1 ms]
      [Free CSet: 5.0 ms]
   [Eden: 955.0M(955.0M)->0.0B(992.0M) Survivors: 69.0M->32.0M Heap: 2249.0M(3072.0M)->1235.5M(3072.0M)]
 [Times: user=0.81 sys=0.00, real=0.42 secs] 
32787.126: [GC pause (mixed)
Desired survivor size 67108864 bytes, new threshold 16 (max 32)
- age   1:   30939448 bytes,   30939448 total
, 0.3718520 secs]
   [Parallel Time: 353.4 ms, GC Workers: 2]
      [GC Worker Start (ms): Min: 32787128.9, Avg: 32787128.9, Max: 32787129.0, Diff: 0.1]
      [Ext Root Scanning (ms): Min: 74.1, Avg: 86.0, Max: 97.8, Diff: 23.7, Sum: 171.9]
      [Update RS (ms): Min: 22.5, Avg: 38.0, Max: 53.5, Diff: 30.9, Sum: 76.0]
         [Processed Buffers: Min: 129, Avg: 141.0, Max: 153, Diff: 24, Sum: 282]
      [Scan RS (ms): Min: 71.3, Avg: 71.7, Max: 72.0, Diff: 0.7, Sum: 143.4]
      [Object Copy (ms): Min: 154.2, Avg: 157.5, Max: 160.7, Diff: 6.5, Sum: 314.9]
      [Termination (ms): Min: 0.0, Avg: 0.0, Max: 0.0, Diff: 0.0, Sum: 0.0]
      [GC Worker Other (ms): Min: 0.1, Avg: 0.1, Max: 0.1, Diff: 0.0, Sum: 0.2]
      [GC Worker Total (ms): Min: 353.2, Avg: 353.2, Max: 353.2, Diff: 0.0, Sum: 706.5]
      [GC Worker End (ms): Min: 32787482.2, Avg: 32787482.2, Max: 32787482.2, Diff: 0.0]
   [Code Root Fixup: 0.0 ms]
   [Clear CT: 1.0 ms]
   [Other: 17.5 ms]
      [Choose CSet: 1.3 ms]
      [Ref Proc: 8.5 ms]
      [Ref Enq: 0.3 ms]
      [Free CSet: 4.9 ms]
   [Eden: 992.0M(992.0M)->0.0B(974.0M) Survivors: 32.0M->50.0M Heap: 2250.7M(3072.0M)->1208.7M(3072.0M)]
 [Times: user=0.72 sys=0.00, real=0.38 secs] 
32795.335: [GC pause (mixed)
Desired survivor size 67108864 bytes, new threshold 16 (max 32)
- age   1:   27825896 bytes,   27825896 total
- age   2:   21481600 bytes,   49307496 total
, 0.3823600 secs]
   [Parallel Time: 368.2 ms, GC Workers: 2]
      [GC Worker Start (ms): Min: 32795336.7, Avg: 32795336.7, Max: 32795336.7, Diff: 0.0]
      [Ext Root Scanning (ms): Min: 79.5, Avg: 85.5, Max: 91.5, Diff: 12.0, Sum: 171.0]
      [Update RS (ms): Min: 38.1, Avg: 46.4, Max: 54.7, Diff: 16.7, Sum: 92.8]
         [Processed Buffers: Min: 140, Avg: 143.5, Max: 147, Diff: 7, Sum: 287]
      [Scan RS (ms): Min: 75.2, Avg: 75.2, Max: 75.2, Diff: 0.0, Sum: 150.4]
      [Object Copy (ms): Min: 158.5, Avg: 160.9, Max: 163.2, Diff: 4.6, Sum: 321.7]
      [Termination (ms): Min: 0.0, Avg: 0.0, Max: 0.0, Diff: 0.0, Sum: 0.0]
      [GC Worker Other (ms): Min: 0.1, Avg: 0.1, Max: 0.1, Diff: 0.0, Sum: 0.3]
      [GC Worker Total (ms): Min: 368.0, Avg: 368.1, Max: 368.1, Diff: 0.0, Sum: 736.1]
      [GC Worker End (ms): Min: 32795704.7, Avg: 32795704.8, Max: 32795704.8, Diff: 0.0]
   [Code Root Fixup: 0.0 ms]
   [Clear CT: 1.4 ms]
   [Other: 12.7 ms]
      [Choose CSet: 0.8 ms]
      [Ref Proc: 6.2 ms]
      [Ref Enq: 0.1 ms]
      [Free CSet: 3.8 ms]
   [Eden: 974.0M(974.0M)->0.0B(958.0M) Survivors: 50.0M->66.0M Heap: 2202.9M(3072.0M)->1218.9M(3072.0M)]
 [Times: user=0.75 sys=0.00, real=0.38 secs] 
32803.399: [GC pause (young)
Desired survivor size 67108864 bytes, new threshold 16 (max 32)
- age   1:   34451088 bytes,   34451088 total
- age   2:   16139096 bytes,   50590184 total
- age   3:   15493904 bytes,   66084088 total
, 0.3043320 secs]
   [Parallel Time: 293.8 ms, GC Workers: 2]
      [GC Worker Start (ms): Min: 32803399.6, Avg: 32803399.7, Max: 32803399.7, Diff: 0.0]
      [Ext Root Scanning (ms): Min: 73.5, Avg: 82.6, Max: 91.6, Diff: 18.1, Sum: 165.2]
      [Update RS (ms): Min: 10.5, Avg: 22.5, Max: 34.6, Diff: 24.1, Sum: 45.1]
         [Processed Buffers: Min: 78, Avg: 152.0, Max: 226, Diff: 148, Sum: 304]
      [Scan RS (ms): Min: 39.5, Avg: 39.6, Max: 39.7, Diff: 0.3, Sum: 79.2]
      [Object Copy (ms): Min: 146.1, Avg: 148.9, Max: 151.7, Diff: 5.6, Sum: 297.8]
      [Termination (ms): Min: 0.0, Avg: 0.0, Max: 0.0, Diff: 0.0, Sum: 0.0]
      [GC Worker Other (ms): Min: 0.1, Avg: 0.1, Max: 0.1, Diff: 0.0, Sum: 0.2]
      [GC Worker Total (ms): Min: 293.7, Avg: 293.8, Max: 293.8, Diff: 0.0, Sum: 587.5]
      [GC Worker End (ms): Min: 32803693.4, Avg: 32803693.4, Max: 32803693.4, Diff: 0.0]
   [Code Root Fixup: 0.0 ms]
   [Clear CT: 0.6 ms]
   [Other: 9.8 ms]
      [Choose CSet: 0.0 ms]
      [Ref Proc: 5.8 ms]
      [Ref Enq: 0.1 ms]
      [Free CSet: 2.4 ms]
   [Eden: 958.0M(958.0M)->0.0B(944.0M) Survivors: 66.0M->80.0M Heap: 2252.8M(3072.0M)->1308.3M(3072.0M)]
 [Times: user=0.60 sys=0.00, real=0.31 secs] 
32809.717: [GC pause (young)
Desired survivor size 67108864 bytes, new threshold 3 (max 32)
- age   1:   39971472 bytes,   39971472 total
- age   2:   16074256 bytes,   56045728 total
- age   3:   11750168 bytes,   67795896 total
- age   4:   12356384 bytes,   80152280 total
, 0.4021440 secs]
   [Parallel Time: 392.7 ms, GC Workers: 2]
      [GC Worker Start (ms): Min: 32809717.3, Avg: 32809717.3, Max: 32809717.3, Diff: 0.0]
      [Ext Root Scanning (ms): Min: 80.2, Avg: 91.5, Max: 102.8, Diff: 22.6, Sum: 183.0]
      [Update RS (ms): Min: 8.6, Avg: 22.6, Max: 36.7, Diff: 28.1, Sum: 45.3]
         [Processed Buffers: Min: 70, Avg: 137.0, Max: 204, Diff: 134, Sum: 274]
      [Scan RS (ms): Min: 28.8, Avg: 29.0, Max: 29.2, Diff: 0.3, Sum: 58.0]
      [Object Copy (ms): Min: 246.3, Avg: 249.2, Max: 252.1, Diff: 5.8, Sum: 498.4]
      [Termination (ms): Min: 0.0, Avg: 0.0, Max: 0.0, Diff: 0.0, Sum: 0.0]
      [GC Worker Other (ms): Min: 0.1, Avg: 0.1, Max: 0.1, Diff: 0.0, Sum: 0.2]
      [GC Worker Total (ms): Min: 392.4, Avg: 392.5, Max: 392.5, Diff: 0.0, Sum: 784.9]
      [GC Worker End (ms): Min: 32810109.7, Avg: 32810109.8, Max: 32810109.8, Diff: 0.0]
   [Code Root Fixup: 0.0 ms]
   [Clear CT: 0.8 ms]
   [Other: 8.7 ms]
      [Choose CSet: 0.0 ms]
      [Ref Proc: 4.8 ms]
      [Ref Enq: 0.1 ms]
      [Free CSet: 2.3 ms]
   [Eden: 944.0M(944.0M)->0.0B(924.0M) Survivors: 80.0M->100.0M Heap: 2256.2M(3072.0M)->1354.2M(3072.0M)]
 [Times: user=0.79 sys=0.00, real=0.40 secs] 
32813.854: [GC pause (young)
Desired survivor size 67108864 bytes, new threshold 1 (max 32)
- age   1:   68167656 bytes,   68167656 total
- age   2:   19828648 bytes,   87996304 total
- age   3:   11386928 bytes,   99383232 total
, 0.5767080 secs]
   [Parallel Time: 568.8 ms, GC Workers: 2]
      [GC Worker Start (ms): Min: 32813854.7, Avg: 32813854.7, Max: 32813854.7, Diff: 0.0]
      [Ext Root Scanning (ms): Min: 77.3, Avg: 84.3, Max: 91.2, Diff: 13.9, Sum: 168.5]
      [Update RS (ms): Min: 2.0, Avg: 11.6, Max: 21.1, Diff: 19.1, Sum: 23.1]
         [Processed Buffers: Min: 11, Avg: 141.0, Max: 271, Diff: 260, Sum: 282]
      [Scan RS (ms): Min: 27.5, Avg: 27.5, Max: 27.5, Diff: 0.0, Sum: 55.0]
      [Object Copy (ms): Min: 442.6, Avg: 445.2, Max: 447.8, Diff: 5.2, Sum: 890.3]
      [Termination (ms): Min: 0.0, Avg: 0.0, Max: 0.0, Diff: 0.0, Sum: 0.0]
      [GC Worker Other (ms): Min: 0.1, Avg: 0.1, Max: 0.2, Diff: 0.1, Sum: 0.3]
      [GC Worker Total (ms): Min: 568.6, Avg: 568.6, Max: 568.7, Diff: 0.1, Sum: 1137.3]
      [GC Worker End (ms): Min: 32814423.3, Avg: 32814423.3, Max: 32814423.4, Diff: 0.1]
   [Code Root Fixup: 0.0 ms]
   [Clear CT: 0.6 ms]
   [Other: 7.3 ms]
      [Choose CSet: 0.0 ms]
      [Ref Proc: 3.0 ms]
      [Ref Enq: 0.0 ms]
      [Free CSet: 2.3 ms]
   [Eden: 814.0M(924.0M)->0.0B(911.0M) Survivors: 100.0M->113.0M Heap: 2180.2M(3072.0M)->1449.7M(3072.0M)]
 [Times: user=1.15 sys=0.00, real=0.57 secs] 
32814.442: [GC pause (young) (initial-mark)
Desired survivor size 67108864 bytes, new threshold 1 (max 32)
- age   1:  115004560 bytes,  115004560 total
, 0.5696650 secs]
   [Parallel Time: 523.7 ms, GC Workers: 2]
      [GC Worker Start (ms): Min: 32814443.3, Avg: 32814443.3, Max: 32814443.3, Diff: 0.0]
      [Ext Root Scanning (ms): Min: 66.0, Avg: 85.5, Max: 105.1, Diff: 39.1, Sum: 171.1]
      [Update RS (ms): Min: 149.2, Avg: 166.2, Max: 183.3, Diff: 34.1, Sum: 332.4]
         [Processed Buffers: Min: 307, Avg: 350.0, Max: 393, Diff: 86, Sum: 700]
      [Scan RS (ms): Min: 0.1, Avg: 0.3, Max: 0.5, Diff: 0.4, Sum: 0.6]
      [Object Copy (ms): Min: 269.1, Avg: 271.4, Max: 273.8, Diff: 4.7, Sum: 542.8]
      [Termination (ms): Min: 0.0, Avg: 0.0, Max: 0.0, Diff: 0.0, Sum: 0.0]
      [GC Worker Other (ms): Min: 0.1, Avg: 0.1, Max: 0.1, Diff: 0.0, Sum: 0.2]
      [GC Worker Total (ms): Min: 523.6, Avg: 523.6, Max: 523.6, Diff: 0.0, Sum: 1047.1]
      [GC Worker End (ms): Min: 32814966.8, Avg: 32814966.8, Max: 32814966.9, Diff: 0.0]
   [Code Root Fixup: 0.0 ms]
   [Clear CT: 0.2 ms]
   [Other: 45.8 ms]
      [Choose CSet: 0.0 ms]
      [Ref Proc: 42.2 ms]
      [Ref Enq: 0.0 ms]
      [Free CSet: 0.3 ms]
   [Eden: 2048.0K(911.0M)->0.0B(1023.0M) Survivors: 113.0M->1024.0K Heap: 1458.9M(3072.0M)->1458.2M(3072.0M)]
 [Times: user=1.08 sys=0.00, real=0.57 secs] 
32815.012: [GC concurrent-root-region-scan-start]
32815.013: [GC concurrent-root-region-scan-end, 0.0001650 secs]
32815.013: [GC concurrent-mark-start]
32817.314: [GC concurrent-mark-end, 2.3016890 secs]
32817.318: [GC remark 32817.321: [GC ref-proc, 0.2628530 secs], 0.3396420 secs]
 [Times: user=0.35 sys=0.00, real=0.34 secs] 
32817.661: [GC cleanup 1872M->1590M(3072M), 0.0301090 secs]
 [Times: user=0.06 sys=0.01, real=0.03 secs] 
32817.692: [GC concurrent-cleanup-start]
32817.692: [GC concurrent-cleanup-end, 0.0006930 secs]
32821.137: [GC pause (young)
Desired survivor size 67108864 bytes, new threshold 16 (max 32)
- age   1:      86856 bytes,      86856 total
, 0.3144050 secs]
   [Parallel Time: 302.6 ms, GC Workers: 2]
      [GC Worker Start (ms): Min: 32821138.8, Avg: 32821138.9, Max: 32821138.9, Diff: 0.0]
      [Ext Root Scanning (ms): Min: 75.1, Avg: 84.0, Max: 92.9, Diff: 17.8, Sum: 168.0]
      [Update RS (ms): Min: 35.4, Avg: 46.7, Max: 58.0, Diff: 22.6, Sum: 93.4]
         [Processed Buffers: Min: 126, Avg: 144.5, Max: 163, Diff: 37, Sum: 289]
      [Scan RS (ms): Min: 45.3, Avg: 45.5, Max: 45.6, Diff: 0.2, Sum: 90.9]
      [Object Copy (ms): Min: 123.6, Avg: 126.2, Max: 128.7, Diff: 5.0, Sum: 252.3]
      [Termination (ms): Min: 0.0, Avg: 0.0, Max: 0.0, Diff: 0.0, Sum: 0.0]
      [GC Worker Other (ms): Min: 0.1, Avg: 0.1, Max: 0.1, Diff: 0.0, Sum: 0.2]
      [GC Worker Total (ms): Min: 302.4, Avg: 302.4, Max: 302.4, Diff: 0.0, Sum: 604.9]
      [GC Worker End (ms): Min: 32821441.3, Avg: 32821441.3, Max: 32821441.3, Diff: 0.0]
   [Code Root Fixup: 0.0 ms]
   [Clear CT: 0.8 ms]
   [Other: 11.0 ms]
      [Choose CSet: 0.0 ms]
      [Ref Proc: 3.7 ms]
      [Ref Enq: 0.1 ms]
      [Free CSet: 4.6 ms]
   [Eden: 1023.0M(1023.0M)->0.0B(981.0M) Survivors: 1024.0K->43.0M Heap: 2211.2M(3072.0M)->1229.7M(3072.0M)]
 [Times: user=0.62 sys=0.01, real=0.31 secs] 
32827.172: [GC pause (mixed)
Desired survivor size 67108864 bytes, new threshold 16 (max 32)
- age   1:   42226584 bytes,   42226584 total
- age   2:      57264 bytes,   42283848 total
, 0.3887120 secs]
   [Parallel Time: 375.2 ms, GC Workers: 2]
      [GC Worker Start (ms): Min: 32827173.9, Avg: 32827173.9, Max: 32827173.9, Diff: 0.0]
      [Ext Root Scanning (ms): Min: 81.4, Avg: 87.1, Max: 92.8, Diff: 11.4, Sum: 174.2]
      [Update RS (ms): Min: 34.9, Avg: 43.2, Max: 51.4, Diff: 16.5, Sum: 86.4]
         [Processed Buffers: Min: 159, Avg: 168.0, Max: 177, Diff: 18, Sum: 336]
      [Scan RS (ms): Min: 59.3, Avg: 59.4, Max: 59.5, Diff: 0.2, Sum: 118.8]
      [Object Copy (ms): Min: 182.7, Avg: 185.3, Max: 187.9, Diff: 5.1, Sum: 370.6]
      [Termination (ms): Min: 0.0, Avg: 0.0, Max: 0.0, Diff: 0.0, Sum: 0.0]
      [GC Worker Other (ms): Min: 0.1, Avg: 0.1, Max: 0.1, Diff: 0.0, Sum: 0.2]
      [GC Worker Total (ms): Min: 375.1, Avg: 375.1, Max: 375.1, Diff: 0.0, Sum: 750.2]
      [GC Worker End (ms): Min: 32827549.0, Avg: 32827549.0, Max: 32827549.0, Diff: 0.0]
   [Code Root Fixup: 0.0 ms]
   [Clear CT: 0.9 ms]
   [Other: 12.6 ms]
      [Choose CSet: 0.5 ms]
      [Ref Proc: 4.6 ms]
      [Ref Enq: 0.1 ms]
      [Free CSet: 5.1 ms]
   [Eden: 981.0M(981.0M)->0.0B(947.0M) Survivors: 43.0M->77.0M Heap: 2221.2M(3072.0M)->1177.7M(3072.0M)]
 [Times: user=0.76 sys=0.00, real=0.39 secs] 
32833.178: [GC pause (mixed)
Desired survivor size 67108864 bytes, new threshold 2 (max 32)
- age   1:   39394008 bytes,   39394008 total
- age   2:   37601776 bytes,   76995784 total
- age   3:      57264 bytes,   77053048 total
, 0.4924570 secs]
   [Parallel Time: 478.6 ms, GC Workers: 2]
      [GC Worker Start (ms): Min: 32833180.7, Avg: 32833180.7, Max: 32833180.7, Diff: 0.0]
      [Ext Root Scanning (ms): Min: 75.2, Avg: 85.2, Max: 95.3, Diff: 20.1, Sum: 170.5]
      [Update RS (ms): Min: 58.2, Avg: 71.4, Max: 84.6, Diff: 26.4, Sum: 142.8]
         [Processed Buffers: Min: 68, Avg: 155.0, Max: 242, Diff: 174, Sum: 310]
      [Scan RS (ms): Min: 81.8, Avg: 81.8, Max: 81.9, Diff: 0.0, Sum: 163.7]
      [Object Copy (ms): Min: 236.7, Avg: 239.8, Max: 243.0, Diff: 6.3, Sum: 479.7]
      [Termination (ms): Min: 0.0, Avg: 0.0, Max: 0.0, Diff: 0.0, Sum: 0.0]
      [GC Worker Other (ms): Min: 0.1, Avg: 0.1, Max: 0.1, Diff: 0.0, Sum: 0.2]
      [GC Worker Total (ms): Min: 478.4, Avg: 478.4, Max: 478.5, Diff: 0.0, Sum: 956.9]
      [GC Worker End (ms): Min: 32833659.1, Avg: 32833659.2, Max: 32833659.2, Diff: 0.0]
   [Code Root Fixup: 0.0 ms]
   [Clear CT: 0.9 ms]
   [Other: 13.0 ms]
      [Choose CSet: 1.0 ms]
      [Ref Proc: 4.8 ms]
      [Ref Enq: 0.1 ms]
      [Free CSet: 4.6 ms]
   [Eden: 947.0M(947.0M)->0.0B(962.0M) Survivors: 77.0M->62.0M Heap: 2148.4M(3072.0M)->1125.9M(3072.0M)]
 [Times: user=0.97 sys=0.00, real=0.49 secs] 
32840.402: [GC pause (mixed)
Desired survivor size 67108864 bytes, new threshold 16 (max 32)
- age   1:   29886568 bytes,   29886568 total
- age   2:   32003936 bytes,   61890504 total
, 0.4818990 secs]
   [Parallel Time: 468.6 ms, GC Workers: 2]
      [GC Worker Start (ms): Min: 32840404.8, Avg: 32840404.8, Max: 32840404.8, Diff: 0.0]
      [Ext Root Scanning (ms): Min: 77.0, Avg: 84.6, Max: 92.2, Diff: 15.2, Sum: 169.2]
      [Update RS (ms): Min: 63.3, Avg: 73.5, Max: 83.7, Diff: 20.4, Sum: 147.0]
         [Processed Buffers: Min: 64, Avg: 159.0, Max: 254, Diff: 190, Sum: 318]
      [Scan RS (ms): Min: 86.0, Avg: 86.0, Max: 86.1, Diff: 0.1, Sum: 172.1]
      [Object Copy (ms): Min: 221.6, Avg: 224.3, Max: 226.9, Diff: 5.3, Sum: 448.5]
      [Termination (ms): Min: 0.0, Avg: 0.0, Max: 0.0, Diff: 0.0, Sum: 0.0]
      [GC Worker Other (ms): Min: 0.1, Avg: 0.1, Max: 0.1, Diff: 0.0, Sum: 0.2]
      [GC Worker Total (ms): Min: 468.5, Avg: 468.5, Max: 468.5, Diff: 0.0, Sum: 937.0]
      [GC Worker End (ms): Min: 32840873.3, Avg: 32840873.3, Max: 32840873.3, Diff: 0.0]
   [Code Root Fixup: 0.0 ms]
   [Clear CT: 0.9 ms]
   [Other: 12.5 ms]
      [Choose CSet: 1.4 ms]
      [Ref Proc: 3.6 ms]
      [Ref Enq: 0.1 ms]
      [Free CSet: 5.4 ms]
   [Eden: 962.0M(962.0M)->0.0B(934.0M) Survivors: 62.0M->90.0M Heap: 2108.1M(3072.0M)->1080.1M(3072.0M)]
 [Times: user=0.96 sys=0.00, real=0.48 secs] 
32846.601: [GC pause (mixed)
Desired survivor size 67108864 bytes, new threshold 3 (max 32)
- age   1:   38500672 bytes,   38500672 total
- age   2:   27143336 bytes,   65644008 total
- age   3:   27091752 bytes,   92735760 total
, 0.5496470 secs]
   [Parallel Time: 536.4 ms, GC Workers: 2]
      [GC Worker Start (ms): Min: 32846603.9, Avg: 32846603.9, Max: 32846603.9, Diff: 0.1]
      [Ext Root Scanning (ms): Min: 76.6, Avg: 88.0, Max: 99.4, Diff: 22.8, Sum: 176.1]
      [Update RS (ms): Min: 58.0, Avg: 72.6, Max: 87.3, Diff: 29.3, Sum: 145.2]
         [Processed Buffers: Min: 138, Avg: 152.5, Max: 167, Diff: 29, Sum: 305]
      [Scan RS (ms): Min: 88.2, Avg: 88.3, Max: 88.4, Diff: 0.2, Sum: 176.5]
      [Object Copy (ms): Min: 284.0, Avg: 287.2, Max: 290.4, Diff: 6.4, Sum: 574.5]
      [Termination (ms): Min: 0.0, Avg: 0.0, Max: 0.0, Diff: 0.0, Sum: 0.0]
      [GC Worker Other (ms): Min: 0.1, Avg: 0.1, Max: 0.1, Diff: 0.0, Sum: 0.2]
      [GC Worker Total (ms): Min: 536.2, Avg: 536.3, Max: 536.3, Diff: 0.0, Sum: 1072.5]
      [GC Worker End (ms): Min: 32847140.2, Avg: 32847140.2, Max: 32847140.2, Diff: 0.0]
   [Code Root Fixup: 0.0 ms]
   [Clear CT: 1.0 ms]
   [Other: 12.2 ms]
      [Choose CSet: 1.2 ms]
      [Ref Proc: 3.4 ms]
      [Ref Enq: 0.1 ms]
      [Free CSet: 5.3 ms]
   [Eden: 934.0M(934.0M)->0.0B(926.0M) Survivors: 90.0M->98.0M Heap: 2075.7M(3072.0M)->1112.7M(3072.0M)]
 [Times: user=1.08 sys=0.00, real=0.55 secs] 
32852.349: [GC pause (young)
Desired survivor size 67108864 bytes, new threshold 2 (max 32)
- age   1:   47583040 bytes,   47583040 total
- age   2:   27774784 bytes,   75357824 total
- age   3:   25522592 bytes,  100880416 total
, 0.4583880 secs]
   [Parallel Time: 446.2 ms, GC Workers: 2]
      [GC Worker Start (ms): Min: 32852350.9, Avg: 32852350.9, Max: 32852351.0, Diff: 0.1]
      [Ext Root Scanning (ms): Min: 75.6, Avg: 84.0, Max: 92.3, Diff: 16.6, Sum: 167.9]
      [Update RS (ms): Min: 36.9, Avg: 47.2, Max: 57.6, Diff: 20.7, Sum: 94.4]
         [Processed Buffers: Min: 116, Avg: 143.5, Max: 171, Diff: 55, Sum: 287]
      [Scan RS (ms): Min: 63.0, Avg: 63.1, Max: 63.1, Diff: 0.0, Sum: 126.1]
      [Object Copy (ms): Min: 249.4, Avg: 251.6, Max: 253.9, Diff: 4.4, Sum: 503.3]
      [Termination (ms): Min: 0.0, Avg: 0.0, Max: 0.0, Diff: 0.0, Sum: 0.0]
      [GC Worker Other (ms): Min: 0.1, Avg: 0.1, Max: 0.1, Diff: 0.1, Sum: 0.2]
      [GC Worker Total (ms): Min: 445.9, Avg: 446.0, Max: 446.1, Diff: 0.3, Sum: 892.0]
      [GC Worker End (ms): Min: 32852796.8, Avg: 32852796.9, Max: 32852797.0, Diff: 0.2]
   [Code Root Fixup: 0.0 ms]
   [Clear CT: 1.1 ms]
   [Other: 11.0 ms]
      [Choose CSet: 0.0 ms]
      [Ref Proc: 4.0 ms]
      [Ref Enq: 0.1 ms]
      [Free CSet: 4.1 ms]
   [Eden: 926.0M(926.0M)->0.0B(962.0M) Survivors: 98.0M->62.0M Heap: 2045.7M(3072.0M)->1132.0M(3072.0M)]
 [Times: user=0.90 sys=0.00, real=0.45 secs] 
32859.044: [GC pause (young)
Desired survivor size 67108864 bytes, new threshold 16 (max 32)
- age   1:   33933344 bytes,   33933344 total
- age   2:   28946864 bytes,   62880208 total
, 0.4159130 secs]
   [Parallel Time: 401.4 ms, GC Workers: 2]
      [GC Worker Start (ms): Min: 32859045.6, Avg: 32859045.6, Max: 32859045.6, Diff: 0.0]
      [Ext Root Scanning (ms): Min: 77.7, Avg: 84.8, Max: 92.0, Diff: 14.4, Sum: 169.7]
      [Update RS (ms): Min: 10.6, Avg: 20.4, Max: 30.1, Diff: 19.5, Sum: 40.7]
         [Processed Buffers: Min: 106, Avg: 167.5, Max: 229, Diff: 123, Sum: 335]
      [Scan RS (ms): Min: 79.5, Avg: 79.5, Max: 79.6, Diff: 0.1, Sum: 159.1]
      [Object Copy (ms): Min: 213.8, Avg: 216.4, Max: 218.9, Diff: 5.2, Sum: 432.7]
      [Termination (ms): Min: 0.0, Avg: 0.0, Max: 0.0, Diff: 0.0, Sum: 0.0]
      [GC Worker Other (ms): Min: 0.1, Avg: 0.1, Max: 0.1, Diff: 0.0, Sum: 0.2]
      [GC Worker Total (ms): Min: 401.2, Avg: 401.2, Max: 401.2, Diff: 0.1, Sum: 802.4]
      [GC Worker End (ms): Min: 32859446.8, Avg: 32859446.8, Max: 32859446.8, Diff: 0.0]
   [Code Root Fixup: 0.0 ms]
   [Clear CT: 0.8 ms]
   [Other: 13.8 ms]
      [Choose CSet: 0.0 ms]
      [Ref Proc: 5.1 ms]
      [Ref Enq: 0.1 ms]
      [Free CSet: 5.9 ms]
   [Eden: 962.0M(962.0M)->0.0B(935.0M) Survivors: 62.0M->89.0M Heap: 2145.2M(3072.0M)->1209.7M(3072.0M)]
 [Times: user=0.81 sys=0.00, real=0.41 secs] 
32863.455: [GC pause (young)
Desired survivor size 67108864 bytes, new threshold 3 (max 32)
- age   1:   40014608 bytes,   40014608 total
- age   2:   25763224 bytes,   65777832 total
- age   3:   24828600 bytes,   90606432 total
, 0.4916660 secs]
   [Parallel Time: 480.0 ms, GC Workers: 2]
      [GC Worker Start (ms): Min: 32863456.5, Avg: 32863456.5, Max: 32863456.5, Diff: 0.0]
      [Ext Root Scanning (ms): Min: 74.9, Avg: 83.5, Max: 92.1, Diff: 17.2, Sum: 167.0]
      [Update RS (ms): Min: 22.5, Avg: 33.6, Max: 44.6, Diff: 22.1, Sum: 67.1]
         [Processed Buffers: Min: 88, Avg: 151.5, Max: 215, Diff: 127, Sum: 303]
      [Scan RS (ms): Min: 93.8, Avg: 93.9, Max: 93.9, Diff: 0.1, Sum: 187.7]
      [Object Copy (ms): Min: 266.4, Avg: 268.8, Max: 271.2, Diff: 4.8, Sum: 537.6]
      [Termination (ms): Min: 0.0, Avg: 0.0, Max: 0.0, Diff: 0.0, Sum: 0.0]
      [GC Worker Other (ms): Min: 0.1, Avg: 0.1, Max: 0.1, Diff: 0.0, Sum: 0.3]
      [GC Worker Total (ms): Min: 479.8, Avg: 479.9, Max: 479.9, Diff: 0.1, Sum: 959.7]
      [GC Worker End (ms): Min: 32863936.4, Avg: 32863936.4, Max: 32863936.4, Diff: 0.0]
   [Code Root Fixup: 0.0 ms]
   [Clear CT: 0.8 ms]
   [Other: 10.9 ms]
      [Choose CSet: 0.0 ms]
      [Ref Proc: 3.4 ms]
      [Ref Enq: 0.0 ms]
      [Free CSet: 4.8 ms]
   [Eden: 935.0M(935.0M)->0.0B(930.0M) Survivors: 89.0M->94.0M Heap: 2156.7M(3072.0M)->1250.4M(3072.0M)]
 [Times: user=0.97 sys=0.00, real=0.49 secs] 
32869.066: [GC pause (young)
Desired survivor size 67108864 bytes, new threshold 2 (max 32)
- age   1:   40852272 bytes,   40852272 total
- age   2:   32526632 bytes,   73378904 total
- age   3:   23271576 bytes,   96650480 total
, 0.5649420 secs]
   [Parallel Time: 553.2 ms, GC Workers: 2]
      [GC Worker Start (ms): Min: 32869067.6, Avg: 32869067.6, Max: 32869067.6, Diff: 0.0]
      [Ext Root Scanning (ms): Min: 75.5, Avg: 86.5, Max: 97.5, Diff: 22.0, Sum: 172.9]
      [Update RS (ms): Min: 59.4, Avg: 73.2, Max: 87.1, Diff: 27.6, Sum: 146.5]
         [Processed Buffers: Min: 80, Avg: 146.5, Max: 213, Diff: 133, Sum: 293]
      [Scan RS (ms): Min: 83.5, Avg: 83.6, Max: 83.6, Diff: 0.2, Sum: 167.1]
      [Object Copy (ms): Min: 307.0, Avg: 309.8, Max: 312.5, Diff: 5.5, Sum: 619.6]
      [Termination (ms): Min: 0.0, Avg: 0.0, Max: 0.0, Diff: 0.0, Sum: 0.0]
      [GC Worker Other (ms): Min: 0.1, Avg: 0.1, Max: 0.1, Diff: 0.0, Sum: 0.2]
      [GC Worker Total (ms): Min: 553.2, Avg: 553.2, Max: 553.2, Diff: 0.0, Sum: 1106.3]
      [GC Worker End (ms): Min: 32869620.7, Avg: 32869620.7, Max: 32869620.7, Diff: 0.0]
   [Code Root Fixup: 0.0 ms]
   [Clear CT: 0.6 ms]
   [Other: 11.1 ms]
      [Choose CSet: 0.0 ms]
      [Ref Proc: 3.6 ms]
      [Ref Enq: 0.1 ms]
      [Free CSet: 4.5 ms]
   [Eden: 930.0M(930.0M)->0.0B(935.0M) Survivors: 94.0M->89.0M Heap: 2183.4M(3072.0M)->1296.9M(3072.0M)]
 [Times: user=1.11 sys=0.00, real=0.56 secs] 
32873.870: [GC pause (young)
Desired survivor size 67108864 bytes, new threshold 2 (max 32)
- age   1:   57716936 bytes,   57716936 total
- age   2:   32113264 bytes,   89830200 total
, 0.5043990 secs]
   [Parallel Time: 492.6 ms, GC Workers: 2]
      [GC Worker Start (ms): Min: 32873871.8, Avg: 32873871.8, Max: 32873871.8, Diff: 0.0]
      [Ext Root Scanning (ms): Min: 74.2, Avg: 83.3, Max: 92.4, Diff: 18.2, Sum: 166.6]
      [Update RS (ms): Min: 15.2, Avg: 27.0, Max: 38.7, Diff: 23.5, Sum: 53.9]
         [Processed Buffers: Min: 65, Avg: 158.0, Max: 251, Diff: 186, Sum: 316]
      [Scan RS (ms): Min: 67.6, Avg: 67.7, Max: 67.7, Diff: 0.1, Sum: 135.3]
      [Object Copy (ms): Min: 312.0, Avg: 314.5, Max: 317.1, Diff: 5.1, Sum: 629.1]
      [Termination (ms): Min: 0.0, Avg: 0.0, Max: 0.0, Diff: 0.0, Sum: 0.0]
      [GC Worker Other (ms): Min: 0.1, Avg: 0.1, Max: 0.1, Diff: 0.0, Sum: 0.2]
      [GC Worker Total (ms): Min: 492.5, Avg: 492.5, Max: 492.6, Diff: 0.0, Sum: 985.1]
      [GC Worker End (ms): Min: 32874364.3, Avg: 32874364.3, Max: 32874364.3, Diff: 0.0]
   [Code Root Fixup: 0.0 ms]
   [Clear CT: 0.7 ms]
   [Other: 11.0 ms]
      [Choose CSet: 0.0 ms]
      [Ref Proc: 4.2 ms]
      [Ref Enq: 0.1 ms]
      [Free CSet: 4.4 ms]
   [Eden: 819.0M(935.0M)->0.0B(922.0M) Survivors: 89.0M->102.0M Heap: 2126.5M(3072.0M)->1350.9M(3072.0M)]
 [Times: user=0.99 sys=0.00, real=0.51 secs] 
32880.351: [GC pause (young)
Desired survivor size 67108864 bytes, new threshold 2 (max 32)
- age   1:   56876424 bytes,   56876424 total
- age   2:   48166720 bytes,  105043144 total
, 0.5680260 secs]
   [Parallel Time: 555.3 ms, GC Workers: 2]
      [GC Worker Start (ms): Min: 32880353.4, Avg: 32880353.4, Max: 32880353.4, Diff: 0.0]
      [Ext Root Scanning (ms): Min: 78.1, Avg: 86.5, Max: 94.8, Diff: 16.7, Sum: 172.9]
      [Update RS (ms): Min: 52.8, Avg: 64.3, Max: 75.7, Diff: 22.9, Sum: 128.5]
         [Processed Buffers: Min: 56, Avg: 139.0, Max: 222, Diff: 166, Sum: 278]
      [Scan RS (ms): Min: 76.4, Avg: 76.5, Max: 76.6, Diff: 0.2, Sum: 152.9]
      [Object Copy (ms): Min: 324.9, Avg: 327.9, Max: 330.9, Diff: 6.0, Sum: 655.8]
      [Termination (ms): Min: 0.0, Avg: 0.0, Max: 0.0, Diff: 0.0, Sum: 0.0]
      [GC Worker Other (ms): Min: 0.1, Avg: 0.1, Max: 0.1, Diff: 0.0, Sum: 0.2]
      [GC Worker Total (ms): Min: 555.2, Avg: 555.2, Max: 555.2, Diff: 0.0, Sum: 1110.4]
      [GC Worker End (ms): Min: 32880908.6, Avg: 32880908.6, Max: 32880908.6, Diff: 0.0]
   [Code Root Fixup: 0.0 ms]
   [Clear CT: 0.6 ms]
   [Other: 12.1 ms]
      [Choose CSet: 0.0 ms]
      [Ref Proc: 3.7 ms]
      [Ref Enq: 0.0 ms]
      [Free CSet: 5.4 ms]
   [Eden: 922.0M(922.0M)->0.0B(930.0M) Survivors: 102.0M->94.0M Heap: 2289.0M(3072.0M)->1403.5M(3072.0M)]
 [Times: user=1.12 sys=0.00, real=0.57 secs] 
32882.586: [GC pause (young) (initial-mark)
Desired survivor size 67108864 bytes, new threshold 2 (max 32)
- age   1:   44557632 bytes,   44557632 total
- age   2:   52207832 bytes,   96765464 total
, 0.4816570 secs]
   [Parallel Time: 475.2 ms, GC Workers: 2]
      [GC Worker Start (ms): Min: 32882587.5, Avg: 32882587.5, Max: 32882587.5, Diff: 0.0]
      [Ext Root Scanning (ms): Min: 65.1, Avg: 85.8, Max: 106.5, Diff: 41.4, Sum: 171.7]
      [Update RS (ms): Min: 41.6, Avg: 60.1, Max: 78.5, Diff: 36.9, Sum: 120.1]
         [Processed Buffers: Min: 53, Avg: 131.5, Max: 210, Diff: 157, Sum: 263]
      [Scan RS (ms): Min: 63.0, Avg: 63.0, Max: 63.1, Diff: 0.1, Sum: 126.1]
      [Object Copy (ms): Min: 263.8, Avg: 266.0, Max: 268.3, Diff: 4.4, Sum: 532.1]
      [Termination (ms): Min: 0.0, Avg: 0.0, Max: 0.0, Diff: 0.0, Sum: 0.0]
      [GC Worker Other (ms): Min: 0.1, Avg: 0.1, Max: 0.1, Diff: 0.0, Sum: 0.3]
      [GC Worker Total (ms): Min: 475.1, Avg: 475.1, Max: 475.1, Diff: 0.0, Sum: 950.2]
      [GC Worker End (ms): Min: 32883062.5, Avg: 32883062.6, Max: 32883062.6, Diff: 0.0]
   [Code Root Fixup: 0.0 ms]
   [Clear CT: 0.6 ms]
   [Other: 5.9 ms]
      [Choose CSet: 0.0 ms]
      [Ref Proc: 1.2 ms]
      [Ref Enq: 0.0 ms]
      [Free CSet: 1.8 ms]
   [Eden: 314.0M(930.0M)->0.0B(965.0M) Survivors: 94.0M->59.0M Heap: 1717.5M(3072.0M)->1418.0M(3072.0M)]
 [Times: user=0.95 sys=0.01, real=0.48 secs] 
32883.068: [GC concurrent-root-region-scan-start]
32883.343: [GC concurrent-root-region-scan-end, 0.2750090 secs]
32883.343: [GC concurrent-mark-start]
32885.243: [GC pause (young)
Desired survivor size 67108864 bytes, new threshold 16 (max 32)
- age   1:   19532160 bytes,   19532160 total
- age   2:   40464376 bytes,   59996536 total
, 0.2967910 secs]
   [Parallel Time: 291.4 ms, GC Workers: 2]
      [GC Worker Start (ms): Min: 32885244.2, Avg: 32885244.3, Max: 32885244.3, Diff: 0.0]
      [Ext Root Scanning (ms): Min: 74.4, Avg: 84.7, Max: 95.1, Diff: 20.7, Sum: 169.5]
      [SATB Filtering (ms): Min: 0.0, Avg: 0.4, Max: 0.7, Diff: 0.7, Sum: 0.7]
      [Update RS (ms): Min: 48.9, Avg: 61.7, Max: 74.5, Diff: 25.6, Sum: 123.4]
         [Processed Buffers: Min: 100, Avg: 174.0, Max: 248, Diff: 148, Sum: 348]
      [Scan RS (ms): Min: 33.6, Avg: 33.7, Max: 33.7, Diff: 0.0, Sum: 67.3]
      [Object Copy (ms): Min: 107.6, Avg: 110.4, Max: 113.3, Diff: 5.7, Sum: 220.9]
      [Termination (ms): Min: 0.0, Avg: 0.0, Max: 0.0, Diff: 0.0, Sum: 0.0]
      [GC Worker Other (ms): Min: 0.1, Avg: 0.3, Max: 0.4, Diff: 0.2, Sum: 0.5]
      [GC Worker Total (ms): Min: 291.0, Avg: 291.2, Max: 291.3, Diff: 0.3, Sum: 582.3]
      [GC Worker End (ms): Min: 32885535.3, Avg: 32885535.4, Max: 32885535.5, Diff: 0.3]
   [Code Root Fixup: 0.0 ms]
   [Clear CT: 0.4 ms]
   [Other: 5.0 ms]
      [Choose CSet: 0.0 ms]
      [Ref Proc: 1.9 ms]
      [Ref Enq: 0.1 ms]
      [Free CSet: 1.4 ms]
   [Eden: 291.0M(965.0M)->0.0B(964.0M) Survivors: 59.0M->60.0M Heap: 1782.5M(3072.0M)->1492.8M(3072.0M)]
 [Times: user=0.58 sys=0.01, real=0.30 secs] 
32885.958: [GC pause (young)
Desired survivor size 67108864 bytes, new threshold 16 (max 32)
- age   1:   19070984 bytes,   19070984 total
- age   2:   10760256 bytes,   29831240 total
- age   3:   31291848 bytes,   61123088 total
, 0.2808010 secs]
   [Parallel Time: 277.8 ms, GC Workers: 2]
      [GC Worker Start (ms): Min: 32885958.8, Avg: 32885958.8, Max: 32885958.8, Diff: 0.0]
      [Ext Root Scanning (ms): Min: 74.6, Avg: 84.8, Max: 94.9, Diff: 20.3, Sum: 169.5]
      [SATB Filtering (ms): Min: 0.0, Avg: 0.3, Max: 0.6, Diff: 0.6, Sum: 0.6]
      [Update RS (ms): Min: 40.2, Avg: 52.5, Max: 64.9, Diff: 24.7, Sum: 105.0]
         [Processed Buffers: Min: 77, Avg: 119.5, Max: 162, Diff: 85, Sum: 239]
      [Scan RS (ms): Min: 32.9, Avg: 33.0, Max: 33.1, Diff: 0.2, Sum: 65.9]
      [Object Copy (ms): Min: 104.7, Avg: 107.1, Max: 109.5, Diff: 4.8, Sum: 214.1]
      [Termination (ms): Min: 0.0, Avg: 0.0, Max: 0.0, Diff: 0.0, Sum: 0.0]
      [GC Worker Other (ms): Min: 0.1, Avg: 0.1, Max: 0.1, Diff: 0.0, Sum: 0.2]
      [GC Worker Total (ms): Min: 277.7, Avg: 277.7, Max: 277.7, Diff: 0.0, Sum: 555.5]
      [GC Worker End (ms): Min: 32886236.5, Avg: 32886236.5, Max: 32886236.5, Diff: 0.0]
   [Code Root Fixup: 0.0 ms]
   [Clear CT: 0.3 ms]
   [Other: 2.7 ms]
      [Choose CSet: 0.0 ms]
      [Ref Proc: 0.9 ms]
      [Ref Enq: 0.0 ms]
      [Free CSet: 0.6 ms]
   [Eden: 36.0M(964.0M)->0.0B(966.0M) Survivors: 60.0M->58.0M Heap: 1552.3M(3072.0M)->1515.3M(3072.0M)]
 [Times: user=0.56 sys=0.00, real=0.28 secs] 
32887.512: [GC concurrent-mark-end, 4.1685050 secs]
32887.515: [GC remark 32887.516: [GC ref-proc, 0.0876690 secs], 0.1582240 secs]
 [Times: user=0.17 sys=0.00, real=0.16 secs] 
32887.675: [GC cleanup 1695M->1469M(3072M), 0.0287960 secs]
 [Times: user=0.05 sys=0.00, real=0.03 secs] 
32887.704: [GC concurrent-cleanup-start]
32887.704: [GC concurrent-cleanup-end, 0.0006030 secs]
32891.647: [GC pause (young)
Desired survivor size 67108864 bytes, new threshold 16 (max 32)
- age   1:    1969728 bytes,    1969728 total
- age   2:   15840736 bytes,   17810464 total
- age   3:   10581808 bytes,   28392272 total
- age   4:   31198920 bytes,   59591192 total
, 0.5618620 secs]
   [Parallel Time: 551.4 ms, GC Workers: 2]
      [GC Worker Start (ms): Min: 32891648.1, Avg: 32891648.1, Max: 32891648.1, Diff: 0.0]
      [Ext Root Scanning (ms): Min: 83.2, Avg: 87.6, Max: 92.0, Diff: 8.7, Sum: 175.2]
      [Update RS (ms): Min: 24.6, Avg: 31.1, Max: 37.7, Diff: 13.1, Sum: 62.2]
         [Processed Buffers: Min: 119, Avg: 130.5, Max: 142, Diff: 23, Sum: 261]
      [Scan RS (ms): Min: 70.0, Avg: 70.2, Max: 70.4, Diff: 0.5, Sum: 140.4]
      [Object Copy (ms): Min: 359.7, Avg: 362.1, Max: 364.6, Diff: 4.8, Sum: 724.3]
      [Termination (ms): Min: 0.0, Avg: 0.0, Max: 0.0, Diff: 0.0, Sum: 0.0]
      [GC Worker Other (ms): Min: 0.1, Avg: 0.1, Max: 0.1, Diff: 0.0, Sum: 0.2]
      [GC Worker Total (ms): Min: 551.2, Avg: 551.2, Max: 551.2, Diff: 0.0, Sum: 1102.3]
      [GC Worker End (ms): Min: 32892199.3, Avg: 32892199.3, Max: 32892199.3, Diff: 0.0]
   [Code Root Fixup: 0.0 ms]
   [Clear CT: 0.8 ms]
   [Other: 9.6 ms]
      [Choose CSet: 0.0 ms]
      [Ref Proc: 3.4 ms]
      [Ref Enq: 0.0 ms]
      [Free CSet: 3.7 ms]
   [Eden: 966.0M(966.0M)->0.0B(896.0M) Survivors: 58.0M->128.0M Heap: 2274.7M(3072.0M)->1408.7M(3072.0M)]
 [Times: user=1.11 sys=0.00, real=0.56 secs] 
32896.772: [GC pause (mixed)
Desired survivor size 67108864 bytes, new threshold 1 (max 32)
- age   1:  111146920 bytes,  111146920 total
- age   2:     364792 bytes,  111511712 total
- age   3:   14172144 bytes,  125683856 total
- age   4:    9033712 bytes,  134717568 total
- age   5:   28012840 bytes,  162730408 total
, 0.5905130 secs]
   [Parallel Time: 577.1 ms, GC Workers: 2]
      [GC Worker Start (ms): Min: 32896773.1, Avg: 32896773.1, Max: 32896773.1, Diff: 0.0]
      [Ext Root Scanning (ms): Min: 75.1, Avg: 83.6, Max: 92.1, Diff: 17.0, Sum: 167.2]
      [Update RS (ms): Min: 30.8, Avg: 42.4, Max: 53.9, Diff: 23.1, Sum: 84.7]
         [Processed Buffers: Min: 126, Avg: 137.5, Max: 149, Diff: 23, Sum: 275]
      [Scan RS (ms): Min: 102.0, Avg: 102.1, Max: 102.2, Diff: 0.2, Sum: 204.1]
      [Object Copy (ms): Min: 346.0, Avg: 348.9, Max: 351.9, Diff: 5.9, Sum: 697.8]
      [Termination (ms): Min: 0.0, Avg: 0.0, Max: 0.0, Diff: 0.0, Sum: 0.0]
      [GC Worker Other (ms): Min: 0.1, Avg: 0.1, Max: 0.1, Diff: 0.0, Sum: 0.2]
      [GC Worker Total (ms): Min: 577.0, Avg: 577.0, Max: 577.1, Diff: 0.0, Sum: 1154.1]
      [GC Worker End (ms): Min: 32897350.1, Avg: 32897350.1, Max: 32897350.2, Diff: 0.0]
   [Code Root Fixup: 0.0 ms]
   [Clear CT: 0.9 ms]
   [Other: 12.5 ms]
      [Choose CSet: 0.7 ms]
      [Ref Proc: 4.6 ms]
      [Ref Enq: 0.1 ms]
      [Free CSet: 4.3 ms]
   [Eden: 896.0M(896.0M)->0.0B(961.0M) Survivors: 128.0M->63.0M Heap: 2305.2M(3072.0M)->1416.6M(3072.0M)]
 [Times: user=1.17 sys=0.00, real=0.59 secs] 
32904.219: [GC pause (mixed)
Desired survivor size 67108864 bytes, new threshold 16 (max 32)
- age   1:   61211600 bytes,   61211600 total
, 0.3788450 secs]
   [Parallel Time: 362.0 ms, GC Workers: 2]
      [GC Worker Start (ms): Min: 32904221.2, Avg: 32904221.2, Max: 32904221.2, Diff: 0.0]
      [Ext Root Scanning (ms): Min: 76.0, Avg: 85.8, Max: 95.5, Diff: 19.5, Sum: 171.6]
      [Update RS (ms): Min: 15.1, Avg: 28.7, Max: 42.2, Diff: 27.1, Sum: 57.4]
         [Processed Buffers: Min: 138, Avg: 140.0, Max: 142, Diff: 4, Sum: 280]
      [Scan RS (ms): Min: 68.5, Avg: 68.5, Max: 68.6, Diff: 0.1, Sum: 137.0]
      [Object Copy (ms): Min: 174.9, Avg: 178.7, Max: 182.5, Diff: 7.7, Sum: 357.4]
      [Termination (ms): Min: 0.0, Avg: 0.0, Max: 0.0, Diff: 0.0, Sum: 0.0]
      [GC Worker Other (ms): Min: 0.1, Avg: 0.1, Max: 0.1, Diff: 0.0, Sum: 0.2]
      [GC Worker Total (ms): Min: 361.8, Avg: 361.8, Max: 361.8, Diff: 0.0, Sum: 723.6]
      [GC Worker End (ms): Min: 32904583.0, Avg: 32904583.0, Max: 32904583.0, Diff: 0.0]
   [Code Root Fixup: 0.0 ms]
   [Clear CT: 1.0 ms]
   [Other: 15.9 ms]
      [Choose CSet: 0.6 ms]
      [Ref Proc: 8.4 ms]
      [Ref Enq: 0.1 ms]
      [Free CSet: 4.2 ms]
   [Eden: 961.0M(961.0M)->0.0B(937.0M) Survivors: 63.0M->87.0M Heap: 2386.6M(3072.0M)->1425.2M(3072.0M)]
 [Times: user=0.73 sys=0.00, real=0.38 secs] 
32906.575: [GC pause (young) (initial-mark)
Desired survivor size 67108864 bytes, new threshold 2 (max 32)
- age   1:   34137296 bytes,   34137296 total
- age   2:   52972176 bytes,   87109472 total
, 0.3745810 secs]
   [Parallel Time: 368.3 ms, GC Workers: 2]
      [GC Worker Start (ms): Min: 32906576.3, Avg: 32906576.3, Max: 32906576.3, Diff: 0.0]
      [Ext Root Scanning (ms): Min: 71.9, Avg: 91.2, Max: 110.5, Diff: 38.6, Sum: 182.4]
      [Update RS (ms): Min: 29.6, Avg: 45.6, Max: 61.7, Diff: 32.1, Sum: 91.3]
         [Processed Buffers: Min: 83, Avg: 130.5, Max: 178, Diff: 95, Sum: 261]
      [Scan RS (ms): Min: 22.0, Avg: 22.0, Max: 22.0, Diff: 0.0, Sum: 44.0]
      [Object Copy (ms): Min: 206.0, Avg: 209.3, Max: 212.5, Diff: 6.5, Sum: 418.6]
      [Termination (ms): Min: 0.0, Avg: 0.0, Max: 0.0, Diff: 0.0, Sum: 0.0]
      [GC Worker Other (ms): Min: 0.1, Avg: 0.1, Max: 0.1, Diff: 0.0, Sum: 0.1]
      [GC Worker Total (ms): Min: 368.2, Avg: 368.2, Max: 368.2, Diff: 0.0, Sum: 736.4]
      [GC Worker End (ms): Min: 32906944.5, Avg: 32906944.5, Max: 32906944.5, Diff: 0.0]
   [Code Root Fixup: 0.0 ms]
   [Clear CT: 0.7 ms]
   [Other: 5.6 ms]
      [Choose CSet: 0.0 ms]
      [Ref Proc: 2.1 ms]
      [Ref Enq: 0.0 ms]
      [Free CSet: 1.2 ms]
   [Eden: 396.0M(937.0M)->0.0B(980.0M) Survivors: 87.0M->44.0M Heap: 1820.8M(3072.0M)->1432.9M(3072.0M)]
 [Times: user=0.74 sys=0.00, real=0.38 secs] 
32906.950: [GC concurrent-root-region-scan-start]
32907.027: [GC concurrent-root-region-scan-end, 0.0766880 secs]
32907.027: [GC concurrent-mark-start]
32908.714: [GC concurrent-mark-end, 1.6872550 secs]
32908.719: [GC remark 32908.721: [GC ref-proc, 0.1024940 secs], 0.1809730 secs]
 [Times: user=0.18 sys=0.00, real=0.18 secs] 
32908.902: [GC cleanup 1732M->1491M(3072M), 0.0316710 secs]
 [Times: user=0.06 sys=0.00, real=0.03 secs] 
32908.934: [GC concurrent-cleanup-start]
32908.935: [GC concurrent-cleanup-end, 0.0006150 secs]
32912.924: [GC pause (young)
Desired survivor size 67108864 bytes, new threshold 16 (max 32)
- age   1:   19365208 bytes,   19365208 total
- age   2:   23616088 bytes,   42981296 total
, 0.2847260 secs]
   [Parallel Time: 273.5 ms, GC Workers: 2]
      [GC Worker Start (ms): Min: 32912925.0, Avg: 32912925.0, Max: 32912925.0, Diff: 0.0]
      [Ext Root Scanning (ms): Min: 79.1, Avg: 87.8, Max: 96.4, Diff: 17.3, Sum: 175.5]
      [Update RS (ms): Min: 19.5, Avg: 30.4, Max: 41.4, Diff: 21.9, Sum: 60.9]
         [Processed Buffers: Min: 103, Avg: 135.5, Max: 168, Diff: 65, Sum: 271]
      [Scan RS (ms): Min: 27.1, Avg: 27.5, Max: 27.9, Diff: 0.8, Sum: 55.0]
      [Object Copy (ms): Min: 124.9, Avg: 127.6, Max: 130.2, Diff: 5.4, Sum: 255.1]
      [Termination (ms): Min: 0.0, Avg: 0.0, Max: 0.0, Diff: 0.0, Sum: 0.0]
      [GC Worker Other (ms): Min: 0.1, Avg: 0.1, Max: 0.1, Diff: 0.0, Sum: 0.3]
      [GC Worker Total (ms): Min: 273.4, Avg: 273.4, Max: 273.4, Diff: 0.0, Sum: 546.8]
      [GC Worker End (ms): Min: 32913198.4, Avg: 32913198.4, Max: 32913198.4, Diff: 0.0]
   [Code Root Fixup: 0.0 ms]
   [Clear CT: 0.7 ms]
   [Other: 10.5 ms]
      [Choose CSet: 0.0 ms]
      [Ref Proc: 5.4 ms]
      [Ref Enq: 0.1 ms]
      [Free CSet: 3.2 ms]
   [Eden: 980.0M(980.0M)->0.0B(967.0M) Survivors: 44.0M->57.0M Heap: 2179.2M(3072.0M)->1212.7M(3072.0M)]
 [Times: user=0.55 sys=0.00, real=0.28 secs] 
32919.264: [GC pause (mixed)
Desired survivor size 67108864 bytes, new threshold 16 (max 32)
- age   1:   34093624 bytes,   34093624 total
- age   2:    5389840 bytes,   39483464 total
- age   3:   17820584 bytes,   57304048 total
, 0.3388430 secs]
   [Parallel Time: 321.6 ms, GC Workers: 2]
      [GC Worker Start (ms): Min: 32919267.6, Avg: 32919267.7, Max: 32919267.7, Diff: 0.0]
      [Ext Root Scanning (ms): Min: 74.0, Avg: 82.3, Max: 90.6, Diff: 16.5, Sum: 164.6]
      [Update RS (ms): Min: 2.9, Avg: 14.1, Max: 25.3, Diff: 22.4, Sum: 28.1]
         [Processed Buffers: Min: 76, Avg: 154.5, Max: 233, Diff: 157, Sum: 309]
      [Scan RS (ms): Min: 71.5, Avg: 71.5, Max: 71.6, Diff: 0.1, Sum: 143.0]
      [Object Copy (ms): Min: 150.6, Avg: 153.5, Max: 156.4, Diff: 5.8, Sum: 307.0]
      [Termination (ms): Min: 0.0, Avg: 0.0, Max: 0.0, Diff: 0.0, Sum: 0.0]
      [GC Worker Other (ms): Min: 0.1, Avg: 0.1, Max: 0.1, Diff: 0.0, Sum: 0.2]
      [GC Worker Total (ms): Min: 321.5, Avg: 321.5, Max: 321.5, Diff: 0.0, Sum: 643.0]
      [GC Worker End (ms): Min: 32919589.1, Avg: 32919589.1, Max: 32919589.1, Diff: 0.0]
   [Code Root Fixup: 0.0 ms]
   [Clear CT: 0.9 ms]
   [Other: 16.3 ms]
      [Choose CSet: 1.6 ms]
      [Ref Proc: 6.3 ms]
      [Ref Enq: 0.1 ms]
      [Free CSet: 6.0 ms]
   [Eden: 967.0M(967.0M)->0.0B(956.0M) Survivors: 57.0M->68.0M Heap: 2207.9M(3072.0M)->994.2M(3072.0M)]
 [Times: user=0.65 sys=0.00, real=0.34 secs] 
32925.289: [GC pause (mixed)
Desired survivor size 67108864 bytes, new threshold 4 (max 32)
- age   1:   27724832 bytes,   27724832 total
- age   2:   18928416 bytes,   46653248 total
- age   3:    4692208 bytes,   51345456 total
- age   4:   15940224 bytes,   67285680 total
, 0.4226290 secs]
   [Parallel Time: 408.3 ms, GC Workers: 2]
      [GC Worker Start (ms): Min: 32925292.0, Avg: 32925292.0, Max: 32925292.1, Diff: 0.0]
      [Ext Root Scanning (ms): Min: 78.9, Avg: 90.3, Max: 101.6, Diff: 22.7, Sum: 180.6]
      [Update RS (ms): Min: 31.9, Avg: 46.5, Max: 61.0, Diff: 29.2, Sum: 92.9]
         [Processed Buffers: Min: 101, Avg: 153.5, Max: 206, Diff: 105, Sum: 307]
      [Scan RS (ms): Min: 77.3, Avg: 77.3, Max: 77.4, Diff: 0.1, Sum: 154.7]
      [Object Copy (ms): Min: 190.6, Avg: 193.9, Max: 197.2, Diff: 6.6, Sum: 387.7]
      [Termination (ms): Min: 0.0, Avg: 0.0, Max: 0.0, Diff: 0.0, Sum: 0.0]
      [GC Worker Other (ms): Min: 0.1, Avg: 0.1, Max: 0.1, Diff: 0.0, Sum: 0.2]
      [GC Worker Total (ms): Min: 408.0, Avg: 408.0, Max: 408.1, Diff: 0.0, Sum: 816.1]
      [GC Worker End (ms): Min: 32925700.1, Avg: 32925700.1, Max: 32925700.1, Diff: 0.0]
   [Code Root Fixup: 0.0 ms]
   [Clear CT: 1.0 ms]
   [Other: 13.4 ms]
      [Choose CSet: 1.7 ms]
      [Ref Proc: 4.9 ms]
      [Ref Enq: 0.1 ms]
      [Free CSet: 4.8 ms]
   [Eden: 956.0M(956.0M)->0.0B(962.0M) Survivors: 68.0M->62.0M Heap: 1977.4M(3072.0M)->927.9M(3072.0M)]
 [Times: user=0.83 sys=0.00, real=0.43 secs] 
32931.069: [GC pause (mixed)
Desired survivor size 67108864 bytes, new threshold 16 (max 32)
- age   1:   28300560 bytes,   28300560 total
- age   2:   16964744 bytes,   45265304 total
- age   3:   12390568 bytes,   57655872 total
- age   4:    3342232 bytes,   60998104 total
, 0.5284070 secs]
   [Parallel Time: 516.8 ms, GC Workers: 2]
      [GC Worker Start (ms): Min: 32931071.3, Avg: 32931071.3, Max: 32931071.3, Diff: 0.0]
      [Ext Root Scanning (ms): Min: 74.6, Avg: 84.5, Max: 94.3, Diff: 19.8, Sum: 168.9]
      [Update RS (ms): Min: 47.8, Avg: 60.1, Max: 72.4, Diff: 24.6, Sum: 120.1]
         [Processed Buffers: Min: 135, Avg: 140.0, Max: 145, Diff: 10, Sum: 280]
      [Scan RS (ms): Min: 66.6, Avg: 66.6, Max: 66.6, Diff: 0.0, Sum: 133.2]
      [Object Copy (ms): Min: 303.0, Avg: 305.4, Max: 307.9, Diff: 4.9, Sum: 610.8]
      [Termination (ms): Min: 0.0, Avg: 0.0, Max: 0.0, Diff: 0.0, Sum: 0.0]
      [GC Worker Other (ms): Min: 0.1, Avg: 0.1, Max: 0.1, Diff: 0.0, Sum: 0.2]
      [GC Worker Total (ms): Min: 516.6, Avg: 516.7, Max: 516.7, Diff: 0.0, Sum: 1033.3]
      [GC Worker End (ms): Min: 32931587.9, Avg: 32931587.9, Max: 32931587.9, Diff: 0.0]
   [Code Root Fixup: 0.0 ms]
   [Clear CT: 1.0 ms]
   [Other: 10.6 ms]
      [Choose CSet: 1.2 ms]
      [Ref Proc: 3.6 ms]
      [Ref Enq: 0.1 ms]
      [Free CSet: 4.0 ms]
   [Eden: 962.0M(962.0M)->0.0B(897.0M) Survivors: 62.0M->127.0M Heap: 1910.6M(3072.0M)->953.6M(3072.0M)]
 [Times: user=1.04 sys=0.00, real=0.53 secs] 
32935.524: [GC pause (young)
Desired survivor size 67108864 bytes, new threshold 1 (max 32)
- age   1:   82860184 bytes,   82860184 total
- age   2:   20109208 bytes,  102969392 total
- age   3:   14137032 bytes,  117106424 total
- age   4:   10236320 bytes,  127342744 total
- age   5:    2849848 bytes,  130192592 total
, 0.6970080 secs]
   [Parallel Time: 689.4 ms, GC Workers: 2]
      [GC Worker Start (ms): Min: 32935524.8, Avg: 32935524.8, Max: 32935524.9, Diff: 0.0]
      [Ext Root Scanning (ms): Min: 75.9, Avg: 83.7, Max: 91.4, Diff: 15.5, Sum: 167.3]
      [Update RS (ms): Min: 51.3, Avg: 62.2, Max: 73.0, Diff: 21.7, Sum: 124.4]
         [Processed Buffers: Min: 149, Avg: 156.0, Max: 163, Diff: 14, Sum: 312]
      [Scan RS (ms): Min: 25.4, Avg: 25.5, Max: 25.6, Diff: 0.2, Sum: 51.0]
      [Object Copy (ms): Min: 514.8, Avg: 517.7, Max: 520.7, Diff: 6.0, Sum: 1035.5]
      [Termination (ms): Min: 0.0, Avg: 0.0, Max: 0.1, Diff: 0.1, Sum: 0.1]
      [GC Worker Other (ms): Min: 0.1, Avg: 0.1, Max: 0.1, Diff: 0.0, Sum: 0.2]
      [GC Worker Total (ms): Min: 689.2, Avg: 689.2, Max: 689.2, Diff: 0.0, Sum: 1378.5]
      [GC Worker End (ms): Min: 32936214.1, Avg: 32936214.1, Max: 32936214.1, Diff: 0.0]
   [Code Root Fixup: 0.0 ms]
   [Clear CT: 0.7 ms]
   [Other: 6.9 ms]
      [Choose CSet: 0.0 ms]
      [Ref Proc: 2.0 ms]
      [Ref Enq: 0.0 ms]
      [Free CSet: 2.3 ms]
   [Eden: 897.0M(897.0M)->0.0B(907.0M) Survivors: 127.0M->117.0M Heap: 1851.6M(3072.0M)->1051.1M(3072.0M)]
 [Times: user=1.39 sys=0.00, real=0.69 secs] 
32941.569: [GC pause (young)
Desired survivor size 67108864 bytes, new threshold 1 (max 32)
- age   1:  118974304 bytes,  118974304 total
, 0.5835470 secs]
   [Parallel Time: 571.4 ms, GC Workers: 2]
      [GC Worker Start (ms): Min: 32941570.5, Avg: 32941570.6, Max: 32941570.6, Diff: 0.0]
      [Ext Root Scanning (ms): Min: 77.7, Avg: 86.5, Max: 95.2, Diff: 17.5, Sum: 173.0]
      [Update RS (ms): Min: 64.6, Avg: 75.7, Max: 86.9, Diff: 22.3, Sum: 151.5]
         [Processed Buffers: Min: 118, Avg: 146.0, Max: 174, Diff: 56, Sum: 292]
      [Scan RS (ms): Min: 86.6, Avg: 86.6, Max: 86.6, Diff: 0.1, Sum: 173.2]
      [Object Copy (ms): Min: 319.8, Avg: 322.3, Max: 324.8, Diff: 4.9, Sum: 644.6]
      [Termination (ms): Min: 0.0, Avg: 0.0, Max: 0.0, Diff: 0.0, Sum: 0.0]
      [GC Worker Other (ms): Min: 0.1, Avg: 0.1, Max: 0.1, Diff: 0.0, Sum: 0.2]
      [GC Worker Total (ms): Min: 571.2, Avg: 571.3, Max: 571.3, Diff: 0.0, Sum: 1142.5]
      [GC Worker End (ms): Min: 32942141.8, Avg: 32942141.8, Max: 32942141.8, Diff: 0.0]
   [Code Root Fixup: 0.0 ms]
   [Clear CT: 0.6 ms]
   [Other: 11.6 ms]
      [Choose CSet: 0.0 ms]
      [Ref Proc: 3.3 ms]
      [Ref Enq: 0.0 ms]
      [Free CSet: 4.6 ms]
   [Eden: 907.0M(907.0M)->0.0B(984.0M) Survivors: 117.0M->40.0M Heap: 1988.8M(3072.0M)->1099.3M(3072.0M)]
 [Times: user=1.15 sys=0.00, real=0.58 secs] 
32947.353: [GC pause (young)
Desired survivor size 67108864 bytes, new threshold 16 (max 32)
- age   1:   40373000 bytes,   40373000 total
, 0.3930790 secs]
   [Parallel Time: 381.6 ms, GC Workers: 2]
      [GC Worker Start (ms): Min: 32947354.8, Avg: 32947354.8, Max: 32947354.8, Diff: 0.0]
      [Ext Root Scanning (ms): Min: 76.1, Avg: 86.8, Max: 97.5, Diff: 21.4, Sum: 173.7]
      [Update RS (ms): Min: 29.5, Avg: 43.6, Max: 57.6, Diff: 28.1, Sum: 87.1]
         [Processed Buffers: Min: 140, Avg: 152.5, Max: 165, Diff: 25, Sum: 305]
      [Scan RS (ms): Min: 60.3, Avg: 60.3, Max: 60.3, Diff: 0.0, Sum: 120.6]
      [Object Copy (ms): Min: 187.2, Avg: 190.5, Max: 193.8, Diff: 6.6, Sum: 380.9]
      [Termination (ms): Min: 0.0, Avg: 0.0, Max: 0.0, Diff: 0.0, Sum: 0.0]
      [GC Worker Other (ms): Min: 0.1, Avg: 0.1, Max: 0.1, Diff: 0.0, Sum: 0.2]
      [GC Worker Total (ms): Min: 381.3, Avg: 381.3, Max: 381.3, Diff: 0.0, Sum: 762.6]
      [GC Worker End (ms): Min: 32947736.1, Avg: 32947736.1, Max: 32947736.1, Diff: 0.0]
   [Code Root Fixup: 0.0 ms]
   [Clear CT: 0.8 ms]
   [Other: 10.7 ms]
      [Choose CSet: 0.0 ms]
      [Ref Proc: 3.4 ms]
      [Ref Enq: 0.0 ms]
      [Free CSet: 5.0 ms]
   [Eden: 984.0M(984.0M)->0.0B(948.0M) Survivors: 40.0M->76.0M Heap: 2086.7M(3072.0M)->1138.2M(3072.0M)]
 [Times: user=0.77 sys=0.00, real=0.40 secs] 
32952.683: [GC pause (young)
Desired survivor size 67108864 bytes, new threshold 2 (max 32)
- age   1:   42625296 bytes,   42625296 total
- age   2:   34790288 bytes,   77415584 total
, 0.4985040 secs]
   [Parallel Time: 488.3 ms, GC Workers: 2]
      [GC Worker Start (ms): Min: 32952684.6, Avg: 32952684.6, Max: 32952684.6, Diff: 0.0]
      [Ext Root Scanning (ms): Min: 75.2, Avg: 84.2, Max: 93.2, Diff: 18.0, Sum: 168.4]
      [Update RS (ms): Min: 42.3, Avg: 53.7, Max: 65.2, Diff: 22.9, Sum: 107.5]
         [Processed Buffers: Min: 114, Avg: 142.5, Max: 171, Diff: 57, Sum: 285]
      [Scan RS (ms): Min: 80.2, Avg: 80.3, Max: 80.4, Diff: 0.2, Sum: 160.6]
      [Object Copy (ms): Min: 267.6, Avg: 269.9, Max: 272.2, Diff: 4.6, Sum: 539.7]
      [Termination (ms): Min: 0.0, Avg: 0.0, Max: 0.0, Diff: 0.0, Sum: 0.0]
      [GC Worker Other (ms): Min: 0.1, Avg: 0.1, Max: 0.1, Diff: 0.0, Sum: 0.2]
      [GC Worker Total (ms): Min: 488.2, Avg: 488.3, Max: 488.3, Diff: 0.0, Sum: 976.5]
      [GC Worker End (ms): Min: 32953172.8, Avg: 32953172.9, Max: 32953172.9, Diff: 0.0]
   [Code Root Fixup: 0.0 ms]
   [Clear CT: 1.2 ms]
   [Other: 9.0 ms]
      [Choose CSet: 0.0 ms]
      [Ref Proc: 2.1 ms]
      [Ref Enq: 0.0 ms]
      [Free CSet: 4.3 ms]
   [Eden: 948.0M(948.0M)->0.0B(941.0M) Survivors: 76.0M->83.0M Heap: 2171.6M(3072.0M)->1262.6M(3072.0M)]
 [Times: user=0.98 sys=0.00, real=0.50 secs] 
32958.136: [GC pause (young)
Desired survivor size 67108864 bytes, new threshold 2 (max 32)
- age   1:   51291320 bytes,   51291320 total
- age   2:   33342504 bytes,   84633824 total
, 0.5704750 secs]
   [Parallel Time: 559.0 ms, GC Workers: 2]
      [GC Worker Start (ms): Min: 32958138.0, Avg: 32958138.2, Max: 32958138.4, Diff: 0.4]
      [Ext Root Scanning (ms): Min: 77.1, Avg: 87.5, Max: 97.8, Diff: 20.8, Sum: 174.9]
      [Update RS (ms): Min: 42.1, Avg: 56.0, Max: 69.9, Diff: 27.8, Sum: 112.0]
         [Processed Buffers: Min: 109, Avg: 134.0, Max: 159, Diff: 50, Sum: 268]
      [Scan RS (ms): Min: 63.4, Avg: 63.5, Max: 63.6, Diff: 0.2, Sum: 127.0]
      [Object Copy (ms): Min: 348.4, Avg: 351.7, Max: 354.9, Diff: 6.5, Sum: 703.3]
      [Termination (ms): Min: 0.0, Avg: 0.0, Max: 0.0, Diff: 0.0, Sum: 0.0]
      [GC Worker Other (ms): Min: 0.1, Avg: 0.1, Max: 0.1, Diff: 0.0, Sum: 0.2]
      [GC Worker Total (ms): Min: 558.5, Avg: 558.7, Max: 558.9, Diff: 0.4, Sum: 1117.4]
      [GC Worker End (ms): Min: 32958696.9, Avg: 32958696.9, Max: 32958696.9, Diff: 0.0]
   [Code Root Fixup: 0.0 ms]
   [Clear CT: 1.2 ms]
   [Other: 10.3 ms]
      [Choose CSet: 0.0 ms]
      [Ref Proc: 3.2 ms]
      [Ref Enq: 0.1 ms]
      [Free CSet: 4.4 ms]
   [Eden: 941.0M(941.0M)->0.0B(907.0M) Survivors: 83.0M->117.0M Heap: 2204.1M(3072.0M)->1326.1M(3072.0M)]
 [Times: user=1.13 sys=0.00, real=0.57 secs] 
32962.248: [GC pause (young)
Desired survivor size 67108864 bytes, new threshold 1 (max 32)
- age   1:   76188968 bytes,   76188968 total
- age   2:   43244672 bytes,  119433640 total
, 0.3654480 secs]
   [Parallel Time: 354.3 ms, GC Workers: 2]
      [GC Worker Start (ms): Min: 32962249.5, Avg: 32962249.6, Max: 32962249.6, Diff: 0.0]
      [Ext Root Scanning (ms): Min: 75.6, Avg: 83.9, Max: 92.1, Diff: 16.5, Sum: 167.7]
      [Update RS (ms): Min: 5.3, Avg: 15.8, Max: 26.2, Diff: 20.9, Sum: 31.5]
         [Processed Buffers: Min: 86, Avg: 145.5, Max: 205, Diff: 119, Sum: 291]
      [Scan RS (ms): Min: 58.0, Avg: 58.1, Max: 58.3, Diff: 0.3, Sum: 116.2]
      [Object Copy (ms): Min: 194.0, Avg: 196.3, Max: 198.7, Diff: 4.7, Sum: 392.7]
      [Termination (ms): Min: 0.0, Avg: 0.0, Max: 0.0, Diff: 0.0, Sum: 0.0]
      [GC Worker Other (ms): Min: 0.1, Avg: 0.1, Max: 0.1, Diff: 0.0, Sum: 0.2]
      [GC Worker Total (ms): Min: 354.2, Avg: 354.2, Max: 354.2, Diff: 0.0, Sum: 708.4]
      [GC Worker End (ms): Min: 32962603.7, Avg: 32962603.7, Max: 32962603.8, Diff: 0.0]
   [Code Root Fixup: 0.0 ms]
   [Clear CT: 0.6 ms]
   [Other: 10.5 ms]
      [Choose CSet: 0.0 ms]
      [Ref Proc: 4.2 ms]
      [Ref Enq: 0.1 ms]
      [Free CSet: 3.7 ms]
   [Eden: 573.0M(907.0M)->0.0B(1002.0M) Survivors: 117.0M->22.0M Heap: 1905.9M(3072.0M)->1304.6M(3072.0M)]
 [Times: user=0.72 sys=0.00, real=0.37 secs] 
32962.669: [GC pause (young) (initial-mark)
Desired survivor size 67108864 bytes, new threshold 16 (max 32)
- age   1:   20576016 bytes,   20576016 total
, 0.3333350 secs]
   [Parallel Time: 331.4 ms, GC Workers: 2]
      [GC Worker Start (ms): Min: 32962669.9, Avg: 32962669.9, Max: 32962669.9, Diff: 0.0]
      [Ext Root Scanning (ms): Min: 65.6, Avg: 85.7, Max: 105.9, Diff: 40.2, Sum: 171.5]
      [Update RS (ms): Min: 141.5, Avg: 160.6, Max: 179.8, Diff: 38.4, Sum: 321.3]
         [Processed Buffers: Min: 270, Avg: 304.5, Max: 339, Diff: 69, Sum: 609]
      [Scan RS (ms): Min: 0.5, Avg: 0.6, Max: 0.6, Diff: 0.1, Sum: 1.1]
      [Object Copy (ms): Min: 83.3, Avg: 84.2, Max: 85.2, Diff: 1.8, Sum: 168.5]
      [Termination (ms): Min: 0.0, Avg: 0.0, Max: 0.0, Diff: 0.0, Sum: 0.0]
      [GC Worker Other (ms): Min: 0.0, Avg: 0.1, Max: 0.1, Diff: 0.0, Sum: 0.1]
      [GC Worker Total (ms): Min: 331.3, Avg: 331.3, Max: 331.3, Diff: 0.0, Sum: 662.5]
      [GC Worker End (ms): Min: 32963001.1, Avg: 32963001.1, Max: 32963001.1, Diff: 0.0]
   [Code Root Fixup: 0.0 ms]
   [Clear CT: 0.1 ms]
   [Other: 1.9 ms]
      [Choose CSet: 0.0 ms]
      [Ref Proc: 0.3 ms]
      [Ref Enq: 0.0 ms]
      [Free CSet: 0.2 ms]
   [Eden: 7168.0K(1002.0M)->0.0B(1003.0M) Survivors: 22.0M->21.0M Heap: 1319.4M(3072.0M)->1311.6M(3072.0M)]
 [Times: user=0.66 sys=0.00, real=0.33 secs] 
32963.003: [GC concurrent-root-region-scan-start]
32963.052: [GC concurrent-root-region-scan-end, 0.0492830 secs]
32963.052: [GC concurrent-mark-start]
32965.122: [GC concurrent-mark-end, 2.0697680 secs]
32965.126: [GC remark 32965.128: [GC ref-proc, 0.2832710 secs], 0.3604100 secs]
 [Times: user=0.36 sys=0.00, real=0.36 secs] 
32965.489: [GC cleanup 1504M->1263M(3072M), 0.0253330 secs]
 [Times: user=0.05 sys=0.00, real=0.03 secs] 
32965.515: [GC concurrent-cleanup-start]
32965.515: [GC concurrent-cleanup-end, 0.0005500 secs]
32970.025: [GC pause (young)
Desired survivor size 67108864 bytes, new threshold 16 (max 32)
- age   1:     957544 bytes,     957544 total
- age   2:   19889080 bytes,   20846624 total
, 0.3645710 secs]
   [Parallel Time: 350.1 ms, GC Workers: 2]
      [GC Worker Start (ms): Min: 32970026.7, Avg: 32970026.7, Max: 32970026.7, Diff: 0.0]
      [Ext Root Scanning (ms): Min: 77.5, Avg: 87.6, Max: 97.7, Diff: 20.2, Sum: 175.1]
      [Update RS (ms): Min: 41.0, Avg: 54.3, Max: 67.7, Diff: 26.7, Sum: 108.7]
         [Processed Buffers: Min: 146, Avg: 152.5, Max: 159, Diff: 13, Sum: 305]
      [Scan RS (ms): Min: 55.9, Avg: 55.9, Max: 55.9, Diff: 0.0, Sum: 111.8]
      [Object Copy (ms): Min: 148.8, Avg: 151.7, Max: 154.6, Diff: 5.7, Sum: 303.4]
      [Termination (ms): Min: 0.0, Avg: 0.4, Max: 0.8, Diff: 0.8, Sum: 0.8]
      [GC Worker Other (ms): Min: 0.1, Avg: 0.1, Max: 0.1, Diff: 0.0, Sum: 0.2]
      [GC Worker Total (ms): Min: 350.0, Avg: 350.0, Max: 350.0, Diff: 0.0, Sum: 700.0]
      [GC Worker End (ms): Min: 32970376.6, Avg: 32970376.6, Max: 32970376.6, Diff: 0.0]
   [Code Root Fixup: 0.0 ms]
   [Clear CT: 0.7 ms]
   [Other: 13.8 ms]
      [Choose CSet: 0.0 ms]
      [Ref Proc: 6.4 ms]
      [Ref Enq: 0.1 ms]
      [Free CSet: 4.9 ms]
   [Eden: 1003.0M(1003.0M)->0.0B(965.0M) Survivors: 21.0M->59.0M Heap: 2100.4M(3072.0M)->1134.9M(3072.0M)]
 [Times: user=0.72 sys=0.00, real=0.37 secs] 
32976.082: [GC pause (mixed)
Desired survivor size 67108864 bytes, new threshold 16 (max 32)
- age   1:   41608136 bytes,   41608136 total
- age   2:     136488 bytes,   41744624 total
- age   3:   17008544 bytes,   58753168 total
, 0.4460670 secs]
   [Parallel Time: 429.1 ms, GC Workers: 2]
      [GC Worker Start (ms): Min: 32976084.6, Avg: 32976084.7, Max: 32976084.7, Diff: 0.0]
      [Ext Root Scanning (ms): Min: 74.8, Avg: 83.5, Max: 92.1, Diff: 17.3, Sum: 166.9]
      [Update RS (ms): Min: 37.1, Avg: 48.6, Max: 60.1, Diff: 22.9, Sum: 97.2]
         [Processed Buffers: Min: 136, Avg: 166.0, Max: 196, Diff: 60, Sum: 332]
      [Scan RS (ms): Min: 93.3, Avg: 93.3, Max: 93.3, Diff: 0.0, Sum: 186.6]
      [Object Copy (ms): Min: 200.5, Avg: 203.3, Max: 206.1, Diff: 5.6, Sum: 406.7]
      [Termination (ms): Min: 0.0, Avg: 0.0, Max: 0.0, Diff: 0.0, Sum: 0.0]
      [GC Worker Other (ms): Min: 0.1, Avg: 0.1, Max: 0.1, Diff: 0.0, Sum: 0.2]
      [GC Worker Total (ms): Min: 428.8, Avg: 428.8, Max: 428.8, Diff: 0.0, Sum: 857.6]
      [GC Worker End (ms): Min: 32976513.4, Avg: 32976513.4, Max: 32976513.4, Diff: 0.0]
   [Code Root Fixup: 0.0 ms]
   [Clear CT: 1.0 ms]
   [Other: 16.0 ms]
      [Choose CSet: 0.6 ms]
      [Ref Proc: 6.3 ms]
      [Ref Enq: 0.1 ms]
      [Free CSet: 6.6 ms]
   [Eden: 965.0M(965.0M)->0.0B(941.0M) Survivors: 59.0M->83.0M Heap: 2110.4M(3072.0M)->1096.4M(3072.0M)]
 [Times: user=0.87 sys=0.00, real=0.44 secs] 
32981.768: [GC pause (mixed)
Desired survivor size 67108864 bytes, new threshold 2 (max 32)
- age   1:   38894920 bytes,   38894920 total
- age   2:   29739008 bytes,   68633928 total
- age   3:     134944 bytes,   68768872 total
- age   4:   15752840 bytes,   84521712 total
, 0.5377510 secs]
   [Parallel Time: 520.2 ms, GC Workers: 2]
      [GC Worker Start (ms): Min: 32981771.0, Avg: 32981771.0, Max: 32981771.1, Diff: 0.0]
      [Ext Root Scanning (ms): Min: 78.8, Avg: 87.6, Max: 96.4, Diff: 17.6, Sum: 175.2]
      [Update RS (ms): Min: 36.1, Avg: 48.7, Max: 61.2, Diff: 25.0, Sum: 97.3]
         [Processed Buffers: Min: 71, Avg: 149.0, Max: 227, Diff: 156, Sum: 298]
      [Scan RS (ms): Min: 108.6, Avg: 108.8, Max: 109.0, Diff: 0.3, Sum: 217.6]
      [Object Copy (ms): Min: 271.4, Avg: 274.9, Max: 278.5, Diff: 7.1, Sum: 549.9]
      [Termination (ms): Min: 0.0, Avg: 0.0, Max: 0.0, Diff: 0.0, Sum: 0.0]
      [GC Worker Other (ms): Min: 0.1, Avg: 0.1, Max: 0.1, Diff: 0.0, Sum: 0.2]
      [GC Worker Total (ms): Min: 520.1, Avg: 520.1, Max: 520.1, Diff: 0.0, Sum: 1040.1]
      [GC Worker End (ms): Min: 32982291.1, Avg: 32982291.1, Max: 32982291.1, Diff: 0.0]
   [Code Root Fixup: 0.0 ms]
   [Clear CT: 0.9 ms]
   [Other: 16.7 ms]
      [Choose CSet: 1.0 ms]
      [Ref Proc: 6.1 ms]
      [Ref Enq: 0.1 ms]
      [Free CSet: 6.4 ms]
   [Eden: 941.0M(941.0M)->0.0B(957.0M) Survivors: 83.0M->67.0M Heap: 2060.7M(3072.0M)->1075.2M(3072.0M)]
 [Times: user=1.06 sys=0.00, real=0.54 secs] 
32987.297: [GC pause (mixed)
Desired survivor size 67108864 bytes, new threshold 2 (max 32)
- age   1:   36096680 bytes,   36096680 total
- age   2:   31475448 bytes,   67572128 total
, 0.4704210 secs]
   [Parallel Time: 453.6 ms, GC Workers: 2]
      [GC Worker Start (ms): Min: 32987298.7, Avg: 32987298.8, Max: 32987298.8, Diff: 0.0]
      [Ext Root Scanning (ms): Min: 86.1, Avg: 93.1, Max: 100.1, Diff: 13.9, Sum: 186.2]
      [Update RS (ms): Min: 35.7, Avg: 45.2, Max: 54.6, Diff: 18.9, Sum: 90.3]
         [Processed Buffers: Min: 132, Avg: 153.5, Max: 175, Diff: 43, Sum: 307]
      [Scan RS (ms): Min: 77.2, Avg: 77.2, Max: 77.2, Diff: 0.0, Sum: 154.3]
      [Object Copy (ms): Min: 235.4, Avg: 237.9, Max: 240.4, Diff: 5.0, Sum: 475.9]
      [Termination (ms): Min: 0.0, Avg: 0.0, Max: 0.0, Diff: 0.0, Sum: 0.0]
      [GC Worker Other (ms): Min: 0.1, Avg: 0.1, Max: 0.1, Diff: 0.0, Sum: 0.2]
      [GC Worker Total (ms): Min: 453.5, Avg: 453.5, Max: 453.5, Diff: 0.0, Sum: 906.9]
      [GC Worker End (ms): Min: 32987752.2, Avg: 32987752.2, Max: 32987752.2, Diff: 0.0]
   [Code Root Fixup: 0.0 ms]
   [Clear CT: 0.8 ms]
   [Other: 16.1 ms]
      [Choose CSet: 0.3 ms]
      [Ref Proc: 7.5 ms]
      [Ref Enq: 0.1 ms]
      [Free CSet: 5.2 ms]
   [Eden: 957.0M(957.0M)->0.0B(950.0M) Survivors: 67.0M->74.0M Heap: 2037.8M(3072.0M)->1102.5M(3072.0M)]
 [Times: user=0.92 sys=0.00, real=0.47 secs] 
32992.468: [GC pause (young)
Desired survivor size 67108864 bytes, new threshold 2 (max 32)
- age   1:   45168136 bytes,   45168136 total
- age   2:   29669152 bytes,   74837288 total
, 0.4398560 secs]
   [Parallel Time: 419.9 ms, GC Workers: 2]
      [GC Worker Start (ms): Min: 32992469.5, Avg: 32992469.6, Max: 32992469.6, Diff: 0.0]
      [Ext Root Scanning (ms): Min: 76.7, Avg: 88.2, Max: 99.8, Diff: 23.1, Sum: 176.4]
      [Update RS (ms): Min: 44.5, Avg: 59.6, Max: 74.6, Diff: 30.0, Sum: 119.1]
         [Processed Buffers: Min: 148, Avg: 161.5, Max: 175, Diff: 27, Sum: 323]
      [Scan RS (ms): Min: 61.1, Avg: 61.2, Max: 61.3, Diff: 0.2, Sum: 122.4]
      [Object Copy (ms): Min: 207.1, Avg: 210.7, Max: 214.3, Diff: 7.2, Sum: 421.4]
      [Termination (ms): Min: 0.0, Avg: 0.0, Max: 0.0, Diff: 0.0, Sum: 0.0]
      [GC Worker Other (ms): Min: 0.1, Avg: 0.1, Max: 0.1, Diff: 0.0, Sum: 0.2]
      [GC Worker Total (ms): Min: 419.8, Avg: 419.8, Max: 419.8, Diff: 0.0, Sum: 839.5]
      [GC Worker End (ms): Min: 32992889.3, Avg: 32992889.3, Max: 32992889.3, Diff: 0.0]
   [Code Root Fixup: 0.0 ms]
   [Clear CT: 1.0 ms]
   [Other: 19.0 ms]
      [Choose CSet: 0.0 ms]
      [Ref Proc: 11.3 ms]
      [Ref Enq: 0.2 ms]
      [Free CSet: 4.7 ms]
   [Eden: 950.0M(950.0M)->0.0B(956.0M) Survivors: 74.0M->68.0M Heap: 2075.8M(3072.0M)->1145.6M(3072.0M)]
 [Times: user=0.86 sys=0.00, real=0.44 secs] 
32997.316: [GC pause (young)
Desired survivor size 67108864 bytes, new threshold 16 (max 32)
- age   1:   36484032 bytes,   36484032 total
- age   2:   28535824 bytes,   65019856 total
, 0.4036700 secs]
   [Parallel Time: 385.7 ms, GC Workers: 2]
      [GC Worker Start (ms): Min: 32997317.4, Avg: 32997317.5, Max: 32997317.5, Diff: 0.0]
      [Ext Root Scanning (ms): Min: 77.6, Avg: 89.5, Max: 101.5, Diff: 23.9, Sum: 179.0]
      [Update RS (ms): Min: 34.5, Avg: 49.2, Max: 63.9, Diff: 29.3, Sum: 98.4]
         [Processed Buffers: Min: 67, Avg: 156.5, Max: 246, Diff: 179, Sum: 313]
      [Scan RS (ms): Min: 58.3, Avg: 58.3, Max: 58.3, Diff: 0.0, Sum: 116.6]
      [Object Copy (ms): Min: 185.8, Avg: 188.5, Max: 191.2, Diff: 5.4, Sum: 377.0]
      [Termination (ms): Min: 0.0, Avg: 0.0, Max: 0.0, Diff: 0.0, Sum: 0.0]
      [GC Worker Other (ms): Min: 0.1, Avg: 0.1, Max: 0.1, Diff: 0.0, Sum: 0.2]
      [GC Worker Total (ms): Min: 385.6, Avg: 385.6, Max: 385.6, Diff: 0.0, Sum: 771.2]
      [GC Worker End (ms): Min: 32997703.0, Avg: 32997703.1, Max: 32997703.1, Diff: 0.0]
   [Code Root Fixup: 0.0 ms]
   [Clear CT: 0.8 ms]
   [Other: 17.2 ms]
      [Choose CSet: 0.2 ms]
      [Ref Proc: 10.2 ms]
      [Ref Enq: 0.1 ms]
      [Free CSet: 4.4 ms]
   [Eden: 956.0M(956.0M)->0.0B(938.0M) Survivors: 68.0M->86.0M Heap: 2132.9M(3072.0M)->1195.4M(3072.0M)]
 [Times: user=0.79 sys=0.00, real=0.40 secs] 
33002.150: [GC pause (young)
Desired survivor size 67108864 bytes, new threshold 3 (max 32)
- age   1:   33684832 bytes,   33684832 total
- age   2:   26051832 bytes,   59736664 total
- age   3:   25409680 bytes,   85146344 total
, 0.3760680 secs]
   [Parallel Time: 357.9 ms, GC Workers: 2]
      [GC Worker Start (ms): Min: 33002151.9, Avg: 33002152.0, Max: 33002152.0, Diff: 0.0]
      [Ext Root Scanning (ms): Min: 78.4, Avg: 85.9, Max: 93.4, Diff: 14.9, Sum: 171.8]
      [Update RS (ms): Min: 11.1, Avg: 21.5, Max: 31.9, Diff: 20.7, Sum: 43.0]
         [Processed Buffers: Min: 66, Avg: 150.5, Max: 235, Diff: 169, Sum: 301]
      [Scan RS (ms): Min: 49.8, Avg: 49.8, Max: 49.8, Diff: 0.0, Sum: 99.6]
      [Object Copy (ms): Min: 197.4, Avg: 200.3, Max: 203.2, Diff: 5.8, Sum: 400.6]
      [Termination (ms): Min: 0.0, Avg: 0.0, Max: 0.0, Diff: 0.0, Sum: 0.0]
      [GC Worker Other (ms): Min: 0.1, Avg: 0.1, Max: 0.2, Diff: 0.1, Sum: 0.3]
      [GC Worker Total (ms): Min: 357.7, Avg: 357.7, Max: 357.7, Diff: 0.0, Sum: 715.3]
      [GC Worker End (ms): Min: 33002509.6, Avg: 33002509.6, Max: 33002509.6, Diff: 0.0]
   [Code Root Fixup: 0.0 ms]
   [Clear CT: 0.8 ms]
   [Other: 17.4 ms]
      [Choose CSet: 0.0 ms]
      [Ref Proc: 10.4 ms]
      [Ref Enq: 0.2 ms]
      [Free CSet: 4.5 ms]
   [Eden: 938.0M(938.0M)->0.0B(938.0M) Survivors: 86.0M->86.0M Heap: 2152.8M(3072.0M)->1232.8M(3072.0M)]
 [Times: user=0.73 sys=0.00, real=0.38 secs] 
33007.947: [GC pause (young)
Desired survivor size 67108864 bytes, new threshold 2 (max 32)
- age   1:   46213904 bytes,   46213904 total
- age   2:   21828168 bytes,   68042072 total
- age   3:   17309608 bytes,   85351680 total
, 0.4297300 secs]
   [Parallel Time: 407.7 ms, GC Workers: 2]
      [GC Worker Start (ms): Min: 33007947.6, Avg: 33007947.6, Max: 33007947.6, Diff: 0.0]
      [Ext Root Scanning (ms): Min: 74.9, Avg: 83.2, Max: 91.4, Diff: 16.5, Sum: 166.3]
      [Update RS (ms): Min: 7.5, Avg: 18.2, Max: 29.0, Diff: 21.5, Sum: 36.5]
         [Processed Buffers: Min: 78, Avg: 166.0, Max: 254, Diff: 176, Sum: 332]
      [Scan RS (ms): Min: 66.0, Avg: 66.1, Max: 66.2, Diff: 0.2, Sum: 132.1]
      [Object Copy (ms): Min: 237.3, Avg: 240.0, Max: 242.6, Diff: 5.3, Sum: 479.9]
      [Termination (ms): Min: 0.0, Avg: 0.0, Max: 0.0, Diff: 0.0, Sum: 0.0]
      [GC Worker Other (ms): Min: 0.1, Avg: 0.1, Max: 0.1, Diff: 0.0, Sum: 0.2]
      [GC Worker Total (ms): Min: 407.6, Avg: 407.6, Max: 407.6, Diff: 0.0, Sum: 815.1]
      [GC Worker End (ms): Min: 33008355.2, Avg: 33008355.2, Max: 33008355.2, Diff: 0.0]
   [Code Root Fixup: 0.0 ms]
   [Clear CT: 0.9 ms]
   [Other: 21.2 ms]
      [Choose CSet: 0.0 ms]
      [Ref Proc: 16.4 ms]
      [Ref Enq: 0.2 ms]
      [Free CSet: 2.6 ms]
   [Eden: 938.0M(938.0M)->0.0B(930.0M) Survivors: 86.0M->94.0M Heap: 2265.0M(3072.0M)->1368.0M(3072.0M)]
 [Times: user=0.84 sys=0.00, real=0.43 secs] 
33009.014: [GC pause (young) (initial-mark)
Desired survivor size 67108864 bytes, new threshold 2 (max 32)
- age   1:   64727880 bytes,   64727880 total
- age   2:   27387512 bytes,   92115392 total
, 0.3427500 secs]
   [Parallel Time: 338.7 ms, GC Workers: 2]
      [GC Worker Start (ms): Min: 33009015.6, Avg: 33009015.6, Max: 33009015.6, Diff: 0.0]
      [Ext Root Scanning (ms): Min: 68.0, Avg: 88.5, Max: 109.1, Diff: 41.2, Sum: 177.1]
      [Update RS (ms): Min: 0.0, Avg: 11.2, Max: 22.5, Diff: 22.5, Sum: 22.5]
         [Processed Buffers: Min: 0, Avg: 128.5, Max: 257, Diff: 257, Sum: 257]
      [Scan RS (ms): Min: 11.2, Avg: 18.4, Max: 25.5, Diff: 14.4, Sum: 36.7]
      [Object Copy (ms): Min: 218.2, Avg: 220.3, Max: 222.5, Diff: 4.3, Sum: 440.7]
      [Termination (ms): Min: 0.0, Avg: 0.0, Max: 0.0, Diff: 0.0, Sum: 0.0]
      [GC Worker Other (ms): Min: 0.1, Avg: 0.1, Max: 0.1, Diff: 0.0, Sum: 0.2]
      [GC Worker Total (ms): Min: 338.5, Avg: 338.5, Max: 338.5, Diff: 0.0, Sum: 677.1]
      [GC Worker End (ms): Min: 33009354.1, Avg: 33009354.1, Max: 33009354.1, Diff: 0.0]
   [Code Root Fixup: 0.0 ms]
   [Clear CT: 0.4 ms]
   [Other: 3.7 ms]
      [Choose CSet: 0.0 ms]
      [Ref Proc: 0.8 ms]
      [Ref Enq: 0.0 ms]
      [Free CSet: 0.8 ms]
   [Eden: 145.0M(930.0M)->0.0B(944.0M) Survivors: 94.0M->80.0M Heap: 1516.8M(3072.0M)->1385.0M(3072.0M)]
 [Times: user=0.68 sys=0.00, real=0.35 secs] 
33009.358: [GC concurrent-root-region-scan-start]
33009.800: [GC concurrent-root-region-scan-end, 0.4427020 secs]
33009.800: [GC concurrent-mark-start]
33011.793: [GC concurrent-mark-end, 1.9925720 secs]
33011.794: [GC remark 33011.796: [GC ref-proc, 0.0414190 secs], 0.1194310 secs]
 [Times: user=0.12 sys=0.00, real=0.12 secs] 
33011.915: [GC cleanup 1910M->1590M(3072M), 0.0267330 secs]
 [Times: user=0.05 sys=0.00, real=0.03 secs] 
33011.942: [GC concurrent-cleanup-start]
33011.943: [GC concurrent-cleanup-end, 0.0008780 secs]
33014.221: [GC pause (young)
Desired survivor size 67108864 bytes, new threshold 2 (max 32)
- age   1:   19139976 bytes,   19139976 total
- age   2:   59450880 bytes,   78590856 total
, 0.6945060 secs]
   [Parallel Time: 683.7 ms, GC Workers: 2]
      [GC Worker Start (ms): Min: 33014221.6, Avg: 33014221.6, Max: 33014221.6, Diff: 0.0]
      [Ext Root Scanning (ms): Min: 79.0, Avg: 88.7, Max: 98.4, Diff: 19.4, Sum: 177.5]
      [Update RS (ms): Min: 48.6, Avg: 61.1, Max: 73.6, Diff: 25.0, Sum: 122.2]
         [Processed Buffers: Min: 144, Avg: 157.5, Max: 171, Diff: 27, Sum: 315]
      [Scan RS (ms): Min: 27.1, Avg: 27.2, Max: 27.3, Diff: 0.1, Sum: 54.4]
      [Object Copy (ms): Min: 503.4, Avg: 506.3, Max: 509.2, Diff: 5.8, Sum: 1012.6]
      [Termination (ms): Min: 0.0, Avg: 0.0, Max: 0.0, Diff: 0.0, Sum: 0.0]
      [GC Worker Other (ms): Min: 0.2, Avg: 0.2, Max: 0.2, Diff: 0.0, Sum: 0.3]
      [GC Worker Total (ms): Min: 683.5, Avg: 683.5, Max: 683.5, Diff: 0.1, Sum: 1367.0]
      [GC Worker End (ms): Min: 33014905.1, Avg: 33014905.1, Max: 33014905.1, Diff: 0.0]
   [Code Root Fixup: 0.0 ms]
   [Clear CT: 0.9 ms]
   [Other: 9.9 ms]
      [Choose CSet: 0.0 ms]
      [Ref Proc: 5.4 ms]
      [Ref Enq: 0.1 ms]
      [Free CSet: 2.4 ms]
   [Eden: 944.0M(944.0M)->0.0B(896.0M) Survivors: 80.0M->128.0M Heap: 2033.2M(3072.0M)->1212.7M(3072.0M)]
 [Times: user=1.37 sys=0.00, real=0.69 secs] 
33019.775: [GC pause (mixed)
Desired survivor size 67108864 bytes, new threshold 1 (max 32)
- age   1:  148315664 bytes,  148315664 total
- age   2:    9510232 bytes,  157825896 total
, 0.5370400 secs]
   [Parallel Time: 522.5 ms, GC Workers: 2]
      [GC Worker Start (ms): Min: 33019776.8, Avg: 33019776.8, Max: 33019776.8, Diff: 0.0]
      [Ext Root Scanning (ms): Min: 75.4, Avg: 86.5, Max: 97.6, Diff: 22.2, Sum: 173.1]
      [Update RS (ms): Min: 26.2, Avg: 40.1, Max: 54.0, Diff: 27.9, Sum: 80.2]
         [Processed Buffers: Min: 36, Avg: 152.5, Max: 269, Diff: 233, Sum: 305]
      [Scan RS (ms): Min: 105.5, Avg: 105.6, Max: 105.7, Diff: 0.2, Sum: 211.2]
      [Object Copy (ms): Min: 287.1, Avg: 290.0, Max: 292.9, Diff: 5.8, Sum: 580.0]
      [Termination (ms): Min: 0.0, Avg: 0.0, Max: 0.0, Diff: 0.0, Sum: 0.0]
      [GC Worker Other (ms): Min: 0.1, Avg: 0.1, Max: 0.1, Diff: 0.0, Sum: 0.3]
      [GC Worker Total (ms): Min: 522.4, Avg: 522.4, Max: 522.4, Diff: 0.0, Sum: 1044.7]
      [GC Worker End (ms): Min: 33020299.2, Avg: 33020299.2, Max: 33020299.2, Diff: 0.0]
   [Code Root Fixup: 0.0 ms]
   [Clear CT: 0.9 ms]
   [Other: 13.6 ms]
      [Choose CSet: 0.5 ms]
      [Ref Proc: 6.0 ms]
      [Ref Enq: 0.1 ms]
      [Free CSet: 3.7 ms]
   [Eden: 896.0M(896.0M)->0.0B(979.0M) Survivors: 128.0M->45.0M Heap: 2131.2M(3072.0M)->1153.2M(3072.0M)]
 [Times: user=1.06 sys=0.00, real=0.54 secs] 
33026.716: [GC pause (mixed)
Desired survivor size 67108864 bytes, new threshold 16 (max 32)
- age   1:   42567096 bytes,   42567096 total
, 0.3915700 secs]
   [Parallel Time: 376.1 ms, GC Workers: 2]
      [GC Worker Start (ms): Min: 33026718.0, Avg: 33026718.0, Max: 33026718.0, Diff: 0.0]
      [Ext Root Scanning (ms): Min: 86.3, Avg: 89.8, Max: 93.3, Diff: 7.0, Sum: 179.6]
      [Update RS (ms): Min: 40.0, Avg: 45.9, Max: 51.8, Diff: 11.8, Sum: 91.8]
         [Processed Buffers: Min: 133, Avg: 153.0, Max: 173, Diff: 40, Sum: 306]
      [Scan RS (ms): Min: 61.2, Avg: 61.2, Max: 61.2, Diff: 0.0, Sum: 122.4]
      [Object Copy (ms): Min: 176.6, Avg: 178.9, Max: 181.3, Diff: 4.7, Sum: 357.8]
      [Termination (ms): Min: 0.0, Avg: 0.0, Max: 0.0, Diff: 0.0, Sum: 0.0]
      [GC Worker Other (ms): Min: 0.1, Avg: 0.1, Max: 0.1, Diff: 0.0, Sum: 0.2]
      [GC Worker Total (ms): Min: 375.9, Avg: 376.0, Max: 376.0, Diff: 0.1, Sum: 751.9]
      [GC Worker End (ms): Min: 33027093.9, Avg: 33027094.0, Max: 33027094.0, Diff: 0.0]
   [Code Root Fixup: 0.0 ms]
   [Clear CT: 1.3 ms]
   [Other: 14.1 ms]
      [Choose CSet: 1.0 ms]
      [Ref Proc: 6.6 ms]
      [Ref Enq: 0.1 ms]
      [Free CSet: 4.5 ms]
   [Eden: 979.0M(979.0M)->0.0B(951.0M) Survivors: 45.0M->73.0M Heap: 2157.9M(3072.0M)->1116.9M(3072.0M)]
 [Times: user=0.76 sys=0.00, real=0.39 secs] 
33032.890: [GC pause (mixed)
Desired survivor size 67108864 bytes, new threshold 2 (max 32)
- age   1:   45785728 bytes,   45785728 total
- age   2:   27301768 bytes,   73087496 total
, 0.3836570 secs]
   [Parallel Time: 367.1 ms, GC Workers: 2]
      [GC Worker Start (ms): Min: 33032892.8, Avg: 33032893.1, Max: 33032893.3, Diff: 0.6]
      [Ext Root Scanning (ms): Min: 78.9, Avg: 86.5, Max: 94.1, Diff: 15.2, Sum: 173.0]
      [Update RS (ms): Min: 8.3, Avg: 18.9, Max: 29.5, Diff: 21.2, Sum: 37.8]
         [Processed Buffers: Min: 124, Avg: 143.5, Max: 163, Diff: 39, Sum: 287]
      [Scan RS (ms): Min: 76.5, Avg: 76.5, Max: 76.6, Diff: 0.1, Sum: 153.1]
      [Object Copy (ms): Min: 181.9, Avg: 184.7, Max: 187.5, Diff: 5.6, Sum: 369.3]
      [Termination (ms): Min: 0.0, Avg: 0.0, Max: 0.0, Diff: 0.0, Sum: 0.0]
      [GC Worker Other (ms): Min: 0.1, Avg: 0.1, Max: 0.1, Diff: 0.0, Sum: 0.2]
      [GC Worker Total (ms): Min: 366.4, Avg: 366.7, Max: 367.0, Diff: 0.6, Sum: 733.4]
      [GC Worker End (ms): Min: 33033259.8, Avg: 33033259.8, Max: 33033259.8, Diff: 0.0]
   [Code Root Fixup: 0.0 ms]
   [Clear CT: 1.8 ms]
   [Other: 14.8 ms]
      [Choose CSet: 1.5 ms]
      [Ref Proc: 6.1 ms]
      [Ref Enq: 0.1 ms]
      [Free CSet: 4.8 ms]
   [Eden: 951.0M(951.0M)->0.0B(973.0M) Survivors: 73.0M->51.0M Heap: 2091.6M(3072.0M)->1053.6M(3072.0M)]
 [Times: user=0.75 sys=0.00, real=0.39 secs] 
33038.554: [GC pause (mixed)
Desired survivor size 67108864 bytes, new threshold 16 (max 32)
- age   1:   32398440 bytes,   32398440 total
- age   2:   17291416 bytes,   49689856 total
, 0.4266400 secs]
   [Parallel Time: 414.5 ms, GC Workers: 2]
      [GC Worker Start (ms): Min: 33038555.9, Avg: 33038556.3, Max: 33038556.8, Diff: 0.9]
      [Ext Root Scanning (ms): Min: 81.2, Avg: 88.8, Max: 96.4, Diff: 15.2, Sum: 177.6]
      [Update RS (ms): Min: 43.1, Avg: 53.3, Max: 63.6, Diff: 20.5, Sum: 106.7]
         [Processed Buffers: Min: 135, Avg: 172.5, Max: 210, Diff: 75, Sum: 345]
      [Scan RS (ms): Min: 51.6, Avg: 51.7, Max: 51.7, Diff: 0.2, Sum: 103.3]
      [Object Copy (ms): Min: 216.9, Avg: 220.0, Max: 223.1, Diff: 6.1, Sum: 440.0]
      [Termination (ms): Min: 0.0, Avg: 0.0, Max: 0.0, Diff: 0.0, Sum: 0.0]
      [GC Worker Other (ms): Min: 0.1, Avg: 0.1, Max: 0.1, Diff: 0.0, Sum: 0.3]
      [GC Worker Total (ms): Min: 413.4, Avg: 413.9, Max: 414.4, Diff: 0.9, Sum: 827.8]
      [GC Worker End (ms): Min: 33038970.2, Avg: 33038970.2, Max: 33038970.2, Diff: 0.0]
   [Code Root Fixup: 0.0 ms]
   [Clear CT: 1.0 ms]
   [Other: 11.2 ms]
      [Choose CSet: 0.8 ms]
      [Ref Proc: 4.6 ms]
      [Ref Enq: 0.1 ms]
      [Free CSet: 3.9 ms]
   [Eden: 973.0M(973.0M)->0.0B(927.0M) Survivors: 51.0M->97.0M Heap: 2027.1M(3072.0M)->1065.1M(3072.0M)]
 [Times: user=0.85 sys=0.00, real=0.42 secs] 
33044.860: [GC pause (young)
Desired survivor size 67108864 bytes, new threshold 2 (max 32)
- age   1:   66827528 bytes,   66827528 total
- age   2:   18053008 bytes,   84880536 total
- age   3:   13837688 bytes,   98718224 total
, 0.3719090 secs]
   [Parallel Time: 360.9 ms, GC Workers: 2]
      [GC Worker Start (ms): Min: 33044861.2, Avg: 33044861.2, Max: 33044861.2, Diff: 0.0]
      [Ext Root Scanning (ms): Min: 84.2, Avg: 90.7, Max: 97.1, Diff: 13.0, Sum: 181.3]
      [Update RS (ms): Min: 32.5, Avg: 41.3, Max: 50.1, Diff: 17.6, Sum: 82.5]
         [Processed Buffers: Min: 134, Avg: 141.0, Max: 148, Diff: 14, Sum: 282]
      [Scan RS (ms): Min: 39.9, Avg: 40.0, Max: 40.0, Diff: 0.0, Sum: 79.9]
      [Object Copy (ms): Min: 186.4, Avg: 188.8, Max: 191.1, Diff: 4.6, Sum: 377.5]
      [Termination (ms): Min: 0.0, Avg: 0.0, Max: 0.0, Diff: 0.0, Sum: 0.0]
      [GC Worker Other (ms): Min: 0.1, Avg: 0.1, Max: 0.1, Diff: 0.0, Sum: 0.2]
      [GC Worker Total (ms): Min: 360.7, Avg: 360.7, Max: 360.8, Diff: 0.0, Sum: 721.5]
      [GC Worker End (ms): Min: 33045221.9, Avg: 33045221.9, Max: 33045221.9, Diff: 0.0]
   [Code Root Fixup: 0.0 ms]
   [Clear CT: 0.7 ms]
   [Other: 10.4 ms]
      [Choose CSet: 0.0 ms]
      [Ref Proc: 5.4 ms]
      [Ref Enq: 0.1 ms]
      [Free CSet: 2.9 ms]
   [Eden: 927.0M(927.0M)->0.0B(965.0M) Survivors: 97.0M->59.0M Heap: 2063.7M(3072.0M)->1126.2M(3072.0M)]
 [Times: user=0.73 sys=0.00, real=0.37 secs] 
33051.161: [GC pause (young)
Desired survivor size 67108864 bytes, new threshold 16 (max 32)
- age   1:   35956008 bytes,   35956008 total
- age   2:   22703424 bytes,   58659432 total
, 0.5318510 secs]
   [Parallel Time: 522.3 ms, GC Workers: 2]
      [GC Worker Start (ms): Min: 33051161.7, Avg: 33051161.7, Max: 33051161.7, Diff: 0.0]
      [Ext Root Scanning (ms): Min: 78.3, Avg: 85.5, Max: 92.7, Diff: 14.4, Sum: 171.0]
      [Update RS (ms): Min: 52.1, Avg: 62.0, Max: 71.8, Diff: 19.7, Sum: 123.9]
         [Processed Buffers: Min: 66, Avg: 153.0, Max: 240, Diff: 174, Sum: 306]
      [Scan RS (ms): Min: 31.8, Avg: 31.8, Max: 31.8, Diff: 0.1, Sum: 63.6]
      [Object Copy (ms): Min: 340.1, Avg: 342.8, Max: 345.5, Diff: 5.4, Sum: 685.7]
      [Termination (ms): Min: 0.0, Avg: 0.0, Max: 0.0, Diff: 0.0, Sum: 0.0]
      [GC Worker Other (ms): Min: 0.1, Avg: 0.1, Max: 0.1, Diff: 0.0, Sum: 0.2]
      [GC Worker Total (ms): Min: 522.2, Avg: 522.2, Max: 522.2, Diff: 0.0, Sum: 1044.4]
      [GC Worker End (ms): Min: 33051683.9, Avg: 33051683.9, Max: 33051683.9, Diff: 0.0]
   [Code Root Fixup: 0.0 ms]
   [Clear CT: 0.8 ms]
   [Other: 8.7 ms]
      [Choose CSet: 0.0 ms]
      [Ref Proc: 4.3 ms]
      [Ref Enq: 0.1 ms]
      [Free CSet: 2.7 ms]
   [Eden: 965.0M(965.0M)->0.0B(896.0M) Survivors: 59.0M->128.0M Heap: 2096.6M(3072.0M)->1221.6M(3072.0M)]
 [Times: user=1.05 sys=0.00, real=0.53 secs] 
33055.922: [GC pause (young)
Desired survivor size 67108864 bytes, new threshold 1 (max 32)
- age   1:  110716792 bytes,  110716792 total
- age   2:   21773440 bytes,  132490232 total
- age   3:   20756672 bytes,  153246904 total
, 0.8064690 secs]
   [Parallel Time: 796.6 ms, GC Workers: 2]
      [GC Worker Start (ms): Min: 33055923.4, Avg: 33055923.6, Max: 33055923.7, Diff: 0.2]
      [Ext Root Scanning (ms): Min: 76.6, Avg: 89.1, Max: 101.5, Diff: 24.9, Sum: 178.2]
      [Update RS (ms): Min: 58.5, Avg: 74.3, Max: 90.0, Diff: 31.5, Sum: 148.6]
         [Processed Buffers: Min: 140, Avg: 145.5, Max: 151, Diff: 11, Sum: 291]
      [Scan RS (ms): Min: 83.9, Avg: 83.9, Max: 84.0, Diff: 0.1, Sum: 167.9]
      [Object Copy (ms): Min: 545.7, Avg: 548.9, Max: 552.2, Diff: 6.5, Sum: 1097.8]
      [Termination (ms): Min: 0.0, Avg: 0.0, Max: 0.0, Diff: 0.0, Sum: 0.0]
      [GC Worker Other (ms): Min: 0.1, Avg: 0.1, Max: 0.1, Diff: 0.0, Sum: 0.3]
      [GC Worker Total (ms): Min: 796.2, Avg: 796.4, Max: 796.5, Diff: 0.3, Sum: 1592.7]
      [GC Worker End (ms): Min: 33056719.9, Avg: 33056719.9, Max: 33056719.9, Diff: 0.0]
   [Code Root Fixup: 0.0 ms]
   [Clear CT: 0.7 ms]
   [Other: 9.2 ms]
      [Choose CSet: 0.0 ms]
      [Ref Proc: 1.9 ms]
      [Ref Enq: 0.0 ms]
      [Free CSet: 3.7 ms]
   [Eden: 896.0M(896.0M)->0.0B(913.0M) Survivors: 128.0M->111.0M Heap: 2128.1M(3072.0M)->1317.1M(3072.0M)]
 [Times: user=1.60 sys=0.00, real=0.81 secs] 
33062.157: [GC pause (young)
Desired survivor size 67108864 bytes, new threshold 1 (max 32)
- age   1:  114257296 bytes,  114257296 total
, 0.5990100 secs]
   [Parallel Time: 586.5 ms, GC Workers: 2]
      [GC Worker Start (ms): Min: 33062158.8, Avg: 33062158.8, Max: 33062158.8, Diff: 0.1]
      [Ext Root Scanning (ms): Min: 84.2, Avg: 89.1, Max: 94.0, Diff: 9.8, Sum: 178.2]
      [Update RS (ms): Min: 60.7, Avg: 68.9, Max: 77.0, Diff: 16.3, Sum: 137.7]
         [Processed Buffers: Min: 118, Avg: 143.5, Max: 169, Diff: 51, Sum: 287]
      [Scan RS (ms): Min: 98.5, Avg: 98.6, Max: 98.6, Diff: 0.1, Sum: 197.1]
      [Object Copy (ms): Min: 326.5, Avg: 329.7, Max: 332.9, Diff: 6.4, Sum: 659.4]
      [Termination (ms): Min: 0.0, Avg: 0.0, Max: 0.0, Diff: 0.0, Sum: 0.0]
      [GC Worker Other (ms): Min: 0.1, Avg: 0.1, Max: 0.1, Diff: 0.0, Sum: 0.2]
      [GC Worker Total (ms): Min: 586.3, Avg: 586.3, Max: 586.3, Diff: 0.0, Sum: 1172.6]
      [GC Worker End (ms): Min: 33062745.1, Avg: 33062745.1, Max: 33062745.1, Diff: 0.0]
   [Code Root Fixup: 0.0 ms]
   [Clear CT: 0.7 ms]
   [Other: 11.8 ms]
      [Choose CSet: 0.0 ms]
      [Ref Proc: 3.1 ms]
      [Ref Enq: 0.1 ms]
      [Free CSet: 4.9 ms]
   [Eden: 913.0M(913.0M)->0.0B(979.0M) Survivors: 111.0M->45.0M Heap: 2234.1M(3072.0M)->1346.6M(3072.0M)]
 [Times: user=1.18 sys=0.00, real=0.60 secs] 
33062.824: [GC pause (young) (initial-mark)
Desired survivor size 67108864 bytes, new threshold 16 (max 32)
- age   1:   45013424 bytes,   45013424 total
, 0.5327440 secs]
   [Parallel Time: 530.4 ms, GC Workers: 2]
      [GC Worker Start (ms): Min: 33062825.3, Avg: 33062825.3, Max: 33062825.3, Diff: 0.0]
      [Ext Root Scanning (ms): Min: 70.4, Avg: 92.5, Max: 114.5, Diff: 44.1, Sum: 184.9]
      [Update RS (ms): Min: 280.6, Avg: 300.7, Max: 320.8, Diff: 40.2, Sum: 601.3]
         [Processed Buffers: Min: 432, Avg: 490.5, Max: 549, Diff: 117, Sum: 981]
      [Scan RS (ms): Min: 1.4, Avg: 1.4, Max: 1.4, Diff: 0.0, Sum: 2.8]
      [Object Copy (ms): Min: 133.7, Avg: 135.6, Max: 137.6, Diff: 3.9, Sum: 271.3]
      [Termination (ms): Min: 0.0, Avg: 0.0, Max: 0.0, Diff: 0.0, Sum: 0.0]
      [GC Worker Other (ms): Min: 0.1, Avg: 0.1, Max: 0.1, Diff: 0.1, Sum: 0.2]
      [GC Worker Total (ms): Min: 530.3, Avg: 530.3, Max: 530.3, Diff: 0.0, Sum: 1060.5]
      [GC Worker End (ms): Min: 33063355.6, Avg: 33063355.6, Max: 33063355.6, Diff: 0.0]
   [Code Root Fixup: 0.0 ms]
   [Clear CT: 0.1 ms]
   [Other: 2.3 ms]
      [Choose CSet: 0.0 ms]
      [Ref Proc: 0.3 ms]
      [Ref Enq: 0.0 ms]
      [Free CSet: 0.2 ms]
   [Eden: 12.0M(979.0M)->0.0B(977.0M) Survivors: 45.0M->47.0M Heap: 1358.4M(3072.0M)->1348.6M(3072.0M)]
 [Times: user=1.06 sys=0.00, real=0.54 secs] 
33063.358: [GC concurrent-root-region-scan-start]
33063.617: [GC concurrent-root-region-scan-end, 0.2590650 secs]
33063.617: [GC concurrent-mark-start]
33066.355: [GC concurrent-mark-end, 2.7382080 secs]
33066.359: [GC remark 33066.361: [GC ref-proc, 0.2670400 secs], 0.3437320 secs]
 [Times: user=0.35 sys=0.00, real=0.34 secs] 
33066.705: [GC cleanup 1817M->1532M(3072M), 0.0274310 secs]
 [Times: user=0.05 sys=0.00, real=0.03 secs] 
33066.733: [GC concurrent-cleanup-start]
33066.733: [GC concurrent-cleanup-end, 0.0006490 secs]
33069.675: [GC pause (young)
Desired survivor size 67108864 bytes, new threshold 16 (max 32)
- age   1:    2524752 bytes,    2524752 total
- age   2:   44138992 bytes,   46663744 total
, 0.4072370 secs]
   [Parallel Time: 394.9 ms, GC Workers: 2]
      [GC Worker Start (ms): Min: 33069677.1, Avg: 33069677.1, Max: 33069677.1, Diff: 0.0]
      [Ext Root Scanning (ms): Min: 92.3, Avg: 98.6, Max: 104.9, Diff: 12.6, Sum: 197.2]
      [Update RS (ms): Min: 20.6, Avg: 29.7, Max: 38.8, Diff: 18.3, Sum: 59.4]
         [Processed Buffers: Min: 94, Avg: 154.0, Max: 214, Diff: 120, Sum: 308]
      [Scan RS (ms): Min: 67.9, Avg: 68.3, Max: 68.6, Diff: 0.7, Sum: 136.6]
      [Object Copy (ms): Min: 195.6, Avg: 198.1, Max: 200.6, Diff: 5.0, Sum: 396.2]
      [Termination (ms): Min: 0.0, Avg: 0.0, Max: 0.0, Diff: 0.0, Sum: 0.0]
      [GC Worker Other (ms): Min: 0.1, Avg: 0.1, Max: 0.1, Diff: 0.0, Sum: 0.2]
      [GC Worker Total (ms): Min: 394.8, Avg: 394.8, Max: 394.8, Diff: 0.0, Sum: 789.6]
      [GC Worker End (ms): Min: 33070071.9, Avg: 33070071.9, Max: 33070071.9, Diff: 0.0]
   [Code Root Fixup: 0.0 ms]
   [Clear CT: 0.6 ms]
   [Other: 11.7 ms]
      [Choose CSet: 0.0 ms]
      [Ref Proc: 3.7 ms]
      [Ref Enq: 0.1 ms]
      [Free CSet: 5.4 ms]
   [Eden: 977.0M(977.0M)->0.0B(946.0M) Survivors: 47.0M->78.0M Heap: 2085.9M(3072.0M)->1139.4M(3072.0M)]
 [Times: user=0.79 sys=0.00, real=0.41 secs] 
33076.189: [GC pause (mixed)
Desired survivor size 67108864 bytes, new threshold 3 (max 32)
- age   1:   43869048 bytes,   43869048 total
- age   2:     223504 bytes,   44092552 total
- age   3:   35760592 bytes,   79853144 total
, 0.5037760 secs]
   [Parallel Time: 489.2 ms, GC Workers: 2]
      [GC Worker Start (ms): Min: 33076191.2, Avg: 33076191.2, Max: 33076191.3, Diff: 0.0]
      [Ext Root Scanning (ms): Min: 75.8, Avg: 84.6, Max: 93.5, Diff: 17.7, Sum: 169.2]
      [Update RS (ms): Min: 30.3, Avg: 41.6, Max: 52.9, Diff: 22.6, Sum: 83.2]
         [Processed Buffers: Min: 49, Avg: 135.0, Max: 221, Diff: 172, Sum: 270]
      [Scan RS (ms): Min: 87.0, Avg: 87.0, Max: 87.0, Diff: 0.0, Sum: 173.9]
      [Object Copy (ms): Min: 273.4, Avg: 275.8, Max: 278.3, Diff: 4.9, Sum: 551.7]
      [Termination (ms): Min: 0.0, Avg: 0.0, Max: 0.0, Diff: 0.0, Sum: 0.0]
      [GC Worker Other (ms): Min: 0.1, Avg: 0.1, Max: 0.1, Diff: 0.0, Sum: 0.2]
      [GC Worker Total (ms): Min: 489.1, Avg: 489.1, Max: 489.2, Diff: 0.0, Sum: 978.3]
      [GC Worker End (ms): Min: 33076680.4, Avg: 33076680.4, Max: 33076680.4, Diff: 0.0]
   [Code Root Fixup: 0.0 ms]
   [Clear CT: 0.9 ms]
   [Other: 13.6 ms]
      [Choose CSet: 0.5 ms]
      [Ref Proc: 3.7 ms]
      [Ref Enq: 0.1 ms]
      [Free CSet: 6.4 ms]
   [Eden: 946.0M(946.0M)->0.0B(939.0M) Survivors: 78.0M->85.0M Heap: 2108.1M(3072.0M)->1130.1M(3072.0M)]
 [Times: user=0.99 sys=0.00, real=0.51 secs] 
33082.011: [GC pause (mixed)
Desired survivor size 67108864 bytes, new threshold 2 (max 32)
- age   1:   52060136 bytes,   52060136 total
- age   2:   35065968 bytes,   87126104 total
- age   3:     211520 bytes,   87337624 total
, 0.5769300 secs]
   [Parallel Time: 561.9 ms, GC Workers: 2]
      [GC Worker Start (ms): Min: 33082014.5, Avg: 33082014.5, Max: 33082014.5, Diff: 0.0]
      [Ext Root Scanning (ms): Min: 79.1, Avg: 89.3, Max: 99.4, Diff: 20.3, Sum: 178.5]
      [Update RS (ms): Min: 55.3, Avg: 68.1, Max: 80.9, Diff: 25.6, Sum: 136.3]
         [Processed Buffers: Min: 95, Avg: 141.0, Max: 187, Diff: 92, Sum: 282]
      [Scan RS (ms): Min: 99.3, Avg: 99.3, Max: 99.4, Diff: 0.1, Sum: 198.7]
      [Object Copy (ms): Min: 302.2, Avg: 304.9, Max: 307.6, Diff: 5.4, Sum: 609.9]
      [Termination (ms): Min: 0.0, Avg: 0.0, Max: 0.0, Diff: 0.0, Sum: 0.0]
      [GC Worker Other (ms): Min: 0.1, Avg: 0.1, Max: 0.1, Diff: 0.0, Sum: 0.2]
      [GC Worker Total (ms): Min: 561.8, Avg: 561.8, Max: 561.8, Diff: 0.0, Sum: 1123.6]
      [GC Worker End (ms): Min: 33082576.2, Avg: 33082576.3, Max: 33082576.3, Diff: 0.0]
   [Code Root Fixup: 0.0 ms]
   [Clear CT: 1.2 ms]
   [Other: 13.8 ms]
      [Choose CSet: 1.2 ms]
      [Ref Proc: 3.2 ms]
      [Ref Enq: 0.1 ms]
      [Free CSet: 5.8 ms]
   [Eden: 939.0M(939.0M)->0.0B(938.0M) Survivors: 85.0M->86.0M Heap: 2069.6M(3072.0M)->1109.1M(3072.0M)]
 [Times: user=1.14 sys=0.01, real=0.57 secs] 
33087.871: [GC pause (young)
Desired survivor size 67108864 bytes, new threshold 2 (max 32)
- age   1:   49064232 bytes,   49064232 total
- age   2:   38776104 bytes,   87840336 total
, 0.4480220 secs]
   [Parallel Time: 435.8 ms, GC Workers: 2]
      [GC Worker Start (ms): Min: 33087873.5, Avg: 33087873.5, Max: 33087873.5, Diff: 0.0]
      [Ext Root Scanning (ms): Min: 78.7, Avg: 87.5, Max: 96.4, Diff: 17.7, Sum: 175.1]
      [Update RS (ms): Min: 16.4, Avg: 28.0, Max: 39.5, Diff: 23.1, Sum: 55.9]
         [Processed Buffers: Min: 79, Avg: 138.0, Max: 197, Diff: 118, Sum: 276]
      [Scan RS (ms): Min: 75.1, Avg: 75.1, Max: 75.2, Diff: 0.0, Sum: 150.3]
      [Object Copy (ms): Min: 242.1, Avg: 244.8, Max: 247.6, Diff: 5.5, Sum: 489.7]
      [Termination (ms): Min: 0.0, Avg: 0.0, Max: 0.0, Diff: 0.0, Sum: 0.0]
      [GC Worker Other (ms): Min: 0.1, Avg: 0.2, Max: 0.2, Diff: 0.0, Sum: 0.3]
      [GC Worker Total (ms): Min: 435.6, Avg: 435.6, Max: 435.6, Diff: 0.1, Sum: 871.2]
      [GC Worker End (ms): Min: 33088309.1, Avg: 33088309.1, Max: 33088309.1, Diff: 0.0]
   [Code Root Fixup: 0.0 ms]
   [Clear CT: 0.7 ms]
   [Other: 11.6 ms]
      [Choose CSet: 0.0 ms]
      [Ref Proc: 3.5 ms]
      [Ref Enq: 0.0 ms]
      [Free CSet: 4.9 ms]
   [Eden: 938.0M(938.0M)->0.0B(954.0M) Survivors: 86.0M->70.0M Heap: 2080.2M(3072.0M)->1161.2M(3072.0M)]
 [Times: user=0.88 sys=0.00, real=0.44 secs] 
33095.045: [GC pause (young)
Desired survivor size 67108864 bytes, new threshold 2 (max 32)
- age   1:   37682160 bytes,   37682160 total
- age   2:   32935528 bytes,   70617688 total
, 0.4872240 secs]
   [Parallel Time: 473.5 ms, GC Workers: 2]
      [GC Worker Start (ms): Min: 33095046.7, Avg: 33095046.7, Max: 33095046.7, Diff: 0.0]
      [Ext Root Scanning (ms): Min: 91.0, Avg: 98.2, Max: 105.4, Diff: 14.4, Sum: 196.3]
      [Update RS (ms): Min: 25.9, Avg: 36.3, Max: 46.7, Diff: 20.8, Sum: 72.6]
         [Processed Buffers: Min: 131, Avg: 137.0, Max: 143, Diff: 12, Sum: 274]
      [Scan RS (ms): Min: 86.9, Avg: 86.9, Max: 86.9, Diff: 0.1, Sum: 173.8]
      [Object Copy (ms): Min: 248.7, Avg: 251.9, Max: 255.1, Diff: 6.4, Sum: 503.7]
      [Termination (ms): Min: 0.0, Avg: 0.0, Max: 0.0, Diff: 0.0, Sum: 0.0]
      [GC Worker Other (ms): Min: 0.1, Avg: 0.1, Max: 0.1, Diff: 0.0, Sum: 0.2]
      [GC Worker Total (ms): Min: 473.4, Avg: 473.4, Max: 473.4, Diff: 0.0, Sum: 946.8]
      [GC Worker End (ms): Min: 33095520.1, Avg: 33095520.1, Max: 33095520.1, Diff: 0.0]
   [Code Root Fixup: 0.0 ms]
   [Clear CT: 1.0 ms]
   [Other: 12.7 ms]
      [Choose CSet: 0.0 ms]
      [Ref Proc: 3.6 ms]
      [Ref Enq: 0.1 ms]
      [Free CSet: 6.3 ms]
   [Eden: 954.0M(954.0M)->0.0B(952.0M) Survivors: 70.0M->72.0M Heap: 2160.4M(3072.0M)->1233.9M(3072.0M)]
 [Times: user=0.95 sys=0.00, real=0.49 secs] 
33101.697: [GC pause (young)
Desired survivor size 67108864 bytes, new threshold 2 (max 32)
- age   1:   44989472 bytes,   44989472 total
- age   2:   26975264 bytes,   71964736 total
, 0.5470860 secs]
   [Parallel Time: 534.6 ms, GC Workers: 2]
      [GC Worker Start (ms): Min: 33101698.7, Avg: 33101698.7, Max: 33101698.7, Diff: 0.0]
      [Ext Root Scanning (ms): Min: 78.3, Avg: 87.3, Max: 96.3, Diff: 17.9, Sum: 174.6]
      [Update RS (ms): Min: 35.3, Avg: 46.5, Max: 57.6, Diff: 22.3, Sum: 92.9]
         [Processed Buffers: Min: 144, Avg: 149.0, Max: 154, Diff: 10, Sum: 298]
      [Scan RS (ms): Min: 81.9, Avg: 82.0, Max: 82.1, Diff: 0.2, Sum: 164.0]
      [Object Copy (ms): Min: 316.3, Avg: 318.6, Max: 320.9, Diff: 4.6, Sum: 637.2]
      [Termination (ms): Min: 0.0, Avg: 0.0, Max: 0.0, Diff: 0.0, Sum: 0.0]
      [GC Worker Other (ms): Min: 0.1, Avg: 0.1, Max: 0.1, Diff: 0.0, Sum: 0.2]
      [GC Worker Total (ms): Min: 534.5, Avg: 534.5, Max: 534.5, Diff: 0.0, Sum: 1069.0]
      [GC Worker End (ms): Min: 33102233.2, Avg: 33102233.2, Max: 33102233.2, Diff: 0.0]
   [Code Root Fixup: 0.0 ms]
   [Clear CT: 0.7 ms]
   [Other: 11.8 ms]
      [Choose CSet: 0.0 ms]
      [Ref Proc: 3.5 ms]
      [Ref Enq: 0.1 ms]
      [Free CSet: 5.3 ms]
   [Eden: 952.0M(952.0M)->0.0B(918.0M) Survivors: 72.0M->106.0M Heap: 2232.1M(3072.0M)->1338.1M(3072.0M)]
 [Times: user=1.08 sys=0.00, real=0.55 secs] 
33107.232: [GC pause (young)
Desired survivor size 67108864 bytes, new threshold 1 (max 32)
- age   1:   76761496 bytes,   76761496 total
- age   2:   30655712 bytes,  107417208 total
, 0.4443020 secs]
   [Parallel Time: 433.5 ms, GC Workers: 2]
      [GC Worker Start (ms): Min: 33107233.4, Avg: 33107233.4, Max: 33107233.4, Diff: 0.0]
      [Ext Root Scanning (ms): Min: 74.9, Avg: 85.3, Max: 95.6, Diff: 20.7, Sum: 170.5]
      [Update RS (ms): Min: 53.7, Avg: 66.8, Max: 79.9, Diff: 26.2, Sum: 133.5]
         [Processed Buffers: Min: 128, Avg: 145.5, Max: 163, Diff: 35, Sum: 291]
      [Scan RS (ms): Min: 59.5, Avg: 59.6, Max: 59.7, Diff: 0.2, Sum: 119.2]
      [Object Copy (ms): Min: 218.7, Avg: 221.6, Max: 224.4, Diff: 5.8, Sum: 443.1]
      [Termination (ms): Min: 0.0, Avg: 0.0, Max: 0.0, Diff: 0.0, Sum: 0.0]
      [GC Worker Other (ms): Min: 0.1, Avg: 0.1, Max: 0.1, Diff: 0.0, Sum: 0.2]
      [GC Worker Total (ms): Min: 433.3, Avg: 433.3, Max: 433.4, Diff: 0.1, Sum: 866.6]
      [GC Worker End (ms): Min: 33107666.7, Avg: 33107666.7, Max: 33107666.7, Diff: 0.0]
   [Code Root Fixup: 0.0 ms]
   [Clear CT: 0.7 ms]
   [Other: 10.0 ms]
      [Choose CSet: 0.0 ms]
      [Ref Proc: 3.2 ms]
      [Ref Enq: 0.0 ms]
      [Free CSet: 3.8 ms]
   [Eden: 918.0M(918.0M)->0.0B(987.0M) Survivors: 106.0M->37.0M Heap: 2258.6M(3072.0M)->1325.6M(3072.0M)]
 [Times: user=0.87 sys=0.00, real=0.45 secs] 
33109.208: [GC pause (young) (initial-mark)
Desired survivor size 67108864 bytes, new threshold 16 (max 32)
- age   1:   36576656 bytes,   36576656 total
, 0.3061140 secs]
   [Parallel Time: 300.2 ms, GC Workers: 2]
      [GC Worker Start (ms): Min: 33109209.5, Avg: 33109209.5, Max: 33109209.5, Diff: 0.0]
      [Ext Root Scanning (ms): Min: 67.5, Avg: 87.7, Max: 107.8, Diff: 40.3, Sum: 175.3]
      [Update RS (ms): Min: 29.8, Avg: 48.4, Max: 67.0, Diff: 37.2, Sum: 96.8]
         [Processed Buffers: Min: 93, Avg: 137.0, Max: 181, Diff: 88, Sum: 274]
      [Scan RS (ms): Min: 29.9, Avg: 30.0, Max: 30.1, Diff: 0.2, Sum: 60.0]
      [Object Copy (ms): Min: 132.4, Avg: 133.9, Max: 135.3, Diff: 2.9, Sum: 267.7]
      [Termination (ms): Min: 0.0, Avg: 0.0, Max: 0.0, Diff: 0.0, Sum: 0.0]
      [GC Worker Other (ms): Min: 0.1, Avg: 0.1, Max: 0.1, Diff: 0.0, Sum: 0.2]
      [GC Worker Total (ms): Min: 300.0, Avg: 300.0, Max: 300.0, Diff: 0.0, Sum: 600.0]
      [GC Worker End (ms): Min: 33109509.5, Avg: 33109509.5, Max: 33109509.5, Diff: 0.0]
   [Code Root Fixup: 0.0 ms]
   [Clear CT: 0.3 ms]
   [Other: 5.6 ms]
      [Choose CSet: 0.0 ms]
      [Ref Proc: 2.1 ms]
      [Ref Enq: 0.0 ms]
      [Free CSet: 1.3 ms]
   [Eden: 260.0M(987.0M)->0.0B(981.0M) Survivors: 37.0M->43.0M Heap: 1587.8M(3072.0M)->1334.6M(3072.0M)]
 [Times: user=0.61 sys=0.00, real=0.31 secs] 
33109.515: [GC concurrent-root-region-scan-start]
33109.751: [GC concurrent-root-region-scan-end, 0.2363640 secs]
33109.751: [GC concurrent-mark-start]
33112.155: [GC concurrent-mark-end, 2.4037330 secs]
33112.158: [GC remark 33112.160: [GC ref-proc, 0.2471980 secs], 0.3240400 secs]
 [Times: user=0.33 sys=0.00, real=0.32 secs] 
33112.485: [GC cleanup 1755M->1550M(3072M), 0.0315000 secs]
 [Times: user=0.07 sys=0.00, real=0.04 secs] 
33112.517: [GC concurrent-cleanup-start]
33112.518: [GC concurrent-cleanup-end, 0.0005340 secs]
33116.320: [GC pause (young)
Desired survivor size 67108864 bytes, new threshold 16 (max 32)
- age   1:   13249528 bytes,   13249528 total
- age   2:   30746656 bytes,   43996184 total
, 0.4149390 secs]
   [Parallel Time: 401.5 ms, GC Workers: 2]
      [GC Worker Start (ms): Min: 33116321.6, Avg: 33116321.6, Max: 33116321.7, Diff: 0.1]
      [Ext Root Scanning (ms): Min: 81.3, Avg: 88.3, Max: 95.3, Diff: 14.0, Sum: 176.5]
      [Update RS (ms): Min: 56.0, Avg: 65.5, Max: 74.9, Diff: 18.9, Sum: 130.9]
         [Processed Buffers: Min: 92, Avg: 157.5, Max: 223, Diff: 131, Sum: 315]
      [Scan RS (ms): Min: 58.8, Avg: 58.9, Max: 58.9, Diff: 0.1, Sum: 117.7]
      [Object Copy (ms): Min: 186.0, Avg: 188.5, Max: 191.1, Diff: 5.1, Sum: 377.1]
      [Termination (ms): Min: 0.0, Avg: 0.0, Max: 0.0, Diff: 0.0, Sum: 0.0]
      [GC Worker Other (ms): Min: 0.1, Avg: 0.1, Max: 0.1, Diff: 0.0, Sum: 0.2]
      [GC Worker Total (ms): Min: 401.2, Avg: 401.2, Max: 401.3, Diff: 0.0, Sum: 802.5]
      [GC Worker End (ms): Min: 33116722.9, Avg: 33116722.9, Max: 33116722.9, Diff: 0.0]
   [Code Root Fixup: 0.0 ms]
   [Clear CT: 0.7 ms]
   [Other: 12.7 ms]
      [Choose CSet: 0.0 ms]
      [Ref Proc: 5.5 ms]
      [Ref Enq: 0.1 ms]
      [Free CSet: 4.7 ms]
   [Eden: 981.0M(981.0M)->0.0B(949.0M) Survivors: 43.0M->75.0M Heap: 2155.9M(3072.0M)->1206.4M(3072.0M)]
 [Times: user=0.81 sys=0.00, real=0.41 secs] 
33122.252: [GC pause (mixed)
Desired survivor size 67108864 bytes, new threshold 3 (max 32)
- age   1:   42081888 bytes,   42081888 total
- age   2:    8666536 bytes,   50748424 total
- age   3:   24872112 bytes,   75620536 total
, 0.3834730 secs]
   [Parallel Time: 370.5 ms, GC Workers: 2]
      [GC Worker Start (ms): Min: 33122254.7, Avg: 33122254.8, Max: 33122254.8, Diff: 0.0]
      [Ext Root Scanning (ms): Min: 73.7, Avg: 83.2, Max: 92.6, Diff: 19.0, Sum: 166.3]
      [Update RS (ms): Min: 20.9, Avg: 33.3, Max: 45.7, Diff: 24.9, Sum: 66.6]
         [Processed Buffers: Min: 121, Avg: 146.0, Max: 171, Diff: 50, Sum: 292]
      [Scan RS (ms): Min: 73.9, Avg: 74.0, Max: 74.0, Diff: 0.1, Sum: 148.0]
      [Object Copy (ms): Min: 177.0, Avg: 179.9, Max: 182.8, Diff: 5.8, Sum: 359.7]
      [Termination (ms): Min: 0.0, Avg: 0.0, Max: 0.0, Diff: 0.0, Sum: 0.0]
      [GC Worker Other (ms): Min: 0.1, Avg: 0.1, Max: 0.1, Diff: 0.0, Sum: 0.2]
      [GC Worker Total (ms): Min: 370.4, Avg: 370.4, Max: 370.4, Diff: 0.0, Sum: 740.8]
      [GC Worker End (ms): Min: 33122625.2, Avg: 33122625.2, Max: 33122625.2, Diff: 0.0]
   [Code Root Fixup: 0.0 ms]
   [Clear CT: 0.9 ms]
   [Other: 12.1 ms]
      [Choose CSet: 0.8 ms]
      [Ref Proc: 4.0 ms]
      [Ref Enq: 0.1 ms]
      [Free CSet: 4.9 ms]
   [Eden: 845.0M(949.0M)->0.0B(956.0M) Survivors: 75.0M->68.0M Heap: 2109.7M(3072.0M)->1202.9M(3072.0M)]
 [Times: user=0.75 sys=0.00, real=0.38 secs] 
33129.401: [GC pause (mixed)
Desired survivor size 67108864 bytes, new threshold 3 (max 32)
- age   1:   38255472 bytes,   38255472 total
- age   2:   24035464 bytes,   62290936 total
- age   3:    5411024 bytes,   67701960 total
, 0.5785730 secs]
   [Parallel Time: 566.1 ms, GC Workers: 2]
      [GC Worker Start (ms): Min: 33129403.6, Avg: 33129403.6, Max: 33129403.6, Diff: 0.0]
      [Ext Root Scanning (ms): Min: 73.8, Avg: 84.3, Max: 94.7, Diff: 20.9, Sum: 168.5]
      [Update RS (ms): Min: 18.8, Avg: 32.6, Max: 46.4, Diff: 27.6, Sum: 65.1]
         [Processed Buffers: Min: 41, Avg: 167.0, Max: 293, Diff: 252, Sum: 334]
      [Scan RS (ms): Min: 121.9, Avg: 122.0, Max: 122.1, Diff: 0.1, Sum: 244.0]
      [Object Copy (ms): Min: 323.8, Avg: 327.1, Max: 330.3, Diff: 6.5, Sum: 654.1]
      [Termination (ms): Min: 0.0, Avg: 0.0, Max: 0.0, Diff: 0.0, Sum: 0.0]
      [GC Worker Other (ms): Min: 0.1, Avg: 0.1, Max: 0.1, Diff: 0.0, Sum: 0.2]
      [GC Worker Total (ms): Min: 566.0, Avg: 566.0, Max: 566.0, Diff: 0.1, Sum: 1132.0]
      [GC Worker End (ms): Min: 33129969.6, Avg: 33129969.6, Max: 33129969.6, Diff: 0.0]
   [Code Root Fixup: 0.0 ms]
   [Clear CT: 1.0 ms]
   [Other: 11.4 ms]
      [Choose CSet: 1.3 ms]
      [Ref Proc: 4.5 ms]
      [Ref Enq: 0.1 ms]
      [Free CSet: 3.6 ms]
   [Eden: 956.0M(956.0M)->0.0B(896.0M) Survivors: 68.0M->128.0M Heap: 2241.8M(3072.0M)->1311.3M(3072.0M)]
 [Times: user=1.13 sys=0.00, real=0.58 secs] 
33133.499: [GC pause (young)
Desired survivor size 67108864 bytes, new threshold 1 (max 32)
- age   1:   93482208 bytes,   93482208 total
- age   2:   27500376 bytes,  120982584 total
- age   3:   21656248 bytes,  142638832 total
, 0.7377150 secs]
   [Parallel Time: 728.5 ms, GC Workers: 2]
      [GC Worker Start (ms): Min: 33133499.5, Avg: 33133499.5, Max: 33133499.6, Diff: 0.1]
      [Ext Root Scanning (ms): Min: 79.9, Avg: 90.6, Max: 101.3, Diff: 21.4, Sum: 181.2]
      [Update RS (ms): Min: 32.6, Avg: 46.5, Max: 60.3, Diff: 27.7, Sum: 93.0]
         [Processed Buffers: Min: 91, Avg: 138.5, Max: 186, Diff: 95, Sum: 277]
      [Scan RS (ms): Min: 55.8, Avg: 55.9, Max: 55.9, Diff: 0.1, Sum: 111.8]
      [Object Copy (ms): Min: 532.0, Avg: 535.3, Max: 538.5, Diff: 6.5, Sum: 1070.5]
      [Termination (ms): Min: 0.0, Avg: 0.0, Max: 0.0, Diff: 0.0, Sum: 0.0]
      [GC Worker Other (ms): Min: 0.1, Avg: 0.1, Max: 0.1, Diff: 0.0, Sum: 0.2]
      [GC Worker Total (ms): Min: 728.3, Avg: 728.3, Max: 728.3, Diff: 0.1, Sum: 1456.6]
      [GC Worker End (ms): Min: 33134227.9, Avg: 33134227.9, Max: 33134227.9, Diff: 0.0]
   [Code Root Fixup: 0.0 ms]
   [Clear CT: 0.7 ms]
   [Other: 8.5 ms]
      [Choose CSet: 0.0 ms]
      [Ref Proc: 3.2 ms]
      [Ref Enq: 0.0 ms]
      [Free CSet: 2.7 ms]
   [Eden: 896.0M(896.0M)->0.0B(913.0M) Survivors: 128.0M->111.0M Heap: 2251.7M(3072.0M)->1438.2M(3072.0M)]
 [Times: user=1.46 sys=0.00, real=0.73 secs] 
33134.408: [GC pause (young) (initial-mark)
Desired survivor size 67108864 bytes, new threshold 1 (max 32)
- age   1:  112778288 bytes,  112778288 total
, 0.6663560 secs]
   [Parallel Time: 619.9 ms, GC Workers: 2]
      [GC Worker Start (ms): Min: 33134409.2, Avg: 33134409.2, Max: 33134409.2, Diff: 0.0]
      [Ext Root Scanning (ms): Min: 81.4, Avg: 90.8, Max: 100.2, Diff: 18.8, Sum: 181.6]
      [Update RS (ms): Min: 219.0, Avg: 239.0, Max: 259.0, Diff: 40.0, Sum: 478.0]
         [Processed Buffers: Min: 476, Avg: 483.5, Max: 491, Diff: 15, Sum: 967]
      [Scan RS (ms): Min: 0.4, Avg: 0.5, Max: 0.5, Diff: 0.0, Sum: 0.9]
      [Object Copy (ms): Min: 278.5, Avg: 289.1, Max: 299.8, Diff: 21.2, Sum: 578.3]
      [Termination (ms): Min: 0.0, Avg: 0.0, Max: 0.0, Diff: 0.0, Sum: 0.0]
      [GC Worker Other (ms): Min: 0.1, Avg: 0.1, Max: 0.1, Diff: 0.0, Sum: 0.2]
      [GC Worker Total (ms): Min: 619.5, Avg: 619.5, Max: 619.5, Diff: 0.0, Sum: 1239.0]
      [GC Worker End (ms): Min: 33135028.7, Avg: 33135028.7, Max: 33135028.7, Diff: 0.0]
   [Code Root Fixup: 0.0 ms]
   [Clear CT: 0.2 ms]
   [Other: 46.3 ms]
      [Choose CSet: 0.0 ms]
      [Ref Proc: 42.0 ms]
      [Ref Enq: 0.0 ms]
      [Free CSet: 0.4 ms]
   [Eden: 29.0M(913.0M)->0.0B(1020.0M) Survivors: 111.0M->4096.0K Heap: 1467.1M(3072.0M)->1441.2M(3072.0M)]
 [Times: user=1.28 sys=0.00, real=0.67 secs] 
33135.075: [GC concurrent-root-region-scan-start]
33135.088: [GC concurrent-root-region-scan-end, 0.0133380 secs]
33135.088: [GC concurrent-mark-start]
33137.887: [GC concurrent-mark-end, 2.7987420 secs]
33137.890: [GC remark 33137.891: [GC ref-proc, 0.3078300 secs], 0.3902620 secs]
 [Times: user=0.39 sys=0.00, real=0.39 secs] 
33138.282: [GC cleanup 1938M->1640M(3072M), 0.0304710 secs]
 [Times: user=0.06 sys=0.00, real=0.03 secs] 
33138.313: [GC concurrent-cleanup-start]
33138.314: [GC concurrent-cleanup-end, 0.0006890 secs]
33141.858: [GC pause (young)
Desired survivor size 67108864 bytes, new threshold 16 (max 32)
- age   1:    3421192 bytes,    3421192 total
, 0.2676020 secs]
   [Parallel Time: 252.5 ms, GC Workers: 2]
      [GC Worker Start (ms): Min: 33141859.4, Avg: 33141859.4, Max: 33141859.5, Diff: 0.0]
      [Ext Root Scanning (ms): Min: 81.0, Avg: 91.5, Max: 101.9, Diff: 20.8, Sum: 182.9]
      [Update RS (ms): Min: 18.3, Avg: 32.3, Max: 46.4, Diff: 28.0, Sum: 64.7]
         [Processed Buffers: Min: 119, Avg: 158.5, Max: 198, Diff: 79, Sum: 317]
      [Scan RS (ms): Min: 34.9, Avg: 35.1, Max: 35.2, Diff: 0.2, Sum: 70.1]
      [Object Copy (ms): Min: 89.7, Avg: 93.4, Max: 97.1, Diff: 7.4, Sum: 186.8]
      [Termination (ms): Min: 0.0, Avg: 0.0, Max: 0.0, Diff: 0.0, Sum: 0.0]
      [GC Worker Other (ms): Min: 0.1, Avg: 0.1, Max: 0.2, Diff: 0.0, Sum: 0.3]
      [GC Worker Total (ms): Min: 252.3, Avg: 252.4, Max: 252.4, Diff: 0.1, Sum: 504.7]
      [GC Worker End (ms): Min: 33142111.8, Avg: 33142111.8, Max: 33142111.8, Diff: 0.0]
   [Code Root Fixup: 0.0 ms]
   [Clear CT: 1.6 ms]
   [Other: 13.5 ms]
      [Choose CSet: 0.0 ms]
      [Ref Proc: 7.5 ms]
      [Ref Enq: 0.2 ms]
      [Free CSet: 3.2 ms]
   [Eden: 1020.0M(1020.0M)->0.0B(987.0M) Survivors: 4096.0K->37.0M Heap: 2195.2M(3072.0M)->1207.7M(3072.0M)]
 [Times: user=0.51 sys=0.01, real=0.27 secs] 
33150.002: [GC pause (mixed)
Desired survivor size 67108864 bytes, new threshold 16 (max 32)
- age   1:   32697816 bytes,   32697816 total
- age   2:    1788312 bytes,   34486128 total
, 0.3112380 secs]
   [Parallel Time: 295.3 ms, GC Workers: 2]
      [GC Worker Start (ms): Min: 33150004.6, Avg: 33150005.3, Max: 33150006.0, Diff: 1.4]
      [Ext Root Scanning (ms): Min: 77.6, Avg: 88.8, Max: 100.0, Diff: 22.3, Sum: 177.6]
      [Update RS (ms): Min: 14.7, Avg: 29.7, Max: 44.7, Diff: 30.0, Sum: 59.4]
         [Processed Buffers: Min: 124, Avg: 158.5, Max: 193, Diff: 69, Sum: 317]
      [Scan RS (ms): Min: 48.6, Avg: 48.7, Max: 48.8, Diff: 0.2, Sum: 97.4]
      [Object Copy (ms): Min: 124.0, Avg: 127.2, Max: 130.4, Diff: 6.4, Sum: 254.4]
      [Termination (ms): Min: 0.0, Avg: 0.0, Max: 0.0, Diff: 0.0, Sum: 0.0]
      [GC Worker Other (ms): Min: 0.1, Avg: 0.1, Max: 0.1, Diff: 0.0, Sum: 0.2]
      [GC Worker Total (ms): Min: 293.8, Avg: 294.5, Max: 295.2, Diff: 1.4, Sum: 589.0]
      [GC Worker End (ms): Min: 33150299.8, Avg: 33150299.8, Max: 33150299.8, Diff: 0.0]
   [Code Root Fixup: 0.0 ms]
   [Clear CT: 0.9 ms]
   [Other: 15.0 ms]
      [Choose CSet: 1.1 ms]
      [Ref Proc: 8.0 ms]
      [Ref Enq: 0.2 ms]
      [Free CSet: 4.0 ms]
   [Eden: 987.0M(987.0M)->0.0B(967.0M) Survivors: 37.0M->57.0M Heap: 2236.4M(3072.0M)->1087.9M(3072.0M)]
 [Times: user=0.60 sys=0.01, real=0.31 secs] 
33155.135: [GC pause (mixed)
Desired survivor size 67108864 bytes, new threshold 16 (max 32)
- age   1:   32091856 bytes,   32091856 total
- age   2:   20701696 bytes,   52793552 total
- age   3:    1771768 bytes,   54565320 total
, 0.4227000 secs]
   [Parallel Time: 406.9 ms, GC Workers: 2]
      [GC Worker Start (ms): Min: 33155136.8, Avg: 33155137.0, Max: 33155137.1, Diff: 0.3]
      [Ext Root Scanning (ms): Min: 81.2, Avg: 87.5, Max: 93.9, Diff: 12.7, Sum: 175.1]
      [Update RS (ms): Min: 27.5, Avg: 36.8, Max: 46.2, Diff: 18.7, Sum: 73.6]
         [Processed Buffers: Min: 144, Avg: 165.5, Max: 187, Diff: 43, Sum: 331]
      [Scan RS (ms): Min: 52.4, Avg: 52.5, Max: 52.5, Diff: 0.0, Sum: 104.9]
      [Object Copy (ms): Min: 226.8, Avg: 229.7, Max: 232.5, Diff: 5.7, Sum: 459.4]
      [Termination (ms): Min: 0.0, Avg: 0.0, Max: 0.0, Diff: 0.0, Sum: 0.0]
      [GC Worker Other (ms): Min: 0.1, Avg: 0.1, Max: 0.1, Diff: 0.0, Sum: 0.3]
      [GC Worker Total (ms): Min: 406.5, Avg: 406.6, Max: 406.8, Diff: 0.3, Sum: 813.3]
      [GC Worker End (ms): Min: 33155543.6, Avg: 33155543.6, Max: 33155543.6, Diff: 0.0]
   [Code Root Fixup: 0.0 ms]
   [Clear CT: 0.9 ms]
   [Other: 15.0 ms]
      [Choose CSet: 1.3 ms]
      [Ref Proc: 8.1 ms]
      [Ref Enq: 0.1 ms]
      [Free CSet: 4.0 ms]
   [Eden: 967.0M(967.0M)->0.0B(923.0M) Survivors: 57.0M->101.0M Heap: 2059.8M(3072.0M)->1047.3M(3072.0M)]
 [Times: user=0.83 sys=0.00, real=0.42 secs] 
33160.945: [GC pause (mixed)
Desired survivor size 67108864 bytes, new threshold 1 (max 32)
- age   1:   67822856 bytes,   67822856 total
- age   2:   14870824 bytes,   82693680 total
- age   3:   16769680 bytes,   99463360 total
- age   4:    1451728 bytes,  100915088 total
, 0.4414460 secs]
   [Parallel Time: 425.1 ms, GC Workers: 2]
      [GC Worker Start (ms): Min: 33160946.6, Avg: 33160946.6, Max: 33160946.6, Diff: 0.0]
      [Ext Root Scanning (ms): Min: 78.3, Avg: 85.9, Max: 93.4, Diff: 15.1, Sum: 171.7]
      [Update RS (ms): Min: 40.0, Avg: 50.4, Max: 60.7, Diff: 20.7, Sum: 100.8]
         [Processed Buffers: Min: 178, Avg: 188.0, Max: 198, Diff: 20, Sum: 376]
      [Scan RS (ms): Min: 44.6, Avg: 44.8, Max: 44.9, Diff: 0.3, Sum: 89.6]
      [Object Copy (ms): Min: 241.1, Avg: 243.8, Max: 246.5, Diff: 5.3, Sum: 487.6]
      [Termination (ms): Min: 0.0, Avg: 0.0, Max: 0.0, Diff: 0.0, Sum: 0.0]
      [GC Worker Other (ms): Min: 0.1, Avg: 0.1, Max: 0.1, Diff: 0.0, Sum: 0.3]
      [GC Worker Total (ms): Min: 424.9, Avg: 425.0, Max: 425.0, Diff: 0.0, Sum: 849.9]
      [GC Worker End (ms): Min: 33161371.6, Avg: 33161371.6, Max: 33161371.6, Diff: 0.0]
   [Code Root Fixup: 0.0 ms]
   [Clear CT: 0.8 ms]
   [Other: 15.5 ms]
      [Choose CSet: 0.6 ms]
      [Ref Proc: 9.6 ms]
      [Ref Enq: 0.2 ms]
      [Free CSet: 3.0 ms]
   [Eden: 923.0M(923.0M)->0.0B(982.0M) Survivors: 101.0M->42.0M Heap: 1980.8M(3072.0M)->1036.3M(3072.0M)]
 [Times: user=0.86 sys=0.00, real=0.44 secs] 
33168.073: [GC pause (young)
Desired survivor size 67108864 bytes, new threshold 16 (max 32)
- age   1:   40840768 bytes,   40840768 total
, 0.3194920 secs]
   [Parallel Time: 299.5 ms, GC Workers: 2]
      [GC Worker Start (ms): Min: 33168074.7, Avg: 33168074.7, Max: 33168074.8, Diff: 0.0]
      [Ext Root Scanning (ms): Min: 79.0, Avg: 88.2, Max: 97.4, Diff: 18.4, Sum: 176.3]
      [Update RS (ms): Min: 28.4, Avg: 41.1, Max: 53.9, Diff: 25.5, Sum: 82.2]
         [Processed Buffers: Min: 125, Avg: 158.5, Max: 192, Diff: 67, Sum: 317]
      [Scan RS (ms): Min: 32.9, Avg: 32.9, Max: 32.9, Diff: 0.0, Sum: 65.8]
      [Object Copy (ms): Min: 133.4, Avg: 137.0, Max: 140.6, Diff: 7.2, Sum: 274.0]
      [Termination (ms): Min: 0.0, Avg: 0.0, Max: 0.0, Diff: 0.0, Sum: 0.0]
      [GC Worker Other (ms): Min: 0.1, Avg: 0.1, Max: 0.1, Diff: 0.0, Sum: 0.2]
      [GC Worker Total (ms): Min: 299.3, Avg: 299.3, Max: 299.3, Diff: 0.0, Sum: 598.6]
      [GC Worker End (ms): Min: 33168374.0, Avg: 33168374.0, Max: 33168374.0, Diff: 0.0]
   [Code Root Fixup: 0.0 ms]
   [Clear CT: 0.8 ms]
   [Other: 19.2 ms]
      [Choose CSet: 0.0 ms]
      [Ref Proc: 12.6 ms]
      [Ref Enq: 0.2 ms]
      [Free CSet: 4.1 ms]
   [Eden: 982.0M(982.0M)->0.0B(962.0M) Survivors: 42.0M->62.0M Heap: 2020.6M(3072.0M)->1058.6M(3072.0M)]
 [Times: user=0.61 sys=0.00, real=0.32 secs] 
33174.560: [GC pause (young)
Desired survivor size 67108864 bytes, new threshold 16 (max 32)
- age   1:   28440960 bytes,   28440960 total
- age   2:   31261856 bytes,   59702816 total
, 0.3875180 secs]
   [Parallel Time: 373.9 ms, GC Workers: 2]
      [GC Worker Start (ms): Min: 33174561.7, Avg: 33174561.7, Max: 33174561.7, Diff: 0.0]
      [Ext Root Scanning (ms): Min: 83.6, Avg: 89.7, Max: 95.9, Diff: 12.3, Sum: 179.4]
      [Update RS (ms): Min: 17.3, Avg: 26.1, Max: 34.9, Diff: 17.5, Sum: 52.2]
         [Processed Buffers: Min: 164, Avg: 171.0, Max: 178, Diff: 14, Sum: 342]
      [Scan RS (ms): Min: 37.6, Avg: 37.7, Max: 37.7, Diff: 0.1, Sum: 75.3]
      [Object Copy (ms): Min: 217.5, Avg: 220.2, Max: 222.8, Diff: 5.3, Sum: 440.4]
      [Termination (ms): Min: 0.0, Avg: 0.0, Max: 0.0, Diff: 0.0, Sum: 0.0]
      [GC Worker Other (ms): Min: 0.1, Avg: 0.1, Max: 0.1, Diff: 0.0, Sum: 0.3]
      [GC Worker Total (ms): Min: 373.8, Avg: 373.8, Max: 373.8, Diff: 0.0, Sum: 747.6]
      [GC Worker End (ms): Min: 33174935.5, Avg: 33174935.5, Max: 33174935.6, Diff: 0.0]
   [Code Root Fixup: 0.0 ms]
   [Clear CT: 1.3 ms]
   [Other: 12.4 ms]
      [Choose CSet: 0.0 ms]
      [Ref Proc: 7.0 ms]
      [Ref Enq: 0.1 ms]
      [Free CSet: 3.4 ms]
   [Eden: 962.0M(962.0M)->0.0B(920.0M) Survivors: 62.0M->104.0M Heap: 2063.5M(3072.0M)->1143.5M(3072.0M)]
 [Times: user=0.75 sys=0.01, real=0.39 secs] 
33181.514: [GC pause (young)
Desired survivor size 67108864 bytes, new threshold 2 (max 32)
- age   1:   57014904 bytes,   57014904 total
- age   2:   21745704 bytes,   78760608 total
- age   3:   26774624 bytes,  105535232 total
, 0.6848360 secs]
   [Parallel Time: 676.7 ms, GC Workers: 2]
      [GC Worker Start (ms): Min: 33181514.3, Avg: 33181514.3, Max: 33181514.3, Diff: 0.0]
      [Ext Root Scanning (ms): Min: 74.5, Avg: 83.8, Max: 93.1, Diff: 18.6, Sum: 167.6]
      [Update RS (ms): Min: 67.5, Avg: 79.8, Max: 92.0, Diff: 24.5, Sum: 159.5]
         [Processed Buffers: Min: 149, Avg: 152.5, Max: 156, Diff: 7, Sum: 305]
      [Scan RS (ms): Min: 23.2, Avg: 23.2, Max: 23.2, Diff: 0.0, Sum: 46.4]
      [Object Copy (ms): Min: 486.8, Avg: 489.7, Max: 492.7, Diff: 5.8, Sum: 979.5]
      [Termination (ms): Min: 0.0, Avg: 0.0, Max: 0.0, Diff: 0.0, Sum: 0.0]
      [GC Worker Other (ms): Min: 0.1, Avg: 0.1, Max: 0.1, Diff: 0.0, Sum: 0.2]
      [GC Worker Total (ms): Min: 676.6, Avg: 676.6, Max: 676.7, Diff: 0.0, Sum: 1353.3]
      [GC Worker End (ms): Min: 33182190.9, Avg: 33182190.9, Max: 33182191.0, Diff: 0.0]
   [Code Root Fixup: 0.0 ms]
   [Clear CT: 0.7 ms]
   [Other: 7.4 ms]
      [Choose CSet: 0.0 ms]
      [Ref Proc: 3.1 ms]
      [Ref Enq: 0.0 ms]
      [Free CSet: 2.2 ms]
   [Eden: 920.0M(920.0M)->0.0B(896.0M) Survivors: 104.0M->128.0M Heap: 2067.5M(3072.0M)->1247.5M(3072.0M)]
 [Times: user=1.36 sys=0.00, real=0.69 secs] 
33187.133: [GC pause (young)
Desired survivor size 67108864 bytes, new threshold 1 (max 32)
- age   1:  127581384 bytes,  127581384 total
- age   2:   39420096 bytes,  167001480 total
, 0.8937270 secs]
   [Parallel Time: 881.0 ms, GC Workers: 2]
      [GC Worker Start (ms): Min: 33187134.3, Avg: 33187134.3, Max: 33187134.3, Diff: 0.0]
      [Ext Root Scanning (ms): Min: 79.9, Avg: 89.5, Max: 99.1, Diff: 19.2, Sum: 179.0]
      [Update RS (ms): Min: 97.4, Avg: 109.2, Max: 121.0, Diff: 23.6, Sum: 218.4]
         [Processed Buffers: Min: 92, Avg: 174.0, Max: 256, Diff: 164, Sum: 348]
      [Scan RS (ms): Min: 137.2, Avg: 137.5, Max: 137.8, Diff: 0.5, Sum: 275.0]
      [Object Copy (ms): Min: 542.0, Avg: 544.5, Max: 547.0, Diff: 5.0, Sum: 1089.1]
      [Termination (ms): Min: 0.0, Avg: 0.0, Max: 0.0, Diff: 0.0, Sum: 0.0]
      [GC Worker Other (ms): Min: 0.1, Avg: 0.1, Max: 0.1, Diff: 0.0, Sum: 0.2]
      [GC Worker Total (ms): Min: 880.8, Avg: 880.8, Max: 880.8, Diff: 0.0, Sum: 1761.7]
      [GC Worker End (ms): Min: 33188015.1, Avg: 33188015.1, Max: 33188015.1, Diff: 0.0]
   [Code Root Fixup: 0.0 ms]
   [Clear CT: 0.8 ms]
   [Other: 12.0 ms]
      [Choose CSet: 0.0 ms]
      [Ref Proc: 2.9 ms]
      [Ref Enq: 0.0 ms]
      [Free CSet: 5.1 ms]
   [Eden: 896.0M(896.0M)->0.0B(952.0M) Survivors: 128.0M->72.0M Heap: 2170.7M(3072.0M)->1341.2M(3072.0M)]
 [Times: user=1.75 sys=0.03, real=0.89 secs] 
33190.346: [GC pause (young)
Desired survivor size 67108864 bytes, new threshold 1 (max 32)
- age   1:   73302592 bytes,   73302592 total
, 0.4352840 secs]
   [Parallel Time: 427.3 ms, GC Workers: 2]
      [GC Worker Start (ms): Min: 33190346.9, Avg: 33190346.9, Max: 33190346.9, Diff: 0.0]
      [Ext Root Scanning (ms): Min: 77.9, Avg: 87.3, Max: 96.6, Diff: 18.7, Sum: 174.6]
      [Update RS (ms): Min: 16.2, Avg: 28.0, Max: 39.8, Diff: 23.7, Sum: 56.0]
         [Processed Buffers: Min: 66, Avg: 151.5, Max: 237, Diff: 171, Sum: 303]
      [Scan RS (ms): Min: 74.4, Avg: 74.4, Max: 74.5, Diff: 0.2, Sum: 148.9]
      [Object Copy (ms): Min: 234.8, Avg: 237.4, Max: 239.9, Diff: 5.1, Sum: 474.7]
      [Termination (ms): Min: 0.0, Avg: 0.0, Max: 0.0, Diff: 0.0, Sum: 0.0]
      [GC Worker Other (ms): Min: 0.1, Avg: 0.1, Max: 0.1, Diff: 0.0, Sum: 0.2]
      [GC Worker Total (ms): Min: 427.2, Avg: 427.2, Max: 427.2, Diff: 0.0, Sum: 854.4]
      [GC Worker End (ms): Min: 33190774.1, Avg: 33190774.1, Max: 33190774.1, Diff: 0.0]
   [Code Root Fixup: 0.0 ms]
   [Clear CT: 0.6 ms]
   [Other: 7.4 ms]
      [Choose CSet: 0.0 ms]
      [Ref Proc: 1.9 ms]
      [Ref Enq: 0.0 ms]
      [Free CSet: 2.9 ms]
   [Eden: 433.0M(952.0M)->0.0B(994.0M) Survivors: 72.0M->30.0M Heap: 1786.2M(3072.0M)->1379.7M(3072.0M)]
 [Times: user=0.86 sys=0.00, real=0.44 secs] 
33190.790: [GC pause (young) (initial-mark)
Desired survivor size 67108864 bytes, new threshold 16 (max 32)
- age   1:   29432936 bytes,   29432936 total
, 0.4653520 secs]
   [Parallel Time: 463.5 ms, GC Workers: 2]
      [GC Worker Start (ms): Min: 33190790.6, Avg: 33190790.6, Max: 33190790.6, Diff: 0.0]
      [Ext Root Scanning (ms): Min: 70.9, Avg: 94.8, Max: 118.7, Diff: 47.9, Sum: 189.6]
      [Update RS (ms): Min: 242.2, Avg: 265.3, Max: 288.4, Diff: 46.2, Sum: 530.6]
         [Processed Buffers: Min: 410, Avg: 447.5, Max: 485, Diff: 75, Sum: 895]
      [Scan RS (ms): Min: 0.0, Avg: 0.1, Max: 0.1, Diff: 0.1, Sum: 0.1]
      [Object Copy (ms): Min: 102.3, Avg: 103.1, Max: 103.9, Diff: 1.6, Sum: 206.2]
      [Termination (ms): Min: 0.0, Avg: 0.0, Max: 0.0, Diff: 0.0, Sum: 0.0]
      [GC Worker Other (ms): Min: 0.1, Avg: 0.1, Max: 0.1, Diff: 0.0, Sum: 0.1]
      [GC Worker Total (ms): Min: 463.3, Avg: 463.3, Max: 463.4, Diff: 0.1, Sum: 926.7]
      [GC Worker End (ms): Min: 33191254.0, Avg: 33191254.0, Max: 33191254.0, Diff: 0.0]
   [Code Root Fixup: 0.0 ms]
   [Clear CT: 0.0 ms]
   [Other: 1.8 ms]
      [Choose CSet: 0.0 ms]
      [Ref Proc: 0.1 ms]
      [Ref Enq: 0.0 ms]
      [Free CSet: 0.1 ms]
   [Eden: 2048.0K(994.0M)->0.0B(995.0M) Survivors: 30.0M->29.0M Heap: 1389.0M(3072.0M)->1386.7M(3072.0M)]
 [Times: user=0.93 sys=0.00, real=0.46 secs] 
33191.256: [GC concurrent-root-region-scan-start]
33191.386: [GC concurrent-root-region-scan-end, 0.1305950 secs]
33191.386: [GC concurrent-mark-start]
33193.581: [GC concurrent-mark-end, 2.1950980 secs]
33193.585: [GC remark 33193.589: [GC ref-proc, 0.1642700 secs], 0.2464910 secs]
 [Times: user=0.25 sys=0.00, real=0.25 secs] 
33193.834: [GC cleanup 1782M->1504M(3072M), 0.0275400 secs]
 [Times: user=0.05 sys=0.00, real=0.03 secs] 
33193.862: [GC concurrent-cleanup-start]
33193.862: [GC concurrent-cleanup-end, 0.0006430 secs]
33197.635: [GC pause (young)
Desired survivor size 67108864 bytes, new threshold 16 (max 32)
- age   1:      57000 bytes,      57000 total
- age   2:   29274504 bytes,   29331504 total
, 0.3966520 secs]
   [Parallel Time: 383.2 ms, GC Workers: 2]
      [GC Worker Start (ms): Min: 33197637.2, Avg: 33197637.2, Max: 33197637.2, Diff: 0.0]
      [Ext Root Scanning (ms): Min: 78.2, Avg: 90.6, Max: 102.9, Diff: 24.8, Sum: 181.1]
      [Update RS (ms): Min: 34.7, Avg: 50.4, Max: 66.0, Diff: 31.3, Sum: 100.7]
         [Processed Buffers: Min: 131, Avg: 140.0, Max: 149, Diff: 18, Sum: 280]
      [Scan RS (ms): Min: 70.4, Avg: 70.8, Max: 71.2, Diff: 0.8, Sum: 141.6]
      [Object Copy (ms): Min: 168.4, Avg: 171.3, Max: 174.2, Diff: 5.7, Sum: 342.6]
      [Termination (ms): Min: 0.0, Avg: 0.0, Max: 0.0, Diff: 0.0, Sum: 0.0]
      [GC Worker Other (ms): Min: 0.1, Avg: 0.1, Max: 0.1, Diff: 0.0, Sum: 0.2]
      [GC Worker Total (ms): Min: 383.1, Avg: 383.1, Max: 383.1, Diff: 0.0, Sum: 766.2]
      [GC Worker End (ms): Min: 33198020.3, Avg: 33198020.3, Max: 33198020.3, Diff: 0.0]
   [Code Root Fixup: 0.0 ms]
   [Clear CT: 0.7 ms]
   [Other: 12.8 ms]
      [Choose CSet: 0.0 ms]
      [Ref Proc: 4.4 ms]
      [Ref Enq: 0.2 ms]
      [Free CSet: 5.6 ms]
   [Eden: 995.0M(995.0M)->0.0B(960.0M) Survivors: 29.0M->64.0M Heap: 2116.7M(3072.0M)->1157.2M(3072.0M)]
 [Times: user=0.77 sys=0.00, real=0.40 secs] 
33203.316: [GC pause (mixed)
Desired survivor size 67108864 bytes, new threshold 16 (max 32)
- age   1:   41188512 bytes,   41188512 total
- age   3:   23864984 bytes,   65053496 total
, 0.5013900 secs]
   [Parallel Time: 489.2 ms, GC Workers: 2]
      [GC Worker Start (ms): Min: 33203318.7, Avg: 33203318.7, Max: 33203318.8, Diff: 0.0]
      [Ext Root Scanning (ms): Min: 79.2, Avg: 86.6, Max: 94.0, Diff: 14.8, Sum: 173.3]
      [Update RS (ms): Min: 44.6, Avg: 54.6, Max: 64.6, Diff: 20.0, Sum: 109.2]
         [Processed Buffers: Min: 74, Avg: 157.0, Max: 240, Diff: 166, Sum: 314]
      [Scan RS (ms): Min: 89.0, Avg: 89.0, Max: 89.1, Diff: 0.1, Sum: 178.1]
      [Object Copy (ms): Min: 256.0, Avg: 258.6, Max: 261.2, Diff: 5.1, Sum: 517.2]
      [Termination (ms): Min: 0.0, Avg: 0.0, Max: 0.0, Diff: 0.0, Sum: 0.0]
      [GC Worker Other (ms): Min: 0.1, Avg: 0.1, Max: 0.2, Diff: 0.1, Sum: 0.3]
      [GC Worker Total (ms): Min: 489.0, Avg: 489.0, Max: 489.1, Diff: 0.1, Sum: 978.0]
      [GC Worker End (ms): Min: 33203807.7, Avg: 33203807.8, Max: 33203807.8, Diff: 0.0]
   [Code Root Fixup: 0.0 ms]
   [Clear CT: 0.8 ms]
   [Other: 11.3 ms]
      [Choose CSet: 0.5 ms]
      [Ref Proc: 2.8 ms]
      [Ref Enq: 0.0 ms]
      [Free CSet: 5.5 ms]
   [Eden: 960.0M(960.0M)->0.0B(916.0M) Survivors: 64.0M->108.0M Heap: 2166.1M(3072.0M)->1179.6M(3072.0M)]
 [Times: user=0.99 sys=0.00, real=0.50 secs] 
33208.826: [GC pause (mixed)
Desired survivor size 67108864 bytes, new threshold 2 (max 32)
- age   1:   49748944 bytes,   49748944 total
- age   2:   37524456 bytes,   87273400 total
- age   4:   22973376 bytes,  110246776 total
, 0.7363080 secs]
   [Parallel Time: 720.6 ms, GC Workers: 2]
      [GC Worker Start (ms): Min: 33208829.1, Avg: 33208829.1, Max: 33208829.1, Diff: 0.0]
      [Ext Root Scanning (ms): Min: 76.8, Avg: 85.1, Max: 93.4, Diff: 16.6, Sum: 170.3]
      [Update RS (ms): Min: 35.9, Avg: 46.8, Max: 57.7, Diff: 21.9, Sum: 93.6]
         [Processed Buffers: Min: 127, Avg: 139.5, Max: 152, Diff: 25, Sum: 279]
      [Scan RS (ms): Min: 148.3, Avg: 148.4, Max: 148.6, Diff: 0.3, Sum: 296.8]
      [Object Copy (ms): Min: 437.3, Avg: 440.0, Max: 442.8, Diff: 5.6, Sum: 880.1]
      [Termination (ms): Min: 0.0, Avg: 0.0, Max: 0.0, Diff: 0.0, Sum: 0.0]
      [GC Worker Other (ms): Min: 0.1, Avg: 0.1, Max: 0.1, Diff: 0.0, Sum: 0.2]
      [GC Worker Total (ms): Min: 720.5, Avg: 720.5, Max: 720.5, Diff: 0.1, Sum: 1441.0]
      [GC Worker End (ms): Min: 33209549.6, Avg: 33209549.6, Max: 33209549.6, Diff: 0.0]
   [Code Root Fixup: 0.0 ms]
   [Clear CT: 0.9 ms]
   [Other: 14.8 ms]
      [Choose CSet: 1.2 ms]
      [Ref Proc: 2.9 ms]
      [Ref Enq: 0.1 ms]
      [Free CSet: 7.0 ms]
   [Eden: 916.0M(916.0M)->0.0B(913.0M) Survivors: 108.0M->111.0M Heap: 2108.6M(3072.0M)->1183.6M(3072.0M)]
 [Times: user=1.46 sys=0.00, real=0.73 secs] 
33214.703: [GC pause (mixed)
Desired survivor size 67108864 bytes, new threshold 1 (max 32)
- age   1:   73211976 bytes,   73211976 total
- age   2:   41521800 bytes,  114733776 total
, 0.6890250 secs]
   [Parallel Time: 674.8 ms, GC Workers: 2]
      [GC Worker Start (ms): Min: 33214705.1, Avg: 33214705.2, Max: 33214705.2, Diff: 0.0]
      [Ext Root Scanning (ms): Min: 79.6, Avg: 87.0, Max: 94.5, Diff: 14.9, Sum: 174.1]
      [Update RS (ms): Min: 61.9, Avg: 72.2, Max: 82.4, Diff: 20.5, Sum: 144.4]
         [Processed Buffers: Min: 141, Avg: 146.5, Max: 152, Diff: 11, Sum: 293]
      [Scan RS (ms): Min: 123.4, Avg: 123.5, Max: 123.7, Diff: 0.4, Sum: 247.1]
      [Object Copy (ms): Min: 389.3, Avg: 391.9, Max: 394.5, Diff: 5.2, Sum: 783.8]
      [Termination (ms): Min: 0.0, Avg: 0.0, Max: 0.0, Diff: 0.0, Sum: 0.1]
      [GC Worker Other (ms): Min: 0.1, Avg: 0.1, Max: 0.1, Diff: 0.0, Sum: 0.2]
      [GC Worker Total (ms): Min: 674.8, Avg: 674.8, Max: 674.8, Diff: 0.0, Sum: 1349.5]
      [GC Worker End (ms): Min: 33215379.9, Avg: 33215379.9, Max: 33215379.9, Diff: 0.0]
   [Code Root Fixup: 0.0 ms]
   [Clear CT: 0.8 ms]
   [Other: 13.4 ms]
      [Choose CSet: 0.3 ms]
      [Ref Proc: 3.5 ms]
      [Ref Enq: 0.0 ms]
      [Free CSet: 5.8 ms]
   [Eden: 913.0M(913.0M)->0.0B(976.0M) Survivors: 111.0M->48.0M Heap: 2118.3M(3072.0M)->1235.3M(3072.0M)]
 [Times: user=1.36 sys=0.00, real=0.68 secs] 
33220.438: [GC pause (young)
Desired survivor size 67108864 bytes, new threshold 16 (max 32)
- age   1:   47790728 bytes,   47790728 total
, 0.4497270 secs]
   [Parallel Time: 438.1 ms, GC Workers: 2]
      [GC Worker Start (ms): Min: 33220439.7, Avg: 33220439.7, Max: 33220439.7, Diff: 0.0]
      [Ext Root Scanning (ms): Min: 78.2, Avg: 88.9, Max: 99.6, Diff: 21.4, Sum: 177.9]
      [Update RS (ms): Min: 23.6, Avg: 37.1, Max: 50.6, Diff: 27.0, Sum: 74.2]
         [Processed Buffers: Min: 123, Avg: 153.5, Max: 184, Diff: 61, Sum: 307]
      [Scan RS (ms): Min: 84.2, Avg: 84.3, Max: 84.4, Diff: 0.1, Sum: 168.6]
      [Object Copy (ms): Min: 224.7, Avg: 227.6, Max: 230.5, Diff: 5.8, Sum: 455.2]
      [Termination (ms): Min: 0.0, Avg: 0.0, Max: 0.0, Diff: 0.0, Sum: 0.0]
      [GC Worker Other (ms): Min: 0.1, Avg: 0.1, Max: 0.1, Diff: 0.0, Sum: 0.2]
      [GC Worker Total (ms): Min: 438.0, Avg: 438.0, Max: 438.1, Diff: 0.0, Sum: 876.1]
      [GC Worker End (ms): Min: 33220877.7, Avg: 33220877.7, Max: 33220877.7, Diff: 0.0]
   [Code Root Fixup: 0.0 ms]
   [Clear CT: 0.8 ms]
   [Other: 10.8 ms]
      [Choose CSet: 0.0 ms]
      [Ref Proc: 2.9 ms]
      [Ref Enq: 0.0 ms]
      [Free CSet: 5.3 ms]
   [Eden: 976.0M(976.0M)->0.0B(936.0M) Survivors: 48.0M->88.0M Heap: 2240.9M(3072.0M)->1305.4M(3072.0M)]
 [Times: user=0.88 sys=0.00, real=0.45 secs] 
33226.770: [GC pause (young)
Desired survivor size 67108864 bytes, new threshold 2 (max 32)
- age   1:   50100256 bytes,   50100256 total
- age   2:   40282480 bytes,   90382736 total
, 0.5595330 secs]
   [Parallel Time: 545.8 ms, GC Workers: 2]
      [GC Worker Start (ms): Min: 33226772.1, Avg: 33226772.1, Max: 33226772.2, Diff: 0.0]
      [Ext Root Scanning (ms): Min: 82.6, Avg: 90.1, Max: 97.6, Diff: 15.0, Sum: 180.2]
      [Update RS (ms): Min: 50.1, Avg: 60.7, Max: 71.2, Diff: 21.0, Sum: 121.3]
         [Processed Buffers: Min: 124, Avg: 137.0, Max: 150, Diff: 26, Sum: 274]
      [Scan RS (ms): Min: 101.4, Avg: 101.4, Max: 101.4, Diff: 0.0, Sum: 202.8]
      [Object Copy (ms): Min: 290.4, Avg: 293.4, Max: 296.5, Diff: 6.1, Sum: 586.8]
      [Termination (ms): Min: 0.0, Avg: 0.0, Max: 0.0, Diff: 0.0, Sum: 0.0]
      [GC Worker Other (ms): Min: 0.1, Avg: 0.1, Max: 0.1, Diff: 0.0, Sum: 0.2]
      [GC Worker Total (ms): Min: 545.7, Avg: 545.7, Max: 545.7, Diff: 0.0, Sum: 1091.4]
      [GC Worker End (ms): Min: 33227317.8, Avg: 33227317.8, Max: 33227317.8, Diff: 0.0]
   [Code Root Fixup: 0.0 ms]
   [Clear CT: 1.4 ms]
   [Other: 12.4 ms]
      [Choose CSet: 0.0 ms]
      [Ref Proc: 3.3 ms]
      [Ref Enq: 0.0 ms]
      [Free CSet: 5.8 ms]
   [Eden: 936.0M(936.0M)->0.0B(945.0M) Survivors: 88.0M->79.0M Heap: 2261.6M(3072.0M)->1354.6M(3072.0M)]
 [Times: user=1.10 sys=0.00, real=0.56 secs] 
33231.885: [GC pause (young)
Desired survivor size 67108864 bytes, new threshold 2 (max 32)
- age   1:   45469952 bytes,   45469952 total
- age   2:   36125136 bytes,   81595088 total
, 0.5517110 secs]
   [Parallel Time: 540.6 ms, GC Workers: 2]
      [GC Worker Start (ms): Min: 33231886.7, Avg: 33231886.9, Max: 33231887.1, Diff: 0.5]
      [Ext Root Scanning (ms): Min: 78.0, Avg: 87.1, Max: 96.1, Diff: 18.1, Sum: 174.1]
      [Update RS (ms): Min: 47.0, Avg: 59.1, Max: 71.1, Diff: 24.1, Sum: 118.1]
         [Processed Buffers: Min: 138, Avg: 142.0, Max: 146, Diff: 8, Sum: 284]
      [Scan RS (ms): Min: 88.9, Avg: 88.9, Max: 89.0, Diff: 0.1, Sum: 177.9]
      [Object Copy (ms): Min: 302.4, Avg: 305.2, Max: 307.9, Diff: 5.6, Sum: 610.3]
      [Termination (ms): Min: 0.0, Avg: 0.0, Max: 0.0, Diff: 0.0, Sum: 0.0]
      [GC Worker Other (ms): Min: 0.1, Avg: 0.1, Max: 0.1, Diff: 0.0, Sum: 0.2]
      [GC Worker Total (ms): Min: 540.1, Avg: 540.3, Max: 540.6, Diff: 0.5, Sum: 1080.7]
      [GC Worker End (ms): Min: 33232427.2, Avg: 33232427.2, Max: 33232427.2, Diff: 0.0]
   [Code Root Fixup: 0.0 ms]
   [Clear CT: 0.8 ms]
   [Other: 10.3 ms]
      [Choose CSet: 0.0 ms]
      [Ref Proc: 2.5 ms]
      [Ref Enq: 0.0 ms]
      [Free CSet: 4.8 ms]
   [Eden: 945.0M(945.0M)->0.0B(926.0M) Survivors: 79.0M->98.0M Heap: 2322.3M(3072.0M)->1430.3M(3072.0M)]
 [Times: user=1.09 sys=0.00, real=0.55 secs] 
33232.639: [GC pause (young) (initial-mark)
Desired survivor size 67108864 bytes, new threshold 2 (max 32)
- age   1:   58121096 bytes,   58121096 total
- age   2:   42507120 bytes,  100628216 total
, 0.5026680 secs]
   [Parallel Time: 498.7 ms, GC Workers: 2]
      [GC Worker Start (ms): Min: 33232640.1, Avg: 33232640.6, Max: 33232641.1, Diff: 1.1]
      [Ext Root Scanning (ms): Min: 68.1, Avg: 87.9, Max: 107.7, Diff: 39.6, Sum: 175.8]
      [Update RS (ms): Min: 116.5, Avg: 134.0, Max: 151.4, Diff: 34.9, Sum: 267.9]
         [Processed Buffers: Min: 104, Avg: 150.0, Max: 196, Diff: 92, Sum: 300]
      [Scan RS (ms): Min: 21.3, Avg: 21.3, Max: 21.3, Diff: 0.0, Sum: 42.6]
      [Object Copy (ms): Min: 252.9, Avg: 254.7, Max: 256.6, Diff: 3.7, Sum: 509.4]
      [Termination (ms): Min: 0.0, Avg: 0.0, Max: 0.0, Diff: 0.0, Sum: 0.0]
      [GC Worker Other (ms): Min: 0.1, Avg: 0.2, Max: 0.2, Diff: 0.1, Sum: 0.3]
      [GC Worker Total (ms): Min: 497.5, Avg: 498.1, Max: 498.6, Diff: 1.1, Sum: 996.1]
      [GC Worker End (ms): Min: 33233138.7, Avg: 33233138.7, Max: 33233138.7, Diff: 0.0]
   [Code Root Fixup: 0.0 ms]
   [Clear CT: 0.4 ms]
   [Other: 3.6 ms]
      [Choose CSet: 0.0 ms]
      [Ref Proc: 0.4 ms]
      [Ref Enq: 0.0 ms]
      [Free CSet: 0.7 ms]
   [Eden: 58.0M(926.0M)->0.0B(962.0M) Survivors: 98.0M->62.0M Heap: 1488.3M(3072.0M)->1435.8M(3072.0M)]
 [Times: user=0.95 sys=0.05, real=0.50 secs] 
33233.142: [GC concurrent-root-region-scan-start]
33233.397: [GC concurrent-root-region-scan-end, 0.2544680 secs]
33233.397: [GC concurrent-mark-start]
33237.338: [GC concurrent-mark-end, 3.9416010 secs]
33237.342: [GC remark 33237.344: [GC ref-proc, 0.2532380 secs], 0.3354710 secs]
 [Times: user=0.34 sys=0.00, real=0.33 secs] 
33237.678: [GC cleanup 2336M->2163M(3072M), 0.0336100 secs]
 [Times: user=0.07 sys=0.00, real=0.03 secs] 
33237.713: [GC concurrent-cleanup-start]
33237.713: [GC concurrent-cleanup-end, 0.0004560 secs]
33238.433: [GC pause (young)
Desired survivor size 67108864 bytes, new threshold 16 (max 32)
- age   1:    5920184 bytes,    5920184 total
- age   2:   57086360 bytes,   63006544 total
, 0.4118200 secs]
   [Parallel Time: 401.8 ms, GC Workers: 2]
      [GC Worker Start (ms): Min: 33238435.1, Avg: 33238435.2, Max: 33238435.3, Diff: 0.1]
      [Ext Root Scanning (ms): Min: 75.2, Avg: 86.5, Max: 97.8, Diff: 22.6, Sum: 173.0]
      [Update RS (ms): Min: 11.7, Avg: 25.9, Max: 40.1, Diff: 28.4, Sum: 51.8]
         [Processed Buffers: Min: 73, Avg: 139.5, Max: 206, Diff: 133, Sum: 279]
      [Scan RS (ms): Min: 86.1, Avg: 86.4, Max: 86.7, Diff: 0.6, Sum: 172.7]
      [Object Copy (ms): Min: 199.5, Avg: 202.7, Max: 205.8, Diff: 6.3, Sum: 405.3]
      [Termination (ms): Min: 0.0, Avg: 0.0, Max: 0.0, Diff: 0.0, Sum: 0.0]
      [GC Worker Other (ms): Min: 0.1, Avg: 0.2, Max: 0.2, Diff: 0.0, Sum: 0.3]
      [GC Worker Total (ms): Min: 401.5, Avg: 401.6, Max: 401.7, Diff: 0.1, Sum: 803.2]
      [GC Worker End (ms): Min: 33238836.8, Avg: 33238836.8, Max: 33238836.8, Diff: 0.0]
   [Code Root Fixup: 0.0 ms]
   [Clear CT: 0.8 ms]
   [Other: 9.3 ms]
      [Choose CSet: 0.0 ms]
      [Ref Proc: 1.7 ms]
      [Ref Enq: 0.0 ms]
      [Free CSet: 4.9 ms]
   [Eden: 962.0M(962.0M)->0.0B(940.0M) Survivors: 62.0M->84.0M Heap: 2289.2M(3072.0M)->1348.7M(3072.0M)]
 [Times: user=0.81 sys=0.00, real=0.41 secs] 
33240.605: [GC pause (mixed)
Desired survivor size 67108864 bytes, new threshold 3 (max 32)
- age   1:   56755056 bytes,   56755056 total
- age   2:    1843040 bytes,   58598096 total
- age   3:   27590400 bytes,   86188496 total
, 0.3888870 secs]
   [Parallel Time: 382.2 ms, GC Workers: 2]
      [GC Worker Start (ms): Min: 33240606.5, Avg: 33240606.5, Max: 33240606.5, Diff: 0.0]
      [Ext Root Scanning (ms): Min: 79.3, Avg: 89.2, Max: 99.2, Diff: 19.9, Sum: 178.5]
      [Update RS (ms): Min: 33.3, Avg: 46.1, Max: 59.0, Diff: 25.6, Sum: 92.3]
         [Processed Buffers: Min: 114, Avg: 181.0, Max: 248, Diff: 134, Sum: 362]
      [Scan RS (ms): Min: 76.8, Avg: 76.8, Max: 76.9, Diff: 0.1, Sum: 153.7]
      [Object Copy (ms): Min: 166.9, Avg: 169.7, Max: 172.6, Diff: 5.7, Sum: 339.5]
      [Termination (ms): Min: 0.0, Avg: 0.0, Max: 0.0, Diff: 0.0, Sum: 0.0]
      [GC Worker Other (ms): Min: 0.1, Avg: 0.1, Max: 0.1, Diff: 0.0, Sum: 0.2]
      [GC Worker Total (ms): Min: 382.0, Avg: 382.1, Max: 382.1, Diff: 0.0, Sum: 764.1]
      [GC Worker End (ms): Min: 33240988.5, Avg: 33240988.5, Max: 33240988.5, Diff: 0.0]
   [Code Root Fixup: 0.0 ms]
   [Clear CT: 1.0 ms]
   [Other: 5.6 ms]
      [Choose CSet: 0.7 ms]
      [Ref Proc: 0.8 ms]
      [Ref Enq: 0.0 ms]
      [Free CSet: 2.2 ms]
   [Eden: 144.0M(940.0M)->0.0B(973.0M) Survivors: 84.0M->51.0M Heap: 1572.6M(3072.0M)->1389.2M(3072.0M)]
 [Times: user=0.77 sys=0.00, real=0.39 secs] 
33240.999: [GC pause (young) (initial-mark)
Desired survivor size 67108864 bytes, new threshold 16 (max 32)
- age   1:    4310864 bytes,    4310864 total
- age   2:   45405296 bytes,   49716160 total
- age   3:    1826528 bytes,   51542688 total
, 0.4040760 secs]
   [Parallel Time: 401.4 ms, GC Workers: 2]
      [GC Worker Start (ms): Min: 33241000.1, Avg: 33241000.1, Max: 33241000.1, Diff: 0.0]
      [Ext Root Scanning (ms): Min: 71.8, Avg: 91.3, Max: 110.9, Diff: 39.1, Sum: 182.6]
      [Update RS (ms): Min: 147.4, Avg: 163.5, Max: 179.6, Diff: 32.2, Sum: 327.1]
         [Processed Buffers: Min: 232, Avg: 270.5, Max: 309, Diff: 77, Sum: 541]
      [Scan RS (ms): Min: 0.0, Avg: 0.1, Max: 0.1, Diff: 0.0, Sum: 0.1]
      [Object Copy (ms): Min: 142.1, Avg: 145.4, Max: 148.8, Diff: 6.7, Sum: 290.9]
      [Termination (ms): Min: 0.1, Avg: 0.2, Max: 0.3, Diff: 0.2, Sum: 0.5]
      [GC Worker Other (ms): Min: 0.4, Avg: 0.5, Max: 0.7, Diff: 0.3, Sum: 1.1]
      [GC Worker Total (ms): Min: 401.0, Avg: 401.1, Max: 401.2, Diff: 0.2, Sum: 802.2]
      [GC Worker End (ms): Min: 33241401.2, Avg: 33241401.2, Max: 33241401.3, Diff: 0.1]
   [Code Root Fixup: 0.0 ms]
   [Clear CT: 0.1 ms]
   [Other: 2.6 ms]
      [Choose CSet: 0.0 ms]
      [Ref Proc: 0.3 ms]
      [Ref Enq: 0.0 ms]
      [Free CSet: 0.3 ms]
   [Eden: 1024.0K(973.0M)->0.0B(974.0M) Survivors: 51.0M->50.0M Heap: 1397.4M(3072.0M)->1396.7M(3072.0M)]
 [Times: user=0.80 sys=0.01, real=0.40 secs] 
33241.403: [GC concurrent-root-region-scan-start]
33241.648: [GC concurrent-root-region-scan-end, 0.2442130 secs]
33241.648: [GC concurrent-mark-start]
33243.873: [GC pause (young)
Desired survivor size 67108864 bytes, new threshold 16 (max 32)
- age   1:      15224 bytes,      15224 total
- age   2:    4267112 bytes,    4282336 total
- age   3:   45409704 bytes,   49692040 total
- age   4:    1826528 bytes,   51518568 total
, 0.3289640 secs]
   [Parallel Time: 322.9 ms, GC Workers: 2]
      [GC Worker Start (ms): Min: 33243874.3, Avg: 33243874.4, Max: 33243874.4, Diff: 0.0]
      [Ext Root Scanning (ms): Min: 79.4, Avg: 87.4, Max: 95.4, Diff: 16.0, Sum: 174.8]
      [SATB Filtering (ms): Min: 0.0, Avg: 0.5, Max: 1.0, Diff: 1.0, Sum: 1.0]
      [Update RS (ms): Min: 0.8, Avg: 10.6, Max: 20.5, Diff: 19.7, Sum: 21.3]
         [Processed Buffers: Min: 32, Avg: 125.5, Max: 219, Diff: 187, Sum: 251]
      [Scan RS (ms): Min: 45.2, Avg: 45.4, Max: 45.6, Diff: 0.4, Sum: 90.9]
      [Object Copy (ms): Min: 176.1, Avg: 178.7, Max: 181.2, Diff: 5.1, Sum: 357.3]
      [Termination (ms): Min: 0.0, Avg: 0.0, Max: 0.0, Diff: 0.0, Sum: 0.0]
      [GC Worker Other (ms): Min: 0.1, Avg: 0.1, Max: 0.1, Diff: 0.0, Sum: 0.3]
      [GC Worker Total (ms): Min: 322.8, Avg: 322.8, Max: 322.8, Diff: 0.0, Sum: 645.6]
      [GC Worker End (ms): Min: 33244197.1, Avg: 33244197.1, Max: 33244197.2, Diff: 0.0]
   [Code Root Fixup: 0.0 ms]
   [Clear CT: 0.5 ms]
   [Other: 5.6 ms]
      [Choose CSet: 0.0 ms]
      [Ref Proc: 2.2 ms]
      [Ref Enq: 0.1 ms]
      [Free CSet: 1.7 ms]
   [Eden: 373.0M(974.0M)->0.0B(933.0M) Survivors: 50.0M->91.0M Heap: 1787.6M(3072.0M)->1455.7M(3072.0M)]
 [Times: user=0.65 sys=0.00, real=0.33 secs] 
33245.072: [GC concurrent-mark-end, 3.4246540 secs]
33245.076: [GC remark 33245.077: [GC ref-proc, 0.0448330 secs], 0.1221170 secs]
 [Times: user=0.13 sys=0.00, real=0.12 secs] 
33245.199: [GC cleanup 1619M->1481M(3072M), 0.0310110 secs]
 [Times: user=0.06 sys=0.00, real=0.03 secs] 
33245.231: [GC concurrent-cleanup-start]
33245.232: [GC concurrent-cleanup-end, 0.0004190 secs]
33248.666: [GC pause (young)
Desired survivor size 67108864 bytes, new threshold 4 (max 32)
- age   1:   42915904 bytes,   42915904 total
- age   3:    2475656 bytes,   45391560 total
- age   4:   44703408 bytes,   90094968 total
- age   5:    1716688 bytes,   91811656 total
, 0.7071150 secs]
   [Parallel Time: 697.4 ms, GC Workers: 2]
      [GC Worker Start (ms): Min: 33248668.0, Avg: 33248668.0, Max: 33248668.0, Diff: 0.0]
      [Ext Root Scanning (ms): Min: 78.7, Avg: 88.8, Max: 98.9, Diff: 20.1, Sum: 177.6]
      [Update RS (ms): Min: 16.5, Avg: 30.1, Max: 43.7, Diff: 27.2, Sum: 60.2]
         [Processed Buffers: Min: 54, Avg: 156.0, Max: 258, Diff: 204, Sum: 312]
      [Scan RS (ms): Min: 48.8, Avg: 48.8, Max: 48.9, Diff: 0.2, Sum: 97.7]
      [Object Copy (ms): Min: 525.6, Avg: 529.2, Max: 532.9, Diff: 7.2, Sum: 1058.5]
      [Termination (ms): Min: 0.0, Avg: 0.0, Max: 0.0, Diff: 0.0, Sum: 0.0]
      [GC Worker Other (ms): Min: 0.1, Avg: 0.1, Max: 0.2, Diff: 0.1, Sum: 0.3]
      [GC Worker Total (ms): Min: 697.1, Avg: 697.1, Max: 697.1, Diff: 0.1, Sum: 1394.2]
      [GC Worker End (ms): Min: 33249365.1, Avg: 33249365.1, Max: 33249365.2, Diff: 0.0]
   [Code Root Fixup: 0.0 ms]
   [Clear CT: 1.3 ms]
   [Other: 8.4 ms]
      [Choose CSet: 0.0 ms]
      [Ref Proc: 2.0 ms]
      [Ref Enq: 0.0 ms]
      [Free CSet: 3.4 ms]
   [Eden: 933.0M(933.0M)->0.0B(896.0M) Survivors: 91.0M->128.0M Heap: 2270.7M(3072.0M)->1453.7M(3072.0M)]
 [Times: user=1.40 sys=0.01, real=0.71 secs] 
33254.704: [GC pause (mixed)
Desired survivor size 67108864 bytes, new threshold 1 (max 32)
- age   1:  159018656 bytes,  159018656 total
- age   2:   29671816 bytes,  188690472 total
- age   4:    2234992 bytes,  190925464 total
, 0.6603300 secs]
   [Parallel Time: 644.4 ms, GC Workers: 2]
      [GC Worker Start (ms): Min: 33254706.2, Avg: 33254706.4, Max: 33254706.5, Diff: 0.3]
      [Ext Root Scanning (ms): Min: 76.3, Avg: 86.9, Max: 97.5, Diff: 21.2, Sum: 173.8]
      [Update RS (ms): Min: 31.0, Avg: 45.2, Max: 59.4, Diff: 28.4, Sum: 90.4]
         [Processed Buffers: Min: 120, Avg: 138.0, Max: 156, Diff: 36, Sum: 276]
      [Scan RS (ms): Min: 165.8, Avg: 165.8, Max: 165.8, Diff: 0.0, Sum: 331.6]
      [Object Copy (ms): Min: 342.5, Avg: 346.0, Max: 349.5, Diff: 7.0, Sum: 692.0]
      [Termination (ms): Min: 0.0, Avg: 0.0, Max: 0.0, Diff: 0.0, Sum: 0.0]
      [GC Worker Other (ms): Min: 0.3, Avg: 0.3, Max: 0.3, Diff: 0.0, Sum: 0.5]
      [GC Worker Total (ms): Min: 644.1, Avg: 644.2, Max: 644.4, Diff: 0.3, Sum: 1288.4]
      [GC Worker End (ms): Min: 33255350.6, Avg: 33255350.6, Max: 33255350.6, Diff: 0.0]
   [Code Root Fixup: 0.0 ms]
   [Clear CT: 1.1 ms]
   [Other: 14.8 ms]
      [Choose CSet: 1.0 ms]
      [Ref Proc: 4.4 ms]
      [Ref Enq: 0.1 ms]
      [Free CSet: 5.4 ms]
   [Eden: 896.0M(896.0M)->0.0B(985.0M) Survivors: 128.0M->39.0M Heap: 2349.7M(3072.0M)->1383.2M(3072.0M)]
 [Times: user=1.29 sys=0.00, real=0.66 secs] 
33262.252: [GC pause (mixed)
Desired survivor size 67108864 bytes, new threshold 16 (max 32)
- age   1:   37857352 bytes,   37857352 total
, 0.4228150 secs]
   [Parallel Time: 400.6 ms, GC Workers: 2]
      [GC Worker Start (ms): Min: 33262256.2, Avg: 33262256.2, Max: 33262256.2, Diff: 0.0]
      [Ext Root Scanning (ms): Min: 77.4, Avg: 86.4, Max: 95.4, Diff: 18.0, Sum: 172.8]
      [Update RS (ms): Min: 13.5, Avg: 26.3, Max: 39.0, Diff: 25.5, Sum: 52.5]
         [Processed Buffers: Min: 147, Avg: 149.5, Max: 152, Diff: 5, Sum: 299]
      [Scan RS (ms): Min: 101.5, Avg: 101.6, Max: 101.7, Diff: 0.1, Sum: 203.2]
      [Object Copy (ms): Min: 182.5, Avg: 186.1, Max: 189.8, Diff: 7.3, Sum: 372.3]
      [Termination (ms): Min: 0.0, Avg: 0.0, Max: 0.0, Diff: 0.0, Sum: 0.0]
      [GC Worker Other (ms): Min: 0.1, Avg: 0.1, Max: 0.1, Diff: 0.0, Sum: 0.2]
      [GC Worker Total (ms): Min: 400.5, Avg: 400.5, Max: 400.5, Diff: 0.0, Sum: 801.0]
      [GC Worker End (ms): Min: 33262656.7, Avg: 33262656.7, Max: 33262656.7, Diff: 0.0]
   [Code Root Fixup: 0.2 ms]
   [Clear CT: 2.2 ms]
   [Other: 19.9 ms]
      [Choose CSet: 1.4 ms]
      [Ref Proc: 9.5 ms]
      [Ref Enq: 0.2 ms]
      [Free CSet: 5.5 ms]
   [Eden: 985.0M(985.0M)->0.0B(956.0M) Survivors: 39.0M->68.0M Heap: 2396.3M(3072.0M)->1387.3M(3072.0M)]
 [Times: user=0.83 sys=0.01, real=0.42 secs] 
33268.503: [GC pause (mixed)
Desired survivor size 67108864 bytes, new threshold 16 (max 32)
- age   1:   36226480 bytes,   36226480 total
- age   2:   30666992 bytes,   66893472 total
, 0.3933570 secs]
   [Parallel Time: 380.0 ms, GC Workers: 2]
      [GC Worker Start (ms): Min: 33268504.4, Avg: 33268504.4, Max: 33268504.4, Diff: 0.0]
      [Ext Root Scanning (ms): Min: 83.0, Avg: 90.1, Max: 97.2, Diff: 14.2, Sum: 180.2]
      [Update RS (ms): Min: 42.8, Avg: 52.8, Max: 62.8, Diff: 20.0, Sum: 105.7]
         [Processed Buffers: Min: 143, Avg: 158.0, Max: 173, Diff: 30, Sum: 316]
      [Scan RS (ms): Min: 59.5, Avg: 59.5, Max: 59.6, Diff: 0.1, Sum: 119.0]
      [Object Copy (ms): Min: 174.5, Avg: 177.3, Max: 180.2, Diff: 5.7, Sum: 354.6]
      [Termination (ms): Min: 0.0, Avg: 0.0, Max: 0.0, Diff: 0.0, Sum: 0.0]
      [GC Worker Other (ms): Min: 0.1, Avg: 0.1, Max: 0.1, Diff: 0.0, Sum: 0.2]
      [GC Worker Total (ms): Min: 379.9, Avg: 379.9, Max: 379.9, Diff: 0.1, Sum: 759.8]
      [GC Worker End (ms): Min: 33268884.2, Avg: 33268884.3, Max: 33268884.3, Diff: 0.0]
   [Code Root Fixup: 0.0 ms]
   [Clear CT: 1.3 ms]
   [Other: 12.1 ms]
      [Choose CSet: 0.4 ms]
      [Ref Proc: 5.8 ms]
      [Ref Enq: 0.2 ms]
      [Free CSet: 3.3 ms]
   [Eden: 956.0M(956.0M)->0.0B(946.0M) Survivors: 68.0M->78.0M Heap: 2365.5M(3072.0M)->1412.0M(3072.0M)]
 [Times: user=0.77 sys=0.00, real=0.40 secs] 
33271.203: [GC pause (young) (initial-mark)
Desired survivor size 67108864 bytes, new threshold 3 (max 32)
- age   1:   30223208 bytes,   30223208 total
- age   2:   18878520 bytes,   49101728 total
- age   3:   26929960 bytes,   76031688 total
, 0.3976390 secs]
   [Parallel Time: 390.0 ms, GC Workers: 2]
      [GC Worker Start (ms): Min: 33271204.5, Avg: 33271204.6, Max: 33271204.6, Diff: 0.0]
      [Ext Root Scanning (ms): Min: 101.9, Avg: 106.9, Max: 112.0, Diff: 10.1, Sum: 213.9]
      [Update RS (ms): Min: 44.7, Avg: 46.6, Max: 48.5, Diff: 3.8, Sum: 93.1]
         [Processed Buffers: Min: 58, Avg: 132.5, Max: 207, Diff: 149, Sum: 265]
      [Scan RS (ms): Min: 39.5, Avg: 39.6, Max: 39.7, Diff: 0.2, Sum: 79.2]
      [Object Copy (ms): Min: 189.6, Avg: 196.7, Max: 203.7, Diff: 14.1, Sum: 393.4]
      [Termination (ms): Min: 0.0, Avg: 0.0, Max: 0.0, Diff: 0.0, Sum: 0.0]
      [GC Worker Other (ms): Min: 0.1, Avg: 0.1, Max: 0.1, Diff: 0.0, Sum: 0.2]
      [GC Worker Total (ms): Min: 389.8, Avg: 389.8, Max: 389.9, Diff: 0.0, Sum: 779.7]
      [GC Worker End (ms): Min: 33271594.4, Avg: 33271594.4, Max: 33271594.4, Diff: 0.0]
   [Code Root Fixup: 0.0 ms]
   [Clear CT: 0.6 ms]
   [Other: 7.1 ms]
      [Choose CSet: 0.0 ms]
      [Ref Proc: 3.1 ms]
      [Ref Enq: 0.0 ms]
      [Free CSet: 1.6 ms]
   [Eden: 397.0M(946.0M)->0.0B(969.0M) Survivors: 78.0M->55.0M Heap: 1808.8M(3072.0M)->1415.0M(3072.0M)]
 [Times: user=0.74 sys=0.03, real=0.40 secs] 
33271.601: [GC concurrent-root-region-scan-start]
33271.859: [GC concurrent-root-region-scan-end, 0.2574810 secs]
33271.859: [GC concurrent-mark-start]
33273.982: [GC concurrent-mark-end, 2.1227550 secs]
33273.985: [GC remark 33273.986: [GC ref-proc, 0.0578140 secs], 0.1377870 secs]
 [Times: user=0.14 sys=0.00, real=0.13 secs] 
33274.124: [GC cleanup 1748M->1497M(3072M), 0.0301580 secs]
 [Times: user=0.06 sys=0.01, real=0.03 secs] 
33274.155: [GC concurrent-cleanup-start]
33274.155: [GC concurrent-cleanup-end, 0.0005500 secs]
33278.501: [GC pause (young)
Desired survivor size 67108864 bytes, new threshold 16 (max 32)
- age   1:   15967424 bytes,   15967424 total
- age   2:   22439536 bytes,   38406960 total
- age   3:   16912080 bytes,   55319040 total
, 0.3478190 secs]
   [Parallel Time: 332.0 ms, GC Workers: 2]
      [GC Worker Start (ms): Min: 33278503.4, Avg: 33278503.4, Max: 33278503.4, Diff: 0.0]
      [Ext Root Scanning (ms): Min: 80.7, Avg: 88.4, Max: 96.2, Diff: 15.6, Sum: 176.9]
      [Update RS (ms): Min: 31.1, Avg: 41.3, Max: 51.5, Diff: 20.5, Sum: 82.6]
         [Processed Buffers: Min: 162, Avg: 165.0, Max: 168, Diff: 6, Sum: 330]
      [Scan RS (ms): Min: 39.5, Avg: 39.5, Max: 39.5, Diff: 0.0, Sum: 78.9]
      [Object Copy (ms): Min: 160.1, Avg: 162.6, Max: 165.0, Diff: 4.9, Sum: 325.1]
      [Termination (ms): Min: 0.0, Avg: 0.0, Max: 0.0, Diff: 0.0, Sum: 0.0]
      [GC Worker Other (ms): Min: 0.1, Avg: 0.1, Max: 0.1, Diff: 0.0, Sum: 0.2]
      [GC Worker Total (ms): Min: 331.9, Avg: 331.9, Max: 331.9, Diff: 0.0, Sum: 663.8]
      [GC Worker End (ms): Min: 33278835.3, Avg: 33278835.3, Max: 33278835.3, Diff: 0.0]
   [Code Root Fixup: 0.0 ms]
   [Clear CT: 0.8 ms]
   [Other: 15.0 ms]
      [Choose CSet: 0.0 ms]
      [Ref Proc: 8.8 ms]
      [Ref Enq: 0.1 ms]
      [Free CSet: 3.7 ms]
   [Eden: 969.0M(969.0M)->0.0B(946.0M) Survivors: 55.0M->78.0M Heap: 2157.7M(3072.0M)->1211.7M(3072.0M)]
 [Times: user=0.68 sys=0.00, real=0.35 secs] 
33286.068: [GC pause (mixed)
Desired survivor size 67108864 bytes, new threshold 4 (max 32)
- age   1:   37643720 bytes,   37643720 total
- age   2:    9939184 bytes,   47582904 total
- age   3:   17433160 bytes,   65016064 total
- age   4:   13123864 bytes,   78139928 total
, 0.4414320 secs]
   [Parallel Time: 426.9 ms, GC Workers: 2]
      [GC Worker Start (ms): Min: 33286069.3, Avg: 33286069.3, Max: 33286069.3, Diff: 0.0]
      [Ext Root Scanning (ms): Min: 87.0, Avg: 92.2, Max: 97.5, Diff: 10.5, Sum: 184.5]
      [Update RS (ms): Min: 28.8, Avg: 37.1, Max: 45.4, Diff: 16.5, Sum: 74.2]
         [Processed Buffers: Min: 96, Avg: 155.5, Max: 215, Diff: 119, Sum: 311]
      [Scan RS (ms): Min: 52.4, Avg: 52.6, Max: 52.7, Diff: 0.3, Sum: 105.1]
      [Object Copy (ms): Min: 241.9, Avg: 244.7, Max: 247.6, Diff: 5.7, Sum: 489.5]
      [Termination (ms): Min: 0.0, Avg: 0.0, Max: 0.0, Diff: 0.0, Sum: 0.0]
      [GC Worker Other (ms): Min: 0.1, Avg: 0.1, Max: 0.1, Diff: 0.0, Sum: 0.2]
      [GC Worker Total (ms): Min: 426.7, Avg: 426.7, Max: 426.7, Diff: 0.0, Sum: 853.5]
      [GC Worker End (ms): Min: 33286496.1, Avg: 33286496.1, Max: 33286496.1, Diff: 0.0]
   [Code Root Fixup: 0.0 ms]
   [Clear CT: 1.0 ms]
   [Other: 13.6 ms]
      [Choose CSet: 0.4 ms]
      [Ref Proc: 6.9 ms]
      [Ref Enq: 0.1 ms]
      [Free CSet: 4.0 ms]
   [Eden: 946.0M(946.0M)->0.0B(933.0M) Survivors: 78.0M->91.0M Heap: 2182.4M(3072.0M)->1154.4M(3072.0M)]
 [Times: user=0.85 sys=0.01, real=0.44 secs] 
33290.642: [GC pause (mixed)
Desired survivor size 67108864 bytes, new threshold 2 (max 32)
- age   1:   50063128 bytes,   50063128 total
- age   2:   21300096 bytes,   71363224 total
- age   3:    6973168 bytes,   78336392 total
- age   4:   13043024 bytes,   91379416 total
, 0.6278900 secs]
   [Parallel Time: 617.0 ms, GC Workers: 2]
      [GC Worker Start (ms): Min: 33290644.4, Avg: 33290644.4, Max: 33290644.5, Diff: 0.0]
      [Ext Root Scanning (ms): Min: 80.7, Avg: 90.0, Max: 99.4, Diff: 18.7, Sum: 180.1]
      [Update RS (ms): Min: 29.6, Avg: 41.4, Max: 53.2, Diff: 23.6, Sum: 82.9]
         [Processed Buffers: Min: 137, Avg: 156.5, Max: 176, Diff: 39, Sum: 313]
      [Scan RS (ms): Min: 61.3, Avg: 61.4, Max: 61.6, Diff: 0.2, Sum: 122.9]
      [Object Copy (ms): Min: 421.6, Avg: 423.9, Max: 426.2, Diff: 4.6, Sum: 847.8]
      [Termination (ms): Min: 0.0, Avg: 0.0, Max: 0.0, Diff: 0.0, Sum: 0.0]
      [GC Worker Other (ms): Min: 0.1, Avg: 0.1, Max: 0.1, Diff: 0.0, Sum: 0.2]
      [GC Worker Total (ms): Min: 616.9, Avg: 616.9, Max: 616.9, Diff: 0.0, Sum: 1233.8]
      [GC Worker End (ms): Min: 33291261.4, Avg: 33291261.4, Max: 33291261.4, Diff: 0.0]
   [Code Root Fixup: 0.0 ms]
   [Clear CT: 1.0 ms]
   [Other: 9.9 ms]
      [Choose CSet: 1.2 ms]
      [Ref Proc: 2.4 ms]
      [Ref Enq: 0.0 ms]
      [Free CSet: 4.0 ms]
   [Eden: 933.0M(933.0M)->0.0B(896.0M) Survivors: 91.0M->128.0M Heap: 2113.1M(3072.0M)->1169.1M(3072.0M)]
 [Times: user=1.23 sys=0.00, real=0.63 secs] 
33295.849: [GC pause (mixed)
Desired survivor size 67108864 bytes, new threshold 1 (max 32)
- age   1:  116575880 bytes,  116575880 total
- age   2:   36179888 bytes,  152755768 total
, 0.7936730 secs]
   [Parallel Time: 778.1 ms, GC Workers: 2]
      [GC Worker Start (ms): Min: 33295851.8, Avg: 33295851.8, Max: 33295851.8, Diff: 0.0]
      [Ext Root Scanning (ms): Min: 86.0, Avg: 93.0, Max: 100.0, Diff: 14.0, Sum: 186.0]
      [Update RS (ms): Min: 37.8, Avg: 47.5, Max: 57.2, Diff: 19.4, Sum: 95.0]
         [Processed Buffers: Min: 144, Avg: 166.0, Max: 188, Diff: 44, Sum: 332]
      [Scan RS (ms): Min: 153.4, Avg: 153.5, Max: 153.5, Diff: 0.1, Sum: 307.0]
      [Object Copy (ms): Min: 481.1, Avg: 483.9, Max: 486.6, Diff: 5.5, Sum: 967.7]
      [Termination (ms): Min: 0.0, Avg: 0.0, Max: 0.0, Diff: 0.0, Sum: 0.0]
      [GC Worker Other (ms): Min: 0.1, Avg: 0.1, Max: 0.1, Diff: 0.0, Sum: 0.2]
      [GC Worker Total (ms): Min: 777.9, Avg: 777.9, Max: 778.0, Diff: 0.0, Sum: 1555.9]
      [GC Worker End (ms): Min: 33296629.8, Avg: 33296629.8, Max: 33296629.8, Diff: 0.0]
   [Code Root Fixup: 0.0 ms]
   [Clear CT: 0.9 ms]
   [Other: 14.7 ms]
      [Choose CSet: 1.4 ms]
      [Ref Proc: 3.9 ms]
      [Ref Enq: 0.1 ms]
      [Free CSet: 5.7 ms]
   [Eden: 896.0M(896.0M)->0.0B(961.0M) Survivors: 128.0M->63.0M Heap: 2127.1M(3072.0M)->1183.6M(3072.0M)]
 [Times: user=1.55 sys=0.01, real=0.79 secs] 
33301.601: [GC pause (mixed)
Desired survivor size 67108864 bytes, new threshold 16 (max 32)
- age   1:   63331184 bytes,   63331184 total
, 0.6849750 secs]
   [Parallel Time: 668.6 ms, GC Workers: 2]
      [GC Worker Start (ms): Min: 33301604.0, Avg: 33301604.0, Max: 33301604.0, Diff: 0.0]
      [Ext Root Scanning (ms): Min: 77.4, Avg: 85.9, Max: 94.3, Diff: 16.9, Sum: 171.7]
      [Update RS (ms): Min: 44.9, Avg: 56.3, Max: 67.6, Diff: 22.7, Sum: 112.5]
         [Processed Buffers: Min: 135, Avg: 159.5, Max: 184, Diff: 49, Sum: 319]
      [Scan RS (ms): Min: 121.9, Avg: 121.9, Max: 122.0, Diff: 0.0, Sum: 243.9]
      [Object Copy (ms): Min: 401.4, Avg: 404.3, Max: 407.2, Diff: 5.8, Sum: 808.6]
      [Termination (ms): Min: 0.0, Avg: 0.0, Max: 0.0, Diff: 0.0, Sum: 0.0]
      [GC Worker Other (ms): Min: 0.1, Avg: 0.1, Max: 0.1, Diff: 0.0, Sum: 0.2]
      [GC Worker Total (ms): Min: 668.5, Avg: 668.5, Max: 668.5, Diff: 0.0, Sum: 1337.0]
      [GC Worker End (ms): Min: 33302272.5, Avg: 33302272.5, Max: 33302272.5, Diff: 0.0]
   [Code Root Fixup: 0.0 ms]
   [Clear CT: 0.9 ms]
   [Other: 15.4 ms]
      [Choose CSet: 1.4 ms]
      [Ref Proc: 5.2 ms]
      [Ref Enq: 0.1 ms]
      [Free CSet: 5.7 ms]
   [Eden: 961.0M(961.0M)->0.0B(896.0M) Survivors: 63.0M->128.0M Heap: 2166.9M(3072.0M)->1220.9M(3072.0M)]
 [Times: user=1.36 sys=0.00, real=0.68 secs] 
33306.972: [GC pause (young)
Desired survivor size 67108864 bytes, new threshold 1 (max 32)
- age   1:   90115280 bytes,   90115280 total
- age   2:   49467800 bytes,  139583080 total
, 0.6397060 secs]
   [Parallel Time: 626.0 ms, GC Workers: 2]
      [GC Worker Start (ms): Min: 33306973.5, Avg: 33306973.5, Max: 33306973.5, Diff: 0.0]
      [Ext Root Scanning (ms): Min: 80.0, Avg: 90.0, Max: 100.0, Diff: 20.0, Sum: 180.0]
      [Update RS (ms): Min: 55.9, Avg: 68.1, Max: 80.3, Diff: 24.4, Sum: 136.2]
         [Processed Buffers: Min: 140, Avg: 158.0, Max: 176, Diff: 36, Sum: 316]
      [Scan RS (ms): Min: 73.5, Avg: 73.6, Max: 73.6, Diff: 0.1, Sum: 147.2]
      [Object Copy (ms): Min: 391.6, Avg: 393.9, Max: 396.1, Diff: 4.5, Sum: 787.7]
      [Termination (ms): Min: 0.0, Avg: 0.0, Max: 0.0, Diff: 0.0, Sum: 0.0]
      [GC Worker Other (ms): Min: 0.1, Avg: 0.2, Max: 0.3, Diff: 0.2, Sum: 0.5]
      [GC Worker Total (ms): Min: 625.7, Avg: 625.8, Max: 625.9, Diff: 0.2, Sum: 1251.5]
      [GC Worker End (ms): Min: 33307599.2, Avg: 33307599.3, Max: 33307599.4, Diff: 0.2]
   [Code Root Fixup: 0.0 ms]
   [Clear CT: 0.9 ms]
   [Other: 12.8 ms]
      [Choose CSet: 0.0 ms]
      [Ref Proc: 5.2 ms]
      [Ref Enq: 0.1 ms]
      [Free CSet: 3.9 ms]
   [Eden: 896.0M(896.0M)->0.0B(958.0M) Survivors: 128.0M->66.0M Heap: 2126.9M(3072.0M)->1267.4M(3072.0M)]
 [Times: user=1.26 sys=0.00, real=0.64 secs] 
33314.344: [GC pause (young)
Desired survivor size 67108864 bytes, new threshold 16 (max 32)
- age   1:   65558280 bytes,   65558280 total
, 0.5756410 secs]
   [Parallel Time: 558.4 ms, GC Workers: 2]
      [GC Worker Start (ms): Min: 33314345.5, Avg: 33314345.7, Max: 33314345.8, Diff: 0.2]
      [Ext Root Scanning (ms): Min: 77.9, Avg: 94.2, Max: 110.5, Diff: 32.5, Sum: 188.4]
      [Update RS (ms): Min: 60.7, Avg: 72.7, Max: 84.6, Diff: 23.9, Sum: 145.4]
         [Processed Buffers: Min: 162, Avg: 168.0, Max: 174, Diff: 12, Sum: 336]
      [Scan RS (ms): Min: 79.0, Avg: 79.0, Max: 79.0, Diff: 0.0, Sum: 158.0]
      [Object Copy (ms): Min: 308.0, Avg: 312.2, Max: 316.4, Diff: 8.4, Sum: 624.4]
      [Termination (ms): Min: 0.0, Avg: 0.0, Max: 0.0, Diff: 0.0, Sum: 0.0]
      [GC Worker Other (ms): Min: 0.1, Avg: 0.1, Max: 0.1, Diff: 0.0, Sum: 0.2]
      [GC Worker Total (ms): Min: 558.1, Avg: 558.2, Max: 558.3, Diff: 0.2, Sum: 1116.4]
      [GC Worker End (ms): Min: 33314903.8, Avg: 33314903.8, Max: 33314903.9, Diff: 0.0]
   [Code Root Fixup: 0.0 ms]
   [Clear CT: 1.0 ms]
   [Other: 16.3 ms]
      [Choose CSet: 0.0 ms]
      [Ref Proc: 8.1 ms]
      [Ref Enq: 0.1 ms]
      [Free CSet: 5.2 ms]
   [Eden: 958.0M(958.0M)->0.0B(901.0M) Survivors: 66.0M->123.0M Heap: 2226.4M(3072.0M)->1325.4M(3072.0M)]
 [Times: user=1.11 sys=0.02, real=0.57 secs] 
33320.417: [GC pause (young)
Desired survivor size 67108864 bytes, new threshold 2 (max 32)
- age   1:   63056528 bytes,   63056528 total
- age   2:   61345976 bytes,  124402504 total
, 0.5932840 secs]
   [Parallel Time: 581.1 ms, GC Workers: 2]
      [GC Worker Start (ms): Min: 33320418.5, Avg: 33320418.5, Max: 33320418.5, Diff: 0.0]
      [Ext Root Scanning (ms): Min: 80.1, Avg: 91.0, Max: 101.9, Diff: 21.8, Sum: 182.0]
      [Update RS (ms): Min: 59.8, Avg: 74.6, Max: 89.4, Diff: 29.6, Sum: 149.2]
         [Processed Buffers: Min: 151, Avg: 153.0, Max: 155, Diff: 4, Sum: 306]
      [Scan RS (ms): Min: 81.1, Avg: 81.1, Max: 81.1, Diff: 0.0, Sum: 162.1]
      [Object Copy (ms): Min: 330.3, Avg: 334.2, Max: 338.1, Diff: 7.8, Sum: 668.4]
      [Termination (ms): Min: 0.0, Avg: 0.0, Max: 0.0, Diff: 0.0, Sum: 0.0]
      [GC Worker Other (ms): Min: 0.1, Avg: 0.1, Max: 0.1, Diff: 0.0, Sum: 0.2]
      [GC Worker Total (ms): Min: 581.0, Avg: 581.0, Max: 581.0, Diff: 0.0, Sum: 1162.0]
      [GC Worker End (ms): Min: 33320999.5, Avg: 33320999.5, Max: 33320999.5, Diff: 0.0]
   [Code Root Fixup: 0.0 ms]
   [Clear CT: 0.8 ms]
   [Other: 11.3 ms]
      [Choose CSet: 0.0 ms]
      [Ref Proc: 3.7 ms]
      [Ref Enq: 0.1 ms]
      [Free CSet: 4.4 ms]
   [Eden: 901.0M(901.0M)->0.0B(939.0M) Survivors: 123.0M->85.0M Heap: 2249.6M(3072.0M)->1369.6M(3072.0M)]
 [Times: user=1.15 sys=0.00, real=0.59 secs] 
33324.567: [GC pause (young)
Desired survivor size 67108864 bytes, new threshold 2 (max 32)
- age   1:   39365088 bytes,   39365088 total
- age   2:   47732400 bytes,   87097488 total
, 0.4917320 secs]
   [Parallel Time: 482.0 ms, GC Workers: 2]
      [GC Worker Start (ms): Min: 33324568.4, Avg: 33324568.5, Max: 33324568.5, Diff: 0.0]
      [Ext Root Scanning (ms): Min: 74.2, Avg: 85.0, Max: 95.9, Diff: 21.7, Sum: 170.1]
      [Update RS (ms): Min: 20.5, Avg: 34.5, Max: 48.5, Diff: 28.1, Sum: 69.0]
         [Processed Buffers: Min: 68, Avg: 160.0, Max: 252, Diff: 184, Sum: 320]
      [Scan RS (ms): Min: 66.2, Avg: 66.3, Max: 66.4, Diff: 0.1, Sum: 132.6]
      [Object Copy (ms): Min: 292.6, Avg: 295.9, Max: 299.1, Diff: 6.4, Sum: 591.7]
      [Termination (ms): Min: 0.0, Avg: 0.0, Max: 0.0, Diff: 0.0, Sum: 0.0]
      [GC Worker Other (ms): Min: 0.1, Avg: 0.1, Max: 0.1, Diff: 0.0, Sum: 0.3]
      [GC Worker Total (ms): Min: 481.8, Avg: 481.8, Max: 481.8, Diff: 0.0, Sum: 963.6]
      [GC Worker End (ms): Min: 33325050.3, Avg: 33325050.3, Max: 33325050.3, Diff: 0.0]
   [Code Root Fixup: 0.0 ms]
   [Clear CT: 0.7 ms]
   [Other: 9.0 ms]
      [Choose CSet: 0.0 ms]
      [Ref Proc: 2.0 ms]
      [Ref Enq: 0.0 ms]
      [Free CSet: 4.1 ms]
   [Eden: 939.0M(939.0M)->0.0B(938.0M) Survivors: 85.0M->86.0M Heap: 2316.6M(3072.0M)->1424.1M(3072.0M)]
 [Times: user=0.97 sys=0.00, real=0.49 secs] 
33325.138: [GC pause (young) (initial-mark)
Desired survivor size 67108864 bytes, new threshold 2 (max 32)
- age   1:   53412464 bytes,   53412464 total
- age   2:   34512280 bytes,   87924744 total
, 0.5287870 secs]
   [Parallel Time: 525.6 ms, GC Workers: 2]
      [GC Worker Start (ms): Min: 33325139.0, Avg: 33325139.0, Max: 33325139.0, Diff: 0.0]
      [Ext Root Scanning (ms): Min: 89.4, Avg: 96.2, Max: 103.0, Diff: 13.5, Sum: 192.4]
      [Update RS (ms): Min: 199.4, Avg: 218.7, Max: 237.9, Diff: 38.5, Sum: 437.4]
         [Processed Buffers: Min: 266, Avg: 316.5, Max: 367, Diff: 101, Sum: 633]
      [Scan RS (ms): Min: 1.6, Avg: 1.6, Max: 1.7, Diff: 0.0, Sum: 3.3]
      [Object Copy (ms): Min: 196.2, Avg: 208.7, Max: 221.1, Diff: 24.9, Sum: 417.3]
      [Termination (ms): Min: 0.0, Avg: 0.0, Max: 0.0, Diff: 0.0, Sum: 0.0]
      [GC Worker Other (ms): Min: 0.1, Avg: 0.1, Max: 0.1, Diff: 0.0, Sum: 0.1]
      [GC Worker Total (ms): Min: 525.2, Avg: 525.3, Max: 525.3, Diff: 0.0, Sum: 1050.5]
      [GC Worker End (ms): Min: 33325664.3, Avg: 33325664.3, Max: 33325664.3, Diff: 0.0]
   [Code Root Fixup: 0.0 ms]
   [Clear CT: 0.1 ms]
   [Other: 3.1 ms]
      [Choose CSet: 0.0 ms]
      [Ref Proc: 0.4 ms]
      [Ref Enq: 0.0 ms]
      [Free CSet: 0.4 ms]
   [Eden: 22.0M(938.0M)->0.0B(972.0M) Survivors: 86.0M->52.0M Heap: 1445.2M(3072.0M)->1422.8M(3072.0M)]
 [Times: user=1.04 sys=0.00, real=0.53 secs] 
33325.667: [GC concurrent-root-region-scan-start]
33326.080: [GC concurrent-root-region-scan-end, 0.4130280 secs]
33326.080: [GC concurrent-mark-start]
33330.702: [GC concurrent-mark-end, 4.6213300 secs]
33330.703: [GC remark 33330.705: [GC ref-proc, 0.2077330 secs], 0.2911770 secs]
 [Times: user=0.29 sys=0.00, real=0.29 secs] 
33330.995: [GC cleanup 2157M->1950M(3072M), 0.0331050 secs]
 [Times: user=0.06 sys=0.00, real=0.03 secs] 
33331.029: [GC concurrent-cleanup-start]
33331.029: [GC concurrent-cleanup-end, 0.0004430 secs]
33332.869: [GC pause (young)
Desired survivor size 67108864 bytes, new threshold 16 (max 32)
- age   1:    1249744 bytes,    1249744 total
- age   2:   50801872 bytes,   52051616 total
, 0.4098100 secs]
   [Parallel Time: 396.1 ms, GC Workers: 2]
      [GC Worker Start (ms): Min: 33332871.0, Avg: 33332871.3, Max: 33332871.5, Diff: 0.5]
      [Ext Root Scanning (ms): Min: 81.9, Avg: 90.8, Max: 99.7, Diff: 17.8, Sum: 181.6]
      [Update RS (ms): Min: 38.1, Avg: 50.9, Max: 63.7, Diff: 25.6, Sum: 101.8]
         [Processed Buffers: Min: 140, Avg: 159.5, Max: 179, Diff: 39, Sum: 319]
      [Scan RS (ms): Min: 69.9, Avg: 70.4, Max: 70.8, Diff: 0.9, Sum: 140.7]
      [Object Copy (ms): Min: 180.4, Avg: 183.6, Max: 186.8, Diff: 6.5, Sum: 367.2]
      [Termination (ms): Min: 0.0, Avg: 0.0, Max: 0.0, Diff: 0.0, Sum: 0.0]
      [GC Worker Other (ms): Min: 0.1, Avg: 0.1, Max: 0.1, Diff: 0.0, Sum: 0.2]
      [GC Worker Total (ms): Min: 395.6, Avg: 395.8, Max: 396.0, Diff: 0.5, Sum: 791.6]
      [GC Worker End (ms): Min: 33333267.1, Avg: 33333267.1, Max: 33333267.1, Diff: 0.0]
   [Code Root Fixup: 0.0 ms]
   [Clear CT: 1.2 ms]
   [Other: 12.5 ms]
      [Choose CSet: 0.0 ms]
      [Ref Proc: 3.8 ms]
      [Ref Enq: 0.1 ms]
      [Free CSet: 6.0 ms]
   [Eden: 972.0M(972.0M)->0.0B(957.0M) Survivors: 52.0M->67.0M Heap: 2209.4M(3072.0M)->1252.4M(3072.0M)]
 [Times: user=0.80 sys=0.00, real=0.41 secs] 
33340.072: [GC pause (mixed)
Desired survivor size 67108864 bytes, new threshold 3 (max 32)
- age   1:   42554960 bytes,   42554960 total
- age   2:     390320 bytes,   42945280 total
- age   3:   24883592 bytes,   67828872 total
, 0.5484440 secs]
   [Parallel Time: 530.3 ms, GC Workers: 2]
      [GC Worker Start (ms): Min: 33340074.5, Avg: 33340074.5, Max: 33340074.5, Diff: 0.0]
      [Ext Root Scanning (ms): Min: 80.4, Avg: 90.1, Max: 99.7, Diff: 19.3, Sum: 180.1]
      [Update RS (ms): Min: 33.1, Avg: 46.0, Max: 58.9, Diff: 25.8, Sum: 92.1]
         [Processed Buffers: Min: 85, Avg: 161.0, Max: 237, Diff: 152, Sum: 322]
      [Scan RS (ms): Min: 123.9, Avg: 123.9, Max: 124.0, Diff: 0.1, Sum: 247.9]
      [Object Copy (ms): Min: 266.8, Avg: 270.0, Max: 273.1, Diff: 6.4, Sum: 539.9]
      [Termination (ms): Min: 0.0, Avg: 0.0, Max: 0.0, Diff: 0.0, Sum: 0.0]
      [GC Worker Other (ms): Min: 0.2, Avg: 0.2, Max: 0.3, Diff: 0.1, Sum: 0.4]
      [GC Worker Total (ms): Min: 530.2, Avg: 530.2, Max: 530.2, Diff: 0.1, Sum: 1060.4]
      [GC Worker End (ms): Min: 33340604.7, Avg: 33340604.7, Max: 33340604.8, Diff: 0.1]
   [Code Root Fixup: 0.0 ms]
   [Clear CT: 1.1 ms]
   [Other: 17.0 ms]
      [Choose CSet: 0.8 ms]
      [Ref Proc: 6.3 ms]
      [Ref Enq: 0.1 ms]
      [Free CSet: 6.8 ms]
   [Eden: 957.0M(957.0M)->0.0B(940.0M) Survivors: 67.0M->84.0M Heap: 2240.2M(3072.0M)->1246.5M(3072.0M)]
 [Times: user=1.06 sys=0.00, real=0.55 secs] 
33344.251: [GC pause (mixed)
Desired survivor size 67108864 bytes, new threshold 2 (max 32)
- age   1:   46392760 bytes,   46392760 total
- age   2:   38093808 bytes,   84486568 total
- age   3:     384680 bytes,   84871248 total
, 0.5902070 secs]
   [Parallel Time: 576.3 ms, GC Workers: 2]
      [GC Worker Start (ms): Min: 33344254.1, Avg: 33344254.1, Max: 33344254.1, Diff: 0.0]
      [Ext Root Scanning (ms): Min: 76.9, Avg: 86.1, Max: 95.4, Diff: 18.6, Sum: 172.3]
      [Update RS (ms): Min: 38.6, Avg: 50.8, Max: 63.0, Diff: 24.4, Sum: 101.6]
         [Processed Buffers: Min: 146, Avg: 148.5, Max: 151, Diff: 5, Sum: 297]
      [Scan RS (ms): Min: 121.7, Avg: 121.8, Max: 121.9, Diff: 0.2, Sum: 243.6]
      [Object Copy (ms): Min: 314.2, Avg: 317.2, Max: 320.2, Diff: 6.0, Sum: 634.5]
      [Termination (ms): Min: 0.0, Avg: 0.0, Max: 0.0, Diff: 0.0, Sum: 0.0]
      [GC Worker Other (ms): Min: 0.1, Avg: 0.1, Max: 0.1, Diff: 0.0, Sum: 0.2]
      [GC Worker Total (ms): Min: 576.1, Avg: 576.1, Max: 576.1, Diff: 0.0, Sum: 1152.3]
      [GC Worker End (ms): Min: 33344830.3, Avg: 33344830.3, Max: 33344830.3, Diff: 0.0]
   [Code Root Fixup: 0.0 ms]
   [Clear CT: 1.0 ms]
   [Other: 13.0 ms]
      [Choose CSet: 1.4 ms]
      [Ref Proc: 2.9 ms]
      [Ref Enq: 0.0 ms]
      [Free CSet: 5.5 ms]
   [Eden: 940.0M(940.0M)->0.0B(928.0M) Survivors: 84.0M->96.0M Heap: 2187.7M(3072.0M)->1223.2M(3072.0M)]
 [Times: user=1.17 sys=0.00, real=0.59 secs] 
33349.820: [GC pause (mixed)
Desired survivor size 67108864 bytes, new threshold 2 (max 32)
- age   1:   54103768 bytes,   54103768 total
- age   2:   43711320 bytes,   97815088 total
, 0.6236990 secs]
   [Parallel Time: 605.4 ms, GC Workers: 2]
      [GC Worker Start (ms): Min: 33349823.1, Avg: 33349823.2, Max: 33349823.2, Diff: 0.0]
      [Ext Root Scanning (ms): Min: 86.3, Avg: 97.8, Max: 109.3, Diff: 23.0, Sum: 195.6]
      [Update RS (ms): Min: 54.5, Avg: 58.4, Max: 62.4, Diff: 7.9, Sum: 116.8]
         [Processed Buffers: Min: 102, Avg: 149.0, Max: 196, Diff: 94, Sum: 298]
      [Scan RS (ms): Min: 148.1, Avg: 148.2, Max: 148.3, Diff: 0.3, Sum: 296.4]
      [Object Copy (ms): Min: 293.2, Avg: 300.6, Max: 308.0, Diff: 14.8, Sum: 601.2]
      [Termination (ms): Min: 0.0, Avg: 0.0, Max: 0.0, Diff: 0.0, Sum: 0.0]
      [GC Worker Other (ms): Min: 0.1, Avg: 0.1, Max: 0.1, Diff: 0.0, Sum: 0.2]
      [GC Worker Total (ms): Min: 605.1, Avg: 605.1, Max: 605.1, Diff: 0.0, Sum: 1210.2]
      [GC Worker End (ms): Min: 33350428.3, Avg: 33350428.3, Max: 33350428.3, Diff: 0.0]
   [Code Root Fixup: 0.0 ms]
   [Clear CT: 1.2 ms]
   [Other: 17.1 ms]
      [Choose CSet: 1.4 ms]
      [Ref Proc: 5.7 ms]
      [Ref Enq: 0.1 ms]
      [Free CSet: 6.6 ms]
   [Eden: 928.0M(928.0M)->0.0B(961.0M) Survivors: 96.0M->63.0M Heap: 2186.7M(3072.0M)->1215.2M(3072.0M)]
 [Times: user=1.20 sys=0.02, real=0.62 secs] 
33356.701: [GC pause (young)
Desired survivor size 67108864 bytes, new threshold 16 (max 32)
- age   1:   37810800 bytes,   37810800 total
- age   2:   25506400 bytes,   63317200 total
, 0.4863490 secs]
   [Parallel Time: 469.0 ms, GC Workers: 2]
      [GC Worker Start (ms): Min: 33356703.0, Avg: 33356703.0, Max: 33356703.0, Diff: 0.0]
      [Ext Root Scanning (ms): Min: 81.1, Avg: 90.0, Max: 99.0, Diff: 17.9, Sum: 180.1]
      [Update RS (ms): Min: 30.7, Avg: 42.0, Max: 53.2, Diff: 22.5, Sum: 83.9]
         [Processed Buffers: Min: 69, Avg: 147.5, Max: 226, Diff: 157, Sum: 295]
      [Scan RS (ms): Min: 88.3, Avg: 88.3, Max: 88.3, Diff: 0.0, Sum: 176.6]
      [Object Copy (ms): Min: 246.0, Avg: 248.3, Max: 250.6, Diff: 4.6, Sum: 496.7]
      [Termination (ms): Min: 0.0, Avg: 0.0, Max: 0.0, Diff: 0.0, Sum: 0.0]
      [GC Worker Other (ms): Min: 0.1, Avg: 0.1, Max: 0.2, Diff: 0.1, Sum: 0.3]
      [GC Worker Total (ms): Min: 468.8, Avg: 468.8, Max: 468.8, Diff: 0.0, Sum: 937.6]
      [GC Worker End (ms): Min: 33357171.8, Avg: 33357171.8, Max: 33357171.8, Diff: 0.1]
   [Code Root Fixup: 0.0 ms]
   [Clear CT: 0.9 ms]
   [Other: 16.4 ms]
      [Choose CSet: 0.0 ms]
      [Ref Proc: 7.5 ms]
      [Ref Enq: 0.1 ms]
      [Free CSet: 5.7 ms]
   [Eden: 961.0M(961.0M)->0.0B(917.0M) Survivors: 63.0M->107.0M Heap: 2180.5M(3072.0M)->1263.5M(3072.0M)]
 [Times: user=0.95 sys=0.00, real=0.48 secs] 
33362.660: [GC pause (young)
Desired survivor size 67108864 bytes, new threshold 2 (max 32)
- age   1:   48901056 bytes,   48901056 total
- age   2:   35004704 bytes,   83905760 total
- age   3:   24235904 bytes,  108141664 total
, 0.5430600 secs]
   [Parallel Time: 524.6 ms, GC Workers: 2]
      [GC Worker Start (ms): Min: 33362662.4, Avg: 33362662.4, Max: 33362662.4, Diff: 0.0]
      [Ext Root Scanning (ms): Min: 85.2, Avg: 94.4, Max: 103.6, Diff: 18.3, Sum: 188.8]
      [Update RS (ms): Min: 22.7, Avg: 34.6, Max: 46.5, Diff: 23.8, Sum: 69.2]
         [Processed Buffers: Min: 108, Avg: 145.5, Max: 183, Diff: 75, Sum: 291]
      [Scan RS (ms): Min: 95.4, Avg: 95.4, Max: 95.5, Diff: 0.1, Sum: 190.8]
      [Object Copy (ms): Min: 297.2, Avg: 299.9, Max: 302.6, Diff: 5.3, Sum: 599.8]
      [Termination (ms): Min: 0.0, Avg: 0.0, Max: 0.0, Diff: 0.0, Sum: 0.0]
      [GC Worker Other (ms): Min: 0.1, Avg: 0.1, Max: 0.1, Diff: 0.0, Sum: 0.2]
      [GC Worker Total (ms): Min: 524.4, Avg: 524.5, Max: 524.5, Diff: 0.0, Sum: 1048.9]
      [GC Worker End (ms): Min: 33363186.8, Avg: 33363186.8, Max: 33363186.8, Diff: 0.0]
   [Code Root Fixup: 0.0 ms]
   [Clear CT: 1.0 ms]
   [Other: 17.5 ms]
      [Choose CSet: 0.0 ms]
      [Ref Proc: 8.5 ms]
      [Ref Enq: 0.1 ms]
      [Free CSet: 5.4 ms]
   [Eden: 917.0M(917.0M)->0.0B(952.0M) Survivors: 107.0M->72.0M Heap: 2206.7M(3072.0M)->1309.2M(3072.0M)]
 [Times: user=1.06 sys=0.00, real=0.54 secs] 
33369.800: [GC pause (young)
Desired survivor size 67108864 bytes, new threshold 2 (max 32)
- age   1:   36712336 bytes,   36712336 total
- age   2:   36308152 bytes,   73020488 total
, 0.5004990 secs]
   [Parallel Time: 488.1 ms, GC Workers: 2]
      [GC Worker Start (ms): Min: 33369802.8, Avg: 33369802.8, Max: 33369802.8, Diff: 0.0]
      [Ext Root Scanning (ms): Min: 76.6, Avg: 88.8, Max: 101.0, Diff: 24.4, Sum: 177.6]
      [Update RS (ms): Min: 48.3, Avg: 63.9, Max: 79.5, Diff: 31.3, Sum: 127.8]
         [Processed Buffers: Min: 122, Avg: 142.5, Max: 163, Diff: 41, Sum: 285]
      [Scan RS (ms): Min: 83.3, Avg: 83.3, Max: 83.3, Diff: 0.1, Sum: 166.6]
      [Object Copy (ms): Min: 248.3, Avg: 251.8, Max: 255.2, Diff: 6.8, Sum: 503.5]
      [Termination (ms): Min: 0.0, Avg: 0.0, Max: 0.0, Diff: 0.0, Sum: 0.0]
      [GC Worker Other (ms): Min: 0.1, Avg: 0.1, Max: 0.1, Diff: 0.0, Sum: 0.2]
      [GC Worker Total (ms): Min: 487.9, Avg: 487.9, Max: 487.9, Diff: 0.0, Sum: 975.8]
      [GC Worker End (ms): Min: 33370290.7, Avg: 33370290.7, Max: 33370290.8, Diff: 0.0]
   [Code Root Fixup: 0.0 ms]
   [Clear CT: 1.0 ms]
