 0.028: [G1Ergonomics (Heap Sizing) expand the heap, requested expansion amount: 2361393152 bytes, attempted expansion amount: 2361393152 bytes]
2014-08-01T09:04:46.201-0500: 506.644: [GC pause (young) 506.645: [G1Ergonomics (CSet Construction) start choosing CSet, _pending_cards: 15995, predicted base time: 57.98 ms, remaining time: 42.02 ms, target pause time: 100.00 ms]
 506.645: [G1Ergonomics (CSet Construction) add young regions to CSet, eden: 1576 regions, survivors: 0 regions, predicted young region time: 24111.98 ms]
 506.645: [G1Ergonomics (CSet Construction) finish choosing CSet, eden: 1576 regions, survivors: 0 regions, old: 0 regions, predicted pause time: 24169.97 ms, target pause time: 100.00 ms]
, 0.1549750 secs]
   [Parallel Time: 128.8 ms, GC Workers: 18]
      [GC Worker Start (ms): Min: 506645.3, Avg: 506646.4, Max: 506646.9, Diff: 1.6]
      [Ext Root Scanning (ms): Min: 6.5, Avg: 11.6, Max: 17.2, Diff: 10.7, Sum: 208.0]
      [Update RS (ms): Min: 0.0, Avg: 1.6, Max: 18.3, Diff: 18.3, Sum: 29.0]
         [Processed Buffers: Min: 0, Avg: 6.4, Max: 35, Diff: 35, Sum: 115]
      [Scan RS (ms): Min: 0.2, Avg: 0.7, Max: 2.1, Diff: 1.9, Sum: 12.8]
      [Object Copy (ms): Min: 96.5, Avg: 112.9, Max: 120.1, Diff: 23.5, Sum: 2031.7]
      [Termination (ms): Min: 0.0, Avg: 0.6, Max: 0.7, Diff: 0.7, Sum: 10.6]
      [GC Worker Other (ms): Min: 0.1, Avg: 0.2, Max: 0.3, Diff: 0.3, Sum: 2.9]
      [GC Worker Total (ms): Min: 126.9, Avg: 127.5, Max: 128.6, Diff: 1.7, Sum: 2295.1]
      [GC Worker End (ms): Min: 506773.7, Avg: 506773.9, Max: 506774.0, Diff: 0.3]
   [Code Root Fixup: 0.7 ms]
   [Clear CT: 1.3 ms]
   [Other: 24.2 ms]
      [Choose CSet: 0.0 ms]
      [Ref Proc: 18.8 ms]
      [Ref Enq: 0.3 ms]
      [Free CSet: 3.9 ms]
   [Eden: 1576.0M(1576.0M)->0.0B(1446.0M) Survivors: 0.0B->130.0M Heap: 1576.0M(2252.0M)->129.4M(2252.0M)]
 [Times: user=1.22 sys=0.86, real=0.16 secs] 

 Concurrent RS processed 0 cards
  Of 259 completed buffers:
          259 (100.0%) by conc RS threads.
            0 (  0.0%) by mutator threads.
  Conc RS threads times(s)
          0.00     0.00     0.00     0.00     0.00     0.00     0.00     0.00     0.00     0.00     0.00     0.00     0.00     0.00     0.00     0.00     0.00     0.00     0.00
  Total heap region rem set sizes = 6087K.  Max = 2K.
  Static structures = 369K, free_lists = 0K.
    0 occupied cards represented.
    Max size region = 0:(F)[0x0000000763400000,0x0000000763400000,0x0000000763500000], size = 3K, occupied = 0K.
    Did 0 coarsenings.
2014-08-01T09:05:39.388-0500: 559.831: [GC pause (young) 559.831: [G1Ergonomics (CSet Construction) start choosing CSet, _pending_cards: 258, predicted base time: 25.02 ms, remaining time: 74.98 ms, target pause time: 100.00 ms]
 559.831: [G1Ergonomics (CSet Construction) add young regions to CSet, eden: 1446 regions, survivors: 130 regions, predicted young region time: 3403.14 ms]
 559.831: [G1Ergonomics (CSet Construction) finish choosing CSet, eden: 1446 regions, survivors: 130 regions, old: 0 regions, predicted pause time: 3428.16 ms, target pause time: 100.00 ms]
, 0.0679270 secs]
   [Parallel Time: 54.5 ms, GC Workers: 18]
      [GC Worker Start (ms): Min: 559831.5, Avg: 559831.7, Max: 559831.8, Diff: 0.3]
      [Ext Root Scanning (ms): Min: 3.6, Avg: 5.6, Max: 6.4, Diff: 2.8, Sum: 101.2]
      [Update RS (ms): Min: 0.0, Avg: 0.0, Max: 0.1, Diff: 0.1, Sum: 0.1]
         [Processed Buffers: Min: 0, Avg: 2.8, Max: 51, Diff: 51, Sum: 51]
      [Scan RS (ms): Min: 0.2, Avg: 0.4, Max: 1.8, Diff: 1.6, Sum: 7.6]
      [Object Copy (ms): Min: 46.8, Avg: 47.7, Max: 48.3, Diff: 1.5, Sum: 859.4]
      [Termination (ms): Min: 0.0, Avg: 0.0, Max: 0.0, Diff: 0.0, Sum: 0.3]
      [GC Worker Other (ms): Min: 0.1, Avg: 0.2, Max: 0.4, Diff: 0.4, Sum: 4.1]
      [GC Worker Total (ms): Min: 53.7, Avg: 54.0, Max: 54.3, Diff: 0.6, Sum: 972.6]
      [GC Worker End (ms): Min: 559885.5, Avg: 559885.7, Max: 559885.9, Diff: 0.4]
   [Code Root Fixup: 1.4 ms]
   [Clear CT: 1.9 ms]
   [Other: 10.2 ms]
      [Choose CSet: 0.1 ms]
      [Ref Proc: 5.4 ms]
      [Ref Enq: 0.4 ms]
      [Free CSet: 4.0 ms]
   [Eden: 1446.0M(1446.0M)->0.0B(1460.0M) Survivors: 130.0M->116.0M Heap: 1575.4M(2252.0M)->115.5M(2252.0M)]
 [Times: user=1.02 sys=0.01, real=0.07 secs] 

 Concurrent RS processed 0 cards
  Of 310 completed buffers:
          310 (100.0%) by conc RS threads.
            0 (  0.0%) by mutator threads.
  Conc RS threads times(s)
          0.00     0.00     0.00     0.00     0.00     0.00     0.00     0.00     0.00     0.00     0.00     0.00     0.00     0.00     0.00     0.00     0.00     0.00     0.00
  Total heap region rem set sizes = 6087K.  Max = 2K.
  Static structures = 369K, free_lists = 0K.
    0 occupied cards represented.
    Max size region = 0:(F)[0x0000000763400000,0x0000000763400000,0x0000000763500000], size = 3K, occupied = 0K.
    Did 0 coarsenings.
2014-08-01T09:06:02.029-0500: 582.472: [GC pause (young) 582.473: [G1Ergonomics (CSet Construction) start choosing CSet, _pending_cards: 108, predicted base time: 21.86 ms, remaining time: 78.14 ms, target pause time: 100.00 ms]
 582.473: [G1Ergonomics (CSet Construction) add young regions to CSet, eden: 1460 regions, survivors: 116 regions, predicted young region time: 1514.47 ms]
 582.473: [G1Ergonomics (CSet Construction) finish choosing CSet, eden: 1460 regions, survivors: 116 regions, old: 0 regions, predicted pause time: 1536.32 ms, target pause time: 100.00 ms]
, 0.0696800 secs]
   [Parallel Time: 51.3 ms, GC Workers: 18]
      [GC Worker Start (ms): Min: 582472.8, Avg: 582472.9, Max: 582473.2, Diff: 0.4]
      [Ext Root Scanning (ms): Min: 3.8, Avg: 5.8, Max: 9.4, Diff: 5.6, Sum: 104.2]
      [Update RS (ms): Min: 0.0, Avg: 0.0, Max: 0.0, Diff: 0.0, Sum: 0.1]
         [Processed Buffers: Min: 0, Avg: 1.6, Max: 29, Diff: 29, Sum: 29]
      [Scan RS (ms): Min: 0.2, Avg: 0.4, Max: 1.7, Diff: 1.5, Sum: 8.0]
      [Object Copy (ms): Min: 41.0, Avg: 44.4, Max: 45.2, Diff: 4.2, Sum: 799.4]
      [Termination (ms): Min: 0.0, Avg: 0.0, Max: 0.0, Diff: 0.0, Sum: 0.1]
      [GC Worker Other (ms): Min: 0.0, Avg: 0.2, Max: 0.4, Diff: 0.3, Sum: 3.5]
      [GC Worker Total (ms): Min: 50.7, Avg: 50.9, Max: 51.2, Diff: 0.5, Sum: 915.4]
      [GC Worker End (ms): Min: 582523.6, Avg: 582523.8, Max: 582524.0, Diff: 0.3]
   [Code Root Fixup: 2.4 ms]
   [Clear CT: 1.7 ms]
   [Other: 14.3 ms]
      [Choose CSet: 0.1 ms]
      [Ref Proc: 8.2 ms]
      [Ref Enq: 0.5 ms]
      [Free CSet: 5.1 ms]
   [Eden: 1460.0M(1460.0M)->0.0B(1459.0M) Survivors: 116.0M->117.0M Heap: 1575.5M(2252.0M)->116.5M(2252.0M)]
 [Times: user=0.97 sys=0.01, real=0.07 secs] 

 Concurrent RS processed 0 cards
  Of 339 completed buffers:
          339 (100.0%) by conc RS threads.
            0 (  0.0%) by mutator threads.
  Conc RS threads times(s)
          0.00     0.00     0.00     0.00     0.00     0.00     0.00     0.00     0.00     0.00     0.00     0.00     0.00     0.00     0.00     0.00     0.00     0.00     0.00
  Total heap region rem set sizes = 6087K.  Max = 2K.
  Static structures = 369K, free_lists = 0K.
    0 occupied cards represented.
    Max size region = 0:(F)[0x0000000763400000,0x0000000763400000,0x0000000763500000], size = 3K, occupied = 0K.
    Did 0 coarsenings.
2014-08-01T09:06:17.768-0500: 598.211: [GC pause (young) 598.211: [G1Ergonomics (CSet Construction) start choosing CSet, _pending_cards: 6278, predicted base time: 25.37 ms, remaining time: 74.63 ms, target pause time: 100.00 ms]
 598.211: [G1Ergonomics (CSet Construction) add young regions to CSet, eden: 1459 regions, survivors: 117 regions, predicted young region time: 924.94 ms]
 598.211: [G1Ergonomics (CSet Construction) finish choosing CSet, eden: 1459 regions, survivors: 117 regions, old: 0 regions, predicted pause time: 950.31 ms, target pause time: 100.00 ms]
, 0.0783660 secs]
   [Parallel Time: 62.1 ms, GC Workers: 18]
      [GC Worker Start (ms): Min: 598211.3, Avg: 598211.5, Max: 598211.7, Diff: 0.3]
      [Ext Root Scanning (ms): Min: 4.3, Avg: 5.8, Max: 8.0, Diff: 3.7, Sum: 104.9]
      [Update RS (ms): Min: 0.0, Avg: 0.4, Max: 2.4, Diff: 2.4, Sum: 7.4]
         [Processed Buffers: Min: 0, Avg: 2.6, Max: 24, Diff: 24, Sum: 47]
      [Scan RS (ms): Min: 0.2, Avg: 0.8, Max: 1.0, Diff: 0.8, Sum: 13.8]
      [Object Copy (ms): Min: 53.2, Avg: 54.3, Max: 55.0, Diff: 1.8, Sum: 977.8]
      [Termination (ms): Min: 0.0, Avg: 0.0, Max: 0.0, Diff: 0.0, Sum: 0.2]
      [GC Worker Other (ms): Min: 0.0, Avg: 0.2, Max: 0.4, Diff: 0.4, Sum: 4.0]
      [GC Worker Total (ms): Min: 61.3, Avg: 61.6, Max: 61.7, Diff: 0.4, Sum: 1108.0]
      [GC Worker End (ms): Min: 598272.9, Avg: 598273.0, Max: 598273.2, Diff: 0.4]
   [Code Root Fixup: 1.8 ms]
   [Clear CT: 2.0 ms]
   [Other: 12.4 ms]
      [Choose CSet: 0.1 ms]
      [Ref Proc: 7.1 ms]
      [Ref Enq: 0.4 ms]
      [Free CSet: 4.4 ms]
   [Eden: 1459.0M(1459.0M)->0.0B(1460.0M) Survivors: 117.0M->116.0M Heap: 1672.3M(2252.0M)->212.3M(2252.0M)]
 [Times: user=1.02 sys=0.12, real=0.08 secs] 

 Concurrent RS processed 114090 cards
  Of 1111 completed buffers:
         1111 (100.0%) by conc RS threads.
            0 (  0.0%) by mutator threads.
  Conc RS threads times(s)
          0.00     0.00     0.00     0.00     0.00     0.00     0.00     0.00     0.00     0.00     0.00     0.00     0.00     0.00     0.00     0.00     0.00     0.00     0.00
  Total heap region rem set sizes = 5868K.  Max = 2K.
  Static structures = 369K, free_lists = 0K.
    0 occupied cards represented.
    Max size region = 0:(F)[0x0000000763400000,0x0000000763400000,0x0000000763500000], size = 3K, occupied = 0K.
    Did 0 coarsenings.
2014-08-01T09:06:31.348-0500: 611.791: [GC pause (young) 611.791: [G1Ergonomics (CSet Construction) start choosing CSet, _pending_cards: 52, predicted base time: 20.21 ms, remaining time: 79.79 ms, target pause time: 100.00 ms]
 611.791: [G1Ergonomics (CSet Construction) add young regions to CSet, eden: 1460 regions, survivors: 116 regions, predicted young region time: 687.78 ms]
 611.791: [G1Ergonomics (CSet Construction) finish choosing CSet, eden: 1460 regions, survivors: 116 regions, old: 0 regions, predicted pause time: 707.99 ms, target pause time: 100.00 ms]
, 0.0680230 secs]
   [Parallel Time: 53.0 ms, GC Workers: 18]
      [GC Worker Start (ms): Min: 611791.5, Avg: 611791.7, Max: 611791.9, Diff: 0.3]
      [Ext Root Scanning (ms): Min: 3.8, Avg: 5.8, Max: 8.6, Diff: 4.8, Sum: 104.4]
      [Update RS (ms): Min: 0.0, Avg: 0.0, Max: 0.0, Diff: 0.0, Sum: 0.1]
         [Processed Buffers: Min: 0, Avg: 1.3, Max: 24, Diff: 24, Sum: 24]
      [Scan RS (ms): Min: 0.2, Avg: 0.4, Max: 2.5, Diff: 2.3, Sum: 7.4]
      [Object Copy (ms): Min: 43.4, Avg: 45.8, Max: 46.3, Diff: 2.9, Sum: 825.0]
      [Termination (ms): Min: 0.0, Avg: 0.2, Max: 0.2, Diff: 0.2, Sum: 3.9]
      [GC Worker Other (ms): Min: 0.0, Avg: 0.2, Max: 0.3, Diff: 0.3, Sum: 2.9]
      [GC Worker Total (ms): Min: 52.2, Avg: 52.4, Max: 52.6, Diff: 0.4, Sum: 943.6]
      [GC Worker End (ms): Min: 611844.0, Avg: 611844.1, Max: 611844.3, Diff: 0.3]
   [Code Root Fixup: 2.2 ms]
   [Clear CT: 1.6 ms]
   [Other: 11.2 ms]
      [Choose CSet: 0.1 ms]
      [Ref Proc: 5.7 ms]
      [Ref Enq: 0.5 ms]
      [Free CSet: 4.5 ms]
   [Eden: 1460.0M(1460.0M)->0.0B(1461.0M) Survivors: 116.0M->115.0M Heap: 1672.3M(2252.0M)->211.8M(2252.0M)]
 [Times: user=0.98 sys=0.00, real=0.07 secs] 

 Concurrent RS processed 114090 cards
  Of 1135 completed buffers:
         1135 (100.0%) by conc RS threads.
            0 (  0.0%) by mutator threads.
  Conc RS threads times(s)
          0.00     0.00     0.00     0.00     0.00     0.00     0.00     0.00     0.00     0.00     0.00     0.00     0.00     0.00     0.00     0.00     0.00     0.00     0.00
  Total heap region rem set sizes = 5868K.  Max = 2K.
  Static structures = 369K, free_lists = 0K.
    0 occupied cards represented.
    Max size region = 0:(F)[0x0000000763400000,0x0000000763400000,0x0000000763500000], size = 3K, occupied = 0K.
    Did 0 coarsenings.
2014-08-01T09:06:44.434-0500: 624.877: [GC pause (young) 624.877: [G1Ergonomics (CSet Construction) start choosing CSet, _pending_cards: 36, predicted base time: 19.68 ms, remaining time: 80.32 ms, target pause time: 100.00 ms]
 624.878: [G1Ergonomics (CSet Construction) add young regions to CSet, eden: 1461 regions, survivors: 115 regions, predicted young region time: 507.04 ms]
 624.878: [G1Ergonomics (CSet Construction) finish choosing CSet, eden: 1461 regions, survivors: 115 regions, old: 0 regions, predicted pause time: 526.71 ms, target pause time: 100.00 ms]
, 0.0678610 secs]
   [Parallel Time: 53.3 ms, GC Workers: 18]
      [GC Worker Start (ms): Min: 624877.6, Avg: 624877.8, Max: 624877.9, Diff: 0.3]
      [Ext Root Scanning (ms): Min: 4.2, Avg: 5.8, Max: 6.9, Diff: 2.7, Sum: 104.7]
      [Update RS (ms): Min: 0.0, Avg: 0.0, Max: 0.0, Diff: 0.0, Sum: 0.0]
         [Processed Buffers: Min: 0, Avg: 0.7, Max: 13, Diff: 13, Sum: 13]
      [Scan RS (ms): Min: 0.2, Avg: 0.5, Max: 2.5, Diff: 2.3, Sum: 8.9]
      [Object Copy (ms): Min: 44.6, Avg: 46.2, Max: 46.8, Diff: 2.3, Sum: 832.4]
      [Termination (ms): Min: 0.0, Avg: 0.0, Max: 0.0, Diff: 0.0, Sum: 0.1]
      [GC Worker Other (ms): Min: 0.0, Avg: 0.2, Max: 0.4, Diff: 0.3, Sum: 3.8]
      [GC Worker Total (ms): Min: 52.4, Avg: 52.8, Max: 53.0, Diff: 0.6, Sum: 950.0]
      [GC Worker End (ms): Min: 624930.4, Avg: 624930.6, Max: 624930.7, Diff: 0.3]
   [Code Root Fixup: 2.2 ms]
   [Clear CT: 1.9 ms]
   [Other: 10.5 ms]
      [Choose CSet: 0.1 ms]
      [Ref Proc: 5.2 ms]
      [Ref Enq: 0.4 ms]
      [Free CSet: 4.4 ms]
   [Eden: 1461.0M(1461.0M)->0.0B(1458.0M) Survivors: 115.0M->118.0M Heap: 1672.8M(2252.0M)->214.3M(2252.0M)]
 [Times: user=1.01 sys=0.01, real=0.06 secs] 

 Concurrent RS processed 114090 cards
  Of 1148 completed buffers:
         1148 (100.0%) by conc RS threads.
            0 (  0.0%) by mutator threads.
  Conc RS threads times(s)
          0.00     0.00     0.00     0.00     0.00     0.00     0.00     0.00     0.00     0.00     0.00     0.00     0.00     0.00     0.00     0.00     0.00     0.00     0.00
  Total heap region rem set sizes = 5868K.  Max = 2K.
  Static structures = 369K, free_lists = 0K.
    0 occupied cards represented.
    Max size region = 0:(F)[0x0000000763400000,0x0000000763400000,0x0000000763500000], size = 3K, occupied = 0K.
    Did 0 coarsenings.
2014-08-01T09:06:57.313-0500: 637.757: [GC pause (young) 637.757: [G1Ergonomics (CSet Construction) start choosing CSet, _pending_cards: 15, predicted base time: 19.13 ms, remaining time: 80.87 ms, target pause time: 100.00 ms]
 637.757: [G1Ergonomics (CSet Construction) add young regions to CSet, eden: 1458 regions, survivors: 118 regions, predicted young region time: 384.47 ms]
 637.757: [G1Ergonomics (CSet Construction) finish choosing CSet, eden: 1458 regions, survivors: 118 regions, old: 0 regions, predicted pause time: 403.60 ms, target pause time: 100.00 ms]
, 0.0743180 secs]
   [Parallel Time: 54.9 ms, GC Workers: 18]
      [GC Worker Start (ms): Min: 637757.0, Avg: 637757.1, Max: 637757.3, Diff: 0.3]
      [Ext Root Scanning (ms): Min: 4.3, Avg: 5.7, Max: 6.9, Diff: 2.6, Sum: 102.9]
      [Update RS (ms): Min: 0.0, Avg: 0.0, Max: 0.0, Diff: 0.0, Sum: 0.0]
         [Processed Buffers: Min: 0, Avg: 0.2, Max: 4, Diff: 4, Sum: 4]
      [Scan RS (ms): Min: 0.2, Avg: 0.5, Max: 2.0, Diff: 1.8, Sum: 8.9]
      [Object Copy (ms): Min: 46.2, Avg: 47.8, Max: 48.3, Diff: 2.2, Sum: 861.0]
      [Termination (ms): Min: 0.0, Avg: 0.1, Max: 0.1, Diff: 0.1, Sum: 1.3]
      [GC Worker Other (ms): Min: 0.0, Avg: 0.2, Max: 0.4, Diff: 0.4, Sum: 3.9]
      [GC Worker Total (ms): Min: 54.1, Avg: 54.3, Max: 54.6, Diff: 0.5, Sum: 978.0]
      [GC Worker End (ms): Min: 637811.3, Avg: 637811.5, Max: 637811.7, Diff: 0.4]
   [Code Root Fixup: 2.4 ms]
   [Clear CT: 2.0 ms]
   [Other: 15.1 ms]
      [Choose CSet: 0.1 ms]
      [Ref Proc: 9.7 ms]
      [Ref Enq: 0.5 ms]
      [Free CSet: 4.4 ms]
   [Eden: 1458.0M(1458.0M)->0.0B(1458.0M) Survivors: 118.0M->118.0M Heap: 1672.3M(2252.0M)->214.8M(2252.0M)]
 [Times: user=1.06 sys=0.01, real=0.08 secs] 

 Concurrent RS processed 114090 cards
  Of 1152 completed buffers:
         1152 (100.0%) by conc RS threads.
            0 (  0.0%) by mutator threads.
  Conc RS threads times(s)
          0.00     0.00     0.00     0.00     0.00     0.00     0.00     0.00     0.00     0.00     0.00     0.00     0.00     0.00     0.00     0.00     0.00     0.00     0.00
  Total heap region rem set sizes = 5868K.  Max = 2K.
  Static structures = 369K, free_lists = 0K.
    0 occupied cards represented.
    Max size region = 0:(F)[0x0000000763400000,0x0000000763400000,0x0000000763500000], size = 3K, occupied = 0K.
    Did 0 coarsenings.
2014-08-01T09:07:10.534-0500: 650.977: [GC pause (young) 650.978: [G1Ergonomics (CSet Construction) start choosing CSet, _pending_cards: 319, predicted base time: 20.43 ms, remaining time: 79.57 ms, target pause time: 100.00 ms]
 650.978: [G1Ergonomics (CSet Construction) add young regions to CSet, eden: 1458 regions, survivors: 118 regions, predicted young region time: 302.70 ms]
 650.978: [G1Ergonomics (CSet Construction) finish choosing CSet, eden: 1458 regions, survivors: 118 regions, old: 0 regions, predicted pause time: 323.13 ms, target pause time: 100.00 ms]
, 0.0540320 secs]
   [Parallel Time: 39.0 ms, GC Workers: 18]
      [GC Worker Start (ms): Min: 650977.8, Avg: 650977.9, Max: 650978.1, Diff: 0.3]
      [Ext Root Scanning (ms): Min: 3.1, Avg: 4.3, Max: 11.1, Diff: 8.0, Sum: 78.1]
      [Update RS (ms): Min: 0.0, Avg: 0.0, Max: 0.0, Diff: 0.0, Sum: 0.1]
         [Processed Buffers: Min: 0, Avg: 1.6, Max: 26, Diff: 26, Sum: 29]
      [Scan RS (ms): Min: 0.1, Avg: 0.5, Max: 1.6, Diff: 1.5, Sum: 9.2]
      [Object Copy (ms): Min: 26.6, Avg: 33.4, Max: 34.3, Diff: 7.7, Sum: 600.4]
      [Termination (ms): Min: 0.0, Avg: 0.0, Max: 0.0, Diff: 0.0, Sum: 0.2]
      [GC Worker Other (ms): Min: 0.0, Avg: 0.2, Max: 0.3, Diff: 0.3, Sum: 3.0]
      [GC Worker Total (ms): Min: 38.2, Avg: 38.4, Max: 38.6, Diff: 0.5, Sum: 690.8]
      [GC Worker End (ms): Min: 651016.2, Avg: 651016.3, Max: 651016.4, Diff: 0.3]
   [Code Root Fixup: 2.9 ms]
   [Clear CT: 1.7 ms]
   [Other: 10.5 ms]
      [Choose CSet: 0.1 ms]
      [Ref Proc: 5.0 ms]
      [Ref Enq: 0.4 ms]
      [Free CSet: 4.5 ms]
   [Eden: 1458.0M(1458.0M)->0.0B(1454.0M) Survivors: 118.0M->122.0M Heap: 1672.8M(2252.0M)->218.3M(2252.0M)]
 [Times: user=0.78 sys=0.01, real=0.06 secs] 

 Concurrent RS processed 114090 cards
  Of 1181 completed buffers:
         1181 (100.0%) by conc RS threads.
            0 (  0.0%) by mutator threads.
  Conc RS threads times(s)
          0.00     0.00     0.00     0.00     0.00     0.00     0.00     0.00     0.00     0.00     0.00     0.00     0.00     0.00     0.00     0.00     0.00     0.00     0.00
  Total heap region rem set sizes = 5868K.  Max = 2K.
  Static structures = 369K, free_lists = 0K.
    0 occupied cards represented.
    Max size region = 0:(F)[0x0000000763400000,0x0000000763400000,0x0000000763500000], size = 3K, occupied = 0K.
    Did 0 coarsenings.
2014-08-01T09:07:19.405-0500: 659.849: [GC pause (young) 659.849: [G1Ergonomics (CSet Construction) start choosing CSet, _pending_cards: 395, predicted base time: 19.34 ms, remaining time: 80.66 ms, target pause time: 100.00 ms]
 659.849: [G1Ergonomics (CSet Construction) add young regions to CSet, eden: 1454 regions, survivors: 122 regions, predicted young region time: 232.64 ms]
 659.849: [G1Ergonomics (CSet Construction) finish choosing CSet, eden: 1454 regions, survivors: 122 regions, old: 0 regions, predicted pause time: 251.98 ms, target pause time: 100.00 ms]
, 0.0752900 secs]
   [Parallel Time: 58.0 ms, GC Workers: 18]
      [GC Worker Start (ms): Min: 659848.8, Avg: 659849.0, Max: 659849.2, Diff: 0.3]
      [Ext Root Scanning (ms): Min: 3.5, Avg: 5.9, Max: 9.6, Diff: 6.1, Sum: 106.7]
      [Update RS (ms): Min: 0.0, Avg: 0.0, Max: 0.0, Diff: 0.0, Sum: 0.1]
         [Processed Buffers: Min: 0, Avg: 1.1, Max: 19, Diff: 19, Sum: 19]
      [Scan RS (ms): Min: 0.2, Avg: 0.6, Max: 1.7, Diff: 1.6, Sum: 10.4]
      [Object Copy (ms): Min: 46.3, Avg: 49.6, Max: 51.1, Diff: 4.7, Sum: 893.5]
      [Termination (ms): Min: 0.0, Avg: 1.3, Max: 2.1, Diff: 2.1, Sum: 23.4]
      [GC Worker Other (ms): Min: 0.0, Avg: 0.1, Max: 0.3, Diff: 0.2, Sum: 2.2]
      [GC Worker Total (ms): Min: 57.3, Avg: 57.6, Max: 57.9, Diff: 0.6, Sum: 1036.3]
      [GC Worker End (ms): Min: 659906.4, Avg: 659906.5, Max: 659906.7, Diff: 0.3]
   [Code Root Fixup: 3.3 ms]
   [Clear CT: 1.9 ms]
   [Other: 12.2 ms]
      [Choose CSet: 0.1 ms]
      [Ref Proc: 6.6 ms]
      [Ref Enq: 0.5 ms]
      [Free CSet: 4.4 ms]
   [Eden: 1454.0M(1454.0M)->0.0B(1454.0M) Survivors: 122.0M->122.0M Heap: 1672.3M(2252.0M)->218.3M(2252.0M)]
 [Times: user=1.08 sys=0.01, real=0.08 secs] 

 Concurrent RS processed 114090 cards
  Of 1200 completed buffers:
         1200 (100.0%) by conc RS threads.
            0 (  0.0%) by mutator threads.
  Conc RS threads times(s)
          0.00     0.00     0.00     0.00     0.00     0.00     0.00     0.00     0.00     0.00     0.00     0.00     0.00     0.00     0.00     0.00     0.00     0.00     0.00
  Total heap region rem set sizes = 5868K.  Max = 2K.
  Static structures = 369K, free_lists = 0K.
    0 occupied cards represented.
    Max size region = 0:(F)[0x0000000763400000,0x0000000763400000,0x0000000763500000], size = 3K, occupied = 0K.
    Did 0 coarsenings.
2014-08-01T09:07:26.953-0500: 667.396: [GC pause (young) 667.396: [G1Ergonomics (CSet Construction) start choosing CSet, _pending_cards: 11, predicted base time: 19.50 ms, remaining time: 80.50 ms, target pause time: 100.00 ms]
 667.396: [G1Ergonomics (CSet Construction) add young regions to CSet, eden: 1454 regions, survivors: 122 regions, predicted young region time: 192.88 ms]
 667.396: [G1Ergonomics (CSet Construction) finish choosing CSet, eden: 1454 regions, survivors: 122 regions, old: 0 regions, predicted pause time: 212.38 ms, target pause time: 100.00 ms]
, 0.0732600 secs]
   [Parallel Time: 57.4 ms, GC Workers: 18]
      [GC Worker Start (ms): Min: 667396.2, Avg: 667396.3, Max: 667396.5, Diff: 0.4]
      [Ext Root Scanning (ms): Min: 4.0, Avg: 6.3, Max: 13.4, Diff: 9.4, Sum: 112.9]
      [Update RS (ms): Min: 0.0, Avg: 0.0, Max: 0.0, Diff: 0.0, Sum: 0.0]
         [Processed Buffers: Min: 0, Avg: 0.3, Max: 6, Diff: 6, Sum: 6]
      [Scan RS (ms): Min: 0.2, Avg: 0.6, Max: 2.9, Diff: 2.7, Sum: 10.2]
      [Object Copy (ms): Min: 42.8, Avg: 49.8, Max: 51.2, Diff: 8.4, Sum: 896.1]
      [Termination (ms): Min: 0.0, Avg: 0.0, Max: 0.0, Diff: 0.0, Sum: 0.1]
      [GC Worker Other (ms): Min: 0.0, Avg: 0.2, Max: 0.4, Diff: 0.3, Sum: 3.5]
      [GC Worker Total (ms): Min: 56.6, Avg: 56.8, Max: 57.1, Diff: 0.5, Sum: 1022.9]
      [GC Worker End (ms): Min: 667453.0, Avg: 667453.2, Max: 667453.4, Diff: 0.3]
   [Code Root Fixup: 3.4 ms]
   [Clear CT: 1.9 ms]
   [Other: 10.6 ms]
      [Choose CSet: 0.1 ms]
      [Ref Proc: 5.3 ms]
      [Ref Enq: 0.4 ms]
      [Free CSet: 4.4 ms]
   [Eden: 1454.0M(1454.0M)->0.0B(1456.0M) Survivors: 122.0M->120.0M Heap: 1672.3M(2252.0M)->216.3M(2252.0M)]
 [Times: user=1.06 sys=0.00, real=0.07 secs] 

 Concurrent RS processed 114090 cards
  Of 1206 completed buffers:
         1206 (100.0%) by conc RS threads.
            0 (  0.0%) by mutator threads.
  Conc RS threads times(s)
          0.00     0.00     0.00     0.00     0.00     0.00     0.00     0.00     0.00     0.00     0.00     0.00     0.00     0.00     0.00     0.00     0.00     0.00     0.00
  Total heap region rem set sizes = 5868K.  Max = 2K.
  Static structures = 369K, free_lists = 0K.
    0 occupied cards represented.
    Max size region = 0:(F)[0x0000000763400000,0x0000000763400000,0x0000000763500000], size = 3K, occupied = 0K.
    Did 0 coarsenings.
2014-08-01T09:07:34.374-0500: 674.818: [GC pause (young) 674.818: [G1Ergonomics (CSet Construction) start choosing CSet, _pending_cards: 4, predicted base time: 19.37 ms, remaining time: 80.63 ms, target pause time: 100.00 ms]
 674.818: [G1Ergonomics (CSet Construction) add young regions to CSet, eden: 1456 regions, survivors: 120 regions, predicted young region time: 167.34 ms]
 674.818: [G1Ergonomics (CSet Construction) finish choosing CSet, eden: 1456 regions, survivors: 120 regions, old: 0 regions, predicted pause time: 186.71 ms, target pause time: 100.00 ms]
, 0.0686060 secs]
   [Parallel Time: 52.6 ms, GC Workers: 18]
      [GC Worker Start (ms): Min: 674817.9, Avg: 674818.1, Max: 674818.3, Diff: 0.3]
      [Ext Root Scanning (ms): Min: 4.3, Avg: 6.1, Max: 12.9, Diff: 8.6, Sum: 109.5]
      [Update RS (ms): Min: 0.0, Avg: 0.0, Max: 0.0, Diff: 0.0, Sum: 0.0]
         [Processed Buffers: Min: 0, Avg: 0.1, Max: 2, Diff: 2, Sum: 2]
      [Scan RS (ms): Min: 0.1, Avg: 0.4, Max: 2.2, Diff: 2.1, Sum: 7.6]
      [Object Copy (ms): Min: 38.6, Avg: 45.3, Max: 46.1, Diff: 7.5, Sum: 816.0]
      [Termination (ms): Min: 0.0, Avg: 0.0, Max: 0.0, Diff: 0.0, Sum: 0.3]
      [GC Worker Other (ms): Min: 0.0, Avg: 0.2, Max: 0.4, Diff: 0.4, Sum: 3.7]
      [GC Worker Total (ms): Min: 51.8, Avg: 52.1, Max: 52.2, Diff: 0.5, Sum: 937.2]
      [GC Worker End (ms): Min: 674870.0, Avg: 674870.2, Max: 674870.3, Diff: 0.4]
   [Code Root Fixup: 3.5 ms]
   [Clear CT: 1.8 ms]
   [Other: 10.8 ms]
      [Choose CSet: 0.1 ms]
      [Ref Proc: 5.4 ms]
      [Ref Enq: 0.3 ms]
      [Free CSet: 4.4 ms]
   [Eden: 1456.0M(1456.0M)->0.0B(1456.0M) Survivors: 120.0M->120.0M Heap: 1672.3M(2252.0M)->216.4M(2252.0M)]
 [Times: user=0.99 sys=0.01, real=0.07 secs] 

 Concurrent RS processed 114090 cards
  Of 1208 completed buffers:
         1208 (100.0%) by conc RS threads.
            0 (  0.0%) by mutator threads.
  Conc RS threads times(s)
          0.00     0.00     0.00     0.00     0.00     0.00     0.00     0.00     0.00     0.00     0.00     0.00     0.00     0.00     0.00     0.00     0.00     0.00     0.00
  Total heap region rem set sizes = 5868K.  Max = 2K.
  Static structures = 369K, free_lists = 0K.
    0 occupied cards represented.
    Max size region = 0:(F)[0x0000000763400000,0x0000000763400000,0x0000000763500000], size = 3K, occupied = 0K.
    Did 0 coarsenings.
2014-08-01T09:07:41.697-0500: 682.140: [GC pause (young) 682.140: [G1Ergonomics (CSet Construction) start choosing CSet, _pending_cards: 0, predicted base time: 19.21 ms, remaining time: 80.79 ms, target pause time: 100.00 ms]
 682.140: [G1Ergonomics (CSet Construction) add young regions to CSet, eden: 1456 regions, survivors: 120 regions, predicted young region time: 136.21 ms]
 682.140: [G1Ergonomics (CSet Construction) finish choosing CSet, eden: 1456 regions, survivors: 120 regions, old: 0 regions, predicted pause time: 155.42 ms, target pause time: 100.00 ms]
, 0.0722390 secs]
   [Parallel Time: 55.2 ms, GC Workers: 18]
      [GC Worker Start (ms): Min: 682140.2, Avg: 682140.4, Max: 682140.6, Diff: 0.3]
      [Ext Root Scanning (ms): Min: 4.7, Avg: 6.0, Max: 9.6, Diff: 4.9, Sum: 107.8]
      [Update RS (ms): Min: 0.0, Avg: 0.0, Max: 0.0, Diff: 0.0, Sum: 0.0]
         [Processed Buffers: Min: 0, Avg: 0.0, Max: 0, Diff: 0, Sum: 0]
      [Scan RS (ms): Min: 0.2, Avg: 0.5, Max: 2.4, Diff: 2.2, Sum: 8.6]
      [Object Copy (ms): Min: 44.7, Avg: 48.0, Max: 48.6, Diff: 3.9, Sum: 864.0]
      [Termination (ms): Min: 0.0, Avg: 0.1, Max: 0.1, Diff: 0.1, Sum: 1.6]
      [GC Worker Other (ms): Min: 0.0, Avg: 0.2, Max: 0.4, Diff: 0.4, Sum: 3.8]
      [GC Worker Total (ms): Min: 54.5, Avg: 54.8, Max: 55.1, Diff: 0.5, Sum: 985.8]
      [GC Worker End (ms): Min: 682195.0, Avg: 682195.2, Max: 682195.3, Diff: 0.4]
   [Code Root Fixup: 3.5 ms]
   [Clear CT: 1.8 ms]
   [Other: 11.7 ms]
      [Choose CSet: 0.1 ms]
      [Ref Proc: 6.4 ms]
      [Ref Enq: 0.4 ms]
      [Free CSet: 4.4 ms]
   [Eden: 1456.0M(1456.0M)->0.0B(1458.0M) Survivors: 120.0M->118.0M Heap: 1672.4M(2252.0M)->214.4M(2252.0M)]
 [Times: user=1.04 sys=0.01, real=0.07 secs] 

 Concurrent RS processed 114090 cards
  Of 1208 completed buffers:
         1208 (100.0%) by conc RS threads.
            0 (  0.0%) by mutator threads.
  Conc RS threads times(s)
          0.00     0.00     0.00     0.00     0.00     0.00     0.00     0.00     0.00     0.00     0.00     0.00     0.00     0.00     0.00     0.00     0.00     0.00     0.00
  Total heap region rem set sizes = 5868K.  Max = 2K.
  Static structures = 369K, free_lists = 0K.
    0 occupied cards represented.
    Max size region = 0:(F)[0x0000000763400000,0x0000000763400000,0x0000000763500000], size = 3K, occupied = 0K.
    Did 0 coarsenings.
2014-08-01T09:07:48.885-0500: 689.328: [GC pause (young) 689.328: [G1Ergonomics (CSet Construction) start choosing CSet, _pending_cards: 0, predicted base time: 19.33 ms, remaining time: 80.67 ms, target pause time: 100.00 ms]
 689.328: [G1Ergonomics (CSet Construction) add young regions to CSet, eden: 1458 regions, survivors: 118 regions, predicted young region time: 122.38 ms]
 689.328: [G1Ergonomics (CSet Construction) finish choosing CSet, eden: 1458 regions, survivors: 118 regions, old: 0 regions, predicted pause time: 141.71 ms, target pause time: 100.00 ms]
, 0.0736520 secs]
   [Parallel Time: 56.8 ms, GC Workers: 18]
      [GC Worker Start (ms): Min: 689328.5, Avg: 689328.6, Max: 689328.8, Diff: 0.3]
      [Ext Root Scanning (ms): Min: 4.5, Avg: 6.2, Max: 13.4, Diff: 8.9, Sum: 111.7]
      [Update RS (ms): Min: 0.0, Avg: 0.0, Max: 0.0, Diff: 0.0, Sum: 0.0]
         [Processed Buffers: Min: 0, Avg: 0.0, Max: 0, Diff: 0, Sum: 0]
      [Scan RS (ms): Min: 0.2, Avg: 0.6, Max: 2.4, Diff: 2.2, Sum: 11.1]
      [Object Copy (ms): Min: 42.2, Avg: 49.3, Max: 50.1, Diff: 7.9, Sum: 887.6]
      [Termination (ms): Min: 0.0, Avg: 0.0, Max: 0.0, Diff: 0.0, Sum: 0.3]
      [GC Worker Other (ms): Min: 0.0, Avg: 0.2, Max: 0.4, Diff: 0.4, Sum: 4.0]
      [GC Worker Total (ms): Min: 56.1, Avg: 56.4, Max: 56.7, Diff: 0.6, Sum: 1014.7]
      [GC Worker End (ms): Min: 689384.8, Avg: 689385.0, Max: 689385.2, Diff: 0.4]
   [Code Root Fixup: 3.5 ms]
   [Clear CT: 1.8 ms]
   [Other: 11.6 ms]
      [Choose CSet: 0.1 ms]
      [Ref Proc: 6.3 ms]
      [Ref Enq: 0.4 ms]
      [Free CSet: 4.4 ms]
   [Eden: 1458.0M(1458.0M)->0.0B(1456.0M) Survivors: 118.0M->120.0M Heap: 1672.4M(2252.0M)->216.9M(2252.0M)]
 [Times: user=1.06 sys=0.01, real=0.07 secs] 

 Concurrent RS processed 114090 cards
  Of 1208 completed buffers:
         1208 (100.0%) by conc RS threads.
            0 (  0.0%) by mutator threads.
  Conc RS threads times(s)
          0.00     0.00     0.00     0.00     0.00     0.00     0.00     0.00     0.00     0.00     0.00     0.00     0.00     0.00     0.00     0.00     0.00     0.00     0.00
  Total heap region rem set sizes = 5868K.  Max = 2K.
  Static structures = 369K, free_lists = 0K.
    0 occupied cards represented.
    Max size region = 0:(F)[0x0000000763400000,0x0000000763400000,0x0000000763500000], size = 3K, occupied = 0K.
    Did 0 coarsenings.
2014-08-01T09:07:56.455-0500: 696.898: [GC pause (young) 696.898: [G1Ergonomics (CSet Construction) start choosing CSet, _pending_cards: 3, predicted base time: 19.42 ms, remaining time: 80.58 ms, target pause time: 100.00 ms]
 696.898: [G1Ergonomics (CSet Construction) add young regions to CSet, eden: 1456 regions, survivors: 120 regions, predicted young region time: 111.35 ms]
 696.898: [G1Ergonomics (CSet Construction) finish choosing CSet, eden: 1456 regions, survivors: 120 regions, old: 0 regions, predicted pause time: 130.77 ms, target pause time: 100.00 ms]
, 0.0698950 secs]
   [Parallel Time: 53.4 ms, GC Workers: 18]
      [GC Worker Start (ms): Min: 696898.2, Avg: 696898.3, Max: 696898.5, Diff: 0.3]
      [Ext Root Scanning (ms): Min: 4.6, Avg: 6.2, Max: 9.9, Diff: 5.3, Sum: 112.2]
      [Update RS (ms): Min: 0.0, Avg: 0.0, Max: 0.0, Diff: 0.0, Sum: 0.0]
         [Processed Buffers: Min: 0, Avg: 0.2, Max: 3, Diff: 3, Sum: 3]
      [Scan RS (ms): Min: 0.2, Avg: 0.5, Max: 2.2, Diff: 2.0, Sum: 8.9]
      [Object Copy (ms): Min: 41.7, Avg: 45.1, Max: 45.7, Diff: 4.0, Sum: 811.4]
      [Termination (ms): Min: 0.0, Avg: 0.3, Max: 0.3, Diff: 0.3, Sum: 4.9]
      [GC Worker Other (ms): Min: 0.0, Avg: 0.2, Max: 0.4, Diff: 0.4, Sum: 3.6]
      [GC Worker Total (ms): Min: 52.0, Avg: 52.3, Max: 52.6, Diff: 0.6, Sum: 941.0]
      [GC Worker End (ms): Min: 696950.5, Avg: 696950.6, Max: 696950.8, Diff: 0.3]
   [Code Root Fixup: 3.5 ms]
   [Clear CT: 1.9 ms]
   [Other: 11.0 ms]
      [Choose CSet: 0.1 ms]
      [Ref Proc: 5.7 ms]
      [Ref Enq: 0.4 ms]
      [Free CSet: 4.4 ms]
   [Eden: 1456.0M(1456.0M)->0.0B(1453.0M) Survivors: 120.0M->123.0M Heap: 1672.9M(2252.0M)->219.4M(2252.0M)]
 [Times: user=1.00 sys=0.01, real=0.07 secs] 

 Concurrent RS processed 114090 cards
  Of 1211 completed buffers:
         1211 (100.0%) by conc RS threads.
            0 (  0.0%) by mutator threads.
  Conc RS threads times(s)
          0.00     0.00     0.00     0.00     0.00     0.00     0.00     0.00     0.00     0.00     0.00     0.00     0.00     0.00     0.00     0.00     0.00     0.00     0.00
  Total heap region rem set sizes = 5868K.  Max = 2K.
  Static structures = 369K, free_lists = 0K.
    0 occupied cards represented.
    Max size region = 0:(F)[0x0000000763400000,0x0000000763400000,0x0000000763500000], size = 3K, occupied = 0K.
    Did 0 coarsenings.
2014-08-01T09:08:03.672-0500: 704.115: [GC pause (young) 704.115: [G1Ergonomics (CSet Construction) start choosing CSet, _pending_cards: 1, predicted base time: 19.55 ms, remaining time: 80.45 ms, target pause time: 100.00 ms]
 704.115: [G1Ergonomics (CSet Construction) add young regions to CSet, eden: 1453 regions, survivors: 123 regions, predicted young region time: 101.49 ms]
 704.115: [G1Ergonomics (CSet Construction) finish choosing CSet, eden: 1453 regions, survivors: 123 regions, old: 0 regions, predicted pause time: 121.04 ms, target pause time: 100.00 ms]
, 0.0759840 secs]
   [Parallel Time: 53.4 ms, GC Workers: 18]
      [GC Worker Start (ms): Min: 704115.1, Avg: 704115.3, Max: 704115.5, Diff: 0.3]
      [Ext Root Scanning (ms): Min: 5.4, Avg: 6.4, Max: 13.3, Diff: 7.9, Sum: 116.0]
      [Update RS (ms): Min: 0.0, Avg: 0.0, Max: 0.0, Diff: 0.0, Sum: 0.0]
         [Processed Buffers: Min: 0, Avg: 0.1, Max: 1, Diff: 1, Sum: 1]
      [Scan RS (ms): Min: 0.2, Avg: 0.7, Max: 1.4, Diff: 1.2, Sum: 11.7]
      [Object Copy (ms): Min: 38.5, Avg: 45.3, Max: 46.1, Diff: 7.6, Sum: 814.7]
      [Termination (ms): Min: 0.0, Avg: 0.0, Max: 0.0, Diff: 0.0, Sum: 0.1]
      [GC Worker Other (ms): Min: 0.0, Avg: 0.2, Max: 0.4, Diff: 0.4, Sum: 4.1]
      [GC Worker Total (ms): Min: 52.3, Avg: 52.6, Max: 52.8, Diff: 0.6, Sum: 946.6]
      [GC Worker End (ms): Min: 704167.7, Avg: 704167.9, Max: 704168.1, Diff: 0.4]
   [Code Root Fixup: 3.6 ms]
   [Clear CT: 2.9 ms]
   [Other: 16.1 ms]
      [Choose CSet: 0.1 ms]
      [Ref Proc: 10.7 ms]
      [Ref Enq: 0.4 ms]
      [Free CSet: 4.5 ms]
   [Eden: 1453.0M(1453.0M)->0.0B(1458.0M) Survivors: 123.0M->118.0M Heap: 1672.4M(2252.0M)->214.4M(2252.0M)]
 [Times: user=1.04 sys=0.00, real=0.08 secs] 

 Concurrent RS processed 114090 cards
  Of 1212 completed buffers:
         1212 (100.0%) by conc RS threads.
            0 (  0.0%) by mutator threads.
  Conc RS threads times(s)
          0.00     0.00     0.00     0.00     0.00     0.00     0.00     0.00     0.00     0.00     0.00     0.00     0.00     0.00     0.00     0.00     0.00     0.00     0.00
  Total heap region rem set sizes = 5868K.  Max = 2K.
  Static structures = 369K, free_lists = 0K.
    0 occupied cards represented.
    Max size region = 0:(S)[0x0000000763400000,0x0000000763500000,0x0000000763500000], size = 3K, occupied = 0K.
    Did 0 coarsenings.
2014-08-01T09:08:11.122-0500: 711.566: [GC pause (young) 711.566: [G1Ergonomics (CSet Construction) start choosing CSet, _pending_cards: 2184, predicted base time: 24.96 ms, remaining time: 75.04 ms, target pause time: 100.00 ms]
 711.566: [G1Ergonomics (CSet Construction) add young regions to CSet, eden: 1458 regions, survivors: 118 regions, predicted young region time: 91.34 ms]
 711.566: [G1Ergonomics (CSet Construction) finish choosing CSet, eden: 1458 regions, survivors: 118 regions, old: 0 regions, predicted pause time: 116.29 ms, target pause time: 100.00 ms]
, 0.0733170 secs]
   [Parallel Time: 59.4 ms, GC Workers: 18]
      [GC Worker Start (ms): Min: 711565.7, Avg: 711565.9, Max: 711566.0, Diff: 0.3]
      [Ext Root Scanning (ms): Min: 3.3, Avg: 5.5, Max: 7.6, Diff: 4.3, Sum: 99.3]
      [Update RS (ms): Min: 0.0, Avg: 0.0, Max: 0.1, Diff: 0.1, Sum: 0.2]
         [Processed Buffers: Min: 0, Avg: 1.0, Max: 9, Diff: 9, Sum: 18]
      [Scan RS (ms): Min: 0.1, Avg: 0.4, Max: 1.7, Diff: 1.6, Sum: 7.9]
      [Object Copy (ms): Min: 51.3, Avg: 53.0, Max: 53.9, Diff: 2.6, Sum: 954.4]
      [Termination (ms): Min: 0.0, Avg: 0.0, Max: 0.0, Diff: 0.0, Sum: 0.1]
      [GC Worker Other (ms): Min: 0.0, Avg: 0.1, Max: 0.2, Diff: 0.2, Sum: 2.6]
      [GC Worker Total (ms): Min: 58.9, Avg: 59.1, Max: 59.3, Diff: 0.4, Sum: 1064.4]
      [GC Worker End (ms): Min: 711624.9, Avg: 711625.0, Max: 711625.1, Diff: 0.2]
   [Code Root Fixup: 1.9 ms]
   [Clear CT: 1.3 ms]
   [Other: 10.7 ms]
      [Choose CSet: 0.0 ms]
      [Ref Proc: 6.1 ms]
      [Ref Enq: 0.3 ms]
      [Free CSet: 3.3 ms]
   [Eden: 1458.0M(1458.0M)->0.0B(1769.0M) Survivors: 118.0M->23.0M Heap: 1672.4M(2252.0M)->207.4M(2252.0M)]
 [Times: user=1.03 sys=0.01, real=0.07 secs] 

 Concurrent RS processed 114090 cards
  Of 1230 completed buffers:
         1230 (100.0%) by conc RS threads.
            0 (  0.0%) by mutator threads.
  Conc RS threads times(s)
          0.00     0.00     0.00     0.00     0.00     0.00     0.00     0.00     0.00     0.00     0.00     0.00     0.00     0.00     0.00     0.00     0.00     0.00     0.00
  Total heap region rem set sizes = 5868K.  Max = 2K.
  Static structures = 369K, free_lists = 0K.
    0 occupied cards represented.
    Max size region = 0:(F)[0x0000000763400000,0x0000000763400000,0x0000000763500000], size = 3K, occupied = 0K.
    Did 0 coarsenings.
2014-08-01T09:08:18.567-0500: 719.010: [GC pause (young) 719.010: [G1Ergonomics (CSet Construction) start choosing CSet, _pending_cards: 7712, predicted base time: 28.53 ms, remaining time: 71.47 ms, target pause time: 100.00 ms]
 719.010: [G1Ergonomics (CSet Construction) add young regions to CSet, eden: 1769 regions, survivors: 23 regions, predicted young region time: 50.59 ms]
 719.010: [G1Ergonomics (CSet Construction) finish choosing CSet, eden: 1769 regions, survivors: 23 regions, old: 0 regions, predicted pause time: 79.13 ms, target pause time: 100.00 ms]
, 0.0379010 secs]
   [Parallel Time: 19.4 ms, GC Workers: 18]
      [GC Worker Start (ms): Min: 719010.5, Avg: 719010.7, Max: 719010.9, Diff: 0.4]
      [Ext Root Scanning (ms): Min: 7.6, Avg: 9.6, Max: 12.9, Diff: 5.3, Sum: 172.2]
      [Update RS (ms): Min: 0.0, Avg: 1.5, Max: 2.8, Diff: 2.8, Sum: 26.1]
         [Processed Buffers: Min: 0, Avg: 8.7, Max: 24, Diff: 24, Sum: 157]
      [Scan RS (ms): Min: 0.3, Avg: 1.1, Max: 1.3, Diff: 1.0, Sum: 19.7]
      [Object Copy (ms): Min: 4.3, Avg: 5.7, Max: 7.0, Diff: 2.7, Sum: 103.2]
      [Termination (ms): Min: 0.0, Avg: 0.7, Max: 0.8, Diff: 0.8, Sum: 13.0]
      [GC Worker Other (ms): Min: 0.0, Avg: 0.3, Max: 0.6, Diff: 0.5, Sum: 5.9]
      [GC Worker Total (ms): Min: 18.4, Avg: 18.9, Max: 19.3, Diff: 0.9, Sum: 340.2]
      [GC Worker End (ms): Min: 719029.3, Avg: 719029.6, Max: 719029.9, Diff: 0.6]
   [Code Root Fixup: 1.6 ms]
   [Clear CT: 2.4 ms]
   [Other: 14.5 ms]
      [Choose CSet: 0.0 ms]
      [Ref Proc: 7.9 ms]
      [Ref Enq: 0.4 ms]
      [Free CSet: 5.5 ms]
   [Eden: 1769.0M(1769.0M)->0.0B(1762.0M) Survivors: 23.0M->22.0M Heap: 1976.4M(2252.0M)->215.8M(2252.0M)]
 [Times: user=0.33 sys=0.06, real=0.04 secs] 

 Concurrent RS processed 192475 cards
  Of 1812 completed buffers:
         1812 (100.0%) by conc RS threads.
            0 (  0.0%) by mutator threads.
  Conc RS threads times(s)
          0.00     0.00     0.00     0.00     0.00     0.00     0.00     0.00     0.00     0.00     0.00     0.00     0.00     0.00     0.00     0.00     0.00     0.00     0.00
  Total heap region rem set sizes = 6326K.  Max = 25K.
  Static structures = 369K, free_lists = 5K.
    207103 occupied cards represented.
    Max size region = 1455:(O)[0x00000007be300000,0x00000007be400000,0x00000007be400000], size = 26K, occupied = 81K.
    Did 0 coarsenings.
2014-08-01T09:08:25.750-0500: 726.193: [GC pause (young) 726.194: [G1Ergonomics (CSet Construction) start choosing CSet, _pending_cards: 5272, predicted base time: 26.28 ms, remaining time: 73.72 ms, target pause time: 100.00 ms]
 726.194: [G1Ergonomics (CSet Construction) add young regions to CSet, eden: 1762 regions, survivors: 22 regions, predicted young region time: 22.72 ms]
 726.194: [G1Ergonomics (CSet Construction) finish choosing CSet, eden: 1762 regions, survivors: 22 regions, old: 0 regions, predicted pause time: 49.00 ms, target pause time: 100.00 ms]
, 0.0325460 secs]
   [Parallel Time: 15.3 ms, GC Workers: 18]
      [GC Worker Start (ms): Min: 726193.8, Avg: 726193.9, Max: 726194.1, Diff: 0.3]
      [Ext Root Scanning (ms): Min: 4.8, Avg: 6.3, Max: 7.3, Diff: 2.5, Sum: 112.8]
      [Update RS (ms): Min: 0.0, Avg: 0.6, Max: 2.4, Diff: 2.4, Sum: 10.6]
         [Processed Buffers: Min: 0, Avg: 6.7, Max: 22, Diff: 22, Sum: 120]
      [Scan RS (ms): Min: 0.4, Avg: 0.9, Max: 1.0, Diff: 0.6, Sum: 15.6]
      [Object Copy (ms): Min: 5.5, Avg: 6.6, Max: 7.2, Diff: 1.6, Sum: 118.1]
      [Termination (ms): Min: 0.0, Avg: 0.5, Max: 0.5, Diff: 0.5, Sum: 8.2]
      [GC Worker Other (ms): Min: 0.0, Avg: 0.2, Max: 0.4, Diff: 0.3, Sum: 3.2]
      [GC Worker Total (ms): Min: 14.6, Avg: 14.9, Max: 15.2, Diff: 0.5, Sum: 268.5]
      [GC Worker End (ms): Min: 726208.7, Avg: 726208.8, Max: 726209.0, Diff: 0.3]
   [Code Root Fixup: 0.9 ms]
   [Clear CT: 2.1 ms]
   [Other: 14.2 ms]
      [Choose CSet: 0.0 ms]
      [Ref Proc: 7.3 ms]
      [Ref Enq: 0.4 ms]
      [Free CSet: 6.0 ms]
   [Eden: 1762.0M(1762.0M)->0.0B(1753.0M) Survivors: 22.0M->22.0M Heap: 1977.8M(2252.0M)->224.8M(2252.0M)]
 [Times: user=0.34 sys=0.00, real=0.03 secs] 

 Concurrent RS processed 193939 cards
  Of 1932 completed buffers:
         1932 (100.0%) by conc RS threads.
            0 (  0.0%) by mutator threads.
  Conc RS threads times(s)
          0.00     0.00     0.00     0.00     0.00     0.00     0.00     0.00     0.00     0.00     0.00     0.00     0.00     0.00     0.00     0.00     0.00     0.00     0.00
  Total heap region rem set sizes = 6341K.  Max = 26K.
  Static structures = 369K, free_lists = 1K.
    207968 occupied cards represented.
    Max size region = 1455:(O)[0x00000007be300000,0x00000007be400000,0x00000007be400000], size = 27K, occupied = 81K.
    Did 0 coarsenings.
2014-08-01T09:08:32.894-0500: 733.338: [GC pause (young) 733.338: [G1Ergonomics (CSet Construction) start choosing CSet, _pending_cards: 5733, predicted base time: 24.83 ms, remaining time: 75.17 ms, target pause time: 100.00 ms]
 733.338: [G1Ergonomics (CSet Construction) add young regions to CSet, eden: 1753 regions, survivors: 22 regions, predicted young region time: 31.45 ms]
 733.338: [G1Ergonomics (CSet Construction) finish choosing CSet, eden: 1753 regions, survivors: 22 regions, old: 0 regions, predicted pause time: 56.28 ms, target pause time: 100.00 ms]
, 0.0299670 secs]
   [Parallel Time: 15.3 ms, GC Workers: 18]
      [GC Worker Start (ms): Min: 733338.0, Avg: 733338.2, Max: 733338.3, Diff: 0.3]
      [Ext Root Scanning (ms): Min: 4.5, Avg: 6.1, Max: 9.1, Diff: 4.6, Sum: 110.2]
      [Update RS (ms): Min: 0.0, Avg: 0.6, Max: 2.0, Diff: 2.0, Sum: 10.7]
         [Processed Buffers: Min: 0, Avg: 7.5, Max: 25, Diff: 25, Sum: 135]
      [Scan RS (ms): Min: 0.2, Avg: 0.9, Max: 1.0, Diff: 0.8, Sum: 15.4]
      [Object Copy (ms): Min: 5.3, Avg: 7.1, Max: 7.6, Diff: 2.3, Sum: 128.6]
      [Termination (ms): Min: 0.0, Avg: 0.0, Max: 0.0, Diff: 0.0, Sum: 0.4]
      [GC Worker Other (ms): Min: 0.0, Avg: 0.2, Max: 0.4, Diff: 0.3, Sum: 3.7]
      [GC Worker Total (ms): Min: 14.7, Avg: 15.0, Max: 15.1, Diff: 0.4, Sum: 269.1]
      [GC Worker End (ms): Min: 733353.0, Avg: 733353.1, Max: 733353.3, Diff: 0.3]
   [Code Root Fixup: 0.7 ms]
   [Clear CT: 2.0 ms]
   [Other: 11.9 ms]
      [Choose CSet: 0.0 ms]
      [Ref Proc: 5.6 ms]
      [Ref Enq: 0.4 ms]
      [Free CSet: 5.4 ms]
   [Eden: 1753.0M(1753.0M)->0.0B(1757.0M) Survivors: 22.0M->19.0M Heap: 1977.8M(2252.0M)->224.3M(2252.0M)]
 [Times: user=0.33 sys=0.01, real=0.03 secs] 

 Concurrent RS processed 195215 cards
  Of 2067 completed buffers:
         2067 (100.0%) by conc RS threads.
            0 (  0.0%) by mutator threads.
  Conc RS threads times(s)
          0.00     0.00     0.00     0.00     0.00     0.00     0.00     0.00     0.00     0.00     0.00     0.00     0.00     0.00     0.00     0.00     0.00     0.00     0.00
  Total heap region rem set sizes = 6348K.  Max = 26K.
  Static structures = 369K, free_lists = 0K.
    208193 occupied cards represented.
    Max size region = 1455:(O)[0x00000007be300000,0x00000007be400000,0x00000007be400000], size = 27K, occupied = 81K.
    Did 0 coarsenings.
2014-08-01T09:08:39.974-0500: 740.417: [GC pause (young) 740.417: [G1Ergonomics (CSet Construction) start choosing CSet, _pending_cards: 5231, predicted base time: 22.70 ms, remaining time: 77.30 ms, target pause time: 100.00 ms]
 740.417: [G1Ergonomics (CSet Construction) add young regions to CSet, eden: 1757 regions, survivors: 19 regions, predicted young region time: 18.34 ms]
 740.417: [G1Ergonomics (CSet Construction) finish choosing CSet, eden: 1757 regions, survivors: 19 regions, old: 0 regions, predicted pause time: 41.05 ms, target pause time: 100.00 ms]
, 0.0270970 secs]
   [Parallel Time: 12.9 ms, GC Workers: 18]
      [GC Worker Start (ms): Min: 740417.2, Avg: 740417.4, Max: 740417.5, Diff: 0.3]
      [Ext Root Scanning (ms): Min: 5.1, Avg: 6.2, Max: 7.0, Diff: 1.8, Sum: 112.1]
      [Update RS (ms): Min: 0.0, Avg: 0.6, Max: 2.0, Diff: 2.0, Sum: 11.1]
         [Processed Buffers: Min: 0, Avg: 6.8, Max: 15, Diff: 15, Sum: 122]
      [Scan RS (ms): Min: 0.5, Avg: 0.9, Max: 1.0, Diff: 0.5, Sum: 15.5]
      [Object Copy (ms): Min: 3.3, Avg: 4.5, Max: 5.2, Diff: 1.9, Sum: 81.9]
      [Termination (ms): Min: 0.0, Avg: 0.0, Max: 0.0, Diff: 0.0, Sum: 0.1]
      [GC Worker Other (ms): Min: 0.0, Avg: 0.2, Max: 0.4, Diff: 0.4, Sum: 4.1]
      [GC Worker Total (ms): Min: 12.3, Avg: 12.5, Max: 12.8, Diff: 0.5, Sum: 224.9]
      [GC Worker End (ms): Min: 740429.7, Avg: 740429.8, Max: 740430.0, Diff: 0.4]
   [Code Root Fixup: 0.7 ms]
   [Clear CT: 1.9 ms]
   [Other: 11.6 ms]
      [Choose CSet: 0.0 ms]
      [Ref Proc: 5.2 ms]
      [Ref Enq: 0.4 ms]
      [Free CSet: 5.5 ms]
   [Eden: 1757.0M(1757.0M)->0.0B(1766.0M) Survivors: 19.0M->14.0M Heap: 1981.3M(2252.0M)->220.1M(2252.0M)]
 [Times: user=0.28 sys=0.00, real=0.03 secs] 

 Concurrent RS processed 196580 cards
  Of 2189 completed buffers:
         2189 (100.0%) by conc RS threads.
            0 (  0.0%) by mutator threads.
  Conc RS threads times(s)
          0.00     0.00     0.00     0.00     0.00     0.00     0.00     0.00     0.00     0.00     0.00     0.00     0.00     0.00     0.00     0.00     0.00     0.00     0.00
  Total heap region rem set sizes = 6363K.  Max = 26K.
  Static structures = 369K, free_lists = 0K.
    209198 occupied cards represented.
    Max size region = 1455:(O)[0x00000007be300000,0x00000007be400000,0x00000007be400000], size = 27K, occupied = 81K.
    Did 0 coarsenings.
2014-08-01T09:08:47.053-0500: 747.496: [GC pause (young) 747.496: [G1Ergonomics (CSet Construction) start choosing CSet, _pending_cards: 5225, predicted base time: 21.22 ms, remaining time: 78.78 ms, target pause time: 100.00 ms]
 747.496: [G1Ergonomics (CSet Construction) add young regions to CSet, eden: 1766 regions, survivors: 14 regions, predicted young region time: 22.62 ms]
 747.496: [G1Ergonomics (CSet Construction) finish choosing CSet, eden: 1766 regions, survivors: 14 regions, old: 0 regions, predicted pause time: 43.84 ms, target pause time: 100.00 ms]
, 0.0314350 secs]
   [Parallel Time: 14.5 ms, GC Workers: 18]
      [GC Worker Start (ms): Min: 747496.2, Avg: 747496.4, Max: 747496.6, Diff: 0.3]
      [Ext Root Scanning (ms): Min: 5.1, Avg: 6.4, Max: 9.1, Diff: 4.0, Sum: 115.9]
      [Update RS (ms): Min: 0.0, Avg: 0.5, Max: 2.0, Diff: 2.0, Sum: 9.5]
         [Processed Buffers: Min: 0, Avg: 7.1, Max: 21, Diff: 21, Sum: 127]
      [Scan RS (ms): Min: 0.2, Avg: 0.8, Max: 1.0, Diff: 0.8, Sum: 15.1]
      [Object Copy (ms): Min: 4.4, Avg: 5.9, Max: 6.5, Diff: 2.0, Sum: 106.2]
      [Termination (ms): Min: 0.0, Avg: 0.0, Max: 0.1, Diff: 0.1, Sum: 0.6]
      [GC Worker Other (ms): Min: 0.1, Avg: 0.3, Max: 0.5, Diff: 0.4, Sum: 4.5]
      [GC Worker Total (ms): Min: 13.6, Avg: 14.0, Max: 14.3, Diff: 0.7, Sum: 251.7]
      [GC Worker End (ms): Min: 747510.2, Avg: 747510.4, Max: 747510.6, Diff: 0.4]
   [Code Root Fixup: 0.5 ms]
   [Clear CT: 2.0 ms]
   [Other: 14.4 ms]
      [Choose CSet: 0.0 ms]
      [Ref Proc: 8.3 ms]
      [Ref Enq: 0.4 ms]
      [Free CSet: 5.2 ms]
   [Eden: 1766.0M(1766.0M)->0.0B(1764.0M) Survivors: 14.0M->15.0M Heap: 1986.1M(2252.0M)->221.1M(2252.0M)]
 [Times: user=0.32 sys=0.02, real=0.03 secs] 

 Concurrent RS processed 197771 cards
  Of 2316 completed buffers:
         2316 (100.0%) by conc RS threads.
            0 (  0.0%) by mutator threads.
  Conc RS threads times(s)
          0.00     0.00     0.00     0.00     0.00     0.00     0.00     0.00     0.00     0.00     0.00     0.00     0.00     0.00     0.00     0.00     0.00     0.00     0.00
  Total heap region rem set sizes = 6366K.  Max = 26K.
  Static structures = 369K, free_lists = 0K.
    209282 occupied cards represented.
    Max size region = 1455:(O)[0x00000007be300000,0x00000007be400000,0x00000007be400000], size = 27K, occupied = 81K.
    Did 0 coarsenings.
2014-08-01T09:08:54.382-0500: 754.825: [GC pause (young) 754.825: [G1Ergonomics (CSet Construction) start choosing CSet, _pending_cards: 5231, predicted base time: 21.01 ms, remaining time: 78.99 ms, target pause time: 100.00 ms]
 754.825: [G1Ergonomics (CSet Construction) add young regions to CSet, eden: 1764 regions, survivors: 15 regions, predicted young region time: 15.44 ms]
 754.825: [G1Ergonomics (CSet Construction) finish choosing CSet, eden: 1764 regions, survivors: 15 regions, old: 0 regions, predicted pause time: 36.45 ms, target pause time: 100.00 ms]
, 0.0351470 secs]
   [Parallel Time: 20.3 ms, GC Workers: 18]
      [GC Worker Start (ms): Min: 754825.4, Avg: 754825.6, Max: 754825.7, Diff: 0.3]
      [Ext Root Scanning (ms): Min: 4.5, Avg: 6.2, Max: 9.0, Diff: 4.5, Sum: 112.3]
      [Update RS (ms): Min: 0.0, Avg: 0.5, Max: 2.4, Diff: 2.4, Sum: 8.9]
         [Processed Buffers: Min: 0, Avg: 7.2, Max: 39, Diff: 39, Sum: 130]
      [Scan RS (ms): Min: 0.3, Avg: 0.9, Max: 1.0, Diff: 0.7, Sum: 15.9]
      [Object Copy (ms): Min: 8.9, Avg: 10.8, Max: 11.2, Diff: 2.2, Sum: 193.5]
      [Termination (ms): Min: 0.1, Avg: 0.9, Max: 1.7, Diff: 1.6, Sum: 17.0]
      [GC Worker Other (ms): Min: 0.0, Avg: 0.4, Max: 0.7, Diff: 0.7, Sum: 6.6]
      [GC Worker Total (ms): Min: 19.2, Avg: 19.7, Max: 20.1, Diff: 0.9, Sum: 354.2]
      [GC Worker End (ms): Min: 754844.9, Avg: 754845.3, Max: 754845.6, Diff: 0.7]
   [Code Root Fixup: 0.4 ms]
   [Clear CT: 1.9 ms]
   [Other: 12.5 ms]
      [Choose CSet: 0.0 ms]
      [Ref Proc: 6.1 ms]
      [Ref Enq: 0.6 ms]
      [Free CSet: 5.1 ms]
   [Eden: 1764.0M(1764.0M)->0.0B(1746.0M) Survivors: 15.0M->24.0M Heap: 1985.1M(2252.0M)->230.1M(2252.0M)]
 [Times: user=0.41 sys=0.00, real=0.04 secs] 

 Concurrent RS processed 199010 cards
  Of 2446 completed buffers:
         2446 (100.0%) by conc RS threads.
            0 (  0.0%) by mutator threads.
  Conc RS threads times(s)
          0.00     0.00     0.00     0.00     0.00     0.00     0.00     0.00     0.00     0.00     0.00     0.00     0.00     0.00     0.00     0.00     0.00     0.00     0.00
  Total heap region rem set sizes = 6366K.  Max = 26K.
  Static structures = 369K, free_lists = 0K.
    209328 occupied cards represented.
    Max size region = 1455:(O)[0x00000007be300000,0x00000007be400000,0x00000007be400000], size = 27K, occupied = 81K.
    Did 0 coarsenings.
2014-08-01T09:09:01.061-0500: 761.504: [GC pause (young) 761.505: [G1Ergonomics (CSet Construction) start choosing CSet, _pending_cards: 5245, predicted base time: 20.20 ms, remaining time: 79.80 ms, target pause time: 100.00 ms]
 761.505: [G1Ergonomics (CSet Construction) add young regions to CSet, eden: 1746 regions, survivors: 24 regions, predicted young region time: 21.59 ms]
 761.505: [G1Ergonomics (CSet Construction) finish choosing CSet, eden: 1746 regions, survivors: 24 regions, old: 0 regions, predicted pause time: 41.79 ms, target pause time: 100.00 ms]
, 0.0281350 secs]
   [Parallel Time: 13.6 ms, GC Workers: 18]
      [GC Worker Start (ms): Min: 761504.8, Avg: 761505.0, Max: 761505.1, Diff: 0.3]
      [Ext Root Scanning (ms): Min: 5.6, Avg: 6.4, Max: 9.2, Diff: 3.5, Sum: 115.5]
      [Update RS (ms): Min: 0.0, Avg: 0.5, Max: 1.7, Diff: 1.7, Sum: 9.7]
         [Processed Buffers: Min: 0, Avg: 7.3, Max: 24, Diff: 24, Sum: 132]
      [Scan RS (ms): Min: 0.2, Avg: 0.9, Max: 1.1, Diff: 0.8, Sum: 15.5]
      [Object Copy (ms): Min: 3.6, Avg: 5.1, Max: 5.8, Diff: 2.2, Sum: 92.3]
      [Termination (ms): Min: 0.0, Avg: 0.0, Max: 0.0, Diff: 0.0, Sum: 0.1]
      [GC Worker Other (ms): Min: 0.1, Avg: 0.2, Max: 0.4, Diff: 0.3, Sum: 3.7]
      [GC Worker Total (ms): Min: 13.0, Avg: 13.2, Max: 13.4, Diff: 0.4, Sum: 236.9]
      [GC Worker End (ms): Min: 761518.0, Avg: 761518.1, Max: 761518.3, Diff: 0.3]
   [Code Root Fixup: 0.4 ms]
   [Clear CT: 1.8 ms]
   [Other: 12.4 ms]
      [Choose CSet: 0.0 ms]
      [Ref Proc: 5.4 ms]
      [Ref Enq: 0.5 ms]
      [Free CSet: 5.9 ms]
   [Eden: 1746.0M(1746.0M)->0.0B(1761.0M) Survivors: 24.0M->16.0M Heap: 1976.1M(2252.0M)->222.6M(2252.0M)]
 [Times: user=0.29 sys=0.00, real=0.03 secs] 

 Concurrent RS processed 200159 cards
  Of 2578 completed buffers:
         2578 (100.0%) by conc RS threads.
            0 (  0.0%) by mutator threads.
  Conc RS threads times(s)
          0.00     0.00     0.00     0.00     0.00     0.00     0.00     0.00     0.00     0.00     0.00     0.00     0.00     0.00     0.00     0.00     0.00     0.00     0.00
  Total heap region rem set sizes = 6367K.  Max = 26K.
  Static structures = 369K, free_lists = 0K.
    209365 occupied cards represented.
    Max size region = 1455:(O)[0x00000007be300000,0x00000007be400000,0x00000007be400000], size = 27K, occupied = 81K.
    Did 0 coarsenings.
2014-08-01T09:09:07.849-0500: 768.292: [GC pause (young) 768.293: [G1Ergonomics (CSet Construction) start choosing CSet, _pending_cards: 5237, predicted base time: 19.30 ms, remaining time: 80.70 ms, target pause time: 100.00 ms]
 768.293: [G1Ergonomics (CSet Construction) add young regions to CSet, eden: 1761 regions, survivors: 16 regions, predicted young region time: 21.16 ms]
 768.293: [G1Ergonomics (CSet Construction) finish choosing CSet, eden: 1761 regions, survivors: 16 regions, old: 0 regions, predicted pause time: 40.46 ms, target pause time: 100.00 ms]
, 0.0306760 secs]
   [Parallel Time: 14.0 ms, GC Workers: 18]
      [GC Worker Start (ms): Min: 768292.8, Avg: 768293.0, Max: 768293.2, Diff: 0.3]
      [Ext Root Scanning (ms): Min: 4.5, Avg: 6.4, Max: 9.1, Diff: 4.6, Sum: 114.8]
      [Update RS (ms): Min: 0.0, Avg: 0.6, Max: 3.0, Diff: 3.0, Sum: 10.5]
         [Processed Buffers: Min: 0, Avg: 6.8, Max: 23, Diff: 23, Sum: 123]
      [Scan RS (ms): Min: 0.2, Avg: 0.8, Max: 1.0, Diff: 0.8, Sum: 14.7]
      [Object Copy (ms): Min: 3.7, Avg: 5.4, Max: 5.8, Diff: 2.1, Sum: 97.0]
      [Termination (ms): Min: 0.0, Avg: 0.0, Max: 0.0, Diff: 0.0, Sum: 0.3]
      [GC Worker Other (ms): Min: 0.0, Avg: 0.2, Max: 0.4, Diff: 0.4, Sum: 4.4]
      [GC Worker Total (ms): Min: 13.2, Avg: 13.4, Max: 13.6, Diff: 0.4, Sum: 241.7]
      [GC Worker End (ms): Min: 768306.2, Avg: 768306.4, Max: 768306.6, Diff: 0.4]
   [Code Root Fixup: 0.2 ms]
   [Clear CT: 2.0 ms]
   [Other: 14.5 ms]
      [Choose CSet: 0.0 ms]
      [Ref Proc: 7.8 ms]
      [Ref Enq: 0.4 ms]
      [Free CSet: 5.6 ms]
   [Eden: 1761.0M(1761.0M)->0.0B(1764.0M) Survivors: 16.0M->14.0M Heap: 1983.6M(2252.0M)->221.2M(2252.0M)]
 [Times: user=0.31 sys=0.01, real=0.03 secs] 

 Concurrent RS processed 201539 cards
  Of 2701 completed buffers:
         2701 (100.0%) by conc RS threads.
            0 (  0.0%) by mutator threads.
  Conc RS threads times(s)
          0.00     0.00     0.00     0.00     0.00     0.00     0.00     0.00     0.00     0.00     0.00     0.00     0.00     0.00     0.00     0.00     0.00     0.00     0.00
  Total heap region rem set sizes = 6373K.  Max = 27K.
  Static structures = 369K, free_lists = 0K.
    209915 occupied cards represented.
    Max size region = 1455:(O)[0x00000007be300000,0x00000007be400000,0x00000007be400000], size = 28K, occupied = 82K.
    Did 0 coarsenings.
2014-08-01T09:09:15.096-0500: 775.539: [GC pause (young) 775.539: [G1Ergonomics (CSet Construction) start choosing CSet, _pending_cards: 5372, predicted base time: 19.36 ms, remaining time: 80.64 ms, target pause time: 100.00 ms]
 775.539: [G1Ergonomics (CSet Construction) add young regions to CSet, eden: 1764 regions, survivors: 14 regions, predicted young region time: 22.59 ms]
 775.539: [G1Ergonomics (CSet Construction) finish choosing CSet, eden: 1764 regions, survivors: 14 regions, old: 0 regions, predicted pause time: 41.95 ms, target pause time: 100.00 ms]
, 0.0305610 secs]
   [Parallel Time: 14.0 ms, GC Workers: 18]
      [GC Worker Start (ms): Min: 775539.7, Avg: 775539.8, Max: 775540.0, Diff: 0.3]
      [Ext Root Scanning (ms): Min: 5.9, Avg: 6.7, Max: 8.7, Diff: 2.8, Sum: 119.9]
      [Update RS (ms): Min: 0.0, Avg: 0.7, Max: 1.4, Diff: 1.4, Sum: 11.8]
         [Processed Buffers: Min: 0, Avg: 7.4, Max: 16, Diff: 16, Sum: 133]
      [Scan RS (ms): Min: 0.2, Avg: 0.9, Max: 1.1, Diff: 0.8, Sum: 15.5]
      [Object Copy (ms): Min: 3.9, Avg: 5.1, Max: 5.5, Diff: 1.5, Sum: 91.1]
      [Termination (ms): Min: 0.0, Avg: 0.0, Max: 0.0, Diff: 0.0, Sum: 0.1]
      [GC Worker Other (ms): Min: 0.1, Avg: 0.2, Max: 0.4, Diff: 0.3, Sum: 4.0]
      [GC Worker Total (ms): Min: 13.2, Avg: 13.5, Max: 13.7, Diff: 0.5, Sum: 242.3]
      [GC Worker End (ms): Min: 775553.1, Avg: 775553.3, Max: 775553.5, Diff: 0.3]
   [Code Root Fixup: 0.1 ms]
   [Clear CT: 2.0 ms]
   [Other: 14.5 ms]
      [Choose CSet: 0.0 ms]
      [Ref Proc: 8.3 ms]
      [Ref Enq: 0.4 ms]
      [Free CSet: 5.2 ms]
   [Eden: 1764.0M(1764.0M)->0.0B(1764.0M) Survivors: 14.0M->14.0M Heap: 1985.2M(2252.0M)->221.7M(2252.0M)]
 [Times: user=0.35 sys=0.00, real=0.04 secs] 

 Concurrent RS processed 202879 cards
  Of 2834 completed buffers:
         2834 (100.0%) by conc RS threads.
            0 (  0.0%) by mutator threads.
  Conc RS threads times(s)
          0.00     0.00     0.00     0.00     0.00     0.00     0.00     0.00     0.00     0.00     0.00     0.00     0.00     0.00     0.00     0.00     0.00     0.00     0.00
  Total heap region rem set sizes = 6376K.  Max = 27K.
  Static structures = 369K, free_lists = 0K.
    210164 occupied cards represented.
    Max size region = 1455:(O)[0x00000007be300000,0x00000007be400000,0x00000007be400000], size = 28K, occupied = 82K.
    Did 0 coarsenings.
2014-08-01T09:09:22.382-0500: 782.826: [GC pause (young) 782.826: [G1Ergonomics (CSet Construction) start choosing CSet, _pending_cards: 5252, predicted base time: 19.53 ms, remaining time: 80.47 ms, target pause time: 100.00 ms]
 782.826: [G1Ergonomics (CSet Construction) add young regions to CSet, eden: 1764 regions, survivors: 14 regions, predicted young region time: 10.96 ms]
 782.826: [G1Ergonomics (CSet Construction) finish choosing CSet, eden: 1764 regions, survivors: 14 regions, old: 0 regions, predicted pause time: 30.49 ms, target pause time: 100.00 ms]
, 0.0285840 secs]
   [Parallel Time: 14.3 ms, GC Workers: 18]
      [GC Worker Start (ms): Min: 782826.0, Avg: 782826.2, Max: 782826.3, Diff: 0.3]
      [Ext Root Scanning (ms): Min: 5.6, Avg: 6.5, Max: 8.7, Diff: 3.1, Sum: 117.0]
      [Update RS (ms): Min: 0.0, Avg: 0.6, Max: 1.3, Diff: 1.3, Sum: 10.9]
         [Processed Buffers: Min: 0, Avg: 7.2, Max: 20, Diff: 20, Sum: 129]
      [Scan RS (ms): Min: 0.2, Avg: 0.8, Max: 1.0, Diff: 0.8, Sum: 14.8]
      [Object Copy (ms): Min: 4.3, Avg: 5.5, Max: 5.9, Diff: 1.6, Sum: 98.8]
      [Termination (ms): Min: 0.0, Avg: 0.1, Max: 0.2, Diff: 0.2, Sum: 2.1]
      [GC Worker Other (ms): Min: 0.0, Avg: 0.2, Max: 0.4, Diff: 0.3, Sum: 4.0]
      [GC Worker Total (ms): Min: 13.5, Avg: 13.8, Max: 14.0, Diff: 0.5, Sum: 247.6]
      [GC Worker End (ms): Min: 782839.7, Avg: 782839.9, Max: 782840.1, Diff: 0.4]
   [Code Root Fixup: 0.1 ms]
   [Clear CT: 2.0 ms]
   [Other: 12.2 ms]
      [Choose CSet: 0.0 ms]
      [Ref Proc: 6.5 ms]
      [Ref Enq: 0.4 ms]
      [Free CSet: 4.7 ms]
   [Eden: 1764.0M(1764.0M)->0.0B(1770.0M) Survivors: 14.0M->11.0M Heap: 1985.7M(2252.0M)->219.3M(2252.0M)]
 [Times: user=0.32 sys=0.00, real=0.03 secs] 

 Concurrent RS processed 203939 cards
  Of 2963 completed buffers:
         2963 (100.0%) by conc RS threads.
            0 (  0.0%) by mutator threads.
  Conc RS threads times(s)
          0.00     0.00     0.00     0.00     0.00     0.00     0.00     0.00     0.00     0.00     0.00     0.00     0.00     0.00     0.00     0.00     0.00     0.00     0.00
  Total heap region rem set sizes = 6377K.  Max = 27K.
  Static structures = 369K, free_lists = 0K.
    210206 occupied cards represented.
    Max size region = 1455:(O)[0x00000007be300000,0x00000007be400000,0x00000007be400000], size = 28K, occupied = 82K.
    Did 0 coarsenings.
2014-08-01T09:09:29.740-0500: 790.183: [GC pause (young) 790.183: [G1Ergonomics (CSet Construction) start choosing CSet, _pending_cards: 5256, predicted base time: 19.05 ms, remaining time: 80.95 ms, target pause time: 100.00 ms]
 790.183: [G1Ergonomics (CSet Construction) add young regions to CSet, eden: 1770 regions, survivors: 11 regions, predicted young region time: 18.27 ms]
 790.183: [G1Ergonomics (CSet Construction) finish choosing CSet, eden: 1770 regions, survivors: 11 regions, old: 0 regions, predicted pause time: 37.32 ms, target pause time: 100.00 ms]
, 0.0323850 secs]
   [Parallel Time: 18.0 ms, GC Workers: 18]
      [GC Worker Start (ms): Min: 790183.5, Avg: 790183.7, Max: 790183.8, Diff: 0.3]
      [Ext Root Scanning (ms): Min: 6.3, Avg: 7.9, Max: 11.0, Diff: 4.6, Sum: 142.6]
      [Update RS (ms): Min: 0.0, Avg: 0.5, Max: 1.4, Diff: 1.4, Sum: 9.4]
         [Processed Buffers: Min: 0, Avg: 7.2, Max: 21, Diff: 21, Sum: 130]
      [Scan RS (ms): Min: 0.2, Avg: 0.7, Max: 1.1, Diff: 0.9, Sum: 12.6]
      [Object Copy (ms): Min: 3.6, Avg: 5.8, Max: 8.7, Diff: 5.1, Sum: 104.1]
      [Termination (ms): Min: 0.0, Avg: 2.3, Max: 2.5, Diff: 2.5, Sum: 41.5]
      [GC Worker Other (ms): Min: 0.0, Avg: 0.3, Max: 0.5, Diff: 0.4, Sum: 4.7]
      [GC Worker Total (ms): Min: 17.2, Avg: 17.5, Max: 17.8, Diff: 0.6, Sum: 314.9]
      [GC Worker End (ms): Min: 790200.9, Avg: 790201.1, Max: 790201.3, Diff: 0.4]
   [Code Root Fixup: 0.2 ms]
   [Clear CT: 2.2 ms]
   [Other: 12.1 ms]
      [Choose CSet: 0.0 ms]
      [Ref Proc: 6.3 ms]
      [Ref Enq: 0.5 ms]
      [Free CSet: 4.7 ms]
   [Eden: 1770.0M(1770.0M)->0.0B(1742.0M) Survivors: 11.0M->25.0M Heap: 1989.3M(2252.0M)->232.7M(2252.0M)]
 [Times: user=0.35 sys=0.01, real=0.03 secs] 

 Concurrent RS processed 205096 cards
  Of 3093 completed buffers:
         3093 (100.0%) by conc RS threads.
            0 (  0.0%) by mutator threads.
  Conc RS threads times(s)
          0.00     0.00     0.00     0.00     0.00     0.00     0.00     0.00     0.00     0.00     0.00     0.00     0.00     0.00     0.00     0.00     0.00     0.00     0.00
  Total heap region rem set sizes = 6380K.  Max = 27K.
  Static structures = 369K, free_lists = 0K.
    210256 occupied cards represented.
    Max size region = 1455:(O)[0x00000007be300000,0x00000007be400000,0x00000007be400000], size = 28K, occupied = 82K.
    Did 0 coarsenings.
2014-08-01T09:09:36.997-0500: 797.440: [GC pause (young) 797.440: [G1Ergonomics (CSet Construction) start choosing CSet, _pending_cards: 5306, predicted base time: 19.13 ms, remaining time: 80.87 ms, target pause time: 100.00 ms]
 797.440: [G1Ergonomics (CSet Construction) add young regions to CSet, eden: 1742 regions, survivors: 25 regions, predicted young region time: 17.94 ms]
 797.440: [G1Ergonomics (CSet Construction) finish choosing CSet, eden: 1742 regions, survivors: 25 regions, old: 0 regions, predicted pause time: 37.06 ms, target pause time: 100.00 ms]
, 0.0313060 secs]
   [Parallel Time: 18.3 ms, GC Workers: 18]
      [GC Worker Start (ms): Min: 797440.3, Avg: 797440.4, Max: 797440.6, Diff: 0.3]
      [Ext Root Scanning (ms): Min: 5.8, Avg: 6.7, Max: 11.3, Diff: 5.5, Sum: 120.1]
      [Update RS (ms): Min: 0.0, Avg: 0.5, Max: 1.1, Diff: 1.1, Sum: 9.6]
         [Processed Buffers: Min: 0, Avg: 7.9, Max: 15, Diff: 15, Sum: 143]
      [Scan RS (ms): Min: 0.3, Avg: 0.8, Max: 1.0, Diff: 0.7, Sum: 14.9]
      [Object Copy (ms): Min: 2.6, Avg: 6.2, Max: 9.8, Diff: 7.2, Sum: 110.8]
      [Termination (ms): Min: 0.0, Avg: 3.4, Max: 3.6, Diff: 3.6, Sum: 60.9]
      [GC Worker Other (ms): Min: 0.0, Avg: 0.2, Max: 0.3, Diff: 0.3, Sum: 3.3]
      [GC Worker Total (ms): Min: 17.5, Avg: 17.8, Max: 18.0, Diff: 0.5, Sum: 319.7]
      [GC Worker End (ms): Min: 797458.0, Avg: 797458.2, Max: 797458.3, Diff: 0.3]
   [Code Root Fixup: 0.2 ms]
   [Clear CT: 1.6 ms]
   [Other: 11.2 ms]
      [Choose CSet: 0.0 ms]
      [Ref Proc: 5.2 ms]
      [Ref Enq: 0.5 ms]
      [Free CSet: 4.9 ms]
   [Eden: 1742.0M(1742.0M)->0.0B(1758.0M) Survivors: 25.0M->17.0M Heap: 1974.7M(2252.0M)->224.9M(2252.0M)]
 [Times: user=0.35 sys=0.01, real=0.03 secs] 

 Concurrent RS processed 206138 cards
  Of 3236 completed buffers:
         3236 (100.0%) by conc RS threads.
            0 (  0.0%) by mutator threads.
  Conc RS threads times(s)
          0.00     0.00     0.00     0.00     0.00     0.00     0.00     0.00     0.00     0.00     0.00     0.00     0.00     0.00     0.00     0.00     0.00     0.00     0.00
  Total heap region rem set sizes = 6381K.  Max = 27K.
  Static structures = 369K, free_lists = 0K.
    210301 occupied cards represented.
    Max size region = 1455:(O)[0x00000007be300000,0x00000007be400000,0x00000007be400000], size = 28K, occupied = 82K.
    Did 0 coarsenings.
2014-08-01T09:09:44.511-0500: 804.954: [GC pause (young) 804.954: [G1Ergonomics (CSet Construction) start choosing CSet, _pending_cards: 5262, predicted base time: 18.45 ms, remaining time: 81.55 ms, target pause time: 100.00 ms]
 804.954: [G1Ergonomics (CSet Construction) add young regions to CSet, eden: 1758 regions, survivors: 17 regions, predicted young region time: 17.28 ms]
 804.955: [G1Ergonomics (CSet Construction) finish choosing CSet, eden: 1758 regions, survivors: 17 regions, old: 0 regions, predicted pause time: 35.72 ms, target pause time: 100.00 ms]
, 0.0280320 secs]
   [Parallel Time: 13.9 ms, GC Workers: 18]
      [GC Worker Start (ms): Min: 804954.7, Avg: 804954.9, Max: 804955.0, Diff: 0.3]
      [Ext Root Scanning (ms): Min: 4.6, Avg: 6.3, Max: 8.7, Diff: 4.1, Sum: 112.5]
      [Update RS (ms): Min: 0.0, Avg: 0.4, Max: 2.5, Diff: 2.5, Sum: 8.1]
         [Processed Buffers: Min: 0, Avg: 7.5, Max: 40, Diff: 40, Sum: 135]
      [Scan RS (ms): Min: 0.2, Avg: 0.9, Max: 1.0, Diff: 0.8, Sum: 15.5]
      [Object Copy (ms): Min: 4.0, Avg: 5.4, Max: 6.1, Diff: 2.2, Sum: 96.3]
      [Termination (ms): Min: 0.0, Avg: 0.0, Max: 0.0, Diff: 0.0, Sum: 0.2]
      [GC Worker Other (ms): Min: 0.0, Avg: 0.5, Max: 0.8, Diff: 0.7, Sum: 8.4]
      [GC Worker Total (ms): Min: 12.9, Avg: 13.4, Max: 13.8, Diff: 0.9, Sum: 241.1]
      [GC Worker End (ms): Min: 804967.8, Avg: 804968.3, Max: 804968.6, Diff: 0.8]
   [Code Root Fixup: 0.1 ms]
   [Clear CT: 2.0 ms]
   [Other: 11.9 ms]
      [Choose CSet: 0.0 ms]
      [Ref Proc: 5.5 ms]
      [Ref Enq: 0.7 ms]
      [Free CSet: 5.1 ms]
   [Eden: 1758.0M(1758.0M)->0.0B(1764.0M) Survivors: 17.0M->14.0M Heap: 1982.9M(2252.0M)->222.2M(2252.0M)]
 [Times: user=0.29 sys=0.01, real=0.02 secs] 

 Concurrent RS processed 207326 cards
  Of 3371 completed buffers:
         3371 (100.0%) by conc RS threads.
            0 (  0.0%) by mutator threads.
  Conc RS threads times(s)
          0.00     0.00     0.00     0.00     0.00     0.00     0.00     0.00     0.00     0.00     0.00     0.00     0.00     0.00     0.00     0.00     0.00     0.00     0.00
  Total heap region rem set sizes = 6381K.  Max = 27K.
  Static structures = 369K, free_lists = 0K.
    210344 occupied cards represented.
    Max size region = 1455:(O)[0x00000007be300000,0x00000007be400000,0x00000007be400000], size = 28K, occupied = 82K.
    Did 0 coarsenings.
2014-08-01T09:09:51.848-0500: 812.292: [GC pause (young) 812.292: [G1Ergonomics (CSet Construction) start choosing CSet, _pending_cards: 5249, predicted base time: 18.01 ms, remaining time: 81.99 ms, target pause time: 100.00 ms]
 812.292: [G1Ergonomics (CSet Construction) add young regions to CSet, eden: 1764 regions, survivors: 14 regions, predicted young region time: 15.56 ms]
 812.292: [G1Ergonomics (CSet Construction) finish choosing CSet, eden: 1764 regions, survivors: 14 regions, old: 0 regions, predicted pause time: 33.58 ms, target pause time: 100.00 ms]
, 0.0307060 secs]
   [Parallel Time: 15.6 ms, GC Workers: 18]
      [GC Worker Start (ms): Min: 812291.9, Avg: 812292.1, Max: 812292.2, Diff: 0.3]
      [Ext Root Scanning (ms): Min: 4.7, Avg: 6.4, Max: 9.0, Diff: 4.3, Sum: 115.6]
      [Update RS (ms): Min: 0.0, Avg: 0.5, Max: 2.2, Diff: 2.2, Sum: 9.0]
         [Processed Buffers: Min: 0, Avg: 7.4, Max: 24, Diff: 24, Sum: 133]
      [Scan RS (ms): Min: 0.2, Avg: 0.8, Max: 1.0, Diff: 0.8, Sum: 15.1]
      [Object Copy (ms): Min: 5.5, Avg: 7.0, Max: 8.1, Diff: 2.6, Sum: 126.4]
      [Termination (ms): Min: 0.0, Avg: 0.0, Max: 0.0, Diff: 0.0, Sum: 0.4]
      [GC Worker Other (ms): Min: 0.0, Avg: 0.2, Max: 0.5, Diff: 0.4, Sum: 4.4]
      [GC Worker Total (ms): Min: 14.7, Avg: 15.1, Max: 15.3, Diff: 0.6, Sum: 271.0]
      [GC Worker End (ms): Min: 812306.9, Avg: 812307.1, Max: 812307.4, Diff: 0.4]
   [Code Root Fixup: 0.3 ms]
   [Clear CT: 1.9 ms]
   [Other: 12.9 ms]
      [Choose CSet: 0.0 ms]
      [Ref Proc: 7.2 ms]
      [Ref Enq: 0.4 ms]
      [Free CSet: 4.8 ms]
   [Eden: 1764.0M(1764.0M)->0.0B(1768.0M) Survivors: 14.0M->12.0M Heap: 1986.2M(2252.0M)->219.9M(2252.0M)]
 [Times: user=0.33 sys=0.00, real=0.03 secs] 

 Concurrent RS processed 208498 cards
  Of 3504 completed buffers:
         3504 (100.0%) by conc RS threads.
            0 (  0.0%) by mutator threads.
  Conc RS threads times(s)
          0.00     0.00     0.00     0.00     0.00     0.00     0.00     0.00     0.00     0.00     0.00     0.00     0.00     0.00     0.00     0.00     0.00     0.00     0.00
  Total heap region rem set sizes = 6381K.  Max = 27K.
  Static structures = 369K, free_lists = 0K.
    210377 occupied cards represented.
    Max size region = 1455:(O)[0x00000007be300000,0x00000007be400000,0x00000007be400000], size = 28K, occupied = 82K.
    Did 0 coarsenings.
2014-08-01T09:09:59.430-0500: 819.874: [GC pause (young) 819.874: [G1Ergonomics (CSet Construction) start choosing CSet, _pending_cards: 5253, predicted base time: 18.10 ms, remaining time: 81.90 ms, target pause time: 100.00 ms]
 819.874: [G1Ergonomics (CSet Construction) add young regions to CSet, eden: 1768 regions, survivors: 12 regions, predicted young region time: 10.28 ms]
 819.874: [G1Ergonomics (CSet Construction) finish choosing CSet, eden: 1768 regions, survivors: 12 regions, old: 0 regions, predicted pause time: 28.39 ms, target pause time: 100.00 ms]
, 0.0334460 secs]
   [Parallel Time: 19.1 ms, GC Workers: 18]
      [GC Worker Start (ms): Min: 819874.2, Avg: 819874.3, Max: 819874.5, Diff: 0.4]
      [Ext Root Scanning (ms): Min: 5.1, Avg: 6.6, Max: 9.1, Diff: 4.1, Sum: 118.5]
      [Update RS (ms): Min: 0.0, Avg: 0.8, Max: 2.6, Diff: 2.6, Sum: 15.2]
         [Processed Buffers: Min: 0, Avg: 7.2, Max: 14, Diff: 14, Sum: 129]
      [Scan RS (ms): Min: 0.2, Avg: 0.8, Max: 1.0, Diff: 0.8, Sum: 14.8]
      [Object Copy (ms): Min: 8.8, Avg: 9.9, Max: 10.3, Diff: 1.5, Sum: 178.3]
      [Termination (ms): Min: 0.0, Avg: 0.1, Max: 0.2, Diff: 0.2, Sum: 2.2]
      [GC Worker Other (ms): Min: 0.0, Avg: 0.2, Max: 0.4, Diff: 0.4, Sum: 4.2]
      [GC Worker Total (ms): Min: 18.1, Avg: 18.5, Max: 18.8, Diff: 0.7, Sum: 333.2]
      [GC Worker End (ms): Min: 819892.7, Avg: 819892.8, Max: 819893.0, Diff: 0.4]
   [Code Root Fixup: 0.2 ms]
   [Clear CT: 1.9 ms]
   [Other: 12.2 ms]
      [Choose CSet: 0.0 ms]
      [Ref Proc: 5.9 ms]
      [Ref Enq: 0.6 ms]
      [Free CSet: 5.0 ms]
   [Eden: 1768.0M(1768.0M)->0.0B(1749.0M) Survivors: 12.0M->21.0M Heap: 1987.9M(2252.0M)->229.6M(2252.0M)]
 [Times: user=0.39 sys=0.01, real=0.04 secs] 

 Concurrent RS processed 209762 cards
  Of 3633 completed buffers:
         3633 (100.0%) by conc RS threads.
            0 (  0.0%) by mutator threads.
  Conc RS threads times(s)
          0.00     0.00     0.00     0.00     0.00     0.00     0.00     0.00     0.00     0.00     0.00     0.00     0.00     0.00     0.00     0.00     0.00     0.00     0.00
  Total heap region rem set sizes = 6383K.  Max = 27K.
  Static structures = 369K, free_lists = 0K.
    210413 occupied cards represented.
    Max size region = 1455:(O)[0x00000007be300000,0x00000007be400000,0x00000007be400000], size = 28K, occupied = 82K.
    Did 0 coarsenings.
2014-08-01T09:10:06.520-0500: 826.963: [GC pause (young) 826.963: [G1Ergonomics (CSet Construction) start choosing CSet, _pending_cards: 5263, predicted base time: 17.99 ms, remaining time: 82.01 ms, target pause time: 100.00 ms]
 826.963: [G1Ergonomics (CSet Construction) add young regions to CSet, eden: 1749 regions, survivors: 21 regions, predicted young region time: 15.99 ms]
 826.963: [G1Ergonomics (CSet Construction) finish choosing CSet, eden: 1749 regions, survivors: 21 regions, old: 0 regions, predicted pause time: 33.98 ms, target pause time: 100.00 ms]
, 0.0334970 secs]
   [Parallel Time: 18.0 ms, GC Workers: 18]
      [GC Worker Start (ms): Min: 826963.6, Avg: 826963.8, Max: 826963.9, Diff: 0.3]
      [Ext Root Scanning (ms): Min: 5.5, Avg: 6.5, Max: 8.8, Diff: 3.3, Sum: 116.4]
      [Update RS (ms): Min: 0.0, Avg: 1.2, Max: 2.2, Diff: 2.2, Sum: 20.8]
         [Processed Buffers: Min: 0, Avg: 7.4, Max: 25, Diff: 25, Sum: 133]
      [Scan RS (ms): Min: 0.4, Avg: 0.9, Max: 1.0, Diff: 0.6, Sum: 15.6]
      [Object Copy (ms): Min: 7.5, Avg: 8.7, Max: 9.3, Diff: 1.8, Sum: 155.8]
      [Termination (ms): Min: 0.0, Avg: 0.2, Max: 0.2, Diff: 0.2, Sum: 3.2]
      [GC Worker Other (ms): Min: 0.0, Avg: 0.2, Max: 0.4, Diff: 0.4, Sum: 4.2]
      [GC Worker Total (ms): Min: 17.3, Avg: 17.6, Max: 17.8, Diff: 0.5, Sum: 316.0]
      [GC Worker End (ms): Min: 826981.1, Avg: 826981.3, Max: 826981.5, Diff: 0.4]
   [Code Root Fixup: 0.0 ms]
   [Clear CT: 2.0 ms]
   [Other: 13.5 ms]
      [Choose CSet: 0.0 ms]
      [Ref Proc: 5.4 ms]
      [Ref Enq: 1.0 ms]
      [Free CSet: 6.5 ms]
   [Eden: 1749.0M(1749.0M)->0.0B(1765.0M) Survivors: 21.0M->13.0M Heap: 1978.6M(2252.0M)->221.9M(2252.0M)]
 [Times: user=0.38 sys=0.00, real=0.04 secs] 

 Concurrent RS processed 211744 cards
  Of 3766 completed buffers:
         3766 (100.0%) by conc RS threads.
            0 (  0.0%) by mutator threads.
  Conc RS threads times(s)
          0.00     0.00     0.00     0.00     0.00     0.00     0.00     0.00     0.00     0.00     0.00     0.00     0.00     0.00     0.00     0.00     0.00     0.00     0.00
  Total heap region rem set sizes = 6403K.  Max = 27K.
  Static structures = 369K, free_lists = 0K.
    212296 occupied cards represented.
    Max size region = 1455:(O)[0x00000007be300000,0x00000007be400000,0x00000007be400000], size = 28K, occupied = 82K.
    Did 0 coarsenings.
2014-08-01T09:10:13.534-0500: 833.977: [GC pause (young) 833.977: [G1Ergonomics (CSet Construction) start choosing CSet, _pending_cards: 5344, predicted base time: 17.90 ms, remaining time: 82.10 ms, target pause time: 100.00 ms]
 833.977: [G1Ergonomics (CSet Construction) add young regions to CSet, eden: 1765 regions, survivors: 13 regions, predicted young region time: 25.49 ms]
 833.977: [G1Ergonomics (CSet Construction) finish choosing CSet, eden: 1765 regions, survivors: 13 regions, old: 0 regions, predicted pause time: 43.39 ms, target pause time: 100.00 ms]
, 0.0202300 secs]
   [Parallel Time: 9.2 ms, GC Workers: 18]
      [GC Worker Start (ms): Min: 833977.6, Avg: 833977.7, Max: 833977.8, Diff: 0.2]
      [Ext Root Scanning (ms): Min: 3.6, Avg: 4.4, Max: 7.0, Diff: 3.4, Sum: 78.8]
      [Update RS (ms): Min: 0.0, Avg: 0.4, Max: 1.0, Diff: 1.0, Sum: 7.6]
         [Processed Buffers: Min: 0, Avg: 7.3, Max: 21, Diff: 21, Sum: 131]
      [Scan RS (ms): Min: 0.1, Avg: 0.5, Max: 0.8, Diff: 0.7, Sum: 9.4]
      [Object Copy (ms): Min: 1.5, Avg: 3.3, Max: 3.7, Diff: 2.2, Sum: 59.7]
      [Termination (ms): Min: 0.0, Avg: 0.0, Max: 0.0, Diff: 0.0, Sum: 0.4]
      [GC Worker Other (ms): Min: 0.0, Avg: 0.2, Max: 0.3, Diff: 0.3, Sum: 3.1]
      [GC Worker Total (ms): Min: 8.7, Avg: 8.8, Max: 9.0, Diff: 0.3, Sum: 158.9]
      [GC Worker End (ms): Min: 833986.4, Avg: 833986.6, Max: 833986.7, Diff: 0.3]
   [Code Root Fixup: 0.0 ms]
   [Clear CT: 1.4 ms]
   [Other: 9.6 ms]
      [Choose CSet: 0.0 ms]
      [Ref Proc: 4.2 ms]
      [Ref Enq: 0.3 ms]
      [Free CSet: 4.5 ms]
   [Eden: 1765.0M(1765.0M)->0.0B(1769.0M) Survivors: 13.0M->11.0M Heap: 1986.9M(2252.0M)->219.7M(2252.0M)]
 [Times: user=0.20 sys=0.01, real=0.03 secs] 

 Concurrent RS processed 213039 cards
  Of 3897 completed buffers:
         3897 (100.0%) by conc RS threads.
            0 (  0.0%) by mutator threads.
  Conc RS threads times(s)
          0.00     0.00     0.00     0.00     0.00     0.00     0.00     0.00     0.00     0.00     0.00     0.00     0.00     0.00     0.00     0.00     0.00     0.00     0.00
  Total heap region rem set sizes = 6403K.  Max = 27K.
  Static structures = 369K, free_lists = 0K.
    212434 occupied cards represented.
    Max size region = 1455:(O)[0x00000007be300000,0x00000007be400000,0x00000007be400000], size = 28K, occupied = 82K.
    Did 0 coarsenings.
2014-08-01T09:10:21.040-0500: 841.483: [GC pause (young) 841.483: [G1Ergonomics (CSet Construction) start choosing CSet, _pending_cards: 5255, predicted base time: 16.86 ms, remaining time: 83.14 ms, target pause time: 100.00 ms]
 841.484: [G1Ergonomics (CSet Construction) add young regions to CSet, eden: 1769 regions, survivors: 11 regions, predicted young region time: 16.61 ms]
 841.484: [G1Ergonomics (CSet Construction) finish choosing CSet, eden: 1769 regions, survivors: 11 regions, old: 0 regions, predicted pause time: 33.46 ms, target pause time: 100.00 ms]
, 0.0316300 secs]
   [Parallel Time: 15.8 ms, GC Workers: 18]
      [GC Worker Start (ms): Min: 841483.7, Avg: 841483.9, Max: 841484.0, Diff: 0.3]
      [Ext Root Scanning (ms): Min: 5.8, Avg: 6.5, Max: 8.1, Diff: 2.3, Sum: 116.5]
      [Update RS (ms): Min: 0.0, Avg: 0.7, Max: 1.3, Diff: 1.3, Sum: 12.5]
         [Processed Buffers: Min: 0, Avg: 7.4, Max: 21, Diff: 21, Sum: 133]
      [Scan RS (ms): Min: 0.2, Avg: 0.9, Max: 1.0, Diff: 0.8, Sum: 16.0]
      [Object Copy (ms): Min: 5.3, Avg: 6.5, Max: 6.8, Diff: 1.6, Sum: 116.3]
      [Termination (ms): Min: 0.0, Avg: 0.1, Max: 0.1, Diff: 0.1, Sum: 1.1]
      [GC Worker Other (ms): Min: 0.0, Avg: 0.2, Max: 0.4, Diff: 0.4, Sum: 4.0]
      [GC Worker Total (ms): Min: 14.6, Avg: 14.8, Max: 15.0, Diff: 0.5, Sum: 266.3]
      [GC Worker End (ms): Min: 841498.5, Avg: 841498.7, Max: 841498.9, Diff: 0.4]
   [Code Root Fixup: 0.0 ms]
   [Clear CT: 1.8 ms]
   [Other: 14.0 ms]
      [Choose CSet: 0.0 ms]
      [Ref Proc: 7.6 ms]
      [Ref Enq: 1.2 ms]
      [Free CSet: 4.7 ms]
   [Eden: 1769.0M(1769.0M)->0.0B(1761.0M) Survivors: 11.0M->15.0M Heap: 1988.7M(2252.0M)->224.4M(2252.0M)]
 [Times: user=0.36 sys=0.00, real=0.03 secs] 

 Concurrent RS processed 214201 cards
  Of 4030 completed buffers:
         4030 (100.0%) by conc RS threads.
            0 (  0.0%) by mutator threads.
  Conc RS threads times(s)
          0.00     0.00     0.00     0.00     0.00     0.00     0.00     0.00     0.00     0.00     0.00     0.00     0.00     0.00     0.00     0.00     0.00     0.00     0.00
  Total heap region rem set sizes = 6404K.  Max = 27K.
  Static structures = 369K, free_lists = 0K.
    212495 occupied cards represented.
    Max size region = 1455:(O)[0x00000007be300000,0x00000007be400000,0x00000007be400000], size = 28K, occupied = 82K.
    Did 0 coarsenings.
2014-08-01T09:10:28.072-0500: 848.515: [GC pause (young) 848.515: [G1Ergonomics (CSet Construction) start choosing CSet, _pending_cards: 5271, predicted base time: 18.04 ms, remaining time: 81.96 ms, target pause time: 100.00 ms]
 848.515: [G1Ergonomics (CSet Construction) add young regions to CSet, eden: 1761 regions, survivors: 15 regions, predicted young region time: 12.32 ms]
 848.515: [G1Ergonomics (CSet Construction) finish choosing CSet, eden: 1761 regions, survivors: 15 regions, old: 0 regions, predicted pause time: 30.37 ms, target pause time: 100.00 ms]
, 0.0322540 secs]
   [Parallel Time: 18.6 ms, GC Workers: 18]
      [GC Worker Start (ms): Min: 848515.2, Avg: 848515.4, Max: 848515.6, Diff: 0.3]
      [Ext Root Scanning (ms): Min: 5.4, Avg: 6.5, Max: 8.9, Diff: 3.5, Sum: 116.6]
      [Update RS (ms): Min: 0.0, Avg: 0.9, Max: 2.2, Diff: 2.2, Sum: 16.7]
         [Processed Buffers: Min: 0, Avg: 7.2, Max: 15, Diff: 15, Sum: 130]
      [Scan RS (ms): Min: 0.4, Avg: 0.9, Max: 1.0, Diff: 0.7, Sum: 15.4]
      [Object Copy (ms): Min: 8.0, Avg: 9.1, Max: 9.9, Diff: 1.8, Sum: 164.7]
      [Termination (ms): Min: 0.1, Avg: 0.6, Max: 0.7, Diff: 0.5, Sum: 10.1]
      [GC Worker Other (ms): Min: 0.0, Avg: 0.2, Max: 0.3, Diff: 0.3, Sum: 2.8]
      [GC Worker Total (ms): Min: 17.8, Avg: 18.1, Max: 18.4, Diff: 0.6, Sum: 326.2]
      [GC Worker End (ms): Min: 848533.4, Avg: 848533.5, Max: 848533.7, Diff: 0.3]
   [Code Root Fixup: 0.0 ms]
   [Clear CT: 1.8 ms]
   [Other: 11.9 ms]
      [Choose CSet: 0.0 ms]
      [Ref Proc: 6.1 ms]
      [Ref Enq: 0.5 ms]
      [Free CSet: 4.8 ms]
   [Eden: 1761.0M(1761.0M)->0.0B(1763.0M) Survivors: 15.0M->14.0M Heap: 1985.4M(2252.0M)->222.8M(2252.0M)]
 [Times: user=0.39 sys=0.00, real=0.03 secs] 

 Concurrent RS processed 215489 cards
  Of 4160 completed buffers:
         4160 (100.0%) by conc RS threads.
            0 (  0.0%) by mutator threads.
  Conc RS threads times(s)
          0.00     0.00     0.00     0.00     0.00     0.00     0.00     0.00     0.00     0.00     0.00     0.00     0.00     0.00     0.00     0.00     0.00     0.00     0.00
  Total heap region rem set sizes = 6405K.  Max = 27K.
  Static structures = 369K, free_lists = 0K.
    212540 occupied cards represented.
    Max size region = 1455:(O)[0x00000007be300000,0x00000007be400000,0x00000007be400000], size = 28K, occupied = 82K.
    Did 0 coarsenings.
2014-08-01T09:10:35.102-0500: 855.545: [GC pause (young) 855.546: [G1Ergonomics (CSet Construction) start choosing CSet, _pending_cards: 5291, predicted base time: 17.86 ms, remaining time: 82.14 ms, target pause time: 100.00 ms]
 855.546: [G1Ergonomics (CSet Construction) add young regions to CSet, eden: 1763 regions, survivors: 14 regions, predicted young region time: 15.54 ms]
 855.546: [G1Ergonomics (CSet Construction) finish choosing CSet, eden: 1763 regions, survivors: 14 regions, old: 0 regions, predicted pause time: 33.40 ms, target pause time: 100.00 ms]
, 0.0297640 secs]
   [Parallel Time: 16.8 ms, GC Workers: 18]
      [GC Worker Start (ms): Min: 855545.7, Avg: 855545.9, Max: 855546.1, Diff: 0.3]
      [Ext Root Scanning (ms): Min: 5.6, Avg: 6.6, Max: 9.0, Diff: 3.4, Sum: 118.1]
      [Update RS (ms): Min: 0.0, Avg: 0.8, Max: 1.8, Diff: 1.8, Sum: 14.9]
         [Processed Buffers: Min: 0, Avg: 8.0, Max: 21, Diff: 21, Sum: 144]
      [Scan RS (ms): Min: 0.5, Avg: 0.9, Max: 1.1, Diff: 0.6, Sum: 16.5]
      [Object Copy (ms): Min: 6.7, Avg: 7.8, Max: 8.2, Diff: 1.5, Sum: 140.4]
      [Termination (ms): Min: 0.0, Avg: 0.1, Max: 0.1, Diff: 0.1, Sum: 1.3]
      [GC Worker Other (ms): Min: 0.1, Avg: 0.2, Max: 0.4, Diff: 0.3, Sum: 3.9]
      [GC Worker Total (ms): Min: 16.1, Avg: 16.4, Max: 16.6, Diff: 0.6, Sum: 295.1]
      [GC Worker End (ms): Min: 855562.1, Avg: 855562.3, Max: 855562.5, Diff: 0.3]
   [Code Root Fixup: 0.0 ms]
   [Clear CT: 1.9 ms]
   [Other: 11.0 ms]
      [Choose CSet: 0.0 ms]
      [Ref Proc: 5.3 ms]
      [Ref Enq: 0.4 ms]
      [Free CSet: 4.8 ms]
   [Eden: 1763.0M(1763.0M)->0.0B(1767.0M) Survivors: 14.0M->12.0M Heap: 1985.8M(2252.0M)->221.1M(2252.0M)]
 [Times: user=0.35 sys=0.01, real=0.03 secs] 

 Concurrent RS processed 216883 cards
  Of 4304 completed buffers:
         4304 (100.0%) by conc RS threads.
            0 (  0.0%) by mutator threads.
  Conc RS threads times(s)
          0.00     0.00     0.00     0.00     0.00     0.00     0.00     0.00     0.00     0.00     0.00     0.00     0.00     0.00     0.00     0.00     0.00     0.00     0.00
  Total heap region rem set sizes = 6408K.  Max = 27K.
  Static structures = 369K, free_lists = 0K.
    212980 occupied cards represented.
    Max size region = 1455:(O)[0x00000007be300000,0x00000007be400000,0x00000007be400000], size = 28K, occupied = 82K.
    Did 0 coarsenings.
2014-08-01T09:10:42.786-0500: 863.229: [GC pause (young) 863.229: [G1Ergonomics (CSet Construction) start choosing CSet, _pending_cards: 5265, predicted base time: 17.47 ms, remaining time: 82.53 ms, target pause time: 100.00 ms]
 863.229: [G1Ergonomics (CSet Construction) add young regions to CSet, eden: 1767 regions, survivors: 12 regions, predicted young region time: 10.74 ms]
 863.229: [G1Ergonomics (CSet Construction) finish choosing CSet, eden: 1767 regions, survivors: 12 regions, old: 0 regions, predicted pause time: 28.21 ms, target pause time: 100.00 ms]
, 0.0341640 secs]
   [Parallel Time: 21.0 ms, GC Workers: 18]
      [GC Worker Start (ms): Min: 863229.4, Avg: 863229.6, Max: 863229.8, Diff: 0.4]
      [Ext Root Scanning (ms): Min: 4.9, Avg: 6.4, Max: 7.2, Diff: 2.3, Sum: 114.3]
      [Update RS (ms): Min: 0.0, Avg: 0.9, Max: 2.6, Diff: 2.6, Sum: 15.5]
         [Processed Buffers: Min: 0, Avg: 7.3, Max: 19, Diff: 19, Sum: 132]
      [Scan RS (ms): Min: 0.6, Avg: 0.9, Max: 1.0, Diff: 0.4, Sum: 16.1]
      [Object Copy (ms): Min: 11.0, Avg: 12.1, Max: 12.6, Diff: 1.6, Sum: 218.4]
      [Termination (ms): Min: 0.0, Avg: 0.1, Max: 0.2, Diff: 0.2, Sum: 2.2]
      [GC Worker Other (ms): Min: 0.0, Avg: 0.2, Max: 0.5, Diff: 0.4, Sum: 4.2]
      [GC Worker Total (ms): Min: 20.3, Avg: 20.6, Max: 20.9, Diff: 0.6, Sum: 370.6]
      [GC Worker End (ms): Min: 863250.0, Avg: 863250.2, Max: 863250.4, Diff: 0.4]
   [Code Root Fixup: 0.0 ms]
   [Clear CT: 1.9 ms]
   [Other: 11.3 ms]
      [Choose CSet: 0.0 ms]
      [Ref Proc: 5.6 ms]
      [Ref Enq: 0.4 ms]
      [Free CSet: 4.7 ms]
   [Eden: 1767.0M(1767.0M)->0.0B(1771.0M) Survivors: 12.0M->10.0M Heap: 1988.1M(2252.0M)->219.6M(2252.0M)]
 [Times: user=0.43 sys=0.01, real=0.04 secs] 

 Concurrent RS processed 218345 cards
  Of 4436 completed buffers:
         4436 (100.0%) by conc RS threads.
            0 (  0.0%) by mutator threads.
  Conc RS threads times(s)
          0.00     0.00     0.00     0.00     0.00     0.00     0.00     0.00     0.00     0.00     0.00     0.00     0.00     0.00     0.00     0.00     0.00     0.00     0.00
  Total heap region rem set sizes = 6409K.  Max = 27K.
  Static structures = 369K, free_lists = 0K.
    213421 occupied cards represented.
    Max size region = 1455:(O)[0x00000007be300000,0x00000007be400000,0x00000007be400000], size = 28K, occupied = 82K.
    Did 0 coarsenings.
2014-08-01T09:10:49.843-0500: 870.286: [GC pause (young) 870.287: [G1Ergonomics (CSet Construction) start choosing CSet, _pending_cards: 5245, predicted base time: 17.21 ms, remaining time: 82.79 ms, target pause time: 100.00 ms]
 870.287: [G1Ergonomics (CSet Construction) add young regions to CSet, eden: 1771 regions, survivors: 10 regions, predicted young region time: 25.20 ms]
 870.287: [G1Ergonomics (CSet Construction) finish choosing CSet, eden: 1771 regions, survivors: 10 regions, old: 0 regions, predicted pause time: 42.41 ms, target pause time: 100.00 ms]
, 0.0330210 secs]
   [Parallel Time: 20.0 ms, GC Workers: 18]
      [GC Worker Start (ms): Min: 870286.7, Avg: 870286.9, Max: 870287.1, Diff: 0.4]
      [Ext Root Scanning (ms): Min: 4.2, Avg: 6.3, Max: 9.1, Diff: 4.9, Sum: 112.9]
      [Update RS (ms): Min: 0.0, Avg: 0.8, Max: 2.7, Diff: 2.7, Sum: 13.5]
         [Processed Buffers: Min: 0, Avg: 6.9, Max: 15, Diff: 15, Sum: 125]
      [Scan RS (ms): Min: 0.2, Avg: 0.9, Max: 1.1, Diff: 0.9, Sum: 16.3]
      [Object Copy (ms): Min: 9.5, Avg: 10.9, Max: 11.2, Diff: 1.7, Sum: 196.8]
      [Termination (ms): Min: 0.1, Avg: 0.4, Max: 0.6, Diff: 0.5, Sum: 7.2]
      [GC Worker Other (ms): Min: 0.0, Avg: 0.2, Max: 0.4, Diff: 0.4, Sum: 3.8]
      [GC Worker Total (ms): Min: 19.2, Avg: 19.5, Max: 19.8, Diff: 0.6, Sum: 350.5]
      [GC Worker End (ms): Min: 870306.2, Avg: 870306.4, Max: 870306.6, Diff: 0.4]
   [Code Root Fixup: 0.0 ms]
   [Clear CT: 1.7 ms]
   [Other: 11.3 ms]
      [Choose CSet: 0.0 ms]
      [Ref Proc: 5.2 ms]
      [Ref Enq: 0.6 ms]
      [Free CSet: 4.8 ms]
   [Eden: 1771.0M(1771.0M)->0.0B(1760.0M) Survivors: 10.0M->15.0M Heap: 1990.6M(2252.0M)->224.1M(2252.0M)]
 [Times: user=0.41 sys=0.00, real=0.03 secs] 

 Concurrent RS processed 219799 cards
  Of 4561 completed buffers:
         4561 (100.0%) by conc RS threads.
            0 (  0.0%) by mutator threads.
  Conc RS threads times(s)
          0.00     0.00     0.00     0.00     0.00     0.00     0.00     0.00     0.00     0.00     0.00     0.00     0.00     0.00     0.00     0.00     0.00     0.00     0.00
  Total heap region rem set sizes = 6410K.  Max = 27K.
  Static structures = 369K, free_lists = 0K.
    213889 occupied cards represented.
    Max size region = 1455:(O)[0x00000007be300000,0x00000007be400000,0x00000007be400000], size = 28K, occupied = 83K.
    Did 0 coarsenings.
2014-08-01T09:10:56.920-0500: 877.363: [GC pause (young) 877.363: [G1Ergonomics (CSet Construction) start choosing CSet, _pending_cards: 5247, predicted base time: 16.90 ms, remaining time: 83.10 ms, target pause time: 100.00 ms]
 877.363: [G1Ergonomics (CSet Construction) add young regions to CSet, eden: 1760 regions, survivors: 15 regions, predicted young region time: 38.62 ms]
 877.363: [G1Ergonomics (CSet Construction) finish choosing CSet, eden: 1760 regions, survivors: 15 regions, old: 0 regions, predicted pause time: 55.52 ms, target pause time: 100.00 ms]
, 0.0302040 secs]
   [Parallel Time: 17.4 ms, GC Workers: 18]
      [GC Worker Start (ms): Min: 877363.3, Avg: 877363.5, Max: 877363.7, Diff: 0.3]
      [Ext Root Scanning (ms): Min: 4.9, Avg: 6.4, Max: 9.0, Diff: 4.1, Sum: 115.1]
      [Update RS (ms): Min: 0.0, Avg: 1.0, Max: 2.3, Diff: 2.3, Sum: 17.5]
         [Processed Buffers: Min: 0, Avg: 6.9, Max: 16, Diff: 16, Sum: 125]
      [Scan RS (ms): Min: 0.2, Avg: 0.8, Max: 1.1, Diff: 0.8, Sum: 14.4]
      [Object Copy (ms): Min: 7.4, Avg: 8.4, Max: 8.7, Diff: 1.4, Sum: 151.4]
      [Termination (ms): Min: 0.0, Avg: 0.1, Max: 0.1, Diff: 0.1, Sum: 0.9]
      [GC Worker Other (ms): Min: 0.0, Avg: 0.2, Max: 0.4, Diff: 0.4, Sum: 4.0]
      [GC Worker Total (ms): Min: 16.5, Avg: 16.8, Max: 17.1, Diff: 0.5, Sum: 303.3]
      [GC Worker End (ms): Min: 877380.2, Avg: 877380.3, Max: 877380.5, Diff: 0.4]
   [Code Root Fixup: 0.0 ms]
   [Clear CT: 1.8 ms]
   [Other: 11.1 ms]
      [Choose CSet: 0.0 ms]
      [Ref Proc: 5.2 ms]
      [Ref Enq: 0.5 ms]
      [Free CSet: 4.8 ms]
   [Eden: 1760.0M(1760.0M)->0.0B(1762.0M) Survivors: 15.0M->14.0M Heap: 1984.1M(2252.0M)->223.7M(2252.0M)]
 [Times: user=0.36 sys=0.01, real=0.03 secs] 

 Concurrent RS processed 221082 cards
  Of 4686 completed buffers:
         4686 (100.0%) by conc RS threads.
            0 (  0.0%) by mutator threads.
  Conc RS threads times(s)
          0.00     0.00     0.00     0.00     0.00     0.00     0.00     0.00     0.00     0.00     0.00     0.00     0.00     0.00     0.00     0.00     0.00     0.00     0.00
  Total heap region rem set sizes = 6410K.  Max = 27K.
  Static structures = 369K, free_lists = 0K.
    213912 occupied cards represented.
    Max size region = 1455:(O)[0x00000007be300000,0x00000007be400000,0x00000007be400000], size = 28K, occupied = 83K.
    Did 0 coarsenings.
2014-08-01T09:11:03.847-0500: 884.290: [GC pause (young) 884.290: [G1Ergonomics (CSet Construction) start choosing CSet, _pending_cards: 46271, predicted base time: 23.86 ms, remaining time: 76.14 ms, target pause time: 100.00 ms]
 884.290: [G1Ergonomics (CSet Construction) add young regions to CSet, eden: 1762 regions, survivors: 14 regions, predicted young region time: 51.06 ms]
 884.290: [G1Ergonomics (CSet Construction) finish choosing CSet, eden: 1762 regions, survivors: 14 regions, old: 0 regions, predicted pause time: 74.92 ms, target pause time: 100.00 ms]
, 0.0367200 secs]
   [Parallel Time: 23.2 ms, GC Workers: 18]
      [GC Worker Start (ms): Min: 884290.4, Avg: 884290.5, Max: 884290.7, Diff: 0.3]
      [Ext Root Scanning (ms): Min: 2.4, Avg: 3.6, Max: 4.5, Diff: 2.1, Sum: 64.0]
      [Update RS (ms): Min: 8.3, Avg: 9.2, Max: 10.2, Diff: 1.8, Sum: 165.0]
         [Processed Buffers: Min: 10, Avg: 17.4, Max: 30, Diff: 20, Sum: 313]
      [Scan RS (ms): Min: 0.2, Avg: 1.0, Max: 1.4, Diff: 1.2, Sum: 17.9]
      [Object Copy (ms): Min: 7.6, Avg: 8.6, Max: 9.5, Diff: 1.9, Sum: 155.5]
      [Termination (ms): Min: 0.0, Avg: 0.1, Max: 0.2, Diff: 0.2, Sum: 2.1]
      [GC Worker Other (ms): Min: 0.0, Avg: 0.2, Max: 0.4, Diff: 0.3, Sum: 3.7]
      [GC Worker Total (ms): Min: 22.4, Avg: 22.7, Max: 22.9, Diff: 0.5, Sum: 408.3]
      [GC Worker End (ms): Min: 884313.0, Avg: 884313.2, Max: 884313.4, Diff: 0.3]
   [Code Root Fixup: 0.0 ms]
   [Clear CT: 2.2 ms]
   [Other: 11.3 ms]
      [Choose CSet: 0.0 ms]
      [Ref Proc: 5.7 ms]
      [Ref Enq: 0.4 ms]
      [Free CSet: 4.6 ms]
   [Eden: 1762.0M(1762.0M)->0.0B(1650.0M) Survivors: 14.0M->12.0M Heap: 2077.7M(2252.0M)->313.7M(2252.0M)]
 [Times: user=0.42 sys=0.04, real=0.04 secs] 

 Concurrent RS processed 337709 cards
  Of 5577 completed buffers:
         5577 (100.0%) by conc RS threads.
            0 (  0.0%) by mutator threads.
  Conc RS threads times(s)
          0.00     0.00     0.00     0.00     0.00     0.00     0.00     0.00     0.00     0.00     0.00     0.00     0.00     0.00     0.00     0.00     0.00     0.00     0.00
  Total heap region rem set sizes = 6200K.  Max = 27K.
  Static structures = 369K, free_lists = 9K.
    213939 occupied cards represented.
    Max size region = 1455:(O)[0x00000007be300000,0x00000007be400000,0x00000007be400000], size = 28K, occupied = 83K.
    Did 0 coarsenings.
2014-08-01T09:11:10.547-0500: 890.990: [GC pause (young) 890.990: [G1Ergonomics (CSet Construction) start choosing CSet, _pending_cards: 43001, predicted base time: 23.19 ms, remaining time: 76.81 ms, target pause time: 100.00 ms]
 890.990: [G1Ergonomics (CSet Construction) add young regions to CSet, eden: 1650 regions, survivors: 12 regions, predicted young region time: 30.44 ms]
 890.990: [G1Ergonomics (CSet Construction) finish choosing CSet, eden: 1650 regions, survivors: 12 regions, old: 0 regions, predicted pause time: 53.64 ms, target pause time: 100.00 ms]
, 0.0335470 secs]
   [Parallel Time: 18.8 ms, GC Workers: 18]
      [GC Worker Start (ms): Min: 890990.1, Avg: 890990.3, Max: 890990.4, Diff: 0.3]
      [Ext Root Scanning (ms): Min: 3.5, Avg: 5.3, Max: 11.5, Diff: 8.0, Sum: 95.8]
      [Update RS (ms): Min: 0.3, Avg: 6.0, Max: 10.7, Diff: 10.3, Sum: 108.2]
         [Processed Buffers: Min: 5, Avg: 16.8, Max: 36, Diff: 31, Sum: 302]
      [Scan RS (ms): Min: 0.2, Avg: 0.7, Max: 1.1, Diff: 0.9, Sum: 13.3]
      [Object Copy (ms): Min: 1.3, Avg: 3.5, Max: 4.2, Diff: 2.9, Sum: 63.2]
      [Termination (ms): Min: 0.0, Avg: 2.8, Max: 3.0, Diff: 3.0, Sum: 49.9]
      [GC Worker Other (ms): Min: 0.0, Avg: 0.2, Max: 0.3, Diff: 0.3, Sum: 2.8]
      [GC Worker Total (ms): Min: 18.3, Avg: 18.5, Max: 18.7, Diff: 0.4, Sum: 333.3]
      [GC Worker End (ms): Min: 891008.7, Avg: 891008.8, Max: 891008.9, Diff: 0.3]
   [Code Root Fixup: 0.0 ms]
   [Clear CT: 1.8 ms]
   [Other: 12.9 ms]
      [Choose CSet: 0.0 ms]
      [Ref Proc: 9.4 ms]
      [Ref Enq: 0.3 ms]
      [Free CSet: 2.7 ms]
   [Eden: 1650.0M(1650.0M)->0.0B(1555.0M) Survivors: 12.0M->21.0M Heap: 2055.7M(2252.0M)->414.3M(2252.0M)]
 [Times: user=0.40 sys=0.02, real=0.03 secs] 

 Concurrent RS processed 447666 cards
  Of 6418 completed buffers:
         6418 (100.0%) by conc RS threads.
            0 (  0.0%) by mutator threads.
  Conc RS threads times(s)
          0.00     0.00     0.00     0.00     0.00     0.00     0.00     0.00     0.00     0.00     0.00     0.00     0.00     0.00     0.00     0.00     0.00     0.00     0.00
  Total heap region rem set sizes = 5991K.  Max = 28K.
  Static structures = 369K, free_lists = 16K.
    214019 occupied cards represented.
    Max size region = 1455:(O)[0x00000007be300000,0x00000007be400000,0x00000007be400000], size = 29K, occupied = 83K.
    Did 0 coarsenings.
2014-08-01T09:11:16.717-0500: 897.160: [GC pause (young) 897.161: [G1Ergonomics (CSet Construction) start choosing CSet, _pending_cards: 5544, predicted base time: 17.28 ms, remaining time: 82.72 ms, target pause time: 100.00 ms]
 897.161: [G1Ergonomics (CSet Construction) add young regions to CSet, eden: 1555 regions, survivors: 21 regions, predicted young region time: 17.82 ms]
 897.161: [G1Ergonomics (CSet Construction) finish choosing CSet, eden: 1555 regions, survivors: 21 regions, old: 0 regions, predicted pause time: 35.10 ms, target pause time: 100.00 ms]
, 0.0304440 secs]
   [Parallel Time: 16.8 ms, GC Workers: 18]
      [GC Worker Start (ms): Min: 897160.7, Avg: 897160.9, Max: 897161.1, Diff: 0.3]
      [Ext Root Scanning (ms): Min: 5.9, Avg: 6.6, Max: 9.2, Diff: 3.3, Sum: 119.1]
      [Update RS (ms): Min: 0.0, Avg: 0.8, Max: 2.0, Diff: 2.0, Sum: 15.2]
         [Processed Buffers: Min: 0, Avg: 6.9, Max: 22, Diff: 22, Sum: 125]
      [Scan RS (ms): Min: 0.2, Avg: 0.7, Max: 0.9, Diff: 0.7, Sum: 11.9]
      [Object Copy (ms): Min: 6.6, Avg: 7.9, Max: 8.5, Diff: 1.9, Sum: 142.8]
      [Termination (ms): Min: 0.0, Avg: 0.0, Max: 0.1, Diff: 0.1, Sum: 0.7]
      [GC Worker Other (ms): Min: 0.1, Avg: 0.2, Max: 0.4, Diff: 0.3, Sum: 3.7]
      [GC Worker Total (ms): Min: 16.1, Avg: 16.3, Max: 16.6, Diff: 0.5, Sum: 293.3]
      [GC Worker End (ms): Min: 897177.0, Avg: 897177.2, Max: 897177.4, Diff: 0.3]
   [Code Root Fixup: 0.0 ms]
   [Clear CT: 1.6 ms]
   [Other: 12.0 ms]
      [Choose CSet: 0.0 ms]
      [Ref Proc: 6.4 ms]
      [Ref Enq: 0.5 ms]
      [Free CSet: 4.5 ms]
   [Eden: 1555.0M(1555.0M)->0.0B(1563.0M) Survivors: 21.0M->13.0M Heap: 1969.3M(2252.0M)->406.8M(2252.0M)]
 [Times: user=0.36 sys=0.00, real=0.03 secs] 

 Concurrent RS processed 448972 cards
  Of 6543 completed buffers:
         6543 (100.0%) by conc RS threads.
            0 (  0.0%) by mutator threads.
  Conc RS threads times(s)
          0.00     0.00     0.00     0.00     0.00     0.00     0.00     0.00     0.00     0.00     0.00     0.00     0.00     0.00     0.00     0.00     0.00     0.00     0.00
  Total heap region rem set sizes = 5992K.  Max = 28K.
  Static structures = 369K, free_lists = 16K.
    214133 occupied cards represented.
    Max size region = 1455:(O)[0x00000007be300000,0x00000007be400000,0x00000007be400000], size = 29K, occupied = 83K.
    Did 0 coarsenings.
2014-08-01T09:11:23.382-0500: 903.825: [GC pause (young) 903.826: [G1Ergonomics (CSet Construction) start choosing CSet, _pending_cards: 5254, predicted base time: 17.32 ms, remaining time: 82.68 ms, target pause time: 100.00 ms]
 903.826: [G1Ergonomics (CSet Construction) add young regions to CSet, eden: 1563 regions, survivors: 13 regions, predicted young region time: 22.86 ms]
 903.826: [G1Ergonomics (CSet Construction) finish choosing CSet, eden: 1563 regions, survivors: 13 regions, old: 0 regions, predicted pause time: 40.19 ms, target pause time: 100.00 ms]
, 0.0351510 secs]
   [Parallel Time: 19.0 ms, GC Workers: 18]
      [GC Worker Start (ms): Min: 903825.8, Avg: 903825.9, Max: 903826.1, Diff: 0.3]
      [Ext Root Scanning (ms): Min: 6.0, Avg: 6.8, Max: 9.4, Diff: 3.4, Sum: 122.6]
      [Update RS (ms): Min: 0.0, Avg: 0.8, Max: 2.4, Diff: 2.4, Sum: 15.2]
         [Processed Buffers: Min: 0, Avg: 7.4, Max: 20, Diff: 20, Sum: 133]
      [Scan RS (ms): Min: 0.2, Avg: 0.7, Max: 0.9, Diff: 0.7, Sum: 12.8]
      [Object Copy (ms): Min: 8.6, Avg: 9.8, Max: 12.0, Diff: 3.4, Sum: 175.7]
      [Termination (ms): Min: 0.0, Avg: 0.1, Max: 0.2, Diff: 0.2, Sum: 2.5]
      [GC Worker Other (ms): Min: 0.0, Avg: 0.2, Max: 0.4, Diff: 0.4, Sum: 3.9]
      [GC Worker Total (ms): Min: 18.3, Avg: 18.5, Max: 18.7, Diff: 0.4, Sum: 332.8]
      [GC Worker End (ms): Min: 903844.2, Avg: 903844.4, Max: 903844.6, Diff: 0.4]
   [Code Root Fixup: 0.0 ms]
   [Clear CT: 2.0 ms]
   [Other: 14.1 ms]
      [Choose CSet: 0.0 ms]
      [Ref Proc: 8.3 ms]
      [Ref Enq: 0.5 ms]
      [Free CSet: 4.9 ms]
   [Eden: 1563.0M(1563.0M)->0.0B(1564.0M) Survivors: 13.0M->12.0M Heap: 1969.8M(2252.0M)->405.9M(2252.0M)]
 [Times: user=0.40 sys=0.00, real=0.04 secs] 

 Concurrent RS processed 450253 cards
  Of 6676 completed buffers:
         6676 (100.0%) by conc RS threads.
            0 (  0.0%) by mutator threads.
  Conc RS threads times(s)
          0.00     0.00     0.00     0.00     0.00     0.00     0.00     0.00     0.00     0.00     0.00     0.00     0.00     0.00     0.00     0.00     0.00     0.00     0.00
  Total heap region rem set sizes = 5992K.  Max = 28K.
  Static structures = 369K, free_lists = 16K.
    214158 occupied cards represented.
    Max size region = 1455:(O)[0x00000007be300000,0x00000007be400000,0x00000007be400000], size = 29K, occupied = 83K.
    Did 0 coarsenings.
2014-08-01T09:11:29.684-0500: 910.127: [GC pause (young) 910.127: [G1Ergonomics (CSet Construction) start choosing CSet, _pending_cards: 5502, predicted base time: 18.35 ms, remaining time: 81.65 ms, target pause time: 100.00 ms]
 910.127: [G1Ergonomics (CSet Construction) add young regions to CSet, eden: 1564 regions, survivors: 12 regions, predicted young region time: 18.28 ms]
 910.127: [G1Ergonomics (CSet Construction) finish choosing CSet, eden: 1564 regions, survivors: 12 regions, old: 0 regions, predicted pause time: 36.63 ms, target pause time: 100.00 ms]
, 0.0362530 secs]
   [Parallel Time: 22.4 ms, GC Workers: 18]
      [GC Worker Start (ms): Min: 910127.3, Avg: 910127.4, Max: 910127.6, Diff: 0.3]
      [Ext Root Scanning (ms): Min: 4.7, Avg: 6.7, Max: 9.8, Diff: 5.2, Sum: 119.8]
      [Update RS (ms): Min: 0.0, Avg: 0.9, Max: 2.7, Diff: 2.7, Sum: 15.8]
         [Processed Buffers: Min: 0, Avg: 7.2, Max: 17, Diff: 17, Sum: 130]
      [Scan RS (ms): Min: 0.2, Avg: 0.7, Max: 0.9, Diff: 0.7, Sum: 12.9]
      [Object Copy (ms): Min: 11.4, Avg: 13.3, Max: 13.7, Diff: 2.3, Sum: 238.7]
      [Termination (ms): Min: 0.0, Avg: 0.2, Max: 0.2, Diff: 0.2, Sum: 3.2]
      [GC Worker Other (ms): Min: 0.0, Avg: 0.2, Max: 0.4, Diff: 0.3, Sum: 3.7]
      [GC Worker Total (ms): Min: 21.6, Avg: 21.9, Max: 22.2, Diff: 0.6, Sum: 394.1]
      [GC Worker End (ms): Min: 910149.2, Avg: 910149.3, Max: 910149.5, Diff: 0.3]
   [Code Root Fixup: 0.0 ms]
   [Clear CT: 1.8 ms]
   [Other: 12.0 ms]
      [Choose CSet: 0.0 ms]
      [Ref Proc: 6.3 ms]
      [Ref Enq: 0.4 ms]
      [Free CSet: 4.8 ms]
   [Eden: 1564.0M(1564.0M)->0.0B(1554.0M) Survivors: 12.0M->22.0M Heap: 1969.9M(2252.0M)->415.8M(2252.0M)]
 [Times: user=0.45 sys=0.00, real=0.04 secs] 

 Concurrent RS processed 451563 cards
  Of 6806 completed buffers:
         6806 (100.0%) by conc RS threads.
            0 (  0.0%) by mutator threads.
  Conc RS threads times(s)
          0.00     0.00     0.00     0.00     0.00     0.00     0.00     0.00     0.00     0.00     0.00     0.00     0.00     0.00     0.00     0.00     0.00     0.00     0.00
  Total heap region rem set sizes = 5993K.  Max = 28K.
  Static structures = 369K, free_lists = 15K.
    214176 occupied cards represented.
    Max size region = 1455:(O)[0x00000007be300000,0x00000007be400000,0x00000007be400000], size = 29K, occupied = 83K.
    Did 0 coarsenings.
2014-08-01T09:11:35.859-0500: 916.303: [GC pause (young) 916.303: [G1Ergonomics (CSet Construction) start choosing CSet, _pending_cards: 5796, predicted base time: 18.14 ms, remaining time: 81.86 ms, target pause time: 100.00 ms]
 916.303: [G1Ergonomics (CSet Construction) add young regions to CSet, eden: 1554 regions, survivors: 22 regions, predicted young region time: 11.56 ms]
 916.303: [G1Ergonomics (CSet Construction) finish choosing CSet, eden: 1554 regions, survivors: 22 regions, old: 0 regions, predicted pause time: 29.70 ms, target pause time: 100.00 ms]
, 0.0342780 secs]
   [Parallel Time: 20.2 ms, GC Workers: 18]
      [GC Worker Start (ms): Min: 916303.0, Avg: 916303.1, Max: 916303.3, Diff: 0.3]
      [Ext Root Scanning (ms): Min: 4.5, Avg: 6.2, Max: 9.0, Diff: 4.5, Sum: 112.2]
      [Update RS (ms): Min: 0.0, Avg: 0.8, Max: 2.3, Diff: 2.3, Sum: 13.9]
         [Processed Buffers: Min: 0, Avg: 7.9, Max: 20, Diff: 20, Sum: 143]
      [Scan RS (ms): Min: 0.2, Avg: 0.9, Max: 1.8, Diff: 1.6, Sum: 15.8]
      [Object Copy (ms): Min: 9.9, Avg: 11.4, Max: 11.8, Diff: 1.9, Sum: 204.9]
      [Termination (ms): Min: 0.0, Avg: 0.3, Max: 0.3, Diff: 0.3, Sum: 4.6]
      [GC Worker Other (ms): Min: 0.0, Avg: 0.2, Max: 0.4, Diff: 0.3, Sum: 3.8]
      [GC Worker Total (ms): Min: 19.5, Avg: 19.7, Max: 19.9, Diff: 0.4, Sum: 355.3]
      [GC Worker End (ms): Min: 916322.7, Avg: 916322.9, Max: 916323.0, Diff: 0.4]
   [Code Root Fixup: 0.0 ms]
   [Clear CT: 2.1 ms]
   [Other: 11.9 ms]
      [Choose CSet: 0.0 ms]
      [Ref Proc: 5.6 ms]
      [Ref Enq: 1.0 ms]
      [Free CSet: 4.7 ms]
   [Eden: 1554.0M(1554.0M)->0.0B(1566.0M) Survivors: 22.0M->10.0M Heap: 1969.8M(2252.0M)->404.1M(2252.0M)]
 [Times: user=0.40 sys=0.01, real=0.03 secs] 

 Concurrent RS processed 452910 cards
  Of 6949 completed buffers:
         6949 (100.0%) by conc RS threads.
            0 (  0.0%) by mutator threads.
  Conc RS threads times(s)
          0.00     0.00     0.00     0.00     0.00     0.00     0.00     0.00     0.00     0.00     0.00     0.00     0.00     0.00     0.00     0.00     0.00     0.00     0.00
  Total heap region rem set sizes = 5994K.  Max = 28K.
  Static structures = 369K, free_lists = 15K.
    214204 occupied cards represented.
    Max size region = 1455:(O)[0x00000007be300000,0x00000007be400000,0x00000007be400000], size = 29K, occupied = 83K.
    Did 0 coarsenings.
2014-08-01T09:11:42.163-0500: 922.607: [GC pause (young) 922.607: [G1Ergonomics (CSet Construction) start choosing CSet, _pending_cards: 5248, predicted base time: 17.78 ms, remaining time: 82.22 ms, target pause time: 100.00 ms]
 922.607: [G1Ergonomics (CSet Construction) add young regions to CSet, eden: 1566 regions, survivors: 10 regions, predicted young region time: 14.72 ms]
 922.607: [G1Ergonomics (CSet Construction) finish choosing CSet, eden: 1566 regions, survivors: 10 regions, old: 0 regions, predicted pause time: 32.49 ms, target pause time: 100.00 ms]
, 0.0331060 secs]
   [Parallel Time: 18.7 ms, GC Workers: 18]
      [GC Worker Start (ms): Min: 922607.2, Avg: 922607.3, Max: 922607.5, Diff: 0.3]
      [Ext Root Scanning (ms): Min: 6.2, Avg: 7.7, Max: 11.5, Diff: 5.2, Sum: 138.1]
      [Update RS (ms): Min: 0.0, Avg: 0.8, Max: 2.3, Diff: 2.3, Sum: 15.2]
         [Processed Buffers: Min: 0, Avg: 7.2, Max: 24, Diff: 24, Sum: 129]
      [Scan RS (ms): Min: 0.2, Avg: 0.6, Max: 1.0, Diff: 0.8, Sum: 11.3]
      [Object Copy (ms): Min: 6.3, Avg: 8.8, Max: 9.5, Diff: 3.2, Sum: 157.6]
      [Termination (ms): Min: 0.0, Avg: 0.1, Max: 0.2, Diff: 0.2, Sum: 2.3]
      [GC Worker Other (ms): Min: 0.0, Avg: 0.2, Max: 0.4, Diff: 0.4, Sum: 3.8]
      [GC Worker Total (ms): Min: 18.0, Avg: 18.2, Max: 18.6, Diff: 0.6, Sum: 328.3]
      [GC Worker End (ms): Min: 922625.4, Avg: 922625.6, Max: 922625.7, Diff: 0.4]
   [Code Root Fixup: 0.0 ms]
   [Clear CT: 1.5 ms]
   [Other: 12.9 ms]
      [Choose CSet: 0.0 ms]
      [Ref Proc: 7.2 ms]
      [Ref Enq: 0.6 ms]
      [Free CSet: 4.7 ms]
   [Eden: 1566.0M(1566.0M)->0.0B(1564.0M) Survivors: 10.0M->12.0M Heap: 1970.1M(2252.0M)->405.4M(2252.0M)]
 [Times: user=0.37 sys=0.00, real=0.03 secs] 

 Concurrent RS processed 454335 cards
  Of 7078 completed buffers:
         7078 (100.0%) by conc RS threads.
            0 (  0.0%) by mutator threads.
  Conc RS threads times(s)
          0.00     0.00     0.00     0.00     0.00     0.00     0.00     0.00     0.00     0.00     0.00     0.00     0.00     0.00     0.00     0.00     0.00     0.00     0.00
  Total heap region rem set sizes = 5995K.  Max = 28K.
  Static structures = 369K, free_lists = 15K.
    214602 occupied cards represented.
    Max size region = 1455:(O)[0x00000007be300000,0x00000007be400000,0x00000007be400000], size = 29K, occupied = 83K.
    Did 0 coarsenings.
2014-08-01T09:11:49.010-0500: 929.453: [GC pause (young) 929.454: [G1Ergonomics (CSet Construction) start choosing CSet, _pending_cards: 5495, predicted base time: 18.29 ms, remaining time: 81.71 ms, target pause time: 100.00 ms]
 929.454: [G1Ergonomics (CSet Construction) add young regions to CSet, eden: 1564 regions, survivors: 12 regions, predicted young region time: 25.09 ms]
 929.454: [G1Ergonomics (CSet Construction) finish choosing CSet, eden: 1564 regions, survivors: 12 regions, old: 0 regions, predicted pause time: 43.39 ms, target pause time: 100.00 ms]
, 0.0315970 secs]
   [Parallel Time: 17.9 ms, GC Workers: 18]
      [GC Worker Start (ms): Min: 929453.8, Avg: 929454.0, Max: 929454.1, Diff: 0.3]
      [Ext Root Scanning (ms): Min: 5.3, Avg: 6.6, Max: 9.3, Diff: 4.1, Sum: 119.5]
      [Update RS (ms): Min: 0.0, Avg: 1.0, Max: 2.4, Diff: 2.4, Sum: 17.1]
         [Processed Buffers: Min: 0, Avg: 6.9, Max: 21, Diff: 21, Sum: 125]
      [Scan RS (ms): Min: 0.2, Avg: 0.7, Max: 0.9, Diff: 0.7, Sum: 13.3]
      [Object Copy (ms): Min: 7.5, Avg: 8.6, Max: 9.0, Diff: 1.5, Sum: 155.5]
      [Termination (ms): Min: 0.0, Avg: 0.2, Max: 0.2, Diff: 0.2, Sum: 2.9]
      [GC Worker Other (ms): Min: 0.0, Avg: 0.2, Max: 0.4, Diff: 0.4, Sum: 4.0]
      [GC Worker Total (ms): Min: 17.1, Avg: 17.4, Max: 17.6, Diff: 0.5, Sum: 312.3]
      [GC Worker End (ms): Min: 929471.2, Avg: 929471.3, Max: 929471.5, Diff: 0.4]
   [Code Root Fixup: 0.0 ms]
   [Clear CT: 1.7 ms]
   [Other: 12.0 ms]
      [Choose CSet: 0.0 ms]
      [Ref Proc: 5.7 ms]
      [Ref Enq: 0.3 ms]
      [Free CSet: 5.3 ms]
   [Eden: 1564.0M(1564.0M)->0.0B(1560.0M) Survivors: 12.0M->16.0M Heap: 1969.4M(2252.0M)->409.6M(2252.0M)]
 [Times: user=0.36 sys=0.01, real=0.03 secs] 

 Concurrent RS processed 455755 cards
  Of 7203 completed buffers:
         7203 (100.0%) by conc RS threads.
            0 (  0.0%) by mutator threads.
  Conc RS threads times(s)
          0.00     0.00     0.00     0.00     0.00     0.00     0.00     0.00     0.00     0.00     0.00     0.00     0.00     0.00     0.00     0.00     0.00     0.00     0.00
  Total heap region rem set sizes = 5997K.  Max = 28K.
  Static structures = 369K, free_lists = 14K.
    215043 occupied cards represented.
    Max size region = 1455:(O)[0x00000007be300000,0x00000007be400000,0x00000007be400000], size = 29K, occupied = 83K.
    Did 0 coarsenings.
2014-08-01T09:11:55.601-0500: 936.045: [GC pause (young) 936.045: [G1Ergonomics (CSet Construction) start choosing CSet, _pending_cards: 5746, predicted base time: 17.96 ms, remaining time: 82.04 ms, target pause time: 100.00 ms]
 936.045: [G1Ergonomics (CSet Construction) add young regions to CSet, eden: 1560 regions, survivors: 16 regions, predicted young region time: 25.78 ms]
 936.045: [G1Ergonomics (CSet Construction) finish choosing CSet, eden: 1560 regions, survivors: 16 regions, old: 0 regions, predicted pause time: 43.73 ms, target pause time: 100.00 ms]
, 0.0326990 secs]
   [Parallel Time: 18.6 ms, GC Workers: 18]
      [GC Worker Start (ms): Min: 936045.2, Avg: 936045.3, Max: 936045.5, Diff: 0.4]
      [Ext Root Scanning (ms): Min: 5.9, Avg: 6.8, Max: 9.4, Diff: 3.5, Sum: 122.7]
      [Update RS (ms): Min: 0.0, Avg: 1.0, Max: 1.7, Diff: 1.7, Sum: 17.5]
         [Processed Buffers: Min: 0, Avg: 7.1, Max: 30, Diff: 30, Sum: 127]
      [Scan RS (ms): Min: 0.2, Avg: 1.2, Max: 8.9, Diff: 8.7, Sum: 21.4]
      [Object Copy (ms): Min: 1.3, Avg: 8.2, Max: 9.0, Diff: 7.6, Sum: 147.5]
      [Termination (ms): Min: 0.0, Avg: 0.7, Max: 0.8, Diff: 0.8, Sum: 12.1]
      [GC Worker Other (ms): Min: 0.0, Avg: 0.2, Max: 0.4, Diff: 0.4, Sum: 3.5]
      [GC Worker Total (ms): Min: 17.7, Avg: 18.0, Max: 18.3, Diff: 0.6, Sum: 324.7]
      [GC Worker End (ms): Min: 936063.2, Avg: 936063.4, Max: 936063.6, Diff: 0.4]
   [Code Root Fixup: 0.0 ms]
   [Clear CT: 1.7 ms]
   [Other: 12.4 ms]
      [Choose CSet: 0.0 ms]
      [Ref Proc: 6.8 ms]
      [Ref Enq: 0.4 ms]
      [Free CSet: 4.7 ms]
   [Eden: 1560.0M(1560.0M)->0.0B(1562.0M) Survivors: 16.0M->14.0M Heap: 1969.6M(2252.0M)->408.0M(2252.0M)]
 [Times: user=0.36 sys=0.01, real=0.03 secs] 

 Concurrent RS processed 457059 cards
  Of 7330 completed buffers:
         7330 (100.0%) by conc RS threads.
            0 (  0.0%) by mutator threads.
  Conc RS threads times(s)
          0.00     0.00     0.00     0.00     0.00     0.00     0.00     0.00     0.00     0.00     0.00     0.00     0.00     0.00     0.00     0.00     0.00     0.00     0.00
  Total heap region rem set sizes = 5997K.  Max = 28K.
  Static structures = 369K, free_lists = 14K.
    215074 occupied cards represented.
    Max size region = 1455:(O)[0x00000007be300000,0x00000007be400000,0x00000007be400000], size = 29K, occupied = 83K.
    Did 0 coarsenings.
2014-08-01T09:12:01.632-0500: 942.075: [GC pause (young) 942.075: [G1Ergonomics (CSet Construction) start choosing CSet, _pending_cards: 5002, predicted base time: 17.85 ms, remaining time: 82.15 ms, target pause time: 100.00 ms]
 942.075: [G1Ergonomics (CSet Construction) add young regions to CSet, eden: 1562 regions, survivors: 14 regions, predicted young region time: 28.26 ms]
 942.076: [G1Ergonomics (CSet Construction) finish choosing CSet, eden: 1562 regions, survivors: 14 regions, old: 0 regions, predicted pause time: 46.11 ms, target pause time: 100.00 ms]
, 0.0379490 secs]
   [Parallel Time: 24.0 ms, GC Workers: 18]
      [GC Worker Start (ms): Min: 942075.7, Avg: 942075.9, Max: 942076.0, Diff: 0.3]
      [Ext Root Scanning (ms): Min: 4.2, Avg: 6.2, Max: 9.1, Diff: 4.9, Sum: 111.6]
      [Update RS (ms): Min: 0.0, Avg: 0.9, Max: 2.9, Diff: 2.9, Sum: 15.5]
         [Processed Buffers: Min: 0, Avg: 7.3, Max: 22, Diff: 22, Sum: 132]
      [Scan RS (ms): Min: 0.2, Avg: 0.7, Max: 0.9, Diff: 0.7, Sum: 12.8]
      [Object Copy (ms): Min: 13.4, Avg: 14.8, Max: 15.2, Diff: 1.8, Sum: 267.3]
      [Termination (ms): Min: 0.0, Avg: 0.1, Max: 0.1, Diff: 0.1, Sum: 1.5]
      [GC Worker Other (ms): Min: 0.1, Avg: 0.2, Max: 0.4, Diff: 0.3, Sum: 3.6]
      [GC Worker Total (ms): Min: 22.6, Avg: 22.9, Max: 23.1, Diff: 0.5, Sum: 412.1]
      [GC Worker End (ms): Min: 942098.6, Avg: 942098.8, Max: 942098.9, Diff: 0.3]
   [Code Root Fixup: 0.0 ms]
   [Clear CT: 1.7 ms]
   [Other: 12.2 ms]
      [Choose CSet: 0.0 ms]
      [Ref Proc: 6.5 ms]
      [Ref Enq: 0.5 ms]
      [Free CSet: 4.7 ms]
   [Eden: 1562.0M(1562.0M)->0.0B(1560.0M) Survivors: 14.0M->16.0M Heap: 1970.0M(2252.0M)->409.6M(2252.0M)]
 [Times: user=0.46 sys=0.01, real=0.03 secs] 

 Concurrent RS processed 458440 cards
  Of 7462 completed buffers:
         7462 (100.0%) by conc RS threads.
            0 (  0.0%) by mutator threads.
  Conc RS threads times(s)
          0.00     0.00     0.00     0.00     0.00     0.00     0.00     0.00     0.00     0.00     0.00     0.00     0.00     0.00     0.00     0.00     0.00     0.00     0.00
  Total heap region rem set sizes = 5997K.  Max = 28K.
  Static structures = 369K, free_lists = 14K.
    215127 occupied cards represented.
    Max size region = 1455:(O)[0x00000007be300000,0x00000007be400000,0x00000007be400000], size = 29K, occupied = 83K.
    Did 0 coarsenings.
2014-08-01T09:12:08.099-0500: 948.543: [GC pause (young) 948.543: [G1Ergonomics (CSet Construction) start choosing CSet, _pending_cards: 5330, predicted base time: 17.84 ms, remaining time: 82.16 ms, target pause time: 100.00 ms]
 948.543: [G1Ergonomics (CSet Construction) add young regions to CSet, eden: 1560 regions, survivors: 16 regions, predicted young region time: 17.05 ms]
 948.543: [G1Ergonomics (CSet Construction) finish choosing CSet, eden: 1560 regions, survivors: 16 regions, old: 0 regions, predicted pause time: 34.89 ms, target pause time: 100.00 ms]
, 0.0329640 secs]
   [Parallel Time: 20.1 ms, GC Workers: 18]
      [GC Worker Start (ms): Min: 948542.9, Avg: 948543.1, Max: 948543.2, Diff: 0.3]
      [Ext Root Scanning (ms): Min: 5.7, Avg: 6.3, Max: 7.0, Diff: 1.3, Sum: 114.2]
      [Update RS (ms): Min: 0.0, Avg: 0.8, Max: 1.8, Diff: 1.8, Sum: 14.0]
         [Processed Buffers: Min: 0, Avg: 6.9, Max: 20, Diff: 20, Sum: 124]
      [Scan RS (ms): Min: 0.2, Avg: 0.7, Max: 0.9, Diff: 0.7, Sum: 12.9]
      [Object Copy (ms): Min: 10.2, Avg: 11.3, Max: 11.9, Diff: 1.7, Sum: 203.2]
      [Termination (ms): Min: 0.0, Avg: 0.3, Max: 0.4, Diff: 0.4, Sum: 5.7]
      [GC Worker Other (ms): Min: 0.0, Avg: 0.2, Max: 0.4, Diff: 0.4, Sum: 4.2]
      [GC Worker Total (ms): Min: 19.5, Avg: 19.7, Max: 19.8, Diff: 0.3, Sum: 354.1]
      [GC Worker End (ms): Min: 948562.6, Avg: 948562.7, Max: 948562.9, Diff: 0.4]
   [Code Root Fixup: 0.0 ms]
   [Clear CT: 1.7 ms]
   [Other: 11.2 ms]
      [Choose CSet: 0.0 ms]
      [Ref Proc: 5.2 ms]
      [Ref Enq: 0.3 ms]
      [Free CSet: 5.0 ms]
   [Eden: 1560.0M(1560.0M)->0.0B(1556.0M) Survivors: 16.0M->20.0M Heap: 1969.6M(2252.0M)->413.8M(2252.0M)]
 [Times: user=0.40 sys=0.01, real=0.04 secs] 

 Concurrent RS processed 459728 cards
  Of 7586 completed buffers:
         7586 (100.0%) by conc RS threads.
            0 (  0.0%) by mutator threads.
  Conc RS threads times(s)
          0.00     0.00     0.00     0.00     0.00     0.00     0.00     0.00     0.00     0.00     0.00     0.00     0.00     0.00     0.00     0.00     0.00     0.00     0.00
  Total heap region rem set sizes = 5997K.  Max = 28K.
  Static structures = 369K, free_lists = 14K.
    215145 occupied cards represented.
    Max size region = 1455:(O)[0x00000007be300000,0x00000007be400000,0x00000007be400000], size = 29K, occupied = 83K.
    Did 0 coarsenings.
2014-08-01T09:12:14.100-0500: 954.544: [GC pause (young) 954.544: [G1Ergonomics (CSet Construction) start choosing CSet, _pending_cards: 5785, predicted base time: 17.43 ms, remaining time: 82.57 ms, target pause time: 100.00 ms]
 954.544: [G1Ergonomics (CSet Construction) add young regions to CSet, eden: 1556 regions, survivors: 20 regions, predicted young region time: 18.29 ms]
 954.544: [G1Ergonomics (CSet Construction) finish choosing CSet, eden: 1556 regions, survivors: 20 regions, old: 0 regions, predicted pause time: 35.72 ms, target pause time: 100.00 ms]
, 0.0216490 secs]
   [Parallel Time: 12.5 ms, GC Workers: 18]
      [GC Worker Start (ms): Min: 954543.7, Avg: 954543.8, Max: 954544.0, Diff: 0.2]
      [Ext Root Scanning (ms): Min: 3.6, Avg: 4.7, Max: 6.0, Diff: 2.4, Sum: 84.4]
      [Update RS (ms): Min: 0.0, Avg: 0.5, Max: 1.4, Diff: 1.4, Sum: 9.7]
         [Processed Buffers: Min: 0, Avg: 7.1, Max: 27, Diff: 27, Sum: 128]
      [Scan RS (ms): Min: 0.2, Avg: 0.5, Max: 0.9, Diff: 0.7, Sum: 8.8]
      [Object Copy (ms): Min: 4.6, Avg: 5.3, Max: 6.3, Diff: 1.6, Sum: 94.5]
      [Termination (ms): Min: 0.0, Avg: 1.0, Max: 1.3, Diff: 1.3, Sum: 18.2]
      [GC Worker Other (ms): Min: 0.0, Avg: 0.1, Max: 0.2, Diff: 0.2, Sum: 2.1]
      [GC Worker Total (ms): Min: 11.9, Avg: 12.1, Max: 12.3, Diff: 0.5, Sum: 217.7]
      [GC Worker End (ms): Min: 954555.8, Avg: 954555.9, Max: 954556.1, Diff: 0.2]
   [Code Root Fixup: 0.0 ms]
   [Clear CT: 1.2 ms]
   [Other: 8.0 ms]
      [Choose CSet: 0.0 ms]
      [Ref Proc: 3.9 ms]
      [Ref Enq: 0.3 ms]
      [Free CSet: 3.5 ms]
   [Eden: 1556.0M(1556.0M)->0.0B(1562.0M) Survivors: 20.0M->14.0M Heap: 1969.8M(2252.0M)->407.6M(2252.0M)]
 [Times: user=0.25 sys=0.01, real=0.02 secs] 

 Concurrent RS processed 461085 cards
  Of 7714 completed buffers:
         7714 (100.0%) by conc RS threads.
            0 (  0.0%) by mutator threads.
  Conc RS threads times(s)
          0.00     0.00     0.00     0.00     0.00     0.00     0.00     0.00     0.00     0.00     0.00     0.00     0.00     0.00     0.00     0.00     0.00     0.00     0.00
  Total heap region rem set sizes = 5998K.  Max = 28K.
  Static structures = 369K, free_lists = 14K.
    215168 occupied cards represented.
    Max size region = 1455:(O)[0x00000007be300000,0x00000007be400000,0x00000007be400000], size = 29K, occupied = 83K.
    Did 0 coarsenings.
2014-08-01T09:12:20.746-0500: 961.189: [GC pause (young) 961.189: [G1Ergonomics (CSet Construction) start choosing CSet, _pending_cards: 5246, predicted base time: 16.31 ms, remaining time: 83.69 ms, target pause time: 100.00 ms]
 961.189: [G1Ergonomics (CSet Construction) add young regions to CSet, eden: 1562 regions, survivors: 14 regions, predicted young region time: 14.88 ms]
 961.189: [G1Ergonomics (CSet Construction) finish choosing CSet, eden: 1562 regions, survivors: 14 regions, old: 0 regions, predicted pause time: 31.19 ms, target pause time: 100.00 ms]
, 0.0314930 secs]
   [Parallel Time: 17.7 ms, GC Workers: 18]
      [GC Worker Start (ms): Min: 961189.5, Avg: 961189.7, Max: 961189.8, Diff: 0.3]
      [Ext Root Scanning (ms): Min: 6.4, Avg: 7.7, Max: 10.1, Diff: 3.7, Sum: 138.5]
      [Update RS (ms): Min: 0.0, Avg: 0.9, Max: 1.7, Diff: 1.7, Sum: 16.3]
         [Processed Buffers: Min: 0, Avg: 6.9, Max: 14, Diff: 14, Sum: 124]
      [Scan RS (ms): Min: 0.2, Avg: 0.8, Max: 1.6, Diff: 1.4, Sum: 14.1]
      [Object Copy (ms): Min: 6.4, Avg: 7.4, Max: 8.1, Diff: 1.7, Sum: 133.5]
      [Termination (ms): Min: 0.0, Avg: 0.1, Max: 0.2, Diff: 0.2, Sum: 2.2]
      [GC Worker Other (ms): Min: 0.0, Avg: 0.2, Max: 0.4, Diff: 0.3, Sum: 3.8]
      [GC Worker Total (ms): Min: 16.8, Avg: 17.1, Max: 17.2, Diff: 0.4, Sum: 308.3]
      [GC Worker End (ms): Min: 961206.6, Avg: 961206.8, Max: 961207.0, Diff: 0.3]
   [Code Root Fixup: 0.0 ms]
   [Clear CT: 1.8 ms]
   [Other: 12.1 ms]
      [Choose CSet: 0.0 ms]
      [Ref Proc: 6.4 ms]
      [Ref Enq: 0.4 ms]
      [Free CSet: 4.7 ms]
   [Eden: 1562.0M(1562.0M)->0.0B(1564.0M) Survivors: 14.0M->12.0M Heap: 1969.6M(2252.0M)->406.4M(2252.0M)]
 [Times: user=0.34 sys=0.01, real=0.03 secs] 

 Concurrent RS processed 462360 cards
  Of 7838 completed buffers:
         7838 (100.0%) by conc RS threads.
            0 (  0.0%) by mutator threads.
  Conc RS threads times(s)
          0.00     0.00     0.00     0.00     0.00     0.00     0.00     0.00     0.00     0.00     0.00     0.00     0.00     0.00     0.00     0.00     0.00     0.00     0.00
  Total heap region rem set sizes = 5999K.  Max = 28K.
  Static structures = 369K, free_lists = 14K.
    215185 occupied cards represented.
    Max size region = 1455:(O)[0x00000007be300000,0x00000007be400000,0x00000007be400000], size = 29K, occupied = 83K.
    Did 0 coarsenings.
2014-08-01T09:12:27.147-0500: 967.591: [GC pause (young) 967.591: [G1Ergonomics (CSet Construction) start choosing CSet, _pending_cards: 5497, predicted base time: 17.28 ms, remaining time: 82.72 ms, target pause time: 100.00 ms]
 967.591: [G1Ergonomics (CSet Construction) add young regions to CSet, eden: 1564 regions, survivors: 12 regions, predicted young region time: 25.58 ms]
 967.591: [G1Ergonomics (CSet Construction) finish choosing CSet, eden: 1564 regions, survivors: 12 regions, old: 0 regions, predicted pause time: 42.86 ms, target pause time: 100.00 ms]
, 0.0349250 secs]
   [Parallel Time: 21.3 ms, GC Workers: 18]
      [GC Worker Start (ms): Min: 967591.1, Avg: 967591.3, Max: 967591.4, Diff: 0.4]
      [Ext Root Scanning (ms): Min: 6.0, Avg: 7.7, Max: 9.8, Diff: 3.8, Sum: 137.9]
      [Update RS (ms): Min: 0.0, Avg: 0.9, Max: 2.7, Diff: 2.7, Sum: 15.6]
         [Processed Buffers: Min: 0, Avg: 6.8, Max: 23, Diff: 23, Sum: 123]
      [Scan RS (ms): Min: 0.2, Avg: 0.8, Max: 1.0, Diff: 0.8, Sum: 13.6]
      [Object Copy (ms): Min: 10.1, Avg: 11.2, Max: 11.8, Diff: 1.7, Sum: 201.4]
      [Termination (ms): Min: 0.0, Avg: 0.1, Max: 0.1, Diff: 0.1, Sum: 0.9]
      [GC Worker Other (ms): Min: 0.0, Avg: 0.2, Max: 0.4, Diff: 0.4, Sum: 4.3]
      [GC Worker Total (ms): Min: 20.4, Avg: 20.8, Max: 21.1, Diff: 0.6, Sum: 373.7]
      [GC Worker End (ms): Min: 967611.8, Avg: 967612.0, Max: 967612.2, Diff: 0.4]
   [Code Root Fixup: 0.0 ms]
   [Clear CT: 1.9 ms]
   [Other: 11.8 ms]
      [Choose CSet: 0.0 ms]
      [Ref Proc: 5.4 ms]
      [Ref Enq: 1.1 ms]
      [Free CSet: 4.7 ms]
   [Eden: 1564.0M(1564.0M)->0.0B(1554.0M) Survivors: 12.0M->22.0M Heap: 1970.4M(2252.0M)->415.8M(2252.0M)]
 [Times: user=0.40 sys=0.01, real=0.03 secs] 

 Concurrent RS processed 463685 cards
  Of 7961 completed buffers:
         7961 (100.0%) by conc RS threads.
            0 (  0.0%) by mutator threads.
  Conc RS threads times(s)
          0.00     0.00     0.00     0.00     0.00     0.00     0.00     0.00     0.00     0.00     0.00     0.00     0.00     0.00     0.00     0.00     0.00     0.00     0.00
  Total heap region rem set sizes = 5999K.  Max = 28K.
  Static structures = 369K, free_lists = 14K.
    215197 occupied cards represented.
    Max size region = 1455:(O)[0x00000007be300000,0x00000007be400000,0x00000007be400000], size = 29K, occupied = 83K.
    Did 0 coarsenings.
2014-08-01T09:12:33.717-0500: 974.160: [GC pause (young) 974.160: [G1Ergonomics (CSet Construction) start choosing CSet, _pending_cards: 5792, predicted base time: 17.81 ms, remaining time: 82.19 ms, target pause time: 100.00 ms]
 974.160: [G1Ergonomics (CSet Construction) add young regions to CSet, eden: 1554 regions, survivors: 22 regions, predicted young region time: 13.67 ms]
 974.160: [G1Ergonomics (CSet Construction) finish choosing CSet, eden: 1554 regions, survivors: 22 regions, old: 0 regions, predicted pause time: 31.48 ms, target pause time: 100.00 ms]
, 0.0402040 secs]
   [Parallel Time: 27.5 ms, GC Workers: 18]
      [GC Worker Start (ms): Min: 974160.5, Avg: 974160.7, Max: 974160.8, Diff: 0.3]
      [Ext Root Scanning (ms): Min: 4.6, Avg: 6.2, Max: 7.2, Diff: 2.6, Sum: 111.2]
      [Update RS (ms): Min: 0.0, Avg: 0.8, Max: 3.3, Diff: 3.3, Sum: 14.0]
         [Processed Buffers: Min: 0, Avg: 7.8, Max: 24, Diff: 24, Sum: 140]
      [Scan RS (ms): Min: 0.2, Avg: 0.7, Max: 1.0, Diff: 0.9, Sum: 13.3]
      [Object Copy (ms): Min: 17.8, Avg: 18.8, Max: 19.2, Diff: 1.4, Sum: 339.0]
      [Termination (ms): Min: 0.0, Avg: 0.2, Max: 0.3, Diff: 0.3, Sum: 4.0]
      [GC Worker Other (ms): Min: 0.0, Avg: 0.2, Max: 0.4, Diff: 0.4, Sum: 4.0]
      [GC Worker Total (ms): Min: 26.7, Avg: 27.0, Max: 27.3, Diff: 0.6, Sum: 485.5]
      [GC Worker End (ms): Min: 974187.4, Avg: 974187.6, Max: 974187.8, Diff: 0.4]
   [Code Root Fixup: 0.0 ms]
   [Clear CT: 1.8 ms]
   [Other: 10.9 ms]
      [Choose CSet: 0.0 ms]
      [Ref Proc: 5.1 ms]
      [Ref Enq: 0.4 ms]
      [Free CSet: 4.9 ms]
   [Eden: 1554.0M(1554.0M)->0.0B(1558.0M) Survivors: 22.0M->18.0M Heap: 1969.8M(2252.0M)->412.0M(2252.0M)]
 [Times: user=0.53 sys=0.01, real=0.04 secs] 

 Concurrent RS processed 465150 cards
  Of 8101 completed buffers:
         8101 (100.0%) by conc RS threads.
            0 (  0.0%) by mutator threads.
  Conc RS threads times(s)
          0.00     0.00     0.00     0.00     0.00     0.00     0.00     0.00     0.00     0.00     0.00     0.00     0.00     0.00     0.00     0.00     0.00     0.00     0.00
  Total heap region rem set sizes = 6000K.  Max = 28K.
  Static structures = 369K, free_lists = 13K.
    215535 occupied cards represented.
    Max size region = 1455:(O)[0x00000007be300000,0x00000007be400000,0x00000007be400000], size = 29K, occupied = 83K.
    Did 0 coarsenings.
2014-08-01T09:12:40.088-0500: 980.531: [GC pause (young) 980.531: [G1Ergonomics (CSet Construction) start choosing CSet, _pending_cards: 5771, predicted base time: 17.25 ms, remaining time: 82.75 ms, target pause time: 100.00 ms]
 980.531: [G1Ergonomics (CSet Construction) add young regions to CSet, eden: 1558 regions, survivors: 18 regions, predicted young region time: 22.87 ms]
 980.531: [G1Ergonomics (CSet Construction) finish choosing CSet, eden: 1558 regions, survivors: 18 regions, old: 0 regions, predicted pause time: 40.12 ms, target pause time: 100.00 ms]
, 0.0425850 secs]
   [Parallel Time: 29.4 ms, GC Workers: 18]
      [GC Worker Start (ms): Min: 980531.6, Avg: 980531.8, Max: 980532.0, Diff: 0.3]
      [Ext Root Scanning (ms): Min: 4.3, Avg: 6.4, Max: 9.9, Diff: 5.7, Sum: 115.1]
      [Update RS (ms): Min: 0.0, Avg: 0.7, Max: 3.1, Diff: 3.1, Sum: 12.4]
         [Processed Buffers: Min: 0, Avg: 7.1, Max: 17, Diff: 17, Sum: 128]
      [Scan RS (ms): Min: 0.2, Avg: 0.7, Max: 0.9, Diff: 0.7, Sum: 13.2]
      [Object Copy (ms): Min: 17.1, Avg: 19.4, Max: 19.8, Diff: 2.7, Sum: 349.5]
      [Termination (ms): Min: 0.0, Avg: 0.4, Max: 0.5, Diff: 0.5, Sum: 7.0]
      [GC Worker Other (ms): Min: 0.0, Avg: 0.2, Max: 0.4, Diff: 0.3, Sum: 3.8]
      [GC Worker Total (ms): Min: 27.6, Avg: 27.8, Max: 28.0, Diff: 0.5, Sum: 501.0]
      [GC Worker End (ms): Min: 980559.5, Avg: 980559.6, Max: 980559.8, Diff: 0.3]
   [Code Root Fixup: 0.0 ms]
   [Clear CT: 1.8 ms]
   [Other: 11.4 ms]
      [Choose CSet: 0.0 ms]
      [Ref Proc: 5.7 ms]
      [Ref Enq: 0.4 ms]
      [Free CSet: 4.7 ms]
   [Eden: 1558.0M(1558.0M)->0.0B(1562.0M) Survivors: 18.0M->14.0M Heap: 1970.0M(2252.0M)->408.3M(2252.0M)]
 [Times: user=0.55 sys=0.01, real=0.04 secs] 

 Concurrent RS processed 466408 cards
  Of 8229 completed buffers:
         8229 (100.0%) by conc RS threads.
            0 (  0.0%) by mutator threads.
  Conc RS threads times(s)
          0.00     0.00     0.00     0.00     0.00     0.00     0.00     0.00     0.00     0.00     0.00     0.00     0.00     0.00     0.00     0.00     0.00     0.00     0.00
  Total heap region rem set sizes = 6000K.  Max = 28K.
  Static structures = 369K, free_lists = 13K.
    215542 occupied cards represented.
    Max size region = 1455:(O)[0x00000007be300000,0x00000007be400000,0x00000007be400000], size = 29K, occupied = 83K.
    Did 0 coarsenings.
2014-08-01T09:12:46.311-0500: 986.755: [GC pause (young) 986.755: [G1Ergonomics (CSet Construction) start choosing CSet, _pending_cards: 5246, predicted base time: 17.30 ms, remaining time: 82.70 ms, target pause time: 100.00 ms]
 986.755: [G1Ergonomics (CSet Construction) add young regions to CSet, eden: 1562 regions, survivors: 14 regions, predicted young region time: 18.28 ms]
 986.755: [G1Ergonomics (CSet Construction) finish choosing CSet, eden: 1562 regions, survivors: 14 regions, old: 0 regions, predicted pause time: 35.58 ms, target pause time: 100.00 ms]
, 0.0385930 secs]
   [Parallel Time: 24.2 ms, GC Workers: 18]
      [GC Worker Start (ms): Min: 986754.9, Avg: 986755.0, Max: 986755.2, Diff: 0.3]
      [Ext Root Scanning (ms): Min: 4.6, Avg: 6.2, Max: 9.2, Diff: 4.7, Sum: 112.2]
      [Update RS (ms): Min: 0.0, Avg: 0.9, Max: 2.6, Diff: 2.6, Sum: 15.5]
         [Processed Buffers: Min: 0, Avg: 6.7, Max: 18, Diff: 18, Sum: 120]
      [Scan RS (ms): Min: 0.2, Avg: 0.7, Max: 0.9, Diff: 0.7, Sum: 12.7]
      [Object Copy (ms): Min: 13.8, Avg: 15.4, Max: 15.8, Diff: 2.0, Sum: 276.7]
      [Termination (ms): Min: 0.0, Avg: 0.4, Max: 0.5, Diff: 0.5, Sum: 6.7]
      [GC Worker Other (ms): Min: 0.0, Avg: 0.2, Max: 0.4, Diff: 0.4, Sum: 4.0]
      [GC Worker Total (ms): Min: 23.5, Avg: 23.8, Max: 24.1, Diff: 0.6, Sum: 427.9]
      [GC Worker End (ms): Min: 986778.6, Avg: 986778.8, Max: 986779.0, Diff: 0.4]
   [Code Root Fixup: 0.0 ms]
   [Clear CT: 2.3 ms]
   [Other: 12.1 ms]
      [Choose CSet: 0.0 ms]
      [Ref Proc: 6.3 ms]
      [Ref Enq: 0.5 ms]
      [Free CSet: 4.7 ms]
   [Eden: 1562.0M(1562.0M)->0.0B(1564.0M) Survivors: 14.0M->12.0M Heap: 1970.3M(2252.0M)->406.3M(2252.0M)]
 [Times: user=0.48 sys=0.00, real=0.04 secs] 

 Concurrent RS processed 467864 cards
  Of 8349 completed buffers:
         8349 (100.0%) by conc RS threads.
            0 (  0.0%) by mutator threads.
  Conc RS threads times(s)
          0.00     0.00     0.00     0.00     0.00     0.00     0.00     0.00     0.00     0.00     0.00     0.00     0.00     0.00     0.00     0.00     0.00     0.00     0.00
  Total heap region rem set sizes = 6000K.  Max = 28K.
  Static structures = 369K, free_lists = 13K.
    215997 occupied cards represented.
    Max size region = 1455:(O)[0x00000007be300000,0x00000007be400000,0x00000007be400000], size = 29K, occupied = 83K.
    Did 0 coarsenings.
2014-08-01T09:12:52.690-0500: 993.133: [GC pause (young) 993.133: [G1Ergonomics (CSet Construction) start choosing CSet, _pending_cards: 5506, predicted base time: 17.45 ms, remaining time: 82.55 ms, target pause time: 100.00 ms]
 993.133: [G1Ergonomics (CSet Construction) add young regions to CSet, eden: 1564 regions, survivors: 12 regions, predicted young region time: 26.36 ms]
 993.133: [G1Ergonomics (CSet Construction) finish choosing CSet, eden: 1564 regions, survivors: 12 regions, old: 0 regions, predicted pause time: 43.81 ms, target pause time: 100.00 ms]
, 0.0336270 secs]
   [Parallel Time: 17.4 ms, GC Workers: 18]
      [GC Worker Start (ms): Min: 993133.2, Avg: 993133.3, Max: 993133.5, Diff: 0.3]
      [Ext Root Scanning (ms): Min: 4.4, Avg: 6.2, Max: 7.1, Diff: 2.6, Sum: 111.5]
      [Update RS (ms): Min: 0.3, Avg: 1.0, Max: 2.6, Diff: 2.3, Sum: 17.3]
         [Processed Buffers: Min: 1, Avg: 7.4, Max: 20, Diff: 19, Sum: 134]
      [Scan RS (ms): Min: 0.4, Avg: 0.8, Max: 0.9, Diff: 0.5, Sum: 13.6]
      [Object Copy (ms): Min: 7.7, Avg: 8.7, Max: 9.1, Diff: 1.4, Sum: 157.4]
      [Termination (ms): Min: 0.0, Avg: 0.1, Max: 0.1, Diff: 0.1, Sum: 1.4]
      [GC Worker Other (ms): Min: 0.0, Avg: 0.2, Max: 0.4, Diff: 0.4, Sum: 4.3]
      [GC Worker Total (ms): Min: 16.6, Avg: 17.0, Max: 17.3, Diff: 0.7, Sum: 305.4]
      [GC Worker End (ms): Min: 993150.1, Avg: 993150.3, Max: 993150.5, Diff: 0.4]
   [Code Root Fixup: 0.0 ms]
   [Clear CT: 1.6 ms]
   [Other: 14.6 ms]
      [Choose CSet: 0.0 ms]
      [Ref Proc: 8.8 ms]
      [Ref Enq: 0.5 ms]
      [Free CSet: 4.7 ms]
   [Eden: 1564.0M(1564.0M)->0.0B(1554.0M) Survivors: 12.0M->22.0M Heap: 1970.3M(2252.0M)->416.4M(2252.0M)]
 [Times: user=0.36 sys=0.00, real=0.03 secs] 

 Concurrent RS processed 469209 cards
  Of 8483 completed buffers:
         8483 (100.0%) by conc RS threads.
            0 (  0.0%) by mutator threads.
  Conc RS threads times(s)
          0.00     0.00     0.00     0.00     0.00     0.00     0.00     0.00     0.00     0.00     0.00     0.00     0.00     0.00     0.00     0.00     0.00     0.00     0.00
  Total heap region rem set sizes = 6002K.  Max = 28K.
  Static structures = 369K, free_lists = 13K.
    216141 occupied cards represented.
    Max size region = 1455:(O)[0x00000007be300000,0x00000007be400000,0x00000007be400000], size = 29K, occupied = 83K.
    Did 0 coarsenings.
2014-08-01T09:12:58.875-0500: 999.319: [GC pause (young) 999.319: [G1Ergonomics (CSet Construction) start choosing CSet, _pending_cards: 5752, predicted base time: 18.27 ms, remaining time: 81.73 ms, target pause time: 100.00 ms]
 999.319: [G1Ergonomics (CSet Construction) add young regions to CSet, eden: 1554 regions, survivors: 22 regions, predicted young region time: 13.42 ms]
 999.319: [G1Ergonomics (CSet Construction) finish choosing CSet, eden: 1554 regions, survivors: 22 regions, old: 0 regions, predicted pause time: 31.69 ms, target pause time: 100.00 ms]
, 0.0350760 secs]
   [Parallel Time: 22.2 ms, GC Workers: 18]
      [GC Worker Start (ms): Min: 999318.9, Avg: 999319.0, Max: 999319.2, Diff: 0.3]
      [Ext Root Scanning (ms): Min: 5.1, Avg: 6.6, Max: 8.6, Diff: 3.4, Sum: 118.4]
      [Update RS (ms): Min: 0.0, Avg: 0.9, Max: 2.8, Diff: 2.8, Sum: 16.8]
         [Processed Buffers: Min: 0, Avg: 7.1, Max: 17, Diff: 17, Sum: 127]
      [Scan RS (ms): Min: 0.3, Avg: 0.8, Max: 0.9, Diff: 0.6, Sum: 13.6]
      [Object Copy (ms): Min: 11.6, Avg: 12.7, Max: 13.2, Diff: 1.6, Sum: 227.7]
      [Termination (ms): Min: 0.2, Avg: 0.7, Max: 0.8, Diff: 0.6, Sum: 12.2]
      [GC Worker Other (ms): Min: 0.0, Avg: 0.2, Max: 0.3, Diff: 0.3, Sum: 3.0]
      [GC Worker Total (ms): Min: 21.5, Avg: 21.8, Max: 22.0, Diff: 0.5, Sum: 391.8]
      [GC Worker End (ms): Min: 999340.7, Avg: 999340.8, Max: 999341.0, Diff: 0.3]
   [Code Root Fixup: 0.0 ms]
   [Clear CT: 1.8 ms]
   [Other: 11.0 ms]
      [Choose CSet: 0.0 ms]
      [Ref Proc: 5.3 ms]
      [Ref Enq: 0.4 ms]
      [Free CSet: 4.7 ms]
   [Eden: 1554.0M(1554.0M)->0.0B(1560.0M) Survivors: 22.0M->16.0M Heap: 1970.4M(2252.0M)->410.3M(2252.0M)]
 [Times: user=0.44 sys=0.00, real=0.04 secs] 

 Concurrent RS processed 470621 cards
  Of 8610 completed buffers:
         8610 (100.0%) by conc RS threads.
            0 (  0.0%) by mutator threads.
  Conc RS threads times(s)
          0.00     0.00     0.00     0.00     0.00     0.00     0.00     0.00     0.00     0.00     0.00     0.00     0.00     0.00     0.00     0.00     0.00     0.00     0.00
  Total heap region rem set sizes = 6002K.  Max = 28K.
  Static structures = 369K, free_lists = 13K.
    216282 occupied cards represented.
    Max size region = 1455:(O)[0x00000007be300000,0x00000007be400000,0x00000007be400000], size = 29K, occupied = 83K.
    Did 0 coarsenings.
2014-08-01T09:13:04.768-0500: 1005.211: [GC pause (young) 1005.212: [G1Ergonomics (CSet Construction) start choosing CSet, _pending_cards: 5264, predicted base time: 17.71 ms, remaining time: 82.29 ms, target pause time: 100.00 ms]
 1005.212: [G1Ergonomics (CSet Construction) add young regions to CSet, eden: 1560 regions, survivors: 16 regions, predicted young region time: 23.30 ms]
 1005.212: [G1Ergonomics (CSet Construction) finish choosing CSet, eden: 1560 regions, survivors: 16 regions, old: 0 regions, predicted pause time: 41.02 ms, target pause time: 100.00 ms]
, 0.0298660 secs]
   [Parallel Time: 17.0 ms, GC Workers: 18]
      [GC Worker Start (ms): Min: 1005211.8, Avg: 1005212.0, Max: 1005212.2, Diff: 0.3]
      [Ext Root Scanning (ms): Min: 5.8, Avg: 6.6, Max: 9.1, Diff: 3.3, Sum: 119.3]
      [Update RS (ms): Min: 0.0, Avg: 0.8, Max: 1.8, Diff: 1.8, Sum: 14.6]
         [Processed Buffers: Min: 0, Avg: 7.4, Max: 24, Diff: 24, Sum: 134]
      [Scan RS (ms): Min: 0.2, Avg: 0.7, Max: 0.9, Diff: 0.7, Sum: 12.4]
      [Object Copy (ms): Min: 7.0, Avg: 8.2, Max: 8.7, Diff: 1.7, Sum: 147.2]
      [Termination (ms): Min: 0.0, Avg: 0.0, Max: 0.1, Diff: 0.1, Sum: 0.6]
      [GC Worker Other (ms): Min: 0.0, Avg: 0.2, Max: 0.4, Diff: 0.3, Sum: 3.8]
      [GC Worker Total (ms): Min: 16.3, Avg: 16.5, Max: 16.8, Diff: 0.5, Sum: 297.9]
      [GC Worker End (ms): Min: 1005228.4, Avg: 1005228.5, Max: 1005228.7, Diff: 0.3]
   [Code Root Fixup: 0.0 ms]
   [Clear CT: 1.7 ms]
   [Other: 11.2 ms]
      [Choose CSet: 0.0 ms]
      [Ref Proc: 5.5 ms]
      [Ref Enq: 0.4 ms]
      [Free CSet: 4.7 ms]
   [Eden: 1560.0M(1560.0M)->0.0B(1557.0M) Survivors: 16.0M->19.0M Heap: 1970.3M(2252.0M)->413.4M(2252.0M)]
 [Times: user=0.34 sys=0.01, real=0.03 secs] 

 Concurrent RS processed 472054 cards
  Of 8744 completed buffers:
         8744 (100.0%) by conc RS threads.
            0 (  0.0%) by mutator threads.
  Conc RS threads times(s)
          0.00     0.00     0.00     0.00     0.00     0.00     0.00     0.00     0.00     0.00     0.00     0.00     0.00     0.00     0.00     0.00     0.00     0.00     0.00
  Total heap region rem set sizes = 6002K.  Max = 28K.
  Static structures = 369K, free_lists = 13K.
    216443 occupied cards represented.
    Max size region = 1455:(O)[0x00000007be300000,0x00000007be400000,0x00000007be400000], size = 29K, occupied = 83K.
    Did 0 coarsenings.
2014-08-01T09:13:10.722-0500: 1011.166: [GC pause (young) 1011.166: [G1Ergonomics (CSet Construction) start choosing CSet, _pending_cards: 5871, predicted base time: 17.44 ms, remaining time: 82.56 ms, target pause time: 100.00 ms]
 1011.166: [G1Ergonomics (CSet Construction) add young regions to CSet, eden: 1557 regions, survivors: 19 regions, predicted young region time: 20.70 ms]
 1011.166: [G1Ergonomics (CSet Construction) finish choosing CSet, eden: 1557 regions, survivors: 19 regions, old: 0 regions, predicted pause time: 38.15 ms, target pause time: 100.00 ms]
, 0.0244050 secs]
   [Parallel Time: 13.3 ms, GC Workers: 18]
      [GC Worker Start (ms): Min: 1011166.0, Avg: 1011166.1, Max: 1011166.2, Diff: 0.3]
      [Ext Root Scanning (ms): Min: 3.5, Avg: 4.5, Max: 8.6, Diff: 5.1, Sum: 81.6]
      [Update RS (ms): Min: 0.0, Avg: 0.6, Max: 1.4, Diff: 1.4, Sum: 11.7]
         [Processed Buffers: Min: 0, Avg: 7.3, Max: 20, Diff: 20, Sum: 132]
      [Scan RS (ms): Min: 0.2, Avg: 0.5, Max: 0.7, Diff: 0.5, Sum: 8.7]
      [Object Copy (ms): Min: 3.7, Avg: 6.9, Max: 7.3, Diff: 3.6, Sum: 123.7]
      [Termination (ms): Min: 0.0, Avg: 0.1, Max: 0.2, Diff: 0.2, Sum: 2.3]
      [GC Worker Other (ms): Min: 0.0, Avg: 0.2, Max: 0.3, Diff: 0.3, Sum: 3.1]
      [GC Worker Total (ms): Min: 12.6, Avg: 12.8, Max: 13.0, Diff: 0.4, Sum: 231.1]
      [GC Worker End (ms): Min: 1011178.8, Avg: 1011178.9, Max: 1011179.1, Diff: 0.3]
   [Code Root Fixup: 0.0 ms]
   [Clear CT: 1.5 ms]
   [Other: 9.7 ms]
      [Choose CSet: 0.0 ms]
      [Ref Proc: 4.3 ms]
      [Ref Enq: 0.3 ms]
      [Free CSet: 4.5 ms]
   [Eden: 1557.0M(1557.0M)->0.0B(1562.0M) Survivors: 19.0M->14.0M Heap: 1970.4M(2252.0M)->408.6M(2252.0M)]
 [Times: user=0.27 sys=0.00, real=0.02 secs] 

 Concurrent RS processed 473682 cards
  Of 8876 completed buffers:
         8876 (100.0%) by conc RS threads.
            0 (  0.0%) by mutator threads.
  Conc RS threads times(s)
          0.00     0.00     0.00     0.00     0.00     0.00     0.00     0.00     0.00     0.00     0.00     0.00     0.00     0.00     0.00     0.00     0.00     0.00     0.00
  Total heap region rem set sizes = 6005K.  Max = 28K.
  Static structures = 369K, free_lists = 12K.
    216640 occupied cards represented.
    Max size region = 1455:(O)[0x00000007be300000,0x00000007be400000,0x00000007be400000], size = 29K, occupied = 83K.
    Did 0 coarsenings.
2014-08-01T09:13:16.652-0500: 1017.096: [GC pause (young) 1017.096: [G1Ergonomics (CSet Construction) start choosing CSet, _pending_cards: 5936, predicted base time: 16.49 ms, remaining time: 83.51 ms, target pause time: 100.00 ms]
 1017.096: [G1Ergonomics (CSet Construction) add young regions to CSet, eden: 1562 regions, survivors: 14 regions, predicted young region time: 11.46 ms]
 1017.096: [G1Ergonomics (CSet Construction) finish choosing CSet, eden: 1562 regions, survivors: 14 regions, old: 0 regions, predicted pause time: 27.95 ms, target pause time: 100.00 ms]
, 0.0367340 secs]
   [Parallel Time: 18.6 ms, GC Workers: 18]
      [GC Worker Start (ms): Min: 1017095.9, Avg: 1017096.0, Max: 1017096.2, Diff: 0.3]
      [Ext Root Scanning (ms): Min: 4.6, Avg: 6.3, Max: 9.3, Diff: 4.7, Sum: 113.7]
      [Update RS (ms): Min: 0.0, Avg: 0.9, Max: 2.8, Diff: 2.8, Sum: 16.3]
         [Processed Buffers: Min: 0, Avg: 7.3, Max: 24, Diff: 24, Sum: 132]
      [Scan RS (ms): Min: 0.2, Avg: 0.8, Max: 1.1, Diff: 0.9, Sum: 14.0]
      [Object Copy (ms): Min: 7.5, Avg: 9.1, Max: 9.5, Diff: 2.0, Sum: 163.4]
      [Termination (ms): Min: 0.0, Avg: 0.5, Max: 0.7, Diff: 0.6, Sum: 8.8]
      [GC Worker Other (ms): Min: 0.0, Avg: 0.5, Max: 0.8, Diff: 0.8, Sum: 8.4]
      [GC Worker Total (ms): Min: 17.5, Avg: 18.0, Max: 18.5, Diff: 1.0, Sum: 324.5]
      [GC Worker End (ms): Min: 1017113.6, Avg: 1017114.1, Max: 1017114.4, Diff: 0.8]
   [Code Root Fixup: 0.0 ms]
   [Clear CT: 2.0 ms]
   [Other: 16.1 ms]
      [Choose CSet: 0.0 ms]
      [Ref Proc: 9.9 ms]
      [Ref Enq: 0.5 ms]
      [Free CSet: 5.1 ms]
   [Eden: 1562.0M(1562.0M)->0.0B(1553.0M) Survivors: 14.0M->23.0M Heap: 1970.6M(2252.0M)->417.5M(2252.0M)]
 [Times: user=0.39 sys=0.01, real=0.03 secs] 

 Concurrent RS processed 475431 cards
  Of 9008 completed buffers:
         9008 (100.0%) by conc RS threads.
            0 (  0.0%) by mutator threads.
  Conc RS threads times(s)
          0.00     0.00     0.00     0.00     0.00     0.00     0.00     0.00     0.00     0.00     0.00     0.00     0.00     0.00     0.00     0.00     0.00     0.00     0.00
  Total heap region rem set sizes = 6007K.  Max = 28K.
  Static structures = 369K, free_lists = 11K.
    217203 occupied cards represented.
    Max size region = 1455:(O)[0x00000007be300000,0x00000007be400000,0x00000007be400000], size = 29K, occupied = 83K.
    Did 0 coarsenings.
2014-08-01T09:13:22.747-0500: 1023.191: [GC pause (young) 1023.191: [G1Ergonomics (CSet Construction) start choosing CSet, _pending_cards: 5263, predicted base time: 18.47 ms, remaining time: 81.53 ms, target pause time: 100.00 ms]
 1023.191: [G1Ergonomics (CSet Construction) add young regions to CSet, eden: 1553 regions, survivors: 23 regions, predicted young region time: 15.47 ms]
 1023.191: [G1Ergonomics (CSet Construction) finish choosing CSet, eden: 1553 regions, survivors: 23 regions, old: 0 regions, predicted pause time: 33.94 ms, target pause time: 100.00 ms]
, 0.0345050 secs]
   [Parallel Time: 20.8 ms, GC Workers: 18]
      [GC Worker Start (ms): Min: 1023190.9, Avg: 1023191.1, Max: 1023191.2, Diff: 0.3]
      [Ext Root Scanning (ms): Min: 5.1, Avg: 6.6, Max: 9.6, Diff: 4.5, Sum: 117.9]
      [Update RS (ms): Min: 0.0, Avg: 1.1, Max: 2.9, Diff: 2.9, Sum: 19.4]
         [Processed Buffers: Min: 0, Avg: 7.3, Max: 18, Diff: 18, Sum: 131]
      [Scan RS (ms): Min: 0.2, Avg: 0.8, Max: 1.0, Diff: 0.8, Sum: 14.3]
      [Object Copy (ms): Min: 10.2, Avg: 11.5, Max: 11.9, Diff: 1.7, Sum: 206.8]
      [Termination (ms): Min: 0.0, Avg: 0.1, Max: 0.1, Diff: 0.1, Sum: 1.9]
      [GC Worker Other (ms): Min: 0.0, Avg: 0.2, Max: 0.4, Diff: 0.4, Sum: 3.9]
      [GC Worker Total (ms): Min: 19.9, Avg: 20.2, Max: 20.6, Diff: 0.6, Sum: 364.2]
      [GC Worker End (ms): Min: 1023211.1, Avg: 1023211.3, Max: 1023211.5, Diff: 0.4]
   [Code Root Fixup: 0.0 ms]
   [Clear CT: 1.6 ms]
   [Other: 12.1 ms]
      [Choose CSet: 0.0 ms]
      [Ref Proc: 6.5 ms]
      [Ref Enq: 0.5 ms]
      [Free CSet: 4.3 ms]
   [Eden: 1553.0M(1553.0M)->0.0B(1562.0M) Survivors: 23.0M->14.0M Heap: 1970.5M(2252.0M)->409.2M(2252.0M)]
 [Times: user=0.41 sys=0.01, real=0.03 secs] 

 Concurrent RS processed 477129 cards
  Of 9139 completed buffers:
         9139 (100.0%) by conc RS threads.
            0 (  0.0%) by mutator threads.
  Conc RS threads times(s)
          0.00     0.00     0.00     0.00     0.00     0.00     0.00     0.00     0.00     0.00     0.00     0.00     0.00     0.00     0.00     0.00     0.00     0.00     0.00
  Total heap region rem set sizes = 6008K.  Max = 28K.
  Static structures = 369K, free_lists = 11K.
    217700 occupied cards represented.
    Max size region = 1455:(O)[0x00000007be300000,0x00000007be400000,0x00000007be400000], size = 29K, occupied = 84K.
    Did 0 coarsenings.
2014-08-01T09:13:29.067-0500: 1029.511: [GC pause (young) 1029.511: [G1Ergonomics (CSet Construction) start choosing CSet, _pending_cards: 5262, predicted base time: 18.43 ms, remaining time: 81.57 ms, target pause time: 100.00 ms]
 1029.511: [G1Ergonomics (CSet Construction) add young regions to CSet, eden: 1562 regions, survivors: 14 regions, predicted young region time: 14.67 ms]
 1029.511: [G1Ergonomics (CSet Construction) finish choosing CSet, eden: 1562 regions, survivors: 14 regions, old: 0 regions, predicted pause time: 33.09 ms, target pause time: 100.00 ms]
, 0.0388360 secs]
   [Parallel Time: 25.8 ms, GC Workers: 18]
      [GC Worker Start (ms): Min: 1029511.1, Avg: 1029511.2, Max: 1029511.4, Diff: 0.3]
      [Ext Root Scanning (ms): Min: 7.4, Avg: 9.2, Max: 11.0, Diff: 3.6, Sum: 166.1]
      [Update RS (ms): Min: 0.0, Avg: 1.0, Max: 2.5, Diff: 2.5, Sum: 18.7]
         [Processed Buffers: Min: 0, Avg: 7.2, Max: 30, Diff: 30, Sum: 129]
      [Scan RS (ms): Min: 0.2, Avg: 0.6, Max: 1.0, Diff: 0.8, Sum: 11.6]
      [Object Copy (ms): Min: 11.5, Avg: 12.3, Max: 13.4, Diff: 1.9, Sum: 222.2]
      [Termination (ms): Min: 0.1, Avg: 1.5, Max: 1.7, Diff: 1.6, Sum: 27.7]
      [GC Worker Other (ms): Min: 0.0, Avg: 0.2, Max: 0.6, Diff: 0.6, Sum: 3.6]
      [GC Worker Total (ms): Min: 24.7, Avg: 25.0, Max: 25.5, Diff: 0.8, Sum: 449.9]
      [GC Worker End (ms): Min: 1029536.0, Avg: 1029536.2, Max: 1029536.7, Diff: 0.6]
   [Code Root Fixup: 0.0 ms]
   [Clear CT: 1.7 ms]
   [Other: 11.4 ms]
      [Choose CSet: 0.0 ms]
      [Ref Proc: 5.3 ms]
      [Ref Enq: 1.3 ms]
      [Free CSet: 4.2 ms]
   [Eden: 1562.0M(1562.0M)->0.0B(1560.0M) Survivors: 14.0M->16.0M Heap: 1971.2M(2252.0M)->410.8M(2252.0M)]
 [Times: user=0.44 sys=0.01, real=0.04 secs] 

 Concurrent RS processed 478808 cards
  Of 9268 completed buffers:
         9268 (100.0%) by conc RS threads.
            0 (  0.0%) by mutator threads.
  Conc RS threads times(s)
          0.00     0.00     0.00     0.00     0.00     0.00     0.00     0.00     0.00     0.00     0.00     0.00     0.00     0.00     0.00     0.00     0.00     0.00     0.00
  Total heap region rem set sizes = 6009K.  Max = 28K.
  Static structures = 369K, free_lists = 11K.
    217886 occupied cards represented.
    Max size region = 1455:(O)[0x00000007be300000,0x00000007be400000,0x00000007be400000], size = 29K, occupied = 84K.
    Did 0 coarsenings.
2014-08-01T09:13:35.072-0500: 1035.515: [GC pause (young) 1035.515: [G1Ergonomics (CSet Construction) start choosing CSet, _pending_cards: 5541, predicted base time: 19.22 ms, remaining time: 80.78 ms, target pause time: 100.00 ms]
 1035.515: [G1Ergonomics (CSet Construction) add young regions to CSet, eden: 1560 regions, survivors: 16 regions, predicted young region time: 15.64 ms]
 1035.515: [G1Ergonomics (CSet Construction) finish choosing CSet, eden: 1560 regions, survivors: 16 regions, old: 0 regions, predicted pause time: 34.87 ms, target pause time: 100.00 ms]
, 0.0353780 secs]
   [Parallel Time: 19.5 ms, GC Workers: 18]
      [GC Worker Start (ms): Min: 1035515.5, Avg: 1035515.7, Max: 1035515.9, Diff: 0.4]
      [Ext Root Scanning (ms): Min: 4.7, Avg: 6.4, Max: 9.5, Diff: 4.8, Sum: 115.4]
      [Update RS (ms): Min: 0.0, Avg: 0.9, Max: 2.7, Diff: 2.7, Sum: 16.7]
         [Processed Buffers: Min: 0, Avg: 7.3, Max: 24, Diff: 24, Sum: 132]
      [Scan RS (ms): Min: 0.2, Avg: 0.7, Max: 0.9, Diff: 0.7, Sum: 13.0]
      [Object Copy (ms): Min: 8.6, Avg: 10.4, Max: 10.8, Diff: 2.2, Sum: 188.0]
      [Termination (ms): Min: 0.0, Avg: 0.2, Max: 0.2, Diff: 0.2, Sum: 2.8]
      [GC Worker Other (ms): Min: 0.0, Avg: 0.2, Max: 0.4, Diff: 0.4, Sum: 4.1]
      [GC Worker Total (ms): Min: 18.6, Avg: 18.9, Max: 19.2, Diff: 0.6, Sum: 340.0]
      [GC Worker End (ms): Min: 1035534.4, Avg: 1035534.6, Max: 1035534.8, Diff: 0.4]
   [Code Root Fixup: 0.0 ms]
   [Clear CT: 1.9 ms]
   [Other: 14.0 ms]
      [Choose CSet: 0.0 ms]
      [Ref Proc: 8.4 ms]
      [Ref Enq: 0.5 ms]
      [Free CSet: 4.7 ms]
   [Eden: 1560.0M(1560.0M)->0.0B(1554.0M) Survivors: 16.0M->22.0M Heap: 1970.8M(2252.0M)->416.8M(2252.0M)]
 [Times: user=0.40 sys=0.01, real=0.04 secs] 

 Concurrent RS processed 480461 cards
  Of 9400 completed buffers:
         9400 (100.0%) by conc RS threads.
            0 (  0.0%) by mutator threads.
  Conc RS threads times(s)
          0.00     0.00     0.00     0.00     0.00     0.00     0.00     0.00     0.00     0.00     0.00     0.00     0.00     0.00     0.00     0.00     0.00     0.00     0.00
  Total heap region rem set sizes = 6009K.  Max = 28K.
  Static structures = 369K, free_lists = 11K.
    217986 occupied cards represented.
    Max size region = 1455:(O)[0x00000007be300000,0x00000007be400000,0x00000007be400000], size = 29K, occupied = 84K.
    Did 0 coarsenings.
2014-08-01T09:13:41.042-0500: 1041.486: [GC pause (young) 1041.486: [G1Ergonomics (CSet Construction) start choosing CSet, _pending_cards: 5328, predicted base time: 19.38 ms, remaining time: 80.62 ms, target pause time: 100.00 ms]
 1041.486: [G1Ergonomics (CSet Construction) add young regions to CSet, eden: 1554 regions, survivors: 22 regions, predicted young region time: 13.73 ms]
 1041.486: [G1Ergonomics (CSet Construction) finish choosing CSet, eden: 1554 regions, survivors: 22 regions, old: 0 regions, predicted pause time: 33.11 ms, target pause time: 100.00 ms]
, 0.0347280 secs]
   [Parallel Time: 22.3 ms, GC Workers: 18]
      [GC Worker Start (ms): Min: 1041485.9, Avg: 1041486.0, Max: 1041486.2, Diff: 0.3]
      [Ext Root Scanning (ms): Min: 6.6, Avg: 7.6, Max: 10.1, Diff: 3.5, Sum: 137.0]
      [Update RS (ms): Min: 0.0, Avg: 0.9, Max: 1.9, Diff: 1.9, Sum: 16.6]
         [Processed Buffers: Min: 0, Avg: 7.2, Max: 22, Diff: 22, Sum: 129]
      [Scan RS (ms): Min: 0.2, Avg: 0.7, Max: 0.9, Diff: 0.7, Sum: 12.4]
      [Object Copy (ms): Min: 10.9, Avg: 12.0, Max: 12.7, Diff: 1.8, Sum: 216.5]
      [Termination (ms): Min: 0.0, Avg: 0.3, Max: 0.3, Diff: 0.3, Sum: 4.7]
      [GC Worker Other (ms): Min: 0.0, Avg: 0.2, Max: 0.4, Diff: 0.4, Sum: 3.9]
      [GC Worker Total (ms): Min: 21.4, Avg: 21.7, Max: 22.0, Diff: 0.6, Sum: 391.2]
      [GC Worker End (ms): Min: 1041507.6, Avg: 1041507.8, Max: 1041507.9, Diff: 0.4]
   [Code Root Fixup: 0.0 ms]
   [Clear CT: 1.8 ms]
   [Other: 10.6 ms]
      [Choose CSet: 0.0 ms]
      [Ref Proc: 4.8 ms]
      [Ref Enq: 0.4 ms]
      [Free CSet: 4.9 ms]
   [Eden: 1554.0M(1554.0M)->0.0B(1559.0M) Survivors: 22.0M->17.0M Heap: 1970.8M(2252.0M)->411.7M(2252.0M)]
 [Times: user=0.42 sys=0.01, real=0.04 secs] 

 Concurrent RS processed 482099 cards
  Of 9529 completed buffers:
         9529 (100.0%) by conc RS threads.
            0 (  0.0%) by mutator threads.
  Conc RS threads times(s)
          0.00     0.00     0.00     0.00     0.00     0.00     0.00     0.00     0.00     0.00     0.00     0.00     0.00     0.00     0.00     0.00     0.00     0.00     0.00
  Total heap region rem set sizes = 6009K.  Max = 28K.
  Static structures = 369K, free_lists = 11K.
    218100 occupied cards represented.
    Max size region = 1455:(O)[0x00000007be300000,0x00000007be400000,0x00000007be400000], size = 29K, occupied = 84K.
    Did 0 coarsenings.
2014-08-01T09:13:47.210-0500: 1047.653: [GC pause (young) 1047.653: [G1Ergonomics (CSet Construction) start choosing CSet, _pending_cards: 5510, predicted base time: 18.81 ms, remaining time: 81.19 ms, target pause time: 100.00 ms]
 1047.653: [G1Ergonomics (CSet Construction) add young regions to CSet, eden: 1559 regions, survivors: 17 regions, predicted young region time: 17.92 ms]
 1047.653: [G1Ergonomics (CSet Construction) finish choosing CSet, eden: 1559 regions, survivors: 17 regions, old: 0 regions, predicted pause time: 36.73 ms, target pause time: 100.00 ms]
, 0.0354800 secs]
   [Parallel Time: 20.7 ms, GC Workers: 18]
      [GC Worker Start (ms): Min: 1047653.4, Avg: 1047653.6, Max: 1047653.7, Diff: 0.3]
      [Ext Root Scanning (ms): Min: 4.8, Avg: 6.9, Max: 9.7, Diff: 4.8, Sum: 123.4]
      [Update RS (ms): Min: 0.0, Avg: 0.9, Max: 2.9, Diff: 2.9, Sum: 16.7]
         [Processed Buffers: Min: 0, Avg: 7.1, Max: 21, Diff: 21, Sum: 128]
      [Scan RS (ms): Min: 0.2, Avg: 0.7, Max: 0.9, Diff: 0.8, Sum: 12.8]
      [Object Copy (ms): Min: 10.0, Avg: 11.3, Max: 11.7, Diff: 1.7, Sum: 204.0]
      [Termination (ms): Min: 0.0, Avg: 0.1, Max: 0.1, Diff: 0.1, Sum: 1.3]
      [GC Worker Other (ms): Min: 0.0, Avg: 0.3, Max: 0.5, Diff: 0.5, Sum: 4.9]
      [GC Worker Total (ms): Min: 19.8, Avg: 20.2, Max: 20.5, Diff: 0.7, Sum: 363.1]
      [GC Worker End (ms): Min: 1047673.5, Avg: 1047673.8, Max: 1047674.0, Diff: 0.5]
   [Code Root Fixup: 0.0 ms]
   [Clear CT: 1.8 ms]
   [Other: 13.0 ms]
      [Choose CSet: 0.0 ms]
      [Ref Proc: 7.3 ms]
      [Ref Enq: 0.4 ms]
      [Free CSet: 4.8 ms]
   [Eden: 1559.0M(1559.0M)->0.0B(1562.0M) Survivors: 17.0M->14.0M Heap: 1970.7M(2252.0M)->409.5M(2252.0M)]
 [Times: user=0.41 sys=0.01, real=0.03 secs] 

 Concurrent RS processed 483810 cards
  Of 9657 completed buffers:
         9657 (100.0%) by conc RS threads.
            0 (  0.0%) by mutator threads.
  Conc RS threads times(s)
          0.00     0.00     0.00     0.00     0.00     0.00     0.00     0.00     0.00     0.00     0.00     0.00     0.00     0.00     0.00     0.00     0.00     0.00     0.00
  Total heap region rem set sizes = 6011K.  Max = 28K.
  Static structures = 369K, free_lists = 10K.
    218334 occupied cards represented.
    Max size region = 1455:(O)[0x00000007be300000,0x00000007be400000,0x00000007be400000], size = 29K, occupied = 84K.
    Did 0 coarsenings.
2014-08-01T09:13:53.334-0500: 1053.777: [GC pause (young) 1053.777: [G1Ergonomics (CSet Construction) start choosing CSet, _pending_cards: 6532, predicted base time: 19.00 ms, remaining time: 81.00 ms, target pause time: 100.00 ms]
 1053.777: [G1Ergonomics (CSet Construction) add young regions to CSet, eden: 1562 regions, survivors: 14 regions, predicted young region time: 23.60 ms]
 1053.777: [G1Ergonomics (CSet Construction) finish choosing CSet, eden: 1562 regions, survivors: 14 regions, old: 0 regions, predicted pause time: 42.60 ms, target pause time: 100.00 ms]
, 0.0342350 secs]
   [Parallel Time: 19.9 ms, GC Workers: 18]
      [GC Worker Start (ms): Min: 1053777.7, Avg: 1053777.8, Max: 1053778.0, Diff: 0.3]
      [Ext Root Scanning (ms): Min: 5.9, Avg: 7.2, Max: 9.8, Diff: 3.9, Sum: 129.3]
      [Update RS (ms): Min: 0.0, Avg: 1.3, Max: 2.4, Diff: 2.4, Sum: 22.7]
         [Processed Buffers: Min: 0, Avg: 7.4, Max: 23, Diff: 23, Sum: 133]
      [Scan RS (ms): Min: 0.2, Avg: 0.7, Max: 0.9, Diff: 0.7, Sum: 12.3]
      [Object Copy (ms): Min: 8.7, Avg: 10.0, Max: 10.5, Diff: 1.8, Sum: 179.3]
      [Termination (ms): Min: 0.0, Avg: 0.1, Max: 0.2, Diff: 0.2, Sum: 2.5]
      [GC Worker Other (ms): Min: 0.1, Avg: 0.2, Max: 0.4, Diff: 0.3, Sum: 3.9]
      [GC Worker Total (ms): Min: 19.1, Avg: 19.4, Max: 19.7, Diff: 0.6, Sum: 350.1]
      [GC Worker End (ms): Min: 1053797.1, Avg: 1053797.3, Max: 1053797.5, Diff: 0.4]
   [Code Root Fixup: 0.0 ms]
   [Clear CT: 1.7 ms]
   [Other: 12.6 ms]
      [Choose CSet: 0.0 ms]
      [Ref Proc: 6.6 ms]
      [Ref Enq: 0.5 ms]
      [Free CSet: 4.9 ms]
   [Eden: 1562.0M(1562.0M)->0.0B(1560.0M) Survivors: 14.0M->16.0M Heap: 1971.5M(2252.0M)->411.3M(2252.0M)]
 [Times: user=0.41 sys=0.00, real=0.04 secs] 

 Concurrent RS processed 486039 cards
  Of 9790 completed buffers:
         9790 (100.0%) by conc RS threads.
            0 (  0.0%) by mutator threads.
  Conc RS threads times(s)
          0.00     0.00     0.00     0.00     0.00     0.00     0.00     0.00     0.00     0.00     0.00     0.00     0.00     0.00     0.00     0.00     0.00     0.00     0.00
  Total heap region rem set sizes = 6012K.  Max = 28K.
  Static structures = 369K, free_lists = 10K.
    219183 occupied cards represented.
    Max size region = 1455:(O)[0x00000007be300000,0x00000007be400000,0x00000007be400000], size = 29K, occupied = 84K.
    Did 0 coarsenings.
2014-08-01T09:13:59.599-0500: 1060.042: [GC pause (young) 1060.042: [G1Ergonomics (CSet Construction) start choosing CSet, _pending_cards: 5765, predicted base time: 18.77 ms, remaining time: 81.23 ms, target pause time: 100.00 ms]
 1060.042: [G1Ergonomics (CSet Construction) add young regions to CSet, eden: 1560 regions, survivors: 16 regions, predicted young region time: 18.84 ms]
 1060.042: [G1Ergonomics (CSet Construction) finish choosing CSet, eden: 1560 regions, survivors: 16 regions, old: 0 regions, predicted pause time: 37.61 ms, target pause time: 100.00 ms]
, 0.0319860 secs]
   [Parallel Time: 18.8 ms, GC Workers: 18]
      [GC Worker Start (ms): Min: 1060042.5, Avg: 1060042.7, Max: 1060042.8, Diff: 0.3]
      [Ext Root Scanning (ms): Min: 6.0, Avg: 6.7, Max: 9.5, Diff: 3.5, Sum: 120.9]
      [Update RS (ms): Min: 0.0, Avg: 1.2, Max: 3.0, Diff: 3.0, Sum: 21.6]
         [Processed Buffers: Min: 0, Avg: 7.0, Max: 30, Diff: 30, Sum: 126]
      [Scan RS (ms): Min: 0.2, Avg: 0.7, Max: 0.9, Diff: 0.7, Sum: 12.5]
      [Object Copy (ms): Min: 8.3, Avg: 9.4, Max: 9.9, Diff: 1.6, Sum: 170.1]
      [Termination (ms): Min: 0.0, Avg: 0.0, Max: 0.1, Diff: 0.1, Sum: 0.8]
      [GC Worker Other (ms): Min: 0.0, Avg: 0.2, Max: 0.4, Diff: 0.4, Sum: 4.3]
      [GC Worker Total (ms): Min: 18.1, Avg: 18.3, Max: 18.5, Diff: 0.4, Sum: 330.1]
      [GC Worker End (ms): Min: 1060060.8, Avg: 1060061.0, Max: 1060061.2, Diff: 0.4]
   [Code Root Fixup: 0.0 ms]
   [Clear CT: 1.8 ms]
   [Other: 11.3 ms]
      [Choose CSet: 0.0 ms]
      [Ref Proc: 5.6 ms]
      [Ref Enq: 0.4 ms]
      [Free CSet: 4.8 ms]
   [Eden: 1560.0M(1560.0M)->0.0B(1550.0M) Survivors: 16.0M->26.0M Heap: 1971.3M(2252.0M)->422.0M(2252.0M)]
 [Times: user=0.38 sys=0.01, real=0.04 secs] 

 Concurrent RS processed 487926 cards
  Of 9916 completed buffers:
         9916 (100.0%) by conc RS threads.
            0 (  0.0%) by mutator threads.
  Conc RS threads times(s)
          0.00     0.00     0.00     0.00     0.00     0.00     0.00     0.00     0.00     0.00     0.00     0.00     0.00     0.00     0.00     0.00     0.00     0.00     0.00
  Total heap region rem set sizes = 6016K.  Max = 28K.
  Static structures = 369K, free_lists = 9K.
    219906 occupied cards represented.
    Max size region = 1455:(O)[0x00000007be300000,0x00000007be400000,0x00000007be400000], size = 29K, occupied = 84K.
    Did 0 coarsenings.
2014-08-01T09:14:05.541-0500: 1065.984: [GC pause (young) 1065.984: [G1Ergonomics (CSet Construction) start choosing CSet, _pending_cards: 5295, predicted base time: 18.28 ms, remaining time: 81.72 ms, target pause time: 100.00 ms]
 1065.984: [G1Ergonomics (CSet Construction) add young regions to CSet, eden: 1550 regions, survivors: 26 regions, predicted young region time: 18.69 ms]
 1065.984: [G1Ergonomics (CSet Construction) finish choosing CSet, eden: 1550 regions, survivors: 26 regions, old: 0 regions, predicted pause time: 36.97 ms, target pause time: 100.00 ms]
, 0.0395470 secs]
   [Parallel Time: 26.4 ms, GC Workers: 18]
      [GC Worker Start (ms): Min: 1065984.6, Avg: 1065984.7, Max: 1065984.9, Diff: 0.3]
      [Ext Root Scanning (ms): Min: 4.7, Avg: 6.7, Max: 9.3, Diff: 4.7, Sum: 120.0]
      [Update RS (ms): Min: 0.0, Avg: 0.9, Max: 3.6, Diff: 3.6, Sum: 16.2]
         [Processed Buffers: Min: 0, Avg: 7.3, Max: 27, Diff: 27, Sum: 131]
      [Scan RS (ms): Min: 0.2, Avg: 0.8, Max: 0.9, Diff: 0.7, Sum: 13.5]
      [Object Copy (ms): Min: 15.0, Avg: 16.3, Max: 16.9, Diff: 1.9, Sum: 293.2]
      [Termination (ms): Min: 0.0, Avg: 1.0, Max: 1.2, Diff: 1.2, Sum: 18.4]
      [GC Worker Other (ms): Min: 0.0, Avg: 0.2, Max: 0.4, Diff: 0.3, Sum: 2.9]
      [GC Worker Total (ms): Min: 25.5, Avg: 25.8, Max: 26.1, Diff: 0.5, Sum: 464.1]
      [GC Worker End (ms): Min: 1066010.4, Avg: 1066010.5, Max: 1066010.7, Diff: 0.4]
   [Code Root Fixup: 0.0 ms]
   [Clear CT: 1.8 ms]
   [Other: 11.4 ms]
      [Choose CSet: 0.0 ms]
      [Ref Proc: 5.5 ms]
      [Ref Enq: 0.5 ms]
      [Free CSet: 4.7 ms]
   [Eden: 1550.0M(1550.0M)->0.0B(1559.0M) Survivors: 26.0M->17.0M Heap: 1972.0M(2252.0M)->412.7M(2252.0M)]
 [Times: user=0.50 sys=0.01, real=0.04 secs] 

 Concurrent RS processed 489807 cards
  Of 10047 completed buffers:
        10047 (100.0%) by conc RS threads.
            0 (  0.0%) by mutator threads.
  Conc RS threads times(s)
          0.00     0.00     0.00     0.00     0.00     0.00     0.00     0.00     0.00     0.00     0.00     0.00     0.00     0.00     0.00     0.00     0.00     0.00     0.00
  Total heap region rem set sizes = 6016K.  Max = 28K.
  Static structures = 369K, free_lists = 9K.
    220210 occupied cards represented.
    Max size region = 1455:(O)[0x00000007be300000,0x00000007be400000,0x00000007be400000], size = 29K, occupied = 84K.
    Did 0 coarsenings.
2014-08-01T09:14:11.634-0500: 1072.077: [GC pause (young) 1072.077: [G1Ergonomics (CSet Construction) start choosing CSet, _pending_cards: 6050, predicted base time: 18.04 ms, remaining time: 81.96 ms, target pause time: 100.00 ms]
 1072.077: [G1Ergonomics (CSet Construction) add young regions to CSet, eden: 1559 regions, survivors: 17 regions, predicted young region time: 19.94 ms]
 1072.077: [G1Ergonomics (CSet Construction) finish choosing CSet, eden: 1559 regions, survivors: 17 regions, old: 0 regions, predicted pause time: 37.97 ms, target pause time: 100.00 ms]
, 0.0214650 secs]
   [Parallel Time: 12.1 ms, GC Workers: 18]
      [GC Worker Start (ms): Min: 1072077.1, Avg: 1072077.2, Max: 1072077.4, Diff: 0.2]
      [Ext Root Scanning (ms): Min: 4.1, Avg: 4.9, Max: 6.4, Diff: 2.2, Sum: 87.8]
      [Update RS (ms): Min: 0.0, Avg: 0.7, Max: 2.0, Diff: 2.0, Sum: 12.7]
         [Processed Buffers: Min: 0, Avg: 7.4, Max: 21, Diff: 21, Sum: 134]
      [Scan RS (ms): Min: 0.2, Avg: 0.6, Max: 0.7, Diff: 0.5, Sum: 10.0]
      [Object Copy (ms): Min: 3.9, Avg: 4.6, Max: 4.8, Diff: 0.9, Sum: 82.0]
      [Termination (ms): Min: 0.0, Avg: 0.0, Max: 0.0, Diff: 0.0, Sum: 0.2]
      [GC Worker Other (ms): Min: 0.0, Avg: 0.2, Max: 0.3, Diff: 0.3, Sum: 3.2]
      [GC Worker Total (ms): Min: 10.7, Avg: 10.9, Max: 11.0, Diff: 0.4, Sum: 195.8]
      [GC Worker End (ms): Min: 1072088.0, Avg: 1072088.1, Max: 1072088.2, Diff: 0.3]
   [Code Root Fixup: 0.0 ms]
   [Clear CT: 1.1 ms]
   [Other: 8.2 ms]
      [Choose CSet: 0.0 ms]
      [Ref Proc: 3.8 ms]
      [Ref Enq: 0.3 ms]
      [Free CSet: 3.7 ms]
   [Eden: 1559.0M(1559.0M)->0.0B(1562.0M) Survivors: 17.0M->14.0M Heap: 1971.7M(2252.0M)->410.1M(2252.0M)]
 [Times: user=0.22 sys=0.01, real=0.02 secs] 

 Concurrent RS processed 491630 cards
  Of 10181 completed buffers:
        10181 (100.0%) by conc RS threads.
            0 (  0.0%) by mutator threads.
  Conc RS threads times(s)
          0.00     0.00     0.00     0.00     0.00     0.00     0.00     0.00     0.00     0.00     0.00     0.00     0.00     0.00     0.00     0.00     0.00     0.00     0.00
  Total heap region rem set sizes = 6016K.  Max = 28K.
  Static structures = 369K, free_lists = 8K.
    220504 occupied cards represented.
    Max size region = 1455:(O)[0x00000007be300000,0x00000007be400000,0x00000007be400000], size = 29K, occupied = 84K.
    Did 0 coarsenings.
2014-08-01T09:14:18.011-0500: 1078.454: [GC pause (young) 1078.455: [G1Ergonomics (CSet Construction) start choosing CSet, _pending_cards: 5795, predicted base time: 17.01 ms, remaining time: 82.99 ms, target pause time: 100.00 ms]
 1078.455: [G1Ergonomics (CSet Construction) add young regions to CSet, eden: 1562 regions, survivors: 14 regions, predicted young region time: 23.97 ms]
 1078.455: [G1Ergonomics (CSet Construction) finish choosing CSet, eden: 1562 regions, survivors: 14 regions, old: 0 regions, predicted pause time: 40.98 ms, target pause time: 100.00 ms]
, 0.0344110 secs]
   [Parallel Time: 21.1 ms, GC Workers: 18]
      [GC Worker Start (ms): Min: 1078454.8, Avg: 1078454.9, Max: 1078455.1, Diff: 0.3]
      [Ext Root Scanning (ms): Min: 4.7, Avg: 6.4, Max: 7.9, Diff: 3.2, Sum: 114.5]
      [Update RS (ms): Min: 0.5, Avg: 1.1, Max: 3.6, Diff: 3.1, Sum: 19.4]
         [Processed Buffers: Min: 1, Avg: 7.4, Max: 22, Diff: 21, Sum: 134]
      [Scan RS (ms): Min: 0.3, Avg: 0.7, Max: 0.8, Diff: 0.5, Sum: 12.4]
      [Object Copy (ms): Min: 10.9, Avg: 12.1, Max: 12.4, Diff: 1.5, Sum: 216.9]
      [Termination (ms): Min: 0.0, Avg: 0.2, Max: 0.3, Diff: 0.3, Sum: 3.7]
      [GC Worker Other (ms): Min: 0.0, Avg: 0.3, Max: 0.5, Diff: 0.4, Sum: 4.8]
      [GC Worker Total (ms): Min: 20.4, Avg: 20.7, Max: 21.0, Diff: 0.6, Sum: 371.8]
      [GC Worker End (ms): Min: 1078475.4, Avg: 1078475.6, Max: 1078475.8, Diff: 0.4]
   [Code Root Fixup: 0.0 ms]
   [Clear CT: 1.8 ms]
   [Other: 11.5 ms]
      [Choose CSet: 0.0 ms]
      [Ref Proc: 5.8 ms]
      [Ref Enq: 0.4 ms]
      [Free CSet: 4.7 ms]
   [Eden: 1562.0M(1562.0M)->0.0B(1561.0M) Survivors: 14.0M->15.0M Heap: 1972.1M(2252.0M)->411.1M(2252.0M)]
 [Times: user=0.43 sys=0.00, real=0.04 secs] 

 Concurrent RS processed 493496 cards
  Of 10315 completed buffers:
        10315 (100.0%) by conc RS threads.
            0 (  0.0%) by mutator threads.
  Conc RS threads times(s)
          0.00     0.00     0.00     0.00     0.00     0.00     0.00     0.00     0.00     0.00     0.00     0.00     0.00     0.00     0.00     0.00     0.00     0.00     0.00
  Total heap region rem set sizes = 6016K.  Max = 28K.
  Static structures = 369K, free_lists = 8K.
    220807 occupied cards represented.
    Max size region = 1455:(O)[0x00000007be300000,0x00000007be400000,0x00000007be400000], size = 29K, occupied = 84K.
    Did 0 coarsenings.
2014-08-01T09:14:24.449-0500: 1084.892: [GC pause (young) 1084.893: [G1Ergonomics (CSet Construction) start choosing CSet, _pending_cards: 5299, predicted base time: 16.96 ms, remaining time: 83.04 ms, target pause time: 100.00 ms]
 1084.893: [G1Ergonomics (CSet Construction) add young regions to CSet, eden: 1561 regions, survivors: 15 regions, predicted young region time: 17.03 ms]
 1084.893: [G1Ergonomics (CSet Construction) finish choosing CSet, eden: 1561 regions, survivors: 15 regions, old: 0 regions, predicted pause time: 33.99 ms, target pause time: 100.00 ms]
, 0.0413480 secs]
   [Parallel Time: 28.2 ms, GC Workers: 18]
      [GC Worker Start (ms): Min: 1084892.8, Avg: 1084892.9, Max: 1084893.2, Diff: 0.4]
      [Ext Root Scanning (ms): Min: 4.7, Avg: 6.7, Max: 9.7, Diff: 5.0, Sum: 120.4]
      [Update RS (ms): Min: 0.0, Avg: 1.6, Max: 11.3, Diff: 11.3, Sum: 29.7]
         [Processed Buffers: Min: 0, Avg: 7.2, Max: 21, Diff: 21, Sum: 129]
      [Scan RS (ms): Min: 0.2, Avg: 0.7, Max: 0.9, Diff: 0.7, Sum: 12.9]
      [Object Copy (ms): Min: 8.4, Avg: 17.8, Max: 18.9, Diff: 10.5, Sum: 319.6]
      [Termination (ms): Min: 0.1, Avg: 0.7, Max: 0.8, Diff: 0.7, Sum: 12.5]
      [GC Worker Other (ms): Min: 0.0, Avg: 0.2, Max: 0.4, Diff: 0.3, Sum: 3.6]
      [GC Worker Total (ms): Min: 27.4, Avg: 27.7, Max: 28.0, Diff: 0.6, Sum: 498.8]
      [GC Worker End (ms): Min: 1084920.5, Avg: 1084920.7, Max: 1084920.8, Diff: 0.3]
   [Code Root Fixup: 0.0 ms]
   [Clear CT: 1.8 ms]
   [Other: 11.3 ms]
      [Choose CSet: 0.0 ms]
      [Ref Proc: 5.4 ms]
      [Ref Enq: 0.4 ms]
      [Free CSet: 5.0 ms]
   [Eden: 1561.0M(1561.0M)->0.0B(1555.0M) Survivors: 15.0M->21.0M Heap: 1972.1M(2252.0M)->417.7M(2252.0M)]
 [Times: user=0.52 sys=0.01, real=0.04 secs] 

 Concurrent RS processed 495652 cards
  Of 10444 completed buffers:
        10444 (100.0%) by conc RS threads.
            0 (  0.0%) by mutator threads.
  Conc RS threads times(s)
          0.00     0.00     0.00     0.00     0.00     0.00     0.00     0.00     0.00     0.00     0.00     0.00     0.00     0.00     0.00     0.00     0.00     0.00     0.00
  Total heap region rem set sizes = 6018K.  Max = 28K.
  Static structures = 369K, free_lists = 8K.
    221884 occupied cards represented.
    Max size region = 1455:(O)[0x00000007be300000,0x00000007be400000,0x00000007be400000], size = 29K, occupied = 85K.
    Did 0 coarsenings.
2014-08-01T09:14:30.806-0500: 1091.249: [GC pause (young) 1091.249: [G1Ergonomics (CSet Construction) start choosing CSet, _pending_cards: 5808, predicted base time: 17.33 ms, remaining time: 82.67 ms, target pause time: 100.00 ms]
 1091.249: [G1Ergonomics (CSet Construction) add young regions to CSet, eden: 1555 regions, survivors: 21 regions, predicted young region time: 18.21 ms]
 1091.249: [G1Ergonomics (CSet Construction) finish choosing CSet, eden: 1555 regions, survivors: 21 regions, old: 0 regions, predicted pause time: 35.54 ms, target pause time: 100.00 ms]
, 0.0339970 secs]
   [Parallel Time: 20.6 ms, GC Workers: 18]
      [GC Worker Start (ms): Min: 1091249.4, Avg: 1091249.5, Max: 1091249.7, Diff: 0.3]
      [Ext Root Scanning (ms): Min: 5.6, Avg: 6.6, Max: 9.5, Diff: 3.8, Sum: 119.4]
      [Update RS (ms): Min: 0.0, Avg: 1.3, Max: 2.9, Diff: 2.9, Sum: 23.1]
         [Processed Buffers: Min: 0, Avg: 7.2, Max: 21, Diff: 21, Sum: 130]
      [Scan RS (ms): Min: 0.2, Avg: 0.7, Max: 0.9, Diff: 0.7, Sum: 13.0]
      [Object Copy (ms): Min: 9.8, Avg: 11.0, Max: 11.3, Diff: 1.5, Sum: 198.3]
      [Termination (ms): Min: 0.0, Avg: 0.2, Max: 0.2, Diff: 0.2, Sum: 3.3]
      [GC Worker Other (ms): Min: 0.0, Avg: 0.2, Max: 0.5, Diff: 0.4, Sum: 4.0]
      [GC Worker Total (ms): Min: 19.8, Avg: 20.1, Max: 20.2, Diff: 0.5, Sum: 361.2]
      [GC Worker End (ms): Min: 1091269.4, Avg: 1091269.6, Max: 1091269.9, Diff: 0.4]
   [Code Root Fixup: 0.0 ms]
   [Clear CT: 1.7 ms]
   [Other: 11.7 ms]
      [Choose CSet: 0.0 ms]
      [Ref Proc: 5.6 ms]
      [Ref Enq: 0.6 ms]
      [Free CSet: 5.0 ms]
   [Eden: 1555.0M(1555.0M)->0.0B(1557.0M) Survivors: 21.0M->19.0M Heap: 1972.7M(2252.0M)->415.4M(2252.0M)]
 [Times: user=0.41 sys=0.01, real=0.03 secs] 

 Concurrent RS processed 497718 cards
  Of 10574 completed buffers:
        10574 (100.0%) by conc RS threads.
            0 (  0.0%) by mutator threads.
  Conc RS threads times(s)
          0.00     0.00     0.00     0.00     0.00     0.00     0.00     0.00     0.00     0.00     0.00     0.00     0.00     0.00     0.00     0.00     0.00     0.00     0.00
  Total heap region rem set sizes = 6021K.  Max = 29K.
  Static structures = 369K, free_lists = 7K.
    222574 occupied cards represented.
    Max size region = 1455:(O)[0x00000007be300000,0x00000007be400000,0x00000007be400000], size = 29K, occupied = 85K.
    Did 0 coarsenings.
2014-08-01T09:14:37.269-0500: 1097.713: [GC pause (young) 1097.713: [G1Ergonomics (CSet Construction) start choosing CSet, _pending_cards: 5341, predicted base time: 17.22 ms, remaining time: 82.78 ms, target pause time: 100.00 ms]
 1097.713: [G1Ergonomics (CSet Construction) add young regions to CSet, eden: 1557 regions, survivors: 19 regions, predicted young region time: 22.10 ms]
 1097.713: [G1Ergonomics (CSet Construction) finish choosing CSet, eden: 1557 regions, survivors: 19 regions, old: 0 regions, predicted pause time: 39.32 ms, target pause time: 100.00 ms]
, 0.0292320 secs]
   [Parallel Time: 16.2 ms, GC Workers: 18]
      [GC Worker Start (ms): Min: 1097713.0, Avg: 1097713.1, Max: 1097713.3, Diff: 0.3]
      [Ext Root Scanning (ms): Min: 5.4, Avg: 6.4, Max: 9.2, Diff: 3.7, Sum: 115.7]
      [Update RS (ms): Min: 0.0, Avg: 1.1, Max: 2.1, Diff: 2.1, Sum: 19.4]
         [Processed Buffers: Min: 0, Avg: 7.4, Max: 19, Diff: 19, Sum: 133]
      [Scan RS (ms): Min: 0.2, Avg: 0.7, Max: 0.9, Diff: 0.7, Sum: 12.6]
      [Object Copy (ms): Min: 6.2, Avg: 7.4, Max: 7.7, Diff: 1.5, Sum: 132.4]
      [Termination (ms): Min: 0.0, Avg: 0.1, Max: 0.1, Diff: 0.1, Sum: 1.2]
      [GC Worker Other (ms): Min: 0.0, Avg: 0.2, Max: 0.4, Diff: 0.4, Sum: 4.0]
      [GC Worker Total (ms): Min: 15.6, Avg: 15.8, Max: 16.1, Diff: 0.5, Sum: 285.2]
      [GC Worker End (ms): Min: 1097728.8, Avg: 1097729.0, Max: 1097729.2, Diff: 0.4]
   [Code Root Fixup: 0.0 ms]
   [Clear CT: 1.7 ms]
   [Other: 11.3 ms]
      [Choose CSet: 0.0 ms]
      [Ref Proc: 5.6 ms]
      [Ref Enq: 0.4 ms]
      [Free CSet: 4.7 ms]
   [Eden: 1557.0M(1557.0M)->0.0B(1563.0M) Survivors: 19.0M->13.0M Heap: 1972.4M(2252.0M)->409.7M(2252.0M)]
 [Times: user=0.34 sys=0.01, real=0.03 secs] 

 Concurrent RS processed 499609 cards
  Of 10707 completed buffers:
        10707 (100.0%) by conc RS threads.
            0 (  0.0%) by mutator threads.
  Conc RS threads times(s)
          0.00     0.00     0.00     0.00     0.00     0.00     0.00     0.00     0.00     0.00     0.00     0.00     0.00     0.00     0.00     0.00     0.00     0.00     0.00
  Total heap region rem set sizes = 6024K.  Max = 29K.
  Static structures = 369K, free_lists = 6K.
    223256 occupied cards represented.
    Max size region = 1455:(O)[0x00000007be300000,0x00000007be400000,0x00000007be400000], size = 29K, occupied = 85K.
    Did 0 coarsenings.
2014-08-01T09:14:43.352-0500: 1103.795: [GC pause (young) 1103.795: [G1Ergonomics (CSet Construction) start choosing CSet, _pending_cards: 5533, predicted base time: 17.07 ms, remaining time: 82.93 ms, target pause time: 100.00 ms]
 1103.795: [G1Ergonomics (CSet Construction) add young regions to CSet, eden: 1563 regions, survivors: 13 regions, predicted young region time: 12.46 ms]
 1103.795: [G1Ergonomics (CSet Construction) finish choosing CSet, eden: 1563 regions, survivors: 13 regions, old: 0 regions, predicted pause time: 29.53 ms, target pause time: 100.00 ms]
, 0.0339820 secs]
   [Parallel Time: 20.7 ms, GC Workers: 18]
      [GC Worker Start (ms): Min: 1103795.5, Avg: 1103795.7, Max: 1103795.8, Diff: 0.3]
      [Ext Root Scanning (ms): Min: 4.8, Avg: 6.4, Max: 9.5, Diff: 4.6, Sum: 115.1]
      [Update RS (ms): Min: 0.0, Avg: 1.1, Max: 2.7, Diff: 2.7, Sum: 19.7]
         [Processed Buffers: Min: 0, Avg: 7.2, Max: 19, Diff: 19, Sum: 130]
      [Scan RS (ms): Min: 0.2, Avg: 0.8, Max: 0.9, Diff: 0.7, Sum: 14.0]
      [Object Copy (ms): Min: 10.2, Avg: 11.6, Max: 12.0, Diff: 1.8, Sum: 208.4]
      [Termination (ms): Min: 0.0, Avg: 0.3, Max: 0.3, Diff: 0.3, Sum: 4.8]
      [GC Worker Other (ms): Min: 0.0, Avg: 0.2, Max: 0.4, Diff: 0.3, Sum: 3.7]
      [GC Worker Total (ms): Min: 20.1, Avg: 20.3, Max: 20.6, Diff: 0.4, Sum: 365.8]
      [GC Worker End (ms): Min: 1103815.8, Avg: 1103816.0, Max: 1103816.2, Diff: 0.3]
   [Code Root Fixup: 0.0 ms]
   [Clear CT: 1.8 ms]
   [Other: 11.5 ms]
      [Choose CSet: 0.0 ms]
      [Ref Proc: 5.5 ms]
      [Ref Enq: 0.4 ms]
      [Free CSet: 4.9 ms]
   [Eden: 1563.0M(1563.0M)->0.0B(1564.0M) Survivors: 13.0M->12.0M Heap: 1972.7M(2252.0M)->408.7M(2252.0M)]
 [Times: user=0.41 sys=0.01, real=0.03 secs] 

 Concurrent RS processed 501438 cards
  Of 10837 completed buffers:
        10837 (100.0%) by conc RS threads.
            0 (  0.0%) by mutator threads.
  Conc RS threads times(s)
          0.00     0.00     0.00     0.00     0.00     0.00     0.00     0.00     0.00     0.00     0.00     0.00     0.00     0.00     0.00     0.00     0.00     0.00     0.00
  Total heap region rem set sizes = 6024K.  Max = 29K.
  Static structures = 369K, free_lists = 6K.
    223560 occupied cards represented.
    Max size region = 1455:(O)[0x00000007be300000,0x00000007be400000,0x00000007be400000], size = 29K, occupied = 85K.
    Did 0 coarsenings.
2014-08-01T09:14:49.345-0500: 1109.788: [GC pause (young) 1109.788: [G1Ergonomics (CSet Construction) start choosing CSet, _pending_cards: 5549, predicted base time: 16.91 ms, remaining time: 83.09 ms, target pause time: 100.00 ms]
 1109.788: [G1Ergonomics (CSet Construction) add young regions to CSet, eden: 1564 regions, survivors: 12 regions, predicted young region time: 24.28 ms]
 1109.788: [G1Ergonomics (CSet Construction) finish choosing CSet, eden: 1564 regions, survivors: 12 regions, old: 0 regions, predicted pause time: 41.19 ms, target pause time: 100.00 ms]
, 0.0333400 secs]
   [Parallel Time: 19.0 ms, GC Workers: 18]
      [GC Worker Start (ms): Min: 1109788.3, Avg: 1109788.4, Max: 1109788.6, Diff: 0.3]
      [Ext Root Scanning (ms): Min: 6.3, Avg: 7.6, Max: 14.5, Diff: 8.2, Sum: 137.6]
      [Update RS (ms): Min: 0.0, Avg: 1.1, Max: 2.7, Diff: 2.7, Sum: 20.3]
         [Processed Buffers: Min: 0, Avg: 7.2, Max: 19, Diff: 19, Sum: 129]
      [Scan RS (ms): Min: 0.2, Avg: 0.7, Max: 0.9, Diff: 0.7, Sum: 13.5]
      [Object Copy (ms): Min: 3.0, Avg: 8.6, Max: 9.6, Diff: 6.5, Sum: 155.0]
      [Termination (ms): Min: 0.0, Avg: 0.1, Max: 0.1, Diff: 0.1, Sum: 1.2]
      [GC Worker Other (ms): Min: 0.0, Avg: 0.2, Max: 0.4, Diff: 0.3, Sum: 4.0]
      [GC Worker Total (ms): Min: 18.2, Avg: 18.4, Max: 18.7, Diff: 0.5, Sum: 331.5]
      [GC Worker End (ms): Min: 1109806.7, Avg: 1109806.9, Max: 1109807.0, Diff: 0.3]
   [Code Root Fixup: 0.0 ms]
   [Clear CT: 1.8 ms]
   [Other: 12.6 ms]
      [Choose CSet: 0.0 ms]
      [Ref Proc: 6.2 ms]
      [Ref Enq: 0.4 ms]
      [Free CSet: 5.4 ms]
   [Eden: 1564.0M(1564.0M)->0.0B(1561.0M) Survivors: 12.0M->15.0M Heap: 1972.7M(2252.0M)->412.5M(2252.0M)]
 [Times: user=0.36 sys=0.00, real=0.04 secs] 

 Concurrent RS processed 503397 cards
  Of 10966 completed buffers:
        10966 (100.0%) by conc RS threads.
            0 (  0.0%) by mutator threads.
  Conc RS threads times(s)
          0.00     0.00     0.00     0.00     0.00     0.00     0.00     0.00     0.00     0.00     0.00     0.00     0.00     0.00     0.00     0.00     0.00     0.00     0.00
  Total heap region rem set sizes = 6030K.  Max = 29K.
  Static structures = 369K, free_lists = 4K.
    224167 occupied cards represented.
    Max size region = 1455:(O)[0x00000007be300000,0x00000007be400000,0x00000007be400000], size = 29K, occupied = 85K.
    Did 0 coarsenings.
2014-08-01T09:14:55.475-0500: 1115.918: [GC pause (young) 1115.918: [G1Ergonomics (CSet Construction) start choosing CSet, _pending_cards: 5303, predicted base time: 17.53 ms, remaining time: 82.47 ms, target pause time: 100.00 ms]
 1115.918: [G1Ergonomics (CSet Construction) add young regions to CSet, eden: 1561 regions, survivors: 15 regions, predicted young region time: 14.88 ms]
 1115.918: [G1Ergonomics (CSet Construction) finish choosing CSet, eden: 1561 regions, survivors: 15 regions, old: 0 regions, predicted pause time: 32.41 ms, target pause time: 100.00 ms]
, 0.0379100 secs]
   [Parallel Time: 22.6 ms, GC Workers: 18]
      [GC Worker Start (ms): Min: 1115918.4, Avg: 1115918.5, Max: 1115918.7, Diff: 0.3]
      [Ext Root Scanning (ms): Min: 4.5, Avg: 6.4, Max: 9.3, Diff: 4.8, Sum: 115.3]
      [Update RS (ms): Min: 0.0, Avg: 1.0, Max: 3.3, Diff: 3.3, Sum: 18.5]
         [Processed Buffers: Min: 0, Avg: 7.0, Max: 16, Diff: 16, Sum: 126]
      [Scan RS (ms): Min: 0.2, Avg: 0.7, Max: 1.0, Diff: 0.8, Sum: 13.1]
      [Object Copy (ms): Min: 12.1, Avg: 13.4, Max: 13.8, Diff: 1.6, Sum: 240.4]
      [Termination (ms): Min: 0.1, Avg: 0.3, Max: 0.3, Diff: 0.2, Sum: 5.0]
      [GC Worker Other (ms): Min: 0.0, Avg: 0.3, Max: 0.5, Diff: 0.4, Sum: 4.6]
      [GC Worker Total (ms): Min: 21.7, Avg: 22.1, Max: 22.3, Diff: 0.6, Sum: 396.9]
      [GC Worker End (ms): Min: 1115940.3, Avg: 1115940.6, Max: 1115940.8, Diff: 0.5]
   [Code Root Fixup: 0.0 ms]
   [Clear CT: 2.2 ms]
   [Other: 13.1 ms]
      [Choose CSet: 0.0 ms]
      [Ref Proc: 8.0 ms]
      [Ref Enq: 0.4 ms]
      [Free CSet: 4.2 ms]
   [Eden: 1561.0M(1561.0M)->0.0B(1561.0M) Survivors: 15.0M->15.0M Heap: 1973.5M(2252.0M)->412.2M(2252.0M)]
 [Times: user=0.47 sys=0.01, real=0.04 secs] 

 Concurrent RS processed 505448 cards
  Of 11092 completed buffers:
        11092 (100.0%) by conc RS threads.
            0 (  0.0%) by mutator threads.
  Conc RS threads times(s)
          0.00     0.00     0.00     0.00     0.00     0.00     0.00     0.00     0.00     0.00     0.00     0.00     0.00     0.00     0.00     0.00     0.00     0.00     0.00
  Total heap region rem set sizes = 6031K.  Max = 29K.
  Static structures = 369K, free_lists = 4K.
    224781 occupied cards represented.
    Max size region = 1455:(O)[0x00000007be300000,0x00000007be400000,0x00000007be400000], size = 29K, occupied = 85K.
    Did 0 coarsenings.
2014-08-01T09:15:01.673-0500: 1122.116: [GC pause (young) 1122.116: [G1Ergonomics (CSet Construction) start choosing CSet, _pending_cards: 5316, predicted base time: 18.31 ms, remaining time: 81.69 ms, target pause time: 100.00 ms]
 1122.116: [G1Ergonomics (CSet Construction) add young regions to CSet, eden: 1561 regions, survivors: 15 regions, predicted young region time: 21.54 ms]
 1122.116: [G1Ergonomics (CSet Construction) finish choosing CSet, eden: 1561 regions, survivors: 15 regions, old: 0 regions, predicted pause time: 39.85 ms, target pause time: 100.00 ms]
, 0.0439230 secs]
   [Parallel Time: 27.1 ms, GC Workers: 18]
      [GC Worker Start (ms): Min: 1122116.7, Avg: 1122116.9, Max: 1122117.0, Diff: 0.3]
      [Ext Root Scanning (ms): Min: 6.2, Avg: 7.5, Max: 12.6, Diff: 6.3, Sum: 134.3]
      [Update RS (ms): Min: 0.0, Avg: 1.3, Max: 3.1, Diff: 3.1, Sum: 23.2]
         [Processed Buffers: Min: 0, Avg: 7.6, Max: 28, Diff: 28, Sum: 137]
      [Scan RS (ms): Min: 0.2, Avg: 0.8, Max: 2.1, Diff: 1.8, Sum: 13.6]
      [Object Copy (ms): Min: 12.0, Avg: 15.4, Max: 16.8, Diff: 4.8, Sum: 277.2]
      [Termination (ms): Min: 0.5, Avg: 1.5, Max: 2.7, Diff: 2.2, Sum: 26.2]
      [GC Worker Other (ms): Min: 0.0, Avg: 0.2, Max: 0.4, Diff: 0.4, Sum: 3.5]
      [GC Worker Total (ms): Min: 26.3, Avg: 26.6, Max: 26.9, Diff: 0.6, Sum: 478.0]
      [GC Worker End (ms): Min: 1122143.3, Avg: 1122143.4, Max: 1122143.6, Diff: 0.4]
   [Code Root Fixup: 0.0 ms]
   [Clear CT: 2.4 ms]
   [Other: 14.4 ms]
      [Choose CSet: 0.0 ms]
      [Ref Proc: 9.3 ms]
      [Ref Enq: 0.4 ms]
      [Free CSet: 4.1 ms]
   [Eden: 1561.0M(1561.0M)->0.0B(1562.0M) Survivors: 15.0M->14.0M Heap: 1973.2M(2252.0M)->411.7M(2252.0M)]
 [Times: user=0.53 sys=0.00, real=0.04 secs] 

 Concurrent RS processed 507530 cards
  Of 11229 completed buffers:
        11229 (100.0%) by conc RS threads.
            0 (  0.0%) by mutator threads.
  Conc RS threads times(s)
          0.00     0.00     0.00     0.00     0.00     0.00     0.00     0.00     0.00     0.00     0.00     0.00     0.00     0.00     0.00     0.00     0.00     0.00     0.00
  Total heap region rem set sizes = 6031K.  Max = 29K.
  Static structures = 369K, free_lists = 4K.
    225537 occupied cards represented.
    Max size region = 1455:(O)[0x00000007be300000,0x00000007be400000,0x00000007be400000], size = 29K, occupied = 85K.
    Did 0 coarsenings.
2014-08-01T09:15:07.852-0500: 1128.296: [GC pause (young) 1128.296: [G1Ergonomics (CSet Construction) start choosing CSet, _pending_cards: 5313, predicted base time: 19.98 ms, remaining time: 80.02 ms, target pause time: 100.00 ms]
 1128.296: [G1Ergonomics (CSet Construction) add young regions to CSet, eden: 1562 regions, survivors: 14 regions, predicted young region time: 18.39 ms]
 1128.296: [G1Ergonomics (CSet Construction) finish choosing CSet, eden: 1562 regions, survivors: 14 regions, old: 0 regions, predicted pause time: 38.37 ms, target pause time: 100.00 ms]
, 0.0351970 secs]
   [Parallel Time: 17.0 ms, GC Workers: 18]
      [GC Worker Start (ms): Min: 1128296.0, Avg: 1128296.1, Max: 1128296.3, Diff: 0.3]
      [Ext Root Scanning (ms): Min: 4.6, Avg: 6.4, Max: 9.1, Diff: 4.5, Sum: 114.6]
      [Update RS (ms): Min: 0.0, Avg: 0.9, Max: 2.7, Diff: 2.7, Sum: 16.9]
         [Processed Buffers: Min: 0, Avg: 7.2, Max: 17, Diff: 17, Sum: 130]
      [Scan RS (ms): Min: 0.2, Avg: 0.7, Max: 0.9, Diff: 0.7, Sum: 13.0]
      [Object Copy (ms): Min: 6.4, Avg: 7.7, Max: 8.5, Diff: 2.1, Sum: 139.3]
      [Termination (ms): Min: 0.0, Avg: 0.6, Max: 0.8, Diff: 0.7, Sum: 10.1]
      [GC Worker Other (ms): Min: 0.0, Avg: 0.2, Max: 0.4, Diff: 0.3, Sum: 3.2]
      [GC Worker Total (ms): Min: 16.2, Avg: 16.5, Max: 16.8, Diff: 0.6, Sum: 297.1]
      [GC Worker End (ms): Min: 1128312.5, Avg: 1128312.6, Max: 1128312.8, Diff: 0.3]
   [Code Root Fixup: 0.0 ms]
   [Clear CT: 1.8 ms]
   [Other: 16.4 ms]
      [Choose CSet: 0.0 ms]
      [Ref Proc: 10.7 ms]
      [Ref Enq: 0.4 ms]
      [Free CSet: 4.7 ms]
   [Eden: 1562.0M(1562.0M)->0.0B(1557.0M) Survivors: 14.0M->19.0M Heap: 1973.7M(2252.0M)->416.3M(2252.0M)]
 [Times: user=0.38 sys=0.01, real=0.03 secs] 

 Concurrent RS processed 509304 cards
  Of 11359 completed buffers:
        11359 (100.0%) by conc RS threads.
            0 (  0.0%) by mutator threads.
  Conc RS threads times(s)
          0.00     0.00     0.00     0.00     0.00     0.00     0.00     0.00     0.00     0.00     0.00     0.00     0.00     0.00     0.00     0.00     0.00     0.00     0.00
  Total heap region rem set sizes = 6032K.  Max = 29K.
  Static structures = 369K, free_lists = 4K.
    225796 occupied cards represented.
    Max size region = 1455:(O)[0x00000007be300000,0x00000007be400000,0x00000007be400000], size = 29K, occupied = 85K.
    Did 0 coarsenings.
2014-08-01T09:15:14.459-0500: 1134.902: [GC pause (young) 1134.902: [G1Ergonomics (CSet Construction) start choosing CSet, _pending_cards: 57161, predicted base time: 31.89 ms, remaining time: 68.11 ms, target pause time: 100.00 ms]
 1134.902: [G1Ergonomics (CSet Construction) add young regions to CSet, eden: 1557 regions, survivors: 19 regions, predicted young region time: 29.73 ms]
 1134.902: [G1Ergonomics (CSet Construction) finish choosing CSet, eden: 1557 regions, survivors: 19 regions, old: 0 regions, predicted pause time: 61.62 ms, target pause time: 100.00 ms]
, 0.0339630 secs]
   [Parallel Time: 21.8 ms, GC Workers: 18]
      [GC Worker Start (ms): Min: 1134902.3, Avg: 1134902.4, Max: 1134902.5, Diff: 0.3]
      [Ext Root Scanning (ms): Min: 2.8, Avg: 5.0, Max: 8.2, Diff: 5.4, Sum: 90.8]
      [Update RS (ms): Min: 5.3, Avg: 7.6, Max: 9.2, Diff: 3.9, Sum: 136.5]
         [Processed Buffers: Min: 6, Avg: 19.7, Max: 36, Diff: 30, Sum: 354]
      [Scan RS (ms): Min: 0.2, Avg: 1.0, Max: 1.6, Diff: 1.4, Sum: 17.3]
      [Object Copy (ms): Min: 6.0, Avg: 7.5, Max: 8.5, Diff: 2.6, Sum: 134.7]
      [Termination (ms): Min: 0.0, Avg: 0.1, Max: 0.2, Diff: 0.2, Sum: 2.6]
      [GC Worker Other (ms): Min: 0.0, Avg: 0.1, Max: 0.3, Diff: 0.3, Sum: 2.6]
      [GC Worker Total (ms): Min: 21.1, Avg: 21.4, Max: 21.5, Diff: 0.4, Sum: 384.5]
      [GC Worker End (ms): Min: 1134923.6, Avg: 1134923.8, Max: 1134923.9, Diff: 0.3]
   [Code Root Fixup: 0.0 ms]
   [Clear CT: 1.5 ms]
   [Other: 10.7 ms]
      [Choose CSet: 0.0 ms]
      [Ref Proc: 7.4 ms]
      [Ref Enq: 0.4 ms]
      [Free CSet: 2.6 ms]
   [Eden: 1557.0M(1557.0M)->0.0B(1561.0M) Survivors: 19.0M->15.0M Heap: 2063.7M(2252.0M)->502.8M(2252.0M)]
 [Times: user=0.39 sys=0.04, real=0.04 secs] 

 Concurrent RS processed 622626 cards
  Of 12236 completed buffers:
        12236 (100.0%) by conc RS threads.
            0 (  0.0%) by mutator threads.
  Conc RS threads times(s)
          0.00     0.00     0.00     0.00     0.00     0.00     0.00     0.00     0.00     0.00     0.00     0.00     0.00     0.00     0.00     0.00     0.00     0.00     0.00
  Total heap region rem set sizes = 5827K.  Max = 29K.
  Static structures = 369K, free_lists = 8K.
    226062 occupied cards represented.
    Max size region = 1455:(O)[0x00000007be300000,0x00000007be400000,0x00000007be400000], size = 30K, occupied = 85K.
    Did 0 coarsenings.
2014-08-01T09:15:20.891-0500: 1141.334: [GC pause (young) 1141.334: [G1Ergonomics (CSet Construction) start choosing CSet, _pending_cards: 5309, predicted base time: 19.64 ms, remaining time: 80.36 ms, target pause time: 100.00 ms]
 1141.335: [G1Ergonomics (CSet Construction) add young regions to CSet, eden: 1561 regions, survivors: 15 regions, predicted young region time: 30.42 ms]
 1141.335: [G1Ergonomics (CSet Construction) finish choosing CSet, eden: 1561 regions, survivors: 15 regions, old: 0 regions, predicted pause time: 50.07 ms, target pause time: 100.00 ms]
, 0.0267060 secs]
   [Parallel Time: 12.2 ms, GC Workers: 18]
      [GC Worker Start (ms): Min: 1141334.7, Avg: 1141334.9, Max: 1141335.1, Diff: 0.4]
      [Ext Root Scanning (ms): Min: 3.9, Avg: 4.7, Max: 8.9, Diff: 4.9, Sum: 85.4]
      [Update RS (ms): Min: 0.0, Avg: 0.7, Max: 1.2, Diff: 1.2, Sum: 12.2]
         [Processed Buffers: Min: 0, Avg: 7.5, Max: 21, Diff: 21, Sum: 135]
      [Scan RS (ms): Min: 0.2, Avg: 0.5, Max: 0.7, Diff: 0.5, Sum: 9.6]
      [Object Copy (ms): Min: 1.2, Avg: 4.5, Max: 5.0, Diff: 3.8, Sum: 80.5]
      [Termination (ms): Min: 0.0, Avg: 0.1, Max: 0.1, Diff: 0.1, Sum: 1.0]
      [GC Worker Other (ms): Min: 0.0, Avg: 0.9, Max: 1.5, Diff: 1.5, Sum: 15.6]
      [GC Worker Total (ms): Min: 10.5, Avg: 11.4, Max: 12.0, Diff: 1.5, Sum: 204.3]
      [GC Worker End (ms): Min: 1141345.4, Avg: 1141346.2, Max: 1141346.8, Diff: 1.5]
   [Code Root Fixup: 0.0 ms]
   [Clear CT: 1.5 ms]
   [Other: 13.0 ms]
      [Choose CSet: 0.0 ms]
      [Ref Proc: 7.4 ms]
      [Ref Enq: 0.4 ms]
      [Free CSet: 4.6 ms]
   [Eden: 1561.0M(1561.0M)->0.0B(1565.0M) Survivors: 15.0M->11.0M Heap: 2063.8M(2252.0M)->499.4M(2252.0M)]
 [Times: user=0.25 sys=0.01, real=0.03 secs] 

 Concurrent RS processed 624544 cards
  Of 12371 completed buffers:
        12371 (100.0%) by conc RS threads.
            0 (  0.0%) by mutator threads.
  Conc RS threads times(s)
          0.00     0.00     0.00     0.00     0.00     0.00     0.00     0.00     0.00     0.00     0.00     0.00     0.00     0.00     0.00     0.00     0.00     0.00     0.00
  Total heap region rem set sizes = 5828K.  Max = 29K.
  Static structures = 369K, free_lists = 8K.
    226373 occupied cards represented.
    Max size region = 1455:(O)[0x00000007be300000,0x00000007be400000,0x00000007be400000], size = 30K, occupied = 85K.
    Did 0 coarsenings.
2014-08-01T09:15:27.053-0500: 1147.497: [GC pause (young) 1147.497: [G1Ergonomics (CSet Construction) start choosing CSet, _pending_cards: 5050, predicted base time: 18.98 ms, remaining time: 81.02 ms, target pause time: 100.00 ms]
 1147.497: [G1Ergonomics (CSet Construction) add young regions to CSet, eden: 1565 regions, survivors: 11 regions, predicted young region time: 10.54 ms]
 1147.497: [G1Ergonomics (CSet Construction) finish choosing CSet, eden: 1565 regions, survivors: 11 regions, old: 0 regions, predicted pause time: 29.52 ms, target pause time: 100.00 ms]
, 0.0391900 secs]
   [Parallel Time: 24.8 ms, GC Workers: 18]
      [GC Worker Start (ms): Min: 1147497.0, Avg: 1147497.2, Max: 1147497.3, Diff: 0.3]
      [Ext Root Scanning (ms): Min: 5.3, Avg: 6.7, Max: 10.9, Diff: 5.6, Sum: 119.7]
      [Update RS (ms): Min: 0.0, Avg: 1.1, Max: 3.1, Diff: 3.1, Sum: 20.6]
         [Processed Buffers: Min: 0, Avg: 7.4, Max: 24, Diff: 24, Sum: 133]
      [Scan RS (ms): Min: 0.2, Avg: 0.9, Max: 3.4, Diff: 3.2, Sum: 15.4]
      [Object Copy (ms): Min: 12.6, Avg: 15.1, Max: 15.8, Diff: 3.2, Sum: 272.1]
      [Termination (ms): Min: 0.0, Avg: 0.5, Max: 0.6, Diff: 0.6, Sum: 8.4]
      [GC Worker Other (ms): Min: 0.0, Avg: 0.2, Max: 0.4, Diff: 0.4, Sum: 3.9]
      [GC Worker Total (ms): Min: 24.1, Avg: 24.5, Max: 24.8, Diff: 0.6, Sum: 440.1]
      [GC Worker End (ms): Min: 1147521.4, Avg: 1147521.6, Max: 1147521.8, Diff: 0.4]
   [Code Root Fixup: 0.0 ms]
   [Clear CT: 2.2 ms]
   [Other: 12.1 ms]
      [Choose CSet: 0.0 ms]
      [Ref Proc: 7.1 ms]
      [Ref Enq: 0.4 ms]
      [Free CSet: 4.1 ms]
   [Eden: 1565.0M(1565.0M)->0.0B(1554.0M) Survivors: 11.0M->22.0M Heap: 2064.4M(2252.0M)->510.2M(2252.0M)]
 [Times: user=0.51 sys=0.01, real=0.04 secs] 

 Concurrent RS processed 626453 cards
  Of 12504 completed buffers:
        12504 (100.0%) by conc RS threads.
            0 (  0.0%) by mutator threads.
  Conc RS threads times(s)
          0.00     0.00     0.00     0.00     0.00     0.00     0.00     0.00     0.00     0.00     0.00     0.00     0.00     0.00     0.00     0.00     0.00     0.00     0.00
  Total heap region rem set sizes = 5828K.  Max = 29K.
  Static structures = 369K, free_lists = 8K.
    226609 occupied cards represented.
    Max size region = 1455:(O)[0x00000007be300000,0x00000007be400000,0x00000007be400000], size = 30K, occupied = 85K.
    Did 0 coarsenings.
2014-08-01T09:15:33.324-0500: 1153.767: [GC pause (young) 1153.768: [G1Ergonomics (CSet Construction) start choosing CSet, _pending_cards: 5335, predicted base time: 19.04 ms, remaining time: 80.96 ms, target pause time: 100.00 ms]
 1153.768: [G1Ergonomics (CSet Construction) add young regions to CSet, eden: 1554 regions, survivors: 22 regions, predicted young region time: 25.97 ms]
 1153.768: [G1Ergonomics (CSet Construction) finish choosing CSet, eden: 1554 regions, survivors: 22 regions, old: 0 regions, predicted pause time: 45.01 ms, target pause time: 100.00 ms]
, 0.0489060 secs]
   [Parallel Time: 31.3 ms, GC Workers: 18]
      [GC Worker Start (ms): Min: 1153767.8, Avg: 1153768.0, Max: 1153768.1, Diff: 0.3]
      [Ext Root Scanning (ms): Min: 2.5, Avg: 7.4, Max: 22.4, Diff: 19.9, Sum: 132.4]
      [Update RS (ms): Min: 0.0, Avg: 0.8, Max: 2.3, Diff: 2.3, Sum: 14.3]
         [Processed Buffers: Min: 0, Avg: 7.9, Max: 26, Diff: 26, Sum: 142]
      [Scan RS (ms): Min: 0.2, Avg: 0.7, Max: 0.8, Diff: 0.6, Sum: 12.2]
      [Object Copy (ms): Min: 2.8, Avg: 17.0, Max: 23.7, Diff: 20.8, Sum: 306.0]
      [Termination (ms): Min: 0.0, Avg: 3.8, Max: 5.3, Diff: 5.3, Sum: 68.8]
      [GC Worker Other (ms): Min: 0.0, Avg: 0.2, Max: 0.4, Diff: 0.3, Sum: 3.0]
      [GC Worker Total (ms): Min: 29.5, Avg: 29.8, Max: 30.8, Diff: 1.3, Sum: 536.7]
      [GC Worker End (ms): Min: 1153797.6, Avg: 1153797.8, Max: 1153798.8, Diff: 1.2]
   [Code Root Fixup: 0.0 ms]
   [Clear CT: 3.1 ms]
   [Other: 14.5 ms]
      [Choose CSet: 0.0 ms]
      [Ref Proc: 8.2 ms]
      [Ref Enq: 0.5 ms]
      [Free CSet: 5.2 ms]
   [Eden: 1554.0M(1554.0M)->0.0B(1562.0M) Survivors: 22.0M->14.0M Heap: 2064.2M(2252.0M)->502.0M(2252.0M)]
 [Times: user=0.56 sys=0.01, real=0.05 secs] 

 Concurrent RS processed 628536 cards
  Of 12646 completed buffers:
        12646 (100.0%) by conc RS threads.
            0 (  0.0%) by mutator threads.
  Conc RS threads times(s)
          0.00     0.00     0.00     0.00     0.00     0.00     0.00     0.00     0.00     0.00     0.00     0.00     0.00     0.00     0.00     0.00     0.00     0.00     0.00
  Total heap region rem set sizes = 5828K.  Max = 29K.
  Static structures = 369K, free_lists = 8K.
    226842 occupied cards represented.
    Max size region = 1455:(O)[0x00000007be300000,0x00000007be400000,0x00000007be400000], size = 30K, occupied = 86K.
    Did 0 coarsenings.
2014-08-01T09:15:39.640-0500: 1160.083: [GC pause (young) 1160.083: [G1Ergonomics (CSet Construction) start choosing CSet, _pending_cards: 5833, predicted base time: 20.53 ms, remaining time: 79.47 ms, target pause time: 100.00 ms]
 1160.083: [G1Ergonomics (CSet Construction) add young regions to CSet, eden: 1562 regions, survivors: 14 regions, predicted young region time: 24.78 ms]
 1160.083: [G1Ergonomics (CSet Construction) finish choosing CSet, eden: 1562 regions, survivors: 14 regions, old: 0 regions, predicted pause time: 45.31 ms, target pause time: 100.00 ms]
, 0.0301830 secs]
   [Parallel Time: 17.8 ms, GC Workers: 18]
      [GC Worker Start (ms): Min: 1160083.6, Avg: 1160083.8, Max: 1160084.0, Diff: 0.3]
      [Ext Root Scanning (ms): Min: 5.3, Avg: 6.7, Max: 9.1, Diff: 3.9, Sum: 121.0]
      [Update RS (ms): Min: 0.0, Avg: 1.0, Max: 2.7, Diff: 2.7, Sum: 17.7]
         [Processed Buffers: Min: 0, Avg: 7.6, Max: 21, Diff: 21, Sum: 137]
      [Scan RS (ms): Min: 0.2, Avg: 0.7, Max: 0.9, Diff: 0.7, Sum: 12.9]
      [Object Copy (ms): Min: 6.1, Avg: 7.3, Max: 7.6, Diff: 1.5, Sum: 130.9]
      [Termination (ms): Min: 0.0, Avg: 0.0, Max: 0.0, Diff: 0.0, Sum: 0.3]
      [GC Worker Other (ms): Min: 0.0, Avg: 0.2, Max: 0.4, Diff: 0.3, Sum: 3.9]
      [GC Worker Total (ms): Min: 15.6, Avg: 15.9, Max: 16.1, Diff: 0.5, Sum: 286.6]
      [GC Worker End (ms): Min: 1160099.5, Avg: 1160099.7, Max: 1160099.9, Diff: 0.4]
   [Code Root Fixup: 0.0 ms]
   [Clear CT: 1.6 ms]
   [Other: 10.8 ms]
      [Choose CSet: 0.0 ms]
      [Ref Proc: 5.4 ms]
      [Ref Enq: 0.5 ms]
      [Free CSet: 4.4 ms]
   [Eden: 1562.0M(1562.0M)->0.0B(1562.0M) Survivors: 14.0M->14.0M Heap: 2064.0M(2252.0M)->501.8M(2252.0M)]
 [Times: user=0.33 sys=0.01, real=0.03 secs] 

 Concurrent RS processed 630554 cards
  Of 12783 completed buffers:
        12783 (100.0%) by conc RS threads.
            0 (  0.0%) by mutator threads.
  Conc RS threads times(s)
          0.00     0.00     0.00     0.00     0.00     0.00     0.00     0.00     0.00     0.00     0.00     0.00     0.00     0.00     0.00     0.00     0.00     0.00     0.00
  Total heap region rem set sizes = 5828K.  Max = 29K.
  Static structures = 369K, free_lists = 8K.
    227128 occupied cards represented.
    Max size region = 1455:(O)[0x00000007be300000,0x00000007be400000,0x00000007be400000], size = 30K, occupied = 86K.
    Did 0 coarsenings.
2014-08-01T09:15:46.492-0500: 1166.935: [GC pause (young) 1166.935: [G1Ergonomics (CSet Construction) start choosing CSet, _pending_cards: 5561, predicted base time: 19.83 ms, remaining time: 80.17 ms, target pause time: 100.00 ms]
 1166.935: [G1Ergonomics (CSet Construction) add young regions to CSet, eden: 1562 regions, survivors: 14 regions, predicted young region time: 16.96 ms]
 1166.935: [G1Ergonomics (CSet Construction) finish choosing CSet, eden: 1562 regions, survivors: 14 regions, old: 0 regions, predicted pause time: 36.79 ms, target pause time: 100.00 ms]
, 0.0339070 secs]
   [Parallel Time: 19.7 ms, GC Workers: 18]
      [GC Worker Start (ms): Min: 1166935.2, Avg: 1166935.4, Max: 1166935.5, Diff: 0.3]
      [Ext Root Scanning (ms): Min: 7.0, Avg: 8.6, Max: 12.5, Diff: 5.6, Sum: 154.6]
      [Update RS (ms): Min: 0.0, Avg: 1.1, Max: 2.3, Diff: 2.3, Sum: 19.9]
         [Processed Buffers: Min: 0, Avg: 7.3, Max: 30, Diff: 30, Sum: 131]
      [Scan RS (ms): Min: 0.2, Avg: 0.7, Max: 1.0, Diff: 0.8, Sum: 12.6]
      [Object Copy (ms): Min: 6.3, Avg: 8.5, Max: 9.1, Diff: 2.9, Sum: 152.7]
      [Termination (ms): Min: 0.0, Avg: 0.1, Max: 0.1, Diff: 0.1, Sum: 0.9]
      [GC Worker Other (ms): Min: 0.0, Avg: 0.2, Max: 0.4, Diff: 0.4, Sum: 4.0]
      [GC Worker Total (ms): Min: 19.0, Avg: 19.2, Max: 19.4, Diff: 0.4, Sum: 344.8]
      [GC Worker End (ms): Min: 1166954.3, Avg: 1166954.5, Max: 1166954.7, Diff: 0.4]
   [Code Root Fixup: 0.0 ms]
   [Clear CT: 1.5 ms]
   [Other: 12.7 ms]
      [Choose CSet: 0.0 ms]
      [Ref Proc: 5.3 ms]
      [Ref Enq: 0.4 ms]
      [Free CSet: 6.3 ms]
   [Eden: 1562.0M(1562.0M)->0.0B(1565.0M) Survivors: 14.0M->11.0M Heap: 2063.8M(2252.0M)->499.5M(2252.0M)]
 [Times: user=0.36 sys=0.00, real=0.04 secs] 

 Concurrent RS processed 632641 cards
  Of 12914 completed buffers:
        12914 (100.0%) by conc RS threads.
            0 (  0.0%) by mutator threads.
  Conc RS threads times(s)
          0.00     0.00     0.00     0.00     0.00     0.00     0.00     0.00     0.00     0.00     0.00     0.00     0.00     0.00     0.00     0.00     0.00     0.00     0.00
  Total heap region rem set sizes = 5828K.  Max = 29K.
  Static structures = 369K, free_lists = 8K.
    227463 occupied cards represented.
    Max size region = 1455:(O)[0x00000007be300000,0x00000007be400000,0x00000007be400000], size = 30K, occupied = 86K.
    Did 0 coarsenings.
2014-08-01T09:15:52.924-0500: 1173.367: [GC pause (young) 1173.367: [G1Ergonomics (CSet Construction) start choosing CSet, _pending_cards: 5570, predicted base time: 19.50 ms, remaining time: 80.50 ms, target pause time: 100.00 ms]
 1173.367: [G1Ergonomics (CSet Construction) add young regions to CSet, eden: 1565 regions, survivors: 11 regions, predicted young region time: 21.08 ms]
 1173.367: [G1Ergonomics (CSet Construction) finish choosing CSet, eden: 1565 regions, survivors: 11 regions, old: 0 regions, predicted pause time: 40.57 ms, target pause time: 100.00 ms]
, 0.0333440 secs]
   [Parallel Time: 20.1 ms, GC Workers: 18]
      [GC Worker Start (ms): Min: 1173367.5, Avg: 1173367.7, Max: 1173367.8, Diff: 0.3]
      [Ext Root Scanning (ms): Min: 5.8, Avg: 6.7, Max: 9.1, Diff: 3.4, Sum: 120.4]
      [Update RS (ms): Min: 0.0, Avg: 1.2, Max: 2.3, Diff: 2.3, Sum: 21.0]
         [Processed Buffers: Min: 0, Avg: 7.2, Max: 23, Diff: 23, Sum: 130]
      [Scan RS (ms): Min: 0.2, Avg: 0.8, Max: 0.9, Diff: 0.7, Sum: 14.2]
      [Object Copy (ms): Min: 8.8, Avg: 10.1, Max: 12.1, Diff: 3.4, Sum: 181.9]
      [Termination (ms): Min: 0.1, Avg: 0.8, Max: 0.9, Diff: 0.7, Sum: 13.5]
      [GC Worker Other (ms): Min: 0.0, Avg: 0.2, Max: 0.4, Diff: 0.3, Sum: 3.4]
      [GC Worker Total (ms): Min: 19.4, Avg: 19.7, Max: 20.0, Diff: 0.5, Sum: 354.4]
      [GC Worker End (ms): Min: 1173387.2, Avg: 1173387.3, Max: 1173387.5, Diff: 0.3]
   [Code Root Fixup: 0.0 ms]
   [Clear CT: 1.8 ms]
   [Other: 11.4 ms]
      [Choose CSet: 0.0 ms]
      [Ref Proc: 6.2 ms]
      [Ref Enq: 0.4 ms]
      [Free CSet: 4.3 ms]
   [Eden: 1565.0M(1565.0M)->0.0B(1561.0M) Survivors: 11.0M->15.0M Heap: 2064.5M(2252.0M)->503.4M(2252.0M)]
 [Times: user=0.40 sys=0.01, real=0.04 secs] 

 Concurrent RS processed 634582 cards
  Of 13044 completed buffers:
        13044 (100.0%) by conc RS threads.
            0 (  0.0%) by mutator threads.
  Conc RS threads times(s)
          0.00     0.00     0.00     0.00     0.00     0.00     0.00     0.00     0.00     0.00     0.00     0.00     0.00     0.00     0.00     0.00     0.00     0.00     0.00
  Total heap region rem set sizes = 5828K.  Max = 29K.
  Static structures = 369K, free_lists = 8K.
    227748 occupied cards represented.
    Max size region = 1455:(O)[0x00000007be300000,0x00000007be400000,0x00000007be400000], size = 30K, occupied = 86K.
    Did 0 coarsenings.
2014-08-01T09:15:59.106-0500: 1179.549: [GC pause (young) 1179.549: [G1Ergonomics (CSet Construction) start choosing CSet, _pending_cards: 5317, predicted base time: 18.97 ms, remaining time: 81.03 ms, target pause time: 100.00 ms]
 1179.549: [G1Ergonomics (CSet Construction) add young regions to CSet, eden: 1561 regions, survivors: 15 regions, predicted young region time: 15.95 ms]
 1179.549: [G1Ergonomics (CSet Construction) finish choosing CSet, eden: 1561 regions, survivors: 15 regions, old: 0 regions, predicted pause time: 34.93 ms, target pause time: 100.00 ms]
, 0.0330090 secs]
   [Parallel Time: 17.4 ms, GC Workers: 18]
      [GC Worker Start (ms): Min: 1179549.3, Avg: 1179549.5, Max: 1179549.6, Diff: 0.3]
      [Ext Root Scanning (ms): Min: 5.7, Avg: 6.6, Max: 9.2, Diff: 3.5, Sum: 119.3]
      [Update RS (ms): Min: 0.0, Avg: 1.2, Max: 2.2, Diff: 2.2, Sum: 20.9]
         [Processed Buffers: Min: 0, Avg: 7.4, Max: 20, Diff: 20, Sum: 133]
      [Scan RS (ms): Min: 0.4, Avg: 0.7, Max: 0.8, Diff: 0.5, Sum: 13.0]
      [Object Copy (ms): Min: 6.7, Avg: 7.7, Max: 8.2, Diff: 1.5, Sum: 139.2]
      [Termination (ms): Min: 0.0, Avg: 0.3, Max: 0.9, Diff: 0.9, Sum: 4.7]
      [GC Worker Other (ms): Min: 0.0, Avg: 0.1, Max: 0.3, Diff: 0.3, Sum: 2.4]
      [GC Worker Total (ms): Min: 16.3, Avg: 16.6, Max: 17.1, Diff: 0.8, Sum: 299.5]
      [GC Worker End (ms): Min: 1179566.0, Avg: 1179566.1, Max: 1179566.6, Diff: 0.6]
   [Code Root Fixup: 0.0 ms]
   [Clear CT: 1.9 ms]
   [Other: 13.7 ms]
      [Choose CSet: 0.0 ms]
      [Ref Proc: 7.8 ms]
      [Ref Enq: 0.4 ms]
      [Free CSet: 4.9 ms]
   [Eden: 1561.0M(1561.0M)->0.0B(1562.0M) Survivors: 15.0M->14.0M Heap: 2064.4M(2252.0M)->502.7M(2252.0M)]
 [Times: user=0.37 sys=0.01, real=0.04 secs] 

 Concurrent RS processed 636546 cards
  Of 13177 completed buffers:
        13177 (100.0%) by conc RS threads.
            0 (  0.0%) by mutator threads.
  Conc RS threads times(s)
          0.00     0.00     0.00     0.00     0.00     0.00     0.00     0.00     0.00     0.00     0.00     0.00     0.00     0.00     0.00     0.00     0.00     0.00     0.00
  Total heap region rem set sizes = 5828K.  Max = 29K.
  Static structures = 369K, free_lists = 8K.
    228094 occupied cards represented.
    Max size region = 1455:(O)[0x00000007be300000,0x00000007be400000,0x00000007be400000], size = 30K, occupied = 86K.
    Did 0 coarsenings.
2014-08-01T09:16:05.138-0500: 1185.581: [GC pause (young) 1185.581: [G1Ergonomics (CSet Construction) start choosing CSet, _pending_cards: 5583, predicted base time: 19.24 ms, remaining time: 80.76 ms, target pause time: 100.00 ms]
 1185.581: [G1Ergonomics (CSet Construction) add young regions to CSet, eden: 1562 regions, survivors: 14 regions, predicted young region time: 16.65 ms]
 1185.581: [G1Ergonomics (CSet Construction) finish choosing CSet, eden: 1562 regions, survivors: 14 regions, old: 0 regions, predicted pause time: 35.89 ms, target pause time: 100.00 ms]
, 0.0375600 secs]
   [Parallel Time: 21.4 ms, GC Workers: 18]
      [GC Worker Start (ms): Min: 1185581.5, Avg: 1185581.6, Max: 1185581.8, Diff: 0.3]
      [Ext Root Scanning (ms): Min: 6.7, Avg: 8.5, Max: 12.1, Diff: 5.4, Sum: 152.8]
      [Update RS (ms): Min: 0.0, Avg: 1.0, Max: 2.2, Diff: 2.2, Sum: 17.7]
         [Processed Buffers: Min: 0, Avg: 7.3, Max: 31, Diff: 31, Sum: 132]
      [Scan RS (ms): Min: 0.2, Avg: 0.7, Max: 1.0, Diff: 0.8, Sum: 13.5]
      [Object Copy (ms): Min: 7.5, Avg: 9.6, Max: 10.6, Diff: 3.2, Sum: 171.9]
      [Termination (ms): Min: 0.0, Avg: 0.5, Max: 1.4, Diff: 1.4, Sum: 9.2]
      [GC Worker Other (ms): Min: 0.0, Avg: 0.3, Max: 0.5, Diff: 0.4, Sum: 4.6]
      [GC Worker Total (ms): Min: 20.2, Avg: 20.5, Max: 21.2, Diff: 1.0, Sum: 369.8]
      [GC Worker End (ms): Min: 1185601.9, Avg: 1185602.2, Max: 1185602.8, Diff: 0.9]
   [Code Root Fixup: 0.0 ms]
   [Clear CT: 1.7 ms]
   [Other: 14.5 ms]
      [Choose CSet: 0.0 ms]
      [Ref Proc: 9.2 ms]
      [Ref Enq: 0.5 ms]
      [Free CSet: 4.3 ms]
   [Eden: 1562.0M(1562.0M)->0.0B(1557.0M) Survivors: 14.0M->19.0M Heap: 2064.7M(2252.0M)->507.3M(2252.0M)]
 [Times: user=0.43 sys=0.00, real=0.04 secs] 

 Concurrent RS processed 638627 cards
  Of 13309 completed buffers:
        13309 (100.0%) by conc RS threads.
            0 (  0.0%) by mutator threads.
  Conc RS threads times(s)
          0.00     0.00     0.00     0.00     0.00     0.00     0.00     0.00     0.00     0.00     0.00     0.00     0.00     0.00     0.00     0.00     0.00     0.00     0.00
  Total heap region rem set sizes = 5829K.  Max = 29K.
  Static structures = 369K, free_lists = 8K.
    228422 occupied cards represented.
    Max size region = 1455:(O)[0x00000007be300000,0x00000007be400000,0x00000007be400000], size = 30K, occupied = 86K.
    Did 0 coarsenings.
2014-08-01T09:16:11.486-0500: 1191.929: [GC pause (young) 1191.929: [G1Ergonomics (CSet Construction) start choosing CSet, _pending_cards: 5335, predicted base time: 20.60 ms, remaining time: 79.40 ms, target pause time: 100.00 ms]
 1191.929: [G1Ergonomics (CSet Construction) add young regions to CSet, eden: 1557 regions, survivors: 19 regions, predicted young region time: 14.69 ms]
 1191.929: [G1Ergonomics (CSet Construction) finish choosing CSet, eden: 1557 regions, survivors: 19 regions, old: 0 regions, predicted pause time: 35.29 ms, target pause time: 100.00 ms]
, 0.0275360 secs]
   [Parallel Time: 14.1 ms, GC Workers: 18]
      [GC Worker Start (ms): Min: 1191929.4, Avg: 1191929.6, Max: 1191929.7, Diff: 0.3]
      [Ext Root Scanning (ms): Min: 4.1, Avg: 5.2, Max: 7.1, Diff: 3.0, Sum: 93.5]
      [Update RS (ms): Min: 0.0, Avg: 0.7, Max: 1.8, Diff: 1.8, Sum: 12.5]
         [Processed Buffers: Min: 0, Avg: 7.7, Max: 33, Diff: 33, Sum: 138]
      [Scan RS (ms): Min: 0.1, Avg: 1.2, Max: 6.6, Diff: 6.5, Sum: 21.6]
      [Object Copy (ms): Min: 0.9, Avg: 5.6, Max: 6.7, Diff: 5.8, Sum: 101.0]
      [Termination (ms): Min: 0.0, Avg: 0.5, Max: 1.2, Diff: 1.2, Sum: 9.1]
      [GC Worker Other (ms): Min: 0.0, Avg: 0.2, Max: 0.5, Diff: 0.5, Sum: 2.7]
      [GC Worker Total (ms): Min: 13.1, Avg: 13.4, Max: 14.0, Diff: 0.9, Sum: 240.4]
      [GC Worker End (ms): Min: 1191942.8, Avg: 1191942.9, Max: 1191943.4, Diff: 0.7]
   [Code Root Fixup: 0.0 ms]
   [Clear CT: 0.8 ms]
   [Other: 12.6 ms]
      [Choose CSet: 0.0 ms]
      [Ref Proc: 7.3 ms]
      [Ref Enq: 0.4 ms]
      [Free CSet: 4.5 ms]
   [Eden: 1557.0M(1557.0M)->0.0B(1563.0M) Survivors: 19.0M->13.0M Heap: 2064.3M(2252.0M)->501.9M(2252.0M)]
 [Times: user=0.26 sys=0.00, real=0.03 secs] 

 Concurrent RS processed 640748 cards
  Of 13447 completed buffers:
        13447 (100.0%) by conc RS threads.
            0 (  0.0%) by mutator threads.
  Conc RS threads times(s)
          0.00     0.00     0.00     0.00     0.00     0.00     0.00     0.00     0.00     0.00     0.00     0.00     0.00     0.00     0.00     0.00     0.00     0.00     0.00
  Total heap region rem set sizes = 5829K.  Max = 29K.
  Static structures = 369K, free_lists = 8K.
    228729 occupied cards represented.
    Max size region = 1455:(O)[0x00000007be300000,0x00000007be400000,0x00000007be400000], size = 30K, occupied = 86K.
    Did 0 coarsenings.
2014-08-01T09:16:17.780-0500: 1198.223: [GC pause (young) 1198.224: [G1Ergonomics (CSet Construction) start choosing CSet, _pending_cards: 4811, predicted base time: 19.45 ms, remaining time: 80.55 ms, target pause time: 100.00 ms]
 1198.224: [G1Ergonomics (CSet Construction) add young regions to CSet, eden: 1563 regions, survivors: 13 regions, predicted young region time: 12.22 ms]
 1198.224: [G1Ergonomics (CSet Construction) finish choosing CSet, eden: 1563 regions, survivors: 13 regions, old: 0 regions, predicted pause time: 31.68 ms, target pause time: 100.00 ms]
, 0.0357030 secs]
   [Parallel Time: 20.9 ms, GC Workers: 18]
      [GC Worker Start (ms): Min: 1198223.8, Avg: 1198224.0, Max: 1198224.1, Diff: 0.4]
      [Ext Root Scanning (ms): Min: 6.2, Avg: 7.8, Max: 11.9, Diff: 5.7, Sum: 140.2]
      [Update RS (ms): Min: 0.0, Avg: 1.2, Max: 2.3, Diff: 2.3, Sum: 20.7]
         [Processed Buffers: Min: 0, Avg: 7.2, Max: 28, Diff: 28, Sum: 129]
      [Scan RS (ms): Min: 0.2, Avg: 1.7, Max: 10.0, Diff: 9.8, Sum: 31.0]
      [Object Copy (ms): Min: 1.2, Avg: 8.8, Max: 10.3, Diff: 9.1, Sum: 157.5]
      [Termination (ms): Min: 0.0, Avg: 0.6, Max: 0.7, Diff: 0.7, Sum: 10.6]
      [GC Worker Other (ms): Min: 0.0, Avg: 0.2, Max: 0.4, Diff: 0.4, Sum: 4.3]
      [GC Worker Total (ms): Min: 19.9, Avg: 20.2, Max: 20.5, Diff: 0.6, Sum: 364.3]
      [GC Worker End (ms): Min: 1198244.0, Avg: 1198244.2, Max: 1198244.4, Diff: 0.4]
   [Code Root Fixup: 0.0 ms]
   [Clear CT: 1.5 ms]
   [Other: 13.3 ms]
      [Choose CSet: 0.0 ms]
      [Ref Proc: 7.9 ms]
      [Ref Enq: 0.5 ms]
      [Free CSet: 4.4 ms]
   [Eden: 1563.0M(1563.0M)->0.0B(1564.0M) Survivors: 13.0M->12.0M Heap: 2064.9M(2252.0M)->500.6M(2252.0M)]
 [Times: user=0.40 sys=0.01, real=0.04 secs] 

 Concurrent RS processed 642848 cards
  Of 13576 completed buffers:
        13576 (100.0%) by conc RS threads.
            0 (  0.0%) by mutator threads.
  Conc RS threads times(s)
          0.00     0.00     0.00     0.00     0.00     0.00     0.00     0.00     0.00     0.00     0.00     0.00     0.00     0.00     0.00     0.00     0.00     0.00     0.00
  Total heap region rem set sizes = 5829K.  Max = 29K.
  Static structures = 369K, free_lists = 8K.
    229033 occupied cards represented.
    Max size region = 1455:(O)[0x00000007be300000,0x00000007be400000,0x00000007be400000], size = 30K, occupied = 86K.
    Did 0 coarsenings.
2014-08-01T09:16:24.378-0500: 1204.821: [GC pause (young) 1204.821: [G1Ergonomics (CSet Construction) start choosing CSet, _pending_cards: 4794, predicted base time: 19.88 ms, remaining time: 80.12 ms, target pause time: 100.00 ms]
 1204.821: [G1Ergonomics (CSet Construction) add young regions to CSet, eden: 1564 regions, survivors: 12 regions, predicted young region time: 11.98 ms]
 1204.821: [G1Ergonomics (CSet Construction) finish choosing CSet, eden: 1564 regions, survivors: 12 regions, old: 0 regions, predicted pause time: 31.85 ms, target pause time: 100.00 ms]
, 0.0307170 secs]
   [Parallel Time: 17.8 ms, GC Workers: 18]
      [GC Worker Start (ms): Min: 1204821.3, Avg: 1204821.5, Max: 1204821.6, Diff: 0.3]
      [Ext Root Scanning (ms): Min: 5.1, Avg: 6.5, Max: 9.5, Diff: 4.4, Sum: 117.2]
      [Update RS (ms): Min: 0.0, Avg: 1.1, Max: 2.5, Diff: 2.5, Sum: 19.7]
         [Processed Buffers: Min: 0, Avg: 7.5, Max: 25, Diff: 25, Sum: 135]
      [Scan RS (ms): Min: 0.2, Avg: 0.7, Max: 0.9, Diff: 0.7, Sum: 12.2]
      [Object Copy (ms): Min: 7.1, Avg: 8.6, Max: 9.0, Diff: 1.9, Sum: 155.7]
      [Termination (ms): Min: 0.0, Avg: 0.1, Max: 0.2, Diff: 0.2, Sum: 2.4]
      [GC Worker Other (ms): Min: 0.0, Avg: 0.2, Max: 0.4, Diff: 0.3, Sum: 3.8]
      [GC Worker Total (ms): Min: 17.0, Avg: 17.3, Max: 17.6, Diff: 0.6, Sum: 310.9]
      [GC Worker End (ms): Min: 1204838.6, Avg: 1204838.7, Max: 1204838.9, Diff: 0.3]
   [Code Root Fixup: 0.0 ms]
   [Clear CT: 1.8 ms]
   [Other: 11.1 ms]
      [Choose CSet: 0.0 ms]
      [Ref Proc: 5.8 ms]
      [Ref Enq: 0.5 ms]
      [Free CSet: 4.3 ms]
   [Eden: 1564.0M(1564.0M)->0.0B(1561.0M) Survivors: 12.0M->15.0M Heap: 2064.6M(2252.0M)->503.4M(2252.0M)]
 [Times: user=0.36 sys=0.01, real=0.03 secs] 

 Concurrent RS processed 644844 cards
  Of 13711 completed buffers:
        13711 (100.0%) by conc RS threads.
            0 (  0.0%) by mutator threads.
  Conc RS threads times(s)
          0.00     0.00     0.00     0.00     0.00     0.00     0.00     0.00     0.00     0.00     0.00     0.00     0.00     0.00     0.00     0.00     0.00     0.00     0.00
  Total heap region rem set sizes = 5829K.  Max = 29K.
  Static structures = 369K, free_lists = 8K.
    229293 occupied cards represented.
    Max size region = 1455:(O)[0x00000007be300000,0x00000007be400000,0x00000007be400000], size = 30K, occupied = 86K.
    Did 0 coarsenings.
2014-08-01T09:16:30.399-0500: 1210.842: [GC pause (young) 1210.842: [G1Ergonomics (CSet Construction) start choosing CSet, _pending_cards: 5576, predicted base time: 19.38 ms, remaining time: 80.62 ms, target pause time: 100.00 ms]
 1210.842: [G1Ergonomics (CSet Construction) add young regions to CSet, eden: 1561 regions, survivors: 15 regions, predicted young region time: 16.45 ms]
 1210.842: [G1Ergonomics (CSet Construction) finish choosing CSet, eden: 1561 regions, survivors: 15 regions, old: 0 regions, predicted pause time: 35.83 ms, target pause time: 100.00 ms]
, 0.0363090 secs]
   [Parallel Time: 21.9 ms, GC Workers: 18]
      [GC Worker Start (ms): Min: 1210842.3, Avg: 1210842.5, Max: 1210842.7, Diff: 0.4]
      [Ext Root Scanning (ms): Min: 6.1, Avg: 6.8, Max: 9.3, Diff: 3.2, Sum: 122.2]
      [Update RS (ms): Min: 0.0, Avg: 1.8, Max: 12.1, Diff: 12.1, Sum: 32.4]
         [Processed Buffers: Min: 0, Avg: 7.8, Max: 20, Diff: 20, Sum: 140]
      [Scan RS (ms): Min: 0.2, Avg: 0.7, Max: 0.9, Diff: 0.7, Sum: 12.5]
      [Object Copy (ms): Min: 2.4, Avg: 11.3, Max: 12.5, Diff: 10.1, Sum: 203.9]
      [Termination (ms): Min: 0.0, Avg: 0.6, Max: 3.0, Diff: 3.0, Sum: 10.3]
      [GC Worker Other (ms): Min: 0.0, Avg: 0.2, Max: 0.4, Diff: 0.3, Sum: 3.4]
      [GC Worker Total (ms): Min: 21.1, Avg: 21.4, Max: 21.7, Diff: 0.6, Sum: 384.7]
      [GC Worker End (ms): Min: 1210863.7, Avg: 1210863.9, Max: 1210864.0, Diff: 0.3]
   [Code Root Fixup: 0.0 ms]
   [Clear CT: 1.7 ms]
   [Other: 12.7 ms]
      [Choose CSet: 0.0 ms]
      [Ref Proc: 6.8 ms]
      [Ref Enq: 0.5 ms]
      [Free CSet: 4.8 ms]
   [Eden: 1561.0M(1561.0M)->0.0B(1561.0M) Survivors: 15.0M->15.0M Heap: 2064.4M(2252.0M)->503.7M(2252.0M)]
 [Times: user=0.43 sys=0.01, real=0.04 secs] 

 Concurrent RS processed 646856 cards
  Of 13851 completed buffers:
        13851 (100.0%) by conc RS threads.
            0 (  0.0%) by mutator threads.
  Conc RS threads times(s)
          0.00     0.00     0.00     0.00     0.00     0.00     0.00     0.00     0.00     0.00     0.00     0.00     0.00     0.00     0.00     0.00     0.00     0.00     0.00
  Total heap region rem set sizes = 5831K.  Max = 29K.
  Static structures = 369K, free_lists = 7K.
    229724 occupied cards represented.
    Max size region = 1455:(O)[0x00000007be300000,0x00000007be400000,0x00000007be400000], size = 30K, occupied = 86K.
    Did 0 coarsenings.
2014-08-01T09:16:36.972-0500: 1217.415: [GC pause (young) 1217.415: [G1Ergonomics (CSet Construction) start choosing CSet, _pending_cards: 5587, predicted base time: 19.40 ms, remaining time: 80.60 ms, target pause time: 100.00 ms]
 1217.415: [G1Ergonomics (CSet Construction) add young regions to CSet, eden: 1561 regions, survivors: 15 regions, predicted young region time: 11.95 ms]
 1217.415: [G1Ergonomics (CSet Construction) finish choosing CSet, eden: 1561 regions, survivors: 15 regions, old: 0 regions, predicted pause time: 31.35 ms, target pause time: 100.00 ms]
, 0.0361910 secs]
   [Parallel Time: 21.6 ms, GC Workers: 18]
      [GC Worker Start (ms): Min: 1217415.5, Avg: 1217415.7, Max: 1217415.9, Diff: 0.3]
      [Ext Root Scanning (ms): Min: 6.3, Avg: 6.8, Max: 8.6, Diff: 2.3, Sum: 122.7]
      [Update RS (ms): Min: 0.0, Avg: 1.1, Max: 1.8, Diff: 1.8, Sum: 19.8]
         [Processed Buffers: Min: 0, Avg: 7.7, Max: 25, Diff: 25, Sum: 139]
      [Scan RS (ms): Min: 0.2, Avg: 0.7, Max: 0.9, Diff: 0.7, Sum: 13.0]
      [Object Copy (ms): Min: 10.7, Avg: 11.9, Max: 12.4, Diff: 1.7, Sum: 213.7]
      [Termination (ms): Min: 0.0, Avg: 0.3, Max: 0.3, Diff: 0.3, Sum: 5.0]
      [GC Worker Other (ms): Min: 0.1, Avg: 0.2, Max: 0.4, Diff: 0.4, Sum: 4.2]
      [GC Worker Total (ms): Min: 20.7, Avg: 21.0, Max: 21.3, Diff: 0.5, Sum: 378.4]
      [GC Worker End (ms): Min: 1217436.5, Avg: 1217436.7, Max: 1217436.9, Diff: 0.4]
   [Code Root Fixup: 0.0 ms]
   [Clear CT: 1.8 ms]
   [Other: 12.8 ms]
      [Choose CSet: 0.0 ms]
      [Ref Proc: 7.3 ms]
      [Ref Enq: 0.4 ms]
      [Free CSet: 4.5 ms]
   [Eden: 1561.0M(1561.0M)->0.0B(1564.0M) Survivors: 15.0M->12.0M Heap: 2064.7M(2252.0M)->501.2M(2252.0M)]
 [Times: user=0.42 sys=0.01, real=0.04 secs] 

 Concurrent RS processed 648852 cards
  Of 13990 completed buffers:
        13990 (100.0%) by conc RS threads.
            0 (  0.0%) by mutator threads.
  Conc RS threads times(s)
          0.00     0.00     0.00     0.00     0.00     0.00     0.00     0.00     0.00     0.00     0.00     0.00     0.00     0.00     0.00     0.00     0.00     0.00     0.00
  Total heap region rem set sizes = 5829K.  Max = 29K.
  Static structures = 369K, free_lists = 8K.
    229884 occupied cards represented.
    Max size region = 1455:(O)[0x00000007be300000,0x00000007be400000,0x00000007be400000], size = 30K, occupied = 86K.
    Did 0 coarsenings.
2014-08-01T09:16:43.148-0500: 1223.591: [GC pause (young) 1223.591: [G1Ergonomics (CSet Construction) start choosing CSet, _pending_cards: 5323, predicted base time: 19.24 ms, remaining time: 80.76 ms, target pause time: 100.00 ms]
 1223.591: [G1Ergonomics (CSet Construction) add young regions to CSet, eden: 1564 regions, survivors: 12 regions, predicted young region time: 20.04 ms]
 1223.591: [G1Ergonomics (CSet Construction) finish choosing CSet, eden: 1564 regions, survivors: 12 regions, old: 0 regions, predicted pause time: 39.28 ms, target pause time: 100.00 ms]
, 0.0363280 secs]
   [Parallel Time: 21.6 ms, GC Workers: 18]
      [GC Worker Start (ms): Min: 1223591.5, Avg: 1223591.7, Max: 1223591.8, Diff: 0.3]
      [Ext Root Scanning (ms): Min: 5.1, Avg: 7.1, Max: 10.0, Diff: 5.0, Sum: 126.9]
      [Update RS (ms): Min: 0.0, Avg: 1.0, Max: 3.1, Diff: 3.1, Sum: 18.0]
         [Processed Buffers: Min: 0, Avg: 7.4, Max: 29, Diff: 29, Sum: 133]
      [Scan RS (ms): Min: 0.2, Avg: 0.7, Max: 0.9, Diff: 0.7, Sum: 13.1]
      [Object Copy (ms): Min: 10.5, Avg: 11.8, Max: 12.1, Diff: 1.6, Sum: 212.2]
      [Termination (ms): Min: 0.0, Avg: 0.2, Max: 0.3, Diff: 0.3, Sum: 4.2]
      [GC Worker Other (ms): Min: 0.0, Avg: 0.2, Max: 0.4, Diff: 0.4, Sum: 3.9]
      [GC Worker Total (ms): Min: 20.7, Avg: 21.0, Max: 21.3, Diff: 0.6, Sum: 378.2]
      [GC Worker End (ms): Min: 1223612.5, Avg: 1223612.7, Max: 1223612.9, Diff: 0.3]
   [Code Root Fixup: 0.0 ms]
   [Clear CT: 1.6 ms]
   [Other: 13.1 ms]
      [Choose CSet: 0.0 ms]
      [Ref Proc: 7.8 ms]
      [Ref Enq: 0.5 ms]
      [Free CSet: 4.3 ms]
   [Eden: 1564.0M(1564.0M)->0.0B(1564.0M) Survivors: 12.0M->12.0M Heap: 2065.2M(2252.0M)->500.7M(2252.0M)]
 [Times: user=0.44 sys=0.01, real=0.04 secs] 

 Concurrent RS processed 650835 cards
  Of 14123 completed buffers:
        14123 (100.0%) by conc RS threads.
            0 (  0.0%) by mutator threads.
  Conc RS threads times(s)
          0.00     0.00     0.00     0.00     0.00     0.00     0.00     0.00     0.00     0.00     0.00     0.00     0.00     0.00     0.00     0.00     0.00     0.00     0.00
  Total heap region rem set sizes = 5831K.  Max = 29K.
  Static structures = 369K, free_lists = 7K.
    230213 occupied cards represented.
    Max size region = 1455:(O)[0x00000007be300000,0x00000007be400000,0x00000007be400000], size = 30K, occupied = 86K.
    Did 0 coarsenings.
2014-08-01T09:16:49.295-0500: 1229.739: [GC pause (young) 1229.739: [G1Ergonomics (CSet Construction) start choosing CSet, _pending_cards: 5338, predicted base time: 19.35 ms, remaining time: 80.65 ms, target pause time: 100.00 ms]
 1229.739: [G1Ergonomics (CSet Construction) add young regions to CSet, eden: 1564 regions, survivors: 12 regions, predicted young region time: 15.60 ms]
 1229.739: [G1Ergonomics (CSet Construction) finish choosing CSet, eden: 1564 regions, survivors: 12 regions, old: 0 regions, predicted pause time: 34.94 ms, target pause time: 100.00 ms]
, 0.0317900 secs]
   [Parallel Time: 18.6 ms, GC Workers: 18]
      [GC Worker Start (ms): Min: 1229739.0, Avg: 1229739.1, Max: 1229739.3, Diff: 0.3]
      [Ext Root Scanning (ms): Min: 5.6, Avg: 6.6, Max: 9.2, Diff: 3.6, Sum: 119.0]
      [Update RS (ms): Min: 0.0, Avg: 1.2, Max: 2.1, Diff: 2.0, Sum: 20.9]
         [Processed Buffers: Min: 0, Avg: 7.4, Max: 18, Diff: 18, Sum: 133]
      [Scan RS (ms): Min: 0.2, Avg: 0.7, Max: 0.9, Diff: 0.7, Sum: 12.9]
      [Object Copy (ms): Min: 7.4, Avg: 8.4, Max: 9.3, Diff: 1.9, Sum: 151.8]
      [Termination (ms): Min: 0.1, Avg: 0.8, Max: 0.9, Diff: 0.8, Sum: 15.2]
      [GC Worker Other (ms): Min: 0.0, Avg: 0.2, Max: 0.5, Diff: 0.5, Sum: 4.5]
      [GC Worker Total (ms): Min: 17.7, Avg: 18.0, Max: 18.3, Diff: 0.6, Sum: 324.4]
      [GC Worker End (ms): Min: 1229756.9, Avg: 1229757.1, Max: 1229757.4, Diff: 0.5]
   [Code Root Fixup: 0.0 ms]
   [Clear CT: 1.8 ms]
   [Other: 11.4 ms]
      [Choose CSet: 0.0 ms]
      [Ref Proc: 6.3 ms]
      [Ref Enq: 0.4 ms]
      [Free CSet: 4.2 ms]
   [Eden: 1564.0M(1564.0M)->0.0B(1559.0M) Survivors: 12.0M->17.0M Heap: 2064.7M(2252.0M)->506.0M(2252.0M)]
 [Times: user=0.37 sys=0.01, real=0.03 secs] 

 Concurrent RS processed 652818 cards
  Of 14256 completed buffers:
        14256 (100.0%) by conc RS threads.
            0 (  0.0%) by mutator threads.
  Conc RS threads times(s)
          0.00     0.00     0.00     0.00     0.00     0.00     0.00     0.00     0.00     0.00     0.00     0.00     0.00     0.00     0.00     0.00     0.00     0.00     0.00
  Total heap region rem set sizes = 5832K.  Max = 29K.
  Static structures = 369K, free_lists = 6K.
    230574 occupied cards represented.
    Max size region = 1455:(O)[0x00000007be300000,0x00000007be400000,0x00000007be400000], size = 30K, occupied = 86K.
    Did 0 coarsenings.
2014-08-01T09:16:55.212-0500: 1235.655: [GC pause (young) 1235.655: [G1Ergonomics (CSet Construction) start choosing CSet, _pending_cards: 5328, predicted base time: 18.92 ms, remaining time: 81.08 ms, target pause time: 100.00 ms]
 1235.655: [G1Ergonomics (CSet Construction) add young regions to CSet, eden: 1559 regions, survivors: 17 regions, predicted young region time: 22.85 ms]
 1235.655: [G1Ergonomics (CSet Construction) finish choosing CSet, eden: 1559 regions, survivors: 17 regions, old: 0 regions, predicted pause time: 41.77 ms, target pause time: 100.00 ms]
, 0.0410470 secs]
   [Parallel Time: 28.7 ms, GC Workers: 18]
      [GC Worker Start (ms): Min: 1235655.6, Avg: 1235655.9, Max: 1235656.2, Diff: 0.5]
      [Ext Root Scanning (ms): Min: 7.2, Avg: 10.1, Max: 26.0, Diff: 18.8, Sum: 182.2]
      [Update RS (ms): Min: 0.0, Avg: 1.1, Max: 3.8, Diff: 3.8, Sum: 19.2]
         [Processed Buffers: Min: 0, Avg: 7.5, Max: 33, Diff: 33, Sum: 135]
      [Scan RS (ms): Min: 0.2, Avg: 0.8, Max: 0.9, Diff: 0.7, Sum: 13.6]
      [Object Copy (ms): Min: 1.5, Avg: 11.1, Max: 14.1, Diff: 12.6, Sum: 200.4]
      [Termination (ms): Min: 0.0, Avg: 4.9, Max: 5.5, Diff: 5.5, Sum: 88.4]
      [GC Worker Other (ms): Min: 0.0, Avg: 0.2, Max: 0.3, Diff: 0.3, Sum: 2.9]
      [GC Worker Total (ms): Min: 27.9, Avg: 28.2, Max: 28.5, Diff: 0.6, Sum: 506.8]
      [GC Worker End (ms): Min: 1235683.9, Avg: 1235684.0, Max: 1235684.2, Diff: 0.3]
   [Code Root Fixup: 0.0 ms]
   [Clear CT: 1.7 ms]
   [Other: 10.6 ms]
      [Choose CSet: 0.0 ms]
      [Ref Proc: 5.2 ms]
      [Ref Enq: 0.4 ms]
      [Free CSet: 4.4 ms]
   [Eden: 1559.0M(1559.0M)->0.0B(1561.0M) Survivors: 17.0M->15.0M Heap: 2065.0M(2252.0M)->504.4M(2252.0M)]
 [Times: user=0.47 sys=0.01, real=0.04 secs] 

 Concurrent RS processed 654995 cards
  Of 14391 completed buffers:
        14391 (100.0%) by conc RS threads.
            0 (  0.0%) by mutator threads.
  Conc RS threads times(s)
          0.00     0.00     0.00     0.00     0.00     0.00     0.00     0.00     0.00     0.00     0.00     0.00     0.00     0.00     0.00     0.00     0.00     0.00     0.00
  Total heap region rem set sizes = 5832K.  Max = 29K.
  Static structures = 369K, free_lists = 6K.
    230963 occupied cards represented.
    Max size region = 1455:(O)[0x00000007be300000,0x00000007be400000,0x00000007be400000], size = 30K, occupied = 86K.
    Did 0 coarsenings.
2014-08-01T09:17:00.258-0500: 1240.702: [GC pause (young) 1240.702: [G1Ergonomics (CSet Construction) start choosing CSet, _pending_cards: 5334, predicted base time: 19.31 ms, remaining time: 80.69 ms, target pause time: 100.00 ms]
 1240.702: [G1Ergonomics (CSet Construction) add young regions to CSet, eden: 1561 regions, survivors: 15 regions, predicted young region time: 15.59 ms]
 1240.702: [G1Ergonomics (CSet Construction) finish choosing CSet, eden: 1561 regions, survivors: 15 regions, old: 0 regions, predicted pause time: 34.90 ms, target pause time: 100.00 ms]
, 0.0386660 secs]
   [Parallel Time: 25.0 ms, GC Workers: 18]
      [GC Worker Start (ms): Min: 1240702.3, Avg: 1240702.5, Max: 1240702.7, Diff: 0.4]
      [Ext Root Scanning (ms): Min: 5.3, Avg: 6.6, Max: 9.6, Diff: 4.2, Sum: 118.3]
      [Update RS (ms): Min: 0.0, Avg: 1.2, Max: 2.5, Diff: 2.5, Sum: 22.4]
         [Processed Buffers: Min: 0, Avg: 7.3, Max: 26, Diff: 26, Sum: 132]
      [Scan RS (ms): Min: 0.2, Avg: 0.7, Max: 1.0, Diff: 0.8, Sum: 12.9]
      [Object Copy (ms): Min: 14.2, Avg: 15.4, Max: 15.9, Diff: 1.7, Sum: 276.8]
      [Termination (ms): Min: 0.0, Avg: 0.4, Max: 0.5, Diff: 0.5, Sum: 6.9]
      [GC Worker Other (ms): Min: 0.0, Avg: 0.2, Max: 0.4, Diff: 0.4, Sum: 4.4]
      [GC Worker Total (ms): Min: 24.2, Avg: 24.5, Max: 24.8, Diff: 0.6, Sum: 441.5]
      [GC Worker End (ms): Min: 1240726.8, Avg: 1240727.0, Max: 1240727.2, Diff: 0.4]
   [Code Root Fixup: 0.0 ms]
   [Clear CT: 1.7 ms]
   [Other: 11.9 ms]
      [Choose CSet: 0.0 ms]
      [Ref Proc: 6.5 ms]
      [Ref Enq: 0.5 ms]
      [Free CSet: 4.3 ms]
   [Eden: 1561.0M(1561.0M)->0.0B(1555.0M) Survivors: 15.0M->21.0M Heap: 2065.4M(2252.0M)->510.3M(2252.0M)]
 [Times: user=0.49 sys=0.00, real=0.04 secs] 

 Concurrent RS processed 657080 cards
  Of 14523 completed buffers:
        14523 (100.0%) by conc RS threads.
            0 (  0.0%) by mutator threads.
  Conc RS threads times(s)
          0.00     0.00     0.00     0.00     0.00     0.00     0.00     0.00     0.00     0.00     0.00     0.00     0.00     0.00     0.00     0.00     0.00     0.00     0.00
  Total heap region rem set sizes = 5833K.  Max = 29K.
  Static structures = 369K, free_lists = 6K.
    231366 occupied cards represented.
    Max size region = 1455:(O)[0x00000007be300000,0x00000007be400000,0x00000007be400000], size = 30K, occupied = 86K.
    Did 0 coarsenings.
2014-08-01T09:17:06.616-0500: 1247.060: [GC pause (young) 1247.060: [G1Ergonomics (CSet Construction) start choosing CSet, _pending_cards: 5576, predicted base time: 19.02 ms, remaining time: 80.98 ms, target pause time: 100.00 ms]
 1247.060: [G1Ergonomics (CSet Construction) add young regions to CSet, eden: 1555 regions, survivors: 21 regions, predicted young region time: 17.91 ms]
 1247.060: [G1Ergonomics (CSet Construction) finish choosing CSet, eden: 1555 regions, survivors: 21 regions, old: 0 regions, predicted pause time: 36.93 ms, target pause time: 100.00 ms]
, 0.0294270 secs]
   [Parallel Time: 16.5 ms, GC Workers: 18]
      [GC Worker Start (ms): Min: 1247060.1, Avg: 1247060.2, Max: 1247060.4, Diff: 0.3]
      [Ext Root Scanning (ms): Min: 5.8, Avg: 6.5, Max: 7.2, Diff: 1.4, Sum: 117.1]
      [Update RS (ms): Min: 0.3, Avg: 1.1, Max: 1.9, Diff: 1.6, Sum: 19.0]
         [Processed Buffers: Min: 1, Avg: 7.6, Max: 25, Diff: 24, Sum: 137]
      [Scan RS (ms): Min: 0.2, Avg: 0.7, Max: 0.9, Diff: 0.6, Sum: 12.9]
      [Object Copy (ms): Min: 6.3, Avg: 7.4, Max: 7.7, Diff: 1.4, Sum: 133.2]
      [Termination (ms): Min: 0.0, Avg: 0.1, Max: 0.1, Diff: 0.1, Sum: 1.9]
      [GC Worker Other (ms): Min: 0.0, Avg: 0.2, Max: 0.4, Diff: 0.3, Sum: 4.0]
      [GC Worker Total (ms): Min: 15.7, Avg: 16.0, Max: 16.2, Diff: 0.5, Sum: 288.0]
      [GC Worker End (ms): Min: 1247076.0, Avg: 1247076.2, Max: 1247076.4, Diff: 0.3]
   [Code Root Fixup: 0.0 ms]
   [Clear CT: 1.6 ms]
   [Other: 11.3 ms]
      [Choose CSet: 0.0 ms]
      [Ref Proc: 5.6 ms]
      [Ref Enq: 0.5 ms]
      [Free CSet: 4.6 ms]
   [Eden: 1555.0M(1555.0M)->0.0B(1561.0M) Survivors: 21.0M->15.0M Heap: 2065.3M(2252.0M)->504.4M(2252.0M)]
 [Times: user=0.35 sys=0.01, real=0.03 secs] 

 Concurrent RS processed 659008 cards
  Of 14660 completed buffers:
        14660 (100.0%) by conc RS threads.
            0 (  0.0%) by mutator threads.
  Conc RS threads times(s)
          0.00     0.00     0.00     0.00     0.00     0.00     0.00     0.00     0.00     0.00     0.00     0.00     0.00     0.00     0.00     0.00     0.00     0.00     0.00
  Total heap region rem set sizes = 5833K.  Max = 29K.
  Static structures = 369K, free_lists = 6K.
    231648 occupied cards represented.
    Max size region = 1455:(O)[0x00000007be300000,0x00000007be400000,0x00000007be400000], size = 30K, occupied = 86K.
    Did 0 coarsenings.
2014-08-01T09:17:13.123-0500: 1253.566: [GC pause (young) 1253.567: [G1Ergonomics (CSet Construction) start choosing CSet, _pending_cards: 5341, predicted base time: 18.42 ms, remaining time: 81.58 ms, target pause time: 100.00 ms]
 1253.567: [G1Ergonomics (CSet Construction) add young regions to CSet, eden: 1561 regions, survivors: 15 regions, predicted young region time: 13.63 ms]
 1253.567: [G1Ergonomics (CSet Construction) finish choosing CSet, eden: 1561 regions, survivors: 15 regions, old: 0 regions, predicted pause time: 32.05 ms, target pause time: 100.00 ms]
, 0.0251630 secs]
   [Parallel Time: 11.9 ms, GC Workers: 18]
      [GC Worker Start (ms): Min: 1253566.8, Avg: 1253566.9, Max: 1253567.1, Diff: 0.3]
      [Ext Root Scanning (ms): Min: 3.9, Avg: 4.8, Max: 6.4, Diff: 2.5, Sum: 85.7]
      [Update RS (ms): Min: 0.0, Avg: 0.8, Max: 1.6, Diff: 1.6, Sum: 13.9]
         [Processed Buffers: Min: 0, Avg: 7.2, Max: 20, Diff: 20, Sum: 129]
      [Scan RS (ms): Min: 0.2, Avg: 0.5, Max: 0.7, Diff: 0.5, Sum: 9.6]
      [Object Copy (ms): Min: 4.6, Avg: 5.2, Max: 5.5, Diff: 0.8, Sum: 93.5]
      [Termination (ms): Min: 0.0, Avg: 0.0, Max: 0.0, Diff: 0.0, Sum: 0.4]
      [GC Worker Other (ms): Min: 0.0, Avg: 0.2, Max: 0.3, Diff: 0.3, Sum: 3.1]
      [GC Worker Total (ms): Min: 11.2, Avg: 11.5, Max: 11.7, Diff: 0.5, Sum: 206.2]
      [GC Worker End (ms): Min: 1253578.2, Avg: 1253578.4, Max: 1253578.5, Diff: 0.3]
   [Code Root Fixup: 0.0 ms]
   [Clear CT: 1.5 ms]
   [Other: 11.7 ms]
      [Choose CSet: 0.0 ms]
      [Ref Proc: 5.7 ms]
      [Ref Enq: 0.5 ms]
      [Free CSet: 4.6 ms]
   [Eden: 1561.0M(1561.0M)->0.0B(1563.0M) Survivors: 15.0M->13.0M Heap: 2065.4M(2252.0M)->501.8M(2252.0M)]
 [Times: user=0.25 sys=0.00, real=0.03 secs] 

 Concurrent RS processed 661048 cards
  Of 14789 completed buffers:
        14789 (100.0%) by conc RS threads.
            0 (  0.0%) by mutator threads.
  Conc RS threads times(s)
          0.00     0.00     0.00     0.00     0.00     0.00     0.00     0.00     0.00     0.00     0.00     0.00     0.00     0.00     0.00     0.00     0.00     0.00     0.00
  Total heap region rem set sizes = 5833K.  Max = 29K.
  Static structures = 369K, free_lists = 6K.
    231923 occupied cards represented.
    Max size region = 1455:(O)[0x00000007be300000,0x00000007be400000,0x00000007be400000], size = 30K, occupied = 86K.
    Did 0 coarsenings.
2014-08-01T09:17:19.134-0500: 1259.578: [GC pause (young) 1259.578: [G1Ergonomics (CSet Construction) start choosing CSet, _pending_cards: 5573, predicted base time: 17.67 ms, remaining time: 82.33 ms, target pause time: 100.00 ms]
 1259.578: [G1Ergonomics (CSet Construction) add young regions to CSet, eden: 1563 regions, survivors: 13 regions, predicted young region time: 14.36 ms]
 1259.578: [G1Ergonomics (CSet Construction) finish choosing CSet, eden: 1563 regions, survivors: 13 regions, old: 0 regions, predicted pause time: 32.03 ms, target pause time: 100.00 ms]
, 0.0372080 secs]
   [Parallel Time: 20.9 ms, GC Workers: 18]
      [GC Worker Start (ms): Min: 1259577.9, Avg: 1259578.1, Max: 1259578.4, Diff: 0.4]
      [Ext Root Scanning (ms): Min: 5.7, Avg: 6.7, Max: 9.3, Diff: 3.6, Sum: 120.4]
      [Update RS (ms): Min: 0.0, Avg: 1.2, Max: 2.4, Diff: 2.4, Sum: 21.1]
         [Processed Buffers: Min: 0, Avg: 7.3, Max: 25, Diff: 25, Sum: 132]
      [Scan RS (ms): Min: 0.2, Avg: 0.7, Max: 0.9, Diff: 0.7, Sum: 12.5]
      [Object Copy (ms): Min: 8.1, Avg: 9.3, Max: 10.1, Diff: 2.0, Sum: 166.7]
      [Termination (ms): Min: 0.0, Avg: 1.0, Max: 1.2, Diff: 1.2, Sum: 18.5]
      [GC Worker Other (ms): Min: 0.0, Avg: 0.2, Max: 0.7, Diff: 0.7, Sum: 4.2]
      [GC Worker Total (ms): Min: 18.7, Avg: 19.1, Max: 19.7, Diff: 0.9, Sum: 343.4]
      [GC Worker End (ms): Min: 1259597.0, Avg: 1259597.2, Max: 1259597.7, Diff: 0.7]
   [Code Root Fixup: 0.0 ms]
   [Clear CT: 1.9 ms]
   [Other: 14.4 ms]
      [Choose CSet: 0.0 ms]
      [Ref Proc: 8.8 ms]
      [Ref Enq: 0.4 ms]
      [Free CSet: 4.6 ms]
   [Eden: 1563.0M(1563.0M)->0.0B(1560.0M) Survivors: 13.0M->16.0M Heap: 2064.8M(2252.0M)->505.7M(2252.0M)]
 [Times: user=0.42 sys=0.01, real=0.04 secs] 

 Concurrent RS processed 663077 cards
  Of 14921 completed buffers:
        14921 (100.0%) by conc RS threads.
            0 (  0.0%) by mutator threads.
  Conc RS threads times(s)
          0.00     0.00     0.00     0.00     0.00     0.00     0.00     0.00     0.00     0.00     0.00     0.00     0.00     0.00     0.00     0.00     0.00     0.00     0.00
  Total heap region rem set sizes = 5833K.  Max = 29K.
  Static structures = 369K, free_lists = 6K.
    232223 occupied cards represented.
    Max size region = 1455:(O)[0x00000007be300000,0x00000007be400000,0x00000007be400000], size = 30K, occupied = 86K.
    Did 0 coarsenings.
2014-08-01T09:17:25.567-0500: 1266.010: [GC pause (young) 1266.010: [G1Ergonomics (CSet Construction) start choosing CSet, _pending_cards: 5323, predicted base time: 19.31 ms, remaining time: 80.69 ms, target pause time: 100.00 ms]
 1266.010: [G1Ergonomics (CSet Construction) add young regions to CSet, eden: 1560 regions, survivors: 16 regions, predicted young region time: 22.63 ms]
 1266.010: [G1Ergonomics (CSet Construction) finish choosing CSet, eden: 1560 regions, survivors: 16 regions, old: 0 regions, predicted pause time: 41.95 ms, target pause time: 100.00 ms]
, 0.0338260 secs]
   [Parallel Time: 20.2 ms, GC Workers: 18]
      [GC Worker Start (ms): Min: 1266010.4, Avg: 1266010.6, Max: 1266010.7, Diff: 0.3]
      [Ext Root Scanning (ms): Min: 5.7, Avg: 6.4, Max: 7.1, Diff: 1.5, Sum: 115.5]
      [Update RS (ms): Min: 0.0, Avg: 1.2, Max: 2.1, Diff: 2.1, Sum: 21.1]
         [Processed Buffers: Min: 0, Avg: 7.4, Max: 23, Diff: 23, Sum: 134]
      [Scan RS (ms): Min: 0.2, Avg: 0.7, Max: 0.9, Diff: 0.7, Sum: 12.7]
      [Object Copy (ms): Min: 10.0, Avg: 11.0, Max: 11.5, Diff: 1.5, Sum: 198.7]
      [Termination (ms): Min: 0.0, Avg: 0.2, Max: 0.5, Diff: 0.5, Sum: 3.2]
      [GC Worker Other (ms): Min: 0.0, Avg: 0.2, Max: 0.4, Diff: 0.4, Sum: 4.2]
      [GC Worker Total (ms): Min: 19.5, Avg: 19.7, Max: 20.0, Diff: 0.6, Sum: 355.4]
      [GC Worker End (ms): Min: 1266030.1, Avg: 1266030.3, Max: 1266030.5, Diff: 0.4]
   [Code Root Fixup: 0.0 ms]
   [Clear CT: 1.8 ms]
   [Other: 11.9 ms]
      [Choose CSet: 0.0 ms]
      [Ref Proc: 6.1 ms]
      [Ref Enq: 0.5 ms]
      [Free CSet: 4.8 ms]
   [Eden: 1560.0M(1560.0M)->0.0B(1562.0M) Survivors: 16.0M->14.0M Heap: 2065.7M(2252.0M)->503.5M(2252.0M)]
 [Times: user=0.41 sys=0.01, real=0.04 secs] 

 Concurrent RS processed 665152 cards
  Of 15055 completed buffers:
        15055 (100.0%) by conc RS threads.
            0 (  0.0%) by mutator threads.
  Conc RS threads times(s)
          0.00     0.00     0.00     0.00     0.00     0.00     0.00     0.00     0.00     0.00     0.00     0.00     0.00     0.00     0.00     0.00     0.00     0.00     0.00
  Total heap region rem set sizes = 5833K.  Max = 29K.
  Static structures = 369K, free_lists = 6K.
    232580 occupied cards represented.
    Max size region = 1455:(O)[0x00000007be300000,0x00000007be400000,0x00000007be400000], size = 30K, occupied = 86K.
    Did 0 coarsenings.
2014-08-01T09:17:31.970-0500: 1272.414: [GC pause (young) 1272.414: [G1Ergonomics (CSet Construction) start choosing CSet, _pending_cards: 5348, predicted base time: 18.82 ms, remaining time: 81.18 ms, target pause time: 100.00 ms]
 1272.414: [G1Ergonomics (CSet Construction) add young regions to CSet, eden: 1562 regions, survivors: 14 regions, predicted young region time: 31.09 ms]
 1272.414: [G1Ergonomics (CSet Construction) finish choosing CSet, eden: 1562 regions, survivors: 14 regions, old: 0 regions, predicted pause time: 49.90 ms, target pause time: 100.00 ms]
, 0.0379420 secs]
   [Parallel Time: 21.0 ms, GC Workers: 18]
      [GC Worker Start (ms): Min: 1272413.9, Avg: 1272414.0, Max: 1272414.2, Diff: 0.3]
      [Ext Root Scanning (ms): Min: 4.3, Avg: 6.5, Max: 9.5, Diff: 5.2, Sum: 117.4]
      [Update RS (ms): Min: 0.0, Avg: 1.2, Max: 3.6, Diff: 3.6, Sum: 20.8]
         [Processed Buffers: Min: 0, Avg: 7.8, Max: 20, Diff: 20, Sum: 141]
      [Scan RS (ms): Min: 0.2, Avg: 0.7, Max: 0.9, Diff: 0.7, Sum: 12.7]
      [Object Copy (ms): Min: 10.0, Avg: 11.4, Max: 11.9, Diff: 1.9, Sum: 204.7]
      [Termination (ms): Min: 0.1, Avg: 0.6, Max: 0.7, Diff: 0.7, Sum: 11.7]
      [GC Worker Other (ms): Min: 0.0, Avg: 0.2, Max: 0.4, Diff: 0.3, Sum: 3.3]
      [GC Worker Total (ms): Min: 20.3, Avg: 20.6, Max: 20.8, Diff: 0.5, Sum: 370.7]
      [GC Worker End (ms): Min: 1272434.5, Avg: 1272434.6, Max: 1272434.8, Diff: 0.3]
   [Code Root Fixup: 0.0 ms]
   [Clear CT: 1.8 ms]
   [Other: 15.2 ms]
      [Choose CSet: 0.0 ms]
      [Ref Proc: 9.4 ms]
      [Ref Enq: 0.5 ms]
      [Free CSet: 4.7 ms]
   [Eden: 1562.0M(1562.0M)->0.0B(1561.0M) Survivors: 14.0M->15.0M Heap: 2065.5M(2252.0M)->504.5M(2252.0M)]
 [Times: user=0.45 sys=0.01, real=0.04 secs] 

 Concurrent RS processed 667175 cards
  Of 15196 completed buffers:
        15196 (100.0%) by conc RS threads.
            0 (  0.0%) by mutator threads.
  Conc RS threads times(s)
          0.00     0.00     0.00     0.00     0.00     0.00     0.00     0.00     0.00     0.00     0.00     0.00     0.00     0.00     0.00     0.00     0.00     0.00     0.00
  Total heap region rem set sizes = 5833K.  Max = 29K.
  Static structures = 369K, free_lists = 6K.
    232944 occupied cards represented.
    Max size region = 1455:(O)[0x00000007be300000,0x00000007be400000,0x00000007be400000], size = 30K, occupied = 86K.
    Did 0 coarsenings.
2014-08-01T09:17:38.115-0500: 1278.558: [GC pause (young) 1278.558: [G1Ergonomics (CSet Construction) start choosing CSet, _pending_cards: 5618, predicted base time: 19.60 ms, remaining time: 80.40 ms, target pause time: 100.00 ms]
 1278.558: [G1Ergonomics (CSet Construction) add young regions to CSet, eden: 1561 regions, survivors: 15 regions, predicted young region time: 19.20 ms]
 1278.558: [G1Ergonomics (CSet Construction) finish choosing CSet, eden: 1561 regions, survivors: 15 regions, old: 0 regions, predicted pause time: 38.81 ms, target pause time: 100.00 ms]
, 0.0361440 secs]
   [Parallel Time: 22.6 ms, GC Workers: 18]
      [GC Worker Start (ms): Min: 1278558.5, Avg: 1278558.7, Max: 1278558.8, Diff: 0.3]
      [Ext Root Scanning (ms): Min: 6.4, Avg: 7.8, Max: 11.2, Diff: 4.8, Sum: 140.8]
      [Update RS (ms): Min: 0.0, Avg: 1.0, Max: 2.0, Diff: 2.0, Sum: 17.9]
         [Processed Buffers: Min: 0, Avg: 7.4, Max: 30, Diff: 30, Sum: 134]
      [Scan RS (ms): Min: 0.2, Avg: 0.8, Max: 1.7, Diff: 1.5, Sum: 14.8]
      [Object Copy (ms): Min: 9.5, Avg: 11.2, Max: 12.3, Diff: 2.7, Sum: 201.6]
      [Termination (ms): Min: 0.0, Avg: 0.5, Max: 1.4, Diff: 1.4, Sum: 8.9]
      [GC Worker Other (ms): Min: 0.0, Avg: 0.2, Max: 0.3, Diff: 0.3, Sum: 3.3]
      [GC Worker Total (ms): Min: 21.1, Avg: 21.5, Max: 22.1, Diff: 1.0, Sum: 387.2]
      [GC Worker End (ms): Min: 1278580.0, Avg: 1278580.2, Max: 1278580.9, Diff: 0.9]
   [Code Root Fixup: 0.0 ms]
   [Clear CT: 2.6 ms]
   [Other: 11.0 ms]
      [Choose CSet: 0.0 ms]
      [Ref Proc: 5.2 ms]
      [Ref Enq: 0.4 ms]
      [Free CSet: 4.7 ms]
   [Eden: 1561.0M(1561.0M)->0.0B(1556.0M) Survivors: 15.0M->20.0M Heap: 2065.5M(2252.0M)->509.7M(2252.0M)]
 [Times: user=0.39 sys=0.01, real=0.03 secs] 

 Concurrent RS processed 669293 cards
  Of 15330 completed buffers:
        15330 (100.0%) by conc RS threads.
            0 (  0.0%) by mutator threads.
  Conc RS threads times(s)
          0.00     0.00     0.00     0.00     0.00     0.00     0.00     0.00     0.00     0.00     0.00     0.00     0.00     0.00     0.00     0.00     0.00     0.00     0.00
  Total heap region rem set sizes = 5833K.  Max = 29K.
  Static structures = 369K, free_lists = 6K.
    233238 occupied cards represented.
    Max size region = 1455:(O)[0x00000007be300000,0x00000007be400000,0x00000007be400000], size = 30K, occupied = 86K.
    Did 0 coarsenings.
2014-08-01T09:17:43.996-0500: 1284.440: [GC pause (young) 1284.440: [G1Ergonomics (CSet Construction) start choosing CSet, _pending_cards: 6072, predicted base time: 19.59 ms, remaining time: 80.41 ms, target pause time: 100.00 ms]
 1284.440: [G1Ergonomics (CSet Construction) add young regions to CSet, eden: 1556 regions, survivors: 20 regions, predicted young region time: 23.19 ms]
 1284.440: [G1Ergonomics (CSet Construction) finish choosing CSet, eden: 1556 regions, survivors: 20 regions, old: 0 regions, predicted pause time: 42.78 ms, target pause time: 100.00 ms]
, 0.0311020 secs]
   [Parallel Time: 17.2 ms, GC Workers: 18]
      [GC Worker Start (ms): Min: 1284440.2, Avg: 1284440.3, Max: 1284440.5, Diff: 0.3]
      [Ext Root Scanning (ms): Min: 4.4, Avg: 6.5, Max: 9.7, Diff: 5.3, Sum: 116.2]
      [Update RS (ms): Min: 0.0, Avg: 1.1, Max: 2.8, Diff: 2.8, Sum: 19.2]
         [Processed Buffers: Min: 0, Avg: 7.3, Max: 27, Diff: 27, Sum: 131]
      [Scan RS (ms): Min: 0.2, Avg: 0.8, Max: 1.1, Diff: 0.9, Sum: 14.1]
      [Object Copy (ms): Min: 6.6, Avg: 8.1, Max: 8.5, Diff: 1.8, Sum: 146.0]
      [Termination (ms): Min: 0.0, Avg: 0.0, Max: 0.1, Diff: 0.1, Sum: 0.7]
      [GC Worker Other (ms): Min: 0.0, Avg: 0.2, Max: 0.4, Diff: 0.4, Sum: 3.8]
      [GC Worker Total (ms): Min: 16.4, Avg: 16.7, Max: 16.9, Diff: 0.5, Sum: 300.0]
      [GC Worker End (ms): Min: 1284456.8, Avg: 1284457.0, Max: 1284457.2, Diff: 0.4]
   [Code Root Fixup: 0.0 ms]
   [Clear CT: 1.7 ms]
   [Other: 12.1 ms]
      [Choose CSet: 0.0 ms]
      [Ref Proc: 6.4 ms]
      [Ref Enq: 0.4 ms]
      [Free CSet: 4.8 ms]
   [Eden: 1556.0M(1556.0M)->0.0B(1563.0M) Survivors: 20.0M->13.0M Heap: 2065.7M(2252.0M)->502.2M(2252.0M)]
 [Times: user=0.35 sys=0.00, real=0.03 secs] 

 Concurrent RS processed 671303 cards
  Of 15461 completed buffers:
        15461 (100.0%) by conc RS threads.
            0 (  0.0%) by mutator threads.
  Conc RS threads times(s)
          0.00     0.00     0.00     0.00     0.00     0.00     0.00     0.00     0.00     0.00     0.00     0.00     0.00     0.00     0.00     0.00     0.00     0.00     0.00
  Total heap region rem set sizes = 5833K.  Max = 29K.
  Static structures = 369K, free_lists = 6K.
    233535 occupied cards represented.
    Max size region = 1455:(O)[0x00000007be300000,0x00000007be400000,0x00000007be400000], size = 30K, occupied = 86K.
    Did 0 coarsenings.
2014-08-01T09:17:50.213-0500: 1290.656: [GC pause (young) 1290.656: [G1Ergonomics (CSet Construction) start choosing CSet, _pending_cards: 5321, predicted base time: 18.90 ms, remaining time: 81.10 ms, target pause time: 100.00 ms]
 1290.656: [G1Ergonomics (CSet Construction) add young regions to CSet, eden: 1563 regions, survivors: 13 regions, predicted young region time: 15.97 ms]
 1290.656: [G1Ergonomics (CSet Construction) finish choosing CSet, eden: 1563 regions, survivors: 13 regions, old: 0 regions, predicted pause time: 34.87 ms, target pause time: 100.00 ms]
, 0.0362990 secs]
   [Parallel Time: 20.9 ms, GC Workers: 18]
      [GC Worker Start (ms): Min: 1290656.3, Avg: 1290656.4, Max: 1290656.6, Diff: 0.3]
      [Ext Root Scanning (ms): Min: 6.0, Avg: 6.7, Max: 9.4, Diff: 3.4, Sum: 120.3]
      [Update RS (ms): Min: 0.0, Avg: 1.2, Max: 2.0, Diff: 2.0, Sum: 21.9]
         [Processed Buffers: Min: 0, Avg: 7.2, Max: 27, Diff: 27, Sum: 129]
      [Scan RS (ms): Min: 0.2, Avg: 0.7, Max: 0.9, Diff: 0.7, Sum: 12.9]
      [Object Copy (ms): Min: 10.0, Avg: 11.0, Max: 11.5, Diff: 1.5, Sum: 198.6]
      [Termination (ms): Min: 0.0, Avg: 0.2, Max: 0.3, Diff: 0.3, Sum: 3.8]
      [GC Worker Other (ms): Min: 0.0, Avg: 0.2, Max: 0.4, Diff: 0.4, Sum: 4.4]
      [GC Worker Total (ms): Min: 19.8, Avg: 20.1, Max: 20.4, Diff: 0.5, Sum: 362.0]
      [GC Worker End (ms): Min: 1290676.4, Avg: 1290676.6, Max: 1290676.7, Diff: 0.4]
   [Code Root Fixup: 0.0 ms]
   [Clear CT: 2.6 ms]
   [Other: 12.8 ms]
      [Choose CSet: 0.0 ms]
      [Ref Proc: 7.4 ms]
      [Ref Enq: 0.4 ms]
      [Free CSet: 4.4 ms]
   [Eden: 1563.0M(1563.0M)->0.0B(1565.0M) Survivors: 13.0M->11.0M Heap: 2065.2M(2252.0M)->501.1M(2252.0M)]
 [Times: user=0.42 sys=0.01, real=0.04 secs] 

 Concurrent RS processed 673372 cards
  Of 15590 completed buffers:
        15590 (100.0%) by conc RS threads.
            0 (  0.0%) by mutator threads.
  Conc RS threads times(s)
          0.00     0.00     0.00     0.00     0.00     0.00     0.00     0.00     0.00     0.00     0.00     0.00     0.00     0.00     0.00     0.00     0.00     0.00     0.00
  Total heap region rem set sizes = 5833K.  Max = 29K.
  Static structures = 369K, free_lists = 6K.
    233789 occupied cards represented.
    Max size region = 1455:(O)[0x00000007be300000,0x00000007be400000,0x00000007be400000], size = 30K, occupied = 86K.
    Did 0 coarsenings.
2014-08-01T09:17:56.478-0500: 1296.921: [GC pause (young) 1296.921: [G1Ergonomics (CSet Construction) start choosing CSet, _pending_cards: 5575, predicted base time: 19.40 ms, remaining time: 80.60 ms, target pause time: 100.00 ms]
 1296.921: [G1Ergonomics (CSet Construction) add young regions to CSet, eden: 1565 regions, survivors: 11 regions, predicted young region time: 15.91 ms]
 1296.921: [G1Ergonomics (CSet Construction) finish choosing CSet, eden: 1565 regions, survivors: 11 regions, old: 0 regions, predicted pause time: 35.31 ms, target pause time: 100.00 ms]
, 0.0389240 secs]
   [Parallel Time: 19.5 ms, GC Workers: 18]
      [GC Worker Start (ms): Min: 1296921.2, Avg: 1296921.3, Max: 1296921.5, Diff: 0.3]
      [Ext Root Scanning (ms): Min: 4.8, Avg: 6.6, Max: 9.8, Diff: 5.0, Sum: 118.7]
      [Update RS (ms): Min: 0.0, Avg: 1.2, Max: 2.8, Diff: 2.8, Sum: 21.1]
         [Processed Buffers: Min: 0, Avg: 7.2, Max: 26, Diff: 26, Sum: 130]
      [Scan RS (ms): Min: 0.2, Avg: 0.8, Max: 0.9, Diff: 0.7, Sum: 13.6]
      [Object Copy (ms): Min: 7.7, Avg: 9.1, Max: 9.5, Diff: 1.8, Sum: 164.3]
      [Termination (ms): Min: 0.0, Avg: 0.1, Max: 0.1, Diff: 0.1, Sum: 1.7]
      [GC Worker Other (ms): Min: 0.1, Avg: 0.4, Max: 1.3, Diff: 1.2, Sum: 7.6]
      [GC Worker Total (ms): Min: 17.7, Avg: 18.2, Max: 19.1, Diff: 1.4, Sum: 327.0]
      [GC Worker End (ms): Min: 1296939.1, Avg: 1296939.5, Max: 1296940.3, Diff: 1.2]
   [Code Root Fixup: 0.0 ms]
   [Clear CT: 1.6 ms]
   [Other: 17.8 ms]
      [Choose CSet: 0.0 ms]
      [Ref Proc: 12.1 ms]
      [Ref Enq: 0.4 ms]
      [Free CSet: 4.7 ms]
   [Eden: 1565.0M(1565.0M)->0.0B(1559.0M) Survivors: 11.0M->17.0M Heap: 2066.1M(2252.0M)->506.8M(2252.0M)]
 [Times: user=0.39 sys=0.00, real=0.04 secs] 

 Concurrent RS processed 675325 cards
  Of 15720 completed buffers:
        15720 (100.0%) by conc RS threads.
            0 (  0.0%) by mutator threads.
  Conc RS threads times(s)
          0.00     0.00     0.00     0.00     0.00     0.00     0.00     0.00     0.00     0.00     0.00     0.00     0.00     0.00     0.00     0.00     0.00     0.00     0.00
  Total heap region rem set sizes = 5833K.  Max = 29K.
  Static structures = 369K, free_lists = 6K.
    234112 occupied cards represented.
    Max size region = 1455:(O)[0x00000007be300000,0x00000007be400000,0x00000007be400000], size = 30K, occupied = 86K.
    Did 0 coarsenings.
2014-08-01T09:18:03.222-0500: 1303.666: [GC pause (young) 1303.666: [G1Ergonomics (CSet Construction) start choosing CSet, _pending_cards: 5349, predicted base time: 21.48 ms, remaining time: 78.52 ms, target pause time: 100.00 ms]
 1303.666: [G1Ergonomics (CSet Construction) add young regions to CSet, eden: 1559 regions, survivors: 17 regions, predicted young region time: 24.04 ms]
 1303.666: [G1Ergonomics (CSet Construction) finish choosing CSet, eden: 1559 regions, survivors: 17 regions, old: 0 regions, predicted pause time: 45.52 ms, target pause time: 100.00 ms]
, 0.0435330 secs]
   [Parallel Time: 25.9 ms, GC Workers: 18]
      [GC Worker Start (ms): Min: 1303666.1, Avg: 1303666.3, Max: 1303666.4, Diff: 0.3]
      [Ext Root Scanning (ms): Min: 6.4, Avg: 7.8, Max: 16.2, Diff: 9.8, Sum: 140.9]
      [Update RS (ms): Min: 0.0, Avg: 2.0, Max: 16.9, Diff: 16.9, Sum: 36.0]
         [Processed Buffers: Min: 0, Avg: 7.6, Max: 31, Diff: 31, Sum: 137]
      [Scan RS (ms): Min: 0.2, Avg: 0.7, Max: 0.9, Diff: 0.7, Sum: 12.6]
      [Object Copy (ms): Min: 1.2, Avg: 9.2, Max: 10.6, Diff: 9.4, Sum: 165.5]
      [Termination (ms): Min: 0.0, Avg: 5.4, Max: 5.8, Diff: 5.8, Sum: 97.7]
      [GC Worker Other (ms): Min: 0.0, Avg: 0.2, Max: 0.3, Diff: 0.3, Sum: 3.4]
      [GC Worker Total (ms): Min: 25.1, Avg: 25.3, Max: 25.6, Diff: 0.5, Sum: 456.2]
      [GC Worker End (ms): Min: 1303691.4, Avg: 1303691.6, Max: 1303691.8, Diff: 0.3]
   [Code Root Fixup: 0.0 ms]
   [Clear CT: 1.6 ms]
   [Other: 16.0 ms]
      [Choose CSet: 0.1 ms]
      [Ref Proc: 9.8 ms]
      [Ref Enq: 0.5 ms]
      [Free CSet: 5.0 ms]
   [Eden: 1559.0M(1559.0M)->0.0B(1562.0M) Survivors: 17.0M->14.0M Heap: 2065.8M(2252.0M)->503.5M(2252.0M)]
 [Times: user=0.48 sys=0.01, real=0.04 secs] 

 Concurrent RS processed 677396 cards
  Of 15857 completed buffers:
        15857 (100.0%) by conc RS threads.
            0 (  0.0%) by mutator threads.
  Conc RS threads times(s)
          0.00     0.00     0.00     0.00     0.00     0.00     0.00     0.00     0.00     0.00     0.00     0.00     0.00     0.00     0.00     0.00     0.00     0.00     0.00
  Total heap region rem set sizes = 5834K.  Max = 29K.
  Static structures = 369K, free_lists = 6K.
    234370 occupied cards represented.
    Max size region = 1455:(O)[0x00000007be300000,0x00000007be400000,0x00000007be400000], size = 30K, occupied = 86K.
    Did 0 coarsenings.
2014-08-01T09:18:09.250-0500: 1309.693: [GC pause (young) 1309.693: [G1Ergonomics (CSet Construction) start choosing CSet, _pending_cards: 5091, predicted base time: 22.22 ms, remaining time: 77.78 ms, target pause time: 100.00 ms]
 1309.693: [G1Ergonomics (CSet Construction) add young regions to CSet, eden: 1562 regions, survivors: 14 regions, predicted young region time: 19.16 ms]
 1309.693: [G1Ergonomics (CSet Construction) finish choosing CSet, eden: 1562 regions, survivors: 14 regions, old: 0 regions, predicted pause time: 41.38 ms, target pause time: 100.00 ms]
, 0.0392800 secs]
   [Parallel Time: 19.8 ms, GC Workers: 18]
      [GC Worker Start (ms): Min: 1309693.4, Avg: 1309693.5, Max: 1309693.7, Diff: 0.3]
      [Ext Root Scanning (ms): Min: 6.0, Avg: 6.6, Max: 9.5, Diff: 3.5, Sum: 119.1]
      [Update RS (ms): Min: 0.0, Avg: 1.1, Max: 1.9, Diff: 1.9, Sum: 19.4]
         [Processed Buffers: Min: 0, Avg: 7.4, Max: 25, Diff: 25, Sum: 134]
      [Scan RS (ms): Min: 0.2, Avg: 0.7, Max: 0.9, Diff: 0.7, Sum: 13.0]
      [Object Copy (ms): Min: 8.4, Avg: 9.8, Max: 10.6, Diff: 2.3, Sum: 175.9]
      [Termination (ms): Min: 0.2, Avg: 0.9, Max: 1.0, Diff: 0.8, Sum: 16.0]
      [GC Worker Other (ms): Min: 0.0, Avg: 0.2, Max: 0.4, Diff: 0.3, Sum: 3.2]
      [GC Worker Total (ms): Min: 19.0, Avg: 19.3, Max: 19.5, Diff: 0.4, Sum: 346.7]
      [GC Worker End (ms): Min: 1309712.6, Avg: 1309712.8, Max: 1309713.0, Diff: 0.3]
   [Code Root Fixup: 0.0 ms]
   [Clear CT: 1.7 ms]
   [Other: 17.8 ms]
      [Choose CSet: 0.0 ms]
      [Ref Proc: 12.3 ms]
      [Ref Enq: 0.5 ms]
      [Free CSet: 4.4 ms]
   [Eden: 1562.0M(1562.0M)->0.0B(1562.0M) Survivors: 14.0M->14.0M Heap: 2065.5M(2252.0M)->503.5M(2252.0M)]
 [Times: user=0.44 sys=0.01, real=0.04 secs] 

 Concurrent RS processed 679305 cards
  Of 15991 completed buffers:
        15991 (100.0%) by conc RS threads.
            0 (  0.0%) by mutator threads.
  Conc RS threads times(s)
          0.00     0.00     0.00     0.00     0.00     0.00     0.00     0.00     0.00     0.00     0.00     0.00     0.00     0.00     0.00     0.00     0.00     0.00     0.00
  Total heap region rem set sizes = 5834K.  Max = 29K.
  Static structures = 369K, free_lists = 6K.
    234613 occupied cards represented.
    Max size region = 1455:(O)[0x00000007be300000,0x00000007be400000,0x00000007be400000], size = 30K, occupied = 86K.
    Did 0 coarsenings.
2014-08-01T09:18:15.498-0500: 1315.941: [GC pause (young) 1315.942: [G1Ergonomics (CSet Construction) start choosing CSet, _pending_cards: 5324, predicted base time: 22.91 ms, remaining time: 77.09 ms, target pause time: 100.00 ms]
 1315.942: [G1Ergonomics (CSet Construction) add young regions to CSet, eden: 1562 regions, survivors: 14 regions, predicted young region time: 19.07 ms]
 1315.942: [G1Ergonomics (CSet Construction) finish choosing CSet, eden: 1562 regions, survivors: 14 regions, old: 0 regions, predicted pause time: 41.98 ms, target pause time: 100.00 ms]
, 0.0402280 secs]
   [Parallel Time: 23.5 ms, GC Workers: 18]
      [GC Worker Start (ms): Min: 1315941.8, Avg: 1315941.9, Max: 1315942.1, Diff: 0.3]
      [Ext Root Scanning (ms): Min: 7.5, Avg: 9.6, Max: 12.2, Diff: 4.7, Sum: 172.1]
      [Update RS (ms): Min: 0.0, Avg: 1.2, Max: 2.9, Diff: 2.9, Sum: 21.9]
         [Processed Buffers: Min: 0, Avg: 7.3, Max: 27, Diff: 27, Sum: 131]
      [Scan RS (ms): Min: 0.2, Avg: 0.6, Max: 0.8, Diff: 0.6, Sum: 11.2]
      [Object Copy (ms): Min: 6.8, Avg: 8.2, Max: 11.2, Diff: 4.5, Sum: 147.4]
      [Termination (ms): Min: 0.0, Avg: 2.6, Max: 2.8, Diff: 2.8, Sum: 46.4]
      [GC Worker Other (ms): Min: 0.0, Avg: 0.2, Max: 0.3, Diff: 0.3, Sum: 3.0]
      [GC Worker Total (ms): Min: 22.1, Avg: 22.3, Max: 22.6, Diff: 0.5, Sum: 402.0]
      [GC Worker End (ms): Min: 1315964.1, Avg: 1315964.3, Max: 1315964.4, Diff: 0.3]
   [Code Root Fixup: 0.0 ms]
   [Clear CT: 1.9 ms]
   [Other: 14.8 ms]
      [Choose CSet: 0.0 ms]
      [Ref Proc: 8.7 ms]
      [Ref Enq: 0.5 ms]
      [Free CSet: 4.9 ms]
   [Eden: 1562.0M(1562.0M)->0.0B(1564.0M) Survivors: 14.0M->12.0M Heap: 2065.5M(2252.0M)->502.3M(2252.0M)]
 [Times: user=0.42 sys=0.01, real=0.05 secs] 

 Concurrent RS processed 681309 cards
  Of 16122 completed buffers:
        16122 (100.0%) by conc RS threads.
            0 (  0.0%) by mutator threads.
  Conc RS threads times(s)
          0.00     0.00     0.00     0.00     0.00     0.00     0.00     0.00     0.00     0.00     0.00     0.00     0.00     0.00     0.00     0.00     0.00     0.00     0.00
  Total heap region rem set sizes = 5837K.  Max = 29K.
  Static structures = 369K, free_lists = 5K.
    234960 occupied cards represented.
    Max size region = 1455:(O)[0x00000007be300000,0x00000007be400000,0x00000007be400000], size = 30K, occupied = 86K.
    Did 0 coarsenings.
2014-08-01T09:18:21.272-0500: 1321.715: [GC pause (young) 1321.715: [G1Ergonomics (CSet Construction) start choosing CSet, _pending_cards: 5595, predicted base time: 23.48 ms, remaining time: 76.52 ms, target pause time: 100.00 ms]
 1321.715: [G1Ergonomics (CSet Construction) add young regions to CSet, eden: 1564 regions, survivors: 12 regions, predicted young region time: 22.71 ms]
 1321.715: [G1Ergonomics (CSet Construction) finish choosing CSet, eden: 1564 regions, survivors: 12 regions, old: 0 regions, predicted pause time: 46.20 ms, target pause time: 100.00 ms]
, 0.0356180 secs]
   [Parallel Time: 21.3 ms, GC Workers: 18]
      [GC Worker Start (ms): Min: 1321715.4, Avg: 1321715.6, Max: 1321715.8, Diff: 0.3]
      [Ext Root Scanning (ms): Min: 6.3, Avg: 7.8, Max: 9.5, Diff: 3.1, Sum: 140.8]
      [Update RS (ms): Min: 0.0, Avg: 1.2, Max: 2.8, Diff: 2.8, Sum: 21.6]
         [Processed Buffers: Min: 0, Avg: 7.4, Max: 25, Diff: 25, Sum: 133]
      [Scan RS (ms): Min: 0.4, Avg: 0.8, Max: 0.9, Diff: 0.5, Sum: 13.9]
      [Object Copy (ms): Min: 9.5, Avg: 10.6, Max: 11.1, Diff: 1.6, Sum: 190.5]
      [Termination (ms): Min: 0.0, Avg: 0.2, Max: 0.3, Diff: 0.3, Sum: 3.5]
      [GC Worker Other (ms): Min: 0.1, Avg: 0.2, Max: 0.4, Diff: 0.4, Sum: 4.3]
      [GC Worker Total (ms): Min: 20.5, Avg: 20.8, Max: 21.1, Diff: 0.6, Sum: 374.7]
      [GC Worker End (ms): Min: 1321736.2, Avg: 1321736.4, Max: 1321736.6, Diff: 0.4]
   [Code Root Fixup: 0.0 ms]
   [Clear CT: 1.8 ms]
   [Other: 12.5 ms]
      [Choose CSet: 0.0 ms]
      [Ref Proc: 6.6 ms]
      [Ref Enq: 0.6 ms]
      [Free CSet: 4.8 ms]
   [Eden: 1564.0M(1564.0M)->0.0B(1552.0M) Survivors: 12.0M->24.0M Heap: 2066.3M(2252.0M)->513.8M(2252.0M)]
 [Times: user=0.39 sys=0.01, real=0.03 secs] 

 Concurrent RS processed 683468 cards
  Of 16255 completed buffers:
        16255 (100.0%) by conc RS threads.
            0 (  0.0%) by mutator threads.
  Conc RS threads times(s)
          0.00     0.00     0.00     0.00     0.00     0.00     0.00     0.00     0.00     0.00     0.00     0.00     0.00     0.00     0.00     0.00     0.00     0.00     0.00
  Total heap region rem set sizes = 5837K.  Max = 29K.
  Static structures = 369K, free_lists = 5K.
    235320 occupied cards represented.
    Max size region = 1455:(O)[0x00000007be300000,0x00000007be400000,0x00000007be400000], size = 30K, occupied = 87K.
    Did 0 coarsenings.
2014-08-01T09:18:27.571-0500: 1328.015: [GC pause (young) 1328.015: [G1Ergonomics (CSet Construction) start choosing CSet, _pending_cards: 5325, predicted base time: 22.47 ms, remaining time: 77.53 ms, target pause time: 100.00 ms]
 1328.015: [G1Ergonomics (CSet Construction) add young regions to CSet, eden: 1552 regions, survivors: 24 regions, predicted young region time: 17.30 ms]
 1328.015: [G1Ergonomics (CSet Construction) finish choosing CSet, eden: 1552 regions, survivors: 24 regions, old: 0 regions, predicted pause time: 39.77 ms, target pause time: 100.00 ms]
, 0.0402340 secs]
   [Parallel Time: 25.7 ms, GC Workers: 18]
      [GC Worker Start (ms): Min: 1328014.9, Avg: 1328015.0, Max: 1328015.2, Diff: 0.3]
      [Ext Root Scanning (ms): Min: 6.1, Avg: 6.8, Max: 11.1, Diff: 5.0, Sum: 123.3]
      [Update RS (ms): Min: 0.0, Avg: 1.3, Max: 2.5, Diff: 2.5, Sum: 22.7]
         [Processed Buffers: Min: 0, Avg: 7.3, Max: 16, Diff: 16, Sum: 131]
      [Scan RS (ms): Min: 0.2, Avg: 0.7, Max: 0.8, Diff: 0.6, Sum: 13.4]
      [Object Copy (ms): Min: 12.8, Avg: 15.7, Max: 16.3, Diff: 3.5, Sum: 282.1]
      [Termination (ms): Min: 0.0, Avg: 0.5, Max: 0.6, Diff: 0.6, Sum: 8.3]
      [GC Worker Other (ms): Min: 0.1, Avg: 0.2, Max: 0.4, Diff: 0.4, Sum: 4.1]
      [GC Worker Total (ms): Min: 24.9, Avg: 25.2, Max: 25.4, Diff: 0.5, Sum: 453.8]
      [GC Worker End (ms): Min: 1328040.1, Avg: 1328040.2, Max: 1328040.4, Diff: 0.4]
   [Code Root Fixup: 0.0 ms]
   [Clear CT: 1.8 ms]
   [Other: 12.7 ms]
      [Choose CSet: 0.0 ms]
      [Ref Proc: 7.1 ms]
      [Ref Enq: 0.4 ms]
      [Free CSet: 4.6 ms]
   [Eden: 1552.0M(1552.0M)->0.0B(1561.0M) Survivors: 24.0M->15.0M Heap: 2065.8M(2252.0M)->505.3M(2252.0M)]
 [Times: user=0.50 sys=0.01, real=0.04 secs] 

 Concurrent RS processed 685469 cards
  Of 16386 completed buffers:
        16386 (100.0%) by conc RS threads.
            0 (  0.0%) by mutator threads.
  Conc RS threads times(s)
          0.00     0.00     0.00     0.00     0.00     0.00     0.00     0.00     0.00     0.00     0.00     0.00     0.00     0.00     0.00     0.00     0.00     0.00     0.00
  Total heap region rem set sizes = 5838K.  Max = 29K.
  Static structures = 369K, free_lists = 5K.
    235712 occupied cards represented.
    Max size region = 1455:(O)[0x00000007be300000,0x00000007be400000,0x00000007be400000], size = 30K, occupied = 87K.
    Did 0 coarsenings.
2014-08-01T09:18:33.886-0500: 1334.329: [GC pause (young) 1334.330: [G1Ergonomics (CSet Construction) start choosing CSet, _pending_cards: 6105, predicted base time: 21.81 ms, remaining time: 78.19 ms, target pause time: 100.00 ms]
 1334.330: [G1Ergonomics (CSet Construction) add young regions to CSet, eden: 1561 regions, survivors: 15 regions, predicted young region time: 22.69 ms]
 1334.330: [G1Ergonomics (CSet Construction) finish choosing CSet, eden: 1561 regions, survivors: 15 regions, old: 0 regions, predicted pause time: 44.50 ms, target pause time: 100.00 ms]
, 0.0353630 secs]
   [Parallel Time: 20.3 ms, GC Workers: 18]
      [GC Worker Start (ms): Min: 1334329.8, Avg: 1334330.0, Max: 1334330.1, Diff: 0.3]
      [Ext Root Scanning (ms): Min: 6.1, Avg: 6.6, Max: 7.8, Diff: 1.7, Sum: 119.6]
      [Update RS (ms): Min: 0.0, Avg: 1.3, Max: 2.1, Diff: 2.1, Sum: 22.7]
         [Processed Buffers: Min: 0, Avg: 8.2, Max: 23, Diff: 23, Sum: 147]
      [Scan RS (ms): Min: 0.2, Avg: 0.8, Max: 0.9, Diff: 0.7, Sum: 13.6]
      [Object Copy (ms): Min: 8.8, Avg: 9.9, Max: 10.4, Diff: 1.6, Sum: 177.6]
      [Termination (ms): Min: 0.0, Avg: 0.3, Max: 1.6, Diff: 1.6, Sum: 4.9]
      [GC Worker Other (ms): Min: 0.0, Avg: 0.2, Max: 0.4, Diff: 0.3, Sum: 3.3]
      [GC Worker Total (ms): Min: 18.6, Avg: 19.0, Max: 20.1, Diff: 1.5, Sum: 341.6]
      [GC Worker End (ms): Min: 1334348.8, Avg: 1334349.0, Max: 1334350.0, Diff: 1.2]
   [Code Root Fixup: 0.0 ms]
   [Clear CT: 1.8 ms]
   [Other: 13.3 ms]
      [Choose CSet: 0.0 ms]
      [Ref Proc: 7.3 ms]
      [Ref Enq: 0.6 ms]
      [Free CSet: 4.8 ms]
   [Eden: 1561.0M(1561.0M)->0.0B(1557.0M) Survivors: 15.0M->19.0M Heap: 2066.3M(2252.0M)->509.4M(2252.0M)]
 [Times: user=0.40 sys=0.01, real=0.04 secs] 

 Concurrent RS processed 687509 cards
  Of 16533 completed buffers:
        16533 (100.0%) by conc RS threads.
            0 (  0.0%) by mutator threads.
  Conc RS threads times(s)
          0.00     0.00     0.00     0.00     0.00     0.00     0.00     0.00     0.00     0.00     0.00     0.00     0.00     0.00     0.00     0.00     0.00     0.00     0.00
  Total heap region rem set sizes = 5838K.  Max = 29K.
  Static structures = 369K, free_lists = 5K.
    236175 occupied cards represented.
    Max size region = 1455:(O)[0x00000007be300000,0x00000007be400000,0x00000007be400000], size = 30K, occupied = 87K.
    Did 0 coarsenings.
2014-08-01T09:18:40.468-0500: 1340.912: [GC pause (young) 1340.912: [G1Ergonomics (CSet Construction) start choosing CSet, _pending_cards: 5372, predicted base time: 21.12 ms, remaining time: 78.88 ms, target pause time: 100.00 ms]
 1340.912: [G1Ergonomics (CSet Construction) add young regions to CSet, eden: 1557 regions, survivors: 19 regions, predicted young region time: 18.34 ms]
 1340.912: [G1Ergonomics (CSet Construction) finish choosing CSet, eden: 1557 regions, survivors: 19 regions, old: 0 regions, predicted pause time: 39.46 ms, target pause time: 100.00 ms]
, 0.0354080 secs]
   [Parallel Time: 19.3 ms, GC Workers: 18]
      [GC Worker Start (ms): Min: 1340912.0, Avg: 1340912.2, Max: 1340912.3, Diff: 0.3]
      [Ext Root Scanning (ms): Min: 6.5, Avg: 7.4, Max: 11.0, Diff: 4.5, Sum: 133.6]
      [Update RS (ms): Min: 0.0, Avg: 1.2, Max: 2.5, Diff: 2.5, Sum: 20.7]
         [Processed Buffers: Min: 0, Avg: 7.7, Max: 23, Diff: 23, Sum: 138]
      [Scan RS (ms): Min: 0.2, Avg: 0.8, Max: 1.0, Diff: 0.8, Sum: 14.5]
      [Object Copy (ms): Min: 7.2, Avg: 9.0, Max: 9.4, Diff: 2.2, Sum: 161.2]
      [Termination (ms): Min: 0.0, Avg: 0.1, Max: 0.1, Diff: 0.1, Sum: 1.8]
      [GC Worker Other (ms): Min: 0.0, Avg: 0.2, Max: 0.4, Diff: 0.4, Sum: 4.0]
      [GC Worker Total (ms): Min: 18.4, Avg: 18.7, Max: 18.9, Diff: 0.5, Sum: 335.8]
      [GC Worker End (ms): Min: 1340930.7, Avg: 1340930.8, Max: 1340931.0, Diff: 0.4]
   [Code Root Fixup: 0.0 ms]
   [Clear CT: 1.6 ms]
   [Other: 14.5 ms]
      [Choose CSet: 0.0 ms]
      [Ref Proc: 8.6 ms]
      [Ref Enq: 0.5 ms]
      [Free CSet: 4.7 ms]
   [Eden: 1557.0M(1557.0M)->0.0B(1563.0M) Survivors: 19.0M->13.0M Heap: 2066.4M(2252.0M)->503.4M(2252.0M)]
 [Times: user=0.39 sys=0.01, real=0.04 secs] 

 Concurrent RS processed 689595 cards
  Of 16671 completed buffers:
        16671 (100.0%) by conc RS threads.
            0 (  0.0%) by mutator threads.
  Conc RS threads times(s)
          0.00     0.00     0.00     0.00     0.00     0.00     0.00     0.00     0.00     0.00     0.00     0.00     0.00     0.00     0.00     0.00     0.00     0.00     0.00
  Total heap region rem set sizes = 5838K.  Max = 29K.
  Static structures = 369K, free_lists = 5K.
    236583 occupied cards represented.
    Max size region = 1455:(O)[0x00000007be300000,0x00000007be400000,0x00000007be400000], size = 30K, occupied = 87K.
    Did 0 coarsenings.
2014-08-01T09:18:46.545-0500: 1346.989: [GC pause (young) 1346.989: [G1Ergonomics (CSet Construction) start choosing CSet, _pending_cards: 5588, predicted base time: 21.14 ms, remaining time: 78.86 ms, target pause time: 100.00 ms]
 1346.989: [G1Ergonomics (CSet Construction) add young regions to CSet, eden: 1563 regions, survivors: 13 regions, predicted young region time: 24.35 ms]
 1346.989: [G1Ergonomics (CSet Construction) finish choosing CSet, eden: 1563 regions, survivors: 13 regions, old: 0 regions, predicted pause time: 45.49 ms, target pause time: 100.00 ms]
, 0.0327550 secs]
   [Parallel Time: 19.1 ms, GC Workers: 18]
      [GC Worker Start (ms): Min: 1346988.9, Avg: 1346989.0, Max: 1346989.2, Diff: 0.3]
      [Ext Root Scanning (ms): Min: 6.3, Avg: 7.3, Max: 10.7, Diff: 4.4, Sum: 131.8]
      [Update RS (ms): Min: 0.0, Avg: 1.1, Max: 1.8, Diff: 1.7, Sum: 19.7]
         [Processed Buffers: Min: 0, Avg: 7.3, Max: 22, Diff: 22, Sum: 132]
      [Scan RS (ms): Min: 0.2, Avg: 0.7, Max: 0.9, Diff: 0.7, Sum: 12.6]
      [Object Copy (ms): Min: 7.2, Avg: 9.0, Max: 9.6, Diff: 2.3, Sum: 162.5]
      [Termination (ms): Min: 0.0, Avg: 0.3, Max: 0.4, Diff: 0.4, Sum: 5.8]
      [GC Worker Other (ms): Min: 0.0, Avg: 0.2, Max: 0.3, Diff: 0.3, Sum: 3.0]
      [GC Worker Total (ms): Min: 18.3, Avg: 18.6, Max: 18.9, Diff: 0.6, Sum: 335.4]
      [GC Worker End (ms): Min: 1347007.5, Avg: 1347007.7, Max: 1347007.8, Diff: 0.3]
   [Code Root Fixup: 0.0 ms]
   [Clear CT: 1.8 ms]
   [Other: 11.9 ms]
      [Choose CSet: 0.0 ms]
      [Ref Proc: 6.0 ms]
      [Ref Enq: 0.4 ms]
      [Free CSet: 5.0 ms]
   [Eden: 1563.0M(1563.0M)->0.0B(1563.0M) Survivors: 13.0M->13.0M Heap: 2066.4M(2252.0M)->503.2M(2252.0M)]
 [Times: user=0.37 sys=0.01, real=0.03 secs] 

 Concurrent RS processed 691616 cards
  Of 16803 completed buffers:
        16803 (100.0%) by conc RS threads.
            0 (  0.0%) by mutator threads.
  Conc RS threads times(s)
          0.00     0.00     0.00     0.00     0.00     0.00     0.00     0.00     0.00     0.00     0.00     0.00     0.00     0.00     0.00     0.00     0.00     0.00     0.00
  Total heap region rem set sizes = 5838K.  Max = 29K.
  Static structures = 369K, free_lists = 5K.
    236946 occupied cards represented.
    Max size region = 1455:(O)[0x00000007be300000,0x00000007be400000,0x00000007be400000], size = 30K, occupied = 87K.
    Did 0 coarsenings.
2014-08-01T09:18:53.124-0500: 1353.568: [GC pause (young) 1353.568: [G1Ergonomics (CSet Construction) start choosing CSet, _pending_cards: 5340, predicted base time: 20.32 ms, remaining time: 79.68 ms, target pause time: 100.00 ms]
 1353.568: [G1Ergonomics (CSet Construction) add young regions to CSet, eden: 1563 regions, survivors: 13 regions, predicted young region time: 15.80 ms]
 1353.568: [G1Ergonomics (CSet Construction) finish choosing CSet, eden: 1563 regions, survivors: 13 regions, old: 0 regions, predicted pause time: 36.12 ms, target pause time: 100.00 ms]
, 0.0350050 secs]
   [Parallel Time: 22.3 ms, GC Workers: 18]
      [GC Worker Start (ms): Min: 1353567.9, Avg: 1353568.1, Max: 1353568.2, Diff: 0.3]
      [Ext Root Scanning (ms): Min: 5.5, Avg: 7.0, Max: 9.8, Diff: 4.3, Sum: 125.7]
      [Update RS (ms): Min: 0.0, Avg: 1.3, Max: 3.9, Diff: 3.9, Sum: 22.7]
         [Processed Buffers: Min: 0, Avg: 7.4, Max: 24, Diff: 24, Sum: 133]
      [Scan RS (ms): Min: 0.2, Avg: 0.7, Max: 0.9, Diff: 0.7, Sum: 12.5]
      [Object Copy (ms): Min: 10.7, Avg: 11.9, Max: 12.3, Diff: 1.6, Sum: 214.7]
      [Termination (ms): Min: 0.0, Avg: 0.2, Max: 0.2, Diff: 0.2, Sum: 3.6]
      [GC Worker Other (ms): Min: 0.1, Avg: 0.5, Max: 0.9, Diff: 0.8, Sum: 9.2]
      [GC Worker Total (ms): Min: 21.0, Avg: 21.6, Max: 22.1, Diff: 1.1, Sum: 388.4]
      [GC Worker End (ms): Min: 1353589.2, Avg: 1353589.6, Max: 1353590.0, Diff: 0.8]
   [Code Root Fixup: 0.0 ms]
   [Clear CT: 1.7 ms]
   [Other: 10.9 ms]
      [Choose CSet: 0.0 ms]
      [Ref Proc: 5.1 ms]
      [Ref Enq: 0.4 ms]
      [Free CSet: 4.8 ms]
   [Eden: 1563.0M(1563.0M)->0.0B(1555.0M) Survivors: 13.0M->21.0M Heap: 2066.2M(2252.0M)->511.6M(2252.0M)]
 [Times: user=0.43 sys=0.01, real=0.03 secs] 

 Concurrent RS processed 693737 cards
  Of 16936 completed buffers:
        16936 (100.0%) by conc RS threads.
            0 (  0.0%) by mutator threads.
  Conc RS threads times(s)
          0.00     0.00     0.00     0.00     0.00     0.00     0.00     0.00     0.00     0.00     0.00     0.00     0.00     0.00     0.00     0.00     0.00     0.00     0.00
  Total heap region rem set sizes = 5838K.  Max = 29K.
  Static structures = 369K, free_lists = 5K.
    237326 occupied cards represented.
    Max size region = 1455:(O)[0x00000007be300000,0x00000007be400000,0x00000007be400000], size = 30K, occupied = 87K.
    Did 0 coarsenings.
2014-08-01T09:18:59.183-0500: 1359.626: [GC pause (young) 1359.626: [G1Ergonomics (CSet Construction) start choosing CSet, _pending_cards: 5320, predicted base time: 19.64 ms, remaining time: 80.36 ms, target pause time: 100.00 ms]
 1359.626: [G1Ergonomics (CSet Construction) add young regions to CSet, eden: 1555 regions, survivors: 21 regions, predicted young region time: 16.01 ms]
 1359.626: [G1Ergonomics (CSet Construction) finish choosing CSet, eden: 1555 regions, survivors: 21 regions, old: 0 regions, predicted pause time: 35.65 ms, target pause time: 100.00 ms]
, 0.0431900 secs]
   [Parallel Time: 27.6 ms, GC Workers: 18]
      [GC Worker Start (ms): Min: 1359626.7, Avg: 1359626.8, Max: 1359627.0, Diff: 0.3]
      [Ext Root Scanning (ms): Min: 4.5, Avg: 6.4, Max: 9.8, Diff: 5.4, Sum: 115.4]
      [Update RS (ms): Min: 0.0, Avg: 1.3, Max: 3.8, Diff: 3.8, Sum: 24.0]
         [Processed Buffers: Min: 0, Avg: 7.3, Max: 23, Diff: 23, Sum: 131]
      [Scan RS (ms): Min: 0.2, Avg: 0.7, Max: 0.9, Diff: 0.7, Sum: 12.1]
      [Object Copy (ms): Min: 12.0, Avg: 13.9, Max: 18.2, Diff: 6.2, Sum: 249.8]
      [Termination (ms): Min: 0.0, Avg: 4.6, Max: 5.0, Diff: 5.0, Sum: 82.8]
      [GC Worker Other (ms): Min: 0.0, Avg: 0.2, Max: 0.3, Diff: 0.3, Sum: 2.8]
      [GC Worker Total (ms): Min: 26.8, Avg: 27.0, Max: 27.3, Diff: 0.5, Sum: 486.8]
      [GC Worker End (ms): Min: 1359653.8, Avg: 1359653.9, Max: 1359654.1, Diff: 0.3]
   [Code Root Fixup: 0.0 ms]
   [Clear CT: 2.6 ms]
   [Other: 13.0 ms]
      [Choose CSet: 0.0 ms]
      [Ref Proc: 6.1 ms]
      [Ref Enq: 1.5 ms]
      [Free CSet: 4.7 ms]
   [Eden: 1555.0M(1555.0M)->0.0B(1562.0M) Survivors: 21.0M->14.0M Heap: 2066.6M(2252.0M)->504.2M(2252.0M)]
 [Times: user=0.53 sys=0.01, real=0.05 secs] 

 Concurrent RS processed 695824 cards
  Of 17067 completed buffers:
        17067 (100.0%) by conc RS threads.
            0 (  0.0%) by mutator threads.
  Conc RS threads times(s)
          0.00     0.00     0.00     0.00     0.00     0.00     0.00     0.00     0.00     0.00     0.00     0.00     0.00     0.00     0.00     0.00     0.00     0.00     0.00
  Total heap region rem set sizes = 5838K.  Max = 29K.
  Static structures = 369K, free_lists = 5K.
    237630 occupied cards represented.
    Max size region = 1455:(O)[0x00000007be300000,0x00000007be400000,0x00000007be400000], size = 30K, occupied = 87K.
    Did 0 coarsenings.
2014-08-01T09:19:05.027-0500: 1365.471: [GC pause (young) 1365.471: [G1Ergonomics (CSet Construction) start choosing CSet, _pending_cards: 5325, predicted base time: 19.60 ms, remaining time: 80.40 ms, target pause time: 100.00 ms]
 1365.471: [G1Ergonomics (CSet Construction) add young regions to CSet, eden: 1562 regions, survivors: 14 regions, predicted young region time: 30.24 ms]
 1365.471: [G1Ergonomics (CSet Construction) finish choosing CSet, eden: 1562 regions, survivors: 14 regions, old: 0 regions, predicted pause time: 49.84 ms, target pause time: 100.00 ms]
, 0.0395910 secs]
   [Parallel Time: 26.5 ms, GC Workers: 18]
      [GC Worker Start (ms): Min: 1365471.2, Avg: 1365471.4, Max: 1365471.6, Diff: 0.4]
      [Ext Root Scanning (ms): Min: 6.8, Avg: 9.1, Max: 11.5, Diff: 4.6, Sum: 163.3]
      [Update RS (ms): Min: 0.0, Avg: 1.8, Max: 15.9, Diff: 15.9, Sum: 32.2]
         [Processed Buffers: Min: 0, Avg: 7.6, Max: 21, Diff: 21, Sum: 136]
      [Scan RS (ms): Min: 0.4, Avg: 0.8, Max: 0.9, Diff: 0.5, Sum: 14.3]
      [Object Copy (ms): Min: 1.5, Avg: 12.1, Max: 13.4, Diff: 12.0, Sum: 218.1]
      [Termination (ms): Min: 0.0, Avg: 1.2, Max: 2.3, Diff: 2.3, Sum: 22.2]
      [GC Worker Other (ms): Min: 0.0, Avg: 0.2, Max: 0.3, Diff: 0.3, Sum: 2.8]
      [GC Worker Total (ms): Min: 24.8, Avg: 25.2, Max: 26.0, Diff: 1.2, Sum: 453.0]
      [GC Worker End (ms): Min: 1365496.3, Avg: 1365496.6, Max: 1365497.4, Diff: 1.1]
   [Code Root Fixup: 0.0 ms]
   [Clear CT: 1.8 ms]
   [Other: 11.4 ms]
      [Choose CSet: 0.0 ms]
      [Ref Proc: 5.7 ms]
      [Ref Enq: 0.4 ms]
      [Free CSet: 4.7 ms]
   [Eden: 1562.0M(1562.0M)->0.0B(1564.0M) Survivors: 14.0M->12.0M Heap: 2066.2M(2252.0M)->502.2M(2252.0M)]
 [Times: user=0.46 sys=0.00, real=0.04 secs] 

 Concurrent RS processed 698069 cards
  Of 17203 completed buffers:
        17203 (100.0%) by conc RS threads.
            0 (  0.0%) by mutator threads.
  Conc RS threads times(s)
          0.00     0.00     0.00     0.00     0.00     0.00     0.00     0.00     0.00     0.00     0.00     0.00     0.00     0.00     0.00     0.00     0.00     0.00     0.00
  Total heap region rem set sizes = 5838K.  Max = 29K.
  Static structures = 369K, free_lists = 4K.
    237927 occupied cards represented.
    Max size region = 1455:(O)[0x00000007be300000,0x00000007be400000,0x00000007be400000], size = 30K, occupied = 87K.
    Did 0 coarsenings.
2014-08-01T09:19:11.126-0500: 1371.570: [GC pause (young) 1371.570: [G1Ergonomics (CSet Construction) start choosing CSet, _pending_cards: 5137, predicted base time: 20.04 ms, remaining time: 79.96 ms, target pause time: 100.00 ms]
 1371.570: [G1Ergonomics (CSet Construction) add young regions to CSet, eden: 1564 regions, survivors: 12 regions, predicted young region time: 14.23 ms]
 1371.570: [G1Ergonomics (CSet Construction) finish choosing CSet, eden: 1564 regions, survivors: 12 regions, old: 0 regions, predicted pause time: 34.27 ms, target pause time: 100.00 ms]
, 0.0305820 secs]
   [Parallel Time: 17.1 ms, GC Workers: 18]
      [GC Worker Start (ms): Min: 1371569.9, Avg: 1371570.0, Max: 1371570.2, Diff: 0.3]
      [Ext Root Scanning (ms): Min: 4.3, Avg: 6.5, Max: 10.8, Diff: 6.5, Sum: 116.4]
      [Update RS (ms): Min: 0.0, Avg: 0.6, Max: 2.6, Diff: 2.6, Sum: 11.0]
         [Processed Buffers: Min: 0, Avg: 7.6, Max: 36, Diff: 36, Sum: 136]
      [Scan RS (ms): Min: 0.2, Avg: 0.4, Max: 0.7, Diff: 0.5, Sum: 7.8]
      [Object Copy (ms): Min: 3.4, Avg: 6.9, Max: 9.8, Diff: 6.4, Sum: 123.9]
      [Termination (ms): Min: 0.0, Avg: 2.1, Max: 2.3, Diff: 2.3, Sum: 37.8]
      [GC Worker Other (ms): Min: 0.0, Avg: 0.2, Max: 0.4, Diff: 0.3, Sum: 3.4]
      [GC Worker Total (ms): Min: 16.4, Avg: 16.7, Max: 17.0, Diff: 0.5, Sum: 300.2]
      [GC Worker End (ms): Min: 1371586.5, Avg: 1371586.7, Max: 1371586.9, Diff: 0.3]
   [Code Root Fixup: 0.0 ms]
   [Clear CT: 1.2 ms]
   [Other: 12.2 ms]
      [Choose CSet: 0.0 ms]
      [Ref Proc: 6.6 ms]
      [Ref Enq: 0.4 ms]
      [Free CSet: 4.7 ms]
   [Eden: 1564.0M(1564.0M)->0.0B(1564.0M) Survivors: 12.0M->12.0M Heap: 2066.2M(2252.0M)->502.8M(2252.0M)]
 [Times: user=0.32 sys=0.00, real=0.03 secs] 

 Concurrent RS processed 700339 cards
  Of 17339 completed buffers:
        17339 (100.0%) by conc RS threads.
            0 (  0.0%) by mutator threads.
  Conc RS threads times(s)
          0.00     0.00     0.00     0.00     0.00     0.00     0.00     0.00     0.00     0.00     0.00     0.00     0.00     0.00     0.00     0.00     0.00     0.00     0.00
  Total heap region rem set sizes = 5838K.  Max = 29K.
  Static structures = 369K, free_lists = 4K.
    238262 occupied cards represented.
    Max size region = 1455:(O)[0x00000007be300000,0x00000007be400000,0x00000007be400000], size = 30K, occupied = 87K.
    Did 0 coarsenings.
2014-08-01T09:19:17.291-0500: 1377.734: [GC pause (young) 1377.734: [G1Ergonomics (CSet Construction) start choosing CSet, _pending_cards: 5833, predicted base time: 19.44 ms, remaining time: 80.56 ms, target pause time: 100.00 ms]
 1377.734: [G1Ergonomics (CSet Construction) add young regions to CSet, eden: 1564 regions, survivors: 12 regions, predicted young region time: 20.29 ms]
 1377.734: [G1Ergonomics (CSet Construction) finish choosing CSet, eden: 1564 regions, survivors: 12 regions, old: 0 regions, predicted pause time: 39.73 ms, target pause time: 100.00 ms]
, 0.0342710 secs]
   [Parallel Time: 18.9 ms, GC Workers: 18]
      [GC Worker Start (ms): Min: 1377734.6, Avg: 1377734.7, Max: 1377734.9, Diff: 0.3]
      [Ext Root Scanning (ms): Min: 6.5, Avg: 8.4, Max: 10.8, Diff: 4.3, Sum: 150.7]
      [Update RS (ms): Min: 0.0, Avg: 1.2, Max: 2.6, Diff: 2.6, Sum: 21.7]
         [Processed Buffers: Min: 0, Avg: 7.8, Max: 27, Diff: 27, Sum: 140]
      [Scan RS (ms): Min: 0.2, Avg: 0.8, Max: 0.9, Diff: 0.7, Sum: 14.0]
      [Object Copy (ms): Min: 6.0, Avg: 7.1, Max: 8.0, Diff: 2.0, Sum: 127.4]
      [Termination (ms): Min: 0.0, Avg: 0.8, Max: 0.9, Diff: 0.9, Sum: 14.1]
      [GC Worker Other (ms): Min: 0.0, Avg: 0.2, Max: 0.4, Diff: 0.4, Sum: 3.3]
      [GC Worker Total (ms): Min: 18.2, Avg: 18.4, Max: 18.6, Diff: 0.4, Sum: 331.2]
      [GC Worker End (ms): Min: 1377753.0, Avg: 1377753.1, Max: 1377753.3, Diff: 0.4]
   [Code Root Fixup: 0.0 ms]
   [Clear CT: 1.9 ms]
   [Other: 13.5 ms]
      [Choose CSet: 0.0 ms]
      [Ref Proc: 7.7 ms]
      [Ref Enq: 0.5 ms]
      [Free CSet: 4.7 ms]
   [Eden: 1564.0M(1564.0M)->0.0B(1560.0M) Survivors: 12.0M->16.0M Heap: 2066.8M(2252.0M)->506.5M(2252.0M)]
 [Times: user=0.35 sys=0.01, real=0.03 secs] 

 Concurrent RS processed 702533 cards
  Of 17479 completed buffers:
        17479 (100.0%) by conc RS threads.
            0 (  0.0%) by mutator threads.
  Conc RS threads times(s)
          0.00     0.00     0.00     0.00     0.00     0.00     0.00     0.00     0.00     0.00     0.00     0.00     0.00     0.00     0.00     0.00     0.00     0.00     0.00
  Total heap region rem set sizes = 5838K.  Max = 29K.
  Static structures = 369K, free_lists = 4K.
    238672 occupied cards represented.
    Max size region = 1455:(O)[0x00000007be300000,0x00000007be400000,0x00000007be400000], size = 30K, occupied = 87K.
    Did 0 coarsenings.
2014-08-01T09:19:23.749-0500: 1384.193: [GC pause (young) 1384.193: [G1Ergonomics (CSet Construction) start choosing CSet, _pending_cards: 5325, predicted base time: 20.00 ms, remaining time: 80.00 ms, target pause time: 100.00 ms]
 1384.193: [G1Ergonomics (CSet Construction) add young regions to CSet, eden: 1560 regions, survivors: 16 regions, predicted young region time: 11.33 ms]
 1384.193: [G1Ergonomics (CSet Construction) finish choosing CSet, eden: 1560 regions, survivors: 16 regions, old: 0 regions, predicted pause time: 31.33 ms, target pause time: 100.00 ms]
, 0.0338540 secs]
   [Parallel Time: 18.9 ms, GC Workers: 18]
      [GC Worker Start (ms): Min: 1384193.2, Avg: 1384193.3, Max: 1384193.5, Diff: 0.3]
      [Ext Root Scanning (ms): Min: 5.5, Avg: 6.8, Max: 9.5, Diff: 4.0, Sum: 122.6]
      [Update RS (ms): Min: 0.0, Avg: 1.3, Max: 2.4, Diff: 2.4, Sum: 22.7]
         [Processed Buffers: Min: 0, Avg: 7.7, Max: 22, Diff: 22, Sum: 138]
      [Scan RS (ms): Min: 0.4, Avg: 0.8, Max: 0.9, Diff: 0.5, Sum: 13.6]
      [Object Copy (ms): Min: 8.1, Avg: 9.2, Max: 9.8, Diff: 1.7, Sum: 166.0]
      [Termination (ms): Min: 0.0, Avg: 0.0, Max: 0.1, Diff: 0.1, Sum: 0.5]
      [GC Worker Other (ms): Min: 0.0, Avg: 0.2, Max: 0.4, Diff: 0.4, Sum: 4.4]
      [GC Worker Total (ms): Min: 18.0, Avg: 18.3, Max: 18.6, Diff: 0.6, Sum: 329.8]
      [GC Worker End (ms): Min: 1384211.5, Avg: 1384211.7, Max: 1384211.9, Diff: 0.4]
   [Code Root Fixup: 0.0 ms]
   [Clear CT: 1.7 ms]
   [Other: 13.3 ms]
      [Choose CSet: 0.0 ms]
      [Ref Proc: 7.4 ms]
      [Ref Enq: 0.5 ms]
      [Free CSet: 4.8 ms]
   [Eden: 1560.0M(1560.0M)->0.0B(1562.0M) Survivors: 16.0M->14.0M Heap: 2066.5M(2252.0M)->504.5M(2252.0M)]
 [Times: user=0.39 sys=0.00, real=0.03 secs] 

 Concurrent RS processed 704620 cards
  Of 17617 completed buffers:
        17617 (100.0%) by conc RS threads.
            0 (  0.0%) by mutator threads.
  Conc RS threads times(s)
          0.00     0.00     0.00     0.00     0.00     0.00     0.00     0.00     0.00     0.00     0.00     0.00     0.00     0.00     0.00     0.00     0.00     0.00     0.00
  Total heap region rem set sizes = 5839K.  Max = 29K.
  Static structures = 369K, free_lists = 4K.
    238983 occupied cards represented.
    Max size region = 1455:(O)[0x00000007be300000,0x00000007be400000,0x00000007be400000], size = 30K, occupied = 87K.
    Did 0 coarsenings.
2014-08-01T09:19:30.146-0500: 1390.590: [GC pause (young) 1390.590: [G1Ergonomics (CSet Construction) start choosing CSet, _pending_cards: 5589, predicted base time: 19.85 ms, remaining time: 80.15 ms, target pause time: 100.00 ms]
 1390.590: [G1Ergonomics (CSet Construction) add young regions to CSet, eden: 1562 regions, survivors: 14 regions, predicted young region time: 14.76 ms]
 1390.590: [G1Ergonomics (CSet Construction) finish choosing CSet, eden: 1562 regions, survivors: 14 regions, old: 0 regions, predicted pause time: 34.60 ms, target pause time: 100.00 ms]
, 0.0368750 secs]
   [Parallel Time: 21.9 ms, GC Workers: 18]
      [GC Worker Start (ms): Min: 1390590.1, Avg: 1390590.2, Max: 1390590.4, Diff: 0.3]
      [Ext Root Scanning (ms): Min: 6.2, Avg: 7.1, Max: 8.0, Diff: 1.8, Sum: 128.5]
      [Update RS (ms): Min: 0.7, Avg: 1.2, Max: 2.2, Diff: 1.5, Sum: 21.2]
         [Processed Buffers: Min: 1, Avg: 7.3, Max: 35, Diff: 34, Sum: 132]
      [Scan RS (ms): Min: 0.3, Avg: 0.7, Max: 0.8, Diff: 0.5, Sum: 13.4]
      [Object Copy (ms): Min: 10.4, Avg: 11.6, Max: 12.2, Diff: 1.8, Sum: 208.2]
      [Termination (ms): Min: 0.2, Avg: 0.4, Max: 0.6, Diff: 0.4, Sum: 7.4]
      [GC Worker Other (ms): Min: 0.0, Avg: 0.2, Max: 0.4, Diff: 0.4, Sum: 3.6]
      [GC Worker Total (ms): Min: 20.9, Avg: 21.2, Max: 21.5, Diff: 0.6, Sum: 382.2]
      [GC Worker End (ms): Min: 1390611.3, Avg: 1390611.4, Max: 1390611.7, Diff: 0.4]
   [Code Root Fixup: 0.0 ms]
   [Clear CT: 1.8 ms]
   [Other: 13.2 ms]
      [Choose CSet: 0.0 ms]
      [Ref Proc: 7.4 ms]
      [Ref Enq: 0.8 ms]
      [Free CSet: 4.5 ms]
   [Eden: 1562.0M(1562.0M)->0.0B(1553.0M) Survivors: 14.0M->23.0M Heap: 2066.5M(2252.0M)->514.0M(2252.0M)]
 [Times: user=0.42 sys=0.01, real=0.04 secs] 

 Concurrent RS processed 706649 cards
  Of 17749 completed buffers:
        17749 (100.0%) by conc RS threads.
            0 (  0.0%) by mutator threads.
  Conc RS threads times(s)
          0.00     0.00     0.00     0.00     0.00     0.00     0.00     0.00     0.00     0.00     0.00     0.00     0.00     0.00     0.00     0.00     0.00     0.00     0.00
  Total heap region rem set sizes = 5839K.  Max = 29K.
  Static structures = 369K, free_lists = 4K.
    239261 occupied cards represented.
    Max size region = 1455:(O)[0x00000007be300000,0x00000007be400000,0x00000007be400000], size = 30K, occupied = 87K.
    Did 0 coarsenings.
2014-08-01T09:19:36.412-0500: 1396.856: [GC pause (young) 1396.856: [G1Ergonomics (CSet Construction) start choosing CSet, _pending_cards: 5622, predicted base time: 19.86 ms, remaining time: 80.14 ms, target pause time: 100.00 ms]
 1396.856: [G1Ergonomics (CSet Construction) add young regions to CSet, eden: 1553 regions, survivors: 23 regions, predicted young region time: 11.16 ms]
 1396.856: [G1Ergonomics (CSet Construction) finish choosing CSet, eden: 1553 regions, survivors: 23 regions, old: 0 regions, predicted pause time: 31.02 ms, target pause time: 100.00 ms]
, 0.0340710 secs]
   [Parallel Time: 19.1 ms, GC Workers: 18]
      [GC Worker Start (ms): Min: 1396855.9, Avg: 1396856.0, Max: 1396856.1, Diff: 0.3]
      [Ext Root Scanning (ms): Min: 6.1, Avg: 6.7, Max: 7.7, Diff: 1.6, Sum: 120.4]
      [Update RS (ms): Min: 0.1, Avg: 1.1, Max: 2.3, Diff: 2.2, Sum: 20.2]
         [Processed Buffers: Min: 1, Avg: 7.9, Max: 25, Diff: 24, Sum: 143]
      [Scan RS (ms): Min: 0.5, Avg: 0.7, Max: 0.9, Diff: 0.3, Sum: 13.5]
      [Object Copy (ms): Min: 7.4, Avg: 8.6, Max: 10.0, Diff: 2.6, Sum: 155.2]
      [Termination (ms): Min: 0.1, Avg: 1.3, Max: 1.5, Diff: 1.4, Sum: 23.2]
      [GC Worker Other (ms): Min: 0.0, Avg: 0.2, Max: 0.5, Diff: 0.4, Sum: 2.9]
      [GC Worker Total (ms): Min: 18.4, Avg: 18.6, Max: 19.0, Diff: 0.6, Sum: 335.4]
      [GC Worker End (ms): Min: 1396874.5, Avg: 1396874.6, Max: 1396874.9, Diff: 0.5]
   [Code Root Fixup: 0.0 ms]
   [Clear CT: 1.7 ms]
   [Other: 13.2 ms]
      [Choose CSet: 0.0 ms]
      [Ref Proc: 7.9 ms]
      [Ref Enq: 0.5 ms]
      [Free CSet: 4.4 ms]
   [Eden: 1553.0M(1553.0M)->0.0B(1563.0M) Survivors: 23.0M->13.0M Heap: 2067.0M(2252.0M)->503.9M(2252.0M)]
 [Times: user=0.41 sys=0.01, real=0.03 secs] 

 Concurrent RS processed 708681 cards
  Of 17892 completed buffers:
        17892 (100.0%) by conc RS threads.
            0 (  0.0%) by mutator threads.
  Conc RS threads times(s)
          0.00     0.00     0.00     0.00     0.00     0.00     0.00     0.00     0.00     0.00     0.00     0.00     0.00     0.00     0.00     0.00     0.00     0.00     0.00
  Total heap region rem set sizes = 5842K.  Max = 30K.
  Static structures = 369K, free_lists = 3K.
    239655 occupied cards represented.
    Max size region = 1455:(O)[0x00000007be300000,0x00000007be400000,0x00000007be400000], size = 31K, occupied = 87K.
    Did 0 coarsenings.
2014-08-01T09:19:42.849-0500: 1403.292: [GC pause (young) 1403.292: [G1Ergonomics (CSet Construction) start choosing CSet, _pending_cards: 5574, predicted base time: 19.66 ms, remaining time: 80.34 ms, target pause time: 100.00 ms]
 1403.292: [G1Ergonomics (CSet Construction) add young regions to CSet, eden: 1563 regions, survivors: 13 regions, predicted young region time: 16.17 ms]
 1403.292: [G1Ergonomics (CSet Construction) finish choosing CSet, eden: 1563 regions, survivors: 13 regions, old: 0 regions, predicted pause time: 35.82 ms, target pause time: 100.00 ms]
, 0.0368830 secs]
   [Parallel Time: 22.1 ms, GC Workers: 18]
      [GC Worker Start (ms): Min: 1403292.5, Avg: 1403292.7, Max: 1403292.8, Diff: 0.3]
      [Ext Root Scanning (ms): Min: 6.7, Avg: 7.7, Max: 12.0, Diff: 5.3, Sum: 138.9]
      [Update RS (ms): Min: 0.0, Avg: 1.2, Max: 2.3, Diff: 2.3, Sum: 21.8]
         [Processed Buffers: Min: 0, Avg: 7.4, Max: 27, Diff: 27, Sum: 134]
      [Scan RS (ms): Min: 0.2, Avg: 0.7, Max: 0.9, Diff: 0.7, Sum: 11.7]
      [Object Copy (ms): Min: 8.8, Avg: 11.3, Max: 12.1, Diff: 3.3, Sum: 204.1]
      [Termination (ms): Min: 0.0, Avg: 0.4, Max: 0.5, Diff: 0.5, Sum: 7.2]
      [GC Worker Other (ms): Min: 0.0, Avg: 0.2, Max: 0.4, Diff: 0.3, Sum: 3.5]
      [GC Worker Total (ms): Min: 21.3, Avg: 21.5, Max: 21.8, Diff: 0.5, Sum: 387.3]
      [GC Worker End (ms): Min: 1403314.0, Avg: 1403314.2, Max: 1403314.4, Diff: 0.3]
   [Code Root Fixup: 0.0 ms]
   [Clear CT: 1.8 ms]
   [Other: 13.0 ms]
      [Choose CSet: 0.1 ms]
      [Ref Proc: 6.2 ms]
      [Ref Enq: 1.6 ms]
      [Free CSet: 4.4 ms]
   [Eden: 1563.0M(1563.0M)->0.0B(1564.0M) Survivors: 13.0M->12.0M Heap: 2066.9M(2252.0M)->502.8M(2252.0M)]
 [Times: user=0.40 sys=0.00, real=0.04 secs] 

 Concurrent RS processed 710816 cards
  Of 18026 completed buffers:
        18026 (100.0%) by conc RS threads.
            0 (  0.0%) by mutator threads.
  Conc RS threads times(s)
          0.00     0.00     0.00     0.00     0.00     0.00     0.00     0.00     0.00     0.00     0.00     0.00     0.00     0.00     0.00     0.00     0.00     0.00     0.00
  Total heap region rem set sizes = 5842K.  Max = 30K.
  Static structures = 369K, free_lists = 3K.
    240094 occupied cards represented.
    Max size region = 1455:(O)[0x00000007be300000,0x00000007be400000,0x00000007be400000], size = 31K, occupied = 87K.
    Did 0 coarsenings.
2014-08-01T09:19:49.193-0500: 1409.636: [GC pause (young) 1409.636: [G1Ergonomics (CSet Construction) start choosing CSet, _pending_cards: 5318, predicted base time: 19.75 ms, remaining time: 80.25 ms, target pause time: 100.00 ms]
 1409.636: [G1Ergonomics (CSet Construction) add young regions to CSet, eden: 1564 regions, survivors: 12 regions, predicted young region time: 27.71 ms]
 1409.636: [G1Ergonomics (CSet Construction) finish choosing CSet, eden: 1564 regions, survivors: 12 regions, old: 0 regions, predicted pause time: 47.46 ms, target pause time: 100.00 ms]
, 0.0414560 secs]
   [Parallel Time: 26.8 ms, GC Workers: 18]
      [GC Worker Start (ms): Min: 1409636.5, Avg: 1409636.7, Max: 1409637.0, Diff: 0.5]
      [Ext Root Scanning (ms): Min: 6.9, Avg: 8.8, Max: 11.1, Diff: 4.2, Sum: 159.2]
      [Update RS (ms): Min: 0.0, Avg: 2.5, Max: 12.2, Diff: 12.2, Sum: 44.9]
         [Processed Buffers: Min: 1, Avg: 7.4, Max: 19, Diff: 18, Sum: 134]
      [Scan RS (ms): Min: 0.2, Avg: 0.8, Max: 0.9, Diff: 0.7, Sum: 13.9]
      [Object Copy (ms): Min: 4.8, Avg: 13.6, Max: 15.4, Diff: 10.5, Sum: 243.9]
      [Termination (ms): Min: 0.0, Avg: 0.4, Max: 0.5, Diff: 0.4, Sum: 7.1]
      [GC Worker Other (ms): Min: 0.0, Avg: 0.2, Max: 0.4, Diff: 0.4, Sum: 3.8]
      [GC Worker Total (ms): Min: 25.9, Avg: 26.3, Max: 26.6, Diff: 0.7, Sum: 472.7]
      [GC Worker End (ms): Min: 1409662.8, Avg: 1409663.0, Max: 1409663.2, Diff: 0.4]
   [Code Root Fixup: 0.0 ms]
   [Clear CT: 1.5 ms]
   [Other: 13.2 ms]
      [Choose CSet: 0.0 ms]
      [Ref Proc: 7.4 ms]
      [Ref Enq: 0.6 ms]
      [Free CSet: 4.5 ms]
   [Eden: 1564.0M(1564.0M)->0.0B(1560.0M) Survivors: 12.0M->16.0M Heap: 2066.8M(2252.0M)->507.2M(2252.0M)]
 [Times: user=0.46 sys=0.01, real=0.04 secs] 

 Concurrent RS processed 712980 cards
  Of 18160 completed buffers:
        18160 (100.0%) by conc RS threads.
            0 (  0.0%) by mutator threads.
  Conc RS threads times(s)
          0.00     0.00     0.00     0.00     0.00     0.00     0.00     0.00     0.00     0.00     0.00     0.00     0.00     0.00     0.00     0.00     0.00     0.00     0.00
  Total heap region rem set sizes = 5842K.  Max = 30K.
  Static structures = 369K, free_lists = 3K.
    240509 occupied cards represented.
    Max size region = 1455:(O)[0x00000007be300000,0x00000007be400000,0x00000007be400000], size = 31K, occupied = 87K.
    Did 0 coarsenings.
2014-08-01T09:19:55.555-0500: 1415.998: [GC pause (young) 1415.998: [G1Ergonomics (CSet Construction) start choosing CSet, _pending_cards: 5313, predicted base time: 20.79 ms, remaining time: 79.21 ms, target pause time: 100.00 ms]
 1415.998: [G1Ergonomics (CSet Construction) add young regions to CSet, eden: 1560 regions, survivors: 16 regions, predicted young region time: 24.94 ms]
 1415.998: [G1Ergonomics (CSet Construction) finish choosing CSet, eden: 1560 regions, survivors: 16 regions, old: 0 regions, predicted pause time: 45.73 ms, target pause time: 100.00 ms]
, 0.0285730 secs]
   [Parallel Time: 16.0 ms, GC Workers: 18]
      [GC Worker Start (ms): Min: 1415998.7, Avg: 1415998.9, Max: 1415999.0, Diff: 0.3]
      [Ext Root Scanning (ms): Min: 4.3, Avg: 6.3, Max: 7.3, Diff: 3.0, Sum: 113.9]
      [Update RS (ms): Min: 0.4, Avg: 1.2, Max: 2.9, Diff: 2.5, Sum: 21.7]
         [Processed Buffers: Min: 1, Avg: 7.2, Max: 17, Diff: 16, Sum: 130]
      [Scan RS (ms): Min: 0.2, Avg: 0.6, Max: 0.9, Diff: 0.7, Sum: 11.6]
      [Object Copy (ms): Min: 6.0, Avg: 7.1, Max: 7.5, Diff: 1.5, Sum: 127.1]
      [Termination (ms): Min: 0.0, Avg: 0.1, Max: 0.1, Diff: 0.1, Sum: 1.5]
      [GC Worker Other (ms): Min: 0.0, Avg: 0.2, Max: 0.4, Diff: 0.3, Sum: 3.4]
      [GC Worker Total (ms): Min: 15.2, Avg: 15.5, Max: 15.7, Diff: 0.5, Sum: 279.2]
      [GC Worker End (ms): Min: 1416014.2, Avg: 1416014.4, Max: 1416014.6, Diff: 0.4]
   [Code Root Fixup: 0.0 ms]
   [Clear CT: 1.7 ms]
   [Other: 10.8 ms]
      [Choose CSet: 0.0 ms]
      [Ref Proc: 5.5 ms]
      [Ref Enq: 0.4 ms]
      [Free CSet: 4.4 ms]
   [Eden: 1560.0M(1560.0M)->0.0B(1562.0M) Survivors: 16.0M->14.0M Heap: 2067.2M(2252.0M)->505.5M(2252.0M)]
 [Times: user=0.34 sys=0.00, real=0.03 secs] 

 Concurrent RS processed 715059 cards
  Of 18290 completed buffers:
        18290 (100.0%) by conc RS threads.
            0 (  0.0%) by mutator threads.
  Conc RS threads times(s)
          0.00     0.00     0.00     0.00     0.00     0.00     0.00     0.00     0.00     0.00     0.00     0.00     0.00     0.00     0.00     0.00     0.00     0.00     0.00
  Total heap region rem set sizes = 5842K.  Max = 30K.
  Static structures = 369K, free_lists = 3K.
    240889 occupied cards represented.
    Max size region = 1455:(O)[0x00000007be300000,0x00000007be400000,0x00000007be400000], size = 31K, occupied = 87K.
    Did 0 coarsenings.
2014-08-01T09:20:01.874-0500: 1422.317: [GC pause (young) 1422.318: [G1Ergonomics (CSet Construction) start choosing CSet, _pending_cards: 5584, predicted base time: 20.03 ms, remaining time: 79.97 ms, target pause time: 100.00 ms]
 1422.318: [G1Ergonomics (CSet Construction) add young regions to CSet, eden: 1562 regions, survivors: 14 regions, predicted young region time: 27.31 ms]
 1422.318: [G1Ergonomics (CSet Construction) finish choosing CSet, eden: 1562 regions, survivors: 14 regions, old: 0 regions, predicted pause time: 47.34 ms, target pause time: 100.00 ms]
, 0.0392540 secs]
   [Parallel Time: 17.2 ms, GC Workers: 18]
      [GC Worker Start (ms): Min: 1422317.8, Avg: 1422317.9, Max: 1422318.1, Diff: 0.3]
      [Ext Root Scanning (ms): Min: 5.9, Avg: 7.0, Max: 9.8, Diff: 3.8, Sum: 126.1]
      [Update RS (ms): Min: 0.0, Avg: 1.3, Max: 2.6, Diff: 2.6, Sum: 23.3]
         [Processed Buffers: Min: 0, Avg: 7.5, Max: 17, Diff: 17, Sum: 135]
      [Scan RS (ms): Min: 0.2, Avg: 0.7, Max: 0.9, Diff: 0.7, Sum: 13.4]
      [Object Copy (ms): Min: 6.1, Avg: 7.3, Max: 7.9, Diff: 1.9, Sum: 131.5]
      [Termination (ms): Min: 0.0, Avg: 0.0, Max: 0.1, Diff: 0.1, Sum: 0.6]
      [GC Worker Other (ms): Min: 0.0, Avg: 0.2, Max: 0.4, Diff: 0.4, Sum: 4.0]
      [GC Worker Total (ms): Min: 16.4, Avg: 16.6, Max: 16.9, Diff: 0.6, Sum: 299.0]
      [GC Worker End (ms): Min: 1422334.3, Avg: 1422334.5, Max: 1422334.7, Diff: 0.4]
   [Code Root Fixup: 0.0 ms]
   [Clear CT: 1.9 ms]
   [Other: 20.2 ms]
      [Choose CSet: 0.0 ms]
      [Ref Proc: 15.1 ms]
      [Ref Enq: 0.4 ms]
      [Free CSet: 4.2 ms]
   [Eden: 1562.0M(1562.0M)->0.0B(1562.0M) Survivors: 14.0M->14.0M Heap: 2067.5M(2252.0M)->505.1M(2252.0M)]
 [Times: user=0.51 sys=0.00, real=0.04 secs] 

 Concurrent RS processed 717194 cards
  Of 18425 completed buffers:
        18425 (100.0%) by conc RS threads.
            0 (  0.0%) by mutator threads.
  Conc RS threads times(s)
          0.00     0.00     0.00     0.00     0.00     0.00     0.00     0.00     0.00     0.00     0.00     0.00     0.00     0.00     0.00     0.00     0.00     0.00     0.00
  Total heap region rem set sizes = 5842K.  Max = 30K.
  Static structures = 369K, free_lists = 3K.
    241286 occupied cards represented.
    Max size region = 1455:(O)[0x00000007be300000,0x00000007be400000,0x00000007be400000], size = 31K, occupied = 87K.
    Did 0 coarsenings.
2014-08-01T09:20:08.280-0500: 1428.724: [GC pause (young) 1428.724: [G1Ergonomics (CSet Construction) start choosing CSet, _pending_cards: 5351, predicted base time: 23.17 ms, remaining time: 76.83 ms, target pause time: 100.00 ms]
 1428.724: [G1Ergonomics (CSet Construction) add young regions to CSet, eden: 1562 regions, survivors: 14 regions, predicted young region time: 27.26 ms]
 1428.724: [G1Ergonomics (CSet Construction) finish choosing CSet, eden: 1562 regions, survivors: 14 regions, old: 0 regions, predicted pause time: 50.43 ms, target pause time: 100.00 ms]
, 0.0195730 secs]
   [Parallel Time: 10.5 ms, GC Workers: 18]
      [GC Worker Start (ms): Min: 1428723.9, Avg: 1428724.0, Max: 1428724.1, Diff: 0.2]
      [Ext Root Scanning (ms): Min: 4.5, Avg: 4.9, Max: 6.3, Diff: 1.8, Sum: 88.1]
      [Update RS (ms): Min: 0.0, Avg: 0.6, Max: 1.2, Diff: 1.2, Sum: 11.1]
         [Processed Buffers: Min: 0, Avg: 7.4, Max: 17, Diff: 17, Sum: 133]
      [Scan RS (ms): Min: 0.3, Avg: 0.5, Max: 0.5, Diff: 0.2, Sum: 8.3]
      [Object Copy (ms): Min: 3.6, Avg: 4.1, Max: 4.5, Diff: 1.0, Sum: 74.4]
      [Termination (ms): Min: 0.0, Avg: 0.0, Max: 0.1, Diff: 0.1, Sum: 0.9]
      [GC Worker Other (ms): Min: 0.0, Avg: 0.1, Max: 0.2, Diff: 0.2, Sum: 2.4]
      [GC Worker Total (ms): Min: 10.1, Avg: 10.3, Max: 10.4, Diff: 0.3, Sum: 185.2]
      [GC Worker End (ms): Min: 1428734.2, Avg: 1428734.3, Max: 1428734.4, Diff: 0.2]
   [Code Root Fixup: 0.0 ms]
   [Clear CT: 1.6 ms]
   [Other: 7.5 ms]
      [Choose CSet: 0.0 ms]
      [Ref Proc: 3.5 ms]
      [Ref Enq: 0.3 ms]
      [Free CSet: 3.4 ms]
   [Eden: 1562.0M(1562.0M)->0.0B(1554.0M) Survivors: 14.0M->22.0M Heap: 2067.1M(2252.0M)->513.1M(2252.0M)]
 [Times: user=0.19 sys=0.00, real=0.02 secs] 

 Concurrent RS processed 719133 cards
  Of 18558 completed buffers:
        18558 (100.0%) by conc RS threads.
            0 (  0.0%) by mutator threads.
  Conc RS threads times(s)
          0.00     0.00     0.00     0.00     0.00     0.00     0.00     0.00     0.00     0.00     0.00     0.00     0.00     0.00     0.00     0.00     0.00     0.00     0.00
  Total heap region rem set sizes = 5843K.  Max = 30K.
  Static structures = 369K, free_lists = 3K.
    241630 occupied cards represented.
    Max size region = 1455:(O)[0x00000007be300000,0x00000007be400000,0x00000007be400000], size = 31K, occupied = 87K.
    Did 0 coarsenings.
2014-08-01T09:20:14.156-0500: 1434.600: [GC pause (young) 1434.600: [G1Ergonomics (CSet Construction) start choosing CSet, _pending_cards: 5317, predicted base time: 20.79 ms, remaining time: 79.21 ms, target pause time: 100.00 ms]
 1434.600: [G1Ergonomics (CSet Construction) add young regions to CSet, eden: 1554 regions, survivors: 22 regions, predicted young region time: 18.89 ms]
 1434.600: [G1Ergonomics (CSet Construction) finish choosing CSet, eden: 1554 regions, survivors: 22 regions, old: 0 regions, predicted pause time: 39.69 ms, target pause time: 100.00 ms]
, 0.0381240 secs]
   [Parallel Time: 16.7 ms, GC Workers: 18]
      [GC Worker Start (ms): Min: 1434600.3, Avg: 1434600.4, Max: 1434600.6, Diff: 0.3]
      [Ext Root Scanning (ms): Min: 5.3, Avg: 6.6, Max: 9.7, Diff: 4.4, Sum: 118.0]
      [Update RS (ms): Min: 0.0, Avg: 1.1, Max: 2.4, Diff: 2.4, Sum: 20.2]
         [Processed Buffers: Min: 0, Avg: 7.4, Max: 21, Diff: 21, Sum: 134]
      [Scan RS (ms): Min: 0.2, Avg: 0.8, Max: 0.9, Diff: 0.7, Sum: 13.7]
      [Object Copy (ms): Min: 5.3, Avg: 6.6, Max: 7.1, Diff: 1.9, Sum: 119.1]
      [Termination (ms): Min: 0.0, Avg: 0.0, Max: 0.0, Diff: 0.0, Sum: 0.2]
      [GC Worker Other (ms): Min: 0.0, Avg: 0.2, Max: 0.4, Diff: 0.4, Sum: 4.3]
      [GC Worker Total (ms): Min: 15.0, Avg: 15.3, Max: 15.6, Diff: 0.6, Sum: 275.5]
      [GC Worker End (ms): Min: 1434615.5, Avg: 1434615.7, Max: 1434615.9, Diff: 0.4]
   [Code Root Fixup: 0.0 ms]
   [Clear CT: 1.8 ms]
   [Other: 19.6 ms]
      [Choose CSet: 0.1 ms]
      [Ref Proc: 14.1 ms]
      [Ref Enq: 0.5 ms]
      [Free CSet: 4.2 ms]
   [Eden: 1554.0M(1554.0M)->0.0B(1562.0M) Survivors: 22.0M->14.0M Heap: 2067.1M(2252.0M)->505.8M(2252.0M)]
 [Times: user=0.43 sys=0.01, real=0.03 secs] 

 Concurrent RS processed 721187 cards
  Of 18692 completed buffers:
        18692 (100.0%) by conc RS threads.
            0 (  0.0%) by mutator threads.
  Conc RS threads times(s)
          0.00     0.00     0.00     0.00     0.00     0.00     0.00     0.00     0.00     0.00     0.00     0.00     0.00     0.00     0.00     0.00     0.00     0.00     0.00
  Total heap region rem set sizes = 5843K.  Max = 30K.
  Static structures = 369K, free_lists = 3K.
    241954 occupied cards represented.
    Max size region = 1455:(O)[0x00000007be300000,0x00000007be400000,0x00000007be400000], size = 31K, occupied = 87K.
    Did 0 coarsenings.
2014-08-01T09:20:19.938-0500: 1440.382: [GC pause (young) 1440.382: [G1Ergonomics (CSet Construction) start choosing CSet, _pending_cards: 5313, predicted base time: 23.35 ms, remaining time: 76.65 ms, target pause time: 100.00 ms]
 1440.382: [G1Ergonomics (CSet Construction) add young regions to CSet, eden: 1562 regions, survivors: 14 regions, predicted young region time: 16.25 ms]
 1440.382: [G1Ergonomics (CSet Construction) finish choosing CSet, eden: 1562 regions, survivors: 14 regions, old: 0 regions, predicted pause time: 39.61 ms, target pause time: 100.00 ms]
, 0.0358890 secs]
   [Parallel Time: 21.5 ms, GC Workers: 18]
      [GC Worker Start (ms): Min: 1440382.0, Avg: 1440382.2, Max: 1440382.4, Diff: 0.3]
      [Ext Root Scanning (ms): Min: 6.2, Avg: 7.2, Max: 9.7, Diff: 3.4, Sum: 129.6]
      [Update RS (ms): Min: 0.0, Avg: 1.2, Max: 3.3, Diff: 3.3, Sum: 22.4]
         [Processed Buffers: Min: 0, Avg: 7.2, Max: 20, Diff: 20, Sum: 129]
      [Scan RS (ms): Min: 0.2, Avg: 0.7, Max: 0.9, Diff: 0.7, Sum: 12.3]
      [Object Copy (ms): Min: 7.9, Avg: 9.1, Max: 9.6, Diff: 1.8, Sum: 164.1]
      [Termination (ms): Min: 0.0, Avg: 0.1, Max: 0.1, Diff: 0.1, Sum: 1.2]
      [GC Worker Other (ms): Min: 0.0, Avg: 0.8, Max: 1.8, Diff: 1.7, Sum: 15.3]
      [GC Worker Total (ms): Min: 18.2, Avg: 19.2, Max: 20.2, Diff: 1.9, Sum: 344.9]
      [GC Worker End (ms): Min: 1440400.6, Avg: 1440401.4, Max: 1440402.3, Diff: 1.7]
   [Code Root Fixup: 0.0 ms]
   [Clear CT: 1.8 ms]
   [Other: 12.5 ms]
      [Choose CSet: 0.0 ms]
      [Ref Proc: 7.2 ms]
      [Ref Enq: 0.6 ms]
      [Free CSet: 4.2 ms]
   [Eden: 1562.0M(1562.0M)->0.0B(1561.0M) Survivors: 14.0M->15.0M Heap: 2067.8M(2252.0M)->506.1M(2252.0M)]
 [Times: user=0.39 sys=0.01, real=0.03 secs] 

 Concurrent RS processed 723292 cards
  Of 18821 completed buffers:
        18821 (100.0%) by conc RS threads.
            0 (  0.0%) by mutator threads.
  Conc RS threads times(s)
          0.00     0.00     0.00     0.00     0.00     0.00     0.00     0.00     0.00     0.00     0.00     0.00     0.00     0.00     0.00     0.00     0.00     0.00     0.00
  Total heap region rem set sizes = 5843K.  Max = 30K.
  Static structures = 369K, free_lists = 3K.
    242332 occupied cards represented.
    Max size region = 1455:(O)[0x00000007be300000,0x00000007be400000,0x00000007be400000], size = 31K, occupied = 87K.
    Did 0 coarsenings.
2014-08-01T09:20:26.194-0500: 1446.637: [GC pause (young) 1446.637: [G1Ergonomics (CSet Construction) start choosing CSet, _pending_cards: 5825, predicted base time: 23.33 ms, remaining time: 76.67 ms, target pause time: 100.00 ms]
 1446.637: [G1Ergonomics (CSet Construction) add young regions to CSet, eden: 1561 regions, survivors: 15 regions, predicted young region time: 15.80 ms]
 1446.637: [G1Ergonomics (CSet Construction) finish choosing CSet, eden: 1561 regions, survivors: 15 regions, old: 0 regions, predicted pause time: 39.13 ms, target pause time: 100.00 ms]
, 0.0343220 secs]
   [Parallel Time: 19.3 ms, GC Workers: 18]
      [GC Worker Start (ms): Min: 1446637.8, Avg: 1446637.9, Max: 1446638.1, Diff: 0.3]
      [Ext Root Scanning (ms): Min: 4.2, Avg: 6.1, Max: 11.8, Diff: 7.6, Sum: 110.5]
      [Update RS (ms): Min: 0.0, Avg: 0.7, Max: 1.4, Diff: 1.4, Sum: 12.0]
         [Processed Buffers: Min: 0, Avg: 7.7, Max: 26, Diff: 26, Sum: 139]
      [Scan RS (ms): Min: 0.2, Avg: 0.6, Max: 1.0, Diff: 0.8, Sum: 10.1]
      [Object Copy (ms): Min: 1.4, Avg: 6.3, Max: 12.2, Diff: 10.9, Sum: 112.6]
      [Termination (ms): Min: 0.0, Avg: 5.0, Max: 5.3, Diff: 5.3, Sum: 90.1]
      [GC Worker Other (ms): Min: 0.0, Avg: 0.2, Max: 0.3, Diff: 0.3, Sum: 3.0]
      [GC Worker Total (ms): Min: 18.6, Avg: 18.8, Max: 19.1, Diff: 0.5, Sum: 338.4]
      [GC Worker End (ms): Min: 1446656.6, Avg: 1446656.7, Max: 1446656.9, Diff: 0.3]
   [Code Root Fixup: 0.0 ms]
   [Clear CT: 1.7 ms]
   [Other: 13.4 ms]
      [Choose CSet: 0.0 ms]
      [Ref Proc: 7.8 ms]
      [Ref Enq: 0.5 ms]
      [Free CSet: 4.4 ms]
   [Eden: 1561.0M(1561.0M)->0.0B(1554.0M) Survivors: 15.0M->22.0M Heap: 2067.1M(2252.0M)->513.7M(2252.0M)]
 [Times: user=0.35 sys=0.00, real=0.04 secs] 

 Concurrent RS processed 725457 cards
  Of 18960 completed buffers:
        18960 (100.0%) by conc RS threads.
            0 (  0.0%) by mutator threads.
  Conc RS threads times(s)
          0.00     0.00     0.00     0.00     0.00     0.00     0.00     0.00     0.00     0.00     0.00     0.00     0.00     0.00     0.00     0.00     0.00     0.00     0.00
  Total heap region rem set sizes = 5843K.  Max = 30K.
  Static structures = 369K, free_lists = 3K.
    242651 occupied cards represented.
    Max size region = 1455:(O)[0x00000007be300000,0x00000007be400000,0x00000007be400000], size = 31K, occupied = 87K.
    Did 0 coarsenings.
2014-08-01T09:20:32.385-0500: 1452.828: [GC pause (young) 1452.828: [G1Ergonomics (CSet Construction) start choosing CSet, _pending_cards: 4848, predicted base time: 21.91 ms, remaining time: 78.09 ms, target pause time: 100.00 ms]
 1452.828: [G1Ergonomics (CSet Construction) add young regions to CSet, eden: 1554 regions, survivors: 22 regions, predicted young region time: 10.86 ms]
 1452.828: [G1Ergonomics (CSet Construction) finish choosing CSet, eden: 1554 regions, survivors: 22 regions, old: 0 regions, predicted pause time: 32.76 ms, target pause time: 100.00 ms]
, 0.0328850 secs]
   [Parallel Time: 19.7 ms, GC Workers: 18]
      [GC Worker Start (ms): Min: 1452828.7, Avg: 1452828.9, Max: 1452829.0, Diff: 0.3]
      [Ext Root Scanning (ms): Min: 6.1, Avg: 7.0, Max: 10.0, Diff: 3.9, Sum: 125.9]
      [Update RS (ms): Min: 0.0, Avg: 1.3, Max: 2.5, Diff: 2.5, Sum: 23.8]
         [Processed Buffers: Min: 0, Avg: 7.6, Max: 30, Diff: 30, Sum: 136]
      [Scan RS (ms): Min: 0.2, Avg: 0.9, Max: 4.2, Diff: 4.0, Sum: 16.5]
      [Object Copy (ms): Min: 5.1, Avg: 8.4, Max: 10.1, Diff: 5.0, Sum: 151.9]
      [Termination (ms): Min: 0.0, Avg: 1.4, Max: 1.5, Diff: 1.5, Sum: 24.6]
      [GC Worker Other (ms): Min: 0.0, Avg: 0.2, Max: 0.3, Diff: 0.3, Sum: 3.3]
      [GC Worker Total (ms): Min: 19.0, Avg: 19.2, Max: 19.6, Diff: 0.6, Sum: 346.0]
      [GC Worker End (ms): Min: 1452847.9, Avg: 1452848.1, Max: 1452848.3, Diff: 0.3]
   [Code Root Fixup: 0.0 ms]
   [Clear CT: 1.8 ms]
   [Other: 11.4 ms]
      [Choose CSet: 0.1 ms]
      [Ref Proc: 5.8 ms]
      [Ref Enq: 0.4 ms]
      [Free CSet: 4.5 ms]
   [Eden: 1554.0M(1554.0M)->0.0B(1563.0M) Survivors: 22.0M->13.0M Heap: 2067.7M(2252.0M)->504.8M(2252.0M)]
 [Times: user=0.40 sys=0.00, real=0.03 secs] 

 Concurrent RS processed 727650 cards
  Of 19096 completed buffers:
        19096 (100.0%) by conc RS threads.
            0 (  0.0%) by mutator threads.
  Conc RS threads times(s)
          0.00     0.00     0.00     0.00     0.00     0.00     0.00     0.00     0.00     0.00     0.00     0.00     0.00     0.00     0.00     0.00     0.00     0.00     0.00
  Total heap region rem set sizes = 5843K.  Max = 30K.
  Static structures = 369K, free_lists = 3K.
    243005 occupied cards represented.
    Max size region = 1455:(O)[0x00000007be300000,0x00000007be400000,0x00000007be400000], size = 31K, occupied = 87K.
    Did 0 coarsenings.
2014-08-01T09:20:38.716-0500: 1459.159: [GC pause (young) 1459.159: [G1Ergonomics (CSet Construction) start choosing CSet, _pending_cards: 5590, predicted base time: 21.15 ms, remaining time: 78.85 ms, target pause time: 100.00 ms]
 1459.159: [G1Ergonomics (CSet Construction) add young regions to CSet, eden: 1563 regions, survivors: 13 regions, predicted young region time: 14.89 ms]
 1459.159: [G1Ergonomics (CSet Construction) finish choosing CSet, eden: 1563 regions, survivors: 13 regions, old: 0 regions, predicted pause time: 36.03 ms, target pause time: 100.00 ms]
, 0.0397770 secs]
   [Parallel Time: 27.0 ms, GC Workers: 18]
      [GC Worker Start (ms): Min: 1459159.3, Avg: 1459159.4, Max: 1459159.6, Diff: 0.3]
      [Ext Root Scanning (ms): Min: 4.7, Avg: 6.7, Max: 11.6, Diff: 7.0, Sum: 121.4]
      [Update RS (ms): Min: 0.0, Avg: 1.1, Max: 3.1, Diff: 3.1, Sum: 19.1]
         [Processed Buffers: Min: 0, Avg: 7.8, Max: 18, Diff: 18, Sum: 140]
      [Scan RS (ms): Min: 0.2, Avg: 0.7, Max: 0.9, Diff: 0.6, Sum: 12.7]
      [Object Copy (ms): Min: 13.8, Avg: 17.2, Max: 17.7, Diff: 3.9, Sum: 309.6]
      [Termination (ms): Min: 0.0, Avg: 0.6, Max: 0.7, Diff: 0.7, Sum: 11.2]
      [GC Worker Other (ms): Min: 0.0, Avg: 0.2, Max: 0.4, Diff: 0.4, Sum: 3.7]
      [GC Worker Total (ms): Min: 26.3, Avg: 26.5, Max: 26.8, Diff: 0.5, Sum: 477.7]
      [GC Worker End (ms): Min: 1459185.8, Avg: 1459186.0, Max: 1459186.2, Diff: 0.3]
   [Code Root Fixup: 0.0 ms]
   [Clear CT: 1.7 ms]
   [Other: 11.1 ms]
      [Choose CSet: 0.0 ms]
      [Ref Proc: 5.1 ms]
      [Ref Enq: 0.4 ms]
      [Free CSet: 5.0 ms]
   [Eden: 1563.0M(1563.0M)->0.0B(1563.0M) Survivors: 13.0M->13.0M Heap: 2067.8M(2252.0M)->504.3M(2252.0M)]
 [Times: user=0.52 sys=0.00, real=0.04 secs] 

 Concurrent RS processed 729722 cards
  Of 19236 completed buffers:
        19236 (100.0%) by conc RS threads.
            0 (  0.0%) by mutator threads.
  Conc RS threads times(s)
          0.00     0.00     0.00     0.00     0.00     0.00     0.00     0.00     0.00     0.00     0.00     0.00     0.00     0.00     0.00     0.00     0.00     0.00     0.00
  Total heap region rem set sizes = 5843K.  Max = 30K.
  Static structures = 369K, free_lists = 3K.
    243317 occupied cards represented.
    Max size region = 1455:(O)[0x00000007be300000,0x00000007be400000,0x00000007be400000], size = 31K, occupied = 87K.
    Did 0 coarsenings.
2014-08-01T09:20:45.423-0500: 1465.866: [GC pause (young) 1465.866: [G1Ergonomics (CSet Construction) start choosing CSet, _pending_cards: 5360, predicted base time: 19.95 ms, remaining time: 80.05 ms, target pause time: 100.00 ms]
 1465.866: [G1Ergonomics (CSet Construction) add young regions to CSet, eden: 1563 regions, survivors: 13 regions, predicted young region time: 13.84 ms]
 1465.867: [G1Ergonomics (CSet Construction) finish choosing CSet, eden: 1563 regions, survivors: 13 regions, old: 0 regions, predicted pause time: 33.79 ms, target pause time: 100.00 ms]
, 0.0344710 secs]
   [Parallel Time: 19.4 ms, GC Workers: 18]
      [GC Worker Start (ms): Min: 1465866.7, Avg: 1465866.9, Max: 1465867.0, Diff: 0.3]
      [Ext Root Scanning (ms): Min: 6.0, Avg: 7.4, Max: 10.3, Diff: 4.3, Sum: 132.9]
      [Update RS (ms): Min: 0.0, Avg: 1.1, Max: 2.6, Diff: 2.6, Sum: 19.7]
         [Processed Buffers: Min: 0, Avg: 7.8, Max: 31, Diff: 31, Sum: 141]
      [Scan RS (ms): Min: 0.2, Avg: 0.8, Max: 0.9, Diff: 0.6, Sum: 13.5]
      [Object Copy (ms): Min: 8.2, Avg: 9.5, Max: 9.9, Diff: 1.6, Sum: 170.5]
      [Termination (ms): Min: 0.0, Avg: 0.0, Max: 0.1, Diff: 0.0, Sum: 0.7]
      [GC Worker Other (ms): Min: 0.1, Avg: 0.2, Max: 0.4, Diff: 0.3, Sum: 3.9]
      [GC Worker Total (ms): Min: 18.7, Avg: 19.0, Max: 19.1, Diff: 0.4, Sum: 341.1]
      [GC Worker End (ms): Min: 1465885.7, Avg: 1465885.8, Max: 1465886.0, Diff: 0.3]
   [Code Root Fixup: 0.0 ms]
   [Clear CT: 1.8 ms]
   [Other: 13.2 ms]
      [Choose CSet: 0.0 ms]
      [Ref Proc: 7.2 ms]
      [Ref Enq: 0.4 ms]
      [Free CSet: 5.0 ms]
   [Eden: 1563.0M(1563.0M)->0.0B(1563.0M) Survivors: 13.0M->13.0M Heap: 2067.3M(2252.0M)->504.9M(2252.0M)]
 [Times: user=0.38 sys=0.00, real=0.03 secs] 

 Concurrent RS processed 731836 cards
  Of 19377 completed buffers:
        19377 (100.0%) by conc RS threads.
            0 (  0.0%) by mutator threads.
  Conc RS threads times(s)
          0.00     0.00     0.00     0.00     0.00     0.00     0.00     0.00     0.00     0.00     0.00     0.00     0.00     0.00     0.00     0.00     0.00     0.00     0.00
  Total heap region rem set sizes = 5843K.  Max = 30K.
  Static structures = 369K, free_lists = 3K.
    243563 occupied cards represented.
    Max size region = 1455:(O)[0x00000007be300000,0x00000007be400000,0x00000007be400000], size = 31K, occupied = 87K.
    Did 0 coarsenings.
2014-08-01T09:20:51.380-0500: 1471.823: [GC pause (young) 1471.824: [G1Ergonomics (CSet Construction) start choosing CSet, _pending_cards: 5326, predicted base time: 19.90 ms, remaining time: 80.10 ms, target pause time: 100.00 ms]
 1471.824: [G1Ergonomics (CSet Construction) add young regions to CSet, eden: 1563 regions, survivors: 13 regions, predicted young region time: 31.60 ms]
 1471.824: [G1Ergonomics (CSet Construction) finish choosing CSet, eden: 1563 regions, survivors: 13 regions, old: 0 regions, predicted pause time: 51.49 ms, target pause time: 100.00 ms]
, 0.0340190 secs]
   [Parallel Time: 20.0 ms, GC Workers: 18]
      [GC Worker Start (ms): Min: 1471823.8, Avg: 1471823.9, Max: 1471824.1, Diff: 0.3]
      [Ext Root Scanning (ms): Min: 5.8, Avg: 6.7, Max: 10.0, Diff: 4.2, Sum: 121.1]
      [Update RS (ms): Min: 0.0, Avg: 1.2, Max: 2.9, Diff: 2.9, Sum: 22.2]
         [Processed Buffers: Min: 0, Avg: 7.5, Max: 27, Diff: 27, Sum: 135]
      [Scan RS (ms): Min: 0.2, Avg: 0.7, Max: 0.9, Diff: 0.7, Sum: 12.5]
      [Object Copy (ms): Min: 7.9, Avg: 9.4, Max: 10.7, Diff: 2.8, Sum: 168.7]
      [Termination (ms): Min: 0.0, Avg: 1.2, Max: 1.3, Diff: 1.2, Sum: 21.0]
      [GC Worker Other (ms): Min: 0.0, Avg: 0.2, Max: 0.4, Diff: 0.3, Sum: 3.5]
      [GC Worker Total (ms): Min: 19.1, Avg: 19.4, Max: 19.7, Diff: 0.6, Sum: 349.0]
      [GC Worker End (ms): Min: 1471843.2, Avg: 1471843.3, Max: 1471843.5, Diff: 0.3]
   [Code Root Fixup: 0.0 ms]
   [Clear CT: 1.7 ms]
   [Other: 12.4 ms]
      [Choose CSet: 0.0 ms]
      [Ref Proc: 7.0 ms]
      [Ref Enq: 0.5 ms]
      [Free CSet: 4.3 ms]
   [Eden: 1563.0M(1563.0M)->0.0B(1554.0M) Survivors: 13.0M->22.0M Heap: 2067.9M(2252.0M)->513.6M(2252.0M)]
 [Times: user=0.42 sys=0.00, real=0.04 secs] 

 Concurrent RS processed 733919 cards
  Of 19512 completed buffers:
        19512 (100.0%) by conc RS threads.
            0 (  0.0%) by mutator threads.
  Conc RS threads times(s)
          0.00     0.00     0.00     0.00     0.00     0.00     0.00     0.00     0.00     0.00     0.00     0.00     0.00     0.00     0.00     0.00     0.00     0.00     0.00
  Total heap region rem set sizes = 5843K.  Max = 30K.
  Static structures = 369K, free_lists = 3K.
    243879 occupied cards represented.
    Max size region = 1455:(O)[0x00000007be300000,0x00000007be400000,0x00000007be400000], size = 31K, occupied = 87K.
    Did 0 coarsenings.
2014-08-01T09:20:57.359-0500: 1477.802: [GC pause (young) 1477.802: [G1Ergonomics (CSet Construction) start choosing CSet, _pending_cards: 5579, predicted base time: 19.67 ms, remaining time: 80.33 ms, target pause time: 100.00 ms]
 1477.802: [G1Ergonomics (CSet Construction) add young regions to CSet, eden: 1554 regions, survivors: 22 regions, predicted young region time: 26.28 ms]
 1477.802: [G1Ergonomics (CSet Construction) finish choosing CSet, eden: 1554 regions, survivors: 22 regions, old: 0 regions, predicted pause time: 45.96 ms, target pause time: 100.00 ms]
, 0.0392150 secs]
   [Parallel Time: 23.5 ms, GC Workers: 18]
      [GC Worker Start (ms): Min: 1477802.3, Avg: 1477802.4, Max: 1477802.6, Diff: 0.3]
      [Ext Root Scanning (ms): Min: 5.7, Avg: 6.7, Max: 10.1, Diff: 4.4, Sum: 121.1]
      [Update RS (ms): Min: 0.0, Avg: 1.3, Max: 2.4, Diff: 2.4, Sum: 23.7]
         [Processed Buffers: Min: 0, Avg: 7.4, Max: 24, Diff: 24, Sum: 133]
      [Scan RS (ms): Min: 0.2, Avg: 0.8, Max: 1.0, Diff: 0.8, Sum: 14.9]
      [Object Copy (ms): Min: 12.2, Avg: 13.5, Max: 14.0, Diff: 1.8, Sum: 242.6]
      [Termination (ms): Min: 0.0, Avg: 0.4, Max: 1.3, Diff: 1.3, Sum: 6.5]
      [GC Worker Other (ms): Min: 0.0, Avg: 0.2, Max: 0.5, Diff: 0.4, Sum: 4.4]
      [GC Worker Total (ms): Min: 22.7, Avg: 22.9, Max: 23.2, Diff: 0.5, Sum: 413.1]
      [GC Worker End (ms): Min: 1477825.2, Avg: 1477825.4, Max: 1477825.6, Diff: 0.4]
   [Code Root Fixup: 0.0 ms]
   [Clear CT: 1.9 ms]
   [Other: 13.9 ms]
      [Choose CSet: 0.0 ms]
      [Ref Proc: 8.6 ms]
      [Ref Enq: 0.4 ms]
      [Free CSet: 4.3 ms]
   [Eden: 1554.0M(1554.0M)->0.0B(1562.0M) Survivors: 22.0M->14.0M Heap: 2067.6M(2252.0M)->505.8M(2252.0M)]
 [Times: user=0.48 sys=0.00, real=0.04 secs] 

 Concurrent RS processed 735979 cards
  Of 19645 completed buffers:
        19645 (100.0%) by conc RS threads.
            0 (  0.0%) by mutator threads.
  Conc RS threads times(s)
          0.00     0.00     0.00     0.00     0.00     0.00     0.00     0.00     0.00     0.00     0.00     0.00     0.00     0.00     0.00     0.00     0.00     0.00     0.00
  Total heap region rem set sizes = 5844K.  Max = 30K.
  Static structures = 369K, free_lists = 3K.
    244138 occupied cards represented.
    Max size region = 1455:(O)[0x00000007be300000,0x00000007be400000,0x00000007be400000], size = 31K, occupied = 87K.
    Did 0 coarsenings.
2014-08-01T09:21:04.099-0500: 1484.542: [GC pause (young) 1484.542: [G1Ergonomics (CSet Construction) start choosing CSet, _pending_cards: 5584, predicted base time: 20.00 ms, remaining time: 80.00 ms, target pause time: 100.00 ms]
 1484.542: [G1Ergonomics (CSet Construction) add young regions to CSet, eden: 1562 regions, survivors: 14 regions, predicted young region time: 13.38 ms]
 1484.542: [G1Ergonomics (CSet Construction) finish choosing CSet, eden: 1562 regions, survivors: 14 regions, old: 0 regions, predicted pause time: 33.38 ms, target pause time: 100.00 ms]
, 0.0348250 secs]
   [Parallel Time: 21.3 ms, GC Workers: 18]
      [GC Worker Start (ms): Min: 1484542.5, Avg: 1484542.7, Max: 1484542.8, Diff: 0.3]
      [Ext Root Scanning (ms): Min: 4.6, Avg: 6.6, Max: 10.1, Diff: 5.5, Sum: 119.0]
      [Update RS (ms): Min: 0.0, Avg: 1.3, Max: 3.2, Diff: 3.2, Sum: 23.7]
         [Processed Buffers: Min: 0, Avg: 7.6, Max: 24, Diff: 24, Sum: 136]
      [Scan RS (ms): Min: 0.2, Avg: 0.7, Max: 0.9, Diff: 0.7, Sum: 12.7]
      [Object Copy (ms): Min: 7.1, Avg: 8.9, Max: 11.7, Diff: 4.6, Sum: 160.1]
      [Termination (ms): Min: 0.0, Avg: 2.8, Max: 3.6, Diff: 3.5, Sum: 50.7]
      [GC Worker Other (ms): Min: 0.0, Avg: 0.2, Max: 0.3, Diff: 0.3, Sum: 3.0]
      [GC Worker Total (ms): Min: 20.2, Avg: 20.5, Max: 20.9, Diff: 0.7, Sum: 369.1]
      [GC Worker End (ms): Min: 1484563.0, Avg: 1484563.2, Max: 1484563.5, Diff: 0.5]
   [Code Root Fixup: 0.0 ms]
   [Clear CT: 2.0 ms]
   [Other: 11.5 ms]
      [Choose CSet: 0.0 ms]
      [Ref Proc: 6.1 ms]
      [Ref Enq: 0.4 ms]
      [Free CSet: 4.3 ms]
   [Eden: 1562.0M(1562.0M)->0.0B(1561.0M) Survivors: 14.0M->15.0M Heap: 2067.8M(2252.0M)->506.6M(2252.0M)]
 [Times: user=0.42 sys=0.00, real=0.04 secs] 

 Concurrent RS processed 738054 cards
  Of 19781 completed buffers:
        19781 (100.0%) by conc RS threads.
            0 (  0.0%) by mutator threads.
  Conc RS threads times(s)
          0.00     0.00     0.00     0.00     0.00     0.00     0.00     0.00     0.00     0.00     0.00     0.00     0.00     0.00     0.00     0.00     0.00     0.00     0.00
  Total heap region rem set sizes = 5847K.  Max = 30K.
  Static structures = 369K, free_lists = 2K.
    244483 occupied cards represented.
    Max size region = 1455:(O)[0x00000007be300000,0x00000007be400000,0x00000007be400000], size = 31K, occupied = 88K.
    Did 0 coarsenings.
2014-08-01T09:21:10.068-0500: 1490.511: [GC pause (young) 1490.512: [G1Ergonomics (CSet Construction) start choosing CSet, _pending_cards: 5349, predicted base time: 19.51 ms, remaining time: 80.49 ms, target pause time: 100.00 ms]
 1490.512: [G1Ergonomics (CSet Construction) add young regions to CSet, eden: 1561 regions, survivors: 15 regions, predicted young region time: 26.83 ms]
 1490.512: [G1Ergonomics (CSet Construction) finish choosing CSet, eden: 1561 regions, survivors: 15 regions, old: 0 regions, predicted pause time: 46.35 ms, target pause time: 100.00 ms]
, 0.0440320 secs]
   [Parallel Time: 28.2 ms, GC Workers: 18]
      [GC Worker Start (ms): Min: 1490511.8, Avg: 1490512.0, Max: 1490512.2, Diff: 0.3]
      [Ext Root Scanning (ms): Min: 5.9, Avg: 7.7, Max: 15.7, Diff: 9.8, Sum: 138.7]
      [Update RS (ms): Min: 0.0, Avg: 1.3, Max: 2.7, Diff: 2.7, Sum: 22.6]
         [Processed Buffers: Min: 0, Avg: 7.4, Max: 23, Diff: 23, Sum: 133]
      [Scan RS (ms): Min: 0.3, Avg: 0.7, Max: 0.9, Diff: 0.6, Sum: 13.0]
      [Object Copy (ms): Min: 2.4, Avg: 9.4, Max: 18.3, Diff: 15.9, Sum: 168.8]
      [Termination (ms): Min: 0.1, Avg: 8.5, Max: 9.5, Diff: 9.4, Sum: 152.4]
      [GC Worker Other (ms): Min: 0.0, Avg: 0.1, Max: 0.3, Diff: 0.3, Sum: 2.6]
      [GC Worker Total (ms): Min: 27.4, Avg: 27.7, Max: 28.0, Diff: 0.6, Sum: 498.2]
      [GC Worker End (ms): Min: 1490539.5, Avg: 1490539.7, Max: 1490539.8, Diff: 0.3]
   [Code Root Fixup: 0.0 ms]
   [Clear CT: 2.0 ms]
   [Other: 13.8 ms]
      [Choose CSet: 0.0 ms]
      [Ref Proc: 8.7 ms]
      [Ref Enq: 0.4 ms]
      [Free CSet: 4.2 ms]
   [Eden: 1561.0M(1561.0M)->0.0B(1557.0M) Survivors: 15.0M->19.0M Heap: 2067.6M(2252.0M)->511.2M(2252.0M)]
 [Times: user=0.52 sys=0.02, real=0.04 secs] 

 Concurrent RS processed 740149 cards
  Of 19914 completed buffers:
        19914 (100.0%) by conc RS threads.
            0 (  0.0%) by mutator threads.
  Conc RS threads times(s)
          0.00     0.00     0.00     0.00     0.00     0.00     0.00     0.00     0.00     0.00     0.00     0.00     0.00     0.00     0.00     0.00     0.00     0.00     0.00
  Total heap region rem set sizes = 5849K.  Max = 30K.
  Static structures = 369K, free_lists = 2K.
    244909 occupied cards represented.
    Max size region = 1455:(O)[0x00000007be300000,0x00000007be400000,0x00000007be400000], size = 31K, occupied = 88K.
    Did 0 coarsenings.
2014-08-01T09:21:16.028-0500: 1496.471: [GC pause (young) 1496.471: [G1Ergonomics (CSet Construction) start choosing CSet, _pending_cards: 5313, predicted base time: 20.26 ms, remaining time: 79.74 ms, target pause time: 100.00 ms]
 1496.471: [G1Ergonomics (CSet Construction) add young regions to CSet, eden: 1557 regions, survivors: 19 regions, predicted young region time: 18.52 ms]
 1496.471: [G1Ergonomics (CSet Construction) finish choosing CSet, eden: 1557 regions, survivors: 19 regions, old: 0 regions, predicted pause time: 38.78 ms, target pause time: 100.00 ms]
, 0.0405270 secs]
   [Parallel Time: 25.5 ms, GC Workers: 18]
      [GC Worker Start (ms): Min: 1496471.5, Avg: 1496471.6, Max: 1496471.8, Diff: 0.3]
      [Ext Root Scanning (ms): Min: 6.8, Avg: 9.0, Max: 11.1, Diff: 4.3, Sum: 161.3]
      [Update RS (ms): Min: 0.0, Avg: 1.9, Max: 13.5, Diff: 13.5, Sum: 34.5]
         [Processed Buffers: Min: 0, Avg: 7.3, Max: 19, Diff: 19, Sum: 131]
      [Scan RS (ms): Min: 0.2, Avg: 0.7, Max: 0.9, Diff: 0.7, Sum: 12.4]
      [Object Copy (ms): Min: 2.9, Avg: 12.0, Max: 13.2, Diff: 10.3, Sum: 215.8]
      [Termination (ms): Min: 0.1, Avg: 0.5, Max: 0.6, Diff: 0.4, Sum: 8.5]
      [GC Worker Other (ms): Min: 0.0, Avg: 0.6, Max: 1.1, Diff: 1.0, Sum: 11.4]
      [GC Worker Total (ms): Min: 24.0, Avg: 24.7, Max: 25.2, Diff: 1.2, Sum: 443.8]
      [GC Worker End (ms): Min: 1496495.7, Avg: 1496496.3, Max: 1496496.7, Diff: 1.0]
   [Code Root Fixup: 0.0 ms]
   [Clear CT: 1.6 ms]
   [Other: 13.4 ms]
      [Choose CSet: 0.0 ms]
      [Ref Proc: 6.9 ms]
      [Ref Enq: 1.1 ms]
      [Free CSet: 4.7 ms]
   [Eden: 1557.0M(1557.0M)->0.0B(1562.0M) Survivors: 19.0M->14.0M Heap: 2068.2M(2252.0M)->505.7M(2252.0M)]
 [Times: user=0.44 sys=0.01, real=0.04 secs] 

 Concurrent RS processed 742311 cards
  Of 20045 completed buffers:
        20045 (100.0%) by conc RS threads.
            0 (  0.0%) by mutator threads.
  Conc RS threads times(s)
          0.00     0.00     0.00     0.00     0.00     0.00     0.00     0.00     0.00     0.00     0.00     0.00     0.00     0.00     0.00     0.00     0.00     0.00     0.00
  Total heap region rem set sizes = 5850K.  Max = 30K.
  Static structures = 369K, free_lists = 1K.
    245298 occupied cards represented.
    Max size region = 1455:(O)[0x00000007be300000,0x00000007be400000,0x00000007be400000], size = 31K, occupied = 88K.
    Did 0 coarsenings.
2014-08-01T09:21:22.781-0500: 1503.225: [GC pause (young) 1503.225: [G1Ergonomics (CSet Construction) start choosing CSet, _pending_cards: 5333, predicted base time: 21.28 ms, remaining time: 78.72 ms, target pause time: 100.00 ms]
 1503.225: [G1Ergonomics (CSet Construction) add young regions to CSet, eden: 1562 regions, survivors: 14 regions, predicted young region time: 11.30 ms]
 1503.225: [G1Ergonomics (CSet Construction) finish choosing CSet, eden: 1562 regions, survivors: 14 regions, old: 0 regions, predicted pause time: 32.58 ms, target pause time: 100.00 ms]
, 0.0405360 secs]
   [Parallel Time: 25.6 ms, GC Workers: 18]
      [GC Worker Start (ms): Min: 1503225.1, Avg: 1503225.3, Max: 1503225.5, Diff: 0.3]
      [Ext Root Scanning (ms): Min: 7.2, Avg: 8.6, Max: 14.4, Diff: 7.2, Sum: 154.6]
      [Update RS (ms): Min: 0.0, Avg: 1.3, Max: 2.7, Diff: 2.7, Sum: 24.2]
         [Processed Buffers: Min: 0, Avg: 7.5, Max: 28, Diff: 28, Sum: 135]
      [Scan RS (ms): Min: 0.2, Avg: 0.8, Max: 1.3, Diff: 1.1, Sum: 13.5]
      [Object Copy (ms): Min: 7.4, Avg: 11.4, Max: 14.4, Diff: 7.1, Sum: 205.7]
      [Termination (ms): Min: 0.0, Avg: 2.9, Max: 3.2, Diff: 3.2, Sum: 52.3]
      [GC Worker Other (ms): Min: 0.0, Avg: 0.2, Max: 0.3, Diff: 0.3, Sum: 3.1]
      [GC Worker Total (ms): Min: 24.9, Avg: 25.2, Max: 25.5, Diff: 0.6, Sum: 453.5]
      [GC Worker End (ms): Min: 1503250.3, Avg: 1503250.5, Max: 1503250.7, Diff: 0.3]
   [Code Root Fixup: 0.0 ms]
   [Clear CT: 1.8 ms]
   [Other: 13.1 ms]
      [Choose CSet: 0.0 ms]
      [Ref Proc: 7.4 ms]
      [Ref Enq: 0.6 ms]
      [Free CSet: 4.6 ms]
   [Eden: 1562.0M(1562.0M)->0.0B(1555.0M) Survivors: 14.0M->21.0M Heap: 2067.7M(2252.0M)->513.3M(2252.0M)]
 [Times: user=0.45 sys=0.00, real=0.04 secs] 

 Concurrent RS processed 744441 cards
  Of 20180 completed buffers:
        20180 (100.0%) by conc RS threads.
            0 (  0.0%) by mutator threads.
  Conc RS threads times(s)
          0.00     0.00     0.00     0.00     0.00     0.00     0.00     0.00     0.00     0.00     0.00     0.00     0.00     0.00     0.00     0.00     0.00     0.00     0.00
  Total heap region rem set sizes = 5850K.  Max = 30K.
  Static structures = 369K, free_lists = 1K.
    245632 occupied cards represented.
    Max size region = 1455:(O)[0x00000007be300000,0x00000007be400000,0x00000007be400000], size = 31K, occupied = 88K.
    Did 0 coarsenings.
2014-08-01T09:21:29.158-0500: 1509.601: [GC pause (young) 1509.601: [G1Ergonomics (CSet Construction) start choosing CSet, _pending_cards: 5332, predicted base time: 21.24 ms, remaining time: 78.76 ms, target pause time: 100.00 ms]
 1509.601: [G1Ergonomics (CSet Construction) add young regions to CSet, eden: 1555 regions, survivors: 21 regions, predicted young region time: 15.64 ms]
 1509.601: [G1Ergonomics (CSet Construction) finish choosing CSet, eden: 1555 regions, survivors: 21 regions, old: 0 regions, predicted pause time: 36.88 ms, target pause time: 100.00 ms]
, 0.0546310 secs]
   [Parallel Time: 36.7 ms, GC Workers: 18]
      [GC Worker Start (ms): Min: 1509601.2, Avg: 1509601.4, Max: 1509601.5, Diff: 0.3]
      [Ext Root Scanning (ms): Min: 5.6, Avg: 7.5, Max: 11.1, Diff: 5.5, Sum: 134.8]
      [Update RS (ms): Min: 0.0, Avg: 1.3, Max: 3.4, Diff: 3.4, Sum: 24.0]
         [Processed Buffers: Min: 0, Avg: 7.4, Max: 29, Diff: 29, Sum: 134]
      [Scan RS (ms): Min: 0.2, Avg: 0.8, Max: 1.9, Diff: 1.7, Sum: 13.7]
      [Object Copy (ms): Min: 15.7, Avg: 17.9, Max: 26.3, Diff: 10.5, Sum: 322.5]
      [Termination (ms): Min: 0.5, Avg: 8.5, Max: 9.0, Diff: 8.6, Sum: 152.6]
      [GC Worker Other (ms): Min: 0.0, Avg: 0.2, Max: 0.4, Diff: 0.4, Sum: 3.9]
      [GC Worker Total (ms): Min: 36.0, Avg: 36.2, Max: 36.4, Diff: 0.4, Sum: 651.5]
      [GC Worker End (ms): Min: 1509637.4, Avg: 1509637.6, Max: 1509637.8, Diff: 0.4]
   [Code Root Fixup: 0.0 ms]
   [Clear CT: 2.0 ms]
   [Other: 15.9 ms]
      [Choose CSet: 0.0 ms]
      [Ref Proc: 9.8 ms]
      [Ref Enq: 0.4 ms]
      [Free CSet: 5.1 ms]
   [Eden: 1555.0M(1555.0M)->0.0B(1562.0M) Survivors: 21.0M->14.0M Heap: 2068.3M(2252.0M)->506.6M(2252.0M)]
 [Times: user=0.66 sys=0.02, real=0.05 secs] 

 Concurrent RS processed 746612 cards
  Of 20314 completed buffers:
        20314 (100.0%) by conc RS threads.
            0 (  0.0%) by mutator threads.
  Conc RS threads times(s)
          0.00     0.00     0.00     0.00     0.00     0.00     0.00     0.00     0.00     0.00     0.00     0.00     0.00     0.00     0.00     0.00     0.00     0.00     0.00
  Total heap region rem set sizes = 5850K.  Max = 30K.
  Static structures = 369K, free_lists = 1K.
    245964 occupied cards represented.
    Max size region = 1455:(O)[0x00000007be300000,0x00000007be400000,0x00000007be400000], size = 31K, occupied = 88K.
    Did 0 coarsenings.
2014-08-01T09:21:35.401-0500: 1515.844: [GC pause (young) 1515.844: [G1Ergonomics (CSet Construction) start choosing CSet, _pending_cards: 5865, predicted base time: 21.88 ms, remaining time: 78.12 ms, target pause time: 100.00 ms]
 1515.844: [G1Ergonomics (CSet Construction) add young regions to CSet, eden: 1562 regions, survivors: 14 regions, predicted young region time: 43.34 ms]
 1515.844: [G1Ergonomics (CSet Construction) finish choosing CSet, eden: 1562 regions, survivors: 14 regions, old: 0 regions, predicted pause time: 65.22 ms, target pause time: 100.00 ms]
, 0.0360360 secs]
   [Parallel Time: 22.6 ms, GC Workers: 18]
      [GC Worker Start (ms): Min: 1515844.5, Avg: 1515844.7, Max: 1515844.8, Diff: 0.3]
      [Ext Root Scanning (ms): Min: 5.8, Avg: 6.9, Max: 11.0, Diff: 5.2, Sum: 124.3]
      [Update RS (ms): Min: 0.0, Avg: 1.1, Max: 2.1, Diff: 2.1, Sum: 19.9]
         [Processed Buffers: Min: 0, Avg: 7.9, Max: 21, Diff: 21, Sum: 142]
      [Scan RS (ms): Min: 0.2, Avg: 0.7, Max: 0.9, Diff: 0.7, Sum: 11.8]
      [Object Copy (ms): Min: 6.1, Avg: 8.8, Max: 12.9, Diff: 6.8, Sum: 158.3]
      [Termination (ms): Min: 0.0, Avg: 3.9, Max: 4.2, Diff: 4.2, Sum: 69.7]
      [GC Worker Other (ms): Min: 0.0, Avg: 0.2, Max: 0.3, Diff: 0.3, Sum: 3.0]
      [GC Worker Total (ms): Min: 21.4, Avg: 21.5, Max: 21.8, Diff: 0.4, Sum: 386.8]
      [GC Worker End (ms): Min: 1515866.0, Avg: 1515866.2, Max: 1515866.3, Diff: 0.3]
   [Code Root Fixup: 0.0 ms]
   [Clear CT: 1.8 ms]
   [Other: 11.7 ms]
      [Choose CSet: 0.0 ms]
      [Ref Proc: 6.0 ms]
      [Ref Enq: 0.4 ms]
      [Free CSet: 4.7 ms]
   [Eden: 1562.0M(1562.0M)->0.0B(1556.0M) Survivors: 14.0M->20.0M Heap: 2068.6M(2252.0M)->512.5M(2252.0M)]
 [Times: user=0.40 sys=0.01, real=0.03 secs] 

 Concurrent RS processed 748712 cards
  Of 20456 completed buffers:
        20456 (100.0%) by conc RS threads.
            0 (  0.0%) by mutator threads.
  Conc RS threads times(s)
          0.00     0.00     0.00     0.00     0.00     0.00     0.00     0.00     0.00     0.00     0.00     0.00     0.00     0.00     0.00     0.00     0.00     0.00     0.00
  Total heap region rem set sizes = 5850K.  Max = 30K.
  Static structures = 369K, free_lists = 1K.
    246257 occupied cards represented.
    Max size region = 1455:(O)[0x00000007be300000,0x00000007be400000,0x00000007be400000], size = 31K, occupied = 88K.
    Did 0 coarsenings.
2014-08-01T09:21:42.378-0500: 1522.822: [GC pause (young) 1522.822: [G1Ergonomics (CSet Construction) start choosing CSet, _pending_cards: 5336, predicted base time: 20.89 ms, remaining time: 79.11 ms, target pause time: 100.00 ms]
 1522.822: [G1Ergonomics (CSet Construction) add young regions to CSet, eden: 1556 regions, survivors: 20 regions, predicted young region time: 11.83 ms]
 1522.822: [G1Ergonomics (CSet Construction) finish choosing CSet, eden: 1556 regions, survivors: 20 regions, old: 0 regions, predicted pause time: 32.72 ms, target pause time: 100.00 ms]
, 0.0368650 secs]
   [Parallel Time: 20.9 ms, GC Workers: 18]
      [GC Worker Start (ms): Min: 1522822.0, Avg: 1522822.2, Max: 1522822.3, Diff: 0.3]
      [Ext Root Scanning (ms): Min: 6.6, Avg: 9.5, Max: 11.7, Diff: 5.1, Sum: 170.3]
      [Update RS (ms): Min: 0.0, Avg: 1.5, Max: 8.4, Diff: 8.4, Sum: 26.6]
         [Processed Buffers: Min: 0, Avg: 7.6, Max: 22, Diff: 22, Sum: 136]
      [Scan RS (ms): Min: 0.3, Avg: 0.8, Max: 0.9, Diff: 0.6, Sum: 13.8]
      [Object Copy (ms): Min: 1.9, Avg: 7.7, Max: 9.1, Diff: 7.2, Sum: 138.7]
      [Termination (ms): Min: 0.0, Avg: 0.7, Max: 1.1, Diff: 1.1, Sum: 12.0]
      [GC Worker Other (ms): Min: 0.0, Avg: 0.1, Max: 0.3, Diff: 0.3, Sum: 2.6]
      [GC Worker Total (ms): Min: 20.0, Avg: 20.2, Max: 20.6, Diff: 0.6, Sum: 364.0]
      [GC Worker End (ms): Min: 1522842.2, Avg: 1522842.4, Max: 1522842.6, Diff: 0.4]
   [Code Root Fixup: 0.0 ms]
   [Clear CT: 1.5 ms]
   [Other: 14.5 ms]
      [Choose CSet: 0.0 ms]
      [Ref Proc: 8.6 ms]
      [Ref Enq: 0.6 ms]
      [Free CSet: 4.8 ms]
   [Eden: 1556.0M(1556.0M)->0.0B(1563.0M) Survivors: 20.0M->13.0M Heap: 2068.5M(2252.0M)->505.0M(2252.0M)]
 [Times: user=0.35 sys=0.01, real=0.04 secs] 

 Concurrent RS processed 750849 cards
  Of 20592 completed buffers:
        20592 (100.0%) by conc RS threads.
            0 (  0.0%) by mutator threads.
  Conc RS threads times(s)
          0.00     0.00     0.00     0.00     0.00     0.00     0.00     0.00     0.00     0.00     0.00     0.00     0.00     0.00     0.00     0.00     0.00     0.00     0.00
  Total heap region rem set sizes = 5850K.  Max = 30K.
  Static structures = 369K, free_lists = 1K.
    246518 occupied cards represented.
    Max size region = 1455:(O)[0x00000007be300000,0x00000007be400000,0x00000007be400000], size = 31K, occupied = 88K.
    Did 0 coarsenings.
2014-08-01T09:21:48.730-0500: 1529.174: [GC pause (young) 1529.174: [G1Ergonomics (CSet Construction) start choosing CSet, _pending_cards: 61796, predicted base time: 36.95 ms, remaining time: 63.05 ms, target pause time: 100.00 ms]
 1529.174: [G1Ergonomics (CSet Construction) add young regions to CSet, eden: 1533 regions, survivors: 13 regions, predicted young region time: 40.15 ms]
 1529.174: [G1Ergonomics (CSet Construction) finish choosing CSet, eden: 1533 regions, survivors: 13 regions, old: 0 regions, predicted pause time: 77.10 ms, target pause time: 100.00 ms]
 1529.175: [G1Ergonomics (Heap Sizing) attempt heap expansion, reason: region allocation request failed, allocation request: 197720 bytes]
 1529.175: [G1Ergonomics (Heap Sizing) expand the heap, requested expansion amount: 197720 bytes, attempted expansion amount: 1048576 bytes]
 1529.175: [G1Ergonomics (Heap Sizing) did not expand the heap, reason: heap expansion operation failed]
 1529.622: [G1Ergonomics (Concurrent Cycles) request concurrent cycle initiation, reason: occupancy higher than threshold, occupancy: 1837105152 bytes, allocation request: 0 bytes, threshold: 1062626895 bytes (45.00 %), source: end of GC]
 (to-space exhausted), 0.4483810 secs]
   [Parallel Time: 282.8 ms, GC Workers: 18]
      [GC Worker Start (ms): Min: 1529174.0, Avg: 1529174.1, Max: 1529174.3, Diff: 0.3]
      [Ext Root Scanning (ms): Min: 1.0, Avg: 6.4, Max: 9.4, Diff: 8.4, Sum: 115.8]
      [Update RS (ms): Min: 11.0, Avg: 12.6, Max: 14.3, Diff: 3.2, Sum: 227.6]
         [Processed Buffers: Min: 12, Avg: 20.4, Max: 28, Diff: 16, Sum: 368]
      [Scan RS (ms): Min: 0.2, Avg: 1.2, Max: 1.5, Diff: 1.3, Sum: 21.0]
      [Object Copy (ms): Min: 259.5, Avg: 261.7, Max: 267.7, Diff: 8.2, Sum: 4710.4]
      [Termination (ms): Min: 0.0, Avg: 0.3, Max: 0.5, Diff: 0.5, Sum: 4.9]
      [GC Worker Other (ms): Min: 0.0, Avg: 0.2, Max: 0.3, Diff: 0.3, Sum: 3.1]
      [GC Worker Total (ms): Min: 282.2, Avg: 282.4, Max: 282.5, Diff: 0.3, Sum: 5082.9]
      [GC Worker End (ms): Min: 1529456.4, Avg: 1529456.5, Max: 1529456.7, Diff: 0.3]
   [Code Root Fixup: 0.0 ms]
   [Clear CT: 2.0 ms]
   [Other: 163.7 ms]
      [Choose CSet: 0.0 ms]
      [Ref Proc: 4.8 ms]
      [Ref Enq: 0.5 ms]
      [Free CSet: 3.1 ms]
   [Eden: 1533.0M(1563.0M)->0.0B(1576.0M) Survivors: 13.0M->0.0B Heap: 2130.0M(2252.0M)->1631.2M(2252.0M)]
 [Times: user=3.11 sys=0.11, real=0.44 secs] 

 Concurrent RS processed 867313 cards
  Of 21479 completed buffers:
        21479 (100.0%) by conc RS threads.
            0 (  0.0%) by mutator threads.
  Conc RS threads times(s)
          0.00     0.00     0.00     0.00     0.00     0.00     0.00     0.00     0.00     0.00     0.00     0.00     0.00     0.00     0.00     0.00     0.00     0.00     0.00
  Total heap region rem set sizes = 5680K.  Max = 30K.
  Static structures = 369K, free_lists = 0K.
    250361 occupied cards represented.
    Max size region = 1455:(O)[0x00000007be300000,0x00000007be400000,0x00000007be400000], size = 31K, occupied = 88K.
    Did 0 coarsenings.
 1531.549: [G1Ergonomics (Concurrent Cycles) initiate concurrent cycle, reason: concurrent cycle initiation requested]
2014-08-01T09:21:51.106-0500: 1531.550: [GC pause (young) (initial-mark) 1531.550: [G1Ergonomics (CSet Construction) start choosing CSet, _pending_cards: 47793, predicted base time: 33.18 ms, remaining time: 66.82 ms, target pause time: 100.00 ms]
 1531.550: [G1Ergonomics (CSet Construction) add young regions to CSet, eden: 500 regions, survivors: 0 regions, predicted young region time: 9.87 ms]
 1531.550: [G1Ergonomics (CSet Construction) finish choosing CSet, eden: 500 regions, survivors: 0 regions, old: 0 regions, predicted pause time: 43.05 ms, target pause time: 100.00 ms]
 1531.551: [G1Ergonomics (Heap Sizing) attempt heap expansion, reason: region allocation request failed, allocation request: 49424 bytes]
 1531.551: [G1Ergonomics (Heap Sizing) expand the heap, requested expansion amount: 49424 bytes, attempted expansion amount: 1048576 bytes]
 1531.551: [G1Ergonomics (Heap Sizing) did not expand the heap, reason: heap expansion operation failed]
 (to-space exhausted), 0.1711240 secs]
   [Parallel Time: 82.8 ms, GC Workers: 18]
      [GC Worker Start (ms): Min: 1531550.4, Avg: 1531550.6, Max: 1531550.8, Diff: 0.3]
      [Ext Root Scanning (ms): Min: 5.5, Avg: 6.7, Max: 8.9, Diff: 3.4, Sum: 121.5]
      [Update RS (ms): Min: 0.0, Avg: 2.1, Max: 3.7, Diff: 3.7, Sum: 37.1]
         [Processed Buffers: Min: 0, Avg: 17.4, Max: 40, Diff: 40, Sum: 314]
      [Scan RS (ms): Min: 0.0, Avg: 0.3, Max: 0.6, Diff: 0.5, Sum: 5.6]
      [Object Copy (ms): Min: 70.2, Avg: 72.9, Max: 75.4, Diff: 5.3, Sum: 1312.3]
      [Termination (ms): Min: 0.0, Avg: 0.3, Max: 0.5, Diff: 0.5, Sum: 5.1]
      [GC Worker Other (ms): Min: 0.0, Avg: 0.1, Max: 0.2, Diff: 0.1, Sum: 1.4]
      [GC Worker Total (ms): Min: 82.2, Avg: 82.4, Max: 82.6, Diff: 0.4, Sum: 1482.9]
      [GC Worker End (ms): Min: 1531632.9, Avg: 1531633.0, Max: 1531633.1, Diff: 0.2]
   [Code Root Fixup: 0.0 ms]
   [Clear CT: 0.9 ms]
   [Other: 87.4 ms]
      [Choose CSet: 0.0 ms]
      [Ref Proc: 10.4 ms]
      [Ref Enq: 0.7 ms]
      [Free CSet: 1.4 ms]
   [Eden: 500.0M(1576.0M)->0.0B(1576.0M) Survivors: 0.0B->0.0B Heap: 2131.2M(2252.0M)->2009.2M(2252.0M)]
 [Times: user=1.27 sys=0.07, real=0.17 secs] 

 Concurrent RS processed 888981 cards
  Of 22349 completed buffers:
        22349 (100.0%) by conc RS threads.
            0 (  0.0%) by mutator threads.
  Conc RS threads times(s)
          0.00     0.00     0.00     0.00     0.00     0.00     0.00     0.00     0.00     0.00     0.00     0.00     0.00     0.00     0.00     0.00     0.00     0.00     0.00
  Total heap region rem set sizes = 6192K.  Max = 124K.
  Static structures = 369K, free_lists = 0K.
    373420 occupied cards represented.
    Max size region = 1455:(O)[0x00000007be300000,0x00000007be400000,0x00000007be400000], size = 125K, occupied = 182K.
    Did 81 coarsenings.
2014-08-01T09:21:51.280-0500: 1531.723: [GC concurrent-root-region-scan-start]
2014-08-01T09:21:51.280-0500: 1531.723: [GC concurrent-root-region-scan-end, 0.0000470 secs]
2014-08-01T09:21:51.280-0500: 1531.723: [GC concurrent-mark-start]
2014-08-01T09:21:51.372-0500: 1531.816: [GC concurrent-mark-end, 0.0926800 secs]
2014-08-01T09:21:51.373-0500: 1531.816: [GC remark 2014-08-01T09:21:51.375-0500: 1531.818: [GC ref-proc, 0.0092590 secs], 0.0404720 secs]
 [Times: user=0.12 sys=0.01, real=0.04 secs] 
2014-08-01T09:21:51.415-0500: 1531.858: [GC cleanup 2065M->1595M(2252M), 0.0030990 secs]
 [Times: user=0.02 sys=0.00, real=0.00 secs] 
2014-08-01T09:21:51.418-0500: 1531.862: [GC concurrent-cleanup-start]
2014-08-01T09:21:51.420-0500: 1531.863: [GC concurrent-cleanup-end, 0.0012130 secs]
2014-08-01T09:21:53.985-0500: 1534.428: [GC pause (young) 1534.428: [G1Ergonomics (CSet Construction) start choosing CSet, _pending_cards: 56744, predicted base time: 35.59 ms, remaining time: 64.41 ms, target pause time: 100.00 ms]
 1534.428: [G1Ergonomics (CSet Construction) add young regions to CSet, eden: 710 regions, survivors: 0 regions, predicted young region time: 16.06 ms]
 1534.428: [G1Ergonomics (CSet Construction) finish choosing CSet, eden: 710 regions, survivors: 0 regions, old: 0 regions, predicted pause time: 51.65 ms, target pause time: 100.00 ms]
 1534.429: [G1Ergonomics (Heap Sizing) attempt heap expansion, reason: region allocation request failed, allocation request: 12352 bytes]
 1534.429: [G1Ergonomics (Heap Sizing) expand the heap, requested expansion amount: 12352 bytes, attempted expansion amount: 1048576 bytes]
 1534.429: [G1Ergonomics (Heap Sizing) did not expand the heap, reason: heap expansion operation failed]
 1534.603: [G1Ergonomics (Concurrent Cycles) do not request concurrent cycle initiation, reason: still doing mixed collections, occupancy: 2165309440 bytes, allocation request: 0 bytes, threshold: 1062626895 bytes (45.00 %), source: end of GC]
 1534.603: [G1Ergonomics (Mixed GCs) start mixed GCs, reason: candidate old regions available, candidate old regions: 1437 regions, reclaimable: 1488790320 bytes (63.05 %), threshold: 10.00 %]
 (to-space exhausted), 0.1746260 secs]
   [Parallel Time: 90.1 ms, GC Workers: 18]
      [GC Worker Start (ms): Min: 1534428.5, Avg: 1534428.7, Max: 1534428.8, Diff: 0.3]
      [Ext Root Scanning (ms): Min: 5.2, Avg: 6.1, Max: 7.5, Diff: 2.4, Sum: 110.2]
      [Update RS (ms): Min: 3.8, Avg: 4.5, Max: 5.6, Diff: 1.8, Sum: 81.3]
         [Processed Buffers: Min: 8, Avg: 19.3, Max: 43, Diff: 35, Sum: 347]
      [Scan RS (ms): Min: 0.1, Avg: 0.3, Max: 0.5, Diff: 0.5, Sum: 5.2]
      [Object Copy (ms): Min: 76.1, Avg: 78.4, Max: 79.4, Diff: 3.3, Sum: 1411.8]
      [Termination (ms): Min: 0.0, Avg: 0.2, Max: 0.4, Diff: 0.4, Sum: 3.9]
      [GC Worker Other (ms): Min: 0.0, Avg: 0.1, Max: 0.2, Diff: 0.2, Sum: 1.6]
      [GC Worker Total (ms): Min: 89.5, Avg: 89.7, Max: 89.8, Diff: 0.3, Sum: 1614.1]
      [GC Worker End (ms): Min: 1534518.3, Avg: 1534518.4, Max: 1534518.5, Diff: 0.2]
   [Code Root Fixup: 0.0 ms]
   [Clear CT: 0.9 ms]
   [Other: 83.6 ms]
      [Choose CSet: 0.0 ms]
      [Ref Proc: 7.3 ms]
      [Ref Enq: 0.5 ms]
      [Free CSet: 1.6 ms]
   [Eden: 710.0M(1576.0M)->0.0B(1576.0M) Survivors: 0.0B->0.0B Heap: 2249.3M(2252.0M)->2062.3M(2252.0M)]
 [Times: user=1.45 sys=0.05, real=0.17 secs] 

 Concurrent RS processed 901634 cards
  Of 22816 completed buffers:
        22816 (100.0%) by conc RS threads.
            0 (  0.0%) by mutator threads.
  Conc RS threads times(s)
          0.00     0.00     0.00     0.00     0.00     0.00     0.00     0.00     0.00     0.00     0.00     0.00     0.00     0.00     0.00     0.00     0.00     0.00     0.00
  Total heap region rem set sizes = 7491K.  Max = 124K.
  Static structures = 369K, free_lists = 0K.
    710474 occupied cards represented.
    Max size region = 1455:(O)[0x00000007be300000,0x00000007be400000,0x00000007be400000], size = 125K, occupied = 460K.
    Did 266 coarsenings.
2014-08-01T09:21:54.854-0500: 1535.297: [GC pause (mixed) 1535.297: [G1Ergonomics (CSet Construction) start choosing CSet, _pending_cards: 57119, predicted base time: 35.69 ms, remaining time: 64.31 ms, target pause time: 100.00 ms]
 1535.297: [G1Ergonomics (CSet Construction) add young regions to CSet, eden: 187 regions, survivors: 0 regions, predicted young region time: 6.21 ms]
 1535.298: [G1Ergonomics (CSet Construction) finish adding old regions to CSet, reason: predicted time is too high, predicted time: 0.62 ms, remaining time: 0.00 ms, old: 180 regions, min: 180 regions]
 1535.298: [G1Ergonomics (CSet Construction) added expensive regions to CSet, reason: old CSet region num not reached min, old: 180 regions, expensive: 84 regions, min: 180 regions, remaining time: 0.00 ms]
 1535.298: [G1Ergonomics (CSet Construction) finish choosing CSet, eden: 187 regions, survivors: 0 regions, old: 180 regions, predicted pause time: 151.82 ms, target pause time: 100.00 ms]
 1535.298: [G1Ergonomics (Heap Sizing) attempt heap expansion, reason: region allocation request failed, allocation request: 2048 bytes]
 1535.298: [G1Ergonomics (Heap Sizing) expand the heap, requested expansion amount: 2048 bytes, attempted expansion amount: 1048576 bytes]
 1535.298: [G1Ergonomics (Heap Sizing) did not expand the heap, reason: heap expansion operation failed]
 1535.443: [G1Ergonomics (Concurrent Cycles) do not request concurrent cycle initiation, reason: still doing mixed collections, occupancy: 2333081600 bytes, allocation request: 0 bytes, threshold: 1062626895 bytes (45.00 %), source: end of GC]
 1535.443: [G1Ergonomics (Mixed GCs) continue mixed GCs, reason: candidate old regions available, candidate old regions: 1257 regions, reclaimable: 1300139856 bytes (55.06 %), threshold: 10.00 %]
 (to-space exhausted), 0.1458850 secs]
   [Parallel Time: 91.0 ms, GC Workers: 18]
      [GC Worker Start (ms): Min: 1535297.9, Avg: 1535298.1, Max: 1535298.3, Diff: 0.3]
      [Ext Root Scanning (ms): Min: 3.4, Avg: 6.5, Max: 11.1, Diff: 7.8, Sum: 116.5]
      [Update RS (ms): Min: 1.3, Avg: 2.8, Max: 4.1, Diff: 2.8, Sum: 51.2]
         [Processed Buffers: Min: 10, Avg: 19.1, Max: 29, Diff: 19, Sum: 343]
      [Scan RS (ms): Min: 0.0, Avg: 0.3, Max: 0.3, Diff: 0.3, Sum: 4.5]
      [Object Copy (ms): Min: 77.4, Avg: 80.7, Max: 83.1, Diff: 5.7, Sum: 1451.8]
      [Termination (ms): Min: 0.0, Avg: 0.2, Max: 0.4, Diff: 0.4, Sum: 3.9]
      [GC Worker Other (ms): Min: 0.0, Avg: 0.1, Max: 0.1, Diff: 0.1, Sum: 1.0]
      [GC Worker Total (ms): Min: 90.3, Avg: 90.5, Max: 90.7, Diff: 0.3, Sum: 1629.1]
      [GC Worker End (ms): Min: 1535388.6, Avg: 1535388.6, Max: 1535388.7, Diff: 0.1]
   [Code Root Fixup: 0.3 ms]
   [Clear CT: 1.0 ms]
   [Other: 53.6 ms]
      [Choose CSet: 0.3 ms]
      [Ref Proc: 5.0 ms]
      [Ref Enq: 0.5 ms]
      [Free CSet: 0.7 ms]
   [Eden: 187.0M(1576.0M)->0.0B(1576.0M) Survivors: 0.0B->0.0B Heap: 2249.3M(2252.0M)->2222.3M(2252.0M)]
 [Times: user=0.99 sys=0.04, real=0.14 secs] 

 Concurrent RS processed 912948 cards
  Of 23309 completed buffers:
        23309 (100.0%) by conc RS threads.
            0 (  0.0%) by mutator threads.
  Conc RS threads times(s)
          0.00     0.00     0.00     0.00     0.00     0.00     0.00     0.00     0.00     0.00     0.00     0.00     0.00     0.00     0.00     0.00     0.00     0.00     0.00
  Total heap region rem set sizes = 7825K.  Max = 180K.
  Static structures = 369K, free_lists = 0K.
    1333193 occupied cards represented.
    Max size region = 1484:(O)[0x00000007c0000000,0x00000007c0100000,0x00000007c0100000], size = 181K, occupied = 321K.
    Did 573 coarsenings.
2014-08-01T09:21:55.017-0500: 1535.460: [GC pause (mixed) 1535.460: [G1Ergonomics (CSet Construction) start choosing CSet, _pending_cards: 59950, predicted base time: 36.45 ms, remaining time: 63.55 ms, target pause time: 100.00 ms]
 1535.460: [G1Ergonomics (CSet Construction) add young regions to CSet, eden: 27 regions, survivors: 0 regions, predicted young region time: 2.84 ms]
 1535.460: [G1Ergonomics (CSet Construction) finish adding old regions to CSet, reason: predicted time is too high, predicted time: 0.61 ms, remaining time: 0.00 ms, old: 180 regions, min: 180 regions]
 1535.461: [G1Ergonomics (CSet Construction) added expensive regions to CSet, reason: old CSet region num not reached min, old: 180 regions, expensive: 81 regions, min: 180 regions, remaining time: 0.00 ms]
 1535.461: [G1Ergonomics (CSet Construction) finish choosing CSet, eden: 27 regions, survivors: 0 regions, old: 180 regions, predicted pause time: 149.05 ms, target pause time: 100.00 ms]
 1535.461: [G1Ergonomics (Heap Sizing) attempt heap expansion, reason: region allocation request failed, allocation request: 2048 bytes]
 1535.461: [G1Ergonomics (Heap Sizing) expand the heap, requested expansion amount: 2048 bytes, attempted expansion amount: 1048576 bytes]
 1535.461: [G1Ergonomics (Heap Sizing) did not expand the heap, reason: heap expansion operation failed]
 1535.541: [G1Ergonomics (Concurrent Cycles) do not request concurrent cycle initiation, reason: still doing mixed collections, occupancy: 2219835392 bytes, allocation request: 0 bytes, threshold: 1062626895 bytes (45.00 %), source: end of GC]
 1535.541: [G1Ergonomics (Mixed GCs) continue mixed GCs, reason: candidate old regions available, candidate old regions: 1077 regions, reclaimable: 1111571232 bytes (47.07 %), threshold: 10.00 %]
 (to-space exhausted), 0.0807210 secs]
   [Parallel Time: 47.7 ms, GC Workers: 18]
      [GC Worker Start (ms): Min: 1535460.7, Avg: 1535460.9, Max: 1535461.0, Diff: 0.3]
      [Ext Root Scanning (ms): Min: 0.7, Avg: 6.4, Max: 11.2, Diff: 10.5, Sum: 115.5]
      [Update RS (ms): Min: 0.0, Avg: 2.5, Max: 4.8, Diff: 4.8, Sum: 45.8]
         [Processed Buffers: Min: 0, Avg: 15.7, Max: 31, Diff: 31, Sum: 282]
      [Scan RS (ms): Min: 0.0, Avg: 0.2, Max: 0.3, Diff: 0.3, Sum: 3.1]
      [Object Copy (ms): Min: 31.9, Avg: 37.7, Max: 46.2, Diff: 14.3, Sum: 677.7]
      [Termination (ms): Min: 0.0, Avg: 0.5, Max: 0.7, Diff: 0.7, Sum: 8.4]
      [GC Worker Other (ms): Min: 0.0, Avg: 0.0, Max: 0.1, Diff: 0.0, Sum: 0.6]
      [GC Worker Total (ms): Min: 47.2, Avg: 47.3, Max: 47.5, Diff: 0.3, Sum: 851.2]
      [GC Worker End (ms): Min: 1535508.1, Avg: 1535508.2, Max: 1535508.2, Diff: 0.1]
   [Code Root Fixup: 0.0 ms]
   [Clear CT: 0.7 ms]
   [Other: 32.3 ms]
      [Choose CSet: 0.3 ms]
      [Ref Proc: 13.8 ms]
      [Ref Enq: 0.4 ms]
      [Free CSet: 1.7 ms]
   [Eden: 27.0M(1576.0M)->0.0B(1576.0M) Survivors: 0.0B->0.0B Heap: 2249.3M(2252.0M)->2114.3M(2252.0M)]
 [Times: user=0.55 sys=0.01, real=0.08 secs] 

 Concurrent RS processed 923474 cards
  Of 23726 completed buffers:
        23726 (100.0%) by conc RS threads.
            0 (  0.0%) by mutator threads.
  Conc RS threads times(s)
          0.00     0.00     0.00     0.00     0.00     0.00     0.00     0.00     0.00     0.00     0.00     0.00     0.00     0.00     0.00     0.00     0.00     0.00     0.00
  Total heap region rem set sizes = 8103K.  Max = 180K.
  Static structures = 369K, free_lists = 0K.
    1786271 occupied cards represented.
    Max size region = 1484:(O)[0x00000007c0000000,0x00000007c0100000,0x00000007c0100000], size = 181K, occupied = 519K.
    Did 790 coarsenings.
2014-08-01T09:21:55.623-0500: 1536.066: [GC pause (mixed) 1536.066: [G1Ergonomics (CSet Construction) start choosing CSet, _pending_cards: 71398, predicted base time: 39.53 ms, remaining time: 60.47 ms, target pause time: 100.00 ms]
 1536.066: [G1Ergonomics (CSet Construction) add young regions to CSet, eden: 135 regions, survivors: 0 regions, predicted young region time: 4.33 ms]
 1536.066: [G1Ergonomics (CSet Construction) finish adding old regions to CSet, reason: predicted time is too high, predicted time: 0.62 ms, remaining time: 0.00 ms, old: 180 regions, min: 180 regions]
 1536.066: [G1Ergonomics (CSet Construction) added expensive regions to CSet, reason: old CSet region num not reached min, old: 180 regions, expensive: 90 regions, min: 180 regions, remaining time: 0.00 ms]
 1536.066: [G1Ergonomics (CSet Construction) finish choosing CSet, eden: 135 regions, survivors: 0 regions, old: 180 regions, predicted pause time: 157.16 ms, target pause time: 100.00 ms]
 1536.067: [G1Ergonomics (Heap Sizing) attempt heap expansion, reason: region allocation request failed, allocation request: 2048 bytes]
 1536.068: [G1Ergonomics (Heap Sizing) expand the heap, requested expansion amount: 2048 bytes, attempted expansion amount: 1048576 bytes]
 1536.068: [G1Ergonomics (Heap Sizing) did not expand the heap, reason: heap expansion operation failed]
 1536.238: [G1Ergonomics (Concurrent Cycles) do not request concurrent cycle initiation, reason: still doing mixed collections, occupancy: 2277507072 bytes, allocation request: 0 bytes, threshold: 1062626895 bytes (45.00 %), source: end of GC]
 1536.238: [G1Ergonomics (Mixed GCs) continue mixed GCs, reason: candidate old regions available, candidate old regions: 897 regions, reclaimable: 923222192 bytes (39.10 %), threshold: 10.00 %]
 (to-space exhausted), 0.1720980 secs]
   [Parallel Time: 111.3 ms, GC Workers: 18]
      [GC Worker Start (ms): Min: 1536066.6, Avg: 1536066.7, Max: 1536066.9, Diff: 0.3]
      [Ext Root Scanning (ms): Min: 0.8, Avg: 6.9, Max: 10.4, Diff: 9.6, Sum: 124.0]
      [Update RS (ms): Min: 0.0, Avg: 3.2, Max: 5.5, Diff: 5.5, Sum: 57.8]
         [Processed Buffers: Min: 0, Avg: 22.1, Max: 44, Diff: 44, Sum: 398]
      [Scan RS (ms): Min: 0.0, Avg: 0.3, Max: 0.5, Diff: 0.4, Sum: 5.1]
      [Object Copy (ms): Min: 97.2, Avg: 100.2, Max: 110.0, Diff: 12.8, Sum: 1804.0]
      [Termination (ms): Min: 0.0, Avg: 0.4, Max: 0.8, Diff: 0.8, Sum: 7.1]
      [GC Worker Other (ms): Min: 0.0, Avg: 0.0, Max: 0.1, Diff: 0.1, Sum: 0.7]
      [GC Worker Total (ms): Min: 110.9, Avg: 111.0, Max: 111.2, Diff: 0.3, Sum: 1998.7]
      [GC Worker End (ms): Min: 1536177.7, Avg: 1536177.8, Max: 1536177.8, Diff: 0.1]
   [Code Root Fixup: 0.0 ms]
   [Clear CT: 1.0 ms]
   [Other: 59.8 ms]
      [Choose CSet: 0.3 ms]
      [Ref Proc: 11.8 ms]
      [Ref Enq: 0.5 ms]
      [Free CSet: 1.2 ms]
   [Eden: 135.0M(1576.0M)->0.0B(1576.0M) Survivors: 0.0B->0.0B Heap: 2249.3M(2252.0M)->2169.3M(2252.0M)]
 [Times: user=0.96 sys=0.02, real=0.17 secs] 

 Concurrent RS processed 930455 cards
  Of 24124 completed buffers:
        24124 (100.0%) by conc RS threads.
            0 (  0.0%) by mutator threads.
  Conc RS threads times(s)
          0.00     0.00     0.00     0.00     0.00     0.00     0.00     0.00     0.00     0.00     0.00     0.00     0.00     0.00     0.00     0.00     0.00     0.00     0.00
  Total heap region rem set sizes = 8153K.  Max = 180K.
  Static structures = 369K, free_lists = 0K.
    1874560 occupied cards represented.
    Max size region = 1484:(O)[0x00000007c0000000,0x00000007c0100000,0x00000007c0100000], size = 181K, occupied = 555K.
    Did 829 coarsenings.
2014-08-01T09:21:56.122-0500: 1536.565: [GC pause (mixed) 1536.565: [G1Ergonomics (CSet Construction) start choosing CSet, _pending_cards: 73544, predicted base time: 40.11 ms, remaining time: 59.89 ms, target pause time: 100.00 ms]
 1536.565: [G1Ergonomics (CSet Construction) add young regions to CSet, eden: 80 regions, survivors: 0 regions, predicted young region time: 1.26 ms]
 1536.566: [G1Ergonomics (CSet Construction) finish adding old regions to CSet, reason: predicted time is too high, predicted time: 0.63 ms, remaining time: 0.00 ms, old: 180 regions, min: 180 regions]
 1536.566: [G1Ergonomics (CSet Construction) added expensive regions to CSet, reason: old CSet region num not reached min, old: 180 regions, expensive: 86 regions, min: 180 regions, remaining time: 0.00 ms]
 1536.566: [G1Ergonomics (CSet Construction) finish choosing CSet, eden: 80 regions, survivors: 0 regions, old: 180 regions, predicted pause time: 155.29 ms, target pause time: 100.00 ms]
 1536.567: [G1Ergonomics (Heap Sizing) attempt heap expansion, reason: region allocation request failed, allocation request: 2048 bytes]
 1536.567: [G1Ergonomics (Heap Sizing) expand the heap, requested expansion amount: 2048 bytes, attempted expansion amount: 1048576 bytes]
 1536.567: [G1Ergonomics (Heap Sizing) did not expand the heap, reason: heap expansion operation failed]
 1536.683: [G1Ergonomics (Concurrent Cycles) do not request concurrent cycle initiation, reason: still doing mixed collections, occupancy: 2337275904 bytes, allocation request: 0 bytes, threshold: 1062626895 bytes (45.00 %), source: end of GC]
 1536.683: [G1Ergonomics (Mixed GCs) continue mixed GCs, reason: candidate old regions available, candidate old regions: 717 regions, reclaimable: 734745976 bytes (31.11 %), threshold: 10.00 %]
 (to-space exhausted), 0.1179680 secs]
   [Parallel Time: 72.1 ms, GC Workers: 18]
      [GC Worker Start (ms): Min: 1536566.0, Avg: 1536566.6, Max: 1536567.3, Diff: 1.3]
      [Ext Root Scanning (ms): Min: 6.3, Avg: 9.0, Max: 11.6, Diff: 5.3, Sum: 161.4]
      [Update RS (ms): Min: 1.3, Avg: 3.2, Max: 5.6, Diff: 4.2, Sum: 57.8]
         [Processed Buffers: Min: 2, Avg: 22.6, Max: 41, Diff: 39, Sum: 406]
      [Scan RS (ms): Min: 0.0, Avg: 0.3, Max: 0.4, Diff: 0.4, Sum: 5.1]
      [Object Copy (ms): Min: 57.0, Avg: 58.5, Max: 60.0, Diff: 3.0, Sum: 1052.5]
      [Termination (ms): Min: 0.0, Avg: 0.3, Max: 0.5, Diff: 0.5, Sum: 4.8]
      [GC Worker Other (ms): Min: 0.0, Avg: 0.0, Max: 0.1, Diff: 0.1, Sum: 0.7]
      [GC Worker Total (ms): Min: 70.5, Avg: 71.2, Max: 71.8, Diff: 1.3, Sum: 1282.2]
      [GC Worker End (ms): Min: 1536637.8, Avg: 1536637.8, Max: 1536637.9, Diff: 0.1]
   [Code Root Fixup: 0.0 ms]
   [Clear CT: 0.8 ms]
   [Other: 45.1 ms]
      [Choose CSet: 0.3 ms]
      [Ref Proc: 6.8 ms]
      [Ref Enq: 0.4 ms]
      [Free CSet: 0.6 ms]
   [Eden: 80.0M(1576.0M)->0.0B(1576.0M) Survivors: 0.0B->0.0B Heap: 2249.3M(2252.0M)->2226.3M(2252.0M)]
 [Times: user=0.76 sys=0.04, real=0.11 secs] 

 Concurrent RS processed 946370 cards
  Of 24805 completed buffers:
        24805 (100.0%) by conc RS threads.
            0 (  0.0%) by mutator threads.
  Conc RS threads times(s)
          0.00     0.00     0.00     0.00     0.00     0.00     0.00     0.00     0.00     0.00     0.00     0.00     0.00     0.00     0.00     0.00     0.00     0.00     0.00
  Total heap region rem set sizes = 8309K.  Max = 180K.
  Static structures = 369K, free_lists = 0K.
    2322012 occupied cards represented.
    Max size region = 1484:(O)[0x00000007c0000000,0x00000007c0100000,0x00000007c0100000], size = 181K, occupied = 726K.
    Did 1043 coarsenings.
2014-08-01T09:21:56.292-0500: 1536.736: [GC pause (mixed) 1536.736: [G1Ergonomics (CSet Construction) start choosing CSet, _pending_cards: 69408, predicted base time: 38.99 ms, remaining time: 61.01 ms, target pause time: 100.00 ms]
 1536.736: [G1Ergonomics (CSet Construction) add young regions to CSet, eden: 23 regions, survivors: 0 regions, predicted young region time: 1.17 ms]
 1536.736: [G1Ergonomics (CSet Construction) finish adding old regions to CSet, reason: predicted time is too high, predicted time: 0.64 ms, remaining time: 0.00 ms, old: 180 regions, min: 180 regions]
 1536.736: [G1Ergonomics (CSet Construction) added expensive regions to CSet, reason: old CSet region num not reached min, old: 180 regions, expensive: 88 regions, min: 180 regions, remaining time: 0.00 ms]
 1536.736: [G1Ergonomics (CSet Construction) finish choosing CSet, eden: 23 regions, survivors: 0 regions, old: 180 regions, predicted pause time: 156.66 ms, target pause time: 100.00 ms]
 1536.737: [G1Ergonomics (Heap Sizing) attempt heap expansion, reason: region allocation request failed, allocation request: 2048 bytes]
 1536.737: [G1Ergonomics (Heap Sizing) expand the heap, requested expansion amount: 2048 bytes, attempted expansion amount: 1048576 bytes]
 1536.737: [G1Ergonomics (Heap Sizing) did not expand the heap, reason: heap expansion operation failed]
 1536.806: [G1Ergonomics (Concurrent Cycles) do not request concurrent cycle initiation, reason: still doing mixed collections, occupancy: 2358247424 bytes, allocation request: 0 bytes, threshold: 1062626895 bytes (45.00 %), source: end of GC]
 1536.806: [G1Ergonomics (Mixed GCs) continue mixed GCs, reason: candidate old regions available, candidate old regions: 537 regions, reclaimable: 546464472 bytes (23.14 %), threshold: 10.00 %]
 (to-space exhausted), 0.0701580 secs]
   [Parallel Time: 33.1 ms, GC Workers: 18]
      [GC Worker Start (ms): Min: 1536736.1, Avg: 1536736.3, Max: 1536736.4, Diff: 0.3]
      [Ext Root Scanning (ms): Min: 6.5, Avg: 7.4, Max: 9.9, Diff: 3.4, Sum: 134.1]
      [Update RS (ms): Min: 2.5, Avg: 4.1, Max: 5.2, Diff: 2.7, Sum: 73.7]
         [Processed Buffers: Min: 5, Avg: 17.7, Max: 34, Diff: 29, Sum: 319]
      [Scan RS (ms): Min: 0.0, Avg: 0.2, Max: 0.4, Diff: 0.4, Sum: 4.5]
      [Object Copy (ms): Min: 19.5, Avg: 20.6, Max: 21.4, Diff: 1.9, Sum: 371.0]
      [Termination (ms): Min: 0.0, Avg: 0.2, Max: 0.4, Diff: 0.4, Sum: 3.4]
      [GC Worker Other (ms): Min: 0.0, Avg: 0.0, Max: 0.1, Diff: 0.1, Sum: 0.8]
      [GC Worker Total (ms): Min: 32.5, Avg: 32.6, Max: 32.8, Diff: 0.3, Sum: 587.4]
      [GC Worker End (ms): Min: 1536768.9, Avg: 1536768.9, Max: 1536768.9, Diff: 0.1]
   [Code Root Fixup: 0.0 ms]
   [Clear CT: 0.8 ms]
   [Other: 36.3 ms]
      [Choose CSet: 0.3 ms]
      [Ref Proc: 5.2 ms]
      [Ref Enq: 0.4 ms]
      [Free CSet: 0.3 ms]
   [Eden: 23.0M(1576.0M)->0.0B(1576.0M) Survivors: 0.0B->0.0B Heap: 2249.3M(2252.0M)->2246.3M(2252.0M)]
 [Times: user=0.71 sys=0.02, real=0.07 secs] 

 Concurrent RS processed 952753 cards
  Of 25124 completed buffers:
        25124 (100.0%) by conc RS threads.
            0 (  0.0%) by mutator threads.
  Conc RS threads times(s)
          0.00     0.00     0.00     0.00     0.00     0.00     0.00     0.00     0.00     0.00     0.00     0.00     0.00     0.00     0.00     0.00     0.00     0.00     0.00
  Total heap region rem set sizes = 8427K.  Max = 180K.
  Static structures = 369K, free_lists = 0K.
    2655715 occupied cards represented.
    Max size region = 1484:(O)[0x00000007c0000000,0x00000007c0100000,0x00000007c0100000], size = 181K, occupied = 852K.
    Did 1205 coarsenings.
2014-08-01T09:21:56.370-0500: 1536.813: [GC pause (mixed) 1536.813: [G1Ergonomics (CSet Construction) start choosing CSet, _pending_cards: 24813, predicted base time: 27.00 ms, remaining time: 73.00 ms, target pause time: 100.00 ms]
 1536.813: [G1Ergonomics (CSet Construction) add young regions to CSet, eden: 3 regions, survivors: 0 regions, predicted young region time: 0.12 ms]
 1536.813: [G1Ergonomics (CSet Construction) finish adding old regions to CSet, reason: predicted time is too high, predicted time: 0.67 ms, remaining time: 0.00 ms, old: 180 regions, min: 180 regions]
 1536.813: [G1Ergonomics (CSet Construction) added expensive regions to CSet, reason: old CSet region num not reached min, old: 180 regions, expensive: 71 regions, min: 180 regions, remaining time: 0.00 ms]
 1536.813: [G1Ergonomics (CSet Construction) finish choosing CSet, eden: 3 regions, survivors: 0 regions, old: 180 regions, predicted pause time: 147.53 ms, target pause time: 100.00 ms]
 1536.815: [G1Ergonomics (Heap Sizing) attempt heap expansion, reason: region allocation request failed, allocation request: 2048 bytes]
 1536.815: [G1Ergonomics (Heap Sizing) expand the heap, requested expansion amount: 2048 bytes, attempted expansion amount: 1048576 bytes]
 1536.815: [G1Ergonomics (Heap Sizing) did not expand the heap, reason: heap expansion operation failed]
 1536.871: [G1Ergonomics (Concurrent Cycles) do not request concurrent cycle initiation, reason: still doing mixed collections, occupancy: 2356150272 bytes, allocation request: 0 bytes, threshold: 1062626895 bytes (45.00 %), source: end of GC]
 1536.871: [G1Ergonomics (Mixed GCs) continue mixed GCs, reason: candidate old regions available, candidate old regions: 357 regions, reclaimable: 358307304 bytes (15.17 %), threshold: 10.00 %]
 (to-space exhausted), 0.0575970 secs]
   [Parallel Time: 23.9 ms, GC Workers: 18]
      [GC Worker Start (ms): Min: 1536813.7, Avg: 1536813.9, Max: 1536814.3, Diff: 0.7]
      [Ext Root Scanning (ms): Min: 4.9, Avg: 6.5, Max: 9.7, Diff: 4.8, Sum: 117.1]
      [Update RS (ms): Min: 0.0, Avg: 1.3, Max: 2.6, Diff: 2.6, Sum: 24.2]
         [Processed Buffers: Min: 0, Avg: 6.9, Max: 13, Diff: 13, Sum: 124]
      [Scan RS (ms): Min: 0.0, Avg: 0.3, Max: 0.4, Diff: 0.4, Sum: 5.4]
      [Object Copy (ms): Min: 13.4, Avg: 14.7, Max: 15.8, Diff: 2.5, Sum: 263.9]
      [Termination (ms): Min: 0.0, Avg: 0.3, Max: 0.9, Diff: 0.9, Sum: 6.1]
      [GC Worker Other (ms): Min: 0.0, Avg: 0.0, Max: 0.1, Diff: 0.0, Sum: 0.5]
      [GC Worker Total (ms): Min: 22.7, Avg: 23.2, Max: 23.6, Diff: 0.9, Sum: 417.3]
      [GC Worker End (ms): Min: 1536837.0, Avg: 1536837.1, Max: 1536837.5, Diff: 0.5]
   [Code Root Fixup: 0.0 ms]
   [Clear CT: 0.8 ms]
   [Other: 32.8 ms]
      [Choose CSet: 0.2 ms]
      [Ref Proc: 5.3 ms]
      [Ref Enq: 0.4 ms]
      [Free CSet: 0.3 ms]
   [Eden: 3072.0K(1576.0M)->0.0B(1576.0M) Survivors: 0.0B->0.0B Heap: 2249.3M(2252.0M)->2244.3M(2252.0M)]
 [Times: user=0.61 sys=0.02, real=0.06 secs] 

 Concurrent RS processed 955495 cards
  Of 25248 completed buffers:
        25248 (100.0%) by conc RS threads.
            0 (  0.0%) by mutator threads.
  Conc RS threads times(s)
          0.00     0.00     0.00     0.00     0.00     0.00     0.00     0.00     0.00     0.00     0.00     0.00     0.00     0.00     0.00     0.00     0.00     0.00     0.00
  Total heap region rem set sizes = 8452K.  Max = 180K.
  Static structures = 369K, free_lists = 0K.
    2763052 occupied cards represented.
    Max size region = 1484:(O)[0x00000007c0000000,0x00000007c0100000,0x00000007c0100000], size = 181K, occupied = 886K.
    Did 1257 coarsenings.
2014-08-01T09:21:56.435-0500: 1536.878: [GC pause (mixed) 1536.878: [G1Ergonomics (CSet Construction) start choosing CSet, _pending_cards: 17452, predicted base time: 25.02 ms, remaining time: 74.98 ms, target pause time: 100.00 ms]
 1536.878: [G1Ergonomics (CSet Construction) add young regions to CSet, eden: 5 regions, survivors: 0 regions, predicted young region time: 0.16 ms]
 1536.878: [G1Ergonomics (CSet Construction) finish adding old regions to CSet, reason: reclaimable percentage not over threshold, old: 118 regions, max: 226 regions, reclaimable: 235237424 bytes (9.96 %), threshold: 10.00 %]
 1536.878: [G1Ergonomics (CSet Construction) added expensive regions to CSet, reason: old CSet region num not reached min, old: 118 regions, expensive: 13 regions, min: 180 regions, remaining time: 0.00 ms]
 1536.878: [G1Ergonomics (CSet Construction) finish choosing CSet, eden: 5 regions, survivors: 0 regions, old: 118 regions, predicted pause time: 109.00 ms, target pause time: 100.00 ms]
 1536.879: [G1Ergonomics (Heap Sizing) attempt heap expansion, reason: region allocation request failed, allocation request: 2048 bytes]
 1536.879: [G1Ergonomics (Heap Sizing) expand the heap, requested expansion amount: 2048 bytes, attempted expansion amount: 1048576 bytes]
 1536.879: [G1Ergonomics (Heap Sizing) did not expand the heap, reason: heap expansion operation failed]
 1536.940: [G1Ergonomics (Concurrent Cycles) do not request concurrent cycle initiation, reason: still doing mixed collections, occupancy: 2355101696 bytes, allocation request: 0 bytes, threshold: 1062626895 bytes (45.00 %), source: end of GC]
 1536.940: [G1Ergonomics (Mixed GCs) do not continue mixed GCs, reason: reclaimable percentage not over threshold, candidate old regions: 239 regions, reclaimable: 235237424 bytes (9.96 %), threshold: 10.00 %]
 (to-space exhausted), 0.0621670 secs]
   [Parallel Time: 33.8 ms, GC Workers: 18]
      [GC Worker Start (ms): Min: 1536878.4, Avg: 1536878.5, Max: 1536878.6, Diff: 0.3]
      [Ext Root Scanning (ms): Min: 0.8, Avg: 5.6, Max: 13.9, Diff: 13.1, Sum: 101.7]
      [Update RS (ms): Min: 0.0, Avg: 1.2, Max: 2.7, Diff: 2.7, Sum: 21.8]
         [Processed Buffers: Min: 0, Avg: 5.7, Max: 15, Diff: 15, Sum: 102]
      [Scan RS (ms): Min: 0.0, Avg: 0.3, Max: 0.4, Diff: 0.4, Sum: 5.7]
      [Object Copy (ms): Min: 16.7, Avg: 24.1, Max: 28.4, Diff: 11.7, Sum: 433.3]
      [Termination (ms): Min: 0.0, Avg: 2.2, Max: 2.8, Diff: 2.8, Sum: 39.1]
      [GC Worker Other (ms): Min: 0.0, Avg: 0.0, Max: 0.1, Diff: 0.1, Sum: 0.7]
      [GC Worker Total (ms): Min: 33.3, Avg: 33.5, Max: 33.6, Diff: 0.2, Sum: 602.3]
      [GC Worker End (ms): Min: 1536911.9, Avg: 1536912.0, Max: 1536912.0, Diff: 0.1]
   [Code Root Fixup: 0.0 ms]
   [Clear CT: 0.7 ms]
   [Other: 27.6 ms]
      [Choose CSet: 0.2 ms]
      [Ref Proc: 7.1 ms]
      [Ref Enq: 0.4 ms]
      [Free CSet: 0.3 ms]
   [Eden: 5120.0K(1576.0M)->0.0B(1576.0M) Survivors: 0.0B->0.0B Heap: 2249.3M(2252.0M)->2243.3M(2252.0M)]
 [Times: user=0.53 sys=0.02, real=0.06 secs] 

 Concurrent RS processed 957983 cards
  Of 25350 completed buffers:
        25350 (100.0%) by conc RS threads.
            0 (  0.0%) by mutator threads.
  Conc RS threads times(s)
          0.00     0.00     0.00     0.00     0.00     0.00     0.00     0.00     0.00     0.00     0.00     0.00     0.00     0.00     0.00     0.00     0.00     0.00     0.00
  Total heap region rem set sizes = 8465K.  Max = 180K.
  Static structures = 369K, free_lists = 0K.
    2782066 occupied cards represented.
    Max size region = 1484:(O)[0x00000007c0000000,0x00000007c0100000,0x00000007c0100000], size = 181K, occupied = 892K.
    Did 1266 coarsenings.
2014-08-01T09:21:56.505-0500: 1536.949: [GC pause (young) 1536.949: [G1Ergonomics (CSet Construction) start choosing CSet, _pending_cards: 32532, predicted base time: 29.08 ms, remaining time: 70.92 ms, target pause time: 100.00 ms]
 1536.949: [G1Ergonomics (CSet Construction) add young regions to CSet, eden: 6 regions, survivors: 0 regions, predicted young region time: 0.16 ms]
 1536.949: [G1Ergonomics (CSet Construction) finish choosing CSet, eden: 6 regions, survivors: 0 regions, old: 0 regions, predicted pause time: 29.24 ms, target pause time: 100.00 ms]
 1536.950: [G1Ergonomics (Heap Sizing) attempt heap expansion, reason: region allocation request failed, allocation request: 2048 bytes]
 1536.950: [G1Ergonomics (Heap Sizing) expand the heap, requested expansion amount: 2048 bytes, attempted expansion amount: 1048576 bytes]
 1536.950: [G1Ergonomics (Heap Sizing) did not expand the heap, reason: heap expansion operation failed]
 1536.992: [G1Ergonomics (Concurrent Cycles) request concurrent cycle initiation, reason: occupancy higher than threshold, occupancy: 2361393152 bytes, allocation request: 0 bytes, threshold: 1062626895 bytes (45.00 %), source: end of GC]
 (to-space exhausted), 0.0433930 secs]
   [Parallel Time: 31.0 ms, GC Workers: 18]
      [GC Worker Start (ms): Min: 1536948.9, Avg: 1536949.0, Max: 1536949.2, Diff: 0.3]
      [Ext Root Scanning (ms): Min: 0.7, Avg: 6.6, Max: 10.2, Diff: 9.6, Sum: 119.7]
      [Update RS (ms): Min: 0.0, Avg: 1.9, Max: 3.7, Diff: 3.7, Sum: 34.0]
         [Processed Buffers: Min: 0, Avg: 8.8, Max: 20, Diff: 20, Sum: 158]
      [Scan RS (ms): Min: 0.0, Avg: 0.0, Max: 0.0, Diff: 0.0, Sum: 0.1]
      [Object Copy (ms): Min: 17.7, Avg: 21.5, Max: 29.2, Diff: 11.5, Sum: 387.8]
      [Termination (ms): Min: 0.0, Avg: 0.2, Max: 0.5, Diff: 0.5, Sum: 4.1]
      [GC Worker Other (ms): Min: 0.0, Avg: 0.0, Max: 0.1, Diff: 0.0, Sum: 0.5]
      [GC Worker Total (ms): Min: 30.1, Avg: 30.3, Max: 30.5, Diff: 0.4, Sum: 546.0]
      [GC Worker End (ms): Min: 1536979.3, Avg: 1536979.3, Max: 1536979.5, Diff: 0.2]
   [Code Root Fixup: 0.0 ms]
   [Clear CT: 0.4 ms]
   [Other: 12.0 ms]
      [Choose CSet: 0.0 ms]
      [Ref Proc: 6.8 ms]
      [Ref Enq: 0.4 ms]
      [Free CSet: 0.3 ms]
   [Eden: 6144.0K(1576.0M)->0.0B(1576.0M) Survivors: 0.0B->0.0B Heap: 2249.3M(2252.0M)->2249.3M(2252.0M)]
 [Times: user=0.25 sys=0.00, real=0.04 secs] 

 Concurrent RS processed 961907 cards
  Of 25508 completed buffers:
        25508 (100.0%) by conc RS threads.
            0 (  0.0%) by mutator threads.
  Conc RS threads times(s)
          0.00     0.00     0.00     0.00     0.00     0.00     0.00     0.00     0.00     0.00     0.00     0.00     0.00     0.00     0.00     0.00     0.00     0.00     0.00
  Total heap region rem set sizes = 8486K.  Max = 180K.
  Static structures = 369K, free_lists = 0K.
    2813722 occupied cards represented.
    Max size region = 1484:(O)[0x00000007c0000000,0x00000007c0100000,0x00000007c0100000], size = 181K, occupied = 902K.
    Did 1280 coarsenings.
 1536.996: [G1Ergonomics (Heap Sizing) attempt heap expansion, reason: allocation request failed, allocation request: 39448 bytes]
 1536.996: [G1Ergonomics (Heap Sizing) expand the heap, requested expansion amount: 1048576 bytes, attempted expansion amount: 1048576 bytes]
 1536.996: [G1Ergonomics (Heap Sizing) did not expand the heap, reason: heap expansion operation failed]
2014-08-01T09:21:56.553-0500: 1536.996: [Full GC 2249M->110M(2252M), 0.8982440 secs]
   [Eden: 0.0B(1576.0M)->0.0B(1801.0M) Survivors: 0.0B->0.0B Heap: 2249.3M(2252.0M)->110.3M(2252.0M)]
 [Times: user=1.23 sys=0.01, real=0.90 secs] 
2014-08-01T09:22:05.190-0500: 1545.633: [GC pause (young) 1545.633: [G1Ergonomics (CSet Construction) start choosing CSet, _pending_cards: 4394, predicted base time: 21.51 ms, remaining time: 78.49 ms, target pause time: 100.00 ms]
 1545.633: [G1Ergonomics (CSet Construction) add young regions to CSet, eden: 1801 regions, survivors: 0 regions, predicted young region time: 7.25 ms]
 1545.633: [G1Ergonomics (CSet Construction) finish choosing CSet, eden: 1801 regions, survivors: 0 regions, old: 0 regions, predicted pause time: 28.75 ms, target pause time: 100.00 ms]
, 0.0398110 secs]
   [Parallel Time: 23.2 ms, GC Workers: 18]
      [GC Worker Start (ms): Min: 1545633.5, Avg: 1545633.7, Max: 1545633.8, Diff: 0.3]
      [Ext Root Scanning (ms): Min: 7.0, Avg: 8.4, Max: 11.6, Diff: 4.6, Sum: 151.7]
      [Update RS (ms): Min: 0.0, Avg: 1.2, Max: 2.9, Diff: 2.9, Sum: 22.4]
         [Processed Buffers: Min: 0, Avg: 8.6, Max: 25, Diff: 25, Sum: 154]
      [Scan RS (ms): Min: 0.2, Avg: 1.3, Max: 10.9, Diff: 10.7, Sum: 23.9]
      [Object Copy (ms): Min: 1.5, Avg: 3.7, Max: 8.5, Diff: 6.9, Sum: 66.5]
      [Termination (ms): Min: 0.0, Avg: 7.2, Max: 8.7, Diff: 8.7, Sum: 129.5]
      [GC Worker Other (ms): Min: 0.0, Avg: 0.2, Max: 0.8, Diff: 0.7, Sum: 3.8]
      [GC Worker Total (ms): Min: 21.7, Avg: 22.1, Max: 22.8, Diff: 1.1, Sum: 397.8]
      [GC Worker End (ms): Min: 1545655.5, Avg: 1545655.8, Max: 1545656.6, Diff: 1.1]
   [Code Root Fixup: 0.0 ms]
   [Clear CT: 1.4 ms]
   [Other: 15.2 ms]
      [Choose CSet: 0.0 ms]
      [Ref Proc: 9.3 ms]
      [Ref Enq: 0.4 ms]
      [Free CSet: 4.8 ms]
   [Eden: 1801.0M(1801.0M)->0.0B(1796.0M) Survivors: 0.0B->5120.0K Heap: 1911.3M(2252.0M)->114.9M(2252.0M)]
 [Times: user=0.40 sys=0.01, real=0.04 secs] 

 Concurrent RS processed 964758 cards
  Of 25662 completed buffers:
        25662 (100.0%) by conc RS threads.
            0 (  0.0%) by mutator threads.
  Conc RS threads times(s)
          0.00     0.00     0.00     0.00     0.00     0.00     0.00     0.00     0.00     0.00     0.00     0.00     0.00     0.00     0.00     0.00     0.00     0.00     0.00
  Total heap region rem set sizes = 6679K.  Max = 28K.
  Static structures = 369K, free_lists = 249K.
    263220 occupied cards represented.
    Max size region = 9:(O)[0x0000000763d00000,0x0000000763dfdd18,0x0000000763e00000], size = 29K, occupied = 77K.
    Did 1280 coarsenings.
2014-08-01T09:22:12.344-0500: 1552.787: [GC pause (young) 1552.787: [G1Ergonomics (CSet Construction) start choosing CSet, _pending_cards: 5784, predicted base time: 22.45 ms, remaining time: 77.55 ms, target pause time: 100.00 ms]
 1552.787: [G1Ergonomics (CSet Construction) add young regions to CSet, eden: 1796 regions, survivors: 5 regions, predicted young region time: 12.54 ms]
 1552.787: [G1Ergonomics (CSet Construction) finish choosing CSet, eden: 1796 regions, survivors: 5 regions, old: 0 regions, predicted pause time: 34.99 ms, target pause time: 100.00 ms]
, 0.0255470 secs]
   [Parallel Time: 13.0 ms, GC Workers: 18]
      [GC Worker Start (ms): Min: 1552787.1, Avg: 1552787.3, Max: 1552787.4, Diff: 0.3]
      [Ext Root Scanning (ms): Min: 3.9, Avg: 5.1, Max: 6.7, Diff: 2.8, Sum: 91.0]
      [Update RS (ms): Min: 0.0, Avg: 0.8, Max: 2.3, Diff: 2.3, Sum: 15.0]
         [Processed Buffers: Min: 0, Avg: 7.9, Max: 34, Diff: 34, Sum: 143]
      [Scan RS (ms): Min: 0.2, Avg: 0.6, Max: 1.0, Diff: 0.7, Sum: 11.4]
      [Object Copy (ms): Min: 4.4, Avg: 5.1, Max: 5.4, Diff: 1.0, Sum: 91.0]
      [Termination (ms): Min: 0.0, Avg: 0.1, Max: 0.1, Diff: 0.1, Sum: 2.2]
      [GC Worker Other (ms): Min: 0.0, Avg: 0.4, Max: 1.0, Diff: 1.0, Sum: 7.9]
      [GC Worker Total (ms): Min: 11.7, Avg: 12.1, Max: 12.8, Diff: 1.1, Sum: 218.5]
      [GC Worker End (ms): Min: 1552799.0, Avg: 1552799.4, Max: 1552800.0, Diff: 1.0]
   [Code Root Fixup: 0.0 ms]
   [Clear CT: 1.6 ms]
   [Other: 11.0 ms]
      [Choose CSet: 0.0 ms]
      [Ref Proc: 7.2 ms]
      [Ref Enq: 0.3 ms]
      [Free CSet: 3.0 ms]
   [Eden: 1796.0M(1796.0M)->0.0B(1792.0M) Survivors: 5120.0K->9216.0K Heap: 1910.9M(2252.0M)->119.2M(2252.0M)]
 [Times: user=0.25 sys=0.01, real=0.03 secs] 

 Concurrent RS processed 966564 cards
  Of 25805 completed buffers:
        25805 (100.0%) by conc RS threads.
            0 (  0.0%) by mutator threads.
  Conc RS threads times(s)
          0.00     0.00     0.00     0.00     0.00     0.00     0.00     0.00     0.00     0.00     0.00     0.00     0.00     0.00     0.00     0.00     0.00     0.00     0.00
  Total heap region rem set sizes = 6682K.  Max = 28K.
  Static structures = 369K, free_lists = 249K.
    263328 occupied cards represented.
    Max size region = 9:(O)[0x0000000763d00000,0x0000000763dfdd18,0x0000000763e00000], size = 29K, occupied = 77K.
    Did 1280 coarsenings.
2014-08-01T09:22:19.579-0500: 1560.023: [GC pause (young) 1560.023: [G1Ergonomics (CSet Construction) start choosing CSet, _pending_cards: 5638, predicted base time: 21.25 ms, remaining time: 78.75 ms, target pause time: 100.00 ms]
 1560.023: [G1Ergonomics (CSet Construction) add young regions to CSet, eden: 1792 regions, survivors: 9 regions, predicted young region time: 16.54 ms]
 1560.023: [G1Ergonomics (CSet Construction) finish choosing CSet, eden: 1792 regions, survivors: 9 regions, old: 0 regions, predicted pause time: 37.78 ms, target pause time: 100.00 ms]
, 0.0458300 secs]
   [Parallel Time: 31.0 ms, GC Workers: 18]
      [GC Worker Start (ms): Min: 1560023.0, Avg: 1560023.1, Max: 1560023.3, Diff: 0.3]
      [Ext Root Scanning (ms): Min: 6.4, Avg: 8.9, Max: 29.7, Diff: 23.3, Sum: 159.4]
      [Update RS (ms): Min: 0.0, Avg: 1.1, Max: 2.7, Diff: 2.7, Sum: 20.3]
         [Processed Buffers: Min: 0, Avg: 7.5, Max: 27, Diff: 27, Sum: 135]
      [Scan RS (ms): Min: 0.2, Avg: 0.8, Max: 1.1, Diff: 0.9, Sum: 14.9]
      [Object Copy (ms): Min: 0.2, Avg: 7.8, Max: 8.9, Diff: 8.8, Sum: 139.8]
      [Termination (ms): Min: 0.0, Avg: 11.8, Max: 12.6, Diff: 12.6, Sum: 212.8]
      [GC Worker Other (ms): Min: 0.0, Avg: 0.2, Max: 0.4, Diff: 0.4, Sum: 3.3]
      [GC Worker Total (ms): Min: 30.3, Avg: 30.6, Max: 30.9, Diff: 0.6, Sum: 550.5]
      [GC Worker End (ms): Min: 1560053.6, Avg: 1560053.7, Max: 1560053.9, Diff: 0.4]
   [Code Root Fixup: 0.0 ms]
   [Clear CT: 2.2 ms]
   [Other: 12.6 ms]
      [Choose CSet: 0.0 ms]
      [Ref Proc: 6.6 ms]
      [Ref Enq: 0.6 ms]
      [Free CSet: 4.8 ms]
   [Eden: 1792.0M(1792.0M)->0.0B(1787.0M) Survivors: 9216.0K->14.0M Heap: 1911.2M(2252.0M)->124.3M(2252.0M)]
 [Times: user=0.57 sys=0.01, real=0.05 secs] 

 Concurrent RS processed 968343 cards
  Of 25940 completed buffers:
        25940 (100.0%) by conc RS threads.
            0 (  0.0%) by mutator threads.
  Conc RS threads times(s)
          0.00     0.00     0.00     0.00     0.00     0.00     0.00     0.00     0.00     0.00     0.00     0.00     0.00     0.00     0.00     0.00     0.00     0.00     0.00
  Total heap region rem set sizes = 6683K.  Max = 28K.
  Static structures = 369K, free_lists = 248K.
    263433 occupied cards represented.
    Max size region = 9:(O)[0x0000000763d00000,0x0000000763dfdd18,0x0000000763e00000], size = 29K, occupied = 77K.
    Did 1280 coarsenings.
2014-08-01T09:22:26.575-0500: 1567.019: [GC pause (young) 1567.019: [G1Ergonomics (CSet Construction) start choosing CSet, _pending_cards: 5170, predicted base time: 21.06 ms, remaining time: 78.94 ms, target pause time: 100.00 ms]
 1567.019: [G1Ergonomics (CSet Construction) add young regions to CSet, eden: 1787 regions, survivors: 14 regions, predicted young region time: 17.97 ms]
 1567.019: [G1Ergonomics (CSet Construction) finish choosing CSet, eden: 1787 regions, survivors: 14 regions, old: 0 regions, predicted pause time: 39.03 ms, target pause time: 100.00 ms]
, 0.0325380 secs]
   [Parallel Time: 19.2 ms, GC Workers: 18]
      [GC Worker Start (ms): Min: 1567018.8, Avg: 1567019.0, Max: 1567019.1, Diff: 0.3]
      [Ext Root Scanning (ms): Min: 5.7, Avg: 7.2, Max: 11.2, Diff: 5.5, Sum: 129.7]
      [Update RS (ms): Min: 0.0, Avg: 1.2, Max: 3.1, Diff: 3.0, Sum: 21.5]
         [Processed Buffers: Min: 0, Avg: 7.6, Max: 25, Diff: 25, Sum: 136]
      [Scan RS (ms): Min: 0.2, Avg: 1.1, Max: 1.3, Diff: 1.1, Sum: 20.6]
      [Object Copy (ms): Min: 6.9, Avg: 8.8, Max: 9.2, Diff: 2.3, Sum: 158.3]
      [Termination (ms): Min: 0.0, Avg: 0.2, Max: 0.2, Diff: 0.2, Sum: 3.2]
      [GC Worker Other (ms): Min: 0.0, Avg: 0.2, Max: 0.4, Diff: 0.4, Sum: 4.5]
      [GC Worker Total (ms): Min: 18.4, Avg: 18.8, Max: 19.0, Diff: 0.6, Sum: 337.8]
      [GC Worker End (ms): Min: 1567037.6, Avg: 1567037.8, Max: 1567037.9, Diff: 0.4]
   [Code Root Fixup: 0.0 ms]
   [Clear CT: 1.8 ms]
   [Other: 11.5 ms]
      [Choose CSet: 0.0 ms]
      [Ref Proc: 5.7 ms]
      [Ref Enq: 0.5 ms]
      [Free CSet: 4.8 ms]
   [Eden: 1787.0M(1787.0M)->0.0B(1790.0M) Survivors: 14.0M->11.0M Heap: 1911.3M(2252.0M)->120.7M(2252.0M)]
 [Times: user=0.38 sys=0.00, real=0.04 secs] 

 Concurrent RS processed 970146 cards
  Of 26076 completed buffers:
        26076 (100.0%) by conc RS threads.
            0 (  0.0%) by mutator threads.
  Conc RS threads times(s)
          0.00     0.00     0.00     0.00     0.00     0.00     0.00     0.00     0.00     0.00     0.00     0.00     0.00     0.00     0.00     0.00     0.00     0.00     0.00
  Total heap region rem set sizes = 6684K.  Max = 28K.
  Static structures = 369K, free_lists = 248K.
    263549 occupied cards represented.
    Max size region = 9:(O)[0x0000000763d00000,0x0000000763dfdd18,0x0000000763e00000], size = 29K, occupied = 77K.
    Did 1280 coarsenings.
2014-08-01T09:22:34.309-0500: 1574.753: [GC pause (young) 1574.753: [G1Ergonomics (CSet Construction) start choosing CSet, _pending_cards: 6078, predicted base time: 20.51 ms, remaining time: 79.49 ms, target pause time: 100.00 ms]
 1574.753: [G1Ergonomics (CSet Construction) add young regions to CSet, eden: 1790 regions, survivors: 11 regions, predicted young region time: 13.63 ms]
 1574.753: [G1Ergonomics (CSet Construction) finish choosing CSet, eden: 1790 regions, survivors: 11 regions, old: 0 regions, predicted pause time: 34.14 ms, target pause time: 100.00 ms]
, 0.0398260 secs]
   [Parallel Time: 24.5 ms, GC Workers: 18]
      [GC Worker Start (ms): Min: 1574753.2, Avg: 1574753.4, Max: 1574753.5, Diff: 0.3]
      [Ext Root Scanning (ms): Min: 5.9, Avg: 7.1, Max: 10.5, Diff: 4.7, Sum: 127.8]
      [Update RS (ms): Min: 0.0, Avg: 1.4, Max: 3.0, Diff: 3.0, Sum: 24.9]
         [Processed Buffers: Min: 0, Avg: 8.2, Max: 22, Diff: 22, Sum: 148]
      [Scan RS (ms): Min: 0.1, Avg: 0.8, Max: 1.0, Diff: 0.9, Sum: 15.1]
      [Object Copy (ms): Min: 5.8, Avg: 7.7, Max: 14.7, Diff: 9.0, Sum: 138.7]
      [Termination (ms): Min: 0.0, Avg: 6.9, Max: 7.4, Diff: 7.4, Sum: 125.0]
      [GC Worker Other (ms): Min: 0.0, Avg: 0.2, Max: 0.3, Diff: 0.3, Sum: 3.0]
      [GC Worker Total (ms): Min: 24.0, Avg: 24.1, Max: 24.4, Diff: 0.4, Sum: 434.5]
      [GC Worker End (ms): Min: 1574777.4, Avg: 1574777.5, Max: 1574777.7, Diff: 0.3]
   [Code Root Fixup: 0.0 ms]
   [Clear CT: 1.9 ms]
   [Other: 13.4 ms]
      [Choose CSet: 0.0 ms]
      [Ref Proc: 5.7 ms]
      [Ref Enq: 0.9 ms]
      [Free CSet: 6.0 ms]
   [Eden: 1790.0M(1790.0M)->0.0B(1791.0M) Survivors: 11.0M->10.0M Heap: 1910.7M(2252.0M)->119.8M(2252.0M)]
 [Times: user=0.46 sys=0.00, real=0.04 secs] 

 Concurrent RS processed 972242 cards
  Of 26224 completed buffers:
        26224 (100.0%) by conc RS threads.
            0 (  0.0%) by mutator threads.
  Conc RS threads times(s)
          0.00     0.00     0.00     0.00     0.00     0.00     0.00     0.00     0.00     0.00     0.00     0.00     0.00     0.00     0.00     0.00     0.00     0.00     0.00
  Total heap region rem set sizes = 6684K.  Max = 28K.
  Static structures = 369K, free_lists = 248K.
    263699 occupied cards represented.
    Max size region = 9:(O)[0x0000000763d00000,0x0000000763dfdd18,0x0000000763e00000], size = 29K, occupied = 77K.
    Did 1280 coarsenings.
2014-08-01T09:22:41.293-0500: 1581.736: [GC pause (young) 1581.736: [G1Ergonomics (CSet Construction) start choosing CSet, _pending_cards: 5652, predicted base time: 19.89 ms, remaining time: 80.11 ms, target pause time: 100.00 ms]
 1581.736: [G1Ergonomics (CSet Construction) add young regions to CSet, eden: 1791 regions, survivors: 10 regions, predicted young region time: 18.38 ms]
 1581.736: [G1Ergonomics (CSet Construction) finish choosing CSet, eden: 1791 regions, survivors: 10 regions, old: 0 regions, predicted pause time: 38.27 ms, target pause time: 100.00 ms]
, 0.0380220 secs]
   [Parallel Time: 21.4 ms, GC Workers: 18]
      [GC Worker Start (ms): Min: 1581736.3, Avg: 1581736.5, Max: 1581736.6, Diff: 0.3]
      [Ext Root Scanning (ms): Min: 5.2, Avg: 7.3, Max: 12.9, Diff: 7.7, Sum: 132.0]
      [Update RS (ms): Min: 0.0, Avg: 1.1, Max: 3.1, Diff: 3.1, Sum: 19.2]
         [Processed Buffers: Min: 0, Avg: 7.8, Max: 20, Diff: 20, Sum: 141]
      [Scan RS (ms): Min: 0.3, Avg: 1.0, Max: 1.9, Diff: 1.6, Sum: 17.5]
      [Object Copy (ms): Min: 2.7, Avg: 8.3, Max: 11.0, Diff: 8.3, Sum: 149.5]
      [Termination (ms): Min: 0.1, Avg: 2.6, Max: 3.5, Diff: 3.4, Sum: 46.3]
      [GC Worker Other (ms): Min: 0.0, Avg: 0.1, Max: 0.3, Diff: 0.2, Sum: 2.2]
      [GC Worker Total (ms): Min: 20.1, Avg: 20.4, Max: 21.2, Diff: 1.1, Sum: 366.6]
      [GC Worker End (ms): Min: 1581756.6, Avg: 1581756.9, Max: 1581757.6, Diff: 1.0]
   [Code Root Fixup: 0.0 ms]
   [Clear CT: 2.1 ms]
   [Other: 14.5 ms]
      [Choose CSet: 0.0 ms]
      [Ref Proc: 8.9 ms]
      [Ref Enq: 0.4 ms]
      [Free CSet: 4.6 ms]
   [Eden: 1791.0M(1791.0M)->0.0B(1785.0M) Survivors: 10.0M->16.0M Heap: 1910.8M(2252.0M)->125.9M(2252.0M)]
 [Times: user=0.41 sys=0.01, real=0.04 secs] 

 Concurrent RS processed 974312 cards
  Of 26365 completed buffers:
        26365 (100.0%) by conc RS threads.
            0 (  0.0%) by mutator threads.
  Conc RS threads times(s)
          0.00     0.00     0.00     0.00     0.00     0.00     0.00     0.00     0.00     0.00     0.00     0.00     0.00     0.00     0.00     0.00     0.00     0.00     0.00
  Total heap region rem set sizes = 6685K.  Max = 28K.
  Static structures = 369K, free_lists = 248K.
    263804 occupied cards represented.
    Max size region = 9:(O)[0x0000000763d00000,0x0000000763dfdd18,0x0000000763e00000], size = 29K, occupied = 77K.
    Did 1280 coarsenings.
2014-08-01T09:22:48.903-0500: 1589.346: [GC pause (young) 1589.346: [G1Ergonomics (CSet Construction) start choosing CSet, _pending_cards: 5368, predicted base time: 20.60 ms, remaining time: 79.40 ms, target pause time: 100.00 ms]
 1589.346: [G1Ergonomics (CSet Construction) add young regions to CSet, eden: 1785 regions, survivors: 16 regions, predicted young region time: 18.06 ms]
 1589.346: [G1Ergonomics (CSet Construction) finish choosing CSet, eden: 1785 regions, survivors: 16 regions, old: 0 regions, predicted pause time: 38.65 ms, target pause time: 100.00 ms]
, 0.0371590 secs]
   [Parallel Time: 19.5 ms, GC Workers: 18]
      [GC Worker Start (ms): Min: 1589346.6, Avg: 1589346.9, Max: 1589347.0, Diff: 0.4]
      [Ext Root Scanning (ms): Min: 5.5, Avg: 6.7, Max: 10.0, Diff: 4.5, Sum: 119.8]
      [Update RS (ms): Min: 0.0, Avg: 1.6, Max: 5.3, Diff: 5.3, Sum: 28.5]
         [Processed Buffers: Min: 0, Avg: 7.6, Max: 20, Diff: 20, Sum: 137]
      [Scan RS (ms): Min: 0.2, Avg: 0.8, Max: 1.1, Diff: 0.9, Sum: 14.2]
      [Object Copy (ms): Min: 7.8, Avg: 9.6, Max: 10.1, Diff: 2.3, Sum: 172.4]
      [Termination (ms): Min: 0.0, Avg: 0.1, Max: 0.1, Diff: 0.1, Sum: 1.4]
      [GC Worker Other (ms): Min: 0.1, Avg: 0.2, Max: 0.4, Diff: 0.4, Sum: 4.2]
      [GC Worker Total (ms): Min: 18.6, Avg: 18.9, Max: 19.2, Diff: 0.6, Sum: 340.5]
      [GC Worker End (ms): Min: 1589365.6, Avg: 1589365.8, Max: 1589366.0, Diff: 0.4]
   [Code Root Fixup: 0.0 ms]
   [Clear CT: 2.1 ms]
   [Other: 15.5 ms]
      [Choose CSet: 0.0 ms]
      [Ref Proc: 9.1 ms]
      [Ref Enq: 0.6 ms]
      [Free CSet: 5.0 ms]
   [Eden: 1785.0M(1785.0M)->0.0B(1787.0M) Survivors: 16.0M->14.0M Heap: 1910.9M(2252.0M)->124.2M(2252.0M)]
 [Times: user=0.43 sys=0.00, real=0.04 secs] 

 Concurrent RS processed 976404 cards
  Of 26502 completed buffers:
        26502 (100.0%) by conc RS threads.
            0 (  0.0%) by mutator threads.
  Conc RS threads times(s)
          0.00     0.00     0.00     0.00     0.00     0.00     0.00     0.00     0.00     0.00     0.00     0.00     0.00     0.00     0.00     0.00     0.00     0.00     0.00
  Total heap region rem set sizes = 6686K.  Max = 28K.
  Static structures = 369K, free_lists = 248K.
    263899 occupied cards represented.
    Max size region = 9:(O)[0x0000000763d00000,0x0000000763dfdd18,0x0000000763e00000], size = 29K, occupied = 77K.
    Did 1280 coarsenings.
2014-08-01T09:22:56.067-0500: 1596.510: [GC pause (young) 1596.511: [G1Ergonomics (CSet Construction) start choosing CSet, _pending_cards: 5350, predicted base time: 21.07 ms, remaining time: 78.93 ms, target pause time: 100.00 ms]
 1596.511: [G1Ergonomics (CSet Construction) add young regions to CSet, eden: 1787 regions, survivors: 14 regions, predicted young region time: 15.10 ms]
 1596.511: [G1Ergonomics (CSet Construction) finish choosing CSet, eden: 1787 regions, survivors: 14 regions, old: 0 regions, predicted pause time: 36.17 ms, target pause time: 100.00 ms]
, 0.0402090 secs]
   [Parallel Time: 21.8 ms, GC Workers: 18]
      [GC Worker Start (ms): Min: 1596510.7, Avg: 1596511.0, Max: 1596511.2, Diff: 0.5]
      [Ext Root Scanning (ms): Min: 6.0, Avg: 7.1, Max: 10.6, Diff: 4.7, Sum: 128.4]
      [Update RS (ms): Min: 0.0, Avg: 1.4, Max: 2.4, Diff: 2.4, Sum: 25.3]
         [Processed Buffers: Min: 0, Avg: 7.3, Max: 24, Diff: 24, Sum: 132]
      [Scan RS (ms): Min: 0.3, Avg: 0.9, Max: 1.0, Diff: 0.7, Sum: 15.6]
      [Object Copy (ms): Min: 8.3, Avg: 9.8, Max: 11.6, Diff: 3.4, Sum: 176.8]
      [Termination (ms): Min: 0.0, Avg: 1.9, Max: 2.0, Diff: 2.0, Sum: 33.8]
      [GC Worker Other (ms): Min: 0.0, Avg: 0.2, Max: 0.4, Diff: 0.4, Sum: 3.7]
      [GC Worker Total (ms): Min: 20.9, Avg: 21.3, Max: 21.7, Diff: 0.8, Sum: 383.6]
      [GC Worker End (ms): Min: 1596532.1, Avg: 1596532.3, Max: 1596532.5, Diff: 0.4]
   [Code Root Fixup: 0.0 ms]
   [Clear CT: 1.6 ms]
   [Other: 16.8 ms]
      [Choose CSet: 0.0 ms]
      [Ref Proc: 10.5 ms]
      [Ref Enq: 0.6 ms]
      [Free CSet: 5.0 ms]
   [Eden: 1787.0M(1787.0M)->0.0B(1776.0M) Survivors: 14.0M->25.0M Heap: 1911.2M(2252.0M)->134.7M(2252.0M)]
 [Times: user=0.46 sys=0.01, real=0.04 secs] 

 Concurrent RS processed 978536 cards
  Of 26634 completed buffers:
        26634 (100.0%) by conc RS threads.
            0 (  0.0%) by mutator threads.
  Conc RS threads times(s)
          0.00     0.00     0.00     0.00     0.00     0.00     0.00     0.00     0.00     0.00     0.00     0.00     0.00     0.00     0.00     0.00     0.00     0.00     0.00
  Total heap region rem set sizes = 6687K.  Max = 28K.
  Static structures = 369K, free_lists = 247K.
    263962 occupied cards represented.
    Max size region = 9:(O)[0x0000000763d00000,0x0000000763dfdd18,0x0000000763e00000], size = 29K, occupied = 77K.
    Did 1280 coarsenings.
2014-08-01T09:23:03.319-0500: 1603.763: [GC pause (young) 1603.763: [G1Ergonomics (CSet Construction) start choosing CSet, _pending_cards: 5359, predicted base time: 21.73 ms, remaining time: 78.27 ms, target pause time: 100.00 ms]
 1603.763: [G1Ergonomics (CSet Construction) add young regions to CSet, eden: 1776 regions, survivors: 25 regions, predicted young region time: 21.24 ms]
 1603.763: [G1Ergonomics (CSet Construction) finish choosing CSet, eden: 1776 regions, survivors: 25 regions, old: 0 regions, predicted pause time: 42.96 ms, target pause time: 100.00 ms]
, 0.0380130 secs]
   [Parallel Time: 19.0 ms, GC Workers: 18]
      [GC Worker Start (ms): Min: 1603763.1, Avg: 1603763.3, Max: 1603763.6, Diff: 0.5]
      [Ext Root Scanning (ms): Min: 4.8, Avg: 6.5, Max: 9.9, Diff: 5.1, Sum: 117.4]
      [Update RS (ms): Min: 0.0, Avg: 1.2, Max: 2.8, Diff: 2.8, Sum: 21.9]
         [Processed Buffers: Min: 0, Avg: 7.9, Max: 28, Diff: 28, Sum: 143]
      [Scan RS (ms): Min: 0.2, Avg: 0.8, Max: 1.2, Diff: 0.9, Sum: 14.6]
      [Object Copy (ms): Min: 7.2, Avg: 9.0, Max: 9.7, Diff: 2.4, Sum: 161.1]
      [Termination (ms): Min: 0.0, Avg: 0.4, Max: 0.5, Diff: 0.5, Sum: 7.3]
      [GC Worker Other (ms): Min: 0.0, Avg: 0.2, Max: 0.4, Diff: 0.3, Sum: 3.2]
      [GC Worker Total (ms): Min: 17.7, Avg: 18.1, Max: 18.5, Diff: 0.8, Sum: 325.5]
      [GC Worker End (ms): Min: 1603781.3, Avg: 1603781.4, Max: 1603781.6, Diff: 0.3]
   [Code Root Fixup: 0.0 ms]
   [Clear CT: 1.9 ms]
   [Other: 17.0 ms]
      [Choose CSet: 0.0 ms]
      [Ref Proc: 10.6 ms]
      [Ref Enq: 0.6 ms]
      [Free CSet: 5.1 ms]
   [Eden: 1776.0M(1776.0M)->0.0B(1783.0M) Survivors: 25.0M->18.0M Heap: 1910.7M(2252.0M)->127.9M(2252.0M)]
 [Times: user=0.39 sys=0.01, real=0.04 secs] 

 Concurrent RS processed 980699 cards
  Of 26777 completed buffers:
        26777 (100.0%) by conc RS threads.
            0 (  0.0%) by mutator threads.
  Conc RS threads times(s)
          0.00     0.00     0.00     0.00     0.00     0.00     0.00     0.00     0.00     0.00     0.00     0.00     0.00     0.00     0.00     0.00     0.00     0.00     0.00
  Total heap region rem set sizes = 6688K.  Max = 28K.
  Static structures = 369K, free_lists = 247K.
    264023 occupied cards represented.
    Max size region = 9:(O)[0x0000000763d00000,0x0000000763dfdd18,0x0000000763e00000], size = 29K, occupied = 77K.
    Did 1280 coarsenings.
2014-08-01T09:23:10.243-0500: 1610.687: [GC pause (young) 1610.687: [G1Ergonomics (CSet Construction) start choosing CSet, _pending_cards: 5858, predicted base time: 22.32 ms, remaining time: 77.68 ms, target pause time: 100.00 ms]
 1610.687: [G1Ergonomics (CSet Construction) add young regions to CSet, eden: 1783 regions, survivors: 18 regions, predicted young region time: 19.71 ms]
 1610.687: [G1Ergonomics (CSet Construction) finish choosing CSet, eden: 1783 regions, survivors: 18 regions, old: 0 regions, predicted pause time: 42.03 ms, target pause time: 100.00 ms]
, 0.0397670 secs]
   [Parallel Time: 24.6 ms, GC Workers: 18]
      [GC Worker Start (ms): Min: 1610687.0, Avg: 1610687.2, Max: 1610687.3, Diff: 0.3]
      [Ext Root Scanning (ms): Min: 5.8, Avg: 6.9, Max: 10.4, Diff: 4.6, Sum: 124.6]
      [Update RS (ms): Min: 0.0, Avg: 1.3, Max: 2.4, Diff: 2.4, Sum: 24.2]
         [Processed Buffers: Min: 0, Avg: 7.7, Max: 23, Diff: 23, Sum: 138]
      [Scan RS (ms): Min: 0.2, Avg: 0.9, Max: 1.5, Diff: 1.2, Sum: 15.6]
      [Object Copy (ms): Min: 8.2, Avg: 9.9, Max: 14.6, Diff: 6.4, Sum: 179.1]
      [Termination (ms): Min: 0.1, Avg: 4.7, Max: 6.0, Diff: 5.9, Sum: 85.5]
      [GC Worker Other (ms): Min: 0.0, Avg: 0.2, Max: 0.4, Diff: 0.3, Sum: 3.4]
      [GC Worker Total (ms): Min: 23.8, Avg: 24.0, Max: 24.3, Diff: 0.5, Sum: 432.3]
      [GC Worker End (ms): Min: 1610711.0, Avg: 1610711.2, Max: 1610711.4, Diff: 0.4]
   [Code Root Fixup: 0.0 ms]
   [Clear CT: 2.0 ms]
   [Other: 13.2 ms]
      [Choose CSet: 0.0 ms]
      [Ref Proc: 6.5 ms]
      [Ref Enq: 0.6 ms]
      [Free CSet: 5.4 ms]
   [Eden: 1783.0M(1783.0M)->0.0B(1781.0M) Survivors: 18.0M->20.0M Heap: 1910.9M(2252.0M)->129.8M(2252.0M)]
 [Times: user=0.48 sys=0.01, real=0.04 secs] 

 Concurrent RS processed 982823 cards
  Of 26915 completed buffers:
        26915 (100.0%) by conc RS threads.
            0 (  0.0%) by mutator threads.
  Conc RS threads times(s)
          0.00     0.00     0.00     0.00     0.00     0.00     0.00     0.00     0.00     0.00     0.00     0.00     0.00     0.00     0.00     0.00     0.00     0.00     0.00
  Total heap region rem set sizes = 6688K.  Max = 28K.
  Static structures = 369K, free_lists = 247K.
    264083 occupied cards represented.
    Max size region = 9:(O)[0x0000000763d00000,0x0000000763dfdd18,0x0000000763e00000], size = 29K, occupied = 77K.
    Did 1280 coarsenings.
2014-08-01T09:23:17.235-0500: 1617.679: [GC pause (young) 1617.679: [G1Ergonomics (CSet Construction) start choosing CSet, _pending_cards: 5373, predicted base time: 21.41 ms, remaining time: 78.59 ms, target pause time: 100.00 ms]
 1617.679: [G1Ergonomics (CSet Construction) add young regions to CSet, eden: 1781 regions, survivors: 20 regions, predicted young region time: 24.50 ms]
 1617.679: [G1Ergonomics (CSet Construction) finish choosing CSet, eden: 1781 regions, survivors: 20 regions, old: 0 regions, predicted pause time: 45.92 ms, target pause time: 100.00 ms]
, 0.0425340 secs]
   [Parallel Time: 23.8 ms, GC Workers: 18]
      [GC Worker Start (ms): Min: 1617679.0, Avg: 1617679.2, Max: 1617679.3, Diff: 0.3]
      [Ext Root Scanning (ms): Min: 4.9, Avg: 6.5, Max: 9.9, Diff: 5.0, Sum: 117.1]
      [Update RS (ms): Min: 0.0, Avg: 1.2, Max: 2.9, Diff: 2.9, Sum: 22.2]
         [Processed Buffers: Min: 0, Avg: 7.8, Max: 21, Diff: 21, Sum: 141]
      [Scan RS (ms): Min: 0.2, Avg: 0.8, Max: 1.0, Diff: 0.8, Sum: 14.6]
      [Object Copy (ms): Min: 8.1, Avg: 10.1, Max: 14.9, Diff: 6.8, Sum: 181.3]
      [Termination (ms): Min: 0.0, Avg: 4.4, Max: 4.8, Diff: 4.8, Sum: 79.9]
      [GC Worker Other (ms): Min: 0.0, Avg: 0.2, Max: 0.4, Diff: 0.3, Sum: 3.3]
      [GC Worker Total (ms): Min: 23.0, Avg: 23.2, Max: 23.5, Diff: 0.5, Sum: 418.4]
      [GC Worker End (ms): Min: 1617702.3, Avg: 1617702.4, Max: 1617702.6, Diff: 0.3]
   [Code Root Fixup: 0.0 ms]
   [Clear CT: 2.1 ms]
   [Other: 16.6 ms]
      [Choose CSet: 0.0 ms]
      [Ref Proc: 10.7 ms]
      [Ref Enq: 0.4 ms]
      [Free CSet: 4.9 ms]
   [Eden: 1781.0M(1781.0M)->0.0B(1783.0M) Survivors: 20.0M->18.0M Heap: 1910.8M(2252.0M)->128.1M(2252.0M)]
 [Times: user=0.52 sys=0.01, real=0.04 secs] 

 Concurrent RS processed 985009 cards
  Of 27056 completed buffers:
        27056 (100.0%) by conc RS threads.
            0 (  0.0%) by mutator threads.
  Conc RS threads times(s)
          0.00     0.00     0.00     0.00     0.00     0.00     0.00     0.00     0.00     0.00     0.00     0.00     0.00     0.00     0.00     0.00     0.00     0.00     0.00
  Total heap region rem set sizes = 6689K.  Max = 28K.
  Static structures = 369K, free_lists = 247K.
    264171 occupied cards represented.
    Max size region = 9:(O)[0x0000000763d00000,0x0000000763dfdd18,0x0000000763e00000], size = 29K, occupied = 77K.
    Did 1280 coarsenings.
2014-08-01T09:23:23.871-0500: 1624.314: [GC pause (young) 1624.314: [G1Ergonomics (CSet Construction) start choosing CSet, _pending_cards: 5841, predicted base time: 21.92 ms, remaining time: 78.08 ms, target pause time: 100.00 ms]
 1624.315: [G1Ergonomics (CSet Construction) add young regions to CSet, eden: 1783 regions, survivors: 18 regions, predicted young region time: 29.27 ms]
 1624.315: [G1Ergonomics (CSet Construction) finish choosing CSet, eden: 1783 regions, survivors: 18 regions, old: 0 regions, predicted pause time: 51.19 ms, target pause time: 100.00 ms]
, 0.0355780 secs]
   [Parallel Time: 19.8 ms, GC Workers: 18]
      [GC Worker Start (ms): Min: 1624314.7, Avg: 1624314.9, Max: 1624315.1, Diff: 0.3]
      [Ext Root Scanning (ms): Min: 6.0, Avg: 7.0, Max: 10.0, Diff: 4.0, Sum: 126.1]
      [Update RS (ms): Min: 0.0, Avg: 1.5, Max: 2.6, Diff: 2.6, Sum: 26.4]
         [Processed Buffers: Min: 0, Avg: 7.9, Max: 24, Diff: 24, Sum: 143]
      [Scan RS (ms): Min: 0.4, Avg: 0.9, Max: 1.1, Diff: 0.7, Sum: 15.7]
      [Object Copy (ms): Min: 7.6, Avg: 9.0, Max: 9.9, Diff: 2.3, Sum: 162.0]
      [Termination (ms): Min: 0.0, Avg: 0.9, Max: 1.0, Diff: 1.0, Sum: 15.8]
      [GC Worker Other (ms): Min: 0.0, Avg: 0.2, Max: 0.4, Diff: 0.3, Sum: 3.4]
      [GC Worker Total (ms): Min: 19.2, Avg: 19.4, Max: 19.6, Diff: 0.4, Sum: 349.5]
      [GC Worker End (ms): Min: 1624334.2, Avg: 1624334.3, Max: 1624334.5, Diff: 0.3]
   [Code Root Fixup: 0.0 ms]
   [Clear CT: 2.0 ms]
   [Other: 13.8 ms]
      [Choose CSet: 0.0 ms]
      [Ref Proc: 7.6 ms]
      [Ref Enq: 0.5 ms]
      [Free CSet: 5.0 ms]
   [Eden: 1783.0M(1783.0M)->0.0B(1786.0M) Survivors: 18.0M->15.0M Heap: 1911.1M(2252.0M)->125.3M(2252.0M)]
 [Times: user=0.41 sys=0.01, real=0.04 secs] 

 Concurrent RS processed 987251 cards
  Of 27199 completed buffers:
        27199 (100.0%) by conc RS threads.
            0 (  0.0%) by mutator threads.
  Conc RS threads times(s)
          0.00     0.00     0.00     0.00     0.00     0.00     0.00     0.00     0.00     0.00     0.00     0.00     0.00     0.00     0.00     0.00     0.00     0.00     0.00
  Total heap region rem set sizes = 6690K.  Max = 28K.
  Static structures = 369K, free_lists = 246K.
    264232 occupied cards represented.
    Max size region = 9:(O)[0x0000000763d00000,0x0000000763dfdd18,0x0000000763e00000], size = 29K, occupied = 77K.
    Did 1280 coarsenings.
2014-08-01T09:23:31.493-0500: 1631.936: [GC pause (young) 1631.936: [G1Ergonomics (CSet Construction) start choosing CSet, _pending_cards: 5353, predicted base time: 21.30 ms, remaining time: 78.70 ms, target pause time: 100.00 ms]
 1631.936: [G1Ergonomics (CSet Construction) add young regions to CSet, eden: 1786 regions, survivors: 15 regions, predicted young region time: 12.64 ms]
 1631.936: [G1Ergonomics (CSet Construction) finish choosing CSet, eden: 1786 regions, survivors: 15 regions, old: 0 regions, predicted pause time: 33.95 ms, target pause time: 100.00 ms]
, 0.0383920 secs]
   [Parallel Time: 24.1 ms, GC Workers: 18]
      [GC Worker Start (ms): Min: 1631936.6, Avg: 1631936.7, Max: 1631936.9, Diff: 0.3]
      [Ext Root Scanning (ms): Min: 4.9, Avg: 6.5, Max: 10.3, Diff: 5.5, Sum: 117.8]
      [Update RS (ms): Min: 0.0, Avg: 1.3, Max: 3.2, Diff: 3.2, Sum: 23.1]
         [Processed Buffers: Min: 0, Avg: 7.9, Max: 30, Diff: 30, Sum: 143]
      [Scan RS (ms): Min: 0.2, Avg: 0.8, Max: 1.1, Diff: 0.9, Sum: 15.1]
      [Object Copy (ms): Min: 6.1, Avg: 8.5, Max: 14.8, Diff: 8.8, Sum: 153.7]
      [Termination (ms): Min: 0.0, Avg: 6.2, Max: 7.1, Diff: 7.1, Sum: 111.7]
      [GC Worker Other (ms): Min: 0.0, Avg: 0.1, Max: 0.3, Diff: 0.3, Sum: 2.6]
      [GC Worker Total (ms): Min: 23.3, Avg: 23.6, Max: 23.8, Diff: 0.4, Sum: 424.1]
      [GC Worker End (ms): Min: 1631960.2, Avg: 1631960.3, Max: 1631960.6, Diff: 0.5]
   [Code Root Fixup: 0.0 ms]
   [Clear CT: 2.2 ms]
   [Other: 12.1 ms]
      [Choose CSet: 0.0 ms]
      [Ref Proc: 6.1 ms]
      [Ref Enq: 0.4 ms]
      [Free CSet: 4.9 ms]
   [Eden: 1786.0M(1786.0M)->0.0B(1779.0M) Survivors: 15.0M->22.0M Heap: 1911.3M(2252.0M)->131.8M(2252.0M)]
 [Times: user=0.47 sys=0.01, real=0.04 secs] 

 Concurrent RS processed 989519 cards
  Of 27342 completed buffers:
        27342 (100.0%) by conc RS threads.
            0 (  0.0%) by mutator threads.
  Conc RS threads times(s)
          0.00     0.00     0.00     0.00     0.00     0.00     0.00     0.00     0.00     0.00     0.00     0.00     0.00     0.00     0.00     0.00     0.00     0.00     0.00
  Total heap region rem set sizes = 6690K.  Max = 28K.
  Static structures = 369K, free_lists = 246K.
    264299 occupied cards represented.
    Max size region = 9:(O)[0x0000000763d00000,0x0000000763dfdd18,0x0000000763e00000], size = 29K, occupied = 77K.
    Did 1280 coarsenings.
2014-08-01T09:23:38.582-0500: 1639.025: [GC pause (young) 1639.026: [G1Ergonomics (CSet Construction) start choosing CSet, _pending_cards: 5432, predicted base time: 20.57 ms, remaining time: 79.43 ms, target pause time: 100.00 ms]
 1639.026: [G1Ergonomics (CSet Construction) add young regions to CSet, eden: 1779 regions, survivors: 22 regions, predicted young region time: 20.98 ms]
 1639.026: [G1Ergonomics (CSet Construction) finish choosing CSet, eden: 1779 regions, survivors: 22 regions, old: 0 regions, predicted pause time: 41.55 ms, target pause time: 100.00 ms]
, 0.0342460 secs]
   [Parallel Time: 18.6 ms, GC Workers: 18]
      [GC Worker Start (ms): Min: 1639025.8, Avg: 1639026.0, Max: 1639026.1, Diff: 0.3]
      [Ext Root Scanning (ms): Min: 6.1, Avg: 6.8, Max: 8.4, Diff: 2.3, Sum: 121.7]
      [Update RS (ms): Min: 0.0, Avg: 1.3, Max: 2.2, Diff: 2.2, Sum: 23.0]
         [Processed Buffers: Min: 0, Avg: 7.7, Max: 23, Diff: 23, Sum: 138]
      [Scan RS (ms): Min: 0.3, Avg: 0.8, Max: 1.1, Diff: 0.8, Sum: 15.2]
      [Object Copy (ms): Min: 7.5, Avg: 8.8, Max: 9.2, Diff: 1.8, Sum: 158.2]
      [Termination (ms): Min: 0.0, Avg: 0.1, Max: 0.1, Diff: 0.1, Sum: 1.6]
      [GC Worker Other (ms): Min: 0.0, Avg: 0.2, Max: 0.4, Diff: 0.4, Sum: 4.4]
      [GC Worker Total (ms): Min: 17.7, Avg: 18.0, Max: 18.3, Diff: 0.6, Sum: 324.1]
      [GC Worker End (ms): Min: 1639043.8, Avg: 1639044.0, Max: 1639044.2, Diff: 0.4]
   [Code Root Fixup: 0.0 ms]
   [Clear CT: 2.0 ms]
   [Other: 13.6 ms]
      [Choose CSet: 0.0 ms]
      [Ref Proc: 7.6 ms]
      [Ref Enq: 0.4 ms]
      [Free CSet: 5.0 ms]
   [Eden: 1779.0M(1779.0M)->0.0B(1784.0M) Survivors: 22.0M->17.0M Heap: 1910.8M(2252.0M)->126.6M(2252.0M)]
 [Times: user=0.40 sys=0.00, real=0.03 secs] 

 Concurrent RS processed 991685 cards
  Of 27480 completed buffers:
        27480 (100.0%) by conc RS threads.
            0 (  0.0%) by mutator threads.
  Conc RS threads times(s)
          0.00     0.00     0.00     0.00     0.00     0.00     0.00     0.00     0.00     0.00     0.00     0.00     0.00     0.00     0.00     0.00     0.00     0.00     0.00
  Total heap region rem set sizes = 6692K.  Max = 28K.
  Static structures = 369K, free_lists = 246K.
    264365 occupied cards represented.
    Max size region = 9:(O)[0x0000000763d00000,0x0000000763dfdd18,0x0000000763e00000], size = 29K, occupied = 77K.
    Did 1280 coarsenings.
2014-08-01T09:23:45.797-0500: 1646.241: [GC pause (young) 1646.241: [G1Ergonomics (CSet Construction) start choosing CSet, _pending_cards: 5601, predicted base time: 20.36 ms, remaining time: 79.64 ms, target pause time: 100.00 ms]
 1646.241: [G1Ergonomics (CSet Construction) add young regions to CSet, eden: 1784 regions, survivors: 17 regions, predicted young region time: 18.57 ms]
 1646.241: [G1Ergonomics (CSet Construction) finish choosing CSet, eden: 1784 regions, survivors: 17 regions, old: 0 regions, predicted pause time: 38.93 ms, target pause time: 100.00 ms]
, 0.0229580 secs]
   [Parallel Time: 9.8 ms, GC Workers: 18]
      [GC Worker Start (ms): Min: 1646241.2, Avg: 1646241.3, Max: 1646241.5, Diff: 0.3]
      [Ext Root Scanning (ms): Min: 3.2, Avg: 3.8, Max: 5.8, Diff: 2.7, Sum: 69.1]
      [Update RS (ms): Min: 0.0, Avg: 0.7, Max: 1.3, Diff: 1.3, Sum: 13.1]
         [Processed Buffers: Min: 0, Avg: 7.8, Max: 32, Diff: 32, Sum: 140]
      [Scan RS (ms): Min: 0.1, Avg: 0.5, Max: 0.6, Diff: 0.5, Sum: 8.6]
      [Object Copy (ms): Min: 3.3, Avg: 4.1, Max: 4.3, Diff: 1.0, Sum: 74.2]
      [Termination (ms): Min: 0.0, Avg: 0.0, Max: 0.1, Diff: 0.1, Sum: 0.8]
      [GC Worker Other (ms): Min: 0.0, Avg: 0.2, Max: 0.3, Diff: 0.2, Sum: 2.9]
      [GC Worker Total (ms): Min: 9.2, Avg: 9.4, Max: 9.6, Diff: 0.4, Sum: 168.8]
      [GC Worker End (ms): Min: 1646250.6, Avg: 1646250.7, Max: 1646250.8, Diff: 0.2]
   [Code Root Fixup: 0.0 ms]
   [Clear CT: 1.3 ms]
   [Other: 11.9 ms]
      [Choose CSet: 0.0 ms]
      [Ref Proc: 5.8 ms]
      [Ref Enq: 0.4 ms]
      [Free CSet: 5.1 ms]
   [Eden: 1784.0M(1784.0M)->0.0B(1786.0M) Survivors: 17.0M->15.0M Heap: 1910.6M(2252.0M)->125.2M(2252.0M)]
 [Times: user=0.21 sys=0.00, real=0.03 secs] 

 Concurrent RS processed 993797 cards
  Of 27620 completed buffers:
        27620 (100.0%) by conc RS threads.
            0 (  0.0%) by mutator threads.
  Conc RS threads times(s)
          0.00     0.00     0.00     0.00     0.00     0.00     0.00     0.00     0.00     0.00     0.00     0.00     0.00     0.00     0.00     0.00     0.00     0.00     0.00
  Total heap region rem set sizes = 6692K.  Max = 28K.
  Static structures = 369K, free_lists = 246K.
    264422 occupied cards represented.
    Max size region = 9:(O)[0x0000000763d00000,0x0000000763dfdd18,0x0000000763e00000], size = 29K, occupied = 77K.
    Did 1280 coarsenings.
2014-08-01T09:23:52.565-0500: 1653.009: [GC pause (young) 1653.009: [G1Ergonomics (CSet Construction) start choosing CSet, _pending_cards: 5341, predicted base time: 19.01 ms, remaining time: 80.99 ms, target pause time: 100.00 ms]
 1653.009: [G1Ergonomics (CSet Construction) add young regions to CSet, eden: 1786 regions, survivors: 15 regions, predicted young region time: 12.08 ms]
 1653.009: [G1Ergonomics (CSet Construction) finish choosing CSet, eden: 1786 regions, survivors: 15 regions, old: 0 regions, predicted pause time: 31.09 ms, target pause time: 100.00 ms]
, 0.0350340 secs]
   [Parallel Time: 21.0 ms, GC Workers: 18]
      [GC Worker Start (ms): Min: 1653009.1, Avg: 1653009.3, Max: 1653009.5, Diff: 0.3]
      [Ext Root Scanning (ms): Min: 4.5, Avg: 7.0, Max: 17.1, Diff: 12.6, Sum: 126.1]
      [Update RS (ms): Min: 0.0, Avg: 1.4, Max: 3.3, Diff: 3.3, Sum: 25.3]
         [Processed Buffers: Min: 0, Avg: 7.4, Max: 25, Diff: 25, Sum: 134]
      [Scan RS (ms): Min: 0.3, Avg: 0.8, Max: 1.0, Diff: 0.8, Sum: 15.1]
      [Object Copy (ms): Min: 2.4, Avg: 10.8, Max: 11.7, Diff: 9.2, Sum: 193.6]
      [Termination (ms): Min: 0.0, Avg: 0.2, Max: 0.5, Diff: 0.5, Sum: 3.8]
      [GC Worker Other (ms): Min: 0.1, Avg: 0.2, Max: 0.4, Diff: 0.4, Sum: 4.1]
      [GC Worker Total (ms): Min: 20.3, Avg: 20.4, Max: 20.8, Diff: 0.5, Sum: 367.9]
      [GC Worker End (ms): Min: 1653029.6, Avg: 1653029.7, Max: 1653029.9, Diff: 0.4]
   [Code Root Fixup: 0.0 ms]
   [Clear CT: 2.0 ms]
   [Other: 12.1 ms]
      [Choose CSet: 0.0 ms]
      [Ref Proc: 6.0 ms]
      [Ref Enq: 0.5 ms]
      [Free CSet: 4.9 ms]
   [Eden: 1786.0M(1786.0M)->0.0B(1778.0M) Survivors: 15.0M->23.0M Heap: 1911.2M(2252.0M)->133.7M(2252.0M)]
 [Times: user=0.41 sys=0.01, real=0.04 secs] 

 Concurrent RS processed 996032 cards
  Of 27754 completed buffers:
        27754 (100.0%) by conc RS threads.
            0 (  0.0%) by mutator threads.
  Conc RS threads times(s)
          0.00     0.00     0.00     0.00     0.00     0.00     0.00     0.00     0.00     0.00     0.00     0.00     0.00     0.00     0.00     0.00     0.00     0.00     0.00
  Total heap region rem set sizes = 6693K.  Max = 28K.
  Static structures = 369K, free_lists = 246K.
    264477 occupied cards represented.
    Max size region = 9:(O)[0x0000000763d00000,0x0000000763dfdd18,0x0000000763e00000], size = 29K, occupied = 77K.
    Did 1280 coarsenings.
2014-08-01T09:23:59.741-0500: 1660.184: [GC pause (young) 1660.184: [G1Ergonomics (CSet Construction) start choosing CSet, _pending_cards: 5590, predicted base time: 19.01 ms, remaining time: 80.99 ms, target pause time: 100.00 ms]
 1660.184: [G1Ergonomics (CSet Construction) add young regions to CSet, eden: 1778 regions, survivors: 23 regions, predicted young region time: 22.79 ms]
 1660.184: [G1Ergonomics (CSet Construction) finish choosing CSet, eden: 1778 regions, survivors: 23 regions, old: 0 regions, predicted pause time: 41.80 ms, target pause time: 100.00 ms]
, 0.0266740 secs]
   [Parallel Time: 14.9 ms, GC Workers: 18]
      [GC Worker Start (ms): Min: 1660184.5, Avg: 1660184.6, Max: 1660184.7, Diff: 0.2]
      [Ext Root Scanning (ms): Min: 4.3, Avg: 6.9, Max: 12.5, Diff: 8.2, Sum: 125.0]
      [Update RS (ms): Min: 0.0, Avg: 1.3, Max: 4.6, Diff: 4.6, Sum: 24.3]
         [Processed Buffers: Min: 0, Avg: 7.7, Max: 15, Diff: 15, Sum: 138]
      [Scan RS (ms): Min: 0.1, Avg: 0.6, Max: 0.9, Diff: 0.8, Sum: 11.2]
      [Object Copy (ms): Min: 1.7, Avg: 5.4, Max: 6.6, Diff: 4.9, Sum: 97.1]
      [Termination (ms): Min: 0.0, Avg: 0.2, Max: 0.2, Diff: 0.2, Sum: 2.7]
      [GC Worker Other (ms): Min: 0.0, Avg: 0.2, Max: 0.3, Diff: 0.3, Sum: 2.8]
      [GC Worker Total (ms): Min: 14.4, Avg: 14.6, Max: 14.8, Diff: 0.3, Sum: 263.1]
      [GC Worker End (ms): Min: 1660199.1, Avg: 1660199.2, Max: 1660199.3, Diff: 0.3]
   [Code Root Fixup: 0.0 ms]
   [Clear CT: 1.3 ms]
   [Other: 10.5 ms]
      [Choose CSet: 0.0 ms]
      [Ref Proc: 4.2 ms]
      [Ref Enq: 0.5 ms]
      [Free CSet: 5.1 ms]
   [Eden: 1778.0M(1778.0M)->0.0B(1782.0M) Survivors: 23.0M->19.0M Heap: 1911.7M(2252.0M)->130.1M(2252.0M)]
 [Times: user=0.26 sys=0.00, real=0.02 secs] 

 Concurrent RS processed 998784 cards
  Of 27892 completed buffers:
        27892 (100.0%) by conc RS threads.
            0 (  0.0%) by mutator threads.
  Conc RS threads times(s)
          0.00     0.00     0.00     0.00     0.00     0.00     0.00     0.00     0.00     0.00     0.00     0.00     0.00     0.00     0.00     0.00     0.00     0.00     0.00
  Total heap region rem set sizes = 6705K.  Max = 29K.
  Static structures = 369K, free_lists = 242K.
    266273 occupied cards represented.
    Max size region = 9:(O)[0x0000000763d00000,0x0000000763dfdd18,0x0000000763e00000], size = 30K, occupied = 77K.
    Did 1280 coarsenings.
2014-08-01T09:24:07.463-0500: 1667.906: [GC pause (young) 1667.906: [G1Ergonomics (CSet Construction) start choosing CSet, _pending_cards: 5830, predicted base time: 18.24 ms, remaining time: 81.76 ms, target pause time: 100.00 ms]
 1667.906: [G1Ergonomics (CSet Construction) add young regions to CSet, eden: 1782 regions, survivors: 19 regions, predicted young region time: 16.33 ms]
 1667.906: [G1Ergonomics (CSet Construction) finish choosing CSet, eden: 1782 regions, survivors: 19 regions, old: 0 regions, predicted pause time: 34.56 ms, target pause time: 100.00 ms]
, 0.0359890 secs]
   [Parallel Time: 21.4 ms, GC Workers: 18]
      [GC Worker Start (ms): Min: 1667906.3, Avg: 1667906.5, Max: 1667906.6, Diff: 0.3]
      [Ext Root Scanning (ms): Min: 6.1, Avg: 7.8, Max: 11.4, Diff: 5.3, Sum: 139.7]
      [Update RS (ms): Min: 0.0, Avg: 1.2, Max: 2.7, Diff: 2.7, Sum: 21.6]
         [Processed Buffers: Min: 0, Avg: 7.7, Max: 28, Diff: 28, Sum: 139]
      [Scan RS (ms): Min: 0.2, Avg: 0.8, Max: 1.0, Diff: 0.8, Sum: 14.6]
      [Object Copy (ms): Min: 8.7, Avg: 10.5, Max: 11.2, Diff: 2.5, Sum: 189.5]
      [Termination (ms): Min: 0.0, Avg: 0.3, Max: 0.4, Diff: 0.3, Sum: 4.9]
      [GC Worker Other (ms): Min: 0.0, Avg: 0.2, Max: 0.4, Diff: 0.4, Sum: 3.8]
      [GC Worker Total (ms): Min: 20.5, Avg: 20.8, Max: 20.9, Diff: 0.5, Sum: 374.1]
      [GC Worker End (ms): Min: 1667927.1, Avg: 1667927.2, Max: 1667927.4, Diff: 0.4]
   [Code Root Fixup: 0.0 ms]
   [Clear CT: 1.8 ms]
   [Other: 12.8 ms]
      [Choose CSet: 0.0 ms]
      [Ref Proc: 6.6 ms]
      [Ref Enq: 0.5 ms]
      [Free CSet: 5.1 ms]
   [Eden: 1782.0M(1782.0M)->0.0B(1790.0M) Survivors: 19.0M->11.0M Heap: 1912.1M(2252.0M)->122.6M(2252.0M)]
 [Times: user=0.41 sys=0.01, real=0.03 secs] 

 Concurrent RS processed 1001060 cards
  Of 28031 completed buffers:
        28031 (100.0%) by conc RS threads.
            0 (  0.0%) by mutator threads.
  Conc RS threads times(s)
          0.00     0.00     0.00     0.00     0.00     0.00     0.00     0.00     0.00     0.00     0.00     0.00     0.00     0.00     0.00     0.00     0.00     0.00     0.00
  Total heap region rem set sizes = 6712K.  Max = 29K.
  Static structures = 369K, free_lists = 240K.
    267240 occupied cards represented.
    Max size region = 9:(O)[0x0000000763d00000,0x0000000763dfdd18,0x0000000763e00000], size = 30K, occupied = 77K.
    Did 1280 coarsenings.
2014-08-01T09:24:14.321-0500: 1674.765: [GC pause (young) 1674.765: [G1Ergonomics (CSet Construction) start choosing CSet, _pending_cards: 5371, predicted base time: 18.65 ms, remaining time: 81.35 ms, target pause time: 100.00 ms]
 1674.765: [G1Ergonomics (CSet Construction) add young regions to CSet, eden: 1790 regions, survivors: 11 regions, predicted young region time: 17.92 ms]
 1674.765: [G1Ergonomics (CSet Construction) finish choosing CSet, eden: 1790 regions, survivors: 11 regions, old: 0 regions, predicted pause time: 36.57 ms, target pause time: 100.00 ms]
, 0.0362250 secs]
   [Parallel Time: 21.1 ms, GC Workers: 18]
      [GC Worker Start (ms): Min: 1674764.9, Avg: 1674765.1, Max: 1674765.2, Diff: 0.3]
      [Ext Root Scanning (ms): Min: 6.2, Avg: 7.5, Max: 14.5, Diff: 8.3, Sum: 135.0]
      [Update RS (ms): Min: 0.0, Avg: 0.8, Max: 2.4, Diff: 2.4, Sum: 15.1]
         [Processed Buffers: Min: 0, Avg: 7.7, Max: 27, Diff: 27, Sum: 139]
      [Scan RS (ms): Min: 0.2, Avg: 0.6, Max: 0.8, Diff: 0.6, Sum: 11.3]
      [Object Copy (ms): Min: 0.8, Avg: 7.1, Max: 11.6, Diff: 10.8, Sum: 127.3]
      [Termination (ms): Min: 0.0, Avg: 4.5, Max: 4.8, Diff: 4.8, Sum: 81.4]
      [GC Worker Other (ms): Min: 0.0, Avg: 0.2, Max: 0.3, Diff: 0.3, Sum: 3.0]
      [GC Worker Total (ms): Min: 20.6, Avg: 20.7, Max: 21.0, Diff: 0.4, Sum: 373.1]
      [GC Worker End (ms): Min: 1674785.7, Avg: 1674785.8, Max: 1674786.0, Diff: 0.3]
   [Code Root Fixup: 0.0 ms]
   [Clear CT: 1.5 ms]
   [Other: 13.6 ms]
      [Choose CSet: 0.0 ms]
      [Ref Proc: 7.7 ms]
      [Ref Enq: 0.4 ms]
      [Free CSet: 4.9 ms]
   [Eden: 1790.0M(1790.0M)->0.0B(1789.0M) Survivors: 11.0M->12.0M Heap: 1912.6M(2252.0M)->123.5M(2252.0M)]
 [Times: user=0.40 sys=0.01, real=0.04 secs] 

 Concurrent RS processed 1003370 cards
  Of 28170 completed buffers:
        28170 (100.0%) by conc RS threads.
            0 (  0.0%) by mutator threads.
  Conc RS threads times(s)
          0.00     0.00     0.00     0.00     0.00     0.00     0.00     0.00     0.00     0.00     0.00     0.00     0.00     0.00     0.00     0.00     0.00     0.00     0.00
  Total heap region rem set sizes = 6712K.  Max = 29K.
  Static structures = 369K, free_lists = 240K.
    267607 occupied cards represented.
    Max size region = 9:(O)[0x0000000763d00000,0x0000000763dfdd18,0x0000000763e00000], size = 30K, occupied = 77K.
    Did 1280 coarsenings.
2014-08-01T09:24:21.534-0500: 1681.978: [GC pause (young) 1681.978: [G1Ergonomics (CSet Construction) start choosing CSet, _pending_cards: 5358, predicted base time: 18.98 ms, remaining time: 81.02 ms, target pause time: 100.00 ms]
 1681.978: [G1Ergonomics (CSet Construction) add young regions to CSet, eden: 1789 regions, survivors: 12 regions, predicted young region time: 14.83 ms]
 1681.978: [G1Ergonomics (CSet Construction) finish choosing CSet, eden: 1789 regions, survivors: 12 regions, old: 0 regions, predicted pause time: 33.81 ms, target pause time: 100.00 ms]
, 0.0435980 secs]
   [Parallel Time: 22.7 ms, GC Workers: 18]
      [GC Worker Start (ms): Min: 1681978.2, Avg: 1681978.3, Max: 1681978.5, Diff: 0.3]
      [Ext Root Scanning (ms): Min: 6.8, Avg: 10.3, Max: 21.4, Diff: 14.6, Sum: 184.5]
      [Update RS (ms): Min: 0.0, Avg: 1.4, Max: 5.0, Diff: 5.0, Sum: 26.0]
         [Processed Buffers: Min: 0, Avg: 7.8, Max: 25, Diff: 25, Sum: 141]
      [Scan RS (ms): Min: 0.2, Avg: 0.8, Max: 1.8, Diff: 1.5, Sum: 14.3]
      [Object Copy (ms): Min: 0.3, Avg: 9.4, Max: 14.8, Diff: 14.5, Sum: 168.5]
      [Termination (ms): Min: 0.0, Avg: 0.3, Max: 0.3, Diff: 0.3, Sum: 4.7]
      [GC Worker Other (ms): Min: 0.0, Avg: 0.2, Max: 0.4, Diff: 0.3, Sum: 3.4]
      [GC Worker Total (ms): Min: 22.0, Avg: 22.3, Max: 22.6, Diff: 0.5, Sum: 401.4]
      [GC Worker End (ms): Min: 1682000.5, Avg: 1682000.6, Max: 1682000.8, Diff: 0.3]
   [Code Root Fixup: 0.0 ms]
   [Clear CT: 1.8 ms]
   [Other: 19.1 ms]
      [Choose CSet: 0.0 ms]
      [Ref Proc: 12.5 ms]
      [Ref Enq: 0.5 ms]
      [Free CSet: 5.4 ms]
   [Eden: 1789.0M(1789.0M)->0.0B(1777.0M) Survivors: 12.0M->24.0M Heap: 1912.5M(2252.0M)->135.5M(2252.0M)]
 [Times: user=0.41 sys=0.01, real=0.04 secs] 

 Concurrent RS processed 1005725 cards
  Of 28311 completed buffers:
        28311 (100.0%) by conc RS threads.
            0 (  0.0%) by mutator threads.
  Conc RS threads times(s)
          0.00     0.00     0.00     0.00     0.00     0.00     0.00     0.00     0.00     0.00     0.00     0.00     0.00     0.00     0.00     0.00     0.00     0.00     0.00
  Total heap region rem set sizes = 6714K.  Max = 29K.
  Static structures = 369K, free_lists = 239K.
    268109 occupied cards represented.
    Max size region = 9:(O)[0x0000000763d00000,0x0000000763dfdd18,0x0000000763e00000], size = 30K, occupied = 77K.
    Did 1280 coarsenings.
2014-08-01T09:24:28.754-0500: 1689.197: [GC pause (young) 1689.197: [G1Ergonomics (CSet Construction) start choosing CSet, _pending_cards: 5326, predicted base time: 22.92 ms, remaining time: 77.08 ms, target pause time: 100.00 ms]
 1689.197: [G1Ergonomics (CSet Construction) add young regions to CSet, eden: 1777 regions, survivors: 24 regions, predicted young region time: 13.93 ms]
 1689.197: [G1Ergonomics (CSet Construction) finish choosing CSet, eden: 1777 regions, survivors: 24 regions, old: 0 regions, predicted pause time: 36.85 ms, target pause time: 100.00 ms]
, 0.0401350 secs]
   [Parallel Time: 23.9 ms, GC Workers: 18]
      [GC Worker Start (ms): Min: 1689197.3, Avg: 1689197.5, Max: 1689197.7, Diff: 0.4]
      [Ext Root Scanning (ms): Min: 5.8, Avg: 7.7, Max: 12.2, Diff: 6.4, Sum: 138.9]
      [Update RS (ms): Min: 0.0, Avg: 1.3, Max: 3.3, Diff: 3.3, Sum: 23.7]
         [Processed Buffers: Min: 0, Avg: 7.4, Max: 33, Diff: 33, Sum: 133]
      [Scan RS (ms): Min: 0.2, Avg: 0.8, Max: 1.0, Diff: 0.8, Sum: 13.5]
      [Object Copy (ms): Min: 9.9, Avg: 12.5, Max: 13.6, Diff: 3.7, Sum: 225.0]
      [Termination (ms): Min: 0.2, Avg: 0.7, Max: 0.8, Diff: 0.6, Sum: 12.2]
      [GC Worker Other (ms): Min: 0.1, Avg: 0.3, Max: 0.4, Diff: 0.4, Sum: 4.7]
      [GC Worker Total (ms): Min: 23.0, Avg: 23.2, Max: 23.4, Diff: 0.5, Sum: 418.0]
      [GC Worker End (ms): Min: 1689220.5, Avg: 1689220.7, Max: 1689220.9, Diff: 0.4]
   [Code Root Fixup: 0.0 ms]
   [Clear CT: 2.1 ms]
   [Other: 14.2 ms]
      [Choose CSet: 0.0 ms]
      [Ref Proc: 7.9 ms]
      [Ref Enq: 0.6 ms]
      [Free CSet: 5.1 ms]
   [Eden: 1777.0M(1777.0M)->0.0B(1782.0M) Survivors: 24.0M->19.0M Heap: 1912.5M(2252.0M)->130.6M(2252.0M)]
 [Times: user=0.45 sys=0.00, real=0.04 secs] 

 Concurrent RS processed 1007982 cards
  Of 28444 completed buffers:
        28444 (100.0%) by conc RS threads.
            0 (  0.0%) by mutator threads.
  Conc RS threads times(s)
          0.00     0.00     0.00     0.00     0.00     0.00     0.00     0.00     0.00     0.00     0.00     0.00     0.00     0.00     0.00     0.00     0.00     0.00     0.00
  Total heap region rem set sizes = 6715K.  Max = 29K.
  Static structures = 369K, free_lists = 239K.
    268749 occupied cards represented.
    Max size region = 9:(O)[0x0000000763d00000,0x0000000763dfdd18,0x0000000763e00000], size = 30K, occupied = 77K.
    Did 1280 coarsenings.
2014-08-01T09:24:36.174-0500: 1696.618: [GC pause (young) 1696.618: [G1Ergonomics (CSet Construction) start choosing CSet, _pending_cards: 5595, predicted base time: 22.67 ms, remaining time: 77.33 ms, target pause time: 100.00 ms]
 1696.618: [G1Ergonomics (CSet Construction) add young regions to CSet, eden: 1782 regions, survivors: 19 regions, predicted young region time: 26.48 ms]
 1696.618: [G1Ergonomics (CSet Construction) finish choosing CSet, eden: 1782 regions, survivors: 19 regions, old: 0 regions, predicted pause time: 49.16 ms, target pause time: 100.00 ms]
, 0.0382040 secs]
   [Parallel Time: 21.9 ms, GC Workers: 18]
      [GC Worker Start (ms): Min: 1696618.3, Avg: 1696618.5, Max: 1696618.6, Diff: 0.4]
      [Ext Root Scanning (ms): Min: 6.4, Avg: 7.9, Max: 9.6, Diff: 3.2, Sum: 142.6]
      [Update RS (ms): Min: 0.0, Avg: 1.2, Max: 3.1, Diff: 3.1, Sum: 22.4]
         [Processed Buffers: Min: 0, Avg: 8.0, Max: 24, Diff: 24, Sum: 144]
      [Scan RS (ms): Min: 0.2, Avg: 0.8, Max: 1.0, Diff: 0.8, Sum: 14.2]
      [Object Copy (ms): Min: 8.4, Avg: 9.6, Max: 11.1, Diff: 2.7, Sum: 172.3]
      [Termination (ms): Min: 0.2, Avg: 1.5, Max: 1.7, Diff: 1.5, Sum: 27.5]
      [GC Worker Other (ms): Min: 0.0, Avg: 0.2, Max: 0.4, Diff: 0.3, Sum: 3.6]
      [GC Worker Total (ms): Min: 21.0, Avg: 21.3, Max: 21.6, Diff: 0.6, Sum: 382.6]
      [GC Worker End (ms): Min: 1696639.6, Avg: 1696639.7, Max: 1696639.9, Diff: 0.3]
   [Code Root Fixup: 0.0 ms]
   [Clear CT: 2.2 ms]
   [Other: 14.1 ms]
      [Choose CSet: 0.1 ms]
      [Ref Proc: 7.6 ms]
      [Ref Enq: 0.4 ms]
      [Free CSet: 5.3 ms]
   [Eden: 1782.0M(1782.0M)->0.0B(1787.0M) Survivors: 19.0M->14.0M Heap: 1912.6M(2252.0M)->125.3M(2252.0M)]
 [Times: user=0.43 sys=0.01, real=0.04 secs] 

 Concurrent RS processed 1010138 cards
  Of 28588 completed buffers:
        28588 (100.0%) by conc RS threads.
            0 (  0.0%) by mutator threads.
  Conc RS threads times(s)
          0.00     0.00     0.00     0.00     0.00     0.00     0.00     0.00     0.00     0.00     0.00     0.00     0.00     0.00     0.00     0.00     0.00     0.00     0.00
  Total heap region rem set sizes = 6717K.  Max = 29K.
  Static structures = 369K, free_lists = 239K.
    269150 occupied cards represented.
    Max size region = 9:(O)[0x0000000763d00000,0x0000000763dfdd18,0x0000000763e00000], size = 30K, occupied = 77K.
    Did 1280 coarsenings.
2014-08-01T09:24:43.452-0500: 1703.896: [GC pause (young) 1703.896: [G1Ergonomics (CSet Construction) start choosing CSet, _pending_cards: 5332, predicted base time: 22.27 ms, remaining time: 77.73 ms, target pause time: 100.00 ms]
 1703.896: [G1Ergonomics (CSet Construction) add young regions to CSet, eden: 1787 regions, survivors: 14 regions, predicted young region time: 29.16 ms]
 1703.896: [G1Ergonomics (CSet Construction) finish choosing CSet, eden: 1787 regions, survivors: 14 regions, old: 0 regions, predicted pause time: 51.42 ms, target pause time: 100.00 ms]
, 0.0341750 secs]
   [Parallel Time: 19.2 ms, GC Workers: 18]
      [GC Worker Start (ms): Min: 1703896.0, Avg: 1703896.1, Max: 1703896.3, Diff: 0.3]
      [Ext Root Scanning (ms): Min: 5.7, Avg: 7.0, Max: 10.8, Diff: 5.2, Sum: 125.3]
      [Update RS (ms): Min: 0.0, Avg: 1.4, Max: 3.6, Diff: 3.6, Sum: 25.1]
         [Processed Buffers: Min: 0, Avg: 7.6, Max: 24, Diff: 24, Sum: 136]
      [Scan RS (ms): Min: 0.2, Avg: 0.8, Max: 1.1, Diff: 0.8, Sum: 15.1]
      [Object Copy (ms): Min: 7.2, Avg: 9.1, Max: 9.5, Diff: 2.3, Sum: 163.3]
      [Termination (ms): Min: 0.0, Avg: 0.1, Max: 0.2, Diff: 0.2, Sum: 2.6]
      [GC Worker Other (ms): Min: 0.0, Avg: 0.2, Max: 0.4, Diff: 0.4, Sum: 4.4]
      [GC Worker Total (ms): Min: 18.3, Avg: 18.7, Max: 19.0, Diff: 0.7, Sum: 335.8]
      [GC Worker End (ms): Min: 1703914.6, Avg: 1703914.8, Max: 1703915.0, Diff: 0.4]
   [Code Root Fixup: 0.0 ms]
   [Clear CT: 1.9 ms]
   [Other: 13.1 ms]
      [Choose CSet: 0.0 ms]
      [Ref Proc: 6.9 ms]
      [Ref Enq: 0.5 ms]
      [Free CSet: 5.1 ms]
   [Eden: 1787.0M(1787.0M)->0.0B(1787.0M) Survivors: 14.0M->14.0M Heap: 1912.3M(2252.0M)->125.3M(2252.0M)]
 [Times: user=0.39 sys=0.01, real=0.03 secs] 

 Concurrent RS processed 1012244 cards
  Of 28724 completed buffers:
        28724 (100.0%) by conc RS threads.
            0 (  0.0%) by mutator threads.
  Conc RS threads times(s)
          0.00     0.00     0.00     0.00     0.00     0.00     0.00     0.00     0.00     0.00     0.00     0.00     0.00     0.00     0.00     0.00     0.00     0.00     0.00
  Total heap region rem set sizes = 6719K.  Max = 29K.
  Static structures = 369K, free_lists = 238K.
    269909 occupied cards represented.
    Max size region = 9:(O)[0x0000000763d00000,0x0000000763dfdd18,0x0000000763e00000], size = 30K, occupied = 77K.
    Did 1280 coarsenings.
2014-08-01T09:24:50.628-0500: 1711.071: [GC pause (young) 1711.071: [G1Ergonomics (CSet Construction) start choosing CSet, _pending_cards: 5799, predicted base time: 21.65 ms, remaining time: 78.35 ms, target pause time: 100.00 ms]
 1711.071: [G1Ergonomics (CSet Construction) add young regions to CSet, eden: 1787 regions, survivors: 14 regions, predicted young region time: 20.32 ms]
 1711.071: [G1Ergonomics (CSet Construction) finish choosing CSet, eden: 1787 regions, survivors: 14 regions, old: 0 regions, predicted pause time: 41.96 ms, target pause time: 100.00 ms]
, 0.0377650 secs]
   [Parallel Time: 23.3 ms, GC Workers: 18]
      [GC Worker Start (ms): Min: 1711071.6, Avg: 1711071.7, Max: 1711071.9, Diff: 0.4]
      [Ext Root Scanning (ms): Min: 5.3, Avg: 6.7, Max: 10.3, Diff: 4.9, Sum: 120.5]
      [Update RS (ms): Min: 0.0, Avg: 1.3, Max: 2.5, Diff: 2.5, Sum: 22.6]
         [Processed Buffers: Min: 0, Avg: 7.8, Max: 38, Diff: 38, Sum: 141]
      [Scan RS (ms): Min: 0.2, Avg: 0.9, Max: 1.1, Diff: 0.8, Sum: 15.4]
      [Object Copy (ms): Min: 11.5, Avg: 13.4, Max: 13.9, Diff: 2.4, Sum: 241.5]
      [Termination (ms): Min: 0.0, Avg: 0.3, Max: 0.4, Diff: 0.4, Sum: 5.9]
      [GC Worker Other (ms): Min: 0.0, Avg: 0.2, Max: 0.4, Diff: 0.4, Sum: 4.5]
      [GC Worker Total (ms): Min: 22.4, Avg: 22.8, Max: 23.1, Diff: 0.7, Sum: 410.3]
      [GC Worker End (ms): Min: 1711094.3, Avg: 1711094.5, Max: 1711094.7, Diff: 0.4]
   [Code Root Fixup: 0.0 ms]
   [Clear CT: 1.9 ms]
   [Other: 12.6 ms]
      [Choose CSet: 0.0 ms]
      [Ref Proc: 5.8 ms]
      [Ref Enq: 0.5 ms]
      [Free CSet: 5.6 ms]
   [Eden: 1787.0M(1787.0M)->0.0B(1789.0M) Survivors: 14.0M->12.0M Heap: 1912.3M(2252.0M)->123.8M(2252.0M)]
 [Times: user=0.46 sys=0.01, real=0.04 secs] 

 Concurrent RS processed 1014262 cards
  Of 28865 completed buffers:
        28865 (100.0%) by conc RS threads.
            0 (  0.0%) by mutator threads.
  Conc RS threads times(s)
          0.00     0.00     0.00     0.00     0.00     0.00     0.00     0.00     0.00     0.00     0.00     0.00     0.00     0.00     0.00     0.00     0.00     0.00     0.00
  Total heap region rem set sizes = 6719K.  Max = 29K.
  Static structures = 369K, free_lists = 238K.
    270274 occupied cards represented.
    Max size region = 9:(O)[0x0000000763d00000,0x0000000763dfdd18,0x0000000763e00000], size = 30K, occupied = 77K.
    Did 1280 coarsenings.
2014-08-01T09:24:57.929-0500: 1718.372: [GC pause (young) 1718.372: [G1Ergonomics (CSet Construction) start choosing CSet, _pending_cards: 5331, predicted base time: 20.57 ms, remaining time: 79.43 ms, target pause time: 100.00 ms]
 1718.372: [G1Ergonomics (CSet Construction) add young regions to CSet, eden: 1789 regions, survivors: 12 regions, predicted young region time: 26.85 ms]
 1718.372: [G1Ergonomics (CSet Construction) finish choosing CSet, eden: 1789 regions, survivors: 12 regions, old: 0 regions, predicted pause time: 47.42 ms, target pause time: 100.00 ms]
, 0.0317420 secs]
   [Parallel Time: 16.3 ms, GC Workers: 18]
      [GC Worker Start (ms): Min: 1718372.6, Avg: 1718372.7, Max: 1718372.9, Diff: 0.3]
      [Ext Root Scanning (ms): Min: 5.9, Avg: 6.6, Max: 10.3, Diff: 4.3, Sum: 118.8]
      [Update RS (ms): Min: 0.0, Avg: 1.3, Max: 2.0, Diff: 2.0, Sum: 23.6]
         [Processed Buffers: Min: 0, Avg: 8.0, Max: 39, Diff: 39, Sum: 144]
      [Scan RS (ms): Min: 0.2, Avg: 0.8, Max: 1.0, Diff: 0.8, Sum: 15.0]
      [Object Copy (ms): Min: 5.0, Avg: 6.8, Max: 7.2, Diff: 2.2, Sum: 122.8]
      [Termination (ms): Min: 0.0, Avg: 0.0, Max: 0.1, Diff: 0.1, Sum: 0.8]
      [GC Worker Other (ms): Min: 0.0, Avg: 0.2, Max: 0.4, Diff: 0.4, Sum: 4.0]
      [GC Worker Total (ms): Min: 15.6, Avg: 15.8, Max: 16.1, Diff: 0.5, Sum: 285.0]
      [GC Worker End (ms): Min: 1718388.4, Avg: 1718388.6, Max: 1718388.7, Diff: 0.4]
   [Code Root Fixup: 0.0 ms]
   [Clear CT: 2.2 ms]
   [Other: 13.3 ms]
      [Choose CSet: 0.0 ms]
      [Ref Proc: 6.8 ms]
      [Ref Enq: 0.4 ms]
      [Free CSet: 5.3 ms]
   [Eden: 1789.0M(1789.0M)->0.0B(1778.0M) Survivors: 12.0M->23.0M Heap: 1912.8M(2252.0M)->135.0M(2252.0M)]
 [Times: user=0.35 sys=0.00, real=0.04 secs] 

 Concurrent RS processed 1016346 cards
  Of 29009 completed buffers:
        29009 (100.0%) by conc RS threads.
            0 (  0.0%) by mutator threads.
  Conc RS threads times(s)
          0.00     0.00     0.00     0.00     0.00     0.00     0.00     0.00     0.00     0.00     0.00     0.00     0.00     0.00     0.00     0.00     0.00     0.00     0.00
  Total heap region rem set sizes = 6719K.  Max = 29K.
  Static structures = 369K, free_lists = 238K.
    270735 occupied cards represented.
    Max size region = 9:(O)[0x0000000763d00000,0x0000000763dfdd18,0x0000000763e00000], size = 30K, occupied = 77K.
    Did 1280 coarsenings.
2014-08-01T09:25:05.048-0500: 1725.491: [GC pause (young) 1725.491: [G1Ergonomics (CSet Construction) start choosing CSet, _pending_cards: 5573, predicted base time: 20.21 ms, remaining time: 79.79 ms, target pause time: 100.00 ms]
 1725.491: [G1Ergonomics (CSet Construction) add young regions to CSet, eden: 1778 regions, survivors: 23 regions, predicted young region time: 24.00 ms]
 1725.491: [G1Ergonomics (CSet Construction) finish choosing CSet, eden: 1778 regions, survivors: 23 regions, old: 0 regions, predicted pause time: 44.21 ms, target pause time: 100.00 ms]
, 0.0417030 secs]
   [Parallel Time: 21.1 ms, GC Workers: 18]
      [GC Worker Start (ms): Min: 1725491.7, Avg: 1725491.9, Max: 1725492.0, Diff: 0.3]
      [Ext Root Scanning (ms): Min: 5.5, Avg: 7.2, Max: 15.4, Diff: 9.9, Sum: 129.7]
      [Update RS (ms): Min: 0.0, Avg: 1.1, Max: 2.2, Diff: 2.2, Sum: 19.3]
         [Processed Buffers: Min: 0, Avg: 7.7, Max: 17, Diff: 17, Sum: 139]
      [Scan RS (ms): Min: 0.2, Avg: 0.8, Max: 1.0, Diff: 0.8, Sum: 14.8]
      [Object Copy (ms): Min: 3.2, Avg: 10.0, Max: 11.2, Diff: 8.0, Sum: 180.1]
      [Termination (ms): Min: 0.2, Avg: 0.8, Max: 1.6, Diff: 1.4, Sum: 13.6]
      [GC Worker Other (ms): Min: 0.0, Avg: 0.2, Max: 0.4, Diff: 0.4, Sum: 4.1]
      [GC Worker Total (ms): Min: 19.7, Avg: 20.1, Max: 20.7, Diff: 0.9, Sum: 361.6]
      [GC Worker End (ms): Min: 1725511.7, Avg: 1725512.0, Max: 1725512.6, Diff: 0.9]
   [Code Root Fixup: 0.0 ms]
   [Clear CT: 1.6 ms]
   [Other: 19.1 ms]
      [Choose CSet: 0.0 ms]
      [Ref Proc: 10.0 ms]
      [Ref Enq: 0.5 ms]
      [Free CSet: 7.8 ms]
   [Eden: 1778.0M(1778.0M)->0.0B(1785.0M) Survivors: 23.0M->16.0M Heap: 1913.0M(2252.0M)->128.0M(2252.0M)]
 [Times: user=0.42 sys=0.00, real=0.04 secs] 

 Concurrent RS processed 1018431 cards
  Of 29148 completed buffers:
        29148 (100.0%) by conc RS threads.
            0 (  0.0%) by mutator threads.
  Conc RS threads times(s)
          0.00     0.00     0.00     0.00     0.00     0.00     0.00     0.00     0.00     0.00     0.00     0.00     0.00     0.00     0.00     0.00     0.00     0.00     0.00
  Total heap region rem set sizes = 6719K.  Max = 29K.
  Static structures = 369K, free_lists = 238K.
    271109 occupied cards represented.
    Max size region = 9:(O)[0x0000000763d00000,0x0000000763dfdd18,0x0000000763e00000], size = 30K, occupied = 77K.
    Did 1280 coarsenings.
2014-08-01T09:25:12.490-0500: 1732.933: [GC pause (young) 1732.934: [G1Ergonomics (CSet Construction) start choosing CSet, _pending_cards: 5404, predicted base time: 21.10 ms, remaining time: 78.90 ms, target pause time: 100.00 ms]
 1732.934: [G1Ergonomics (CSet Construction) add young regions to CSet, eden: 1785 regions, survivors: 16 regions, predicted young region time: 15.72 ms]
 1732.934: [G1Ergonomics (CSet Construction) finish choosing CSet, eden: 1785 regions, survivors: 16 regions, old: 0 regions, predicted pause time: 36.82 ms, target pause time: 100.00 ms]
, 0.0314080 secs]
   [Parallel Time: 18.9 ms, GC Workers: 18]
      [GC Worker Start (ms): Min: 1732933.7, Avg: 1732933.9, Max: 1732934.0, Diff: 0.3]
      [Ext Root Scanning (ms): Min: 0.9, Avg: 5.1, Max: 10.1, Diff: 9.2, Sum: 91.5]
      [Update RS (ms): Min: 0.0, Avg: 0.8, Max: 2.1, Diff: 2.1, Sum: 15.3]
         [Processed Buffers: Min: 0, Avg: 7.8, Max: 24, Diff: 24, Sum: 140]
      [Scan RS (ms): Min: 0.1, Avg: 0.5, Max: 0.8, Diff: 0.7, Sum: 8.6]
      [Object Copy (ms): Min: 5.2, Avg: 9.4, Max: 14.6, Diff: 9.4, Sum: 169.9]
      [Termination (ms): Min: 0.0, Avg: 2.4, Max: 2.6, Diff: 2.6, Sum: 43.1]
      [GC Worker Other (ms): Min: 0.0, Avg: 0.1, Max: 0.3, Diff: 0.3, Sum: 2.7]
      [GC Worker Total (ms): Min: 18.2, Avg: 18.4, Max: 18.6, Diff: 0.5, Sum: 331.1]
      [GC Worker End (ms): Min: 1732952.1, Avg: 1732952.3, Max: 1732952.4, Diff: 0.3]
   [Code Root Fixup: 0.0 ms]
   [Clear CT: 1.7 ms]
   [Other: 10.8 ms]
      [Choose CSet: 0.0 ms]
      [Ref Proc: 5.1 ms]
      [Ref Enq: 0.3 ms]
      [Free CSet: 4.8 ms]
   [Eden: 1785.0M(1785.0M)->0.0B(1788.0M) Survivors: 16.0M->13.0M Heap: 1913.0M(2252.0M)->125.3M(2252.0M)]
 [Times: user=0.34 sys=0.01, real=0.04 secs] 

 Concurrent RS processed 1020707 cards
  Of 29288 completed buffers:
        29288 (100.0%) by conc RS threads.
            0 (  0.0%) by mutator threads.
  Conc RS threads times(s)
          0.00     0.00     0.00     0.00     0.00     0.00     0.00     0.00     0.00     0.00     0.00     0.00     0.00     0.00     0.00     0.00     0.00     0.00     0.00
  Total heap region rem set sizes = 6725K.  Max = 29K.
  Static structures = 369K, free_lists = 236K.
    271735 occupied cards represented.
    Max size region = 9:(O)[0x0000000763d00000,0x0000000763dfdd18,0x0000000763e00000], size = 30K, occupied = 77K.
    Did 1280 coarsenings.
2014-08-01T09:25:19.295-0500: 1739.738: [GC pause (young) 1739.738: [G1Ergonomics (CSet Construction) start choosing CSet, _pending_cards: 5573, predicted base time: 19.73 ms, remaining time: 80.27 ms, target pause time: 100.00 ms]
 1739.738: [G1Ergonomics (CSet Construction) add young regions to CSet, eden: 1788 regions, survivors: 13 regions, predicted young region time: 25.50 ms]
 1739.738: [G1Ergonomics (CSet Construction) finish choosing CSet, eden: 1788 regions, survivors: 13 regions, old: 0 regions, predicted pause time: 45.23 ms, target pause time: 100.00 ms]
, 0.0298600 secs]
   [Parallel Time: 16.5 ms, GC Workers: 18]
      [GC Worker Start (ms): Min: 1739738.7, Avg: 1739738.8, Max: 1739739.0, Diff: 0.4]
      [Ext Root Scanning (ms): Min: 4.8, Avg: 6.1, Max: 10.5, Diff: 5.7, Sum: 109.1]
      [Update RS (ms): Min: 0.0, Avg: 0.9, Max: 2.2, Diff: 2.2, Sum: 16.7]
         [Processed Buffers: Min: 0, Avg: 7.9, Max: 27, Diff: 27, Sum: 142]
      [Scan RS (ms): Min: 0.3, Avg: 0.8, Max: 0.9, Diff: 0.6, Sum: 13.9]
      [Object Copy (ms): Min: 5.0, Avg: 8.0, Max: 9.2, Diff: 4.2, Sum: 144.4]
      [Termination (ms): Min: 0.0, Avg: 0.1, Max: 0.1, Diff: 0.1, Sum: 1.6]
      [GC Worker Other (ms): Min: 0.0, Avg: 0.2, Max: 0.4, Diff: 0.3, Sum: 3.9]
      [GC Worker Total (ms): Min: 15.8, Avg: 16.1, Max: 16.4, Diff: 0.6, Sum: 289.6]
      [GC Worker End (ms): Min: 1739754.7, Avg: 1739754.9, Max: 1739755.1, Diff: 0.3]
   [Code Root Fixup: 0.0 ms]
   [Clear CT: 1.7 ms]
   [Other: 11.7 ms]
      [Choose CSet: 0.0 ms]
      [Ref Proc: 5.6 ms]
      [Ref Enq: 0.4 ms]
      [Free CSet: 4.9 ms]
   [Eden: 1788.0M(1788.0M)->0.0B(1778.0M) Survivors: 13.0M->23.0M Heap: 1913.3M(2252.0M)->134.9M(2252.0M)]
 [Times: user=0.34 sys=0.01, real=0.03 secs] 

 Concurrent RS processed 1022954 cards
  Of 29430 completed buffers:
        29430 (100.0%) by conc RS threads.
            0 (  0.0%) by mutator threads.
  Conc RS threads times(s)
          0.00     0.00     0.00     0.00     0.00     0.00     0.00     0.00     0.00     0.00     0.00     0.00     0.00     0.00     0.00     0.00     0.00     0.00     0.00
  Total heap region rem set sizes = 6726K.  Max = 29K.
  Static structures = 369K, free_lists = 236K.
    272180 occupied cards represented.
    Max size region = 9:(O)[0x0000000763d00000,0x0000000763dfdd18,0x0000000763e00000], size = 30K, occupied = 77K.
    Did 1280 coarsenings.
2014-08-01T09:25:26.550-0500: 1746.993: [GC pause (young) 1746.994: [G1Ergonomics (CSet Construction) start choosing CSet, _pending_cards: 5555, predicted base time: 18.86 ms, remaining time: 81.14 ms, target pause time: 100.00 ms]
 1746.994: [G1Ergonomics (CSet Construction) add young regions to CSet, eden: 1778 regions, survivors: 23 regions, predicted young region time: 19.76 ms]
 1746.994: [G1Ergonomics (CSet Construction) finish choosing CSet, eden: 1778 regions, survivors: 23 regions, old: 0 regions, predicted pause time: 38.62 ms, target pause time: 100.00 ms]
, 0.0394420 secs]
   [Parallel Time: 22.8 ms, GC Workers: 18]
      [GC Worker Start (ms): Min: 1746993.9, Avg: 1746994.0, Max: 1746994.2, Diff: 0.4]
      [Ext Root Scanning (ms): Min: 5.9, Avg: 7.8, Max: 14.0, Diff: 8.1, Sum: 140.4]
      [Update RS (ms): Min: 0.0, Avg: 1.3, Max: 2.7, Diff: 2.7, Sum: 23.7]
         [Processed Buffers: Min: 0, Avg: 7.7, Max: 25, Diff: 25, Sum: 138]
      [Scan RS (ms): Min: 0.2, Avg: 0.8, Max: 1.1, Diff: 0.9, Sum: 14.2]
      [Object Copy (ms): Min: 7.4, Avg: 12.1, Max: 13.4, Diff: 6.0, Sum: 217.0]
      [Termination (ms): Min: 0.1, Avg: 0.2, Max: 0.2, Diff: 0.2, Sum: 3.6]
      [GC Worker Other (ms): Min: 0.0, Avg: 0.2, Max: 0.4, Diff: 0.3, Sum: 3.5]
      [GC Worker Total (ms): Min: 22.0, Avg: 22.4, Max: 22.6, Diff: 0.6, Sum: 402.4]
      [GC Worker End (ms): Min: 1747016.2, Avg: 1747016.4, Max: 1747016.6, Diff: 0.4]
   [Code Root Fixup: 0.0 ms]
   [Clear CT: 1.8 ms]
   [Other: 14.7 ms]
      [Choose CSet: 0.0 ms]
      [Ref Proc: 7.6 ms]
      [Ref Enq: 0.9 ms]
      [Free CSet: 5.5 ms]
   [Eden: 1778.0M(1778.0M)->0.0B(1787.0M) Survivors: 23.0M->14.0M Heap: 1912.9M(2252.0M)->126.1M(2252.0M)]
 [Times: user=0.46 sys=0.00, real=0.04 secs] 

 Concurrent RS processed 1025132 cards
  Of 29568 completed buffers:
        29568 (100.0%) by conc RS threads.
            0 (  0.0%) by mutator threads.
  Conc RS threads times(s)
          0.00     0.00     0.00     0.00     0.00     0.00     0.00     0.00     0.00     0.00     0.00     0.00     0.00     0.00     0.00     0.00     0.00     0.00     0.00
  Total heap region rem set sizes = 6727K.  Max = 29K.
  Static structures = 369K, free_lists = 235K.
    272630 occupied cards represented.
    Max size region = 9:(O)[0x0000000763d00000,0x0000000763dfdd18,0x0000000763e00000], size = 30K, occupied = 77K.
    Did 1280 coarsenings.
2014-08-01T09:25:33.738-0500: 1754.181: [GC pause (young) 1754.181: [G1Ergonomics (CSet Construction) start choosing CSet, _pending_cards: 5333, predicted base time: 19.68 ms, remaining time: 80.32 ms, target pause time: 100.00 ms]
 1754.181: [G1Ergonomics (CSet Construction) add young regions to CSet, eden: 1787 regions, survivors: 14 regions, predicted young region time: 19.32 ms]
 1754.181: [G1Ergonomics (CSet Construction) finish choosing CSet, eden: 1787 regions, survivors: 14 regions, old: 0 regions, predicted pause time: 39.01 ms, target pause time: 100.00 ms]
, 0.0456400 secs]
   [Parallel Time: 30.6 ms, GC Workers: 18]
      [GC Worker Start (ms): Min: 1754181.3, Avg: 1754181.4, Max: 1754181.6, Diff: 0.3]
      [Ext Root Scanning (ms): Min: 5.2, Avg: 6.6, Max: 10.8, Diff: 5.6, Sum: 118.7]
      [Update RS (ms): Min: 0.0, Avg: 1.3, Max: 3.3, Diff: 3.3, Sum: 23.2]
         [Processed Buffers: Min: 0, Avg: 8.1, Max: 26, Diff: 26, Sum: 146]
      [Scan RS (ms): Min: 0.3, Avg: 0.8, Max: 1.0, Diff: 0.7, Sum: 14.6]
      [Object Copy (ms): Min: 12.2, Avg: 12.9, Max: 17.5, Diff: 5.3, Sum: 231.7]
      [Termination (ms): Min: 0.3, Avg: 7.2, Max: 7.6, Diff: 7.4, Sum: 128.8]
      [GC Worker Other (ms): Min: 0.0, Avg: 0.2, Max: 0.4, Diff: 0.3, Sum: 3.2]
      [GC Worker Total (ms): Min: 28.7, Avg: 28.9, Max: 29.1, Diff: 0.5, Sum: 520.3]
      [GC Worker End (ms): Min: 1754210.2, Avg: 1754210.3, Max: 1754210.5, Diff: 0.3]
   [Code Root Fixup: 0.0 ms]
   [Clear CT: 2.1 ms]
   [Other: 12.9 ms]
      [Choose CSet: 0.0 ms]
      [Ref Proc: 6.2 ms]
      [Ref Enq: 0.5 ms]
      [Free CSet: 5.5 ms]
   [Eden: 1787.0M(1787.0M)->0.0B(1785.0M) Survivors: 14.0M->16.0M Heap: 1913.1M(2252.0M)->128.6M(2252.0M)]
 [Times: user=0.56 sys=0.00, real=0.04 secs] 

 Concurrent RS processed 1027245 cards
  Of 29714 completed buffers:
        29714 (100.0%) by conc RS threads.
            0 (  0.0%) by mutator threads.
  Conc RS threads times(s)
          0.00     0.00     0.00     0.00     0.00     0.00     0.00     0.00     0.00     0.00     0.00     0.00     0.00     0.00     0.00     0.00     0.00     0.00     0.00
  Total heap region rem set sizes = 6729K.  Max = 29K.
  Static structures = 369K, free_lists = 235K.
    273134 occupied cards represented.
    Max size region = 9:(O)[0x0000000763d00000,0x0000000763dfdd18,0x0000000763e00000], size = 30K, occupied = 77K.
    Did 1280 coarsenings.
2014-08-01T09:25:41.137-0500: 1761.581: [GC pause (young) 1761.581: [G1Ergonomics (CSet Construction) start choosing CSet, _pending_cards: 5313, predicted base time: 19.68 ms, remaining time: 80.32 ms, target pause time: 100.00 ms]
 1761.581: [G1Ergonomics (CSet Construction) add young regions to CSet, eden: 1785 regions, survivors: 16 regions, predicted young region time: 19.16 ms]
 1761.581: [G1Ergonomics (CSet Construction) finish choosing CSet, eden: 1785 regions, survivors: 16 regions, old: 0 regions, predicted pause time: 38.84 ms, target pause time: 100.00 ms]
, 0.0412450 secs]
   [Parallel Time: 19.1 ms, GC Workers: 18]
      [GC Worker Start (ms): Min: 1761580.9, Avg: 1761581.1, Max: 1761581.3, Diff: 0.3]
      [Ext Root Scanning (ms): Min: 5.8, Avg: 6.9, Max: 9.8, Diff: 3.9, Sum: 123.8]
      [Update RS (ms): Min: 0.0, Avg: 1.3, Max: 2.7, Diff: 2.7, Sum: 23.6]
         [Processed Buffers: Min: 0, Avg: 7.9, Max: 31, Diff: 31, Sum: 143]
      [Scan RS (ms): Min: 0.4, Avg: 0.9, Max: 1.1, Diff: 0.7, Sum: 15.4]
      [Object Copy (ms): Min: 7.2, Avg: 8.5, Max: 10.1, Diff: 2.9, Sum: 152.8]
      [Termination (ms): Min: 0.0, Avg: 0.0, Max: 0.1, Diff: 0.0, Sum: 0.5]
      [GC Worker Other (ms): Min: 0.1, Avg: 0.3, Max: 1.3, Diff: 1.2, Sum: 6.1]
      [GC Worker Total (ms): Min: 17.5, Avg: 17.9, Max: 19.0, Diff: 1.5, Sum: 322.3]
      [GC Worker End (ms): Min: 1761598.7, Avg: 1761599.0, Max: 1761599.9, Diff: 1.2]
   [Code Root Fixup: 0.0 ms]
   [Clear CT: 2.0 ms]
   [Other: 20.1 ms]
      [Choose CSet: 0.0 ms]
      [Ref Proc: 13.9 ms]
      [Ref Enq: 0.5 ms]
      [Free CSet: 5.0 ms]
   [Eden: 1785.0M(1785.0M)->0.0B(1781.0M) Survivors: 16.0M->20.0M Heap: 1913.6M(2252.0M)->132.2M(2252.0M)]
 [Times: user=0.41 sys=0.00, real=0.04 secs] 

 Concurrent RS processed 1029393 cards
  Of 29857 completed buffers:
        29857 (100.0%) by conc RS threads.
            0 (  0.0%) by mutator threads.
  Conc RS threads times(s)
          0.00     0.00     0.00     0.00     0.00     0.00     0.00     0.00     0.00     0.00     0.00     0.00     0.00     0.00     0.00     0.00     0.00     0.00     0.00
  Total heap region rem set sizes = 6731K.  Max = 29K.
  Static structures = 369K, free_lists = 234K.
    273579 occupied cards represented.
    Max size region = 9:(O)[0x0000000763d00000,0x0000000763dfdd18,0x0000000763e00000], size = 30K, occupied = 77K.
    Did 1280 coarsenings.
2014-08-01T09:25:48.040-0500: 1768.483: [GC pause (young) 1768.484: [G1Ergonomics (CSet Construction) start choosing CSet, _pending_cards: 5314, predicted base time: 22.83 ms, remaining time: 77.17 ms, target pause time: 100.00 ms]
 1768.484: [G1Ergonomics (CSet Construction) add young regions to CSet, eden: 1781 regions, survivors: 20 regions, predicted young region time: 15.28 ms]
 1768.484: [G1Ergonomics (CSet Construction) finish choosing CSet, eden: 1781 regions, survivors: 20 regions, old: 0 regions, predicted pause time: 38.11 ms, target pause time: 100.00 ms]
, 0.0543640 secs]
   [Parallel Time: 28.9 ms, GC Workers: 18]
      [GC Worker Start (ms): Min: 1768483.9, Avg: 1768484.0, Max: 1768484.2, Diff: 0.4]
      [Ext Root Scanning (ms): Min: 7.2, Avg: 10.7, Max: 25.2, Diff: 18.0, Sum: 193.4]
      [Update RS (ms): Min: 0.0, Avg: 1.3, Max: 3.4, Diff: 3.4, Sum: 23.7]
         [Processed Buffers: Min: 0, Avg: 7.7, Max: 22, Diff: 22, Sum: 139]
      [Scan RS (ms): Min: 0.2, Avg: 3.3, Max: 12.2, Diff: 12.0, Sum: 60.2]
      [Object Copy (ms): Min: 2.1, Avg: 11.6, Max: 16.1, Diff: 14.0, Sum: 208.3]
      [Termination (ms): Min: 0.0, Avg: 1.3, Max: 1.7, Diff: 1.7, Sum: 23.3]
      [GC Worker Other (ms): Min: 0.0, Avg: 0.1, Max: 0.4, Diff: 0.3, Sum: 2.1]
      [GC Worker Total (ms): Min: 28.0, Avg: 28.4, Max: 28.7, Diff: 0.7, Sum: 511.0]
      [GC Worker End (ms): Min: 1768512.2, Avg: 1768512.4, Max: 1768512.6, Diff: 0.4]
   [Code Root Fixup: 0.0 ms]
   [Clear CT: 1.8 ms]
   [Other: 23.7 ms]
      [Choose CSet: 0.1 ms]
      [Ref Proc: 16.7 ms]
      [Ref Enq: 0.4 ms]
      [Free CSet: 5.8 ms]
   [Eden: 1781.0M(1781.0M)->0.0B(1787.0M) Survivors: 20.0M->14.0M Heap: 1913.2M(2252.0M)->126.7M(2252.0M)]
 [Times: user=0.43 sys=0.01, real=0.05 secs] 

 Concurrent RS processed 1031636 cards
  Of 29996 completed buffers:
        29996 (100.0%) by conc RS threads.
            0 (  0.0%) by mutator threads.
  Conc RS threads times(s)
          0.00     0.00     0.00     0.00     0.00     0.00     0.00     0.00     0.00     0.00     0.00     0.00     0.00     0.00     0.00     0.00     0.00     0.00     0.00
  Total heap region rem set sizes = 6731K.  Max = 29K.
  Static structures = 369K, free_lists = 234K.
    274016 occupied cards represented.
    Max size region = 9:(O)[0x0000000763d00000,0x0000000763dfdd18,0x0000000763e00000], size = 30K, occupied = 77K.
    Did 1280 coarsenings.
2014-08-01T09:25:54.971-0500: 1775.414: [GC pause (young) 1775.414: [G1Ergonomics (CSet Construction) start choosing CSet, _pending_cards: 5857, predicted base time: 27.11 ms, remaining time: 72.89 ms, target pause time: 100.00 ms]
 1775.414: [G1Ergonomics (CSet Construction) add young regions to CSet, eden: 1787 regions, survivors: 14 regions, predicted young region time: 17.88 ms]
 1775.414: [G1Ergonomics (CSet Construction) finish choosing CSet, eden: 1787 regions, survivors: 14 regions, old: 0 regions, predicted pause time: 44.98 ms, target pause time: 100.00 ms]
, 0.0337860 secs]
   [Parallel Time: 20.5 ms, GC Workers: 18]
      [GC Worker Start (ms): Min: 1775414.4, Avg: 1775414.6, Max: 1775414.8, Diff: 0.3]
      [Ext Root Scanning (ms): Min: 4.7, Avg: 6.9, Max: 10.8, Diff: 6.1, Sum: 123.3]
      [Update RS (ms): Min: 0.0, Avg: 1.4, Max: 5.9, Diff: 5.9, Sum: 24.9]
         [Processed Buffers: Min: 0, Avg: 7.7, Max: 20, Diff: 20, Sum: 138]
      [Scan RS (ms): Min: 0.2, Avg: 0.8, Max: 1.1, Diff: 0.8, Sum: 15.1]
      [Object Copy (ms): Min: 7.0, Avg: 10.8, Max: 11.6, Diff: 4.7, Sum: 193.7]
      [Termination (ms): Min: 0.0, Avg: 0.1, Max: 0.1, Diff: 0.1, Sum: 1.4]
      [GC Worker Other (ms): Min: 0.0, Avg: 0.2, Max: 0.4, Diff: 0.4, Sum: 4.1]
      [GC Worker Total (ms): Min: 19.9, Avg: 20.1, Max: 20.4, Diff: 0.5, Sum: 362.6]
      [GC Worker End (ms): Min: 1775434.6, Avg: 1775434.8, Max: 1775434.9, Diff: 0.4]
   [Code Root Fixup: 0.0 ms]
   [Clear CT: 1.8 ms]
   [Other: 11.5 ms]
      [Choose CSet: 0.0 ms]
      [Ref Proc: 5.1 ms]
      [Ref Enq: 0.4 ms]
      [Free CSet: 5.4 ms]
   [Eden: 1787.0M(1787.0M)->0.0B(1786.0M) Survivors: 14.0M->15.0M Heap: 1913.7M(2252.0M)->127.6M(2252.0M)]
 [Times: user=0.40 sys=0.01, real=0.03 secs] 

 Concurrent RS processed 1033906 cards
  Of 30134 completed buffers:
        30134 (100.0%) by conc RS threads.
            0 (  0.0%) by mutator threads.
  Conc RS threads times(s)
          0.00     0.00     0.00     0.00     0.00     0.00     0.00     0.00     0.00     0.00     0.00     0.00     0.00     0.00     0.00     0.00     0.00     0.00     0.00
  Total heap region rem set sizes = 6732K.  Max = 29K.
  Static structures = 369K, free_lists = 234K.
    274524 occupied cards represented.
    Max size region = 9:(O)[0x0000000763d00000,0x0000000763dfdd18,0x0000000763e00000], size = 30K, occupied = 77K.
    Did 1280 coarsenings.
2014-08-01T09:26:01.972-0500: 1782.416: [GC pause (young) 1782.416: [G1Ergonomics (CSet Construction) start choosing CSet, _pending_cards: 5321, predicted base time: 24.66 ms, remaining time: 75.34 ms, target pause time: 100.00 ms]
 1782.416: [G1Ergonomics (CSet Construction) add young regions to CSet, eden: 1786 regions, survivors: 15 regions, predicted young region time: 25.99 ms]
 1782.416: [G1Ergonomics (CSet Construction) finish choosing CSet, eden: 1786 regions, survivors: 15 regions, old: 0 regions, predicted pause time: 50.65 ms, target pause time: 100.00 ms]
, 0.0388360 secs]
   [Parallel Time: 20.8 ms, GC Workers: 18]
      [GC Worker Start (ms): Min: 1782416.0, Avg: 1782416.2, Max: 1782416.4, Diff: 0.4]
      [Ext Root Scanning (ms): Min: 6.0, Avg: 7.0, Max: 10.6, Diff: 4.6, Sum: 125.7]
      [Update RS (ms): Min: 0.0, Avg: 1.3, Max: 2.0, Diff: 2.0, Sum: 23.4]
         [Processed Buffers: Min: 0, Avg: 7.7, Max: 30, Diff: 30, Sum: 138]
      [Scan RS (ms): Min: 0.2, Avg: 0.9, Max: 1.1, Diff: 0.9, Sum: 15.3]
      [Object Copy (ms): Min: 6.3, Avg: 8.8, Max: 9.7, Diff: 3.4, Sum: 158.2]
      [Termination (ms): Min: 0.1, Avg: 2.0, Max: 2.7, Diff: 2.6, Sum: 35.7]
      [GC Worker Other (ms): Min: 0.0, Avg: 0.2, Max: 0.4, Diff: 0.3, Sum: 3.8]
      [GC Worker Total (ms): Min: 19.8, Avg: 20.1, Max: 20.5, Diff: 0.7, Sum: 362.0]
      [GC Worker End (ms): Min: 1782436.1, Avg: 1782436.3, Max: 1782436.7, Diff: 0.6]
   [Code Root Fixup: 0.0 ms]
   [Clear CT: 1.9 ms]
   [Other: 16.1 ms]
      [Choose CSet: 0.0 ms]
      [Ref Proc: 9.8 ms]
      [Ref Enq: 0.4 ms]
      [Free CSet: 5.2 ms]
   [Eden: 1786.0M(1786.0M)->0.0B(1780.0M) Survivors: 15.0M->21.0M Heap: 1913.6M(2252.0M)->133.5M(2252.0M)]
 [Times: user=0.41 sys=0.01, real=0.04 secs] 

 Concurrent RS processed 1036054 cards
  Of 30272 completed buffers:
        30272 (100.0%) by conc RS threads.
            0 (  0.0%) by mutator threads.
  Conc RS threads times(s)
          0.00     0.00     0.00     0.00     0.00     0.00     0.00     0.00     0.00     0.00     0.00     0.00     0.00     0.00     0.00     0.00     0.00     0.00     0.00
  Total heap region rem set sizes = 6732K.  Max = 29K.
  Static structures = 369K, free_lists = 234K.
    274866 occupied cards represented.
    Max size region = 9:(O)[0x0000000763d00000,0x0000000763dfdd18,0x0000000763e00000], size = 30K, occupied = 77K.
    Did 1280 coarsenings.
2014-08-01T09:26:09.155-0500: 1789.599: [GC pause (young) 1789.599: [G1Ergonomics (CSet Construction) start choosing CSet, _pending_cards: 5330, predicted base time: 24.19 ms, remaining time: 75.81 ms, target pause time: 100.00 ms]
 1789.599: [G1Ergonomics (CSet Construction) add young regions to CSet, eden: 1780 regions, survivors: 21 regions, predicted young region time: 18.72 ms]
 1789.599: [G1Ergonomics (CSet Construction) finish choosing CSet, eden: 1780 regions, survivors: 21 regions, old: 0 regions, predicted pause time: 42.91 ms, target pause time: 100.00 ms]
, 0.0364880 secs]
   [Parallel Time: 20.1 ms, GC Workers: 18]
      [GC Worker Start (ms): Min: 1789599.0, Avg: 1789599.2, Max: 1789599.4, Diff: 0.4]
      [Ext Root Scanning (ms): Min: 6.5, Avg: 8.5, Max: 11.1, Diff: 4.6, Sum: 153.4]
      [Update RS (ms): Min: 0.0, Avg: 1.5, Max: 9.0, Diff: 9.0, Sum: 27.6]
         [Processed Buffers: Min: 0, Avg: 7.4, Max: 28, Diff: 28, Sum: 133]
      [Scan RS (ms): Min: 0.4, Avg: 0.9, Max: 1.0, Diff: 0.7, Sum: 16.3]
      [Object Copy (ms): Min: 0.8, Avg: 8.3, Max: 9.5, Diff: 8.7, Sum: 149.4]
      [Termination (ms): Min: 0.0, Avg: 0.0, Max: 0.1, Diff: 0.0, Sum: 0.7]
      [GC Worker Other (ms): Min: 0.0, Avg: 0.3, Max: 0.5, Diff: 0.5, Sum: 4.7]
      [GC Worker Total (ms): Min: 19.3, Avg: 19.6, Max: 19.8, Diff: 0.5, Sum: 352.1]
      [GC Worker End (ms): Min: 1789618.6, Avg: 1789618.8, Max: 1789619.0, Diff: 0.5]
   [Code Root Fixup: 0.0 ms]
   [Clear CT: 1.7 ms]
   [Other: 14.7 ms]
      [Choose CSet: 0.1 ms]
      [Ref Proc: 8.7 ms]
      [Ref Enq: 0.5 ms]
      [Free CSet: 4.7 ms]
   [Eden: 1780.0M(1780.0M)->0.0B(1784.0M) Survivors: 21.0M->17.0M Heap: 1913.5M(2252.0M)->129.5M(2252.0M)]
 [Times: user=0.39 sys=0.01, real=0.04 secs] 

 Concurrent RS processed 1038312 cards
  Of 30405 completed buffers:
        30405 (100.0%) by conc RS threads.
            0 (  0.0%) by mutator threads.
  Conc RS threads times(s)
          0.00     0.00     0.00     0.00     0.00     0.00     0.00     0.00     0.00     0.00     0.00     0.00     0.00     0.00     0.00     0.00     0.00     0.00     0.00
  Total heap region rem set sizes = 6732K.  Max = 29K.
  Static structures = 369K, free_lists = 234K.
    275353 occupied cards represented.
    Max size region = 9:(O)[0x0000000763d00000,0x0000000763dfdd18,0x0000000763e00000], size = 30K, occupied = 77K.
    Did 1280 coarsenings.
2014-08-01T09:26:16.428-0500: 1796.871: [GC pause (young) 1796.871: [G1Ergonomics (CSet Construction) start choosing CSet, _pending_cards: 5592, predicted base time: 24.02 ms, remaining time: 75.98 ms, target pause time: 100.00 ms]
 1796.871: [G1Ergonomics (CSet Construction) add young regions to CSet, eden: 1784 regions, survivors: 17 regions, predicted young region time: 17.49 ms]
 1796.871: [G1Ergonomics (CSet Construction) finish choosing CSet, eden: 1784 regions, survivors: 17 regions, old: 0 regions, predicted pause time: 41.51 ms, target pause time: 100.00 ms]
, 0.0374590 secs]
   [Parallel Time: 25.4 ms, GC Workers: 18]
      [GC Worker Start (ms): Min: 1796871.3, Avg: 1796871.4, Max: 1796871.6, Diff: 0.3]
      [Ext Root Scanning (ms): Min: 4.2, Avg: 6.0, Max: 11.2, Diff: 7.0, Sum: 107.5]
      [Update RS (ms): Min: 0.0, Avg: 0.9, Max: 3.4, Diff: 3.4, Sum: 16.6]
         [Processed Buffers: Min: 0, Avg: 7.7, Max: 21, Diff: 21, Sum: 139]
      [Scan RS (ms): Min: 0.1, Avg: 0.6, Max: 0.9, Diff: 0.8, Sum: 11.0]
      [Object Copy (ms): Min: 1.1, Avg: 5.9, Max: 17.8, Diff: 16.8, Sum: 105.6]
      [Termination (ms): Min: 0.0, Avg: 11.5, Max: 12.5, Diff: 12.5, Sum: 207.8]
      [GC Worker Other (ms): Min: 0.0, Avg: 0.2, Max: 0.3, Diff: 0.2, Sum: 2.8]
      [GC Worker Total (ms): Min: 24.9, Avg: 25.1, Max: 25.2, Diff: 0.4, Sum: 451.5]
      [GC Worker End (ms): Min: 1796896.4, Avg: 1796896.5, Max: 1796896.7, Diff: 0.3]
   [Code Root Fixup: 0.0 ms]
   [Clear CT: 1.7 ms]
   [Other: 10.3 ms]
      [Choose CSet: 0.0 ms]
      [Ref Proc: 5.2 ms]
      [Ref Enq: 0.3 ms]
      [Free CSet: 4.3 ms]
   [Eden: 1784.0M(1784.0M)->0.0B(1787.0M) Survivors: 17.0M->14.0M Heap: 1913.5M(2252.0M)->127.1M(2252.0M)]
 [Times: user=0.42 sys=0.01, real=0.04 secs] 

 Concurrent RS processed 1040694 cards
  Of 30544 completed buffers:
        30544 (100.0%) by conc RS threads.
            0 (  0.0%) by mutator threads.
  Conc RS threads times(s)
          0.00     0.00     0.00     0.00     0.00     0.00     0.00     0.00     0.00     0.00     0.00     0.00     0.00     0.00     0.00     0.00     0.00     0.00     0.00
  Total heap region rem set sizes = 6734K.  Max = 29K.
  Static structures = 369K, free_lists = 233K.
    276034 occupied cards represented.
    Max size region = 9:(O)[0x0000000763d00000,0x0000000763dfdd18,0x0000000763e00000], size = 30K, occupied = 77K.
    Did 1280 coarsenings.
2014-08-01T09:26:23.687-0500: 1804.130: [GC pause (young) 1804.130: [G1Ergonomics (CSet Construction) start choosing CSet, _pending_cards: 5065, predicted base time: 21.95 ms, remaining time: 78.05 ms, target pause time: 100.00 ms]
 1804.130: [G1Ergonomics (CSet Construction) add young regions to CSet, eden: 1787 regions, survivors: 14 regions, predicted young region time: 19.65 ms]
 1804.130: [G1Ergonomics (CSet Construction) finish choosing CSet, eden: 1787 regions, survivors: 14 regions, old: 0 regions, predicted pause time: 41.61 ms, target pause time: 100.00 ms]
, 0.0350040 secs]
   [Parallel Time: 16.8 ms, GC Workers: 18]
      [GC Worker Start (ms): Min: 1804130.5, Avg: 1804130.7, Max: 1804130.9, Diff: 0.3]
      [Ext Root Scanning (ms): Min: 5.0, Avg: 5.9, Max: 9.1, Diff: 4.1, Sum: 106.8]
      [Update RS (ms): Min: 0.0, Avg: 1.7, Max: 9.2, Diff: 9.2, Sum: 30.0]
         [Processed Buffers: Min: 0, Avg: 7.8, Max: 33, Diff: 33, Sum: 140]
      [Scan RS (ms): Min: 0.3, Avg: 0.8, Max: 0.9, Diff: 0.6, Sum: 13.5]
      [Object Copy (ms): Min: 1.0, Avg: 6.9, Max: 7.6, Diff: 6.7, Sum: 123.8]
      [Termination (ms): Min: 0.0, Avg: 0.8, Max: 0.9, Diff: 0.9, Sum: 13.8]
      [GC Worker Other (ms): Min: 0.0, Avg: 0.3, Max: 0.5, Diff: 0.5, Sum: 4.9]
      [GC Worker Total (ms): Min: 16.0, Avg: 16.3, Max: 16.7, Diff: 0.7, Sum: 292.9]
      [GC Worker End (ms): Min: 1804146.7, Avg: 1804147.0, Max: 1804147.2, Diff: 0.5]
   [Code Root Fixup: 0.0 ms]
   [Clear CT: 1.9 ms]
   [Other: 16.3 ms]
      [Choose CSet: 0.0 ms]
      [Ref Proc: 10.6 ms]
      [Ref Enq: 0.5 ms]
      [Free CSet: 4.6 ms]
   [Eden: 1787.0M(1787.0M)->0.0B(1789.0M) Survivors: 14.0M->12.0M Heap: 1914.1M(2252.0M)->124.9M(2252.0M)]
 [Times: user=0.34 sys=0.01, real=0.03 secs] 

 Concurrent RS processed 1042820 cards
  Of 30684 completed buffers:
        30684 (100.0%) by conc RS threads.
            0 (  0.0%) by mutator threads.
  Conc RS threads times(s)
          0.00     0.00     0.00     0.00     0.00     0.00     0.00     0.00     0.00     0.00     0.00     0.00     0.00     0.00     0.00     0.00     0.00     0.00     0.00
  Total heap region rem set sizes = 6734K.  Max = 29K.
  Static structures = 369K, free_lists = 233K.
    276443 occupied cards represented.
    Max size region = 9:(O)[0x0000000763d00000,0x0000000763dfdd18,0x0000000763e00000], size = 30K, occupied = 77K.
    Did 1280 coarsenings.
2014-08-01T09:26:31.174-0500: 1811.617: [GC pause (young) 1811.617: [G1Ergonomics (CSet Construction) start choosing CSet, _pending_cards: 5143, predicted base time: 22.31 ms, remaining time: 77.69 ms, target pause time: 100.00 ms]
 1811.617: [G1Ergonomics (CSet Construction) add young regions to CSet, eden: 1789 regions, survivors: 12 regions, predicted young region time: 13.66 ms]
 1811.617: [G1Ergonomics (CSet Construction) finish choosing CSet, eden: 1789 regions, survivors: 12 regions, old: 0 regions, predicted pause time: 35.98 ms, target pause time: 100.00 ms]
, 0.0469530 secs]
   [Parallel Time: 31.0 ms, GC Workers: 18]
      [GC Worker Start (ms): Min: 1811617.4, Avg: 1811617.5, Max: 1811617.7, Diff: 0.3]
      [Ext Root Scanning (ms): Min: 6.6, Avg: 9.2, Max: 21.1, Diff: 14.5, Sum: 165.3]
      [Update RS (ms): Min: 0.0, Avg: 1.3, Max: 4.4, Diff: 4.4, Sum: 23.9]
         [Processed Buffers: Min: 0, Avg: 7.7, Max: 21, Diff: 21, Sum: 138]
      [Scan RS (ms): Min: 0.2, Avg: 0.8, Max: 1.0, Diff: 0.8, Sum: 15.1]
      [Object Copy (ms): Min: 8.1, Avg: 17.6, Max: 19.0, Diff: 10.9, Sum: 316.7]
      [Termination (ms): Min: 0.2, Avg: 1.2, Max: 1.3, Diff: 1.1, Sum: 21.4]
      [GC Worker Other (ms): Min: 0.0, Avg: 0.3, Max: 2.5, Diff: 2.5, Sum: 5.7]
      [GC Worker Total (ms): Min: 30.1, Avg: 30.4, Max: 30.7, Diff: 0.5, Sum: 548.0]
      [GC Worker End (ms): Min: 1811647.8, Avg: 1811648.0, Max: 1811648.2, Diff: 0.3]
   [Code Root Fixup: 0.0 ms]
   [Clear CT: 1.8 ms]
   [Other: 14.2 ms]
      [Choose CSet: 0.0 ms]
      [Ref Proc: 6.7 ms]
      [Ref Enq: 0.5 ms]
      [Free CSet: 6.1 ms]
   [Eden: 1789.0M(1789.0M)->0.0B(1779.0M) Survivors: 12.0M->22.0M Heap: 1913.9M(2252.0M)->135.3M(2252.0M)]
 [Times: user=0.54 sys=0.01, real=0.04 secs] 

 Concurrent RS processed 1045046 cards
  Of 30822 completed buffers:
        30822 (100.0%) by conc RS threads.
            0 (  0.0%) by mutator threads.
  Conc RS threads times(s)
          0.00     0.00     0.00     0.00     0.00     0.00     0.00     0.00     0.00     0.00     0.00     0.00     0.00     0.00     0.00     0.00     0.00     0.00     0.00
  Total heap region rem set sizes = 6740K.  Max = 29K.
  Static structures = 369K, free_lists = 232K.
    276973 occupied cards represented.
    Max size region = 9:(O)[0x0000000763d00000,0x0000000763dfdd18,0x0000000763e00000], size = 30K, occupied = 77K.
    Did 1280 coarsenings.
2014-08-01T09:26:38.654-0500: 1819.097: [GC pause (young) 1819.097: [G1Ergonomics (CSet Construction) start choosing CSet, _pending_cards: 5351, predicted base time: 22.24 ms, remaining time: 77.76 ms, target pause time: 100.00 ms]
 1819.097: [G1Ergonomics (CSet Construction) add young regions to CSet, eden: 1779 regions, survivors: 22 regions, predicted young region time: 15.40 ms]
 1819.097: [G1Ergonomics (CSet Construction) finish choosing CSet, eden: 1779 regions, survivors: 22 regions, old: 0 regions, predicted pause time: 37.65 ms, target pause time: 100.00 ms]
, 0.0356610 secs]
   [Parallel Time: 22.1 ms, GC Workers: 18]
      [GC Worker Start (ms): Min: 1819097.8, Avg: 1819097.9, Max: 1819098.2, Diff: 0.4]
      [Ext Root Scanning (ms): Min: 6.0, Avg: 7.2, Max: 11.1, Diff: 5.1, Sum: 129.3]
      [Update RS (ms): Min: 0.0, Avg: 1.3, Max: 2.0, Diff: 2.0, Sum: 22.8]
         [Processed Buffers: Min: 0, Avg: 8.1, Max: 29, Diff: 29, Sum: 145]
      [Scan RS (ms): Min: 0.2, Avg: 0.8, Max: 1.0, Diff: 0.8, Sum: 14.3]
      [Object Copy (ms): Min: 6.2, Avg: 8.5, Max: 11.6, Diff: 5.4, Sum: 152.7]
      [Termination (ms): Min: 0.0, Avg: 3.1, Max: 3.7, Diff: 3.7, Sum: 55.3]
      [GC Worker Other (ms): Min: 0.0, Avg: 0.3, Max: 0.8, Diff: 0.7, Sum: 5.4]
      [GC Worker Total (ms): Min: 20.7, Avg: 21.1, Max: 21.7, Diff: 1.0, Sum: 379.8]
      [GC Worker End (ms): Min: 1819118.8, Avg: 1819119.0, Max: 1819119.5, Diff: 0.7]
   [Code Root Fixup: 0.0 ms]
   [Clear CT: 2.0 ms]
   [Other: 11.5 ms]
      [Choose CSet: 0.0 ms]
      [Ref Proc: 5.6 ms]
      [Ref Enq: 0.6 ms]
      [Free CSet: 4.6 ms]
   [Eden: 1779.0M(1779.0M)->0.0B(1786.0M) Survivors: 22.0M->15.0M Heap: 1914.3M(2252.0M)->128.5M(2252.0M)]
 [Times: user=0.40 sys=0.01, real=0.04 secs] 

 Concurrent RS processed 1047154 cards
  Of 30967 completed buffers:
        30967 (100.0%) by conc RS threads.
            0 (  0.0%) by mutator threads.
  Conc RS threads times(s)
          0.00     0.00     0.00     0.00     0.00     0.00     0.00     0.00     0.00     0.00     0.00     0.00     0.00     0.00     0.00     0.00     0.00     0.00     0.00
  Total heap region rem set sizes = 6742K.  Max = 29K.
  Static structures = 369K, free_lists = 231K.
    277455 occupied cards represented.
    Max size region = 9:(O)[0x0000000763d00000,0x0000000763dfdd18,0x0000000763e00000], size = 30K, occupied = 77K.
    Did 1280 coarsenings.
2014-08-01T09:26:45.779-0500: 1826.222: [GC pause (young) 1826.222: [G1Ergonomics (CSet Construction) start choosing CSet, _pending_cards: 5333, predicted base time: 21.40 ms, remaining time: 78.60 ms, target pause time: 100.00 ms]
 1826.222: [G1Ergonomics (CSet Construction) add young regions to CSet, eden: 1786 regions, survivors: 15 regions, predicted young region time: 22.23 ms]
 1826.222: [G1Ergonomics (CSet Construction) finish choosing CSet, eden: 1786 regions, survivors: 15 regions, old: 0 regions, predicted pause time: 43.63 ms, target pause time: 100.00 ms]
, 0.0364410 secs]
   [Parallel Time: 20.7 ms, GC Workers: 18]
      [GC Worker Start (ms): Min: 1826222.2, Avg: 1826222.4, Max: 1826222.6, Diff: 0.4]
      [Ext Root Scanning (ms): Min: 6.4, Avg: 7.3, Max: 11.5, Diff: 5.1, Sum: 131.3]
      [Update RS (ms): Min: 0.0, Avg: 1.9, Max: 10.5, Diff: 10.5, Sum: 34.4]
         [Processed Buffers: Min: 0, Avg: 7.8, Max: 23, Diff: 23, Sum: 140]
      [Scan RS (ms): Min: 0.2, Avg: 0.9, Max: 1.0, Diff: 0.8, Sum: 15.4]
      [Object Copy (ms): Min: 1.6, Avg: 7.2, Max: 7.9, Diff: 6.3, Sum: 129.4]
      [Termination (ms): Min: 0.0, Avg: 2.4, Max: 2.6, Diff: 2.6, Sum: 42.6]
      [GC Worker Other (ms): Min: 0.0, Avg: 0.2, Max: 0.4, Diff: 0.3, Sum: 3.0]
      [GC Worker Total (ms): Min: 19.5, Avg: 19.8, Max: 20.1, Diff: 0.6, Sum: 356.1]
      [GC Worker End (ms): Min: 1826242.0, Avg: 1826242.2, Max: 1826242.4, Diff: 0.3]
   [Code Root Fixup: 0.0 ms]
   [Clear CT: 2.4 ms]
   [Other: 13.3 ms]
      [Choose CSet: 0.0 ms]
      [Ref Proc: 7.4 ms]
      [Ref Enq: 0.4 ms]
      [Free CSet: 4.8 ms]
   [Eden: 1786.0M(1786.0M)->0.0B(1787.0M) Survivors: 15.0M->14.0M Heap: 1914.5M(2252.0M)->127.4M(2252.0M)]
 [Times: user=0.39 sys=0.01, real=0.04 secs] 

 Concurrent RS processed 1049319 cards
  Of 31107 completed buffers:
        31107 (100.0%) by conc RS threads.
            0 (  0.0%) by mutator threads.
  Conc RS threads times(s)
          0.00     0.00     0.00     0.00     0.00     0.00     0.00     0.00     0.00     0.00     0.00     0.00     0.00     0.00     0.00     0.00     0.00     0.00     0.00
  Total heap region rem set sizes = 6742K.  Max = 29K.
  Static structures = 369K, free_lists = 231K.
    277868 occupied cards represented.
    Max size region = 9:(O)[0x0000000763d00000,0x0000000763dfdd18,0x0000000763e00000], size = 30K, occupied = 77K.
    Did 1280 coarsenings.
2014-08-01T09:26:53.197-0500: 1833.640: [GC pause (young) 1833.640: [G1Ergonomics (CSet Construction) start choosing CSet, _pending_cards: 5316, predicted base time: 21.54 ms, remaining time: 78.46 ms, target pause time: 100.00 ms]
 1833.640: [G1Ergonomics (CSet Construction) add young regions to CSet, eden: 1787 regions, survivors: 14 regions, predicted young region time: 15.36 ms]
 1833.641: [G1Ergonomics (CSet Construction) finish choosing CSet, eden: 1787 regions, survivors: 14 regions, old: 0 regions, predicted pause time: 36.90 ms, target pause time: 100.00 ms]
, 0.0445400 secs]
   [Parallel Time: 26.0 ms, GC Workers: 18]
      [GC Worker Start (ms): Min: 1833640.7, Avg: 1833640.9, Max: 1833641.1, Diff: 0.4]
      [Ext Root Scanning (ms): Min: 6.7, Avg: 9.2, Max: 12.4, Diff: 5.7, Sum: 165.4]
      [Update RS (ms): Min: 0.0, Avg: 2.5, Max: 11.5, Diff: 11.5, Sum: 44.7]
         [Processed Buffers: Min: 0, Avg: 7.8, Max: 20, Diff: 20, Sum: 141]
      [Scan RS (ms): Min: 0.3, Avg: 1.0, Max: 1.4, Diff: 1.1, Sum: 18.8]
      [Object Copy (ms): Min: 3.3, Avg: 11.4, Max: 13.2, Diff: 10.0, Sum: 205.4]
      [Termination (ms): Min: 0.0, Avg: 0.4, Max: 1.5, Diff: 1.5, Sum: 7.1]
      [GC Worker Other (ms): Min: 0.0, Avg: 0.2, Max: 0.4, Diff: 0.3, Sum: 3.9]
      [GC Worker Total (ms): Min: 24.4, Avg: 24.7, Max: 25.7, Diff: 1.3, Sum: 445.3]
      [GC Worker End (ms): Min: 1833665.4, Avg: 1833665.6, Max: 1833666.6, Diff: 1.2]
   [Code Root Fixup: 0.0 ms]
   [Clear CT: 2.0 ms]
   [Other: 16.6 ms]
      [Choose CSet: 0.0 ms]
      [Ref Proc: 9.6 ms]
      [Ref Enq: 1.1 ms]
      [Free CSet: 5.2 ms]
   [Eden: 1787.0M(1787.0M)->0.0B(1777.0M) Survivors: 14.0M->24.0M Heap: 1914.4M(2252.0M)->137.2M(2252.0M)]
 [Times: user=0.46 sys=0.01, real=0.04 secs] 

 Concurrent RS processed 1051632 cards
  Of 31248 completed buffers:
        31248 (100.0%) by conc RS threads.
            0 (  0.0%) by mutator threads.
  Conc RS threads times(s)
          0.00     0.00     0.00     0.00     0.00     0.00     0.00     0.00     0.00     0.00     0.00     0.00     0.00     0.00     0.00     0.00     0.00     0.00     0.00
  Total heap region rem set sizes = 6742K.  Max = 29K.
  Static structures = 369K, free_lists = 231K.
    278298 occupied cards represented.
    Max size region = 9:(O)[0x0000000763d00000,0x0000000763dfdd18,0x0000000763e00000], size = 30K, occupied = 77K.
    Did 1280 coarsenings.
2014-08-01T09:27:00.170-0500: 1840.614: [GC pause (young) 1840.614: [G1Ergonomics (CSet Construction) start choosing CSet, _pending_cards: 5839, predicted base time: 23.85 ms, remaining time: 76.15 ms, target pause time: 100.00 ms]
 1840.614: [G1Ergonomics (CSet Construction) add young regions to CSet, eden: 1777 regions, survivors: 24 regions, predicted young region time: 18.54 ms]
 1840.614: [G1Ergonomics (CSet Construction) finish choosing CSet, eden: 1777 regions, survivors: 24 regions, old: 0 regions, predicted pause time: 42.40 ms, target pause time: 100.00 ms]
, 0.0437250 secs]
   [Parallel Time: 30.0 ms, GC Workers: 18]
      [GC Worker Start (ms): Min: 1840614.0, Avg: 1840614.1, Max: 1840614.3, Diff: 0.3]
      [Ext Root Scanning (ms): Min: 6.0, Avg: 7.1, Max: 11.2, Diff: 5.2, Sum: 127.9]
      [Update RS (ms): Min: 0.0, Avg: 1.4, Max: 3.0, Diff: 3.0, Sum: 25.7]
         [Processed Buffers: Min: 0, Avg: 8.0, Max: 30, Diff: 30, Sum: 144]
      [Scan RS (ms): Min: 0.2, Avg: 0.8, Max: 1.1, Diff: 0.8, Sum: 14.3]
      [Object Copy (ms): Min: 15.6, Avg: 18.0, Max: 21.2, Diff: 5.6, Sum: 323.2]
      [Termination (ms): Min: 0.2, Avg: 2.0, Max: 2.2, Diff: 1.9, Sum: 35.2]
      [GC Worker Other (ms): Min: 0.0, Avg: 0.2, Max: 0.4, Diff: 0.3, Sum: 3.3]
      [GC Worker Total (ms): Min: 29.1, Avg: 29.4, Max: 29.7, Diff: 0.6, Sum: 529.4]
      [GC Worker End (ms): Min: 1840643.4, Avg: 1840643.6, Max: 1840643.7, Diff: 0.4]
   [Code Root Fixup: 0.0 ms]
   [Clear CT: 2.2 ms]
   [Other: 11.5 ms]
      [Choose CSet: 0.0 ms]
      [Ref Proc: 5.6 ms]
      [Ref Enq: 0.4 ms]
      [Free CSet: 4.9 ms]
   [Eden: 1777.0M(1777.0M)->0.0B(1783.0M) Survivors: 24.0M->18.0M Heap: 1914.2M(2252.0M)->131.7M(2252.0M)]
 [Times: user=0.56 sys=0.01, real=0.04 secs] 

 Concurrent RS processed 1053874 cards
  Of 31392 completed buffers:
        31392 (100.0%) by conc RS threads.
            0 (  0.0%) by mutator threads.
  Conc RS threads times(s)
          0.00     0.00     0.00     0.00     0.00     0.00     0.00     0.00     0.00     0.00     0.00     0.00     0.00     0.00     0.00     0.00     0.00     0.00     0.00
  Total heap region rem set sizes = 6743K.  Max = 29K.
  Static structures = 369K, free_lists = 231K.
    278733 occupied cards represented.
    Max size region = 9:(O)[0x0000000763d00000,0x0000000763dfdd18,0x0000000763e00000], size = 30K, occupied = 77K.
    Did 1280 coarsenings.
2014-08-01T09:27:07.670-0500: 1848.113: [GC pause (young) 1848.113: [G1Ergonomics (CSet Construction) start choosing CSet, _pending_cards: 5318, predicted base time: 22.36 ms, remaining time: 77.64 ms, target pause time: 100.00 ms]
 1848.113: [G1Ergonomics (CSet Construction) add young regions to CSet, eden: 1783 regions, survivors: 18 regions, predicted young region time: 15.61 ms]
 1848.113: [G1Ergonomics (CSet Construction) finish choosing CSet, eden: 1783 regions, survivors: 18 regions, old: 0 regions, predicted pause time: 37.97 ms, target pause time: 100.00 ms]
, 0.0442620 secs]
   [Parallel Time: 27.0 ms, GC Workers: 18]
      [GC Worker Start (ms): Min: 1848113.5, Avg: 1848113.7, Max: 1848113.8, Diff: 0.4]
      [Ext Root Scanning (ms): Min: 4.8, Avg: 7.5, Max: 24.1, Diff: 19.3, Sum: 135.8]
      [Update RS (ms): Min: 0.0, Avg: 1.4, Max: 3.2, Diff: 3.2, Sum: 24.6]
         [Processed Buffers: Min: 0, Avg: 8.0, Max: 21, Diff: 21, Sum: 144]
      [Scan RS (ms): Min: 0.3, Avg: 0.8, Max: 1.0, Diff: 0.8, Sum: 14.6]
      [Object Copy (ms): Min: 1.7, Avg: 8.0, Max: 8.9, Diff: 7.2, Sum: 144.3]
      [Termination (ms): Min: 0.0, Avg: 8.6, Max: 9.1, Diff: 9.1, Sum: 154.1]
      [GC Worker Other (ms): Min: 0.0, Avg: 0.2, Max: 0.4, Diff: 0.3, Sum: 3.3]
      [GC Worker Total (ms): Min: 26.2, Avg: 26.5, Max: 26.8, Diff: 0.6, Sum: 476.7]
      [GC Worker End (ms): Min: 1848140.0, Avg: 1848140.1, Max: 1848140.3, Diff: 0.3]
   [Code Root Fixup: 0.0 ms]
   [Clear CT: 2.2 ms]
   [Other: 15.1 ms]
      [Choose CSet: 0.0 ms]
      [Ref Proc: 6.4 ms]
      [Ref Enq: 0.7 ms]
      [Free CSet: 7.3 ms]
   [Eden: 1783.0M(1783.0M)->0.0B(1787.0M) Survivors: 18.0M->14.0M Heap: 1914.7M(2252.0M)->127.3M(2252.0M)]
 [Times: user=0.52 sys=0.00, real=0.04 secs] 

 Concurrent RS processed 1056092 cards
  Of 31536 completed buffers:
        31536 (100.0%) by conc RS threads.
            0 (  0.0%) by mutator threads.
  Conc RS threads times(s)
          0.00     0.00     0.00     0.00     0.00     0.00     0.00     0.00     0.00     0.00     0.00     0.00     0.00     0.00     0.00     0.00     0.00     0.00     0.00
  Total heap region rem set sizes = 6743K.  Max = 29K.
  Static structures = 369K, free_lists = 231K.
    279271 occupied cards represented.
    Max size region = 9:(O)[0x0000000763d00000,0x0000000763dfdd18,0x0000000763e00000], size = 30K, occupied = 77K.
    Did 1280 coarsenings.
2014-08-01T09:27:15.001-0500: 1855.444: [GC pause (young) 1855.444: [G1Ergonomics (CSet Construction) start choosing CSet, _pending_cards: 5063, predicted base time: 21.63 ms, remaining time: 78.37 ms, target pause time: 100.00 ms]
 1855.444: [G1Ergonomics (CSet Construction) add young regions to CSet, eden: 1787 regions, survivors: 14 regions, predicted young region time: 27.50 ms]
 1855.444: [G1Ergonomics (CSet Construction) finish choosing CSet, eden: 1787 regions, survivors: 14 regions, old: 0 regions, predicted pause time: 49.13 ms, target pause time: 100.00 ms]
, 0.0273860 secs]
   [Parallel Time: 14.0 ms, GC Workers: 18]
      [GC Worker Start (ms): Min: 1855444.2, Avg: 1855444.4, Max: 1855444.5, Diff: 0.3]
      [Ext Root Scanning (ms): Min: 4.5, Avg: 6.8, Max: 10.6, Diff: 6.1, Sum: 122.9]
      [Update RS (ms): Min: 0.0, Avg: 0.7, Max: 2.0, Diff: 2.0, Sum: 13.4]
         [Processed Buffers: Min: 0, Avg: 7.7, Max: 30, Diff: 30, Sum: 139]
      [Scan RS (ms): Min: 0.2, Avg: 0.5, Max: 0.8, Diff: 0.6, Sum: 9.4]
      [Object Copy (ms): Min: 1.7, Avg: 4.4, Max: 5.5, Diff: 3.8, Sum: 80.0]
      [Termination (ms): Min: 0.0, Avg: 0.0, Max: 0.0, Diff: 0.0, Sum: 0.4]
      [GC Worker Other (ms): Min: 0.0, Avg: 0.6, Max: 1.2, Diff: 1.2, Sum: 10.2]
      [GC Worker Total (ms): Min: 12.5, Avg: 13.1, Max: 13.8, Diff: 1.3, Sum: 236.3]
      [GC Worker End (ms): Min: 1855456.9, Avg: 1855457.5, Max: 1855458.1, Diff: 1.2]
   [Code Root Fixup: 0.0 ms]
   [Clear CT: 2.3 ms]
   [Other: 11.1 ms]
      [Choose CSet: 0.0 ms]
      [Ref Proc: 7.5 ms]
      [Ref Enq: 0.3 ms]
      [Free CSet: 2.9 ms]
   [Eden: 1787.0M(1787.0M)->0.0B(1789.0M) Survivors: 14.0M->12.0M Heap: 1914.3M(2252.0M)->125.3M(2252.0M)]
 [Times: user=0.26 sys=0.01, real=0.02 secs] 

 Concurrent RS processed 1058397 cards
  Of 31675 completed buffers:
        31675 (100.0%) by conc RS threads.
            0 (  0.0%) by mutator threads.
  Conc RS threads times(s)
          0.00     0.00     0.00     0.00     0.00     0.00     0.00     0.00     0.00     0.00     0.00     0.00     0.00     0.00     0.00     0.00     0.00     0.00     0.00
  Total heap region rem set sizes = 6743K.  Max = 29K.
  Static structures = 369K, free_lists = 231K.
    279663 occupied cards represented.
    Max size region = 9:(O)[0x0000000763d00000,0x0000000763dfdd18,0x0000000763e00000], size = 30K, occupied = 77K.
    Did 1280 coarsenings.
2014-08-01T09:27:22.648-0500: 1863.091: [GC pause (young) 1863.091: [G1Ergonomics (CSet Construction) start choosing CSet, _pending_cards: 5830, predicted base time: 21.41 ms, remaining time: 78.59 ms, target pause time: 100.00 ms]
 1863.091: [G1Ergonomics (CSet Construction) add young regions to CSet, eden: 1789 regions, survivors: 12 regions, predicted young region time: 12.29 ms]
 1863.091: [G1Ergonomics (CSet Construction) finish choosing CSet, eden: 1789 regions, survivors: 12 regions, old: 0 regions, predicted pause time: 33.71 ms, target pause time: 100.00 ms]
, 0.0496230 secs]
   [Parallel Time: 32.3 ms, GC Workers: 18]
      [GC Worker Start (ms): Min: 1863091.6, Avg: 1863092.1, Max: 1863094.4, Diff: 2.8]
      [Ext Root Scanning (ms): Min: 7.5, Avg: 11.0, Max: 28.4, Diff: 20.8, Sum: 197.4]
      [Update RS (ms): Min: 0.0, Avg: 2.7, Max: 9.0, Diff: 9.0, Sum: 49.3]
         [Processed Buffers: Min: 0, Avg: 8.0, Max: 34, Diff: 34, Sum: 144]
      [Scan RS (ms): Min: 0.1, Avg: 1.1, Max: 5.0, Diff: 4.9, Sum: 20.4]
      [Object Copy (ms): Min: 0.1, Avg: 6.0, Max: 8.5, Diff: 8.4, Sum: 108.9]
      [Termination (ms): Min: 0.0, Avg: 10.3, Max: 11.3, Diff: 11.3, Sum: 186.0]
      [GC Worker Other (ms): Min: 0.0, Avg: 0.1, Max: 0.4, Diff: 0.3, Sum: 2.7]
      [GC Worker Total (ms): Min: 29.0, Avg: 31.4, Max: 31.9, Diff: 2.9, Sum: 564.7]
      [GC Worker End (ms): Min: 1863123.3, Avg: 1863123.5, Max: 1863123.6, Diff: 0.4]
   [Code Root Fixup: 0.0 ms]
   [Clear CT: 2.0 ms]
   [Other: 15.4 ms]
      [Choose CSet: 0.0 ms]
      [Ref Proc: 9.0 ms]
      [Ref Enq: 0.6 ms]
      [Free CSet: 5.0 ms]
   [Eden: 1789.0M(1789.0M)->0.0B(1782.0M) Survivors: 12.0M->19.0M Heap: 1914.3M(2252.0M)->132.6M(2252.0M)]
 [Times: user=0.49 sys=0.02, real=0.05 secs] 

 Concurrent RS processed 1060719 cards
  Of 31819 completed buffers:
        31819 (100.0%) by conc RS threads.
            0 (  0.0%) by mutator threads.
  Conc RS threads times(s)
          0.00     0.00     0.00     0.00     0.00     0.00     0.00     0.00     0.00     0.00     0.00     0.00     0.00     0.00     0.00     0.00     0.00     0.00     0.00
  Total heap region rem set sizes = 6743K.  Max = 29K.
  Static structures = 369K, free_lists = 231K.
    280119 occupied cards represented.
    Max size region = 9:(O)[0x0000000763d00000,0x0000000763dfdd18,0x0000000763e00000], size = 30K, occupied = 77K.
    Did 1280 coarsenings.
2014-08-01T09:27:29.532-0500: 1869.975: [GC pause (young) 1869.975: [G1Ergonomics (CSet Construction) start choosing CSet, _pending_cards: 4790, predicted base time: 23.44 ms, remaining time: 76.56 ms, target pause time: 100.00 ms]
 1869.975: [G1Ergonomics (CSet Construction) add young regions to CSet, eden: 1782 regions, survivors: 19 regions, predicted young region time: 12.53 ms]
 1869.975: [G1Ergonomics (CSet Construction) finish choosing CSet, eden: 1782 regions, survivors: 19 regions, old: 0 regions, predicted pause time: 35.97 ms, target pause time: 100.00 ms]
, 0.0410790 secs]
   [Parallel Time: 26.6 ms, GC Workers: 18]
      [GC Worker Start (ms): Min: 1869975.5, Avg: 1869975.7, Max: 1869975.9, Diff: 0.3]
      [Ext Root Scanning (ms): Min: 6.0, Avg: 7.0, Max: 11.1, Diff: 5.1, Sum: 126.8]
      [Update RS (ms): Min: 0.0, Avg: 1.7, Max: 6.5, Diff: 6.5, Sum: 31.1]
         [Processed Buffers: Min: 0, Avg: 7.6, Max: 29, Diff: 29, Sum: 136]
      [Scan RS (ms): Min: 0.2, Avg: 0.8, Max: 1.8, Diff: 1.6, Sum: 13.8]
      [Object Copy (ms): Min: 8.7, Avg: 12.7, Max: 16.5, Diff: 7.8, Sum: 228.9]
      [Termination (ms): Min: 0.0, Avg: 3.6, Max: 3.9, Diff: 3.9, Sum: 65.4]
      [GC Worker Other (ms): Min: 0.0, Avg: 0.2, Max: 0.4, Diff: 0.3, Sum: 3.1]
      [GC Worker Total (ms): Min: 25.8, Avg: 26.1, Max: 26.3, Diff: 0.4, Sum: 469.2]
      [GC Worker End (ms): Min: 1870001.6, Avg: 1870001.8, Max: 1870002.0, Diff: 0.3]
   [Code Root Fixup: 0.0 ms]
   [Clear CT: 1.9 ms]
   [Other: 12.5 ms]
      [Choose CSet: 0.0 ms]
      [Ref Proc: 6.2 ms]
      [Ref Enq: 0.5 ms]
      [Free CSet: 5.2 ms]
   [Eden: 1782.0M(1782.0M)->0.0B(1784.0M) Survivors: 19.0M->17.0M Heap: 1914.6M(2252.0M)->130.6M(2252.0M)]
 [Times: user=0.50 sys=0.01, real=0.05 secs] 

 Concurrent RS processed 1062965 cards
  Of 31955 completed buffers:
        31955 (100.0%) by conc RS threads.
            0 (  0.0%) by mutator threads.
  Conc RS threads times(s)
          0.00     0.00     0.00     0.00     0.00     0.00     0.00     0.00     0.00     0.00     0.00     0.00     0.00     0.00     0.00     0.00     0.00     0.00     0.00
  Total heap region rem set sizes = 6743K.  Max = 29K.
  Static structures = 369K, free_lists = 231K.
    280532 occupied cards represented.
    Max size region = 9:(O)[0x0000000763d00000,0x0000000763dfdd18,0x0000000763e00000], size = 30K, occupied = 77K.
    Did 1280 coarsenings.
2014-08-01T09:27:35.782-0500: 1876.225: [GC pause (young) 1876.226: [G1Ergonomics (CSet Construction) start choosing CSet, _pending_cards: 98544, predicted base time: 57.60 ms, remaining time: 42.40 ms, target pause time: 100.00 ms]
 1876.226: [G1Ergonomics (CSet Construction) add young regions to CSet, eden: 1559 regions, survivors: 17 regions, predicted young region time: 77.64 ms]
 1876.226: [G1Ergonomics (CSet Construction) finish choosing CSet, eden: 1559 regions, survivors: 17 regions, old: 0 regions, predicted pause time: 135.24 ms, target pause time: 100.00 ms]
, 0.0508170 secs]
   [Parallel Time: 37.7 ms, GC Workers: 18]
      [GC Worker Start (ms): Min: 1876226.0, Avg: 1876226.1, Max: 1876226.3, Diff: 0.4]
      [Ext Root Scanning (ms): Min: 6.8, Avg: 9.1, Max: 19.6, Diff: 12.8, Sum: 163.2]
      [Update RS (ms): Min: 10.3, Avg: 19.8, Max: 22.5, Diff: 12.2, Sum: 356.7]
         [Processed Buffers: Min: 15, Avg: 29.0, Max: 45, Diff: 30, Sum: 522]
      [Scan RS (ms): Min: 0.2, Avg: 1.1, Max: 1.5, Diff: 1.2, Sum: 20.7]
      [Object Copy (ms): Min: 5.4, Avg: 6.8, Max: 7.7, Diff: 2.3, Sum: 122.3]
      [Termination (ms): Min: 0.0, Avg: 0.1, Max: 0.1, Diff: 0.1, Sum: 1.8]
      [GC Worker Other (ms): Min: 0.0, Avg: 0.2, Max: 0.4, Diff: 0.4, Sum: 4.1]
      [GC Worker Total (ms): Min: 36.9, Avg: 37.2, Max: 37.5, Diff: 0.6, Sum: 668.8]
      [GC Worker End (ms): Min: 1876263.1, Avg: 1876263.3, Max: 1876263.5, Diff: 0.4]
   [Code Root Fixup: 0.0 ms]
   [Clear CT: 1.8 ms]
   [Other: 11.4 ms]
      [Choose CSet: 0.1 ms]
      [Ref Proc: 5.5 ms]
      [Ref Enq: 0.5 ms]
      [Free CSet: 4.5 ms]
   [Eden: 1559.0M(1559.0M)->0.0B(1764.0M) Survivors: 17.0M->13.0M Heap: 1781.6M(2252.0M)->218.6M(2252.0M)]
 [Times: user=0.64 sys=0.01, real=0.06 secs] 

 Concurrent RS processed 1160706 cards
  Of 32852 completed buffers:
        32852 (100.0%) by conc RS threads.
            0 (  0.0%) by mutator threads.
  Conc RS threads times(s)
          0.00     0.00     0.00     0.00     0.00     0.00     0.00     0.00     0.00     0.00     0.00     0.00     0.00     0.00     0.00     0.00     0.00     0.00     0.00
  Total heap region rem set sizes = 6533K.  Max = 29K.
  Static structures = 369K, free_lists = 230K.
    280870 occupied cards represented.
    Max size region = 9:(O)[0x0000000763d00000,0x0000000763dfdd18,0x0000000763e00000], size = 30K, occupied = 77K.
    Did 1280 coarsenings.
2014-08-01T09:27:42.809-0500: 1883.252: [GC pause (young) 1883.252: [G1Ergonomics (CSet Construction) start choosing CSet, _pending_cards: 5578, predicted base time: 21.94 ms, remaining time: 78.06 ms, target pause time: 100.00 ms]
 1883.252: [G1Ergonomics (CSet Construction) add young regions to CSet, eden: 1764 regions, survivors: 13 regions, predicted young region time: 12.62 ms]
 1883.252: [G1Ergonomics (CSet Construction) finish choosing CSet, eden: 1764 regions, survivors: 13 regions, old: 0 regions, predicted pause time: 34.56 ms, target pause time: 100.00 ms]
, 0.0368320 secs]
   [Parallel Time: 21.0 ms, GC Workers: 18]
      [GC Worker Start (ms): Min: 1883252.5, Avg: 1883252.7, Max: 1883252.8, Diff: 0.3]
      [Ext Root Scanning (ms): Min: 6.2, Avg: 7.1, Max: 12.9, Diff: 6.7, Sum: 127.6]
      [Update RS (ms): Min: 0.0, Avg: 1.3, Max: 2.2, Diff: 2.2, Sum: 23.8]
         [Processed Buffers: Min: 0, Avg: 7.9, Max: 22, Diff: 22, Sum: 143]
      [Scan RS (ms): Min: 0.3, Avg: 0.9, Max: 1.1, Diff: 0.8, Sum: 16.3]
      [Object Copy (ms): Min: 2.5, Avg: 6.5, Max: 10.7, Diff: 8.2, Sum: 117.6]
      [Termination (ms): Min: 0.0, Avg: 3.8, Max: 4.3, Diff: 4.3, Sum: 68.0]
      [GC Worker Other (ms): Min: 0.0, Avg: 0.3, Max: 1.1, Diff: 1.0, Sum: 5.6]
      [GC Worker Total (ms): Min: 19.6, Avg: 19.9, Max: 20.6, Diff: 1.0, Sum: 358.9]
      [GC Worker End (ms): Min: 1883272.3, Avg: 1883272.6, Max: 1883273.3, Diff: 1.0]
   [Code Root Fixup: 0.0 ms]
   [Clear CT: 2.1 ms]
   [Other: 13.7 ms]
      [Choose CSet: 0.0 ms]
      [Ref Proc: 7.6 ms]
      [Ref Enq: 0.5 ms]
      [Free CSet: 5.0 ms]
   [Eden: 1764.0M(1764.0M)->0.0B(1766.0M) Survivors: 13.0M->12.0M Heap: 1982.6M(2252.0M)->218.2M(2252.0M)]
 [Times: user=0.41 sys=0.01, real=0.04 secs] 

 Concurrent RS processed 1162865 cards
  Of 32995 completed buffers:
        32995 (100.0%) by conc RS threads.
            0 (  0.0%) by mutator threads.
  Conc RS threads times(s)
          0.00     0.00     0.00     0.00     0.00     0.00     0.00     0.00     0.00     0.00     0.00     0.00     0.00     0.00     0.00     0.00     0.00     0.00     0.00
  Total heap region rem set sizes = 6536K.  Max = 29K.
  Static structures = 369K, free_lists = 229K.
    281348 occupied cards represented.
    Max size region = 9:(O)[0x0000000763d00000,0x0000000763dfdd18,0x0000000763e00000], size = 30K, occupied = 77K.
    Did 1280 coarsenings.
2014-08-01T09:27:49.711-0500: 1890.154: [GC pause (young) 1890.154: [G1Ergonomics (CSet Construction) start choosing CSet, _pending_cards: 5313, predicted base time: 21.60 ms, remaining time: 78.40 ms, target pause time: 100.00 ms]
 1890.154: [G1Ergonomics (CSet Construction) add young regions to CSet, eden: 1766 regions, survivors: 12 regions, predicted young region time: 10.74 ms]
 1890.154: [G1Ergonomics (CSet Construction) finish choosing CSet, eden: 1766 regions, survivors: 12 regions, old: 0 regions, predicted pause time: 32.35 ms, target pause time: 100.00 ms]
, 0.0321420 secs]
   [Parallel Time: 16.9 ms, GC Workers: 18]
      [GC Worker Start (ms): Min: 1890154.2, Avg: 1890154.4, Max: 1890154.6, Diff: 0.3]
      [Ext Root Scanning (ms): Min: 5.4, Avg: 6.7, Max: 11.7, Diff: 6.3, Sum: 120.3]
      [Update RS (ms): Min: 0.0, Avg: 1.3, Max: 2.5, Diff: 2.5, Sum: 24.0]
         [Processed Buffers: Min: 0, Avg: 7.4, Max: 26, Diff: 26, Sum: 133]
      [Scan RS (ms): Min: 0.2, Avg: 0.8, Max: 1.1, Diff: 0.9, Sum: 14.8]
      [Object Copy (ms): Min: 3.9, Avg: 6.9, Max: 7.4, Diff: 3.5, Sum: 124.1]
      [Termination (ms): Min: 0.0, Avg: 0.0, Max: 0.0, Diff: 0.0, Sum: 0.6]
      [GC Worker Other (ms): Min: 0.1, Avg: 0.3, Max: 0.5, Diff: 0.4, Sum: 4.9]
      [GC Worker Total (ms): Min: 15.8, Avg: 16.0, Max: 16.3, Diff: 0.6, Sum: 288.7]
      [GC Worker End (ms): Min: 1890170.2, Avg: 1890170.4, Max: 1890170.6, Diff: 0.4]
   [Code Root Fixup: 0.0 ms]
   [Clear CT: 2.3 ms]
   [Other: 12.9 ms]
      [Choose CSet: 0.0 ms]
      [Ref Proc: 6.8 ms]
      [Ref Enq: 0.4 ms]
      [Free CSet: 5.0 ms]
   [Eden: 1766.0M(1766.0M)->0.0B(1746.0M) Survivors: 12.0M->22.0M Heap: 1984.2M(2252.0M)->227.9M(2252.0M)]
 [Times: user=0.35 sys=0.00, real=0.03 secs] 

 Concurrent RS processed 1164982 cards
  Of 33128 completed buffers:
        33128 (100.0%) by conc RS threads.
            0 (  0.0%) by mutator threads.
  Conc RS threads times(s)
          0.00     0.00     0.00     0.00     0.00     0.00     0.00     0.00     0.00     0.00     0.00     0.00     0.00     0.00     0.00     0.00     0.00     0.00     0.00
  Total heap region rem set sizes = 6539K.  Max = 29K.
  Static structures = 369K, free_lists = 229K.
    281921 occupied cards represented.
    Max size region = 9:(O)[0x0000000763d00000,0x0000000763dfdd18,0x0000000763e00000], size = 30K, occupied = 77K.
    Did 1280 coarsenings.
2014-08-01T09:27:56.886-0500: 1897.329: [GC pause (young) 1897.330: [G1Ergonomics (CSet Construction) start choosing CSet, _pending_cards: 5570, predicted base time: 21.14 ms, remaining time: 78.86 ms, target pause time: 100.00 ms]
 1897.330: [G1Ergonomics (CSet Construction) add young regions to CSet, eden: 1746 regions, survivors: 22 regions, predicted young region time: 14.90 ms]
 1897.330: [G1Ergonomics (CSet Construction) finish choosing CSet, eden: 1746 regions, survivors: 22 regions, old: 0 regions, predicted pause time: 36.04 ms, target pause time: 100.00 ms]
, 0.0381450 secs]
   [Parallel Time: 23.5 ms, GC Workers: 18]
      [GC Worker Start (ms): Min: 1897329.9, Avg: 1897330.1, Max: 1897330.3, Diff: 0.4]
      [Ext Root Scanning (ms): Min: 5.4, Avg: 7.6, Max: 11.5, Diff: 6.1, Sum: 136.2]
      [Update RS (ms): Min: 0.0, Avg: 1.5, Max: 4.7, Diff: 4.7, Sum: 26.6]
         [Processed Buffers: Min: 0, Avg: 7.9, Max: 23, Diff: 23, Sum: 143]
      [Scan RS (ms): Min: 0.2, Avg: 0.9, Max: 1.7, Diff: 1.5, Sum: 15.5]
      [Object Copy (ms): Min: 9.7, Avg: 12.2, Max: 13.2, Diff: 3.4, Sum: 218.9]
      [Termination (ms): Min: 0.2, Avg: 0.4, Max: 0.5, Diff: 0.3, Sum: 7.6]
      [GC Worker Other (ms): Min: 0.0, Avg: 0.2, Max: 0.4, Diff: 0.3, Sum: 3.7]
      [GC Worker Total (ms): Min: 22.4, Avg: 22.7, Max: 23.0, Diff: 0.6, Sum: 408.5]
      [GC Worker End (ms): Min: 1897352.6, Avg: 1897352.8, Max: 1897353.0, Diff: 0.4]
   [Code Root Fixup: 0.0 ms]
   [Clear CT: 1.9 ms]
   [Other: 12.8 ms]
      [Choose CSet: 0.1 ms]
      [Ref Proc: 5.4 ms]
      [Ref Enq: 1.4 ms]
      [Free CSet: 5.2 ms]
   [Eden: 1746.0M(1746.0M)->0.0B(1760.0M) Survivors: 22.0M->15.0M Heap: 1973.9M(2252.0M)->221.1M(2252.0M)]
 [Times: user=0.43 sys=0.01, real=0.04 secs] 

 Concurrent RS processed 1167197 cards
  Of 33271 completed buffers:
        33271 (100.0%) by conc RS threads.
            0 (  0.0%) by mutator threads.
  Conc RS threads times(s)
          0.00     0.00     0.00     0.00     0.00     0.00     0.00     0.00     0.00     0.00     0.00     0.00     0.00     0.00     0.00     0.00     0.00     0.00     0.00
  Total heap region rem set sizes = 6540K.  Max = 29K.
  Static structures = 369K, free_lists = 228K.
    282336 occupied cards represented.
    Max size region = 9:(O)[0x0000000763d00000,0x0000000763dfdd18,0x0000000763e00000], size = 30K, occupied = 77K.
    Did 1280 coarsenings.
2014-08-01T09:28:03.866-0500: 1904.309: [GC pause (young) 1904.309: [G1Ergonomics (CSet Construction) start choosing CSet, _pending_cards: 5572, predicted base time: 20.74 ms, remaining time: 79.26 ms, target pause time: 100.00 ms]
 1904.309: [G1Ergonomics (CSet Construction) add young regions to CSet, eden: 1760 regions, survivors: 15 regions, predicted young region time: 12.86 ms]
 1904.309: [G1Ergonomics (CSet Construction) finish choosing CSet, eden: 1760 regions, survivors: 15 regions, old: 0 regions, predicted pause time: 33.60 ms, target pause time: 100.00 ms]
, 0.0536880 secs]
   [Parallel Time: 27.0 ms, GC Workers: 18]
      [GC Worker Start (ms): Min: 1904309.7, Avg: 1904309.8, Max: 1904310.0, Diff: 0.3]
      [Ext Root Scanning (ms): Min: 5.0, Avg: 6.9, Max: 12.7, Diff: 7.7, Sum: 123.3]
      [Update RS (ms): Min: 0.0, Avg: 1.7, Max: 4.3, Diff: 4.3, Sum: 30.3]
         [Processed Buffers: Min: 0, Avg: 7.8, Max: 29, Diff: 29, Sum: 141]
      [Scan RS (ms): Min: 0.3, Avg: 1.0, Max: 1.4, Diff: 1.1, Sum: 18.1]
      [Object Copy (ms): Min: 7.4, Avg: 11.3, Max: 17.1, Diff: 9.7, Sum: 204.2]
      [Termination (ms): Min: 0.0, Avg: 5.3, Max: 5.9, Diff: 5.9, Sum: 95.3]
      [GC Worker Other (ms): Min: 0.0, Avg: 0.3, Max: 2.4, Diff: 2.4, Sum: 5.6]
      [GC Worker Total (ms): Min: 26.3, Avg: 26.5, Max: 26.8, Diff: 0.5, Sum: 476.8]
      [GC Worker End (ms): Min: 1904336.1, Avg: 1904336.3, Max: 1904336.5, Diff: 0.3]
   [Code Root Fixup: 0.0 ms]
   [Clear CT: 2.0 ms]
   [Other: 24.6 ms]
      [Choose CSet: 0.0 ms]
      [Ref Proc: 18.4 ms]
      [Ref Enq: 0.4 ms]
      [Free CSet: 5.2 ms]
   [Eden: 1760.0M(1760.0M)->0.0B(1740.0M) Survivors: 15.0M->25.0M Heap: 1981.1M(2252.0M)->231.5M(2252.0M)]
 [Times: user=0.67 sys=0.01, real=0.06 secs] 

 Concurrent RS processed 1169312 cards
  Of 33412 completed buffers:
        33412 (100.0%) by conc RS threads.
            0 (  0.0%) by mutator threads.
  Conc RS threads times(s)
          0.00     0.00     0.00     0.00     0.00     0.00     0.00     0.00     0.00     0.00     0.00     0.00     0.00     0.00     0.00     0.00     0.00     0.00     0.00
  Total heap region rem set sizes = 6541K.  Max = 29K.
  Static structures = 369K, free_lists = 228K.
    282712 occupied cards represented.
    Max size region = 9:(O)[0x0000000763d00000,0x0000000763dfdd18,0x0000000763e00000], size = 30K, occupied = 77K.
    Did 1280 coarsenings.
2014-08-01T09:28:11.108-0500: 1911.552: [GC pause (young) 1911.552: [G1Ergonomics (CSet Construction) start choosing CSet, _pending_cards: 5555, predicted base time: 25.39 ms, remaining time: 74.61 ms, target pause time: 100.00 ms]
 1911.552: [G1Ergonomics (CSet Construction) add young regions to CSet, eden: 1740 regions, survivors: 25 regions, predicted young region time: 17.13 ms]
 1911.552: [G1Ergonomics (CSet Construction) finish choosing CSet, eden: 1740 regions, survivors: 25 regions, old: 0 regions, predicted pause time: 42.52 ms, target pause time: 100.00 ms]
, 0.0290540 secs]
   [Parallel Time: 16.3 ms, GC Workers: 18]
      [GC Worker Start (ms): Min: 1911552.2, Avg: 1911552.4, Max: 1911552.6, Diff: 0.4]
      [Ext Root Scanning (ms): Min: 3.7, Avg: 5.0, Max: 6.7, Diff: 3.0, Sum: 90.6]
      [Update RS (ms): Min: 0.0, Avg: 0.9, Max: 3.1, Diff: 3.1, Sum: 16.0]
         [Processed Buffers: Min: 0, Avg: 7.8, Max: 42, Diff: 42, Sum: 140]
      [Scan RS (ms): Min: 0.2, Avg: 0.5, Max: 0.8, Diff: 0.6, Sum: 8.9]
      [Object Copy (ms): Min: 8.4, Avg: 9.1, Max: 9.4, Diff: 1.0, Sum: 164.4]
      [Termination (ms): Min: 0.0, Avg: 0.1, Max: 0.2, Diff: 0.2, Sum: 2.3]
      [GC Worker Other (ms): Min: 0.0, Avg: 0.2, Max: 0.4, Diff: 0.3, Sum: 3.9]
      [GC Worker Total (ms): Min: 15.6, Avg: 15.9, Max: 16.2, Diff: 0.6, Sum: 286.0]
      [GC Worker End (ms): Min: 1911568.1, Avg: 1911568.3, Max: 1911568.5, Diff: 0.3]
   [Code Root Fixup: 0.0 ms]
   [Clear CT: 1.7 ms]
   [Other: 11.1 ms]
      [Choose CSet: 0.1 ms]
      [Ref Proc: 5.3 ms]
      [Ref Enq: 0.3 ms]
      [Free CSet: 4.8 ms]
   [Eden: 1740.0M(1740.0M)->0.0B(1760.0M) Survivors: 25.0M->15.0M Heap: 1971.5M(2252.0M)->221.1M(2252.0M)]
 [Times: user=0.33 sys=0.01, real=0.02 secs] 

 Concurrent RS processed 1171651 cards
  Of 33552 completed buffers:
        33552 (100.0%) by conc RS threads.
            0 (  0.0%) by mutator threads.
  Conc RS threads times(s)
          0.00     0.00     0.00     0.00     0.00     0.00     0.00     0.00     0.00     0.00     0.00     0.00     0.00     0.00     0.00     0.00     0.00     0.00     0.00
  Total heap region rem set sizes = 6541K.  Max = 29K.
  Static structures = 369K, free_lists = 228K.
    283167 occupied cards represented.
    Max size region = 9:(O)[0x0000000763d00000,0x0000000763dfdd18,0x0000000763e00000], size = 30K, occupied = 77K.
    Did 1280 coarsenings.
2014-08-01T09:28:18.029-0500: 1918.472: [GC pause (young) 1918.472: [G1Ergonomics (CSet Construction) start choosing CSet, _pending_cards: 5571, predicted base time: 23.02 ms, remaining time: 76.98 ms, target pause time: 100.00 ms]
 1918.472: [G1Ergonomics (CSet Construction) add young regions to CSet, eden: 1760 regions, survivors: 15 regions, predicted young region time: 13.92 ms]
 1918.472: [G1Ergonomics (CSet Construction) finish choosing CSet, eden: 1760 regions, survivors: 15 regions, old: 0 regions, predicted pause time: 36.93 ms, target pause time: 100.00 ms]
, 0.0398440 secs]
   [Parallel Time: 25.1 ms, GC Workers: 18]
      [GC Worker Start (ms): Min: 1918472.5, Avg: 1918472.7, Max: 1918472.9, Diff: 0.4]
      [Ext Root Scanning (ms): Min: 6.4, Avg: 7.3, Max: 9.8, Diff: 3.4, Sum: 131.5]
      [Update RS (ms): Min: 0.0, Avg: 1.4, Max: 4.6, Diff: 4.6, Sum: 25.4]
         [Processed Buffers: Min: 0, Avg: 7.6, Max: 21, Diff: 21, Sum: 136]
      [Scan RS (ms): Min: 0.2, Avg: 0.9, Max: 1.1, Diff: 0.9, Sum: 15.4]
      [Object Copy (ms): Min: 11.0, Avg: 13.4, Max: 14.0, Diff: 3.0, Sum: 240.8]
      [Termination (ms): Min: 0.0, Avg: 0.6, Max: 0.6, Diff: 0.6, Sum: 10.2]
      [GC Worker Other (ms): Min: 0.0, Avg: 0.2, Max: 0.4, Diff: 0.4, Sum: 3.9]
      [GC Worker Total (ms): Min: 23.5, Avg: 23.7, Max: 24.0, Diff: 0.5, Sum: 427.1]
      [GC Worker End (ms): Min: 1918496.2, Avg: 1918496.4, Max: 1918496.6, Diff: 0.4]
   [Code Root Fixup: 0.0 ms]
   [Clear CT: 1.9 ms]
   [Other: 12.8 ms]
      [Choose CSet: 0.0 ms]
      [Ref Proc: 6.4 ms]
      [Ref Enq: 0.6 ms]
      [Free CSet: 5.1 ms]
   [Eden: 1760.0M(1760.0M)->0.0B(1762.0M) Survivors: 15.0M->14.0M Heap: 1981.1M(2252.0M)->220.5M(2252.0M)]
 [Times: user=0.45 sys=0.01, real=0.04 secs] 

 Concurrent RS processed 1173830 cards
  Of 33688 completed buffers:
        33688 (100.0%) by conc RS threads.
            0 (  0.0%) by mutator threads.
  Conc RS threads times(s)
          0.00     0.00     0.00     0.00     0.00     0.00     0.00     0.00     0.00     0.00     0.00     0.00     0.00     0.00     0.00     0.00     0.00     0.00     0.00
  Total heap region rem set sizes = 6541K.  Max = 29K.
  Static structures = 369K, free_lists = 228K.
    283563 occupied cards represented.
    Max size region = 9:(O)[0x0000000763d00000,0x0000000763dfdd18,0x0000000763e00000], size = 30K, occupied = 77K.
    Did 1280 coarsenings.
2014-08-01T09:28:25.190-0500: 1925.633: [GC pause (young) 1925.633: [G1Ergonomics (CSet Construction) start choosing CSet, _pending_cards: 5552, predicted base time: 22.39 ms, remaining time: 77.61 ms, target pause time: 100.00 ms]
 1925.633: [G1Ergonomics (CSet Construction) add young regions to CSet, eden: 1762 regions, survivors: 14 regions, predicted young region time: 34.98 ms]
 1925.633: [G1Ergonomics (CSet Construction) finish choosing CSet, eden: 1762 regions, survivors: 14 regions, old: 0 regions, predicted pause time: 57.36 ms, target pause time: 100.00 ms]
, 0.0345370 secs]
   [Parallel Time: 20.3 ms, GC Workers: 18]
      [GC Worker Start (ms): Min: 1925633.2, Avg: 1925633.4, Max: 1925633.6, Diff: 0.4]
      [Ext Root Scanning (ms): Min: 6.0, Avg: 6.8, Max: 11.0, Diff: 5.1, Sum: 122.0]
      [Update RS (ms): Min: 0.0, Avg: 1.5, Max: 2.9, Diff: 2.9, Sum: 26.3]
         [Processed Buffers: Min: 0, Avg: 7.6, Max: 30, Diff: 30, Sum: 136]
      [Scan RS (ms): Min: 0.2, Avg: 0.8, Max: 1.1, Diff: 0.9, Sum: 14.8]
      [Object Copy (ms): Min: 5.0, Avg: 7.4, Max: 9.7, Diff: 4.7, Sum: 132.8]
      [Termination (ms): Min: 0.0, Avg: 2.1, Max: 2.3, Diff: 2.3, Sum: 38.6]
      [GC Worker Other (ms): Min: 0.0, Avg: 0.2, Max: 0.4, Diff: 0.3, Sum: 3.2]
      [GC Worker Total (ms): Min: 18.4, Avg: 18.8, Max: 19.1, Diff: 0.6, Sum: 337.7]
      [GC Worker End (ms): Min: 1925652.0, Avg: 1925652.2, Max: 1925652.3, Diff: 0.3]
   [Code Root Fixup: 0.0 ms]
   [Clear CT: 2.1 ms]
   [Other: 12.1 ms]
      [Choose CSet: 0.0 ms]
      [Ref Proc: 5.8 ms]
      [Ref Enq: 0.5 ms]
      [Free CSet: 5.1 ms]
   [Eden: 1762.0M(1762.0M)->0.0B(1750.0M) Survivors: 14.0M->20.0M Heap: 1982.5M(2252.0M)->226.7M(2252.0M)]
 [Times: user=0.39 sys=0.01, real=0.04 secs] 

 Concurrent RS processed 1176041 cards
  Of 33824 completed buffers:
        33824 (100.0%) by conc RS threads.
            0 (  0.0%) by mutator threads.
  Conc RS threads times(s)
          0.00     0.00     0.00     0.00     0.00     0.00     0.00     0.00     0.00     0.00     0.00     0.00     0.00     0.00     0.00     0.00     0.00     0.00     0.00
  Total heap region rem set sizes = 6542K.  Max = 29K.
  Static structures = 369K, free_lists = 228K.
    283977 occupied cards represented.
    Max size region = 9:(O)[0x0000000763d00000,0x0000000763dfdd18,0x0000000763e00000], size = 30K, occupied = 77K.
    Did 1280 coarsenings.
2014-08-01T09:28:32.641-0500: 1933.084: [GC pause (young) 1933.085: [G1Ergonomics (CSet Construction) start choosing CSet, _pending_cards: 6098, predicted base time: 21.80 ms, remaining time: 78.20 ms, target pause time: 100.00 ms]
 1933.085: [G1Ergonomics (CSet Construction) add young regions to CSet, eden: 1750 regions, survivors: 20 regions, predicted young region time: 22.99 ms]
 1933.085: [G1Ergonomics (CSet Construction) finish choosing CSet, eden: 1750 regions, survivors: 20 regions, old: 0 regions, predicted pause time: 44.79 ms, target pause time: 100.00 ms]
, 0.0360400 secs]
   [Parallel Time: 17.5 ms, GC Workers: 18]
      [GC Worker Start (ms): Min: 1933084.7, Avg: 1933084.9, Max: 1933085.1, Diff: 0.3]
      [Ext Root Scanning (ms): Min: 4.9, Avg: 6.8, Max: 11.4, Diff: 6.6, Sum: 122.6]
      [Update RS (ms): Min: 0.0, Avg: 1.4, Max: 3.2, Diff: 3.2, Sum: 24.9]
         [Processed Buffers: Min: 0, Avg: 7.8, Max: 26, Diff: 26, Sum: 140]
      [Scan RS (ms): Min: 0.2, Avg: 0.9, Max: 1.1, Diff: 0.8, Sum: 15.6]
      [Object Copy (ms): Min: 5.2, Avg: 7.8, Max: 8.3, Diff: 3.1, Sum: 140.2]
      [Termination (ms): Min: 0.0, Avg: 0.1, Max: 0.1, Diff: 0.1, Sum: 1.1]
      [GC Worker Other (ms): Min: 0.0, Avg: 0.2, Max: 0.4, Diff: 0.4, Sum: 4.0]
      [GC Worker Total (ms): Min: 16.9, Avg: 17.1, Max: 17.5, Diff: 0.5, Sum: 308.5]
      [GC Worker End (ms): Min: 1933101.9, Avg: 1933102.0, Max: 1933102.2, Diff: 0.4]
   [Code Root Fixup: 0.0 ms]
   [Clear CT: 2.1 ms]
   [Other: 16.4 ms]
      [Choose CSet: 0.0 ms]
      [Ref Proc: 10.7 ms]
      [Ref Enq: 0.5 ms]
      [Free CSet: 4.5 ms]
   [Eden: 1750.0M(1750.0M)->0.0B(1752.0M) Survivors: 20.0M->19.0M Heap: 1976.7M(2252.0M)->225.8M(2252.0M)]
 [Times: user=0.40 sys=0.01, real=0.04 secs] 

 Concurrent RS processed 1178205 cards
  Of 33964 completed buffers:
        33964 (100.0%) by conc RS threads.
            0 (  0.0%) by mutator threads.
  Conc RS threads times(s)
          0.00     0.00     0.00     0.00     0.00     0.00     0.00     0.00     0.00     0.00     0.00     0.00     0.00     0.00     0.00     0.00     0.00     0.00     0.00
  Total heap region rem set sizes = 6542K.  Max = 29K.
  Static structures = 369K, free_lists = 228K.
    284405 occupied cards represented.
    Max size region = 9:(O)[0x0000000763d00000,0x0000000763dfdd18,0x0000000763e00000], size = 30K, occupied = 77K.
    Did 1280 coarsenings.
2014-08-01T09:28:40.029-0500: 1940.473: [GC pause (young) 1940.473: [G1Ergonomics (CSet Construction) start choosing CSet, _pending_cards: 5339, predicted base time: 22.19 ms, remaining time: 77.81 ms, target pause time: 100.00 ms]
 1940.473: [G1Ergonomics (CSet Construction) add young regions to CSet, eden: 1752 regions, survivors: 19 regions, predicted young region time: 14.60 ms]
 1940.473: [G1Ergonomics (CSet Construction) finish choosing CSet, eden: 1752 regions, survivors: 19 regions, old: 0 regions, predicted pause time: 36.79 ms, target pause time: 100.00 ms]
, 0.0340240 secs]
   [Parallel Time: 20.4 ms, GC Workers: 18]
      [GC Worker Start (ms): Min: 1940473.1, Avg: 1940473.3, Max: 1940473.5, Diff: 0.4]
      [Ext Root Scanning (ms): Min: 6.0, Avg: 7.0, Max: 11.0, Diff: 5.1, Sum: 125.2]
      [Update RS (ms): Min: 0.0, Avg: 1.3, Max: 2.1, Diff: 2.1, Sum: 23.9]
         [Processed Buffers: Min: 0, Avg: 7.7, Max: 33, Diff: 33, Sum: 138]
      [Scan RS (ms): Min: 0.2, Avg: 0.9, Max: 1.0, Diff: 0.8, Sum: 15.5]
      [Object Copy (ms): Min: 6.9, Avg: 9.2, Max: 11.0, Diff: 4.1, Sum: 165.8]
      [Termination (ms): Min: 0.0, Avg: 1.3, Max: 1.4, Diff: 1.4, Sum: 22.9]
      [GC Worker Other (ms): Min: 0.0, Avg: 0.2, Max: 0.4, Diff: 0.4, Sum: 3.9]
      [GC Worker Total (ms): Min: 19.6, Avg: 19.9, Max: 20.2, Diff: 0.6, Sum: 357.3]
      [GC Worker End (ms): Min: 1940493.0, Avg: 1940493.2, Max: 1940493.3, Diff: 0.4]
   [Code Root Fixup: 0.0 ms]
   [Clear CT: 2.9 ms]
   [Other: 10.7 ms]
      [Choose CSet: 0.0 ms]
      [Ref Proc: 5.1 ms]
      [Ref Enq: 0.4 ms]
      [Free CSet: 4.6 ms]
   [Eden: 1752.0M(1752.0M)->0.0B(1754.0M) Survivors: 19.0M->18.0M Heap: 1977.8M(2252.0M)->225.0M(2252.0M)]
 [Times: user=0.40 sys=0.00, real=0.04 secs] 

 Concurrent RS processed 1180334 cards
  Of 34102 completed buffers:
        34102 (100.0%) by conc RS threads.
            0 (  0.0%) by mutator threads.
  Conc RS threads times(s)
          0.00     0.00     0.00     0.00     0.00     0.00     0.00     0.00     0.00     0.00     0.00     0.00     0.00     0.00     0.00     0.00     0.00     0.00     0.00
  Total heap region rem set sizes = 6542K.  Max = 29K.
  Static structures = 369K, free_lists = 228K.
    284808 occupied cards represented.
    Max size region = 9:(O)[0x0000000763d00000,0x0000000763dfdd18,0x0000000763e00000], size = 30K, occupied = 77K.
    Did 1280 coarsenings.
2014-08-01T09:28:46.867-0500: 1947.310: [GC pause (young) 1947.310: [G1Ergonomics (CSet Construction) start choosing CSet, _pending_cards: 5315, predicted base time: 21.22 ms, remaining time: 78.78 ms, target pause time: 100.00 ms]
 1947.310: [G1Ergonomics (CSet Construction) add young regions to CSet, eden: 1754 regions, survivors: 18 regions, predicted young region time: 29.24 ms]
 1947.310: [G1Ergonomics (CSet Construction) finish choosing CSet, eden: 1754 regions, survivors: 18 regions, old: 0 regions, predicted pause time: 50.46 ms, target pause time: 100.00 ms]
, 0.0536570 secs]
   [Parallel Time: 27.6 ms, GC Workers: 18]
      [GC Worker Start (ms): Min: 1947310.3, Avg: 1947310.4, Max: 1947310.6, Diff: 0.3]
      [Ext Root Scanning (ms): Min: 4.4, Avg: 6.8, Max: 10.2, Diff: 5.8, Sum: 122.1]
      [Update RS (ms): Min: 0.0, Avg: 1.4, Max: 4.2, Diff: 4.2, Sum: 24.6]
         [Processed Buffers: Min: 0, Avg: 7.5, Max: 31, Diff: 31, Sum: 135]
      [Scan RS (ms): Min: 0.2, Avg: 0.9, Max: 1.6, Diff: 1.4, Sum: 16.1]
      [Object Copy (ms): Min: 11.5, Avg: 12.8, Max: 19.5, Diff: 8.0, Sum: 231.1]
      [Termination (ms): Min: 0.1, Avg: 4.7, Max: 5.1, Diff: 5.1, Sum: 83.8]
      [GC Worker Other (ms): Min: 0.0, Avg: 0.2, Max: 0.4, Diff: 0.3, Sum: 3.5]
      [GC Worker Total (ms): Min: 26.5, Avg: 26.7, Max: 27.0, Diff: 0.5, Sum: 481.2]
      [GC Worker End (ms): Min: 1947337.0, Avg: 1947337.1, Max: 1947337.4, Diff: 0.4]
   [Code Root Fixup: 0.0 ms]
   [Clear CT: 2.6 ms]
   [Other: 23.4 ms]
      [Choose CSet: 0.0 ms]
      [Ref Proc: 17.6 ms]
      [Ref Enq: 0.5 ms]
      [Free CSet: 4.7 ms]
   [Eden: 1754.0M(1754.0M)->0.0B(1754.0M) Survivors: 18.0M->18.0M Heap: 1979.0M(2252.0M)->225.0M(2252.0M)]
 [Times: user=0.65 sys=0.02, real=0.05 secs] 

 Concurrent RS processed 1182522 cards
  Of 34237 completed buffers:
        34237 (100.0%) by conc RS threads.
            0 (  0.0%) by mutator threads.
  Conc RS threads times(s)
          0.00     0.00     0.00     0.00     0.00     0.00     0.00     0.00     0.00     0.00     0.00     0.00     0.00     0.00     0.00     0.00     0.00     0.00     0.00
  Total heap region rem set sizes = 6542K.  Max = 30K.
  Static structures = 369K, free_lists = 227K.
    285214 occupied cards represented.
    Max size region = 9:(O)[0x0000000763d00000,0x0000000763dfdd18,0x0000000763e00000], size = 31K, occupied = 77K.
    Did 1280 coarsenings.
2014-08-01T09:28:53.581-0500: 1954.025: [GC pause (young) 1954.025: [G1Ergonomics (CSet Construction) start choosing CSet, _pending_cards: 5547, predicted base time: 25.43 ms, remaining time: 74.57 ms, target pause time: 100.00 ms]
 1954.025: [G1Ergonomics (CSet Construction) add young regions to CSet, eden: 1754 regions, survivors: 18 regions, predicted young region time: 12.06 ms]
 1954.025: [G1Ergonomics (CSet Construction) finish choosing CSet, eden: 1754 regions, survivors: 18 regions, old: 0 regions, predicted pause time: 37.49 ms, target pause time: 100.00 ms]
, 0.0364950 secs]
   [Parallel Time: 20.2 ms, GC Workers: 18]
      [GC Worker Start (ms): Min: 1954025.3, Avg: 1954025.4, Max: 1954025.6, Diff: 0.3]
      [Ext Root Scanning (ms): Min: 6.3, Avg: 7.5, Max: 11.6, Diff: 5.3, Sum: 135.5]
      [Update RS (ms): Min: 0.0, Avg: 1.4, Max: 2.8, Diff: 2.8, Sum: 25.3]
         [Processed Buffers: Min: 0, Avg: 7.5, Max: 21, Diff: 21, Sum: 135]
      [Scan RS (ms): Min: 0.2, Avg: 0.8, Max: 1.0, Diff: 0.8, Sum: 14.3]
      [Object Copy (ms): Min: 6.8, Avg: 9.1, Max: 9.9, Diff: 3.1, Sum: 164.3]
      [Termination (ms): Min: 0.0, Avg: 0.6, Max: 0.7, Diff: 0.7, Sum: 10.2]
      [GC Worker Other (ms): Min: 0.0, Avg: 0.2, Max: 0.4, Diff: 0.4, Sum: 4.0]
      [GC Worker Total (ms): Min: 19.4, Avg: 19.6, Max: 19.9, Diff: 0.5, Sum: 353.6]
      [GC Worker End (ms): Min: 1954044.9, Avg: 1954045.1, Max: 1954045.2, Diff: 0.4]
   [Code Root Fixup: 0.0 ms]
   [Clear CT: 1.9 ms]
   [Other: 14.3 ms]
      [Choose CSet: 0.0 ms]
      [Ref Proc: 8.5 ms]
      [Ref Enq: 0.5 ms]
      [Free CSet: 4.6 ms]
   [Eden: 1754.0M(1754.0M)->0.0B(1760.0M) Survivors: 18.0M->15.0M Heap: 1979.0M(2252.0M)->221.5M(2252.0M)]
 [Times: user=0.41 sys=0.00, real=0.04 secs] 

 Concurrent RS processed 1184684 cards
  Of 34372 completed buffers:
        34372 (100.0%) by conc RS threads.
            0 (  0.0%) by mutator threads.
  Conc RS threads times(s)
          0.00     0.00     0.00     0.00     0.00     0.00     0.00     0.00     0.00     0.00     0.00     0.00     0.00     0.00     0.00     0.00     0.00     0.00     0.00
  Total heap region rem set sizes = 6542K.  Max = 30K.
  Static structures = 369K, free_lists = 227K.
    285577 occupied cards represented.
    Max size region = 9:(O)[0x0000000763d00000,0x0000000763dfdd18,0x0000000763e00000], size = 31K, occupied = 77K.
    Did 1280 coarsenings.
2014-08-01T09:29:01.122-0500: 1961.565: [GC pause (young) 1961.566: [G1Ergonomics (CSet Construction) start choosing CSet, _pending_cards: 5574, predicted base time: 24.53 ms, remaining time: 75.47 ms, target pause time: 100.00 ms]
 1961.566: [G1Ergonomics (CSet Construction) add young regions to CSet, eden: 1760 regions, survivors: 15 regions, predicted young region time: 12.22 ms]
 1961.566: [G1Ergonomics (CSet Construction) finish choosing CSet, eden: 1760 regions, survivors: 15 regions, old: 0 regions, predicted pause time: 36.75 ms, target pause time: 100.00 ms]
, 0.0458550 secs]
   [Parallel Time: 24.0 ms, GC Workers: 18]
      [GC Worker Start (ms): Min: 1961565.8, Avg: 1961566.0, Max: 1961566.2, Diff: 0.4]
      [Ext Root Scanning (ms): Min: 6.5, Avg: 9.0, Max: 11.8, Diff: 5.3, Sum: 162.6]
      [Update RS (ms): Min: 0.0, Avg: 2.0, Max: 12.0, Diff: 12.0, Sum: 35.3]
         [Processed Buffers: Min: 0, Avg: 7.7, Max: 27, Diff: 27, Sum: 139]
      [Scan RS (ms): Min: 0.2, Avg: 0.8, Max: 1.4, Diff: 1.2, Sum: 15.3]
      [Object Copy (ms): Min: 2.0, Avg: 10.4, Max: 11.7, Diff: 9.7, Sum: 186.5]
      [Termination (ms): Min: 0.0, Avg: 1.0, Max: 1.2, Diff: 1.2, Sum: 18.4]
      [GC Worker Other (ms): Min: 0.0, Avg: 0.2, Max: 0.3, Diff: 0.3, Sum: 3.2]
      [GC Worker Total (ms): Min: 23.1, Avg: 23.4, Max: 23.8, Diff: 0.7, Sum: 421.3]
      [GC Worker End (ms): Min: 1961589.2, Avg: 1961589.4, Max: 1961589.6, Diff: 0.3]
   [Code Root Fixup: 0.0 ms]
   [Clear CT: 3.0 ms]
   [Other: 18.9 ms]
      [Choose CSet: 0.0 ms]
      [Ref Proc: 10.6 ms]
      [Ref Enq: 1.6 ms]
      [Free CSet: 6.0 ms]
   [Eden: 1760.0M(1760.0M)->0.0B(1743.0M) Survivors: 15.0M->23.0M Heap: 1981.5M(2252.0M)->230.1M(2252.0M)]
 [Times: user=0.45 sys=0.01, real=0.05 secs] 

 Concurrent RS processed 1186923 cards
  Of 34511 completed buffers:
        34511 (100.0%) by conc RS threads.
            0 (  0.0%) by mutator threads.
  Conc RS threads times(s)
          0.00     0.00     0.00     0.00     0.00     0.00     0.00     0.00     0.00     0.00     0.00     0.00     0.00     0.00     0.00     0.00     0.00     0.00     0.00
  Total heap region rem set sizes = 6542K.  Max = 30K.
  Static structures = 369K, free_lists = 227K.
    285959 occupied cards represented.
    Max size region = 9:(O)[0x0000000763d00000,0x0000000763dfdd18,0x0000000763e00000], size = 31K, occupied = 77K.
    Did 1280 coarsenings.
2014-08-01T09:29:07.844-0500: 1968.288: [GC pause (young) 1968.288: [G1Ergonomics (CSet Construction) start choosing CSet, _pending_cards: 5558, predicted base time: 25.96 ms, remaining time: 74.04 ms, target pause time: 100.00 ms]
 1968.288: [G1Ergonomics (CSet Construction) add young regions to CSet, eden: 1743 regions, survivors: 23 regions, predicted young region time: 17.78 ms]
 1968.288: [G1Ergonomics (CSet Construction) finish choosing CSet, eden: 1743 regions, survivors: 23 regions, old: 0 regions, predicted pause time: 43.73 ms, target pause time: 100.00 ms]
, 0.0313340 secs]
   [Parallel Time: 16.3 ms, GC Workers: 18]
      [GC Worker Start (ms): Min: 1968288.0, Avg: 1968288.1, Max: 1968288.2, Diff: 0.2]
      [Ext Root Scanning (ms): Min: 4.6, Avg: 6.3, Max: 10.5, Diff: 5.9, Sum: 112.9]
      [Update RS (ms): Min: 0.0, Avg: 1.6, Max: 9.0, Diff: 9.0, Sum: 29.1]
         [Processed Buffers: Min: 0, Avg: 7.8, Max: 26, Diff: 26, Sum: 141]
      [Scan RS (ms): Min: 0.1, Avg: 0.6, Max: 0.9, Diff: 0.7, Sum: 11.7]
      [Object Copy (ms): Min: 0.8, Avg: 6.7, Max: 8.6, Diff: 7.8, Sum: 120.5]
      [Termination (ms): Min: 0.0, Avg: 0.5, Max: 0.8, Diff: 0.7, Sum: 8.2]
      [GC Worker Other (ms): Min: 0.0, Avg: 0.1, Max: 0.2, Diff: 0.2, Sum: 2.1]
      [GC Worker Total (ms): Min: 15.6, Avg: 15.8, Max: 16.0, Diff: 0.4, Sum: 284.5]
      [GC Worker End (ms): Min: 1968303.8, Avg: 1968303.9, Max: 1968304.2, Diff: 0.4]
   [Code Root Fixup: 0.0 ms]
   [Clear CT: 1.4 ms]
   [Other: 13.6 ms]
      [Choose CSet: 0.0 ms]
      [Ref Proc: 7.7 ms]
      [Ref Enq: 0.4 ms]
      [Free CSet: 4.9 ms]
   [Eden: 1743.0M(1743.0M)->0.0B(1757.0M) Survivors: 23.0M->16.0M Heap: 1973.1M(2252.0M)->223.0M(2252.0M)]
 [Times: user=0.27 sys=0.00, real=0.03 secs] 

 Concurrent RS processed 1189217 cards
  Of 34652 completed buffers:
        34652 (100.0%) by conc RS threads.
            0 (  0.0%) by mutator threads.
  Conc RS threads times(s)
          0.00     0.00     0.00     0.00     0.00     0.00     0.00     0.00     0.00     0.00     0.00     0.00     0.00     0.00     0.00     0.00     0.00     0.00     0.00
  Total heap region rem set sizes = 6547K.  Max = 30K.
  Static structures = 369K, free_lists = 226K.
    286469 occupied cards represented.
    Max size region = 9:(O)[0x0000000763d00000,0x0000000763dfdd18,0x0000000763e00000], size = 31K, occupied = 77K.
    Did 1280 coarsenings.
2014-08-01T09:29:15.323-0500: 1975.767: [GC pause (young) 1975.767: [G1Ergonomics (CSet Construction) start choosing CSet, _pending_cards: 5062, predicted base time: 24.16 ms, remaining time: 75.84 ms, target pause time: 100.00 ms]
 1975.767: [G1Ergonomics (CSet Construction) add young regions to CSet, eden: 1757 regions, survivors: 16 regions, predicted young region time: 13.27 ms]
 1975.767: [G1Ergonomics (CSet Construction) finish choosing CSet, eden: 1757 regions, survivors: 16 regions, old: 0 regions, predicted pause time: 37.44 ms, target pause time: 100.00 ms]
, 0.0388500 secs]
   [Parallel Time: 23.1 ms, GC Workers: 18]
      [GC Worker Start (ms): Min: 1975766.9, Avg: 1975767.1, Max: 1975767.2, Diff: 0.3]
      [Ext Root Scanning (ms): Min: 5.2, Avg: 7.0, Max: 12.0, Diff: 6.8, Sum: 126.6]
      [Update RS (ms): Min: 0.0, Avg: 1.2, Max: 3.0, Diff: 3.0, Sum: 22.2]
         [Processed Buffers: Min: 0, Avg: 7.5, Max: 17, Diff: 17, Sum: 135]
      [Scan RS (ms): Min: 0.2, Avg: 0.8, Max: 1.0, Diff: 0.8, Sum: 14.3]
      [Object Copy (ms): Min: 5.8, Avg: 9.3, Max: 13.9, Diff: 8.1, Sum: 168.0]
      [Termination (ms): Min: 0.0, Avg: 3.9, Max: 4.3, Diff: 4.3, Sum: 70.9]
      [GC Worker Other (ms): Min: 0.0, Avg: 0.2, Max: 0.4, Diff: 0.3, Sum: 3.4]
      [GC Worker Total (ms): Min: 22.3, Avg: 22.5, Max: 22.8, Diff: 0.5, Sum: 405.4]
      [GC Worker End (ms): Min: 1975789.4, Avg: 1975789.6, Max: 1975789.8, Diff: 0.3]
   [Code Root Fixup: 0.0 ms]
   [Clear CT: 1.9 ms]
   [Other: 13.8 ms]
      [Choose CSet: 0.0 ms]
      [Ref Proc: 8.2 ms]
      [Ref Enq: 0.4 ms]
      [Free CSet: 4.6 ms]
   [Eden: 1757.0M(1757.0M)->0.0B(1765.0M) Survivors: 16.0M->12.0M Heap: 1980.0M(2252.0M)->219.3M(2252.0M)]
 [Times: user=0.45 sys=0.01, real=0.04 secs] 

 Concurrent RS processed 1191442 cards
  Of 34787 completed buffers:
        34787 (100.0%) by conc RS threads.
            0 (  0.0%) by mutator threads.
  Conc RS threads times(s)
          0.00     0.00     0.00     0.00     0.00     0.00     0.00     0.00     0.00     0.00     0.00     0.00     0.00     0.00     0.00     0.00     0.00     0.00     0.00
  Total heap region rem set sizes = 6548K.  Max = 30K.
  Static structures = 369K, free_lists = 226K.
    286950 occupied cards represented.
    Max size region = 9:(O)[0x0000000763d00000,0x0000000763dfdd18,0x0000000763e00000], size = 31K, occupied = 77K.
    Did 1280 coarsenings.
2014-08-01T09:29:22.782-0500: 1983.225: [GC pause (young) 1983.226: [G1Ergonomics (CSet Construction) start choosing CSet, _pending_cards: 5827, predicted base time: 23.47 ms, remaining time: 76.53 ms, target pause time: 100.00 ms]
 1983.226: [G1Ergonomics (CSet Construction) add young regions to CSet, eden: 1765 regions, survivors: 12 regions, predicted young region time: 10.34 ms]
 1983.226: [G1Ergonomics (CSet Construction) finish choosing CSet, eden: 1765 regions, survivors: 12 regions, old: 0 regions, predicted pause time: 33.81 ms, target pause time: 100.00 ms]
, 0.0398900 secs]
   [Parallel Time: 23.2 ms, GC Workers: 18]
      [GC Worker Start (ms): Min: 1983225.8, Avg: 1983226.1, Max: 1983226.5, Diff: 0.7]
      [Ext Root Scanning (ms): Min: 6.2, Avg: 8.4, Max: 15.6, Diff: 9.4, Sum: 150.5]
      [Update RS (ms): Min: 0.0, Avg: 1.4, Max: 2.7, Diff: 2.7, Sum: 24.8]
         [Processed Buffers: Min: 0, Avg: 7.7, Max: 35, Diff: 35, Sum: 139]
      [Scan RS (ms): Min: 0.2, Avg: 0.8, Max: 1.7, Diff: 1.5, Sum: 14.6]
      [Object Copy (ms): Min: 5.4, Avg: 11.3, Max: 12.4, Diff: 7.0, Sum: 204.2]
      [Termination (ms): Min: 0.0, Avg: 0.4, Max: 0.6, Diff: 0.6, Sum: 8.0]
      [GC Worker Other (ms): Min: 0.0, Avg: 0.2, Max: 0.4, Diff: 0.4, Sum: 3.8]
      [GC Worker Total (ms): Min: 22.0, Avg: 22.6, Max: 23.0, Diff: 1.0, Sum: 406.0]
      [GC Worker End (ms): Min: 1983248.4, Avg: 1983248.6, Max: 1983248.8, Diff: 0.4]
   [Code Root Fixup: 0.0 ms]
   [Clear CT: 2.2 ms]
   [Other: 14.5 ms]
      [Choose CSet: 0.0 ms]
      [Ref Proc: 6.8 ms]
      [Ref Enq: 0.4 ms]
      [Free CSet: 6.5 ms]
   [Eden: 1765.0M(1765.0M)->0.0B(1745.0M) Survivors: 12.0M->22.0M Heap: 1984.3M(2252.0M)->229.3M(2252.0M)]
 [Times: user=0.43 sys=0.01, real=0.04 secs] 

 Concurrent RS processed 1193715 cards
  Of 34926 completed buffers:
        34926 (100.0%) by conc RS threads.
            0 (  0.0%) by mutator threads.
  Conc RS threads times(s)
          0.00     0.00     0.00     0.00     0.00     0.00     0.00     0.00     0.00     0.00     0.00     0.00     0.00     0.00     0.00     0.00     0.00     0.00     0.00
  Total heap region rem set sizes = 6548K.  Max = 30K.
  Static structures = 369K, free_lists = 226K.
    287247 occupied cards represented.
    Max size region = 9:(O)[0x0000000763d00000,0x0000000763dfdd18,0x0000000763e00000], size = 31K, occupied = 77K.
    Did 1280 coarsenings.
2014-08-01T09:29:30.030-0500: 1990.473: [GC pause (young) 1990.473: [G1Ergonomics (CSet Construction) start choosing CSet, _pending_cards: 5072, predicted base time: 22.65 ms, remaining time: 77.35 ms, target pause time: 100.00 ms]
 1990.473: [G1Ergonomics (CSet Construction) add young regions to CSet, eden: 1745 regions, survivors: 22 regions, predicted young region time: 11.67 ms]
 1990.473: [G1Ergonomics (CSet Construction) finish choosing CSet, eden: 1745 regions, survivors: 22 regions, old: 0 regions, predicted pause time: 34.33 ms, target pause time: 100.00 ms]
, 0.0350870 secs]
   [Parallel Time: 22.3 ms, GC Workers: 18]
      [GC Worker Start (ms): Min: 1990473.8, Avg: 1990473.9, Max: 1990474.1, Diff: 0.3]
      [Ext Root Scanning (ms): Min: 5.2, Avg: 6.6, Max: 11.2, Diff: 6.0, Sum: 118.2]
      [Update RS (ms): Min: 0.0, Avg: 1.5, Max: 2.8, Diff: 2.8, Sum: 26.5]
         [Processed Buffers: Min: 0, Avg: 7.7, Max: 21, Diff: 21, Sum: 138]
      [Scan RS (ms): Min: 0.2, Avg: 0.8, Max: 1.0, Diff: 0.8, Sum: 14.7]
      [Object Copy (ms): Min: 10.0, Avg: 12.4, Max: 13.1, Diff: 3.1, Sum: 223.6]
      [Termination (ms): Min: 0.0, Avg: 0.2, Max: 0.3, Diff: 0.2, Sum: 3.6]
      [GC Worker Other (ms): Min: 0.0, Avg: 0.2, Max: 0.4, Diff: 0.4, Sum: 4.4]
      [GC Worker Total (ms): Min: 21.5, Avg: 21.7, Max: 21.9, Diff: 0.5, Sum: 391.0]
      [GC Worker End (ms): Min: 1990495.5, Avg: 1990495.7, Max: 1990495.8, Diff: 0.4]
   [Code Root Fixup: 0.0 ms]
   [Clear CT: 2.0 ms]
   [Other: 10.8 ms]
      [Choose CSet: 0.0 ms]
      [Ref Proc: 5.0 ms]
      [Ref Enq: 0.4 ms]
      [Free CSet: 4.6 ms]
   [Eden: 1745.0M(1745.0M)->0.0B(1761.0M) Survivors: 22.0M->14.0M Heap: 1974.3M(2252.0M)->220.9M(2252.0M)]
 [Times: user=0.44 sys=0.01, real=0.04 secs] 

 Concurrent RS processed 1195961 cards
  Of 35064 completed buffers:
        35064 (100.0%) by conc RS threads.
            0 (  0.0%) by mutator threads.
  Conc RS threads times(s)
          0.00     0.00     0.00     0.00     0.00     0.00     0.00     0.00     0.00     0.00     0.00     0.00     0.00     0.00     0.00     0.00     0.00     0.00     0.00
  Total heap region rem set sizes = 6549K.  Max = 30K.
  Static structures = 369K, free_lists = 225K.
    287601 occupied cards represented.
    Max size region = 9:(O)[0x0000000763d00000,0x0000000763dfdd18,0x0000000763e00000], size = 31K, occupied = 77K.
    Did 1280 coarsenings.
2014-08-01T09:29:37.072-0500: 1997.515: [GC pause (young) 1997.515: [G1Ergonomics (CSet Construction) start choosing CSet, _pending_cards: 5338, predicted base time: 21.49 ms, remaining time: 78.51 ms, target pause time: 100.00 ms]
 1997.515: [G1Ergonomics (CSet Construction) add young regions to CSet, eden: 1761 regions, survivors: 14 regions, predicted young region time: 19.10 ms]
 1997.515: [G1Ergonomics (CSet Construction) finish choosing CSet, eden: 1761 regions, survivors: 14 regions, old: 0 regions, predicted pause time: 40.59 ms, target pause time: 100.00 ms]
, 0.0489800 secs]
   [Parallel Time: 25.4 ms, GC Workers: 18]
      [GC Worker Start (ms): Min: 1997515.6, Avg: 1997515.8, Max: 1997515.9, Diff: 0.3]
      [Ext Root Scanning (ms): Min: 5.5, Avg: 7.5, Max: 23.4, Diff: 17.9, Sum: 134.2]
      [Update RS (ms): Min: 0.0, Avg: 1.3, Max: 2.9, Diff: 2.9, Sum: 23.9]
         [Processed Buffers: Min: 0, Avg: 8.0, Max: 17, Diff: 17, Sum: 144]
      [Scan RS (ms): Min: 0.5, Avg: 0.9, Max: 1.7, Diff: 1.2, Sum: 16.9]
      [Object Copy (ms): Min: 0.3, Avg: 9.3, Max: 10.1, Diff: 9.8, Sum: 166.7]
      [Termination (ms): Min: 0.0, Avg: 5.1, Max: 6.0, Diff: 6.0, Sum: 92.6]
      [GC Worker Other (ms): Min: 0.0, Avg: 0.3, Max: 0.9, Diff: 0.8, Sum: 4.8]
      [GC Worker Total (ms): Min: 24.0, Avg: 24.4, Max: 25.0, Diff: 1.1, Sum: 439.1]
      [GC Worker End (ms): Min: 1997539.9, Avg: 1997540.2, Max: 1997540.7, Diff: 0.9]
   [Code Root Fixup: 0.0 ms]
   [Clear CT: 2.0 ms]
   [Other: 21.6 ms]
      [Choose CSet: 0.0 ms]
      [Ref Proc: 15.0 ms]
      [Ref Enq: 0.5 ms]
      [Free CSet: 5.3 ms]
   [Eden: 1761.0M(1761.0M)->0.0B(1753.0M) Survivors: 14.0M->18.0M Heap: 1981.9M(2252.0M)->225.5M(2252.0M)]
 [Times: user=0.57 sys=0.01, real=0.04 secs] 

 Concurrent RS processed 1198055 cards
  Of 35208 completed buffers:
        35208 (100.0%) by conc RS threads.
            0 (  0.0%) by mutator threads.
  Conc RS threads times(s)
          0.00     0.00     0.00     0.00     0.00     0.00     0.00     0.00     0.00     0.00     0.00     0.00     0.00     0.00     0.00     0.00     0.00     0.00     0.00
  Total heap region rem set sizes = 6549K.  Max = 30K.
  Static structures = 369K, free_lists = 225K.
    288020 occupied cards represented.
    Max size region = 9:(O)[0x0000000763d00000,0x0000000763dfdd18,0x0000000763e00000], size = 31K, occupied = 77K.
    Did 1280 coarsenings.
2014-08-01T09:29:44.282-0500: 2004.725: [GC pause (young) 2004.726: [G1Ergonomics (CSet Construction) start choosing CSet, _pending_cards: 5569, predicted base time: 24.54 ms, remaining time: 75.46 ms, target pause time: 100.00 ms]
 2004.726: [G1Ergonomics (CSet Construction) add young regions to CSet, eden: 1753 regions, survivors: 18 regions, predicted young region time: 14.48 ms]
 2004.726: [G1Ergonomics (CSet Construction) finish choosing CSet, eden: 1753 regions, survivors: 18 regions, old: 0 regions, predicted pause time: 39.02 ms, target pause time: 100.00 ms]
, 0.0374050 secs]
   [Parallel Time: 21.8 ms, GC Workers: 18]
      [GC Worker Start (ms): Min: 2004725.8, Avg: 2004726.0, Max: 2004726.2, Diff: 0.3]
      [Ext Root Scanning (ms): Min: 6.4, Avg: 8.0, Max: 10.7, Diff: 4.3, Sum: 144.8]
      [Update RS (ms): Min: 0.0, Avg: 1.3, Max: 3.2, Diff: 3.2, Sum: 23.8]
         [Processed Buffers: Min: 0, Avg: 8.1, Max: 43, Diff: 43, Sum: 146]
      [Scan RS (ms): Min: 0.5, Avg: 1.4, Max: 10.2, Diff: 9.7, Sum: 25.1]
      [Object Copy (ms): Min: 1.5, Avg: 9.1, Max: 11.1, Diff: 9.6, Sum: 164.3]
      [Termination (ms): Min: 0.0, Avg: 1.2, Max: 1.4, Diff: 1.4, Sum: 22.3]
      [GC Worker Other (ms): Min: 0.0, Avg: 0.2, Max: 0.3, Diff: 0.3, Sum: 3.1]
      [GC Worker Total (ms): Min: 21.0, Avg: 21.3, Max: 21.5, Diff: 0.5, Sum: 383.4]
      [GC Worker End (ms): Min: 2004747.2, Avg: 2004747.3, Max: 2004747.5, Diff: 0.3]
   [Code Root Fixup: 0.0 ms]
   [Clear CT: 2.0 ms]
   [Other: 13.6 ms]
      [Choose CSet: 0.0 ms]
      [Ref Proc: 7.4 ms]
      [Ref Enq: 0.4 ms]
      [Free CSet: 5.0 ms]
   [Eden: 1753.0M(1753.0M)->0.0B(1763.0M) Survivors: 18.0M->13.0M Heap: 1978.5M(2252.0M)->220.5M(2252.0M)]
 [Times: user=0.41 sys=0.01, real=0.04 secs] 

 Concurrent RS processed 1200311 cards
  Of 35354 completed buffers:
        35354 (100.0%) by conc RS threads.
            0 (  0.0%) by mutator threads.
  Conc RS threads times(s)
          0.00     0.00     0.00     0.00     0.00     0.00     0.00     0.00     0.00     0.00     0.00     0.00     0.00     0.00     0.00     0.00     0.00     0.00     0.00
  Total heap region rem set sizes = 6550K.  Max = 30K.
  Static structures = 369K, free_lists = 225K.
    288461 occupied cards represented.
    Max size region = 9:(O)[0x0000000763d00000,0x0000000763dfdd18,0x0000000763e00000], size = 31K, occupied = 77K.
    Did 1280 coarsenings.
2014-08-01T09:29:51.352-0500: 2011.796: [GC pause (young) 2011.796: [G1Ergonomics (CSet Construction) start choosing CSet, _pending_cards: 5068, predicted base time: 23.50 ms, remaining time: 76.50 ms, target pause time: 100.00 ms]
 2011.796: [G1Ergonomics (CSet Construction) add young regions to CSet, eden: 1763 regions, survivors: 13 regions, predicted young region time: 27.28 ms]
 2011.796: [G1Ergonomics (CSet Construction) finish choosing CSet, eden: 1763 regions, survivors: 13 regions, old: 0 regions, predicted pause time: 50.77 ms, target pause time: 100.00 ms]
, 0.0339750 secs]
   [Parallel Time: 20.1 ms, GC Workers: 18]
      [GC Worker Start (ms): Min: 2011796.2, Avg: 2011796.3, Max: 2011796.5, Diff: 0.3]
      [Ext Root Scanning (ms): Min: 5.8, Avg: 7.4, Max: 15.4, Diff: 9.5, Sum: 133.8]
      [Update RS (ms): Min: 0.0, Avg: 1.5, Max: 3.5, Diff: 3.5, Sum: 26.5]
         [Processed Buffers: Min: 0, Avg: 7.7, Max: 32, Diff: 32, Sum: 139]
      [Scan RS (ms): Min: 0.1, Avg: 0.7, Max: 1.1, Diff: 1.0, Sum: 12.9]
      [Object Copy (ms): Min: 3.5, Avg: 9.7, Max: 10.5, Diff: 7.0, Sum: 175.0]
      [Termination (ms): Min: 0.0, Avg: 0.1, Max: 0.1, Diff: 0.1, Sum: 1.9]
      [GC Worker Other (ms): Min: 0.0, Avg: 0.2, Max: 0.4, Diff: 0.4, Sum: 4.2]
      [GC Worker Total (ms): Min: 19.4, Avg: 19.7, Max: 19.9, Diff: 0.5, Sum: 354.4]
      [GC Worker End (ms): Min: 2011815.8, Avg: 2011816.0, Max: 2011816.2, Diff: 0.4]
   [Code Root Fixup: 0.0 ms]
   [Clear CT: 1.9 ms]
   [Other: 11.9 ms]
      [Choose CSet: 0.0 ms]
      [Ref Proc: 5.7 ms]
      [Ref Enq: 0.5 ms]
      [Free CSet: 5.1 ms]
   [Eden: 1763.0M(1763.0M)->0.0B(1739.0M) Survivors: 13.0M->25.0M Heap: 1983.5M(2252.0M)->232.3M(2252.0M)]
 [Times: user=0.41 sys=0.01, real=0.04 secs] 

 Concurrent RS processed 1202562 cards
  Of 35493 completed buffers:
        35493 (100.0%) by conc RS threads.
            0 (  0.0%) by mutator threads.
  Conc RS threads times(s)
          0.00     0.00     0.00     0.00     0.00     0.00     0.00     0.00     0.00     0.00     0.00     0.00     0.00     0.00     0.00     0.00     0.00     0.00     0.00
  Total heap region rem set sizes = 6550K.  Max = 30K.
  Static structures = 369K, free_lists = 225K.
    288841 occupied cards represented.
    Max size region = 9:(O)[0x0000000763d00000,0x0000000763dfdd18,0x0000000763e00000], size = 31K, occupied = 77K.
    Did 1280 coarsenings.
2014-08-01T09:29:58.491-0500: 2018.934: [GC pause (young) 2018.934: [G1Ergonomics (CSet Construction) start choosing CSet, _pending_cards: 5567, predicted base time: 22.46 ms, remaining time: 77.54 ms, target pause time: 100.00 ms]
 2018.934: [G1Ergonomics (CSet Construction) add young regions to CSet, eden: 1739 regions, survivors: 25 regions, predicted young region time: 21.70 ms]
 2018.934: [G1Ergonomics (CSet Construction) finish choosing CSet, eden: 1739 regions, survivors: 25 regions, old: 0 regions, predicted pause time: 44.16 ms, target pause time: 100.00 ms]
, 0.0350980 secs]
   [Parallel Time: 20.9 ms, GC Workers: 18]
      [GC Worker Start (ms): Min: 2018934.3, Avg: 2018934.5, Max: 2018934.7, Diff: 0.4]
      [Ext Root Scanning (ms): Min: 5.9, Avg: 7.3, Max: 11.7, Diff: 5.7, Sum: 131.0]
      [Update RS (ms): Min: 0.0, Avg: 1.4, Max: 2.6, Diff: 2.6, Sum: 25.2]
         [Processed Buffers: Min: 0, Avg: 7.6, Max: 30, Diff: 30, Sum: 136]
      [Scan RS (ms): Min: 0.2, Avg: 0.9, Max: 2.5, Diff: 2.2, Sum: 17.1]
      [Object Copy (ms): Min: 6.9, Avg: 9.1, Max: 10.9, Diff: 4.0, Sum: 164.2]
      [Termination (ms): Min: 0.0, Avg: 1.4, Max: 1.5, Diff: 1.5, Sum: 24.3]
      [GC Worker Other (ms): Min: 0.0, Avg: 0.2, Max: 0.4, Diff: 0.3, Sum: 3.5]
      [GC Worker Total (ms): Min: 20.0, Avg: 20.3, Max: 20.6, Diff: 0.5, Sum: 365.3]
      [GC Worker End (ms): Min: 2018954.6, Avg: 2018954.8, Max: 2018955.0, Diff: 0.3]
   [Code Root Fixup: 0.0 ms]
   [Clear CT: 2.0 ms]
   [Other: 12.3 ms]
      [Choose CSet: 0.0 ms]
      [Ref Proc: 6.1 ms]
      [Ref Enq: 0.5 ms]
      [Free CSet: 5.0 ms]
   [Eden: 1739.0M(1739.0M)->0.0B(1753.0M) Survivors: 25.0M->18.0M Heap: 1971.3M(2252.0M)->225.8M(2252.0M)]
 [Times: user=0.39 sys=0.01, real=0.04 secs] 

 Concurrent RS processed 1204799 cards
  Of 35629 completed buffers:
        35629 (100.0%) by conc RS threads.
            0 (  0.0%) by mutator threads.
  Conc RS threads times(s)
          0.00     0.00     0.00     0.00     0.00     0.00     0.00     0.00     0.00     0.00     0.00     0.00     0.00     0.00     0.00     0.00     0.00     0.00     0.00
  Total heap region rem set sizes = 6551K.  Max = 30K.
  Static structures = 369K, free_lists = 225K.
    289217 occupied cards represented.
    Max size region = 9:(O)[0x0000000763d00000,0x0000000763dfdd18,0x0000000763e00000], size = 31K, occupied = 77K.
    Did 1280 coarsenings.
2014-08-01T09:30:05.755-0500: 2026.198: [GC pause (young) 2026.199: [G1Ergonomics (CSet Construction) start choosing CSet, _pending_cards: 5584, predicted base time: 21.58 ms, remaining time: 78.42 ms, target pause time: 100.00 ms]
 2026.199: [G1Ergonomics (CSet Construction) add young regions to CSet, eden: 1753 regions, survivors: 18 regions, predicted young region time: 22.87 ms]
 2026.199: [G1Ergonomics (CSet Construction) finish choosing CSet, eden: 1753 regions, survivors: 18 regions, old: 0 regions, predicted pause time: 44.45 ms, target pause time: 100.00 ms]
, 0.0319580 secs]
   [Parallel Time: 16.1 ms, GC Workers: 18]
      [GC Worker Start (ms): Min: 2026199.0, Avg: 2026199.1, Max: 2026199.3, Diff: 0.3]
      [Ext Root Scanning (ms): Min: 5.9, Avg: 6.8, Max: 10.2, Diff: 4.3, Sum: 122.9]
      [Update RS (ms): Min: 0.0, Avg: 1.4, Max: 2.2, Diff: 2.2, Sum: 25.1]
         [Processed Buffers: Min: 0, Avg: 8.0, Max: 26, Diff: 26, Sum: 144]
      [Scan RS (ms): Min: 0.2, Avg: 0.8, Max: 1.0, Diff: 0.8, Sum: 13.7]
      [Object Copy (ms): Min: 3.7, Avg: 5.1, Max: 5.5, Diff: 1.8, Sum: 92.4]
      [Termination (ms): Min: 0.0, Avg: 0.0, Max: 0.0, Diff: 0.0, Sum: 0.3]
      [GC Worker Other (ms): Min: 0.0, Avg: 0.4, Max: 1.6, Diff: 1.5, Sum: 7.8]
      [GC Worker Total (ms): Min: 14.1, Avg: 14.6, Max: 15.7, Diff: 1.6, Sum: 262.2]
      [GC Worker End (ms): Min: 2026213.3, Avg: 2026213.7, Max: 2026214.8, Diff: 1.5]
   [Code Root Fixup: 0.0 ms]
   [Clear CT: 2.1 ms]
   [Other: 13.7 ms]
      [Choose CSet: 0.0 ms]
      [Ref Proc: 7.8 ms]
      [Ref Enq: 0.5 ms]
      [Free CSet: 4.8 ms]
   [Eden: 1753.0M(1753.0M)->0.0B(1763.0M) Survivors: 18.0M->13.0M Heap: 1978.8M(2252.0M)->220.5M(2252.0M)]
 [Times: user=0.34 sys=0.00, real=0.04 secs] 

 Concurrent RS processed 1206997 cards
  Of 35773 completed buffers:
        35773 (100.0%) by conc RS threads.
            0 (  0.0%) by mutator threads.
  Conc RS threads times(s)
          0.00     0.00     0.00     0.00     0.00     0.00     0.00     0.00     0.00     0.00     0.00     0.00     0.00     0.00     0.00     0.00     0.00     0.00     0.00
  Total heap region rem set sizes = 6551K.  Max = 30K.
  Static structures = 369K, free_lists = 225K.
    289593 occupied cards represented.
    Max size region = 9:(O)[0x0000000763d00000,0x0000000763dfdd18,0x0000000763e00000], size = 31K, occupied = 77K.
    Did 1280 coarsenings.
2014-08-01T09:30:12.348-0500: 2032.792: [GC pause (young) 2032.792: [G1Ergonomics (CSet Construction) start choosing CSet, _pending_cards: 5583, predicted base time: 21.64 ms, remaining time: 78.36 ms, target pause time: 100.00 ms]
 2032.792: [G1Ergonomics (CSet Construction) add young regions to CSet, eden: 1763 regions, survivors: 13 regions, predicted young region time: 12.07 ms]
 2032.792: [G1Ergonomics (CSet Construction) finish choosing CSet, eden: 1763 regions, survivors: 13 regions, old: 0 regions, predicted pause time: 33.71 ms, target pause time: 100.00 ms]
, 0.0314430 secs]
   [Parallel Time: 18.0 ms, GC Workers: 18]
      [GC Worker Start (ms): Min: 2032792.2, Avg: 2032792.3, Max: 2032792.4, Diff: 0.3]
      [Ext Root Scanning (ms): Min: 4.4, Avg: 6.0, Max: 8.3, Diff: 3.8, Sum: 107.6]
      [Update RS (ms): Min: 0.0, Avg: 0.8, Max: 2.4, Diff: 2.4, Sum: 14.4]
         [Processed Buffers: Min: 0, Avg: 7.6, Max: 32, Diff: 32, Sum: 137]
      [Scan RS (ms): Min: 0.1, Avg: 0.7, Max: 2.7, Diff: 2.6, Sum: 12.2]
      [Object Copy (ms): Min: 4.7, Avg: 6.7, Max: 8.7, Diff: 4.0, Sum: 119.8]
      [Termination (ms): Min: 0.0, Avg: 3.1, Max: 3.8, Diff: 3.8, Sum: 56.2]
      [GC Worker Other (ms): Min: 0.0, Avg: 0.1, Max: 0.3, Diff: 0.3, Sum: 2.6]
      [GC Worker Total (ms): Min: 17.1, Avg: 17.4, Max: 17.7, Diff: 0.6, Sum: 312.9]
      [GC Worker End (ms): Min: 2032809.5, Avg: 2032809.7, Max: 2032810.1, Diff: 0.5]
   [Code Root Fixup: 0.0 ms]
   [Clear CT: 1.5 ms]
   [Other: 12.0 ms]
      [Choose CSet: 0.0 ms]
      [Ref Proc: 6.6 ms]
      [Ref Enq: 0.3 ms]
      [Free CSet: 4.4 ms]
   [Eden: 1763.0M(1763.0M)->0.0B(1767.0M) Survivors: 13.0M->11.0M Heap: 1983.5M(2252.0M)->218.7M(2252.0M)]
 [Times: user=0.33 sys=0.01, real=0.03 secs] 

 Concurrent RS processed 1209288 cards
  Of 35910 completed buffers:
        35910 (100.0%) by conc RS threads.
            0 (  0.0%) by mutator threads.
  Conc RS threads times(s)
          0.00     0.00     0.00     0.00     0.00     0.00     0.00     0.00     0.00     0.00     0.00     0.00     0.00     0.00     0.00     0.00     0.00     0.00     0.00
  Total heap region rem set sizes = 6551K.  Max = 30K.
  Static structures = 369K, free_lists = 225K.
    289925 occupied cards represented.
    Max size region = 9:(O)[0x0000000763d00000,0x0000000763dfdd18,0x0000000763e00000], size = 31K, occupied = 77K.
    Did 1280 coarsenings.
2014-08-01T09:30:19.889-0500: 2040.332: [GC pause (young) 2040.333: [G1Ergonomics (CSet Construction) start choosing CSet, _pending_cards: 5566, predicted base time: 20.51 ms, remaining time: 79.49 ms, target pause time: 100.00 ms]
 2040.333: [G1Ergonomics (CSet Construction) add young regions to CSet, eden: 1767 regions, survivors: 11 regions, predicted young region time: 16.71 ms]
 2040.333: [G1Ergonomics (CSet Construction) finish choosing CSet, eden: 1767 regions, survivors: 11 regions, old: 0 regions, predicted pause time: 37.23 ms, target pause time: 100.00 ms]
, 0.0374100 secs]
   [Parallel Time: 20.3 ms, GC Workers: 18]
      [GC Worker Start (ms): Min: 2040332.8, Avg: 2040333.1, Max: 2040333.2, Diff: 0.4]
      [Ext Root Scanning (ms): Min: 4.7, Avg: 6.8, Max: 11.5, Diff: 6.8, Sum: 122.7]
      [Update RS (ms): Min: 0.0, Avg: 1.4, Max: 3.5, Diff: 3.5, Sum: 25.9]
         [Processed Buffers: Min: 0, Avg: 7.5, Max: 22, Diff: 22, Sum: 135]
      [Scan RS (ms): Min: 0.2, Avg: 0.8, Max: 1.0, Diff: 0.8, Sum: 14.8]
      [Object Copy (ms): Min: 5.9, Avg: 8.7, Max: 10.5, Diff: 4.7, Sum: 157.0]
      [Termination (ms): Min: 0.0, Avg: 1.2, Max: 2.3, Diff: 2.3, Sum: 21.8]
      [GC Worker Other (ms): Min: 0.0, Avg: 0.3, Max: 1.0, Diff: 1.0, Sum: 4.9]
      [GC Worker Total (ms): Min: 18.8, Avg: 19.3, Max: 20.2, Diff: 1.4, Sum: 347.1]
      [GC Worker End (ms): Min: 2040352.0, Avg: 2040352.3, Max: 2040353.1, Diff: 1.0]
   [Code Root Fixup: 0.0 ms]
   [Clear CT: 2.0 ms]
   [Other: 15.0 ms]
      [Choose CSet: 0.1 ms]
      [Ref Proc: 7.6 ms]
      [Ref Enq: 0.6 ms]
      [Free CSet: 6.0 ms]
   [Eden: 1767.0M(1767.0M)->0.0B(1757.0M) Survivors: 11.0M->16.0M Heap: 1985.7M(2252.0M)->223.8M(2252.0M)]
 [Times: user=0.40 sys=0.00, real=0.03 secs] 

 Concurrent RS processed 1211479 cards
  Of 36045 completed buffers:
        36045 (100.0%) by conc RS threads.
            0 (  0.0%) by mutator threads.
  Conc RS threads times(s)
          0.00     0.00     0.00     0.00     0.00     0.00     0.00     0.00     0.00     0.00     0.00     0.00     0.00     0.00     0.00     0.00     0.00     0.00     0.00
  Total heap region rem set sizes = 6551K.  Max = 30K.
  Static structures = 369K, free_lists = 225K.
    290268 occupied cards represented.
    Max size region = 9:(O)[0x0000000763d00000,0x0000000763dfdd18,0x0000000763e00000], size = 31K, occupied = 77K.
    Did 1280 coarsenings.
2014-08-01T09:30:27.156-0500: 2047.599: [GC pause (young) 2047.600: [G1Ergonomics (CSet Construction) start choosing CSet, _pending_cards: 5815, predicted base time: 20.74 ms, remaining time: 79.26 ms, target pause time: 100.00 ms]
 2047.600: [G1Ergonomics (CSet Construction) add young regions to CSet, eden: 1757 regions, survivors: 16 regions, predicted young region time: 18.46 ms]
 2047.600: [G1Ergonomics (CSet Construction) finish choosing CSet, eden: 1757 regions, survivors: 16 regions, old: 0 regions, predicted pause time: 39.20 ms, target pause time: 100.00 ms]
, 0.0364070 secs]
   [Parallel Time: 22.2 ms, GC Workers: 18]
      [GC Worker Start (ms): Min: 2047599.7, Avg: 2047599.9, Max: 2047600.2, Diff: 0.4]
      [Ext Root Scanning (ms): Min: 6.2, Avg: 7.8, Max: 13.8, Diff: 7.5, Sum: 140.3]
      [Update RS (ms): Min: 0.0, Avg: 1.4, Max: 3.1, Diff: 3.1, Sum: 25.6]
         [Processed Buffers: Min: 0, Avg: 8.0, Max: 23, Diff: 23, Sum: 144]
      [Scan RS (ms): Min: 0.5, Avg: 0.9, Max: 1.2, Diff: 0.8, Sum: 16.4]
      [Object Copy (ms): Min: 4.3, Avg: 8.8, Max: 10.5, Diff: 6.2, Sum: 158.2]
      [Termination (ms): Min: 0.0, Avg: 1.7, Max: 2.2, Diff: 2.2, Sum: 30.6]
      [GC Worker Other (ms): Min: 0.0, Avg: 0.2, Max: 0.4, Diff: 0.4, Sum: 3.7]
      [GC Worker Total (ms): Min: 20.5, Avg: 20.8, Max: 21.1, Diff: 0.6, Sum: 374.9]
      [GC Worker End (ms): Min: 2047620.6, Avg: 2047620.8, Max: 2047621.0, Diff: 0.4]
   [Code Root Fixup: 0.0 ms]
   [Clear CT: 1.8 ms]
   [Other: 12.4 ms]
      [Choose CSet: 0.0 ms]
      [Ref Proc: 6.6 ms]
      [Ref Enq: 0.5 ms]
      [Free CSet: 4.7 ms]
   [Eden: 1757.0M(1757.0M)->0.0B(1759.0M) Survivors: 16.0M->15.0M Heap: 1980.8M(2252.0M)->223.0M(2252.0M)]
 [Times: user=0.42 sys=0.01, real=0.04 secs] 

 Concurrent RS processed 1213702 cards
  Of 36189 completed buffers:
        36189 (100.0%) by conc RS threads.
            0 (  0.0%) by mutator threads.
  Conc RS threads times(s)
          0.00     0.00     0.00     0.00     0.00     0.00     0.00     0.00     0.00     0.00     0.00     0.00     0.00     0.00     0.00     0.00     0.00     0.00     0.00
  Total heap region rem set sizes = 6552K.  Max = 30K.
  Static structures = 369K, free_lists = 224K.
    290659 occupied cards represented.
    Max size region = 9:(O)[0x0000000763d00000,0x0000000763dfdd18,0x0000000763e00000], size = 31K, occupied = 77K.
    Did 1280 coarsenings.
2014-08-01T09:30:34.114-0500: 2054.558: [GC pause (young) 2054.558: [G1Ergonomics (CSet Construction) start choosing CSet, _pending_cards: 5088, predicted base time: 20.52 ms, remaining time: 79.48 ms, target pause time: 100.00 ms]
 2054.558: [G1Ergonomics (CSet Construction) add young regions to CSet, eden: 1759 regions, survivors: 15 regions, predicted young region time: 19.80 ms]
 2054.558: [G1Ergonomics (CSet Construction) finish choosing CSet, eden: 1759 regions, survivors: 15 regions, old: 0 regions, predicted pause time: 40.32 ms, target pause time: 100.00 ms]
, 0.0369360 secs]
   [Parallel Time: 23.1 ms, GC Workers: 18]
      [GC Worker Start (ms): Min: 2054558.1, Avg: 2054558.2, Max: 2054558.4, Diff: 0.3]
      [Ext Root Scanning (ms): Min: 6.4, Avg: 8.0, Max: 12.6, Diff: 6.2, Sum: 143.8]
      [Update RS (ms): Min: 0.0, Avg: 1.4, Max: 2.6, Diff: 2.6, Sum: 24.7]
         [Processed Buffers: Min: 0, Avg: 7.9, Max: 26, Diff: 26, Sum: 142]
      [Scan RS (ms): Min: 0.2, Avg: 1.4, Max: 12.0, Diff: 11.8, Sum: 26.0]
      [Object Copy (ms): Min: 1.3, Avg: 11.1, Max: 12.7, Diff: 11.4, Sum: 199.0]
      [Termination (ms): Min: 0.0, Avg: 0.5, Max: 0.6, Diff: 0.6, Sum: 8.9]
      [GC Worker Other (ms): Min: 0.0, Avg: 0.2, Max: 0.3, Diff: 0.3, Sum: 2.8]
      [GC Worker Total (ms): Min: 22.2, Avg: 22.5, Max: 22.8, Diff: 0.5, Sum: 405.1]
      [GC Worker End (ms): Min: 2054580.6, Avg: 2054580.8, Max: 2054580.9, Diff: 0.3]
   [Code Root Fixup: 0.0 ms]
   [Clear CT: 1.8 ms]
   [Other: 12.1 ms]
      [Choose CSet: 0.0 ms]
      [Ref Proc: 5.8 ms]
      [Ref Enq: 0.5 ms]
      [Free CSet: 5.2 ms]
   [Eden: 1759.0M(1759.0M)->0.0B(1740.0M) Survivors: 15.0M->24.0M Heap: 1982.0M(2252.0M)->231.8M(2252.0M)]
 [Times: user=0.42 sys=0.01, real=0.04 secs] 

 Concurrent RS processed 1215971 cards
  Of 36331 completed buffers:
        36331 (100.0%) by conc RS threads.
            0 (  0.0%) by mutator threads.
  Conc RS threads times(s)
          0.00     0.00     0.00     0.00     0.00     0.00     0.00     0.00     0.00     0.00     0.00     0.00     0.00     0.00     0.00     0.00     0.00     0.00     0.00
  Total heap region rem set sizes = 6552K.  Max = 30K.
  Static structures = 369K, free_lists = 224K.
    291018 occupied cards represented.
    Max size region = 9:(O)[0x0000000763d00000,0x0000000763dfdd18,0x0000000763e00000], size = 31K, occupied = 77K.
    Did 1280 coarsenings.
2014-08-01T09:30:40.550-0500: 2060.994: [GC pause (young) 2060.994: [G1Ergonomics (CSet Construction) start choosing CSet, _pending_cards: 5307, predicted base time: 20.18 ms, remaining time: 79.82 ms, target pause time: 100.00 ms]
 2060.994: [G1Ergonomics (CSet Construction) add young regions to CSet, eden: 1740 regions, survivors: 24 regions, predicted young region time: 12.01 ms]
 2060.994: [G1Ergonomics (CSet Construction) finish choosing CSet, eden: 1740 regions, survivors: 24 regions, old: 0 regions, predicted pause time: 32.18 ms, target pause time: 100.00 ms]
, 0.0403610 secs]
   [Parallel Time: 22.9 ms, GC Workers: 18]
      [GC Worker Start (ms): Min: 2060993.9, Avg: 2060994.1, Max: 2060994.3, Diff: 0.3]
      [Ext Root Scanning (ms): Min: 6.1, Avg: 7.2, Max: 11.3, Diff: 5.2, Sum: 130.1]
      [Update RS (ms): Min: 0.0, Avg: 1.3, Max: 2.1, Diff: 2.1, Sum: 23.5]
         [Processed Buffers: Min: 0, Avg: 7.7, Max: 30, Diff: 30, Sum: 139]
      [Scan RS (ms): Min: 0.2, Avg: 1.3, Max: 9.4, Diff: 9.2, Sum: 22.7]
      [Object Copy (ms): Min: 1.2, Avg: 8.9, Max: 12.6, Diff: 11.4, Sum: 160.7]
      [Termination (ms): Min: 0.0, Avg: 3.4, Max: 3.7, Diff: 3.7, Sum: 60.4]
      [GC Worker Other (ms): Min: 0.0, Avg: 0.2, Max: 0.4, Diff: 0.3, Sum: 3.6]
      [GC Worker Total (ms): Min: 22.0, Avg: 22.3, Max: 22.6, Diff: 0.6, Sum: 401.0]
      [GC Worker End (ms): Min: 2061016.2, Avg: 2061016.4, Max: 2061016.6, Diff: 0.4]
   [Code Root Fixup: 0.0 ms]
   [Clear CT: 2.3 ms]
   [Other: 15.2 ms]
      [Choose CSet: 0.0 ms]
      [Ref Proc: 8.5 ms]
      [Ref Enq: 0.6 ms]
      [Free CSet: 5.4 ms]
   [Eden: 1740.0M(1740.0M)->0.0B(1756.0M) Survivors: 24.0M->16.0M Heap: 1971.8M(2252.0M)->224.3M(2252.0M)]
 [Times: user=0.42 sys=0.01, real=0.04 secs] 

 Concurrent RS processed 1218156 cards
  Of 36470 completed buffers:
        36470 (100.0%) by conc RS threads.
            0 (  0.0%) by mutator threads.
  Conc RS threads times(s)
          0.00     0.00     0.00     0.00     0.00     0.00     0.00     0.00     0.00     0.00     0.00     0.00     0.00     0.00     0.00     0.00     0.00     0.00     0.00
  Total heap region rem set sizes = 6557K.  Max = 30K.
  Static structures = 369K, free_lists = 223K.
    291562 occupied cards represented.
    Max size region = 9:(O)[0x0000000763d00000,0x0000000763dfdd18,0x0000000763e00000], size = 31K, occupied = 77K.
    Did 1280 coarsenings.
2014-08-01T09:30:47.751-0500: 2068.194: [GC pause (young) 2068.194: [G1Ergonomics (CSet Construction) start choosing CSet, _pending_cards: 5073, predicted base time: 20.66 ms, remaining time: 79.34 ms, target pause time: 100.00 ms]
 2068.194: [G1Ergonomics (CSet Construction) add young regions to CSet, eden: 1756 regions, survivors: 16 regions, predicted young region time: 11.97 ms]
 2068.194: [G1Ergonomics (CSet Construction) finish choosing CSet, eden: 1756 regions, survivors: 16 regions, old: 0 regions, predicted pause time: 32.63 ms, target pause time: 100.00 ms]
, 0.0395120 secs]
   [Parallel Time: 22.8 ms, GC Workers: 18]
      [GC Worker Start (ms): Min: 2068194.5, Avg: 2068194.6, Max: 2068194.8, Diff: 0.3]
      [Ext Root Scanning (ms): Min: 6.0, Avg: 8.1, Max: 21.8, Diff: 15.7, Sum: 146.2]
      [Update RS (ms): Min: 0.0, Avg: 1.3, Max: 2.9, Diff: 2.9, Sum: 23.5]
         [Processed Buffers: Min: 0, Avg: 7.8, Max: 21, Diff: 21, Sum: 141]
      [Scan RS (ms): Min: 0.2, Avg: 1.0, Max: 4.4, Diff: 4.2, Sum: 18.6]
      [Object Copy (ms): Min: 0.1, Avg: 10.5, Max: 12.3, Diff: 12.2, Sum: 188.9]
      [Termination (ms): Min: 0.0, Avg: 1.1, Max: 6.0, Diff: 6.0, Sum: 20.2]
      [GC Worker Other (ms): Min: 0.0, Avg: 0.2, Max: 0.4, Diff: 0.3, Sum: 3.4]
      [GC Worker Total (ms): Min: 22.1, Avg: 22.3, Max: 22.5, Diff: 0.4, Sum: 400.8]
      [GC Worker End (ms): Min: 2068216.7, Avg: 2068216.9, Max: 2068217.1, Diff: 0.4]
   [Code Root Fixup: 0.0 ms]
   [Clear CT: 1.8 ms]
   [Other: 14.9 ms]
      [Choose CSet: 0.0 ms]
      [Ref Proc: 9.1 ms]
      [Ref Enq: 0.6 ms]
      [Free CSet: 4.7 ms]
   [Eden: 1756.0M(1756.0M)->0.0B(1764.0M) Survivors: 16.0M->12.0M Heap: 1980.3M(2252.0M)->219.8M(2252.0M)]
 [Times: user=0.43 sys=0.00, real=0.04 secs] 

 Concurrent RS processed 1220352 cards
  Of 36611 completed buffers:
        36611 (100.0%) by conc RS threads.
            0 (  0.0%) by mutator threads.
  Conc RS threads times(s)
          0.00     0.00     0.00     0.00     0.00     0.00     0.00     0.00     0.00     0.00     0.00     0.00     0.00     0.00     0.00     0.00     0.00     0.00     0.00
  Total heap region rem set sizes = 6558K.  Max = 30K.
  Static structures = 369K, free_lists = 222K.
    291957 occupied cards represented.
    Max size region = 9:(O)[0x0000000763d00000,0x0000000763dfdd18,0x0000000763e00000], size = 31K, occupied = 77K.
    Did 1280 coarsenings.
2014-08-01T09:30:54.730-0500: 2075.174: [GC pause (young) 2075.174: [G1Ergonomics (CSet Construction) start choosing CSet, _pending_cards: 5297, predicted base time: 21.36 ms, remaining time: 78.64 ms, target pause time: 100.00 ms]
 2075.174: [G1Ergonomics (CSet Construction) add young regions to CSet, eden: 1764 regions, survivors: 12 regions, predicted young region time: 14.73 ms]
 2075.174: [G1Ergonomics (CSet Construction) finish choosing CSet, eden: 1764 regions, survivors: 12 regions, old: 0 regions, predicted pause time: 36.09 ms, target pause time: 100.00 ms]
, 0.0429180 secs]
   [Parallel Time: 21.3 ms, GC Workers: 18]
      [GC Worker Start (ms): Min: 2075174.1, Avg: 2075174.3, Max: 2075174.5, Diff: 0.3]
      [Ext Root Scanning (ms): Min: 7.0, Avg: 8.1, Max: 12.2, Diff: 5.2, Sum: 146.4]
      [Update RS (ms): Min: 0.0, Avg: 2.0, Max: 10.2, Diff: 10.2, Sum: 36.3]
         [Processed Buffers: Min: 0, Avg: 7.4, Max: 28, Diff: 28, Sum: 133]
      [Scan RS (ms): Min: 0.2, Avg: 0.8, Max: 1.1, Diff: 0.8, Sum: 14.1]
      [Object Copy (ms): Min: 2.1, Avg: 8.0, Max: 9.5, Diff: 7.4, Sum: 144.4]
      [Termination (ms): Min: 0.0, Avg: 1.4, Max: 1.6, Diff: 1.6, Sum: 25.9]
      [GC Worker Other (ms): Min: 0.0, Avg: 0.2, Max: 0.5, Diff: 0.5, Sum: 4.4]
      [GC Worker Total (ms): Min: 20.3, Avg: 20.6, Max: 21.0, Diff: 0.8, Sum: 371.6]
      [GC Worker End (ms): Min: 2075194.7, Avg: 2075194.9, Max: 2075195.2, Diff: 0.5]
   [Code Root Fixup: 0.0 ms]
   [Clear CT: 2.0 ms]
   [Other: 19.6 ms]
      [Choose CSet: 0.0 ms]
      [Ref Proc: 13.4 ms]
      [Ref Enq: 0.5 ms]
      [Free CSet: 5.0 ms]
   [Eden: 1764.0M(1764.0M)->0.0B(1740.0M) Survivors: 12.0M->24.0M Heap: 1983.8M(2252.0M)->232.3M(2252.0M)]
 [Times: user=0.45 sys=0.01, real=0.05 secs] 

 Concurrent RS processed 1222581 cards
  Of 36744 completed buffers:
        36744 (100.0%) by conc RS threads.
            0 (  0.0%) by mutator threads.
  Conc RS threads times(s)
          0.00     0.00     0.00     0.00     0.00     0.00     0.00     0.00     0.00     0.00     0.00     0.00     0.00     0.00     0.00     0.00     0.00     0.00     0.00
  Total heap region rem set sizes = 6558K.  Max = 30K.
  Static structures = 369K, free_lists = 222K.
    292376 occupied cards represented.
    Max size region = 9:(O)[0x0000000763d00000,0x0000000763dfdd18,0x0000000763e00000], size = 31K, occupied = 77K.
    Did 1280 coarsenings.
2014-08-01T09:31:01.812-0500: 2082.255: [GC pause (young) 2082.255: [G1Ergonomics (CSet Construction) start choosing CSet, _pending_cards: 5319, predicted base time: 24.13 ms, remaining time: 75.87 ms, target pause time: 100.00 ms]
 2082.255: [G1Ergonomics (CSet Construction) add young regions to CSet, eden: 1740 regions, survivors: 24 regions, predicted young region time: 22.06 ms]
 2082.255: [G1Ergonomics (CSet Construction) finish choosing CSet, eden: 1740 regions, survivors: 24 regions, old: 0 regions, predicted pause time: 46.19 ms, target pause time: 100.00 ms]
, 0.0355910 secs]
   [Parallel Time: 20.7 ms, GC Workers: 18]
      [GC Worker Start (ms): Min: 2082255.6, Avg: 2082255.8, Max: 2082256.0, Diff: 0.3]
      [Ext Root Scanning (ms): Min: 6.3, Avg: 7.2, Max: 11.6, Diff: 5.3, Sum: 130.3]
      [Update RS (ms): Min: 0.0, Avg: 1.4, Max: 2.4, Diff: 2.4, Sum: 26.0]
         [Processed Buffers: Min: 0, Avg: 8.0, Max: 31, Diff: 31, Sum: 144]
      [Scan RS (ms): Min: 0.5, Avg: 1.3, Max: 8.3, Diff: 7.8, Sum: 23.4]
      [Object Copy (ms): Min: 0.2, Avg: 7.6, Max: 8.4, Diff: 8.2, Sum: 137.5]
      [Termination (ms): Min: 0.0, Avg: 2.4, Max: 2.5, Diff: 2.5, Sum: 42.7]
      [GC Worker Other (ms): Min: 0.0, Avg: 0.2, Max: 0.3, Diff: 0.3, Sum: 3.2]
      [GC Worker Total (ms): Min: 19.9, Avg: 20.2, Max: 20.4, Diff: 0.5, Sum: 363.2]
      [GC Worker End (ms): Min: 2082275.8, Avg: 2082276.0, Max: 2082276.1, Diff: 0.3]
   [Code Root Fixup: 0.0 ms]
   [Clear CT: 3.2 ms]
   [Other: 11.6 ms]
      [Choose CSet: 0.0 ms]
      [Ref Proc: 5.7 ms]
      [Ref Enq: 0.4 ms]
      [Free CSet: 4.9 ms]
   [Eden: 1740.0M(1740.0M)->0.0B(1760.0M) Survivors: 24.0M->14.0M Heap: 1972.3M(2252.0M)->222.2M(2252.0M)]
 [Times: user=0.40 sys=0.00, real=0.04 secs] 

 Concurrent RS processed 1224751 cards
  Of 36888 completed buffers:
        36888 (100.0%) by conc RS threads.
            0 (  0.0%) by mutator threads.
  Conc RS threads times(s)
          0.00     0.00     0.00     0.00     0.00     0.00     0.00     0.00     0.00     0.00     0.00     0.00     0.00     0.00     0.00     0.00     0.00     0.00     0.00
  Total heap region rem set sizes = 6558K.  Max = 30K.
  Static structures = 369K, free_lists = 222K.
    292735 occupied cards represented.
    Max size region = 9:(O)[0x0000000763d00000,0x0000000763dfdd18,0x0000000763e00000], size = 31K, occupied = 77K.
    Did 1280 coarsenings.
2014-08-01T09:31:09.213-0500: 2089.656: [GC pause (young) 2089.656: [G1Ergonomics (CSet Construction) start choosing CSet, _pending_cards: 5097, predicted base time: 22.96 ms, remaining time: 77.04 ms, target pause time: 100.00 ms]
 2089.656: [G1Ergonomics (CSet Construction) add young regions to CSet, eden: 1760 regions, survivors: 14 regions, predicted young region time: 13.22 ms]
 2089.656: [G1Ergonomics (CSet Construction) finish choosing CSet, eden: 1760 regions, survivors: 14 regions, old: 0 regions, predicted pause time: 36.18 ms, target pause time: 100.00 ms]
, 0.0408540 secs]
   [Parallel Time: 25.8 ms, GC Workers: 18]
      [GC Worker Start (ms): Min: 2089656.6, Avg: 2089656.8, Max: 2089656.9, Diff: 0.3]
      [Ext Root Scanning (ms): Min: 4.0, Avg: 5.2, Max: 6.6, Diff: 2.6, Sum: 94.3]
      [Update RS (ms): Min: 0.0, Avg: 0.9, Max: 2.6, Diff: 2.6, Sum: 15.5]
         [Processed Buffers: Min: 0, Avg: 7.6, Max: 24, Diff: 24, Sum: 137]
      [Scan RS (ms): Min: 0.2, Avg: 0.6, Max: 0.8, Diff: 0.6, Sum: 10.6]
      [Object Copy (ms): Min: 10.6, Avg: 11.4, Max: 18.2, Diff: 7.6, Sum: 204.4]
      [Termination (ms): Min: 0.2, Avg: 7.2, Max: 7.8, Diff: 7.6, Sum: 128.9]
      [GC Worker Other (ms): Min: 0.0, Avg: 0.1, Max: 0.3, Diff: 0.3, Sum: 2.1]
      [GC Worker Total (ms): Min: 25.1, Avg: 25.3, Max: 25.6, Diff: 0.5, Sum: 455.8]
      [GC Worker End (ms): Min: 2089682.0, Avg: 2089682.1, Max: 2089682.2, Diff: 0.3]
   [Code Root Fixup: 0.0 ms]
   [Clear CT: 1.5 ms]
   [Other: 13.6 ms]
      [Choose CSet: 0.0 ms]
      [Ref Proc: 7.7 ms]
      [Ref Enq: 0.3 ms]
      [Free CSet: 5.0 ms]
   [Eden: 1760.0M(1760.0M)->0.0B(1762.0M) Survivors: 14.0M->13.0M Heap: 1982.2M(2252.0M)->221.4M(2252.0M)]
 [Times: user=0.47 sys=0.01, real=0.04 secs] 

 Concurrent RS processed 1227063 cards
  Of 37025 completed buffers:
        37025 (100.0%) by conc RS threads.
            0 (  0.0%) by mutator threads.
  Conc RS threads times(s)
          0.00     0.00     0.00     0.00     0.00     0.00     0.00     0.00     0.00     0.00     0.00     0.00     0.00     0.00     0.00     0.00     0.00     0.00     0.00
  Total heap region rem set sizes = 6559K.  Max = 30K.
  Static structures = 369K, free_lists = 222K.
    293150 occupied cards represented.
    Max size region = 9:(O)[0x0000000763d00000,0x0000000763dfdd18,0x0000000763e00000], size = 31K, occupied = 77K.
    Did 1280 coarsenings.
2014-08-01T09:31:16.246-0500: 2096.690: [GC pause (young) 2096.690: [G1Ergonomics (CSet Construction) start choosing CSet, _pending_cards: 5309, predicted base time: 21.64 ms, remaining time: 78.36 ms, target pause time: 100.00 ms]
 2096.690: [G1Ergonomics (CSet Construction) add young regions to CSet, eden: 1762 regions, survivors: 13 regions, predicted young region time: 18.66 ms]
 2096.690: [G1Ergonomics (CSet Construction) finish choosing CSet, eden: 1762 regions, survivors: 13 regions, old: 0 regions, predicted pause time: 40.30 ms, target pause time: 100.00 ms]
, 0.0335390 secs]
   [Parallel Time: 19.4 ms, GC Workers: 18]
      [GC Worker Start (ms): Min: 2096690.2, Avg: 2096690.3, Max: 2096690.5, Diff: 0.3]
      [Ext Root Scanning (ms): Min: 6.7, Avg: 7.4, Max: 12.2, Diff: 5.4, Sum: 133.8]
      [Update RS (ms): Min: 0.0, Avg: 1.4, Max: 3.0, Diff: 3.0, Sum: 26.0]
         [Processed Buffers: Min: 0, Avg: 7.6, Max: 21, Diff: 21, Sum: 136]
      [Scan RS (ms): Min: 0.2, Avg: 0.8, Max: 1.0, Diff: 0.8, Sum: 13.5]
      [Object Copy (ms): Min: 6.2, Avg: 8.9, Max: 9.6, Diff: 3.4, Sum: 160.6]
      [Termination (ms): Min: 0.0, Avg: 0.1, Max: 0.1, Diff: 0.1, Sum: 1.4]
      [GC Worker Other (ms): Min: 0.1, Avg: 0.2, Max: 0.4, Diff: 0.4, Sum: 4.2]
      [GC Worker Total (ms): Min: 18.6, Avg: 18.9, Max: 19.1, Diff: 0.5, Sum: 339.6]
      [GC Worker End (ms): Min: 2096709.0, Avg: 2096709.2, Max: 2096709.4, Diff: 0.4]
   [Code Root Fixup: 0.0 ms]
   [Clear CT: 2.0 ms]
   [Other: 12.1 ms]
      [Choose CSet: 0.0 ms]
      [Ref Proc: 6.2 ms]
      [Ref Enq: 0.4 ms]
      [Free CSet: 5.0 ms]
   [Eden: 1762.0M(1762.0M)->0.0B(1764.0M) Survivors: 13.0M->12.0M Heap: 1983.4M(2252.0M)->220.1M(2252.0M)]
 [Times: user=0.39 sys=0.01, real=0.03 secs] 

 Concurrent RS processed 1229288 cards
  Of 37161 completed buffers:
        37161 (100.0%) by conc RS threads.
            0 (  0.0%) by mutator threads.
  Conc RS threads times(s)
          0.00     0.00     0.00     0.00     0.00     0.00     0.00     0.00     0.00     0.00     0.00     0.00     0.00     0.00     0.00     0.00     0.00     0.00     0.00
  Total heap region rem set sizes = 6559K.  Max = 30K.
  Static structures = 369K, free_lists = 222K.
    293614 occupied cards represented.
    Max size region = 9:(O)[0x0000000763d00000,0x0000000763dfdd18,0x0000000763e00000], size = 31K, occupied = 77K.
    Did 1280 coarsenings.
2014-08-01T09:31:23.724-0500: 2104.167: [GC pause (young) 2104.167: [G1Ergonomics (CSet Construction) start choosing CSet, _pending_cards: 5319, predicted base time: 21.00 ms, remaining time: 79.00 ms, target pause time: 100.00 ms]
 2104.167: [G1Ergonomics (CSet Construction) add young regions to CSet, eden: 1764 regions, survivors: 12 regions, predicted young region time: 16.42 ms]
 2104.167: [G1Ergonomics (CSet Construction) finish choosing CSet, eden: 1764 regions, survivors: 12 regions, old: 0 regions, predicted pause time: 37.43 ms, target pause time: 100.00 ms]
, 0.0326960 secs]
   [Parallel Time: 19.5 ms, GC Workers: 18]
      [GC Worker Start (ms): Min: 2104167.6, Avg: 2104167.7, Max: 2104168.0, Diff: 0.4]
      [Ext Root Scanning (ms): Min: 6.5, Avg: 7.5, Max: 12.1, Diff: 5.6, Sum: 135.1]
      [Update RS (ms): Min: 0.0, Avg: 1.5, Max: 2.6, Diff: 2.6, Sum: 26.7]
         [Processed Buffers: Min: 0, Avg: 7.8, Max: 29, Diff: 29, Sum: 141]
      [Scan RS (ms): Min: 0.2, Avg: 0.8, Max: 1.2, Diff: 0.9, Sum: 15.1]
      [Object Copy (ms): Min: 6.2, Avg: 8.9, Max: 9.3, Diff: 3.1, Sum: 160.7]
      [Termination (ms): Min: 0.0, Avg: 0.1, Max: 0.1, Diff: 0.1, Sum: 1.1]
      [GC Worker Other (ms): Min: 0.0, Avg: 0.2, Max: 0.4, Diff: 0.4, Sum: 4.2]
      [GC Worker Total (ms): Min: 18.7, Avg: 19.0, Max: 19.4, Diff: 0.6, Sum: 342.8]
      [GC Worker End (ms): Min: 2104186.6, Avg: 2104186.8, Max: 2104187.0, Diff: 0.4]
   [Code Root Fixup: 0.0 ms]
   [Clear CT: 1.8 ms]
   [Other: 11.4 ms]
      [Choose CSet: 0.0 ms]
      [Ref Proc: 5.3 ms]
      [Ref Enq: 0.4 ms]
      [Free CSet: 5.0 ms]
   [Eden: 1764.0M(1764.0M)->0.0B(1756.0M) Survivors: 12.0M->16.0M Heap: 1984.1M(2252.0M)->224.3M(2252.0M)]
 [Times: user=0.38 sys=0.00, real=0.03 secs] 

 Concurrent RS processed 1231487 cards
  Of 37302 completed buffers:
        37302 (100.0%) by conc RS threads.
            0 (  0.0%) by mutator threads.
  Conc RS threads times(s)
          0.00     0.00     0.00     0.00     0.00     0.00     0.00     0.00     0.00     0.00     0.00     0.00     0.00     0.00     0.00     0.00     0.00     0.00     0.00
  Total heap region rem set sizes = 6560K.  Max = 30K.
  Static structures = 369K, free_lists = 222K.
    294032 occupied cards represented.
    Max size region = 9:(O)[0x0000000763d00000,0x0000000763dfdd18,0x0000000763e00000], size = 31K, occupied = 77K.
    Did 1280 coarsenings.
2014-08-01T09:31:30.314-0500: 2110.757: [GC pause (young) 2110.757: [G1Ergonomics (CSet Construction) start choosing CSet, _pending_cards: 5823, predicted base time: 20.41 ms, remaining time: 79.59 ms, target pause time: 100.00 ms]
 2110.757: [G1Ergonomics (CSet Construction) add young regions to CSet, eden: 1756 regions, survivors: 16 regions, predicted young region time: 15.97 ms]
 2110.757: [G1Ergonomics (CSet Construction) finish choosing CSet, eden: 1756 regions, survivors: 16 regions, old: 0 regions, predicted pause time: 36.39 ms, target pause time: 100.00 ms]
, 0.0443360 secs]
   [Parallel Time: 26.5 ms, GC Workers: 18]
      [GC Worker Start (ms): Min: 2110757.4, Avg: 2110757.5, Max: 2110757.7, Diff: 0.4]
      [Ext Root Scanning (ms): Min: 6.7, Avg: 8.5, Max: 12.3, Diff: 5.5, Sum: 153.4]
      [Update RS (ms): Min: 0.0, Avg: 1.4, Max: 2.9, Diff: 2.9, Sum: 25.4]
         [Processed Buffers: Min: 0, Avg: 7.8, Max: 21, Diff: 21, Sum: 140]
      [Scan RS (ms): Min: 0.2, Avg: 0.8, Max: 1.0, Diff: 0.8, Sum: 13.8]
      [Object Copy (ms): Min: 12.3, Avg: 14.1, Max: 14.8, Diff: 2.5, Sum: 253.3]
      [Termination (ms): Min: 0.0, Avg: 0.3, Max: 0.4, Diff: 0.4, Sum: 6.2]
      [GC Worker Other (ms): Min: 0.0, Avg: 0.4, Max: 1.1, Diff: 1.1, Sum: 6.6]
      [GC Worker Total (ms): Min: 25.0, Avg: 25.5, Max: 26.4, Diff: 1.3, Sum: 458.8]
      [GC Worker End (ms): Min: 2110782.7, Avg: 2110783.0, Max: 2110783.8, Diff: 1.1]
   [Code Root Fixup: 0.0 ms]
   [Clear CT: 2.0 ms]
   [Other: 15.8 ms]
      [Choose CSet: 0.0 ms]
      [Ref Proc: 9.8 ms]
      [Ref Enq: 0.6 ms]
      [Free CSet: 4.8 ms]
   [Eden: 1756.0M(1756.0M)->0.0B(1758.0M) Survivors: 16.0M->15.0M Heap: 1980.3M(2252.0M)->224.0M(2252.0M)]
 [Times: user=0.47 sys=0.01, real=0.04 secs] 

 Concurrent RS processed 1233769 cards
  Of 37442 completed buffers:
        37442 (100.0%) by conc RS threads.
            0 (  0.0%) by mutator threads.
  Conc RS threads times(s)
          0.00     0.00     0.00     0.00     0.00     0.00     0.00     0.00     0.00     0.00     0.00     0.00     0.00     0.00     0.00     0.00     0.00     0.00     0.00
  Total heap region rem set sizes = 6560K.  Max = 30K.
  Static structures = 369K, free_lists = 222K.
    294389 occupied cards represented.
    Max size region = 9:(O)[0x0000000763d00000,0x0000000763dfdd18,0x0000000763e00000], size = 31K, occupied = 77K.
    Did 1280 coarsenings.
2014-08-01T09:31:37.119-0500: 2117.562: [GC pause (young) 2117.562: [G1Ergonomics (CSet Construction) start choosing CSet, _pending_cards: 5590, predicted base time: 22.07 ms, remaining time: 77.93 ms, target pause time: 100.00 ms]
 2117.562: [G1Ergonomics (CSet Construction) add young regions to CSet, eden: 1758 regions, survivors: 15 regions, predicted young region time: 12.31 ms]
 2117.562: [G1Ergonomics (CSet Construction) finish choosing CSet, eden: 1758 regions, survivors: 15 regions, old: 0 regions, predicted pause time: 34.38 ms, target pause time: 100.00 ms]
, 0.0333770 secs]
   [Parallel Time: 18.7 ms, GC Workers: 18]
      [GC Worker Start (ms): Min: 2117562.6, Avg: 2117562.8, Max: 2117563.0, Diff: 0.4]
      [Ext Root Scanning (ms): Min: 7.0, Avg: 8.1, Max: 12.4, Diff: 5.4, Sum: 145.9]
      [Update RS (ms): Min: 0.0, Avg: 1.5, Max: 4.0, Diff: 4.0, Sum: 26.2]
         [Processed Buffers: Min: 0, Avg: 8.0, Max: 24, Diff: 24, Sum: 144]
      [Scan RS (ms): Min: 0.2, Avg: 0.8, Max: 1.0, Diff: 0.8, Sum: 13.7]
      [Object Copy (ms): Min: 5.0, Avg: 7.6, Max: 8.2, Diff: 3.2, Sum: 136.8]
      [Termination (ms): Min: 0.0, Avg: 0.1, Max: 0.1, Diff: 0.1, Sum: 1.3]
      [GC Worker Other (ms): Min: 0.1, Avg: 0.3, Max: 0.5, Diff: 0.4, Sum: 4.9]
      [GC Worker Total (ms): Min: 17.9, Avg: 18.3, Max: 18.6, Diff: 0.8, Sum: 328.9]
      [GC Worker End (ms): Min: 2117580.8, Avg: 2117581.1, Max: 2117581.2, Diff: 0.4]
   [Code Root Fixup: 0.0 ms]
   [Clear CT: 1.8 ms]
   [Other: 12.9 ms]
      [Choose CSet: 0.0 ms]
      [Ref Proc: 6.9 ms]
      [Ref Enq: 0.5 ms]
      [Free CSet: 4.8 ms]
   [Eden: 1758.0M(1758.0M)->0.0B(1764.0M) Survivors: 15.0M->12.0M Heap: 1982.0M(2252.0M)->220.6M(2252.0M)]
 [Times: user=0.36 sys=0.00, real=0.04 secs] 

 Concurrent RS processed 1235969 cards
  Of 37586 completed buffers:
        37586 (100.0%) by conc RS threads.
            0 (  0.0%) by mutator threads.
  Conc RS threads times(s)
          0.00     0.00     0.00     0.00     0.00     0.00     0.00     0.00     0.00     0.00     0.00     0.00     0.00     0.00     0.00     0.00     0.00     0.00     0.00
  Total heap region rem set sizes = 6560K.  Max = 30K.
  Static structures = 369K, free_lists = 222K.
    294763 occupied cards represented.
    Max size region = 9:(O)[0x0000000763d00000,0x0000000763dfdd18,0x0000000763e00000], size = 31K, occupied = 77K.
    Did 1280 coarsenings.
2014-08-01T09:31:44.520-0500: 2124.963: [GC pause (young) 2124.963: [G1Ergonomics (CSet Construction) start choosing CSet, _pending_cards: 5328, predicted base time: 21.58 ms, remaining time: 78.42 ms, target pause time: 100.00 ms]
 2124.963: [G1Ergonomics (CSet Construction) add young regions to CSet, eden: 1764 regions, survivors: 12 regions, predicted young region time: 18.62 ms]
 2124.963: [G1Ergonomics (CSet Construction) finish choosing CSet, eden: 1764 regions, survivors: 12 regions, old: 0 regions, predicted pause time: 40.20 ms, target pause time: 100.00 ms]
, 0.0381630 secs]
   [Parallel Time: 20.5 ms, GC Workers: 18]
      [GC Worker Start (ms): Min: 2124963.5, Avg: 2124963.7, Max: 2124963.8, Diff: 0.3]
      [Ext Root Scanning (ms): Min: 6.4, Avg: 8.0, Max: 13.5, Diff: 7.1, Sum: 143.6]
      [Update RS (ms): Min: 0.0, Avg: 1.4, Max: 2.8, Diff: 2.8, Sum: 24.6]
         [Processed Buffers: Min: 0, Avg: 7.7, Max: 21, Diff: 21, Sum: 139]
      [Scan RS (ms): Min: 0.3, Avg: 0.8, Max: 1.0, Diff: 0.7, Sum: 14.7]
      [Object Copy (ms): Min: 5.5, Avg: 9.2, Max: 10.4, Diff: 4.8, Sum: 165.1]
      [Termination (ms): Min: 0.1, Avg: 0.5, Max: 0.6, Diff: 0.5, Sum: 9.3]
      [GC Worker Other (ms): Min: 0.0, Avg: 0.2, Max: 0.4, Diff: 0.4, Sum: 4.2]
      [GC Worker Total (ms): Min: 19.8, Avg: 20.1, Max: 20.4, Diff: 0.6, Sum: 361.6]
      [GC Worker End (ms): Min: 2124983.5, Avg: 2124983.7, Max: 2124983.9, Diff: 0.4]
   [Code Root Fixup: 0.0 ms]
   [Clear CT: 2.2 ms]
   [Other: 15.5 ms]
      [Choose CSet: 0.0 ms]
      [Ref Proc: 7.0 ms]
      [Ref Enq: 0.4 ms]
      [Free CSet: 7.2 ms]
   [Eden: 1764.0M(1764.0M)->0.0B(1762.0M) Survivors: 12.0M->13.0M Heap: 1984.6M(2252.0M)->221.4M(2252.0M)]
 [Times: user=0.41 sys=0.01, real=0.04 secs] 

 Concurrent RS processed 1238209 cards
  Of 37725 completed buffers:
        37725 (100.0%) by conc RS threads.
            0 (  0.0%) by mutator threads.
  Conc RS threads times(s)
          0.00     0.00     0.00     0.00     0.00     0.00     0.00     0.00     0.00     0.00     0.00     0.00     0.00     0.00     0.00     0.00     0.00     0.00     0.00
  Total heap region rem set sizes = 6560K.  Max = 30K.
  Static structures = 369K, free_lists = 222K.
    295128 occupied cards represented.
    Max size region = 9:(O)[0x0000000763d00000,0x0000000763dfdd18,0x0000000763e00000], size = 31K, occupied = 77K.
    Did 1280 coarsenings.
2014-08-01T09:31:51.386-0500: 2131.829: [GC pause (young) 2131.829: [G1Ergonomics (CSet Construction) start choosing CSet, _pending_cards: 5317, predicted base time: 21.32 ms, remaining time: 78.68 ms, target pause time: 100.00 ms]
 2131.829: [G1Ergonomics (CSet Construction) add young regions to CSet, eden: 1762 regions, survivors: 13 regions, predicted young region time: 18.81 ms]
 2131.829: [G1Ergonomics (CSet Construction) finish choosing CSet, eden: 1762 regions, survivors: 13 regions, old: 0 regions, predicted pause time: 40.13 ms, target pause time: 100.00 ms]
, 0.0408410 secs]
   [Parallel Time: 27.6 ms, GC Workers: 18]
      [GC Worker Start (ms): Min: 2131829.6, Avg: 2131829.8, Max: 2131830.0, Diff: 0.4]
      [Ext Root Scanning (ms): Min: 6.5, Avg: 8.0, Max: 11.6, Diff: 5.0, Sum: 143.4]
      [Update RS (ms): Min: 0.0, Avg: 1.4, Max: 2.9, Diff: 2.9, Sum: 26.0]
         [Processed Buffers: Min: 0, Avg: 7.9, Max: 25, Diff: 25, Sum: 143]
      [Scan RS (ms): Min: 0.2, Avg: 1.1, Max: 5.6, Diff: 5.3, Sum: 19.9]
      [Object Copy (ms): Min: 10.5, Avg: 15.8, Max: 16.7, Diff: 6.2, Sum: 284.3]
      [Termination (ms): Min: 0.0, Avg: 0.4, Max: 0.5, Diff: 0.5, Sum: 7.9]
      [GC Worker Other (ms): Min: 0.0, Avg: 0.2, Max: 0.4, Diff: 0.4, Sum: 4.4]
      [GC Worker Total (ms): Min: 26.6, Avg: 27.0, Max: 27.3, Diff: 0.7, Sum: 485.9]
      [GC Worker End (ms): Min: 2131856.6, Avg: 2131856.8, Max: 2131857.0, Diff: 0.4]
   [Code Root Fixup: 0.0 ms]
   [Clear CT: 2.1 ms]
   [Other: 11.2 ms]
      [Choose CSet: 0.0 ms]
      [Ref Proc: 5.1 ms]
      [Ref Enq: 0.4 ms]
      [Free CSet: 5.1 ms]
   [Eden: 1762.0M(1762.0M)->0.0B(1742.0M) Survivors: 13.0M->23.0M Heap: 1983.4M(2252.0M)->231.6M(2252.0M)]
 [Times: user=0.50 sys=0.00, real=0.04 secs] 

 Concurrent RS processed 1240447 cards
  Of 37868 completed buffers:
        37868 (100.0%) by conc RS threads.
            0 (  0.0%) by mutator threads.
  Conc RS threads times(s)
          0.00     0.00     0.00     0.00     0.00     0.00     0.00     0.00     0.00     0.00     0.00     0.00     0.00     0.00     0.00     0.00     0.00     0.00     0.00
  Total heap region rem set sizes = 6561K.  Max = 30K.
  Static structures = 369K, free_lists = 222K.
    295475 occupied cards represented.
    Max size region = 9:(O)[0x0000000763d00000,0x0000000763dfdd18,0x0000000763e00000], size = 31K, occupied = 77K.
    Did 1280 coarsenings.
2014-08-01T09:31:58.250-0500: 2138.693: [GC pause (young) 2138.693: [G1Ergonomics (CSet Construction) start choosing CSet, _pending_cards: 5825, predicted base time: 20.78 ms, remaining time: 79.22 ms, target pause time: 100.00 ms]
 2138.693: [G1Ergonomics (CSet Construction) add young regions to CSet, eden: 1742 regions, survivors: 23 regions, predicted young region time: 15.99 ms]
 2138.693: [G1Ergonomics (CSet Construction) finish choosing CSet, eden: 1742 regions, survivors: 23 regions, old: 0 regions, predicted pause time: 36.78 ms, target pause time: 100.00 ms]
, 0.0364740 secs]
   [Parallel Time: 19.0 ms, GC Workers: 18]
      [GC Worker Start (ms): Min: 2138693.6, Avg: 2138693.7, Max: 2138693.9, Diff: 0.3]
      [Ext Root Scanning (ms): Min: 6.1, Avg: 6.9, Max: 11.1, Diff: 5.1, Sum: 124.3]
      [Update RS (ms): Min: 0.0, Avg: 1.6, Max: 3.5, Diff: 3.5, Sum: 29.3]
         [Processed Buffers: Min: 0, Avg: 7.8, Max: 38, Diff: 38, Sum: 140]
      [Scan RS (ms): Min: 0.2, Avg: 0.8, Max: 1.0, Diff: 0.8, Sum: 13.7]
      [Object Copy (ms): Min: 6.8, Avg: 8.9, Max: 9.3, Diff: 2.5, Sum: 159.7]
      [Termination (ms): Min: 0.0, Avg: 0.1, Max: 0.1, Diff: 0.1, Sum: 1.8]
      [GC Worker Other (ms): Min: 0.0, Avg: 0.2, Max: 0.4, Diff: 0.3, Sum: 3.7]
      [GC Worker Total (ms): Min: 18.2, Avg: 18.5, Max: 18.7, Diff: 0.5, Sum: 332.5]
      [GC Worker End (ms): Min: 2138712.1, Avg: 2138712.2, Max: 2138712.4, Diff: 0.3]
   [Code Root Fixup: 0.0 ms]
   [Clear CT: 3.1 ms]
   [Other: 14.3 ms]
      [Choose CSet: 0.0 ms]
      [Ref Proc: 8.0 ms]
      [Ref Enq: 0.4 ms]
      [Free CSet: 5.2 ms]
   [Eden: 1742.0M(1742.0M)->0.0B(1757.0M) Survivors: 23.0M->15.0M Heap: 1973.6M(2252.0M)->223.8M(2252.0M)]
 [Times: user=0.40 sys=0.01, real=0.04 secs] 

 Concurrent RS processed 1242682 cards
  Of 38008 completed buffers:
        38008 (100.0%) by conc RS threads.
            0 (  0.0%) by mutator threads.
  Conc RS threads times(s)
          0.00     0.00     0.00     0.00     0.00     0.00     0.00     0.00     0.00     0.00     0.00     0.00     0.00     0.00     0.00     0.00     0.00     0.00     0.00
  Total heap region rem set sizes = 6561K.  Max = 30K.
  Static structures = 369K, free_lists = 221K.
    295885 occupied cards represented.
    Max size region = 9:(O)[0x0000000763d00000,0x0000000763dfdd18,0x0000000763e00000], size = 31K, occupied = 77K.
    Did 1280 coarsenings.
2014-08-01T09:32:05.486-0500: 2145.929: [GC pause (young) 2145.929: [G1Ergonomics (CSet Construction) start choosing CSet, _pending_cards: 5594, predicted base time: 21.07 ms, remaining time: 78.93 ms, target pause time: 100.00 ms]
 2145.929: [G1Ergonomics (CSet Construction) add young regions to CSet, eden: 1757 regions, survivors: 15 regions, predicted young region time: 13.12 ms]
 2145.929: [G1Ergonomics (CSet Construction) finish choosing CSet, eden: 1757 regions, survivors: 15 regions, old: 0 regions, predicted pause time: 34.19 ms, target pause time: 100.00 ms]
, 0.0335050 secs]
   [Parallel Time: 17.5 ms, GC Workers: 18]
      [GC Worker Start (ms): Min: 2145929.5, Avg: 2145929.7, Max: 2145929.8, Diff: 0.4]
      [Ext Root Scanning (ms): Min: 5.2, Avg: 7.1, Max: 11.6, Diff: 6.5, Sum: 127.6]
      [Update RS (ms): Min: 0.0, Avg: 1.2, Max: 2.9, Diff: 2.9, Sum: 20.8]
         [Processed Buffers: Min: 0, Avg: 7.8, Max: 22, Diff: 22, Sum: 141]
      [Scan RS (ms): Min: 0.2, Avg: 0.8, Max: 1.0, Diff: 0.8, Sum: 14.9]
      [Object Copy (ms): Min: 4.3, Avg: 7.2, Max: 7.8, Diff: 3.4, Sum: 130.3]
      [Termination (ms): Min: 0.0, Avg: 0.3, Max: 0.4, Diff: 0.4, Sum: 5.8]
      [GC Worker Other (ms): Min: 0.1, Avg: 0.2, Max: 0.4, Diff: 0.3, Sum: 4.0]
      [GC Worker Total (ms): Min: 16.6, Avg: 16.8, Max: 17.2, Diff: 0.5, Sum: 303.3]
      [GC Worker End (ms): Min: 2145946.3, Avg: 2145946.5, Max: 2145946.7, Diff: 0.4]
   [Code Root Fixup: 0.0 ms]
   [Clear CT: 2.2 ms]
   [Other: 13.9 ms]
      [Choose CSet: 0.0 ms]
      [Ref Proc: 7.7 ms]
      [Ref Enq: 0.4 ms]
      [Free CSet: 5.1 ms]
   [Eden: 1757.0M(1757.0M)->0.0B(1749.0M) Survivors: 15.0M->19.0M Heap: 1980.8M(2252.0M)->227.8M(2252.0M)]
 [Times: user=0.36 sys=0.01, real=0.03 secs] 

 Concurrent RS processed 1244940 cards
  Of 38149 completed buffers:
        38149 (100.0%) by conc RS threads.
            0 (  0.0%) by mutator threads.
  Conc RS threads times(s)
          0.00     0.00     0.00     0.00     0.00     0.00     0.00     0.00     0.00     0.00     0.00     0.00     0.00     0.00     0.00     0.00     0.00     0.00     0.00
  Total heap region rem set sizes = 6563K.  Max = 30K.
  Static structures = 369K, free_lists = 221K.
    296239 occupied cards represented.
    Max size region = 9:(O)[0x0000000763d00000,0x0000000763dfdd18,0x0000000763e00000], size = 31K, occupied = 77K.
    Did 1280 coarsenings.
2014-08-01T09:32:12.135-0500: 2152.578: [GC pause (young) 2152.578: [G1Ergonomics (CSet Construction) start choosing CSet, _pending_cards: 5378, predicted base time: 20.80 ms, remaining time: 79.20 ms, target pause time: 100.00 ms]
 2152.578: [G1Ergonomics (CSet Construction) add young regions to CSet, eden: 1749 regions, survivors: 19 regions, predicted young region time: 19.40 ms]
 2152.578: [G1Ergonomics (CSet Construction) finish choosing CSet, eden: 1749 regions, survivors: 19 regions, old: 0 regions, predicted pause time: 40.20 ms, target pause time: 100.00 ms]
, 0.0252520 secs]
   [Parallel Time: 14.6 ms, GC Workers: 18]
      [GC Worker Start (ms): Min: 2152578.5, Avg: 2152578.6, Max: 2152578.8, Diff: 0.3]
      [Ext Root Scanning (ms): Min: 3.8, Avg: 5.2, Max: 10.6, Diff: 6.8, Sum: 93.6]
      [Update RS (ms): Min: 0.0, Avg: 0.9, Max: 2.1, Diff: 2.1, Sum: 16.0]
         [Processed Buffers: Min: 0, Avg: 7.8, Max: 24, Diff: 24, Sum: 140]
      [Scan RS (ms): Min: 0.1, Avg: 0.5, Max: 0.8, Diff: 0.7, Sum: 9.8]
      [Object Copy (ms): Min: 1.6, Avg: 5.8, Max: 6.4, Diff: 4.8, Sum: 105.1]
      [Termination (ms): Min: 0.1, Avg: 0.5, Max: 1.7, Diff: 1.6, Sum: 9.2]
      [GC Worker Other (ms): Min: 0.0, Avg: 0.1, Max: 0.3, Diff: 0.2, Sum: 2.2]
      [GC Worker Total (ms): Min: 12.8, Avg: 13.1, Max: 14.2, Diff: 1.4, Sum: 235.9]
      [GC Worker End (ms): Min: 2152591.6, Avg: 2152591.7, Max: 2152592.9, Diff: 1.3]
   [Code Root Fixup: 0.0 ms]
   [Clear CT: 2.2 ms]
   [Other: 8.5 ms]
      [Choose CSet: 0.0 ms]
      [Ref Proc: 4.0 ms]
      [Ref Enq: 0.3 ms]
      [Free CSet: 3.8 ms]
   [Eden: 1749.0M(1749.0M)->0.0B(1763.0M) Survivors: 19.0M->12.0M Heap: 1976.8M(2252.0M)->220.9M(2252.0M)]
 [Times: user=0.27 sys=0.00, real=0.03 secs] 

 Concurrent RS processed 1247296 cards
  Of 38289 completed buffers:
        38289 (100.0%) by conc RS threads.
            0 (  0.0%) by mutator threads.
  Conc RS threads times(s)
          0.00     0.00     0.00     0.00     0.00     0.00     0.00     0.00     0.00     0.00     0.00     0.00     0.00     0.00     0.00     0.00     0.00     0.00     0.00
  Total heap region rem set sizes = 6566K.  Max = 30K.
  Static structures = 369K, free_lists = 220K.
    296778 occupied cards represented.
    Max size region = 10:(O)[0x0000000763e00000,0x0000000763efff98,0x0000000763f00000], size = 31K, occupied = 45K.
    Did 1280 coarsenings.
2014-08-01T09:32:19.319-0500: 2159.762: [GC pause (young) 2159.762: [G1Ergonomics (CSet Construction) start choosing CSet, _pending_cards: 5313, predicted base time: 19.61 ms, remaining time: 80.39 ms, target pause time: 100.00 ms]
 2159.762: [G1Ergonomics (CSet Construction) add young regions to CSet, eden: 1763 regions, survivors: 12 regions, predicted young region time: 12.65 ms]
 2159.762: [G1Ergonomics (CSet Construction) finish choosing CSet, eden: 1763 regions, survivors: 12 regions, old: 0 regions, predicted pause time: 32.26 ms, target pause time: 100.00 ms]
, 0.0370360 secs]
   [Parallel Time: 17.5 ms, GC Workers: 18]
      [GC Worker Start (ms): Min: 2159762.2, Avg: 2159762.4, Max: 2159762.6, Diff: 0.3]
      [Ext Root Scanning (ms): Min: 5.8, Avg: 6.8, Max: 10.8, Diff: 5.0, Sum: 122.6]
      [Update RS (ms): Min: 0.0, Avg: 1.4, Max: 2.5, Diff: 2.5, Sum: 25.8]
         [Processed Buffers: Min: 0, Avg: 7.7, Max: 24, Diff: 24, Sum: 138]
      [Scan RS (ms): Min: 0.2, Avg: 0.8, Max: 1.1, Diff: 0.9, Sum: 15.0]
      [Object Copy (ms): Min: 5.6, Avg: 7.6, Max: 8.2, Diff: 2.7, Sum: 137.1]
      [Termination (ms): Min: 0.0, Avg: 0.0, Max: 0.1, Diff: 0.1, Sum: 0.8]
      [GC Worker Other (ms): Min: 0.0, Avg: 0.2, Max: 0.4, Diff: 0.3, Sum: 3.8]
      [GC Worker Total (ms): Min: 16.7, Avg: 17.0, Max: 17.2, Diff: 0.5, Sum: 305.2]
      [GC Worker End (ms): Min: 2159779.2, Avg: 2159779.3, Max: 2159779.5, Diff: 0.4]
   [Code Root Fixup: 0.0 ms]
   [Clear CT: 2.1 ms]
   [Other: 17.5 ms]
      [Choose CSet: 0.0 ms]
      [Ref Proc: 11.9 ms]
      [Ref Enq: 0.4 ms]
      [Free CSet: 4.6 ms]
   [Eden: 1763.0M(1763.0M)->0.0B(1753.0M) Survivors: 12.0M->17.0M Heap: 1983.9M(2252.0M)->226.2M(2252.0M)]
 [Times: user=0.45 sys=0.00, real=0.03 secs] 

 Concurrent RS processed 1249481 cards
  Of 38427 completed buffers:
        38427 (100.0%) by conc RS threads.
            0 (  0.0%) by mutator threads.
  Conc RS threads times(s)
          0.00     0.00     0.00     0.00     0.00     0.00     0.00     0.00     0.00     0.00     0.00     0.00     0.00     0.00     0.00     0.00     0.00     0.00     0.00
  Total heap region rem set sizes = 6567K.  Max = 30K.
  Static structures = 369K, free_lists = 220K.
    297139 occupied cards represented.
    Max size region = 10:(O)[0x0000000763e00000,0x0000000763efff98,0x0000000763f00000], size = 31K, occupied = 45K.
    Did 1280 coarsenings.
2014-08-01T09:32:26.509-0500: 2166.953: [GC pause (young) 2166.953: [G1Ergonomics (CSet Construction) start choosing CSet, _pending_cards: 5577, predicted base time: 21.54 ms, remaining time: 78.46 ms, target pause time: 100.00 ms]
 2166.953: [G1Ergonomics (CSet Construction) add young regions to CSet, eden: 1753 regions, survivors: 17 regions, predicted young region time: 10.47 ms]
 2166.953: [G1Ergonomics (CSet Construction) finish choosing CSet, eden: 1753 regions, survivors: 17 regions, old: 0 regions, predicted pause time: 32.00 ms, target pause time: 100.00 ms]
, 0.0361100 secs]
   [Parallel Time: 20.1 ms, GC Workers: 18]
      [GC Worker Start (ms): Min: 2166953.1, Avg: 2166953.2, Max: 2166953.4, Diff: 0.3]
      [Ext Root Scanning (ms): Min: 5.0, Avg: 6.3, Max: 8.5, Diff: 3.5, Sum: 113.6]
      [Update RS (ms): Min: 0.1, Avg: 1.3, Max: 2.8, Diff: 2.7, Sum: 24.2]
         [Processed Buffers: Min: 1, Avg: 7.7, Max: 22, Diff: 21, Sum: 138]
      [Scan RS (ms): Min: 0.2, Avg: 0.9, Max: 1.7, Diff: 1.5, Sum: 16.2]
      [Object Copy (ms): Min: 8.9, Avg: 10.1, Max: 10.9, Diff: 1.9, Sum: 181.4]
      [Termination (ms): Min: 0.1, Avg: 0.9, Max: 1.1, Diff: 1.0, Sum: 15.5]
      [GC Worker Other (ms): Min: 0.0, Avg: 0.2, Max: 0.4, Diff: 0.3, Sum: 3.3]
      [GC Worker Total (ms): Min: 19.4, Avg: 19.7, Max: 19.9, Diff: 0.5, Sum: 354.1]
      [GC Worker End (ms): Min: 2166972.7, Avg: 2166972.9, Max: 2166973.1, Diff: 0.4]
   [Code Root Fixup: 0.0 ms]
   [Clear CT: 2.1 ms]
   [Other: 13.9 ms]
      [Choose CSet: 0.0 ms]
      [Ref Proc: 7.2 ms]
      [Ref Enq: 0.4 ms]
      [Free CSet: 5.6 ms]
   [Eden: 1753.0M(1753.0M)->0.0B(1759.0M) Survivors: 17.0M->14.0M Heap: 1979.2M(2252.0M)->223.5M(2252.0M)]
 [Times: user=0.41 sys=0.01, real=0.03 secs] 

 Concurrent RS processed 1251669 cards
  Of 38565 completed buffers:
        38565 (100.0%) by conc RS threads.
            0 (  0.0%) by mutator threads.
  Conc RS threads times(s)
          0.00     0.00     0.00     0.00     0.00     0.00     0.00     0.00     0.00     0.00     0.00     0.00     0.00     0.00     0.00     0.00     0.00     0.00     0.00
  Total heap region rem set sizes = 6567K.  Max = 30K.
  Static structures = 369K, free_lists = 220K.
    297505 occupied cards represented.
    Max size region = 10:(O)[0x0000000763e00000,0x0000000763efff98,0x0000000763f00000], size = 31K, occupied = 45K.
    Did 1280 coarsenings.
2014-08-01T09:32:32.986-0500: 2173.429: [GC pause (young) 2173.429: [G1Ergonomics (CSet Construction) start choosing CSet, _pending_cards: 5356, predicted base time: 20.81 ms, remaining time: 79.19 ms, target pause time: 100.00 ms]
 2173.429: [G1Ergonomics (CSet Construction) add young regions to CSet, eden: 1759 regions, survivors: 14 regions, predicted young region time: 17.37 ms]
 2173.429: [G1Ergonomics (CSet Construction) finish choosing CSet, eden: 1759 regions, survivors: 14 regions, old: 0 regions, predicted pause time: 38.18 ms, target pause time: 100.00 ms]
, 0.0366760 secs]
   [Parallel Time: 23.5 ms, GC Workers: 18]
      [GC Worker Start (ms): Min: 2173429.3, Avg: 2173429.5, Max: 2173429.6, Diff: 0.3]
      [Ext Root Scanning (ms): Min: 7.5, Avg: 8.5, Max: 10.1, Diff: 2.6, Sum: 153.6]
      [Update RS (ms): Min: 0.4, Avg: 1.4, Max: 2.4, Diff: 2.0, Sum: 26.0]
         [Processed Buffers: Min: 1, Avg: 8.2, Max: 20, Diff: 19, Sum: 148]
      [Scan RS (ms): Min: 0.2, Avg: 0.8, Max: 1.0, Diff: 0.8, Sum: 14.4]
      [Object Copy (ms): Min: 8.5, Avg: 9.3, Max: 12.1, Diff: 3.6, Sum: 167.0]
      [Termination (ms): Min: 0.0, Avg: 2.7, Max: 3.3, Diff: 3.3, Sum: 48.1]
      [GC Worker Other (ms): Min: 0.0, Avg: 0.2, Max: 0.5, Diff: 0.4, Sum: 4.0]
      [GC Worker Total (ms): Min: 22.8, Avg: 22.9, Max: 23.2, Diff: 0.4, Sum: 413.1]
      [GC Worker End (ms): Min: 2173452.2, Avg: 2173452.4, Max: 2173452.6, Diff: 0.4]
   [Code Root Fixup: 0.0 ms]
   [Clear CT: 2.0 ms]
   [Other: 11.2 ms]
      [Choose CSet: 0.0 ms]
      [Ref Proc: 5.6 ms]
      [Ref Enq: 0.5 ms]
      [Free CSet: 4.6 ms]
   [Eden: 1759.0M(1759.0M)->0.0B(1747.0M) Survivors: 14.0M->20.0M Heap: 1982.5M(2252.0M)->229.1M(2252.0M)]
 [Times: user=0.42 sys=0.01, real=0.04 secs] 

 Concurrent RS processed 1253915 cards
  Of 38713 completed buffers:
        38713 (100.0%) by conc RS threads.
            0 (  0.0%) by mutator threads.
  Conc RS threads times(s)
          0.00     0.00     0.00     0.00     0.00     0.00     0.00     0.00     0.00     0.00     0.00     0.00     0.00     0.00     0.00     0.00     0.00     0.00     0.00
  Total heap region rem set sizes = 6568K.  Max = 30K.
  Static structures = 369K, free_lists = 219K.
    297877 occupied cards represented.
    Max size region = 10:(O)[0x0000000763e00000,0x0000000763efff98,0x0000000763f00000], size = 31K, occupied = 45K.
    Did 1280 coarsenings.
2014-08-01T09:32:39.681-0500: 2180.124: [GC pause (young) 2180.124: [G1Ergonomics (CSet Construction) start choosing CSet, _pending_cards: 5596, predicted base time: 20.58 ms, remaining time: 79.42 ms, target pause time: 100.00 ms]
 2180.124: [G1Ergonomics (CSet Construction) add young regions to CSet, eden: 1747 regions, survivors: 20 regions, predicted young region time: 22.56 ms]
 2180.124: [G1Ergonomics (CSet Construction) finish choosing CSet, eden: 1747 regions, survivors: 20 regions, old: 0 regions, predicted pause time: 43.13 ms, target pause time: 100.00 ms]
, 0.0352450 secs]
   [Parallel Time: 21.1 ms, GC Workers: 18]
      [GC Worker Start (ms): Min: 2180124.3, Avg: 2180124.6, Max: 2180124.8, Diff: 0.4]
      [Ext Root Scanning (ms): Min: 5.1, Avg: 6.7, Max: 9.1, Diff: 3.9, Sum: 120.4]
      [Update RS (ms): Min: 0.0, Avg: 1.3, Max: 3.3, Diff: 3.3, Sum: 23.3]
         [Processed Buffers: Min: 0, Avg: 8.1, Max: 20, Diff: 20, Sum: 145]
      [Scan RS (ms): Min: 0.6, Avg: 0.8, Max: 1.0, Diff: 0.4, Sum: 15.3]
      [Object Copy (ms): Min: 9.1, Avg: 10.3, Max: 11.4, Diff: 2.3, Sum: 185.2]
      [Termination (ms): Min: 0.0, Avg: 1.2, Max: 1.3, Diff: 1.3, Sum: 21.3]
      [GC Worker Other (ms): Min: 0.0, Avg: 0.2, Max: 0.4, Diff: 0.3, Sum: 3.4]
      [GC Worker Total (ms): Min: 20.2, Avg: 20.5, Max: 20.9, Diff: 0.7, Sum: 368.9]
      [GC Worker End (ms): Min: 2180144.9, Avg: 2180145.1, Max: 2180145.3, Diff: 0.3]
   [Code Root Fixup: 0.0 ms]
   [Clear CT: 2.3 ms]
   [Other: 11.9 ms]
      [Choose CSet: 0.0 ms]
      [Ref Proc: 5.8 ms]
      [Ref Enq: 0.6 ms]
      [Free CSet: 4.9 ms]
   [Eden: 1747.0M(1747.0M)->0.0B(1757.0M) Survivors: 20.0M->15.0M Heap: 1976.1M(2252.0M)->224.5M(2252.0M)]
 [Times: user=0.42 sys=0.00, real=0.03 secs] 

 Concurrent RS processed 1256152 cards
  Of 38858 completed buffers:
        38858 (100.0%) by conc RS threads.
            0 (  0.0%) by mutator threads.
  Conc RS threads times(s)
          0.00     0.00     0.00     0.00     0.00     0.00     0.00     0.00     0.00     0.00     0.00     0.00     0.00     0.00     0.00     0.00     0.00     0.00     0.00
  Total heap region rem set sizes = 6568K.  Max = 30K.
  Static structures = 369K, free_lists = 219K.
    298248 occupied cards represented.
    Max size region = 10:(O)[0x0000000763e00000,0x0000000763efff98,0x0000000763f00000], size = 31K, occupied = 45K.
    Did 1280 coarsenings.
2014-08-01T09:32:46.500-0500: 2186.944: [GC pause (young) 2186.944: [G1Ergonomics (CSet Construction) start choosing CSet, _pending_cards: 5561, predicted base time: 19.95 ms, remaining time: 80.05 ms, target pause time: 100.00 ms]
 2186.944: [G1Ergonomics (CSet Construction) add young regions to CSet, eden: 1757 regions, survivors: 15 regions, predicted young region time: 18.72 ms]
 2186.944: [G1Ergonomics (CSet Construction) finish choosing CSet, eden: 1757 regions, survivors: 15 regions, old: 0 regions, predicted pause time: 38.66 ms, target pause time: 100.00 ms]
, 0.0367170 secs]
   [Parallel Time: 20.5 ms, GC Workers: 18]
      [GC Worker Start (ms): Min: 2186944.2, Avg: 2186944.3, Max: 2186944.5, Diff: 0.3]
      [Ext Root Scanning (ms): Min: 3.9, Avg: 4.4, Max: 6.1, Diff: 2.2, Sum: 79.3]
      [Update RS (ms): Min: 0.0, Avg: 0.8, Max: 1.7, Diff: 1.7, Sum: 14.2]
         [Processed Buffers: Min: 0, Avg: 7.5, Max: 22, Diff: 22, Sum: 135]
      [Scan RS (ms): Min: 0.1, Avg: 0.5, Max: 0.6, Diff: 0.5, Sum: 8.7]
      [Object Copy (ms): Min: 12.4, Avg: 13.1, Max: 13.7, Diff: 1.4, Sum: 235.2]
      [Termination (ms): Min: 0.4, Avg: 1.0, Max: 1.2, Diff: 0.8, Sum: 18.9]
      [GC Worker Other (ms): Min: 0.1, Avg: 0.2, Max: 0.4, Diff: 0.3, Sum: 2.9]
      [GC Worker Total (ms): Min: 19.7, Avg: 20.0, Max: 20.3, Diff: 0.6, Sum: 359.2]
      [GC Worker End (ms): Min: 2186964.1, Avg: 2186964.3, Max: 2186964.5, Diff: 0.3]
   [Code Root Fixup: 0.0 ms]
   [Clear CT: 2.1 ms]
   [Other: 14.1 ms]
      [Choose CSet: 0.0 ms]
      [Ref Proc: 7.4 ms]
      [Ref Enq: 0.5 ms]
      [Free CSet: 5.6 ms]
   [Eden: 1757.0M(1757.0M)->0.0B(1761.0M) Survivors: 15.0M->13.0M Heap: 1981.5M(2252.0M)->222.0M(2252.0M)]
 [Times: user=0.42 sys=0.01, real=0.03 secs] 

 Concurrent RS processed 1258235 cards
  Of 38993 completed buffers:
        38993 (100.0%) by conc RS threads.
            0 (  0.0%) by mutator threads.
  Conc RS threads times(s)
          0.00     0.00     0.00     0.00     0.00     0.00     0.00     0.00     0.00     0.00     0.00     0.00     0.00     0.00     0.00     0.00     0.00     0.00     0.00
  Total heap region rem set sizes = 6568K.  Max = 30K.
  Static structures = 369K, free_lists = 219K.
    298617 occupied cards represented.
    Max size region = 10:(O)[0x0000000763e00000,0x0000000763efff98,0x0000000763f00000], size = 31K, occupied = 45K.
    Did 1280 coarsenings.
2014-08-01T09:32:53.840-0500: 2194.283: [GC pause (young) 2194.283: [G1Ergonomics (CSet Construction) start choosing CSet, _pending_cards: 5587, predicted base time: 19.17 ms, remaining time: 80.83 ms, target pause time: 100.00 ms]
 2194.283: [G1Ergonomics (CSet Construction) add young regions to CSet, eden: 1761 regions, survivors: 13 regions, predicted young region time: 25.70 ms]
 2194.283: [G1Ergonomics (CSet Construction) finish choosing CSet, eden: 1761 regions, survivors: 13 regions, old: 0 regions, predicted pause time: 44.87 ms, target pause time: 100.00 ms]
, 0.0392520 secs]
   [Parallel Time: 20.2 ms, GC Workers: 18]
      [GC Worker Start (ms): Min: 2194283.3, Avg: 2194283.5, Max: 2194283.6, Diff: 0.3]
      [Ext Root Scanning (ms): Min: 5.5, Avg: 6.6, Max: 10.5, Diff: 5.1, Sum: 119.6]
      [Update RS (ms): Min: 0.0, Avg: 1.4, Max: 2.8, Diff: 2.8, Sum: 25.2]
         [Processed Buffers: Min: 0, Avg: 8.1, Max: 24, Diff: 24, Sum: 145]
      [Scan RS (ms): Min: 0.2, Avg: 0.9, Max: 1.1, Diff: 0.8, Sum: 15.6]
      [Object Copy (ms): Min: 8.6, Avg: 10.3, Max: 10.9, Diff: 2.3, Sum: 185.3]
      [Termination (ms): Min: 0.0, Avg: 0.1, Max: 0.2, Diff: 0.1, Sum: 2.2]
      [GC Worker Other (ms): Min: 0.0, Avg: 0.2, Max: 0.4, Diff: 0.4, Sum: 3.9]
      [GC Worker Total (ms): Min: 19.4, Avg: 19.5, Max: 19.8, Diff: 0.3, Sum: 351.7]
      [GC Worker End (ms): Min: 2194302.8, Avg: 2194303.0, Max: 2194303.2, Diff: 0.4]
   [Code Root Fixup: 0.0 ms]
   [Clear CT: 2.3 ms]
   [Other: 16.8 ms]
      [Choose CSet: 0.0 ms]
      [Ref Proc: 10.5 ms]
      [Ref Enq: 0.4 ms]
      [Free CSet: 5.1 ms]
   [Eden: 1761.0M(1761.0M)->0.0B(1741.0M) Survivors: 13.0M->23.0M Heap: 1983.0M(2252.0M)->232.6M(2252.0M)]
 [Times: user=0.44 sys=0.01, real=0.04 secs] 

 Concurrent RS processed 1260422 cards
  Of 39138 completed buffers:
        39138 (100.0%) by conc RS threads.
            0 (  0.0%) by mutator threads.
  Conc RS threads times(s)
          0.00     0.00     0.00     0.00     0.00     0.00     0.00     0.00     0.00     0.00     0.00     0.00     0.00     0.00     0.00     0.00     0.00     0.00     0.00
  Total heap region rem set sizes = 6569K.  Max = 30K.
  Static structures = 369K, free_lists = 219K.
    299071 occupied cards represented.
    Max size region = 10:(O)[0x0000000763e00000,0x0000000763efff98,0x0000000763f00000], size = 31K, occupied = 45K.
    Did 1280 coarsenings.
2014-08-01T09:33:00.595-0500: 2201.038: [GC pause (young) 2201.038: [G1Ergonomics (CSet Construction) start choosing CSet, _pending_cards: 5325, predicted base time: 20.66 ms, remaining time: 79.34 ms, target pause time: 100.00 ms]
 2201.038: [G1Ergonomics (CSet Construction) add young regions to CSet, eden: 1741 regions, survivors: 23 regions, predicted young region time: 15.70 ms]
 2201.038: [G1Ergonomics (CSet Construction) finish choosing CSet, eden: 1741 regions, survivors: 23 regions, old: 0 regions, predicted pause time: 36.36 ms, target pause time: 100.00 ms]
, 0.0374010 secs]
   [Parallel Time: 21.1 ms, GC Workers: 18]
      [GC Worker Start (ms): Min: 2201038.3, Avg: 2201038.4, Max: 2201038.6, Diff: 0.3]
      [Ext Root Scanning (ms): Min: 5.0, Avg: 7.3, Max: 12.7, Diff: 7.7, Sum: 131.1]
      [Update RS (ms): Min: 0.0, Avg: 3.8, Max: 6.5, Diff: 6.5, Sum: 68.0]
         [Processed Buffers: Min: 0, Avg: 7.7, Max: 48, Diff: 48, Sum: 139]
      [Scan RS (ms): Min: 0.2, Avg: 0.9, Max: 1.0, Diff: 0.8, Sum: 15.7]
      [Object Copy (ms): Min: 5.1, Avg: 7.9, Max: 8.7, Diff: 3.6, Sum: 142.8]
      [Termination (ms): Min: 0.0, Avg: 0.5, Max: 0.6, Diff: 0.6, Sum: 9.3]
      [GC Worker Other (ms): Min: 0.0, Avg: 0.2, Max: 0.4, Diff: 0.3, Sum: 3.5]
      [GC Worker Total (ms): Min: 20.3, Avg: 20.6, Max: 20.9, Diff: 0.5, Sum: 370.4]
      [GC Worker End (ms): Min: 2201058.8, Avg: 2201059.0, Max: 2201059.2, Diff: 0.3]
   [Code Root Fixup: 0.0 ms]
   [Clear CT: 1.9 ms]
   [Other: 14.4 ms]
      [Choose CSet: 0.0 ms]
      [Ref Proc: 8.1 ms]
      [Ref Enq: 0.6 ms]
      [Free CSet: 5.1 ms]
   [Eden: 1741.0M(1741.0M)->0.0B(1757.0M) Survivors: 23.0M->15.0M Heap: 1973.6M(2252.0M)->224.5M(2252.0M)]
 [Times: user=0.38 sys=0.01, real=0.04 secs] 

 Concurrent RS processed 1262748 cards
  Of 39277 completed buffers:
        39277 (100.0%) by conc RS threads.
            0 (  0.0%) by mutator threads.
  Conc RS threads times(s)
          0.00     0.00     0.00     0.00     0.00     0.00     0.00     0.00     0.00     0.00     0.00     0.00     0.00     0.00     0.00     0.00     0.00     0.00     0.00
  Total heap region rem set sizes = 6569K.  Max = 30K.
  Static structures = 369K, free_lists = 219K.
    299522 occupied cards represented.
    Max size region = 10:(O)[0x0000000763e00000,0x0000000763efff98,0x0000000763f00000], size = 31K, occupied = 45K.
    Did 1280 coarsenings.
2014-08-01T09:33:07.484-0500: 2207.927: [GC pause (young) 2207.927: [G1Ergonomics (CSet Construction) start choosing CSet, _pending_cards: 5321, predicted base time: 21.90 ms, remaining time: 78.10 ms, target pause time: 100.00 ms]
 2207.927: [G1Ergonomics (CSet Construction) add young regions to CSet, eden: 1757 regions, survivors: 15 regions, predicted young region time: 13.58 ms]
 2207.927: [G1Ergonomics (CSet Construction) finish choosing CSet, eden: 1757 regions, survivors: 15 regions, old: 0 regions, predicted pause time: 35.47 ms, target pause time: 100.00 ms]
, 0.0494360 secs]
   [Parallel Time: 29.7 ms, GC Workers: 18]
      [GC Worker Start (ms): Min: 2207927.3, Avg: 2207927.5, Max: 2207927.7, Diff: 0.3]
      [Ext Root Scanning (ms): Min: 6.3, Avg: 7.9, Max: 14.3, Diff: 8.0, Sum: 141.5]
      [Update RS (ms): Min: 0.0, Avg: 1.4, Max: 4.1, Diff: 4.1, Sum: 25.7]
         [Processed Buffers: Min: 0, Avg: 7.6, Max: 29, Diff: 29, Sum: 136]
      [Scan RS (ms): Min: 0.2, Avg: 0.9, Max: 1.8, Diff: 1.6, Sum: 16.1]
      [Object Copy (ms): Min: 13.1, Avg: 17.8, Max: 18.7, Diff: 5.6, Sum: 319.8]
      [Termination (ms): Min: 0.4, Avg: 1.1, Max: 1.5, Diff: 1.1, Sum: 19.5]
      [GC Worker Other (ms): Min: 0.0, Avg: 0.2, Max: 0.4, Diff: 0.3, Sum: 3.2]
      [GC Worker Total (ms): Min: 29.0, Avg: 29.2, Max: 29.5, Diff: 0.5, Sum: 525.8]
      [GC Worker End (ms): Min: 2207956.5, Avg: 2207956.7, Max: 2207956.9, Diff: 0.4]
   [Code Root Fixup: 0.0 ms]
   [Clear CT: 2.2 ms]
   [Other: 17.5 ms]
      [Choose CSet: 0.0 ms]
      [Ref Proc: 11.1 ms]
      [Ref Enq: 0.7 ms]
      [Free CSet: 5.1 ms]
   [Eden: 1757.0M(1757.0M)->0.0B(1747.0M) Survivors: 15.0M->20.0M Heap: 1981.5M(2252.0M)->229.5M(2252.0M)]
 [Times: user=0.55 sys=0.01, real=0.05 secs] 

 Concurrent RS processed 1264887 cards
  Of 39413 completed buffers:
        39413 (100.0%) by conc RS threads.
            0 (  0.0%) by mutator threads.
  Conc RS threads times(s)
          0.00     0.00     0.00     0.00     0.00     0.00     0.00     0.00     0.00     0.00     0.00     0.00     0.00     0.00     0.00     0.00     0.00     0.00     0.00
  Total heap region rem set sizes = 6570K.  Max = 30K.
  Static structures = 369K, free_lists = 219K.
    299852 occupied cards represented.
    Max size region = 10:(O)[0x0000000763e00000,0x0000000763efff98,0x0000000763f00000], size = 31K, occupied = 45K.
    Did 1280 coarsenings.
2014-08-01T09:33:14.824-0500: 2215.268: [GC pause (young) 2215.268: [G1Ergonomics (CSet Construction) start choosing CSet, _pending_cards: 5577, predicted base time: 23.37 ms, remaining time: 76.63 ms, target pause time: 100.00 ms]
 2215.268: [G1Ergonomics (CSet Construction) add young regions to CSet, eden: 1747 regions, survivors: 20 regions, predicted young region time: 21.79 ms]
 2215.268: [G1Ergonomics (CSet Construction) finish choosing CSet, eden: 1747 regions, survivors: 20 regions, old: 0 regions, predicted pause time: 45.16 ms, target pause time: 100.00 ms]
, 0.0273090 secs]
   [Parallel Time: 16.2 ms, GC Workers: 18]
      [GC Worker Start (ms): Min: 2215267.9, Avg: 2215268.1, Max: 2215268.2, Diff: 0.3]
      [Ext Root Scanning (ms): Min: 3.7, Avg: 5.0, Max: 6.4, Diff: 2.8, Sum: 90.0]
      [Update RS (ms): Min: 0.0, Avg: 0.8, Max: 2.1, Diff: 2.1, Sum: 14.6]
         [Processed Buffers: Min: 0, Avg: 7.6, Max: 24, Diff: 24, Sum: 136]
      [Scan RS (ms): Min: 0.1, Avg: 0.6, Max: 0.8, Diff: 0.7, Sum: 10.3]
      [Object Copy (ms): Min: 5.1, Avg: 5.9, Max: 9.1, Diff: 4.0, Sum: 106.6]
      [Termination (ms): Min: 0.0, Avg: 3.3, Max: 3.5, Diff: 3.5, Sum: 59.0]
      [GC Worker Other (ms): Min: 0.0, Avg: 0.1, Max: 0.3, Diff: 0.3, Sum: 2.5]
      [GC Worker Total (ms): Min: 15.5, Avg: 15.7, Max: 15.9, Diff: 0.4, Sum: 283.0]
      [GC Worker End (ms): Min: 2215283.7, Avg: 2215283.8, Max: 2215283.9, Diff: 0.3]
   [Code Root Fixup: 0.0 ms]
   [Clear CT: 1.7 ms]
   [Other: 9.5 ms]
      [Choose CSet: 0.0 ms]
      [Ref Proc: 4.8 ms]
      [Ref Enq: 0.4 ms]
      [Free CSet: 3.8 ms]
   [Eden: 1747.0M(1747.0M)->0.0B(1763.0M) Survivors: 20.0M->12.0M Heap: 1976.5M(2252.0M)->221.9M(2252.0M)]
 [Times: user=0.32 sys=0.00, real=0.02 secs] 

 Concurrent RS processed 1267155 cards
  Of 39549 completed buffers:
        39549 (100.0%) by conc RS threads.
            0 (  0.0%) by mutator threads.
  Conc RS threads times(s)
          0.00     0.00     0.00     0.00     0.00     0.00     0.00     0.00     0.00     0.00     0.00     0.00     0.00     0.00     0.00     0.00     0.00     0.00     0.00
  Total heap region rem set sizes = 6570K.  Max = 30K.
  Static structures = 369K, free_lists = 219K.
    300251 occupied cards represented.
    Max size region = 10:(O)[0x0000000763e00000,0x0000000763efff98,0x0000000763f00000], size = 31K, occupied = 45K.
    Did 1280 coarsenings.
2014-08-01T09:33:22.190-0500: 2222.634: [GC pause (young) 2222.634: [G1Ergonomics (CSet Construction) start choosing CSet, _pending_cards: 5342, predicted base time: 21.33 ms, remaining time: 78.67 ms, target pause time: 100.00 ms]
 2222.634: [G1Ergonomics (CSet Construction) add young regions to CSet, eden: 1763 regions, survivors: 12 regions, predicted young region time: 30.75 ms]
 2222.634: [G1Ergonomics (CSet Construction) finish choosing CSet, eden: 1763 regions, survivors: 12 regions, old: 0 regions, predicted pause time: 52.08 ms, target pause time: 100.00 ms]
, 0.0432460 secs]
   [Parallel Time: 25.7 ms, GC Workers: 18]
      [GC Worker Start (ms): Min: 2222634.2, Avg: 2222634.5, Max: 2222634.7, Diff: 0.5]
      [Ext Root Scanning (ms): Min: 6.1, Avg: 7.2, Max: 11.0, Diff: 4.8, Sum: 128.8]
      [Update RS (ms): Min: 0.0, Avg: 1.5, Max: 3.1, Diff: 3.1, Sum: 27.6]
         [Processed Buffers: Min: 0, Avg: 8.0, Max: 30, Diff: 30, Sum: 144]
      [Scan RS (ms): Min: 0.2, Avg: 0.7, Max: 1.1, Diff: 0.8, Sum: 13.5]
      [Object Copy (ms): Min: 8.4, Avg: 10.5, Max: 16.4, Diff: 8.0, Sum: 189.4]
      [Termination (ms): Min: 0.0, Avg: 5.1, Max: 5.4, Diff: 5.4, Sum: 91.1]
      [GC Worker Other (ms): Min: 0.0, Avg: 0.2, Max: 0.3, Diff: 0.3, Sum: 2.9]
      [GC Worker Total (ms): Min: 24.9, Avg: 25.2, Max: 25.6, Diff: 0.7, Sum: 453.3]
      [GC Worker End (ms): Min: 2222659.5, Avg: 2222659.6, Max: 2222659.8, Diff: 0.3]
   [Code Root Fixup: 0.0 ms]
   [Clear CT: 2.3 ms]
   [Other: 15.2 ms]
      [Choose CSet: 0.0 ms]
      [Ref Proc: 8.2 ms]
      [Ref Enq: 1.4 ms]
      [Free CSet: 5.0 ms]
   [Eden: 1763.0M(1763.0M)->0.0B(1743.0M) Survivors: 12.0M->22.0M Heap: 1984.9M(2252.0M)->231.9M(2252.0M)]
 [Times: user=0.50 sys=0.01, real=0.04 secs] 

 Concurrent RS processed 1269383 cards
  Of 39693 completed buffers:
        39693 (100.0%) by conc RS threads.
            0 (  0.0%) by mutator threads.
  Conc RS threads times(s)
          0.00     0.00     0.00     0.00     0.00     0.00     0.00     0.00     0.00     0.00     0.00     0.00     0.00     0.00     0.00     0.00     0.00     0.00     0.00
  Total heap region rem set sizes = 6570K.  Max = 30K.
  Static structures = 369K, free_lists = 219K.
    300583 occupied cards represented.
    Max size region = 10:(O)[0x0000000763e00000,0x0000000763efff98,0x0000000763f00000], size = 31K, occupied = 45K.
    Did 1280 coarsenings.
2014-08-01T09:33:29.346-0500: 2229.789: [GC pause (young) 2229.789: [G1Ergonomics (CSet Construction) start choosing CSet, _pending_cards: 5321, predicted base time: 21.80 ms, remaining time: 78.20 ms, target pause time: 100.00 ms]
 2229.789: [G1Ergonomics (CSet Construction) add young regions to CSet, eden: 1743 regions, survivors: 22 regions, predicted young region time: 18.75 ms]
 2229.789: [G1Ergonomics (CSet Construction) finish choosing CSet, eden: 1743 regions, survivors: 22 regions, old: 0 regions, predicted pause time: 40.55 ms, target pause time: 100.00 ms]
, 0.0431760 secs]
   [Parallel Time: 29.1 ms, GC Workers: 18]
      [GC Worker Start (ms): Min: 2229789.5, Avg: 2229789.7, Max: 2229789.9, Diff: 0.3]
      [Ext Root Scanning (ms): Min: 5.1, Avg: 6.9, Max: 11.5, Diff: 6.4, Sum: 123.9]
      [Update RS (ms): Min: 0.0, Avg: 1.7, Max: 5.5, Diff: 5.5, Sum: 31.1]
         [Processed Buffers: Min: 0, Avg: 7.7, Max: 36, Diff: 36, Sum: 138]
      [Scan RS (ms): Min: 0.2, Avg: 0.8, Max: 1.1, Diff: 0.9, Sum: 14.9]
      [Object Copy (ms): Min: 16.2, Avg: 18.5, Max: 19.1, Diff: 3.0, Sum: 333.2]
      [Termination (ms): Min: 0.0, Avg: 0.5, Max: 0.6, Diff: 0.6, Sum: 9.3]
      [GC Worker Other (ms): Min: 0.1, Avg: 0.2, Max: 0.5, Diff: 0.4, Sum: 4.3]
      [GC Worker Total (ms): Min: 28.4, Avg: 28.7, Max: 29.0, Diff: 0.7, Sum: 516.7]
      [GC Worker End (ms): Min: 2229818.2, Avg: 2229818.4, Max: 2229818.6, Diff: 0.4]
   [Code Root Fixup: 0.0 ms]
   [Clear CT: 1.9 ms]
   [Other: 12.1 ms]
      [Choose CSet: 0.0 ms]
      [Ref Proc: 6.0 ms]
      [Ref Enq: 0.5 ms]
      [Free CSet: 5.0 ms]
   [Eden: 1743.0M(1743.0M)->0.0B(1759.0M) Survivors: 22.0M->14.0M Heap: 1974.9M(2252.0M)->224.0M(2252.0M)]
 [Times: user=0.56 sys=0.01, real=0.05 secs] 

 Concurrent RS processed 1271606 cards
  Of 39831 completed buffers:
        39831 (100.0%) by conc RS threads.
            0 (  0.0%) by mutator threads.
  Conc RS threads times(s)
          0.00     0.00     0.00     0.00     0.00     0.00     0.00     0.00     0.00     0.00     0.00     0.00     0.00     0.00     0.00     0.00     0.00     0.00     0.00
  Total heap region rem set sizes = 6570K.  Max = 30K.
  Static structures = 369K, free_lists = 218K.
    300980 occupied cards represented.
    Max size region = 10:(O)[0x0000000763e00000,0x0000000763efff98,0x0000000763f00000], size = 31K, occupied = 45K.
    Did 1280 coarsenings.
2014-08-01T09:33:36.410-0500: 2236.853: [GC pause (young) 2236.853: [G1Ergonomics (CSet Construction) start choosing CSet, _pending_cards: 5355, predicted base time: 21.03 ms, remaining time: 78.97 ms, target pause time: 100.00 ms]
 2236.853: [G1Ergonomics (CSet Construction) add young regions to CSet, eden: 1759 regions, survivors: 14 regions, predicted young region time: 13.53 ms]
 2236.853: [G1Ergonomics (CSet Construction) finish choosing CSet, eden: 1759 regions, survivors: 14 regions, old: 0 regions, predicted pause time: 34.55 ms, target pause time: 100.00 ms]
, 0.0394190 secs]
   [Parallel Time: 24.2 ms, GC Workers: 18]
      [GC Worker Start (ms): Min: 2236853.6, Avg: 2236853.7, Max: 2236853.9, Diff: 0.3]
      [Ext Root Scanning (ms): Min: 5.6, Avg: 7.0, Max: 11.0, Diff: 5.5, Sum: 126.3]
      [Update RS (ms): Min: 0.0, Avg: 1.4, Max: 2.6, Diff: 2.6, Sum: 25.4]
         [Processed Buffers: Min: 0, Avg: 8.2, Max: 25, Diff: 25, Sum: 147]
      [Scan RS (ms): Min: 0.2, Avg: 0.8, Max: 1.0, Diff: 0.8, Sum: 13.5]
      [Object Copy (ms): Min: 11.4, Avg: 13.0, Max: 13.6, Diff: 2.2, Sum: 233.8]
      [Termination (ms): Min: 0.3, Avg: 1.0, Max: 1.8, Diff: 1.5, Sum: 18.5]
      [GC Worker Other (ms): Min: 0.0, Avg: 0.3, Max: 0.6, Diff: 0.6, Sum: 4.6]
      [GC Worker Total (ms): Min: 23.0, Avg: 23.5, Max: 23.9, Diff: 0.9, Sum: 422.3]
      [GC Worker End (ms): Min: 2236876.9, Avg: 2236877.2, Max: 2236877.6, Diff: 0.7]
   [Code Root Fixup: 0.0 ms]
   [Clear CT: 1.9 ms]
   [Other: 13.3 ms]
      [Choose CSet: 0.0 ms]
      [Ref Proc: 7.2 ms]
      [Ref Enq: 0.5 ms]
      [Free CSet: 4.9 ms]
   [Eden: 1759.0M(1759.0M)->0.0B(1750.0M) Survivors: 14.0M->18.0M Heap: 1983.0M(2252.0M)->228.2M(2252.0M)]
 [Times: user=0.49 sys=0.00, real=0.04 secs] 

 Concurrent RS processed 1273796 cards
  Of 39978 completed buffers:
        39978 (100.0%) by conc RS threads.
            0 (  0.0%) by mutator threads.
  Conc RS threads times(s)
          0.00     0.00     0.00     0.00     0.00     0.00     0.00     0.00     0.00     0.00     0.00     0.00     0.00     0.00     0.00     0.00     0.00     0.00     0.00
  Total heap region rem set sizes = 6570K.  Max = 30K.
  Static structures = 369K, free_lists = 218K.
    301363 occupied cards represented.
    Max size region = 10:(O)[0x0000000763e00000,0x0000000763efff98,0x0000000763f00000], size = 31K, occupied = 46K.
    Did 1280 coarsenings.
2014-08-01T09:33:43.640-0500: 2244.083: [GC pause (young) 2244.083: [G1Ergonomics (CSet Construction) start choosing CSet, _pending_cards: 5331, predicted base time: 20.80 ms, remaining time: 79.20 ms, target pause time: 100.00 ms]
 2244.083: [G1Ergonomics (CSet Construction) add young regions to CSet, eden: 1750 regions, survivors: 18 regions, predicted young region time: 13.21 ms]
 2244.083: [G1Ergonomics (CSet Construction) finish choosing CSet, eden: 1750 regions, survivors: 18 regions, old: 0 regions, predicted pause time: 34.01 ms, target pause time: 100.00 ms]
, 0.0516210 secs]
   [Parallel Time: 29.9 ms, GC Workers: 18]
      [GC Worker Start (ms): Min: 2244083.4, Avg: 2244083.6, Max: 2244083.8, Diff: 0.4]
      [Ext Root Scanning (ms): Min: 7.8, Avg: 10.6, Max: 22.2, Diff: 14.4, Sum: 191.2]
      [Update RS (ms): Min: 0.0, Avg: 1.4, Max: 3.2, Diff: 3.2, Sum: 25.2]
         [Processed Buffers: Min: 0, Avg: 7.6, Max: 24, Diff: 24, Sum: 136]
      [Scan RS (ms): Min: 0.3, Avg: 0.8, Max: 1.0, Diff: 0.8, Sum: 14.6]
      [Object Copy (ms): Min: 1.4, Avg: 11.2, Max: 15.5, Diff: 14.1, Sum: 200.8]
      [Termination (ms): Min: 0.0, Avg: 3.3, Max: 3.6, Diff: 3.6, Sum: 59.0]
      [GC Worker Other (ms): Min: 0.0, Avg: 0.2, Max: 0.4, Diff: 0.4, Sum: 3.7]
      [GC Worker Total (ms): Min: 27.3, Avg: 27.5, Max: 27.7, Diff: 0.5, Sum: 494.5]
      [GC Worker End (ms): Min: 2244110.9, Avg: 2244111.0, Max: 2244111.2, Diff: 0.4]
   [Code Root Fixup: 0.0 ms]
   [Clear CT: 2.9 ms]
   [Other: 18.9 ms]
      [Choose CSet: 0.0 ms]
      [Ref Proc: 13.0 ms]
      [Ref Enq: 0.4 ms]
      [Free CSet: 4.9 ms]
   [Eden: 1750.0M(1750.0M)->0.0B(1758.0M) Survivors: 18.0M->14.0M Heap: 1978.2M(2252.0M)->223.9M(2252.0M)]
 [Times: user=0.57 sys=0.00, real=0.05 secs] 

 Concurrent RS processed 1275979 cards
  Of 40114 completed buffers:
        40114 (100.0%) by conc RS threads.
            0 (  0.0%) by mutator threads.
  Conc RS threads times(s)
          0.00     0.00     0.00     0.00     0.00     0.00     0.00     0.00     0.00     0.00     0.00     0.00     0.00     0.00     0.00     0.00     0.00     0.00     0.00
  Total heap region rem set sizes = 6575K.  Max = 30K.
  Static structures = 369K, free_lists = 217K.
    301778 occupied cards represented.
    Max size region = 10:(O)[0x0000000763e00000,0x0000000763efff98,0x0000000763f00000], size = 31K, occupied = 46K.
    Did 1280 coarsenings.
2014-08-01T09:33:51.264-0500: 2251.707: [GC pause (young) 2251.707: [G1Ergonomics (CSet Construction) start choosing CSet, _pending_cards: 5077, predicted base time: 25.64 ms, remaining time: 74.36 ms, target pause time: 100.00 ms]
 2251.707: [G1Ergonomics (CSet Construction) add young regions to CSet, eden: 1758 regions, survivors: 14 regions, predicted young region time: 13.45 ms]
 2251.707: [G1Ergonomics (CSet Construction) finish choosing CSet, eden: 1758 regions, survivors: 14 regions, old: 0 regions, predicted pause time: 39.08 ms, target pause time: 100.00 ms]
, 0.0368310 secs]
   [Parallel Time: 20.0 ms, GC Workers: 18]
      [GC Worker Start (ms): Min: 2251707.5, Avg: 2251707.7, Max: 2251707.8, Diff: 0.3]
      [Ext Root Scanning (ms): Min: 4.5, Avg: 6.6, Max: 11.4, Diff: 6.9, Sum: 119.4]
      [Update RS (ms): Min: 0.0, Avg: 1.3, Max: 3.4, Diff: 3.4, Sum: 24.2]
         [Processed Buffers: Min: 0, Avg: 7.7, Max: 27, Diff: 27, Sum: 139]
      [Scan RS (ms): Min: 0.3, Avg: 0.9, Max: 2.3, Diff: 2.1, Sum: 15.5]
      [Object Copy (ms): Min: 6.7, Avg: 9.6, Max: 10.8, Diff: 4.2, Sum: 172.7]
      [Termination (ms): Min: 0.0, Avg: 0.8, Max: 0.9, Diff: 0.9, Sum: 14.9]
      [GC Worker Other (ms): Min: 0.0, Avg: 0.2, Max: 0.4, Diff: 0.3, Sum: 3.5]
      [GC Worker Total (ms): Min: 19.2, Avg: 19.5, Max: 19.7, Diff: 0.5, Sum: 350.3]
      [GC Worker End (ms): Min: 2251727.0, Avg: 2251727.1, Max: 2251727.3, Diff: 0.3]
   [Code Root Fixup: 0.0 ms]
   [Clear CT: 3.0 ms]
   [Other: 13.8 ms]
      [Choose CSet: 0.0 ms]
      [Ref Proc: 6.7 ms]
      [Ref Enq: 0.6 ms]
      [Free CSet: 5.8 ms]
   [Eden: 1758.0M(1758.0M)->0.0B(1762.0M) Survivors: 14.0M->12.0M Heap: 1981.9M(2252.0M)->221.9M(2252.0M)]
 [Times: user=0.40 sys=0.00, real=0.04 secs] 

 Concurrent RS processed 1278101 cards
  Of 40253 completed buffers:
        40253 (100.0%) by conc RS threads.
            0 (  0.0%) by mutator threads.
  Conc RS threads times(s)
          0.00     0.00     0.00     0.00     0.00     0.00     0.00     0.00     0.00     0.00     0.00     0.00     0.00     0.00     0.00     0.00     0.00     0.00     0.00
  Total heap region rem set sizes = 6575K.  Max = 30K.
  Static structures = 369K, free_lists = 217K.
    302227 occupied cards represented.
    Max size region = 10:(O)[0x0000000763e00000,0x0000000763efff98,0x0000000763f00000], size = 31K, occupied = 46K.
    Did 1280 coarsenings.
2014-08-01T09:33:57.612-0500: 2258.055: [GC pause (young) 2258.056: [G1Ergonomics (CSet Construction) start choosing CSet, _pending_cards: 5823, predicted base time: 24.50 ms, remaining time: 75.50 ms, target pause time: 100.00 ms]
 2258.056: [G1Ergonomics (CSet Construction) add young regions to CSet, eden: 1762 regions, survivors: 12 regions, predicted young region time: 21.53 ms]
 2258.056: [G1Ergonomics (CSet Construction) finish choosing CSet, eden: 1762 regions, survivors: 12 regions, old: 0 regions, predicted pause time: 46.03 ms, target pause time: 100.00 ms]
, 0.0361130 secs]
   [Parallel Time: 22.3 ms, GC Workers: 18]
      [GC Worker Start (ms): Min: 2258055.8, Avg: 2258055.9, Max: 2258056.1, Diff: 0.3]
      [Ext Root Scanning (ms): Min: 6.2, Avg: 7.2, Max: 12.1, Diff: 5.8, Sum: 130.4]
      [Update RS (ms): Min: 0.0, Avg: 1.5, Max: 2.3, Diff: 2.3, Sum: 27.7]
         [Processed Buffers: Min: 0, Avg: 7.7, Max: 22, Diff: 22, Sum: 138]
      [Scan RS (ms): Min: 0.2, Avg: 0.8, Max: 1.0, Diff: 0.8, Sum: 14.7]
      [Object Copy (ms): Min: 6.8, Avg: 9.6, Max: 11.5, Diff: 4.7, Sum: 172.2]
      [Termination (ms): Min: 0.1, Avg: 2.4, Max: 2.9, Diff: 2.8, Sum: 43.9]
      [GC Worker Other (ms): Min: 0.0, Avg: 0.2, Max: 0.4, Diff: 0.4, Sum: 3.9]
      [GC Worker Total (ms): Min: 21.6, Avg: 21.8, Max: 22.2, Diff: 0.6, Sum: 392.9]
      [GC Worker End (ms): Min: 2258077.6, Avg: 2258077.8, Max: 2258078.0, Diff: 0.4]
   [Code Root Fixup: 0.0 ms]
   [Clear CT: 2.0 ms]
   [Other: 11.8 ms]
      [Choose CSet: 0.0 ms]
      [Ref Proc: 6.1 ms]
      [Ref Enq: 0.4 ms]
      [Free CSet: 4.7 ms]
   [Eden: 1762.0M(1762.0M)->0.0B(1740.0M) Survivors: 12.0M->23.0M Heap: 1983.9M(2252.0M)->233.3M(2252.0M)]
 [Times: user=0.44 sys=0.01, real=0.03 secs] 

 Concurrent RS processed 1280294 cards
  Of 40391 completed buffers:
        40391 (100.0%) by conc RS threads.
            0 (  0.0%) by mutator threads.
  Conc RS threads times(s)
          0.00     0.00     0.00     0.00     0.00     0.00     0.00     0.00     0.00     0.00     0.00     0.00     0.00     0.00     0.00     0.00     0.00     0.00     0.00
  Total heap region rem set sizes = 6577K.  Max = 30K.
  Static structures = 369K, free_lists = 216K.
    302748 occupied cards represented.
    Max size region = 10:(O)[0x0000000763e00000,0x0000000763efff98,0x0000000763f00000], size = 31K, occupied = 46K.
    Did 1280 coarsenings.
2014-08-01T09:34:02.894-0500: 2263.338: [GC pause (young) 2263.338: [G1Ergonomics (CSet Construction) start choosing CSet, _pending_cards: 5315, predicted base time: 22.98 ms, remaining time: 77.02 ms, target pause time: 100.00 ms]
 2263.338: [G1Ergonomics (CSet Construction) add young regions to CSet, eden: 1740 regions, survivors: 23 regions, predicted young region time: 32.01 ms]
 2263.338: [G1Ergonomics (CSet Construction) finish choosing CSet, eden: 1740 regions, survivors: 23 regions, old: 0 regions, predicted pause time: 55.00 ms, target pause time: 100.00 ms]
, 0.0338580 secs]
   [Parallel Time: 20.1 ms, GC Workers: 18]
      [GC Worker Start (ms): Min: 2263338.0, Avg: 2263338.2, Max: 2263338.4, Diff: 0.3]
      [Ext Root Scanning (ms): Min: 5.6, Avg: 6.6, Max: 10.9, Diff: 5.2, Sum: 119.1]
      [Update RS (ms): Min: 0.0, Avg: 1.4, Max: 2.3, Diff: 2.3, Sum: 25.1]
         [Processed Buffers: Min: 0, Avg: 7.6, Max: 29, Diff: 29, Sum: 137]
      [Scan RS (ms): Min: 0.2, Avg: 0.8, Max: 0.9, Diff: 0.7, Sum: 13.7]
      [Object Copy (ms): Min: 7.9, Avg: 10.4, Max: 10.7, Diff: 2.8, Sum: 187.2]
      [Termination (ms): Min: 0.0, Avg: 0.2, Max: 0.3, Diff: 0.3, Sum: 3.2]
      [GC Worker Other (ms): Min: 0.1, Avg: 0.2, Max: 0.4, Diff: 0.3, Sum: 4.0]
      [GC Worker Total (ms): Min: 19.3, Avg: 19.6, Max: 19.8, Diff: 0.5, Sum: 352.4]
      [GC Worker End (ms): Min: 2263357.6, Avg: 2263357.8, Max: 2263358.0, Diff: 0.4]
   [Code Root Fixup: 0.0 ms]
   [Clear CT: 2.0 ms]
   [Other: 11.7 ms]
      [Choose CSet: 0.0 ms]
      [Ref Proc: 5.7 ms]
      [Ref Enq: 0.7 ms]
      [Free CSet: 4.8 ms]
   [Eden: 1740.0M(1740.0M)->0.0B(1758.0M) Survivors: 23.0M->14.0M Heap: 1973.3M(2252.0M)->224.7M(2252.0M)]
 [Times: user=0.41 sys=0.01, real=0.03 secs] 

 Concurrent RS processed 1282463 cards
  Of 40528 completed buffers:
        40528 (100.0%) by conc RS threads.
            0 (  0.0%) by mutator threads.
  Conc RS threads times(s)
          0.00     0.00     0.00     0.00     0.00     0.00     0.00     0.00     0.00     0.00     0.00     0.00     0.00     0.00     0.00     0.00     0.00     0.00     0.00
  Total heap region rem set sizes = 6578K.  Max = 30K.
  Static structures = 369K, free_lists = 216K.
    303181 occupied cards represented.
    Max size region = 10:(O)[0x0000000763e00000,0x0000000763efff98,0x0000000763f00000], size = 31K, occupied = 46K.
    Did 1280 coarsenings.
2014-08-01T09:34:09.689-0500: 2270.132: [GC pause (young) 2270.132: [G1Ergonomics (CSet Construction) start choosing CSet, _pending_cards: 5329, predicted base time: 21.78 ms, remaining time: 78.22 ms, target pause time: 100.00 ms]
 2270.132: [G1Ergonomics (CSet Construction) add young regions to CSet, eden: 1758 regions, survivors: 14 regions, predicted young region time: 16.24 ms]
 2270.132: [G1Ergonomics (CSet Construction) finish choosing CSet, eden: 1758 regions, survivors: 14 regions, old: 0 regions, predicted pause time: 38.02 ms, target pause time: 100.00 ms]
, 0.0465660 secs]
   [Parallel Time: 26.9 ms, GC Workers: 18]
      [GC Worker Start (ms): Min: 2270132.4, Avg: 2270132.6, Max: 2270132.7, Diff: 0.3]
      [Ext Root Scanning (ms): Min: 5.0, Avg: 6.8, Max: 11.7, Diff: 6.7, Sum: 122.0]
      [Update RS (ms): Min: 0.0, Avg: 1.3, Max: 3.2, Diff: 3.2, Sum: 23.8]
         [Processed Buffers: Min: 0, Avg: 7.3, Max: 28, Diff: 28, Sum: 132]
      [Scan RS (ms): Min: 0.2, Avg: 0.8, Max: 1.0, Diff: 0.7, Sum: 14.6]
      [Object Copy (ms): Min: 8.3, Avg: 11.6, Max: 16.4, Diff: 8.1, Sum: 208.2]
      [Termination (ms): Min: 0.1, Avg: 4.7, Max: 5.1, Diff: 4.9, Sum: 84.6]
      [GC Worker Other (ms): Min: 0.0, Avg: 0.1, Max: 0.3, Diff: 0.3, Sum: 2.7]
      [GC Worker Total (ms): Min: 25.1, Avg: 25.3, Max: 25.6, Diff: 0.5, Sum: 455.9]
      [GC Worker End (ms): Min: 2270157.7, Avg: 2270157.9, Max: 2270158.1, Diff: 0.3]
   [Code Root Fixup: 0.0 ms]
   [Clear CT: 3.2 ms]
   [Other: 16.5 ms]
      [Choose CSet: 0.0 ms]
      [Ref Proc: 10.7 ms]
      [Ref Enq: 0.4 ms]
      [Free CSet: 4.8 ms]
   [Eden: 1758.0M(1758.0M)->0.0B(1746.0M) Survivors: 14.0M->20.0M Heap: 1982.7M(2252.0M)->230.1M(2252.0M)]
 [Times: user=0.54 sys=0.00, real=0.05 secs] 

 Concurrent RS processed 1284620 cards
  Of 40660 completed buffers:
        40660 (100.0%) by conc RS threads.
            0 (  0.0%) by mutator threads.
  Conc RS threads times(s)
          0.00     0.00     0.00     0.00     0.00     0.00     0.00     0.00     0.00     0.00     0.00     0.00     0.00     0.00     0.00     0.00     0.00     0.00     0.00
  Total heap region rem set sizes = 6578K.  Max = 30K.
  Static structures = 369K, free_lists = 216K.
    303573 occupied cards represented.
    Max size region = 10:(O)[0x0000000763e00000,0x0000000763efff98,0x0000000763f00000], size = 31K, occupied = 46K.
    Did 1280 coarsenings.
2014-08-01T09:34:16.596-0500: 2277.040: [GC pause (young) 2277.040: [G1Ergonomics (CSet Construction) start choosing CSet, _pending_cards: 5343, predicted base time: 23.14 ms, remaining time: 76.86 ms, target pause time: 100.00 ms]
 2277.040: [G1Ergonomics (CSet Construction) add young regions to CSet, eden: 1746 regions, survivors: 20 regions, predicted young region time: 16.41 ms]
 2277.040: [G1Ergonomics (CSet Construction) finish choosing CSet, eden: 1746 regions, survivors: 20 regions, old: 0 regions, predicted pause time: 39.55 ms, target pause time: 100.00 ms]
, 0.0333570 secs]
   [Parallel Time: 16.4 ms, GC Workers: 18]
      [GC Worker Start (ms): Min: 2277040.0, Avg: 2277040.1, Max: 2277040.3, Diff: 0.3]
      [Ext Root Scanning (ms): Min: 6.2, Avg: 7.3, Max: 11.2, Diff: 5.0, Sum: 130.6]
      [Update RS (ms): Min: 0.0, Avg: 1.4, Max: 2.4, Diff: 2.4, Sum: 24.7]
         [Processed Buffers: Min: 0, Avg: 7.8, Max: 28, Diff: 28, Sum: 141]
      [Scan RS (ms): Min: 0.2, Avg: 1.0, Max: 3.1, Diff: 2.8, Sum: 17.5]
      [Object Copy (ms): Min: 3.6, Avg: 5.9, Max: 6.8, Diff: 3.2, Sum: 106.3]
      [Termination (ms): Min: 0.0, Avg: 0.0, Max: 0.0, Diff: 0.0, Sum: 0.4]
      [GC Worker Other (ms): Min: 0.0, Avg: 0.3, Max: 0.5, Diff: 0.5, Sum: 4.9]
      [GC Worker Total (ms): Min: 15.5, Avg: 15.8, Max: 16.1, Diff: 0.6, Sum: 284.4]
      [GC Worker End (ms): Min: 2277055.7, Avg: 2277055.9, Max: 2277056.2, Diff: 0.5]
   [Code Root Fixup: 0.0 ms]
   [Clear CT: 1.9 ms]
   [Other: 15.1 ms]
      [Choose CSet: 0.0 ms]
      [Ref Proc: 9.5 ms]
      [Ref Enq: 0.4 ms]
      [Free CSet: 4.6 ms]
   [Eden: 1746.0M(1746.0M)->0.0B(1756.0M) Survivors: 20.0M->15.0M Heap: 1976.1M(2252.0M)->225.5M(2252.0M)]
 [Times: user=0.35 sys=0.00, real=0.03 secs] 

 Concurrent RS processed 1286785 cards
  Of 40801 completed buffers:
        40801 (100.0%) by conc RS threads.
            0 (  0.0%) by mutator threads.
  Conc RS threads times(s)
          0.00     0.00     0.00     0.00     0.00     0.00     0.00     0.00     0.00     0.00     0.00     0.00     0.00     0.00     0.00     0.00     0.00     0.00     0.00
  Total heap region rem set sizes = 6578K.  Max = 30K.
  Static structures = 369K, free_lists = 216K.
    303945 occupied cards represented.
    Max size region = 10:(O)[0x0000000763e00000,0x0000000763efff98,0x0000000763f00000], size = 31K, occupied = 46K.
    Did 1280 coarsenings.
2014-08-01T09:34:23.595-0500: 2284.038: [GC pause (young) 2284.038: [G1Ergonomics (CSet Construction) start choosing CSet, _pending_cards: 5323, predicted base time: 22.97 ms, remaining time: 77.03 ms, target pause time: 100.00 ms]
 2284.038: [G1Ergonomics (CSet Construction) add young regions to CSet, eden: 1756 regions, survivors: 15 regions, predicted young region time: 21.91 ms]
 2284.038: [G1Ergonomics (CSet Construction) finish choosing CSet, eden: 1756 regions, survivors: 15 regions, old: 0 regions, predicted pause time: 44.88 ms, target pause time: 100.00 ms]
, 0.0351840 secs]
   [Parallel Time: 21.8 ms, GC Workers: 18]
      [GC Worker Start (ms): Min: 2284038.6, Avg: 2284038.8, Max: 2284038.9, Diff: 0.3]
      [Ext Root Scanning (ms): Min: 6.1, Avg: 7.1, Max: 14.0, Diff: 7.9, Sum: 127.8]
      [Update RS (ms): Min: 0.0, Avg: 1.6, Max: 4.0, Diff: 4.0, Sum: 29.7]
         [Processed Buffers: Min: 0, Avg: 7.8, Max: 24, Diff: 24, Sum: 140]
      [Scan RS (ms): Min: 0.2, Avg: 0.8, Max: 1.1, Diff: 0.8, Sum: 14.9]
      [Object Copy (ms): Min: 6.5, Avg: 11.3, Max: 12.1, Diff: 5.6, Sum: 203.3]
      [Termination (ms): Min: 0.0, Avg: 0.2, Max: 0.3, Diff: 0.3, Sum: 3.4]
      [GC Worker Other (ms): Min: 0.0, Avg: 0.2, Max: 0.4, Diff: 0.4, Sum: 4.3]
      [GC Worker Total (ms): Min: 21.0, Avg: 21.3, Max: 21.5, Diff: 0.5, Sum: 383.4]
      [GC Worker End (ms): Min: 2284059.9, Avg: 2284060.1, Max: 2284060.3, Diff: 0.4]
   [Code Root Fixup: 0.0 ms]
   [Clear CT: 1.7 ms]
   [Other: 11.7 ms]
      [Choose CSet: 0.0 ms]
      [Ref Proc: 5.2 ms]
      [Ref Enq: 0.5 ms]
      [Free CSet: 5.3 ms]
   [Eden: 1756.0M(1756.0M)->0.0B(1746.0M) Survivors: 15.0M->20.0M Heap: 1981.5M(2252.0M)->230.3M(2252.0M)]
 [Times: user=0.41 sys=0.00, real=0.04 secs] 

 Concurrent RS processed 1288958 cards
  Of 40941 completed buffers:
        40941 (100.0%) by conc RS threads.
            0 (  0.0%) by mutator threads.
  Conc RS threads times(s)
          0.00     0.00     0.00     0.00     0.00     0.00     0.00     0.00     0.00     0.00     0.00     0.00     0.00     0.00     0.00     0.00     0.00     0.00     0.00
  Total heap region rem set sizes = 6579K.  Max = 30K.
  Static structures = 369K, free_lists = 216K.
    304294 occupied cards represented.
    Max size region = 10:(O)[0x0000000763e00000,0x0000000763efff98,0x0000000763f00000], size = 31K, occupied = 46K.
    Did 1280 coarsenings.
2014-08-01T09:34:30.594-0500: 2291.038: [GC pause (young) 2291.038: [G1Ergonomics (CSet Construction) start choosing CSet, _pending_cards: 5353, predicted base time: 21.79 ms, remaining time: 78.21 ms, target pause time: 100.00 ms]
 2291.038: [G1Ergonomics (CSet Construction) add young regions to CSet, eden: 1746 regions, survivors: 20 regions, predicted young region time: 20.23 ms]
 2291.038: [G1Ergonomics (CSet Construction) finish choosing CSet, eden: 1746 regions, survivors: 20 regions, old: 0 regions, predicted pause time: 42.02 ms, target pause time: 100.00 ms]
, 0.0398930 secs]
   [Parallel Time: 22.5 ms, GC Workers: 18]
      [GC Worker Start (ms): Min: 2291038.0, Avg: 2291038.2, Max: 2291038.4, Diff: 0.3]
      [Ext Root Scanning (ms): Min: 4.5, Avg: 6.1, Max: 10.4, Diff: 5.8, Sum: 110.5]
      [Update RS (ms): Min: 0.0, Avg: 1.3, Max: 3.5, Diff: 3.5, Sum: 22.6]
         [Processed Buffers: Min: 0, Avg: 7.4, Max: 22, Diff: 22, Sum: 133]
      [Scan RS (ms): Min: 0.2, Avg: 0.7, Max: 1.1, Diff: 0.8, Sum: 13.5]
      [Object Copy (ms): Min: 10.1, Avg: 12.7, Max: 14.4, Diff: 4.3, Sum: 229.1]
      [Termination (ms): Min: 0.1, Avg: 0.9, Max: 1.2, Diff: 1.1, Sum: 16.6]
      [GC Worker Other (ms): Min: 0.0, Avg: 0.2, Max: 0.4, Diff: 0.4, Sum: 3.3]
      [GC Worker Total (ms): Min: 21.7, Avg: 22.0, Max: 22.3, Diff: 0.7, Sum: 395.6]
      [GC Worker End (ms): Min: 2291060.0, Avg: 2291060.2, Max: 2291060.4, Diff: 0.4]
   [Code Root Fixup: 0.0 ms]
   [Clear CT: 1.9 ms]
   [Other: 15.5 ms]
      [Choose CSet: 0.0 ms]
      [Ref Proc: 9.1 ms]
      [Ref Enq: 0.6 ms]
      [Free CSet: 5.2 ms]
   [Eden: 1746.0M(1746.0M)->0.0B(1748.0M) Survivors: 20.0M->19.0M Heap: 1976.3M(2252.0M)->229.2M(2252.0M)]
 [Times: user=0.45 sys=0.01, real=0.04 secs] 

 Concurrent RS processed 1291193 cards
  Of 41074 completed buffers:
        41074 (100.0%) by conc RS threads.
            0 (  0.0%) by mutator threads.
  Conc RS threads times(s)
          0.00     0.00     0.00     0.00     0.00     0.00     0.00     0.00     0.00     0.00     0.00     0.00     0.00     0.00     0.00     0.00     0.00     0.00     0.00
  Total heap region rem set sizes = 6579K.  Max = 30K.
  Static structures = 369K, free_lists = 216K.
    304714 occupied cards represented.
    Max size region = 10:(O)[0x0000000763e00000,0x0000000763efff98,0x0000000763f00000], size = 31K, occupied = 46K.
    Did 1280 coarsenings.
2014-08-01T09:34:37.853-0500: 2298.296: [GC pause (young) 2298.296: [G1Ergonomics (CSet Construction) start choosing CSet, _pending_cards: 5643, predicted base time: 21.59 ms, remaining time: 78.41 ms, target pause time: 100.00 ms]
 2298.296: [G1Ergonomics (CSet Construction) add young regions to CSet, eden: 1748 regions, survivors: 19 regions, predicted young region time: 21.66 ms]
 2298.296: [G1Ergonomics (CSet Construction) finish choosing CSet, eden: 1748 regions, survivors: 19 regions, old: 0 regions, predicted pause time: 43.25 ms, target pause time: 100.00 ms]
, 0.0437740 secs]
   [Parallel Time: 21.2 ms, GC Workers: 18]
      [GC Worker Start (ms): Min: 2298296.6, Avg: 2298296.8, Max: 2298296.9, Diff: 0.3]
      [Ext Root Scanning (ms): Min: 6.2, Avg: 7.2, Max: 11.1, Diff: 4.9, Sum: 130.1]
      [Update RS (ms): Min: 0.0, Avg: 1.3, Max: 3.2, Diff: 3.2, Sum: 23.8]
         [Processed Buffers: Min: 0, Avg: 7.9, Max: 27, Diff: 27, Sum: 143]
      [Scan RS (ms): Min: 0.2, Avg: 0.7, Max: 1.1, Diff: 0.9, Sum: 13.4]
      [Object Copy (ms): Min: 6.2, Avg: 8.5, Max: 11.2, Diff: 4.9, Sum: 152.8]
      [Termination (ms): Min: 0.0, Avg: 2.4, Max: 3.2, Diff: 3.2, Sum: 43.8]
      [GC Worker Other (ms): Min: 0.0, Avg: 0.1, Max: 0.3, Diff: 0.3, Sum: 2.6]
      [GC Worker Total (ms): Min: 20.1, Avg: 20.4, Max: 21.0, Diff: 0.9, Sum: 366.5]
      [GC Worker End (ms): Min: 2298317.0, Avg: 2298317.2, Max: 2298317.7, Diff: 0.7]
   [Code Root Fixup: 0.0 ms]
   [Clear CT: 2.2 ms]
   [Other: 20.4 ms]
      [Choose CSet: 0.0 ms]
      [Ref Proc: 14.3 ms]
      [Ref Enq: 0.4 ms]
      [Free CSet: 5.0 ms]
   [Eden: 1748.0M(1748.0M)->0.0B(1762.0M) Survivors: 19.0M->12.0M Heap: 1977.2M(2252.0M)->223.1M(2252.0M)]
 [Times: user=0.48 sys=0.00, real=0.04 secs] 

 Concurrent RS processed 1293446 cards
  Of 41217 completed buffers:
        41217 (100.0%) by conc RS threads.
            0 (  0.0%) by mutator threads.
  Conc RS threads times(s)
          0.00     0.00     0.00     0.00     0.00     0.00     0.00     0.00     0.00     0.00     0.00     0.00     0.00     0.00     0.00     0.00     0.00     0.00     0.00
  Total heap region rem set sizes = 6581K.  Max = 30K.
  Static structures = 369K, free_lists = 216K.
    305084 occupied cards represented.
    Max size region = 10:(O)[0x0000000763e00000,0x0000000763efff98,0x0000000763f00000], size = 31K, occupied = 46K.
    Did 1280 coarsenings.
2014-08-01T09:34:44.921-0500: 2305.364: [GC pause (young) 2305.364: [G1Ergonomics (CSet Construction) start choosing CSet, _pending_cards: 5853, predicted base time: 24.06 ms, remaining time: 75.94 ms, target pause time: 100.00 ms]
 2305.364: [G1Ergonomics (CSet Construction) add young regions to CSet, eden: 1762 regions, survivors: 12 regions, predicted young region time: 15.46 ms]
 2305.364: [G1Ergonomics (CSet Construction) finish choosing CSet, eden: 1762 regions, survivors: 12 regions, old: 0 regions, predicted pause time: 39.52 ms, target pause time: 100.00 ms]
, 0.0346990 secs]
   [Parallel Time: 17.7 ms, GC Workers: 18]
      [GC Worker Start (ms): Min: 2305364.8, Avg: 2305364.9, Max: 2305365.1, Diff: 0.3]
      [Ext Root Scanning (ms): Min: 5.0, Avg: 7.1, Max: 16.5, Diff: 11.5, Sum: 128.6]
      [Update RS (ms): Min: 0.0, Avg: 1.4, Max: 3.6, Diff: 3.6, Sum: 25.2]
         [Processed Buffers: Min: 0, Avg: 7.9, Max: 33, Diff: 33, Sum: 143]
      [Scan RS (ms): Min: 0.2, Avg: 0.8, Max: 1.2, Diff: 1.0, Sum: 15.1]
      [Object Copy (ms): Min: 0.2, Avg: 6.9, Max: 7.9, Diff: 7.7, Sum: 123.7]
      [Termination (ms): Min: 0.0, Avg: 0.8, Max: 0.9, Diff: 0.9, Sum: 14.3]
      [GC Worker Other (ms): Min: 0.0, Avg: 0.2, Max: 0.4, Diff: 0.3, Sum: 3.5]
      [GC Worker Total (ms): Min: 16.9, Avg: 17.2, Max: 17.6, Diff: 0.6, Sum: 310.3]
      [GC Worker End (ms): Min: 2305382.0, Avg: 2305382.2, Max: 2305382.4, Diff: 0.4]
   [Code Root Fixup: 0.0 ms]
   [Clear CT: 2.9 ms]
   [Other: 14.1 ms]
      [Choose CSet: 0.0 ms]
      [Ref Proc: 7.7 ms]
      [Ref Enq: 0.5 ms]
      [Free CSet: 5.1 ms]
   [Eden: 1762.0M(1762.0M)->0.0B(1762.0M) Survivors: 12.0M->12.0M Heap: 1985.1M(2252.0M)->223.2M(2252.0M)]
 [Times: user=0.37 sys=0.01, real=0.03 secs] 

 Concurrent RS processed 1295718 cards
  Of 41360 completed buffers:
        41360 (100.0%) by conc RS threads.
            0 (  0.0%) by mutator threads.
  Conc RS threads times(s)
          0.00     0.00     0.00     0.00     0.00     0.00     0.00     0.00     0.00     0.00     0.00     0.00     0.00     0.00     0.00     0.00     0.00     0.00     0.00
  Total heap region rem set sizes = 6582K.  Max = 30K.
  Static structures = 369K, free_lists = 215K.
    305661 occupied cards represented.
    Max size region = 10:(O)[0x0000000763e00000,0x0000000763efff98,0x0000000763f00000], size = 31K, occupied = 46K.
    Did 1280 coarsenings.
2014-08-01T09:34:51.999-0500: 2312.443: [GC pause (young) 2312.443: [G1Ergonomics (CSet Construction) start choosing CSet, _pending_cards: 5575, predicted base time: 23.29 ms, remaining time: 76.71 ms, target pause time: 100.00 ms]
 2312.443: [G1Ergonomics (CSet Construction) add young regions to CSet, eden: 1762 regions, survivors: 12 regions, predicted young region time: 20.71 ms]
 2312.443: [G1Ergonomics (CSet Construction) finish choosing CSet, eden: 1762 regions, survivors: 12 regions, old: 0 regions, predicted pause time: 44.00 ms, target pause time: 100.00 ms]
, 0.0315310 secs]
   [Parallel Time: 16.4 ms, GC Workers: 18]
      [GC Worker Start (ms): Min: 2312443.1, Avg: 2312443.2, Max: 2312443.4, Diff: 0.3]
      [Ext Root Scanning (ms): Min: 4.7, Avg: 6.6, Max: 11.6, Diff: 6.8, Sum: 118.8]
      [Update RS (ms): Min: 0.0, Avg: 1.4, Max: 3.0, Diff: 3.0, Sum: 24.4]
         [Processed Buffers: Min: 0, Avg: 7.7, Max: 20, Diff: 20, Sum: 138]
      [Scan RS (ms): Min: 0.2, Avg: 0.7, Max: 1.0, Diff: 0.8, Sum: 13.5]
      [Object Copy (ms): Min: 3.0, Avg: 6.2, Max: 7.3, Diff: 4.3, Sum: 111.9]
      [Termination (ms): Min: 0.0, Avg: 0.8, Max: 0.9, Diff: 0.9, Sum: 14.5]
      [GC Worker Other (ms): Min: 0.0, Avg: 0.2, Max: 0.4, Diff: 0.4, Sum: 3.5]
      [GC Worker Total (ms): Min: 15.7, Avg: 15.9, Max: 16.2, Diff: 0.5, Sum: 286.6]
      [GC Worker End (ms): Min: 2312459.0, Avg: 2312459.1, Max: 2312459.3, Diff: 0.3]
   [Code Root Fixup: 0.0 ms]
   [Clear CT: 1.8 ms]
   [Other: 13.3 ms]
      [Choose CSet: 0.0 ms]
      [Ref Proc: 6.9 ms]
      [Ref Enq: 0.6 ms]
      [Free CSet: 5.2 ms]
   [Eden: 1762.0M(1762.0M)->0.0B(1744.0M) Survivors: 12.0M->21.0M Heap: 1985.2M(2252.0M)->232.0M(2252.0M)]
 [Times: user=0.35 sys=0.01, real=0.03 secs] 

 Concurrent RS processed 1297888 cards
  Of 41498 completed buffers:
        41498 (100.0%) by conc RS threads.
            0 (  0.0%) by mutator threads.
  Conc RS threads times(s)
          0.00     0.00     0.00     0.00     0.00     0.00     0.00     0.00     0.00     0.00     0.00     0.00     0.00     0.00     0.00     0.00     0.00     0.00     0.00
  Total heap region rem set sizes = 6584K.  Max = 30K.
  Static structures = 369K, free_lists = 215K.
    305995 occupied cards represented.
    Max size region = 10:(O)[0x0000000763e00000,0x0000000763efff98,0x0000000763f00000], size = 31K, occupied = 46K.
    Did 1280 coarsenings.
2014-08-01T09:34:59.002-0500: 2319.445: [GC pause (young) 2319.445: [G1Ergonomics (CSet Construction) start choosing CSet, _pending_cards: 5809, predicted base time: 22.25 ms, remaining time: 77.75 ms, target pause time: 100.00 ms]
 2319.445: [G1Ergonomics (CSet Construction) add young regions to CSet, eden: 1744 regions, survivors: 21 regions, predicted young region time: 10.60 ms]
 2319.445: [G1Ergonomics (CSet Construction) finish choosing CSet, eden: 1744 regions, survivors: 21 regions, old: 0 regions, predicted pause time: 32.85 ms, target pause time: 100.00 ms]
, 0.0490310 secs]
   [Parallel Time: 30.7 ms, GC Workers: 18]
      [GC Worker Start (ms): Min: 2319445.3, Avg: 2319445.4, Max: 2319445.6, Diff: 0.3]
      [Ext Root Scanning (ms): Min: 5.2, Avg: 7.2, Max: 17.6, Diff: 12.4, Sum: 129.2]
      [Update RS (ms): Min: 0.0, Avg: 1.3, Max: 3.0, Diff: 3.0, Sum: 24.1]
         [Processed Buffers: Min: 0, Avg: 7.5, Max: 21, Diff: 21, Sum: 135]
      [Scan RS (ms): Min: 0.2, Avg: 0.8, Max: 1.0, Diff: 0.8, Sum: 14.0]
      [Object Copy (ms): Min: 6.2, Avg: 15.4, Max: 21.2, Diff: 15.0, Sum: 277.8]
      [Termination (ms): Min: 0.3, Avg: 5.3, Max: 6.1, Diff: 5.8, Sum: 96.0]
      [GC Worker Other (ms): Min: 0.0, Avg: 0.2, Max: 0.4, Diff: 0.3, Sum: 3.5]
      [GC Worker Total (ms): Min: 30.0, Avg: 30.3, Max: 30.5, Diff: 0.5, Sum: 544.6]
      [GC Worker End (ms): Min: 2319475.5, Avg: 2319475.7, Max: 2319475.8, Diff: 0.3]
   [Code Root Fixup: 0.0 ms]
   [Clear CT: 1.9 ms]
   [Other: 16.5 ms]
      [Choose CSet: 0.0 ms]
      [Ref Proc: 10.4 ms]
      [Ref Enq: 0.5 ms]
      [Free CSet: 4.9 ms]
   [Eden: 1744.0M(1744.0M)->0.0B(1757.0M) Survivors: 21.0M->14.0M Heap: 1976.0M(2252.0M)->225.3M(2252.0M)]
 [Times: user=0.58 sys=0.01, real=0.05 secs] 

 Concurrent RS processed 1300100 cards
  Of 41633 completed buffers:
        41633 (100.0%) by conc RS threads.
            0 (  0.0%) by mutator threads.
  Conc RS threads times(s)
          0.00     0.00     0.00     0.00     0.00     0.00     0.00     0.00     0.00     0.00     0.00     0.00     0.00     0.00     0.00     0.00     0.00     0.00     0.00
  Total heap region rem set sizes = 6584K.  Max = 30K.
  Static structures = 369K, free_lists = 215K.
    306425 occupied cards represented.
    Max size region = 10:(O)[0x0000000763e00000,0x0000000763efff98,0x0000000763f00000], size = 31K, occupied = 46K.
    Did 1280 coarsenings.
2014-08-01T09:35:06.056-0500: 2326.499: [GC pause (young) 2326.499: [G1Ergonomics (CSet Construction) start choosing CSet, _pending_cards: 5379, predicted base time: 22.41 ms, remaining time: 77.59 ms, target pause time: 100.00 ms]
 2326.499: [G1Ergonomics (CSet Construction) add young regions to CSet, eden: 1757 regions, survivors: 14 regions, predicted young region time: 16.90 ms]
 2326.499: [G1Ergonomics (CSet Construction) finish choosing CSet, eden: 1757 regions, survivors: 14 regions, old: 0 regions, predicted pause time: 39.31 ms, target pause time: 100.00 ms]
, 0.0376140 secs]
   [Parallel Time: 17.1 ms, GC Workers: 18]
      [GC Worker Start (ms): Min: 2326499.2, Avg: 2326499.4, Max: 2326499.5, Diff: 0.3]
      [Ext Root Scanning (ms): Min: 5.4, Avg: 7.5, Max: 12.5, Diff: 7.1, Sum: 135.5]
      [Update RS (ms): Min: 0.0, Avg: 1.2, Max: 3.3, Diff: 3.3, Sum: 21.5]
         [Processed Buffers: Min: 0, Avg: 7.6, Max: 29, Diff: 29, Sum: 137]
      [Scan RS (ms): Min: 0.3, Avg: 0.8, Max: 1.0, Diff: 0.8, Sum: 14.7]
      [Object Copy (ms): Min: 3.4, Avg: 6.5, Max: 7.3, Diff: 3.9, Sum: 117.0]
      [Termination (ms): Min: 0.0, Avg: 0.0, Max: 0.0, Diff: 0.0, Sum: 0.4]
      [GC Worker Other (ms): Min: 0.0, Avg: 0.2, Max: 0.4, Diff: 0.4, Sum: 4.0]
      [GC Worker Total (ms): Min: 15.9, Avg: 16.3, Max: 16.4, Diff: 0.5, Sum: 293.1]
      [GC Worker End (ms): Min: 2326515.5, Avg: 2326515.7, Max: 2326515.8, Diff: 0.4]
   [Code Root Fixup: 0.0 ms]
   [Clear CT: 2.4 ms]
   [Other: 18.1 ms]
      [Choose CSet: 0.0 ms]
      [Ref Proc: 11.8 ms]
      [Ref Enq: 0.5 ms]
      [Free CSet: 5.1 ms]
   [Eden: 1757.0M(1757.0M)->0.0B(1745.0M) Survivors: 14.0M->20.0M Heap: 1982.3M(2252.0M)->230.9M(2252.0M)]
 [Times: user=0.38 sys=0.00, real=0.04 secs] 

 Concurrent RS processed 1302252 cards
  Of 41770 completed buffers:
        41770 (100.0%) by conc RS threads.
            0 (  0.0%) by mutator threads.
  Conc RS threads times(s)
          0.00     0.00     0.00     0.00     0.00     0.00     0.00     0.00     0.00     0.00     0.00     0.00     0.00     0.00     0.00     0.00     0.00     0.00     0.00
  Total heap region rem set sizes = 6590K.  Max = 31K.
  Static structures = 369K, free_lists = 213K.
    306995 occupied cards represented.
    Max size region = 10:(O)[0x0000000763e00000,0x0000000763efff98,0x0000000763f00000], size = 32K, occupied = 46K.
    Did 1280 coarsenings.
2014-08-01T09:35:13.165-0500: 2333.608: [GC pause (young) 2333.608: [G1Ergonomics (CSet Construction) start choosing CSet, _pending_cards: 5332, predicted base time: 23.62 ms, remaining time: 76.38 ms, target pause time: 100.00 ms]
 2333.608: [G1Ergonomics (CSet Construction) add young regions to CSet, eden: 1745 regions, survivors: 20 regions, predicted young region time: 11.57 ms]
 2333.608: [G1Ergonomics (CSet Construction) finish choosing CSet, eden: 1745 regions, survivors: 20 regions, old: 0 regions, predicted pause time: 35.19 ms, target pause time: 100.00 ms]
, 0.0402700 secs]
   [Parallel Time: 18.4 ms, GC Workers: 18]
      [GC Worker Start (ms): Min: 2333608.5, Avg: 2333608.7, Max: 2333608.9, Diff: 0.4]
      [Ext Root Scanning (ms): Min: 4.8, Avg: 6.2, Max: 7.6, Diff: 2.9, Sum: 112.2]
      [Update RS (ms): Min: 0.0, Avg: 0.9, Max: 2.2, Diff: 2.2, Sum: 16.1]
         [Processed Buffers: Min: 0, Avg: 7.7, Max: 41, Diff: 41, Sum: 138]
      [Scan RS (ms): Min: 0.2, Avg: 0.5, Max: 0.7, Diff: 0.5, Sum: 8.4]
      [Object Copy (ms): Min: 8.5, Avg: 9.1, Max: 9.6, Diff: 1.0, Sum: 163.0]
      [Termination (ms): Min: 0.1, Avg: 0.3, Max: 0.4, Diff: 0.3, Sum: 5.3]
      [GC Worker Other (ms): Min: 0.0, Avg: 0.3, Max: 1.1, Diff: 1.1, Sum: 5.0]
      [GC Worker Total (ms): Min: 16.8, Avg: 17.2, Max: 18.1, Diff: 1.3, Sum: 310.2]
      [GC Worker End (ms): Min: 2333625.6, Avg: 2333625.9, Max: 2333626.8, Diff: 1.1]
   [Code Root Fixup: 0.0 ms]
   [Clear CT: 1.7 ms]
   [Other: 20.2 ms]
      [Choose CSet: 0.0 ms]
      [Ref Proc: 13.4 ms]
      [Ref Enq: 1.3 ms]
      [Free CSet: 5.0 ms]
   [Eden: 1745.0M(1745.0M)->0.0B(1759.0M) Survivors: 20.0M->13.0M Heap: 1975.9M(2252.0M)->223.8M(2252.0M)]
 [Times: user=0.46 sys=0.00, real=0.04 secs] 

 Concurrent RS processed 1304569 cards
  Of 41908 completed buffers:
        41908 (100.0%) by conc RS threads.
            0 (  0.0%) by mutator threads.
  Conc RS threads times(s)
          0.00     0.00     0.00     0.00     0.00     0.00     0.00     0.00     0.00     0.00     0.00     0.00     0.00     0.00     0.00     0.00     0.00     0.00     0.00
  Total heap region rem set sizes = 6591K.  Max = 31K.
  Static structures = 369K, free_lists = 213K.
    307487 occupied cards represented.
    Max size region = 10:(O)[0x0000000763e00000,0x0000000763efff98,0x0000000763f00000], size = 32K, occupied = 46K.
    Did 1280 coarsenings.
2014-08-01T09:35:20.248-0500: 2340.691: [GC pause (young) 2340.691: [G1Ergonomics (CSet Construction) start choosing CSet, _pending_cards: 5357, predicted base time: 24.53 ms, remaining time: 75.47 ms, target pause time: 100.00 ms]
 2340.691: [G1Ergonomics (CSet Construction) add young regions to CSet, eden: 1759 regions, survivors: 13 regions, predicted young region time: 17.47 ms]
 2340.691: [G1Ergonomics (CSet Construction) finish choosing CSet, eden: 1759 regions, survivors: 13 regions, old: 0 regions, predicted pause time: 42.00 ms, target pause time: 100.00 ms]
, 0.0390410 secs]
   [Parallel Time: 23.3 ms, GC Workers: 18]
      [GC Worker Start (ms): Min: 2340691.4, Avg: 2340691.6, Max: 2340691.8, Diff: 0.3]
      [Ext Root Scanning (ms): Min: 6.0, Avg: 7.1, Max: 13.5, Diff: 7.5, Sum: 128.1]
      [Update RS (ms): Min: 0.0, Avg: 1.5, Max: 2.8, Diff: 2.8, Sum: 26.4]
         [Processed Buffers: Min: 0, Avg: 7.6, Max: 23, Diff: 23, Sum: 136]
      [Scan RS (ms): Min: 0.2, Avg: 0.9, Max: 1.2, Diff: 0.9, Sum: 15.4]
      [Object Copy (ms): Min: 7.7, Avg: 12.4, Max: 13.4, Diff: 5.7, Sum: 222.7]
      [Termination (ms): Min: 0.2, Avg: 0.6, Max: 0.7, Diff: 0.5, Sum: 10.6]
      [GC Worker Other (ms): Min: 0.0, Avg: 0.2, Max: 0.5, Diff: 0.4, Sum: 3.9]
      [GC Worker Total (ms): Min: 22.4, Avg: 22.6, Max: 22.9, Diff: 0.5, Sum: 407.2]
      [GC Worker End (ms): Min: 2340714.0, Avg: 2340714.2, Max: 2340714.5, Diff: 0.4]
   [Code Root Fixup: 0.0 ms]
   [Clear CT: 1.9 ms]
   [Other: 13.8 ms]
      [Choose CSet: 0.0 ms]
      [Ref Proc: 6.9 ms]
      [Ref Enq: 0.6 ms]
      [Free CSet: 5.7 ms]
   [Eden: 1759.0M(1759.0M)->0.0B(1761.0M) Survivors: 13.0M->12.0M Heap: 1982.8M(2252.0M)->223.2M(2252.0M)]
 [Times: user=0.46 sys=0.00, real=0.04 secs] 

 Concurrent RS processed 1306817 cards
  Of 42044 completed buffers:
        42044 (100.0%) by conc RS threads.
            0 (  0.0%) by mutator threads.
  Conc RS threads times(s)
          0.00     0.00     0.00     0.00     0.00     0.00     0.00     0.00     0.00     0.00     0.00     0.00     0.00     0.00     0.00     0.00     0.00     0.00     0.00
  Total heap region rem set sizes = 6591K.  Max = 31K.
  Static structures = 369K, free_lists = 212K.
    307939 occupied cards represented.
    Max size region = 10:(O)[0x0000000763e00000,0x0000000763efff98,0x0000000763f00000], size = 32K, occupied = 46K.
    Did 1280 coarsenings.
2014-08-01T09:35:27.505-0500: 2347.948: [GC pause (young) 2347.948: [G1Ergonomics (CSet Construction) start choosing CSet, _pending_cards: 5361, predicted base time: 23.45 ms, remaining time: 76.55 ms, target pause time: 100.00 ms]
 2347.948: [G1Ergonomics (CSet Construction) add young regions to CSet, eden: 1761 regions, survivors: 12 regions, predicted young region time: 26.54 ms]
 2347.948: [G1Ergonomics (CSet Construction) finish choosing CSet, eden: 1761 regions, survivors: 12 regions, old: 0 regions, predicted pause time: 49.99 ms, target pause time: 100.00 ms]
, 0.0321440 secs]
   [Parallel Time: 16.5 ms, GC Workers: 18]
      [GC Worker Start (ms): Min: 2347948.3, Avg: 2347948.4, Max: 2347948.6, Diff: 0.4]
      [Ext Root Scanning (ms): Min: 6.1, Avg: 7.1, Max: 10.5, Diff: 4.4, Sum: 128.3]
      [Update RS (ms): Min: 0.0, Avg: 1.4, Max: 2.7, Diff: 2.7, Sum: 25.2]
         [Processed Buffers: Min: 0, Avg: 7.7, Max: 29, Diff: 29, Sum: 139]
      [Scan RS (ms): Min: 0.2, Avg: 0.8, Max: 1.0, Diff: 0.8, Sum: 14.4]
      [Object Copy (ms): Min: 5.0, Avg: 6.3, Max: 7.0, Diff: 2.1, Sum: 113.9]
      [Termination (ms): Min: 0.0, Avg: 0.0, Max: 0.0, Diff: 0.0, Sum: 0.3]
      [GC Worker Other (ms): Min: 0.1, Avg: 0.3, Max: 1.4, Diff: 1.4, Sum: 5.5]
      [GC Worker Total (ms): Min: 15.8, Avg: 16.0, Max: 16.1, Diff: 0.3, Sum: 287.5]
      [GC Worker End (ms): Min: 2347964.2, Avg: 2347964.4, Max: 2347964.6, Diff: 0.4]
   [Code Root Fixup: 0.0 ms]
   [Clear CT: 2.1 ms]
   [Other: 13.5 ms]
      [Choose CSet: 0.0 ms]
      [Ref Proc: 7.2 ms]
      [Ref Enq: 0.4 ms]
      [Free CSet: 5.3 ms]
   [Eden: 1761.0M(1761.0M)->0.0B(1739.0M) Survivors: 12.0M->23.0M Heap: 1984.2M(2252.0M)->234.1M(2252.0M)]
 [Times: user=0.35 sys=0.01, real=0.04 secs] 

 Concurrent RS processed 1309023 cards
  Of 42183 completed buffers:
        42183 (100.0%) by conc RS threads.
            0 (  0.0%) by mutator threads.
  Conc RS threads times(s)
          0.00     0.00     0.00     0.00     0.00     0.00     0.00     0.00     0.00     0.00     0.00     0.00     0.00     0.00     0.00     0.00     0.00     0.00     0.00
  Total heap region rem set sizes = 6592K.  Max = 31K.
  Static structures = 369K, free_lists = 212K.
    308348 occupied cards represented.
    Max size region = 10:(O)[0x0000000763e00000,0x0000000763efff98,0x0000000763f00000], size = 32K, occupied = 46K.
    Did 1280 coarsenings.
2014-08-01T09:35:34.426-0500: 2354.869: [GC pause (young) 2354.869: [G1Ergonomics (CSet Construction) start choosing CSet, _pending_cards: 5347, predicted base time: 22.59 ms, remaining time: 77.41 ms, target pause time: 100.00 ms]
 2354.869: [G1Ergonomics (CSet Construction) add young regions to CSet, eden: 1739 regions, survivors: 23 regions, predicted young region time: 22.58 ms]
 2354.869: [G1Ergonomics (CSet Construction) finish choosing CSet, eden: 1739 regions, survivors: 23 regions, old: 0 regions, predicted pause time: 45.17 ms, target pause time: 100.00 ms]
, 0.0416320 secs]
   [Parallel Time: 23.7 ms, GC Workers: 18]
      [GC Worker Start (ms): Min: 2354869.6, Avg: 2354869.8, Max: 2354870.0, Diff: 0.3]
      [Ext Root Scanning (ms): Min: 6.1, Avg: 6.9, Max: 11.4, Diff: 5.3, Sum: 125.1]
      [Update RS (ms): Min: 0.0, Avg: 1.5, Max: 3.2, Diff: 3.2, Sum: 27.0]
         [Processed Buffers: Min: 0, Avg: 7.8, Max: 29, Diff: 29, Sum: 141]
      [Scan RS (ms): Min: 0.2, Avg: 0.8, Max: 1.1, Diff: 0.9, Sum: 13.9]
      [Object Copy (ms): Min: 7.4, Avg: 10.1, Max: 13.7, Diff: 6.3, Sum: 182.2]
      [Termination (ms): Min: 0.0, Avg: 3.6, Max: 3.8, Diff: 3.8, Sum: 64.8]
      [GC Worker Other (ms): Min: 0.0, Avg: 0.2, Max: 0.4, Diff: 0.4, Sum: 3.9]
      [GC Worker Total (ms): Min: 22.8, Avg: 23.2, Max: 23.4, Diff: 0.6, Sum: 416.8]
      [GC Worker End (ms): Min: 2354892.8, Avg: 2354892.9, Max: 2354893.1, Diff: 0.4]
   [Code Root Fixup: 0.0 ms]
   [Clear CT: 2.3 ms]
   [Other: 15.6 ms]
      [Choose CSet: 0.0 ms]
      [Ref Proc: 9.3 ms]
      [Ref Enq: 0.4 ms]
      [Free CSet: 5.2 ms]
   [Eden: 1739.0M(1739.0M)->0.0B(1749.0M) Survivors: 23.0M->18.0M Heap: 1973.1M(2252.0M)->229.6M(2252.0M)]
 [Times: user=0.47 sys=0.01, real=0.05 secs] 

 Concurrent RS processed 1311203 cards
  Of 42324 completed buffers:
        42324 (100.0%) by conc RS threads.
            0 (  0.0%) by mutator threads.
  Conc RS threads times(s)
          0.00     0.00     0.00     0.00     0.00     0.00     0.00     0.00     0.00     0.00     0.00     0.00     0.00     0.00     0.00     0.00     0.00     0.00     0.00
  Total heap region rem set sizes = 6593K.  Max = 31K.
  Static structures = 369K, free_lists = 212K.
    308797 occupied cards represented.
    Max size region = 10:(O)[0x0000000763e00000,0x0000000763efff98,0x0000000763f00000], size = 32K, occupied = 46K.
    Did 1280 coarsenings.
2014-08-01T09:35:41.466-0500: 2361.910: [GC pause (young) 2361.910: [G1Ergonomics (CSet Construction) start choosing CSet, _pending_cards: 5328, predicted base time: 22.52 ms, remaining time: 77.48 ms, target pause time: 100.00 ms]
 2361.910: [G1Ergonomics (CSet Construction) add young regions to CSet, eden: 1749 regions, survivors: 18 regions, predicted young region time: 11.84 ms]
 2361.910: [G1Ergonomics (CSet Construction) finish choosing CSet, eden: 1749 regions, survivors: 18 regions, old: 0 regions, predicted pause time: 34.36 ms, target pause time: 100.00 ms]
, 0.0386200 secs]
   [Parallel Time: 21.8 ms, GC Workers: 18]
      [GC Worker Start (ms): Min: 2361910.1, Avg: 2361910.2, Max: 2361910.4, Diff: 0.3]
      [Ext Root Scanning (ms): Min: 5.7, Avg: 7.3, Max: 14.6, Diff: 8.9, Sum: 131.5]
      [Update RS (ms): Min: 0.0, Avg: 1.2, Max: 2.3, Diff: 2.3, Sum: 22.2]
         [Processed Buffers: Min: 0, Avg: 7.5, Max: 24, Diff: 24, Sum: 135]
      [Scan RS (ms): Min: 0.2, Avg: 0.8, Max: 1.0, Diff: 0.8, Sum: 14.1]
      [Object Copy (ms): Min: 5.2, Avg: 10.2, Max: 11.1, Diff: 5.9, Sum: 183.3]
      [Termination (ms): Min: 0.1, Avg: 1.1, Max: 1.2, Diff: 1.1, Sum: 19.1]
      [GC Worker Other (ms): Min: 0.0, Avg: 0.2, Max: 0.4, Diff: 0.3, Sum: 3.0]
      [GC Worker Total (ms): Min: 20.5, Avg: 20.7, Max: 21.0, Diff: 0.5, Sum: 373.3]
      [GC Worker End (ms): Min: 2361930.8, Avg: 2361930.9, Max: 2361931.1, Diff: 0.3]
   [Code Root Fixup: 0.0 ms]
   [Clear CT: 1.8 ms]
   [Other: 15.0 ms]
      [Choose CSet: 0.0 ms]
      [Ref Proc: 8.3 ms]
      [Ref Enq: 0.5 ms]
      [Free CSet: 5.5 ms]
   [Eden: 1749.0M(1749.0M)->0.0B(1745.0M) Survivors: 18.0M->20.0M Heap: 1978.6M(2252.0M)->231.4M(2252.0M)]
 [Times: user=0.45 sys=0.01, real=0.04 secs] 

 Concurrent RS processed 1313325 cards
  Of 42459 completed buffers:
        42459 (100.0%) by conc RS threads.
            0 (  0.0%) by mutator threads.
  Conc RS threads times(s)
          0.00     0.00     0.00     0.00     0.00     0.00     0.00     0.00     0.00     0.00     0.00     0.00     0.00     0.00     0.00     0.00     0.00     0.00     0.00
  Total heap region rem set sizes = 6593K.  Max = 31K.
  Static structures = 369K, free_lists = 212K.
    309199 occupied cards represented.
    Max size region = 10:(O)[0x0000000763e00000,0x0000000763efff98,0x0000000763f00000], size = 32K, occupied = 46K.
    Did 1280 coarsenings.
2014-08-01T09:35:48.391-0500: 2368.835: [GC pause (young) 2368.835: [G1Ergonomics (CSet Construction) start choosing CSet, _pending_cards: 5483, predicted base time: 22.25 ms, remaining time: 77.75 ms, target pause time: 100.00 ms]
 2368.835: [G1Ergonomics (CSet Construction) add young regions to CSet, eden: 1745 regions, survivors: 20 regions, predicted young region time: 10.87 ms]
 2368.835: [G1Ergonomics (CSet Construction) finish choosing CSet, eden: 1745 regions, survivors: 20 regions, old: 0 regions, predicted pause time: 33.12 ms, target pause time: 100.00 ms]
, 0.0452230 secs]
   [Parallel Time: 29.8 ms, GC Workers: 18]
      [GC Worker Start (ms): Min: 2368835.1, Avg: 2368835.2, Max: 2368835.4, Diff: 0.3]
      [Ext Root Scanning (ms): Min: 8.0, Avg: 9.6, Max: 13.0, Diff: 5.0, Sum: 172.5]
      [Update RS (ms): Min: 0.0, Avg: 1.7, Max: 3.2, Diff: 3.2, Sum: 30.3]
         [Processed Buffers: Min: 0, Avg: 7.6, Max: 35, Diff: 35, Sum: 137]
      [Scan RS (ms): Min: 0.2, Avg: 0.8, Max: 2.3, Diff: 2.0, Sum: 15.2]
      [Object Copy (ms): Min: 7.9, Avg: 9.4, Max: 17.0, Diff: 9.0, Sum: 169.7]
      [Termination (ms): Min: 0.0, Avg: 7.5, Max: 8.6, Diff: 8.5, Sum: 135.4]
      [GC Worker Other (ms): Min: 0.0, Avg: 0.2, Max: 0.4, Diff: 0.3, Sum: 3.0]
      [GC Worker Total (ms): Min: 28.9, Avg: 29.2, Max: 29.5, Diff: 0.5, Sum: 526.0]
      [GC Worker End (ms): Min: 2368864.3, Avg: 2368864.5, Max: 2368864.6, Diff: 0.3]
   [Code Root Fixup: 0.0 ms]
   [Clear CT: 2.1 ms]
   [Other: 13.4 ms]
      [Choose CSet: 0.0 ms]
      [Ref Proc: 6.9 ms]
      [Ref Enq: 0.8 ms]
      [Free CSet: 5.1 ms]
   [Eden: 1745.0M(1745.0M)->0.0B(1759.0M) Survivors: 20.0M->13.0M Heap: 1976.4M(2252.0M)->224.9M(2252.0M)]
 [Times: user=0.51 sys=0.01, real=0.04 secs] 

 Concurrent RS processed 1315763 cards
  Of 42596 completed buffers:
        42596 (100.0%) by conc RS threads.
            0 (  0.0%) by mutator threads.
  Conc RS threads times(s)
          0.00     0.00     0.00     0.00     0.00     0.00     0.00     0.00     0.00     0.00     0.00     0.00     0.00     0.00     0.00     0.00     0.00     0.00     0.00
  Total heap region rem set sizes = 6595K.  Max = 31K.
  Static structures = 369K, free_lists = 211K.
    310408 occupied cards represented.
    Max size region = 10:(O)[0x0000000763e00000,0x0000000763efff98,0x0000000763f00000], size = 32K, occupied = 46K.
    Did 1280 coarsenings.
2014-08-01T09:35:54.958-0500: 2375.402: [GC pause (young) 2375.402: [G1Ergonomics (CSet Construction) start choosing CSet, _pending_cards: 89640, predicted base time: 46.00 ms, remaining time: 54.00 ms, target pause time: 100.00 ms]
 2375.402: [G1Ergonomics (CSet Construction) add young regions to CSet, eden: 1563 regions, survivors: 13 regions, predicted young region time: 78.07 ms]
 2375.402: [G1Ergonomics (CSet Construction) finish choosing CSet, eden: 1563 regions, survivors: 13 regions, old: 0 regions, predicted pause time: 124.07 ms, target pause time: 100.00 ms]
, 0.0580820 secs]
   [Parallel Time: 42.6 ms, GC Workers: 18]
      [GC Worker Start (ms): Min: 2375402.2, Avg: 2375402.3, Max: 2375402.5, Diff: 0.3]
      [Ext Root Scanning (ms): Min: 6.1, Avg: 7.0, Max: 11.5, Diff: 5.4, Sum: 125.5]
      [Update RS (ms): Min: 14.6, Avg: 18.1, Max: 19.0, Diff: 4.5, Sum: 325.6]
         [Processed Buffers: Min: 16, Avg: 27.1, Max: 46, Diff: 30, Sum: 487]
      [Scan RS (ms): Min: 0.3, Avg: 1.3, Max: 2.3, Diff: 2.0, Sum: 23.3]
      [Object Copy (ms): Min: 7.5, Avg: 8.9, Max: 14.8, Diff: 7.2, Sum: 160.2]
      [Termination (ms): Min: 0.0, Avg: 6.0, Max: 7.3, Diff: 7.3, Sum: 107.8]
      [GC Worker Other (ms): Min: 0.0, Avg: 0.2, Max: 0.4, Diff: 0.3, Sum: 3.5]
      [GC Worker Total (ms): Min: 41.2, Avg: 41.4, Max: 42.1, Diff: 0.9, Sum: 745.8]
      [GC Worker End (ms): Min: 2375443.5, Avg: 2375443.8, Max: 2375444.6, Diff: 1.0]
   [Code Root Fixup: 0.0 ms]
   [Clear CT: 1.8 ms]
   [Other: 13.6 ms]
      [Choose CSet: 0.0 ms]
      [Ref Proc: 7.8 ms]
      [Ref Enq: 0.5 ms]
      [Free CSet: 4.7 ms]
   [Eden: 1563.0M(1563.0M)->0.0B(1639.0M) Survivors: 13.0M->15.0M Heap: 1880.0M(2252.0M)->318.5M(2252.0M)]
 [Times: user=0.76 sys=0.01, real=0.06 secs] 

 Concurrent RS processed 1418117 cards
  Of 43493 completed buffers:
        43493 (100.0%) by conc RS threads.
            0 (  0.0%) by mutator threads.
  Conc RS threads times(s)
          0.00     0.00     0.00     0.00     0.00     0.00     0.00     0.00     0.00     0.00     0.00     0.00     0.00     0.00     0.00     0.00     0.00     0.00     0.00
  Total heap region rem set sizes = 6384K.  Max = 31K.
  Static structures = 369K, free_lists = 211K.
    310730 occupied cards represented.
    Max size region = 10:(O)[0x0000000763e00000,0x0000000763efff98,0x0000000763f00000], size = 32K, occupied = 46K.
    Did 1280 coarsenings.
2014-08-01T09:36:01.969-0500: 2382.413: [GC pause (young) 2382.413: [G1Ergonomics (CSet Construction) start choosing CSet, _pending_cards: 5614, predicted base time: 21.91 ms, remaining time: 78.09 ms, target pause time: 100.00 ms]
 2382.413: [G1Ergonomics (CSet Construction) add young regions to CSet, eden: 1639 regions, survivors: 15 regions, predicted young region time: 11.03 ms]
 2382.413: [G1Ergonomics (CSet Construction) finish choosing CSet, eden: 1639 regions, survivors: 15 regions, old: 0 regions, predicted pause time: 32.94 ms, target pause time: 100.00 ms]
, 0.0497990 secs]
   [Parallel Time: 28.7 ms, GC Workers: 18]
      [GC Worker Start (ms): Min: 2382413.1, Avg: 2382413.3, Max: 2382413.5, Diff: 0.3]
      [Ext Root Scanning (ms): Min: 6.3, Avg: 8.4, Max: 22.0, Diff: 15.7, Sum: 151.3]
      [Update RS (ms): Min: 0.0, Avg: 1.3, Max: 2.6, Diff: 2.6, Sum: 24.2]
         [Processed Buffers: Min: 0, Avg: 7.8, Max: 23, Diff: 23, Sum: 141]
      [Scan RS (ms): Min: 0.2, Avg: 0.8, Max: 2.2, Diff: 2.0, Sum: 14.9]
      [Object Copy (ms): Min: 0.3, Avg: 11.2, Max: 16.7, Diff: 16.4, Sum: 201.4]
      [Termination (ms): Min: 0.0, Avg: 6.3, Max: 6.8, Diff: 6.8, Sum: 112.6]
      [GC Worker Other (ms): Min: 0.0, Avg: 0.2, Max: 0.4, Diff: 0.4, Sum: 3.0]
      [GC Worker Total (ms): Min: 27.9, Avg: 28.2, Max: 28.5, Diff: 0.6, Sum: 507.5]
      [GC Worker End (ms): Min: 2382441.3, Avg: 2382441.5, Max: 2382441.7, Diff: 0.4]
   [Code Root Fixup: 0.0 ms]
   [Clear CT: 1.9 ms]
   [Other: 19.2 ms]
      [Choose CSet: 0.0 ms]
      [Ref Proc: 13.5 ms]
      [Ref Enq: 0.6 ms]
      [Free CSet: 4.3 ms]
   [Eden: 1639.0M(1639.0M)->0.0B(1627.0M) Survivors: 15.0M->21.0M Heap: 1957.5M(2252.0M)->325.0M(2252.0M)]
 [Times: user=0.55 sys=0.00, real=0.05 secs] 

 Concurrent RS processed 1420348 cards
  Of 43634 completed buffers:
        43634 (100.0%) by conc RS threads.
            0 (  0.0%) by mutator threads.
  Conc RS threads times(s)
          0.00     0.00     0.00     0.00     0.00     0.00     0.00     0.00     0.00     0.00     0.00     0.00     0.00     0.00     0.00     0.00     0.00     0.00     0.00
  Total heap region rem set sizes = 6384K.  Max = 31K.
  Static structures = 369K, free_lists = 211K.
    311085 occupied cards represented.
    Max size region = 10:(O)[0x0000000763e00000,0x0000000763efff98,0x0000000763f00000], size = 32K, occupied = 46K.
    Did 1280 coarsenings.
2014-08-01T09:36:08.405-0500: 2388.848: [GC pause (young) 2388.848: [G1Ergonomics (CSet Construction) start choosing CSet, _pending_cards: 5086, predicted base time: 24.09 ms, remaining time: 75.91 ms, target pause time: 100.00 ms]
 2388.848: [G1Ergonomics (CSet Construction) add young regions to CSet, eden: 1627 regions, survivors: 21 regions, predicted young region time: 17.12 ms]
 2388.848: [G1Ergonomics (CSet Construction) finish choosing CSet, eden: 1627 regions, survivors: 21 regions, old: 0 regions, predicted pause time: 41.21 ms, target pause time: 100.00 ms]
, 0.0367690 secs]
   [Parallel Time: 19.2 ms, GC Workers: 18]
      [GC Worker Start (ms): Min: 2388848.5, Avg: 2388848.7, Max: 2388848.8, Diff: 0.3]
      [Ext Root Scanning (ms): Min: 5.8, Avg: 6.8, Max: 9.1, Diff: 3.3, Sum: 122.1]
      [Update RS (ms): Min: 0.0, Avg: 1.3, Max: 2.3, Diff: 2.3, Sum: 23.5]
         [Processed Buffers: Min: 0, Avg: 7.6, Max: 18, Diff: 18, Sum: 137]
      [Scan RS (ms): Min: 0.2, Avg: 0.7, Max: 1.0, Diff: 0.8, Sum: 12.6]
      [Object Copy (ms): Min: 7.9, Avg: 9.1, Max: 9.4, Diff: 1.4, Sum: 163.5]
      [Termination (ms): Min: 0.0, Avg: 0.2, Max: 0.2, Diff: 0.2, Sum: 2.9]
      [GC Worker Other (ms): Min: 0.0, Avg: 0.2, Max: 0.9, Diff: 0.9, Sum: 4.4]
      [GC Worker Total (ms): Min: 17.9, Avg: 18.3, Max: 18.9, Diff: 1.0, Sum: 329.0]
      [GC Worker End (ms): Min: 2388866.7, Avg: 2388866.9, Max: 2388867.6, Diff: 0.8]
   [Code Root Fixup: 0.0 ms]
   [Clear CT: 1.9 ms]
   [Other: 15.7 ms]
      [Choose CSet: 0.0 ms]
      [Ref Proc: 10.2 ms]
      [Ref Enq: 0.4 ms]
      [Free CSet: 4.4 ms]
   [Eden: 1627.0M(1627.0M)->0.0B(1635.0M) Survivors: 21.0M->17.0M Heap: 1952.0M(2252.0M)->320.8M(2252.0M)]
 [Times: user=0.40 sys=0.01, real=0.04 secs] 

 Concurrent RS processed 1422486 cards
  Of 43771 completed buffers:
        43771 (100.0%) by conc RS threads.
            0 (  0.0%) by mutator threads.
  Conc RS threads times(s)
          0.00     0.00     0.00     0.00     0.00     0.00     0.00     0.00     0.00     0.00     0.00     0.00     0.00     0.00     0.00     0.00     0.00     0.00     0.00
  Total heap region rem set sizes = 6384K.  Max = 31K.
  Static structures = 369K, free_lists = 211K.
    311536 occupied cards represented.
    Max size region = 10:(O)[0x0000000763e00000,0x0000000763efff98,0x0000000763f00000], size = 32K, occupied = 46K.
    Did 1280 coarsenings.
2014-08-01T09:36:15.101-0500: 2395.545: [GC pause (young) 2395.545: [G1Ergonomics (CSet Construction) start choosing CSet, _pending_cards: 5350, predicted base time: 23.79 ms, remaining time: 76.21 ms, target pause time: 100.00 ms]
 2395.545: [G1Ergonomics (CSet Construction) add young regions to CSet, eden: 1635 regions, survivors: 17 regions, predicted young region time: 21.50 ms]
 2395.545: [G1Ergonomics (CSet Construction) finish choosing CSet, eden: 1635 regions, survivors: 17 regions, old: 0 regions, predicted pause time: 45.29 ms, target pause time: 100.00 ms]
, 0.0298240 secs]
   [Parallel Time: 17.1 ms, GC Workers: 18]
      [GC Worker Start (ms): Min: 2395545.0, Avg: 2395545.2, Max: 2395545.3, Diff: 0.3]
      [Ext Root Scanning (ms): Min: 4.3, Avg: 6.3, Max: 10.5, Diff: 6.2, Sum: 112.6]
      [Update RS (ms): Min: 0.0, Avg: 0.9, Max: 2.3, Diff: 2.3, Sum: 16.5]
         [Processed Buffers: Min: 0, Avg: 7.6, Max: 20, Diff: 20, Sum: 137]
      [Scan RS (ms): Min: 0.1, Avg: 0.5, Max: 0.8, Diff: 0.6, Sum: 9.5]
      [Object Copy (ms): Min: 3.1, Avg: 6.3, Max: 9.3, Diff: 6.2, Sum: 113.4]
      [Termination (ms): Min: 0.0, Avg: 2.6, Max: 2.8, Diff: 2.8, Sum: 46.8]
      [GC Worker Other (ms): Min: 0.0, Avg: 0.1, Max: 0.3, Diff: 0.3, Sum: 2.7]
      [GC Worker Total (ms): Min: 16.6, Avg: 16.8, Max: 17.0, Diff: 0.4, Sum: 301.6]
      [GC Worker End (ms): Min: 2395561.8, Avg: 2395561.9, Max: 2395562.1, Diff: 0.3]
   [Code Root Fixup: 0.0 ms]
   [Clear CT: 1.7 ms]
   [Other: 11.0 ms]
      [Choose CSet: 0.0 ms]
      [Ref Proc: 7.6 ms]
      [Ref Enq: 0.3 ms]
      [Free CSet: 2.7 ms]
   [Eden: 1635.0M(1635.0M)->0.0B(1643.0M) Survivors: 17.0M->13.0M Heap: 1955.8M(2252.0M)->316.7M(2252.0M)]
 [Times: user=0.33 sys=0.01, real=0.03 secs] 

 Concurrent RS processed 1424748 cards
  Of 43908 completed buffers:
        43908 (100.0%) by conc RS threads.
            0 (  0.0%) by mutator threads.
  Conc RS threads times(s)
          0.00     0.00     0.00     0.00     0.00     0.00     0.00     0.00     0.00     0.00     0.00     0.00     0.00     0.00     0.00     0.00     0.00     0.00     0.00
  Total heap region rem set sizes = 6384K.  Max = 31K.
  Static structures = 369K, free_lists = 211K.
    311923 occupied cards represented.
    Max size region = 10:(O)[0x0000000763e00000,0x0000000763efff98,0x0000000763f00000], size = 32K, occupied = 47K.
    Did 1280 coarsenings.
2014-08-01T09:36:21.378-0500: 2401.821: [GC pause (young) 2401.821: [G1Ergonomics (CSet Construction) start choosing CSet, _pending_cards: 5363, predicted base time: 22.50 ms, remaining time: 77.50 ms, target pause time: 100.00 ms]
 2401.821: [G1Ergonomics (CSet Construction) add young regions to CSet, eden: 1643 regions, survivors: 13 regions, predicted young region time: 20.35 ms]
 2401.821: [G1Ergonomics (CSet Construction) finish choosing CSet, eden: 1643 regions, survivors: 13 regions, old: 0 regions, predicted pause time: 42.85 ms, target pause time: 100.00 ms]
, 0.0387250 secs]
   [Parallel Time: 21.9 ms, GC Workers: 18]
      [GC Worker Start (ms): Min: 2401821.6, Avg: 2401821.8, Max: 2401822.0, Diff: 0.3]
      [Ext Root Scanning (ms): Min: 4.9, Avg: 6.6, Max: 11.6, Diff: 6.7, Sum: 118.1]
      [Update RS (ms): Min: 0.0, Avg: 1.4, Max: 3.2, Diff: 3.2, Sum: 24.8]
         [Processed Buffers: Min: 0, Avg: 8.0, Max: 23, Diff: 23, Sum: 144]
      [Scan RS (ms): Min: 0.2, Avg: 0.7, Max: 1.0, Diff: 0.9, Sum: 13.1]
      [Object Copy (ms): Min: 8.5, Avg: 11.9, Max: 12.7, Diff: 4.2, Sum: 213.8]
      [Termination (ms): Min: 0.1, Avg: 0.5, Max: 0.6, Diff: 0.6, Sum: 9.8]
      [GC Worker Other (ms): Min: 0.0, Avg: 0.2, Max: 0.5, Diff: 0.4, Sum: 3.9]
      [GC Worker Total (ms): Min: 21.0, Avg: 21.3, Max: 21.5, Diff: 0.5, Sum: 383.5]
      [GC Worker End (ms): Min: 2401842.9, Avg: 2401843.1, Max: 2401843.3, Diff: 0.4]
   [Code Root Fixup: 0.0 ms]
   [Clear CT: 2.7 ms]
   [Other: 14.1 ms]
      [Choose CSet: 0.0 ms]
      [Ref Proc: 8.7 ms]
      [Ref Enq: 0.4 ms]
      [Free CSet: 4.4 ms]
   [Eden: 1643.0M(1643.0M)->0.0B(1626.0M) Survivors: 13.0M->21.0M Heap: 1959.7M(2252.0M)->325.1M(2252.0M)]
 [Times: user=0.45 sys=0.01, real=0.04 secs] 

 Concurrent RS processed 1426990 cards
  Of 44052 completed buffers:
        44052 (100.0%) by conc RS threads.
            0 (  0.0%) by mutator threads.
  Conc RS threads times(s)
          0.00     0.00     0.00     0.00     0.00     0.00     0.00     0.00     0.00     0.00     0.00     0.00     0.00     0.00     0.00     0.00     0.00     0.00     0.00
  Total heap region rem set sizes = 6386K.  Max = 31K.
  Static structures = 369K, free_lists = 211K.
    312363 occupied cards represented.
    Max size region = 10:(O)[0x0000000763e00000,0x0000000763efff98,0x0000000763f00000], size = 32K, occupied = 47K.
    Did 1280 coarsenings.
2014-08-01T09:36:27.709-0500: 2408.152: [GC pause (young) 2408.153: [G1Ergonomics (CSet Construction) start choosing CSet, _pending_cards: 5580, predicted base time: 22.31 ms, remaining time: 77.69 ms, target pause time: 100.00 ms]
 2408.153: [G1Ergonomics (CSet Construction) add young regions to CSet, eden: 1626 regions, survivors: 21 regions, predicted young region time: 17.46 ms]
 2408.153: [G1Ergonomics (CSet Construction) finish choosing CSet, eden: 1626 regions, survivors: 21 regions, old: 0 regions, predicted pause time: 39.77 ms, target pause time: 100.00 ms]
, 0.0459210 secs]
   [Parallel Time: 28.8 ms, GC Workers: 18]
      [GC Worker Start (ms): Min: 2408152.8, Avg: 2408153.0, Max: 2408153.1, Diff: 0.3]
      [Ext Root Scanning (ms): Min: 5.2, Avg: 6.6, Max: 11.1, Diff: 5.9, Sum: 119.5]
      [Update RS (ms): Min: 0.0, Avg: 1.4, Max: 3.2, Diff: 3.2, Sum: 25.4]
         [Processed Buffers: Min: 0, Avg: 7.9, Max: 19, Diff: 19, Sum: 142]
      [Scan RS (ms): Min: 0.2, Avg: 0.8, Max: 1.0, Diff: 0.8, Sum: 13.6]
      [Object Copy (ms): Min: 12.1, Avg: 15.0, Max: 18.9, Diff: 6.8, Sum: 270.6]
      [Termination (ms): Min: 0.3, Avg: 3.9, Max: 4.2, Diff: 3.9, Sum: 69.4]
      [GC Worker Other (ms): Min: 0.0, Avg: 0.2, Max: 0.3, Diff: 0.3, Sum: 3.1]
      [GC Worker Total (ms): Min: 27.6, Avg: 27.9, Max: 28.2, Diff: 0.5, Sum: 501.6]
      [GC Worker End (ms): Min: 2408180.7, Avg: 2408180.8, Max: 2408181.0, Diff: 0.4]
   [Code Root Fixup: 0.0 ms]
   [Clear CT: 2.0 ms]
   [Other: 15.0 ms]
      [Choose CSet: 0.0 ms]
      [Ref Proc: 9.7 ms]
      [Ref Enq: 0.4 ms]
      [Free CSet: 4.3 ms]
   [Eden: 1626.0M(1626.0M)->0.0B(1640.0M) Survivors: 21.0M->14.0M Heap: 1951.1M(2252.0M)->318.2M(2252.0M)]
 [Times: user=0.56 sys=0.00, real=0.05 secs] 

 Concurrent RS processed 1429209 cards
  Of 44194 completed buffers:
        44194 (100.0%) by conc RS threads.
            0 (  0.0%) by mutator threads.
  Conc RS threads times(s)
          0.00     0.00     0.00     0.00     0.00     0.00     0.00     0.00     0.00     0.00     0.00     0.00     0.00     0.00     0.00     0.00     0.00     0.00     0.00
  Total heap region rem set sizes = 6394K.  Max = 31K.
  Static structures = 369K, free_lists = 208K.
    312955 occupied cards represented.
    Max size region = 10:(O)[0x0000000763e00000,0x0000000763efff98,0x0000000763f00000], size = 32K, occupied = 47K.
    Did 1280 coarsenings.
2014-08-01T09:36:34.796-0500: 2415.240: [GC pause (young) 2415.240: [G1Ergonomics (CSet Construction) start choosing CSet, _pending_cards: 5896, predicted base time: 22.39 ms, remaining time: 77.61 ms, target pause time: 100.00 ms]
 2415.240: [G1Ergonomics (CSet Construction) add young regions to CSet, eden: 1640 regions, survivors: 14 regions, predicted young region time: 12.58 ms]
 2415.240: [G1Ergonomics (CSet Construction) finish choosing CSet, eden: 1640 regions, survivors: 14 regions, old: 0 regions, predicted pause time: 34.97 ms, target pause time: 100.00 ms]
, 0.0462960 secs]
   [Parallel Time: 22.8 ms, GC Workers: 18]
      [GC Worker Start (ms): Min: 2415240.2, Avg: 2415240.4, Max: 2415240.7, Diff: 0.5]
      [Ext Root Scanning (ms): Min: 7.4, Avg: 8.5, Max: 11.1, Diff: 3.7, Sum: 153.2]
      [Update RS (ms): Min: 0.0, Avg: 1.5, Max: 2.7, Diff: 2.7, Sum: 26.7]
         [Processed Buffers: Min: 0, Avg: 8.3, Max: 31, Diff: 31, Sum: 150]
      [Scan RS (ms): Min: 0.3, Avg: 0.9, Max: 3.2, Diff: 2.9, Sum: 16.3]
      [Object Copy (ms): Min: 6.6, Avg: 8.5, Max: 10.8, Diff: 4.2, Sum: 153.4]
      [Termination (ms): Min: 0.0, Avg: 2.3, Max: 3.1, Diff: 3.1, Sum: 42.1]
      [GC Worker Other (ms): Min: 0.0, Avg: 0.2, Max: 0.4, Diff: 0.3, Sum: 3.1]
      [GC Worker Total (ms): Min: 21.6, Avg: 21.9, Max: 22.6, Diff: 1.0, Sum: 394.9]
      [GC Worker End (ms): Min: 2415262.1, Avg: 2415262.3, Max: 2415262.8, Diff: 0.7]
   [Code Root Fixup: 0.0 ms]
   [Clear CT: 2.0 ms]
   [Other: 21.5 ms]
      [Choose CSet: 0.0 ms]
      [Ref Proc: 16.2 ms]
      [Ref Enq: 0.5 ms]
      [Free CSet: 4.2 ms]
   [Eden: 1640.0M(1640.0M)->0.0B(1640.0M) Survivors: 14.0M->14.0M Heap: 1958.2M(2252.0M)->318.2M(2252.0M)]
 [Times: user=0.55 sys=0.01, real=0.04 secs] 

 Concurrent RS processed 1431481 cards
  Of 44344 completed buffers:
        44344 (100.0%) by conc RS threads.
            0 (  0.0%) by mutator threads.
  Conc RS threads times(s)
          0.00     0.00     0.00     0.00     0.00     0.00     0.00     0.00     0.00     0.00     0.00     0.00     0.00     0.00     0.00     0.00     0.00     0.00     0.00
  Total heap region rem set sizes = 6396K.  Max = 31K.
  Static structures = 369K, free_lists = 208K.
    313506 occupied cards represented.
    Max size region = 10:(O)[0x0000000763e00000,0x0000000763efff98,0x0000000763f00000], size = 32K, occupied = 47K.
    Did 1280 coarsenings.
2014-08-01T09:36:41.003-0500: 2421.446: [GC pause (young) 2421.446: [G1Ergonomics (CSet Construction) start choosing CSet, _pending_cards: 5869, predicted base time: 25.91 ms, remaining time: 74.09 ms, target pause time: 100.00 ms]
 2421.446: [G1Ergonomics (CSet Construction) add young regions to CSet, eden: 1640 regions, survivors: 14 regions, predicted young region time: 19.05 ms]
 2421.446: [G1Ergonomics (CSet Construction) finish choosing CSet, eden: 1640 regions, survivors: 14 regions, old: 0 regions, predicted pause time: 44.97 ms, target pause time: 100.00 ms]
, 0.0324660 secs]
   [Parallel Time: 17.9 ms, GC Workers: 18]
      [GC Worker Start (ms): Min: 2421446.6, Avg: 2421446.8, Max: 2421446.9, Diff: 0.3]
      [Ext Root Scanning (ms): Min: 4.8, Avg: 6.7, Max: 11.9, Diff: 7.1, Sum: 120.7]
      [Update RS (ms): Min: 0.0, Avg: 1.3, Max: 3.1, Diff: 3.1, Sum: 22.9]
         [Processed Buffers: Min: 0, Avg: 7.6, Max: 38, Diff: 38, Sum: 137]
      [Scan RS (ms): Min: 0.2, Avg: 0.7, Max: 1.0, Diff: 0.8, Sum: 12.3]
      [Object Copy (ms): Min: 4.7, Avg: 8.1, Max: 9.6, Diff: 4.9, Sum: 145.3]
      [Termination (ms): Min: 0.0, Avg: 0.4, Max: 0.5, Diff: 0.4, Sum: 7.2]
      [GC Worker Other (ms): Min: 0.0, Avg: 0.2, Max: 0.3, Diff: 0.3, Sum: 3.0]
      [GC Worker Total (ms): Min: 17.1, Avg: 17.3, Max: 17.6, Diff: 0.5, Sum: 311.3]
      [GC Worker End (ms): Min: 2421463.9, Avg: 2421464.1, Max: 2421464.3, Diff: 0.3]
   [Code Root Fixup: 0.0 ms]
   [Clear CT: 1.2 ms]
   [Other: 13.3 ms]
      [Choose CSet: 0.0 ms]
      [Ref Proc: 8.0 ms]
      [Ref Enq: 0.3 ms]
      [Free CSet: 4.3 ms]
   [Eden: 1640.0M(1640.0M)->0.0B(1628.0M) Survivors: 14.0M->20.0M Heap: 1958.2M(2252.0M)->324.3M(2252.0M)]
 [Times: user=0.34 sys=0.00, real=0.03 secs] 

 Concurrent RS processed 1433657 cards
  Of 44481 completed buffers:
        44481 (100.0%) by conc RS threads.
            0 (  0.0%) by mutator threads.
  Conc RS threads times(s)
          0.00     0.00     0.00     0.00     0.00     0.00     0.00     0.00     0.00     0.00     0.00     0.00     0.00     0.00     0.00     0.00     0.00     0.00     0.00
  Total heap region rem set sizes = 6397K.  Max = 31K.
  Static structures = 369K, free_lists = 208K.
    313891 occupied cards represented.
    Max size region = 10:(O)[0x0000000763e00000,0x0000000763efff98,0x0000000763f00000], size = 32K, occupied = 47K.
    Did 1280 coarsenings.
2014-08-01T09:36:47.563-0500: 2428.007: [GC pause (young) 2428.007: [G1Ergonomics (CSet Construction) start choosing CSet, _pending_cards: 5589, predicted base time: 24.26 ms, remaining time: 75.74 ms, target pause time: 100.00 ms]
 2428.007: [G1Ergonomics (CSet Construction) add young regions to CSet, eden: 1628 regions, survivors: 20 regions, predicted young region time: 12.89 ms]
 2428.007: [G1Ergonomics (CSet Construction) finish choosing CSet, eden: 1628 regions, survivors: 20 regions, old: 0 regions, predicted pause time: 37.16 ms, target pause time: 100.00 ms]
, 0.0334290 secs]
   [Parallel Time: 17.4 ms, GC Workers: 18]
      [GC Worker Start (ms): Min: 2428007.1, Avg: 2428007.3, Max: 2428007.5, Diff: 0.3]
      [Ext Root Scanning (ms): Min: 7.0, Avg: 8.2, Max: 12.9, Diff: 5.9, Sum: 148.3]
      [Update RS (ms): Min: 0.0, Avg: 1.3, Max: 2.5, Diff: 2.5, Sum: 23.0]
         [Processed Buffers: Min: 0, Avg: 7.8, Max: 25, Diff: 25, Sum: 140]
      [Scan RS (ms): Min: 0.2, Avg: 0.7, Max: 0.9, Diff: 0.7, Sum: 13.3]
      [Object Copy (ms): Min: 3.4, Avg: 6.4, Max: 7.0, Diff: 3.7, Sum: 115.3]
      [Termination (ms): Min: 0.0, Avg: 0.1, Max: 0.1, Diff: 0.1, Sum: 1.0]
      [GC Worker Other (ms): Min: 0.0, Avg: 0.2, Max: 0.4, Diff: 0.4, Sum: 3.9]
      [GC Worker Total (ms): Min: 16.6, Avg: 16.9, Max: 17.2, Diff: 0.6, Sum: 304.8]
      [GC Worker End (ms): Min: 2428024.1, Avg: 2428024.2, Max: 2428024.4, Diff: 0.4]
   [Code Root Fixup: 0.0 ms]
   [Clear CT: 2.0 ms]
   [Other: 14.1 ms]
      [Choose CSet: 0.0 ms]
      [Ref Proc: 8.4 ms]
      [Ref Enq: 0.4 ms]
      [Free CSet: 4.5 ms]
   [Eden: 1628.0M(1628.0M)->0.0B(1636.0M) Survivors: 20.0M->16.0M Heap: 1952.3M(2252.0M)->320.3M(2252.0M)]
 [Times: user=0.33 sys=0.01, real=0.03 secs] 

 Concurrent RS processed 1435820 cards
  Of 44621 completed buffers:
        44621 (100.0%) by conc RS threads.
            0 (  0.0%) by mutator threads.
  Conc RS threads times(s)
          0.00     0.00     0.00     0.00     0.00     0.00     0.00     0.00     0.00     0.00     0.00     0.00     0.00     0.00     0.00     0.00     0.00     0.00     0.00
  Total heap region rem set sizes = 6397K.  Max = 31K.
  Static structures = 369K, free_lists = 207K.
    314300 occupied cards represented.
    Max size region = 10:(O)[0x0000000763e00000,0x0000000763efff98,0x0000000763f00000], size = 32K, occupied = 47K.
    Did 1280 coarsenings.
2014-08-01T09:36:53.677-0500: 2434.121: [GC pause (young) 2434.121: [G1Ergonomics (CSet Construction) start choosing CSet, _pending_cards: 5390, predicted base time: 23.66 ms, remaining time: 76.34 ms, target pause time: 100.00 ms]
 2434.121: [G1Ergonomics (CSet Construction) add young regions to CSet, eden: 1636 regions, survivors: 16 regions, predicted young region time: 16.43 ms]
 2434.121: [G1Ergonomics (CSet Construction) finish choosing CSet, eden: 1636 regions, survivors: 16 regions, old: 0 regions, predicted pause time: 40.08 ms, target pause time: 100.00 ms]
, 0.0362770 secs]
   [Parallel Time: 20.9 ms, GC Workers: 18]
      [GC Worker Start (ms): Min: 2434121.2, Avg: 2434121.4, Max: 2434121.5, Diff: 0.3]
      [Ext Root Scanning (ms): Min: 5.9, Avg: 7.1, Max: 11.6, Diff: 5.7, Sum: 127.1]
      [Update RS (ms): Min: 0.0, Avg: 1.5, Max: 3.0, Diff: 3.0, Sum: 26.3]
         [Processed Buffers: Min: 0, Avg: 7.8, Max: 18, Diff: 18, Sum: 141]
      [Scan RS (ms): Min: 0.2, Avg: 0.8, Max: 1.4, Diff: 1.2, Sum: 13.9]
      [Object Copy (ms): Min: 6.1, Avg: 8.6, Max: 11.3, Diff: 5.2, Sum: 155.1]
      [Termination (ms): Min: 0.0, Avg: 2.3, Max: 2.5, Diff: 2.5, Sum: 40.9]
      [GC Worker Other (ms): Min: 0.0, Avg: 0.2, Max: 0.3, Diff: 0.3, Sum: 3.2]
      [GC Worker Total (ms): Min: 20.1, Avg: 20.4, Max: 20.5, Diff: 0.4, Sum: 366.4]
      [GC Worker End (ms): Min: 2434141.6, Avg: 2434141.7, Max: 2434141.9, Diff: 0.3]
   [Code Root Fixup: 0.0 ms]
   [Clear CT: 2.5 ms]
   [Other: 12.9 ms]
      [Choose CSet: 0.0 ms]
      [Ref Proc: 7.3 ms]
      [Ref Enq: 0.4 ms]
      [Free CSet: 4.4 ms]
   [Eden: 1636.0M(1636.0M)->0.0B(1624.0M) Survivors: 16.0M->22.0M Heap: 1956.3M(2252.0M)->326.2M(2252.0M)]
 [Times: user=0.43 sys=0.01, real=0.04 secs] 

 Concurrent RS processed 1438063 cards
  Of 44762 completed buffers:
        44762 (100.0%) by conc RS threads.
            0 (  0.0%) by mutator threads.
  Conc RS threads times(s)
          0.00     0.00     0.00     0.00     0.00     0.00     0.00     0.00     0.00     0.00     0.00     0.00     0.00     0.00     0.00     0.00     0.00     0.00     0.00
  Total heap region rem set sizes = 6397K.  Max = 31K.
  Static structures = 369K, free_lists = 207K.
    314934 occupied cards represented.
    Max size region = 10:(O)[0x0000000763e00000,0x0000000763efff98,0x0000000763f00000], size = 32K, occupied = 47K.
    Did 1280 coarsenings.
2014-08-01T09:37:00.036-0500: 2440.479: [GC pause (young) 2440.479: [G1Ergonomics (CSet Construction) start choosing CSet, _pending_cards: 5416, predicted base time: 22.86 ms, remaining time: 77.14 ms, target pause time: 100.00 ms]
 2440.479: [G1Ergonomics (CSet Construction) add young regions to CSet, eden: 1624 regions, survivors: 22 regions, predicted young region time: 16.16 ms]
 2440.479: [G1Ergonomics (CSet Construction) finish choosing CSet, eden: 1624 regions, survivors: 22 regions, old: 0 regions, predicted pause time: 39.02 ms, target pause time: 100.00 ms]
, 0.0392680 secs]
   [Parallel Time: 24.3 ms, GC Workers: 18]
      [GC Worker Start (ms): Min: 2440479.4, Avg: 2440479.5, Max: 2440479.7, Diff: 0.3]
      [Ext Root Scanning (ms): Min: 4.8, Avg: 6.6, Max: 11.4, Diff: 6.5, Sum: 119.2]
      [Update RS (ms): Min: 0.0, Avg: 1.6, Max: 5.6, Diff: 5.6, Sum: 28.4]
         [Processed Buffers: Min: 0, Avg: 7.9, Max: 27, Diff: 27, Sum: 143]
      [Scan RS (ms): Min: 0.2, Avg: 0.7, Max: 0.9, Diff: 0.7, Sum: 13.1]
      [Object Copy (ms): Min: 10.3, Avg: 13.0, Max: 15.0, Diff: 4.7, Sum: 234.8]
      [Termination (ms): Min: 0.0, Avg: 1.6, Max: 1.8, Diff: 1.8, Sum: 29.0]
      [GC Worker Other (ms): Min: 0.0, Avg: 0.2, Max: 0.4, Diff: 0.3, Sum: 3.0]
      [GC Worker Total (ms): Min: 23.5, Avg: 23.8, Max: 24.0, Diff: 0.6, Sum: 427.5]
      [GC Worker End (ms): Min: 2440503.2, Avg: 2440503.3, Max: 2440503.5, Diff: 0.3]
   [Code Root Fixup: 0.0 ms]
   [Clear CT: 1.8 ms]
   [Other: 13.1 ms]
      [Choose CSet: 0.0 ms]
      [Ref Proc: 7.1 ms]
      [Ref Enq: 0.6 ms]
      [Free CSet: 4.6 ms]
   [Eden: 1624.0M(1624.0M)->0.0B(1634.0M) Survivors: 22.0M->17.0M Heap: 1950.2M(2252.0M)->321.6M(2252.0M)]
 [Times: user=0.47 sys=0.00, real=0.04 secs] 

 Concurrent RS processed 1440260 cards
  Of 44905 completed buffers:
        44905 (100.0%) by conc RS threads.
            0 (  0.0%) by mutator threads.
  Conc RS threads times(s)
          0.00     0.00     0.00     0.00     0.00     0.00     0.00     0.00     0.00     0.00     0.00     0.00     0.00     0.00     0.00     0.00     0.00     0.00     0.00
  Total heap region rem set sizes = 6400K.  Max = 31K.
  Static structures = 369K, free_lists = 207K.
    315360 occupied cards represented.
    Max size region = 10:(O)[0x0000000763e00000,0x0000000763efff98,0x0000000763f00000], size = 32K, occupied = 47K.
    Did 1280 coarsenings.
2014-08-01T09:37:06.884-0500: 2447.328: [GC pause (young) 2447.328: [G1Ergonomics (CSet Construction) start choosing CSet, _pending_cards: 5625, predicted base time: 22.11 ms, remaining time: 77.89 ms, target pause time: 100.00 ms]
 2447.328: [G1Ergonomics (CSet Construction) add young regions to CSet, eden: 1634 regions, survivors: 17 regions, predicted young region time: 13.99 ms]
 2447.328: [G1Ergonomics (CSet Construction) finish choosing CSet, eden: 1634 regions, survivors: 17 regions, old: 0 regions, predicted pause time: 36.10 ms, target pause time: 100.00 ms]
, 0.0343750 secs]
   [Parallel Time: 20.0 ms, GC Workers: 18]
      [GC Worker Start (ms): Min: 2447328.0, Avg: 2447328.2, Max: 2447328.4, Diff: 0.3]
      [Ext Root Scanning (ms): Min: 3.9, Avg: 4.5, Max: 6.5, Diff: 2.6, Sum: 80.4]
      [Update RS (ms): Min: 0.0, Avg: 0.7, Max: 1.3, Diff: 1.3, Sum: 13.0]
         [Processed Buffers: Min: 0, Avg: 7.8, Max: 27, Diff: 27, Sum: 141]
      [Scan RS (ms): Min: 0.1, Avg: 0.5, Max: 0.6, Diff: 0.5, Sum: 8.6]
      [Object Copy (ms): Min: 6.4, Avg: 7.6, Max: 13.6, Diff: 7.3, Sum: 136.5]
      [Termination (ms): Min: 0.0, Avg: 6.1, Max: 6.5, Diff: 6.5, Sum: 110.4]
      [GC Worker Other (ms): Min: 0.0, Avg: 0.2, Max: 0.4, Diff: 0.3, Sum: 3.9]
      [GC Worker Total (ms): Min: 19.3, Avg: 19.6, Max: 19.9, Diff: 0.6, Sum: 352.7]
      [GC Worker End (ms): Min: 2447347.6, Avg: 2447347.8, Max: 2447348.0, Diff: 0.3]
   [Code Root Fixup: 0.0 ms]
   [Clear CT: 1.8 ms]
   [Other: 12.5 ms]
      [Choose CSet: 0.0 ms]
      [Ref Proc: 7.1 ms]
      [Ref Enq: 0.5 ms]
      [Free CSet: 4.3 ms]
   [Eden: 1634.0M(1634.0M)->0.0B(1642.0M) Survivors: 17.0M->13.0M Heap: 1955.6M(2252.0M)->317.4M(2252.0M)]
 [Times: user=0.40 sys=0.00, real=0.03 secs] 

 Concurrent RS processed 1442331 cards
  Of 45046 completed buffers:
        45046 (100.0%) by conc RS threads.
            0 (  0.0%) by mutator threads.
  Conc RS threads times(s)
          0.00     0.00     0.00     0.00     0.00     0.00     0.00     0.00     0.00     0.00     0.00     0.00     0.00     0.00     0.00     0.00     0.00     0.00     0.00
  Total heap region rem set sizes = 6400K.  Max = 31K.
  Static structures = 369K, free_lists = 206K.
    315810 occupied cards represented.
    Max size region = 10:(O)[0x0000000763e00000,0x0000000763efff98,0x0000000763f00000], size = 32K, occupied = 47K.
    Did 1280 coarsenings.
2014-08-01T09:37:13.041-0500: 2453.485: [GC pause (young) 2453.485: [G1Ergonomics (CSet Construction) start choosing CSet, _pending_cards: 6124, predicted base time: 20.88 ms, remaining time: 79.12 ms, target pause time: 100.00 ms]
 2453.485: [G1Ergonomics (CSet Construction) add young regions to CSet, eden: 1642 regions, survivors: 13 regions, predicted young region time: 9.84 ms]
 2453.485: [G1Ergonomics (CSet Construction) finish choosing CSet, eden: 1642 regions, survivors: 13 regions, old: 0 regions, predicted pause time: 30.73 ms, target pause time: 100.00 ms]
, 0.0269490 secs]
   [Parallel Time: 15.3 ms, GC Workers: 18]
      [GC Worker Start (ms): Min: 2453485.0, Avg: 2453485.2, Max: 2453485.3, Diff: 0.2]
      [Ext Root Scanning (ms): Min: 3.6, Avg: 5.0, Max: 6.6, Diff: 3.0, Sum: 90.5]
      [Update RS (ms): Min: 0.0, Avg: 0.9, Max: 2.2, Diff: 2.2, Sum: 15.7]
         [Processed Buffers: Min: 0, Avg: 7.8, Max: 31, Diff: 31, Sum: 141]
      [Scan RS (ms): Min: 0.2, Avg: 0.5, Max: 0.7, Diff: 0.5, Sum: 8.7]
      [Object Copy (ms): Min: 5.9, Avg: 6.7, Max: 8.3, Diff: 2.4, Sum: 119.9]
      [Termination (ms): Min: 0.0, Avg: 1.6, Max: 1.7, Diff: 1.7, Sum: 28.1]
      [GC Worker Other (ms): Min: 0.0, Avg: 0.1, Max: 0.3, Diff: 0.3, Sum: 2.3]
      [GC Worker Total (ms): Min: 14.5, Avg: 14.7, Max: 14.9, Diff: 0.4, Sum: 265.2]
      [GC Worker End (ms): Min: 2453499.8, Avg: 2453499.9, Max: 2453500.0, Diff: 0.3]
   [Code Root Fixup: 0.0 ms]
   [Clear CT: 1.9 ms]
   [Other: 9.7 ms]
      [Choose CSet: 0.0 ms]
      [Ref Proc: 4.3 ms]
      [Ref Enq: 0.3 ms]
      [Free CSet: 4.7 ms]
   [Eden: 1642.0M(1642.0M)->0.0B(1646.0M) Survivors: 13.0M->11.0M Heap: 1959.4M(2252.0M)->315.9M(2252.0M)]
 [Times: user=0.31 sys=0.01, real=0.02 secs] 

 Concurrent RS processed 1444646 cards
  Of 45187 completed buffers:
        45187 (100.0%) by conc RS threads.
            0 (  0.0%) by mutator threads.
  Conc RS threads times(s)
          0.00     0.00     0.00     0.00     0.00     0.00     0.00     0.00     0.00     0.00     0.00     0.00     0.00     0.00     0.00     0.00     0.00     0.00     0.00
  Total heap region rem set sizes = 6401K.  Max = 31K.
  Static structures = 369K, free_lists = 206K.
    316292 occupied cards represented.
    Max size region = 10:(O)[0x0000000763e00000,0x0000000763efff98,0x0000000763f00000], size = 32K, occupied = 47K.
    Did 1280 coarsenings.
2014-08-01T09:37:20.489-0500: 2460.933: [GC pause (young) 2460.933: [G1Ergonomics (CSet Construction) start choosing CSet, _pending_cards: 5699, predicted base time: 19.21 ms, remaining time: 80.79 ms, target pause time: 100.00 ms]
 2460.933: [G1Ergonomics (CSet Construction) add young regions to CSet, eden: 1646 regions, survivors: 11 regions, predicted young region time: 17.27 ms]
 2460.933: [G1Ergonomics (CSet Construction) finish choosing CSet, eden: 1646 regions, survivors: 11 regions, old: 0 regions, predicted pause time: 36.48 ms, target pause time: 100.00 ms]
, 0.0341680 secs]
   [Parallel Time: 19.2 ms, GC Workers: 18]
      [GC Worker Start (ms): Min: 2460933.1, Avg: 2460933.2, Max: 2460933.4, Diff: 0.3]
      [Ext Root Scanning (ms): Min: 4.4, Avg: 5.9, Max: 12.8, Diff: 8.4, Sum: 106.9]
      [Update RS (ms): Min: 0.0, Avg: 1.1, Max: 2.6, Diff: 2.6, Sum: 19.7]
         [Processed Buffers: Min: 0, Avg: 7.9, Max: 27, Diff: 27, Sum: 142]
      [Scan RS (ms): Min: 0.2, Avg: 0.8, Max: 0.9, Diff: 0.7, Sum: 13.5]
      [Object Copy (ms): Min: 1.3, Avg: 7.0, Max: 11.5, Diff: 10.3, Sum: 125.6]
      [Termination (ms): Min: 0.0, Avg: 3.8, Max: 4.1, Diff: 4.1, Sum: 68.3]
      [GC Worker Other (ms): Min: 0.0, Avg: 0.2, Max: 0.4, Diff: 0.3, Sum: 3.4]
      [GC Worker Total (ms): Min: 18.5, Avg: 18.8, Max: 19.0, Diff: 0.5, Sum: 337.6]
      [GC Worker End (ms): Min: 2460951.8, Avg: 2460952.0, Max: 2460952.1, Diff: 0.3]
   [Code Root Fixup: 0.0 ms]
   [Clear CT: 2.3 ms]
   [Other: 12.6 ms]
      [Choose CSet: 0.0 ms]
      [Ref Proc: 6.8 ms]
      [Ref Enq: 0.5 ms]
      [Free CSet: 4.7 ms]
   [Eden: 1646.0M(1646.0M)->0.0B(1636.0M) Survivors: 11.0M->16.0M Heap: 1961.9M(2252.0M)->320.7M(2252.0M)]
 [Times: user=0.39 sys=0.01, real=0.04 secs] 

 Concurrent RS processed 1446935 cards
  Of 45329 completed buffers:
        45329 (100.0%) by conc RS threads.
            0 (  0.0%) by mutator threads.
  Conc RS threads times(s)
          0.00     0.00     0.00     0.00     0.00     0.00     0.00     0.00     0.00     0.00     0.00     0.00     0.00     0.00     0.00     0.00     0.00     0.00     0.00
  Total heap region rem set sizes = 6403K.  Max = 31K.
  Static structures = 369K, free_lists = 206K.
    316650 occupied cards represented.
    Max size region = 10:(O)[0x0000000763e00000,0x0000000763efff98,0x0000000763f00000], size = 32K, occupied = 47K.
    Did 1280 coarsenings.
2014-08-01T09:37:26.820-0500: 2467.263: [GC pause (young) 2467.263: [G1Ergonomics (CSet Construction) start choosing CSet, _pending_cards: 5590, predicted base time: 18.98 ms, remaining time: 81.02 ms, target pause time: 100.00 ms]
 2467.263: [G1Ergonomics (CSet Construction) add young regions to CSet, eden: 1636 regions, survivors: 16 regions, predicted young region time: 18.43 ms]
 2467.263: [G1Ergonomics (CSet Construction) finish choosing CSet, eden: 1636 regions, survivors: 16 regions, old: 0 regions, predicted pause time: 37.41 ms, target pause time: 100.00 ms]
, 0.0381360 secs]
   [Parallel Time: 21.6 ms, GC Workers: 18]
      [GC Worker Start (ms): Min: 2467263.6, Avg: 2467263.8, Max: 2467263.9, Diff: 0.3]
      [Ext Root Scanning (ms): Min: 6.1, Avg: 7.2, Max: 12.0, Diff: 6.0, Sum: 130.1]
      [Update RS (ms): Min: 0.0, Avg: 1.5, Max: 2.8, Diff: 2.8, Sum: 26.9]
         [Processed Buffers: Min: 0, Avg: 7.8, Max: 28, Diff: 28, Sum: 140]
      [Scan RS (ms): Min: 0.2, Avg: 0.7, Max: 1.0, Diff: 0.8, Sum: 12.5]
      [Object Copy (ms): Min: 8.4, Avg: 11.3, Max: 11.8, Diff: 3.4, Sum: 203.1]
      [Termination (ms): Min: 0.0, Avg: 0.2, Max: 0.2, Diff: 0.2, Sum: 2.8]
      [GC Worker Other (ms): Min: 0.1, Avg: 0.3, Max: 0.5, Diff: 0.4, Sum: 4.7]
      [GC Worker Total (ms): Min: 20.7, Avg: 21.1, Max: 21.4, Diff: 0.6, Sum: 380.1]
      [GC Worker End (ms): Min: 2467284.7, Avg: 2467284.9, Max: 2467285.1, Diff: 0.4]
   [Code Root Fixup: 0.0 ms]
   [Clear CT: 2.1 ms]
   [Other: 14.5 ms]
      [Choose CSet: 0.0 ms]
      [Ref Proc: 8.4 ms]
      [Ref Enq: 0.5 ms]
      [Free CSet: 5.0 ms]
   [Eden: 1636.0M(1636.0M)->0.0B(1638.0M) Survivors: 16.0M->15.0M Heap: 1956.7M(2252.0M)->320.1M(2252.0M)]
 [Times: user=0.44 sys=0.00, real=0.04 secs] 

 Concurrent RS processed 1449092 cards
  Of 45469 completed buffers:
        45469 (100.0%) by conc RS threads.
            0 (  0.0%) by mutator threads.
  Conc RS threads times(s)
          0.00     0.00     0.00     0.00     0.00     0.00     0.00     0.00     0.00     0.00     0.00     0.00     0.00     0.00     0.00     0.00     0.00     0.00     0.00
  Total heap region rem set sizes = 6403K.  Max = 31K.
  Static structures = 369K, free_lists = 206K.
    316983 occupied cards represented.
    Max size region = 10:(O)[0x0000000763e00000,0x0000000763efff98,0x0000000763f00000], size = 32K, occupied = 47K.
    Did 1280 coarsenings.
2014-08-01T09:37:33.110-0500: 2473.553: [GC pause (young) 2473.553: [G1Ergonomics (CSet Construction) start choosing CSet, _pending_cards: 5618, predicted base time: 19.90 ms, remaining time: 80.10 ms, target pause time: 100.00 ms]
 2473.553: [G1Ergonomics (CSet Construction) add young regions to CSet, eden: 1638 regions, survivors: 15 regions, predicted young region time: 22.70 ms]
 2473.554: [G1Ergonomics (CSet Construction) finish choosing CSet, eden: 1638 regions, survivors: 15 regions, old: 0 regions, predicted pause time: 42.60 ms, target pause time: 100.00 ms]
, 0.0334720 secs]
   [Parallel Time: 19.8 ms, GC Workers: 18]
      [GC Worker Start (ms): Min: 2473553.7, Avg: 2473553.9, Max: 2473554.0, Diff: 0.3]
      [Ext Root Scanning (ms): Min: 5.0, Avg: 6.5, Max: 9.3, Diff: 4.3, Sum: 117.4]
      [Update RS (ms): Min: 0.0, Avg: 1.5, Max: 3.4, Diff: 3.4, Sum: 26.4]
         [Processed Buffers: Min: 0, Avg: 7.9, Max: 35, Diff: 35, Sum: 142]
      [Scan RS (ms): Min: 0.4, Avg: 0.8, Max: 1.1, Diff: 0.7, Sum: 14.7]
      [Object Copy (ms): Min: 8.3, Avg: 9.5, Max: 10.3, Diff: 2.0, Sum: 171.0]
      [Termination (ms): Min: 0.0, Avg: 0.7, Max: 0.8, Diff: 0.8, Sum: 13.4]
      [GC Worker Other (ms): Min: 0.0, Avg: 0.2, Max: 0.4, Diff: 0.3, Sum: 3.7]
      [GC Worker Total (ms): Min: 19.0, Avg: 19.3, Max: 19.5, Diff: 0.5, Sum: 346.5]
      [GC Worker End (ms): Min: 2473573.0, Avg: 2473573.1, Max: 2473573.3, Diff: 0.4]
   [Code Root Fixup: 0.0 ms]
   [Clear CT: 1.8 ms]
   [Other: 11.9 ms]
      [Choose CSet: 0.0 ms]
      [Ref Proc: 5.7 ms]
      [Ref Enq: 0.7 ms]
      [Free CSet: 4.8 ms]
   [Eden: 1638.0M(1638.0M)->0.0B(1628.0M) Survivors: 15.0M->20.0M Heap: 1958.1M(2252.0M)->324.7M(2252.0M)]
 [Times: user=0.40 sys=0.01, real=0.03 secs] 

 Concurrent RS processed 1451271 cards
  Of 45611 completed buffers:
        45611 (100.0%) by conc RS threads.
            0 (  0.0%) by mutator threads.
  Conc RS threads times(s)
          0.00     0.00     0.00     0.00     0.00     0.00     0.00     0.00     0.00     0.00     0.00     0.00     0.00     0.00     0.00     0.00     0.00     0.00     0.00
  Total heap region rem set sizes = 6403K.  Max = 31K.
  Static structures = 369K, free_lists = 206K.
    317790 occupied cards represented.
    Max size region = 10:(O)[0x0000000763e00000,0x0000000763efff98,0x0000000763f00000], size = 32K, occupied = 47K.
    Did 1280 coarsenings.
2014-08-01T09:37:39.589-0500: 2480.032: [GC pause (young) 2480.033: [G1Ergonomics (CSet Construction) start choosing CSet, _pending_cards: 5387, predicted base time: 19.33 ms, remaining time: 80.67 ms, target pause time: 100.00 ms]
 2480.033: [G1Ergonomics (CSet Construction) add young regions to CSet, eden: 1628 regions, survivors: 20 regions, predicted young region time: 12.85 ms]
 2480.033: [G1Ergonomics (CSet Construction) finish choosing CSet, eden: 1628 regions, survivors: 20 regions, old: 0 regions, predicted pause time: 32.18 ms, target pause time: 100.00 ms]
, 0.0333040 secs]
   [Parallel Time: 17.6 ms, GC Workers: 18]
      [GC Worker Start (ms): Min: 2480032.9, Avg: 2480033.0, Max: 2480033.2, Diff: 0.3]
      [Ext Root Scanning (ms): Min: 4.8, Avg: 6.9, Max: 11.2, Diff: 6.4, Sum: 124.0]
      [Update RS (ms): Min: 0.0, Avg: 1.3, Max: 2.8, Diff: 2.8, Sum: 22.6]
         [Processed Buffers: Min: 0, Avg: 7.7, Max: 21, Diff: 21, Sum: 139]
      [Scan RS (ms): Min: 0.2, Avg: 0.8, Max: 1.0, Diff: 0.7, Sum: 14.7]
      [Object Copy (ms): Min: 5.1, Avg: 7.7, Max: 9.8, Diff: 4.7, Sum: 139.3]
      [Termination (ms): Min: 0.0, Avg: 0.1, Max: 0.1, Diff: 0.1, Sum: 1.2]
      [GC Worker Other (ms): Min: 0.0, Avg: 0.2, Max: 0.4, Diff: 0.4, Sum: 4.2]
      [GC Worker Total (ms): Min: 16.7, Avg: 17.0, Max: 17.3, Diff: 0.7, Sum: 305.9]
      [GC Worker End (ms): Min: 2480049.8, Avg: 2480050.0, Max: 2480050.2, Diff: 0.4]
   [Code Root Fixup: 0.0 ms]
   [Clear CT: 2.7 ms]
   [Other: 13.0 ms]
      [Choose CSet: 0.0 ms]
      [Ref Proc: 7.0 ms]
      [Ref Enq: 0.4 ms]
      [Free CSet: 4.8 ms]
   [Eden: 1628.0M(1628.0M)->0.0B(1634.0M) Survivors: 20.0M->17.0M Heap: 1952.7M(2252.0M)->321.6M(2252.0M)]
 [Times: user=0.35 sys=0.01, real=0.03 secs] 

 Concurrent RS processed 1453387 cards
  Of 45750 completed buffers:
        45750 (100.0%) by conc RS threads.
            0 (  0.0%) by mutator threads.
  Conc RS threads times(s)
          0.00     0.00     0.00     0.00     0.00     0.00     0.00     0.00     0.00     0.00     0.00     0.00     0.00     0.00     0.00     0.00     0.00     0.00     0.00
  Total heap region rem set sizes = 6403K.  Max = 31K.
  Static structures = 369K, free_lists = 206K.
    318072 occupied cards represented.
    Max size region = 10:(O)[0x0000000763e00000,0x0000000763efff98,0x0000000763f00000], size = 32K, occupied = 47K.
    Did 1280 coarsenings.
2014-08-01T09:37:46.075-0500: 2486.518: [GC pause (young) 2486.518: [G1Ergonomics (CSet Construction) start choosing CSet, _pending_cards: 5335, predicted base time: 19.60 ms, remaining time: 80.40 ms, target pause time: 100.00 ms]
 2486.518: [G1Ergonomics (CSet Construction) add young regions to CSet, eden: 1634 regions, survivors: 17 regions, predicted young region time: 16.53 ms]
 2486.518: [G1Ergonomics (CSet Construction) finish choosing CSet, eden: 1634 regions, survivors: 17 regions, old: 0 regions, predicted pause time: 36.13 ms, target pause time: 100.00 ms]
, 0.0391990 secs]
   [Parallel Time: 25.5 ms, GC Workers: 18]
      [GC Worker Start (ms): Min: 2486518.6, Avg: 2486518.7, Max: 2486518.9, Diff: 0.3]
      [Ext Root Scanning (ms): Min: 6.0, Avg: 8.1, Max: 13.7, Diff: 7.7, Sum: 146.1]
      [Update RS (ms): Min: 0.0, Avg: 1.6, Max: 5.0, Diff: 4.9, Sum: 29.0]
         [Processed Buffers: Min: 0, Avg: 7.6, Max: 29, Diff: 29, Sum: 137]
      [Scan RS (ms): Min: 0.2, Avg: 0.8, Max: 1.0, Diff: 0.8, Sum: 14.0]
      [Object Copy (ms): Min: 10.7, Avg: 14.0, Max: 15.0, Diff: 4.3, Sum: 252.1]
      [Termination (ms): Min: 0.0, Avg: 0.3, Max: 0.4, Diff: 0.4, Sum: 6.2]
      [GC Worker Other (ms): Min: 0.1, Avg: 0.2, Max: 0.4, Diff: 0.4, Sum: 4.3]
      [GC Worker Total (ms): Min: 24.8, Avg: 25.1, Max: 25.3, Diff: 0.6, Sum: 451.7]
      [GC Worker End (ms): Min: 2486543.6, Avg: 2486543.8, Max: 2486544.0, Diff: 0.4]
   [Code Root Fixup: 0.0 ms]
   [Clear CT: 2.0 ms]
   [Other: 11.7 ms]
      [Choose CSet: 0.0 ms]
      [Ref Proc: 5.9 ms]
      [Ref Enq: 0.4 ms]
      [Free CSet: 4.7 ms]
   [Eden: 1634.0M(1634.0M)->0.0B(1645.0M) Survivors: 17.0M->11.0M Heap: 1955.6M(2252.0M)->316.2M(2252.0M)]
 [Times: user=0.49 sys=0.00, real=0.04 secs] 

 Concurrent RS processed 1455556 cards
  Of 45887 completed buffers:
        45887 (100.0%) by conc RS threads.
            0 (  0.0%) by mutator threads.
  Conc RS threads times(s)
          0.00     0.00     0.00     0.00     0.00     0.00     0.00     0.00     0.00     0.00     0.00     0.00     0.00     0.00     0.00     0.00     0.00     0.00     0.00
  Total heap region rem set sizes = 6403K.  Max = 31K.
  Static structures = 369K, free_lists = 205K.
    318508 occupied cards represented.
    Max size region = 10:(O)[0x0000000763e00000,0x0000000763efff98,0x0000000763f00000], size = 32K, occupied = 47K.
    Did 1280 coarsenings.
2014-08-01T09:37:52.820-0500: 2493.263: [GC pause (young) 2493.264: [G1Ergonomics (CSet Construction) start choosing CSet, _pending_cards: 5423, predicted base time: 19.67 ms, remaining time: 80.33 ms, target pause time: 100.00 ms]
 2493.264: [G1Ergonomics (CSet Construction) add young regions to CSet, eden: 1645 regions, survivors: 11 regions, predicted young region time: 13.32 ms]
 2493.264: [G1Ergonomics (CSet Construction) finish choosing CSet, eden: 1645 regions, survivors: 11 regions, old: 0 regions, predicted pause time: 32.99 ms, target pause time: 100.00 ms]
, 0.0336580 secs]
   [Parallel Time: 19.0 ms, GC Workers: 18]
      [GC Worker Start (ms): Min: 2493263.8, Avg: 2493263.9, Max: 2493264.1, Diff: 0.4]
      [Ext Root Scanning (ms): Min: 5.9, Avg: 6.8, Max: 10.3, Diff: 4.5, Sum: 122.3]
      [Update RS (ms): Min: 0.0, Avg: 1.4, Max: 2.8, Diff: 2.8, Sum: 26.0]
         [Processed Buffers: Min: 0, Avg: 7.6, Max: 39, Diff: 39, Sum: 137]
      [Scan RS (ms): Min: 0.2, Avg: 0.6, Max: 0.9, Diff: 0.7, Sum: 11.7]
      [Object Copy (ms): Min: 7.8, Avg: 9.3, Max: 9.9, Diff: 2.0, Sum: 167.9]
      [Termination (ms): Min: 0.0, Avg: 0.1, Max: 0.1, Diff: 0.1, Sum: 1.7]
      [GC Worker Other (ms): Min: 0.0, Avg: 0.3, Max: 0.4, Diff: 0.4, Sum: 4.5]
      [GC Worker Total (ms): Min: 18.3, Avg: 18.6, Max: 18.8, Diff: 0.5, Sum: 334.1]
      [GC Worker End (ms): Min: 2493282.3, Avg: 2493282.5, Max: 2493282.7, Diff: 0.4]
   [Code Root Fixup: 0.0 ms]
   [Clear CT: 1.8 ms]
   [Other: 12.9 ms]
      [Choose CSet: 0.0 ms]
      [Ref Proc: 6.3 ms]
      [Ref Enq: 0.5 ms]
      [Free CSet: 5.4 ms]
   [Eden: 1645.0M(1645.0M)->0.0B(1643.0M) Survivors: 11.0M->12.0M Heap: 1961.2M(2252.0M)->317.2M(2252.0M)]
 [Times: user=0.40 sys=0.01, real=0.03 secs] 

 Concurrent RS processed 1457798 cards
  Of 46024 completed buffers:
        46024 (100.0%) by conc RS threads.
            0 (  0.0%) by mutator threads.
  Conc RS threads times(s)
          0.00     0.00     0.00     0.00     0.00     0.00     0.00     0.00     0.00     0.00     0.00     0.00     0.00     0.00     0.00     0.00     0.00     0.00     0.00
  Total heap region rem set sizes = 6408K.  Max = 31K.
  Static structures = 369K, free_lists = 204K.
    318967 occupied cards represented.
    Max size region = 10:(O)[0x0000000763e00000,0x0000000763efff98,0x0000000763f00000], size = 32K, occupied = 47K.
    Did 1280 coarsenings.
2014-08-01T09:37:59.706-0500: 2500.149: [GC pause (young) 2500.150: [G1Ergonomics (CSet Construction) start choosing CSet, _pending_cards: 5392, predicted base time: 19.30 ms, remaining time: 80.70 ms, target pause time: 100.00 ms]
 2500.150: [G1Ergonomics (CSet Construction) add young regions to CSet, eden: 1643 regions, survivors: 12 regions, predicted young region time: 12.72 ms]
 2500.150: [G1Ergonomics (CSet Construction) finish choosing CSet, eden: 1643 regions, survivors: 12 regions, old: 0 regions, predicted pause time: 32.02 ms, target pause time: 100.00 ms]
, 0.0315250 secs]
   [Parallel Time: 17.8 ms, GC Workers: 18]
      [GC Worker Start (ms): Min: 2500149.8, Avg: 2500149.9, Max: 2500150.1, Diff: 0.3]
      [Ext Root Scanning (ms): Min: 5.5, Avg: 6.8, Max: 9.1, Diff: 3.6, Sum: 122.8]
      [Update RS (ms): Min: 0.1, Avg: 1.5, Max: 3.3, Diff: 3.2, Sum: 27.7]
         [Processed Buffers: Min: 1, Avg: 7.8, Max: 24, Diff: 23, Sum: 141]
      [Scan RS (ms): Min: 0.2, Avg: 0.8, Max: 1.0, Diff: 0.8, Sum: 15.0]
      [Object Copy (ms): Min: 6.9, Avg: 7.9, Max: 8.3, Diff: 1.4, Sum: 143.0]
      [Termination (ms): Min: 0.0, Avg: 0.0, Max: 0.1, Diff: 0.1, Sum: 0.7]
      [GC Worker Other (ms): Min: 0.0, Avg: 0.2, Max: 0.4, Diff: 0.3, Sum: 3.7]
      [GC Worker Total (ms): Min: 17.1, Avg: 17.4, Max: 17.6, Diff: 0.5, Sum: 313.0]
      [GC Worker End (ms): Min: 2500167.2, Avg: 2500167.3, Max: 2500167.5, Diff: 0.3]
   [Code Root Fixup: 0.0 ms]
   [Clear CT: 1.7 ms]
   [Other: 12.0 ms]
      [Choose CSet: 0.0 ms]
      [Ref Proc: 5.9 ms]
      [Ref Enq: 0.5 ms]
      [Free CSet: 5.0 ms]
   [Eden: 1643.0M(1643.0M)->0.0B(1621.0M) Survivors: 12.0M->23.0M Heap: 1960.2M(2252.0M)->328.3M(2252.0M)]
 [Times: user=0.35 sys=0.01, real=0.03 secs] 

 Concurrent RS processed 1460001 cards
  Of 46165 completed buffers:
        46165 (100.0%) by conc RS threads.
            0 (  0.0%) by mutator threads.
  Conc RS threads times(s)
          0.00     0.00     0.00     0.00     0.00     0.00     0.00     0.00     0.00     0.00     0.00     0.00     0.00     0.00     0.00     0.00     0.00     0.00     0.00
  Total heap region rem set sizes = 6412K.  Max = 31K.
  Static structures = 369K, free_lists = 202K.
    319522 occupied cards represented.
    Max size region = 10:(O)[0x0000000763e00000,0x0000000763efff98,0x0000000763f00000], size = 32K, occupied = 47K.
    Did 1280 coarsenings.
2014-08-01T09:38:06.048-0500: 2506.491: [GC pause (young) 2506.492: [G1Ergonomics (CSet Construction) start choosing CSet, _pending_cards: 5359, predicted base time: 18.92 ms, remaining time: 81.08 ms, target pause time: 100.00 ms]
 2506.492: [G1Ergonomics (CSet Construction) add young regions to CSet, eden: 1621 regions, survivors: 23 regions, predicted young region time: 14.52 ms]
 2506.492: [G1Ergonomics (CSet Construction) finish choosing CSet, eden: 1621 regions, survivors: 23 regions, old: 0 regions, predicted pause time: 33.44 ms, target pause time: 100.00 ms]
, 0.0392750 secs]
   [Parallel Time: 20.7 ms, GC Workers: 18]
      [GC Worker Start (ms): Min: 2506491.8, Avg: 2506491.9, Max: 2506492.1, Diff: 0.3]
      [Ext Root Scanning (ms): Min: 6.0, Avg: 6.6, Max: 9.2, Diff: 3.3, Sum: 118.4]
      [Update RS (ms): Min: 0.0, Avg: 1.2, Max: 2.1, Diff: 2.0, Sum: 22.3]
         [Processed Buffers: Min: 0, Avg: 7.6, Max: 26, Diff: 26, Sum: 137]
      [Scan RS (ms): Min: 0.2, Avg: 0.8, Max: 0.9, Diff: 0.7, Sum: 14.2]
      [Object Copy (ms): Min: 7.3, Avg: 8.5, Max: 10.3, Diff: 3.0, Sum: 153.8]
      [Termination (ms): Min: 0.0, Avg: 1.9, Max: 2.1, Diff: 2.1, Sum: 34.0]
      [GC Worker Other (ms): Min: 0.0, Avg: 0.6, Max: 1.3, Diff: 1.2, Sum: 11.3]
      [GC Worker Total (ms): Min: 19.0, Avg: 19.7, Max: 20.4, Diff: 1.4, Sum: 354.1]
      [GC Worker End (ms): Min: 2506511.0, Avg: 2506511.6, Max: 2506512.2, Diff: 1.2]
   [Code Root Fixup: 0.0 ms]
   [Clear CT: 2.0 ms]
   [Other: 16.6 ms]
      [Choose CSet: 0.0 ms]
      [Ref Proc: 10.2 ms]
      [Ref Enq: 0.6 ms]
      [Free CSet: 4.8 ms]
   [Eden: 1621.0M(1621.0M)->0.0B(1631.0M) Survivors: 23.0M->18.0M Heap: 1949.3M(2252.0M)->323.1M(2252.0M)]
 [Times: user=0.43 sys=0.01, real=0.04 secs] 

 Concurrent RS processed 1462168 cards
  Of 46302 completed buffers:
        46302 (100.0%) by conc RS threads.
            0 (  0.0%) by mutator threads.
  Conc RS threads times(s)
          0.00     0.00     0.00     0.00     0.00     0.00     0.00     0.00     0.00     0.00     0.00     0.00     0.00     0.00     0.00     0.00     0.00     0.00     0.00
  Total heap region rem set sizes = 6413K.  Max = 31K.
  Static structures = 369K, free_lists = 202K.
    319994 occupied cards represented.
    Max size region = 10:(O)[0x0000000763e00000,0x0000000763efff98,0x0000000763f00000], size = 32K, occupied = 47K.
    Did 1280 coarsenings.
2014-08-01T09:38:12.620-0500: 2513.063: [GC pause (young) 2513.063: [G1Ergonomics (CSet Construction) start choosing CSet, _pending_cards: 5365, predicted base time: 20.87 ms, remaining time: 79.13 ms, target pause time: 100.00 ms]
 2513.063: [G1Ergonomics (CSet Construction) add young regions to CSet, eden: 1631 regions, survivors: 18 regions, predicted young region time: 24.53 ms]
 2513.063: [G1Ergonomics (CSet Construction) finish choosing CSet, eden: 1631 regions, survivors: 18 regions, old: 0 regions, predicted pause time: 45.40 ms, target pause time: 100.00 ms]
, 0.0267190 secs]
   [Parallel Time: 12.7 ms, GC Workers: 18]
      [GC Worker Start (ms): Min: 2513063.4, Avg: 2513063.6, Max: 2513063.8, Diff: 0.3]
      [Ext Root Scanning (ms): Min: 3.9, Avg: 5.8, Max: 8.2, Diff: 4.4, Sum: 103.6]
      [Update RS (ms): Min: 0.0, Avg: 0.7, Max: 2.4, Diff: 2.4, Sum: 12.9]
         [Processed Buffers: Min: 0, Avg: 7.8, Max: 38, Diff: 38, Sum: 141]
      [Scan RS (ms): Min: 0.2, Avg: 0.6, Max: 4.0, Diff: 3.8, Sum: 11.5]
      [Object Copy (ms): Min: 1.3, Avg: 4.6, Max: 5.2, Diff: 3.9, Sum: 81.9]
      [Termination (ms): Min: 0.0, Avg: 0.3, Max: 0.4, Diff: 0.4, Sum: 5.0]
      [GC Worker Other (ms): Min: 0.0, Avg: 0.3, Max: 0.6, Diff: 0.5, Sum: 4.7]
      [GC Worker Total (ms): Min: 11.8, Avg: 12.2, Max: 12.6, Diff: 0.8, Sum: 219.6]
      [GC Worker End (ms): Min: 2513075.6, Avg: 2513075.8, Max: 2513076.1, Diff: 0.5]
   [Code Root Fixup: 0.0 ms]
   [Clear CT: 1.5 ms]
   [Other: 12.5 ms]
      [Choose CSet: 0.0 ms]
      [Ref Proc: 6.9 ms]
      [Ref Enq: 0.4 ms]
      [Free CSet: 4.6 ms]
   [Eden: 1631.0M(1631.0M)->0.0B(1641.0M) Survivors: 18.0M->13.0M Heap: 1954.1M(2252.0M)->318.3M(2252.0M)]
 [Times: user=0.26 sys=0.00, real=0.03 secs] 

 Concurrent RS processed 1464422 cards
  Of 46443 completed buffers:
        46443 (100.0%) by conc RS threads.
            0 (  0.0%) by mutator threads.
  Conc RS threads times(s)
          0.00     0.00     0.00     0.00     0.00     0.00     0.00     0.00     0.00     0.00     0.00     0.00     0.00     0.00     0.00     0.00     0.00     0.00     0.00
  Total heap region rem set sizes = 6413K.  Max = 31K.
  Static structures = 369K, free_lists = 202K.
    320343 occupied cards represented.
    Max size region = 10:(O)[0x0000000763e00000,0x0000000763efff98,0x0000000763f00000], size = 32K, occupied = 47K.
    Did 1280 coarsenings.
2014-08-01T09:38:19.570-0500: 2520.014: [GC pause (young) 2520.014: [G1Ergonomics (CSet Construction) start choosing CSet, _pending_cards: 5879, predicted base time: 20.03 ms, remaining time: 79.97 ms, target pause time: 100.00 ms]
 2520.014: [G1Ergonomics (CSet Construction) add young regions to CSet, eden: 1641 regions, survivors: 13 regions, predicted young region time: 17.81 ms]
 2520.014: [G1Ergonomics (CSet Construction) finish choosing CSet, eden: 1641 regions, survivors: 13 regions, old: 0 regions, predicted pause time: 37.85 ms, target pause time: 100.00 ms]
, 0.0542660 secs]
   [Parallel Time: 27.6 ms, GC Workers: 18]
      [GC Worker Start (ms): Min: 2520014.3, Avg: 2520021.3, Max: 2520022.9, Diff: 8.6]
      [Ext Root Scanning (ms): Min: 4.8, Avg: 6.5, Max: 16.4, Diff: 11.6, Sum: 116.5]
      [Update RS (ms): Min: 0.0, Avg: 1.8, Max: 8.1, Diff: 8.1, Sum: 32.6]
         [Processed Buffers: Min: 0, Avg: 7.9, Max: 26, Diff: 26, Sum: 142]
      [Scan RS (ms): Min: 0.2, Avg: 0.8, Max: 1.2, Diff: 0.9, Sum: 13.6]
      [Object Copy (ms): Min: 5.8, Avg: 10.4, Max: 17.8, Diff: 12.0, Sum: 187.2]
      [Termination (ms): Min: 0.0, Avg: 0.4, Max: 0.5, Diff: 0.5, Sum: 7.8]
      [GC Worker Other (ms): Min: 0.0, Avg: 0.2, Max: 0.4, Diff: 0.4, Sum: 4.2]
      [GC Worker Total (ms): Min: 18.3, Avg: 20.1, Max: 27.1, Diff: 8.8, Sum: 361.9]
      [GC Worker End (ms): Min: 2520041.2, Avg: 2520041.4, Max: 2520041.6, Diff: 0.4]
   [Code Root Fixup: 0.0 ms]
   [Clear CT: 1.9 ms]
   [Other: 24.8 ms]
      [Choose CSet: 0.0 ms]
      [Ref Proc: 18.5 ms]
      [Ref Enq: 0.6 ms]
      [Free CSet: 4.9 ms]
   [Eden: 1641.0M(1641.0M)->0.0B(1643.0M) Survivors: 13.0M->12.0M Heap: 1959.3M(2252.0M)->317.5M(2252.0M)]
 [Times: user=0.48 sys=0.01, real=0.06 secs] 

 Concurrent RS processed 1466595 cards
  Of 46585 completed buffers:
        46585 (100.0%) by conc RS threads.
            0 (  0.0%) by mutator threads.
  Conc RS threads times(s)
          0.00     0.00     0.00     0.00     0.00     0.00     0.00     0.00     0.00     0.00     0.00     0.00     0.00     0.00     0.00     0.00     0.00     0.00     0.00
  Total heap region rem set sizes = 6414K.  Max = 31K.
  Static structures = 369K, free_lists = 202K.
    320797 occupied cards represented.
    Max size region = 10:(O)[0x0000000763e00000,0x0000000763efff98,0x0000000763f00000], size = 32K, occupied = 47K.
    Did 1280 coarsenings.
2014-08-01T09:38:26.244-0500: 2526.687: [GC pause (young) 2526.687: [G1Ergonomics (CSet Construction) start choosing CSet, _pending_cards: 5102, predicted base time: 27.98 ms, remaining time: 72.02 ms, target pause time: 100.00 ms]
 2526.688: [G1Ergonomics (CSet Construction) add young regions to CSet, eden: 1643 regions, survivors: 12 regions, predicted young region time: 23.22 ms]
 2526.688: [G1Ergonomics (CSet Construction) finish choosing CSet, eden: 1643 regions, survivors: 12 regions, old: 0 regions, predicted pause time: 51.20 ms, target pause time: 100.00 ms]
, 0.0445710 secs]
   [Parallel Time: 22.1 ms, GC Workers: 18]
      [GC Worker Start (ms): Min: 2526687.7, Avg: 2526687.9, Max: 2526688.1, Diff: 0.3]
      [Ext Root Scanning (ms): Min: 5.5, Avg: 6.7, Max: 11.6, Diff: 6.1, Sum: 120.6]
      [Update RS (ms): Min: 0.0, Avg: 1.4, Max: 2.9, Diff: 2.9, Sum: 25.8]
         [Processed Buffers: Min: 0, Avg: 7.7, Max: 21, Diff: 21, Sum: 139]
      [Scan RS (ms): Min: 0.2, Avg: 0.8, Max: 1.0, Diff: 0.7, Sum: 14.0]
      [Object Copy (ms): Min: 8.4, Avg: 11.4, Max: 12.0, Diff: 3.6, Sum: 205.3]
      [Termination (ms): Min: 0.2, Avg: 0.9, Max: 1.4, Diff: 1.2, Sum: 15.7]
      [GC Worker Other (ms): Min: 0.0, Avg: 0.4, Max: 0.7, Diff: 0.6, Sum: 6.3]
      [GC Worker Total (ms): Min: 21.1, Avg: 21.5, Max: 21.9, Diff: 0.8, Sum: 387.7]
      [GC Worker End (ms): Min: 2526709.1, Avg: 2526709.5, Max: 2526709.8, Diff: 0.7]
   [Code Root Fixup: 0.0 ms]
   [Clear CT: 4.3 ms]
   [Other: 18.1 ms]
      [Choose CSet: 0.0 ms]
      [Ref Proc: 10.8 ms]
      [Ref Enq: 0.4 ms]
      [Free CSet: 6.1 ms]
   [Eden: 1643.0M(1643.0M)->0.0B(1621.0M) Survivors: 12.0M->23.0M Heap: 1960.5M(2252.0M)->328.2M(2252.0M)]
 [Times: user=0.49 sys=0.01, real=0.04 secs] 

 Concurrent RS processed 1468780 cards
  Of 46724 completed buffers:
        46724 (100.0%) by conc RS threads.
            0 (  0.0%) by mutator threads.
  Conc RS threads times(s)
          0.00     0.00     0.00     0.00     0.00     0.00     0.00     0.00     0.00     0.00     0.00     0.00     0.00     0.00     0.00     0.00     0.00     0.00     0.00
  Total heap region rem set sizes = 6414K.  Max = 31K.
  Static structures = 369K, free_lists = 202K.
    321142 occupied cards represented.
    Max size region = 10:(O)[0x0000000763e00000,0x0000000763efff98,0x0000000763f00000], size = 32K, occupied = 47K.
    Did 1280 coarsenings.
2014-08-01T09:38:32.728-0500: 2533.171: [GC pause (young) 2533.171: [G1Ergonomics (CSet Construction) start choosing CSet, _pending_cards: 5927, predicted base time: 27.92 ms, remaining time: 72.08 ms, target pause time: 100.00 ms]
 2533.171: [G1Ergonomics (CSet Construction) add young regions to CSet, eden: 1621 regions, survivors: 23 regions, predicted young region time: 13.95 ms]
 2533.171: [G1Ergonomics (CSet Construction) finish choosing CSet, eden: 1621 regions, survivors: 23 regions, old: 0 regions, predicted pause time: 41.86 ms, target pause time: 100.00 ms]
, 0.0410400 secs]
   [Parallel Time: 18.8 ms, GC Workers: 18]
      [GC Worker Start (ms): Min: 2533171.3, Avg: 2533171.5, Max: 2533171.7, Diff: 0.3]
      [Ext Root Scanning (ms): Min: 5.7, Avg: 7.0, Max: 11.7, Diff: 6.0, Sum: 126.4]
      [Update RS (ms): Min: 0.0, Avg: 1.4, Max: 2.6, Diff: 2.6, Sum: 26.1]
         [Processed Buffers: Min: 0, Avg: 8.2, Max: 30, Diff: 30, Sum: 148]
      [Scan RS (ms): Min: 0.2, Avg: 0.8, Max: 1.0, Diff: 0.8, Sum: 13.8]
      [Object Copy (ms): Min: 6.2, Avg: 8.8, Max: 9.2, Diff: 3.0, Sum: 157.9]
      [Termination (ms): Min: 0.0, Avg: 0.1, Max: 0.2, Diff: 0.2, Sum: 2.3]
      [GC Worker Other (ms): Min: 0.0, Avg: 0.2, Max: 0.4, Diff: 0.4, Sum: 4.3]
      [GC Worker Total (ms): Min: 18.0, Avg: 18.4, Max: 18.7, Diff: 0.7, Sum: 330.7]
      [GC Worker End (ms): Min: 2533189.7, Avg: 2533189.9, Max: 2533190.1, Diff: 0.4]
   [Code Root Fixup: 0.0 ms]
   [Clear CT: 2.1 ms]
   [Other: 20.2 ms]
      [Choose CSet: 0.0 ms]
      [Ref Proc: 14.8 ms]
      [Ref Enq: 0.4 ms]
      [Free CSet: 4.4 ms]
   [Eden: 1621.0M(1621.0M)->0.0B(1639.0M) Survivors: 23.0M->14.0M Heap: 1949.2M(2252.0M)->319.9M(2252.0M)]
 [Times: user=0.41 sys=0.01, real=0.04 secs] 

 Concurrent RS processed 1471052 cards
  Of 46872 completed buffers:
        46872 (100.0%) by conc RS threads.
            0 (  0.0%) by mutator threads.
  Conc RS threads times(s)
          0.00     0.00     0.00     0.00     0.00     0.00     0.00     0.00     0.00     0.00     0.00     0.00     0.00     0.00     0.00     0.00     0.00     0.00     0.00
  Total heap region rem set sizes = 6415K.  Max = 31K.
  Static structures = 369K, free_lists = 202K.
    321514 occupied cards represented.
    Max size region = 10:(O)[0x0000000763e00000,0x0000000763efff98,0x0000000763f00000], size = 32K, occupied = 47K.
    Did 1280 coarsenings.
2014-08-01T09:38:39.400-0500: 2539.843: [GC pause (young) 2539.844: [G1Ergonomics (CSet Construction) start choosing CSet, _pending_cards: 5870, predicted base time: 28.04 ms, remaining time: 71.96 ms, target pause time: 100.00 ms]
 2539.844: [G1Ergonomics (CSet Construction) add young regions to CSet, eden: 1639 regions, survivors: 14 regions, predicted young region time: 18.21 ms]
 2539.844: [G1Ergonomics (CSet Construction) finish choosing CSet, eden: 1639 regions, survivors: 14 regions, old: 0 regions, predicted pause time: 46.25 ms, target pause time: 100.00 ms]
, 0.0372140 secs]
   [Parallel Time: 22.3 ms, GC Workers: 18]
      [GC Worker Start (ms): Min: 2539843.8, Avg: 2539844.0, Max: 2539844.1, Diff: 0.3]
      [Ext Root Scanning (ms): Min: 6.6, Avg: 9.0, Max: 14.0, Diff: 7.5, Sum: 161.8]
      [Update RS (ms): Min: 0.0, Avg: 1.3, Max: 3.1, Diff: 3.1, Sum: 23.3]
         [Processed Buffers: Min: 0, Avg: 7.8, Max: 22, Diff: 22, Sum: 140]
      [Scan RS (ms): Min: 0.2, Avg: 0.8, Max: 1.0, Diff: 0.8, Sum: 14.6]
      [Object Copy (ms): Min: 7.3, Avg: 10.3, Max: 11.2, Diff: 3.9, Sum: 186.0]
      [Termination (ms): Min: 0.0, Avg: 0.1, Max: 0.1, Diff: 0.1, Sum: 1.3]
      [GC Worker Other (ms): Min: 0.0, Avg: 0.2, Max: 0.4, Diff: 0.4, Sum: 3.9]
      [GC Worker Total (ms): Min: 21.5, Avg: 21.7, Max: 21.9, Diff: 0.5, Sum: 390.9]
      [GC Worker End (ms): Min: 2539865.5, Avg: 2539865.7, Max: 2539865.9, Diff: 0.4]
   [Code Root Fixup: 0.0 ms]
   [Clear CT: 1.9 ms]
   [Other: 13.0 ms]
      [Choose CSet: 0.0 ms]
      [Ref Proc: 6.4 ms]
      [Ref Enq: 0.4 ms]
      [Free CSet: 5.6 ms]
   [Eden: 1639.0M(1639.0M)->0.0B(1627.0M) Survivors: 14.0M->20.0M Heap: 1958.9M(2252.0M)->325.4M(2252.0M)]
 [Times: user=0.42 sys=0.00, real=0.04 secs] 

 Concurrent RS processed 1473313 cards
  Of 47012 completed buffers:
        47012 (100.0%) by conc RS threads.
            0 (  0.0%) by mutator threads.
  Conc RS threads times(s)
          0.00     0.00     0.00     0.00     0.00     0.00     0.00     0.00     0.00     0.00     0.00     0.00     0.00     0.00     0.00     0.00     0.00     0.00     0.00
  Total heap region rem set sizes = 6415K.  Max = 31K.
  Static structures = 369K, free_lists = 202K.
    322053 occupied cards represented.
    Max size region = 10:(O)[0x0000000763e00000,0x0000000763efff98,0x0000000763f00000], size = 32K, occupied = 47K.
    Did 1280 coarsenings.
2014-08-01T09:38:46.103-0500: 2546.546: [GC pause (young) 2546.547: [G1Ergonomics (CSet Construction) start choosing CSet, _pending_cards: 5664, predicted base time: 26.21 ms, remaining time: 73.79 ms, target pause time: 100.00 ms]
 2546.547: [G1Ergonomics (CSet Construction) add young regions to CSet, eden: 1627 regions, survivors: 20 regions, predicted young region time: 17.74 ms]
 2546.547: [G1Ergonomics (CSet Construction) finish choosing CSet, eden: 1627 regions, survivors: 20 regions, old: 0 regions, predicted pause time: 43.96 ms, target pause time: 100.00 ms]
, 0.0375400 secs]
   [Parallel Time: 22.9 ms, GC Workers: 18]
      [GC Worker Start (ms): Min: 2546546.8, Avg: 2546546.9, Max: 2546547.1, Diff: 0.3]
      [Ext Root Scanning (ms): Min: 5.7, Avg: 6.9, Max: 10.5, Diff: 4.8, Sum: 123.4]
      [Update RS (ms): Min: 0.0, Avg: 1.5, Max: 2.5, Diff: 2.5, Sum: 26.3]
         [Processed Buffers: Min: 0, Avg: 7.8, Max: 27, Diff: 27, Sum: 141]
      [Scan RS (ms): Min: 0.2, Avg: 0.8, Max: 1.0, Diff: 0.8, Sum: 14.1]
      [Object Copy (ms): Min: 6.4, Avg: 7.7, Max: 11.2, Diff: 4.8, Sum: 138.1]
      [Termination (ms): Min: 0.0, Avg: 5.1, Max: 5.4, Diff: 5.4, Sum: 91.4]
      [GC Worker Other (ms): Min: 0.0, Avg: 0.2, Max: 0.4, Diff: 0.3, Sum: 3.2]
      [GC Worker Total (ms): Min: 21.8, Avg: 22.0, Max: 22.3, Diff: 0.5, Sum: 396.4]
      [GC Worker End (ms): Min: 2546568.8, Avg: 2546568.9, Max: 2546569.1, Diff: 0.3]
   [Code Root Fixup: 0.0 ms]
   [Clear CT: 1.7 ms]
   [Other: 12.9 ms]
      [Choose CSet: 0.1 ms]
      [Ref Proc: 7.0 ms]
      [Ref Enq: 0.5 ms]
      [Free CSet: 4.8 ms]
   [Eden: 1627.0M(1627.0M)->0.0B(1639.0M) Survivors: 20.0M->14.0M Heap: 1952.4M(2252.0M)->319.6M(2252.0M)]
 [Times: user=0.44 sys=0.01, real=0.04 secs] 

 Concurrent RS processed 1475614 cards
  Of 47153 completed buffers:
        47153 (100.0%) by conc RS threads.
            0 (  0.0%) by mutator threads.
  Conc RS threads times(s)
          0.00     0.00     0.00     0.00     0.00     0.00     0.00     0.00     0.00     0.00     0.00     0.00     0.00     0.00     0.00     0.00     0.00     0.00     0.00
  Total heap region rem set sizes = 6416K.  Max = 31K.
  Static structures = 369K, free_lists = 201K.
    322722 occupied cards represented.
    Max size region = 10:(O)[0x0000000763e00000,0x0000000763efff98,0x0000000763f00000], size = 32K, occupied = 47K.
    Did 1280 coarsenings.
2014-08-01T09:38:52.609-0500: 2553.052: [GC pause (young) 2553.053: [G1Ergonomics (CSet Construction) start choosing CSet, _pending_cards: 5366, predicted base time: 24.52 ms, remaining time: 75.48 ms, target pause time: 100.00 ms]
 2553.053: [G1Ergonomics (CSet Construction) add young regions to CSet, eden: 1639 regions, survivors: 14 regions, predicted young region time: 19.64 ms]
 2553.053: [G1Ergonomics (CSet Construction) finish choosing CSet, eden: 1639 regions, survivors: 14 regions, old: 0 regions, predicted pause time: 44.16 ms, target pause time: 100.00 ms]
, 0.0442580 secs]
   [Parallel Time: 26.6 ms, GC Workers: 18]
      [GC Worker Start (ms): Min: 2553052.8, Avg: 2553053.0, Max: 2553053.1, Diff: 0.3]
      [Ext Root Scanning (ms): Min: 6.0, Avg: 7.4, Max: 11.7, Diff: 5.7, Sum: 132.8]
      [Update RS (ms): Min: 0.0, Avg: 1.4, Max: 2.7, Diff: 2.7, Sum: 24.8]
         [Processed Buffers: Min: 0, Avg: 7.7, Max: 25, Diff: 25, Sum: 139]
      [Scan RS (ms): Min: 0.2, Avg: 0.8, Max: 1.0, Diff: 0.8, Sum: 14.0]
      [Object Copy (ms): Min: 7.9, Avg: 10.6, Max: 14.7, Diff: 6.8, Sum: 191.5]
      [Termination (ms): Min: 0.0, Avg: 4.7, Max: 5.0, Diff: 5.0, Sum: 85.1]
      [GC Worker Other (ms): Min: 0.0, Avg: 0.5, Max: 1.3, Diff: 1.3, Sum: 8.9]
      [GC Worker Total (ms): Min: 24.9, Avg: 25.4, Max: 26.2, Diff: 1.4, Sum: 457.1]
      [GC Worker End (ms): Min: 2553077.9, Avg: 2553078.4, Max: 2553079.2, Diff: 1.3]
   [Code Root Fixup: 0.0 ms]
   [Clear CT: 2.1 ms]
   [Other: 15.6 ms]
      [Choose CSet: 0.0 ms]
      [Ref Proc: 9.7 ms]
      [Ref Enq: 0.4 ms]
      [Free CSet: 4.8 ms]
   [Eden: 1639.0M(1639.0M)->0.0B(1639.0M) Survivors: 14.0M->14.0M Heap: 1958.6M(2252.0M)->319.8M(2252.0M)]
 [Times: user=0.52 sys=0.01, real=0.04 secs] 

 Concurrent RS processed 1477789 cards
  Of 47292 completed buffers:
        47292 (100.0%) by conc RS threads.
            0 (  0.0%) by mutator threads.
  Conc RS threads times(s)
          0.00     0.00     0.00     0.00     0.00     0.00     0.00     0.00     0.00     0.00     0.00     0.00     0.00     0.00     0.00     0.00     0.00     0.00     0.00
  Total heap region rem set sizes = 6416K.  Max = 31K.
  Static structures = 369K, free_lists = 201K.
    323125 occupied cards represented.
    Max size region = 10:(O)[0x0000000763e00000,0x0000000763efff98,0x0000000763f00000], size = 32K, occupied = 47K.
    Did 1280 coarsenings.
2014-08-01T09:38:58.759-0500: 2559.203: [GC pause (young) 2559.203: [G1Ergonomics (CSet Construction) start choosing CSet, _pending_cards: 5427, predicted base time: 24.43 ms, remaining time: 75.57 ms, target pause time: 100.00 ms]
 2559.203: [G1Ergonomics (CSet Construction) add young regions to CSet, eden: 1639 regions, survivors: 14 regions, predicted young region time: 30.36 ms]
 2559.203: [G1Ergonomics (CSet Construction) finish choosing CSet, eden: 1639 regions, survivors: 14 regions, old: 0 regions, predicted pause time: 54.79 ms, target pause time: 100.00 ms]
, 0.0385550 secs]
   [Parallel Time: 21.9 ms, GC Workers: 18]
      [GC Worker Start (ms): Min: 2559202.9, Avg: 2559203.1, Max: 2559203.3, Diff: 0.3]
      [Ext Root Scanning (ms): Min: 6.5, Avg: 7.6, Max: 10.3, Diff: 3.7, Sum: 136.1]
      [Update RS (ms): Min: 0.0, Avg: 1.4, Max: 2.7, Diff: 2.7, Sum: 25.3]
         [Processed Buffers: Min: 0, Avg: 7.7, Max: 27, Diff: 27, Sum: 139]
      [Scan RS (ms): Min: 0.2, Avg: 0.7, Max: 1.0, Diff: 0.8, Sum: 13.4]
      [Object Copy (ms): Min: 8.2, Avg: 9.4, Max: 11.2, Diff: 3.0, Sum: 169.9]
      [Termination (ms): Min: 0.0, Avg: 1.6, Max: 1.7, Diff: 1.7, Sum: 28.8]
      [GC Worker Other (ms): Min: 0.0, Avg: 0.2, Max: 0.3, Diff: 0.3, Sum: 2.9]
      [GC Worker Total (ms): Min: 20.6, Avg: 20.9, Max: 21.2, Diff: 0.6, Sum: 376.4]
      [GC Worker End (ms): Min: 2559223.9, Avg: 2559224.0, Max: 2559224.2, Diff: 0.3]
   [Code Root Fixup: 0.0 ms]
   [Clear CT: 2.2 ms]
   [Other: 14.4 ms]
      [Choose CSet: 0.0 ms]
      [Ref Proc: 8.0 ms]
      [Ref Enq: 0.7 ms]
      [Free CSet: 5.0 ms]
   [Eden: 1639.0M(1639.0M)->0.0B(1619.0M) Survivors: 14.0M->24.0M Heap: 1958.8M(2252.0M)->329.9M(2252.0M)]
 [Times: user=0.40 sys=0.01, real=0.04 secs] 

 Concurrent RS processed 1480016 cards
  Of 47431 completed buffers:
        47431 (100.0%) by conc RS threads.
            0 (  0.0%) by mutator threads.
  Conc RS threads times(s)
          0.00     0.00     0.00     0.00     0.00     0.00     0.00     0.00     0.00     0.00     0.00     0.00     0.00     0.00     0.00     0.00     0.00     0.00     0.00
  Total heap region rem set sizes = 6417K.  Max = 31K.
  Static structures = 369K, free_lists = 201K.
    323612 occupied cards represented.
    Max size region = 10:(O)[0x0000000763e00000,0x0000000763efff98,0x0000000763f00000], size = 32K, occupied = 47K.
    Did 1280 coarsenings.
2014-08-01T09:39:04.998-0500: 2565.442: [GC pause (young) 2565.442: [G1Ergonomics (CSet Construction) start choosing CSet, _pending_cards: 5585, predicted base time: 23.89 ms, remaining time: 76.11 ms, target pause time: 100.00 ms]
 2565.442: [G1Ergonomics (CSet Construction) add young regions to CSet, eden: 1619 regions, survivors: 24 regions, predicted young region time: 15.87 ms]
 2565.442: [G1Ergonomics (CSet Construction) finish choosing CSet, eden: 1619 regions, survivors: 24 regions, old: 0 regions, predicted pause time: 39.76 ms, target pause time: 100.00 ms]
, 0.0278090 secs]
   [Parallel Time: 13.6 ms, GC Workers: 18]
      [GC Worker Start (ms): Min: 2565442.0, Avg: 2565442.2, Max: 2565442.3, Diff: 0.4]
      [Ext Root Scanning (ms): Min: 3.3, Avg: 5.0, Max: 9.9, Diff: 6.6, Sum: 89.9]
      [Update RS (ms): Min: 0.0, Avg: 0.8, Max: 2.3, Diff: 2.3, Sum: 14.0]
         [Processed Buffers: Min: 0, Avg: 7.8, Max: 38, Diff: 38, Sum: 141]
      [Scan RS (ms): Min: 0.2, Avg: 0.4, Max: 0.8, Diff: 0.6, Sum: 7.1]
      [Object Copy (ms): Min: 1.5, Avg: 5.8, Max: 6.7, Diff: 5.2, Sum: 103.8]
      [Termination (ms): Min: 0.0, Avg: 0.6, Max: 1.2, Diff: 1.2, Sum: 11.5]
      [GC Worker Other (ms): Min: 0.0, Avg: 0.1, Max: 0.3, Diff: 0.2, Sum: 2.3]
      [GC Worker Total (ms): Min: 12.4, Avg: 12.7, Max: 13.1, Diff: 0.7, Sum: 228.7]
      [GC Worker End (ms): Min: 2565454.7, Avg: 2565454.9, Max: 2565455.5, Diff: 0.8]
   [Code Root Fixup: 0.0 ms]
   [Clear CT: 1.6 ms]
   [Other: 12.6 ms]
      [Choose CSet: 0.0 ms]
      [Ref Proc: 6.9 ms]
      [Ref Enq: 0.5 ms]
      [Free CSet: 4.6 ms]
   [Eden: 1619.0M(1619.0M)->0.0B(1632.0M) Survivors: 24.0M->17.0M Heap: 1948.9M(2252.0M)->323.1M(2252.0M)]
 [Times: user=0.29 sys=0.00, real=0.02 secs] 

 Concurrent RS processed 1482338 cards
  Of 47572 completed buffers:
        47572 (100.0%) by conc RS threads.
            0 (  0.0%) by mutator threads.
  Conc RS threads times(s)
          0.00     0.00     0.00     0.00     0.00     0.00     0.00     0.00     0.00     0.00     0.00     0.00     0.00     0.00     0.00     0.00     0.00     0.00     0.00
  Total heap region rem set sizes = 6417K.  Max = 31K.
  Static structures = 369K, free_lists = 201K.
    324182 occupied cards represented.
    Max size region = 10:(O)[0x0000000763e00000,0x0000000763efff98,0x0000000763f00000], size = 32K, occupied = 48K.
    Did 1280 coarsenings.
2014-08-01T09:39:11.431-0500: 2571.874: [GC pause (young) 2571.875: [G1Ergonomics (CSet Construction) start choosing CSet, _pending_cards: 5858, predicted base time: 22.33 ms, remaining time: 77.67 ms, target pause time: 100.00 ms]
 2571.875: [G1Ergonomics (CSet Construction) add young regions to CSet, eden: 1632 regions, survivors: 17 regions, predicted young region time: 24.52 ms]
 2571.875: [G1Ergonomics (CSet Construction) finish choosing CSet, eden: 1632 regions, survivors: 17 regions, old: 0 regions, predicted pause time: 46.85 ms, target pause time: 100.00 ms]
, 0.0643140 secs]
   [Parallel Time: 26.5 ms, GC Workers: 18]
      [GC Worker Start (ms): Min: 2571874.8, Avg: 2571875.0, Max: 2571875.1, Diff: 0.3]
      [Ext Root Scanning (ms): Min: 5.2, Avg: 6.6, Max: 11.6, Diff: 6.4, Sum: 119.3]
      [Update RS (ms): Min: 0.0, Avg: 1.3, Max: 3.0, Diff: 3.0, Sum: 23.9]
         [Processed Buffers: Min: 0, Avg: 7.8, Max: 21, Diff: 21, Sum: 140]
      [Scan RS (ms): Min: 0.2, Avg: 0.7, Max: 1.0, Diff: 0.7, Sum: 13.0]
      [Object Copy (ms): Min: 5.4, Avg: 9.4, Max: 16.5, Diff: 11.1, Sum: 170.1]
      [Termination (ms): Min: 0.1, Avg: 7.2, Max: 8.1, Diff: 8.0, Sum: 129.5]
      [GC Worker Other (ms): Min: 0.0, Avg: 0.3, Max: 0.7, Diff: 0.6, Sum: 5.2]
      [GC Worker Total (ms): Min: 25.2, Avg: 25.6, Max: 26.1, Diff: 0.8, Sum: 461.0]
      [GC Worker End (ms): Min: 2571900.3, Avg: 2571900.6, Max: 2571901.0, Diff: 0.7]
   [Code Root Fixup: 0.0 ms]
   [Clear CT: 1.9 ms]
   [Other: 35.9 ms]
      [Choose CSet: 0.0 ms]
      [Ref Proc: 27.0 ms]
      [Ref Enq: 2.0 ms]
      [Free CSet: 6.3 ms]
   [Eden: 1632.0M(1632.0M)->0.0B(1638.0M) Survivors: 17.0M->14.0M Heap: 1955.1M(2252.0M)->319.6M(2252.0M)]
 [Times: user=0.61 sys=0.01, real=0.06 secs] 

 Concurrent RS processed 1484510 cards
  Of 47712 completed buffers:
        47712 (100.0%) by conc RS threads.
            0 (  0.0%) by mutator threads.
  Conc RS threads times(s)
          0.00     0.00     0.00     0.00     0.00     0.00     0.00     0.00     0.00     0.00     0.00     0.00     0.00     0.00     0.00     0.00     0.00     0.00     0.00
  Total heap region rem set sizes = 6418K.  Max = 31K.
  Static structures = 369K, free_lists = 201K.
    324535 occupied cards represented.
    Max size region = 10:(O)[0x0000000763e00000,0x0000000763efff98,0x0000000763f00000], size = 32K, occupied = 48K.
    Did 1280 coarsenings.
2014-08-01T09:39:18.166-0500: 2578.609: [GC pause (young) 2578.609: [G1Ergonomics (CSet Construction) start choosing CSet, _pending_cards: 5587, predicted base time: 30.65 ms, remaining time: 69.35 ms, target pause time: 100.00 ms]
 2578.610: [G1Ergonomics (CSet Construction) add young regions to CSet, eden: 1638 regions, survivors: 14 regions, predicted young region time: 12.84 ms]
 2578.610: [G1Ergonomics (CSet Construction) finish choosing CSet, eden: 1638 regions, survivors: 14 regions, old: 0 regions, predicted pause time: 43.49 ms, target pause time: 100.00 ms]
, 0.0459110 secs]
   [Parallel Time: 27.1 ms, GC Workers: 18]
      [GC Worker Start (ms): Min: 2578609.7, Avg: 2578609.9, Max: 2578610.1, Diff: 0.4]
      [Ext Root Scanning (ms): Min: 7.1, Avg: 9.4, Max: 13.8, Diff: 6.7, Sum: 169.6]
      [Update RS (ms): Min: 0.0, Avg: 1.3, Max: 3.1, Diff: 3.1, Sum: 22.9]
         [Processed Buffers: Min: 0, Avg: 7.7, Max: 25, Diff: 25, Sum: 138]
      [Scan RS (ms): Min: 0.2, Avg: 1.1, Max: 7.4, Diff: 7.2, Sum: 20.7]
      [Object Copy (ms): Min: 5.7, Avg: 11.0, Max: 15.4, Diff: 9.7, Sum: 198.7]
      [Termination (ms): Min: 0.0, Avg: 3.5, Max: 3.8, Diff: 3.8, Sum: 63.8]
      [GC Worker Other (ms): Min: 0.0, Avg: 0.2, Max: 0.4, Diff: 0.3, Sum: 3.0]
      [GC Worker Total (ms): Min: 26.3, Avg: 26.6, Max: 26.9, Diff: 0.6, Sum: 478.6]
      [GC Worker End (ms): Min: 2578636.3, Avg: 2578636.5, Max: 2578636.7, Diff: 0.3]
   [Code Root Fixup: 0.0 ms]
   [Clear CT: 1.8 ms]
   [Other: 17.1 ms]
      [Choose CSet: 0.0 ms]
      [Ref Proc: 10.3 ms]
      [Ref Enq: 0.4 ms]
      [Free CSet: 5.6 ms]
   [Eden: 1638.0M(1638.0M)->0.0B(1642.0M) Survivors: 14.0M->12.0M Heap: 1957.6M(2252.0M)->318.2M(2252.0M)]
 [Times: user=0.47 sys=0.01, real=0.05 secs] 

 Concurrent RS processed 1486780 cards
  Of 47850 completed buffers:
        47850 (100.0%) by conc RS threads.
            0 (  0.0%) by mutator threads.
  Conc RS threads times(s)
          0.00     0.00     0.00     0.00     0.00     0.00     0.00     0.00     0.00     0.00     0.00     0.00     0.00     0.00     0.00     0.00     0.00     0.00     0.00
  Total heap region rem set sizes = 6424K.  Max = 32K.
  Static structures = 369K, free_lists = 199K.
    325021 occupied cards represented.
    Max size region = 10:(O)[0x0000000763e00000,0x0000000763efff98,0x0000000763f00000], size = 33K, occupied = 48K.
    Did 1280 coarsenings.
2014-08-01T09:39:24.779-0500: 2585.222: [GC pause (young) 2585.222: [G1Ergonomics (CSet Construction) start choosing CSet, _pending_cards: 5369, predicted base time: 29.31 ms, remaining time: 70.69 ms, target pause time: 100.00 ms]
 2585.222: [G1Ergonomics (CSet Construction) add young regions to CSet, eden: 1642 regions, survivors: 12 regions, predicted young region time: 14.01 ms]
 2585.222: [G1Ergonomics (CSet Construction) finish choosing CSet, eden: 1642 regions, survivors: 12 regions, old: 0 regions, predicted pause time: 43.32 ms, target pause time: 100.00 ms]
, 0.0526930 secs]
   [Parallel Time: 34.9 ms, GC Workers: 18]
      [GC Worker Start (ms): Min: 2585222.6, Avg: 2585222.8, Max: 2585222.9, Diff: 0.3]
      [Ext Root Scanning (ms): Min: 6.6, Avg: 8.0, Max: 11.8, Diff: 5.2, Sum: 143.5]
      [Update RS (ms): Min: 0.0, Avg: 1.4, Max: 2.8, Diff: 2.8, Sum: 24.7]
         [Processed Buffers: Min: 0, Avg: 7.9, Max: 27, Diff: 27, Sum: 143]
      [Scan RS (ms): Min: 0.2, Avg: 0.8, Max: 1.0, Diff: 0.8, Sum: 13.8]
      [Object Copy (ms): Min: 7.3, Avg: 10.2, Max: 23.7, Diff: 16.4, Sum: 183.4]
      [Termination (ms): Min: 0.0, Avg: 13.9, Max: 15.1, Diff: 15.0, Sum: 249.8]
      [GC Worker Other (ms): Min: 0.0, Avg: 0.2, Max: 0.4, Diff: 0.4, Sum: 3.2]
      [GC Worker Total (ms): Min: 34.2, Avg: 34.4, Max: 34.6, Diff: 0.4, Sum: 618.4]
      [GC Worker End (ms): Min: 2585256.9, Avg: 2585257.1, Max: 2585257.3, Diff: 0.4]
   [Code Root Fixup: 0.0 ms]
   [Clear CT: 2.0 ms]
   [Other: 15.8 ms]
      [Choose CSet: 0.0 ms]
      [Ref Proc: 9.5 ms]
      [Ref Enq: 0.4 ms]
      [Free CSet: 5.3 ms]
   [Eden: 1642.0M(1642.0M)->0.0B(1630.0M) Survivors: 12.0M->18.0M Heap: 1960.2M(2252.0M)->324.2M(2252.0M)]
 [Times: user=0.63 sys=0.01, real=0.06 secs] 

 Concurrent RS processed 1488984 cards
  Of 47993 completed buffers:
        47993 (100.0%) by conc RS threads.
            0 (  0.0%) by mutator threads.
  Conc RS threads times(s)
          0.00     0.00     0.00     0.00     0.00     0.00     0.00     0.00     0.00     0.00     0.00     0.00     0.00     0.00     0.00     0.00     0.00     0.00     0.00
  Total heap region rem set sizes = 6426K.  Max = 32K.
  Static structures = 369K, free_lists = 198K.
    325467 occupied cards represented.
    Max size region = 10:(O)[0x0000000763e00000,0x0000000763efff98,0x0000000763f00000], size = 33K, occupied = 48K.
    Did 1280 coarsenings.
2014-08-01T09:39:31.186-0500: 2591.629: [GC pause (young) 2591.629: [G1Ergonomics (CSet Construction) start choosing CSet, _pending_cards: 5331, predicted base time: 27.80 ms, remaining time: 72.20 ms, target pause time: 100.00 ms]
 2591.630: [G1Ergonomics (CSet Construction) add young regions to CSet, eden: 1630 regions, survivors: 18 regions, predicted young region time: 20.17 ms]
 2591.630: [G1Ergonomics (CSet Construction) finish choosing CSet, eden: 1630 regions, survivors: 18 regions, old: 0 regions, predicted pause time: 47.97 ms, target pause time: 100.00 ms]
, 0.0355380 secs]
   [Parallel Time: 19.3 ms, GC Workers: 18]
      [GC Worker Start (ms): Min: 2591629.8, Avg: 2591630.0, Max: 2591630.1, Diff: 0.3]
      [Ext Root Scanning (ms): Min: 6.1, Avg: 7.2, Max: 10.7, Diff: 4.6, Sum: 129.3]
      [Update RS (ms): Min: 0.0, Avg: 1.5, Max: 2.4, Diff: 2.4, Sum: 26.3]
         [Processed Buffers: Min: 0, Avg: 7.7, Max: 23, Diff: 23, Sum: 138]
      [Scan RS (ms): Min: 0.2, Avg: 1.0, Max: 5.4, Diff: 5.2, Sum: 18.5]
      [Object Copy (ms): Min: 4.9, Avg: 8.9, Max: 9.5, Diff: 4.6, Sum: 159.8]
      [Termination (ms): Min: 0.0, Avg: 0.1, Max: 0.1, Diff: 0.1, Sum: 1.8]
      [GC Worker Other (ms): Min: 0.0, Avg: 0.3, Max: 0.5, Diff: 0.4, Sum: 4.6]
      [GC Worker Total (ms): Min: 18.7, Avg: 18.9, Max: 19.2, Diff: 0.5, Sum: 340.3]
      [GC Worker End (ms): Min: 2591648.7, Avg: 2591648.9, Max: 2591649.1, Diff: 0.4]
   [Code Root Fixup: 0.0 ms]
   [Clear CT: 1.8 ms]
   [Other: 14.4 ms]
      [Choose CSet: 0.1 ms]
      [Ref Proc: 8.4 ms]
      [Ref Enq: 0.5 ms]
      [Free CSet: 4.8 ms]
   [Eden: 1630.0M(1630.0M)->0.0B(1630.0M) Survivors: 18.0M->18.0M Heap: 1954.2M(2252.0M)->324.4M(2252.0M)]
 [Times: user=0.38 sys=0.01, real=0.03 secs] 

 Concurrent RS processed 1491163 cards
  Of 48131 completed buffers:
        48131 (100.0%) by conc RS threads.
            0 (  0.0%) by mutator threads.
  Conc RS threads times(s)
          0.00     0.00     0.00     0.00     0.00     0.00     0.00     0.00     0.00     0.00     0.00     0.00     0.00     0.00     0.00     0.00     0.00     0.00     0.00
  Total heap region rem set sizes = 6426K.  Max = 32K.
  Static structures = 369K, free_lists = 198K.
    325833 occupied cards represented.
    Max size region = 10:(O)[0x0000000763e00000,0x0000000763efff98,0x0000000763f00000], size = 33K, occupied = 48K.
    Did 1280 coarsenings.
2014-08-01T09:39:37.816-0500: 2598.260: [GC pause (young) 2598.260: [G1Ergonomics (CSet Construction) start choosing CSet, _pending_cards: 5627, predicted base time: 26.25 ms, remaining time: 73.75 ms, target pause time: 100.00 ms]
 2598.260: [G1Ergonomics (CSet Construction) add young regions to CSet, eden: 1630 regions, survivors: 18 regions, predicted young region time: 16.74 ms]
 2598.260: [G1Ergonomics (CSet Construction) finish choosing CSet, eden: 1630 regions, survivors: 18 regions, old: 0 regions, predicted pause time: 43.00 ms, target pause time: 100.00 ms]
, 0.0407700 secs]
   [Parallel Time: 27.0 ms, GC Workers: 18]
      [GC Worker Start (ms): Min: 2598260.0, Avg: 2598260.2, Max: 2598260.3, Diff: 0.3]
      [Ext Root Scanning (ms): Min: 6.7, Avg: 8.0, Max: 12.8, Diff: 6.1, Sum: 144.8]
      [Update RS (ms): Min: 0.0, Avg: 1.3, Max: 2.6, Diff: 2.6, Sum: 23.8]
         [Processed Buffers: Min: 0, Avg: 8.2, Max: 22, Diff: 22, Sum: 148]
      [Scan RS (ms): Min: 0.2, Avg: 0.7, Max: 1.0, Diff: 0.7, Sum: 13.4]
      [Object Copy (ms): Min: 11.6, Avg: 14.5, Max: 16.6, Diff: 5.0, Sum: 261.7]
      [Termination (ms): Min: 0.3, Avg: 1.8, Max: 2.0, Diff: 1.7, Sum: 31.7]
      [GC Worker Other (ms): Min: 0.0, Avg: 0.2, Max: 0.3, Diff: 0.3, Sum: 3.1]
      [GC Worker Total (ms): Min: 26.4, Avg: 26.6, Max: 26.8, Diff: 0.4, Sum: 478.5]
      [GC Worker End (ms): Min: 2598286.6, Avg: 2598286.7, Max: 2598286.9, Diff: 0.3]
   [Code Root Fixup: 0.0 ms]
   [Clear CT: 2.0 ms]
   [Other: 11.7 ms]
      [Choose CSet: 0.0 ms]
      [Ref Proc: 6.2 ms]
      [Ref Enq: 0.4 ms]
      [Free CSet: 4.4 ms]
   [Eden: 1630.0M(1630.0M)->0.0B(1626.0M) Survivors: 18.0M->20.0M Heap: 1954.4M(2252.0M)->326.6M(2252.0M)]
 [Times: user=0.48 sys=0.01, real=0.04 secs] 

 Concurrent RS processed 1493357 cards
  Of 48279 completed buffers:
        48279 (100.0%) by conc RS threads.
            0 (  0.0%) by mutator threads.
  Conc RS threads times(s)
          0.00     0.00     0.00     0.00     0.00     0.00     0.00     0.00     0.00     0.00     0.00     0.00     0.00     0.00     0.00     0.00     0.00     0.00     0.00
  Total heap region rem set sizes = 6427K.  Max = 32K.
  Static structures = 369K, free_lists = 198K.
    326460 occupied cards represented.
    Max size region = 10:(O)[0x0000000763e00000,0x0000000763efff98,0x0000000763f00000], size = 33K, occupied = 48K.
    Did 1280 coarsenings.
2014-08-01T09:39:44.509-0500: 2604.952: [GC pause (young) 2604.952: [G1Ergonomics (CSet Construction) start choosing CSet, _pending_cards: 5598, predicted base time: 24.63 ms, remaining time: 75.37 ms, target pause time: 100.00 ms]
 2604.952: [G1Ergonomics (CSet Construction) add young regions to CSet, eden: 1626 regions, survivors: 20 regions, predicted young region time: 23.85 ms]
 2604.952: [G1Ergonomics (CSet Construction) finish choosing CSet, eden: 1626 regions, survivors: 20 regions, old: 0 regions, predicted pause time: 48.47 ms, target pause time: 100.00 ms]
, 0.0369590 secs]
   [Parallel Time: 17.8 ms, GC Workers: 18]
      [GC Worker Start (ms): Min: 2604952.7, Avg: 2604952.8, Max: 2604953.0, Diff: 0.3]
      [Ext Root Scanning (ms): Min: 5.2, Avg: 6.9, Max: 11.4, Diff: 6.2, Sum: 124.5]
      [Update RS (ms): Min: 0.0, Avg: 1.5, Max: 3.2, Diff: 3.2, Sum: 26.8]
         [Processed Buffers: Min: 0, Avg: 7.9, Max: 24, Diff: 24, Sum: 142]
      [Scan RS (ms): Min: 0.2, Avg: 0.8, Max: 1.8, Diff: 1.6, Sum: 14.6]
      [Object Copy (ms): Min: 5.4, Avg: 7.1, Max: 9.4, Diff: 4.0, Sum: 127.7]
      [Termination (ms): Min: 0.0, Avg: 0.8, Max: 0.9, Diff: 0.8, Sum: 13.8]
      [GC Worker Other (ms): Min: 0.0, Avg: 0.2, Max: 0.4, Diff: 0.4, Sum: 3.9]
      [GC Worker Total (ms): Min: 17.0, Avg: 17.3, Max: 17.5, Diff: 0.6, Sum: 311.3]
      [GC Worker End (ms): Min: 2604969.9, Avg: 2604970.1, Max: 2604970.3, Diff: 0.4]
   [Code Root Fixup: 0.0 ms]
   [Clear CT: 2.1 ms]
   [Other: 17.0 ms]
      [Choose CSet: 0.0 ms]
      [Ref Proc: 10.8 ms]
      [Ref Enq: 0.5 ms]
      [Free CSet: 5.1 ms]
   [Eden: 1626.0M(1626.0M)->0.0B(1640.0M) Survivors: 20.0M->13.0M Heap: 1952.6M(2252.0M)->319.6M(2252.0M)]
 [Times: user=0.42 sys=0.01, real=0.04 secs] 

 Concurrent RS processed 1495618 cards
  Of 48421 completed buffers:
        48421 (100.0%) by conc RS threads.
            0 (  0.0%) by mutator threads.
  Conc RS threads times(s)
          0.00     0.00     0.00     0.00     0.00     0.00     0.00     0.00     0.00     0.00     0.00     0.00     0.00     0.00     0.00     0.00     0.00     0.00     0.00
  Total heap region rem set sizes = 6427K.  Max = 32K.
  Static structures = 369K, free_lists = 198K.
    326977 occupied cards represented.
    Max size region = 10:(O)[0x0000000763e00000,0x0000000763efff98,0x0000000763f00000], size = 33K, occupied = 48K.
    Did 1280 coarsenings.
2014-08-01T09:39:51.268-0500: 2611.712: [GC pause (young) 2611.712: [G1Ergonomics (CSet Construction) start choosing CSet, _pending_cards: 5335, predicted base time: 24.43 ms, remaining time: 75.57 ms, target pause time: 100.00 ms]
 2611.712: [G1Ergonomics (CSet Construction) add young regions to CSet, eden: 1640 regions, survivors: 13 regions, predicted young region time: 11.44 ms]
 2611.712: [G1Ergonomics (CSet Construction) finish choosing CSet, eden: 1640 regions, survivors: 13 regions, old: 0 regions, predicted pause time: 35.87 ms, target pause time: 100.00 ms]
, 0.0338690 secs]
   [Parallel Time: 17.0 ms, GC Workers: 18]
      [GC Worker Start (ms): Min: 2611712.2, Avg: 2611712.4, Max: 2611712.6, Diff: 0.3]
      [Ext Root Scanning (ms): Min: 6.1, Avg: 7.0, Max: 11.4, Diff: 5.2, Sum: 125.4]
      [Update RS (ms): Min: 0.0, Avg: 1.7, Max: 5.6, Diff: 5.6, Sum: 30.4]
         [Processed Buffers: Min: 0, Avg: 7.9, Max: 20, Diff: 20, Sum: 142]
      [Scan RS (ms): Min: 0.2, Avg: 0.7, Max: 1.0, Diff: 0.8, Sum: 13.0]
      [Object Copy (ms): Min: 3.4, Avg: 6.9, Max: 7.7, Diff: 4.3, Sum: 124.9]
      [Termination (ms): Min: 0.0, Avg: 0.0, Max: 0.0, Diff: 0.0, Sum: 0.5]
      [GC Worker Other (ms): Min: 0.0, Avg: 0.2, Max: 0.4, Diff: 0.4, Sum: 4.1]
      [GC Worker Total (ms): Min: 16.2, Avg: 16.6, Max: 16.9, Diff: 0.6, Sum: 298.2]
      [GC Worker End (ms): Min: 2611728.8, Avg: 2611728.9, Max: 2611729.1, Diff: 0.4]
   [Code Root Fixup: 0.0 ms]
   [Clear CT: 1.7 ms]
   [Other: 15.1 ms]
      [Choose CSet: 0.0 ms]
      [Ref Proc: 9.2 ms]
      [Ref Enq: 0.4 ms]
      [Free CSet: 4.9 ms]
   [Eden: 1640.0M(1640.0M)->0.0B(1638.0M) Survivors: 13.0M->14.0M Heap: 1959.6M(2252.0M)->320.5M(2252.0M)]
 [Times: user=0.34 sys=0.01, real=0.03 secs] 

 Concurrent RS processed 1497857 cards
  Of 48563 completed buffers:
        48563 (100.0%) by conc RS threads.
            0 (  0.0%) by mutator threads.
  Conc RS threads times(s)
          0.00     0.00     0.00     0.00     0.00     0.00     0.00     0.00     0.00     0.00     0.00     0.00     0.00     0.00     0.00     0.00     0.00     0.00     0.00
  Total heap region rem set sizes = 6427K.  Max = 32K.
  Static structures = 369K, free_lists = 198K.
    327390 occupied cards represented.
    Max size region = 10:(O)[0x0000000763e00000,0x0000000763efff98,0x0000000763f00000], size = 33K, occupied = 48K.
    Did 1280 coarsenings.
2014-08-01T09:39:57.886-0500: 2618.329: [GC pause (young) 2618.329: [G1Ergonomics (CSet Construction) start choosing CSet, _pending_cards: 5837, predicted base time: 23.92 ms, remaining time: 76.08 ms, target pause time: 100.00 ms]
 2618.329: [G1Ergonomics (CSet Construction) add young regions to CSet, eden: 1638 regions, survivors: 14 regions, predicted young region time: 10.97 ms]
 2618.329: [G1Ergonomics (CSet Construction) finish choosing CSet, eden: 1638 regions, survivors: 14 regions, old: 0 regions, predicted pause time: 34.89 ms, target pause time: 100.00 ms]
, 0.0436250 secs]
   [Parallel Time: 25.9 ms, GC Workers: 18]
      [GC Worker Start (ms): Min: 2618329.6, Avg: 2618329.8, Max: 2618329.9, Diff: 0.3]
      [Ext Root Scanning (ms): Min: 6.7, Avg: 7.9, Max: 11.4, Diff: 4.8, Sum: 142.7]
      [Update RS (ms): Min: 0.0, Avg: 1.5, Max: 3.1, Diff: 3.1, Sum: 26.8]
         [Processed Buffers: Min: 0, Avg: 7.4, Max: 32, Diff: 32, Sum: 134]
      [Scan RS (ms): Min: 0.2, Avg: 0.7, Max: 1.0, Diff: 0.8, Sum: 12.5]
      [Object Copy (ms): Min: 7.9, Avg: 9.6, Max: 15.3, Diff: 7.4, Sum: 172.2]
      [Termination (ms): Min: 0.0, Avg: 5.3, Max: 6.0, Diff: 6.0, Sum: 96.2]
      [GC Worker Other (ms): Min: 0.0, Avg: 0.2, Max: 0.4, Diff: 0.4, Sum: 3.5]
      [GC Worker Total (ms): Min: 24.9, Avg: 25.2, Max: 25.5, Diff: 0.6, Sum: 453.8]
      [GC Worker End (ms): Min: 2618354.8, Avg: 2618355.0, Max: 2618355.2, Diff: 0.4]
   [Code Root Fixup: 0.0 ms]
   [Clear CT: 2.1 ms]
   [Other: 15.7 ms]
      [Choose CSet: 0.0 ms]
      [Ref Proc: 9.6 ms]
      [Ref Enq: 0.5 ms]
      [Free CSet: 4.8 ms]
   [Eden: 1638.0M(1638.0M)->0.0B(1616.0M) Survivors: 14.0M->25.0M Heap: 1958.5M(2252.0M)->331.3M(2252.0M)]
 [Times: user=0.46 sys=0.01, real=0.05 secs] 

 Concurrent RS processed 1500154 cards
  Of 48697 completed buffers:
        48697 (100.0%) by conc RS threads.
            0 (  0.0%) by mutator threads.
  Conc RS threads times(s)
          0.00     0.00     0.00     0.00     0.00     0.00     0.00     0.00     0.00     0.00     0.00     0.00     0.00     0.00     0.00     0.00     0.00     0.00     0.00
  Total heap region rem set sizes = 6427K.  Max = 32K.
  Static structures = 369K, free_lists = 198K.
    327719 occupied cards represented.
    Max size region = 10:(O)[0x0000000763e00000,0x0000000763efff98,0x0000000763f00000], size = 33K, occupied = 48K.
    Did 1280 coarsenings.
2014-08-01T09:40:04.566-0500: 2625.010: [GC pause (young) 2625.010: [G1Ergonomics (CSet Construction) start choosing CSet, _pending_cards: 5595, predicted base time: 23.84 ms, remaining time: 76.16 ms, target pause time: 100.00 ms]
 2625.010: [G1Ergonomics (CSet Construction) add young regions to CSet, eden: 1616 regions, survivors: 25 regions, predicted young region time: 11.94 ms]
 2625.010: [G1Ergonomics (CSet Construction) finish choosing CSet, eden: 1616 regions, survivors: 25 regions, old: 0 regions, predicted pause time: 35.77 ms, target pause time: 100.00 ms]
, 0.0360140 secs]
   [Parallel Time: 18.3 ms, GC Workers: 18]
      [GC Worker Start (ms): Min: 2625010.0, Avg: 2625010.2, Max: 2625010.4, Diff: 0.3]
      [Ext Root Scanning (ms): Min: 6.0, Avg: 7.0, Max: 12.2, Diff: 6.2, Sum: 126.4]
      [Update RS (ms): Min: 0.0, Avg: 1.5, Max: 3.1, Diff: 3.1, Sum: 27.1]
         [Processed Buffers: Min: 0, Avg: 7.7, Max: 35, Diff: 35, Sum: 139]
      [Scan RS (ms): Min: 0.2, Avg: 0.8, Max: 1.5, Diff: 1.3, Sum: 13.5]
      [Object Copy (ms): Min: 5.0, Avg: 8.4, Max: 9.3, Diff: 4.3, Sum: 150.5]
      [Termination (ms): Min: 0.0, Avg: 0.1, Max: 0.1, Diff: 0.1, Sum: 1.0]
      [GC Worker Other (ms): Min: 0.1, Avg: 0.2, Max: 0.4, Diff: 0.4, Sum: 4.1]
      [GC Worker Total (ms): Min: 17.6, Avg: 17.9, Max: 18.2, Diff: 0.6, Sum: 322.7]
      [GC Worker End (ms): Min: 2625027.9, Avg: 2625028.1, Max: 2625028.3, Diff: 0.4]
   [Code Root Fixup: 0.0 ms]
   [Clear CT: 1.9 ms]
   [Other: 15.8 ms]
      [Choose CSet: 0.0 ms]
      [Ref Proc: 10.0 ms]
      [Ref Enq: 0.4 ms]
      [Free CSet: 4.8 ms]
   [Eden: 1616.0M(1616.0M)->0.0B(1630.0M) Survivors: 25.0M->18.0M Heap: 1947.3M(2252.0M)->324.6M(2252.0M)]
 [Times: user=0.40 sys=0.00, real=0.04 secs] 

 Concurrent RS processed 1502378 cards
  Of 48836 completed buffers:
        48836 (100.0%) by conc RS threads.
            0 (  0.0%) by mutator threads.
  Conc RS threads times(s)
          0.00     0.00     0.00     0.00     0.00     0.00     0.00     0.00     0.00     0.00     0.00     0.00     0.00     0.00     0.00     0.00     0.00     0.00     0.00
  Total heap region rem set sizes = 6428K.  Max = 32K.
  Static structures = 369K, free_lists = 198K.
    328104 occupied cards represented.
    Max size region = 10:(O)[0x0000000763e00000,0x0000000763efff98,0x0000000763f00000], size = 33K, occupied = 48K.
    Did 1280 coarsenings.
2014-08-01T09:40:11.357-0500: 2631.800: [GC pause (young) 2631.800: [G1Ergonomics (CSet Construction) start choosing CSet, _pending_cards: 5334, predicted base time: 23.40 ms, remaining time: 76.60 ms, target pause time: 100.00 ms]
 2631.801: [G1Ergonomics (CSet Construction) add young regions to CSet, eden: 1630 regions, survivors: 18 regions, predicted young region time: 19.20 ms]
 2631.801: [G1Ergonomics (CSet Construction) finish choosing CSet, eden: 1630 regions, survivors: 18 regions, old: 0 regions, predicted pause time: 42.60 ms, target pause time: 100.00 ms]
, 0.0252160 secs]
   [Parallel Time: 12.9 ms, GC Workers: 18]
      [GC Worker Start (ms): Min: 2631800.8, Avg: 2631800.9, Max: 2631801.0, Diff: 0.3]
      [Ext Root Scanning (ms): Min: 4.9, Avg: 6.1, Max: 10.8, Diff: 5.9, Sum: 109.6]
      [Update RS (ms): Min: 0.0, Avg: 0.9, Max: 2.6, Diff: 2.6, Sum: 17.0]
         [Processed Buffers: Min: 0, Avg: 7.7, Max: 27, Diff: 27, Sum: 138]
      [Scan RS (ms): Min: 0.1, Avg: 0.4, Max: 0.8, Diff: 0.7, Sum: 8.1]
      [Object Copy (ms): Min: 1.3, Avg: 4.9, Max: 5.7, Diff: 4.4, Sum: 87.6]
      [Termination (ms): Min: 0.0, Avg: 0.0, Max: 0.0, Diff: 0.0, Sum: 0.3]
      [GC Worker Other (ms): Min: 0.0, Avg: 0.2, Max: 0.3, Diff: 0.3, Sum: 3.1]
      [GC Worker Total (ms): Min: 12.3, Avg: 12.5, Max: 12.8, Diff: 0.5, Sum: 225.8]
      [GC Worker End (ms): Min: 2631813.3, Avg: 2631813.5, Max: 2631813.6, Diff: 0.3]
   [Code Root Fixup: 0.0 ms]
   [Clear CT: 1.6 ms]
   [Other: 10.7 ms]
      [Choose CSet: 0.0 ms]
      [Ref Proc: 5.4 ms]
      [Ref Enq: 0.3 ms]
      [Free CSet: 4.2 ms]
   [Eden: 1630.0M(1630.0M)->0.0B(1642.0M) Survivors: 18.0M->12.0M Heap: 1954.6M(2252.0M)->318.8M(2252.0M)]
 [Times: user=0.24 sys=0.01, real=0.03 secs] 

 Concurrent RS processed 1504658 cards
  Of 48974 completed buffers:
        48974 (100.0%) by conc RS threads.
            0 (  0.0%) by mutator threads.
  Conc RS threads times(s)
          0.00     0.00     0.00     0.00     0.00     0.00     0.00     0.00     0.00     0.00     0.00     0.00     0.00     0.00     0.00     0.00     0.00     0.00     0.00
  Total heap region rem set sizes = 6428K.  Max = 32K.
  Static structures = 369K, free_lists = 198K.
    328463 occupied cards represented.
    Max size region = 10:(O)[0x0000000763e00000,0x0000000763efff98,0x0000000763f00000], size = 33K, occupied = 48K.
    Did 1280 coarsenings.
2014-08-01T09:40:17.752-0500: 2638.195: [GC pause (young) 2638.195: [G1Ergonomics (CSet Construction) start choosing CSet, _pending_cards: 5839, predicted base time: 21.93 ms, remaining time: 78.07 ms, target pause time: 100.00 ms]
 2638.195: [G1Ergonomics (CSet Construction) add young regions to CSet, eden: 1642 regions, survivors: 12 regions, predicted young region time: 9.32 ms]
 2638.195: [G1Ergonomics (CSet Construction) finish choosing CSet, eden: 1642 regions, survivors: 12 regions, old: 0 regions, predicted pause time: 31.25 ms, target pause time: 100.00 ms]
, 0.0382960 secs]
   [Parallel Time: 21.0 ms, GC Workers: 18]
      [GC Worker Start (ms): Min: 2638195.2, Avg: 2638195.4, Max: 2638195.5, Diff: 0.3]
      [Ext Root Scanning (ms): Min: 8.0, Avg: 9.9, Max: 13.4, Diff: 5.4, Sum: 177.4]
      [Update RS (ms): Min: 0.0, Avg: 1.6, Max: 4.6, Diff: 4.6, Sum: 29.0]
         [Processed Buffers: Min: 0, Avg: 7.7, Max: 27, Diff: 27, Sum: 138]
      [Scan RS (ms): Min: 0.2, Avg: 0.8, Max: 1.0, Diff: 0.8, Sum: 14.1]
      [Object Copy (ms): Min: 6.3, Avg: 7.6, Max: 8.3, Diff: 2.1, Sum: 137.4]
      [Termination (ms): Min: 0.0, Avg: 0.1, Max: 0.1, Diff: 0.1, Sum: 1.0]
      [GC Worker Other (ms): Min: 0.0, Avg: 0.3, Max: 0.8, Diff: 0.7, Sum: 5.6]
      [GC Worker Total (ms): Min: 19.8, Avg: 20.2, Max: 20.9, Diff: 1.0, Sum: 364.4]
      [GC Worker End (ms): Min: 2638215.4, Avg: 2638215.6, Max: 2638216.1, Diff: 0.7]
   [Code Root Fixup: 0.0 ms]
   [Clear CT: 2.0 ms]
   [Other: 15.3 ms]
      [Choose CSet: 0.0 ms]
      [Ref Proc: 9.0 ms]
      [Ref Enq: 0.8 ms]
      [Free CSet: 4.9 ms]
   [Eden: 1642.0M(1642.0M)->0.0B(1642.0M) Survivors: 12.0M->12.0M Heap: 1960.8M(2252.0M)->318.8M(2252.0M)]
 [Times: user=0.37 sys=0.01, real=0.04 secs] 

 Concurrent RS processed 1506953 cards
  Of 49112 completed buffers:
        49112 (100.0%) by conc RS threads.
            0 (  0.0%) by mutator threads.
  Conc RS threads times(s)
          0.00     0.00     0.00     0.00     0.00     0.00     0.00     0.00     0.00     0.00     0.00     0.00     0.00     0.00     0.00     0.00     0.00     0.00     0.00
  Total heap region rem set sizes = 6428K.  Max = 32K.
  Static structures = 369K, free_lists = 197K.
    329010 occupied cards represented.
    Max size region = 10:(O)[0x0000000763e00000,0x0000000763efff98,0x0000000763f00000], size = 33K, occupied = 48K.
    Did 1280 coarsenings.
2014-08-01T09:40:24.212-0500: 2644.656: [GC pause (young) 2644.656: [G1Ergonomics (CSet Construction) start choosing CSet, _pending_cards: 5590, predicted base time: 23.19 ms, remaining time: 76.81 ms, target pause time: 100.00 ms]
 2644.656: [G1Ergonomics (CSet Construction) add young regions to CSet, eden: 1642 regions, survivors: 12 regions, predicted young region time: 13.34 ms]
 2644.656: [G1Ergonomics (CSet Construction) finish choosing CSet, eden: 1642 regions, survivors: 12 regions, old: 0 regions, predicted pause time: 36.53 ms, target pause time: 100.00 ms]
, 0.0422830 secs]
   [Parallel Time: 22.3 ms, GC Workers: 18]
      [GC Worker Start (ms): Min: 2644656.0, Avg: 2644656.2, Max: 2644656.3, Diff: 0.4]
      [Ext Root Scanning (ms): Min: 6.5, Avg: 7.2, Max: 11.5, Diff: 5.0, Sum: 129.5]
      [Update RS (ms): Min: 0.0, Avg: 1.6, Max: 3.7, Diff: 3.7, Sum: 27.9]
         [Processed Buffers: Min: 0, Avg: 7.8, Max: 25, Diff: 25, Sum: 140]
      [Scan RS (ms): Min: 0.2, Avg: 0.8, Max: 2.3, Diff: 2.1, Sum: 15.3]
      [Object Copy (ms): Min: 5.1, Avg: 7.4, Max: 12.2, Diff: 7.1, Sum: 133.6]
      [Termination (ms): Min: 0.0, Avg: 4.6, Max: 5.0, Diff: 5.0, Sum: 82.2]
      [GC Worker Other (ms): Min: 0.0, Avg: 0.2, Max: 0.4, Diff: 0.3, Sum: 3.4]
      [GC Worker Total (ms): Min: 21.5, Avg: 21.8, Max: 22.1, Diff: 0.5, Sum: 392.0]
      [GC Worker End (ms): Min: 2644677.8, Avg: 2644678.0, Max: 2644678.1, Diff: 0.4]
   [Code Root Fixup: 0.0 ms]
   [Clear CT: 1.8 ms]
   [Other: 18.1 ms]
      [Choose CSet: 0.0 ms]
      [Ref Proc: 12.2 ms]
      [Ref Enq: 0.5 ms]
      [Free CSet: 4.8 ms]
   [Eden: 1642.0M(1642.0M)->0.0B(1618.0M) Survivors: 12.0M->24.0M Heap: 1960.8M(2252.0M)->331.0M(2252.0M)]
 [Times: user=0.47 sys=0.01, real=0.04 secs] 

 Concurrent RS processed 1509130 cards
  Of 49252 completed buffers:
        49252 (100.0%) by conc RS threads.
            0 (  0.0%) by mutator threads.
  Conc RS threads times(s)
          0.00     0.00     0.00     0.00     0.00     0.00     0.00     0.00     0.00     0.00     0.00     0.00     0.00     0.00     0.00     0.00     0.00     0.00     0.00
  Total heap region rem set sizes = 6428K.  Max = 32K.
  Static structures = 369K, free_lists = 197K.
    329327 occupied cards represented.
    Max size region = 10:(O)[0x0000000763e00000,0x0000000763efff98,0x0000000763f00000], size = 33K, occupied = 48K.
    Did 1280 coarsenings.
2014-08-01T09:40:30.522-0500: 2650.965: [GC pause (young) 2650.965: [G1Ergonomics (CSet Construction) start choosing CSet, _pending_cards: 5581, predicted base time: 23.90 ms, remaining time: 76.10 ms, target pause time: 100.00 ms]
 2650.965: [G1Ergonomics (CSet Construction) add young regions to CSet, eden: 1618 regions, survivors: 24 regions, predicted young region time: 12.62 ms]
 2650.965: [G1Ergonomics (CSet Construction) finish choosing CSet, eden: 1618 regions, survivors: 24 regions, old: 0 regions, predicted pause time: 36.52 ms, target pause time: 100.00 ms]
, 0.0461270 secs]
   [Parallel Time: 21.9 ms, GC Workers: 18]
      [GC Worker Start (ms): Min: 2650965.5, Avg: 2650965.7, Max: 2650965.9, Diff: 0.3]
      [Ext Root Scanning (ms): Min: 5.8, Avg: 6.8, Max: 8.9, Diff: 3.1, Sum: 122.0]
      [Update RS (ms): Min: 0.0, Avg: 2.9, Max: 10.3, Diff: 10.3, Sum: 51.8]
         [Processed Buffers: Min: 0, Avg: 7.6, Max: 25, Diff: 25, Sum: 137]
      [Scan RS (ms): Min: 0.2, Avg: 0.7, Max: 1.0, Diff: 0.8, Sum: 13.0]
      [Object Copy (ms): Min: 3.1, Avg: 9.9, Max: 13.2, Diff: 10.0, Sum: 178.3]
      [Termination (ms): Min: 0.0, Avg: 0.3, Max: 0.4, Diff: 0.4, Sum: 5.4]
      [GC Worker Other (ms): Min: 0.1, Avg: 0.3, Max: 0.9, Diff: 0.9, Sum: 5.1]
      [GC Worker Total (ms): Min: 20.6, Avg: 20.9, Max: 21.5, Diff: 0.9, Sum: 375.6]
      [GC Worker End (ms): Min: 2650986.3, Avg: 2650986.6, Max: 2650987.2, Diff: 0.9]
   [Code Root Fixup: 0.0 ms]
   [Clear CT: 2.2 ms]
   [Other: 22.0 ms]
      [Choose CSet: 0.0 ms]
      [Ref Proc: 16.3 ms]
      [Ref Enq: 0.7 ms]
      [Free CSet: 4.4 ms]
   [Eden: 1618.0M(1618.0M)->0.0B(1637.0M) Survivors: 24.0M->14.0M Heap: 1949.0M(2252.0M)->320.6M(2252.0M)]
 [Times: user=0.46 sys=0.02, real=0.04 secs] 

 Concurrent RS processed 1511284 cards
  Of 49389 completed buffers:
        49389 (100.0%) by conc RS threads.
            0 (  0.0%) by mutator threads.
  Conc RS threads times(s)
          0.00     0.00     0.00     0.00     0.00     0.00     0.00     0.00     0.00     0.00     0.00     0.00     0.00     0.00     0.00     0.00     0.00     0.00     0.00
  Total heap region rem set sizes = 6428K.  Max = 32K.
  Static structures = 369K, free_lists = 197K.
    329797 occupied cards represented.
    Max size region = 10:(O)[0x0000000763e00000,0x0000000763efff98,0x0000000763f00000], size = 33K, occupied = 48K.
    Did 1280 coarsenings.
2014-08-01T09:40:36.756-0500: 2657.199: [GC pause (young) 2657.200: [G1Ergonomics (CSet Construction) start choosing CSet, _pending_cards: 5619, predicted base time: 26.94 ms, remaining time: 73.06 ms, target pause time: 100.00 ms]
 2657.200: [G1Ergonomics (CSet Construction) add young regions to CSet, eden: 1637 regions, survivors: 14 regions, predicted young region time: 10.56 ms]
 2657.200: [G1Ergonomics (CSet Construction) finish choosing CSet, eden: 1637 regions, survivors: 14 regions, old: 0 regions, predicted pause time: 37.50 ms, target pause time: 100.00 ms]
, 0.0342690 secs]
   [Parallel Time: 17.3 ms, GC Workers: 18]
      [GC Worker Start (ms): Min: 2657199.8, Avg: 2657200.0, Max: 2657200.1, Diff: 0.3]
      [Ext Root Scanning (ms): Min: 5.0, Avg: 6.2, Max: 10.5, Diff: 5.6, Sum: 111.6]
      [Update RS (ms): Min: 0.0, Avg: 1.4, Max: 3.2, Diff: 3.2, Sum: 25.9]
         [Processed Buffers: Min: 0, Avg: 7.8, Max: 27, Diff: 27, Sum: 140]
      [Scan RS (ms): Min: 0.2, Avg: 0.7, Max: 0.9, Diff: 0.7, Sum: 12.7]
      [Object Copy (ms): Min: 5.8, Avg: 8.2, Max: 8.9, Diff: 3.1, Sum: 146.9]
      [Termination (ms): Min: 0.0, Avg: 0.1, Max: 0.1, Diff: 0.1, Sum: 1.5]
      [GC Worker Other (ms): Min: 0.0, Avg: 0.2, Max: 0.4, Diff: 0.4, Sum: 4.2]
      [GC Worker Total (ms): Min: 16.6, Avg: 16.8, Max: 17.1, Diff: 0.5, Sum: 302.8]
      [GC Worker End (ms): Min: 2657216.6, Avg: 2657216.8, Max: 2657217.0, Diff: 0.4]
   [Code Root Fixup: 0.0 ms]
   [Clear CT: 1.8 ms]
   [Other: 15.2 ms]
      [Choose CSet: 0.0 ms]
      [Ref Proc: 9.0 ms]
      [Ref Enq: 0.6 ms]
      [Free CSet: 4.9 ms]
   [Eden: 1637.0M(1637.0M)->0.0B(1639.0M) Survivors: 14.0M->13.0M Heap: 1957.6M(2252.0M)->320.3M(2252.0M)]
 [Times: user=0.38 sys=0.00, real=0.03 secs] 

 Concurrent RS processed 1513503 cards
  Of 49529 completed buffers:
        49529 (100.0%) by conc RS threads.
            0 (  0.0%) by mutator threads.
  Conc RS threads times(s)
          0.00     0.00     0.00     0.00     0.00     0.00     0.00     0.00     0.00     0.00     0.00     0.00     0.00     0.00     0.00     0.00     0.00     0.00     0.00
  Total heap region rem set sizes = 6433K.  Max = 32K.
  Static structures = 369K, free_lists = 196K.
    330254 occupied cards represented.
    Max size region = 10:(O)[0x0000000763e00000,0x0000000763efff98,0x0000000763f00000], size = 33K, occupied = 48K.
    Did 1280 coarsenings.
2014-08-01T09:40:43.404-0500: 2663.847: [GC pause (young) 2663.847: [G1Ergonomics (CSet Construction) start choosing CSet, _pending_cards: 5332, predicted base time: 25.33 ms, remaining time: 74.67 ms, target pause time: 100.00 ms]
 2663.847: [G1Ergonomics (CSet Construction) add young regions to CSet, eden: 1639 regions, survivors: 13 regions, predicted young region time: 13.03 ms]
 2663.847: [G1Ergonomics (CSet Construction) finish choosing CSet, eden: 1639 regions, survivors: 13 regions, old: 0 regions, predicted pause time: 38.36 ms, target pause time: 100.00 ms]
, 0.0332090 secs]
   [Parallel Time: 18.4 ms, GC Workers: 18]
      [GC Worker Start (ms): Min: 2663847.7, Avg: 2663847.8, Max: 2663848.0, Diff: 0.4]
      [Ext Root Scanning (ms): Min: 6.2, Avg: 7.5, Max: 11.0, Diff: 4.8, Sum: 134.8]
      [Update RS (ms): Min: 0.0, Avg: 1.8, Max: 9.2, Diff: 9.2, Sum: 32.0]
         [Processed Buffers: Min: 0, Avg: 7.7, Max: 24, Diff: 24, Sum: 139]
      [Scan RS (ms): Min: 0.2, Avg: 0.7, Max: 0.9, Diff: 0.7, Sum: 12.6]
      [Object Copy (ms): Min: 1.6, Avg: 7.1, Max: 8.1, Diff: 6.4, Sum: 127.9]
      [Termination (ms): Min: 0.0, Avg: 0.6, Max: 0.9, Diff: 0.9, Sum: 11.6]
      [GC Worker Other (ms): Min: 0.0, Avg: 0.2, Max: 0.3, Diff: 0.3, Sum: 3.3]
      [GC Worker Total (ms): Min: 17.7, Avg: 17.9, Max: 18.1, Diff: 0.4, Sum: 322.3]
      [GC Worker End (ms): Min: 2663865.6, Avg: 2663865.7, Max: 2663865.9, Diff: 0.3]
   [Code Root Fixup: 0.0 ms]
   [Clear CT: 1.7 ms]
   [Other: 13.1 ms]
      [Choose CSet: 0.1 ms]
      [Ref Proc: 7.0 ms]
      [Ref Enq: 0.4 ms]
      [Free CSet: 4.9 ms]
   [Eden: 1639.0M(1639.0M)->0.0B(1643.0M) Survivors: 13.0M->11.0M Heap: 1959.3M(2252.0M)->318.3M(2252.0M)]
 [Times: user=0.36 sys=0.00, real=0.03 secs] 

 Concurrent RS processed 1515715 cards
  Of 49668 completed buffers:
        49668 (100.0%) by conc RS threads.
            0 (  0.0%) by mutator threads.
  Conc RS threads times(s)
          0.00     0.00     0.00     0.00     0.00     0.00     0.00     0.00     0.00     0.00     0.00     0.00     0.00     0.00     0.00     0.00     0.00     0.00     0.00
  Total heap region rem set sizes = 6437K.  Max = 32K.
  Static structures = 369K, free_lists = 195K.
    331034 occupied cards represented.
    Max size region = 10:(O)[0x0000000763e00000,0x0000000763efff98,0x0000000763f00000], size = 33K, occupied = 48K.
    Did 1280 coarsenings.
2014-08-01T09:40:50.338-0500: 2670.782: [GC pause (young) 2670.782: [G1Ergonomics (CSet Construction) start choosing CSet, _pending_cards: 5137, predicted base time: 24.00 ms, remaining time: 76.00 ms, target pause time: 100.00 ms]
 2670.782: [G1Ergonomics (CSet Construction) add young regions to CSet, eden: 1643 regions, survivors: 11 regions, predicted young region time: 11.39 ms]
 2670.782: [G1Ergonomics (CSet Construction) finish choosing CSet, eden: 1643 regions, survivors: 11 regions, old: 0 regions, predicted pause time: 35.39 ms, target pause time: 100.00 ms]
, 0.0354090 secs]
   [Parallel Time: 19.1 ms, GC Workers: 18]
      [GC Worker Start (ms): Min: 2670781.9, Avg: 2670782.1, Max: 2670782.2, Diff: 0.3]
      [Ext Root Scanning (ms): Min: 4.5, Avg: 7.1, Max: 17.9, Diff: 13.4, Sum: 127.0]
      [Update RS (ms): Min: 0.0, Avg: 1.5, Max: 3.5, Diff: 3.5, Sum: 27.9]
         [Processed Buffers: Min: 0, Avg: 7.7, Max: 26, Diff: 26, Sum: 139]
      [Scan RS (ms): Min: 0.3, Avg: 0.8, Max: 1.0, Diff: 0.7, Sum: 13.6]
      [Object Copy (ms): Min: 0.2, Avg: 7.5, Max: 8.7, Diff: 8.5, Sum: 134.9]
      [Termination (ms): Min: 0.0, Avg: 1.7, Max: 1.8, Diff: 1.8, Sum: 30.1]
      [GC Worker Other (ms): Min: 0.0, Avg: 0.2, Max: 0.4, Diff: 0.3, Sum: 3.2]
      [GC Worker Total (ms): Min: 18.5, Avg: 18.7, Max: 18.8, Diff: 0.4, Sum: 336.7]
      [GC Worker End (ms): Min: 2670800.6, Avg: 2670800.8, Max: 2670801.0, Diff: 0.3]
   [Code Root Fixup: 0.0 ms]
   [Clear CT: 1.8 ms]
   [Other: 14.5 ms]
      [Choose CSet: 0.0 ms]
      [Ref Proc: 6.4 ms]
      [Ref Enq: 0.5 ms]
      [Free CSet: 6.8 ms]
   [Eden: 1643.0M(1643.0M)->0.0B(1633.0M) Survivors: 11.0M->16.0M Heap: 1961.3M(2252.0M)->322.9M(2252.0M)]
 [Times: user=0.40 sys=0.00, real=0.03 secs] 

 Concurrent RS processed 1517979 cards
  Of 49807 completed buffers:
        49807 (100.0%) by conc RS threads.
            0 (  0.0%) by mutator threads.
  Conc RS threads times(s)
          0.00     0.00     0.00     0.00     0.00     0.00     0.00     0.00     0.00     0.00     0.00     0.00     0.00     0.00     0.00     0.00     0.00     0.00     0.00
  Total heap region rem set sizes = 6437K.  Max = 32K.
  Static structures = 369K, free_lists = 195K.
    331388 occupied cards represented.
    Max size region = 10:(O)[0x0000000763e00000,0x0000000763efff98,0x0000000763f00000], size = 33K, occupied = 48K.
    Did 1280 coarsenings.
2014-08-01T09:40:56.583-0500: 2677.027: [GC pause (young) 2677.027: [G1Ergonomics (CSet Construction) start choosing CSet, _pending_cards: 5337, predicted base time: 22.83 ms, remaining time: 77.17 ms, target pause time: 100.00 ms]
 2677.027: [G1Ergonomics (CSet Construction) add young regions to CSet, eden: 1633 regions, survivors: 16 regions, predicted young region time: 20.21 ms]
 2677.027: [G1Ergonomics (CSet Construction) finish choosing CSet, eden: 1633 regions, survivors: 16 regions, old: 0 regions, predicted pause time: 43.04 ms, target pause time: 100.00 ms]
, 0.0333600 secs]
   [Parallel Time: 19.2 ms, GC Workers: 18]
      [GC Worker Start (ms): Min: 2677026.9, Avg: 2677027.1, Max: 2677027.2, Diff: 0.3]
      [Ext Root Scanning (ms): Min: 6.0, Avg: 6.9, Max: 11.2, Diff: 5.2, Sum: 123.8]
      [Update RS (ms): Min: 0.0, Avg: 1.6, Max: 2.4, Diff: 2.4, Sum: 27.9]
         [Processed Buffers: Min: 0, Avg: 7.7, Max: 29, Diff: 29, Sum: 138]
      [Scan RS (ms): Min: 0.2, Avg: 0.8, Max: 1.0, Diff: 0.8, Sum: 14.2]
      [Object Copy (ms): Min: 7.0, Avg: 9.3, Max: 9.6, Diff: 2.6, Sum: 166.8]
      [Termination (ms): Min: 0.0, Avg: 0.1, Max: 0.1, Diff: 0.1, Sum: 1.1]
      [GC Worker Other (ms): Min: 0.0, Avg: 0.2, Max: 0.4, Diff: 0.3, Sum: 3.5]
      [GC Worker Total (ms): Min: 18.5, Avg: 18.7, Max: 19.0, Diff: 0.4, Sum: 337.3]
      [GC Worker End (ms): Min: 2677045.6, Avg: 2677045.8, Max: 2677046.0, Diff: 0.3]
   [Code Root Fixup: 0.0 ms]
   [Clear CT: 2.0 ms]
   [Other: 12.2 ms]
      [Choose CSet: 0.0 ms]
      [Ref Proc: 5.4 ms]
      [Ref Enq: 0.5 ms]
      [Free CSet: 5.6 ms]
   [Eden: 1633.0M(1633.0M)->0.0B(1637.0M) Survivors: 16.0M->14.0M Heap: 1955.9M(2252.0M)->321.3M(2252.0M)]
 [Times: user=0.39 sys=0.01, real=0.04 secs] 

 Concurrent RS processed 1520164 cards
  Of 49945 completed buffers:
        49945 (100.0%) by conc RS threads.
            0 (  0.0%) by mutator threads.
  Conc RS threads times(s)
          0.00     0.00     0.00     0.00     0.00     0.00     0.00     0.00     0.00     0.00     0.00     0.00     0.00     0.00     0.00     0.00     0.00     0.00     0.00
  Total heap region rem set sizes = 6437K.  Max = 32K.
  Static structures = 369K, free_lists = 195K.
    331723 occupied cards represented.
    Max size region = 10:(O)[0x0000000763e00000,0x0000000763efff98,0x0000000763f00000], size = 33K, occupied = 48K.
    Did 1280 coarsenings.
2014-08-01T09:41:03.061-0500: 2683.504: [GC pause (young) 2683.505: [G1Ergonomics (CSet Construction) start choosing CSet, _pending_cards: 5345, predicted base time: 21.61 ms, remaining time: 78.39 ms, target pause time: 100.00 ms]
 2683.505: [G1Ergonomics (CSet Construction) add young regions to CSet, eden: 1637 regions, survivors: 14 regions, predicted young region time: 15.12 ms]
 2683.505: [G1Ergonomics (CSet Construction) finish choosing CSet, eden: 1637 regions, survivors: 14 regions, old: 0 regions, predicted pause time: 36.74 ms, target pause time: 100.00 ms]
, 0.0459010 secs]
   [Parallel Time: 28.2 ms, GC Workers: 18]
      [GC Worker Start (ms): Min: 2683504.8, Avg: 2683505.0, Max: 2683505.2, Diff: 0.4]
      [Ext Root Scanning (ms): Min: 7.3, Avg: 9.1, Max: 26.2, Diff: 18.9, Sum: 164.2]
      [Update RS (ms): Min: 0.0, Avg: 1.7, Max: 4.2, Diff: 4.2, Sum: 29.8]
         [Processed Buffers: Min: 0, Avg: 7.7, Max: 23, Diff: 23, Sum: 139]
      [Scan RS (ms): Min: 0.2, Avg: 0.8, Max: 1.0, Diff: 0.7, Sum: 14.3]
      [Object Copy (ms): Min: 0.1, Avg: 8.1, Max: 9.1, Diff: 9.0, Sum: 146.4]
      [Termination (ms): Min: 0.0, Avg: 7.1, Max: 7.5, Diff: 7.5, Sum: 127.6]
      [GC Worker Other (ms): Min: 0.0, Avg: 0.2, Max: 0.4, Diff: 0.4, Sum: 3.5]
      [GC Worker Total (ms): Min: 26.7, Avg: 27.0, Max: 27.4, Diff: 0.7, Sum: 486.0]
      [GC Worker End (ms): Min: 2683531.8, Avg: 2683532.0, Max: 2683532.2, Diff: 0.4]
   [Code Root Fixup: 0.0 ms]
   [Clear CT: 2.5 ms]
   [Other: 15.2 ms]
      [Choose CSet: 0.0 ms]
      [Ref Proc: 9.2 ms]
      [Ref Enq: 0.4 ms]
      [Free CSet: 5.0 ms]
   [Eden: 1637.0M(1637.0M)->0.0B(1621.0M) Survivors: 14.0M->22.0M Heap: 1958.3M(2252.0M)->329.1M(2252.0M)]
 [Times: user=0.49 sys=0.01, real=0.05 secs] 

 Concurrent RS processed 1522440 cards
  Of 50084 completed buffers:
        50084 (100.0%) by conc RS threads.
            0 (  0.0%) by mutator threads.
  Conc RS threads times(s)
          0.00     0.00     0.00     0.00     0.00     0.00     0.00     0.00     0.00     0.00     0.00     0.00     0.00     0.00     0.00     0.00     0.00     0.00     0.00
  Total heap region rem set sizes = 6437K.  Max = 32K.
  Static structures = 369K, free_lists = 194K.
    332057 occupied cards represented.
    Max size region = 10:(O)[0x0000000763e00000,0x0000000763efff98,0x0000000763f00000], size = 33K, occupied = 48K.
    Did 1280 coarsenings.
2014-08-01T09:41:09.628-0500: 2690.071: [GC pause (young) 2690.071: [G1Ergonomics (CSet Construction) start choosing CSet, _pending_cards: 5099, predicted base time: 22.98 ms, remaining time: 77.02 ms, target pause time: 100.00 ms]
 2690.071: [G1Ergonomics (CSet Construction) add young regions to CSet, eden: 1621 regions, survivors: 22 regions, predicted young region time: 10.65 ms]
 2690.071: [G1Ergonomics (CSet Construction) finish choosing CSet, eden: 1621 regions, survivors: 22 regions, old: 0 regions, predicted pause time: 33.63 ms, target pause time: 100.00 ms]
, 0.0330900 secs]
   [Parallel Time: 17.6 ms, GC Workers: 18]
      [GC Worker Start (ms): Min: 2690071.3, Avg: 2690071.5, Max: 2690071.7, Diff: 0.4]
      [Ext Root Scanning (ms): Min: 5.9, Avg: 6.9, Max: 11.5, Diff: 5.6, Sum: 123.8]
      [Update RS (ms): Min: 0.0, Avg: 1.5, Max: 2.2, Diff: 2.2, Sum: 26.6]
         [Processed Buffers: Min: 0, Avg: 7.4, Max: 28, Diff: 28, Sum: 133]
      [Scan RS (ms): Min: 0.2, Avg: 0.7, Max: 0.9, Diff: 0.7, Sum: 13.4]
      [Object Copy (ms): Min: 4.2, Avg: 7.1, Max: 7.8, Diff: 3.6, Sum: 127.6]
      [Termination (ms): Min: 0.0, Avg: 0.5, Max: 1.0, Diff: 1.0, Sum: 9.3]
      [GC Worker Other (ms): Min: 0.0, Avg: 0.2, Max: 0.3, Diff: 0.3, Sum: 2.9]
      [GC Worker Total (ms): Min: 16.6, Avg: 16.9, Max: 17.3, Diff: 0.7, Sum: 303.6]
      [GC Worker End (ms): Min: 2690088.1, Avg: 2690088.3, Max: 2690088.6, Diff: 0.5]
   [Code Root Fixup: 0.0 ms]
   [Clear CT: 1.8 ms]
   [Other: 13.7 ms]
      [Choose CSet: 0.0 ms]
      [Ref Proc: 7.5 ms]
      [Ref Enq: 0.5 ms]
      [Free CSet: 5.1 ms]
   [Eden: 1621.0M(1621.0M)->0.0B(1641.0M) Survivors: 22.0M->12.0M Heap: 1950.1M(2252.0M)->319.8M(2252.0M)]
 [Times: user=0.36 sys=0.02, real=0.03 secs] 

 Concurrent RS processed 1524658 cards
  Of 50217 completed buffers:
        50217 (100.0%) by conc RS threads.
            0 (  0.0%) by mutator threads.
  Conc RS threads times(s)
          0.00     0.00     0.00     0.00     0.00     0.00     0.00     0.00     0.00     0.00     0.00     0.00     0.00     0.00     0.00     0.00     0.00     0.00     0.00
  Total heap region rem set sizes = 6437K.  Max = 32K.
  Static structures = 369K, free_lists = 194K.
    332521 occupied cards represented.
    Max size region = 10:(O)[0x0000000763e00000,0x0000000763efff98,0x0000000763f00000], size = 33K, occupied = 48K.
    Did 1280 coarsenings.
2014-08-01T09:41:15.969-0500: 2696.412: [GC pause (young) 2696.413: [G1Ergonomics (CSet Construction) start choosing CSet, _pending_cards: 5584, predicted base time: 22.35 ms, remaining time: 77.65 ms, target pause time: 100.00 ms]
 2696.413: [G1Ergonomics (CSet Construction) add young regions to CSet, eden: 1641 regions, survivors: 12 regions, predicted young region time: 14.35 ms]
 2696.413: [G1Ergonomics (CSet Construction) finish choosing CSet, eden: 1641 regions, survivors: 12 regions, old: 0 regions, predicted pause time: 36.70 ms, target pause time: 100.00 ms]
, 0.0266600 secs]
   [Parallel Time: 13.7 ms, GC Workers: 18]
      [GC Worker Start (ms): Min: 2696412.9, Avg: 2696413.1, Max: 2696413.2, Diff: 0.3]
      [Ext Root Scanning (ms): Min: 3.9, Avg: 4.9, Max: 6.7, Diff: 2.8, Sum: 88.8]
      [Update RS (ms): Min: 0.0, Avg: 1.0, Max: 3.0, Diff: 3.0, Sum: 18.5]
         [Processed Buffers: Min: 0, Avg: 7.9, Max: 24, Diff: 24, Sum: 142]
      [Scan RS (ms): Min: 0.1, Avg: 0.5, Max: 0.8, Diff: 0.6, Sum: 9.3]
      [Object Copy (ms): Min: 5.8, Avg: 6.5, Max: 6.8, Diff: 1.0, Sum: 116.2]
      [Termination (ms): Min: 0.0, Avg: 0.0, Max: 0.1, Diff: 0.1, Sum: 0.8]
      [GC Worker Other (ms): Min: 0.0, Avg: 0.2, Max: 0.4, Diff: 0.4, Sum: 3.0]
      [GC Worker Total (ms): Min: 12.9, Avg: 13.2, Max: 13.5, Diff: 0.6, Sum: 236.8]
      [GC Worker End (ms): Min: 2696426.1, Avg: 2696426.2, Max: 2696426.5, Diff: 0.4]
   [Code Root Fixup: 0.0 ms]
   [Clear CT: 1.4 ms]
   [Other: 11.6 ms]
      [Choose CSet: 0.0 ms]
      [Ref Proc: 5.8 ms]
      [Ref Enq: 0.4 ms]
      [Free CSet: 4.7 ms]
   [Eden: 1641.0M(1641.0M)->0.0B(1643.0M) Survivors: 12.0M->11.0M Heap: 1960.8M(2252.0M)->318.8M(2252.0M)]
 [Times: user=0.28 sys=0.00, real=0.02 secs] 

 Concurrent RS processed 1526962 cards
  Of 50359 completed buffers:
        50359 (100.0%) by conc RS threads.
            0 (  0.0%) by mutator threads.
  Conc RS threads times(s)
          0.00     0.00     0.00     0.00     0.00     0.00     0.00     0.00     0.00     0.00     0.00     0.00     0.00     0.00     0.00     0.00     0.00     0.00     0.00
  Total heap region rem set sizes = 6437K.  Max = 32K.
  Static structures = 369K, free_lists = 194K.
    332867 occupied cards represented.
    Max size region = 10:(O)[0x0000000763e00000,0x0000000763efff98,0x0000000763f00000], size = 33K, occupied = 48K.
    Did 1280 coarsenings.
2014-08-01T09:41:22.256-0500: 2702.700: [GC pause (young) 2702.700: [G1Ergonomics (CSet Construction) start choosing CSet, _pending_cards: 5333, predicted base time: 20.68 ms, remaining time: 79.32 ms, target pause time: 100.00 ms]
 2702.700: [G1Ergonomics (CSet Construction) add young regions to CSet, eden: 1643 regions, survivors: 11 regions, predicted young region time: 10.67 ms]
 2702.700: [G1Ergonomics (CSet Construction) finish choosing CSet, eden: 1643 regions, survivors: 11 regions, old: 0 regions, predicted pause time: 31.35 ms, target pause time: 100.00 ms]
, 0.0348950 secs]
   [Parallel Time: 19.2 ms, GC Workers: 18]
      [GC Worker Start (ms): Min: 2702699.9, Avg: 2702700.1, Max: 2702700.3, Diff: 0.3]
      [Ext Root Scanning (ms): Min: 6.6, Avg: 8.3, Max: 12.6, Diff: 6.1, Sum: 148.7]
      [Update RS (ms): Min: 0.0, Avg: 1.5, Max: 2.6, Diff: 2.6, Sum: 27.2]
         [Processed Buffers: Min: 0, Avg: 7.5, Max: 20, Diff: 20, Sum: 135]
      [Scan RS (ms): Min: 0.2, Avg: 0.8, Max: 1.0, Diff: 0.7, Sum: 14.5]
      [Object Copy (ms): Min: 4.9, Avg: 7.2, Max: 7.8, Diff: 2.8, Sum: 130.3]
      [Termination (ms): Min: 0.0, Avg: 0.1, Max: 0.1, Diff: 0.1, Sum: 1.6]
      [GC Worker Other (ms): Min: 0.0, Avg: 0.3, Max: 1.1, Diff: 1.0, Sum: 5.6]
      [GC Worker Total (ms): Min: 17.8, Avg: 18.2, Max: 19.1, Diff: 1.3, Sum: 327.9]
      [GC Worker End (ms): Min: 2702718.0, Avg: 2702718.3, Max: 2702719.1, Diff: 1.0]
   [Code Root Fixup: 0.0 ms]
   [Clear CT: 1.8 ms]
   [Other: 13.9 ms]
      [Choose CSet: 0.0 ms]
      [Ref Proc: 7.6 ms]
      [Ref Enq: 0.6 ms]
      [Free CSet: 5.0 ms]
   [Eden: 1643.0M(1643.0M)->0.0B(1635.0M) Survivors: 11.0M->15.0M Heap: 1961.8M(2252.0M)->322.3M(2252.0M)]
 [Times: user=0.35 sys=0.00, real=0.04 secs] 

 Concurrent RS processed 1529149 cards
  Of 50494 completed buffers:
        50494 (100.0%) by conc RS threads.
            0 (  0.0%) by mutator threads.
  Conc RS threads times(s)
          0.00     0.00     0.00     0.00     0.00     0.00     0.00     0.00     0.00     0.00     0.00     0.00     0.00     0.00     0.00     0.00     0.00     0.00     0.00
  Total heap region rem set sizes = 6437K.  Max = 32K.
  Static structures = 369K, free_lists = 194K.
    333214 occupied cards represented.
    Max size region = 10:(O)[0x0000000763e00000,0x0000000763efff98,0x0000000763f00000], size = 33K, occupied = 48K.
    Did 1280 coarsenings.
2014-08-01T09:41:28.537-0500: 2708.980: [GC pause (young) 2708.980: [G1Ergonomics (CSet Construction) start choosing CSet, _pending_cards: 5348, predicted base time: 21.28 ms, remaining time: 78.72 ms, target pause time: 100.00 ms]
 2708.980: [G1Ergonomics (CSet Construction) add young regions to CSet, eden: 1635 regions, survivors: 15 regions, predicted young region time: 9.98 ms]
 2708.980: [G1Ergonomics (CSet Construction) finish choosing CSet, eden: 1635 regions, survivors: 15 regions, old: 0 regions, predicted pause time: 31.27 ms, target pause time: 100.00 ms]
, 0.0386440 secs]
   [Parallel Time: 20.3 ms, GC Workers: 18]
      [GC Worker Start (ms): Min: 2708980.3, Avg: 2708980.5, Max: 2708980.6, Diff: 0.3]
      [Ext Root Scanning (ms): Min: 5.8, Avg: 6.8, Max: 10.2, Diff: 4.4, Sum: 121.7]
      [Update RS (ms): Min: 0.0, Avg: 1.5, Max: 3.9, Diff: 3.9, Sum: 27.8]
         [Processed Buffers: Min: 0, Avg: 7.6, Max: 17, Diff: 17, Sum: 136]
      [Scan RS (ms): Min: 0.2, Avg: 0.8, Max: 1.0, Diff: 0.8, Sum: 15.3]
      [Object Copy (ms): Min: 7.1, Avg: 8.4, Max: 10.6, Diff: 3.5, Sum: 151.9]
      [Termination (ms): Min: 0.0, Avg: 2.1, Max: 2.2, Diff: 2.2, Sum: 37.2]
      [GC Worker Other (ms): Min: 0.0, Avg: 0.2, Max: 0.4, Diff: 0.3, Sum: 3.7]
      [GC Worker Total (ms): Min: 19.6, Avg: 19.9, Max: 20.2, Diff: 0.6, Sum: 357.6]
      [GC Worker End (ms): Min: 2709000.2, Avg: 2709000.3, Max: 2709000.5, Diff: 0.4]
   [Code Root Fixup: 0.0 ms]
   [Clear CT: 3.6 ms]
   [Other: 14.7 ms]
      [Choose CSet: 0.0 ms]
      [Ref Proc: 8.7 ms]
      [Ref Enq: 0.6 ms]
      [Free CSet: 4.7 ms]
   [Eden: 1635.0M(1635.0M)->0.0B(1637.0M) Survivors: 15.0M->14.0M Heap: 1957.3M(2252.0M)->322.0M(2252.0M)]
 [Times: user=0.40 sys=0.00, real=0.04 secs] 

 Concurrent RS processed 1531409 cards
  Of 50630 completed buffers:
        50630 (100.0%) by conc RS threads.
            0 (  0.0%) by mutator threads.
  Conc RS threads times(s)
          0.00     0.00     0.00     0.00     0.00     0.00     0.00     0.00     0.00     0.00     0.00     0.00     0.00     0.00     0.00     0.00     0.00     0.00     0.00
  Total heap region rem set sizes = 6437K.  Max = 32K.
  Static structures = 369K, free_lists = 194K.
    333574 occupied cards represented.
    Max size region = 10:(O)[0x0000000763e00000,0x0000000763efff98,0x0000000763f00000], size = 33K, occupied = 48K.
    Did 1280 coarsenings.
2014-08-01T09:41:35.079-0500: 2715.522: [GC pause (young) 2715.522: [G1Ergonomics (CSet Construction) start choosing CSet, _pending_cards: 5374, predicted base time: 21.92 ms, remaining time: 78.08 ms, target pause time: 100.00 ms]
 2715.522: [G1Ergonomics (CSet Construction) add young regions to CSet, eden: 1637 regions, survivors: 14 regions, predicted young region time: 14.64 ms]
 2715.522: [G1Ergonomics (CSet Construction) finish choosing CSet, eden: 1637 regions, survivors: 14 regions, old: 0 regions, predicted pause time: 36.56 ms, target pause time: 100.00 ms]
, 0.0419600 secs]
   [Parallel Time: 24.5 ms, GC Workers: 18]
      [GC Worker Start (ms): Min: 2715522.5, Avg: 2715522.7, Max: 2715522.9, Diff: 0.5]
      [Ext Root Scanning (ms): Min: 5.1, Avg: 6.8, Max: 11.6, Diff: 6.4, Sum: 121.5]
      [Update RS (ms): Min: 0.0, Avg: 1.5, Max: 3.8, Diff: 3.8, Sum: 27.3]
         [Processed Buffers: Min: 0, Avg: 8.6, Max: 24, Diff: 24, Sum: 154]
      [Scan RS (ms): Min: 0.2, Avg: 0.9, Max: 2.1, Diff: 1.8, Sum: 16.6]
      [Object Copy (ms): Min: 9.0, Avg: 11.9, Max: 14.2, Diff: 5.2, Sum: 215.1]
      [Termination (ms): Min: 0.1, Avg: 2.5, Max: 2.7, Diff: 2.7, Sum: 45.8]
      [GC Worker Other (ms): Min: 0.0, Avg: 0.2, Max: 0.5, Diff: 0.5, Sum: 4.1]
      [GC Worker Total (ms): Min: 23.5, Avg: 23.9, Max: 24.4, Diff: 0.8, Sum: 430.4]
      [GC Worker End (ms): Min: 2715546.4, Avg: 2715546.6, Max: 2715546.9, Diff: 0.5]
   [Code Root Fixup: 0.0 ms]
   [Clear CT: 2.1 ms]
   [Other: 15.4 ms]
      [Choose CSet: 0.0 ms]
      [Ref Proc: 9.5 ms]
      [Ref Enq: 0.4 ms]
      [Free CSet: 4.8 ms]
   [Eden: 1637.0M(1637.0M)->0.0B(1637.0M) Survivors: 14.0M->14.0M Heap: 1959.0M(2252.0M)->321.4M(2252.0M)]
 [Times: user=0.49 sys=0.01, real=0.05 secs] 

 Concurrent RS processed 1533650 cards
  Of 50784 completed buffers:
        50784 (100.0%) by conc RS threads.
            0 (  0.0%) by mutator threads.
  Conc RS threads times(s)
          0.00     0.00     0.00     0.00     0.00     0.00     0.00     0.00     0.00     0.00     0.00     0.00     0.00     0.00     0.00     0.00     0.00     0.00     0.00
  Total heap region rem set sizes = 6437K.  Max = 32K.
  Static structures = 369K, free_lists = 194K.
    333933 occupied cards represented.
    Max size region = 10:(O)[0x0000000763e00000,0x0000000763efff98,0x0000000763f00000], size = 33K, occupied = 48K.
    Did 1280 coarsenings.
2014-08-01T09:41:41.621-0500: 2722.065: [GC pause (young) 2722.065: [G1Ergonomics (CSet Construction) start choosing CSet, _pending_cards: 5379, predicted base time: 22.03 ms, remaining time: 77.97 ms, target pause time: 100.00 ms]
 2722.065: [G1Ergonomics (CSet Construction) add young regions to CSet, eden: 1637 regions, survivors: 14 regions, predicted young region time: 15.33 ms]
 2722.065: [G1Ergonomics (CSet Construction) finish choosing CSet, eden: 1637 regions, survivors: 14 regions, old: 0 regions, predicted pause time: 37.36 ms, target pause time: 100.00 ms]
, 0.0375780 secs]
   [Parallel Time: 19.8 ms, GC Workers: 18]
      [GC Worker Start (ms): Min: 2722064.9, Avg: 2722065.0, Max: 2722065.2, Diff: 0.3]
      [Ext Root Scanning (ms): Min: 6.0, Avg: 7.9, Max: 11.4, Diff: 5.4, Sum: 141.4]
      [Update RS (ms): Min: 0.0, Avg: 1.4, Max: 2.9, Diff: 2.9, Sum: 25.7]
         [Processed Buffers: Min: 0, Avg: 7.8, Max: 31, Diff: 31, Sum: 141]
      [Scan RS (ms): Min: 0.2, Avg: 1.2, Max: 8.7, Diff: 8.5, Sum: 22.1]
      [Object Copy (ms): Min: 1.6, Avg: 7.9, Max: 9.5, Diff: 7.9, Sum: 141.8]
      [Termination (ms): Min: 0.0, Avg: 0.7, Max: 0.7, Diff: 0.7, Sum: 11.8]
      [GC Worker Other (ms): Min: 0.0, Avg: 0.2, Max: 0.3, Diff: 0.3, Sum: 2.9]
      [GC Worker Total (ms): Min: 19.0, Avg: 19.2, Max: 19.5, Diff: 0.5, Sum: 345.7]
      [GC Worker End (ms): Min: 2722084.1, Avg: 2722084.2, Max: 2722084.4, Diff: 0.3]
   [Code Root Fixup: 0.0 ms]
   [Clear CT: 1.4 ms]
   [Other: 16.3 ms]
      [Choose CSet: 0.0 ms]
      [Ref Proc: 10.4 ms]
      [Ref Enq: 0.4 ms]
      [Free CSet: 5.0 ms]
   [Eden: 1637.0M(1637.0M)->0.0B(1641.0M) Survivors: 14.0M->12.0M Heap: 1958.4M(2252.0M)->319.4M(2252.0M)]
 [Times: user=0.40 sys=0.00, real=0.03 secs] 

 Concurrent RS processed 1535944 cards
  Of 50925 completed buffers:
        50925 (100.0%) by conc RS threads.
            0 (  0.0%) by mutator threads.
  Conc RS threads times(s)
          0.00     0.00     0.00     0.00     0.00     0.00     0.00     0.00     0.00     0.00     0.00     0.00     0.00     0.00     0.00     0.00     0.00     0.00     0.00
  Total heap region rem set sizes = 6437K.  Max = 32K.
  Static structures = 369K, free_lists = 194K.
    334247 occupied cards represented.
    Max size region = 10:(O)[0x0000000763e00000,0x0000000763efff98,0x0000000763f00000], size = 33K, occupied = 48K.
    Did 1280 coarsenings.
2014-08-01T09:41:47.937-0500: 2728.380: [GC pause (young) 2728.380: [G1Ergonomics (CSet Construction) start choosing CSet, _pending_cards: 5078, predicted base time: 22.37 ms, remaining time: 77.63 ms, target pause time: 100.00 ms]
 2728.380: [G1Ergonomics (CSet Construction) add young regions to CSet, eden: 1641 regions, survivors: 12 regions, predicted young region time: 18.20 ms]
 2728.380: [G1Ergonomics (CSet Construction) finish choosing CSet, eden: 1641 regions, survivors: 12 regions, old: 0 regions, predicted pause time: 40.56 ms, target pause time: 100.00 ms]
, 0.0360610 secs]
   [Parallel Time: 21.1 ms, GC Workers: 18]
      [GC Worker Start (ms): Min: 2728380.6, Avg: 2728380.9, Max: 2728381.0, Diff: 0.4]
      [Ext Root Scanning (ms): Min: 4.5, Avg: 6.5, Max: 11.4, Diff: 6.9, Sum: 117.6]
      [Update RS (ms): Min: 0.0, Avg: 1.4, Max: 3.4, Diff: 3.4, Sum: 25.1]
         [Processed Buffers: Min: 0, Avg: 7.7, Max: 20, Diff: 20, Sum: 138]
      [Scan RS (ms): Min: 0.2, Avg: 0.7, Max: 1.0, Diff: 0.8, Sum: 12.9]
      [Object Copy (ms): Min: 8.3, Avg: 11.3, Max: 11.8, Diff: 3.5, Sum: 202.7]
      [Termination (ms): Min: 0.0, Avg: 0.2, Max: 0.3, Diff: 0.3, Sum: 3.3]
      [GC Worker Other (ms): Min: 0.0, Avg: 0.5, Max: 1.3, Diff: 1.2, Sum: 8.9]
      [GC Worker Total (ms): Min: 20.1, Avg: 20.6, Max: 21.0, Diff: 0.9, Sum: 370.6]
      [GC Worker End (ms): Min: 2728401.0, Avg: 2728401.5, Max: 2728401.7, Diff: 0.7]
   [Code Root Fixup: 0.0 ms]
   [Clear CT: 1.9 ms]
   [Other: 13.0 ms]
      [Choose CSet: 0.0 ms]
      [Ref Proc: 6.8 ms]
      [Ref Enq: 0.5 ms]
      [Free CSet: 5.0 ms]
   [Eden: 1641.0M(1641.0M)->0.0B(1635.0M) Survivors: 12.0M->15.0M Heap: 1960.4M(2252.0M)->323.3M(2252.0M)]
 [Times: user=0.42 sys=0.01, real=0.04 secs] 

 Concurrent RS processed 1538215 cards
  Of 51063 completed buffers:
        51063 (100.0%) by conc RS threads.
            0 (  0.0%) by mutator threads.
  Conc RS threads times(s)
          0.00     0.00     0.00     0.00     0.00     0.00     0.00     0.00     0.00     0.00     0.00     0.00     0.00     0.00     0.00     0.00     0.00     0.00     0.00
  Total heap region rem set sizes = 6439K.  Max = 32K.
  Static structures = 369K, free_lists = 194K.
    334534 occupied cards represented.
    Max size region = 10:(O)[0x0000000763e00000,0x0000000763efff98,0x0000000763f00000], size = 33K, occupied = 49K.
    Did 1280 coarsenings.
2014-08-01T09:41:54.434-0500: 2734.877: [GC pause (young) 2734.877: [G1Ergonomics (CSet Construction) start choosing CSet, _pending_cards: 5334, predicted base time: 21.63 ms, remaining time: 78.37 ms, target pause time: 100.00 ms]
 2734.877: [G1Ergonomics (CSet Construction) add young regions to CSet, eden: 1635 regions, survivors: 15 regions, predicted young region time: 11.52 ms]
 2734.877: [G1Ergonomics (CSet Construction) finish choosing CSet, eden: 1635 regions, survivors: 15 regions, old: 0 regions, predicted pause time: 33.15 ms, target pause time: 100.00 ms]
, 0.0481940 secs]
   [Parallel Time: 18.8 ms, GC Workers: 18]
      [GC Worker Start (ms): Min: 2734877.3, Avg: 2734877.5, Max: 2734877.7, Diff: 0.4]
      [Ext Root Scanning (ms): Min: 6.4, Avg: 7.3, Max: 12.0, Diff: 5.6, Sum: 130.9]
      [Update RS (ms): Min: 0.0, Avg: 1.6, Max: 4.2, Diff: 4.2, Sum: 28.9]
         [Processed Buffers: Min: 0, Avg: 7.6, Max: 21, Diff: 21, Sum: 137]
      [Scan RS (ms): Min: 0.2, Avg: 0.8, Max: 1.7, Diff: 1.4, Sum: 15.1]
      [Object Copy (ms): Min: 4.9, Avg: 8.1, Max: 8.7, Diff: 3.8, Sum: 146.3]
      [Termination (ms): Min: 0.0, Avg: 0.1, Max: 0.1, Diff: 0.1, Sum: 1.0]
      [GC Worker Other (ms): Min: 0.1, Avg: 0.3, Max: 0.5, Diff: 0.5, Sum: 5.4]
      [GC Worker Total (ms): Min: 17.8, Avg: 18.2, Max: 18.5, Diff: 0.7, Sum: 327.4]
      [GC Worker End (ms): Min: 2734895.5, Avg: 2734895.7, Max: 2734895.9, Diff: 0.5]
   [Code Root Fixup: 0.0 ms]
   [Clear CT: 2.5 ms]
   [Other: 26.9 ms]
      [Choose CSet: 0.0 ms]
      [Ref Proc: 20.4 ms]
      [Ref Enq: 0.4 ms]
      [Free CSet: 5.4 ms]
   [Eden: 1635.0M(1635.0M)->0.0B(1638.0M) Survivors: 15.0M->13.0M Heap: 1958.3M(2252.0M)->321.1M(2252.0M)]
 [Times: user=0.54 sys=0.01, real=0.04 secs] 

 Concurrent RS processed 1540426 cards
  Of 51200 completed buffers:
        51200 (100.0%) by conc RS threads.
            0 (  0.0%) by mutator threads.
  Conc RS threads times(s)
          0.00     0.00     0.00     0.00     0.00     0.00     0.00     0.00     0.00     0.00     0.00     0.00     0.00     0.00     0.00     0.00     0.00     0.00     0.00
  Total heap region rem set sizes = 6439K.  Max = 32K.
  Static structures = 369K, free_lists = 194K.
    334840 occupied cards represented.
    Max size region = 10:(O)[0x0000000763e00000,0x0000000763efff98,0x0000000763f00000], size = 33K, occupied = 49K.
    Did 1280 coarsenings.
2014-08-01T09:42:00.996-0500: 2741.440: [GC pause (young) 2741.440: [G1Ergonomics (CSet Construction) start choosing CSet, _pending_cards: 5383, predicted base time: 27.18 ms, remaining time: 72.82 ms, target pause time: 100.00 ms]
 2741.440: [G1Ergonomics (CSet Construction) add young regions to CSet, eden: 1638 regions, survivors: 13 regions, predicted young region time: 22.27 ms]
 2741.440: [G1Ergonomics (CSet Construction) finish choosing CSet, eden: 1638 regions, survivors: 13 regions, old: 0 regions, predicted pause time: 49.45 ms, target pause time: 100.00 ms]
, 0.0376340 secs]
   [Parallel Time: 19.4 ms, GC Workers: 18]
      [GC Worker Start (ms): Min: 2741440.0, Avg: 2741440.2, Max: 2741440.4, Diff: 0.4]
      [Ext Root Scanning (ms): Min: 5.8, Avg: 6.9, Max: 11.3, Diff: 5.5, Sum: 124.9]
      [Update RS (ms): Min: 0.0, Avg: 1.6, Max: 3.2, Diff: 3.2, Sum: 28.2]
         [Processed Buffers: Min: 0, Avg: 8.1, Max: 31, Diff: 31, Sum: 145]
      [Scan RS (ms): Min: 0.2, Avg: 0.8, Max: 1.0, Diff: 0.8, Sum: 13.8]
      [Object Copy (ms): Min: 6.7, Avg: 8.9, Max: 9.3, Diff: 2.6, Sum: 160.4]
      [Termination (ms): Min: 0.0, Avg: 0.1, Max: 0.1, Diff: 0.1, Sum: 1.2]
      [GC Worker Other (ms): Min: 0.1, Avg: 0.2, Max: 0.4, Diff: 0.4, Sum: 4.3]
      [GC Worker Total (ms): Min: 18.2, Avg: 18.5, Max: 18.8, Diff: 0.6, Sum: 332.8]
      [GC Worker End (ms): Min: 2741458.5, Avg: 2741458.7, Max: 2741458.9, Diff: 0.4]
   [Code Root Fixup: 0.0 ms]
   [Clear CT: 1.8 ms]
   [Other: 16.4 ms]
      [Choose CSet: 0.0 ms]
      [Ref Proc: 8.8 ms]
      [Ref Enq: 0.6 ms]
      [Free CSet: 6.3 ms]
   [Eden: 1638.0M(1638.0M)->0.0B(1632.0M) Survivors: 13.0M->16.0M Heap: 1959.1M(2252.0M)->323.8M(2252.0M)]
 [Times: user=0.41 sys=0.00, real=0.04 secs] 

 Concurrent RS processed 1542708 cards
  Of 51345 completed buffers:
        51345 (100.0%) by conc RS threads.
            0 (  0.0%) by mutator threads.
  Conc RS threads times(s)
          0.00     0.00     0.00     0.00     0.00     0.00     0.00     0.00     0.00     0.00     0.00     0.00     0.00     0.00     0.00     0.00     0.00     0.00     0.00
  Total heap region rem set sizes = 6440K.  Max = 32K.
  Static structures = 369K, free_lists = 194K.
    335149 occupied cards represented.
    Max size region = 10:(O)[0x0000000763e00000,0x0000000763efff98,0x0000000763f00000], size = 33K, occupied = 49K.
    Did 1280 coarsenings.
2014-08-01T09:42:07.526-0500: 2747.970: [GC pause (young) 2747.970: [G1Ergonomics (CSet Construction) start choosing CSet, _pending_cards: 5904, predicted base time: 26.04 ms, remaining time: 73.96 ms, target pause time: 100.00 ms]
 2747.970: [G1Ergonomics (CSet Construction) add young regions to CSet, eden: 1632 regions, survivors: 16 regions, predicted young region time: 17.31 ms]
 2747.970: [G1Ergonomics (CSet Construction) finish choosing CSet, eden: 1632 regions, survivors: 16 regions, old: 0 regions, predicted pause time: 43.35 ms, target pause time: 100.00 ms]
, 0.0436870 secs]
   [Parallel Time: 21.3 ms, GC Workers: 18]
      [GC Worker Start (ms): Min: 2747970.0, Avg: 2747970.2, Max: 2747970.3, Diff: 0.3]
      [Ext Root Scanning (ms): Min: 5.0, Avg: 6.7, Max: 11.6, Diff: 6.6, Sum: 120.7]
      [Update RS (ms): Min: 0.0, Avg: 1.4, Max: 3.2, Diff: 3.2, Sum: 25.1]
         [Processed Buffers: Min: 0, Avg: 8.1, Max: 25, Diff: 25, Sum: 145]
      [Scan RS (ms): Min: 0.2, Avg: 0.8, Max: 0.9, Diff: 0.7, Sum: 13.6]
      [Object Copy (ms): Min: 7.2, Avg: 10.4, Max: 11.7, Diff: 4.4, Sum: 186.9]
      [Termination (ms): Min: 0.2, Avg: 1.2, Max: 1.7, Diff: 1.5, Sum: 22.0]
      [GC Worker Other (ms): Min: 0.0, Avg: 0.2, Max: 0.4, Diff: 0.4, Sum: 3.6]
      [GC Worker Total (ms): Min: 20.3, Avg: 20.7, Max: 21.1, Diff: 0.8, Sum: 372.0]
      [GC Worker End (ms): Min: 2747990.6, Avg: 2747990.8, Max: 2747991.1, Diff: 0.5]
   [Code Root Fixup: 0.0 ms]
   [Clear CT: 1.9 ms]
   [Other: 20.5 ms]
      [Choose CSet: 0.0 ms]
      [Ref Proc: 11.6 ms]
      [Ref Enq: 1.1 ms]
      [Free CSet: 7.1 ms]
   [Eden: 1632.0M(1632.0M)->0.0B(1624.0M) Survivors: 16.0M->20.0M Heap: 1955.8M(2252.0M)->328.3M(2252.0M)]
 [Times: user=0.47 sys=0.01, real=0.04 secs] 

 Concurrent RS processed 1544946 cards
  Of 51490 completed buffers:
        51490 (100.0%) by conc RS threads.
            0 (  0.0%) by mutator threads.
  Conc RS threads times(s)
          0.00     0.00     0.00     0.00     0.00     0.00     0.00     0.00     0.00     0.00     0.00     0.00     0.00     0.00     0.00     0.00     0.00     0.00     0.00
  Total heap region rem set sizes = 6443K.  Max = 32K.
  Static structures = 369K, free_lists = 193K.
    335585 occupied cards represented.
    Max size region = 10:(O)[0x0000000763e00000,0x0000000763efff98,0x0000000763f00000], size = 33K, occupied = 49K.
    Did 1280 coarsenings.
2014-08-01T09:42:14.207-0500: 2754.651: [GC pause (young) 2754.651: [G1Ergonomics (CSet Construction) start choosing CSet, _pending_cards: 5413, predicted base time: 25.65 ms, remaining time: 74.35 ms, target pause time: 100.00 ms]
 2754.651: [G1Ergonomics (CSet Construction) add young regions to CSet, eden: 1624 regions, survivors: 20 regions, predicted young region time: 18.11 ms]
 2754.651: [G1Ergonomics (CSet Construction) finish choosing CSet, eden: 1624 regions, survivors: 20 regions, old: 0 regions, predicted pause time: 43.76 ms, target pause time: 100.00 ms]
, 0.0276930 secs]
   [Parallel Time: 16.2 ms, GC Workers: 18]
      [GC Worker Start (ms): Min: 2754651.5, Avg: 2754651.7, Max: 2754651.8, Diff: 0.3]
      [Ext Root Scanning (ms): Min: 4.6, Avg: 6.2, Max: 7.9, Diff: 3.3, Sum: 111.9]
      [Update RS (ms): Min: 0.0, Avg: 0.8, Max: 2.1, Diff: 2.1, Sum: 14.6]
         [Processed Buffers: Min: 0, Avg: 8.0, Max: 28, Diff: 28, Sum: 144]
      [Scan RS (ms): Min: 0.2, Avg: 0.4, Max: 0.8, Diff: 0.6, Sum: 7.9]
      [Object Copy (ms): Min: 7.3, Avg: 8.0, Max: 8.5, Diff: 1.2, Sum: 144.0]
      [Termination (ms): Min: 0.0, Avg: 0.1, Max: 0.1, Diff: 0.1, Sum: 1.7]
      [GC Worker Other (ms): Min: 0.0, Avg: 0.2, Max: 0.3, Diff: 0.3, Sum: 3.4]
      [GC Worker Total (ms): Min: 15.5, Avg: 15.7, Max: 16.0, Diff: 0.5, Sum: 283.5]
      [GC Worker End (ms): Min: 2754667.2, Avg: 2754667.4, Max: 2754667.5, Diff: 0.3]
   [Code Root Fixup: 0.0 ms]
   [Clear CT: 1.6 ms]
   [Other: 9.9 ms]
      [Choose CSet: 0.0 ms]
      [Ref Proc: 5.1 ms]
      [Ref Enq: 0.3 ms]
      [Free CSet: 3.7 ms]
   [Eden: 1624.0M(1624.0M)->0.0B(1638.0M) Survivors: 20.0M->13.0M Heap: 1952.3M(2252.0M)->320.8M(2252.0M)]
 [Times: user=0.30 sys=0.01, real=0.02 secs] 

 Concurrent RS processed 1547402 cards
  Of 51634 completed buffers:
        51634 (100.0%) by conc RS threads.
            0 (  0.0%) by mutator threads.
  Conc RS threads times(s)
          0.00     0.00     0.00     0.00     0.00     0.00     0.00     0.00     0.00     0.00     0.00     0.00     0.00     0.00     0.00     0.00     0.00     0.00     0.00
  Total heap region rem set sizes = 6444K.  Max = 32K.
  Static structures = 369K, free_lists = 193K.
    335949 occupied cards represented.
    Max size region = 10:(O)[0x0000000763e00000,0x0000000763efff98,0x0000000763f00000], size = 33K, occupied = 49K.
    Did 1280 coarsenings.
2014-08-01T09:42:20.917-0500: 2761.361: [GC pause (young) 2761.361: [G1Ergonomics (CSet Construction) start choosing CSet, _pending_cards: 6428, predicted base time: 23.75 ms, remaining time: 76.25 ms, target pause time: 100.00 ms]
 2761.361: [G1Ergonomics (CSet Construction) add young regions to CSet, eden: 1638 regions, survivors: 13 regions, predicted young region time: 11.02 ms]
 2761.361: [G1Ergonomics (CSet Construction) finish choosing CSet, eden: 1638 regions, survivors: 13 regions, old: 0 regions, predicted pause time: 34.77 ms, target pause time: 100.00 ms]
, 0.0353460 secs]
   [Parallel Time: 20.7 ms, GC Workers: 18]
      [GC Worker Start (ms): Min: 2761361.3, Avg: 2761361.7, Max: 2761363.5, Diff: 2.2]
      [Ext Root Scanning (ms): Min: 5.5, Avg: 9.0, Max: 12.6, Diff: 7.1, Sum: 161.4]
      [Update RS (ms): Min: 0.0, Avg: 1.5, Max: 3.3, Diff: 3.3, Sum: 26.3]
         [Processed Buffers: Min: 0, Avg: 8.2, Max: 25, Diff: 25, Sum: 147]
      [Scan RS (ms): Min: 0.6, Avg: 0.8, Max: 0.9, Diff: 0.3, Sum: 14.7]
      [Object Copy (ms): Min: 6.1, Avg: 7.6, Max: 8.4, Diff: 2.4, Sum: 137.3]
      [Termination (ms): Min: 0.0, Avg: 0.3, Max: 1.3, Diff: 1.3, Sum: 5.3]
      [GC Worker Other (ms): Min: 0.0, Avg: 0.2, Max: 0.4, Diff: 0.3, Sum: 3.3]
      [GC Worker Total (ms): Min: 17.7, Avg: 19.3, Max: 19.7, Diff: 2.0, Sum: 348.3]
      [GC Worker End (ms): Min: 2761380.8, Avg: 2761381.0, Max: 2761381.8, Diff: 1.0]
   [Code Root Fixup: 0.0 ms]
   [Clear CT: 1.8 ms]
   [Other: 12.9 ms]
      [Choose CSet: 0.0 ms]
      [Ref Proc: 7.2 ms]
      [Ref Enq: 0.6 ms]
      [Free CSet: 4.4 ms]
   [Eden: 1638.0M(1638.0M)->0.0B(1640.0M) Survivors: 13.0M->12.0M Heap: 1958.8M(2252.0M)->320.0M(2252.0M)]
 [Times: user=0.35 sys=0.01, real=0.03 secs] 

 Concurrent RS processed 1549793 cards
  Of 51781 completed buffers:
        51781 (100.0%) by conc RS threads.
            0 (  0.0%) by mutator threads.
  Conc RS threads times(s)
          0.00     0.00     0.00     0.00     0.00     0.00     0.00     0.00     0.00     0.00     0.00     0.00     0.00     0.00     0.00     0.00     0.00     0.00     0.00
  Total heap region rem set sizes = 6444K.  Max = 32K.
  Static structures = 369K, free_lists = 193K.
    336314 occupied cards represented.
    Max size region = 10:(O)[0x0000000763e00000,0x0000000763efff98,0x0000000763f00000], size = 33K, occupied = 49K.
    Did 1280 coarsenings.
2014-08-01T09:42:27.848-0500: 2768.291: [GC pause (young) 2768.292: [G1Ergonomics (CSet Construction) start choosing CSet, _pending_cards: 5409, predicted base time: 23.29 ms, remaining time: 76.71 ms, target pause time: 100.00 ms]
 2768.292: [G1Ergonomics (CSet Construction) add young regions to CSet, eden: 1640 regions, survivors: 12 regions, predicted young region time: 10.43 ms]
 2768.292: [G1Ergonomics (CSet Construction) finish choosing CSet, eden: 1640 regions, survivors: 12 regions, old: 0 regions, predicted pause time: 33.72 ms, target pause time: 100.00 ms]
, 0.0479890 secs]
   [Parallel Time: 29.8 ms, GC Workers: 18]
      [GC Worker Start (ms): Min: 2768291.8, Avg: 2768292.0, Max: 2768292.1, Diff: 0.3]
      [Ext Root Scanning (ms): Min: 6.3, Avg: 8.4, Max: 11.8, Diff: 5.5, Sum: 151.5]
      [Update RS (ms): Min: 0.0, Avg: 1.5, Max: 3.5, Diff: 3.5, Sum: 27.1]
         [Processed Buffers: Min: 0, Avg: 7.7, Max: 35, Diff: 35, Sum: 138]
      [Scan RS (ms): Min: 0.2, Avg: 2.4, Max: 17.4, Diff: 17.2, Sum: 42.5]
      [Object Copy (ms): Min: 1.7, Avg: 11.6, Max: 16.6, Diff: 14.9, Sum: 208.9]
      [Termination (ms): Min: 0.1, Avg: 4.9, Max: 6.2, Diff: 6.0, Sum: 87.9]
      [GC Worker Other (ms): Min: 0.0, Avg: 0.1, Max: 0.3, Diff: 0.2, Sum: 1.9]
      [GC Worker Total (ms): Min: 28.5, Avg: 28.9, Max: 29.7, Diff: 1.2, Sum: 519.8]
      [GC Worker End (ms): Min: 2768320.6, Avg: 2768320.8, Max: 2768321.6, Diff: 0.9]
   [Code Root Fixup: 0.0 ms]
   [Clear CT: 2.0 ms]
   [Other: 16.2 ms]
      [Choose CSet: 0.0 ms]
      [Ref Proc: 10.5 ms]
      [Ref Enq: 0.5 ms]
      [Free CSet: 4.4 ms]
   [Eden: 1640.0M(1640.0M)->0.0B(1620.0M) Survivors: 12.0M->22.0M Heap: 1960.0M(2252.0M)->330.4M(2252.0M)]
 [Times: user=0.50 sys=0.01, real=0.05 secs] 

 Concurrent RS processed 1552203 cards
  Of 51919 completed buffers:
        51919 (100.0%) by conc RS threads.
            0 (  0.0%) by mutator threads.
  Conc RS threads times(s)
          0.00     0.00     0.00     0.00     0.00     0.00     0.00     0.00     0.00     0.00     0.00     0.00     0.00     0.00     0.00     0.00     0.00     0.00     0.00
  Total heap region rem set sizes = 6445K.  Max = 32K.
  Static structures = 369K, free_lists = 193K.
    336615 occupied cards represented.
    Max size region = 10:(O)[0x0000000763e00000,0x0000000763efff98,0x0000000763f00000], size = 33K, occupied = 49K.
    Did 1280 coarsenings.
2014-08-01T09:42:33.885-0500: 2774.329: [GC pause (young) 2774.329: [G1Ergonomics (CSet Construction) start choosing CSet, _pending_cards: 5453, predicted base time: 24.04 ms, remaining time: 75.96 ms, target pause time: 100.00 ms]
 2774.329: [G1Ergonomics (CSet Construction) add young regions to CSet, eden: 1620 regions, survivors: 22 regions, predicted young region time: 11.16 ms]
 2774.329: [G1Ergonomics (CSet Construction) finish choosing CSet, eden: 1620 regions, survivors: 22 regions, old: 0 regions, predicted pause time: 35.20 ms, target pause time: 100.00 ms]
, 0.0418730 secs]
   [Parallel Time: 19.8 ms, GC Workers: 18]
      [GC Worker Start (ms): Min: 2774329.1, Avg: 2774329.3, Max: 2774329.5, Diff: 0.3]
      [Ext Root Scanning (ms): Min: 4.8, Avg: 6.3, Max: 9.0, Diff: 4.2, Sum: 113.3]
      [Update RS (ms): Min: 0.0, Avg: 1.5, Max: 2.9, Diff: 2.9, Sum: 27.5]
         [Processed Buffers: Min: 0, Avg: 8.3, Max: 21, Diff: 21, Sum: 149]
      [Scan RS (ms): Min: 0.2, Avg: 0.7, Max: 0.9, Diff: 0.7, Sum: 13.3]
      [Object Copy (ms): Min: 8.6, Avg: 9.2, Max: 10.5, Diff: 1.9, Sum: 165.2]
      [Termination (ms): Min: 0.0, Avg: 0.9, Max: 1.5, Diff: 1.5, Sum: 16.5]
      [GC Worker Other (ms): Min: 0.0, Avg: 0.3, Max: 0.7, Diff: 0.7, Sum: 5.6]
      [GC Worker Total (ms): Min: 18.6, Avg: 19.0, Max: 19.4, Diff: 0.9, Sum: 341.4]
      [GC Worker End (ms): Min: 2774348.0, Avg: 2774348.3, Max: 2774348.6, Diff: 0.7]
   [Code Root Fixup: 0.0 ms]
   [Clear CT: 2.0 ms]
   [Other: 20.1 ms]
      [Choose CSet: 0.0 ms]
      [Ref Proc: 14.1 ms]
      [Ref Enq: 0.4 ms]
      [Free CSet: 4.9 ms]
   [Eden: 1620.0M(1620.0M)->0.0B(1634.0M) Survivors: 22.0M->15.0M Heap: 1950.4M(2252.0M)->323.7M(2252.0M)]
 [Times: user=0.43 sys=0.01, real=0.04 secs] 

 Concurrent RS processed 1554571 cards
  Of 52068 completed buffers:
        52068 (100.0%) by conc RS threads.
            0 (  0.0%) by mutator threads.
  Conc RS threads times(s)
          0.00     0.00     0.00     0.00     0.00     0.00     0.00     0.00     0.00     0.00     0.00     0.00     0.00     0.00     0.00     0.00     0.00     0.00     0.00
  Total heap region rem set sizes = 6448K.  Max = 32K.
  Static structures = 369K, free_lists = 192K.
    337078 occupied cards represented.
    Max size region = 10:(O)[0x0000000763e00000,0x0000000763efff98,0x0000000763f00000], size = 33K, occupied = 49K.
    Did 1280 coarsenings.
2014-08-01T09:42:40.597-0500: 2781.041: [GC pause (young) 2781.041: [G1Ergonomics (CSet Construction) start choosing CSet, _pending_cards: 5427, predicted base time: 24.99 ms, remaining time: 75.01 ms, target pause time: 100.00 ms]
 2781.041: [G1Ergonomics (CSet Construction) add young regions to CSet, eden: 1634 regions, survivors: 15 regions, predicted young region time: 13.46 ms]
 2781.041: [G1Ergonomics (CSet Construction) finish choosing CSet, eden: 1634 regions, survivors: 15 regions, old: 0 regions, predicted pause time: 38.46 ms, target pause time: 100.00 ms]
, 0.0317070 secs]
   [Parallel Time: 18.2 ms, GC Workers: 18]
      [GC Worker Start (ms): Min: 2781041.0, Avg: 2781041.2, Max: 2781041.3, Diff: 0.3]
      [Ext Root Scanning (ms): Min: 4.9, Avg: 6.8, Max: 9.4, Diff: 4.6, Sum: 122.9]
      [Update RS (ms): Min: 0.0, Avg: 1.6, Max: 3.9, Diff: 3.9, Sum: 28.3]
         [Processed Buffers: Min: 0, Avg: 8.1, Max: 21, Diff: 21, Sum: 145]
      [Scan RS (ms): Min: 0.2, Avg: 0.8, Max: 0.9, Diff: 0.7, Sum: 14.2]
      [Object Copy (ms): Min: 6.2, Avg: 7.3, Max: 7.8, Diff: 1.6, Sum: 131.5]
      [Termination (ms): Min: 0.0, Avg: 0.1, Max: 0.1, Diff: 0.1, Sum: 1.5]
      [GC Worker Other (ms): Min: 0.0, Avg: 0.2, Max: 0.4, Diff: 0.4, Sum: 4.3]
      [GC Worker Total (ms): Min: 16.6, Avg: 16.8, Max: 17.1, Diff: 0.4, Sum: 302.7]
      [GC Worker End (ms): Min: 2781057.8, Avg: 2781058.0, Max: 2781058.2, Diff: 0.4]
   [Code Root Fixup: 0.0 ms]
   [Clear CT: 2.0 ms]
   [Other: 11.5 ms]
      [Choose CSet: 0.0 ms]
      [Ref Proc: 5.6 ms]
      [Ref Enq: 0.4 ms]
      [Free CSet: 4.9 ms]
   [Eden: 1634.0M(1634.0M)->0.0B(1638.0M) Survivors: 15.0M->13.0M Heap: 1957.7M(2252.0M)->321.0M(2252.0M)]
 [Times: user=0.35 sys=0.01, real=0.03 secs] 

 Concurrent RS processed 1556919 cards
  Of 52213 completed buffers:
        52213 (100.0%) by conc RS threads.
            0 (  0.0%) by mutator threads.
  Conc RS threads times(s)
          0.00     0.00     0.00     0.00     0.00     0.00     0.00     0.00     0.00     0.00     0.00     0.00     0.00     0.00     0.00     0.00     0.00     0.00     0.00
  Total heap region rem set sizes = 6448K.  Max = 32K.
  Static structures = 369K, free_lists = 192K.
    337441 occupied cards represented.
    Max size region = 10:(O)[0x0000000763e00000,0x0000000763efff98,0x0000000763f00000], size = 33K, occupied = 49K.
    Did 1280 coarsenings.
2014-08-01T09:42:46.977-0500: 2787.420: [GC pause (young) 2787.420: [G1Ergonomics (CSet Construction) start choosing CSet, _pending_cards: 5390, predicted base time: 23.59 ms, remaining time: 76.41 ms, target pause time: 100.00 ms]
 2787.420: [G1Ergonomics (CSet Construction) add young regions to CSet, eden: 1638 regions, survivors: 13 regions, predicted young region time: 14.75 ms]
 2787.420: [G1Ergonomics (CSet Construction) finish choosing CSet, eden: 1638 regions, survivors: 13 regions, old: 0 regions, predicted pause time: 38.34 ms, target pause time: 100.00 ms]
, 0.0418480 secs]
   [Parallel Time: 26.8 ms, GC Workers: 18]
      [GC Worker Start (ms): Min: 2787420.4, Avg: 2787420.6, Max: 2787420.7, Diff: 0.3]
      [Ext Root Scanning (ms): Min: 6.2, Avg: 6.9, Max: 11.3, Diff: 5.1, Sum: 123.4]
      [Update RS (ms): Min: 0.0, Avg: 1.5, Max: 2.3, Diff: 2.3, Sum: 27.1]
         [Processed Buffers: Min: 0, Avg: 7.8, Max: 25, Diff: 25, Sum: 140]
      [Scan RS (ms): Min: 0.2, Avg: 0.7, Max: 0.9, Diff: 0.8, Sum: 12.6]
      [Object Copy (ms): Min: 6.5, Avg: 9.3, Max: 17.1, Diff: 10.6, Sum: 167.9]
      [Termination (ms): Min: 0.1, Avg: 7.8, Max: 8.4, Diff: 8.3, Sum: 140.6]
      [GC Worker Other (ms): Min: 0.0, Avg: 0.2, Max: 0.4, Diff: 0.3, Sum: 3.4]
      [GC Worker Total (ms): Min: 26.1, Avg: 26.4, Max: 26.7, Diff: 0.6, Sum: 475.0]
      [GC Worker End (ms): Min: 2787446.8, Avg: 2787447.0, Max: 2787447.2, Diff: 0.3]
   [Code Root Fixup: 0.0 ms]
   [Clear CT: 2.0 ms]
   [Other: 13.1 ms]
      [Choose CSet: 0.0 ms]
      [Ref Proc: 5.8 ms]
      [Ref Enq: 1.8 ms]
      [Free CSet: 4.8 ms]
   [Eden: 1638.0M(1638.0M)->0.0B(1640.0M) Survivors: 13.0M->12.0M Heap: 1959.0M(2252.0M)->320.1M(2252.0M)]
 [Times: user=0.52 sys=0.00, real=0.04 secs] 

 Concurrent RS processed 1559171 cards
  Of 52353 completed buffers:
        52353 (100.0%) by conc RS threads.
            0 (  0.0%) by mutator threads.
  Conc RS threads times(s)
          0.00     0.00     0.00     0.00     0.00     0.00     0.00     0.00     0.00     0.00     0.00     0.00     0.00     0.00     0.00     0.00     0.00     0.00     0.00
  Total heap region rem set sizes = 6448K.  Max = 32K.
  Static structures = 369K, free_lists = 192K.
    337769 occupied cards represented.
    Max size region = 10:(O)[0x0000000763e00000,0x0000000763efff98,0x0000000763f00000], size = 33K, occupied = 49K.
    Did 1280 coarsenings.
2014-08-01T09:42:53.736-0500: 2794.179: [GC pause (young) 2794.179: [G1Ergonomics (CSet Construction) start choosing CSet, _pending_cards: 101272, predicted base time: 49.78 ms, remaining time: 50.22 ms, target pause time: 100.00 ms]
 2794.179: [G1Ergonomics (CSet Construction) add young regions to CSet, eden: 1616 regions, survivors: 12 regions, predicted young region time: 87.39 ms]
 2794.179: [G1Ergonomics (CSet Construction) finish choosing CSet, eden: 1616 regions, survivors: 12 regions, old: 0 regions, predicted pause time: 137.17 ms, target pause time: 100.00 ms]
, 0.0526010 secs]
   [Parallel Time: 36.8 ms, GC Workers: 18]
      [GC Worker Start (ms): Min: 2794179.4, Avg: 2794179.6, Max: 2794179.7, Diff: 0.3]
      [Ext Root Scanning (ms): Min: 5.3, Avg: 7.2, Max: 11.2, Diff: 5.9, Sum: 129.2]
      [Update RS (ms): Min: 18.6, Avg: 21.6, Max: 23.6, Diff: 5.1, Sum: 389.6]
         [Processed Buffers: Min: 14, Avg: 29.7, Max: 40, Diff: 26, Sum: 535]
      [Scan RS (ms): Min: 0.9, Avg: 1.4, Max: 2.1, Diff: 1.2, Sum: 25.3]
      [Object Copy (ms): Min: 4.5, Avg: 5.5, Max: 6.0, Diff: 1.5, Sum: 99.5]
      [Termination (ms): Min: 0.0, Avg: 0.0, Max: 0.0, Diff: 0.0, Sum: 0.2]
      [GC Worker Other (ms): Min: 0.0, Avg: 0.2, Max: 0.4, Diff: 0.4, Sum: 3.8]
      [GC Worker Total (ms): Min: 35.7, Avg: 36.0, Max: 36.3, Diff: 0.6, Sum: 647.6]
      [GC Worker End (ms): Min: 2794215.4, Avg: 2794215.6, Max: 2794215.8, Diff: 0.4]
   [Code Root Fixup: 0.0 ms]
   [Clear CT: 2.0 ms]
   [Other: 13.7 ms]
      [Choose CSet: 0.0 ms]
      [Ref Proc: 7.9 ms]
      [Ref Enq: 0.4 ms]
      [Free CSet: 4.6 ms]
   [Eden: 1616.0M(1564.0M)->0.0B(1561.0M) Survivors: 12.0M->15.0M Heap: 2026.5M(2252.0M)->414.3M(2252.0M)]
 [Times: user=0.68 sys=0.01, real=0.05 secs] 

 Concurrent RS processed 1653198 cards
  Of 53239 completed buffers:
        53239 (100.0%) by conc RS threads.
            0 (  0.0%) by mutator threads.
  Conc RS threads times(s)
          0.00     0.00     0.00     0.00     0.00     0.00     0.00     0.00     0.00     0.00     0.00     0.00     0.00     0.00     0.00     0.00     0.00     0.00     0.00
  Total heap region rem set sizes = 6239K.  Max = 32K.
  Static structures = 369K, free_lists = 192K.
    338155 occupied cards represented.
    Max size region = 10:(O)[0x0000000763e00000,0x0000000763efff98,0x0000000763f00000], size = 33K, occupied = 49K.
    Did 1280 coarsenings.
2014-08-01T09:42:59.892-0500: 2800.335: [GC pause (young) 2800.336: [G1Ergonomics (CSet Construction) start choosing CSet, _pending_cards: 5686, predicted base time: 22.20 ms, remaining time: 77.80 ms, target pause time: 100.00 ms]
 2800.336: [G1Ergonomics (CSet Construction) add young regions to CSet, eden: 1561 regions, survivors: 15 regions, predicted young region time: 13.11 ms]
 2800.336: [G1Ergonomics (CSet Construction) finish choosing CSet, eden: 1561 regions, survivors: 15 regions, old: 0 regions, predicted pause time: 35.31 ms, target pause time: 100.00 ms]
, 0.0377780 secs]
   [Parallel Time: 20.4 ms, GC Workers: 18]
      [GC Worker Start (ms): Min: 2800335.9, Avg: 2800336.1, Max: 2800336.3, Diff: 0.4]
      [Ext Root Scanning (ms): Min: 5.3, Avg: 6.7, Max: 11.4, Diff: 6.0, Sum: 120.9]
      [Update RS (ms): Min: 0.0, Avg: 1.5, Max: 2.9, Diff: 2.9, Sum: 26.8]
         [Processed Buffers: Min: 0, Avg: 7.8, Max: 26, Diff: 26, Sum: 140]
      [Scan RS (ms): Min: 0.2, Avg: 0.7, Max: 0.9, Diff: 0.7, Sum: 12.9]
      [Object Copy (ms): Min: 6.4, Avg: 8.6, Max: 10.6, Diff: 4.2, Sum: 155.4]
      [Termination (ms): Min: 0.0, Avg: 1.9, Max: 2.1, Diff: 2.1, Sum: 34.4]
      [GC Worker Other (ms): Min: 0.0, Avg: 0.3, Max: 0.5, Diff: 0.5, Sum: 4.9]
      [GC Worker Total (ms): Min: 19.3, Avg: 19.7, Max: 20.1, Diff: 0.7, Sum: 355.3]
      [GC Worker End (ms): Min: 2800355.6, Avg: 2800355.8, Max: 2800356.1, Diff: 0.5]
   [Code Root Fixup: 0.0 ms]
   [Clear CT: 1.9 ms]
   [Other: 15.5 ms]
      [Choose CSet: 0.0 ms]
      [Ref Proc: 9.5 ms]
      [Ref Enq: 0.4 ms]
      [Free CSet: 4.8 ms]
   [Eden: 1561.0M(1561.0M)->0.0B(1562.0M) Survivors: 15.0M->14.0M Heap: 1975.3M(2252.0M)->413.3M(2252.0M)]
 [Times: user=0.43 sys=0.01, real=0.04 secs] 

 Concurrent RS processed 1655588 cards
  Of 53379 completed buffers:
        53379 (100.0%) by conc RS threads.
            0 (  0.0%) by mutator threads.
  Conc RS threads times(s)
          0.00     0.00     0.00     0.00     0.00     0.00     0.00     0.00     0.00     0.00     0.00     0.00     0.00     0.00     0.00     0.00     0.00     0.00     0.00
  Total heap region rem set sizes = 6239K.  Max = 32K.
  Static structures = 369K, free_lists = 192K.
    338464 occupied cards represented.
    Max size region = 10:(O)[0x0000000763e00000,0x0000000763efff98,0x0000000763f00000], size = 33K, occupied = 49K.
    Did 1280 coarsenings.
2014-08-01T09:43:06.017-0500: 2806.461: [GC pause (young) 2806.461: [G1Ergonomics (CSet Construction) start choosing CSet, _pending_cards: 5423, predicted base time: 22.10 ms, remaining time: 77.90 ms, target pause time: 100.00 ms]
 2806.461: [G1Ergonomics (CSet Construction) add young regions to CSet, eden: 1562 regions, survivors: 14 regions, predicted young region time: 15.96 ms]
 2806.461: [G1Ergonomics (CSet Construction) finish choosing CSet, eden: 1562 regions, survivors: 14 regions, old: 0 regions, predicted pause time: 38.06 ms, target pause time: 100.00 ms]
, 0.0388610 secs]
   [Parallel Time: 24.5 ms, GC Workers: 18]
      [GC Worker Start (ms): Min: 2806461.0, Avg: 2806461.2, Max: 2806461.3, Diff: 0.3]
      [Ext Root Scanning (ms): Min: 5.5, Avg: 7.6, Max: 11.9, Diff: 6.4, Sum: 137.1]
      [Update RS (ms): Min: 0.0, Avg: 1.7, Max: 3.9, Diff: 3.9, Sum: 30.9]
         [Processed Buffers: Min: 0, Avg: 8.1, Max: 21, Diff: 21, Sum: 145]
      [Scan RS (ms): Min: 0.2, Avg: 0.6, Max: 0.8, Diff: 0.6, Sum: 11.6]
      [Object Copy (ms): Min: 6.9, Avg: 9.3, Max: 13.4, Diff: 6.6, Sum: 166.8]
      [Termination (ms): Min: 0.0, Avg: 3.8, Max: 5.0, Diff: 5.0, Sum: 68.4]
      [GC Worker Other (ms): Min: 0.0, Avg: 0.2, Max: 0.7, Diff: 0.7, Sum: 3.2]
      [GC Worker Total (ms): Min: 23.0, Avg: 23.2, Max: 23.9, Diff: 0.9, Sum: 418.0]
      [GC Worker End (ms): Min: 2806484.2, Avg: 2806484.4, Max: 2806484.9, Diff: 0.7]
   [Code Root Fixup: 0.0 ms]
   [Clear CT: 1.8 ms]
   [Other: 12.6 ms]
      [Choose CSet: 0.0 ms]
      [Ref Proc: 6.5 ms]
      [Ref Enq: 0.5 ms]
      [Free CSet: 4.8 ms]
   [Eden: 1562.0M(1562.0M)->0.0B(1557.0M) Survivors: 14.0M->19.0M Heap: 1975.3M(2252.0M)->418.3M(2252.0M)]
 [Times: user=0.44 sys=0.01, real=0.04 secs] 

 Concurrent RS processed 1657963 cards
  Of 53524 completed buffers:
        53524 (100.0%) by conc RS threads.
            0 (  0.0%) by mutator threads.
  Conc RS threads times(s)
          0.00     0.00     0.00     0.00     0.00     0.00     0.00     0.00     0.00     0.00     0.00     0.00     0.00     0.00     0.00     0.00     0.00     0.00     0.00
  Total heap region rem set sizes = 6240K.  Max = 32K.
  Static structures = 369K, free_lists = 192K.
    338720 occupied cards represented.
    Max size region = 10:(O)[0x0000000763e00000,0x0000000763efff98,0x0000000763f00000], size = 33K, occupied = 49K.
    Did 1280 coarsenings.
2014-08-01T09:43:11.967-0500: 2812.410: [GC pause (young) 2812.410: [G1Ergonomics (CSet Construction) start choosing CSet, _pending_cards: 5732, predicted base time: 21.81 ms, remaining time: 78.19 ms, target pause time: 100.00 ms]
 2812.410: [G1Ergonomics (CSet Construction) add young regions to CSet, eden: 1557 regions, survivors: 19 regions, predicted young region time: 13.71 ms]
 2812.410: [G1Ergonomics (CSet Construction) finish choosing CSet, eden: 1557 regions, survivors: 19 regions, old: 0 regions, predicted pause time: 35.52 ms, target pause time: 100.00 ms]
, 0.0313280 secs]
   [Parallel Time: 18.0 ms, GC Workers: 18]
      [GC Worker Start (ms): Min: 2812410.6, Avg: 2812410.7, Max: 2812410.8, Diff: 0.3]
      [Ext Root Scanning (ms): Min: 4.3, Avg: 6.7, Max: 11.0, Diff: 6.7, Sum: 120.2]
      [Update RS (ms): Min: 0.0, Avg: 1.0, Max: 2.5, Diff: 2.5, Sum: 17.9]
         [Processed Buffers: Min: 0, Avg: 8.1, Max: 25, Diff: 25, Sum: 145]
      [Scan RS (ms): Min: 0.1, Avg: 0.5, Max: 0.8, Diff: 0.7, Sum: 9.6]
      [Object Copy (ms): Min: 3.6, Avg: 6.7, Max: 10.2, Diff: 6.6, Sum: 121.0]
      [Termination (ms): Min: 0.0, Avg: 2.5, Max: 2.7, Diff: 2.7, Sum: 45.3]
      [GC Worker Other (ms): Min: 0.0, Avg: 0.1, Max: 0.3, Diff: 0.2, Sum: 2.6]
      [GC Worker Total (ms): Min: 17.4, Avg: 17.6, Max: 17.8, Diff: 0.4, Sum: 316.6]
      [GC Worker End (ms): Min: 2812428.2, Avg: 2812428.3, Max: 2812428.4, Diff: 0.2]
   [Code Root Fixup: 0.0 ms]
   [Clear CT: 1.3 ms]
   [Other: 12.0 ms]
      [Choose CSet: 0.1 ms]
      [Ref Proc: 5.6 ms]
      [Ref Enq: 0.3 ms]
      [Free CSet: 5.3 ms]
   [Eden: 1557.0M(1557.0M)->0.0B(1565.0M) Survivors: 19.0M->11.0M Heap: 1975.3M(2252.0M)->410.3M(2252.0M)]
 [Times: user=0.33 sys=0.00, real=0.03 secs] 

 Concurrent RS processed 1660470 cards
  Of 53669 completed buffers:
        53669 (100.0%) by conc RS threads.
            0 (  0.0%) by mutator threads.
  Conc RS threads times(s)
          0.00     0.00     0.00     0.00     0.00     0.00     0.00     0.00     0.00     0.00     0.00     0.00     0.00     0.00     0.00     0.00     0.00     0.00     0.00
  Total heap region rem set sizes = 6240K.  Max = 32K.
  Static structures = 369K, free_lists = 192K.
    338995 occupied cards represented.
    Max size region = 10:(O)[0x0000000763e00000,0x0000000763efff98,0x0000000763f00000], size = 33K, occupied = 49K.
    Did 1280 coarsenings.
2014-08-01T09:43:18.399-0500: 2818.843: [GC pause (young) 2818.843: [G1Ergonomics (CSet Construction) start choosing CSet, _pending_cards: 5665, predicted base time: 20.60 ms, remaining time: 79.40 ms, target pause time: 100.00 ms]
 2818.843: [G1Ergonomics (CSet Construction) add young regions to CSet, eden: 1565 regions, survivors: 11 regions, predicted young region time: 14.01 ms]
 2818.843: [G1Ergonomics (CSet Construction) finish choosing CSet, eden: 1565 regions, survivors: 11 regions, old: 0 regions, predicted pause time: 34.61 ms, target pause time: 100.00 ms]
, 0.0357620 secs]
   [Parallel Time: 20.4 ms, GC Workers: 18]
      [GC Worker Start (ms): Min: 2818843.0, Avg: 2818843.2, Max: 2818843.3, Diff: 0.4]
      [Ext Root Scanning (ms): Min: 6.8, Avg: 9.3, Max: 19.1, Diff: 12.3, Sum: 167.2]
      [Update RS (ms): Min: 0.0, Avg: 1.6, Max: 4.0, Diff: 4.0, Sum: 28.1]
         [Processed Buffers: Min: 0, Avg: 7.8, Max: 29, Diff: 29, Sum: 140]
      [Scan RS (ms): Min: 0.2, Avg: 0.7, Max: 0.9, Diff: 0.7, Sum: 11.9]
      [Object Copy (ms): Min: 0.0, Avg: 7.5, Max: 8.6, Diff: 8.6, Sum: 134.3]
      [Termination (ms): Min: 0.0, Avg: 0.7, Max: 0.8, Diff: 0.8, Sum: 11.7]
      [GC Worker Other (ms): Min: 0.0, Avg: 0.2, Max: 0.3, Diff: 0.3, Sum: 3.0]
      [GC Worker Total (ms): Min: 19.5, Avg: 19.8, Max: 20.1, Diff: 0.6, Sum: 356.2]
      [GC Worker End (ms): Min: 2818862.8, Avg: 2818863.0, Max: 2818863.1, Diff: 0.3]
   [Code Root Fixup: 0.0 ms]
   [Clear CT: 1.6 ms]
   [Other: 13.8 ms]
      [Choose CSet: 0.0 ms]
      [Ref Proc: 8.1 ms]
      [Ref Enq: 0.4 ms]
      [Free CSet: 4.6 ms]
   [Eden: 1565.0M(1565.0M)->0.0B(1561.0M) Survivors: 11.0M->15.0M Heap: 1975.3M(2252.0M)->414.5M(2252.0M)]
 [Times: user=0.36 sys=0.01, real=0.03 secs] 

 Concurrent RS processed 1662848 cards
  Of 53809 completed buffers:
        53809 (100.0%) by conc RS threads.
            0 (  0.0%) by mutator threads.
  Conc RS threads times(s)
          0.00     0.00     0.00     0.00     0.00     0.00     0.00     0.00     0.00     0.00     0.00     0.00     0.00     0.00     0.00     0.00     0.00     0.00     0.00
  Total heap region rem set sizes = 6240K.  Max = 32K.
  Static structures = 369K, free_lists = 192K.
    339273 occupied cards represented.
    Max size region = 10:(O)[0x0000000763e00000,0x0000000763efff98,0x0000000763f00000], size = 33K, occupied = 49K.
    Did 1280 coarsenings.
2014-08-01T09:43:24.819-0500: 2825.262: [GC pause (young) 2825.262: [G1Ergonomics (CSet Construction) start choosing CSet, _pending_cards: 5393, predicted base time: 21.31 ms, remaining time: 78.69 ms, target pause time: 100.00 ms]
 2825.262: [G1Ergonomics (CSet Construction) add young regions to CSet, eden: 1561 regions, survivors: 15 regions, predicted young region time: 10.85 ms]
 2825.262: [G1Ergonomics (CSet Construction) finish choosing CSet, eden: 1561 regions, survivors: 15 regions, old: 0 regions, predicted pause time: 32.16 ms, target pause time: 100.00 ms]
, 0.0378330 secs]
   [Parallel Time: 22.2 ms, GC Workers: 18]
      [GC Worker Start (ms): Min: 2825262.6, Avg: 2825262.8, Max: 2825263.0, Diff: 0.3]
      [Ext Root Scanning (ms): Min: 6.4, Avg: 8.2, Max: 14.1, Diff: 7.7, Sum: 148.2]
      [Update RS (ms): Min: 0.0, Avg: 1.4, Max: 3.4, Diff: 3.4, Sum: 25.2]
         [Processed Buffers: Min: 0, Avg: 8.1, Max: 29, Diff: 29, Sum: 145]
      [Scan RS (ms): Min: 0.2, Avg: 1.3, Max: 11.1, Diff: 10.9, Sum: 23.4]
      [Object Copy (ms): Min: 1.3, Avg: 9.1, Max: 10.2, Diff: 9.0, Sum: 164.0]
      [Termination (ms): Min: 0.0, Avg: 1.6, Max: 1.7, Diff: 1.7, Sum: 28.5]
      [GC Worker Other (ms): Min: 0.0, Avg: 0.2, Max: 0.4, Diff: 0.3, Sum: 3.5]
      [GC Worker Total (ms): Min: 21.5, Avg: 21.8, Max: 22.0, Diff: 0.5, Sum: 392.7]
      [GC Worker End (ms): Min: 2825284.5, Avg: 2825284.6, Max: 2825284.8, Diff: 0.3]
   [Code Root Fixup: 0.0 ms]
   [Clear CT: 2.0 ms]
   [Other: 13.6 ms]
      [Choose CSet: 0.0 ms]
      [Ref Proc: 7.8 ms]
      [Ref Enq: 0.5 ms]
      [Free CSet: 4.6 ms]
   [Eden: 1561.0M(1561.0M)->0.0B(1561.0M) Survivors: 15.0M->15.0M Heap: 1975.5M(2252.0M)->414.3M(2252.0M)]
 [Times: user=0.41 sys=0.01, real=0.03 secs] 

 Concurrent RS processed 1665202 cards
  Of 53954 completed buffers:
        53954 (100.0%) by conc RS threads.
            0 (  0.0%) by mutator threads.
  Conc RS threads times(s)
          0.00     0.00     0.00     0.00     0.00     0.00     0.00     0.00     0.00     0.00     0.00     0.00     0.00     0.00     0.00     0.00     0.00     0.00     0.00
  Total heap region rem set sizes = 6240K.  Max = 32K.
  Static structures = 369K, free_lists = 192K.
    339567 occupied cards represented.
    Max size region = 10:(O)[0x0000000763e00000,0x0000000763efff98,0x0000000763f00000], size = 33K, occupied = 49K.
    Did 1280 coarsenings.
2014-08-01T09:43:30.752-0500: 2831.195: [GC pause (young) 2831.195: [G1Ergonomics (CSet Construction) start choosing CSet, _pending_cards: 5934, predicted base time: 21.57 ms, remaining time: 78.43 ms, target pause time: 100.00 ms]
 2831.195: [G1Ergonomics (CSet Construction) add young regions to CSet, eden: 1561 regions, survivors: 15 regions, predicted young region time: 17.08 ms]
 2831.195: [G1Ergonomics (CSet Construction) finish choosing CSet, eden: 1561 regions, survivors: 15 regions, old: 0 regions, predicted pause time: 38.65 ms, target pause time: 100.00 ms]
, 0.0660370 secs]
   [Parallel Time: 24.3 ms, GC Workers: 18]
      [GC Worker Start (ms): Min: 2831195.4, Avg: 2831195.6, Max: 2831195.7, Diff: 0.3]
      [Ext Root Scanning (ms): Min: 4.6, Avg: 6.4, Max: 10.9, Diff: 6.3, Sum: 116.1]
      [Update RS (ms): Min: 0.0, Avg: 1.5, Max: 3.8, Diff: 3.8, Sum: 27.3]
         [Processed Buffers: Min: 0, Avg: 8.1, Max: 25, Diff: 25, Sum: 145]
      [Scan RS (ms): Min: 0.2, Avg: 0.7, Max: 0.9, Diff: 0.7, Sum: 11.9]
      [Object Copy (ms): Min: 5.0, Avg: 8.3, Max: 15.3, Diff: 10.3, Sum: 149.6]
      [Termination (ms): Min: 0.0, Avg: 6.8, Max: 7.6, Diff: 7.6, Sum: 123.0]
      [GC Worker Other (ms): Min: 0.0, Avg: 0.1, Max: 0.3, Diff: 0.3, Sum: 2.5]
      [GC Worker Total (ms): Min: 23.7, Avg: 23.9, Max: 24.2, Diff: 0.5, Sum: 430.5]
      [GC Worker End (ms): Min: 2831219.4, Avg: 2831219.5, Max: 2831219.6, Diff: 0.3]
   [Code Root Fixup: 0.0 ms]
   [Clear CT: 2.0 ms]
   [Other: 39.7 ms]
      [Choose CSet: 0.0 ms]
      [Ref Proc: 33.1 ms]
      [Ref Enq: 1.0 ms]
      [Free CSet: 5.0 ms]
   [Eden: 1561.0M(1561.0M)->0.0B(1554.0M) Survivors: 15.0M->22.0M Heap: 1975.3M(2252.0M)->421.5M(2252.0M)]
 [Times: user=0.65 sys=0.01, real=0.06 secs] 

 Concurrent RS processed 1667536 cards
  Of 54099 completed buffers:
        54099 (100.0%) by conc RS threads.
            0 (  0.0%) by mutator threads.
  Conc RS threads times(s)
          0.00     0.00     0.00     0.00     0.00     0.00     0.00     0.00     0.00     0.00     0.00     0.00     0.00     0.00     0.00     0.00     0.00     0.00     0.00
  Total heap region rem set sizes = 6240K.  Max = 32K.
  Static structures = 369K, free_lists = 191K.
    339890 occupied cards represented.
    Max size region = 10:(O)[0x0000000763e00000,0x0000000763efff98,0x0000000763f00000], size = 33K, occupied = 49K.
    Did 1280 coarsenings.
2014-08-01T09:43:37.042-0500: 2837.485: [GC pause (young) 2837.485: [G1Ergonomics (CSet Construction) start choosing CSet, _pending_cards: 5454, predicted base time: 32.64 ms, remaining time: 67.36 ms, target pause time: 100.00 ms]
 2837.485: [G1Ergonomics (CSet Construction) add young regions to CSet, eden: 1554 regions, survivors: 22 regions, predicted young region time: 12.38 ms]
 2837.485: [G1Ergonomics (CSet Construction) finish choosing CSet, eden: 1554 regions, survivors: 22 regions, old: 0 regions, predicted pause time: 45.02 ms, target pause time: 100.00 ms]
, 0.0394250 secs]
   [Parallel Time: 22.9 ms, GC Workers: 18]
      [GC Worker Start (ms): Min: 2837485.6, Avg: 2837485.8, Max: 2837485.9, Diff: 0.3]
      [Ext Root Scanning (ms): Min: 5.0, Avg: 6.5, Max: 11.0, Diff: 6.0, Sum: 117.1]
      [Update RS (ms): Min: 0.0, Avg: 1.4, Max: 3.4, Diff: 3.4, Sum: 25.5]
         [Processed Buffers: Min: 0, Avg: 8.1, Max: 21, Diff: 21, Sum: 146]
      [Scan RS (ms): Min: 0.2, Avg: 0.7, Max: 0.9, Diff: 0.7, Sum: 11.8]
      [Object Copy (ms): Min: 9.2, Avg: 11.9, Max: 12.7, Diff: 3.5, Sum: 215.0]
      [Termination (ms): Min: 0.0, Avg: 0.2, Max: 0.3, Diff: 0.3, Sum: 4.4]
      [GC Worker Other (ms): Min: 0.0, Avg: 0.3, Max: 1.9, Diff: 1.9, Sum: 5.4]
      [GC Worker Total (ms): Min: 20.7, Avg: 21.1, Max: 22.8, Diff: 2.1, Sum: 379.1]
      [GC Worker End (ms): Min: 2837506.6, Avg: 2837506.8, Max: 2837508.4, Diff: 1.8]
   [Code Root Fixup: 0.0 ms]
   [Clear CT: 2.2 ms]
   [Other: 14.3 ms]
      [Choose CSet: 0.0 ms]
      [Ref Proc: 8.3 ms]
      [Ref Enq: 0.5 ms]
      [Free CSet: 4.8 ms]
   [Eden: 1554.0M(1554.0M)->0.0B(1562.0M) Survivors: 22.0M->14.0M Heap: 1975.5M(2252.0M)->413.6M(2252.0M)]
 [Times: user=0.43 sys=0.01, real=0.04 secs] 

 Concurrent RS processed 1669869 cards
  Of 54245 completed buffers:
        54245 (100.0%) by conc RS threads.
            0 (  0.0%) by mutator threads.
  Conc RS threads times(s)
          0.00     0.00     0.00     0.00     0.00     0.00     0.00     0.00     0.00     0.00     0.00     0.00     0.00     0.00     0.00     0.00     0.00     0.00     0.00
  Total heap region rem set sizes = 6244K.  Max = 32K.
  Static structures = 369K, free_lists = 190K.
    340225 occupied cards represented.
    Max size region = 10:(O)[0x0000000763e00000,0x0000000763efff98,0x0000000763f00000], size = 33K, occupied = 49K.
    Did 1280 coarsenings.
2014-08-01T09:43:43.521-0500: 2843.964: [GC pause (young) 2843.964: [G1Ergonomics (CSet Construction) start choosing CSet, _pending_cards: 5397, predicted base time: 30.15 ms, remaining time: 69.85 ms, target pause time: 100.00 ms]
 2843.964: [G1Ergonomics (CSet Construction) add young regions to CSet, eden: 1562 regions, survivors: 14 regions, predicted young region time: 11.21 ms]
 2843.965: [G1Ergonomics (CSet Construction) finish choosing CSet, eden: 1562 regions, survivors: 14 regions, old: 0 regions, predicted pause time: 41.37 ms, target pause time: 100.00 ms]
, 0.0522540 secs]
   [Parallel Time: 34.0 ms, GC Workers: 18]
      [GC Worker Start (ms): Min: 2843964.8, Avg: 2843965.0, Max: 2843965.2, Diff: 0.4]
      [Ext Root Scanning (ms): Min: 5.2, Avg: 6.6, Max: 8.6, Diff: 3.4, Sum: 118.1]
      [Update RS (ms): Min: 0.4, Avg: 1.5, Max: 3.0, Diff: 2.7, Sum: 26.5]
         [Processed Buffers: Min: 1, Avg: 7.8, Max: 23, Diff: 22, Sum: 140]
      [Scan RS (ms): Min: 0.2, Avg: 0.9, Max: 3.6, Diff: 3.4, Sum: 15.4]
      [Object Copy (ms): Min: 4.1, Avg: 7.1, Max: 24.0, Diff: 19.9, Sum: 128.5]
      [Termination (ms): Min: 0.0, Avg: 16.8, Max: 18.5, Diff: 18.5, Sum: 301.6]
      [GC Worker Other (ms): Min: 0.0, Avg: 0.1, Max: 0.3, Diff: 0.3, Sum: 2.7]
      [GC Worker Total (ms): Min: 32.7, Avg: 32.9, Max: 33.7, Diff: 1.0, Sum: 592.8]
      [GC Worker End (ms): Min: 2843997.7, Avg: 2843997.9, Max: 2843998.6, Diff: 0.9]
   [Code Root Fixup: 0.0 ms]
   [Clear CT: 1.8 ms]
   [Other: 16.5 ms]
      [Choose CSet: 0.0 ms]
      [Ref Proc: 11.1 ms]
      [Ref Enq: 0.4 ms]
      [Free CSet: 4.2 ms]
   [Eden: 1562.0M(1562.0M)->0.0B(1565.0M) Survivors: 14.0M->11.0M Heap: 1975.6M(2252.0M)->410.9M(2252.0M)]
 [Times: user=0.62 sys=0.00, real=0.05 secs] 

 Concurrent RS processed 1672183 cards
  Of 54385 completed buffers:
        54385 (100.0%) by conc RS threads.
            0 (  0.0%) by mutator threads.
  Conc RS threads times(s)
          0.00     0.00     0.00     0.00     0.00     0.00     0.00     0.00     0.00     0.00     0.00     0.00     0.00     0.00     0.00     0.00     0.00     0.00     0.00
  Total heap region rem set sizes = 6245K.  Max = 32K.
  Static structures = 369K, free_lists = 190K.
    340730 occupied cards represented.
    Max size region = 10:(O)[0x0000000763e00000,0x0000000763efff98,0x0000000763f00000], size = 33K, occupied = 49K.
    Did 1280 coarsenings.
2014-08-01T09:43:50.244-0500: 2850.687: [GC pause (young) 2850.687: [G1Ergonomics (CSet Construction) start choosing CSet, _pending_cards: 5673, predicted base time: 28.73 ms, remaining time: 71.27 ms, target pause time: 100.00 ms]
 2850.687: [G1Ergonomics (CSet Construction) add young regions to CSet, eden: 1565 regions, survivors: 11 regions, predicted young region time: 16.37 ms]
 2850.687: [G1Ergonomics (CSet Construction) finish choosing CSet, eden: 1565 regions, survivors: 11 regions, old: 0 regions, predicted pause time: 45.10 ms, target pause time: 100.00 ms]
, 0.0385490 secs]
   [Parallel Time: 21.8 ms, GC Workers: 18]
      [GC Worker Start (ms): Min: 2850687.3, Avg: 2850687.5, Max: 2850687.7, Diff: 0.4]
      [Ext Root Scanning (ms): Min: 6.7, Avg: 8.2, Max: 13.1, Diff: 6.5, Sum: 147.7]
      [Update RS (ms): Min: 0.0, Avg: 1.6, Max: 2.9, Diff: 2.9, Sum: 28.4]
         [Processed Buffers: Min: 0, Avg: 8.0, Max: 24, Diff: 24, Sum: 144]
      [Scan RS (ms): Min: 0.2, Avg: 0.7, Max: 1.0, Diff: 0.8, Sum: 13.2]
      [Object Copy (ms): Min: 5.0, Avg: 8.1, Max: 10.9, Diff: 5.9, Sum: 144.9]
      [Termination (ms): Min: 0.0, Avg: 2.7, Max: 3.1, Diff: 3.1, Sum: 49.2]
      [GC Worker Other (ms): Min: 0.0, Avg: 0.1, Max: 0.3, Diff: 0.2, Sum: 2.1]
      [GC Worker Total (ms): Min: 21.2, Avg: 21.4, Max: 21.6, Diff: 0.5, Sum: 385.6]
      [GC Worker End (ms): Min: 2850708.8, Avg: 2850708.9, Max: 2850709.1, Diff: 0.3]
   [Code Root Fixup: 0.0 ms]
   [Clear CT: 1.7 ms]
   [Other: 15.0 ms]
      [Choose CSet: 0.0 ms]
      [Ref Proc: 9.3 ms]
      [Ref Enq: 0.6 ms]
      [Free CSet: 4.4 ms]
   [Eden: 1565.0M(1565.0M)->0.0B(1560.0M) Survivors: 11.0M->16.0M Heap: 1975.9M(2252.0M)->415.6M(2252.0M)]
 [Times: user=0.43 sys=0.02, real=0.04 secs] 

 Concurrent RS processed 1674534 cards
  Of 54529 completed buffers:
        54529 (100.0%) by conc RS threads.
            0 (  0.0%) by mutator threads.
  Conc RS threads times(s)
          0.00     0.00     0.00     0.00     0.00     0.00     0.00     0.00     0.00     0.00     0.00     0.00     0.00     0.00     0.00     0.00     0.00     0.00     0.00
  Total heap region rem set sizes = 6245K.  Max = 32K.
  Static structures = 369K, free_lists = 190K.
    341100 occupied cards represented.
    Max size region = 10:(O)[0x0000000763e00000,0x0000000763efff98,0x0000000763f00000], size = 33K, occupied = 49K.
    Did 1280 coarsenings.
2014-08-01T09:43:56.776-0500: 2857.219: [GC pause (young) 2857.219: [G1Ergonomics (CSet Construction) start choosing CSet, _pending_cards: 5417, predicted base time: 27.31 ms, remaining time: 72.69 ms, target pause time: 100.00 ms]
 2857.219: [G1Ergonomics (CSet Construction) add young regions to CSet, eden: 1560 regions, survivors: 16 regions, predicted young region time: 12.14 ms]
 2857.219: [G1Ergonomics (CSet Construction) finish choosing CSet, eden: 1560 regions, survivors: 16 regions, old: 0 regions, predicted pause time: 39.45 ms, target pause time: 100.00 ms]
, 0.0419470 secs]
   [Parallel Time: 22.8 ms, GC Workers: 18]
      [GC Worker Start (ms): Min: 2857219.3, Avg: 2857219.5, Max: 2857219.7, Diff: 0.4]
      [Ext Root Scanning (ms): Min: 4.9, Avg: 7.1, Max: 11.6, Diff: 6.7, Sum: 128.1]
      [Update RS (ms): Min: 0.0, Avg: 1.4, Max: 3.4, Diff: 3.4, Sum: 25.9]
         [Processed Buffers: Min: 0, Avg: 7.6, Max: 25, Diff: 25, Sum: 136]
      [Scan RS (ms): Min: 0.2, Avg: 0.7, Max: 1.0, Diff: 0.8, Sum: 12.3]
      [Object Copy (ms): Min: 8.1, Avg: 11.0, Max: 12.3, Diff: 4.1, Sum: 198.1]
      [Termination (ms): Min: 0.0, Avg: 1.0, Max: 1.2, Diff: 1.2, Sum: 18.4]
      [GC Worker Other (ms): Min: 0.0, Avg: 0.6, Max: 1.1, Diff: 1.1, Sum: 11.4]
      [GC Worker Total (ms): Min: 21.2, Avg: 21.9, Max: 22.6, Diff: 1.4, Sum: 394.2]
      [GC Worker End (ms): Min: 2857240.8, Avg: 2857241.4, Max: 2857241.9, Diff: 1.1]
   [Code Root Fixup: 0.0 ms]
   [Clear CT: 3.3 ms]
   [Other: 15.8 ms]
      [Choose CSet: 0.0 ms]
      [Ref Proc: 10.6 ms]
      [Ref Enq: 0.4 ms]
      [Free CSet: 4.2 ms]
   [Eden: 1560.0M(1560.0M)->0.0B(1562.0M) Survivors: 16.0M->14.0M Heap: 1975.6M(2252.0M)->413.7M(2252.0M)]
 [Times: user=0.44 sys=0.01, real=0.04 secs] 

 Concurrent RS processed 1676897 cards
  Of 54665 completed buffers:
        54665 (100.0%) by conc RS threads.
            0 (  0.0%) by mutator threads.
  Conc RS threads times(s)
          0.00     0.00     0.00     0.00     0.00     0.00     0.00     0.00     0.00     0.00     0.00     0.00     0.00     0.00     0.00     0.00     0.00     0.00     0.00
  Total heap region rem set sizes = 6246K.  Max = 32K.
  Static structures = 369K, free_lists = 190K.
    341436 occupied cards represented.
    Max size region = 10:(O)[0x0000000763e00000,0x0000000763efff98,0x0000000763f00000], size = 33K, occupied = 49K.
    Did 1280 coarsenings.
2014-08-01T09:44:03.219-0500: 2863.662: [GC pause (young) 2863.662: [G1Ergonomics (CSet Construction) start choosing CSet, _pending_cards: 5445, predicted base time: 27.01 ms, remaining time: 72.99 ms, target pause time: 100.00 ms]
 2863.662: [G1Ergonomics (CSet Construction) add young regions to CSet, eden: 1562 regions, survivors: 14 regions, predicted young region time: 13.34 ms]
 2863.662: [G1Ergonomics (CSet Construction) finish choosing CSet, eden: 1562 regions, survivors: 14 regions, old: 0 regions, predicted pause time: 40.35 ms, target pause time: 100.00 ms]
, 0.0475090 secs]
   [Parallel Time: 30.9 ms, GC Workers: 18]
      [GC Worker Start (ms): Min: 2863662.5, Avg: 2863662.6, Max: 2863662.8, Diff: 0.3]
      [Ext Root Scanning (ms): Min: 5.9, Avg: 7.0, Max: 11.3, Diff: 5.4, Sum: 126.1]
      [Update RS (ms): Min: 0.0, Avg: 1.6, Max: 2.8, Diff: 2.8, Sum: 29.7]
         [Processed Buffers: Min: 0, Avg: 8.3, Max: 28, Diff: 28, Sum: 149]
      [Scan RS (ms): Min: 0.2, Avg: 0.7, Max: 1.0, Diff: 0.8, Sum: 13.3]
      [Object Copy (ms): Min: 7.6, Avg: 9.9, Max: 13.9, Diff: 6.3, Sum: 179.0]
      [Termination (ms): Min: 7.1, Avg: 10.8, Max: 11.2, Diff: 4.1, Sum: 193.6]
      [GC Worker Other (ms): Min: 0.0, Avg: 0.2, Max: 0.4, Diff: 0.3, Sum: 3.3]
      [GC Worker Total (ms): Min: 30.0, Avg: 30.3, Max: 30.5, Diff: 0.5, Sum: 545.0]
      [GC Worker End (ms): Min: 2863692.7, Avg: 2863692.9, Max: 2863693.1, Diff: 0.4]
   [Code Root Fixup: 0.0 ms]
   [Clear CT: 2.2 ms]
   [Other: 14.4 ms]
      [Choose CSet: 0.0 ms]
      [Ref Proc: 8.1 ms]
      [Ref Enq: 1.3 ms]
      [Free CSet: 4.4 ms]
   [Eden: 1562.0M(1562.0M)->0.0B(1555.0M) Survivors: 14.0M->21.0M Heap: 1975.7M(2252.0M)->420.9M(2252.0M)]
 [Times: user=0.56 sys=0.01, real=0.05 secs] 

 Concurrent RS processed 1679252 cards
  Of 54814 completed buffers:
        54814 (100.0%) by conc RS threads.
            0 (  0.0%) by mutator threads.
  Conc RS threads times(s)
          0.00     0.00     0.00     0.00     0.00     0.00     0.00     0.00     0.00     0.00     0.00     0.00     0.00     0.00     0.00     0.00     0.00     0.00     0.00
  Total heap region rem set sizes = 6247K.  Max = 32K.
  Static structures = 369K, free_lists = 190K.
    341809 occupied cards represented.
    Max size region = 10:(O)[0x0000000763e00000,0x0000000763efff98,0x0000000763f00000], size = 33K, occupied = 49K.
    Did 1280 coarsenings.
2014-08-01T09:44:09.705-0500: 2870.148: [GC pause (young) 2870.148: [G1Ergonomics (CSet Construction) start choosing CSet, _pending_cards: 5985, predicted base time: 25.96 ms, remaining time: 74.04 ms, target pause time: 100.00 ms]
 2870.148: [G1Ergonomics (CSet Construction) add young regions to CSet, eden: 1555 regions, survivors: 21 regions, predicted young region time: 10.92 ms]
 2870.148: [G1Ergonomics (CSet Construction) finish choosing CSet, eden: 1555 regions, survivors: 21 regions, old: 0 regions, predicted pause time: 36.89 ms, target pause time: 100.00 ms]
, 0.0382760 secs]
   [Parallel Time: 19.0 ms, GC Workers: 18]
      [GC Worker Start (ms): Min: 2870148.7, Avg: 2870148.9, Max: 2870149.0, Diff: 0.3]
      [Ext Root Scanning (ms): Min: 6.3, Avg: 7.2, Max: 11.5, Diff: 5.3, Sum: 130.1]
      [Update RS (ms): Min: 0.0, Avg: 1.5, Max: 2.3, Diff: 2.3, Sum: 27.4]
         [Processed Buffers: Min: 0, Avg: 8.1, Max: 24, Diff: 24, Sum: 145]
      [Scan RS (ms): Min: 0.2, Avg: 0.7, Max: 1.0, Diff: 0.7, Sum: 12.5]
      [Object Copy (ms): Min: 5.4, Avg: 7.6, Max: 8.5, Diff: 3.1, Sum: 137.2]
      [Termination (ms): Min: 0.0, Avg: 0.5, Max: 0.6, Diff: 0.5, Sum: 8.7]
      [GC Worker Other (ms): Min: 0.0, Avg: 0.2, Max: 0.3, Diff: 0.3, Sum: 3.1]
      [GC Worker Total (ms): Min: 17.4, Avg: 17.7, Max: 18.0, Diff: 0.5, Sum: 318.9]
      [GC Worker End (ms): Min: 2870166.4, Avg: 2870166.6, Max: 2870166.8, Diff: 0.3]
   [Code Root Fixup: 0.0 ms]
   [Clear CT: 1.8 ms]
   [Other: 17.5 ms]
      [Choose CSet: 0.0 ms]
      [Ref Proc: 7.8 ms]
      [Ref Enq: 0.6 ms]
      [Free CSet: 8.3 ms]
   [Eden: 1555.0M(1555.0M)->0.0B(1560.0M) Survivors: 21.0M->16.0M Heap: 1975.9M(2252.0M)->415.7M(2252.0M)]
 [Times: user=0.37 sys=0.01, real=0.03 secs] 

 Concurrent RS processed 1681634 cards
  Of 54959 completed buffers:
        54959 (100.0%) by conc RS threads.
            0 (  0.0%) by mutator threads.
  Conc RS threads times(s)
          0.00     0.00     0.00     0.00     0.00     0.00     0.00     0.00     0.00     0.00     0.00     0.00     0.00     0.00     0.00     0.00     0.00     0.00     0.00
  Total heap region rem set sizes = 6250K.  Max = 32K.
  Static structures = 369K, free_lists = 189K.
    342164 occupied cards represented.
    Max size region = 10:(O)[0x0000000763e00000,0x0000000763efff98,0x0000000763f00000], size = 33K, occupied = 49K.
    Did 1280 coarsenings.
2014-08-01T09:44:16.398-0500: 2876.842: [GC pause (young) 2876.842: [G1Ergonomics (CSet Construction) start choosing CSet, _pending_cards: 5494, predicted base time: 24.73 ms, remaining time: 75.27 ms, target pause time: 100.00 ms]
 2876.842: [G1Ergonomics (CSet Construction) add young regions to CSet, eden: 1560 regions, survivors: 16 regions, predicted young region time: 12.83 ms]
 2876.842: [G1Ergonomics (CSet Construction) finish choosing CSet, eden: 1560 regions, survivors: 16 regions, old: 0 regions, predicted pause time: 37.56 ms, target pause time: 100.00 ms]
, 0.0355180 secs]
   [Parallel Time: 18.8 ms, GC Workers: 18]
      [GC Worker Start (ms): Min: 2876842.1, Avg: 2876842.3, Max: 2876842.4, Diff: 0.3]
      [Ext Root Scanning (ms): Min: 6.1, Avg: 7.3, Max: 12.2, Diff: 6.0, Sum: 132.0]
      [Update RS (ms): Min: 0.0, Avg: 1.6, Max: 3.0, Diff: 3.0, Sum: 29.3]
         [Processed Buffers: Min: 0, Avg: 8.0, Max: 21, Diff: 21, Sum: 144]
      [Scan RS (ms): Min: 0.2, Avg: 0.8, Max: 0.9, Diff: 0.7, Sum: 13.9]
      [Object Copy (ms): Min: 4.1, Avg: 6.8, Max: 8.1, Diff: 3.9, Sum: 123.1]
      [Termination (ms): Min: 0.0, Avg: 1.4, Max: 2.0, Diff: 2.0, Sum: 25.3]
      [GC Worker Other (ms): Min: 0.0, Avg: 0.1, Max: 0.3, Diff: 0.3, Sum: 2.7]
      [GC Worker Total (ms): Min: 17.8, Avg: 18.1, Max: 18.6, Diff: 0.8, Sum: 326.3]
      [GC Worker End (ms): Min: 2876860.2, Avg: 2876860.4, Max: 2876860.7, Diff: 0.5]
   [Code Root Fixup: 0.0 ms]
   [Clear CT: 2.0 ms]
   [Other: 14.7 ms]
      [Choose CSet: 0.0 ms]
      [Ref Proc: 9.1 ms]
      [Ref Enq: 0.4 ms]
      [Free CSet: 4.6 ms]
   [Eden: 1560.0M(1560.0M)->0.0B(1565.0M) Survivors: 16.0M->11.0M Heap: 1975.7M(2252.0M)->411.2M(2252.0M)]
 [Times: user=0.37 sys=0.01, real=0.03 secs] 

 Concurrent RS processed 1683980 cards
  Of 55103 completed buffers:
        55103 (100.0%) by conc RS threads.
            0 (  0.0%) by mutator threads.
  Conc RS threads times(s)
          0.00     0.00     0.00     0.00     0.00     0.00     0.00     0.00     0.00     0.00     0.00     0.00     0.00     0.00     0.00     0.00     0.00     0.00     0.00
  Total heap region rem set sizes = 6250K.  Max = 32K.
  Static structures = 369K, free_lists = 189K.
    342559 occupied cards represented.
    Max size region = 10:(O)[0x0000000763e00000,0x0000000763efff98,0x0000000763f00000], size = 33K, occupied = 49K.
    Did 1280 coarsenings.
2014-08-01T09:44:22.396-0500: 2882.839: [GC pause (young) 2882.839: [G1Ergonomics (CSet Construction) start choosing CSet, _pending_cards: 5498, predicted base time: 24.12 ms, remaining time: 75.88 ms, target pause time: 100.00 ms]
 2882.839: [G1Ergonomics (CSet Construction) add young regions to CSet, eden: 1565 regions, survivors: 11 regions, predicted young region time: 13.88 ms]
 2882.839: [G1Ergonomics (CSet Construction) finish choosing CSet, eden: 1565 regions, survivors: 11 regions, old: 0 regions, predicted pause time: 38.00 ms, target pause time: 100.00 ms]
, 0.0397620 secs]
   [Parallel Time: 25.2 ms, GC Workers: 18]
      [GC Worker Start (ms): Min: 2882839.3, Avg: 2882839.5, Max: 2882839.7, Diff: 0.4]
      [Ext Root Scanning (ms): Min: 9.0, Avg: 11.8, Max: 17.3, Diff: 8.3, Sum: 212.0]
      [Update RS (ms): Min: 0.0, Avg: 1.4, Max: 3.7, Diff: 3.7, Sum: 26.0]
         [Processed Buffers: Min: 0, Avg: 8.0, Max: 25, Diff: 25, Sum: 144]
      [Scan RS (ms): Min: 0.2, Avg: 0.7, Max: 0.9, Diff: 0.7, Sum: 11.9]
      [Object Copy (ms): Min: 6.5, Avg: 10.1, Max: 11.7, Diff: 5.3, Sum: 182.6]
      [Termination (ms): Min: 0.0, Avg: 0.4, Max: 0.6, Diff: 0.5, Sum: 6.4]
      [GC Worker Other (ms): Min: 0.0, Avg: 0.2, Max: 0.4, Diff: 0.4, Sum: 3.9]
      [GC Worker Total (ms): Min: 24.4, Avg: 24.6, Max: 24.9, Diff: 0.5, Sum: 442.9]
      [GC Worker End (ms): Min: 2882863.9, Avg: 2882864.1, Max: 2882864.3, Diff: 0.4]
   [Code Root Fixup: 0.0 ms]
   [Clear CT: 1.7 ms]
   [Other: 12.8 ms]
      [Choose CSet: 0.0 ms]
      [Ref Proc: 7.0 ms]
      [Ref Enq: 0.5 ms]
      [Free CSet: 4.7 ms]
   [Eden: 1565.0M(1565.0M)->0.0B(1560.0M) Survivors: 11.0M->16.0M Heap: 1976.2M(2252.0M)->415.6M(2252.0M)]
 [Times: user=0.38 sys=0.01, real=0.04 secs] 

 Concurrent RS processed 1686483 cards
  Of 55247 completed buffers:
        55247 (100.0%) by conc RS threads.
            0 (  0.0%) by mutator threads.
  Conc RS threads times(s)
          0.00     0.00     0.00     0.00     0.00     0.00     0.00     0.00     0.00     0.00     0.00     0.00     0.00     0.00     0.00     0.00     0.00     0.00     0.00
  Total heap region rem set sizes = 6250K.  Max = 32K.
  Static structures = 369K, free_lists = 189K.
    342940 occupied cards represented.
    Max size region = 10:(O)[0x0000000763e00000,0x0000000763efff98,0x0000000763f00000], size = 33K, occupied = 49K.
    Did 1280 coarsenings.
2014-08-01T09:44:28.814-0500: 2889.257: [GC pause (young) 2889.257: [G1Ergonomics (CSet Construction) start choosing CSet, _pending_cards: 5983, predicted base time: 24.39 ms, remaining time: 75.61 ms, target pause time: 100.00 ms]
 2889.257: [G1Ergonomics (CSet Construction) add young regions to CSet, eden: 1560 regions, survivors: 16 regions, predicted young region time: 14.87 ms]
 2889.257: [G1Ergonomics (CSet Construction) finish choosing CSet, eden: 1560 regions, survivors: 16 regions, old: 0 regions, predicted pause time: 39.26 ms, target pause time: 100.00 ms]
, 0.0397140 secs]
   [Parallel Time: 24.5 ms, GC Workers: 18]
      [GC Worker Start (ms): Min: 2889257.6, Avg: 2889257.8, Max: 2889257.9, Diff: 0.3]
      [Ext Root Scanning (ms): Min: 5.5, Avg: 7.2, Max: 12.0, Diff: 6.5, Sum: 129.0]
      [Update RS (ms): Min: 0.0, Avg: 1.6, Max: 3.9, Diff: 3.9, Sum: 28.8]
         [Processed Buffers: Min: 0, Avg: 8.2, Max: 28, Diff: 28, Sum: 147]
      [Scan RS (ms): Min: 0.2, Avg: 0.7, Max: 1.0, Diff: 0.7, Sum: 12.4]
      [Object Copy (ms): Min: 11.5, Avg: 14.1, Max: 14.7, Diff: 3.2, Sum: 253.5]
      [Termination (ms): Min: 0.0, Avg: 0.1, Max: 0.2, Diff: 0.2, Sum: 2.4]
      [GC Worker Other (ms): Min: 0.0, Avg: 0.3, Max: 0.5, Diff: 0.4, Sum: 4.7]
      [GC Worker Total (ms): Min: 23.6, Avg: 23.9, Max: 24.3, Diff: 0.7, Sum: 430.7]
      [GC Worker End (ms): Min: 2889281.5, Avg: 2889281.7, Max: 2889281.9, Diff: 0.4]
   [Code Root Fixup: 0.0 ms]
   [Clear CT: 2.1 ms]
   [Other: 13.1 ms]
      [Choose CSet: 0.0 ms]
      [Ref Proc: 6.7 ms]
      [Ref Enq: 0.4 ms]
      [Free CSet: 5.3 ms]
   [Eden: 1560.0M(1560.0M)->0.0B(1562.0M) Survivors: 16.0M->14.0M Heap: 1975.6M(2252.0M)->414.3M(2252.0M)]
 [Times: user=0.47 sys=0.01, real=0.04 secs] 

 Concurrent RS processed 1688920 cards
  Of 55394 completed buffers:
        55394 (100.0%) by conc RS threads.
            0 (  0.0%) by mutator threads.
  Conc RS threads times(s)
          0.00     0.00     0.00     0.00     0.00     0.00     0.00     0.00     0.00     0.00     0.00     0.00     0.00     0.00     0.00     0.00     0.00     0.00     0.00
  Total heap region rem set sizes = 6251K.  Max = 32K.
  Static structures = 369K, free_lists = 188K.
    343267 occupied cards represented.
    Max size region = 10:(O)[0x0000000763e00000,0x0000000763efff98,0x0000000763f00000], size = 33K, occupied = 49K.
    Did 1280 coarsenings.
2014-08-01T09:44:35.093-0500: 2895.537: [GC pause (young) 2895.537: [G1Ergonomics (CSet Construction) start choosing CSet, _pending_cards: 6044, predicted base time: 23.28 ms, remaining time: 76.72 ms, target pause time: 100.00 ms]
 2895.537: [G1Ergonomics (CSet Construction) add young regions to CSet, eden: 1562 regions, survivors: 14 regions, predicted young region time: 14.46 ms]
 2895.537: [G1Ergonomics (CSet Construction) finish choosing CSet, eden: 1562 regions, survivors: 14 regions, old: 0 regions, predicted pause time: 37.74 ms, target pause time: 100.00 ms]
, 0.0345490 secs]
   [Parallel Time: 19.6 ms, GC Workers: 18]
      [GC Worker Start (ms): Min: 2895537.1, Avg: 2895537.2, Max: 2895537.4, Diff: 0.3]
      [Ext Root Scanning (ms): Min: 5.3, Avg: 6.6, Max: 10.6, Diff: 5.3, Sum: 119.3]
      [Update RS (ms): Min: 0.0, Avg: 1.6, Max: 3.1, Diff: 3.1, Sum: 29.2]
         [Processed Buffers: Min: 0, Avg: 8.4, Max: 24, Diff: 24, Sum: 152]
      [Scan RS (ms): Min: 0.2, Avg: 0.7, Max: 0.9, Diff: 0.7, Sum: 12.9]
      [Object Copy (ms): Min: 8.0, Avg: 9.8, Max: 10.3, Diff: 2.3, Sum: 176.7]
      [Termination (ms): Min: 0.0, Avg: 0.1, Max: 0.1, Diff: 0.1, Sum: 1.9]
      [GC Worker Other (ms): Min: 0.0, Avg: 0.2, Max: 0.4, Diff: 0.4, Sum: 4.1]
      [GC Worker Total (ms): Min: 18.8, Avg: 19.1, Max: 19.4, Diff: 0.6, Sum: 344.0]
      [GC Worker End (ms): Min: 2895556.1, Avg: 2895556.3, Max: 2895556.5, Diff: 0.4]
   [Code Root Fixup: 0.0 ms]
   [Clear CT: 1.9 ms]
   [Other: 13.0 ms]
      [Choose CSet: 0.0 ms]
      [Ref Proc: 7.2 ms]
      [Ref Enq: 0.5 ms]
      [Free CSet: 4.6 ms]
   [Eden: 1562.0M(1562.0M)->0.0B(1563.0M) Survivors: 14.0M->13.0M Heap: 1976.3M(2252.0M)->413.3M(2252.0M)]
 [Times: user=0.42 sys=0.01, real=0.04 secs] 

 Concurrent RS processed 1691329 cards
  Of 55546 completed buffers:
        55546 (100.0%) by conc RS threads.
            0 (  0.0%) by mutator threads.
  Conc RS threads times(s)
          0.00     0.00     0.00     0.00     0.00     0.00     0.00     0.00     0.00     0.00     0.00     0.00     0.00     0.00     0.00     0.00     0.00     0.00     0.00
  Total heap region rem set sizes = 6251K.  Max = 32K.
  Static structures = 369K, free_lists = 188K.
    343577 occupied cards represented.
    Max size region = 10:(O)[0x0000000763e00000,0x0000000763efff98,0x0000000763f00000], size = 33K, occupied = 49K.
    Did 1280 coarsenings.
2014-08-01T09:44:40.935-0500: 2901.378: [GC pause (young) 2901.378: [G1Ergonomics (CSet Construction) start choosing CSet, _pending_cards: 5495, predicted base time: 22.19 ms, remaining time: 77.81 ms, target pause time: 100.00 ms]
 2901.378: [G1Ergonomics (CSet Construction) add young regions to CSet, eden: 1563 regions, survivors: 13 regions, predicted young region time: 20.88 ms]
 2901.378: [G1Ergonomics (CSet Construction) finish choosing CSet, eden: 1563 regions, survivors: 13 regions, old: 0 regions, predicted pause time: 43.07 ms, target pause time: 100.00 ms]
, 0.0343650 secs]
   [Parallel Time: 20.3 ms, GC Workers: 18]
      [GC Worker Start (ms): Min: 2901378.7, Avg: 2901378.8, Max: 2901379.0, Diff: 0.3]
      [Ext Root Scanning (ms): Min: 4.7, Avg: 6.8, Max: 11.3, Diff: 6.7, Sum: 122.0]
      [Update RS (ms): Min: 0.0, Avg: 1.5, Max: 3.6, Diff: 3.6, Sum: 26.7]
         [Processed Buffers: Min: 0, Avg: 7.9, Max: 32, Diff: 32, Sum: 142]
      [Scan RS (ms): Min: 0.2, Avg: 0.8, Max: 1.0, Diff: 0.8, Sum: 14.1]
      [Object Copy (ms): Min: 4.0, Avg: 6.7, Max: 10.8, Diff: 6.8, Sum: 121.1]
      [Termination (ms): Min: 0.0, Avg: 4.0, Max: 4.3, Diff: 4.3, Sum: 71.9]
      [GC Worker Other (ms): Min: 0.0, Avg: 0.2, Max: 0.3, Diff: 0.3, Sum: 3.0]
      [GC Worker Total (ms): Min: 19.7, Avg: 19.9, Max: 20.2, Diff: 0.5, Sum: 358.8]
      [GC Worker End (ms): Min: 2901398.6, Avg: 2901398.8, Max: 2901398.9, Diff: 0.3]
   [Code Root Fixup: 0.0 ms]
   [Clear CT: 1.9 ms]
   [Other: 12.2 ms]
      [Choose CSet: 0.0 ms]
      [Ref Proc: 6.4 ms]
      [Ref Enq: 0.4 ms]
      [Free CSet: 4.6 ms]
   [Eden: 1563.0M(1563.0M)->0.0B(1554.0M) Survivors: 13.0M->22.0M Heap: 1976.3M(2252.0M)->422.2M(2252.0M)]
 [Times: user=0.40 sys=0.00, real=0.04 secs] 

 Concurrent RS processed 1693706 cards
  Of 55688 completed buffers:
        55688 (100.0%) by conc RS threads.
            0 (  0.0%) by mutator threads.
  Conc RS threads times(s)
          0.00     0.00     0.00     0.00     0.00     0.00     0.00     0.00     0.00     0.00     0.00     0.00     0.00     0.00     0.00     0.00     0.00     0.00     0.00
  Total heap region rem set sizes = 6252K.  Max = 32K.
  Static structures = 369K, free_lists = 188K.
    343899 occupied cards represented.
    Max size region = 10:(O)[0x0000000763e00000,0x0000000763efff98,0x0000000763f00000], size = 33K, occupied = 50K.
    Did 1280 coarsenings.
2014-08-01T09:44:47.108-0500: 2907.551: [GC pause (young) 2907.551: [G1Ergonomics (CSet Construction) start choosing CSet, _pending_cards: 5472, predicted base time: 21.24 ms, remaining time: 78.76 ms, target pause time: 100.00 ms]
 2907.551: [G1Ergonomics (CSet Construction) add young regions to CSet, eden: 1554 regions, survivors: 22 regions, predicted young region time: 17.34 ms]
 2907.551: [G1Ergonomics (CSet Construction) finish choosing CSet, eden: 1554 regions, survivors: 22 regions, old: 0 regions, predicted pause time: 38.58 ms, target pause time: 100.00 ms]
, 0.0301620 secs]
   [Parallel Time: 17.1 ms, GC Workers: 18]
      [GC Worker Start (ms): Min: 2907551.3, Avg: 2907551.4, Max: 2907551.6, Diff: 0.4]
      [Ext Root Scanning (ms): Min: 6.2, Avg: 7.1, Max: 11.0, Diff: 4.8, Sum: 127.5]
      [Update RS (ms): Min: 0.0, Avg: 1.7, Max: 3.0, Diff: 3.0, Sum: 31.2]
         [Processed Buffers: Min: 0, Avg: 7.9, Max: 22, Diff: 22, Sum: 142]
      [Scan RS (ms): Min: 0.2, Avg: 0.7, Max: 1.8, Diff: 1.6, Sum: 12.5]
      [Object Copy (ms): Min: 5.3, Avg: 6.9, Max: 7.7, Diff: 2.4, Sum: 123.8]
      [Termination (ms): Min: 0.0, Avg: 0.0, Max: 0.1, Diff: 0.1, Sum: 0.7]
      [GC Worker Other (ms): Min: 0.1, Avg: 0.2, Max: 0.4, Diff: 0.4, Sum: 4.2]
      [GC Worker Total (ms): Min: 16.4, Avg: 16.7, Max: 16.9, Diff: 0.5, Sum: 299.9]
      [GC Worker End (ms): Min: 2907567.9, Avg: 2907568.1, Max: 2907568.3, Diff: 0.3]
   [Code Root Fixup: 0.0 ms]
   [Clear CT: 1.7 ms]
   [Other: 11.3 ms]
      [Choose CSet: 0.0 ms]
      [Ref Proc: 5.4 ms]
      [Ref Enq: 0.5 ms]
      [Free CSet: 4.7 ms]
   [Eden: 1554.0M(1554.0M)->0.0B(1563.0M) Survivors: 22.0M->13.0M Heap: 1976.2M(2252.0M)->413.5M(2252.0M)]
 [Times: user=0.33 sys=0.01, real=0.03 secs] 

 Concurrent RS processed 1696150 cards
  Of 55830 completed buffers:
        55830 (100.0%) by conc RS threads.
            0 (  0.0%) by mutator threads.
  Conc RS threads times(s)
          0.00     0.00     0.00     0.00     0.00     0.00     0.00     0.00     0.00     0.00     0.00     0.00     0.00     0.00     0.00     0.00     0.00     0.00     0.00
  Total heap region rem set sizes = 6252K.  Max = 32K.
  Static structures = 369K, free_lists = 188K.
    344188 occupied cards represented.
    Max size region = 10:(O)[0x0000000763e00000,0x0000000763efff98,0x0000000763f00000], size = 33K, occupied = 50K.
    Did 1280 coarsenings.
2014-08-01T09:44:53.225-0500: 2913.669: [GC pause (young) 2913.669: [G1Ergonomics (CSet Construction) start choosing CSet, _pending_cards: 5478, predicted base time: 20.49 ms, remaining time: 79.51 ms, target pause time: 100.00 ms]
 2913.669: [G1Ergonomics (CSet Construction) add young regions to CSet, eden: 1563 regions, survivors: 13 regions, predicted young region time: 16.15 ms]
 2913.669: [G1Ergonomics (CSet Construction) finish choosing CSet, eden: 1563 regions, survivors: 13 regions, old: 0 regions, predicted pause time: 36.64 ms, target pause time: 100.00 ms]
, 0.0379480 secs]
   [Parallel Time: 20.4 ms, GC Workers: 18]
      [GC Worker Start (ms): Min: 2913669.1, Avg: 2913669.3, Max: 2913669.4, Diff: 0.3]
      [Ext Root Scanning (ms): Min: 4.1, Avg: 7.0, Max: 11.5, Diff: 7.4, Sum: 126.1]
      [Update RS (ms): Min: 0.0, Avg: 1.6, Max: 2.8, Diff: 2.8, Sum: 28.9]
         [Processed Buffers: Min: 0, Avg: 7.8, Max: 33, Diff: 33, Sum: 141]
      [Scan RS (ms): Min: 0.2, Avg: 0.7, Max: 1.0, Diff: 0.8, Sum: 12.0]
      [Object Copy (ms): Min: 7.2, Avg: 9.7, Max: 13.6, Diff: 6.4, Sum: 174.3]
      [Termination (ms): Min: 0.1, Avg: 0.8, Max: 1.5, Diff: 1.4, Sum: 14.2]
      [GC Worker Other (ms): Min: 0.0, Avg: 0.2, Max: 0.4, Diff: 0.3, Sum: 3.2]
      [GC Worker Total (ms): Min: 19.6, Avg: 19.9, Max: 20.2, Diff: 0.6, Sum: 358.8]
      [GC Worker End (ms): Min: 2913689.0, Avg: 2913689.2, Max: 2913689.4, Diff: 0.3]
   [Code Root Fixup: 0.0 ms]
   [Clear CT: 2.6 ms]
   [Other: 14.9 ms]
      [Choose CSet: 0.0 ms]
      [Ref Proc: 8.1 ms]
      [Ref Enq: 1.4 ms]
      [Free CSet: 4.7 ms]
   [Eden: 1563.0M(1563.0M)->0.0B(1562.0M) Survivors: 13.0M->14.0M Heap: 1976.5M(2252.0M)->414.2M(2252.0M)]
 [Times: user=0.40 sys=0.01, real=0.04 secs] 

 Concurrent RS processed 1698511 cards
  Of 55971 completed buffers:
        55971 (100.0%) by conc RS threads.
            0 (  0.0%) by mutator threads.
  Conc RS threads times(s)
          0.00     0.00     0.00     0.00     0.00     0.00     0.00     0.00     0.00     0.00     0.00     0.00     0.00     0.00     0.00     0.00     0.00     0.00     0.00
  Total heap region rem set sizes = 6252K.  Max = 32K.
  Static structures = 369K, free_lists = 188K.
    344392 occupied cards represented.
    Max size region = 10:(O)[0x0000000763e00000,0x0000000763efff98,0x0000000763f00000], size = 33K, occupied = 50K.
    Did 1280 coarsenings.
2014-08-01T09:44:59.366-0500: 2919.810: [GC pause (young) 2919.810: [G1Ergonomics (CSet Construction) start choosing CSet, _pending_cards: 5720, predicted base time: 21.27 ms, remaining time: 78.73 ms, target pause time: 100.00 ms]
 2919.810: [G1Ergonomics (CSet Construction) add young regions to CSet, eden: 1562 regions, survivors: 14 regions, predicted young region time: 11.59 ms]
 2919.810: [G1Ergonomics (CSet Construction) finish choosing CSet, eden: 1562 regions, survivors: 14 regions, old: 0 regions, predicted pause time: 32.87 ms, target pause time: 100.00 ms]
, 0.0356760 secs]
   [Parallel Time: 22.2 ms, GC Workers: 18]
      [GC Worker Start (ms): Min: 2919810.2, Avg: 2919810.4, Max: 2919810.6, Diff: 0.3]
      [Ext Root Scanning (ms): Min: 4.7, Avg: 7.0, Max: 11.1, Diff: 6.3, Sum: 125.3]
      [Update RS (ms): Min: 0.0, Avg: 1.7, Max: 4.3, Diff: 4.3, Sum: 30.4]
         [Processed Buffers: Min: 0, Avg: 7.7, Max: 25, Diff: 25, Sum: 139]
      [Scan RS (ms): Min: 0.2, Avg: 0.6, Max: 0.9, Diff: 0.7, Sum: 11.5]
      [Object Copy (ms): Min: 10.1, Avg: 12.1, Max: 12.6, Diff: 2.5, Sum: 217.7]
      [Termination (ms): Min: 0.0, Avg: 0.1, Max: 0.2, Diff: 0.2, Sum: 2.5]
      [GC Worker Other (ms): Min: 0.0, Avg: 0.2, Max: 0.4, Diff: 0.3, Sum: 3.9]
      [GC Worker Total (ms): Min: 21.5, Avg: 21.7, Max: 22.0, Diff: 0.6, Sum: 391.3]
      [GC Worker End (ms): Min: 2919832.0, Avg: 2919832.1, Max: 2919832.3, Diff: 0.3]
   [Code Root Fixup: 0.0 ms]
   [Clear CT: 1.7 ms]
   [Other: 11.8 ms]
      [Choose CSet: 0.0 ms]
      [Ref Proc: 6.4 ms]
      [Ref Enq: 0.5 ms]
      [Free CSet: 4.3 ms]
   [Eden: 1562.0M(1562.0M)->0.0B(1553.0M) Survivors: 14.0M->23.0M Heap: 1976.2M(2252.0M)->423.4M(2252.0M)]
 [Times: user=0.43 sys=0.01, real=0.04 secs] 

 Concurrent RS processed 1700927 cards
  Of 56110 completed buffers:
        56110 (100.0%) by conc RS threads.
            0 (  0.0%) by mutator threads.
  Conc RS threads times(s)
          0.00     0.00     0.00     0.00     0.00     0.00     0.00     0.00     0.00     0.00     0.00     0.00     0.00     0.00     0.00     0.00     0.00     0.00     0.00
  Total heap region rem set sizes = 6252K.  Max = 32K.
  Static structures = 369K, free_lists = 188K.
    344669 occupied cards represented.
    Max size region = 10:(O)[0x0000000763e00000,0x0000000763efff98,0x0000000763f00000], size = 33K, occupied = 50K.
    Did 1280 coarsenings.
2014-08-01T09:45:05.654-0500: 2926.098: [GC pause (young) 2926.098: [G1Ergonomics (CSet Construction) start choosing CSet, _pending_cards: 5725, predicted base time: 20.61 ms, remaining time: 79.39 ms, target pause time: 100.00 ms]
 2926.098: [G1Ergonomics (CSet Construction) add young regions to CSet, eden: 1553 regions, survivors: 23 regions, predicted young region time: 25.01 ms]
 2926.098: [G1Ergonomics (CSet Construction) finish choosing CSet, eden: 1553 regions, survivors: 23 regions, old: 0 regions, predicted pause time: 45.62 ms, target pause time: 100.00 ms]
, 0.0379860 secs]
   [Parallel Time: 20.8 ms, GC Workers: 18]
      [GC Worker Start (ms): Min: 2926098.1, Avg: 2926098.2, Max: 2926098.4, Diff: 0.3]
      [Ext Root Scanning (ms): Min: 5.9, Avg: 7.9, Max: 18.2, Diff: 12.3, Sum: 142.6]
      [Update RS (ms): Min: 0.0, Avg: 1.5, Max: 2.9, Diff: 2.9, Sum: 26.2]
         [Processed Buffers: Min: 0, Avg: 8.3, Max: 27, Diff: 27, Sum: 149]
      [Scan RS (ms): Min: 0.2, Avg: 0.7, Max: 1.0, Diff: 0.8, Sum: 12.9]
      [Object Copy (ms): Min: 0.2, Avg: 7.3, Max: 9.2, Diff: 9.0, Sum: 131.9]
      [Termination (ms): Min: 0.0, Avg: 2.0, Max: 3.0, Diff: 3.0, Sum: 36.8]
      [GC Worker Other (ms): Min: 0.0, Avg: 0.2, Max: 0.4, Diff: 0.4, Sum: 3.0]
      [GC Worker Total (ms): Min: 19.4, Avg: 19.6, Max: 20.3, Diff: 0.9, Sum: 353.5]
      [GC Worker End (ms): Min: 2926117.7, Avg: 2926117.9, Max: 2926118.6, Diff: 0.9]
   [Code Root Fixup: 0.0 ms]
   [Clear CT: 1.6 ms]
   [Other: 15.6 ms]
      [Choose CSet: 0.0 ms]
      [Ref Proc: 9.1 ms]
      [Ref Enq: 0.5 ms]
      [Free CSet: 5.4 ms]
   [Eden: 1553.0M(1553.0M)->0.0B(1560.0M) Survivors: 23.0M->16.0M Heap: 1976.4M(2252.0M)->416.5M(2252.0M)]
 [Times: user=0.40 sys=0.00, real=0.03 secs] 

 Concurrent RS processed 1703359 cards
  Of 56259 completed buffers:
        56259 (100.0%) by conc RS threads.
            0 (  0.0%) by mutator threads.
  Conc RS threads times(s)
          0.00     0.00     0.00     0.00     0.00     0.00     0.00     0.00     0.00     0.00     0.00     0.00     0.00     0.00     0.00     0.00     0.00     0.00     0.00
  Total heap region rem set sizes = 6252K.  Max = 32K.
  Static structures = 369K, free_lists = 188K.
    344979 occupied cards represented.
    Max size region = 10:(O)[0x0000000763e00000,0x0000000763efff98,0x0000000763f00000], size = 33K, occupied = 50K.
    Did 1280 coarsenings.
2014-08-01T09:45:11.526-0500: 2931.969: [GC pause (young) 2931.969: [G1Ergonomics (CSet Construction) start choosing CSet, _pending_cards: 5290, predicted base time: 21.34 ms, remaining time: 78.66 ms, target pause time: 100.00 ms]
 2931.969: [G1Ergonomics (CSet Construction) add young regions to CSet, eden: 1560 regions, survivors: 16 regions, predicted young region time: 13.08 ms]
 2931.969: [G1Ergonomics (CSet Construction) finish choosing CSet, eden: 1560 regions, survivors: 16 regions, old: 0 regions, predicted pause time: 34.42 ms, target pause time: 100.00 ms]
, 0.0342400 secs]
   [Parallel Time: 15.8 ms, GC Workers: 18]
      [GC Worker Start (ms): Min: 2931969.6, Avg: 2931969.7, Max: 2931969.8, Diff: 0.2]
      [Ext Root Scanning (ms): Min: 3.7, Avg: 4.7, Max: 9.0, Diff: 5.3, Sum: 84.9]
      [Update RS (ms): Min: 0.0, Avg: 1.4, Max: 10.3, Diff: 10.3, Sum: 25.2]
         [Processed Buffers: Min: 0, Avg: 7.7, Max: 25, Diff: 25, Sum: 139]
      [Scan RS (ms): Min: 0.2, Avg: 0.5, Max: 0.6, Diff: 0.4, Sum: 8.9]
      [Object Copy (ms): Min: 0.8, Avg: 6.2, Max: 8.3, Diff: 7.5, Sum: 110.9]
      [Termination (ms): Min: 0.0, Avg: 2.6, Max: 3.0, Diff: 3.0, Sum: 47.1]
      [GC Worker Other (ms): Min: 0.0, Avg: 0.1, Max: 0.2, Diff: 0.2, Sum: 2.1]
      [GC Worker Total (ms): Min: 15.3, Avg: 15.5, Max: 15.7, Diff: 0.4, Sum: 279.1]
      [GC Worker End (ms): Min: 2931985.1, Avg: 2931985.2, Max: 2931985.3, Diff: 0.2]
   [Code Root Fixup: 0.0 ms]
   [Clear CT: 1.1 ms]
   [Other: 17.3 ms]
      [Choose CSet: 0.0 ms]
      [Ref Proc: 11.1 ms]
      [Ref Enq: 0.3 ms]
      [Free CSet: 5.3 ms]
   [Eden: 1560.0M(1560.0M)->0.0B(1565.0M) Survivors: 16.0M->11.0M Heap: 1976.5M(2252.0M)->411.8M(2252.0M)]
 [Times: user=0.35 sys=0.01, real=0.03 secs] 

 Concurrent RS processed 1705761 cards
  Of 56398 completed buffers:
        56398 (100.0%) by conc RS threads.
            0 (  0.0%) by mutator threads.
  Conc RS threads times(s)
          0.00     0.00     0.00     0.00     0.00     0.00     0.00     0.00     0.00     0.00     0.00     0.00     0.00     0.00     0.00     0.00     0.00     0.00     0.00
  Total heap region rem set sizes = 6256K.  Max = 33K.
  Static structures = 369K, free_lists = 187K.
    345398 occupied cards represented.
    Max size region = 10:(O)[0x0000000763e00000,0x0000000763efff98,0x0000000763f00000], size = 34K, occupied = 50K.
    Did 1280 coarsenings.
2014-08-01T09:45:17.844-0500: 2938.287: [GC pause (young) 2938.287: [G1Ergonomics (CSet Construction) start choosing CSet, _pending_cards: 5487, predicted base time: 21.00 ms, remaining time: 79.00 ms, target pause time: 100.00 ms]
 2938.287: [G1Ergonomics (CSet Construction) add young regions to CSet, eden: 1565 regions, survivors: 11 regions, predicted young region time: 13.64 ms]
 2938.287: [G1Ergonomics (CSet Construction) finish choosing CSet, eden: 1565 regions, survivors: 11 regions, old: 0 regions, predicted pause time: 34.64 ms, target pause time: 100.00 ms]
, 0.0480900 secs]
   [Parallel Time: 29.7 ms, GC Workers: 18]
      [GC Worker Start (ms): Min: 2938287.2, Avg: 2938287.4, Max: 2938287.6, Diff: 0.4]
      [Ext Root Scanning (ms): Min: 7.1, Avg: 9.7, Max: 21.1, Diff: 14.0, Sum: 173.8]
      [Update RS (ms): Min: 0.0, Avg: 2.4, Max: 19.8, Diff: 19.8, Sum: 44.0]
         [Processed Buffers: Min: 0, Avg: 8.1, Max: 18, Diff: 18, Sum: 145]
      [Scan RS (ms): Min: 0.2, Avg: 0.8, Max: 1.9, Diff: 1.7, Sum: 14.4]
      [Object Copy (ms): Min: 1.1, Avg: 10.9, Max: 16.3, Diff: 15.2, Sum: 195.9]
      [Termination (ms): Min: 0.0, Avg: 5.1, Max: 6.3, Diff: 6.3, Sum: 92.2]
      [GC Worker Other (ms): Min: 0.0, Avg: 0.2, Max: 0.4, Diff: 0.3, Sum: 3.4]
      [GC Worker Total (ms): Min: 28.9, Avg: 29.1, Max: 29.4, Diff: 0.5, Sum: 523.7]
      [GC Worker End (ms): Min: 2938316.4, Avg: 2938316.5, Max: 2938316.7, Diff: 0.3]
   [Code Root Fixup: 0.0 ms]
   [Clear CT: 1.9 ms]
   [Other: 16.5 ms]
      [Choose CSet: 0.0 ms]
      [Ref Proc: 10.9 ms]
      [Ref Enq: 0.7 ms]
      [Free CSet: 4.3 ms]
   [Eden: 1565.0M(1565.0M)->0.0B(1562.0M) Survivors: 11.0M->14.0M Heap: 1976.8M(2252.0M)->414.3M(2252.0M)]
 [Times: user=0.54 sys=0.02, real=0.05 secs] 

 Concurrent RS processed 1708257 cards
  Of 56543 completed buffers:
        56543 (100.0%) by conc RS threads.
            0 (  0.0%) by mutator threads.
  Conc RS threads times(s)
          0.00     0.00     0.00     0.00     0.00     0.00     0.00     0.00     0.00     0.00     0.00     0.00     0.00     0.00     0.00     0.00     0.00     0.00     0.00
  Total heap region rem set sizes = 6258K.  Max = 33K.
  Static structures = 369K, free_lists = 186K.
    345841 occupied cards represented.
    Max size region = 10:(O)[0x0000000763e00000,0x0000000763efff98,0x0000000763f00000], size = 34K, occupied = 50K.
    Did 1280 coarsenings.
2014-08-01T09:45:24.135-0500: 2944.578: [GC pause (young) 2944.578: [G1Ergonomics (CSet Construction) start choosing CSet, _pending_cards: 5234, predicted base time: 23.55 ms, remaining time: 76.45 ms, target pause time: 100.00 ms]
 2944.578: [G1Ergonomics (CSet Construction) add young regions to CSet, eden: 1562 regions, survivors: 14 regions, predicted young region time: 13.25 ms]
 2944.578: [G1Ergonomics (CSet Construction) finish choosing CSet, eden: 1562 regions, survivors: 14 regions, old: 0 regions, predicted pause time: 36.80 ms, target pause time: 100.00 ms]
, 0.0355450 secs]
   [Parallel Time: 22.1 ms, GC Workers: 18]
      [GC Worker Start (ms): Min: 2944578.6, Avg: 2944578.8, Max: 2944579.0, Diff: 0.4]
      [Ext Root Scanning (ms): Min: 5.9, Avg: 7.3, Max: 11.1, Diff: 5.3, Sum: 131.4]
      [Update RS (ms): Min: 0.0, Avg: 1.7, Max: 3.9, Diff: 3.9, Sum: 29.9]
         [Processed Buffers: Min: 0, Avg: 7.8, Max: 30, Diff: 30, Sum: 141]
      [Scan RS (ms): Min: 0.2, Avg: 1.2, Max: 11.3, Diff: 11.1, Sum: 21.8]
      [Object Copy (ms): Min: 1.4, Avg: 10.6, Max: 11.8, Diff: 10.5, Sum: 190.6]
      [Termination (ms): Min: 0.0, Avg: 0.5, Max: 0.5, Diff: 0.5, Sum: 8.1]
      [GC Worker Other (ms): Min: 0.0, Avg: 0.2, Max: 0.4, Diff: 0.4, Sum: 3.3]
      [GC Worker Total (ms): Min: 21.0, Avg: 21.4, Max: 21.7, Diff: 0.7, Sum: 385.1]
      [GC Worker End (ms): Min: 2944600.0, Avg: 2944600.2, Max: 2944600.4, Diff: 0.4]
   [Code Root Fixup: 0.0 ms]
   [Clear CT: 2.1 ms]
   [Other: 11.4 ms]
      [Choose CSet: 0.0 ms]
      [Ref Proc: 5.8 ms]
      [Ref Enq: 0.6 ms]
      [Free CSet: 4.4 ms]
   [Eden: 1562.0M(1562.0M)->0.0B(1556.0M) Survivors: 14.0M->20.0M Heap: 1976.3M(2252.0M)->420.7M(2252.0M)]
 [Times: user=0.41 sys=0.00, real=0.04 secs] 

 Concurrent RS processed 1710705 cards
  Of 56684 completed buffers:
        56684 (100.0%) by conc RS threads.
            0 (  0.0%) by mutator threads.
  Conc RS threads times(s)
          0.00     0.00     0.00     0.00     0.00     0.00     0.00     0.00     0.00     0.00     0.00     0.00     0.00     0.00     0.00     0.00     0.00     0.00     0.00
  Total heap region rem set sizes = 6256K.  Max = 33K.
  Static structures = 369K, free_lists = 187K.
    346121 occupied cards represented.
    Max size region = 10:(O)[0x0000000763e00000,0x0000000763efff98,0x0000000763f00000], size = 34K, occupied = 50K.
    Did 1280 coarsenings.
2014-08-01T09:45:30.917-0500: 2951.360: [GC pause (young) 2951.361: [G1Ergonomics (CSet Construction) start choosing CSet, _pending_cards: 5463, predicted base time: 22.55 ms, remaining time: 77.45 ms, target pause time: 100.00 ms]
 2951.361: [G1Ergonomics (CSet Construction) add young regions to CSet, eden: 1556 regions, survivors: 20 regions, predicted young region time: 21.98 ms]
 2951.361: [G1Ergonomics (CSet Construction) finish choosing CSet, eden: 1556 regions, survivors: 20 regions, old: 0 regions, predicted pause time: 44.54 ms, target pause time: 100.00 ms]
, 0.0394360 secs]
   [Parallel Time: 22.0 ms, GC Workers: 18]
      [GC Worker Start (ms): Min: 2951360.8, Avg: 2951360.9, Max: 2951361.1, Diff: 0.3]
      [Ext Root Scanning (ms): Min: 4.0, Avg: 4.9, Max: 8.5, Diff: 4.5, Sum: 87.6]
      [Update RS (ms): Min: 0.0, Avg: 1.6, Max: 2.4, Diff: 2.4, Sum: 29.0]
         [Processed Buffers: Min: 0, Avg: 8.1, Max: 26, Diff: 26, Sum: 145]
      [Scan RS (ms): Min: 0.2, Avg: 0.7, Max: 0.9, Diff: 0.7, Sum: 12.3]
      [Object Copy (ms): Min: 8.5, Avg: 9.9, Max: 13.5, Diff: 5.0, Sum: 177.4]
      [Termination (ms): Min: 0.0, Avg: 3.2, Max: 3.5, Diff: 3.5, Sum: 58.2]
      [GC Worker Other (ms): Min: 0.0, Avg: 0.2, Max: 0.3, Diff: 0.3, Sum: 3.0]
      [GC Worker Total (ms): Min: 20.2, Avg: 20.4, Max: 20.8, Diff: 0.5, Sum: 367.5]
      [GC Worker End (ms): Min: 2951381.2, Avg: 2951381.3, Max: 2951381.5, Diff: 0.3]
   [Code Root Fixup: 0.0 ms]
   [Clear CT: 2.0 ms]
   [Other: 15.5 ms]
      [Choose CSet: 0.0 ms]
      [Ref Proc: 10.2 ms]
      [Ref Enq: 0.4 ms]
      [Free CSet: 4.2 ms]
   [Eden: 1556.0M(1556.0M)->0.0B(1562.0M) Survivors: 20.0M->14.0M Heap: 1976.7M(2252.0M)->414.6M(2252.0M)]
 [Times: user=0.43 sys=0.01, real=0.04 secs] 

 Concurrent RS processed 1713143 cards
  Of 56829 completed buffers:
        56829 (100.0%) by conc RS threads.
            0 (  0.0%) by mutator threads.
  Conc RS threads times(s)
          0.00     0.00     0.00     0.00     0.00     0.00     0.00     0.00     0.00     0.00     0.00     0.00     0.00     0.00     0.00     0.00     0.00     0.00     0.00
  Total heap region rem set sizes = 6257K.  Max = 33K.
  Static structures = 369K, free_lists = 186K.
    346541 occupied cards represented.
    Max size region = 10:(O)[0x0000000763e00000,0x0000000763efff98,0x0000000763f00000], size = 34K, occupied = 50K.
    Did 1280 coarsenings.
2014-08-01T09:45:37.867-0500: 2958.310: [GC pause (young) 2958.310: [G1Ergonomics (CSet Construction) start choosing CSet, _pending_cards: 5496, predicted base time: 22.38 ms, remaining time: 77.62 ms, target pause time: 100.00 ms]
 2958.310: [G1Ergonomics (CSet Construction) add young regions to CSet, eden: 1562 regions, survivors: 14 regions, predicted young region time: 25.36 ms]
 2958.310: [G1Ergonomics (CSet Construction) finish choosing CSet, eden: 1562 regions, survivors: 14 regions, old: 0 regions, predicted pause time: 47.74 ms, target pause time: 100.00 ms]
, 0.0433720 secs]
   [Parallel Time: 26.3 ms, GC Workers: 18]
      [GC Worker Start (ms): Min: 2958310.5, Avg: 2958310.7, Max: 2958310.9, Diff: 0.4]
      [Ext Root Scanning (ms): Min: 6.5, Avg: 8.0, Max: 9.6, Diff: 3.1, Sum: 144.1]
      [Update RS (ms): Min: 0.0, Avg: 2.1, Max: 14.0, Diff: 14.0, Sum: 38.7]
         [Processed Buffers: Min: 0, Avg: 7.9, Max: 30, Diff: 30, Sum: 143]
      [Scan RS (ms): Min: 0.3, Avg: 0.7, Max: 0.9, Diff: 0.6, Sum: 13.5]
      [Object Copy (ms): Min: 3.1, Avg: 12.6, Max: 15.8, Diff: 12.8, Sum: 227.6]
      [Termination (ms): Min: 0.0, Avg: 2.2, Max: 6.8, Diff: 6.8, Sum: 38.8]
      [GC Worker Other (ms): Min: 0.0, Avg: 0.2, Max: 0.4, Diff: 0.3, Sum: 3.3]
      [GC Worker Total (ms): Min: 25.6, Avg: 25.9, Max: 26.2, Diff: 0.6, Sum: 465.9]
      [GC Worker End (ms): Min: 2958336.4, Avg: 2958336.6, Max: 2958336.7, Diff: 0.3]
   [Code Root Fixup: 0.0 ms]
   [Clear CT: 1.6 ms]
   [Other: 15.4 ms]
      [Choose CSet: 0.0 ms]
      [Ref Proc: 7.6 ms]
      [Ref Enq: 0.6 ms]
      [Free CSet: 6.4 ms]
   [Eden: 1562.0M(1562.0M)->0.0B(1556.0M) Survivors: 14.0M->20.0M Heap: 1976.6M(2252.0M)->420.9M(2252.0M)]
 [Times: user=0.49 sys=0.01, real=0.05 secs] 

 Concurrent RS processed 1715600 cards
  Of 56972 completed buffers:
        56972 (100.0%) by conc RS threads.
            0 (  0.0%) by mutator threads.
  Conc RS threads times(s)
          0.00     0.00     0.00     0.00     0.00     0.00     0.00     0.00     0.00     0.00     0.00     0.00     0.00     0.00     0.00     0.00     0.00     0.00     0.00
  Total heap region rem set sizes = 6260K.  Max = 33K.
  Static structures = 369K, free_lists = 185K.
    347106 occupied cards represented.
    Max size region = 10:(O)[0x0000000763e00000,0x0000000763efff98,0x0000000763f00000], size = 34K, occupied = 50K.
    Did 1280 coarsenings.
2014-08-01T09:45:44.287-0500: 2964.731: [GC pause (young) 2964.731: [G1Ergonomics (CSet Construction) start choosing CSet, _pending_cards: 6002, predicted base time: 22.42 ms, remaining time: 77.58 ms, target pause time: 100.00 ms]
 2964.731: [G1Ergonomics (CSet Construction) add young regions to CSet, eden: 1556 regions, survivors: 20 regions, predicted young region time: 16.85 ms]
 2964.731: [G1Ergonomics (CSet Construction) finish choosing CSet, eden: 1556 regions, survivors: 20 regions, old: 0 regions, predicted pause time: 39.27 ms, target pause time: 100.00 ms]
, 0.0372270 secs]
   [Parallel Time: 19.9 ms, GC Workers: 18]
      [GC Worker Start (ms): Min: 2964731.3, Avg: 2964731.4, Max: 2964731.6, Diff: 0.3]
      [Ext Root Scanning (ms): Min: 6.3, Avg: 7.3, Max: 11.9, Diff: 5.6, Sum: 130.8]
      [Update RS (ms): Min: 0.0, Avg: 1.8, Max: 3.3, Diff: 3.3, Sum: 31.8]
         [Processed Buffers: Min: 0, Avg: 7.9, Max: 28, Diff: 28, Sum: 142]
      [Scan RS (ms): Min: 0.2, Avg: 0.6, Max: 1.0, Diff: 0.8, Sum: 11.5]
      [Object Copy (ms): Min: 5.9, Avg: 8.1, Max: 8.8, Diff: 3.0, Sum: 145.4]
      [Termination (ms): Min: 0.0, Avg: 0.1, Max: 0.2, Diff: 0.2, Sum: 0.9]
      [GC Worker Other (ms): Min: 0.0, Avg: 1.3, Max: 1.9, Diff: 1.8, Sum: 23.3]
      [GC Worker Total (ms): Min: 17.7, Avg: 19.1, Max: 19.7, Diff: 2.0, Sum: 343.6]
      [GC Worker End (ms): Min: 2964749.3, Avg: 2964750.5, Max: 2964751.1, Diff: 1.8]
   [Code Root Fixup: 0.0 ms]
   [Clear CT: 2.0 ms]
   [Other: 15.3 ms]
      [Choose CSet: 0.0 ms]
      [Ref Proc: 6.7 ms]
      [Ref Enq: 1.3 ms]
      [Free CSet: 6.5 ms]
   [Eden: 1556.0M(1556.0M)->0.0B(1563.0M) Survivors: 20.0M->13.0M Heap: 1976.9M(2252.0M)->414.2M(2252.0M)]
 [Times: user=0.36 sys=0.00, real=0.04 secs] 

 Concurrent RS processed 1718043 cards
  Of 57114 completed buffers:
        57114 (100.0%) by conc RS threads.
            0 (  0.0%) by mutator threads.
  Conc RS threads times(s)
          0.00     0.00     0.00     0.00     0.00     0.00     0.00     0.00     0.00     0.00     0.00     0.00     0.00     0.00     0.00     0.00     0.00     0.00     0.00
  Total heap region rem set sizes = 6259K.  Max = 33K.
  Static structures = 369K, free_lists = 186K.
    347259 occupied cards represented.
    Max size region = 10:(O)[0x0000000763e00000,0x0000000763efff98,0x0000000763f00000], size = 34K, occupied = 50K.
    Did 1280 coarsenings.
2014-08-01T09:45:50.422-0500: 2970.866: [GC pause (young) 2970.866: [G1Ergonomics (CSet Construction) start choosing CSet, _pending_cards: 74484, predicted base time: 46.13 ms, remaining time: 53.87 ms, target pause time: 100.00 ms]
 2970.866: [G1Ergonomics (CSet Construction) add young regions to CSet, eden: 1563 regions, survivors: 13 regions, predicted young region time: 97.50 ms]
 2970.866: [G1Ergonomics (CSet Construction) finish choosing CSet, eden: 1563 regions, survivors: 13 regions, old: 0 regions, predicted pause time: 143.63 ms, target pause time: 100.00 ms]
, 0.0555900 secs]
   [Parallel Time: 36.9 ms, GC Workers: 18]
      [GC Worker Start (ms): Min: 2970866.0, Avg: 2970866.1, Max: 2970866.3, Diff: 0.3]
      [Ext Root Scanning (ms): Min: 5.8, Avg: 6.8, Max: 11.1, Diff: 5.3, Sum: 122.3]
      [Update RS (ms): Min: 12.4, Avg: 15.6, Max: 16.8, Diff: 4.4, Sum: 280.6]
         [Processed Buffers: Min: 12, Avg: 24.1, Max: 36, Diff: 24, Sum: 433]
      [Scan RS (ms): Min: 0.3, Avg: 1.5, Max: 5.6, Diff: 5.3, Sum: 27.7]
      [Object Copy (ms): Min: 4.7, Avg: 8.6, Max: 12.7, Diff: 8.0, Sum: 155.6]
      [Termination (ms): Min: 0.0, Avg: 3.7, Max: 4.0, Diff: 4.0, Sum: 66.4]
      [GC Worker Other (ms): Min: 0.0, Avg: 0.2, Max: 0.4, Diff: 0.3, Sum: 3.3]
      [GC Worker Total (ms): Min: 36.1, Avg: 36.4, Max: 36.7, Diff: 0.5, Sum: 655.8]
      [GC Worker End (ms): Min: 2970902.4, Avg: 2970902.6, Max: 2970902.7, Diff: 0.3]
   [Code Root Fixup: 0.0 ms]
   [Clear CT: 1.8 ms]
   [Other: 16.9 ms]
      [Choose CSet: 0.0 ms]
      [Ref Proc: 10.1 ms]
      [Ref Enq: 0.5 ms]
      [Free CSet: 5.5 ms]
   [Eden: 1563.0M(1563.0M)->0.0B(1564.0M) Survivors: 13.0M->12.0M Heap: 2067.6M(2252.0M)->503.4M(2252.0M)]
 [Times: user=0.72 sys=0.00, real=0.05 secs] 

 Concurrent RS processed 1825628 cards
  Of 58003 completed buffers:
        58003 (100.0%) by conc RS threads.
            0 (  0.0%) by mutator threads.
  Conc RS threads times(s)
          0.00     0.00     0.00     0.00     0.00     0.00     0.00     0.00     0.00     0.00     0.00     0.00     0.00     0.00     0.00     0.00     0.00     0.00     0.00
  Total heap region rem set sizes = 6051K.  Max = 33K.
  Static structures = 369K, free_lists = 186K.
    347603 occupied cards represented.
    Max size region = 10:(O)[0x0000000763e00000,0x0000000763efff98,0x0000000763f00000], size = 34K, occupied = 50K.
    Did 1280 coarsenings.
2014-08-01T09:45:56.499-0500: 2976.942: [GC pause (young) 2976.942: [G1Ergonomics (CSet Construction) start choosing CSet, _pending_cards: 5469, predicted base time: 22.21 ms, remaining time: 77.79 ms, target pause time: 100.00 ms]
 2976.942: [G1Ergonomics (CSet Construction) add young regions to CSet, eden: 1564 regions, survivors: 12 regions, predicted young region time: 22.68 ms]
 2976.942: [G1Ergonomics (CSet Construction) finish choosing CSet, eden: 1564 regions, survivors: 12 regions, old: 0 regions, predicted pause time: 44.89 ms, target pause time: 100.00 ms]
, 0.0420000 secs]
   [Parallel Time: 24.4 ms, GC Workers: 18]
      [GC Worker Start (ms): Min: 2976942.4, Avg: 2976942.7, Max: 2976942.9, Diff: 0.5]
      [Ext Root Scanning (ms): Min: 6.8, Avg: 9.0, Max: 15.4, Diff: 8.7, Sum: 162.5]
      [Update RS (ms): Min: 0.0, Avg: 1.5, Max: 2.9, Diff: 2.9, Sum: 27.9]
         [Processed Buffers: Min: 0, Avg: 7.8, Max: 27, Diff: 27, Sum: 140]
      [Scan RS (ms): Min: 0.2, Avg: 0.7, Max: 1.0, Diff: 0.8, Sum: 12.3]
      [Object Copy (ms): Min: 7.9, Avg: 12.1, Max: 13.2, Diff: 5.3, Sum: 218.2]
      [Termination (ms): Min: 0.0, Avg: 0.3, Max: 0.4, Diff: 0.4, Sum: 5.4]
      [GC Worker Other (ms): Min: 0.0, Avg: 0.2, Max: 0.4, Diff: 0.4, Sum: 3.8]
      [GC Worker Total (ms): Min: 23.5, Avg: 23.9, Max: 24.2, Diff: 0.7, Sum: 430.1]
      [GC Worker End (ms): Min: 2976966.4, Avg: 2976966.6, Max: 2976966.8, Diff: 0.4]
   [Code Root Fixup: 0.0 ms]
   [Clear CT: 2.3 ms]
   [Other: 15.3 ms]
      [Choose CSet: 0.0 ms]
      [Ref Proc: 9.5 ms]
      [Ref Enq: 0.5 ms]
      [Free CSet: 4.6 ms]
   [Eden: 1564.0M(1564.0M)->0.0B(1553.0M) Survivors: 12.0M->23.0M Heap: 2067.4M(2252.0M)->514.4M(2252.0M)]
 [Times: user=0.44 sys=0.00, real=0.05 secs] 

 Concurrent RS processed 1828167 cards
  Of 58143 completed buffers:
        58143 (100.0%) by conc RS threads.
            0 (  0.0%) by mutator threads.
  Conc RS threads times(s)
          0.00     0.00     0.00     0.00     0.00     0.00     0.00     0.00     0.00     0.00     0.00     0.00     0.00     0.00     0.00     0.00     0.00     0.00     0.00
  Total heap region rem set sizes = 6052K.  Max = 33K.
  Static structures = 369K, free_lists = 185K.
    347941 occupied cards represented.
    Max size region = 10:(O)[0x0000000763e00000,0x0000000763efff98,0x0000000763f00000], size = 34K, occupied = 50K.
    Did 1280 coarsenings.
2014-08-01T09:46:03.024-0500: 2983.468: [GC pause (young) 2983.468: [G1Ergonomics (CSet Construction) start choosing CSet, _pending_cards: 5754, predicted base time: 23.20 ms, remaining time: 76.80 ms, target pause time: 100.00 ms]
 2983.468: [G1Ergonomics (CSet Construction) add young regions to CSet, eden: 1553 regions, survivors: 23 regions, predicted young region time: 15.21 ms]
 2983.468: [G1Ergonomics (CSet Construction) finish choosing CSet, eden: 1553 regions, survivors: 23 regions, old: 0 regions, predicted pause time: 38.41 ms, target pause time: 100.00 ms]
, 0.0432470 secs]
   [Parallel Time: 26.9 ms, GC Workers: 18]
      [GC Worker Start (ms): Min: 2983468.1, Avg: 2983468.3, Max: 2983468.4, Diff: 0.3]
      [Ext Root Scanning (ms): Min: 6.5, Avg: 8.3, Max: 10.6, Diff: 4.2, Sum: 148.6]
      [Update RS (ms): Min: 0.0, Avg: 1.6, Max: 3.6, Diff: 3.6, Sum: 28.8]
         [Processed Buffers: Min: 0, Avg: 8.3, Max: 25, Diff: 25, Sum: 149]
      [Scan RS (ms): Min: 0.2, Avg: 1.2, Max: 8.2, Diff: 8.0, Sum: 22.4]
      [Object Copy (ms): Min: 8.3, Avg: 14.7, Max: 16.1, Diff: 7.9, Sum: 264.3]
      [Termination (ms): Min: 0.0, Avg: 0.4, Max: 0.5, Diff: 0.4, Sum: 6.7]
      [GC Worker Other (ms): Min: 0.0, Avg: 0.2, Max: 0.4, Diff: 0.4, Sum: 4.1]
      [GC Worker Total (ms): Min: 26.1, Avg: 26.4, Max: 26.7, Diff: 0.6, Sum: 475.0]
      [GC Worker End (ms): Min: 2983494.5, Avg: 2983494.7, Max: 2983494.8, Diff: 0.4]
   [Code Root Fixup: 0.0 ms]
   [Clear CT: 2.0 ms]
   [Other: 14.4 ms]
      [Choose CSet: 0.0 ms]
      [Ref Proc: 8.4 ms]
      [Ref Enq: 0.5 ms]
      [Free CSet: 4.8 ms]
   [Eden: 1553.0M(1553.0M)->0.0B(1562.0M) Survivors: 23.0M->14.0M Heap: 2067.4M(2252.0M)->505.5M(2252.0M)]
 [Times: user=0.48 sys=0.02, real=0.04 secs] 

 Concurrent RS processed 1830682 cards
  Of 58292 completed buffers:
        58292 (100.0%) by conc RS threads.
            0 (  0.0%) by mutator threads.
  Conc RS threads times(s)
          0.00     0.00     0.00     0.00     0.00     0.00     0.00     0.00     0.00     0.00     0.00     0.00     0.00     0.00     0.00     0.00     0.00     0.00     0.00
  Total heap region rem set sizes = 6053K.  Max = 33K.
  Static structures = 369K, free_lists = 185K.
    348291 occupied cards represented.
    Max size region = 10:(O)[0x0000000763e00000,0x0000000763efff98,0x0000000763f00000], size = 34K, occupied = 50K.
    Did 1280 coarsenings.
2014-08-01T09:46:09.525-0500: 2989.968: [GC pause (young) 2989.968: [G1Ergonomics (CSet Construction) start choosing CSet, _pending_cards: 5516, predicted base time: 22.90 ms, remaining time: 77.10 ms, target pause time: 100.00 ms]
 2989.968: [G1Ergonomics (CSet Construction) add young regions to CSet, eden: 1562 regions, survivors: 14 regions, predicted young region time: 19.28 ms]
 2989.968: [G1Ergonomics (CSet Construction) finish choosing CSet, eden: 1562 regions, survivors: 14 regions, old: 0 regions, predicted pause time: 42.18 ms, target pause time: 100.00 ms]
, 0.0380550 secs]
   [Parallel Time: 18.4 ms, GC Workers: 18]
      [GC Worker Start (ms): Min: 2989968.7, Avg: 2989968.8, Max: 2989969.0, Diff: 0.3]
      [Ext Root Scanning (ms): Min: 5.2, Avg: 6.8, Max: 11.6, Diff: 6.4, Sum: 122.3]
      [Update RS (ms): Min: 0.0, Avg: 1.6, Max: 3.3, Diff: 3.3, Sum: 27.9]
         [Processed Buffers: Min: 0, Avg: 7.9, Max: 20, Diff: 20, Sum: 143]
      [Scan RS (ms): Min: 0.2, Avg: 0.7, Max: 1.0, Diff: 0.8, Sum: 13.1]
      [Object Copy (ms): Min: 6.0, Avg: 8.5, Max: 8.9, Diff: 3.0, Sum: 153.2]
      [Termination (ms): Min: 0.0, Avg: 0.1, Max: 0.2, Diff: 0.2, Sum: 1.9]
      [GC Worker Other (ms): Min: 0.0, Avg: 0.2, Max: 0.4, Diff: 0.4, Sum: 3.8]
      [GC Worker Total (ms): Min: 17.6, Avg: 17.9, Max: 18.2, Diff: 0.6, Sum: 322.3]
      [GC Worker End (ms): Min: 2989986.6, Avg: 2989986.8, Max: 2989986.9, Diff: 0.4]
   [Code Root Fixup: 0.0 ms]
   [Clear CT: 2.8 ms]
   [Other: 16.9 ms]
      [Choose CSet: 0.0 ms]
      [Ref Proc: 11.0 ms]
      [Ref Enq: 0.5 ms]
      [Free CSet: 4.8 ms]
   [Eden: 1562.0M(1562.0M)->0.0B(1563.0M) Survivors: 14.0M->13.0M Heap: 2067.5M(2252.0M)->504.6M(2252.0M)]
 [Times: user=0.41 sys=0.00, real=0.04 secs] 

 Concurrent RS processed 1833117 cards
  Of 58435 completed buffers:
        58435 (100.0%) by conc RS threads.
            0 (  0.0%) by mutator threads.
  Conc RS threads times(s)
          0.00     0.00     0.00     0.00     0.00     0.00     0.00     0.00     0.00     0.00     0.00     0.00     0.00     0.00     0.00     0.00     0.00     0.00     0.00
  Total heap region rem set sizes = 6053K.  Max = 33K.
  Static structures = 369K, free_lists = 185K.
    348604 occupied cards represented.
    Max size region = 10:(O)[0x0000000763e00000,0x0000000763efff98,0x0000000763f00000], size = 34K, occupied = 50K.
    Did 1280 coarsenings.
2014-08-01T09:46:15.552-0500: 2995.996: [GC pause (young) 2995.996: [G1Ergonomics (CSet Construction) start choosing CSet, _pending_cards: 5483, predicted base time: 23.34 ms, remaining time: 76.66 ms, target pause time: 100.00 ms]
 2995.996: [G1Ergonomics (CSet Construction) add young regions to CSet, eden: 1563 regions, survivors: 13 regions, predicted young region time: 27.71 ms]
 2995.996: [G1Ergonomics (CSet Construction) finish choosing CSet, eden: 1563 regions, survivors: 13 regions, old: 0 regions, predicted pause time: 51.05 ms, target pause time: 100.00 ms]
, 0.0223180 secs]
   [Parallel Time: 11.9 ms, GC Workers: 18]
      [GC Worker Start (ms): Min: 2995995.8, Avg: 2995995.9, Max: 2995996.1, Diff: 0.2]
      [Ext Root Scanning (ms): Min: 3.9, Avg: 4.5, Max: 6.3, Diff: 2.4, Sum: 81.0]
      [Update RS (ms): Min: 0.0, Avg: 1.0, Max: 2.3, Diff: 2.3, Sum: 17.8]
         [Processed Buffers: Min: 0, Avg: 7.8, Max: 22, Diff: 22, Sum: 141]
      [Scan RS (ms): Min: 0.1, Avg: 0.4, Max: 0.6, Diff: 0.5, Sum: 7.4]
      [Object Copy (ms): Min: 4.1, Avg: 5.2, Max: 5.6, Diff: 1.5, Sum: 92.9]
      [Termination (ms): Min: 0.0, Avg: 0.3, Max: 0.5, Diff: 0.5, Sum: 4.7]
      [GC Worker Other (ms): Min: 0.0, Avg: 0.2, Max: 0.3, Diff: 0.3, Sum: 2.8]
      [GC Worker Total (ms): Min: 11.2, Avg: 11.5, Max: 11.6, Diff: 0.4, Sum: 206.5]
      [GC Worker End (ms): Min: 2996007.2, Avg: 2996007.4, Max: 2996007.6, Diff: 0.3]
   [Code Root Fixup: 0.0 ms]
   [Clear CT: 1.3 ms]
   [Other: 9.1 ms]
      [Choose CSet: 0.0 ms]
      [Ref Proc: 4.3 ms]
      [Ref Enq: 0.9 ms]
      [Free CSet: 3.5 ms]
   [Eden: 1563.0M(1563.0M)->0.0B(1564.0M) Survivors: 13.0M->12.0M Heap: 2067.6M(2252.0M)->503.3M(2252.0M)]
 [Times: user=0.25 sys=0.00, real=0.03 secs] 

 Concurrent RS processed 1835589 cards
  Of 58576 completed buffers:
        58576 (100.0%) by conc RS threads.
            0 (  0.0%) by mutator threads.
  Conc RS threads times(s)
          0.00     0.00     0.00     0.00     0.00     0.00     0.00     0.00     0.00     0.00     0.00     0.00     0.00     0.00     0.00     0.00     0.00     0.00     0.00
  Total heap region rem set sizes = 6054K.  Max = 33K.
  Static structures = 369K, free_lists = 185K.
    348925 occupied cards represented.
    Max size region = 10:(O)[0x0000000763e00000,0x0000000763efff98,0x0000000763f00000], size = 34K, occupied = 50K.
    Did 1280 coarsenings.
2014-08-01T09:46:21.901-0500: 3002.344: [GC pause (young) 3002.344: [G1Ergonomics (CSet Construction) start choosing CSet, _pending_cards: 5444, predicted base time: 21.66 ms, remaining time: 78.34 ms, target pause time: 100.00 ms]
 3002.344: [G1Ergonomics (CSet Construction) add young regions to CSet, eden: 1564 regions, survivors: 12 regions, predicted young region time: 19.57 ms]
 3002.344: [G1Ergonomics (CSet Construction) finish choosing CSet, eden: 1564 regions, survivors: 12 regions, old: 0 regions, predicted pause time: 41.23 ms, target pause time: 100.00 ms]
, 0.0586740 secs]
   [Parallel Time: 34.6 ms, GC Workers: 18]
      [GC Worker Start (ms): Min: 3002344.4, Avg: 3002344.6, Max: 3002344.8, Diff: 0.4]
      [Ext Root Scanning (ms): Min: 6.1, Avg: 8.2, Max: 21.6, Diff: 15.5, Sum: 146.8]
      [Update RS (ms): Min: 0.0, Avg: 1.7, Max: 3.2, Diff: 3.2, Sum: 30.4]
         [Processed Buffers: Min: 0, Avg: 7.7, Max: 20, Diff: 20, Sum: 138]
      [Scan RS (ms): Min: 0.2, Avg: 0.7, Max: 0.9, Diff: 0.7, Sum: 13.4]
      [Object Copy (ms): Min: 0.2, Avg: 11.8, Max: 23.8, Diff: 23.6, Sum: 211.8]
      [Termination (ms): Min: 0.0, Avg: 11.5, Max: 12.6, Diff: 12.6, Sum: 207.7]
      [GC Worker Other (ms): Min: 0.0, Avg: 0.2, Max: 0.4, Diff: 0.4, Sum: 3.7]
      [GC Worker Total (ms): Min: 33.8, Avg: 34.1, Max: 34.5, Diff: 0.7, Sum: 613.8]
      [GC Worker End (ms): Min: 3002378.5, Avg: 3002378.7, Max: 3002378.9, Diff: 0.4]
   [Code Root Fixup: 0.0 ms]
   [Clear CT: 2.1 ms]
   [Other: 22.0 ms]
      [Choose CSet: 0.0 ms]
      [Ref Proc: 16.2 ms]
      [Ref Enq: 0.5 ms]
      [Free CSet: 4.6 ms]
   [Eden: 1564.0M(1564.0M)->0.0B(1551.0M) Survivors: 12.0M->25.0M Heap: 2067.3M(2252.0M)->516.3M(2252.0M)]
 [Times: user=0.59 sys=0.00, real=0.06 secs] 

 Concurrent RS processed 1838016 cards
  Of 58714 completed buffers:
        58714 (100.0%) by conc RS threads.
            0 (  0.0%) by mutator threads.
  Conc RS threads times(s)
          0.00     0.00     0.00     0.00     0.00     0.00     0.00     0.00     0.00     0.00     0.00     0.00     0.00     0.00     0.00     0.00     0.00     0.00     0.00
  Total heap region rem set sizes = 6054K.  Max = 33K.
  Static structures = 369K, free_lists = 185K.
    349233 occupied cards represented.
    Max size region = 10:(O)[0x0000000763e00000,0x0000000763efff98,0x0000000763f00000], size = 34K, occupied = 50K.
    Did 1280 coarsenings.
2014-08-01T09:46:28.322-0500: 3008.766: [GC pause (young) 3008.766: [G1Ergonomics (CSet Construction) start choosing CSet, _pending_cards: 5722, predicted base time: 25.36 ms, remaining time: 74.64 ms, target pause time: 100.00 ms]
 3008.766: [G1Ergonomics (CSet Construction) add young regions to CSet, eden: 1551 regions, survivors: 25 regions, predicted young region time: 11.24 ms]
 3008.766: [G1Ergonomics (CSet Construction) finish choosing CSet, eden: 1551 regions, survivors: 25 regions, old: 0 regions, predicted pause time: 36.61 ms, target pause time: 100.00 ms]
, 0.0608200 secs]
   [Parallel Time: 23.6 ms, GC Workers: 18]
      [GC Worker Start (ms): Min: 3008766.0, Avg: 3008766.3, Max: 3008766.4, Diff: 0.4]
      [Ext Root Scanning (ms): Min: 7.1, Avg: 8.3, Max: 12.2, Diff: 5.0, Sum: 149.8]
      [Update RS (ms): Min: 0.0, Avg: 2.8, Max: 13.8, Diff: 13.8, Sum: 50.0]
         [Processed Buffers: Min: 0, Avg: 8.1, Max: 32, Diff: 32, Sum: 145]
      [Scan RS (ms): Min: 0.2, Avg: 0.7, Max: 1.3, Diff: 1.1, Sum: 13.5]
      [Object Copy (ms): Min: 1.3, Avg: 10.3, Max: 11.9, Diff: 10.6, Sum: 186.2]
      [Termination (ms): Min: 0.0, Avg: 0.8, Max: 1.0, Diff: 1.0, Sum: 13.8]
      [GC Worker Other (ms): Min: 0.0, Avg: 0.1, Max: 0.4, Diff: 0.3, Sum: 2.5]
      [GC Worker Total (ms): Min: 22.8, Avg: 23.1, Max: 23.5, Diff: 0.7, Sum: 415.8]
      [GC Worker End (ms): Min: 3008789.2, Avg: 3008789.4, Max: 3008789.6, Diff: 0.3]
   [Code Root Fixup: 0.0 ms]
   [Clear CT: 1.9 ms]
   [Other: 35.4 ms]
      [Choose CSet: 0.0 ms]
      [Ref Proc: 29.5 ms]
      [Ref Enq: 0.6 ms]
      [Free CSet: 4.7 ms]
   [Eden: 1551.0M(1551.0M)->0.0B(1562.0M) Survivors: 25.0M->14.0M Heap: 2067.3M(2252.0M)->505.8M(2252.0M)]
 [Times: user=0.75 sys=0.00, real=0.06 secs] 

 Concurrent RS processed 1840497 cards
  Of 58859 completed buffers:
        58859 (100.0%) by conc RS threads.
            0 (  0.0%) by mutator threads.
  Conc RS threads times(s)
          0.00     0.00     0.00     0.00     0.00     0.00     0.00     0.00     0.00     0.00     0.00     0.00     0.00     0.00     0.00     0.00     0.00     0.00     0.00
  Total heap region rem set sizes = 6054K.  Max = 33K.
  Static structures = 369K, free_lists = 185K.
    349480 occupied cards represented.
    Max size region = 10:(O)[0x0000000763e00000,0x0000000763efff98,0x0000000763f00000], size = 34K, occupied = 50K.
    Did 1280 coarsenings.
2014-08-01T09:46:34.772-0500: 3015.215: [GC pause (young) 3015.215: [G1Ergonomics (CSet Construction) start choosing CSet, _pending_cards: 5246, predicted base time: 33.64 ms, remaining time: 66.36 ms, target pause time: 100.00 ms]
 3015.216: [G1Ergonomics (CSet Construction) add young regions to CSet, eden: 1562 regions, survivors: 14 regions, predicted young region time: 18.30 ms]
 3015.216: [G1Ergonomics (CSet Construction) finish choosing CSet, eden: 1562 regions, survivors: 14 regions, old: 0 regions, predicted pause time: 51.94 ms, target pause time: 100.00 ms]
, 0.0429110 secs]
   [Parallel Time: 22.5 ms, GC Workers: 18]
      [GC Worker Start (ms): Min: 3015215.7, Avg: 3015215.9, Max: 3015216.0, Diff: 0.3]
      [Ext Root Scanning (ms): Min: 4.9, Avg: 6.6, Max: 11.7, Diff: 6.7, Sum: 119.4]
      [Update RS (ms): Min: 0.0, Avg: 1.7, Max: 4.1, Diff: 4.1, Sum: 30.8]
         [Processed Buffers: Min: 0, Avg: 8.3, Max: 29, Diff: 29, Sum: 150]
      [Scan RS (ms): Min: 0.2, Avg: 0.7, Max: 1.0, Diff: 0.8, Sum: 12.6]
      [Object Copy (ms): Min: 9.7, Avg: 12.4, Max: 13.2, Diff: 3.6, Sum: 223.4]
      [Termination (ms): Min: 0.0, Avg: 0.3, Max: 0.9, Diff: 0.9, Sum: 4.8]
      [GC Worker Other (ms): Min: 0.0, Avg: 0.2, Max: 0.4, Diff: 0.4, Sum: 3.9]
      [GC Worker Total (ms): Min: 21.8, Avg: 21.9, Max: 22.1, Diff: 0.3, Sum: 394.9]
      [GC Worker End (ms): Min: 3015237.7, Avg: 3015237.8, Max: 3015238.0, Diff: 0.4]
   [Code Root Fixup: 0.0 ms]
   [Clear CT: 1.9 ms]
   [Other: 18.5 ms]
      [Choose CSet: 0.0 ms]
      [Ref Proc: 12.3 ms]
      [Ref Enq: 0.7 ms]
      [Free CSet: 4.8 ms]
   [Eden: 1562.0M(1562.0M)->0.0B(1562.0M) Survivors: 14.0M->14.0M Heap: 2067.8M(2252.0M)->505.8M(2252.0M)]
 [Times: user=0.52 sys=0.01, real=0.04 secs] 

 Concurrent RS processed 1842940 cards
  Of 59009 completed buffers:
        59009 (100.0%) by conc RS threads.
            0 (  0.0%) by mutator threads.
  Conc RS threads times(s)
          0.00     0.00     0.00     0.00     0.00     0.00     0.00     0.00     0.00     0.00     0.00     0.00     0.00     0.00     0.00     0.00     0.00     0.00     0.00
  Total heap region rem set sizes = 6055K.  Max = 33K.
  Static structures = 369K, free_lists = 184K.
    349747 occupied cards represented.
    Max size region = 10:(O)[0x0000000763e00000,0x0000000763efff98,0x0000000763f00000], size = 34K, occupied = 50K.
    Did 1280 coarsenings.
2014-08-01T09:46:41.242-0500: 3021.685: [GC pause (young) 3021.685: [G1Ergonomics (CSet Construction) start choosing CSet, _pending_cards: 5711, predicted base time: 31.81 ms, remaining time: 68.19 ms, target pause time: 100.00 ms]
 3021.685: [G1Ergonomics (CSet Construction) add young regions to CSet, eden: 1562 regions, survivors: 14 regions, predicted young region time: 11.68 ms]
 3021.685: [G1Ergonomics (CSet Construction) finish choosing CSet, eden: 1562 regions, survivors: 14 regions, old: 0 regions, predicted pause time: 43.49 ms, target pause time: 100.00 ms]
, 0.0392930 secs]
   [Parallel Time: 24.1 ms, GC Workers: 18]
      [GC Worker Start (ms): Min: 3021685.5, Avg: 3021685.7, Max: 3021685.8, Diff: 0.3]
      [Ext Root Scanning (ms): Min: 5.2, Avg: 6.6, Max: 11.5, Diff: 6.3, Sum: 119.3]
      [Update RS (ms): Min: 0.0, Avg: 1.6, Max: 3.1, Diff: 3.1, Sum: 28.6]
         [Processed Buffers: Min: 0, Avg: 7.9, Max: 17, Diff: 17, Sum: 142]
      [Scan RS (ms): Min: 0.2, Avg: 0.7, Max: 0.9, Diff: 0.6, Sum: 12.8]
      [Object Copy (ms): Min: 8.7, Avg: 11.9, Max: 14.5, Diff: 5.8, Sum: 213.8]
      [Termination (ms): Min: 0.1, Avg: 2.7, Max: 3.0, Diff: 2.9, Sum: 47.8]
      [GC Worker Other (ms): Min: 0.0, Avg: 0.2, Max: 0.4, Diff: 0.3, Sum: 3.3]
      [GC Worker Total (ms): Min: 23.3, Avg: 23.6, Max: 23.9, Diff: 0.6, Sum: 425.6]
      [GC Worker End (ms): Min: 3021709.2, Avg: 3021709.3, Max: 3021709.5, Diff: 0.3]
   [Code Root Fixup: 0.0 ms]
   [Clear CT: 2.0 ms]
   [Other: 13.2 ms]
      [Choose CSet: 0.0 ms]
      [Ref Proc: 7.2 ms]
      [Ref Enq: 0.5 ms]
      [Free CSet: 4.8 ms]
   [Eden: 1562.0M(1562.0M)->0.0B(1557.0M) Survivors: 14.0M->19.0M Heap: 2067.8M(2252.0M)->510.9M(2252.0M)]
 [Times: user=0.48 sys=0.01, real=0.04 secs] 

 Concurrent RS processed 1845256 cards
  Of 59151 completed buffers:
        59151 (100.0%) by conc RS threads.
            0 (  0.0%) by mutator threads.
  Conc RS threads times(s)
          0.00     0.00     0.00     0.00     0.00     0.00     0.00     0.00     0.00     0.00     0.00     0.00     0.00     0.00     0.00     0.00     0.00     0.00     0.00
  Total heap region rem set sizes = 6055K.  Max = 33K.
  Static structures = 369K, free_lists = 184K.
    350076 occupied cards represented.
    Max size region = 10:(O)[0x0000000763e00000,0x0000000763efff98,0x0000000763f00000], size = 34K, occupied = 50K.
    Did 1280 coarsenings.
2014-08-01T09:46:47.814-0500: 3028.257: [GC pause (young) 3028.258: [G1Ergonomics (CSet Construction) start choosing CSet, _pending_cards: 5988, predicted base time: 29.04 ms, remaining time: 70.96 ms, target pause time: 100.00 ms]
 3028.258: [G1Ergonomics (CSet Construction) add young regions to CSet, eden: 1557 regions, survivors: 19 regions, predicted young region time: 18.97 ms]
 3028.258: [G1Ergonomics (CSet Construction) finish choosing CSet, eden: 1557 regions, survivors: 19 regions, old: 0 regions, predicted pause time: 48.01 ms, target pause time: 100.00 ms]
, 0.0607210 secs]
   [Parallel Time: 39.1 ms, GC Workers: 18]
      [GC Worker Start (ms): Min: 3028257.9, Avg: 3028258.0, Max: 3028258.2, Diff: 0.4]
      [Ext Root Scanning (ms): Min: 6.6, Avg: 9.8, Max: 37.6, Diff: 31.0, Sum: 175.9]
      [Update RS (ms): Min: 0.0, Avg: 1.8, Max: 6.3, Diff: 6.3, Sum: 31.8]
         [Processed Buffers: Min: 0, Avg: 7.7, Max: 26, Diff: 26, Sum: 139]
      [Scan RS (ms): Min: 0.2, Avg: 0.8, Max: 1.0, Diff: 0.8, Sum: 13.9]
      [Object Copy (ms): Min: 0.2, Avg: 11.5, Max: 20.4, Diff: 20.2, Sum: 206.1]
      [Termination (ms): Min: 0.0, Avg: 14.6, Max: 17.5, Diff: 17.5, Sum: 262.7]
      [GC Worker Other (ms): Min: 0.0, Avg: 0.2, Max: 0.4, Diff: 0.3, Sum: 3.1]
      [GC Worker Total (ms): Min: 38.2, Avg: 38.5, Max: 38.8, Diff: 0.6, Sum: 693.5]
      [GC Worker End (ms): Min: 3028296.4, Avg: 3028296.6, Max: 3028296.7, Diff: 0.3]
   [Code Root Fixup: 0.0 ms]
   [Clear CT: 1.8 ms]
   [Other: 19.8 ms]
      [Choose CSet: 0.0 ms]
      [Ref Proc: 14.0 ms]
      [Ref Enq: 0.4 ms]
      [Free CSet: 4.8 ms]
   [Eden: 1557.0M(1557.0M)->0.0B(1563.0M) Survivors: 19.0M->13.0M Heap: 2067.9M(2252.0M)->504.9M(2252.0M)]
 [Times: user=0.63 sys=0.01, real=0.06 secs] 

 Concurrent RS processed 1847756 cards
  Of 59290 completed buffers:
        59290 (100.0%) by conc RS threads.
            0 (  0.0%) by mutator threads.
  Conc RS threads times(s)
          0.00     0.00     0.00     0.00     0.00     0.00     0.00     0.00     0.00     0.00     0.00     0.00     0.00     0.00     0.00     0.00     0.00     0.00     0.00
  Total heap region rem set sizes = 6060K.  Max = 33K.
  Static structures = 369K, free_lists = 183K.
    350528 occupied cards represented.
    Max size region = 10:(O)[0x0000000763e00000,0x0000000763efff98,0x0000000763f00000], size = 34K, occupied = 50K.
    Did 1280 coarsenings.
2014-08-01T09:46:54.697-0500: 3035.141: [GC pause (young) 3035.141: [G1Ergonomics (CSet Construction) start choosing CSet, _pending_cards: 5252, predicted base time: 29.37 ms, remaining time: 70.63 ms, target pause time: 100.00 ms]
 3035.141: [G1Ergonomics (CSet Construction) add young regions to CSet, eden: 1563 regions, survivors: 13 regions, predicted young region time: 19.07 ms]
 3035.141: [G1Ergonomics (CSet Construction) finish choosing CSet, eden: 1563 regions, survivors: 13 regions, old: 0 regions, predicted pause time: 48.43 ms, target pause time: 100.00 ms]
, 0.0387780 secs]
   [Parallel Time: 26.0 ms, GC Workers: 18]
      [GC Worker Start (ms): Min: 3035141.1, Avg: 3035141.2, Max: 3035141.4, Diff: 0.3]
      [Ext Root Scanning (ms): Min: 5.7, Avg: 7.6, Max: 14.7, Diff: 9.0, Sum: 136.4]
      [Update RS (ms): Min: 0.0, Avg: 1.6, Max: 3.6, Diff: 3.6, Sum: 29.6]
         [Processed Buffers: Min: 0, Avg: 8.0, Max: 29, Diff: 29, Sum: 144]
      [Scan RS (ms): Min: 0.3, Avg: 1.0, Max: 1.7, Diff: 1.4, Sum: 18.4]
      [Object Copy (ms): Min: 5.3, Avg: 10.3, Max: 15.4, Diff: 10.1, Sum: 184.9]
      [Termination (ms): Min: 0.1, Avg: 4.7, Max: 5.1, Diff: 5.0, Sum: 85.4]
      [GC Worker Other (ms): Min: 0.0, Avg: 0.2, Max: 0.4, Diff: 0.3, Sum: 3.2]
      [GC Worker Total (ms): Min: 25.2, Avg: 25.4, Max: 25.8, Diff: 0.6, Sum: 457.9]
      [GC Worker End (ms): Min: 3035166.5, Avg: 3035166.7, Max: 3035166.9, Diff: 0.4]
   [Code Root Fixup: 0.0 ms]
   [Clear CT: 1.9 ms]
   [Other: 10.9 ms]
      [Choose CSet: 0.0 ms]
      [Ref Proc: 5.1 ms]
      [Ref Enq: 0.4 ms]
      [Free CSet: 4.7 ms]
   [Eden: 1563.0M(1563.0M)->0.0B(1552.0M) Survivors: 13.0M->24.0M Heap: 2067.9M(2252.0M)->515.7M(2252.0M)]
 [Times: user=0.48 sys=0.01, real=0.04 secs] 

 Concurrent RS processed 1850207 cards
  Of 59434 completed buffers:
        59434 (100.0%) by conc RS threads.
            0 (  0.0%) by mutator threads.
  Conc RS threads times(s)
          0.00     0.00     0.00     0.00     0.00     0.00     0.00     0.00     0.00     0.00     0.00     0.00     0.00     0.00     0.00     0.00     0.00     0.00     0.00
  Total heap region rem set sizes = 6060K.  Max = 33K.
  Static structures = 369K, free_lists = 183K.
    350904 occupied cards represented.
    Max size region = 10:(O)[0x0000000763e00000,0x0000000763efff98,0x0000000763f00000], size = 34K, occupied = 50K.
    Did 1280 coarsenings.
2014-08-01T09:47:01.170-0500: 3041.613: [GC pause (young) 3041.614: [G1Ergonomics (CSet Construction) start choosing CSet, _pending_cards: 5515, predicted base time: 26.90 ms, remaining time: 73.10 ms, target pause time: 100.00 ms]
 3041.614: [G1Ergonomics (CSet Construction) add young regions to CSet, eden: 1552 regions, survivors: 24 regions, predicted young region time: 11.67 ms]
 3041.614: [G1Ergonomics (CSet Construction) finish choosing CSet, eden: 1552 regions, survivors: 24 regions, old: 0 regions, predicted pause time: 38.57 ms, target pause time: 100.00 ms]
, 0.0455730 secs]
   [Parallel Time: 21.6 ms, GC Workers: 18]
      [GC Worker Start (ms): Min: 3041613.8, Avg: 3041614.0, Max: 3041614.2, Diff: 0.4]
      [Ext Root Scanning (ms): Min: 6.1, Avg: 7.6, Max: 12.5, Diff: 6.4, Sum: 136.0]
      [Update RS (ms): Min: 0.0, Avg: 1.9, Max: 3.6, Diff: 3.6, Sum: 33.5]
         [Processed Buffers: Min: 0, Avg: 7.7, Max: 36, Diff: 36, Sum: 139]
      [Scan RS (ms): Min: 0.2, Avg: 1.0, Max: 4.5, Diff: 4.3, Sum: 17.6]
      [Object Copy (ms): Min: 6.2, Avg: 9.3, Max: 10.7, Diff: 4.5, Sum: 167.3]
      [Termination (ms): Min: 0.0, Avg: 0.9, Max: 1.8, Diff: 1.8, Sum: 16.5]
      [GC Worker Other (ms): Min: 0.0, Avg: 0.2, Max: 0.6, Diff: 0.6, Sum: 4.4]
      [GC Worker Total (ms): Min: 20.5, Avg: 20.9, Max: 21.5, Diff: 1.1, Sum: 375.4]
      [GC Worker End (ms): Min: 3041634.6, Avg: 3041634.9, Max: 3041635.4, Diff: 0.8]
   [Code Root Fixup: 0.0 ms]
   [Clear CT: 2.2 ms]
   [Other: 21.7 ms]
      [Choose CSet: 0.0 ms]
      [Ref Proc: 14.7 ms]
      [Ref Enq: 0.6 ms]
      [Free CSet: 5.6 ms]
   [Eden: 1552.0M(1552.0M)->0.0B(1562.0M) Survivors: 24.0M->14.0M Heap: 2067.7M(2252.0M)->505.6M(2252.0M)]
 [Times: user=0.47 sys=0.00, real=0.05 secs] 

 Concurrent RS processed 1852714 cards
  Of 59573 completed buffers:
        59573 (100.0%) by conc RS threads.
            0 (  0.0%) by mutator threads.
  Conc RS threads times(s)
          0.00     0.00     0.00     0.00     0.00     0.00     0.00     0.00     0.00     0.00     0.00     0.00     0.00     0.00     0.00     0.00     0.00     0.00     0.00
  Total heap region rem set sizes = 6060K.  Max = 33K.
  Static structures = 369K, free_lists = 183K.
    351233 occupied cards represented.
    Max size region = 10:(O)[0x0000000763e00000,0x0000000763efff98,0x0000000763f00000], size = 34K, occupied = 50K.
    Did 1280 coarsenings.
2014-08-01T09:47:07.380-0500: 3047.823: [GC pause (young) 3047.823: [G1Ergonomics (CSet Construction) start choosing CSet, _pending_cards: 5972, predicted base time: 28.14 ms, remaining time: 71.86 ms, target pause time: 100.00 ms]
 3047.823: [G1Ergonomics (CSet Construction) add young regions to CSet, eden: 1562 regions, survivors: 14 regions, predicted young region time: 19.05 ms]
 3047.823: [G1Ergonomics (CSet Construction) finish choosing CSet, eden: 1562 regions, survivors: 14 regions, old: 0 regions, predicted pause time: 47.18 ms, target pause time: 100.00 ms]
, 0.0364910 secs]
   [Parallel Time: 17.2 ms, GC Workers: 18]
      [GC Worker Start (ms): Min: 3047823.3, Avg: 3047823.4, Max: 3047823.6, Diff: 0.3]
      [Ext Root Scanning (ms): Min: 4.6, Avg: 6.7, Max: 11.5, Diff: 6.8, Sum: 120.7]
      [Update RS (ms): Min: 0.0, Avg: 1.5, Max: 3.2, Diff: 3.2, Sum: 27.7]
         [Processed Buffers: Min: 0, Avg: 8.1, Max: 25, Diff: 25, Sum: 146]
      [Scan RS (ms): Min: 0.2, Avg: 0.7, Max: 1.0, Diff: 0.8, Sum: 12.6]
      [Object Copy (ms): Min: 4.9, Avg: 7.4, Max: 7.9, Diff: 3.0, Sum: 133.8]
      [Termination (ms): Min: 0.0, Avg: 0.1, Max: 0.4, Diff: 0.4, Sum: 2.1]
      [GC Worker Other (ms): Min: 0.0, Avg: 0.2, Max: 0.4, Diff: 0.4, Sum: 3.9]
      [GC Worker Total (ms): Min: 16.4, Avg: 16.7, Max: 17.0, Diff: 0.6, Sum: 300.8]
      [GC Worker End (ms): Min: 3047840.0, Avg: 3047840.1, Max: 3047840.3, Diff: 0.3]
   [Code Root Fixup: 0.0 ms]
   [Clear CT: 1.9 ms]
   [Other: 17.3 ms]
      [Choose CSet: 0.0 ms]
      [Ref Proc: 9.6 ms]
      [Ref Enq: 0.4 ms]
      [Free CSet: 6.6 ms]
   [Eden: 1562.0M(1562.0M)->0.0B(1557.0M) Survivors: 14.0M->19.0M Heap: 2067.6M(2252.0M)->510.9M(2252.0M)]
 [Times: user=0.38 sys=0.01, real=0.04 secs] 

 Concurrent RS processed 1855123 cards
  Of 59719 completed buffers:
        59719 (100.0%) by conc RS threads.
            0 (  0.0%) by mutator threads.
  Conc RS threads times(s)
          0.00     0.00     0.00     0.00     0.00     0.00     0.00     0.00     0.00     0.00     0.00     0.00     0.00     0.00     0.00     0.00     0.00     0.00     0.00
  Total heap region rem set sizes = 6060K.  Max = 33K.
  Static structures = 369K, free_lists = 183K.
    351623 occupied cards represented.
    Max size region = 10:(O)[0x0000000763e00000,0x0000000763efff98,0x0000000763f00000], size = 34K, occupied = 50K.
    Did 1280 coarsenings.
2014-08-01T09:47:13.660-0500: 3054.103: [GC pause (young) 3054.103: [G1Ergonomics (CSet Construction) start choosing CSet, _pending_cards: 5468, predicted base time: 26.49 ms, remaining time: 73.51 ms, target pause time: 100.00 ms]
 3054.103: [G1Ergonomics (CSet Construction) add young regions to CSet, eden: 1557 regions, survivors: 19 regions, predicted young region time: 17.43 ms]
 3054.103: [G1Ergonomics (CSet Construction) finish choosing CSet, eden: 1557 regions, survivors: 19 regions, old: 0 regions, predicted pause time: 43.91 ms, target pause time: 100.00 ms]
, 0.0227650 secs]
   [Parallel Time: 13.2 ms, GC Workers: 18]
      [GC Worker Start (ms): Min: 3054103.1, Avg: 3054103.2, Max: 3054103.4, Diff: 0.3]
      [Ext Root Scanning (ms): Min: 3.8, Avg: 5.2, Max: 6.5, Diff: 2.7, Sum: 92.9]
      [Update RS (ms): Min: 0.0, Avg: 0.9, Max: 2.0, Diff: 2.0, Sum: 15.5]
         [Processed Buffers: Min: 0, Avg: 7.8, Max: 22, Diff: 22, Sum: 141]
      [Scan RS (ms): Min: 0.1, Avg: 0.5, Max: 0.8, Diff: 0.7, Sum: 9.6]
      [Object Copy (ms): Min: 4.1, Avg: 4.9, Max: 6.3, Diff: 2.2, Sum: 87.8]
      [Termination (ms): Min: 0.0, Avg: 1.2, Max: 1.3, Diff: 1.3, Sum: 20.8]
      [GC Worker Other (ms): Min: 0.0, Avg: 0.1, Max: 0.3, Diff: 0.2, Sum: 2.4]
      [GC Worker Total (ms): Min: 12.5, Avg: 12.7, Max: 13.0, Diff: 0.5, Sum: 229.1]
      [GC Worker End (ms): Min: 3054115.9, Avg: 3054116.0, Max: 3054116.1, Diff: 0.3]
   [Code Root Fixup: 0.0 ms]
   [Clear CT: 1.3 ms]
   [Other: 8.3 ms]
      [Choose CSet: 0.0 ms]
      [Ref Proc: 4.2 ms]
      [Ref Enq: 0.3 ms]
      [Free CSet: 3.4 ms]
   [Eden: 1557.0M(1557.0M)->0.0B(1563.0M) Survivors: 19.0M->13.0M Heap: 2067.9M(2252.0M)->505.0M(2252.0M)]
 [Times: user=0.26 sys=0.00, real=0.03 secs] 

 Concurrent RS processed 1857701 cards
  Of 59860 completed buffers:
        59860 (100.0%) by conc RS threads.
            0 (  0.0%) by mutator threads.
  Conc RS threads times(s)
          0.00     0.00     0.00     0.00     0.00     0.00     0.00     0.00     0.00     0.00     0.00     0.00     0.00     0.00     0.00     0.00     0.00     0.00     0.00
  Total heap region rem set sizes = 6061K.  Max = 33K.
  Static structures = 369K, free_lists = 182K.
    352010 occupied cards represented.
    Max size region = 10:(O)[0x0000000763e00000,0x0000000763efff98,0x0000000763f00000], size = 34K, occupied = 50K.
    Did 1280 coarsenings.
2014-08-01T09:47:19.935-0500: 3060.378: [GC pause (young) 3060.379: [G1Ergonomics (CSet Construction) start choosing CSet, _pending_cards: 5724, predicted base time: 23.70 ms, remaining time: 76.30 ms, target pause time: 100.00 ms]
 3060.379: [G1Ergonomics (CSet Construction) add young regions to CSet, eden: 1563 regions, survivors: 13 regions, predicted young region time: 18.60 ms]
 3060.379: [G1Ergonomics (CSet Construction) finish choosing CSet, eden: 1563 regions, survivors: 13 regions, old: 0 regions, predicted pause time: 42.30 ms, target pause time: 100.00 ms]
, 0.0342760 secs]
   [Parallel Time: 20.0 ms, GC Workers: 18]
      [GC Worker Start (ms): Min: 3060378.8, Avg: 3060378.9, Max: 3060379.2, Diff: 0.4]
      [Ext Root Scanning (ms): Min: 6.1, Avg: 7.9, Max: 9.4, Diff: 3.3, Sum: 142.9]
      [Update RS (ms): Min: 0.0, Avg: 1.7, Max: 3.2, Diff: 3.2, Sum: 30.8]
         [Processed Buffers: Min: 0, Avg: 7.7, Max: 20, Diff: 20, Sum: 138]
      [Scan RS (ms): Min: 0.2, Avg: 0.7, Max: 1.0, Diff: 0.8, Sum: 13.5]
      [Object Copy (ms): Min: 7.8, Avg: 8.9, Max: 9.4, Diff: 1.6, Sum: 159.7]
      [Termination (ms): Min: 0.0, Avg: 0.0, Max: 0.0, Diff: 0.0, Sum: 0.4]
      [GC Worker Other (ms): Min: 0.1, Avg: 0.2, Max: 0.4, Diff: 0.4, Sum: 4.2]
      [GC Worker Total (ms): Min: 19.1, Avg: 19.5, Max: 19.8, Diff: 0.7, Sum: 351.5]
      [GC Worker End (ms): Min: 3060398.3, Avg: 3060398.5, Max: 3060398.6, Diff: 0.4]
   [Code Root Fixup: 0.0 ms]
   [Clear CT: 1.9 ms]
   [Other: 12.4 ms]
      [Choose CSet: 0.0 ms]
      [Ref Proc: 6.4 ms]
      [Ref Enq: 0.5 ms]
      [Free CSet: 4.8 ms]
   [Eden: 1563.0M(1563.0M)->0.0B(1554.0M) Survivors: 13.0M->22.0M Heap: 2068.0M(2252.0M)->514.3M(2252.0M)]
 [Times: user=0.38 sys=0.01, real=0.03 secs] 

 Concurrent RS processed 1860190 cards
  Of 59998 completed buffers:
        59998 (100.0%) by conc RS threads.
            0 (  0.0%) by mutator threads.
  Conc RS threads times(s)
          0.00     0.00     0.00     0.00     0.00     0.00     0.00     0.00     0.00     0.00     0.00     0.00     0.00     0.00     0.00     0.00     0.00     0.00     0.00
  Total heap region rem set sizes = 6065K.  Max = 33K.
  Static structures = 369K, free_lists = 182K.
    352402 occupied cards represented.
    Max size region = 10:(O)[0x0000000763e00000,0x0000000763efff98,0x0000000763f00000], size = 34K, occupied = 50K.
    Did 1280 coarsenings.
2014-08-01T09:47:26.364-0500: 3066.807: [GC pause (young) 3066.807: [G1Ergonomics (CSet Construction) start choosing CSet, _pending_cards: 5720, predicted base time: 22.92 ms, remaining time: 77.08 ms, target pause time: 100.00 ms]
 3066.807: [G1Ergonomics (CSet Construction) add young regions to CSet, eden: 1554 regions, survivors: 22 regions, predicted young region time: 18.49 ms]
 3066.807: [G1Ergonomics (CSet Construction) finish choosing CSet, eden: 1554 regions, survivors: 22 regions, old: 0 regions, predicted pause time: 41.41 ms, target pause time: 100.00 ms]
, 0.0366860 secs]
   [Parallel Time: 22.0 ms, GC Workers: 18]
      [GC Worker Start (ms): Min: 3066807.4, Avg: 3066807.5, Max: 3066807.7, Diff: 0.3]
      [Ext Root Scanning (ms): Min: 6.0, Avg: 6.7, Max: 11.1, Diff: 5.1, Sum: 121.2]
      [Update RS (ms): Min: 0.0, Avg: 1.7, Max: 2.6, Diff: 2.6, Sum: 30.6]
         [Processed Buffers: Min: 0, Avg: 8.3, Max: 24, Diff: 24, Sum: 149]
      [Scan RS (ms): Min: 0.2, Avg: 0.8, Max: 1.7, Diff: 1.5, Sum: 14.6]
      [Object Copy (ms): Min: 8.7, Avg: 10.9, Max: 12.1, Diff: 3.3, Sum: 195.4]
      [Termination (ms): Min: 0.2, Avg: 0.7, Max: 0.8, Diff: 0.5, Sum: 12.4]
      [GC Worker Other (ms): Min: 0.0, Avg: 0.4, Max: 1.0, Diff: 1.0, Sum: 6.8]
      [GC Worker Total (ms): Min: 20.8, Avg: 21.2, Max: 21.9, Diff: 1.1, Sum: 381.0]
      [GC Worker End (ms): Min: 3066828.4, Avg: 3066828.7, Max: 3066829.3, Diff: 1.0]
   [Code Root Fixup: 0.0 ms]
   [Clear CT: 1.8 ms]
   [Other: 12.9 ms]
      [Choose CSet: 0.0 ms]
      [Ref Proc: 6.5 ms]
      [Ref Enq: 0.4 ms]
      [Free CSet: 5.1 ms]
   [Eden: 1554.0M(1554.0M)->0.0B(1562.0M) Survivors: 22.0M->14.0M Heap: 2068.3M(2252.0M)->506.7M(2252.0M)]
 [Times: user=0.44 sys=0.01, real=0.04 secs] 

 Concurrent RS processed 1862626 cards
  Of 60147 completed buffers:
        60147 (100.0%) by conc RS threads.
            0 (  0.0%) by mutator threads.
  Conc RS threads times(s)
          0.00     0.00     0.00     0.00     0.00     0.00     0.00     0.00     0.00     0.00     0.00     0.00     0.00     0.00     0.00     0.00     0.00     0.00     0.00
  Total heap region rem set sizes = 6066K.  Max = 33K.
  Static structures = 369K, free_lists = 181K.
    352758 occupied cards represented.
    Max size region = 10:(O)[0x0000000763e00000,0x0000000763efff98,0x0000000763f00000], size = 34K, occupied = 51K.
    Did 1280 coarsenings.
2014-08-01T09:47:33.180-0500: 3073.624: [GC pause (young) 3073.624: [G1Ergonomics (CSet Construction) start choosing CSet, _pending_cards: 6015, predicted base time: 22.20 ms, remaining time: 77.80 ms, target pause time: 100.00 ms]
 3073.624: [G1Ergonomics (CSet Construction) add young regions to CSet, eden: 1562 regions, survivors: 14 regions, predicted young region time: 17.61 ms]
 3073.624: [G1Ergonomics (CSet Construction) finish choosing CSet, eden: 1562 regions, survivors: 14 regions, old: 0 regions, predicted pause time: 39.81 ms, target pause time: 100.00 ms]
, 0.0409060 secs]
   [Parallel Time: 24.3 ms, GC Workers: 18]
      [GC Worker Start (ms): Min: 3073623.9, Avg: 3073624.1, Max: 3073624.3, Diff: 0.3]
      [Ext Root Scanning (ms): Min: 5.8, Avg: 7.6, Max: 12.2, Diff: 6.4, Sum: 136.3]
      [Update RS (ms): Min: 0.0, Avg: 1.5, Max: 3.5, Diff: 3.5, Sum: 27.7]
         [Processed Buffers: Min: 0, Avg: 8.4, Max: 29, Diff: 29, Sum: 151]
      [Scan RS (ms): Min: 0.2, Avg: 0.8, Max: 1.0, Diff: 0.8, Sum: 15.2]
      [Object Copy (ms): Min: 5.5, Avg: 8.2, Max: 12.6, Diff: 7.1, Sum: 147.9]
      [Termination (ms): Min: 0.0, Avg: 5.4, Max: 5.7, Diff: 5.7, Sum: 96.9]
      [GC Worker Other (ms): Min: 0.0, Avg: 0.2, Max: 0.4, Diff: 0.4, Sum: 3.6]
      [GC Worker Total (ms): Min: 23.4, Avg: 23.8, Max: 24.1, Diff: 0.6, Sum: 427.5]
      [GC Worker End (ms): Min: 3073647.7, Avg: 3073647.8, Max: 3073648.0, Diff: 0.4]
   [Code Root Fixup: 0.0 ms]
   [Clear CT: 2.0 ms]
   [Other: 14.6 ms]
      [Choose CSet: 0.0 ms]
      [Ref Proc: 8.6 ms]
      [Ref Enq: 0.5 ms]
      [Free CSet: 4.8 ms]
   [Eden: 1562.0M(1562.0M)->0.0B(1555.0M) Survivors: 14.0M->21.0M Heap: 2068.7M(2252.0M)->513.6M(2252.0M)]
 [Times: user=0.48 sys=0.01, real=0.04 secs] 

 Concurrent RS processed 1865107 cards
  Of 60298 completed buffers:
        60298 (100.0%) by conc RS threads.
            0 (  0.0%) by mutator threads.
  Conc RS threads times(s)
          0.00     0.00     0.00     0.00     0.00     0.00     0.00     0.00     0.00     0.00     0.00     0.00     0.00     0.00     0.00     0.00     0.00     0.00     0.00
  Total heap region rem set sizes = 6066K.  Max = 33K.
  Static structures = 369K, free_lists = 181K.
    353084 occupied cards represented.
    Max size region = 10:(O)[0x0000000763e00000,0x0000000763efff98,0x0000000763f00000], size = 34K, occupied = 51K.
    Did 1280 coarsenings.
2014-08-01T09:47:39.280-0500: 3079.723: [GC pause (young) 3079.723: [G1Ergonomics (CSet Construction) start choosing CSet, _pending_cards: 5489, predicted base time: 22.17 ms, remaining time: 77.83 ms, target pause time: 100.00 ms]
 3079.723: [G1Ergonomics (CSet Construction) add young regions to CSet, eden: 1555 regions, survivors: 21 regions, predicted young region time: 17.98 ms]
 3079.723: [G1Ergonomics (CSet Construction) finish choosing CSet, eden: 1555 regions, survivors: 21 regions, old: 0 regions, predicted pause time: 40.15 ms, target pause time: 100.00 ms]
, 0.0414150 secs]
   [Parallel Time: 18.4 ms, GC Workers: 18]
      [GC Worker Start (ms): Min: 3079723.4, Avg: 3079723.6, Max: 3079723.7, Diff: 0.3]
      [Ext Root Scanning (ms): Min: 4.6, Avg: 6.8, Max: 12.1, Diff: 7.5, Sum: 122.0]
      [Update RS (ms): Min: 0.0, Avg: 1.4, Max: 3.4, Diff: 3.4, Sum: 24.7]
         [Processed Buffers: Min: 0, Avg: 7.9, Max: 26, Diff: 26, Sum: 142]
      [Scan RS (ms): Min: 0.2, Avg: 0.7, Max: 1.0, Diff: 0.7, Sum: 12.8]
      [Object Copy (ms): Min: 4.0, Avg: 7.5, Max: 8.6, Diff: 4.6, Sum: 135.2]
      [Termination (ms): Min: 0.0, Avg: 1.2, Max: 1.5, Diff: 1.5, Sum: 21.9]
      [GC Worker Other (ms): Min: 0.0, Avg: 0.2, Max: 0.4, Diff: 0.4, Sum: 3.6]
      [GC Worker Total (ms): Min: 17.5, Avg: 17.8, Max: 18.0, Diff: 0.5, Sum: 320.3]
      [GC Worker End (ms): Min: 3079741.2, Avg: 3079741.4, Max: 3079741.6, Diff: 0.4]
   [Code Root Fixup: 0.0 ms]
   [Clear CT: 2.1 ms]
   [Other: 20.9 ms]
      [Choose CSet: 0.0 ms]
      [Ref Proc: 14.8 ms]
      [Ref Enq: 0.7 ms]
      [Free CSet: 4.7 ms]
   [Eden: 1555.0M(1555.0M)->0.0B(1560.0M) Survivors: 21.0M->16.0M Heap: 2068.6M(2252.0M)->508.1M(2252.0M)]
 [Times: user=0.48 sys=0.01, real=0.04 secs] 

 Concurrent RS processed 1867574 cards
  Of 60440 completed buffers:
        60440 (100.0%) by conc RS threads.
            0 (  0.0%) by mutator threads.
  Conc RS threads times(s)
          0.00     0.00     0.00     0.00     0.00     0.00     0.00     0.00     0.00     0.00     0.00     0.00     0.00     0.00     0.00     0.00     0.00     0.00     0.00
  Total heap region rem set sizes = 6066K.  Max = 33K.
  Static structures = 369K, free_lists = 181K.
    353426 occupied cards represented.
    Max size region = 10:(O)[0x0000000763e00000,0x0000000763efff98,0x0000000763f00000], size = 34K, occupied = 51K.
    Did 1280 coarsenings.
2014-08-01T09:47:45.176-0500: 3085.619: [GC pause (young) 3085.619: [G1Ergonomics (CSet Construction) start choosing CSet, _pending_cards: 67913, predicted base time: 42.05 ms, remaining time: 57.95 ms, target pause time: 100.00 ms]
 3085.619: [G1Ergonomics (CSet Construction) add young regions to CSet, eden: 1527 regions, survivors: 16 regions, predicted young region time: 61.74 ms]
 3085.619: [G1Ergonomics (CSet Construction) finish choosing CSet, eden: 1527 regions, survivors: 16 regions, old: 0 regions, predicted pause time: 103.79 ms, target pause time: 100.00 ms]
 3085.620: [G1Ergonomics (Heap Sizing) attempt heap expansion, reason: region allocation request failed, allocation request: 201400 bytes]
 3085.620: [G1Ergonomics (Heap Sizing) expand the heap, requested expansion amount: 201400 bytes, attempted expansion amount: 1048576 bytes]
 3085.620: [G1Ergonomics (Heap Sizing) did not expand the heap, reason: heap expansion operation failed]
 3086.062: [G1Ergonomics (Concurrent Cycles) request concurrent cycle initiation, reason: occupancy higher than threshold, occupancy: 1837105152 bytes, allocation request: 0 bytes, threshold: 1062626895 bytes (45.00 %), source: end of GC]
 (to-space exhausted), 0.4432460 secs]
   [Parallel Time: 294.1 ms, GC Workers: 18]
      [GC Worker Start (ms): Min: 3085619.3, Avg: 3085619.4, Max: 3085619.6, Diff: 0.3]
      [Ext Root Scanning (ms): Min: 0.6, Avg: 5.1, Max: 14.9, Diff: 14.3, Sum: 92.4]
      [Update RS (ms): Min: 8.3, Avg: 14.2, Max: 18.3, Diff: 9.9, Sum: 255.2]
         [Processed Buffers: Min: 6, Avg: 22.4, Max: 36, Diff: 30, Sum: 403]
      [Scan RS (ms): Min: 0.2, Avg: 1.2, Max: 1.8, Diff: 1.6, Sum: 22.4]
      [Object Copy (ms): Min: 258.4, Avg: 270.3, Max: 282.6, Diff: 24.2, Sum: 4865.3]
      [Termination (ms): Min: 0.0, Avg: 2.7, Max: 4.3, Diff: 4.3, Sum: 48.1]
      [GC Worker Other (ms): Min: 0.0, Avg: 0.2, Max: 0.3, Diff: 0.3, Sum: 3.1]
      [GC Worker Total (ms): Min: 293.5, Avg: 293.7, Max: 293.9, Diff: 0.3, Sum: 5286.5]
      [GC Worker End (ms): Min: 3085913.0, Avg: 3085913.1, Max: 3085913.3, Diff: 0.3]
   [Code Root Fixup: 0.0 ms]
   [Clear CT: 2.1 ms]
   [Other: 147.1 ms]
      [Choose CSet: 0.0 ms]
      [Ref Proc: 4.7 ms]
      [Ref Enq: 0.5 ms]
      [Free CSet: 3.0 ms]
   [Eden: 1527.0M(1560.0M)->0.0B(1576.0M) Survivors: 16.0M->0.0B Heap: 2127.1M(2252.0M)->1628.1M(2252.0M)]
 [Times: user=2.86 sys=0.10, real=0.45 secs] 

 Concurrent RS processed 1984928 cards
  Of 61336 completed buffers:
        61336 (100.0%) by conc RS threads.
            0 (  0.0%) by mutator threads.
  Conc RS threads times(s)
          0.00     0.00     0.00     0.00     0.00     0.00     0.00     0.00     0.00     0.00     0.00     0.00     0.00     0.00     0.00     0.00     0.00     0.00     0.00
  Total heap region rem set sizes = 5870K.  Max = 33K.
  Static structures = 369K, free_lists = 177K.
    355242 occupied cards represented.
    Max size region = 10:(O)[0x0000000763e00000,0x0000000763efff98,0x0000000763f00000], size = 34K, occupied = 51K.
    Did 1280 coarsenings.
 3088.158: [G1Ergonomics (Concurrent Cycles) initiate concurrent cycle, reason: concurrent cycle initiation requested]
2014-08-01T09:47:47.714-0500: 3088.158: [GC pause (young) (initial-mark) 3088.158: [G1Ergonomics (CSet Construction) start choosing CSet, _pending_cards: 53730, predicted base time: 38.04 ms, remaining time: 61.96 ms, target pause time: 100.00 ms]
 3088.158: [G1Ergonomics (CSet Construction) add young regions to CSet, eden: 500 regions, survivors: 0 regions, predicted young region time: 19.95 ms]
 3088.158: [G1Ergonomics (CSet Construction) finish choosing CSet, eden: 500 regions, survivors: 0 regions, old: 0 regions, predicted pause time: 57.99 ms, target pause time: 100.00 ms]
 3088.160: [G1Ergonomics (Heap Sizing) attempt heap expansion, reason: region allocation request failed, allocation request: 50344 bytes]
 3088.160: [G1Ergonomics (Heap Sizing) expand the heap, requested expansion amount: 50344 bytes, attempted expansion amount: 1048576 bytes]
 3088.160: [G1Ergonomics (Heap Sizing) did not expand the heap, reason: heap expansion operation failed]
 (to-space exhausted), 0.1699230 secs]
   [Parallel Time: 104.1 ms, GC Workers: 18]
      [GC Worker Start (ms): Min: 3088158.7, Avg: 3088158.9, Max: 3088159.2, Diff: 0.5]
      [Ext Root Scanning (ms): Min: 5.1, Avg: 6.4, Max: 9.1, Diff: 4.1, Sum: 114.6]
      [Update RS (ms): Min: 0.0, Avg: 2.4, Max: 4.0, Diff: 4.0, Sum: 42.7]
         [Processed Buffers: Min: 0, Avg: 19.2, Max: 34, Diff: 34, Sum: 345]
      [Scan RS (ms): Min: 0.0, Avg: 0.3, Max: 0.4, Diff: 0.4, Sum: 5.5]
      [Object Copy (ms): Min: 90.4, Avg: 94.1, Max: 96.8, Diff: 6.4, Sum: 1693.5]
      [Termination (ms): Min: 0.0, Avg: 0.4, Max: 0.8, Diff: 0.8, Sum: 7.9]
      [GC Worker Other (ms): Min: 0.0, Avg: 0.1, Max: 0.1, Diff: 0.1, Sum: 1.2]
      [GC Worker Total (ms): Min: 103.3, Avg: 103.6, Max: 103.9, Diff: 0.5, Sum: 1865.4]
      [GC Worker End (ms): Min: 3088262.5, Avg: 3088262.5, Max: 3088262.6, Diff: 0.1]
   [Code Root Fixup: 0.0 ms]
   [Clear CT: 1.0 ms]
   [Other: 64.8 ms]
      [Choose CSet: 0.0 ms]
      [Ref Proc: 5.0 ms]
      [Ref Enq: 0.4 ms]
      [Free CSet: 1.2 ms]
   [Eden: 500.0M(1576.0M)->0.0B(1576.0M) Survivors: 0.0B->0.0B Heap: 2128.1M(2252.0M)->2015.1M(2252.0M)]
 [Times: user=1.15 sys=0.02, real=0.17 secs] 

 Concurrent RS processed 2007253 cards
  Of 62293 completed buffers:
        62293 (100.0%) by conc RS threads.
            0 (  0.0%) by mutator threads.
  Conc RS threads times(s)
          0.00     0.00     0.00     0.00     0.00     0.00     0.00     0.00     0.00     0.00     0.00     0.00     0.00     0.00     0.00     0.00     0.00     0.00     0.00
  Total heap region rem set sizes = 6478K.  Max = 124K.
  Static structures = 369K, free_lists = 100K.
    418714 occupied cards represented.
    Max size region = 9:(O)[0x0000000763d00000,0x0000000763dfdd18,0x0000000763e00000], size = 125K, occupied = 108K.
    Did 1314 coarsenings.
2014-08-01T09:47:47.887-0500: 3088.330: [GC concurrent-root-region-scan-start]
2014-08-01T09:47:47.887-0500: 3088.330: [GC concurrent-root-region-scan-end, 0.0000330 secs]
2014-08-01T09:47:47.887-0500: 3088.330: [GC concurrent-mark-start]
2014-08-01T09:47:47.995-0500: 3088.438: [GC concurrent-mark-end, 0.1076500 secs]
2014-08-01T09:47:47.996-0500: 3088.439: [GC remark 2014-08-01T09:47:47.996-0500: 3088.440: [GC ref-proc, 0.0070480 secs], 0.0367050 secs]
 [Times: user=0.10 sys=0.01, real=0.04 secs] 
2014-08-01T09:47:48.034-0500: 3088.477: [GC cleanup 2071M->1608M(2252M), 0.0043670 secs]
 [Times: user=0.03 sys=0.00, real=0.01 secs] 
2014-08-01T09:47:48.038-0500: 3088.482: [GC concurrent-cleanup-start]
2014-08-01T09:47:48.040-0500: 3088.483: [GC concurrent-cleanup-end, 0.0015380 secs]
2014-08-01T09:47:50.657-0500: 3091.100: [GC pause (young) 3091.100: [G1Ergonomics (CSet Construction) start choosing CSet, _pending_cards: 59842, predicted base time: 39.77 ms, remaining time: 60.23 ms, target pause time: 100.00 ms]
 3091.100: [G1Ergonomics (CSet Construction) add young regions to CSet, eden: 694 regions, survivors: 0 regions, predicted young region time: 7.55 ms]
 3091.100: [G1Ergonomics (CSet Construction) finish choosing CSet, eden: 694 regions, survivors: 0 regions, old: 0 regions, predicted pause time: 47.32 ms, target pause time: 100.00 ms]
 3091.102: [G1Ergonomics (Heap Sizing) attempt heap expansion, reason: region allocation request failed, allocation request: 12584 bytes]
 3091.102: [G1Ergonomics (Heap Sizing) expand the heap, requested expansion amount: 12584 bytes, attempted expansion amount: 1048576 bytes]
 3091.102: [G1Ergonomics (Heap Sizing) did not expand the heap, reason: heap expansion operation failed]
 3091.269: [G1Ergonomics (Concurrent Cycles) do not request concurrent cycle initiation, reason: still doing mixed collections, occupancy: 2170552320 bytes, allocation request: 0 bytes, threshold: 1062626895 bytes (45.00 %), source: end of GC]
 3091.269: [G1Ergonomics (Mixed GCs) start mixed GCs, reason: candidate old regions available, candidate old regions: 1442 regions, reclaimable: 1490152376 bytes (63.10 %), threshold: 10.00 %]
 (to-space exhausted), 0.1688950 secs]
   [Parallel Time: 84.9 ms, GC Workers: 18]
      [GC Worker Start (ms): Min: 3091100.8, Avg: 3091101.0, Max: 3091101.1, Diff: 0.3]
      [Ext Root Scanning (ms): Min: 4.8, Avg: 6.5, Max: 11.0, Diff: 6.2, Sum: 117.3]
      [Update RS (ms): Min: 0.0, Avg: 3.7, Max: 5.6, Diff: 5.6, Sum: 66.0]
         [Processed Buffers: Min: 0, Avg: 20.5, Max: 44, Diff: 44, Sum: 369]
      [Scan RS (ms): Min: 0.1, Avg: 0.2, Max: 0.5, Diff: 0.4, Sum: 4.4]
      [Object Copy (ms): Min: 71.7, Avg: 73.6, Max: 74.6, Diff: 2.9, Sum: 1325.0]
      [Termination (ms): Min: 0.0, Avg: 0.3, Max: 0.5, Diff: 0.5, Sum: 5.2]
      [GC Worker Other (ms): Min: 0.0, Avg: 0.1, Max: 0.2, Diff: 0.2, Sum: 1.5]
      [GC Worker Total (ms): Min: 84.2, Avg: 84.4, Max: 84.6, Diff: 0.4, Sum: 1519.4]
      [GC Worker End (ms): Min: 3091185.3, Avg: 3091185.4, Max: 3091185.5, Diff: 0.2]
   [Code Root Fixup: 0.0 ms]
   [Clear CT: 1.1 ms]
   [Other: 82.9 ms]
      [Choose CSet: 0.0 ms]
      [Ref Proc: 5.7 ms]
      [Ref Enq: 0.5 ms]
      [Free CSet: 1.5 ms]
   [Eden: 694.0M(1576.0M)->0.0B(1576.0M) Survivors: 0.0B->0.0B Heap: 2246.2M(2252.0M)->2064.2M(2252.0M)]
 [Times: user=1.48 sys=0.01, real=0.17 secs] 

 Concurrent RS processed 2022212 cards
  Of 62917 completed buffers:
        62917 (100.0%) by conc RS threads.
            0 (  0.0%) by mutator threads.
  Conc RS threads times(s)
          0.00     0.00     0.00     0.00     0.00     0.00     0.00     0.00     0.00     0.00     0.00     0.00     0.00     0.00     0.00     0.00     0.00     0.00     0.00
  Total heap region rem set sizes = 7800K.  Max = 124K.
  Static structures = 369K, free_lists = 55K.
    751538 occupied cards represented.
    Max size region = 9:(O)[0x0000000763d00000,0x0000000763dfdd18,0x0000000763e00000], size = 125K, occupied = 346K.
    Did 1524 coarsenings.
2014-08-01T09:47:51.516-0500: 3091.959: [GC pause (mixed) 3091.960: [G1Ergonomics (CSet Construction) start choosing CSet, _pending_cards: 63058, predicted base time: 40.68 ms, remaining time: 59.32 ms, target pause time: 100.00 ms]
 3091.960: [G1Ergonomics (CSet Construction) add young regions to CSet, eden: 182 regions, survivors: 0 regions, predicted young region time: 2.31 ms]
 3091.960: [G1Ergonomics (CSet Construction) finish adding old regions to CSet, reason: predicted time is too high, predicted time: 0.64 ms, remaining time: 0.00 ms, old: 181 regions, min: 181 regions]
 3091.960: [G1Ergonomics (CSet Construction) added expensive regions to CSet, reason: old CSet region num not reached min, old: 181 regions, expensive: 89 regions, min: 181 regions, remaining time: 0.00 ms]
 3091.960: [G1Ergonomics (CSet Construction) finish choosing CSet, eden: 182 regions, survivors: 0 regions, old: 181 regions, predicted pause time: 158.31 ms, target pause time: 100.00 ms]
 3091.961: [G1Ergonomics (Heap Sizing) attempt heap expansion, reason: region allocation request failed, allocation request: 3144 bytes]
 3091.961: [G1Ergonomics (Heap Sizing) expand the heap, requested expansion amount: 3144 bytes, attempted expansion amount: 1048576 bytes]
 3091.961: [G1Ergonomics (Heap Sizing) did not expand the heap, reason: heap expansion operation failed]
 3092.086: [G1Ergonomics (Concurrent Cycles) do not request concurrent cycle initiation, reason: still doing mixed collections, occupancy: 2315255808 bytes, allocation request: 0 bytes, threshold: 1062626895 bytes (45.00 %), source: end of GC]
 3092.086: [G1Ergonomics (Mixed GCs) continue mixed GCs, reason: candidate old regions available, candidate old regions: 1261 regions, reclaimable: 1300454752 bytes (55.07 %), threshold: 10.00 %]
 (to-space exhausted), 0.1263540 secs]
   [Parallel Time: 74.7 ms, GC Workers: 18]
      [GC Worker Start (ms): Min: 3091960.2, Avg: 3091960.4, Max: 3091960.5, Diff: 0.3]
      [Ext Root Scanning (ms): Min: 0.8, Avg: 5.7, Max: 17.8, Diff: 17.0, Sum: 102.7]
      [Update RS (ms): Min: 1.5, Avg: 3.5, Max: 4.6, Diff: 3.1, Sum: 63.2]
         [Processed Buffers: Min: 12, Avg: 20.4, Max: 30, Diff: 18, Sum: 368]
      [Scan RS (ms): Min: 0.0, Avg: 0.3, Max: 0.3, Diff: 0.3, Sum: 4.5]
      [Object Copy (ms): Min: 52.7, Avg: 64.5, Max: 69.2, Diff: 16.5, Sum: 1160.4]
      [Termination (ms): Min: 0.0, Avg: 0.2, Max: 0.5, Diff: 0.5, Sum: 4.4]
      [GC Worker Other (ms): Min: 0.0, Avg: 0.0, Max: 0.1, Diff: 0.1, Sum: 0.7]
      [GC Worker Total (ms): Min: 74.1, Avg: 74.2, Max: 74.4, Diff: 0.3, Sum: 1335.9]
      [GC Worker End (ms): Min: 3092034.6, Avg: 3092034.6, Max: 3092034.6, Diff: 0.1]
   [Code Root Fixup: 0.0 ms]
   [Clear CT: 1.0 ms]
   [Other: 50.6 ms]
      [Choose CSet: 0.3 ms]
      [Ref Proc: 6.0 ms]
      [Ref Enq: 0.5 ms]
      [Free CSet: 1.0 ms]
   [Eden: 182.0M(1576.0M)->0.0B(1576.0M) Survivors: 0.0B->0.0B Heap: 2246.2M(2252.0M)->2202.2M(2252.0M)]
 [Times: user=0.89 sys=0.01, real=0.13 secs] 

 Concurrent RS processed 2032376 cards
  Of 63388 completed buffers:
        63388 (100.0%) by conc RS threads.
            0 (  0.0%) by mutator threads.
  Conc RS threads times(s)
          0.00     0.00     0.00     0.00     0.00     0.00     0.00     0.00     0.00     0.00     0.00     0.00     0.00     0.00     0.00     0.00     0.00     0.00     0.00
  Total heap region rem set sizes = 8232K.  Max = 180K.
  Static structures = 369K, free_lists = 24K.
    1450329 occupied cards represented.
    Max size region = 8:(O)[0x0000000763c00000,0x0000000763cfce18,0x0000000763d00000], size = 181K, occupied = 186K.
    Did 1877 coarsenings.
2014-08-01T09:47:51.677-0500: 3092.120: [GC pause (mixed) 3092.120: [G1Ergonomics (CSet Construction) start choosing CSet, _pending_cards: 67088, predicted base time: 41.82 ms, remaining time: 58.18 ms, target pause time: 100.00 ms]
 3092.120: [G1Ergonomics (CSet Construction) add young regions to CSet, eden: 44 regions, survivors: 0 regions, predicted young region time: 2.15 ms]
 3092.121: [G1Ergonomics (CSet Construction) finish adding old regions to CSet, reason: predicted time is too high, predicted time: 0.64 ms, remaining time: 0.00 ms, old: 181 regions, min: 181 regions]
 3092.121: [G1Ergonomics (CSet Construction) added expensive regions to CSet, reason: old CSet region num not reached min, old: 181 regions, expensive: 93 regions, min: 181 regions, remaining time: 0.00 ms]
 3092.121: [G1Ergonomics (CSet Construction) finish choosing CSet, eden: 44 regions, survivors: 0 regions, old: 181 regions, predicted pause time: 159.09 ms, target pause time: 100.00 ms]
 3092.123: [G1Ergonomics (Heap Sizing) attempt heap expansion, reason: region allocation request failed, allocation request: 2048 bytes]
 3092.123: [G1Ergonomics (Heap Sizing) expand the heap, requested expansion amount: 2048 bytes, attempted expansion amount: 1048576 bytes]
 3092.123: [G1Ergonomics (Heap Sizing) did not expand the heap, reason: heap expansion operation failed]
 3092.190: [G1Ergonomics (Concurrent Cycles) do not request concurrent cycle initiation, reason: still doing mixed collections, occupancy: 2217738240 bytes, allocation request: 0 bytes, threshold: 1062626895 bytes (45.00 %), source: end of GC]
 3092.190: [G1Ergonomics (Mixed GCs) continue mixed GCs, reason: candidate old regions available, candidate old regions: 1080 regions, reclaimable: 1110840296 bytes (47.04 %), threshold: 10.00 %]
 (to-space exhausted), 0.0701990 secs]
   [Parallel Time: 46.9 ms, GC Workers: 18]
      [GC Worker Start (ms): Min: 3092121.7, Avg: 3092121.9, Max: 3092122.1, Diff: 0.4]
      [Ext Root Scanning (ms): Min: 5.0, Avg: 6.6, Max: 11.6, Diff: 6.7, Sum: 118.3]
      [Update RS (ms): Min: 0.0, Avg: 4.1, Max: 6.2, Diff: 6.2, Sum: 73.6]
         [Processed Buffers: Min: 0, Avg: 17.3, Max: 29, Diff: 29, Sum: 311]
      [Scan RS (ms): Min: 0.0, Avg: 0.2, Max: 0.2, Diff: 0.2, Sum: 3.3]
      [Object Copy (ms): Min: 33.7, Avg: 35.1, Max: 36.2, Diff: 2.5, Sum: 631.7]
      [Termination (ms): Min: 0.0, Avg: 0.5, Max: 0.8, Diff: 0.8, Sum: 8.2]
      [GC Worker Other (ms): Min: 0.0, Avg: 0.0, Max: 0.1, Diff: 0.1, Sum: 0.7]
      [GC Worker Total (ms): Min: 46.2, Avg: 46.4, Max: 46.6, Diff: 0.4, Sum: 835.8]
      [GC Worker End (ms): Min: 3092168.3, Avg: 3092168.3, Max: 3092168.4, Diff: 0.1]
   [Code Root Fixup: 0.0 ms]
   [Clear CT: 0.9 ms]
   [Other: 22.4 ms]
      [Choose CSet: 0.4 ms]
      [Ref Proc: 4.6 ms]
      [Ref Enq: 0.4 ms]
      [Free CSet: 1.5 ms]
   [Eden: 44.0M(1576.0M)->0.0B(1576.0M) Survivors: 0.0B->0.0B Heap: 2246.2M(2252.0M)->2109.2M(2252.0M)]
 [Times: user=0.44 sys=0.01, real=0.07 secs] 

 Concurrent RS processed 2040354 cards
  Of 63762 completed buffers:
        63762 (100.0%) by conc RS threads.
            0 (  0.0%) by mutator threads.
  Conc RS threads times(s)
          0.00     0.00     0.00     0.00     0.00     0.00     0.00     0.00     0.00     0.00     0.00     0.00     0.00     0.00     0.00     0.00     0.00     0.00     0.00
  Total heap region rem set sizes = 8447K.  Max = 180K.
  Static structures = 369K, free_lists = 0K.
    2003787 occupied cards represented.
    Max size region = 8:(O)[0x0000000763c00000,0x0000000763cfce18,0x0000000763d00000], size = 181K, occupied = 333K.
    Did 2145 coarsenings.
2014-08-01T09:47:52.524-0500: 3092.967: [GC pause (mixed) 3092.967: [G1Ergonomics (CSet Construction) start choosing CSet, _pending_cards: 58937, predicted base time: 39.51 ms, remaining time: 60.49 ms, target pause time: 100.00 ms]
 3092.967: [G1Ergonomics (CSet Construction) add young regions to CSet, eden: 137 regions, survivors: 0 regions, predicted young region time: 1.93 ms]
 3092.968: [G1Ergonomics (CSet Construction) finish adding old regions to CSet, reason: predicted time is too high, predicted time: 0.67 ms, remaining time: 0.00 ms, old: 181 regions, min: 181 regions]
 3092.968: [G1Ergonomics (CSet Construction) added expensive regions to CSet, reason: old CSet region num not reached min, old: 181 regions, expensive: 95 regions, min: 181 regions, remaining time: 0.00 ms]
 3092.968: [G1Ergonomics (CSet Construction) finish choosing CSet, eden: 137 regions, survivors: 0 regions, old: 181 regions, predicted pause time: 170.23 ms, target pause time: 100.00 ms]
 3092.969: [G1Ergonomics (Heap Sizing) attempt heap expansion, reason: region allocation request failed, allocation request: 2048 bytes]
 3092.969: [G1Ergonomics (Heap Sizing) expand the heap, requested expansion amount: 2048 bytes, attempted expansion amount: 1048576 bytes]
 3092.969: [G1Ergonomics (Heap Sizing) did not expand the heap, reason: heap expansion operation failed]
 3093.089: [G1Ergonomics (Concurrent Cycles) do not request concurrent cycle initiation, reason: still doing mixed collections, occupancy: 2277507072 bytes, allocation request: 0 bytes, threshold: 1062626895 bytes (45.00 %), source: end of GC]
 3093.089: [G1Ergonomics (Mixed GCs) continue mixed GCs, reason: candidate old regions available, candidate old regions: 899 regions, reclaimable: 921435768 bytes (39.02 %), threshold: 10.00 %]
 (to-space exhausted), 0.1221110 secs]
   [Parallel Time: 70.4 ms, GC Workers: 18]
      [GC Worker Start (ms): Min: 3092967.9, Avg: 3092968.1, Max: 3092968.3, Diff: 0.3]
      [Ext Root Scanning (ms): Min: 5.3, Avg: 6.7, Max: 10.4, Diff: 5.0, Sum: 120.2]
      [Update RS (ms): Min: 0.0, Avg: 3.1, Max: 4.1, Diff: 4.1, Sum: 55.5]
         [Processed Buffers: Min: 0, Avg: 19.3, Max: 44, Diff: 44, Sum: 347]
      [Scan RS (ms): Min: 0.0, Avg: 0.2, Max: 0.4, Diff: 0.4, Sum: 4.3]
      [Object Copy (ms): Min: 57.6, Avg: 58.9, Max: 60.9, Diff: 3.3, Sum: 1060.1]
      [Termination (ms): Min: 0.0, Avg: 0.8, Max: 1.8, Diff: 1.8, Sum: 13.7]
      [GC Worker Other (ms): Min: 0.0, Avg: 0.0, Max: 0.0, Diff: 0.0, Sum: 0.6]
      [GC Worker Total (ms): Min: 69.5, Avg: 69.7, Max: 70.0, Diff: 0.5, Sum: 1254.4]
      [GC Worker End (ms): Min: 3093037.7, Avg: 3093037.8, Max: 3093038.3, Diff: 0.5]
   [Code Root Fixup: 0.0 ms]
   [Clear CT: 1.7 ms]
   [Other: 50.0 ms]
      [Choose CSet: 0.3 ms]
      [Ref Proc: 10.0 ms]
      [Ref Enq: 0.5 ms]
      [Free CSet: 1.1 ms]
   [Eden: 137.0M(1576.0M)->0.0B(1576.0M) Survivors: 0.0B->0.0B Heap: 2246.2M(2252.0M)->2166.2M(2252.0M)]
 [Times: user=0.87 sys=0.02, real=0.12 secs] 

 Concurrent RS processed 2045608 cards
  Of 64109 completed buffers:
        64109 (100.0%) by conc RS threads.
            0 (  0.0%) by mutator threads.
  Conc RS threads times(s)
          0.00     0.00     0.00     0.00     0.00     0.00     0.00     0.00     0.00     0.00     0.00     0.00     0.00     0.00     0.00     0.00     0.00     0.00     0.00
  Total heap region rem set sizes = 8494K.  Max = 180K.
  Static structures = 369K, free_lists = 0K.
    2174244 occupied cards represented.
    Max size region = 8:(O)[0x0000000763c00000,0x0000000763cfce18,0x0000000763d00000], size = 181K, occupied = 371K.
    Did 2227 coarsenings.
2014-08-01T09:47:52.861-0500: 3093.304: [GC pause (mixed) 3093.304: [G1Ergonomics (CSet Construction) start choosing CSet, _pending_cards: 61803, predicted base time: 40.32 ms, remaining time: 59.68 ms, target pause time: 100.00 ms]
 3093.304: [G1Ergonomics (CSet Construction) add young regions to CSet, eden: 80 regions, survivors: 0 regions, predicted young region time: 1.29 ms]
 3093.305: [G1Ergonomics (CSet Construction) finish adding old regions to CSet, reason: predicted time is too high, predicted time: 0.71 ms, remaining time: 0.00 ms, old: 181 regions, min: 181 regions]
 3093.305: [G1Ergonomics (CSet Construction) added expensive regions to CSet, reason: old CSet region num not reached min, old: 181 regions, expensive: 97 regions, min: 181 regions, remaining time: 0.00 ms]
 3093.305: [G1Ergonomics (CSet Construction) finish choosing CSet, eden: 80 regions, survivors: 0 regions, old: 181 regions, predicted pause time: 173.87 ms, target pause time: 100.00 ms]
 3093.306: [G1Ergonomics (Heap Sizing) attempt heap expansion, reason: region allocation request failed, allocation request: 2048 bytes]
 3093.306: [G1Ergonomics (Heap Sizing) expand the heap, requested expansion amount: 2048 bytes, attempted expansion amount: 1048576 bytes]
 3093.306: [G1Ergonomics (Heap Sizing) did not expand the heap, reason: heap expansion operation failed]
 3093.409: [G1Ergonomics (Concurrent Cycles) do not request concurrent cycle initiation, reason: still doing mixed collections, occupancy: 2334130176 bytes, allocation request: 0 bytes, threshold: 1062626895 bytes (45.00 %), source: end of GC]
 3093.409: [G1Ergonomics (Mixed GCs) continue mixed GCs, reason: candidate old regions available, candidate old regions: 718 regions, reclaimable: 731945376 bytes (31.00 %), threshold: 10.00 %]
 (to-space exhausted), 0.1047420 secs]
   [Parallel Time: 60.9 ms, GC Workers: 18]
      [GC Worker Start (ms): Min: 3093304.9, Avg: 3093305.1, Max: 3093305.3, Diff: 0.4]
      [Ext Root Scanning (ms): Min: 0.6, Avg: 7.7, Max: 11.9, Diff: 11.3, Sum: 138.3]
      [Update RS (ms): Min: 0.0, Avg: 5.5, Max: 7.6, Diff: 7.6, Sum: 98.8]
         [Processed Buffers: Min: 0, Avg: 18.7, Max: 38, Diff: 38, Sum: 337]
      [Scan RS (ms): Min: 0.0, Avg: 0.3, Max: 0.4, Diff: 0.4, Sum: 5.5]
      [Object Copy (ms): Min: 43.7, Avg: 46.5, Max: 59.0, Diff: 15.3, Sum: 837.2]
      [Termination (ms): Min: 0.0, Avg: 0.4, Max: 0.8, Diff: 0.8, Sum: 7.5]
      [GC Worker Other (ms): Min: 0.0, Avg: 0.0, Max: 0.1, Diff: 0.1, Sum: 0.8]
      [GC Worker Total (ms): Min: 60.2, Avg: 60.4, Max: 60.7, Diff: 0.4, Sum: 1088.0]
      [GC Worker End (ms): Min: 3093365.5, Avg: 3093365.5, Max: 3093365.6, Diff: 0.1]
   [Code Root Fixup: 0.0 ms]
   [Clear CT: 0.9 ms]
   [Other: 43.0 ms]
      [Choose CSet: 0.4 ms]
      [Ref Proc: 6.6 ms]
      [Ref Enq: 1.4 ms]
      [Free CSet: 0.6 ms]
   [Eden: 80.0M(1576.0M)->0.0B(1576.0M) Survivors: 0.0B->0.0B Heap: 2246.2M(2252.0M)->2220.2M(2252.0M)]
 [Times: user=0.78 sys=0.02, real=0.10 secs] 

 Concurrent RS processed 2053286 cards
  Of 64446 completed buffers:
        64446 (100.0%) by conc RS threads.
            0 (  0.0%) by mutator threads.
  Conc RS threads times(s)
          0.00     0.00     0.00     0.00     0.00     0.00     0.00     0.00     0.00     0.00     0.00     0.00     0.00     0.00     0.00     0.00     0.00     0.00     0.00
  Total heap region rem set sizes = 8599K.  Max = 180K.
  Static structures = 369K, free_lists = 0K.
    2745043 occupied cards represented.
    Max size region = 8:(O)[0x0000000763c00000,0x0000000763cfce18,0x0000000763d00000], size = 181K, occupied = 495K.
    Did 2508 coarsenings.
2014-08-01T09:47:53.020-0500: 3093.463: [GC pause (mixed) 3093.463: [G1Ergonomics (CSet Construction) start choosing CSet, _pending_cards: 64181, predicted base time: 41.00 ms, remaining time: 59.00 ms, target pause time: 100.00 ms]
 3093.463: [G1Ergonomics (CSet Construction) add young regions to CSet, eden: 26 regions, survivors: 0 regions, predicted young region time: 0.18 ms]
 3093.464: [G1Ergonomics (CSet Construction) finish adding old regions to CSet, reason: predicted time is too high, predicted time: 0.74 ms, remaining time: 0.00 ms, old: 181 regions, min: 181 regions]
 3093.464: [G1Ergonomics (CSet Construction) added expensive regions to CSet, reason: old CSet region num not reached min, old: 181 regions, expensive: 107 regions, min: 181 regions, remaining time: 0.00 ms]
 3093.464: [G1Ergonomics (CSet Construction) finish choosing CSet, eden: 26 regions, survivors: 0 regions, old: 181 regions, predicted pause time: 180.31 ms, target pause time: 100.00 ms]
 3093.465: [G1Ergonomics (Heap Sizing) attempt heap expansion, reason: region allocation request failed, allocation request: 7320 bytes]
 3093.465: [G1Ergonomics (Heap Sizing) expand the heap, requested expansion amount: 7320 bytes, attempted expansion amount: 1048576 bytes]
 3093.465: [G1Ergonomics (Heap Sizing) did not expand the heap, reason: heap expansion operation failed]
 3093.573: [G1Ergonomics (Concurrent Cycles) do not request concurrent cycle initiation, reason: still doing mixed collections, occupancy: 2354053120 bytes, allocation request: 0 bytes, threshold: 1062626895 bytes (45.00 %), source: end of GC]
 3093.574: [G1Ergonomics (Mixed GCs) continue mixed GCs, reason: candidate old regions available, candidate old regions: 537 regions, reclaimable: 542581160 bytes (22.98 %), threshold: 10.00 %]
 (to-space exhausted), 0.1102020 secs]
   [Parallel Time: 66.7 ms, GC Workers: 18]
      [GC Worker Start (ms): Min: 3093464.0, Avg: 3093464.1, Max: 3093464.3, Diff: 0.4]
      [Ext Root Scanning (ms): Min: 4.4, Avg: 6.4, Max: 10.9, Diff: 6.5, Sum: 115.5]
      [Update RS (ms): Min: 0.8, Avg: 3.6, Max: 5.8, Diff: 5.0, Sum: 64.2]
         [Processed Buffers: Min: 6, Avg: 17.1, Max: 31, Diff: 25, Sum: 307]
      [Scan RS (ms): Min: 0.0, Avg: 0.3, Max: 0.4, Diff: 0.3, Sum: 5.3]
      [Object Copy (ms): Min: 53.4, Avg: 55.3, Max: 57.1, Diff: 3.8, Sum: 994.7]
      [Termination (ms): Min: 0.0, Avg: 0.6, Max: 1.1, Diff: 1.1, Sum: 11.2]
      [GC Worker Other (ms): Min: 0.0, Avg: 0.1, Max: 0.2, Diff: 0.1, Sum: 1.3]
      [GC Worker Total (ms): Min: 66.1, Avg: 66.2, Max: 66.4, Diff: 0.3, Sum: 1192.2]
      [GC Worker End (ms): Min: 3093530.3, Avg: 3093530.4, Max: 3093530.4, Diff: 0.1]
   [Code Root Fixup: 0.0 ms]
   [Clear CT: 1.2 ms]
   [Other: 42.2 ms]
      [Choose CSet: 0.3 ms]
      [Ref Proc: 7.2 ms]
      [Ref Enq: 0.8 ms]
      [Free CSet: 0.3 ms]
   [Eden: 26.0M(1576.0M)->0.0B(1576.0M) Survivors: 0.0B->0.0B Heap: 2246.2M(2252.0M)->2239.2M(2252.0M)]
 [Times: user=0.73 sys=0.02, real=0.11 secs] 

 Concurrent RS processed 2059694 cards
  Of 64753 completed buffers:
        64753 (100.0%) by conc RS threads.
            0 (  0.0%) by mutator threads.
  Conc RS threads times(s)
          0.00     0.00     0.00     0.00     0.00     0.00     0.00     0.00     0.00     0.00     0.00     0.00     0.00     0.00     0.00     0.00     0.00     0.00     0.00
  Total heap region rem set sizes = 8671K.  Max = 180K.
  Static structures = 369K, free_lists = 0K.
    3199597 occupied cards represented.
    Max size region = 8:(O)[0x0000000763c00000,0x0000000763cfce18,0x0000000763d00000], size = 181K, occupied = 594K.
    Did 2731 coarsenings.
2014-08-01T09:47:53.149-0500: 3093.593: [GC pause (mixed) 3093.593: [G1Ergonomics (CSet Construction) start choosing CSet, _pending_cards: 81026, predicted base time: 45.76 ms, remaining time: 54.24 ms, target pause time: 100.00 ms]
 3093.593: [G1Ergonomics (CSet Construction) add young regions to CSet, eden: 7 regions, survivors: 0 regions, predicted young region time: 0.13 ms]
 3093.593: [G1Ergonomics (CSet Construction) finish adding old regions to CSet, reason: predicted time is too high, predicted time: 0.88 ms, remaining time: 0.00 ms, old: 181 regions, min: 181 regions]
 3093.593: [G1Ergonomics (CSet Construction) added expensive regions to CSet, reason: old CSet region num not reached min, old: 181 regions, expensive: 119 regions, min: 181 regions, remaining time: 0.00 ms]
 3093.593: [G1Ergonomics (CSet Construction) finish choosing CSet, eden: 7 regions, survivors: 0 regions, old: 181 regions, predicted pause time: 203.80 ms, target pause time: 100.00 ms]
 3093.594: [G1Ergonomics (Heap Sizing) attempt heap expansion, reason: region allocation request failed, allocation request: 2048 bytes]
 3093.594: [G1Ergonomics (Heap Sizing) expand the heap, requested expansion amount: 2048 bytes, attempted expansion amount: 1048576 bytes]
 3093.594: [G1Ergonomics (Heap Sizing) did not expand the heap, reason: heap expansion operation failed]
 3093.673: [G1Ergonomics (Concurrent Cycles) do not request concurrent cycle initiation, reason: still doing mixed collections, occupancy: 2357198848 bytes, allocation request: 0 bytes, threshold: 1062626895 bytes (45.00 %), source: end of GC]
 3093.673: [G1Ergonomics (Mixed GCs) continue mixed GCs, reason: candidate old regions available, candidate old regions: 356 regions, reclaimable: 353684240 bytes (14.98 %), threshold: 10.00 %]
 (to-space exhausted), 0.0803500 secs]
   [Parallel Time: 36.7 ms, GC Workers: 18]
      [GC Worker Start (ms): Min: 3093593.1, Avg: 3093593.3, Max: 3093593.5, Diff: 0.4]
      [Ext Root Scanning (ms): Min: 0.8, Avg: 6.5, Max: 10.9, Diff: 10.1, Sum: 117.1]
      [Update RS (ms): Min: 0.6, Avg: 3.3, Max: 4.4, Diff: 3.8, Sum: 58.7]
         [Processed Buffers: Min: 8, Avg: 19.6, Max: 44, Diff: 36, Sum: 352]
      [Scan RS (ms): Min: 0.1, Avg: 0.4, Max: 0.4, Diff: 0.3, Sum: 6.4]
      [Object Copy (ms): Min: 23.7, Avg: 25.4, Max: 31.0, Diff: 7.2, Sum: 458.0]
      [Termination (ms): Min: 0.0, Avg: 0.2, Max: 0.3, Diff: 0.3, Sum: 4.4]
      [GC Worker Other (ms): Min: 0.0, Avg: 0.1, Max: 0.1, Diff: 0.1, Sum: 0.9]
      [GC Worker Total (ms): Min: 35.6, Avg: 35.9, Max: 36.0, Diff: 0.4, Sum: 645.4]
      [GC Worker End (ms): Min: 3093629.1, Avg: 3093629.2, Max: 3093629.2, Diff: 0.1]
   [Code Root Fixup: 0.0 ms]
   [Clear CT: 0.9 ms]
   [Other: 42.8 ms]
      [Choose CSet: 0.2 ms]
      [Ref Proc: 11.8 ms]
      [Ref Enq: 0.4 ms]
      [Free CSet: 0.3 ms]
   [Eden: 7168.0K(1576.0M)->0.0B(1576.0M) Survivors: 0.0B->0.0B Heap: 2246.2M(2252.0M)->2242.2M(2252.0M)]
 [Times: user=0.75 sys=0.02, real=0.08 secs] 

 Concurrent RS processed 2065765 cards
  Of 65105 completed buffers:
        65105 (100.0%) by conc RS threads.
            0 (  0.0%) by mutator threads.
  Conc RS threads times(s)
          0.00     0.00     0.00     0.00     0.00     0.00     0.00     0.00     0.00     0.00     0.00     0.00     0.00     0.00     0.00     0.00     0.00     0.00     0.00
  Total heap region rem set sizes = 8715K.  Max = 180K.
  Static structures = 369K, free_lists = 0K.
    3366384 occupied cards represented.
    Max size region = 8:(O)[0x0000000763c00000,0x0000000763cfce18,0x0000000763d00000], size = 181K, occupied = 636K.
    Did 2808 coarsenings.
2014-08-01T09:47:53.237-0500: 3093.681: [GC pause (mixed) 3093.681: [G1Ergonomics (CSet Construction) start choosing CSet, _pending_cards: 21666, predicted base time: 28.97 ms, remaining time: 71.03 ms, target pause time: 100.00 ms]
 3093.681: [G1Ergonomics (CSet Construction) add young regions to CSet, eden: 4 regions, survivors: 0 regions, predicted young region time: 0.06 ms]
 3093.681: [G1Ergonomics (CSet Construction) finish adding old regions to CSet, reason: reclaimable percentage not over threshold, old: 113 regions, max: 226 regions, reclaimable: 235735232 bytes (9.98 %), threshold: 10.00 %]
 3093.681: [G1Ergonomics (CSet Construction) added expensive regions to CSet, reason: old CSet region num not reached min, old: 113 regions, expensive: 37 regions, min: 181 regions, remaining time: 0.00 ms]
 3093.681: [G1Ergonomics (CSet Construction) finish choosing CSet, eden: 4 regions, survivors: 0 regions, old: 113 regions, predicted pause time: 137.36 ms, target pause time: 100.00 ms]
 3093.682: [G1Ergonomics (Heap Sizing) attempt heap expansion, reason: region allocation request failed, allocation request: 2048 bytes]
 3093.682: [G1Ergonomics (Heap Sizing) expand the heap, requested expansion amount: 2048 bytes, attempted expansion amount: 1048576 bytes]
 3093.682: [G1Ergonomics (Heap Sizing) did not expand the heap, reason: heap expansion operation failed]
 3093.742: [G1Ergonomics (Concurrent Cycles) do not request concurrent cycle initiation, reason: still doing mixed collections, occupancy: 2359296000 bytes, allocation request: 0 bytes, threshold: 1062626895 bytes (45.00 %), source: end of GC]
 3093.742: [G1Ergonomics (Mixed GCs) do not continue mixed GCs, reason: reclaimable percentage not over threshold, candidate old regions: 243 regions, reclaimable: 235735232 bytes (9.98 %), threshold: 10.00 %]
 (to-space exhausted), 0.0610640 secs]
   [Parallel Time: 24.4 ms, GC Workers: 18]
      [GC Worker Start (ms): Min: 3093681.1, Avg: 3093681.3, Max: 3093681.6, Diff: 0.6]
      [Ext Root Scanning (ms): Min: 3.5, Avg: 7.3, Max: 10.9, Diff: 7.4, Sum: 131.9]
      [Update RS (ms): Min: 0.0, Avg: 1.4, Max: 2.9, Diff: 2.9, Sum: 25.5]
         [Processed Buffers: Min: 0, Avg: 5.7, Max: 24, Diff: 24, Sum: 103]
      [Scan RS (ms): Min: 0.0, Avg: 0.3, Max: 0.3, Diff: 0.3, Sum: 4.7]
      [Object Copy (ms): Min: 11.7, Avg: 14.2, Max: 16.8, Diff: 5.1, Sum: 256.2]
      [Termination (ms): Min: 0.0, Avg: 0.4, Max: 0.7, Diff: 0.7, Sum: 7.5]
      [GC Worker Other (ms): Min: 0.0, Avg: 0.0, Max: 0.1, Diff: 0.1, Sum: 0.6]
      [GC Worker Total (ms): Min: 23.4, Avg: 23.7, Max: 24.1, Diff: 0.8, Sum: 426.4]
      [GC Worker End (ms): Min: 3093705.0, Avg: 3093705.0, Max: 3093705.4, Diff: 0.5]
   [Code Root Fixup: 0.0 ms]
   [Clear CT: 1.3 ms]
   [Other: 35.4 ms]
      [Choose CSet: 0.2 ms]
      [Ref Proc: 9.5 ms]
      [Ref Enq: 0.4 ms]
      [Free CSet: 0.2 ms]
   [Eden: 4096.0K(1576.0M)->0.0B(1576.0M) Survivors: 0.0B->0.0B Heap: 2246.2M(2252.0M)->2244.2M(2252.0M)]
 [Times: user=0.53 sys=0.01, real=0.07 secs] 

 Concurrent RS processed 2068821 cards
  Of 65208 completed buffers:
        65208 (100.0%) by conc RS threads.
            0 (  0.0%) by mutator threads.
  Conc RS threads times(s)
          0.00     0.00     0.00     0.00     0.00     0.00     0.00     0.00     0.00     0.00     0.00     0.00     0.00     0.00     0.00     0.00     0.00     0.00     0.00
  Total heap region rem set sizes = 8731K.  Max = 180K.
  Static structures = 369K, free_lists = 0K.
    3407966 occupied cards represented.
    Max size region = 8:(O)[0x0000000763c00000,0x0000000763cfce18,0x0000000763d00000], size = 181K, occupied = 644K.
    Did 2828 coarsenings.
2014-08-01T09:47:53.304-0500: 3093.747: [GC pause (young) 3093.747: [G1Ergonomics (CSet Construction) start choosing CSet, _pending_cards: 14199, predicted base time: 26.86 ms, remaining time: 73.14 ms, target pause time: 100.00 ms]
 3093.747: [G1Ergonomics (CSet Construction) add young regions to CSet, eden: 2 regions, survivors: 0 regions, predicted young region time: 0.03 ms]
 3093.747: [G1Ergonomics (CSet Construction) finish choosing CSet, eden: 2 regions, survivors: 0 regions, old: 0 regions, predicted pause time: 26.89 ms, target pause time: 100.00 ms]
 3093.748: [G1Ergonomics (Heap Sizing) attempt heap expansion, reason: region allocation request failed, allocation request: 2048 bytes]
 3093.748: [G1Ergonomics (Heap Sizing) expand the heap, requested expansion amount: 2048 bytes, attempted expansion amount: 1048576 bytes]
 3093.748: [G1Ergonomics (Heap Sizing) did not expand the heap, reason: heap expansion operation failed]
 3093.774: [G1Ergonomics (Concurrent Cycles) request concurrent cycle initiation, reason: occupancy higher than threshold, occupancy: 2361393152 bytes, allocation request: 0 bytes, threshold: 1062626895 bytes (45.00 %), source: end of GC]
 (to-space exhausted), 0.0269140 secs]
   [Parallel Time: 14.1 ms, GC Workers: 18]
      [GC Worker Start (ms): Min: 3093747.5, Avg: 3093747.7, Max: 3093747.9, Diff: 0.4]
      [Ext Root Scanning (ms): Min: 7.3, Avg: 9.6, Max: 12.6, Diff: 5.4, Sum: 172.4]
      [Update RS (ms): Min: 0.0, Avg: 1.0, Max: 2.7, Diff: 2.7, Sum: 17.8]
         [Processed Buffers: Min: 0, Avg: 3.9, Max: 15, Diff: 15, Sum: 71]
      [Scan RS (ms): Min: 0.0, Avg: 0.0, Max: 0.0, Diff: 0.0, Sum: 0.0]
      [Object Copy (ms): Min: 0.5, Avg: 2.4, Max: 3.6, Diff: 3.1, Sum: 43.9]
      [Termination (ms): Min: 0.0, Avg: 0.5, Max: 0.7, Diff: 0.7, Sum: 9.8]
      [GC Worker Other (ms): Min: 0.0, Avg: 0.0, Max: 0.0, Diff: 0.0, Sum: 0.4]
      [GC Worker Total (ms): Min: 13.4, Avg: 13.6, Max: 13.8, Diff: 0.4, Sum: 244.4]
      [GC Worker End (ms): Min: 3093761.3, Avg: 3093761.3, Max: 3093761.3, Diff: 0.1]
   [Code Root Fixup: 0.0 ms]
   [Clear CT: 0.4 ms]
   [Other: 12.4 ms]
      [Choose CSet: 0.0 ms]
      [Ref Proc: 10.1 ms]
      [Ref Enq: 0.5 ms]
      [Free CSet: 0.2 ms]
   [Eden: 2048.0K(1576.0M)->0.0B(1576.0M) Survivors: 0.0B->0.0B Heap: 2246.2M(2252.0M)->2246.2M(2252.0M)]
 [Times: user=0.26 sys=0.01, real=0.03 secs] 

 Concurrent RS processed 2070877 cards
  Of 65279 completed buffers:
        65279 (100.0%) by conc RS threads.
            0 (  0.0%) by mutator threads.
  Conc RS threads times(s)
          0.00     0.00     0.00     0.00     0.00     0.00     0.00     0.00     0.00     0.00     0.00     0.00     0.00     0.00     0.00     0.00     0.00     0.00     0.00
  Total heap region rem set sizes = 8737K.  Max = 180K.
  Static structures = 369K, free_lists = 0K.
    3434671 occupied cards represented.
    Max size region = 8:(O)[0x0000000763c00000,0x0000000763cfce18,0x0000000763d00000], size = 181K, occupied = 648K.
    Did 2841 coarsenings.
 3093.779: [G1Ergonomics (Heap Sizing) attempt heap expansion, reason: allocation request failed, allocation request: 39448 bytes]
 3093.779: [G1Ergonomics (Heap Sizing) expand the heap, requested expansion amount: 1048576 bytes, attempted expansion amount: 1048576 bytes]
 3093.779: [G1Ergonomics (Heap Sizing) did not expand the heap, reason: heap expansion operation failed]
2014-08-01T09:47:53.336-0500: 3093.779: [Full GC 2246M->124M(2252M), 0.8107580 secs]
   [Eden: 0.0B(1576.0M)->0.0B(1801.0M) Survivors: 0.0B->0.0B Heap: 2246.2M(2252.0M)->124.3M(2252.0M)]
 [Times: user=1.10 sys=0.00, real=0.81 secs] 
2014-08-01T09:48:01.172-0500: 3101.616: [GC pause (young) 3101.616: [G1Ergonomics (CSet Construction) start choosing CSet, _pending_cards: 5186, predicted base time: 24.31 ms, remaining time: 75.69 ms, target pause time: 100.00 ms]
 3101.616: [G1Ergonomics (CSet Construction) add young regions to CSet, eden: 1801 regions, survivors: 0 regions, predicted young region time: 6.50 ms]
 3101.616: [G1Ergonomics (CSet Construction) finish choosing CSet, eden: 1801 regions, survivors: 0 regions, old: 0 regions, predicted pause time: 30.82 ms, target pause time: 100.00 ms]
, 0.0345300 secs]
   [Parallel Time: 19.2 ms, GC Workers: 18]
      [GC Worker Start (ms): Min: 3101616.2, Avg: 3101616.4, Max: 3101616.6, Diff: 0.4]
      [Ext Root Scanning (ms): Min: 7.0, Avg: 8.4, Max: 11.6, Diff: 4.5, Sum: 150.5]
      [Update RS (ms): Min: 0.0, Avg: 1.7, Max: 8.9, Diff: 8.9, Sum: 30.7]
         [Processed Buffers: Min: 0, Avg: 9.0, Max: 28, Diff: 28, Sum: 162]
      [Scan RS (ms): Min: 0.2, Avg: 0.9, Max: 1.9, Diff: 1.7, Sum: 16.1]
      [Object Copy (ms): Min: 1.5, Avg: 3.6, Max: 4.3, Diff: 2.9, Sum: 64.4]
      [Termination (ms): Min: 0.0, Avg: 3.9, Max: 4.2, Diff: 4.2, Sum: 70.8]
      [GC Worker Other (ms): Min: 0.0, Avg: 0.2, Max: 0.4, Diff: 0.3, Sum: 3.2]
      [GC Worker Total (ms): Min: 18.4, Avg: 18.6, Max: 19.0, Diff: 0.6, Sum: 335.7]
      [GC Worker End (ms): Min: 3101634.9, Avg: 3101635.0, Max: 3101635.2, Diff: 0.3]
   [Code Root Fixup: 0.0 ms]
   [Clear CT: 1.8 ms]
   [Other: 13.6 ms]
      [Choose CSet: 0.0 ms]
      [Ref Proc: 5.9 ms]
      [Ref Enq: 0.5 ms]
      [Free CSet: 6.4 ms]
   [Eden: 1801.0M(1801.0M)->0.0B(1794.0M) Survivors: 0.0B->7168.0K Heap: 1925.3M(2252.0M)->130.5M(2252.0M)]
 [Times: user=0.38 sys=0.00, real=0.03 secs] 

 Concurrent RS processed 2073814 cards
  Of 65441 completed buffers:
        65441 (100.0%) by conc RS threads.
            0 (  0.0%) by mutator threads.
  Conc RS threads times(s)
          0.00     0.00     0.00     0.00     0.00     0.00     0.00     0.00     0.00     0.00     0.00     0.00     0.00     0.00     0.00     0.00     0.00     0.00     0.00
  Total heap region rem set sizes = 6752K.  Max = 30K.
  Static structures = 369K, free_lists = 275K.
    316022 occupied cards represented.
    Max size region = 1:(O)[0x0000000763500000,0x00000007635ffff0,0x0000000763600000], size = 31K, occupied = 93K.
    Did 2841 coarsenings.
2014-08-01T09:48:08.531-0500: 3108.974: [GC pause (young) 3108.975: [G1Ergonomics (CSet Construction) start choosing CSet, _pending_cards: 5717, predicted base time: 23.45 ms, remaining time: 76.55 ms, target pause time: 100.00 ms]
 3108.975: [G1Ergonomics (CSet Construction) add young regions to CSet, eden: 1794 regions, survivors: 7 regions, predicted young region time: 13.44 ms]
 3108.975: [G1Ergonomics (CSet Construction) finish choosing CSet, eden: 1794 regions, survivors: 7 regions, old: 0 regions, predicted pause time: 36.89 ms, target pause time: 100.00 ms]
, 0.0343590 secs]
   [Parallel Time: 14.8 ms, GC Workers: 18]
      [GC Worker Start (ms): Min: 3108974.8, Avg: 3108974.9, Max: 3108975.1, Diff: 0.3]
      [Ext Root Scanning (ms): Min: 5.0, Avg: 6.5, Max: 8.9, Diff: 3.9, Sum: 116.8]
      [Update RS (ms): Min: 0.0, Avg: 1.3, Max: 3.4, Diff: 3.4, Sum: 23.3]
         [Processed Buffers: Min: 0, Avg: 8.7, Max: 25, Diff: 25, Sum: 157]
      [Scan RS (ms): Min: 0.2, Avg: 0.9, Max: 1.1, Diff: 0.8, Sum: 16.2]
      [Object Copy (ms): Min: 3.8, Avg: 4.8, Max: 5.8, Diff: 2.1, Sum: 86.7]
      [Termination (ms): Min: 0.0, Avg: 0.6, Max: 0.6, Diff: 0.6, Sum: 10.6]
      [GC Worker Other (ms): Min: 0.0, Avg: 0.2, Max: 0.3, Diff: 0.3, Sum: 3.1]
      [GC Worker Total (ms): Min: 14.0, Avg: 14.3, Max: 14.5, Diff: 0.5, Sum: 256.7]
      [GC Worker End (ms): Min: 3108989.1, Avg: 3108989.2, Max: 3108989.4, Diff: 0.3]
   [Code Root Fixup: 0.0 ms]
   [Clear CT: 2.0 ms]
   [Other: 17.5 ms]
      [Choose CSet: 0.0 ms]
      [Ref Proc: 11.5 ms]
      [Ref Enq: 0.7 ms]
      [Free CSet: 4.6 ms]
   [Eden: 1794.0M(1794.0M)->0.0B(1790.0M) Survivors: 7168.0K->11.0M Heap: 1924.5M(2252.0M)->135.0M(2252.0M)]
 [Times: user=0.37 sys=0.01, real=0.03 secs] 

 Concurrent RS processed 2075889 cards
  Of 65598 completed buffers:
        65598 (100.0%) by conc RS threads.
            0 (  0.0%) by mutator threads.
  Conc RS threads times(s)
          0.00     0.00     0.00     0.00     0.00     0.00     0.00     0.00     0.00     0.00     0.00     0.00     0.00     0.00     0.00     0.00     0.00     0.00     0.00
  Total heap region rem set sizes = 6753K.  Max = 30K.
  Static structures = 369K, free_lists = 275K.
    316126 occupied cards represented.
    Max size region = 1:(O)[0x0000000763500000,0x00000007635ffff0,0x0000000763600000], size = 31K, occupied = 93K.
    Did 2841 coarsenings.
2014-08-01T09:48:15.693-0500: 3116.136: [GC pause (young) 3116.136: [G1Ergonomics (CSet Construction) start choosing CSet, _pending_cards: 5575, predicted base time: 23.69 ms, remaining time: 76.31 ms, target pause time: 100.00 ms]
 3116.136: [G1Ergonomics (CSet Construction) add young regions to CSet, eden: 1790 regions, survivors: 11 regions, predicted young region time: 15.16 ms]
 3116.136: [G1Ergonomics (CSet Construction) finish choosing CSet, eden: 1790 regions, survivors: 11 regions, old: 0 regions, predicted pause time: 38.85 ms, target pause time: 100.00 ms]
, 0.0366970 secs]
   [Parallel Time: 17.1 ms, GC Workers: 18]
      [GC Worker Start (ms): Min: 3116136.5, Avg: 3116136.7, Max: 3116136.9, Diff: 0.4]
      [Ext Root Scanning (ms): Min: 6.5, Avg: 8.0, Max: 14.6, Diff: 8.1, Sum: 144.3]
      [Update RS (ms): Min: 0.0, Avg: 1.3, Max: 3.7, Diff: 3.7, Sum: 22.5]
         [Processed Buffers: Min: 0, Avg: 8.7, Max: 23, Diff: 23, Sum: 156]
      [Scan RS (ms): Min: 0.2, Avg: 0.9, Max: 1.1, Diff: 0.8, Sum: 15.5]
      [Object Copy (ms): Min: 1.0, Avg: 6.0, Max: 7.0, Diff: 5.9, Sum: 108.2]
      [Termination (ms): Min: 0.0, Avg: 0.1, Max: 0.1, Diff: 0.1, Sum: 1.7]
      [GC Worker Other (ms): Min: 0.0, Avg: 0.2, Max: 0.5, Diff: 0.4, Sum: 4.4]
      [GC Worker Total (ms): Min: 16.1, Avg: 16.5, Max: 16.9, Diff: 0.8, Sum: 296.7]
      [GC Worker End (ms): Min: 3116153.0, Avg: 3116153.2, Max: 3116153.4, Diff: 0.4]
   [Code Root Fixup: 0.0 ms]
   [Clear CT: 2.1 ms]
   [Other: 17.4 ms]
      [Choose CSet: 0.0 ms]
      [Ref Proc: 9.9 ms]
      [Ref Enq: 1.3 ms]
      [Free CSet: 5.5 ms]
   [Eden: 1790.0M(1790.0M)->0.0B(1784.0M) Survivors: 11.0M->17.0M Heap: 1925.0M(2252.0M)->140.6M(2252.0M)]
 [Times: user=0.37 sys=0.00, real=0.03 secs] 

 Concurrent RS processed 2077978 cards
  Of 65754 completed buffers:
        65754 (100.0%) by conc RS threads.
            0 (  0.0%) by mutator threads.
  Conc RS threads times(s)
          0.00     0.00     0.00     0.00     0.00     0.00     0.00     0.00     0.00     0.00     0.00     0.00     0.00     0.00     0.00     0.00     0.00     0.00     0.00
  Total heap region rem set sizes = 6754K.  Max = 30K.
  Static structures = 369K, free_lists = 275K.
    316240 occupied cards represented.
    Max size region = 1:(O)[0x0000000763500000,0x00000007635ffff0,0x0000000763600000], size = 31K, occupied = 93K.
    Did 2841 coarsenings.
2014-08-01T09:48:22.506-0500: 3122.949: [GC pause (young) 3122.949: [G1Ergonomics (CSet Construction) start choosing CSet, _pending_cards: 5544, predicted base time: 24.10 ms, remaining time: 75.90 ms, target pause time: 100.00 ms]
 3122.949: [G1Ergonomics (CSet Construction) add young regions to CSet, eden: 1784 regions, survivors: 17 regions, predicted young region time: 12.50 ms]
 3122.949: [G1Ergonomics (CSet Construction) finish choosing CSet, eden: 1784 regions, survivors: 17 regions, old: 0 regions, predicted pause time: 36.60 ms, target pause time: 100.00 ms]
, 0.0379060 secs]
   [Parallel Time: 20.2 ms, GC Workers: 18]
      [GC Worker Start (ms): Min: 3122949.6, Avg: 3122949.8, Max: 3122950.0, Diff: 0.4]
      [Ext Root Scanning (ms): Min: 6.4, Avg: 8.8, Max: 17.2, Diff: 10.8, Sum: 158.1]
      [Update RS (ms): Min: 0.0, Avg: 1.4, Max: 2.8, Diff: 2.8, Sum: 24.6]
         [Processed Buffers: Min: 0, Avg: 8.6, Max: 21, Diff: 21, Sum: 155]
      [Scan RS (ms): Min: 0.2, Avg: 0.8, Max: 1.1, Diff: 0.8, Sum: 15.2]
      [Object Copy (ms): Min: 1.3, Avg: 7.9, Max: 9.3, Diff: 8.1, Sum: 142.2]
      [Termination (ms): Min: 0.0, Avg: 0.6, Max: 1.1, Diff: 1.1, Sum: 10.0]
      [GC Worker Other (ms): Min: 0.0, Avg: 0.2, Max: 0.4, Diff: 0.3, Sum: 3.2]
      [GC Worker Total (ms): Min: 19.3, Avg: 19.6, Max: 20.1, Diff: 0.7, Sum: 353.4]
      [GC Worker End (ms): Min: 3122969.3, Avg: 3122969.4, Max: 3122969.8, Diff: 0.5]
   [Code Root Fixup: 0.0 ms]
   [Clear CT: 1.4 ms]
   [Other: 16.3 ms]
      [Choose CSet: 0.0 ms]
      [Ref Proc: 10.7 ms]
      [Ref Enq: 0.4 ms]
      [Free CSet: 4.4 ms]
   [Eden: 1784.0M(1784.0M)->0.0B(1786.0M) Survivors: 17.0M->15.0M Heap: 1924.6M(2252.0M)->139.2M(2252.0M)]
 [Times: user=0.36 sys=0.01, real=0.04 secs] 

 Concurrent RS processed 2080159 cards
  Of 65909 completed buffers:
        65909 (100.0%) by conc RS threads.
            0 (  0.0%) by mutator threads.
  Conc RS threads times(s)
          0.00     0.00     0.00     0.00     0.00     0.00     0.00     0.00     0.00     0.00     0.00     0.00     0.00     0.00     0.00     0.00     0.00     0.00     0.00
  Total heap region rem set sizes = 6754K.  Max = 30K.
  Static structures = 369K, free_lists = 275K.
    316342 occupied cards represented.
    Max size region = 1:(O)[0x0000000763500000,0x00000007635ffff0,0x0000000763600000], size = 31K, occupied = 93K.
    Did 2841 coarsenings.
2014-08-01T09:48:29.817-0500: 3130.260: [GC pause (young) 3130.260: [G1Ergonomics (CSet Construction) start choosing CSet, _pending_cards: 5321, predicted base time: 24.22 ms, remaining time: 75.78 ms, target pause time: 100.00 ms]
 3130.260: [G1Ergonomics (CSet Construction) add young regions to CSet, eden: 1786 regions, survivors: 15 regions, predicted young region time: 12.07 ms]
 3130.260: [G1Ergonomics (CSet Construction) finish choosing CSet, eden: 1786 regions, survivors: 15 regions, old: 0 regions, predicted pause time: 36.29 ms, target pause time: 100.00 ms]
, 0.0405660 secs]
   [Parallel Time: 26.1 ms, GC Workers: 18]
      [GC Worker Start (ms): Min: 3130260.5, Avg: 3130260.6, Max: 3130260.8, Diff: 0.3]
      [Ext Root Scanning (ms): Min: 5.5, Avg: 6.7, Max: 10.2, Diff: 4.8, Sum: 120.2]
      [Update RS (ms): Min: 0.0, Avg: 1.5, Max: 2.7, Diff: 2.7, Sum: 26.5]
         [Processed Buffers: Min: 0, Avg: 8.2, Max: 28, Diff: 28, Sum: 148]
      [Scan RS (ms): Min: 0.2, Avg: 0.8, Max: 1.1, Diff: 0.9, Sum: 14.0]
      [Object Copy (ms): Min: 10.7, Avg: 12.5, Max: 16.2, Diff: 5.6, Sum: 224.8]
      [Termination (ms): Min: 0.0, Avg: 4.0, Max: 4.6, Diff: 4.5, Sum: 71.8]
      [GC Worker Other (ms): Min: 0.0, Avg: 0.2, Max: 0.4, Diff: 0.3, Sum: 3.6]
      [GC Worker Total (ms): Min: 25.4, Avg: 25.6, Max: 25.9, Diff: 0.5, Sum: 460.8]
      [GC Worker End (ms): Min: 3130286.1, Avg: 3130286.2, Max: 3130286.4, Diff: 0.4]
   [Code Root Fixup: 0.0 ms]
   [Clear CT: 2.1 ms]
   [Other: 12.4 ms]
      [Choose CSet: 0.0 ms]
      [Ref Proc: 6.3 ms]
      [Ref Enq: 0.9 ms]
      [Free CSet: 4.6 ms]
   [Eden: 1786.0M(1786.0M)->0.0B(1786.0M) Survivors: 15.0M->15.0M Heap: 1925.2M(2252.0M)->138.7M(2252.0M)]
 [Times: user=0.51 sys=0.01, real=0.04 secs] 

 Concurrent RS processed 2082392 cards
  Of 66057 completed buffers:
        66057 (100.0%) by conc RS threads.
            0 (  0.0%) by mutator threads.
  Conc RS threads times(s)
          0.00     0.00     0.00     0.00     0.00     0.00     0.00     0.00     0.00     0.00     0.00     0.00     0.00     0.00     0.00     0.00     0.00     0.00     0.00
  Total heap region rem set sizes = 6755K.  Max = 30K.
  Static structures = 369K, free_lists = 274K.
    316464 occupied cards represented.
    Max size region = 1:(O)[0x0000000763500000,0x00000007635ffff0,0x0000000763600000], size = 31K, occupied = 93K.
    Did 2841 coarsenings.
2014-08-01T09:48:37.068-0500: 3137.511: [GC pause (young) 3137.511: [G1Ergonomics (CSet Construction) start choosing CSet, _pending_cards: 6251, predicted base time: 23.29 ms, remaining time: 76.71 ms, target pause time: 100.00 ms]
 3137.511: [G1Ergonomics (CSet Construction) add young regions to CSet, eden: 1786 regions, survivors: 15 regions, predicted young region time: 14.16 ms]
 3137.511: [G1Ergonomics (CSet Construction) finish choosing CSet, eden: 1786 regions, survivors: 15 regions, old: 0 regions, predicted pause time: 37.45 ms, target pause time: 100.00 ms]
, 0.0375920 secs]
   [Parallel Time: 18.6 ms, GC Workers: 18]
      [GC Worker Start (ms): Min: 3137511.4, Avg: 3137511.6, Max: 3137511.8, Diff: 0.3]
      [Ext Root Scanning (ms): Min: 5.0, Avg: 6.5, Max: 11.1, Diff: 6.1, Sum: 117.3]
      [Update RS (ms): Min: 0.0, Avg: 1.4, Max: 3.7, Diff: 3.7, Sum: 25.2]
         [Processed Buffers: Min: 0, Avg: 9.2, Max: 24, Diff: 24, Sum: 166]
      [Scan RS (ms): Min: 0.3, Avg: 1.0, Max: 2.9, Diff: 2.6, Sum: 17.2]
      [Object Copy (ms): Min: 6.3, Avg: 8.9, Max: 9.7, Diff: 3.4, Sum: 160.6]
      [Termination (ms): Min: 0.0, Avg: 0.1, Max: 0.1, Diff: 0.1, Sum: 1.4]
      [GC Worker Other (ms): Min: 0.1, Avg: 0.3, Max: 0.5, Diff: 0.4, Sum: 4.8]
      [GC Worker Total (ms): Min: 17.8, Avg: 18.1, Max: 18.4, Diff: 0.7, Sum: 326.5]
      [GC Worker End (ms): Min: 3137529.5, Avg: 3137529.7, Max: 3137529.9, Diff: 0.4]
   [Code Root Fixup: 0.0 ms]
   [Clear CT: 2.1 ms]
   [Other: 16.9 ms]
      [Choose CSet: 0.0 ms]
      [Ref Proc: 10.5 ms]
      [Ref Enq: 0.4 ms]
      [Free CSet: 5.1 ms]
   [Eden: 1786.0M(1786.0M)->0.0B(1779.0M) Survivors: 15.0M->22.0M Heap: 1924.7M(2252.0M)->146.0M(2252.0M)]
 [Times: user=0.43 sys=0.01, real=0.04 secs] 

 Concurrent RS processed 2084803 cards
  Of 66223 completed buffers:
        66223 (100.0%) by conc RS threads.
            0 (  0.0%) by mutator threads.
  Conc RS threads times(s)
          0.00     0.00     0.00     0.00     0.00     0.00     0.00     0.00     0.00     0.00     0.00     0.00     0.00     0.00     0.00     0.00     0.00     0.00     0.00
  Total heap region rem set sizes = 6757K.  Max = 30K.
  Static structures = 369K, free_lists = 274K.
    316631 occupied cards represented.
    Max size region = 1:(O)[0x0000000763500000,0x00000007635ffff0,0x0000000763600000], size = 31K, occupied = 93K.
    Did 2841 coarsenings.
2014-08-01T09:48:44.359-0500: 3144.802: [GC pause (young) 3144.802: [G1Ergonomics (CSet Construction) start choosing CSet, _pending_cards: 5841, predicted base time: 23.11 ms, remaining time: 76.89 ms, target pause time: 100.00 ms]
 3144.802: [G1Ergonomics (CSet Construction) add young regions to CSet, eden: 1779 regions, survivors: 22 regions, predicted young region time: 16.41 ms]
 3144.802: [G1Ergonomics (CSet Construction) finish choosing CSet, eden: 1779 regions, survivors: 22 regions, old: 0 regions, predicted pause time: 39.52 ms, target pause time: 100.00 ms]
, 0.0377670 secs]
   [Parallel Time: 22.2 ms, GC Workers: 18]
      [GC Worker Start (ms): Min: 3144802.5, Avg: 3144802.7, Max: 3144802.9, Diff: 0.3]
      [Ext Root Scanning (ms): Min: 5.3, Avg: 6.9, Max: 11.8, Diff: 6.4, Sum: 123.8]
      [Update RS (ms): Min: 0.0, Avg: 1.6, Max: 3.8, Diff: 3.8, Sum: 27.9]
         [Processed Buffers: Min: 0, Avg: 8.2, Max: 31, Diff: 31, Sum: 148]
      [Scan RS (ms): Min: 0.2, Avg: 0.9, Max: 1.2, Diff: 0.9, Sum: 15.9]
      [Object Copy (ms): Min: 8.7, Avg: 11.5, Max: 12.0, Diff: 3.3, Sum: 206.2]
      [Termination (ms): Min: 0.0, Avg: 0.3, Max: 0.8, Diff: 0.8, Sum: 4.7]
      [GC Worker Other (ms): Min: 0.0, Avg: 0.5, Max: 0.9, Diff: 0.9, Sum: 9.5]
      [GC Worker Total (ms): Min: 21.0, Avg: 21.6, Max: 22.1, Diff: 1.1, Sum: 388.1]
      [GC Worker End (ms): Min: 3144823.8, Avg: 3144824.3, Max: 3144824.7, Diff: 0.9]
   [Code Root Fixup: 0.0 ms]
   [Clear CT: 1.9 ms]
   [Other: 13.6 ms]
      [Choose CSet: 0.0 ms]
      [Ref Proc: 7.3 ms]
      [Ref Enq: 0.5 ms]
      [Free CSet: 5.0 ms]
   [Eden: 1779.0M(1779.0M)->0.0B(1785.0M) Survivors: 22.0M->16.0M Heap: 1925.0M(2252.0M)->140.3M(2252.0M)]
 [Times: user=0.45 sys=0.00, real=0.04 secs] 

 Concurrent RS processed 2087286 cards
  Of 66371 completed buffers:
        66371 (100.0%) by conc RS threads.
            0 (  0.0%) by mutator threads.
  Conc RS threads times(s)
          0.00     0.00     0.00     0.00     0.00     0.00     0.00     0.00     0.00     0.00     0.00     0.00     0.00     0.00     0.00     0.00     0.00     0.00     0.00
  Total heap region rem set sizes = 6761K.  Max = 30K.
  Static structures = 369K, free_lists = 273K.
    316743 occupied cards represented.
    Max size region = 1:(O)[0x0000000763500000,0x00000007635ffff0,0x0000000763600000], size = 31K, occupied = 93K.
    Did 2841 coarsenings.
2014-08-01T09:48:51.238-0500: 3151.681: [GC pause (young) 3151.681: [G1Ergonomics (CSet Construction) start choosing CSet, _pending_cards: 5510, predicted base time: 22.33 ms, remaining time: 77.67 ms, target pause time: 100.00 ms]
 3151.681: [G1Ergonomics (CSet Construction) add young regions to CSet, eden: 1785 regions, survivors: 16 regions, predicted young region time: 16.44 ms]
 3151.681: [G1Ergonomics (CSet Construction) finish choosing CSet, eden: 1785 regions, survivors: 16 regions, old: 0 regions, predicted pause time: 38.76 ms, target pause time: 100.00 ms]
, 0.0352740 secs]
   [Parallel Time: 19.7 ms, GC Workers: 18]
      [GC Worker Start (ms): Min: 3151681.4, Avg: 3151681.6, Max: 3151681.7, Diff: 0.4]
      [Ext Root Scanning (ms): Min: 5.5, Avg: 6.8, Max: 11.5, Diff: 6.0, Sum: 122.2]
      [Update RS (ms): Min: 0.0, Avg: 1.5, Max: 3.1, Diff: 3.1, Sum: 27.4]
         [Processed Buffers: Min: 0, Avg: 7.9, Max: 20, Diff: 20, Sum: 142]
      [Scan RS (ms): Min: 0.2, Avg: 0.8, Max: 1.0, Diff: 0.8, Sum: 14.6]
      [Object Copy (ms): Min: 6.9, Avg: 9.7, Max: 10.2, Diff: 3.3, Sum: 174.1]
      [Termination (ms): Min: 0.0, Avg: 0.1, Max: 0.1, Diff: 0.1, Sum: 1.8]
      [GC Worker Other (ms): Min: 0.1, Avg: 0.3, Max: 0.5, Diff: 0.4, Sum: 4.7]
      [GC Worker Total (ms): Min: 18.9, Avg: 19.2, Max: 19.4, Diff: 0.5, Sum: 344.8]
      [GC Worker End (ms): Min: 3151700.5, Avg: 3151700.7, Max: 3151700.9, Diff: 0.4]
   [Code Root Fixup: 0.0 ms]
   [Clear CT: 2.0 ms]
   [Other: 13.6 ms]
      [Choose CSet: 0.0 ms]
      [Ref Proc: 7.7 ms]
      [Ref Enq: 0.6 ms]
      [Free CSet: 4.5 ms]
   [Eden: 1785.0M(1785.0M)->0.0B(1784.0M) Survivors: 16.0M->17.0M Heap: 1925.3M(2252.0M)->140.5M(2252.0M)]
 [Times: user=0.40 sys=0.00, real=0.03 secs] 

 Concurrent RS processed 2089686 cards
  Of 66513 completed buffers:
        66513 (100.0%) by conc RS threads.
            0 (  0.0%) by mutator threads.
  Conc RS threads times(s)
          0.00     0.00     0.00     0.00     0.00     0.00     0.00     0.00     0.00     0.00     0.00     0.00     0.00     0.00     0.00     0.00     0.00     0.00     0.00
  Total heap region rem set sizes = 6761K.  Max = 30K.
  Static structures = 369K, free_lists = 273K.
    316831 occupied cards represented.
    Max size region = 1:(O)[0x0000000763500000,0x00000007635ffff0,0x0000000763600000], size = 31K, occupied = 93K.
    Did 2841 coarsenings.
2014-08-01T09:48:58.809-0500: 3159.252: [GC pause (young) 3159.252: [G1Ergonomics (CSet Construction) start choosing CSet, _pending_cards: 6033, predicted base time: 21.95 ms, remaining time: 78.05 ms, target pause time: 100.00 ms]
 3159.252: [G1Ergonomics (CSet Construction) add young regions to CSet, eden: 1784 regions, survivors: 17 regions, predicted young region time: 21.51 ms]
 3159.252: [G1Ergonomics (CSet Construction) finish choosing CSet, eden: 1784 regions, survivors: 17 regions, old: 0 regions, predicted pause time: 43.46 ms, target pause time: 100.00 ms]
, 0.0539910 secs]
   [Parallel Time: 22.4 ms, GC Workers: 18]
      [GC Worker Start (ms): Min: 3159252.2, Avg: 3159252.4, Max: 3159252.6, Diff: 0.4]
      [Ext Root Scanning (ms): Min: 4.7, Avg: 6.3, Max: 11.0, Diff: 6.3, Sum: 112.6]
      [Update RS (ms): Min: 0.0, Avg: 1.8, Max: 3.2, Diff: 3.2, Sum: 31.8]
         [Processed Buffers: Min: 0, Avg: 7.9, Max: 26, Diff: 26, Sum: 142]
      [Scan RS (ms): Min: 0.2, Avg: 0.8, Max: 1.1, Diff: 0.9, Sum: 15.2]
      [Object Copy (ms): Min: 7.1, Avg: 9.6, Max: 12.1, Diff: 5.0, Sum: 172.6]
      [Termination (ms): Min: 0.0, Avg: 2.8, Max: 3.9, Diff: 3.9, Sum: 50.2]
      [GC Worker Other (ms): Min: 0.0, Avg: 0.2, Max: 0.4, Diff: 0.4, Sum: 3.5]
      [GC Worker Total (ms): Min: 21.1, Avg: 21.4, Max: 22.3, Diff: 1.3, Sum: 385.9]
      [GC Worker End (ms): Min: 3159273.6, Avg: 3159273.8, Max: 3159274.6, Diff: 1.0]
   [Code Root Fixup: 0.0 ms]
   [Clear CT: 2.1 ms]
   [Other: 29.5 ms]
      [Choose CSet: 0.0 ms]
      [Ref Proc: 22.6 ms]
      [Ref Enq: 1.0 ms]
      [Free CSet: 5.1 ms]
   [Eden: 1784.0M(1784.0M)->0.0B(1776.0M) Survivors: 17.0M->25.0M Heap: 1924.5M(2252.0M)->149.1M(2252.0M)]
 [Times: user=0.63 sys=0.00, real=0.05 secs] 

 Concurrent RS processed 2092238 cards
  Of 66655 completed buffers:
        66655 (100.0%) by conc RS threads.
            0 (  0.0%) by mutator threads.
  Conc RS threads times(s)
          0.00     0.00     0.00     0.00     0.00     0.00     0.00     0.00     0.00     0.00     0.00     0.00     0.00     0.00     0.00     0.00     0.00     0.00     0.00
  Total heap region rem set sizes = 6762K.  Max = 30K.
  Static structures = 369K, free_lists = 273K.
    316915 occupied cards represented.
    Max size region = 1:(O)[0x0000000763500000,0x00000007635ffff0,0x0000000763600000], size = 31K, occupied = 93K.
    Did 2841 coarsenings.
2014-08-01T09:49:06.179-0500: 3166.622: [GC pause (young) 3166.622: [G1Ergonomics (CSet Construction) start choosing CSet, _pending_cards: 5559, predicted base time: 28.15 ms, remaining time: 71.85 ms, target pause time: 100.00 ms]
 3166.622: [G1Ergonomics (CSet Construction) add young regions to CSet, eden: 1776 regions, survivors: 25 regions, predicted young region time: 11.47 ms]
 3166.622: [G1Ergonomics (CSet Construction) finish choosing CSet, eden: 1776 regions, survivors: 25 regions, old: 0 regions, predicted pause time: 39.62 ms, target pause time: 100.00 ms]
, 0.0431200 secs]
   [Parallel Time: 26.2 ms, GC Workers: 18]
      [GC Worker Start (ms): Min: 3166622.5, Avg: 3166622.7, Max: 3166622.8, Diff: 0.3]
      [Ext Root Scanning (ms): Min: 6.7, Avg: 8.8, Max: 19.0, Diff: 12.2, Sum: 158.3]
      [Update RS (ms): Min: 0.0, Avg: 2.2, Max: 14.7, Diff: 14.7, Sum: 39.2]
         [Processed Buffers: Min: 0, Avg: 8.4, Max: 22, Diff: 22, Sum: 151]
      [Scan RS (ms): Min: 0.2, Avg: 0.8, Max: 1.1, Diff: 0.9, Sum: 14.2]
      [Object Copy (ms): Min: 3.4, Avg: 13.1, Max: 14.9, Diff: 11.6, Sum: 235.3]
      [Termination (ms): Min: 0.0, Avg: 0.6, Max: 0.8, Diff: 0.7, Sum: 11.3]
      [GC Worker Other (ms): Min: 0.0, Avg: 0.2, Max: 0.4, Diff: 0.4, Sum: 3.6]
      [GC Worker Total (ms): Min: 25.5, Avg: 25.7, Max: 25.9, Diff: 0.4, Sum: 462.0]
      [GC Worker End (ms): Min: 3166648.2, Avg: 3166648.3, Max: 3166648.5, Diff: 0.4]
   [Code Root Fixup: 0.0 ms]
   [Clear CT: 2.0 ms]
   [Other: 14.9 ms]
      [Choose CSet: 0.0 ms]
      [Ref Proc: 9.0 ms]
      [Ref Enq: 0.5 ms]
      [Free CSet: 4.7 ms]
   [Eden: 1776.0M(1776.0M)->0.0B(1783.0M) Survivors: 25.0M->18.0M Heap: 1925.1M(2252.0M)->141.9M(2252.0M)]
 [Times: user=0.47 sys=0.01, real=0.05 secs] 

 Concurrent RS processed 2094808 cards
  Of 66806 completed buffers:
        66806 (100.0%) by conc RS threads.
            0 (  0.0%) by mutator threads.
  Conc RS threads times(s)
          0.00     0.00     0.00     0.00     0.00     0.00     0.00     0.00     0.00     0.00     0.00     0.00     0.00     0.00     0.00     0.00     0.00     0.00     0.00
  Total heap region rem set sizes = 6765K.  Max = 30K.
  Static structures = 369K, free_lists = 272K.
    317118 occupied cards represented.
    Max size region = 1:(O)[0x0000000763500000,0x00000007635ffff0,0x0000000763600000], size = 31K, occupied = 93K.
    Did 2841 coarsenings.
2014-08-01T09:49:13.563-0500: 3174.006: [GC pause (young) 3174.007: [G1Ergonomics (CSet Construction) start choosing CSet, _pending_cards: 5564, predicted base time: 27.36 ms, remaining time: 72.64 ms, target pause time: 100.00 ms]
 3174.007: [G1Ergonomics (CSet Construction) add young regions to CSet, eden: 1783 regions, survivors: 18 regions, predicted young region time: 24.18 ms]
 3174.007: [G1Ergonomics (CSet Construction) finish choosing CSet, eden: 1783 regions, survivors: 18 regions, old: 0 regions, predicted pause time: 51.54 ms, target pause time: 100.00 ms]
, 0.0287010 secs]
   [Parallel Time: 17.7 ms, GC Workers: 18]
      [GC Worker Start (ms): Min: 3174006.7, Avg: 3174006.8, Max: 3174007.0, Diff: 0.3]
      [Ext Root Scanning (ms): Min: 3.8, Avg: 5.4, Max: 10.6, Diff: 6.8, Sum: 97.9]
      [Update RS (ms): Min: 0.0, Avg: 1.1, Max: 2.9, Diff: 2.9, Sum: 19.4]
         [Processed Buffers: Min: 0, Avg: 7.9, Max: 30, Diff: 30, Sum: 142]
      [Scan RS (ms): Min: 0.2, Avg: 0.5, Max: 0.8, Diff: 0.6, Sum: 8.5]
      [Object Copy (ms): Min: 1.6, Avg: 6.0, Max: 10.6, Diff: 8.9, Sum: 107.3]
      [Termination (ms): Min: 0.0, Avg: 4.1, Max: 4.4, Diff: 4.4, Sum: 74.6]
      [GC Worker Other (ms): Min: 0.0, Avg: 0.1, Max: 0.3, Diff: 0.3, Sum: 2.4]
      [GC Worker Total (ms): Min: 17.0, Avg: 17.2, Max: 17.5, Diff: 0.5, Sum: 310.1]
      [GC Worker End (ms): Min: 3174023.9, Avg: 3174024.1, Max: 3174024.2, Diff: 0.3]
   [Code Root Fixup: 0.0 ms]
   [Clear CT: 1.7 ms]
   [Other: 9.3 ms]
      [Choose CSet: 0.0 ms]
      [Ref Proc: 5.5 ms]
      [Ref Enq: 0.3 ms]
      [Free CSet: 3.0 ms]
   [Eden: 1783.0M(1783.0M)->0.0B(1785.0M) Survivors: 18.0M->16.0M Heap: 1924.9M(2252.0M)->140.0M(2252.0M)]
 [Times: user=0.35 sys=0.00, real=0.03 secs] 

 Concurrent RS processed 2097502 cards
  Of 66948 completed buffers:
        66948 (100.0%) by conc RS threads.
            0 (  0.0%) by mutator threads.
  Conc RS threads times(s)
          0.00     0.00     0.00     0.00     0.00     0.00     0.00     0.00     0.00     0.00     0.00     0.00     0.00     0.00     0.00     0.00     0.00     0.00     0.00
  Total heap region rem set sizes = 6765K.  Max = 30K.
  Static structures = 369K, free_lists = 272K.
    317079 occupied cards represented.
    Max size region = 1:(O)[0x0000000763500000,0x00000007635ffff0,0x0000000763600000], size = 31K, occupied = 93K.
    Did 2841 coarsenings.
2014-08-01T09:49:20.916-0500: 3181.359: [GC pause (young) 3181.360: [G1Ergonomics (CSet Construction) start choosing CSet, _pending_cards: 5783, predicted base time: 24.77 ms, remaining time: 75.23 ms, target pause time: 100.00 ms]
 3181.360: [G1Ergonomics (CSet Construction) add young regions to CSet, eden: 1785 regions, survivors: 16 regions, predicted young region time: 10.80 ms]
 3181.360: [G1Ergonomics (CSet Construction) finish choosing CSet, eden: 1785 regions, survivors: 16 regions, old: 0 regions, predicted pause time: 35.57 ms, target pause time: 100.00 ms]
, 0.0512060 secs]
   [Parallel Time: 30.9 ms, GC Workers: 18]
      [GC Worker Start (ms): Min: 3181359.9, Avg: 3181360.1, Max: 3181360.3, Diff: 0.4]
      [Ext Root Scanning (ms): Min: 7.3, Avg: 9.6, Max: 15.5, Diff: 8.2, Sum: 172.8]
      [Update RS (ms): Min: 0.0, Avg: 1.7, Max: 3.2, Diff: 3.2, Sum: 30.0]
         [Processed Buffers: Min: 0, Avg: 8.2, Max: 32, Diff: 32, Sum: 147]
      [Scan RS (ms): Min: 0.2, Avg: 0.8, Max: 1.1, Diff: 0.9, Sum: 13.6]
      [Object Copy (ms): Min: 9.6, Avg: 11.0, Max: 13.2, Diff: 3.6, Sum: 198.3]
      [Termination (ms): Min: 0.1, Avg: 6.5, Max: 7.8, Diff: 7.7, Sum: 116.4]
      [GC Worker Other (ms): Min: 0.0, Avg: 0.2, Max: 0.3, Diff: 0.3, Sum: 2.8]
      [GC Worker Total (ms): Min: 29.3, Avg: 29.7, Max: 30.7, Diff: 1.4, Sum: 533.9]
      [GC Worker End (ms): Min: 3181389.6, Avg: 3181389.8, Max: 3181390.7, Diff: 1.1]
   [Code Root Fixup: 0.0 ms]
   [Clear CT: 3.4 ms]
   [Other: 16.9 ms]
      [Choose CSet: 0.0 ms]
      [Ref Proc: 10.7 ms]
      [Ref Enq: 0.4 ms]
      [Free CSet: 4.9 ms]
   [Eden: 1785.0M(1785.0M)->0.0B(1775.0M) Survivors: 16.0M->26.0M Heap: 1925.0M(2252.0M)->150.1M(2252.0M)]
 [Times: user=0.54 sys=0.00, real=0.05 secs] 

 Concurrent RS processed 2100099 cards
  Of 67095 completed buffers:
        67095 (100.0%) by conc RS threads.
            0 (  0.0%) by mutator threads.
  Conc RS threads times(s)
          0.00     0.00     0.00     0.00     0.00     0.00     0.00     0.00     0.00     0.00     0.00     0.00     0.00     0.00     0.00     0.00     0.00     0.00     0.00
  Total heap region rem set sizes = 6766K.  Max = 30K.
  Static structures = 369K, free_lists = 272K.
    317151 occupied cards represented.
    Max size region = 1:(O)[0x0000000763500000,0x00000007635ffff0,0x0000000763600000], size = 31K, occupied = 93K.
    Did 2841 coarsenings.
2014-08-01T09:49:27.874-0500: 3188.318: [GC pause (young) 3188.318: [G1Ergonomics (CSet Construction) start choosing CSet, _pending_cards: 6008, predicted base time: 26.41 ms, remaining time: 73.59 ms, target pause time: 100.00 ms]
 3188.318: [G1Ergonomics (CSet Construction) add young regions to CSet, eden: 1775 regions, survivors: 26 regions, predicted young region time: 12.66 ms]
 3188.318: [G1Ergonomics (CSet Construction) finish choosing CSet, eden: 1775 regions, survivors: 26 regions, old: 0 regions, predicted pause time: 39.07 ms, target pause time: 100.00 ms]
, 0.0524720 secs]
   [Parallel Time: 20.0 ms, GC Workers: 18]
      [GC Worker Start (ms): Min: 3188318.1, Avg: 3188318.2, Max: 3188318.4, Diff: 0.3]
      [Ext Root Scanning (ms): Min: 6.0, Avg: 7.4, Max: 16.1, Diff: 10.1, Sum: 133.2]
      [Update RS (ms): Min: 0.0, Avg: 1.8, Max: 2.8, Diff: 2.8, Sum: 31.8]
         [Processed Buffers: Min: 0, Avg: 7.9, Max: 23, Diff: 23, Sum: 143]
      [Scan RS (ms): Min: 0.3, Avg: 0.8, Max: 1.2, Diff: 0.9, Sum: 14.6]
      [Object Copy (ms): Min: 1.9, Avg: 8.8, Max: 9.7, Diff: 7.9, Sum: 157.6]
      [Termination (ms): Min: 0.0, Avg: 0.3, Max: 1.0, Diff: 1.0, Sum: 6.0]
      [GC Worker Other (ms): Min: 0.0, Avg: 0.3, Max: 0.6, Diff: 0.5, Sum: 5.3]
      [GC Worker Total (ms): Min: 19.0, Avg: 19.4, Max: 19.7, Diff: 0.7, Sum: 348.5]
      [GC Worker End (ms): Min: 3188337.3, Avg: 3188337.6, Max: 3188338.0, Diff: 0.7]
   [Code Root Fixup: 0.0 ms]
   [Clear CT: 2.3 ms]
   [Other: 30.1 ms]
      [Choose CSet: 0.0 ms]
      [Ref Proc: 23.4 ms]
      [Ref Enq: 0.5 ms]
      [Free CSet: 5.4 ms]
   [Eden: 1775.0M(1775.0M)->0.0B(1781.0M) Survivors: 26.0M->20.0M Heap: 1925.1M(2252.0M)->143.9M(2252.0M)]
 [Times: user=0.60 sys=0.02, real=0.05 secs] 

 Concurrent RS processed 2102692 cards
  Of 67238 completed buffers:
        67238 (100.0%) by conc RS threads.
            0 (  0.0%) by mutator threads.
  Conc RS threads times(s)
          0.00     0.00     0.00     0.00     0.00     0.00     0.00     0.00     0.00     0.00     0.00     0.00     0.00     0.00     0.00     0.00     0.00     0.00     0.00
  Total heap region rem set sizes = 6767K.  Max = 30K.
  Static structures = 369K, free_lists = 272K.
    317213 occupied cards represented.
    Max size region = 1:(O)[0x0000000763500000,0x00000007635ffff0,0x0000000763600000], size = 31K, occupied = 93K.
    Did 2841 coarsenings.
2014-08-01T09:49:34.963-0500: 3195.406: [GC pause (young) 3195.407: [G1Ergonomics (CSet Construction) start choosing CSet, _pending_cards: 5544, predicted base time: 30.98 ms, remaining time: 69.02 ms, target pause time: 100.00 ms]
 3195.407: [G1Ergonomics (CSet Construction) add young regions to CSet, eden: 1781 regions, survivors: 20 regions, predicted young region time: 18.41 ms]
 3195.407: [G1Ergonomics (CSet Construction) finish choosing CSet, eden: 1781 regions, survivors: 20 regions, old: 0 regions, predicted pause time: 49.39 ms, target pause time: 100.00 ms]
, 0.0360500 secs]
   [Parallel Time: 20.9 ms, GC Workers: 18]
      [GC Worker Start (ms): Min: 3195406.9, Avg: 3195407.1, Max: 3195407.3, Diff: 0.3]
      [Ext Root Scanning (ms): Min: 6.9, Avg: 7.8, Max: 12.3, Diff: 5.4, Sum: 140.1]
      [Update RS (ms): Min: 0.0, Avg: 1.8, Max: 3.6, Diff: 3.6, Sum: 33.2]
         [Processed Buffers: Min: 0, Avg: 8.4, Max: 29, Diff: 29, Sum: 152]
      [Scan RS (ms): Min: 0.2, Avg: 0.8, Max: 1.0, Diff: 0.8, Sum: 14.0]
      [Object Copy (ms): Min: 7.2, Avg: 9.3, Max: 9.9, Diff: 2.7, Sum: 167.3]
      [Termination (ms): Min: 0.0, Avg: 0.4, Max: 0.4, Diff: 0.4, Sum: 7.3]
      [GC Worker Other (ms): Min: 0.0, Avg: 0.2, Max: 0.4, Diff: 0.3, Sum: 3.5]
      [GC Worker Total (ms): Min: 20.0, Avg: 20.3, Max: 20.6, Diff: 0.6, Sum: 365.4]
      [GC Worker End (ms): Min: 3195427.2, Avg: 3195427.4, Max: 3195427.6, Diff: 0.4]
   [Code Root Fixup: 0.0 ms]
   [Clear CT: 1.9 ms]
   [Other: 13.3 ms]
      [Choose CSet: 0.0 ms]
      [Ref Proc: 6.9 ms]
      [Ref Enq: 0.5 ms]
      [Free CSet: 5.1 ms]
   [Eden: 1781.0M(1781.0M)->0.0B(1781.0M) Survivors: 20.0M->20.0M Heap: 1924.9M(2252.0M)->144.2M(2252.0M)]
 [Times: user=0.41 sys=0.00, real=0.04 secs] 

 Concurrent RS processed 2105363 cards
  Of 67390 completed buffers:
        67390 (100.0%) by conc RS threads.
            0 (  0.0%) by mutator threads.
  Conc RS threads times(s)
          0.00     0.00     0.00     0.00     0.00     0.00     0.00     0.00     0.00     0.00     0.00     0.00     0.00     0.00     0.00     0.00     0.00     0.00     0.00
  Total heap region rem set sizes = 6767K.  Max = 30K.
  Static structures = 369K, free_lists = 271K.
    317289 occupied cards represented.
    Max size region = 1:(O)[0x0000000763500000,0x00000007635ffff0,0x0000000763600000], size = 31K, occupied = 93K.
    Did 2841 coarsenings.
2014-08-01T09:49:41.808-0500: 3202.251: [GC pause (young) 3202.251: [G1Ergonomics (CSet Construction) start choosing CSet, _pending_cards: 5759, predicted base time: 28.67 ms, remaining time: 71.33 ms, target pause time: 100.00 ms]
 3202.251: [G1Ergonomics (CSet Construction) add young regions to CSet, eden: 1781 regions, survivors: 20 regions, predicted young region time: 15.08 ms]
 3202.251: [G1Ergonomics (CSet Construction) finish choosing CSet, eden: 1781 regions, survivors: 20 regions, old: 0 regions, predicted pause time: 43.75 ms, target pause time: 100.00 ms]
, 0.0352480 secs]
   [Parallel Time: 21.0 ms, GC Workers: 18]
      [GC Worker Start (ms): Min: 3202251.2, Avg: 3202251.4, Max: 3202251.6, Diff: 0.4]
      [Ext Root Scanning (ms): Min: 6.3, Avg: 7.7, Max: 12.2, Diff: 5.9, Sum: 138.5]
      [Update RS (ms): Min: 0.0, Avg: 2.1, Max: 11.0, Diff: 11.0, Sum: 37.2]
         [Processed Buffers: Min: 0, Avg: 8.1, Max: 32, Diff: 32, Sum: 145]
      [Scan RS (ms): Min: 0.3, Avg: 0.9, Max: 1.1, Diff: 0.8, Sum: 15.6]
      [Object Copy (ms): Min: 1.5, Avg: 7.1, Max: 8.1, Diff: 6.6, Sum: 128.5]
      [Termination (ms): Min: 0.0, Avg: 2.7, Max: 3.0, Diff: 3.0, Sum: 47.8]
      [GC Worker Other (ms): Min: 0.0, Avg: 0.2, Max: 0.3, Diff: 0.3, Sum: 3.0]
      [GC Worker Total (ms): Min: 20.3, Avg: 20.6, Max: 20.8, Diff: 0.5, Sum: 370.7]
      [GC Worker End (ms): Min: 3202271.9, Avg: 3202272.0, Max: 3202272.2, Diff: 0.3]
   [Code Root Fixup: 0.0 ms]
   [Clear CT: 1.8 ms]
   [Other: 12.5 ms]
      [Choose CSet: 0.0 ms]
      [Ref Proc: 6.3 ms]
      [Ref Enq: 0.5 ms]
      [Free CSet: 5.0 ms]
   [Eden: 1781.0M(1781.0M)->0.0B(1777.0M) Survivors: 20.0M->24.0M Heap: 1925.2M(2252.0M)->148.3M(2252.0M)]
 [Times: user=0.40 sys=0.01, real=0.03 secs] 

 Concurrent RS processed 2107985 cards
  Of 67535 completed buffers:
        67535 (100.0%) by conc RS threads.
            0 (  0.0%) by mutator threads.
  Conc RS threads times(s)
          0.00     0.00     0.00     0.00     0.00     0.00     0.00     0.00     0.00     0.00     0.00     0.00     0.00     0.00     0.00     0.00     0.00     0.00     0.00
  Total heap region rem set sizes = 6769K.  Max = 30K.
  Static structures = 369K, free_lists = 271K.
    317451 occupied cards represented.
    Max size region = 1:(O)[0x0000000763500000,0x00000007635ffff0,0x0000000763600000], size = 31K, occupied = 93K.
    Did 2841 coarsenings.
2014-08-01T09:49:49.635-0500: 3210.078: [GC pause (young) 3210.078: [G1Ergonomics (CSet Construction) start choosing CSet, _pending_cards: 5775, predicted base time: 26.62 ms, remaining time: 73.38 ms, target pause time: 100.00 ms]
 3210.078: [G1Ergonomics (CSet Construction) add young regions to CSet, eden: 1777 regions, survivors: 24 regions, predicted young region time: 17.82 ms]
 3210.078: [G1Ergonomics (CSet Construction) finish choosing CSet, eden: 1777 regions, survivors: 24 regions, old: 0 regions, predicted pause time: 44.44 ms, target pause time: 100.00 ms]
, 0.0366970 secs]
   [Parallel Time: 19.2 ms, GC Workers: 18]
      [GC Worker Start (ms): Min: 3210078.4, Avg: 3210078.6, Max: 3210078.8, Diff: 0.3]
      [Ext Root Scanning (ms): Min: 5.0, Avg: 6.7, Max: 11.1, Diff: 6.1, Sum: 120.5]
      [Update RS (ms): Min: 0.0, Avg: 1.7, Max: 3.8, Diff: 3.8, Sum: 29.9]
         [Processed Buffers: Min: 0, Avg: 7.9, Max: 30, Diff: 30, Sum: 143]
      [Scan RS (ms): Min: 0.2, Avg: 0.8, Max: 1.1, Diff: 0.8, Sum: 14.3]
      [Object Copy (ms): Min: 6.1, Avg: 8.2, Max: 8.9, Diff: 2.8, Sum: 146.8]
      [Termination (ms): Min: 0.0, Avg: 0.0, Max: 0.1, Diff: 0.1, Sum: 0.7]
      [GC Worker Other (ms): Min: 0.1, Avg: 0.2, Max: 0.4, Diff: 0.4, Sum: 4.3]
      [GC Worker Total (ms): Min: 17.3, Avg: 17.6, Max: 17.9, Diff: 0.6, Sum: 316.5]
      [GC Worker End (ms): Min: 3210096.0, Avg: 3210096.2, Max: 3210096.3, Diff: 0.4]
   [Code Root Fixup: 0.0 ms]
   [Clear CT: 2.1 ms]
   [Other: 15.5 ms]
      [Choose CSet: 0.0 ms]
      [Ref Proc: 9.3 ms]
      [Ref Enq: 0.5 ms]
      [Free CSet: 5.1 ms]
   [Eden: 1777.0M(1777.0M)->0.0B(1785.0M) Survivors: 24.0M->16.0M Heap: 1925.3M(2252.0M)->142.5M(2252.0M)]
 [Times: user=0.42 sys=0.01, real=0.04 secs] 

 Concurrent RS processed 2110704 cards
  Of 67678 completed buffers:
        67678 (100.0%) by conc RS threads.
            0 (  0.0%) by mutator threads.
  Conc RS threads times(s)
          0.00     0.00     0.00     0.00     0.00     0.00     0.00     0.00     0.00     0.00     0.00     0.00     0.00     0.00     0.00     0.00     0.00     0.00     0.00
  Total heap region rem set sizes = 6768K.  Max = 30K.
  Static structures = 369K, free_lists = 271K.
    317416 occupied cards represented.
    Max size region = 1:(O)[0x0000000763500000,0x00000007635ffff0,0x0000000763600000], size = 31K, occupied = 93K.
    Did 2841 coarsenings.
2014-08-01T09:49:56.846-0500: 3217.290: [GC pause (young) 3217.290: [G1Ergonomics (CSet Construction) start choosing CSet, _pending_cards: 6506, predicted base time: 26.04 ms, remaining time: 73.96 ms, target pause time: 100.00 ms]
 3217.290: [G1Ergonomics (CSet Construction) add young regions to CSet, eden: 1785 regions, survivors: 16 regions, predicted young region time: 14.21 ms]
 3217.290: [G1Ergonomics (CSet Construction) finish choosing CSet, eden: 1785 regions, survivors: 16 regions, old: 0 regions, predicted pause time: 40.24 ms, target pause time: 100.00 ms]
, 0.0394570 secs]
   [Parallel Time: 23.5 ms, GC Workers: 18]
      [GC Worker Start (ms): Min: 3217290.3, Avg: 3217290.5, Max: 3217290.7, Diff: 0.3]
      [Ext Root Scanning (ms): Min: 5.2, Avg: 6.9, Max: 14.0, Diff: 8.8, Sum: 123.4]
      [Update RS (ms): Min: 0.0, Avg: 2.0, Max: 3.3, Diff: 3.3, Sum: 35.3]
         [Processed Buffers: Min: 0, Avg: 8.1, Max: 31, Diff: 31, Sum: 145]
      [Scan RS (ms): Min: 0.3, Avg: 0.8, Max: 1.0, Diff: 0.7, Sum: 15.0]
      [Object Copy (ms): Min: 4.6, Avg: 9.5, Max: 13.8, Diff: 9.3, Sum: 171.5]
      [Termination (ms): Min: 0.0, Avg: 3.3, Max: 4.3, Diff: 4.2, Sum: 59.1]
      [GC Worker Other (ms): Min: 0.0, Avg: 0.2, Max: 0.4, Diff: 0.3, Sum: 3.3]
      [GC Worker Total (ms): Min: 22.3, Avg: 22.6, Max: 23.4, Diff: 1.1, Sum: 407.7]
      [GC Worker End (ms): Min: 3217312.9, Avg: 3217313.1, Max: 3217313.7, Diff: 0.8]
   [Code Root Fixup: 0.0 ms]
   [Clear CT: 2.0 ms]
   [Other: 13.9 ms]
      [Choose CSet: 0.1 ms]
      [Ref Proc: 7.6 ms]
      [Ref Enq: 0.5 ms]
      [Free CSet: 5.0 ms]
   [Eden: 1785.0M(1785.0M)->0.0B(1787.0M) Survivors: 16.0M->14.0M Heap: 1927.5M(2252.0M)->140.7M(2252.0M)]
 [Times: user=0.47 sys=0.00, real=0.04 secs] 

 Concurrent RS processed 2113695 cards
  Of 67823 completed buffers:
        67823 (100.0%) by conc RS threads.
            0 (  0.0%) by mutator threads.
  Conc RS threads times(s)
          0.00     0.00     0.00     0.00     0.00     0.00     0.00     0.00     0.00     0.00     0.00     0.00     0.00     0.00     0.00     0.00     0.00     0.00     0.00
  Total heap region rem set sizes = 6797K.  Max = 31K.
  Static structures = 369K, free_lists = 262K.
    319547 occupied cards represented.
    Max size region = 1:(O)[0x0000000763500000,0x00000007635ffff0,0x0000000763600000], size = 32K, occupied = 93K.
    Did 2841 coarsenings.
2014-08-01T09:50:04.205-0500: 3224.649: [GC pause (young) 3224.649: [G1Ergonomics (CSet Construction) start choosing CSet, _pending_cards: 5531, predicted base time: 24.49 ms, remaining time: 75.51 ms, target pause time: 100.00 ms]
 3224.649: [G1Ergonomics (CSet Construction) add young regions to CSet, eden: 1787 regions, survivors: 14 regions, predicted young region time: 20.01 ms]
 3224.649: [G1Ergonomics (CSet Construction) finish choosing CSet, eden: 1787 regions, survivors: 14 regions, old: 0 regions, predicted pause time: 44.50 ms, target pause time: 100.00 ms]
, 0.0394430 secs]
   [Parallel Time: 22.9 ms, GC Workers: 18]
      [GC Worker Start (ms): Min: 3224649.2, Avg: 3224649.4, Max: 3224649.6, Diff: 0.4]
      [Ext Root Scanning (ms): Min: 6.2, Avg: 7.4, Max: 12.1, Diff: 5.9, Sum: 133.6]
      [Update RS (ms): Min: 0.0, Avg: 2.0, Max: 4.4, Diff: 4.4, Sum: 36.4]
         [Processed Buffers: Min: 0, Avg: 7.8, Max: 25, Diff: 25, Sum: 140]
      [Scan RS (ms): Min: 0.2, Avg: 0.9, Max: 1.1, Diff: 0.8, Sum: 15.5]
      [Object Copy (ms): Min: 9.3, Avg: 11.6, Max: 13.2, Diff: 3.9, Sum: 208.4]
      [Termination (ms): Min: 0.0, Avg: 0.3, Max: 0.3, Diff: 0.3, Sum: 4.6]
      [GC Worker Other (ms): Min: 0.0, Avg: 0.2, Max: 0.4, Diff: 0.3, Sum: 3.3]
      [GC Worker Total (ms): Min: 22.0, Avg: 22.3, Max: 22.6, Diff: 0.6, Sum: 401.8]
      [GC Worker End (ms): Min: 3224671.5, Avg: 3224671.7, Max: 3224671.9, Diff: 0.4]
   [Code Root Fixup: 0.0 ms]
   [Clear CT: 2.0 ms]
   [Other: 14.5 ms]
      [Choose CSet: 0.0 ms]
      [Ref Proc: 7.7 ms]
      [Ref Enq: 1.3 ms]
      [Free CSet: 4.9 ms]
   [Eden: 1787.0M(1787.0M)->0.0B(1780.0M) Survivors: 14.0M->21.0M Heap: 1927.7M(2252.0M)->148.5M(2252.0M)]
 [Times: user=0.46 sys=0.01, real=0.04 secs] 

 Concurrent RS processed 2116568 cards
  Of 67963 completed buffers:
        67963 (100.0%) by conc RS threads.
            0 (  0.0%) by mutator threads.
  Conc RS threads times(s)
          0.00     0.00     0.00     0.00     0.00     0.00     0.00     0.00     0.00     0.00     0.00     0.00     0.00     0.00     0.00     0.00     0.00     0.00     0.00
  Total heap region rem set sizes = 6809K.  Max = 32K.
  Static structures = 369K, free_lists = 259K.
    320945 occupied cards represented.
    Max size region = 1:(O)[0x0000000763500000,0x00000007635ffff0,0x0000000763600000], size = 33K, occupied = 93K.
    Did 2841 coarsenings.
2014-08-01T09:50:10.532-0500: 3230.975: [GC pause (young) 3230.976: [G1Ergonomics (CSet Construction) start choosing CSet, _pending_cards: 109077, predicted base time: 59.26 ms, remaining time: 40.74 ms, target pause time: 100.00 ms]
 3230.976: [G1Ergonomics (CSet Construction) add young regions to CSet, eden: 1555 regions, survivors: 21 regions, predicted young region time: 141.88 ms]
 3230.976: [G1Ergonomics (CSet Construction) finish choosing CSet, eden: 1555 regions, survivors: 21 regions, old: 0 regions, predicted pause time: 201.14 ms, target pause time: 100.00 ms]
, 0.0450150 secs]
   [Parallel Time: 33.2 ms, GC Workers: 18]
      [GC Worker Start (ms): Min: 3230975.7, Avg: 3230975.9, Max: 3230976.0, Diff: 0.2]
      [Ext Root Scanning (ms): Min: 3.6, Avg: 4.8, Max: 6.5, Diff: 2.9, Sum: 85.7]
      [Update RS (ms): Min: 14.2, Avg: 16.6, Max: 23.8, Diff: 9.5, Sum: 298.7]
         [Processed Buffers: Min: 20, Avg: 31.6, Max: 50, Diff: 30, Sum: 568]
      [Scan RS (ms): Min: 0.4, Avg: 1.2, Max: 3.4, Diff: 3.0, Sum: 21.4]
      [Object Copy (ms): Min: 0.8, Avg: 4.9, Max: 9.6, Diff: 8.8, Sum: 88.7]
      [Termination (ms): Min: 0.0, Avg: 4.4, Max: 4.7, Diff: 4.7, Sum: 78.4]
      [GC Worker Other (ms): Min: 0.0, Avg: 0.6, Max: 1.2, Diff: 1.1, Sum: 11.5]
      [GC Worker Total (ms): Min: 31.8, Avg: 32.5, Max: 33.0, Diff: 1.2, Sum: 584.4]
      [GC Worker End (ms): Min: 3231007.7, Avg: 3231008.3, Max: 3231008.8, Diff: 1.1]
   [Code Root Fixup: 0.0 ms]
   [Clear CT: 1.5 ms]
   [Other: 10.3 ms]
      [Choose CSet: 0.0 ms]
      [Ref Proc: 6.7 ms]
      [Ref Enq: 0.3 ms]
      [Free CSet: 2.8 ms]
   [Eden: 1555.0M(1555.0M)->0.0B(1745.0M) Survivors: 21.0M->17.0M Heap: 1793.9M(2252.0M)->234.4M(2252.0M)]
 [Times: user=0.58 sys=0.00, real=0.04 secs] 

 Concurrent RS processed 2208823 cards
  Of 68853 completed buffers:
        68853 (100.0%) by conc RS threads.
            0 (  0.0%) by mutator threads.
  Conc RS threads times(s)
          0.00     0.00     0.00     0.00     0.00     0.00     0.00     0.00     0.00     0.00     0.00     0.00     0.00     0.00     0.00     0.00     0.00     0.00     0.00
  Total heap region rem set sizes = 6603K.  Max = 32K.
  Static structures = 369K, free_lists = 258K.
    321334 occupied cards represented.
    Max size region = 1:(O)[0x0000000763500000,0x00000007635ffff0,0x0000000763600000], size = 33K, occupied = 93K.
    Did 2841 coarsenings.
2014-08-01T09:50:17.731-0500: 3238.175: [GC pause (young) 3238.175: [G1Ergonomics (CSet Construction) start choosing CSet, _pending_cards: 5197, predicted base time: 22.13 ms, remaining time: 77.87 ms, target pause time: 100.00 ms]
 3238.175: [G1Ergonomics (CSet Construction) add young regions to CSet, eden: 1745 regions, survivors: 17 regions, predicted young region time: 17.33 ms]
 3238.175: [G1Ergonomics (CSet Construction) finish choosing CSet, eden: 1745 regions, survivors: 17 regions, old: 0 regions, predicted pause time: 39.45 ms, target pause time: 100.00 ms]
, 0.0327280 secs]
   [Parallel Time: 16.1 ms, GC Workers: 18]
      [GC Worker Start (ms): Min: 3238175.1, Avg: 3238175.2, Max: 3238175.4, Diff: 0.3]
      [Ext Root Scanning (ms): Min: 3.7, Avg: 5.0, Max: 6.6, Diff: 2.9, Sum: 89.2]
      [Update RS (ms): Min: 0.0, Avg: 1.0, Max: 2.4, Diff: 2.4, Sum: 17.9]
         [Processed Buffers: Min: 0, Avg: 7.3, Max: 37, Diff: 37, Sum: 131]
      [Scan RS (ms): Min: 0.2, Avg: 0.5, Max: 0.9, Diff: 0.7, Sum: 8.7]
      [Object Copy (ms): Min: 8.2, Avg: 8.8, Max: 9.1, Diff: 0.9, Sum: 159.2]
      [Termination (ms): Min: 0.0, Avg: 0.2, Max: 0.2, Diff: 0.2, Sum: 3.4]
      [GC Worker Other (ms): Min: 0.0, Avg: 0.2, Max: 0.4, Diff: 0.3, Sum: 3.1]
      [GC Worker Total (ms): Min: 15.4, Avg: 15.6, Max: 15.9, Diff: 0.5, Sum: 281.6]
      [GC Worker End (ms): Min: 3238190.8, Avg: 3238190.9, Max: 3238191.1, Diff: 0.3]
   [Code Root Fixup: 0.0 ms]
   [Clear CT: 2.3 ms]
   [Other: 14.3 ms]
      [Choose CSet: 0.0 ms]
      [Ref Proc: 7.1 ms]
      [Ref Enq: 0.6 ms]
      [Free CSet: 5.9 ms]
   [Eden: 1745.0M(1745.0M)->0.0B(1751.0M) Survivors: 17.0M->14.0M Heap: 1979.4M(2252.0M)->231.6M(2252.0M)]
 [Times: user=0.33 sys=0.00, real=0.03 secs] 

 Concurrent RS processed 2211459 cards
  Of 68984 completed buffers:
        68984 (100.0%) by conc RS threads.
            0 (  0.0%) by mutator threads.
  Conc RS threads times(s)
          0.00     0.00     0.00     0.00     0.00     0.00     0.00     0.00     0.00     0.00     0.00     0.00     0.00     0.00     0.00     0.00     0.00     0.00     0.00
  Total heap region rem set sizes = 6603K.  Max = 32K.
  Static structures = 369K, free_lists = 258K.
    321738 occupied cards represented.
    Max size region = 1:(O)[0x0000000763500000,0x00000007635ffff0,0x0000000763600000], size = 33K, occupied = 93K.
    Did 2841 coarsenings.
2014-08-01T09:50:24.858-0500: 3245.301: [GC pause (young) 3245.301: [G1Ergonomics (CSet Construction) start choosing CSet, _pending_cards: 5967, predicted base time: 21.23 ms, remaining time: 78.77 ms, target pause time: 100.00 ms]
 3245.301: [G1Ergonomics (CSet Construction) add young regions to CSet, eden: 1751 regions, survivors: 14 regions, predicted young region time: 15.33 ms]
 3245.301: [G1Ergonomics (CSet Construction) finish choosing CSet, eden: 1751 regions, survivors: 14 regions, old: 0 regions, predicted pause time: 36.56 ms, target pause time: 100.00 ms]
, 0.0490560 secs]
   [Parallel Time: 32.9 ms, GC Workers: 18]
      [GC Worker Start (ms): Min: 3245301.4, Avg: 3245301.5, Max: 3245301.7, Diff: 0.3]
      [Ext Root Scanning (ms): Min: 4.8, Avg: 7.4, Max: 11.7, Diff: 7.0, Sum: 133.2]
      [Update RS (ms): Min: 0.0, Avg: 1.7, Max: 3.9, Diff: 3.9, Sum: 30.6]
         [Processed Buffers: Min: 0, Avg: 8.0, Max: 32, Diff: 32, Sum: 144]
      [Scan RS (ms): Min: 0.2, Avg: 0.9, Max: 1.1, Diff: 0.9, Sum: 16.0]
      [Object Copy (ms): Min: 15.0, Avg: 17.1, Max: 20.9, Diff: 6.0, Sum: 308.7]
      [Termination (ms): Min: 0.4, Avg: 4.3, Max: 5.8, Diff: 5.4, Sum: 76.8]
      [GC Worker Other (ms): Min: 0.0, Avg: 0.1, Max: 0.3, Diff: 0.3, Sum: 2.4]
      [GC Worker Total (ms): Min: 31.2, Avg: 31.5, Max: 32.5, Diff: 1.3, Sum: 567.7]
      [GC Worker End (ms): Min: 3245332.9, Avg: 3245333.1, Max: 3245334.1, Diff: 1.2]
   [Code Root Fixup: 0.0 ms]
   [Clear CT: 2.8 ms]
   [Other: 13.3 ms]
      [Choose CSet: 0.0 ms]
      [Ref Proc: 7.8 ms]
      [Ref Enq: 0.4 ms]
      [Free CSet: 4.5 ms]
   [Eden: 1751.0M(1751.0M)->0.0B(1735.0M) Survivors: 14.0M->22.0M Heap: 1982.6M(2252.0M)->239.7M(2252.0M)]
 [Times: user=0.62 sys=0.00, real=0.05 secs] 

 Concurrent RS processed 2214016 cards
  Of 69128 completed buffers:
        69128 (100.0%) by conc RS threads.
            0 (  0.0%) by mutator threads.
  Conc RS threads times(s)
          0.00     0.00     0.00     0.00     0.00     0.00     0.00     0.00     0.00     0.00     0.00     0.00     0.00     0.00     0.00     0.00     0.00     0.00     0.00
  Total heap region rem set sizes = 6605K.  Max = 32K.
  Static structures = 369K, free_lists = 257K.
    322303 occupied cards represented.
    Max size region = 1:(O)[0x0000000763500000,0x00000007635ffff0,0x0000000763600000], size = 33K, occupied = 93K.
    Did 2841 coarsenings.
2014-08-01T09:50:31.719-0500: 3252.162: [GC pause (young) 3252.162: [G1Ergonomics (CSet Construction) start choosing CSet, _pending_cards: 5514, predicted base time: 21.69 ms, remaining time: 78.31 ms, target pause time: 100.00 ms]
 3252.162: [G1Ergonomics (CSet Construction) add young regions to CSet, eden: 1735 regions, survivors: 22 regions, predicted young region time: 13.39 ms]
 3252.162: [G1Ergonomics (CSet Construction) finish choosing CSet, eden: 1735 regions, survivors: 22 regions, old: 0 regions, predicted pause time: 35.08 ms, target pause time: 100.00 ms]
, 0.0297550 secs]
   [Parallel Time: 12.5 ms, GC Workers: 18]
      [GC Worker Start (ms): Min: 3252162.7, Avg: 3252162.8, Max: 3252163.0, Diff: 0.3]
      [Ext Root Scanning (ms): Min: 3.3, Avg: 4.4, Max: 6.0, Diff: 2.6, Sum: 79.5]
      [Update RS (ms): Min: 0.0, Avg: 0.9, Max: 1.8, Diff: 1.8, Sum: 16.8]
         [Processed Buffers: Min: 0, Avg: 8.4, Max: 32, Diff: 32, Sum: 152]
      [Scan RS (ms): Min: 0.3, Avg: 0.5, Max: 0.5, Diff: 0.2, Sum: 8.6]
      [Object Copy (ms): Min: 5.4, Avg: 5.9, Max: 6.1, Diff: 0.8, Sum: 106.7]
      [Termination (ms): Min: 0.0, Avg: 0.1, Max: 0.1, Diff: 0.1, Sum: 1.2]
      [GC Worker Other (ms): Min: 0.0, Avg: 0.2, Max: 0.4, Diff: 0.3, Sum: 3.8]
      [GC Worker Total (ms): Min: 11.7, Avg: 12.0, Max: 12.3, Diff: 0.6, Sum: 216.7]
      [GC Worker End (ms): Min: 3252174.7, Avg: 3252174.9, Max: 3252175.0, Diff: 0.3]
   [Code Root Fixup: 0.0 ms]
   [Clear CT: 3.3 ms]
   [Other: 13.9 ms]
      [Choose CSet: 0.0 ms]
      [Ref Proc: 7.3 ms]
      [Ref Enq: 0.5 ms]
      [Free CSet: 5.3 ms]
   [Eden: 1735.0M(1735.0M)->0.0B(1751.0M) Survivors: 22.0M->14.0M Heap: 1974.7M(2252.0M)->232.2M(2252.0M)]
 [Times: user=0.29 sys=0.00, real=0.03 secs] 

 Concurrent RS processed 2216414 cards
  Of 69280 completed buffers:
        69280 (100.0%) by conc RS threads.
            0 (  0.0%) by mutator threads.
  Conc RS threads times(s)
          0.00     0.00     0.00     0.00     0.00     0.00     0.00     0.00     0.00     0.00     0.00     0.00     0.00     0.00     0.00     0.00     0.00     0.00     0.00
  Total heap region rem set sizes = 6608K.  Max = 32K.
  Static structures = 369K, free_lists = 256K.
    322903 occupied cards represented.
    Max size region = 1:(O)[0x0000000763500000,0x00000007635ffff0,0x0000000763600000], size = 33K, occupied = 93K.
    Did 2841 coarsenings.
2014-08-01T09:50:38.927-0500: 3259.371: [GC pause (young) 3259.371: [G1Ergonomics (CSet Construction) start choosing CSet, _pending_cards: 5486, predicted base time: 20.81 ms, remaining time: 79.19 ms, target pause time: 100.00 ms]
 3259.371: [G1Ergonomics (CSet Construction) add young regions to CSet, eden: 1751 regions, survivors: 14 regions, predicted young region time: 11.70 ms]
 3259.371: [G1Ergonomics (CSet Construction) finish choosing CSet, eden: 1751 regions, survivors: 14 regions, old: 0 regions, predicted pause time: 32.50 ms, target pause time: 100.00 ms]
, 0.0392210 secs]
   [Parallel Time: 20.8 ms, GC Workers: 18]
      [GC Worker Start (ms): Min: 3259371.1, Avg: 3259371.3, Max: 3259371.4, Diff: 0.3]
      [Ext Root Scanning (ms): Min: 6.0, Avg: 6.9, Max: 9.0, Diff: 3.0, Sum: 123.6]
      [Update RS (ms): Min: 0.0, Avg: 1.5, Max: 2.5, Diff: 2.5, Sum: 26.6]
         [Processed Buffers: Min: 0, Avg: 7.8, Max: 25, Diff: 25, Sum: 140]
      [Scan RS (ms): Min: 0.3, Avg: 1.0, Max: 2.4, Diff: 2.1, Sum: 17.6]
      [Object Copy (ms): Min: 6.4, Avg: 7.8, Max: 11.0, Diff: 4.6, Sum: 139.6]
      [Termination (ms): Min: 0.0, Avg: 3.1, Max: 3.4, Diff: 3.4, Sum: 55.2]
      [GC Worker Other (ms): Min: 0.0, Avg: 0.2, Max: 0.3, Diff: 0.3, Sum: 2.9]
      [GC Worker Total (ms): Min: 20.1, Avg: 20.3, Max: 20.4, Diff: 0.3, Sum: 365.6]
      [GC Worker End (ms): Min: 3259391.4, Avg: 3259391.6, Max: 3259391.8, Diff: 0.3]
   [Code Root Fixup: 0.0 ms]
   [Clear CT: 2.0 ms]
   [Other: 16.5 ms]
      [Choose CSet: 0.0 ms]
      [Ref Proc: 6.8 ms]
      [Ref Enq: 0.8 ms]
      [Free CSet: 8.1 ms]
   [Eden: 1751.0M(1751.0M)->0.0B(1753.0M) Survivors: 14.0M->13.0M Heap: 1983.2M(2252.0M)->231.2M(2252.0M)]
 [Times: user=0.40 sys=0.02, real=0.04 secs] 

 Concurrent RS processed 2218750 cards
  Of 69420 completed buffers:
        69420 (100.0%) by conc RS threads.
            0 (  0.0%) by mutator threads.
  Conc RS threads times(s)
          0.00     0.00     0.00     0.00     0.00     0.00     0.00     0.00     0.00     0.00     0.00     0.00     0.00     0.00     0.00     0.00     0.00     0.00     0.00
  Total heap region rem set sizes = 6610K.  Max = 32K.
  Static structures = 369K, free_lists = 256K.
    323315 occupied cards represented.
    Max size region = 1:(O)[0x0000000763500000,0x00000007635ffff0,0x0000000763600000], size = 33K, occupied = 93K.
    Did 2841 coarsenings.
2014-08-01T09:50:46.001-0500: 3266.445: [GC pause (young) 3266.445: [G1Ergonomics (CSet Construction) start choosing CSet, _pending_cards: 5499, predicted base time: 20.51 ms, remaining time: 79.49 ms, target pause time: 100.00 ms]
 3266.445: [G1Ergonomics (CSet Construction) add young regions to CSet, eden: 1753 regions, survivors: 13 regions, predicted young region time: 17.83 ms]
 3266.445: [G1Ergonomics (CSet Construction) finish choosing CSet, eden: 1753 regions, survivors: 13 regions, old: 0 regions, predicted pause time: 38.35 ms, target pause time: 100.00 ms]
, 0.0396530 secs]
   [Parallel Time: 20.5 ms, GC Workers: 18]
      [GC Worker Start (ms): Min: 3266445.2, Avg: 3266445.3, Max: 3266445.5, Diff: 0.4]
      [Ext Root Scanning (ms): Min: 5.7, Avg: 7.2, Max: 11.4, Diff: 5.7, Sum: 129.2]
      [Update RS (ms): Min: 0.0, Avg: 1.5, Max: 2.6, Diff: 2.6, Sum: 26.5]
         [Processed Buffers: Min: 0, Avg: 7.7, Max: 35, Diff: 35, Sum: 139]
      [Scan RS (ms): Min: 0.2, Avg: 0.8, Max: 1.1, Diff: 0.8, Sum: 13.5]
      [Object Copy (ms): Min: 4.4, Avg: 7.0, Max: 11.6, Diff: 7.2, Sum: 125.5]
      [Termination (ms): Min: 0.0, Avg: 3.4, Max: 3.8, Diff: 3.8, Sum: 60.8]
      [GC Worker Other (ms): Min: 0.0, Avg: 0.1, Max: 0.3, Diff: 0.3, Sum: 2.6]
      [GC Worker Total (ms): Min: 19.7, Avg: 19.9, Max: 20.2, Diff: 0.5, Sum: 358.2]
      [GC Worker End (ms): Min: 3266465.1, Avg: 3266465.2, Max: 3266465.4, Diff: 0.3]
   [Code Root Fixup: 0.0 ms]
   [Clear CT: 2.1 ms]
   [Other: 17.1 ms]
      [Choose CSet: 0.0 ms]
      [Ref Proc: 11.2 ms]
      [Ref Enq: 0.5 ms]
      [Free CSet: 4.7 ms]
   [Eden: 1753.0M(1753.0M)->0.0B(1757.0M) Survivors: 13.0M->11.0M Heap: 1984.2M(2252.0M)->229.3M(2252.0M)]
 [Times: user=0.41 sys=0.01, real=0.04 secs] 

 Concurrent RS processed 2221196 cards
  Of 69559 completed buffers:
        69559 (100.0%) by conc RS threads.
            0 (  0.0%) by mutator threads.
  Conc RS threads times(s)
          0.00     0.00     0.00     0.00     0.00     0.00     0.00     0.00     0.00     0.00     0.00     0.00     0.00     0.00     0.00     0.00     0.00     0.00     0.00
  Total heap region rem set sizes = 6611K.  Max = 32K.
  Static structures = 369K, free_lists = 255K.
    323678 occupied cards represented.
    Max size region = 1:(O)[0x0000000763500000,0x00000007635ffff0,0x0000000763600000], size = 33K, occupied = 93K.
    Did 2841 coarsenings.
2014-08-01T09:50:52.901-0500: 3273.345: [GC pause (young) 3273.345: [G1Ergonomics (CSet Construction) start choosing CSet, _pending_cards: 5435, predicted base time: 21.92 ms, remaining time: 78.08 ms, target pause time: 100.00 ms]
 3273.345: [G1Ergonomics (CSet Construction) add young regions to CSet, eden: 1757 regions, survivors: 11 regions, predicted young region time: 15.87 ms]
 3273.345: [G1Ergonomics (CSet Construction) finish choosing CSet, eden: 1757 regions, survivors: 11 regions, old: 0 regions, predicted pause time: 37.78 ms, target pause time: 100.00 ms]
, 0.0440800 secs]
   [Parallel Time: 21.3 ms, GC Workers: 18]
      [GC Worker Start (ms): Min: 3273345.0, Avg: 3273345.2, Max: 3273345.4, Diff: 0.3]
      [Ext Root Scanning (ms): Min: 5.4, Avg: 6.4, Max: 10.5, Diff: 5.1, Sum: 114.7]
      [Update RS (ms): Min: 0.0, Avg: 2.2, Max: 12.3, Diff: 12.3, Sum: 38.9]
         [Processed Buffers: Min: 0, Avg: 8.2, Max: 29, Diff: 29, Sum: 147]
      [Scan RS (ms): Min: 0.2, Avg: 0.8, Max: 1.0, Diff: 0.8, Sum: 15.1]
      [Object Copy (ms): Min: 1.1, Avg: 8.5, Max: 9.6, Diff: 8.4, Sum: 153.1]
      [Termination (ms): Min: 0.0, Avg: 1.9, Max: 2.6, Diff: 2.6, Sum: 33.7]
      [GC Worker Other (ms): Min: 0.0, Avg: 0.2, Max: 0.5, Diff: 0.4, Sum: 4.3]
      [GC Worker Total (ms): Min: 19.7, Avg: 20.0, Max: 20.4, Diff: 0.7, Sum: 359.8]
      [GC Worker End (ms): Min: 3273364.9, Avg: 3273365.2, Max: 3273365.4, Diff: 0.5]
   [Code Root Fixup: 0.0 ms]
   [Clear CT: 2.0 ms]
   [Other: 20.8 ms]
      [Choose CSet: 0.0 ms]
      [Ref Proc: 14.9 ms]
      [Ref Enq: 0.6 ms]
      [Free CSet: 4.6 ms]
   [Eden: 1757.0M(1757.0M)->0.0B(1733.0M) Survivors: 11.0M->23.0M Heap: 1986.3M(2252.0M)->241.3M(2252.0M)]
 [Times: user=0.43 sys=0.01, real=0.05 secs] 

 Concurrent RS processed 2223597 cards
  Of 69706 completed buffers:
        69706 (100.0%) by conc RS threads.
            0 (  0.0%) by mutator threads.
  Conc RS threads times(s)
          0.00     0.00     0.00     0.00     0.00     0.00     0.00     0.00     0.00     0.00     0.00     0.00     0.00     0.00     0.00     0.00     0.00     0.00     0.00
  Total heap region rem set sizes = 6614K.  Max = 32K.
  Static structures = 369K, free_lists = 255K.
    324214 occupied cards represented.
    Max size region = 1:(O)[0x0000000763500000,0x00000007635ffff0,0x0000000763600000], size = 33K, occupied = 94K.
    Did 2841 coarsenings.
2014-08-01T09:51:00.155-0500: 3280.599: [GC pause (young) 3280.599: [G1Ergonomics (CSet Construction) start choosing CSet, _pending_cards: 5219, predicted base time: 24.57 ms, remaining time: 75.43 ms, target pause time: 100.00 ms]
 3280.599: [G1Ergonomics (CSet Construction) add young regions to CSet, eden: 1733 regions, survivors: 23 regions, predicted young region time: 17.76 ms]
 3280.599: [G1Ergonomics (CSet Construction) finish choosing CSet, eden: 1733 regions, survivors: 23 regions, old: 0 regions, predicted pause time: 42.33 ms, target pause time: 100.00 ms]
, 0.0432220 secs]
   [Parallel Time: 23.4 ms, GC Workers: 18]
      [GC Worker Start (ms): Min: 3280599.1, Avg: 3280599.2, Max: 3280599.4, Diff: 0.3]
      [Ext Root Scanning (ms): Min: 4.9, Avg: 6.8, Max: 11.3, Diff: 6.4, Sum: 123.0]
      [Update RS (ms): Min: 0.0, Avg: 1.9, Max: 3.8, Diff: 3.8, Sum: 33.7]
         [Processed Buffers: Min: 0, Avg: 7.7, Max: 28, Diff: 28, Sum: 139]
      [Scan RS (ms): Min: 0.2, Avg: 0.8, Max: 1.1, Diff: 0.9, Sum: 13.9]
      [Object Copy (ms): Min: 10.2, Avg: 12.7, Max: 14.3, Diff: 4.0, Sum: 227.9]
      [Termination (ms): Min: 0.0, Avg: 0.3, Max: 2.4, Diff: 2.4, Sum: 6.1]
      [GC Worker Other (ms): Min: 0.0, Avg: 0.2, Max: 0.4, Diff: 0.4, Sum: 4.3]
      [GC Worker Total (ms): Min: 22.4, Avg: 22.7, Max: 23.0, Diff: 0.5, Sum: 408.9]
      [GC Worker End (ms): Min: 3280621.8, Avg: 3280622.0, Max: 3280622.1, Diff: 0.4]
   [Code Root Fixup: 0.0 ms]
   [Clear CT: 2.1 ms]
   [Other: 17.7 ms]
      [Choose CSet: 0.0 ms]
      [Ref Proc: 12.2 ms]
      [Ref Enq: 0.4 ms]
      [Free CSet: 4.5 ms]
   [Eden: 1733.0M(1733.0M)->0.0B(1750.0M) Survivors: 23.0M->14.0M Heap: 1974.3M(2252.0M)->232.5M(2252.0M)]
 [Times: user=0.49 sys=0.00, real=0.05 secs] 

 Concurrent RS processed 2226140 cards
  Of 69845 completed buffers:
        69845 (100.0%) by conc RS threads.
            0 (  0.0%) by mutator threads.
  Conc RS threads times(s)
          0.00     0.00     0.00     0.00     0.00     0.00     0.00     0.00     0.00     0.00     0.00     0.00     0.00     0.00     0.00     0.00     0.00     0.00     0.00
  Total heap region rem set sizes = 6612K.  Max = 32K.
  Static structures = 369K, free_lists = 255K.
    324463 occupied cards represented.
    Max size region = 1:(O)[0x0000000763500000,0x00000007635ffff0,0x0000000763600000], size = 33K, occupied = 94K.
    Did 2841 coarsenings.
2014-08-01T09:51:07.099-0500: 3287.542: [GC pause (young) 3287.542: [G1Ergonomics (CSet Construction) start choosing CSet, _pending_cards: 5716, predicted base time: 25.09 ms, remaining time: 74.91 ms, target pause time: 100.00 ms]
 3287.542: [G1Ergonomics (CSet Construction) add young regions to CSet, eden: 1750 regions, survivors: 14 regions, predicted young region time: 29.27 ms]
 3287.542: [G1Ergonomics (CSet Construction) finish choosing CSet, eden: 1750 regions, survivors: 14 regions, old: 0 regions, predicted pause time: 54.36 ms, target pause time: 100.00 ms]
, 0.0331240 secs]
   [Parallel Time: 17.6 ms, GC Workers: 18]
      [GC Worker Start (ms): Min: 3287542.3, Avg: 3287542.5, Max: 3287542.7, Diff: 0.4]
      [Ext Root Scanning (ms): Min: 4.6, Avg: 6.3, Max: 11.3, Diff: 6.6, Sum: 113.0]
      [Update RS (ms): Min: 0.0, Avg: 1.3, Max: 3.6, Diff: 3.6, Sum: 22.9]
         [Processed Buffers: Min: 0, Avg: 8.0, Max: 25, Diff: 25, Sum: 144]
      [Scan RS (ms): Min: 0.2, Avg: 0.8, Max: 1.0, Diff: 0.8, Sum: 14.3]
      [Object Copy (ms): Min: 4.7, Avg: 8.0, Max: 8.7, Diff: 4.0, Sum: 143.2]
      [Termination (ms): Min: 0.0, Avg: 0.5, Max: 0.6, Diff: 0.6, Sum: 9.7]
      [GC Worker Other (ms): Min: 0.0, Avg: 0.2, Max: 0.4, Diff: 0.3, Sum: 3.4]
      [GC Worker Total (ms): Min: 16.8, Avg: 17.0, Max: 17.3, Diff: 0.5, Sum: 306.6]
      [GC Worker End (ms): Min: 3287559.3, Avg: 3287559.5, Max: 3287559.7, Diff: 0.4]
   [Code Root Fixup: 0.0 ms]
   [Clear CT: 2.1 ms]
   [Other: 13.4 ms]
      [Choose CSet: 0.0 ms]
      [Ref Proc: 6.0 ms]
      [Ref Enq: 0.5 ms]
      [Free CSet: 6.2 ms]
   [Eden: 1750.0M(1750.0M)->0.0B(1734.0M) Survivors: 14.0M->22.0M Heap: 1982.5M(2252.0M)->240.2M(2252.0M)]
 [Times: user=0.37 sys=0.01, real=0.03 secs] 

 Concurrent RS processed 2228550 cards
  Of 69989 completed buffers:
        69989 (100.0%) by conc RS threads.
            0 (  0.0%) by mutator threads.
  Conc RS threads times(s)
          0.00     0.00     0.00     0.00     0.00     0.00     0.00     0.00     0.00     0.00     0.00     0.00     0.00     0.00     0.00     0.00     0.00     0.00     0.00
  Total heap region rem set sizes = 6616K.  Max = 32K.
  Static structures = 369K, free_lists = 254K.
    324861 occupied cards represented.
    Max size region = 1:(O)[0x0000000763500000,0x00000007635ffff0,0x0000000763600000], size = 33K, occupied = 94K.
    Did 2841 coarsenings.
2014-08-01T09:51:14.730-0500: 3295.173: [GC pause (young) 3295.174: [G1Ergonomics (CSet Construction) start choosing CSet, _pending_cards: 5992, predicted base time: 23.55 ms, remaining time: 76.45 ms, target pause time: 100.00 ms]
 3295.174: [G1Ergonomics (CSet Construction) add young regions to CSet, eden: 1734 regions, survivors: 22 regions, predicted young region time: 27.50 ms]
 3295.174: [G1Ergonomics (CSet Construction) finish choosing CSet, eden: 1734 regions, survivors: 22 regions, old: 0 regions, predicted pause time: 51.05 ms, target pause time: 100.00 ms]
, 0.0252020 secs]
   [Parallel Time: 14.0 ms, GC Workers: 18]
      [GC Worker Start (ms): Min: 3295173.7, Avg: 3295173.8, Max: 3295174.0, Diff: 0.3]
      [Ext Root Scanning (ms): Min: 3.6, Avg: 4.6, Max: 5.9, Diff: 2.3, Sum: 83.4]
      [Update RS (ms): Min: 0.0, Avg: 1.0, Max: 2.7, Diff: 2.7, Sum: 17.5]
         [Processed Buffers: Min: 0, Avg: 8.2, Max: 21, Diff: 21, Sum: 148]
      [Scan RS (ms): Min: 0.2, Avg: 0.6, Max: 0.8, Diff: 0.6, Sum: 10.7]
      [Object Copy (ms): Min: 6.4, Avg: 7.0, Max: 7.3, Diff: 1.0, Sum: 126.1]
      [Termination (ms): Min: 0.0, Avg: 0.1, Max: 0.1, Diff: 0.1, Sum: 1.6]
      [GC Worker Other (ms): Min: 0.0, Avg: 0.3, Max: 0.4, Diff: 0.4, Sum: 5.2]
      [GC Worker Total (ms): Min: 13.2, Avg: 13.6, Max: 13.9, Diff: 0.6, Sum: 244.5]
      [GC Worker End (ms): Min: 3295187.2, Avg: 3295187.4, Max: 3295187.6, Diff: 0.4]
   [Code Root Fixup: 0.0 ms]
   [Clear CT: 1.3 ms]
   [Other: 9.9 ms]
      [Choose CSet: 0.0 ms]
      [Ref Proc: 5.2 ms]
      [Ref Enq: 0.4 ms]
      [Free CSet: 3.7 ms]
   [Eden: 1734.0M(1734.0M)->0.0B(1746.0M) Survivors: 22.0M->16.0M Heap: 1974.2M(2252.0M)->234.7M(2252.0M)]
 [Times: user=0.29 sys=0.00, real=0.02 secs] 

 Concurrent RS processed 2230997 cards
  Of 70137 completed buffers:
        70137 (100.0%) by conc RS threads.
            0 (  0.0%) by mutator threads.
  Conc RS threads times(s)
          0.00     0.00     0.00     0.00     0.00     0.00     0.00     0.00     0.00     0.00     0.00     0.00     0.00     0.00     0.00     0.00     0.00     0.00     0.00
  Total heap region rem set sizes = 6619K.  Max = 32K.
  Static structures = 369K, free_lists = 253K.
    325329 occupied cards represented.
    Max size region = 1:(O)[0x0000000763500000,0x00000007635ffff0,0x0000000763600000], size = 33K, occupied = 94K.
    Did 2841 coarsenings.
2014-08-01T09:51:21.645-0500: 3302.089: [GC pause (young) 3302.089: [G1Ergonomics (CSet Construction) start choosing CSet, _pending_cards: 5716, predicted base time: 21.42 ms, remaining time: 78.58 ms, target pause time: 100.00 ms]
 3302.089: [G1Ergonomics (CSet Construction) add young regions to CSet, eden: 1746 regions, survivors: 16 regions, predicted young region time: 20.62 ms]
 3302.089: [G1Ergonomics (CSet Construction) finish choosing CSet, eden: 1746 regions, survivors: 16 regions, old: 0 regions, predicted pause time: 42.04 ms, target pause time: 100.00 ms]
, 0.0390970 secs]
   [Parallel Time: 22.4 ms, GC Workers: 18]
      [GC Worker Start (ms): Min: 3302089.0, Avg: 3302089.2, Max: 3302089.4, Diff: 0.3]
      [Ext Root Scanning (ms): Min: 6.1, Avg: 6.8, Max: 9.6, Diff: 3.6, Sum: 123.1]
      [Update RS (ms): Min: 0.0, Avg: 1.6, Max: 3.1, Diff: 3.1, Sum: 29.5]
         [Processed Buffers: Min: 0, Avg: 8.1, Max: 40, Diff: 40, Sum: 145]
      [Scan RS (ms): Min: 0.2, Avg: 0.8, Max: 1.1, Diff: 0.9, Sum: 13.5]
      [Object Copy (ms): Min: 10.3, Avg: 11.3, Max: 11.8, Diff: 1.5, Sum: 204.2]
      [Termination (ms): Min: 0.0, Avg: 0.1, Max: 0.2, Diff: 0.1, Sum: 2.1]
      [GC Worker Other (ms): Min: 0.1, Avg: 0.3, Max: 0.4, Diff: 0.4, Sum: 4.5]
      [GC Worker Total (ms): Min: 20.8, Avg: 20.9, Max: 21.2, Diff: 0.4, Sum: 377.0]
      [GC Worker End (ms): Min: 3302109.9, Avg: 3302110.1, Max: 3302110.3, Diff: 0.4]
   [Code Root Fixup: 0.0 ms]
   [Clear CT: 2.1 ms]
   [Other: 14.6 ms]
      [Choose CSet: 0.0 ms]
      [Ref Proc: 8.5 ms]
      [Ref Enq: 0.5 ms]
      [Free CSet: 5.0 ms]
   [Eden: 1746.0M(1746.0M)->0.0B(1750.0M) Survivors: 16.0M->14.0M Heap: 1980.7M(2252.0M)->232.8M(2252.0M)]
 [Times: user=0.45 sys=0.01, real=0.04 secs] 

 Concurrent RS processed 2233350 cards
  Of 70282 completed buffers:
        70282 (100.0%) by conc RS threads.
            0 (  0.0%) by mutator threads.
  Conc RS threads times(s)
          0.00     0.00     0.00     0.00     0.00     0.00     0.00     0.00     0.00     0.00     0.00     0.00     0.00     0.00     0.00     0.00     0.00     0.00     0.00
  Total heap region rem set sizes = 6620K.  Max = 32K.
  Static structures = 369K, free_lists = 252K.
    325668 occupied cards represented.
    Max size region = 1:(O)[0x0000000763500000,0x00000007635ffff0,0x0000000763600000], size = 33K, occupied = 94K.
    Did 2841 coarsenings.
2014-08-01T09:51:28.410-0500: 3308.853: [GC pause (young) 3308.853: [G1Ergonomics (CSet Construction) start choosing CSet, _pending_cards: 5466, predicted base time: 21.80 ms, remaining time: 78.20 ms, target pause time: 100.00 ms]
 3308.853: [G1Ergonomics (CSet Construction) add young regions to CSet, eden: 1750 regions, survivors: 14 regions, predicted young region time: 15.75 ms]
 3308.853: [G1Ergonomics (CSet Construction) finish choosing CSet, eden: 1750 regions, survivors: 14 regions, old: 0 regions, predicted pause time: 37.55 ms, target pause time: 100.00 ms]
, 0.0423220 secs]
   [Parallel Time: 26.4 ms, GC Workers: 18]
      [GC Worker Start (ms): Min: 3308853.3, Avg: 3308853.4, Max: 3308853.6, Diff: 0.3]
      [Ext Root Scanning (ms): Min: 6.1, Avg: 7.5, Max: 11.5, Diff: 5.4, Sum: 135.7]
      [Update RS (ms): Min: 0.0, Avg: 1.6, Max: 2.8, Diff: 2.8, Sum: 29.2]
         [Processed Buffers: Min: 0, Avg: 7.9, Max: 30, Diff: 30, Sum: 143]
      [Scan RS (ms): Min: 0.2, Avg: 0.7, Max: 1.0, Diff: 0.8, Sum: 12.8]
      [Object Copy (ms): Min: 12.0, Avg: 13.9, Max: 16.0, Diff: 4.0, Sum: 250.3]
      [Termination (ms): Min: 0.1, Avg: 1.9, Max: 2.4, Diff: 2.3, Sum: 34.2]
      [GC Worker Other (ms): Min: 0.0, Avg: 0.1, Max: 0.3, Diff: 0.3, Sum: 2.4]
      [GC Worker Total (ms): Min: 25.5, Avg: 25.8, Max: 26.1, Diff: 0.6, Sum: 464.6]
      [GC Worker End (ms): Min: 3308879.1, Avg: 3308879.3, Max: 3308879.6, Diff: 0.5]
   [Code Root Fixup: 0.0 ms]
   [Clear CT: 2.1 ms]
   [Other: 13.8 ms]
      [Choose CSet: 0.0 ms]
      [Ref Proc: 7.0 ms]
      [Ref Enq: 1.1 ms]
      [Free CSet: 5.0 ms]
   [Eden: 1750.0M(1750.0M)->0.0B(1734.0M) Survivors: 14.0M->22.0M Heap: 1982.8M(2252.0M)->240.8M(2252.0M)]
 [Times: user=0.48 sys=0.01, real=0.05 secs] 

 Concurrent RS processed 2235802 cards
  Of 70425 completed buffers:
        70425 (100.0%) by conc RS threads.
            0 (  0.0%) by mutator threads.
  Conc RS threads times(s)
          0.00     0.00     0.00     0.00     0.00     0.00     0.00     0.00     0.00     0.00     0.00     0.00     0.00     0.00     0.00     0.00     0.00     0.00     0.00
  Total heap region rem set sizes = 6621K.  Max = 32K.
  Static structures = 369K, free_lists = 252K.
    326134 occupied cards represented.
    Max size region = 1:(O)[0x0000000763500000,0x00000007635ffff0,0x0000000763600000], size = 33K, occupied = 94K.
    Did 2841 coarsenings.
2014-08-01T09:51:34.772-0500: 3315.215: [GC pause (young) 3315.215: [G1Ergonomics (CSet Construction) start choosing CSet, _pending_cards: 5747, predicted base time: 21.78 ms, remaining time: 78.22 ms, target pause time: 100.00 ms]
 3315.215: [G1Ergonomics (CSet Construction) add young regions to CSet, eden: 1734 regions, survivors: 22 regions, predicted young region time: 18.29 ms]
 3315.215: [G1Ergonomics (CSet Construction) finish choosing CSet, eden: 1734 regions, survivors: 22 regions, old: 0 regions, predicted pause time: 40.06 ms, target pause time: 100.00 ms]
, 0.0341690 secs]
   [Parallel Time: 18.5 ms, GC Workers: 18]
      [GC Worker Start (ms): Min: 3315215.5, Avg: 3315215.7, Max: 3315215.9, Diff: 0.3]
      [Ext Root Scanning (ms): Min: 5.6, Avg: 7.2, Max: 14.2, Diff: 8.5, Sum: 129.3]
      [Update RS (ms): Min: 0.0, Avg: 1.7, Max: 3.3, Diff: 3.3, Sum: 30.4]
         [Processed Buffers: Min: 0, Avg: 8.4, Max: 50, Diff: 50, Sum: 152]
      [Scan RS (ms): Min: 0.2, Avg: 0.8, Max: 1.1, Diff: 0.8, Sum: 13.8]
      [Object Copy (ms): Min: 3.0, Avg: 8.0, Max: 8.7, Diff: 5.7, Sum: 143.9]
      [Termination (ms): Min: 0.0, Avg: 0.0, Max: 0.1, Diff: 0.0, Sum: 0.7]
      [GC Worker Other (ms): Min: 0.0, Avg: 0.3, Max: 0.6, Diff: 0.5, Sum: 5.6]
      [GC Worker Total (ms): Min: 17.7, Avg: 18.0, Max: 18.4, Diff: 0.7, Sum: 323.8]
      [GC Worker End (ms): Min: 3315233.4, Avg: 3315233.7, Max: 3315233.9, Diff: 0.5]
   [Code Root Fixup: 0.0 ms]
   [Clear CT: 2.0 ms]
   [Other: 13.7 ms]
      [Choose CSet: 0.0 ms]
      [Ref Proc: 6.9 ms]
      [Ref Enq: 0.4 ms]
      [Free CSet: 5.6 ms]
   [Eden: 1734.0M(1734.0M)->0.0B(1742.0M) Survivors: 22.0M->18.0M Heap: 1974.8M(2252.0M)->236.9M(2252.0M)]
 [Times: user=0.38 sys=0.01, real=0.04 secs] 

 Concurrent RS processed 2238225 cards
  Of 70577 completed buffers:
        70577 (100.0%) by conc RS threads.
            0 (  0.0%) by mutator threads.
  Conc RS threads times(s)
          0.00     0.00     0.00     0.00     0.00     0.00     0.00     0.00     0.00     0.00     0.00     0.00     0.00     0.00     0.00     0.00     0.00     0.00     0.00
  Total heap region rem set sizes = 6624K.  Max = 32K.
  Static structures = 369K, free_lists = 251K.
    326584 occupied cards represented.
    Max size region = 1:(O)[0x0000000763500000,0x00000007635ffff0,0x0000000763600000], size = 33K, occupied = 94K.
    Did 2841 coarsenings.
2014-08-01T09:51:40.417-0500: 3320.861: [GC pause (young) 3320.861: [G1Ergonomics (CSet Construction) start choosing CSet, _pending_cards: 5482, predicted base time: 21.25 ms, remaining time: 78.75 ms, target pause time: 100.00 ms]
 3320.861: [G1Ergonomics (CSet Construction) add young regions to CSet, eden: 1742 regions, survivors: 18 regions, predicted young region time: 16.03 ms]
 3320.861: [G1Ergonomics (CSet Construction) finish choosing CSet, eden: 1742 regions, survivors: 18 regions, old: 0 regions, predicted pause time: 37.28 ms, target pause time: 100.00 ms]
, 0.0297980 secs]
   [Parallel Time: 17.6 ms, GC Workers: 18]
      [GC Worker Start (ms): Min: 3320860.9, Avg: 3320861.0, Max: 3320861.2, Diff: 0.3]
      [Ext Root Scanning (ms): Min: 3.5, Avg: 4.7, Max: 7.2, Diff: 3.7, Sum: 85.0]
      [Update RS (ms): Min: 0.0, Avg: 1.0, Max: 2.6, Diff: 2.6, Sum: 18.5]
         [Processed Buffers: Min: 0, Avg: 7.9, Max: 25, Diff: 25, Sum: 143]
      [Scan RS (ms): Min: 0.1, Avg: 0.5, Max: 0.8, Diff: 0.7, Sum: 9.5]
      [Object Copy (ms): Min: 9.5, Avg: 10.4, Max: 10.8, Diff: 1.3, Sum: 187.9]
      [Termination (ms): Min: 0.0, Avg: 0.2, Max: 0.3, Diff: 0.3, Sum: 3.9]
      [GC Worker Other (ms): Min: 0.0, Avg: 0.2, Max: 0.3, Diff: 0.3, Sum: 3.1]
      [GC Worker Total (ms): Min: 16.9, Avg: 17.1, Max: 17.3, Diff: 0.3, Sum: 307.9]
      [GC Worker End (ms): Min: 3320878.0, Avg: 3320878.1, Max: 3320878.3, Diff: 0.3]
   [Code Root Fixup: 0.0 ms]
   [Clear CT: 1.5 ms]
   [Other: 10.7 ms]
      [Choose CSet: 0.0 ms]
      [Ref Proc: 4.6 ms]
      [Ref Enq: 0.6 ms]
      [Free CSet: 4.9 ms]
   [Eden: 1742.0M(1742.0M)->0.0B(1750.0M) Survivors: 18.0M->14.0M Heap: 1978.9M(2252.0M)->232.9M(2252.0M)]
 [Times: user=0.36 sys=0.01, real=0.03 secs] 

 Concurrent RS processed 2240698 cards
  Of 70720 completed buffers:
        70720 (100.0%) by conc RS threads.
            0 (  0.0%) by mutator threads.
  Conc RS threads times(s)
          0.00     0.00     0.00     0.00     0.00     0.00     0.00     0.00     0.00     0.00     0.00     0.00     0.00     0.00     0.00     0.00     0.00     0.00     0.00
  Total heap region rem set sizes = 6626K.  Max = 32K.
  Static structures = 369K, free_lists = 250K.
    327096 occupied cards represented.
    Max size region = 1:(O)[0x0000000763500000,0x00000007635ffff0,0x0000000763600000], size = 33K, occupied = 94K.
    Did 2841 coarsenings.
2014-08-01T09:51:46.467-0500: 3326.910: [GC pause (young) 3326.910: [G1Ergonomics (CSet Construction) start choosing CSet, _pending_cards: 5467, predicted base time: 19.66 ms, remaining time: 80.34 ms, target pause time: 100.00 ms]
 3326.910: [G1Ergonomics (CSet Construction) add young regions to CSet, eden: 1750 regions, survivors: 14 regions, predicted young region time: 16.28 ms]
 3326.910: [G1Ergonomics (CSet Construction) finish choosing CSet, eden: 1750 regions, survivors: 14 regions, old: 0 regions, predicted pause time: 35.94 ms, target pause time: 100.00 ms]
, 0.0379900 secs]
   [Parallel Time: 18.4 ms, GC Workers: 18]
      [GC Worker Start (ms): Min: 3326910.6, Avg: 3326910.8, Max: 3326910.9, Diff: 0.3]
      [Ext Root Scanning (ms): Min: 5.4, Avg: 7.3, Max: 14.0, Diff: 8.6, Sum: 131.0]
      [Update RS (ms): Min: 0.0, Avg: 1.5, Max: 2.8, Diff: 2.8, Sum: 26.3]
         [Processed Buffers: Min: 0, Avg: 7.5, Max: 23, Diff: 23, Sum: 135]
      [Scan RS (ms): Min: 0.2, Avg: 0.8, Max: 1.0, Diff: 0.8, Sum: 14.7]
      [Object Copy (ms): Min: 3.3, Avg: 8.0, Max: 8.7, Diff: 5.4, Sum: 144.0]
      [Termination (ms): Min: 0.0, Avg: 0.1, Max: 0.1, Diff: 0.1, Sum: 1.3]
      [GC Worker Other (ms): Min: 0.0, Avg: 0.3, Max: 0.5, Diff: 0.4, Sum: 4.9]
      [GC Worker Total (ms): Min: 17.6, Avg: 17.9, Max: 18.2, Diff: 0.6, Sum: 322.2]
      [GC Worker End (ms): Min: 3326928.4, Avg: 3326928.7, Max: 3326928.8, Diff: 0.4]
   [Code Root Fixup: 0.0 ms]
   [Clear CT: 3.0 ms]
   [Other: 16.6 ms]
      [Choose CSet: 0.0 ms]
      [Ref Proc: 9.2 ms]
      [Ref Enq: 0.5 ms]
      [Free CSet: 6.2 ms]
   [Eden: 1750.0M(1750.0M)->0.0B(1736.0M) Survivors: 14.0M->21.0M Heap: 1982.9M(2252.0M)->239.7M(2252.0M)]
 [Times: user=0.39 sys=0.01, real=0.04 secs] 

 Concurrent RS processed 2243169 cards
  Of 70855 completed buffers:
        70855 (100.0%) by conc RS threads.
            0 (  0.0%) by mutator threads.
  Conc RS threads times(s)
          0.00     0.00     0.00     0.00     0.00     0.00     0.00     0.00     0.00     0.00     0.00     0.00     0.00     0.00     0.00     0.00     0.00     0.00     0.00
  Total heap region rem set sizes = 6627K.  Max = 32K.
  Static structures = 369K, free_lists = 250K.
    327528 occupied cards represented.
    Max size region = 1:(O)[0x0000000763500000,0x00000007635ffff0,0x0000000763600000], size = 33K, occupied = 94K.
    Did 2841 coarsenings.
2014-08-01T09:51:53.548-0500: 3333.992: [GC pause (young) 3333.992: [G1Ergonomics (CSet Construction) start choosing CSet, _pending_cards: 5466, predicted base time: 21.10 ms, remaining time: 78.90 ms, target pause time: 100.00 ms]
 3333.992: [G1Ergonomics (CSet Construction) add young regions to CSet, eden: 1736 regions, survivors: 21 regions, predicted young region time: 23.31 ms]
 3333.992: [G1Ergonomics (CSet Construction) finish choosing CSet, eden: 1736 regions, survivors: 21 regions, old: 0 regions, predicted pause time: 44.40 ms, target pause time: 100.00 ms]
, 0.0401110 secs]
   [Parallel Time: 26.2 ms, GC Workers: 18]
      [GC Worker Start (ms): Min: 3333992.0, Avg: 3333992.2, Max: 3333992.3, Diff: 0.3]
      [Ext Root Scanning (ms): Min: 5.2, Avg: 6.9, Max: 11.3, Diff: 6.1, Sum: 123.7]
      [Update RS (ms): Min: 0.0, Avg: 1.5, Max: 3.3, Diff: 3.3, Sum: 27.5]
         [Processed Buffers: Min: 0, Avg: 7.8, Max: 20, Diff: 20, Sum: 140]
      [Scan RS (ms): Min: 0.3, Avg: 0.9, Max: 2.0, Diff: 1.7, Sum: 15.8]
      [Object Copy (ms): Min: 9.5, Avg: 12.1, Max: 16.7, Diff: 7.2, Sum: 217.2]
      [Termination (ms): Min: 0.0, Avg: 4.3, Max: 4.6, Diff: 4.6, Sum: 77.2]
      [GC Worker Other (ms): Min: 0.0, Avg: 0.2, Max: 0.3, Diff: 0.3, Sum: 3.1]
      [GC Worker Total (ms): Min: 25.6, Avg: 25.8, Max: 26.0, Diff: 0.5, Sum: 464.5]
      [GC Worker End (ms): Min: 3334017.8, Avg: 3334018.0, Max: 3334018.1, Diff: 0.3]
   [Code Root Fixup: 0.0 ms]
   [Clear CT: 1.9 ms]
   [Other: 12.0 ms]
      [Choose CSet: 0.0 ms]
      [Ref Proc: 5.4 ms]
      [Ref Enq: 0.5 ms]
      [Free CSet: 5.4 ms]
   [Eden: 1736.0M(1736.0M)->0.0B(1750.0M) Survivors: 21.0M->14.0M Heap: 1975.7M(2252.0M)->232.6M(2252.0M)]
 [Times: user=0.49 sys=0.00, real=0.04 secs] 

 Concurrent RS processed 2245533 cards
  Of 70995 completed buffers:
        70995 (100.0%) by conc RS threads.
            0 (  0.0%) by mutator threads.
  Conc RS threads times(s)
          0.00     0.00     0.00     0.00     0.00     0.00     0.00     0.00     0.00     0.00     0.00     0.00     0.00     0.00     0.00     0.00     0.00     0.00     0.00
  Total heap region rem set sizes = 6628K.  Max = 32K.
  Static structures = 369K, free_lists = 250K.
    327935 occupied cards represented.
    Max size region = 1:(O)[0x0000000763500000,0x00000007635ffff0,0x0000000763600000], size = 33K, occupied = 94K.
    Did 2841 coarsenings.
2014-08-01T09:51:59.873-0500: 3340.316: [GC pause (young) 3340.317: [G1Ergonomics (CSet Construction) start choosing CSet, _pending_cards: 89511, predicted base time: 43.96 ms, remaining time: 56.04 ms, target pause time: 100.00 ms]
 3340.317: [G1Ergonomics (CSet Construction) add young regions to CSet, eden: 1562 regions, survivors: 14 regions, predicted young region time: 140.81 ms]
 3340.317: [G1Ergonomics (CSet Construction) finish choosing CSet, eden: 1562 regions, survivors: 14 regions, old: 0 regions, predicted pause time: 184.77 ms, target pause time: 100.00 ms]
, 0.0615220 secs]
   [Parallel Time: 47.2 ms, GC Workers: 18]
      [GC Worker Start (ms): Min: 3340316.9, Avg: 3340317.0, Max: 3340317.2, Diff: 0.3]
      [Ext Root Scanning (ms): Min: 4.7, Avg: 6.4, Max: 11.2, Diff: 6.5, Sum: 115.1]
      [Update RS (ms): Min: 15.1, Avg: 19.2, Max: 21.9, Diff: 6.8, Sum: 345.4]
         [Processed Buffers: Min: 17, Avg: 27.1, Max: 37, Diff: 20, Sum: 488]
      [Scan RS (ms): Min: 0.1, Avg: 1.2, Max: 1.7, Diff: 1.6, Sum: 22.3]
      [Object Copy (ms): Min: 10.3, Avg: 12.3, Max: 19.7, Diff: 9.4, Sum: 221.5]
      [Termination (ms): Min: 0.3, Avg: 7.4, Max: 8.4, Diff: 8.1, Sum: 132.4]
      [GC Worker Other (ms): Min: 0.0, Avg: 0.2, Max: 0.3, Diff: 0.3, Sum: 3.1]
      [GC Worker Total (ms): Min: 46.5, Avg: 46.7, Max: 47.0, Diff: 0.5, Sum: 839.8]
      [GC Worker End (ms): Min: 3340363.5, Avg: 3340363.7, Max: 3340363.9, Diff: 0.3]
   [Code Root Fixup: 0.0 ms]
   [Clear CT: 2.0 ms]
   [Other: 12.3 ms]
      [Choose CSet: 0.0 ms]
      [Ref Proc: 6.5 ms]
      [Ref Enq: 0.3 ms]
      [Free CSet: 4.8 ms]
   [Eden: 1562.0M(1562.0M)->0.0B(1622.0M) Survivors: 14.0M->21.0M Heap: 1885.0M(2252.0M)->330.2M(2252.0M)]
 [Times: user=0.87 sys=0.00, real=0.06 secs] 

 Concurrent RS processed 2350670 cards
  Of 71881 completed buffers:
        71881 (100.0%) by conc RS threads.
            0 (  0.0%) by mutator threads.
  Conc RS threads times(s)
          0.00     0.00     0.00     0.00     0.00     0.00     0.00     0.00     0.00     0.00     0.00     0.00     0.00     0.00     0.00     0.00     0.00     0.00     0.00
  Total heap region rem set sizes = 6420K.  Max = 32K.
  Static structures = 369K, free_lists = 250K.
    328223 occupied cards represented.
    Max size region = 1:(O)[0x0000000763500000,0x00000007635ffff0,0x0000000763600000], size = 33K, occupied = 94K.
    Did 2841 coarsenings.
2014-08-01T09:52:06.533-0500: 3346.977: [GC pause (young) 3346.977: [G1Ergonomics (CSet Construction) start choosing CSet, _pending_cards: 5499, predicted base time: 19.71 ms, remaining time: 80.29 ms, target pause time: 100.00 ms]
 3346.977: [G1Ergonomics (CSet Construction) add young regions to CSet, eden: 1622 regions, survivors: 21 regions, predicted young region time: 24.74 ms]
 3346.977: [G1Ergonomics (CSet Construction) finish choosing CSet, eden: 1622 regions, survivors: 21 regions, old: 0 regions, predicted pause time: 44.45 ms, target pause time: 100.00 ms]
, 0.0408520 secs]
   [Parallel Time: 19.1 ms, GC Workers: 18]
      [GC Worker Start (ms): Min: 3346977.2, Avg: 3346977.4, Max: 3346977.6, Diff: 0.3]
      [Ext Root Scanning (ms): Min: 5.9, Avg: 6.7, Max: 11.4, Diff: 5.5, Sum: 120.4]
      [Update RS (ms): Min: 0.0, Avg: 1.5, Max: 2.4, Diff: 2.4, Sum: 27.7]
         [Processed Buffers: Min: 0, Avg: 7.8, Max: 26, Diff: 26, Sum: 141]
      [Scan RS (ms): Min: 0.2, Avg: 1.0, Max: 2.1, Diff: 1.9, Sum: 18.6]
      [Object Copy (ms): Min: 6.3, Avg: 8.5, Max: 9.2, Diff: 3.0, Sum: 152.8]
      [Termination (ms): Min: 0.1, Avg: 0.5, Max: 0.6, Diff: 0.5, Sum: 9.4]
      [GC Worker Other (ms): Min: 0.0, Avg: 0.2, Max: 0.4, Diff: 0.4, Sum: 4.3]
      [GC Worker Total (ms): Min: 18.2, Avg: 18.5, Max: 18.8, Diff: 0.6, Sum: 333.3]
      [GC Worker End (ms): Min: 3346995.7, Avg: 3346995.9, Max: 3346996.1, Diff: 0.4]
   [Code Root Fixup: 0.0 ms]
   [Clear CT: 1.9 ms]
   [Other: 19.8 ms]
      [Choose CSet: 0.1 ms]
      [Ref Proc: 13.6 ms]
      [Ref Enq: 0.6 ms]
      [Free CSet: 4.7 ms]
   [Eden: 1622.0M(1622.0M)->0.0B(1632.0M) Survivors: 21.0M->16.0M Heap: 1952.2M(2252.0M)->325.2M(2252.0M)]
 [Times: user=0.42 sys=0.01, real=0.04 secs] 

 Concurrent RS processed 2353052 cards
  Of 72022 completed buffers:
        72022 (100.0%) by conc RS threads.
            0 (  0.0%) by mutator threads.
  Conc RS threads times(s)
          0.00     0.00     0.00     0.00     0.00     0.00     0.00     0.00     0.00     0.00     0.00     0.00     0.00     0.00     0.00     0.00     0.00     0.00     0.00
  Total heap region rem set sizes = 6422K.  Max = 32K.
  Static structures = 369K, free_lists = 249K.
    328576 occupied cards represented.
    Max size region = 1:(O)[0x0000000763500000,0x00000007635ffff0,0x0000000763600000], size = 33K, occupied = 94K.
    Did 2841 coarsenings.
2014-08-01T09:52:13.198-0500: 3353.642: [GC pause (young) 3353.642: [G1Ergonomics (CSet Construction) start choosing CSet, _pending_cards: 5742, predicted base time: 22.52 ms, remaining time: 77.48 ms, target pause time: 100.00 ms]
 3353.642: [G1Ergonomics (CSet Construction) add young regions to CSet, eden: 1632 regions, survivors: 16 regions, predicted young region time: 27.41 ms]
 3353.642: [G1Ergonomics (CSet Construction) finish choosing CSet, eden: 1632 regions, survivors: 16 regions, old: 0 regions, predicted pause time: 49.93 ms, target pause time: 100.00 ms]
, 0.0284500 secs]
   [Parallel Time: 14.4 ms, GC Workers: 18]
      [GC Worker Start (ms): Min: 3353641.9, Avg: 3353642.1, Max: 3353642.2, Diff: 0.3]
      [Ext Root Scanning (ms): Min: 3.7, Avg: 5.1, Max: 6.5, Diff: 2.8, Sum: 92.3]
      [Update RS (ms): Min: 0.0, Avg: 0.9, Max: 3.0, Diff: 3.0, Sum: 17.0]
         [Processed Buffers: Min: 0, Avg: 7.7, Max: 24, Diff: 24, Sum: 139]
      [Scan RS (ms): Min: 0.2, Avg: 0.6, Max: 0.9, Diff: 0.7, Sum: 10.3]
      [Object Copy (ms): Min: 6.0, Avg: 6.7, Max: 7.1, Diff: 1.2, Sum: 121.4]
      [Termination (ms): Min: 0.1, Avg: 0.5, Max: 0.8, Diff: 0.7, Sum: 8.1]
      [GC Worker Other (ms): Min: 0.0, Avg: 0.1, Max: 0.3, Diff: 0.3, Sum: 2.5]
      [GC Worker Total (ms): Min: 13.7, Avg: 14.0, Max: 14.4, Diff: 0.6, Sum: 251.6]
      [GC Worker End (ms): Min: 3353655.9, Avg: 3353656.1, Max: 3353656.3, Diff: 0.4]
   [Code Root Fixup: 0.0 ms]
   [Clear CT: 1.7 ms]
   [Other: 12.4 ms]
      [Choose CSet: 0.0 ms]
      [Ref Proc: 6.7 ms]
      [Ref Enq: 0.4 ms]
      [Free CSet: 4.6 ms]
   [Eden: 1632.0M(1632.0M)->0.0B(1638.0M) Survivors: 16.0M->13.0M Heap: 1957.2M(2252.0M)->322.2M(2252.0M)]
 [Times: user=0.31 sys=0.00, real=0.02 secs] 

 Concurrent RS processed 2355584 cards
  Of 72161 completed buffers:
        72161 (100.0%) by conc RS threads.
            0 (  0.0%) by mutator threads.
  Conc RS threads times(s)
          0.00     0.00     0.00     0.00     0.00     0.00     0.00     0.00     0.00     0.00     0.00     0.00     0.00     0.00     0.00     0.00     0.00     0.00     0.00
  Total heap region rem set sizes = 6422K.  Max = 32K.
  Static structures = 369K, free_lists = 249K.
    328943 occupied cards represented.
    Max size region = 1:(O)[0x0000000763500000,0x00000007635ffff0,0x0000000763600000], size = 33K, occupied = 94K.
    Did 2841 coarsenings.
2014-08-01T09:52:19.413-0500: 3359.856: [GC pause (young) 3359.857: [G1Ergonomics (CSet Construction) start choosing CSet, _pending_cards: 5723, predicted base time: 21.06 ms, remaining time: 78.94 ms, target pause time: 100.00 ms]
 3359.857: [G1Ergonomics (CSet Construction) add young regions to CSet, eden: 1638 regions, survivors: 13 regions, predicted young region time: 19.72 ms]
 3359.857: [G1Ergonomics (CSet Construction) finish choosing CSet, eden: 1638 regions, survivors: 13 regions, old: 0 regions, predicted pause time: 40.78 ms, target pause time: 100.00 ms]
, 0.0379430 secs]
   [Parallel Time: 22.4 ms, GC Workers: 18]
      [GC Worker Start (ms): Min: 3359856.8, Avg: 3359857.2, Max: 3359857.4, Diff: 0.6]
      [Ext Root Scanning (ms): Min: 6.6, Avg: 8.6, Max: 12.5, Diff: 5.9, Sum: 154.6]
      [Update RS (ms): Min: 0.0, Avg: 1.8, Max: 4.0, Diff: 4.0, Sum: 32.8]
         [Processed Buffers: Min: 0, Avg: 7.6, Max: 32, Diff: 32, Sum: 137]
      [Scan RS (ms): Min: 0.2, Avg: 0.8, Max: 1.1, Diff: 0.9, Sum: 13.8]
      [Object Copy (ms): Min: 7.2, Avg: 9.1, Max: 11.4, Diff: 4.3, Sum: 164.1]
      [Termination (ms): Min: 0.0, Avg: 1.1, Max: 1.4, Diff: 1.4, Sum: 20.3]
      [GC Worker Other (ms): Min: 0.0, Avg: 0.3, Max: 0.8, Diff: 0.8, Sum: 5.0]
      [GC Worker Total (ms): Min: 21.3, Avg: 21.7, Max: 22.3, Diff: 1.0, Sum: 390.7]
      [GC Worker End (ms): Min: 3359878.7, Avg: 3359878.9, Max: 3359879.2, Diff: 0.5]
   [Code Root Fixup: 0.0 ms]
   [Clear CT: 2.1 ms]
   [Other: 13.4 ms]
      [Choose CSet: 0.0 ms]
      [Ref Proc: 7.3 ms]
      [Ref Enq: 0.4 ms]
      [Free CSet: 5.1 ms]
   [Eden: 1638.0M(1638.0M)->0.0B(1620.0M) Survivors: 13.0M->22.0M Heap: 1960.2M(2252.0M)->331.8M(2252.0M)]
 [Times: user=0.41 sys=0.01, real=0.04 secs] 

 Concurrent RS processed 2358060 cards
  Of 72298 completed buffers:
        72298 (100.0%) by conc RS threads.
            0 (  0.0%) by mutator threads.
  Conc RS threads times(s)
          0.00     0.00     0.00     0.00     0.00     0.00     0.00     0.00     0.00     0.00     0.00     0.00     0.00     0.00     0.00     0.00     0.00     0.00     0.00
  Total heap region rem set sizes = 6422K.  Max = 32K.
  Static structures = 369K, free_lists = 249K.
    329281 occupied cards represented.
    Max size region = 1:(O)[0x0000000763500000,0x00000007635ffff0,0x0000000763600000], size = 33K, occupied = 94K.
    Did 2841 coarsenings.
2014-08-01T09:52:25.907-0500: 3366.350: [GC pause (young) 3366.350: [G1Ergonomics (CSet Construction) start choosing CSet, _pending_cards: 5202, predicted base time: 21.42 ms, remaining time: 78.58 ms, target pause time: 100.00 ms]
 3366.350: [G1Ergonomics (CSet Construction) add young regions to CSet, eden: 1620 regions, survivors: 22 regions, predicted young region time: 11.29 ms]
 3366.350: [G1Ergonomics (CSet Construction) finish choosing CSet, eden: 1620 regions, survivors: 22 regions, old: 0 regions, predicted pause time: 32.71 ms, target pause time: 100.00 ms]
, 0.0402030 secs]
   [Parallel Time: 21.5 ms, GC Workers: 18]
      [GC Worker Start (ms): Min: 3366350.7, Avg: 3366350.8, Max: 3366351.0, Diff: 0.3]
      [Ext Root Scanning (ms): Min: 4.5, Avg: 6.7, Max: 11.0, Diff: 6.5, Sum: 121.0]
      [Update RS (ms): Min: 0.0, Avg: 1.6, Max: 4.8, Diff: 4.8, Sum: 29.6]
         [Processed Buffers: Min: 0, Avg: 7.9, Max: 26, Diff: 26, Sum: 143]
      [Scan RS (ms): Min: 0.2, Avg: 0.7, Max: 1.0, Diff: 0.8, Sum: 12.1]
      [Object Copy (ms): Min: 7.0, Avg: 9.4, Max: 11.8, Diff: 4.8, Sum: 169.9]
      [Termination (ms): Min: 0.0, Avg: 2.1, Max: 2.4, Diff: 2.4, Sum: 38.4]
      [GC Worker Other (ms): Min: 0.0, Avg: 0.2, Max: 0.4, Diff: 0.4, Sum: 3.6]
      [GC Worker Total (ms): Min: 20.5, Avg: 20.8, Max: 21.2, Diff: 0.7, Sum: 374.6]
      [GC Worker End (ms): Min: 3366371.4, Avg: 3366371.6, Max: 3366371.9, Diff: 0.4]
   [Code Root Fixup: 0.0 ms]
   [Clear CT: 2.6 ms]
   [Other: 16.0 ms]
      [Choose CSet: 0.0 ms]
      [Ref Proc: 9.9 ms]
      [Ref Enq: 0.6 ms]
      [Free CSet: 4.7 ms]
   [Eden: 1620.0M(1620.0M)->0.0B(1635.0M) Survivors: 22.0M->14.0M Heap: 1951.8M(2252.0M)->324.1M(2252.0M)]
 [Times: user=0.46 sys=0.00, real=0.04 secs] 

 Concurrent RS processed 2360484 cards
  Of 72441 completed buffers:
        72441 (100.0%) by conc RS threads.
            0 (  0.0%) by mutator threads.
  Conc RS threads times(s)
          0.00     0.00     0.00     0.00     0.00     0.00     0.00     0.00     0.00     0.00     0.00     0.00     0.00     0.00     0.00     0.00     0.00     0.00     0.00
  Total heap region rem set sizes = 6423K.  Max = 32K.
  Static structures = 369K, free_lists = 249K.
    329606 occupied cards represented.
    Max size region = 1:(O)[0x0000000763500000,0x00000007635ffff0,0x0000000763600000], size = 33K, occupied = 94K.
    Did 2841 coarsenings.
2014-08-01T09:52:32.462-0500: 3372.906: [GC pause (young) 3372.906: [G1Ergonomics (CSet Construction) start choosing CSet, _pending_cards: 5776, predicted base time: 22.43 ms, remaining time: 77.57 ms, target pause time: 100.00 ms]
 3372.906: [G1Ergonomics (CSet Construction) add young regions to CSet, eden: 1635 regions, survivors: 14 regions, predicted young region time: 28.10 ms]
 3372.906: [G1Ergonomics (CSet Construction) finish choosing CSet, eden: 1635 regions, survivors: 14 regions, old: 0 regions, predicted pause time: 50.53 ms, target pause time: 100.00 ms]
, 0.0470550 secs]
   [Parallel Time: 31.4 ms, GC Workers: 18]
      [GC Worker Start (ms): Min: 3372906.1, Avg: 3372906.3, Max: 3372906.4, Diff: 0.3]
      [Ext Root Scanning (ms): Min: 0.8, Avg: 6.9, Max: 10.9, Diff: 10.2, Sum: 124.5]
      [Update RS (ms): Min: 0.0, Avg: 1.8, Max: 4.2, Diff: 4.2, Sum: 31.5]
         [Processed Buffers: Min: 0, Avg: 8.2, Max: 30, Diff: 30, Sum: 147]
      [Scan RS (ms): Min: 0.2, Avg: 1.3, Max: 11.9, Diff: 11.6, Sum: 23.6]
      [Object Copy (ms): Min: 4.1, Avg: 14.2, Max: 29.1, Diff: 25.0, Sum: 256.3]
      [Termination (ms): Min: 0.1, Avg: 6.1, Max: 6.7, Diff: 6.7, Sum: 110.3]
      [GC Worker Other (ms): Min: 0.0, Avg: 0.2, Max: 0.4, Diff: 0.4, Sum: 3.6]
      [GC Worker Total (ms): Min: 30.2, Avg: 30.5, Max: 30.8, Diff: 0.6, Sum: 549.8]
      [GC Worker End (ms): Min: 3372936.6, Avg: 3372936.8, Max: 3372937.0, Diff: 0.4]
   [Code Root Fixup: 0.0 ms]
   [Clear CT: 1.8 ms]
   [Other: 13.9 ms]
      [Choose CSet: 0.0 ms]
      [Ref Proc: 7.3 ms]
      [Ref Enq: 0.5 ms]
      [Free CSet: 5.4 ms]
   [Eden: 1635.0M(1635.0M)->0.0B(1615.0M) Survivors: 14.0M->24.0M Heap: 1959.1M(2252.0M)->333.6M(2252.0M)]
 [Times: user=0.57 sys=0.00, real=0.04 secs] 

 Concurrent RS processed 2363068 cards
  Of 72588 completed buffers:
        72588 (100.0%) by conc RS threads.
            0 (  0.0%) by mutator threads.
  Conc RS threads times(s)
          0.00     0.00     0.00     0.00     0.00     0.00     0.00     0.00     0.00     0.00     0.00     0.00     0.00     0.00     0.00     0.00     0.00     0.00     0.00
  Total heap region rem set sizes = 6428K.  Max = 32K.
  Static structures = 369K, free_lists = 248K.
    330110 occupied cards represented.
    Max size region = 1:(O)[0x0000000763500000,0x00000007635ffff0,0x0000000763600000], size = 33K, occupied = 94K.
    Did 2841 coarsenings.
2014-08-01T09:52:38.641-0500: 3379.085: [GC pause (young) 3379.085: [G1Ergonomics (CSet Construction) start choosing CSet, _pending_cards: 5731, predicted base time: 21.86 ms, remaining time: 78.14 ms, target pause time: 100.00 ms]
 3379.085: [G1Ergonomics (CSet Construction) add young regions to CSet, eden: 1615 regions, survivors: 24 regions, predicted young region time: 14.65 ms]
 3379.085: [G1Ergonomics (CSet Construction) finish choosing CSet, eden: 1615 regions, survivors: 24 regions, old: 0 regions, predicted pause time: 36.51 ms, target pause time: 100.00 ms]
, 0.0345900 secs]
   [Parallel Time: 18.1 ms, GC Workers: 18]
      [GC Worker Start (ms): Min: 3379085.0, Avg: 3379085.2, Max: 3379085.3, Diff: 0.3]
      [Ext Root Scanning (ms): Min: 6.1, Avg: 7.2, Max: 11.6, Diff: 5.5, Sum: 129.6]
      [Update RS (ms): Min: 0.0, Avg: 1.4, Max: 3.1, Diff: 3.1, Sum: 25.7]
         [Processed Buffers: Min: 0, Avg: 7.9, Max: 24, Diff: 24, Sum: 143]
      [Scan RS (ms): Min: 0.2, Avg: 0.7, Max: 1.0, Diff: 0.8, Sum: 12.1]
      [Object Copy (ms): Min: 4.1, Avg: 6.8, Max: 7.4, Diff: 3.2, Sum: 121.8]
      [Termination (ms): Min: 0.0, Avg: 0.0, Max: 0.0, Diff: 0.0, Sum: 0.1]
      [GC Worker Other (ms): Min: 0.1, Avg: 0.7, Max: 1.6, Diff: 1.6, Sum: 11.7]
      [GC Worker Total (ms): Min: 16.0, Avg: 16.7, Max: 17.9, Diff: 1.8, Sum: 300.9]
      [GC Worker End (ms): Min: 3379101.3, Avg: 3379101.9, Max: 3379102.8, Diff: 1.6]
   [Code Root Fixup: 0.0 ms]
   [Clear CT: 2.5 ms]
   [Other: 14.0 ms]
      [Choose CSet: 0.0 ms]
      [Ref Proc: 7.2 ms]
      [Ref Enq: 1.8 ms]
      [Free CSet: 4.3 ms]
   [Eden: 1615.0M(1615.0M)->0.0B(1631.0M) Survivors: 24.0M->16.0M Heap: 1948.6M(2252.0M)->325.6M(2252.0M)]
 [Times: user=0.36 sys=0.00, real=0.03 secs] 

 Concurrent RS processed 2365495 cards
  Of 72731 completed buffers:
        72731 (100.0%) by conc RS threads.
            0 (  0.0%) by mutator threads.
  Conc RS threads times(s)
          0.00     0.00     0.00     0.00     0.00     0.00     0.00     0.00     0.00     0.00     0.00     0.00     0.00     0.00     0.00     0.00     0.00     0.00     0.00
  Total heap region rem set sizes = 6429K.  Max = 32K.
  Static structures = 369K, free_lists = 247K.
    330538 occupied cards represented.
    Max size region = 1:(O)[0x0000000763500000,0x00000007635ffff0,0x0000000763600000], size = 33K, occupied = 94K.
    Did 2841 coarsenings.
2014-08-01T09:52:45.276-0500: 3385.719: [GC pause (young) 3385.719: [G1Ergonomics (CSet Construction) start choosing CSet, _pending_cards: 5717, predicted base time: 22.37 ms, remaining time: 77.63 ms, target pause time: 100.00 ms]
 3385.719: [G1Ergonomics (CSet Construction) add young regions to CSet, eden: 1631 regions, survivors: 16 regions, predicted young region time: 15.70 ms]
 3385.719: [G1Ergonomics (CSet Construction) finish choosing CSet, eden: 1631 regions, survivors: 16 regions, old: 0 regions, predicted pause time: 38.06 ms, target pause time: 100.00 ms]
, 0.0406400 secs]
   [Parallel Time: 17.0 ms, GC Workers: 18]
      [GC Worker Start (ms): Min: 3385719.4, Avg: 3385719.6, Max: 3385719.7, Diff: 0.3]
      [Ext Root Scanning (ms): Min: 5.2, Avg: 7.2, Max: 13.0, Diff: 7.8, Sum: 129.2]
      [Update RS (ms): Min: 0.0, Avg: 1.5, Max: 3.1, Diff: 3.1, Sum: 26.4]
         [Processed Buffers: Min: 0, Avg: 7.4, Max: 18, Diff: 18, Sum: 134]
      [Scan RS (ms): Min: 0.2, Avg: 0.7, Max: 1.0, Diff: 0.7, Sum: 13.3]
      [Object Copy (ms): Min: 2.2, Avg: 6.3, Max: 7.4, Diff: 5.2, Sum: 114.3]
      [Termination (ms): Min: 0.0, Avg: 0.5, Max: 0.6, Diff: 0.6, Sum: 9.8]
      [GC Worker Other (ms): Min: 0.0, Avg: 0.2, Max: 0.4, Diff: 0.3, Sum: 2.8]
      [GC Worker Total (ms): Min: 16.2, Avg: 16.4, Max: 16.7, Diff: 0.5, Sum: 295.7]
      [GC Worker End (ms): Min: 3385735.9, Avg: 3385736.0, Max: 3385736.2, Diff: 0.3]
   [Code Root Fixup: 0.0 ms]
   [Clear CT: 2.1 ms]
   [Other: 21.6 ms]
      [Choose CSet: 0.0 ms]
      [Ref Proc: 16.1 ms]
      [Ref Enq: 0.4 ms]
      [Free CSet: 4.4 ms]
   [Eden: 1631.0M(1631.0M)->0.0B(1633.0M) Survivors: 16.0M->15.0M Heap: 1956.6M(2252.0M)->324.6M(2252.0M)]
 [Times: user=0.49 sys=0.01, real=0.04 secs] 

 Concurrent RS processed 2367899 cards
  Of 72865 completed buffers:
        72865 (100.0%) by conc RS threads.
            0 (  0.0%) by mutator threads.
  Conc RS threads times(s)
          0.00     0.00     0.00     0.00     0.00     0.00     0.00     0.00     0.00     0.00     0.00     0.00     0.00     0.00     0.00     0.00     0.00     0.00     0.00
  Total heap region rem set sizes = 6430K.  Max = 32K.
  Static structures = 369K, free_lists = 247K.
    330927 occupied cards represented.
    Max size region = 1:(O)[0x0000000763500000,0x00000007635ffff0,0x0000000763600000], size = 33K, occupied = 94K.
    Did 2841 coarsenings.
2014-08-01T09:52:51.542-0500: 3391.985: [GC pause (young) 3391.986: [G1Ergonomics (CSet Construction) start choosing CSet, _pending_cards: 113382, predicted base time: 55.73 ms, remaining time: 44.27 ms, target pause time: 100.00 ms]
 3391.986: [G1Ergonomics (CSet Construction) add young regions to CSet, eden: 1561 regions, survivors: 15 regions, predicted young region time: 87.16 ms]
 3391.986: [G1Ergonomics (CSet Construction) finish choosing CSet, eden: 1561 regions, survivors: 15 regions, old: 0 regions, predicted pause time: 142.89 ms, target pause time: 100.00 ms]
, 0.0614870 secs]
   [Parallel Time: 41.5 ms, GC Workers: 18]
      [GC Worker Start (ms): Min: 3391985.8, Avg: 3391986.0, Max: 3391986.2, Diff: 0.4]
      [Ext Root Scanning (ms): Min: 6.2, Avg: 7.4, Max: 18.9, Diff: 12.7, Sum: 132.8]
      [Update RS (ms): Min: 12.5, Avg: 23.3, Max: 30.1, Diff: 17.7, Sum: 419.8]
         [Processed Buffers: Min: 21, Avg: 32.2, Max: 50, Diff: 29, Sum: 580]
      [Scan RS (ms): Min: 0.3, Avg: 1.3, Max: 1.9, Diff: 1.5, Sum: 22.9]
      [Object Copy (ms): Min: 2.0, Avg: 7.3, Max: 8.1, Diff: 6.1, Sum: 131.7]
      [Termination (ms): Min: 0.0, Avg: 0.1, Max: 0.1, Diff: 0.1, Sum: 1.5]
      [GC Worker Other (ms): Min: 0.1, Avg: 0.8, Max: 1.8, Diff: 1.7, Sum: 13.5]
      [GC Worker Total (ms): Min: 39.3, Avg: 40.1, Max: 41.3, Diff: 2.0, Sum: 722.3]
      [GC Worker End (ms): Min: 3392025.4, Avg: 3392026.1, Max: 3392027.1, Diff: 1.7]
   [Code Root Fixup: 0.0 ms]
   [Clear CT: 1.8 ms]
   [Other: 18.2 ms]
      [Choose CSet: 0.0 ms]
      [Ref Proc: 12.6 ms]
      [Ref Enq: 0.4 ms]
      [Free CSet: 4.5 ms]
   [Eden: 1561.0M(1561.0M)->0.0B(1564.0M) Survivors: 15.0M->12.0M Heap: 1977.6M(2252.0M)->414.4M(2252.0M)]
 [Times: user=0.78 sys=0.01, real=0.07 secs] 

 Concurrent RS processed 2455629 cards
  Of 73764 completed buffers:
        73764 (100.0%) by conc RS threads.
            0 (  0.0%) by mutator threads.
  Conc RS threads times(s)
          0.00     0.00     0.00     0.00     0.00     0.00     0.00     0.00     0.00     0.00     0.00     0.00     0.00     0.00     0.00     0.00     0.00     0.00     0.00
  Total heap region rem set sizes = 6221K.  Max = 32K.
  Static structures = 369K, free_lists = 246K.
    331264 occupied cards represented.
    Max size region = 1:(O)[0x0000000763500000,0x00000007635ffff0,0x0000000763600000], size = 33K, occupied = 94K.
    Did 2841 coarsenings.
2014-08-01T09:52:58.009-0500: 3398.452: [GC pause (young) 3398.452: [G1Ergonomics (CSet Construction) start choosing CSet, _pending_cards: 5199, predicted base time: 25.67 ms, remaining time: 74.33 ms, target pause time: 100.00 ms]
 3398.452: [G1Ergonomics (CSet Construction) add young regions to CSet, eden: 1564 regions, survivors: 12 regions, predicted young region time: 20.90 ms]
 3398.452: [G1Ergonomics (CSet Construction) finish choosing CSet, eden: 1564 regions, survivors: 12 regions, old: 0 regions, predicted pause time: 46.57 ms, target pause time: 100.00 ms]
, 0.0361700 secs]
   [Parallel Time: 13.8 ms, GC Workers: 18]
      [GC Worker Start (ms): Min: 3398452.7, Avg: 3398452.9, Max: 3398453.0, Diff: 0.4]
      [Ext Root Scanning (ms): Min: 3.9, Avg: 4.7, Max: 7.8, Diff: 3.8, Sum: 84.5]
      [Update RS (ms): Min: 0.0, Avg: 0.9, Max: 1.3, Diff: 1.3, Sum: 15.8]
         [Processed Buffers: Min: 0, Avg: 7.5, Max: 25, Diff: 25, Sum: 135]
      [Scan RS (ms): Min: 0.1, Avg: 0.4, Max: 0.5, Diff: 0.4, Sum: 7.6]
      [Object Copy (ms): Min: 5.2, Avg: 7.1, Max: 7.4, Diff: 2.2, Sum: 127.8]
      [Termination (ms): Min: 0.0, Avg: 0.1, Max: 0.1, Diff: 0.1, Sum: 1.1]
      [GC Worker Other (ms): Min: 0.0, Avg: 0.2, Max: 0.4, Diff: 0.3, Sum: 3.8]
      [GC Worker Total (ms): Min: 13.1, Avg: 13.4, Max: 13.6, Diff: 0.5, Sum: 240.6]
      [GC Worker End (ms): Min: 3398466.1, Avg: 3398466.2, Max: 3398466.4, Diff: 0.3]
   [Code Root Fixup: 0.0 ms]
   [Clear CT: 4.0 ms]
   [Other: 18.4 ms]
      [Choose CSet: 0.0 ms]
      [Ref Proc: 10.9 ms]
      [Ref Enq: 0.5 ms]
      [Free CSet: 6.3 ms]
   [Eden: 1564.0M(1564.0M)->0.0B(1552.0M) Survivors: 12.0M->24.0M Heap: 1978.4M(2252.0M)->425.9M(2252.0M)]
 [Times: user=0.38 sys=0.00, real=0.04 secs] 

 Concurrent RS processed 2457950 cards
  Of 73899 completed buffers:
        73899 (100.0%) by conc RS threads.
            0 (  0.0%) by mutator threads.
  Conc RS threads times(s)
          0.00     0.00     0.00     0.00     0.00     0.00     0.00     0.00     0.00     0.00     0.00     0.00     0.00     0.00     0.00     0.00     0.00     0.00     0.00
  Total heap region rem set sizes = 6222K.  Max = 32K.
  Static structures = 369K, free_lists = 246K.
    331702 occupied cards represented.
    Max size region = 1:(O)[0x0000000763500000,0x00000007635ffff0,0x0000000763600000], size = 33K, occupied = 94K.
    Did 2841 coarsenings.
2014-08-01T09:53:04.318-0500: 3404.761: [GC pause (young) 3404.761: [G1Ergonomics (CSet Construction) start choosing CSet, _pending_cards: 5459, predicted base time: 24.96 ms, remaining time: 75.04 ms, target pause time: 100.00 ms]
 3404.761: [G1Ergonomics (CSet Construction) add young regions to CSet, eden: 1552 regions, survivors: 24 regions, predicted young region time: 16.59 ms]
 3404.761: [G1Ergonomics (CSet Construction) finish choosing CSet, eden: 1552 regions, survivors: 24 regions, old: 0 regions, predicted pause time: 41.55 ms, target pause time: 100.00 ms]
, 0.0377670 secs]
   [Parallel Time: 20.8 ms, GC Workers: 18]
      [GC Worker Start (ms): Min: 3404761.7, Avg: 3404761.8, Max: 3404762.0, Diff: 0.3]
      [Ext Root Scanning (ms): Min: 4.2, Avg: 6.0, Max: 8.4, Diff: 4.2, Sum: 107.5]
      [Update RS (ms): Min: 0.0, Avg: 1.3, Max: 3.4, Diff: 3.4, Sum: 24.2]
         [Processed Buffers: Min: 0, Avg: 8.0, Max: 23, Diff: 23, Sum: 144]
      [Scan RS (ms): Min: 0.2, Avg: 0.7, Max: 0.9, Diff: 0.7, Sum: 13.4]
      [Object Copy (ms): Min: 10.2, Avg: 11.2, Max: 11.8, Diff: 1.6, Sum: 201.4]
      [Termination (ms): Min: 0.1, Avg: 0.4, Max: 1.0, Diff: 1.0, Sum: 7.6]
      [GC Worker Other (ms): Min: 0.0, Avg: 0.2, Max: 0.4, Diff: 0.4, Sum: 4.3]
      [GC Worker Total (ms): Min: 19.5, Avg: 19.9, Max: 20.3, Diff: 0.8, Sum: 358.5]
      [GC Worker End (ms): Min: 3404781.5, Avg: 3404781.7, Max: 3404782.2, Diff: 0.7]
   [Code Root Fixup: 0.0 ms]
   [Clear CT: 3.5 ms]
   [Other: 13.5 ms]
      [Choose CSet: 0.0 ms]
      [Ref Proc: 7.7 ms]
      [Ref Enq: 0.4 ms]
      [Free CSet: 4.6 ms]
   [Eden: 1552.0M(1552.0M)->0.0B(1559.0M) Survivors: 24.0M->17.0M Heap: 1977.9M(2252.0M)->418.9M(2252.0M)]
 [Times: user=0.42 sys=0.00, real=0.04 secs] 

 Concurrent RS processed 2460350 cards
  Of 74043 completed buffers:
        74043 (100.0%) by conc RS threads.
            0 (  0.0%) by mutator threads.
  Conc RS threads times(s)
          0.00     0.00     0.00     0.00     0.00     0.00     0.00     0.00     0.00     0.00     0.00     0.00     0.00     0.00     0.00     0.00     0.00     0.00     0.00
  Total heap region rem set sizes = 6224K.  Max = 32K.
  Static structures = 369K, free_lists = 246K.
    332038 occupied cards represented.
    Max size region = 1:(O)[0x0000000763500000,0x00000007635ffff0,0x0000000763600000], size = 33K, occupied = 94K.
    Did 2841 coarsenings.
2014-08-01T09:53:10.430-0500: 3410.874: [GC pause (young) 3410.874: [G1Ergonomics (CSet Construction) start choosing CSet, _pending_cards: 6201, predicted base time: 24.19 ms, remaining time: 75.81 ms, target pause time: 100.00 ms]
 3410.874: [G1Ergonomics (CSet Construction) add young regions to CSet, eden: 1559 regions, survivors: 17 regions, predicted young region time: 27.57 ms]
 3410.874: [G1Ergonomics (CSet Construction) finish choosing CSet, eden: 1559 regions, survivors: 17 regions, old: 0 regions, predicted pause time: 51.76 ms, target pause time: 100.00 ms]
, 0.0217860 secs]
   [Parallel Time: 12.2 ms, GC Workers: 18]
      [GC Worker Start (ms): Min: 3410873.9, Avg: 3410874.1, Max: 3410874.2, Diff: 0.3]
      [Ext Root Scanning (ms): Min: 3.3, Avg: 4.1, Max: 7.2, Diff: 3.9, Sum: 74.5]
      [Update RS (ms): Min: 0.0, Avg: 0.8, Max: 1.6, Diff: 1.6, Sum: 14.6]
         [Processed Buffers: Min: 0, Avg: 7.8, Max: 25, Diff: 25, Sum: 140]
      [Scan RS (ms): Min: 0.1, Avg: 0.5, Max: 0.8, Diff: 0.7, Sum: 9.8]
      [Object Copy (ms): Min: 4.0, Avg: 6.0, Max: 6.4, Diff: 2.4, Sum: 107.7]
      [Termination (ms): Min: 0.0, Avg: 0.1, Max: 0.1, Diff: 0.1, Sum: 0.9]
      [GC Worker Other (ms): Min: 0.0, Avg: 0.2, Max: 0.3, Diff: 0.3, Sum: 3.0]
      [GC Worker Total (ms): Min: 11.5, Avg: 11.7, Max: 11.9, Diff: 0.4, Sum: 210.5]
      [GC Worker End (ms): Min: 3410885.6, Avg: 3410885.8, Max: 3410885.9, Diff: 0.3]
   [Code Root Fixup: 0.0 ms]
   [Clear CT: 1.5 ms]
   [Other: 8.1 ms]
      [Choose CSet: 0.0 ms]
      [Ref Proc: 4.4 ms]
      [Ref Enq: 0.3 ms]
      [Free CSet: 2.8 ms]
   [Eden: 1559.0M(1559.0M)->0.0B(1563.0M) Survivors: 17.0M->13.0M Heap: 1977.9M(2252.0M)->415.3M(2252.0M)]
 [Times: user=0.25 sys=0.01, real=0.02 secs] 

 Concurrent RS processed 2462670 cards
  Of 74183 completed buffers:
        74183 (100.0%) by conc RS threads.
            0 (  0.0%) by mutator threads.
  Conc RS threads times(s)
          0.00     0.00     0.00     0.00     0.00     0.00     0.00     0.00     0.00     0.00     0.00     0.00     0.00     0.00     0.00     0.00     0.00     0.00     0.00
  Total heap region rem set sizes = 6225K.  Max = 32K.
  Static structures = 369K, free_lists = 245K.
    332392 occupied cards represented.
    Max size region = 1:(O)[0x0000000763500000,0x00000007635ffff0,0x0000000763600000], size = 33K, occupied = 94K.
    Did 2841 coarsenings.
2014-08-01T09:53:16.930-0500: 3417.374: [GC pause (young) 3417.374: [G1Ergonomics (CSet Construction) start choosing CSet, _pending_cards: 5466, predicted base time: 21.82 ms, remaining time: 78.18 ms, target pause time: 100.00 ms]
 3417.374: [G1Ergonomics (CSet Construction) add young regions to CSet, eden: 1563 regions, survivors: 13 regions, predicted young region time: 14.92 ms]
 3417.374: [G1Ergonomics (CSet Construction) finish choosing CSet, eden: 1563 regions, survivors: 13 regions, old: 0 regions, predicted pause time: 36.74 ms, target pause time: 100.00 ms]
, 0.0434510 secs]
   [Parallel Time: 21.8 ms, GC Workers: 18]
      [GC Worker Start (ms): Min: 3417374.1, Avg: 3417374.2, Max: 3417374.4, Diff: 0.4]
      [Ext Root Scanning (ms): Min: 6.3, Avg: 7.5, Max: 11.3, Diff: 5.0, Sum: 134.7]
      [Update RS (ms): Min: 0.0, Avg: 1.6, Max: 2.7, Diff: 2.7, Sum: 28.1]
         [Processed Buffers: Min: 0, Avg: 7.9, Max: 17, Diff: 17, Sum: 142]
      [Scan RS (ms): Min: 0.2, Avg: 0.7, Max: 0.9, Diff: 0.7, Sum: 13.2]
      [Object Copy (ms): Min: 8.1, Avg: 10.0, Max: 10.5, Diff: 2.4, Sum: 179.4]
      [Termination (ms): Min: 0.0, Avg: 0.2, Max: 0.3, Diff: 0.3, Sum: 4.1]
      [GC Worker Other (ms): Min: 0.0, Avg: 0.8, Max: 1.6, Diff: 1.5, Sum: 14.5]
      [GC Worker Total (ms): Min: 19.9, Avg: 20.8, Max: 21.7, Diff: 1.8, Sum: 374.0]
      [GC Worker End (ms): Min: 3417394.2, Avg: 3417395.0, Max: 3417395.8, Diff: 1.5]
   [Code Root Fixup: 0.0 ms]
   [Clear CT: 1.9 ms]
   [Other: 19.8 ms]
      [Choose CSet: 0.0 ms]
      [Ref Proc: 12.0 ms]
      [Ref Enq: 0.7 ms]
      [Free CSet: 6.3 ms]
   [Eden: 1563.0M(1563.0M)->0.0B(1565.0M) Survivors: 13.0M->11.0M Heap: 1978.3M(2252.0M)->413.7M(2252.0M)]
 [Times: user=0.46 sys=0.01, real=0.04 secs] 

 Concurrent RS processed 2465085 cards
  Of 74325 completed buffers:
        74325 (100.0%) by conc RS threads.
            0 (  0.0%) by mutator threads.
  Conc RS threads times(s)
          0.00     0.00     0.00     0.00     0.00     0.00     0.00     0.00     0.00     0.00     0.00     0.00     0.00     0.00     0.00     0.00     0.00     0.00     0.00
  Total heap region rem set sizes = 6226K.  Max = 32K.
  Static structures = 369K, free_lists = 245K.
    332748 occupied cards represented.
    Max size region = 1:(O)[0x0000000763500000,0x00000007635ffff0,0x0000000763600000], size = 33K, occupied = 95K.
    Did 2841 coarsenings.
2014-08-01T09:53:23.407-0500: 3423.850: [GC pause (young) 3423.850: [G1Ergonomics (CSet Construction) start choosing CSet, _pending_cards: 5996, predicted base time: 23.93 ms, remaining time: 76.07 ms, target pause time: 100.00 ms]
 3423.850: [G1Ergonomics (CSet Construction) add young regions to CSet, eden: 1565 regions, survivors: 11 regions, predicted young region time: 10.90 ms]
 3423.850: [G1Ergonomics (CSet Construction) finish choosing CSet, eden: 1565 regions, survivors: 11 regions, old: 0 regions, predicted pause time: 34.83 ms, target pause time: 100.00 ms]
, 0.0365420 secs]
   [Parallel Time: 20.5 ms, GC Workers: 18]
      [GC Worker Start (ms): Min: 3423850.3, Avg: 3423850.5, Max: 3423850.7, Diff: 0.3]
      [Ext Root Scanning (ms): Min: 5.5, Avg: 7.8, Max: 17.1, Diff: 11.6, Sum: 139.8]
      [Update RS (ms): Min: 0.0, Avg: 1.8, Max: 4.0, Diff: 4.0, Sum: 31.6]
         [Processed Buffers: Min: 0, Avg: 8.0, Max: 28, Diff: 28, Sum: 144]
      [Scan RS (ms): Min: 0.2, Avg: 0.7, Max: 1.2, Diff: 1.0, Sum: 12.1]
      [Object Copy (ms): Min: 2.3, Avg: 9.5, Max: 10.5, Diff: 8.2, Sum: 170.3]
      [Termination (ms): Min: 0.0, Avg: 0.1, Max: 0.2, Diff: 0.2, Sum: 2.0]
      [GC Worker Other (ms): Min: 0.0, Avg: 0.2, Max: 0.4, Diff: 0.4, Sum: 3.8]
      [GC Worker Total (ms): Min: 19.7, Avg: 20.0, Max: 20.2, Diff: 0.5, Sum: 359.6]
      [GC Worker End (ms): Min: 3423870.3, Avg: 3423870.5, Max: 3423870.7, Diff: 0.4]
   [Code Root Fixup: 0.0 ms]
   [Clear CT: 1.6 ms]
   [Other: 14.4 ms]
      [Choose CSet: 0.0 ms]
      [Ref Proc: 9.0 ms]
      [Ref Enq: 0.5 ms]
      [Free CSet: 4.3 ms]
   [Eden: 1565.0M(1565.0M)->0.0B(1551.0M) Survivors: 11.0M->25.0M Heap: 1978.7M(2252.0M)->427.5M(2252.0M)]
 [Times: user=0.40 sys=0.01, real=0.04 secs] 

 Concurrent RS processed 2467560 cards
  Of 74469 completed buffers:
        74469 (100.0%) by conc RS threads.
            0 (  0.0%) by mutator threads.
  Conc RS threads times(s)
          0.00     0.00     0.00     0.00     0.00     0.00     0.00     0.00     0.00     0.00     0.00     0.00     0.00     0.00     0.00     0.00     0.00     0.00     0.00
  Total heap region rem set sizes = 6226K.  Max = 32K.
  Static structures = 369K, free_lists = 245K.
    333134 occupied cards represented.
    Max size region = 1:(O)[0x0000000763500000,0x00000007635ffff0,0x0000000763600000], size = 33K, occupied = 95K.
    Did 2841 coarsenings.
2014-08-01T09:53:29.670-0500: 3430.114: [GC pause (young) 3430.114: [G1Ergonomics (CSet Construction) start choosing CSet, _pending_cards: 5234, predicted base time: 23.45 ms, remaining time: 76.55 ms, target pause time: 100.00 ms]
 3430.114: [G1Ergonomics (CSet Construction) add young regions to CSet, eden: 1551 regions, survivors: 25 regions, predicted young region time: 21.80 ms]
 3430.114: [G1Ergonomics (CSet Construction) finish choosing CSet, eden: 1551 regions, survivors: 25 regions, old: 0 regions, predicted pause time: 45.24 ms, target pause time: 100.00 ms]
, 0.0333500 secs]
   [Parallel Time: 20.1 ms, GC Workers: 18]
      [GC Worker Start (ms): Min: 3430114.1, Avg: 3430114.3, Max: 3430114.4, Diff: 0.3]
      [Ext Root Scanning (ms): Min: 6.6, Avg: 7.9, Max: 12.5, Diff: 5.9, Sum: 142.2]
      [Update RS (ms): Min: 0.0, Avg: 1.6, Max: 3.0, Diff: 3.0, Sum: 28.5]
         [Processed Buffers: Min: 0, Avg: 7.4, Max: 20, Diff: 20, Sum: 134]
      [Scan RS (ms): Min: 0.2, Avg: 0.7, Max: 1.1, Diff: 0.9, Sum: 12.8]
      [Object Copy (ms): Min: 6.4, Avg: 8.8, Max: 9.6, Diff: 3.3, Sum: 158.1]
      [Termination (ms): Min: 0.0, Avg: 0.3, Max: 0.4, Diff: 0.4, Sum: 5.3]
      [GC Worker Other (ms): Min: 0.0, Avg: 0.3, Max: 0.4, Diff: 0.4, Sum: 4.6]
      [GC Worker Total (ms): Min: 19.2, Avg: 19.5, Max: 19.8, Diff: 0.6, Sum: 351.5]
      [GC Worker End (ms): Min: 3430133.6, Avg: 3430133.8, Max: 3430134.0, Diff: 0.4]
   [Code Root Fixup: 0.0 ms]
   [Clear CT: 1.8 ms]
   [Other: 11.4 ms]
      [Choose CSet: 0.0 ms]
      [Ref Proc: 6.1 ms]
      [Ref Enq: 0.4 ms]
      [Free CSet: 4.2 ms]
   [Eden: 1551.0M(1551.0M)->0.0B(1561.0M) Survivors: 25.0M->15.0M Heap: 1978.5M(2252.0M)->417.2M(2252.0M)]
 [Times: user=0.38 sys=0.00, real=0.03 secs] 

 Concurrent RS processed 2469974 cards
  Of 74603 completed buffers:
        74603 (100.0%) by conc RS threads.
            0 (  0.0%) by mutator threads.
  Conc RS threads times(s)
          0.00     0.00     0.00     0.00     0.00     0.00     0.00     0.00     0.00     0.00     0.00     0.00     0.00     0.00     0.00     0.00     0.00     0.00     0.00
  Total heap region rem set sizes = 6227K.  Max = 32K.
  Static structures = 369K, free_lists = 245K.
    333470 occupied cards represented.
    Max size region = 1:(O)[0x0000000763500000,0x00000007635ffff0,0x0000000763600000], size = 33K, occupied = 95K.
    Did 2841 coarsenings.
2014-08-01T09:53:35.646-0500: 3436.090: [GC pause (young) 3436.090: [G1Ergonomics (CSet Construction) start choosing CSet, _pending_cards: 5497, predicted base time: 22.60 ms, remaining time: 77.40 ms, target pause time: 100.00 ms]
 3436.090: [G1Ergonomics (CSet Construction) add young regions to CSet, eden: 1561 regions, survivors: 15 regions, predicted young region time: 18.99 ms]
 3436.090: [G1Ergonomics (CSet Construction) finish choosing CSet, eden: 1561 regions, survivors: 15 regions, old: 0 regions, predicted pause time: 41.59 ms, target pause time: 100.00 ms]
, 0.0365440 secs]
   [Parallel Time: 23.2 ms, GC Workers: 18]
      [GC Worker Start (ms): Min: 3436090.1, Avg: 3436090.3, Max: 3436090.5, Diff: 0.4]
      [Ext Root Scanning (ms): Min: 5.4, Avg: 6.8, Max: 11.2, Diff: 5.8, Sum: 122.0]
      [Update RS (ms): Min: 0.0, Avg: 1.7, Max: 3.3, Diff: 3.3, Sum: 29.7]
         [Processed Buffers: Min: 0, Avg: 8.2, Max: 32, Diff: 32, Sum: 147]
      [Scan RS (ms): Min: 0.2, Avg: 0.7, Max: 0.9, Diff: 0.8, Sum: 12.5]
      [Object Copy (ms): Min: 11.0, Avg: 13.1, Max: 13.6, Diff: 2.6, Sum: 235.6]
      [Termination (ms): Min: 0.0, Avg: 0.2, Max: 0.3, Diff: 0.3, Sum: 4.2]
      [GC Worker Other (ms): Min: 0.1, Avg: 0.2, Max: 0.4, Diff: 0.4, Sum: 4.2]
      [GC Worker Total (ms): Min: 22.3, Avg: 22.7, Max: 22.9, Diff: 0.5, Sum: 408.2]
      [GC Worker End (ms): Min: 3436112.8, Avg: 3436113.0, Max: 3436113.2, Diff: 0.4]
   [Code Root Fixup: 0.0 ms]
   [Clear CT: 1.3 ms]
   [Other: 12.0 ms]
      [Choose CSet: 0.0 ms]
      [Ref Proc: 6.7 ms]
      [Ref Enq: 0.6 ms]
      [Free CSet: 4.2 ms]
   [Eden: 1561.0M(1561.0M)->0.0B(1554.0M) Survivors: 15.0M->22.0M Heap: 1978.2M(2252.0M)->424.8M(2252.0M)]
 [Times: user=0.44 sys=0.00, real=0.04 secs] 

 Concurrent RS processed 2472378 cards
  Of 74750 completed buffers:
        74750 (100.0%) by conc RS threads.
            0 (  0.0%) by mutator threads.
  Conc RS threads times(s)
          0.00     0.00     0.00     0.00     0.00     0.00     0.00     0.00     0.00     0.00     0.00     0.00     0.00     0.00     0.00     0.00     0.00     0.00     0.00
  Total heap region rem set sizes = 6228K.  Max = 32K.
  Static structures = 369K, free_lists = 245K.
    333812 occupied cards represented.
    Max size region = 1:(O)[0x0000000763500000,0x00000007635ffff0,0x0000000763600000], size = 33K, occupied = 95K.
    Did 2841 coarsenings.
2014-08-01T09:53:41.825-0500: 3442.268: [GC pause (young) 3442.268: [G1Ergonomics (CSet Construction) start choosing CSet, _pending_cards: 5518, predicted base time: 21.64 ms, remaining time: 78.36 ms, target pause time: 100.00 ms]
 3442.268: [G1Ergonomics (CSet Construction) add young regions to CSet, eden: 1554 regions, survivors: 22 regions, predicted young region time: 10.80 ms]
 3442.268: [G1Ergonomics (CSet Construction) finish choosing CSet, eden: 1554 regions, survivors: 22 regions, old: 0 regions, predicted pause time: 32.44 ms, target pause time: 100.00 ms]
, 0.0426610 secs]
   [Parallel Time: 27.7 ms, GC Workers: 18]
      [GC Worker Start (ms): Min: 3442268.3, Avg: 3442268.5, Max: 3442268.6, Diff: 0.3]
      [Ext Root Scanning (ms): Min: 4.4, Avg: 6.5, Max: 11.9, Diff: 7.5, Sum: 116.3]
      [Update RS (ms): Min: 0.0, Avg: 1.5, Max: 3.4, Diff: 3.4, Sum: 26.6]
         [Processed Buffers: Min: 0, Avg: 7.9, Max: 24, Diff: 24, Sum: 142]
      [Scan RS (ms): Min: 0.2, Avg: 0.7, Max: 1.2, Diff: 0.9, Sum: 13.2]
      [Object Copy (ms): Min: 11.0, Avg: 12.3, Max: 14.9, Diff: 4.0, Sum: 220.9]
      [Termination (ms): Min: 0.0, Avg: 6.0, Max: 6.6, Diff: 6.5, Sum: 108.4]
      [GC Worker Other (ms): Min: 0.0, Avg: 0.2, Max: 0.4, Diff: 0.4, Sum: 3.7]
      [GC Worker Total (ms): Min: 26.9, Avg: 27.2, Max: 27.4, Diff: 0.6, Sum: 489.1]
      [GC Worker End (ms): Min: 3442295.5, Avg: 3442295.6, Max: 3442295.8, Diff: 0.4]
   [Code Root Fixup: 0.0 ms]
   [Clear CT: 1.9 ms]
   [Other: 13.1 ms]
      [Choose CSet: 0.0 ms]
      [Ref Proc: 7.3 ms]
      [Ref Enq: 0.4 ms]
      [Free CSet: 4.8 ms]
   [Eden: 1554.0M(1554.0M)->0.0B(1561.0M) Survivors: 22.0M->15.0M Heap: 1978.8M(2252.0M)->417.6M(2252.0M)]
 [Times: user=0.53 sys=0.02, real=0.04 secs] 

 Concurrent RS processed 2474807 cards
  Of 74892 completed buffers:
        74892 (100.0%) by conc RS threads.
            0 (  0.0%) by mutator threads.
  Conc RS threads times(s)
          0.00     0.00     0.00     0.00     0.00     0.00     0.00     0.00     0.00     0.00     0.00     0.00     0.00     0.00     0.00     0.00     0.00     0.00     0.00
  Total heap region rem set sizes = 6228K.  Max = 32K.
  Static structures = 369K, free_lists = 245K.
    334136 occupied cards represented.
    Max size region = 1:(O)[0x0000000763500000,0x00000007635ffff0,0x0000000763600000], size = 33K, occupied = 95K.
    Did 2841 coarsenings.
2014-08-01T09:53:47.941-0500: 3448.384: [GC pause (young) 3448.384: [G1Ergonomics (CSet Construction) start choosing CSet, _pending_cards: 5699, predicted base time: 21.06 ms, remaining time: 78.94 ms, target pause time: 100.00 ms]
 3448.384: [G1Ergonomics (CSet Construction) add young regions to CSet, eden: 1561 regions, survivors: 15 regions, predicted young region time: 21.48 ms]
 3448.384: [G1Ergonomics (CSet Construction) finish choosing CSet, eden: 1561 regions, survivors: 15 regions, old: 0 regions, predicted pause time: 42.54 ms, target pause time: 100.00 ms]
, 0.0426750 secs]
   [Parallel Time: 22.6 ms, GC Workers: 18]
      [GC Worker Start (ms): Min: 3448384.6, Avg: 3448384.8, Max: 3448384.9, Diff: 0.3]
      [Ext Root Scanning (ms): Min: 6.2, Avg: 7.8, Max: 14.8, Diff: 8.6, Sum: 141.3]
      [Update RS (ms): Min: 0.0, Avg: 2.2, Max: 12.5, Diff: 12.5, Sum: 39.7]
         [Processed Buffers: Min: 0, Avg: 7.8, Max: 30, Diff: 30, Sum: 140]
      [Scan RS (ms): Min: 0.3, Avg: 0.7, Max: 1.0, Diff: 0.8, Sum: 13.1]
      [Object Copy (ms): Min: 2.1, Avg: 10.7, Max: 12.0, Diff: 9.9, Sum: 192.7]
      [Termination (ms): Min: 0.0, Avg: 0.3, Max: 0.4, Diff: 0.3, Sum: 5.5]
      [GC Worker Other (ms): Min: 0.0, Avg: 0.2, Max: 0.4, Diff: 0.4, Sum: 4.0]
      [GC Worker Total (ms): Min: 21.8, Avg: 22.0, Max: 22.3, Diff: 0.5, Sum: 396.4]
      [GC Worker End (ms): Min: 3448406.6, Avg: 3448406.8, Max: 3448407.0, Diff: 0.4]
   [Code Root Fixup: 0.0 ms]
   [Clear CT: 1.7 ms]
   [Other: 18.3 ms]
      [Choose CSet: 0.0 ms]
      [Ref Proc: 10.4 ms]
      [Ref Enq: 0.6 ms]
      [Free CSet: 6.6 ms]
   [Eden: 1561.0M(1561.0M)->0.0B(1564.0M) Survivors: 15.0M->12.0M Heap: 1978.6M(2252.0M)->414.3M(2252.0M)]
 [Times: user=0.42 sys=0.00, real=0.05 secs] 

 Concurrent RS processed 2477294 cards
  Of 75032 completed buffers:
        75032 (100.0%) by conc RS threads.
            0 (  0.0%) by mutator threads.
  Conc RS threads times(s)
          0.00     0.00     0.00     0.00     0.00     0.00     0.00     0.00     0.00     0.00     0.00     0.00     0.00     0.00     0.00     0.00     0.00     0.00     0.00
  Total heap region rem set sizes = 6228K.  Max = 32K.
  Static structures = 369K, free_lists = 244K.
    334526 occupied cards represented.
    Max size region = 1:(O)[0x0000000763500000,0x00000007635ffff0,0x0000000763600000], size = 33K, occupied = 95K.
    Did 2841 coarsenings.
2014-08-01T09:53:54.832-0500: 3455.276: [GC pause (young) 3455.276: [G1Ergonomics (CSet Construction) start choosing CSet, _pending_cards: 5465, predicted base time: 22.38 ms, remaining time: 77.62 ms, target pause time: 100.00 ms]
 3455.276: [G1Ergonomics (CSet Construction) add young regions to CSet, eden: 1564 regions, survivors: 12 regions, predicted young region time: 16.93 ms]
 3455.276: [G1Ergonomics (CSet Construction) finish choosing CSet, eden: 1564 regions, survivors: 12 regions, old: 0 regions, predicted pause time: 39.31 ms, target pause time: 100.00 ms]
, 0.0362950 secs]
   [Parallel Time: 19.3 ms, GC Workers: 18]
      [GC Worker Start (ms): Min: 3455276.0, Avg: 3455276.2, Max: 3455276.3, Diff: 0.3]
      [Ext Root Scanning (ms): Min: 4.7, Avg: 6.8, Max: 11.5, Diff: 6.8, Sum: 123.0]
      [Update RS (ms): Min: 0.0, Avg: 1.7, Max: 3.1, Diff: 3.1, Sum: 30.4]
         [Processed Buffers: Min: 0, Avg: 7.6, Max: 37, Diff: 37, Sum: 137]
      [Scan RS (ms): Min: 0.2, Avg: 0.7, Max: 1.0, Diff: 0.8, Sum: 11.8]
      [Object Copy (ms): Min: 6.1, Avg: 8.8, Max: 9.5, Diff: 3.4, Sum: 158.1]
      [Termination (ms): Min: 0.0, Avg: 0.6, Max: 0.7, Diff: 0.7, Sum: 11.2]
      [GC Worker Other (ms): Min: 0.0, Avg: 0.3, Max: 0.5, Diff: 0.5, Sum: 5.0]
      [GC Worker Total (ms): Min: 18.5, Avg: 18.9, Max: 19.2, Diff: 0.6, Sum: 339.4]
      [GC Worker End (ms): Min: 3455294.8, Avg: 3455295.0, Max: 3455295.3, Diff: 0.5]
   [Code Root Fixup: 0.0 ms]
   [Clear CT: 1.8 ms]
   [Other: 15.1 ms]
      [Choose CSet: 0.0 ms]
      [Ref Proc: 8.4 ms]
      [Ref Enq: 1.1 ms]
      [Free CSet: 4.9 ms]
   [Eden: 1564.0M(1564.0M)->0.0B(1560.0M) Survivors: 12.0M->16.0M Heap: 1978.3M(2252.0M)->418.9M(2252.0M)]
 [Times: user=0.41 sys=0.00, real=0.04 secs] 

 Concurrent RS processed 2479720 cards
  Of 75169 completed buffers:
        75169 (100.0%) by conc RS threads.
            0 (  0.0%) by mutator threads.
  Conc RS threads times(s)
          0.00     0.00     0.00     0.00     0.00     0.00     0.00     0.00     0.00     0.00     0.00     0.00     0.00     0.00     0.00     0.00     0.00     0.00     0.00
  Total heap region rem set sizes = 6234K.  Max = 32K.
  Static structures = 369K, free_lists = 243K.
    334962 occupied cards represented.
    Max size region = 1:(O)[0x0000000763500000,0x00000007635ffff0,0x0000000763600000], size = 33K, occupied = 95K.
    Did 2841 coarsenings.
2014-08-01T09:54:01.143-0500: 3461.587: [GC pause (young) 3461.587: [G1Ergonomics (CSet Construction) start choosing CSet, _pending_cards: 5718, predicted base time: 22.30 ms, remaining time: 77.70 ms, target pause time: 100.00 ms]
 3461.587: [G1Ergonomics (CSet Construction) add young regions to CSet, eden: 1560 regions, survivors: 16 regions, predicted young region time: 13.74 ms]
 3461.587: [G1Ergonomics (CSet Construction) finish choosing CSet, eden: 1560 regions, survivors: 16 regions, old: 0 regions, predicted pause time: 36.04 ms, target pause time: 100.00 ms]
, 0.0317200 secs]
   [Parallel Time: 17.6 ms, GC Workers: 18]
      [GC Worker Start (ms): Min: 3461587.2, Avg: 3461587.3, Max: 3461587.5, Diff: 0.3]
      [Ext Root Scanning (ms): Min: 4.9, Avg: 6.7, Max: 11.8, Diff: 6.8, Sum: 119.7]
      [Update RS (ms): Min: 0.0, Avg: 1.6, Max: 3.2, Diff: 3.2, Sum: 28.2]
         [Processed Buffers: Min: 0, Avg: 7.7, Max: 22, Diff: 22, Sum: 139]
      [Scan RS (ms): Min: 0.2, Avg: 0.8, Max: 1.0, Diff: 0.8, Sum: 13.7]
      [Object Copy (ms): Min: 4.8, Avg: 7.7, Max: 8.2, Diff: 3.4, Sum: 138.6]
      [Termination (ms): Min: 0.0, Avg: 0.0, Max: 0.0, Diff: 0.0, Sum: 0.3]
      [GC Worker Other (ms): Min: 0.0, Avg: 0.2, Max: 0.4, Diff: 0.4, Sum: 4.1]
      [GC Worker Total (ms): Min: 16.6, Avg: 16.9, Max: 17.2, Diff: 0.6, Sum: 304.6]
      [GC Worker End (ms): Min: 3461604.1, Avg: 3461604.3, Max: 3461604.4, Diff: 0.4]
   [Code Root Fixup: 0.0 ms]
   [Clear CT: 1.8 ms]
   [Other: 12.3 ms]
      [Choose CSet: 0.0 ms]
      [Ref Proc: 5.8 ms]
      [Ref Enq: 0.6 ms]
      [Free CSet: 5.3 ms]
   [Eden: 1560.0M(1560.0M)->0.0B(1562.0M) Survivors: 16.0M->14.0M Heap: 1978.9M(2252.0M)->417.0M(2252.0M)]
 [Times: user=0.36 sys=0.01, real=0.04 secs] 

 Concurrent RS processed 2482056 cards
  Of 75308 completed buffers:
        75308 (100.0%) by conc RS threads.
            0 (  0.0%) by mutator threads.
  Conc RS threads times(s)
          0.00     0.00     0.00     0.00     0.00     0.00     0.00     0.00     0.00     0.00     0.00     0.00     0.00     0.00     0.00     0.00     0.00     0.00     0.00
  Total heap region rem set sizes = 6235K.  Max = 32K.
  Static structures = 369K, free_lists = 242K.
    335276 occupied cards represented.
    Max size region = 1:(O)[0x0000000763500000,0x00000007635ffff0,0x0000000763600000], size = 33K, occupied = 95K.
    Did 2841 coarsenings.
2014-08-01T09:54:07.211-0500: 3467.654: [GC pause (young) 3467.654: [G1Ergonomics (CSet Construction) start choosing CSet, _pending_cards: 5464, predicted base time: 21.22 ms, remaining time: 78.78 ms, target pause time: 100.00 ms]
 3467.654: [G1Ergonomics (CSet Construction) add young regions to CSet, eden: 1562 regions, survivors: 14 regions, predicted young region time: 14.23 ms]
 3467.654: [G1Ergonomics (CSet Construction) finish choosing CSet, eden: 1562 regions, survivors: 14 regions, old: 0 regions, predicted pause time: 35.45 ms, target pause time: 100.00 ms]
, 0.0363210 secs]
   [Parallel Time: 17.8 ms, GC Workers: 18]
      [GC Worker Start (ms): Min: 3467654.5, Avg: 3467654.7, Max: 3467654.8, Diff: 0.3]
      [Ext Root Scanning (ms): Min: 4.2, Avg: 6.0, Max: 11.8, Diff: 7.5, Sum: 108.4]
      [Update RS (ms): Min: 0.0, Avg: 1.0, Max: 2.3, Diff: 2.3, Sum: 17.1]
         [Processed Buffers: Min: 0, Avg: 7.7, Max: 29, Diff: 29, Sum: 139]
      [Scan RS (ms): Min: 0.2, Avg: 0.5, Max: 1.2, Diff: 1.0, Sum: 9.0]
      [Object Copy (ms): Min: 4.5, Avg: 9.1, Max: 10.6, Diff: 6.0, Sum: 163.2]
      [Termination (ms): Min: 0.0, Avg: 0.1, Max: 0.2, Diff: 0.1, Sum: 2.2]
      [GC Worker Other (ms): Min: 0.0, Avg: 0.2, Max: 0.4, Diff: 0.3, Sum: 3.4]
      [GC Worker Total (ms): Min: 16.6, Avg: 16.9, Max: 17.6, Diff: 1.0, Sum: 303.3]
      [GC Worker End (ms): Min: 3467671.3, Avg: 3467671.5, Max: 3467672.2, Diff: 0.9]
   [Code Root Fixup: 0.0 ms]
   [Clear CT: 1.6 ms]
   [Other: 16.9 ms]
      [Choose CSet: 0.0 ms]
      [Ref Proc: 11.5 ms]
      [Ref Enq: 0.3 ms]
      [Free CSet: 4.4 ms]
   [Eden: 1562.0M(1562.0M)->0.0B(1564.0M) Survivors: 14.0M->12.0M Heap: 1979.0M(2252.0M)->415.2M(2252.0M)]
 [Times: user=0.42 sys=0.00, real=0.04 secs] 

 Concurrent RS processed 2484486 cards
  Of 75447 completed buffers:
        75447 (100.0%) by conc RS threads.
            0 (  0.0%) by mutator threads.
  Conc RS threads times(s)
          0.00     0.00     0.00     0.00     0.00     0.00     0.00     0.00     0.00     0.00     0.00     0.00     0.00     0.00     0.00     0.00     0.00     0.00     0.00
  Total heap region rem set sizes = 6235K.  Max = 32K.
  Static structures = 369K, free_lists = 242K.
    335634 occupied cards represented.
    Max size region = 1:(O)[0x0000000763500000,0x00000007635ffff0,0x0000000763600000], size = 33K, occupied = 95K.
    Did 2841 coarsenings.
2014-08-01T09:54:13.558-0500: 3474.001: [GC pause (young) 3474.001: [G1Ergonomics (CSet Construction) start choosing CSet, _pending_cards: 5936, predicted base time: 21.97 ms, remaining time: 78.03 ms, target pause time: 100.00 ms]
 3474.001: [G1Ergonomics (CSet Construction) add young regions to CSet, eden: 1564 regions, survivors: 12 regions, predicted young region time: 19.29 ms]
 3474.001: [G1Ergonomics (CSet Construction) finish choosing CSet, eden: 1564 regions, survivors: 12 regions, old: 0 regions, predicted pause time: 41.26 ms, target pause time: 100.00 ms]
, 0.0412000 secs]
   [Parallel Time: 25.4 ms, GC Workers: 18]
      [GC Worker Start (ms): Min: 3474001.6, Avg: 3474001.8, Max: 3474001.9, Diff: 0.4]
      [Ext Root Scanning (ms): Min: 6.3, Avg: 8.6, Max: 12.5, Diff: 6.2, Sum: 155.4]
      [Update RS (ms): Min: 0.0, Avg: 1.8, Max: 7.1, Diff: 7.1, Sum: 32.9]
         [Processed Buffers: Min: 0, Avg: 7.6, Max: 23, Diff: 23, Sum: 137]
      [Scan RS (ms): Min: 0.2, Avg: 0.7, Max: 1.0, Diff: 0.8, Sum: 12.1]
      [Object Copy (ms): Min: 7.6, Avg: 11.5, Max: 13.2, Diff: 5.6, Sum: 207.4]
      [Termination (ms): Min: 0.0, Avg: 1.8, Max: 2.3, Diff: 2.3, Sum: 32.1]
      [GC Worker Other (ms): Min: 0.0, Avg: 0.2, Max: 0.4, Diff: 0.3, Sum: 3.2]
      [GC Worker Total (ms): Min: 24.3, Avg: 24.6, Max: 25.0, Diff: 0.7, Sum: 443.0]
      [GC Worker End (ms): Min: 3474026.2, Avg: 3474026.4, Max: 3474026.6, Diff: 0.5]
   [Code Root Fixup: 0.0 ms]
   [Clear CT: 1.8 ms]
   [Other: 14.0 ms]
      [Choose CSet: 0.0 ms]
      [Ref Proc: 7.4 ms]
      [Ref Enq: 0.4 ms]
      [Free CSet: 5.6 ms]
   [Eden: 1564.0M(1564.0M)->0.0B(1565.0M) Survivors: 12.0M->11.0M Heap: 1979.2M(2252.0M)->414.3M(2252.0M)]
 [Times: user=0.48 sys=0.01, real=0.04 secs] 

 Concurrent RS processed 2486920 cards
  Of 75584 completed buffers:
        75584 (100.0%) by conc RS threads.
            0 (  0.0%) by mutator threads.
  Conc RS threads times(s)
          0.00     0.00     0.00     0.00     0.00     0.00     0.00     0.00     0.00     0.00     0.00     0.00     0.00     0.00     0.00     0.00     0.00     0.00     0.00
  Total heap region rem set sizes = 6237K.  Max = 32K.
  Static structures = 369K, free_lists = 242K.
    336026 occupied cards represented.
    Max size region = 1:(O)[0x0000000763500000,0x00000007635ffff0,0x0000000763600000], size = 33K, occupied = 95K.
    Did 2841 coarsenings.
2014-08-01T09:54:19.828-0500: 3480.272: [GC pause (young) 3480.272: [G1Ergonomics (CSet Construction) start choosing CSet, _pending_cards: 5514, predicted base time: 21.86 ms, remaining time: 78.14 ms, target pause time: 100.00 ms]
 3480.272: [G1Ergonomics (CSet Construction) add young regions to CSet, eden: 1565 regions, survivors: 11 regions, predicted young region time: 14.35 ms]
 3480.272: [G1Ergonomics (CSet Construction) finish choosing CSet, eden: 1565 regions, survivors: 11 regions, old: 0 regions, predicted pause time: 36.22 ms, target pause time: 100.00 ms]
, 0.0406550 secs]
   [Parallel Time: 21.6 ms, GC Workers: 18]
      [GC Worker Start (ms): Min: 3480272.2, Avg: 3480272.3, Max: 3480272.5, Diff: 0.3]
      [Ext Root Scanning (ms): Min: 6.0, Avg: 6.9, Max: 11.8, Diff: 5.8, Sum: 125.1]
      [Update RS (ms): Min: 0.0, Avg: 1.9, Max: 3.5, Diff: 3.5, Sum: 34.5]
         [Processed Buffers: Min: 0, Avg: 7.8, Max: 29, Diff: 29, Sum: 140]
      [Scan RS (ms): Min: 0.2, Avg: 0.8, Max: 1.5, Diff: 1.3, Sum: 13.7]
      [Object Copy (ms): Min: 4.8, Avg: 7.2, Max: 7.9, Diff: 3.1, Sum: 129.6]
      [Termination (ms): Min: 3.7, Avg: 4.1, Max: 4.2, Diff: 0.5, Sum: 73.7]
      [GC Worker Other (ms): Min: 0.0, Avg: 0.2, Max: 0.4, Diff: 0.3, Sum: 3.7]
      [GC Worker Total (ms): Min: 20.9, Avg: 21.1, Max: 21.4, Diff: 0.6, Sum: 380.4]
      [GC Worker End (ms): Min: 3480293.3, Avg: 3480293.4, Max: 3480293.6, Diff: 0.4]
   [Code Root Fixup: 0.0 ms]
   [Clear CT: 1.9 ms]
   [Other: 17.1 ms]
      [Choose CSet: 0.0 ms]
      [Ref Proc: 10.7 ms]
      [Ref Enq: 0.7 ms]
      [Free CSet: 5.1 ms]
   [Eden: 1565.0M(1565.0M)->0.0B(1560.0M) Survivors: 11.0M->16.0M Heap: 1979.3M(2252.0M)->418.8M(2252.0M)]
 [Times: user=0.43 sys=0.01, real=0.04 secs] 

 Concurrent RS processed 2489368 cards
  Of 75724 completed buffers:
        75724 (100.0%) by conc RS threads.
            0 (  0.0%) by mutator threads.
  Conc RS threads times(s)
          0.00     0.00     0.00     0.00     0.00     0.00     0.00     0.00     0.00     0.00     0.00     0.00     0.00     0.00     0.00     0.00     0.00     0.00     0.00
  Total heap region rem set sizes = 6237K.  Max = 32K.
  Static structures = 369K, free_lists = 242K.
    336322 occupied cards represented.
    Max size region = 1:(O)[0x0000000763500000,0x00000007635ffff0,0x0000000763600000], size = 33K, occupied = 95K.
    Did 2841 coarsenings.
2014-08-01T09:54:26.174-0500: 3486.617: [GC pause (young) 3486.617: [G1Ergonomics (CSet Construction) start choosing CSet, _pending_cards: 5711, predicted base time: 22.64 ms, remaining time: 77.36 ms, target pause time: 100.00 ms]
 3486.617: [G1Ergonomics (CSet Construction) add young regions to CSet, eden: 1560 regions, survivors: 16 regions, predicted young region time: 14.29 ms]
 3486.617: [G1Ergonomics (CSet Construction) finish choosing CSet, eden: 1560 regions, survivors: 16 regions, old: 0 regions, predicted pause time: 36.94 ms, target pause time: 100.00 ms]
, 0.0369450 secs]
   [Parallel Time: 22.1 ms, GC Workers: 18]
      [GC Worker Start (ms): Min: 3486617.7, Avg: 3486617.9, Max: 3486618.0, Diff: 0.3]
      [Ext Root Scanning (ms): Min: 6.3, Avg: 8.3, Max: 12.7, Diff: 6.3, Sum: 149.2]
      [Update RS (ms): Min: 0.0, Avg: 1.5, Max: 3.5, Diff: 3.5, Sum: 27.6]
         [Processed Buffers: Min: 0, Avg: 7.7, Max: 32, Diff: 32, Sum: 139]
      [Scan RS (ms): Min: 0.2, Avg: 0.7, Max: 0.9, Diff: 0.7, Sum: 11.7]
      [Object Copy (ms): Min: 7.9, Avg: 10.5, Max: 11.6, Diff: 3.7, Sum: 188.9]
      [Termination (ms): Min: 0.0, Avg: 0.3, Max: 0.4, Diff: 0.4, Sum: 6.1]
      [GC Worker Other (ms): Min: 0.0, Avg: 0.2, Max: 0.4, Diff: 0.4, Sum: 4.0]
      [GC Worker Total (ms): Min: 21.3, Avg: 21.5, Max: 21.8, Diff: 0.5, Sum: 387.5]
      [GC Worker End (ms): Min: 3486639.2, Avg: 3486639.4, Max: 3486639.6, Diff: 0.4]
   [Code Root Fixup: 0.0 ms]
   [Clear CT: 1.8 ms]
   [Other: 13.0 ms]
      [Choose CSet: 0.1 ms]
      [Ref Proc: 6.6 ms]
      [Ref Enq: 0.6 ms]
      [Free CSet: 5.0 ms]
   [Eden: 1560.0M(1560.0M)->0.0B(1561.0M) Survivors: 16.0M->15.0M Heap: 1978.8M(2252.0M)->417.8M(2252.0M)]
 [Times: user=0.41 sys=0.00, real=0.04 secs] 

 Concurrent RS processed 2491823 cards
  Of 75863 completed buffers:
        75863 (100.0%) by conc RS threads.
            0 (  0.0%) by mutator threads.
  Conc RS threads times(s)
          0.00     0.00     0.00     0.00     0.00     0.00     0.00     0.00     0.00     0.00     0.00     0.00     0.00     0.00     0.00     0.00     0.00     0.00     0.00
  Total heap region rem set sizes = 6239K.  Max = 32K.
  Static structures = 369K, free_lists = 241K.
    336642 occupied cards represented.
    Max size region = 1:(O)[0x0000000763500000,0x00000007635ffff0,0x0000000763600000], size = 33K, occupied = 95K.
    Did 2841 coarsenings.
2014-08-01T09:54:32.594-0500: 3493.037: [GC pause (young) 3493.037: [G1Ergonomics (CSet Construction) start choosing CSet, _pending_cards: 5507, predicted base time: 22.02 ms, remaining time: 77.98 ms, target pause time: 100.00 ms]
 3493.037: [G1Ergonomics (CSet Construction) add young regions to CSet, eden: 1561 regions, survivors: 15 regions, predicted young region time: 22.04 ms]
 3493.037: [G1Ergonomics (CSet Construction) finish choosing CSet, eden: 1561 regions, survivors: 15 regions, old: 0 regions, predicted pause time: 44.06 ms, target pause time: 100.00 ms]
, 0.0405400 secs]
   [Parallel Time: 22.1 ms, GC Workers: 18]
      [GC Worker Start (ms): Min: 3493037.6, Avg: 3493037.7, Max: 3493037.9, Diff: 0.3]
      [Ext Root Scanning (ms): Min: 5.3, Avg: 6.6, Max: 11.3, Diff: 6.0, Sum: 118.8]
      [Update RS (ms): Min: 0.0, Avg: 1.6, Max: 4.2, Diff: 4.1, Sum: 28.1]
         [Processed Buffers: Min: 0, Avg: 8.3, Max: 25, Diff: 25, Sum: 150]
      [Scan RS (ms): Min: 0.2, Avg: 0.6, Max: 0.9, Diff: 0.7, Sum: 11.6]
      [Object Copy (ms): Min: 9.1, Avg: 12.0, Max: 12.7, Diff: 3.5, Sum: 216.1]
      [Termination (ms): Min: 0.2, Avg: 0.7, Max: 0.8, Diff: 0.6, Sum: 12.6]
      [GC Worker Other (ms): Min: 0.0, Avg: 0.2, Max: 0.4, Diff: 0.3, Sum: 3.3]
      [GC Worker Total (ms): Min: 21.4, Avg: 21.7, Max: 22.0, Diff: 0.6, Sum: 390.6]
      [GC Worker End (ms): Min: 3493059.3, Avg: 3493059.4, Max: 3493059.6, Diff: 0.3]
   [Code Root Fixup: 0.0 ms]
   [Clear CT: 1.8 ms]
   [Other: 16.6 ms]
      [Choose CSet: 0.0 ms]
      [Ref Proc: 11.1 ms]
      [Ref Enq: 0.4 ms]
      [Free CSet: 4.5 ms]
   [Eden: 1561.0M(1561.0M)->0.0B(1550.0M) Survivors: 15.0M->26.0M Heap: 1978.8M(2252.0M)->429.0M(2252.0M)]
 [Times: user=0.44 sys=0.01, real=0.04 secs] 

 Concurrent RS processed 2494211 cards
  Of 76013 completed buffers:
        76013 (100.0%) by conc RS threads.
            0 (  0.0%) by mutator threads.
  Conc RS threads times(s)
          0.00     0.00     0.00     0.00     0.00     0.00     0.00     0.00     0.00     0.00     0.00     0.00     0.00     0.00     0.00     0.00     0.00     0.00     0.00
  Total heap region rem set sizes = 6240K.  Max = 32K.
  Static structures = 369K, free_lists = 241K.
    336970 occupied cards represented.
    Max size region = 1:(O)[0x0000000763500000,0x00000007635ffff0,0x0000000763600000], size = 33K, occupied = 95K.
    Did 2841 coarsenings.
2014-08-01T09:54:39.135-0500: 3499.579: [GC pause (young) 3499.579: [G1Ergonomics (CSet Construction) start choosing CSet, _pending_cards: 5513, predicted base time: 22.36 ms, remaining time: 77.64 ms, target pause time: 100.00 ms]
 3499.579: [G1Ergonomics (CSet Construction) add young regions to CSet, eden: 1550 regions, survivors: 26 regions, predicted young region time: 19.49 ms]
 3499.579: [G1Ergonomics (CSet Construction) finish choosing CSet, eden: 1550 regions, survivors: 26 regions, old: 0 regions, predicted pause time: 41.85 ms, target pause time: 100.00 ms]
, 0.0344330 secs]
   [Parallel Time: 18.9 ms, GC Workers: 18]
      [GC Worker Start (ms): Min: 3499579.2, Avg: 3499579.3, Max: 3499579.5, Diff: 0.3]
      [Ext Root Scanning (ms): Min: 6.9, Avg: 7.8, Max: 12.5, Diff: 5.6, Sum: 141.0]
      [Update RS (ms): Min: 0.0, Avg: 1.5, Max: 2.4, Diff: 2.4, Sum: 27.3]
         [Processed Buffers: Min: 0, Avg: 7.7, Max: 42, Diff: 42, Sum: 139]
      [Scan RS (ms): Min: 0.2, Avg: 0.7, Max: 1.2, Diff: 1.0, Sum: 12.7]
      [Object Copy (ms): Min: 5.3, Avg: 8.0, Max: 8.6, Diff: 3.3, Sum: 144.2]
      [Termination (ms): Min: 0.0, Avg: 0.0, Max: 0.0, Diff: 0.0, Sum: 0.3]
      [GC Worker Other (ms): Min: 0.0, Avg: 0.3, Max: 0.4, Diff: 0.4, Sum: 4.7]
      [GC Worker Total (ms): Min: 18.0, Avg: 18.3, Max: 18.6, Diff: 0.6, Sum: 330.2]
      [GC Worker End (ms): Min: 3499597.5, Avg: 3499597.7, Max: 3499597.9, Diff: 0.4]
   [Code Root Fixup: 0.0 ms]
   [Clear CT: 1.9 ms]
   [Other: 13.7 ms]
      [Choose CSet: 0.0 ms]
      [Ref Proc: 8.1 ms]
      [Ref Enq: 0.4 ms]
      [Free CSet: 4.5 ms]
   [Eden: 1550.0M(1550.0M)->0.0B(1560.0M) Survivors: 26.0M->16.0M Heap: 1979.0M(2252.0M)->419.5M(2252.0M)]
 [Times: user=0.37 sys=0.01, real=0.03 secs] 

 Concurrent RS processed 2496623 cards
  Of 76152 completed buffers:
        76152 (100.0%) by conc RS threads.
            0 (  0.0%) by mutator threads.
  Conc RS threads times(s)
          0.00     0.00     0.00     0.00     0.00     0.00     0.00     0.00     0.00     0.00     0.00     0.00     0.00     0.00     0.00     0.00     0.00     0.00     0.00
  Total heap region rem set sizes = 6240K.  Max = 32K.
  Static structures = 369K, free_lists = 241K.
    337287 occupied cards represented.
    Max size region = 1:(O)[0x0000000763500000,0x00000007635ffff0,0x0000000763600000], size = 33K, occupied = 95K.
    Did 2841 coarsenings.
2014-08-01T09:54:45.263-0500: 3505.706: [GC pause (young) 3505.707: [G1Ergonomics (CSet Construction) start choosing CSet, _pending_cards: 5456, predicted base time: 22.05 ms, remaining time: 77.95 ms, target pause time: 100.00 ms]
 3505.707: [G1Ergonomics (CSet Construction) add young regions to CSet, eden: 1560 regions, survivors: 16 regions, predicted young region time: 22.66 ms]
 3505.707: [G1Ergonomics (CSet Construction) finish choosing CSet, eden: 1560 regions, survivors: 16 regions, old: 0 regions, predicted pause time: 44.71 ms, target pause time: 100.00 ms]
, 0.0336250 secs]
   [Parallel Time: 18.4 ms, GC Workers: 18]
      [GC Worker Start (ms): Min: 3505706.8, Avg: 3505707.0, Max: 3505707.1, Diff: 0.3]
      [Ext Root Scanning (ms): Min: 6.4, Avg: 7.6, Max: 11.5, Diff: 5.1, Sum: 136.3]
      [Update RS (ms): Min: 0.0, Avg: 1.8, Max: 5.7, Diff: 5.7, Sum: 32.0]
         [Processed Buffers: Min: 0, Avg: 7.8, Max: 23, Diff: 23, Sum: 140]
      [Scan RS (ms): Min: 0.2, Avg: 1.0, Max: 3.0, Diff: 2.8, Sum: 17.9]
      [Object Copy (ms): Min: 3.3, Avg: 7.4, Max: 8.4, Diff: 5.0, Sum: 132.9]
      [Termination (ms): Min: 0.0, Avg: 0.0, Max: 0.1, Diff: 0.1, Sum: 0.8]
      [GC Worker Other (ms): Min: 0.0, Avg: 0.2, Max: 0.4, Diff: 0.4, Sum: 4.3]
      [GC Worker Total (ms): Min: 17.7, Avg: 18.0, Max: 18.3, Diff: 0.6, Sum: 324.1]
      [GC Worker End (ms): Min: 3505724.8, Avg: 3505725.0, Max: 3505725.1, Diff: 0.4]
   [Code Root Fixup: 0.0 ms]
   [Clear CT: 1.7 ms]
   [Other: 13.5 ms]
      [Choose CSet: 0.0 ms]
      [Ref Proc: 7.7 ms]
      [Ref Enq: 0.5 ms]
      [Free CSet: 4.7 ms]
   [Eden: 1560.0M(1560.0M)->0.0B(1562.0M) Survivors: 16.0M->14.0M Heap: 1979.5M(2252.0M)->417.0M(2252.0M)]
 [Times: user=0.33 sys=0.02, real=0.03 secs] 

 Concurrent RS processed 2499058 cards
  Of 76292 completed buffers:
        76292 (100.0%) by conc RS threads.
            0 (  0.0%) by mutator threads.
  Conc RS threads times(s)
          0.00     0.00     0.00     0.00     0.00     0.00     0.00     0.00     0.00     0.00     0.00     0.00     0.00     0.00     0.00     0.00     0.00     0.00     0.00
  Total heap region rem set sizes = 6242K.  Max = 32K.
  Static structures = 369K, free_lists = 241K.
    337613 occupied cards represented.
    Max size region = 1:(O)[0x0000000763500000,0x00000007635ffff0,0x0000000763600000], size = 33K, occupied = 95K.
    Did 2841 coarsenings.
2014-08-01T09:54:51.816-0500: 3512.259: [GC pause (young) 3512.259: [G1Ergonomics (CSet Construction) start choosing CSet, _pending_cards: 82251, predicted base time: 45.62 ms, remaining time: 54.38 ms, target pause time: 100.00 ms]
 3512.259: [G1Ergonomics (CSet Construction) add young regions to CSet, eden: 1562 regions, survivors: 14 regions, predicted young region time: 105.11 ms]
 3512.259: [G1Ergonomics (CSet Construction) finish choosing CSet, eden: 1562 regions, survivors: 14 regions, old: 0 regions, predicted pause time: 150.73 ms, target pause time: 100.00 ms]
, 0.0499460 secs]
   [Parallel Time: 35.3 ms, GC Workers: 18]
      [GC Worker Start (ms): Min: 3512259.5, Avg: 3512259.6, Max: 3512259.8, Diff: 0.4]
      [Ext Root Scanning (ms): Min: 5.6, Avg: 7.4, Max: 16.2, Diff: 10.6, Sum: 133.4]
      [Update RS (ms): Min: 8.9, Avg: 17.5, Max: 21.3, Diff: 12.4, Sum: 315.5]
         [Processed Buffers: Min: 8, Avg: 25.7, Max: 44, Diff: 36, Sum: 462]
      [Scan RS (ms): Min: 0.1, Avg: 1.2, Max: 1.5, Diff: 1.4, Sum: 22.0]
      [Object Copy (ms): Min: 2.6, Avg: 5.1, Max: 8.7, Diff: 6.1, Sum: 92.7]
      [Termination (ms): Min: 0.0, Avg: 3.2, Max: 3.5, Diff: 3.5, Sum: 57.7]
      [GC Worker Other (ms): Min: 0.0, Avg: 0.2, Max: 0.4, Diff: 0.3, Sum: 3.3]
      [GC Worker Total (ms): Min: 34.4, Avg: 34.7, Max: 35.0, Diff: 0.6, Sum: 624.5]
      [GC Worker End (ms): Min: 3512294.1, Avg: 3512294.3, Max: 3512294.5, Diff: 0.4]
   [Code Root Fixup: 0.0 ms]
   [Clear CT: 1.9 ms]
   [Other: 12.8 ms]
      [Choose CSet: 0.0 ms]
      [Ref Proc: 6.6 ms]
      [Ref Enq: 0.3 ms]
      [Free CSet: 5.2 ms]
   [Eden: 1562.0M(1562.0M)->0.0B(1553.0M) Survivors: 14.0M->23.0M Heap: 2069.3M(2252.0M)->516.6M(2252.0M)]
 [Times: user=0.65 sys=0.01, real=0.05 secs] 

 Concurrent RS processed 2601874 cards
  Of 77181 completed buffers:
        77181 (100.0%) by conc RS threads.
            0 (  0.0%) by mutator threads.
  Conc RS threads times(s)
          0.00     0.00     0.00     0.00     0.00     0.00     0.00     0.00     0.00     0.00     0.00     0.00     0.00     0.00     0.00     0.00     0.00     0.00     0.00
  Total heap region rem set sizes = 6034K.  Max = 32K.
  Static structures = 369K, free_lists = 240K.
    337888 occupied cards represented.
    Max size region = 1:(O)[0x0000000763500000,0x00000007635ffff0,0x0000000763600000], size = 33K, occupied = 95K.
    Did 2841 coarsenings.
2014-08-01T09:54:57.694-0500: 3518.137: [GC pause (young) 3518.137: [G1Ergonomics (CSet Construction) start choosing CSet, _pending_cards: 6193, predicted base time: 21.26 ms, remaining time: 78.74 ms, target pause time: 100.00 ms]
 3518.137: [G1Ergonomics (CSet Construction) add young regions to CSet, eden: 1553 regions, survivors: 23 regions, predicted young region time: 9.63 ms]
 3518.137: [G1Ergonomics (CSet Construction) finish choosing CSet, eden: 1553 regions, survivors: 23 regions, old: 0 regions, predicted pause time: 30.89 ms, target pause time: 100.00 ms]
, 0.0397360 secs]
   [Parallel Time: 23.6 ms, GC Workers: 18]
      [GC Worker Start (ms): Min: 3518137.6, Avg: 3518137.8, Max: 3518137.9, Diff: 0.3]
      [Ext Root Scanning (ms): Min: 5.6, Avg: 7.4, Max: 12.0, Diff: 6.4, Sum: 133.7]
      [Update RS (ms): Min: 0.0, Avg: 1.5, Max: 3.3, Diff: 3.3, Sum: 27.6]
         [Processed Buffers: Min: 0, Avg: 7.5, Max: 26, Diff: 26, Sum: 135]
      [Scan RS (ms): Min: 0.2, Avg: 0.8, Max: 1.0, Diff: 0.8, Sum: 13.9]
      [Object Copy (ms): Min: 5.6, Avg: 8.4, Max: 12.8, Diff: 7.3, Sum: 151.3]
      [Termination (ms): Min: 0.0, Avg: 4.6, Max: 5.0, Diff: 5.0, Sum: 81.9]
      [GC Worker Other (ms): Min: 0.0, Avg: 0.2, Max: 0.4, Diff: 0.3, Sum: 3.1]
      [GC Worker Total (ms): Min: 22.6, Avg: 22.9, Max: 23.2, Diff: 0.6, Sum: 411.5]
      [GC Worker End (ms): Min: 3518160.5, Avg: 3518160.6, Max: 3518160.8, Diff: 0.3]
   [Code Root Fixup: 0.0 ms]
   [Clear CT: 1.9 ms]
   [Other: 14.3 ms]
      [Choose CSet: 0.0 ms]
      [Ref Proc: 9.0 ms]
      [Ref Enq: 0.4 ms]
      [Free CSet: 4.2 ms]
   [Eden: 1553.0M(1553.0M)->0.0B(1562.0M) Survivors: 23.0M->14.0M Heap: 2069.6M(2252.0M)->507.8M(2252.0M)]
 [Times: user=0.46 sys=0.01, real=0.04 secs] 

 Concurrent RS processed 2604201 cards
  Of 77316 completed buffers:
        77316 (100.0%) by conc RS threads.
            0 (  0.0%) by mutator threads.
  Conc RS threads times(s)
          0.00     0.00     0.00     0.00     0.00     0.00     0.00     0.00     0.00     0.00     0.00     0.00     0.00     0.00     0.00     0.00     0.00     0.00     0.00
  Total heap region rem set sizes = 6034K.  Max = 32K.
  Static structures = 369K, free_lists = 240K.
    338221 occupied cards represented.
    Max size region = 1:(O)[0x0000000763500000,0x00000007635ffff0,0x0000000763600000], size = 33K, occupied = 95K.
    Did 2841 coarsenings.
2014-08-01T09:55:03.731-0500: 3524.174: [GC pause (young) 3524.174: [G1Ergonomics (CSet Construction) start choosing CSet, _pending_cards: 5725, predicted base time: 21.40 ms, remaining time: 78.60 ms, target pause time: 100.00 ms]
 3524.174: [G1Ergonomics (CSet Construction) add young regions to CSet, eden: 1562 regions, survivors: 14 regions, predicted young region time: 9.71 ms]
 3524.174: [G1Ergonomics (CSet Construction) finish choosing CSet, eden: 1562 regions, survivors: 14 regions, old: 0 regions, predicted pause time: 31.11 ms, target pause time: 100.00 ms]
, 0.0344870 secs]
   [Parallel Time: 20.1 ms, GC Workers: 18]
      [GC Worker Start (ms): Min: 3524174.6, Avg: 3524174.8, Max: 3524174.9, Diff: 0.3]
      [Ext Root Scanning (ms): Min: 5.6, Avg: 6.8, Max: 11.3, Diff: 5.7, Sum: 123.1]
      [Update RS (ms): Min: 0.0, Avg: 1.5, Max: 2.9, Diff: 2.9, Sum: 27.4]
         [Processed Buffers: Min: 0, Avg: 8.1, Max: 30, Diff: 30, Sum: 146]
      [Scan RS (ms): Min: 0.2, Avg: 0.7, Max: 0.9, Diff: 0.7, Sum: 12.0]
      [Object Copy (ms): Min: 6.5, Avg: 9.1, Max: 9.9, Diff: 3.3, Sum: 164.0]
      [Termination (ms): Min: 0.1, Avg: 0.7, Max: 1.7, Diff: 1.7, Sum: 13.3]
      [GC Worker Other (ms): Min: 0.0, Avg: 0.1, Max: 0.3, Diff: 0.3, Sum: 2.6]
      [GC Worker Total (ms): Min: 18.8, Avg: 19.0, Max: 19.7, Diff: 1.0, Sum: 342.4]
      [GC Worker End (ms): Min: 3524193.6, Avg: 3524193.8, Max: 3524194.6, Diff: 1.0]
   [Code Root Fixup: 0.0 ms]
   [Clear CT: 1.9 ms]
   [Other: 12.5 ms]
      [Choose CSet: 0.0 ms]
      [Ref Proc: 6.7 ms]
      [Ref Enq: 0.4 ms]
      [Free CSet: 4.6 ms]
   [Eden: 1562.0M(1562.0M)->0.0B(1562.0M) Survivors: 14.0M->14.0M Heap: 2069.8M(2252.0M)->508.0M(2252.0M)]
 [Times: user=0.40 sys=0.01, real=0.04 secs] 

 Concurrent RS processed 2606558 cards
  Of 77462 completed buffers:
        77462 (100.0%) by conc RS threads.
            0 (  0.0%) by mutator threads.
  Conc RS threads times(s)
          0.00     0.00     0.00     0.00     0.00     0.00     0.00     0.00     0.00     0.00     0.00     0.00     0.00     0.00     0.00     0.00     0.00     0.00     0.00
  Total heap region rem set sizes = 6035K.  Max = 32K.
  Static structures = 369K, free_lists = 240K.
    338533 occupied cards represented.
    Max size region = 1:(O)[0x0000000763500000,0x00000007635ffff0,0x0000000763600000], size = 33K, occupied = 95K.
    Did 2841 coarsenings.
2014-08-01T09:55:09.765-0500: 3530.208: [GC pause (young) 3530.208: [G1Ergonomics (CSet Construction) start choosing CSet, _pending_cards: 5730, predicted base time: 20.91 ms, remaining time: 79.09 ms, target pause time: 100.00 ms]
 3530.208: [G1Ergonomics (CSet Construction) add young regions to CSet, eden: 1562 regions, survivors: 14 regions, predicted young region time: 10.46 ms]
 3530.208: [G1Ergonomics (CSet Construction) finish choosing CSet, eden: 1562 regions, survivors: 14 regions, old: 0 regions, predicted pause time: 31.37 ms, target pause time: 100.00 ms]
, 0.0452610 secs]
   [Parallel Time: 26.9 ms, GC Workers: 18]
      [GC Worker Start (ms): Min: 3530208.5, Avg: 3530208.7, Max: 3530208.9, Diff: 0.3]
      [Ext Root Scanning (ms): Min: 5.4, Avg: 6.5, Max: 7.9, Diff: 2.5, Sum: 117.2]
      [Update RS (ms): Min: 0.0, Avg: 0.8, Max: 1.9, Diff: 1.9, Sum: 14.4]
         [Processed Buffers: Min: 0, Avg: 8.0, Max: 30, Diff: 30, Sum: 144]
      [Scan RS (ms): Min: 0.2, Avg: 0.6, Max: 0.7, Diff: 0.4, Sum: 10.3]
      [Object Copy (ms): Min: 5.5, Avg: 7.7, Max: 15.1, Diff: 9.6, Sum: 138.8]
      [Termination (ms): Min: 0.0, Avg: 8.5, Max: 12.2, Diff: 12.2, Sum: 152.1]
      [GC Worker Other (ms): Min: 0.0, Avg: 0.1, Max: 0.3, Diff: 0.3, Sum: 2.6]
      [GC Worker Total (ms): Min: 23.8, Avg: 24.2, Max: 26.7, Diff: 2.9, Sum: 435.4]
      [GC Worker End (ms): Min: 3530232.6, Avg: 3530232.9, Max: 3530235.3, Diff: 2.7]
   [Code Root Fixup: 0.0 ms]
   [Clear CT: 1.5 ms]
   [Other: 16.8 ms]
      [Choose CSet: 0.0 ms]
      [Ref Proc: 9.7 ms]
      [Ref Enq: 0.4 ms]
      [Free CSet: 5.9 ms]
   [Eden: 1562.0M(1562.0M)->0.0B(1555.0M) Survivors: 14.0M->21.0M Heap: 2070.0M(2252.0M)->515.1M(2252.0M)]
 [Times: user=0.44 sys=0.00, real=0.04 secs] 

 Concurrent RS processed 2609025 cards
  Of 77606 completed buffers:
        77606 (100.0%) by conc RS threads.
            0 (  0.0%) by mutator threads.
  Conc RS threads times(s)
          0.00     0.00     0.00     0.00     0.00     0.00     0.00     0.00     0.00     0.00     0.00     0.00     0.00     0.00     0.00     0.00     0.00     0.00     0.00
  Total heap region rem set sizes = 6035K.  Max = 32K.
  Static structures = 369K, free_lists = 240K.
    338818 occupied cards represented.
    Max size region = 1:(O)[0x0000000763500000,0x00000007635ffff0,0x0000000763600000], size = 33K, occupied = 95K.
    Did 2841 coarsenings.
2014-08-01T09:55:15.638-0500: 3536.081: [GC pause (young) 3536.081: [G1Ergonomics (CSet Construction) start choosing CSet, _pending_cards: 6007, predicted base time: 21.84 ms, remaining time: 78.16 ms, target pause time: 100.00 ms]
 3536.081: [G1Ergonomics (CSet Construction) add young regions to CSet, eden: 1555 regions, survivors: 21 regions, predicted young region time: 15.65 ms]
 3536.081: [G1Ergonomics (CSet Construction) finish choosing CSet, eden: 1555 regions, survivors: 21 regions, old: 0 regions, predicted pause time: 37.49 ms, target pause time: 100.00 ms]
, 0.0398480 secs]
   [Parallel Time: 16.7 ms, GC Workers: 18]
      [GC Worker Start (ms): Min: 3536081.3, Avg: 3536081.4, Max: 3536081.6, Diff: 0.3]
      [Ext Root Scanning (ms): Min: 6.1, Avg: 7.1, Max: 11.8, Diff: 5.8, Sum: 127.3]
      [Update RS (ms): Min: 0.0, Avg: 1.6, Max: 3.3, Diff: 3.3, Sum: 28.9]
         [Processed Buffers: Min: 0, Avg: 8.1, Max: 31, Diff: 31, Sum: 145]
      [Scan RS (ms): Min: 0.2, Avg: 0.7, Max: 1.1, Diff: 0.9, Sum: 12.1]
      [Object Copy (ms): Min: 4.0, Avg: 6.6, Max: 7.2, Diff: 3.1, Sum: 119.3]
      [Termination (ms): Min: 0.0, Avg: 0.1, Max: 0.1, Diff: 0.1, Sum: 1.2]
      [GC Worker Other (ms): Min: 0.0, Avg: 0.2, Max: 0.4, Diff: 0.3, Sum: 3.5]
      [GC Worker Total (ms): Min: 16.0, Avg: 16.2, Max: 16.4, Diff: 0.5, Sum: 292.3]
      [GC Worker End (ms): Min: 3536097.5, Avg: 3536097.7, Max: 3536097.8, Diff: 0.3]
   [Code Root Fixup: 0.0 ms]
   [Clear CT: 2.0 ms]
   [Other: 21.2 ms]
      [Choose CSet: 0.0 ms]
      [Ref Proc: 15.9 ms]
      [Ref Enq: 0.4 ms]
      [Free CSet: 4.2 ms]
   [Eden: 1555.0M(1555.0M)->0.0B(1564.0M) Survivors: 21.0M->12.0M Heap: 2070.1M(2252.0M)->506.2M(2252.0M)]
 [Times: user=0.45 sys=0.01, real=0.04 secs] 

 Concurrent RS processed 2611443 cards
  Of 77751 completed buffers:
        77751 (100.0%) by conc RS threads.
            0 (  0.0%) by mutator threads.
  Conc RS threads times(s)
          0.00     0.00     0.00     0.00     0.00     0.00     0.00     0.00     0.00     0.00     0.00     0.00     0.00     0.00     0.00     0.00     0.00     0.00     0.00
  Total heap region rem set sizes = 6036K.  Max = 32K.
  Static structures = 369K, free_lists = 240K.
    339136 occupied cards represented.
    Max size region = 1:(O)[0x0000000763500000,0x00000007635ffff0,0x0000000763600000], size = 33K, occupied = 95K.
    Did 2841 coarsenings.
2014-08-01T09:55:21.903-0500: 3542.346: [GC pause (young) 3542.347: [G1Ergonomics (CSet Construction) start choosing CSet, _pending_cards: 5973, predicted base time: 24.68 ms, remaining time: 75.32 ms, target pause time: 100.00 ms]
 3542.347: [G1Ergonomics (CSet Construction) add young regions to CSet, eden: 1564 regions, survivors: 12 regions, predicted young region time: 13.30 ms]
 3542.347: [G1Ergonomics (CSet Construction) finish choosing CSet, eden: 1564 regions, survivors: 12 regions, old: 0 regions, predicted pause time: 37.98 ms, target pause time: 100.00 ms]
, 0.0521100 secs]
   [Parallel Time: 23.2 ms, GC Workers: 18]
      [GC Worker Start (ms): Min: 3542346.8, Avg: 3542346.9, Max: 3542347.1, Diff: 0.3]
      [Ext Root Scanning (ms): Min: 4.6, Avg: 6.7, Max: 11.6, Diff: 7.0, Sum: 121.2]
      [Update RS (ms): Min: 0.0, Avg: 2.3, Max: 14.5, Diff: 14.5, Sum: 40.6]
         [Processed Buffers: Min: 0, Avg: 7.6, Max: 30, Diff: 30, Sum: 137]
      [Scan RS (ms): Min: 0.2, Avg: 0.7, Max: 0.9, Diff: 0.7, Sum: 12.7]
      [Object Copy (ms): Min: 1.0, Avg: 8.6, Max: 12.7, Diff: 11.7, Sum: 155.2]
      [Termination (ms): Min: 0.0, Avg: 4.2, Max: 4.7, Diff: 4.7, Sum: 75.3]
      [GC Worker Other (ms): Min: 0.0, Avg: 0.2, Max: 0.4, Diff: 0.3, Sum: 3.0]
      [GC Worker Total (ms): Min: 22.4, Avg: 22.7, Max: 22.9, Diff: 0.4, Sum: 407.9]
      [GC Worker End (ms): Min: 3542369.4, Avg: 3542369.6, Max: 3542369.8, Diff: 0.3]
   [Code Root Fixup: 0.0 ms]
   [Clear CT: 1.8 ms]
   [Other: 27.1 ms]
      [Choose CSet: 0.0 ms]
      [Ref Proc: 21.4 ms]
      [Ref Enq: 0.6 ms]
      [Free CSet: 4.5 ms]
   [Eden: 1564.0M(1564.0M)->0.0B(1559.0M) Survivors: 12.0M->17.0M Heap: 2070.2M(2252.0M)->510.8M(2252.0M)]
 [Times: user=0.61 sys=0.00, real=0.05 secs] 

 Concurrent RS processed 2613830 cards
  Of 77888 completed buffers:
        77888 (100.0%) by conc RS threads.
            0 (  0.0%) by mutator threads.
  Conc RS threads times(s)
          0.00     0.00     0.00     0.00     0.00     0.00     0.00     0.00     0.00     0.00     0.00     0.00     0.00     0.00     0.00     0.00     0.00     0.00     0.00
  Total heap region rem set sizes = 6038K.  Max = 32K.
  Static structures = 369K, free_lists = 239K.
    339763 occupied cards represented.
    Max size region = 1:(O)[0x0000000763500000,0x00000007635ffff0,0x0000000763600000], size = 33K, occupied = 95K.
    Did 2841 coarsenings.
2014-08-01T09:55:28.001-0500: 3548.444: [GC pause (young) 3548.444: [G1Ergonomics (CSet Construction) start choosing CSet, _pending_cards: 6455, predicted base time: 28.98 ms, remaining time: 71.02 ms, target pause time: 100.00 ms]
 3548.444: [G1Ergonomics (CSet Construction) add young regions to CSet, eden: 1559 regions, survivors: 17 regions, predicted young region time: 19.78 ms]
 3548.444: [G1Ergonomics (CSet Construction) finish choosing CSet, eden: 1559 regions, survivors: 17 regions, old: 0 regions, predicted pause time: 48.76 ms, target pause time: 100.00 ms]
, 0.0356110 secs]
   [Parallel Time: 20.9 ms, GC Workers: 18]
      [GC Worker Start (ms): Min: 3548444.2, Avg: 3548444.4, Max: 3548444.5, Diff: 0.3]
      [Ext Root Scanning (ms): Min: 5.6, Avg: 7.0, Max: 11.6, Diff: 5.9, Sum: 125.4]
      [Update RS (ms): Min: 0.0, Avg: 1.7, Max: 2.8, Diff: 2.8, Sum: 30.7]
         [Processed Buffers: Min: 0, Avg: 7.9, Max: 25, Diff: 25, Sum: 142]
      [Scan RS (ms): Min: 0.2, Avg: 0.7, Max: 1.0, Diff: 0.8, Sum: 13.2]
      [Object Copy (ms): Min: 6.7, Avg: 9.3, Max: 11.2, Diff: 4.5, Sum: 167.0]
      [Termination (ms): Min: 0.0, Avg: 1.5, Max: 1.7, Diff: 1.7, Sum: 27.6]
      [GC Worker Other (ms): Min: 0.0, Avg: 0.1, Max: 0.3, Diff: 0.3, Sum: 2.5]
      [GC Worker Total (ms): Min: 20.1, Avg: 20.4, Max: 20.6, Diff: 0.5, Sum: 366.5]
      [GC Worker End (ms): Min: 3548464.6, Avg: 3548464.7, Max: 3548464.9, Diff: 0.3]
   [Code Root Fixup: 0.0 ms]
   [Clear CT: 1.9 ms]
   [Other: 12.8 ms]
      [Choose CSet: 0.0 ms]
      [Ref Proc: 6.9 ms]
      [Ref Enq: 1.0 ms]
      [Free CSet: 4.3 ms]
   [Eden: 1559.0M(1559.0M)->0.0B(1562.0M) Survivors: 17.0M->14.0M Heap: 2069.8M(2252.0M)->508.3M(2252.0M)]
 [Times: user=0.42 sys=0.00, real=0.03 secs] 

 Concurrent RS processed 2616138 cards
  Of 78030 completed buffers:
        78030 (100.0%) by conc RS threads.
            0 (  0.0%) by mutator threads.
  Conc RS threads times(s)
          0.00     0.00     0.00     0.00     0.00     0.00     0.00     0.00     0.00     0.00     0.00     0.00     0.00     0.00     0.00     0.00     0.00     0.00     0.00
  Total heap region rem set sizes = 6041K.  Max = 33K.
  Static structures = 369K, free_lists = 238K.
    339858 occupied cards represented.
    Max size region = 1:(O)[0x0000000763500000,0x00000007635ffff0,0x0000000763600000], size = 34K, occupied = 95K.
    Did 2841 coarsenings.
2014-08-01T09:55:34.553-0500: 3554.997: [GC pause (young) 3554.997: [G1Ergonomics (CSet Construction) start choosing CSet, _pending_cards: 5512, predicted base time: 26.62 ms, remaining time: 73.38 ms, target pause time: 100.00 ms]
 3554.997: [G1Ergonomics (CSet Construction) add young regions to CSet, eden: 1562 regions, survivors: 14 regions, predicted young region time: 12.89 ms]
 3554.997: [G1Ergonomics (CSet Construction) finish choosing CSet, eden: 1562 regions, survivors: 14 regions, old: 0 regions, predicted pause time: 39.51 ms, target pause time: 100.00 ms]
, 0.0385460 secs]
   [Parallel Time: 21.7 ms, GC Workers: 18]
      [GC Worker Start (ms): Min: 3554997.1, Avg: 3554997.3, Max: 3554997.5, Diff: 0.4]
      [Ext Root Scanning (ms): Min: 6.8, Avg: 8.7, Max: 18.4, Diff: 11.6, Sum: 156.9]
      [Update RS (ms): Min: 0.0, Avg: 2.0, Max: 11.8, Diff: 11.8, Sum: 36.6]
         [Processed Buffers: Min: 0, Avg: 8.6, Max: 38, Diff: 38, Sum: 154]
      [Scan RS (ms): Min: 0.2, Avg: 0.9, Max: 3.2, Diff: 2.9, Sum: 16.6]
      [Object Copy (ms): Min: 1.6, Avg: 8.3, Max: 10.0, Diff: 8.4, Sum: 150.1]
      [Termination (ms): Min: 0.0, Avg: 0.8, Max: 1.5, Diff: 1.5, Sum: 14.8]
      [GC Worker Other (ms): Min: 0.0, Avg: 0.1, Max: 0.3, Diff: 0.3, Sum: 2.2]
      [GC Worker Total (ms): Min: 20.7, Avg: 21.0, Max: 21.6, Diff: 0.9, Sum: 377.2]
      [GC Worker End (ms): Min: 3555018.1, Avg: 3555018.2, Max: 3555018.7, Diff: 0.6]
   [Code Root Fixup: 0.0 ms]
   [Clear CT: 2.2 ms]
   [Other: 14.6 ms]
      [Choose CSet: 0.0 ms]
      [Ref Proc: 9.3 ms]
      [Ref Enq: 0.4 ms]
      [Free CSet: 4.2 ms]
   [Eden: 1562.0M(1562.0M)->0.0B(1552.0M) Survivors: 14.0M->24.0M Heap: 2070.3M(2252.0M)->518.4M(2252.0M)]
 [Times: user=0.40 sys=0.00, real=0.04 secs] 

 Concurrent RS processed 2618610 cards
  Of 78184 completed buffers:
        78184 (100.0%) by conc RS threads.
            0 (  0.0%) by mutator threads.
  Conc RS threads times(s)
          0.00     0.00     0.00     0.00     0.00     0.00     0.00     0.00     0.00     0.00     0.00     0.00     0.00     0.00     0.00     0.00     0.00     0.00     0.00
  Total heap region rem set sizes = 6042K.  Max = 33K.
  Static structures = 369K, free_lists = 238K.
    340296 occupied cards represented.
    Max size region = 1:(O)[0x0000000763500000,0x00000007635ffff0,0x0000000763600000], size = 34K, occupied = 95K.
    Did 2841 coarsenings.
2014-08-01T09:55:41.032-0500: 3561.476: [GC pause (young) 3561.476: [G1Ergonomics (CSet Construction) start choosing CSet, _pending_cards: 5481, predicted base time: 26.22 ms, remaining time: 73.78 ms, target pause time: 100.00 ms]
 3561.476: [G1Ergonomics (CSet Construction) add young regions to CSet, eden: 1552 regions, survivors: 24 regions, predicted young region time: 9.98 ms]
 3561.476: [G1Ergonomics (CSet Construction) finish choosing CSet, eden: 1552 regions, survivors: 24 regions, old: 0 regions, predicted pause time: 36.21 ms, target pause time: 100.00 ms]
, 0.0481560 secs]
   [Parallel Time: 23.9 ms, GC Workers: 18]
      [GC Worker Start (ms): Min: 3561476.2, Avg: 3561476.3, Max: 3561476.5, Diff: 0.4]
      [Ext Root Scanning (ms): Min: 6.2, Avg: 9.2, Max: 17.7, Diff: 11.5, Sum: 165.8]
      [Update RS (ms): Min: 0.0, Avg: 1.4, Max: 3.3, Diff: 3.3, Sum: 24.4]
         [Processed Buffers: Min: 0, Avg: 7.8, Max: 23, Diff: 23, Sum: 141]
      [Scan RS (ms): Min: 0.2, Avg: 0.7, Max: 1.0, Diff: 0.8, Sum: 12.3]
      [Object Copy (ms): Min: 5.0, Avg: 11.5, Max: 13.0, Diff: 8.0, Sum: 207.8]
      [Termination (ms): Min: 0.0, Avg: 0.4, Max: 0.6, Diff: 0.6, Sum: 8.1]
      [GC Worker Other (ms): Min: 0.0, Avg: 0.2, Max: 0.3, Diff: 0.3, Sum: 3.4]
      [GC Worker Total (ms): Min: 23.1, Avg: 23.4, Max: 23.7, Diff: 0.6, Sum: 421.7]
      [GC Worker End (ms): Min: 3561499.6, Avg: 3561499.8, Max: 3561499.9, Diff: 0.3]
   [Code Root Fixup: 0.0 ms]
   [Clear CT: 2.4 ms]
   [Other: 21.9 ms]
      [Choose CSet: 0.0 ms]
      [Ref Proc: 15.3 ms]
      [Ref Enq: 1.2 ms]
      [Free CSet: 4.8 ms]
   [Eden: 1552.0M(1552.0M)->0.0B(1560.0M) Survivors: 24.0M->16.0M Heap: 2070.4M(2252.0M)->510.5M(2252.0M)]
 [Times: user=0.54 sys=0.01, real=0.05 secs] 

 Concurrent RS processed 2620959 cards
  Of 78325 completed buffers:
        78325 (100.0%) by conc RS threads.
            0 (  0.0%) by mutator threads.
  Conc RS threads times(s)
          0.00     0.00     0.00     0.00     0.00     0.00     0.00     0.00     0.00     0.00     0.00     0.00     0.00     0.00     0.00     0.00     0.00     0.00     0.00
  Total heap region rem set sizes = 6043K.  Max = 33K.
  Static structures = 369K, free_lists = 238K.
    340622 occupied cards represented.
    Max size region = 1:(O)[0x0000000763500000,0x00000007635ffff0,0x0000000763600000], size = 34K, occupied = 95K.
    Did 2841 coarsenings.
2014-08-01T09:55:47.720-0500: 3568.163: [GC pause (young) 3568.164: [G1Ergonomics (CSet Construction) start choosing CSet, _pending_cards: 5514, predicted base time: 28.26 ms, remaining time: 71.74 ms, target pause time: 100.00 ms]
 3568.164: [G1Ergonomics (CSet Construction) add young regions to CSet, eden: 1560 regions, survivors: 16 regions, predicted young region time: 12.90 ms]
 3568.164: [G1Ergonomics (CSet Construction) finish choosing CSet, eden: 1560 regions, survivors: 16 regions, old: 0 regions, predicted pause time: 41.17 ms, target pause time: 100.00 ms]
, 0.0474580 secs]
   [Parallel Time: 31.2 ms, GC Workers: 18]
      [GC Worker Start (ms): Min: 3568163.8, Avg: 3568164.0, Max: 3568164.2, Diff: 0.4]
      [Ext Root Scanning (ms): Min: 8.5, Avg: 11.4, Max: 18.6, Diff: 10.1, Sum: 205.2]
      [Update RS (ms): Min: 0.0, Avg: 2.3, Max: 16.8, Diff: 16.8, Sum: 41.9]
         [Processed Buffers: Min: 0, Avg: 7.6, Max: 31, Diff: 31, Sum: 136]
      [Scan RS (ms): Min: 0.2, Avg: 0.6, Max: 1.2, Diff: 1.0, Sum: 11.5]
      [Object Copy (ms): Min: 1.9, Avg: 7.6, Max: 11.8, Diff: 9.9, Sum: 136.0]
      [Termination (ms): Min: 0.0, Avg: 7.0, Max: 8.3, Diff: 8.3, Sum: 125.8]
      [GC Worker Other (ms): Min: 0.0, Avg: 0.1, Max: 0.3, Diff: 0.3, Sum: 2.4]
      [GC Worker Total (ms): Min: 28.7, Avg: 29.0, Max: 30.0, Diff: 1.3, Sum: 522.8]
      [GC Worker End (ms): Min: 3568192.9, Avg: 3568193.0, Max: 3568193.8, Diff: 0.9]
   [Code Root Fixup: 0.0 ms]
   [Clear CT: 1.7 ms]
   [Other: 14.6 ms]
      [Choose CSet: 0.0 ms]
      [Ref Proc: 8.9 ms]
      [Ref Enq: 0.5 ms]
      [Free CSet: 4.6 ms]
   [Eden: 1560.0M(1560.0M)->0.0B(1564.0M) Survivors: 16.0M->12.0M Heap: 2070.5M(2252.0M)->506.2M(2252.0M)]
 [Times: user=0.49 sys=0.01, real=0.05 secs] 

 Concurrent RS processed 2623449 cards
  Of 78461 completed buffers:
        78461 (100.0%) by conc RS threads.
            0 (  0.0%) by mutator threads.
  Conc RS threads times(s)
          0.00     0.00     0.00     0.00     0.00     0.00     0.00     0.00     0.00     0.00     0.00     0.00     0.00     0.00     0.00     0.00     0.00     0.00     0.00
  Total heap region rem set sizes = 6045K.  Max = 33K.
  Static structures = 369K, free_lists = 237K.
    341063 occupied cards represented.
    Max size region = 1:(O)[0x0000000763500000,0x00000007635ffff0,0x0000000763600000], size = 34K, occupied = 95K.
    Did 2841 coarsenings.
2014-08-01T09:55:54.458-0500: 3574.901: [GC pause (young) 3574.901: [G1Ergonomics (CSet Construction) start choosing CSet, _pending_cards: 5229, predicted base time: 28.31 ms, remaining time: 71.69 ms, target pause time: 100.00 ms]
 3574.901: [G1Ergonomics (CSet Construction) add young regions to CSet, eden: 1564 regions, survivors: 12 regions, predicted young region time: 17.72 ms]
 3574.901: [G1Ergonomics (CSet Construction) finish choosing CSet, eden: 1564 regions, survivors: 12 regions, old: 0 regions, predicted pause time: 46.03 ms, target pause time: 100.00 ms]
, 0.0429750 secs]
   [Parallel Time: 25.2 ms, GC Workers: 18]
      [GC Worker Start (ms): Min: 3574901.6, Avg: 3574901.8, Max: 3574902.0, Diff: 0.4]
      [Ext Root Scanning (ms): Min: 6.4, Avg: 8.8, Max: 18.4, Diff: 12.0, Sum: 158.2]
      [Update RS (ms): Min: 0.0, Avg: 1.5, Max: 2.7, Diff: 2.7, Sum: 27.6]
         [Processed Buffers: Min: 0, Avg: 7.7, Max: 27, Diff: 27, Sum: 139]
      [Scan RS (ms): Min: 0.2, Avg: 0.7, Max: 1.1, Diff: 0.9, Sum: 11.9]
      [Object Copy (ms): Min: 1.8, Avg: 8.8, Max: 13.2, Diff: 11.4, Sum: 157.5]
      [Termination (ms): Min: 0.0, Avg: 4.0, Max: 5.1, Diff: 5.1, Sum: 71.8]
      [GC Worker Other (ms): Min: 0.0, Avg: 0.1, Max: 0.3, Diff: 0.3, Sum: 2.0]
      [GC Worker Total (ms): Min: 23.5, Avg: 23.8, Max: 25.1, Diff: 1.5, Sum: 429.0]
      [GC Worker End (ms): Min: 3574925.5, Avg: 3574925.6, Max: 3574926.7, Diff: 1.2]
   [Code Root Fixup: 0.0 ms]
   [Clear CT: 1.4 ms]
   [Other: 16.3 ms]
      [Choose CSet: 0.0 ms]
      [Ref Proc: 9.1 ms]
      [Ref Enq: 0.5 ms]
      [Free CSet: 5.9 ms]
   [Eden: 1564.0M(1564.0M)->0.0B(1551.0M) Survivors: 12.0M->25.0M Heap: 2070.2M(2252.0M)->519.2M(2252.0M)]
 [Times: user=0.43 sys=0.01, real=0.04 secs] 

 Concurrent RS processed 2625894 cards
  Of 78600 completed buffers:
        78600 (100.0%) by conc RS threads.
            0 (  0.0%) by mutator threads.
  Conc RS threads times(s)
          0.00     0.00     0.00     0.00     0.00     0.00     0.00     0.00     0.00     0.00     0.00     0.00     0.00     0.00     0.00     0.00     0.00     0.00     0.00
  Total heap region rem set sizes = 6045K.  Max = 33K.
  Static structures = 369K, free_lists = 237K.
    341274 occupied cards represented.
    Max size region = 1:(O)[0x0000000763500000,0x00000007635ffff0,0x0000000763600000], size = 34K, occupied = 95K.
    Did 2841 coarsenings.
2014-08-01T09:56:00.781-0500: 3581.224: [GC pause (young) 3581.225: [G1Ergonomics (CSet Construction) start choosing CSet, _pending_cards: 5260, predicted base time: 27.23 ms, remaining time: 72.77 ms, target pause time: 100.00 ms]
 3581.225: [G1Ergonomics (CSet Construction) add young regions to CSet, eden: 1551 regions, survivors: 25 regions, predicted young region time: 20.51 ms]
 3581.225: [G1Ergonomics (CSet Construction) finish choosing CSet, eden: 1551 regions, survivors: 25 regions, old: 0 regions, predicted pause time: 47.74 ms, target pause time: 100.00 ms]
, 0.0401650 secs]
   [Parallel Time: 22.7 ms, GC Workers: 18]
      [GC Worker Start (ms): Min: 3581224.8, Avg: 3581225.0, Max: 3581225.1, Diff: 0.3]
      [Ext Root Scanning (ms): Min: 6.5, Avg: 7.9, Max: 11.8, Diff: 5.3, Sum: 142.0]
      [Update RS (ms): Min: 0.0, Avg: 1.7, Max: 3.3, Diff: 3.3, Sum: 30.3]
         [Processed Buffers: Min: 0, Avg: 7.8, Max: 25, Diff: 25, Sum: 141]
      [Scan RS (ms): Min: 0.2, Avg: 0.7, Max: 1.0, Diff: 0.8, Sum: 12.2]
      [Object Copy (ms): Min: 6.4, Avg: 8.2, Max: 12.3, Diff: 5.9, Sum: 148.5]
      [Termination (ms): Min: 0.0, Avg: 3.5, Max: 3.9, Diff: 3.9, Sum: 63.2]
      [GC Worker Other (ms): Min: 0.0, Avg: 0.2, Max: 0.5, Diff: 0.4, Sum: 4.0]
      [GC Worker Total (ms): Min: 21.9, Avg: 22.2, Max: 22.6, Diff: 0.7, Sum: 400.1]
      [GC Worker End (ms): Min: 3581247.0, Avg: 3581247.2, Max: 3581247.4, Diff: 0.4]
   [Code Root Fixup: 0.0 ms]
   [Clear CT: 1.8 ms]
   [Other: 15.7 ms]
      [Choose CSet: 0.0 ms]
      [Ref Proc: 10.5 ms]
      [Ref Enq: 0.4 ms]
      [Free CSet: 4.2 ms]
   [Eden: 1551.0M(1551.0M)->0.0B(1557.0M) Survivors: 25.0M->19.0M Heap: 2070.2M(2252.0M)->513.2M(2252.0M)]
 [Times: user=0.44 sys=0.01, real=0.04 secs] 

 Concurrent RS processed 2628357 cards
  Of 78741 completed buffers:
        78741 (100.0%) by conc RS threads.
            0 (  0.0%) by mutator threads.
  Conc RS threads times(s)
          0.00     0.00     0.00     0.00     0.00     0.00     0.00     0.00     0.00     0.00     0.00     0.00     0.00     0.00     0.00     0.00     0.00     0.00     0.00
  Total heap region rem set sizes = 6046K.  Max = 33K.
  Static structures = 369K, free_lists = 237K.
    341612 occupied cards represented.
    Max size region = 1:(O)[0x0000000763500000,0x00000007635ffff0,0x0000000763600000], size = 34K, occupied = 96K.
    Did 2841 coarsenings.
2014-08-01T09:56:06.840-0500: 3587.284: [GC pause (young) 3587.284: [G1Ergonomics (CSet Construction) start choosing CSet, _pending_cards: 5496, predicted base time: 26.46 ms, remaining time: 73.54 ms, target pause time: 100.00 ms]
 3587.284: [G1Ergonomics (CSet Construction) add young regions to CSet, eden: 1557 regions, survivors: 19 regions, predicted young region time: 25.10 ms]
 3587.284: [G1Ergonomics (CSet Construction) finish choosing CSet, eden: 1557 regions, survivors: 19 regions, old: 0 regions, predicted pause time: 51.56 ms, target pause time: 100.00 ms]
, 0.0343820 secs]
   [Parallel Time: 20.4 ms, GC Workers: 18]
      [GC Worker Start (ms): Min: 3587284.2, Avg: 3587284.3, Max: 3587284.5, Diff: 0.3]
      [Ext Root Scanning (ms): Min: 6.0, Avg: 7.7, Max: 13.4, Diff: 7.4, Sum: 138.5]
      [Update RS (ms): Min: 0.0, Avg: 1.4, Max: 2.8, Diff: 2.8, Sum: 24.5]
         [Processed Buffers: Min: 0, Avg: 7.7, Max: 20, Diff: 20, Sum: 139]
      [Scan RS (ms): Min: 0.2, Avg: 0.7, Max: 0.9, Diff: 0.7, Sum: 12.1]
      [Object Copy (ms): Min: 5.6, Avg: 9.5, Max: 10.2, Diff: 4.6, Sum: 170.5]
      [Termination (ms): Min: 0.0, Avg: 0.5, Max: 0.6, Diff: 0.6, Sum: 9.0]
      [GC Worker Other (ms): Min: 0.0, Avg: 0.2, Max: 0.4, Diff: 0.3, Sum: 3.4]
      [GC Worker Total (ms): Min: 19.6, Avg: 19.9, Max: 20.2, Diff: 0.5, Sum: 357.9]
      [GC Worker End (ms): Min: 3587304.0, Avg: 3587304.2, Max: 3587304.3, Diff: 0.3]
   [Code Root Fixup: 0.0 ms]
   [Clear CT: 1.7 ms]
   [Other: 12.3 ms]
      [Choose CSet: 0.0 ms]
      [Ref Proc: 6.0 ms]
      [Ref Enq: 0.6 ms]
      [Free CSet: 5.1 ms]
   [Eden: 1557.0M(1557.0M)->0.0B(1557.0M) Survivors: 19.0M->19.0M Heap: 2070.2M(2252.0M)->513.8M(2252.0M)]
 [Times: user=0.38 sys=0.00, real=0.04 secs] 

 Concurrent RS processed 2630747 cards
  Of 78880 completed buffers:
        78880 (100.0%) by conc RS threads.
            0 (  0.0%) by mutator threads.
  Conc RS threads times(s)
          0.00     0.00     0.00     0.00     0.00     0.00     0.00     0.00     0.00     0.00     0.00     0.00     0.00     0.00     0.00     0.00     0.00     0.00     0.00
  Total heap region rem set sizes = 6047K.  Max = 33K.
  Static structures = 369K, free_lists = 236K.
    341909 occupied cards represented.
    Max size region = 1:(O)[0x0000000763500000,0x00000007635ffff0,0x0000000763600000], size = 34K, occupied = 96K.
    Did 2841 coarsenings.
2014-08-01T09:56:13.161-0500: 3593.604: [GC pause (young) 3593.604: [G1Ergonomics (CSet Construction) start choosing CSet, _pending_cards: 5722, predicted base time: 24.86 ms, remaining time: 75.14 ms, target pause time: 100.00 ms]
 3593.604: [G1Ergonomics (CSet Construction) add young regions to CSet, eden: 1557 regions, survivors: 19 regions, predicted young region time: 21.55 ms]
 3593.604: [G1Ergonomics (CSet Construction) finish choosing CSet, eden: 1557 regions, survivors: 19 regions, old: 0 regions, predicted pause time: 46.40 ms, target pause time: 100.00 ms]
, 0.0407190 secs]
   [Parallel Time: 30.5 ms, GC Workers: 18]
      [GC Worker Start (ms): Min: 3593604.5, Avg: 3593604.6, Max: 3593604.7, Diff: 0.2]
      [Ext Root Scanning (ms): Min: 4.6, Avg: 7.0, Max: 13.4, Diff: 8.8, Sum: 125.6]
      [Update RS (ms): Min: 0.0, Avg: 0.9, Max: 2.3, Diff: 2.3, Sum: 16.1]
         [Processed Buffers: Min: 0, Avg: 7.7, Max: 26, Diff: 26, Sum: 139]
      [Scan RS (ms): Min: 0.1, Avg: 0.5, Max: 0.7, Diff: 0.6, Sum: 9.6]
      [Object Copy (ms): Min: 0.0, Avg: 5.7, Max: 23.1, Diff: 23.1, Sum: 102.4]
      [Termination (ms): Min: 0.0, Avg: 16.0, Max: 17.1, Diff: 17.1, Sum: 288.7]
      [GC Worker Other (ms): Min: 0.0, Avg: 0.1, Max: 0.2, Diff: 0.2, Sum: 2.0]
      [GC Worker Total (ms): Min: 30.0, Avg: 30.2, Max: 30.4, Diff: 0.4, Sum: 544.3]
      [GC Worker End (ms): Min: 3593634.7, Avg: 3593634.8, Max: 3593634.9, Diff: 0.2]
   [Code Root Fixup: 0.0 ms]
   [Clear CT: 1.1 ms]
   [Other: 9.1 ms]
      [Choose CSet: 0.0 ms]
      [Ref Proc: 4.2 ms]
      [Ref Enq: 0.3 ms]
      [Free CSet: 4.1 ms]
   [Eden: 1557.0M(1557.0M)->0.0B(1564.0M) Survivors: 19.0M->12.0M Heap: 2070.8M(2252.0M)->506.6M(2252.0M)]
 [Times: user=0.49 sys=0.01, real=0.04 secs] 

 Concurrent RS processed 2633091 cards
  Of 79019 completed buffers:
        79019 (100.0%) by conc RS threads.
            0 (  0.0%) by mutator threads.
  Conc RS threads times(s)
          0.00     0.00     0.00     0.00     0.00     0.00     0.00     0.00     0.00     0.00     0.00     0.00     0.00     0.00     0.00     0.00     0.00     0.00     0.00
  Total heap region rem set sizes = 6047K.  Max = 33K.
  Static structures = 369K, free_lists = 236K.
    342225 occupied cards represented.
    Max size region = 1:(O)[0x0000000763500000,0x00000007635ffff0,0x0000000763600000], size = 34K, occupied = 96K.
    Did 2841 coarsenings.
2014-08-01T09:56:19.593-0500: 3600.037: [GC pause (young) 3600.037: [G1Ergonomics (CSet Construction) start choosing CSet, _pending_cards: 5205, predicted base time: 22.53 ms, remaining time: 77.47 ms, target pause time: 100.00 ms]
 3600.037: [G1Ergonomics (CSet Construction) add young regions to CSet, eden: 1564 regions, survivors: 12 regions, predicted young region time: 10.84 ms]
 3600.037: [G1Ergonomics (CSet Construction) finish choosing CSet, eden: 1564 regions, survivors: 12 regions, old: 0 regions, predicted pause time: 33.38 ms, target pause time: 100.00 ms]
, 0.0359900 secs]
   [Parallel Time: 19.8 ms, GC Workers: 18]
      [GC Worker Start (ms): Min: 3600037.0, Avg: 3600037.2, Max: 3600037.3, Diff: 0.3]
      [Ext Root Scanning (ms): Min: 5.9, Avg: 6.8, Max: 11.2, Diff: 5.3, Sum: 122.7]
      [Update RS (ms): Min: 0.0, Avg: 1.6, Max: 3.1, Diff: 3.1, Sum: 28.1]
         [Processed Buffers: Min: 0, Avg: 7.5, Max: 31, Diff: 31, Sum: 135]
      [Scan RS (ms): Min: 0.2, Avg: 0.6, Max: 1.1, Diff: 0.9, Sum: 11.3]
      [Object Copy (ms): Min: 7.1, Avg: 9.5, Max: 10.1, Diff: 3.0, Sum: 170.1]
      [Termination (ms): Min: 0.1, Avg: 0.3, Max: 0.4, Diff: 0.3, Sum: 5.3]
      [GC Worker Other (ms): Min: 0.0, Avg: 0.2, Max: 0.4, Diff: 0.3, Sum: 3.3]
      [GC Worker Total (ms): Min: 18.7, Avg: 18.9, Max: 19.2, Diff: 0.4, Sum: 340.8]
      [GC Worker End (ms): Min: 3600056.0, Avg: 3600056.1, Max: 3600056.3, Diff: 0.3]
   [Code Root Fixup: 0.0 ms]
   [Clear CT: 1.6 ms]
   [Other: 14.5 ms]
      [Choose CSet: 0.0 ms]
      [Ref Proc: 7.0 ms]
      [Ref Enq: 0.6 ms]
      [Free CSet: 6.2 ms]
   [Eden: 1564.0M(1564.0M)->0.0B(1553.0M) Survivors: 12.0M->23.0M Heap: 2070.6M(2252.0M)->517.5M(2252.0M)]
 [Times: user=0.40 sys=0.01, real=0.04 secs] 

 Concurrent RS processed 2635504 cards
  Of 79154 completed buffers:
        79154 (100.0%) by conc RS threads.
            0 (  0.0%) by mutator threads.
  Conc RS threads times(s)
          0.00     0.00     0.00     0.00     0.00     0.00     0.00     0.00     0.00     0.00     0.00     0.00     0.00     0.00     0.00     0.00     0.00     0.00     0.00
  Total heap region rem set sizes = 6047K.  Max = 33K.
  Static structures = 369K, free_lists = 236K.
    342569 occupied cards represented.
    Max size region = 1:(O)[0x0000000763500000,0x00000007635ffff0,0x0000000763600000], size = 34K, occupied = 96K.
    Did 2841 coarsenings.
2014-08-01T09:56:25.620-0500: 3606.063: [GC pause (young) 3606.064: [G1Ergonomics (CSet Construction) start choosing CSet, _pending_cards: 5717, predicted base time: 22.04 ms, remaining time: 77.96 ms, target pause time: 100.00 ms]
 3606.064: [G1Ergonomics (CSet Construction) add young regions to CSet, eden: 1553 regions, survivors: 23 regions, predicted young region time: 11.49 ms]
 3606.064: [G1Ergonomics (CSet Construction) finish choosing CSet, eden: 1553 regions, survivors: 23 regions, old: 0 regions, predicted pause time: 33.53 ms, target pause time: 100.00 ms]
, 0.0410230 secs]
   [Parallel Time: 24.5 ms, GC Workers: 18]
      [GC Worker Start (ms): Min: 3606063.9, Avg: 3606064.0, Max: 3606064.2, Diff: 0.3]
      [Ext Root Scanning (ms): Min: 6.7, Avg: 8.6, Max: 11.7, Diff: 5.0, Sum: 154.8]
      [Update RS (ms): Min: 0.0, Avg: 1.6, Max: 4.4, Diff: 4.4, Sum: 28.5]
         [Processed Buffers: Min: 0, Avg: 8.0, Max: 28, Diff: 28, Sum: 144]
      [Scan RS (ms): Min: 0.2, Avg: 0.7, Max: 0.9, Diff: 0.7, Sum: 12.3]
      [Object Copy (ms): Min: 8.2, Avg: 9.5, Max: 12.2, Diff: 4.1, Sum: 170.1]
      [Termination (ms): Min: 0.0, Avg: 2.9, Max: 3.1, Diff: 3.1, Sum: 51.9]
      [GC Worker Other (ms): Min: 0.0, Avg: 0.3, Max: 1.0, Diff: 0.9, Sum: 4.9]
      [GC Worker Total (ms): Min: 23.2, Avg: 23.5, Max: 24.2, Diff: 1.1, Sum: 422.5]
      [GC Worker End (ms): Min: 3606087.3, Avg: 3606087.5, Max: 3606088.2, Diff: 0.9]
   [Code Root Fixup: 0.0 ms]
   [Clear CT: 1.8 ms]
   [Other: 14.8 ms]
      [Choose CSet: 0.0 ms]
      [Ref Proc: 9.0 ms]
      [Ref Enq: 0.8 ms]
      [Free CSet: 4.2 ms]
   [Eden: 1553.0M(1553.0M)->0.0B(1561.0M) Survivors: 23.0M->15.0M Heap: 2070.5M(2252.0M)->509.6M(2252.0M)]
 [Times: user=0.46 sys=0.01, real=0.04 secs] 

 Concurrent RS processed 2637901 cards
  Of 79298 completed buffers:
        79298 (100.0%) by conc RS threads.
            0 (  0.0%) by mutator threads.
  Conc RS threads times(s)
          0.00     0.00     0.00     0.00     0.00     0.00     0.00     0.00     0.00     0.00     0.00     0.00     0.00     0.00     0.00     0.00     0.00     0.00     0.00
  Total heap region rem set sizes = 6048K.  Max = 33K.
  Static structures = 369K, free_lists = 236K.
    342874 occupied cards represented.
    Max size region = 1:(O)[0x0000000763500000,0x00000007635ffff0,0x0000000763600000], size = 34K, occupied = 96K.
    Did 2841 coarsenings.
2014-08-01T09:56:31.769-0500: 3612.212: [GC pause (young) 3612.213: [G1Ergonomics (CSet Construction) start choosing CSet, _pending_cards: 5525, predicted base time: 22.85 ms, remaining time: 77.15 ms, target pause time: 100.00 ms]
 3612.213: [G1Ergonomics (CSet Construction) add young regions to CSet, eden: 1561 regions, survivors: 15 regions, predicted young region time: 16.89 ms]
 3612.213: [G1Ergonomics (CSet Construction) finish choosing CSet, eden: 1561 regions, survivors: 15 regions, old: 0 regions, predicted pause time: 39.74 ms, target pause time: 100.00 ms]
, 0.0503000 secs]
   [Parallel Time: 23.1 ms, GC Workers: 18]
      [GC Worker Start (ms): Min: 3612212.8, Avg: 3612213.0, Max: 3612213.2, Diff: 0.4]
      [Ext Root Scanning (ms): Min: 6.9, Avg: 9.1, Max: 11.6, Diff: 4.6, Sum: 163.1]
      [Update RS (ms): Min: 0.3, Avg: 2.9, Max: 12.7, Diff: 12.3, Sum: 52.1]
         [Processed Buffers: Min: 1, Avg: 8.3, Max: 27, Diff: 26, Sum: 149]
      [Scan RS (ms): Min: 0.2, Avg: 0.8, Max: 1.0, Diff: 0.8, Sum: 13.5]
      [Object Copy (ms): Min: 1.6, Avg: 8.0, Max: 10.5, Diff: 8.9, Sum: 144.7]
      [Termination (ms): Min: 0.0, Avg: 0.8, Max: 1.7, Diff: 1.7, Sum: 14.9]
      [GC Worker Other (ms): Min: 0.0, Avg: 0.2, Max: 0.4, Diff: 0.3, Sum: 3.3]
      [GC Worker Total (ms): Min: 21.4, Avg: 21.8, Max: 22.8, Diff: 1.4, Sum: 391.5]
      [GC Worker End (ms): Min: 3612234.5, Avg: 3612234.7, Max: 3612235.7, Diff: 1.2]
   [Code Root Fixup: 0.0 ms]
   [Clear CT: 1.5 ms]
   [Other: 25.7 ms]
      [Choose CSet: 0.0 ms]
      [Ref Proc: 18.3 ms]
      [Ref Enq: 0.5 ms]
      [Free CSet: 6.0 ms]
   [Eden: 1561.0M(1561.0M)->0.0B(1560.0M) Survivors: 15.0M->16.0M Heap: 2070.6M(2252.0M)->510.9M(2252.0M)]
 [Times: user=0.48 sys=0.01, real=0.05 secs] 

 Concurrent RS processed 2640385 cards
  Of 79447 completed buffers:
        79447 (100.0%) by conc RS threads.
            0 (  0.0%) by mutator threads.
  Conc RS threads times(s)
          0.00     0.00     0.00     0.00     0.00     0.00     0.00     0.00     0.00     0.00     0.00     0.00     0.00     0.00     0.00     0.00     0.00     0.00     0.00
  Total heap region rem set sizes = 6049K.  Max = 33K.
  Static structures = 369K, free_lists = 236K.
    343239 occupied cards represented.
    Max size region = 1:(O)[0x0000000763500000,0x00000007635ffff0,0x0000000763600000], size = 34K, occupied = 96K.
    Did 2841 coarsenings.
2014-08-01T09:56:38.035-0500: 3618.479: [GC pause (young) 3618.479: [G1Ergonomics (CSet Construction) start choosing CSet, _pending_cards: 5994, predicted base time: 28.24 ms, remaining time: 71.76 ms, target pause time: 100.00 ms]
 3618.479: [G1Ergonomics (CSet Construction) add young regions to CSet, eden: 1560 regions, survivors: 16 regions, predicted young region time: 16.81 ms]
 3618.479: [G1Ergonomics (CSet Construction) finish choosing CSet, eden: 1560 regions, survivors: 16 regions, old: 0 regions, predicted pause time: 45.05 ms, target pause time: 100.00 ms]
, 0.0395120 secs]
   [Parallel Time: 19.7 ms, GC Workers: 18]
      [GC Worker Start (ms): Min: 3618478.9, Avg: 3618479.1, Max: 3618479.2, Diff: 0.3]
      [Ext Root Scanning (ms): Min: 6.3, Avg: 7.6, Max: 11.9, Diff: 5.6, Sum: 136.2]
      [Update RS (ms): Min: 0.0, Avg: 1.5, Max: 2.9, Diff: 2.9, Sum: 26.8]
         [Processed Buffers: Min: 0, Avg: 8.1, Max: 40, Diff: 40, Sum: 146]
      [Scan RS (ms): Min: 0.2, Avg: 0.9, Max: 3.0, Diff: 2.8, Sum: 16.6]
      [Object Copy (ms): Min: 5.9, Avg: 8.1, Max: 9.6, Diff: 3.6, Sum: 145.5]
      [Termination (ms): Min: 0.0, Avg: 1.1, Max: 1.5, Diff: 1.4, Sum: 19.7]
      [GC Worker Other (ms): Min: 0.0, Avg: 0.1, Max: 0.3, Diff: 0.3, Sum: 2.7]
      [GC Worker Total (ms): Min: 19.0, Avg: 19.3, Max: 19.6, Diff: 0.6, Sum: 347.5]
      [GC Worker End (ms): Min: 3618498.2, Avg: 3618498.4, Max: 3618498.6, Diff: 0.4]
   [Code Root Fixup: 0.0 ms]
   [Clear CT: 1.8 ms]
   [Other: 18.0 ms]
      [Choose CSet: 0.0 ms]
      [Ref Proc: 10.8 ms]
      [Ref Enq: 0.5 ms]
      [Free CSet: 6.0 ms]
   [Eden: 1560.0M(1560.0M)->0.0B(1555.0M) Survivors: 16.0M->21.0M Heap: 2070.9M(2252.0M)->515.7M(2252.0M)]
 [Times: user=0.39 sys=0.01, real=0.04 secs] 

 Concurrent RS processed 2642786 cards
  Of 79593 completed buffers:
        79593 (100.0%) by conc RS threads.
            0 (  0.0%) by mutator threads.
  Conc RS threads times(s)
          0.00     0.00     0.00     0.00     0.00     0.00     0.00     0.00     0.00     0.00     0.00     0.00     0.00     0.00     0.00     0.00     0.00     0.00     0.00
  Total heap region rem set sizes = 6048K.  Max = 33K.
  Static structures = 369K, free_lists = 236K.
    343440 occupied cards represented.
    Max size region = 1:(O)[0x0000000763500000,0x00000007635ffff0,0x0000000763600000], size = 34K, occupied = 96K.
    Did 2841 coarsenings.
2014-08-01T09:56:44.153-0500: 3624.597: [GC pause (young) 3624.597: [G1Ergonomics (CSet Construction) start choosing CSet, _pending_cards: 5744, predicted base time: 27.12 ms, remaining time: 72.88 ms, target pause time: 100.00 ms]
 3624.597: [G1Ergonomics (CSet Construction) add young regions to CSet, eden: 1555 regions, survivors: 21 regions, predicted young region time: 18.72 ms]
 3624.597: [G1Ergonomics (CSet Construction) finish choosing CSet, eden: 1555 regions, survivors: 21 regions, old: 0 regions, predicted pause time: 45.84 ms, target pause time: 100.00 ms]
, 0.0436980 secs]
   [Parallel Time: 27.0 ms, GC Workers: 18]
      [GC Worker Start (ms): Min: 3624597.2, Avg: 3624597.3, Max: 3624597.5, Diff: 0.3]
      [Ext Root Scanning (ms): Min: 4.8, Avg: 6.4, Max: 8.8, Diff: 4.0, Sum: 115.5]
      [Update RS (ms): Min: 0.0, Avg: 1.4, Max: 3.5, Diff: 3.5, Sum: 26.1]
         [Processed Buffers: Min: 0, Avg: 8.1, Max: 23, Diff: 23, Sum: 145]
      [Scan RS (ms): Min: 0.2, Avg: 0.7, Max: 1.0, Diff: 0.8, Sum: 13.4]
      [Object Copy (ms): Min: 8.1, Avg: 9.4, Max: 17.9, Diff: 9.8, Sum: 169.6]
      [Termination (ms): Min: 0.1, Avg: 8.2, Max: 8.8, Diff: 8.8, Sum: 148.2]
      [GC Worker Other (ms): Min: 0.0, Avg: 0.2, Max: 0.3, Diff: 0.3, Sum: 3.1]
      [GC Worker Total (ms): Min: 26.1, Avg: 26.4, Max: 26.7, Diff: 0.5, Sum: 475.8]
      [GC Worker End (ms): Min: 3624623.6, Avg: 3624623.8, Max: 3624623.9, Diff: 0.3]
   [Code Root Fixup: 0.0 ms]
   [Clear CT: 1.7 ms]
   [Other: 15.0 ms]
      [Choose CSet: 0.0 ms]
      [Ref Proc: 7.6 ms]
      [Ref Enq: 1.9 ms]
      [Free CSet: 4.8 ms]
   [Eden: 1555.0M(1555.0M)->0.0B(1559.0M) Survivors: 21.0M->17.0M Heap: 2070.7M(2252.0M)->511.9M(2252.0M)]
 [Times: user=0.55 sys=0.01, real=0.04 secs] 

 Concurrent RS processed 2645133 cards
  Of 79738 completed buffers:
        79738 (100.0%) by conc RS threads.
            0 (  0.0%) by mutator threads.
  Conc RS threads times(s)
          0.00     0.00     0.00     0.00     0.00     0.00     0.00     0.00     0.00     0.00     0.00     0.00     0.00     0.00     0.00     0.00     0.00     0.00     0.00
  Total heap region rem set sizes = 6048K.  Max = 33K.
  Static structures = 369K, free_lists = 236K.
    343691 occupied cards represented.
    Max size region = 1:(O)[0x0000000763500000,0x00000007635ffff0,0x0000000763600000], size = 34K, occupied = 96K.
    Did 2841 coarsenings.
2014-08-01T09:56:50.344-0500: 3630.787: [GC pause (young) 3630.787: [G1Ergonomics (CSet Construction) start choosing CSet, _pending_cards: 5490, predicted base time: 25.49 ms, remaining time: 74.51 ms, target pause time: 100.00 ms]
 3630.787: [G1Ergonomics (CSet Construction) add young regions to CSet, eden: 1559 regions, survivors: 17 regions, predicted young region time: 15.05 ms]
 3630.787: [G1Ergonomics (CSet Construction) finish choosing CSet, eden: 1559 regions, survivors: 17 regions, old: 0 regions, predicted pause time: 40.54 ms, target pause time: 100.00 ms]
, 0.0379420 secs]
   [Parallel Time: 22.4 ms, GC Workers: 18]
      [GC Worker Start (ms): Min: 3630787.6, Avg: 3630787.7, Max: 3630787.9, Diff: 0.3]
      [Ext Root Scanning (ms): Min: 6.4, Avg: 7.6, Max: 11.7, Diff: 5.3, Sum: 136.8]
      [Update RS (ms): Min: 0.0, Avg: 1.6, Max: 3.1, Diff: 3.1, Sum: 28.1]
         [Processed Buffers: Min: 0, Avg: 7.8, Max: 27, Diff: 27, Sum: 141]
      [Scan RS (ms): Min: 0.2, Avg: 1.3, Max: 11.1, Diff: 10.9, Sum: 23.5]
      [Object Copy (ms): Min: 1.4, Avg: 10.1, Max: 11.1, Diff: 9.7, Sum: 181.9]
      [Termination (ms): Min: 0.0, Avg: 0.7, Max: 0.9, Diff: 0.9, Sum: 13.5]
      [GC Worker Other (ms): Min: 0.0, Avg: 0.3, Max: 0.5, Diff: 0.4, Sum: 4.6]
      [GC Worker Total (ms): Min: 21.2, Avg: 21.6, Max: 21.9, Diff: 0.7, Sum: 388.5]
      [GC Worker End (ms): Min: 3630809.1, Avg: 3630809.3, Max: 3630809.5, Diff: 0.5]
   [Code Root Fixup: 0.0 ms]
   [Clear CT: 1.8 ms]
   [Other: 13.8 ms]
      [Choose CSet: 0.0 ms]
      [Ref Proc: 8.1 ms]
      [Ref Enq: 0.4 ms]
      [Free CSet: 4.6 ms]
   [Eden: 1559.0M(1559.0M)->0.0B(1561.0M) Survivors: 17.0M->15.0M Heap: 2070.9M(2252.0M)->509.6M(2252.0M)]
 [Times: user=0.44 sys=0.01, real=0.04 secs] 

 Concurrent RS processed 2647573 cards
  Of 79879 completed buffers:
        79879 (100.0%) by conc RS threads.
            0 (  0.0%) by mutator threads.
  Conc RS threads times(s)
          0.00     0.00     0.00     0.00     0.00     0.00     0.00     0.00     0.00     0.00     0.00     0.00     0.00     0.00     0.00     0.00     0.00     0.00     0.00
  Total heap region rem set sizes = 6049K.  Max = 33K.
  Static structures = 369K, free_lists = 236K.
    344002 occupied cards represented.
    Max size region = 1:(O)[0x0000000763500000,0x00000007635ffff0,0x0000000763600000], size = 34K, occupied = 96K.
    Did 2841 coarsenings.
2014-08-01T09:56:57.168-0500: 3637.612: [GC pause (young) 3637.612: [G1Ergonomics (CSet Construction) start choosing CSet, _pending_cards: 5216, predicted base time: 24.41 ms, remaining time: 75.59 ms, target pause time: 100.00 ms]
 3637.612: [G1Ergonomics (CSet Construction) add young regions to CSet, eden: 1561 regions, survivors: 15 regions, predicted young region time: 21.67 ms]
 3637.612: [G1Ergonomics (CSet Construction) finish choosing CSet, eden: 1561 regions, survivors: 15 regions, old: 0 regions, predicted pause time: 46.08 ms, target pause time: 100.00 ms]
, 0.0360610 secs]
   [Parallel Time: 21.2 ms, GC Workers: 18]
      [GC Worker Start (ms): Min: 3637611.9, Avg: 3637612.1, Max: 3637612.2, Diff: 0.3]
      [Ext Root Scanning (ms): Min: 6.2, Avg: 7.5, Max: 11.8, Diff: 5.6, Sum: 134.7]
      [Update RS (ms): Min: 0.0, Avg: 2.1, Max: 11.3, Diff: 11.3, Sum: 37.9]
         [Processed Buffers: Min: 0, Avg: 7.6, Max: 32, Diff: 32, Sum: 137]
      [Scan RS (ms): Min: 0.2, Avg: 0.8, Max: 3.6, Diff: 3.4, Sum: 14.8]
      [Object Copy (ms): Min: 1.6, Avg: 8.2, Max: 9.4, Diff: 7.7, Sum: 147.6]
      [Termination (ms): Min: 0.0, Avg: 1.8, Max: 2.7, Diff: 2.7, Sum: 32.9]
      [GC Worker Other (ms): Min: 0.0, Avg: 0.2, Max: 0.4, Diff: 0.4, Sum: 3.8]
      [GC Worker Total (ms): Min: 20.4, Avg: 20.6, Max: 20.9, Diff: 0.6, Sum: 371.6]
      [GC Worker End (ms): Min: 3637632.5, Avg: 3637632.7, Max: 3637632.9, Diff: 0.4]
   [Code Root Fixup: 0.0 ms]
   [Clear CT: 1.8 ms]
   [Other: 13.1 ms]
      [Choose CSet: 0.0 ms]
      [Ref Proc: 7.4 ms]
      [Ref Enq: 0.4 ms]
      [Free CSet: 4.6 ms]
   [Eden: 1561.0M(1561.0M)->0.0B(1551.0M) Survivors: 15.0M->25.0M Heap: 2070.6M(2252.0M)->519.9M(2252.0M)]
 [Times: user=0.38 sys=0.01, real=0.04 secs] 

 Concurrent RS processed 2649979 cards
  Of 80016 completed buffers:
        80016 (100.0%) by conc RS threads.
            0 (  0.0%) by mutator threads.
  Conc RS threads times(s)
          0.00     0.00     0.00     0.00     0.00     0.00     0.00     0.00     0.00     0.00     0.00     0.00     0.00     0.00     0.00     0.00     0.00     0.00     0.00
  Total heap region rem set sizes = 6053K.  Max = 33K.
  Static structures = 369K, free_lists = 234K.
    344610 occupied cards represented.
    Max size region = 1:(O)[0x0000000763500000,0x00000007635ffff0,0x0000000763600000], size = 34K, occupied = 96K.
    Did 2841 coarsenings.
2014-08-01T09:57:04.047-0500: 3644.491: [GC pause (young) 3644.491: [G1Ergonomics (CSet Construction) start choosing CSet, _pending_cards: 6507, predicted base time: 24.06 ms, remaining time: 75.94 ms, target pause time: 100.00 ms]
 3644.491: [G1Ergonomics (CSet Construction) add young regions to CSet, eden: 1551 regions, survivors: 25 regions, predicted young region time: 23.24 ms]
 3644.491: [G1Ergonomics (CSet Construction) finish choosing CSet, eden: 1551 regions, survivors: 25 regions, old: 0 regions, predicted pause time: 47.30 ms, target pause time: 100.00 ms]
, 0.0376270 secs]
   [Parallel Time: 22.0 ms, GC Workers: 18]
      [GC Worker Start (ms): Min: 3644491.2, Avg: 3644491.3, Max: 3644491.5, Diff: 0.3]
      [Ext Root Scanning (ms): Min: 5.5, Avg: 7.5, Max: 19.2, Diff: 13.7, Sum: 134.5]
      [Update RS (ms): Min: 0.0, Avg: 1.6, Max: 3.0, Diff: 3.0, Sum: 29.4]
         [Processed Buffers: Min: 0, Avg: 8.2, Max: 24, Diff: 24, Sum: 147]
      [Scan RS (ms): Min: 0.2, Avg: 0.7, Max: 1.0, Diff: 0.8, Sum: 13.0]
      [Object Copy (ms): Min: 1.6, Avg: 6.7, Max: 7.7, Diff: 6.1, Sum: 120.3]
      [Termination (ms): Min: 0.0, Avg: 4.8, Max: 5.1, Diff: 5.1, Sum: 85.8]
      [GC Worker Other (ms): Min: 0.0, Avg: 0.1, Max: 0.3, Diff: 0.3, Sum: 2.7]
      [GC Worker Total (ms): Min: 21.2, Avg: 21.4, Max: 21.7, Diff: 0.5, Sum: 385.7]
      [GC Worker End (ms): Min: 3644512.6, Avg: 3644512.8, Max: 3644513.0, Diff: 0.3]
   [Code Root Fixup: 0.0 ms]
   [Clear CT: 1.9 ms]
   [Other: 13.7 ms]
      [Choose CSet: 0.0 ms]
      [Ref Proc: 8.4 ms]
      [Ref Enq: 0.5 ms]
      [Free CSet: 4.3 ms]
   [Eden: 1551.0M(1551.0M)->0.0B(1558.0M) Survivors: 25.0M->18.0M Heap: 2070.9M(2252.0M)->513.3M(2252.0M)]
 [Times: user=0.46 sys=0.00, real=0.04 secs] 

 Concurrent RS processed 2652303 cards
  Of 80163 completed buffers:
        80163 (100.0%) by conc RS threads.
            0 (  0.0%) by mutator threads.
  Conc RS threads times(s)
          0.00     0.00     0.00     0.00     0.00     0.00     0.00     0.00     0.00     0.00     0.00     0.00     0.00     0.00     0.00     0.00     0.00     0.00     0.00
  Total heap region rem set sizes = 6051K.  Max = 33K.
  Static structures = 369K, free_lists = 235K.
    344596 occupied cards represented.
    Max size region = 1:(O)[0x0000000763500000,0x00000007635ffff0,0x0000000763600000], size = 34K, occupied = 96K.
    Did 2841 coarsenings.
2014-08-01T09:57:10.630-0500: 3651.074: [GC pause (young) 3651.074: [G1Ergonomics (CSet Construction) start choosing CSet, _pending_cards: 5268, predicted base time: 23.01 ms, remaining time: 76.99 ms, target pause time: 100.00 ms]
 3651.074: [G1Ergonomics (CSet Construction) add young regions to CSet, eden: 1558 regions, survivors: 18 regions, predicted young region time: 14.92 ms]
 3651.074: [G1Ergonomics (CSet Construction) finish choosing CSet, eden: 1558 regions, survivors: 18 regions, old: 0 regions, predicted pause time: 37.93 ms, target pause time: 100.00 ms]
, 0.0285980 secs]
   [Parallel Time: 15.6 ms, GC Workers: 18]
      [GC Worker Start (ms): Min: 3651073.9, Avg: 3651074.0, Max: 3651074.2, Diff: 0.3]
      [Ext Root Scanning (ms): Min: 3.7, Avg: 4.7, Max: 6.1, Diff: 2.5, Sum: 85.3]
      [Update RS (ms): Min: 0.0, Avg: 1.0, Max: 2.0, Diff: 2.0, Sum: 17.4]
         [Processed Buffers: Min: 0, Avg: 7.9, Max: 37, Diff: 37, Sum: 143]
      [Scan RS (ms): Min: 0.2, Avg: 0.5, Max: 0.8, Diff: 0.6, Sum: 9.5]
      [Object Copy (ms): Min: 7.5, Avg: 8.1, Max: 8.4, Diff: 0.9, Sum: 146.5]
      [Termination (ms): Min: 0.0, Avg: 0.2, Max: 0.2, Diff: 0.2, Sum: 2.9]
      [GC Worker Other (ms): Min: 0.0, Avg: 0.5, Max: 0.8, Diff: 0.8, Sum: 9.8]
      [GC Worker Total (ms): Min: 14.4, Avg: 15.1, Max: 15.5, Diff: 1.0, Sum: 271.4]
      [GC Worker End (ms): Min: 3651088.6, Avg: 3651089.1, Max: 3651089.4, Diff: 0.8]
   [Code Root Fixup: 0.0 ms]
   [Clear CT: 1.2 ms]
   [Other: 11.8 ms]
      [Choose CSet: 0.0 ms]
      [Ref Proc: 5.0 ms]
      [Ref Enq: 0.4 ms]
      [Free CSet: 5.8 ms]
   [Eden: 1558.0M(1558.0M)->0.0B(1563.0M) Survivors: 18.0M->13.0M Heap: 2071.3M(2252.0M)->507.8M(2252.0M)]
 [Times: user=0.31 sys=0.00, real=0.03 secs] 

 Concurrent RS processed 2654770 cards
  Of 80306 completed buffers:
        80306 (100.0%) by conc RS threads.
            0 (  0.0%) by mutator threads.
  Conc RS threads times(s)
          0.00     0.00     0.00     0.00     0.00     0.00     0.00     0.00     0.00     0.00     0.00     0.00     0.00     0.00     0.00     0.00     0.00     0.00     0.00
  Total heap region rem set sizes = 6055K.  Max = 33K.
  Static structures = 369K, free_lists = 234K.
    344938 occupied cards represented.
    Max size region = 1:(O)[0x0000000763500000,0x00000007635ffff0,0x0000000763600000], size = 34K, occupied = 96K.
    Did 2841 coarsenings.
2014-08-01T09:57:17.204-0500: 3657.647: [GC pause (young) 3657.648: [G1Ergonomics (CSet Construction) start choosing CSet, _pending_cards: 5980, predicted base time: 21.37 ms, remaining time: 78.63 ms, target pause time: 100.00 ms]
 3657.648: [G1Ergonomics (CSet Construction) add young regions to CSet, eden: 1563 regions, survivors: 13 regions, predicted young region time: 15.96 ms]
 3657.648: [G1Ergonomics (CSet Construction) finish choosing CSet, eden: 1563 regions, survivors: 13 regions, old: 0 regions, predicted pause time: 37.33 ms, target pause time: 100.00 ms]
, 0.0363980 secs]
   [Parallel Time: 21.0 ms, GC Workers: 18]
      [GC Worker Start (ms): Min: 3657647.9, Avg: 3657648.0, Max: 3657648.2, Diff: 0.3]
      [Ext Root Scanning (ms): Min: 7.1, Avg: 8.9, Max: 10.2, Diff: 3.1, Sum: 160.9]
      [Update RS (ms): Min: 0.0, Avg: 1.2, Max: 3.1, Diff: 3.1, Sum: 20.9]
         [Processed Buffers: Min: 0, Avg: 7.7, Max: 20, Diff: 20, Sum: 139]
      [Scan RS (ms): Min: 0.2, Avg: 0.6, Max: 0.9, Diff: 0.7, Sum: 11.6]
      [Object Copy (ms): Min: 6.5, Avg: 8.0, Max: 11.0, Diff: 4.4, Sum: 143.2]
      [Termination (ms): Min: 0.0, Avg: 1.7, Max: 1.8, Diff: 1.8, Sum: 29.9]
      [GC Worker Other (ms): Min: 0.0, Avg: 0.2, Max: 0.3, Diff: 0.3, Sum: 3.2]
      [GC Worker Total (ms): Min: 20.3, Avg: 20.5, Max: 20.8, Diff: 0.6, Sum: 369.8]
      [GC Worker End (ms): Min: 3657668.4, Avg: 3657668.5, Max: 3657668.7, Diff: 0.3]
   [Code Root Fixup: 0.0 ms]
   [Clear CT: 1.7 ms]
   [Other: 13.6 ms]
      [Choose CSet: 0.0 ms]
      [Ref Proc: 6.1 ms]
      [Ref Enq: 2.2 ms]
      [Free CSet: 4.8 ms]
   [Eden: 1563.0M(1563.0M)->0.0B(1564.0M) Survivors: 13.0M->12.0M Heap: 2070.8M(2252.0M)->507.4M(2252.0M)]
 [Times: user=0.36 sys=0.00, real=0.04 secs] 

 Concurrent RS processed 2657214 cards
  Of 80445 completed buffers:
        80445 (100.0%) by conc RS threads.
            0 (  0.0%) by mutator threads.
  Conc RS threads times(s)
          0.00     0.00     0.00     0.00     0.00     0.00     0.00     0.00     0.00     0.00     0.00     0.00     0.00     0.00     0.00     0.00     0.00     0.00     0.00
  Total heap region rem set sizes = 6056K.  Max = 33K.
  Static structures = 369K, free_lists = 234K.
    345326 occupied cards represented.
    Max size region = 1:(O)[0x0000000763500000,0x00000007635ffff0,0x0000000763600000], size = 34K, occupied = 96K.
    Did 2841 coarsenings.
2014-08-01T09:57:23.284-0500: 3663.727: [GC pause (young) 3663.727: [G1Ergonomics (CSet Construction) start choosing CSet, _pending_cards: 5740, predicted base time: 21.61 ms, remaining time: 78.39 ms, target pause time: 100.00 ms]
 3663.727: [G1Ergonomics (CSet Construction) add young regions to CSet, eden: 1564 regions, survivors: 12 regions, predicted young region time: 18.47 ms]
 3663.727: [G1Ergonomics (CSet Construction) finish choosing CSet, eden: 1564 regions, survivors: 12 regions, old: 0 regions, predicted pause time: 40.08 ms, target pause time: 100.00 ms]
, 0.0424920 secs]
   [Parallel Time: 20.0 ms, GC Workers: 18]
      [GC Worker Start (ms): Min: 3663727.7, Avg: 3663727.9, Max: 3663728.1, Diff: 0.3]
      [Ext Root Scanning (ms): Min: 4.2, Avg: 7.1, Max: 12.1, Diff: 8.0, Sum: 127.6]
      [Update RS (ms): Min: 0.0, Avg: 1.9, Max: 4.0, Diff: 4.0, Sum: 35.0]
         [Processed Buffers: Min: 0, Avg: 8.3, Max: 28, Diff: 28, Sum: 149]
      [Scan RS (ms): Min: 0.2, Avg: 0.7, Max: 1.5, Diff: 1.3, Sum: 13.0]
      [Object Copy (ms): Min: 6.7, Avg: 9.2, Max: 10.7, Diff: 4.0, Sum: 165.9]
      [Termination (ms): Min: 0.0, Avg: 0.0, Max: 0.0, Diff: 0.0, Sum: 0.2]
      [GC Worker Other (ms): Min: 0.1, Avg: 0.4, Max: 0.7, Diff: 0.7, Sum: 7.7]
      [GC Worker Total (ms): Min: 18.9, Avg: 19.4, Max: 19.8, Diff: 0.8, Sum: 349.5]
      [GC Worker End (ms): Min: 3663746.9, Avg: 3663747.3, Max: 3663747.6, Diff: 0.7]
   [Code Root Fixup: 0.0 ms]
   [Clear CT: 1.9 ms]
   [Other: 20.7 ms]
      [Choose CSet: 0.0 ms]
      [Ref Proc: 15.2 ms]
      [Ref Enq: 0.5 ms]
      [Free CSet: 4.2 ms]
   [Eden: 1564.0M(1564.0M)->0.0B(1560.0M) Survivors: 12.0M->16.0M Heap: 2071.4M(2252.0M)->511.1M(2252.0M)]
 [Times: user=0.42 sys=0.01, real=0.05 secs] 

 Concurrent RS processed 2659685 cards
  Of 80594 completed buffers:
        80594 (100.0%) by conc RS threads.
            0 (  0.0%) by mutator threads.
  Conc RS threads times(s)
          0.00     0.00     0.00     0.00     0.00     0.00     0.00     0.00     0.00     0.00     0.00     0.00     0.00     0.00     0.00     0.00     0.00     0.00     0.00
  Total heap region rem set sizes = 6057K.  Max = 33K.
  Static structures = 369K, free_lists = 234K.
    345681 occupied cards represented.
    Max size region = 1:(O)[0x0000000763500000,0x00000007635ffff0,0x0000000763600000], size = 34K, occupied = 96K.
    Did 2841 coarsenings.
2014-08-01T09:57:29.228-0500: 3669.671: [GC pause (young) 3669.671: [G1Ergonomics (CSet Construction) start choosing CSet, _pending_cards: 5699, predicted base time: 24.49 ms, remaining time: 75.51 ms, target pause time: 100.00 ms]
 3669.671: [G1Ergonomics (CSet Construction) add young regions to CSet, eden: 1560 regions, survivors: 16 regions, predicted young region time: 15.16 ms]
 3669.671: [G1Ergonomics (CSet Construction) finish choosing CSet, eden: 1560 regions, survivors: 16 regions, old: 0 regions, predicted pause time: 39.66 ms, target pause time: 100.00 ms]
, 0.0455530 secs]
   [Parallel Time: 23.8 ms, GC Workers: 18]
      [GC Worker Start (ms): Min: 3669671.5, Avg: 3669671.7, Max: 3669671.8, Diff: 0.3]
      [Ext Root Scanning (ms): Min: 5.4, Avg: 7.6, Max: 16.6, Diff: 11.2, Sum: 136.3]
      [Update RS (ms): Min: 0.0, Avg: 1.5, Max: 3.2, Diff: 3.2, Sum: 27.9]
         [Processed Buffers: Min: 0, Avg: 7.8, Max: 26, Diff: 26, Sum: 140]
      [Scan RS (ms): Min: 0.2, Avg: 0.6, Max: 1.0, Diff: 0.8, Sum: 11.0]
      [Object Copy (ms): Min: 3.1, Avg: 10.4, Max: 14.4, Diff: 11.3, Sum: 188.0]
      [Termination (ms): Min: 0.0, Avg: 3.0, Max: 3.2, Diff: 3.1, Sum: 53.2]
      [GC Worker Other (ms): Min: 0.0, Avg: 0.1, Max: 0.3, Diff: 0.3, Sum: 2.7]
      [GC Worker Total (ms): Min: 23.1, Avg: 23.3, Max: 23.5, Diff: 0.4, Sum: 419.1]
      [GC Worker End (ms): Min: 3669694.8, Avg: 3669694.9, Max: 3669695.1, Diff: 0.3]
   [Code Root Fixup: 0.0 ms]
   [Clear CT: 1.9 ms]
   [Other: 19.8 ms]
      [Choose CSet: 0.0 ms]
      [Ref Proc: 14.4 ms]
      [Ref Enq: 0.5 ms]
      [Free CSet: 4.3 ms]
   [Eden: 1560.0M(1560.0M)->0.0B(1561.0M) Survivors: 16.0M->15.0M Heap: 2071.1M(2252.0M)->510.1M(2252.0M)]
 [Times: user=0.52 sys=0.01, real=0.04 secs] 

 Concurrent RS processed 2662078 cards
  Of 80734 completed buffers:
        80734 (100.0%) by conc RS threads.
            0 (  0.0%) by mutator threads.
  Conc RS threads times(s)
          0.00     0.00     0.00     0.00     0.00     0.00     0.00     0.00     0.00     0.00     0.00     0.00     0.00     0.00     0.00     0.00     0.00     0.00     0.00
  Total heap region rem set sizes = 6058K.  Max = 33K.
  Static structures = 369K, free_lists = 233K.
    346046 occupied cards represented.
    Max size region = 1:(O)[0x0000000763500000,0x00000007635ffff0,0x0000000763600000], size = 34K, occupied = 96K.
    Did 2841 coarsenings.
2014-08-01T09:57:35.498-0500: 3675.941: [GC pause (young) 3675.941: [G1Ergonomics (CSet Construction) start choosing CSet, _pending_cards: 5748, predicted base time: 25.83 ms, remaining time: 74.17 ms, target pause time: 100.00 ms]
 3675.941: [G1Ergonomics (CSet Construction) add young regions to CSet, eden: 1561 regions, survivors: 15 regions, predicted young region time: 13.01 ms]
 3675.941: [G1Ergonomics (CSet Construction) finish choosing CSet, eden: 1561 regions, survivors: 15 regions, old: 0 regions, predicted pause time: 38.83 ms, target pause time: 100.00 ms]
, 0.0460490 secs]
   [Parallel Time: 31.4 ms, GC Workers: 18]
      [GC Worker Start (ms): Min: 3675941.7, Avg: 3675941.9, Max: 3675942.1, Diff: 0.4]
      [Ext Root Scanning (ms): Min: 6.3, Avg: 8.5, Max: 12.9, Diff: 6.6, Sum: 152.9]
      [Update RS (ms): Min: 0.0, Avg: 1.6, Max: 3.4, Diff: 3.4, Sum: 29.6]
         [Processed Buffers: Min: 0, Avg: 8.3, Max: 18, Diff: 18, Sum: 150]
      [Scan RS (ms): Min: 0.2, Avg: 0.8, Max: 2.1, Diff: 1.9, Sum: 14.0]
      [Object Copy (ms): Min: 11.6, Avg: 14.1, Max: 19.8, Diff: 8.3, Sum: 253.0]
      [Termination (ms): Min: 0.1, Avg: 5.8, Max: 6.3, Diff: 6.2, Sum: 104.6]
      [GC Worker Other (ms): Min: 0.0, Avg: 0.2, Max: 0.4, Diff: 0.3, Sum: 3.3]
      [GC Worker Total (ms): Min: 30.7, Avg: 31.0, Max: 31.2, Diff: 0.6, Sum: 557.3]
      [GC Worker End (ms): Min: 3675972.7, Avg: 3675972.9, Max: 3675973.0, Diff: 0.3]
   [Code Root Fixup: 0.0 ms]
   [Clear CT: 1.9 ms]
   [Other: 12.7 ms]
      [Choose CSet: 0.0 ms]
      [Ref Proc: 6.5 ms]
      [Ref Enq: 0.4 ms]
      [Free CSet: 5.0 ms]
   [Eden: 1561.0M(1561.0M)->0.0B(1554.0M) Survivors: 15.0M->22.0M Heap: 2071.1M(2252.0M)->517.7M(2252.0M)]
 [Times: user=0.55 sys=0.00, real=0.04 secs] 

 Concurrent RS processed 2664471 cards
  Of 80884 completed buffers:
        80884 (100.0%) by conc RS threads.
            0 (  0.0%) by mutator threads.
  Conc RS threads times(s)
          0.00     0.00     0.00     0.00     0.00     0.00     0.00     0.00     0.00     0.00     0.00     0.00     0.00     0.00     0.00     0.00     0.00     0.00     0.00
  Total heap region rem set sizes = 6058K.  Max = 33K.
  Static structures = 369K, free_lists = 233K.
    346384 occupied cards represented.
    Max size region = 1:(O)[0x0000000763500000,0x00000007635ffff0,0x0000000763600000], size = 34K, occupied = 96K.
    Did 2841 coarsenings.
2014-08-01T09:57:41.542-0500: 3681.985: [GC pause (young) 3681.985: [G1Ergonomics (CSet Construction) start choosing CSet, _pending_cards: 5460, predicted base time: 24.48 ms, remaining time: 75.52 ms, target pause time: 100.00 ms]
 3681.986: [G1Ergonomics (CSet Construction) add young regions to CSet, eden: 1554 regions, survivors: 22 regions, predicted young region time: 11.98 ms]
 3681.986: [G1Ergonomics (CSet Construction) finish choosing CSet, eden: 1554 regions, survivors: 22 regions, old: 0 regions, predicted pause time: 36.46 ms, target pause time: 100.00 ms]
, 0.0483250 secs]
   [Parallel Time: 32.6 ms, GC Workers: 18]
      [GC Worker Start (ms): Min: 3681985.7, Avg: 3681985.9, Max: 3681986.1, Diff: 0.4]
      [Ext Root Scanning (ms): Min: 6.0, Avg: 6.8, Max: 11.4, Diff: 5.5, Sum: 121.9]
      [Update RS (ms): Min: 0.0, Avg: 1.6, Max: 3.9, Diff: 3.9, Sum: 29.0]
         [Processed Buffers: Min: 0, Avg: 7.7, Max: 24, Diff: 24, Sum: 139]
      [Scan RS (ms): Min: 0.2, Avg: 0.7, Max: 2.1, Diff: 1.9, Sum: 13.3]
      [Object Copy (ms): Min: 4.8, Avg: 8.0, Max: 23.0, Diff: 18.2, Sum: 143.2]
      [Termination (ms): Min: 0.0, Avg: 14.7, Max: 15.6, Diff: 15.6, Sum: 264.4]
      [GC Worker Other (ms): Min: 0.0, Avg: 0.2, Max: 0.6, Diff: 0.5, Sum: 3.8]
      [GC Worker Total (ms): Min: 31.6, Avg: 32.0, Max: 32.4, Diff: 0.8, Sum: 575.6]
      [GC Worker End (ms): Min: 3682017.7, Avg: 3682017.9, Max: 3682018.2, Diff: 0.5]
   [Code Root Fixup: 0.0 ms]
   [Clear CT: 1.7 ms]
   [Other: 14.0 ms]
      [Choose CSet: 0.0 ms]
      [Ref Proc: 7.9 ms]
      [Ref Enq: 0.5 ms]
      [Free CSet: 4.9 ms]
   [Eden: 1554.0M(1554.0M)->0.0B(1560.0M) Survivors: 22.0M->16.0M Heap: 2071.7M(2252.0M)->511.5M(2252.0M)]
 [Times: user=0.61 sys=0.00, real=0.05 secs] 

 Concurrent RS processed 2666879 cards
  Of 81023 completed buffers:
        81023 (100.0%) by conc RS threads.
            0 (  0.0%) by mutator threads.
  Conc RS threads times(s)
          0.00     0.00     0.00     0.00     0.00     0.00     0.00     0.00     0.00     0.00     0.00     0.00     0.00     0.00     0.00     0.00     0.00     0.00     0.00
  Total heap region rem set sizes = 6059K.  Max = 33K.
  Static structures = 369K, free_lists = 233K.
    346774 occupied cards represented.
    Max size region = 1:(O)[0x0000000763500000,0x00000007635ffff0,0x0000000763600000], size = 34K, occupied = 96K.
    Did 2841 coarsenings.
2014-08-01T09:57:47.764-0500: 3688.207: [GC pause (young) 3688.207: [G1Ergonomics (CSet Construction) start choosing CSet, _pending_cards: 5721, predicted base time: 23.53 ms, remaining time: 76.47 ms, target pause time: 100.00 ms]
 3688.207: [G1Ergonomics (CSet Construction) add young regions to CSet, eden: 1560 regions, survivors: 16 regions, predicted young region time: 15.22 ms]
 3688.207: [G1Ergonomics (CSet Construction) finish choosing CSet, eden: 1560 regions, survivors: 16 regions, old: 0 regions, predicted pause time: 38.76 ms, target pause time: 100.00 ms]
, 0.0357290 secs]
   [Parallel Time: 20.1 ms, GC Workers: 18]
      [GC Worker Start (ms): Min: 3688207.5, Avg: 3688207.7, Max: 3688207.9, Diff: 0.4]
      [Ext Root Scanning (ms): Min: 5.5, Avg: 6.8, Max: 11.2, Diff: 5.8, Sum: 122.0]
      [Update RS (ms): Min: 0.0, Avg: 1.5, Max: 2.6, Diff: 2.6, Sum: 27.8]
         [Processed Buffers: Min: 0, Avg: 7.7, Max: 35, Diff: 35, Sum: 138]
      [Scan RS (ms): Min: 0.2, Avg: 0.7, Max: 1.0, Diff: 0.8, Sum: 13.2]
      [Object Copy (ms): Min: 5.4, Avg: 7.8, Max: 10.1, Diff: 4.7, Sum: 140.1]
      [Termination (ms): Min: 0.0, Avg: 2.4, Max: 2.6, Diff: 2.6, Sum: 43.7]
      [GC Worker Other (ms): Min: 0.0, Avg: 0.2, Max: 0.4, Diff: 0.3, Sum: 3.2]
      [GC Worker Total (ms): Min: 19.1, Avg: 19.5, Max: 19.7, Diff: 0.6, Sum: 350.1]
      [GC Worker End (ms): Min: 3688227.0, Avg: 3688227.1, Max: 3688227.3, Diff: 0.3]
   [Code Root Fixup: 0.0 ms]
   [Clear CT: 1.9 ms]
   [Other: 13.7 ms]
      [Choose CSet: 0.0 ms]
      [Ref Proc: 7.9 ms]
      [Ref Enq: 0.5 ms]
      [Free CSet: 4.6 ms]
   [Eden: 1560.0M(1560.0M)->0.0B(1565.0M) Survivors: 16.0M->11.0M Heap: 2071.5M(2252.0M)->507.0M(2252.0M)]
 [Times: user=0.40 sys=0.01, real=0.04 secs] 

 Concurrent RS processed 2669262 cards
  Of 81161 completed buffers:
        81161 (100.0%) by conc RS threads.
            0 (  0.0%) by mutator threads.
  Conc RS threads times(s)
          0.00     0.00     0.00     0.00     0.00     0.00     0.00     0.00     0.00     0.00     0.00     0.00     0.00     0.00     0.00     0.00     0.00     0.00     0.00
  Total heap region rem set sizes = 6059K.  Max = 33K.
  Static structures = 369K, free_lists = 233K.
    347069 occupied cards represented.
    Max size region = 1:(O)[0x0000000763500000,0x00000007635ffff0,0x0000000763600000], size = 34K, occupied = 96K.
    Did 2841 coarsenings.
2014-08-01T09:57:53.975-0500: 3694.418: [GC pause (young) 3694.418: [G1Ergonomics (CSet Construction) start choosing CSet, _pending_cards: 5973, predicted base time: 22.81 ms, remaining time: 77.19 ms, target pause time: 100.00 ms]
 3694.418: [G1Ergonomics (CSet Construction) add young regions to CSet, eden: 1565 regions, survivors: 11 regions, predicted young region time: 15.39 ms]
 3694.418: [G1Ergonomics (CSet Construction) finish choosing CSet, eden: 1565 regions, survivors: 11 regions, old: 0 regions, predicted pause time: 38.20 ms, target pause time: 100.00 ms]
, 0.0351080 secs]
   [Parallel Time: 21.8 ms, GC Workers: 18]
      [GC Worker Start (ms): Min: 3694418.5, Avg: 3694418.6, Max: 3694418.8, Diff: 0.3]
      [Ext Root Scanning (ms): Min: 5.1, Avg: 6.7, Max: 11.1, Diff: 6.0, Sum: 120.8]
      [Update RS (ms): Min: 0.0, Avg: 1.6, Max: 3.8, Diff: 3.8, Sum: 28.9]
         [Processed Buffers: Min: 0, Avg: 7.8, Max: 18, Diff: 18, Sum: 140]
      [Scan RS (ms): Min: 0.2, Avg: 1.3, Max: 10.1, Diff: 9.9, Sum: 22.8]
      [Object Copy (ms): Min: 1.3, Avg: 8.0, Max: 8.9, Diff: 7.6, Sum: 144.3]
      [Termination (ms): Min: 0.0, Avg: 2.0, Max: 3.9, Diff: 3.9, Sum: 36.2]
      [GC Worker Other (ms): Min: 0.0, Avg: 0.2, Max: 0.3, Diff: 0.3, Sum: 2.9]
      [GC Worker Total (ms): Min: 19.4, Avg: 19.8, Max: 21.5, Diff: 2.1, Sum: 356.0]
      [GC Worker End (ms): Min: 3694438.2, Avg: 3694438.4, Max: 3694440.1, Diff: 1.9]
   [Code Root Fixup: 0.0 ms]
   [Clear CT: 1.7 ms]
   [Other: 11.6 ms]
      [Choose CSet: 0.0 ms]
      [Ref Proc: 6.2 ms]
      [Ref Enq: 0.4 ms]
      [Free CSet: 4.3 ms]
   [Eden: 1565.0M(1565.0M)->0.0B(1553.0M) Survivors: 11.0M->23.0M Heap: 2072.0M(2252.0M)->518.4M(2252.0M)]
 [Times: user=0.39 sys=0.01, real=0.04 secs] 

 Concurrent RS processed 2671565 cards
  Of 81301 completed buffers:
        81301 (100.0%) by conc RS threads.
            0 (  0.0%) by mutator threads.
  Conc RS threads times(s)
          0.00     0.00     0.00     0.00     0.00     0.00     0.00     0.00     0.00     0.00     0.00     0.00     0.00     0.00     0.00     0.00     0.00     0.00     0.00
  Total heap region rem set sizes = 6059K.  Max = 33K.
  Static structures = 369K, free_lists = 233K.
    347391 occupied cards represented.
    Max size region = 1:(O)[0x0000000763500000,0x00000007635ffff0,0x0000000763600000], size = 34K, occupied = 96K.
    Did 2841 coarsenings.
2014-08-01T09:58:00.647-0500: 3701.090: [GC pause (young) 3701.090: [G1Ergonomics (CSet Construction) start choosing CSet, _pending_cards: 5977, predicted base time: 22.02 ms, remaining time: 77.98 ms, target pause time: 100.00 ms]
 3701.090: [G1Ergonomics (CSet Construction) add young regions to CSet, eden: 1553 regions, survivors: 23 regions, predicted young region time: 13.04 ms]
 3701.090: [G1Ergonomics (CSet Construction) finish choosing CSet, eden: 1553 regions, survivors: 23 regions, old: 0 regions, predicted pause time: 35.07 ms, target pause time: 100.00 ms]
, 0.0514880 secs]
   [Parallel Time: 26.0 ms, GC Workers: 18]
      [GC Worker Start (ms): Min: 3701090.4, Avg: 3701090.6, Max: 3701090.8, Diff: 0.4]
      [Ext Root Scanning (ms): Min: 6.3, Avg: 8.2, Max: 21.8, Diff: 15.5, Sum: 147.1]
      [Update RS (ms): Min: 0.0, Avg: 1.6, Max: 2.7, Diff: 2.7, Sum: 29.7]
         [Processed Buffers: Min: 0, Avg: 8.0, Max: 26, Diff: 26, Sum: 144]
      [Scan RS (ms): Min: 0.2, Avg: 0.7, Max: 1.0, Diff: 0.8, Sum: 13.4]
      [Object Copy (ms): Min: 3.0, Avg: 7.9, Max: 8.8, Diff: 5.8, Sum: 142.8]
      [Termination (ms): Min: 0.0, Avg: 6.7, Max: 7.8, Diff: 7.8, Sum: 121.0]
      [GC Worker Other (ms): Min: 0.0, Avg: 0.2, Max: 0.4, Diff: 0.3, Sum: 3.0]
      [GC Worker Total (ms): Min: 25.1, Avg: 25.4, Max: 25.7, Diff: 0.5, Sum: 457.0]
      [GC Worker End (ms): Min: 3701115.8, Avg: 3701116.0, Max: 3701116.2, Diff: 0.4]
   [Code Root Fixup: 0.0 ms]
   [Clear CT: 2.8 ms]
   [Other: 22.6 ms]
      [Choose CSet: 0.0 ms]
      [Ref Proc: 17.1 ms]
      [Ref Enq: 0.6 ms]
      [Free CSet: 4.3 ms]
   [Eden: 1553.0M(1553.0M)->0.0B(1562.0M) Survivors: 23.0M->14.0M Heap: 2071.4M(2252.0M)->510.1M(2252.0M)]
 [Times: user=0.55 sys=0.02, real=0.05 secs] 

 Concurrent RS processed 2673955 cards
  Of 81445 completed buffers:
        81445 (100.0%) by conc RS threads.
            0 (  0.0%) by mutator threads.
  Conc RS threads times(s)
          0.00     0.00     0.00     0.00     0.00     0.00     0.00     0.00     0.00     0.00     0.00     0.00     0.00     0.00     0.00     0.00     0.00     0.00     0.00
  Total heap region rem set sizes = 6060K.  Max = 33K.
  Static structures = 369K, free_lists = 232K.
    347718 occupied cards represented.
    Max size region = 1:(O)[0x0000000763500000,0x00000007635ffff0,0x0000000763600000], size = 34K, occupied = 96K.
    Did 2841 coarsenings.
2014-08-01T09:58:06.802-0500: 3707.245: [GC pause (young) 3707.245: [G1Ergonomics (CSet Construction) start choosing CSet, _pending_cards: 5190, predicted base time: 26.17 ms, remaining time: 73.83 ms, target pause time: 100.00 ms]
 3707.245: [G1Ergonomics (CSet Construction) add young regions to CSet, eden: 1562 regions, survivors: 14 regions, predicted young region time: 9.64 ms]
 3707.245: [G1Ergonomics (CSet Construction) finish choosing CSet, eden: 1562 regions, survivors: 14 regions, old: 0 regions, predicted pause time: 35.81 ms, target pause time: 100.00 ms]
, 0.0368630 secs]
   [Parallel Time: 20.8 ms, GC Workers: 18]
      [GC Worker Start (ms): Min: 3707245.6, Avg: 3707245.7, Max: 3707245.9, Diff: 0.3]
      [Ext Root Scanning (ms): Min: 4.6, Avg: 6.9, Max: 11.7, Diff: 7.1, Sum: 124.2]
      [Update RS (ms): Min: 0.0, Avg: 1.4, Max: 3.5, Diff: 3.5, Sum: 25.0]
         [Processed Buffers: Min: 0, Avg: 7.7, Max: 25, Diff: 25, Sum: 139]
      [Scan RS (ms): Min: 0.2, Avg: 0.8, Max: 2.9, Diff: 2.7, Sum: 14.6]
      [Object Copy (ms): Min: 6.9, Avg: 9.9, Max: 11.2, Diff: 4.3, Sum: 178.0]
      [Termination (ms): Min: 0.0, Avg: 0.5, Max: 0.9, Diff: 0.9, Sum: 9.9]
      [GC Worker Other (ms): Min: 0.0, Avg: 0.5, Max: 1.1, Diff: 1.0, Sum: 9.6]
      [GC Worker Total (ms): Min: 19.5, Avg: 20.1, Max: 20.6, Diff: 1.1, Sum: 361.2]
      [GC Worker End (ms): Min: 3707265.3, Avg: 3707265.8, Max: 3707266.3, Diff: 1.0]
   [Code Root Fixup: 0.0 ms]
   [Clear CT: 1.8 ms]
   [Other: 14.2 ms]
      [Choose CSet: 0.0 ms]
      [Ref Proc: 8.1 ms]
      [Ref Enq: 0.6 ms]
      [Free CSet: 4.9 ms]
   [Eden: 1562.0M(1562.0M)->0.0B(1556.0M) Survivors: 14.0M->20.0M Heap: 2072.1M(2252.0M)->516.0M(2252.0M)]
 [Times: user=0.40 sys=0.01, real=0.03 secs] 

 Concurrent RS processed 2676372 cards
  Of 81584 completed buffers:
        81584 (100.0%) by conc RS threads.
            0 (  0.0%) by mutator threads.
  Conc RS threads times(s)
          0.00     0.00     0.00     0.00     0.00     0.00     0.00     0.00     0.00     0.00     0.00     0.00     0.00     0.00     0.00     0.00     0.00     0.00     0.00
  Total heap region rem set sizes = 6061K.  Max = 33K.
  Static structures = 369K, free_lists = 232K.
    347999 occupied cards represented.
    Max size region = 1:(O)[0x0000000763500000,0x00000007635ffff0,0x0000000763600000], size = 34K, occupied = 96K.
    Did 2841 coarsenings.
2014-08-01T09:58:13.109-0500: 3713.552: [GC pause (young) 3713.552: [G1Ergonomics (CSet Construction) start choosing CSet, _pending_cards: 5988, predicted base time: 25.13 ms, remaining time: 74.87 ms, target pause time: 100.00 ms]
 3713.552: [G1Ergonomics (CSet Construction) add young regions to CSet, eden: 1556 regions, survivors: 20 regions, predicted young region time: 9.29 ms]
 3713.552: [G1Ergonomics (CSet Construction) finish choosing CSet, eden: 1556 regions, survivors: 20 regions, old: 0 regions, predicted pause time: 34.43 ms, target pause time: 100.00 ms]
, 0.0294200 secs]
   [Parallel Time: 18.3 ms, GC Workers: 18]
      [GC Worker Start (ms): Min: 3713552.5, Avg: 3713552.6, Max: 3713552.8, Diff: 0.3]
      [Ext Root Scanning (ms): Min: 4.2, Avg: 5.6, Max: 11.1, Diff: 6.9, Sum: 101.2]
      [Update RS (ms): Min: 0.0, Avg: 0.7, Max: 1.7, Diff: 1.7, Sum: 13.3]
         [Processed Buffers: Min: 0, Avg: 7.9, Max: 23, Diff: 23, Sum: 142]
      [Scan RS (ms): Min: 0.1, Avg: 0.4, Max: 0.6, Diff: 0.5, Sum: 7.9]
      [Object Copy (ms): Min: 0.3, Avg: 5.2, Max: 12.0, Diff: 11.6, Sum: 92.8]
      [Termination (ms): Min: 0.0, Avg: 5.8, Max: 6.2, Diff: 6.2, Sum: 104.9]
      [GC Worker Other (ms): Min: 0.0, Avg: 0.1, Max: 0.3, Diff: 0.2, Sum: 2.4]
      [GC Worker Total (ms): Min: 17.7, Avg: 17.9, Max: 18.2, Diff: 0.5, Sum: 322.5]
      [GC Worker End (ms): Min: 3713570.4, Avg: 3713570.5, Max: 3713570.7, Diff: 0.3]
   [Code Root Fixup: 0.0 ms]
   [Clear CT: 1.3 ms]
   [Other: 9.8 ms]
      [Choose CSet: 0.0 ms]
      [Ref Proc: 4.3 ms]
      [Ref Enq: 0.4 ms]
      [Free CSet: 4.5 ms]
   [Eden: 1556.0M(1556.0M)->0.0B(1564.0M) Survivors: 20.0M->12.0M Heap: 2072.0M(2252.0M)->508.2M(2252.0M)]
 [Times: user=0.32 sys=0.01, real=0.03 secs] 

 Concurrent RS processed 2678676 cards
  Of 81726 completed buffers:
        81726 (100.0%) by conc RS threads.
            0 (  0.0%) by mutator threads.
  Conc RS threads times(s)
          0.00     0.00     0.00     0.00     0.00     0.00     0.00     0.00     0.00     0.00     0.00     0.00     0.00     0.00     0.00     0.00     0.00     0.00     0.00
  Total heap region rem set sizes = 6061K.  Max = 33K.
  Static structures = 369K, free_lists = 232K.
    348262 occupied cards represented.
    Max size region = 1:(O)[0x0000000763500000,0x00000007635ffff0,0x0000000763600000], size = 34K, occupied = 96K.
    Did 2841 coarsenings.
2014-08-01T09:58:19.403-0500: 3719.847: [GC pause (young) 3719.847: [G1Ergonomics (CSet Construction) start choosing CSet, _pending_cards: 5468, predicted base time: 22.57 ms, remaining time: 77.43 ms, target pause time: 100.00 ms]
 3719.847: [G1Ergonomics (CSet Construction) add young regions to CSet, eden: 1564 regions, survivors: 12 regions, predicted young region time: 18.87 ms]
 3719.847: [G1Ergonomics (CSet Construction) finish choosing CSet, eden: 1564 regions, survivors: 12 regions, old: 0 regions, predicted pause time: 41.43 ms, target pause time: 100.00 ms]
, 0.0319810 secs]
   [Parallel Time: 17.9 ms, GC Workers: 18]
      [GC Worker Start (ms): Min: 3719846.9, Avg: 3719847.0, Max: 3719847.2, Diff: 0.3]
      [Ext Root Scanning (ms): Min: 5.8, Avg: 7.2, Max: 14.9, Diff: 9.1, Sum: 130.1]
      [Update RS (ms): Min: 0.0, Avg: 1.7, Max: 3.1, Diff: 3.1, Sum: 31.3]
         [Processed Buffers: Min: 0, Avg: 7.8, Max: 24, Diff: 24, Sum: 140]
      [Scan RS (ms): Min: 0.2, Avg: 0.7, Max: 1.0, Diff: 0.8, Sum: 11.8]
      [Object Copy (ms): Min: 1.9, Avg: 7.5, Max: 8.1, Diff: 6.2, Sum: 135.1]
      [Termination (ms): Min: 0.0, Avg: 0.1, Max: 0.1, Diff: 0.1, Sum: 1.2]
      [GC Worker Other (ms): Min: 0.0, Avg: 0.2, Max: 0.4, Diff: 0.4, Sum: 3.8]
      [GC Worker Total (ms): Min: 17.1, Avg: 17.4, Max: 17.7, Diff: 0.6, Sum: 313.3]
      [GC Worker End (ms): Min: 3719864.3, Avg: 3719864.4, Max: 3719864.6, Diff: 0.4]
   [Code Root Fixup: 0.0 ms]
   [Clear CT: 2.0 ms]
   [Other: 12.1 ms]
      [Choose CSet: 0.0 ms]
      [Ref Proc: 6.2 ms]
      [Ref Enq: 0.5 ms]
      [Free CSet: 4.8 ms]
   [Eden: 1564.0M(1564.0M)->0.0B(1560.0M) Survivors: 12.0M->16.0M Heap: 2072.2M(2252.0M)->512.3M(2252.0M)]
 [Times: user=0.37 sys=0.00, real=0.03 secs] 

 Concurrent RS processed 2681103 cards
  Of 81866 completed buffers:
        81866 (100.0%) by conc RS threads.
            0 (  0.0%) by mutator threads.
  Conc RS threads times(s)
          0.00     0.00     0.00     0.00     0.00     0.00     0.00     0.00     0.00     0.00     0.00     0.00     0.00     0.00     0.00     0.00     0.00     0.00     0.00
  Total heap region rem set sizes = 6062K.  Max = 33K.
  Static structures = 369K, free_lists = 232K.
    348554 occupied cards represented.
    Max size region = 1:(O)[0x0000000763500000,0x00000007635ffff0,0x0000000763600000], size = 34K, occupied = 96K.
    Did 2841 coarsenings.
2014-08-01T09:58:25.415-0500: 3725.859: [GC pause (young) 3725.859: [G1Ergonomics (CSet Construction) start choosing CSet, _pending_cards: 5676, predicted base time: 21.91 ms, remaining time: 78.09 ms, target pause time: 100.00 ms]
 3725.859: [G1Ergonomics (CSet Construction) add young regions to CSet, eden: 1560 regions, survivors: 16 regions, predicted young region time: 17.03 ms]
 3725.859: [G1Ergonomics (CSet Construction) finish choosing CSet, eden: 1560 regions, survivors: 16 regions, old: 0 regions, predicted pause time: 38.94 ms, target pause time: 100.00 ms]
, 0.0318430 secs]
   [Parallel Time: 18.4 ms, GC Workers: 18]
      [GC Worker Start (ms): Min: 3725859.0, Avg: 3725859.2, Max: 3725859.3, Diff: 0.3]
      [Ext Root Scanning (ms): Min: 5.7, Avg: 7.3, Max: 13.7, Diff: 8.0, Sum: 131.8]
      [Update RS (ms): Min: 0.0, Avg: 1.6, Max: 3.0, Diff: 3.0, Sum: 28.2]
         [Processed Buffers: Min: 0, Avg: 7.9, Max: 21, Diff: 21, Sum: 143]
      [Scan RS (ms): Min: 0.2, Avg: 0.8, Max: 1.0, Diff: 0.8, Sum: 13.9]
      [Object Copy (ms): Min: 3.5, Avg: 8.1, Max: 8.8, Diff: 5.3, Sum: 145.1]
      [Termination (ms): Min: 0.0, Avg: 0.0, Max: 0.1, Diff: 0.1, Sum: 0.9]
      [GC Worker Other (ms): Min: 0.0, Avg: 0.2, Max: 0.4, Diff: 0.4, Sum: 4.1]
      [GC Worker Total (ms): Min: 17.7, Avg: 18.0, Max: 18.2, Diff: 0.6, Sum: 323.9]
      [GC Worker End (ms): Min: 3725877.0, Avg: 3725877.2, Max: 3725877.4, Diff: 0.4]
   [Code Root Fixup: 0.0 ms]
   [Clear CT: 1.8 ms]
   [Other: 11.7 ms]
      [Choose CSet: 0.0 ms]
      [Ref Proc: 5.9 ms]
      [Ref Enq: 0.4 ms]
      [Free CSet: 4.7 ms]
   [Eden: 1560.0M(1560.0M)->0.0B(1561.0M) Survivors: 16.0M->15.0M Heap: 2072.3M(2252.0M)->511.1M(2252.0M)]
 [Times: user=0.38 sys=0.01, real=0.03 secs] 

 Concurrent RS processed 2683463 cards
  Of 82009 completed buffers:
        82009 (100.0%) by conc RS threads.
            0 (  0.0%) by mutator threads.
  Conc RS threads times(s)
          0.00     0.00     0.00     0.00     0.00     0.00     0.00     0.00     0.00     0.00     0.00     0.00     0.00     0.00     0.00     0.00     0.00     0.00     0.00
  Total heap region rem set sizes = 6062K.  Max = 33K.
  Static structures = 369K, free_lists = 232K.
    348855 occupied cards represented.
    Max size region = 1:(O)[0x0000000763500000,0x00000007635ffff0,0x0000000763600000], size = 34K, occupied = 96K.
    Did 2841 coarsenings.
2014-08-01T09:58:31.590-0500: 3732.033: [GC pause (young) 3732.033: [G1Ergonomics (CSet Construction) start choosing CSet, _pending_cards: 6032, predicted base time: 21.20 ms, remaining time: 78.80 ms, target pause time: 100.00 ms]
 3732.033: [G1Ergonomics (CSet Construction) add young regions to CSet, eden: 1561 regions, survivors: 15 regions, predicted young region time: 14.87 ms]
 3732.033: [G1Ergonomics (CSet Construction) finish choosing CSet, eden: 1561 regions, survivors: 15 regions, old: 0 regions, predicted pause time: 36.07 ms, target pause time: 100.00 ms]
, 0.0386500 secs]
   [Parallel Time: 23.2 ms, GC Workers: 18]
      [GC Worker Start (ms): Min: 3732033.4, Avg: 3732033.7, Max: 3732033.9, Diff: 0.5]
      [Ext Root Scanning (ms): Min: 4.9, Avg: 6.5, Max: 9.4, Diff: 4.5, Sum: 117.1]
      [Update RS (ms): Min: 0.0, Avg: 1.6, Max: 3.4, Diff: 3.4, Sum: 29.2]
         [Processed Buffers: Min: 0, Avg: 8.3, Max: 21, Diff: 21, Sum: 149]
      [Scan RS (ms): Min: 0.2, Avg: 0.7, Max: 0.9, Diff: 0.7, Sum: 12.5]
      [Object Copy (ms): Min: 12.2, Avg: 13.3, Max: 13.8, Diff: 1.6, Sum: 240.0]
      [Termination (ms): Min: 0.0, Avg: 0.2, Max: 0.3, Diff: 0.3, Sum: 3.9]
      [GC Worker Other (ms): Min: 0.0, Avg: 0.2, Max: 0.4, Diff: 0.4, Sum: 4.2]
      [GC Worker Total (ms): Min: 22.3, Avg: 22.6, Max: 23.1, Diff: 0.8, Sum: 406.9]
      [GC Worker End (ms): Min: 3732056.1, Avg: 3732056.3, Max: 3732056.5, Diff: 0.4]
   [Code Root Fixup: 0.0 ms]
   [Clear CT: 1.6 ms]
   [Other: 13.8 ms]
      [Choose CSet: 0.0 ms]
      [Ref Proc: 8.0 ms]
      [Ref Enq: 0.5 ms]
      [Free CSet: 4.6 ms]
   [Eden: 1561.0M(1561.0M)->0.0B(1554.0M) Survivors: 15.0M->22.0M Heap: 2072.1M(2252.0M)->517.9M(2252.0M)]
 [Times: user=0.48 sys=0.01, real=0.04 secs] 

 Concurrent RS processed 2685888 cards
  Of 82158 completed buffers:
        82158 (100.0%) by conc RS threads.
            0 (  0.0%) by mutator threads.
  Conc RS threads times(s)
          0.00     0.00     0.00     0.00     0.00     0.00     0.00     0.00     0.00     0.00     0.00     0.00     0.00     0.00     0.00     0.00     0.00     0.00     0.00
  Total heap region rem set sizes = 6062K.  Max = 33K.
  Static structures = 369K, free_lists = 232K.
    349099 occupied cards represented.
    Max size region = 1:(O)[0x0000000763500000,0x00000007635ffff0,0x0000000763600000], size = 34K, occupied = 96K.
    Did 2841 coarsenings.
2014-08-01T09:58:37.740-0500: 3738.183: [GC pause (young) 3738.183: [G1Ergonomics (CSet Construction) start choosing CSet, _pending_cards: 5524, predicted base time: 20.84 ms, remaining time: 79.16 ms, target pause time: 100.00 ms]
 3738.183: [G1Ergonomics (CSet Construction) add young regions to CSet, eden: 1554 regions, survivors: 22 regions, predicted young region time: 22.35 ms]
 3738.183: [G1Ergonomics (CSet Construction) finish choosing CSet, eden: 1554 regions, survivors: 22 regions, old: 0 regions, predicted pause time: 43.19 ms, target pause time: 100.00 ms]
, 0.0312060 secs]
   [Parallel Time: 18.4 ms, GC Workers: 18]
      [GC Worker Start (ms): Min: 3738183.4, Avg: 3738183.5, Max: 3738183.7, Diff: 0.3]
      [Ext Root Scanning (ms): Min: 4.8, Avg: 6.7, Max: 11.3, Diff: 6.5, Sum: 119.7]
      [Update RS (ms): Min: 0.0, Avg: 1.5, Max: 3.0, Diff: 3.0, Sum: 26.2]
         [Processed Buffers: Min: 0, Avg: 8.2, Max: 23, Diff: 23, Sum: 147]
      [Scan RS (ms): Min: 0.2, Avg: 0.8, Max: 2.2, Diff: 2.0, Sum: 14.3]
      [Object Copy (ms): Min: 5.8, Avg: 8.5, Max: 9.3, Diff: 3.4, Sum: 152.9]
      [Termination (ms): Min: 0.0, Avg: 0.1, Max: 0.2, Diff: 0.2, Sum: 2.2]
      [GC Worker Other (ms): Min: 0.1, Avg: 0.2, Max: 0.6, Diff: 0.5, Sum: 4.4]
      [GC Worker Total (ms): Min: 17.5, Avg: 17.8, Max: 18.2, Diff: 0.7, Sum: 319.9]
      [GC Worker End (ms): Min: 3738201.1, Avg: 3738201.3, Max: 3738201.6, Diff: 0.5]
   [Code Root Fixup: 0.0 ms]
   [Clear CT: 1.6 ms]
   [Other: 11.2 ms]
      [Choose CSet: 0.0 ms]
      [Ref Proc: 5.5 ms]
      [Ref Enq: 0.4 ms]
      [Free CSet: 4.7 ms]
   [Eden: 1554.0M(1554.0M)->0.0B(1561.0M) Survivors: 22.0M->15.0M Heap: 2071.9M(2252.0M)->511.1M(2252.0M)]
 [Times: user=0.35 sys=0.01, real=0.03 secs] 

 Concurrent RS processed 2688217 cards
  Of 82305 completed buffers:
        82305 (100.0%) by conc RS threads.
            0 (  0.0%) by mutator threads.
  Conc RS threads times(s)
          0.00     0.00     0.00     0.00     0.00     0.00     0.00     0.00     0.00     0.00     0.00     0.00     0.00     0.00     0.00     0.00     0.00     0.00     0.00
  Total heap region rem set sizes = 6066K.  Max = 33K.
  Static structures = 369K, free_lists = 231K.
    349505 occupied cards represented.
    Max size region = 1:(O)[0x0000000763500000,0x00000007635ffff0,0x0000000763600000], size = 34K, occupied = 96K.
    Did 2841 coarsenings.
2014-08-01T09:58:43.774-0500: 3744.217: [GC pause (young) 3744.217: [G1Ergonomics (CSet Construction) start choosing CSet, _pending_cards: 5737, predicted base time: 20.03 ms, remaining time: 79.97 ms, target pause time: 100.00 ms]
 3744.217: [G1Ergonomics (CSet Construction) add young regions to CSet, eden: 1561 regions, survivors: 15 regions, predicted young region time: 25.25 ms]
 3744.217: [G1Ergonomics (CSet Construction) finish choosing CSet, eden: 1561 regions, survivors: 15 regions, old: 0 regions, predicted pause time: 45.29 ms, target pause time: 100.00 ms]
, 0.0754130 secs]
   [Parallel Time: 19.4 ms, GC Workers: 18]
      [GC Worker Start (ms): Min: 3744217.6, Avg: 3744217.8, Max: 3744218.0, Diff: 0.3]
      [Ext Root Scanning (ms): Min: 5.4, Avg: 7.1, Max: 13.8, Diff: 8.4, Sum: 126.9]
      [Update RS (ms): Min: 0.0, Avg: 1.9, Max: 10.1, Diff: 10.1, Sum: 34.9]
         [Processed Buffers: Min: 0, Avg: 7.6, Max: 25, Diff: 25, Sum: 136]
      [Scan RS (ms): Min: 0.2, Avg: 0.7, Max: 0.9, Diff: 0.8, Sum: 13.3]
      [Object Copy (ms): Min: 1.4, Avg: 8.4, Max: 10.1, Diff: 8.7, Sum: 151.3]
      [Termination (ms): Min: 0.0, Avg: 0.4, Max: 0.5, Diff: 0.5, Sum: 6.9]
      [GC Worker Other (ms): Min: 0.0, Avg: 0.2, Max: 0.5, Diff: 0.4, Sum: 3.6]
      [GC Worker Total (ms): Min: 18.4, Avg: 18.7, Max: 19.1, Diff: 0.7, Sum: 336.9]
      [GC Worker End (ms): Min: 3744236.3, Avg: 3744236.5, Max: 3744236.8, Diff: 0.4]
   [Code Root Fixup: 0.0 ms]
   [Clear CT: 2.4 ms]
   [Other: 53.6 ms]
      [Choose CSet: 0.0 ms]
      [Ref Proc: 46.5 ms]
      [Ref Enq: 0.7 ms]
      [Free CSet: 5.7 ms]
   [Eden: 1561.0M(1561.0M)->0.0B(1563.0M) Survivors: 15.0M->13.0M Heap: 2072.1M(2252.0M)->509.5M(2252.0M)]
 [Times: user=0.56 sys=0.01, real=0.08 secs] 

 Concurrent RS processed 2690622 cards
  Of 82441 completed buffers:
        82441 (100.0%) by conc RS threads.
            0 (  0.0%) by mutator threads.
  Conc RS threads times(s)
          0.00     0.00     0.00     0.00     0.00     0.00     0.00     0.00     0.00     0.00     0.00     0.00     0.00     0.00     0.00     0.00     0.00     0.00     0.00
  Total heap region rem set sizes = 6071K.  Max = 33K.
  Static structures = 369K, free_lists = 229K.
    350134 occupied cards represented.
    Max size region = 1:(O)[0x0000000763500000,0x00000007635ffff0,0x0000000763600000], size = 34K, occupied = 96K.
    Did 2841 coarsenings.
2014-08-01T09:58:50.197-0500: 3750.640: [GC pause (young) 3750.640: [G1Ergonomics (CSet Construction) start choosing CSet, _pending_cards: 6484, predicted base time: 39.31 ms, remaining time: 60.69 ms, target pause time: 100.00 ms]
 3750.640: [G1Ergonomics (CSet Construction) add young regions to CSet, eden: 1563 regions, survivors: 13 regions, predicted young region time: 14.24 ms]
 3750.640: [G1Ergonomics (CSet Construction) finish choosing CSet, eden: 1563 regions, survivors: 13 regions, old: 0 regions, predicted pause time: 53.55 ms, target pause time: 100.00 ms]
, 0.0383460 secs]
   [Parallel Time: 21.4 ms, GC Workers: 18]
      [GC Worker Start (ms): Min: 3750640.5, Avg: 3750640.7, Max: 3750640.9, Diff: 0.4]
      [Ext Root Scanning (ms): Min: 5.1, Avg: 7.1, Max: 15.6, Diff: 10.5, Sum: 127.0]
      [Update RS (ms): Min: 0.0, Avg: 1.5, Max: 3.6, Diff: 3.6, Sum: 26.4]
         [Processed Buffers: Min: 0, Avg: 7.8, Max: 36, Diff: 36, Sum: 140]
      [Scan RS (ms): Min: 0.2, Avg: 0.8, Max: 3.2, Diff: 3.0, Sum: 15.1]
      [Object Copy (ms): Min: 3.8, Avg: 10.6, Max: 11.6, Diff: 7.8, Sum: 190.1]
      [Termination (ms): Min: 0.0, Avg: 0.1, Max: 0.1, Diff: 0.1, Sum: 1.8]
      [GC Worker Other (ms): Min: 0.0, Avg: 0.7, Max: 1.1, Diff: 1.1, Sum: 11.8]
      [GC Worker Total (ms): Min: 20.0, Avg: 20.7, Max: 21.3, Diff: 1.3, Sum: 372.2]
      [GC Worker End (ms): Min: 3750660.8, Avg: 3750661.4, Max: 3750661.8, Diff: 1.1]
   [Code Root Fixup: 0.0 ms]
   [Clear CT: 2.0 ms]
   [Other: 14.9 ms]
      [Choose CSet: 0.0 ms]
      [Ref Proc: 9.4 ms]
      [Ref Enq: 0.5 ms]
      [Free CSet: 4.3 ms]
   [Eden: 1563.0M(1563.0M)->0.0B(1560.0M) Survivors: 13.0M->16.0M Heap: 2072.5M(2252.0M)->512.0M(2252.0M)]
 [Times: user=0.43 sys=0.01, real=0.04 secs] 

 Concurrent RS processed 2693015 cards
  Of 82581 completed buffers:
        82581 (100.0%) by conc RS threads.
            0 (  0.0%) by mutator threads.
  Conc RS threads times(s)
          0.00     0.00     0.00     0.00     0.00     0.00     0.00     0.00     0.00     0.00     0.00     0.00     0.00     0.00     0.00     0.00     0.00     0.00     0.00
  Total heap region rem set sizes = 6070K.  Max = 33K.
  Static structures = 369K, free_lists = 230K.
    350348 occupied cards represented.
    Max size region = 1:(O)[0x0000000763500000,0x00000007635ffff0,0x0000000763600000], size = 34K, occupied = 97K.
    Did 2841 coarsenings.
2014-08-01T09:58:56.227-0500: 3756.670: [GC pause (young) 3756.670: [G1Ergonomics (CSet Construction) start choosing CSet, _pending_cards: 5729, predicted base time: 35.33 ms, remaining time: 64.67 ms, target pause time: 100.00 ms]
 3756.670: [G1Ergonomics (CSet Construction) add young regions to CSet, eden: 1560 regions, survivors: 16 regions, predicted young region time: 10.34 ms]
 3756.670: [G1Ergonomics (CSet Construction) finish choosing CSet, eden: 1560 regions, survivors: 16 regions, old: 0 regions, predicted pause time: 45.68 ms, target pause time: 100.00 ms]
, 0.0331270 secs]
   [Parallel Time: 19.6 ms, GC Workers: 18]
      [GC Worker Start (ms): Min: 3756670.2, Avg: 3756670.4, Max: 3756670.5, Diff: 0.3]
      [Ext Root Scanning (ms): Min: 6.0, Avg: 7.0, Max: 11.2, Diff: 5.2, Sum: 125.3]
      [Update RS (ms): Min: 0.0, Avg: 1.7, Max: 3.7, Diff: 3.7, Sum: 29.8]
         [Processed Buffers: Min: 0, Avg: 7.7, Max: 21, Diff: 21, Sum: 138]
      [Scan RS (ms): Min: 0.2, Avg: 0.6, Max: 1.0, Diff: 0.8, Sum: 11.1]
      [Object Copy (ms): Min: 7.4, Avg: 9.6, Max: 10.2, Diff: 2.8, Sum: 173.1]
      [Termination (ms): Min: 0.0, Avg: 0.1, Max: 0.1, Diff: 0.1, Sum: 1.9]
      [GC Worker Other (ms): Min: 0.0, Avg: 0.2, Max: 0.4, Diff: 0.4, Sum: 3.9]
      [GC Worker Total (ms): Min: 19.0, Avg: 19.2, Max: 19.4, Diff: 0.5, Sum: 345.0]
      [GC Worker End (ms): Min: 3756689.4, Avg: 3756689.5, Max: 3756689.7, Diff: 0.4]
   [Code Root Fixup: 0.0 ms]
   [Clear CT: 1.7 ms]
   [Other: 11.8 ms]
      [Choose CSet: 0.0 ms]
      [Ref Proc: 6.3 ms]
      [Ref Enq: 0.5 ms]
      [Free CSet: 4.3 ms]
   [Eden: 1560.0M(1560.0M)->0.0B(1562.0M) Survivors: 16.0M->14.0M Heap: 2072.0M(2252.0M)->510.0M(2252.0M)]
 [Times: user=0.38 sys=0.01, real=0.04 secs] 

 Concurrent RS processed 2695436 cards
  Of 82719 completed buffers:
        82719 (100.0%) by conc RS threads.
            0 (  0.0%) by mutator threads.
  Conc RS threads times(s)
          0.00     0.00     0.00     0.00     0.00     0.00     0.00     0.00     0.00     0.00     0.00     0.00     0.00     0.00     0.00     0.00     0.00     0.00     0.00
  Total heap region rem set sizes = 6071K.  Max = 33K.
  Static structures = 369K, free_lists = 229K.
    350764 occupied cards represented.
    Max size region = 1:(O)[0x0000000763500000,0x00000007635ffff0,0x0000000763600000], size = 34K, occupied = 97K.
    Did 2841 coarsenings.
2014-08-01T09:59:02.491-0500: 3762.934: [GC pause (young) 3762.934: [G1Ergonomics (CSet Construction) start choosing CSet, _pending_cards: 6238, predicted base time: 31.66 ms, remaining time: 68.34 ms, target pause time: 100.00 ms]
 3762.934: [G1Ergonomics (CSet Construction) add young regions to CSet, eden: 1562 regions, survivors: 14 regions, predicted young region time: 19.37 ms]
 3762.934: [G1Ergonomics (CSet Construction) finish choosing CSet, eden: 1562 regions, survivors: 14 regions, old: 0 regions, predicted pause time: 51.03 ms, target pause time: 100.00 ms]
, 0.0352090 secs]
   [Parallel Time: 18.6 ms, GC Workers: 18]
      [GC Worker Start (ms): Min: 3762934.4, Avg: 3762934.6, Max: 3762934.7, Diff: 0.3]
      [Ext Root Scanning (ms): Min: 4.1, Avg: 5.7, Max: 9.9, Diff: 5.8, Sum: 102.2]
      [Update RS (ms): Min: 0.0, Avg: 1.7, Max: 3.1, Diff: 3.1, Sum: 29.7]
         [Processed Buffers: Min: 0, Avg: 8.2, Max: 28, Diff: 28, Sum: 148]
      [Scan RS (ms): Min: 0.2, Avg: 0.8, Max: 2.3, Diff: 2.1, Sum: 14.3]
      [Object Copy (ms): Min: 6.7, Avg: 8.7, Max: 9.3, Diff: 2.7, Sum: 157.0]
      [Termination (ms): Min: 0.0, Avg: 0.1, Max: 0.1, Diff: 0.1, Sum: 1.4]
      [GC Worker Other (ms): Min: 0.0, Avg: 0.2, Max: 0.5, Diff: 0.4, Sum: 4.2]
      [GC Worker Total (ms): Min: 16.9, Avg: 17.2, Max: 17.5, Diff: 0.6, Sum: 308.9]
      [GC Worker End (ms): Min: 3762951.5, Avg: 3762951.7, Max: 3762952.0, Diff: 0.4]
   [Code Root Fixup: 0.0 ms]
   [Clear CT: 1.9 ms]
   [Other: 14.7 ms]
      [Choose CSet: 0.0 ms]
      [Ref Proc: 8.0 ms]
      [Ref Enq: 0.5 ms]
      [Free CSet: 5.6 ms]
   [Eden: 1562.0M(1562.0M)->0.0B(1560.0M) Survivors: 14.0M->16.0M Heap: 2072.0M(2252.0M)->512.1M(2252.0M)]
 [Times: user=0.38 sys=0.01, real=0.03 secs] 

 Concurrent RS processed 2697846 cards
  Of 82867 completed buffers:
        82867 (100.0%) by conc RS threads.
            0 (  0.0%) by mutator threads.
  Conc RS threads times(s)
          0.00     0.00     0.00     0.00     0.00     0.00     0.00     0.00     0.00     0.00     0.00     0.00     0.00     0.00     0.00     0.00     0.00     0.00     0.00
  Total heap region rem set sizes = 6072K.  Max = 33K.
  Static structures = 369K, free_lists = 229K.
    351146 occupied cards represented.
    Max size region = 1:(O)[0x0000000763500000,0x00000007635ffff0,0x0000000763600000], size = 34K, occupied = 97K.
    Did 2841 coarsenings.
2014-08-01T09:59:08.535-0500: 3768.979: [GC pause (young) 3768.979: [G1Ergonomics (CSet Construction) start choosing CSet, _pending_cards: 5745, predicted base time: 28.93 ms, remaining time: 71.07 ms, target pause time: 100.00 ms]
 3768.979: [G1Ergonomics (CSet Construction) add young regions to CSet, eden: 1560 regions, survivors: 16 regions, predicted young region time: 23.57 ms]
 3768.979: [G1Ergonomics (CSet Construction) finish choosing CSet, eden: 1560 regions, survivors: 16 regions, old: 0 regions, predicted pause time: 52.51 ms, target pause time: 100.00 ms]
, 0.0431630 secs]
   [Parallel Time: 20.1 ms, GC Workers: 18]
      [GC Worker Start (ms): Min: 3768979.3, Avg: 3768979.4, Max: 3768979.6, Diff: 0.4]
      [Ext Root Scanning (ms): Min: 6.3, Avg: 7.4, Max: 9.6, Diff: 3.2, Sum: 133.1]
      [Update RS (ms): Min: 0.0, Avg: 1.9, Max: 6.3, Diff: 6.3, Sum: 33.8]
         [Processed Buffers: Min: 0, Avg: 8.0, Max: 30, Diff: 30, Sum: 144]
      [Scan RS (ms): Min: 0.2, Avg: 0.6, Max: 1.3, Diff: 1.1, Sum: 11.4]
      [Object Copy (ms): Min: 1.5, Avg: 7.7, Max: 8.7, Diff: 7.2, Sum: 139.1]
      [Termination (ms): Min: 0.0, Avg: 0.1, Max: 0.1, Diff: 0.1, Sum: 1.5]
      [GC Worker Other (ms): Min: 0.0, Avg: 1.0, Max: 2.1, Diff: 2.1, Sum: 17.8]
      [GC Worker Total (ms): Min: 17.6, Avg: 18.7, Max: 20.0, Diff: 2.4, Sum: 336.6]
      [GC Worker End (ms): Min: 3768997.2, Avg: 3768998.1, Max: 3768999.3, Diff: 2.1]
   [Code Root Fixup: 0.0 ms]
   [Clear CT: 2.3 ms]
   [Other: 20.7 ms]
      [Choose CSet: 0.0 ms]
      [Ref Proc: 14.9 ms]
      [Ref Enq: 0.8 ms]
      [Free CSet: 4.3 ms]
   [Eden: 1560.0M(1560.0M)->0.0B(1555.0M) Survivors: 16.0M->21.0M Heap: 2072.1M(2252.0M)->517.7M(2252.0M)]
 [Times: user=0.42 sys=0.01, real=0.04 secs] 

 Concurrent RS processed 2700260 cards
  Of 83011 completed buffers:
        83011 (100.0%) by conc RS threads.
            0 (  0.0%) by mutator threads.
  Conc RS threads times(s)
          0.00     0.00     0.00     0.00     0.00     0.00     0.00     0.00     0.00     0.00     0.00     0.00     0.00     0.00     0.00     0.00     0.00     0.00     0.00
  Total heap region rem set sizes = 6074K.  Max = 33K.
  Static structures = 369K, free_lists = 229K.
    351483 occupied cards represented.
    Max size region = 1:(O)[0x0000000763500000,0x00000007635ffff0,0x0000000763600000], size = 34K, occupied = 97K.
    Did 2841 coarsenings.
2014-08-01T09:59:14.842-0500: 3775.285: [GC pause (young) 3775.285: [G1Ergonomics (CSet Construction) start choosing CSet, _pending_cards: 5246, predicted base time: 30.08 ms, remaining time: 69.92 ms, target pause time: 100.00 ms]
 3775.285: [G1Ergonomics (CSet Construction) add young regions to CSet, eden: 1555 regions, survivors: 21 regions, predicted young region time: 18.93 ms]
 3775.285: [G1Ergonomics (CSet Construction) finish choosing CSet, eden: 1555 regions, survivors: 21 regions, old: 0 regions, predicted pause time: 49.01 ms, target pause time: 100.00 ms]
, 0.0287520 secs]
   [Parallel Time: 17.6 ms, GC Workers: 18]
      [GC Worker Start (ms): Min: 3775285.5, Avg: 3775285.6, Max: 3775285.7, Diff: 0.3]
      [Ext Root Scanning (ms): Min: 3.7, Avg: 4.9, Max: 9.1, Diff: 5.4, Sum: 88.6]
      [Update RS (ms): Min: 0.0, Avg: 1.0, Max: 2.2, Diff: 2.2, Sum: 18.0]
         [Processed Buffers: Min: 0, Avg: 7.4, Max: 27, Diff: 27, Sum: 134]
      [Scan RS (ms): Min: 0.1, Avg: 0.5, Max: 0.7, Diff: 0.6, Sum: 8.9]
      [Object Copy (ms): Min: 6.3, Avg: 9.4, Max: 10.6, Diff: 4.3, Sum: 169.2]
      [Termination (ms): Min: 0.2, Avg: 0.5, Max: 1.1, Diff: 0.9, Sum: 8.7]
      [GC Worker Other (ms): Min: 0.0, Avg: 0.1, Max: 0.3, Diff: 0.2, Sum: 2.3]
      [GC Worker Total (ms): Min: 16.3, Avg: 16.4, Max: 17.1, Diff: 0.8, Sum: 295.7]
      [GC Worker End (ms): Min: 3775301.8, Avg: 3775302.0, Max: 3775302.6, Diff: 0.7]
   [Code Root Fixup: 0.0 ms]
   [Clear CT: 2.7 ms]
   [Other: 8.4 ms]
      [Choose CSet: 0.0 ms]
      [Ref Proc: 4.8 ms]
      [Ref Enq: 0.3 ms]
      [Free CSet: 2.9 ms]
   [Eden: 1555.0M(1555.0M)->0.0B(1563.0M) Survivors: 21.0M->13.0M Heap: 2072.7M(2252.0M)->509.2M(2252.0M)]
 [Times: user=0.34 sys=0.00, real=0.03 secs] 

 Concurrent RS processed 2702742 cards
  Of 83145 completed buffers:
        83145 (100.0%) by conc RS threads.
            0 (  0.0%) by mutator threads.
  Conc RS threads times(s)
          0.00     0.00     0.00     0.00     0.00     0.00     0.00     0.00     0.00     0.00     0.00     0.00     0.00     0.00     0.00     0.00     0.00     0.00     0.00
  Total heap region rem set sizes = 6074K.  Max = 33K.
  Static structures = 369K, free_lists = 229K.
    351823 occupied cards represented.
    Max size region = 1:(O)[0x0000000763500000,0x00000007635ffff0,0x0000000763600000], size = 34K, occupied = 97K.
    Did 2841 coarsenings.
2014-08-01T09:59:21.106-0500: 3781.549: [GC pause (young) 3781.549: [G1Ergonomics (CSet Construction) start choosing CSet, _pending_cards: 5487, predicted base time: 26.85 ms, remaining time: 73.15 ms, target pause time: 100.00 ms]
 3781.549: [G1Ergonomics (CSet Construction) add young regions to CSet, eden: 1563 regions, survivors: 13 regions, predicted young region time: 15.83 ms]
 3781.549: [G1Ergonomics (CSet Construction) finish choosing CSet, eden: 1563 regions, survivors: 13 regions, old: 0 regions, predicted pause time: 42.68 ms, target pause time: 100.00 ms]
, 0.0435780 secs]
   [Parallel Time: 22.4 ms, GC Workers: 18]
      [GC Worker Start (ms): Min: 3781549.5, Avg: 3781549.7, Max: 3781549.9, Diff: 0.4]
      [Ext Root Scanning (ms): Min: 6.2, Avg: 7.7, Max: 12.4, Diff: 6.2, Sum: 138.6]
      [Update RS (ms): Min: 0.0, Avg: 1.7, Max: 3.1, Diff: 3.1, Sum: 29.8]
         [Processed Buffers: Min: 0, Avg: 8.0, Max: 26, Diff: 26, Sum: 144]
      [Scan RS (ms): Min: 0.2, Avg: 0.7, Max: 1.7, Diff: 1.5, Sum: 13.4]
      [Object Copy (ms): Min: 5.4, Avg: 8.0, Max: 11.9, Diff: 6.5, Sum: 143.4]
      [Termination (ms): Min: 0.0, Avg: 3.7, Max: 3.9, Diff: 3.9, Sum: 65.8]
      [GC Worker Other (ms): Min: 0.0, Avg: 0.2, Max: 0.4, Diff: 0.3, Sum: 3.5]
      [GC Worker Total (ms): Min: 21.6, Avg: 21.9, Max: 22.2, Diff: 0.6, Sum: 394.5]
      [GC Worker End (ms): Min: 3781571.5, Avg: 3781571.6, Max: 3781571.8, Diff: 0.3]
   [Code Root Fixup: 0.0 ms]
   [Clear CT: 2.2 ms]
   [Other: 19.0 ms]
      [Choose CSet: 0.0 ms]
      [Ref Proc: 13.7 ms]
      [Ref Enq: 0.5 ms]
      [Free CSet: 4.2 ms]
   [Eden: 1563.0M(1563.0M)->0.0B(1562.0M) Survivors: 13.0M->14.0M Heap: 2072.2M(2252.0M)->510.7M(2252.0M)]
 [Times: user=0.47 sys=0.01, real=0.04 secs] 

 Concurrent RS processed 2705143 cards
  Of 83289 completed buffers:
        83289 (100.0%) by conc RS threads.
            0 (  0.0%) by mutator threads.
  Conc RS threads times(s)
          0.00     0.00     0.00     0.00     0.00     0.00     0.00     0.00     0.00     0.00     0.00     0.00     0.00     0.00     0.00     0.00     0.00     0.00     0.00
  Total heap region rem set sizes = 6074K.  Max = 33K.
  Static structures = 369K, free_lists = 228K.
    352148 occupied cards represented.
    Max size region = 1:(O)[0x0000000763500000,0x00000007635ffff0,0x0000000763600000], size = 34K, occupied = 97K.
    Did 2841 coarsenings.
2014-08-01T09:59:27.406-0500: 3787.849: [GC pause (young) 3787.849: [G1Ergonomics (CSet Construction) start choosing CSet, _pending_cards: 5469, predicted base time: 27.52 ms, remaining time: 72.48 ms, target pause time: 100.00 ms]
 3787.849: [G1Ergonomics (CSet Construction) add young regions to CSet, eden: 1562 regions, survivors: 14 regions, predicted young region time: 13.21 ms]
 3787.849: [G1Ergonomics (CSet Construction) finish choosing CSet, eden: 1562 regions, survivors: 14 regions, old: 0 regions, predicted pause time: 40.73 ms, target pause time: 100.00 ms]
, 0.0341830 secs]
   [Parallel Time: 19.6 ms, GC Workers: 18]
      [GC Worker Start (ms): Min: 3787849.4, Avg: 3787849.6, Max: 3787849.7, Diff: 0.3]
      [Ext Root Scanning (ms): Min: 5.4, Avg: 6.7, Max: 11.5, Diff: 6.1, Sum: 120.9]
      [Update RS (ms): Min: 0.0, Avg: 1.7, Max: 3.3, Diff: 3.3, Sum: 29.9]
         [Processed Buffers: Min: 0, Avg: 7.7, Max: 27, Diff: 27, Sum: 139]
      [Scan RS (ms): Min: 0.2, Avg: 0.7, Max: 1.0, Diff: 0.8, Sum: 12.7]
      [Object Copy (ms): Min: 6.9, Avg: 9.6, Max: 10.0, Diff: 3.1, Sum: 172.4]
      [Termination (ms): Min: 0.0, Avg: 0.1, Max: 0.1, Diff: 0.1, Sum: 1.2]
      [GC Worker Other (ms): Min: 0.0, Avg: 0.2, Max: 0.4, Diff: 0.4, Sum: 4.1]
      [GC Worker Total (ms): Min: 18.7, Avg: 19.0, Max: 19.3, Diff: 0.6, Sum: 341.2]
      [GC Worker End (ms): Min: 3787868.3, Avg: 3787868.5, Max: 3787868.7, Diff: 0.4]
   [Code Root Fixup: 0.0 ms]
   [Clear CT: 1.9 ms]
   [Other: 12.7 ms]
      [Choose CSet: 0.0 ms]
      [Ref Proc: 7.3 ms]
      [Ref Enq: 0.5 ms]
      [Free CSet: 4.2 ms]
   [Eden: 1562.0M(1562.0M)->0.0B(1553.0M) Survivors: 14.0M->23.0M Heap: 2072.7M(2252.0M)->519.8M(2252.0M)]
 [Times: user=0.40 sys=0.00, real=0.03 secs] 

 Concurrent RS processed 2707496 cards
  Of 83428 completed buffers:
        83428 (100.0%) by conc RS threads.
            0 (  0.0%) by mutator threads.
  Conc RS threads times(s)
          0.00     0.00     0.00     0.00     0.00     0.00     0.00     0.00     0.00     0.00     0.00     0.00     0.00     0.00     0.00     0.00     0.00     0.00     0.00
  Total heap region rem set sizes = 6075K.  Max = 33K.
  Static structures = 369K, free_lists = 228K.
    352437 occupied cards represented.
    Max size region = 1:(O)[0x0000000763500000,0x00000007635ffff0,0x0000000763600000], size = 34K, occupied = 97K.
    Did 2841 coarsenings.
2014-08-01T09:59:33.716-0500: 3794.160: [GC pause (young) 3794.160: [G1Ergonomics (CSet Construction) start choosing CSet, _pending_cards: 5751, predicted base time: 25.81 ms, remaining time: 74.19 ms, target pause time: 100.00 ms]
 3794.160: [G1Ergonomics (CSet Construction) add young regions to CSet, eden: 1553 regions, survivors: 23 regions, predicted young region time: 12.87 ms]
 3794.160: [G1Ergonomics (CSet Construction) finish choosing CSet, eden: 1553 regions, survivors: 23 regions, old: 0 regions, predicted pause time: 38.69 ms, target pause time: 100.00 ms]
, 0.0373550 secs]
   [Parallel Time: 23.7 ms, GC Workers: 18]
      [GC Worker Start (ms): Min: 3794160.2, Avg: 3794160.4, Max: 3794160.5, Diff: 0.3]
      [Ext Root Scanning (ms): Min: 7.1, Avg: 8.4, Max: 12.4, Diff: 5.3, Sum: 151.0]
      [Update RS (ms): Min: 0.0, Avg: 1.7, Max: 2.7, Diff: 2.7, Sum: 30.4]
         [Processed Buffers: Min: 0, Avg: 8.3, Max: 22, Diff: 22, Sum: 150]
      [Scan RS (ms): Min: 0.2, Avg: 0.8, Max: 1.0, Diff: 0.8, Sum: 13.5]
      [Object Copy (ms): Min: 10.1, Avg: 11.9, Max: 12.6, Diff: 2.5, Sum: 214.5]
      [Termination (ms): Min: 0.0, Avg: 0.1, Max: 0.2, Diff: 0.2, Sum: 2.7]
      [GC Worker Other (ms): Min: 0.0, Avg: 0.2, Max: 0.4, Diff: 0.4, Sum: 4.2]
      [GC Worker Total (ms): Min: 22.8, Avg: 23.1, Max: 23.5, Diff: 0.7, Sum: 416.4]
      [GC Worker End (ms): Min: 3794183.3, Avg: 3794183.5, Max: 3794183.7, Diff: 0.4]
   [Code Root Fixup: 0.0 ms]
   [Clear CT: 2.1 ms]
   [Other: 11.6 ms]
      [Choose CSet: 0.0 ms]
      [Ref Proc: 5.8 ms]
      [Ref Enq: 0.5 ms]
      [Free CSet: 4.7 ms]
   [Eden: 1553.0M(1553.0M)->0.0B(1563.0M) Survivors: 23.0M->13.0M Heap: 2072.8M(2252.0M)->509.9M(2252.0M)]
 [Times: user=0.43 sys=0.01, real=0.04 secs] 

 Concurrent RS processed 2709934 cards
  Of 83578 completed buffers:
        83578 (100.0%) by conc RS threads.
            0 (  0.0%) by mutator threads.
  Conc RS threads times(s)
          0.00     0.00     0.00     0.00     0.00     0.00     0.00     0.00     0.00     0.00     0.00     0.00     0.00     0.00     0.00     0.00     0.00     0.00     0.00
  Total heap region rem set sizes = 6075K.  Max = 33K.
  Static structures = 369K, free_lists = 228K.
    352691 occupied cards represented.
    Max size region = 1:(O)[0x0000000763500000,0x00000007635ffff0,0x0000000763600000], size = 34K, occupied = 97K.
    Did 2841 coarsenings.
2014-08-01T09:59:39.577-0500: 3800.020: [GC pause (young) 3800.020: [G1Ergonomics (CSet Construction) start choosing CSet, _pending_cards: 5720, predicted base time: 24.48 ms, remaining time: 75.52 ms, target pause time: 100.00 ms]
 3800.020: [G1Ergonomics (CSet Construction) add young regions to CSet, eden: 1563 regions, survivors: 13 regions, predicted young region time: 19.76 ms]
 3800.020: [G1Ergonomics (CSet Construction) finish choosing CSet, eden: 1563 regions, survivors: 13 regions, old: 0 regions, predicted pause time: 44.24 ms, target pause time: 100.00 ms]
, 0.0353040 secs]
   [Parallel Time: 17.0 ms, GC Workers: 18]
      [GC Worker Start (ms): Min: 3800020.5, Avg: 3800020.7, Max: 3800020.8, Diff: 0.3]
      [Ext Root Scanning (ms): Min: 6.2, Avg: 7.0, Max: 10.4, Diff: 4.2, Sum: 126.8]
      [Update RS (ms): Min: 0.0, Avg: 1.8, Max: 2.8, Diff: 2.8, Sum: 31.7]
         [Processed Buffers: Min: 0, Avg: 7.9, Max: 28, Diff: 28, Sum: 142]
      [Scan RS (ms): Min: 0.2, Avg: 0.9, Max: 1.3, Diff: 1.1, Sum: 16.5]
      [Object Copy (ms): Min: 5.3, Avg: 6.5, Max: 7.1, Diff: 1.8, Sum: 116.9]
      [Termination (ms): Min: 0.0, Avg: 0.1, Max: 0.2, Diff: 0.2, Sum: 2.3]
      [GC Worker Other (ms): Min: 0.0, Avg: 0.2, Max: 0.4, Diff: 0.3, Sum: 3.8]
      [GC Worker Total (ms): Min: 16.3, Avg: 16.6, Max: 16.8, Diff: 0.5, Sum: 298.0]
      [GC Worker End (ms): Min: 3800037.0, Avg: 3800037.2, Max: 3800037.4, Diff: 0.4]
   [Code Root Fixup: 0.0 ms]
   [Clear CT: 1.7 ms]
   [Other: 16.6 ms]
      [Choose CSet: 0.0 ms]
      [Ref Proc: 10.5 ms]
      [Ref Enq: 0.7 ms]
      [Free CSet: 4.7 ms]
   [Eden: 1563.0M(1563.0M)->0.0B(1556.0M) Survivors: 13.0M->20.0M Heap: 2072.9M(2252.0M)->517.0M(2252.0M)]
 [Times: user=0.40 sys=0.00, real=0.03 secs] 

 Concurrent RS processed 2712308 cards
  Of 83720 completed buffers:
        83720 (100.0%) by conc RS threads.
            0 (  0.0%) by mutator threads.
  Conc RS threads times(s)
          0.00     0.00     0.00     0.00     0.00     0.00     0.00     0.00     0.00     0.00     0.00     0.00     0.00     0.00     0.00     0.00     0.00     0.00     0.00
  Total heap region rem set sizes = 6075K.  Max = 33K.
  Static structures = 369K, free_lists = 228K.
    353023 occupied cards represented.
    Max size region = 1:(O)[0x0000000763500000,0x00000007635ffff0,0x0000000763600000], size = 34K, occupied = 97K.
    Did 2841 coarsenings.
2014-08-01T09:59:45.596-0500: 3806.039: [GC pause (young) 3806.039: [G1Ergonomics (CSet Construction) start choosing CSet, _pending_cards: 5461, predicted base time: 24.33 ms, remaining time: 75.67 ms, target pause time: 100.00 ms]
 3806.039: [G1Ergonomics (CSet Construction) add young regions to CSet, eden: 1556 regions, survivors: 20 regions, predicted young region time: 18.55 ms]
 3806.039: [G1Ergonomics (CSet Construction) finish choosing CSet, eden: 1556 regions, survivors: 20 regions, old: 0 regions, predicted pause time: 42.88 ms, target pause time: 100.00 ms]
, 0.0451800 secs]
   [Parallel Time: 23.7 ms, GC Workers: 18]
      [GC Worker Start (ms): Min: 3806039.6, Avg: 3806039.8, Max: 3806039.9, Diff: 0.3]
      [Ext Root Scanning (ms): Min: 9.6, Avg: 14.6, Max: 22.9, Diff: 13.2, Sum: 263.1]
      [Update RS (ms): Min: 0.0, Avg: 1.3, Max: 2.5, Diff: 2.5, Sum: 23.6]
         [Processed Buffers: Min: 0, Avg: 7.6, Max: 23, Diff: 23, Sum: 136]
      [Scan RS (ms): Min: 0.2, Avg: 0.7, Max: 0.9, Diff: 0.7, Sum: 11.7]
      [Object Copy (ms): Min: 0.0, Avg: 5.9, Max: 9.4, Diff: 9.4, Sum: 106.3]
      [Termination (ms): Min: 0.0, Avg: 0.5, Max: 0.8, Diff: 0.8, Sum: 9.7]
      [GC Worker Other (ms): Min: 0.0, Avg: 0.2, Max: 0.3, Diff: 0.3, Sum: 2.9]
      [GC Worker Total (ms): Min: 22.9, Avg: 23.2, Max: 23.5, Diff: 0.6, Sum: 417.3]
      [GC Worker End (ms): Min: 3806062.8, Avg: 3806063.0, Max: 3806063.1, Diff: 0.3]
   [Code Root Fixup: 0.0 ms]
   [Clear CT: 3.5 ms]
   [Other: 18.0 ms]
      [Choose CSet: 0.0 ms]
      [Ref Proc: 12.2 ms]
      [Ref Enq: 1.0 ms]
      [Free CSet: 4.2 ms]
   [Eden: 1556.0M(1556.0M)->0.0B(1564.0M) Survivors: 20.0M->12.0M Heap: 2073.0M(2252.0M)->508.5M(2252.0M)]
 [Times: user=0.38 sys=0.01, real=0.05 secs] 

 Concurrent RS processed 2714674 cards
  Of 83856 completed buffers:
        83856 (100.0%) by conc RS threads.
            0 (  0.0%) by mutator threads.
  Conc RS threads times(s)
          0.00     0.00     0.00     0.00     0.00     0.00     0.00     0.00     0.00     0.00     0.00     0.00     0.00     0.00     0.00     0.00     0.00     0.00     0.00
  Total heap region rem set sizes = 6075K.  Max = 33K.
  Static structures = 369K, free_lists = 228K.
    353268 occupied cards represented.
    Max size region = 1:(O)[0x0000000763500000,0x00000007635ffff0,0x0000000763600000], size = 34K, occupied = 97K.
    Did 2841 coarsenings.
2014-08-01T09:59:52.280-0500: 3812.724: [GC pause (young) 3812.724: [G1Ergonomics (CSet Construction) start choosing CSet, _pending_cards: 4706, predicted base time: 28.37 ms, remaining time: 71.63 ms, target pause time: 100.00 ms]
 3812.724: [G1Ergonomics (CSet Construction) add young regions to CSet, eden: 1564 regions, survivors: 12 regions, predicted young region time: 10.62 ms]
 3812.724: [G1Ergonomics (CSet Construction) finish choosing CSet, eden: 1564 regions, survivors: 12 regions, old: 0 regions, predicted pause time: 38.99 ms, target pause time: 100.00 ms]
, 0.0460020 secs]
   [Parallel Time: 22.8 ms, GC Workers: 18]
      [GC Worker Start (ms): Min: 3812723.9, Avg: 3812724.0, Max: 3812724.2, Diff: 0.3]
      [Ext Root Scanning (ms): Min: 6.3, Avg: 8.1, Max: 12.0, Diff: 5.7, Sum: 146.1]
      [Update RS (ms): Min: 0.0, Avg: 1.5, Max: 3.3, Diff: 3.3, Sum: 27.4]
         [Processed Buffers: Min: 0, Avg: 7.2, Max: 21, Diff: 21, Sum: 129]
      [Scan RS (ms): Min: 0.2, Avg: 0.8, Max: 1.9, Diff: 1.7, Sum: 14.9]
      [Object Copy (ms): Min: 8.1, Avg: 10.7, Max: 12.3, Diff: 4.3, Sum: 192.2]
      [Termination (ms): Min: 0.0, Avg: 0.7, Max: 1.1, Diff: 1.1, Sum: 11.9]
      [GC Worker Other (ms): Min: 0.0, Avg: 0.1, Max: 0.3, Diff: 0.3, Sum: 2.6]
      [GC Worker Total (ms): Min: 21.7, Avg: 22.0, Max: 22.3, Diff: 0.6, Sum: 395.2]
      [GC Worker End (ms): Min: 3812745.8, Avg: 3812746.0, Max: 3812746.3, Diff: 0.5]
   [Code Root Fixup: 0.0 ms]
   [Clear CT: 2.3 ms]
   [Other: 20.9 ms]
      [Choose CSet: 0.0 ms]
      [Ref Proc: 14.7 ms]
      [Ref Enq: 1.2 ms]
      [Free CSet: 4.4 ms]
   [Eden: 1564.0M(1564.0M)->0.0B(1563.0M) Survivors: 12.0M->13.0M Heap: 2072.5M(2252.0M)->510.3M(2252.0M)]
 [Times: user=0.49 sys=0.01, real=0.04 secs] 

 Concurrent RS processed 2717124 cards
  Of 83985 completed buffers:
        83985 (100.0%) by conc RS threads.
            0 (  0.0%) by mutator threads.
  Conc RS threads times(s)
          0.00     0.00     0.00     0.00     0.00     0.00     0.00     0.00     0.00     0.00     0.00     0.00     0.00     0.00     0.00     0.00     0.00     0.00     0.00
  Total heap region rem set sizes = 6076K.  Max = 33K.
  Static structures = 369K, free_lists = 228K.
    353528 occupied cards represented.
    Max size region = 1:(O)[0x0000000763500000,0x00000007635ffff0,0x0000000763600000], size = 34K, occupied = 97K.
    Did 2841 coarsenings.
2014-08-01T09:59:58.327-0500: 3818.771: [GC pause (young) 3818.771: [G1Ergonomics (CSet Construction) start choosing CSet, _pending_cards: 5460, predicted base time: 29.40 ms, remaining time: 70.60 ms, target pause time: 100.00 ms]
 3818.771: [G1Ergonomics (CSet Construction) add young regions to CSet, eden: 1563 regions, survivors: 13 regions, predicted young region time: 11.34 ms]
 3818.771: [G1Ergonomics (CSet Construction) finish choosing CSet, eden: 1563 regions, survivors: 13 regions, old: 0 regions, predicted pause time: 40.75 ms, target pause time: 100.00 ms]
, 0.0383000 secs]
   [Parallel Time: 25.1 ms, GC Workers: 18]
      [GC Worker Start (ms): Min: 3818770.9, Avg: 3818771.0, Max: 3818771.2, Diff: 0.3]
      [Ext Root Scanning (ms): Min: 5.0, Avg: 6.9, Max: 11.5, Diff: 6.5, Sum: 123.5]
      [Update RS (ms): Min: 0.0, Avg: 1.5, Max: 3.6, Diff: 3.6, Sum: 27.5]
         [Processed Buffers: Min: 0, Avg: 7.5, Max: 19, Diff: 19, Sum: 135]
      [Scan RS (ms): Min: 0.2, Avg: 1.1, Max: 1.4, Diff: 1.2, Sum: 18.9]
      [Object Copy (ms): Min: 12.2, Avg: 14.6, Max: 15.2, Diff: 3.0, Sum: 262.2]
      [Termination (ms): Min: 0.0, Avg: 0.3, Max: 0.4, Diff: 0.4, Sum: 5.8]
      [GC Worker Other (ms): Min: 0.0, Avg: 0.3, Max: 0.5, Diff: 0.4, Sum: 4.7]
      [GC Worker Total (ms): Min: 24.2, Avg: 24.6, Max: 24.9, Diff: 0.6, Sum: 442.5]
      [GC Worker End (ms): Min: 3818795.4, Avg: 3818795.6, Max: 3818795.8, Diff: 0.4]
   [Code Root Fixup: 0.0 ms]
   [Clear CT: 1.9 ms]
   [Other: 11.3 ms]
      [Choose CSet: 0.0 ms]
      [Ref Proc: 5.4 ms]
      [Ref Enq: 0.4 ms]
      [Free CSet: 4.8 ms]
   [Eden: 1563.0M(1563.0M)->0.0B(1555.0M) Survivors: 13.0M->21.0M Heap: 2073.3M(2252.0M)->518.2M(2252.0M)]
 [Times: user=0.48 sys=0.01, real=0.04 secs] 

 Concurrent RS processed 2719428 cards
  Of 84120 completed buffers:
        84120 (100.0%) by conc RS threads.
            0 (  0.0%) by mutator threads.
  Conc RS threads times(s)
          0.00     0.00     0.00     0.00     0.00     0.00     0.00     0.00     0.00     0.00     0.00     0.00     0.00     0.00     0.00     0.00     0.00     0.00     0.00
  Total heap region rem set sizes = 6076K.  Max = 33K.
  Static structures = 369K, free_lists = 228K.
    353802 occupied cards represented.
    Max size region = 1:(O)[0x0000000763500000,0x00000007635ffff0,0x0000000763600000], size = 34K, occupied = 97K.
    Did 2841 coarsenings.
2014-08-01T10:00:04.269-0500: 3824.712: [GC pause (young) 3824.712: [G1Ergonomics (CSet Construction) start choosing CSet, _pending_cards: 5466, predicted base time: 26.80 ms, remaining time: 73.20 ms, target pause time: 100.00 ms]
 3824.712: [G1Ergonomics (CSet Construction) add young regions to CSet, eden: 1555 regions, survivors: 21 regions, predicted young region time: 22.39 ms]
 3824.712: [G1Ergonomics (CSet Construction) finish choosing CSet, eden: 1555 regions, survivors: 21 regions, old: 0 regions, predicted pause time: 49.19 ms, target pause time: 100.00 ms]
, 0.0369490 secs]
   [Parallel Time: 22.0 ms, GC Workers: 18]
      [GC Worker Start (ms): Min: 3824712.5, Avg: 3824712.7, Max: 3824712.9, Diff: 0.3]
      [Ext Root Scanning (ms): Min: 6.9, Avg: 8.3, Max: 11.4, Diff: 4.5, Sum: 150.2]
      [Update RS (ms): Min: 0.0, Avg: 1.6, Max: 3.5, Diff: 3.5, Sum: 29.0]
         [Processed Buffers: Min: 0, Avg: 7.9, Max: 24, Diff: 24, Sum: 143]
      [Scan RS (ms): Min: 0.2, Avg: 0.8, Max: 2.2, Diff: 2.0, Sum: 14.9]
      [Object Copy (ms): Min: 9.3, Avg: 10.3, Max: 11.3, Diff: 2.0, Sum: 184.6]
      [Termination (ms): Min: 0.0, Avg: 0.1, Max: 0.1, Diff: 0.1, Sum: 1.9]
      [GC Worker Other (ms): Min: 0.0, Avg: 0.2, Max: 0.4, Diff: 0.4, Sum: 4.4]
      [GC Worker Total (ms): Min: 21.0, Avg: 21.4, Max: 21.7, Diff: 0.6, Sum: 384.9]
      [GC Worker End (ms): Min: 3824733.9, Avg: 3824734.1, Max: 3824734.3, Diff: 0.4]
   [Code Root Fixup: 0.0 ms]
   [Clear CT: 1.8 ms]
   [Other: 13.2 ms]
      [Choose CSet: 0.0 ms]
      [Ref Proc: 7.0 ms]
      [Ref Enq: 0.6 ms]
      [Free CSet: 5.0 ms]
   [Eden: 1555.0M(1555.0M)->0.0B(1559.0M) Survivors: 21.0M->17.0M Heap: 2073.2M(2252.0M)->514.0M(2252.0M)]
 [Times: user=0.39 sys=0.01, real=0.04 secs] 

 Concurrent RS processed 2721828 cards
  Of 84263 completed buffers:
        84263 (100.0%) by conc RS threads.
            0 (  0.0%) by mutator threads.
  Conc RS threads times(s)
          0.00     0.00     0.00     0.00     0.00     0.00     0.00     0.00     0.00     0.00     0.00     0.00     0.00     0.00     0.00     0.00     0.00     0.00     0.00
  Total heap region rem set sizes = 6076K.  Max = 33K.
  Static structures = 369K, free_lists = 228K.
    354057 occupied cards represented.
    Max size region = 1:(O)[0x0000000763500000,0x00000007635ffff0,0x0000000763600000], size = 34K, occupied = 97K.
    Did 2841 coarsenings.
2014-08-01T10:00:11.665-0500: 3832.108: [GC pause (young) 3832.108: [G1Ergonomics (CSet Construction) start choosing CSet, _pending_cards: 5523, predicted base time: 25.45 ms, remaining time: 74.55 ms, target pause time: 100.00 ms]
 3832.108: [G1Ergonomics (CSet Construction) add young regions to CSet, eden: 1559 regions, survivors: 17 regions, predicted young region time: 14.62 ms]
 3832.108: [G1Ergonomics (CSet Construction) finish choosing CSet, eden: 1559 regions, survivors: 17 regions, old: 0 regions, predicted pause time: 40.07 ms, target pause time: 100.00 ms]
, 0.0317240 secs]
   [Parallel Time: 21.1 ms, GC Workers: 18]
      [GC Worker Start (ms): Min: 3832108.5, Avg: 3832108.6, Max: 3832108.8, Diff: 0.3]
      [Ext Root Scanning (ms): Min: 3.7, Avg: 4.9, Max: 10.6, Diff: 6.9, Sum: 88.7]
      [Update RS (ms): Min: 0.0, Avg: 1.1, Max: 2.2, Diff: 2.2, Sum: 19.3]
         [Processed Buffers: Min: 0, Avg: 8.0, Max: 29, Diff: 29, Sum: 144]
      [Scan RS (ms): Min: 0.2, Avg: 0.5, Max: 0.7, Diff: 0.5, Sum: 9.2]
      [Object Copy (ms): Min: 1.1, Avg: 6.0, Max: 13.6, Diff: 12.5, Sum: 108.9]
      [Termination (ms): Min: 0.0, Avg: 7.4, Max: 7.9, Diff: 7.9, Sum: 133.6]
      [GC Worker Other (ms): Min: 0.0, Avg: 0.5, Max: 0.8, Diff: 0.8, Sum: 8.9]
      [GC Worker Total (ms): Min: 19.9, Avg: 20.5, Max: 20.8, Diff: 0.9, Sum: 368.7]
      [GC Worker End (ms): Min: 3832128.6, Avg: 3832129.1, Max: 3832129.4, Diff: 0.8]
   [Code Root Fixup: 0.0 ms]
   [Clear CT: 1.6 ms]
   [Other: 9.0 ms]
      [Choose CSet: 0.0 ms]
      [Ref Proc: 4.6 ms]
      [Ref Enq: 0.3 ms]
      [Free CSet: 3.7 ms]
   [Eden: 1559.0M(1559.0M)->0.0B(1562.0M) Survivors: 17.0M->14.0M Heap: 2073.0M(2252.0M)->511.0M(2252.0M)]
 [Times: user=0.39 sys=0.00, real=0.03 secs] 

 Concurrent RS processed 2724253 cards
  Of 84407 completed buffers:
        84407 (100.0%) by conc RS threads.
            0 (  0.0%) by mutator threads.
  Conc RS threads times(s)
          0.00     0.00     0.00     0.00     0.00     0.00     0.00     0.00     0.00     0.00     0.00     0.00     0.00     0.00     0.00     0.00     0.00     0.00     0.00
  Total heap region rem set sizes = 6077K.  Max = 33K.
  Static structures = 369K, free_lists = 228K.
    354348 occupied cards represented.
    Max size region = 1:(O)[0x0000000763500000,0x00000007635ffff0,0x0000000763600000], size = 34K, occupied = 97K.
    Did 2841 coarsenings.
2014-08-01T10:00:17.903-0500: 3838.346: [GC pause (young) 3838.346: [G1Ergonomics (CSet Construction) start choosing CSet, _pending_cards: 74466, predicted base time: 42.37 ms, remaining time: 57.63 ms, target pause time: 100.00 ms]
 3838.346: [G1Ergonomics (CSet Construction) add young regions to CSet, eden: 1526 regions, survivors: 14 regions, predicted young region time: 32.27 ms]
 3838.346: [G1Ergonomics (CSet Construction) finish choosing CSet, eden: 1526 regions, survivors: 14 regions, old: 0 regions, predicted pause time: 74.63 ms, target pause time: 100.00 ms]
 3838.348: [G1Ergonomics (Heap Sizing) attempt heap expansion, reason: region allocation request failed, allocation request: 369232 bytes]
 3838.348: [G1Ergonomics (Heap Sizing) expand the heap, requested expansion amount: 369232 bytes, attempted expansion amount: 1048576 bytes]
 3838.348: [G1Ergonomics (Heap Sizing) did not expand the heap, reason: heap expansion operation failed]
 3838.796: [G1Ergonomics (Concurrent Cycles) request concurrent cycle initiation, reason: occupancy higher than threshold, occupancy: 1811939328 bytes, allocation request: 0 bytes, threshold: 1062626895 bytes (45.00 %), source: end of GC]
 (to-space exhausted), 0.4494990 secs]
   [Parallel Time: 278.3 ms, GC Workers: 18]
      [GC Worker Start (ms): Min: 3838346.7, Avg: 3838346.9, Max: 3838347.0, Diff: 0.3]
      [Ext Root Scanning (ms): Min: 5.8, Avg: 7.0, Max: 11.0, Diff: 5.2, Sum: 125.8]
      [Update RS (ms): Min: 14.8, Avg: 18.2, Max: 19.8, Diff: 5.0, Sum: 327.6]
         [Processed Buffers: Min: 4, Avg: 23.2, Max: 35, Diff: 31, Sum: 417]
      [Scan RS (ms): Min: 0.1, Avg: 0.9, Max: 1.8, Diff: 1.7, Sum: 16.9]
      [Object Copy (ms): Min: 250.4, Avg: 251.3, Max: 251.7, Diff: 1.3, Sum: 4522.7]
      [Termination (ms): Min: 0.0, Avg: 0.2, Max: 0.3, Diff: 0.3, Sum: 3.7]
      [GC Worker Other (ms): Min: 0.0, Avg: 0.2, Max: 0.4, Diff: 0.3, Sum: 3.4]
      [GC Worker Total (ms): Min: 277.5, Avg: 277.8, Max: 278.0, Diff: 0.6, Sum: 5000.1]
      [GC Worker End (ms): Min: 3838624.5, Avg: 3838624.6, Max: 3838624.8, Diff: 0.3]
   [Code Root Fixup: 0.0 ms]
   [Clear CT: 3.8 ms]
   [Other: 167.3 ms]
      [Choose CSet: 0.0 ms]
      [Ref Proc: 10.5 ms]
      [Ref Enq: 0.3 ms]
      [Free CSet: 2.1 ms]
   [Eden: 1526.0M(1562.0M)->0.0B(1576.0M) Survivors: 14.0M->0.0B Heap: 2127.4M(2252.0M)->1604.9M(2252.0M)]
 [Times: user=3.10 sys=0.09, real=0.45 secs] 

 Concurrent RS processed 2831529 cards
  Of 85278 completed buffers:
        85278 (100.0%) by conc RS threads.
            0 (  0.0%) by mutator threads.
  Conc RS threads times(s)
          0.00     0.00     0.00     0.00     0.00     0.00     0.00     0.00     0.00     0.00     0.00     0.00     0.00     0.00     0.00     0.00     0.00     0.00     0.00
  Total heap region rem set sizes = 5890K.  Max = 33K.
  Static structures = 369K, free_lists = 222K.
    356467 occupied cards represented.
    Max size region = 1:(O)[0x0000000763500000,0x00000007635ffff0,0x0000000763600000], size = 34K, occupied = 97K.
    Did 2841 coarsenings.
 3840.920: [G1Ergonomics (Concurrent Cycles) initiate concurrent cycle, reason: concurrent cycle initiation requested]
2014-08-01T10:00:20.477-0500: 3840.920: [GC pause (young) (initial-mark) 3840.921: [G1Ergonomics (CSet Construction) start choosing CSet, _pending_cards: 60945, predicted base time: 38.56 ms, remaining time: 61.44 ms, target pause time: 100.00 ms]
 3840.921: [G1Ergonomics (CSet Construction) add young regions to CSet, eden: 524 regions, survivors: 0 regions, predicted young region time: 7.82 ms]
 3840.921: [G1Ergonomics (CSet Construction) finish choosing CSet, eden: 524 regions, survivors: 0 regions, old: 0 regions, predicted pause time: 46.38 ms, target pause time: 100.00 ms]
 3840.922: [G1Ergonomics (Heap Sizing) attempt heap expansion, reason: region allocation request failed, allocation request: 92304 bytes]
 3840.922: [G1Ergonomics (Heap Sizing) expand the heap, requested expansion amount: 92304 bytes, attempted expansion amount: 1048576 bytes]
 3840.922: [G1Ergonomics (Heap Sizing) did not expand the heap, reason: heap expansion operation failed]
 (to-space exhausted), 0.1721590 secs]
   [Parallel Time: 93.6 ms, GC Workers: 18]
      [GC Worker Start (ms): Min: 3840921.0, Avg: 3840921.2, Max: 3840921.4, Diff: 0.3]
      [Ext Root Scanning (ms): Min: 4.8, Avg: 6.6, Max: 11.2, Diff: 6.4, Sum: 118.1]
      [Update RS (ms): Min: 0.8, Avg: 2.9, Max: 4.6, Diff: 3.8, Sum: 51.8]
         [Processed Buffers: Min: 11, Avg: 19.9, Max: 32, Diff: 21, Sum: 358]
      [Scan RS (ms): Min: 0.0, Avg: 0.3, Max: 0.5, Diff: 0.4, Sum: 6.1]
      [Object Copy (ms): Min: 78.3, Avg: 81.9, Max: 83.8, Diff: 5.5, Sum: 1474.1]
      [Termination (ms): Min: 0.0, Avg: 0.2, Max: 0.4, Diff: 0.4, Sum: 4.4]
      [GC Worker Other (ms): Min: 0.0, Avg: 0.1, Max: 0.2, Diff: 0.2, Sum: 1.3]
      [GC Worker Total (ms): Min: 91.8, Avg: 92.0, Max: 92.2, Diff: 0.4, Sum: 1655.9]
      [GC Worker End (ms): Min: 3841013.1, Avg: 3841013.2, Max: 3841013.3, Diff: 0.2]
   [Code Root Fixup: 0.0 ms]
   [Clear CT: 1.0 ms]
   [Other: 77.6 ms]
      [Choose CSet: 0.0 ms]
      [Ref Proc: 10.2 ms]
      [Ref Enq: 0.4 ms]
      [Free CSet: 1.1 ms]
   [Eden: 524.0M(1576.0M)->0.0B(1576.0M) Survivors: 0.0B->0.0B Heap: 2128.9M(2252.0M)->2011.9M(2252.0M)]
 [Times: user=1.36 sys=0.03, real=0.17 secs] 

 Concurrent RS processed 2854103 cards
  Of 86170 completed buffers:
        86170 (100.0%) by conc RS threads.
            0 (  0.0%) by mutator threads.
  Conc RS threads times(s)
          0.00     0.00     0.00     0.00     0.00     0.00     0.00     0.00     0.00     0.00     0.00     0.00     0.00     0.00     0.00     0.00     0.00     0.00     0.00
  Total heap region rem set sizes = 6446K.  Max = 124K.
  Static structures = 369K, free_lists = 148K.
    513420 occupied cards represented.
    Max size region = 1:(O)[0x0000000763500000,0x00000007635ffff0,0x0000000763600000], size = 125K, occupied = 222K.
    Did 2946 coarsenings.
2014-08-01T10:00:20.652-0500: 3841.095: [GC concurrent-root-region-scan-start]
2014-08-01T10:00:20.652-0500: 3841.095: [GC concurrent-root-region-scan-end, 0.0000570 secs]
2014-08-01T10:00:20.652-0500: 3841.095: [GC concurrent-mark-start]
2014-08-01T10:00:20.771-0500: 3841.214: [GC concurrent-mark-end, 0.1193120 secs]
2014-08-01T10:00:20.772-0500: 3841.215: [GC remark 2014-08-01T10:00:20.773-0500: 3841.216: [GC ref-proc, 0.0112600 secs], 0.0366820 secs]
 [Times: user=0.17 sys=0.01, real=0.04 secs] 
2014-08-01T10:00:20.810-0500: 3841.253: [GC cleanup 2062M->1585M(2252M), 0.0055420 secs]
 [Times: user=0.04 sys=0.00, real=0.01 secs] 
2014-08-01T10:00:20.816-0500: 3841.259: [GC concurrent-cleanup-start]
2014-08-01T10:00:20.818-0500: 3841.261: [GC concurrent-cleanup-end, 0.0022290 secs]
2014-08-01T10:00:23.688-0500: 3844.132: [GC pause (young) 3844.132: [G1Ergonomics (CSet Construction) start choosing CSet, _pending_cards: 67703, predicted base time: 40.46 ms, remaining time: 59.54 ms, target pause time: 100.00 ms]
 3844.132: [G1Ergonomics (CSet Construction) add young regions to CSet, eden: 712 regions, survivors: 0 regions, predicted young region time: 10.86 ms]
 3844.132: [G1Ergonomics (CSet Construction) finish choosing CSet, eden: 712 regions, survivors: 0 regions, old: 0 regions, predicted pause time: 51.33 ms, target pause time: 100.00 ms]
 3844.133: [G1Ergonomics (Heap Sizing) attempt heap expansion, reason: region allocation request failed, allocation request: 23072 bytes]
 3844.133: [G1Ergonomics (Heap Sizing) expand the heap, requested expansion amount: 23072 bytes, attempted expansion amount: 1048576 bytes]
 3844.133: [G1Ergonomics (Heap Sizing) did not expand the heap, reason: heap expansion operation failed]
 3844.331: [G1Ergonomics (Concurrent Cycles) do not request concurrent cycle initiation, reason: still doing mixed collections, occupancy: 2154823680 bytes, allocation request: 0 bytes, threshold: 1062626895 bytes (45.00 %), source: end of GC]
 3844.331: [G1Ergonomics (Mixed GCs) start mixed GCs, reason: candidate old regions available, candidate old regions: 1424 regions, reclaimable: 1470865408 bytes (62.29 %), threshold: 10.00 %]
 (to-space exhausted), 0.1993940 secs]
   [Parallel Time: 112.3 ms, GC Workers: 18]
      [GC Worker Start (ms): Min: 3844132.2, Avg: 3844132.4, Max: 3844132.5, Diff: 0.3]
      [Ext Root Scanning (ms): Min: 4.2, Avg: 6.9, Max: 10.5, Diff: 6.3, Sum: 124.5]
      [Update RS (ms): Min: 1.3, Avg: 4.0, Max: 6.9, Diff: 5.5, Sum: 72.6]
         [Processed Buffers: Min: 9, Avg: 21.8, Max: 42, Diff: 33, Sum: 392]
      [Scan RS (ms): Min: 0.1, Avg: 0.3, Max: 0.5, Diff: 0.5, Sum: 4.6]
      [Object Copy (ms): Min: 95.9, Avg: 97.4, Max: 100.4, Diff: 4.5, Sum: 1753.3]
      [Termination (ms): Min: 0.0, Avg: 2.9, Max: 3.4, Diff: 3.4, Sum: 53.1]
      [GC Worker Other (ms): Min: 0.0, Avg: 0.1, Max: 0.2, Diff: 0.2, Sum: 1.5]
      [GC Worker Total (ms): Min: 111.4, Avg: 111.7, Max: 111.8, Diff: 0.4, Sum: 2009.7]
      [GC Worker End (ms): Min: 3844243.9, Avg: 3844244.0, Max: 3844244.3, Diff: 0.4]
   [Code Root Fixup: 0.0 ms]
   [Clear CT: 1.0 ms]
   [Other: 86.1 ms]
      [Choose CSet: 0.0 ms]
      [Ref Proc: 7.7 ms]
      [Ref Enq: 0.5 ms]
      [Free CSet: 1.4 ms]
   [Eden: 712.0M(1576.0M)->0.0B(1576.0M) Survivors: 0.0B->0.0B Heap: 2246.9M(2252.0M)->2049.9M(2252.0M)]
 [Times: user=1.55 sys=0.03, real=0.20 secs] 

 Concurrent RS processed 2866306 cards
  Of 86687 completed buffers:
        86687 (100.0%) by conc RS threads.
            0 (  0.0%) by mutator threads.
  Conc RS threads times(s)
          0.00     0.00     0.00     0.00     0.00     0.00     0.00     0.00     0.00     0.00     0.00     0.00     0.00     0.00     0.00     0.00     0.00     0.00     0.00
  Total heap region rem set sizes = 7764K.  Max = 124K.
  Static structures = 369K, free_lists = 111K.
    970069 occupied cards represented.
    Max size region = 1:(O)[0x0000000763500000,0x00000007635ffff0,0x0000000763600000], size = 125K, occupied = 600K.
    Did 3207 coarsenings.
2014-08-01T10:00:24.613-0500: 3845.056: [GC pause (mixed) 3845.056: [G1Ergonomics (CSet Construction) start choosing CSet, _pending_cards: 71280, predicted base time: 41.47 ms, remaining time: 58.53 ms, target pause time: 100.00 ms]
 3845.056: [G1Ergonomics (CSet Construction) add young regions to CSet, eden: 197 regions, survivors: 0 regions, predicted young region time: 3.35 ms]
 3845.056: [G1Ergonomics (CSet Construction) finish adding old regions to CSet, reason: predicted time is too high, predicted time: 0.62 ms, remaining time: 0.00 ms, old: 178 regions, min: 178 regions]
 3845.056: [G1Ergonomics (CSet Construction) added expensive regions to CSet, reason: old CSet region num not reached min, old: 178 regions, expensive: 88 regions, min: 178 regions, remaining time: 0.00 ms]
 3845.056: [G1Ergonomics (CSet Construction) finish choosing CSet, eden: 197 regions, survivors: 0 regions, old: 178 regions, predicted pause time: 155.06 ms, target pause time: 100.00 ms]
 3845.058: [G1Ergonomics (Heap Sizing) attempt heap expansion, reason: region allocation request failed, allocation request: 5768 bytes]
 3845.058: [G1Ergonomics (Heap Sizing) expand the heap, requested expansion amount: 5768 bytes, attempted expansion amount: 1048576 bytes]
 3845.058: [G1Ergonomics (Heap Sizing) did not expand the heap, reason: heap expansion operation failed]
 3845.201: [G1Ergonomics (Concurrent Cycles) do not request concurrent cycle initiation, reason: still doing mixed collections, occupancy: 2338324480 bytes, allocation request: 0 bytes, threshold: 1062626895 bytes (45.00 %), source: end of GC]
 3845.201: [G1Ergonomics (Mixed GCs) continue mixed GCs, reason: candidate old regions available, candidate old regions: 1246 regions, reclaimable: 1284360864 bytes (54.39 %), threshold: 10.00 %]
 (to-space exhausted), 0.1448090 secs]
   [Parallel Time: 85.3 ms, GC Workers: 18]
      [GC Worker Start (ms): Min: 3845056.8, Avg: 3845056.9, Max: 3845057.1, Diff: 0.3]
      [Ext Root Scanning (ms): Min: 0.7, Avg: 6.4, Max: 9.2, Diff: 8.5, Sum: 114.7]
      [Update RS (ms): Min: 3.3, Avg: 4.9, Max: 6.7, Diff: 3.5, Sum: 87.7]
         [Processed Buffers: Min: 11, Avg: 21.9, Max: 32, Diff: 21, Sum: 395]
      [Scan RS (ms): Min: 0.0, Avg: 0.3, Max: 0.6, Diff: 0.5, Sum: 5.4]
      [Object Copy (ms): Min: 68.6, Avg: 72.5, Max: 80.4, Diff: 11.8, Sum: 1305.4]
      [Termination (ms): Min: 0.0, Avg: 0.8, Max: 2.6, Diff: 2.6, Sum: 14.0]
      [GC Worker Other (ms): Min: 0.0, Avg: 0.0, Max: 0.1, Diff: 0.0, Sum: 0.9]
      [GC Worker Total (ms): Min: 84.7, Avg: 84.9, Max: 85.1, Diff: 0.4, Sum: 1528.0]
      [GC Worker End (ms): Min: 3845141.8, Avg: 3845141.8, Max: 3845141.9, Diff: 0.1]
   [Code Root Fixup: 0.0 ms]
   [Clear CT: 1.0 ms]
   [Other: 58.5 ms]
      [Choose CSet: 0.2 ms]
      [Ref Proc: 5.0 ms]
      [Ref Enq: 0.4 ms]
      [Free CSet: 0.6 ms]
   [Eden: 197.0M(1576.0M)->0.0B(1576.0M) Survivors: 0.0B->0.0B Heap: 2246.9M(2252.0M)->2224.9M(2252.0M)]
 [Times: user=1.08 sys=0.01, real=0.14 secs] 

 Concurrent RS processed 2880335 cards
  Of 87262 completed buffers:
        87262 (100.0%) by conc RS threads.
            0 (  0.0%) by mutator threads.
  Conc RS threads times(s)
          0.00     0.00     0.00     0.00     0.00     0.00     0.00     0.00     0.00     0.00     0.00     0.00     0.00     0.00     0.00     0.00     0.00     0.00     0.00
  Total heap region rem set sizes = 8217K.  Max = 180K.
  Static structures = 369K, free_lists = 64K.
    1702058 occupied cards represented.
    Max size region = 2:(O)[0x0000000763600000,0x00000007636fffc0,0x0000000763700000], size = 181K, occupied = 410K.
    Did 3560 coarsenings.
2014-08-01T10:00:24.776-0500: 3845.220: [GC pause (mixed) 3845.220: [G1Ergonomics (CSet Construction) start choosing CSet, _pending_cards: 86228, predicted base time: 45.68 ms, remaining time: 54.32 ms, target pause time: 100.00 ms]
 3845.220: [G1Ergonomics (CSet Construction) add young regions to CSet, eden: 22 regions, survivors: 0 regions, predicted young region time: 1.46 ms]
 3845.220: [G1Ergonomics (CSet Construction) finish adding old regions to CSet, reason: predicted time is too high, predicted time: 0.62 ms, remaining time: 0.00 ms, old: 178 regions, min: 178 regions]
 3845.220: [G1Ergonomics (CSet Construction) added expensive regions to CSet, reason: old CSet region num not reached min, old: 178 regions, expensive: 93 regions, min: 178 regions, remaining time: 0.00 ms]
 3845.220: [G1Ergonomics (CSet Construction) finish choosing CSet, eden: 22 regions, survivors: 0 regions, old: 178 regions, predicted pause time: 156.85 ms, target pause time: 100.00 ms]
 3845.221: [G1Ergonomics (Heap Sizing) attempt heap expansion, reason: region allocation request failed, allocation request: 2048 bytes]
 3845.221: [G1Ergonomics (Heap Sizing) expand the heap, requested expansion amount: 2048 bytes, attempted expansion amount: 1048576 bytes]
 3845.221: [G1Ergonomics (Heap Sizing) did not expand the heap, reason: heap expansion operation failed]
 3845.272: [G1Ergonomics (Concurrent Cycles) do not request concurrent cycle initiation, reason: still doing mixed collections, occupancy: 2215641088 bytes, allocation request: 0 bytes, threshold: 1062626895 bytes (45.00 %), source: end of GC]
 3845.272: [G1Ergonomics (Mixed GCs) continue mixed GCs, reason: candidate old regions available, candidate old regions: 1068 regions, reclaimable: 1097887888 bytes (46.49 %), threshold: 10.00 %]
 (to-space exhausted), 0.0521600 secs]
   [Parallel Time: 32.9 ms, GC Workers: 18]
      [GC Worker Start (ms): Min: 3845220.4, Avg: 3845220.6, Max: 3845220.7, Diff: 0.3]
      [Ext Root Scanning (ms): Min: 0.7, Avg: 6.9, Max: 11.1, Diff: 10.3, Sum: 124.9]
      [Update RS (ms): Min: 0.0, Avg: 6.2, Max: 9.4, Diff: 9.4, Sum: 111.9]
         [Processed Buffers: Min: 0, Avg: 20.9, Max: 35, Diff: 35, Sum: 377]
      [Scan RS (ms): Min: 0.0, Avg: 0.2, Max: 0.9, Diff: 0.9, Sum: 4.0]
      [Object Copy (ms): Min: 14.4, Avg: 18.9, Max: 31.6, Diff: 17.2, Sum: 340.1]
      [Termination (ms): Min: 0.0, Avg: 0.2, Max: 0.4, Diff: 0.4, Sum: 3.6]
      [GC Worker Other (ms): Min: 0.0, Avg: 0.0, Max: 0.1, Diff: 0.0, Sum: 0.6]
      [GC Worker Total (ms): Min: 32.4, Avg: 32.5, Max: 32.7, Diff: 0.3, Sum: 585.1]
      [GC Worker End (ms): Min: 3845253.0, Avg: 3845253.1, Max: 3845253.1, Diff: 0.1]
   [Code Root Fixup: 0.0 ms]
   [Clear CT: 0.7 ms]
   [Other: 18.5 ms]
      [Choose CSet: 0.3 ms]
      [Ref Proc: 4.5 ms]
      [Ref Enq: 0.5 ms]
      [Free CSet: 1.4 ms]
   [Eden: 22.0M(1576.0M)->0.0B(1576.0M) Survivors: 0.0B->0.0B Heap: 2246.9M(2252.0M)->2107.9M(2252.0M)]
 [Times: user=0.40 sys=0.01, real=0.05 secs] 

 Concurrent RS processed 2889879 cards
  Of 87639 completed buffers:
        87639 (100.0%) by conc RS threads.
            0 (  0.0%) by mutator threads.
  Conc RS threads times(s)
          0.00     0.00     0.00     0.00     0.00     0.00     0.00     0.00     0.00     0.00     0.00     0.00     0.00     0.00     0.00     0.00     0.00     0.00     0.00
  Total heap region rem set sizes = 8423K.  Max = 180K.
  Static structures = 369K, free_lists = 32K.
    2330503 occupied cards represented.
    Max size region = 2:(O)[0x0000000763600000,0x00000007636fffc0,0x0000000763700000], size = 181K, occupied = 630K.
    Did 3872 coarsenings.
2014-08-01T10:00:25.500-0500: 3845.943: [GC pause (mixed) 3845.944: [G1Ergonomics (CSet Construction) start choosing CSet, _pending_cards: 44275, predicted base time: 33.87 ms, remaining time: 66.13 ms, target pause time: 100.00 ms]
 3845.944: [G1Ergonomics (CSet Construction) add young regions to CSet, eden: 139 regions, survivors: 0 regions, predicted young region time: 1.34 ms]
 3845.944: [G1Ergonomics (CSet Construction) finish adding old regions to CSet, reason: predicted time is too high, predicted time: 0.63 ms, remaining time: 0.00 ms, old: 178 regions, min: 178 regions]
 3845.944: [G1Ergonomics (CSet Construction) added expensive regions to CSet, reason: old CSet region num not reached min, old: 178 regions, expensive: 76 regions, min: 178 regions, remaining time: 0.00 ms]
 3845.944: [G1Ergonomics (CSet Construction) finish choosing CSet, eden: 139 regions, survivors: 0 regions, old: 178 regions, predicted pause time: 152.97 ms, target pause time: 100.00 ms]
 3845.945: [G1Ergonomics (Heap Sizing) attempt heap expansion, reason: region allocation request failed, allocation request: 2048 bytes]
 3845.945: [G1Ergonomics (Heap Sizing) expand the heap, requested expansion amount: 2048 bytes, attempted expansion amount: 1048576 bytes]
 3845.945: [G1Ergonomics (Heap Sizing) did not expand the heap, reason: heap expansion operation failed]
 3846.077: [G1Ergonomics (Concurrent Cycles) do not request concurrent cycle initiation, reason: still doing mixed collections, occupancy: 2280652800 bytes, allocation request: 0 bytes, threshold: 1062626895 bytes (45.00 %), source: end of GC]
 3846.077: [G1Ergonomics (Mixed GCs) continue mixed GCs, reason: candidate old regions available, candidate old regions: 890 regions, reclaimable: 911731192 bytes (38.61 %), threshold: 10.00 %]
 (to-space exhausted), 0.1336900 secs]
   [Parallel Time: 83.6 ms, GC Workers: 18]
      [GC Worker Start (ms): Min: 3845944.2, Avg: 3845944.4, Max: 3845944.7, Diff: 0.5]
      [Ext Root Scanning (ms): Min: 4.2, Avg: 6.2, Max: 11.1, Diff: 6.9, Sum: 111.7]
      [Update RS (ms): Min: 0.0, Avg: 2.1, Max: 3.5, Diff: 3.5, Sum: 37.1]
         [Processed Buffers: Min: 0, Avg: 16.5, Max: 32, Diff: 32, Sum: 297]
      [Scan RS (ms): Min: 0.0, Avg: 0.3, Max: 0.4, Diff: 0.4, Sum: 5.2]
      [Object Copy (ms): Min: 71.5, Avg: 74.3, Max: 76.3, Diff: 4.8, Sum: 1336.9]
      [Termination (ms): Min: 0.0, Avg: 0.2, Max: 0.4, Diff: 0.4, Sum: 3.7]
      [GC Worker Other (ms): Min: 0.0, Avg: 0.0, Max: 0.1, Diff: 0.1, Sum: 0.9]
      [GC Worker Total (ms): Min: 82.7, Avg: 83.1, Max: 83.3, Diff: 0.6, Sum: 1495.6]
      [GC Worker End (ms): Min: 3846027.4, Avg: 3846027.5, Max: 3846027.5, Diff: 0.1]
   [Code Root Fixup: 0.0 ms]
   [Clear CT: 0.9 ms]
   [Other: 49.2 ms]
      [Choose CSet: 0.3 ms]
      [Ref Proc: 6.3 ms]
      [Ref Enq: 0.5 ms]
      [Free CSet: 1.1 ms]
   [Eden: 139.0M(1576.0M)->0.0B(1576.0M) Survivors: 0.0B->0.0B Heap: 2246.9M(2252.0M)->2169.9M(2252.0M)]
 [Times: user=0.85 sys=0.02, real=0.14 secs] 

 Concurrent RS processed 2894560 cards
  Of 87936 completed buffers:
        87936 (100.0%) by conc RS threads.
            0 (  0.0%) by mutator threads.
  Conc RS threads times(s)
          0.00     0.00     0.00     0.00     0.00     0.00     0.00     0.00     0.00     0.00     0.00     0.00     0.00     0.00     0.00     0.00     0.00     0.00     0.00
  Total heap region rem set sizes = 8462K.  Max = 180K.
  Static structures = 369K, free_lists = 26K.
    2446518 occupied cards represented.
    Max size region = 2:(O)[0x0000000763600000,0x00000007636fffc0,0x0000000763700000], size = 181K, occupied = 668K.
    Did 3928 coarsenings.
2014-08-01T10:00:25.897-0500: 3846.340: [GC pause (mixed) 3846.340: [G1Ergonomics (CSet Construction) start choosing CSet, _pending_cards: 84372, predicted base time: 45.15 ms, remaining time: 54.85 ms, target pause time: 100.00 ms]
 3846.340: [G1Ergonomics (CSet Construction) add young regions to CSet, eden: 77 regions, survivors: 0 regions, predicted young region time: 1.12 ms]
 3846.340: [G1Ergonomics (CSet Construction) finish adding old regions to CSet, reason: predicted time is too high, predicted time: 0.65 ms, remaining time: 0.00 ms, old: 178 regions, min: 178 regions]
 3846.340: [G1Ergonomics (CSet Construction) added expensive regions to CSet, reason: old CSet region num not reached min, old: 178 regions, expensive: 94 regions, min: 178 regions, remaining time: 0.00 ms]
 3846.340: [G1Ergonomics (CSet Construction) finish choosing CSet, eden: 77 regions, survivors: 0 regions, old: 178 regions, predicted pause time: 166.18 ms, target pause time: 100.00 ms]
 3846.342: [G1Ergonomics (Heap Sizing) attempt heap expansion, reason: region allocation request failed, allocation request: 2048 bytes]
 3846.342: [G1Ergonomics (Heap Sizing) expand the heap, requested expansion amount: 2048 bytes, attempted expansion amount: 1048576 bytes]
 3846.342: [G1Ergonomics (Heap Sizing) did not expand the heap, reason: heap expansion operation failed]
 3846.451: [G1Ergonomics (Concurrent Cycles) do not request concurrent cycle initiation, reason: still doing mixed collections, occupancy: 2334130176 bytes, allocation request: 0 bytes, threshold: 1062626895 bytes (45.00 %), source: end of GC]
 3846.451: [G1Ergonomics (Mixed GCs) continue mixed GCs, reason: candidate old regions available, candidate old regions: 712 regions, reclaimable: 725495408 bytes (30.72 %), threshold: 10.00 %]
 (to-space exhausted), 0.1107690 secs]
   [Parallel Time: 68.3 ms, GC Workers: 18]
      [GC Worker Start (ms): Min: 3846340.6, Avg: 3846340.8, Max: 3846341.0, Diff: 0.4]
      [Ext Root Scanning (ms): Min: 1.7, Avg: 6.7, Max: 12.0, Diff: 10.3, Sum: 121.0]
      [Update RS (ms): Min: 1.8, Avg: 4.3, Max: 6.0, Diff: 4.2, Sum: 78.3]
         [Processed Buffers: Min: 8, Avg: 23.8, Max: 36, Diff: 28, Sum: 428]
      [Scan RS (ms): Min: 0.3, Avg: 0.3, Max: 0.5, Diff: 0.2, Sum: 5.8]
      [Object Copy (ms): Min: 51.6, Avg: 54.5, Max: 57.9, Diff: 6.3, Sum: 981.9]
      [Termination (ms): Min: 0.0, Avg: 1.8, Max: 2.2, Diff: 2.2, Sum: 32.5]
      [GC Worker Other (ms): Min: 0.0, Avg: 0.0, Max: 0.0, Diff: 0.0, Sum: 0.5]
      [GC Worker Total (ms): Min: 67.6, Avg: 67.8, Max: 68.0, Diff: 0.4, Sum: 1219.9]
      [GC Worker End (ms): Min: 3846408.5, Avg: 3846408.6, Max: 3846408.6, Diff: 0.1]
   [Code Root Fixup: 0.0 ms]
   [Clear CT: 0.9 ms]
   [Other: 41.7 ms]
      [Choose CSet: 0.3 ms]
      [Ref Proc: 6.1 ms]
      [Ref Enq: 0.5 ms]
      [Free CSet: 0.6 ms]
   [Eden: 77.0M(1576.0M)->0.0B(1576.0M) Survivors: 0.0B->0.0B Heap: 2246.9M(2252.0M)->2220.9M(2252.0M)]
 [Times: user=0.83 sys=0.02, real=0.11 secs] 

 Concurrent RS processed 2902693 cards
  Of 88364 completed buffers:
        88364 (100.0%) by conc RS threads.
            0 (  0.0%) by mutator threads.
  Conc RS threads times(s)
          0.00     0.00     0.00     0.00     0.00     0.00     0.00     0.00     0.00     0.00     0.00     0.00     0.00     0.00     0.00     0.00     0.00     0.00     0.00
  Total heap region rem set sizes = 8599K.  Max = 180K.
  Static structures = 369K, free_lists = 3K.
    3098250 occupied cards represented.
    Max size region = 2:(O)[0x0000000763600000,0x00000007636fffc0,0x0000000763700000], size = 181K, occupied = 858K.
    Did 4248 coarsenings.
2014-08-01T10:00:26.100-0500: 3846.544: [GC pause (mixed) 3846.544: [G1Ergonomics (CSet Construction) start choosing CSet, _pending_cards: 61424, predicted base time: 38.70 ms, remaining time: 61.30 ms, target pause time: 100.00 ms]
 3846.544: [G1Ergonomics (CSet Construction) add young regions to CSet, eden: 26 regions, survivors: 0 regions, predicted young region time: 0.39 ms]
 3846.544: [G1Ergonomics (CSet Construction) finish adding old regions to CSet, reason: predicted time is too high, predicted time: 0.67 ms, remaining time: 0.00 ms, old: 178 regions, min: 178 regions]
 3846.544: [G1Ergonomics (CSet Construction) added expensive regions to CSet, reason: old CSet region num not reached min, old: 178 regions, expensive: 91 regions, min: 178 regions, remaining time: 0.00 ms]
 3846.544: [G1Ergonomics (CSet Construction) finish choosing CSet, eden: 26 regions, survivors: 0 regions, old: 178 regions, predicted pause time: 161.37 ms, target pause time: 100.00 ms]
 3846.545: [G1Ergonomics (Heap Sizing) attempt heap expansion, reason: region allocation request failed, allocation request: 2048 bytes]
 3846.545: [G1Ergonomics (Heap Sizing) expand the heap, requested expansion amount: 2048 bytes, attempted expansion amount: 1048576 bytes]
 3846.545: [G1Ergonomics (Heap Sizing) did not expand the heap, reason: heap expansion operation failed]
 3846.614: [G1Ergonomics (Concurrent Cycles) do not request concurrent cycle initiation, reason: still doing mixed collections, occupancy: 2359296000 bytes, allocation request: 0 bytes, threshold: 1062626895 bytes (45.00 %), source: end of GC]
 3846.614: [G1Ergonomics (Mixed GCs) continue mixed GCs, reason: candidate old regions available, candidate old regions: 534 regions, reclaimable: 539393088 bytes (22.84 %), threshold: 10.00 %]
 (to-space exhausted), 0.0701650 secs]
   [Parallel Time: 33.8 ms, GC Workers: 18]
      [GC Worker Start (ms): Min: 3846544.3, Avg: 3846544.5, Max: 3846544.7, Diff: 0.5]
      [Ext Root Scanning (ms): Min: 5.9, Avg: 7.0, Max: 11.3, Diff: 5.4, Sum: 126.8]
      [Update RS (ms): Min: 0.8, Avg: 3.7, Max: 4.6, Diff: 3.8, Sum: 67.2]
         [Processed Buffers: Min: 8, Avg: 17.2, Max: 30, Diff: 22, Sum: 309]
      [Scan RS (ms): Min: 0.0, Avg: 0.4, Max: 0.9, Diff: 0.9, Sum: 6.8]
      [Object Copy (ms): Min: 21.0, Avg: 22.0, Max: 22.8, Diff: 1.8, Sum: 396.4]
      [Termination (ms): Min: 0.0, Avg: 0.2, Max: 0.3, Diff: 0.3, Sum: 2.7]
      [GC Worker Other (ms): Min: 0.0, Avg: 0.0, Max: 0.1, Diff: 0.0, Sum: 0.6]
      [GC Worker Total (ms): Min: 33.1, Avg: 33.4, Max: 33.6, Diff: 0.5, Sum: 600.4]
      [GC Worker End (ms): Min: 3846577.8, Avg: 3846577.9, Max: 3846577.9, Diff: 0.1]
   [Code Root Fixup: 0.0 ms]
   [Clear CT: 1.0 ms]
   [Other: 35.3 ms]
      [Choose CSet: 0.3 ms]
      [Ref Proc: 5.9 ms]
      [Ref Enq: 0.5 ms]
      [Free CSet: 0.3 ms]
   [Eden: 26.0M(1576.0M)->0.0B(1576.0M) Survivors: 0.0B->0.0B Heap: 2246.9M(2252.0M)->2244.9M(2252.0M)]
 [Times: user=0.68 sys=0.02, real=0.07 secs] 

 Concurrent RS processed 2909209 cards
  Of 88673 completed buffers:
        88673 (100.0%) by conc RS threads.
            0 (  0.0%) by mutator threads.
  Conc RS threads times(s)
          0.00     0.00     0.00     0.00     0.00     0.00     0.00     0.00     0.00     0.00     0.00     0.00     0.00     0.00     0.00     0.00     0.00     0.00     0.00
  Total heap region rem set sizes = 8724K.  Max = 180K.
  Static structures = 369K, free_lists = 0K.
    3502913 occupied cards represented.
    Max size region = 2:(O)[0x0000000763600000,0x00000007636fffc0,0x0000000763700000], size = 181K, occupied = 982K.
    Did 4444 coarsenings.
2014-08-01T10:00:26.177-0500: 3846.621: [GC pause (mixed) 3846.621: [G1Ergonomics (CSet Construction) start choosing CSet, _pending_cards: 27012, predicted base time: 29.02 ms, remaining time: 70.98 ms, target pause time: 100.00 ms]
 3846.621: [G1Ergonomics (CSet Construction) add young regions to CSet, eden: 2 regions, survivors: 0 regions, predicted young region time: 0.05 ms]
 3846.621: [G1Ergonomics (CSet Construction) finish adding old regions to CSet, reason: predicted time is too high, predicted time: 0.71 ms, remaining time: 0.00 ms, old: 178 regions, min: 178 regions]
 3846.621: [G1Ergonomics (CSet Construction) added expensive regions to CSet, reason: old CSet region num not reached min, old: 178 regions, expensive: 82 regions, min: 178 regions, remaining time: 0.00 ms]
 3846.621: [G1Ergonomics (CSet Construction) finish choosing CSet, eden: 2 regions, survivors: 0 regions, old: 178 regions, predicted pause time: 162.08 ms, target pause time: 100.00 ms]
 3846.622: [G1Ergonomics (Heap Sizing) attempt heap expansion, reason: region allocation request failed, allocation request: 2048 bytes]
 3846.622: [G1Ergonomics (Heap Sizing) expand the heap, requested expansion amount: 2048 bytes, attempted expansion amount: 1048576 bytes]
 3846.622: [G1Ergonomics (Heap Sizing) did not expand the heap, reason: heap expansion operation failed]
 3846.694: [G1Ergonomics (Concurrent Cycles) do not request concurrent cycle initiation, reason: still doing mixed collections, occupancy: 2359296000 bytes, allocation request: 0 bytes, threshold: 1062626895 bytes (45.00 %), source: end of GC]
 3846.694: [G1Ergonomics (Mixed GCs) continue mixed GCs, reason: candidate old regions available, candidate old regions: 356 regions, reclaimable: 354108928 bytes (15.00 %), threshold: 10.00 %]
 (to-space exhausted), 0.0733340 secs]
   [Parallel Time: 31.1 ms, GC Workers: 18]
      [GC Worker Start (ms): Min: 3846621.2, Avg: 3846621.3, Max: 3846621.5, Diff: 0.3]
      [Ext Root Scanning (ms): Min: 1.5, Avg: 8.3, Max: 12.8, Diff: 11.3, Sum: 149.8]
      [Update RS (ms): Min: 0.0, Avg: 1.6, Max: 2.9, Diff: 2.9, Sum: 29.6]
         [Processed Buffers: Min: 0, Avg: 6.8, Max: 18, Diff: 18, Sum: 123]
      [Scan RS (ms): Min: 0.0, Avg: 0.4, Max: 0.5, Diff: 0.5, Sum: 7.6]
      [Object Copy (ms): Min: 17.1, Avg: 19.8, Max: 25.7, Diff: 8.5, Sum: 356.9]
      [Termination (ms): Min: 0.0, Avg: 0.4, Max: 0.6, Diff: 0.6, Sum: 8.0]
      [GC Worker Other (ms): Min: 0.0, Avg: 0.0, Max: 0.0, Diff: 0.0, Sum: 0.5]
      [GC Worker Total (ms): Min: 30.5, Avg: 30.7, Max: 30.8, Diff: 0.3, Sum: 552.5]
      [GC Worker End (ms): Min: 3846652.0, Avg: 3846652.0, Max: 3846652.1, Diff: 0.1]
   [Code Root Fixup: 0.0 ms]
   [Clear CT: 0.9 ms]
   [Other: 41.4 ms]
      [Choose CSet: 0.2 ms]
      [Ref Proc: 8.2 ms]
      [Ref Enq: 0.4 ms]
      [Free CSet: 0.4 ms]
   [Eden: 2048.0K(1576.0M)->0.0B(1576.0M) Survivors: 0.0B->0.0B Heap: 2246.9M(2252.0M)->2244.9M(2252.0M)]
 [Times: user=0.65 sys=0.02, real=0.07 secs] 

 Concurrent RS processed 2912366 cards
  Of 88796 completed buffers:
        88796 (100.0%) by conc RS threads.
            0 (  0.0%) by mutator threads.
  Conc RS threads times(s)
          0.00     0.00     0.00     0.00     0.00     0.00     0.00     0.00     0.00     0.00     0.00     0.00     0.00     0.00     0.00     0.00     0.00     0.00     0.00
  Total heap region rem set sizes = 8760K.  Max = 180K.
  Static structures = 369K, free_lists = 0K.
    3641448 occupied cards represented.
    Max size region = 2:(O)[0x0000000763600000,0x00000007636fffc0,0x0000000763700000], size = 181K, occupied = 1022K.
    Did 4511 coarsenings.
2014-08-01T10:00:26.256-0500: 3846.700: [GC pause (mixed) 3846.700: [G1Ergonomics (CSet Construction) start choosing CSet, _pending_cards: 23161, predicted base time: 27.94 ms, remaining time: 72.06 ms, target pause time: 100.00 ms]
 3846.700: [G1Ergonomics (CSet Construction) add young regions to CSet, eden: 2 regions, survivors: 0 regions, predicted young region time: 0.04 ms]
 3846.700: [G1Ergonomics (CSet Construction) finish adding old regions to CSet, reason: reclaimable percentage not over threshold, old: 114 regions, max: 226 regions, reclaimable: 235327856 bytes (9.97 %), threshold: 10.00 %]
 3846.700: [G1Ergonomics (CSet Construction) added expensive regions to CSet, reason: old CSet region num not reached min, old: 114 regions, expensive: 19 regions, min: 178 regions, remaining time: 0.00 ms]
 3846.700: [G1Ergonomics (CSet Construction) finish choosing CSet, eden: 2 regions, survivors: 0 regions, old: 114 regions, predicted pause time: 115.41 ms, target pause time: 100.00 ms]
 3846.701: [G1Ergonomics (Heap Sizing) attempt heap expansion, reason: region allocation request failed, allocation request: 2048 bytes]
 3846.701: [G1Ergonomics (Heap Sizing) expand the heap, requested expansion amount: 2048 bytes, attempted expansion amount: 1048576 bytes]
 3846.701: [G1Ergonomics (Heap Sizing) did not expand the heap, reason: heap expansion operation failed]
 3846.759: [G1Ergonomics (Concurrent Cycles) do not request concurrent cycle initiation, reason: still doing mixed collections, occupancy: 2360344576 bytes, allocation request: 0 bytes, threshold: 1062626895 bytes (45.00 %), source: end of GC]
 3846.759: [G1Ergonomics (Mixed GCs) do not continue mixed GCs, reason: reclaimable percentage not over threshold, candidate old regions: 242 regions, reclaimable: 235327856 bytes (9.97 %), threshold: 10.00 %]
 (to-space exhausted), 0.0596090 secs]
   [Parallel Time: 29.8 ms, GC Workers: 18]
      [GC Worker Start (ms): Min: 3846700.2, Avg: 3846700.6, Max: 3846701.1, Diff: 0.9]
      [Ext Root Scanning (ms): Min: 2.9, Avg: 6.8, Max: 11.5, Diff: 8.6, Sum: 123.0]
      [Update RS (ms): Min: 0.0, Avg: 1.5, Max: 2.9, Diff: 2.9, Sum: 27.2]
         [Processed Buffers: Min: 0, Avg: 6.1, Max: 28, Diff: 28, Sum: 110]
      [Scan RS (ms): Min: 0.0, Avg: 0.3, Max: 0.4, Diff: 0.4, Sum: 5.3]
      [Object Copy (ms): Min: 15.7, Avg: 19.6, Max: 22.4, Diff: 6.6, Sum: 353.1]
      [Termination (ms): Min: 0.0, Avg: 0.9, Max: 1.2, Diff: 1.2, Sum: 16.8]
      [GC Worker Other (ms): Min: 0.0, Avg: 0.0, Max: 0.1, Diff: 0.0, Sum: 0.5]
      [GC Worker Total (ms): Min: 28.7, Avg: 29.2, Max: 29.6, Diff: 0.9, Sum: 525.8]
      [GC Worker End (ms): Min: 3846729.7, Avg: 3846729.8, Max: 3846729.8, Diff: 0.1]
   [Code Root Fixup: 0.0 ms]
   [Clear CT: 0.8 ms]
   [Other: 29.0 ms]
      [Choose CSet: 0.2 ms]
      [Ref Proc: 8.4 ms]
      [Ref Enq: 0.4 ms]
      [Free CSet: 0.2 ms]
   [Eden: 2048.0K(1576.0M)->0.0B(1576.0M) Survivors: 0.0B->0.0B Heap: 2246.9M(2252.0M)->2245.9M(2252.0M)]
 [Times: user=0.51 sys=0.01, real=0.06 secs] 

 Concurrent RS processed 2915689 cards
  Of 88906 completed buffers:
        88906 (100.0%) by conc RS threads.
            0 (  0.0%) by mutator threads.
  Conc RS threads times(s)
          0.00     0.00     0.00     0.00     0.00     0.00     0.00     0.00     0.00     0.00     0.00     0.00     0.00     0.00     0.00     0.00     0.00     0.00     0.00
  Total heap region rem set sizes = 8772K.  Max = 180K.
  Static structures = 369K, free_lists = 0K.
    3646757 occupied cards represented.
    Max size region = 2:(O)[0x0000000763600000,0x00000007636fffc0,0x0000000763700000], size = 181K, occupied = 1024K.
    Did 4513 coarsenings.
2014-08-01T10:00:26.321-0500: 3846.764: [GC pause (young) 3846.764: [G1Ergonomics (CSet Construction) start choosing CSet, _pending_cards: 20805, predicted base time: 27.27 ms, remaining time: 72.73 ms, target pause time: 100.00 ms]
 3846.764: [G1Ergonomics (CSet Construction) add young regions to CSet, eden: 1 regions, survivors: 0 regions, predicted young region time: 0.02 ms]
 3846.764: [G1Ergonomics (CSet Construction) finish choosing CSet, eden: 1 regions, survivors: 0 regions, old: 0 regions, predicted pause time: 27.29 ms, target pause time: 100.00 ms]
 3846.765: [G1Ergonomics (Heap Sizing) attempt heap expansion, reason: region allocation request failed, allocation request: 2048 bytes]
 3846.765: [G1Ergonomics (Heap Sizing) expand the heap, requested expansion amount: 2048 bytes, attempted expansion amount: 1048576 bytes]
 3846.765: [G1Ergonomics (Heap Sizing) did not expand the heap, reason: heap expansion operation failed]
 3846.791: [G1Ergonomics (Concurrent Cycles) request concurrent cycle initiation, reason: occupancy higher than threshold, occupancy: 2361393152 bytes, allocation request: 0 bytes, threshold: 1062626895 bytes (45.00 %), source: end of GC]
 (to-space exhausted), 0.0270960 secs]
   [Parallel Time: 15.3 ms, GC Workers: 18]
      [GC Worker Start (ms): Min: 3846764.4, Avg: 3846764.6, Max: 3846764.8, Diff: 0.3]
      [Ext Root Scanning (ms): Min: 2.4, Avg: 7.3, Max: 12.3, Diff: 10.0, Sum: 130.8]
      [Update RS (ms): Min: 0.0, Avg: 1.1, Max: 2.6, Diff: 2.6, Sum: 19.7]
         [Processed Buffers: Min: 0, Avg: 5.2, Max: 23, Diff: 23, Sum: 93]
      [Scan RS (ms): Min: 0.0, Avg: 0.0, Max: 0.0, Diff: 0.0, Sum: 0.0]
      [Object Copy (ms): Min: 1.2, Avg: 5.7, Max: 10.9, Diff: 9.7, Sum: 103.0]
      [Termination (ms): Min: 0.0, Avg: 0.6, Max: 0.9, Diff: 0.9, Sum: 10.5]
      [GC Worker Other (ms): Min: 0.0, Avg: 0.0, Max: 0.0, Diff: 0.0, Sum: 0.5]
      [GC Worker Total (ms): Min: 14.5, Avg: 14.7, Max: 14.9, Diff: 0.3, Sum: 264.4]
      [GC Worker End (ms): Min: 3846779.3, Avg: 3846779.3, Max: 3846779.4, Diff: 0.1]
   [Code Root Fixup: 0.0 ms]
   [Clear CT: 0.4 ms]
   [Other: 11.4 ms]
      [Choose CSet: 0.0 ms]
      [Ref Proc: 8.3 ms]
      [Ref Enq: 0.4 ms]
      [Free CSet: 0.2 ms]
   [Eden: 1024.0K(1576.0M)->0.0B(1576.0M) Survivors: 0.0B->0.0B Heap: 2246.9M(2252.0M)->2246.9M(2252.0M)]
 [Times: user=0.22 sys=0.01, real=0.03 secs] 

 Concurrent RS processed 2918009 cards
  Of 88999 completed buffers:
        88999 (100.0%) by conc RS threads.
            0 (  0.0%) by mutator threads.
  Conc RS threads times(s)
          0.00     0.00     0.00     0.00     0.00     0.00     0.00     0.00     0.00     0.00     0.00     0.00     0.00     0.00     0.00     0.00     0.00     0.00     0.00
  Total heap region rem set sizes = 8778K.  Max = 180K.
  Static structures = 369K, free_lists = 0K.
    3659816 occupied cards represented.
    Max size region = 2:(O)[0x0000000763600000,0x00000007636fffc0,0x0000000763700000], size = 181K, occupied = 1028K.
    Did 4519 coarsenings.
 3846.796: [G1Ergonomics (Heap Sizing) attempt heap expansion, reason: allocation request failed, allocation request: 78232 bytes]
 3846.796: [G1Ergonomics (Heap Sizing) expand the heap, requested expansion amount: 1048576 bytes, attempted expansion amount: 1048576 bytes]
 3846.796: [G1Ergonomics (Heap Sizing) did not expand the heap, reason: heap expansion operation failed]
2014-08-01T10:00:26.352-0500: 3846.796: [Full GC 2246M->126M(2252M), 0.9030310 secs]
   [Eden: 0.0B(1576.0M)->0.0B(1801.0M) Survivors: 0.0B->0.0B Heap: 2246.9M(2252.0M)->126.5M(2252.0M)]
 [Times: user=1.16 sys=0.00, real=0.90 secs] 
2014-08-01T10:00:34.792-0500: 3855.236: [GC pause (young) 3855.236: [G1Ergonomics (CSet Construction) start choosing CSet, _pending_cards: 5468, predicted base time: 22.96 ms, remaining time: 77.04 ms, target pause time: 100.00 ms]
 3855.236: [G1Ergonomics (CSet Construction) add young regions to CSet, eden: 1801 regions, survivors: 0 regions, predicted young region time: 5.93 ms]
 3855.236: [G1Ergonomics (CSet Construction) finish choosing CSet, eden: 1801 regions, survivors: 0 regions, old: 0 regions, predicted pause time: 28.89 ms, target pause time: 100.00 ms]
, 0.0279920 secs]
   [Parallel Time: 10.8 ms, GC Workers: 18]
      [GC Worker Start (ms): Min: 3855236.3, Avg: 3855236.5, Max: 3855236.6, Diff: 0.3]
      [Ext Root Scanning (ms): Min: 5.6, Avg: 6.0, Max: 8.6, Diff: 3.0, Sum: 108.4]
      [Update RS (ms): Min: 0.0, Avg: 0.8, Max: 1.4, Diff: 1.4, Sum: 15.1]
         [Processed Buffers: Min: 0, Avg: 9.3, Max: 30, Diff: 30, Sum: 167]
      [Scan RS (ms): Min: 0.1, Avg: 0.5, Max: 0.7, Diff: 0.6, Sum: 8.4]
      [Object Copy (ms): Min: 1.7, Avg: 2.6, Max: 3.5, Diff: 1.8, Sum: 47.5]
      [Termination (ms): Min: 0.0, Avg: 0.4, Max: 0.5, Diff: 0.5, Sum: 6.6]
      [GC Worker Other (ms): Min: 0.0, Avg: 0.1, Max: 0.2, Diff: 0.2, Sum: 2.0]
      [GC Worker Total (ms): Min: 10.3, Avg: 10.4, Max: 10.6, Diff: 0.3, Sum: 188.0]
      [GC Worker End (ms): Min: 3855246.8, Avg: 3855246.9, Max: 3855247.0, Diff: 0.2]
   [Code Root Fixup: 0.0 ms]
   [Clear CT: 2.7 ms]
   [Other: 14.4 ms]
      [Choose CSet: 0.0 ms]
      [Ref Proc: 7.9 ms]
      [Ref Enq: 0.6 ms]
      [Free CSet: 5.2 ms]
   [Eden: 1801.0M(1801.0M)->0.0B(1793.0M) Survivors: 0.0B->8192.0K Heap: 1927.5M(2252.0M)->133.8M(2252.0M)]
 [Times: user=0.27 sys=0.00, real=0.03 secs] 

 Concurrent RS processed 2921132 cards
  Of 89166 completed buffers:
        89166 (100.0%) by conc RS threads.
            0 (  0.0%) by mutator threads.
  Conc RS threads times(s)
          0.00     0.00     0.00     0.00     0.00     0.00     0.00     0.00     0.00     0.00     0.00     0.00     0.00     0.00     0.00     0.00     0.00     0.00     0.00
  Total heap region rem set sizes = 6748K.  Max = 31K.
  Static structures = 369K, free_lists = 297K.
    345357 occupied cards represented.
    Max size region = 0:(O)[0x0000000763400000,0x00000007634ffff0,0x0000000763500000], size = 32K, occupied = 94K.
    Did 4519 coarsenings.
2014-08-01T10:00:41.725-0500: 3862.168: [GC pause (young) 3862.168: [G1Ergonomics (CSet Construction) start choosing CSet, _pending_cards: 5800, predicted base time: 22.34 ms, remaining time: 77.66 ms, target pause time: 100.00 ms]
 3862.169: [G1Ergonomics (CSet Construction) add young regions to CSet, eden: 1793 regions, survivors: 8 regions, predicted young region time: 10.44 ms]
 3862.169: [G1Ergonomics (CSet Construction) finish choosing CSet, eden: 1793 regions, survivors: 8 regions, old: 0 regions, predicted pause time: 32.77 ms, target pause time: 100.00 ms]
, 0.0291630 secs]
   [Parallel Time: 13.8 ms, GC Workers: 18]
      [GC Worker Start (ms): Min: 3862168.7, Avg: 3862168.9, Max: 3862169.1, Diff: 0.3]
      [Ext Root Scanning (ms): Min: 4.8, Avg: 6.7, Max: 11.3, Diff: 6.5, Sum: 120.7]
      [Update RS (ms): Min: 0.0, Avg: 1.2, Max: 2.9, Diff: 2.9, Sum: 22.5]
         [Processed Buffers: Min: 0, Avg: 8.4, Max: 22, Diff: 22, Sum: 152]
      [Scan RS (ms): Min: 0.2, Avg: 0.8, Max: 1.0, Diff: 0.8, Sum: 13.9]
      [Object Copy (ms): Min: 0.9, Avg: 3.9, Max: 4.6, Diff: 3.7, Sum: 70.1]
      [Termination (ms): Min: 0.0, Avg: 0.4, Max: 0.5, Diff: 0.5, Sum: 7.6]
      [GC Worker Other (ms): Min: 0.0, Avg: 0.2, Max: 0.4, Diff: 0.3, Sum: 3.1]
      [GC Worker Total (ms): Min: 12.9, Avg: 13.2, Max: 13.5, Diff: 0.6, Sum: 237.8]
      [GC Worker End (ms): Min: 3862182.0, Avg: 3862182.1, Max: 3862182.3, Diff: 0.3]
   [Code Root Fixup: 0.0 ms]
   [Clear CT: 1.8 ms]
   [Other: 13.6 ms]
      [Choose CSet: 0.0 ms]
      [Ref Proc: 6.7 ms]
      [Ref Enq: 0.5 ms]
      [Free CSet: 5.7 ms]
   [Eden: 1793.0M(1793.0M)->0.0B(1788.0M) Survivors: 8192.0K->13.0M Heap: 1926.8M(2252.0M)->138.7M(2252.0M)]
 [Times: user=0.31 sys=0.00, real=0.03 secs] 

 Concurrent RS processed 2923292 cards
  Of 89318 completed buffers:
        89318 (100.0%) by conc RS threads.
            0 (  0.0%) by mutator threads.
  Conc RS threads times(s)
          0.00     0.00     0.00     0.00     0.00     0.00     0.00     0.00     0.00     0.00     0.00     0.00     0.00     0.00     0.00     0.00     0.00     0.00     0.00
  Total heap region rem set sizes = 6749K.  Max = 31K.
  Static structures = 369K, free_lists = 296K.
    345474 occupied cards represented.
    Max size region = 0:(O)[0x0000000763400000,0x00000007634ffff0,0x0000000763500000], size = 32K, occupied = 94K.
    Did 4519 coarsenings.
2014-08-01T10:00:48.688-0500: 3869.131: [GC pause (young) 3869.131: [G1Ergonomics (CSet Construction) start choosing CSet, _pending_cards: 5831, predicted base time: 21.45 ms, remaining time: 78.55 ms, target pause time: 100.00 ms]
 3869.131: [G1Ergonomics (CSet Construction) add young regions to CSet, eden: 1788 regions, survivors: 13 regions, predicted young region time: 10.11 ms]
 3869.131: [G1Ergonomics (CSet Construction) finish choosing CSet, eden: 1788 regions, survivors: 13 regions, old: 0 regions, predicted pause time: 31.56 ms, target pause time: 100.00 ms]
, 0.0432600 secs]
   [Parallel Time: 20.5 ms, GC Workers: 18]
      [GC Worker Start (ms): Min: 3869131.4, Avg: 3869131.5, Max: 3869131.8, Diff: 0.4]
      [Ext Root Scanning (ms): Min: 9.5, Avg: 11.5, Max: 19.3, Diff: 9.8, Sum: 206.7]
      [Update RS (ms): Min: 0.0, Avg: 1.8, Max: 6.8, Diff: 6.8, Sum: 31.9]
         [Processed Buffers: Min: 0, Avg: 7.9, Max: 29, Diff: 29, Sum: 142]
      [Scan RS (ms): Min: 0.2, Avg: 0.8, Max: 1.4, Diff: 1.2, Sum: 14.6]
      [Object Copy (ms): Min: 0.2, Avg: 4.2, Max: 5.7, Diff: 5.5, Sum: 75.2]
      [Termination (ms): Min: 0.0, Avg: 1.5, Max: 1.8, Diff: 1.8, Sum: 27.9]
      [GC Worker Other (ms): Min: 0.0, Avg: 0.2, Max: 0.3, Diff: 0.3, Sum: 3.1]
      [GC Worker Total (ms): Min: 19.8, Avg: 20.0, Max: 20.3, Diff: 0.5, Sum: 359.3]
      [GC Worker End (ms): Min: 3869151.3, Avg: 3869151.5, Max: 3869151.7, Diff: 0.3]
   [Code Root Fixup: 0.0 ms]
   [Clear CT: 2.3 ms]
   [Other: 20.4 ms]
      [Choose CSet: 0.0 ms]
      [Ref Proc: 14.3 ms]
      [Ref Enq: 0.4 ms]
      [Free CSet: 5.0 ms]
   [Eden: 1788.0M(1788.0M)->0.0B(1785.0M) Survivors: 13.0M->16.0M Heap: 1926.7M(2252.0M)->142.4M(2252.0M)]
 [Times: user=0.41 sys=0.01, real=0.04 secs] 

 Concurrent RS processed 2925570 cards
  Of 89460 completed buffers:
        89460 (100.0%) by conc RS threads.
            0 (  0.0%) by mutator threads.
  Conc RS threads times(s)
          0.00     0.00     0.00     0.00     0.00     0.00     0.00     0.00     0.00     0.00     0.00     0.00     0.00     0.00     0.00     0.00     0.00     0.00     0.00
  Total heap region rem set sizes = 6750K.  Max = 31K.
  Static structures = 369K, free_lists = 296K.
    345581 occupied cards represented.
    Max size region = 0:(O)[0x0000000763400000,0x00000007634ffff0,0x0000000763500000], size = 32K, occupied = 94K.
    Did 4519 coarsenings.
2014-08-01T10:00:55.539-0500: 3875.982: [GC pause (young) 3875.982: [G1Ergonomics (CSet Construction) start choosing CSet, _pending_cards: 5327, predicted base time: 25.79 ms, remaining time: 74.21 ms, target pause time: 100.00 ms]
 3875.982: [G1Ergonomics (CSet Construction) add young regions to CSet, eden: 1785 regions, survivors: 16 regions, predicted young region time: 12.85 ms]
 3875.982: [G1Ergonomics (CSet Construction) finish choosing CSet, eden: 1785 regions, survivors: 16 regions, old: 0 regions, predicted pause time: 38.64 ms, target pause time: 100.00 ms]
, 0.0512460 secs]
   [Parallel Time: 30.8 ms, GC Workers: 18]
      [GC Worker Start (ms): Min: 3875982.7, Avg: 3875982.9, Max: 3875983.0, Diff: 0.3]
      [Ext Root Scanning (ms): Min: 5.7, Avg: 6.6, Max: 9.6, Diff: 3.9, Sum: 119.1]
      [Update RS (ms): Min: 0.0, Avg: 1.4, Max: 2.6, Diff: 2.6, Sum: 25.4]
         [Processed Buffers: Min: 0, Avg: 8.2, Max: 29, Diff: 29, Sum: 147]
      [Scan RS (ms): Min: 0.5, Avg: 0.8, Max: 1.0, Diff: 0.5, Sum: 14.9]
      [Object Copy (ms): Min: 9.9, Avg: 11.6, Max: 20.8, Diff: 11.0, Sum: 209.0]
      [Termination (ms): Min: 0.3, Avg: 9.5, Max: 10.5, Diff: 10.2, Sum: 171.3]
      [GC Worker Other (ms): Min: 0.0, Avg: 0.2, Max: 0.4, Diff: 0.3, Sum: 2.8]
      [GC Worker Total (ms): Min: 29.8, Avg: 30.1, Max: 30.4, Diff: 0.6, Sum: 542.5]
      [GC Worker End (ms): Min: 3876012.9, Avg: 3876013.0, Max: 3876013.3, Diff: 0.5]
   [Code Root Fixup: 0.0 ms]
   [Clear CT: 2.1 ms]
   [Other: 18.4 ms]
      [Choose CSet: 0.0 ms]
      [Ref Proc: 12.2 ms]
      [Ref Enq: 0.5 ms]
      [Free CSet: 4.9 ms]
   [Eden: 1785.0M(1785.0M)->0.0B(1786.0M) Survivors: 16.0M->15.0M Heap: 1927.4M(2252.0M)->141.2M(2252.0M)]
 [Times: user=0.60 sys=0.01, real=0.05 secs] 

 Concurrent RS processed 2927872 cards
  Of 89607 completed buffers:
        89607 (100.0%) by conc RS threads.
            0 (  0.0%) by mutator threads.
  Conc RS threads times(s)
          0.00     0.00     0.00     0.00     0.00     0.00     0.00     0.00     0.00     0.00     0.00     0.00     0.00     0.00     0.00     0.00     0.00     0.00     0.00
  Total heap region rem set sizes = 6751K.  Max = 31K.
  Static structures = 369K, free_lists = 296K.
    345669 occupied cards represented.
    Max size region = 0:(O)[0x0000000763400000,0x00000007634ffff0,0x0000000763500000], size = 32K, occupied = 94K.
    Did 4519 coarsenings.
2014-08-01T10:01:02.876-0500: 3883.320: [GC pause (young) 3883.320: [G1Ergonomics (CSet Construction) start choosing CSet, _pending_cards: 5569, predicted base time: 25.78 ms, remaining time: 74.22 ms, target pause time: 100.00 ms]
 3883.320: [G1Ergonomics (CSet Construction) add young regions to CSet, eden: 1786 regions, survivors: 15 regions, predicted young region time: 13.27 ms]
 3883.320: [G1Ergonomics (CSet Construction) finish choosing CSet, eden: 1786 regions, survivors: 15 regions, old: 0 regions, predicted pause time: 39.05 ms, target pause time: 100.00 ms]
, 0.0412310 secs]
   [Parallel Time: 25.0 ms, GC Workers: 18]
      [GC Worker Start (ms): Min: 3883319.9, Avg: 3883320.1, Max: 3883320.3, Diff: 0.4]
      [Ext Root Scanning (ms): Min: 5.8, Avg: 7.7, Max: 9.6, Diff: 3.8, Sum: 137.8]
      [Update RS (ms): Min: 0.0, Avg: 2.8, Max: 11.1, Diff: 11.1, Sum: 50.5]
         [Processed Buffers: Min: 1, Avg: 8.0, Max: 21, Diff: 20, Sum: 144]
      [Scan RS (ms): Min: 0.2, Avg: 0.7, Max: 0.9, Diff: 0.7, Sum: 13.1]
      [Object Copy (ms): Min: 0.9, Avg: 7.2, Max: 14.6, Diff: 13.6, Sum: 129.5]
      [Termination (ms): Min: 0.0, Avg: 5.9, Max: 6.6, Diff: 6.6, Sum: 105.5]
      [GC Worker Other (ms): Min: 0.0, Avg: 0.2, Max: 0.3, Diff: 0.3, Sum: 2.9]
      [GC Worker Total (ms): Min: 24.2, Avg: 24.4, Max: 24.7, Diff: 0.6, Sum: 439.3]
      [GC Worker End (ms): Min: 3883344.4, Avg: 3883344.5, Max: 3883344.7, Diff: 0.3]
   [Code Root Fixup: 0.0 ms]
   [Clear CT: 1.7 ms]
   [Other: 14.6 ms]
      [Choose CSet: 0.0 ms]
      [Ref Proc: 8.5 ms]
      [Ref Enq: 0.5 ms]
      [Free CSet: 4.8 ms]
   [Eden: 1786.0M(1786.0M)->0.0B(1776.0M) Survivors: 15.0M->25.0M Heap: 1927.2M(2252.0M)->151.3M(2252.0M)]
 [Times: user=0.43 sys=0.00, real=0.04 secs] 

 Concurrent RS processed 2930293 cards
  Of 89751 completed buffers:
        89751 (100.0%) by conc RS threads.
            0 (  0.0%) by mutator threads.
  Conc RS threads times(s)
          0.00     0.00     0.00     0.00     0.00     0.00     0.00     0.00     0.00     0.00     0.00     0.00     0.00     0.00     0.00     0.00     0.00     0.00     0.00
  Total heap region rem set sizes = 6753K.  Max = 31K.
  Static structures = 369K, free_lists = 296K.
    345778 occupied cards represented.
    Max size region = 0:(O)[0x0000000763400000,0x00000007634ffff0,0x0000000763500000], size = 32K, occupied = 94K.
    Did 4519 coarsenings.
2014-08-01T10:01:10.540-0500: 3890.984: [GC pause (young) 3890.984: [G1Ergonomics (CSet Construction) start choosing CSet, _pending_cards: 4911, predicted base time: 25.11 ms, remaining time: 74.89 ms, target pause time: 100.00 ms]
 3890.984: [G1Ergonomics (CSet Construction) add young regions to CSet, eden: 1776 regions, survivors: 25 regions, predicted young region time: 13.60 ms]
 3890.984: [G1Ergonomics (CSet Construction) finish choosing CSet, eden: 1776 regions, survivors: 25 regions, old: 0 regions, predicted pause time: 38.71 ms, target pause time: 100.00 ms]
, 0.0294910 secs]
   [Parallel Time: 15.7 ms, GC Workers: 18]
      [GC Worker Start (ms): Min: 3890983.9, Avg: 3890984.0, Max: 3890984.1, Diff: 0.2]
      [Ext Root Scanning (ms): Min: 3.7, Avg: 5.0, Max: 6.4, Diff: 2.6, Sum: 90.2]
      [Update RS (ms): Min: 0.0, Avg: 1.1, Max: 2.6, Diff: 2.6, Sum: 20.7]
         [Processed Buffers: Min: 0, Avg: 7.9, Max: 23, Diff: 23, Sum: 143]
      [Scan RS (ms): Min: 0.4, Avg: 1.1, Max: 7.9, Diff: 7.5, Sum: 20.5]
      [Object Copy (ms): Min: 1.0, Avg: 5.8, Max: 6.5, Diff: 5.5, Sum: 105.0]
      [Termination (ms): Min: 0.0, Avg: 1.9, Max: 2.1, Diff: 2.1, Sum: 33.8]
      [GC Worker Other (ms): Min: 0.0, Avg: 0.2, Max: 0.4, Diff: 0.4, Sum: 3.2]
      [GC Worker Total (ms): Min: 14.9, Avg: 15.2, Max: 15.5, Diff: 0.5, Sum: 273.3]
      [GC Worker End (ms): Min: 3890999.0, Avg: 3890999.2, Max: 3890999.4, Diff: 0.4]
   [Code Root Fixup: 0.0 ms]
   [Clear CT: 2.1 ms]
   [Other: 11.7 ms]
      [Choose CSet: 0.0 ms]
      [Ref Proc: 7.6 ms]
      [Ref Enq: 0.4 ms]
      [Free CSet: 3.3 ms]
   [Eden: 1776.0M(1776.0M)->0.0B(1781.0M) Survivors: 25.0M->20.0M Heap: 1927.3M(2252.0M)->146.1M(2252.0M)]
 [Times: user=0.31 sys=0.01, real=0.03 secs] 

 Concurrent RS processed 2932836 cards
  Of 89894 completed buffers:
        89894 (100.0%) by conc RS threads.
            0 (  0.0%) by mutator threads.
  Conc RS threads times(s)
          0.00     0.00     0.00     0.00     0.00     0.00     0.00     0.00     0.00     0.00     0.00     0.00     0.00     0.00     0.00     0.00     0.00     0.00     0.00
  Total heap region rem set sizes = 6754K.  Max = 31K.
  Static structures = 369K, free_lists = 296K.
    345874 occupied cards represented.
    Max size region = 0:(O)[0x0000000763400000,0x00000007634ffff0,0x0000000763500000], size = 32K, occupied = 94K.
    Did 4519 coarsenings.
2014-08-01T10:01:17.749-0500: 3898.192: [GC pause (young) 3898.192: [G1Ergonomics (CSet Construction) start choosing CSet, _pending_cards: 5597, predicted base time: 23.59 ms, remaining time: 76.41 ms, target pause time: 100.00 ms]
 3898.192: [G1Ergonomics (CSet Construction) add young regions to CSet, eden: 1781 regions, survivors: 20 regions, predicted young region time: 18.85 ms]
 3898.192: [G1Ergonomics (CSet Construction) finish choosing CSet, eden: 1781 regions, survivors: 20 regions, old: 0 regions, predicted pause time: 42.45 ms, target pause time: 100.00 ms]
, 0.0366730 secs]
   [Parallel Time: 18.4 ms, GC Workers: 18]
      [GC Worker Start (ms): Min: 3898192.4, Avg: 3898192.6, Max: 3898192.8, Diff: 0.3]
      [Ext Root Scanning (ms): Min: 5.5, Avg: 6.2, Max: 10.6, Diff: 5.1, Sum: 110.9]
      [Update RS (ms): Min: 0.0, Avg: 1.6, Max: 3.1, Diff: 3.1, Sum: 28.5]
         [Processed Buffers: Min: 0, Avg: 7.7, Max: 32, Diff: 32, Sum: 139]
      [Scan RS (ms): Min: 0.2, Avg: 0.8, Max: 1.1, Diff: 0.8, Sum: 15.0]
      [Object Copy (ms): Min: 6.9, Avg: 9.0, Max: 9.6, Diff: 2.7, Sum: 161.5]
      [Termination (ms): Min: 0.0, Avg: 0.1, Max: 0.1, Diff: 0.1, Sum: 1.5]
      [GC Worker Other (ms): Min: 0.0, Avg: 0.2, Max: 0.4, Diff: 0.4, Sum: 4.3]
      [GC Worker Total (ms): Min: 17.6, Avg: 17.9, Max: 18.1, Diff: 0.5, Sum: 321.7]
      [GC Worker End (ms): Min: 3898210.3, Avg: 3898210.5, Max: 3898210.7, Diff: 0.4]
   [Code Root Fixup: 0.0 ms]
   [Clear CT: 1.8 ms]
   [Other: 16.4 ms]
      [Choose CSet: 0.0 ms]
      [Ref Proc: 9.6 ms]
      [Ref Enq: 1.5 ms]
      [Free CSet: 4.7 ms]
   [Eden: 1781.0M(1781.0M)->0.0B(1780.0M) Survivors: 20.0M->21.0M Heap: 1927.1M(2252.0M)->147.1M(2252.0M)]
 [Times: user=0.41 sys=0.01, real=0.04 secs] 

 Concurrent RS processed 2935310 cards
  Of 90033 completed buffers:
        90033 (100.0%) by conc RS threads.
            0 (  0.0%) by mutator threads.
  Conc RS threads times(s)
          0.00     0.00     0.00     0.00     0.00     0.00     0.00     0.00     0.00     0.00     0.00     0.00     0.00     0.00     0.00     0.00     0.00     0.00     0.00
  Total heap region rem set sizes = 6755K.  Max = 31K.
  Static structures = 369K, free_lists = 296K.
    345971 occupied cards represented.
    Max size region = 0:(O)[0x0000000763400000,0x00000007634ffff0,0x0000000763500000], size = 32K, occupied = 94K.
    Did 4519 coarsenings.
2014-08-01T10:01:24.856-0500: 3905.299: [GC pause (young) 3905.300: [G1Ergonomics (CSet Construction) start choosing CSet, _pending_cards: 5532, predicted base time: 23.38 ms, remaining time: 76.62 ms, target pause time: 100.00 ms]
 3905.300: [G1Ergonomics (CSet Construction) add young regions to CSet, eden: 1780 regions, survivors: 21 regions, predicted young region time: 11.17 ms]
 3905.300: [G1Ergonomics (CSet Construction) finish choosing CSet, eden: 1780 regions, survivors: 21 regions, old: 0 regions, predicted pause time: 34.55 ms, target pause time: 100.00 ms]
, 0.0336960 secs]
   [Parallel Time: 17.3 ms, GC Workers: 18]
      [GC Worker Start (ms): Min: 3905299.8, Avg: 3905300.0, Max: 3905300.1, Diff: 0.3]
      [Ext Root Scanning (ms): Min: 5.5, Avg: 6.8, Max: 11.1, Diff: 5.6, Sum: 122.4]
      [Update RS (ms): Min: 0.0, Avg: 1.8, Max: 3.5, Diff: 3.5, Sum: 32.3]
         [Processed Buffers: Min: 0, Avg: 8.1, Max: 20, Diff: 20, Sum: 145]
      [Scan RS (ms): Min: 0.2, Avg: 0.9, Max: 1.2, Diff: 1.0, Sum: 16.4]
      [Object Copy (ms): Min: 5.1, Avg: 7.0, Max: 7.5, Diff: 2.3, Sum: 125.9]
      [Termination (ms): Min: 0.0, Avg: 0.0, Max: 0.0, Diff: 0.0, Sum: 0.1]
      [GC Worker Other (ms): Min: 0.1, Avg: 0.2, Max: 0.4, Diff: 0.4, Sum: 4.4]
      [GC Worker Total (ms): Min: 16.4, Avg: 16.7, Max: 17.1, Diff: 0.6, Sum: 301.5]
      [GC Worker End (ms): Min: 3905316.5, Avg: 3905316.7, Max: 3905316.9, Diff: 0.4]
   [Code Root Fixup: 0.0 ms]
   [Clear CT: 2.0 ms]
   [Other: 14.4 ms]
      [Choose CSet: 0.0 ms]
      [Ref Proc: 8.5 ms]
      [Ref Enq: 0.5 ms]
      [Free CSet: 4.7 ms]
   [Eden: 1780.0M(1780.0M)->0.0B(1776.0M) Survivors: 21.0M->25.0M Heap: 1927.1M(2252.0M)->151.5M(2252.0M)]
 [Times: user=0.38 sys=0.01, real=0.03 secs] 

 Concurrent RS processed 2937931 cards
  Of 90178 completed buffers:
        90178 (100.0%) by conc RS threads.
            0 (  0.0%) by mutator threads.
  Conc RS threads times(s)
          0.00     0.00     0.00     0.00     0.00     0.00     0.00     0.00     0.00     0.00     0.00     0.00     0.00     0.00     0.00     0.00     0.00     0.00     0.00
  Total heap region rem set sizes = 6756K.  Max = 31K.
  Static structures = 369K, free_lists = 295K.
    346057 occupied cards represented.
    Max size region = 0:(O)[0x0000000763400000,0x00000007634ffff0,0x0000000763500000], size = 32K, occupied = 94K.
    Did 4519 coarsenings.
2014-08-01T10:01:31.700-0500: 3912.143: [GC pause (young) 3912.144: [G1Ergonomics (CSet Construction) start choosing CSet, _pending_cards: 5803, predicted base time: 23.00 ms, remaining time: 77.00 ms, target pause time: 100.00 ms]
 3912.144: [G1Ergonomics (CSet Construction) add young regions to CSet, eden: 1776 regions, survivors: 25 regions, predicted young region time: 22.90 ms]
 3912.144: [G1Ergonomics (CSet Construction) finish choosing CSet, eden: 1776 regions, survivors: 25 regions, old: 0 regions, predicted pause time: 45.90 ms, target pause time: 100.00 ms]
, 0.0418910 secs]
   [Parallel Time: 24.0 ms, GC Workers: 18]
      [GC Worker Start (ms): Min: 3912143.9, Avg: 3912144.1, Max: 3912144.2, Diff: 0.3]
      [Ext Root Scanning (ms): Min: 5.7, Avg: 6.8, Max: 12.0, Diff: 6.3, Sum: 122.3]
      [Update RS (ms): Min: 0.0, Avg: 1.7, Max: 2.8, Diff: 2.8, Sum: 31.3]
         [Processed Buffers: Min: 0, Avg: 8.5, Max: 21, Diff: 21, Sum: 153]
      [Scan RS (ms): Min: 0.3, Avg: 1.1, Max: 3.7, Diff: 3.4, Sum: 20.3]
      [Object Copy (ms): Min: 5.4, Avg: 9.3, Max: 12.6, Diff: 7.2, Sum: 166.6]
      [Termination (ms): Min: 0.0, Avg: 2.9, Max: 3.1, Diff: 3.1, Sum: 51.8]
      [GC Worker Other (ms): Min: 0.0, Avg: 0.2, Max: 0.5, Diff: 0.4, Sum: 3.8]
      [GC Worker Total (ms): Min: 21.8, Avg: 22.0, Max: 22.3, Diff: 0.5, Sum: 396.1]
      [GC Worker End (ms): Min: 3912165.9, Avg: 3912166.1, Max: 3912166.3, Diff: 0.4]
   [Code Root Fixup: 0.0 ms]
   [Clear CT: 2.2 ms]
   [Other: 15.7 ms]
      [Choose CSet: 0.0 ms]
      [Ref Proc: 7.1 ms]
      [Ref Enq: 0.3 ms]
      [Free CSet: 7.5 ms]
   [Eden: 1776.0M(1776.0M)->0.0B(1774.0M) Survivors: 25.0M->27.0M Heap: 1927.5M(2252.0M)->153.3M(2252.0M)]
 [Times: user=0.44 sys=0.01, real=0.05 secs] 

 Concurrent RS processed 2940489 cards
  Of 90331 completed buffers:
        90331 (100.0%) by conc RS threads.
            0 (  0.0%) by mutator threads.
  Conc RS threads times(s)
          0.00     0.00     0.00     0.00     0.00     0.00     0.00     0.00     0.00     0.00     0.00     0.00     0.00     0.00     0.00     0.00     0.00     0.00     0.00
  Total heap region rem set sizes = 6757K.  Max = 31K.
  Static structures = 369K, free_lists = 295K.
    346140 occupied cards represented.
    Max size region = 0:(O)[0x0000000763400000,0x00000007634ffff0,0x0000000763500000], size = 32K, occupied = 94K.
    Did 4519 coarsenings.
2014-08-01T10:01:37.609-0500: 3918.052: [GC pause (young) 3918.053: [G1Ergonomics (CSet Construction) start choosing CSet, _pending_cards: 99972, predicted base time: 53.68 ms, remaining time: 46.32 ms, target pause time: 100.00 ms]
 3918.053: [G1Ergonomics (CSet Construction) add young regions to CSet, eden: 1549 regions, survivors: 27 regions, predicted young region time: 70.79 ms]
 3918.053: [G1Ergonomics (CSet Construction) finish choosing CSet, eden: 1549 regions, survivors: 27 regions, old: 0 regions, predicted pause time: 124.47 ms, target pause time: 100.00 ms]
, 0.0536430 secs]
   [Parallel Time: 34.8 ms, GC Workers: 18]
      [GC Worker Start (ms): Min: 3918053.0, Avg: 3918053.2, Max: 3918053.6, Diff: 0.5]
      [Ext Root Scanning (ms): Min: 5.1, Avg: 6.2, Max: 10.4, Diff: 5.3, Sum: 111.4]
      [Update RS (ms): Min: 17.8, Avg: 21.4, Max: 22.7, Diff: 4.8, Sum: 384.6]
         [Processed Buffers: Min: 18, Avg: 29.6, Max: 40, Diff: 22, Sum: 533]
      [Scan RS (ms): Min: 0.1, Avg: 1.2, Max: 1.6, Diff: 1.5, Sum: 21.8]
      [Object Copy (ms): Min: 4.2, Avg: 5.1, Max: 5.5, Diff: 1.3, Sum: 92.4]
      [Termination (ms): Min: 0.0, Avg: 0.0, Max: 0.0, Diff: 0.0, Sum: 0.1]
      [GC Worker Other (ms): Min: 0.1, Avg: 0.2, Max: 0.4, Diff: 0.4, Sum: 4.4]
      [GC Worker Total (ms): Min: 33.7, Avg: 34.1, Max: 34.5, Diff: 0.8, Sum: 614.6]
      [GC Worker End (ms): Min: 3918087.2, Avg: 3918087.4, Max: 3918087.6, Diff: 0.4]
   [Code Root Fixup: 0.0 ms]
   [Clear CT: 3.3 ms]
   [Other: 15.5 ms]
      [Choose CSet: 0.0 ms]
      [Ref Proc: 9.9 ms]
      [Ref Enq: 0.4 ms]
      [Free CSet: 4.4 ms]
   [Eden: 1549.0M(1549.0M)->0.0B(1738.0M) Survivors: 27.0M->20.0M Heap: 1792.7M(2252.0M)->236.3M(2252.0M)]
 [Times: user=0.67 sys=0.01, real=0.05 secs] 

 Concurrent RS processed 3036193 cards
  Of 91223 completed buffers:
        91223 (100.0%) by conc RS threads.
            0 (  0.0%) by mutator threads.
  Conc RS threads times(s)
          0.00     0.00     0.00     0.00     0.00     0.00     0.00     0.00     0.00     0.00     0.00     0.00     0.00     0.00     0.00     0.00     0.00     0.00     0.00
  Total heap region rem set sizes = 6549K.  Max = 31K.
  Static structures = 369K, free_lists = 295K.
    346205 occupied cards represented.
    Max size region = 0:(O)[0x0000000763400000,0x00000007634ffff0,0x0000000763500000], size = 32K, occupied = 94K.
    Did 4519 coarsenings.
2014-08-01T10:01:44.818-0500: 3925.261: [GC pause (young) 3925.261: [G1Ergonomics (CSet Construction) start choosing CSet, _pending_cards: 5526, predicted base time: 22.78 ms, remaining time: 77.22 ms, target pause time: 100.00 ms]
 3925.261: [G1Ergonomics (CSet Construction) add young regions to CSet, eden: 1738 regions, survivors: 20 regions, predicted young region time: 13.74 ms]
 3925.261: [G1Ergonomics (CSet Construction) finish choosing CSet, eden: 1738 regions, survivors: 20 regions, old: 0 regions, predicted pause time: 36.51 ms, target pause time: 100.00 ms]
, 0.0360760 secs]
   [Parallel Time: 21.5 ms, GC Workers: 18]
      [GC Worker Start (ms): Min: 3925261.5, Avg: 3925261.7, Max: 3925261.8, Diff: 0.4]
      [Ext Root Scanning (ms): Min: 6.5, Avg: 8.8, Max: 11.3, Diff: 4.7, Sum: 158.7]
      [Update RS (ms): Min: 0.0, Avg: 2.6, Max: 10.3, Diff: 10.3, Sum: 46.7]
         [Processed Buffers: Min: 0, Avg: 8.0, Max: 24, Diff: 24, Sum: 144]
      [Scan RS (ms): Min: 0.2, Avg: 0.8, Max: 1.0, Diff: 0.8, Sum: 14.0]
      [Object Copy (ms): Min: 0.0, Avg: 7.7, Max: 9.4, Diff: 9.3, Sum: 137.9]
      [Termination (ms): Min: 0.0, Avg: 0.9, Max: 1.1, Diff: 1.1, Sum: 17.0]
      [GC Worker Other (ms): Min: 0.0, Avg: 0.2, Max: 0.4, Diff: 0.3, Sum: 3.5]
      [GC Worker Total (ms): Min: 20.7, Avg: 21.0, Max: 21.3, Diff: 0.6, Sum: 377.9]
      [GC Worker End (ms): Min: 3925282.5, Avg: 3925282.7, Max: 3925282.8, Diff: 0.3]
   [Code Root Fixup: 0.0 ms]
   [Clear CT: 1.7 ms]
   [Other: 12.9 ms]
      [Choose CSet: 0.0 ms]
      [Ref Proc: 6.9 ms]
      [Ref Enq: 0.5 ms]
      [Free CSet: 4.8 ms]
   [Eden: 1738.0M(1738.0M)->0.0B(1736.0M) Survivors: 20.0M->21.0M Heap: 1974.3M(2252.0M)->237.5M(2252.0M)]
 [Times: user=0.37 sys=0.01, real=0.04 secs] 

 Concurrent RS processed 3038890 cards
  Of 91367 completed buffers:
        91367 (100.0%) by conc RS threads.
            0 (  0.0%) by mutator threads.
  Conc RS threads times(s)
          0.00     0.00     0.00     0.00     0.00     0.00     0.00     0.00     0.00     0.00     0.00     0.00     0.00     0.00     0.00     0.00     0.00     0.00     0.00
  Total heap region rem set sizes = 6550K.  Max = 31K.
  Static structures = 369K, free_lists = 295K.
    346276 occupied cards represented.
    Max size region = 0:(O)[0x0000000763400000,0x00000007634ffff0,0x0000000763500000], size = 32K, occupied = 94K.
    Did 4519 coarsenings.
2014-08-01T10:01:52.136-0500: 3932.579: [GC pause (young) 3932.579: [G1Ergonomics (CSet Construction) start choosing CSet, _pending_cards: 5258, predicted base time: 22.65 ms, remaining time: 77.35 ms, target pause time: 100.00 ms]
 3932.579: [G1Ergonomics (CSet Construction) add young regions to CSet, eden: 1736 regions, survivors: 21 regions, predicted young region time: 16.86 ms]
 3932.579: [G1Ergonomics (CSet Construction) finish choosing CSet, eden: 1736 regions, survivors: 21 regions, old: 0 regions, predicted pause time: 39.51 ms, target pause time: 100.00 ms]
, 0.0383650 secs]
   [Parallel Time: 22.4 ms, GC Workers: 18]
      [GC Worker Start (ms): Min: 3932579.2, Avg: 3932579.4, Max: 3932579.6, Diff: 0.4]
      [Ext Root Scanning (ms): Min: 6.8, Avg: 8.0, Max: 11.2, Diff: 4.4, Sum: 143.9]
      [Update RS (ms): Min: 0.0, Avg: 2.3, Max: 10.8, Diff: 10.8, Sum: 41.6]
         [Processed Buffers: Min: 0, Avg: 7.7, Max: 22, Diff: 22, Sum: 138]
      [Scan RS (ms): Min: 0.4, Avg: 0.8, Max: 1.0, Diff: 0.6, Sum: 15.0]
      [Object Copy (ms): Min: 2.0, Avg: 9.4, Max: 10.1, Diff: 8.1, Sum: 169.9]
      [Termination (ms): Min: 0.0, Avg: 0.0, Max: 0.0, Diff: 0.0, Sum: 0.3]
      [GC Worker Other (ms): Min: 0.0, Avg: 1.1, Max: 1.3, Diff: 1.3, Sum: 19.1]
      [GC Worker Total (ms): Min: 20.7, Avg: 21.7, Max: 22.0, Diff: 1.3, Sum: 389.9]
      [GC Worker End (ms): Min: 3932600.1, Avg: 3932601.1, Max: 3932601.4, Diff: 1.3]
   [Code Root Fixup: 0.0 ms]
   [Clear CT: 1.8 ms]
   [Other: 14.2 ms]
      [Choose CSet: 0.0 ms]
      [Ref Proc: 5.9 ms]
      [Ref Enq: 0.5 ms]
      [Free CSet: 7.1 ms]
   [Eden: 1736.0M(1736.0M)->0.0B(1728.0M) Survivors: 21.0M->25.0M Heap: 1973.5M(2252.0M)->241.9M(2252.0M)]
 [Times: user=0.40 sys=0.01, real=0.03 secs] 

 Concurrent RS processed 3041635 cards
  Of 91505 completed buffers:
        91505 (100.0%) by conc RS threads.
            0 (  0.0%) by mutator threads.
  Conc RS threads times(s)
          0.00     0.00     0.00     0.00     0.00     0.00     0.00     0.00     0.00     0.00     0.00     0.00     0.00     0.00     0.00     0.00     0.00     0.00     0.00
  Total heap region rem set sizes = 6551K.  Max = 31K.
  Static structures = 369K, free_lists = 295K.
    346342 occupied cards represented.
    Max size region = 0:(O)[0x0000000763400000,0x00000007634ffff0,0x0000000763500000], size = 32K, occupied = 94K.
    Did 4519 coarsenings.
2014-08-01T10:01:59.078-0500: 3939.521: [GC pause (young) 3939.522: [G1Ergonomics (CSet Construction) start choosing CSet, _pending_cards: 5724, predicted base time: 22.52 ms, remaining time: 77.48 ms, target pause time: 100.00 ms]
 3939.522: [G1Ergonomics (CSet Construction) add young regions to CSet, eden: 1728 regions, survivors: 25 regions, predicted young region time: 13.75 ms]
 3939.522: [G1Ergonomics (CSet Construction) finish choosing CSet, eden: 1728 regions, survivors: 25 regions, old: 0 regions, predicted pause time: 36.27 ms, target pause time: 100.00 ms]
, 0.0488290 secs]
   [Parallel Time: 28.3 ms, GC Workers: 18]
      [GC Worker Start (ms): Min: 3939521.8, Avg: 3939522.0, Max: 3939522.3, Diff: 0.4]
      [Ext Root Scanning (ms): Min: 5.9, Avg: 7.4, Max: 11.7, Diff: 5.8, Sum: 132.7]
      [Update RS (ms): Min: 0.0, Avg: 2.0, Max: 3.7, Diff: 3.7, Sum: 35.4]
         [Processed Buffers: Min: 0, Avg: 7.7, Max: 25, Diff: 25, Sum: 138]
      [Scan RS (ms): Min: 0.2, Avg: 0.9, Max: 2.7, Diff: 2.5, Sum: 16.2]
      [Object Copy (ms): Min: 11.5, Avg: 13.3, Max: 15.6, Diff: 4.1, Sum: 239.1]
      [Termination (ms): Min: 0.0, Avg: 3.6, Max: 4.2, Diff: 4.2, Sum: 65.6]
      [GC Worker Other (ms): Min: 0.0, Avg: 0.2, Max: 0.4, Diff: 0.4, Sum: 3.5]
      [GC Worker Total (ms): Min: 27.0, Avg: 27.4, Max: 27.7, Diff: 0.7, Sum: 492.5]
      [GC Worker End (ms): Min: 3939549.2, Avg: 3939549.4, Max: 3939549.6, Diff: 0.4]
   [Code Root Fixup: 0.0 ms]
   [Clear CT: 2.2 ms]
   [Other: 18.3 ms]
      [Choose CSet: 0.1 ms]
      [Ref Proc: 8.6 ms]
      [Ref Enq: 0.4 ms]
      [Free CSet: 8.4 ms]
   [Eden: 1728.0M(1728.0M)->0.0B(1734.0M) Survivors: 25.0M->22.0M Heap: 1969.9M(2252.0M)->238.3M(2252.0M)]
 [Times: user=0.51 sys=0.01, real=0.05 secs] 

 Concurrent RS processed 3044331 cards
  Of 91643 completed buffers:
        91643 (100.0%) by conc RS threads.
            0 (  0.0%) by mutator threads.
  Conc RS threads times(s)
          0.00     0.00     0.00     0.00     0.00     0.00     0.00     0.00     0.00     0.00     0.00     0.00     0.00     0.00     0.00     0.00     0.00     0.00     0.00
  Total heap region rem set sizes = 6552K.  Max = 31K.
  Static structures = 369K, free_lists = 294K.
    346409 occupied cards represented.
    Max size region = 0:(O)[0x0000000763400000,0x00000007634ffff0,0x0000000763500000], size = 32K, occupied = 94K.
    Did 4519 coarsenings.
2014-08-01T10:02:05.878-0500: 3946.321: [GC pause (young) 3946.321: [G1Ergonomics (CSet Construction) start choosing CSet, _pending_cards: 5570, predicted base time: 22.58 ms, remaining time: 77.42 ms, target pause time: 100.00 ms]
 3946.321: [G1Ergonomics (CSet Construction) add young regions to CSet, eden: 1734 regions, survivors: 22 regions, predicted young region time: 17.41 ms]
 3946.321: [G1Ergonomics (CSet Construction) finish choosing CSet, eden: 1734 regions, survivors: 22 regions, old: 0 regions, predicted pause time: 39.99 ms, target pause time: 100.00 ms]
, 0.0472420 secs]
   [Parallel Time: 29.9 ms, GC Workers: 18]
      [GC Worker Start (ms): Min: 3946321.4, Avg: 3946321.5, Max: 3946321.7, Diff: 0.4]
      [Ext Root Scanning (ms): Min: 6.4, Avg: 7.4, Max: 11.7, Diff: 5.3, Sum: 133.8]
      [Update RS (ms): Min: 0.0, Avg: 1.7, Max: 2.9, Diff: 2.9, Sum: 31.3]
         [Processed Buffers: Min: 0, Avg: 7.9, Max: 21, Diff: 21, Sum: 143]
      [Scan RS (ms): Min: 0.2, Avg: 0.9, Max: 1.1, Diff: 0.8, Sum: 15.4]
      [Object Copy (ms): Min: 10.7, Avg: 13.1, Max: 17.6, Diff: 6.9, Sum: 236.1]
      [Termination (ms): Min: 0.1, Avg: 4.8, Max: 5.4, Diff: 5.3, Sum: 86.2]
      [GC Worker Other (ms): Min: 0.0, Avg: 0.1, Max: 0.3, Diff: 0.3, Sum: 2.6]
      [GC Worker Total (ms): Min: 27.7, Avg: 28.1, Max: 29.5, Diff: 1.8, Sum: 505.5]
      [GC Worker End (ms): Min: 3946349.4, Avg: 3946349.6, Max: 3946351.1, Diff: 1.7]
   [Code Root Fixup: 0.0 ms]
   [Clear CT: 3.3 ms]
   [Other: 14.0 ms]
      [Choose CSet: 0.0 ms]
      [Ref Proc: 7.6 ms]
      [Ref Enq: 0.5 ms]
      [Free CSet: 5.2 ms]
   [Eden: 1734.0M(1734.0M)->0.0B(1728.0M) Survivors: 22.0M->25.0M Heap: 1972.3M(2252.0M)->241.5M(2252.0M)]
 [Times: user=0.53 sys=0.01, real=0.05 secs] 

 Concurrent RS processed 3047100 cards
  Of 91786 completed buffers:
        91786 (100.0%) by conc RS threads.
            0 (  0.0%) by mutator threads.
  Conc RS threads times(s)
          0.00     0.00     0.00     0.00     0.00     0.00     0.00     0.00     0.00     0.00     0.00     0.00     0.00     0.00     0.00     0.00     0.00     0.00     0.00
  Total heap region rem set sizes = 6553K.  Max = 31K.
  Static structures = 369K, free_lists = 294K.
    346483 occupied cards represented.
    Max size region = 0:(O)[0x0000000763400000,0x00000007634ffff0,0x0000000763500000], size = 32K, occupied = 94K.
    Did 4519 coarsenings.
2014-08-01T10:02:12.486-0500: 3952.930: [GC pause (young) 3952.930: [G1Ergonomics (CSet Construction) start choosing CSet, _pending_cards: 6039, predicted base time: 23.12 ms, remaining time: 76.88 ms, target pause time: 100.00 ms]
 3952.930: [G1Ergonomics (CSet Construction) add young regions to CSet, eden: 1728 regions, survivors: 25 regions, predicted young region time: 18.52 ms]
 3952.930: [G1Ergonomics (CSet Construction) finish choosing CSet, eden: 1728 regions, survivors: 25 regions, old: 0 regions, predicted pause time: 41.65 ms, target pause time: 100.00 ms]
, 0.0273650 secs]
   [Parallel Time: 16.1 ms, GC Workers: 18]
      [GC Worker Start (ms): Min: 3952930.1, Avg: 3952930.2, Max: 3952930.4, Diff: 0.3]
      [Ext Root Scanning (ms): Min: 3.9, Avg: 5.1, Max: 6.8, Diff: 2.9, Sum: 92.5]
      [Update RS (ms): Min: 0.0, Avg: 1.5, Max: 8.4, Diff: 8.4, Sum: 26.4]
         [Processed Buffers: Min: 0, Avg: 8.0, Max: 25, Diff: 25, Sum: 144]
      [Scan RS (ms): Min: 0.2, Avg: 0.7, Max: 0.8, Diff: 0.6, Sum: 11.7]
      [Object Copy (ms): Min: 1.0, Avg: 7.2, Max: 7.9, Diff: 6.9, Sum: 130.0]
      [Termination (ms): Min: 0.0, Avg: 0.6, Max: 0.7, Diff: 0.7, Sum: 11.6]
      [GC Worker Other (ms): Min: 0.0, Avg: 0.2, Max: 0.3, Diff: 0.3, Sum: 2.9]
      [GC Worker Total (ms): Min: 15.1, Avg: 15.3, Max: 15.5, Diff: 0.4, Sum: 275.2]
      [GC Worker End (ms): Min: 3952945.4, Avg: 3952945.5, Max: 3952945.7, Diff: 0.3]
   [Code Root Fixup: 0.0 ms]
   [Clear CT: 1.2 ms]
   [Other: 10.1 ms]
      [Choose CSet: 0.0 ms]
      [Ref Proc: 4.5 ms]
      [Ref Enq: 0.3 ms]
      [Free CSet: 4.6 ms]
   [Eden: 1728.0M(1728.0M)->0.0B(1724.0M) Survivors: 25.0M->27.0M Heap: 1969.5M(2252.0M)->243.4M(2252.0M)]
 [Times: user=0.29 sys=0.01, real=0.03 secs] 

 Concurrent RS processed 3049775 cards
  Of 91930 completed buffers:
        91930 (100.0%) by conc RS threads.
            0 (  0.0%) by mutator threads.
  Conc RS threads times(s)
          0.00     0.00     0.00     0.00     0.00     0.00     0.00     0.00     0.00     0.00     0.00     0.00     0.00     0.00     0.00     0.00     0.00     0.00     0.00
  Total heap region rem set sizes = 6554K.  Max = 31K.
  Static structures = 369K, free_lists = 294K.
    346548 occupied cards represented.
    Max size region = 0:(O)[0x0000000763400000,0x00000007634ffff0,0x0000000763500000], size = 32K, occupied = 94K.
    Did 4519 coarsenings.
2014-08-01T10:02:19.270-0500: 3959.713: [GC pause (young) 3959.713: [G1Ergonomics (CSet Construction) start choosing CSet, _pending_cards: 5748, predicted base time: 21.48 ms, remaining time: 78.52 ms, target pause time: 100.00 ms]
 3959.713: [G1Ergonomics (CSet Construction) add young regions to CSet, eden: 1724 regions, survivors: 27 regions, predicted young region time: 21.90 ms]
 3959.713: [G1Ergonomics (CSet Construction) finish choosing CSet, eden: 1724 regions, survivors: 27 regions, old: 0 regions, predicted pause time: 43.38 ms, target pause time: 100.00 ms]
, 0.0420060 secs]
   [Parallel Time: 22.0 ms, GC Workers: 18]
      [GC Worker Start (ms): Min: 3959713.6, Avg: 3959713.8, Max: 3959714.0, Diff: 0.3]
      [Ext Root Scanning (ms): Min: 6.7, Avg: 8.6, Max: 12.0, Diff: 5.3, Sum: 154.6]
      [Update RS (ms): Min: 0.0, Avg: 1.5, Max: 2.8, Diff: 2.8, Sum: 27.3]
         [Processed Buffers: Min: 0, Avg: 7.4, Max: 22, Diff: 22, Sum: 133]
      [Scan RS (ms): Min: 0.2, Avg: 0.7, Max: 1.0, Diff: 0.8, Sum: 13.3]
      [Object Copy (ms): Min: 8.7, Avg: 9.9, Max: 10.8, Diff: 2.1, Sum: 178.8]
      [Termination (ms): Min: 0.0, Avg: 0.0, Max: 0.0, Diff: 0.0, Sum: 0.1]
      [GC Worker Other (ms): Min: 0.1, Avg: 0.3, Max: 0.5, Diff: 0.4, Sum: 4.5]
      [GC Worker Total (ms): Min: 20.7, Avg: 21.0, Max: 21.4, Diff: 0.7, Sum: 378.7]
      [GC Worker End (ms): Min: 3959734.6, Avg: 3959734.8, Max: 3959735.0, Diff: 0.4]
   [Code Root Fixup: 0.0 ms]
   [Clear CT: 2.0 ms]
   [Other: 18.0 ms]
      [Choose CSet: 0.0 ms]
      [Ref Proc: 10.2 ms]
      [Ref Enq: 0.6 ms]
      [Free CSet: 6.4 ms]
   [Eden: 1724.0M(1724.0M)->0.0B(1739.0M) Survivors: 27.0M->18.0M Heap: 1967.4M(2252.0M)->238.6M(2252.0M)]
 [Times: user=0.45 sys=0.00, real=0.05 secs] 

 Concurrent RS processed 3052619 cards
  Of 92063 completed buffers:
        92063 (100.0%) by conc RS threads.
            0 (  0.0%) by mutator threads.
  Conc RS threads times(s)
          0.00     0.00     0.00     0.00     0.00     0.00     0.00     0.00     0.00     0.00     0.00     0.00     0.00     0.00     0.00     0.00     0.00     0.00     0.00
  Total heap region rem set sizes = 6557K.  Max = 31K.
  Static structures = 369K, free_lists = 294K.
    346606 occupied cards represented.
    Max size region = 0:(O)[0x0000000763400000,0x00000007634ffff0,0x0000000763500000], size = 32K, occupied = 94K.
    Did 4519 coarsenings.
2014-08-01T10:02:25.886-0500: 3966.329: [GC pause (young) 3966.330: [G1Ergonomics (CSet Construction) start choosing CSet, _pending_cards: 7253, predicted base time: 23.55 ms, remaining time: 76.45 ms, target pause time: 100.00 ms]
 3966.330: [G1Ergonomics (CSet Construction) add young regions to CSet, eden: 1739 regions, survivors: 18 regions, predicted young region time: 21.09 ms]
 3966.330: [G1Ergonomics (CSet Construction) finish choosing CSet, eden: 1739 regions, survivors: 18 regions, old: 0 regions, predicted pause time: 44.64 ms, target pause time: 100.00 ms]
, 0.0514320 secs]
   [Parallel Time: 30.4 ms, GC Workers: 18]
      [GC Worker Start (ms): Min: 3966329.8, Avg: 3966330.0, Max: 3966330.2, Diff: 0.4]
      [Ext Root Scanning (ms): Min: 8.0, Avg: 10.2, Max: 14.0, Diff: 6.0, Sum: 184.4]
      [Update RS (ms): Min: 0.0, Avg: 2.5, Max: 4.5, Diff: 4.5, Sum: 45.8]
         [Processed Buffers: Min: 0, Avg: 8.2, Max: 20, Diff: 20, Sum: 147]
      [Scan RS (ms): Min: 0.2, Avg: 0.9, Max: 1.1, Diff: 0.9, Sum: 15.7]
      [Object Copy (ms): Min: 9.9, Avg: 11.3, Max: 15.9, Diff: 5.9, Sum: 204.0]
      [Termination (ms): Min: 0.0, Avg: 4.7, Max: 5.1, Diff: 5.0, Sum: 84.3]
      [GC Worker Other (ms): Min: 0.0, Avg: 0.2, Max: 0.4, Diff: 0.4, Sum: 3.5]
      [GC Worker Total (ms): Min: 29.6, Avg: 29.9, Max: 30.1, Diff: 0.5, Sum: 537.7]
      [GC Worker End (ms): Min: 3966359.7, Avg: 3966359.9, Max: 3966360.1, Diff: 0.4]
   [Code Root Fixup: 0.0 ms]
   [Clear CT: 2.0 ms]
   [Other: 19.0 ms]
      [Choose CSet: 0.0 ms]
      [Ref Proc: 11.7 ms]
      [Ref Enq: 0.7 ms]
      [Free CSet: 5.8 ms]
   [Eden: 1739.0M(1739.0M)->0.0B(1736.0M) Survivors: 18.0M->19.0M Heap: 1977.6M(2252.0M)->239.5M(2252.0M)]
 [Times: user=0.55 sys=0.01, real=0.05 secs] 

 Concurrent RS processed 3056988 cards
  Of 92210 completed buffers:
        92210 (100.0%) by conc RS threads.
            0 (  0.0%) by mutator threads.
  Conc RS threads times(s)
          0.00     0.00     0.00     0.00     0.00     0.00     0.00     0.00     0.00     0.00     0.00     0.00     0.00     0.00     0.00     0.00     0.00     0.00     0.00
  Total heap region rem set sizes = 6603K.  Max = 32K.
  Static structures = 369K, free_lists = 280K.
    351686 occupied cards represented.
    Max size region = 0:(O)[0x0000000763400000,0x00000007634ffff0,0x0000000763500000], size = 33K, occupied = 95K.
    Did 4519 coarsenings.
2014-08-01T10:02:32.699-0500: 3973.142: [GC pause (young) 3973.142: [G1Ergonomics (CSet Construction) start choosing CSet, _pending_cards: 5522, predicted base time: 25.19 ms, remaining time: 74.81 ms, target pause time: 100.00 ms]
 3973.142: [G1Ergonomics (CSet Construction) add young regions to CSet, eden: 1736 regions, survivors: 19 regions, predicted young region time: 17.79 ms]
 3973.142: [G1Ergonomics (CSet Construction) finish choosing CSet, eden: 1736 regions, survivors: 19 regions, old: 0 regions, predicted pause time: 42.98 ms, target pause time: 100.00 ms]
, 0.0418950 secs]
   [Parallel Time: 25.9 ms, GC Workers: 18]
      [GC Worker Start (ms): Min: 3973142.5, Avg: 3973142.6, Max: 3973142.8, Diff: 0.4]
      [Ext Root Scanning (ms): Min: 5.7, Avg: 6.8, Max: 11.4, Diff: 5.6, Sum: 121.8]
      [Update RS (ms): Min: 0.0, Avg: 1.7, Max: 3.2, Diff: 3.2, Sum: 31.2]
         [Processed Buffers: Min: 0, Avg: 8.2, Max: 23, Diff: 23, Sum: 147]
      [Scan RS (ms): Min: 0.2, Avg: 0.9, Max: 1.0, Diff: 0.8, Sum: 15.7]
      [Object Copy (ms): Min: 8.6, Avg: 11.1, Max: 16.1, Diff: 7.6, Sum: 199.1]
      [Termination (ms): Min: 0.0, Avg: 3.7, Max: 4.0, Diff: 4.0, Sum: 65.8]
      [GC Worker Other (ms): Min: 0.0, Avg: 0.2, Max: 0.4, Diff: 0.3, Sum: 3.0]
      [GC Worker Total (ms): Min: 24.0, Avg: 24.3, Max: 25.3, Diff: 1.3, Sum: 436.6]
      [GC Worker End (ms): Min: 3973166.7, Avg: 3973166.9, Max: 3973168.1, Diff: 1.5]
   [Code Root Fixup: 0.0 ms]
   [Clear CT: 2.1 ms]
   [Other: 13.8 ms]
      [Choose CSet: 0.0 ms]
      [Ref Proc: 7.2 ms]
      [Ref Enq: 0.8 ms]
      [Free CSet: 5.1 ms]
   [Eden: 1736.0M(1736.0M)->0.0B(1744.0M) Survivors: 19.0M->15.0M Heap: 1975.5M(2252.0M)->235.9M(2252.0M)]
 [Times: user=0.48 sys=0.01, real=0.04 secs] 

 Concurrent RS processed 3059452 cards
  Of 92357 completed buffers:
        92357 (100.0%) by conc RS threads.
            0 (  0.0%) by mutator threads.
  Conc RS threads times(s)
          0.00     0.00     0.00     0.00     0.00     0.00     0.00     0.00     0.00     0.00     0.00     0.00     0.00     0.00     0.00     0.00     0.00     0.00     0.00
  Total heap region rem set sizes = 6612K.  Max = 32K.
  Static structures = 369K, free_lists = 277K.
    352209 occupied cards represented.
    Max size region = 0:(O)[0x0000000763400000,0x00000007634ffff0,0x0000000763500000], size = 33K, occupied = 95K.
    Did 4519 coarsenings.
2014-08-01T10:02:39.832-0500: 3980.275: [GC pause (young) 3980.275: [G1Ergonomics (CSet Construction) start choosing CSet, _pending_cards: 5500, predicted base time: 24.27 ms, remaining time: 75.73 ms, target pause time: 100.00 ms]
 3980.275: [G1Ergonomics (CSet Construction) add young regions to CSet, eden: 1744 regions, survivors: 15 regions, predicted young region time: 12.85 ms]
 3980.275: [G1Ergonomics (CSet Construction) finish choosing CSet, eden: 1744 regions, survivors: 15 regions, old: 0 regions, predicted pause time: 37.12 ms, target pause time: 100.00 ms]
, 0.0408170 secs]
   [Parallel Time: 20.7 ms, GC Workers: 18]
      [GC Worker Start (ms): Min: 3980275.7, Avg: 3980275.8, Max: 3980276.0, Diff: 0.3]
      [Ext Root Scanning (ms): Min: 6.4, Avg: 8.0, Max: 18.1, Diff: 11.7, Sum: 144.2]
      [Update RS (ms): Min: 0.0, Avg: 1.5, Max: 2.5, Diff: 2.5, Sum: 27.3]
         [Processed Buffers: Min: 0, Avg: 7.8, Max: 21, Diff: 21, Sum: 140]
      [Scan RS (ms): Min: 0.3, Avg: 1.0, Max: 3.5, Diff: 3.1, Sum: 17.9]
      [Object Copy (ms): Min: 1.3, Avg: 8.6, Max: 9.8, Diff: 8.5, Sum: 155.0]
      [Termination (ms): Min: 0.1, Avg: 1.0, Max: 1.2, Diff: 1.1, Sum: 18.1]
      [GC Worker Other (ms): Min: 0.0, Avg: 0.2, Max: 0.3, Diff: 0.3, Sum: 2.9]
      [GC Worker Total (ms): Min: 20.1, Avg: 20.3, Max: 20.6, Diff: 0.6, Sum: 365.4]
      [GC Worker End (ms): Min: 3980296.0, Avg: 3980296.1, Max: 3980296.3, Diff: 0.3]
   [Code Root Fixup: 0.0 ms]
   [Clear CT: 3.3 ms]
   [Other: 16.9 ms]
      [Choose CSet: 0.0 ms]
      [Ref Proc: 10.8 ms]
      [Ref Enq: 0.4 ms]
      [Free CSet: 5.0 ms]
   [Eden: 1744.0M(1744.0M)->0.0B(1736.0M) Survivors: 15.0M->19.0M Heap: 1979.9M(2252.0M)->240.4M(2252.0M)]
 [Times: user=0.45 sys=0.00, real=0.04 secs] 

 Concurrent RS processed 3061931 cards
  Of 92497 completed buffers:
        92497 (100.0%) by conc RS threads.
            0 (  0.0%) by mutator threads.
  Conc RS threads times(s)
          0.00     0.00     0.00     0.00     0.00     0.00     0.00     0.00     0.00     0.00     0.00     0.00     0.00     0.00     0.00     0.00     0.00     0.00     0.00
  Total heap region rem set sizes = 6615K.  Max = 32K.
  Static structures = 369K, free_lists = 276K.
    352647 occupied cards represented.
    Max size region = 0:(O)[0x0000000763400000,0x00000007634ffff0,0x0000000763500000], size = 33K, occupied = 95K.
    Did 4519 coarsenings.
2014-08-01T10:02:46.647-0500: 3987.090: [GC pause (young) 3987.090: [G1Ergonomics (CSet Construction) start choosing CSet, _pending_cards: 5178, predicted base time: 24.72 ms, remaining time: 75.28 ms, target pause time: 100.00 ms]
 3987.090: [G1Ergonomics (CSet Construction) add young regions to CSet, eden: 1736 regions, survivors: 19 regions, predicted young region time: 17.09 ms]
 3987.090: [G1Ergonomics (CSet Construction) finish choosing CSet, eden: 1736 regions, survivors: 19 regions, old: 0 regions, predicted pause time: 41.81 ms, target pause time: 100.00 ms]
, 0.0394700 secs]
   [Parallel Time: 23.6 ms, GC Workers: 18]
      [GC Worker Start (ms): Min: 3987090.4, Avg: 3987090.6, Max: 3987090.8, Diff: 0.3]
      [Ext Root Scanning (ms): Min: 9.2, Avg: 11.2, Max: 13.5, Diff: 4.3, Sum: 202.0]
      [Update RS (ms): Min: 0.0, Avg: 2.1, Max: 10.5, Diff: 10.5, Sum: 37.5]
         [Processed Buffers: Min: 0, Avg: 7.5, Max: 23, Diff: 23, Sum: 135]
      [Scan RS (ms): Min: 0.4, Avg: 0.8, Max: 1.0, Diff: 0.6, Sum: 14.2]
      [Object Copy (ms): Min: 2.0, Avg: 7.8, Max: 9.7, Diff: 7.7, Sum: 141.1]
      [Termination (ms): Min: 0.0, Avg: 0.9, Max: 1.3, Diff: 1.3, Sum: 15.6]
      [GC Worker Other (ms): Min: 0.0, Avg: 0.2, Max: 0.4, Diff: 0.4, Sum: 3.3]
      [GC Worker Total (ms): Min: 22.7, Avg: 23.0, Max: 23.3, Diff: 0.6, Sum: 413.7]
      [GC Worker End (ms): Min: 3987113.4, Avg: 3987113.6, Max: 3987113.8, Diff: 0.4]
   [Code Root Fixup: 0.0 ms]
   [Clear CT: 2.0 ms]
   [Other: 13.9 ms]
      [Choose CSet: 0.0 ms]
      [Ref Proc: 7.5 ms]
      [Ref Enq: 0.4 ms]
      [Free CSet: 5.3 ms]
   [Eden: 1736.0M(1736.0M)->0.0B(1746.0M) Survivors: 19.0M->14.0M Heap: 1976.4M(2252.0M)->235.1M(2252.0M)]
 [Times: user=0.39 sys=0.00, real=0.04 secs] 

 Concurrent RS processed 3064390 cards
  Of 92632 completed buffers:
        92632 (100.0%) by conc RS threads.
            0 (  0.0%) by mutator threads.
  Conc RS threads times(s)
          0.00     0.00     0.00     0.00     0.00     0.00     0.00     0.00     0.00     0.00     0.00     0.00     0.00     0.00     0.00     0.00     0.00     0.00     0.00
  Total heap region rem set sizes = 6617K.  Max = 32K.
  Static structures = 369K, free_lists = 275K.
    353026 occupied cards represented.
    Max size region = 0:(O)[0x0000000763400000,0x00000007634ffff0,0x0000000763500000], size = 33K, occupied = 95K.
    Did 4519 coarsenings.
2014-08-01T10:02:53.928-0500: 3994.372: [GC pause (young) 3994.372: [G1Ergonomics (CSet Construction) start choosing CSet, _pending_cards: 5250, predicted base time: 24.95 ms, remaining time: 75.05 ms, target pause time: 100.00 ms]
 3994.372: [G1Ergonomics (CSet Construction) add young regions to CSet, eden: 1746 regions, survivors: 14 regions, predicted young region time: 21.21 ms]
 3994.372: [G1Ergonomics (CSet Construction) finish choosing CSet, eden: 1746 regions, survivors: 14 regions, old: 0 regions, predicted pause time: 46.16 ms, target pause time: 100.00 ms]
, 0.0434450 secs]
   [Parallel Time: 26.3 ms, GC Workers: 18]
      [GC Worker Start (ms): Min: 3994371.9, Avg: 3994372.1, Max: 3994372.2, Diff: 0.3]
      [Ext Root Scanning (ms): Min: 5.8, Avg: 7.6, Max: 12.1, Diff: 6.4, Sum: 136.0]
      [Update RS (ms): Min: 0.0, Avg: 1.5, Max: 3.8, Diff: 3.8, Sum: 27.5]
         [Processed Buffers: Min: 0, Avg: 7.8, Max: 18, Diff: 18, Sum: 140]
      [Scan RS (ms): Min: 0.2, Avg: 0.8, Max: 1.4, Diff: 1.2, Sum: 14.5]
      [Object Copy (ms): Min: 12.8, Avg: 15.2, Max: 16.1, Diff: 3.2, Sum: 274.3]
      [Termination (ms): Min: 0.2, Avg: 0.5, Max: 0.6, Diff: 0.4, Sum: 9.1]
      [GC Worker Other (ms): Min: 0.0, Avg: 0.2, Max: 0.4, Diff: 0.3, Sum: 3.7]
      [GC Worker Total (ms): Min: 25.6, Avg: 25.8, Max: 26.2, Diff: 0.6, Sum: 465.1]
      [GC Worker End (ms): Min: 3994397.7, Avg: 3994397.9, Max: 3994398.1, Diff: 0.3]
   [Code Root Fixup: 0.0 ms]
   [Clear CT: 2.4 ms]
   [Other: 14.7 ms]
      [Choose CSet: 0.0 ms]
      [Ref Proc: 7.6 ms]
      [Ref Enq: 0.5 ms]
      [Free CSet: 6.0 ms]
   [Eden: 1746.0M(1746.0M)->0.0B(1746.0M) Survivors: 14.0M->14.0M Heap: 1981.1M(2252.0M)->235.7M(2252.0M)]
 [Times: user=0.50 sys=0.01, real=0.04 secs] 

 Concurrent RS processed 3066860 cards
  Of 92772 completed buffers:
        92772 (100.0%) by conc RS threads.
            0 (  0.0%) by mutator threads.
  Conc RS threads times(s)
          0.00     0.00     0.00     0.00     0.00     0.00     0.00     0.00     0.00     0.00     0.00     0.00     0.00     0.00     0.00     0.00     0.00     0.00     0.00
  Total heap region rem set sizes = 6617K.  Max = 32K.
  Static structures = 369K, free_lists = 275K.
    353436 occupied cards represented.
    Max size region = 0:(O)[0x0000000763400000,0x00000007634ffff0,0x0000000763500000], size = 33K, occupied = 95K.
    Did 4519 coarsenings.
2014-08-01T10:03:00.755-0500: 4001.199: [GC pause (young) 4001.199: [G1Ergonomics (CSet Construction) start choosing CSet, _pending_cards: 5768, predicted base time: 24.18 ms, remaining time: 75.82 ms, target pause time: 100.00 ms]
 4001.199: [G1Ergonomics (CSet Construction) add young regions to CSet, eden: 1746 regions, survivors: 14 regions, predicted young region time: 21.74 ms]
 4001.199: [G1Ergonomics (CSet Construction) finish choosing CSet, eden: 1746 regions, survivors: 14 regions, old: 0 regions, predicted pause time: 45.92 ms, target pause time: 100.00 ms]
, 0.0366950 secs]
   [Parallel Time: 22.0 ms, GC Workers: 18]
      [GC Worker Start (ms): Min: 4001199.1, Avg: 4001199.3, Max: 4001199.4, Diff: 0.3]
      [Ext Root Scanning (ms): Min: 5.4, Avg: 6.7, Max: 11.5, Diff: 6.1, Sum: 120.4]
      [Update RS (ms): Min: 0.0, Avg: 2.1, Max: 4.3, Diff: 4.3, Sum: 37.5]
         [Processed Buffers: Min: 0, Avg: 7.7, Max: 27, Diff: 27, Sum: 138]
      [Scan RS (ms): Min: 0.2, Avg: 0.7, Max: 1.1, Diff: 0.9, Sum: 13.3]
      [Object Copy (ms): Min: 8.6, Avg: 11.1, Max: 12.2, Diff: 3.6, Sum: 199.9]
      [Termination (ms): Min: 0.1, Avg: 0.8, Max: 0.9, Diff: 0.8, Sum: 13.5]
      [GC Worker Other (ms): Min: 0.0, Avg: 0.2, Max: 0.3, Diff: 0.3, Sum: 3.0]
      [GC Worker Total (ms): Min: 21.3, Avg: 21.5, Max: 21.8, Diff: 0.5, Sum: 387.7]
      [GC Worker End (ms): Min: 4001220.6, Avg: 4001220.8, Max: 4001221.0, Diff: 0.3]
   [Code Root Fixup: 0.0 ms]
   [Clear CT: 1.9 ms]
   [Other: 12.9 ms]
      [Choose CSet: 0.0 ms]
      [Ref Proc: 5.7 ms]
      [Ref Enq: 0.6 ms]
      [Free CSet: 5.7 ms]
   [Eden: 1746.0M(1746.0M)->0.0B(1727.0M) Survivors: 14.0M->23.0M Heap: 1981.7M(2252.0M)->244.8M(2252.0M)]
 [Times: user=0.43 sys=0.00, real=0.04 secs] 

 Concurrent RS processed 3069686 cards
  Of 92910 completed buffers:
        92910 (100.0%) by conc RS threads.
            0 (  0.0%) by mutator threads.
  Conc RS threads times(s)
          0.00     0.00     0.00     0.00     0.00     0.00     0.00     0.00     0.00     0.00     0.00     0.00     0.00     0.00     0.00     0.00     0.00     0.00     0.00
  Total heap region rem set sizes = 6620K.  Max = 32K.
  Static structures = 369K, free_lists = 274K.
    354547 occupied cards represented.
    Max size region = 0:(O)[0x0000000763400000,0x00000007634ffff0,0x0000000763500000], size = 33K, occupied = 95K.
    Did 4519 coarsenings.
2014-08-01T10:03:07.242-0500: 4007.686: [GC pause (young) 4007.686: [G1Ergonomics (CSet Construction) start choosing CSet, _pending_cards: 5498, predicted base time: 22.86 ms, remaining time: 77.14 ms, target pause time: 100.00 ms]
 4007.686: [G1Ergonomics (CSet Construction) add young regions to CSet, eden: 1727 regions, survivors: 23 regions, predicted young region time: 12.78 ms]
 4007.686: [G1Ergonomics (CSet Construction) finish choosing CSet, eden: 1727 regions, survivors: 23 regions, old: 0 regions, predicted pause time: 35.64 ms, target pause time: 100.00 ms]
, 0.0360480 secs]
   [Parallel Time: 19.8 ms, GC Workers: 18]
      [GC Worker Start (ms): Min: 4007686.2, Avg: 4007686.3, Max: 4007686.5, Diff: 0.4]
      [Ext Root Scanning (ms): Min: 6.6, Avg: 8.5, Max: 11.3, Diff: 4.8, Sum: 152.5]
      [Update RS (ms): Min: 0.0, Avg: 1.4, Max: 3.2, Diff: 3.2, Sum: 25.1]
         [Processed Buffers: Min: 0, Avg: 8.1, Max: 29, Diff: 29, Sum: 145]
      [Scan RS (ms): Min: 0.2, Avg: 1.2, Max: 8.4, Diff: 8.1, Sum: 22.0]
      [Object Copy (ms): Min: 1.7, Avg: 7.5, Max: 8.8, Diff: 7.1, Sum: 134.9]
      [Termination (ms): Min: 0.0, Avg: 0.6, Max: 0.6, Diff: 0.6, Sum: 10.0]
      [GC Worker Other (ms): Min: 0.0, Avg: 0.2, Max: 0.3, Diff: 0.3, Sum: 3.0]
      [GC Worker Total (ms): Min: 19.0, Avg: 19.3, Max: 19.6, Diff: 0.5, Sum: 347.5]
      [GC Worker End (ms): Min: 4007705.5, Avg: 4007705.6, Max: 4007705.8, Diff: 0.3]
   [Code Root Fixup: 0.0 ms]
   [Clear CT: 2.1 ms]
   [Other: 14.2 ms]
      [Choose CSet: 0.0 ms]
      [Ref Proc: 5.5 ms]
      [Ref Enq: 0.7 ms]
      [Free CSet: 7.3 ms]
   [Eden: 1727.0M(1727.0M)->0.0B(1741.0M) Survivors: 23.0M->16.0M Heap: 1971.8M(2252.0M)->237.6M(2252.0M)]
 [Times: user=0.36 sys=0.00, real=0.04 secs] 

 Concurrent RS processed 3072271 cards
  Of 93055 completed buffers:
        93055 (100.0%) by conc RS threads.
            0 (  0.0%) by mutator threads.
  Conc RS threads times(s)
          0.00     0.00     0.00     0.00     0.00     0.00     0.00     0.00     0.00     0.00     0.00     0.00     0.00     0.00     0.00     0.00     0.00     0.00     0.00
  Total heap region rem set sizes = 6624K.  Max = 33K.
  Static structures = 369K, free_lists = 273K.
    355030 occupied cards represented.
    Max size region = 0:(O)[0x0000000763400000,0x00000007634ffff0,0x0000000763500000], size = 34K, occupied = 96K.
    Did 4519 coarsenings.
2014-08-01T10:03:14.196-0500: 4014.640: [GC pause (young) 4014.640: [G1Ergonomics (CSet Construction) start choosing CSet, _pending_cards: 5220, predicted base time: 21.97 ms, remaining time: 78.03 ms, target pause time: 100.00 ms]
 4014.640: [G1Ergonomics (CSet Construction) add young regions to CSet, eden: 1741 regions, survivors: 16 regions, predicted young region time: 13.35 ms]
 4014.640: [G1Ergonomics (CSet Construction) finish choosing CSet, eden: 1741 regions, survivors: 16 regions, old: 0 regions, predicted pause time: 35.32 ms, target pause time: 100.00 ms]
, 0.0502550 secs]
   [Parallel Time: 28.6 ms, GC Workers: 18]
      [GC Worker Start (ms): Min: 4014639.9, Avg: 4014640.0, Max: 4014640.1, Diff: 0.3]
      [Ext Root Scanning (ms): Min: 4.6, Avg: 6.0, Max: 12.1, Diff: 7.5, Sum: 108.2]
      [Update RS (ms): Min: 0.0, Avg: 0.8, Max: 2.0, Diff: 2.0, Sum: 15.2]
         [Processed Buffers: Min: 0, Avg: 7.6, Max: 35, Diff: 35, Sum: 137]
      [Scan RS (ms): Min: 0.2, Avg: 0.6, Max: 0.8, Diff: 0.6, Sum: 10.5]
      [Object Copy (ms): Min: 0.1, Avg: 6.2, Max: 20.8, Diff: 20.6, Sum: 112.3]
      [Termination (ms): Min: 0.0, Avg: 14.4, Max: 15.4, Diff: 15.4, Sum: 258.4]
      [GC Worker Other (ms): Min: 0.0, Avg: 0.1, Max: 0.3, Diff: 0.2, Sum: 2.4]
      [GC Worker Total (ms): Min: 28.0, Avg: 28.2, Max: 28.4, Diff: 0.4, Sum: 507.0]
      [GC Worker End (ms): Min: 4014668.1, Avg: 4014668.2, Max: 4014668.3, Diff: 0.3]
   [Code Root Fixup: 0.0 ms]
   [Clear CT: 1.5 ms]
   [Other: 20.1 ms]
      [Choose CSet: 0.0 ms]
      [Ref Proc: 15.9 ms]
      [Ref Enq: 0.3 ms]
      [Free CSet: 3.5 ms]
   [Eden: 1741.0M(1741.0M)->0.0B(1751.0M) Survivors: 16.0M->11.0M Heap: 1978.6M(2252.0M)->233.1M(2252.0M)]
 [Times: user=0.62 sys=0.01, real=0.05 secs] 

 Concurrent RS processed 3074815 cards
  Of 93192 completed buffers:
        93192 (100.0%) by conc RS threads.
            0 (  0.0%) by mutator threads.
  Conc RS threads times(s)
          0.00     0.00     0.00     0.00     0.00     0.00     0.00     0.00     0.00     0.00     0.00     0.00     0.00     0.00     0.00     0.00     0.00     0.00     0.00
  Total heap region rem set sizes = 6628K.  Max = 33K.
  Static structures = 369K, free_lists = 272K.
    355451 occupied cards represented.
    Max size region = 0:(O)[0x0000000763400000,0x00000007634ffff0,0x0000000763500000], size = 34K, occupied = 96K.
    Did 4519 coarsenings.
2014-08-01T10:03:21.514-0500: 4021.958: [GC pause (young) 4021.958: [G1Ergonomics (CSet Construction) start choosing CSet, _pending_cards: 5236, predicted base time: 23.73 ms, remaining time: 76.27 ms, target pause time: 100.00 ms]
 4021.958: [G1Ergonomics (CSet Construction) add young regions to CSet, eden: 1751 regions, survivors: 11 regions, predicted young region time: 14.75 ms]
 4021.958: [G1Ergonomics (CSet Construction) finish choosing CSet, eden: 1751 regions, survivors: 11 regions, old: 0 regions, predicted pause time: 38.48 ms, target pause time: 100.00 ms]
, 0.0373850 secs]
   [Parallel Time: 19.6 ms, GC Workers: 18]
      [GC Worker Start (ms): Min: 4021958.0, Avg: 4021958.2, Max: 4021958.4, Diff: 0.4]
      [Ext Root Scanning (ms): Min: 4.6, Avg: 7.0, Max: 14.2, Diff: 9.6, Sum: 126.4]
      [Update RS (ms): Min: 0.0, Avg: 1.8, Max: 6.0, Diff: 6.0, Sum: 32.0]
         [Processed Buffers: Min: 0, Avg: 7.7, Max: 28, Diff: 28, Sum: 138]
      [Scan RS (ms): Min: 0.2, Avg: 0.7, Max: 1.2, Diff: 0.9, Sum: 13.5]
      [Object Copy (ms): Min: 4.0, Avg: 8.9, Max: 9.8, Diff: 5.8, Sum: 159.9]
      [Termination (ms): Min: 0.0, Avg: 0.4, Max: 0.5, Diff: 0.5, Sum: 7.1]
      [GC Worker Other (ms): Min: 0.0, Avg: 0.2, Max: 0.5, Diff: 0.4, Sum: 3.9]
      [GC Worker Total (ms): Min: 18.7, Avg: 19.0, Max: 19.4, Diff: 0.7, Sum: 342.9]
      [GC Worker End (ms): Min: 4021977.0, Avg: 4021977.2, Max: 4021977.5, Diff: 0.5]
   [Code Root Fixup: 0.0 ms]
   [Clear CT: 2.0 ms]
   [Other: 15.8 ms]
      [Choose CSet: 0.0 ms]
      [Ref Proc: 9.5 ms]
      [Ref Enq: 0.6 ms]
      [Free CSet: 5.0 ms]
   [Eden: 1751.0M(1751.0M)->0.0B(1723.0M) Survivors: 11.0M->25.0M Heap: 1984.1M(2252.0M)->246.5M(2252.0M)]
 [Times: user=0.41 sys=0.00, real=0.04 secs] 

 Concurrent RS processed 3077312 cards
  Of 93330 completed buffers:
        93330 (100.0%) by conc RS threads.
            0 (  0.0%) by mutator threads.
  Conc RS threads times(s)
          0.00     0.00     0.00     0.00     0.00     0.00     0.00     0.00     0.00     0.00     0.00     0.00     0.00     0.00     0.00     0.00     0.00     0.00     0.00
  Total heap region rem set sizes = 6629K.  Max = 33K.
  Static structures = 369K, free_lists = 271K.
    355809 occupied cards represented.
    Max size region = 0:(O)[0x0000000763400000,0x00000007634ffff0,0x0000000763500000], size = 34K, occupied = 96K.
    Did 4519 coarsenings.
2014-08-01T10:03:28.592-0500: 4029.035: [GC pause (young) 4029.035: [G1Ergonomics (CSet Construction) start choosing CSet, _pending_cards: 6004, predicted base time: 23.75 ms, remaining time: 76.25 ms, target pause time: 100.00 ms]
 4029.035: [G1Ergonomics (CSet Construction) add young regions to CSet, eden: 1723 regions, survivors: 25 regions, predicted young region time: 21.80 ms]
 4029.035: [G1Ergonomics (CSet Construction) finish choosing CSet, eden: 1723 regions, survivors: 25 regions, old: 0 regions, predicted pause time: 45.55 ms, target pause time: 100.00 ms]
, 0.0369690 secs]
   [Parallel Time: 23.0 ms, GC Workers: 18]
      [GC Worker Start (ms): Min: 4029035.5, Avg: 4029035.7, Max: 4029035.9, Diff: 0.4]
      [Ext Root Scanning (ms): Min: 6.1, Avg: 7.3, Max: 11.9, Diff: 5.8, Sum: 131.4]
      [Update RS (ms): Min: 0.0, Avg: 1.6, Max: 2.6, Diff: 2.6, Sum: 28.5]
         [Processed Buffers: Min: 0, Avg: 7.6, Max: 22, Diff: 22, Sum: 137]
      [Scan RS (ms): Min: 0.2, Avg: 0.8, Max: 1.0, Diff: 0.8, Sum: 14.0]
      [Object Copy (ms): Min: 6.7, Avg: 9.4, Max: 12.4, Diff: 5.6, Sum: 168.9]
      [Termination (ms): Min: 0.0, Avg: 3.2, Max: 3.5, Diff: 3.5, Sum: 57.4]
      [GC Worker Other (ms): Min: 0.0, Avg: 0.2, Max: 0.4, Diff: 0.4, Sum: 3.3]
      [GC Worker Total (ms): Min: 22.1, Avg: 22.4, Max: 22.7, Diff: 0.6, Sum: 403.5]
      [GC Worker End (ms): Min: 4029057.9, Avg: 4029058.1, Max: 4029058.3, Diff: 0.4]
   [Code Root Fixup: 0.0 ms]
   [Clear CT: 2.1 ms]
   [Other: 11.9 ms]
      [Choose CSet: 0.0 ms]
      [Ref Proc: 5.8 ms]
      [Ref Enq: 0.4 ms]
      [Free CSet: 5.0 ms]
   [Eden: 1723.0M(1723.0M)->0.0B(1737.0M) Survivors: 25.0M->18.0M Heap: 1969.5M(2252.0M)->240.0M(2252.0M)]
 [Times: user=0.43 sys=0.01, real=0.03 secs] 

 Concurrent RS processed 3079723 cards
  Of 93467 completed buffers:
        93467 (100.0%) by conc RS threads.
            0 (  0.0%) by mutator threads.
  Conc RS threads times(s)
          0.00     0.00     0.00     0.00     0.00     0.00     0.00     0.00     0.00     0.00     0.00     0.00     0.00     0.00     0.00     0.00     0.00     0.00     0.00
  Total heap region rem set sizes = 6632K.  Max = 33K.
  Static structures = 369K, free_lists = 271K.
    356074 occupied cards represented.
    Max size region = 0:(O)[0x0000000763400000,0x00000007634ffff0,0x0000000763500000], size = 34K, occupied = 96K.
    Did 4519 coarsenings.
2014-08-01T10:03:35.279-0500: 4035.722: [GC pause (young) 4035.722: [G1Ergonomics (CSet Construction) start choosing CSet, _pending_cards: 5509, predicted base time: 22.43 ms, remaining time: 77.57 ms, target pause time: 100.00 ms]
 4035.722: [G1Ergonomics (CSet Construction) add young regions to CSet, eden: 1737 regions, survivors: 18 regions, predicted young region time: 12.70 ms]
 4035.722: [G1Ergonomics (CSet Construction) finish choosing CSet, eden: 1737 regions, survivors: 18 regions, old: 0 regions, predicted pause time: 35.12 ms, target pause time: 100.00 ms]
, 0.0464990 secs]
   [Parallel Time: 27.5 ms, GC Workers: 18]
      [GC Worker Start (ms): Min: 4035722.5, Avg: 4035722.6, Max: 4035722.8, Diff: 0.3]
      [Ext Root Scanning (ms): Min: 4.4, Avg: 6.5, Max: 11.4, Diff: 7.1, Sum: 117.3]
      [Update RS (ms): Min: 0.0, Avg: 1.5, Max: 3.6, Diff: 3.6, Sum: 27.4]
         [Processed Buffers: Min: 0, Avg: 8.4, Max: 22, Diff: 22, Sum: 151]
      [Scan RS (ms): Min: 0.2, Avg: 0.7, Max: 1.0, Diff: 0.8, Sum: 13.3]
      [Object Copy (ms): Min: 14.8, Avg: 17.6, Max: 18.0, Diff: 3.3, Sum: 316.5]
      [Termination (ms): Min: 0.0, Avg: 0.4, Max: 0.5, Diff: 0.5, Sum: 7.1]
      [GC Worker Other (ms): Min: 0.0, Avg: 0.2, Max: 0.4, Diff: 0.4, Sum: 4.3]
      [GC Worker Total (ms): Min: 26.7, Avg: 27.0, Max: 27.3, Diff: 0.6, Sum: 485.9]
      [GC Worker End (ms): Min: 4035749.4, Avg: 4035749.6, Max: 4035749.8, Diff: 0.4]
   [Code Root Fixup: 0.0 ms]
   [Clear CT: 1.9 ms]
   [Other: 17.1 ms]
      [Choose CSet: 0.0 ms]
      [Ref Proc: 8.2 ms]
      [Ref Enq: 1.7 ms]
      [Free CSet: 6.4 ms]
   [Eden: 1737.0M(1737.0M)->0.0B(1725.0M) Survivors: 18.0M->24.0M Heap: 1977.0M(2252.0M)->245.7M(2252.0M)]
 [Times: user=0.53 sys=0.01, real=0.05 secs] 

 Concurrent RS processed 3082201 cards
  Of 93618 completed buffers:
        93618 (100.0%) by conc RS threads.
            0 (  0.0%) by mutator threads.
  Conc RS threads times(s)
          0.00     0.00     0.00     0.00     0.00     0.00     0.00     0.00     0.00     0.00     0.00     0.00     0.00     0.00     0.00     0.00     0.00     0.00     0.00
  Total heap region rem set sizes = 6634K.  Max = 33K.
  Static structures = 369K, free_lists = 270K.
    356464 occupied cards represented.
    Max size region = 0:(O)[0x0000000763400000,0x00000007634ffff0,0x0000000763500000], size = 34K, occupied = 96K.
    Did 4519 coarsenings.
2014-08-01T10:03:41.251-0500: 4041.694: [GC pause (young) 4041.694: [G1Ergonomics (CSet Construction) start choosing CSet, _pending_cards: 120215, predicted base time: 56.86 ms, remaining time: 43.14 ms, target pause time: 100.00 ms]
 4041.694: [G1Ergonomics (CSet Construction) add young regions to CSet, eden: 1552 regions, survivors: 24 regions, predicted young region time: 85.42 ms]
 4041.694: [G1Ergonomics (CSet Construction) finish choosing CSet, eden: 1552 regions, survivors: 24 regions, old: 0 regions, predicted pause time: 142.27 ms, target pause time: 100.00 ms]
, 0.0711420 secs]
   [Parallel Time: 51.0 ms, GC Workers: 18]
      [GC Worker Start (ms): Min: 4041695.2, Avg: 4041695.4, Max: 4041695.6, Diff: 0.4]
      [Ext Root Scanning (ms): Min: 6.8, Avg: 9.2, Max: 12.7, Diff: 5.9, Sum: 165.2]
      [Update RS (ms): Min: 22.8, Avg: 25.3, Max: 27.4, Diff: 4.6, Sum: 455.9]
         [Processed Buffers: Min: 16, Avg: 33.6, Max: 62, Diff: 46, Sum: 605]
      [Scan RS (ms): Min: 0.1, Avg: 1.1, Max: 1.4, Diff: 1.3, Sum: 19.8]
      [Object Copy (ms): Min: 4.4, Avg: 6.7, Max: 15.1, Diff: 10.7, Sum: 120.8]
      [Termination (ms): Min: 0.0, Avg: 8.1, Max: 8.6, Diff: 8.6, Sum: 145.0]
      [GC Worker Other (ms): Min: 0.0, Avg: 0.2, Max: 0.3, Diff: 0.3, Sum: 2.7]
      [GC Worker Total (ms): Min: 50.3, Avg: 50.5, Max: 50.8, Diff: 0.6, Sum: 909.3]
      [GC Worker End (ms): Min: 4041745.8, Avg: 4041745.9, Max: 4041746.1, Diff: 0.3]
   [Code Root Fixup: 0.0 ms]
   [Clear CT: 1.9 ms]
   [Other: 18.3 ms]
      [Choose CSet: 0.1 ms]
      [Ref Proc: 10.7 ms]
      [Ref Enq: 1.5 ms]
      [Free CSet: 4.8 ms]
   [Eden: 1552.0M(1552.0M)->0.0B(1627.0M) Survivors: 24.0M->16.0M Heap: 1888.1M(2252.0M)->328.1M(2252.0M)]
 [Times: user=0.88 sys=0.01, real=0.08 secs] 

 Concurrent RS processed 3165174 cards
  Of 94502 completed buffers:
        94502 (100.0%) by conc RS threads.
            0 (  0.0%) by mutator threads.
  Conc RS threads times(s)
          0.00     0.00     0.00     0.00     0.00     0.00     0.00     0.00     0.00     0.00     0.00     0.00     0.00     0.00     0.00     0.00     0.00     0.00     0.00
  Total heap region rem set sizes = 6427K.  Max = 33K.
  Static structures = 369K, free_lists = 270K.
    356803 occupied cards represented.
    Max size region = 0:(O)[0x0000000763400000,0x00000007634ffff0,0x0000000763500000], size = 34K, occupied = 96K.
    Did 4519 coarsenings.
2014-08-01T10:03:47.605-0500: 4048.049: [GC pause (young) 4048.049: [G1Ergonomics (CSet Construction) start choosing CSet, _pending_cards: 5739, predicted base time: 24.13 ms, remaining time: 75.87 ms, target pause time: 100.00 ms]
 4048.049: [G1Ergonomics (CSet Construction) add young regions to CSet, eden: 1627 regions, survivors: 16 regions, predicted young region time: 24.71 ms]
 4048.049: [G1Ergonomics (CSet Construction) finish choosing CSet, eden: 1627 regions, survivors: 16 regions, old: 0 regions, predicted pause time: 48.85 ms, target pause time: 100.00 ms]
, 0.0596830 secs]
   [Parallel Time: 37.2 ms, GC Workers: 18]
      [GC Worker Start (ms): Min: 4048049.3, Avg: 4048053.5, Max: 4048068.5, Diff: 19.2]
      [Ext Root Scanning (ms): Min: 0.0, Avg: 16.0, Max: 34.0, Diff: 34.0, Sum: 287.5]
      [Update RS (ms): Min: 0.0, Avg: 3.3, Max: 19.6, Diff: 19.6, Sum: 59.3]
         [Processed Buffers: Min: 0, Avg: 7.7, Max: 25, Diff: 25, Sum: 139]
      [Scan RS (ms): Min: 0.2, Avg: 0.6, Max: 1.1, Diff: 0.9, Sum: 11.4]
      [Object Copy (ms): Min: 0.8, Avg: 11.4, Max: 19.5, Diff: 18.7, Sum: 205.0]
      [Termination (ms): Min: 0.0, Avg: 1.1, Max: 2.2, Diff: 2.2, Sum: 20.6]
      [GC Worker Other (ms): Min: 0.0, Avg: 0.2, Max: 0.4, Diff: 0.4, Sum: 3.5]
      [GC Worker Total (ms): Min: 17.7, Avg: 32.6, Max: 36.9, Diff: 19.1, Sum: 587.2]
      [GC Worker End (ms): Min: 4048086.0, Avg: 4048086.1, Max: 4048086.4, Diff: 0.4]
   [Code Root Fixup: 0.0 ms]
   [Clear CT: 1.8 ms]
   [Other: 20.7 ms]
      [Choose CSet: 0.0 ms]
      [Ref Proc: 14.6 ms]
      [Ref Enq: 0.5 ms]
      [Free CSet: 4.8 ms]
   [Eden: 1627.0M(1627.0M)->0.0B(1631.0M) Survivors: 16.0M->14.0M Heap: 1955.1M(2252.0M)->326.7M(2252.0M)]
 [Times: user=0.39 sys=0.01, real=0.06 secs] 

 Concurrent RS processed 3167735 cards
  Of 94641 completed buffers:
        94641 (100.0%) by conc RS threads.
            0 (  0.0%) by mutator threads.
  Conc RS threads times(s)
          0.00     0.00     0.00     0.00     0.00     0.00     0.00     0.00     0.00     0.00     0.00     0.00     0.00     0.00     0.00     0.00     0.00     0.00     0.00
  Total heap region rem set sizes = 6430K.  Max = 33K.
  Static structures = 369K, free_lists = 269K.
    357348 occupied cards represented.
    Max size region = 0:(O)[0x0000000763400000,0x00000007634ffff0,0x0000000763500000], size = 34K, occupied = 96K.
    Did 4519 coarsenings.
2014-08-01T10:03:54.213-0500: 4054.656: [GC pause (young) 4054.656: [G1Ergonomics (CSet Construction) start choosing CSet, _pending_cards: 6252, predicted base time: 32.33 ms, remaining time: 67.67 ms, target pause time: 100.00 ms]
 4054.656: [G1Ergonomics (CSet Construction) add young regions to CSet, eden: 1631 regions, survivors: 14 regions, predicted young region time: 25.25 ms]
 4054.656: [G1Ergonomics (CSet Construction) finish choosing CSet, eden: 1631 regions, survivors: 14 regions, old: 0 regions, predicted pause time: 57.58 ms, target pause time: 100.00 ms]
, 0.0366220 secs]
   [Parallel Time: 21.9 ms, GC Workers: 18]
      [GC Worker Start (ms): Min: 4054656.5, Avg: 4054656.7, Max: 4054656.9, Diff: 0.4]
      [Ext Root Scanning (ms): Min: 6.1, Avg: 7.7, Max: 12.4, Diff: 6.3, Sum: 138.7]
      [Update RS (ms): Min: 0.0, Avg: 1.6, Max: 2.9, Diff: 2.9, Sum: 29.1]
         [Processed Buffers: Min: 0, Avg: 7.6, Max: 40, Diff: 40, Sum: 137]
      [Scan RS (ms): Min: 0.2, Avg: 0.7, Max: 1.0, Diff: 0.8, Sum: 13.0]
      [Object Copy (ms): Min: 8.4, Avg: 10.9, Max: 11.6, Diff: 3.1, Sum: 196.9]
      [Termination (ms): Min: 0.0, Avg: 0.1, Max: 0.2, Diff: 0.2, Sum: 2.2]
      [GC Worker Other (ms): Min: 0.0, Avg: 0.2, Max: 0.5, Diff: 0.4, Sum: 4.5]
      [GC Worker Total (ms): Min: 21.1, Avg: 21.3, Max: 21.6, Diff: 0.5, Sum: 384.2]
      [GC Worker End (ms): Min: 4054677.8, Avg: 4054678.0, Max: 4054678.2, Diff: 0.4]
   [Code Root Fixup: 0.0 ms]
   [Clear CT: 1.8 ms]
   [Other: 12.9 ms]
      [Choose CSet: 0.0 ms]
      [Ref Proc: 7.4 ms]
      [Ref Enq: 0.5 ms]
      [Free CSet: 4.4 ms]
   [Eden: 1631.0M(1631.0M)->0.0B(1631.0M) Survivors: 14.0M->14.0M Heap: 1957.7M(2252.0M)->326.4M(2252.0M)]
 [Times: user=0.41 sys=0.01, real=0.04 secs] 

 Concurrent RS processed 3170178 cards
  Of 94778 completed buffers:
        94778 (100.0%) by conc RS threads.
            0 (  0.0%) by mutator threads.
  Conc RS threads times(s)
          0.00     0.00     0.00     0.00     0.00     0.00     0.00     0.00     0.00     0.00     0.00     0.00     0.00     0.00     0.00     0.00     0.00     0.00     0.00
  Total heap region rem set sizes = 6430K.  Max = 33K.
  Static structures = 369K, free_lists = 269K.
    357573 occupied cards represented.
    Max size region = 0:(O)[0x0000000763400000,0x00000007634ffff0,0x0000000763500000], size = 34K, occupied = 96K.
    Did 4519 coarsenings.
2014-08-01T10:04:00.300-0500: 4060.744: [GC pause (young) 4060.744: [G1Ergonomics (CSet Construction) start choosing CSet, _pending_cards: 5721, predicted base time: 29.40 ms, remaining time: 70.60 ms, target pause time: 100.00 ms]
 4060.744: [G1Ergonomics (CSet Construction) add young regions to CSet, eden: 1631 regions, survivors: 14 regions, predicted young region time: 24.57 ms]
 4060.744: [G1Ergonomics (CSet Construction) finish choosing CSet, eden: 1631 regions, survivors: 14 regions, old: 0 regions, predicted pause time: 53.97 ms, target pause time: 100.00 ms]
, 0.0448960 secs]
   [Parallel Time: 24.5 ms, GC Workers: 18]
      [GC Worker Start (ms): Min: 4060744.1, Avg: 4060744.3, Max: 4060744.5, Diff: 0.4]
      [Ext Root Scanning (ms): Min: 7.0, Avg: 8.0, Max: 10.2, Diff: 3.2, Sum: 143.4]
      [Update RS (ms): Min: 0.0, Avg: 1.7, Max: 3.3, Diff: 3.3, Sum: 30.0]
         [Processed Buffers: Min: 0, Avg: 7.9, Max: 22, Diff: 22, Sum: 142]
      [Scan RS (ms): Min: 0.2, Avg: 0.8, Max: 1.6, Diff: 1.4, Sum: 14.0]
      [Object Copy (ms): Min: 11.5, Avg: 12.5, Max: 12.9, Diff: 1.4, Sum: 224.2]
      [Termination (ms): Min: 0.0, Avg: 0.2, Max: 0.3, Diff: 0.3, Sum: 4.3]
      [GC Worker Other (ms): Min: 0.1, Avg: 0.2, Max: 0.5, Diff: 0.4, Sum: 4.3]
      [GC Worker Total (ms): Min: 23.1, Avg: 23.3, Max: 23.6, Diff: 0.5, Sum: 420.3]
      [GC Worker End (ms): Min: 4060767.5, Avg: 4060767.7, Max: 4060767.9, Diff: 0.4]
   [Code Root Fixup: 0.0 ms]
   [Clear CT: 1.8 ms]
   [Other: 18.6 ms]
      [Choose CSet: 0.0 ms]
      [Ref Proc: 9.9 ms]
      [Ref Enq: 0.5 ms]
      [Free CSet: 7.5 ms]
   [Eden: 1631.0M(1631.0M)->0.0B(1611.0M) Survivors: 14.0M->24.0M Heap: 1957.4M(2252.0M)->336.7M(2252.0M)]
 [Times: user=0.47 sys=0.01, real=0.05 secs] 

 Concurrent RS processed 3172566 cards
  Of 94920 completed buffers:
        94920 (100.0%) by conc RS threads.
            0 (  0.0%) by mutator threads.
  Conc RS threads times(s)
          0.00     0.00     0.00     0.00     0.00     0.00     0.00     0.00     0.00     0.00     0.00     0.00     0.00     0.00     0.00     0.00     0.00     0.00     0.00
  Total heap region rem set sizes = 6432K.  Max = 33K.
  Static structures = 369K, free_lists = 268K.
    357919 occupied cards represented.
    Max size region = 0:(O)[0x0000000763400000,0x00000007634ffff0,0x0000000763500000], size = 34K, occupied = 96K.
    Did 4519 coarsenings.
2014-08-01T10:04:06.679-0500: 4067.122: [GC pause (young) 4067.122: [G1Ergonomics (CSet Construction) start choosing CSet, _pending_cards: 5788, predicted base time: 28.24 ms, remaining time: 71.76 ms, target pause time: 100.00 ms]
 4067.122: [G1Ergonomics (CSet Construction) add young regions to CSet, eden: 1611 regions, survivors: 24 regions, predicted young region time: 12.15 ms]
 4067.122: [G1Ergonomics (CSet Construction) finish choosing CSet, eden: 1611 regions, survivors: 24 regions, old: 0 regions, predicted pause time: 40.39 ms, target pause time: 100.00 ms]
, 0.0455830 secs]
   [Parallel Time: 27.3 ms, GC Workers: 18]
      [GC Worker Start (ms): Min: 4067122.3, Avg: 4067122.5, Max: 4067122.6, Diff: 0.3]
      [Ext Root Scanning (ms): Min: 6.7, Avg: 7.8, Max: 14.9, Diff: 8.2, Sum: 140.2]
      [Update RS (ms): Min: 0.0, Avg: 1.4, Max: 2.7, Diff: 2.7, Sum: 25.8]
         [Processed Buffers: Min: 0, Avg: 8.0, Max: 23, Diff: 23, Sum: 144]
      [Scan RS (ms): Min: 0.2, Avg: 0.8, Max: 1.0, Diff: 0.8, Sum: 13.7]
      [Object Copy (ms): Min: 8.5, Avg: 13.9, Max: 16.9, Diff: 8.4, Sum: 250.8]
      [Termination (ms): Min: 0.2, Avg: 2.7, Max: 3.1, Diff: 2.9, Sum: 49.2]
      [GC Worker Other (ms): Min: 0.0, Avg: 0.2, Max: 0.4, Diff: 0.3, Sum: 3.7]
      [GC Worker Total (ms): Min: 26.6, Avg: 26.9, Max: 27.1, Diff: 0.5, Sum: 483.4]
      [GC Worker End (ms): Min: 4067149.2, Avg: 4067149.3, Max: 4067149.5, Diff: 0.3]
   [Code Root Fixup: 0.0 ms]
   [Clear CT: 1.9 ms]
   [Other: 16.4 ms]
      [Choose CSet: 0.0 ms]
      [Ref Proc: 9.8 ms]
      [Ref Enq: 0.6 ms]
      [Free CSet: 5.2 ms]
   [Eden: 1611.0M(1611.0M)->0.0B(1625.0M) Survivors: 24.0M->17.0M Heap: 1947.7M(2252.0M)->329.4M(2252.0M)]
 [Times: user=0.54 sys=0.01, real=0.04 secs] 

 Concurrent RS processed 3174886 cards
  Of 95064 completed buffers:
        95064 (100.0%) by conc RS threads.
            0 (  0.0%) by mutator threads.
  Conc RS threads times(s)
          0.00     0.00     0.00     0.00     0.00     0.00     0.00     0.00     0.00     0.00     0.00     0.00     0.00     0.00     0.00     0.00     0.00     0.00     0.00
  Total heap region rem set sizes = 6433K.  Max = 33K.
  Static structures = 369K, free_lists = 268K.
    358180 occupied cards represented.
    Max size region = 0:(O)[0x0000000763400000,0x00000007634ffff0,0x0000000763500000], size = 34K, occupied = 96K.
    Did 4519 coarsenings.
2014-08-01T10:04:13.675-0500: 4074.119: [GC pause (young) 4074.119: [G1Ergonomics (CSet Construction) start choosing CSet, _pending_cards: 5770, predicted base time: 27.04 ms, remaining time: 72.96 ms, target pause time: 100.00 ms]
 4074.119: [G1Ergonomics (CSet Construction) add young regions to CSet, eden: 1625 regions, survivors: 17 regions, predicted young region time: 15.32 ms]
 4074.119: [G1Ergonomics (CSet Construction) finish choosing CSet, eden: 1625 regions, survivors: 17 regions, old: 0 regions, predicted pause time: 42.36 ms, target pause time: 100.00 ms]
, 0.0250950 secs]
   [Parallel Time: 14.6 ms, GC Workers: 18]
      [GC Worker Start (ms): Min: 4074118.9, Avg: 4074119.1, Max: 4074119.2, Diff: 0.3]
      [Ext Root Scanning (ms): Min: 4.8, Avg: 6.3, Max: 7.9, Diff: 3.0, Sum: 113.4]
      [Update RS (ms): Min: 0.0, Avg: 1.0, Max: 2.3, Diff: 2.3, Sum: 17.3]
         [Processed Buffers: Min: 0, Avg: 7.5, Max: 25, Diff: 25, Sum: 135]
      [Scan RS (ms): Min: 0.2, Avg: 0.5, Max: 0.7, Diff: 0.5, Sum: 9.3]
      [Object Copy (ms): Min: 5.5, Avg: 6.1, Max: 6.5, Diff: 1.0, Sum: 110.1]
      [Termination (ms): Min: 0.0, Avg: 0.0, Max: 0.0, Diff: 0.0, Sum: 0.6]
      [GC Worker Other (ms): Min: 0.0, Avg: 0.2, Max: 0.4, Diff: 0.3, Sum: 3.5]
      [GC Worker Total (ms): Min: 13.9, Avg: 14.1, Max: 14.4, Diff: 0.4, Sum: 254.2]
      [GC Worker End (ms): Min: 4074133.1, Avg: 4074133.2, Max: 4074133.4, Diff: 0.3]
   [Code Root Fixup: 0.0 ms]
   [Clear CT: 1.6 ms]
   [Other: 8.9 ms]
      [Choose CSet: 0.0 ms]
      [Ref Proc: 5.3 ms]
      [Ref Enq: 0.3 ms]
      [Free CSet: 2.8 ms]
   [Eden: 1625.0M(1625.0M)->0.0B(1635.0M) Survivors: 17.0M->12.0M Heap: 1954.4M(2252.0M)->324.4M(2252.0M)]
 [Times: user=0.26 sys=0.01, real=0.03 secs] 

 Concurrent RS processed 3177323 cards
  Of 95199 completed buffers:
        95199 (100.0%) by conc RS threads.
            0 (  0.0%) by mutator threads.
  Conc RS threads times(s)
          0.00     0.00     0.00     0.00     0.00     0.00     0.00     0.00     0.00     0.00     0.00     0.00     0.00     0.00     0.00     0.00     0.00     0.00     0.00
  Total heap region rem set sizes = 6434K.  Max = 33K.
  Static structures = 369K, free_lists = 268K.
    358448 occupied cards represented.
    Max size region = 0:(O)[0x0000000763400000,0x00000007634ffff0,0x0000000763500000], size = 34K, occupied = 96K.
    Did 4519 coarsenings.
2014-08-01T10:04:20.071-0500: 4080.515: [GC pause (young) 4080.515: [G1Ergonomics (CSet Construction) start choosing CSet, _pending_cards: 6240, predicted base time: 24.67 ms, remaining time: 75.33 ms, target pause time: 100.00 ms]
 4080.515: [G1Ergonomics (CSet Construction) add young regions to CSet, eden: 1635 regions, survivors: 12 regions, predicted young region time: 16.29 ms]
 4080.515: [G1Ergonomics (CSet Construction) finish choosing CSet, eden: 1635 regions, survivors: 12 regions, old: 0 regions, predicted pause time: 40.96 ms, target pause time: 100.00 ms]
, 0.0443470 secs]
   [Parallel Time: 28.3 ms, GC Workers: 18]
      [GC Worker Start (ms): Min: 4080514.9, Avg: 4080515.1, Max: 4080515.3, Diff: 0.3]
      [Ext Root Scanning (ms): Min: 6.7, Avg: 9.2, Max: 11.6, Diff: 4.9, Sum: 165.1]
      [Update RS (ms): Min: 0.3, Avg: 2.4, Max: 15.6, Diff: 15.3, Sum: 42.9]
         [Processed Buffers: Min: 1, Avg: 7.7, Max: 18, Diff: 17, Sum: 138]
      [Scan RS (ms): Min: 0.2, Avg: 0.8, Max: 1.0, Diff: 0.8, Sum: 13.7]
      [Object Copy (ms): Min: 1.9, Avg: 9.0, Max: 13.1, Diff: 11.3, Sum: 161.4]
      [Termination (ms): Min: 0.0, Avg: 5.7, Max: 6.8, Diff: 6.8, Sum: 103.3]
      [GC Worker Other (ms): Min: 0.0, Avg: 0.4, Max: 1.1, Diff: 1.0, Sum: 6.5]
      [GC Worker Total (ms): Min: 26.9, Avg: 27.4, Max: 28.2, Diff: 1.3, Sum: 492.9]
      [GC Worker End (ms): Min: 4080542.1, Avg: 4080542.5, Max: 4080543.2, Diff: 1.0]
   [Code Root Fixup: 0.0 ms]
   [Clear CT: 2.7 ms]
   [Other: 13.3 ms]
      [Choose CSet: 0.0 ms]
      [Ref Proc: 7.9 ms]
      [Ref Enq: 0.4 ms]
      [Free CSet: 4.4 ms]
   [Eden: 1635.0M(1635.0M)->0.0B(1613.0M) Survivors: 12.0M->23.0M Heap: 1959.4M(2252.0M)->336.0M(2252.0M)]
 [Times: user=0.48 sys=0.01, real=0.04 secs] 

 Concurrent RS processed 3179793 cards
  Of 95337 completed buffers:
        95337 (100.0%) by conc RS threads.
            0 (  0.0%) by mutator threads.
  Conc RS threads times(s)
          0.00     0.00     0.00     0.00     0.00     0.00     0.00     0.00     0.00     0.00     0.00     0.00     0.00     0.00     0.00     0.00     0.00     0.00     0.00
  Total heap region rem set sizes = 6437K.  Max = 33K.
  Static structures = 369K, free_lists = 267K.
    358886 occupied cards represented.
    Max size region = 0:(O)[0x0000000763400000,0x00000007634ffff0,0x0000000763500000], size = 34K, occupied = 96K.
    Did 4519 coarsenings.
2014-08-01T10:04:26.603-0500: 4087.046: [GC pause (young) 4087.046: [G1Ergonomics (CSet Construction) start choosing CSet, _pending_cards: 5939, predicted base time: 24.93 ms, remaining time: 75.07 ms, target pause time: 100.00 ms]
 4087.046: [G1Ergonomics (CSet Construction) add young regions to CSet, eden: 1613 regions, survivors: 23 regions, predicted young region time: 13.30 ms]
 4087.046: [G1Ergonomics (CSet Construction) finish choosing CSet, eden: 1613 regions, survivors: 23 regions, old: 0 regions, predicted pause time: 38.23 ms, target pause time: 100.00 ms]
, 0.0369400 secs]
   [Parallel Time: 22.3 ms, GC Workers: 18]
      [GC Worker Start (ms): Min: 4087046.5, Avg: 4087046.7, Max: 4087046.9, Diff: 0.4]
      [Ext Root Scanning (ms): Min: 6.5, Avg: 8.6, Max: 16.9, Diff: 10.4, Sum: 155.4]
      [Update RS (ms): Min: 0.0, Avg: 2.1, Max: 12.6, Diff: 12.6, Sum: 38.0]
         [Processed Buffers: Min: 0, Avg: 7.8, Max: 22, Diff: 22, Sum: 141]
      [Scan RS (ms): Min: 0.2, Avg: 0.8, Max: 1.0, Diff: 0.8, Sum: 14.3]
      [Object Copy (ms): Min: 0.6, Avg: 9.3, Max: 12.1, Diff: 11.4, Sum: 166.7]
      [Termination (ms): Min: 0.0, Avg: 0.9, Max: 1.0, Diff: 1.0, Sum: 15.8]
      [GC Worker Other (ms): Min: 0.0, Avg: 0.2, Max: 0.4, Diff: 0.4, Sum: 3.8]
      [GC Worker Total (ms): Min: 21.5, Avg: 21.9, Max: 22.2, Diff: 0.7, Sum: 393.9]
      [GC Worker End (ms): Min: 4087068.4, Avg: 4087068.6, Max: 4087068.8, Diff: 0.4]
   [Code Root Fixup: 0.0 ms]
   [Clear CT: 1.7 ms]
   [Other: 12.9 ms]
      [Choose CSet: 0.0 ms]
      [Ref Proc: 5.6 ms]
      [Ref Enq: 1.9 ms]
      [Free CSet: 4.8 ms]
   [Eden: 1613.0M(1613.0M)->0.0B(1629.0M) Survivors: 23.0M->15.0M Heap: 1949.0M(2252.0M)->327.6M(2252.0M)]
 [Times: user=0.39 sys=0.01, real=0.04 secs] 

 Concurrent RS processed 3182186 cards
  Of 95478 completed buffers:
        95478 (100.0%) by conc RS threads.
            0 (  0.0%) by mutator threads.
  Conc RS threads times(s)
          0.00     0.00     0.00     0.00     0.00     0.00     0.00     0.00     0.00     0.00     0.00     0.00     0.00     0.00     0.00     0.00     0.00     0.00     0.00
  Total heap region rem set sizes = 6435K.  Max = 33K.
  Static structures = 369K, free_lists = 267K.
    359012 occupied cards represented.
    Max size region = 0:(O)[0x0000000763400000,0x00000007634ffff0,0x0000000763500000], size = 34K, occupied = 96K.
    Did 4519 coarsenings.
2014-08-01T10:04:33.148-0500: 4093.591: [GC pause (young) 4093.591: [G1Ergonomics (CSet Construction) start choosing CSet, _pending_cards: 5288, predicted base time: 23.91 ms, remaining time: 76.09 ms, target pause time: 100.00 ms]
 4093.591: [G1Ergonomics (CSet Construction) add young regions to CSet, eden: 1629 regions, survivors: 15 regions, predicted young region time: 18.01 ms]
 4093.591: [G1Ergonomics (CSet Construction) finish choosing CSet, eden: 1629 regions, survivors: 15 regions, old: 0 regions, predicted pause time: 41.92 ms, target pause time: 100.00 ms]
, 0.0398240 secs]
   [Parallel Time: 22.2 ms, GC Workers: 18]
      [GC Worker Start (ms): Min: 4093591.7, Avg: 4093591.8, Max: 4093592.0, Diff: 0.3]
      [Ext Root Scanning (ms): Min: 5.7, Avg: 6.9, Max: 11.3, Diff: 5.6, Sum: 123.6]
      [Update RS (ms): Min: 0.0, Avg: 1.6, Max: 3.1, Diff: 3.1, Sum: 28.0]
         [Processed Buffers: Min: 0, Avg: 8.3, Max: 19, Diff: 19, Sum: 149]
      [Scan RS (ms): Min: 0.2, Avg: 0.7, Max: 0.9, Diff: 0.7, Sum: 12.9]
      [Object Copy (ms): Min: 9.4, Avg: 11.7, Max: 12.5, Diff: 3.0, Sum: 210.6]
      [Termination (ms): Min: 0.2, Avg: 0.6, Max: 0.8, Diff: 0.7, Sum: 11.7]
      [GC Worker Other (ms): Min: 0.0, Avg: 0.2, Max: 0.4, Diff: 0.3, Sum: 3.3]
      [GC Worker Total (ms): Min: 21.5, Avg: 21.7, Max: 21.9, Diff: 0.5, Sum: 390.0]
      [GC Worker End (ms): Min: 4093613.4, Avg: 4093613.5, Max: 4093613.7, Diff: 0.3]
   [Code Root Fixup: 0.0 ms]
   [Clear CT: 2.3 ms]
   [Other: 15.3 ms]
      [Choose CSet: 0.0 ms]
      [Ref Proc: 9.2 ms]
      [Ref Enq: 0.5 ms]
      [Free CSet: 5.0 ms]
   [Eden: 1629.0M(1629.0M)->0.0B(1628.0M) Survivors: 15.0M->15.0M Heap: 1956.6M(2252.0M)->328.1M(2252.0M)]
 [Times: user=0.44 sys=0.01, real=0.04 secs] 

 Concurrent RS processed 3184609 cards
  Of 95627 completed buffers:
        95627 (100.0%) by conc RS threads.
            0 (  0.0%) by mutator threads.
  Conc RS threads times(s)
          0.00     0.00     0.00     0.00     0.00     0.00     0.00     0.00     0.00     0.00     0.00     0.00     0.00     0.00     0.00     0.00     0.00     0.00     0.00
  Total heap region rem set sizes = 6435K.  Max = 33K.
  Static structures = 369K, free_lists = 267K.
    359298 occupied cards represented.
    Max size region = 0:(O)[0x0000000763400000,0x00000007634ffff0,0x0000000763500000], size = 34K, occupied = 96K.
    Did 4519 coarsenings.
2014-08-01T10:04:39.673-0500: 4100.117: [GC pause (young) 4100.117: [G1Ergonomics (CSet Construction) start choosing CSet, _pending_cards: 6280, predicted base time: 23.84 ms, remaining time: 76.16 ms, target pause time: 100.00 ms]
 4100.117: [G1Ergonomics (CSet Construction) add young regions to CSet, eden: 1628 regions, survivors: 15 regions, predicted young region time: 15.38 ms]
 4100.117: [G1Ergonomics (CSet Construction) finish choosing CSet, eden: 1628 regions, survivors: 15 regions, old: 0 regions, predicted pause time: 39.22 ms, target pause time: 100.00 ms]
, 0.0321430 secs]
   [Parallel Time: 16.6 ms, GC Workers: 18]
      [GC Worker Start (ms): Min: 4100117.1, Avg: 4100117.3, Max: 4100117.4, Diff: 0.3]
      [Ext Root Scanning (ms): Min: 5.3, Avg: 6.9, Max: 11.8, Diff: 6.4, Sum: 123.9]
      [Update RS (ms): Min: 0.0, Avg: 1.5, Max: 3.2, Diff: 3.2, Sum: 26.6]
         [Processed Buffers: Min: 0, Avg: 7.4, Max: 17, Diff: 17, Sum: 134]
      [Scan RS (ms): Min: 0.2, Avg: 0.8, Max: 1.0, Diff: 0.7, Sum: 14.4]
      [Object Copy (ms): Min: 3.9, Avg: 6.7, Max: 7.2, Diff: 3.3, Sum: 121.4]
      [Termination (ms): Min: 0.0, Avg: 0.0, Max: 0.1, Diff: 0.1, Sum: 0.8]
      [GC Worker Other (ms): Min: 0.0, Avg: 0.2, Max: 0.4, Diff: 0.4, Sum: 4.2]
      [GC Worker Total (ms): Min: 15.9, Avg: 16.2, Max: 16.4, Diff: 0.5, Sum: 291.3]
      [GC Worker End (ms): Min: 4100133.3, Avg: 4100133.5, Max: 4100133.7, Diff: 0.4]
   [Code Root Fixup: 0.0 ms]
   [Clear CT: 2.0 ms]
   [Other: 13.5 ms]
      [Choose CSet: 0.0 ms]
      [Ref Proc: 8.1 ms]
      [Ref Enq: 0.4 ms]
      [Free CSet: 4.4 ms]
   [Eden: 1628.0M(1628.0M)->0.0B(1620.0M) Survivors: 15.0M->19.0M Heap: 1956.1M(2252.0M)->331.9M(2252.0M)]
 [Times: user=0.36 sys=0.01, real=0.03 secs] 

 Concurrent RS processed 3187032 cards
  Of 95761 completed buffers:
        95761 (100.0%) by conc RS threads.
            0 (  0.0%) by mutator threads.
  Conc RS threads times(s)
          0.00     0.00     0.00     0.00     0.00     0.00     0.00     0.00     0.00     0.00     0.00     0.00     0.00     0.00     0.00     0.00     0.00     0.00     0.00
  Total heap region rem set sizes = 6441K.  Max = 33K.
  Static structures = 369K, free_lists = 266K.
    359807 occupied cards represented.
    Max size region = 0:(O)[0x0000000763400000,0x00000007634ffff0,0x0000000763500000], size = 34K, occupied = 96K.
    Did 4519 coarsenings.
2014-08-01T10:04:46.126-0500: 4106.569: [GC pause (young) 4106.569: [G1Ergonomics (CSet Construction) start choosing CSet, _pending_cards: 5741, predicted base time: 22.82 ms, remaining time: 77.18 ms, target pause time: 100.00 ms]
 4106.569: [G1Ergonomics (CSet Construction) add young regions to CSet, eden: 1620 regions, survivors: 19 regions, predicted young region time: 17.87 ms]
 4106.569: [G1Ergonomics (CSet Construction) finish choosing CSet, eden: 1620 regions, survivors: 19 regions, old: 0 regions, predicted pause time: 40.69 ms, target pause time: 100.00 ms]
, 0.0344180 secs]
   [Parallel Time: 17.2 ms, GC Workers: 18]
      [GC Worker Start (ms): Min: 4106569.6, Avg: 4106569.7, Max: 4106569.9, Diff: 0.3]
      [Ext Root Scanning (ms): Min: 5.8, Avg: 6.9, Max: 9.4, Diff: 3.6, Sum: 123.8]
      [Update RS (ms): Min: 0.0, Avg: 1.6, Max: 2.9, Diff: 2.9, Sum: 28.6]
         [Processed Buffers: Min: 0, Avg: 7.7, Max: 19, Diff: 19, Sum: 139]
      [Scan RS (ms): Min: 0.2, Avg: 0.8, Max: 1.6, Diff: 1.4, Sum: 14.4]
      [Object Copy (ms): Min: 5.1, Avg: 6.8, Max: 7.7, Diff: 2.6, Sum: 122.7]
      [Termination (ms): Min: 0.0, Avg: 0.1, Max: 0.9, Diff: 0.9, Sum: 1.8]
      [GC Worker Other (ms): Min: 0.0, Avg: 0.2, Max: 0.4, Diff: 0.4, Sum: 3.4]
      [GC Worker Total (ms): Min: 16.0, Avg: 16.4, Max: 16.9, Diff: 0.8, Sum: 294.7]
      [GC Worker End (ms): Min: 4106585.9, Avg: 4106586.1, Max: 4106586.7, Diff: 0.8]
   [Code Root Fixup: 0.0 ms]
   [Clear CT: 1.7 ms]
   [Other: 15.5 ms]
      [Choose CSet: 0.0 ms]
      [Ref Proc: 9.6 ms]
      [Ref Enq: 0.5 ms]
      [Free CSet: 4.7 ms]
   [Eden: 1620.0M(1620.0M)->0.0B(1630.0M) Survivors: 19.0M->14.0M Heap: 1951.9M(2252.0M)->326.8M(2252.0M)]
 [Times: user=0.36 sys=0.01, real=0.03 secs] 

 Concurrent RS processed 3189418 cards
  Of 95900 completed buffers:
        95900 (100.0%) by conc RS threads.
            0 (  0.0%) by mutator threads.
  Conc RS threads times(s)
          0.00     0.00     0.00     0.00     0.00     0.00     0.00     0.00     0.00     0.00     0.00     0.00     0.00     0.00     0.00     0.00     0.00     0.00     0.00
  Total heap region rem set sizes = 6441K.  Max = 33K.
  Static structures = 369K, free_lists = 265K.
    360149 occupied cards represented.
    Max size region = 0:(O)[0x0000000763400000,0x00000007634ffff0,0x0000000763500000], size = 34K, occupied = 96K.
    Did 4519 coarsenings.
2014-08-01T10:04:52.607-0500: 4113.050: [GC pause (young) 4113.050: [G1Ergonomics (CSet Construction) start choosing CSet, _pending_cards: 5724, predicted base time: 22.72 ms, remaining time: 77.28 ms, target pause time: 100.00 ms]
 4113.050: [G1Ergonomics (CSet Construction) add young regions to CSet, eden: 1630 regions, survivors: 14 regions, predicted young region time: 12.68 ms]
 4113.050: [G1Ergonomics (CSet Construction) finish choosing CSet, eden: 1630 regions, survivors: 14 regions, old: 0 regions, predicted pause time: 35.40 ms, target pause time: 100.00 ms]
, 0.0505830 secs]
   [Parallel Time: 34.3 ms, GC Workers: 18]
      [GC Worker Start (ms): Min: 4113050.4, Avg: 4113050.6, Max: 4113050.8, Diff: 0.4]
      [Ext Root Scanning (ms): Min: 9.0, Avg: 10.7, Max: 12.9, Diff: 3.8, Sum: 193.4]
      [Update RS (ms): Min: 0.1, Avg: 2.3, Max: 14.4, Diff: 14.3, Sum: 42.3]
         [Processed Buffers: Min: 1, Avg: 7.4, Max: 23, Diff: 22, Sum: 134]
      [Scan RS (ms): Min: 0.2, Avg: 0.8, Max: 1.0, Diff: 0.7, Sum: 13.7]
      [Object Copy (ms): Min: 2.0, Avg: 11.9, Max: 20.9, Diff: 18.9, Sum: 213.9]
      [Termination (ms): Min: 0.3, Avg: 7.9, Max: 11.3, Diff: 11.0, Sum: 142.2]
      [GC Worker Other (ms): Min: 0.0, Avg: 0.2, Max: 0.4, Diff: 0.3, Sum: 3.0]
      [GC Worker Total (ms): Min: 33.5, Avg: 33.8, Max: 34.1, Diff: 0.7, Sum: 608.5]
      [GC Worker End (ms): Min: 4113084.3, Avg: 4113084.4, Max: 4113084.6, Diff: 0.3]
   [Code Root Fixup: 0.0 ms]
   [Clear CT: 1.9 ms]
   [Other: 14.4 ms]
      [Choose CSet: 0.0 ms]
      [Ref Proc: 7.4 ms]
      [Ref Enq: 1.5 ms]
      [Free CSet: 4.7 ms]
   [Eden: 1630.0M(1630.0M)->0.0B(1634.0M) Survivors: 14.0M->12.0M Heap: 1956.8M(2252.0M)->325.2M(2252.0M)]
 [Times: user=0.55 sys=0.01, real=0.05 secs] 

 Concurrent RS processed 3191801 cards
  Of 96034 completed buffers:
        96034 (100.0%) by conc RS threads.
            0 (  0.0%) by mutator threads.
  Conc RS threads times(s)
          0.00     0.00     0.00     0.00     0.00     0.00     0.00     0.00     0.00     0.00     0.00     0.00     0.00     0.00     0.00     0.00     0.00     0.00     0.00
  Total heap region rem set sizes = 6444K.  Max = 33K.
  Static structures = 369K, free_lists = 265K.
    360905 occupied cards represented.
    Max size region = 0:(O)[0x0000000763400000,0x00000007634ffff0,0x0000000763500000], size = 34K, occupied = 96K.
    Did 4519 coarsenings.
2014-08-01T10:04:59.271-0500: 4119.714: [GC pause (young) 4119.715: [G1Ergonomics (CSet Construction) start choosing CSet, _pending_cards: 5242, predicted base time: 23.66 ms, remaining time: 76.34 ms, target pause time: 100.00 ms]
 4119.715: [G1Ergonomics (CSet Construction) add young regions to CSet, eden: 1634 regions, survivors: 12 regions, predicted young region time: 25.03 ms]
 4119.715: [G1Ergonomics (CSet Construction) finish choosing CSet, eden: 1634 regions, survivors: 12 regions, old: 0 regions, predicted pause time: 48.68 ms, target pause time: 100.00 ms]
, 0.0560770 secs]
   [Parallel Time: 34.2 ms, GC Workers: 18]
      [GC Worker Start (ms): Min: 4119715.0, Avg: 4119715.2, Max: 4119715.4, Diff: 0.4]
      [Ext Root Scanning (ms): Min: 6.7, Avg: 9.3, Max: 12.3, Diff: 5.5, Sum: 166.5]
      [Update RS (ms): Min: 0.0, Avg: 2.8, Max: 11.1, Diff: 11.1, Sum: 50.7]
         [Processed Buffers: Min: 0, Avg: 7.9, Max: 25, Diff: 25, Sum: 142]
      [Scan RS (ms): Min: 0.2, Avg: 0.8, Max: 1.7, Diff: 1.5, Sum: 15.1]
      [Object Copy (ms): Min: 1.8, Avg: 9.1, Max: 22.0, Diff: 20.2, Sum: 164.2]
      [Termination (ms): Min: 0.0, Avg: 10.8, Max: 12.1, Diff: 12.1, Sum: 194.1]
      [GC Worker Other (ms): Min: 0.0, Avg: 0.6, Max: 1.0, Diff: 1.0, Sum: 10.4]
      [GC Worker Total (ms): Min: 32.6, Avg: 33.4, Max: 33.9, Diff: 1.3, Sum: 601.0]
      [GC Worker End (ms): Min: 4119748.0, Avg: 4119748.6, Max: 4119749.0, Diff: 1.0]
   [Code Root Fixup: 0.0 ms]
   [Clear CT: 1.9 ms]
   [Other: 19.9 ms]
      [Choose CSet: 0.0 ms]
      [Ref Proc: 13.4 ms]
      [Ref Enq: 1.0 ms]
      [Free CSet: 4.7 ms]
   [Eden: 1634.0M(1634.0M)->0.0B(1612.0M) Survivors: 12.0M->23.0M Heap: 1959.2M(2252.0M)->336.4M(2252.0M)]
 [Times: user=0.59 sys=0.01, real=0.06 secs] 

 Concurrent RS processed 3194298 cards
  Of 96176 completed buffers:
        96176 (100.0%) by conc RS threads.
            0 (  0.0%) by mutator threads.
  Conc RS threads times(s)
          0.00     0.00     0.00     0.00     0.00     0.00     0.00     0.00     0.00     0.00     0.00     0.00     0.00     0.00     0.00     0.00     0.00     0.00     0.00
  Total heap region rem set sizes = 6443K.  Max = 33K.
  Static structures = 369K, free_lists = 265K.
    360920 occupied cards represented.
    Max size region = 0:(O)[0x0000000763400000,0x00000007634ffff0,0x0000000763500000], size = 34K, occupied = 96K.
    Did 4519 coarsenings.
2014-08-01T10:05:05.920-0500: 4126.363: [GC pause (young) 4126.363: [G1Ergonomics (CSet Construction) start choosing CSet, _pending_cards: 5494, predicted base time: 26.75 ms, remaining time: 73.25 ms, target pause time: 100.00 ms]
 4126.363: [G1Ergonomics (CSet Construction) add young regions to CSet, eden: 1612 regions, survivors: 23 regions, predicted young region time: 20.24 ms]
 4126.363: [G1Ergonomics (CSet Construction) finish choosing CSet, eden: 1612 regions, survivors: 23 regions, old: 0 regions, predicted pause time: 46.98 ms, target pause time: 100.00 ms]
, 0.0388340 secs]
   [Parallel Time: 23.3 ms, GC Workers: 18]
      [GC Worker Start (ms): Min: 4126363.7, Avg: 4126364.0, Max: 4126364.3, Diff: 0.6]
      [Ext Root Scanning (ms): Min: 8.3, Avg: 11.8, Max: 21.7, Diff: 13.4, Sum: 212.3]
      [Update RS (ms): Min: 0.0, Avg: 1.4, Max: 2.6, Diff: 2.6, Sum: 24.5]
         [Processed Buffers: Min: 0, Avg: 7.8, Max: 34, Diff: 34, Sum: 141]
      [Scan RS (ms): Min: 0.2, Avg: 0.7, Max: 0.9, Diff: 0.7, Sum: 12.0]
      [Object Copy (ms): Min: 0.3, Avg: 7.4, Max: 10.0, Diff: 9.7, Sum: 133.4]
      [Termination (ms): Min: 0.0, Avg: 1.1, Max: 1.4, Diff: 1.4, Sum: 19.5]
      [GC Worker Other (ms): Min: 0.0, Avg: 0.2, Max: 0.5, Diff: 0.5, Sum: 4.0]
      [GC Worker Total (ms): Min: 22.3, Avg: 22.5, Max: 22.9, Diff: 0.6, Sum: 405.7]
      [GC Worker End (ms): Min: 4126386.4, Avg: 4126386.6, Max: 4126386.8, Diff: 0.4]
   [Code Root Fixup: 0.0 ms]
   [Clear CT: 1.6 ms]
   [Other: 13.9 ms]
      [Choose CSet: 0.0 ms]
      [Ref Proc: 7.8 ms]
      [Ref Enq: 0.6 ms]
      [Free CSet: 4.8 ms]
   [Eden: 1612.0M(1612.0M)->0.0B(1626.0M) Survivors: 23.0M->16.0M Heap: 1948.4M(2252.0M)->329.5M(2252.0M)]
 [Times: user=0.36 sys=0.01, real=0.04 secs] 

 Concurrent RS processed 3196811 cards
  Of 96317 completed buffers:
        96317 (100.0%) by conc RS threads.
            0 (  0.0%) by mutator threads.
  Conc RS threads times(s)
          0.00     0.00     0.00     0.00     0.00     0.00     0.00     0.00     0.00     0.00     0.00     0.00     0.00     0.00     0.00     0.00     0.00     0.00     0.00
  Total heap region rem set sizes = 6444K.  Max = 33K.
  Static structures = 369K, free_lists = 264K.
    361198 occupied cards represented.
    Max size region = 0:(O)[0x0000000763400000,0x00000007634ffff0,0x0000000763500000], size = 34K, occupied = 97K.
    Did 4519 coarsenings.
2014-08-01T10:05:12.026-0500: 4132.470: [GC pause (young) 4132.470: [G1Ergonomics (CSet Construction) start choosing CSet, _pending_cards: 4760, predicted base time: 26.14 ms, remaining time: 73.86 ms, target pause time: 100.00 ms]
 4132.470: [G1Ergonomics (CSet Construction) add young regions to CSet, eden: 1626 regions, survivors: 16 regions, predicted young region time: 16.15 ms]
 4132.470: [G1Ergonomics (CSet Construction) finish choosing CSet, eden: 1626 regions, survivors: 16 regions, old: 0 regions, predicted pause time: 42.29 ms, target pause time: 100.00 ms]
, 0.0300140 secs]
   [Parallel Time: 18.9 ms, GC Workers: 18]
      [GC Worker Start (ms): Min: 4132470.0, Avg: 4132470.1, Max: 4132470.2, Diff: 0.3]
      [Ext Root Scanning (ms): Min: 3.7, Avg: 5.8, Max: 11.6, Diff: 7.9, Sum: 105.2]
      [Update RS (ms): Min: 0.0, Avg: 0.9, Max: 2.6, Diff: 2.6, Sum: 16.0]
         [Processed Buffers: Min: 0, Avg: 7.4, Max: 31, Diff: 31, Sum: 134]
      [Scan RS (ms): Min: 0.2, Avg: 0.4, Max: 0.7, Diff: 0.5, Sum: 8.0]
      [Object Copy (ms): Min: 2.0, Avg: 6.8, Max: 11.8, Diff: 9.9, Sum: 122.2]
      [Termination (ms): Min: 0.0, Avg: 4.4, Max: 4.7, Diff: 4.6, Sum: 78.4]
      [GC Worker Other (ms): Min: 0.0, Avg: 0.2, Max: 0.3, Diff: 0.3, Sum: 3.0]
      [GC Worker Total (ms): Min: 18.3, Avg: 18.5, Max: 18.7, Diff: 0.4, Sum: 332.8]
      [GC Worker End (ms): Min: 4132488.5, Avg: 4132488.6, Max: 4132488.8, Diff: 0.3]
   [Code Root Fixup: 0.0 ms]
   [Clear CT: 1.5 ms]
   [Other: 9.7 ms]
      [Choose CSet: 0.0 ms]
      [Ref Proc: 5.9 ms]
      [Ref Enq: 0.5 ms]
      [Free CSet: 2.8 ms]
   [Eden: 1626.0M(1626.0M)->0.0B(1630.0M) Survivors: 16.0M->14.0M Heap: 1955.5M(2252.0M)->327.7M(2252.0M)]
 [Times: user=0.36 sys=0.00, real=0.03 secs] 

 Concurrent RS processed 3199304 cards
  Of 96451 completed buffers:
        96451 (100.0%) by conc RS threads.
            0 (  0.0%) by mutator threads.
  Conc RS threads times(s)
          0.00     0.00     0.00     0.00     0.00     0.00     0.00     0.00     0.00     0.00     0.00     0.00     0.00     0.00     0.00     0.00     0.00     0.00     0.00
  Total heap region rem set sizes = 6445K.  Max = 33K.
  Static structures = 369K, free_lists = 264K.
    361476 occupied cards represented.
    Max size region = 0:(O)[0x0000000763400000,0x00000007634ffff0,0x0000000763500000], size = 34K, occupied = 97K.
    Did 4519 coarsenings.
2014-08-01T10:05:18.877-0500: 4139.320: [GC pause (young) 4139.321: [G1Ergonomics (CSet Construction) start choosing CSet, _pending_cards: 5484, predicted base time: 24.29 ms, remaining time: 75.71 ms, target pause time: 100.00 ms]
 4139.321: [G1Ergonomics (CSet Construction) add young regions to CSet, eden: 1630 regions, survivors: 14 regions, predicted young region time: 15.27 ms]
 4139.321: [G1Ergonomics (CSet Construction) finish choosing CSet, eden: 1630 regions, survivors: 14 regions, old: 0 regions, predicted pause time: 39.56 ms, target pause time: 100.00 ms]
, 0.0262280 secs]
   [Parallel Time: 11.7 ms, GC Workers: 18]
      [GC Worker Start (ms): Min: 4139320.7, Avg: 4139320.8, Max: 4139320.9, Diff: 0.2]
      [Ext Root Scanning (ms): Min: 3.4, Avg: 4.6, Max: 7.8, Diff: 4.4, Sum: 82.6]
      [Update RS (ms): Min: 0.0, Avg: 0.8, Max: 1.9, Diff: 1.9, Sum: 15.1]
         [Processed Buffers: Min: 0, Avg: 7.8, Max: 26, Diff: 26, Sum: 140]
      [Scan RS (ms): Min: 0.1, Avg: 0.5, Max: 0.6, Diff: 0.4, Sum: 8.3]
      [Object Copy (ms): Min: 2.6, Avg: 4.8, Max: 5.4, Diff: 2.8, Sum: 87.1]
      [Termination (ms): Min: 0.0, Avg: 0.2, Max: 0.3, Diff: 0.3, Sum: 4.2]
      [GC Worker Other (ms): Min: 0.0, Avg: 0.1, Max: 0.2, Diff: 0.2, Sum: 2.3]
      [GC Worker Total (ms): Min: 10.9, Avg: 11.1, Max: 11.3, Diff: 0.4, Sum: 199.5]
      [GC Worker End (ms): Min: 4139331.8, Avg: 4139331.9, Max: 4139332.0, Diff: 0.2]
   [Code Root Fixup: 0.0 ms]
   [Clear CT: 1.3 ms]
   [Other: 13.2 ms]
      [Choose CSet: 0.0 ms]
      [Ref Proc: 8.3 ms]
      [Ref Enq: 0.4 ms]
      [Free CSet: 3.9 ms]
   [Eden: 1630.0M(1630.0M)->0.0B(1634.0M) Survivors: 14.0M->12.0M Heap: 1957.7M(2252.0M)->325.1M(2252.0M)]
 [Times: user=0.23 sys=0.00, real=0.03 secs] 

 Concurrent RS processed 3201725 cards
  Of 96591 completed buffers:
        96591 (100.0%) by conc RS threads.
            0 (  0.0%) by mutator threads.
  Conc RS threads times(s)
          0.00     0.00     0.00     0.00     0.00     0.00     0.00     0.00     0.00     0.00     0.00     0.00     0.00     0.00     0.00     0.00     0.00     0.00     0.00
  Total heap region rem set sizes = 6445K.  Max = 33K.
  Static structures = 369K, free_lists = 264K.
    361742 occupied cards represented.
    Max size region = 0:(O)[0x0000000763400000,0x00000007634ffff0,0x0000000763500000], size = 34K, occupied = 97K.
    Did 4519 coarsenings.
2014-08-01T10:05:25.134-0500: 4145.577: [GC pause (young) 4145.577: [G1Ergonomics (CSet Construction) start choosing CSet, _pending_cards: 79131, predicted base time: 45.01 ms, remaining time: 54.99 ms, target pause time: 100.00 ms]
 4145.577: [G1Ergonomics (CSet Construction) add young regions to CSet, eden: 1564 regions, survivors: 12 regions, predicted young region time: 89.61 ms]
 4145.577: [G1Ergonomics (CSet Construction) finish choosing CSet, eden: 1564 regions, survivors: 12 regions, old: 0 regions, predicted pause time: 134.62 ms, target pause time: 100.00 ms]
, 0.0488010 secs]
   [Parallel Time: 26.3 ms, GC Workers: 18]
      [GC Worker Start (ms): Min: 4145577.3, Avg: 4145577.5, Max: 4145577.6, Diff: 0.3]
      [Ext Root Scanning (ms): Min: 4.0, Avg: 4.8, Max: 11.2, Diff: 7.2, Sum: 85.7]
      [Update RS (ms): Min: 8.8, Avg: 15.0, Max: 20.6, Diff: 11.8, Sum: 269.3]
         [Processed Buffers: Min: 9, Avg: 24.8, Max: 36, Diff: 27, Sum: 447]
      [Scan RS (ms): Min: 0.1, Avg: 1.0, Max: 1.2, Diff: 1.1, Sum: 17.2]
      [Object Copy (ms): Min: 0.6, Avg: 4.6, Max: 5.2, Diff: 4.6, Sum: 81.9]
      [Termination (ms): Min: 0.0, Avg: 0.5, Max: 0.6, Diff: 0.6, Sum: 9.3]
      [GC Worker Other (ms): Min: 0.0, Avg: 0.1, Max: 0.3, Diff: 0.3, Sum: 2.3]
      [GC Worker Total (ms): Min: 25.7, Avg: 25.9, Max: 26.1, Diff: 0.4, Sum: 465.9]
      [GC Worker End (ms): Min: 4145603.2, Avg: 4145603.4, Max: 4145603.5, Diff: 0.3]
   [Code Root Fixup: 0.0 ms]
   [Clear CT: 2.0 ms]
   [Other: 20.5 ms]
      [Choose CSet: 0.0 ms]
      [Ref Proc: 14.8 ms]
      [Ref Enq: 0.6 ms]
      [Free CSet: 4.4 ms]
   [Eden: 1564.0M(1564.0M)->0.0B(1551.0M) Survivors: 12.0M->25.0M Heap: 1981.1M(2252.0M)->430.3M(2252.0M)]
 [Times: user=0.51 sys=0.01, real=0.05 secs] 

 Concurrent RS processed 3308084 cards
  Of 97490 completed buffers:
        97490 (100.0%) by conc RS threads.
            0 (  0.0%) by mutator threads.
  Conc RS threads times(s)
          0.00     0.00     0.00     0.00     0.00     0.00     0.00     0.00     0.00     0.00     0.00     0.00     0.00     0.00     0.00     0.00     0.00     0.00     0.00
  Total heap region rem set sizes = 6235K.  Max = 33K.
  Static structures = 369K, free_lists = 264K.
    362051 occupied cards represented.
    Max size region = 0:(O)[0x0000000763400000,0x00000007634ffff0,0x0000000763500000], size = 34K, occupied = 97K.
    Did 4519 coarsenings.
2014-08-01T10:05:31.141-0500: 4151.585: [GC pause (young) 4151.585: [G1Ergonomics (CSet Construction) start choosing CSet, _pending_cards: 5189, predicted base time: 23.49 ms, remaining time: 76.51 ms, target pause time: 100.00 ms]
 4151.585: [G1Ergonomics (CSet Construction) add young regions to CSet, eden: 1551 regions, survivors: 25 regions, predicted young region time: 13.08 ms]
 4151.585: [G1Ergonomics (CSet Construction) finish choosing CSet, eden: 1551 regions, survivors: 25 regions, old: 0 regions, predicted pause time: 36.57 ms, target pause time: 100.00 ms]
, 0.0439350 secs]
   [Parallel Time: 27.7 ms, GC Workers: 18]
      [GC Worker Start (ms): Min: 4151585.1, Avg: 4151585.3, Max: 4151585.4, Diff: 0.3]
      [Ext Root Scanning (ms): Min: 7.1, Avg: 9.0, Max: 12.6, Diff: 5.5, Sum: 162.8]
      [Update RS (ms): Min: 0.0, Avg: 1.5, Max: 3.6, Diff: 3.6, Sum: 27.5]
         [Processed Buffers: Min: 0, Avg: 7.6, Max: 19, Diff: 19, Sum: 136]
      [Scan RS (ms): Min: 0.2, Avg: 1.2, Max: 9.6, Diff: 9.4, Sum: 20.9]
      [Object Copy (ms): Min: 0.2, Avg: 9.9, Max: 15.7, Diff: 15.5, Sum: 177.7]
      [Termination (ms): Min: 0.0, Avg: 5.4, Max: 5.9, Diff: 5.9, Sum: 97.4]
      [GC Worker Other (ms): Min: 0.0, Avg: 0.2, Max: 0.3, Diff: 0.3, Sum: 2.9]
      [GC Worker Total (ms): Min: 26.9, Avg: 27.2, Max: 27.5, Diff: 0.6, Sum: 489.1]
      [GC Worker End (ms): Min: 4151612.3, Avg: 4151612.4, Max: 4151612.6, Diff: 0.3]
   [Code Root Fixup: 0.0 ms]
   [Clear CT: 1.5 ms]
   [Other: 14.7 ms]
      [Choose CSet: 0.0 ms]
      [Ref Proc: 9.4 ms]
      [Ref Enq: 0.6 ms]
      [Free CSet: 4.2 ms]
   [Eden: 1551.0M(1551.0M)->0.0B(1562.0M) Survivors: 25.0M->14.0M Heap: 1981.3M(2252.0M)->420.0M(2252.0M)]
 [Times: user=0.48 sys=0.01, real=0.04 secs] 

 Concurrent RS processed 3310549 cards
  Of 97626 completed buffers:
        97626 (100.0%) by conc RS threads.
            0 (  0.0%) by mutator threads.
  Conc RS threads times(s)
          0.00     0.00     0.00     0.00     0.00     0.00     0.00     0.00     0.00     0.00     0.00     0.00     0.00     0.00     0.00     0.00     0.00     0.00     0.00
  Total heap region rem set sizes = 6235K.  Max = 33K.
  Static structures = 369K, free_lists = 264K.
    362316 occupied cards represented.
    Max size region = 0:(O)[0x0000000763400000,0x00000007634ffff0,0x0000000763500000], size = 34K, occupied = 97K.
    Did 4519 coarsenings.
2014-08-01T10:05:37.347-0500: 4157.790: [GC pause (young) 4157.790: [G1Ergonomics (CSet Construction) start choosing CSet, _pending_cards: 5511, predicted base time: 23.80 ms, remaining time: 76.20 ms, target pause time: 100.00 ms]
 4157.790: [G1Ergonomics (CSet Construction) add young regions to CSet, eden: 1562 regions, survivors: 14 regions, predicted young region time: 22.93 ms]
 4157.790: [G1Ergonomics (CSet Construction) finish choosing CSet, eden: 1562 regions, survivors: 14 regions, old: 0 regions, predicted pause time: 46.73 ms, target pause time: 100.00 ms]
, 0.0391870 secs]
   [Parallel Time: 22.8 ms, GC Workers: 18]
      [GC Worker Start (ms): Min: 4157790.5, Avg: 4157790.7, Max: 4157790.9, Diff: 0.3]
      [Ext Root Scanning (ms): Min: 6.2, Avg: 7.8, Max: 10.7, Diff: 4.4, Sum: 141.0]
      [Update RS (ms): Min: 0.0, Avg: 1.4, Max: 3.1, Diff: 3.1, Sum: 25.8]
         [Processed Buffers: Min: 0, Avg: 8.1, Max: 32, Diff: 32, Sum: 145]
      [Scan RS (ms): Min: 0.2, Avg: 0.7, Max: 1.0, Diff: 0.8, Sum: 12.0]
      [Object Copy (ms): Min: 8.8, Avg: 10.0, Max: 10.5, Diff: 1.7, Sum: 180.5]
      [Termination (ms): Min: 0.2, Avg: 1.4, Max: 2.1, Diff: 1.9, Sum: 25.5]
      [GC Worker Other (ms): Min: 0.4, Avg: 1.0, Max: 1.3, Diff: 0.9, Sum: 18.2]
      [GC Worker Total (ms): Min: 22.1, Avg: 22.4, Max: 22.7, Diff: 0.6, Sum: 403.1]
      [GC Worker End (ms): Min: 4157812.8, Avg: 4157813.1, Max: 4157813.3, Diff: 0.5]
   [Code Root Fixup: 0.0 ms]
   [Clear CT: 1.8 ms]
   [Other: 14.5 ms]
      [Choose CSet: 0.0 ms]
      [Ref Proc: 9.0 ms]
      [Ref Enq: 0.5 ms]
      [Free CSet: 4.2 ms]
   [Eden: 1562.0M(1562.0M)->0.0B(1563.0M) Survivors: 14.0M->13.0M Heap: 1982.0M(2252.0M)->418.3M(2252.0M)]
 [Times: user=0.43 sys=0.01, real=0.04 secs] 

 Concurrent RS processed 3313017 cards
  Of 97771 completed buffers:
        97771 (100.0%) by conc RS threads.
            0 (  0.0%) by mutator threads.
  Conc RS threads times(s)
          0.00     0.00     0.00     0.00     0.00     0.00     0.00     0.00     0.00     0.00     0.00     0.00     0.00     0.00     0.00     0.00     0.00     0.00     0.00
  Total heap region rem set sizes = 6236K.  Max = 33K.
  Static structures = 369K, free_lists = 263K.
    362615 occupied cards represented.
    Max size region = 0:(O)[0x0000000763400000,0x00000007634ffff0,0x0000000763500000], size = 34K, occupied = 97K.
    Did 4519 coarsenings.
2014-08-01T10:05:43.899-0500: 4164.342: [GC pause (young) 4164.342: [G1Ergonomics (CSet Construction) start choosing CSet, _pending_cards: 5737, predicted base time: 23.75 ms, remaining time: 76.25 ms, target pause time: 100.00 ms]
 4164.342: [G1Ergonomics (CSet Construction) add young regions to CSet, eden: 1563 regions, survivors: 13 regions, predicted young region time: 20.88 ms]
 4164.342: [G1Ergonomics (CSet Construction) finish choosing CSet, eden: 1563 regions, survivors: 13 regions, old: 0 regions, predicted pause time: 44.62 ms, target pause time: 100.00 ms]
, 0.0426150 secs]
   [Parallel Time: 28.7 ms, GC Workers: 18]
      [GC Worker Start (ms): Min: 4164342.7, Avg: 4164342.9, Max: 4164343.1, Diff: 0.3]
      [Ext Root Scanning (ms): Min: 7.6, Avg: 10.7, Max: 16.1, Diff: 8.5, Sum: 193.2]
      [Update RS (ms): Min: 0.0, Avg: 1.3, Max: 3.0, Diff: 3.0, Sum: 24.2]
         [Processed Buffers: Min: 0, Avg: 8.0, Max: 27, Diff: 27, Sum: 144]
      [Scan RS (ms): Min: 0.2, Avg: 0.7, Max: 0.9, Diff: 0.7, Sum: 11.7]
      [Object Copy (ms): Min: 5.0, Avg: 9.0, Max: 16.6, Diff: 11.7, Sum: 162.6]
      [Termination (ms): Min: 0.0, Avg: 6.4, Max: 6.9, Diff: 6.9, Sum: 114.7]
      [GC Worker Other (ms): Min: 0.0, Avg: 0.2, Max: 0.3, Diff: 0.3, Sum: 2.8]
      [GC Worker Total (ms): Min: 28.1, Avg: 28.3, Max: 28.5, Diff: 0.4, Sum: 509.2]
      [GC Worker End (ms): Min: 4164371.0, Avg: 4164371.2, Max: 4164371.4, Diff: 0.3]
   [Code Root Fixup: 0.0 ms]
   [Clear CT: 1.6 ms]
   [Other: 12.3 ms]
      [Choose CSet: 0.0 ms]
      [Ref Proc: 6.8 ms]
      [Ref Enq: 0.6 ms]
      [Free CSet: 4.2 ms]
   [Eden: 1563.0M(1563.0M)->0.0B(1564.0M) Survivors: 13.0M->12.0M Heap: 1981.3M(2252.0M)->417.6M(2252.0M)]
 [Times: user=0.43 sys=0.01, real=0.05 secs] 

 Concurrent RS processed 3315475 cards
  Of 97915 completed buffers:
        97915 (100.0%) by conc RS threads.
            0 (  0.0%) by mutator threads.
  Conc RS threads times(s)
          0.00     0.00     0.00     0.00     0.00     0.00     0.00     0.00     0.00     0.00     0.00     0.00     0.00     0.00     0.00     0.00     0.00     0.00     0.00
  Total heap region rem set sizes = 6236K.  Max = 33K.
  Static structures = 369K, free_lists = 263K.
    362875 occupied cards represented.
    Max size region = 0:(O)[0x0000000763400000,0x00000007634ffff0,0x0000000763500000], size = 34K, occupied = 97K.
    Did 4519 coarsenings.
2014-08-01T10:05:49.799-0500: 4170.242: [GC pause (young) 4170.242: [G1Ergonomics (CSet Construction) start choosing CSet, _pending_cards: 6466, predicted base time: 23.69 ms, remaining time: 76.31 ms, target pause time: 100.00 ms]
 4170.242: [G1Ergonomics (CSet Construction) add young regions to CSet, eden: 1564 regions, survivors: 12 regions, predicted young region time: 12.81 ms]
 4170.242: [G1Ergonomics (CSet Construction) finish choosing CSet, eden: 1564 regions, survivors: 12 regions, old: 0 regions, predicted pause time: 36.50 ms, target pause time: 100.00 ms]
, 0.0400930 secs]
   [Parallel Time: 23.1 ms, GC Workers: 18]
      [GC Worker Start (ms): Min: 4170242.6, Avg: 4170242.7, Max: 4170242.9, Diff: 0.3]
      [Ext Root Scanning (ms): Min: 5.6, Avg: 6.5, Max: 10.6, Diff: 5.1, Sum: 117.2]
      [Update RS (ms): Min: 0.0, Avg: 1.5, Max: 2.8, Diff: 2.8, Sum: 27.2]
         [Processed Buffers: Min: 0, Avg: 7.6, Max: 28, Diff: 28, Sum: 136]
      [Scan RS (ms): Min: 0.2, Avg: 0.8, Max: 1.0, Diff: 0.8, Sum: 13.9]
      [Object Copy (ms): Min: 8.1, Avg: 10.2, Max: 14.0, Diff: 5.9, Sum: 183.3]
      [Termination (ms): Min: 0.0, Avg: 3.6, Max: 3.9, Diff: 3.9, Sum: 64.2]
      [GC Worker Other (ms): Min: 0.0, Avg: 0.2, Max: 0.4, Diff: 0.3, Sum: 3.2]
      [GC Worker Total (ms): Min: 22.4, Avg: 22.7, Max: 22.9, Diff: 0.5, Sum: 409.1]
      [GC Worker End (ms): Min: 4170265.3, Avg: 4170265.4, Max: 4170265.6, Diff: 0.4]
   [Code Root Fixup: 0.0 ms]
   [Clear CT: 2.0 ms]
   [Other: 15.0 ms]
      [Choose CSet: 0.0 ms]
      [Ref Proc: 9.4 ms]
      [Ref Enq: 0.6 ms]
      [Free CSet: 4.3 ms]
   [Eden: 1564.0M(1564.0M)->0.0B(1554.0M) Survivors: 12.0M->22.0M Heap: 1981.6M(2252.0M)->427.6M(2252.0M)]
 [Times: user=0.44 sys=0.01, real=0.04 secs] 

 Concurrent RS processed 3317841 cards
  Of 98051 completed buffers:
        98051 (100.0%) by conc RS threads.
            0 (  0.0%) by mutator threads.
  Conc RS threads times(s)
          0.00     0.00     0.00     0.00     0.00     0.00     0.00     0.00     0.00     0.00     0.00     0.00     0.00     0.00     0.00     0.00     0.00     0.00     0.00
  Total heap region rem set sizes = 6237K.  Max = 33K.
  Static structures = 369K, free_lists = 263K.
    363129 occupied cards represented.
    Max size region = 0:(O)[0x0000000763400000,0x00000007634ffff0,0x0000000763500000], size = 34K, occupied = 97K.
    Did 4519 coarsenings.
2014-08-01T10:05:55.929-0500: 4176.373: [GC pause (young) 4176.373: [G1Ergonomics (CSet Construction) start choosing CSet, _pending_cards: 5472, predicted base time: 22.85 ms, remaining time: 77.15 ms, target pause time: 100.00 ms]
 4176.373: [G1Ergonomics (CSet Construction) add young regions to CSet, eden: 1554 regions, survivors: 22 regions, predicted young region time: 24.02 ms]
 4176.373: [G1Ergonomics (CSet Construction) finish choosing CSet, eden: 1554 regions, survivors: 22 regions, old: 0 regions, predicted pause time: 46.87 ms, target pause time: 100.00 ms]
, 0.0353870 secs]
   [Parallel Time: 19.7 ms, GC Workers: 18]
      [GC Worker Start (ms): Min: 4176373.2, Avg: 4176373.4, Max: 4176373.6, Diff: 0.3]
      [Ext Root Scanning (ms): Min: 1.4, Avg: 7.1, Max: 12.3, Diff: 11.0, Sum: 127.6]
      [Update RS (ms): Min: 0.0, Avg: 1.6, Max: 3.3, Diff: 3.3, Sum: 29.1]
         [Processed Buffers: Min: 0, Avg: 7.7, Max: 20, Diff: 20, Sum: 139]
      [Scan RS (ms): Min: 0.2, Avg: 0.7, Max: 1.0, Diff: 0.8, Sum: 12.7]
      [Object Copy (ms): Min: 5.4, Avg: 8.6, Max: 13.9, Diff: 8.4, Sum: 155.3]
      [Termination (ms): Min: 0.0, Avg: 0.8, Max: 0.9, Diff: 0.9, Sum: 13.9]
      [GC Worker Other (ms): Min: 0.0, Avg: 0.2, Max: 0.4, Diff: 0.3, Sum: 3.5]
      [GC Worker Total (ms): Min: 18.7, Avg: 19.0, Max: 19.3, Diff: 0.7, Sum: 342.1]
      [GC Worker End (ms): Min: 4176392.2, Avg: 4176392.4, Max: 4176392.6, Diff: 0.4]
   [Code Root Fixup: 0.0 ms]
   [Clear CT: 1.7 ms]
   [Other: 13.9 ms]
      [Choose CSet: 0.0 ms]
      [Ref Proc: 7.7 ms]
      [Ref Enq: 0.4 ms]
      [Free CSet: 5.0 ms]
   [Eden: 1554.0M(1554.0M)->0.0B(1560.0M) Survivors: 22.0M->16.0M Heap: 1981.6M(2252.0M)->421.5M(2252.0M)]
 [Times: user=0.37 sys=0.00, real=0.04 secs] 

 Concurrent RS processed 3320222 cards
  Of 98190 completed buffers:
        98190 (100.0%) by conc RS threads.
            0 (  0.0%) by mutator threads.
  Conc RS threads times(s)
          0.00     0.00     0.00     0.00     0.00     0.00     0.00     0.00     0.00     0.00     0.00     0.00     0.00     0.00     0.00     0.00     0.00     0.00     0.00
  Total heap region rem set sizes = 6238K.  Max = 33K.
  Static structures = 369K, free_lists = 263K.
    363426 occupied cards represented.
    Max size region = 0:(O)[0x0000000763400000,0x00000007634ffff0,0x0000000763500000], size = 34K, occupied = 97K.
    Did 4519 coarsenings.
2014-08-01T10:06:02.227-0500: 4182.671: [GC pause (young) 4182.671: [G1Ergonomics (CSet Construction) start choosing CSet, _pending_cards: 5740, predicted base time: 22.33 ms, remaining time: 77.67 ms, target pause time: 100.00 ms]
 4182.671: [G1Ergonomics (CSet Construction) add young regions to CSet, eden: 1560 regions, survivors: 16 regions, predicted young region time: 19.76 ms]
 4182.671: [G1Ergonomics (CSet Construction) finish choosing CSet, eden: 1560 regions, survivors: 16 regions, old: 0 regions, predicted pause time: 42.09 ms, target pause time: 100.00 ms]
, 0.0249220 secs]
   [Parallel Time: 14.2 ms, GC Workers: 18]
      [GC Worker Start (ms): Min: 4182671.1, Avg: 4182671.2, Max: 4182671.3, Diff: 0.3]
      [Ext Root Scanning (ms): Min: 3.6, Avg: 4.3, Max: 7.7, Diff: 4.1, Sum: 77.1]
      [Update RS (ms): Min: 0.0, Avg: 0.9, Max: 2.0, Diff: 2.0, Sum: 16.1]
         [Processed Buffers: Min: 0, Avg: 7.9, Max: 28, Diff: 28, Sum: 142]
      [Scan RS (ms): Min: 0.2, Avg: 0.6, Max: 0.8, Diff: 0.6, Sum: 10.3]
      [Object Copy (ms): Min: 5.2, Avg: 7.6, Max: 8.2, Diff: 3.0, Sum: 136.2]
      [Termination (ms): Min: 0.0, Avg: 0.5, Max: 0.6, Diff: 0.6, Sum: 8.7]
      [GC Worker Other (ms): Min: 0.0, Avg: 0.1, Max: 0.3, Diff: 0.2, Sum: 2.4]
      [GC Worker Total (ms): Min: 13.8, Avg: 13.9, Max: 14.1, Diff: 0.3, Sum: 250.9]
      [GC Worker End (ms): Min: 4182685.0, Avg: 4182685.1, Max: 4182685.3, Diff: 0.3]
   [Code Root Fixup: 0.0 ms]
   [Clear CT: 1.2 ms]
   [Other: 9.5 ms]
      [Choose CSet: 0.0 ms]
      [Ref Proc: 4.5 ms]
      [Ref Enq: 0.4 ms]
      [Free CSet: 4.0 ms]
   [Eden: 1560.0M(1560.0M)->0.0B(1553.0M) Survivors: 16.0M->23.0M Heap: 1981.5M(2252.0M)->429.2M(2252.0M)]
 [Times: user=0.29 sys=0.00, real=0.02 secs] 

 Concurrent RS processed 3322541 cards
  Of 98332 completed buffers:
        98332 (100.0%) by conc RS threads.
            0 (  0.0%) by mutator threads.
  Conc RS threads times(s)
          0.00     0.00     0.00     0.00     0.00     0.00     0.00     0.00     0.00     0.00     0.00     0.00     0.00     0.00     0.00     0.00     0.00     0.00     0.00
  Total heap region rem set sizes = 6238K.  Max = 33K.
  Static structures = 369K, free_lists = 263K.
    363666 occupied cards represented.
    Max size region = 0:(O)[0x0000000763400000,0x00000007634ffff0,0x0000000763500000], size = 34K, occupied = 97K.
    Did 4519 coarsenings.
2014-08-01T10:06:08.264-0500: 4188.708: [GC pause (young) 4188.708: [G1Ergonomics (CSet Construction) start choosing CSet, _pending_cards: 6215, predicted base time: 20.66 ms, remaining time: 79.34 ms, target pause time: 100.00 ms]
 4188.708: [G1Ergonomics (CSet Construction) add young regions to CSet, eden: 1553 regions, survivors: 23 regions, predicted young region time: 18.62 ms]
 4188.708: [G1Ergonomics (CSet Construction) finish choosing CSet, eden: 1553 regions, survivors: 23 regions, old: 0 regions, predicted pause time: 39.28 ms, target pause time: 100.00 ms]
, 0.0406290 secs]
   [Parallel Time: 24.8 ms, GC Workers: 18]
      [GC Worker Start (ms): Min: 4188708.0, Avg: 4188708.1, Max: 4188708.3, Diff: 0.4]
      [Ext Root Scanning (ms): Min: 5.8, Avg: 8.8, Max: 13.8, Diff: 8.0, Sum: 157.9]
      [Update RS (ms): Min: 0.0, Avg: 1.4, Max: 3.2, Diff: 3.2, Sum: 25.0]
         [Processed Buffers: Min: 0, Avg: 7.5, Max: 27, Diff: 27, Sum: 135]
      [Scan RS (ms): Min: 0.2, Avg: 0.7, Max: 1.6, Diff: 1.4, Sum: 12.8]
      [Object Copy (ms): Min: 8.7, Avg: 11.6, Max: 13.4, Diff: 4.8, Sum: 209.4]
      [Termination (ms): Min: 0.0, Avg: 0.4, Max: 1.9, Diff: 1.9, Sum: 7.6]
      [GC Worker Other (ms): Min: 0.0, Avg: 0.1, Max: 0.3, Diff: 0.3, Sum: 2.6]
      [GC Worker Total (ms): Min: 22.7, Avg: 23.1, Max: 24.2, Diff: 1.5, Sum: 415.4]
      [GC Worker End (ms): Min: 4188731.0, Avg: 4188731.2, Max: 4188732.5, Diff: 1.5]
   [Code Root Fixup: 0.0 ms]
   [Clear CT: 1.5 ms]
   [Other: 14.3 ms]
      [Choose CSet: 0.0 ms]
      [Ref Proc: 9.1 ms]
      [Ref Enq: 0.5 ms]
      [Free CSet: 4.2 ms]
   [Eden: 1553.0M(1553.0M)->0.0B(1562.0M) Survivors: 23.0M->14.0M Heap: 1982.2M(2252.0M)->420.3M(2252.0M)]
 [Times: user=0.40 sys=0.01, real=0.04 secs] 

 Concurrent RS processed 3325027 cards
  Of 98467 completed buffers:
        98467 (100.0%) by conc RS threads.
            0 (  0.0%) by mutator threads.
  Conc RS threads times(s)
          0.00     0.00     0.00     0.00     0.00     0.00     0.00     0.00     0.00     0.00     0.00     0.00     0.00     0.00     0.00     0.00     0.00     0.00     0.00
  Total heap region rem set sizes = 6242K.  Max = 33K.
  Static structures = 369K, free_lists = 261K.
    364001 occupied cards represented.
    Max size region = 0:(O)[0x0000000763400000,0x00000007634ffff0,0x0000000763500000], size = 34K, occupied = 97K.
    Did 4519 coarsenings.
2014-08-01T10:06:14.735-0500: 4195.178: [GC pause (young) 4195.178: [G1Ergonomics (CSet Construction) start choosing CSet, _pending_cards: 5716, predicted base time: 21.93 ms, remaining time: 78.07 ms, target pause time: 100.00 ms]
 4195.178: [G1Ergonomics (CSet Construction) add young regions to CSet, eden: 1562 regions, survivors: 14 regions, predicted young region time: 10.18 ms]
 4195.178: [G1Ergonomics (CSet Construction) finish choosing CSet, eden: 1562 regions, survivors: 14 regions, old: 0 regions, predicted pause time: 32.10 ms, target pause time: 100.00 ms]
, 0.0268210 secs]
   [Parallel Time: 12.3 ms, GC Workers: 18]
      [GC Worker Start (ms): Min: 4195178.3, Avg: 4195178.5, Max: 4195178.6, Diff: 0.3]
      [Ext Root Scanning (ms): Min: 4.7, Avg: 5.9, Max: 10.4, Diff: 5.7, Sum: 107.0]
      [Update RS (ms): Min: 0.0, Avg: 1.0, Max: 1.9, Diff: 1.9, Sum: 17.6]
         [Processed Buffers: Min: 0, Avg: 7.4, Max: 30, Diff: 30, Sum: 134]
      [Scan RS (ms): Min: 0.2, Avg: 0.6, Max: 0.8, Diff: 0.6, Sum: 10.8]
      [Object Copy (ms): Min: 0.9, Avg: 4.1, Max: 4.8, Diff: 3.8, Sum: 73.5]
      [Termination (ms): Min: 0.0, Avg: 0.0, Max: 0.0, Diff: 0.0, Sum: 0.5]
      [GC Worker Other (ms): Min: 0.0, Avg: 0.2, Max: 0.3, Diff: 0.3, Sum: 3.2]
      [GC Worker Total (ms): Min: 11.5, Avg: 11.8, Max: 12.1, Diff: 0.5, Sum: 212.7]
      [GC Worker End (ms): Min: 4195190.1, Avg: 4195190.3, Max: 4195190.4, Diff: 0.3]
   [Code Root Fixup: 0.0 ms]
   [Clear CT: 1.3 ms]
   [Other: 13.2 ms]
      [Choose CSet: 0.0 ms]
      [Ref Proc: 8.2 ms]
      [Ref Enq: 0.3 ms]
      [Free CSet: 4.1 ms]
   [Eden: 1562.0M(1562.0M)->0.0B(1565.0M) Survivors: 14.0M->11.0M Heap: 1982.3M(2252.0M)->417.3M(2252.0M)]
 [Times: user=0.25 sys=0.01, real=0.03 secs] 

 Concurrent RS processed 3327441 cards
  Of 98601 completed buffers:
        98601 (100.0%) by conc RS threads.
            0 (  0.0%) by mutator threads.
  Conc RS threads times(s)
          0.00     0.00     0.00     0.00     0.00     0.00     0.00     0.00     0.00     0.00     0.00     0.00     0.00     0.00     0.00     0.00     0.00     0.00     0.00
  Total heap region rem set sizes = 6244K.  Max = 33K.
  Static structures = 369K, free_lists = 261K.
    364387 occupied cards represented.
    Max size region = 0:(O)[0x0000000763400000,0x00000007634ffff0,0x0000000763500000], size = 34K, occupied = 97K.
    Did 4519 coarsenings.
2014-08-01T10:06:20.820-0500: 4201.263: [GC pause (young) 4201.263: [G1Ergonomics (CSet Construction) start choosing CSet, _pending_cards: 6240, predicted base time: 21.15 ms, remaining time: 78.85 ms, target pause time: 100.00 ms]
 4201.263: [G1Ergonomics (CSet Construction) add young regions to CSet, eden: 1565 regions, survivors: 11 regions, predicted young region time: 13.61 ms]
 4201.263: [G1Ergonomics (CSet Construction) finish choosing CSet, eden: 1565 regions, survivors: 11 regions, old: 0 regions, predicted pause time: 34.75 ms, target pause time: 100.00 ms]
, 0.0311930 secs]
   [Parallel Time: 20.5 ms, GC Workers: 18]
      [GC Worker Start (ms): Min: 4201263.7, Avg: 4201263.9, Max: 4201264.1, Diff: 0.4]
      [Ext Root Scanning (ms): Min: 6.5, Avg: 8.6, Max: 17.3, Diff: 10.8, Sum: 154.0]
      [Update RS (ms): Min: 0.0, Avg: 1.6, Max: 3.4, Diff: 3.4, Sum: 28.3]
         [Processed Buffers: Min: 0, Avg: 7.6, Max: 30, Diff: 30, Sum: 136]
      [Scan RS (ms): Min: 0.2, Avg: 0.9, Max: 2.8, Diff: 2.5, Sum: 16.7]
      [Object Copy (ms): Min: 1.9, Avg: 7.4, Max: 8.4, Diff: 6.4, Sum: 133.9]
      [Termination (ms): Min: 0.0, Avg: 0.9, Max: 1.0, Diff: 1.0, Sum: 16.0]
      [GC Worker Other (ms): Min: 0.0, Avg: 0.3, Max: 0.7, Diff: 0.6, Sum: 4.7]
      [GC Worker Total (ms): Min: 19.4, Avg: 19.6, Max: 20.1, Diff: 0.7, Sum: 353.6]
      [GC Worker End (ms): Min: 4201283.3, Avg: 4201283.5, Max: 4201283.9, Diff: 0.6]
   [Code Root Fixup: 0.0 ms]
   [Clear CT: 1.0 ms]
   [Other: 9.7 ms]
      [Choose CSet: 0.0 ms]
      [Ref Proc: 4.0 ms]
      [Ref Enq: 0.3 ms]
      [Free CSet: 4.8 ms]
   [Eden: 1565.0M(1565.0M)->0.0B(1559.0M) Survivors: 11.0M->17.0M Heap: 1982.3M(2252.0M)->422.9M(2252.0M)]
 [Times: user=0.35 sys=0.00, real=0.03 secs] 

 Concurrent RS processed 3329928 cards
  Of 98737 completed buffers:
        98737 (100.0%) by conc RS threads.
            0 (  0.0%) by mutator threads.
  Conc RS threads times(s)
          0.00     0.00     0.00     0.00     0.00     0.00     0.00     0.00     0.00     0.00     0.00     0.00     0.00     0.00     0.00     0.00     0.00     0.00     0.00
  Total heap region rem set sizes = 6244K.  Max = 33K.
  Static structures = 369K, free_lists = 261K.
    364708 occupied cards represented.
    Max size region = 0:(O)[0x0000000763400000,0x00000007634ffff0,0x0000000763500000], size = 34K, occupied = 97K.
    Did 4519 coarsenings.
2014-08-01T10:06:27.356-0500: 4207.800: [GC pause (young) 4207.800: [G1Ergonomics (CSet Construction) start choosing CSet, _pending_cards: 5193, predicted base time: 19.97 ms, remaining time: 80.03 ms, target pause time: 100.00 ms]
 4207.800: [G1Ergonomics (CSet Construction) add young regions to CSet, eden: 1559 regions, survivors: 17 regions, predicted young region time: 20.69 ms]
 4207.800: [G1Ergonomics (CSet Construction) finish choosing CSet, eden: 1559 regions, survivors: 17 regions, old: 0 regions, predicted pause time: 40.67 ms, target pause time: 100.00 ms]
, 0.0345470 secs]
   [Parallel Time: 19.8 ms, GC Workers: 18]
      [GC Worker Start (ms): Min: 4207800.0, Avg: 4207800.2, Max: 4207800.4, Diff: 0.3]
      [Ext Root Scanning (ms): Min: 6.4, Avg: 8.8, Max: 11.5, Diff: 5.1, Sum: 158.0]
      [Update RS (ms): Min: 0.0, Avg: 1.0, Max: 2.5, Diff: 2.5, Sum: 18.7]
         [Processed Buffers: Min: 0, Avg: 7.2, Max: 29, Diff: 29, Sum: 130]
      [Scan RS (ms): Min: 0.1, Avg: 0.5, Max: 0.9, Diff: 0.7, Sum: 8.9]
      [Object Copy (ms): Min: 7.3, Avg: 8.7, Max: 9.8, Diff: 2.5, Sum: 156.2]
      [Termination (ms): Min: 0.0, Avg: 0.3, Max: 0.3, Diff: 0.3, Sum: 4.5]
      [GC Worker Other (ms): Min: 0.0, Avg: 0.2, Max: 0.4, Diff: 0.3, Sum: 3.1]
      [GC Worker Total (ms): Min: 19.2, Avg: 19.4, Max: 19.7, Diff: 0.5, Sum: 349.4]
      [GC Worker End (ms): Min: 4207819.5, Avg: 4207819.6, Max: 4207819.8, Diff: 0.3]
   [Code Root Fixup: 0.0 ms]
   [Clear CT: 1.5 ms]
   [Other: 13.2 ms]
      [Choose CSet: 0.0 ms]
      [Ref Proc: 6.3 ms]
      [Ref Enq: 1.0 ms]
      [Free CSet: 5.1 ms]
   [Eden: 1559.0M(1559.0M)->0.0B(1562.0M) Survivors: 17.0M->14.0M Heap: 1981.9M(2252.0M)->420.1M(2252.0M)]
 [Times: user=0.32 sys=0.01, real=0.04 secs] 

 Concurrent RS processed 3332413 cards
  Of 98867 completed buffers:
        98867 (100.0%) by conc RS threads.
            0 (  0.0%) by mutator threads.
  Conc RS threads times(s)
          0.00     0.00     0.00     0.00     0.00     0.00     0.00     0.00     0.00     0.00     0.00     0.00     0.00     0.00     0.00     0.00     0.00     0.00     0.00
  Total heap region rem set sizes = 6244K.  Max = 33K.
  Static structures = 369K, free_lists = 261K.
    365039 occupied cards represented.
    Max size region = 0:(O)[0x0000000763400000,0x00000007634ffff0,0x0000000763500000], size = 34K, occupied = 97K.
    Did 4519 coarsenings.
2014-08-01T10:06:33.640-0500: 4214.083: [GC pause (young) 4214.084: [G1Ergonomics (CSet Construction) start choosing CSet, _pending_cards: 5760, predicted base time: 20.29 ms, remaining time: 79.71 ms, target pause time: 100.00 ms]
 4214.084: [G1Ergonomics (CSet Construction) add young regions to CSet, eden: 1562 regions, survivors: 14 regions, predicted young region time: 18.30 ms]
 4214.084: [G1Ergonomics (CSet Construction) finish choosing CSet, eden: 1562 regions, survivors: 14 regions, old: 0 regions, predicted pause time: 38.59 ms, target pause time: 100.00 ms]
, 0.0410620 secs]
   [Parallel Time: 25.3 ms, GC Workers: 18]
      [GC Worker Start (ms): Min: 4214083.8, Avg: 4214084.0, Max: 4214084.1, Diff: 0.3]
      [Ext Root Scanning (ms): Min: 6.1, Avg: 8.2, Max: 18.0, Diff: 11.9, Sum: 148.4]
      [Update RS (ms): Min: 0.0, Avg: 1.5, Max: 4.2, Diff: 4.2, Sum: 27.6]
         [Processed Buffers: Min: 0, Avg: 7.8, Max: 26, Diff: 26, Sum: 141]
      [Scan RS (ms): Min: 0.2, Avg: 0.7, Max: 0.9, Diff: 0.7, Sum: 13.2]
      [Object Copy (ms): Min: 6.0, Avg: 13.7, Max: 14.9, Diff: 8.9, Sum: 245.8]
      [Termination (ms): Min: 0.0, Avg: 0.6, Max: 2.3, Diff: 2.2, Sum: 10.5]
      [GC Worker Other (ms): Min: 0.0, Avg: 0.2, Max: 0.3, Diff: 0.3, Sum: 3.3]
      [GC Worker Total (ms): Min: 24.7, Avg: 24.9, Max: 25.2, Diff: 0.5, Sum: 448.8]
      [GC Worker End (ms): Min: 4214108.8, Avg: 4214108.9, Max: 4214109.1, Diff: 0.3]
   [Code Root Fixup: 0.0 ms]
   [Clear CT: 1.6 ms]
   [Other: 14.2 ms]
      [Choose CSet: 0.0 ms]
      [Ref Proc: 8.6 ms]
      [Ref Enq: 0.5 ms]
      [Free CSet: 4.4 ms]
   [Eden: 1562.0M(1562.0M)->0.0B(1561.0M) Survivors: 14.0M->15.0M Heap: 1982.1M(2252.0M)->421.1M(2252.0M)]
 [Times: user=0.46 sys=0.00, real=0.04 secs] 

 Concurrent RS processed 3334817 cards
  Of 99008 completed buffers:
        99008 (100.0%) by conc RS threads.
            0 (  0.0%) by mutator threads.
  Conc RS threads times(s)
          0.00     0.00     0.00     0.00     0.00     0.00     0.00     0.00     0.00     0.00     0.00     0.00     0.00     0.00     0.00     0.00     0.00     0.00     0.00
  Total heap region rem set sizes = 6245K.  Max = 33K.
  Static structures = 369K, free_lists = 261K.
    365353 occupied cards represented.
    Max size region = 0:(O)[0x0000000763400000,0x00000007634ffff0,0x0000000763500000], size = 34K, occupied = 97K.
    Did 4519 coarsenings.
2014-08-01T10:06:40.183-0500: 4220.627: [GC pause (young) 4220.627: [G1Ergonomics (CSet Construction) start choosing CSet, _pending_cards: 5243, predicted base time: 20.79 ms, remaining time: 79.21 ms, target pause time: 100.00 ms]
 4220.627: [G1Ergonomics (CSet Construction) add young regions to CSet, eden: 1561 regions, survivors: 15 regions, predicted young region time: 19.82 ms]
 4220.627: [G1Ergonomics (CSet Construction) finish choosing CSet, eden: 1561 regions, survivors: 15 regions, old: 0 regions, predicted pause time: 40.62 ms, target pause time: 100.00 ms]
, 0.0357440 secs]
   [Parallel Time: 18.7 ms, GC Workers: 18]
      [GC Worker Start (ms): Min: 4220626.8, Avg: 4220627.0, Max: 4220627.2, Diff: 0.3]
      [Ext Root Scanning (ms): Min: 6.6, Avg: 8.3, Max: 12.3, Diff: 5.7, Sum: 148.9]
      [Update RS (ms): Min: 0.0, Avg: 1.4, Max: 2.4, Diff: 2.4, Sum: 24.6]
         [Processed Buffers: Min: 0, Avg: 7.6, Max: 24, Diff: 24, Sum: 137]
      [Scan RS (ms): Min: 0.2, Avg: 0.7, Max: 0.9, Diff: 0.7, Sum: 11.8]
      [Object Copy (ms): Min: 5.5, Avg: 7.6, Max: 8.6, Diff: 3.1, Sum: 136.0]
      [Termination (ms): Min: 0.0, Avg: 0.0, Max: 0.1, Diff: 0.1, Sum: 0.9]
      [GC Worker Other (ms): Min: 0.0, Avg: 0.2, Max: 0.4, Diff: 0.4, Sum: 3.9]
      [GC Worker Total (ms): Min: 17.9, Avg: 18.1, Max: 18.4, Diff: 0.6, Sum: 326.1]
      [GC Worker End (ms): Min: 4220645.0, Avg: 4220645.1, Max: 4220645.3, Diff: 0.4]
   [Code Root Fixup: 0.0 ms]
   [Clear CT: 1.7 ms]
   [Other: 15.4 ms]
      [Choose CSet: 0.0 ms]
      [Ref Proc: 9.2 ms]
      [Ref Enq: 1.0 ms]
      [Free CSet: 4.5 ms]
   [Eden: 1561.0M(1561.0M)->0.0B(1555.0M) Survivors: 15.0M->21.0M Heap: 1982.1M(2252.0M)->427.1M(2252.0M)]
 [Times: user=0.35 sys=0.00, real=0.04 secs] 

 Concurrent RS processed 3337226 cards
  Of 99145 completed buffers:
        99145 (100.0%) by conc RS threads.
            0 (  0.0%) by mutator threads.
  Conc RS threads times(s)
          0.00     0.00     0.00     0.00     0.00     0.00     0.00     0.00     0.00     0.00     0.00     0.00     0.00     0.00     0.00     0.00     0.00     0.00     0.00
  Total heap region rem set sizes = 6246K.  Max = 33K.
  Static structures = 369K, free_lists = 260K.
    365648 occupied cards represented.
    Max size region = 0:(O)[0x0000000763400000,0x00000007634ffff0,0x0000000763500000], size = 34K, occupied = 97K.
    Did 4519 coarsenings.
2014-08-01T10:06:46.648-0500: 4227.091: [GC pause (young) 4227.092: [G1Ergonomics (CSet Construction) start choosing CSet, _pending_cards: 5726, predicted base time: 21.86 ms, remaining time: 78.14 ms, target pause time: 100.00 ms]
 4227.092: [G1Ergonomics (CSet Construction) add young regions to CSet, eden: 1555 regions, survivors: 21 regions, predicted young region time: 21.88 ms]
 4227.092: [G1Ergonomics (CSet Construction) finish choosing CSet, eden: 1555 regions, survivors: 21 regions, old: 0 regions, predicted pause time: 43.74 ms, target pause time: 100.00 ms]
, 0.0315200 secs]
   [Parallel Time: 18.5 ms, GC Workers: 18]
      [GC Worker Start (ms): Min: 4227091.8, Avg: 4227092.0, Max: 4227092.2, Diff: 0.4]
      [Ext Root Scanning (ms): Min: 6.0, Avg: 7.4, Max: 16.7, Diff: 10.7, Sum: 133.6]
      [Update RS (ms): Min: 0.0, Avg: 1.6, Max: 2.9, Diff: 2.9, Sum: 28.1]
         [Processed Buffers: Min: 0, Avg: 7.7, Max: 30, Diff: 30, Sum: 139]
      [Scan RS (ms): Min: 0.2, Avg: 0.9, Max: 2.9, Diff: 2.7, Sum: 17.0]
      [Object Copy (ms): Min: 0.2, Avg: 6.9, Max: 8.2, Diff: 8.0, Sum: 124.8]
      [Termination (ms): Min: 0.0, Avg: 0.6, Max: 1.3, Diff: 1.3, Sum: 10.6]
      [GC Worker Other (ms): Min: 0.0, Avg: 0.2, Max: 0.3, Diff: 0.3, Sum: 3.1]
      [GC Worker Total (ms): Min: 17.3, Avg: 17.6, Max: 18.3, Diff: 1.0, Sum: 317.2]
      [GC Worker End (ms): Min: 4227109.4, Avg: 4227109.6, Max: 4227110.1, Diff: 0.7]
   [Code Root Fixup: 0.0 ms]
   [Clear CT: 1.8 ms]
   [Other: 11.2 ms]
      [Choose CSet: 0.0 ms]
      [Ref Proc: 5.9 ms]
      [Ref Enq: 0.4 ms]
      [Free CSet: 4.3 ms]
   [Eden: 1555.0M(1555.0M)->0.0B(1563.0M) Survivors: 21.0M->13.0M Heap: 1982.1M(2252.0M)->419.5M(2252.0M)]
 [Times: user=0.35 sys=0.01, real=0.03 secs] 

 Concurrent RS processed 3339599 cards
  Of 99284 completed buffers:
        99284 (100.0%) by conc RS threads.
            0 (  0.0%) by mutator threads.
  Conc RS threads times(s)
          0.00     0.00     0.00     0.00     0.00     0.00     0.00     0.00     0.00     0.00     0.00     0.00     0.00     0.00     0.00     0.00     0.00     0.00     0.00
  Total heap region rem set sizes = 6248K.  Max = 33K.
  Static structures = 369K, free_lists = 260K.
    365924 occupied cards represented.
    Max size region = 0:(O)[0x0000000763400000,0x00000007634ffff0,0x0000000763500000], size = 34K, occupied = 97K.
    Did 4519 coarsenings.
2014-08-01T10:06:52.742-0500: 4233.185: [GC pause (young) 4233.185: [G1Ergonomics (CSet Construction) start choosing CSet, _pending_cards: 5474, predicted base time: 21.09 ms, remaining time: 78.91 ms, target pause time: 100.00 ms]
 4233.185: [G1Ergonomics (CSet Construction) add young regions to CSet, eden: 1563 regions, survivors: 13 regions, predicted young region time: 12.10 ms]
 4233.185: [G1Ergonomics (CSet Construction) finish choosing CSet, eden: 1563 regions, survivors: 13 regions, old: 0 regions, predicted pause time: 33.18 ms, target pause time: 100.00 ms]
, 0.0308070 secs]
   [Parallel Time: 17.8 ms, GC Workers: 18]
      [GC Worker Start (ms): Min: 4233185.6, Avg: 4233185.8, Max: 4233185.9, Diff: 0.4]
      [Ext Root Scanning (ms): Min: 4.1, Avg: 5.0, Max: 10.9, Diff: 6.8, Sum: 89.3]
      [Update RS (ms): Min: 0.0, Avg: 0.9, Max: 1.8, Diff: 1.8, Sum: 16.6]
         [Processed Buffers: Min: 0, Avg: 7.8, Max: 22, Diff: 22, Sum: 140]
      [Scan RS (ms): Min: 0.2, Avg: 0.6, Max: 0.8, Diff: 0.6, Sum: 11.0]
      [Object Copy (ms): Min: 1.2, Avg: 6.2, Max: 10.9, Diff: 9.8, Sum: 111.1]
      [Termination (ms): Min: 0.0, Avg: 4.5, Max: 4.8, Diff: 4.8, Sum: 80.8]
      [GC Worker Other (ms): Min: 0.0, Avg: 0.2, Max: 0.3, Diff: 0.3, Sum: 2.9]
      [GC Worker Total (ms): Min: 17.0, Avg: 17.3, Max: 17.5, Diff: 0.5, Sum: 311.6]
      [GC Worker End (ms): Min: 4233202.9, Avg: 4233203.1, Max: 4233203.2, Diff: 0.3]
   [Code Root Fixup: 0.0 ms]
   [Clear CT: 1.6 ms]
   [Other: 11.3 ms]
      [Choose CSet: 0.0 ms]
      [Ref Proc: 5.4 ms]
      [Ref Enq: 0.6 ms]
      [Free CSet: 4.7 ms]
   [Eden: 1563.0M(1563.0M)->0.0B(1563.0M) Survivors: 13.0M->13.0M Heap: 1982.5M(2252.0M)->419.7M(2252.0M)]
 [Times: user=0.34 sys=0.01, real=0.03 secs] 

 Concurrent RS processed 3341869 cards
  Of 99424 completed buffers:
        99424 (100.0%) by conc RS threads.
            0 (  0.0%) by mutator threads.
  Conc RS threads times(s)
          0.00     0.00     0.00     0.00     0.00     0.00     0.00     0.00     0.00     0.00     0.00     0.00     0.00     0.00     0.00     0.00     0.00     0.00     0.00
  Total heap region rem set sizes = 6250K.  Max = 33K.
  Static structures = 369K, free_lists = 259K.
    366235 occupied cards represented.
    Max size region = 0:(O)[0x0000000763400000,0x00000007634ffff0,0x0000000763500000], size = 34K, occupied = 97K.
    Did 4519 coarsenings.
2014-08-01T10:06:58.652-0500: 4239.095: [GC pause (young) 4239.095: [G1Ergonomics (CSet Construction) start choosing CSet, _pending_cards: 5460, predicted base time: 19.78 ms, remaining time: 80.22 ms, target pause time: 100.00 ms]
 4239.095: [G1Ergonomics (CSet Construction) add young regions to CSet, eden: 1563 regions, survivors: 13 regions, predicted young region time: 18.82 ms]
 4239.095: [G1Ergonomics (CSet Construction) finish choosing CSet, eden: 1563 regions, survivors: 13 regions, old: 0 regions, predicted pause time: 38.60 ms, target pause time: 100.00 ms]
, 0.0398560 secs]
   [Parallel Time: 22.4 ms, GC Workers: 18]
      [GC Worker Start (ms): Min: 4239095.2, Avg: 4239095.4, Max: 4239095.5, Diff: 0.3]
      [Ext Root Scanning (ms): Min: 6.3, Avg: 7.1, Max: 11.4, Diff: 5.1, Sum: 128.1]
      [Update RS (ms): Min: 0.0, Avg: 2.1, Max: 12.2, Diff: 12.2, Sum: 37.9]
         [Processed Buffers: Min: 0, Avg: 7.7, Max: 26, Diff: 26, Sum: 138]
      [Scan RS (ms): Min: 0.2, Avg: 0.7, Max: 0.9, Diff: 0.7, Sum: 12.2]
      [Object Copy (ms): Min: 1.2, Avg: 9.6, Max: 10.9, Diff: 9.7, Sum: 173.3]
      [Termination (ms): Min: 0.0, Avg: 1.1, Max: 2.9, Diff: 2.9, Sum: 19.2]
      [GC Worker Other (ms): Min: 0.0, Avg: 0.2, Max: 0.3, Diff: 0.3, Sum: 3.4]
      [GC Worker Total (ms): Min: 20.5, Avg: 20.8, Max: 21.0, Diff: 0.5, Sum: 374.1]
      [GC Worker End (ms): Min: 4239116.0, Avg: 4239116.1, Max: 4239116.3, Diff: 0.3]
   [Code Root Fixup: 0.0 ms]
   [Clear CT: 1.6 ms]
   [Other: 15.8 ms]
      [Choose CSet: 0.0 ms]
      [Ref Proc: 10.3 ms]
      [Ref Enq: 0.4 ms]
      [Free CSet: 4.5 ms]
   [Eden: 1563.0M(1563.0M)->0.0B(1554.0M) Survivors: 13.0M->22.0M Heap: 1982.7M(2252.0M)->428.4M(2252.0M)]
 [Times: user=0.40 sys=0.01, real=0.04 secs] 

 Concurrent RS processed 3344246 cards
  Of 99562 completed buffers:
        99562 (100.0%) by conc RS threads.
            0 (  0.0%) by mutator threads.
  Conc RS threads times(s)
          0.00     0.00     0.00     0.00     0.00     0.00     0.00     0.00     0.00     0.00     0.00     0.00     0.00     0.00     0.00     0.00     0.00     0.00     0.00
  Total heap region rem set sizes = 6253K.  Max = 33K.
  Static structures = 369K, free_lists = 258K.
    366729 occupied cards represented.
    Max size region = 0:(O)[0x0000000763400000,0x00000007634ffff0,0x0000000763500000], size = 34K, occupied = 97K.
    Did 4519 coarsenings.
2014-08-01T10:07:05.689-0500: 4246.133: [GC pause (young) 4246.133: [G1Ergonomics (CSet Construction) start choosing CSet, _pending_cards: 5255, predicted base time: 21.53 ms, remaining time: 78.47 ms, target pause time: 100.00 ms]
 4246.133: [G1Ergonomics (CSet Construction) add young regions to CSet, eden: 1554 regions, survivors: 22 regions, predicted young region time: 15.75 ms]
 4246.133: [G1Ergonomics (CSet Construction) finish choosing CSet, eden: 1554 regions, survivors: 22 regions, old: 0 regions, predicted pause time: 37.27 ms, target pause time: 100.00 ms]
, 0.0341780 secs]
   [Parallel Time: 17.8 ms, GC Workers: 18]
      [GC Worker Start (ms): Min: 4246133.0, Avg: 4246133.2, Max: 4246133.4, Diff: 0.4]
      [Ext Root Scanning (ms): Min: 5.4, Avg: 7.0, Max: 14.0, Diff: 8.5, Sum: 126.0]
      [Update RS (ms): Min: 0.0, Avg: 1.7, Max: 2.7, Diff: 2.6, Sum: 30.4]
         [Processed Buffers: Min: 0, Avg: 7.8, Max: 24, Diff: 24, Sum: 141]
      [Scan RS (ms): Min: 0.2, Avg: 0.7, Max: 1.1, Diff: 0.8, Sum: 12.9]
      [Object Copy (ms): Min: 2.6, Avg: 7.4, Max: 8.1, Diff: 5.5, Sum: 133.9]
      [Termination (ms): Min: 0.0, Avg: 0.2, Max: 0.2, Diff: 0.2, Sum: 4.0]
      [GC Worker Other (ms): Min: 0.0, Avg: 0.2, Max: 0.4, Diff: 0.3, Sum: 3.1]
      [GC Worker Total (ms): Min: 17.0, Avg: 17.2, Max: 17.4, Diff: 0.5, Sum: 310.3]
      [GC Worker End (ms): Min: 4246150.3, Avg: 4246150.5, Max: 4246150.6, Diff: 0.3]
   [Code Root Fixup: 0.0 ms]
   [Clear CT: 2.3 ms]
   [Other: 14.1 ms]
      [Choose CSet: 0.0 ms]
      [Ref Proc: 7.6 ms]
      [Ref Enq: 0.8 ms]
      [Free CSet: 5.1 ms]
   [Eden: 1554.0M(1554.0M)->0.0B(1558.0M) Survivors: 22.0M->18.0M Heap: 1982.4M(2252.0M)->424.5M(2252.0M)]
 [Times: user=0.38 sys=0.01, real=0.04 secs] 

 Concurrent RS processed 3346581 cards
  Of 99703 completed buffers:
        99703 (100.0%) by conc RS threads.
            0 (  0.0%) by mutator threads.
  Conc RS threads times(s)
          0.00     0.00     0.00     0.00     0.00     0.00     0.00     0.00     0.00     0.00     0.00     0.00     0.00     0.00     0.00     0.00     0.00     0.00     0.00
  Total heap region rem set sizes = 6251K.  Max = 33K.
  Static structures = 369K, free_lists = 259K.
    366843 occupied cards represented.
    Max size region = 0:(O)[0x0000000763400000,0x00000007634ffff0,0x0000000763500000], size = 34K, occupied = 97K.
    Did 4519 coarsenings.
2014-08-01T10:07:12.065-0500: 4252.508: [GC pause (young) 4252.508: [G1Ergonomics (CSet Construction) start choosing CSet, _pending_cards: 5731, predicted base time: 21.61 ms, remaining time: 78.39 ms, target pause time: 100.00 ms]
 4252.508: [G1Ergonomics (CSet Construction) add young regions to CSet, eden: 1558 regions, survivors: 18 regions, predicted young region time: 13.82 ms]
 4252.508: [G1Ergonomics (CSet Construction) finish choosing CSet, eden: 1558 regions, survivors: 18 regions, old: 0 regions, predicted pause time: 35.44 ms, target pause time: 100.00 ms]
, 0.0271510 secs]
   [Parallel Time: 15.3 ms, GC Workers: 18]
      [GC Worker Start (ms): Min: 4252508.5, Avg: 4252508.7, Max: 4252508.9, Diff: 0.4]
      [Ext Root Scanning (ms): Min: 4.0, Avg: 5.3, Max: 7.3, Diff: 3.3, Sum: 95.9]
      [Update RS (ms): Min: 0.0, Avg: 1.2, Max: 2.3, Diff: 2.3, Sum: 20.8]
         [Processed Buffers: Min: 0, Avg: 7.6, Max: 29, Diff: 29, Sum: 137]
      [Scan RS (ms): Min: 0.1, Avg: 0.6, Max: 1.4, Diff: 1.3, Sum: 11.0]
      [Object Copy (ms): Min: 6.4, Avg: 7.1, Max: 7.9, Diff: 1.4, Sum: 128.0]
      [Termination (ms): Min: 0.0, Avg: 0.6, Max: 0.7, Diff: 0.6, Sum: 10.7]
      [GC Worker Other (ms): Min: 0.0, Avg: 0.1, Max: 0.2, Diff: 0.2, Sum: 1.6]
      [GC Worker Total (ms): Min: 14.7, Avg: 14.9, Max: 15.2, Diff: 0.5, Sum: 268.0]
      [GC Worker End (ms): Min: 4252523.5, Avg: 4252523.6, Max: 4252523.7, Diff: 0.2]
   [Code Root Fixup: 0.0 ms]
   [Clear CT: 1.4 ms]
   [Other: 10.5 ms]
      [Choose CSet: 0.0 ms]
      [Ref Proc: 4.7 ms]
      [Ref Enq: 0.4 ms]
      [Free CSet: 4.7 ms]
   [Eden: 1558.0M(1558.0M)->0.0B(1555.0M) Survivors: 18.0M->21.0M Heap: 1982.5M(2252.0M)->427.5M(2252.0M)]
 [Times: user=0.28 sys=0.00, real=0.02 secs] 

 Concurrent RS processed 3349037 cards
  Of 99840 completed buffers:
        99840 (100.0%) by conc RS threads.
            0 (  0.0%) by mutator threads.
  Conc RS threads times(s)
          0.00     0.00     0.00     0.00     0.00     0.00     0.00     0.00     0.00     0.00     0.00     0.00     0.00     0.00     0.00     0.00     0.00     0.00     0.00
  Total heap region rem set sizes = 6251K.  Max = 33K.
  Static structures = 369K, free_lists = 259K.
    367096 occupied cards represented.
    Max size region = 0:(O)[0x0000000763400000,0x00000007634ffff0,0x0000000763500000], size = 34K, occupied = 98K.
    Did 4519 coarsenings.
2014-08-01T10:07:17.975-0500: 4258.419: [GC pause (young) 4258.419: [G1Ergonomics (CSet Construction) start choosing CSet, _pending_cards: 5472, predicted base time: 19.96 ms, remaining time: 80.04 ms, target pause time: 100.00 ms]
 4258.419: [G1Ergonomics (CSet Construction) add young regions to CSet, eden: 1555 regions, survivors: 21 regions, predicted young region time: 18.43 ms]
 4258.419: [G1Ergonomics (CSet Construction) finish choosing CSet, eden: 1555 regions, survivors: 21 regions, old: 0 regions, predicted pause time: 38.39 ms, target pause time: 100.00 ms]
, 0.0518200 secs]
   [Parallel Time: 37.0 ms, GC Workers: 18]
      [GC Worker Start (ms): Min: 4258419.1, Avg: 4258419.3, Max: 4258419.4, Diff: 0.3]
      [Ext Root Scanning (ms): Min: 5.3, Avg: 7.0, Max: 11.4, Diff: 6.1, Sum: 125.4]
      [Update RS (ms): Min: 0.0, Avg: 1.5, Max: 3.3, Diff: 3.3, Sum: 27.3]
         [Processed Buffers: Min: 0, Avg: 7.5, Max: 22, Diff: 22, Sum: 135]
      [Scan RS (ms): Min: 0.2, Avg: 0.8, Max: 1.0, Diff: 0.8, Sum: 14.8]
      [Object Copy (ms): Min: 9.3, Avg: 12.7, Max: 27.3, Diff: 17.9, Sum: 228.0]
      [Termination (ms): Min: 0.0, Avg: 14.4, Max: 15.4, Diff: 15.3, Sum: 259.8]
      [GC Worker Other (ms): Min: 0.0, Avg: 0.1, Max: 0.3, Diff: 0.3, Sum: 2.5]
      [GC Worker Total (ms): Min: 36.3, Avg: 36.5, Max: 36.8, Diff: 0.5, Sum: 657.7]
      [GC Worker End (ms): Min: 4258455.7, Avg: 4258455.8, Max: 4258456.0, Diff: 0.3]
   [Code Root Fixup: 0.0 ms]
   [Clear CT: 1.8 ms]
   [Other: 13.0 ms]
      [Choose CSet: 0.0 ms]
      [Ref Proc: 6.0 ms]
      [Ref Enq: 1.2 ms]
      [Free CSet: 5.1 ms]
   [Eden: 1555.0M(1555.0M)->0.0B(1563.0M) Survivors: 21.0M->13.0M Heap: 1982.5M(2252.0M)->419.5M(2252.0M)]
 [Times: user=0.66 sys=0.01, real=0.05 secs] 

 Concurrent RS processed 3351358 cards
  Of 99975 completed buffers:
        99975 (100.0%) by conc RS threads.
            0 (  0.0%) by mutator threads.
  Conc RS threads times(s)
          0.00     0.00     0.00     0.00     0.00     0.00     0.00     0.00     0.00     0.00     0.00     0.00     0.00     0.00     0.00     0.00     0.00     0.00     0.00
  Total heap region rem set sizes = 6251K.  Max = 33K.
  Static structures = 369K, free_lists = 259K.
    367334 occupied cards represented.
    Max size region = 0:(O)[0x0000000763400000,0x00000007634ffff0,0x0000000763500000], size = 34K, occupied = 98K.
    Did 4519 coarsenings.
2014-08-01T10:07:24.308-0500: 4264.751: [GC pause (young) 4264.751: [G1Ergonomics (CSet Construction) start choosing CSet, _pending_cards: 5481, predicted base time: 19.79 ms, remaining time: 80.21 ms, target pause time: 100.00 ms]
 4264.751: [G1Ergonomics (CSet Construction) add young regions to CSet, eden: 1563 regions, survivors: 13 regions, predicted young region time: 23.01 ms]
 4264.751: [G1Ergonomics (CSet Construction) finish choosing CSet, eden: 1563 regions, survivors: 13 regions, old: 0 regions, predicted pause time: 42.80 ms, target pause time: 100.00 ms]
, 0.0369570 secs]
   [Parallel Time: 19.3 ms, GC Workers: 18]
      [GC Worker Start (ms): Min: 4264751.3, Avg: 4264751.5, Max: 4264751.7, Diff: 0.4]
      [Ext Root Scanning (ms): Min: 4.9, Avg: 6.6, Max: 11.3, Diff: 6.4, Sum: 118.4]
      [Update RS (ms): Min: 0.0, Avg: 1.6, Max: 3.3, Diff: 3.3, Sum: 28.3]
         [Processed Buffers: Min: 0, Avg: 7.5, Max: 22, Diff: 22, Sum: 135]
      [Scan RS (ms): Min: 0.2, Avg: 0.7, Max: 0.9, Diff: 0.7, Sum: 13.5]
      [Object Copy (ms): Min: 6.8, Avg: 9.4, Max: 9.9, Diff: 3.1, Sum: 169.8]
      [Termination (ms): Min: 0.1, Avg: 0.3, Max: 0.9, Diff: 0.8, Sum: 5.5]
      [GC Worker Other (ms): Min: 0.0, Avg: 0.2, Max: 0.4, Diff: 0.3, Sum: 3.5]
      [GC Worker Total (ms): Min: 18.5, Avg: 18.8, Max: 19.1, Diff: 0.6, Sum: 339.0]
      [GC Worker End (ms): Min: 4264770.2, Avg: 4264770.3, Max: 4264770.5, Diff: 0.4]
   [Code Root Fixup: 0.0 ms]
   [Clear CT: 1.9 ms]
   [Other: 15.7 ms]
      [Choose CSet: 0.0 ms]
      [Ref Proc: 9.7 ms]
      [Ref Enq: 0.4 ms]
      [Free CSet: 5.0 ms]
   [Eden: 1563.0M(1563.0M)->0.0B(1555.0M) Survivors: 13.0M->21.0M Heap: 1982.5M(2252.0M)->428.0M(2252.0M)]
 [Times: user=0.42 sys=0.01, real=0.03 secs] 

 Concurrent RS processed 3353642 cards
  Of 100110 completed buffers:
       100110 (100.0%) by conc RS threads.
            0 (  0.0%) by mutator threads.
  Conc RS threads times(s)
          0.00     0.00     0.00     0.00     0.00     0.00     0.00     0.00     0.00     0.00     0.00     0.00     0.00     0.00     0.00     0.00     0.00     0.00     0.00
  Total heap region rem set sizes = 6252K.  Max = 33K.
  Static structures = 369K, free_lists = 259K.
    367585 occupied cards represented.
    Max size region = 0:(O)[0x0000000763400000,0x00000007634ffff0,0x0000000763500000], size = 34K, occupied = 98K.
    Did 4519 coarsenings.
2014-08-01T10:07:30.362-0500: 4270.806: [GC pause (young) 4270.806: [G1Ergonomics (CSet Construction) start choosing CSet, _pending_cards: 5445, predicted base time: 20.57 ms, remaining time: 79.43 ms, target pause time: 100.00 ms]
 4270.806: [G1Ergonomics (CSet Construction) add young regions to CSet, eden: 1555 regions, survivors: 21 regions, predicted young region time: 27.59 ms]
 4270.806: [G1Ergonomics (CSet Construction) finish choosing CSet, eden: 1555 regions, survivors: 21 regions, old: 0 regions, predicted pause time: 48.16 ms, target pause time: 100.00 ms]
, 0.0398010 secs]
   [Parallel Time: 25.3 ms, GC Workers: 18]
      [GC Worker Start (ms): Min: 4270806.1, Avg: 4270806.2, Max: 4270806.4, Diff: 0.4]
      [Ext Root Scanning (ms): Min: 5.4, Avg: 6.9, Max: 10.0, Diff: 4.7, Sum: 124.3]
      [Update RS (ms): Min: 0.0, Avg: 2.0, Max: 9.7, Diff: 9.7, Sum: 35.3]
         [Processed Buffers: Min: 0, Avg: 7.4, Max: 25, Diff: 25, Sum: 133]
      [Scan RS (ms): Min: 0.2, Avg: 0.7, Max: 0.9, Diff: 0.7, Sum: 12.2]
      [Object Copy (ms): Min: 7.9, Avg: 13.5, Max: 15.2, Diff: 7.3, Sum: 243.4]
      [Termination (ms): Min: 0.1, Avg: 1.4, Max: 1.6, Diff: 1.5, Sum: 25.8]
      [GC Worker Other (ms): Min: 0.0, Avg: 0.3, Max: 0.5, Diff: 0.4, Sum: 4.8]
      [GC Worker Total (ms): Min: 24.4, Avg: 24.8, Max: 25.0, Diff: 0.6, Sum: 445.8]
      [GC Worker End (ms): Min: 4270830.8, Avg: 4270831.0, Max: 4270831.2, Diff: 0.5]
   [Code Root Fixup: 0.0 ms]
   [Clear CT: 1.7 ms]
   [Other: 12.8 ms]
      [Choose CSet: 0.0 ms]
      [Ref Proc: 6.7 ms]
      [Ref Enq: 0.6 ms]
      [Free CSet: 4.6 ms]
   [Eden: 1555.0M(1555.0M)->0.0B(1558.0M) Survivors: 21.0M->18.0M Heap: 1983.0M(2252.0M)->425.1M(2252.0M)]
 [Times: user=0.46 sys=0.01, real=0.04 secs] 

 Concurrent RS processed 3355971 cards
  Of 100243 completed buffers:
       100243 (100.0%) by conc RS threads.
            0 (  0.0%) by mutator threads.
  Conc RS threads times(s)
          0.00     0.00     0.00     0.00     0.00     0.00     0.00     0.00     0.00     0.00     0.00     0.00     0.00     0.00     0.00     0.00     0.00     0.00     0.00
  Total heap region rem set sizes = 6252K.  Max = 33K.
  Static structures = 369K, free_lists = 259K.
    367896 occupied cards represented.
    Max size region = 0:(O)[0x0000000763400000,0x00000007634ffff0,0x0000000763500000], size = 34K, occupied = 98K.
    Did 4519 coarsenings.
2014-08-01T10:07:36.644-0500: 4277.087: [GC pause (young) 4277.087: [G1Ergonomics (CSet Construction) start choosing CSet, _pending_cards: 6004, predicted base time: 20.58 ms, remaining time: 79.42 ms, target pause time: 100.00 ms]
 4277.087: [G1Ergonomics (CSet Construction) add young regions to CSet, eden: 1558 regions, survivors: 18 regions, predicted young region time: 21.87 ms]
 4277.087: [G1Ergonomics (CSet Construction) finish choosing CSet, eden: 1558 regions, survivors: 18 regions, old: 0 regions, predicted pause time: 42.45 ms, target pause time: 100.00 ms]
, 0.0345600 secs]
   [Parallel Time: 20.0 ms, GC Workers: 18]
      [GC Worker Start (ms): Min: 4277087.4, Avg: 4277087.6, Max: 4277087.7, Diff: 0.3]
      [Ext Root Scanning (ms): Min: 5.5, Avg: 7.2, Max: 13.5, Diff: 8.1, Sum: 130.1]
      [Update RS (ms): Min: 0.0, Avg: 1.4, Max: 2.7, Diff: 2.7, Sum: 24.6]
         [Processed Buffers: Min: 0, Avg: 7.9, Max: 18, Diff: 18, Sum: 142]
      [Scan RS (ms): Min: 0.2, Avg: 0.8, Max: 1.4, Diff: 1.2, Sum: 13.6]
      [Object Copy (ms): Min: 5.2, Avg: 9.7, Max: 10.5, Diff: 5.3, Sum: 174.9]
      [Termination (ms): Min: 0.0, Avg: 0.2, Max: 0.3, Diff: 0.3, Sum: 3.5]
      [GC Worker Other (ms): Min: 0.0, Avg: 0.2, Max: 0.4, Diff: 0.4, Sum: 4.0]
      [GC Worker Total (ms): Min: 19.2, Avg: 19.5, Max: 19.7, Diff: 0.5, Sum: 350.7]
      [GC Worker End (ms): Min: 4277106.9, Avg: 4277107.0, Max: 4277107.2, Diff: 0.4]
   [Code Root Fixup: 0.0 ms]
   [Clear CT: 1.7 ms]
   [Other: 12.9 ms]
      [Choose CSet: 0.0 ms]
      [Ref Proc: 6.8 ms]
      [Ref Enq: 0.6 ms]
      [Free CSet: 4.8 ms]
   [Eden: 1558.0M(1558.0M)->0.0B(1563.0M) Survivors: 18.0M->13.0M Heap: 1983.1M(2252.0M)->420.3M(2252.0M)]
 [Times: user=0.39 sys=0.00, real=0.04 secs] 

 Concurrent RS processed 3358366 cards
  Of 100385 completed buffers:
       100385 (100.0%) by conc RS threads.
            0 (  0.0%) by mutator threads.
  Conc RS threads times(s)
          0.00     0.00     0.00     0.00     0.00     0.00     0.00     0.00     0.00     0.00     0.00     0.00     0.00     0.00     0.00     0.00     0.00     0.00     0.00
  Total heap region rem set sizes = 6253K.  Max = 33K.
  Static structures = 369K, free_lists = 258K.
    368104 occupied cards represented.
    Max size region = 0:(O)[0x0000000763400000,0x00000007634ffff0,0x0000000763500000], size = 34K, occupied = 98K.
    Did 4519 coarsenings.
2014-08-01T10:07:42.847-0500: 4283.290: [GC pause (young) 4283.291: [G1Ergonomics (CSet Construction) start choosing CSet, _pending_cards: 5265, predicted base time: 20.05 ms, remaining time: 79.95 ms, target pause time: 100.00 ms]
 4283.291: [G1Ergonomics (CSet Construction) add young regions to CSet, eden: 1563 regions, survivors: 13 regions, predicted young region time: 15.85 ms]
 4283.291: [G1Ergonomics (CSet Construction) finish choosing CSet, eden: 1563 regions, survivors: 13 regions, old: 0 regions, predicted pause time: 35.91 ms, target pause time: 100.00 ms]
, 0.0324770 secs]
   [Parallel Time: 19.0 ms, GC Workers: 18]
      [GC Worker Start (ms): Min: 4283290.8, Avg: 4283290.9, Max: 4283291.1, Diff: 0.3]
      [Ext Root Scanning (ms): Min: 5.1, Avg: 6.9, Max: 11.2, Diff: 6.1, Sum: 123.7]
      [Update RS (ms): Min: 0.0, Avg: 1.4, Max: 3.2, Diff: 3.2, Sum: 26.0]
         [Processed Buffers: Min: 0, Avg: 7.6, Max: 20, Diff: 20, Sum: 137]
      [Scan RS (ms): Min: 0.2, Avg: 0.7, Max: 0.9, Diff: 0.7, Sum: 13.5]
      [Object Copy (ms): Min: 6.0, Avg: 8.3, Max: 8.9, Diff: 2.9, Sum: 149.9]
      [Termination (ms): Min: 0.0, Avg: 0.1, Max: 0.1, Diff: 0.1, Sum: 1.0]
      [GC Worker Other (ms): Min: 0.0, Avg: 0.2, Max: 0.5, Diff: 0.4, Sum: 4.4]
      [GC Worker Total (ms): Min: 17.4, Avg: 17.7, Max: 18.0, Diff: 0.6, Sum: 318.5]
      [GC Worker End (ms): Min: 4283308.4, Avg: 4283308.6, Max: 4283308.8, Diff: 0.4]
   [Code Root Fixup: 0.0 ms]
   [Clear CT: 1.7 ms]
   [Other: 11.8 ms]
      [Choose CSet: 0.0 ms]
      [Ref Proc: 5.5 ms]
      [Ref Enq: 1.1 ms]
      [Free CSet: 4.6 ms]
   [Eden: 1563.0M(1563.0M)->0.0B(1563.0M) Survivors: 13.0M->13.0M Heap: 1983.3M(2252.0M)->419.8M(2252.0M)]
 [Times: user=0.37 sys=0.00, real=0.04 secs] 

 Concurrent RS processed 3360739 cards
  Of 100522 completed buffers:
       100522 (100.0%) by conc RS threads.
            0 (  0.0%) by mutator threads.
  Conc RS threads times(s)
          0.00     0.00     0.00     0.00     0.00     0.00     0.00     0.00     0.00     0.00     0.00     0.00     0.00     0.00     0.00     0.00     0.00     0.00     0.00
  Total heap region rem set sizes = 6255K.  Max = 33K.
  Static structures = 369K, free_lists = 258K.
    368416 occupied cards represented.
    Max size region = 0:(O)[0x0000000763400000,0x00000007634ffff0,0x0000000763500000], size = 34K, occupied = 98K.
    Did 4519 coarsenings.
2014-08-01T10:07:49.242-0500: 4289.685: [GC pause (young) 4289.685: [G1Ergonomics (CSet Construction) start choosing CSet, _pending_cards: 5470, predicted base time: 19.82 ms, remaining time: 80.18 ms, target pause time: 100.00 ms]
 4289.685: [G1Ergonomics (CSet Construction) add young regions to CSet, eden: 1563 regions, survivors: 13 regions, predicted young region time: 18.56 ms]
 4289.685: [G1Ergonomics (CSet Construction) finish choosing CSet, eden: 1563 regions, survivors: 13 regions, old: 0 regions, predicted pause time: 38.38 ms, target pause time: 100.00 ms]
, 0.0364350 secs]
   [Parallel Time: 18.0 ms, GC Workers: 18]
      [GC Worker Start (ms): Min: 4289685.4, Avg: 4289685.7, Max: 4289685.8, Diff: 0.4]
      [Ext Root Scanning (ms): Min: 6.3, Avg: 7.2, Max: 11.4, Diff: 5.1, Sum: 130.0]
      [Update RS (ms): Min: 0.0, Avg: 1.8, Max: 7.1, Diff: 7.1, Sum: 32.3]
         [Processed Buffers: Min: 0, Avg: 7.3, Max: 43, Diff: 43, Sum: 131]
      [Scan RS (ms): Min: 0.2, Avg: 0.7, Max: 0.9, Diff: 0.7, Sum: 13.4]
      [Object Copy (ms): Min: 2.6, Avg: 6.8, Max: 10.5, Diff: 8.0, Sum: 122.0]
      [Termination (ms): Min: 0.0, Avg: 0.6, Max: 0.7, Diff: 0.7, Sum: 10.8]
      [GC Worker Other (ms): Min: 0.0, Avg: 0.3, Max: 0.5, Diff: 0.4, Sum: 4.8]
      [GC Worker Total (ms): Min: 17.1, Avg: 17.4, Max: 17.7, Diff: 0.6, Sum: 313.2]
      [GC Worker End (ms): Min: 4289702.8, Avg: 4289703.1, Max: 4289703.3, Diff: 0.5]
   [Code Root Fixup: 0.0 ms]
   [Clear CT: 1.9 ms]
   [Other: 16.6 ms]
      [Choose CSet: 0.0 ms]
      [Ref Proc: 10.5 ms]
      [Ref Enq: 0.6 ms]
      [Free CSet: 4.7 ms]
   [Eden: 1563.0M(1563.0M)->0.0B(1555.0M) Survivors: 13.0M->21.0M Heap: 1982.8M(2252.0M)->428.2M(2252.0M)]
 [Times: user=0.36 sys=0.01, real=0.03 secs] 

 Concurrent RS processed 3363157 cards
  Of 100653 completed buffers:
       100653 (100.0%) by conc RS threads.
            0 (  0.0%) by mutator threads.
  Conc RS threads times(s)
          0.00     0.00     0.00     0.00     0.00     0.00     0.00     0.00     0.00     0.00     0.00     0.00     0.00     0.00     0.00     0.00     0.00     0.00     0.00
  Total heap region rem set sizes = 6259K.  Max = 33K.
  Static structures = 369K, free_lists = 256K.
    368815 occupied cards represented.
    Max size region = 0:(O)[0x0000000763400000,0x00000007634ffff0,0x0000000763500000], size = 34K, occupied = 98K.
    Did 4519 coarsenings.
2014-08-01T10:07:56.363-0500: 4296.806: [GC pause (young) 4296.806: [G1Ergonomics (CSet Construction) start choosing CSet, _pending_cards: 5990, predicted base time: 21.58 ms, remaining time: 78.42 ms, target pause time: 100.00 ms]
 4296.806: [G1Ergonomics (CSet Construction) add young regions to CSet, eden: 1555 regions, survivors: 21 regions, predicted young region time: 11.50 ms]
 4296.806: [G1Ergonomics (CSet Construction) finish choosing CSet, eden: 1555 regions, survivors: 21 regions, old: 0 regions, predicted pause time: 33.08 ms, target pause time: 100.00 ms]
, 0.0330260 secs]
   [Parallel Time: 19.1 ms, GC Workers: 18]
      [GC Worker Start (ms): Min: 4296806.6, Avg: 4296806.8, Max: 4296807.0, Diff: 0.4]
      [Ext Root Scanning (ms): Min: 6.2, Avg: 7.6, Max: 10.9, Diff: 4.7, Sum: 136.0]
      [Update RS (ms): Min: 0.0, Avg: 1.5, Max: 2.9, Diff: 2.9, Sum: 27.7]
         [Processed Buffers: Min: 0, Avg: 7.7, Max: 20, Diff: 20, Sum: 139]
      [Scan RS (ms): Min: 0.2, Avg: 1.1, Max: 8.1, Diff: 7.9, Sum: 20.4]
      [Object Copy (ms): Min: 1.9, Avg: 7.4, Max: 8.3, Diff: 6.4, Sum: 134.0]
      [Termination (ms): Min: 0.0, Avg: 0.6, Max: 0.7, Diff: 0.7, Sum: 11.7]
      [GC Worker Other (ms): Min: 0.0, Avg: 0.2, Max: 0.4, Diff: 0.3, Sum: 2.9]
      [GC Worker Total (ms): Min: 18.2, Avg: 18.5, Max: 18.8, Diff: 0.6, Sum: 332.7]
      [GC Worker End (ms): Min: 4296825.1, Avg: 4296825.3, Max: 4296825.5, Diff: 0.3]
   [Code Root Fixup: 0.0 ms]
   [Clear CT: 1.9 ms]
   [Other: 12.0 ms]
      [Choose CSet: 0.0 ms]
      [Ref Proc: 6.2 ms]
      [Ref Enq: 0.4 ms]
      [Free CSet: 4.7 ms]
   [Eden: 1555.0M(1555.0M)->0.0B(1562.0M) Survivors: 21.0M->14.0M Heap: 1983.2M(2252.0M)->421.0M(2252.0M)]
 [Times: user=0.37 sys=0.01, real=0.03 secs] 

 Concurrent RS processed 3365565 cards
  Of 100792 completed buffers:
       100792 (100.0%) by conc RS threads.
            0 (  0.0%) by mutator threads.
  Conc RS threads times(s)
          0.00     0.00     0.00     0.00     0.00     0.00     0.00     0.00     0.00     0.00     0.00     0.00     0.00     0.00     0.00     0.00     0.00     0.00     0.00
  Total heap region rem set sizes = 6259K.  Max = 33K.
  Static structures = 369K, free_lists = 256K.
    369153 occupied cards represented.
    Max size region = 0:(O)[0x0000000763400000,0x00000007634ffff0,0x0000000763500000], size = 34K, occupied = 98K.
    Did 4519 coarsenings.
2014-08-01T10:08:02.830-0500: 4303.273: [GC pause (young) 4303.273: [G1Ergonomics (CSet Construction) start choosing CSet, _pending_cards: 5225, predicted base time: 20.74 ms, remaining time: 79.26 ms, target pause time: 100.00 ms]
 4303.273: [G1Ergonomics (CSet Construction) add young regions to CSet, eden: 1562 regions, survivors: 14 regions, predicted young region time: 17.15 ms]
 4303.273: [G1Ergonomics (CSet Construction) finish choosing CSet, eden: 1562 regions, survivors: 14 regions, old: 0 regions, predicted pause time: 37.89 ms, target pause time: 100.00 ms]
, 0.0375020 secs]
   [Parallel Time: 24.3 ms, GC Workers: 18]
      [GC Worker Start (ms): Min: 4303273.5, Avg: 4303273.6, Max: 4303273.8, Diff: 0.3]
      [Ext Root Scanning (ms): Min: 5.7, Avg: 6.9, Max: 11.3, Diff: 5.6, Sum: 124.0]
      [Update RS (ms): Min: 0.0, Avg: 1.6, Max: 2.8, Diff: 2.8, Sum: 29.2]
         [Processed Buffers: Min: 0, Avg: 7.9, Max: 23, Diff: 23, Sum: 142]
      [Scan RS (ms): Min: 0.2, Avg: 1.0, Max: 1.2, Diff: 1.0, Sum: 18.0]
      [Object Copy (ms): Min: 9.9, Avg: 12.1, Max: 12.9, Diff: 3.1, Sum: 217.4]
      [Termination (ms): Min: 0.3, Avg: 0.6, Max: 0.7, Diff: 0.4, Sum: 10.7]
      [GC Worker Other (ms): Min: 0.0, Avg: 0.3, Max: 1.7, Diff: 1.7, Sum: 4.5]
      [GC Worker Total (ms): Min: 22.1, Avg: 22.4, Max: 23.9, Diff: 1.8, Sum: 403.8]
      [GC Worker End (ms): Min: 4303295.9, Avg: 4303296.1, Max: 4303297.6, Diff: 1.7]
   [Code Root Fixup: 0.0 ms]
   [Clear CT: 1.7 ms]
   [Other: 11.6 ms]
      [Choose CSet: 0.0 ms]
      [Ref Proc: 5.8 ms]
      [Ref Enq: 0.5 ms]
      [Free CSet: 4.6 ms]
   [Eden: 1562.0M(1562.0M)->0.0B(1559.0M) Survivors: 14.0M->17.0M Heap: 1983.0M(2252.0M)->424.0M(2252.0M)]
 [Times: user=0.46 sys=0.00, real=0.04 secs] 

 Concurrent RS processed 3367888 cards
  Of 100934 completed buffers:
       100934 (100.0%) by conc RS threads.
            0 (  0.0%) by mutator threads.
  Conc RS threads times(s)
          0.00     0.00     0.00     0.00     0.00     0.00     0.00     0.00     0.00     0.00     0.00     0.00     0.00     0.00     0.00     0.00     0.00     0.00     0.00
  Total heap region rem set sizes = 6259K.  Max = 33K.
  Static structures = 369K, free_lists = 256K.
    369488 occupied cards represented.
    Max size region = 0:(O)[0x0000000763400000,0x00000007634ffff0,0x0000000763500000], size = 34K, occupied = 98K.
    Did 4519 coarsenings.
2014-08-01T10:08:09.179-0500: 4309.622: [GC pause (young) 4309.622: [G1Ergonomics (CSet Construction) start choosing CSet, _pending_cards: 5458, predicted base time: 20.46 ms, remaining time: 79.54 ms, target pause time: 100.00 ms]
 4309.622: [G1Ergonomics (CSet Construction) add young regions to CSet, eden: 1559 regions, survivors: 17 regions, predicted young region time: 19.24 ms]
 4309.622: [G1Ergonomics (CSet Construction) finish choosing CSet, eden: 1559 regions, survivors: 17 regions, old: 0 regions, predicted pause time: 39.70 ms, target pause time: 100.00 ms]
, 0.0232610 secs]
   [Parallel Time: 10.6 ms, GC Workers: 18]
      [GC Worker Start (ms): Min: 4309622.3, Avg: 4309622.5, Max: 4309622.7, Diff: 0.4]
      [Ext Root Scanning (ms): Min: 3.5, Avg: 4.3, Max: 6.8, Diff: 3.3, Sum: 78.2]
      [Update RS (ms): Min: 0.0, Avg: 0.8, Max: 1.6, Diff: 1.6, Sum: 14.2]
         [Processed Buffers: Min: 0, Avg: 7.7, Max: 29, Diff: 29, Sum: 138]
      [Scan RS (ms): Min: 0.1, Avg: 0.4, Max: 0.6, Diff: 0.5, Sum: 7.8]
      [Object Copy (ms): Min: 3.1, Avg: 4.5, Max: 4.8, Diff: 1.7, Sum: 81.5]
      [Termination (ms): Min: 0.0, Avg: 0.1, Max: 0.1, Diff: 0.1, Sum: 1.1]
      [GC Worker Other (ms): Min: 0.0, Avg: 0.1, Max: 0.2, Diff: 0.2, Sum: 2.4]
      [GC Worker Total (ms): Min: 10.0, Avg: 10.3, Max: 10.6, Diff: 0.6, Sum: 185.2]
      [GC Worker End (ms): Min: 4309632.7, Avg: 4309632.8, Max: 4309632.9, Diff: 0.2]
   [Code Root Fixup: 0.0 ms]
   [Clear CT: 1.7 ms]
   [Other: 10.9 ms]
      [Choose CSet: 0.0 ms]
      [Ref Proc: 4.9 ms]
      [Ref Enq: 0.5 ms]
      [Free CSet: 4.8 ms]
   [Eden: 1559.0M(1559.0M)->0.0B(1557.0M) Survivors: 17.0M->19.0M Heap: 1983.0M(2252.0M)->426.1M(2252.0M)]
 [Times: user=0.23 sys=0.00, real=0.02 secs] 

 Concurrent RS processed 3370068 cards
  Of 101072 completed buffers:
       101072 (100.0%) by conc RS threads.
            0 (  0.0%) by mutator threads.
  Conc RS threads times(s)
          0.00     0.00     0.00     0.00     0.00     0.00     0.00     0.00     0.00     0.00     0.00     0.00     0.00     0.00     0.00     0.00     0.00     0.00     0.00
  Total heap region rem set sizes = 6261K.  Max = 33K.
  Static structures = 369K, free_lists = 256K.
    369769 occupied cards represented.
    Max size region = 0:(O)[0x0000000763400000,0x00000007634ffff0,0x0000000763500000], size = 34K, occupied = 98K.
    Did 4519 coarsenings.
2014-08-01T10:08:15.340-0500: 4315.783: [GC pause (young) 4315.783: [G1Ergonomics (CSet Construction) start choosing CSet, _pending_cards: 5723, predicted base time: 19.20 ms, remaining time: 80.80 ms, target pause time: 100.00 ms]
 4315.783: [G1Ergonomics (CSet Construction) add young regions to CSet, eden: 1557 regions, survivors: 19 regions, predicted young region time: 10.79 ms]
 4315.783: [G1Ergonomics (CSet Construction) finish choosing CSet, eden: 1557 regions, survivors: 19 regions, old: 0 regions, predicted pause time: 29.99 ms, target pause time: 100.00 ms]
, 0.0261720 secs]
   [Parallel Time: 14.7 ms, GC Workers: 18]
      [GC Worker Start (ms): Min: 4315783.4, Avg: 4315783.6, Max: 4315783.8, Diff: 0.4]
      [Ext Root Scanning (ms): Min: 3.9, Avg: 5.3, Max: 7.1, Diff: 3.2, Sum: 94.9]
      [Update RS (ms): Min: 0.0, Avg: 1.0, Max: 2.8, Diff: 2.8, Sum: 18.0]
         [Processed Buffers: Min: 0, Avg: 7.4, Max: 35, Diff: 35, Sum: 133]
      [Scan RS (ms): Min: 0.2, Avg: 0.4, Max: 0.7, Diff: 0.5, Sum: 8.0]
      [Object Copy (ms): Min: 6.7, Avg: 7.3, Max: 7.8, Diff: 1.1, Sum: 131.9]
      [Termination (ms): Min: 0.0, Avg: 0.1, Max: 0.1, Diff: 0.1, Sum: 1.5]
      [GC Worker Other (ms): Min: 0.0, Avg: 0.2, Max: 0.3, Diff: 0.3, Sum: 3.3]
      [GC Worker Total (ms): Min: 14.1, Avg: 14.3, Max: 14.6, Diff: 0.6, Sum: 257.7]
      [GC Worker End (ms): Min: 4315797.7, Avg: 4315797.9, Max: 4315798.0, Diff: 0.3]
   [Code Root Fixup: 0.0 ms]
   [Clear CT: 1.5 ms]
   [Other: 9.9 ms]
      [Choose CSet: 0.0 ms]
      [Ref Proc: 4.6 ms]
      [Ref Enq: 0.3 ms]
      [Free CSet: 4.5 ms]
   [Eden: 1557.0M(1557.0M)->0.0B(1563.0M) Survivors: 19.0M->13.0M Heap: 1983.1M(2252.0M)->420.2M(2252.0M)]
 [Times: user=0.30 sys=0.00, real=0.03 secs] 

 Concurrent RS processed 3372498 cards
  Of 101205 completed buffers:
       101205 (100.0%) by conc RS threads.
            0 (  0.0%) by mutator threads.
  Conc RS threads times(s)
          0.00     0.00     0.00     0.00     0.00     0.00     0.00     0.00     0.00     0.00     0.00     0.00     0.00     0.00     0.00     0.00     0.00     0.00     0.00
  Total heap region rem set sizes = 6261K.  Max = 33K.
  Static structures = 369K, free_lists = 256K.
    370037 occupied cards represented.
    Max size region = 0:(O)[0x0000000763400000,0x00000007634ffff0,0x0000000763500000], size = 34K, occupied = 98K.
    Did 4519 coarsenings.
2014-08-01T10:08:21.641-0500: 4322.085: [GC pause (young) 4322.085: [G1Ergonomics (CSet Construction) start choosing CSet, _pending_cards: 5488, predicted base time: 17.92 ms, remaining time: 82.08 ms, target pause time: 100.00 ms]
 4322.085: [G1Ergonomics (CSet Construction) add young regions to CSet, eden: 1563 regions, survivors: 13 regions, predicted young region time: 12.20 ms]
 4322.085: [G1Ergonomics (CSet Construction) finish choosing CSet, eden: 1563 regions, survivors: 13 regions, old: 0 regions, predicted pause time: 30.12 ms, target pause time: 100.00 ms]
, 0.0387420 secs]
   [Parallel Time: 22.8 ms, GC Workers: 18]
      [GC Worker Start (ms): Min: 4322085.0, Avg: 4322085.2, Max: 4322085.3, Diff: 0.3]
      [Ext Root Scanning (ms): Min: 5.3, Avg: 6.5, Max: 8.6, Diff: 3.3, Sum: 116.3]
      [Update RS (ms): Min: 0.1, Avg: 1.8, Max: 5.0, Diff: 4.9, Sum: 32.0]
         [Processed Buffers: Min: 1, Avg: 7.7, Max: 21, Diff: 20, Sum: 138]
      [Scan RS (ms): Min: 0.2, Avg: 0.7, Max: 1.1, Diff: 1.0, Sum: 12.8]
      [Object Copy (ms): Min: 7.0, Avg: 10.0, Max: 13.6, Diff: 6.6, Sum: 180.1]
      [Termination (ms): Min: 0.0, Avg: 3.2, Max: 3.5, Diff: 3.5, Sum: 58.5]
      [GC Worker Other (ms): Min: 0.0, Avg: 0.2, Max: 0.4, Diff: 0.4, Sum: 3.4]
      [GC Worker Total (ms): Min: 22.1, Avg: 22.4, Max: 22.6, Diff: 0.5, Sum: 403.0]
      [GC Worker End (ms): Min: 4322107.4, Avg: 4322107.6, Max: 4322107.8, Diff: 0.4]
   [Code Root Fixup: 0.0 ms]
   [Clear CT: 1.8 ms]
   [Other: 14.1 ms]
      [Choose CSet: 0.0 ms]
      [Ref Proc: 7.4 ms]
      [Ref Enq: 1.9 ms]
      [Free CSet: 4.3 ms]
   [Eden: 1563.0M(1563.0M)->0.0B(1564.0M) Survivors: 13.0M->12.0M Heap: 1983.2M(2252.0M)->419.6M(2252.0M)]
 [Times: user=0.45 sys=0.00, real=0.04 secs] 

 Concurrent RS processed 3374855 cards
  Of 101343 completed buffers:
       101343 (100.0%) by conc RS threads.
            0 (  0.0%) by mutator threads.
  Conc RS threads times(s)
          0.00     0.00     0.00     0.00     0.00     0.00     0.00     0.00     0.00     0.00     0.00     0.00     0.00     0.00     0.00     0.00     0.00     0.00     0.00
  Total heap region rem set sizes = 6261K.  Max = 33K.
  Static structures = 369K, free_lists = 256K.
    370328 occupied cards represented.
    Max size region = 0:(O)[0x0000000763400000,0x00000007634ffff0,0x0000000763500000], size = 34K, occupied = 98K.
    Did 4519 coarsenings.
2014-08-01T10:08:28.069-0500: 4328.513: [GC pause (young) 4328.513: [G1Ergonomics (CSet Construction) start choosing CSet, _pending_cards: 5702, predicted base time: 19.12 ms, remaining time: 80.88 ms, target pause time: 100.00 ms]
 4328.513: [G1Ergonomics (CSet Construction) add young regions to CSet, eden: 1564 regions, survivors: 12 regions, predicted young region time: 15.88 ms]
 4328.513: [G1Ergonomics (CSet Construction) finish choosing CSet, eden: 1564 regions, survivors: 12 regions, old: 0 regions, predicted pause time: 35.00 ms, target pause time: 100.00 ms]
, 0.0364100 secs]
   [Parallel Time: 23.2 ms, GC Workers: 18]
      [GC Worker Start (ms): Min: 4328513.0, Avg: 4328513.2, Max: 4328513.4, Diff: 0.4]
      [Ext Root Scanning (ms): Min: 6.4, Avg: 7.6, Max: 11.8, Diff: 5.4, Sum: 136.0]
      [Update RS (ms): Min: 0.0, Avg: 1.6, Max: 2.6, Diff: 2.6, Sum: 29.0]
         [Processed Buffers: Min: 0, Avg: 7.4, Max: 26, Diff: 26, Sum: 134]
      [Scan RS (ms): Min: 0.2, Avg: 0.7, Max: 0.9, Diff: 0.7, Sum: 12.5]
      [Object Copy (ms): Min: 9.6, Avg: 11.9, Max: 12.5, Diff: 2.9, Sum: 214.9]
      [Termination (ms): Min: 0.0, Avg: 0.1, Max: 0.1, Diff: 0.1, Sum: 1.7]
      [GC Worker Other (ms): Min: 0.0, Avg: 0.2, Max: 0.4, Diff: 0.4, Sum: 3.9]
      [GC Worker Total (ms): Min: 22.0, Avg: 22.1, Max: 22.4, Diff: 0.4, Sum: 398.0]
      [GC Worker End (ms): Min: 4328535.1, Avg: 4328535.3, Max: 4328535.5, Diff: 0.4]
   [Code Root Fixup: 0.0 ms]
   [Clear CT: 1.7 ms]
   [Other: 11.5 ms]
      [Choose CSet: 0.0 ms]
      [Ref Proc: 6.1 ms]
      [Ref Enq: 0.5 ms]
      [Free CSet: 4.3 ms]
   [Eden: 1564.0M(1564.0M)->0.0B(1551.0M) Survivors: 12.0M->25.0M Heap: 1983.6M(2252.0M)->432.6M(2252.0M)]
 [Times: user=0.42 sys=0.01, real=0.03 secs] 

 Concurrent RS processed 3377175 cards
  Of 101477 completed buffers:
       101477 (100.0%) by conc RS threads.
            0 (  0.0%) by mutator threads.
  Conc RS threads times(s)
          0.00     0.00     0.00     0.00     0.00     0.00     0.00     0.00     0.00     0.00     0.00     0.00     0.00     0.00     0.00     0.00     0.00     0.00     0.00
  Total heap region rem set sizes = 6261K.  Max = 33K.
  Static structures = 369K, free_lists = 256K.
    370601 occupied cards represented.
    Max size region = 0:(O)[0x0000000763400000,0x00000007634ffff0,0x0000000763500000], size = 34K, occupied = 98K.
    Did 4519 coarsenings.
2014-08-01T10:08:34.486-0500: 4334.929: [GC pause (young) 4334.929: [G1Ergonomics (CSet Construction) start choosing CSet, _pending_cards: 5995, predicted base time: 19.46 ms, remaining time: 80.54 ms, target pause time: 100.00 ms]
 4334.929: [G1Ergonomics (CSet Construction) add young regions to CSet, eden: 1551 regions, survivors: 25 regions, predicted young region time: 19.24 ms]
 4334.929: [G1Ergonomics (CSet Construction) finish choosing CSet, eden: 1551 regions, survivors: 25 regions, old: 0 regions, predicted pause time: 38.70 ms, target pause time: 100.00 ms]
, 0.0366980 secs]
   [Parallel Time: 22.1 ms, GC Workers: 18]
      [GC Worker Start (ms): Min: 4334929.5, Avg: 4334929.6, Max: 4334929.8, Diff: 0.3]
      [Ext Root Scanning (ms): Min: 5.4, Avg: 6.9, Max: 11.2, Diff: 5.8, Sum: 124.2]
      [Update RS (ms): Min: 0.0, Avg: 1.5, Max: 2.9, Diff: 2.9, Sum: 27.1]
         [Processed Buffers: Min: 0, Avg: 8.1, Max: 33, Diff: 33, Sum: 145]
      [Scan RS (ms): Min: 0.2, Avg: 0.8, Max: 1.5, Diff: 1.3, Sum: 14.4]
      [Object Copy (ms): Min: 9.6, Avg: 11.7, Max: 12.4, Diff: 2.8, Sum: 210.9]
      [Termination (ms): Min: 0.0, Avg: 0.4, Max: 0.5, Diff: 0.5, Sum: 7.2]
      [GC Worker Other (ms): Min: 0.0, Avg: 0.2, Max: 0.4, Diff: 0.4, Sum: 4.0]
      [GC Worker Total (ms): Min: 21.3, Avg: 21.5, Max: 21.8, Diff: 0.5, Sum: 387.9]
      [GC Worker End (ms): Min: 4334951.0, Avg: 4334951.2, Max: 4334951.3, Diff: 0.4]
   [Code Root Fixup: 0.0 ms]
   [Clear CT: 1.9 ms]
   [Other: 12.7 ms]
      [Choose CSet: 0.0 ms]
      [Ref Proc: 6.4 ms]
      [Ref Enq: 0.7 ms]
      [Free CSet: 4.9 ms]
   [Eden: 1551.0M(1551.0M)->0.0B(1558.0M) Survivors: 25.0M->18.0M Heap: 1983.6M(2252.0M)->425.4M(2252.0M)]
 [Times: user=0.42 sys=0.00, real=0.04 secs] 

 Concurrent RS processed 3379587 cards
  Of 101622 completed buffers:
       101622 (100.0%) by conc RS threads.
            0 (  0.0%) by mutator threads.
  Conc RS threads times(s)
          0.00     0.00     0.00     0.00     0.00     0.00     0.00     0.00     0.00     0.00     0.00     0.00     0.00     0.00     0.00     0.00     0.00     0.00     0.00
  Total heap region rem set sizes = 6264K.  Max = 33K.
  Static structures = 369K, free_lists = 255K.
    370913 occupied cards represented.
    Max size region = 0:(O)[0x0000000763400000,0x00000007634ffff0,0x0000000763500000], size = 34K, occupied = 98K.
    Did 4519 coarsenings.
2014-08-01T10:08:40.611-0500: 4341.055: [GC pause (young) 4341.055: [G1Ergonomics (CSet Construction) start choosing CSet, _pending_cards: 5495, predicted base time: 19.26 ms, remaining time: 80.74 ms, target pause time: 100.00 ms]
 4341.055: [G1Ergonomics (CSet Construction) add young regions to CSet, eden: 1558 regions, survivors: 18 regions, predicted young region time: 13.40 ms]
 4341.055: [G1Ergonomics (CSet Construction) finish choosing CSet, eden: 1558 regions, survivors: 18 regions, old: 0 regions, predicted pause time: 32.66 ms, target pause time: 100.00 ms]
, 0.0377680 secs]
   [Parallel Time: 22.9 ms, GC Workers: 18]
      [GC Worker Start (ms): Min: 4341055.0, Avg: 4341055.1, Max: 4341055.3, Diff: 0.3]
      [Ext Root Scanning (ms): Min: 4.8, Avg: 6.6, Max: 11.4, Diff: 6.6, Sum: 119.5]
      [Update RS (ms): Min: 0.0, Avg: 1.4, Max: 3.3, Diff: 3.3, Sum: 26.0]
         [Processed Buffers: Min: 0, Avg: 7.7, Max: 25, Diff: 25, Sum: 139]
      [Scan RS (ms): Min: 0.2, Avg: 0.7, Max: 0.9, Diff: 0.7, Sum: 12.0]
      [Object Copy (ms): Min: 3.5, Avg: 6.8, Max: 13.5, Diff: 10.0, Sum: 122.5]
      [Termination (ms): Min: 0.0, Avg: 6.5, Max: 7.3, Diff: 7.3, Sum: 117.9]
      [GC Worker Other (ms): Min: 0.1, Avg: 0.2, Max: 0.4, Diff: 0.4, Sum: 3.8]
      [GC Worker Total (ms): Min: 22.0, Avg: 22.3, Max: 22.6, Diff: 0.6, Sum: 401.7]
      [GC Worker End (ms): Min: 4341077.3, Avg: 4341077.4, Max: 4341077.6, Diff: 0.4]
   [Code Root Fixup: 0.0 ms]
   [Clear CT: 2.7 ms]
   [Other: 12.2 ms]
      [Choose CSet: 0.0 ms]
      [Ref Proc: 6.6 ms]
      [Ref Enq: 0.6 ms]
      [Free CSet: 4.4 ms]
   [Eden: 1558.0M(1558.0M)->0.0B(1562.0M) Survivors: 18.0M->14.0M Heap: 1983.4M(2252.0M)->421.5M(2252.0M)]
 [Times: user=0.45 sys=0.01, real=0.04 secs] 

 Concurrent RS processed 3381918 cards
  Of 101761 completed buffers:
       101761 (100.0%) by conc RS threads.
            0 (  0.0%) by mutator threads.
  Conc RS threads times(s)
          0.00     0.00     0.00     0.00     0.00     0.00     0.00     0.00     0.00     0.00     0.00     0.00     0.00     0.00     0.00     0.00     0.00     0.00     0.00
  Total heap region rem set sizes = 6264K.  Max = 33K.
  Static structures = 369K, free_lists = 255K.
    371202 occupied cards represented.
    Max size region = 0:(O)[0x0000000763400000,0x00000007634ffff0,0x0000000763500000], size = 34K, occupied = 98K.
    Did 4519 coarsenings.
2014-08-01T10:08:46.786-0500: 4347.230: [GC pause (young) 4347.230: [G1Ergonomics (CSet Construction) start choosing CSet, _pending_cards: 5471, predicted base time: 19.40 ms, remaining time: 80.60 ms, target pause time: 100.00 ms]
 4347.230: [G1Ergonomics (CSet Construction) add young regions to CSet, eden: 1562 regions, survivors: 14 regions, predicted young region time: 22.94 ms]
 4347.230: [G1Ergonomics (CSet Construction) finish choosing CSet, eden: 1562 regions, survivors: 14 regions, old: 0 regions, predicted pause time: 42.34 ms, target pause time: 100.00 ms]
, 0.0468120 secs]
   [Parallel Time: 26.0 ms, GC Workers: 18]
      [GC Worker Start (ms): Min: 4347229.9, Avg: 4347230.0, Max: 4347230.2, Diff: 0.4]
      [Ext Root Scanning (ms): Min: 6.1, Avg: 8.0, Max: 12.0, Diff: 5.9, Sum: 143.4]
      [Update RS (ms): Min: 0.0, Avg: 2.3, Max: 15.6, Diff: 15.6, Sum: 41.0]
         [Processed Buffers: Min: 0, Avg: 7.6, Max: 23, Diff: 23, Sum: 136]
      [Scan RS (ms): Min: 0.2, Avg: 0.7, Max: 1.0, Diff: 0.7, Sum: 13.4]
      [Object Copy (ms): Min: 1.6, Avg: 6.7, Max: 8.0, Diff: 6.4, Sum: 119.8]
      [Termination (ms): Min: 0.0, Avg: 7.4, Max: 8.5, Diff: 8.5, Sum: 133.8]
      [GC Worker Other (ms): Min: 0.0, Avg: 0.2, Max: 0.4, Diff: 0.4, Sum: 3.2]
      [GC Worker Total (ms): Min: 24.9, Avg: 25.3, Max: 25.8, Diff: 1.0, Sum: 454.6]
      [GC Worker End (ms): Min: 4347255.1, Avg: 4347255.3, Max: 4347255.7, Diff: 0.7]
   [Code Root Fixup: 0.0 ms]
   [Clear CT: 1.9 ms]
   [Other: 18.9 ms]
      [Choose CSet: 0.0 ms]
      [Ref Proc: 12.6 ms]
      [Ref Enq: 0.5 ms]
      [Free CSet: 5.1 ms]
   [Eden: 1562.0M(1562.0M)->0.0B(1564.0M) Survivors: 14.0M->12.0M Heap: 1983.5M(2252.0M)->420.0M(2252.0M)]
 [Times: user=0.48 sys=0.01, real=0.05 secs] 

 Concurrent RS processed 3384278 cards
  Of 101897 completed buffers:
       101897 (100.0%) by conc RS threads.
            0 (  0.0%) by mutator threads.
  Conc RS threads times(s)
          0.00     0.00     0.00     0.00     0.00     0.00     0.00     0.00     0.00     0.00     0.00     0.00     0.00     0.00     0.00     0.00     0.00     0.00     0.00
  Total heap region rem set sizes = 6265K.  Max = 33K.
  Static structures = 369K, free_lists = 255K.
    371503 occupied cards represented.
    Max size region = 0:(O)[0x0000000763400000,0x00000007634ffff0,0x0000000763500000], size = 34K, occupied = 98K.
    Did 4519 coarsenings.
2014-08-01T10:08:53.234-0500: 4353.678: [GC pause (young) 4353.678: [G1Ergonomics (CSet Construction) start choosing CSet, _pending_cards: 5242, predicted base time: 22.65 ms, remaining time: 77.35 ms, target pause time: 100.00 ms]
 4353.678: [G1Ergonomics (CSet Construction) add young regions to CSet, eden: 1564 regions, survivors: 12 regions, predicted young region time: 10.20 ms]
 4353.678: [G1Ergonomics (CSet Construction) finish choosing CSet, eden: 1564 regions, survivors: 12 regions, old: 0 regions, predicted pause time: 32.85 ms, target pause time: 100.00 ms]
, 0.0344320 secs]
   [Parallel Time: 19.2 ms, GC Workers: 18]
      [GC Worker Start (ms): Min: 4353678.0, Avg: 4353678.2, Max: 4353678.3, Diff: 0.3]
      [Ext Root Scanning (ms): Min: 5.9, Avg: 6.6, Max: 8.6, Diff: 2.8, Sum: 118.7]
      [Update RS (ms): Min: 0.3, Avg: 1.7, Max: 4.2, Diff: 3.9, Sum: 29.9]
         [Processed Buffers: Min: 1, Avg: 7.7, Max: 24, Diff: 23, Sum: 139]
      [Scan RS (ms): Min: 0.2, Avg: 0.8, Max: 1.0, Diff: 0.8, Sum: 14.9]
      [Object Copy (ms): Min: 4.8, Avg: 7.6, Max: 8.6, Diff: 3.8, Sum: 137.4]
      [Termination (ms): Min: 0.0, Avg: 0.5, Max: 0.6, Diff: 0.6, Sum: 8.7]
      [GC Worker Other (ms): Min: 0.0, Avg: 1.1, Max: 1.8, Diff: 1.7, Sum: 19.9]
      [GC Worker Total (ms): Min: 17.1, Avg: 18.3, Max: 19.1, Diff: 1.9, Sum: 329.6]
      [GC Worker End (ms): Min: 4353695.4, Avg: 4353696.5, Max: 4353697.1, Diff: 1.7]
   [Code Root Fixup: 0.0 ms]
   [Clear CT: 3.1 ms]
   [Other: 12.2 ms]
      [Choose CSet: 0.0 ms]
      [Ref Proc: 6.8 ms]
      [Ref Enq: 0.4 ms]
      [Free CSet: 4.2 ms]
   [Eden: 1564.0M(1564.0M)->0.0B(1554.0M) Survivors: 12.0M->22.0M Heap: 1984.0M(2252.0M)->429.5M(2252.0M)]
 [Times: user=0.38 sys=0.01, real=0.03 secs] 

 Concurrent RS processed 3386617 cards
  Of 102036 completed buffers:
       102036 (100.0%) by conc RS threads.
            0 (  0.0%) by mutator threads.
  Conc RS threads times(s)
          0.00     0.00     0.00     0.00     0.00     0.00     0.00     0.00     0.00     0.00     0.00     0.00     0.00     0.00     0.00     0.00     0.00     0.00     0.00
  Total heap region rem set sizes = 6265K.  Max = 33K.
  Static structures = 369K, free_lists = 255K.
    371730 occupied cards represented.
    Max size region = 0:(O)[0x0000000763400000,0x00000007634ffff0,0x0000000763500000], size = 34K, occupied = 98K.
    Did 4519 coarsenings.
2014-08-01T10:08:59.567-0500: 4360.011: [GC pause (young) 4360.011: [G1Ergonomics (CSet Construction) start choosing CSet, _pending_cards: 5735, predicted base time: 22.57 ms, remaining time: 77.43 ms, target pause time: 100.00 ms]
 4360.011: [G1Ergonomics (CSet Construction) add young regions to CSet, eden: 1554 regions, survivors: 22 regions, predicted young region time: 10.29 ms]
 4360.011: [G1Ergonomics (CSet Construction) finish choosing CSet, eden: 1554 regions, survivors: 22 regions, old: 0 regions, predicted pause time: 32.87 ms, target pause time: 100.00 ms]
, 0.0402310 secs]
   [Parallel Time: 23.1 ms, GC Workers: 18]
      [GC Worker Start (ms): Min: 4360011.1, Avg: 4360011.3, Max: 4360011.4, Diff: 0.3]
      [Ext Root Scanning (ms): Min: 6.7, Avg: 7.9, Max: 12.0, Diff: 5.3, Sum: 142.2]
      [Update RS (ms): Min: 0.0, Avg: 1.7, Max: 3.0, Diff: 3.0, Sum: 29.7]
         [Processed Buffers: Min: 0, Avg: 7.4, Max: 20, Diff: 20, Sum: 134]
      [Scan RS (ms): Min: 0.2, Avg: 0.7, Max: 0.9, Diff: 0.7, Sum: 12.8]
      [Object Copy (ms): Min: 9.6, Avg: 11.7, Max: 12.1, Diff: 2.5, Sum: 210.6]
      [Termination (ms): Min: 0.0, Avg: 0.4, Max: 0.5, Diff: 0.4, Sum: 7.1]
      [GC Worker Other (ms): Min: 0.0, Avg: 0.2, Max: 0.4, Diff: 0.3, Sum: 3.4]
      [GC Worker Total (ms): Min: 22.2, Avg: 22.5, Max: 22.8, Diff: 0.6, Sum: 405.8]
      [GC Worker End (ms): Min: 4360033.6, Avg: 4360033.8, Max: 4360034.0, Diff: 0.3]
   [Code Root Fixup: 0.0 ms]
   [Clear CT: 1.8 ms]
   [Other: 15.4 ms]
      [Choose CSet: 0.0 ms]
      [Ref Proc: 9.9 ms]
      [Ref Enq: 0.6 ms]
      [Free CSet: 4.2 ms]
   [Eden: 1554.0M(1554.0M)->0.0B(1562.0M) Survivors: 22.0M->14.0M Heap: 1983.5M(2252.0M)->421.9M(2252.0M)]
 [Times: user=0.47 sys=0.00, real=0.04 secs] 

 Concurrent RS processed 3388951 cards
  Of 102170 completed buffers:
       102170 (100.0%) by conc RS threads.
            0 (  0.0%) by mutator threads.
  Conc RS threads times(s)
          0.00     0.00     0.00     0.00     0.00     0.00     0.00     0.00     0.00     0.00     0.00     0.00     0.00     0.00     0.00     0.00     0.00     0.00     0.00
  Total heap region rem set sizes = 6265K.  Max = 33K.
  Static structures = 369K, free_lists = 255K.
    372009 occupied cards represented.
    Max size region = 0:(O)[0x0000000763400000,0x00000007634ffff0,0x0000000763500000], size = 34K, occupied = 98K.
    Did 4519 coarsenings.
2014-08-01T10:09:05.999-0500: 4366.443: [GC pause (young) 4366.443: [G1Ergonomics (CSet Construction) start choosing CSet, _pending_cards: 5481, predicted base time: 22.90 ms, remaining time: 77.10 ms, target pause time: 100.00 ms]
 4366.443: [G1Ergonomics (CSet Construction) add young regions to CSet, eden: 1562 regions, survivors: 14 regions, predicted young region time: 18.72 ms]
 4366.443: [G1Ergonomics (CSet Construction) finish choosing CSet, eden: 1562 regions, survivors: 14 regions, old: 0 regions, predicted pause time: 41.62 ms, target pause time: 100.00 ms]
, 0.0583000 secs]
   [Parallel Time: 22.7 ms, GC Workers: 18]
      [GC Worker Start (ms): Min: 4366443.1, Avg: 4366443.3, Max: 4366443.5, Diff: 0.4]
      [Ext Root Scanning (ms): Min: 7.0, Avg: 8.1, Max: 13.4, Diff: 6.4, Sum: 145.1]
      [Update RS (ms): Min: 0.0, Avg: 1.7, Max: 4.2, Diff: 4.2, Sum: 31.0]
         [Processed Buffers: Min: 0, Avg: 8.0, Max: 27, Diff: 27, Sum: 144]
      [Scan RS (ms): Min: 0.2, Avg: 0.8, Max: 1.8, Diff: 1.6, Sum: 14.9]
      [Object Copy (ms): Min: 8.3, Avg: 11.2, Max: 12.1, Diff: 3.8, Sum: 201.0]
      [Termination (ms): Min: 0.0, Avg: 0.2, Max: 0.3, Diff: 0.3, Sum: 4.0]
      [GC Worker Other (ms): Min: 0.0, Avg: 0.2, Max: 0.4, Diff: 0.4, Sum: 3.7]
      [GC Worker Total (ms): Min: 21.8, Avg: 22.2, Max: 22.6, Diff: 0.8, Sum: 399.7]
      [GC Worker End (ms): Min: 4366465.3, Avg: 4366465.5, Max: 4366465.7, Diff: 0.4]
   [Code Root Fixup: 0.0 ms]
   [Clear CT: 2.0 ms]
   [Other: 33.6 ms]
      [Choose CSet: 0.0 ms]
      [Ref Proc: 26.6 ms]
      [Ref Enq: 0.4 ms]
      [Free CSet: 5.8 ms]
   [Eden: 1562.0M(1562.0M)->0.0B(1553.0M) Survivors: 14.0M->23.0M Heap: 1983.9M(2252.0M)->430.7M(2252.0M)]
 [Times: user=0.73 sys=0.01, real=0.06 secs] 

 Concurrent RS processed 3391260 cards
  Of 102314 completed buffers:
       102314 (100.0%) by conc RS threads.
            0 (  0.0%) by mutator threads.
  Conc RS threads times(s)
          0.00     0.00     0.00     0.00     0.00     0.00     0.00     0.00     0.00     0.00     0.00     0.00     0.00     0.00     0.00     0.00     0.00     0.00     0.00
  Total heap region rem set sizes = 6266K.  Max = 33K.
  Static structures = 369K, free_lists = 255K.
    372261 occupied cards represented.
    Max size region = 0:(O)[0x0000000763400000,0x00000007634ffff0,0x0000000763500000], size = 34K, occupied = 98K.
    Did 4519 coarsenings.
2014-08-01T10:09:11.829-0500: 4372.272: [GC pause (young) 4372.272: [G1Ergonomics (CSet Construction) start choosing CSet, _pending_cards: 5445, predicted base time: 30.90 ms, remaining time: 69.10 ms, target pause time: 100.00 ms]
 4372.272: [G1Ergonomics (CSet Construction) add young regions to CSet, eden: 1553 regions, survivors: 23 regions, predicted young region time: 25.24 ms]
 4372.272: [G1Ergonomics (CSet Construction) finish choosing CSet, eden: 1553 regions, survivors: 23 regions, old: 0 regions, predicted pause time: 56.15 ms, target pause time: 100.00 ms]
, 0.0262340 secs]
   [Parallel Time: 15.1 ms, GC Workers: 18]
      [GC Worker Start (ms): Min: 4372272.6, Avg: 4372272.7, Max: 4372272.8, Diff: 0.3]
      [Ext Root Scanning (ms): Min: 3.6, Avg: 4.9, Max: 6.2, Diff: 2.6, Sum: 88.1]
      [Update RS (ms): Min: 0.0, Avg: 1.0, Max: 2.0, Diff: 2.0, Sum: 17.9]
         [Processed Buffers: Min: 0, Avg: 7.6, Max: 17, Diff: 17, Sum: 137]
      [Scan RS (ms): Min: 0.1, Avg: 0.5, Max: 0.8, Diff: 0.7, Sum: 9.8]
      [Object Copy (ms): Min: 6.7, Avg: 7.3, Max: 7.7, Diff: 1.1, Sum: 132.3]
      [Termination (ms): Min: 0.0, Avg: 0.1, Max: 0.2, Diff: 0.1, Sum: 2.5]
      [GC Worker Other (ms): Min: 0.0, Avg: 0.2, Max: 0.3, Diff: 0.3, Sum: 2.9]
      [GC Worker Total (ms): Min: 13.8, Avg: 14.1, Max: 14.3, Diff: 0.5, Sum: 253.5]
      [GC Worker End (ms): Min: 4372286.6, Avg: 4372286.8, Max: 4372286.9, Diff: 0.3]
   [Code Root Fixup: 0.0 ms]
   [Clear CT: 1.3 ms]
   [Other: 9.9 ms]
      [Choose CSet: 0.0 ms]
      [Ref Proc: 4.8 ms]
      [Ref Enq: 0.3 ms]
      [Free CSet: 4.1 ms]
   [Eden: 1553.0M(1553.0M)->0.0B(1561.0M) Survivors: 23.0M->15.0M Heap: 1983.7M(2252.0M)->423.1M(2252.0M)]
 [Times: user=0.29 sys=0.01, real=0.03 secs] 

 Concurrent RS processed 3393661 cards
  Of 102451 completed buffers:
       102451 (100.0%) by conc RS threads.
            0 (  0.0%) by mutator threads.
  Conc RS threads times(s)
          0.00     0.00     0.00     0.00     0.00     0.00     0.00     0.00     0.00     0.00     0.00     0.00     0.00     0.00     0.00     0.00     0.00     0.00     0.00
  Total heap region rem set sizes = 6266K.  Max = 33K.
  Static structures = 369K, free_lists = 255K.
    372457 occupied cards represented.
    Max size region = 0:(O)[0x0000000763400000,0x00000007634ffff0,0x0000000763500000], size = 34K, occupied = 99K.
    Did 4519 coarsenings.
2014-08-01T10:09:17.208-0500: 4377.652: [GC pause (young) 4377.652: [G1Ergonomics (CSet Construction) start choosing CSet, _pending_cards: 5682, predicted base time: 27.29 ms, remaining time: 72.71 ms, target pause time: 100.00 ms]
 4377.652: [G1Ergonomics (CSet Construction) add young regions to CSet, eden: 1561 regions, survivors: 15 regions, predicted young region time: 24.91 ms]
 4377.652: [G1Ergonomics (CSet Construction) finish choosing CSet, eden: 1561 regions, survivors: 15 regions, old: 0 regions, predicted pause time: 52.20 ms, target pause time: 100.00 ms]
, 0.0211980 secs]
   [Parallel Time: 9.9 ms, GC Workers: 18]
      [GC Worker Start (ms): Min: 4377652.1, Avg: 4377652.2, Max: 4377652.3, Diff: 0.3]
      [Ext Root Scanning (ms): Min: 3.7, Avg: 4.1, Max: 6.7, Diff: 3.0, Sum: 74.6]
      [Update RS (ms): Min: 0.0, Avg: 0.8, Max: 1.3, Diff: 1.3, Sum: 15.2]
         [Processed Buffers: Min: 0, Avg: 7.4, Max: 18, Diff: 18, Sum: 134]
      [Scan RS (ms): Min: 0.1, Avg: 0.4, Max: 0.5, Diff: 0.4, Sum: 7.2]
      [Object Copy (ms): Min: 2.6, Avg: 4.1, Max: 4.4, Diff: 1.8, Sum: 73.6]
      [Termination (ms): Min: 0.0, Avg: 0.0, Max: 0.0, Diff: 0.0, Sum: 0.1]
      [GC Worker Other (ms): Min: 0.0, Avg: 0.1, Max: 0.2, Diff: 0.2, Sum: 2.3]
      [GC Worker Total (ms): Min: 9.4, Avg: 9.6, Max: 9.8, Diff: 0.3, Sum: 172.9]
      [GC Worker End (ms): Min: 4377661.7, Avg: 4377661.8, Max: 4377661.9, Diff: 0.2]
   [Code Root Fixup: 0.0 ms]
   [Clear CT: 1.2 ms]
   [Other: 10.1 ms]
      [Choose CSet: 0.0 ms]
      [Ref Proc: 4.1 ms]
      [Ref Enq: 0.3 ms]
      [Free CSet: 5.1 ms]
   [Eden: 1561.0M(1561.0M)->0.0B(1563.0M) Survivors: 15.0M->13.0M Heap: 1984.1M(2252.0M)->421.2M(2252.0M)]
 [Times: user=0.21 sys=0.00, real=0.02 secs] 

 Concurrent RS processed 3395893 cards
  Of 102585 completed buffers:
       102585 (100.0%) by conc RS threads.
            0 (  0.0%) by mutator threads.
  Conc RS threads times(s)
          0.00     0.00     0.00     0.00     0.00     0.00     0.00     0.00     0.00     0.00     0.00     0.00     0.00     0.00     0.00     0.00     0.00     0.00     0.00
  Total heap region rem set sizes = 6268K.  Max = 34K.
  Static structures = 369K, free_lists = 254K.
    372774 occupied cards represented.
    Max size region = 0:(O)[0x0000000763400000,0x00000007634ffff0,0x0000000763500000], size = 35K, occupied = 99K.
    Did 4519 coarsenings.
2014-08-01T10:09:22.433-0500: 4382.876: [GC pause (young) 4382.876: [G1Ergonomics (CSet Construction) start choosing CSet, _pending_cards: 5450, predicted base time: 23.71 ms, remaining time: 76.29 ms, target pause time: 100.00 ms]
 4382.876: [G1Ergonomics (CSet Construction) add young regions to CSet, eden: 1563 regions, survivors: 13 regions, predicted young region time: 11.18 ms]
 4382.876: [G1Ergonomics (CSet Construction) finish choosing CSet, eden: 1563 regions, survivors: 13 regions, old: 0 regions, predicted pause time: 34.89 ms, target pause time: 100.00 ms]
, 0.0327990 secs]
   [Parallel Time: 18.5 ms, GC Workers: 18]
      [GC Worker Start (ms): Min: 4382876.6, Avg: 4382876.7, Max: 4382876.9, Diff: 0.3]
      [Ext Root Scanning (ms): Min: 5.5, Avg: 6.6, Max: 8.4, Diff: 2.9, Sum: 119.2]
      [Update RS (ms): Min: 0.0, Avg: 1.6, Max: 2.6, Diff: 2.6, Sum: 28.0]
         [Processed Buffers: Min: 0, Avg: 7.4, Max: 27, Diff: 27, Sum: 134]
      [Scan RS (ms): Min: 0.2, Avg: 0.7, Max: 0.9, Diff: 0.7, Sum: 13.2]
      [Object Copy (ms): Min: 7.5, Avg: 8.7, Max: 9.1, Diff: 1.6, Sum: 156.5]
      [Termination (ms): Min: 0.0, Avg: 0.0, Max: 0.0, Diff: 0.0, Sum: 0.6]
      [GC Worker Other (ms): Min: 0.0, Avg: 0.3, Max: 0.4, Diff: 0.4, Sum: 4.6]
      [GC Worker Total (ms): Min: 17.7, Avg: 17.9, Max: 18.1, Diff: 0.5, Sum: 322.1]
      [GC Worker End (ms): Min: 4382894.4, Avg: 4382894.6, Max: 4382894.8, Diff: 0.4]
   [Code Root Fixup: 0.0 ms]
   [Clear CT: 1.7 ms]
   [Other: 12.6 ms]
      [Choose CSet: 0.0 ms]
      [Ref Proc: 7.2 ms]
      [Ref Enq: 0.5 ms]
      [Free CSet: 4.3 ms]
   [Eden: 1563.0M(1563.0M)->0.0B(1556.0M) Survivors: 13.0M->20.0M Heap: 1984.2M(2252.0M)->428.3M(2252.0M)]
 [Times: user=0.38 sys=0.01, real=0.04 secs] 

 Concurrent RS processed 3398215 cards
  Of 102719 completed buffers:
       102719 (100.0%) by conc RS threads.
            0 (  0.0%) by mutator threads.
  Conc RS threads times(s)
          0.00     0.00     0.00     0.00     0.00     0.00     0.00     0.00     0.00     0.00     0.00     0.00     0.00     0.00     0.00     0.00     0.00     0.00     0.00
  Total heap region rem set sizes = 6271K.  Max = 34K.
  Static structures = 369K, free_lists = 253K.
    373092 occupied cards represented.
    Max size region = 0:(O)[0x0000000763400000,0x00000007634ffff0,0x0000000763500000], size = 35K, occupied = 99K.
    Did 4519 coarsenings.
2014-08-01T10:09:28.800-0500: 4389.244: [GC pause (young) 4389.244: [G1Ergonomics (CSet Construction) start choosing CSet, _pending_cards: 5471, predicted base time: 22.84 ms, remaining time: 77.16 ms, target pause time: 100.00 ms]
 4389.244: [G1Ergonomics (CSet Construction) add young regions to CSet, eden: 1556 regions, survivors: 20 regions, predicted young region time: 14.27 ms]
 4389.244: [G1Ergonomics (CSet Construction) finish choosing CSet, eden: 1556 regions, survivors: 20 regions, old: 0 regions, predicted pause time: 37.11 ms, target pause time: 100.00 ms]
, 0.0370050 secs]
   [Parallel Time: 18.8 ms, GC Workers: 18]
      [GC Worker Start (ms): Min: 4389244.0, Avg: 4389244.1, Max: 4389244.3, Diff: 0.4]
      [Ext Root Scanning (ms): Min: 5.6, Avg: 6.8, Max: 11.5, Diff: 5.9, Sum: 122.3]
      [Update RS (ms): Min: 0.0, Avg: 1.6, Max: 3.4, Diff: 3.4, Sum: 29.3]
         [Processed Buffers: Min: 0, Avg: 7.7, Max: 27, Diff: 27, Sum: 138]
      [Scan RS (ms): Min: 0.2, Avg: 0.7, Max: 0.9, Diff: 0.7, Sum: 13.3]
      [Object Copy (ms): Min: 5.2, Avg: 8.0, Max: 10.3, Diff: 5.1, Sum: 143.2]
      [Termination (ms): Min: 0.0, Avg: 0.0, Max: 0.0, Diff: 0.0, Sum: 0.5]
      [GC Worker Other (ms): Min: 0.0, Avg: 0.3, Max: 1.4, Diff: 1.3, Sum: 5.1]
      [GC Worker Total (ms): Min: 17.0, Avg: 17.4, Max: 18.6, Diff: 1.6, Sum: 313.6]
      [GC Worker End (ms): Min: 4389261.3, Avg: 4389261.6, Max: 4389262.7, Diff: 1.3]
   [Code Root Fixup: 0.0 ms]
   [Clear CT: 3.4 ms]
   [Other: 14.8 ms]
      [Choose CSet: 0.0 ms]
      [Ref Proc: 9.4 ms]
      [Ref Enq: 0.4 ms]
      [Free CSet: 4.3 ms]
   [Eden: 1556.0M(1556.0M)->0.0B(1557.0M) Survivors: 20.0M->19.0M Heap: 1984.3M(2252.0M)->427.0M(2252.0M)]
 [Times: user=0.38 sys=0.01, real=0.04 secs] 

 Concurrent RS processed 3400570 cards
  Of 102857 completed buffers:
       102857 (100.0%) by conc RS threads.
            0 (  0.0%) by mutator threads.
  Conc RS threads times(s)
          0.00     0.00     0.00     0.00     0.00     0.00     0.00     0.00     0.00     0.00     0.00     0.00     0.00     0.00     0.00     0.00     0.00     0.00     0.00
  Total heap region rem set sizes = 6272K.  Max = 34K.
  Static structures = 369K, free_lists = 253K.
    373443 occupied cards represented.
    Max size region = 0:(O)[0x0000000763400000,0x00000007634ffff0,0x0000000763500000], size = 35K, occupied = 99K.
    Did 4519 coarsenings.
2014-08-01T10:09:35.132-0500: 4395.576: [GC pause (young) 4395.576: [G1Ergonomics (CSet Construction) start choosing CSet, _pending_cards: 5493, predicted base time: 23.75 ms, remaining time: 76.25 ms, target pause time: 100.00 ms]
 4395.576: [G1Ergonomics (CSet Construction) add young regions to CSet, eden: 1557 regions, survivors: 19 regions, predicted young region time: 11.09 ms]
 4395.576: [G1Ergonomics (CSet Construction) finish choosing CSet, eden: 1557 regions, survivors: 19 regions, old: 0 regions, predicted pause time: 34.84 ms, target pause time: 100.00 ms]
, 0.0386750 secs]
   [Parallel Time: 22.8 ms, GC Workers: 18]
      [GC Worker Start (ms): Min: 4395576.3, Avg: 4395576.5, Max: 4395576.6, Diff: 0.3]
      [Ext Root Scanning (ms): Min: 5.0, Avg: 6.9, Max: 13.0, Diff: 8.0, Sum: 124.8]
      [Update RS (ms): Min: 0.0, Avg: 1.6, Max: 4.0, Diff: 4.0, Sum: 29.0]
         [Processed Buffers: Min: 0, Avg: 7.9, Max: 22, Diff: 22, Sum: 143]
      [Scan RS (ms): Min: 0.2, Avg: 0.6, Max: 1.0, Diff: 0.8, Sum: 11.5]
      [Object Copy (ms): Min: 8.3, Avg: 12.5, Max: 13.2, Diff: 4.8, Sum: 225.7]
      [Termination (ms): Min: 0.0, Avg: 0.2, Max: 0.2, Diff: 0.2, Sum: 3.1]
      [GC Worker Other (ms): Min: 0.0, Avg: 0.2, Max: 0.4, Diff: 0.4, Sum: 3.9]
      [GC Worker Total (ms): Min: 21.8, Avg: 22.1, Max: 22.4, Diff: 0.5, Sum: 398.0]
      [GC Worker End (ms): Min: 4395598.4, Avg: 4395598.6, Max: 4395598.8, Diff: 0.4]
   [Code Root Fixup: 0.0 ms]
   [Clear CT: 1.8 ms]
   [Other: 14.2 ms]
      [Choose CSet: 0.0 ms]
      [Ref Proc: 8.4 ms]
      [Ref Enq: 0.6 ms]
      [Free CSet: 4.3 ms]
   [Eden: 1557.0M(1557.0M)->0.0B(1556.0M) Survivors: 19.0M->20.0M Heap: 1984.0M(2252.0M)->428.5M(2252.0M)]
 [Times: user=0.46 sys=0.01, real=0.04 secs] 

 Concurrent RS processed 3402934 cards
  Of 103000 completed buffers:
       103000 (100.0%) by conc RS threads.
            0 (  0.0%) by mutator threads.
  Conc RS threads times(s)
          0.00     0.00     0.00     0.00     0.00     0.00     0.00     0.00     0.00     0.00     0.00     0.00     0.00     0.00     0.00     0.00     0.00     0.00     0.00
  Total heap region rem set sizes = 6272K.  Max = 34K.
  Static structures = 369K, free_lists = 253K.
    373806 occupied cards represented.
    Max size region = 0:(O)[0x0000000763400000,0x00000007634ffff0,0x0000000763500000], size = 35K, occupied = 99K.
    Did 4519 coarsenings.
2014-08-01T10:09:41.317-0500: 4401.760: [GC pause (young) 4401.760: [G1Ergonomics (CSet Construction) start choosing CSet, _pending_cards: 5491, predicted base time: 23.27 ms, remaining time: 76.73 ms, target pause time: 100.00 ms]
 4401.760: [G1Ergonomics (CSet Construction) add young regions to CSet, eden: 1556 regions, survivors: 20 regions, predicted young region time: 18.94 ms]
 4401.760: [G1Ergonomics (CSet Construction) finish choosing CSet, eden: 1556 regions, survivors: 20 regions, old: 0 regions, predicted pause time: 42.21 ms, target pause time: 100.00 ms]
, 0.0320360 secs]
   [Parallel Time: 14.8 ms, GC Workers: 18]
      [GC Worker Start (ms): Min: 4401760.7, Avg: 4401760.8, Max: 4401761.0, Diff: 0.3]
      [Ext Root Scanning (ms): Min: 4.1, Avg: 5.0, Max: 7.9, Diff: 3.8, Sum: 90.7]
      [Update RS (ms): Min: 0.0, Avg: 1.3, Max: 2.6, Diff: 2.6, Sum: 23.9]
         [Processed Buffers: Min: 0, Avg: 7.6, Max: 19, Diff: 19, Sum: 137]
      [Scan RS (ms): Min: 0.2, Avg: 0.7, Max: 0.9, Diff: 0.7, Sum: 12.9]
      [Object Copy (ms): Min: 6.0, Avg: 6.9, Max: 7.3, Diff: 1.3, Sum: 124.9]
      [Termination (ms): Min: 0.0, Avg: 0.0, Max: 0.0, Diff: 0.0, Sum: 0.1]
      [GC Worker Other (ms): Min: 0.0, Avg: 0.2, Max: 0.4, Diff: 0.4, Sum: 4.1]
      [GC Worker Total (ms): Min: 14.0, Avg: 14.3, Max: 14.5, Diff: 0.5, Sum: 256.7]
      [GC Worker End (ms): Min: 4401774.9, Avg: 4401775.1, Max: 4401775.3, Diff: 0.4]
   [Code Root Fixup: 0.0 ms]
   [Clear CT: 1.9 ms]
   [Other: 15.4 ms]
      [Choose CSet: 0.0 ms]
      [Ref Proc: 9.9 ms]
      [Ref Enq: 0.4 ms]
      [Free CSet: 4.4 ms]
   [Eden: 1556.0M(1556.0M)->0.0B(1560.0M) Survivors: 20.0M->16.0M Heap: 1984.5M(2252.0M)->423.9M(2252.0M)]
 [Times: user=0.34 sys=0.01, real=0.04 secs] 

 Concurrent RS processed 3405311 cards
  Of 103137 completed buffers:
       103137 (100.0%) by conc RS threads.
            0 (  0.0%) by mutator threads.
  Conc RS threads times(s)
          0.00     0.00     0.00     0.00     0.00     0.00     0.00     0.00     0.00     0.00     0.00     0.00     0.00     0.00     0.00     0.00     0.00     0.00     0.00
  Total heap region rem set sizes = 6272K.  Max = 34K.
  Static structures = 369K, free_lists = 253K.
    374117 occupied cards represented.
    Max size region = 0:(O)[0x0000000763400000,0x00000007634ffff0,0x0000000763500000], size = 35K, occupied = 99K.
    Did 4519 coarsenings.
2014-08-01T10:09:47.549-0500: 4407.993: [GC pause (young) 4407.993: [G1Ergonomics (CSet Construction) start choosing CSet, _pending_cards: 5969, predicted base time: 22.73 ms, remaining time: 77.27 ms, target pause time: 100.00 ms]
 4407.993: [G1Ergonomics (CSet Construction) add young regions to CSet, eden: 1560 regions, survivors: 16 regions, predicted young region time: 13.65 ms]
 4407.993: [G1Ergonomics (CSet Construction) finish choosing CSet, eden: 1560 regions, survivors: 16 regions, old: 0 regions, predicted pause time: 36.38 ms, target pause time: 100.00 ms]
, 0.0415290 secs]
   [Parallel Time: 27.4 ms, GC Workers: 18]
      [GC Worker Start (ms): Min: 4407993.2, Avg: 4407993.4, Max: 4407993.5, Diff: 0.4]
      [Ext Root Scanning (ms): Min: 5.1, Avg: 6.7, Max: 11.4, Diff: 6.3, Sum: 121.1]
      [Update RS (ms): Min: 0.0, Avg: 1.5, Max: 2.7, Diff: 2.7, Sum: 26.1]
         [Processed Buffers: Min: 0, Avg: 7.3, Max: 23, Diff: 23, Sum: 131]
      [Scan RS (ms): Min: 0.2, Avg: 0.7, Max: 1.0, Diff: 0.7, Sum: 12.4]
      [Object Copy (ms): Min: 8.6, Avg: 11.7, Max: 17.8, Diff: 9.2, Sum: 211.4]
      [Termination (ms): Min: 0.1, Avg: 6.2, Max: 6.8, Diff: 6.7, Sum: 110.8]
      [GC Worker Other (ms): Min: 0.0, Avg: 0.2, Max: 0.4, Diff: 0.3, Sum: 3.2]
      [GC Worker Total (ms): Min: 26.8, Avg: 26.9, Max: 27.2, Diff: 0.4, Sum: 485.0]
      [GC Worker End (ms): Min: 4408020.2, Avg: 4408020.3, Max: 4408020.5, Diff: 0.3]
   [Code Root Fixup: 0.0 ms]
   [Clear CT: 1.7 ms]
   [Other: 12.5 ms]
      [Choose CSet: 0.0 ms]
      [Ref Proc: 5.9 ms]
      [Ref Enq: 0.5 ms]
      [Free CSet: 5.5 ms]
   [Eden: 1560.0M(1560.0M)->0.0B(1564.0M) Survivors: 16.0M->12.0M Heap: 1983.9M(2252.0M)->420.1M(2252.0M)]
 [Times: user=0.51 sys=0.02, real=0.04 secs] 

 Concurrent RS processed 3407639 cards
  Of 103268 completed buffers:
       103268 (100.0%) by conc RS threads.
            0 (  0.0%) by mutator threads.
  Conc RS threads times(s)
          0.00     0.00     0.00     0.00     0.00     0.00     0.00     0.00     0.00     0.00     0.00     0.00     0.00     0.00     0.00     0.00     0.00     0.00     0.00
  Total heap region rem set sizes = 6273K.  Max = 34K.
  Static structures = 369K, free_lists = 252K.
    374407 occupied cards represented.
    Max size region = 0:(O)[0x0000000763400000,0x00000007634ffff0,0x0000000763500000], size = 35K, occupied = 99K.
    Did 4519 coarsenings.
2014-08-01T10:09:53.323-0500: 4413.766: [GC pause (young) 4413.766: [G1Ergonomics (CSet Construction) start choosing CSet, _pending_cards: 5982, predicted base time: 21.51 ms, remaining time: 78.49 ms, target pause time: 100.00 ms]
 4413.766: [G1Ergonomics (CSet Construction) add young regions to CSet, eden: 1564 regions, survivors: 12 regions, predicted young region time: 22.80 ms]
 4413.766: [G1Ergonomics (CSet Construction) finish choosing CSet, eden: 1564 regions, survivors: 12 regions, old: 0 regions, predicted pause time: 44.31 ms, target pause time: 100.00 ms]
, 0.0360060 secs]
   [Parallel Time: 20.5 ms, GC Workers: 18]
      [GC Worker Start (ms): Min: 4413766.4, Avg: 4413766.6, Max: 4413766.8, Diff: 0.4]
      [Ext Root Scanning (ms): Min: 5.9, Avg: 7.0, Max: 11.6, Diff: 5.8, Sum: 125.8]
      [Update RS (ms): Min: 0.0, Avg: 1.8, Max: 4.0, Diff: 4.0, Sum: 31.8]
         [Processed Buffers: Min: 0, Avg: 7.7, Max: 17, Diff: 17, Sum: 138]
      [Scan RS (ms): Min: 0.2, Avg: 0.7, Max: 1.4, Diff: 1.2, Sum: 13.5]
      [Object Copy (ms): Min: 5.6, Avg: 7.9, Max: 10.1, Diff: 4.5, Sum: 142.9]
      [Termination (ms): Min: 0.0, Avg: 2.0, Max: 2.2, Diff: 2.2, Sum: 36.6]
      [GC Worker Other (ms): Min: 0.0, Avg: 0.2, Max: 0.3, Diff: 0.3, Sum: 3.2]
      [GC Worker Total (ms): Min: 19.4, Avg: 19.7, Max: 19.9, Diff: 0.6, Sum: 353.8]
      [GC Worker End (ms): Min: 4413786.1, Avg: 4413786.2, Max: 4413786.4, Diff: 0.3]
   [Code Root Fixup: 0.0 ms]
   [Clear CT: 1.5 ms]
   [Other: 14.0 ms]
      [Choose CSet: 0.0 ms]
      [Ref Proc: 7.6 ms]
      [Ref Enq: 0.4 ms]
      [Free CSet: 5.4 ms]
   [Eden: 1564.0M(1564.0M)->0.0B(1560.0M) Survivors: 12.0M->16.0M Heap: 1984.1M(2252.0M)->424.1M(2252.0M)]
 [Times: user=0.37 sys=0.01, real=0.03 secs] 

 Concurrent RS processed 3409963 cards
  Of 103406 completed buffers:
       103406 (100.0%) by conc RS threads.
            0 (  0.0%) by mutator threads.
  Conc RS threads times(s)
          0.00     0.00     0.00     0.00     0.00     0.00     0.00     0.00     0.00     0.00     0.00     0.00     0.00     0.00     0.00     0.00     0.00     0.00     0.00
  Total heap region rem set sizes = 6274K.  Max = 34K.
  Static structures = 369K, free_lists = 252K.
    374756 occupied cards represented.
    Max size region = 0:(O)[0x0000000763400000,0x00000007634ffff0,0x0000000763500000], size = 35K, occupied = 99K.
    Did 4519 coarsenings.
2014-08-01T10:09:59.625-0500: 4420.068: [GC pause (young) 4420.069: [G1Ergonomics (CSet Construction) start choosing CSet, _pending_cards: 5481, predicted base time: 21.09 ms, remaining time: 78.91 ms, target pause time: 100.00 ms]
 4420.069: [G1Ergonomics (CSet Construction) add young regions to CSet, eden: 1560 regions, survivors: 16 regions, predicted young region time: 19.84 ms]
 4420.069: [G1Ergonomics (CSet Construction) finish choosing CSet, eden: 1560 regions, survivors: 16 regions, old: 0 regions, predicted pause time: 40.93 ms, target pause time: 100.00 ms]
, 0.0428490 secs]
   [Parallel Time: 22.9 ms, GC Workers: 18]
      [GC Worker Start (ms): Min: 4420068.8, Avg: 4420068.9, Max: 4420069.1, Diff: 0.3]
      [Ext Root Scanning (ms): Min: 5.7, Avg: 6.8, Max: 11.2, Diff: 5.4, Sum: 122.7]
      [Update RS (ms): Min: 0.0, Avg: 1.7, Max: 2.8, Diff: 2.8, Sum: 30.0]
         [Processed Buffers: Min: 0, Avg: 7.6, Max: 25, Diff: 25, Sum: 137]
      [Scan RS (ms): Min: 0.2, Avg: 1.0, Max: 5.1, Diff: 4.9, Sum: 18.6]
      [Object Copy (ms): Min: 5.6, Avg: 10.0, Max: 12.4, Diff: 6.8, Sum: 179.2]
      [Termination (ms): Min: 0.0, Avg: 2.0, Max: 2.4, Diff: 2.3, Sum: 36.6]
      [GC Worker Other (ms): Min: 0.0, Avg: 0.2, Max: 0.4, Diff: 0.3, Sum: 3.0]
      [GC Worker Total (ms): Min: 21.4, Avg: 21.7, Max: 22.0, Diff: 0.6, Sum: 390.0]
      [GC Worker End (ms): Min: 4420090.4, Avg: 4420090.6, Max: 4420090.8, Diff: 0.3]
   [Code Root Fixup: 0.0 ms]
   [Clear CT: 2.1 ms]
   [Other: 17.9 ms]
      [Choose CSet: 0.0 ms]
      [Ref Proc: 12.3 ms]
      [Ref Enq: 0.4 ms]
      [Free CSet: 4.6 ms]
   [Eden: 1560.0M(1560.0M)->0.0B(1562.0M) Survivors: 16.0M->14.0M Heap: 1984.1M(2252.0M)->422.8M(2252.0M)]
 [Times: user=0.51 sys=0.00, real=0.04 secs] 

 Concurrent RS processed 3412342 cards
  Of 103543 completed buffers:
       103543 (100.0%) by conc RS threads.
            0 (  0.0%) by mutator threads.
  Conc RS threads times(s)
          0.00     0.00     0.00     0.00     0.00     0.00     0.00     0.00     0.00     0.00     0.00     0.00     0.00     0.00     0.00     0.00     0.00     0.00     0.00
  Total heap region rem set sizes = 6274K.  Max = 34K.
  Static structures = 369K, free_lists = 252K.
    375041 occupied cards represented.
    Max size region = 0:(O)[0x0000000763400000,0x00000007634ffff0,0x0000000763500000], size = 35K, occupied = 99K.
    Did 4519 coarsenings.
2014-08-01T10:10:06.058-0500: 4426.501: [GC pause (young) 4426.501: [G1Ergonomics (CSet Construction) start choosing CSet, _pending_cards: 5717, predicted base time: 22.95 ms, remaining time: 77.05 ms, target pause time: 100.00 ms]
 4426.501: [G1Ergonomics (CSet Construction) add young regions to CSet, eden: 1562 regions, survivors: 14 regions, predicted young region time: 20.06 ms]
 4426.501: [G1Ergonomics (CSet Construction) finish choosing CSet, eden: 1562 regions, survivors: 14 regions, old: 0 regions, predicted pause time: 43.00 ms, target pause time: 100.00 ms]
, 0.0415990 secs]
   [Parallel Time: 25.2 ms, GC Workers: 18]
      [GC Worker Start (ms): Min: 4426501.7, Avg: 4426501.9, Max: 4426502.1, Diff: 0.4]
      [Ext Root Scanning (ms): Min: 5.9, Avg: 6.9, Max: 11.1, Diff: 5.3, Sum: 123.4]
      [Update RS (ms): Min: 0.0, Avg: 1.7, Max: 3.9, Diff: 3.9, Sum: 31.4]
         [Processed Buffers: Min: 0, Avg: 7.9, Max: 16, Diff: 16, Sum: 142]
      [Scan RS (ms): Min: 0.2, Avg: 0.7, Max: 0.9, Diff: 0.7, Sum: 12.3]
      [Object Copy (ms): Min: 6.8, Avg: 9.4, Max: 15.5, Diff: 8.7, Sum: 168.9]
      [Termination (ms): Min: 0.0, Avg: 5.9, Max: 6.5, Diff: 6.5, Sum: 107.0]
      [GC Worker Other (ms): Min: 0.0, Avg: 0.1, Max: 0.3, Diff: 0.3, Sum: 2.5]
      [GC Worker Total (ms): Min: 24.5, Avg: 24.8, Max: 25.0, Diff: 0.5, Sum: 445.5]
      [GC Worker End (ms): Min: 4426526.6, Avg: 4426526.7, Max: 4426526.9, Diff: 0.3]
   [Code Root Fixup: 0.0 ms]
   [Clear CT: 1.8 ms]
   [Other: 14.6 ms]
      [Choose CSet: 0.0 ms]
      [Ref Proc: 8.7 ms]
      [Ref Enq: 0.5 ms]
      [Free CSet: 4.6 ms]
   [Eden: 1562.0M(1562.0M)->0.0B(1552.0M) Survivors: 14.0M->24.0M Heap: 1984.8M(2252.0M)->432.7M(2252.0M)]
 [Times: user=0.50 sys=0.00, real=0.04 secs] 

 Concurrent RS processed 3414667 cards
  Of 103685 completed buffers:
       103685 (100.0%) by conc RS threads.
            0 (  0.0%) by mutator threads.
  Conc RS threads times(s)
          0.00     0.00     0.00     0.00     0.00     0.00     0.00     0.00     0.00     0.00     0.00     0.00     0.00     0.00     0.00     0.00     0.00     0.00     0.00
  Total heap region rem set sizes = 6275K.  Max = 34K.
  Static structures = 369K, free_lists = 252K.
    375266 occupied cards represented.
    Max size region = 0:(O)[0x0000000763400000,0x00000007634ffff0,0x0000000763500000], size = 35K, occupied = 99K.
    Did 4519 coarsenings.
2014-08-01T10:10:12.722-0500: 4433.165: [GC pause (young) 4433.165: [G1Ergonomics (CSet Construction) start choosing CSet, _pending_cards: 5979, predicted base time: 22.61 ms, remaining time: 77.39 ms, target pause time: 100.00 ms]
 4433.165: [G1Ergonomics (CSet Construction) add young regions to CSet, eden: 1552 regions, survivors: 24 regions, predicted young region time: 24.78 ms]
 4433.165: [G1Ergonomics (CSet Construction) finish choosing CSet, eden: 1552 regions, survivors: 24 regions, old: 0 regions, predicted pause time: 47.39 ms, target pause time: 100.00 ms]
, 0.0324570 secs]
   [Parallel Time: 15.4 ms, GC Workers: 18]
      [GC Worker Start (ms): Min: 4433165.6, Avg: 4433165.7, Max: 4433165.9, Diff: 0.3]
      [Ext Root Scanning (ms): Min: 4.0, Avg: 5.7, Max: 7.1, Diff: 3.0, Sum: 103.4]
      [Update RS (ms): Min: 0.0, Avg: 1.0, Max: 3.0, Diff: 3.0, Sum: 18.5]
         [Processed Buffers: Min: 0, Avg: 7.8, Max: 26, Diff: 26, Sum: 140]
      [Scan RS (ms): Min: 0.2, Avg: 0.5, Max: 0.7, Diff: 0.5, Sum: 9.5]
      [Object Copy (ms): Min: 4.7, Avg: 6.0, Max: 7.7, Diff: 3.0, Sum: 107.7]
      [Termination (ms): Min: 0.0, Avg: 1.4, Max: 1.5, Diff: 1.5, Sum: 25.3]
      [GC Worker Other (ms): Min: 0.0, Avg: 0.1, Max: 0.3, Diff: 0.2, Sum: 2.4]
      [GC Worker Total (ms): Min: 14.6, Avg: 14.8, Max: 15.0, Diff: 0.4, Sum: 266.7]
      [GC Worker End (ms): Min: 4433180.5, Avg: 4433180.6, Max: 4433180.7, Diff: 0.2]
   [Code Root Fixup: 0.0 ms]
   [Clear CT: 2.0 ms]
   [Other: 15.1 ms]
      [Choose CSet: 0.0 ms]
      [Ref Proc: 9.1 ms]
      [Ref Enq: 0.8 ms]
      [Free CSet: 4.4 ms]
   [Eden: 1552.0M(1552.0M)->0.0B(1559.0M) Survivors: 24.0M->17.0M Heap: 1984.7M(2252.0M)->425.5M(2252.0M)]
 [Times: user=0.36 sys=0.01, real=0.04 secs] 

 Concurrent RS processed 3417134 cards
  Of 103825 completed buffers:
       103825 (100.0%) by conc RS threads.
            0 (  0.0%) by mutator threads.
  Conc RS threads times(s)
          0.00     0.00     0.00     0.00     0.00     0.00     0.00     0.00     0.00     0.00     0.00     0.00     0.00     0.00     0.00     0.00     0.00     0.00     0.00
  Total heap region rem set sizes = 6276K.  Max = 34K.
  Static structures = 369K, free_lists = 252K.
    375505 occupied cards represented.
    Max size region = 0:(O)[0x0000000763400000,0x00000007634ffff0,0x0000000763500000], size = 35K, occupied = 99K.
    Did 4519 coarsenings.
2014-08-01T10:10:18.962-0500: 4439.406: [GC pause (young) 4439.406: [G1Ergonomics (CSet Construction) start choosing CSet, _pending_cards: 5715, predicted base time: 22.00 ms, remaining time: 78.00 ms, target pause time: 100.00 ms]
 4439.406: [G1Ergonomics (CSet Construction) add young regions to CSet, eden: 1559 regions, survivors: 17 regions, predicted young region time: 20.28 ms]
 4439.406: [G1Ergonomics (CSet Construction) finish choosing CSet, eden: 1559 regions, survivors: 17 regions, old: 0 regions, predicted pause time: 42.28 ms, target pause time: 100.00 ms]
, 0.0411550 secs]
   [Parallel Time: 27.5 ms, GC Workers: 18]
      [GC Worker Start (ms): Min: 4439406.1, Avg: 4439406.3, Max: 4439406.5, Diff: 0.4]
      [Ext Root Scanning (ms): Min: 5.5, Avg: 7.1, Max: 10.3, Diff: 4.8, Sum: 127.1]
      [Update RS (ms): Min: 0.0, Avg: 1.6, Max: 4.0, Diff: 3.9, Sum: 28.6]
         [Processed Buffers: Min: 0, Avg: 7.6, Max: 23, Diff: 23, Sum: 137]
      [Scan RS (ms): Min: 0.2, Avg: 0.9, Max: 2.7, Diff: 2.5, Sum: 17.0]
      [Object Copy (ms): Min: 14.8, Avg: 16.6, Max: 17.5, Diff: 2.7, Sum: 299.6]
      [Termination (ms): Min: 0.0, Avg: 0.5, Max: 0.9, Diff: 0.9, Sum: 8.3]
      [GC Worker Other (ms): Min: 0.0, Avg: 0.2, Max: 0.4, Diff: 0.3, Sum: 3.8]
      [GC Worker Total (ms): Min: 26.6, Avg: 26.9, Max: 27.1, Diff: 0.5, Sum: 484.5]
      [GC Worker End (ms): Min: 4439433.0, Avg: 4439433.2, Max: 4439433.4, Diff: 0.3]
   [Code Root Fixup: 0.0 ms]
   [Clear CT: 1.8 ms]
   [Other: 11.8 ms]
      [Choose CSet: 0.0 ms]
      [Ref Proc: 6.0 ms]
      [Ref Enq: 0.4 ms]
      [Free CSet: 4.8 ms]
   [Eden: 1559.0M(1559.0M)->0.0B(1562.0M) Survivors: 17.0M->14.0M Heap: 1984.5M(2252.0M)->422.3M(2252.0M)]
 [Times: user=0.52 sys=0.01, real=0.05 secs] 

 Concurrent RS processed 3419508 cards
  Of 103962 completed buffers:
       103962 (100.0%) by conc RS threads.
            0 (  0.0%) by mutator threads.
  Conc RS threads times(s)
          0.00     0.00     0.00     0.00     0.00     0.00     0.00     0.00     0.00     0.00     0.00     0.00     0.00     0.00     0.00     0.00     0.00     0.00     0.00
  Total heap region rem set sizes = 6276K.  Max = 34K.
  Static structures = 369K, free_lists = 251K.
    375787 occupied cards represented.
    Max size region = 0:(O)[0x0000000763400000,0x00000007634ffff0,0x0000000763500000], size = 35K, occupied = 99K.
    Did 4519 coarsenings.
2014-08-01T10:10:25.031-0500: 4445.475: [GC pause (young) 4445.475: [G1Ergonomics (CSet Construction) start choosing CSet, _pending_cards: 5469, predicted base time: 21.09 ms, remaining time: 78.91 ms, target pause time: 100.00 ms]
 4445.475: [G1Ergonomics (CSet Construction) add young regions to CSet, eden: 1562 regions, survivors: 14 regions, predicted young region time: 23.75 ms]
 4445.475: [G1Ergonomics (CSet Construction) finish choosing CSet, eden: 1562 regions, survivors: 14 regions, old: 0 regions, predicted pause time: 44.84 ms, target pause time: 100.00 ms]
, 0.0413770 secs]
   [Parallel Time: 24.8 ms, GC Workers: 18]
      [GC Worker Start (ms): Min: 4445475.1, Avg: 4445475.2, Max: 4445475.4, Diff: 0.3]
      [Ext Root Scanning (ms): Min: 5.6, Avg: 7.0, Max: 11.6, Diff: 6.0, Sum: 125.2]
      [Update RS (ms): Min: 0.0, Avg: 2.2, Max: 9.1, Diff: 9.1, Sum: 40.2]
         [Processed Buffers: Min: 0, Avg: 7.7, Max: 33, Diff: 33, Sum: 138]
      [Scan RS (ms): Min: 0.2, Avg: 0.7, Max: 0.9, Diff: 0.7, Sum: 13.4]
      [Object Copy (ms): Min: 3.8, Avg: 9.2, Max: 14.5, Diff: 10.7, Sum: 165.5]
      [Termination (ms): Min: 0.0, Avg: 4.9, Max: 5.3, Diff: 5.3, Sum: 88.8]
      [GC Worker Other (ms): Min: 0.0, Avg: 0.2, Max: 0.3, Diff: 0.3, Sum: 2.8]
      [GC Worker Total (ms): Min: 24.0, Avg: 24.2, Max: 24.5, Diff: 0.5, Sum: 435.9]
      [GC Worker End (ms): Min: 4445499.3, Avg: 4445499.5, Max: 4445499.6, Diff: 0.3]
   [Code Root Fixup: 0.0 ms]
   [Clear CT: 1.9 ms]
   [Other: 14.7 ms]
      [Choose CSet: 0.0 ms]
      [Ref Proc: 8.8 ms]
      [Ref Enq: 0.6 ms]
      [Free CSet: 4.7 ms]
   [Eden: 1562.0M(1562.0M)->0.0B(1564.0M) Survivors: 14.0M->12.0M Heap: 1984.3M(2252.0M)->420.5M(2252.0M)]
 [Times: user=0.50 sys=0.01, real=0.04 secs] 

 Concurrent RS processed 3421849 cards
  Of 104100 completed buffers:
       104100 (100.0%) by conc RS threads.
            0 (  0.0%) by mutator threads.
  Conc RS threads times(s)
          0.00     0.00     0.00     0.00     0.00     0.00     0.00     0.00     0.00     0.00     0.00     0.00     0.00     0.00     0.00     0.00     0.00     0.00     0.00
  Total heap region rem set sizes = 6277K.  Max = 34K.
  Static structures = 369K, free_lists = 251K.
    376040 occupied cards represented.
    Max size region = 0:(O)[0x0000000763400000,0x00000007634ffff0,0x0000000763500000], size = 35K, occupied = 99K.
    Did 4519 coarsenings.
2014-08-01T10:10:31.139-0500: 4451.582: [GC pause (young) 4451.583: [G1Ergonomics (CSet Construction) start choosing CSet, _pending_cards: 5726, predicted base time: 21.61 ms, remaining time: 78.39 ms, target pause time: 100.00 ms]
 4451.583: [G1Ergonomics (CSet Construction) add young regions to CSet, eden: 1564 regions, survivors: 12 regions, predicted young region time: 11.80 ms]
 4451.583: [G1Ergonomics (CSet Construction) finish choosing CSet, eden: 1564 regions, survivors: 12 regions, old: 0 regions, predicted pause time: 33.41 ms, target pause time: 100.00 ms]
, 0.0352930 secs]
   [Parallel Time: 18.8 ms, GC Workers: 18]
      [GC Worker Start (ms): Min: 4451582.9, Avg: 4451583.0, Max: 4451583.2, Diff: 0.3]
      [Ext Root Scanning (ms): Min: 5.9, Avg: 6.8, Max: 11.2, Diff: 5.4, Sum: 122.9]
      [Update RS (ms): Min: 0.0, Avg: 1.8, Max: 4.0, Diff: 4.0, Sum: 32.8]
         [Processed Buffers: Min: 0, Avg: 7.7, Max: 21, Diff: 21, Sum: 139]
      [Scan RS (ms): Min: 0.2, Avg: 0.8, Max: 0.9, Diff: 0.7, Sum: 14.0]
      [Object Copy (ms): Min: 5.6, Avg: 7.7, Max: 8.9, Diff: 3.3, Sum: 138.5]
      [Termination (ms): Min: 0.0, Avg: 1.0, Max: 1.4, Diff: 1.4, Sum: 17.4]
      [GC Worker Other (ms): Min: 0.0, Avg: 0.2, Max: 0.3, Diff: 0.3, Sum: 3.2]
      [GC Worker Total (ms): Min: 18.0, Avg: 18.3, Max: 18.6, Diff: 0.6, Sum: 328.9]
      [GC Worker End (ms): Min: 4451601.1, Avg: 4451601.3, Max: 4451601.5, Diff: 0.4]
   [Code Root Fixup: 0.0 ms]
   [Clear CT: 2.4 ms]
   [Other: 14.1 ms]
      [Choose CSet: 0.0 ms]
      [Ref Proc: 8.4 ms]
      [Ref Enq: 0.4 ms]
      [Free CSet: 4.7 ms]
   [Eden: 1564.0M(1564.0M)->0.0B(1551.0M) Survivors: 12.0M->25.0M Heap: 1984.5M(2252.0M)->433.9M(2252.0M)]
 [Times: user=0.39 sys=0.00, real=0.04 secs] 

 Concurrent RS processed 3424208 cards
  Of 104239 completed buffers:
       104239 (100.0%) by conc RS threads.
            0 (  0.0%) by mutator threads.
  Conc RS threads times(s)
          0.00     0.00     0.00     0.00     0.00     0.00     0.00     0.00     0.00     0.00     0.00     0.00     0.00     0.00     0.00     0.00     0.00     0.00     0.00
  Total heap region rem set sizes = 6277K.  Max = 34K.
  Static structures = 369K, free_lists = 251K.
    376294 occupied cards represented.
    Max size region = 0:(O)[0x0000000763400000,0x00000007634ffff0,0x0000000763500000], size = 35K, occupied = 99K.
    Did 4519 coarsenings.
2014-08-01T10:10:37.315-0500: 4457.758: [GC pause (young) 4457.758: [G1Ergonomics (CSet Construction) start choosing CSet, _pending_cards: 5519, predicted base time: 21.52 ms, remaining time: 78.48 ms, target pause time: 100.00 ms]
 4457.758: [G1Ergonomics (CSet Construction) add young regions to CSet, eden: 1551 regions, survivors: 25 regions, predicted young region time: 16.57 ms]
 4457.758: [G1Ergonomics (CSet Construction) finish choosing CSet, eden: 1551 regions, survivors: 25 regions, old: 0 regions, predicted pause time: 38.09 ms, target pause time: 100.00 ms]
, 0.0331580 secs]
   [Parallel Time: 19.5 ms, GC Workers: 18]
      [GC Worker Start (ms): Min: 4457758.5, Avg: 4457758.7, Max: 4457759.0, Diff: 0.4]
      [Ext Root Scanning (ms): Min: 6.7, Avg: 8.3, Max: 12.0, Diff: 5.4, Sum: 150.2]
      [Update RS (ms): Min: 0.0, Avg: 1.4, Max: 2.9, Diff: 2.9, Sum: 26.0]
         [Processed Buffers: Min: 0, Avg: 8.0, Max: 34, Diff: 34, Sum: 144]
      [Scan RS (ms): Min: 0.2, Avg: 0.7, Max: 1.0, Diff: 0.8, Sum: 12.8]
      [Object Copy (ms): Min: 6.2, Avg: 7.9, Max: 8.6, Diff: 2.4, Sum: 142.0]
      [Termination (ms): Min: 0.0, Avg: 0.3, Max: 0.4, Diff: 0.4, Sum: 5.7]
      [GC Worker Other (ms): Min: 0.0, Avg: 0.2, Max: 0.4, Diff: 0.4, Sum: 3.7]
      [GC Worker Total (ms): Min: 18.6, Avg: 18.9, Max: 19.2, Diff: 0.5, Sum: 340.4]
      [GC Worker End (ms): Min: 4457777.5, Avg: 4457777.7, Max: 4457777.8, Diff: 0.3]
   [Code Root Fixup: 0.0 ms]
   [Clear CT: 1.7 ms]
   [Other: 12.0 ms]
      [Choose CSet: 0.0 ms]
      [Ref Proc: 6.0 ms]
      [Ref Enq: 0.5 ms]
      [Free CSet: 4.9 ms]
   [Eden: 1551.0M(1551.0M)->0.0B(1563.0M) Survivors: 25.0M->13.0M Heap: 1984.9M(2252.0M)->421.7M(2252.0M)]
 [Times: user=0.35 sys=0.01, real=0.04 secs] 

 Concurrent RS processed 3426665 cards
  Of 104383 completed buffers:
       104383 (100.0%) by conc RS threads.
            0 (  0.0%) by mutator threads.
  Conc RS threads times(s)
          0.00     0.00     0.00     0.00     0.00     0.00     0.00     0.00     0.00     0.00     0.00     0.00     0.00     0.00     0.00     0.00     0.00     0.00     0.00
  Total heap region rem set sizes = 6278K.  Max = 34K.
  Static structures = 369K, free_lists = 251K.
    376548 occupied cards represented.
    Max size region = 0:(O)[0x0000000763400000,0x00000007634ffff0,0x0000000763500000], size = 35K, occupied = 99K.
    Did 4519 coarsenings.
2014-08-01T10:10:43.983-0500: 4464.427: [GC pause (young) 4464.427: [G1Ergonomics (CSet Construction) start choosing CSet, _pending_cards: 5740, predicted base time: 21.06 ms, remaining time: 78.94 ms, target pause time: 100.00 ms]
 4464.427: [G1Ergonomics (CSet Construction) add young regions to CSet, eden: 1563 regions, survivors: 13 regions, predicted young region time: 19.18 ms]
 4464.427: [G1Ergonomics (CSet Construction) finish choosing CSet, eden: 1563 regions, survivors: 13 regions, old: 0 regions, predicted pause time: 40.24 ms, target pause time: 100.00 ms]
, 0.0419740 secs]
   [Parallel Time: 25.9 ms, GC Workers: 18]
      [GC Worker Start (ms): Min: 4464427.2, Avg: 4464427.3, Max: 4464427.5, Diff: 0.3]
      [Ext Root Scanning (ms): Min: 8.6, Avg: 10.8, Max: 15.4, Diff: 6.9, Sum: 194.4]
      [Update RS (ms): Min: 0.0, Avg: 1.5, Max: 3.4, Diff: 3.4, Sum: 26.9]
         [Processed Buffers: Min: 0, Avg: 7.8, Max: 23, Diff: 23, Sum: 141]
      [Scan RS (ms): Min: 0.2, Avg: 0.7, Max: 1.1, Diff: 0.9, Sum: 11.7]
      [Object Copy (ms): Min: 3.9, Avg: 7.0, Max: 13.3, Diff: 9.4, Sum: 125.3]
      [Termination (ms): Min: 0.0, Avg: 5.3, Max: 5.8, Diff: 5.8, Sum: 95.4]
      [GC Worker Other (ms): Min: 0.0, Avg: 0.2, Max: 0.3, Diff: 0.3, Sum: 3.1]
      [GC Worker Total (ms): Min: 25.2, Avg: 25.4, Max: 25.6, Diff: 0.4, Sum: 456.8]
      [GC Worker End (ms): Min: 4464452.6, Avg: 4464452.7, Max: 4464452.9, Diff: 0.3]
   [Code Root Fixup: 0.0 ms]
   [Clear CT: 2.0 ms]
   [Other: 14.1 ms]
      [Choose CSet: 0.0 ms]
      [Ref Proc: 8.2 ms]
      [Ref Enq: 0.5 ms]
      [Free CSet: 4.6 ms]
   [Eden: 1563.0M(1563.0M)->0.0B(1562.0M) Survivors: 13.0M->14.0M Heap: 1984.7M(2252.0M)->422.5M(2252.0M)]
 [Times: user=0.42 sys=0.01, real=0.04 secs] 

 Concurrent RS processed 3429073 cards
  Of 104524 completed buffers:
       104524 (100.0%) by conc RS threads.
            0 (  0.0%) by mutator threads.
  Conc RS threads times(s)
          0.00     0.00     0.00     0.00     0.00     0.00     0.00     0.00     0.00     0.00     0.00     0.00     0.00     0.00     0.00     0.00     0.00     0.00     0.00
  Total heap region rem set sizes = 6278K.  Max = 34K.
  Static structures = 369K, free_lists = 251K.
    376828 occupied cards represented.
    Max size region = 0:(O)[0x0000000763400000,0x00000007634ffff0,0x0000000763500000], size = 35K, occupied = 99K.
    Did 4519 coarsenings.
2014-08-01T10:10:50.701-0500: 4471.144: [GC pause (young) 4471.144: [G1Ergonomics (CSet Construction) start choosing CSet, _pending_cards: 5503, predicted base time: 22.45 ms, remaining time: 77.55 ms, target pause time: 100.00 ms]
 4471.144: [G1Ergonomics (CSet Construction) add young regions to CSet, eden: 1562 regions, survivors: 14 regions, predicted young region time: 10.35 ms]
 4471.144: [G1Ergonomics (CSet Construction) finish choosing CSet, eden: 1562 regions, survivors: 14 regions, old: 0 regions, predicted pause time: 32.80 ms, target pause time: 100.00 ms]
, 0.0379200 secs]
   [Parallel Time: 22.8 ms, GC Workers: 18]
      [GC Worker Start (ms): Min: 4471144.5, Avg: 4471144.7, Max: 4471144.8, Diff: 0.3]
      [Ext Root Scanning (ms): Min: 4.4, Avg: 6.7, Max: 13.4, Diff: 9.0, Sum: 121.5]
      [Update RS (ms): Min: 0.0, Avg: 1.5, Max: 3.2, Diff: 3.2, Sum: 27.3]
         [Processed Buffers: Min: 0, Avg: 8.1, Max: 38, Diff: 38, Sum: 145]
      [Scan RS (ms): Min: 0.2, Avg: 0.7, Max: 1.0, Diff: 0.8, Sum: 11.8]
      [Object Copy (ms): Min: 2.3, Avg: 8.0, Max: 13.5, Diff: 11.2, Sum: 143.5]
      [Termination (ms): Min: 0.0, Avg: 5.2, Max: 6.1, Diff: 6.1, Sum: 94.2]
      [GC Worker Other (ms): Min: 0.0, Avg: 0.2, Max: 0.4, Diff: 0.3, Sum: 3.3]
      [GC Worker Total (ms): Min: 22.0, Avg: 22.3, Max: 22.6, Diff: 0.6, Sum: 401.5]
      [GC Worker End (ms): Min: 4471166.8, Avg: 4471167.0, Max: 4471167.2, Diff: 0.4]
   [Code Root Fixup: 0.0 ms]
   [Clear CT: 1.7 ms]
   [Other: 13.4 ms]
      [Choose CSet: 0.0 ms]
      [Ref Proc: 7.5 ms]
      [Ref Enq: 0.5 ms]
      [Free CSet: 4.7 ms]
   [Eden: 1562.0M(1562.0M)->0.0B(1561.0M) Survivors: 14.0M->15.0M Heap: 1984.5M(2252.0M)->424.3M(2252.0M)]
 [Times: user=0.45 sys=0.01, real=0.04 secs] 

 Concurrent RS processed 3431470 cards
  Of 104669 completed buffers:
       104669 (100.0%) by conc RS threads.
            0 (  0.0%) by mutator threads.
  Conc RS threads times(s)
          0.00     0.00     0.00     0.00     0.00     0.00     0.00     0.00     0.00     0.00     0.00     0.00     0.00     0.00     0.00     0.00     0.00     0.00     0.00
  Total heap region rem set sizes = 6278K.  Max = 34K.
  Static structures = 369K, free_lists = 251K.
    377097 occupied cards represented.
    Max size region = 0:(O)[0x0000000763400000,0x00000007634ffff0,0x0000000763500000], size = 35K, occupied = 99K.
    Did 4519 coarsenings.
2014-08-01T10:10:57.040-0500: 4477.484: [GC pause (young) 4477.484: [G1Ergonomics (CSet Construction) start choosing CSet, _pending_cards: 5488, predicted base time: 21.71 ms, remaining time: 78.29 ms, target pause time: 100.00 ms]
 4477.484: [G1Ergonomics (CSet Construction) add young regions to CSet, eden: 1561 regions, survivors: 15 regions, predicted young region time: 11.33 ms]
 4477.484: [G1Ergonomics (CSet Construction) finish choosing CSet, eden: 1561 regions, survivors: 15 regions, old: 0 regions, predicted pause time: 33.04 ms, target pause time: 100.00 ms]
, 0.0421580 secs]
   [Parallel Time: 27.3 ms, GC Workers: 18]
      [GC Worker Start (ms): Min: 4477484.0, Avg: 4477484.1, Max: 4477484.3, Diff: 0.3]
      [Ext Root Scanning (ms): Min: 6.0, Avg: 7.3, Max: 11.2, Diff: 5.2, Sum: 131.2]
      [Update RS (ms): Min: 0.0, Avg: 2.3, Max: 15.7, Diff: 15.7, Sum: 41.8]
         [Processed Buffers: Min: 0, Avg: 7.4, Max: 20, Diff: 20, Sum: 134]
      [Scan RS (ms): Min: 0.2, Avg: 0.9, Max: 2.1, Diff: 1.9, Sum: 16.5]
      [Object Copy (ms): Min: 1.4, Avg: 12.5, Max: 15.5, Diff: 14.1, Sum: 225.7]
      [Termination (ms): Min: 0.4, Avg: 3.4, Max: 4.0, Diff: 3.6, Sum: 60.4]
      [GC Worker Other (ms): Min: 0.0, Avg: 0.3, Max: 0.5, Diff: 0.5, Sum: 5.5]
      [GC Worker Total (ms): Min: 26.4, Avg: 26.7, Max: 27.1, Diff: 0.7, Sum: 481.1]
      [GC Worker End (ms): Min: 4477510.6, Avg: 4477510.8, Max: 4477511.1, Diff: 0.5]
   [Code Root Fixup: 0.0 ms]
   [Clear CT: 1.7 ms]
   [Other: 13.2 ms]
      [Choose CSet: 0.0 ms]
      [Ref Proc: 7.3 ms]
      [Ref Enq: 0.5 ms]
      [Free CSet: 4.7 ms]
   [Eden: 1561.0M(1561.0M)->0.0B(1560.0M) Survivors: 15.0M->16.0M Heap: 1985.3M(2252.0M)->424.7M(2252.0M)]
 [Times: user=0.49 sys=0.01, real=0.04 secs] 

 Concurrent RS processed 3433935 cards
  Of 104803 completed buffers:
       104803 (100.0%) by conc RS threads.
            0 (  0.0%) by mutator threads.
  Conc RS threads times(s)
          0.00     0.00     0.00     0.00     0.00     0.00     0.00     0.00     0.00     0.00     0.00     0.00     0.00     0.00     0.00     0.00     0.00     0.00     0.00
  Total heap region rem set sizes = 6283K.  Max = 34K.
  Static structures = 369K, free_lists = 249K.
    377529 occupied cards represented.
    Max size region = 0:(O)[0x0000000763400000,0x00000007634ffff0,0x0000000763500000], size = 35K, occupied = 99K.
    Did 4519 coarsenings.
2014-08-01T10:11:03.288-0500: 4483.731: [GC pause (young) 4483.731: [G1Ergonomics (CSet Construction) start choosing CSet, _pending_cards: 5212, predicted base time: 21.50 ms, remaining time: 78.50 ms, target pause time: 100.00 ms]
 4483.731: [G1Ergonomics (CSet Construction) add young regions to CSet, eden: 1560 regions, survivors: 16 regions, predicted young region time: 22.32 ms]
 4483.731: [G1Ergonomics (CSet Construction) finish choosing CSet, eden: 1560 regions, survivors: 16 regions, old: 0 regions, predicted pause time: 43.82 ms, target pause time: 100.00 ms]
, 0.0502060 secs]
   [Parallel Time: 31.6 ms, GC Workers: 18]
      [GC Worker Start (ms): Min: 4483731.3, Avg: 4483731.4, Max: 4483731.6, Diff: 0.3]
      [Ext Root Scanning (ms): Min: 5.8, Avg: 7.2, Max: 11.4, Diff: 5.7, Sum: 129.9]
      [Update RS (ms): Min: 0.0, Avg: 1.6, Max: 3.0, Diff: 3.0, Sum: 29.0]
         [Processed Buffers: Min: 0, Avg: 7.8, Max: 31, Diff: 31, Sum: 140]
      [Scan RS (ms): Min: 0.2, Avg: 0.7, Max: 1.0, Diff: 0.8, Sum: 13.0]
      [Object Copy (ms): Min: 18.0, Avg: 20.2, Max: 21.2, Diff: 3.1, Sum: 363.7]
      [Termination (ms): Min: 0.0, Avg: 0.7, Max: 0.9, Diff: 0.9, Sum: 12.4]
      [GC Worker Other (ms): Min: 0.0, Avg: 0.4, Max: 0.9, Diff: 0.8, Sum: 7.0]
      [GC Worker Total (ms): Min: 30.5, Avg: 30.8, Max: 31.4, Diff: 0.9, Sum: 554.8]
      [GC Worker End (ms): Min: 4483761.9, Avg: 4483762.2, Max: 4483762.7, Diff: 0.8]
   [Code Root Fixup: 0.0 ms]
   [Clear CT: 1.8 ms]
   [Other: 16.8 ms]
      [Choose CSet: 0.0 ms]
      [Ref Proc: 10.9 ms]
      [Ref Enq: 0.4 ms]
      [Free CSet: 4.8 ms]
   [Eden: 1560.0M(1560.0M)->0.0B(1551.0M) Survivors: 16.0M->25.0M Heap: 1984.7M(2252.0M)->433.9M(2252.0M)]
 [Times: user=0.58 sys=0.00, real=0.05 secs] 

 Concurrent RS processed 3436286 cards
  Of 104943 completed buffers:
       104943 (100.0%) by conc RS threads.
            0 (  0.0%) by mutator threads.
  Conc RS threads times(s)
          0.00     0.00     0.00     0.00     0.00     0.00     0.00     0.00     0.00     0.00     0.00     0.00     0.00     0.00     0.00     0.00     0.00     0.00     0.00
  Total heap region rem set sizes = 6283K.  Max = 34K.
  Static structures = 369K, free_lists = 249K.
    377791 occupied cards represented.
    Max size region = 0:(O)[0x0000000763400000,0x00000007634ffff0,0x0000000763500000], size = 35K, occupied = 99K.
    Did 4519 coarsenings.
2014-08-01T10:11:09.449-0500: 4489.892: [GC pause (young) 4489.892: [G1Ergonomics (CSet Construction) start choosing CSet, _pending_cards: 5978, predicted base time: 22.76 ms, remaining time: 77.24 ms, target pause time: 100.00 ms]
 4489.892: [G1Ergonomics (CSet Construction) add young regions to CSet, eden: 1551 regions, survivors: 25 regions, predicted young region time: 18.97 ms]
 4489.892: [G1Ergonomics (CSet Construction) finish choosing CSet, eden: 1551 regions, survivors: 25 regions, old: 0 regions, predicted pause time: 41.73 ms, target pause time: 100.00 ms]
, 0.0532490 secs]
   [Parallel Time: 22.7 ms, GC Workers: 18]
      [GC Worker Start (ms): Min: 4489892.7, Avg: 4489892.8, Max: 4489893.1, Diff: 0.4]
      [Ext Root Scanning (ms): Min: 7.2, Avg: 10.4, Max: 19.6, Diff: 12.5, Sum: 187.0]
      [Update RS (ms): Min: 0.0, Avg: 2.2, Max: 10.9, Diff: 10.9, Sum: 40.0]
         [Processed Buffers: Min: 0, Avg: 7.6, Max: 17, Diff: 17, Sum: 137]
      [Scan RS (ms): Min: 0.4, Avg: 0.7, Max: 0.9, Diff: 0.6, Sum: 12.9]
      [Object Copy (ms): Min: 1.7, Avg: 7.8, Max: 9.8, Diff: 8.1, Sum: 140.3]
      [Termination (ms): Min: 0.0, Avg: 1.0, Max: 1.3, Diff: 1.3, Sum: 17.2]
      [GC Worker Other (ms): Min: 0.0, Avg: 0.1, Max: 0.3, Diff: 0.3, Sum: 2.6]
      [GC Worker Total (ms): Min: 21.9, Avg: 22.2, Max: 22.6, Diff: 0.7, Sum: 400.1]
      [GC Worker End (ms): Min: 4489915.0, Avg: 4489915.1, Max: 4489915.2, Diff: 0.3]
   [Code Root Fixup: 0.0 ms]
   [Clear CT: 1.6 ms]
   [Other: 29.0 ms]
      [Choose CSet: 0.0 ms]
      [Ref Proc: 23.1 ms]
      [Ref Enq: 0.5 ms]
      [Free CSet: 4.7 ms]
   [Eden: 1551.0M(1551.0M)->0.0B(1559.0M) Survivors: 25.0M->17.0M Heap: 1984.9M(2252.0M)->426.1M(2252.0M)]
 [Times: user=0.57 sys=0.01, real=0.06 secs] 

 Concurrent RS processed 3438730 cards
  Of 105080 completed buffers:
       105080 (100.0%) by conc RS threads.
            0 (  0.0%) by mutator threads.
  Conc RS threads times(s)
          0.00     0.00     0.00     0.00     0.00     0.00     0.00     0.00     0.00     0.00     0.00     0.00     0.00     0.00     0.00     0.00     0.00     0.00     0.00
  Total heap region rem set sizes = 6285K.  Max = 34K.
  Static structures = 369K, free_lists = 248K.
    378265 occupied cards represented.
    Max size region = 0:(O)[0x0000000763400000,0x00000007634ffff0,0x0000000763500000], size = 35K, occupied = 100K.
    Did 4519 coarsenings.
2014-08-01T10:11:15.879-0500: 4496.323: [GC pause (young) 4496.323: [G1Ergonomics (CSet Construction) start choosing CSet, _pending_cards: 5232, predicted base time: 30.06 ms, remaining time: 69.94 ms, target pause time: 100.00 ms]
 4496.323: [G1Ergonomics (CSet Construction) add young regions to CSet, eden: 1559 regions, survivors: 17 regions, predicted young region time: 36.16 ms]
 4496.323: [G1Ergonomics (CSet Construction) finish choosing CSet, eden: 1559 regions, survivors: 17 regions, old: 0 regions, predicted pause time: 66.22 ms, target pause time: 100.00 ms]
, 0.0372970 secs]
   [Parallel Time: 23.9 ms, GC Workers: 18]
      [GC Worker Start (ms): Min: 4496323.1, Avg: 4496323.2, Max: 4496323.4, Diff: 0.3]
      [Ext Root Scanning (ms): Min: 5.6, Avg: 7.4, Max: 12.5, Diff: 6.8, Sum: 133.4]
      [Update RS (ms): Min: 0.0, Avg: 1.2, Max: 2.5, Diff: 2.5, Sum: 21.1]
         [Processed Buffers: Min: 0, Avg: 7.4, Max: 20, Diff: 20, Sum: 133]
      [Scan RS (ms): Min: 0.2, Avg: 0.6, Max: 0.8, Diff: 0.6, Sum: 9.9]
      [Object Copy (ms): Min: 3.4, Avg: 7.5, Max: 14.7, Diff: 11.3, Sum: 135.5]
      [Termination (ms): Min: 0.0, Avg: 6.6, Max: 7.3, Diff: 7.3, Sum: 119.2]
      [GC Worker Other (ms): Min: 0.0, Avg: 0.1, Max: 0.3, Diff: 0.3, Sum: 2.7]
      [GC Worker Total (ms): Min: 23.3, Avg: 23.4, Max: 23.7, Diff: 0.4, Sum: 421.8]
      [GC Worker End (ms): Min: 4496346.5, Avg: 4496346.7, Max: 4496346.8, Diff: 0.3]
   [Code Root Fixup: 0.0 ms]
   [Clear CT: 1.5 ms]
   [Other: 11.9 ms]
      [Choose CSet: 0.0 ms]
      [Ref Proc: 7.6 ms]
      [Ref Enq: 0.4 ms]
      [Free CSet: 3.3 ms]
   [Eden: 1559.0M(1559.0M)->0.0B(1563.0M) Survivors: 17.0M->13.0M Heap: 1985.1M(2252.0M)->422.3M(2252.0M)]
 [Times: user=0.42 sys=0.01, real=0.04 secs] 

 Concurrent RS processed 3441202 cards
  Of 105213 completed buffers:
       105213 (100.0%) by conc RS threads.
            0 (  0.0%) by mutator threads.
  Conc RS threads times(s)
          0.00     0.00     0.00     0.00     0.00     0.00     0.00     0.00     0.00     0.00     0.00     0.00     0.00     0.00     0.00     0.00     0.00     0.00     0.00
  Total heap region rem set sizes = 6284K.  Max = 34K.
  Static structures = 369K, free_lists = 249K.
    378444 occupied cards represented.
    Max size region = 0:(O)[0x0000000763400000,0x00000007634ffff0,0x0000000763500000], size = 35K, occupied = 100K.
    Did 4519 coarsenings.
2014-08-01T10:11:22.221-0500: 4502.664: [GC pause (young) 4502.664: [G1Ergonomics (CSet Construction) start choosing CSet, _pending_cards: 6243, predicted base time: 27.93 ms, remaining time: 72.07 ms, target pause time: 100.00 ms]
 4502.664: [G1Ergonomics (CSet Construction) add young regions to CSet, eden: 1563 regions, survivors: 13 regions, predicted young region time: 20.78 ms]
 4502.665: [G1Ergonomics (CSet Construction) finish choosing CSet, eden: 1563 regions, survivors: 13 regions, old: 0 regions, predicted pause time: 48.71 ms, target pause time: 100.00 ms]
, 0.0464490 secs]
   [Parallel Time: 27.2 ms, GC Workers: 18]
      [GC Worker Start (ms): Min: 4502664.7, Avg: 4502664.9, Max: 4502665.0, Diff: 0.3]
      [Ext Root Scanning (ms): Min: 6.8, Avg: 8.2, Max: 15.9, Diff: 9.0, Sum: 146.7]
      [Update RS (ms): Min: 0.0, Avg: 1.5, Max: 3.0, Diff: 3.0, Sum: 27.0]
         [Processed Buffers: Min: 0, Avg: 7.7, Max: 26, Diff: 26, Sum: 139]
      [Scan RS (ms): Min: 0.3, Avg: 0.7, Max: 0.9, Diff: 0.6, Sum: 13.3]
      [Object Copy (ms): Min: 3.1, Avg: 10.1, Max: 15.8, Diff: 12.7, Sum: 182.1]
      [Termination (ms): Min: 0.0, Avg: 5.7, Max: 6.7, Diff: 6.7, Sum: 101.9]
      [GC Worker Other (ms): Min: 0.0, Avg: 0.2, Max: 0.7, Diff: 0.6, Sum: 3.7]
      [GC Worker Total (ms): Min: 26.1, Avg: 26.4, Max: 26.9, Diff: 0.9, Sum: 474.7]
      [GC Worker End (ms): Min: 4502691.0, Avg: 4502691.3, Max: 4502691.7, Diff: 0.7]
   [Code Root Fixup: 0.0 ms]
   [Clear CT: 1.8 ms]
   [Other: 17.5 ms]
      [Choose CSet: 0.0 ms]
      [Ref Proc: 11.9 ms]
      [Ref Enq: 0.5 ms]
      [Free CSet: 4.4 ms]
   [Eden: 1563.0M(1563.0M)->0.0B(1552.0M) Survivors: 13.0M->24.0M Heap: 1985.3M(2252.0M)->433.4M(2252.0M)]
 [Times: user=0.52 sys=0.01, real=0.05 secs] 

 Concurrent RS processed 3443622 cards
  Of 105352 completed buffers:
       105352 (100.0%) by conc RS threads.
            0 (  0.0%) by mutator threads.
  Conc RS threads times(s)
          0.00     0.00     0.00     0.00     0.00     0.00     0.00     0.00     0.00     0.00     0.00     0.00     0.00     0.00     0.00     0.00     0.00     0.00     0.00
  Total heap region rem set sizes = 6285K.  Max = 34K.
  Static structures = 369K, free_lists = 249K.
    378731 occupied cards represented.
    Max size region = 0:(O)[0x0000000763400000,0x00000007634ffff0,0x0000000763500000], size = 35K, occupied = 100K.
    Did 4519 coarsenings.
2014-08-01T10:11:28.507-0500: 4508.950: [GC pause (young) 4508.950: [G1Ergonomics (CSet Construction) start choosing CSet, _pending_cards: 5253, predicted base time: 27.33 ms, remaining time: 72.67 ms, target pause time: 100.00 ms]
 4508.950: [G1Ergonomics (CSet Construction) add young regions to CSet, eden: 1552 regions, survivors: 24 regions, predicted young region time: 16.96 ms]
 4508.950: [G1Ergonomics (CSet Construction) finish choosing CSet, eden: 1552 regions, survivors: 24 regions, old: 0 regions, predicted pause time: 44.30 ms, target pause time: 100.00 ms]
, 0.0318060 secs]
   [Parallel Time: 17.5 ms, GC Workers: 18]
      [GC Worker Start (ms): Min: 4508950.3, Avg: 4508950.5, Max: 4508950.7, Diff: 0.4]
      [Ext Root Scanning (ms): Min: 5.9, Avg: 7.3, Max: 11.5, Diff: 5.6, Sum: 132.2]
      [Update RS (ms): Min: 0.0, Avg: 1.5, Max: 2.7, Diff: 2.7, Sum: 27.9]
         [Processed Buffers: Min: 0, Avg: 7.6, Max: 22, Diff: 22, Sum: 136]
      [Scan RS (ms): Min: 0.2, Avg: 0.6, Max: 0.9, Diff: 0.7, Sum: 11.3]
      [Object Copy (ms): Min: 5.1, Avg: 7.2, Max: 7.8, Diff: 2.7, Sum: 129.8]
      [Termination (ms): Min: 0.0, Avg: 0.1, Max: 0.1, Diff: 0.1, Sum: 1.0]
      [GC Worker Other (ms): Min: 0.0, Avg: 0.2, Max: 0.5, Diff: 0.4, Sum: 4.3]
      [GC Worker Total (ms): Min: 16.8, Avg: 17.0, Max: 17.4, Diff: 0.6, Sum: 306.4]
      [GC Worker End (ms): Min: 4508967.3, Avg: 4508967.5, Max: 4508967.7, Diff: 0.4]
   [Code Root Fixup: 0.0 ms]
   [Clear CT: 2.0 ms]
   [Other: 12.3 ms]
      [Choose CSet: 0.0 ms]
      [Ref Proc: 7.0 ms]
      [Ref Enq: 0.4 ms]
      [Free CSet: 4.3 ms]
   [Eden: 1552.0M(1552.0M)->0.0B(1557.0M) Survivors: 24.0M->19.0M Heap: 1985.4M(2252.0M)->428.0M(2252.0M)]
 [Times: user=0.34 sys=0.01, real=0.03 secs] 

 Concurrent RS processed 3446052 cards
  Of 105488 completed buffers:
       105488 (100.0%) by conc RS threads.
            0 (  0.0%) by mutator threads.
  Conc RS threads times(s)
          0.00     0.00     0.00     0.00     0.00     0.00     0.00     0.00     0.00     0.00     0.00     0.00     0.00     0.00     0.00     0.00     0.00     0.00     0.00
  Total heap region rem set sizes = 6285K.  Max = 34K.
  Static structures = 369K, free_lists = 249K.
    378997 occupied cards represented.
    Max size region = 0:(O)[0x0000000763400000,0x00000007634ffff0,0x0000000763500000], size = 35K, occupied = 100K.
    Did 4519 coarsenings.
2014-08-01T10:11:34.863-0500: 4515.306: [GC pause (young) 4515.307: [G1Ergonomics (CSet Construction) start choosing CSet, _pending_cards: 5747, predicted base time: 25.72 ms, remaining time: 74.28 ms, target pause time: 100.00 ms]
 4515.307: [G1Ergonomics (CSet Construction) add young regions to CSet, eden: 1557 regions, survivors: 19 regions, predicted young region time: 18.78 ms]
 4515.307: [G1Ergonomics (CSet Construction) finish choosing CSet, eden: 1557 regions, survivors: 19 regions, old: 0 regions, predicted pause time: 44.50 ms, target pause time: 100.00 ms]
, 0.0400330 secs]
   [Parallel Time: 20.8 ms, GC Workers: 18]
      [GC Worker Start (ms): Min: 4515306.9, Avg: 4515307.1, Max: 4515307.2, Diff: 0.3]
      [Ext Root Scanning (ms): Min: 5.4, Avg: 6.9, Max: 11.3, Diff: 5.9, Sum: 123.9]
      [Update RS (ms): Min: 0.0, Avg: 1.5, Max: 3.6, Diff: 3.6, Sum: 27.4]
         [Processed Buffers: Min: 0, Avg: 7.8, Max: 22, Diff: 22, Sum: 140]
      [Scan RS (ms): Min: 0.2, Avg: 0.7, Max: 0.9, Diff: 0.7, Sum: 12.1]
      [Object Copy (ms): Min: 8.3, Avg: 10.7, Max: 11.4, Diff: 3.0, Sum: 192.5]
      [Termination (ms): Min: 0.0, Avg: 0.1, Max: 0.1, Diff: 0.1, Sum: 1.2]
      [GC Worker Other (ms): Min: 0.0, Avg: 0.2, Max: 0.4, Diff: 0.4, Sum: 3.9]
      [GC Worker Total (ms): Min: 19.8, Avg: 20.0, Max: 20.3, Diff: 0.5, Sum: 360.9]
      [GC Worker End (ms): Min: 4515326.9, Avg: 4515327.1, Max: 4515327.3, Diff: 0.4]
   [Code Root Fixup: 0.0 ms]
   [Clear CT: 1.8 ms]
   [Other: 17.4 ms]
      [Choose CSet: 0.1 ms]
      [Ref Proc: 11.8 ms]
      [Ref Enq: 0.5 ms]
      [Free CSet: 4.2 ms]
   [Eden: 1557.0M(1557.0M)->0.0B(1562.0M) Survivors: 19.0M->14.0M Heap: 1985.0M(2252.0M)->423.3M(2252.0M)]
 [Times: user=0.45 sys=0.01, real=0.04 secs] 

 Concurrent RS processed 3448433 cards
  Of 105628 completed buffers:
       105628 (100.0%) by conc RS threads.
            0 (  0.0%) by mutator threads.
  Conc RS threads times(s)
          0.00     0.00     0.00     0.00     0.00     0.00     0.00     0.00     0.00     0.00     0.00     0.00     0.00     0.00     0.00     0.00     0.00     0.00     0.00
  Total heap region rem set sizes = 6285K.  Max = 34K.
  Static structures = 369K, free_lists = 249K.
    379259 occupied cards represented.
    Max size region = 0:(O)[0x0000000763400000,0x00000007634ffff0,0x0000000763500000], size = 35K, occupied = 100K.
    Did 4519 coarsenings.
2014-08-01T10:11:41.250-0500: 4521.693: [GC pause (young) 4521.693: [G1Ergonomics (CSet Construction) start choosing CSet, _pending_cards: 5493, predicted base time: 25.53 ms, remaining time: 74.47 ms, target pause time: 100.00 ms]
 4521.693: [G1Ergonomics (CSet Construction) add young regions to CSet, eden: 1562 regions, survivors: 14 regions, predicted young region time: 26.05 ms]
 4521.693: [G1Ergonomics (CSet Construction) finish choosing CSet, eden: 1562 regions, survivors: 14 regions, old: 0 regions, predicted pause time: 51.58 ms, target pause time: 100.00 ms]
, 0.0476440 secs]
   [Parallel Time: 21.4 ms, GC Workers: 18]
      [GC Worker Start (ms): Min: 4521693.4, Avg: 4521693.6, Max: 4521693.7, Diff: 0.4]
      [Ext Root Scanning (ms): Min: 6.0, Avg: 7.2, Max: 10.2, Diff: 4.2, Sum: 129.9]
      [Update RS (ms): Min: 0.0, Avg: 1.5, Max: 3.4, Diff: 3.4, Sum: 26.3]
         [Processed Buffers: Min: 0, Avg: 7.7, Max: 20, Diff: 20, Sum: 138]
      [Scan RS (ms): Min: 0.2, Avg: 0.7, Max: 1.0, Diff: 0.8, Sum: 12.9]
      [Object Copy (ms): Min: 8.2, Avg: 9.4, Max: 10.9, Diff: 2.7, Sum: 169.6]
      [Termination (ms): Min: 0.0, Avg: 1.9, Max: 2.0, Diff: 2.0, Sum: 33.6]
      [GC Worker Other (ms): Min: 0.0, Avg: 0.2, Max: 0.3, Diff: 0.3, Sum: 2.7]
      [GC Worker Total (ms): Min: 20.6, Avg: 20.8, Max: 21.1, Diff: 0.5, Sum: 375.0]
      [GC Worker End (ms): Min: 4521714.3, Avg: 4521714.4, Max: 4521714.6, Diff: 0.3]
   [Code Root Fixup: 0.0 ms]
   [Clear CT: 1.8 ms]
   [Other: 24.4 ms]
      [Choose CSet: 0.0 ms]
      [Ref Proc: 16.1 ms]
      [Ref Enq: 2.9 ms]
      [Free CSet: 4.6 ms]
   [Eden: 1562.0M(1562.0M)->0.0B(1557.0M) Survivors: 14.0M->19.0M Heap: 1985.3M(2252.0M)->428.7M(2252.0M)]
 [Times: user=0.47 sys=0.01, real=0.05 secs] 

 Concurrent RS processed 3450879 cards
  Of 105766 completed buffers:
       105766 (100.0%) by conc RS threads.
            0 (  0.0%) by mutator threads.
  Conc RS threads times(s)
          0.00     0.00     0.00     0.00     0.00     0.00     0.00     0.00     0.00     0.00     0.00     0.00     0.00     0.00     0.00     0.00     0.00     0.00     0.00
  Total heap region rem set sizes = 6285K.  Max = 34K.
  Static structures = 369K, free_lists = 249K.
    379565 occupied cards represented.
    Max size region = 0:(O)[0x0000000763400000,0x00000007634ffff0,0x0000000763500000], size = 35K, occupied = 100K.
    Did 4519 coarsenings.
2014-08-01T10:11:47.878-0500: 4528.321: [GC pause (young) 4528.321: [G1Ergonomics (CSet Construction) start choosing CSet, _pending_cards: 5511, predicted base time: 27.93 ms, remaining time: 72.07 ms, target pause time: 100.00 ms]
 4528.321: [G1Ergonomics (CSet Construction) add young regions to CSet, eden: 1557 regions, survivors: 19 regions, predicted young region time: 20.90 ms]
 4528.321: [G1Ergonomics (CSet Construction) finish choosing CSet, eden: 1557 regions, survivors: 19 regions, old: 0 regions, predicted pause time: 48.83 ms, target pause time: 100.00 ms]
, 0.0499450 secs]
   [Parallel Time: 31.9 ms, GC Workers: 18]
      [GC Worker Start (ms): Min: 4528321.6, Avg: 4528321.8, Max: 4528322.0, Diff: 0.4]
      [Ext Root Scanning (ms): Min: 6.6, Avg: 9.0, Max: 14.6, Diff: 8.0, Sum: 161.5]
      [Update RS (ms): Min: 0.0, Avg: 2.2, Max: 12.9, Diff: 12.9, Sum: 39.0]
         [Processed Buffers: Min: 0, Avg: 7.6, Max: 19, Diff: 19, Sum: 137]
      [Scan RS (ms): Min: 0.2, Avg: 0.7, Max: 1.0, Diff: 0.8, Sum: 12.9]
      [Object Copy (ms): Min: 1.2, Avg: 9.2, Max: 20.6, Diff: 19.4, Sum: 165.0]
      [Termination (ms): Min: 0.0, Avg: 10.3, Max: 11.1, Diff: 11.1, Sum: 185.0]
      [GC Worker Other (ms): Min: 0.0, Avg: 0.2, Max: 0.4, Diff: 0.3, Sum: 3.3]
      [GC Worker Total (ms): Min: 31.2, Avg: 31.5, Max: 31.8, Diff: 0.5, Sum: 566.8]
      [GC Worker End (ms): Min: 4528353.1, Avg: 4528353.3, Max: 4528353.5, Diff: 0.4]
   [Code Root Fixup: 0.0 ms]
   [Clear CT: 2.3 ms]
   [Other: 15.7 ms]
      [Choose CSet: 0.0 ms]
      [Ref Proc: 9.8 ms]
      [Ref Enq: 0.6 ms]
      [Free CSet: 4.7 ms]
   [Eden: 1557.0M(1557.0M)->0.0B(1563.0M) Survivors: 19.0M->13.0M Heap: 1985.7M(2252.0M)->422.7M(2252.0M)]
 [Times: user=0.58 sys=0.01, real=0.05 secs] 

 Concurrent RS processed 3453376 cards
  Of 105903 completed buffers:
       105903 (100.0%) by conc RS threads.
            0 (  0.0%) by mutator threads.
  Conc RS threads times(s)
          0.00     0.00     0.00     0.00     0.00     0.00     0.00     0.00     0.00     0.00     0.00     0.00     0.00     0.00     0.00     0.00     0.00     0.00     0.00
  Total heap region rem set sizes = 6286K.  Max = 34K.
  Static structures = 369K, free_lists = 248K.
    379935 occupied cards represented.
    Max size region = 0:(O)[0x0000000763400000,0x00000007634ffff0,0x0000000763500000], size = 35K, occupied = 100K.
    Did 4519 coarsenings.
2014-08-01T10:11:54.276-0500: 4534.719: [GC pause (young) 4534.719: [G1Ergonomics (CSet Construction) start choosing CSet, _pending_cards: 5750, predicted base time: 27.51 ms, remaining time: 72.49 ms, target pause time: 100.00 ms]
 4534.719: [G1Ergonomics (CSet Construction) add young regions to CSet, eden: 1563 regions, survivors: 13 regions, predicted young region time: 12.91 ms]
 4534.719: [G1Ergonomics (CSet Construction) finish choosing CSet, eden: 1563 regions, survivors: 13 regions, old: 0 regions, predicted pause time: 40.42 ms, target pause time: 100.00 ms]
, 0.0415020 secs]
   [Parallel Time: 25.7 ms, GC Workers: 18]
      [GC Worker Start (ms): Min: 4534719.6, Avg: 4534719.8, Max: 4534719.9, Diff: 0.3]
      [Ext Root Scanning (ms): Min: 7.6, Avg: 9.3, Max: 12.0, Diff: 4.5, Sum: 167.3]
      [Update RS (ms): Min: 0.0, Avg: 2.8, Max: 14.1, Diff: 14.1, Sum: 51.1]
         [Processed Buffers: Min: 0, Avg: 7.7, Max: 18, Diff: 18, Sum: 138]
      [Scan RS (ms): Min: 0.2, Avg: 0.7, Max: 1.0, Diff: 0.8, Sum: 13.5]
      [Object Copy (ms): Min: 2.9, Avg: 11.9, Max: 13.9, Diff: 11.0, Sum: 214.8]
      [Termination (ms): Min: 0.0, Avg: 0.3, Max: 0.3, Diff: 0.3, Sum: 5.3]
      [GC Worker Other (ms): Min: 0.0, Avg: 0.2, Max: 0.4, Diff: 0.4, Sum: 3.8]
      [GC Worker Total (ms): Min: 25.0, Avg: 25.3, Max: 25.6, Diff: 0.5, Sum: 455.8]
      [GC Worker End (ms): Min: 4534744.9, Avg: 4534745.1, Max: 4534745.3, Diff: 0.3]
   [Code Root Fixup: 0.0 ms]
   [Clear CT: 2.9 ms]
   [Other: 12.9 ms]
      [Choose CSet: 0.0 ms]
      [Ref Proc: 7.5 ms]
      [Ref Enq: 0.5 ms]
      [Free CSet: 4.2 ms]
   [Eden: 1563.0M(1563.0M)->0.0B(1561.0M) Survivors: 13.0M->15.0M Heap: 1985.7M(2252.0M)->424.2M(2252.0M)]
 [Times: user=0.44 sys=0.00, real=0.05 secs] 

 Concurrent RS processed 3455908 cards
  Of 106041 completed buffers:
       106041 (100.0%) by conc RS threads.
            0 (  0.0%) by mutator threads.
  Conc RS threads times(s)
          0.00     0.00     0.00     0.00     0.00     0.00     0.00     0.00     0.00     0.00     0.00     0.00     0.00     0.00     0.00     0.00     0.00     0.00     0.00
  Total heap region rem set sizes = 6289K.  Max = 34K.
  Static structures = 369K, free_lists = 247K.
    380488 occupied cards represented.
    Max size region = 0:(O)[0x0000000763400000,0x00000007634ffff0,0x0000000763500000], size = 35K, occupied = 100K.
    Did 4519 coarsenings.
2014-08-01T10:12:00.742-0500: 4541.185: [GC pause (young) 4541.185: [G1Ergonomics (CSet Construction) start choosing CSet, _pending_cards: 5789, predicted base time: 26.97 ms, remaining time: 73.03 ms, target pause time: 100.00 ms]
 4541.185: [G1Ergonomics (CSet Construction) add young regions to CSet, eden: 1561 regions, survivors: 15 regions, predicted young region time: 33.44 ms]
 4541.185: [G1Ergonomics (CSet Construction) finish choosing CSet, eden: 1561 regions, survivors: 15 regions, old: 0 regions, predicted pause time: 60.41 ms, target pause time: 100.00 ms]
, 0.0346020 secs]
   [Parallel Time: 21.2 ms, GC Workers: 18]
      [GC Worker Start (ms): Min: 4541185.7, Avg: 4541185.8, Max: 4541186.0, Diff: 0.3]
      [Ext Root Scanning (ms): Min: 5.6, Avg: 6.8, Max: 11.2, Diff: 5.6, Sum: 121.9]
      [Update RS (ms): Min: 0.0, Avg: 1.7, Max: 3.4, Diff: 3.4, Sum: 30.0]
         [Processed Buffers: Min: 0, Avg: 7.9, Max: 28, Diff: 28, Sum: 142]
      [Scan RS (ms): Min: 0.2, Avg: 0.7, Max: 0.9, Diff: 0.8, Sum: 12.8]
      [Object Copy (ms): Min: 7.8, Avg: 10.1, Max: 10.6, Diff: 2.8, Sum: 181.4]
      [Termination (ms): Min: 0.0, Avg: 0.1, Max: 0.2, Diff: 0.2, Sum: 2.7]
      [GC Worker Other (ms): Min: 0.0, Avg: 0.2, Max: 0.4, Diff: 0.3, Sum: 3.8]
      [GC Worker Total (ms): Min: 19.3, Avg: 19.6, Max: 19.8, Diff: 0.6, Sum: 352.6]
      [GC Worker End (ms): Min: 4541205.3, Avg: 4541205.4, Max: 4541205.6, Diff: 0.3]
   [Code Root Fixup: 0.0 ms]
   [Clear CT: 1.7 ms]
   [Other: 11.6 ms]
      [Choose CSet: 0.0 ms]
      [Ref Proc: 6.0 ms]
      [Ref Enq: 0.5 ms]
      [Free CSet: 4.6 ms]
   [Eden: 1561.0M(1561.0M)->0.0B(1551.0M) Survivors: 15.0M->25.0M Heap: 1985.2M(2252.0M)->434.8M(2252.0M)]
 [Times: user=0.41 sys=0.00, real=0.03 secs] 

 Concurrent RS processed 3458321 cards
  Of 106183 completed buffers:
       106183 (100.0%) by conc RS threads.
            0 (  0.0%) by mutator threads.
  Conc RS threads times(s)
          0.00     0.00     0.00     0.00     0.00     0.00     0.00     0.00     0.00     0.00     0.00     0.00     0.00     0.00     0.00     0.00     0.00     0.00     0.00
  Total heap region rem set sizes = 6287K.  Max = 34K.
  Static structures = 369K, free_lists = 248K.
    380478 occupied cards represented.
    Max size region = 0:(O)[0x0000000763400000,0x00000007634ffff0,0x0000000763500000], size = 35K, occupied = 100K.
    Did 4519 coarsenings.
2014-08-01T10:12:07.089-0500: 4547.532: [GC pause (young) 4547.533: [G1Ergonomics (CSet Construction) start choosing CSet, _pending_cards: 5486, predicted base time: 25.10 ms, remaining time: 74.90 ms, target pause time: 100.00 ms]
 4547.533: [G1Ergonomics (CSet Construction) add young regions to CSet, eden: 1551 regions, survivors: 25 regions, predicted young region time: 25.92 ms]
 4547.533: [G1Ergonomics (CSet Construction) finish choosing CSet, eden: 1551 regions, survivors: 25 regions, old: 0 regions, predicted pause time: 51.02 ms, target pause time: 100.00 ms]
, 0.0352530 secs]
   [Parallel Time: 19.3 ms, GC Workers: 18]
      [GC Worker Start (ms): Min: 4547532.8, Avg: 4547533.0, Max: 4547533.2, Diff: 0.3]
      [Ext Root Scanning (ms): Min: 4.7, Avg: 6.8, Max: 11.6, Diff: 6.8, Sum: 122.4]
      [Update RS (ms): Min: 0.0, Avg: 1.5, Max: 3.3, Diff: 3.3, Sum: 27.5]
         [Processed Buffers: Min: 0, Avg: 8.0, Max: 25, Diff: 25, Sum: 144]
      [Scan RS (ms): Min: 0.2, Avg: 0.7, Max: 1.0, Diff: 0.8, Sum: 12.6]
      [Object Copy (ms): Min: 5.9, Avg: 8.6, Max: 9.4, Diff: 3.6, Sum: 154.4]
      [Termination (ms): Min: 0.0, Avg: 1.0, Max: 1.3, Diff: 1.2, Sum: 18.7]
      [GC Worker Other (ms): Min: 0.0, Avg: 0.2, Max: 0.4, Diff: 0.4, Sum: 3.4]
      [GC Worker Total (ms): Min: 18.6, Avg: 18.8, Max: 19.1, Diff: 0.5, Sum: 339.1]
      [GC Worker End (ms): Min: 4547551.7, Avg: 4547551.8, Max: 4547552.0, Diff: 0.4]
   [Code Root Fixup: 0.0 ms]
   [Clear CT: 2.0 ms]
   [Other: 13.9 ms]
      [Choose CSet: 0.0 ms]
      [Ref Proc: 8.5 ms]
      [Ref Enq: 0.5 ms]
      [Free CSet: 4.3 ms]
   [Eden: 1551.0M(1551.0M)->0.0B(1557.0M) Survivors: 25.0M->19.0M Heap: 1985.8M(2252.0M)->428.4M(2252.0M)]
 [Times: user=0.40 sys=0.01, real=0.04 secs] 

 Concurrent RS processed 3460709 cards
  Of 106327 completed buffers:
       106327 (100.0%) by conc RS threads.
            0 (  0.0%) by mutator threads.
  Conc RS threads times(s)
          0.00     0.00     0.00     0.00     0.00     0.00     0.00     0.00     0.00     0.00     0.00     0.00     0.00     0.00     0.00     0.00     0.00     0.00     0.00
  Total heap region rem set sizes = 6287K.  Max = 34K.
  Static structures = 369K, free_lists = 248K.
    380667 occupied cards represented.
    Max size region = 0:(O)[0x0000000763400000,0x00000007634ffff0,0x0000000763500000], size = 35K, occupied = 100K.
    Did 4519 coarsenings.
2014-08-01T10:12:13.322-0500: 4553.766: [GC pause (young) 4553.766: [G1Ergonomics (CSet Construction) start choosing CSet, _pending_cards: 5501, predicted base time: 24.05 ms, remaining time: 75.95 ms, target pause time: 100.00 ms]
 4553.766: [G1Ergonomics (CSet Construction) add young regions to CSet, eden: 1557 regions, survivors: 19 regions, predicted young region time: 13.74 ms]
 4553.766: [G1Ergonomics (CSet Construction) finish choosing CSet, eden: 1557 regions, survivors: 19 regions, old: 0 regions, predicted pause time: 37.79 ms, target pause time: 100.00 ms]
, 0.0230080 secs]
   [Parallel Time: 12.5 ms, GC Workers: 18]
      [GC Worker Start (ms): Min: 4553765.8, Avg: 4553765.9, Max: 4553766.0, Diff: 0.3]
      [Ext Root Scanning (ms): Min: 3.5, Avg: 5.2, Max: 7.1, Diff: 3.6, Sum: 92.9]
      [Update RS (ms): Min: 0.0, Avg: 1.0, Max: 2.6, Diff: 2.6, Sum: 18.7]
         [Processed Buffers: Min: 0, Avg: 7.6, Max: 32, Diff: 32, Sum: 137]
      [Scan RS (ms): Min: 0.2, Avg: 0.5, Max: 0.7, Diff: 0.5, Sum: 8.8]
      [Object Copy (ms): Min: 4.5, Avg: 5.2, Max: 5.6, Diff: 1.1, Sum: 93.0]
      [Termination (ms): Min: 0.0, Avg: 0.0, Max: 0.1, Diff: 0.1, Sum: 0.8]
      [GC Worker Other (ms): Min: 0.0, Avg: 0.2, Max: 0.3, Diff: 0.3, Sum: 3.2]
      [GC Worker Total (ms): Min: 11.9, Avg: 12.1, Max: 12.2, Diff: 0.3, Sum: 217.4]
      [GC Worker End (ms): Min: 4553777.8, Avg: 4553778.0, Max: 4553778.1, Diff: 0.3]
   [Code Root Fixup: 0.0 ms]
   [Clear CT: 1.5 ms]
   [Other: 9.0 ms]
      [Choose CSet: 0.0 ms]
      [Ref Proc: 5.2 ms]
      [Ref Enq: 0.3 ms]
      [Free CSet: 3.0 ms]
   [Eden: 1557.0M(1557.0M)->0.0B(1564.0M) Survivors: 19.0M->12.0M Heap: 1985.4M(2252.0M)->422.2M(2252.0M)]
 [Times: user=0.27 sys=0.00, real=0.02 secs] 

 Concurrent RS processed 3463176 cards
  Of 106464 completed buffers:
       106464 (100.0%) by conc RS threads.
            0 (  0.0%) by mutator threads.
  Conc RS threads times(s)
          0.00     0.00     0.00     0.00     0.00     0.00     0.00     0.00     0.00     0.00     0.00     0.00     0.00     0.00     0.00     0.00     0.00     0.00     0.00
  Total heap region rem set sizes = 6287K.  Max = 34K.
  Static structures = 369K, free_lists = 248K.
    380889 occupied cards represented.
    Max size region = 0:(O)[0x0000000763400000,0x00000007634ffff0,0x0000000763500000], size = 35K, occupied = 100K.
    Did 4519 coarsenings.
2014-08-01T10:12:19.442-0500: 4559.885: [GC pause (young) 4559.885: [G1Ergonomics (CSet Construction) start choosing CSet, _pending_cards: 5959, predicted base time: 22.16 ms, remaining time: 77.84 ms, target pause time: 100.00 ms]
 4559.885: [G1Ergonomics (CSet Construction) add young regions to CSet, eden: 1564 regions, survivors: 12 regions, predicted young region time: 22.91 ms]
 4559.885: [G1Ergonomics (CSet Construction) finish choosing CSet, eden: 1564 regions, survivors: 12 regions, old: 0 regions, predicted pause time: 45.06 ms, target pause time: 100.00 ms]
, 0.0646240 secs]
   [Parallel Time: 39.8 ms, GC Workers: 18]
      [GC Worker Start (ms): Min: 4559885.5, Avg: 4559885.7, Max: 4559885.9, Diff: 0.4]
      [Ext Root Scanning (ms): Min: 6.9, Avg: 8.9, Max: 20.4, Diff: 13.5, Sum: 160.5]
      [Update RS (ms): Min: 0.0, Avg: 1.4, Max: 2.2, Diff: 2.2, Sum: 24.8]
         [Processed Buffers: Min: 0, Avg: 7.7, Max: 24, Diff: 24, Sum: 139]
      [Scan RS (ms): Min: 0.3, Avg: 0.9, Max: 3.0, Diff: 2.7, Sum: 15.5]
      [Object Copy (ms): Min: 1.6, Avg: 9.2, Max: 15.8, Diff: 14.2, Sum: 165.0]
      [Termination (ms): Min: 0.1, Avg: 6.6, Max: 19.9, Diff: 19.9, Sum: 119.7]
      [GC Worker Other (ms): Min: 0.0, Avg: 4.9, Max: 11.2, Diff: 11.1, Sum: 88.8]
      [GC Worker Total (ms): Min: 25.9, Avg: 31.9, Max: 39.7, Diff: 13.8, Sum: 574.4]
      [GC Worker End (ms): Min: 4559911.7, Avg: 4559917.6, Max: 4559925.2, Diff: 13.6]
   [Code Root Fixup: 0.0 ms]
   [Clear CT: 1.8 ms]
   [Other: 23.0 ms]
      [Choose CSet: 0.0 ms]
      [Ref Proc: 17.1 ms]
      [Ref Enq: 0.6 ms]
      [Free CSet: 4.7 ms]
   [Eden: 1564.0M(1564.0M)->0.0B(1564.0M) Survivors: 12.0M->12.0M Heap: 1986.2M(2252.0M)->422.0M(2252.0M)]
 [Times: user=0.53 sys=0.01, real=0.06 secs] 

 Concurrent RS processed 3465494 cards
  Of 106603 completed buffers:
       106603 (100.0%) by conc RS threads.
            0 (  0.0%) by mutator threads.
  Conc RS threads times(s)
          0.00     0.00     0.00     0.00     0.00     0.00     0.00     0.00     0.00     0.00     0.00     0.00     0.00     0.00     0.00     0.00     0.00     0.00     0.00
  Total heap region rem set sizes = 6288K.  Max = 34K.
  Static structures = 369K, free_lists = 248K.
    381150 occupied cards represented.
    Max size region = 0:(O)[0x0000000763400000,0x00000007634ffff0,0x0000000763500000], size = 35K, occupied = 100K.
    Did 4519 coarsenings.
2014-08-01T10:12:25.620-0500: 4566.063: [GC pause (young) 4566.063: [G1Ergonomics (CSet Construction) start choosing CSet, _pending_cards: 5737, predicted base time: 31.84 ms, remaining time: 68.16 ms, target pause time: 100.00 ms]
 4566.063: [G1Ergonomics (CSet Construction) add young regions to CSet, eden: 1564 regions, survivors: 12 regions, predicted young region time: 12.25 ms]
 4566.063: [G1Ergonomics (CSet Construction) finish choosing CSet, eden: 1564 regions, survivors: 12 regions, old: 0 regions, predicted pause time: 44.09 ms, target pause time: 100.00 ms]
, 0.0349690 secs]
   [Parallel Time: 18.6 ms, GC Workers: 18]
      [GC Worker Start (ms): Min: 4566063.4, Avg: 4566063.6, Max: 4566063.7, Diff: 0.3]
      [Ext Root Scanning (ms): Min: 5.7, Avg: 7.0, Max: 11.7, Diff: 6.1, Sum: 125.7]
      [Update RS (ms): Min: 0.0, Avg: 1.6, Max: 3.4, Diff: 3.4, Sum: 29.6]
         [Processed Buffers: Min: 0, Avg: 7.9, Max: 29, Diff: 29, Sum: 142]
      [Scan RS (ms): Min: 0.2, Avg: 0.6, Max: 0.9, Diff: 0.7, Sum: 11.7]
      [Object Copy (ms): Min: 5.4, Avg: 8.2, Max: 8.7, Diff: 3.3, Sum: 147.8]
      [Termination (ms): Min: 0.0, Avg: 0.0, Max: 0.0, Diff: 0.0, Sum: 0.4]
      [GC Worker Other (ms): Min: 0.0, Avg: 0.5, Max: 0.8, Diff: 0.8, Sum: 8.2]
      [GC Worker Total (ms): Min: 17.5, Avg: 18.0, Max: 18.4, Diff: 1.0, Sum: 323.3]
      [GC Worker End (ms): Min: 4566081.1, Avg: 4566081.5, Max: 4566081.9, Diff: 0.8]
   [Code Root Fixup: 0.0 ms]
   [Clear CT: 2.0 ms]
   [Other: 14.3 ms]
      [Choose CSet: 0.0 ms]
      [Ref Proc: 8.4 ms]
      [Ref Enq: 0.5 ms]
      [Free CSet: 4.8 ms]
   [Eden: 1564.0M(1564.0M)->0.0B(1552.0M) Survivors: 12.0M->24.0M Heap: 1986.0M(2252.0M)->434.0M(2252.0M)]
 [Times: user=0.38 sys=0.01, real=0.04 secs] 

 Concurrent RS processed 3467877 cards
  Of 106745 completed buffers:
       106745 (100.0%) by conc RS threads.
            0 (  0.0%) by mutator threads.
  Conc RS threads times(s)
          0.00     0.00     0.00     0.00     0.00     0.00     0.00     0.00     0.00     0.00     0.00     0.00     0.00     0.00     0.00     0.00     0.00     0.00     0.00
  Total heap region rem set sizes = 6288K.  Max = 34K.
  Static structures = 369K, free_lists = 248K.
    381398 occupied cards represented.
    Max size region = 0:(O)[0x0000000763400000,0x00000007634ffff0,0x0000000763500000], size = 35K, occupied = 100K.
    Did 4519 coarsenings.
2014-08-01T10:12:31.703-0500: 4572.147: [GC pause (young) 4572.147: [G1Ergonomics (CSet Construction) start choosing CSet, _pending_cards: 5515, predicted base time: 29.39 ms, remaining time: 70.61 ms, target pause time: 100.00 ms]
 4572.147: [G1Ergonomics (CSet Construction) add young regions to CSet, eden: 1552 regions, survivors: 24 regions, predicted young region time: 16.15 ms]
 4572.147: [G1Ergonomics (CSet Construction) finish choosing CSet, eden: 1552 regions, survivors: 24 regions, old: 0 regions, predicted pause time: 45.54 ms, target pause time: 100.00 ms]
, 0.0436890 secs]
   [Parallel Time: 20.9 ms, GC Workers: 18]
      [GC Worker Start (ms): Min: 4572147.0, Avg: 4572147.2, Max: 4572147.4, Diff: 0.4]
      [Ext Root Scanning (ms): Min: 6.5, Avg: 7.3, Max: 9.1, Diff: 2.5, Sum: 131.5]
      [Update RS (ms): Min: 0.0, Avg: 1.7, Max: 2.4, Diff: 2.4, Sum: 29.8]
         [Processed Buffers: Min: 0, Avg: 8.1, Max: 37, Diff: 37, Sum: 146]
      [Scan RS (ms): Min: 0.2, Avg: 0.8, Max: 1.3, Diff: 1.0, Sum: 14.5]
      [Object Copy (ms): Min: 7.0, Avg: 8.1, Max: 9.8, Diff: 2.8, Sum: 146.5]
      [Termination (ms): Min: 0.0, Avg: 1.6, Max: 2.5, Diff: 2.5, Sum: 28.3]
      [GC Worker Other (ms): Min: 0.0, Avg: 0.2, Max: 0.4, Diff: 0.3, Sum: 2.9]
      [GC Worker Total (ms): Min: 19.3, Avg: 19.6, Max: 20.4, Diff: 1.1, Sum: 353.4]
      [GC Worker End (ms): Min: 4572166.7, Avg: 4572166.8, Max: 4572167.6, Diff: 0.9]
   [Code Root Fixup: 0.0 ms]
   [Clear CT: 1.9 ms]
   [Other: 20.9 ms]
      [Choose CSet: 0.0 ms]
      [Ref Proc: 15.2 ms]
      [Ref Enq: 0.4 ms]
      [Free CSet: 4.7 ms]
   [Eden: 1552.0M(1552.0M)->0.0B(1558.0M) Survivors: 24.0M->18.0M Heap: 1986.0M(2252.0M)->427.9M(2252.0M)]
 [Times: user=0.49 sys=0.00, real=0.04 secs] 

 Concurrent RS processed 3470257 cards
  Of 106891 completed buffers:
       106891 (100.0%) by conc RS threads.
            0 (  0.0%) by mutator threads.
  Conc RS threads times(s)
          0.00     0.00     0.00     0.00     0.00     0.00     0.00     0.00     0.00     0.00     0.00     0.00     0.00     0.00     0.00     0.00     0.00     0.00     0.00
  Total heap region rem set sizes = 6289K.  Max = 34K.
  Static structures = 369K, free_lists = 247K.
    381674 occupied cards represented.
    Max size region = 0:(O)[0x0000000763400000,0x00000007634ffff0,0x0000000763500000], size = 35K, occupied = 100K.
    Did 4519 coarsenings.
2014-08-01T10:12:38.071-0500: 4578.514: [GC pause (young) 4578.514: [G1Ergonomics (CSet Construction) start choosing CSet, _pending_cards: 5765, predicted base time: 29.79 ms, remaining time: 70.21 ms, target pause time: 100.00 ms]
 4578.514: [G1Ergonomics (CSet Construction) add young regions to CSet, eden: 1558 regions, survivors: 18 regions, predicted young region time: 20.46 ms]
 4578.514: [G1Ergonomics (CSet Construction) finish choosing CSet, eden: 1558 regions, survivors: 18 regions, old: 0 regions, predicted pause time: 50.26 ms, target pause time: 100.00 ms]
, 0.0326610 secs]
   [Parallel Time: 18.8 ms, GC Workers: 18]
      [GC Worker Start (ms): Min: 4578514.7, Avg: 4578514.9, Max: 4578515.1, Diff: 0.4]
      [Ext Root Scanning (ms): Min: 4.7, Avg: 6.8, Max: 11.7, Diff: 7.0, Sum: 122.7]
      [Update RS (ms): Min: 0.0, Avg: 1.6, Max: 3.6, Diff: 3.6, Sum: 28.3]
         [Processed Buffers: Min: 0, Avg: 7.9, Max: 21, Diff: 21, Sum: 143]
      [Scan RS (ms): Min: 0.2, Avg: 0.7, Max: 0.9, Diff: 0.7, Sum: 12.8]
      [Object Copy (ms): Min: 5.0, Avg: 7.6, Max: 8.8, Diff: 3.8, Sum: 136.9]
      [Termination (ms): Min: 0.0, Avg: 1.3, Max: 1.4, Diff: 1.3, Sum: 22.7]
      [GC Worker Other (ms): Min: 0.0, Avg: 0.2, Max: 0.4, Diff: 0.4, Sum: 3.7]
      [GC Worker Total (ms): Min: 17.9, Avg: 18.2, Max: 18.5, Diff: 0.7, Sum: 327.2]
      [GC Worker End (ms): Min: 4578532.8, Avg: 4578533.0, Max: 4578533.2, Diff: 0.4]
   [Code Root Fixup: 0.0 ms]
   [Clear CT: 1.7 ms]
   [Other: 12.2 ms]
      [Choose CSet: 0.0 ms]
      [Ref Proc: 5.9 ms]
      [Ref Enq: 0.5 ms]
      [Free CSet: 5.2 ms]
   [Eden: 1558.0M(1558.0M)->0.0B(1563.0M) Survivors: 18.0M->13.0M Heap: 1985.9M(2252.0M)->422.9M(2252.0M)]
 [Times: user=0.38 sys=0.00, real=0.03 secs] 

 Concurrent RS processed 3472678 cards
  Of 107034 completed buffers:
       107034 (100.0%) by conc RS threads.
            0 (  0.0%) by mutator threads.
  Conc RS threads times(s)
          0.00     0.00     0.00     0.00     0.00     0.00     0.00     0.00     0.00     0.00     0.00     0.00     0.00     0.00     0.00     0.00     0.00     0.00     0.00
  Total heap region rem set sizes = 6294K.  Max = 34K.
  Static structures = 369K, free_lists = 246K.
    382069 occupied cards represented.
    Max size region = 0:(O)[0x0000000763400000,0x00000007634ffff0,0x0000000763500000], size = 35K, occupied = 100K.
    Did 4519 coarsenings.
2014-08-01T10:12:44.033-0500: 4584.477: [GC pause (young) 4584.477: [G1Ergonomics (CSet Construction) start choosing CSet, _pending_cards: 71450, predicted base time: 46.73 ms, remaining time: 53.27 ms, target pause time: 100.00 ms]
 4584.477: [G1Ergonomics (CSet Construction) add young regions to CSet, eden: 1563 regions, survivors: 13 regions, predicted young region time: 79.52 ms]
 4584.477: [G1Ergonomics (CSet Construction) finish choosing CSet, eden: 1563 regions, survivors: 13 regions, old: 0 regions, predicted pause time: 126.25 ms, target pause time: 100.00 ms]
, 0.0525110 secs]
   [Parallel Time: 34.4 ms, GC Workers: 18]
      [GC Worker Start (ms): Min: 4584477.0, Avg: 4584477.1, Max: 4584477.3, Diff: 0.3]
      [Ext Root Scanning (ms): Min: 6.3, Avg: 7.7, Max: 12.1, Diff: 5.9, Sum: 139.1]
      [Update RS (ms): Min: 12.4, Avg: 15.8, Max: 17.6, Diff: 5.2, Sum: 284.6]
         [Processed Buffers: Min: 5, Avg: 23.1, Max: 43, Diff: 38, Sum: 416]
      [Scan RS (ms): Min: 0.2, Avg: 1.4, Max: 2.3, Diff: 2.1, Sum: 24.7]
      [Object Copy (ms): Min: 7.5, Avg: 8.6, Max: 8.9, Diff: 1.3, Sum: 153.9]
      [Termination (ms): Min: 0.0, Avg: 0.1, Max: 0.1, Diff: 0.1, Sum: 1.6]
      [GC Worker Other (ms): Min: 0.1, Avg: 0.3, Max: 0.5, Diff: 0.4, Sum: 4.7]
      [GC Worker Total (ms): Min: 33.6, Avg: 33.8, Max: 34.1, Diff: 0.5, Sum: 608.6]
      [GC Worker End (ms): Min: 4584510.7, Avg: 4584510.9, Max: 4584511.1, Diff: 0.4]
   [Code Root Fixup: 0.0 ms]
   [Clear CT: 1.7 ms]
   [Other: 16.4 ms]
      [Choose CSet: 0.0 ms]
      [Ref Proc: 10.5 ms]
      [Ref Enq: 0.6 ms]
      [Free CSet: 4.7 ms]
   [Eden: 1563.0M(1563.0M)->0.0B(1563.0M) Survivors: 13.0M->13.0M Heap: 2076.3M(2252.0M)->513.1M(2252.0M)]
 [Times: user=0.62 sys=0.00, real=0.06 secs] 

 Concurrent RS processed 3586982 cards
  Of 107919 completed buffers:
       107919 (100.0%) by conc RS threads.
            0 (  0.0%) by mutator threads.
  Conc RS threads times(s)
          0.00     0.00     0.00     0.00     0.00     0.00     0.00     0.00     0.00     0.00     0.00     0.00     0.00     0.00     0.00     0.00     0.00     0.00     0.00
  Total heap region rem set sizes = 6087K.  Max = 34K.
  Static structures = 369K, free_lists = 246K.
    382405 occupied cards represented.
    Max size region = 0:(O)[0x0000000763400000,0x00000007634ffff0,0x0000000763500000], size = 35K, occupied = 100K.
    Did 4519 coarsenings.
2014-08-01T10:12:50.307-0500: 4590.750: [GC pause (young) 4590.751: [G1Ergonomics (CSet Construction) start choosing CSet, _pending_cards: 5476, predicted base time: 26.31 ms, remaining time: 73.69 ms, target pause time: 100.00 ms]
 4590.751: [G1Ergonomics (CSet Construction) add young regions to CSet, eden: 1563 regions, survivors: 13 regions, predicted young region time: 12.14 ms]
 4590.751: [G1Ergonomics (CSet Construction) finish choosing CSet, eden: 1563 regions, survivors: 13 regions, old: 0 regions, predicted pause time: 38.45 ms, target pause time: 100.00 ms]
, 0.0384510 secs]
   [Parallel Time: 23.6 ms, GC Workers: 18]
      [GC Worker Start (ms): Min: 4590750.8, Avg: 4590751.0, Max: 4590751.1, Diff: 0.3]
      [Ext Root Scanning (ms): Min: 7.5, Avg: 10.1, Max: 19.4, Diff: 11.9, Sum: 182.0]
      [Update RS (ms): Min: 0.0, Avg: 2.1, Max: 12.9, Diff: 12.9, Sum: 36.9]
         [Processed Buffers: Min: 0, Avg: 7.5, Max: 17, Diff: 17, Sum: 135]
      [Scan RS (ms): Min: 0.2, Avg: 0.7, Max: 0.9, Diff: 0.7, Sum: 12.5]
      [Object Copy (ms): Min: 1.4, Avg: 8.2, Max: 10.0, Diff: 8.7, Sum: 148.3]
      [Termination (ms): Min: 0.0, Avg: 1.4, Max: 2.0, Diff: 2.0, Sum: 25.6]
      [GC Worker Other (ms): Min: 0.0, Avg: 0.2, Max: 0.9, Diff: 0.8, Sum: 3.6]
      [GC Worker Total (ms): Min: 22.5, Avg: 22.7, Max: 23.3, Diff: 0.8, Sum: 408.8]
      [GC Worker End (ms): Min: 4590773.5, Avg: 4590773.7, Max: 4590774.3, Diff: 0.8]
   [Code Root Fixup: 0.0 ms]
   [Clear CT: 1.7 ms]
   [Other: 13.1 ms]
      [Choose CSet: 0.0 ms]
      [Ref Proc: 7.0 ms]
      [Ref Enq: 0.5 ms]
      [Free CSet: 4.9 ms]
   [Eden: 1563.0M(1563.0M)->0.0B(1561.0M) Survivors: 13.0M->15.0M Heap: 2076.1M(2252.0M)->516.0M(2252.0M)]
 [Times: user=0.40 sys=0.01, real=0.03 secs] 

 Concurrent RS processed 3589458 cards
  Of 108054 completed buffers:
       108054 (100.0%) by conc RS threads.
            0 (  0.0%) by mutator threads.
  Conc RS threads times(s)
          0.00     0.00     0.00     0.00     0.00     0.00     0.00     0.00     0.00     0.00     0.00     0.00     0.00     0.00     0.00     0.00     0.00     0.00     0.00
  Total heap region rem set sizes = 6091K.  Max = 34K.
  Static structures = 369K, free_lists = 245K.
    382883 occupied cards represented.
    Max size region = 0:(O)[0x0000000763400000,0x00000007634ffff0,0x0000000763500000], size = 35K, occupied = 100K.
    Did 4519 coarsenings.
2014-08-01T10:12:56.433-0500: 4596.876: [GC pause (young) 4596.877: [G1Ergonomics (CSet Construction) start choosing CSet, _pending_cards: 5738, predicted base time: 25.86 ms, remaining time: 74.14 ms, target pause time: 100.00 ms]
 4596.877: [G1Ergonomics (CSet Construction) add young regions to CSet, eden: 1561 regions, survivors: 15 regions, predicted young region time: 24.86 ms]
 4596.877: [G1Ergonomics (CSet Construction) finish choosing CSet, eden: 1561 regions, survivors: 15 regions, old: 0 regions, predicted pause time: 50.72 ms, target pause time: 100.00 ms]
, 0.0323190 secs]
   [Parallel Time: 17.9 ms, GC Workers: 18]
      [GC Worker Start (ms): Min: 4596876.8, Avg: 4596877.1, Max: 4596877.7, Diff: 0.8]
      [Ext Root Scanning (ms): Min: 5.8, Avg: 6.9, Max: 10.7, Diff: 5.0, Sum: 124.7]
      [Update RS (ms): Min: 0.0, Avg: 1.6, Max: 2.7, Diff: 2.7, Sum: 28.5]
         [Processed Buffers: Min: 0, Avg: 7.8, Max: 26, Diff: 26, Sum: 140]
      [Scan RS (ms): Min: 0.2, Avg: 1.1, Max: 3.5, Diff: 3.3, Sum: 20.6]
      [Object Copy (ms): Min: 5.0, Avg: 7.5, Max: 8.3, Diff: 3.3, Sum: 134.2]
      [Termination (ms): Min: 0.0, Avg: 0.0, Max: 0.0, Diff: 0.0, Sum: 0.3]
      [GC Worker Other (ms): Min: 0.0, Avg: 0.2, Max: 0.4, Diff: 0.3, Sum: 3.8]
      [GC Worker Total (ms): Min: 16.8, Avg: 17.3, Max: 17.7, Diff: 0.9, Sum: 312.1]
      [GC Worker End (ms): Min: 4596894.3, Avg: 4596894.4, Max: 4596894.6, Diff: 0.3]
   [Code Root Fixup: 0.0 ms]
   [Clear CT: 1.7 ms]
   [Other: 12.7 ms]
      [Choose CSet: 0.0 ms]
      [Ref Proc: 6.9 ms]
      [Ref Enq: 0.4 ms]
      [Free CSet: 4.7 ms]
   [Eden: 1561.0M(1561.0M)->0.0B(1562.0M) Survivors: 15.0M->14.0M Heap: 2077.0M(2252.0M)->514.8M(2252.0M)]
 [Times: user=0.35 sys=0.01, real=0.03 secs] 

 Concurrent RS processed 3591822 cards
  Of 108194 completed buffers:
       108194 (100.0%) by conc RS threads.
            0 (  0.0%) by mutator threads.
  Conc RS threads times(s)
          0.00     0.00     0.00     0.00     0.00     0.00     0.00     0.00     0.00     0.00     0.00     0.00     0.00     0.00     0.00     0.00     0.00     0.00     0.00
  Total heap region rem set sizes = 6089K.  Max = 34K.
  Static structures = 369K, free_lists = 246K.
    382998 occupied cards represented.
    Max size region = 0:(O)[0x0000000763400000,0x00000007634ffff0,0x0000000763500000], size = 35K, occupied = 100K.
    Did 4519 coarsenings.
2014-08-01T10:13:02.588-0500: 4603.031: [GC pause (young) 4603.031: [G1Ergonomics (CSet Construction) start choosing CSet, _pending_cards: 5489, predicted base time: 24.18 ms, remaining time: 75.82 ms, target pause time: 100.00 ms]
 4603.031: [G1Ergonomics (CSet Construction) add young regions to CSet, eden: 1562 regions, survivors: 14 regions, predicted young region time: 26.31 ms]
 4603.031: [G1Ergonomics (CSet Construction) finish choosing CSet, eden: 1562 regions, survivors: 14 regions, old: 0 regions, predicted pause time: 50.49 ms, target pause time: 100.00 ms]
, 0.0383410 secs]
   [Parallel Time: 24.3 ms, GC Workers: 18]
      [GC Worker Start (ms): Min: 4603031.4, Avg: 4603031.6, Max: 4603031.8, Diff: 0.3]
      [Ext Root Scanning (ms): Min: 4.6, Avg: 6.7, Max: 11.9, Diff: 7.2, Sum: 120.1]
      [Update RS (ms): Min: 0.0, Avg: 1.6, Max: 3.5, Diff: 3.5, Sum: 29.0]
         [Processed Buffers: Min: 0, Avg: 7.9, Max: 31, Diff: 31, Sum: 143]
      [Scan RS (ms): Min: 0.2, Avg: 0.7, Max: 0.9, Diff: 0.7, Sum: 12.6]
      [Object Copy (ms): Min: 9.6, Avg: 12.8, Max: 14.4, Diff: 4.7, Sum: 231.2]
      [Termination (ms): Min: 0.2, Avg: 1.7, Max: 1.9, Diff: 1.7, Sum: 30.4]
      [GC Worker Other (ms): Min: 0.0, Avg: 0.2, Max: 0.3, Diff: 0.3, Sum: 2.7]
      [GC Worker Total (ms): Min: 23.4, Avg: 23.7, Max: 23.9, Diff: 0.5, Sum: 426.1]
      [GC Worker End (ms): Min: 4603055.1, Avg: 4603055.3, Max: 4603055.4, Diff: 0.3]
   [Code Root Fixup: 0.0 ms]
   [Clear CT: 1.8 ms]
   [Other: 12.2 ms]
      [Choose CSet: 0.0 ms]
      [Ref Proc: 6.6 ms]
      [Ref Enq: 0.6 ms]
      [Free CSet: 4.4 ms]
   [Eden: 1562.0M(1562.0M)->0.0B(1554.0M) Survivors: 14.0M->22.0M Heap: 2076.8M(2252.0M)->522.5M(2252.0M)]
 [Times: user=0.47 sys=0.01, real=0.03 secs] 

 Concurrent RS processed 3594283 cards
  Of 108337 completed buffers:
       108337 (100.0%) by conc RS threads.
            0 (  0.0%) by mutator threads.
  Conc RS threads times(s)
          0.00     0.00     0.00     0.00     0.00     0.00     0.00     0.00     0.00     0.00     0.00     0.00     0.00     0.00     0.00     0.00     0.00     0.00     0.00
  Total heap region rem set sizes = 6089K.  Max = 34K.
  Static structures = 369K, free_lists = 245K.
    383323 occupied cards represented.
    Max size region = 0:(O)[0x0000000763400000,0x00000007634ffff0,0x0000000763500000], size = 35K, occupied = 100K.
    Did 4519 coarsenings.
2014-08-01T10:13:08.603-0500: 4609.046: [GC pause (young) 4609.046: [G1Ergonomics (CSet Construction) start choosing CSet, _pending_cards: 5467, predicted base time: 22.92 ms, remaining time: 77.08 ms, target pause time: 100.00 ms]
 4609.047: [G1Ergonomics (CSet Construction) add young regions to CSet, eden: 1554 regions, survivors: 22 regions, predicted young region time: 17.33 ms]
 4609.047: [G1Ergonomics (CSet Construction) finish choosing CSet, eden: 1554 regions, survivors: 22 regions, old: 0 regions, predicted pause time: 40.25 ms, target pause time: 100.00 ms]
, 0.0362090 secs]
   [Parallel Time: 20.1 ms, GC Workers: 18]
      [GC Worker Start (ms): Min: 4609046.7, Avg: 4609046.9, Max: 4609047.0, Diff: 0.3]
      [Ext Root Scanning (ms): Min: 5.3, Avg: 6.6, Max: 11.1, Diff: 5.9, Sum: 118.3]
      [Update RS (ms): Min: 0.0, Avg: 1.4, Max: 2.8, Diff: 2.8, Sum: 25.2]
         [Processed Buffers: Min: 0, Avg: 7.7, Max: 25, Diff: 25, Sum: 138]
      [Scan RS (ms): Min: 0.3, Avg: 0.7, Max: 0.9, Diff: 0.6, Sum: 13.3]
      [Object Copy (ms): Min: 4.2, Avg: 7.4, Max: 10.9, Diff: 6.7, Sum: 133.3]
      [Termination (ms): Min: 0.0, Avg: 3.4, Max: 3.8, Diff: 3.7, Sum: 61.5]
      [GC Worker Other (ms): Min: 0.0, Avg: 0.2, Max: 0.3, Diff: 0.3, Sum: 2.7]
      [GC Worker Total (ms): Min: 19.4, Avg: 19.7, Max: 19.9, Diff: 0.5, Sum: 354.3]
      [GC Worker End (ms): Min: 4609066.4, Avg: 4609066.6, Max: 4609066.7, Diff: 0.3]
   [Code Root Fixup: 0.0 ms]
   [Clear CT: 1.9 ms]
   [Other: 14.3 ms]
      [Choose CSet: 0.0 ms]
      [Ref Proc: 8.5 ms]
      [Ref Enq: 0.4 ms]
      [Free CSet: 4.7 ms]
   [Eden: 1554.0M(1554.0M)->0.0B(1560.0M) Survivors: 22.0M->16.0M Heap: 2076.5M(2252.0M)->517.0M(2252.0M)]
 [Times: user=0.39 sys=0.01, real=0.04 secs] 

 Concurrent RS processed 3596637 cards
  Of 108475 completed buffers:
       108475 (100.0%) by conc RS threads.
            0 (  0.0%) by mutator threads.
  Conc RS threads times(s)
          0.00     0.00     0.00     0.00     0.00     0.00     0.00     0.00     0.00     0.00     0.00     0.00     0.00     0.00     0.00     0.00     0.00     0.00     0.00
  Total heap region rem set sizes = 6090K.  Max = 34K.
  Static structures = 369K, free_lists = 245K.
    383628 occupied cards represented.
    Max size region = 0:(O)[0x0000000763400000,0x00000007634ffff0,0x0000000763500000], size = 35K, occupied = 100K.
    Did 4519 coarsenings.
2014-08-01T10:13:15.221-0500: 4615.664: [GC pause (young) 4615.664: [G1Ergonomics (CSet Construction) start choosing CSet, _pending_cards: 5733, predicted base time: 22.35 ms, remaining time: 77.65 ms, target pause time: 100.00 ms]
 4615.664: [G1Ergonomics (CSet Construction) add young regions to CSet, eden: 1560 regions, survivors: 16 regions, predicted young region time: 16.05 ms]
 4615.664: [G1Ergonomics (CSet Construction) finish choosing CSet, eden: 1560 regions, survivors: 16 regions, old: 0 regions, predicted pause time: 38.41 ms, target pause time: 100.00 ms]
, 0.0313600 secs]
   [Parallel Time: 20.8 ms, GC Workers: 18]
      [GC Worker Start (ms): Min: 4615664.4, Avg: 4615664.5, Max: 4615664.6, Diff: 0.3]
      [Ext Root Scanning (ms): Min: 3.7, Avg: 5.1, Max: 8.0, Diff: 4.4, Sum: 92.7]
      [Update RS (ms): Min: 0.0, Avg: 1.1, Max: 4.6, Diff: 4.6, Sum: 19.8]
         [Processed Buffers: Min: 0, Avg: 7.9, Max: 42, Diff: 42, Sum: 142]
      [Scan RS (ms): Min: 0.2, Avg: 0.4, Max: 0.7, Diff: 0.5, Sum: 7.5]
      [Object Copy (ms): Min: 4.7, Avg: 7.2, Max: 13.3, Diff: 8.6, Sum: 130.5]
      [Termination (ms): Min: 0.0, Avg: 5.9, Max: 6.7, Diff: 6.7, Sum: 107.1]
      [GC Worker Other (ms): Min: 0.0, Avg: 0.1, Max: 0.3, Diff: 0.3, Sum: 2.6]
      [GC Worker Total (ms): Min: 19.7, Avg: 20.0, Max: 20.6, Diff: 0.9, Sum: 360.1]
      [GC Worker End (ms): Min: 4615684.3, Avg: 4615684.5, Max: 4615685.1, Diff: 0.8]
   [Code Root Fixup: 0.0 ms]
   [Clear CT: 1.6 ms]
   [Other: 8.9 ms]
      [Choose CSet: 0.0 ms]
      [Ref Proc: 5.3 ms]
      [Ref Enq: 0.3 ms]
      [Free CSet: 2.7 ms]
   [Eden: 1560.0M(1560.0M)->0.0B(1565.0M) Survivors: 16.0M->11.0M Heap: 2077.0M(2252.0M)->511.8M(2252.0M)]
 [Times: user=0.38 sys=0.00, real=0.03 secs] 

 Concurrent RS processed 3599160 cards
  Of 108617 completed buffers:
       108617 (100.0%) by conc RS threads.
            0 (  0.0%) by mutator threads.
  Conc RS threads times(s)
          0.00     0.00     0.00     0.00     0.00     0.00     0.00     0.00     0.00     0.00     0.00     0.00     0.00     0.00     0.00     0.00     0.00     0.00     0.00
  Total heap region rem set sizes = 6091K.  Max = 34K.
  Static structures = 369K, free_lists = 245K.
    383917 occupied cards represented.
    Max size region = 0:(O)[0x0000000763400000,0x00000007634ffff0,0x0000000763500000], size = 35K, occupied = 101K.
    Did 4519 coarsenings.
2014-08-01T10:13:21.734-0500: 4622.178: [GC pause (young) 4622.178: [G1Ergonomics (CSet Construction) start choosing CSet, _pending_cards: 5720, predicted base time: 20.72 ms, remaining time: 79.28 ms, target pause time: 100.00 ms]
 4622.178: [G1Ergonomics (CSet Construction) add young regions to CSet, eden: 1565 regions, survivors: 11 regions, predicted young region time: 12.83 ms]
 4622.178: [G1Ergonomics (CSet Construction) finish choosing CSet, eden: 1565 regions, survivors: 11 regions, old: 0 regions, predicted pause time: 33.54 ms, target pause time: 100.00 ms]
, 0.0342920 secs]
   [Parallel Time: 21.3 ms, GC Workers: 18]
      [GC Worker Start (ms): Min: 4622177.9, Avg: 4622178.1, Max: 4622178.3, Diff: 0.4]
      [Ext Root Scanning (ms): Min: 6.5, Avg: 8.2, Max: 12.2, Diff: 5.7, Sum: 146.9]
      [Update RS (ms): Min: 0.0, Avg: 1.6, Max: 3.2, Diff: 3.2, Sum: 29.0]
         [Processed Buffers: Min: 0, Avg: 8.0, Max: 25, Diff: 25, Sum: 144]
      [Scan RS (ms): Min: 0.2, Avg: 0.8, Max: 2.2, Diff: 2.0, Sum: 14.2]
      [Object Copy (ms): Min: 8.1, Avg: 9.8, Max: 11.0, Diff: 3.0, Sum: 177.0]
      [Termination (ms): Min: 0.0, Avg: 0.1, Max: 0.2, Diff: 0.2, Sum: 2.0]
      [GC Worker Other (ms): Min: 0.0, Avg: 0.2, Max: 0.4, Diff: 0.4, Sum: 3.8]
      [GC Worker Total (ms): Min: 20.4, Avg: 20.7, Max: 21.0, Diff: 0.6, Sum: 372.9]
      [GC Worker End (ms): Min: 4622198.6, Avg: 4622198.8, Max: 4622199.0, Diff: 0.4]
   [Code Root Fixup: 0.0 ms]
   [Clear CT: 1.8 ms]
   [Other: 11.2 ms]
      [Choose CSet: 0.0 ms]
      [Ref Proc: 5.2 ms]
      [Ref Enq: 0.4 ms]
      [Free CSet: 4.9 ms]
   [Eden: 1565.0M(1565.0M)->0.0B(1560.0M) Survivors: 11.0M->16.0M Heap: 2076.8M(2252.0M)->516.7M(2252.0M)]
 [Times: user=0.39 sys=0.01, real=0.03 secs] 

 Concurrent RS processed 3601584 cards
  Of 108761 completed buffers:
       108761 (100.0%) by conc RS threads.
            0 (  0.0%) by mutator threads.
  Conc RS threads times(s)
          0.00     0.00     0.00     0.00     0.00     0.00     0.00     0.00     0.00     0.00     0.00     0.00     0.00     0.00     0.00     0.00     0.00     0.00     0.00
  Total heap region rem set sizes = 6092K.  Max = 34K.
  Static structures = 369K, free_lists = 245K.
    384199 occupied cards represented.
    Max size region = 0:(O)[0x0000000763400000,0x00000007634ffff0,0x0000000763500000], size = 35K, occupied = 101K.
    Did 4519 coarsenings.
2014-08-01T10:13:28.025-0500: 4628.468: [GC pause (young) 4628.469: [G1Ergonomics (CSet Construction) start choosing CSet, _pending_cards: 5768, predicted base time: 20.33 ms, remaining time: 79.67 ms, target pause time: 100.00 ms]
 4628.469: [G1Ergonomics (CSet Construction) add young regions to CSet, eden: 1560 regions, survivors: 16 regions, predicted young region time: 11.06 ms]
 4628.469: [G1Ergonomics (CSet Construction) finish choosing CSet, eden: 1560 regions, survivors: 16 regions, old: 0 regions, predicted pause time: 31.39 ms, target pause time: 100.00 ms]
, 0.0343590 secs]
   [Parallel Time: 20.6 ms, GC Workers: 18]
      [GC Worker Start (ms): Min: 4628468.8, Avg: 4628469.0, Max: 4628469.1, Diff: 0.3]
      [Ext Root Scanning (ms): Min: 5.5, Avg: 6.6, Max: 11.2, Diff: 5.7, Sum: 118.2]
      [Update RS (ms): Min: 0.0, Avg: 1.6, Max: 2.6, Diff: 2.6, Sum: 28.5]
         [Processed Buffers: Min: 0, Avg: 8.0, Max: 28, Diff: 28, Sum: 144]
      [Scan RS (ms): Min: 0.2, Avg: 0.7, Max: 0.9, Diff: 0.7, Sum: 12.9]
      [Object Copy (ms): Min: 8.3, Avg: 10.8, Max: 11.5, Diff: 3.2, Sum: 194.6]
      [Termination (ms): Min: 0.0, Avg: 0.2, Max: 0.3, Diff: 0.3, Sum: 4.2]
      [GC Worker Other (ms): Min: 0.0, Avg: 0.2, Max: 0.4, Diff: 0.4, Sum: 4.0]
      [GC Worker Total (ms): Min: 19.8, Avg: 20.1, Max: 20.4, Diff: 0.6, Sum: 362.4]
      [GC Worker End (ms): Min: 4628488.9, Avg: 4628489.1, Max: 4628489.3, Diff: 0.4]
   [Code Root Fixup: 0.0 ms]
   [Clear CT: 1.8 ms]
   [Other: 11.9 ms]
      [Choose CSet: 0.0 ms]
      [Ref Proc: 6.1 ms]
      [Ref Enq: 0.5 ms]
      [Free CSet: 4.7 ms]
   [Eden: 1560.0M(1560.0M)->0.0B(1562.0M) Survivors: 16.0M->14.0M Heap: 2076.7M(2252.0M)->515.1M(2252.0M)]
 [Times: user=0.41 sys=0.00, real=0.03 secs] 

 Concurrent RS processed 3603948 cards
  Of 108905 completed buffers:
       108905 (100.0%) by conc RS threads.
            0 (  0.0%) by mutator threads.
  Conc RS threads times(s)
          0.00     0.00     0.00     0.00     0.00     0.00     0.00     0.00     0.00     0.00     0.00     0.00     0.00     0.00     0.00     0.00     0.00     0.00     0.00
  Total heap region rem set sizes = 6093K.  Max = 34K.
  Static structures = 369K, free_lists = 244K.
    384457 occupied cards represented.
    Max size region = 0:(O)[0x0000000763400000,0x00000007634ffff0,0x0000000763500000], size = 35K, occupied = 101K.
    Did 4519 coarsenings.
2014-08-01T10:13:34.451-0500: 4634.895: [GC pause (young) 4634.895: [G1Ergonomics (CSet Construction) start choosing CSet, _pending_cards: 5773, predicted base time: 19.79 ms, remaining time: 80.21 ms, target pause time: 100.00 ms]
 4634.895: [G1Ergonomics (CSet Construction) add young regions to CSet, eden: 1562 regions, survivors: 14 regions, predicted young region time: 15.73 ms]
 4634.895: [G1Ergonomics (CSet Construction) finish choosing CSet, eden: 1562 regions, survivors: 14 regions, old: 0 regions, predicted pause time: 35.51 ms, target pause time: 100.00 ms]
, 0.0381010 secs]
   [Parallel Time: 23.7 ms, GC Workers: 18]
      [GC Worker Start (ms): Min: 4634894.9, Avg: 4634895.1, Max: 4634895.2, Diff: 0.3]
      [Ext Root Scanning (ms): Min: 5.7, Avg: 6.8, Max: 11.1, Diff: 5.4, Sum: 122.3]
      [Update RS (ms): Min: 0.0, Avg: 1.8, Max: 4.5, Diff: 4.5, Sum: 33.0]
         [Processed Buffers: Min: 0, Avg: 8.0, Max: 23, Diff: 23, Sum: 144]
      [Scan RS (ms): Min: 0.2, Avg: 0.6, Max: 1.0, Diff: 0.8, Sum: 11.5]
      [Object Copy (ms): Min: 8.5, Avg: 10.2, Max: 10.8, Diff: 2.4, Sum: 183.3]
      [Termination (ms): Min: 3.2, Avg: 3.6, Max: 3.7, Diff: 0.5, Sum: 65.0]
      [GC Worker Other (ms): Min: 0.0, Avg: 0.2, Max: 0.4, Diff: 0.3, Sum: 3.5]
      [GC Worker Total (ms): Min: 23.0, Avg: 23.3, Max: 23.5, Diff: 0.5, Sum: 418.6]
      [GC Worker End (ms): Min: 4634918.2, Avg: 4634918.3, Max: 4634918.5, Diff: 0.4]
   [Code Root Fixup: 0.0 ms]
   [Clear CT: 2.1 ms]
   [Other: 12.3 ms]
      [Choose CSet: 0.0 ms]
      [Ref Proc: 6.4 ms]
      [Ref Enq: 0.4 ms]
      [Free CSet: 4.8 ms]
   [Eden: 1562.0M(1562.0M)->0.0B(1561.0M) Survivors: 14.0M->15.0M Heap: 2077.1M(2252.0M)->516.3M(2252.0M)]
 [Times: user=0.46 sys=0.00, real=0.04 secs] 

 Concurrent RS processed 3606399 cards
  Of 109049 completed buffers:
       109049 (100.0%) by conc RS threads.
            0 (  0.0%) by mutator threads.
  Conc RS threads times(s)
          0.00     0.00     0.00     0.00     0.00     0.00     0.00     0.00     0.00     0.00     0.00     0.00     0.00     0.00     0.00     0.00     0.00     0.00     0.00
  Total heap region rem set sizes = 6093K.  Max = 34K.
  Static structures = 369K, free_lists = 244K.
    384750 occupied cards represented.
    Max size region = 0:(O)[0x0000000763400000,0x00000007634ffff0,0x0000000763500000], size = 35K, occupied = 101K.
    Did 4519 coarsenings.
2014-08-01T10:13:40.676-0500: 4641.119: [GC pause (young) 4641.119: [G1Ergonomics (CSet Construction) start choosing CSet, _pending_cards: 5733, predicted base time: 19.63 ms, remaining time: 80.37 ms, target pause time: 100.00 ms]
 4641.119: [G1Ergonomics (CSet Construction) add young regions to CSet, eden: 1561 regions, survivors: 15 regions, predicted young region time: 13.55 ms]
 4641.119: [G1Ergonomics (CSet Construction) finish choosing CSet, eden: 1561 regions, survivors: 15 regions, old: 0 regions, predicted pause time: 33.18 ms, target pause time: 100.00 ms]
, 0.0405440 secs]
   [Parallel Time: 24.0 ms, GC Workers: 18]
      [GC Worker Start (ms): Min: 4641119.5, Avg: 4641119.7, Max: 4641119.8, Diff: 0.3]
      [Ext Root Scanning (ms): Min: 5.3, Avg: 6.8, Max: 11.1, Diff: 5.8, Sum: 121.6]
      [Update RS (ms): Min: 0.0, Avg: 1.5, Max: 3.1, Diff: 3.1, Sum: 26.8]
         [Processed Buffers: Min: 0, Avg: 7.9, Max: 24, Diff: 24, Sum: 142]
      [Scan RS (ms): Min: 0.2, Avg: 0.8, Max: 0.9, Diff: 0.7, Sum: 13.6]
      [Object Copy (ms): Min: 4.9, Avg: 7.8, Max: 14.1, Diff: 9.2, Sum: 139.7]
      [Termination (ms): Min: 0.1, Avg: 6.0, Max: 6.4, Diff: 6.4, Sum: 107.9]
      [GC Worker Other (ms): Min: 0.0, Avg: 0.2, Max: 0.9, Diff: 0.9, Sum: 4.4]
      [GC Worker Total (ms): Min: 22.6, Avg: 23.0, Max: 23.7, Diff: 1.1, Sum: 413.9]
      [GC Worker End (ms): Min: 4641142.4, Avg: 4641142.6, Max: 4641143.3, Diff: 0.9]
   [Code Root Fixup: 0.0 ms]
   [Clear CT: 1.7 ms]
   [Other: 14.8 ms]
      [Choose CSet: 0.0 ms]
      [Ref Proc: 8.8 ms]
      [Ref Enq: 1.1 ms]
      [Free CSet: 4.3 ms]
   [Eden: 1561.0M(1561.0M)->0.0B(1557.0M) Survivors: 15.0M->19.0M Heap: 2077.3M(2252.0M)->520.0M(2252.0M)]
 [Times: user=0.45 sys=0.01, real=0.04 secs] 

 Concurrent RS processed 3608720 cards
  Of 109191 completed buffers:
       109191 (100.0%) by conc RS threads.
            0 (  0.0%) by mutator threads.
  Conc RS threads times(s)
          0.00     0.00     0.00     0.00     0.00     0.00     0.00     0.00     0.00     0.00     0.00     0.00     0.00     0.00     0.00     0.00     0.00     0.00     0.00
  Total heap region rem set sizes = 6093K.  Max = 34K.
  Static structures = 369K, free_lists = 244K.
    385024 occupied cards represented.
    Max size region = 0:(O)[0x0000000763400000,0x00000007634ffff0,0x0000000763500000], size = 35K, occupied = 101K.
    Did 4519 coarsenings.
2014-08-01T10:13:47.145-0500: 4647.588: [GC pause (young) 4647.588: [G1Ergonomics (CSet Construction) start choosing CSet, _pending_cards: 5705, predicted base time: 20.55 ms, remaining time: 79.45 ms, target pause time: 100.00 ms]
 4647.588: [G1Ergonomics (CSet Construction) add young regions to CSet, eden: 1557 regions, survivors: 19 regions, predicted young region time: 15.69 ms]
 4647.588: [G1Ergonomics (CSet Construction) finish choosing CSet, eden: 1557 regions, survivors: 19 regions, old: 0 regions, predicted pause time: 36.24 ms, target pause time: 100.00 ms]
, 0.0314050 secs]
   [Parallel Time: 15.0 ms, GC Workers: 18]
      [GC Worker Start (ms): Min: 4647588.2, Avg: 4647588.4, Max: 4647588.6, Diff: 0.3]
      [Ext Root Scanning (ms): Min: 5.3, Avg: 6.7, Max: 11.3, Diff: 6.0, Sum: 120.6]
      [Update RS (ms): Min: 0.0, Avg: 1.4, Max: 2.7, Diff: 2.7, Sum: 25.7]
         [Processed Buffers: Min: 0, Avg: 7.7, Max: 21, Diff: 21, Sum: 139]
      [Scan RS (ms): Min: 0.2, Avg: 0.7, Max: 0.9, Diff: 0.7, Sum: 12.6]
      [Object Copy (ms): Min: 2.9, Avg: 5.6, Max: 6.3, Diff: 3.4, Sum: 100.3]
      [Termination (ms): Min: 0.0, Avg: 0.0, Max: 0.0, Diff: 0.0, Sum: 0.1]
      [GC Worker Other (ms): Min: 0.1, Avg: 0.2, Max: 0.4, Diff: 0.4, Sum: 4.1]
      [GC Worker Total (ms): Min: 14.3, Avg: 14.6, Max: 15.0, Diff: 0.7, Sum: 263.5]
      [GC Worker End (ms): Min: 4647602.8, Avg: 4647603.0, Max: 4647603.2, Diff: 0.4]
   [Code Root Fixup: 0.0 ms]
   [Clear CT: 2.1 ms]
   [Other: 14.3 ms]
      [Choose CSet: 0.0 ms]
      [Ref Proc: 8.3 ms]
      [Ref Enq: 0.6 ms]
      [Free CSet: 4.7 ms]
   [Eden: 1557.0M(1557.0M)->0.0B(1562.0M) Survivors: 19.0M->14.0M Heap: 2077.0M(2252.0M)->515.1M(2252.0M)]
 [Times: user=0.33 sys=0.00, real=0.03 secs] 

 Concurrent RS processed 3611038 cards
  Of 109330 completed buffers:
       109330 (100.0%) by conc RS threads.
            0 (  0.0%) by mutator threads.
  Conc RS threads times(s)
          0.00     0.00     0.00     0.00     0.00     0.00     0.00     0.00     0.00     0.00     0.00     0.00     0.00     0.00     0.00     0.00     0.00     0.00     0.00
  Total heap region rem set sizes = 6093K.  Max = 34K.
  Static structures = 369K, free_lists = 244K.
    385335 occupied cards represented.
    Max size region = 0:(O)[0x0000000763400000,0x00000007634ffff0,0x0000000763500000], size = 35K, occupied = 101K.
    Did 4519 coarsenings.
2014-08-01T10:13:53.353-0500: 4653.796: [GC pause (young) 4653.797: [G1Ergonomics (CSet Construction) start choosing CSet, _pending_cards: 5740, predicted base time: 20.67 ms, remaining time: 79.33 ms, target pause time: 100.00 ms]
 4653.797: [G1Ergonomics (CSet Construction) add young regions to CSet, eden: 1562 regions, survivors: 14 regions, predicted young region time: 12.40 ms]
 4653.797: [G1Ergonomics (CSet Construction) finish choosing CSet, eden: 1562 regions, survivors: 14 regions, old: 0 regions, predicted pause time: 33.06 ms, target pause time: 100.00 ms]
, 0.0398780 secs]
   [Parallel Time: 21.3 ms, GC Workers: 18]
      [GC Worker Start (ms): Min: 4653796.8, Avg: 4653797.0, Max: 4653797.1, Diff: 0.3]
      [Ext Root Scanning (ms): Min: 5.1, Avg: 7.0, Max: 19.1, Diff: 14.0, Sum: 126.6]
      [Update RS (ms): Min: 0.0, Avg: 1.4, Max: 3.0, Diff: 3.0, Sum: 24.9]
         [Processed Buffers: Min: 0, Avg: 7.7, Max: 23, Diff: 23, Sum: 138]
      [Scan RS (ms): Min: 0.2, Avg: 0.9, Max: 3.3, Diff: 3.1, Sum: 15.7]
      [Object Copy (ms): Min: 0.2, Avg: 10.0, Max: 12.1, Diff: 11.9, Sum: 179.3]
      [Termination (ms): Min: 0.0, Avg: 1.2, Max: 1.7, Diff: 1.7, Sum: 22.3]
      [GC Worker Other (ms): Min: 0.0, Avg: 0.2, Max: 0.4, Diff: 0.3, Sum: 2.7]
      [GC Worker Total (ms): Min: 20.3, Avg: 20.6, Max: 21.0, Diff: 0.6, Sum: 371.4]
      [GC Worker End (ms): Min: 4653817.5, Avg: 4653817.6, Max: 4653817.8, Diff: 0.3]
   [Code Root Fixup: 0.0 ms]
   [Clear CT: 1.8 ms]
   [Other: 16.8 ms]
      [Choose CSet: 0.0 ms]
      [Ref Proc: 11.3 ms]
      [Ref Enq: 0.5 ms]
      [Free CSet: 4.4 ms]
   [Eden: 1562.0M(1562.0M)->0.0B(1561.0M) Survivors: 14.0M->15.0M Heap: 2077.1M(2252.0M)->515.9M(2252.0M)]
 [Times: user=0.42 sys=0.01, real=0.04 secs] 

 Concurrent RS processed 3613407 cards
  Of 109468 completed buffers:
       109468 (100.0%) by conc RS threads.
            0 (  0.0%) by mutator threads.
  Conc RS threads times(s)
          0.00     0.00     0.00     0.00     0.00     0.00     0.00     0.00     0.00     0.00     0.00     0.00     0.00     0.00     0.00     0.00     0.00     0.00     0.00
  Total heap region rem set sizes = 6093K.  Max = 34K.
  Static structures = 369K, free_lists = 244K.
    385572 occupied cards represented.
    Max size region = 0:(O)[0x0000000763400000,0x00000007634ffff0,0x0000000763500000], size = 35K, occupied = 101K.
    Did 4519 coarsenings.
2014-08-01T10:13:59.579-0500: 4660.023: [GC pause (young) 4660.023: [G1Ergonomics (CSet Construction) start choosing CSet, _pending_cards: 5215, predicted base time: 21.74 ms, remaining time: 78.26 ms, target pause time: 100.00 ms]
 4660.023: [G1Ergonomics (CSet Construction) add young regions to CSet, eden: 1561 regions, survivors: 15 regions, predicted young region time: 10.18 ms]
 4660.023: [G1Ergonomics (CSet Construction) finish choosing CSet, eden: 1561 regions, survivors: 15 regions, old: 0 regions, predicted pause time: 31.92 ms, target pause time: 100.00 ms]
, 0.0397570 secs]
   [Parallel Time: 24.4 ms, GC Workers: 18]
      [GC Worker Start (ms): Min: 4660022.9, Avg: 4660023.1, Max: 4660023.3, Diff: 0.4]
      [Ext Root Scanning (ms): Min: 6.9, Avg: 8.8, Max: 10.2, Diff: 3.3, Sum: 158.6]
      [Update RS (ms): Min: 0.0, Avg: 1.6, Max: 3.5, Diff: 3.5, Sum: 29.6]
         [Processed Buffers: Min: 0, Avg: 7.4, Max: 23, Diff: 23, Sum: 134]
      [Scan RS (ms): Min: 0.2, Avg: 0.8, Max: 2.2, Diff: 2.0, Sum: 14.8]
      [Object Copy (ms): Min: 9.5, Avg: 11.4, Max: 12.5, Diff: 3.0, Sum: 206.0]
      [Termination (ms): Min: 0.0, Avg: 0.2, Max: 0.4, Diff: 0.4, Sum: 3.2]
      [GC Worker Other (ms): Min: 0.0, Avg: 0.3, Max: 1.0, Diff: 1.0, Sum: 4.9]
      [GC Worker Total (ms): Min: 22.8, Avg: 23.2, Max: 24.1, Diff: 1.3, Sum: 417.1]
      [GC Worker End (ms): Min: 4660046.0, Avg: 4660046.2, Max: 4660047.0, Diff: 1.0]
   [Code Root Fixup: 0.0 ms]
   [Clear CT: 1.7 ms]
   [Other: 13.7 ms]
      [Choose CSet: 0.0 ms]
      [Ref Proc: 7.1 ms]
      [Ref Enq: 0.5 ms]
      [Free CSet: 5.5 ms]
   [Eden: 1561.0M(1561.0M)->0.0B(1552.0M) Survivors: 15.0M->24.0M Heap: 2076.9M(2252.0M)->525.5M(2252.0M)]
 [Times: user=0.43 sys=0.01, real=0.04 secs] 

 Concurrent RS processed 3615846 cards
  Of 109602 completed buffers:
       109602 (100.0%) by conc RS threads.
            0 (  0.0%) by mutator threads.
  Conc RS threads times(s)
          0.00     0.00     0.00     0.00     0.00     0.00     0.00     0.00     0.00     0.00     0.00     0.00     0.00     0.00     0.00     0.00     0.00     0.00     0.00
  Total heap region rem set sizes = 6094K.  Max = 34K.
  Static structures = 369K, free_lists = 244K.
    385805 occupied cards represented.
    Max size region = 0:(O)[0x0000000763400000,0x00000007634ffff0,0x0000000763500000], size = 35K, occupied = 101K.
    Did 4519 coarsenings.
2014-08-01T10:14:05.949-0500: 4666.392: [GC pause (young) 4666.392: [G1Ergonomics (CSet Construction) start choosing CSet, _pending_cards: 5503, predicted base time: 21.99 ms, remaining time: 78.01 ms, target pause time: 100.00 ms]
 4666.392: [G1Ergonomics (CSet Construction) add young regions to CSet, eden: 1552 regions, survivors: 24 regions, predicted young region time: 15.39 ms]
 4666.392: [G1Ergonomics (CSet Construction) finish choosing CSet, eden: 1552 regions, survivors: 24 regions, old: 0 regions, predicted pause time: 37.38 ms, target pause time: 100.00 ms]
, 0.0383340 secs]
   [Parallel Time: 24.7 ms, GC Workers: 18]
      [GC Worker Start (ms): Min: 4666392.4, Avg: 4666392.6, Max: 4666392.7, Diff: 0.4]
      [Ext Root Scanning (ms): Min: 5.0, Avg: 6.7, Max: 11.3, Diff: 6.3, Sum: 120.8]
      [Update RS (ms): Min: 0.0, Avg: 1.5, Max: 2.9, Diff: 2.9, Sum: 26.7]
         [Processed Buffers: Min: 0, Avg: 8.1, Max: 33, Diff: 33, Sum: 146]
      [Scan RS (ms): Min: 0.2, Avg: 0.6, Max: 0.9, Diff: 0.7, Sum: 11.2]
      [Object Copy (ms): Min: 10.8, Avg: 13.7, Max: 15.6, Diff: 4.8, Sum: 246.5]
      [Termination (ms): Min: 0.0, Avg: 1.6, Max: 1.8, Diff: 1.7, Sum: 28.7]
      [GC Worker Other (ms): Min: 0.0, Avg: 0.2, Max: 0.3, Diff: 0.3, Sum: 3.2]
      [GC Worker Total (ms): Min: 24.0, Avg: 24.3, Max: 24.5, Diff: 0.5, Sum: 437.0]
      [GC Worker End (ms): Min: 4666416.7, Avg: 4666416.8, Max: 4666417.0, Diff: 0.3]
   [Code Root Fixup: 0.0 ms]
   [Clear CT: 2.0 ms]
   [Other: 11.6 ms]
      [Choose CSet: 0.0 ms]
      [Ref Proc: 6.1 ms]
      [Ref Enq: 0.4 ms]
      [Free CSet: 4.5 ms]
   [Eden: 1552.0M(1552.0M)->0.0B(1558.0M) Survivors: 24.0M->18.0M Heap: 2077.5M(2252.0M)->519.6M(2252.0M)]
 [Times: user=0.47 sys=0.01, real=0.04 secs] 

 Concurrent RS processed 3618273 cards
  Of 109748 completed buffers:
       109748 (100.0%) by conc RS threads.
            0 (  0.0%) by mutator threads.
  Conc RS threads times(s)
          0.00     0.00     0.00     0.00     0.00     0.00     0.00     0.00     0.00     0.00     0.00     0.00     0.00     0.00     0.00     0.00     0.00     0.00     0.00
  Total heap region rem set sizes = 6098K.  Max = 34K.
  Static structures = 369K, free_lists = 243K.
    386261 occupied cards represented.
    Max size region = 0:(O)[0x0000000763400000,0x00000007634ffff0,0x0000000763500000], size = 35K, occupied = 101K.
    Did 4519 coarsenings.
2014-08-01T10:14:12.447-0500: 4672.890: [GC pause (young) 4672.890: [G1Ergonomics (CSet Construction) start choosing CSet, _pending_cards: 5479, predicted base time: 21.08 ms, remaining time: 78.92 ms, target pause time: 100.00 ms]
 4672.890: [G1Ergonomics (CSet Construction) add young regions to CSet, eden: 1558 regions, survivors: 18 regions, predicted young region time: 30.38 ms]
 4672.890: [G1Ergonomics (CSet Construction) finish choosing CSet, eden: 1558 regions, survivors: 18 regions, old: 0 regions, predicted pause time: 51.46 ms, target pause time: 100.00 ms]
, 0.0260650 secs]
   [Parallel Time: 12.8 ms, GC Workers: 18]
      [GC Worker Start (ms): Min: 4672890.3, Avg: 4672890.5, Max: 4672890.6, Diff: 0.3]
      [Ext Root Scanning (ms): Min: 3.7, Avg: 4.4, Max: 6.5, Diff: 2.8, Sum: 79.2]
      [Update RS (ms): Min: 0.0, Avg: 0.9, Max: 1.7, Diff: 1.7, Sum: 15.4]
         [Processed Buffers: Min: 0, Avg: 7.7, Max: 29, Diff: 29, Sum: 138]
      [Scan RS (ms): Min: 0.1, Avg: 0.4, Max: 0.6, Diff: 0.5, Sum: 7.4]
      [Object Copy (ms): Min: 5.4, Avg: 6.4, Max: 6.8, Diff: 1.4, Sum: 115.7]
      [Termination (ms): Min: 0.0, Avg: 0.1, Max: 0.1, Diff: 0.1, Sum: 2.1]
      [GC Worker Other (ms): Min: 0.0, Avg: 0.2, Max: 0.3, Diff: 0.3, Sum: 3.0]
      [GC Worker Total (ms): Min: 12.1, Avg: 12.4, Max: 12.6, Diff: 0.5, Sum: 222.6]
      [GC Worker End (ms): Min: 4672902.7, Avg: 4672902.8, Max: 4672903.0, Diff: 0.3]
   [Code Root Fixup: 0.0 ms]
   [Clear CT: 1.8 ms]
   [Other: 11.4 ms]
      [Choose CSet: 0.0 ms]
      [Ref Proc: 7.7 ms]
      [Ref Enq: 0.5 ms]
      [Free CSet: 2.8 ms]
   [Eden: 1558.0M(1558.0M)->0.0B(1563.0M) Survivors: 18.0M->13.0M Heap: 2077.6M(2252.0M)->514.4M(2252.0M)]
 [Times: user=0.30 sys=0.00, real=0.03 secs] 

 Concurrent RS processed 3620617 cards
  Of 109886 completed buffers:
       109886 (100.0%) by conc RS threads.
            0 (  0.0%) by mutator threads.
  Conc RS threads times(s)
          0.00     0.00     0.00     0.00     0.00     0.00     0.00     0.00     0.00     0.00     0.00     0.00     0.00     0.00     0.00     0.00     0.00     0.00     0.00
  Total heap region rem set sizes = 6099K.  Max = 34K.
  Static structures = 369K, free_lists = 242K.
    386628 occupied cards represented.
    Max size region = 0:(O)[0x0000000763400000,0x00000007634ffff0,0x0000000763500000], size = 35K, occupied = 101K.
    Did 4519 coarsenings.
2014-08-01T10:14:18.939-0500: 4679.382: [GC pause (young) 4679.382: [G1Ergonomics (CSet Construction) start choosing CSet, _pending_cards: 5722, predicted base time: 20.11 ms, remaining time: 79.89 ms, target pause time: 100.00 ms]
 4679.382: [G1Ergonomics (CSet Construction) add young regions to CSet, eden: 1563 regions, survivors: 13 regions, predicted young region time: 18.16 ms]
 4679.382: [G1Ergonomics (CSet Construction) finish choosing CSet, eden: 1563 regions, survivors: 13 regions, old: 0 regions, predicted pause time: 38.27 ms, target pause time: 100.00 ms]
, 0.0333970 secs]
   [Parallel Time: 18.0 ms, GC Workers: 18]
      [GC Worker Start (ms): Min: 4679382.2, Avg: 4679382.4, Max: 4679382.6, Diff: 0.4]
      [Ext Root Scanning (ms): Min: 4.8, Avg: 5.9, Max: 10.7, Diff: 5.9, Sum: 106.3]
      [Update RS (ms): Min: 0.0, Avg: 1.3, Max: 2.6, Diff: 2.6, Sum: 23.6]
         [Processed Buffers: Min: 0, Avg: 7.7, Max: 28, Diff: 28, Sum: 139]
      [Scan RS (ms): Min: 0.2, Avg: 0.6, Max: 1.0, Diff: 0.9, Sum: 11.0]
      [Object Copy (ms): Min: 6.0, Avg: 9.1, Max: 9.9, Diff: 3.8, Sum: 164.0]
      [Termination (ms): Min: 0.0, Avg: 0.4, Max: 0.4, Diff: 0.4, Sum: 6.4]
      [GC Worker Other (ms): Min: 0.0, Avg: 0.2, Max: 0.4, Diff: 0.4, Sum: 3.4]
      [GC Worker Total (ms): Min: 17.2, Avg: 17.5, Max: 17.7, Diff: 0.5, Sum: 314.7]
      [GC Worker End (ms): Min: 4679399.7, Avg: 4679399.9, Max: 4679400.1, Diff: 0.4]
   [Code Root Fixup: 0.0 ms]
   [Clear CT: 2.0 ms]
   [Other: 13.4 ms]
      [Choose CSet: 0.0 ms]
      [Ref Proc: 5.6 ms]
      [Ref Enq: 1.0 ms]
      [Free CSet: 6.2 ms]
   [Eden: 1563.0M(1563.0M)->0.0B(1561.0M) Survivors: 13.0M->15.0M Heap: 2077.4M(2252.0M)->516.8M(2252.0M)]
 [Times: user=0.34 sys=0.01, real=0.04 secs] 

 Concurrent RS processed 3623065 cards
  Of 110025 completed buffers:
       110025 (100.0%) by conc RS threads.
            0 (  0.0%) by mutator threads.
  Conc RS threads times(s)
          0.00     0.00     0.00     0.00     0.00     0.00     0.00     0.00     0.00     0.00     0.00     0.00     0.00     0.00     0.00     0.00     0.00     0.00     0.00
  Total heap region rem set sizes = 6099K.  Max = 34K.
  Static structures = 369K, free_lists = 242K.
    387036 occupied cards represented.
    Max size region = 0:(O)[0x0000000763400000,0x00000007634ffff0,0x0000000763500000], size = 35K, occupied = 101K.
    Did 4519 coarsenings.
2014-08-01T10:14:25.454-0500: 4685.898: [GC pause (young) 4685.898: [G1Ergonomics (CSet Construction) start choosing CSet, _pending_cards: 5765, predicted base time: 19.43 ms, remaining time: 80.57 ms, target pause time: 100.00 ms]
 4685.898: [G1Ergonomics (CSet Construction) add young regions to CSet, eden: 1561 regions, survivors: 15 regions, predicted young region time: 12.19 ms]
 4685.898: [G1Ergonomics (CSet Construction) finish choosing CSet, eden: 1561 regions, survivors: 15 regions, old: 0 regions, predicted pause time: 31.62 ms, target pause time: 100.00 ms]
, 0.0433700 secs]
   [Parallel Time: 25.5 ms, GC Workers: 18]
      [GC Worker Start (ms): Min: 4685897.9, Avg: 4685898.1, Max: 4685898.2, Diff: 0.3]
      [Ext Root Scanning (ms): Min: 4.6, Avg: 6.4, Max: 11.3, Diff: 6.6, Sum: 115.6]
      [Update RS (ms): Min: 0.0, Avg: 1.7, Max: 4.6, Diff: 4.6, Sum: 30.9]
         [Processed Buffers: Min: 0, Avg: 8.0, Max: 32, Diff: 32, Sum: 144]
      [Scan RS (ms): Min: 0.2, Avg: 0.7, Max: 1.0, Diff: 0.8, Sum: 12.6]
      [Object Copy (ms): Min: 11.4, Avg: 13.7, Max: 15.7, Diff: 4.3, Sum: 245.9]
      [Termination (ms): Min: 0.0, Avg: 2.3, Max: 2.5, Diff: 2.5, Sum: 40.9]
      [GC Worker Other (ms): Min: 0.0, Avg: 0.2, Max: 0.5, Diff: 0.4, Sum: 4.3]
      [GC Worker Total (ms): Min: 24.7, Avg: 25.0, Max: 25.3, Diff: 0.6, Sum: 450.2]
      [GC Worker End (ms): Min: 4685922.9, Avg: 4685923.1, Max: 4685923.3, Diff: 0.4]
   [Code Root Fixup: 0.0 ms]
   [Clear CT: 1.9 ms]
   [Other: 15.9 ms]
      [Choose CSet: 0.0 ms]
      [Ref Proc: 10.2 ms]
      [Ref Enq: 0.4 ms]
      [Free CSet: 4.7 ms]
   [Eden: 1561.0M(1561.0M)->0.0B(1553.0M) Survivors: 15.0M->23.0M Heap: 2077.8M(2252.0M)->524.8M(2252.0M)]
 [Times: user=0.53 sys=0.01, real=0.04 secs] 

 Concurrent RS processed 3625458 cards
  Of 110169 completed buffers:
       110169 (100.0%) by conc RS threads.
            0 (  0.0%) by mutator threads.
  Conc RS threads times(s)
          0.00     0.00     0.00     0.00     0.00     0.00     0.00     0.00     0.00     0.00     0.00     0.00     0.00     0.00     0.00     0.00     0.00     0.00     0.00
  Total heap region rem set sizes = 6100K.  Max = 34K.
  Static structures = 369K, free_lists = 242K.
    387272 occupied cards represented.
    Max size region = 0:(O)[0x0000000763400000,0x00000007634ffff0,0x0000000763500000], size = 35K, occupied = 101K.
    Did 4519 coarsenings.
2014-08-01T10:14:31.692-0500: 4692.136: [GC pause (young) 4692.136: [G1Ergonomics (CSet Construction) start choosing CSet, _pending_cards: 5752, predicted base time: 20.54 ms, remaining time: 79.46 ms, target pause time: 100.00 ms]
 4692.136: [G1Ergonomics (CSet Construction) add young regions to CSet, eden: 1553 regions, survivors: 23 regions, predicted young region time: 24.47 ms]
 4692.136: [G1Ergonomics (CSet Construction) finish choosing CSet, eden: 1553 regions, survivors: 23 regions, old: 0 regions, predicted pause time: 45.01 ms, target pause time: 100.00 ms]
, 0.0409040 secs]
   [Parallel Time: 23.0 ms, GC Workers: 18]
      [GC Worker Start (ms): Min: 4692136.1, Avg: 4692136.3, Max: 4692136.4, Diff: 0.4]
      [Ext Root Scanning (ms): Min: 8.2, Avg: 10.1, Max: 11.7, Diff: 3.5, Sum: 181.0]
      [Update RS (ms): Min: 0.0, Avg: 2.2, Max: 10.8, Diff: 10.8, Sum: 39.4]
         [Processed Buffers: Min: 0, Avg: 8.1, Max: 26, Diff: 26, Sum: 145]
      [Scan RS (ms): Min: 0.2, Avg: 0.7, Max: 0.9, Diff: 0.7, Sum: 12.3]
      [Object Copy (ms): Min: 1.8, Avg: 8.4, Max: 10.4, Diff: 8.6, Sum: 151.0]
      [Termination (ms): Min: 0.0, Avg: 1.0, Max: 2.5, Diff: 2.5, Sum: 17.4]
      [GC Worker Other (ms): Min: 0.0, Avg: 0.2, Max: 0.3, Diff: 0.3, Sum: 2.8]
      [GC Worker Total (ms): Min: 22.2, Avg: 22.4, Max: 22.7, Diff: 0.5, Sum: 403.9]
      [GC Worker End (ms): Min: 4692158.6, Avg: 4692158.7, Max: 4692158.9, Diff: 0.3]
   [Code Root Fixup: 0.0 ms]
   [Clear CT: 1.9 ms]
   [Other: 16.0 ms]
      [Choose CSet: 0.0 ms]
      [Ref Proc: 10.0 ms]
      [Ref Enq: 0.5 ms]
      [Free CSet: 4.7 ms]
   [Eden: 1553.0M(1553.0M)->0.0B(1558.0M) Survivors: 23.0M->18.0M Heap: 2077.8M(2252.0M)->519.9M(2252.0M)]
 [Times: user=0.40 sys=0.01, real=0.04 secs] 

 Concurrent RS processed 3627928 cards
  Of 110314 completed buffers:
       110314 (100.0%) by conc RS threads.
            0 (  0.0%) by mutator threads.
  Conc RS threads times(s)
          0.00     0.00     0.00     0.00     0.00     0.00     0.00     0.00     0.00     0.00     0.00     0.00     0.00     0.00     0.00     0.00     0.00     0.00     0.00
  Total heap region rem set sizes = 6103K.  Max = 34K.
  Static structures = 369K, free_lists = 241K.
    387815 occupied cards represented.
    Max size region = 0:(O)[0x0000000763400000,0x00000007634ffff0,0x0000000763500000], size = 35K, occupied = 101K.
    Did 4519 coarsenings.
2014-08-01T10:14:37.820-0500: 4698.264: [GC pause (young) 4698.264: [G1Ergonomics (CSet Construction) start choosing CSet, _pending_cards: 5509, predicted base time: 22.86 ms, remaining time: 77.14 ms, target pause time: 100.00 ms]
 4698.264: [G1Ergonomics (CSet Construction) add young regions to CSet, eden: 1558 regions, survivors: 18 regions, predicted young region time: 16.47 ms]
 4698.264: [G1Ergonomics (CSet Construction) finish choosing CSet, eden: 1558 regions, survivors: 18 regions, old: 0 regions, predicted pause time: 39.34 ms, target pause time: 100.00 ms]
, 0.0345330 secs]
   [Parallel Time: 18.5 ms, GC Workers: 18]
      [GC Worker Start (ms): Min: 4698264.2, Avg: 4698264.4, Max: 4698264.6, Diff: 0.5]
      [Ext Root Scanning (ms): Min: 5.5, Avg: 6.8, Max: 11.9, Diff: 6.3, Sum: 122.4]
      [Update RS (ms): Min: 0.0, Avg: 1.6, Max: 3.2, Diff: 3.2, Sum: 29.2]
         [Processed Buffers: Min: 0, Avg: 8.0, Max: 24, Diff: 24, Sum: 144]
      [Scan RS (ms): Min: 0.2, Avg: 0.7, Max: 1.0, Diff: 0.8, Sum: 12.5]
      [Object Copy (ms): Min: 4.9, Avg: 7.8, Max: 8.4, Diff: 3.4, Sum: 141.0]
      [Termination (ms): Min: 0.2, Avg: 0.3, Max: 1.2, Diff: 1.0, Sum: 5.7]
      [GC Worker Other (ms): Min: 0.0, Avg: 0.3, Max: 0.9, Diff: 0.8, Sum: 6.0]
      [GC Worker Total (ms): Min: 17.0, Avg: 17.6, Max: 18.2, Diff: 1.2, Sum: 316.8]
      [GC Worker End (ms): Min: 4698281.6, Avg: 4698282.0, Max: 4698282.6, Diff: 0.9]
   [Code Root Fixup: 0.0 ms]
   [Clear CT: 1.7 ms]
   [Other: 14.3 ms]
      [Choose CSet: 0.0 ms]
      [Ref Proc: 8.0 ms]
      [Ref Enq: 0.7 ms]
      [Free CSet: 5.0 ms]
   [Eden: 1558.0M(1558.0M)->0.0B(1563.0M) Survivors: 18.0M->13.0M Heap: 2077.9M(2252.0M)->515.1M(2252.0M)]
 [Times: user=0.38 sys=0.02, real=0.04 secs] 

 Concurrent RS processed 3630315 cards
  Of 110458 completed buffers:
       110458 (100.0%) by conc RS threads.
            0 (  0.0%) by mutator threads.
  Conc RS threads times(s)
          0.00     0.00     0.00     0.00     0.00     0.00     0.00     0.00     0.00     0.00     0.00     0.00     0.00     0.00     0.00     0.00     0.00     0.00     0.00
  Total heap region rem set sizes = 6100K.  Max = 34K.
  Static structures = 369K, free_lists = 242K.
    387855 occupied cards represented.
    Max size region = 0:(O)[0x0000000763400000,0x00000007634ffff0,0x0000000763500000], size = 35K, occupied = 101K.
    Did 4519 coarsenings.
2014-08-01T10:14:44.255-0500: 4704.698: [GC pause (young) 4704.698: [G1Ergonomics (CSet Construction) start choosing CSet, _pending_cards: 5487, predicted base time: 22.37 ms, remaining time: 77.63 ms, target pause time: 100.00 ms]
 4704.698: [G1Ergonomics (CSet Construction) add young regions to CSet, eden: 1563 regions, survivors: 13 regions, predicted young region time: 17.01 ms]
 4704.698: [G1Ergonomics (CSet Construction) finish choosing CSet, eden: 1563 regions, survivors: 13 regions, old: 0 regions, predicted pause time: 39.38 ms, target pause time: 100.00 ms]
, 0.0428480 secs]
   [Parallel Time: 22.5 ms, GC Workers: 18]
      [GC Worker Start (ms): Min: 4704698.2, Avg: 4704698.4, Max: 4704698.6, Diff: 0.4]
      [Ext Root Scanning (ms): Min: 5.8, Avg: 7.2, Max: 9.4, Diff: 3.7, Sum: 129.4]
      [Update RS (ms): Min: 0.0, Avg: 1.6, Max: 3.2, Diff: 3.2, Sum: 28.6]
         [Processed Buffers: Min: 0, Avg: 8.0, Max: 34, Diff: 34, Sum: 144]
      [Scan RS (ms): Min: 0.2, Avg: 0.7, Max: 1.0, Diff: 0.8, Sum: 13.4]
      [Object Copy (ms): Min: 9.6, Avg: 10.7, Max: 12.1, Diff: 2.5, Sum: 193.1]
      [Termination (ms): Min: 0.2, Avg: 1.4, Max: 1.5, Diff: 1.3, Sum: 24.6]
      [GC Worker Other (ms): Min: 0.0, Avg: 0.2, Max: 0.6, Diff: 0.6, Sum: 3.7]
      [GC Worker Total (ms): Min: 21.5, Avg: 21.8, Max: 22.2, Diff: 0.7, Sum: 392.8]
      [GC Worker End (ms): Min: 4704720.0, Avg: 4704720.2, Max: 4704720.6, Diff: 0.5]
   [Code Root Fixup: 0.0 ms]
   [Clear CT: 2.5 ms]
   [Other: 17.9 ms]
      [Choose CSet: 0.0 ms]
      [Ref Proc: 10.5 ms]
      [Ref Enq: 2.0 ms]
      [Free CSet: 4.7 ms]
   [Eden: 1563.0M(1563.0M)->0.0B(1564.0M) Survivors: 13.0M->12.0M Heap: 2078.1M(2252.0M)->514.2M(2252.0M)]
 [Times: user=0.47 sys=0.01, real=0.04 secs] 

 Concurrent RS processed 3632740 cards
  Of 110602 completed buffers:
       110602 (100.0%) by conc RS threads.
            0 (  0.0%) by mutator threads.
  Conc RS threads times(s)
          0.00     0.00     0.00     0.00     0.00     0.00     0.00     0.00     0.00     0.00     0.00     0.00     0.00     0.00     0.00     0.00     0.00     0.00     0.00
  Total heap region rem set sizes = 6100K.  Max = 34K.
  Static structures = 369K, free_lists = 242K.
    388134 occupied cards represented.
    Max size region = 0:(O)[0x0000000763400000,0x00000007634ffff0,0x0000000763500000], size = 35K, occupied = 101K.
    Did 4519 coarsenings.
2014-08-01T10:14:50.442-0500: 4710.885: [GC pause (young) 4710.885: [G1Ergonomics (CSet Construction) start choosing CSet, _pending_cards: 5729, predicted base time: 23.72 ms, remaining time: 76.28 ms, target pause time: 100.00 ms]
 4710.885: [G1Ergonomics (CSet Construction) add young regions to CSet, eden: 1564 regions, survivors: 12 regions, predicted young region time: 13.21 ms]
 4710.885: [G1Ergonomics (CSet Construction) finish choosing CSet, eden: 1564 regions, survivors: 12 regions, old: 0 regions, predicted pause time: 36.93 ms, target pause time: 100.00 ms]
, 0.0447060 secs]
   [Parallel Time: 24.4 ms, GC Workers: 18]
      [GC Worker Start (ms): Min: 4710885.3, Avg: 4710885.5, Max: 4710885.7, Diff: 0.4]
      [Ext Root Scanning (ms): Min: 6.4, Avg: 8.1, Max: 11.3, Diff: 4.9, Sum: 146.3]
      [Update RS (ms): Min: 0.0, Avg: 1.6, Max: 4.3, Diff: 4.3, Sum: 29.0]
         [Processed Buffers: Min: 0, Avg: 7.7, Max: 25, Diff: 25, Sum: 139]
      [Scan RS (ms): Min: 0.1, Avg: 1.7, Max: 9.7, Diff: 9.6, Sum: 30.9]
      [Object Copy (ms): Min: 1.3, Avg: 8.6, Max: 12.7, Diff: 11.4, Sum: 155.4]
      [Termination (ms): Min: 0.0, Avg: 2.8, Max: 3.1, Diff: 3.1, Sum: 49.8]
      [GC Worker Other (ms): Min: 0.0, Avg: 0.3, Max: 1.1, Diff: 1.1, Sum: 5.0]
      [GC Worker Total (ms): Min: 22.8, Avg: 23.1, Max: 24.0, Diff: 1.3, Sum: 416.4]
      [GC Worker End (ms): Min: 4710908.4, Avg: 4710908.6, Max: 4710909.5, Diff: 1.1]
   [Code Root Fixup: 0.0 ms]
   [Clear CT: 1.7 ms]
   [Other: 18.6 ms]
      [Choose CSet: 0.0 ms]
      [Ref Proc: 12.6 ms]
      [Ref Enq: 0.6 ms]
      [Free CSet: 4.8 ms]
   [Eden: 1564.0M(1564.0M)->0.0B(1554.0M) Survivors: 12.0M->22.0M Heap: 2078.2M(2252.0M)->523.7M(2252.0M)]
 [Times: user=0.45 sys=0.01, real=0.05 secs] 

 Concurrent RS processed 3635246 cards
  Of 110741 completed buffers:
       110741 (100.0%) by conc RS threads.
            0 (  0.0%) by mutator threads.
  Conc RS threads times(s)
          0.00     0.00     0.00     0.00     0.00     0.00     0.00     0.00     0.00     0.00     0.00     0.00     0.00     0.00     0.00     0.00     0.00     0.00     0.00
  Total heap region rem set sizes = 6101K.  Max = 34K.
  Static structures = 369K, free_lists = 242K.
    388411 occupied cards represented.
    Max size region = 0:(O)[0x0000000763400000,0x00000007634ffff0,0x0000000763500000], size = 35K, occupied = 101K.
    Did 4519 coarsenings.
2014-08-01T10:14:56.435-0500: 4716.878: [GC pause (young) 4716.879: [G1Ergonomics (CSet Construction) start choosing CSet, _pending_cards: 4970, predicted base time: 24.86 ms, remaining time: 75.14 ms, target pause time: 100.00 ms]
 4716.879: [G1Ergonomics (CSet Construction) add young regions to CSet, eden: 1554 regions, survivors: 22 regions, predicted young region time: 21.25 ms]
 4716.879: [G1Ergonomics (CSet Construction) finish choosing CSet, eden: 1554 regions, survivors: 22 regions, old: 0 regions, predicted pause time: 46.11 ms, target pause time: 100.00 ms]
, 0.0512730 secs]
   [Parallel Time: 31.1 ms, GC Workers: 18]
      [GC Worker Start (ms): Min: 4716878.8, Avg: 4716879.0, Max: 4716879.2, Diff: 0.4]
      [Ext Root Scanning (ms): Min: 6.6, Avg: 8.3, Max: 14.5, Diff: 7.9, Sum: 149.7]
      [Update RS (ms): Min: 0.0, Avg: 1.6, Max: 3.0, Diff: 3.0, Sum: 29.3]
         [Processed Buffers: Min: 0, Avg: 7.4, Max: 27, Diff: 27, Sum: 133]
      [Scan RS (ms): Min: 0.2, Avg: 0.6, Max: 1.0, Diff: 0.7, Sum: 11.7]
      [Object Copy (ms): Min: 10.0, Avg: 11.8, Max: 15.3, Diff: 5.2, Sum: 212.9]
      [Termination (ms): Min: 0.1, Avg: 7.7, Max: 8.6, Diff: 8.6, Sum: 138.1]
      [GC Worker Other (ms): Min: 0.0, Avg: 0.2, Max: 0.3, Diff: 0.3, Sum: 2.8]
      [GC Worker Total (ms): Min: 29.9, Avg: 30.3, Max: 30.6, Diff: 0.6, Sum: 544.7]
      [GC Worker End (ms): Min: 4716909.1, Avg: 4716909.3, Max: 4716909.6, Diff: 0.5]
   [Code Root Fixup: 0.0 ms]
   [Clear CT: 1.9 ms]
   [Other: 18.3 ms]
      [Choose CSet: 0.0 ms]
      [Ref Proc: 12.7 ms]
      [Ref Enq: 0.6 ms]
      [Free CSet: 4.3 ms]
   [Eden: 1554.0M(1554.0M)->0.0B(1562.0M) Survivors: 22.0M->14.0M Heap: 2077.7M(2252.0M)->515.6M(2252.0M)]
 [Times: user=0.57 sys=0.01, real=0.06 secs] 

 Concurrent RS processed 3637704 cards
  Of 110874 completed buffers:
       110874 (100.0%) by conc RS threads.
            0 (  0.0%) by mutator threads.
  Conc RS threads times(s)
          0.00     0.00     0.00     0.00     0.00     0.00     0.00     0.00     0.00     0.00     0.00     0.00     0.00     0.00     0.00     0.00     0.00     0.00     0.00
  Total heap region rem set sizes = 6101K.  Max = 34K.
  Static structures = 369K, free_lists = 242K.
    388727 occupied cards represented.
    Max size region = 0:(O)[0x0000000763400000,0x00000007634ffff0,0x0000000763500000], size = 35K, occupied = 101K.
    Did 4519 coarsenings.
2014-08-01T10:15:02.711-0500: 4723.155: [GC pause (young) 4723.155: [G1Ergonomics (CSet Construction) start choosing CSet, _pending_cards: 5998, predicted base time: 26.06 ms, remaining time: 73.94 ms, target pause time: 100.00 ms]
 4723.155: [G1Ergonomics (CSet Construction) add young regions to CSet, eden: 1562 regions, survivors: 14 regions, predicted young region time: 24.09 ms]
 4723.155: [G1Ergonomics (CSet Construction) finish choosing CSet, eden: 1562 regions, survivors: 14 regions, old: 0 regions, predicted pause time: 50.15 ms, target pause time: 100.00 ms]
, 0.0409640 secs]
   [Parallel Time: 24.1 ms, GC Workers: 18]
      [GC Worker Start (ms): Min: 4723155.0, Avg: 4723155.2, Max: 4723155.4, Diff: 0.4]
      [Ext Root Scanning (ms): Min: 5.4, Avg: 6.9, Max: 12.3, Diff: 6.9, Sum: 123.3]
      [Update RS (ms): Min: 0.0, Avg: 1.8, Max: 3.6, Diff: 3.6, Sum: 33.3]
         [Processed Buffers: Min: 0, Avg: 8.1, Max: 22, Diff: 22, Sum: 146]
      [Scan RS (ms): Min: 0.2, Avg: 1.0, Max: 4.1, Diff: 3.9, Sum: 18.1]
      [Object Copy (ms): Min: 8.0, Avg: 10.8, Max: 13.5, Diff: 5.5, Sum: 193.9]
      [Termination (ms): Min: 0.0, Avg: 2.2, Max: 3.3, Diff: 3.3, Sum: 39.7]
      [GC Worker Other (ms): Min: 0.0, Avg: 0.2, Max: 0.3, Diff: 0.3, Sum: 3.0]
      [GC Worker Total (ms): Min: 22.6, Avg: 22.9, Max: 23.8, Diff: 1.2, Sum: 411.4]
      [GC Worker End (ms): Min: 4723177.8, Avg: 4723178.0, Max: 4723178.9, Diff: 1.1]
   [Code Root Fixup: 0.0 ms]
   [Clear CT: 2.2 ms]
   [Other: 14.6 ms]
      [Choose CSet: 0.0 ms]
      [Ref Proc: 8.3 ms]
      [Ref Enq: 0.9 ms]
      [Free CSet: 4.8 ms]
   [Eden: 1562.0M(1562.0M)->0.0B(1562.0M) Survivors: 14.0M->14.0M Heap: 2077.6M(2252.0M)->516.1M(2252.0M)]
 [Times: user=0.44 sys=0.01, real=0.04 secs] 

 Concurrent RS processed 3640170 cards
  Of 111020 completed buffers:
       111020 (100.0%) by conc RS threads.
            0 (  0.0%) by mutator threads.
  Conc RS threads times(s)
          0.00     0.00     0.00     0.00     0.00     0.00     0.00     0.00     0.00     0.00     0.00     0.00     0.00     0.00     0.00     0.00     0.00     0.00     0.00
  Total heap region rem set sizes = 6101K.  Max = 34K.
  Static structures = 369K, free_lists = 242K.
    389003 occupied cards represented.
    Max size region = 0:(O)[0x0000000763400000,0x00000007634ffff0,0x0000000763500000], size = 35K, occupied = 101K.
    Did 4519 coarsenings.
2014-08-01T10:15:08.871-0500: 4729.314: [GC pause (young) 4729.314: [G1Ergonomics (CSet Construction) start choosing CSet, _pending_cards: 5708, predicted base time: 25.07 ms, remaining time: 74.93 ms, target pause time: 100.00 ms]
 4729.314: [G1Ergonomics (CSet Construction) add young regions to CSet, eden: 1562 regions, survivors: 14 regions, predicted young region time: 12.66 ms]
 4729.314: [G1Ergonomics (CSet Construction) finish choosing CSet, eden: 1562 regions, survivors: 14 regions, old: 0 regions, predicted pause time: 37.73 ms, target pause time: 100.00 ms]
, 0.0490320 secs]
   [Parallel Time: 21.7 ms, GC Workers: 18]
      [GC Worker Start (ms): Min: 4729314.4, Avg: 4729314.6, Max: 4729314.8, Diff: 0.4]
      [Ext Root Scanning (ms): Min: 5.6, Avg: 7.2, Max: 18.5, Diff: 12.9, Sum: 129.3]
      [Update RS (ms): Min: 0.0, Avg: 1.6, Max: 2.5, Diff: 2.5, Sum: 28.0]
         [Processed Buffers: Min: 0, Avg: 7.8, Max: 22, Diff: 22, Sum: 140]
      [Scan RS (ms): Min: 0.2, Avg: 0.8, Max: 1.1, Diff: 0.9, Sum: 13.7]
      [Object Copy (ms): Min: 0.7, Avg: 9.9, Max: 11.1, Diff: 10.3, Sum: 179.1]
      [Termination (ms): Min: 0.1, Avg: 0.7, Max: 1.8, Diff: 1.6, Sum: 12.0]
      [GC Worker Other (ms): Min: 0.0, Avg: 0.2, Max: 0.3, Diff: 0.3, Sum: 2.9]
      [GC Worker Total (ms): Min: 19.9, Avg: 20.3, Max: 21.3, Diff: 1.3, Sum: 365.0]
      [GC Worker End (ms): Min: 4729334.7, Avg: 4729334.9, Max: 4729335.8, Diff: 1.1]
   [Code Root Fixup: 0.0 ms]
   [Clear CT: 10.3 ms]
   [Other: 17.0 ms]
      [Choose CSet: 0.0 ms]
      [Ref Proc: 9.1 ms]
      [Ref Enq: 3.3 ms]
      [Free CSet: 4.0 ms]
   [Eden: 1562.0M(1562.0M)->0.0B(1557.0M) Survivors: 14.0M->19.0M Heap: 2078.1M(2252.0M)->520.9M(2252.0M)]
 [Times: user=0.43 sys=0.00, real=0.05 secs] 

 Concurrent RS processed 3642479 cards
  Of 111160 completed buffers:
       111160 (100.0%) by conc RS threads.
            0 (  0.0%) by mutator threads.
  Conc RS threads times(s)
          0.00     0.00     0.00     0.00     0.00     0.00     0.00     0.00     0.00     0.00     0.00     0.00     0.00     0.00     0.00     0.00     0.00     0.00     0.00
  Total heap region rem set sizes = 6101K.  Max = 34K.
  Static structures = 369K, free_lists = 241K.
    389240 occupied cards represented.
    Max size region = 0:(O)[0x0000000763400000,0x00000007634ffff0,0x0000000763500000], size = 35K, occupied = 101K.
    Did 4519 coarsenings.
2014-08-01T10:15:14.908-0500: 4735.352: [GC pause (young) 4735.352: [G1Ergonomics (CSet Construction) start choosing CSet, _pending_cards: 5209, predicted base time: 28.78 ms, remaining time: 71.22 ms, target pause time: 100.00 ms]
 4735.352: [G1Ergonomics (CSet Construction) add young regions to CSet, eden: 1557 regions, survivors: 19 regions, predicted young region time: 11.84 ms]
 4735.352: [G1Ergonomics (CSet Construction) finish choosing CSet, eden: 1557 regions, survivors: 19 regions, old: 0 regions, predicted pause time: 40.63 ms, target pause time: 100.00 ms]
, 0.0249860 secs]
   [Parallel Time: 11.7 ms, GC Workers: 18]
      [GC Worker Start (ms): Min: 4735352.0, Avg: 4735352.2, Max: 4735352.3, Diff: 0.3]
      [Ext Root Scanning (ms): Min: 2.9, Avg: 4.5, Max: 9.2, Diff: 6.3, Sum: 80.6]
      [Update RS (ms): Min: 0.0, Avg: 0.8, Max: 2.4, Diff: 2.4, Sum: 14.9]
         [Processed Buffers: Min: 0, Avg: 7.8, Max: 22, Diff: 22, Sum: 141]
      [Scan RS (ms): Min: 0.3, Avg: 0.5, Max: 0.7, Diff: 0.4, Sum: 9.5]
      [Object Copy (ms): Min: 1.6, Avg: 5.2, Max: 5.6, Diff: 4.0, Sum: 93.0]
      [Termination (ms): Min: 0.0, Avg: 0.2, Max: 0.3, Diff: 0.3, Sum: 4.3]
      [GC Worker Other (ms): Min: 0.0, Avg: 0.1, Max: 0.3, Diff: 0.3, Sum: 2.3]
      [GC Worker Total (ms): Min: 11.1, Avg: 11.4, Max: 11.6, Diff: 0.5, Sum: 204.6]
      [GC Worker End (ms): Min: 4735363.4, Avg: 4735363.5, Max: 4735363.7, Diff: 0.3]
   [Code Root Fixup: 0.0 ms]
   [Clear CT: 1.6 ms]
   [Other: 11.7 ms]
      [Choose CSet: 0.0 ms]
      [Ref Proc: 7.7 ms]
      [Ref Enq: 0.4 ms]
      [Free CSet: 3.1 ms]
   [Eden: 1557.0M(1557.0M)->0.0B(1563.0M) Survivors: 19.0M->13.0M Heap: 2077.9M(2252.0M)->515.5M(2252.0M)]
 [Times: user=0.28 sys=0.00, real=0.02 secs] 

 Concurrent RS processed 3644939 cards
  Of 111301 completed buffers:
       111301 (100.0%) by conc RS threads.
            0 (  0.0%) by mutator threads.
  Conc RS threads times(s)
          0.00     0.00     0.00     0.00     0.00     0.00     0.00     0.00     0.00     0.00     0.00     0.00     0.00     0.00     0.00     0.00     0.00     0.00     0.00
  Total heap region rem set sizes = 6102K.  Max = 34K.
  Static structures = 369K, free_lists = 241K.
    389510 occupied cards represented.
    Max size region = 0:(O)[0x0000000763400000,0x00000007634ffff0,0x0000000763500000], size = 35K, occupied = 102K.
    Did 4519 coarsenings.
2014-08-01T10:15:21.576-0500: 4742.019: [GC pause (young) 4742.020: [G1Ergonomics (CSet Construction) start choosing CSet, _pending_cards: 5510, predicted base time: 26.22 ms, remaining time: 73.78 ms, target pause time: 100.00 ms]
 4742.020: [G1Ergonomics (CSet Construction) add young regions to CSet, eden: 1563 regions, survivors: 13 regions, predicted young region time: 13.11 ms]
 4742.020: [G1Ergonomics (CSet Construction) finish choosing CSet, eden: 1563 regions, survivors: 13 regions, old: 0 regions, predicted pause time: 39.32 ms, target pause time: 100.00 ms]
, 0.0403650 secs]
   [Parallel Time: 22.5 ms, GC Workers: 18]
      [GC Worker Start (ms): Min: 4742019.7, Avg: 4742019.9, Max: 4742020.1, Diff: 0.4]
      [Ext Root Scanning (ms): Min: 6.4, Avg: 8.0, Max: 11.9, Diff: 5.4, Sum: 143.9]
      [Update RS (ms): Min: 0.0, Avg: 1.7, Max: 3.7, Diff: 3.7, Sum: 30.7]
         [Processed Buffers: Min: 0, Avg: 7.6, Max: 28, Diff: 28, Sum: 137]
      [Scan RS (ms): Min: 0.2, Avg: 1.2, Max: 11.4, Diff: 11.2, Sum: 22.2]
      [Object Copy (ms): Min: 1.3, Avg: 10.2, Max: 11.8, Diff: 10.5, Sum: 183.8]
      [Termination (ms): Min: 0.0, Avg: 0.6, Max: 0.7, Diff: 0.7, Sum: 11.1]
      [GC Worker Other (ms): Min: 0.0, Avg: 0.2, Max: 0.4, Diff: 0.3, Sum: 3.2]
      [GC Worker Total (ms): Min: 21.6, Avg: 21.9, Max: 22.3, Diff: 0.6, Sum: 394.9]
      [GC Worker End (ms): Min: 4742041.7, Avg: 4742041.9, Max: 4742042.0, Diff: 0.3]
   [Code Root Fixup: 0.0 ms]
   [Clear CT: 1.7 ms]
   [Other: 16.1 ms]
      [Choose CSet: 0.0 ms]
      [Ref Proc: 10.2 ms]
      [Ref Enq: 0.5 ms]
      [Free CSet: 4.7 ms]
   [Eden: 1563.0M(1563.0M)->0.0B(1564.0M) Survivors: 13.0M->12.0M Heap: 2078.5M(2252.0M)->513.8M(2252.0M)]
 [Times: user=0.42 sys=0.00, real=0.04 secs] 

 Concurrent RS processed 3647403 cards
  Of 111438 completed buffers:
       111438 (100.0%) by conc RS threads.
            0 (  0.0%) by mutator threads.
  Conc RS threads times(s)
          0.00     0.00     0.00     0.00     0.00     0.00     0.00     0.00     0.00     0.00     0.00     0.00     0.00     0.00     0.00     0.00     0.00     0.00     0.00
  Total heap region rem set sizes = 6102K.  Max = 34K.
  Static structures = 369K, free_lists = 241K.
    389765 occupied cards represented.
    Max size region = 0:(O)[0x0000000763400000,0x00000007634ffff0,0x0000000763500000], size = 35K, occupied = 102K.
    Did 4519 coarsenings.
2014-08-01T10:15:27.985-0500: 4748.429: [GC pause (young) 4748.429: [G1Ergonomics (CSet Construction) start choosing CSet, _pending_cards: 5483, predicted base time: 25.77 ms, remaining time: 74.23 ms, target pause time: 100.00 ms]
 4748.429: [G1Ergonomics (CSet Construction) add young regions to CSet, eden: 1564 regions, survivors: 12 regions, predicted young region time: 22.97 ms]
 4748.429: [G1Ergonomics (CSet Construction) finish choosing CSet, eden: 1564 regions, survivors: 12 regions, old: 0 regions, predicted pause time: 48.74 ms, target pause time: 100.00 ms]
, 0.0439370 secs]
   [Parallel Time: 23.4 ms, GC Workers: 18]
      [GC Worker Start (ms): Min: 4748429.1, Avg: 4748429.3, Max: 4748429.4, Diff: 0.3]
      [Ext Root Scanning (ms): Min: 5.3, Avg: 6.8, Max: 11.8, Diff: 6.5, Sum: 122.1]
      [Update RS (ms): Min: 0.0, Avg: 1.7, Max: 3.4, Diff: 3.4, Sum: 30.3]
         [Processed Buffers: Min: 0, Avg: 8.0, Max: 24, Diff: 24, Sum: 144]
      [Scan RS (ms): Min: 0.2, Avg: 0.7, Max: 1.2, Diff: 1.0, Sum: 12.3]
      [Object Copy (ms): Min: 9.6, Avg: 12.5, Max: 13.3, Diff: 3.7, Sum: 225.2]
      [Termination (ms): Min: 0.2, Avg: 0.7, Max: 0.8, Diff: 0.5, Sum: 12.1]
      [GC Worker Other (ms): Min: 0.0, Avg: 0.2, Max: 0.4, Diff: 0.3, Sum: 3.1]
      [GC Worker Total (ms): Min: 22.2, Avg: 22.5, Max: 22.8, Diff: 0.6, Sum: 405.1]
      [GC Worker End (ms): Min: 4748451.6, Avg: 4748451.8, Max: 4748452.0, Diff: 0.4]
   [Code Root Fixup: 0.0 ms]
   [Clear CT: 1.8 ms]
   [Other: 18.8 ms]
      [Choose CSet: 0.0 ms]
      [Ref Proc: 12.9 ms]
      [Ref Enq: 0.6 ms]
      [Free CSet: 4.7 ms]
   [Eden: 1564.0M(1564.0M)->0.0B(1550.0M) Survivors: 12.0M->26.0M Heap: 2077.8M(2252.0M)->528.4M(2252.0M)]
 [Times: user=0.48 sys=0.01, real=0.05 secs] 

 Concurrent RS processed 3649779 cards
  Of 111582 completed buffers:
       111582 (100.0%) by conc RS threads.
            0 (  0.0%) by mutator threads.
  Conc RS threads times(s)
          0.00     0.00     0.00     0.00     0.00     0.00     0.00     0.00     0.00     0.00     0.00     0.00     0.00     0.00     0.00     0.00     0.00     0.00     0.00
  Total heap region rem set sizes = 6102K.  Max = 34K.
  Static structures = 369K, free_lists = 241K.
    390046 occupied cards represented.
    Max size region = 0:(O)[0x0000000763400000,0x00000007634ffff0,0x0000000763500000], size = 35K, occupied = 102K.
    Did 4519 coarsenings.
2014-08-01T10:15:33.963-0500: 4754.406: [GC pause (young) 4754.406: [G1Ergonomics (CSet Construction) start choosing CSet, _pending_cards: 6000, predicted base time: 26.12 ms, remaining time: 73.88 ms, target pause time: 100.00 ms]
 4754.406: [G1Ergonomics (CSet Construction) add young regions to CSet, eden: 1550 regions, survivors: 26 regions, predicted young region time: 15.63 ms]
 4754.407: [G1Ergonomics (CSet Construction) finish choosing CSet, eden: 1550 regions, survivors: 26 regions, old: 0 regions, predicted pause time: 41.75 ms, target pause time: 100.00 ms]
, 0.0463210 secs]
   [Parallel Time: 25.4 ms, GC Workers: 18]
      [GC Worker Start (ms): Min: 4754406.7, Avg: 4754407.1, Max: 4754408.0, Diff: 1.2]
      [Ext Root Scanning (ms): Min: 6.0, Avg: 7.9, Max: 12.0, Diff: 6.0, Sum: 143.1]
      [Update RS (ms): Min: 0.0, Avg: 1.8, Max: 3.8, Diff: 3.8, Sum: 31.7]
         [Processed Buffers: Min: 0, Avg: 8.4, Max: 27, Diff: 27, Sum: 151]
      [Scan RS (ms): Min: 0.2, Avg: 1.0, Max: 6.0, Diff: 5.8, Sum: 17.2]
      [Object Copy (ms): Min: 7.8, Avg: 12.5, Max: 13.8, Diff: 5.9, Sum: 224.6]
      [Termination (ms): Min: 0.3, Avg: 0.9, Max: 1.4, Diff: 1.1, Sum: 16.2]
      [GC Worker Other (ms): Min: 0.0, Avg: 0.3, Max: 0.9, Diff: 0.9, Sum: 5.2]
      [GC Worker Total (ms): Min: 23.3, Avg: 24.3, Max: 25.3, Diff: 2.0, Sum: 438.0]
      [GC Worker End (ms): Min: 4754431.2, Avg: 4754431.5, Max: 4754432.1, Diff: 0.9]
   [Code Root Fixup: 0.0 ms]
   [Clear CT: 1.8 ms]
   [Other: 19.2 ms]
      [Choose CSet: 0.0 ms]
      [Ref Proc: 12.8 ms]
      [Ref Enq: 1.1 ms]
      [Free CSet: 4.6 ms]
   [Eden: 1550.0M(1550.0M)->0.0B(1559.0M) Survivors: 26.0M->17.0M Heap: 2078.4M(2252.0M)->519.3M(2252.0M)]
 [Times: user=0.50 sys=0.00, real=0.04 secs] 

 Concurrent RS processed 3652222 cards
  Of 111733 completed buffers:
       111733 (100.0%) by conc RS threads.
            0 (  0.0%) by mutator threads.
  Conc RS threads times(s)
          0.00     0.00     0.00     0.00     0.00     0.00     0.00     0.00     0.00     0.00     0.00     0.00     0.00     0.00     0.00     0.00     0.00     0.00     0.00
  Total heap region rem set sizes = 6102K.  Max = 34K.
  Static structures = 369K, free_lists = 241K.
    390335 occupied cards represented.
    Max size region = 0:(O)[0x0000000763400000,0x00000007634ffff0,0x0000000763500000], size = 35K, occupied = 102K.
    Did 4519 coarsenings.
2014-08-01T10:15:40.366-0500: 4760.809: [GC pause (young) 4760.809: [G1Ergonomics (CSet Construction) start choosing CSet, _pending_cards: 5755, predicted base time: 26.73 ms, remaining time: 73.27 ms, target pause time: 100.00 ms]
 4760.809: [G1Ergonomics (CSet Construction) add young regions to CSet, eden: 1559 regions, survivors: 17 regions, predicted young region time: 22.87 ms]
 4760.809: [G1Ergonomics (CSet Construction) finish choosing CSet, eden: 1559 regions, survivors: 17 regions, old: 0 regions, predicted pause time: 49.60 ms, target pause time: 100.00 ms]
, 0.0350900 secs]
   [Parallel Time: 18.4 ms, GC Workers: 18]
      [GC Worker Start (ms): Min: 4760809.7, Avg: 4760809.9, Max: 4760810.0, Diff: 0.3]
      [Ext Root Scanning (ms): Min: 6.1, Avg: 7.8, Max: 10.9, Diff: 4.7, Sum: 139.8]
      [Update RS (ms): Min: 0.0, Avg: 1.4, Max: 2.8, Diff: 2.7, Sum: 25.3]
         [Processed Buffers: Min: 0, Avg: 7.8, Max: 29, Diff: 29, Sum: 141]
      [Scan RS (ms): Min: 0.3, Avg: 1.2, Max: 7.4, Diff: 7.1, Sum: 21.1]
      [Object Copy (ms): Min: 1.6, Avg: 6.8, Max: 7.7, Diff: 6.1, Sum: 121.9]
      [Termination (ms): Min: 0.0, Avg: 0.6, Max: 0.6, Diff: 0.6, Sum: 10.1]
      [GC Worker Other (ms): Min: 0.0, Avg: 0.2, Max: 0.4, Diff: 0.4, Sum: 3.3]
      [GC Worker Total (ms): Min: 17.6, Avg: 17.9, Max: 18.2, Diff: 0.6, Sum: 321.5]
      [GC Worker End (ms): Min: 4760827.6, Avg: 4760827.7, Max: 4760827.9, Diff: 0.4]
   [Code Root Fixup: 0.0 ms]
   [Clear CT: 1.8 ms]
   [Other: 14.9 ms]
      [Choose CSet: 0.0 ms]
      [Ref Proc: 8.9 ms]
      [Ref Enq: 0.5 ms]
      [Free CSet: 4.8 ms]
   [Eden: 1559.0M(1559.0M)->0.0B(1563.0M) Survivors: 17.0M->13.0M Heap: 2078.3M(2252.0M)->515.1M(2252.0M)]
 [Times: user=0.37 sys=0.02, real=0.04 secs] 

 Concurrent RS processed 3654645 cards
  Of 111874 completed buffers:
       111874 (100.0%) by conc RS threads.
            0 (  0.0%) by mutator threads.
  Conc RS threads times(s)
          0.00     0.00     0.00     0.00     0.00     0.00     0.00     0.00     0.00     0.00     0.00     0.00     0.00     0.00     0.00     0.00     0.00     0.00     0.00
  Total heap region rem set sizes = 6107K.  Max = 35K.
  Static structures = 369K, free_lists = 240K.
    390679 occupied cards represented.
    Max size region = 0:(O)[0x0000000763400000,0x00000007634ffff0,0x0000000763500000], size = 36K, occupied = 102K.
    Did 4519 coarsenings.
2014-08-01T10:15:46.509-0500: 4766.952: [GC pause (young) 4766.952: [G1Ergonomics (CSet Construction) start choosing CSet, _pending_cards: 5208, predicted base time: 25.41 ms, remaining time: 74.59 ms, target pause time: 100.00 ms]
 4766.952: [G1Ergonomics (CSet Construction) add young regions to CSet, eden: 1563 regions, survivors: 13 regions, predicted young region time: 11.86 ms]
 4766.952: [G1Ergonomics (CSet Construction) finish choosing CSet, eden: 1563 regions, survivors: 13 regions, old: 0 regions, predicted pause time: 37.28 ms, target pause time: 100.00 ms]
, 0.0478440 secs]
   [Parallel Time: 18.6 ms, GC Workers: 18]
      [GC Worker Start (ms): Min: 4766952.3, Avg: 4766952.5, Max: 4766952.6, Diff: 0.3]
      [Ext Root Scanning (ms): Min: 6.2, Avg: 7.4, Max: 14.3, Diff: 8.1, Sum: 132.9]
      [Update RS (ms): Min: 0.0, Avg: 2.1, Max: 9.6, Diff: 9.6, Sum: 37.9]
         [Processed Buffers: Min: 0, Avg: 7.8, Max: 27, Diff: 27, Sum: 140]
      [Scan RS (ms): Min: 0.2, Avg: 0.7, Max: 1.4, Diff: 1.2, Sum: 12.5]
      [Object Copy (ms): Min: 1.4, Avg: 6.5, Max: 8.2, Diff: 6.8, Sum: 117.6]
      [Termination (ms): Min: 0.0, Avg: 1.1, Max: 1.6, Diff: 1.6, Sum: 20.0]
      [GC Worker Other (ms): Min: 0.0, Avg: 0.2, Max: 0.4, Diff: 0.3, Sum: 3.3]
      [GC Worker Total (ms): Min: 17.8, Avg: 18.0, Max: 18.2, Diff: 0.4, Sum: 324.4]
      [GC Worker End (ms): Min: 4766970.4, Avg: 4766970.5, Max: 4766970.7, Diff: 0.3]
   [Code Root Fixup: 0.0 ms]
   [Clear CT: 1.8 ms]
   [Other: 27.5 ms]
      [Choose CSet: 0.0 ms]
      [Ref Proc: 21.7 ms]
      [Ref Enq: 0.5 ms]
      [Free CSet: 4.6 ms]
   [Eden: 1563.0M(1563.0M)->0.0B(1562.0M) Survivors: 13.0M->14.0M Heap: 2078.1M(2252.0M)->516.6M(2252.0M)]
 [Times: user=0.53 sys=0.00, real=0.05 secs] 

 Concurrent RS processed 3657087 cards
  Of 112014 completed buffers:
       112014 (100.0%) by conc RS threads.
            0 (  0.0%) by mutator threads.
  Conc RS threads times(s)
          0.00     0.00     0.00     0.00     0.00     0.00     0.00     0.00     0.00     0.00     0.00     0.00     0.00     0.00     0.00     0.00     0.00     0.00     0.00
  Total heap region rem set sizes = 6108K.  Max = 35K.
  Static structures = 369K, free_lists = 239K.
    391200 occupied cards represented.
    Max size region = 0:(O)[0x0000000763400000,0x00000007634ffff0,0x0000000763500000], size = 36K, occupied = 102K.
    Did 4519 coarsenings.
2014-08-01T10:15:52.502-0500: 4772.946: [GC pause (young) 4772.946: [G1Ergonomics (CSet Construction) start choosing CSet, _pending_cards: 5965, predicted base time: 29.82 ms, remaining time: 70.18 ms, target pause time: 100.00 ms]
 4772.946: [G1Ergonomics (CSet Construction) add young regions to CSet, eden: 1562 regions, survivors: 14 regions, predicted young region time: 27.79 ms]
 4772.946: [G1Ergonomics (CSet Construction) finish choosing CSet, eden: 1562 regions, survivors: 14 regions, old: 0 regions, predicted pause time: 57.61 ms, target pause time: 100.00 ms]
, 0.0340720 secs]
   [Parallel Time: 20.0 ms, GC Workers: 18]
      [GC Worker Start (ms): Min: 4772946.1, Avg: 4772946.2, Max: 4772946.4, Diff: 0.3]
      [Ext Root Scanning (ms): Min: 6.7, Avg: 7.9, Max: 12.5, Diff: 5.8, Sum: 141.7]
      [Update RS (ms): Min: 0.0, Avg: 1.6, Max: 2.9, Diff: 2.9, Sum: 28.8]
         [Processed Buffers: Min: 0, Avg: 7.8, Max: 24, Diff: 24, Sum: 140]
      [Scan RS (ms): Min: 0.2, Avg: 0.7, Max: 1.0, Diff: 0.8, Sum: 13.4]
      [Object Copy (ms): Min: 5.2, Avg: 7.7, Max: 9.6, Diff: 4.4, Sum: 138.1]
      [Termination (ms): Min: 0.0, Avg: 1.4, Max: 1.5, Diff: 1.5, Sum: 25.0]
      [GC Worker Other (ms): Min: 0.0, Avg: 0.2, Max: 0.4, Diff: 0.4, Sum: 4.1]
      [GC Worker Total (ms): Min: 19.3, Avg: 19.5, Max: 19.7, Diff: 0.5, Sum: 351.1]
      [GC Worker End (ms): Min: 4772965.5, Avg: 4772965.7, Max: 4772965.9, Diff: 0.4]
   [Code Root Fixup: 0.0 ms]
   [Clear CT: 1.7 ms]
   [Other: 12.3 ms]
      [Choose CSet: 0.0 ms]
      [Ref Proc: 6.3 ms]
      [Ref Enq: 0.6 ms]
      [Free CSet: 4.8 ms]
   [Eden: 1562.0M(1562.0M)->0.0B(1556.0M) Survivors: 14.0M->20.0M Heap: 2078.6M(2252.0M)->522.8M(2252.0M)]
 [Times: user=0.37 sys=0.00, real=0.04 secs] 

 Concurrent RS processed 3659441 cards
  Of 112154 completed buffers:
       112154 (100.0%) by conc RS threads.
            0 (  0.0%) by mutator threads.
  Conc RS threads times(s)
          0.00     0.00     0.00     0.00     0.00     0.00     0.00     0.00     0.00     0.00     0.00     0.00     0.00     0.00     0.00     0.00     0.00     0.00     0.00
  Total heap region rem set sizes = 6108K.  Max = 35K.
  Static structures = 369K, free_lists = 240K.
    391420 occupied cards represented.
    Max size region = 0:(O)[0x0000000763400000,0x00000007634ffff0,0x0000000763500000], size = 36K, occupied = 102K.
    Did 4519 coarsenings.
2014-08-01T10:15:58.761-0500: 4779.204: [GC pause (young) 4779.204: [G1Ergonomics (CSet Construction) start choosing CSet, _pending_cards: 5478, predicted base time: 27.36 ms, remaining time: 72.64 ms, target pause time: 100.00 ms]
 4779.204: [G1Ergonomics (CSet Construction) add young regions to CSet, eden: 1556 regions, survivors: 20 regions, predicted young region time: 23.22 ms]
 4779.204: [G1Ergonomics (CSet Construction) finish choosing CSet, eden: 1556 regions, survivors: 20 regions, old: 0 regions, predicted pause time: 50.58 ms, target pause time: 100.00 ms]
, 0.0369500 secs]
   [Parallel Time: 18.5 ms, GC Workers: 18]
      [GC Worker Start (ms): Min: 4779204.2, Avg: 4779204.4, Max: 4779204.6, Diff: 0.3]
      [Ext Root Scanning (ms): Min: 6.0, Avg: 6.9, Max: 10.9, Diff: 4.9, Sum: 125.0]
      [Update RS (ms): Min: 0.0, Avg: 1.7, Max: 2.7, Diff: 2.7, Sum: 30.7]
         [Processed Buffers: Min: 0, Avg: 7.7, Max: 29, Diff: 29, Sum: 138]
      [Scan RS (ms): Min: 0.2, Avg: 0.7, Max: 0.9, Diff: 0.7, Sum: 12.7]
      [Object Copy (ms): Min: 6.7, Avg: 8.4, Max: 9.0, Diff: 2.4, Sum: 151.3]
      [Termination (ms): Min: 0.0, Avg: 0.1, Max: 0.2, Diff: 0.1, Sum: 1.4]
      [GC Worker Other (ms): Min: 0.1, Avg: 0.2, Max: 0.4, Diff: 0.3, Sum: 4.2]
      [GC Worker Total (ms): Min: 17.7, Avg: 18.1, Max: 18.4, Diff: 0.6, Sum: 325.3]
      [GC Worker End (ms): Min: 4779222.3, Avg: 4779222.5, Max: 4779222.7, Diff: 0.4]
   [Code Root Fixup: 0.0 ms]
   [Clear CT: 1.8 ms]
   [Other: 16.7 ms]
      [Choose CSet: 0.0 ms]
      [Ref Proc: 10.1 ms]
      [Ref Enq: 1.2 ms]
      [Free CSet: 4.7 ms]
   [Eden: 1556.0M(1556.0M)->0.0B(1562.0M) Survivors: 20.0M->14.0M Heap: 2078.8M(2252.0M)->516.3M(2252.0M)]
 [Times: user=0.40 sys=0.01, real=0.04 secs] 

 Concurrent RS processed 3661823 cards
  Of 112292 completed buffers:
       112292 (100.0%) by conc RS threads.
            0 (  0.0%) by mutator threads.
  Conc RS threads times(s)
          0.00     0.00     0.00     0.00     0.00     0.00     0.00     0.00     0.00     0.00     0.00     0.00     0.00     0.00     0.00     0.00     0.00     0.00     0.00
  Total heap region rem set sizes = 6108K.  Max = 35K.
  Static structures = 369K, free_lists = 239K.
    391739 occupied cards represented.
    Max size region = 0:(O)[0x0000000763400000,0x00000007634ffff0,0x0000000763500000], size = 36K, occupied = 102K.
    Did 4519 coarsenings.
2014-08-01T10:16:04.470-0500: 4784.914: [GC pause (young) 4784.914: [G1Ergonomics (CSet Construction) start choosing CSet, _pending_cards: 5996, predicted base time: 26.56 ms, remaining time: 73.44 ms, target pause time: 100.00 ms]
 4784.914: [G1Ergonomics (CSet Construction) add young regions to CSet, eden: 1562 regions, survivors: 14 regions, predicted young region time: 21.75 ms]
 4784.914: [G1Ergonomics (CSet Construction) finish choosing CSet, eden: 1562 regions, survivors: 14 regions, old: 0 regions, predicted pause time: 48.31 ms, target pause time: 100.00 ms]
, 0.0369570 secs]
   [Parallel Time: 22.8 ms, GC Workers: 18]
      [GC Worker Start (ms): Min: 4784914.0, Avg: 4784914.2, Max: 4784914.4, Diff: 0.3]
      [Ext Root Scanning (ms): Min: 6.2, Avg: 7.7, Max: 14.1, Diff: 7.9, Sum: 138.0]
      [Update RS (ms): Min: 0.0, Avg: 1.7, Max: 2.9, Diff: 2.9, Sum: 29.8]
         [Processed Buffers: Min: 0, Avg: 7.9, Max: 21, Diff: 21, Sum: 143]
      [Scan RS (ms): Min: 0.2, Avg: 0.8, Max: 0.9, Diff: 0.7, Sum: 13.7]
      [Object Copy (ms): Min: 7.2, Avg: 11.8, Max: 12.6, Diff: 5.4, Sum: 211.7]
      [Termination (ms): Min: 0.0, Avg: 0.2, Max: 0.3, Diff: 0.3, Sum: 4.2]
      [GC Worker Other (ms): Min: 0.0, Avg: 0.2, Max: 0.4, Diff: 0.4, Sum: 3.9]
      [GC Worker Total (ms): Min: 22.0, Avg: 22.3, Max: 22.6, Diff: 0.6, Sum: 401.2]
      [GC Worker End (ms): Min: 4784936.3, Avg: 4784936.5, Max: 4784936.7, Diff: 0.4]
   [Code Root Fixup: 0.0 ms]
   [Clear CT: 1.7 ms]
   [Other: 12.5 ms]
      [Choose CSet: 0.0 ms]
      [Ref Proc: 6.1 ms]
      [Ref Enq: 0.7 ms]
      [Free CSet: 4.8 ms]
   [Eden: 1562.0M(1562.0M)->0.0B(1560.0M) Survivors: 14.0M->16.0M Heap: 2078.3M(2252.0M)->519.0M(2252.0M)]
 [Times: user=0.43 sys=0.01, real=0.04 secs] 

 Concurrent RS processed 3664270 cards
  Of 112435 completed buffers:
       112435 (100.0%) by conc RS threads.
            0 (  0.0%) by mutator threads.
  Conc RS threads times(s)
          0.00     0.00     0.00     0.00     0.00     0.00     0.00     0.00     0.00     0.00     0.00     0.00     0.00     0.00     0.00     0.00     0.00     0.00     0.00
  Total heap region rem set sizes = 6108K.  Max = 35K.
  Static structures = 369K, free_lists = 239K.
    392089 occupied cards represented.
    Max size region = 0:(O)[0x0000000763400000,0x00000007634ffff0,0x0000000763500000], size = 36K, occupied = 102K.
    Did 4519 coarsenings.
2014-08-01T10:16:10.393-0500: 4790.836: [GC pause (young) 4790.836: [G1Ergonomics (CSet Construction) start choosing CSet, _pending_cards: 5476, predicted base time: 24.72 ms, remaining time: 75.28 ms, target pause time: 100.00 ms]
 4790.836: [G1Ergonomics (CSet Construction) add young regions to CSet, eden: 1560 regions, survivors: 16 regions, predicted young region time: 13.69 ms]
 4790.836: [G1Ergonomics (CSet Construction) finish choosing CSet, eden: 1560 regions, survivors: 16 regions, old: 0 regions, predicted pause time: 38.41 ms, target pause time: 100.00 ms]
, 0.0310440 secs]
   [Parallel Time: 18.9 ms, GC Workers: 18]
      [GC Worker Start (ms): Min: 4790836.2, Avg: 4790836.4, Max: 4790836.5, Diff: 0.3]
      [Ext Root Scanning (ms): Min: 4.7, Avg: 7.0, Max: 11.8, Diff: 7.1, Sum: 125.1]
      [Update RS (ms): Min: 0.0, Avg: 0.9, Max: 2.4, Diff: 2.4, Sum: 15.4]
         [Processed Buffers: Min: 0, Avg: 7.9, Max: 29, Diff: 29, Sum: 142]
      [Scan RS (ms): Min: 0.1, Avg: 0.5, Max: 0.8, Diff: 0.7, Sum: 9.6]
      [Object Copy (ms): Min: 3.7, Avg: 7.5, Max: 9.4, Diff: 5.7, Sum: 134.8]
      [Termination (ms): Min: 0.0, Avg: 1.6, Max: 2.6, Diff: 2.6, Sum: 29.2]
      [GC Worker Other (ms): Min: 0.0, Avg: 0.1, Max: 0.3, Diff: 0.2, Sum: 2.3]
      [GC Worker Total (ms): Min: 17.4, Avg: 17.6, Max: 18.3, Diff: 1.0, Sum: 316.4]
      [GC Worker End (ms): Min: 4790853.8, Avg: 4790853.9, Max: 4790854.7, Diff: 1.0]
   [Code Root Fixup: 0.0 ms]
   [Clear CT: 1.1 ms]
   [Other: 11.1 ms]
      [Choose CSet: 0.0 ms]
      [Ref Proc: 5.7 ms]
      [Ref Enq: 1.4 ms]
      [Free CSet: 3.5 ms]
   [Eden: 1560.0M(1560.0M)->0.0B(1555.0M) Survivors: 16.0M->21.0M Heap: 2079.0M(2252.0M)->523.6M(2252.0M)]
 [Times: user=0.30 sys=0.00, real=0.03 secs] 

 Concurrent RS processed 3666743 cards
  Of 112577 completed buffers:
       112577 (100.0%) by conc RS threads.
            0 (  0.0%) by mutator threads.
  Conc RS threads times(s)
          0.00     0.00     0.00     0.00     0.00     0.00     0.00     0.00     0.00     0.00     0.00     0.00     0.00     0.00     0.00     0.00     0.00     0.00     0.00
  Total heap region rem set sizes = 6109K.  Max = 35K.
  Static structures = 369K, free_lists = 239K.
    392386 occupied cards represented.
    Max size region = 0:(O)[0x0000000763400000,0x00000007634ffff0,0x0000000763500000], size = 36K, occupied = 102K.
    Did 4519 coarsenings.
2014-08-01T10:16:16.632-0500: 4797.075: [GC pause (young) 4797.075: [G1Ergonomics (CSet Construction) start choosing CSet, _pending_cards: 5728, predicted base time: 23.25 ms, remaining time: 76.75 ms, target pause time: 100.00 ms]
 4797.075: [G1Ergonomics (CSet Construction) add young regions to CSet, eden: 1555 regions, survivors: 21 regions, predicted young region time: 10.04 ms]
 4797.075: [G1Ergonomics (CSet Construction) finish choosing CSet, eden: 1555 regions, survivors: 21 regions, old: 0 regions, predicted pause time: 33.29 ms, target pause time: 100.00 ms]
, 0.0375940 secs]
   [Parallel Time: 21.2 ms, GC Workers: 18]
      [GC Worker Start (ms): Min: 4797075.3, Avg: 4797075.4, Max: 4797075.6, Diff: 0.3]
      [Ext Root Scanning (ms): Min: 4.4, Avg: 6.5, Max: 11.2, Diff: 6.9, Sum: 117.8]
      [Update RS (ms): Min: 0.0, Avg: 1.5, Max: 3.5, Diff: 3.5, Sum: 26.9]
         [Processed Buffers: Min: 0, Avg: 7.7, Max: 20, Diff: 20, Sum: 138]
      [Scan RS (ms): Min: 0.2, Avg: 0.6, Max: 1.0, Diff: 0.8, Sum: 11.6]
      [Object Copy (ms): Min: 8.8, Avg: 11.7, Max: 12.3, Diff: 3.5, Sum: 210.6]
      [Termination (ms): Min: 0.0, Avg: 0.2, Max: 0.3, Diff: 0.2, Sum: 3.4]
      [GC Worker Other (ms): Min: 0.0, Avg: 0.3, Max: 0.4, Diff: 0.4, Sum: 4.5]
      [GC Worker Total (ms): Min: 20.5, Avg: 20.8, Max: 21.1, Diff: 0.6, Sum: 374.8]
      [GC Worker End (ms): Min: 4797096.1, Avg: 4797096.3, Max: 4797096.5, Diff: 0.4]
   [Code Root Fixup: 0.0 ms]
   [Clear CT: 1.7 ms]
   [Other: 14.7 ms]
      [Choose CSet: 0.0 ms]
      [Ref Proc: 8.9 ms]
      [Ref Enq: 0.4 ms]
      [Free CSet: 4.7 ms]
   [Eden: 1555.0M(1555.0M)->0.0B(1563.0M) Survivors: 21.0M->13.0M Heap: 2078.6M(2252.0M)->515.8M(2252.0M)]
 [Times: user=0.45 sys=0.01, real=0.04 secs] 

 Concurrent RS processed 3669201 cards
  Of 112715 completed buffers:
       112715 (100.0%) by conc RS threads.
            0 (  0.0%) by mutator threads.
  Conc RS threads times(s)
          0.00     0.00     0.00     0.00     0.00     0.00     0.00     0.00     0.00     0.00     0.00     0.00     0.00     0.00     0.00     0.00     0.00     0.00     0.00
  Total heap region rem set sizes = 6109K.  Max = 35K.
  Static structures = 369K, free_lists = 239K.
    392653 occupied cards represented.
    Max size region = 0:(O)[0x0000000763400000,0x00000007634ffff0,0x0000000763500000], size = 36K, occupied = 102K.
    Did 4519 coarsenings.
2014-08-01T10:16:22.978-0500: 4803.421: [GC pause (young) 4803.421: [G1Ergonomics (CSet Construction) start choosing CSet, _pending_cards: 5470, predicted base time: 22.57 ms, remaining time: 77.43 ms, target pause time: 100.00 ms]
 4803.421: [G1Ergonomics (CSet Construction) add young regions to CSet, eden: 1563 regions, survivors: 13 regions, predicted young region time: 13.44 ms]
 4803.421: [G1Ergonomics (CSet Construction) finish choosing CSet, eden: 1563 regions, survivors: 13 regions, old: 0 regions, predicted pause time: 36.01 ms, target pause time: 100.00 ms]
, 0.0356250 secs]
   [Parallel Time: 19.6 ms, GC Workers: 18]
      [GC Worker Start (ms): Min: 4803421.4, Avg: 4803421.6, Max: 4803421.8, Diff: 0.4]
      [Ext Root Scanning (ms): Min: 5.8, Avg: 7.3, Max: 12.1, Diff: 6.3, Sum: 132.1]
      [Update RS (ms): Min: 0.0, Avg: 1.5, Max: 3.4, Diff: 3.4, Sum: 27.6]
         [Processed Buffers: Min: 0, Avg: 7.8, Max: 19, Diff: 19, Sum: 140]
      [Scan RS (ms): Min: 0.2, Avg: 0.7, Max: 0.9, Diff: 0.7, Sum: 12.4]
      [Object Copy (ms): Min: 6.1, Avg: 8.8, Max: 9.8, Diff: 3.7, Sum: 159.2]
      [Termination (ms): Min: 0.0, Avg: 0.4, Max: 0.5, Diff: 0.5, Sum: 7.0]
      [GC Worker Other (ms): Min: 0.0, Avg: 0.2, Max: 0.4, Diff: 0.3, Sum: 3.3]
      [GC Worker Total (ms): Min: 18.6, Avg: 19.0, Max: 19.3, Diff: 0.7, Sum: 341.5]
      [GC Worker End (ms): Min: 4803440.4, Avg: 4803440.5, Max: 4803440.7, Diff: 0.3]
   [Code Root Fixup: 0.0 ms]
   [Clear CT: 1.9 ms]
   [Other: 14.2 ms]
      [Choose CSet: 0.0 ms]
      [Ref Proc: 8.1 ms]
      [Ref Enq: 0.6 ms]
      [Free CSet: 4.7 ms]
   [Eden: 1563.0M(1563.0M)->0.0B(1552.0M) Survivors: 13.0M->24.0M Heap: 2078.8M(2252.0M)->527.1M(2252.0M)]
 [Times: user=0.40 sys=0.01, real=0.04 secs] 

 Concurrent RS processed 3671564 cards
  Of 112855 completed buffers:
       112855 (100.0%) by conc RS threads.
            0 (  0.0%) by mutator threads.
  Conc RS threads times(s)
          0.00     0.00     0.00     0.00     0.00     0.00     0.00     0.00     0.00     0.00     0.00     0.00     0.00     0.00     0.00     0.00     0.00     0.00     0.00
  Total heap region rem set sizes = 6110K.  Max = 35K.
  Static structures = 369K, free_lists = 239K.
    392964 occupied cards represented.
    Max size region = 0:(O)[0x0000000763400000,0x00000007634ffff0,0x0000000763500000], size = 36K, occupied = 102K.
    Did 4519 coarsenings.
2014-08-01T10:16:29.673-0500: 4810.117: [GC pause (young) 4810.117: [G1Ergonomics (CSet Construction) start choosing CSet, _pending_cards: 5758, predicted base time: 22.35 ms, remaining time: 77.65 ms, target pause time: 100.00 ms]
 4810.117: [G1Ergonomics (CSet Construction) add young regions to CSet, eden: 1552 regions, survivors: 24 regions, predicted young region time: 17.24 ms]
 4810.117: [G1Ergonomics (CSet Construction) finish choosing CSet, eden: 1552 regions, survivors: 24 regions, old: 0 regions, predicted pause time: 39.59 ms, target pause time: 100.00 ms]
, 0.0436340 secs]
   [Parallel Time: 25.7 ms, GC Workers: 18]
      [GC Worker Start (ms): Min: 4810117.1, Avg: 4810117.2, Max: 4810117.4, Diff: 0.3]
      [Ext Root Scanning (ms): Min: 6.1, Avg: 7.4, Max: 11.6, Diff: 5.5, Sum: 133.2]
      [Update RS (ms): Min: 0.0, Avg: 1.7, Max: 3.6, Diff: 3.6, Sum: 30.7]
         [Processed Buffers: Min: 0, Avg: 7.7, Max: 20, Diff: 20, Sum: 139]
      [Scan RS (ms): Min: 0.2, Avg: 0.8, Max: 1.1, Diff: 0.9, Sum: 14.0]
      [Object Copy (ms): Min: 7.7, Avg: 9.7, Max: 11.9, Diff: 4.2, Sum: 174.7]
      [Termination (ms): Min: 3.1, Avg: 5.0, Max: 5.2, Diff: 2.1, Sum: 89.2]
      [GC Worker Other (ms): Min: 0.0, Avg: 0.2, Max: 0.3, Diff: 0.3, Sum: 2.7]
      [GC Worker Total (ms): Min: 24.4, Avg: 24.7, Max: 25.2, Diff: 0.8, Sum: 444.6]
      [GC Worker End (ms): Min: 4810141.8, Avg: 4810141.9, Max: 4810142.5, Diff: 0.8]
   [Code Root Fixup: 0.0 ms]
   [Clear CT: 1.9 ms]
   [Other: 15.9 ms]
      [Choose CSet: 0.0 ms]
      [Ref Proc: 9.7 ms]
      [Ref Enq: 0.4 ms]
      [Free CSet: 5.2 ms]
   [Eden: 1552.0M(1552.0M)->0.0B(1558.0M) Survivors: 24.0M->18.0M Heap: 2079.1M(2252.0M)->520.6M(2252.0M)]
 [Times: user=0.50 sys=0.01, real=0.04 secs] 

 Concurrent RS processed 3674008 cards
  Of 112994 completed buffers:
       112994 (100.0%) by conc RS threads.
            0 (  0.0%) by mutator threads.
  Conc RS threads times(s)
          0.00     0.00     0.00     0.00     0.00     0.00     0.00     0.00     0.00     0.00     0.00     0.00     0.00     0.00     0.00     0.00     0.00     0.00     0.00
  Total heap region rem set sizes = 6111K.  Max = 35K.
  Static structures = 369K, free_lists = 238K.
    393229 occupied cards represented.
    Max size region = 0:(O)[0x0000000763400000,0x00000007634ffff0,0x0000000763500000], size = 36K, occupied = 102K.
    Did 4519 coarsenings.
2014-08-01T10:16:36.129-0500: 4816.573: [GC pause (young) 4816.573: [G1Ergonomics (CSet Construction) start choosing CSet, _pending_cards: 6029, predicted base time: 22.83 ms, remaining time: 77.17 ms, target pause time: 100.00 ms]
 4816.573: [G1Ergonomics (CSet Construction) add young regions to CSet, eden: 1558 regions, survivors: 18 regions, predicted young region time: 19.46 ms]
 4816.573: [G1Ergonomics (CSet Construction) finish choosing CSet, eden: 1558 regions, survivors: 18 regions, old: 0 regions, predicted pause time: 42.29 ms, target pause time: 100.00 ms]
, 0.0369950 secs]
   [Parallel Time: 23.0 ms, GC Workers: 18]
      [GC Worker Start (ms): Min: 4816572.9, Avg: 4816573.1, Max: 4816573.2, Diff: 0.3]
      [Ext Root Scanning (ms): Min: 5.5, Avg: 6.7, Max: 11.2, Diff: 5.7, Sum: 119.8]
      [Update RS (ms): Min: 0.0, Avg: 1.6, Max: 3.0, Diff: 3.0, Sum: 28.2]
         [Processed Buffers: Min: 0, Avg: 8.4, Max: 26, Diff: 26, Sum: 151]
      [Scan RS (ms): Min: 0.2, Avg: 0.7, Max: 0.9, Diff: 0.7, Sum: 11.9]
      [Object Copy (ms): Min: 9.9, Avg: 12.5, Max: 13.0, Diff: 3.1, Sum: 225.6]
      [Termination (ms): Min: 0.1, Avg: 0.4, Max: 0.4, Diff: 0.3, Sum: 6.5]
      [GC Worker Other (ms): Min: 0.0, Avg: 0.2, Max: 0.3, Diff: 0.3, Sum: 2.9]
      [GC Worker Total (ms): Min: 21.7, Avg: 21.9, Max: 22.2, Diff: 0.6, Sum: 394.9]
      [GC Worker End (ms): Min: 4816594.9, Avg: 4816595.0, Max: 4816595.2, Diff: 0.3]
   [Code Root Fixup: 0.0 ms]
   [Clear CT: 1.7 ms]
   [Other: 12.2 ms]
      [Choose CSet: 0.0 ms]
      [Ref Proc: 6.3 ms]
      [Ref Enq: 0.4 ms]
      [Free CSet: 4.8 ms]
   [Eden: 1558.0M(1558.0M)->0.0B(1555.0M) Survivors: 18.0M->21.0M Heap: 2078.6M(2252.0M)->523.9M(2252.0M)]
 [Times: user=0.45 sys=0.00, real=0.04 secs] 

 Concurrent RS processed 3676406 cards
  Of 113145 completed buffers:
       113145 (100.0%) by conc RS threads.
            0 (  0.0%) by mutator threads.
  Conc RS threads times(s)
          0.00     0.00     0.00     0.00     0.00     0.00     0.00     0.00     0.00     0.00     0.00     0.00     0.00     0.00     0.00     0.00     0.00     0.00     0.00
  Total heap region rem set sizes = 6111K.  Max = 35K.
  Static structures = 369K, free_lists = 238K.
    393457 occupied cards represented.
    Max size region = 0:(O)[0x0000000763400000,0x00000007634ffff0,0x0000000763500000], size = 36K, occupied = 102K.
    Did 4519 coarsenings.
2014-08-01T10:16:42.256-0500: 4822.699: [GC pause (young) 4822.699: [G1Ergonomics (CSet Construction) start choosing CSet, _pending_cards: 5474, predicted base time: 21.69 ms, remaining time: 78.31 ms, target pause time: 100.00 ms]
 4822.699: [G1Ergonomics (CSet Construction) add young regions to CSet, eden: 1555 regions, survivors: 21 regions, predicted young region time: 12.97 ms]
 4822.699: [G1Ergonomics (CSet Construction) finish choosing CSet, eden: 1555 regions, survivors: 21 regions, old: 0 regions, predicted pause time: 34.66 ms, target pause time: 100.00 ms]
, 0.0584060 secs]
   [Parallel Time: 36.9 ms, GC Workers: 18]
      [GC Worker Start (ms): Min: 4822699.3, Avg: 4822699.5, Max: 4822699.6, Diff: 0.3]
      [Ext Root Scanning (ms): Min: 7.0, Avg: 9.3, Max: 11.3, Diff: 4.3, Sum: 166.7]
      [Update RS (ms): Min: 0.0, Avg: 2.0, Max: 13.3, Diff: 13.2, Sum: 35.9]
         [Processed Buffers: Min: 0, Avg: 7.9, Max: 19, Diff: 19, Sum: 142]
      [Scan RS (ms): Min: 0.2, Avg: 0.8, Max: 0.9, Diff: 0.7, Sum: 13.9]
      [Object Copy (ms): Min: 1.9, Avg: 11.7, Max: 13.4, Diff: 11.5, Sum: 211.1]
      [Termination (ms): Min: 0.2, Avg: 1.1, Max: 1.3, Diff: 1.1, Sum: 19.9]
      [GC Worker Other (ms): Min: 0.0, Avg: 1.4, Max: 10.8, Diff: 10.7, Sum: 24.5]
      [GC Worker Total (ms): Min: 24.8, Avg: 26.2, Max: 35.6, Diff: 10.8, Sum: 471.9]
      [GC Worker End (ms): Min: 4822724.3, Avg: 4822725.7, Max: 4822735.1, Diff: 10.7]
   [Code Root Fixup: 0.0 ms]
   [Clear CT: 1.9 ms]
   [Other: 19.6 ms]
      [Choose CSet: 0.0 ms]
      [Ref Proc: 12.2 ms]
      [Ref Enq: 0.9 ms]
      [Free CSet: 5.8 ms]
   [Eden: 1555.0M(1555.0M)->0.0B(1560.0M) Survivors: 21.0M->16.0M Heap: 2078.9M(2252.0M)->519.3M(2252.0M)]
 [Times: user=0.46 sys=0.01, real=0.06 secs] 

 Concurrent RS processed 3678856 cards
  Of 113287 completed buffers:
       113287 (100.0%) by conc RS threads.
            0 (  0.0%) by mutator threads.
  Conc RS threads times(s)
          0.00     0.00     0.00     0.00     0.00     0.00     0.00     0.00     0.00     0.00     0.00     0.00     0.00     0.00     0.00     0.00     0.00     0.00     0.00
  Total heap region rem set sizes = 6114K.  Max = 35K.
  Static structures = 369K, free_lists = 238K.
    393872 occupied cards represented.
    Max size region = 0:(O)[0x0000000763400000,0x00000007634ffff0,0x0000000763500000], size = 36K, occupied = 102K.
    Did 4519 coarsenings.
2014-08-01T10:16:48.350-0500: 4828.793: [GC pause (young) 4828.793: [G1Ergonomics (CSet Construction) start choosing CSet, _pending_cards: 5207, predicted base time: 29.56 ms, remaining time: 70.44 ms, target pause time: 100.00 ms]
 4828.793: [G1Ergonomics (CSet Construction) add young regions to CSet, eden: 1560 regions, survivors: 16 regions, predicted young region time: 21.30 ms]
 4828.793: [G1Ergonomics (CSet Construction) finish choosing CSet, eden: 1560 regions, survivors: 16 regions, old: 0 regions, predicted pause time: 50.86 ms, target pause time: 100.00 ms]
, 0.0381690 secs]
   [Parallel Time: 22.0 ms, GC Workers: 18]
      [GC Worker Start (ms): Min: 4828793.3, Avg: 4828793.5, Max: 4828793.7, Diff: 0.4]
      [Ext Root Scanning (ms): Min: 5.8, Avg: 7.1, Max: 11.3, Diff: 5.5, Sum: 126.9]
      [Update RS (ms): Min: 0.0, Avg: 1.5, Max: 3.3, Diff: 3.3, Sum: 26.3]
         [Processed Buffers: Min: 0, Avg: 7.6, Max: 16, Diff: 16, Sum: 136]
      [Scan RS (ms): Min: 0.2, Avg: 0.7, Max: 0.9, Diff: 0.7, Sum: 13.2]
      [Object Copy (ms): Min: 9.2, Avg: 11.4, Max: 12.1, Diff: 3.0, Sum: 205.5]
      [Termination (ms): Min: 0.2, Avg: 0.6, Max: 1.0, Diff: 0.8, Sum: 10.2]
      [GC Worker Other (ms): Min: 0.0, Avg: 0.2, Max: 0.3, Diff: 0.3, Sum: 3.0]
      [GC Worker Total (ms): Min: 21.1, Avg: 21.4, Max: 21.7, Diff: 0.6, Sum: 385.1]
      [GC Worker End (ms): Min: 4828814.7, Avg: 4828814.9, Max: 4828815.0, Diff: 0.3]
   [Code Root Fixup: 0.0 ms]
   [Clear CT: 1.7 ms]
   [Other: 14.4 ms]
      [Choose CSet: 0.0 ms]
      [Ref Proc: 8.6 ms]
      [Ref Enq: 0.4 ms]
      [Free CSet: 4.8 ms]
   [Eden: 1560.0M(1560.0M)->0.0B(1562.0M) Survivors: 16.0M->14.0M Heap: 2079.3M(2252.0M)->517.4M(2252.0M)]
 [Times: user=0.43 sys=0.00, real=0.04 secs] 

 Concurrent RS processed 3681189 cards
  Of 113423 completed buffers:
       113423 (100.0%) by conc RS threads.
            0 (  0.0%) by mutator threads.
  Conc RS threads times(s)
          0.00     0.00     0.00     0.00     0.00     0.00     0.00     0.00     0.00     0.00     0.00     0.00     0.00     0.00     0.00     0.00     0.00     0.00     0.00
  Total heap region rem set sizes = 6111K.  Max = 35K.
  Static structures = 369K, free_lists = 238K.
    393954 occupied cards represented.
    Max size region = 0:(O)[0x0000000763400000,0x00000007634ffff0,0x0000000763500000], size = 36K, occupied = 102K.
    Did 4519 coarsenings.
2014-08-01T10:16:55.023-0500: 4835.466: [GC pause (young) 4835.466: [G1Ergonomics (CSet Construction) start choosing CSet, _pending_cards: 5501, predicted base time: 27.60 ms, remaining time: 72.40 ms, target pause time: 100.00 ms]
 4835.466: [G1Ergonomics (CSet Construction) add young regions to CSet, eden: 1562 regions, survivors: 14 regions, predicted young region time: 22.75 ms]
 4835.466: [G1Ergonomics (CSet Construction) finish choosing CSet, eden: 1562 regions, survivors: 14 regions, old: 0 regions, predicted pause time: 50.35 ms, target pause time: 100.00 ms]
, 0.0374780 secs]
   [Parallel Time: 19.2 ms, GC Workers: 18]
      [GC Worker Start (ms): Min: 4835466.3, Avg: 4835466.5, Max: 4835466.7, Diff: 0.4]
      [Ext Root Scanning (ms): Min: 6.4, Avg: 8.1, Max: 12.4, Diff: 5.9, Sum: 145.2]
      [Update RS (ms): Min: 0.0, Avg: 1.4, Max: 2.2, Diff: 2.2, Sum: 26.0]
         [Processed Buffers: Min: 0, Avg: 7.6, Max: 20, Diff: 20, Sum: 136]
      [Scan RS (ms): Min: 0.2, Avg: 1.1, Max: 8.3, Diff: 8.2, Sum: 19.7]
      [Object Copy (ms): Min: 1.9, Avg: 7.4, Max: 8.4, Diff: 6.5, Sum: 134.0]
      [Termination (ms): Min: 0.0, Avg: 0.5, Max: 0.5, Diff: 0.5, Sum: 8.5]
      [GC Worker Other (ms): Min: 0.0, Avg: 0.2, Max: 0.3, Diff: 0.3, Sum: 3.0]
      [GC Worker Total (ms): Min: 18.4, Avg: 18.7, Max: 18.9, Diff: 0.5, Sum: 336.5]
      [GC Worker End (ms): Min: 4835485.1, Avg: 4835485.2, Max: 4835485.4, Diff: 0.3]
   [Code Root Fixup: 0.0 ms]
   [Clear CT: 1.9 ms]
   [Other: 16.3 ms]
      [Choose CSet: 0.0 ms]
      [Ref Proc: 10.4 ms]
      [Ref Enq: 0.4 ms]
      [Free CSet: 4.8 ms]
   [Eden: 1562.0M(1562.0M)->0.0B(1563.0M) Survivors: 14.0M->13.0M Heap: 2079.4M(2252.0M)->516.0M(2252.0M)]
 [Times: user=0.39 sys=0.01, real=0.04 secs] 

 Concurrent RS processed 3683584 cards
  Of 113559 completed buffers:
       113559 (100.0%) by conc RS threads.
            0 (  0.0%) by mutator threads.
  Conc RS threads times(s)
          0.00     0.00     0.00     0.00     0.00     0.00     0.00     0.00     0.00     0.00     0.00     0.00     0.00     0.00     0.00     0.00     0.00     0.00     0.00
  Total heap region rem set sizes = 6111K.  Max = 35K.
  Static structures = 369K, free_lists = 238K.
    394218 occupied cards represented.
    Max size region = 0:(O)[0x0000000763400000,0x00000007634ffff0,0x0000000763500000], size = 36K, occupied = 102K.
    Did 4519 coarsenings.
2014-08-01T10:17:00.940-0500: 4841.383: [GC pause (young) 4841.383: [G1Ergonomics (CSet Construction) start choosing CSet, _pending_cards: 5728, predicted base time: 26.88 ms, remaining time: 73.12 ms, target pause time: 100.00 ms]
 4841.383: [G1Ergonomics (CSet Construction) add young regions to CSet, eden: 1563 regions, survivors: 13 regions, predicted young region time: 13.83 ms]
 4841.383: [G1Ergonomics (CSet Construction) finish choosing CSet, eden: 1563 regions, survivors: 13 regions, old: 0 regions, predicted pause time: 40.70 ms, target pause time: 100.00 ms]
, 0.0340370 secs]
   [Parallel Time: 19.3 ms, GC Workers: 18]
      [GC Worker Start (ms): Min: 4841383.2, Avg: 4841383.4, Max: 4841383.5, Diff: 0.3]
      [Ext Root Scanning (ms): Min: 4.4, Avg: 6.8, Max: 15.2, Diff: 10.8, Sum: 123.3]
      [Update RS (ms): Min: 0.0, Avg: 1.6, Max: 3.4, Diff: 3.4, Sum: 28.7]
         [Processed Buffers: Min: 0, Avg: 7.9, Max: 29, Diff: 29, Sum: 142]
      [Scan RS (ms): Min: 0.2, Avg: 0.7, Max: 0.9, Diff: 0.7, Sum: 13.0]
      [Object Copy (ms): Min: 2.3, Avg: 8.8, Max: 9.7, Diff: 7.4, Sum: 159.0]
      [Termination (ms): Min: 0.0, Avg: 0.5, Max: 1.0, Diff: 1.0, Sum: 8.9]
      [GC Worker Other (ms): Min: 0.0, Avg: 0.1, Max: 0.3, Diff: 0.3, Sum: 2.2]
      [GC Worker Total (ms): Min: 18.4, Avg: 18.6, Max: 18.9, Diff: 0.5, Sum: 335.0]
      [GC Worker End (ms): Min: 4841401.8, Avg: 4841402.0, Max: 4841402.4, Diff: 0.5]
   [Code Root Fixup: 0.0 ms]
   [Clear CT: 1.8 ms]
   [Other: 12.9 ms]
      [Choose CSet: 0.0 ms]
      [Ref Proc: 6.3 ms]
      [Ref Enq: 0.4 ms]
      [Free CSet: 5.5 ms]
   [Eden: 1563.0M(1563.0M)->0.0B(1552.0M) Survivors: 13.0M->24.0M Heap: 2079.0M(2252.0M)->527.5M(2252.0M)]
 [Times: user=0.37 sys=0.01, real=0.03 secs] 

 Concurrent RS processed 3685981 cards
  Of 113701 completed buffers:
       113701 (100.0%) by conc RS threads.
            0 (  0.0%) by mutator threads.
  Conc RS threads times(s)
          0.00     0.00     0.00     0.00     0.00     0.00     0.00     0.00     0.00     0.00     0.00     0.00     0.00     0.00     0.00     0.00     0.00     0.00     0.00
  Total heap region rem set sizes = 6111K.  Max = 35K.
  Static structures = 369K, free_lists = 238K.
    394511 occupied cards represented.
    Max size region = 0:(O)[0x0000000763400000,0x00000007634ffff0,0x0000000763500000], size = 36K, occupied = 102K.
    Did 4519 coarsenings.
2014-08-01T10:17:06.997-0500: 4847.440: [GC pause (young) 4847.440: [G1Ergonomics (CSet Construction) start choosing CSet, _pending_cards: 5712, predicted base time: 24.94 ms, remaining time: 75.06 ms, target pause time: 100.00 ms]
 4847.440: [G1Ergonomics (CSet Construction) add young regions to CSet, eden: 1552 regions, survivors: 24 regions, predicted young region time: 16.04 ms]
 4847.440: [G1Ergonomics (CSet Construction) finish choosing CSet, eden: 1552 regions, survivors: 24 regions, old: 0 regions, predicted pause time: 40.98 ms, target pause time: 100.00 ms]
, 0.0370380 secs]
   [Parallel Time: 21.8 ms, GC Workers: 18]
      [GC Worker Start (ms): Min: 4847440.4, Avg: 4847440.7, Max: 4847441.0, Diff: 0.6]
      [Ext Root Scanning (ms): Min: 6.4, Avg: 8.2, Max: 16.8, Diff: 10.4, Sum: 147.4]
      [Update RS (ms): Min: 0.0, Avg: 1.6, Max: 2.7, Diff: 2.7, Sum: 28.3]
         [Processed Buffers: Min: 0, Avg: 7.8, Max: 32, Diff: 32, Sum: 140]
      [Scan RS (ms): Min: 0.2, Avg: 0.7, Max: 1.0, Diff: 0.8, Sum: 12.2]
      [Object Copy (ms): Min: 3.3, Avg: 10.2, Max: 11.3, Diff: 8.0, Sum: 184.3]
      [Termination (ms): Min: 0.1, Avg: 0.2, Max: 0.2, Diff: 0.2, Sum: 3.3]
      [GC Worker Other (ms): Min: 0.1, Avg: 0.2, Max: 0.4, Diff: 0.3, Sum: 3.6]
      [GC Worker Total (ms): Min: 20.7, Avg: 21.1, Max: 21.5, Diff: 0.8, Sum: 379.1]
      [GC Worker End (ms): Min: 4847461.7, Avg: 4847461.8, Max: 4847462.0, Diff: 0.3]
   [Code Root Fixup: 0.0 ms]
   [Clear CT: 1.7 ms]
   [Other: 13.6 ms]
      [Choose CSet: 0.0 ms]
      [Ref Proc: 6.8 ms]
      [Ref Enq: 0.6 ms]
      [Free CSet: 5.6 ms]
   [Eden: 1552.0M(1552.0M)->0.0B(1561.0M) Survivors: 24.0M->15.0M Heap: 2079.5M(2252.0M)->518.1M(2252.0M)]
 [Times: user=0.41 sys=0.00, real=0.03 secs] 

 Concurrent RS processed 3688389 cards
  Of 113841 completed buffers:
       113841 (100.0%) by conc RS threads.
            0 (  0.0%) by mutator threads.
  Conc RS threads times(s)
          0.00     0.00     0.00     0.00     0.00     0.00     0.00     0.00     0.00     0.00     0.00     0.00     0.00     0.00     0.00     0.00     0.00     0.00     0.00
  Total heap region rem set sizes = 6112K.  Max = 35K.
  Static structures = 369K, free_lists = 238K.
    394788 occupied cards represented.
    Max size region = 0:(O)[0x0000000763400000,0x00000007634ffff0,0x0000000763500000], size = 36K, occupied = 103K.
    Did 4519 coarsenings.
2014-08-01T10:17:13.371-0500: 4853.814: [GC pause (young) 4853.814: [G1Ergonomics (CSet Construction) start choosing CSet, _pending_cards: 5524, predicted base time: 23.85 ms, remaining time: 76.15 ms, target pause time: 100.00 ms]
 4853.814: [G1Ergonomics (CSet Construction) add young regions to CSet, eden: 1561 regions, survivors: 15 regions, predicted young region time: 16.52 ms]
 4853.814: [G1Ergonomics (CSet Construction) finish choosing CSet, eden: 1561 regions, survivors: 15 regions, old: 0 regions, predicted pause time: 40.37 ms, target pause time: 100.00 ms]
, 0.0581590 secs]
   [Parallel Time: 19.6 ms, GC Workers: 18]
      [GC Worker Start (ms): Min: 4853814.4, Avg: 4853814.6, Max: 4853814.7, Diff: 0.3]
      [Ext Root Scanning (ms): Min: 4.7, Avg: 6.4, Max: 11.2, Diff: 6.5, Sum: 115.6]
      [Update RS (ms): Min: 0.0, Avg: 1.5, Max: 3.5, Diff: 3.5, Sum: 26.9]
         [Processed Buffers: Min: 0, Avg: 7.8, Max: 30, Diff: 30, Sum: 141]
      [Scan RS (ms): Min: 0.1, Avg: 0.6, Max: 1.8, Diff: 1.7, Sum: 11.4]
      [Object Copy (ms): Min: 6.3, Avg: 9.2, Max: 10.2, Diff: 3.9, Sum: 165.8]
      [Termination (ms): Min: 0.0, Avg: 0.4, Max: 1.5, Diff: 1.5, Sum: 7.2]
      [GC Worker Other (ms): Min: 0.0, Avg: 0.1, Max: 0.3, Diff: 0.3, Sum: 2.7]
      [GC Worker Total (ms): Min: 18.1, Avg: 18.3, Max: 19.3, Diff: 1.2, Sum: 329.5]
      [GC Worker End (ms): Min: 4853832.7, Avg: 4853832.9, Max: 4853833.9, Diff: 1.2]
   [Code Root Fixup: 0.0 ms]
   [Clear CT: 1.8 ms]
   [Other: 36.8 ms]
      [Choose CSet: 0.0 ms]
      [Ref Proc: 32.2 ms]
      [Ref Enq: 0.8 ms]
      [Free CSet: 3.2 ms]
   [Eden: 1561.0M(1561.0M)->0.0B(1564.0M) Survivors: 15.0M->12.0M Heap: 2079.1M(2252.0M)->515.6M(2252.0M)]
 [Times: user=0.48 sys=0.00, real=0.06 secs] 

 Concurrent RS processed 3690901 cards
  Of 113982 completed buffers:
       113982 (100.0%) by conc RS threads.
            0 (  0.0%) by mutator threads.
  Conc RS threads times(s)
          0.00     0.00     0.00     0.00     0.00     0.00     0.00     0.00     0.00     0.00     0.00     0.00     0.00     0.00     0.00     0.00     0.00     0.00     0.00
  Total heap region rem set sizes = 6117K.  Max = 35K.
  Static structures = 369K, free_lists = 237K.
    395208 occupied cards represented.
    Max size region = 0:(O)[0x0000000763400000,0x00000007634ffff0,0x0000000763500000], size = 36K, occupied = 103K.
    Did 4519 coarsenings.
2014-08-01T10:17:19.600-0500: 4860.044: [GC pause (young) 4860.044: [G1Ergonomics (CSet Construction) start choosing CSet, _pending_cards: 5970, predicted base time: 33.48 ms, remaining time: 66.52 ms, target pause time: 100.00 ms]
 4860.044: [G1Ergonomics (CSet Construction) add young regions to CSet, eden: 1564 regions, survivors: 12 regions, predicted young region time: 13.47 ms]
 4860.044: [G1Ergonomics (CSet Construction) finish choosing CSet, eden: 1564 regions, survivors: 12 regions, old: 0 regions, predicted pause time: 46.95 ms, target pause time: 100.00 ms]
, 0.0377500 secs]
   [Parallel Time: 20.9 ms, GC Workers: 18]
      [GC Worker Start (ms): Min: 4860044.0, Avg: 4860044.1, Max: 4860044.3, Diff: 0.3]
      [Ext Root Scanning (ms): Min: 5.8, Avg: 7.8, Max: 10.7, Diff: 4.9, Sum: 139.8]
      [Update RS (ms): Min: 0.0, Avg: 1.5, Max: 3.3, Diff: 3.3, Sum: 26.4]
         [Processed Buffers: Min: 0, Avg: 7.6, Max: 24, Diff: 24, Sum: 137]
      [Scan RS (ms): Min: 0.2, Avg: 2.2, Max: 9.9, Diff: 9.6, Sum: 39.1]
      [Object Copy (ms): Min: 1.5, Avg: 8.2, Max: 10.5, Diff: 9.1, Sum: 148.2]
      [Termination (ms): Min: 0.0, Avg: 0.5, Max: 0.9, Diff: 0.9, Sum: 8.2]
      [GC Worker Other (ms): Min: 0.0, Avg: 0.2, Max: 0.4, Diff: 0.4, Sum: 3.7]
      [GC Worker Total (ms): Min: 20.0, Avg: 20.3, Max: 20.6, Diff: 0.7, Sum: 365.4]
      [GC Worker End (ms): Min: 4860064.2, Avg: 4860064.4, Max: 4860064.6, Diff: 0.4]
   [Code Root Fixup: 0.0 ms]
   [Clear CT: 1.8 ms]
   [Other: 15.1 ms]
      [Choose CSet: 0.0 ms]
      [Ref Proc: 9.5 ms]
      [Ref Enq: 0.5 ms]
      [Free CSet: 4.4 ms]
   [Eden: 1564.0M(1564.0M)->0.0B(1550.0M) Survivors: 12.0M->26.0M Heap: 2079.6M(2252.0M)->529.3M(2252.0M)]
 [Times: user=0.37 sys=0.01, real=0.04 secs] 

 Concurrent RS processed 3693369 cards
  Of 114119 completed buffers:
       114119 (100.0%) by conc RS threads.
            0 (  0.0%) by mutator threads.
  Conc RS threads times(s)
          0.00     0.00     0.00     0.00     0.00     0.00     0.00     0.00     0.00     0.00     0.00     0.00     0.00     0.00     0.00     0.00     0.00     0.00     0.00
  Total heap region rem set sizes = 6117K.  Max = 35K.
  Static structures = 369K, free_lists = 237K.
    395549 occupied cards represented.
    Max size region = 0:(O)[0x0000000763400000,0x00000007634ffff0,0x0000000763500000], size = 36K, occupied = 103K.
    Did 4519 coarsenings.
2014-08-01T10:17:25.879-0500: 4866.322: [GC pause (young) 4866.322: [G1Ergonomics (CSet Construction) start choosing CSet, _pending_cards: 5736, predicted base time: 30.92 ms, remaining time: 69.08 ms, target pause time: 100.00 ms]
 4866.322: [G1Ergonomics (CSet Construction) add young regions to CSet, eden: 1550 regions, survivors: 26 regions, predicted young region time: 24.92 ms]
 4866.322: [G1Ergonomics (CSet Construction) finish choosing CSet, eden: 1550 regions, survivors: 26 regions, old: 0 regions, predicted pause time: 55.83 ms, target pause time: 100.00 ms]
, 0.0413070 secs]
   [Parallel Time: 24.5 ms, GC Workers: 18]
      [GC Worker Start (ms): Min: 4866322.2, Avg: 4866322.4, Max: 4866322.6, Diff: 0.3]
      [Ext Root Scanning (ms): Min: 4.8, Avg: 6.7, Max: 11.8, Diff: 6.9, Sum: 119.7]
      [Update RS (ms): Min: 0.0, Avg: 1.6, Max: 3.3, Diff: 3.3, Sum: 29.5]
         [Processed Buffers: Min: 0, Avg: 7.8, Max: 24, Diff: 24, Sum: 141]
      [Scan RS (ms): Min: 0.2, Avg: 0.7, Max: 0.9, Diff: 0.7, Sum: 11.7]
      [Object Copy (ms): Min: 5.2, Avg: 8.4, Max: 11.9, Diff: 6.7, Sum: 151.8]
      [Termination (ms): Min: 0.0, Avg: 3.3, Max: 3.6, Diff: 3.6, Sum: 58.7]
      [GC Worker Other (ms): Min: 0.0, Avg: 1.4, Max: 2.4, Diff: 2.4, Sum: 25.5]
      [GC Worker Total (ms): Min: 20.6, Avg: 22.1, Max: 23.1, Diff: 2.6, Sum: 397.0]
      [GC Worker End (ms): Min: 4866343.1, Avg: 4866344.5, Max: 4866345.5, Diff: 2.4]
   [Code Root Fixup: 0.0 ms]
   [Clear CT: 2.2 ms]
   [Other: 14.6 ms]
      [Choose CSet: 0.0 ms]
      [Ref Proc: 8.0 ms]
      [Ref Enq: 0.4 ms]
      [Free CSet: 5.5 ms]
   [Eden: 1550.0M(1550.0M)->0.0B(1558.0M) Survivors: 26.0M->18.0M Heap: 2079.3M(2252.0M)->521.5M(2252.0M)]
 [Times: user=0.42 sys=0.01, real=0.04 secs] 

 Concurrent RS processed 3695766 cards
  Of 114260 completed buffers:
       114260 (100.0%) by conc RS threads.
            0 (  0.0%) by mutator threads.
  Conc RS threads times(s)
          0.00     0.00     0.00     0.00     0.00     0.00     0.00     0.00     0.00     0.00     0.00     0.00     0.00     0.00     0.00     0.00     0.00     0.00     0.00
  Total heap region rem set sizes = 6117K.  Max = 35K.
  Static structures = 369K, free_lists = 237K.
    395838 occupied cards represented.
    Max size region = 0:(O)[0x0000000763400000,0x00000007634ffff0,0x0000000763500000], size = 36K, occupied = 103K.
    Did 4519 coarsenings.
2014-08-01T10:17:32.403-0500: 4872.846: [GC pause (young) 4872.846: [G1Ergonomics (CSet Construction) start choosing CSet, _pending_cards: 5772, predicted base time: 29.29 ms, remaining time: 70.71 ms, target pause time: 100.00 ms]
 4872.846: [G1Ergonomics (CSet Construction) add young regions to CSet, eden: 1558 regions, survivors: 18 regions, predicted young region time: 18.47 ms]
 4872.846: [G1Ergonomics (CSet Construction) finish choosing CSet, eden: 1558 regions, survivors: 18 regions, old: 0 regions, predicted pause time: 47.76 ms, target pause time: 100.00 ms]
, 0.0387800 secs]
   [Parallel Time: 20.0 ms, GC Workers: 18]
      [GC Worker Start (ms): Min: 4872846.5, Avg: 4872846.7, Max: 4872846.8, Diff: 0.3]
      [Ext Root Scanning (ms): Min: 6.0, Avg: 7.2, Max: 11.8, Diff: 5.8, Sum: 130.1]
      [Update RS (ms): Min: 0.0, Avg: 1.7, Max: 3.0, Diff: 3.0, Sum: 31.2]
         [Processed Buffers: Min: 0, Avg: 8.2, Max: 20, Diff: 20, Sum: 148]
      [Scan RS (ms): Min: 0.2, Avg: 0.7, Max: 0.9, Diff: 0.7, Sum: 12.2]
      [Object Copy (ms): Min: 6.5, Avg: 9.0, Max: 9.4, Diff: 2.9, Sum: 161.2]
      [Termination (ms): Min: 0.1, Avg: 0.3, Max: 0.4, Diff: 0.3, Sum: 5.8]
      [GC Worker Other (ms): Min: 0.0, Avg: 0.2, Max: 0.4, Diff: 0.3, Sum: 3.7]
      [GC Worker Total (ms): Min: 18.8, Avg: 19.1, Max: 19.4, Diff: 0.6, Sum: 344.2]
      [GC Worker End (ms): Min: 4872865.7, Avg: 4872865.8, Max: 4872866.0, Diff: 0.3]
   [Code Root Fixup: 0.0 ms]
   [Clear CT: 1.8 ms]
   [Other: 17.0 ms]
      [Choose CSet: 0.0 ms]
      [Ref Proc: 11.5 ms]
      [Ref Enq: 0.5 ms]
      [Free CSet: 4.4 ms]
   [Eden: 1558.0M(1558.0M)->0.0B(1561.0M) Survivors: 18.0M->15.0M Heap: 2079.5M(2252.0M)->518.3M(2252.0M)]
 [Times: user=0.43 sys=0.01, real=0.04 secs] 

 Concurrent RS processed 3698204 cards
  Of 114408 completed buffers:
       114408 (100.0%) by conc RS threads.
            0 (  0.0%) by mutator threads.
  Conc RS threads times(s)
          0.00     0.00     0.00     0.00     0.00     0.00     0.00     0.00     0.00     0.00     0.00     0.00     0.00     0.00     0.00     0.00     0.00     0.00     0.00
  Total heap region rem set sizes = 6118K.  Max = 35K.
  Static structures = 369K, free_lists = 237K.
    396142 occupied cards represented.
    Max size region = 0:(O)[0x0000000763400000,0x00000007634ffff0,0x0000000763500000], size = 36K, occupied = 103K.
    Did 4519 coarsenings.
2014-08-01T10:17:38.877-0500: 4879.321: [GC pause (young) 4879.321: [G1Ergonomics (CSet Construction) start choosing CSet, _pending_cards: 5520, predicted base time: 28.24 ms, remaining time: 71.76 ms, target pause time: 100.00 ms]
 4879.321: [G1Ergonomics (CSet Construction) add young regions to CSet, eden: 1561 regions, survivors: 15 regions, predicted young region time: 10.95 ms]
 4879.321: [G1Ergonomics (CSet Construction) finish choosing CSet, eden: 1561 regions, survivors: 15 regions, old: 0 regions, predicted pause time: 39.19 ms, target pause time: 100.00 ms]
, 0.0444590 secs]
   [Parallel Time: 18.2 ms, GC Workers: 18]
      [GC Worker Start (ms): Min: 4879321.1, Avg: 4879321.2, Max: 4879321.4, Diff: 0.3]
      [Ext Root Scanning (ms): Min: 4.4, Avg: 6.4, Max: 11.1, Diff: 6.6, Sum: 115.9]
      [Update RS (ms): Min: 0.0, Avg: 1.5, Max: 4.0, Diff: 4.0, Sum: 26.2]
         [Processed Buffers: Min: 0, Avg: 8.1, Max: 31, Diff: 31, Sum: 145]
      [Scan RS (ms): Min: 0.2, Avg: 0.7, Max: 0.9, Diff: 0.7, Sum: 12.7]
      [Object Copy (ms): Min: 6.2, Avg: 8.8, Max: 9.6, Diff: 3.4, Sum: 157.7]
      [Termination (ms): Min: 0.1, Avg: 0.2, Max: 0.4, Diff: 0.3, Sum: 2.7]
      [GC Worker Other (ms): Min: 0.0, Avg: 0.2, Max: 0.3, Diff: 0.3, Sum: 3.3]
      [GC Worker Total (ms): Min: 17.4, Avg: 17.7, Max: 18.0, Diff: 0.6, Sum: 318.5]
      [GC Worker End (ms): Min: 4879338.7, Avg: 4879338.9, Max: 4879339.1, Diff: 0.4]
   [Code Root Fixup: 0.0 ms]
   [Clear CT: 2.8 ms]
   [Other: 23.4 ms]
      [Choose CSet: 0.0 ms]
      [Ref Proc: 17.8 ms]
      [Ref Enq: 0.7 ms]
      [Free CSet: 4.3 ms]
   [Eden: 1561.0M(1561.0M)->0.0B(1556.0M) Survivors: 15.0M->20.0M Heap: 2079.3M(2252.0M)->523.5M(2252.0M)]
 [Times: user=0.50 sys=0.01, real=0.05 secs] 

 Concurrent RS processed 3700661 cards
  Of 114553 completed buffers:
       114553 (100.0%) by conc RS threads.
            0 (  0.0%) by mutator threads.
  Conc RS threads times(s)
          0.00     0.00     0.00     0.00     0.00     0.00     0.00     0.00     0.00     0.00     0.00     0.00     0.00     0.00     0.00     0.00     0.00     0.00     0.00
  Total heap region rem set sizes = 6118K.  Max = 35K.
  Static structures = 369K, free_lists = 237K.
    396463 occupied cards represented.
    Max size region = 0:(O)[0x0000000763400000,0x00000007634ffff0,0x0000000763500000], size = 36K, occupied = 103K.
    Did 4519 coarsenings.
2014-08-01T10:17:45.213-0500: 4885.656: [GC pause (young) 4885.656: [G1Ergonomics (CSet Construction) start choosing CSet, _pending_cards: 5735, predicted base time: 29.56 ms, remaining time: 70.44 ms, target pause time: 100.00 ms]
 4885.656: [G1Ergonomics (CSet Construction) add young regions to CSet, eden: 1556 regions, survivors: 20 regions, predicted young region time: 10.56 ms]
 4885.656: [G1Ergonomics (CSet Construction) finish choosing CSet, eden: 1556 regions, survivors: 20 regions, old: 0 regions, predicted pause time: 40.12 ms, target pause time: 100.00 ms]
, 0.0468560 secs]
   [Parallel Time: 27.4 ms, GC Workers: 18]
      [GC Worker Start (ms): Min: 4885656.3, Avg: 4885656.5, Max: 4885656.6, Diff: 0.3]
      [Ext Root Scanning (ms): Min: 7.4, Avg: 8.9, Max: 11.1, Diff: 3.7, Sum: 160.6]
      [Update RS (ms): Min: 0.0, Avg: 1.7, Max: 4.8, Diff: 4.8, Sum: 31.3]
         [Processed Buffers: Min: 0, Avg: 7.6, Max: 27, Diff: 27, Sum: 136]
      [Scan RS (ms): Min: 0.2, Avg: 0.8, Max: 1.1, Diff: 0.9, Sum: 13.8]
      [Object Copy (ms): Min: 8.3, Avg: 10.0, Max: 14.6, Diff: 6.3, Sum: 180.1]
      [Termination (ms): Min: 0.0, Avg: 5.3, Max: 5.8, Diff: 5.8, Sum: 96.1]
      [GC Worker Other (ms): Min: 0.0, Avg: 0.2, Max: 0.4, Diff: 0.3, Sum: 3.1]
      [GC Worker Total (ms): Min: 26.7, Avg: 26.9, Max: 27.2, Diff: 0.5, Sum: 485.1]
      [GC Worker End (ms): Min: 4885683.3, Avg: 4885683.4, Max: 4885683.6, Diff: 0.3]
   [Code Root Fixup: 0.0 ms]
   [Clear CT: 1.9 ms]
   [Other: 17.5 ms]
      [Choose CSet: 0.0 ms]
      [Ref Proc: 10.8 ms]
      [Ref Enq: 0.5 ms]
      [Free CSet: 5.7 ms]
   [Eden: 1556.0M(1556.0M)->0.0B(1563.0M) Survivors: 20.0M->13.0M Heap: 2079.5M(2252.0M)->516.9M(2252.0M)]
 [Times: user=0.49 sys=0.02, real=0.04 secs] 

 Concurrent RS processed 3703082 cards
  Of 114689 completed buffers:
       114689 (100.0%) by conc RS threads.
            0 (  0.0%) by mutator threads.
  Conc RS threads times(s)
          0.00     0.00     0.00     0.00     0.00     0.00     0.00     0.00     0.00     0.00     0.00     0.00     0.00     0.00     0.00     0.00     0.00     0.00     0.00
  Total heap region rem set sizes = 6119K.  Max = 35K.
  Static structures = 369K, free_lists = 236K.
    396722 occupied cards represented.
    Max size region = 0:(O)[0x0000000763400000,0x00000007634ffff0,0x0000000763500000], size = 36K, occupied = 103K.
    Did 4519 coarsenings.
2014-08-01T10:17:51.978-0500: 4892.421: [GC pause (young) 4892.421: [G1Ergonomics (CSet Construction) start choosing CSet, _pending_cards: 5511, predicted base time: 28.53 ms, remaining time: 71.47 ms, target pause time: 100.00 ms]
 4892.421: [G1Ergonomics (CSet Construction) add young regions to CSet, eden: 1563 regions, survivors: 13 regions, predicted young region time: 22.76 ms]
 4892.421: [G1Ergonomics (CSet Construction) finish choosing CSet, eden: 1563 regions, survivors: 13 regions, old: 0 regions, predicted pause time: 51.28 ms, target pause time: 100.00 ms]
, 0.0362170 secs]
   [Parallel Time: 17.8 ms, GC Workers: 18]
      [GC Worker Start (ms): Min: 4892421.6, Avg: 4892421.8, Max: 4892422.0, Diff: 0.4]
      [Ext Root Scanning (ms): Min: 5.7, Avg: 7.0, Max: 12.8, Diff: 7.1, Sum: 125.1]
      [Update RS (ms): Min: 0.0, Avg: 1.8, Max: 2.9, Diff: 2.9, Sum: 31.6]
         [Processed Buffers: Min: 0, Avg: 7.8, Max: 27, Diff: 27, Sum: 141]
      [Scan RS (ms): Min: 0.2, Avg: 0.7, Max: 1.0, Diff: 0.8, Sum: 12.3]
      [Object Copy (ms): Min: 4.0, Avg: 7.6, Max: 8.2, Diff: 4.2, Sum: 137.4]
      [Termination (ms): Min: 0.0, Avg: 0.1, Max: 0.1, Diff: 0.1, Sum: 1.9]
      [GC Worker Other (ms): Min: 0.1, Avg: 0.2, Max: 0.4, Diff: 0.3, Sum: 4.0]
      [GC Worker Total (ms): Min: 17.2, Avg: 17.4, Max: 17.5, Diff: 0.3, Sum: 312.4]
      [GC Worker End (ms): Min: 4892438.9, Avg: 4892439.1, Max: 4892439.3, Diff: 0.3]
   [Code Root Fixup: 0.0 ms]
   [Clear CT: 1.9 ms]
   [Other: 16.6 ms]
      [Choose CSet: 0.0 ms]
      [Ref Proc: 10.8 ms]
      [Ref Enq: 0.6 ms]
      [Free CSet: 4.4 ms]
   [Eden: 1563.0M(1563.0M)->0.0B(1563.0M) Survivors: 13.0M->13.0M Heap: 2079.9M(2252.0M)->516.4M(2252.0M)]
 [Times: user=0.38 sys=0.00, real=0.04 secs] 

 Concurrent RS processed 3705513 cards
  Of 114830 completed buffers:
       114830 (100.0%) by conc RS threads.
            0 (  0.0%) by mutator threads.
  Conc RS threads times(s)
          0.00     0.00     0.00     0.00     0.00     0.00     0.00     0.00     0.00     0.00     0.00     0.00     0.00     0.00     0.00     0.00     0.00     0.00     0.00
  Total heap region rem set sizes = 6119K.  Max = 35K.
  Static structures = 369K, free_lists = 236K.
    396984 occupied cards represented.
    Max size region = 0:(O)[0x0000000763400000,0x00000007634ffff0,0x0000000763500000], size = 36K, occupied = 103K.
    Did 4519 coarsenings.
2014-08-01T10:17:58.174-0500: 4898.617: [GC pause (young) 4898.617: [G1Ergonomics (CSet Construction) start choosing CSet, _pending_cards: 5469, predicted base time: 27.33 ms, remaining time: 72.67 ms, target pause time: 100.00 ms]
 4898.617: [G1Ergonomics (CSet Construction) add young regions to CSet, eden: 1563 regions, survivors: 13 regions, predicted young region time: 11.05 ms]
 4898.617: [G1Ergonomics (CSet Construction) finish choosing CSet, eden: 1563 regions, survivors: 13 regions, old: 0 regions, predicted pause time: 38.38 ms, target pause time: 100.00 ms]
, 0.0372270 secs]
   [Parallel Time: 19.5 ms, GC Workers: 18]
      [GC Worker Start (ms): Min: 4898617.6, Avg: 4898617.8, Max: 4898617.9, Diff: 0.3]
      [Ext Root Scanning (ms): Min: 4.6, Avg: 7.3, Max: 11.8, Diff: 7.1, Sum: 131.6]
      [Update RS (ms): Min: 0.0, Avg: 1.6, Max: 2.8, Diff: 2.8, Sum: 29.6]
         [Processed Buffers: Min: 0, Avg: 7.5, Max: 21, Diff: 21, Sum: 135]
      [Scan RS (ms): Min: 0.2, Avg: 1.1, Max: 8.1, Diff: 7.9, Sum: 19.5]
      [Object Copy (ms): Min: 1.1, Avg: 7.4, Max: 9.3, Diff: 8.1, Sum: 133.8]
      [Termination (ms): Min: 0.0, Avg: 0.6, Max: 1.6, Diff: 1.6, Sum: 11.6]
      [GC Worker Other (ms): Min: 0.0, Avg: 0.2, Max: 0.3, Diff: 0.3, Sum: 2.8]
      [GC Worker Total (ms): Min: 18.0, Avg: 18.3, Max: 19.2, Diff: 1.2, Sum: 328.9]
      [GC Worker End (ms): Min: 4898635.9, Avg: 4898636.0, Max: 4898636.9, Diff: 1.0]
   [Code Root Fixup: 0.0 ms]
   [Clear CT: 2.1 ms]
   [Other: 15.6 ms]
      [Choose CSet: 0.0 ms]
      [Ref Proc: 7.8 ms]
      [Ref Enq: 0.7 ms]
      [Free CSet: 6.4 ms]
   [Eden: 1563.0M(1563.0M)->0.0B(1554.0M) Survivors: 13.0M->22.0M Heap: 2079.4M(2252.0M)->526.1M(2252.0M)]
 [Times: user=0.37 sys=0.00, real=0.03 secs] 

 Concurrent RS processed 3707912 cards
  Of 114965 completed buffers:
       114965 (100.0%) by conc RS threads.
            0 (  0.0%) by mutator threads.
  Conc RS threads times(s)
          0.00     0.00     0.00     0.00     0.00     0.00     0.00     0.00     0.00     0.00     0.00     0.00     0.00     0.00     0.00     0.00     0.00     0.00     0.00
  Total heap region rem set sizes = 6120K.  Max = 35K.
  Static structures = 369K, free_lists = 236K.
    397279 occupied cards represented.
    Max size region = 0:(O)[0x0000000763400000,0x00000007634ffff0,0x0000000763500000], size = 36K, occupied = 103K.
    Did 4519 coarsenings.
2014-08-01T10:18:03.957-0500: 4904.401: [GC pause (young) 4904.401: [G1Ergonomics (CSet Construction) start choosing CSet, _pending_cards: 5429, predicted base time: 25.99 ms, remaining time: 74.01 ms, target pause time: 100.00 ms]
 4904.401: [G1Ergonomics (CSet Construction) add young regions to CSet, eden: 1554 regions, survivors: 22 regions, predicted young region time: 13.85 ms]
 4904.401: [G1Ergonomics (CSet Construction) finish choosing CSet, eden: 1554 regions, survivors: 22 regions, old: 0 regions, predicted pause time: 39.85 ms, target pause time: 100.00 ms]
, 0.0364810 secs]
   [Parallel Time: 20.7 ms, GC Workers: 18]
      [GC Worker Start (ms): Min: 4904401.1, Avg: 4904401.3, Max: 4904401.4, Diff: 0.3]
      [Ext Root Scanning (ms): Min: 5.8, Avg: 7.4, Max: 12.2, Diff: 6.4, Sum: 132.3]
      [Update RS (ms): Min: 0.0, Avg: 1.7, Max: 3.2, Diff: 3.2, Sum: 31.5]
         [Processed Buffers: Min: 0, Avg: 7.9, Max: 24, Diff: 24, Sum: 143]
      [Scan RS (ms): Min: 0.2, Avg: 0.9, Max: 3.6, Diff: 3.4, Sum: 16.4]
      [Object Copy (ms): Min: 5.8, Avg: 8.3, Max: 10.7, Diff: 4.8, Sum: 150.1]
      [Termination (ms): Min: 0.0, Avg: 1.8, Max: 2.0, Diff: 2.0, Sum: 32.1]
      [GC Worker Other (ms): Min: 0.0, Avg: 0.2, Max: 0.4, Diff: 0.3, Sum: 3.3]
      [GC Worker Total (ms): Min: 20.0, Avg: 20.3, Max: 20.5, Diff: 0.5, Sum: 365.7]
      [GC Worker End (ms): Min: 4904421.4, Avg: 4904421.6, Max: 4904421.8, Diff: 0.4]
   [Code Root Fixup: 0.0 ms]
   [Clear CT: 1.8 ms]
   [Other: 14.0 ms]
      [Choose CSet: 0.0 ms]
      [Ref Proc: 7.7 ms]
      [Ref Enq: 0.7 ms]
      [Free CSet: 4.9 ms]
   [Eden: 1554.0M(1554.0M)->0.0B(1558.0M) Survivors: 22.0M->18.0M Heap: 2080.1M(2252.0M)->521.9M(2252.0M)]
 [Times: user=0.39 sys=0.01, real=0.04 secs] 

 Concurrent RS processed 3710263 cards
  Of 115108 completed buffers:
       115108 (100.0%) by conc RS threads.
            0 (  0.0%) by mutator threads.
  Conc RS threads times(s)
          0.00     0.00     0.00     0.00     0.00     0.00     0.00     0.00     0.00     0.00     0.00     0.00     0.00     0.00     0.00     0.00     0.00     0.00     0.00
  Total heap region rem set sizes = 6121K.  Max = 35K.
  Static structures = 369K, free_lists = 236K.
    397554 occupied cards represented.
    Max size region = 0:(O)[0x0000000763400000,0x00000007634ffff0,0x0000000763500000], size = 36K, occupied = 103K.
    Did 4519 coarsenings.
2014-08-01T10:18:10.376-0500: 4910.819: [GC pause (young) 4910.819: [G1Ergonomics (CSet Construction) start choosing CSet, _pending_cards: 6031, predicted base time: 24.94 ms, remaining time: 75.06 ms, target pause time: 100.00 ms]
 4910.819: [G1Ergonomics (CSet Construction) add young regions to CSet, eden: 1558 regions, survivors: 18 regions, predicted young region time: 17.12 ms]
 4910.819: [G1Ergonomics (CSet Construction) finish choosing CSet, eden: 1558 regions, survivors: 18 regions, old: 0 regions, predicted pause time: 42.06 ms, target pause time: 100.00 ms]
, 0.0501430 secs]
   [Parallel Time: 14.7 ms, GC Workers: 18]
      [GC Worker Start (ms): Min: 4910819.7, Avg: 4910819.8, Max: 4910820.0, Diff: 0.4]
      [Ext Root Scanning (ms): Min: 3.7, Avg: 5.2, Max: 10.7, Diff: 7.0, Sum: 93.7]
      [Update RS (ms): Min: 0.0, Avg: 1.1, Max: 2.8, Diff: 2.8, Sum: 19.7]
         [Processed Buffers: Min: 0, Avg: 7.8, Max: 32, Diff: 32, Sum: 141]
      [Scan RS (ms): Min: 0.2, Avg: 0.5, Max: 0.8, Diff: 0.6, Sum: 9.1]
      [Object Copy (ms): Min: 1.7, Avg: 6.1, Max: 7.9, Diff: 6.3, Sum: 110.6]
      [Termination (ms): Min: 0.0, Avg: 1.2, Max: 1.4, Diff: 1.4, Sum: 21.9]
      [GC Worker Other (ms): Min: 0.0, Avg: 0.1, Max: 0.3, Diff: 0.3, Sum: 2.6]
      [GC Worker Total (ms): Min: 14.1, Avg: 14.3, Max: 14.6, Diff: 0.5, Sum: 257.7]
      [GC Worker End (ms): Min: 4910834.0, Avg: 4910834.1, Max: 4910834.3, Diff: 0.3]
   [Code Root Fixup: 0.0 ms]
   [Clear CT: 1.6 ms]
   [Other: 33.8 ms]
      [Choose CSet: 0.0 ms]
      [Ref Proc: 28.8 ms]
      [Ref Enq: 1.5 ms]
      [Free CSet: 2.9 ms]
   [Eden: 1558.0M(1558.0M)->0.0B(1563.0M) Survivors: 18.0M->13.0M Heap: 2079.9M(2252.0M)->517.3M(2252.0M)]
 [Times: user=0.48 sys=0.00, real=0.05 secs] 

 Concurrent RS processed 3712769 cards
  Of 115249 completed buffers:
       115249 (100.0%) by conc RS threads.
            0 (  0.0%) by mutator threads.
  Conc RS threads times(s)
          0.00     0.00     0.00     0.00     0.00     0.00     0.00     0.00     0.00     0.00     0.00     0.00     0.00     0.00     0.00     0.00     0.00     0.00     0.00
  Total heap region rem set sizes = 6121K.  Max = 35K.
  Static structures = 369K, free_lists = 236K.
    397856 occupied cards represented.
    Max size region = 0:(O)[0x0000000763400000,0x00000007634ffff0,0x0000000763500000], size = 36K, occupied = 103K.
    Did 4519 coarsenings.
2014-08-01T10:18:16.463-0500: 4916.906: [GC pause (young) 4916.906: [G1Ergonomics (CSet Construction) start choosing CSet, _pending_cards: 5454, predicted base time: 31.48 ms, remaining time: 68.52 ms, target pause time: 100.00 ms]
 4916.906: [G1Ergonomics (CSet Construction) add young regions to CSet, eden: 1563 regions, survivors: 13 regions, predicted young region time: 17.23 ms]
 4916.906: [G1Ergonomics (CSet Construction) finish choosing CSet, eden: 1563 regions, survivors: 13 regions, old: 0 regions, predicted pause time: 48.70 ms, target pause time: 100.00 ms]
, 0.0436870 secs]
   [Parallel Time: 26.7 ms, GC Workers: 18]
      [GC Worker Start (ms): Min: 4916906.6, Avg: 4916906.8, Max: 4916907.0, Diff: 0.3]
      [Ext Root Scanning (ms): Min: 6.8, Avg: 8.7, Max: 13.7, Diff: 6.9, Sum: 157.0]
      [Update RS (ms): Min: 0.0, Avg: 2.4, Max: 12.7, Diff: 12.7, Sum: 43.2]
         [Processed Buffers: Min: 0, Avg: 7.3, Max: 28, Diff: 28, Sum: 131]
      [Scan RS (ms): Min: 0.2, Avg: 1.8, Max: 11.3, Diff: 11.1, Sum: 32.6]
      [Object Copy (ms): Min: 1.5, Avg: 10.2, Max: 15.0, Diff: 13.4, Sum: 182.9]
      [Termination (ms): Min: 0.0, Avg: 2.9, Max: 3.3, Diff: 3.2, Sum: 51.6]
      [GC Worker Other (ms): Min: 0.0, Avg: 0.1, Max: 0.3, Diff: 0.3, Sum: 2.5]
      [GC Worker Total (ms): Min: 25.8, Avg: 26.1, Max: 26.4, Diff: 0.5, Sum: 469.8]
      [GC Worker End (ms): Min: 4916932.8, Avg: 4916932.9, Max: 4916933.0, Diff: 0.3]
   [Code Root Fixup: 0.0 ms]
   [Clear CT: 1.6 ms]
   [Other: 15.4 ms]
      [Choose CSet: 0.0 ms]
      [Ref Proc: 9.4 ms]
      [Ref Enq: 0.5 ms]
      [Free CSet: 4.7 ms]
   [Eden: 1563.0M(1563.0M)->0.0B(1563.0M) Survivors: 13.0M->13.0M Heap: 2080.3M(2252.0M)->517.1M(2252.0M)]
 [Times: user=0.48 sys=0.01, real=0.05 secs] 

 Concurrent RS processed 3715244 cards
  Of 115380 completed buffers:
       115380 (100.0%) by conc RS threads.
            0 (  0.0%) by mutator threads.
  Conc RS threads times(s)
          0.00     0.00     0.00     0.00     0.00     0.00     0.00     0.00     0.00     0.00     0.00     0.00     0.00     0.00     0.00     0.00     0.00     0.00     0.00
  Total heap region rem set sizes = 6124K.  Max = 35K.
  Static structures = 369K, free_lists = 235K.
    398197 occupied cards represented.
    Max size region = 0:(O)[0x0000000763400000,0x00000007634ffff0,0x0000000763500000], size = 36K, occupied = 103K.
    Did 4519 coarsenings.
2014-08-01T10:18:22.809-0500: 4923.252: [GC pause (young) 4923.252: [G1Ergonomics (CSet Construction) start choosing CSet, _pending_cards: 4963, predicted base time: 29.77 ms, remaining time: 70.23 ms, target pause time: 100.00 ms]
 4923.252: [G1Ergonomics (CSet Construction) add young regions to CSet, eden: 1563 regions, survivors: 13 regions, predicted young region time: 35.35 ms]
 4923.252: [G1Ergonomics (CSet Construction) finish choosing CSet, eden: 1563 regions, survivors: 13 regions, old: 0 regions, predicted pause time: 65.12 ms, target pause time: 100.00 ms]
, 0.0321370 secs]
   [Parallel Time: 18.2 ms, GC Workers: 18]
      [GC Worker Start (ms): Min: 4923252.4, Avg: 4923252.6, Max: 4923252.8, Diff: 0.4]
      [Ext Root Scanning (ms): Min: 4.4, Avg: 5.6, Max: 9.5, Diff: 5.2, Sum: 101.7]
      [Update RS (ms): Min: 0.0, Avg: 1.7, Max: 3.1, Diff: 3.1, Sum: 30.6]
         [Processed Buffers: Min: 0, Avg: 7.6, Max: 33, Diff: 33, Sum: 137]
      [Scan RS (ms): Min: 0.2, Avg: 0.7, Max: 1.0, Diff: 0.8, Sum: 13.0]
      [Object Copy (ms): Min: 6.6, Avg: 8.3, Max: 10.0, Diff: 3.4, Sum: 149.8]
      [Termination (ms): Min: 0.0, Avg: 0.0, Max: 0.0, Diff: 0.0, Sum: 0.3]
      [GC Worker Other (ms): Min: 0.1, Avg: 0.3, Max: 0.5, Diff: 0.4, Sum: 4.5]
      [GC Worker Total (ms): Min: 16.4, Avg: 16.7, Max: 16.9, Diff: 0.5, Sum: 299.9]
      [GC Worker End (ms): Min: 4923269.1, Avg: 4923269.3, Max: 4923269.5, Diff: 0.4]
   [Code Root Fixup: 0.0 ms]
   [Clear CT: 1.9 ms]
   [Other: 12.0 ms]
      [Choose CSet: 0.0 ms]
      [Ref Proc: 6.6 ms]
      [Ref Enq: 0.4 ms]
      [Free CSet: 4.4 ms]
   [Eden: 1563.0M(1563.0M)->0.0B(1560.0M) Survivors: 13.0M->16.0M Heap: 2080.1M(2252.0M)->520.2M(2252.0M)]
 [Times: user=0.35 sys=0.01, real=0.03 secs] 

 Concurrent RS processed 3717638 cards
  Of 115517 completed buffers:
       115517 (100.0%) by conc RS threads.
            0 (  0.0%) by mutator threads.
  Conc RS threads times(s)
          0.00     0.00     0.00     0.00     0.00     0.00     0.00     0.00     0.00     0.00     0.00     0.00     0.00     0.00     0.00     0.00     0.00     0.00     0.00
  Total heap region rem set sizes = 6123K.  Max = 35K.
  Static structures = 369K, free_lists = 235K.
    398330 occupied cards represented.
    Max size region = 0:(O)[0x0000000763400000,0x00000007634ffff0,0x0000000763500000], size = 36K, occupied = 103K.
    Did 4519 coarsenings.
2014-08-01T10:18:29.499-0500: 4929.943: [GC pause (young) 4929.943: [G1Ergonomics (CSet Construction) start choosing CSet, _pending_cards: 5996, predicted base time: 27.65 ms, remaining time: 72.35 ms, target pause time: 100.00 ms]
 4929.943: [G1Ergonomics (CSet Construction) add young regions to CSet, eden: 1560 regions, survivors: 16 regions, predicted young region time: 10.99 ms]
 4929.943: [G1Ergonomics (CSet Construction) finish choosing CSet, eden: 1560 regions, survivors: 16 regions, old: 0 regions, predicted pause time: 38.64 ms, target pause time: 100.00 ms]
, 0.0358020 secs]
   [Parallel Time: 20.5 ms, GC Workers: 18]
      [GC Worker Start (ms): Min: 4929942.9, Avg: 4929943.1, Max: 4929943.2, Diff: 0.3]
      [Ext Root Scanning (ms): Min: 5.9, Avg: 6.7, Max: 8.9, Diff: 3.0, Sum: 119.8]
      [Update RS (ms): Min: 0.0, Avg: 1.6, Max: 2.4, Diff: 2.4, Sum: 29.5]
         [Processed Buffers: Min: 0, Avg: 8.0, Max: 32, Diff: 32, Sum: 144]
      [Scan RS (ms): Min: 0.2, Avg: 0.7, Max: 0.9, Diff: 0.7, Sum: 12.1]
      [Object Copy (ms): Min: 8.0, Avg: 9.2, Max: 10.7, Diff: 2.8, Sum: 165.6]
      [Termination (ms): Min: 0.0, Avg: 1.6, Max: 1.8, Diff: 1.8, Sum: 28.9]
      [GC Worker Other (ms): Min: 0.0, Avg: 0.2, Max: 0.3, Diff: 0.3, Sum: 2.7]
      [GC Worker Total (ms): Min: 19.7, Avg: 19.9, Max: 20.2, Diff: 0.5, Sum: 358.6]
      [GC Worker End (ms): Min: 4929962.8, Avg: 4929963.0, Max: 4929963.1, Diff: 0.3]
   [Code Root Fixup: 0.0 ms]
   [Clear CT: 2.0 ms]
   [Other: 13.3 ms]
      [Choose CSet: 0.0 ms]
      [Ref Proc: 7.3 ms]
      [Ref Enq: 1.0 ms]
      [Free CSet: 4.4 ms]
   [Eden: 1560.0M(1560.0M)->0.0B(1562.0M) Survivors: 16.0M->14.0M Heap: 2080.2M(2252.0M)->518.6M(2252.0M)]
 [Times: user=0.41 sys=0.01, real=0.03 secs] 

 Concurrent RS processed 3720021 cards
  Of 115661 completed buffers:
       115661 (100.0%) by conc RS threads.
            0 (  0.0%) by mutator threads.
  Conc RS threads times(s)
          0.00     0.00     0.00     0.00     0.00     0.00     0.00     0.00     0.00     0.00     0.00     0.00     0.00     0.00     0.00     0.00     0.00     0.00     0.00
  Total heap region rem set sizes = 6123K.  Max = 35K.
  Static structures = 369K, free_lists = 235K.
    398631 occupied cards represented.
    Max size region = 0:(O)[0x0000000763400000,0x00000007634ffff0,0x0000000763500000], size = 36K, occupied = 103K.
    Did 4519 coarsenings.
2014-08-01T10:18:35.743-0500: 4936.186: [GC pause (young) 4936.186: [G1Ergonomics (CSet Construction) start choosing CSet, _pending_cards: 6257, predicted base time: 25.95 ms, remaining time: 74.05 ms, target pause time: 100.00 ms]
 4936.186: [G1Ergonomics (CSet Construction) add young regions to CSet, eden: 1562 regions, survivors: 14 regions, predicted young region time: 24.51 ms]
 4936.186: [G1Ergonomics (CSet Construction) finish choosing CSet, eden: 1562 regions, survivors: 14 regions, old: 0 regions, predicted pause time: 50.46 ms, target pause time: 100.00 ms]
, 0.0324680 secs]
   [Parallel Time: 17.3 ms, GC Workers: 18]
      [GC Worker Start (ms): Min: 4936186.5, Avg: 4936186.7, Max: 4936186.9, Diff: 0.4]
      [Ext Root Scanning (ms): Min: 5.9, Avg: 6.7, Max: 11.1, Diff: 5.3, Sum: 120.0]
      [Update RS (ms): Min: 0.0, Avg: 1.8, Max: 3.2, Diff: 3.2, Sum: 32.1]
         [Processed Buffers: Min: 0, Avg: 8.4, Max: 24, Diff: 24, Sum: 151]
      [Scan RS (ms): Min: 0.2, Avg: 0.7, Max: 0.9, Diff: 0.7, Sum: 12.2]
      [Object Copy (ms): Min: 4.9, Avg: 7.1, Max: 7.7, Diff: 2.8, Sum: 128.5]
      [Termination (ms): Min: 0.0, Avg: 0.1, Max: 0.1, Diff: 0.1, Sum: 1.3]
      [GC Worker Other (ms): Min: 0.1, Avg: 0.4, Max: 0.6, Diff: 0.5, Sum: 6.4]
      [GC Worker Total (ms): Min: 16.3, Avg: 16.7, Max: 17.1, Diff: 0.8, Sum: 300.5]
      [GC Worker End (ms): Min: 4936203.1, Avg: 4936203.4, Max: 4936203.6, Diff: 0.6]
   [Code Root Fixup: 0.0 ms]
   [Clear CT: 2.1 ms]
   [Other: 13.1 ms]
      [Choose CSet: 0.0 ms]
      [Ref Proc: 7.6 ms]
      [Ref Enq: 0.4 ms]
      [Free CSet: 4.4 ms]
   [Eden: 1562.0M(1562.0M)->0.0B(1562.0M) Survivors: 14.0M->14.0M Heap: 2080.6M(2252.0M)->518.4M(2252.0M)]
 [Times: user=0.35 sys=0.00, real=0.03 secs] 

 Concurrent RS processed 3722447 cards
  Of 115812 completed buffers:
       115812 (100.0%) by conc RS threads.
            0 (  0.0%) by mutator threads.
  Conc RS threads times(s)
          0.00     0.00     0.00     0.00     0.00     0.00     0.00     0.00     0.00     0.00     0.00     0.00     0.00     0.00     0.00     0.00     0.00     0.00     0.00
  Total heap region rem set sizes = 6123K.  Max = 35K.
  Static structures = 369K, free_lists = 235K.
    398899 occupied cards represented.
    Max size region = 0:(O)[0x0000000763400000,0x00000007634ffff0,0x0000000763500000], size = 36K, occupied = 103K.
    Did 4519 coarsenings.
2014-08-01T10:18:42.038-0500: 4942.481: [GC pause (young) 4942.481: [G1Ergonomics (CSet Construction) start choosing CSet, _pending_cards: 5752, predicted base time: 24.47 ms, remaining time: 75.53 ms, target pause time: 100.00 ms]
 4942.481: [G1Ergonomics (CSet Construction) add young regions to CSet, eden: 1562 regions, survivors: 14 regions, predicted young region time: 18.01 ms]
 4942.481: [G1Ergonomics (CSet Construction) finish choosing CSet, eden: 1562 regions, survivors: 14 regions, old: 0 regions, predicted pause time: 42.49 ms, target pause time: 100.00 ms]
, 0.0434830 secs]
   [Parallel Time: 18.5 ms, GC Workers: 18]
      [GC Worker Start (ms): Min: 4942481.6, Avg: 4942481.8, Max: 4942482.0, Diff: 0.4]
      [Ext Root Scanning (ms): Min: 6.2, Avg: 7.3, Max: 11.9, Diff: 5.7, Sum: 131.3]
      [Update RS (ms): Min: 0.0, Avg: 1.5, Max: 2.8, Diff: 2.8, Sum: 27.8]
         [Processed Buffers: Min: 0, Avg: 7.6, Max: 27, Diff: 27, Sum: 137]
      [Scan RS (ms): Min: 0.2, Avg: 0.9, Max: 4.3, Diff: 4.1, Sum: 16.5]
      [Object Copy (ms): Min: 4.5, Avg: 7.8, Max: 8.4, Diff: 3.9, Sum: 140.7]
      [Termination (ms): Min: 0.0, Avg: 0.1, Max: 0.2, Diff: 0.2, Sum: 1.5]
      [GC Worker Other (ms): Min: 0.0, Avg: 0.2, Max: 0.4, Diff: 0.4, Sum: 4.2]
      [GC Worker Total (ms): Min: 17.5, Avg: 17.9, Max: 18.2, Diff: 0.6, Sum: 322.0]
      [GC Worker End (ms): Min: 4942499.5, Avg: 4942499.7, Max: 4942499.9, Diff: 0.4]
   [Code Root Fixup: 0.0 ms]
   [Clear CT: 1.9 ms]
   [Other: 23.1 ms]
      [Choose CSet: 0.0 ms]
      [Ref Proc: 14.4 ms]
      [Ref Enq: 2.4 ms]
      [Free CSet: 5.6 ms]
   [Eden: 1562.0M(1562.0M)->0.0B(1556.0M) Survivors: 14.0M->20.0M Heap: 2080.4M(2252.0M)->524.5M(2252.0M)]
 [Times: user=0.40 sys=0.00, real=0.05 secs] 

 Concurrent RS processed 3724846 cards
  Of 115949 completed buffers:
       115949 (100.0%) by conc RS threads.
            0 (  0.0%) by mutator threads.
  Conc RS threads times(s)
          0.00     0.00     0.00     0.00     0.00     0.00     0.00     0.00     0.00     0.00     0.00     0.00     0.00     0.00     0.00     0.00     0.00     0.00     0.00
  Total heap region rem set sizes = 6123K.  Max = 35K.
  Static structures = 369K, free_lists = 235K.
    399144 occupied cards represented.
    Max size region = 0:(O)[0x0000000763400000,0x00000007634ffff0,0x0000000763500000], size = 36K, occupied = 103K.
    Did 4519 coarsenings.
2014-08-01T10:18:46.568-0500: 4947.011: [GC pause (young) 4947.011: [G1Ergonomics (CSet Construction) start choosing CSet, _pending_cards: 5441, predicted base time: 26.47 ms, remaining time: 73.53 ms, target pause time: 100.00 ms]
 4947.011: [G1Ergonomics (CSet Construction) add young regions to CSet, eden: 1556 regions, survivors: 20 regions, predicted young region time: 26.32 ms]
 4947.011: [G1Ergonomics (CSet Construction) finish choosing CSet, eden: 1556 regions, survivors: 20 regions, old: 0 regions, predicted pause time: 52.79 ms, target pause time: 100.00 ms]
, 0.0411040 secs]
   [Parallel Time: 22.4 ms, GC Workers: 18]
      [GC Worker Start (ms): Min: 4947011.6, Avg: 4947011.8, Max: 4947011.9, Diff: 0.4]
      [Ext Root Scanning (ms): Min: 7.0, Avg: 9.4, Max: 12.8, Diff: 5.8, Sum: 169.8]
      [Update RS (ms): Min: 0.0, Avg: 2.2, Max: 9.8, Diff: 9.8, Sum: 39.2]
         [Processed Buffers: Min: 0, Avg: 7.8, Max: 24, Diff: 24, Sum: 141]
      [Scan RS (ms): Min: 0.2, Avg: 0.7, Max: 0.9, Diff: 0.7, Sum: 12.3]
      [Object Copy (ms): Min: 1.4, Avg: 8.0, Max: 9.2, Diff: 7.8, Sum: 144.4]
      [Termination (ms): Min: 0.0, Avg: 0.7, Max: 1.5, Diff: 1.5, Sum: 13.4]
      [GC Worker Other (ms): Min: 0.0, Avg: 0.5, Max: 1.0, Diff: 1.0, Sum: 8.5]
      [GC Worker Total (ms): Min: 20.9, Avg: 21.5, Max: 22.0, Diff: 1.2, Sum: 387.5]
      [GC Worker End (ms): Min: 4947032.8, Avg: 4947033.3, Max: 4947033.8, Diff: 1.0]
   [Code Root Fixup: 0.0 ms]
   [Clear CT: 2.4 ms]
   [Other: 16.4 ms]
      [Choose CSet: 0.0 ms]
      [Ref Proc: 9.4 ms]
      [Ref Enq: 0.5 ms]
      [Free CSet: 5.8 ms]
   [Eden: 1556.0M(1556.0M)->0.0B(1561.0M) Survivors: 20.0M->15.0M Heap: 2080.5M(2252.0M)->519.3M(2252.0M)]
 [Times: user=0.39 sys=0.01, real=0.04 secs] 

 Concurrent RS processed 3727315 cards
  Of 116090 completed buffers:
       116090 (100.0%) by conc RS threads.
            0 (  0.0%) by mutator threads.
  Conc RS threads times(s)
          0.00     0.00     0.00     0.00     0.00     0.00     0.00     0.00     0.00     0.00     0.00     0.00     0.00     0.00     0.00     0.00     0.00     0.00     0.00
  Total heap region rem set sizes = 6127K.  Max = 35K.
  Static structures = 369K, free_lists = 234K.
    399578 occupied cards represented.
    Max size region = 0:(O)[0x0000000763400000,0x00000007634ffff0,0x0000000763500000], size = 36K, occupied = 103K.
    Did 4519 coarsenings.
2014-08-01T10:18:52.999-0500: 4953.442: [GC pause (young) 4953.442: [G1Ergonomics (CSet Construction) start choosing CSet, _pending_cards: 5187, predicted base time: 26.56 ms, remaining time: 73.44 ms, target pause time: 100.00 ms]
 4953.442: [G1Ergonomics (CSet Construction) add young regions to CSet, eden: 1561 regions, survivors: 15 regions, predicted young region time: 11.53 ms]
 4953.442: [G1Ergonomics (CSet Construction) finish choosing CSet, eden: 1561 regions, survivors: 15 regions, old: 0 regions, predicted pause time: 38.09 ms, target pause time: 100.00 ms]
, 0.0572950 secs]
   [Parallel Time: 34.9 ms, GC Workers: 18]
      [GC Worker Start (ms): Min: 4953442.3, Avg: 4953442.5, Max: 4953442.7, Diff: 0.3]
      [Ext Root Scanning (ms): Min: 6.9, Avg: 10.0, Max: 20.6, Diff: 13.7, Sum: 179.3]
      [Update RS (ms): Min: 0.0, Avg: 1.4, Max: 3.3, Diff: 3.3, Sum: 26.0]
         [Processed Buffers: Min: 0, Avg: 7.6, Max: 19, Diff: 19, Sum: 136]
      [Scan RS (ms): Min: 0.2, Avg: 0.7, Max: 0.9, Diff: 0.7, Sum: 12.4]
      [Object Copy (ms): Min: 6.6, Avg: 15.5, Max: 22.9, Diff: 16.3, Sum: 278.8]
      [Termination (ms): Min: 0.2, Avg: 6.6, Max: 12.1, Diff: 11.9, Sum: 118.5]
      [GC Worker Other (ms): Min: 0.0, Avg: 0.2, Max: 0.4, Diff: 0.3, Sum: 3.6]
      [GC Worker Total (ms): Min: 34.2, Avg: 34.4, Max: 34.6, Diff: 0.5, Sum: 618.5]
      [GC Worker End (ms): Min: 4953476.7, Avg: 4953476.9, Max: 4953477.0, Diff: 0.3]
   [Code Root Fixup: 0.0 ms]
   [Clear CT: 1.9 ms]
   [Other: 20.6 ms]
      [Choose CSet: 0.0 ms]
      [Ref Proc: 14.5 ms]
      [Ref Enq: 0.5 ms]
      [Free CSet: 4.8 ms]
   [Eden: 1561.0M(1561.0M)->0.0B(1561.0M) Survivors: 15.0M->15.0M Heap: 2080.3M(2252.0M)->519.6M(2252.0M)]
 [Times: user=0.69 sys=0.00, real=0.06 secs] 

 Concurrent RS processed 3729753 cards
  Of 116226 completed buffers:
       116226 (100.0%) by conc RS threads.
            0 (  0.0%) by mutator threads.
  Conc RS threads times(s)
          0.00     0.00     0.00     0.00     0.00     0.00     0.00     0.00     0.00     0.00     0.00     0.00     0.00     0.00     0.00     0.00     0.00     0.00     0.00
  Total heap region rem set sizes = 6128K.  Max = 35K.
  Static structures = 369K, free_lists = 234K.
    400007 occupied cards represented.
    Max size region = 0:(O)[0x0000000763400000,0x00000007634ffff0,0x0000000763500000], size = 36K, occupied = 103K.
    Did 4519 coarsenings.
2014-08-01T10:18:59.508-0500: 4959.951: [GC pause (young) 4959.951: [G1Ergonomics (CSet Construction) start choosing CSet, _pending_cards: 5509, predicted base time: 28.14 ms, remaining time: 71.86 ms, target pause time: 100.00 ms]
 4959.951: [G1Ergonomics (CSet Construction) add young regions to CSet, eden: 1561 regions, survivors: 15 regions, predicted young region time: 21.71 ms]
 4959.951: [G1Ergonomics (CSet Construction) finish choosing CSet, eden: 1561 regions, survivors: 15 regions, old: 0 regions, predicted pause time: 49.85 ms, target pause time: 100.00 ms]
, 0.0433080 secs]
   [Parallel Time: 22.4 ms, GC Workers: 18]
      [GC Worker Start (ms): Min: 4959951.3, Avg: 4959951.5, Max: 4959951.7, Diff: 0.4]
      [Ext Root Scanning (ms): Min: 6.0, Avg: 7.2, Max: 11.5, Diff: 5.5, Sum: 128.9]
      [Update RS (ms): Min: 0.0, Avg: 1.7, Max: 4.0, Diff: 4.0, Sum: 30.5]
         [Processed Buffers: Min: 0, Avg: 7.7, Max: 24, Diff: 24, Sum: 138]
      [Scan RS (ms): Min: 0.2, Avg: 0.7, Max: 1.0, Diff: 0.8, Sum: 12.3]
      [Object Copy (ms): Min: 9.3, Avg: 11.3, Max: 12.0, Diff: 2.7, Sum: 203.9]
      [Termination (ms): Min: 0.0, Avg: 0.4, Max: 0.5, Diff: 0.5, Sum: 6.7]
      [GC Worker Other (ms): Min: 0.0, Avg: 0.5, Max: 0.7, Diff: 0.7, Sum: 8.4]
      [GC Worker Total (ms): Min: 21.3, Avg: 21.7, Max: 22.1, Diff: 0.8, Sum: 390.6]
      [GC Worker End (ms): Min: 4959972.7, Avg: 4959973.2, Max: 4959973.4, Diff: 0.7]
   [Code Root Fixup: 0.0 ms]
   [Clear CT: 2.2 ms]
   [Other: 18.7 ms]
      [Choose CSet: 0.0 ms]
      [Ref Proc: 12.2 ms]
      [Ref Enq: 1.1 ms]
      [Free CSet: 4.8 ms]
   [Eden: 1561.0M(1561.0M)->0.0B(1561.0M) Survivors: 15.0M->15.0M Heap: 2080.6M(2252.0M)->519.4M(2252.0M)]
 [Times: user=0.45 sys=0.01, real=0.04 secs] 

 Concurrent RS processed 3732181 cards
  Of 116364 completed buffers:
       116364 (100.0%) by conc RS threads.
            0 (  0.0%) by mutator threads.
  Conc RS threads times(s)
          0.00     0.00     0.00     0.00     0.00     0.00     0.00     0.00     0.00     0.00     0.00     0.00     0.00     0.00     0.00     0.00     0.00     0.00     0.00
  Total heap region rem set sizes = 6129K.  Max = 35K.
  Static structures = 369K, free_lists = 233K.
    400327 occupied cards represented.
    Max size region = 0:(O)[0x0000000763400000,0x00000007634ffff0,0x0000000763500000], size = 36K, occupied = 103K.
    Did 4519 coarsenings.
2014-08-01T10:19:05.525-0500: 4965.968: [GC pause (young) 4965.968: [G1Ergonomics (CSet Construction) start choosing CSet, _pending_cards: 5723, predicted base time: 27.84 ms, remaining time: 72.16 ms, target pause time: 100.00 ms]
 4965.968: [G1Ergonomics (CSet Construction) add young regions to CSet, eden: 1561 regions, survivors: 15 regions, predicted young region time: 21.76 ms]
 4965.968: [G1Ergonomics (CSet Construction) finish choosing CSet, eden: 1561 regions, survivors: 15 regions, old: 0 regions, predicted pause time: 49.61 ms, target pause time: 100.00 ms]
, 0.0433800 secs]
   [Parallel Time: 25.0 ms, GC Workers: 18]
      [GC Worker Start (ms): Min: 4965968.7, Avg: 4965968.9, Max: 4965969.0, Diff: 0.3]
      [Ext Root Scanning (ms): Min: 6.1, Avg: 7.3, Max: 11.8, Diff: 5.8, Sum: 131.4]
      [Update RS (ms): Min: 0.0, Avg: 1.9, Max: 3.1, Diff: 3.1, Sum: 34.1]
         [Processed Buffers: Min: 0, Avg: 8.3, Max: 30, Diff: 30, Sum: 150]
      [Scan RS (ms): Min: 0.2, Avg: 0.7, Max: 0.9, Diff: 0.7, Sum: 12.3]
      [Object Copy (ms): Min: 11.2, Avg: 13.5, Max: 14.0, Diff: 2.9, Sum: 243.1]
      [Termination (ms): Min: 0.0, Avg: 0.4, Max: 0.5, Diff: 0.5, Sum: 6.5]
      [GC Worker Other (ms): Min: 0.0, Avg: 0.2, Max: 0.4, Diff: 0.4, Sum: 4.4]
      [GC Worker Total (ms): Min: 23.7, Avg: 24.0, Max: 24.3, Diff: 0.6, Sum: 431.8]
      [GC Worker End (ms): Min: 4965992.7, Avg: 4965992.9, Max: 4965993.1, Diff: 0.4]
   [Code Root Fixup: 0.0 ms]
   [Clear CT: 1.7 ms]
   [Other: 16.7 ms]
      [Choose CSet: 0.0 ms]
      [Ref Proc: 9.7 ms]
      [Ref Enq: 0.5 ms]
      [Free CSet: 5.8 ms]
   [Eden: 1561.0M(1561.0M)->0.0B(1554.0M) Survivors: 15.0M->22.0M Heap: 2080.4M(2252.0M)->526.8M(2252.0M)]
 [Times: user=0.50 sys=0.00, real=0.04 secs] 

 Concurrent RS processed 3734624 cards
  Of 116514 completed buffers:
       116514 (100.0%) by conc RS threads.
            0 (  0.0%) by mutator threads.
  Conc RS threads times(s)
          0.00     0.00     0.00     0.00     0.00     0.00     0.00     0.00     0.00     0.00     0.00     0.00     0.00     0.00     0.00     0.00     0.00     0.00     0.00
  Total heap region rem set sizes = 6130K.  Max = 35K.
  Static structures = 369K, free_lists = 233K.
    400660 occupied cards represented.
    Max size region = 0:(O)[0x0000000763400000,0x00000007634ffff0,0x0000000763500000], size = 36K, occupied = 104K.
    Did 4519 coarsenings.
2014-08-01T10:19:11.282-0500: 4971.725: [GC pause (young) 4971.725: [G1Ergonomics (CSet Construction) start choosing CSet, _pending_cards: 5973, predicted base time: 26.83 ms, remaining time: 73.17 ms, target pause time: 100.00 ms]
 4971.725: [G1Ergonomics (CSet Construction) add young regions to CSet, eden: 1554 regions, survivors: 22 regions, predicted young region time: 25.65 ms]
 4971.725: [G1Ergonomics (CSet Construction) finish choosing CSet, eden: 1554 regions, survivors: 22 regions, old: 0 regions, predicted pause time: 52.48 ms, target pause time: 100.00 ms]
, 0.0259740 secs]
   [Parallel Time: 12.8 ms, GC Workers: 18]
      [GC Worker Start (ms): Min: 4971725.6, Avg: 4971725.8, Max: 4971725.9, Diff: 0.3]
      [Ext Root Scanning (ms): Min: 4.6, Avg: 5.7, Max: 7.2, Diff: 2.6, Sum: 102.5]
      [Update RS (ms): Min: 0.0, Avg: 1.0, Max: 2.0, Diff: 2.0, Sum: 17.5]
         [Processed Buffers: Min: 0, Avg: 7.8, Max: 32, Diff: 32, Sum: 141]
      [Scan RS (ms): Min: 0.2, Avg: 0.5, Max: 0.7, Diff: 0.5, Sum: 8.3]
      [Object Copy (ms): Min: 4.2, Avg: 4.9, Max: 5.2, Diff: 1.0, Sum: 88.3]
      [Termination (ms): Min: 0.0, Avg: 0.0, Max: 0.0, Diff: 0.0, Sum: 0.7]
      [GC Worker Other (ms): Min: 0.0, Avg: 0.2, Max: 0.5, Diff: 0.5, Sum: 3.7]
      [GC Worker Total (ms): Min: 12.0, Avg: 12.3, Max: 12.7, Diff: 0.7, Sum: 221.1]
      [GC Worker End (ms): Min: 4971737.9, Avg: 4971738.0, Max: 4971738.4, Diff: 0.5]
   [Code Root Fixup: 0.0 ms]
   [Clear CT: 1.7 ms]
   [Other: 11.5 ms]
      [Choose CSet: 0.0 ms]
      [Ref Proc: 7.9 ms]
      [Ref Enq: 0.3 ms]
      [Free CSet: 2.8 ms]
   [Eden: 1554.0M(1554.0M)->0.0B(1560.0M) Survivors: 22.0M->16.0M Heap: 2080.8M(2252.0M)->520.7M(2252.0M)]
 [Times: user=0.28 sys=0.01, real=0.03 secs] 

 Concurrent RS processed 3737059 cards
  Of 116655 completed buffers:
       116655 (100.0%) by conc RS threads.
            0 (  0.0%) by mutator threads.
  Conc RS threads times(s)
          0.00     0.00     0.00     0.00     0.00     0.00     0.00     0.00     0.00     0.00     0.00     0.00     0.00     0.00     0.00     0.00     0.00     0.00     0.00
  Total heap region rem set sizes = 6130K.  Max = 35K.
  Static structures = 369K, free_lists = 233K.
    400976 occupied cards represented.
    Max size region = 0:(O)[0x0000000763400000,0x00000007634ffff0,0x0000000763500000], size = 36K, occupied = 104K.
    Did 4519 coarsenings.
2014-08-01T10:19:17.493-0500: 4977.936: [GC pause (young) 4977.936: [G1Ergonomics (CSet Construction) start choosing CSet, _pending_cards: 5491, predicted base time: 24.79 ms, remaining time: 75.21 ms, target pause time: 100.00 ms]
 4977.936: [G1Ergonomics (CSet Construction) add young regions to CSet, eden: 1560 regions, survivors: 16 regions, predicted young region time: 17.22 ms]
 4977.936: [G1Ergonomics (CSet Construction) finish choosing CSet, eden: 1560 regions, survivors: 16 regions, old: 0 regions, predicted pause time: 42.01 ms, target pause time: 100.00 ms]
, 0.0487130 secs]
   [Parallel Time: 31.0 ms, GC Workers: 18]
      [GC Worker Start (ms): Min: 4977936.5, Avg: 4977936.7, Max: 4977936.9, Diff: 0.4]
      [Ext Root Scanning (ms): Min: 6.5, Avg: 8.1, Max: 15.0, Diff: 8.6, Sum: 145.0]
      [Update RS (ms): Min: 0.0, Avg: 1.6, Max: 3.7, Diff: 3.7, Sum: 28.5]
         [Processed Buffers: Min: 0, Avg: 7.9, Max: 23, Diff: 23, Sum: 143]
      [Scan RS (ms): Min: 0.2, Avg: 1.3, Max: 12.1, Diff: 11.9, Sum: 23.6]
      [Object Copy (ms): Min: 3.0, Avg: 13.1, Max: 14.4, Diff: 11.4, Sum: 234.9]
      [Termination (ms): Min: 0.1, Avg: 6.0, Max: 6.5, Diff: 6.3, Sum: 108.1]
      [GC Worker Other (ms): Min: 0.0, Avg: 0.2, Max: 0.6, Diff: 0.6, Sum: 3.2]
      [GC Worker Total (ms): Min: 29.8, Avg: 30.2, Max: 30.6, Diff: 0.7, Sum: 543.3]
      [GC Worker End (ms): Min: 4977966.7, Avg: 4977966.8, Max: 4977967.3, Diff: 0.6]
   [Code Root Fixup: 0.0 ms]
   [Clear CT: 1.7 ms]
   [Other: 15.9 ms]
      [Choose CSet: 0.0 ms]
      [Ref Proc: 9.4 ms]
      [Ref Enq: 0.5 ms]
      [Free CSet: 5.2 ms]
   [Eden: 1560.0M(1560.0M)->0.0B(1563.0M) Survivors: 16.0M->13.0M Heap: 2080.7M(2252.0M)->517.8M(2252.0M)]
 [Times: user=0.57 sys=0.01, real=0.05 secs] 

 Concurrent RS processed 3739539 cards
  Of 116798 completed buffers:
       116798 (100.0%) by conc RS threads.
            0 (  0.0%) by mutator threads.
  Conc RS threads times(s)
          0.00     0.00     0.00     0.00     0.00     0.00     0.00     0.00     0.00     0.00     0.00     0.00     0.00     0.00     0.00     0.00     0.00     0.00     0.00
  Total heap region rem set sizes = 6130K.  Max = 35K.
  Static structures = 369K, free_lists = 233K.
    401314 occupied cards represented.
    Max size region = 0:(O)[0x0000000763400000,0x00000007634ffff0,0x0000000763500000], size = 36K, occupied = 104K.
    Did 4519 coarsenings.
2014-08-01T10:19:23.632-0500: 4984.076: [GC pause (young) 4984.076: [G1Ergonomics (CSet Construction) start choosing CSet, _pending_cards: 70615, predicted base time: 44.27 ms, remaining time: 55.73 ms, target pause time: 100.00 ms]
 4984.076: [G1Ergonomics (CSet Construction) add young regions to CSet, eden: 1518 regions, survivors: 13 regions, predicted young region time: 64.81 ms]
 4984.076: [G1Ergonomics (CSet Construction) finish choosing CSet, eden: 1518 regions, survivors: 13 regions, old: 0 regions, predicted pause time: 109.08 ms, target pause time: 100.00 ms]
 4984.077: [G1Ergonomics (Heap Sizing) attempt heap expansion, reason: region allocation request failed, allocation request: 384904 bytes]
 4984.077: [G1Ergonomics (Heap Sizing) expand the heap, requested expansion amount: 384904 bytes, attempted expansion amount: 1048576 bytes]
 4984.077: [G1Ergonomics (Heap Sizing) did not expand the heap, reason: heap expansion operation failed]
 4984.543: [G1Ergonomics (Concurrent Cycles) request concurrent cycle initiation, reason: occupancy higher than threshold, occupancy: 1836056576 bytes, allocation request: 0 bytes, threshold: 1062626895 bytes (45.00 %), source: end of GC]
 (to-space exhausted), 0.4672370 secs]
   [Parallel Time: 297.8 ms, GC Workers: 18]
      [GC Worker Start (ms): Min: 4984076.1, Avg: 4984076.2, Max: 4984076.4, Diff: 0.3]
      [Ext Root Scanning (ms): Min: 0.7, Avg: 6.4, Max: 20.7, Diff: 20.0, Sum: 114.8]
      [Update RS (ms): Min: 4.6, Avg: 15.5, Max: 17.6, Diff: 13.0, Sum: 279.4]
         [Processed Buffers: Min: 8, Avg: 21.9, Max: 31, Diff: 23, Sum: 395]
      [Scan RS (ms): Min: 0.1, Avg: 0.9, Max: 1.3, Diff: 1.2, Sum: 16.6]
      [Object Copy (ms): Min: 269.3, Avg: 273.4, Max: 278.4, Diff: 9.1, Sum: 4920.9]
      [Termination (ms): Min: 0.0, Avg: 1.2, Max: 1.5, Diff: 1.4, Sum: 20.7]
      [GC Worker Other (ms): Min: 0.0, Avg: 0.1, Max: 0.3, Diff: 0.2, Sum: 2.2]
      [GC Worker Total (ms): Min: 297.2, Avg: 297.5, Max: 297.7, Diff: 0.5, Sum: 5354.6]
      [GC Worker End (ms): Min: 4984373.6, Avg: 4984373.7, Max: 4984373.9, Diff: 0.3]
   [Code Root Fixup: 0.0 ms]
   [Clear CT: 1.9 ms]
   [Other: 167.5 ms]
      [Choose CSet: 0.0 ms]
      [Ref Proc: 10.2 ms]
      [Ref Enq: 0.4 ms]
      [Free CSet: 1.9 ms]
   [Eden: 1518.0M(1563.0M)->0.0B(1576.0M) Survivors: 13.0M->0.0B Heap: 2126.2M(2252.0M)->1626.1M(2252.0M)]
 [Times: user=3.08 sys=0.09, real=0.47 secs] 

 Concurrent RS processed 3852187 cards
  Of 117662 completed buffers:
       117662 (100.0%) by conc RS threads.
            0 (  0.0%) by mutator threads.
  Conc RS threads times(s)
          0.00     0.00     0.00     0.00     0.00     0.00     0.00     0.00     0.00     0.00     0.00     0.00     0.00     0.00     0.00     0.00     0.00     0.00     0.00
  Total heap region rem set sizes = 5942K.  Max = 35K.
  Static structures = 369K, free_lists = 227K.
    403521 occupied cards represented.
    Max size region = 0:(O)[0x0000000763400000,0x00000007634ffff0,0x0000000763500000], size = 36K, occupied = 104K.
    Did 4519 coarsenings.
 4986.375: [G1Ergonomics (Concurrent Cycles) initiate concurrent cycle, reason: concurrent cycle initiation requested]
2014-08-01T10:19:25.932-0500: 4986.375: [GC pause (young) (initial-mark) 4986.376: [G1Ergonomics (CSet Construction) start choosing CSet, _pending_cards: 56703, predicted base time: 40.05 ms, remaining time: 59.95 ms, target pause time: 100.00 ms]
 4986.376: [G1Ergonomics (CSet Construction) add young regions to CSet, eden: 501 regions, survivors: 0 regions, predicted young region time: 12.91 ms]
 4986.376: [G1Ergonomics (CSet Construction) finish choosing CSet, eden: 501 regions, survivors: 0 regions, old: 0 regions, predicted pause time: 52.96 ms, target pause time: 100.00 ms]
 4986.377: [G1Ergonomics (Heap Sizing) attempt heap expansion, reason: region allocation request failed, allocation request: 96224 bytes]
 4986.377: [G1Ergonomics (Heap Sizing) expand the heap, requested expansion amount: 96224 bytes, attempted expansion amount: 1048576 bytes]
 4986.377: [G1Ergonomics (Heap Sizing) did not expand the heap, reason: heap expansion operation failed]
 (to-space exhausted), 0.1528080 secs]
   [Parallel Time: 85.1 ms, GC Workers: 18]
      [GC Worker Start (ms): Min: 4986376.2, Avg: 4986376.5, Max: 4986376.7, Diff: 0.5]
      [Ext Root Scanning (ms): Min: 4.6, Avg: 6.8, Max: 10.8, Diff: 6.2, Sum: 122.9]
      [Update RS (ms): Min: 0.0, Avg: 2.9, Max: 4.9, Diff: 4.9, Sum: 52.3]
         [Processed Buffers: Min: 0, Avg: 20.0, Max: 29, Diff: 29, Sum: 360]
      [Scan RS (ms): Min: 0.0, Avg: 0.3, Max: 0.5, Diff: 0.5, Sum: 5.7]
      [Object Copy (ms): Min: 70.0, Avg: 73.8, Max: 75.1, Diff: 5.1, Sum: 1328.3]
      [Termination (ms): Min: 0.0, Avg: 0.5, Max: 0.9, Diff: 0.9, Sum: 9.3]
      [GC Worker Other (ms): Min: 0.0, Avg: 0.1, Max: 0.2, Diff: 0.2, Sum: 1.6]
      [GC Worker Total (ms): Min: 84.2, Avg: 84.5, Max: 84.8, Diff: 0.6, Sum: 1520.1]
      [GC Worker End (ms): Min: 4986460.9, Avg: 4986461.0, Max: 4986461.1, Diff: 0.2]
   [Code Root Fixup: 0.0 ms]
   [Clear CT: 1.0 ms]
   [Other: 66.7 ms]
      [Choose CSet: 0.0 ms]
      [Ref Proc: 8.2 ms]
      [Ref Enq: 0.5 ms]
      [Free CSet: 1.2 ms]
   [Eden: 501.0M(1576.0M)->0.0B(1576.0M) Survivors: 0.0B->0.0B Heap: 2127.1M(2252.0M)->2000.1M(2252.0M)]
 [Times: user=1.18 sys=0.02, real=0.15 secs] 

 Concurrent RS processed 3874871 cards
  Of 118619 completed buffers:
       118619 (100.0%) by conc RS threads.
            0 (  0.0%) by mutator threads.
  Conc RS threads times(s)
          0.00     0.00     0.00     0.00     0.00     0.00     0.00     0.00     0.00     0.00     0.00     0.00     0.00     0.00     0.00     0.00     0.00     0.00     0.00
  Total heap region rem set sizes = 6493K.  Max = 124K.
  Static structures = 369K, free_lists = 156K.
    528437 occupied cards represented.
    Max size region = 0:(O)[0x0000000763400000,0x00000007634ffff0,0x0000000763500000], size = 125K, occupied = 197K.
    Did 4605 coarsenings.
2014-08-01T10:19:26.087-0500: 4986.531: [GC concurrent-root-region-scan-start]
2014-08-01T10:19:26.087-0500: 4986.531: [GC concurrent-root-region-scan-end, 0.0000550 secs]
2014-08-01T10:19:26.087-0500: 4986.531: [GC concurrent-mark-start]
2014-08-01T10:19:26.216-0500: 4986.659: [GC concurrent-mark-end, 0.1285100 secs]
2014-08-01T10:19:26.217-0500: 4986.661: [GC remark 2014-08-01T10:19:26.218-0500: 4986.662: [GC ref-proc, 0.0091680 secs], 0.0392700 secs]
 [Times: user=0.12 sys=0.01, real=0.04 secs] 
2014-08-01T10:19:26.258-0500: 4986.702: [GC cleanup 2047M->1581M(2252M), 0.0033510 secs]
 [Times: user=0.03 sys=0.00, real=0.00 secs] 
2014-08-01T10:19:26.262-0500: 4986.705: [GC concurrent-cleanup-start]
2014-08-01T10:19:26.264-0500: 4986.707: [GC concurrent-cleanup-end, 0.0017070 secs]
2014-08-01T10:19:28.737-0500: 4989.180: [GC pause (young) 4989.181: [G1Ergonomics (CSet Construction) start choosing CSet, _pending_cards: 63365, predicted base time: 42.07 ms, remaining time: 57.93 ms, target pause time: 100.00 ms]
 4989.181: [G1Ergonomics (CSet Construction) add young regions to CSet, eden: 711 regions, survivors: 0 regions, predicted young region time: 12.52 ms]
 4989.181: [G1Ergonomics (CSet Construction) finish choosing CSet, eden: 711 regions, survivors: 0 regions, old: 0 regions, predicted pause time: 54.58 ms, target pause time: 100.00 ms]
 4989.182: [G1Ergonomics (Heap Sizing) attempt heap expansion, reason: region allocation request failed, allocation request: 24056 bytes]
 4989.182: [G1Ergonomics (Heap Sizing) expand the heap, requested expansion amount: 24056 bytes, attempted expansion amount: 1048576 bytes]
 4989.182: [G1Ergonomics (Heap Sizing) did not expand the heap, reason: heap expansion operation failed]
 4989.386: [G1Ergonomics (Concurrent Cycles) do not request concurrent cycle initiation, reason: still doing mixed collections, occupancy: 2171600896 bytes, allocation request: 0 bytes, threshold: 1062626895 bytes (45.00 %), source: end of GC]
 4989.386: [G1Ergonomics (Mixed GCs) start mixed GCs, reason: candidate old regions available, candidate old regions: 1423 regions, reclaimable: 1469370072 bytes (62.22 %), threshold: 10.00 %]
 (to-space exhausted), 0.2060100 secs]
   [Parallel Time: 110.3 ms, GC Workers: 18]
      [GC Worker Start (ms): Min: 4989180.9, Avg: 4989181.0, Max: 4989181.2, Diff: 0.3]
      [Ext Root Scanning (ms): Min: 0.7, Avg: 5.8, Max: 12.8, Diff: 12.1, Sum: 103.6]
      [Update RS (ms): Min: 0.0, Avg: 3.5, Max: 8.1, Diff: 8.1, Sum: 62.9]
         [Processed Buffers: Min: 0, Avg: 20.9, Max: 85, Diff: 85, Sum: 376]
      [Scan RS (ms): Min: 0.1, Avg: 0.2, Max: 0.6, Diff: 0.5, Sum: 4.5]
      [Object Copy (ms): Min: 90.0, Avg: 100.2, Max: 108.9, Diff: 18.9, Sum: 1802.7]
      [Termination (ms): Min: 0.0, Avg: 0.3, Max: 0.5, Diff: 0.5, Sum: 5.0]
      [GC Worker Other (ms): Min: 0.0, Avg: 0.1, Max: 0.2, Diff: 0.2, Sum: 1.3]
      [GC Worker Total (ms): Min: 109.8, Avg: 110.0, Max: 110.2, Diff: 0.4, Sum: 1980.0]
      [GC Worker End (ms): Min: 4989291.0, Avg: 4989291.0, Max: 4989291.1, Diff: 0.2]
   [Code Root Fixup: 0.0 ms]
   [Clear CT: 0.9 ms]
   [Other: 94.7 ms]
      [Choose CSet: 0.0 ms]
      [Ref Proc: 9.2 ms]
      [Ref Enq: 0.5 ms]
      [Free CSet: 1.6 ms]
   [Eden: 711.0M(1576.0M)->0.0B(1576.0M) Survivors: 0.0B->0.0B Heap: 2245.2M(2252.0M)->2064.2M(2252.0M)]
 [Times: user=1.60 sys=0.03, real=0.20 secs] 

 Concurrent RS processed 3887346 cards
  Of 119101 completed buffers:
       119101 (100.0%) by conc RS threads.
            0 (  0.0%) by mutator threads.
  Conc RS threads times(s)
          0.00     0.00     0.00     0.00     0.00     0.00     0.00     0.00     0.00     0.00     0.00     0.00     0.00     0.00     0.00     0.00     0.00     0.00     0.00
  Total heap region rem set sizes = 7789K.  Max = 124K.
  Static structures = 369K, free_lists = 129K.
    885612 occupied cards represented.
    Max size region = 0:(O)[0x0000000763400000,0x00000007634ffff0,0x0000000763500000], size = 125K, occupied = 504K.
    Did 4841 coarsenings.
2014-08-01T10:19:29.676-0500: 4990.119: [GC pause (mixed) 4990.119: [G1Ergonomics (CSet Construction) start choosing CSet, _pending_cards: 66584, predicted base time: 43.05 ms, remaining time: 56.95 ms, target pause time: 100.00 ms]
 4990.119: [G1Ergonomics (CSet Construction) add young regions to CSet, eden: 181 regions, survivors: 0 regions, predicted young region time: 8.61 ms]
 4990.119: [G1Ergonomics (CSet Construction) finish adding old regions to CSet, reason: predicted time is too high, predicted time: 0.64 ms, remaining time: 0.00 ms, old: 178 regions, min: 178 regions]
 4990.119: [G1Ergonomics (CSet Construction) added expensive regions to CSet, reason: old CSet region num not reached min, old: 178 regions, expensive: 102 regions, min: 178 regions, remaining time: 0.00 ms]
 4990.119: [G1Ergonomics (CSet Construction) finish choosing CSet, eden: 181 regions, survivors: 0 regions, old: 178 regions, predicted pause time: 165.35 ms, target pause time: 100.00 ms]
 4990.120: [G1Ergonomics (Heap Sizing) attempt heap expansion, reason: region allocation request failed, allocation request: 6008 bytes]
 4990.120: [G1Ergonomics (Heap Sizing) expand the heap, requested expansion amount: 6008 bytes, attempted expansion amount: 1048576 bytes]
 4990.120: [G1Ergonomics (Heap Sizing) did not expand the heap, reason: heap expansion operation failed]
 4990.272: [G1Ergonomics (Concurrent Cycles) do not request concurrent cycle initiation, reason: still doing mixed collections, occupancy: 2332033024 bytes, allocation request: 0 bytes, threshold: 1062626895 bytes (45.00 %), source: end of GC]
 4990.272: [G1Ergonomics (Mixed GCs) continue mixed GCs, reason: candidate old regions available, candidate old regions: 1245 regions, reclaimable: 1282804800 bytes (54.32 %), threshold: 10.00 %]
 (to-space exhausted), 0.1529020 secs]
   [Parallel Time: 94.1 ms, GC Workers: 18]
      [GC Worker Start (ms): Min: 4990119.7, Avg: 4990119.8, Max: 4990120.0, Diff: 0.3]
      [Ext Root Scanning (ms): Min: 4.4, Avg: 6.5, Max: 12.4, Diff: 7.9, Sum: 116.5]
      [Update RS (ms): Min: 1.5, Avg: 4.4, Max: 5.9, Diff: 4.4, Sum: 79.6]
         [Processed Buffers: Min: 15, Avg: 20.8, Max: 32, Diff: 17, Sum: 374]
      [Scan RS (ms): Min: 0.0, Avg: 0.3, Max: 0.4, Diff: 0.3, Sum: 4.7]
      [Object Copy (ms): Min: 78.5, Avg: 81.6, Max: 83.5, Diff: 5.0, Sum: 1469.1]
      [Termination (ms): Min: 0.0, Avg: 0.6, Max: 1.3, Diff: 1.3, Sum: 10.3]
      [GC Worker Other (ms): Min: 0.0, Avg: 0.0, Max: 0.0, Diff: 0.0, Sum: 0.6]
      [GC Worker Total (ms): Min: 93.2, Avg: 93.4, Max: 93.9, Diff: 0.7, Sum: 1680.8]
      [GC Worker End (ms): Min: 4990213.1, Avg: 4990213.2, Max: 4990213.6, Diff: 0.5]
   [Code Root Fixup: 0.0 ms]
   [Clear CT: 0.8 ms]
   [Other: 58.0 ms]
      [Choose CSet: 0.3 ms]
      [Ref Proc: 8.1 ms]
      [Ref Enq: 0.5 ms]
      [Free CSet: 0.7 ms]
   [Eden: 181.0M(1576.0M)->0.0B(1576.0M) Survivors: 0.0B->0.0B Heap: 2245.2M(2252.0M)->2217.2M(2252.0M)]
 [Times: user=1.02 sys=0.01, real=0.16 secs] 

 Concurrent RS processed 3902196 cards
  Of 119729 completed buffers:
       119729 (100.0%) by conc RS threads.
            0 (  0.0%) by mutator threads.
  Conc RS threads times(s)
          0.00     0.00     0.00     0.00     0.00     0.00     0.00     0.00     0.00     0.00     0.00     0.00     0.00     0.00     0.00     0.00     0.00     0.00     0.00
  Total heap region rem set sizes = 8145K.  Max = 180K.
  Static structures = 369K, free_lists = 87K.
    1582921 occupied cards represented.
    Max size region = 1:(O)[0x0000000763500000,0x00000007635f7178,0x0000000763600000], size = 181K, occupied = 446K.
    Did 5178 coarsenings.
2014-08-01T10:19:29.851-0500: 4990.294: [GC pause (mixed) 4990.294: [G1Ergonomics (CSet Construction) start choosing CSet, _pending_cards: 99528, predicted base time: 53.04 ms, remaining time: 46.96 ms, target pause time: 100.00 ms]
 4990.294: [G1Ergonomics (CSet Construction) add young regions to CSet, eden: 28 regions, survivors: 0 regions, predicted young region time: 0.94 ms]
 4990.295: [G1Ergonomics (CSet Construction) finish adding old regions to CSet, reason: predicted time is too high, predicted time: 0.64 ms, remaining time: 0.00 ms, old: 178 regions, min: 178 regions]
 4990.295: [G1Ergonomics (CSet Construction) added expensive regions to CSet, reason: old CSet region num not reached min, old: 178 regions, expensive: 107 regions, min: 178 regions, remaining time: 0.00 ms]
 4990.295: [G1Ergonomics (CSet Construction) finish choosing CSet, eden: 28 regions, survivors: 0 regions, old: 178 regions, predicted pause time: 168.46 ms, target pause time: 100.00 ms]
 4990.296: [G1Ergonomics (Heap Sizing) attempt heap expansion, reason: region allocation request failed, allocation request: 2048 bytes]
 4990.296: [G1Ergonomics (Heap Sizing) expand the heap, requested expansion amount: 2048 bytes, attempted expansion amount: 1048576 bytes]
 4990.296: [G1Ergonomics (Heap Sizing) did not expand the heap, reason: heap expansion operation failed]
 4990.379: [G1Ergonomics (Concurrent Cycles) do not request concurrent cycle initiation, reason: still doing mixed collections, occupancy: 2225078272 bytes, allocation request: 0 bytes, threshold: 1062626895 bytes (45.00 %), source: end of GC]
 4990.379: [G1Ergonomics (Mixed GCs) continue mixed GCs, reason: candidate old regions available, candidate old regions: 1067 regions, reclaimable: 1096330600 bytes (46.43 %), threshold: 10.00 %]
 (to-space exhausted), 0.0843160 secs]
   [Parallel Time: 50.5 ms, GC Workers: 18]
      [GC Worker Start (ms): Min: 4990295.0, Avg: 4990295.1, Max: 4990295.2, Diff: 0.3]
      [Ext Root Scanning (ms): Min: 0.9, Avg: 5.3, Max: 11.6, Diff: 10.7, Sum: 95.7]
      [Update RS (ms): Min: 0.0, Avg: 4.3, Max: 7.5, Diff: 7.5, Sum: 76.7]
         [Processed Buffers: Min: 0, Avg: 23.6, Max: 46, Diff: 46, Sum: 424]
      [Scan RS (ms): Min: 0.0, Avg: 0.2, Max: 0.3, Diff: 0.3, Sum: 3.0]
      [Object Copy (ms): Min: 31.4, Avg: 39.8, Max: 48.8, Diff: 17.4, Sum: 716.2]
      [Termination (ms): Min: 0.0, Avg: 0.4, Max: 0.8, Diff: 0.8, Sum: 6.9]
      [GC Worker Other (ms): Min: 0.0, Avg: 0.0, Max: 0.0, Diff: 0.0, Sum: 0.5]
      [GC Worker Total (ms): Min: 49.8, Avg: 49.9, Max: 50.1, Diff: 0.3, Sum: 898.9]
      [GC Worker End (ms): Min: 4990345.0, Avg: 4990345.0, Max: 4990345.1, Diff: 0.1]
   [Code Root Fixup: 0.0 ms]
   [Clear CT: 0.7 ms]
   [Other: 33.1 ms]
      [Choose CSet: 0.3 ms]
      [Ref Proc: 14.7 ms]
      [Ref Enq: 0.5 ms]
      [Free CSet: 1.5 ms]
   [Eden: 28.0M(1576.0M)->0.0B(1576.0M) Survivors: 0.0B->0.0B Heap: 2245.2M(2252.0M)->2115.2M(2252.0M)]
 [Times: user=0.53 sys=0.01, real=0.08 secs] 

 Concurrent RS processed 3912235 cards
  Of 120153 completed buffers:
       120153 (100.0%) by conc RS threads.
            0 (  0.0%) by mutator threads.
  Conc RS threads times(s)
          0.00     0.00     0.00     0.00     0.00     0.00     0.00     0.00     0.00     0.00     0.00     0.00     0.00     0.00     0.00     0.00     0.00     0.00     0.00
  Total heap region rem set sizes = 8443K.  Max = 180K.
  Static structures = 369K, free_lists = 45K.
    2085428 occupied cards represented.
    Max size region = 1:(O)[0x0000000763500000,0x00000007635f7178,0x0000000763600000], size = 181K, occupied = 676K.
    Did 5420 coarsenings.
2014-08-01T10:19:30.523-0500: 4990.967: [GC pause (mixed) 4990.967: [G1Ergonomics (CSet Construction) start choosing CSet, _pending_cards: 65033, predicted base time: 42.57 ms, remaining time: 57.43 ms, target pause time: 100.00 ms]
 4990.967: [G1Ergonomics (CSet Construction) add young regions to CSet, eden: 130 regions, survivors: 0 regions, predicted young region time: 2.34 ms]
 4990.967: [G1Ergonomics (CSet Construction) finish adding old regions to CSet, reason: predicted time is too high, predicted time: 0.66 ms, remaining time: 0.00 ms, old: 178 regions, min: 178 regions]
 4990.967: [G1Ergonomics (CSet Construction) added expensive regions to CSet, reason: old CSet region num not reached min, old: 178 regions, expensive: 94 regions, min: 178 regions, remaining time: 0.00 ms]
 4990.967: [G1Ergonomics (CSet Construction) finish choosing CSet, eden: 130 regions, survivors: 0 regions, old: 178 regions, predicted pause time: 166.64 ms, target pause time: 100.00 ms]
 4990.968: [G1Ergonomics (Heap Sizing) attempt heap expansion, reason: region allocation request failed, allocation request: 2048 bytes]
 4990.968: [G1Ergonomics (Heap Sizing) expand the heap, requested expansion amount: 2048 bytes, attempted expansion amount: 1048576 bytes]
 4990.968: [G1Ergonomics (Heap Sizing) did not expand the heap, reason: heap expansion operation failed]
 4991.134: [G1Ergonomics (Concurrent Cycles) do not request concurrent cycle initiation, reason: still doing mixed collections, occupancy: 2256535552 bytes, allocation request: 0 bytes, threshold: 1062626895 bytes (45.00 %), source: end of GC]
 4991.134: [G1Ergonomics (Mixed GCs) continue mixed GCs, reason: candidate old regions available, candidate old regions: 889 regions, reclaimable: 910101688 bytes (38.54 %), threshold: 10.00 %]
 (to-space exhausted), 0.1680020 secs]
   [Parallel Time: 117.7 ms, GC Workers: 18]
      [GC Worker Start (ms): Min: 4990967.3, Avg: 4990967.5, Max: 4990967.7, Diff: 0.4]
      [Ext Root Scanning (ms): Min: 0.5, Avg: 6.6, Max: 10.2, Diff: 9.7, Sum: 119.4]
      [Update RS (ms): Min: 1.8, Avg: 3.2, Max: 4.9, Diff: 3.1, Sum: 58.5]
         [Processed Buffers: Min: 4, Avg: 21.1, Max: 39, Diff: 35, Sum: 379]
      [Scan RS (ms): Min: 0.0, Avg: 0.3, Max: 0.4, Diff: 0.4, Sum: 4.9]
      [Object Copy (ms): Min: 103.4, Avg: 106.5, Max: 113.7, Diff: 10.3, Sum: 1916.3]
      [Termination (ms): Min: 0.0, Avg: 0.6, Max: 0.8, Diff: 0.8, Sum: 10.5]
      [GC Worker Other (ms): Min: 0.0, Avg: 0.1, Max: 0.1, Diff: 0.1, Sum: 1.0]
      [GC Worker Total (ms): Min: 117.0, Avg: 117.3, Max: 117.5, Diff: 0.4, Sum: 2110.6]
      [GC Worker End (ms): Min: 4991084.7, Avg: 4991084.7, Max: 4991084.8, Diff: 0.1]
   [Code Root Fixup: 0.0 ms]
   [Clear CT: 0.9 ms]
   [Other: 49.4 ms]
      [Choose CSet: 0.3 ms]
      [Ref Proc: 9.4 ms]
      [Ref Enq: 0.5 ms]
      [Free CSet: 1.1 ms]
   [Eden: 130.0M(1576.0M)->0.0B(1576.0M) Survivors: 0.0B->0.0B Heap: 2245.2M(2252.0M)->2145.2M(2252.0M)]
 [Times: user=0.83 sys=0.02, real=0.17 secs] 

 Concurrent RS processed 3918777 cards
  Of 120532 completed buffers:
       120532 (100.0%) by conc RS threads.
            0 (  0.0%) by mutator threads.
  Conc RS threads times(s)
          0.00     0.00     0.00     0.00     0.00     0.00     0.00     0.00     0.00     0.00     0.00     0.00     0.00     0.00     0.00     0.00     0.00     0.00     0.00
  Total heap region rem set sizes = 8507K.  Max = 180K.
  Static structures = 369K, free_lists = 32K.
    2219104 occupied cards represented.
    Max size region = 1:(O)[0x0000000763500000,0x00000007635f7178,0x0000000763600000], size = 181K, occupied = 722K.
    Did 5484 coarsenings.
2014-08-01T10:19:31.071-0500: 4991.514: [GC pause (mixed) 4991.514: [G1Ergonomics (CSet Construction) start choosing CSet, _pending_cards: 86695, predicted base time: 49.15 ms, remaining time: 50.85 ms, target pause time: 100.00 ms]
 4991.514: [G1Ergonomics (CSet Construction) add young regions to CSet, eden: 100 regions, survivors: 0 regions, predicted young region time: 1.82 ms]
 4991.514: [G1Ergonomics (CSet Construction) finish adding old regions to CSet, reason: predicted time is too high, predicted time: 0.70 ms, remaining time: 0.00 ms, old: 178 regions, min: 178 regions]
 4991.514: [G1Ergonomics (CSet Construction) added expensive regions to CSet, reason: old CSet region num not reached min, old: 178 regions, expensive: 105 regions, min: 178 regions, remaining time: 0.00 ms]
 4991.514: [G1Ergonomics (CSet Construction) finish choosing CSet, eden: 100 regions, survivors: 0 regions, old: 178 regions, predicted pause time: 177.20 ms, target pause time: 100.00 ms]
 4991.516: [G1Ergonomics (Heap Sizing) attempt heap expansion, reason: region allocation request failed, allocation request: 2048 bytes]
 4991.516: [G1Ergonomics (Heap Sizing) expand the heap, requested expansion amount: 2048 bytes, attempted expansion amount: 1048576 bytes]
 4991.516: [G1Ergonomics (Heap Sizing) did not expand the heap, reason: heap expansion operation failed]
 4991.635: [G1Ergonomics (Concurrent Cycles) do not request concurrent cycle initiation, reason: still doing mixed collections, occupancy: 2342518784 bytes, allocation request: 0 bytes, threshold: 1062626895 bytes (45.00 %), source: end of GC]
 4991.635: [G1Ergonomics (Mixed GCs) continue mixed GCs, reason: candidate old regions available, candidate old regions: 711 regions, reclaimable: 723866248 bytes (30.65 %), threshold: 10.00 %]
 (to-space exhausted), 0.1208410 secs]
   [Parallel Time: 77.2 ms, GC Workers: 18]
      [GC Worker Start (ms): Min: 4991514.6, Avg: 4991514.8, Max: 4991515.1, Diff: 0.5]
      [Ext Root Scanning (ms): Min: 1.5, Avg: 6.9, Max: 11.6, Diff: 10.1, Sum: 123.6]
      [Update RS (ms): Min: 4.3, Avg: 6.0, Max: 7.7, Diff: 3.4, Sum: 108.0]
         [Processed Buffers: Min: 5, Avg: 25.3, Max: 43, Diff: 38, Sum: 456]
      [Scan RS (ms): Min: 0.0, Avg: 0.3, Max: 0.5, Diff: 0.4, Sum: 5.3]
      [Object Copy (ms): Min: 59.8, Avg: 62.8, Max: 69.7, Diff: 9.9, Sum: 1130.3]
      [Termination (ms): Min: 0.0, Avg: 0.4, Max: 0.9, Diff: 0.9, Sum: 6.5]
      [GC Worker Other (ms): Min: 0.0, Avg: 0.0, Max: 0.1, Diff: 0.0, Sum: 0.6]
      [GC Worker Total (ms): Min: 76.0, Avg: 76.4, Max: 76.7, Diff: 0.6, Sum: 1374.3]
      [GC Worker End (ms): Min: 4991591.2, Avg: 4991591.2, Max: 4991591.6, Diff: 0.5]
   [Code Root Fixup: 0.0 ms]
   [Clear CT: 0.7 ms]
   [Other: 42.9 ms]
      [Choose CSet: 0.2 ms]
      [Ref Proc: 5.0 ms]
      [Ref Enq: 0.5 ms]
      [Free CSet: 0.5 ms]
   [Eden: 100.0M(1576.0M)->0.0B(1576.0M) Survivors: 0.0B->0.0B Heap: 2245.2M(2252.0M)->2227.2M(2252.0M)]
 [Times: user=0.84 sys=0.03, real=0.12 secs] 

 Concurrent RS processed 3934554 cards
  Of 121226 completed buffers:
       121226 (100.0%) by conc RS threads.
            0 (  0.0%) by mutator threads.
  Conc RS threads times(s)
          0.00     0.00     0.00     0.00     0.00     0.00     0.00     0.00     0.00     0.00     0.00     0.00     0.00     0.00     0.00     0.00     0.00     0.00     0.00
  Total heap region rem set sizes = 8711K.  Max = 180K.
  Static structures = 369K, free_lists = 0K.
    2838736 occupied cards represented.
    Max size region = 1:(O)[0x0000000763500000,0x00000007635f7178,0x0000000763600000], size = 181K, occupied = 922K.
    Did 5788 coarsenings.
2014-08-01T10:19:31.214-0500: 4991.658: [GC pause (mixed) 4991.658: [G1Ergonomics (CSet Construction) start choosing CSet, _pending_cards: 67817, predicted base time: 43.42 ms, remaining time: 56.58 ms, target pause time: 100.00 ms]
 4991.658: [G1Ergonomics (CSet Construction) add young regions to CSet, eden: 18 regions, survivors: 0 regions, predicted young region time: 0.84 ms]
 4991.658: [G1Ergonomics (CSet Construction) finish adding old regions to CSet, reason: predicted time is too high, predicted time: 0.70 ms, remaining time: 0.00 ms, old: 178 regions, min: 178 regions]
 4991.658: [G1Ergonomics (CSet Construction) added expensive regions to CSet, reason: old CSet region num not reached min, old: 178 regions, expensive: 100 regions, min: 178 regions, remaining time: 0.00 ms]
 4991.658: [G1Ergonomics (CSet Construction) finish choosing CSet, eden: 18 regions, survivors: 0 regions, old: 178 regions, predicted pause time: 173.38 ms, target pause time: 100.00 ms]
 4991.659: [G1Ergonomics (Heap Sizing) attempt heap expansion, reason: region allocation request failed, allocation request: 2048 bytes]
 4991.659: [G1Ergonomics (Heap Sizing) expand the heap, requested expansion amount: 2048 bytes, attempted expansion amount: 1048576 bytes]
 4991.659: [G1Ergonomics (Heap Sizing) did not expand the heap, reason: heap expansion operation failed]
 4991.744: [G1Ergonomics (Concurrent Cycles) do not request concurrent cycle initiation, reason: still doing mixed collections, occupancy: 2356150272 bytes, allocation request: 0 bytes, threshold: 1062626895 bytes (45.00 %), source: end of GC]
 4991.744: [G1Ergonomics (Mixed GCs) continue mixed GCs, reason: candidate old regions available, candidate old regions: 533 regions, reclaimable: 537721400 bytes (22.77 %), threshold: 10.00 %]
 (to-space exhausted), 0.0869290 secs]
   [Parallel Time: 48.6 ms, GC Workers: 18]
      [GC Worker Start (ms): Min: 4991658.1, Avg: 4991658.3, Max: 4991658.5, Diff: 0.4]
      [Ext Root Scanning (ms): Min: 2.6, Avg: 6.0, Max: 18.8, Diff: 16.2, Sum: 108.8]
      [Update RS (ms): Min: 0.0, Avg: 4.0, Max: 5.5, Diff: 5.5, Sum: 72.1]
         [Processed Buffers: Min: 0, Avg: 16.8, Max: 32, Diff: 32, Sum: 303]
      [Scan RS (ms): Min: 0.0, Avg: 0.3, Max: 0.4, Diff: 0.4, Sum: 5.5]
      [Object Copy (ms): Min: 20.1, Avg: 30.0, Max: 40.7, Diff: 20.6, Sum: 539.8]
      [Termination (ms): Min: 0.0, Avg: 7.8, Max: 9.0, Diff: 9.0, Sum: 140.4]
      [GC Worker Other (ms): Min: 0.0, Avg: 0.0, Max: 0.0, Diff: 0.0, Sum: 0.5]
      [GC Worker Total (ms): Min: 47.9, Avg: 48.2, Max: 48.4, Diff: 0.4, Sum: 867.2]
      [GC Worker End (ms): Min: 4991706.4, Avg: 4991706.5, Max: 4991706.5, Diff: 0.1]
   [Code Root Fixup: 0.0 ms]
   [Clear CT: 1.0 ms]
   [Other: 37.3 ms]
      [Choose CSet: 0.2 ms]
      [Ref Proc: 5.7 ms]
      [Ref Enq: 0.6 ms]
      [Free CSet: 0.4 ms]
   [Eden: 18.0M(1576.0M)->0.0B(1576.0M) Survivors: 0.0B->0.0B Heap: 2245.2M(2252.0M)->2240.2M(2252.0M)]
 [Times: user=0.82 sys=0.02, real=0.09 secs] 

 Concurrent RS processed 3941779 cards
  Of 121529 completed buffers:
       121529 (100.0%) by conc RS threads.
            0 (  0.0%) by mutator threads.
  Conc RS threads times(s)
          0.00     0.00     0.00     0.00     0.00     0.00     0.00     0.00     0.00     0.00     0.00     0.00     0.00     0.00     0.00     0.00     0.00     0.00     0.00
  Total heap region rem set sizes = 8879K.  Max = 180K.
  Static structures = 369K, free_lists = 0K.
    3397791 occupied cards represented.
    Max size region = 1:(O)[0x0000000763500000,0x00000007635f7178,0x0000000763600000], size = 181K, occupied = 1082K.
    Did 6068 coarsenings.
2014-08-01T10:19:31.310-0500: 4991.754: [GC pause (mixed) 4991.754: [G1Ergonomics (CSet Construction) start choosing CSet, _pending_cards: 41216, predicted base time: 35.35 ms, remaining time: 64.65 ms, target pause time: 100.00 ms]
 4991.754: [G1Ergonomics (CSet Construction) add young regions to CSet, eden: 5 regions, survivors: 0 regions, predicted young region time: 0.19 ms]
 4991.754: [G1Ergonomics (CSet Construction) finish adding old regions to CSet, reason: predicted time is too high, predicted time: 0.95 ms, remaining time: 0.00 ms, old: 178 regions, min: 178 regions]
 4991.754: [G1Ergonomics (CSet Construction) added expensive regions to CSet, reason: old CSet region num not reached min, old: 178 regions, expensive: 97 regions, min: 178 regions, remaining time: 0.00 ms]
 4991.754: [G1Ergonomics (CSet Construction) finish choosing CSet, eden: 5 regions, survivors: 0 regions, old: 178 regions, predicted pause time: 176.28 ms, target pause time: 100.00 ms]
 4991.755: [G1Ergonomics (Heap Sizing) attempt heap expansion, reason: region allocation request failed, allocation request: 2048 bytes]
 4991.755: [G1Ergonomics (Heap Sizing) expand the heap, requested expansion amount: 2048 bytes, attempted expansion amount: 1048576 bytes]
 4991.755: [G1Ergonomics (Heap Sizing) did not expand the heap, reason: heap expansion operation failed]
 4991.823: [G1Ergonomics (Concurrent Cycles) do not request concurrent cycle initiation, reason: still doing mixed collections, occupancy: 2356150272 bytes, allocation request: 0 bytes, threshold: 1062626895 bytes (45.00 %), source: end of GC]
 4991.823: [G1Ergonomics (Mixed GCs) continue mixed GCs, reason: candidate old regions available, candidate old regions: 355 regions, reclaimable: 352034432 bytes (14.91 %), threshold: 10.00 %]
 (to-space exhausted), 0.0691180 secs]
   [Parallel Time: 35.3 ms, GC Workers: 18]
      [GC Worker Start (ms): Min: 4991754.1, Avg: 4991754.3, Max: 4991754.4, Diff: 0.3]
      [Ext Root Scanning (ms): Min: 1.1, Avg: 5.9, Max: 13.5, Diff: 12.4, Sum: 105.9]
      [Update RS (ms): Min: 0.1, Avg: 1.7, Max: 3.4, Diff: 3.3, Sum: 31.2]
         [Processed Buffers: Min: 2, Avg: 10.4, Max: 23, Diff: 21, Sum: 187]
      [Scan RS (ms): Min: 0.0, Avg: 0.4, Max: 0.4, Diff: 0.4, Sum: 6.3]
      [Object Copy (ms): Min: 19.0, Avg: 26.4, Max: 30.2, Diff: 11.2, Sum: 475.4]
      [Termination (ms): Min: 0.0, Avg: 0.3, Max: 0.4, Diff: 0.4, Sum: 4.6]
      [GC Worker Other (ms): Min: 0.0, Avg: 0.0, Max: 0.1, Diff: 0.0, Sum: 0.6]
      [GC Worker Total (ms): Min: 34.5, Avg: 34.7, Max: 34.8, Diff: 0.3, Sum: 624.0]
      [GC Worker End (ms): Min: 4991788.9, Avg: 4991789.0, Max: 4991789.0, Diff: 0.1]
   [Code Root Fixup: 0.0 ms]
   [Clear CT: 1.0 ms]
   [Other: 32.8 ms]
      [Choose CSet: 0.2 ms]
      [Ref Proc: 5.4 ms]
      [Ref Enq: 0.5 ms]
      [Free CSet: 0.3 ms]
   [Eden: 5120.0K(1576.0M)->0.0B(1576.0M) Survivors: 0.0B->0.0B Heap: 2245.2M(2252.0M)->2240.2M(2252.0M)]
 [Times: user=0.62 sys=0.02, real=0.07 secs] 

 Concurrent RS processed 3945756 cards
  Of 121716 completed buffers:
       121716 (100.0%) by conc RS threads.
            0 (  0.0%) by mutator threads.
  Conc RS threads times(s)
          0.00     0.00     0.00     0.00     0.00     0.00     0.00     0.00     0.00     0.00     0.00     0.00     0.00     0.00     0.00     0.00     0.00     0.00     0.00
  Total heap region rem set sizes = 8911K.  Max = 180K.
  Static structures = 369K, free_lists = 0K.
    3526902 occupied cards represented.
    Max size region = 1:(O)[0x0000000763500000,0x00000007635f7178,0x0000000763600000], size = 181K, occupied = 1114K.
    Did 6130 coarsenings.
2014-08-01T10:19:31.387-0500: 4991.830: [GC pause (mixed) 4991.830: [G1Ergonomics (CSet Construction) start choosing CSet, _pending_cards: 33222, predicted base time: 32.92 ms, remaining time: 67.08 ms, target pause time: 100.00 ms]
 4991.830: [G1Ergonomics (CSet Construction) add young regions to CSet, eden: 5 regions, survivors: 0 regions, predicted young region time: 0.15 ms]
 4991.830: [G1Ergonomics (CSet Construction) finish adding old regions to CSet, reason: reclaimable percentage not over threshold, old: 112 regions, max: 226 regions, reclaimable: 235569568 bytes (9.98 %), threshold: 10.00 %]
 4991.830: [G1Ergonomics (CSet Construction) added expensive regions to CSet, reason: old CSet region num not reached min, old: 112 regions, expensive: 36 regions, min: 178 regions, remaining time: 0.00 ms]
 4991.830: [G1Ergonomics (CSet Construction) finish choosing CSet, eden: 5 regions, survivors: 0 regions, old: 112 regions, predicted pause time: 129.62 ms, target pause time: 100.00 ms]
 4991.831: [G1Ergonomics (Heap Sizing) attempt heap expansion, reason: region allocation request failed, allocation request: 2048 bytes]
 4991.831: [G1Ergonomics (Heap Sizing) expand the heap, requested expansion amount: 2048 bytes, attempted expansion amount: 1048576 bytes]
 4991.831: [G1Ergonomics (Heap Sizing) did not expand the heap, reason: heap expansion operation failed]
 4991.894: [G1Ergonomics (Concurrent Cycles) do not request concurrent cycle initiation, reason: still doing mixed collections, occupancy: 2360344576 bytes, allocation request: 0 bytes, threshold: 1062626895 bytes (45.00 %), source: end of GC]
 4991.894: [G1Ergonomics (Mixed GCs) do not continue mixed GCs, reason: reclaimable percentage not over threshold, candidate old regions: 243 regions, reclaimable: 235569568 bytes (9.98 %), threshold: 10.00 %]
 (to-space exhausted), 0.0637220 secs]
   [Parallel Time: 33.3 ms, GC Workers: 18]
      [GC Worker Start (ms): Min: 4991830.2, Avg: 4991830.5, Max: 4991830.8, Diff: 0.5]
      [Ext Root Scanning (ms): Min: 0.9, Avg: 6.5, Max: 11.2, Diff: 10.3, Sum: 117.6]
      [Update RS (ms): Min: 0.0, Avg: 1.8, Max: 3.2, Diff: 3.2, Sum: 32.6]
         [Processed Buffers: Min: 0, Avg: 8.6, Max: 19, Diff: 19, Sum: 155]
      [Scan RS (ms): Min: 0.0, Avg: 0.3, Max: 0.5, Diff: 0.5, Sum: 6.2]
      [Object Copy (ms): Min: 18.9, Avg: 23.9, Max: 31.8, Diff: 12.9, Sum: 430.0]
      [Termination (ms): Min: 0.0, Avg: 0.2, Max: 0.4, Diff: 0.4, Sum: 3.7]
      [GC Worker Other (ms): Min: 0.0, Avg: 0.0, Max: 0.0, Diff: 0.0, Sum: 0.5]
      [GC Worker Total (ms): Min: 32.6, Avg: 32.8, Max: 33.1, Diff: 0.5, Sum: 590.5]
      [GC Worker End (ms): Min: 4991863.3, Avg: 4991863.4, Max: 4991863.4, Diff: 0.1]
   [Code Root Fixup: 0.0 ms]
   [Clear CT: 0.9 ms]
   [Other: 29.5 ms]
      [Choose CSet: 0.2 ms]
      [Ref Proc: 8.2 ms]
      [Ref Enq: 0.4 ms]
      [Free CSet: 0.2 ms]
   [Eden: 5120.0K(1576.0M)->0.0B(1576.0M) Survivors: 0.0B->0.0B Heap: 2245.2M(2252.0M)->2244.2M(2252.0M)]
 [Times: user=0.50 sys=0.02, real=0.06 secs] 

 Concurrent RS processed 3950068 cards
  Of 121871 completed buffers:
       121871 (100.0%) by conc RS threads.
            0 (  0.0%) by mutator threads.
  Conc RS threads times(s)
          0.00     0.00     0.00     0.00     0.00     0.00     0.00     0.00     0.00     0.00     0.00     0.00     0.00     0.00     0.00     0.00     0.00     0.00     0.00
  Total heap region rem set sizes = 8930K.  Max = 180K.
  Static structures = 369K, free_lists = 0K.
    3564794 occupied cards represented.
    Max size region = 1:(O)[0x0000000763500000,0x00000007635f7178,0x0000000763600000], size = 181K, occupied = 1124K.
    Did 6147 coarsenings.
2014-08-01T10:19:31.456-0500: 4991.899: [GC pause (young) 4991.899: [G1Ergonomics (CSet Construction) start choosing CSet, _pending_cards: 31830, predicted base time: 32.50 ms, remaining time: 67.50 ms, target pause time: 100.00 ms]
 4991.899: [G1Ergonomics (CSet Construction) add young regions to CSet, eden: 1 regions, survivors: 0 regions, predicted young region time: 0.02 ms]
 4991.899: [G1Ergonomics (CSet Construction) finish choosing CSet, eden: 1 regions, survivors: 0 regions, old: 0 regions, predicted pause time: 32.52 ms, target pause time: 100.00 ms]
 4991.900: [G1Ergonomics (Heap Sizing) attempt heap expansion, reason: region allocation request failed, allocation request: 2048 bytes]
 4991.900: [G1Ergonomics (Heap Sizing) expand the heap, requested expansion amount: 2048 bytes, attempted expansion amount: 1048576 bytes]
 4991.900: [G1Ergonomics (Heap Sizing) did not expand the heap, reason: heap expansion operation failed]
 4991.927: [G1Ergonomics (Concurrent Cycles) request concurrent cycle initiation, reason: occupancy higher than threshold, occupancy: 2361393152 bytes, allocation request: 0 bytes, threshold: 1062626895 bytes (45.00 %), source: end of GC]
 (to-space exhausted), 0.0284620 secs]
   [Parallel Time: 18.7 ms, GC Workers: 18]
      [GC Worker Start (ms): Min: 4991899.2, Avg: 4991899.6, Max: 4991900.5, Diff: 1.2]
      [Ext Root Scanning (ms): Min: 0.9, Avg: 6.6, Max: 11.3, Diff: 10.4, Sum: 118.9]
      [Update RS (ms): Min: 0.0, Avg: 1.4, Max: 3.9, Diff: 3.9, Sum: 25.6]
         [Processed Buffers: Min: 0, Avg: 7.8, Max: 27, Diff: 27, Sum: 140]
      [Scan RS (ms): Min: 0.0, Avg: 0.0, Max: 0.0, Diff: 0.0, Sum: 0.0]
      [Object Copy (ms): Min: 5.8, Avg: 9.6, Max: 17.2, Diff: 11.5, Sum: 173.5]
      [Termination (ms): Min: 0.0, Avg: 0.4, Max: 0.8, Diff: 0.8, Sum: 7.2]
      [GC Worker Other (ms): Min: 0.0, Avg: 0.0, Max: 0.1, Diff: 0.1, Sum: 0.8]
      [GC Worker Total (ms): Min: 17.2, Avg: 18.1, Max: 18.5, Diff: 1.2, Sum: 326.0]
      [GC Worker End (ms): Min: 4991917.6, Avg: 4991917.7, Max: 4991917.7, Diff: 0.1]
   [Code Root Fixup: 0.0 ms]
   [Clear CT: 0.4 ms]
   [Other: 9.4 ms]
      [Choose CSet: 0.0 ms]
      [Ref Proc: 5.9 ms]
      [Ref Enq: 0.4 ms]
      [Free CSet: 0.2 ms]
   [Eden: 1024.0K(1576.0M)->0.0B(1576.0M) Survivors: 0.0B->0.0B Heap: 2245.2M(2252.0M)->2245.2M(2252.0M)]
 [Times: user=0.21 sys=0.01, real=0.03 secs] 

 Concurrent RS processed 3953950 cards
  Of 122011 completed buffers:
       122011 (100.0%) by conc RS threads.
            0 (  0.0%) by mutator threads.
  Conc RS threads times(s)
          0.00     0.00     0.00     0.00     0.00     0.00     0.00     0.00     0.00     0.00     0.00     0.00     0.00     0.00     0.00     0.00     0.00     0.00     0.00
  Total heap region rem set sizes = 8948K.  Max = 180K.
  Static structures = 369K, free_lists = 0K.
    3594039 occupied cards represented.
    Max size region = 1:(O)[0x0000000763500000,0x00000007635f7178,0x0000000763600000], size = 181K, occupied = 1132K.
    Did 6160 coarsenings.
 4991.932: [G1Ergonomics (Concurrent Cycles) initiate concurrent cycle, reason: concurrent cycle initiation requested]
2014-08-01T10:19:31.489-0500: 4991.932: [GC pause (young) (initial-mark) 4991.932: [G1Ergonomics (CSet Construction) start choosing CSet, _pending_cards: 12043, predicted base time: 26.49 ms, remaining time: 73.51 ms, target pause time: 100.00 ms]
 4991.932: [G1Ergonomics (CSet Construction) add young regions to CSet, eden: 0 regions, survivors: 0 regions, predicted young region time: 0.00 ms]
 4991.932: [G1Ergonomics (CSet Construction) finish choosing CSet, eden: 0 regions, survivors: 0 regions, old: 0 regions, predicted pause time: 26.49 ms, target pause time: 100.00 ms]
, 0.0345730 secs]
   [Parallel Time: 23.2 ms, GC Workers: 18]
      [GC Worker Start (ms): Min: 4991932.6, Avg: 4991932.7, Max: 4991932.9, Diff: 0.3]
      [Ext Root Scanning (ms): Min: 6.5, Avg: 8.5, Max: 13.4, Diff: 6.9, Sum: 152.5]
      [Update RS (ms): Min: 0.0, Avg: 0.4, Max: 1.5, Diff: 1.5, Sum: 6.7]
         [Processed Buffers: Min: 0, Avg: 2.9, Max: 13, Diff: 13, Sum: 53]
      [Scan RS (ms): Min: 0.0, Avg: 0.0, Max: 0.0, Diff: 0.0, Sum: 0.0]
      [Object Copy (ms): Min: 0.0, Avg: 4.2, Max: 13.1, Diff: 13.1, Sum: 75.3]
      [Termination (ms): Min: 0.0, Avg: 8.9, Max: 10.6, Diff: 10.6, Sum: 159.7]
      [GC Worker Other (ms): Min: 0.0, Avg: 0.1, Max: 1.0, Diff: 1.0, Sum: 1.5]
      [GC Worker Total (ms): Min: 21.7, Avg: 22.0, Max: 23.0, Diff: 1.3, Sum: 395.7]
      [GC Worker End (ms): Min: 4991954.6, Avg: 4991954.7, Max: 4991955.6, Diff: 1.0]
   [Code Root Fixup: 0.0 ms]
   [Clear CT: 0.4 ms]
   [Other: 11.0 ms]
      [Choose CSet: 0.0 ms]
      [Ref Proc: 9.8 ms]
      [Ref Enq: 0.4 ms]
      [Free CSet: 0.1 ms]
   [Eden: 0.0B(1576.0M)->0.0B(1576.0M) Survivors: 0.0B->0.0B Heap: 2245.2M(2252.0M)->2245.2M(2252.0M)]
 [Times: user=0.44 sys=0.00, real=0.03 secs] 

 Concurrent RS processed 3954634 cards
  Of 122064 completed buffers:
       122064 (100.0%) by conc RS threads.
            0 (  0.0%) by mutator threads.
  Conc RS threads times(s)
          0.00     0.00     0.00     0.00     0.00     0.00     0.00     0.00     0.00     0.00     0.00     0.00     0.00     0.00     0.00     0.00     0.00     0.00     0.00
  Total heap region rem set sizes = 8951K.  Max = 180K.
  Static structures = 369K, free_lists = 0K.
    3600985 occupied cards represented.
    Max size region = 1:(O)[0x0000000763500000,0x00000007635f7178,0x0000000763600000], size = 181K, occupied = 1134K.
    Did 6163 coarsenings.
2014-08-01T10:19:31.527-0500: 4991.970: [GC concurrent-root-region-scan-start]
2014-08-01T10:19:31.527-0500: 4991.970: [GC concurrent-root-region-scan-end, 0.0000340 secs]
2014-08-01T10:19:31.527-0500: 4991.970: [GC concurrent-mark-start]
2014-08-01T10:19:31.528-0500: 4991.972: [GC pause (young) 4991.972: [G1Ergonomics (CSet Construction) start choosing CSet, _pending_cards: 5, predicted base time: 22.52 ms, remaining time: 77.48 ms, target pause time: 100.00 ms]
 4991.972: [G1Ergonomics (CSet Construction) add young regions to CSet, eden: 0 regions, survivors: 0 regions, predicted young region time: 0.00 ms]
 4991.972: [G1Ergonomics (CSet Construction) finish choosing CSet, eden: 0 regions, survivors: 0 regions, old: 0 regions, predicted pause time: 22.52 ms, target pause time: 100.00 ms]
, 0.0229120 secs]
   [Parallel Time: 13.8 ms, GC Workers: 18]
      [GC Worker Start (ms): Min: 4991971.8, Avg: 4991972.0, Max: 4991972.1, Diff: 0.3]
      [Ext Root Scanning (ms): Min: 6.6, Avg: 8.8, Max: 12.9, Diff: 6.2, Sum: 158.0]
      [SATB Filtering (ms): Min: 0.0, Avg: 0.0, Max: 0.1, Diff: 0.1, Sum: 0.1]
      [Update RS (ms): Min: 0.0, Avg: 0.0, Max: 0.1, Diff: 0.1, Sum: 0.1]
         [Processed Buffers: Min: 0, Avg: 0.2, Max: 2, Diff: 2, Sum: 4]
      [Scan RS (ms): Min: 0.0, Avg: 0.0, Max: 0.0, Diff: 0.0, Sum: 0.0]
      [Object Copy (ms): Min: 0.0, Avg: 1.2, Max: 2.0, Diff: 1.9, Sum: 21.7]
      [Termination (ms): Min: 0.0, Avg: 3.0, Max: 4.6, Diff: 4.6, Sum: 53.2]
      [GC Worker Other (ms): Min: 0.0, Avg: 0.0, Max: 0.0, Diff: 0.0, Sum: 0.3]
      [GC Worker Total (ms): Min: 12.8, Avg: 13.0, Max: 13.2, Diff: 0.4, Sum: 233.4]
      [GC Worker End (ms): Min: 4991984.9, Avg: 4991984.9, Max: 4991985.0, Diff: 0.1]
   [Code Root Fixup: 0.0 ms]
   [Clear CT: 0.4 ms]
   [Other: 8.8 ms]
      [Choose CSet: 0.0 ms]
      [Ref Proc: 8.0 ms]
      [Ref Enq: 0.4 ms]
      [Free CSet: 0.1 ms]
   [Eden: 0.0B(1576.0M)->0.0B(1576.0M) Survivors: 0.0B->0.0B Heap: 2245.2M(2252.0M)->2245.2M(2252.0M)]
 [Times: user=0.25 sys=0.01, real=0.02 secs] 

 Concurrent RS processed 3954641 cards
  Of 122068 completed buffers:
       122068 (100.0%) by conc RS threads.
            0 (  0.0%) by mutator threads.
  Conc RS threads times(s)
          0.00     0.00     0.00     0.00     0.00     0.00     0.00     0.00     0.00     0.00     0.00     0.00     0.00     0.00     0.00     0.00     0.00     0.00     0.00
  Total heap region rem set sizes = 8951K.  Max = 180K.
  Static structures = 369K, free_lists = 0K.
    3600988 occupied cards represented.
    Max size region = 1:(O)[0x0000000763500000,0x00000007635f7178,0x0000000763600000], size = 181K, occupied = 1134K.
    Did 6163 coarsenings.
2014-08-01T10:19:31.556-0500: 4992.000: [GC pause (young) 4992.000: [G1Ergonomics (CSet Construction) start choosing CSet, _pending_cards: 10, predicted base time: 21.65 ms, remaining time: 78.35 ms, target pause time: 100.00 ms]
 4992.000: [G1Ergonomics (CSet Construction) add young regions to CSet, eden: 0 regions, survivors: 0 regions, predicted young region time: 0.00 ms]
 4992.000: [G1Ergonomics (CSet Construction) finish choosing CSet, eden: 0 regions, survivors: 0 regions, old: 0 regions, predicted pause time: 21.65 ms, target pause time: 100.00 ms]
, 0.0276170 secs]
   [Parallel Time: 16.1 ms, GC Workers: 18]
      [GC Worker Start (ms): Min: 4991999.9, Avg: 4992000.0, Max: 4992000.2, Diff: 0.3]
      [Ext Root Scanning (ms): Min: 7.1, Avg: 8.4, Max: 14.7, Diff: 7.6, Sum: 150.6]
      [SATB Filtering (ms): Min: 0.0, Avg: 0.0, Max: 0.1, Diff: 0.1, Sum: 0.1]
      [Update RS (ms): Min: 0.0, Avg: 0.0, Max: 0.1, Diff: 0.1, Sum: 0.2]
         [Processed Buffers: Min: 0, Avg: 0.3, Max: 3, Diff: 3, Sum: 5]
      [Scan RS (ms): Min: 0.0, Avg: 0.0, Max: 0.0, Diff: 0.0, Sum: 0.0]
      [Object Copy (ms): Min: 0.0, Avg: 1.2, Max: 1.8, Diff: 1.7, Sum: 20.8]
      [Termination (ms): Min: 0.0, Avg: 6.1, Max: 7.2, Diff: 7.2, Sum: 109.4]
      [GC Worker Other (ms): Min: 0.0, Avg: 0.0, Max: 0.0, Diff: 0.0, Sum: 0.3]
      [GC Worker Total (ms): Min: 15.5, Avg: 15.6, Max: 15.8, Diff: 0.3, Sum: 281.4]
      [GC Worker End (ms): Min: 4992015.6, Avg: 4992015.7, Max: 4992015.7, Diff: 0.1]
   [Code Root Fixup: 0.0 ms]
   [Clear CT: 0.4 ms]
   [Other: 11.2 ms]
      [Choose CSet: 0.0 ms]
      [Ref Proc: 10.4 ms]
      [Ref Enq: 0.4 ms]
      [Free CSet: 0.1 ms]
   [Eden: 0.0B(1576.0M)->0.0B(1576.0M) Survivors: 0.0B->0.0B Heap: 2245.2M(2252.0M)->2245.2M(2252.0M)]
 [Times: user=0.28 sys=0.00, real=0.03 secs] 

 Concurrent RS processed 3954652 cards
  Of 122073 completed buffers:
       122073 (100.0%) by conc RS threads.
            0 (  0.0%) by mutator threads.
  Conc RS threads times(s)
          0.00     0.00     0.00     0.00     0.00     0.00     0.00     0.00     0.00     0.00     0.00     0.00     0.00     0.00     0.00     0.00     0.00     0.00     0.00
  Total heap region rem set sizes = 8951K.  Max = 180K.
  Static structures = 369K, free_lists = 0K.
    3600991 occupied cards represented.
    Max size region = 1:(O)[0x0000000763500000,0x00000007635f7178,0x0000000763600000], size = 181K, occupied = 1134K.
    Did 6163 coarsenings.
2014-08-01T10:19:31.590-0500: 4992.033: [GC pause (young) 4992.033: [G1Ergonomics (CSet Construction) start choosing CSet, _pending_cards: 0, predicted base time: 21.40 ms, remaining time: 78.60 ms, target pause time: 100.00 ms]
 4992.033: [G1Ergonomics (CSet Construction) add young regions to CSet, eden: 0 regions, survivors: 0 regions, predicted young region time: 0.00 ms]
 4992.033: [G1Ergonomics (CSet Construction) finish choosing CSet, eden: 0 regions, survivors: 0 regions, old: 0 regions, predicted pause time: 21.40 ms, target pause time: 100.00 ms]
, 0.0258080 secs]
   [Parallel Time: 15.3 ms, GC Workers: 18]
      [GC Worker Start (ms): Min: 4992033.5, Avg: 4992033.7, Max: 4992033.8, Diff: 0.3]
      [Ext Root Scanning (ms): Min: 6.0, Avg: 7.3, Max: 14.5, Diff: 8.4, Sum: 130.9]
      [SATB Filtering (ms): Min: 0.0, Avg: 0.0, Max: 0.1, Diff: 0.1, Sum: 0.1]
      [Update RS (ms): Min: 0.0, Avg: 0.0, Max: 0.1, Diff: 0.1, Sum: 0.2]
         [Processed Buffers: Min: 0, Avg: 0.1, Max: 1, Diff: 1, Sum: 1]
      [Scan RS (ms): Min: 0.0, Avg: 0.0, Max: 0.0, Diff: 0.0, Sum: 0.0]
      [Object Copy (ms): Min: 0.1, Avg: 1.4, Max: 3.0, Diff: 2.8, Sum: 24.4]
      [Termination (ms): Min: 0.0, Avg: 5.9, Max: 7.5, Diff: 7.5, Sum: 106.7]
      [GC Worker Other (ms): Min: 0.0, Avg: 0.0, Max: 0.1, Diff: 0.0, Sum: 0.5]
      [GC Worker Total (ms): Min: 14.4, Avg: 14.6, Max: 15.0, Diff: 0.5, Sum: 262.8]
      [GC Worker End (ms): Min: 4992048.2, Avg: 4992048.3, Max: 4992048.5, Diff: 0.3]
   [Code Root Fixup: 0.0 ms]
   [Clear CT: 0.5 ms]
   [Other: 10.1 ms]
      [Choose CSet: 0.0 ms]
      [Ref Proc: 9.3 ms]
      [Ref Enq: 0.4 ms]
      [Free CSet: 0.1 ms]
   [Eden: 0.0B(1576.0M)->0.0B(1576.0M) Survivors: 0.0B->0.0B Heap: 2245.2M(2252.0M)->2245.2M(2252.0M)]
 [Times: user=0.33 sys=0.01, real=0.02 secs] 

 Concurrent RS processed 3954670 cards
  Of 122074 completed buffers:
       122074 (100.0%) by conc RS threads.
            0 (  0.0%) by mutator threads.
  Conc RS threads times(s)
          0.00     0.00     0.00     0.00     0.00     0.00     0.00     0.00     0.00     0.00     0.00     0.00     0.00     0.00     0.00     0.00     0.00     0.00     0.00
  Total heap region rem set sizes = 8951K.  Max = 180K.
  Static structures = 369K, free_lists = 0K.
    3600991 occupied cards represented.
    Max size region = 1:(O)[0x0000000763500000,0x00000007635f7178,0x0000000763600000], size = 181K, occupied = 1134K.
    Did 6163 coarsenings.
2014-08-01T10:19:31.622-0500: 4992.065: [GC pause (young) 4992.065: [G1Ergonomics (CSet Construction) start choosing CSet, _pending_cards: 8, predicted base time: 20.73 ms, remaining time: 79.27 ms, target pause time: 100.00 ms]
 4992.065: [G1Ergonomics (CSet Construction) add young regions to CSet, eden: 0 regions, survivors: 0 regions, predicted young region time: 0.00 ms]
 4992.065: [G1Ergonomics (CSet Construction) finish choosing CSet, eden: 0 regions, survivors: 0 regions, old: 0 regions, predicted pause time: 20.73 ms, target pause time: 100.00 ms]
, 0.0210960 secs]
   [Parallel Time: 13.2 ms, GC Workers: 18]
      [GC Worker Start (ms): Min: 4992065.5, Avg: 4992065.7, Max: 4992065.8, Diff: 0.3]
      [Ext Root Scanning (ms): Min: 6.2, Avg: 7.3, Max: 11.3, Diff: 5.1, Sum: 131.2]
      [SATB Filtering (ms): Min: 0.0, Avg: 0.0, Max: 0.1, Diff: 0.1, Sum: 0.1]
      [Update RS (ms): Min: 0.0, Avg: 0.0, Max: 0.2, Diff: 0.2, Sum: 0.5]
         [Processed Buffers: Min: 0, Avg: 0.2, Max: 2, Diff: 2, Sum: 3]
      [Scan RS (ms): Min: 0.0, Avg: 0.0, Max: 0.0, Diff: 0.0, Sum: 0.0]
      [Object Copy (ms): Min: 0.0, Avg: 1.2, Max: 1.8, Diff: 1.7, Sum: 20.9]
      [Termination (ms): Min: 0.0, Avg: 3.0, Max: 3.9, Diff: 3.9, Sum: 53.7]
      [GC Worker Other (ms): Min: 0.0, Avg: 0.0, Max: 0.0, Diff: 0.0, Sum: 0.4]
      [GC Worker Total (ms): Min: 11.3, Avg: 11.5, Max: 11.6, Diff: 0.3, Sum: 206.8]
      [GC Worker End (ms): Min: 4992077.1, Avg: 4992077.2, Max: 4992077.2, Diff: 0.1]
   [Code Root Fixup: 0.0 ms]
   [Clear CT: 0.4 ms]
   [Other: 7.5 ms]
      [Choose CSet: 0.0 ms]
      [Ref Proc: 6.8 ms]
      [Ref Enq: 0.3 ms]
      [Free CSet: 0.1 ms]
   [Eden: 0.0B(1576.0M)->0.0B(1576.0M) Survivors: 0.0B->0.0B Heap: 2245.2M(2252.0M)->2245.2M(2252.0M)]
 [Times: user=0.22 sys=0.01, real=0.02 secs] 

 Concurrent RS processed 3954705 cards
  Of 122077 completed buffers:
       122077 (100.0%) by conc RS threads.
            0 (  0.0%) by mutator threads.
  Conc RS threads times(s)
          0.00     0.00     0.00     0.00     0.00     0.00     0.00     0.00     0.00     0.00     0.00     0.00     0.00     0.00     0.00     0.00     0.00     0.00     0.00
  Total heap region rem set sizes = 8951K.  Max = 180K.
  Static structures = 369K, free_lists = 0K.
    3600992 occupied cards represented.
    Max size region = 1:(O)[0x0000000763500000,0x00000007635f7178,0x0000000763600000], size = 181K, occupied = 1134K.
    Did 6163 coarsenings.
2014-08-01T10:19:31.648-0500: 4992.092: [GC pause (young) 4992.092: [G1Ergonomics (CSet Construction) start choosing CSet, _pending_cards: 0, predicted base time: 19.88 ms, remaining time: 80.12 ms, target pause time: 100.00 ms]
 4992.092: [G1Ergonomics (CSet Construction) add young regions to CSet, eden: 0 regions, survivors: 0 regions, predicted young region time: 0.00 ms]
 4992.092: [G1Ergonomics (CSet Construction) finish choosing CSet, eden: 0 regions, survivors: 0 regions, old: 0 regions, predicted pause time: 19.88 ms, target pause time: 100.00 ms]
, 0.0209570 secs]
   [Parallel Time: 13.1 ms, GC Workers: 18]
      [GC Worker Start (ms): Min: 4992091.9, Avg: 4992092.9, Max: 4992097.8, Diff: 5.9]
      [Ext Root Scanning (ms): Min: 2.6, Avg: 8.2, Max: 12.1, Diff: 9.5, Sum: 147.2]
      [SATB Filtering (ms): Min: 0.0, Avg: 0.0, Max: 0.1, Diff: 0.1, Sum: 0.1]
      [Update RS (ms): Min: 0.0, Avg: 0.0, Max: 0.0, Diff: 0.0, Sum: 0.1]
         [Processed Buffers: Min: 0, Avg: 0.1, Max: 1, Diff: 1, Sum: 1]
      [Scan RS (ms): Min: 0.0, Avg: 0.0, Max: 0.0, Diff: 0.0, Sum: 0.0]
      [Object Copy (ms): Min: 0.0, Avg: 1.3, Max: 2.9, Diff: 2.9, Sum: 23.7]
      [Termination (ms): Min: 0.0, Avg: 2.2, Max: 3.9, Diff: 3.9, Sum: 40.3]
      [GC Worker Other (ms): Min: 0.0, Avg: 0.0, Max: 0.2, Diff: 0.2, Sum: 0.6]
      [GC Worker Total (ms): Min: 6.8, Avg: 11.8, Max: 12.9, Diff: 6.0, Sum: 212.0]
      [GC Worker End (ms): Min: 4992104.6, Avg: 4992104.6, Max: 4992104.7, Diff: 0.2]
   [Code Root Fixup: 0.0 ms]
   [Clear CT: 0.4 ms]
   [Other: 7.5 ms]
      [Choose CSet: 0.0 ms]
      [Ref Proc: 6.7 ms]
      [Ref Enq: 0.3 ms]
      [Free CSet: 0.1 ms]
   [Eden: 0.0B(1576.0M)->0.0B(1576.0M) Survivors: 0.0B->0.0B Heap: 2245.2M(2252.0M)->2245.2M(2252.0M)]
 [Times: user=0.21 sys=0.01, real=0.02 secs] 

 Concurrent RS processed 3954706 cards
  Of 122078 completed buffers:
       122078 (100.0%) by conc RS threads.
            0 (  0.0%) by mutator threads.
  Conc RS threads times(s)
          0.00     0.00     0.00     0.00     0.00     0.00     0.00     0.00     0.00     0.00     0.00     0.00     0.00     0.00     0.00     0.00     0.00     0.00     0.00
  Total heap region rem set sizes = 8951K.  Max = 180K.
  Static structures = 369K, free_lists = 0K.
    3600992 occupied cards represented.
    Max size region = 1:(O)[0x0000000763500000,0x00000007635f7178,0x0000000763600000], size = 181K, occupied = 1134K.
    Did 6163 coarsenings.
 4992.118: [G1Ergonomics (Heap Sizing) attempt heap expansion, reason: allocation request failed, allocation request: 32 bytes]
 4992.118: [G1Ergonomics (Heap Sizing) expand the heap, requested expansion amount: 1048576 bytes, attempted expansion amount: 1048576 bytes]
 4992.118: [G1Ergonomics (Heap Sizing) did not expand the heap, reason: heap expansion operation failed]
2014-08-01T10:19:31.675-0500: 4992.118: [Full GC 2245M->129M(2252M), 0.9052890 secs]
   [Eden: 0.0B(1576.0M)->0.0B(1801.0M) Survivors: 0.0B->0.0B Heap: 2245.2M(2252.0M)->129.7M(2252.0M)]
 [Times: user=1.16 sys=0.00, real=0.91 secs] 
2014-08-01T10:19:32.580-0500: 4993.024: [GC concurrent-mark-abort]
2014-08-01T10:19:39.996-0500: 5000.439: [GC pause (young) 5000.439: [G1Ergonomics (CSet Construction) start choosing CSet, _pending_cards: 103186, predicted base time: 217.38 ms, remaining time: 0.00 ms, target pause time: 100.00 ms]
 5000.439: [G1Ergonomics (CSet Construction) add young regions to CSet, eden: 1801 regions, survivors: 0 regions, predicted young region time: 10.75 ms]
 5000.439: [G1Ergonomics (CSet Construction) finish choosing CSet, eden: 1801 regions, survivors: 0 regions, old: 0 regions, predicted pause time: 228.13 ms, target pause time: 100.00 ms]
, 0.0579250 secs]
   [Parallel Time: 41.2 ms, GC Workers: 18]
      [GC Worker Start (ms): Min: 5000439.8, Avg: 5000440.1, Max: 5000440.3, Diff: 0.5]
      [Ext Root Scanning (ms): Min: 7.0, Avg: 8.8, Max: 11.2, Diff: 4.2, Sum: 158.1]
      [Update RS (ms): Min: 20.8, Avg: 22.8, Max: 24.6, Diff: 3.8, Sum: 410.7]
         [Processed Buffers: Min: 10, Avg: 30.7, Max: 44, Diff: 34, Sum: 552]
      [Scan RS (ms): Min: 0.3, Avg: 0.9, Max: 1.8, Diff: 1.6, Sum: 16.0]
      [Object Copy (ms): Min: 2.5, Avg: 5.4, Max: 6.3, Diff: 3.8, Sum: 97.8]
      [Termination (ms): Min: 0.0, Avg: 2.2, Max: 2.7, Diff: 2.7, Sum: 39.6]
      [GC Worker Other (ms): Min: 0.0, Avg: 0.2, Max: 0.5, Diff: 0.5, Sum: 3.4]
      [GC Worker Total (ms): Min: 40.0, Avg: 40.3, Max: 40.7, Diff: 0.7, Sum: 725.7]
      [GC Worker End (ms): Min: 5000480.2, Avg: 5000480.4, Max: 5000480.7, Diff: 0.5]
   [Code Root Fixup: 0.0 ms]
   [Clear CT: 2.0 ms]
   [Other: 14.7 ms]
      [Choose CSet: 0.0 ms]
      [Ref Proc: 7.6 ms]
      [Ref Enq: 0.5 ms]
      [Free CSet: 5.8 ms]
   [Eden: 1801.0M(1801.0M)->0.0B(1569.0M) Survivors: 0.0B->7168.0K Heap: 2022.7M(2252.0M)->228.0M(2252.0M)]
 [Times: user=0.74 sys=0.01, real=0.06 secs] 

 Concurrent RS processed 4052235 cards
  Of 122986 completed buffers:
       122986 (100.0%) by conc RS threads.
            0 (  0.0%) by mutator threads.
  Conc RS threads times(s)
          0.00     0.00     0.00     0.00     0.00     0.00     0.00     0.00     0.00     0.00     0.00     0.00     0.00     0.00     0.00     0.00     0.00     0.00     0.00
  Total heap region rem set sizes = 6540K.  Max = 31K.
  Static structures = 369K, free_lists = 331K.
    350627 occupied cards represented.
    Max size region = 0:(O)[0x0000000763400000,0x00000007634ffff0,0x0000000763500000], size = 32K, occupied = 94K.
    Did 6163 coarsenings.
2014-08-01T10:19:46.191-0500: 5006.635: [GC pause (young) 5006.635: [G1Ergonomics (CSet Construction) start choosing CSet, _pending_cards: 5851, predicted base time: 28.90 ms, remaining time: 71.10 ms, target pause time: 100.00 ms]
 5006.635: [G1Ergonomics (CSet Construction) add young regions to CSet, eden: 1569 regions, survivors: 7 regions, predicted young region time: 11.29 ms]
 5006.635: [G1Ergonomics (CSet Construction) finish choosing CSet, eden: 1569 regions, survivors: 7 regions, old: 0 regions, predicted pause time: 40.19 ms, target pause time: 100.00 ms]
, 0.0280870 secs]
   [Parallel Time: 14.0 ms, GC Workers: 18]
      [GC Worker Start (ms): Min: 5006635.1, Avg: 5006635.2, Max: 5006635.4, Diff: 0.3]
      [Ext Root Scanning (ms): Min: 5.9, Avg: 6.7, Max: 11.4, Diff: 5.4, Sum: 121.4]
      [Update RS (ms): Min: 0.0, Avg: 1.3, Max: 2.4, Diff: 2.4, Sum: 24.2]
         [Processed Buffers: Min: 0, Avg: 8.5, Max: 20, Diff: 20, Sum: 153]
      [Scan RS (ms): Min: 0.2, Avg: 0.8, Max: 1.0, Diff: 0.8, Sum: 14.2]
      [Object Copy (ms): Min: 1.8, Avg: 4.4, Max: 5.1, Diff: 3.2, Sum: 79.2]
      [Termination (ms): Min: 0.0, Avg: 0.0, Max: 0.0, Diff: 0.0, Sum: 0.2]
      [GC Worker Other (ms): Min: 0.0, Avg: 0.2, Max: 0.4, Diff: 0.3, Sum: 4.1]
      [GC Worker Total (ms): Min: 13.2, Avg: 13.5, Max: 13.7, Diff: 0.5, Sum: 243.2]
      [GC Worker End (ms): Min: 5006648.5, Avg: 5006648.7, Max: 5006648.9, Diff: 0.4]
   [Code Root Fixup: 0.0 ms]
   [Clear CT: 2.0 ms]
   [Other: 12.1 ms]
      [Choose CSet: 0.0 ms]
      [Ref Proc: 5.9 ms]
      [Ref Enq: 0.9 ms]
      [Free CSet: 4.7 ms]
   [Eden: 1569.0M(1569.0M)->0.0B(1749.0M) Survivors: 7168.0K->12.0M Heap: 1797.0M(2252.0M)->233.0M(2252.0M)]
 [Times: user=0.30 sys=0.00, real=0.03 secs] 

 Concurrent RS processed 4054389 cards
  Of 123139 completed buffers:
       123139 (100.0%) by conc RS threads.
            0 (  0.0%) by mutator threads.
  Conc RS threads times(s)
          0.00     0.00     0.00     0.00     0.00     0.00     0.00     0.00     0.00     0.00     0.00     0.00     0.00     0.00     0.00     0.00     0.00     0.00     0.00
  Total heap region rem set sizes = 6540K.  Max = 31K.
  Static structures = 369K, free_lists = 331K.
    350743 occupied cards represented.
    Max size region = 0:(O)[0x0000000763400000,0x00000007634ffff0,0x0000000763500000], size = 32K, occupied = 94K.
    Did 6163 coarsenings.
2014-08-01T10:19:52.883-0500: 5013.326: [GC pause (young) 5013.326: [G1Ergonomics (CSet Construction) start choosing CSet, _pending_cards: 5571, predicted base time: 26.10 ms, remaining time: 73.90 ms, target pause time: 100.00 ms]
 5013.326: [G1Ergonomics (CSet Construction) add young regions to CSet, eden: 1749 regions, survivors: 12 regions, predicted young region time: 15.48 ms]
 5013.326: [G1Ergonomics (CSet Construction) finish choosing CSet, eden: 1749 regions, survivors: 12 regions, old: 0 regions, predicted pause time: 41.59 ms, target pause time: 100.00 ms]
, 0.0496490 secs]
   [Parallel Time: 19.3 ms, GC Workers: 18]
      [GC Worker Start (ms): Min: 5013326.6, Avg: 5013326.8, Max: 5013326.9, Diff: 0.4]
      [Ext Root Scanning (ms): Min: 5.9, Avg: 7.9, Max: 16.5, Diff: 10.7, Sum: 142.9]
      [Update RS (ms): Min: 0.0, Avg: 1.5, Max: 2.8, Diff: 2.8, Sum: 26.9]
         [Processed Buffers: Min: 0, Avg: 8.0, Max: 29, Diff: 29, Sum: 144]
      [Scan RS (ms): Min: 0.4, Avg: 0.9, Max: 1.1, Diff: 0.7, Sum: 16.2]
      [Object Copy (ms): Min: 1.4, Avg: 6.3, Max: 8.0, Diff: 6.5, Sum: 113.5]
      [Termination (ms): Min: 0.0, Avg: 1.9, Max: 2.3, Diff: 2.3, Sum: 35.0]
      [GC Worker Other (ms): Min: 0.0, Avg: 0.2, Max: 0.4, Diff: 0.4, Sum: 3.8]
      [GC Worker Total (ms): Min: 18.4, Avg: 18.8, Max: 19.1, Diff: 0.7, Sum: 338.3]
      [GC Worker End (ms): Min: 5013345.4, Avg: 5013345.6, Max: 5013345.8, Diff: 0.4]
   [Code Root Fixup: 0.0 ms]
   [Clear CT: 1.8 ms]
   [Other: 28.6 ms]
      [Choose CSet: 0.0 ms]
      [Ref Proc: 21.4 ms]
      [Ref Enq: 0.5 ms]
      [Free CSet: 6.0 ms]
   [Eden: 1749.0M(1749.0M)->0.0B(1739.0M) Survivors: 12.0M->17.0M Heap: 1982.0M(2252.0M)->238.0M(2252.0M)]
 [Times: user=0.52 sys=0.01, real=0.05 secs] 

 Concurrent RS processed 4056784 cards
  Of 123283 completed buffers:
       123283 (100.0%) by conc RS threads.
            0 (  0.0%) by mutator threads.
  Conc RS threads times(s)
          0.00     0.00     0.00     0.00     0.00     0.00     0.00     0.00     0.00     0.00     0.00     0.00     0.00     0.00     0.00     0.00     0.00     0.00     0.00
  Total heap region rem set sizes = 6541K.  Max = 31K.
  Static structures = 369K, free_lists = 331K.
    350848 occupied cards represented.
    Max size region = 0:(O)[0x0000000763400000,0x00000007634ffff0,0x0000000763500000], size = 32K, occupied = 94K.
    Did 6163 coarsenings.
2014-08-01T10:20:00.363-0500: 5020.806: [GC pause (young) 5020.807: [G1Ergonomics (CSet Construction) start choosing CSet, _pending_cards: 5576, predicted base time: 31.26 ms, remaining time: 68.74 ms, target pause time: 100.00 ms]
 5020.807: [G1Ergonomics (CSet Construction) add young regions to CSet, eden: 1739 regions, survivors: 17 regions, predicted young region time: 14.53 ms]
 5020.807: [G1Ergonomics (CSet Construction) finish choosing CSet, eden: 1739 regions, survivors: 17 regions, old: 0 regions, predicted pause time: 45.80 ms, target pause time: 100.00 ms]
, 0.0344520 secs]
   [Parallel Time: 17.5 ms, GC Workers: 18]
      [GC Worker Start (ms): Min: 5020806.8, Avg: 5020807.0, Max: 5020807.2, Diff: 0.3]
      [Ext Root Scanning (ms): Min: 4.7, Avg: 6.7, Max: 14.0, Diff: 9.3, Sum: 120.0]
      [Update RS (ms): Min: 0.0, Avg: 1.5, Max: 2.8, Diff: 2.8, Sum: 26.7]
         [Processed Buffers: Min: 0, Avg: 8.3, Max: 21, Diff: 21, Sum: 150]
      [Scan RS (ms): Min: 0.2, Avg: 0.8, Max: 1.1, Diff: 0.9, Sum: 14.9]
      [Object Copy (ms): Min: 1.0, Avg: 6.6, Max: 8.2, Diff: 7.2, Sum: 119.0]
      [Termination (ms): Min: 0.0, Avg: 1.2, Max: 1.4, Diff: 1.4, Sum: 22.0]
      [GC Worker Other (ms): Min: 0.0, Avg: 0.2, Max: 0.4, Diff: 0.4, Sum: 3.5]
      [GC Worker Total (ms): Min: 16.7, Avg: 17.0, Max: 17.3, Diff: 0.6, Sum: 306.1]
      [GC Worker End (ms): Min: 5020823.8, Avg: 5020824.0, Max: 5020824.2, Diff: 0.4]
   [Code Root Fixup: 0.0 ms]
   [Clear CT: 1.9 ms]
   [Other: 15.1 ms]
      [Choose CSet: 0.0 ms]
      [Ref Proc: 7.2 ms]
      [Ref Enq: 2.1 ms]
      [Free CSet: 5.2 ms]
   [Eden: 1739.0M(1739.0M)->0.0B(1741.0M) Survivors: 17.0M->16.0M Heap: 1977.0M(2252.0M)->237.1M(2252.0M)]
 [Times: user=0.37 sys=0.00, real=0.03 secs] 

 Concurrent RS processed 4059166 cards
  Of 123433 completed buffers:
       123433 (100.0%) by conc RS threads.
            0 (  0.0%) by mutator threads.
  Conc RS threads times(s)
          0.00     0.00     0.00     0.00     0.00     0.00     0.00     0.00     0.00     0.00     0.00     0.00     0.00     0.00     0.00     0.00     0.00     0.00     0.00
  Total heap region rem set sizes = 6543K.  Max = 31K.
  Static structures = 369K, free_lists = 330K.
    350962 occupied cards represented.
    Max size region = 0:(O)[0x0000000763400000,0x00000007634ffff0,0x0000000763500000], size = 32K, occupied = 94K.
    Did 6163 coarsenings.
2014-08-01T10:20:07.027-0500: 5027.470: [GC pause (young) 5027.470: [G1Ergonomics (CSet Construction) start choosing CSet, _pending_cards: 5878, predicted base time: 29.10 ms, remaining time: 70.90 ms, target pause time: 100.00 ms]
 5027.470: [G1Ergonomics (CSet Construction) add young regions to CSet, eden: 1741 regions, survivors: 16 regions, predicted young region time: 15.79 ms]
 5027.471: [G1Ergonomics (CSet Construction) finish choosing CSet, eden: 1741 regions, survivors: 16 regions, old: 0 regions, predicted pause time: 44.89 ms, target pause time: 100.00 ms]
, 0.0348570 secs]
   [Parallel Time: 18.0 ms, GC Workers: 18]
      [GC Worker Start (ms): Min: 5027470.7, Avg: 5027470.9, Max: 5027471.1, Diff: 0.4]
      [Ext Root Scanning (ms): Min: 6.1, Avg: 6.9, Max: 11.6, Diff: 5.5, Sum: 124.7]
      [Update RS (ms): Min: 0.0, Avg: 1.5, Max: 2.5, Diff: 2.5, Sum: 27.8]
         [Processed Buffers: Min: 0, Avg: 7.8, Max: 21, Diff: 21, Sum: 140]
      [Scan RS (ms): Min: 0.2, Avg: 0.8, Max: 1.1, Diff: 0.9, Sum: 14.8]
      [Object Copy (ms): Min: 5.2, Avg: 7.8, Max: 8.2, Diff: 3.0, Sum: 141.0]
      [Termination (ms): Min: 0.0, Avg: 0.1, Max: 0.1, Diff: 0.1, Sum: 1.0]
      [GC Worker Other (ms): Min: 0.0, Avg: 0.2, Max: 0.4, Diff: 0.4, Sum: 4.1]
      [GC Worker Total (ms): Min: 17.2, Avg: 17.4, Max: 17.7, Diff: 0.5, Sum: 313.4]
      [GC Worker End (ms): Min: 5027488.1, Avg: 5027488.3, Max: 5027488.5, Diff: 0.4]
   [Code Root Fixup: 0.0 ms]
   [Clear CT: 2.0 ms]
   [Other: 14.8 ms]
      [Choose CSet: 0.0 ms]
      [Ref Proc: 8.8 ms]
      [Ref Enq: 0.6 ms]
      [Free CSet: 4.7 ms]
   [Eden: 1741.0M(1741.0M)->0.0B(1729.0M) Survivors: 16.0M->22.0M Heap: 1978.1M(2252.0M)->243.5M(2252.0M)]
 [Times: user=0.40 sys=0.01, real=0.04 secs] 

 Concurrent RS processed 4061516 cards
  Of 123573 completed buffers:
       123573 (100.0%) by conc RS threads.
            0 (  0.0%) by mutator threads.
  Conc RS threads times(s)
          0.00     0.00     0.00     0.00     0.00     0.00     0.00     0.00     0.00     0.00     0.00     0.00     0.00     0.00     0.00     0.00     0.00     0.00     0.00
  Total heap region rem set sizes = 6543K.  Max = 31K.
  Static structures = 369K, free_lists = 330K.
    351057 occupied cards represented.
    Max size region = 0:(O)[0x0000000763400000,0x00000007634ffff0,0x0000000763500000], size = 32K, occupied = 94K.
    Did 6163 coarsenings.
2014-08-01T10:20:14.274-0500: 5034.717: [GC pause (young) 5034.717: [G1Ergonomics (CSet Construction) start choosing CSet, _pending_cards: 6124, predicted base time: 27.58 ms, remaining time: 72.42 ms, target pause time: 100.00 ms]
 5034.717: [G1Ergonomics (CSet Construction) add young regions to CSet, eden: 1729 regions, survivors: 22 regions, predicted young region time: 13.43 ms]
 5034.717: [G1Ergonomics (CSet Construction) finish choosing CSet, eden: 1729 regions, survivors: 22 regions, old: 0 regions, predicted pause time: 41.01 ms, target pause time: 100.00 ms]
, 0.0293510 secs]
   [Parallel Time: 15.2 ms, GC Workers: 18]
      [GC Worker Start (ms): Min: 5034717.3, Avg: 5034717.5, Max: 5034717.6, Diff: 0.3]
      [Ext Root Scanning (ms): Min: 3.5, Avg: 5.1, Max: 7.9, Diff: 4.4, Sum: 91.2]
      [Update RS (ms): Min: 0.0, Avg: 1.0, Max: 3.1, Diff: 3.1, Sum: 18.3]
         [Processed Buffers: Min: 0, Avg: 7.8, Max: 29, Diff: 29, Sum: 141]
      [Scan RS (ms): Min: 0.1, Avg: 0.5, Max: 0.8, Diff: 0.6, Sum: 9.3]
      [Object Copy (ms): Min: 4.7, Avg: 6.2, Max: 6.7, Diff: 2.0, Sum: 111.1]
      [Termination (ms): Min: 0.0, Avg: 0.0, Max: 0.0, Diff: 0.0, Sum: 0.3]
      [GC Worker Other (ms): Min: 0.0, Avg: 1.1, Max: 2.1, Diff: 2.1, Sum: 20.0]
      [GC Worker Total (ms): Min: 12.8, Avg: 13.9, Max: 14.9, Diff: 2.2, Sum: 250.2]
      [GC Worker End (ms): Min: 5034730.3, Avg: 5034731.4, Max: 5034732.4, Diff: 2.1]
   [Code Root Fixup: 0.0 ms]
   [Clear CT: 1.3 ms]
   [Other: 12.8 ms]
      [Choose CSet: 0.0 ms]
      [Ref Proc: 7.8 ms]
      [Ref Enq: 0.4 ms]
      [Free CSet: 4.1 ms]
   [Eden: 1729.0M(1729.0M)->0.0B(1737.0M) Survivors: 22.0M->18.0M Heap: 1972.5M(2252.0M)->239.2M(2252.0M)]
 [Times: user=0.28 sys=0.02, real=0.03 secs] 

 Concurrent RS processed 4064182 cards
  Of 123714 completed buffers:
       123714 (100.0%) by conc RS threads.
            0 (  0.0%) by mutator threads.
  Conc RS threads times(s)
          0.00     0.00     0.00     0.00     0.00     0.00     0.00     0.00     0.00     0.00     0.00     0.00     0.00     0.00     0.00     0.00     0.00     0.00     0.00
  Total heap region rem set sizes = 6544K.  Max = 31K.
  Static structures = 369K, free_lists = 330K.
    351155 occupied cards represented.
    Max size region = 0:(O)[0x0000000763400000,0x00000007634ffff0,0x0000000763500000], size = 32K, occupied = 94K.
    Did 6163 coarsenings.
2014-08-01T10:20:21.163-0500: 5041.606: [GC pause (young) 5041.607: [G1Ergonomics (CSet Construction) start choosing CSet, _pending_cards: 6033, predicted base time: 25.47 ms, remaining time: 74.53 ms, target pause time: 100.00 ms]
 5041.607: [G1Ergonomics (CSet Construction) add young regions to CSet, eden: 1737 regions, survivors: 18 regions, predicted young region time: 13.19 ms]
 5041.607: [G1Ergonomics (CSet Construction) finish choosing CSet, eden: 1737 regions, survivors: 18 regions, old: 0 regions, predicted pause time: 38.66 ms, target pause time: 100.00 ms]
, 0.0503470 secs]
   [Parallel Time: 28.3 ms, GC Workers: 18]
      [GC Worker Start (ms): Min: 5041606.8, Avg: 5041606.9, Max: 5041607.1, Diff: 0.3]
      [Ext Root Scanning (ms): Min: 6.5, Avg: 7.6, Max: 12.1, Diff: 5.6, Sum: 136.8]
      [Update RS (ms): Min: 0.0, Avg: 1.7, Max: 3.5, Diff: 3.5, Sum: 29.8]
         [Processed Buffers: Min: 0, Avg: 8.3, Max: 29, Diff: 29, Sum: 149]
      [Scan RS (ms): Min: 0.2, Avg: 0.9, Max: 2.3, Diff: 2.1, Sum: 16.4]
      [Object Copy (ms): Min: 11.3, Avg: 13.5, Max: 14.4, Diff: 3.1, Sum: 243.5]
      [Termination (ms): Min: 3.1, Avg: 3.9, Max: 5.0, Diff: 1.9, Sum: 69.5]
      [GC Worker Other (ms): Min: 0.0, Avg: 0.2, Max: 0.4, Diff: 0.4, Sum: 3.7]
      [GC Worker Total (ms): Min: 27.5, Avg: 27.8, Max: 28.1, Diff: 0.6, Sum: 499.7]
      [GC Worker End (ms): Min: 5041634.5, Avg: 5041634.7, Max: 5041634.9, Diff: 0.4]
   [Code Root Fixup: 0.0 ms]
   [Clear CT: 1.9 ms]
   [Other: 20.2 ms]
      [Choose CSet: 0.0 ms]
      [Ref Proc: 14.2 ms]
      [Ref Enq: 0.5 ms]
      [Free CSet: 4.8 ms]
   [Eden: 1737.0M(1737.0M)->0.0B(1739.0M) Survivors: 18.0M->17.0M Heap: 1976.2M(2252.0M)->238.2M(2252.0M)]
 [Times: user=0.60 sys=0.01, real=0.05 secs] 

 Concurrent RS processed 4066720 cards
  Of 123863 completed buffers:
       123863 (100.0%) by conc RS threads.
            0 (  0.0%) by mutator threads.
  Conc RS threads times(s)
          0.00     0.00     0.00     0.00     0.00     0.00     0.00     0.00     0.00     0.00     0.00     0.00     0.00     0.00     0.00     0.00     0.00     0.00     0.00
  Total heap region rem set sizes = 6545K.  Max = 31K.
  Static structures = 369K, free_lists = 330K.
    351259 occupied cards represented.
    Max size region = 0:(O)[0x0000000763400000,0x00000007634ffff0,0x0000000763500000], size = 32K, occupied = 94K.
    Did 6163 coarsenings.
2014-08-01T10:20:27.942-0500: 5048.386: [GC pause (young) 5048.386: [G1Ergonomics (CSet Construction) start choosing CSet, _pending_cards: 5560, predicted base time: 26.49 ms, remaining time: 73.51 ms, target pause time: 100.00 ms]
 5048.386: [G1Ergonomics (CSet Construction) add young regions to CSet, eden: 1739 regions, survivors: 17 regions, predicted young region time: 18.82 ms]
 5048.386: [G1Ergonomics (CSet Construction) finish choosing CSet, eden: 1739 regions, survivors: 17 regions, old: 0 regions, predicted pause time: 45.31 ms, target pause time: 100.00 ms]
, 0.0384280 secs]
   [Parallel Time: 20.3 ms, GC Workers: 18]
      [GC Worker Start (ms): Min: 5048386.0, Avg: 5048386.1, Max: 5048386.3, Diff: 0.3]
      [Ext Root Scanning (ms): Min: 4.4, Avg: 6.0, Max: 8.4, Diff: 3.9, Sum: 107.6]
      [Update RS (ms): Min: 0.0, Avg: 1.6, Max: 3.5, Diff: 3.5, Sum: 29.6]
         [Processed Buffers: Min: 0, Avg: 8.1, Max: 29, Diff: 29, Sum: 145]
      [Scan RS (ms): Min: 0.2, Avg: 0.8, Max: 1.0, Diff: 0.7, Sum: 13.9]
      [Object Copy (ms): Min: 9.5, Avg: 11.0, Max: 11.4, Diff: 1.9, Sum: 198.0]
      [Termination (ms): Min: 0.0, Avg: 0.1, Max: 0.1, Diff: 0.1, Sum: 1.4]
      [GC Worker Other (ms): Min: 0.0, Avg: 0.3, Max: 0.4, Diff: 0.4, Sum: 4.7]
      [GC Worker Total (ms): Min: 19.5, Avg: 19.7, Max: 19.9, Diff: 0.5, Sum: 355.2]
      [GC Worker End (ms): Min: 5048405.6, Avg: 5048405.8, Max: 5048406.0, Diff: 0.4]
   [Code Root Fixup: 0.0 ms]
   [Clear CT: 3.6 ms]
   [Other: 14.5 ms]
      [Choose CSet: 0.0 ms]
      [Ref Proc: 8.2 ms]
      [Ref Enq: 0.5 ms]
      [Free CSet: 5.0 ms]
   [Eden: 1739.0M(1739.0M)->0.0B(1723.0M) Survivors: 17.0M->25.0M Heap: 1977.2M(2252.0M)->246.5M(2252.0M)]
 [Times: user=0.42 sys=0.01, real=0.04 secs] 

 Concurrent RS processed 4069311 cards
  Of 124008 completed buffers:
       124008 (100.0%) by conc RS threads.
            0 (  0.0%) by mutator threads.
  Conc RS threads times(s)
          0.00     0.00     0.00     0.00     0.00     0.00     0.00     0.00     0.00     0.00     0.00     0.00     0.00     0.00     0.00     0.00     0.00     0.00     0.00
  Total heap region rem set sizes = 6546K.  Max = 31K.
  Static structures = 369K, free_lists = 329K.
    351343 occupied cards represented.
    Max size region = 0:(O)[0x0000000763400000,0x00000007634ffff0,0x0000000763500000], size = 32K, occupied = 94K.
    Did 6163 coarsenings.
2014-08-01T10:20:34.632-0500: 5055.075: [GC pause (young) 5055.075: [G1Ergonomics (CSet Construction) start choosing CSet, _pending_cards: 6031, predicted base time: 25.64 ms, remaining time: 74.36 ms, target pause time: 100.00 ms]
 5055.075: [G1Ergonomics (CSet Construction) add young regions to CSet, eden: 1723 regions, survivors: 25 regions, predicted young region time: 12.27 ms]
 5055.075: [G1Ergonomics (CSet Construction) finish choosing CSet, eden: 1723 regions, survivors: 25 regions, old: 0 regions, predicted pause time: 37.91 ms, target pause time: 100.00 ms]
, 0.0376900 secs]
   [Parallel Time: 19.8 ms, GC Workers: 18]
      [GC Worker Start (ms): Min: 5055075.4, Avg: 5055075.6, Max: 5055075.7, Diff: 0.3]
      [Ext Root Scanning (ms): Min: 5.7, Avg: 7.0, Max: 11.6, Diff: 5.9, Sum: 125.1]
      [Update RS (ms): Min: 0.0, Avg: 1.7, Max: 3.0, Diff: 3.0, Sum: 31.3]
         [Processed Buffers: Min: 0, Avg: 8.3, Max: 24, Diff: 24, Sum: 149]
      [Scan RS (ms): Min: 0.2, Avg: 0.8, Max: 1.0, Diff: 0.8, Sum: 14.9]
      [Object Copy (ms): Min: 6.7, Avg: 8.8, Max: 9.2, Diff: 2.5, Sum: 158.2]
      [Termination (ms): Min: 0.0, Avg: 0.1, Max: 0.1, Diff: 0.1, Sum: 1.2]
      [GC Worker Other (ms): Min: 0.1, Avg: 0.9, Max: 1.1, Diff: 1.1, Sum: 15.5]
      [GC Worker Total (ms): Min: 18.5, Avg: 19.2, Max: 19.6, Diff: 1.1, Sum: 346.2]
      [GC Worker End (ms): Min: 5055094.0, Avg: 5055094.8, Max: 5055095.1, Diff: 1.1]
   [Code Root Fixup: 0.0 ms]
   [Clear CT: 2.2 ms]
   [Other: 15.7 ms]
      [Choose CSet: 0.0 ms]
      [Ref Proc: 9.2 ms]
      [Ref Enq: 0.5 ms]
      [Free CSet: 5.3 ms]
   [Eden: 1723.0M(1723.0M)->0.0B(1733.0M) Survivors: 25.0M->20.0M Heap: 1969.5M(2252.0M)->241.7M(2252.0M)]
 [Times: user=0.42 sys=0.01, real=0.04 secs] 

 Concurrent RS processed 4071998 cards
  Of 124157 completed buffers:
       124157 (100.0%) by conc RS threads.
            0 (  0.0%) by mutator threads.
  Conc RS threads times(s)
          0.00     0.00     0.00     0.00     0.00     0.00     0.00     0.00     0.00     0.00     0.00     0.00     0.00     0.00     0.00     0.00     0.00     0.00     0.00
  Total heap region rem set sizes = 6547K.  Max = 31K.
  Static structures = 369K, free_lists = 329K.
    351395 occupied cards represented.
    Max size region = 0:(O)[0x0000000763400000,0x00000007634ffff0,0x0000000763500000], size = 32K, occupied = 94K.
    Did 6163 coarsenings.
2014-08-01T10:20:41.754-0500: 5062.197: [GC pause (young) 5062.197: [G1Ergonomics (CSet Construction) start choosing CSet, _pending_cards: 6053, predicted base time: 25.08 ms, remaining time: 74.92 ms, target pause time: 100.00 ms]
 5062.197: [G1Ergonomics (CSet Construction) add young regions to CSet, eden: 1733 regions, survivors: 20 regions, predicted young region time: 20.81 ms]
 5062.197: [G1Ergonomics (CSet Construction) finish choosing CSet, eden: 1733 regions, survivors: 20 regions, old: 0 regions, predicted pause time: 45.90 ms, target pause time: 100.00 ms]
, 0.0427660 secs]
   [Parallel Time: 25.2 ms, GC Workers: 18]
      [GC Worker Start (ms): Min: 5062197.7, Avg: 5062197.8, Max: 5062198.0, Diff: 0.3]
      [Ext Root Scanning (ms): Min: 5.0, Avg: 6.8, Max: 12.3, Diff: 7.3, Sum: 123.0]
      [Update RS (ms): Min: 0.0, Avg: 1.6, Max: 2.7, Diff: 2.7, Sum: 29.2]
         [Processed Buffers: Min: 0, Avg: 7.9, Max: 24, Diff: 24, Sum: 142]
      [Scan RS (ms): Min: 0.3, Avg: 0.8, Max: 1.0, Diff: 0.7, Sum: 14.8]
      [Object Copy (ms): Min: 11.4, Avg: 14.7, Max: 15.9, Diff: 4.5, Sum: 264.8]
      [Termination (ms): Min: 0.0, Avg: 0.5, Max: 0.6, Diff: 0.6, Sum: 9.7]
      [GC Worker Other (ms): Min: 0.0, Avg: 0.2, Max: 0.4, Diff: 0.3, Sum: 3.2]
      [GC Worker Total (ms): Min: 24.5, Avg: 24.7, Max: 24.9, Diff: 0.4, Sum: 444.7]
      [GC Worker End (ms): Min: 5062222.4, Avg: 5062222.5, Max: 5062222.7, Diff: 0.4]
   [Code Root Fixup: 0.0 ms]
   [Clear CT: 2.2 ms]
   [Other: 15.4 ms]
      [Choose CSet: 0.0 ms]
      [Ref Proc: 8.9 ms]
      [Ref Enq: 0.4 ms]
      [Free CSet: 5.2 ms]
   [Eden: 1733.0M(1733.0M)->0.0B(1735.0M) Survivors: 20.0M->19.0M Heap: 1974.7M(2252.0M)->240.6M(2252.0M)]
 [Times: user=0.52 sys=0.01, real=0.04 secs] 

 Concurrent RS processed 4074655 cards
  Of 124299 completed buffers:
       124299 (100.0%) by conc RS threads.
            0 (  0.0%) by mutator threads.
  Conc RS threads times(s)
          0.00     0.00     0.00     0.00     0.00     0.00     0.00     0.00     0.00     0.00     0.00     0.00     0.00     0.00     0.00     0.00     0.00     0.00     0.00
  Total heap region rem set sizes = 6548K.  Max = 31K.
  Static structures = 369K, free_lists = 329K.
    351469 occupied cards represented.
    Max size region = 0:(O)[0x0000000763400000,0x00000007634ffff0,0x0000000763500000], size = 32K, occupied = 94K.
    Did 6163 coarsenings.
2014-08-01T10:20:48.848-0500: 5069.292: [GC pause (young) 5069.292: [G1Ergonomics (CSet Construction) start choosing CSet, _pending_cards: 5496, predicted base time: 24.04 ms, remaining time: 75.96 ms, target pause time: 100.00 ms]
 5069.292: [G1Ergonomics (CSet Construction) add young regions to CSet, eden: 1735 regions, survivors: 19 regions, predicted young region time: 16.21 ms]
 5069.292: [G1Ergonomics (CSet Construction) finish choosing CSet, eden: 1735 regions, survivors: 19 regions, old: 0 regions, predicted pause time: 40.24 ms, target pause time: 100.00 ms]
, 0.0355980 secs]
   [Parallel Time: 19.7 ms, GC Workers: 18]
      [GC Worker Start (ms): Min: 5069291.9, Avg: 5069292.1, Max: 5069292.2, Diff: 0.3]
      [Ext Root Scanning (ms): Min: 5.4, Avg: 6.8, Max: 11.0, Diff: 5.6, Sum: 123.2]
      [Update RS (ms): Min: 0.0, Avg: 1.8, Max: 4.4, Diff: 4.4, Sum: 31.8]
         [Processed Buffers: Min: 0, Avg: 7.7, Max: 34, Diff: 34, Sum: 139]
      [Scan RS (ms): Min: 0.2, Avg: 0.8, Max: 1.0, Diff: 0.8, Sum: 14.0]
      [Object Copy (ms): Min: 7.2, Avg: 9.3, Max: 9.9, Diff: 2.7, Sum: 167.8]
      [Termination (ms): Min: 0.0, Avg: 0.1, Max: 0.2, Diff: 0.2, Sum: 2.6]
      [GC Worker Other (ms): Min: 0.0, Avg: 0.2, Max: 0.4, Diff: 0.4, Sum: 4.3]
      [GC Worker Total (ms): Min: 18.8, Avg: 19.1, Max: 19.3, Diff: 0.5, Sum: 343.6]
      [GC Worker End (ms): Min: 5069311.0, Avg: 5069311.2, Max: 5069311.4, Diff: 0.4]
   [Code Root Fixup: 0.0 ms]
   [Clear CT: 1.5 ms]
   [Other: 14.4 ms]
      [Choose CSet: 0.0 ms]
      [Ref Proc: 8.3 ms]
      [Ref Enq: 0.6 ms]
      [Free CSet: 4.8 ms]
   [Eden: 1735.0M(1735.0M)->0.0B(1731.0M) Survivors: 19.0M->21.0M Heap: 1975.6M(2252.0M)->242.2M(2252.0M)]
 [Times: user=0.38 sys=0.01, real=0.03 secs] 

 Concurrent RS processed 4077236 cards
  Of 124438 completed buffers:
       124438 (100.0%) by conc RS threads.
            0 (  0.0%) by mutator threads.
  Conc RS threads times(s)
          0.00     0.00     0.00     0.00     0.00     0.00     0.00     0.00     0.00     0.00     0.00     0.00     0.00     0.00     0.00     0.00     0.00     0.00     0.00
  Total heap region rem set sizes = 6548K.  Max = 31K.
  Static structures = 369K, free_lists = 329K.
    351537 occupied cards represented.
    Max size region = 0:(O)[0x0000000763400000,0x00000007634ffff0,0x0000000763500000], size = 32K, occupied = 94K.
    Did 6163 coarsenings.
2014-08-01T10:20:56.077-0500: 5076.521: [GC pause (young) 5076.521: [G1Ergonomics (CSet Construction) start choosing CSet, _pending_cards: 5788, predicted base time: 23.38 ms, remaining time: 76.62 ms, target pause time: 100.00 ms]
 5076.521: [G1Ergonomics (CSet Construction) add young regions to CSet, eden: 1731 regions, survivors: 21 regions, predicted young region time: 16.54 ms]
 5076.521: [G1Ergonomics (CSet Construction) finish choosing CSet, eden: 1731 regions, survivors: 21 regions, old: 0 regions, predicted pause time: 39.92 ms, target pause time: 100.00 ms]
, 0.0452440 secs]
   [Parallel Time: 24.8 ms, GC Workers: 18]
      [GC Worker Start (ms): Min: 5076521.0, Avg: 5076521.2, Max: 5076521.3, Diff: 0.3]
      [Ext Root Scanning (ms): Min: 5.8, Avg: 6.7, Max: 11.5, Diff: 5.8, Sum: 120.7]
      [Update RS (ms): Min: 0.0, Avg: 1.7, Max: 2.9, Diff: 2.9, Sum: 31.2]
         [Processed Buffers: Min: 0, Avg: 7.9, Max: 37, Diff: 37, Sum: 143]
      [Scan RS (ms): Min: 0.3, Avg: 0.8, Max: 1.0, Diff: 0.7, Sum: 15.0]
      [Object Copy (ms): Min: 7.4, Avg: 10.3, Max: 14.1, Diff: 6.7, Sum: 184.9]
      [Termination (ms): Min: 0.0, Avg: 3.7, Max: 4.1, Diff: 4.1, Sum: 66.7]
      [GC Worker Other (ms): Min: 0.0, Avg: 0.3, Max: 0.6, Diff: 0.6, Sum: 6.2]
      [GC Worker Total (ms): Min: 23.2, Avg: 23.6, Max: 23.9, Diff: 0.8, Sum: 424.8]
      [GC Worker End (ms): Min: 5076544.4, Avg: 5076544.8, Max: 5076545.1, Diff: 0.6]
   [Code Root Fixup: 0.0 ms]
   [Clear CT: 2.2 ms]
   [Other: 18.3 ms]
      [Choose CSet: 0.0 ms]
      [Ref Proc: 12.4 ms]
      [Ref Enq: 0.4 ms]
      [Free CSet: 4.8 ms]
   [Eden: 1731.0M(1731.0M)->0.0B(1725.0M) Survivors: 21.0M->24.0M Heap: 1973.2M(2252.0M)->245.2M(2252.0M)]
 [Times: user=0.50 sys=0.01, real=0.05 secs] 

 Concurrent RS processed 4079871 cards
  Of 124581 completed buffers:
       124581 (100.0%) by conc RS threads.
            0 (  0.0%) by mutator threads.
  Conc RS threads times(s)
          0.00     0.00     0.00     0.00     0.00     0.00     0.00     0.00     0.00     0.00     0.00     0.00     0.00     0.00     0.00     0.00     0.00     0.00     0.00
  Total heap region rem set sizes = 6550K.  Max = 31K.
  Static structures = 369K, free_lists = 328K.
    351605 occupied cards represented.
    Max size region = 0:(O)[0x0000000763400000,0x00000007634ffff0,0x0000000763500000], size = 32K, occupied = 94K.
    Did 6163 coarsenings.
2014-08-01T10:21:03.074-0500: 5083.518: [GC pause (young) 5083.518: [G1Ergonomics (CSet Construction) start choosing CSet, _pending_cards: 6228, predicted base time: 24.65 ms, remaining time: 75.35 ms, target pause time: 100.00 ms]
 5083.518: [G1Ergonomics (CSet Construction) add young regions to CSet, eden: 1725 regions, survivors: 24 regions, predicted young region time: 16.76 ms]
 5083.518: [G1Ergonomics (CSet Construction) finish choosing CSet, eden: 1725 regions, survivors: 24 regions, old: 0 regions, predicted pause time: 41.41 ms, target pause time: 100.00 ms]
, 0.0413360 secs]
   [Parallel Time: 24.6 ms, GC Workers: 18]
      [GC Worker Start (ms): Min: 5083518.1, Avg: 5083518.3, Max: 5083518.5, Diff: 0.4]
      [Ext Root Scanning (ms): Min: 5.7, Avg: 7.1, Max: 11.2, Diff: 5.5, Sum: 127.9]
      [Update RS (ms): Min: 0.0, Avg: 1.8, Max: 3.6, Diff: 3.6, Sum: 32.4]
         [Processed Buffers: Min: 0, Avg: 8.3, Max: 24, Diff: 24, Sum: 149]
      [Scan RS (ms): Min: 0.2, Avg: 0.8, Max: 1.1, Diff: 0.8, Sum: 14.2]
      [Object Copy (ms): Min: 11.2, Avg: 13.0, Max: 13.8, Diff: 2.6, Sum: 234.7]
      [Termination (ms): Min: 0.1, Avg: 0.3, Max: 0.4, Diff: 0.3, Sum: 5.2]
      [GC Worker Other (ms): Min: 0.0, Avg: 0.2, Max: 0.4, Diff: 0.3, Sum: 3.3]
      [GC Worker Total (ms): Min: 23.0, Avg: 23.2, Max: 23.5, Diff: 0.5, Sum: 417.7]
      [GC Worker End (ms): Min: 5083541.3, Avg: 5083541.5, Max: 5083541.7, Diff: 0.4]
   [Code Root Fixup: 0.0 ms]
   [Clear CT: 2.2 ms]
   [Other: 14.5 ms]
      [Choose CSet: 0.0 ms]
      [Ref Proc: 7.1 ms]
      [Ref Enq: 0.9 ms]
      [Free CSet: 5.7 ms]
   [Eden: 1725.0M(1725.0M)->0.0B(1727.0M) Survivors: 24.0M->23.0M Heap: 1970.2M(2252.0M)->244.7M(2252.0M)]
 [Times: user=0.47 sys=0.01, real=0.04 secs] 

 Concurrent RS processed 4082692 cards
  Of 124730 completed buffers:
       124730 (100.0%) by conc RS threads.
            0 (  0.0%) by mutator threads.
  Conc RS threads times(s)
          0.00     0.00     0.00     0.00     0.00     0.00     0.00     0.00     0.00     0.00     0.00     0.00     0.00     0.00     0.00     0.00     0.00     0.00     0.00
  Total heap region rem set sizes = 6552K.  Max = 31K.
  Static structures = 369K, free_lists = 328K.
    351665 occupied cards represented.
    Max size region = 0:(O)[0x0000000763400000,0x00000007634ffff0,0x0000000763500000], size = 32K, occupied = 94K.
    Did 6163 coarsenings.
2014-08-01T10:21:10.338-0500: 5090.781: [GC pause (young) 5090.781: [G1Ergonomics (CSet Construction) start choosing CSet, _pending_cards: 5758, predicted base time: 23.75 ms, remaining time: 76.25 ms, target pause time: 100.00 ms]
 5090.781: [G1Ergonomics (CSet Construction) add young regions to CSet, eden: 1727 regions, survivors: 23 regions, predicted young region time: 21.06 ms]
 5090.781: [G1Ergonomics (CSet Construction) finish choosing CSet, eden: 1727 regions, survivors: 23 regions, old: 0 regions, predicted pause time: 44.81 ms, target pause time: 100.00 ms]
, 0.0448070 secs]
   [Parallel Time: 24.7 ms, GC Workers: 18]
      [GC Worker Start (ms): Min: 5090781.4, Avg: 5090781.6, Max: 5090781.7, Diff: 0.4]
      [Ext Root Scanning (ms): Min: 6.6, Avg: 8.9, Max: 13.3, Diff: 6.7, Sum: 159.8]
      [Update RS (ms): Min: 0.0, Avg: 1.6, Max: 3.7, Diff: 3.7, Sum: 28.3]
         [Processed Buffers: Min: 0, Avg: 7.9, Max: 38, Diff: 38, Sum: 143]
      [Scan RS (ms): Min: 0.2, Avg: 0.8, Max: 1.0, Diff: 0.8, Sum: 13.5]
      [Object Copy (ms): Min: 10.0, Avg: 12.2, Max: 13.2, Diff: 3.2, Sum: 219.1]
      [Termination (ms): Min: 0.0, Avg: 0.5, Max: 0.8, Diff: 0.8, Sum: 8.3]
      [GC Worker Other (ms): Min: 0.0, Avg: 0.3, Max: 0.6, Diff: 0.6, Sum: 6.0]
      [GC Worker Total (ms): Min: 23.7, Avg: 24.2, Max: 24.6, Diff: 0.8, Sum: 435.0]
      [GC Worker End (ms): Min: 5090805.4, Avg: 5090805.7, Max: 5090806.0, Diff: 0.6]
   [Code Root Fixup: 0.0 ms]
   [Clear CT: 2.1 ms]
   [Other: 18.0 ms]
      [Choose CSet: 0.0 ms]
      [Ref Proc: 11.5 ms]
      [Ref Enq: 0.4 ms]
      [Free CSet: 5.3 ms]
   [Eden: 1727.0M(1727.0M)->0.0B(1725.0M) Survivors: 23.0M->24.0M Heap: 1971.7M(2252.0M)->245.2M(2252.0M)]
 [Times: user=0.48 sys=0.01, real=0.05 secs] 

 Concurrent RS processed 4085568 cards
  Of 124873 completed buffers:
       124873 (100.0%) by conc RS threads.
            0 (  0.0%) by mutator threads.
  Conc RS threads times(s)
          0.00     0.00     0.00     0.00     0.00     0.00     0.00     0.00     0.00     0.00     0.00     0.00     0.00     0.00     0.00     0.00     0.00     0.00     0.00
  Total heap region rem set sizes = 6553K.  Max = 31K.
  Static structures = 369K, free_lists = 327K.
    351724 occupied cards represented.
    Max size region = 0:(O)[0x0000000763400000,0x00000007634ffff0,0x0000000763500000], size = 32K, occupied = 94K.
    Did 6163 coarsenings.
2014-08-01T10:21:17.171-0500: 5097.615: [GC pause (young) 5097.615: [G1Ergonomics (CSet Construction) start choosing CSet, _pending_cards: 5716, predicted base time: 24.83 ms, remaining time: 75.17 ms, target pause time: 100.00 ms]
 5097.615: [G1Ergonomics (CSet Construction) add young regions to CSet, eden: 1725 regions, survivors: 24 regions, predicted young region time: 15.15 ms]
 5097.615: [G1Ergonomics (CSet Construction) finish choosing CSet, eden: 1725 regions, survivors: 24 regions, old: 0 regions, predicted pause time: 39.99 ms, target pause time: 100.00 ms]
, 0.0359650 secs]
   [Parallel Time: 21.0 ms, GC Workers: 18]
      [GC Worker Start (ms): Min: 5097615.1, Avg: 5097615.3, Max: 5097615.5, Diff: 0.3]
      [Ext Root Scanning (ms): Min: 5.6, Avg: 7.3, Max: 11.8, Diff: 6.3, Sum: 130.8]
      [Update RS (ms): Min: 0.0, Avg: 1.5, Max: 3.3, Diff: 3.3, Sum: 27.6]
         [Processed Buffers: Min: 0, Avg: 7.5, Max: 17, Diff: 17, Sum: 135]
      [Scan RS (ms): Min: 0.2, Avg: 0.7, Max: 1.0, Diff: 0.8, Sum: 13.4]
      [Object Copy (ms): Min: 7.9, Avg: 10.5, Max: 11.2, Diff: 3.3, Sum: 189.8]
      [Termination (ms): Min: 0.0, Avg: 0.1, Max: 0.2, Diff: 0.2, Sum: 2.5]
      [GC Worker Other (ms): Min: 0.0, Avg: 0.2, Max: 0.4, Diff: 0.4, Sum: 4.0]
      [GC Worker Total (ms): Min: 20.2, Avg: 20.5, Max: 20.8, Diff: 0.6, Sum: 368.2]
      [GC Worker End (ms): Min: 5097635.6, Avg: 5097635.8, Max: 5097636.0, Diff: 0.4]
   [Code Root Fixup: 0.0 ms]
   [Clear CT: 2.0 ms]
   [Other: 12.9 ms]
      [Choose CSet: 0.0 ms]
      [Ref Proc: 6.5 ms]
      [Ref Enq: 0.4 ms]
      [Free CSet: 5.3 ms]
   [Eden: 1725.0M(1725.0M)->0.0B(1721.0M) Survivors: 24.0M->26.0M Heap: 1970.2M(2252.0M)->247.1M(2252.0M)]
 [Times: user=0.41 sys=0.01, real=0.04 secs] 

 Concurrent RS processed 4088336 cards
  Of 125008 completed buffers:
       125008 (100.0%) by conc RS threads.
            0 (  0.0%) by mutator threads.
  Conc RS threads times(s)
          0.00     0.00     0.00     0.00     0.00     0.00     0.00     0.00     0.00     0.00     0.00     0.00     0.00     0.00     0.00     0.00     0.00     0.00     0.00
  Total heap region rem set sizes = 6553K.  Max = 31K.
  Static structures = 369K, free_lists = 327K.
    351786 occupied cards represented.
    Max size region = 0:(O)[0x0000000763400000,0x00000007634ffff0,0x0000000763500000], size = 32K, occupied = 94K.
    Did 6163 coarsenings.
2014-08-01T10:21:24.240-0500: 5104.684: [GC pause (young) 5104.684: [G1Ergonomics (CSet Construction) start choosing CSet, _pending_cards: 5745, predicted base time: 23.60 ms, remaining time: 76.40 ms, target pause time: 100.00 ms]
 5104.684: [G1Ergonomics (CSet Construction) add young regions to CSet, eden: 1721 regions, survivors: 26 regions, predicted young region time: 23.39 ms]
 5104.684: [G1Ergonomics (CSet Construction) finish choosing CSet, eden: 1721 regions, survivors: 26 regions, old: 0 regions, predicted pause time: 47.00 ms, target pause time: 100.00 ms]
, 0.0450100 secs]
   [Parallel Time: 26.8 ms, GC Workers: 18]
      [GC Worker Start (ms): Min: 5104684.1, Avg: 5104684.4, Max: 5104684.7, Diff: 0.6]
      [Ext Root Scanning (ms): Min: 7.1, Avg: 7.8, Max: 12.5, Diff: 5.3, Sum: 140.7]
      [Update RS (ms): Min: 0.0, Avg: 1.8, Max: 2.8, Diff: 2.8, Sum: 32.4]
         [Processed Buffers: Min: 0, Avg: 8.2, Max: 24, Diff: 24, Sum: 147]
      [Scan RS (ms): Min: 0.2, Avg: 0.7, Max: 1.0, Diff: 0.8, Sum: 13.1]
      [Object Copy (ms): Min: 12.5, Avg: 14.9, Max: 15.8, Diff: 3.3, Sum: 268.0]
      [Termination (ms): Min: 0.1, Avg: 0.8, Max: 0.9, Diff: 0.8, Sum: 14.9]
      [GC Worker Other (ms): Min: 0.0, Avg: 0.2, Max: 0.3, Diff: 0.3, Sum: 3.2]
      [GC Worker Total (ms): Min: 25.8, Avg: 26.2, Max: 26.6, Diff: 0.8, Sum: 472.3]
      [GC Worker End (ms): Min: 5104710.4, Avg: 5104710.6, Max: 5104710.8, Diff: 0.3]
   [Code Root Fixup: 0.0 ms]
   [Clear CT: 2.2 ms]
   [Other: 15.9 ms]
      [Choose CSet: 0.0 ms]
      [Ref Proc: 9.5 ms]
      [Ref Enq: 0.4 ms]
      [Free CSet: 5.3 ms]
   [Eden: 1721.0M(1721.0M)->0.0B(1736.0M) Survivors: 26.0M->17.0M Heap: 1968.1M(2252.0M)->241.9M(2252.0M)]
 [Times: user=0.52 sys=0.02, real=0.05 secs] 

 Concurrent RS processed 4091095 cards
  Of 125155 completed buffers:
       125155 (100.0%) by conc RS threads.
            0 (  0.0%) by mutator threads.
  Conc RS threads times(s)
          0.00     0.00     0.00     0.00     0.00     0.00     0.00     0.00     0.00     0.00     0.00     0.00     0.00     0.00     0.00     0.00     0.00     0.00     0.00
  Total heap region rem set sizes = 6554K.  Max = 31K.
  Static structures = 369K, free_lists = 327K.
    351839 occupied cards represented.
    Max size region = 0:(O)[0x0000000763400000,0x00000007634ffff0,0x0000000763500000], size = 32K, occupied = 94K.
    Did 6163 coarsenings.
2014-08-01T10:21:31.403-0500: 5111.846: [GC pause (young) 5111.846: [G1Ergonomics (CSet Construction) start choosing CSet, _pending_cards: 7811, predicted base time: 24.36 ms, remaining time: 75.64 ms, target pause time: 100.00 ms]
 5111.846: [G1Ergonomics (CSet Construction) add young regions to CSet, eden: 1736 regions, survivors: 17 regions, predicted young region time: 22.84 ms]
 5111.846: [G1Ergonomics (CSet Construction) finish choosing CSet, eden: 1736 regions, survivors: 17 regions, old: 0 regions, predicted pause time: 47.21 ms, target pause time: 100.00 ms]
, 0.0392230 secs]
   [Parallel Time: 20.8 ms, GC Workers: 18]
      [GC Worker Start (ms): Min: 5111846.6, Avg: 5111846.8, Max: 5111847.0, Diff: 0.3]
      [Ext Root Scanning (ms): Min: 5.9, Avg: 6.8, Max: 9.6, Diff: 3.8, Sum: 123.2]
      [Update RS (ms): Min: 0.6, Avg: 2.7, Max: 5.5, Diff: 4.8, Sum: 48.5]
         [Processed Buffers: Min: 1, Avg: 8.7, Max: 29, Diff: 28, Sum: 156]
      [Scan RS (ms): Min: 0.2, Avg: 0.8, Max: 1.9, Diff: 1.6, Sum: 15.0]
      [Object Copy (ms): Min: 7.6, Avg: 9.6, Max: 10.1, Diff: 2.5, Sum: 173.6]
      [Termination (ms): Min: 0.0, Avg: 0.0, Max: 0.0, Diff: 0.0, Sum: 0.2]
      [GC Worker Other (ms): Min: 0.0, Avg: 0.2, Max: 0.4, Diff: 0.4, Sum: 4.2]
      [GC Worker Total (ms): Min: 20.0, Avg: 20.3, Max: 20.6, Diff: 0.6, Sum: 364.8]
      [GC Worker End (ms): Min: 5111866.9, Avg: 5111867.1, Max: 5111867.3, Diff: 0.4]
   [Code Root Fixup: 0.0 ms]
   [Clear CT: 2.6 ms]
   [Other: 15.8 ms]
      [Choose CSet: 0.0 ms]
      [Ref Proc: 8.3 ms]
      [Ref Enq: 0.6 ms]
      [Free CSet: 6.1 ms]
   [Eden: 1736.0M(1736.0M)->0.0B(1739.0M) Survivors: 17.0M->15.0M Heap: 1977.9M(2252.0M)->240.2M(2252.0M)]
 [Times: user=0.43 sys=0.01, real=0.04 secs] 

 Concurrent RS processed 4095850 cards
  Of 125311 completed buffers:
       125311 (100.0%) by conc RS threads.
            0 (  0.0%) by mutator threads.
  Conc RS threads times(s)
          0.00     0.00     0.00     0.00     0.00     0.00     0.00     0.00     0.00     0.00     0.00     0.00     0.00     0.00     0.00     0.00     0.00     0.00     0.00
  Total heap region rem set sizes = 6600K.  Max = 32K.
  Static structures = 369K, free_lists = 314K.
    357560 occupied cards represented.
    Max size region = 0:(O)[0x0000000763400000,0x00000007634ffff0,0x0000000763500000], size = 33K, occupied = 95K.
    Did 6163 coarsenings.
2014-08-01T10:21:38.187-0500: 5118.630: [GC pause (young) 5118.631: [G1Ergonomics (CSet Construction) start choosing CSet, _pending_cards: 5496, predicted base time: 23.22 ms, remaining time: 76.78 ms, target pause time: 100.00 ms]
 5118.631: [G1Ergonomics (CSet Construction) add young regions to CSet, eden: 1739 regions, survivors: 15 regions, predicted young region time: 13.10 ms]
 5118.631: [G1Ergonomics (CSet Construction) finish choosing CSet, eden: 1739 regions, survivors: 15 regions, old: 0 regions, predicted pause time: 36.32 ms, target pause time: 100.00 ms]
, 0.0392620 secs]
   [Parallel Time: 22.7 ms, GC Workers: 18]
      [GC Worker Start (ms): Min: 5118630.9, Avg: 5118631.1, Max: 5118631.3, Diff: 0.3]
      [Ext Root Scanning (ms): Min: 6.2, Avg: 8.2, Max: 11.6, Diff: 5.4, Sum: 147.5]
      [Update RS (ms): Min: 0.0, Avg: 1.6, Max: 3.5, Diff: 3.5, Sum: 28.4]
         [Processed Buffers: Min: 0, Avg: 8.0, Max: 26, Diff: 26, Sum: 144]
      [Scan RS (ms): Min: 0.3, Avg: 1.4, Max: 10.8, Diff: 10.5, Sum: 24.9]
      [Object Copy (ms): Min: 2.1, Avg: 10.1, Max: 11.2, Diff: 9.1, Sum: 181.5]
      [Termination (ms): Min: 0.0, Avg: 0.7, Max: 0.8, Diff: 0.8, Sum: 12.4]
      [GC Worker Other (ms): Min: 0.0, Avg: 0.2, Max: 0.4, Diff: 0.3, Sum: 3.7]
      [GC Worker Total (ms): Min: 21.9, Avg: 22.1, Max: 22.4, Diff: 0.5, Sum: 398.3]
      [GC Worker End (ms): Min: 5118653.1, Avg: 5118653.2, Max: 5118653.4, Diff: 0.3]
   [Code Root Fixup: 0.0 ms]
   [Clear CT: 2.0 ms]
   [Other: 14.5 ms]
      [Choose CSet: 0.1 ms]
      [Ref Proc: 6.8 ms]
      [Ref Enq: 0.5 ms]
      [Free CSet: 6.2 ms]
   [Eden: 1739.0M(1739.0M)->0.0B(1729.0M) Survivors: 15.0M->20.0M Heap: 1979.2M(2252.0M)->245.4M(2252.0M)]
 [Times: user=0.43 sys=0.01, real=0.04 secs] 

 Concurrent RS processed 4098440 cards
  Of 125455 completed buffers:
       125455 (100.0%) by conc RS threads.
            0 (  0.0%) by mutator threads.
  Conc RS threads times(s)
          0.00     0.00     0.00     0.00     0.00     0.00     0.00     0.00     0.00     0.00     0.00     0.00     0.00     0.00     0.00     0.00     0.00     0.00     0.00
  Total heap region rem set sizes = 6603K.  Max = 32K.
  Static structures = 369K, free_lists = 312K.
    358006 occupied cards represented.
    Max size region = 0:(O)[0x0000000763400000,0x00000007634ffff0,0x0000000763500000], size = 33K, occupied = 95K.
    Did 6163 coarsenings.
2014-08-01T10:21:45.328-0500: 5125.772: [GC pause (young) 5125.772: [G1Ergonomics (CSet Construction) start choosing CSet, _pending_cards: 5497, predicted base time: 22.63 ms, remaining time: 77.37 ms, target pause time: 100.00 ms]
 5125.772: [G1Ergonomics (CSet Construction) add young regions to CSet, eden: 1729 regions, survivors: 20 regions, predicted young region time: 30.38 ms]
 5125.772: [G1Ergonomics (CSet Construction) finish choosing CSet, eden: 1729 regions, survivors: 20 regions, old: 0 regions, predicted pause time: 53.01 ms, target pause time: 100.00 ms]
, 0.0386960 secs]
   [Parallel Time: 17.9 ms, GC Workers: 18]
      [GC Worker Start (ms): Min: 5125772.0, Avg: 5125772.2, Max: 5125772.4, Diff: 0.3]
      [Ext Root Scanning (ms): Min: 6.0, Avg: 6.8, Max: 9.6, Diff: 3.6, Sum: 122.3]
      [Update RS (ms): Min: 0.0, Avg: 1.7, Max: 3.0, Diff: 3.0, Sum: 31.2]
         [Processed Buffers: Min: 0, Avg: 7.8, Max: 22, Diff: 22, Sum: 140]
      [Scan RS (ms): Min: 0.2, Avg: 0.8, Max: 1.0, Diff: 0.8, Sum: 14.7]
      [Object Copy (ms): Min: 5.4, Avg: 6.5, Max: 7.0, Diff: 1.6, Sum: 117.5]
      [Termination (ms): Min: 0.0, Avg: 0.5, Max: 0.6, Diff: 0.6, Sum: 9.2]
      [GC Worker Other (ms): Min: 0.0, Avg: 0.3, Max: 0.7, Diff: 0.7, Sum: 6.2]
      [GC Worker Total (ms): Min: 16.3, Avg: 16.7, Max: 17.2, Diff: 0.9, Sum: 301.1]
      [GC Worker End (ms): Min: 5125788.6, Avg: 5125788.9, Max: 5125789.3, Diff: 0.7]
   [Code Root Fixup: 0.0 ms]
   [Clear CT: 1.5 ms]
   [Other: 19.3 ms]
      [Choose CSet: 0.0 ms]
      [Ref Proc: 8.6 ms]
      [Ref Enq: 1.4 ms]
      [Free CSet: 8.6 ms]
   [Eden: 1729.0M(1729.0M)->0.0B(1745.0M) Survivors: 20.0M->12.0M Heap: 1974.4M(2252.0M)->237.4M(2252.0M)]
 [Times: user=0.35 sys=0.01, real=0.04 secs] 

 Concurrent RS processed 4100969 cards
  Of 125595 completed buffers:
       125595 (100.0%) by conc RS threads.
            0 (  0.0%) by mutator threads.
  Conc RS threads times(s)
          0.00     0.00     0.00     0.00     0.00     0.00     0.00     0.00     0.00     0.00     0.00     0.00     0.00     0.00     0.00     0.00     0.00     0.00     0.00
  Total heap region rem set sizes = 6607K.  Max = 33K.
  Static structures = 369K, free_lists = 311K.
    358628 occupied cards represented.
    Max size region = 0:(O)[0x0000000763400000,0x00000007634ffff0,0x0000000763500000], size = 34K, occupied = 95K.
    Did 6163 coarsenings.
2014-08-01T10:21:52.563-0500: 5133.006: [GC pause (young) 5133.006: [G1Ergonomics (CSet Construction) start choosing CSet, _pending_cards: 5718, predicted base time: 22.68 ms, remaining time: 77.32 ms, target pause time: 100.00 ms]
 5133.006: [G1Ergonomics (CSet Construction) add young regions to CSet, eden: 1745 regions, survivors: 12 regions, predicted young region time: 24.04 ms]
 5133.006: [G1Ergonomics (CSet Construction) finish choosing CSet, eden: 1745 regions, survivors: 12 regions, old: 0 regions, predicted pause time: 46.72 ms, target pause time: 100.00 ms]
, 0.0357890 secs]
   [Parallel Time: 17.8 ms, GC Workers: 18]
      [GC Worker Start (ms): Min: 5133006.6, Avg: 5133006.7, Max: 5133006.9, Diff: 0.3]
      [Ext Root Scanning (ms): Min: 5.3, Avg: 6.5, Max: 13.1, Diff: 7.8, Sum: 117.3]
      [Update RS (ms): Min: 0.0, Avg: 1.7, Max: 3.4, Diff: 3.4, Sum: 30.3]
         [Processed Buffers: Min: 0, Avg: 7.8, Max: 43, Diff: 43, Sum: 140]
      [Scan RS (ms): Min: 0.3, Avg: 0.8, Max: 1.0, Diff: 0.7, Sum: 14.6]
      [Object Copy (ms): Min: 3.3, Avg: 7.9, Max: 8.6, Diff: 5.4, Sum: 142.3]
      [Termination (ms): Min: 0.0, Avg: 0.2, Max: 0.3, Diff: 0.3, Sum: 3.2]
      [GC Worker Other (ms): Min: 0.0, Avg: 0.2, Max: 0.4, Diff: 0.4, Sum: 3.7]
      [GC Worker Total (ms): Min: 17.1, Avg: 17.3, Max: 17.5, Diff: 0.4, Sum: 311.4]
      [GC Worker End (ms): Min: 5133023.9, Avg: 5133024.0, Max: 5133024.2, Diff: 0.4]
   [Code Root Fixup: 0.0 ms]
   [Clear CT: 2.2 ms]
   [Other: 15.8 ms]
      [Choose CSet: 0.0 ms]
      [Ref Proc: 9.5 ms]
      [Ref Enq: 0.5 ms]
      [Free CSet: 5.1 ms]
   [Eden: 1745.0M(1745.0M)->0.0B(1725.0M) Survivors: 12.0M->22.0M Heap: 1982.4M(2252.0M)->248.0M(2252.0M)]
 [Times: user=0.42 sys=0.00, real=0.04 secs] 

 Concurrent RS processed 4103428 cards
  Of 125735 completed buffers:
       125735 (100.0%) by conc RS threads.
            0 (  0.0%) by mutator threads.
  Conc RS threads times(s)
          0.00     0.00     0.00     0.00     0.00     0.00     0.00     0.00     0.00     0.00     0.00     0.00     0.00     0.00     0.00     0.00     0.00     0.00     0.00
  Total heap region rem set sizes = 6609K.  Max = 33K.
  Static structures = 369K, free_lists = 311K.
    359098 occupied cards represented.
    Max size region = 0:(O)[0x0000000763400000,0x00000007634ffff0,0x0000000763500000], size = 34K, occupied = 95K.
    Did 6163 coarsenings.
2014-08-01T10:21:59.639-0500: 5140.082: [GC pause (young) 5140.082: [G1Ergonomics (CSet Construction) start choosing CSet, _pending_cards: 5730, predicted base time: 22.47 ms, remaining time: 77.53 ms, target pause time: 100.00 ms]
 5140.082: [G1Ergonomics (CSet Construction) add young regions to CSet, eden: 1725 regions, survivors: 22 regions, predicted young region time: 15.35 ms]
 5140.082: [G1Ergonomics (CSet Construction) finish choosing CSet, eden: 1725 regions, survivors: 22 regions, old: 0 regions, predicted pause time: 37.83 ms, target pause time: 100.00 ms]
, 0.0347200 secs]
   [Parallel Time: 20.0 ms, GC Workers: 18]
      [GC Worker Start (ms): Min: 5140082.4, Avg: 5140082.5, Max: 5140082.7, Diff: 0.3]
      [Ext Root Scanning (ms): Min: 5.5, Avg: 6.6, Max: 10.1, Diff: 4.6, Sum: 118.9]
      [Update RS (ms): Min: 0.0, Avg: 2.4, Max: 11.3, Diff: 11.3, Sum: 42.5]
         [Processed Buffers: Min: 0, Avg: 7.7, Max: 32, Diff: 32, Sum: 138]
      [Scan RS (ms): Min: 0.2, Avg: 0.8, Max: 1.0, Diff: 0.8, Sum: 15.0]
      [Object Copy (ms): Min: 1.4, Avg: 7.7, Max: 8.8, Diff: 7.4, Sum: 139.1]
      [Termination (ms): Min: 0.0, Avg: 1.8, Max: 1.9, Diff: 1.9, Sum: 31.7]
      [GC Worker Other (ms): Min: 0.0, Avg: 0.2, Max: 0.4, Diff: 0.4, Sum: 3.7]
      [GC Worker Total (ms): Min: 19.3, Avg: 19.5, Max: 19.9, Diff: 0.6, Sum: 351.0]
      [GC Worker End (ms): Min: 5140101.9, Avg: 5140102.0, Max: 5140102.3, Diff: 0.4]
   [Code Root Fixup: 0.0 ms]
   [Clear CT: 2.0 ms]
   [Other: 12.7 ms]
      [Choose CSet: 0.0 ms]
      [Ref Proc: 6.9 ms]
      [Ref Enq: 0.4 ms]
      [Free CSet: 4.8 ms]
   [Eden: 1725.0M(1725.0M)->0.0B(1741.0M) Survivors: 22.0M->14.0M Heap: 1973.0M(2252.0M)->240.4M(2252.0M)]
 [Times: user=0.42 sys=0.00, real=0.04 secs] 

 Concurrent RS processed 4106145 cards
  Of 125873 completed buffers:
       125873 (100.0%) by conc RS threads.
            0 (  0.0%) by mutator threads.
  Conc RS threads times(s)
          0.00     0.00     0.00     0.00     0.00     0.00     0.00     0.00     0.00     0.00     0.00     0.00     0.00     0.00     0.00     0.00     0.00     0.00     0.00
  Total heap region rem set sizes = 6613K.  Max = 33K.
  Static structures = 369K, free_lists = 310K.
    360199 occupied cards represented.
    Max size region = 0:(O)[0x0000000763400000,0x00000007634ffff0,0x0000000763500000], size = 34K, occupied = 95K.
    Did 6163 coarsenings.
2014-08-01T10:22:06.324-0500: 5146.767: [GC pause (young) 5146.767: [G1Ergonomics (CSet Construction) start choosing CSet, _pending_cards: 5272, predicted base time: 21.82 ms, remaining time: 78.18 ms, target pause time: 100.00 ms]
 5146.767: [G1Ergonomics (CSet Construction) add young regions to CSet, eden: 1741 regions, survivors: 14 regions, predicted young region time: 20.48 ms]
 5146.767: [G1Ergonomics (CSet Construction) finish choosing CSet, eden: 1741 regions, survivors: 14 regions, old: 0 regions, predicted pause time: 42.31 ms, target pause time: 100.00 ms]
, 0.0417220 secs]
   [Parallel Time: 21.3 ms, GC Workers: 18]
      [GC Worker Start (ms): Min: 5146767.4, Avg: 5146767.6, Max: 5146767.7, Diff: 0.3]
      [Ext Root Scanning (ms): Min: 6.0, Avg: 7.0, Max: 10.0, Diff: 4.0, Sum: 126.3]
      [Update RS (ms): Min: 0.0, Avg: 1.7, Max: 2.7, Diff: 2.7, Sum: 30.6]
         [Processed Buffers: Min: 0, Avg: 8.2, Max: 21, Diff: 21, Sum: 147]
      [Scan RS (ms): Min: 0.4, Avg: 0.9, Max: 1.0, Diff: 0.6, Sum: 15.4]
      [Object Copy (ms): Min: 8.4, Avg: 9.7, Max: 11.3, Diff: 2.9, Sum: 173.7]
      [Termination (ms): Min: 0.0, Avg: 1.5, Max: 1.6, Diff: 1.6, Sum: 26.5]
      [GC Worker Other (ms): Min: 0.0, Avg: 0.2, Max: 0.4, Diff: 0.3, Sum: 3.7]
      [GC Worker Total (ms): Min: 20.6, Avg: 20.9, Max: 21.2, Diff: 0.6, Sum: 376.3]
      [GC Worker End (ms): Min: 5146788.3, Avg: 5146788.5, Max: 5146788.7, Diff: 0.4]
   [Code Root Fixup: 0.0 ms]
   [Clear CT: 1.9 ms]
   [Other: 18.5 ms]
      [Choose CSet: 0.0 ms]
      [Ref Proc: 12.4 ms]
      [Ref Enq: 0.6 ms]
      [Free CSet: 4.8 ms]
   [Eden: 1741.0M(1741.0M)->0.0B(1727.0M) Survivors: 14.0M->21.0M Heap: 1981.4M(2252.0M)->247.3M(2252.0M)]
 [Times: user=0.50 sys=0.00, real=0.04 secs] 

 Concurrent RS processed 4108640 cards
  Of 126020 completed buffers:
       126020 (100.0%) by conc RS threads.
            0 (  0.0%) by mutator threads.
  Conc RS threads times(s)
          0.00     0.00     0.00     0.00     0.00     0.00     0.00     0.00     0.00     0.00     0.00     0.00     0.00     0.00     0.00     0.00     0.00     0.00     0.00
  Total heap region rem set sizes = 6614K.  Max = 33K.
  Static structures = 369K, free_lists = 310K.
    360546 occupied cards represented.
    Max size region = 0:(O)[0x0000000763400000,0x00000007634ffff0,0x0000000763500000], size = 34K, occupied = 95K.
    Did 6163 coarsenings.
2014-08-01T10:22:13.413-0500: 5153.856: [GC pause (young) 5153.856: [G1Ergonomics (CSet Construction) start choosing CSet, _pending_cards: 5482, predicted base time: 23.26 ms, remaining time: 76.74 ms, target pause time: 100.00 ms]
 5153.856: [G1Ergonomics (CSet Construction) add young regions to CSet, eden: 1727 regions, survivors: 21 regions, predicted young region time: 26.80 ms]
 5153.856: [G1Ergonomics (CSet Construction) finish choosing CSet, eden: 1727 regions, survivors: 21 regions, old: 0 regions, predicted pause time: 50.06 ms, target pause time: 100.00 ms]
, 0.0291550 secs]
   [Parallel Time: 17.7 ms, GC Workers: 18]
      [GC Worker Start (ms): Min: 5153856.4, Avg: 5153856.6, Max: 5153856.8, Diff: 0.4]
      [Ext Root Scanning (ms): Min: 3.7, Avg: 4.7, Max: 6.5, Diff: 2.8, Sum: 84.7]
      [Update RS (ms): Min: 0.0, Avg: 0.8, Max: 1.9, Diff: 1.9, Sum: 15.1]
         [Processed Buffers: Min: 0, Avg: 7.9, Max: 29, Diff: 29, Sum: 142]
      [Scan RS (ms): Min: 0.2, Avg: 0.6, Max: 0.8, Diff: 0.5, Sum: 11.1]
      [Object Copy (ms): Min: 9.1, Avg: 9.7, Max: 10.8, Diff: 1.7, Sum: 175.1]
      [Termination (ms): Min: 0.2, Avg: 1.2, Max: 1.3, Diff: 1.1, Sum: 20.8]
      [GC Worker Other (ms): Min: 0.0, Avg: 0.1, Max: 0.3, Diff: 0.3, Sum: 2.6]
      [GC Worker Total (ms): Min: 16.9, Avg: 17.2, Max: 17.5, Diff: 0.6, Sum: 309.4]
      [GC Worker End (ms): Min: 5153873.6, Avg: 5153873.8, Max: 5153873.9, Diff: 0.3]
   [Code Root Fixup: 0.0 ms]
   [Clear CT: 1.8 ms]
   [Other: 9.7 ms]
      [Choose CSet: 0.0 ms]
      [Ref Proc: 5.8 ms]
      [Ref Enq: 0.4 ms]
      [Free CSet: 3.1 ms]
   [Eden: 1727.0M(1727.0M)->0.0B(1735.0M) Survivors: 21.0M->17.0M Heap: 1974.3M(2252.0M)->243.1M(2252.0M)]
 [Times: user=0.35 sys=0.00, real=0.03 secs] 

 Concurrent RS processed 4111078 cards
  Of 126162 completed buffers:
       126162 (100.0%) by conc RS threads.
            0 (  0.0%) by mutator threads.
  Conc RS threads times(s)
          0.00     0.00     0.00     0.00     0.00     0.00     0.00     0.00     0.00     0.00     0.00     0.00     0.00     0.00     0.00     0.00     0.00     0.00     0.00
  Total heap region rem set sizes = 6616K.  Max = 33K.
  Static structures = 369K, free_lists = 309K.
    360882 occupied cards represented.
    Max size region = 0:(O)[0x0000000763400000,0x00000007634ffff0,0x0000000763500000], size = 34K, occupied = 96K.
    Did 6163 coarsenings.
2014-08-01T10:22:20.442-0500: 5160.886: [GC pause (young) 5160.886: [G1Ergonomics (CSet Construction) start choosing CSet, _pending_cards: 5736, predicted base time: 21.67 ms, remaining time: 78.33 ms, target pause time: 100.00 ms]
 5160.886: [G1Ergonomics (CSet Construction) add young regions to CSet, eden: 1735 regions, survivors: 17 regions, predicted young region time: 12.25 ms]
 5160.886: [G1Ergonomics (CSet Construction) finish choosing CSet, eden: 1735 regions, survivors: 17 regions, old: 0 regions, predicted pause time: 33.92 ms, target pause time: 100.00 ms]
, 0.0474690 secs]
   [Parallel Time: 23.7 ms, GC Workers: 18]
      [GC Worker Start (ms): Min: 5160886.1, Avg: 5160886.3, Max: 5160886.5, Diff: 0.4]
      [Ext Root Scanning (ms): Min: 7.8, Avg: 10.3, Max: 13.6, Diff: 5.8, Sum: 185.7]
      [Update RS (ms): Min: 0.0, Avg: 1.5, Max: 3.6, Diff: 3.6, Sum: 27.8]
         [Processed Buffers: Min: 0, Avg: 7.7, Max: 32, Diff: 32, Sum: 139]
      [Scan RS (ms): Min: 0.4, Avg: 1.3, Max: 9.9, Diff: 9.5, Sum: 24.1]
      [Object Copy (ms): Min: 1.4, Avg: 8.8, Max: 10.6, Diff: 9.2, Sum: 159.0]
      [Termination (ms): Min: 0.0, Avg: 0.8, Max: 1.3, Diff: 1.3, Sum: 13.8]
      [GC Worker Other (ms): Min: 0.0, Avg: 0.1, Max: 0.3, Diff: 0.3, Sum: 2.4]
      [GC Worker Total (ms): Min: 22.6, Avg: 22.9, Max: 23.3, Diff: 0.7, Sum: 412.8]
      [GC Worker End (ms): Min: 5160909.1, Avg: 5160909.2, Max: 5160909.6, Diff: 0.5]
   [Code Root Fixup: 0.0 ms]
   [Clear CT: 2.0 ms]
   [Other: 21.8 ms]
      [Choose CSet: 0.0 ms]
      [Ref Proc: 15.5 ms]
      [Ref Enq: 0.5 ms]
      [Free CSet: 5.1 ms]
   [Eden: 1735.0M(1735.0M)->0.0B(1741.0M) Survivors: 17.0M->14.0M Heap: 1978.1M(2252.0M)->240.1M(2252.0M)]
 [Times: user=0.44 sys=0.00, real=0.04 secs] 

 Concurrent RS processed 4113606 cards
  Of 126301 completed buffers:
       126301 (100.0%) by conc RS threads.
            0 (  0.0%) by mutator threads.
  Conc RS threads times(s)
          0.00     0.00     0.00     0.00     0.00     0.00     0.00     0.00     0.00     0.00     0.00     0.00     0.00     0.00     0.00     0.00     0.00     0.00     0.00
  Total heap region rem set sizes = 6618K.  Max = 33K.
  Static structures = 369K, free_lists = 308K.
    361212 occupied cards represented.
    Max size region = 0:(O)[0x0000000763400000,0x00000007634ffff0,0x0000000763500000], size = 34K, occupied = 96K.
    Did 6163 coarsenings.
2014-08-01T10:22:27.255-0500: 5167.698: [GC pause (young) 5167.698: [G1Ergonomics (CSet Construction) start choosing CSet, _pending_cards: 5169, predicted base time: 25.86 ms, remaining time: 74.14 ms, target pause time: 100.00 ms]
 5167.698: [G1Ergonomics (CSet Construction) add young regions to CSet, eden: 1741 regions, survivors: 14 regions, predicted young region time: 20.01 ms]
 5167.698: [G1Ergonomics (CSet Construction) finish choosing CSet, eden: 1741 regions, survivors: 14 regions, old: 0 regions, predicted pause time: 45.87 ms, target pause time: 100.00 ms]
, 0.0439600 secs]
   [Parallel Time: 26.3 ms, GC Workers: 18]
      [GC Worker Start (ms): Min: 5167698.2, Avg: 5167698.4, Max: 5167698.5, Diff: 0.3]
      [Ext Root Scanning (ms): Min: 6.0, Avg: 7.1, Max: 11.8, Diff: 5.8, Sum: 128.5]
      [Update RS (ms): Min: 0.0, Avg: 1.8, Max: 2.8, Diff: 2.8, Sum: 32.1]
         [Processed Buffers: Min: 0, Avg: 7.5, Max: 22, Diff: 22, Sum: 135]
      [Scan RS (ms): Min: 0.2, Avg: 0.8, Max: 1.0, Diff: 0.8, Sum: 14.4]
      [Object Copy (ms): Min: 6.4, Avg: 9.1, Max: 16.2, Diff: 9.8, Sum: 163.9]
      [Termination (ms): Min: 0.0, Avg: 6.9, Max: 7.4, Diff: 7.4, Sum: 124.5]
      [GC Worker Other (ms): Min: 0.0, Avg: 0.2, Max: 0.4, Diff: 0.3, Sum: 3.1]
      [GC Worker Total (ms): Min: 25.7, Avg: 25.9, Max: 26.2, Diff: 0.5, Sum: 466.5]
      [GC Worker End (ms): Min: 5167724.1, Avg: 5167724.3, Max: 5167724.5, Diff: 0.3]
   [Code Root Fixup: 0.0 ms]
   [Clear CT: 2.9 ms]
   [Other: 14.7 ms]
      [Choose CSet: 0.0 ms]
      [Ref Proc: 8.1 ms]
      [Ref Enq: 1.1 ms]
      [Free CSet: 4.9 ms]
   [Eden: 1741.0M(1741.0M)->0.0B(1718.0M) Survivors: 14.0M->25.0M Heap: 1981.1M(2252.0M)->251.4M(2252.0M)]
 [Times: user=0.52 sys=0.01, real=0.04 secs] 

 Concurrent RS processed 4116040 cards
  Of 126436 completed buffers:
       126436 (100.0%) by conc RS threads.
            0 (  0.0%) by mutator threads.
  Conc RS threads times(s)
          0.00     0.00     0.00     0.00     0.00     0.00     0.00     0.00     0.00     0.00     0.00     0.00     0.00     0.00     0.00     0.00     0.00     0.00     0.00
  Total heap region rem set sizes = 6619K.  Max = 33K.
  Static structures = 369K, free_lists = 308K.
    361577 occupied cards represented.
    Max size region = 0:(O)[0x0000000763400000,0x00000007634ffff0,0x0000000763500000], size = 34K, occupied = 96K.
    Did 6163 coarsenings.
2014-08-01T10:22:34.342-0500: 5174.786: [GC pause (young) 5174.786: [G1Ergonomics (CSet Construction) start choosing CSet, _pending_cards: 5767, predicted base time: 25.31 ms, remaining time: 74.69 ms, target pause time: 100.00 ms]
 5174.786: [G1Ergonomics (CSet Construction) add young regions to CSet, eden: 1718 regions, survivors: 25 regions, predicted young region time: 13.34 ms]
 5174.786: [G1Ergonomics (CSet Construction) finish choosing CSet, eden: 1718 regions, survivors: 25 regions, old: 0 regions, predicted pause time: 38.65 ms, target pause time: 100.00 ms]
, 0.0400680 secs]
   [Parallel Time: 19.9 ms, GC Workers: 18]
      [GC Worker Start (ms): Min: 5174786.1, Avg: 5174786.2, Max: 5174786.4, Diff: 0.3]
      [Ext Root Scanning (ms): Min: 5.9, Avg: 7.3, Max: 12.0, Diff: 6.1, Sum: 131.6]
      [Update RS (ms): Min: 0.0, Avg: 1.7, Max: 3.0, Diff: 3.0, Sum: 31.2]
         [Processed Buffers: Min: 0, Avg: 8.4, Max: 25, Diff: 25, Sum: 151]
      [Scan RS (ms): Min: 0.2, Avg: 1.0, Max: 3.3, Diff: 3.1, Sum: 17.3]
      [Object Copy (ms): Min: 6.7, Avg: 9.0, Max: 9.7, Diff: 3.0, Sum: 161.2]
      [Termination (ms): Min: 0.0, Avg: 0.1, Max: 0.2, Diff: 0.2, Sum: 2.4]
      [GC Worker Other (ms): Min: 0.0, Avg: 0.2, Max: 0.5, Diff: 0.4, Sum: 4.5]
      [GC Worker Total (ms): Min: 19.1, Avg: 19.3, Max: 19.7, Diff: 0.6, Sum: 348.1]
      [GC Worker End (ms): Min: 5174805.3, Avg: 5174805.6, Max: 5174805.8, Diff: 0.4]
   [Code Root Fixup: 0.0 ms]
   [Clear CT: 2.0 ms]
   [Other: 18.1 ms]
      [Choose CSet: 0.0 ms]
      [Ref Proc: 12.0 ms]
      [Ref Enq: 0.4 ms]
      [Free CSet: 5.0 ms]
   [Eden: 1718.0M(1718.0M)->0.0B(1734.0M) Survivors: 25.0M->17.0M Heap: 1969.4M(2252.0M)->243.6M(2252.0M)]
 [Times: user=0.49 sys=0.00, real=0.04 secs] 

 Concurrent RS processed 4118604 cards
  Of 126587 completed buffers:
       126587 (100.0%) by conc RS threads.
            0 (  0.0%) by mutator threads.
  Conc RS threads times(s)
          0.00     0.00     0.00     0.00     0.00     0.00     0.00     0.00     0.00     0.00     0.00     0.00     0.00     0.00     0.00     0.00     0.00     0.00     0.00
  Total heap region rem set sizes = 6626K.  Max = 33K.
  Static structures = 369K, free_lists = 306K.
    362123 occupied cards represented.
    Max size region = 0:(O)[0x0000000763400000,0x00000007634ffff0,0x0000000763500000], size = 34K, occupied = 96K.
    Did 6163 coarsenings.
2014-08-01T10:22:41.253-0500: 5181.696: [GC pause (young) 5181.696: [G1Ergonomics (CSet Construction) start choosing CSet, _pending_cards: 5527, predicted base time: 25.44 ms, remaining time: 74.56 ms, target pause time: 100.00 ms]
 5181.696: [G1Ergonomics (CSet Construction) add young regions to CSet, eden: 1734 regions, survivors: 17 regions, predicted young region time: 14.58 ms]
 5181.696: [G1Ergonomics (CSet Construction) finish choosing CSet, eden: 1734 regions, survivors: 17 regions, old: 0 regions, predicted pause time: 40.02 ms, target pause time: 100.00 ms]
, 0.0380850 secs]
   [Parallel Time: 18.3 ms, GC Workers: 18]
      [GC Worker Start (ms): Min: 5181696.5, Avg: 5181696.7, Max: 5181696.9, Diff: 0.4]
      [Ext Root Scanning (ms): Min: 6.4, Avg: 7.2, Max: 9.2, Diff: 2.7, Sum: 129.6]
      [Update RS (ms): Min: 0.3, Avg: 1.5, Max: 2.6, Diff: 2.3, Sum: 27.6]
         [Processed Buffers: Min: 1, Avg: 7.8, Max: 25, Diff: 24, Sum: 140]
      [Scan RS (ms): Min: 0.2, Avg: 0.9, Max: 1.1, Diff: 0.9, Sum: 15.8]
      [Object Copy (ms): Min: 6.8, Avg: 8.0, Max: 8.7, Diff: 1.9, Sum: 143.5]
      [Termination (ms): Min: 0.0, Avg: 0.1, Max: 0.1, Diff: 0.1, Sum: 1.7]
      [GC Worker Other (ms): Min: 0.0, Avg: 0.2, Max: 0.4, Diff: 0.4, Sum: 4.3]
      [GC Worker Total (ms): Min: 17.6, Avg: 17.9, Max: 18.2, Diff: 0.6, Sum: 322.6]
      [GC Worker End (ms): Min: 5181714.4, Avg: 5181714.6, Max: 5181714.8, Diff: 0.4]
   [Code Root Fixup: 0.0 ms]
   [Clear CT: 2.5 ms]
   [Other: 17.2 ms]
      [Choose CSet: 0.0 ms]
      [Ref Proc: 10.9 ms]
      [Ref Enq: 0.8 ms]
      [Free CSet: 4.7 ms]
   [Eden: 1734.0M(1734.0M)->0.0B(1742.0M) Survivors: 17.0M->13.0M Heap: 1977.6M(2252.0M)->239.8M(2252.0M)]
 [Times: user=0.40 sys=0.01, real=0.04 secs] 

 Concurrent RS processed 4121058 cards
  Of 126727 completed buffers:
       126727 (100.0%) by conc RS threads.
            0 (  0.0%) by mutator threads.
  Conc RS threads times(s)
          0.00     0.00     0.00     0.00     0.00     0.00     0.00     0.00     0.00     0.00     0.00     0.00     0.00     0.00     0.00     0.00     0.00     0.00     0.00
  Total heap region rem set sizes = 6626K.  Max = 33K.
  Static structures = 369K, free_lists = 306K.
    362527 occupied cards represented.
    Max size region = 0:(O)[0x0000000763400000,0x00000007634ffff0,0x0000000763500000], size = 34K, occupied = 96K.
    Did 6163 coarsenings.
2014-08-01T10:22:48.441-0500: 5188.885: [GC pause (young) 5188.885: [G1Ergonomics (CSet Construction) start choosing CSet, _pending_cards: 5713, predicted base time: 25.40 ms, remaining time: 74.60 ms, target pause time: 100.00 ms]
 5188.885: [G1Ergonomics (CSet Construction) add young regions to CSet, eden: 1742 regions, survivors: 13 regions, predicted young region time: 11.14 ms]
 5188.885: [G1Ergonomics (CSet Construction) finish choosing CSet, eden: 1742 regions, survivors: 13 regions, old: 0 regions, predicted pause time: 36.54 ms, target pause time: 100.00 ms]
, 0.0396220 secs]
   [Parallel Time: 21.7 ms, GC Workers: 18]
      [GC Worker Start (ms): Min: 5188885.1, Avg: 5188885.3, Max: 5188885.5, Diff: 0.3]
      [Ext Root Scanning (ms): Min: 5.8, Avg: 7.2, Max: 11.3, Diff: 5.5, Sum: 128.9]
      [Update RS (ms): Min: 0.0, Avg: 1.5, Max: 2.8, Diff: 2.8, Sum: 26.3]
         [Processed Buffers: Min: 0, Avg: 7.7, Max: 19, Diff: 19, Sum: 138]
      [Scan RS (ms): Min: 0.2, Avg: 0.8, Max: 1.0, Diff: 0.8, Sum: 13.7]
      [Object Copy (ms): Min: 8.8, Avg: 11.1, Max: 12.1, Diff: 3.3, Sum: 199.7]
      [Termination (ms): Min: 0.0, Avg: 0.5, Max: 0.6, Diff: 0.6, Sum: 9.1]
      [GC Worker Other (ms): Min: 0.0, Avg: 0.2, Max: 0.5, Diff: 0.5, Sum: 4.4]
      [GC Worker Total (ms): Min: 20.9, Avg: 21.2, Max: 21.6, Diff: 0.7, Sum: 382.2]
      [GC Worker End (ms): Min: 5188906.3, Avg: 5188906.5, Max: 5188906.8, Diff: 0.5]
   [Code Root Fixup: 0.0 ms]
   [Clear CT: 2.1 ms]
   [Other: 15.8 ms]
      [Choose CSet: 0.0 ms]
      [Ref Proc: 9.4 ms]
      [Ref Enq: 0.6 ms]
      [Free CSet: 5.2 ms]
   [Eden: 1742.0M(1742.0M)->0.0B(1744.0M) Survivors: 13.0M->12.0M Heap: 1981.8M(2252.0M)->238.1M(2252.0M)]
 [Times: user=0.44 sys=0.00, real=0.04 secs] 

 Concurrent RS processed 4123537 cards
  Of 126865 completed buffers:
       126865 (100.0%) by conc RS threads.
            0 (  0.0%) by mutator threads.
  Conc RS threads times(s)
          0.00     0.00     0.00     0.00     0.00     0.00     0.00     0.00     0.00     0.00     0.00     0.00     0.00     0.00     0.00     0.00     0.00     0.00     0.00
  Total heap region rem set sizes = 6627K.  Max = 33K.
  Static structures = 369K, free_lists = 306K.
    362911 occupied cards represented.
    Max size region = 0:(O)[0x0000000763400000,0x00000007634ffff0,0x0000000763500000], size = 34K, occupied = 96K.
    Did 6163 coarsenings.
2014-08-01T10:22:55.371-0500: 5195.814: [GC pause (young) 5195.814: [G1Ergonomics (CSet Construction) start choosing CSet, _pending_cards: 5453, predicted base time: 24.54 ms, remaining time: 75.46 ms, target pause time: 100.00 ms]
 5195.814: [G1Ergonomics (CSet Construction) add young regions to CSet, eden: 1744 regions, survivors: 12 regions, predicted young region time: 12.59 ms]
 5195.814: [G1Ergonomics (CSet Construction) finish choosing CSet, eden: 1744 regions, survivors: 12 regions, old: 0 regions, predicted pause time: 37.13 ms, target pause time: 100.00 ms]
, 0.0358890 secs]
   [Parallel Time: 17.3 ms, GC Workers: 18]
      [GC Worker Start (ms): Min: 5195814.7, Avg: 5195814.9, Max: 5195815.0, Diff: 0.3]
      [Ext Root Scanning (ms): Min: 3.3, Avg: 5.8, Max: 10.7, Diff: 7.4, Sum: 103.8]
      [Update RS (ms): Min: 0.0, Avg: 1.6, Max: 3.8, Diff: 3.8, Sum: 29.5]
         [Processed Buffers: Min: 0, Avg: 7.6, Max: 20, Diff: 20, Sum: 136]
      [Scan RS (ms): Min: 0.2, Avg: 0.8, Max: 1.1, Diff: 0.8, Sum: 13.7]
      [Object Copy (ms): Min: 5.5, Avg: 8.3, Max: 8.7, Diff: 3.2, Sum: 148.5]
      [Termination (ms): Min: 0.0, Avg: 0.1, Max: 0.1, Diff: 0.1, Sum: 1.3]
      [GC Worker Other (ms): Min: 0.1, Avg: 0.2, Max: 0.5, Diff: 0.4, Sum: 4.1]
      [GC Worker Total (ms): Min: 16.5, Avg: 16.7, Max: 17.0, Diff: 0.5, Sum: 301.0]
      [GC Worker End (ms): Min: 5195831.4, Avg: 5195831.6, Max: 5195831.8, Diff: 0.4]
   [Code Root Fixup: 0.0 ms]
   [Clear CT: 2.2 ms]
   [Other: 16.5 ms]
      [Choose CSet: 0.0 ms]
      [Ref Proc: 8.9 ms]
      [Ref Enq: 1.4 ms]
      [Free CSet: 5.4 ms]
   [Eden: 1744.0M(1744.0M)->0.0B(1734.0M) Survivors: 12.0M->17.0M Heap: 1982.1M(2252.0M)->243.7M(2252.0M)]
 [Times: user=0.38 sys=0.01, real=0.04 secs] 

 Concurrent RS processed 4125974 cards
  Of 127001 completed buffers:
       127001 (100.0%) by conc RS threads.
            0 (  0.0%) by mutator threads.
  Conc RS threads times(s)
          0.00     0.00     0.00     0.00     0.00     0.00     0.00     0.00     0.00     0.00     0.00     0.00     0.00     0.00     0.00     0.00     0.00     0.00     0.00
  Total heap region rem set sizes = 6629K.  Max = 33K.
  Static structures = 369K, free_lists = 305K.
    363257 occupied cards represented.
    Max size region = 0:(O)[0x0000000763400000,0x00000007634ffff0,0x0000000763500000], size = 34K, occupied = 96K.
    Did 6163 coarsenings.
2014-08-01T10:23:02.677-0500: 5203.120: [GC pause (young) 5203.120: [G1Ergonomics (CSet Construction) start choosing CSet, _pending_cards: 5455, predicted base time: 23.81 ms, remaining time: 76.19 ms, target pause time: 100.00 ms]
 5203.120: [G1Ergonomics (CSet Construction) add young regions to CSet, eden: 1734 regions, survivors: 17 regions, predicted young region time: 18.44 ms]
 5203.120: [G1Ergonomics (CSet Construction) finish choosing CSet, eden: 1734 regions, survivors: 17 regions, old: 0 regions, predicted pause time: 42.25 ms, target pause time: 100.00 ms]
, 0.0524060 secs]
   [Parallel Time: 27.4 ms, GC Workers: 18]
      [GC Worker Start (ms): Min: 5203120.3, Avg: 5203120.5, Max: 5203120.7, Diff: 0.3]
      [Ext Root Scanning (ms): Min: 4.7, Avg: 6.5, Max: 11.6, Diff: 6.9, Sum: 116.2]
      [Update RS (ms): Min: 0.0, Avg: 1.6, Max: 3.3, Diff: 3.3, Sum: 28.9]
         [Processed Buffers: Min: 0, Avg: 7.7, Max: 27, Diff: 27, Sum: 138]
      [Scan RS (ms): Min: 0.2, Avg: 0.8, Max: 1.1, Diff: 0.8, Sum: 13.8]
      [Object Copy (ms): Min: 12.7, Avg: 15.8, Max: 17.9, Diff: 5.1, Sum: 284.9]
      [Termination (ms): Min: 0.0, Avg: 2.0, Max: 2.6, Diff: 2.5, Sum: 35.5]
      [GC Worker Other (ms): Min: 0.0, Avg: 0.2, Max: 0.5, Diff: 0.5, Sum: 4.3]
      [GC Worker Total (ms): Min: 26.6, Avg: 26.9, Max: 27.3, Diff: 0.7, Sum: 483.6]
      [GC Worker End (ms): Min: 5203147.1, Avg: 5203147.4, Max: 5203147.6, Diff: 0.5]
   [Code Root Fixup: 0.0 ms]
   [Clear CT: 2.2 ms]
   [Other: 22.8 ms]
      [Choose CSet: 0.0 ms]
      [Ref Proc: 15.4 ms]
      [Ref Enq: 1.2 ms]
      [Free CSet: 5.5 ms]
   [Eden: 1734.0M(1734.0M)->0.0B(1732.0M) Survivors: 17.0M->18.0M Heap: 1977.7M(2252.0M)->244.4M(2252.0M)]
 [Times: user=0.66 sys=0.01, real=0.06 secs] 

 Concurrent RS processed 4128401 cards
  Of 127139 completed buffers:
       127139 (100.0%) by conc RS threads.
            0 (  0.0%) by mutator threads.
  Conc RS threads times(s)
          0.00     0.00     0.00     0.00     0.00     0.00     0.00     0.00     0.00     0.00     0.00     0.00     0.00     0.00     0.00     0.00     0.00     0.00     0.00
  Total heap region rem set sizes = 6630K.  Max = 33K.
  Static structures = 369K, free_lists = 305K.
    363644 occupied cards represented.
    Max size region = 0:(O)[0x0000000763400000,0x00000007634ffff0,0x0000000763500000], size = 34K, occupied = 96K.
    Did 6163 coarsenings.
2014-08-01T10:23:09.898-0500: 5210.342: [GC pause (young) 5210.342: [G1Ergonomics (CSet Construction) start choosing CSet, _pending_cards: 5726, predicted base time: 25.83 ms, remaining time: 74.17 ms, target pause time: 100.00 ms]
 5210.342: [G1Ergonomics (CSet Construction) add young regions to CSet, eden: 1732 regions, survivors: 18 regions, predicted young region time: 15.96 ms]
 5210.342: [G1Ergonomics (CSet Construction) finish choosing CSet, eden: 1732 regions, survivors: 18 regions, old: 0 regions, predicted pause time: 41.79 ms, target pause time: 100.00 ms]
, 0.0584690 secs]
   [Parallel Time: 21.4 ms, GC Workers: 18]
      [GC Worker Start (ms): Min: 5210342.2, Avg: 5210342.4, Max: 5210342.7, Diff: 0.5]
      [Ext Root Scanning (ms): Min: 6.3, Avg: 7.5, Max: 11.8, Diff: 5.5, Sum: 135.0]
      [Update RS (ms): Min: 0.0, Avg: 1.8, Max: 3.4, Diff: 3.4, Sum: 32.0]
         [Processed Buffers: Min: 0, Avg: 7.8, Max: 29, Diff: 29, Sum: 141]
      [Scan RS (ms): Min: 0.2, Avg: 0.8, Max: 1.4, Diff: 1.2, Sum: 14.9]
      [Object Copy (ms): Min: 8.4, Avg: 10.2, Max: 11.0, Diff: 2.6, Sum: 184.0]
      [Termination (ms): Min: 0.0, Avg: 0.2, Max: 0.3, Diff: 0.3, Sum: 3.9]
      [GC Worker Other (ms): Min: 0.1, Avg: 0.3, Max: 0.5, Diff: 0.4, Sum: 4.7]
      [GC Worker Total (ms): Min: 20.4, Avg: 20.8, Max: 21.1, Diff: 0.7, Sum: 374.5]
      [GC Worker End (ms): Min: 5210363.0, Avg: 5210363.2, Max: 5210363.4, Diff: 0.4]
   [Code Root Fixup: 0.0 ms]
   [Clear CT: 2.2 ms]
   [Other: 34.8 ms]
      [Choose CSet: 0.0 ms]
      [Ref Proc: 27.4 ms]
      [Ref Enq: 1.5 ms]
      [Free CSet: 5.3 ms]
   [Eden: 1732.0M(1732.0M)->0.0B(1742.0M) Survivors: 18.0M->13.0M Heap: 1976.4M(2252.0M)->239.4M(2252.0M)]
 [Times: user=0.63 sys=0.01, real=0.06 secs] 

 Concurrent RS processed 4130867 cards
  Of 127280 completed buffers:
       127280 (100.0%) by conc RS threads.
            0 (  0.0%) by mutator threads.
  Conc RS threads times(s)
          0.00     0.00     0.00     0.00     0.00     0.00     0.00     0.00     0.00     0.00     0.00     0.00     0.00     0.00     0.00     0.00     0.00     0.00     0.00
  Total heap region rem set sizes = 6631K.  Max = 33K.
  Static structures = 369K, free_lists = 304K.
    363962 occupied cards represented.
    Max size region = 0:(O)[0x0000000763400000,0x00000007634ffff0,0x0000000763500000], size = 34K, occupied = 96K.
    Did 6163 coarsenings.
2014-08-01T10:23:17.008-0500: 5217.451: [GC pause (young) 5217.451: [G1Ergonomics (CSet Construction) start choosing CSet, _pending_cards: 5460, predicted base time: 33.07 ms, remaining time: 66.93 ms, target pause time: 100.00 ms]
 5217.451: [G1Ergonomics (CSet Construction) add young regions to CSet, eden: 1742 regions, survivors: 13 regions, predicted young region time: 12.46 ms]
 5217.451: [G1Ergonomics (CSet Construction) finish choosing CSet, eden: 1742 regions, survivors: 13 regions, old: 0 regions, predicted pause time: 45.53 ms, target pause time: 100.00 ms]
, 0.0385760 secs]
   [Parallel Time: 20.2 ms, GC Workers: 18]
      [GC Worker Start (ms): Min: 5217451.6, Avg: 5217451.8, Max: 5217451.9, Diff: 0.3]
      [Ext Root Scanning (ms): Min: 5.2, Avg: 7.2, Max: 12.0, Diff: 6.8, Sum: 129.9]
      [Update RS (ms): Min: 0.0, Avg: 1.4, Max: 3.6, Diff: 3.6, Sum: 26.1]
         [Processed Buffers: Min: 0, Avg: 7.7, Max: 25, Diff: 25, Sum: 139]
      [Scan RS (ms): Min: 0.2, Avg: 1.3, Max: 8.3, Diff: 8.1, Sum: 23.1]
      [Object Copy (ms): Min: 1.3, Avg: 8.6, Max: 10.2, Diff: 8.9, Sum: 154.9]
      [Termination (ms): Min: 0.1, Avg: 1.0, Max: 1.1, Diff: 1.0, Sum: 17.5]
      [GC Worker Other (ms): Min: 0.0, Avg: 0.2, Max: 0.4, Diff: 0.3, Sum: 2.8]
      [GC Worker Total (ms): Min: 19.4, Avg: 19.7, Max: 20.0, Diff: 0.6, Sum: 354.3]
      [GC Worker End (ms): Min: 5217471.3, Avg: 5217471.4, Max: 5217471.6, Diff: 0.4]
   [Code Root Fixup: 0.0 ms]
   [Clear CT: 1.7 ms]
   [Other: 16.7 ms]
      [Choose CSet: 0.0 ms]
      [Ref Proc: 7.2 ms]
      [Ref Enq: 1.5 ms]
      [Free CSet: 7.2 ms]
   [Eden: 1742.0M(1742.0M)->0.0B(1744.0M) Survivors: 13.0M->12.0M Heap: 1981.4M(2252.0M)->239.0M(2252.0M)]
 [Times: user=0.40 sys=0.00, real=0.04 secs] 

 Concurrent RS processed 4133297 cards
  Of 127419 completed buffers:
       127419 (100.0%) by conc RS threads.
            0 (  0.0%) by mutator threads.
  Conc RS threads times(s)
          0.00     0.00     0.00     0.00     0.00     0.00     0.00     0.00     0.00     0.00     0.00     0.00     0.00     0.00     0.00     0.00     0.00     0.00     0.00
  Total heap region rem set sizes = 6633K.  Max = 33K.
  Static structures = 369K, free_lists = 304K.
    364302 occupied cards represented.
    Max size region = 0:(O)[0x0000000763400000,0x00000007634ffff0,0x0000000763500000], size = 34K, occupied = 96K.
    Did 6163 coarsenings.
2014-08-01T10:23:23.753-0500: 5224.197: [GC pause (young) 5224.197: [G1Ergonomics (CSet Construction) start choosing CSet, _pending_cards: 5480, predicted base time: 30.22 ms, remaining time: 69.78 ms, target pause time: 100.00 ms]
 5224.197: [G1Ergonomics (CSet Construction) add young regions to CSet, eden: 1744 regions, survivors: 12 regions, predicted young region time: 16.43 ms]
 5224.197: [G1Ergonomics (CSet Construction) finish choosing CSet, eden: 1744 regions, survivors: 12 regions, old: 0 regions, predicted pause time: 46.65 ms, target pause time: 100.00 ms]
, 0.0386910 secs]
   [Parallel Time: 20.1 ms, GC Workers: 18]
      [GC Worker Start (ms): Min: 5224197.1, Avg: 5224197.3, Max: 5224197.5, Diff: 0.3]
      [Ext Root Scanning (ms): Min: 5.6, Avg: 7.1, Max: 11.2, Diff: 5.6, Sum: 127.1]
      [Update RS (ms): Min: 0.0, Avg: 1.6, Max: 2.8, Diff: 2.8, Sum: 29.6]
         [Processed Buffers: Min: 0, Avg: 7.9, Max: 21, Diff: 21, Sum: 142]
      [Scan RS (ms): Min: 0.2, Avg: 0.7, Max: 1.1, Diff: 0.9, Sum: 13.3]
      [Object Copy (ms): Min: 7.4, Avg: 9.4, Max: 10.1, Diff: 2.7, Sum: 169.8]
      [Termination (ms): Min: 0.1, Avg: 0.6, Max: 0.7, Diff: 0.7, Sum: 10.9]
      [GC Worker Other (ms): Min: 0.0, Avg: 0.2, Max: 0.3, Diff: 0.3, Sum: 2.8]
      [GC Worker Total (ms): Min: 19.4, Avg: 19.6, Max: 19.9, Diff: 0.5, Sum: 353.6]
      [GC Worker End (ms): Min: 5224216.8, Avg: 5224216.9, Max: 5224217.1, Diff: 0.3]
   [Code Root Fixup: 0.0 ms]
   [Clear CT: 3.0 ms]
   [Other: 15.6 ms]
      [Choose CSet: 0.0 ms]
      [Ref Proc: 8.2 ms]
      [Ref Enq: 1.6 ms]
      [Free CSet: 5.2 ms]
   [Eden: 1744.0M(1744.0M)->0.0B(1724.0M) Survivors: 12.0M->22.0M Heap: 1983.0M(2252.0M)->249.0M(2252.0M)]
 [Times: user=0.41 sys=0.01, real=0.04 secs] 

 Concurrent RS processed 4135733 cards
  Of 127561 completed buffers:
       127561 (100.0%) by conc RS threads.
            0 (  0.0%) by mutator threads.
  Conc RS threads times(s)
          0.00     0.00     0.00     0.00     0.00     0.00     0.00     0.00     0.00     0.00     0.00     0.00     0.00     0.00     0.00     0.00     0.00     0.00     0.00
  Total heap region rem set sizes = 6633K.  Max = 33K.
  Static structures = 369K, free_lists = 304K.
    364632 occupied cards represented.
    Max size region = 0:(O)[0x0000000763400000,0x00000007634ffff0,0x0000000763500000], size = 34K, occupied = 96K.
    Did 6163 coarsenings.
2014-08-01T10:23:31.120-0500: 5231.563: [GC pause (young) 5231.563: [G1Ergonomics (CSet Construction) start choosing CSet, _pending_cards: 5752, predicted base time: 28.59 ms, remaining time: 71.41 ms, target pause time: 100.00 ms]
 5231.563: [G1Ergonomics (CSet Construction) add young regions to CSet, eden: 1724 regions, survivors: 22 regions, predicted young region time: 25.92 ms]
 5231.563: [G1Ergonomics (CSet Construction) finish choosing CSet, eden: 1724 regions, survivors: 22 regions, old: 0 regions, predicted pause time: 54.51 ms, target pause time: 100.00 ms]
, 0.0382940 secs]
   [Parallel Time: 23.5 ms, GC Workers: 18]
      [GC Worker Start (ms): Min: 5231563.2, Avg: 5231563.4, Max: 5231563.6, Diff: 0.3]
      [Ext Root Scanning (ms): Min: 4.7, Avg: 6.8, Max: 11.4, Diff: 6.7, Sum: 122.3]
      [Update RS (ms): Min: 0.0, Avg: 1.6, Max: 3.5, Diff: 3.5, Sum: 28.7]
         [Processed Buffers: Min: 0, Avg: 7.7, Max: 28, Diff: 28, Sum: 139]
      [Scan RS (ms): Min: 0.2, Avg: 0.8, Max: 1.0, Diff: 0.8, Sum: 14.1]
      [Object Copy (ms): Min: 8.3, Avg: 10.9, Max: 13.0, Diff: 4.7, Sum: 195.6]
      [Termination (ms): Min: 0.0, Avg: 2.1, Max: 2.3, Diff: 2.3, Sum: 37.1]
      [GC Worker Other (ms): Min: 0.1, Avg: 0.4, Max: 0.8, Diff: 0.7, Sum: 7.2]
      [GC Worker Total (ms): Min: 22.1, Avg: 22.5, Max: 23.0, Diff: 1.0, Sum: 404.9]
      [GC Worker End (ms): Min: 5231585.5, Avg: 5231585.9, Max: 5231586.3, Diff: 0.7]
   [Code Root Fixup: 0.0 ms]
   [Clear CT: 2.0 ms]
   [Other: 12.8 ms]
      [Choose CSet: 0.0 ms]
      [Ref Proc: 6.9 ms]
      [Ref Enq: 0.4 ms]
      [Free CSet: 4.8 ms]
   [Eden: 1724.0M(1724.0M)->0.0B(1730.0M) Survivors: 22.0M->19.0M Heap: 1973.0M(2252.0M)->245.9M(2252.0M)]
 [Times: user=0.44 sys=0.01, real=0.04 secs] 

 Concurrent RS processed 4138129 cards
  Of 127700 completed buffers:
       127700 (100.0%) by conc RS threads.
            0 (  0.0%) by mutator threads.
  Conc RS threads times(s)
          0.00     0.00     0.00     0.00     0.00     0.00     0.00     0.00     0.00     0.00     0.00     0.00     0.00     0.00     0.00     0.00     0.00     0.00     0.00
  Total heap region rem set sizes = 6634K.  Max = 33K.
  Static structures = 369K, free_lists = 304K.
    364941 occupied cards represented.
    Max size region = 0:(O)[0x0000000763400000,0x00000007634ffff0,0x0000000763500000], size = 34K, occupied = 96K.
    Did 6163 coarsenings.
2014-08-01T10:23:38.299-0500: 5238.742: [GC pause (young) 5238.742: [G1Ergonomics (CSet Construction) start choosing CSet, _pending_cards: 5782, predicted base time: 26.56 ms, remaining time: 73.44 ms, target pause time: 100.00 ms]
 5238.742: [G1Ergonomics (CSet Construction) add young regions to CSet, eden: 1730 regions, survivors: 19 regions, predicted young region time: 19.44 ms]
 5238.742: [G1Ergonomics (CSet Construction) finish choosing CSet, eden: 1730 regions, survivors: 19 regions, old: 0 regions, predicted pause time: 46.00 ms, target pause time: 100.00 ms]
, 0.0420550 secs]
   [Parallel Time: 26.0 ms, GC Workers: 18]
      [GC Worker Start (ms): Min: 5238742.7, Avg: 5238742.9, Max: 5238743.1, Diff: 0.4]
      [Ext Root Scanning (ms): Min: 4.9, Avg: 6.3, Max: 10.4, Diff: 5.5, Sum: 113.9]
      [Update RS (ms): Min: 0.0, Avg: 1.6, Max: 3.1, Diff: 3.1, Sum: 29.6]
         [Processed Buffers: Min: 0, Avg: 8.0, Max: 22, Diff: 22, Sum: 144]
      [Scan RS (ms): Min: 0.2, Avg: 0.8, Max: 1.0, Diff: 0.8, Sum: 13.5]
      [Object Copy (ms): Min: 9.8, Avg: 12.1, Max: 16.4, Diff: 6.6, Sum: 217.7]
      [Termination (ms): Min: 0.1, Avg: 4.4, Max: 5.1, Diff: 4.9, Sum: 78.4]
      [GC Worker Other (ms): Min: 0.0, Avg: 0.2, Max: 0.5, Diff: 0.4, Sum: 3.4]
      [GC Worker Total (ms): Min: 25.0, Avg: 25.4, Max: 25.7, Diff: 0.7, Sum: 456.5]
      [GC Worker End (ms): Min: 5238768.1, Avg: 5238768.2, Max: 5238768.6, Diff: 0.5]
   [Code Root Fixup: 0.0 ms]
   [Clear CT: 1.8 ms]
   [Other: 14.2 ms]
      [Choose CSet: 0.0 ms]
      [Ref Proc: 6.6 ms]
      [Ref Enq: 0.5 ms]
      [Free CSet: 6.4 ms]
   [Eden: 1730.0M(1730.0M)->0.0B(1732.0M) Survivors: 19.0M->18.0M Heap: 1975.9M(2252.0M)->245.4M(2252.0M)]
 [Times: user=0.49 sys=0.01, real=0.04 secs] 

 Concurrent RS processed 4140598 cards
  Of 127844 completed buffers:
       127844 (100.0%) by conc RS threads.
            0 (  0.0%) by mutator threads.
  Conc RS threads times(s)
          0.00     0.00     0.00     0.00     0.00     0.00     0.00     0.00     0.00     0.00     0.00     0.00     0.00     0.00     0.00     0.00     0.00     0.00     0.00
  Total heap region rem set sizes = 6635K.  Max = 33K.
  Static structures = 369K, free_lists = 304K.
    365296 occupied cards represented.
    Max size region = 0:(O)[0x0000000763400000,0x00000007634ffff0,0x0000000763500000], size = 34K, occupied = 96K.
    Did 6163 coarsenings.
2014-08-01T10:23:45.572-0500: 5246.016: [GC pause (young) 5246.016: [G1Ergonomics (CSet Construction) start choosing CSet, _pending_cards: 5998, predicted base time: 24.76 ms, remaining time: 75.24 ms, target pause time: 100.00 ms]
 5246.016: [G1Ergonomics (CSet Construction) add young regions to CSet, eden: 1732 regions, survivors: 18 regions, predicted young region time: 20.84 ms]
 5246.016: [G1Ergonomics (CSet Construction) finish choosing CSet, eden: 1732 regions, survivors: 18 regions, old: 0 regions, predicted pause time: 45.60 ms, target pause time: 100.00 ms]
, 0.0465720 secs]
   [Parallel Time: 24.3 ms, GC Workers: 18]
      [GC Worker Start (ms): Min: 5246016.1, Avg: 5246016.3, Max: 5246016.5, Diff: 0.3]
      [Ext Root Scanning (ms): Min: 5.3, Avg: 6.8, Max: 11.3, Diff: 6.0, Sum: 121.5]
      [Update RS (ms): Min: 0.0, Avg: 1.5, Max: 2.9, Diff: 2.9, Sum: 26.3]
         [Processed Buffers: Min: 0, Avg: 8.0, Max: 23, Diff: 23, Sum: 144]
      [Scan RS (ms): Min: 0.2, Avg: 0.7, Max: 1.0, Diff: 0.8, Sum: 13.2]
      [Object Copy (ms): Min: 6.2, Avg: 9.1, Max: 14.9, Diff: 8.7, Sum: 164.6]
      [Termination (ms): Min: 0.0, Avg: 5.6, Max: 6.0, Diff: 6.0, Sum: 101.1]
      [GC Worker Other (ms): Min: 0.0, Avg: 0.2, Max: 0.4, Diff: 0.3, Sum: 3.1]
      [GC Worker Total (ms): Min: 23.6, Avg: 23.9, Max: 24.2, Diff: 0.6, Sum: 429.7]
      [GC Worker End (ms): Min: 5246040.0, Avg: 5246040.2, Max: 5246040.4, Diff: 0.3]
   [Code Root Fixup: 0.0 ms]
   [Clear CT: 1.9 ms]
   [Other: 20.4 ms]
      [Choose CSet: 0.0 ms]
      [Ref Proc: 14.0 ms]
      [Ref Enq: 0.5 ms]
      [Free CSet: 5.1 ms]
   [Eden: 1732.0M(1732.0M)->0.0B(1746.0M) Survivors: 18.0M->11.0M Heap: 1977.4M(2252.0M)->238.6M(2252.0M)]
 [Times: user=0.49 sys=0.00, real=0.05 secs] 

 Concurrent RS processed 4143027 cards
  Of 127988 completed buffers:
       127988 (100.0%) by conc RS threads.
            0 (  0.0%) by mutator threads.
  Conc RS threads times(s)
          0.00     0.00     0.00     0.00     0.00     0.00     0.00     0.00     0.00     0.00     0.00     0.00     0.00     0.00     0.00     0.00     0.00     0.00     0.00
  Total heap region rem set sizes = 6636K.  Max = 33K.
  Static structures = 369K, free_lists = 303K.
    365608 occupied cards represented.
    Max size region = 0:(O)[0x0000000763400000,0x00000007634ffff0,0x0000000763500000], size = 34K, occupied = 96K.
    Did 6163 coarsenings.
2014-08-01T10:23:52.568-0500: 5253.012: [GC pause (young) 5253.012: [G1Ergonomics (CSet Construction) start choosing CSet, _pending_cards: 5716, predicted base time: 25.49 ms, remaining time: 74.51 ms, target pause time: 100.00 ms]
 5253.012: [G1Ergonomics (CSet Construction) add young regions to CSet, eden: 1746 regions, survivors: 11 regions, predicted young region time: 12.20 ms]
 5253.012: [G1Ergonomics (CSet Construction) finish choosing CSet, eden: 1746 regions, survivors: 11 regions, old: 0 regions, predicted pause time: 37.69 ms, target pause time: 100.00 ms]
, 0.0363970 secs]
   [Parallel Time: 21.0 ms, GC Workers: 18]
      [GC Worker Start (ms): Min: 5253012.0, Avg: 5253012.2, Max: 5253012.3, Diff: 0.3]
      [Ext Root Scanning (ms): Min: 7.0, Avg: 8.0, Max: 10.4, Diff: 3.4, Sum: 143.2]
      [Update RS (ms): Min: 0.0, Avg: 2.4, Max: 10.5, Diff: 10.5, Sum: 42.6]
         [Processed Buffers: Min: 0, Avg: 7.6, Max: 34, Diff: 34, Sum: 137]
      [Scan RS (ms): Min: 0.2, Avg: 0.8, Max: 1.4, Diff: 1.1, Sum: 14.8]
      [Object Copy (ms): Min: 1.7, Avg: 7.9, Max: 11.0, Diff: 9.3, Sum: 142.9]
      [Termination (ms): Min: 0.0, Avg: 0.8, Max: 1.3, Diff: 1.3, Sum: 14.4]
      [GC Worker Other (ms): Min: 0.0, Avg: 0.2, Max: 0.4, Diff: 0.3, Sum: 3.2]
      [GC Worker Total (ms): Min: 19.8, Avg: 20.1, Max: 20.4, Diff: 0.7, Sum: 361.1]
      [GC Worker End (ms): Min: 5253032.0, Avg: 5253032.2, Max: 5253032.6, Diff: 0.5]
   [Code Root Fixup: 0.0 ms]
   [Clear CT: 1.8 ms]
   [Other: 13.7 ms]
      [Choose CSet: 0.0 ms]
      [Ref Proc: 7.2 ms]
      [Ref Enq: 0.5 ms]
      [Free CSet: 5.3 ms]
   [Eden: 1746.0M(1746.0M)->0.0B(1735.0M) Survivors: 11.0M->16.0M Heap: 1984.6M(2252.0M)->243.3M(2252.0M)]
 [Times: user=0.38 sys=0.01, real=0.03 secs] 

 Concurrent RS processed 4145486 cards
  Of 128125 completed buffers:
       128125 (100.0%) by conc RS threads.
            0 (  0.0%) by mutator threads.
  Conc RS threads times(s)
          0.00     0.00     0.00     0.00     0.00     0.00     0.00     0.00     0.00     0.00     0.00     0.00     0.00     0.00     0.00     0.00     0.00     0.00     0.00
  Total heap region rem set sizes = 6636K.  Max = 33K.
  Static structures = 369K, free_lists = 303K.
    365922 occupied cards represented.
    Max size region = 0:(O)[0x0000000763400000,0x00000007634ffff0,0x0000000763500000], size = 34K, occupied = 96K.
    Did 6163 coarsenings.
2014-08-01T10:23:59.689-0500: 5260.133: [GC pause (young) 5260.133: [G1Ergonomics (CSet Construction) start choosing CSet, _pending_cards: 5480, predicted base time: 24.66 ms, remaining time: 75.34 ms, target pause time: 100.00 ms]
 5260.133: [G1Ergonomics (CSet Construction) add young regions to CSet, eden: 1735 regions, survivors: 16 regions, predicted young region time: 18.50 ms]
 5260.133: [G1Ergonomics (CSet Construction) finish choosing CSet, eden: 1735 regions, survivors: 16 regions, old: 0 regions, predicted pause time: 43.16 ms, target pause time: 100.00 ms]
, 0.0402970 secs]
   [Parallel Time: 24.4 ms, GC Workers: 18]
      [GC Worker Start (ms): Min: 5260132.9, Avg: 5260133.1, Max: 5260133.3, Diff: 0.3]
      [Ext Root Scanning (ms): Min: 6.4, Avg: 7.7, Max: 11.6, Diff: 5.2, Sum: 137.9]
      [Update RS (ms): Min: 0.0, Avg: 1.6, Max: 4.1, Diff: 4.1, Sum: 29.7]
         [Processed Buffers: Min: 0, Avg: 7.7, Max: 27, Diff: 27, Sum: 139]
      [Scan RS (ms): Min: 0.2, Avg: 0.9, Max: 2.0, Diff: 1.8, Sum: 15.9]
      [Object Copy (ms): Min: 8.7, Avg: 10.4, Max: 14.6, Diff: 5.9, Sum: 188.0]
      [Termination (ms): Min: 0.0, Avg: 3.0, Max: 3.3, Diff: 3.3, Sum: 54.8]
      [GC Worker Other (ms): Min: 0.0, Avg: 0.2, Max: 0.4, Diff: 0.3, Sum: 3.1]
      [GC Worker Total (ms): Min: 23.6, Avg: 23.9, Max: 24.1, Diff: 0.5, Sum: 429.4]
      [GC Worker End (ms): Min: 5260156.8, Avg: 5260157.0, Max: 5260157.1, Diff: 0.3]
   [Code Root Fixup: 0.0 ms]
   [Clear CT: 2.3 ms]
   [Other: 13.5 ms]
      [Choose CSet: 0.0 ms]
      [Ref Proc: 6.6 ms]
      [Ref Enq: 0.8 ms]
      [Free CSet: 5.4 ms]
   [Eden: 1735.0M(1735.0M)->0.0B(1739.0M) Survivors: 16.0M->14.0M Heap: 1978.3M(2252.0M)->241.2M(2252.0M)]
 [Times: user=0.46 sys=0.00, real=0.04 secs] 

 Concurrent RS processed 4148029 cards
  Of 128264 completed buffers:
       128264 (100.0%) by conc RS threads.
            0 (  0.0%) by mutator threads.
  Conc RS threads times(s)
          0.00     0.00     0.00     0.00     0.00     0.00     0.00     0.00     0.00     0.00     0.00     0.00     0.00     0.00     0.00     0.00     0.00     0.00     0.00
  Total heap region rem set sizes = 6639K.  Max = 33K.
  Static structures = 369K, free_lists = 302K.
    366311 occupied cards represented.
    Max size region = 0:(O)[0x0000000763400000,0x00000007634ffff0,0x0000000763500000], size = 34K, occupied = 96K.
    Did 6163 coarsenings.
2014-08-01T10:24:07.158-0500: 5267.602: [GC pause (young) 5267.602: [G1Ergonomics (CSet Construction) start choosing CSet, _pending_cards: 5467, predicted base time: 23.69 ms, remaining time: 76.31 ms, target pause time: 100.00 ms]
 5267.602: [G1Ergonomics (CSet Construction) add young regions to CSet, eden: 1739 regions, survivors: 14 regions, predicted young region time: 15.81 ms]
 5267.602: [G1Ergonomics (CSet Construction) finish choosing CSet, eden: 1739 regions, survivors: 14 regions, old: 0 regions, predicted pause time: 39.51 ms, target pause time: 100.00 ms]
, 0.0414510 secs]
   [Parallel Time: 25.8 ms, GC Workers: 18]
      [GC Worker Start (ms): Min: 5267602.1, Avg: 5267602.3, Max: 5267602.4, Diff: 0.3]
      [Ext Root Scanning (ms): Min: 5.5, Avg: 6.9, Max: 11.4, Diff: 5.9, Sum: 124.4]
      [Update RS (ms): Min: 0.0, Avg: 1.8, Max: 4.0, Diff: 4.0, Sum: 31.6]
         [Processed Buffers: Min: 0, Avg: 7.9, Max: 30, Diff: 30, Sum: 142]
      [Scan RS (ms): Min: 0.1, Avg: 0.8, Max: 1.2, Diff: 1.0, Sum: 13.5]
      [Object Copy (ms): Min: 4.9, Avg: 7.9, Max: 15.4, Diff: 10.4, Sum: 142.3]
      [Termination (ms): Min: 0.0, Avg: 7.9, Max: 8.7, Diff: 8.7, Sum: 142.7]
      [GC Worker Other (ms): Min: 0.0, Avg: 0.2, Max: 0.3, Diff: 0.3, Sum: 2.9]
      [GC Worker Total (ms): Min: 25.2, Avg: 25.4, Max: 25.7, Diff: 0.5, Sum: 457.6]
      [GC Worker End (ms): Min: 5267627.5, Avg: 5267627.7, Max: 5267627.8, Diff: 0.3]
   [Code Root Fixup: 0.0 ms]
   [Clear CT: 1.9 ms]
   [Other: 13.8 ms]
      [Choose CSet: 0.0 ms]
      [Ref Proc: 7.5 ms]
      [Ref Enq: 0.4 ms]
      [Free CSet: 5.2 ms]
   [Eden: 1739.0M(1739.0M)->0.0B(1727.0M) Survivors: 14.0M->20.0M Heap: 1980.2M(2252.0M)->247.2M(2252.0M)]
 [Times: user=0.50 sys=0.01, real=0.04 secs] 

 Concurrent RS processed 4150510 cards
  Of 128406 completed buffers:
       128406 (100.0%) by conc RS threads.
            0 (  0.0%) by mutator threads.
  Conc RS threads times(s)
          0.00     0.00     0.00     0.00     0.00     0.00     0.00     0.00     0.00     0.00     0.00     0.00     0.00     0.00     0.00     0.00     0.00     0.00     0.00
  Total heap region rem set sizes = 6641K.  Max = 33K.
  Static structures = 369K, free_lists = 301K.
    366769 occupied cards represented.
    Max size region = 0:(O)[0x0000000763400000,0x00000007634ffff0,0x0000000763500000], size = 34K, occupied = 97K.
    Did 6163 coarsenings.
2014-08-01T10:24:13.960-0500: 5274.403: [GC pause (young) 5274.403: [G1Ergonomics (CSet Construction) start choosing CSet, _pending_cards: 5508, predicted base time: 22.77 ms, remaining time: 77.23 ms, target pause time: 100.00 ms]
 5274.403: [G1Ergonomics (CSet Construction) add young regions to CSet, eden: 1727 regions, survivors: 20 regions, predicted young region time: 11.67 ms]
 5274.403: [G1Ergonomics (CSet Construction) finish choosing CSet, eden: 1727 regions, survivors: 20 regions, old: 0 regions, predicted pause time: 34.44 ms, target pause time: 100.00 ms]
, 0.0340570 secs]
   [Parallel Time: 19.6 ms, GC Workers: 18]
      [GC Worker Start (ms): Min: 5274403.3, Avg: 5274403.5, Max: 5274403.6, Diff: 0.3]
      [Ext Root Scanning (ms): Min: 3.7, Avg: 5.7, Max: 10.7, Diff: 7.0, Sum: 102.0]
      [Update RS (ms): Min: 0.0, Avg: 1.1, Max: 2.9, Diff: 2.9, Sum: 19.1]
         [Processed Buffers: Min: 0, Avg: 7.4, Max: 34, Diff: 34, Sum: 133]
      [Scan RS (ms): Min: 0.2, Avg: 1.1, Max: 8.0, Diff: 7.8, Sum: 19.3]
      [Object Copy (ms): Min: 0.1, Avg: 6.8, Max: 11.0, Diff: 10.8, Sum: 123.3]
      [Termination (ms): Min: 0.0, Avg: 4.5, Max: 5.3, Diff: 5.3, Sum: 80.2]
      [GC Worker Other (ms): Min: 0.0, Avg: 0.2, Max: 0.3, Diff: 0.3, Sum: 3.1]
      [GC Worker Total (ms): Min: 19.1, Avg: 19.3, Max: 19.5, Diff: 0.4, Sum: 347.0]
      [GC Worker End (ms): Min: 5274422.6, Avg: 5274422.8, Max: 5274422.9, Diff: 0.3]
   [Code Root Fixup: 0.0 ms]
   [Clear CT: 1.5 ms]
   [Other: 13.0 ms]
      [Choose CSet: 0.0 ms]
      [Ref Proc: 6.9 ms]
      [Ref Enq: 0.4 ms]
      [Free CSet: 5.1 ms]
   [Eden: 1727.0M(1727.0M)->0.0B(1741.0M) Survivors: 20.0M->13.0M Heap: 1974.2M(2252.0M)->240.6M(2252.0M)]
 [Times: user=0.38 sys=0.00, real=0.03 secs] 

 Concurrent RS processed 4153081 cards
  Of 128539 completed buffers:
       128539 (100.0%) by conc RS threads.
            0 (  0.0%) by mutator threads.
  Conc RS threads times(s)
          0.00     0.00     0.00     0.00     0.00     0.00     0.00     0.00     0.00     0.00     0.00     0.00     0.00     0.00     0.00     0.00     0.00     0.00     0.00
  Total heap region rem set sizes = 6642K.  Max = 33K.
  Static structures = 369K, free_lists = 301K.
    367199 occupied cards represented.
    Max size region = 0:(O)[0x0000000763400000,0x00000007634ffff0,0x0000000763500000], size = 34K, occupied = 97K.
    Did 6163 coarsenings.
2014-08-01T10:24:20.988-0500: 5281.431: [GC pause (young) 5281.431: [G1Ergonomics (CSet Construction) start choosing CSet, _pending_cards: 5455, predicted base time: 21.36 ms, remaining time: 78.64 ms, target pause time: 100.00 ms]
 5281.431: [G1Ergonomics (CSet Construction) add young regions to CSet, eden: 1741 regions, survivors: 13 regions, predicted young region time: 15.18 ms]
 5281.431: [G1Ergonomics (CSet Construction) finish choosing CSet, eden: 1741 regions, survivors: 13 regions, old: 0 regions, predicted pause time: 36.54 ms, target pause time: 100.00 ms]
, 0.0445560 secs]
   [Parallel Time: 21.6 ms, GC Workers: 18]
      [GC Worker Start (ms): Min: 5281431.3, Avg: 5281431.5, Max: 5281431.7, Diff: 0.4]
      [Ext Root Scanning (ms): Min: 6.0, Avg: 7.7, Max: 12.3, Diff: 6.3, Sum: 137.8]
      [Update RS (ms): Min: 0.0, Avg: 2.1, Max: 9.1, Diff: 9.1, Sum: 37.6]
         [Processed Buffers: Min: 0, Avg: 7.9, Max: 23, Diff: 23, Sum: 142]
      [Scan RS (ms): Min: 0.2, Avg: 0.8, Max: 1.1, Diff: 0.9, Sum: 14.9]
      [Object Copy (ms): Min: 4.5, Avg: 10.1, Max: 11.1, Diff: 6.6, Sum: 182.2]
      [Termination (ms): Min: 0.0, Avg: 0.0, Max: 0.0, Diff: 0.0, Sum: 0.5]
      [GC Worker Other (ms): Min: 0.0, Avg: 0.3, Max: 0.5, Diff: 0.4, Sum: 4.5]
      [GC Worker Total (ms): Min: 20.6, Avg: 21.0, Max: 21.2, Diff: 0.6, Sum: 377.6]
      [GC Worker End (ms): Min: 5281452.3, Avg: 5281452.5, Max: 5281452.7, Diff: 0.4]
   [Code Root Fixup: 0.0 ms]
   [Clear CT: 1.9 ms]
   [Other: 21.1 ms]
      [Choose CSet: 0.0 ms]
      [Ref Proc: 14.2 ms]
      [Ref Enq: 0.7 ms]
      [Free CSet: 5.4 ms]
   [Eden: 1741.0M(1741.0M)->0.0B(1721.0M) Survivors: 13.0M->23.0M Heap: 1981.6M(2252.0M)->250.7M(2252.0M)]
 [Times: user=0.54 sys=0.01, real=0.05 secs] 

 Concurrent RS processed 4155572 cards
  Of 128681 completed buffers:
       128681 (100.0%) by conc RS threads.
            0 (  0.0%) by mutator threads.
  Conc RS threads times(s)
          0.00     0.00     0.00     0.00     0.00     0.00     0.00     0.00     0.00     0.00     0.00     0.00     0.00     0.00     0.00     0.00     0.00     0.00     0.00
  Total heap region rem set sizes = 6642K.  Max = 33K.
  Static structures = 369K, free_lists = 301K.
    367551 occupied cards represented.
    Max size region = 0:(O)[0x0000000763400000,0x00000007634ffff0,0x0000000763500000], size = 34K, occupied = 97K.
    Did 6163 coarsenings.
2014-08-01T10:24:28.041-0500: 5288.485: [GC pause (young) 5288.485: [G1Ergonomics (CSet Construction) start choosing CSet, _pending_cards: 6225, predicted base time: 24.55 ms, remaining time: 75.45 ms, target pause time: 100.00 ms]
 5288.485: [G1Ergonomics (CSet Construction) add young regions to CSet, eden: 1721 regions, survivors: 23 regions, predicted young region time: 23.12 ms]
 5288.485: [G1Ergonomics (CSet Construction) finish choosing CSet, eden: 1721 regions, survivors: 23 regions, old: 0 regions, predicted pause time: 47.67 ms, target pause time: 100.00 ms]
, 0.0409830 secs]
   [Parallel Time: 24.2 ms, GC Workers: 18]
      [GC Worker Start (ms): Min: 5288484.9, Avg: 5288485.0, Max: 5288485.2, Diff: 0.3]
      [Ext Root Scanning (ms): Min: 6.1, Avg: 7.5, Max: 11.7, Diff: 5.5, Sum: 134.6]
      [Update RS (ms): Min: 0.0, Avg: 1.8, Max: 3.8, Diff: 3.8, Sum: 32.1]
         [Processed Buffers: Min: 0, Avg: 7.4, Max: 18, Diff: 18, Sum: 133]
      [Scan RS (ms): Min: 0.2, Avg: 0.9, Max: 1.5, Diff: 1.2, Sum: 15.8]
      [Object Copy (ms): Min: 10.4, Avg: 12.1, Max: 15.4, Diff: 5.0, Sum: 218.3]
      [Termination (ms): Min: 0.0, Avg: 0.2, Max: 0.2, Diff: 0.2, Sum: 2.9]
      [GC Worker Other (ms): Min: 0.1, Avg: 0.7, Max: 1.5, Diff: 1.4, Sum: 12.5]
      [GC Worker Total (ms): Min: 22.4, Avg: 23.1, Max: 23.9, Diff: 1.5, Sum: 416.3]
      [GC Worker End (ms): Min: 5288507.5, Avg: 5288508.2, Max: 5288508.9, Diff: 1.4]
   [Code Root Fixup: 0.0 ms]
   [Clear CT: 2.0 ms]
   [Other: 14.8 ms]
      [Choose CSet: 0.0 ms]
      [Ref Proc: 8.7 ms]
      [Ref Enq: 0.5 ms]
      [Free CSet: 4.9 ms]
   [Eden: 1721.0M(1721.0M)->0.0B(1731.0M) Survivors: 23.0M->18.0M Heap: 1971.7M(2252.0M)->245.6M(2252.0M)]
 [Times: user=0.46 sys=0.00, real=0.05 secs] 

 Concurrent RS processed 4158049 cards
  Of 128814 completed buffers:
       128814 (100.0%) by conc RS threads.
            0 (  0.0%) by mutator threads.
  Conc RS threads times(s)
          0.00     0.00     0.00     0.00     0.00     0.00     0.00     0.00     0.00     0.00     0.00     0.00     0.00     0.00     0.00     0.00     0.00     0.00     0.00
  Total heap region rem set sizes = 6643K.  Max = 33K.
  Static structures = 369K, free_lists = 301K.
    367848 occupied cards represented.
    Max size region = 0:(O)[0x0000000763400000,0x00000007634ffff0,0x0000000763500000], size = 34K, occupied = 97K.
    Did 6163 coarsenings.
2014-08-01T10:24:34.151-0500: 5294.595: [GC pause (young) 5294.595: [G1Ergonomics (CSet Construction) start choosing CSet, _pending_cards: 119187, predicted base time: 61.46 ms, remaining time: 38.54 ms, target pause time: 100.00 ms]
 5294.595: [G1Ergonomics (CSet Construction) add young regions to CSet, eden: 1558 regions, survivors: 18 regions, predicted young region time: 60.98 ms]
 5294.595: [G1Ergonomics (CSet Construction) finish choosing CSet, eden: 1558 regions, survivors: 18 regions, old: 0 regions, predicted pause time: 122.43 ms, target pause time: 100.00 ms]
, 0.0707630 secs]
   [Parallel Time: 50.8 ms, GC Workers: 18]
      [GC Worker Start (ms): Min: 5294595.2, Avg: 5294595.3, Max: 5294595.5, Diff: 0.3]
      [Ext Root Scanning (ms): Min: 5.2, Avg: 6.9, Max: 12.5, Diff: 7.3, Sum: 123.7]
      [Update RS (ms): Min: 21.0, Avg: 25.5, Max: 33.4, Diff: 12.3, Sum: 458.3]
         [Processed Buffers: Min: 17, Avg: 33.9, Max: 46, Diff: 29, Sum: 611]
      [Scan RS (ms): Min: 0.2, Avg: 1.2, Max: 1.7, Diff: 1.5, Sum: 21.7]
      [Object Copy (ms): Min: 2.7, Avg: 10.2, Max: 15.7, Diff: 13.0, Sum: 182.9]
      [Termination (ms): Min: 0.0, Avg: 4.8, Max: 7.2, Diff: 7.2, Sum: 86.8]
      [GC Worker Other (ms): Min: 0.0, Avg: 1.1, Max: 2.2, Diff: 2.2, Sum: 19.7]
      [GC Worker Total (ms): Min: 48.3, Avg: 49.6, Max: 50.5, Diff: 2.1, Sum: 893.0]
      [GC Worker End (ms): Min: 5294643.7, Avg: 5294644.9, Max: 5294645.9, Diff: 2.2]
   [Code Root Fixup: 0.0 ms]
   [Clear CT: 2.0 ms]
   [Other: 17.9 ms]
      [Choose CSet: 0.0 ms]
      [Ref Proc: 11.7 ms]
      [Ref Enq: 0.4 ms]
      [Free CSet: 5.1 ms]
   [Eden: 1558.0M(1558.0M)->0.0B(1605.0M) Survivors: 18.0M->23.0M Heap: 1895.6M(2252.0M)->342.5M(2252.0M)]
 [Times: user=0.87 sys=0.01, real=0.07 secs] 

 Concurrent RS processed 4244749 cards
  Of 129721 completed buffers:
       129721 (100.0%) by conc RS threads.
            0 (  0.0%) by mutator threads.
  Conc RS threads times(s)
          0.00     0.00     0.00     0.00     0.00     0.00     0.00     0.00     0.00     0.00     0.00     0.00     0.00     0.00     0.00     0.00     0.00     0.00     0.00
  Total heap region rem set sizes = 6433K.  Max = 33K.
  Static structures = 369K, free_lists = 301K.
    368210 occupied cards represented.
    Max size region = 0:(O)[0x0000000763400000,0x00000007634ffff0,0x0000000763500000], size = 34K, occupied = 97K.
    Did 6163 coarsenings.
2014-08-01T10:24:40.852-0500: 5301.296: [GC pause (young) 5301.296: [G1Ergonomics (CSet Construction) start choosing CSet, _pending_cards: 4981, predicted base time: 24.58 ms, remaining time: 75.42 ms, target pause time: 100.00 ms]
 5301.296: [G1Ergonomics (CSet Construction) add young regions to CSet, eden: 1605 regions, survivors: 23 regions, predicted young region time: 11.99 ms]
 5301.296: [G1Ergonomics (CSet Construction) finish choosing CSet, eden: 1605 regions, survivors: 23 regions, old: 0 regions, predicted pause time: 36.56 ms, target pause time: 100.00 ms]
, 0.0329870 secs]
   [Parallel Time: 18.2 ms, GC Workers: 18]
      [GC Worker Start (ms): Min: 5301295.9, Avg: 5301296.1, Max: 5301296.2, Diff: 0.3]
      [Ext Root Scanning (ms): Min: 5.5, Avg: 6.7, Max: 11.6, Diff: 6.1, Sum: 120.0]
      [Update RS (ms): Min: 0.0, Avg: 1.4, Max: 2.5, Diff: 2.5, Sum: 25.9]
         [Processed Buffers: Min: 0, Avg: 7.9, Max: 22, Diff: 22, Sum: 142]
      [Scan RS (ms): Min: 0.2, Avg: 0.7, Max: 1.0, Diff: 0.7, Sum: 12.6]
      [Object Copy (ms): Min: 5.4, Avg: 8.7, Max: 9.2, Diff: 3.7, Sum: 155.9]
      [Termination (ms): Min: 0.0, Avg: 0.1, Max: 0.1, Diff: 0.1, Sum: 0.9]
      [GC Worker Other (ms): Min: 0.0, Avg: 0.2, Max: 0.4, Diff: 0.4, Sum: 4.2]
      [GC Worker Total (ms): Min: 17.4, Avg: 17.8, Max: 18.1, Diff: 0.6, Sum: 319.6]
      [GC Worker End (ms): Min: 5301313.6, Avg: 5301313.8, Max: 5301314.0, Diff: 0.4]
   [Code Root Fixup: 0.0 ms]
   [Clear CT: 1.9 ms]
   [Other: 12.9 ms]
      [Choose CSet: 0.0 ms]
      [Ref Proc: 6.3 ms]
      [Ref Enq: 0.5 ms]
      [Free CSet: 5.5 ms]
   [Eden: 1605.0M(1605.0M)->0.0B(1619.0M) Survivors: 23.0M->16.0M Heap: 1947.5M(2252.0M)->335.7M(2252.0M)]
 [Times: user=0.38 sys=0.00, real=0.04 secs] 

 Concurrent RS processed 4247126 cards
  Of 129863 completed buffers:
       129863 (100.0%) by conc RS threads.
            0 (  0.0%) by mutator threads.
  Conc RS threads times(s)
          0.00     0.00     0.00     0.00     0.00     0.00     0.00     0.00     0.00     0.00     0.00     0.00     0.00     0.00     0.00     0.00     0.00     0.00     0.00
  Total heap region rem set sizes = 6434K.  Max = 33K.
  Static structures = 369K, free_lists = 300K.
    368530 occupied cards represented.
    Max size region = 0:(O)[0x0000000763400000,0x00000007634ffff0,0x0000000763500000], size = 34K, occupied = 97K.
    Did 6163 coarsenings.
2014-08-01T10:24:47.130-0500: 5307.573: [GC pause (young) 5307.573: [G1Ergonomics (CSet Construction) start choosing CSet, _pending_cards: 87280, predicted base time: 48.10 ms, remaining time: 51.90 ms, target pause time: 100.00 ms]
 5307.573: [G1Ergonomics (CSet Construction) add young regions to CSet, eden: 1560 regions, survivors: 16 regions, predicted young region time: 55.27 ms]
 5307.573: [G1Ergonomics (CSet Construction) finish choosing CSet, eden: 1560 regions, survivors: 16 regions, old: 0 regions, predicted pause time: 103.37 ms, target pause time: 100.00 ms]
, 0.0735780 secs]
   [Parallel Time: 55.1 ms, GC Workers: 18]
      [GC Worker Start (ms): Min: 5307573.6, Avg: 5307573.8, Max: 5307574.0, Diff: 0.4]
      [Ext Root Scanning (ms): Min: 5.3, Avg: 6.7, Max: 9.1, Diff: 3.7, Sum: 120.0]
      [Update RS (ms): Min: 17.6, Avg: 18.6, Max: 20.5, Diff: 2.9, Sum: 334.0]
         [Processed Buffers: Min: 10, Avg: 26.4, Max: 41, Diff: 31, Sum: 476]
      [Scan RS (ms): Min: 0.4, Avg: 1.3, Max: 1.6, Diff: 1.2, Sum: 23.0]
      [Object Copy (ms): Min: 4.9, Avg: 7.5, Max: 27.5, Diff: 22.6, Sum: 134.8]
      [Termination (ms): Min: 0.0, Avg: 19.9, Max: 22.3, Diff: 22.3, Sum: 358.0]
      [GC Worker Other (ms): Min: 0.0, Avg: 0.4, Max: 0.7, Diff: 0.7, Sum: 7.2]
      [GC Worker Total (ms): Min: 53.7, Avg: 54.3, Max: 54.7, Diff: 1.0, Sum: 977.2]
      [GC Worker End (ms): Min: 5307627.7, Avg: 5307628.1, Max: 5307628.5, Diff: 0.8]
   [Code Root Fixup: 0.0 ms]
   [Clear CT: 1.6 ms]
   [Other: 16.8 ms]
      [Choose CSet: 0.0 ms]
      [Ref Proc: 10.9 ms]
      [Ref Enq: 0.5 ms]
      [Free CSet: 4.8 ms]
   [Eden: 1560.0M(1560.0M)->0.0B(1562.0M) Survivors: 16.0M->14.0M Heap: 1986.1M(2252.0M)->424.1M(2252.0M)]
 [Times: user=0.93 sys=0.01, real=0.07 secs] 

 Concurrent RS processed 4349598 cards
  Of 130746 completed buffers:
       130746 (100.0%) by conc RS threads.
            0 (  0.0%) by mutator threads.
  Conc RS threads times(s)
          0.00     0.00     0.00     0.00     0.00     0.00     0.00     0.00     0.00     0.00     0.00     0.00     0.00     0.00     0.00     0.00     0.00     0.00     0.00
  Total heap region rem set sizes = 6226K.  Max = 33K.
  Static structures = 369K, free_lists = 300K.
    368848 occupied cards represented.
    Max size region = 0:(O)[0x0000000763400000,0x00000007634ffff0,0x0000000763500000], size = 34K, occupied = 97K.
    Did 6163 coarsenings.
2014-08-01T10:24:53.867-0500: 5314.311: [GC pause (young) 5314.311: [G1Ergonomics (CSet Construction) start choosing CSet, _pending_cards: 5443, predicted base time: 23.35 ms, remaining time: 76.65 ms, target pause time: 100.00 ms]
 5314.311: [G1Ergonomics (CSet Construction) add young regions to CSet, eden: 1562 regions, survivors: 14 regions, predicted young region time: 14.36 ms]
 5314.311: [G1Ergonomics (CSet Construction) finish choosing CSet, eden: 1562 regions, survivors: 14 regions, old: 0 regions, predicted pause time: 37.71 ms, target pause time: 100.00 ms]
, 0.0495700 secs]
   [Parallel Time: 26.8 ms, GC Workers: 18]
      [GC Worker Start (ms): Min: 5314311.1, Avg: 5314311.3, Max: 5314311.4, Diff: 0.3]
      [Ext Root Scanning (ms): Min: 6.3, Avg: 8.1, Max: 14.3, Diff: 8.0, Sum: 145.4]
      [Update RS (ms): Min: 0.0, Avg: 1.7, Max: 3.6, Diff: 3.6, Sum: 30.1]
         [Processed Buffers: Min: 0, Avg: 7.7, Max: 28, Diff: 28, Sum: 138]
      [Scan RS (ms): Min: 0.2, Avg: 0.8, Max: 1.0, Diff: 0.8, Sum: 13.6]
      [Object Copy (ms): Min: 6.9, Avg: 11.3, Max: 16.5, Diff: 9.5, Sum: 203.7]
      [Termination (ms): Min: 0.0, Avg: 4.3, Max: 4.6, Diff: 4.6, Sum: 76.6]
      [GC Worker Other (ms): Min: 0.0, Avg: 0.1, Max: 0.3, Diff: 0.3, Sum: 2.7]
      [GC Worker Total (ms): Min: 26.0, Avg: 26.2, Max: 26.5, Diff: 0.5, Sum: 472.1]
      [GC Worker End (ms): Min: 5314337.4, Avg: 5314337.5, Max: 5314337.6, Diff: 0.3]
   [Code Root Fixup: 0.0 ms]
   [Clear CT: 1.9 ms]
   [Other: 20.9 ms]
      [Choose CSet: 0.1 ms]
      [Ref Proc: 14.3 ms]
      [Ref Enq: 0.9 ms]
      [Free CSet: 4.8 ms]
   [Eden: 1562.0M(1562.0M)->0.0B(1552.0M) Survivors: 14.0M->24.0M Heap: 1986.1M(2252.0M)->434.4M(2252.0M)]
 [Times: user=0.59 sys=0.00, real=0.05 secs] 

 Concurrent RS processed 4352025 cards
  Of 130884 completed buffers:
       130884 (100.0%) by conc RS threads.
            0 (  0.0%) by mutator threads.
  Conc RS threads times(s)
          0.00     0.00     0.00     0.00     0.00     0.00     0.00     0.00     0.00     0.00     0.00     0.00     0.00     0.00     0.00     0.00     0.00     0.00     0.00
  Total heap region rem set sizes = 6227K.  Max = 33K.
  Static structures = 369K, free_lists = 300K.
    369114 occupied cards represented.
    Max size region = 0:(O)[0x0000000763400000,0x00000007634ffff0,0x0000000763500000], size = 34K, occupied = 97K.
    Did 6163 coarsenings.
2014-08-01T10:25:00.104-0500: 5320.547: [GC pause (young) 5320.547: [G1Ergonomics (CSet Construction) start choosing CSet, _pending_cards: 5696, predicted base time: 25.58 ms, remaining time: 74.42 ms, target pause time: 100.00 ms]
 5320.547: [G1Ergonomics (CSet Construction) add young regions to CSet, eden: 1552 regions, survivors: 24 regions, predicted young region time: 10.97 ms]
 5320.547: [G1Ergonomics (CSet Construction) finish choosing CSet, eden: 1552 regions, survivors: 24 regions, old: 0 regions, predicted pause time: 36.55 ms, target pause time: 100.00 ms]
, 0.0582600 secs]
   [Parallel Time: 31.9 ms, GC Workers: 18]
      [GC Worker Start (ms): Min: 5320547.5, Avg: 5320553.4, Max: 5320572.5, Diff: 25.0]
      [Ext Root Scanning (ms): Min: 0.0, Avg: 10.2, Max: 27.5, Diff: 27.5, Sum: 183.2]
      [Update RS (ms): Min: 0.0, Avg: 1.6, Max: 3.8, Diff: 3.8, Sum: 29.2]
         [Processed Buffers: Min: 0, Avg: 7.7, Max: 33, Diff: 33, Sum: 139]
      [Scan RS (ms): Min: 0.2, Avg: 0.7, Max: 1.1, Diff: 0.9, Sum: 11.7]
      [Object Copy (ms): Min: 1.9, Avg: 11.4, Max: 13.9, Diff: 12.0, Sum: 204.4]
      [Termination (ms): Min: 0.0, Avg: 0.2, Max: 0.3, Diff: 0.3, Sum: 4.5]
      [GC Worker Other (ms): Min: 0.0, Avg: 0.3, Max: 1.8, Diff: 1.8, Sum: 6.0]
      [GC Worker Total (ms): Min: 5.0, Avg: 24.4, Max: 31.7, Diff: 26.6, Sum: 439.0]
      [GC Worker End (ms): Min: 5320577.5, Avg: 5320577.8, Max: 5320579.2, Diff: 1.8]
   [Code Root Fixup: 0.0 ms]
   [Clear CT: 1.4 ms]
   [Other: 25.0 ms]
      [Choose CSet: 0.0 ms]
      [Ref Proc: 18.8 ms]
      [Ref Enq: 0.5 ms]
      [Free CSet: 4.9 ms]
   [Eden: 1552.0M(1552.0M)->0.0B(1562.0M) Survivors: 24.0M->14.0M Heap: 1986.4M(2252.0M)->424.3M(2252.0M)]
 [Times: user=0.45 sys=0.01, real=0.06 secs] 

 Concurrent RS processed 4354508 cards
  Of 131023 completed buffers:
       131023 (100.0%) by conc RS threads.
            0 (  0.0%) by mutator threads.
  Conc RS threads times(s)
          0.00     0.00     0.00     0.00     0.00     0.00     0.00     0.00     0.00     0.00     0.00     0.00     0.00     0.00     0.00     0.00     0.00     0.00     0.00
  Total heap region rem set sizes = 6228K.  Max = 33K.
  Static structures = 369K, free_lists = 300K.
    369415 occupied cards represented.
    Max size region = 0:(O)[0x0000000763400000,0x00000007634ffff0,0x0000000763500000], size = 34K, occupied = 97K.
    Did 6163 coarsenings.
2014-08-01T10:25:06.282-0500: 5326.726: [GC pause (young) 5326.726: [G1Ergonomics (CSet Construction) start choosing CSet, _pending_cards: 5193, predicted base time: 32.44 ms, remaining time: 67.56 ms, target pause time: 100.00 ms]
 5326.726: [G1Ergonomics (CSet Construction) add young regions to CSet, eden: 1562 regions, survivors: 14 regions, predicted young region time: 17.56 ms]
 5326.726: [G1Ergonomics (CSet Construction) finish choosing CSet, eden: 1562 regions, survivors: 14 regions, old: 0 regions, predicted pause time: 50.00 ms, target pause time: 100.00 ms]
, 0.0445410 secs]
   [Parallel Time: 26.8 ms, GC Workers: 18]
      [GC Worker Start (ms): Min: 5326726.1, Avg: 5326726.3, Max: 5326726.4, Diff: 0.3]
      [Ext Root Scanning (ms): Min: 9.0, Avg: 13.6, Max: 22.1, Diff: 13.2, Sum: 245.4]
      [Update RS (ms): Min: 0.0, Avg: 2.2, Max: 12.6, Diff: 12.6, Sum: 39.8]
         [Processed Buffers: Min: 0, Avg: 7.8, Max: 36, Diff: 36, Sum: 141]
      [Scan RS (ms): Min: 0.2, Avg: 0.6, Max: 1.0, Diff: 0.8, Sum: 11.2]
      [Object Copy (ms): Min: 3.0, Avg: 8.0, Max: 12.6, Diff: 9.6, Sum: 144.2]
      [Termination (ms): Min: 0.1, Avg: 1.3, Max: 3.7, Diff: 3.6, Sum: 22.8]
      [GC Worker Other (ms): Min: 0.0, Avg: 0.2, Max: 0.3, Diff: 0.3, Sum: 3.0]
      [GC Worker Total (ms): Min: 25.6, Avg: 25.9, Max: 26.4, Diff: 0.8, Sum: 466.5]
      [GC Worker End (ms): Min: 5326752.0, Avg: 5326752.2, Max: 5326752.7, Diff: 0.7]
   [Code Root Fixup: 0.0 ms]
   [Clear CT: 1.9 ms]
   [Other: 15.9 ms]
      [Choose CSet: 0.0 ms]
      [Ref Proc: 10.0 ms]
      [Ref Enq: 0.5 ms]
      [Free CSet: 4.7 ms]
   [Eden: 1562.0M(1562.0M)->0.0B(1560.0M) Survivors: 14.0M->16.0M Heap: 1986.3M(2252.0M)->426.5M(2252.0M)]
 [Times: user=0.40 sys=0.01, real=0.04 secs] 

 Concurrent RS processed 4356993 cards
  Of 131164 completed buffers:
       131164 (100.0%) by conc RS threads.
            0 (  0.0%) by mutator threads.
  Conc RS threads times(s)
          0.00     0.00     0.00     0.00     0.00     0.00     0.00     0.00     0.00     0.00     0.00     0.00     0.00     0.00     0.00     0.00     0.00     0.00     0.00
  Total heap region rem set sizes = 6231K.  Max = 33K.
  Static structures = 369K, free_lists = 299K.
    369904 occupied cards represented.
    Max size region = 0:(O)[0x0000000763400000,0x00000007634ffff0,0x0000000763500000], size = 34K, occupied = 97K.
    Did 6163 coarsenings.
2014-08-01T10:25:13.125-0500: 5333.568: [GC pause (young) 5333.568: [G1Ergonomics (CSet Construction) start choosing CSet, _pending_cards: 4722, predicted base time: 32.05 ms, remaining time: 67.95 ms, target pause time: 100.00 ms]
 5333.568: [G1Ergonomics (CSet Construction) add young regions to CSet, eden: 1560 regions, survivors: 16 regions, predicted young region time: 17.09 ms]
 5333.568: [G1Ergonomics (CSet Construction) finish choosing CSet, eden: 1560 regions, survivors: 16 regions, old: 0 regions, predicted pause time: 49.14 ms, target pause time: 100.00 ms]
, 0.0279230 secs]
   [Parallel Time: 16.1 ms, GC Workers: 18]
      [GC Worker Start (ms): Min: 5333568.5, Avg: 5333568.7, Max: 5333568.9, Diff: 0.4]
      [Ext Root Scanning (ms): Min: 3.9, Avg: 5.4, Max: 7.1, Diff: 3.2, Sum: 96.7]
      [Update RS (ms): Min: 0.0, Avg: 0.7, Max: 2.1, Diff: 2.1, Sum: 13.3]
         [Processed Buffers: Min: 0, Avg: 7.8, Max: 30, Diff: 30, Sum: 141]
      [Scan RS (ms): Min: 0.1, Avg: 0.5, Max: 0.7, Diff: 0.6, Sum: 8.8]
      [Object Copy (ms): Min: 7.8, Avg: 8.6, Max: 9.0, Diff: 1.1, Sum: 154.5]
      [Termination (ms): Min: 0.0, Avg: 0.1, Max: 0.1, Diff: 0.1, Sum: 1.9]
      [GC Worker Other (ms): Min: 0.0, Avg: 0.3, Max: 0.5, Diff: 0.4, Sum: 4.7]
      [GC Worker Total (ms): Min: 15.2, Avg: 15.5, Max: 15.9, Diff: 0.7, Sum: 279.9]
      [GC Worker End (ms): Min: 5333584.0, Avg: 5333584.3, Max: 5333584.5, Diff: 0.4]
   [Code Root Fixup: 0.0 ms]
   [Clear CT: 1.3 ms]
   [Other: 10.6 ms]
      [Choose CSet: 0.0 ms]
      [Ref Proc: 6.4 ms]
      [Ref Enq: 0.3 ms]
      [Free CSet: 3.4 ms]
   [Eden: 1560.0M(1560.0M)->0.0B(1555.0M) Survivors: 16.0M->21.0M Heap: 1986.5M(2252.0M)->431.7M(2252.0M)]
 [Times: user=0.34 sys=0.00, real=0.03 secs] 

 Concurrent RS processed 4359561 cards
  Of 131305 completed buffers:
       131305 (100.0%) by conc RS threads.
            0 (  0.0%) by mutator threads.
  Conc RS threads times(s)
          0.00     0.00     0.00     0.00     0.00     0.00     0.00     0.00     0.00     0.00     0.00     0.00     0.00     0.00     0.00     0.00     0.00     0.00     0.00
  Total heap region rem set sizes = 6229K.  Max = 33K.
  Static structures = 369K, free_lists = 299K.
    369989 occupied cards represented.
    Max size region = 0:(O)[0x0000000763400000,0x00000007634ffff0,0x0000000763500000], size = 34K, occupied = 97K.
    Did 6163 coarsenings.
2014-08-01T10:25:19.170-0500: 5339.614: [GC pause (young) 5339.614: [G1Ergonomics (CSet Construction) start choosing CSet, _pending_cards: 5711, predicted base time: 28.84 ms, remaining time: 71.16 ms, target pause time: 100.00 ms]
 5339.614: [G1Ergonomics (CSet Construction) add young regions to CSet, eden: 1555 regions, survivors: 21 regions, predicted young region time: 19.42 ms]
 5339.614: [G1Ergonomics (CSet Construction) finish choosing CSet, eden: 1555 regions, survivors: 21 regions, old: 0 regions, predicted pause time: 48.26 ms, target pause time: 100.00 ms]
, 0.0394290 secs]
   [Parallel Time: 22.3 ms, GC Workers: 18]
      [GC Worker Start (ms): Min: 5339614.0, Avg: 5339614.2, Max: 5339614.3, Diff: 0.3]
      [Ext Root Scanning (ms): Min: 5.8, Avg: 6.7, Max: 11.3, Diff: 5.5, Sum: 120.4]
      [Update RS (ms): Min: 0.0, Avg: 1.8, Max: 5.1, Diff: 5.1, Sum: 31.8]
         [Processed Buffers: Min: 0, Avg: 7.6, Max: 26, Diff: 26, Sum: 136]
      [Scan RS (ms): Min: 0.2, Avg: 0.9, Max: 3.8, Diff: 3.5, Sum: 16.5]
      [Object Copy (ms): Min: 1.5, Avg: 8.0, Max: 12.7, Diff: 11.1, Sum: 143.1]
      [Termination (ms): Min: 0.0, Avg: 4.2, Max: 4.5, Diff: 4.5, Sum: 75.7]
      [GC Worker Other (ms): Min: 0.0, Avg: 0.2, Max: 0.3, Diff: 0.3, Sum: 3.1]
      [GC Worker Total (ms): Min: 21.4, Avg: 21.7, Max: 21.9, Diff: 0.5, Sum: 390.6]
      [GC Worker End (ms): Min: 5339635.7, Avg: 5339635.9, Max: 5339636.0, Diff: 0.3]
   [Code Root Fixup: 0.0 ms]
   [Clear CT: 1.7 ms]
   [Other: 15.4 ms]
      [Choose CSet: 0.0 ms]
      [Ref Proc: 9.5 ms]
      [Ref Enq: 0.5 ms]
      [Free CSet: 4.7 ms]
   [Eden: 1555.0M(1555.0M)->0.0B(1559.0M) Survivors: 21.0M->17.0M Heap: 1986.7M(2252.0M)->427.8M(2252.0M)]
 [Times: user=0.45 sys=0.00, real=0.04 secs] 

 Concurrent RS processed 4361936 cards
  Of 131441 completed buffers:
       131441 (100.0%) by conc RS threads.
            0 (  0.0%) by mutator threads.
  Conc RS threads times(s)
          0.00     0.00     0.00     0.00     0.00     0.00     0.00     0.00     0.00     0.00     0.00     0.00     0.00     0.00     0.00     0.00     0.00     0.00     0.00
  Total heap region rem set sizes = 6229K.  Max = 33K.
  Static structures = 369K, free_lists = 299K.
    370297 occupied cards represented.
    Max size region = 0:(O)[0x0000000763400000,0x00000007634ffff0,0x0000000763500000], size = 34K, occupied = 97K.
    Did 6163 coarsenings.
2014-08-01T10:25:25.606-0500: 5346.050: [GC pause (young) 5346.050: [G1Ergonomics (CSet Construction) start choosing CSet, _pending_cards: 5201, predicted base time: 27.07 ms, remaining time: 72.93 ms, target pause time: 100.00 ms]
 5346.050: [G1Ergonomics (CSet Construction) add young regions to CSet, eden: 1559 regions, survivors: 17 regions, predicted young region time: 23.54 ms]
 5346.050: [G1Ergonomics (CSet Construction) finish choosing CSet, eden: 1559 regions, survivors: 17 regions, old: 0 regions, predicted pause time: 50.61 ms, target pause time: 100.00 ms]
, 0.0335120 secs]
   [Parallel Time: 20.1 ms, GC Workers: 18]
      [GC Worker Start (ms): Min: 5346049.9, Avg: 5346050.0, Max: 5346050.2, Diff: 0.3]
      [Ext Root Scanning (ms): Min: 6.3, Avg: 7.6, Max: 14.4, Diff: 8.1, Sum: 137.4]
      [Update RS (ms): Min: 0.0, Avg: 1.7, Max: 3.8, Diff: 3.8, Sum: 29.7]
         [Processed Buffers: Min: 0, Avg: 7.8, Max: 19, Diff: 19, Sum: 140]
      [Scan RS (ms): Min: 0.2, Avg: 0.8, Max: 1.2, Diff: 1.0, Sum: 14.5]
      [Object Copy (ms): Min: 3.3, Avg: 8.8, Max: 10.0, Diff: 6.7, Sum: 159.0]
      [Termination (ms): Min: 0.0, Avg: 0.4, Max: 0.5, Diff: 0.5, Sum: 7.4]
      [GC Worker Other (ms): Min: 0.0, Avg: 0.2, Max: 0.3, Diff: 0.3, Sum: 3.0]
      [GC Worker Total (ms): Min: 19.3, Avg: 19.5, Max: 19.8, Diff: 0.5, Sum: 351.0]
      [GC Worker End (ms): Min: 5346069.4, Avg: 5346069.5, Max: 5346069.7, Diff: 0.3]
   [Code Root Fixup: 0.0 ms]
   [Clear CT: 1.8 ms]
   [Other: 11.6 ms]
      [Choose CSet: 0.0 ms]
      [Ref Proc: 5.6 ms]
      [Ref Enq: 0.4 ms]
      [Free CSet: 4.9 ms]
   [Eden: 1559.0M(1559.0M)->0.0B(1561.0M) Survivors: 17.0M->15.0M Heap: 1986.8M(2252.0M)->425.3M(2252.0M)]
 [Times: user=0.38 sys=0.01, real=0.03 secs] 

 Concurrent RS processed 4364342 cards
  Of 131581 completed buffers:
       131581 (100.0%) by conc RS threads.
            0 (  0.0%) by mutator threads.
  Conc RS threads times(s)
          0.00     0.00     0.00     0.00     0.00     0.00     0.00     0.00     0.00     0.00     0.00     0.00     0.00     0.00     0.00     0.00     0.00     0.00     0.00
  Total heap region rem set sizes = 6230K.  Max = 33K.
  Static structures = 369K, free_lists = 299K.
    370607 occupied cards represented.
    Max size region = 0:(O)[0x0000000763400000,0x00000007634ffff0,0x0000000763500000], size = 34K, occupied = 97K.
    Did 6163 coarsenings.
2014-08-01T10:25:31.692-0500: 5352.136: [GC pause (young) 5352.136: [G1Ergonomics (CSet Construction) start choosing CSet, _pending_cards: 5747, predicted base time: 25.30 ms, remaining time: 74.70 ms, target pause time: 100.00 ms]
 5352.136: [G1Ergonomics (CSet Construction) add young regions to CSet, eden: 1561 regions, survivors: 15 regions, predicted young region time: 11.86 ms]
 5352.136: [G1Ergonomics (CSet Construction) finish choosing CSet, eden: 1561 regions, survivors: 15 regions, old: 0 regions, predicted pause time: 37.16 ms, target pause time: 100.00 ms]
, 0.0396930 secs]
   [Parallel Time: 19.5 ms, GC Workers: 18]
      [GC Worker Start (ms): Min: 5352136.1, Avg: 5352136.3, Max: 5352136.4, Diff: 0.3]
      [Ext Root Scanning (ms): Min: 4.9, Avg: 6.6, Max: 11.8, Diff: 6.9, Sum: 118.8]
      [Update RS (ms): Min: 0.0, Avg: 1.7, Max: 4.0, Diff: 4.0, Sum: 30.6]
         [Processed Buffers: Min: 0, Avg: 8.2, Max: 32, Diff: 32, Sum: 147]
      [Scan RS (ms): Min: 0.2, Avg: 0.7, Max: 1.0, Diff: 0.8, Sum: 12.3]
      [Object Copy (ms): Min: 6.3, Avg: 9.3, Max: 9.9, Diff: 3.5, Sum: 167.6]
      [Termination (ms): Min: 0.1, Avg: 0.3, Max: 0.4, Diff: 0.3, Sum: 5.5]
      [GC Worker Other (ms): Min: 0.0, Avg: 0.2, Max: 0.5, Diff: 0.5, Sum: 4.0]
      [GC Worker Total (ms): Min: 18.5, Avg: 18.8, Max: 19.2, Diff: 0.8, Sum: 338.8]
      [GC Worker End (ms): Min: 5352154.9, Avg: 5352155.1, Max: 5352155.4, Diff: 0.5]
   [Code Root Fixup: 0.0 ms]
   [Clear CT: 3.6 ms]
   [Other: 16.5 ms]
      [Choose CSet: 0.0 ms]
      [Ref Proc: 8.5 ms]
      [Ref Enq: 0.7 ms]
      [Free CSet: 6.5 ms]
   [Eden: 1561.0M(1561.0M)->0.0B(1554.0M) Survivors: 15.0M->22.0M Heap: 1986.3M(2252.0M)->432.9M(2252.0M)]
 [Times: user=0.42 sys=0.01, real=0.04 secs] 

 Concurrent RS processed 4366767 cards
  Of 131728 completed buffers:
       131728 (100.0%) by conc RS threads.
            0 (  0.0%) by mutator threads.
  Conc RS threads times(s)
          0.00     0.00     0.00     0.00     0.00     0.00     0.00     0.00     0.00     0.00     0.00     0.00     0.00     0.00     0.00     0.00     0.00     0.00     0.00
  Total heap region rem set sizes = 6234K.  Max = 33K.
  Static structures = 369K, free_lists = 298K.
    370992 occupied cards represented.
    Max size region = 0:(O)[0x0000000763400000,0x00000007634ffff0,0x0000000763500000], size = 34K, occupied = 97K.
    Did 6163 coarsenings.
2014-08-01T10:25:37.848-0500: 5358.292: [GC pause (young) 5358.292: [G1Ergonomics (CSet Construction) start choosing CSet, _pending_cards: 5747, predicted base time: 24.92 ms, remaining time: 75.08 ms, target pause time: 100.00 ms]
 5358.292: [G1Ergonomics (CSet Construction) add young regions to CSet, eden: 1554 regions, survivors: 22 regions, predicted young region time: 21.13 ms]
 5358.292: [G1Ergonomics (CSet Construction) finish choosing CSet, eden: 1554 regions, survivors: 22 regions, old: 0 regions, predicted pause time: 46.05 ms, target pause time: 100.00 ms]
, 0.0453550 secs]
   [Parallel Time: 24.8 ms, GC Workers: 18]
      [GC Worker Start (ms): Min: 5358292.2, Avg: 5358292.4, Max: 5358292.7, Diff: 0.5]
      [Ext Root Scanning (ms): Min: 4.8, Avg: 6.7, Max: 11.6, Diff: 6.8, Sum: 120.4]
      [Update RS (ms): Min: 0.0, Avg: 1.4, Max: 3.3, Diff: 3.3, Sum: 25.4]
         [Processed Buffers: Min: 0, Avg: 7.7, Max: 26, Diff: 26, Sum: 139]
      [Scan RS (ms): Min: 0.2, Avg: 0.6, Max: 0.9, Diff: 0.7, Sum: 11.7]
      [Object Copy (ms): Min: 10.8, Avg: 14.3, Max: 14.8, Diff: 4.0, Sum: 256.9]
      [Termination (ms): Min: 0.1, Avg: 0.6, Max: 1.2, Diff: 1.0, Sum: 11.5]
      [GC Worker Other (ms): Min: 0.0, Avg: 0.2, Max: 0.4, Diff: 0.3, Sum: 3.0]
      [GC Worker Total (ms): Min: 23.3, Avg: 23.8, Max: 24.3, Diff: 1.0, Sum: 428.9]
      [GC Worker End (ms): Min: 5358316.0, Avg: 5358316.2, Max: 5358316.7, Diff: 0.7]
   [Code Root Fixup: 0.0 ms]
   [Clear CT: 1.7 ms]
   [Other: 18.9 ms]
      [Choose CSet: 0.0 ms]
      [Ref Proc: 10.6 ms]
      [Ref Enq: 2.8 ms]
      [Free CSet: 4.8 ms]
   [Eden: 1554.0M(1554.0M)->0.0B(1561.0M) Survivors: 22.0M->15.0M Heap: 1986.9M(2252.0M)->425.7M(2252.0M)]
 [Times: user=0.50 sys=0.00, real=0.05 secs] 

 Concurrent RS processed 4369093 cards
  Of 131867 completed buffers:
       131867 (100.0%) by conc RS threads.
            0 (  0.0%) by mutator threads.
  Conc RS threads times(s)
          0.00     0.00     0.00     0.00     0.00     0.00     0.00     0.00     0.00     0.00     0.00     0.00     0.00     0.00     0.00     0.00     0.00     0.00     0.00
  Total heap region rem set sizes = 6235K.  Max = 33K.
  Static structures = 369K, free_lists = 298K.
    371366 occupied cards represented.
    Max size region = 0:(O)[0x0000000763400000,0x00000007634ffff0,0x0000000763500000], size = 34K, occupied = 97K.
    Did 6163 coarsenings.
2014-08-01T10:25:44.023-0500: 5364.466: [GC pause (young) 5364.466: [G1Ergonomics (CSet Construction) start choosing CSet, _pending_cards: 5725, predicted base time: 25.28 ms, remaining time: 74.72 ms, target pause time: 100.00 ms]
 5364.466: [G1Ergonomics (CSet Construction) add young regions to CSet, eden: 1561 regions, survivors: 15 regions, predicted young region time: 12.11 ms]
 5364.466: [G1Ergonomics (CSet Construction) finish choosing CSet, eden: 1561 regions, survivors: 15 regions, old: 0 regions, predicted pause time: 37.39 ms, target pause time: 100.00 ms]
, 0.0476490 secs]
   [Parallel Time: 28.5 ms, GC Workers: 18]
      [GC Worker Start (ms): Min: 5364466.4, Avg: 5364466.5, Max: 5364466.7, Diff: 0.4]
      [Ext Root Scanning (ms): Min: 6.1, Avg: 7.9, Max: 22.1, Diff: 16.1, Sum: 142.7]
      [Update RS (ms): Min: 0.0, Avg: 1.6, Max: 3.0, Diff: 3.0, Sum: 29.1]
         [Processed Buffers: Min: 0, Avg: 7.9, Max: 37, Diff: 37, Sum: 142]
      [Scan RS (ms): Min: 0.2, Avg: 0.8, Max: 1.7, Diff: 1.5, Sum: 13.6]
      [Object Copy (ms): Min: 1.4, Avg: 9.6, Max: 18.2, Diff: 16.8, Sum: 173.3]
      [Termination (ms): Min: 0.0, Avg: 7.9, Max: 9.0, Diff: 9.0, Sum: 141.7]
      [GC Worker Other (ms): Min: 0.0, Avg: 0.2, Max: 0.4, Diff: 0.4, Sum: 3.1]
      [GC Worker Total (ms): Min: 27.7, Avg: 28.0, Max: 28.3, Diff: 0.6, Sum: 503.5]
      [GC Worker End (ms): Min: 5364494.4, Avg: 5364494.5, Max: 5364494.7, Diff: 0.4]
   [Code Root Fixup: 0.0 ms]
   [Clear CT: 1.8 ms]
   [Other: 17.4 ms]
      [Choose CSet: 0.0 ms]
      [Ref Proc: 11.2 ms]
      [Ref Enq: 0.6 ms]
      [Free CSet: 4.9 ms]
   [Eden: 1561.0M(1561.0M)->0.0B(1564.0M) Survivors: 15.0M->12.0M Heap: 1986.7M(2252.0M)->422.7M(2252.0M)]
 [Times: user=0.52 sys=0.01, real=0.05 secs] 

 Concurrent RS processed 4371451 cards
  Of 132009 completed buffers:
       132009 (100.0%) by conc RS threads.
            0 (  0.0%) by mutator threads.
  Conc RS threads times(s)
          0.00     0.00     0.00     0.00     0.00     0.00     0.00     0.00     0.00     0.00     0.00     0.00     0.00     0.00     0.00     0.00     0.00     0.00     0.00
  Total heap region rem set sizes = 6236K.  Max = 33K.
  Static structures = 369K, free_lists = 298K.
    371717 occupied cards represented.
    Max size region = 0:(O)[0x0000000763400000,0x00000007634ffff0,0x0000000763500000], size = 34K, occupied = 97K.
    Did 6163 coarsenings.
2014-08-01T10:25:50.124-0500: 5370.568: [GC pause (young) 5370.568: [G1Ergonomics (CSet Construction) start choosing CSet, _pending_cards: 5205, predicted base time: 25.15 ms, remaining time: 74.85 ms, target pause time: 100.00 ms]
 5370.568: [G1Ergonomics (CSet Construction) add young regions to CSet, eden: 1564 regions, survivors: 12 regions, predicted young region time: 15.17 ms]
 5370.568: [G1Ergonomics (CSet Construction) finish choosing CSet, eden: 1564 regions, survivors: 12 regions, old: 0 regions, predicted pause time: 40.32 ms, target pause time: 100.00 ms]
, 0.0324030 secs]
   [Parallel Time: 17.9 ms, GC Workers: 18]
      [GC Worker Start (ms): Min: 5370568.0, Avg: 5370568.2, Max: 5370568.3, Diff: 0.3]
      [Ext Root Scanning (ms): Min: 5.0, Avg: 6.5, Max: 9.0, Diff: 4.0, Sum: 117.8]
      [Update RS (ms): Min: 0.0, Avg: 1.5, Max: 3.3, Diff: 3.3, Sum: 26.8]
         [Processed Buffers: Min: 0, Avg: 7.8, Max: 22, Diff: 22, Sum: 140]
      [Scan RS (ms): Min: 0.2, Avg: 0.7, Max: 0.9, Diff: 0.7, Sum: 13.1]
      [Object Copy (ms): Min: 6.1, Avg: 7.1, Max: 8.2, Diff: 2.1, Sum: 128.6]
      [Termination (ms): Min: 0.0, Avg: 0.0, Max: 0.0, Diff: 0.0, Sum: 0.1]
      [GC Worker Other (ms): Min: 0.1, Avg: 0.9, Max: 1.7, Diff: 1.6, Sum: 16.9]
      [GC Worker Total (ms): Min: 15.8, Avg: 16.8, Max: 17.7, Diff: 1.9, Sum: 303.3]
      [GC Worker End (ms): Min: 5370584.1, Avg: 5370585.0, Max: 5370585.8, Diff: 1.6]
   [Code Root Fixup: 0.0 ms]
   [Clear CT: 1.8 ms]
   [Other: 12.7 ms]
      [Choose CSet: 0.0 ms]
      [Ref Proc: 7.0 ms]
      [Ref Enq: 0.4 ms]
      [Free CSet: 4.7 ms]
   [Eden: 1564.0M(1564.0M)->0.0B(1552.0M) Survivors: 12.0M->24.0M Heap: 1986.7M(2252.0M)->434.7M(2252.0M)]
 [Times: user=0.35 sys=0.01, real=0.03 secs] 

 Concurrent RS processed 4373894 cards
  Of 132149 completed buffers:
       132149 (100.0%) by conc RS threads.
            0 (  0.0%) by mutator threads.
  Conc RS threads times(s)
          0.00     0.00     0.00     0.00     0.00     0.00     0.00     0.00     0.00     0.00     0.00     0.00     0.00     0.00     0.00     0.00     0.00     0.00     0.00
  Total heap region rem set sizes = 6237K.  Max = 33K.
  Static structures = 369K, free_lists = 297K.
    372078 occupied cards represented.
    Max size region = 0:(O)[0x0000000763400000,0x00000007634ffff0,0x0000000763500000], size = 34K, occupied = 97K.
    Did 6163 coarsenings.
2014-08-01T10:25:56.182-0500: 5376.626: [GC pause (young) 5376.626: [G1Ergonomics (CSet Construction) start choosing CSet, _pending_cards: 6197, predicted base time: 24.20 ms, remaining time: 75.80 ms, target pause time: 100.00 ms]
 5376.626: [G1Ergonomics (CSet Construction) add young regions to CSet, eden: 1552 regions, survivors: 24 regions, predicted young region time: 17.75 ms]
 5376.626: [G1Ergonomics (CSet Construction) finish choosing CSet, eden: 1552 regions, survivors: 24 regions, old: 0 regions, predicted pause time: 41.95 ms, target pause time: 100.00 ms]
, 0.0353620 secs]
   [Parallel Time: 18.6 ms, GC Workers: 18]
      [GC Worker Start (ms): Min: 5376626.0, Avg: 5376627.7, Max: 5376634.4, Diff: 8.4]
      [Ext Root Scanning (ms): Min: 0.0, Avg: 6.2, Max: 11.7, Diff: 11.6, Sum: 111.4]
      [Update RS (ms): Min: 0.0, Avg: 1.5, Max: 3.0, Diff: 3.0, Sum: 27.0]
         [Processed Buffers: Min: 0, Avg: 7.6, Max: 16, Diff: 16, Sum: 136]
      [Scan RS (ms): Min: 0.2, Avg: 0.8, Max: 1.0, Diff: 0.8, Sum: 15.1]
      [Object Copy (ms): Min: 5.9, Avg: 7.7, Max: 8.7, Diff: 2.8, Sum: 138.8]
      [Termination (ms): Min: 0.0, Avg: 0.1, Max: 0.1, Diff: 0.1, Sum: 1.2]
      [GC Worker Other (ms): Min: 0.0, Avg: 0.2, Max: 0.4, Diff: 0.4, Sum: 4.3]
      [GC Worker Total (ms): Min: 9.9, Avg: 16.5, Max: 18.4, Diff: 8.5, Sum: 297.7]
      [GC Worker End (ms): Min: 5376644.0, Avg: 5376644.2, Max: 5376644.4, Diff: 0.4]
   [Code Root Fixup: 0.0 ms]
   [Clear CT: 1.9 ms]
   [Other: 14.8 ms]
      [Choose CSet: 0.0 ms]
      [Ref Proc: 7.8 ms]
      [Ref Enq: 0.4 ms]
      [Free CSet: 5.9 ms]
   [Eden: 1552.0M(1552.0M)->0.0B(1561.0M) Survivors: 24.0M->15.0M Heap: 1986.7M(2252.0M)->426.2M(2252.0M)]
 [Times: user=0.35 sys=0.01, real=0.04 secs] 

 Concurrent RS processed 4376298 cards
  Of 132285 completed buffers:
       132285 (100.0%) by conc RS threads.
            0 (  0.0%) by mutator threads.
  Conc RS threads times(s)
          0.00     0.00     0.00     0.00     0.00     0.00     0.00     0.00     0.00     0.00     0.00     0.00     0.00     0.00     0.00     0.00     0.00     0.00     0.00
  Total heap region rem set sizes = 6237K.  Max = 33K.
  Static structures = 369K, free_lists = 297K.
    372425 occupied cards represented.
    Max size region = 0:(O)[0x0000000763400000,0x00000007634ffff0,0x0000000763500000], size = 34K, occupied = 97K.
    Did 6163 coarsenings.
2014-08-01T10:26:02.459-0500: 5382.902: [GC pause (young) 5382.902: [G1Ergonomics (CSet Construction) start choosing CSet, _pending_cards: 5463, predicted base time: 23.21 ms, remaining time: 76.79 ms, target pause time: 100.00 ms]
 5382.902: [G1Ergonomics (CSet Construction) add young regions to CSet, eden: 1561 regions, survivors: 15 regions, predicted young region time: 14.60 ms]
 5382.902: [G1Ergonomics (CSet Construction) finish choosing CSet, eden: 1561 regions, survivors: 15 regions, old: 0 regions, predicted pause time: 37.81 ms, target pause time: 100.00 ms]
, 0.0430340 secs]
   [Parallel Time: 27.5 ms, GC Workers: 18]
      [GC Worker Start (ms): Min: 5382902.6, Avg: 5382902.8, Max: 5382903.0, Diff: 0.3]
      [Ext Root Scanning (ms): Min: 6.5, Avg: 7.6, Max: 12.5, Diff: 5.9, Sum: 136.3]
      [Update RS (ms): Min: 0.0, Avg: 2.2, Max: 9.8, Diff: 9.8, Sum: 39.3]
         [Processed Buffers: Min: 0, Avg: 7.6, Max: 33, Diff: 33, Sum: 136]
      [Scan RS (ms): Min: 0.2, Avg: 0.9, Max: 3.6, Diff: 3.4, Sum: 15.7]
      [Object Copy (ms): Min: 9.4, Avg: 15.3, Max: 16.5, Diff: 7.1, Sum: 274.8]
      [Termination (ms): Min: 0.0, Avg: 0.3, Max: 0.5, Diff: 0.5, Sum: 4.8]
      [GC Worker Other (ms): Min: 0.0, Avg: 0.3, Max: 0.5, Diff: 0.5, Sum: 5.2]
      [GC Worker Total (ms): Min: 26.2, Avg: 26.5, Max: 26.9, Diff: 0.7, Sum: 476.2]
      [GC Worker End (ms): Min: 5382929.0, Avg: 5382929.3, Max: 5382929.5, Diff: 0.5]
   [Code Root Fixup: 0.0 ms]
   [Clear CT: 1.9 ms]
   [Other: 13.7 ms]
      [Choose CSet: 0.0 ms]
      [Ref Proc: 7.7 ms]
      [Ref Enq: 0.5 ms]
      [Free CSet: 4.8 ms]
   [Eden: 1561.0M(1561.0M)->0.0B(1561.0M) Survivors: 15.0M->15.0M Heap: 1987.2M(2252.0M)->426.3M(2252.0M)]
 [Times: user=0.49 sys=0.01, real=0.04 secs] 

 Concurrent RS processed 4378723 cards
  Of 132421 completed buffers:
       132421 (100.0%) by conc RS threads.
            0 (  0.0%) by mutator threads.
  Conc RS threads times(s)
          0.00     0.00     0.00     0.00     0.00     0.00     0.00     0.00     0.00     0.00     0.00     0.00     0.00     0.00     0.00     0.00     0.00     0.00     0.00
  Total heap region rem set sizes = 6238K.  Max = 33K.
  Static structures = 369K, free_lists = 297K.
    372707 occupied cards represented.
    Max size region = 0:(O)[0x0000000763400000,0x00000007634ffff0,0x0000000763500000], size = 34K, occupied = 98K.
    Did 6163 coarsenings.
2014-08-01T10:26:08.360-0500: 5388.804: [GC pause (young) 5388.804: [G1Ergonomics (CSet Construction) start choosing CSet, _pending_cards: 5706, predicted base time: 23.11 ms, remaining time: 76.89 ms, target pause time: 100.00 ms]
 5388.804: [G1Ergonomics (CSet Construction) add young regions to CSet, eden: 1561 regions, survivors: 15 regions, predicted young region time: 33.01 ms]
 5388.804: [G1Ergonomics (CSet Construction) finish choosing CSet, eden: 1561 regions, survivors: 15 regions, old: 0 regions, predicted pause time: 56.12 ms, target pause time: 100.00 ms]
, 0.0373910 secs]
   [Parallel Time: 22.2 ms, GC Workers: 18]
      [GC Worker Start (ms): Min: 5388804.0, Avg: 5388804.2, Max: 5388804.4, Diff: 0.4]
      [Ext Root Scanning (ms): Min: 5.2, Avg: 7.6, Max: 12.9, Diff: 7.7, Sum: 137.5]
      [Update RS (ms): Min: 0.0, Avg: 1.4, Max: 3.5, Diff: 3.5, Sum: 25.4]
         [Processed Buffers: Min: 0, Avg: 7.9, Max: 35, Diff: 35, Sum: 143]
      [Scan RS (ms): Min: 0.2, Avg: 0.8, Max: 1.0, Diff: 0.8, Sum: 13.5]
      [Object Copy (ms): Min: 8.0, Avg: 11.3, Max: 11.8, Diff: 3.8, Sum: 203.6]
      [Termination (ms): Min: 0.0, Avg: 0.3, Max: 0.4, Diff: 0.4, Sum: 5.1]
      [GC Worker Other (ms): Min: 0.0, Avg: 0.2, Max: 0.4, Diff: 0.4, Sum: 4.0]
      [GC Worker Total (ms): Min: 21.4, Avg: 21.6, Max: 21.9, Diff: 0.5, Sum: 389.2]
      [GC Worker End (ms): Min: 5388825.6, Avg: 5388825.8, Max: 5388826.0, Diff: 0.4]
   [Code Root Fixup: 0.0 ms]
   [Clear CT: 2.4 ms]
   [Other: 12.8 ms]
      [Choose CSet: 0.0 ms]
      [Ref Proc: 6.8 ms]
      [Ref Enq: 0.5 ms]
      [Free CSet: 4.9 ms]
   [Eden: 1561.0M(1561.0M)->0.0B(1557.0M) Survivors: 15.0M->19.0M Heap: 1987.3M(2252.0M)->430.6M(2252.0M)]
 [Times: user=0.41 sys=0.01, real=0.04 secs] 

 Concurrent RS processed 4381150 cards
  Of 132564 completed buffers:
       132564 (100.0%) by conc RS threads.
            0 (  0.0%) by mutator threads.
  Conc RS threads times(s)
          0.00     0.00     0.00     0.00     0.00     0.00     0.00     0.00     0.00     0.00     0.00     0.00     0.00     0.00     0.00     0.00     0.00     0.00     0.00
  Total heap region rem set sizes = 6242K.  Max = 33K.
  Static structures = 369K, free_lists = 296K.
    373354 occupied cards represented.
    Max size region = 0:(O)[0x0000000763400000,0x00000007634ffff0,0x0000000763500000], size = 34K, occupied = 98K.
    Did 6163 coarsenings.
2014-08-01T10:26:14.752-0500: 5395.195: [GC pause (young) 5395.195: [G1Ergonomics (CSet Construction) start choosing CSet, _pending_cards: 5725, predicted base time: 22.42 ms, remaining time: 77.58 ms, target pause time: 100.00 ms]
 5395.195: [G1Ergonomics (CSet Construction) add young regions to CSet, eden: 1557 regions, survivors: 19 regions, predicted young region time: 14.38 ms]
 5395.195: [G1Ergonomics (CSet Construction) finish choosing CSet, eden: 1557 regions, survivors: 19 regions, old: 0 regions, predicted pause time: 36.80 ms, target pause time: 100.00 ms]
, 0.0282550 secs]
   [Parallel Time: 14.6 ms, GC Workers: 18]
      [GC Worker Start (ms): Min: 5395195.6, Avg: 5395195.7, Max: 5395195.9, Diff: 0.3]
      [Ext Root Scanning (ms): Min: 3.6, Avg: 5.0, Max: 6.6, Diff: 3.0, Sum: 89.7]
      [Update RS (ms): Min: 0.0, Avg: 0.9, Max: 3.0, Diff: 3.0, Sum: 16.6]
         [Processed Buffers: Min: 0, Avg: 7.8, Max: 37, Diff: 37, Sum: 140]
      [Scan RS (ms): Min: 0.2, Avg: 0.4, Max: 0.7, Diff: 0.5, Sum: 7.3]
      [Object Copy (ms): Min: 7.0, Avg: 7.6, Max: 7.8, Diff: 0.8, Sum: 136.7]
      [Termination (ms): Min: 0.0, Avg: 0.2, Max: 0.2, Diff: 0.2, Sum: 2.7]
      [GC Worker Other (ms): Min: 0.0, Avg: 0.2, Max: 0.3, Diff: 0.3, Sum: 3.2]
      [GC Worker Total (ms): Min: 14.0, Avg: 14.2, Max: 14.4, Diff: 0.4, Sum: 256.1]
      [GC Worker End (ms): Min: 5395209.8, Avg: 5395210.0, Max: 5395210.1, Diff: 0.3]
   [Code Root Fixup: 0.0 ms]
   [Clear CT: 1.5 ms]
   [Other: 12.2 ms]
      [Choose CSet: 0.0 ms]
      [Ref Proc: 6.5 ms]
      [Ref Enq: 0.3 ms]
      [Free CSet: 4.7 ms]
   [Eden: 1557.0M(1557.0M)->0.0B(1562.0M) Survivors: 19.0M->14.0M Heap: 1987.6M(2252.0M)->425.1M(2252.0M)]
 [Times: user=0.31 sys=0.01, real=0.03 secs] 

 Concurrent RS processed 4383622 cards
  Of 132704 completed buffers:
       132704 (100.0%) by conc RS threads.
            0 (  0.0%) by mutator threads.
  Conc RS threads times(s)
          0.00     0.00     0.00     0.00     0.00     0.00     0.00     0.00     0.00     0.00     0.00     0.00     0.00     0.00     0.00     0.00     0.00     0.00     0.00
  Total heap region rem set sizes = 6243K.  Max = 33K.
  Static structures = 369K, free_lists = 296K.
    373641 occupied cards represented.
    Max size region = 0:(O)[0x0000000763400000,0x00000007634ffff0,0x0000000763500000], size = 34K, occupied = 98K.
    Did 6163 coarsenings.
2014-08-01T10:26:20.901-0500: 5401.344: [GC pause (young) 5401.344: [G1Ergonomics (CSet Construction) start choosing CSet, _pending_cards: 5949, predicted base time: 21.03 ms, remaining time: 78.97 ms, target pause time: 100.00 ms]
 5401.344: [G1Ergonomics (CSet Construction) add young regions to CSet, eden: 1562 regions, survivors: 14 regions, predicted young region time: 19.59 ms]
 5401.344: [G1Ergonomics (CSet Construction) finish choosing CSet, eden: 1562 regions, survivors: 14 regions, old: 0 regions, predicted pause time: 40.62 ms, target pause time: 100.00 ms]
, 0.0312660 secs]
   [Parallel Time: 18.2 ms, GC Workers: 18]
      [GC Worker Start (ms): Min: 5401344.6, Avg: 5401344.7, Max: 5401344.9, Diff: 0.3]
      [Ext Root Scanning (ms): Min: 4.7, Avg: 6.1, Max: 8.2, Diff: 3.5, Sum: 110.2]
      [Update RS (ms): Min: 0.0, Avg: 1.1, Max: 2.4, Diff: 2.4, Sum: 20.3]
         [Processed Buffers: Min: 0, Avg: 7.8, Max: 29, Diff: 29, Sum: 140]
      [Scan RS (ms): Min: 0.1, Avg: 0.7, Max: 0.8, Diff: 0.7, Sum: 11.7]
      [Object Copy (ms): Min: 8.6, Avg: 9.4, Max: 9.8, Diff: 1.2, Sum: 169.2]
      [Termination (ms): Min: 0.0, Avg: 0.3, Max: 0.3, Diff: 0.3, Sum: 4.5]
      [GC Worker Other (ms): Min: 0.0, Avg: 0.2, Max: 0.4, Diff: 0.3, Sum: 3.4]
      [GC Worker Total (ms): Min: 17.5, Avg: 17.7, Max: 18.0, Diff: 0.5, Sum: 319.4]
      [GC Worker End (ms): Min: 5401362.3, Avg: 5401362.5, Max: 5401362.6, Diff: 0.3]
   [Code Root Fixup: 0.0 ms]
   [Clear CT: 1.9 ms]
   [Other: 11.2 ms]
      [Choose CSet: 0.0 ms]
      [Ref Proc: 5.1 ms]
      [Ref Enq: 0.3 ms]
      [Free CSet: 5.2 ms]
   [Eden: 1562.0M(1562.0M)->0.0B(1562.0M) Survivors: 14.0M->14.0M Heap: 1987.1M(2252.0M)->425.1M(2252.0M)]
 [Times: user=0.35 sys=0.00, real=0.03 secs] 

 Concurrent RS processed 4386079 cards
  Of 132844 completed buffers:
       132844 (100.0%) by conc RS threads.
            0 (  0.0%) by mutator threads.
  Conc RS threads times(s)
          0.00     0.00     0.00     0.00     0.00     0.00     0.00     0.00     0.00     0.00     0.00     0.00     0.00     0.00     0.00     0.00     0.00     0.00     0.00
  Total heap region rem set sizes = 6244K.  Max = 33K.
  Static structures = 369K, free_lists = 295K.
    373933 occupied cards represented.
    Max size region = 0:(O)[0x0000000763400000,0x00000007634ffff0,0x0000000763500000], size = 34K, occupied = 98K.
    Did 6163 coarsenings.
2014-08-01T10:26:26.827-0500: 5407.270: [GC pause (young) 5407.270: [G1Ergonomics (CSet Construction) start choosing CSet, _pending_cards: 5700, predicted base time: 19.75 ms, remaining time: 80.25 ms, target pause time: 100.00 ms]
 5407.270: [G1Ergonomics (CSet Construction) add young regions to CSet, eden: 1562 regions, survivors: 14 regions, predicted young region time: 13.89 ms]
 5407.270: [G1Ergonomics (CSet Construction) finish choosing CSet, eden: 1562 regions, survivors: 14 regions, old: 0 regions, predicted pause time: 33.64 ms, target pause time: 100.00 ms]
, 0.0417660 secs]
   [Parallel Time: 28.7 ms, GC Workers: 18]
      [GC Worker Start (ms): Min: 5407270.3, Avg: 5407270.4, Max: 5407270.6, Diff: 0.3]
      [Ext Root Scanning (ms): Min: 5.5, Avg: 6.8, Max: 11.6, Diff: 6.1, Sum: 122.3]
      [Update RS (ms): Min: 0.0, Avg: 1.6, Max: 2.7, Diff: 2.7, Sum: 29.3]
         [Processed Buffers: Min: 0, Avg: 7.8, Max: 20, Diff: 20, Sum: 140]
      [Scan RS (ms): Min: 0.2, Avg: 0.9, Max: 2.6, Diff: 2.4, Sum: 16.1]
      [Object Copy (ms): Min: 9.6, Avg: 12.3, Max: 18.7, Diff: 9.2, Sum: 221.2]
      [Termination (ms): Min: 0.2, Avg: 6.4, Max: 6.9, Diff: 6.7, Sum: 114.8]
      [GC Worker Other (ms): Min: 0.0, Avg: 0.1, Max: 0.3, Diff: 0.3, Sum: 2.6]
      [GC Worker Total (ms): Min: 27.9, Avg: 28.1, Max: 28.4, Diff: 0.6, Sum: 506.2]
      [GC Worker End (ms): Min: 5407298.4, Avg: 5407298.6, Max: 5407298.7, Diff: 0.3]
   [Code Root Fixup: 0.0 ms]
   [Clear CT: 1.9 ms]
   [Other: 11.2 ms]
      [Choose CSet: 0.0 ms]
      [Ref Proc: 5.2 ms]
      [Ref Enq: 0.5 ms]
      [Free CSet: 4.8 ms]
   [Eden: 1562.0M(1562.0M)->0.0B(1554.0M) Survivors: 14.0M->22.0M Heap: 1987.1M(2252.0M)->433.7M(2252.0M)]
 [Times: user=0.54 sys=0.00, real=0.04 secs] 

 Concurrent RS processed 4388363 cards
  Of 132984 completed buffers:
       132984 (100.0%) by conc RS threads.
            0 (  0.0%) by mutator threads.
  Conc RS threads times(s)
          0.00     0.00     0.00     0.00     0.00     0.00     0.00     0.00     0.00     0.00     0.00     0.00     0.00     0.00     0.00     0.00     0.00     0.00     0.00
  Total heap region rem set sizes = 6245K.  Max = 33K.
  Static structures = 369K, free_lists = 295K.
    374138 occupied cards represented.
    Max size region = 0:(O)[0x0000000763400000,0x00000007634ffff0,0x0000000763500000], size = 34K, occupied = 98K.
    Did 6163 coarsenings.
2014-08-01T10:26:33.349-0500: 5413.792: [GC pause (young) 5413.792: [G1Ergonomics (CSet Construction) start choosing CSet, _pending_cards: 5744, predicted base time: 19.25 ms, remaining time: 80.75 ms, target pause time: 100.00 ms]
 5413.792: [G1Ergonomics (CSet Construction) add young regions to CSet, eden: 1554 regions, survivors: 22 regions, predicted young region time: 30.85 ms]
 5413.792: [G1Ergonomics (CSet Construction) finish choosing CSet, eden: 1554 regions, survivors: 22 regions, old: 0 regions, predicted pause time: 50.10 ms, target pause time: 100.00 ms]
, 0.0348480 secs]
   [Parallel Time: 21.6 ms, GC Workers: 18]
      [GC Worker Start (ms): Min: 5413792.6, Avg: 5413792.7, Max: 5413792.9, Diff: 0.3]
      [Ext Root Scanning (ms): Min: 6.4, Avg: 7.7, Max: 12.1, Diff: 5.7, Sum: 137.9]
      [Update RS (ms): Min: 0.0, Avg: 1.6, Max: 3.1, Diff: 3.1, Sum: 29.6]
         [Processed Buffers: Min: 0, Avg: 8.3, Max: 29, Diff: 29, Sum: 149]
      [Scan RS (ms): Min: 0.2, Avg: 0.6, Max: 0.9, Diff: 0.7, Sum: 11.7]
      [Object Copy (ms): Min: 8.2, Avg: 10.7, Max: 11.3, Diff: 3.1, Sum: 193.2]
      [Termination (ms): Min: 0.0, Avg: 0.2, Max: 0.2, Diff: 0.2, Sum: 2.9]
      [GC Worker Other (ms): Min: 0.0, Avg: 0.2, Max: 0.4, Diff: 0.4, Sum: 4.4]
      [GC Worker Total (ms): Min: 20.8, Avg: 21.1, Max: 21.4, Diff: 0.6, Sum: 379.6]
      [GC Worker End (ms): Min: 5413813.6, Avg: 5413813.8, Max: 5413814.0, Diff: 0.4]
   [Code Root Fixup: 0.0 ms]
   [Clear CT: 1.9 ms]
   [Other: 11.4 ms]
      [Choose CSet: 0.0 ms]
      [Ref Proc: 5.4 ms]
      [Ref Enq: 0.5 ms]
      [Free CSet: 4.8 ms]
   [Eden: 1554.0M(1554.0M)->0.0B(1562.0M) Survivors: 22.0M->14.0M Heap: 1987.7M(2252.0M)->425.7M(2252.0M)]
 [Times: user=0.42 sys=0.00, real=0.04 secs] 

 Concurrent RS processed 4390682 cards
  Of 133133 completed buffers:
       133133 (100.0%) by conc RS threads.
            0 (  0.0%) by mutator threads.
  Conc RS threads times(s)
          0.00     0.00     0.00     0.00     0.00     0.00     0.00     0.00     0.00     0.00     0.00     0.00     0.00     0.00     0.00     0.00     0.00     0.00     0.00
  Total heap region rem set sizes = 6245K.  Max = 33K.
  Static structures = 369K, free_lists = 295K.
    374424 occupied cards represented.
    Max size region = 0:(O)[0x0000000763400000,0x00000007634ffff0,0x0000000763500000], size = 34K, occupied = 98K.
    Did 6163 coarsenings.
2014-08-01T10:26:39.516-0500: 5419.959: [GC pause (young) 5419.959: [G1Ergonomics (CSet Construction) start choosing CSet, _pending_cards: 5776, predicted base time: 19.17 ms, remaining time: 80.83 ms, target pause time: 100.00 ms]
 5419.959: [G1Ergonomics (CSet Construction) add young regions to CSet, eden: 1562 regions, survivors: 14 regions, predicted young region time: 14.97 ms]
 5419.959: [G1Ergonomics (CSet Construction) finish choosing CSet, eden: 1562 regions, survivors: 14 regions, old: 0 regions, predicted pause time: 34.14 ms, target pause time: 100.00 ms]
, 0.0334060 secs]
   [Parallel Time: 17.6 ms, GC Workers: 18]
      [GC Worker Start (ms): Min: 5419959.4, Avg: 5419959.6, Max: 5419959.7, Diff: 0.3]
      [Ext Root Scanning (ms): Min: 6.5, Avg: 7.8, Max: 12.4, Diff: 5.9, Sum: 140.2]
      [Update RS (ms): Min: 0.0, Avg: 1.6, Max: 4.4, Diff: 4.4, Sum: 28.2]
         [Processed Buffers: Min: 0, Avg: 7.8, Max: 22, Diff: 22, Sum: 140]
      [Scan RS (ms): Min: 0.2, Avg: 0.8, Max: 2.3, Diff: 2.1, Sum: 13.7]
      [Object Copy (ms): Min: 3.7, Avg: 6.2, Max: 6.9, Diff: 3.2, Sum: 112.2]
      [Termination (ms): Min: 0.0, Avg: 0.5, Max: 0.7, Diff: 0.6, Sum: 9.9]
      [GC Worker Other (ms): Min: 0.0, Avg: 0.2, Max: 0.3, Diff: 0.3, Sum: 2.9]
      [GC Worker Total (ms): Min: 16.8, Avg: 17.1, Max: 17.2, Diff: 0.4, Sum: 307.1]
      [GC Worker End (ms): Min: 5419976.5, Avg: 5419976.6, Max: 5419976.8, Diff: 0.3]
   [Code Root Fixup: 0.0 ms]
   [Clear CT: 2.0 ms]
   [Other: 13.9 ms]
      [Choose CSet: 0.0 ms]
      [Ref Proc: 7.0 ms]
      [Ref Enq: 1.0 ms]
      [Free CSet: 5.2 ms]
   [Eden: 1562.0M(1562.0M)->0.0B(1557.0M) Survivors: 14.0M->19.0M Heap: 1987.7M(2252.0M)->430.9M(2252.0M)]
 [Times: user=0.34 sys=0.01, real=0.03 secs] 

 Concurrent RS processed 4393049 cards
  Of 133273 completed buffers:
       133273 (100.0%) by conc RS threads.
            0 (  0.0%) by mutator threads.
  Conc RS threads times(s)
          0.00     0.00     0.00     0.00     0.00     0.00     0.00     0.00     0.00     0.00     0.00     0.00     0.00     0.00     0.00     0.00     0.00     0.00     0.00
  Total heap region rem set sizes = 6246K.  Max = 33K.
  Static structures = 369K, free_lists = 295K.
    374692 occupied cards represented.
    Max size region = 0:(O)[0x0000000763400000,0x00000007634ffff0,0x0000000763500000], size = 34K, occupied = 98K.
    Did 6163 coarsenings.
2014-08-01T10:26:45.798-0500: 5426.242: [GC pause (young) 5426.242: [G1Ergonomics (CSet Construction) start choosing CSet, _pending_cards: 5469, predicted base time: 19.74 ms, remaining time: 80.26 ms, target pause time: 100.00 ms]
 5426.242: [G1Ergonomics (CSet Construction) add young regions to CSet, eden: 1557 regions, survivors: 19 regions, predicted young region time: 12.80 ms]
 5426.242: [G1Ergonomics (CSet Construction) finish choosing CSet, eden: 1557 regions, survivors: 19 regions, old: 0 regions, predicted pause time: 32.55 ms, target pause time: 100.00 ms]
, 0.0438740 secs]
   [Parallel Time: 27.0 ms, GC Workers: 18]
      [GC Worker Start (ms): Min: 5426242.0, Avg: 5426242.2, Max: 5426242.4, Diff: 0.3]
      [Ext Root Scanning (ms): Min: 6.9, Avg: 9.4, Max: 18.6, Diff: 11.7, Sum: 169.4]
      [Update RS (ms): Min: 0.0, Avg: 1.5, Max: 4.4, Diff: 4.4, Sum: 27.9]
         [Processed Buffers: Min: 0, Avg: 7.9, Max: 33, Diff: 33, Sum: 142]
      [Scan RS (ms): Min: 0.2, Avg: 0.9, Max: 4.0, Diff: 3.9, Sum: 16.5]
      [Object Copy (ms): Min: 6.9, Avg: 13.8, Max: 15.5, Diff: 8.6, Sum: 249.2]
      [Termination (ms): Min: 0.0, Avg: 0.5, Max: 0.6, Diff: 0.6, Sum: 9.4]
      [GC Worker Other (ms): Min: 0.0, Avg: 0.2, Max: 0.4, Diff: 0.4, Sum: 4.3]
      [GC Worker Total (ms): Min: 26.1, Avg: 26.5, Max: 26.7, Diff: 0.5, Sum: 476.6]
      [GC Worker End (ms): Min: 5426268.5, Avg: 5426268.7, Max: 5426268.9, Diff: 0.4]
   [Code Root Fixup: 0.0 ms]
   [Clear CT: 2.2 ms]
   [Other: 14.7 ms]
      [Choose CSet: 0.0 ms]
      [Ref Proc: 8.6 ms]
      [Ref Enq: 0.6 ms]
      [Free CSet: 4.8 ms]
   [Eden: 1557.0M(1557.0M)->0.0B(1562.0M) Survivors: 19.0M->14.0M Heap: 1987.9M(2252.0M)->426.1M(2252.0M)]
 [Times: user=0.47 sys=0.01, real=0.04 secs] 

 Concurrent RS processed 4395456 cards
  Of 133415 completed buffers:
       133415 (100.0%) by conc RS threads.
            0 (  0.0%) by mutator threads.
  Conc RS threads times(s)
          0.00     0.00     0.00     0.00     0.00     0.00     0.00     0.00     0.00     0.00     0.00     0.00     0.00     0.00     0.00     0.00     0.00     0.00     0.00
  Total heap region rem set sizes = 6249K.  Max = 34K.
  Static structures = 369K, free_lists = 294K.
    374984 occupied cards represented.
    Max size region = 0:(O)[0x0000000763400000,0x00000007634ffff0,0x0000000763500000], size = 35K, occupied = 98K.
    Did 6163 coarsenings.
2014-08-01T10:26:52.022-0500: 5432.465: [GC pause (young) 5432.465: [G1Ergonomics (CSet Construction) start choosing CSet, _pending_cards: 5995, predicted base time: 21.63 ms, remaining time: 78.37 ms, target pause time: 100.00 ms]
 5432.466: [G1Ergonomics (CSet Construction) add young regions to CSet, eden: 1562 regions, survivors: 14 regions, predicted young region time: 29.26 ms]
 5432.466: [G1Ergonomics (CSet Construction) finish choosing CSet, eden: 1562 regions, survivors: 14 regions, old: 0 regions, predicted pause time: 50.89 ms, target pause time: 100.00 ms]
, 0.0481360 secs]
   [Parallel Time: 26.7 ms, GC Workers: 18]
      [GC Worker Start (ms): Min: 5432465.7, Avg: 5432465.9, Max: 5432466.1, Diff: 0.3]
      [Ext Root Scanning (ms): Min: 6.9, Avg: 8.4, Max: 11.9, Diff: 5.1, Sum: 151.7]
      [Update RS (ms): Min: 0.0, Avg: 1.8, Max: 4.5, Diff: 4.5, Sum: 31.9]
         [Processed Buffers: Min: 0, Avg: 7.9, Max: 17, Diff: 17, Sum: 143]
      [Scan RS (ms): Min: 0.2, Avg: 0.8, Max: 2.7, Diff: 2.5, Sum: 14.9]
      [Object Copy (ms): Min: 7.8, Avg: 10.2, Max: 14.5, Diff: 6.7, Sum: 183.5]
      [Termination (ms): Min: 0.0, Avg: 4.7, Max: 5.0, Diff: 5.0, Sum: 83.8]
      [GC Worker Other (ms): Min: 0.0, Avg: 0.2, Max: 0.4, Diff: 0.3, Sum: 3.3]
      [GC Worker Total (ms): Min: 25.8, Avg: 26.1, Max: 26.3, Diff: 0.5, Sum: 469.1]
      [GC Worker End (ms): Min: 5432491.8, Avg: 5432492.0, Max: 5432492.2, Diff: 0.4]
   [Code Root Fixup: 0.0 ms]
   [Clear CT: 1.9 ms]
   [Other: 19.6 ms]
      [Choose CSet: 0.0 ms]
      [Ref Proc: 12.5 ms]
      [Ref Enq: 0.9 ms]
      [Free CSet: 5.4 ms]
   [Eden: 1562.0M(1562.0M)->0.0B(1563.0M) Survivors: 14.0M->13.0M Heap: 1988.1M(2252.0M)->425.1M(2252.0M)]
 [Times: user=0.51 sys=0.00, real=0.05 secs] 

 Concurrent RS processed 4397917 cards
  Of 133558 completed buffers:
       133558 (100.0%) by conc RS threads.
            0 (  0.0%) by mutator threads.
  Conc RS threads times(s)
          0.00     0.00     0.00     0.00     0.00     0.00     0.00     0.00     0.00     0.00     0.00     0.00     0.00     0.00     0.00     0.00     0.00     0.00     0.00
  Total heap region rem set sizes = 6250K.  Max = 34K.
  Static structures = 369K, free_lists = 293K.
    375487 occupied cards represented.
    Max size region = 0:(O)[0x0000000763400000,0x00000007634ffff0,0x0000000763500000], size = 35K, occupied = 98K.
    Did 6163 coarsenings.
2014-08-01T10:26:58.166-0500: 5438.610: [GC pause (young) 5438.610: [G1Ergonomics (CSet Construction) start choosing CSet, _pending_cards: 5712, predicted base time: 23.88 ms, remaining time: 76.12 ms, target pause time: 100.00 ms]
 5438.610: [G1Ergonomics (CSet Construction) add young regions to CSet, eden: 1563 regions, survivors: 13 regions, predicted young region time: 15.44 ms]
 5438.610: [G1Ergonomics (CSet Construction) finish choosing CSet, eden: 1563 regions, survivors: 13 regions, old: 0 regions, predicted pause time: 39.32 ms, target pause time: 100.00 ms]
, 0.0395400 secs]
   [Parallel Time: 24.8 ms, GC Workers: 18]
      [GC Worker Start (ms): Min: 5438609.9, Avg: 5438610.3, Max: 5438610.9, Diff: 1.0]
      [Ext Root Scanning (ms): Min: 6.9, Avg: 8.6, Max: 13.6, Diff: 6.7, Sum: 154.5]
      [Update RS (ms): Min: 0.0, Avg: 1.7, Max: 4.7, Diff: 4.7, Sum: 31.1]
         [Processed Buffers: Min: 0, Avg: 7.8, Max: 29, Diff: 29, Sum: 141]
      [Scan RS (ms): Min: 0.2, Avg: 0.7, Max: 1.0, Diff: 0.8, Sum: 12.9]
      [Object Copy (ms): Min: 6.8, Avg: 9.6, Max: 12.3, Diff: 5.5, Sum: 173.4]
      [Termination (ms): Min: 0.0, Avg: 2.1, Max: 2.5, Diff: 2.5, Sum: 38.6]
      [GC Worker Other (ms): Min: 0.0, Avg: 0.3, Max: 1.5, Diff: 1.5, Sum: 6.1]
      [GC Worker Total (ms): Min: 22.3, Avg: 23.1, Max: 24.5, Diff: 2.1, Sum: 416.6]
      [GC Worker End (ms): Min: 5438633.1, Avg: 5438633.4, Max: 5438634.6, Diff: 1.5]
   [Code Root Fixup: 0.0 ms]
   [Clear CT: 1.8 ms]
   [Other: 13.0 ms]
      [Choose CSet: 0.0 ms]
      [Ref Proc: 7.4 ms]
      [Ref Enq: 0.5 ms]
      [Free CSet: 4.4 ms]
   [Eden: 1563.0M(1563.0M)->0.0B(1552.0M) Survivors: 13.0M->24.0M Heap: 1988.1M(2252.0M)->436.0M(2252.0M)]
 [Times: user=0.42 sys=0.02, real=0.04 secs] 

 Concurrent RS processed 4400307 cards
  Of 133699 completed buffers:
       133699 (100.0%) by conc RS threads.
            0 (  0.0%) by mutator threads.
  Conc RS threads times(s)
          0.00     0.00     0.00     0.00     0.00     0.00     0.00     0.00     0.00     0.00     0.00     0.00     0.00     0.00     0.00     0.00     0.00     0.00     0.00
  Total heap region rem set sizes = 6249K.  Max = 34K.
  Static structures = 369K, free_lists = 293K.
    375723 occupied cards represented.
    Max size region = 0:(O)[0x0000000763400000,0x00000007634ffff0,0x0000000763500000], size = 35K, occupied = 98K.
    Did 6163 coarsenings.
2014-08-01T10:27:04.150-0500: 5444.593: [GC pause (young) 5444.593: [G1Ergonomics (CSet Construction) start choosing CSet, _pending_cards: 5477, predicted base time: 23.61 ms, remaining time: 76.39 ms, target pause time: 100.00 ms]
 5444.593: [G1Ergonomics (CSet Construction) add young regions to CSet, eden: 1552 regions, survivors: 24 regions, predicted young region time: 13.43 ms]
 5444.593: [G1Ergonomics (CSet Construction) finish choosing CSet, eden: 1552 regions, survivors: 24 regions, old: 0 regions, predicted pause time: 37.04 ms, target pause time: 100.00 ms]
, 0.0393100 secs]
   [Parallel Time: 24.4 ms, GC Workers: 18]
      [GC Worker Start (ms): Min: 5444593.3, Avg: 5444593.5, Max: 5444593.6, Diff: 0.3]
      [Ext Root Scanning (ms): Min: 4.9, Avg: 6.5, Max: 11.1, Diff: 6.2, Sum: 117.3]
      [Update RS (ms): Min: 0.0, Avg: 1.5, Max: 2.9, Diff: 2.9, Sum: 26.2]
         [Processed Buffers: Min: 0, Avg: 8.1, Max: 28, Diff: 28, Sum: 145]
      [Scan RS (ms): Min: 0.2, Avg: 0.7, Max: 0.9, Diff: 0.7, Sum: 11.8]
      [Object Copy (ms): Min: 9.4, Avg: 12.3, Max: 13.8, Diff: 4.4, Sum: 221.5]
      [Termination (ms): Min: 0.0, Avg: 1.6, Max: 1.8, Diff: 1.8, Sum: 28.4]
      [GC Worker Other (ms): Min: 0.0, Avg: 0.2, Max: 0.3, Diff: 0.3, Sum: 3.0]
      [GC Worker Total (ms): Min: 22.4, Avg: 22.7, Max: 22.9, Diff: 0.5, Sum: 408.2]
      [GC Worker End (ms): Min: 5444616.0, Avg: 5444616.2, Max: 5444616.3, Diff: 0.3]
   [Code Root Fixup: 0.0 ms]
   [Clear CT: 2.9 ms]
   [Other: 12.0 ms]
      [Choose CSet: 0.0 ms]
      [Ref Proc: 6.3 ms]
      [Ref Enq: 0.6 ms]
      [Free CSet: 4.5 ms]
   [Eden: 1552.0M(1552.0M)->0.0B(1557.0M) Survivors: 24.0M->19.0M Heap: 1988.0M(2252.0M)->430.9M(2252.0M)]
 [Times: user=0.45 sys=0.01, real=0.04 secs] 

 Concurrent RS processed 4402678 cards
  Of 133844 completed buffers:
       133844 (100.0%) by conc RS threads.
            0 (  0.0%) by mutator threads.
  Conc RS threads times(s)
          0.00     0.00     0.00     0.00     0.00     0.00     0.00     0.00     0.00     0.00     0.00     0.00     0.00     0.00     0.00     0.00     0.00     0.00     0.00
  Total heap region rem set sizes = 6250K.  Max = 34K.
  Static structures = 369K, free_lists = 293K.
    376021 occupied cards represented.
    Max size region = 0:(O)[0x0000000763400000,0x00000007634ffff0,0x0000000763500000], size = 35K, occupied = 98K.
    Did 6163 coarsenings.
2014-08-01T10:27:10.183-0500: 5450.626: [GC pause (young) 5450.627: [G1Ergonomics (CSet Construction) start choosing CSet, _pending_cards: 5991, predicted base time: 22.97 ms, remaining time: 77.03 ms, target pause time: 100.00 ms]
 5450.627: [G1Ergonomics (CSet Construction) add young regions to CSet, eden: 1557 regions, survivors: 19 regions, predicted young region time: 14.30 ms]
 5450.627: [G1Ergonomics (CSet Construction) finish choosing CSet, eden: 1557 regions, survivors: 19 regions, old: 0 regions, predicted pause time: 37.27 ms, target pause time: 100.00 ms]
, 0.0367890 secs]
   [Parallel Time: 20.0 ms, GC Workers: 18]
      [GC Worker Start (ms): Min: 5450626.8, Avg: 5450627.0, Max: 5450627.2, Diff: 0.3]
      [Ext Root Scanning (ms): Min: 5.9, Avg: 7.0, Max: 9.0, Diff: 3.1, Sum: 126.0]
      [Update RS (ms): Min: 0.0, Avg: 1.6, Max: 3.6, Diff: 3.6, Sum: 28.6]
         [Processed Buffers: Min: 0, Avg: 8.1, Max: 25, Diff: 25, Sum: 146]
      [Scan RS (ms): Min: 0.2, Avg: 0.8, Max: 2.1, Diff: 1.9, Sum: 13.6]
      [Object Copy (ms): Min: 6.8, Avg: 9.1, Max: 10.0, Diff: 3.2, Sum: 164.5]
      [Termination (ms): Min: 0.1, Avg: 0.9, Max: 2.2, Diff: 2.1, Sum: 16.9]
      [GC Worker Other (ms): Min: 0.0, Avg: 0.2, Max: 0.4, Diff: 0.3, Sum: 3.7]
      [GC Worker Total (ms): Min: 19.4, Avg: 19.6, Max: 19.9, Diff: 0.5, Sum: 353.3]
      [GC Worker End (ms): Min: 5450646.5, Avg: 5450646.7, Max: 5450646.8, Diff: 0.3]
   [Code Root Fixup: 0.0 ms]
   [Clear CT: 1.9 ms]
   [Other: 14.8 ms]
      [Choose CSet: 0.0 ms]
      [Ref Proc: 9.1 ms]
      [Ref Enq: 0.6 ms]
      [Free CSet: 4.5 ms]
   [Eden: 1557.0M(1557.0M)->0.0B(1564.0M) Survivors: 19.0M->12.0M Heap: 1987.9M(2252.0M)->424.2M(2252.0M)]
 [Times: user=0.43 sys=0.00, real=0.04 secs] 

 Concurrent RS processed 4405061 cards
  Of 133990 completed buffers:
       133990 (100.0%) by conc RS threads.
            0 (  0.0%) by mutator threads.
  Conc RS threads times(s)
          0.00     0.00     0.00     0.00     0.00     0.00     0.00     0.00     0.00     0.00     0.00     0.00     0.00     0.00     0.00     0.00     0.00     0.00     0.00
  Total heap region rem set sizes = 6251K.  Max = 34K.
  Static structures = 369K, free_lists = 293K.
    376360 occupied cards represented.
    Max size region = 0:(O)[0x0000000763400000,0x00000007634ffff0,0x0000000763500000], size = 35K, occupied = 98K.
    Did 6163 coarsenings.
2014-08-01T10:27:16.454-0500: 5456.898: [GC pause (young) 5456.898: [G1Ergonomics (CSet Construction) start choosing CSet, _pending_cards: 6235, predicted base time: 22.73 ms, remaining time: 77.27 ms, target pause time: 100.00 ms]
 5456.898: [G1Ergonomics (CSet Construction) add young regions to CSet, eden: 1564 regions, survivors: 12 regions, predicted young region time: 26.26 ms]
 5456.898: [G1Ergonomics (CSet Construction) finish choosing CSet, eden: 1564 regions, survivors: 12 regions, old: 0 regions, predicted pause time: 48.99 ms, target pause time: 100.00 ms]
, 0.0400010 secs]
   [Parallel Time: 23.5 ms, GC Workers: 18]
      [GC Worker Start (ms): Min: 5456898.0, Avg: 5456898.1, Max: 5456898.3, Diff: 0.3]
      [Ext Root Scanning (ms): Min: 4.3, Avg: 6.6, Max: 11.4, Diff: 7.1, Sum: 118.5]
      [Update RS (ms): Min: 0.0, Avg: 1.6, Max: 3.5, Diff: 3.5, Sum: 29.3]
         [Processed Buffers: Min: 0, Avg: 8.0, Max: 23, Diff: 23, Sum: 144]
      [Scan RS (ms): Min: 0.2, Avg: 0.8, Max: 1.9, Diff: 1.7, Sum: 14.0]
      [Object Copy (ms): Min: 4.9, Avg: 8.3, Max: 14.0, Diff: 9.1, Sum: 149.1]
      [Termination (ms): Min: 0.0, Avg: 5.5, Max: 6.4, Diff: 6.4, Sum: 98.2]
      [GC Worker Other (ms): Min: 0.0, Avg: 0.2, Max: 0.4, Diff: 0.4, Sum: 3.4]
      [GC Worker Total (ms): Min: 22.7, Avg: 22.9, Max: 23.3, Diff: 0.6, Sum: 412.5]
      [GC Worker End (ms): Min: 5456920.9, Avg: 5456921.1, Max: 5456921.3, Diff: 0.4]
   [Code Root Fixup: 0.0 ms]
   [Clear CT: 1.8 ms]
   [Other: 14.8 ms]
      [Choose CSet: 0.0 ms]
      [Ref Proc: 8.9 ms]
      [Ref Enq: 0.8 ms]
      [Free CSet: 4.4 ms]
   [Eden: 1564.0M(1564.0M)->0.0B(1564.0M) Survivors: 12.0M->12.0M Heap: 1988.2M(2252.0M)->424.0M(2252.0M)]
 [Times: user=0.45 sys=0.01, real=0.04 secs] 

 Concurrent RS processed 4407378 cards
  Of 134134 completed buffers:
       134134 (100.0%) by conc RS threads.
            0 (  0.0%) by mutator threads.
  Conc RS threads times(s)
          0.00     0.00     0.00     0.00     0.00     0.00     0.00     0.00     0.00     0.00     0.00     0.00     0.00     0.00     0.00     0.00     0.00     0.00     0.00
  Total heap region rem set sizes = 6252K.  Max = 34K.
  Static structures = 369K, free_lists = 293K.
    376661 occupied cards represented.
    Max size region = 0:(O)[0x0000000763400000,0x00000007634ffff0,0x0000000763500000], size = 35K, occupied = 98K.
    Did 6163 coarsenings.
2014-08-01T10:27:22.148-0500: 5462.591: [GC pause (young) 5462.591: [G1Ergonomics (CSet Construction) start choosing CSet, _pending_cards: 5659, predicted base time: 22.19 ms, remaining time: 77.81 ms, target pause time: 100.00 ms]
 5462.591: [G1Ergonomics (CSet Construction) add young regions to CSet, eden: 1564 regions, survivors: 12 regions, predicted young region time: 23.09 ms]
 5462.591: [G1Ergonomics (CSet Construction) finish choosing CSet, eden: 1564 regions, survivors: 12 regions, old: 0 regions, predicted pause time: 45.28 ms, target pause time: 100.00 ms]
, 0.0356610 secs]
   [Parallel Time: 16.7 ms, GC Workers: 18]
      [GC Worker Start (ms): Min: 5462591.4, Avg: 5462591.6, Max: 5462591.7, Diff: 0.3]
      [Ext Root Scanning (ms): Min: 5.9, Avg: 7.5, Max: 12.1, Diff: 6.3, Sum: 135.5]
      [Update RS (ms): Min: 0.0, Avg: 1.6, Max: 3.8, Diff: 3.8, Sum: 28.9]
         [Processed Buffers: Min: 0, Avg: 7.4, Max: 26, Diff: 26, Sum: 133]
      [Scan RS (ms): Min: 0.2, Avg: 0.7, Max: 0.9, Diff: 0.7, Sum: 13.0]
      [Object Copy (ms): Min: 3.8, Avg: 6.2, Max: 6.8, Diff: 3.0, Sum: 111.0]
      [Termination (ms): Min: 0.0, Avg: 0.0, Max: 0.0, Diff: 0.0, Sum: 0.7]
      [GC Worker Other (ms): Min: 0.0, Avg: 0.2, Max: 0.4, Diff: 0.4, Sum: 3.8]
      [GC Worker Total (ms): Min: 16.1, Avg: 16.3, Max: 16.5, Diff: 0.4, Sum: 292.8]
      [GC Worker End (ms): Min: 5462607.7, Avg: 5462607.8, Max: 5462608.0, Diff: 0.4]
   [Code Root Fixup: 0.0 ms]
   [Clear CT: 1.9 ms]
   [Other: 17.1 ms]
      [Choose CSet: 0.0 ms]
      [Ref Proc: 11.2 ms]
      [Ref Enq: 0.4 ms]
      [Free CSet: 4.8 ms]
   [Eden: 1564.0M(1564.0M)->0.0B(1559.0M) Survivors: 12.0M->17.0M Heap: 1988.0M(2252.0M)->429.5M(2252.0M)]
 [Times: user=0.39 sys=0.01, real=0.04 secs] 

 Concurrent RS processed 4409654 cards
  Of 134267 completed buffers:
       134267 (100.0%) by conc RS threads.
            0 (  0.0%) by mutator threads.
  Conc RS threads times(s)
          0.00     0.00     0.00     0.00     0.00     0.00     0.00     0.00     0.00     0.00     0.00     0.00     0.00     0.00     0.00     0.00     0.00     0.00     0.00
  Total heap region rem set sizes = 6253K.  Max = 34K.
  Static structures = 369K, free_lists = 292K.
    376934 occupied cards represented.
    Max size region = 0:(O)[0x0000000763400000,0x00000007634ffff0,0x0000000763500000], size = 35K, occupied = 98K.
    Did 6163 coarsenings.
2014-08-01T10:27:28.191-0500: 5468.634: [GC pause (young) 5468.634: [G1Ergonomics (CSet Construction) start choosing CSet, _pending_cards: 5706, predicted base time: 22.94 ms, remaining time: 77.06 ms, target pause time: 100.00 ms]
 5468.634: [G1Ergonomics (CSet Construction) add young regions to CSet, eden: 1559 regions, survivors: 17 regions, predicted young region time: 23.54 ms]
 5468.634: [G1Ergonomics (CSet Construction) finish choosing CSet, eden: 1559 regions, survivors: 17 regions, old: 0 regions, predicted pause time: 46.48 ms, target pause time: 100.00 ms]
, 0.0339430 secs]
   [Parallel Time: 18.7 ms, GC Workers: 18]
      [GC Worker Start (ms): Min: 5468634.3, Avg: 5468634.4, Max: 5468634.6, Diff: 0.3]
      [Ext Root Scanning (ms): Min: 5.0, Avg: 6.6, Max: 11.7, Diff: 6.8, Sum: 119.4]
      [Update RS (ms): Min: 0.0, Avg: 1.6, Max: 3.7, Diff: 3.7, Sum: 29.1]
         [Processed Buffers: Min: 0, Avg: 7.8, Max: 22, Diff: 22, Sum: 141]
      [Scan RS (ms): Min: 0.2, Avg: 0.7, Max: 1.0, Diff: 0.8, Sum: 12.9]
      [Object Copy (ms): Min: 5.9, Avg: 8.8, Max: 9.4, Diff: 3.5, Sum: 158.0]
      [Termination (ms): Min: 0.1, Avg: 0.2, Max: 0.2, Diff: 0.2, Sum: 3.4]
      [GC Worker Other (ms): Min: 0.0, Avg: 0.2, Max: 0.4, Diff: 0.3, Sum: 3.4]
      [GC Worker Total (ms): Min: 17.8, Avg: 18.1, Max: 18.3, Diff: 0.5, Sum: 326.1]
      [GC Worker End (ms): Min: 5468652.4, Avg: 5468652.6, Max: 5468652.7, Diff: 0.3]
   [Code Root Fixup: 0.0 ms]
   [Clear CT: 1.7 ms]
   [Other: 13.5 ms]
      [Choose CSet: 0.0 ms]
      [Ref Proc: 7.1 ms]
      [Ref Enq: 0.5 ms]
      [Free CSet: 5.3 ms]
   [Eden: 1559.0M(1559.0M)->0.0B(1562.0M) Survivors: 17.0M->14.0M Heap: 1988.5M(2252.0M)->426.1M(2252.0M)]
 [Times: user=0.39 sys=0.01, real=0.03 secs] 

 Concurrent RS processed 4411975 cards
  Of 134408 completed buffers:
       134408 (100.0%) by conc RS threads.
            0 (  0.0%) by mutator threads.
  Conc RS threads times(s)
          0.00     0.00     0.00     0.00     0.00     0.00     0.00     0.00     0.00     0.00     0.00     0.00     0.00     0.00     0.00     0.00     0.00     0.00     0.00
  Total heap region rem set sizes = 6254K.  Max = 34K.
  Static structures = 369K, free_lists = 292K.
    377197 occupied cards represented.
    Max size region = 0:(O)[0x0000000763400000,0x00000007634ffff0,0x0000000763500000], size = 35K, occupied = 98K.
    Did 6163 coarsenings.
2014-08-01T10:27:34.331-0500: 5474.774: [GC pause (young) 5474.774: [G1Ergonomics (CSet Construction) start choosing CSet, _pending_cards: 5738, predicted base time: 22.07 ms, remaining time: 77.93 ms, target pause time: 100.00 ms]
 5474.774: [G1Ergonomics (CSet Construction) add young regions to CSet, eden: 1562 regions, survivors: 14 regions, predicted young region time: 13.41 ms]
 5474.774: [G1Ergonomics (CSet Construction) finish choosing CSet, eden: 1562 regions, survivors: 14 regions, old: 0 regions, predicted pause time: 35.48 ms, target pause time: 100.00 ms]
, 0.0401470 secs]
   [Parallel Time: 26.6 ms, GC Workers: 18]
      [GC Worker Start (ms): Min: 5474774.4, Avg: 5474774.5, Max: 5474774.7, Diff: 0.3]
      [Ext Root Scanning (ms): Min: 5.8, Avg: 6.7, Max: 10.0, Diff: 4.2, Sum: 119.9]
      [Update RS (ms): Min: 0.0, Avg: 1.7, Max: 3.5, Diff: 3.5, Sum: 30.6]
         [Processed Buffers: Min: 0, Avg: 8.2, Max: 18, Diff: 18, Sum: 147]
      [Scan RS (ms): Min: 0.2, Avg: 0.8, Max: 2.7, Diff: 2.5, Sum: 14.1]
      [Object Copy (ms): Min: 10.7, Avg: 12.5, Max: 17.0, Diff: 6.3, Sum: 224.5]
      [Termination (ms): Min: 0.0, Avg: 4.3, Max: 4.6, Diff: 4.6, Sum: 77.4]
      [GC Worker Other (ms): Min: 0.0, Avg: 0.2, Max: 0.3, Diff: 0.3, Sum: 2.9]
      [GC Worker Total (ms): Min: 25.8, Avg: 26.1, Max: 26.3, Diff: 0.5, Sum: 469.3]
      [GC Worker End (ms): Min: 5474800.4, Avg: 5474800.6, Max: 5474800.7, Diff: 0.3]
   [Code Root Fixup: 0.0 ms]
   [Clear CT: 1.9 ms]
   [Other: 11.6 ms]
      [Choose CSet: 0.0 ms]
      [Ref Proc: 6.0 ms]
      [Ref Enq: 0.4 ms]
      [Free CSet: 4.6 ms]
   [Eden: 1562.0M(1562.0M)->0.0B(1562.0M) Survivors: 14.0M->14.0M Heap: 1988.1M(2252.0M)->425.9M(2252.0M)]
 [Times: user=0.51 sys=0.00, real=0.04 secs] 

 Concurrent RS processed 4414254 cards
  Of 134555 completed buffers:
       134555 (100.0%) by conc RS threads.
            0 (  0.0%) by mutator threads.
  Conc RS threads times(s)
          0.00     0.00     0.00     0.00     0.00     0.00     0.00     0.00     0.00     0.00     0.00     0.00     0.00     0.00     0.00     0.00     0.00     0.00     0.00
  Total heap region rem set sizes = 6254K.  Max = 34K.
  Static structures = 369K, free_lists = 292K.
    377433 occupied cards represented.
    Max size region = 0:(O)[0x0000000763400000,0x00000007634ffff0,0x0000000763500000], size = 35K, occupied = 98K.
    Did 6163 coarsenings.
2014-08-01T10:27:40.446-0500: 5480.889: [GC pause (young) 5480.889: [G1Ergonomics (CSet Construction) start choosing CSet, _pending_cards: 5516, predicted base time: 21.11 ms, remaining time: 78.89 ms, target pause time: 100.00 ms]
 5480.889: [G1Ergonomics (CSet Construction) add young regions to CSet, eden: 1562 regions, survivors: 14 regions, predicted young region time: 17.02 ms]
 5480.889: [G1Ergonomics (CSet Construction) finish choosing CSet, eden: 1562 regions, survivors: 14 regions, old: 0 regions, predicted pause time: 38.13 ms, target pause time: 100.00 ms]
, 0.0353490 secs]
   [Parallel Time: 17.8 ms, GC Workers: 18]
      [GC Worker Start (ms): Min: 5480889.2, Avg: 5480889.4, Max: 5480889.6, Diff: 0.3]
      [Ext Root Scanning (ms): Min: 5.9, Avg: 6.9, Max: 10.9, Diff: 5.0, Sum: 123.3]
      [Update RS (ms): Min: 0.0, Avg: 1.6, Max: 3.7, Diff: 3.7, Sum: 28.4]
         [Processed Buffers: Min: 0, Avg: 7.6, Max: 20, Diff: 20, Sum: 137]
      [Scan RS (ms): Min: 0.2, Avg: 0.8, Max: 2.8, Diff: 2.6, Sum: 14.4]
      [Object Copy (ms): Min: 4.6, Avg: 6.5, Max: 7.4, Diff: 2.8, Sum: 116.9]
      [Termination (ms): Min: 0.0, Avg: 0.8, Max: 1.7, Diff: 1.7, Sum: 14.5]
      [GC Worker Other (ms): Min: 0.0, Avg: 0.2, Max: 0.4, Diff: 0.3, Sum: 3.6]
      [GC Worker Total (ms): Min: 16.4, Avg: 16.7, Max: 17.5, Diff: 1.1, Sum: 301.0]
      [GC Worker End (ms): Min: 5480905.9, Avg: 5480906.1, Max: 5480906.8, Diff: 0.8]
   [Code Root Fixup: 0.0 ms]
   [Clear CT: 2.2 ms]
   [Other: 15.4 ms]
      [Choose CSet: 0.0 ms]
      [Ref Proc: 8.3 ms]
      [Ref Enq: 0.6 ms]
      [Free CSet: 5.9 ms]
   [Eden: 1562.0M(1562.0M)->0.0B(1557.0M) Survivors: 14.0M->19.0M Heap: 1987.9M(2252.0M)->431.4M(2252.0M)]
 [Times: user=0.36 sys=0.00, real=0.03 secs] 

 Concurrent RS processed 4416514 cards
  Of 134692 completed buffers:
       134692 (100.0%) by conc RS threads.
            0 (  0.0%) by mutator threads.
  Conc RS threads times(s)
          0.00     0.00     0.00     0.00     0.00     0.00     0.00     0.00     0.00     0.00     0.00     0.00     0.00     0.00     0.00     0.00     0.00     0.00     0.00
  Total heap region rem set sizes = 6256K.  Max = 34K.
  Static structures = 369K, free_lists = 292K.
    377704 occupied cards represented.
    Max size region = 0:(O)[0x0000000763400000,0x00000007634ffff0,0x0000000763500000], size = 35K, occupied = 98K.
    Did 6163 coarsenings.
2014-08-01T10:27:46.619-0500: 5487.062: [GC pause (young) 5487.063: [G1Ergonomics (CSet Construction) start choosing CSet, _pending_cards: 5459, predicted base time: 21.31 ms, remaining time: 78.69 ms, target pause time: 100.00 ms]
 5487.063: [G1Ergonomics (CSet Construction) add young regions to CSet, eden: 1557 regions, survivors: 19 regions, predicted young region time: 11.53 ms]
 5487.063: [G1Ergonomics (CSet Construction) finish choosing CSet, eden: 1557 regions, survivors: 19 regions, old: 0 regions, predicted pause time: 32.83 ms, target pause time: 100.00 ms]
, 0.0363480 secs]
   [Parallel Time: 21.8 ms, GC Workers: 18]
      [GC Worker Start (ms): Min: 5487062.8, Avg: 5487063.0, Max: 5487063.2, Diff: 0.3]
      [Ext Root Scanning (ms): Min: 6.0, Avg: 6.6, Max: 8.3, Diff: 2.3, Sum: 118.4]
      [Update RS (ms): Min: 0.3, Avg: 1.5, Max: 3.3, Diff: 3.0, Sum: 27.2]
         [Processed Buffers: Min: 1, Avg: 7.6, Max: 19, Diff: 18, Sum: 136]
      [Scan RS (ms): Min: 0.2, Avg: 0.7, Max: 0.9, Diff: 0.7, Sum: 13.0]
      [Object Copy (ms): Min: 9.2, Avg: 10.3, Max: 10.8, Diff: 1.6, Sum: 184.8]
      [Termination (ms): Min: 0.0, Avg: 0.2, Max: 0.3, Diff: 0.3, Sum: 4.2]
      [GC Worker Other (ms): Min: 0.0, Avg: 1.3, Max: 2.3, Diff: 2.2, Sum: 23.5]
      [GC Worker Total (ms): Min: 19.5, Avg: 20.6, Max: 21.6, Diff: 2.1, Sum: 371.2]
      [GC Worker End (ms): Min: 5487082.3, Avg: 5487083.6, Max: 5487084.5, Diff: 2.2]
   [Code Root Fixup: 0.0 ms]
   [Clear CT: 1.8 ms]
   [Other: 12.7 ms]
      [Choose CSet: 0.0 ms]
      [Ref Proc: 7.1 ms]
      [Ref Enq: 0.4 ms]
      [Free CSet: 4.6 ms]
   [Eden: 1557.0M(1557.0M)->0.0B(1562.0M) Survivors: 19.0M->14.0M Heap: 1988.4M(2252.0M)->426.4M(2252.0M)]
 [Times: user=0.40 sys=0.01, real=0.04 secs] 

 Concurrent RS processed 4418770 cards
  Of 134828 completed buffers:
       134828 (100.0%) by conc RS threads.
            0 (  0.0%) by mutator threads.
  Conc RS threads times(s)
          0.00     0.00     0.00     0.00     0.00     0.00     0.00     0.00     0.00     0.00     0.00     0.00     0.00     0.00     0.00     0.00     0.00     0.00     0.00
  Total heap region rem set sizes = 6255K.  Max = 34K.
  Static structures = 369K, free_lists = 292K.
    377926 occupied cards represented.
    Max size region = 0:(O)[0x0000000763400000,0x00000007634ffff0,0x0000000763500000], size = 35K, occupied = 98K.
    Did 6163 coarsenings.
2014-08-01T10:27:52.717-0500: 5493.161: [GC pause (young) 5493.161: [G1Ergonomics (CSet Construction) start choosing CSet, _pending_cards: 5744, predicted base time: 21.21 ms, remaining time: 78.79 ms, target pause time: 100.00 ms]
 5493.161: [G1Ergonomics (CSet Construction) add young regions to CSet, eden: 1562 regions, survivors: 14 regions, predicted young region time: 15.59 ms]
 5493.161: [G1Ergonomics (CSet Construction) finish choosing CSet, eden: 1562 regions, survivors: 14 regions, old: 0 regions, predicted pause time: 36.80 ms, target pause time: 100.00 ms]
, 0.0370030 secs]
   [Parallel Time: 20.1 ms, GC Workers: 18]
      [GC Worker Start (ms): Min: 5493160.9, Avg: 5493161.2, Max: 5493161.4, Diff: 0.4]
      [Ext Root Scanning (ms): Min: 5.7, Avg: 7.5, Max: 11.1, Diff: 5.4, Sum: 135.6]
      [Update RS (ms): Min: 0.0, Avg: 1.5, Max: 3.1, Diff: 3.1, Sum: 27.5]
         [Processed Buffers: Min: 0, Avg: 7.8, Max: 25, Diff: 25, Sum: 141]
      [Scan RS (ms): Min: 0.2, Avg: 0.7, Max: 1.0, Diff: 0.7, Sum: 12.1]
      [Object Copy (ms): Min: 6.7, Avg: 8.2, Max: 9.3, Diff: 2.5, Sum: 147.5]
      [Termination (ms): Min: 0.1, Avg: 0.7, Max: 1.8, Diff: 1.7, Sum: 13.0]
      [GC Worker Other (ms): Min: 0.0, Avg: 0.1, Max: 0.3, Diff: 0.2, Sum: 2.5]
      [GC Worker Total (ms): Min: 18.4, Avg: 18.8, Max: 19.8, Diff: 1.4, Sum: 338.2]
      [GC Worker End (ms): Min: 5493179.7, Avg: 5493180.0, Max: 5493180.8, Diff: 1.1]
   [Code Root Fixup: 0.0 ms]
   [Clear CT: 2.0 ms]
   [Other: 14.9 ms]
      [Choose CSet: 0.0 ms]
      [Ref Proc: 8.6 ms]
      [Ref Enq: 1.2 ms]
      [Free CSet: 4.5 ms]
   [Eden: 1562.0M(1562.0M)->0.0B(1562.0M) Survivors: 14.0M->14.0M Heap: 1988.4M(2252.0M)->426.2M(2252.0M)]
 [Times: user=0.41 sys=0.01, real=0.04 secs] 

 Concurrent RS processed 4421136 cards
  Of 134969 completed buffers:
       134969 (100.0%) by conc RS threads.
            0 (  0.0%) by mutator threads.
  Conc RS threads times(s)
          0.00     0.00     0.00     0.00     0.00     0.00     0.00     0.00     0.00     0.00     0.00     0.00     0.00     0.00     0.00     0.00     0.00     0.00     0.00
  Total heap region rem set sizes = 6255K.  Max = 34K.
  Static structures = 369K, free_lists = 292K.
    378199 occupied cards represented.
    Max size region = 0:(O)[0x0000000763400000,0x00000007634ffff0,0x0000000763500000], size = 35K, occupied = 99K.
    Did 6163 coarsenings.
2014-08-01T10:27:58.460-0500: 5498.903: [GC pause (young) 5498.903: [G1Ergonomics (CSet Construction) start choosing CSet, _pending_cards: 5962, predicted base time: 22.00 ms, remaining time: 78.00 ms, target pause time: 100.00 ms]
 5498.903: [G1Ergonomics (CSet Construction) add young regions to CSet, eden: 1562 regions, survivors: 14 regions, predicted young region time: 15.35 ms]
 5498.903: [G1Ergonomics (CSet Construction) finish choosing CSet, eden: 1562 regions, survivors: 14 regions, old: 0 regions, predicted pause time: 37.35 ms, target pause time: 100.00 ms]
, 0.0448520 secs]
   [Parallel Time: 25.7 ms, GC Workers: 18]
      [GC Worker Start (ms): Min: 5498903.3, Avg: 5498903.4, Max: 5498903.6, Diff: 0.3]
      [Ext Root Scanning (ms): Min: 6.7, Avg: 9.1, Max: 11.5, Diff: 4.8, Sum: 163.7]
      [Update RS (ms): Min: 0.0, Avg: 2.2, Max: 7.4, Diff: 7.4, Sum: 39.5]
         [Processed Buffers: Min: 0, Avg: 7.9, Max: 21, Diff: 21, Sum: 142]
      [Scan RS (ms): Min: 0.2, Avg: 0.9, Max: 1.3, Diff: 1.1, Sum: 16.8]
      [Object Copy (ms): Min: 6.2, Avg: 10.5, Max: 12.6, Diff: 6.4, Sum: 189.1]
      [Termination (ms): Min: 0.0, Avg: 1.1, Max: 1.6, Diff: 1.6, Sum: 20.1]
      [GC Worker Other (ms): Min: 0.0, Avg: 0.2, Max: 0.4, Diff: 0.4, Sum: 3.1]
      [GC Worker Total (ms): Min: 23.8, Avg: 24.0, Max: 24.3, Diff: 0.6, Sum: 432.4]
      [GC Worker End (ms): Min: 5498927.3, Avg: 5498927.4, Max: 5498927.7, Diff: 0.4]
   [Code Root Fixup: 0.0 ms]
   [Clear CT: 1.8 ms]
   [Other: 17.3 ms]
      [Choose CSet: 0.0 ms]
      [Ref Proc: 11.2 ms]
      [Ref Enq: 0.5 ms]
      [Free CSet: 4.9 ms]
   [Eden: 1562.0M(1562.0M)->0.0B(1553.0M) Survivors: 14.0M->23.0M Heap: 1988.2M(2252.0M)->435.6M(2252.0M)]
 [Times: user=0.46 sys=0.00, real=0.05 secs] 

 Concurrent RS processed 4423543 cards
  Of 135111 completed buffers:
       135111 (100.0%) by conc RS threads.
            0 (  0.0%) by mutator threads.
  Conc RS threads times(s)
          0.00     0.00     0.00     0.00     0.00     0.00     0.00     0.00     0.00     0.00     0.00     0.00     0.00     0.00     0.00     0.00     0.00     0.00     0.00
  Total heap region rem set sizes = 6257K.  Max = 34K.
  Static structures = 369K, free_lists = 291K.
    378478 occupied cards represented.
    Max size region = 0:(O)[0x0000000763400000,0x00000007634ffff0,0x0000000763500000], size = 35K, occupied = 99K.
    Did 6163 coarsenings.
2014-08-01T10:28:04.964-0500: 5505.407: [GC pause (young) 5505.408: [G1Ergonomics (CSet Construction) start choosing CSet, _pending_cards: 5983, predicted base time: 24.35 ms, remaining time: 75.65 ms, target pause time: 100.00 ms]
 5505.408: [G1Ergonomics (CSet Construction) add young regions to CSet, eden: 1553 regions, survivors: 23 regions, predicted young region time: 24.67 ms]
 5505.408: [G1Ergonomics (CSet Construction) finish choosing CSet, eden: 1553 regions, survivors: 23 regions, old: 0 regions, predicted pause time: 49.02 ms, target pause time: 100.00 ms]
, 0.0400480 secs]
   [Parallel Time: 21.3 ms, GC Workers: 18]
      [GC Worker Start (ms): Min: 5505407.8, Avg: 5505408.0, Max: 5505408.1, Diff: 0.3]
      [Ext Root Scanning (ms): Min: 5.3, Avg: 7.1, Max: 13.2, Diff: 7.9, Sum: 127.5]
      [Update RS (ms): Min: 0.0, Avg: 1.8, Max: 5.3, Diff: 5.3, Sum: 32.4]
         [Processed Buffers: Min: 0, Avg: 7.9, Max: 27, Diff: 27, Sum: 143]
      [Scan RS (ms): Min: 0.2, Avg: 1.3, Max: 10.5, Diff: 10.3, Sum: 23.6]
      [Object Copy (ms): Min: 1.7, Avg: 10.0, Max: 11.4, Diff: 9.7, Sum: 180.2]
      [Termination (ms): Min: 0.1, Avg: 0.4, Max: 0.4, Diff: 0.3, Sum: 6.5]
      [GC Worker Other (ms): Min: 0.0, Avg: 0.2, Max: 0.4, Diff: 0.4, Sum: 3.1]
      [GC Worker Total (ms): Min: 20.5, Avg: 20.7, Max: 21.0, Diff: 0.5, Sum: 373.3]
      [GC Worker End (ms): Min: 5505428.5, Avg: 5505428.7, Max: 5505428.9, Diff: 0.4]
   [Code Root Fixup: 0.0 ms]
   [Clear CT: 1.9 ms]
   [Other: 16.9 ms]
      [Choose CSet: 0.0 ms]
      [Ref Proc: 11.1 ms]
      [Ref Enq: 0.4 ms]
      [Free CSet: 4.7 ms]
   [Eden: 1553.0M(1553.0M)->0.0B(1561.0M) Survivors: 23.0M->15.0M Heap: 1988.6M(2252.0M)->427.2M(2252.0M)]
 [Times: user=0.49 sys=0.00, real=0.04 secs] 

 Concurrent RS processed 4425838 cards
  Of 135254 completed buffers:
       135254 (100.0%) by conc RS threads.
            0 (  0.0%) by mutator threads.
  Conc RS threads times(s)
          0.00     0.00     0.00     0.00     0.00     0.00     0.00     0.00     0.00     0.00     0.00     0.00     0.00     0.00     0.00     0.00     0.00     0.00     0.00
  Total heap region rem set sizes = 6256K.  Max = 34K.
  Static structures = 369K, free_lists = 291K.
    378643 occupied cards represented.
    Max size region = 0:(O)[0x0000000763400000,0x00000007634ffff0,0x0000000763500000], size = 35K, occupied = 99K.
    Did 6163 coarsenings.
2014-08-01T10:28:10.890-0500: 5511.333: [GC pause (young) 5511.333: [G1Ergonomics (CSet Construction) start choosing CSet, _pending_cards: 5729, predicted base time: 24.19 ms, remaining time: 75.81 ms, target pause time: 100.00 ms]
 5511.333: [G1Ergonomics (CSet Construction) add young regions to CSet, eden: 1561 regions, survivors: 15 regions, predicted young region time: 15.22 ms]
 5511.333: [G1Ergonomics (CSet Construction) finish choosing CSet, eden: 1561 regions, survivors: 15 regions, old: 0 regions, predicted pause time: 39.41 ms, target pause time: 100.00 ms]
, 0.0349740 secs]
   [Parallel Time: 18.5 ms, GC Workers: 18]
      [GC Worker Start (ms): Min: 5511333.3, Avg: 5511333.4, Max: 5511333.5, Diff: 0.3]
      [Ext Root Scanning (ms): Min: 3.8, Avg: 5.2, Max: 6.6, Diff: 2.7, Sum: 94.4]
      [Update RS (ms): Min: 0.0, Avg: 0.8, Max: 2.3, Diff: 2.3, Sum: 15.0]
         [Processed Buffers: Min: 0, Avg: 8.2, Max: 32, Diff: 32, Sum: 148]
      [Scan RS (ms): Min: 0.2, Avg: 0.5, Max: 0.8, Diff: 0.6, Sum: 8.6]
      [Object Copy (ms): Min: 5.5, Avg: 6.5, Max: 11.0, Diff: 5.5, Sum: 116.7]
      [Termination (ms): Min: 0.0, Avg: 4.4, Max: 5.4, Diff: 5.4, Sum: 78.8]
      [GC Worker Other (ms): Min: 0.0, Avg: 0.1, Max: 0.3, Diff: 0.3, Sum: 2.6]
      [GC Worker Total (ms): Min: 17.3, Avg: 17.6, Max: 18.0, Diff: 0.7, Sum: 316.0]
      [GC Worker End (ms): Min: 5511350.8, Avg: 5511351.0, Max: 5511351.5, Diff: 0.8]
   [Code Root Fixup: 0.0 ms]
   [Clear CT: 1.6 ms]
   [Other: 14.9 ms]
      [Choose CSet: 0.0 ms]
      [Ref Proc: 9.2 ms]
      [Ref Enq: 0.4 ms]
      [Free CSet: 4.6 ms]
   [Eden: 1561.0M(1561.0M)->0.0B(1563.0M) Survivors: 15.0M->13.0M Heap: 1988.2M(2252.0M)->425.5M(2252.0M)]
 [Times: user=0.37 sys=0.00, real=0.03 secs] 

 Concurrent RS processed 4428272 cards
  Of 135402 completed buffers:
       135402 (100.0%) by conc RS threads.
            0 (  0.0%) by mutator threads.
  Conc RS threads times(s)
          0.00     0.00     0.00     0.00     0.00     0.00     0.00     0.00     0.00     0.00     0.00     0.00     0.00     0.00     0.00     0.00     0.00     0.00     0.00
  Total heap region rem set sizes = 6256K.  Max = 34K.
  Static structures = 369K, free_lists = 291K.
    378876 occupied cards represented.
    Max size region = 0:(O)[0x0000000763400000,0x00000007634ffff0,0x0000000763500000], size = 35K, occupied = 99K.
    Did 6163 coarsenings.
2014-08-01T10:28:16.880-0500: 5517.323: [GC pause (young) 5517.323: [G1Ergonomics (CSet Construction) start choosing CSet, _pending_cards: 6015, predicted base time: 23.16 ms, remaining time: 76.84 ms, target pause time: 100.00 ms]
 5517.323: [G1Ergonomics (CSet Construction) add young regions to CSet, eden: 1563 regions, survivors: 13 regions, predicted young region time: 16.36 ms]
 5517.323: [G1Ergonomics (CSet Construction) finish choosing CSet, eden: 1563 regions, survivors: 13 regions, old: 0 regions, predicted pause time: 39.51 ms, target pause time: 100.00 ms]
, 0.0504260 secs]
   [Parallel Time: 31.5 ms, GC Workers: 18]
      [GC Worker Start (ms): Min: 5517323.3, Avg: 5517323.5, Max: 5517323.7, Diff: 0.4]
      [Ext Root Scanning (ms): Min: 7.6, Avg: 9.9, Max: 20.9, Diff: 13.3, Sum: 178.4]
      [Update RS (ms): Min: 0.0, Avg: 1.6, Max: 3.7, Diff: 3.7, Sum: 29.2]
         [Processed Buffers: Min: 0, Avg: 8.1, Max: 27, Diff: 27, Sum: 145]
      [Scan RS (ms): Min: 0.2, Avg: 0.7, Max: 1.0, Diff: 0.8, Sum: 12.3]
      [Object Copy (ms): Min: 2.5, Avg: 12.2, Max: 18.3, Diff: 15.9, Sum: 219.4]
      [Termination (ms): Min: 0.0, Avg: 5.6, Max: 7.1, Diff: 7.0, Sum: 100.2]
      [GC Worker Other (ms): Min: 0.0, Avg: 0.2, Max: 0.3, Diff: 0.3, Sum: 2.8]
      [GC Worker Total (ms): Min: 29.7, Avg: 30.1, Max: 31.0, Diff: 1.2, Sum: 542.4]
      [GC Worker End (ms): Min: 5517353.4, Avg: 5517353.6, Max: 5517354.5, Diff: 1.1]
   [Code Root Fixup: 0.0 ms]
   [Clear CT: 1.9 ms]
   [Other: 17.1 ms]
      [Choose CSet: 0.0 ms]
      [Ref Proc: 11.1 ms]
      [Ref Enq: 0.6 ms]
      [Free CSet: 4.8 ms]
   [Eden: 1563.0M(1563.0M)->0.0B(1564.0M) Survivors: 13.0M->12.0M Heap: 1988.5M(2252.0M)->424.5M(2252.0M)]
 [Times: user=0.52 sys=0.02, real=0.05 secs] 

 Concurrent RS processed 4430708 cards
  Of 135547 completed buffers:
       135547 (100.0%) by conc RS threads.
            0 (  0.0%) by mutator threads.
  Conc RS threads times(s)
          0.00     0.00     0.00     0.00     0.00     0.00     0.00     0.00     0.00     0.00     0.00     0.00     0.00     0.00     0.00     0.00     0.00     0.00     0.00
  Total heap region rem set sizes = 6257K.  Max = 34K.
  Static structures = 369K, free_lists = 291K.
    379156 occupied cards represented.
    Max size region = 0:(O)[0x0000000763400000,0x00000007634ffff0,0x0000000763500000], size = 35K, occupied = 99K.
    Did 6163 coarsenings.
2014-08-01T10:28:23.042-0500: 5523.486: [GC pause (young) 5523.486: [G1Ergonomics (CSet Construction) start choosing CSet, _pending_cards: 5446, predicted base time: 24.77 ms, remaining time: 75.23 ms, target pause time: 100.00 ms]
 5523.486: [G1Ergonomics (CSet Construction) add young regions to CSet, eden: 1564 regions, survivors: 12 regions, predicted young region time: 21.67 ms]
 5523.486: [G1Ergonomics (CSet Construction) finish choosing CSet, eden: 1564 regions, survivors: 12 regions, old: 0 regions, predicted pause time: 46.44 ms, target pause time: 100.00 ms]
, 0.0441330 secs]
   [Parallel Time: 22.4 ms, GC Workers: 18]
      [GC Worker Start (ms): Min: 5523485.9, Avg: 5523486.0, Max: 5523486.2, Diff: 0.3]
      [Ext Root Scanning (ms): Min: 5.7, Avg: 7.1, Max: 11.6, Diff: 6.0, Sum: 128.6]
      [Update RS (ms): Min: 0.0, Avg: 1.7, Max: 3.4, Diff: 3.4, Sum: 29.9]
         [Processed Buffers: Min: 0, Avg: 7.8, Max: 25, Diff: 25, Sum: 140]
      [Scan RS (ms): Min: 0.2, Avg: 0.7, Max: 1.0, Diff: 0.8, Sum: 13.2]
      [Object Copy (ms): Min: 7.7, Avg: 9.9, Max: 10.6, Diff: 2.9, Sum: 178.9]
      [Termination (ms): Min: 0.1, Avg: 0.6, Max: 1.7, Diff: 1.6, Sum: 11.6]
      [GC Worker Other (ms): Min: 0.0, Avg: 0.5, Max: 2.0, Diff: 2.0, Sum: 9.2]
      [GC Worker Total (ms): Min: 20.0, Avg: 20.6, Max: 22.1, Diff: 2.1, Sum: 371.4]
      [GC Worker End (ms): Min: 5523506.1, Avg: 5523506.7, Max: 5523508.1, Diff: 2.0]
   [Code Root Fixup: 0.0 ms]
   [Clear CT: 1.9 ms]
   [Other: 19.9 ms]
      [Choose CSet: 0.0 ms]
      [Ref Proc: 13.6 ms]
      [Ref Enq: 0.7 ms]
      [Free CSet: 4.9 ms]
   [Eden: 1564.0M(1564.0M)->0.0B(1559.0M) Survivors: 12.0M->17.0M Heap: 1988.5M(2252.0M)->429.5M(2252.0M)]
 [Times: user=0.51 sys=0.01, real=0.04 secs] 

 Concurrent RS processed 4433046 cards
  Of 135687 completed buffers:
       135687 (100.0%) by conc RS threads.
            0 (  0.0%) by mutator threads.
  Conc RS threads times(s)
          0.00     0.00     0.00     0.00     0.00     0.00     0.00     0.00     0.00     0.00     0.00     0.00     0.00     0.00     0.00     0.00     0.00     0.00     0.00
  Total heap region rem set sizes = 6259K.  Max = 34K.
  Static structures = 369K, free_lists = 290K.
    379530 occupied cards represented.
    Max size region = 0:(O)[0x0000000763400000,0x00000007634ffff0,0x0000000763500000], size = 35K, occupied = 99K.
    Did 6163 coarsenings.
2014-08-01T10:28:29.560-0500: 5530.003: [GC pause (young) 5530.004: [G1Ergonomics (CSet Construction) start choosing CSet, _pending_cards: 5479, predicted base time: 26.15 ms, remaining time: 73.85 ms, target pause time: 100.00 ms]
 5530.004: [G1Ergonomics (CSet Construction) add young regions to CSet, eden: 1559 regions, survivors: 17 regions, predicted young region time: 18.42 ms]
 5530.004: [G1Ergonomics (CSet Construction) finish choosing CSet, eden: 1559 regions, survivors: 17 regions, old: 0 regions, predicted pause time: 44.56 ms, target pause time: 100.00 ms]
, 0.0422180 secs]
   [Parallel Time: 24.1 ms, GC Workers: 18]
      [GC Worker Start (ms): Min: 5530003.8, Avg: 5530003.9, Max: 5530004.1, Diff: 0.3]
      [Ext Root Scanning (ms): Min: 5.1, Avg: 6.4, Max: 8.6, Diff: 3.5, Sum: 115.4]
      [Update RS (ms): Min: 0.1, Avg: 1.5, Max: 3.5, Diff: 3.4, Sum: 26.9]
         [Processed Buffers: Min: 1, Avg: 7.8, Max: 33, Diff: 32, Sum: 141]
      [Scan RS (ms): Min: 0.2, Avg: 0.7, Max: 1.3, Diff: 1.1, Sum: 12.6]
      [Object Copy (ms): Min: 11.9, Avg: 13.0, Max: 14.2, Diff: 2.3, Sum: 234.8]
      [Termination (ms): Min: 0.1, Avg: 1.4, Max: 1.6, Diff: 1.4, Sum: 25.2]
      [GC Worker Other (ms): Min: 0.0, Avg: 0.1, Max: 0.3, Diff: 0.2, Sum: 2.6]
      [GC Worker Total (ms): Min: 22.9, Avg: 23.2, Max: 23.5, Diff: 0.6, Sum: 417.3]
      [GC Worker End (ms): Min: 5530027.0, Avg: 5530027.1, Max: 5530027.3, Diff: 0.3]
   [Code Root Fixup: 0.0 ms]
   [Clear CT: 1.9 ms]
   [Other: 16.2 ms]
      [Choose CSet: 0.0 ms]
      [Ref Proc: 9.5 ms]
      [Ref Enq: 0.6 ms]
      [Free CSet: 5.4 ms]
   [Eden: 1559.0M(1559.0M)->0.0B(1558.0M) Survivors: 17.0M->18.0M Heap: 1988.5M(2252.0M)->430.7M(2252.0M)]
 [Times: user=0.49 sys=0.01, real=0.04 secs] 

 Concurrent RS processed 4435347 cards
  Of 135828 completed buffers:
       135828 (100.0%) by conc RS threads.
            0 (  0.0%) by mutator threads.
  Conc RS threads times(s)
          0.00     0.00     0.00     0.00     0.00     0.00     0.00     0.00     0.00     0.00     0.00     0.00     0.00     0.00     0.00     0.00     0.00     0.00     0.00
  Total heap region rem set sizes = 6262K.  Max = 34K.
  Static structures = 369K, free_lists = 290K.
    379893 occupied cards represented.
    Max size region = 0:(O)[0x0000000763400000,0x00000007634ffff0,0x0000000763500000], size = 35K, occupied = 99K.
    Did 6163 coarsenings.
2014-08-01T10:28:35.415-0500: 5535.858: [GC pause (young) 5535.858: [G1Ergonomics (CSet Construction) start choosing CSet, _pending_cards: 6032, predicted base time: 25.27 ms, remaining time: 74.73 ms, target pause time: 100.00 ms]
 5535.858: [G1Ergonomics (CSet Construction) add young regions to CSet, eden: 1558 regions, survivors: 18 regions, predicted young region time: 31.11 ms]
 5535.858: [G1Ergonomics (CSet Construction) finish choosing CSet, eden: 1558 regions, survivors: 18 regions, old: 0 regions, predicted pause time: 56.38 ms, target pause time: 100.00 ms]
, 0.0429700 secs]
   [Parallel Time: 26.2 ms, GC Workers: 18]
      [GC Worker Start (ms): Min: 5535858.6, Avg: 5535858.8, Max: 5535859.0, Diff: 0.3]
      [Ext Root Scanning (ms): Min: 6.0, Avg: 8.1, Max: 11.5, Diff: 5.5, Sum: 145.9]
      [Update RS (ms): Min: 0.0, Avg: 1.6, Max: 3.5, Diff: 3.5, Sum: 29.1]
         [Processed Buffers: Min: 0, Avg: 8.5, Max: 35, Diff: 35, Sum: 153]
      [Scan RS (ms): Min: 0.2, Avg: 1.4, Max: 11.6, Diff: 11.4, Sum: 25.0]
      [Object Copy (ms): Min: 2.8, Avg: 12.6, Max: 15.3, Diff: 12.5, Sum: 227.0]
      [Termination (ms): Min: 0.0, Avg: 1.4, Max: 1.7, Diff: 1.7, Sum: 25.8]
      [GC Worker Other (ms): Min: 0.0, Avg: 0.4, Max: 0.7, Diff: 0.7, Sum: 6.4]
      [GC Worker Total (ms): Min: 25.1, Avg: 25.5, Max: 26.0, Diff: 1.0, Sum: 459.3]
      [GC Worker End (ms): Min: 5535884.0, Avg: 5535884.3, Max: 5535884.7, Diff: 0.7]
   [Code Root Fixup: 0.0 ms]
   [Clear CT: 2.0 ms]
   [Other: 14.8 ms]
      [Choose CSet: 0.0 ms]
      [Ref Proc: 8.9 ms]
      [Ref Enq: 0.4 ms]
      [Free CSet: 4.8 ms]
   [Eden: 1558.0M(1558.0M)->0.0B(1562.0M) Survivors: 18.0M->14.0M Heap: 1988.7M(2252.0M)->427.2M(2252.0M)]
 [Times: user=0.42 sys=0.01, real=0.04 secs] 

 Concurrent RS processed 4437829 cards
  Of 135981 completed buffers:
       135981 (100.0%) by conc RS threads.
            0 (  0.0%) by mutator threads.
  Conc RS threads times(s)
          0.00     0.00     0.00     0.00     0.00     0.00     0.00     0.00     0.00     0.00     0.00     0.00     0.00     0.00     0.00     0.00     0.00     0.00     0.00
  Total heap region rem set sizes = 6263K.  Max = 34K.
  Static structures = 369K, free_lists = 290K.
    380213 occupied cards represented.
    Max size region = 0:(O)[0x0000000763400000,0x00000007634ffff0,0x0000000763500000], size = 35K, occupied = 99K.
    Did 6163 coarsenings.
2014-08-01T10:28:42.168-0500: 5542.612: [GC pause (young) 5542.612: [G1Ergonomics (CSet Construction) start choosing CSet, _pending_cards: 5491, predicted base time: 24.52 ms, remaining time: 75.48 ms, target pause time: 100.00 ms]
 5542.612: [G1Ergonomics (CSet Construction) add young regions to CSet, eden: 1562 regions, survivors: 14 regions, predicted young region time: 17.43 ms]
 5542.612: [G1Ergonomics (CSet Construction) finish choosing CSet, eden: 1562 regions, survivors: 14 regions, old: 0 regions, predicted pause time: 41.96 ms, target pause time: 100.00 ms]
, 0.0330030 secs]
   [Parallel Time: 19.4 ms, GC Workers: 18]
      [GC Worker Start (ms): Min: 5542611.9, Avg: 5542612.1, Max: 5542612.3, Diff: 0.3]
      [Ext Root Scanning (ms): Min: 6.2, Avg: 7.9, Max: 14.1, Diff: 7.9, Sum: 142.5]
      [Update RS (ms): Min: 0.0, Avg: 1.6, Max: 3.3, Diff: 3.3, Sum: 28.9]
         [Processed Buffers: Min: 0, Avg: 7.9, Max: 26, Diff: 26, Sum: 142]
      [Scan RS (ms): Min: 0.2, Avg: 0.7, Max: 0.9, Diff: 0.7, Sum: 12.5]
      [Object Copy (ms): Min: 3.5, Avg: 7.6, Max: 8.5, Diff: 5.0, Sum: 137.3]
      [Termination (ms): Min: 0.0, Avg: 0.4, Max: 1.0, Diff: 1.0, Sum: 6.7]
      [GC Worker Other (ms): Min: 0.0, Avg: 0.3, Max: 0.5, Diff: 0.5, Sum: 5.0]
      [GC Worker Total (ms): Min: 18.1, Avg: 18.5, Max: 18.8, Diff: 0.7, Sum: 332.9]
      [GC Worker End (ms): Min: 5542630.3, Avg: 5542630.6, Max: 5542631.0, Diff: 0.7]
   [Code Root Fixup: 0.0 ms]
   [Clear CT: 1.7 ms]
   [Other: 11.9 ms]
      [Choose CSet: 0.0 ms]
      [Ref Proc: 5.9 ms]
      [Ref Enq: 0.5 ms]
      [Free CSet: 4.8 ms]
   [Eden: 1562.0M(1562.0M)->0.0B(1556.0M) Survivors: 14.0M->20.0M Heap: 1989.2M(2252.0M)->432.7M(2252.0M)]
 [Times: user=0.35 sys=0.01, real=0.04 secs] 

 Concurrent RS processed 4440205 cards
  Of 136123 completed buffers:
       136123 (100.0%) by conc RS threads.
            0 (  0.0%) by mutator threads.
  Conc RS threads times(s)
          0.00     0.00     0.00     0.00     0.00     0.00     0.00     0.00     0.00     0.00     0.00     0.00     0.00     0.00     0.00     0.00     0.00     0.00     0.00
  Total heap region rem set sizes = 6263K.  Max = 34K.
  Static structures = 369K, free_lists = 290K.
    380533 occupied cards represented.
    Max size region = 0:(O)[0x0000000763400000,0x00000007634ffff0,0x0000000763500000], size = 35K, occupied = 99K.
    Did 6163 coarsenings.
2014-08-01T10:28:48.469-0500: 5548.912: [GC pause (young) 5548.912: [G1Ergonomics (CSet Construction) start choosing CSet, _pending_cards: 5467, predicted base time: 23.41 ms, remaining time: 76.59 ms, target pause time: 100.00 ms]
 5548.912: [G1Ergonomics (CSet Construction) add young regions to CSet, eden: 1556 regions, survivors: 20 regions, predicted young region time: 11.51 ms]
 5548.912: [G1Ergonomics (CSet Construction) finish choosing CSet, eden: 1556 regions, survivors: 20 regions, old: 0 regions, predicted pause time: 34.93 ms, target pause time: 100.00 ms]
, 0.0476600 secs]
   [Parallel Time: 31.3 ms, GC Workers: 18]
      [GC Worker Start (ms): Min: 5548912.8, Avg: 5548912.9, Max: 5548913.1, Diff: 0.4]
      [Ext Root Scanning (ms): Min: 7.3, Avg: 11.5, Max: 26.2, Diff: 18.9, Sum: 207.1]
      [Update RS (ms): Min: 0.0, Avg: 2.6, Max: 20.9, Diff: 20.9, Sum: 46.0]
         [Processed Buffers: Min: 0, Avg: 7.7, Max: 26, Diff: 26, Sum: 139]
      [Scan RS (ms): Min: 0.2, Avg: 0.7, Max: 0.9, Diff: 0.7, Sum: 12.2]
      [Object Copy (ms): Min: 1.7, Avg: 11.7, Max: 14.9, Diff: 13.2, Sum: 211.2]
      [Termination (ms): Min: 0.0, Avg: 4.2, Max: 4.8, Diff: 4.8, Sum: 76.2]
      [GC Worker Other (ms): Min: 0.0, Avg: 0.2, Max: 0.3, Diff: 0.3, Sum: 3.5]
      [GC Worker Total (ms): Min: 30.7, Avg: 30.9, Max: 31.2, Diff: 0.5, Sum: 556.3]
      [GC Worker End (ms): Min: 5548943.7, Avg: 5548943.8, Max: 5548944.0, Diff: 0.3]
   [Code Root Fixup: 0.0 ms]
   [Clear CT: 1.7 ms]
   [Other: 14.6 ms]
      [Choose CSet: 0.1 ms]
      [Ref Proc: 7.8 ms]
      [Ref Enq: 0.4 ms]
      [Free CSet: 5.7 ms]
   [Eden: 1556.0M(1556.0M)->0.0B(1563.0M) Survivors: 20.0M->13.0M Heap: 1988.7M(2252.0M)->426.3M(2252.0M)]
 [Times: user=0.48 sys=0.01, real=0.05 secs] 

 Concurrent RS processed 4442636 cards
  Of 136262 completed buffers:
       136262 (100.0%) by conc RS threads.
            0 (  0.0%) by mutator threads.
  Conc RS threads times(s)
          0.00     0.00     0.00     0.00     0.00     0.00     0.00     0.00     0.00     0.00     0.00     0.00     0.00     0.00     0.00     0.00     0.00     0.00     0.00
  Total heap region rem set sizes = 6264K.  Max = 34K.
  Static structures = 369K, free_lists = 290K.
    380857 occupied cards represented.
    Max size region = 0:(O)[0x0000000763400000,0x00000007634ffff0,0x0000000763500000], size = 35K, occupied = 99K.
    Did 6163 coarsenings.
2014-08-01T10:28:54.549-0500: 5554.992: [GC pause (young) 5554.992: [G1Ergonomics (CSet Construction) start choosing CSet, _pending_cards: 5730, predicted base time: 24.39 ms, remaining time: 75.61 ms, target pause time: 100.00 ms]
 5554.992: [G1Ergonomics (CSet Construction) add young regions to CSet, eden: 1563 regions, survivors: 13 regions, predicted young region time: 17.81 ms]
 5554.992: [G1Ergonomics (CSet Construction) finish choosing CSet, eden: 1563 regions, survivors: 13 regions, old: 0 regions, predicted pause time: 42.20 ms, target pause time: 100.00 ms]
, 0.0407290 secs]
   [Parallel Time: 24.5 ms, GC Workers: 18]
      [GC Worker Start (ms): Min: 5554992.2, Avg: 5554992.4, Max: 5554992.6, Diff: 0.4]
      [Ext Root Scanning (ms): Min: 6.3, Avg: 8.9, Max: 11.4, Diff: 5.1, Sum: 159.9]
      [Update RS (ms): Min: 0.0, Avg: 1.4, Max: 3.6, Diff: 3.6, Sum: 25.6]
         [Processed Buffers: Min: 0, Avg: 7.7, Max: 25, Diff: 25, Sum: 139]
      [Scan RS (ms): Min: 0.2, Avg: 1.3, Max: 11.5, Diff: 11.3, Sum: 23.9]
      [Object Copy (ms): Min: 2.0, Avg: 10.9, Max: 13.2, Diff: 11.2, Sum: 195.5]
      [Termination (ms): Min: 0.1, Avg: 1.1, Max: 1.8, Diff: 1.6, Sum: 20.6]
      [GC Worker Other (ms): Min: 0.0, Avg: 0.2, Max: 0.5, Diff: 0.5, Sum: 4.3]
      [GC Worker Total (ms): Min: 23.6, Avg: 23.9, Max: 24.2, Diff: 0.6, Sum: 429.8]
      [GC Worker End (ms): Min: 5555016.0, Avg: 5555016.3, Max: 5555016.6, Diff: 0.5]
   [Code Root Fixup: 0.0 ms]
   [Clear CT: 1.7 ms]
   [Other: 14.5 ms]
      [Choose CSet: 0.0 ms]
      [Ref Proc: 8.9 ms]
      [Ref Enq: 0.6 ms]
      [Free CSet: 4.5 ms]
   [Eden: 1563.0M(1563.0M)->0.0B(1563.0M) Survivors: 13.0M->13.0M Heap: 1989.3M(2252.0M)->425.9M(2252.0M)]
 [Times: user=0.45 sys=0.01, real=0.04 secs] 

 Concurrent RS processed 4445079 cards
  Of 136401 completed buffers:
       136401 (100.0%) by conc RS threads.
            0 (  0.0%) by mutator threads.
  Conc RS threads times(s)
          0.00     0.00     0.00     0.00     0.00     0.00     0.00     0.00     0.00     0.00     0.00     0.00     0.00     0.00     0.00     0.00     0.00     0.00     0.00
  Total heap region rem set sizes = 6264K.  Max = 34K.
  Static structures = 369K, free_lists = 289K.
    381124 occupied cards represented.
    Max size region = 0:(O)[0x0000000763400000,0x00000007634ffff0,0x0000000763500000], size = 35K, occupied = 99K.
    Did 6163 coarsenings.
2014-08-01T10:29:00.989-0500: 5561.432: [GC pause (young) 5561.433: [G1Ergonomics (CSet Construction) start choosing CSet, _pending_cards: 5743, predicted base time: 24.11 ms, remaining time: 75.89 ms, target pause time: 100.00 ms]
 5561.433: [G1Ergonomics (CSet Construction) add young regions to CSet, eden: 1563 regions, survivors: 13 regions, predicted young region time: 23.99 ms]
 5561.433: [G1Ergonomics (CSet Construction) finish choosing CSet, eden: 1563 regions, survivors: 13 regions, old: 0 regions, predicted pause time: 48.09 ms, target pause time: 100.00 ms]
, 0.0465980 secs]
   [Parallel Time: 23.2 ms, GC Workers: 18]
      [GC Worker Start (ms): Min: 5561433.0, Avg: 5561433.2, Max: 5561433.3, Diff: 0.4]
      [Ext Root Scanning (ms): Min: 6.5, Avg: 7.8, Max: 14.2, Diff: 7.8, Sum: 141.0]
      [Update RS (ms): Min: 0.0, Avg: 1.8, Max: 3.0, Diff: 3.0, Sum: 33.2]
         [Processed Buffers: Min: 0, Avg: 7.9, Max: 24, Diff: 24, Sum: 142]
      [Scan RS (ms): Min: 0.1, Avg: 0.7, Max: 0.9, Diff: 0.8, Sum: 12.3]
      [Object Copy (ms): Min: 7.7, Avg: 11.8, Max: 12.4, Diff: 4.7, Sum: 211.6]
      [Termination (ms): Min: 0.1, Avg: 0.3, Max: 0.4, Diff: 0.2, Sum: 5.9]
      [GC Worker Other (ms): Min: 0.0, Avg: 0.2, Max: 0.3, Diff: 0.3, Sum: 3.0]
      [GC Worker Total (ms): Min: 22.3, Avg: 22.6, Max: 22.9, Diff: 0.6, Sum: 407.1]
      [GC Worker End (ms): Min: 5561455.6, Avg: 5561455.8, Max: 5561456.0, Diff: 0.3]
   [Code Root Fixup: 0.0 ms]
   [Clear CT: 2.0 ms]
   [Other: 21.4 ms]
      [Choose CSet: 0.0 ms]
      [Ref Proc: 15.0 ms]
      [Ref Enq: 0.4 ms]
      [Free CSet: 5.2 ms]
   [Eden: 1563.0M(1563.0M)->0.0B(1552.0M) Survivors: 13.0M->24.0M Heap: 1988.9M(2252.0M)->436.9M(2252.0M)]
 [Times: user=0.58 sys=0.00, real=0.05 secs] 

 Concurrent RS processed 4447445 cards
  Of 136543 completed buffers:
       136543 (100.0%) by conc RS threads.
            0 (  0.0%) by mutator threads.
  Conc RS threads times(s)
          0.00     0.00     0.00     0.00     0.00     0.00     0.00     0.00     0.00     0.00     0.00     0.00     0.00     0.00     0.00     0.00     0.00     0.00     0.00
  Total heap region rem set sizes = 6265K.  Max = 34K.
  Static structures = 369K, free_lists = 289K.
    381372 occupied cards represented.
    Max size region = 0:(O)[0x0000000763400000,0x00000007634ffff0,0x0000000763500000], size = 35K, occupied = 99K.
    Did 6163 coarsenings.
2014-08-01T10:29:07.464-0500: 5567.908: [GC pause (young) 5567.908: [G1Ergonomics (CSet Construction) start choosing CSet, _pending_cards: 5488, predicted base time: 25.95 ms, remaining time: 74.05 ms, target pause time: 100.00 ms]
 5567.908: [G1Ergonomics (CSet Construction) add young regions to CSet, eden: 1552 regions, survivors: 24 regions, predicted young region time: 15.31 ms]
 5567.908: [G1Ergonomics (CSet Construction) finish choosing CSet, eden: 1552 regions, survivors: 24 regions, old: 0 regions, predicted pause time: 41.27 ms, target pause time: 100.00 ms]
, 0.0411200 secs]
   [Parallel Time: 27.7 ms, GC Workers: 18]
      [GC Worker Start (ms): Min: 5567907.9, Avg: 5567908.1, Max: 5567908.3, Diff: 0.3]
      [Ext Root Scanning (ms): Min: 5.7, Avg: 7.3, Max: 12.1, Diff: 6.4, Sum: 132.2]
      [Update RS (ms): Min: 0.0, Avg: 1.6, Max: 3.1, Diff: 3.1, Sum: 28.5]
         [Processed Buffers: Min: 0, Avg: 8.0, Max: 21, Diff: 21, Sum: 144]
      [Scan RS (ms): Min: 0.2, Avg: 0.9, Max: 3.3, Diff: 3.1, Sum: 16.3]
      [Object Copy (ms): Min: 11.4, Avg: 14.4, Max: 16.2, Diff: 4.9, Sum: 260.1]
      [Termination (ms): Min: 0.2, Avg: 1.9, Max: 2.2, Diff: 1.9, Sum: 35.1]
      [GC Worker Other (ms): Min: 0.0, Avg: 0.3, Max: 1.2, Diff: 1.1, Sum: 4.5]
      [GC Worker Total (ms): Min: 26.2, Avg: 26.5, Max: 27.6, Diff: 1.4, Sum: 476.7]
      [GC Worker End (ms): Min: 5567934.4, Avg: 5567934.6, Max: 5567935.5, Diff: 1.1]
   [Code Root Fixup: 0.0 ms]
   [Clear CT: 2.0 ms]
   [Other: 11.4 ms]
      [Choose CSet: 0.0 ms]
      [Ref Proc: 5.5 ms]
      [Ref Enq: 0.4 ms]
      [Free CSet: 4.8 ms]
   [Eden: 1552.0M(1552.0M)->0.0B(1560.0M) Survivors: 24.0M->16.0M Heap: 1988.9M(2252.0M)->428.9M(2252.0M)]
 [Times: user=0.50 sys=0.01, real=0.04 secs] 

 Concurrent RS processed 4449792 cards
  Of 136687 completed buffers:
       136687 (100.0%) by conc RS threads.
            0 (  0.0%) by mutator threads.
  Conc RS threads times(s)
          0.00     0.00     0.00     0.00     0.00     0.00     0.00     0.00     0.00     0.00     0.00     0.00     0.00     0.00     0.00     0.00     0.00     0.00     0.00
  Total heap region rem set sizes = 6265K.  Max = 34K.
  Static structures = 369K, free_lists = 289K.
    381664 occupied cards represented.
    Max size region = 0:(O)[0x0000000763400000,0x00000007634ffff0,0x0000000763500000], size = 35K, occupied = 99K.
    Did 6163 coarsenings.
2014-08-01T10:29:13.766-0500: 5574.210: [GC pause (young) 5574.210: [G1Ergonomics (CSet Construction) start choosing CSet, _pending_cards: 5533, predicted base time: 24.46 ms, remaining time: 75.54 ms, target pause time: 100.00 ms]
 5574.210: [G1Ergonomics (CSet Construction) add young regions to CSet, eden: 1560 regions, survivors: 16 regions, predicted young region time: 17.98 ms]
 5574.210: [G1Ergonomics (CSet Construction) finish choosing CSet, eden: 1560 regions, survivors: 16 regions, old: 0 regions, predicted pause time: 42.45 ms, target pause time: 100.00 ms]
, 0.0342180 secs]
   [Parallel Time: 19.2 ms, GC Workers: 18]
      [GC Worker Start (ms): Min: 5574210.0, Avg: 5574210.1, Max: 5574210.2, Diff: 0.3]
      [Ext Root Scanning (ms): Min: 4.4, Avg: 6.6, Max: 11.5, Diff: 7.0, Sum: 119.3]
      [Update RS (ms): Min: 0.0, Avg: 0.9, Max: 2.9, Diff: 2.9, Sum: 15.6]
         [Processed Buffers: Min: 0, Avg: 7.9, Max: 34, Diff: 34, Sum: 142]
      [Scan RS (ms): Min: 0.1, Avg: 0.5, Max: 0.7, Diff: 0.6, Sum: 9.6]
      [Object Copy (ms): Min: 3.0, Avg: 7.0, Max: 11.3, Diff: 8.3, Sum: 126.1]
      [Termination (ms): Min: 0.0, Avg: 3.4, Max: 4.2, Diff: 4.2, Sum: 61.8]
      [GC Worker Other (ms): Min: 0.0, Avg: 0.1, Max: 0.3, Diff: 0.2, Sum: 2.4]
      [GC Worker Total (ms): Min: 18.4, Avg: 18.6, Max: 18.9, Diff: 0.6, Sum: 334.7]
      [GC Worker End (ms): Min: 5574228.6, Avg: 5574228.7, Max: 5574229.1, Diff: 0.5]
   [Code Root Fixup: 0.0 ms]
   [Clear CT: 1.9 ms]
   [Other: 13.1 ms]
      [Choose CSet: 0.0 ms]
      [Ref Proc: 6.2 ms]
      [Ref Enq: 1.0 ms]
      [Free CSet: 5.2 ms]
   [Eden: 1560.0M(1560.0M)->0.0B(1565.0M) Survivors: 16.0M->11.0M Heap: 1988.9M(2252.0M)->424.2M(2252.0M)]
 [Times: user=0.35 sys=0.01, real=0.03 secs] 

 Concurrent RS processed 4452247 cards
  Of 136829 completed buffers:
       136829 (100.0%) by conc RS threads.
            0 (  0.0%) by mutator threads.
  Conc RS threads times(s)
          0.00     0.00     0.00     0.00     0.00     0.00     0.00     0.00     0.00     0.00     0.00     0.00     0.00     0.00     0.00     0.00     0.00     0.00     0.00
  Total heap region rem set sizes = 6266K.  Max = 34K.
  Static structures = 369K, free_lists = 289K.
    381960 occupied cards represented.
    Max size region = 0:(O)[0x0000000763400000,0x00000007634ffff0,0x0000000763500000], size = 35K, occupied = 99K.
    Did 6163 coarsenings.
2014-08-01T10:29:20.304-0500: 5580.748: [GC pause (young) 5580.748: [G1Ergonomics (CSet Construction) start choosing CSet, _pending_cards: 7030, predicted base time: 23.46 ms, remaining time: 76.54 ms, target pause time: 100.00 ms]
 5580.748: [G1Ergonomics (CSet Construction) add young regions to CSet, eden: 1565 regions, survivors: 11 regions, predicted young region time: 23.19 ms]
 5580.748: [G1Ergonomics (CSet Construction) finish choosing CSet, eden: 1565 regions, survivors: 11 regions, old: 0 regions, predicted pause time: 46.66 ms, target pause time: 100.00 ms]
, 0.0357070 secs]
   [Parallel Time: 19.6 ms, GC Workers: 18]
      [GC Worker Start (ms): Min: 5580748.2, Avg: 5580748.5, Max: 5580748.8, Diff: 0.6]
      [Ext Root Scanning (ms): Min: 5.9, Avg: 6.7, Max: 11.4, Diff: 5.5, Sum: 120.4]
      [Update RS (ms): Min: 0.0, Avg: 1.6, Max: 3.5, Diff: 3.5, Sum: 29.3]
         [Processed Buffers: Min: 0, Avg: 8.1, Max: 26, Diff: 26, Sum: 145]
      [Scan RS (ms): Min: 0.2, Avg: 0.7, Max: 1.0, Diff: 0.8, Sum: 12.2]
      [Object Copy (ms): Min: 7.1, Avg: 9.5, Max: 10.0, Diff: 3.0, Sum: 171.6]
      [Termination (ms): Min: 0.0, Avg: 0.1, Max: 0.2, Diff: 0.2, Sum: 2.0]
      [GC Worker Other (ms): Min: 0.0, Avg: 0.2, Max: 0.5, Diff: 0.4, Sum: 4.4]
      [GC Worker Total (ms): Min: 18.4, Avg: 18.9, Max: 19.3, Diff: 0.8, Sum: 339.8]
      [GC Worker End (ms): Min: 5580767.2, Avg: 5580767.4, Max: 5580767.6, Diff: 0.5]
   [Code Root Fixup: 0.0 ms]
   [Clear CT: 1.8 ms]
   [Other: 14.3 ms]
      [Choose CSet: 0.0 ms]
      [Ref Proc: 7.9 ms]
      [Ref Enq: 0.6 ms]
      [Free CSet: 5.0 ms]
   [Eden: 1565.0M(1565.0M)->0.0B(1559.0M) Survivors: 11.0M->17.0M Heap: 1989.2M(2252.0M)->430.3M(2252.0M)]
 [Times: user=0.40 sys=0.01, real=0.04 secs] 

 Concurrent RS processed 4454656 cards
  Of 136974 completed buffers:
       136974 (100.0%) by conc RS threads.
            0 (  0.0%) by mutator threads.
  Conc RS threads times(s)
          0.00     0.00     0.00     0.00     0.00     0.00     0.00     0.00     0.00     0.00     0.00     0.00     0.00     0.00     0.00     0.00     0.00     0.00     0.00
  Total heap region rem set sizes = 6266K.  Max = 34K.
  Static structures = 369K, free_lists = 289K.
    382179 occupied cards represented.
    Max size region = 0:(O)[0x0000000763400000,0x00000007634ffff0,0x0000000763500000], size = 35K, occupied = 99K.
    Did 6163 coarsenings.
2014-08-01T10:29:26.299-0500: 5586.742: [GC pause (young) 5586.743: [G1Ergonomics (CSet Construction) start choosing CSet, _pending_cards: 5468, predicted base time: 22.31 ms, remaining time: 77.69 ms, target pause time: 100.00 ms]
 5586.743: [G1Ergonomics (CSet Construction) add young regions to CSet, eden: 1559 regions, survivors: 17 regions, predicted young region time: 16.95 ms]
 5586.743: [G1Ergonomics (CSet Construction) finish choosing CSet, eden: 1559 regions, survivors: 17 regions, old: 0 regions, predicted pause time: 39.26 ms, target pause time: 100.00 ms]
, 0.0398900 secs]
   [Parallel Time: 24.0 ms, GC Workers: 18]
      [GC Worker Start (ms): Min: 5586742.9, Avg: 5586743.3, Max: 5586743.7, Diff: 0.8]
      [Ext Root Scanning (ms): Min: 7.6, Avg: 10.2, Max: 20.3, Diff: 12.7, Sum: 183.1]
      [Update RS (ms): Min: 0.0, Avg: 2.0, Max: 12.3, Diff: 12.3, Sum: 36.6]
         [Processed Buffers: Min: 0, Avg: 7.9, Max: 41, Diff: 41, Sum: 143]
      [Scan RS (ms): Min: 0.2, Avg: 0.7, Max: 0.9, Diff: 0.7, Sum: 13.1]
      [Object Copy (ms): Min: 0.3, Avg: 9.8, Max: 11.9, Diff: 11.6, Sum: 176.5]
      [Termination (ms): Min: 0.1, Avg: 0.4, Max: 0.5, Diff: 0.4, Sum: 6.7]
      [GC Worker Other (ms): Min: 0.0, Avg: 0.2, Max: 0.4, Diff: 0.3, Sum: 3.5]
      [GC Worker Total (ms): Min: 22.9, Avg: 23.3, Max: 23.6, Diff: 0.8, Sum: 419.5]
      [GC Worker End (ms): Min: 5586766.4, Avg: 5586766.6, Max: 5586766.7, Diff: 0.4]
   [Code Root Fixup: 0.0 ms]
   [Clear CT: 1.5 ms]
   [Other: 14.4 ms]
      [Choose CSet: 0.0 ms]
      [Ref Proc: 7.9 ms]
      [Ref Enq: 0.5 ms]
      [Free CSet: 5.3 ms]
   [Eden: 1559.0M(1559.0M)->0.0B(1562.0M) Survivors: 17.0M->14.0M Heap: 1989.3M(2252.0M)->427.2M(2252.0M)]
 [Times: user=0.41 sys=0.00, real=0.04 secs] 

 Concurrent RS processed 4457059 cards
  Of 137117 completed buffers:
       137117 (100.0%) by conc RS threads.
            0 (  0.0%) by mutator threads.
  Conc RS threads times(s)
          0.00     0.00     0.00     0.00     0.00     0.00     0.00     0.00     0.00     0.00     0.00     0.00     0.00     0.00     0.00     0.00     0.00     0.00     0.00
  Total heap region rem set sizes = 6266K.  Max = 34K.
  Static structures = 369K, free_lists = 289K.
    382447 occupied cards represented.
    Max size region = 0:(O)[0x0000000763400000,0x00000007634ffff0,0x0000000763500000], size = 35K, occupied = 99K.
    Did 6163 coarsenings.
2014-08-01T10:29:32.609-0500: 5593.053: [GC pause (young) 5593.053: [G1Ergonomics (CSet Construction) start choosing CSet, _pending_cards: 5247, predicted base time: 22.91 ms, remaining time: 77.09 ms, target pause time: 100.00 ms]
 5593.053: [G1Ergonomics (CSet Construction) add young regions to CSet, eden: 1562 regions, survivors: 14 regions, predicted young region time: 20.01 ms]
 5593.053: [G1Ergonomics (CSet Construction) finish choosing CSet, eden: 1562 regions, survivors: 14 regions, old: 0 regions, predicted pause time: 42.92 ms, target pause time: 100.00 ms]
, 0.0383190 secs]
   [Parallel Time: 24.7 ms, GC Workers: 18]
      [GC Worker Start (ms): Min: 5593053.0, Avg: 5593053.1, Max: 5593053.3, Diff: 0.4]
      [Ext Root Scanning (ms): Min: 8.8, Avg: 10.6, Max: 12.8, Diff: 4.0, Sum: 190.6]
      [Update RS (ms): Min: 0.4, Avg: 1.6, Max: 3.6, Diff: 3.1, Sum: 29.5]
         [Processed Buffers: Min: 1, Avg: 8.1, Max: 18, Diff: 17, Sum: 146]
      [Scan RS (ms): Min: 0.2, Avg: 0.7, Max: 1.0, Diff: 0.8, Sum: 12.1]
      [Object Copy (ms): Min: 9.3, Avg: 10.9, Max: 12.1, Diff: 2.8, Sum: 195.8]
      [Termination (ms): Min: 0.0, Avg: 0.2, Max: 0.2, Diff: 0.2, Sum: 3.1]
      [GC Worker Other (ms): Min: 0.0, Avg: 0.2, Max: 0.4, Diff: 0.3, Sum: 3.9]
      [GC Worker Total (ms): Min: 23.8, Avg: 24.2, Max: 24.4, Diff: 0.6, Sum: 435.0]
      [GC Worker End (ms): Min: 5593077.1, Avg: 5593077.3, Max: 5593077.5, Diff: 0.3]
   [Code Root Fixup: 0.0 ms]
   [Clear CT: 1.7 ms]
   [Other: 11.9 ms]
      [Choose CSet: 0.0 ms]
      [Ref Proc: 6.2 ms]
      [Ref Enq: 0.5 ms]
      [Free CSet: 4.5 ms]
   [Eden: 1562.0M(1562.0M)->0.0B(1560.0M) Survivors: 14.0M->16.0M Heap: 1989.2M(2252.0M)->429.2M(2252.0M)]
 [Times: user=0.41 sys=0.00, real=0.03 secs] 

 Concurrent RS processed 4459400 cards
  Of 137263 completed buffers:
       137263 (100.0%) by conc RS threads.
            0 (  0.0%) by mutator threads.
  Conc RS threads times(s)
          0.00     0.00     0.00     0.00     0.00     0.00     0.00     0.00     0.00     0.00     0.00     0.00     0.00     0.00     0.00     0.00     0.00     0.00     0.00
  Total heap region rem set sizes = 6266K.  Max = 34K.
  Static structures = 369K, free_lists = 289K.
    382590 occupied cards represented.
    Max size region = 0:(O)[0x0000000763400000,0x00000007634ffff0,0x0000000763500000], size = 35K, occupied = 99K.
    Did 6163 coarsenings.
2014-08-01T10:29:39.005-0500: 5599.448: [GC pause (young) 5599.448: [G1Ergonomics (CSet Construction) start choosing CSet, _pending_cards: 5771, predicted base time: 22.97 ms, remaining time: 77.03 ms, target pause time: 100.00 ms]
 5599.448: [G1Ergonomics (CSet Construction) add young regions to CSet, eden: 1560 regions, survivors: 16 regions, predicted young region time: 25.22 ms]
 5599.448: [G1Ergonomics (CSet Construction) finish choosing CSet, eden: 1560 regions, survivors: 16 regions, old: 0 regions, predicted pause time: 48.19 ms, target pause time: 100.00 ms]
, 0.0276440 secs]
   [Parallel Time: 15.1 ms, GC Workers: 18]
      [GC Worker Start (ms): Min: 5599448.5, Avg: 5599448.7, Max: 5599448.8, Diff: 0.3]
      [Ext Root Scanning (ms): Min: 4.6, Avg: 6.7, Max: 11.2, Diff: 6.7, Sum: 120.3]
      [Update RS (ms): Min: 0.0, Avg: 1.5, Max: 4.1, Diff: 4.1, Sum: 26.4]
         [Processed Buffers: Min: 0, Avg: 7.8, Max: 20, Diff: 20, Sum: 140]
      [Scan RS (ms): Min: 0.2, Avg: 0.7, Max: 0.9, Diff: 0.7, Sum: 12.8]
      [Object Copy (ms): Min: 3.0, Avg: 5.5, Max: 5.9, Diff: 2.9, Sum: 99.2]
      [Termination (ms): Min: 0.0, Avg: 0.0, Max: 0.0, Diff: 0.0, Sum: 0.1]
      [GC Worker Other (ms): Min: 0.1, Avg: 0.2, Max: 0.4, Diff: 0.3, Sum: 3.8]
      [GC Worker Total (ms): Min: 14.3, Avg: 14.6, Max: 14.9, Diff: 0.6, Sum: 262.5]
      [GC Worker End (ms): Min: 5599463.1, Avg: 5599463.3, Max: 5599463.4, Diff: 0.3]
   [Code Root Fixup: 0.0 ms]
   [Clear CT: 1.8 ms]
   [Other: 10.8 ms]
      [Choose CSet: 0.0 ms]
      [Ref Proc: 5.1 ms]
      [Ref Enq: 0.3 ms]
      [Free CSet: 4.7 ms]
   [Eden: 1560.0M(1560.0M)->0.0B(1557.0M) Survivors: 16.0M->19.0M Heap: 1989.2M(2252.0M)->432.7M(2252.0M)]
 [Times: user=0.32 sys=0.00, real=0.03 secs] 

 Concurrent RS processed 4461758 cards
  Of 137403 completed buffers:
       137403 (100.0%) by conc RS threads.
            0 (  0.0%) by mutator threads.
  Conc RS threads times(s)
          0.00     0.00     0.00     0.00     0.00     0.00     0.00     0.00     0.00     0.00     0.00     0.00     0.00     0.00     0.00     0.00     0.00     0.00     0.00
  Total heap region rem set sizes = 6266K.  Max = 34K.
  Static structures = 369K, free_lists = 289K.
    382819 occupied cards represented.
    Max size region = 0:(O)[0x0000000763400000,0x00000007634ffff0,0x0000000763500000], size = 35K, occupied = 99K.
    Did 6163 coarsenings.
2014-08-01T10:29:45.378-0500: 5605.821: [GC pause (young) 5605.822: [G1Ergonomics (CSet Construction) start choosing CSet, _pending_cards: 5726, predicted base time: 21.66 ms, remaining time: 78.34 ms, target pause time: 100.00 ms]
 5605.822: [G1Ergonomics (CSet Construction) add young regions to CSet, eden: 1557 regions, survivors: 19 regions, predicted young region time: 11.57 ms]
 5605.822: [G1Ergonomics (CSet Construction) finish choosing CSet, eden: 1557 regions, survivors: 19 regions, old: 0 regions, predicted pause time: 33.23 ms, target pause time: 100.00 ms]
, 0.0378990 secs]
   [Parallel Time: 24.7 ms, GC Workers: 18]
      [GC Worker Start (ms): Min: 5605821.9, Avg: 5605822.0, Max: 5605822.2, Diff: 0.3]
      [Ext Root Scanning (ms): Min: 4.7, Avg: 6.7, Max: 11.6, Diff: 6.9, Sum: 121.2]
      [Update RS (ms): Min: 0.0, Avg: 1.5, Max: 3.7, Diff: 3.7, Sum: 27.5]
         [Processed Buffers: Min: 0, Avg: 7.7, Max: 22, Diff: 22, Sum: 138]
      [Scan RS (ms): Min: 0.2, Avg: 0.7, Max: 1.9, Diff: 1.7, Sum: 13.0]
      [Object Copy (ms): Min: 11.9, Avg: 14.6, Max: 15.1, Diff: 3.2, Sum: 263.5]
      [Termination (ms): Min: 0.1, Avg: 0.3, Max: 0.4, Diff: 0.4, Sum: 6.1]
      [GC Worker Other (ms): Min: 0.0, Avg: 0.2, Max: 0.4, Diff: 0.3, Sum: 3.4]
      [GC Worker Total (ms): Min: 23.9, Avg: 24.1, Max: 24.4, Diff: 0.6, Sum: 434.6]
      [GC Worker End (ms): Min: 5605846.0, Avg: 5605846.2, Max: 5605846.4, Diff: 0.3]
   [Code Root Fixup: 0.0 ms]
   [Clear CT: 1.8 ms]
   [Other: 11.4 ms]
      [Choose CSet: 0.1 ms]
      [Ref Proc: 5.8 ms]
      [Ref Enq: 0.4 ms]
      [Free CSet: 4.5 ms]
   [Eden: 1557.0M(1557.0M)->0.0B(1562.0M) Survivors: 19.0M->14.0M Heap: 1989.7M(2252.0M)->427.2M(2252.0M)]
 [Times: user=0.49 sys=0.00, real=0.04 secs] 

 Concurrent RS processed 4464068 cards
  Of 137541 completed buffers:
       137541 (100.0%) by conc RS threads.
            0 (  0.0%) by mutator threads.
  Conc RS threads times(s)
          0.00     0.00     0.00     0.00     0.00     0.00     0.00     0.00     0.00     0.00     0.00     0.00     0.00     0.00     0.00     0.00     0.00     0.00     0.00
  Total heap region rem set sizes = 6267K.  Max = 34K.
  Static structures = 369K, free_lists = 289K.
    383095 occupied cards represented.
    Max size region = 0:(O)[0x0000000763400000,0x00000007634ffff0,0x0000000763500000], size = 35K, occupied = 99K.
    Did 6163 coarsenings.
2014-08-01T10:29:51.814-0500: 5612.258: [GC pause (young) 5612.258: [G1Ergonomics (CSet Construction) start choosing CSet, _pending_cards: 5972, predicted base time: 20.79 ms, remaining time: 79.21 ms, target pause time: 100.00 ms]
 5612.258: [G1Ergonomics (CSet Construction) add young regions to CSet, eden: 1562 regions, survivors: 14 regions, predicted young region time: 19.54 ms]
 5612.258: [G1Ergonomics (CSet Construction) finish choosing CSet, eden: 1562 regions, survivors: 14 regions, old: 0 regions, predicted pause time: 40.34 ms, target pause time: 100.00 ms]
, 0.0392700 secs]
   [Parallel Time: 22.6 ms, GC Workers: 18]
      [GC Worker Start (ms): Min: 5612257.9, Avg: 5612258.1, Max: 5612258.3, Diff: 0.3]
      [Ext Root Scanning (ms): Min: 6.1, Avg: 7.4, Max: 11.6, Diff: 5.5, Sum: 133.8]
      [Update RS (ms): Min: 0.0, Avg: 1.5, Max: 2.9, Diff: 2.9, Sum: 26.8]
         [Processed Buffers: Min: 0, Avg: 7.7, Max: 20, Diff: 20, Sum: 139]
      [Scan RS (ms): Min: 0.2, Avg: 0.7, Max: 1.0, Diff: 0.8, Sum: 12.4]
      [Object Copy (ms): Min: 8.8, Avg: 10.9, Max: 11.7, Diff: 2.9, Sum: 196.8]
      [Termination (ms): Min: 0.0, Avg: 0.3, Max: 0.4, Diff: 0.4, Sum: 6.2]
      [GC Worker Other (ms): Min: 0.0, Avg: 0.2, Max: 0.4, Diff: 0.3, Sum: 3.8]
      [GC Worker Total (ms): Min: 20.8, Avg: 21.1, Max: 21.4, Diff: 0.6, Sum: 379.8]
      [GC Worker End (ms): Min: 5612279.0, Avg: 5612279.2, Max: 5612279.3, Diff: 0.3]
   [Code Root Fixup: 0.0 ms]
   [Clear CT: 2.3 ms]
   [Other: 14.3 ms]
      [Choose CSet: 0.0 ms]
      [Ref Proc: 8.1 ms]
      [Ref Enq: 0.6 ms]
      [Free CSet: 5.0 ms]
   [Eden: 1562.0M(1562.0M)->0.0B(1562.0M) Survivors: 14.0M->14.0M Heap: 1989.2M(2252.0M)->427.4M(2252.0M)]
 [Times: user=0.42 sys=0.01, real=0.04 secs] 

 Concurrent RS processed 4466430 cards
  Of 137680 completed buffers:
       137680 (100.0%) by conc RS threads.
            0 (  0.0%) by mutator threads.
  Conc RS threads times(s)
          0.00     0.00     0.00     0.00     0.00     0.00     0.00     0.00     0.00     0.00     0.00     0.00     0.00     0.00     0.00     0.00     0.00     0.00     0.00
  Total heap region rem set sizes = 6267K.  Max = 34K.
  Static structures = 369K, free_lists = 288K.
    383319 occupied cards represented.
    Max size region = 0:(O)[0x0000000763400000,0x00000007634ffff0,0x0000000763500000], size = 35K, occupied = 99K.
    Did 6163 coarsenings.
2014-08-01T10:29:58.176-0500: 5618.619: [GC pause (young) 5618.619: [G1Ergonomics (CSet Construction) start choosing CSet, _pending_cards: 5463, predicted base time: 21.37 ms, remaining time: 78.63 ms, target pause time: 100.00 ms]
 5618.619: [G1Ergonomics (CSet Construction) add young regions to CSet, eden: 1562 regions, survivors: 14 regions, predicted young region time: 18.09 ms]
 5618.619: [G1Ergonomics (CSet Construction) finish choosing CSet, eden: 1562 regions, survivors: 14 regions, old: 0 regions, predicted pause time: 39.45 ms, target pause time: 100.00 ms]
, 0.0389700 secs]
   [Parallel Time: 24.1 ms, GC Workers: 18]
      [GC Worker Start (ms): Min: 5618619.4, Avg: 5618620.1, Max: 5618630.6, Diff: 11.2]
      [Ext Root Scanning (ms): Min: 0.1, Avg: 9.2, Max: 20.7, Diff: 20.6, Sum: 166.1]
      [Update RS (ms): Min: 0.0, Avg: 1.7, Max: 5.3, Diff: 5.3, Sum: 30.0]
         [Processed Buffers: Min: 0, Avg: 7.4, Max: 18, Diff: 18, Sum: 134]
      [Scan RS (ms): Min: 0.3, Avg: 0.7, Max: 0.9, Diff: 0.6, Sum: 12.9]
      [Object Copy (ms): Min: 2.2, Avg: 9.6, Max: 11.2, Diff: 9.0, Sum: 173.1]
      [Termination (ms): Min: 0.0, Avg: 1.6, Max: 1.7, Diff: 1.7, Sum: 28.5]
      [GC Worker Other (ms): Min: 0.0, Avg: 0.1, Max: 0.3, Diff: 0.3, Sum: 2.6]
      [GC Worker Total (ms): Min: 12.4, Avg: 23.0, Max: 23.9, Diff: 11.5, Sum: 413.2]
      [GC Worker End (ms): Min: 5618643.0, Avg: 5618643.1, Max: 5618643.3, Diff: 0.3]
   [Code Root Fixup: 0.0 ms]
   [Clear CT: 1.7 ms]
   [Other: 13.1 ms]
      [Choose CSet: 0.0 ms]
      [Ref Proc: 7.1 ms]
      [Ref Enq: 0.4 ms]
      [Free CSet: 4.9 ms]
   [Eden: 1562.0M(1562.0M)->0.0B(1552.0M) Survivors: 14.0M->24.0M Heap: 1989.4M(2252.0M)->437.4M(2252.0M)]
 [Times: user=0.41 sys=0.02, real=0.04 secs] 

 Concurrent RS processed 4468795 cards
  Of 137814 completed buffers:
       137814 (100.0%) by conc RS threads.
            0 (  0.0%) by mutator threads.
  Conc RS threads times(s)
          0.00     0.00     0.00     0.00     0.00     0.00     0.00     0.00     0.00     0.00     0.00     0.00     0.00     0.00     0.00     0.00     0.00     0.00     0.00
  Total heap region rem set sizes = 6268K.  Max = 34K.
  Static structures = 369K, free_lists = 288K.
    383551 occupied cards represented.
    Max size region = 0:(O)[0x0000000763400000,0x00000007634ffff0,0x0000000763500000], size = 35K, occupied = 99K.
    Did 6163 coarsenings.
2014-08-01T10:30:04.396-0500: 5624.839: [GC pause (young) 5624.839: [G1Ergonomics (CSet Construction) start choosing CSet, _pending_cards: 5231, predicted base time: 21.70 ms, remaining time: 78.30 ms, target pause time: 100.00 ms]
 5624.839: [G1Ergonomics (CSet Construction) add young regions to CSet, eden: 1552 regions, survivors: 24 regions, predicted young region time: 14.33 ms]
 5624.839: [G1Ergonomics (CSet Construction) finish choosing CSet, eden: 1552 regions, survivors: 24 regions, old: 0 regions, predicted pause time: 36.03 ms, target pause time: 100.00 ms]
, 0.0468140 secs]
   [Parallel Time: 27.0 ms, GC Workers: 18]
      [GC Worker Start (ms): Min: 5624839.4, Avg: 5624839.6, Max: 5624839.8, Diff: 0.4]
      [Ext Root Scanning (ms): Min: 0.6, Avg: 8.6, Max: 11.2, Diff: 10.5, Sum: 155.1]
      [Update RS (ms): Min: 0.5, Avg: 2.3, Max: 14.9, Diff: 14.5, Sum: 41.3]
         [Processed Buffers: Min: 1, Avg: 7.9, Max: 32, Diff: 31, Sum: 142]
      [Scan RS (ms): Min: 0.2, Avg: 0.7, Max: 0.9, Diff: 0.7, Sum: 11.9]
      [Object Copy (ms): Min: 2.1, Avg: 12.8, Max: 22.1, Diff: 20.0, Sum: 229.8]
      [Termination (ms): Min: 0.0, Avg: 1.9, Max: 2.5, Diff: 2.5, Sum: 34.8]
      [GC Worker Other (ms): Min: 0.0, Avg: 0.2, Max: 0.4, Diff: 0.3, Sum: 3.3]
      [GC Worker Total (ms): Min: 26.2, Avg: 26.5, Max: 26.7, Diff: 0.5, Sum: 476.1]
      [GC Worker End (ms): Min: 5624865.9, Avg: 5624866.1, Max: 5624866.2, Diff: 0.3]
   [Code Root Fixup: 0.0 ms]
   [Clear CT: 1.8 ms]
   [Other: 18.0 ms]
      [Choose CSet: 0.0 ms]
      [Ref Proc: 11.0 ms]
      [Ref Enq: 1.5 ms]
      [Free CSet: 4.9 ms]
   [Eden: 1552.0M(1552.0M)->0.0B(1559.0M) Survivors: 24.0M->17.0M Heap: 1989.4M(2252.0M)->430.9M(2252.0M)]
 [Times: user=0.50 sys=0.00, real=0.04 secs] 

 Concurrent RS processed 4471202 cards
  Of 137956 completed buffers:
       137956 (100.0%) by conc RS threads.
            0 (  0.0%) by mutator threads.
  Conc RS threads times(s)
          0.00     0.00     0.00     0.00     0.00     0.00     0.00     0.00     0.00     0.00     0.00     0.00     0.00     0.00     0.00     0.00     0.00     0.00     0.00
  Total heap region rem set sizes = 6275K.  Max = 34K.
  Static structures = 369K, free_lists = 286K.
    384083 occupied cards represented.
    Max size region = 0:(O)[0x0000000763400000,0x00000007634ffff0,0x0000000763500000], size = 35K, occupied = 100K.
    Did 6163 coarsenings.
2014-08-01T10:30:10.872-0500: 5631.316: [GC pause (young) 5631.316: [G1Ergonomics (CSet Construction) start choosing CSet, _pending_cards: 5795, predicted base time: 24.00 ms, remaining time: 76.00 ms, target pause time: 100.00 ms]
 5631.316: [G1Ergonomics (CSet Construction) add young regions to CSet, eden: 1559 regions, survivors: 17 regions, predicted young region time: 30.58 ms]
 5631.316: [G1Ergonomics (CSet Construction) finish choosing CSet, eden: 1559 regions, survivors: 17 regions, old: 0 regions, predicted pause time: 54.57 ms, target pause time: 100.00 ms]
, 0.0237800 secs]
   [Parallel Time: 13.5 ms, GC Workers: 18]
      [GC Worker Start (ms): Min: 5631315.9, Avg: 5631316.0, Max: 5631316.1, Diff: 0.3]
      [Ext Root Scanning (ms): Min: 3.4, Avg: 4.9, Max: 7.6, Diff: 4.1, Sum: 88.2]
      [Update RS (ms): Min: 0.0, Avg: 0.9, Max: 2.5, Diff: 2.5, Sum: 16.1]
         [Processed Buffers: Min: 0, Avg: 8.1, Max: 28, Diff: 28, Sum: 145]
      [Scan RS (ms): Min: 0.1, Avg: 0.5, Max: 0.9, Diff: 0.8, Sum: 9.4]
      [Object Copy (ms): Min: 2.6, Avg: 4.7, Max: 6.2, Diff: 3.7, Sum: 83.8]
      [Termination (ms): Min: 0.0, Avg: 1.5, Max: 2.3, Diff: 2.3, Sum: 27.4]
      [GC Worker Other (ms): Min: 0.0, Avg: 0.1, Max: 0.3, Diff: 0.3, Sum: 2.6]
      [GC Worker Total (ms): Min: 12.4, Avg: 12.6, Max: 13.2, Diff: 0.8, Sum: 227.5]
      [GC Worker End (ms): Min: 5631328.5, Avg: 5631328.6, Max: 5631329.2, Diff: 0.7]
   [Code Root Fixup: 0.0 ms]
   [Clear CT: 1.7 ms]
   [Other: 8.6 ms]
      [Choose CSet: 0.0 ms]
      [Ref Proc: 4.3 ms]
      [Ref Enq: 0.3 ms]
      [Free CSet: 3.6 ms]
   [Eden: 1559.0M(1559.0M)->0.0B(1563.0M) Survivors: 17.0M->13.0M Heap: 1989.9M(2252.0M)->426.9M(2252.0M)]
 [Times: user=0.26 sys=0.00, real=0.03 secs] 

 Concurrent RS processed 4473706 cards
  Of 138101 completed buffers:
       138101 (100.0%) by conc RS threads.
            0 (  0.0%) by mutator threads.
  Conc RS threads times(s)
          0.00     0.00     0.00     0.00     0.00     0.00     0.00     0.00     0.00     0.00     0.00     0.00     0.00     0.00     0.00     0.00     0.00     0.00     0.00
  Total heap region rem set sizes = 6271K.  Max = 34K.
  Static structures = 369K, free_lists = 287K.
    384227 occupied cards represented.
    Max size region = 0:(O)[0x0000000763400000,0x00000007634ffff0,0x0000000763500000], size = 35K, occupied = 100K.
    Did 6163 coarsenings.
2014-08-01T10:30:16.955-0500: 5637.399: [GC pause (young) 5637.399: [G1Ergonomics (CSet Construction) start choosing CSet, _pending_cards: 5738, predicted base time: 21.92 ms, remaining time: 78.08 ms, target pause time: 100.00 ms]
 5637.399: [G1Ergonomics (CSet Construction) add young regions to CSet, eden: 1563 regions, survivors: 13 regions, predicted young region time: 17.56 ms]
 5637.399: [G1Ergonomics (CSet Construction) finish choosing CSet, eden: 1563 regions, survivors: 13 regions, old: 0 regions, predicted pause time: 39.48 ms, target pause time: 100.00 ms]
, 0.0398660 secs]
   [Parallel Time: 21.5 ms, GC Workers: 18]
      [GC Worker Start (ms): Min: 5637398.9, Avg: 5637399.1, Max: 5637399.3, Diff: 0.3]
      [Ext Root Scanning (ms): Min: 5.7, Avg: 6.8, Max: 11.2, Diff: 5.4, Sum: 122.0]
      [Update RS (ms): Min: 0.0, Avg: 1.8, Max: 4.8, Diff: 4.8, Sum: 31.7]
         [Processed Buffers: Min: 0, Avg: 7.9, Max: 23, Diff: 23, Sum: 142]
      [Scan RS (ms): Min: 0.2, Avg: 0.7, Max: 1.2, Diff: 1.0, Sum: 12.6]
      [Object Copy (ms): Min: 7.8, Avg: 10.1, Max: 12.0, Diff: 4.3, Sum: 181.9]
      [Termination (ms): Min: 0.0, Avg: 1.4, Max: 1.7, Diff: 1.7, Sum: 25.7]
      [GC Worker Other (ms): Min: 0.0, Avg: 0.2, Max: 0.4, Diff: 0.3, Sum: 3.3]
      [GC Worker Total (ms): Min: 20.7, Avg: 21.0, Max: 21.3, Diff: 0.6, Sum: 377.3]
      [GC Worker End (ms): Min: 5637419.9, Avg: 5637420.1, Max: 5637420.2, Diff: 0.3]
   [Code Root Fixup: 0.0 ms]
   [Clear CT: 2.3 ms]
   [Other: 16.1 ms]
      [Choose CSet: 0.0 ms]
      [Ref Proc: 9.5 ms]
      [Ref Enq: 0.9 ms]
      [Free CSet: 5.0 ms]
   [Eden: 1563.0M(1563.0M)->0.0B(1564.0M) Survivors: 13.0M->12.0M Heap: 1989.9M(2252.0M)->425.8M(2252.0M)]
 [Times: user=0.43 sys=0.01, real=0.04 secs] 

 Concurrent RS processed 4476055 cards
  Of 138243 completed buffers:
       138243 (100.0%) by conc RS threads.
            0 (  0.0%) by mutator threads.
  Conc RS threads times(s)
          0.00     0.00     0.00     0.00     0.00     0.00     0.00     0.00     0.00     0.00     0.00     0.00     0.00     0.00     0.00     0.00     0.00     0.00     0.00
  Total heap region rem set sizes = 6271K.  Max = 34K.
  Static structures = 369K, free_lists = 287K.
    384541 occupied cards represented.
    Max size region = 0:(O)[0x0000000763400000,0x00000007634ffff0,0x0000000763500000], size = 35K, occupied = 100K.
    Did 6163 coarsenings.
2014-08-01T10:30:23.600-0500: 5644.043: [GC pause (young) 5644.043: [G1Ergonomics (CSet Construction) start choosing CSet, _pending_cards: 5749, predicted base time: 22.46 ms, remaining time: 77.54 ms, target pause time: 100.00 ms]
 5644.043: [G1Ergonomics (CSet Construction) add young regions to CSet, eden: 1564 regions, survivors: 12 regions, predicted young region time: 21.85 ms]
 5644.043: [G1Ergonomics (CSet Construction) finish choosing CSet, eden: 1564 regions, survivors: 12 regions, old: 0 regions, predicted pause time: 44.31 ms, target pause time: 100.00 ms]
, 0.0379800 secs]
   [Parallel Time: 20.5 ms, GC Workers: 18]
      [GC Worker Start (ms): Min: 5644043.6, Avg: 5644043.8, Max: 5644043.9, Diff: 0.3]
      [Ext Root Scanning (ms): Min: 5.9, Avg: 7.6, Max: 16.7, Diff: 10.8, Sum: 136.7]
      [Update RS (ms): Min: 0.0, Avg: 1.8, Max: 4.5, Diff: 4.5, Sum: 32.0]
         [Processed Buffers: Min: 0, Avg: 7.9, Max: 20, Diff: 20, Sum: 143]
      [Scan RS (ms): Min: 0.2, Avg: 0.7, Max: 1.0, Diff: 0.8, Sum: 12.5]
      [Object Copy (ms): Min: 2.2, Avg: 9.2, Max: 11.9, Diff: 9.7, Sum: 165.7]
      [Termination (ms): Min: 0.1, Avg: 0.4, Max: 0.7, Diff: 0.7, Sum: 8.0]
      [GC Worker Other (ms): Min: 0.0, Avg: 0.2, Max: 0.4, Diff: 0.3, Sum: 3.3]
      [GC Worker Total (ms): Min: 19.6, Avg: 19.9, Max: 20.2, Diff: 0.6, Sum: 358.2]
      [GC Worker End (ms): Min: 5644063.5, Avg: 5644063.7, Max: 5644063.8, Diff: 0.4]
   [Code Root Fixup: 0.0 ms]
   [Clear CT: 1.9 ms]
   [Other: 15.6 ms]
      [Choose CSet: 0.0 ms]
      [Ref Proc: 9.8 ms]
      [Ref Enq: 0.3 ms]
      [Free CSet: 4.8 ms]
   [Eden: 1564.0M(1564.0M)->0.0B(1552.0M) Survivors: 12.0M->24.0M Heap: 1989.8M(2252.0M)->438.0M(2252.0M)]
 [Times: user=0.44 sys=0.01, real=0.04 secs] 

 Concurrent RS processed 4478510 cards
  Of 138386 completed buffers:
       138386 (100.0%) by conc RS threads.
            0 (  0.0%) by mutator threads.
  Conc RS threads times(s)
          0.00     0.00     0.00     0.00     0.00     0.00     0.00     0.00     0.00     0.00     0.00     0.00     0.00     0.00     0.00     0.00     0.00     0.00     0.00
  Total heap region rem set sizes = 6272K.  Max = 34K.
  Static structures = 369K, free_lists = 287K.
    384901 occupied cards represented.
    Max size region = 0:(O)[0x0000000763400000,0x00000007634ffff0,0x0000000763500000], size = 35K, occupied = 100K.
    Did 6163 coarsenings.
2014-08-01T10:30:30.069-0500: 5650.512: [GC pause (young) 5650.512: [G1Ergonomics (CSet Construction) start choosing CSet, _pending_cards: 5518, predicted base time: 22.76 ms, remaining time: 77.24 ms, target pause time: 100.00 ms]
 5650.512: [G1Ergonomics (CSet Construction) add young regions to CSet, eden: 1552 regions, survivors: 24 regions, predicted young region time: 15.96 ms]
 5650.512: [G1Ergonomics (CSet Construction) finish choosing CSet, eden: 1552 regions, survivors: 24 regions, old: 0 regions, predicted pause time: 38.72 ms, target pause time: 100.00 ms]
, 0.0386120 secs]
   [Parallel Time: 24.1 ms, GC Workers: 18]
      [GC Worker Start (ms): Min: 5650512.4, Avg: 5650512.6, Max: 5650512.7, Diff: 0.3]
      [Ext Root Scanning (ms): Min: 5.1, Avg: 6.7, Max: 11.2, Diff: 6.1, Sum: 119.8]
      [Update RS (ms): Min: 0.0, Avg: 1.6, Max: 3.5, Diff: 3.5, Sum: 29.1]
         [Processed Buffers: Min: 0, Avg: 7.7, Max: 24, Diff: 24, Sum: 138]
      [Scan RS (ms): Min: 0.2, Avg: 0.7, Max: 0.9, Diff: 0.7, Sum: 12.7]
      [Object Copy (ms): Min: 5.7, Avg: 8.6, Max: 14.4, Diff: 8.8, Sum: 154.0]
      [Termination (ms): Min: 0.0, Avg: 5.8, Max: 6.2, Diff: 6.2, Sum: 105.1]
      [GC Worker Other (ms): Min: 0.0, Avg: 0.2, Max: 0.4, Diff: 0.3, Sum: 3.4]
      [GC Worker Total (ms): Min: 23.4, Avg: 23.6, Max: 23.8, Diff: 0.5, Sum: 424.1]
      [GC Worker End (ms): Min: 5650536.0, Avg: 5650536.1, Max: 5650536.3, Diff: 0.4]
   [Code Root Fixup: 0.0 ms]
   [Clear CT: 1.8 ms]
   [Other: 12.6 ms]
      [Choose CSet: 0.0 ms]
      [Ref Proc: 6.3 ms]
      [Ref Enq: 0.5 ms]
      [Free CSet: 5.2 ms]
   [Eden: 1552.0M(1552.0M)->0.0B(1562.0M) Survivors: 24.0M->14.0M Heap: 1990.0M(2252.0M)->427.6M(2252.0M)]
 [Times: user=0.47 sys=0.01, real=0.04 secs] 

 Concurrent RS processed 4480918 cards
  Of 138524 completed buffers:
