[0.010s][info][gc] Using Concurrent Mark Sweep
[0.010s][info][gc,heap,coops] Heap address: 0x00000007fc000000, size: 64 MB, Compressed Oops mode: Zero based, Oop shift amount: 3
[0.157s][info][gc,start     ] GC(0) Pause Young (Allocation Failure)
[0.157s][info][gc,task      ] GC(0) Using 8 workers of 8 for evacuation
[0.160s][debug][gc,age       ] GC(0) Desired survivor size 1114112 bytes, new threshold 1 (max threshold 6)
[0.160s][info ][gc,heap      ] GC(0) ParNew: 17393K->2175K(19648K)
[0.160s][info ][gc,heap      ] GC(0) CMS: 0K->130K(43712K)
[0.160s][info ][gc,metaspace ] GC(0) Metaspace: 5147K->5147K(1056768K)
[0.160s][info ][gc           ] GC(0) Pause Young (Allocation Failure) 16M->2M(61M) 2.928ms
[0.160s][info ][gc,cpu       ] GC(0) User=0.01s Sys=0.01s Real=0.00s
[0.165s][info ][gc,start     ] GC(1) Pause Young (Allocation Failure)
[0.165s][info ][gc,task      ] GC(1) Using 8 workers of 8 for evacuation
[0.170s][debug][gc,age       ] GC(1) Desired survivor size 1114112 bytes, new threshold 1 (max threshold 6)
[0.170s][info ][gc,heap      ] GC(1) ParNew: 19356K->1696K(19648K)
[0.170s][info ][gc,heap      ] GC(1) CMS: 130K->1179K(43712K)
[0.170s][info ][gc,metaspace ] GC(1) Metaspace: 5162K->5162K(1056768K)
[0.170s][info ][gc           ] GC(1) Pause Young (Allocation Failure) 19M->2M(61M) 5.221ms
[0.170s][info ][gc,cpu       ] GC(1) User=0.02s Sys=0.00s Real=0.00s
[0.173s][info ][gc,start     ] GC(2) Pause Young (Allocation Failure)
[0.173s][info ][gc,task      ] GC(2) Using 8 workers of 8 for evacuation
[0.174s][debug][gc,age       ] GC(2) Desired survivor size 1114112 bytes, new threshold 6 (max threshold 6)
[0.175s][info ][gc,heap      ] GC(2) ParNew: 19114K->132K(19648K)
[0.175s][info ][gc,heap      ] GC(2) CMS: 1179K->1186K(43712K)
[0.175s][info ][gc,metaspace ] GC(2) Metaspace: 5182K->5182K(1056768K)
[0.175s][info ][gc           ] GC(2) Pause Young (Allocation Failure) 19M->1M(61M) 1.096ms
[0.175s][info ][gc,cpu       ] GC(2) User=0.00s Sys=0.00s Real=0.01s
[0.177s][info ][gc,start     ] GC(3) Pause Young (Allocation Failure)
[0.177s][info ][gc,task      ] GC(3) Using 8 workers of 8 for evacuation
[0.177s][debug][gc,age       ] GC(3) Desired survivor size 1114112 bytes, new threshold 6 (max threshold 6)
[0.178s][info ][gc,heap      ] GC(3) ParNew: 17452K->425K(19648K)
[0.178s][info ][gc,heap      ] GC(3) CMS: 1186K->1186K(43712K)
[0.178s][info ][gc,metaspace ] GC(3) Metaspace: 5198K->5198K(1056768K)
[0.178s][info ][gc           ] GC(3) Pause Young (Allocation Failure) 18M->1M(61M) 0.429ms
[0.178s][info ][gc,cpu       ] GC(3) User=0.00s Sys=0.00s Real=0.00s
[0.180s][info ][gc,start     ] GC(4) Pause Young (Allocation Failure)
[0.180s][info ][gc,task      ] GC(4) Using 8 workers of 8 for evacuation
[0.181s][debug][gc,age       ] GC(4) Desired survivor size 1114112 bytes, new threshold 6 (max threshold 6)
[0.181s][info ][gc,heap      ] GC(4) ParNew: 17681K->26K(19648K)
[0.181s][info ][gc,heap      ] GC(4) CMS: 1186K->1186K(43712K)
[0.181s][info ][gc,metaspace ] GC(4) Metaspace: 5220K->5220K(1056768K)
[0.181s][info ][gc           ] GC(4) Pause Young (Allocation Failure) 18M->1M(61M) 1.039ms
[0.181s][info ][gc,cpu       ] GC(4) User=0.01s Sys=0.00s Real=0.00s
[0.184s][info ][gc,start     ] GC(5) Pause Young (Allocation Failure)
[0.184s][info ][gc,task      ] GC(5) Using 8 workers of 8 for evacuation
[0.185s][debug][gc,age       ] GC(5) Desired survivor size 1114112 bytes, new threshold 6 (max threshold 6)
[0.185s][info ][gc,heap      ] GC(5) ParNew: 17274K->431K(19648K)
[0.185s][info ][gc,heap      ] GC(5) CMS: 1186K->1186K(43712K)
[0.185s][info ][gc,metaspace ] GC(5) Metaspace: 5238K->5238K(1056768K)
[0.185s][info ][gc           ] GC(5) Pause Young (Allocation Failure) 18M->1M(61M) 0.995ms
[0.185s][info ][gc,cpu       ] GC(5) User=0.01s Sys=0.00s Real=0.01s
[0.187s][info ][gc,start     ] GC(6) Pause Young (Allocation Failure)
[0.187s][info ][gc,task      ] GC(6) Using 8 workers of 8 for evacuation
[0.188s][debug][gc,age       ] GC(6) Desired survivor size 1114112 bytes, new threshold 6 (max threshold 6)
[0.188s][info ][gc,heap      ] GC(6) ParNew: 17665K->835K(19648K)
[0.188s][info ][gc,heap      ] GC(6) CMS: 1186K->1186K(43712K)
[0.188s][info ][gc,metaspace ] GC(6) Metaspace: 5269K->5269K(1056768K)
[0.188s][info ][gc           ] GC(6) Pause Young (Allocation Failure) 18M->1M(61M) 0.402ms
[0.188s][info ][gc,cpu       ] GC(6) User=0.00s Sys=0.00s Real=0.00s
[0.190s][info ][gc,start     ] GC(7) Pause Young (Allocation Failure)
[0.190s][info ][gc,task      ] GC(7) Using 8 workers of 8 for evacuation
[0.191s][debug][gc,age       ] GC(7) Desired survivor size 1114112 bytes, new threshold 6 (max threshold 6)
[0.191s][info ][gc,heap      ] GC(7) ParNew: 18051K->459K(19648K)
[0.191s][info ][gc,heap      ] GC(7) CMS: 1186K->1186K(43712K)
[0.191s][info ][gc,metaspace ] GC(7) Metaspace: 5283K->5283K(1056768K)
[0.191s][info ][gc           ] GC(7) Pause Young (Allocation Failure) 18M->1M(61M) 0.546ms
[0.191s][info ][gc,cpu       ] GC(7) User=0.00s Sys=0.00s Real=0.00s
[0.193s][info ][gc,start     ] GC(8) Pause Young (Allocation Failure)
[0.193s][info ][gc,task      ] GC(8) Using 8 workers of 8 for evacuation
[0.194s][debug][gc,age       ] GC(8) Desired survivor size 1114112 bytes, new threshold 6 (max threshold 6)
[0.194s][info ][gc,heap      ] GC(8) ParNew: 17663K->844K(19648K)
[0.194s][info ][gc,heap      ] GC(8) CMS: 1186K->1192K(43712K)
[0.194s][info ][gc,metaspace ] GC(8) Metaspace: 5296K->5296K(1056768K)
[0.194s][info ][gc           ] GC(8) Pause Young (Allocation Failure) 18M->1M(61M) 1.133ms
[0.194s][info ][gc,cpu       ] GC(8) User=0.01s Sys=0.00s Real=0.01s
[0.196s][info ][gc,start     ] GC(9) Pause Young (Allocation Failure)
[0.196s][info ][gc,task      ] GC(9) Using 8 workers of 8 for evacuation
[0.198s][debug][gc,age       ] GC(9) Desired survivor size 1114112 bytes, new threshold 1 (max threshold 6)
[0.198s][info ][gc,heap      ] GC(9) ParNew: 18179K->2025K(19648K)
[0.198s][info ][gc,heap      ] GC(9) CMS: 1192K->1590K(43712K)
[0.198s][info ][gc,metaspace ] GC(9) Metaspace: 5299K->5299K(1056768K)
[0.198s][info ][gc           ] GC(9) Pause Young (Allocation Failure) 18M->3M(61M) 1.834ms
[0.198s][info ][gc,cpu       ] GC(9) User=0.01s Sys=0.00s Real=0.00s
[0.200s][info ][gc,start     ] GC(10) Pause Young (Allocation Failure)
[0.200s][info ][gc,task      ] GC(10) Using 8 workers of 8 for evacuation
[0.201s][debug][gc,age       ] GC(10) Desired survivor size 1114112 bytes, new threshold 6 (max threshold 6)
[0.201s][info ][gc,heap      ] GC(10) ParNew: 19312K->804K(19648K)
[0.201s][info ][gc,heap      ] GC(10) CMS: 1590K->1629K(43712K)
[0.201s][info ][gc,metaspace ] GC(10) Metaspace: 5299K->5299K(1056768K)
[0.201s][info ][gc           ] GC(10) Pause Young (Allocation Failure) 20M->2M(61M) 1.166ms
[0.201s][info ][gc,cpu       ] GC(10) User=0.01s Sys=0.00s Real=0.00s
[0.203s][info ][gc,start     ] GC(11) Pause Young (Allocation Failure)
[0.203s][info ][gc,task      ] GC(11) Using 8 workers of 8 for evacuation
[0.204s][debug][gc,age       ] GC(11) Desired survivor size 1114112 bytes, new threshold 1 (max threshold 6)
[0.204s][info ][gc,heap      ] GC(11) ParNew: 18085K->1967K(19648K)
[0.204s][info ][gc,heap      ] GC(11) CMS: 1629K->2801K(43712K)
[0.204s][info ][gc,metaspace ] GC(11) Metaspace: 5300K->5300K(1056768K)
[0.204s][info ][gc           ] GC(11) Pause Young (Allocation Failure) 19M->4M(61M) 1.820ms
[0.204s][info ][gc,cpu       ] GC(11) User=0.01s Sys=0.00s Real=0.01s
[0.206s][info ][gc,start     ] GC(12) Pause Young (Allocation Failure)
[0.206s][info ][gc,task      ] GC(12) Using 8 workers of 8 for evacuation
[0.207s][debug][gc,age       ] GC(12) Desired survivor size 1114112 bytes, new threshold 1 (max threshold 6)
[0.207s][info ][gc,heap      ] GC(12) ParNew: 19439K->1576K(19648K)
[0.207s][info ][gc,heap      ] GC(12) CMS: 2801K->3192K(43712K)
[0.207s][info ][gc,metaspace ] GC(12) Metaspace: 5310K->5310K(1056768K)
[0.207s][info ][gc           ] GC(12) Pause Young (Allocation Failure) 21M->4M(61M) 1.396ms
[0.207s][info ][gc,cpu       ] GC(12) User=0.01s Sys=0.00s Real=0.00s
[0.209s][info ][gc,start     ] GC(13) Pause Young (Allocation Failure)
[0.209s][info ][gc,task      ] GC(13) Using 8 workers of 8 for evacuation
[0.210s][debug][gc,age       ] GC(13) Desired survivor size 1114112 bytes, new threshold 1 (max threshold 6)
[0.210s][info ][gc,heap      ] GC(13) ParNew: 18934K->1969K(19648K)
[0.210s][info ][gc,heap      ] GC(13) CMS: 3192K->4364K(43712K)
[0.210s][info ][gc,metaspace ] GC(13) Metaspace: 5310K->5310K(1056768K)
[0.210s][info ][gc           ] GC(13) Pause Young (Allocation Failure) 21M->6M(61M) 1.076ms
[0.210s][info ][gc,cpu       ] GC(13) User=0.00s Sys=0.00s Real=0.00s
[0.211s][info ][gc,start     ] GC(14) Pause Young (Allocation Failure)
[0.211s][info ][gc,task      ] GC(14) Using 8 workers of 8 for evacuation
[0.213s][debug][gc,age       ] GC(14) Desired survivor size 1114112 bytes, new threshold 1 (max threshold 6)
[0.213s][info ][gc,heap      ] GC(14) ParNew: 19252K->1969K(19648K)
[0.213s][info ][gc,heap      ] GC(14) CMS: 4364K->5927K(43712K)
[0.213s][info ][gc,metaspace ] GC(14) Metaspace: 5310K->5310K(1056768K)
[0.213s][info ][gc           ] GC(14) Pause Young (Allocation Failure) 23M->7M(61M) 1.643ms
[0.213s][info ][gc,cpu       ] GC(14) User=0.01s Sys=0.00s Real=0.00s
[0.214s][info ][gc,start     ] GC(15) Pause Young (Allocation Failure)
[0.214s][info ][gc,task      ] GC(15) Using 8 workers of 8 for evacuation
[0.216s][debug][gc,age       ] GC(15) Desired survivor size 1114112 bytes, new threshold 1 (max threshold 6)
[0.216s][info ][gc,heap      ] GC(15) ParNew: 19165K->1967K(19648K)
[0.216s][info ][gc,heap      ] GC(15) CMS: 5927K->7099K(43712K)
[0.216s][info ][gc,metaspace ] GC(15) Metaspace: 5310K->5310K(1056768K)
[0.216s][info ][gc           ] GC(15) Pause Young (Allocation Failure) 24M->8M(61M) 1.787ms
[0.216s][info ][gc,cpu       ] GC(15) User=0.01s Sys=0.00s Real=0.00s
[0.218s][info ][gc,start     ] GC(16) Pause Young (Allocation Failure)
[0.218s][info ][gc,task      ] GC(16) Using 8 workers of 8 for evacuation
[0.220s][debug][gc,age       ] GC(16) Desired survivor size 1114112 bytes, new threshold 1 (max threshold 6)
[0.220s][info ][gc,heap      ] GC(16) ParNew: 19180K->1969K(19648K)
[0.220s][info ][gc,heap      ] GC(16) CMS: 7099K->8661K(43712K)
[0.220s][info ][gc,metaspace ] GC(16) Metaspace: 5310K->5310K(1056768K)
[0.220s][info ][gc           ] GC(16) Pause Young (Allocation Failure) 25M->10M(61M) 2.812ms
[0.220s][info ][gc,cpu       ] GC(16) User=0.01s Sys=0.00s Real=0.00s
[0.222s][info ][gc,start     ] GC(17) Pause Young (Allocation Failure)
[0.222s][info ][gc,task      ] GC(17) Using 8 workers of 8 for evacuation
[0.223s][debug][gc,age       ] GC(17) Desired survivor size 1114112 bytes, new threshold 1 (max threshold 6)
[0.223s][info ][gc,heap      ] GC(17) ParNew: 19156K->1967K(19648K)
[0.223s][info ][gc,heap      ] GC(17) CMS: 8661K->9834K(43712K)
[0.223s][info ][gc,metaspace ] GC(17) Metaspace: 5310K->5310K(1056768K)
[0.223s][info ][gc           ] GC(17) Pause Young (Allocation Failure) 27M->11M(61M) 1.580ms
[0.223s][info ][gc,cpu       ] GC(17) User=0.01s Sys=0.00s Real=0.00s
[0.225s][info ][gc,start     ] GC(18) Pause Young (Allocation Failure)
[0.225s][info ][gc,task      ] GC(18) Using 8 workers of 8 for evacuation
[0.226s][debug][gc,age       ] GC(18) Desired survivor size 1114112 bytes, new threshold 1 (max threshold 6)
[0.226s][info ][gc,heap      ] GC(18) ParNew: 19137K->1967K(19648K)
[0.226s][info ][gc,heap      ] GC(18) CMS: 9834K->10615K(43712K)
[0.226s][info ][gc,metaspace ] GC(18) Metaspace: 5310K->5310K(1056768K)
[0.226s][info ][gc           ] GC(18) Pause Young (Allocation Failure) 28M->12M(61M) 1.469ms
[0.226s][info ][gc,cpu       ] GC(18) User=0.00s Sys=0.00s Real=0.00s
[0.228s][info ][gc,start     ] GC(19) Pause Young (Allocation Failure)
[0.228s][info ][gc,task      ] GC(19) Using 8 workers of 8 for evacuation
[0.229s][debug][gc,age       ] GC(19) Desired survivor size 1114112 bytes, new threshold 1 (max threshold 6)
[0.229s][info ][gc,heap      ] GC(19) ParNew: 19083K->1574K(19648K)
[0.229s][info ][gc,heap      ] GC(19) CMS: 10615K->10615K(43712K)
[0.229s][info ][gc,metaspace ] GC(19) Metaspace: 5310K->5310K(1056768K)
[0.229s][info ][gc           ] GC(19) Pause Young (Allocation Failure) 29M->11M(61M) 1.110ms
[0.229s][info ][gc,cpu       ] GC(19) User=0.01s Sys=0.00s Real=0.00s
[0.230s][info ][gc,start     ] GC(20) Pause Young (Allocation Failure)
[0.231s][info ][gc,task      ] GC(20) Using 8 workers of 8 for evacuation
[0.234s][debug][gc,age       ] GC(20) Desired survivor size 1114112 bytes, new threshold 1 (max threshold 6)
[0.234s][info ][gc,heap      ] GC(20) ParNew: 19038K->1961K(19648K)
[0.234s][info ][gc,heap      ] GC(20) CMS: 10615K->11788K(43712K)
[0.234s][info ][gc,metaspace ] GC(20) Metaspace: 5310K->5310K(1056768K)
[0.234s][info ][gc           ] GC(20) Pause Young (Allocation Failure) 28M->13M(61M) 3.398ms
[0.234s][info ][gc,cpu       ] GC(20) User=0.01s Sys=0.00s Real=0.00s
[0.235s][info ][gc,start     ] GC(21) Pause Young (Allocation Failure)
[0.235s][info ][gc,task      ] GC(21) Using 8 workers of 8 for evacuation
[0.238s][debug][gc,age       ] GC(21) Desired survivor size 1114112 bytes, new threshold 1 (max threshold 6)
[0.238s][info ][gc,heap      ] GC(21) ParNew: 19433K->1572K(19648K)
[0.238s][info ][gc,heap      ] GC(21) CMS: 11788K->12570K(43712K)
[0.238s][info ][gc,metaspace ] GC(21) Metaspace: 5310K->5310K(1056768K)
[0.238s][info ][gc           ] GC(21) Pause Young (Allocation Failure) 30M->13M(61M) 2.528ms
[0.238s][info ][gc,cpu       ] GC(21) User=0.01s Sys=0.01s Real=0.00s
[0.239s][info ][gc,start     ] GC(22) Pause Young (Allocation Failure)
[0.239s][info ][gc,task      ] GC(22) Using 8 workers of 8 for evacuation
[0.241s][debug][gc,age       ] GC(22) Desired survivor size 1114112 bytes, new threshold 1 (max threshold 6)
[0.241s][info ][gc,heap      ] GC(22) ParNew: 19031K->1967K(19648K)
[0.241s][info ][gc,heap      ] GC(22) CMS: 12570K->12961K(43712K)
[0.241s][info ][gc,metaspace ] GC(22) Metaspace: 5310K->5310K(1056768K)
[0.241s][info ][gc           ] GC(22) Pause Young (Allocation Failure) 30M->14M(61M) 1.471ms
[0.241s][info ][gc,cpu       ] GC(22) User=0.00s Sys=0.00s Real=0.00s
[0.242s][info ][gc,start     ] GC(23) Pause Young (Allocation Failure)
[0.242s][info ][gc,task      ] GC(23) Using 8 workers of 8 for evacuation
[0.243s][debug][gc,age       ] GC(23) Desired survivor size 1114112 bytes, new threshold 1 (max threshold 6)
[0.243s][info ][gc,heap      ] GC(23) ParNew: 19398K->1572K(19648K)
[0.243s][info ][gc,heap      ] GC(23) CMS: 12961K->14134K(43712K)
[0.243s][info ][gc,metaspace ] GC(23) Metaspace: 5310K->5310K(1056768K)
[0.243s][info ][gc           ] GC(23) Pause Young (Allocation Failure) 31M->15M(61M) 1.062ms
[0.243s][info ][gc,cpu       ] GC(23) User=0.00s Sys=0.00s Real=0.00s
[0.245s][info ][gc,start     ] GC(24) Pause Young (Allocation Failure)
[0.245s][info ][gc,task      ] GC(24) Using 8 workers of 8 for evacuation
[0.247s][debug][gc,age       ] GC(24) Desired survivor size 1114112 bytes, new threshold 6 (max threshold 6)
[0.247s][info ][gc,heap      ] GC(24) ParNew: 18954K->793K(19648K)
[0.247s][info ][gc,heap      ] GC(24) CMS: 14134K->15698K(43712K)
[0.247s][info ][gc,metaspace ] GC(24) Metaspace: 5316K->5316K(1056768K)
[0.247s][info ][gc           ] GC(24) Pause Young (Allocation Failure) 32M->16M(61M) 1.954ms
[0.247s][info ][gc,cpu       ] GC(24) User=0.01s Sys=0.00s Real=0.00s
[0.249s][info ][gc,start     ] GC(25) Pause Young (Allocation Failure)
[0.249s][info ][gc,task      ] GC(25) Using 8 workers of 8 for evacuation
[0.250s][debug][gc,age       ] GC(25) Desired survivor size 1114112 bytes, new threshold 1 (max threshold 6)
[0.250s][info ][gc,heap      ] GC(25) ParNew: 18265K->1961K(19648K)
[0.250s][info ][gc,heap      ] GC(25) CMS: 15698K->16089K(43712K)
[0.250s][info ][gc,metaspace ] GC(25) Metaspace: 5318K->5318K(1056768K)
[0.250s][info ][gc           ] GC(25) Pause Young (Allocation Failure) 33M->17M(61M) 1.227ms
[0.250s][info ][gc,cpu       ] GC(25) User=0.01s Sys=0.00s Real=0.00s
[0.251s][info ][gc,start     ] GC(26) Pause Young (Allocation Failure)
[0.251s][info ][gc,task      ] GC(26) Using 8 workers of 8 for evacuation
[0.253s][debug][gc,age       ] GC(26) Desired survivor size 1114112 bytes, new threshold 1 (max threshold 6)
[0.253s][info ][gc,heap      ] GC(26) ParNew: 19280K->1965K(19648K)
[0.253s][info ][gc,heap      ] GC(26) CMS: 16089K->17262K(43712K)
[0.253s][info ][gc,metaspace ] GC(26) Metaspace: 5318K->5318K(1056768K)
[0.253s][info ][gc           ] GC(26) Pause Young (Allocation Failure) 34M->18M(61M) 1.540ms
[0.253s][info ][gc,cpu       ] GC(26) User=0.00s Sys=0.00s Real=0.00s
[0.254s][info ][gc,start     ] GC(27) Pause Young (Allocation Failure)
[0.254s][info ][gc,task      ] GC(27) Using 8 workers of 8 for evacuation
[0.256s][debug][gc,age       ] GC(27) Desired survivor size 1114112 bytes, new threshold 1 (max threshold 6)
[0.256s][info ][gc,heap      ] GC(27) ParNew: 19121K->1963K(19648K)
[0.256s][info ][gc,heap      ] GC(27) CMS: 17262K->17653K(43712K)
[0.256s][info ][gc,metaspace ] GC(27) Metaspace: 5318K->5318K(1056768K)
[0.256s][info ][gc           ] GC(27) Pause Young (Allocation Failure) 35M->19M(61M) 1.421ms
[0.256s][info ][gc,cpu       ] GC(27) User=0.01s Sys=0.00s Real=0.00s
[0.257s][info ][gc,start     ] GC(28) Pause Young (Allocation Failure)
[0.257s][info ][gc,task      ] GC(28) Using 8 workers of 8 for evacuation
[0.259s][debug][gc,age       ] GC(28) Desired survivor size 1114112 bytes, new threshold 1 (max threshold 6)
[0.259s][info ][gc,heap      ] GC(28) ParNew: 19050K->1963K(19648K)
[0.259s][info ][gc,heap      ] GC(28) CMS: 17653K->18435K(43712K)
[0.259s][info ][gc,metaspace ] GC(28) Metaspace: 5318K->5318K(1056768K)
[0.259s][info ][gc           ] GC(28) Pause Young (Allocation Failure) 35M->19M(61M) 1.523ms
[0.259s][info ][gc,cpu       ] GC(28) User=0.01s Sys=0.00s Real=0.00s
[0.260s][info ][gc,start     ] GC(29) Pause Young (Allocation Failure)
[0.260s][info ][gc,task      ] GC(29) Using 8 workers of 8 for evacuation
[0.262s][debug][gc,age       ] GC(29) Desired survivor size 1114112 bytes, new threshold 6 (max threshold 6)
[0.262s][info ][gc,heap      ] GC(29) ParNew: 19049K->791K(19648K)
[0.262s][info ][gc,heap      ] GC(29) CMS: 18435K->18828K(43712K)
[0.262s][info ][gc,metaspace ] GC(29) Metaspace: 5319K->5319K(1056768K)
[0.262s][info ][gc           ] GC(29) Pause Young (Allocation Failure) 36M->19M(61M) 1.305ms
[0.262s][info ][gc,cpu       ] GC(29) User=0.00s Sys=0.00s Real=0.00s
[0.264s][info ][gc,start     ] GC(30) Pause Young (Allocation Failure)
[0.264s][info ][gc,task      ] GC(30) Using 8 workers of 8 for evacuation
[0.265s][debug][gc,age       ] GC(30) Desired survivor size 1114112 bytes, new threshold 6 (max threshold 6)
[0.265s][info ][gc,heap      ] GC(30) ParNew: 18197K->789K(19648K)
[0.265s][info ][gc,heap      ] GC(30) CMS: 18828K->18828K(43712K)
[0.265s][info ][gc,metaspace ] GC(30) Metaspace: 5319K->5319K(1056768K)
[0.265s][info ][gc           ] GC(30) Pause Young (Allocation Failure) 36M->19M(61M) 1.199ms
[0.265s][info ][gc,cpu       ] GC(30) User=0.01s Sys=0.00s Real=0.01s
[0.266s][info ][gc,start     ] GC(31) Pause Young (Allocation Failure)
[0.267s][info ][gc,task      ] GC(31) Using 8 workers of 8 for evacuation
[0.268s][debug][gc,age       ] GC(31) Desired survivor size 1114112 bytes, new threshold 1 (max threshold 6)
[0.268s][info ][gc,heap      ] GC(31) ParNew: 17931K->1967K(19648K)
[0.268s][info ][gc,heap      ] GC(31) CMS: 18828K->20000K(43712K)
[0.268s][info ][gc,metaspace ] GC(31) Metaspace: 5319K->5319K(1056768K)
[0.268s][info ][gc           ] GC(31) Pause Young (Allocation Failure) 35M->21M(61M) 1.429ms
[0.268s][info ][gc,cpu       ] GC(31) User=0.01s Sys=0.00s Real=0.00s
[0.269s][info ][gc,start     ] GC(32) Pause Young (Allocation Failure)
[0.269s][info ][gc,task      ] GC(32) Using 8 workers of 8 for evacuation
[0.270s][debug][gc,age       ] GC(32) Desired survivor size 1114112 bytes, new threshold 1 (max threshold 6)
[0.270s][info ][gc,heap      ] GC(32) ParNew: 19148K->1574K(19648K)
[0.270s][info ][gc,heap      ] GC(32) CMS: 20000K->20391K(43712K)
[0.270s][info ][gc,metaspace ] GC(32) Metaspace: 5319K->5319K(1056768K)
[0.270s][info ][gc           ] GC(32) Pause Young (Allocation Failure) 38M->21M(61M) 0.726ms
[0.270s][info ][gc,cpu       ] GC(32) User=0.00s Sys=0.00s Real=0.00s
[0.272s][info ][gc,start     ] GC(33) Pause Young (Allocation Failure)
[0.272s][info ][gc,task      ] GC(33) Using 8 workers of 8 for evacuation
[0.274s][debug][gc,age       ] GC(33) Desired survivor size 1114112 bytes, new threshold 1 (max threshold 6)
[0.274s][info ][gc,heap      ] GC(33) ParNew: 18705K->1965K(19648K)
[0.274s][info ][gc,heap      ] GC(33) CMS: 20391K->21564K(43712K)
[0.274s][info ][gc,metaspace ] GC(33) Metaspace: 5319K->5319K(1056768K)
[0.274s][info ][gc           ] GC(33) Pause Young (Allocation Failure) 38M->22M(61M) 1.973ms
[0.274s][info ][gc,cpu       ] GC(33) User=0.01s Sys=0.00s Real=0.00s
[0.276s][info ][gc,start     ] GC(34) Pause Young (Allocation Failure)
[0.276s][info ][gc,task      ] GC(34) Using 8 workers of 8 for evacuation
[0.278s][debug][gc,age       ] GC(34) Desired survivor size 1114112 bytes, new threshold 1 (max threshold 6)
[0.278s][info ][gc,heap      ] GC(34) ParNew: 19277K->1969K(19648K)
[0.278s][info ][gc,heap      ] GC(34) CMS: 21564K->23127K(43712K)
[0.278s][info ][gc,metaspace ] GC(34) Metaspace: 5319K->5319K(1056768K)
[0.278s][info ][gc           ] GC(34) Pause Young (Allocation Failure) 39M->24M(61M) 2.065ms
[0.278s][info ][gc,cpu       ] GC(34) User=0.00s Sys=0.00s Real=0.00s
[0.278s][info ][gc,start     ] GC(35) Pause Initial Mark
[0.279s][info ][gc           ] GC(35) Pause Initial Mark 29M->29M(61M) 0.184ms
[0.279s][info ][gc,cpu       ] GC(35) User=0.00s Sys=0.00s Real=0.00s
[0.279s][info ][gc           ] GC(35) Concurrent Mark
[0.279s][info ][gc,task      ] GC(35) Using 2 workers of 2 for marking
[0.280s][info ][gc           ] GC(35) Concurrent Mark 1.553ms
[0.280s][info ][gc,cpu       ] GC(35) User=0.00s Sys=0.00s Real=0.00s
[0.281s][info ][gc,start     ] GC(36) Pause Young (Allocation Failure)
[0.281s][info ][gc,task      ] GC(36) Using 8 workers of 8 for evacuation
[0.282s][debug][gc,age       ] GC(36) Desired survivor size 1114112 bytes, new threshold 1 (max threshold 6)
[0.282s][info ][gc,heap      ] GC(36) ParNew: 19217K->1961K(19648K)
[0.282s][info ][gc,heap      ] GC(36) CMS: 23127K->23127K(43712K)
[0.282s][info ][gc,metaspace ] GC(36) Metaspace: 5319K->5319K(1056768K)
[0.282s][info ][gc           ] GC(36) Pause Young (Allocation Failure) 41M->24M(61M) 1.522ms
[0.282s][info ][gc,cpu       ] GC(36) User=0.01s Sys=0.00s Real=0.00s
[0.282s][info ][gc           ] GC(35) Concurrent Preclean
[0.282s][info ][gc           ] GC(35) Concurrent Preclean 0.172ms
[0.282s][info ][gc,cpu       ] GC(35) User=0.00s Sys=0.00s Real=0.00s
[0.283s][info ][gc,start     ] GC(35) Pause Remark
[0.284s][debug][gc,phases    ] GC(35) Rescan (parallel) 1.002ms
[0.284s][debug][gc,phases    ] GC(35) Reference Processing 0.016ms
[0.284s][debug][gc,phases    ] GC(35) Weak Processing 0.003ms
[0.284s][debug][gc,phases    ] GC(35) ClassLoaderData 0.020ms
[0.284s][debug][gc,phases    ] GC(35) ProtectionDomainCacheTable 0.002ms
[0.284s][debug][gc,phases    ] GC(35) ResolvedMethodTable 0.006ms
[0.284s][debug][gc,phases    ] GC(35) Class Unloading 0.172ms
[0.284s][debug][gc,phases    ] GC(35) Scrub Symbol Table 0.430ms
[0.284s][debug][gc,phases    ] GC(35) Scrub String Table 0.020ms
[0.284s][info ][gc           ] GC(35) Pause Remark 26M->26M(61M) 1.736ms
[0.284s][info ][gc,cpu       ] GC(35) User=0.00s Sys=0.00s Real=0.01s
[0.284s][info ][gc           ] GC(35) Concurrent Sweep
[0.285s][info ][gc           ] GC(35) Concurrent Sweep 0.543ms
[0.285s][info ][gc,cpu       ] GC(35) User=0.00s Sys=0.00s Real=0.00s
[0.285s][info ][gc           ] GC(35) Concurrent Reset
[0.285s][info ][gc           ] GC(35) Concurrent Reset 0.323ms
[0.285s][info ][gc,cpu       ] GC(35) User=0.01s Sys=0.00s Real=0.00s
[0.285s][info ][gc,heap      ] GC(35) Old: 23127K->2019K(43712K)
[0.286s][info ][gc,start     ] GC(37) Pause Young (Allocation Failure)
[0.286s][info ][gc,task      ] GC(37) Using 8 workers of 8 for evacuation
[0.287s][debug][gc,age       ] GC(37) Desired survivor size 1114112 bytes, new threshold 1 (max threshold 6)
[0.287s][info ][gc,heap      ] GC(37) ParNew: 19345K->1572K(19648K)
[0.288s][info ][gc,heap      ] GC(37) CMS: 2019K->2802K(43712K)
[0.288s][info ][gc,metaspace ] GC(37) Metaspace: 5319K->5319K(1056768K)
[0.288s][info ][gc           ] GC(37) Pause Young (Allocation Failure) 20M->4M(61M) 1.373ms
[0.288s][info ][gc,cpu       ] GC(37) User=0.00s Sys=0.00s Real=0.00s
[0.289s][info ][gc,start     ] GC(38) Pause Young (Allocation Failure)
[0.289s][info ][gc,task      ] GC(38) Using 8 workers of 8 for evacuation
[0.290s][debug][gc,age       ] GC(38) Desired survivor size 1114112 bytes, new threshold 1 (max threshold 6)
[0.290s][info ][gc,heap      ] GC(38) ParNew: 18670K->1566K(19648K)
[0.290s][info ][gc,heap      ] GC(38) CMS: 2802K->3584K(43712K)
[0.290s][info ][gc,metaspace ] GC(38) Metaspace: 5319K->5319K(1056768K)
[0.290s][info ][gc           ] GC(38) Pause Young (Allocation Failure) 20M->5M(61M) 1.392ms
[0.290s][info ][gc,cpu       ] GC(38) User=0.00s Sys=0.00s Real=0.00s
[0.292s][info ][gc,start     ] GC(39) Pause Young (Allocation Failure)
[0.292s][info ][gc,task      ] GC(39) Using 8 workers of 8 for evacuation
[0.294s][debug][gc,age       ] GC(39) Desired survivor size 1114112 bytes, new threshold 1 (max threshold 6)
[0.294s][info ][gc,heap      ] GC(39) ParNew: 18847K->1572K(19648K)
[0.294s][info ][gc,heap      ] GC(39) CMS: 3584K->3584K(43712K)
[0.294s][info ][gc,metaspace ] GC(39) Metaspace: 5319K->5319K(1056768K)
[0.294s][info ][gc           ] GC(39) Pause Young (Allocation Failure) 21M->5M(61M) 1.170ms
[0.294s][info ][gc,cpu       ] GC(39) User=0.01s Sys=0.00s Real=0.00s
[0.295s][info ][gc,start     ] GC(40) Pause Young (Allocation Failure)
[0.295s][info ][gc,task      ] GC(40) Using 8 workers of 8 for evacuation
[0.296s][debug][gc,age       ] GC(40) Desired survivor size 1114112 bytes, new threshold 1 (max threshold 6)
[0.296s][info ][gc,heap      ] GC(40) ParNew: 18760K->1568K(19648K)
[0.296s][info ][gc,heap      ] GC(40) CMS: 3584K->3584K(43712K)
[0.296s][info ][gc,metaspace ] GC(40) Metaspace: 5319K->5319K(1056768K)
[0.296s][info ][gc           ] GC(40) Pause Young (Allocation Failure) 21M->5M(61M) 1.113ms
[0.296s][info ][gc,cpu       ] GC(4xxxf0) User=0.01s Sys=0.00s Real=0.00s
[0.298s][info ][gc,start     ] GC(41) Pause Young (Allocation Failure)
[0.298s][info ][gc,task      ] GC(41) Using 8 workers of 8 for evacuation
[0.299s][debug][gc,age       ] GC(41) Desired survivor size 1114112 bytes, new threshold 1 (max threshold 6)
[0.299s][info ][gc,heap      ] GC(41) ParNew: 18683K->1965K(19648K)
[0.299s][info ][gc,heap      ] GC(41) CMS: 3584K->4366K(43712K)
[0.299s][info ][gc,metaspace ] GC(41) Metaspace: 5319K->5319K(1056768K)
[0.299s][info ][gc           ] GC(41) Pause Young (Allocation Failure) 21M->6M(61M) 1.430ms
[0.299s][info ][gc,cpu       ] GC(41) User=0.00s Sys=0.00s Real=0.00s
[0.300s][info ][gc,start     ] GC(42) Pause Young (Allocation Failure)
[0.301s][info ][gc,task      ] GC(42) Using 8 workers of 8 for evacuation
[0.301s][debug][gc,age       ] GC(42) Desired survivor size 1114112 bytes, new threshold 6 (max threshold 6)
[0.301s][info ][gc,heap      ] GC(42) ParNew: 19374K->400K(19648K)
[0.301s][info ][gc,heap      ] GC(42) CMS: 4366K->5930K(43712K)
[0.301s][info ][gc,metaspace ] GC(42) Metaspace: 5319K->5319K(1056768K)
[0.301s][info ][gc           ] GC(42) Pause Young (Allocation Failure) 23M->6M(61M) 0.575ms
[0.301s][info ][gc,cpu       ] GC(42) User=0.00s Sys=0.00s Real=0.00s
[0.302s][info ][gc,start     ] GC(43) Pause Young (Allocation Failure)
[0.302s][info ][gc,task      ] GC(43) Using 8 workers of 8 for evacuation
[0.304s][debug][gc,age       ] GC(43) Desired survivor size 1114112 bytes, new threshold 1 (max threshold 6)
[0.304s][info ][gc,heap      ] GC(43) ParNew: 17828K->1570K(19648K)
[0.304s][info ][gc,heap      ] GC(43) CMS: 5930K->5930K(43712K)
[0.304s][info ][gc,metaspace ] GC(43) Metaspace: 5319K->5319K(1056768K)
[0.304s][info ][gc           ] GC(43) Pause Young (Allocation Failure) 23M->7M(61M) 1.198ms
[0.304s][info ][gc,cpu       ] GC(43) User=0.01s Sys=0.00s Real=0.00s
[0.305s][info ][gc,start     ] GC(44) Pause Young (Allocation Failure)
[0.305s][info ][gc,task      ] GC(44) Using 8 workers of 8 for evacuation
[0.306s][debug][gc,age       ] GC(44) Desired survivor size 1114112 bytes, new threshold 1 (max threshold 6)
[0.306s][info ][gc,heap      ] GC(44) ParNew: 18838K->1965K(19648K)
[0.306s][info ][gc,heap      ] GC(44) CMS: 5930K->6321K(43712K)
[0.306s][info ][gc,metaspace ] GC(44) Metaspace: 5319K->5319K(1056768K)
[0.306s][info ][gc           ] GC(44) Pause Young (Allocation Failure) 24M->8M(61M) 1.148ms
[0.306s][info ][gc,cpu       ] GC(44) User=0.01s Sys=0.00s Real=0.00s
[0.308s][info ][gc,start     ] GC(45) Pause Young (Allocation Failure)
[0.308s][info ][gc,task      ] GC(45) Using 8 workers of 8 for evacuation
[0.309s][debug][gc,age       ] GC(45) Desired survivor size 1114112 bytes, new threshold 1 (max threshold 6)
[0.309s][info ][gc,heap      ] GC(45) ParNew: 19107K->1177K(19648K)
[0.309s][info ][gc,heap      ] GC(45) CMS: 6321K->6712K(43712K)
[0.309s][info ][gc,metaspace ] GC(45) Metaspace: 5319K->5319K(1056768K)
[0.309s][info ][gc           ] GC(45) Pause Young (Allocation Failure) 24M->7M(61M) 1.202ms
[0.309s][info ][gc,cpu       ] GC(45) User=0.01s Sys=0.00s Real=0.00s
[0.310s][info ][gc,start     ] GC(46) Pause Young (Allocation Failure)
[0.310s][info ][gc,task      ] GC(46) Using 8 workers of 8 for evacuation
[0.311s][debug][gc,age       ] GC(46) Desired survivor size 1114112 bytes, new threshold 1 (max threshold 6)
[0.311s][info ][gc,heap      ] GC(46) ParNew: 18379K->1576K(19648K)
[0.311s][info ][gc,heap      ] GC(46) CMS: 6712K->7494K(43712K)
[0.311s][info ][gc,metaspace ] GC(46) Metaspace: 5319K->5319K(1056768K)
[0.311s][info ][gc           ] GC(46) Pause Young (Allocation Failure) 24M->8M(61M) 0.473ms
[0.311s][info ][gc,cpu       ] GC(46) User=0.00s Sys=0.00s Real=0.00s
[0.312s][info ][gc,start     ] GC(47) Pause Young (Allocation Failure)
[0.312s][info ][gc,task      ] GC(47) Using 8 workers of 8 for evacuation
[0.313s][debug][gc,age       ] GC(47) Desired survivor size 1114112 bytes, new threshold 1 (max threshold 6)
[0.313s][info ][gc,heap      ] GC(47) ParNew: 19020K->1574K(19648K)
[0.313s][info ][gc,heap      ] GC(47) CMS: 7494K->8667K(43712K)
[0.313s][info ][gc,metaspace ] GC(47) Metaspace: 5319K->5319K(1056768K)
[0.313s][info ][gc           ] GC(47) Pause Young (Allocation Failure) 25M->10M(61M) 0.599ms
[0.313s][info ][gc,cpu       ] GC(47) User=0.00s Sys=0.00s Real=0.00s
[0.314s][info ][gc,start     ] GC(48) Pause Young (Allocation Failure)
[0.314s][info ][gc,task      ] GC(48) Using 8 workers of 8 for evacuation
[0.314s][debug][gc,age       ] GC(48) Desired survivor size 1114112 bytes, new threshold 1 (max threshold 6)
[0.314s][info ][gc,heap      ] GC(48) ParNew: 18733K->1576K(19648K)
[0.315s][info ][gc,heap      ] GC(48) CMS: 8667K->9449K(43712K)
[0.315s][info ][gc,metaspace ] GC(48) Metaspace: 5319K->5319K(1056768K)
[0.315s][info ][gc           ] GC(48) Pause Young (Allocation Failure) 26M->10M(61M) 0.471ms
[0.315s][info ][gc,cpu       ] GC(48) User=0.00s Sys=0.00s Real=0.01s
[0.316s][info ][gc,start     ] GC(49) Pause Young (Allocation Failure)
[0.316s][info ][gc,task      ] GC(49) Using 8 workers of 8 for evacuation
[0.317s][debug][gc,age       ] GC(49) Desired survivor size 1114112 bytes, new threshold 1 (max threshold 6)
[0.317s][info ][gc,heap      ] GC(49) ParNew: 18712K->1578K(19648K)
[0.317s][info ][gc,heap      ] GC(49) CMS: 9449K->9449K(43712K)
[0.317s][info ][gc,metaspace ] GC(49) Metaspace: 5319K->5319K(1056768K)
[0.317s][info ][gc           ] GC(49) Pause Young (Allocation Failure) 27M->10M(61M) 1.076ms
[0.317s][info ][gc,cpu       ] GC(49) User=0.00s Sys=0.00s Real=0.00s
[0.319s][info ][gc,start     ] GC(50) Pause Young (Allocation Failure)
[0.319s][info ][gc,task      ] GC(50) Using 8 workers of 8 for evacuation
[0.320s][debug][gc,age       ] GC(50) Desired survivor size 1114112 bytes, new threshold 6 (max threshold 6)
[0.320s][info ][gc,heap      ] GC(50) ParNew: 18984K->791K(19648K)
[0.320s][info ][gc,heap      ] GC(50) CMS: 9449K->10231K(43712K)
[0.320s][info ][gc,metaspace ] GC(50) Metaspace: 5319K->5319K(1056768K)
[0.320s][info ][gc           ] GC(50) Pause Young (Allocation Failure) 27M->10M(61M) 1.261ms
[0.320s][info ][gc,cpu       ] GC(50) User=0.00s Sys=0.00s Real=0.00s
[0.322s][info ][gc,start     ] GC(51) Pause Young (Allocation Failure)
[0.322s][info ][gc,task      ] GC(51) Using 8 workers of 8 for evacuation
[0.323s][debug][gc,age       ] GC(51) Desired survivor size 1114112 bytes, new threshold 1 (max threshold 6)
[0.323s][info ][gc,heap      ] GC(51) ParNew: 17887K->1967K(19648K)
[0.323s][info ][gc,heap      ] GC(51) CMS: 10231K->11013K(43712K)
[0.323s][info ][gc,metaspace ] GC(51) Metaspace: 5319K->5319K(1056768K)
[0.323s][info ][gc           ] GC(51) Pause Young (Allocation Failure) 27M->12M(61M) 1.195ms
[0.323s][info ][gc,cpu       ] GC(51) User=0.01s Sys=0.00s Real=0.00s
[0.324s][info ][gc,start     ] GC(52) Pause Young (Allocation Failure)
[0.325s][info ][gc,task      ] GC(52) Using 8 workers of 8 for evacuation
[0.326s][debug][gc,age       ] GC(52) Desired survivor size 1114112 bytes, new threshold 1 (max threshold 6)
[0.326s][info ][gc,heap      ] GC(52) ParNew: 19414K->1181K(19648K)
[0.326s][info ][gc,heap      ] GC(52) CMS: 11013K->12186K(43712K)
[0.326s][info ][gc,metaspace ] GC(52) Metaspace: 5319K->5319K(1056768K)
[0.326s][info ][gc           ] GC(52) Pause Young (Allocation Failure) 29M->13M(61M) 1.502ms
[0.326s][info ][gc,cpu       ] GC(52) User=0.01s Sys=0.00s Real=0.00s
[0.328s][info ][gc,start     ] GC(53) Pause Young (Allocation Failure)
[0.328s][info ][gc,task      ] GC(53) Using 8 workers of 8 for evacuation
[0.329s][debug][gc,age       ] GC(53) Desired survivor size 1114112 bytes, new threshold 1 (max threshold 6)
[0.329s][info ][gc,heap      ] GC(53) ParNew: 18648K->1175K(19648K)
[0.329s][info ][gc,heap      ] GC(53) CMS: 12186K->13358K(43712K)
[0.329s][info ][gc,metaspace ] GC(53) Metaspace: 5319K->5319K(1056768K)
[0.329s][info ][gc           ] GC(53) Pause Young (Allocation Failure) 30M->14M(61M) 1.383ms
[0.329s][info ][gc,cpu       ] GC(53) User=0.01s Sys=0.00s Real=0.00s
[0.330s][info ][gc,start     ] GC(54) Pause Young (Allocation Failure)
[0.330s][info ][gc,task      ] GC(54) Using 8 workers of 8 for evacuation
[0.331s][debug][gc,age       ] GC(54) Desired survivor size 1114112 bytes, new threshold 1 (max threshold 6)
[0.331s][info ][gc,heap      ] GC(54) ParNew: 18482K->1963K(19648K)
[0.331s][info ][gc,heap      ] GC(54) CMS: 13358K->13359K(43712K)
[0.331s][info ][gc,metaspace ] GC(54) Metaspace: 5319K->5319K(1056768K)
[0.331s][info ][gc           ] GC(54) Pause Young (Allocation Failure) 31M->14M(61M) 1.095ms
[0.331s][info ][gc,cpu       ] GC(54) User=0.00s Sys=0.00s Real=0.00s
[0.333s][info ][gc,start     ] GC(55) Pause Young (Allocation Failure)
[0.333s][info ][gc,task      ] GC(55) Using 8 workers of 8 for evacuation
[0.334s][debug][gc,age       ] GC(55) Desired survivor size 1114112 bytes, new threshold 1 (max threshold 6)
[0.334s][info ][gc,heap      ] GC(55) ParNew: 19277K->1965K(19648K)
[0.334s][info ][gc,heap      ] GC(55) CMS: 13359K->13750K(43712K)
[0.334s][info ][gc,metaspace ] GC(55) Metaspace: 5319K->5319K(1056768K)
[0.334s][info ][gc           ] GC(55) Pause Young (Allocation Failure) 31M->15M(61M) 1.362ms
[0.334s][info ][gc,cpu       ] GC(55) User=0.00s Sys=0.00s Real=0.01s
[0.336s][info ][gc,start     ] GC(56) Pause Young (Allocation Failure)
[0.336s][info ][gc,task      ] GC(56) Using 8 workers of 8 for evacuation
[0.336s][debug][gc,age       ] GC(56) Desired survivor size 1114112 bytes, new threshold 1 (max threshold 6)
[0.336s][info ][gc,heap      ] GC(56) ParNew: 19183K->1969K(19648K)
[0.336s][info ][gc,heap      ] GC(56) CMS: 13750K->14531K(43712K)
[0.336s][info ][gc,metaspace ] GC(56) Metaspace: 5319K->5319K(1056768K)
[0.336s][info ][gc           ] GC(56) Pause Young (Allocation Failure) 32M->16M(61M) 0.506ms
[0.336s][info ][gc,cpu       ] GC(56) User=0.00s Sys=0.00s Real=0.00s
[0.338s][info ][gc,start     ] GC(57) Pause Young (Allocation Failure)
[0.338s][info ][gc,task      ] GC(57) Using 8 workers of 8 for evacuation
[0.338s][debug][gc,age       ] GC(57) Desired survivor size 1114112 bytes, new threshold 1 (max threshold 6)
[0.338s][info ][gc,heap      ] GC(57) ParNew: 19441K->1574K(19648K)
[0.338s][info ][gc,heap      ] GC(57) CMS: 14531K->15313K(43712K)
[0.338s][info ][gc,metaspace ] GC(57) Metaspace: 5319K->5319K(1056768K)
[0.338s][info ][gc           ] GC(57) Pause Young (Allocation Failure) 33M->16M(61M) 0.539ms
[0.338s][info ][gc,cpu       ] GC(57) User=0.00s Sys=0.00s Real=0.00s
[0.339s][info ][gc,start     ] GC(58) Pause Young (Allocation Failure)
[0.339s][info ][gc,task      ] GC(58) Using 8 workers of 8 for evacuation
[0.340s][debug][gc,age       ] GC(58) Desired survivor size 1114112 bytes, new threshold 1 (max threshold 6)
[0.340s][info ][gc,heap      ] GC(58) ParNew: 18764K->1963K(19648K)
[0.340s][info ][gc,heap      ] GC(58) CMS: 15313K->16486K(43712K)
[0.340s][info ][gc,metaspace ] GC(58) Metaspace: 5319K->5319K(1056768K)
[0.340s][info ][gc           ] GC(58) Pause Young (Allocation Failure) 33M->18M(61M) 0.690ms
[0.340s][info ][gc,cpu       ] GC(58) User=0.00s Sys=0.00s Real=0.00s
[0.341s][info ][gc,start     ] GC(59) Pause Young (Allocation Failure)
[0.341s][info ][gc,task      ] GC(59) Using 8 workers of 8 for evacuation
[0.343s][debug][gc,age       ] GC(59) Desired survivor size 1114112 bytes, new threshold 1 (max threshold 6)
[0.343s][info ][gc,heap      ] GC(59) ParNew: 19427K->1181K(19648K)
[0.343s][info ][gc,heap      ] GC(59) CMS: 16486K->17658K(43712K)
[0.343s][info ][gc,metaspace ] GC(59) Metaspace: 5319K->5319K(1056768K)
[0.343s][info ][gc           ] GC(59) Pause Young (Allocation Failure) 35M->18M(61M) 1.302ms
[0.343s][info ][gc,cpu       ] GC(59) User=0.00s Sys=0.00s Real=0.00s
[0.344s][info ][gc,start     ] GC(60) Pause Young (Allocation Failure)
[0.344s][info ][gc,task      ] GC(60) Using 8 workers of 8 for evacuation
[0.345s][debug][gc,age       ] GC(60) Desired survivor size 1114112 bytes, new threshold 6 (max threshold 6)
[0.345s][info ][gc,heap      ] GC(60) ParNew: 18374K->789K(19648K)
[0.345s][info ][gc,heap      ] GC(60) CMS: 17658K->17659K(43712K)
[0.345s][info ][gc,metaspace ] GC(60) Metaspace: 5319K->5319K(1056768K)
[0.345s][info ][gc           ] GC(60) Pause Young (Allocation Failure) 35M->18M(61M) 1.065ms
[0.345s][info ][gc,cpu       ] GC(60) User=0.01s Sys=0.00s Real=0.01s
[0.347s][info ][gc,start     ] GC(61) Pause Young (Allocation Failure)
[0.347s][info ][gc,task      ] GC(61) Using 8 workers of 8 for evacuation
[0.347s][debug][gc,age       ] GC(61) Desired survivor size 1114112 bytes, new threshold 1 (max threshold 6)
[0.347s][info ][gc,heap      ] GC(61) ParNew: 18232K->1967K(19648K)
[0.347s][info ][gc,heap      ] GC(61) CMS: 17659K->18049K(43712K)
[0.347s][info ][gc,metaspace ] GC(61) Metaspace: 5319K->5319K(1056768K)
[0.347s][info ][gc           ] GC(61) Pause Young (Allocation Failure) 35M->19M(61M) 0.469ms
[0.347s][info ][gc,cpu       ] GC(61) User=0.00s Sys=0.00s Real=0.00s
[0.349s][info ][gc,start     ] GC(62) Pause Young (Allocation Failure)
[0.349s][info ][gc,task      ] GC(62) Using 8 workers of 8 for evacuation
[0.350s][debug][gc,age       ] GC(62) Desired survivor size 1114112 bytes, new threshold 1 (max threshold 6)
[0.350s][info ][gc,heap      ] GC(62) ParNew: 19216K->1959K(19648K)
[0.350s][info ][gc,heap      ] GC(62) CMS: 18049K->18440K(43712K)
[0.350s][info ][gc,metaspace ] GC(62) Metaspace: 5319K->5319K(1056768K)
[0.350s][info ][gc           ] GC(62) Pause Young (Allocation Failure) 36M->19M(61M) 1.170ms
[0.350s][info ][gc,cpu       ] GC(62) User=0.00s Sys=0.00s Real=0.00s
[0.351s][info ][gc,start     ] GC(63) Pause Young (Allocation Failure)
[0.351s][info ][gc,task      ] GC(63) Using 8 workers of 8 for evacuation
[0.352s][debug][gc,age       ] GC(63) Desired survivor size 1114112 bytes, new threshold 1 (max threshold 6)
[0.352s][info ][gc,heap      ] GC(63) ParNew: 19169K->1965K(19648K)
[0.352s][info ][gc,heap      ] GC(63) CMS: 18440K->19613K(43712K)
[0.352s][info ][gc,metaspace ] GC(63) Metaspace: 5319K->5319K(1056768K)
[0.352s][info ][gc           ] GC(63) Pause Young (Allocation Failure) 36M->21M(61M) 0.774ms
[0.352s][info ][gc,cpu       ] GC(63) User=0.00s Sys=0.00s Real=0.00s
[0.353s][info ][gc,start     ] GC(64) Pause Young (Allocation Failure)
[0.353s][info ][gc,task      ] GC(64) Using 8 workers of 8 for evacuation
[0.354s][debug][gc,age       ] GC(64) Desired survivor size 1114112 bytes, new threshold 1 (max threshold 6)
[0.355s][info ][gc,heap      ] GC(64) ParNew: 19150K->1959K(19648K)
[0.355s][info ][gc,heap      ] GC(64) CMS: 19613K->20004K(43712K)
[0.355s][info ][gc,metaspace ] GC(64) Metaspace: 5319K->5319K(1056768K)
[0.355s][info ][gc           ] GC(64) Pause Young (Allocation Failure) 37M->21M(61M) 1.295ms
[0.355s][info ][gc,cpu       ] GC(64) User=0.00s Sys=0.00s Real=0.01s
[0.356s][info ][gc,start     ] GC(65) Pause Young (Allocation Failure)
[0.356s][info ][gc,task      ] GC(65) Using 8 workers of 8 for evacuation
[0.357s][debug][gc,age       ] GC(65) Desired survivor size 1114112 bytes, new threshold 6 (max threshold 6)
[0.357s][info ][gc,heap      ] GC(65) ParNew: 19414K->793K(19648K)
[0.357s][info ][gc,heap      ] GC(65) CMS: 20004K->20395K(43712K)
[0.357s][info ][gc,metaspace ] GC(65) Metaspace: 5319K->5319K(1056768K)
[0.357s][info ][gc           ] GC(65) Pause Young (Allocation Failure) 38M->20M(61M) 1.106ms
[0.357s][info ][gc,cpu       ] GC(65) User=0.01s Sys=0.00s Real=0.00s
[0.359s][info ][gc,start     ] GC(66) Pause Young (Allocation Failure)
[0.359s][info ][gc,task      ] GC(66) Using 8 workers of 8 for evacuation
[0.360s][debug][gc,age       ] GC(66) Desired survivor size 1114112 bytes, new threshold 1 (max threshold 6)
[0.360s][info ][gc,heap      ] GC(66) ParNew: 17948K->1967K(19648K)
[0.360s][info ][gc,heap      ] GC(66) CMS: 20395K->21176K(43712K)
[0.360s][info ][gc,metaspace ] GC(66) Metaspace: 5319K->5319K(1056768K)
[0.360s][info ][gc           ] GC(66) Pause Young (Allocation Failure) 37M->22M(61M) 1.009ms
[0.360s][info ][gc,cpu       ] GC(66) User=0.00s Sys=0.00s Real=0.00s
[0.361s][info ][gc,start     ] GC(67) Pause Young (Allocation Failure)
[0.361s][info ][gc,task      ] GC(67) Using 8 workers of 8 for evacuation
[0.362s][debug][gc,age       ] GC(67) Desired survivor size 1114112 bytes, new threshold 1 (max threshold 6)
[0.362s][info ][gc,heap      ] GC(67) ParNew: 19114K->1965K(19648K)
[0.362s][info ][gc,heap      ] GC(67) CMS: 21176K->21958K(43712K)
[0.362s][info ][gc,metaspace ] GC(67) Metaspace: 5319K->5319K(1056768K)
[0.362s][info ][gc           ] GC(67) Pause Young (Allocation Failure) 39M->23M(61M) 1.137ms
[0.362s][info ][gc,cpu       ] GC(67) User=0.00s Sys=0.00s Real=0.00s
[0.364s][info ][gc,start     ] GC(68) Pause Young (Allocation Failure)
[0.364s][info ][gc,task      ] GC(68) Using 8 workers of 8 for evacuation
[0.365s][debug][gc,age       ] GC(68) Desired survivor size 1114112 bytes, new threshold 1 (max threshold 6)
[0.365s][info ][gc,heap      ] GC(68) ParNew: 19152K->1965K(19648K)
[0.365s][info ][gc,heap      ] GC(68) CMS: 21958K->22739K(43712K)
[0.365s][info ][gc,metaspace ] GC(68) Metaspace: 5319K->5319K(1056768K)
[0.365s][info ][gc           ] GC(68) Pause Young (Allocation Failure) 40M->24M(61M) 1.153ms
[0.365s][info ][gc,cpu       ] GC(68) User=0.01s Sys=0.00s Real=0.01s
[0.366s][info ][gc,start     ] GC(69) Pause Young (Allocation Failure)
[0.366s][info ][gc,task      ] GC(69) Using 8 workers of 8 for evacuation
[0.368s][debug][gc,age       ] GC(69) Desired survivor size 1114112 bytes, new threshold 1 (max threshold 6)
[0.368s][info ][gc,heap      ] GC(69) ParNew: 19435K->1574K(19648K)
[0.368s][info ][gc,heap      ] GC(69) CMS: 22739K->23521K(43712K)
[0.368s][info ][gc,metaspace ] GC(69) Metaspace: 5319K->5319K(1056768K)
[0.368s][info ][gc           ] GC(69) Pause Young (Allocation Failure) 41M->24M(61M) 1.371ms
[0.368s][info ][gc,cpu       ] GC(69) User=0.01s Sys=0.00s Real=0.00s
[0.369s][info ][gc,start     ] GC(70) Pause Young (Allocation Failure)
[0.369s][info ][gc,task      ] GC(70) Using 8 workers of 8 for evacuation
[0.370s][debug][gc,age       ] GC(70) Desired survivor size 1114112 bytes, new threshold 1 (max threshold 6)
[0.370s][info ][gc,heap      ] GC(70) ParNew: 18766K->1965K(19648K)
[0.370s][info ][gc,heap      ] GC(70) CMS: 23521K->23521K(43712K)
[0.370s][info ][gc,metaspace ] GC(70) Metaspace: 5319K->5319K(1056768K)
[0.370s][info ][gc           ] GC(70) Pause Young (Allocation Failure) 41M->24M(61M) 1.099ms
[0.370s][info ][gc,cpu       ] GC(70) User=0.00s Sys=0.00s Real=0.00s
[0.372s][info ][gc,start     ] GC(71) Pause Young (Allocation Failure)
[0.372s][info ][gc,task      ] GC(71) Using 8 workers of 8 for evacuation
[0.373s][debug][gc,age       ] GC(71) Desired survivor size 1114112 bytes, new threshold 1 (max threshold 6)
[0.373s][info ][gc,heap      ] GC(71) ParNew: 19139K->1967K(19648K)
[0.373s][info ][gc,heap      ] GC(71) CMS: 23521K->23912K(43712K)
[0.373s][info ][gc,metaspace ] GC(71) Metaspace: 5319K->5319K(1056768K)
[0.373s][info ][gc           ] GC(71) Pause Young (Allocation Failure) 41M->25M(61M) 1.323ms
[0.373s][info ][gc,cpu       ] GC(71) User=0.01s Sys=0.00s Real=0.00s
[0.374s][info ][gc,start     ] GC(72) Pause Young (Allocation Failure)
[0.374s][info ][gc,task      ] GC(72) Using 8 workers of 8 for evacuation
[0.376s][debug][gc,age       ] GC(72) Desired survivor size 1114112 bytes, new threshold 1 (max threshold 6)
[0.376s][info ][gc,heap      ] GC(72) ParNew: 19410K->1965K(19648K)
[0.376s][info ][gc,heap      ] GC(72) CMS: 23912K->24694K(43712K)
[0.376s][info ][gc,metaspace ] GC(72) Metaspace: 5319K->5319K(1056768K)
[0.376s][info ][gc           ] GC(72) Pause Young (Allocation Failure) 42M->26M(61M) 1.548ms
[0.376s][info ][gc,cpu       ] GC(72) User=0.01s Sys=0.00s Real=0.00s
[0.377s][info ][gc,start     ] GC(73) Pause Young (Allocation Failure)
[0.377s][info ][gc,task      ] GC(73) Using 8 workers of 8 for evacuation
[0.378s][debug][gc,age       ] GC(73) Desired survivor size 1114112 bytes, new threshold 1 (max threshold 6)
[0.378s][info ][gc,heap      ] GC(73) ParNew: 19126K->1969K(19648K)
[0.378s][info ][gc,heap      ] GC(73) CMS: 24694K->26257K(43712K)
[0.378s][info ][gc,metaspace ] GC(73) Metaspace: 5319K->5319K(1056768K)
[0.378s][info ][gc           ] GC(73) Pause Young (Allocation Failure) 42M->27M(61M) 1.345ms
[0.379s][info ][gc,cpu       ] GC(73) User=0.01s Sys=0.00s Real=0.00s
[0.380s][info ][gc,start     ] GC(74) Pause Young (Allocation Failure)
[0.380s][info ][gc,task      ] GC(74) Using 8 workers of 8 for evacuation
[0.381s][debug][gc,age       ] GC(74) Desired survivor size 1114112 bytes, new threshold 1 (max threshold 6)
[0.381s][info ][gc,heap      ] GC(74) ParNew: 19153K->1967K(19648K)
[0.381s][info ][gc,heap      ] GC(74) CMS: 26257K->27038K(43712K)
[0.381s][info ][gc,metaspace ] GC(74) Metaspace: 5319K->5319K(1056768K)
[0.381s][info ][gc           ] GC(74) Pause Young (Allocation Failure) 44M->28M(61M) 1.093ms
[0.381s][info ][gc,cpu       ] GC(74) User=0.01s Sys=0.00s Real=0.00s
[0.383s][info ][gc,start     ] GC(75) Pause Young (Allocation Failure)
[0.383s][info ][gc,task      ] GC(75) Using 8 workers of 8 for evacuation
[0.384s][debug][gc,age       ] GC(75) Desired survivor size 1114112 bytes, new threshold 1 (max threshold 6)
[0.384s][info ][gc,heap      ] GC(75) ParNew: 19135K->1969K(19648K)
[0.384s][info ][gc,heap      ] GC(75) CMS: 27038K->27820K(43712K)
[0.384s][info ][gc,metaspace ] GC(75) Metaspace: 5319K->5319K(1056768K)
[0.384s][info ][gc           ] GC(75) Pause Young (Allocation Failure) 45M->29M(61M) 1.656ms
[0.384s][info ][gc,cpu       ] GC(75) User=0.01s Sys=0.00s Real=0.01s
[0.386s][info ][gc,start     ] GC(76) Pause Young (Allocation Failure)
[0.386s][info ][gc,task      ] GC(76) Using 8 workers of 8 for evacuation
[0.386s][debug][gc,age       ] GC(76) Desired survivor size 1114112 bytes, new threshold 1 (max threshold 6)
[0.386s][info ][gc,heap      ] GC(76) ParNew: 19128K->1969K(19648K)
[0.386s][info ][gc,heap      ] GC(76) CMS: 27820K->28211K(43712K)
[0.386s][info ][gc,metaspace ] GC(76) Metaspace: 5319K->5319K(1056768K)
[0.386s][info ][gc           ] GC(76) Pause Young (Allocation Failure) 45M->29M(61M) 0.906ms
[0.386s][info ][gc,cpu       ] GC(76) User=0.00s Sys=0.00s Real=0.00s
[0.388s][info ][gc,start     ] GC(77) Pause Young (Allocation Failure)
[0.388s][info ][gc,task      ] GC(77) Using 8 workers of 8 for evacuation
[0.390s][debug][gc,age       ] GC(77) Desired survivor size 1114112 bytes, new threshold 1 (max threshold 6)
[0.390s][info ][gc,heap      ] GC(77) ParNew: 19121K->1967K(19648K)
[0.390s][info ][gc,heap      ] GC(77) CMS: 28211K->29383K(43712K)
[0.390s][info ][gc,metaspace ] GC(77) Metaspace: 5319K->5319K(1056768K)
[0.390s][info ][gc           ] GC(77) Pause Young (Allocation Failure) 46M->30M(61M) 1.633ms
[0.390s][info ][gc,cpu       ] GC(77) User=0.01s Sys=0.00s Real=0.00s
[0.391s][info ][gc,start     ] GC(78) Pause Young (Allocation Failure)
[0.391s][info ][gc,task      ] GC(78) Using 8 workers of 8 for evacuation
[0.392s][debug][gc,age       ] GC(78) Desired survivor size 1114112 bytes, new threshold 1 (max threshold 6)
[0.392s][info ][gc,heap      ] GC(78) ParNew: 19115K->1965K(19648K)
[0.392s][info ][gc,heap      ] GC(78) CMS: 29383K->29774K(43712K)
[0.392s][info ][gc,metaspace ] GC(78) Metaspace: 5319K->5319K(1056768K)
[0.392s][info ][gc           ] GC(78) Pause Young (Allocation Failure) 47M->30M(61M) 1.327ms
[0.392s][info ][gc,cpu       ] GC(78) User=0.00s Sys=0.00s Real=0.00s
[0.394s][info ][gc,start     ] GC(79) Pause Young (Allocation Failure)
[0.394s][info ][gc,task      ] GC(79) Using 8 workers of 8 for evacuation
[0.394s][debug][gc,age       ] GC(79) Desired survivor size 1114112 bytes, new threshold 1 (max threshold 6)
[0.394s][info ][gc,heap      ] GC(79) ParNew: 19110K->1969K(19648K)
[0.394s][info ][gc,heap      ] GC(79) CMS: 29774K->29774K(43712K)
[0.394s][info ][gc,metaspace ] GC(79) Metaspace: 5319K->5319K(1056768K)
[0.394s][info ][gc           ] GC(79) Pause Young (Allocation Failure) 47M->30M(61M) 0.402ms
[0.394s][info ][gc,cpu       ] GC(79) User=0.00s Sys=0.00s Real=0.00s
[0.396s][info ][gc,start     ] GC(80) Pause Young (Allocation Failure)
[0.396s][info ][gc,task      ] GC(80) Using 8 workers of 8 for evacuation
[0.396s][debug][gc,age       ] GC(80) Desired survivor size 1114112 bytes, new threshold 1 (max threshold 6)
[0.396s][info ][gc,heap      ] GC(80) ParNew: 19113K->1967K(19648K)
[0.396s][info ][gc,heap      ] GC(80) CMS: 29774K->30555K(43712K)
[0.396s][info ][gc,metaspace ] GC(80) Metaspace: 5319K->5319K(1056768K)
[0.396s][info ][gc           ] GC(80) Pause Young (Allocation Failure) 47M->31M(61M) 0.836ms
[0.396s][info ][gc,cpu       ] GC(80) User=0.01s Sys=0.00s Real=0.00s
[0.398s][info ][gc,start     ] GC(81) Pause Young (Allocation Failure)
[0.398s][info ][gc,task      ] GC(81) Using 8 workers of 8 for evacuation
[0.398s][debug][gc,age       ] GC(81) Desired survivor size 1114112 bytes, new threshold 1 (max threshold 6)
[0.399s][info ][gc,heap      ] GC(81) ParNew: 19110K->1967K(19648K)
[0.399s][info ][gc,heap      ] GC(81) CMS: 30555K->30555K(43712K)
[0.399s][info ][gc,metaspace ] GC(81) Metaspace: 5319K->5319K(1056768K)
[0.399s][info ][gc           ] GC(81) Pause Young (Allocation Failure) 48M->31M(61M) 0.843ms
[0.399s][info ][gc,cpu       ] GC(81) User=0.01s Sys=0.00s Real=0.00s
[0.400s][info ][gc,start     ] GC(82) Pause Young (Allocation Failure)
[0.400s][info ][gc,task      ] GC(82) Using 8 workers of 8 for evacuation
[0.401s][debug][gc,age       ] GC(82) Desired survivor size 1114112 bytes, new threshold 1 (max threshold 6)
[0.401s][info ][gc,heap      ] GC(82) ParNew: 19109K->1967K(19648K)
[0.401s][info ][gc,heap      ] GC(82) CMS: 30555K->31337K(43712K)
[0.401s][info ][gc,metaspace ] GC(82) Metaspace: 5319K->5319K(1056768K)
[0.401s][info ][gc           ] GC(82) Pause Young (Allocation Failure) 48M->32M(61M) 1.673ms
[0.401s][info ][gc,cpu       ] GC(82) User=0.00s Sys=0.00s Real=0.00s
[0.403s][info ][gc,start     ] GC(83) Pause Young (Allocation Failure)
[0.403s][info ][gc,task      ] GC(83) Using 8 workers of 8 for evacuation
[0.404s][debug][gc,age       ] GC(83) Desired survivor size 1114112 bytes, new threshold 1 (max threshold 6)
[0.404s][info ][gc,heap      ] GC(83) ParNew: 19108K->1965K(19648K)
[0.404s][info ][gc,heap      ] GC(83) CMS: 31337K->31728K(43712K)
[0.404s][info ][gc,metaspace ] GC(83) Metaspace: 5319K->5319K(1056768K)
[0.404s][info ][gc           ] GC(83) Pause Young (Allocation Failure) 49M->32M(61M) 1.395ms
[0.404s][info ][gc,cpu       ] GC(83) User=0.01s Sys=0.00s Real=0.01s
[0.406s][info ][gc,start     ] GC(84) Pause Young (Allocation Failure)
[0.406s][info ][gc,task      ] GC(84) Using 8 workers of 8 for evacuation
[0.406s][debug][gc,age       ] GC(84) Desired survivor size 1114112 bytes, new threshold 1 (max threshold 6)
[0.406s][info ][gc,heap      ] GC(84) ParNew: 19106K->1969K(19648K)
[0.406s][info ][gc,heap      ] GC(84) CMS: 31728K->32509K(43712K)
[0.407s][info ][gc,metaspace ] GC(84) Metaspace: 5319K->5319K(1056768K)
[0.407s][info ][gc           ] GC(84) Pause Young (Allocation Failure) 49M->33M(61M) 0.905ms
[0.407s][info ][gc,cpu       ] GC(84) User=0.00s Sys=0.01s Real=0.00s
[0.408s][info ][gc,start     ] GC(85) Pause Young (Allocation Failure)
[0.408s][info ][gc,task      ] GC(85) Using 8 workers of 8 for evacuation
[0.409s][debug][gc,age       ] GC(85) Desired survivor size 1114112 bytes, new threshold 6 (max threshold 6)
[0.409s][info ][gc,heap      ] GC(85) ParNew: 19394K->789K(19648K)
[0.409s][info ][gc,heap      ] GC(85) CMS: 32509K->33291K(43712K)
[0.409s][info ][gc,metaspace ] GC(85) Metaspace: 5319K->5319K(1056768K)
[0.409s][info ][gc           ] GC(85) Pause Young (Allocation Failure) 50M->33M(61M) 1.157ms
[0.409s][info ][gc,cpu       ] GC(85) User=0.00s Sys=0.00s Real=0.00s
[0.411s][info ][gc,start     ] GC(86) Pause Young (Allocation Failure)
[0.411s][info ][gc,task      ] GC(86) Using 8 workers of 8 for evacuation
[0.412s][debug][gc,age       ] GC(86) Desired survivor size 1114112 bytes, new threshold 1 (max threshold 6)
[0.412s][info ][gc,heap      ] GC(86) ParNew: 18218K->1576K(19648K)
[0.412s][info ][gc,heap      ] GC(86) CMS: 33291K->33291K(43712K)
[0.412s][info ][gc,metaspace ] GC(86) Metaspace: 5319K->5319K(1056768K)
[0.412s][info ][gc           ] GC(86) Pause Young (Allocation Failure) 50M->34M(61M) 0.839ms
[0.412s][info ][gc,cpu       ] GC(86) User=0.00s Sys=0.00s Real=0.00s
[0.413s][info ][gc,start     ] GC(87) Pause Young (Allocation Failure)
[0.413s][info ][gc,task      ] GC(87) Using 8 workers of 8 for evacuation
[0.415s][debug][gc,age       ] GC(87) Desired survivor size 1114112 bytes, new threshold 1 (max threshold 6)
[0.415s][info ][gc,heap      ] GC(87) ParNew: 18972K->1184K(19648K)
[0.415s][info ][gc,heap      ] GC(87) CMS: 33291K->34464K(43712K)
[0.415s][info ][gc,metaspace ] GC(87) Metaspace: 5319K->5319K(1056768K)
[0.415s][info ][gc           ] GC(87) Pause Young (Allocation Failure) 51M->34M(61M) 1.758ms
[0.415s][info ][gc,cpu       ] GC(87) User=0.01s Sys=0.00s Real=0.01s
[0.416s][info ][gc,start     ] GC(88) Pause Young (Allocation Failure)
[0.416s][info ][gc,task      ] GC(88) Using 8 workers of 8 for evacuation
[0.417s][debug][gc,age       ] GC(88) Desired survivor size 1114112 bytes, new threshold 1 (max threshold 6)
[0.417s][info ][gc,heap      ] GC(88) ParNew: 18447K->1576K(19648K)
[0.417s][info ][gc,heap      ] GC(88) CMS: 34464K->34855K(43712K)
[0.417s][info ][gc,metaspace ] GC(88) Metaspace: 5319K->5319K(1056768K)
[0.417s][info ][gc           ] GC(88) Pause Young (Allocation Failure) 51M->35M(61M) 1.119ms
[0.417s][info ][gc,cpu       ] GC(88) User=0.01s Sys=0.00s Real=0.00s
[0.419s][info ][gc,start     ] GC(89) Pause Young (Allocation Failure)
[0.419s][info ][gc,task      ] GC(89) Using 8 workers of 8 for evacuation
[0.420s][debug][gc,age       ] GC(89) Desired survivor size 1114112 bytes, new threshold 1 (max threshold 6)
[0.420s][info ][gc,heap      ] GC(89) ParNew: 18764K->1965K(19648K)
[0.420s][info ][gc,heap      ] GC(89) CMS: 34855K->35637K(43712K)
[0.420s][info ][gc,metaspace ] GC(89) Metaspace: 5319K->5319K(1056768K)
[0.420s][info ][gc           ] GC(89) Pause Young (Allocation Failure) 52M->36M(61M) 0.919ms
[0.420s][info ][gc,cpu       ] GC(89) User=0.00s Sys=0.00s Real=0.00s
[0.421s][info ][gc,start     ] GC(90) Pause Young (Allocation Failure)
[0.421s][info ][gc,task      ] GC(90) Using 8 workers of 8 for evacuation
[0.422s][debug][gc,age       ] GC(90) Desired survivor size 1114112 bytes, new threshold 1 (max threshold 6)
[0.422s][info ][gc,heap      ] GC(90) ParNew: 19168K->1967K(19648K)
[0.422s][info ][gc,heap      ] GC(90) CMS: 35637K->35637K(43712K)
[0.422s][info ][gc,metaspace ] GC(90) Metaspace: 5319K->5319K(1056768K)
[0.422s][info ][gc           ] GC(90) Pause Young (Allocation Failure) 53M->36M(61M) 0.696ms
[0.422s][info ][gc,cpu       ] GC(90) User=0.01s Sys=0.00s Real=0.00s
[0.423s][info ][gc,start     ] GC(91) Pause Young (Allocation Failure)
[0.423s][info ][gc,task      ] GC(91) Using 8 workers of 8 for evacuation
[0.425s][debug][gc,age       ] GC(91) Desired survivor size 1114112 bytes, new threshold 1 (max threshold 6)
[0.425s][info ][gc,heap      ] GC(91) ParNew: 19439K->1184K(19648K)
[0.425s][info ][gc,heap      ] GC(91) CMS: 35637K->36809K(43712K)
[0.425s][info ][gc,metaspace ] GC(91) Metaspace: 5319K->5319K(1056768K)
[0.425s][info ][gc           ] GC(91) Pause Young (Allocation Failure) 53M->37M(61M) 1.518ms
[0.425s][info ][gc,cpu       ] GC(91) User=0.01s Sys=0.00s Real=0.01s
[0.426s][info ][gc,start     ] GC(92) Pause Young (Allocation Failure)
[0.426s][info ][gc,task      ] GC(92) Using 8 workers of 8 for evacuation
[0.428s][debug][gc,age       ] GC(92) Desired survivor size 1114112 bytes, new threshold 1 (max threshold 6)
[0.428s][info ][gc,heap      ] GC(92) ParNew: 18352K->1969K(19648K)
[0.428s][info ][gc,heap      ] GC(92) CMS: 36809K->37982K(43712K)
[0.428s][info ][gc,metaspace ] GC(92) Metaspace: 5319K->5319K(1056768K)
[0.428s][info ][gc           ] GC(92) Pause Young (Allocation Failure) 53M->39M(61M) 1.735ms
[0.428s][info ][gc,cpu       ] GC(92) User=0.01s Sys=0.00s Real=0.00s
[0.429s][info ][gc,start     ] GC(93) Pause Young (Allocation Failure)
[0.429s][info ][gc,task      ] GC(93) Using 8 workers of 8 for evacuation
[0.430s][debug][gc,age       ] GC(93) Desired survivor size 1114112 bytes, new threshold 1 (max threshold 6)
[0.430s][info ][gc,heap      ] GC(93) ParNew: 19157K->1969K(19648K)
[0.430s][info ][gc,heap      ] GC(93) CMS: 37982K->38372K(43712K)
[0.430s][info ][gc,metaspace ] GC(93) Metaspace: 5319K->5319K(1056768K)
[0.430s][info ][gc           ] GC(93) Pause Young (Allocation Failure) 55M->39M(61M) 0.875ms
[0.430s][info ][gc,cpu       ] GC(93) User=0.00s Sys=0.00s Real=0.00s
[0.431s][info ][gc,start     ] GC(94) Pause Young (Allocation Failure)
[0.431s][info ][gc,task      ] GC(94) Using 8 workers of 8 for evacuation
[0.432s][debug][gc,age       ] GC(94) Desired survivor size 1114112 bytes, new threshold 1 (max threshold 6)
[0.432s][info ][gc,heap      ] GC(94) ParNew: 19105K->1963K(19648K)
[0.432s][info ][gc,heap      ] GC(94) CMS: 38372K->38763K(43712K)
[0.432s][info ][gc,metaspace ] GC(94) Metaspace: 5319K->5319K(1056768K)
[0.432s][info ][gc           ] GC(94) Pause Young (Allocation Failure) 56M->39M(61M) 1.200ms
[0.433s][info ][gc,cpu       ] GC(94) User=0.01s Sys=0.00s Real=0.00s
[0.434s][info ][gc,start     ] GC(95) Pause Young (Allocation Failure)
[0.434s][info ][gc,task      ] GC(95) Using 8 workers of 8 for evacuation
[0.435s][debug][gc,age       ] GC(95) Desired survivor size 1114112 bytes, new threshold 6 (max threshold 6)
[0.435s][info ][gc,heap      ] GC(95) ParNew: 19098K->791K(19648K)
[0.435s][info ][gc,heap      ] GC(95) CMS: 38763K->39154K(43712K)
[0.435s][info ][gc,metaspace ] GC(95) Metaspace: 5319K->5319K(1056768K)
[0.435s][info ][gc           ] GC(95) Pause Young (Allocation Failure) 56M->39M(61M) 1.035ms
[0.435s][info ][gc,cpu       ] GC(95) User=0.01s Sys=0.00s Real=0.01s
[0.436s][info ][gc,start     ] GC(96) Pause Young (Allocation Failure)
[0.436s][info ][gc,task      ] GC(96) Using 8 workers of 8 for evacuation
[0.438s][debug][gc,age       ] GC(96) Desired survivor size 1114112 bytes, new threshold 1 (max threshold 6)
[0.438s][info ][gc,heap      ] GC(96) ParNew: 17963K->1965K(19648K)
[0.438s][info ][gc,heap      ] GC(96) CMS: 39154K->40326K(43712K)
[0.438s][info ][gc,metaspace ] GC(96) Metaspace: 5319K->5319K(1056768K)
[0.438s][info ][gc           ] GC(96) Pause Young (Allocation Failure) 55M->41M(61M) 1.655ms
[0.438s][info ][gc,cpu       ] GC(96) User=0.01s Sys=0.00s Real=0.00s
[0.438s][info ][gc,start     ] GC(97) Pause Initial Mark
[0.438s][info ][gc           ] GC(97) Pause Initial Mark 41M->41M(61M) 0.079ms
[0.438s][info ][gc,cpu       ] GC(97) User=0.00s Sys=0.00s Real=0.00s
[0.438s][info ][gc           ] GC(97) Concurrent Mark
[0.438s][info ][gc,task      ] GC(97) Using 2 workers of 2 for marking
[0.439s][info ][gc,start     ] GC(98) Pause Young (Allocation Failure)
[0.439s][info ][gc,task      ] GC(98) Using 8 workers of 8 for evacuation
[0.440s][debug][gc,age       ] GC(98) Desired survivor size 1114112 bytes, new threshold 1 (max threshold 6)
[0.440s][info ][gc,heap      ] GC(98) ParNew: 19126K->1965K(19648K)
[0.440s][info ][gc,heap      ] GC(98) CMS: 40326K->40717K(43712K)
[0.440s][info ][gc,metaspace ] GC(98) Metaspace: 5319K->5319K(1056768K)
[0.440s][info ][gc           ] GC(98) Pause Young (Allocation Failure) 58M->41M(61M) 0.868ms
[0.440s][info ][gc,cpu       ] GC(98) User=0.00s Sys=0.00s Real=0.00s
[0.441s][info ][gc           ] GC(97) Concurrent Mark 2.848ms
[0.441s][info ][gc,cpu       ] GC(97) User=0.01s Sys=0.00s Real=0.00s
[0.441s][info ][gc           ] GC(97) Concurrent Preclean
[0.441s][info ][gc           ] GC(97) Concurrent Preclean 0.287ms
[0.441s][info ][gc,cpu       ] GC(97) User=0.00s Sys=0.00s Real=0.00s
[0.441s][info ][gc           ] GC(97) Concurrent Abortable Preclean
[0.442s][info ][gc,start     ] GC(99) Pause Young (Allocation Failure)
[0.442s][info ][gc,task      ] GC(99) Using 8 workers of 8 for evacuation
[0.443s][debug][gc,age       ] GC(99) Desired survivor size 1114112 bytes, new threshold 1 (max threshold 6)
[0.443s][info ][gc,heap      ] GC(99) ParNew: 19104K->1967K(19648K)
[0.443s][info ][gc,heap      ] GC(99) CMS: 40717K->40717K(43712K)
[0.443s][info ][gc,metaspace ] GC(99) Metaspace: 5319K->5319K(1056768K)
[0.443s][info ][gc           ] GC(99) Pause Young (Allocation Failure) 58M->41M(61M) 1.045ms
[0.443s][info ][gc,cpu       ] GC(99) User=0.01s Sys=0.00s Real=0.00s
[0.445s][info ][gc,start     ] GC(100) Pause Young (Allocation Failure)
[0.445s][info ][gc,task      ] GC(100) Using 8 workers of 8 for evacuation
[0.446s][debug][gc,age       ] GC(100) Desired survivor size 1114112 bytes, new threshold 1 (max threshold 6)
[0.446s][info ][gc,heap      ] GC(100) ParNew: 19104K->1967K(19648K)
[0.446s][info ][gc,heap      ] GC(100) CMS: 40717K->41498K(43712K)
[0.446s][info ][gc,metaspace ] GC(100) Metaspace: 5319K->5319K(1056768K)
[0.446s][info ][gc           ] GC(100) Pause Young (Allocation Failure) 58M->42M(61M) 1.656ms
[0.446s][info ][gc,cpu       ] GC(100) User=0.01s Sys=0.00s Real=0.00s
[0.448s][info ][gc,start     ] GC(101) Pause Young (Allocation Failure)
[0.448s][info ][gc,task      ] GC(101) Using 8 workers of 8 for evacuation
[0.448s][debug][gc,age       ] GC(101) Desired survivor size 1114112 bytes, new threshold 1 (max threshold 6)
[0.448s][info ][gc,heap      ] GC(101) ParNew: 19120K->1967K(19648K)
[0.448s][info ][gc,heap      ] GC(101) CMS: 41498K->41498K(43712K)
[0.448s][info ][gc,metaspace ] GC(101) Metaspace: 5319K->5319K(1056768K)
[0.448s][info ][gc           ] GC(101) Pause Young (Allocation Failure) 59M->42M(61M) 0.446ms
[0.448s][info ][gc,cpu       ] GC(101) User=0.00s Sys=0.00s Real=0.00s
[0.449s][info ][gc,start     ] GC(102) Pause Young (Allocation Failure)
[0.449s][info ][gc,task      ] GC(102) Using 8 workers of 8 for evacuation
[0.450s][debug][gc,age       ] GC(102) Desired survivor size 1114112 bytes, new threshold 1 (max threshold 6)
[0.450s][info ][gc,heap      ] GC(102) ParNew: 19064K->1574K(19648K)
[0.450s][info ][gc,heap      ] GC(102) CMS: 41498K->41499K(43712K)
[0.450s][info ][gc,metaspace ] GC(102) Metaspace: 5319K->5319K(1056768K)
[0.450s][info ][gc           ] GC(102) Pause Young (Allocation Failure) 59M->42M(61M) 0.351ms
[0.450s][info ][gc,cpu       ] GC(102) User=0.00s Sys=0.00s Real=0.00s
[0.451s][info ][gc,start     ] GC(103) Pause Young (Allocation Failure)
[0.451s][info ][gc,task      ] GC(103) Using 8 workers of 8 for evacuation
[0.453s][debug][gc,age       ] GC(103) Desired survivor size 1114112 bytes, new threshold 1 (max threshold 6)
[0.453s][info ][gc,heap      ] GC(103) ParNew: 18729K->1967K(19648K)
[0.453s][info ][gc,heap      ] GC(103) CMS: 41499K->42671K(43712K)
[0.453s][info ][gc,metaspace ] GC(103) Metaspace: 5319K->5319K(1056768K)
[0.453s][info ][gc           ] GC(103) Pause Young (Allocation Failure) 58M->43M(61M) 1.484ms
[0.453s][info ][gc,cpu       ] GC(103) User=0.01s Sys=0.00s Real=0.00s
[0.453s][info ][gc           ] GC(97) Concurrent Abortable Preclean 11.415ms
[0.453s][info ][gc,cpu       ] GC(97) User=0.07s Sys=0.00s Real=0.01s
[0.453s][info ][gc,start     ] GC(97) Pause Remark
[0.454s][debug][gc,phases    ] GC(97) Rescan (parallel) 0.785ms
[0.454s][debug][gc,phases    ] GC(97) Reference Processing 0.011ms
[0.454s][debug][gc,phases    ] GC(97) Weak Processing 0.003ms
[0.454s][debug][gc,phases    ] GC(97) ClassLoaderData 0.008ms
[0.454s][debug][gc,phases    ] GC(97) ProtectionDomainCacheTable 0.002ms
[0.454s][debug][gc,phases    ] GC(97) ResolvedMethodTable 0.005ms
[0.454s][debug][gc,phases    ] GC(97) Class Unloading 0.161ms
[0.455s][debug][gc,phases    ] GC(97) Scrub Symbol Table 0.447ms
[0.455s][debug][gc,phases    ] GC(97) Scrub String Table 0.020ms
[0.455s][info ][gc           ] GC(97) Pause Remark 44M->44M(61M) 1.525ms
[0.455s][info ][gc,cpu       ] GC(97) User=0.01s Sys=0.00s Real=0.01s
[0.455s][info ][gc           ] GC(97) Concurrent Sweep
[0.455s][info ][gc           ] GC(97) Concurrent Sweep 0.798ms
[0.456s][info ][gc,cpu       ] GC(97) User=0.00s Sys=0.00s Real=0.00s
[0.456s][info ][gc           ] GC(97) Concurrent Reset
[0.456s][info ][gc           ] GC(97) Concurrent Reset 0.101ms
[0.456s][info ][gc,cpu       ] GC(97) User=0.00s Sys=0.00s Real=0.00s
[0.456s][info ][gc,heap      ] GC(97) Old: 40326K->4364K(43712K)
[0.456s][info ][gc,start     ] GC(104) Pause Young (Allocation Failure)
[0.456s][info ][gc,task      ] GC(104) Using 8 workers of 8 for evacuation
[0.457s][debug][gc,age       ] GC(104) Desired survivor size 1114112 bytes, new threshold 1 (max threshold 6)
[0.457s][info ][gc,heap      ] GC(104) ParNew: 19123K->1967K(19648K)
[0.457s][info ][gc,heap      ] GC(104) CMS: 4364K->4755K(43712K)
[0.457s][info ][gc,metaspace ] GC(104) Metaspace: 5319K->5319K(1056768K)
[0.457s][info ][gc           ] GC(104) Pause Young (Allocation Failure) 22M->6M(61M) 0.862ms
[0.457s][info ][gc,cpu       ] GC(104) User=0.01s Sys=0.00s Real=0.00s
[0.458s][info ][gc,start     ] GC(105) Pause Young (Allocation Failure)
[0.458s][info ][gc,task      ] GC(105) Using 8 workers of 8 for evacuation
[0.459s][debug][gc,age       ] GC(105) Desired survivor size 1114112 bytes, new threshold 1 (max threshold 6)
[0.459s][info ][gc,heap      ] GC(105) ParNew: 19111K->1967K(19648K)
[0.459s][info ][gc,heap      ] GC(105) CMS: 4755K->4756K(43712K)
[0.459s][info ][gc,metaspace ] GC(105) Metaspace: 5319K->5319K(1056768K)
[0.459s][info ][gc           ] GC(105) Pause Young (Allocation Failure) 23M->6M(61M) 1.127ms
[0.459s][info ][gc,cpu       ] GC(105) User=0.00s Sys=0.00s Real=0.00s
[0.461s][info ][gc,start     ] GC(106) Pause Young (Allocation Failure)
[0.461s][info ][gc,task      ] GC(106) Using 8 workers of 8 for evacuation
[0.461s][debug][gc,age       ] GC(106) Desired survivor size 1114112 bytes, new threshold 1 (max threshold 6)
[0.461s][info ][gc,heap      ] GC(106) ParNew: 19076K->1576K(19648K)
[0.461s][info ][gc,heap      ] GC(106) CMS: 4756K->4756K(43712K)
[0.461s][info ][gc,metaspace ] GC(106) Metaspace: 5319K->5319K(1056768K)
[0.461s][info ][gc           ] GC(106) Pause Young (Allocation Failure) 23M->6M(61M) 0.587ms
[0.461s][info ][gc,cpu       ] GC(106) User=0.00s Sys=0.01s Real=0.00s
[0.462s][info ][gc,start     ] GC(107) Pause Young (Allocation Failure)
[0.463s][info ][gc,task      ] GC(107) Using 8 workers of 8 for evacuation
[0.463s][debug][gc,age       ] GC(107) Desired survivor size 1114112 bytes, new threshold 1 (max threshold 6)
[0.463s][info ][gc,heap      ] GC(107) ParNew: 18716K->1967K(19648K)
[0.463s][info ][gc,heap      ] GC(107) CMS: 4756K->5147K(43712K)
[0.463s][info ][gc,metaspace ] GC(107) Metaspace: 5319K->5319K(1056768K)
[0.463s][info ][gc           ] GC(107) Pause Young (Allocation Failure) 22M->6M(61M) 0.430ms
[0.463s][info ][gc,cpu       ] GC(107) User=0.00s Sys=0.00s Real=0.00s
[0.464s][info ][gc,start     ] GC(108) Pause Young (Allocation Failure)
[0.464s][info ][gc,task      ] GC(108) Using 8 workers of 8 for evacuation
[0.465s][debug][gc,age       ] GC(108) Desired survivor size 1114112 bytes, new threshold 1 (max threshold 6)
[0.465s][info ][gc,heap      ] GC(108) ParNew: 19125K->1967K(19648K)
[0.465s][info ][gc,heap      ] GC(108) CMS: 5147K->6319K(43712K)
[0.465s][info ][gc,metaspace ] GC(108) Metaspace: 5319K->5319K(1056768K)
[0.465s][info ][gc           ] GC(108) Pause Young (Allocation Failure) 23M->8M(61M) 0.715ms
[0.465s][info ][gc,cpu       ] GC(108) User=0.01s Sys=0.00s Real=0.00s
[0.466s][info ][gc,start     ] GC(109) Pause Young (Allocation Failure)
[0.466s][info ][gc,task      ] GC(109) Using 8 workers of 8 for evacuation
[0.467s][debug][gc,age       ] GC(109) Desired survivor size 1114112 bytes, new threshold 1 (max threshold 6)
[0.467s][info ][gc,heap      ] GC(109) ParNew: 19070K->1576K(19648K)
[0.467s][info ][gc,heap      ] GC(109) CMS: 6319K->6710K(43712K)
[0.467s][info ][gc,metaspace ] GC(109) Metaspace: 5319K->5319K(1056768K)
[0.467s][info ][gc           ] GC(109) Pause Young (Allocation Failure) 24M->8M(61M) 1.103ms
[0.467s][info ][gc,cpu       ] GC(109) User=0.01s Sys=0.00s Real=0.00s
[0.469s][info ][gc,start     ] GC(110) Pause Young (Allocation Failure)
[0.469s][info ][gc,task      ] GC(110) Using 8 workers of 8 for evacuation
[0.470s][debug][gc,age       ] GC(110) Desired survivor size 1114112 bytes, new threshold 1 (max threshold 6)
[0.470s][info ][gc,heap      ] GC(110) ParNew: 19030K->1186K(19648K)
[0.470s][info ][gc,heap      ] GC(110) CMS: 6710K->7883K(43712K)
[0.470s][info ][gc,metaspace ] GC(110) Metaspace: 5319K->5319K(1056768K)
[0.470s][info ][gc           ] GC(110) Pause Young (Allocation Failure) 25M->8M(61M) 0.492ms
[0.470s][info ][gc,cpu       ] GC(110) User=0.00s Sys=0.00s Real=0.00s
[0.471s][info ][gc,start     ] GC(111) Pause Young (Allocation Failure)
[0.471s][info ][gc,task      ] GC(111) Using 8 workers of 8 for evacuation
[0.472s][debug][gc,age       ] GC(111) Desired survivor size 1114112 bytes, new threshold 6 (max threshold 6)
[0.472s][info ][gc,heap      ] GC(111) ParNew: 18658K->791K(19648K)
[0.472s][info ][gc,heap      ] GC(111) CMS: 7883K->8274K(43712K)
[0.472s][info ][gc,metaspace ] GC(111) Metaspace: 5319K->5319K(1056768K)
[0.472s][info ][gc           ] GC(111) Pause Young (Allocation Failure) 25M->8M(61M) 1.074ms
[0.472s][info ][gc,cpu       ] GC(111) User=0.01s Sys=0.00s Real=0.00s
[0.474s][info ][gc,start     ] GC(112) Pause Young (Allocation Failure)
[0.474s][info ][gc,task      ] GC(112) Using 8 workers of 8 for evacuation
[0.475s][debug][gc,age       ] GC(112) Desired survivor size 1114112 bytes, new threshold 1 (max threshold 6)
[0.475s][info ][gc,heap      ] GC(112) ParNew: 17925K->1184K(19648K)
[0.475s][info ][gc,heap      ] GC(112) CMS: 8274K->8274K(43712K)
[0.475s][info ][gc,metaspace ] GC(112) Metaspace: 5319K->5319K(1056768K)
[0.475s][info ][gc           ] GC(112) Pause Young (Allocation Failure) 25M->9M(61M) 0.992ms
[0.475s][info ][gc,cpu       ] GC(112) User=0.00s Sys=0.00s Real=0.01s
[0.476s][info ][gc,start     ] GC(113) Pause Young (Allocation Failure)
[0.476s][info ][gc,task      ] GC(113) Using 8 workers of 8 for evacuation
[0.477s][debug][gc,age       ] GC(113) Desired survivor size 1114112 bytes, new threshold 1 (max threshold 6)
[0.477s][info ][gc,heap      ] GC(113) ParNew: 18271K->1570K(19648K)
[0.477s][info ][gc,heap      ] GC(113) CMS: 8274K->9056K(43712K)
[0.477s][info ][gc,metaspace ] GC(113) Metaspace: 5319K->5319K(1056768K)
[0.477s][info ][gc           ] GC(113) Pause Young (Allocation Failure) 25M->10M(61M) 1.275ms
[0.477s][info ][gc,cpu       ] GC(113) User=0.01s Sys=0.00s Real=0.00s
[0.479s][info ][gc,start     ] GC(114) Pause Young (Allocation Failure)
[0.479s][info ][gc,task      ] GC(114) Using 8 workers of 8 for evacuation
[0.480s][debug][gc,age       ] GC(114) Desired survivor size 1114112 bytes, new threshold 1 (max threshold 6)
[0.480s][info ][gc,heap      ] GC(114) ParNew: 19042K->1574K(19648K)
[0.480s][info ][gc,heap      ] GC(114) CMS: 9056K->9447K(43712K)
[0.480s][info ][gc,metaspace ] GC(114) Metaspace: 5319K->5319K(1056768K)
[0.480s][info ][gc           ] GC(114) Pause Young (Allocation Failure) 27M->10M(61M) 1.426ms
[0.480s][info ][gc,cpu       ] GC(114) User=0.01s Sys=0.00s Real=0.00s
[0.482s][info ][gc,start     ] GC(115) Pause Young (Allocation Failure)
[0.482s][info ][gc,task      ] GC(115) Using 8 workers of 8 for evacuation
[0.482s][debug][gc,age       ] GC(115) Desired survivor size 1114112 bytes, new threshold 1 (max threshold 6)
[0.482s][info ][gc,heap      ] GC(115) ParNew: 18746K->1969K(19648K)
[0.482s][info ][gc,heap      ] GC(115) CMS: 9447K->10228K(43712K)
[0.482s][info ][gc,metaspace ] GC(115) Metaspace: 5319K->5319K(1056768K)
[0.482s][info ][gc           ] GC(115) Pause Young (Allocation Failure) 27M->11M(61M) 0.635ms
[0.482s][info ][gc,cpu       ] GC(115) User=0.00s Sys=0.00s Real=0.00s
[0.484s][info ][gc,start     ] GC(116) Pause Young (Allocation Failure)
[0.484s][info ][gc,task      ] GC(116) Using 8 workers of 8 for evacuation
[0.485s][debug][gc,age       ] GC(116) Desired survivor size 1114112 bytes, new threshold 1 (max threshold 6)
[0.485s][info ][gc,heap      ] GC(116) ParNew: 19188K->1969K(19648K)
[0.485s][info ][gc,heap      ] GC(116) CMS: 10228K->11010K(43712K)
[0.485s][info ][gc,metaspace ] GC(116) Metaspace: 5319K->5319K(1056768K)
[0.485s][info ][gc           ] GC(116) Pause Young (Allocation Failure) 28M->12M(61M) 1.185ms
[0.485s][info ][gc,cpu       ] GC(116) User=0.01s Sys=0.00s Real=0.01s
[0.486s][info ][gc,start     ] GC(117) Pause Young (Allocation Failure)
[0.486s][info ][gc,task      ] GC(117) Using 8 workers of 8 for evacuation
[0.488s][debug][gc,age       ] GC(117) Desired survivor size 1114112 bytes, new threshold 1 (max threshold 6)
[0.488s][info ][gc,heap      ] GC(117) ParNew: 19132K->1572K(19648K)
[0.488s][info ][gc,heap      ] GC(117) CMS: 11010K->11401K(43712K)
[0.488s][info ][gc,metaspace ] GC(117) Metaspace: 5319K->5319K(1056768K)
[0.488s][info ][gc           ] GC(117) Pause Young (Allocation Failure) 29M->12M(61M) 1.353ms
[0.488s][info ][gc,cpu       ] GC(117) User=0.00s Sys=0.00s Real=0.00s
[0.489s][info ][gc,start     ] GC(118) Pause Young (Allocation Failure)
[0.489s][info ][gc,task      ] GC(118) Using 8 workers of 8 for evacuation
[0.491s][debug][gc,age       ] GC(118) Desired survivor size 1114112 bytes, new threshold 1 (max threshold 6)
[0.491s][info ][gc,heap      ] GC(118) ParNew: 19016K->1177K(19648K)
[0.491s][info ][gc,heap      ] GC(118) CMS: 11401K->12183K(43712K)
[0.491s][info ][gc,metaspace ] GC(118) Metaspace: 5319K->5319K(1056768K)
[0.491s][info ][gc           ] GC(118) Pause Young (Allocation Failure) 29M->13M(61M) 1.427ms
[0.491s][info ][gc,cpu       ] GC(118) User=0.01s Sys=0.00s Real=0.00s
[0.492s][info ][gc,start     ] GC(119) Pause Young (Allocation Failure)
[0.492s][info ][gc,task      ] GC(119) Using 8 workers of 8 for evacuation
[0.493s][debug][gc,age       ] GC(119) Desired survivor size 1114112 bytes, new threshold 1 (max threshold 6)
[0.493s][info ][gc,heap      ] GC(119) ParNew: 18391K->1965K(19648K)
[0.493s][info ][gc,heap      ] GC(119) CMS: 12183K->12574K(43712K)
[0.493s][info ][gc,metaspace ] GC(119) Metaspace: 5319K->5319K(1056768K)
[0.493s][info ][gc           ] GC(119) Pause Young (Allocation Failure) 29M->14M(61M) 0.813ms
[0.493s][info ][gc,cpu       ] GC(119) User=0.00s Sys=0.00s Real=0.00s
[0.494s][info ][gc,start     ] GC(120) Pause Young (Allocation Failure)
[0.494s][info ][gc,task      ] GC(120) Using 8 workers of 8 for evacuation
[0.495s][debug][gc,age       ] GC(120) Desired survivor size 1114112 bytes, new threshold 1 (max threshold 6)
[0.495s][info ][gc,heap      ] GC(120) ParNew: 19137K->1574K(19648K)
[0.495s][info ][gc,heap      ] GC(120) CMS: 12574K->12574K(43712K)
[0.495s][info ][gc,metaspace ] GC(120) Metaspace: 5319K->5319K(1056768K)
[0.495s][info ][gc           ] GC(120) Pause Young (Allocation Failure) 30M->13M(61M) 0.887ms
[0.495s][info ][gc,cpu       ] GC(120) User=0.01s Sys=0.00s Real=0.01s
[0.496s][info ][gc,start     ] GC(121) Pause Young (Allocation Failure)
[0.497s][info ][gc,task      ] GC(121) Using 8 workers of 8 for evacuation
[0.498s][debug][gc,age       ] GC(121) Desired survivor size 1114112 bytes, new threshold 1 (max threshold 6)
[0.498s][info ][gc,heap      ] GC(121) ParNew: 18718K->1963K(19648K)
[0.498s][info ][gc,heap      ] GC(121) CMS: 12574K->13356K(43712K)
[0.498s][info ][gc,metaspace ] GC(121) Metaspace: 5319K->5319K(1056768K)
[0.498s][info ][gc           ] GC(121) Pause Young (Allocation Failure) 30M->14M(61M) 1.377ms
[0.498s][info ][gc,cpu       ] GC(121) User=0.00s Sys=0.00s Real=0.00s
[0.500s][info ][gc,start     ] GC(122) Pause Young (Allocation Failure)
[0.500s][info ][gc,task      ] GC(122) Using 8 workers of 8 for evacuation
[0.500s][debug][gc,age       ] GC(122) Desired survivor size 1114112 bytes, new threshold 1 (max threshold 6)
[0.500s][info ][gc,heap      ] GC(122) ParNew: 19115K->1188K(19648K)
[0.500s][info ][gc,heap      ] GC(122) CMS: 13356K->13747K(43712K)
[0.500s][info ][gc,metaspace ] GC(122) Metaspace: 5319K->5319K(1056768K)
[0.500s][info ][gc           ] GC(122) Pause Young (Allocation Failure) 31M->14M(61M) 0.448ms
[0.500s][info ][gc,cpu       ] GC(122) User=0.00s Sys=0.00s Real=0.00s
[0.502s][info ][gc,start     ] GC(123) Pause Young (Allocation Failure)
[0.502s][info ][gc,task      ] GC(123) Using 8 workers of 8 for evacuation
[0.502s][debug][gc,age       ] GC(123) Desired survivor size 1114112 bytes, new threshold 1 (max threshold 6)
[0.502s][info ][gc,heap      ] GC(123) ParNew: 18354K->1965K(19648K)
[0.502s][info ][gc,heap      ] GC(123) CMS: 13747K->13747K(43712K)
[0.502s][info ][gc,metaspace ] GC(123) Metaspace: 5319K->5319K(1056768K)
[0.502s][info ][gc           ] GC(123) Pause Young (Allocation Failure) 31M->15M(61M) 0.869ms
[0.502s][info ][gc,cpu       ] GC(123) User=0.01s Sys=0.00s Real=0.00s
[0.504s][info ][gc,start     ] GC(124) Pause Young (Allocation Failure)
[0.504s][info ][gc,task      ] GC(124) Using 8 workers of 8 for evacuation
[0.504s][debug][gc,age       ] GC(124) Desired survivor size 1114112 bytes, new threshold 1 (max threshold 6)
[0.504s][info ][gc,heap      ] GC(124) ParNew: 19110K->1965K(19648K)
[0.504s][info ][gc,heap      ] GC(124) CMS: 13747K->14529K(43712K)
[0.504s][info ][gc,metaspace ] GC(124) Metaspace: 5319K->5319K(1056768K)
[0.504s][info ][gc           ] GC(124) Pause Young (Allocation Failure) 32M->16M(61M) 0.619ms
[0.504s][info ][gc,cpu       ] GC(124) User=0.00s Sys=0.00s Real=0.01s
[0.506s][info ][gc,start     ] GC(125) Pause Young (Allocation Failure)
[0.506s][info ][gc,task      ] GC(125) Using 8 workers of 8 for evacuation
[0.507s][debug][gc,age       ] GC(125) Desired survivor size 1114112 bytes, new threshold 1 (max threshold 6)
[0.507s][info ][gc,heap      ] GC(125) ParNew: 19090K->1570K(19648K)
[0.507s][info ][gc,heap      ] GC(125) CMS: 14529K->14920K(43712K)
[0.507s][info ][gc,metaspace ] GC(125) Metaspace: 5319K->5319K(1056768K)
[0.507s][info ][gc           ] GC(125) Pause Young (Allocation Failure) 32M->16M(61M) 1.109ms
[0.507s][info ][gc,cpu       ] GC(125) User=0.01s Sys=0.00s Real=0.00s
[0.508s][info ][gc,start     ] GC(126) Pause Young (Allocation Failure)
[0.508s][info ][gc,task      ] GC(126) Using 8 workers of 8 for evacuation
[0.509s][debug][gc,age       ] GC(126) Desired survivor size 1114112 bytes, new threshold 1 (max threshold 6)
[0.509s][info ][gc,heap      ] GC(126) ParNew: 18684K->1963K(19648K)
[0.509s][info ][gc,heap      ] GC(126) CMS: 14920K->15701K(43712K)
[0.509s][info ][gc,metaspace ] GC(126) Metaspace: 5319K->5319K(1056768K)
[0.509s][info ][gc           ] GC(126) Pause Young (Allocation Failure) 32M->17M(61M) 0.951ms
[0.509s][info ][gc,cpu       ] GC(126) User=0.00s Sys=0.00s Real=0.00s
[0.511s][info ][gc,start     ] GC(127) Pause Young (Allocation Failure)
[0.511s][info ][gc,task      ] GC(127) Using 8 workers of 8 for evacuation
[0.512s][debug][gc,age       ] GC(127) Desired survivor size 1114112 bytes, new threshold 1 (max threshold 6)
[0.512s][info ][gc,heap      ] GC(127) ParNew: 19063K->1963K(19648K)
[0.512s][info ][gc,heap      ] GC(127) CMS: 15701K->16092K(43712K)
[0.512s][info ][gc,metaspace ] GC(127) Metaspace: 5319K->5319K(1056768K)
[0.512s][info ][gc           ] GC(127) Pause Young (Allocation Failure) 33M->17M(61M) 1.009ms
[0.512s][info ][gc,cpu       ] GC(127) User=0.01s Sys=0.00s Real=0.00s
[0.514s][info ][gc,start     ] GC(128) Pause Young (Allocation Failure)
[0.514s][info ][gc,task      ] GC(128) Using 8 workers of 8 for evacuation
[0.514s][debug][gc,age       ] GC(128) Desired survivor size 1114112 bytes, new threshold 1 (max threshold 6)
[0.514s][info ][gc,heap      ] GC(128) ParNew: 19107K->1965K(19648K)
[0.514s][info ][gc,heap      ] GC(128) CMS: 16092K->16483K(43712K)
[0.514s][info ][gc,metaspace ] GC(128) Metaspace: 5319K->5319K(1056768K)
[0.514s][info ][gc           ] GC(128) Pause Young (Allocation Failure) 34M->18M(61M) 0.927ms
[0.514s][info ][gc,cpu       ] GC(128) User=0.00s Sys=0.00s Real=0.01s
[0.516s][info ][gc,start     ] GC(129) Pause Young (Allocation Failure)
[0.516s][info ][gc,task      ] GC(129) Using 8 workers of 8 for evacuation
[0.517s][debug][gc,age       ] GC(129) Desired survivor size 1114112 bytes, new threshold 1 (max threshold 6)
[0.517s][info ][gc,heap      ] GC(129) ParNew: 19095K->1967K(19648K)
[0.517s][info ][gc,heap      ] GC(129) CMS: 16483K->16483K(43712K)
[0.517s][info ][gc,metaspace ] GC(129) Metaspace: 5319K->5319K(1056768K)
[0.517s][info ][gc           ] GC(129) Pause Young (Allocation Failure) 34M->18M(61M) 1.098ms
[0.517s][info ][gc,cpu       ] GC(129) User=0.01s Sys=0.00s Real=0.00s
[0.518s][info ][gc,start     ] GC(130) Pause Young (Allocation Failure)
[0.518s][info ][gc,task      ] GC(130) Using 8 workers of 8 for evacuation
[0.519s][debug][gc,age       ] GC(130) Desired survivor size 1114112 bytes, new threshold 1 (max threshold 6)
[0.519s][info ][gc,heap      ] GC(130) ParNew: 19097K->1184K(19648K)
[0.519s][info ][gc,heap      ] GC(130) CMS: 16483K->16483K(43712K)
[0.519s][info ][gc,metaspace ] GC(130) Metaspace: 5319K->5319K(1056768K)
[0.519s][info ][gc           ] GC(130) Pause Young (Allocation Failure) 34M->17M(61M) 1.080ms
[0.519s][info ][gc,cpu       ] GC(130) User=0.00s Sys=0.00s Real=0.00s
[0.521s][info ][gc,start     ] GC(131) Pause Young (Allocation Failure)
[0.521s][info ][gc,task      ] GC(131) Using 8 workers of 8 for evacuation
[0.522s][debug][gc,age       ] GC(131) Desired survivor size 1114112 bytes, new threshold 1 (max threshold 6)
[0.522s][info ][gc,heap      ] GC(131) ParNew: 18285K->1965K(19648K)
[0.522s][info ][gc,heap      ] GC(131) CMS: 16483K->16874K(43712K)
[0.522s][info ][gc,metaspace ] GC(131) Metaspace: 5319K->5319K(1056768K)
[0.522s][info ][gc           ] GC(131) Pause Young (Allocation Failure) 33M->18M(61M) 1.141ms
[0.522s][info ][gc,cpu       ] GC(131) User=0.01s Sys=0.00s Real=0.00s
[0.523s][info ][gc,start     ] GC(132) Pause Young (Allocation Failure)
[0.523s][info ][gc,task      ] GC(132) Using 8 workers of 8 for evacuation
[0.524s][debug][gc,age       ] GC(132) Desired survivor size 1114112 bytes, new threshold 1 (max threshold 6)
[0.524s][info ][gc,heap      ] GC(132) ParNew: 19087K->1184K(19648K)
[0.524s][info ][gc,heap      ] GC(132) CMS: 16874K->17265K(43712K)
[0.524s][info ][gc,metaspace ] GC(132) Metaspace: 5319K->5319K(1056768K)
[0.524s][info ][gc           ] GC(132) Pause Young (Allocation Failure) 35M->18M(61M) 1.125ms
[0.525s][info ][gc,cpu       ] GC(132) User=0.00s Sys=0.00s Real=0.01s
[0.526s][info ][gc,start     ] GC(133) Pause Young (Allocation Failure)
[0.526s][info ][gc,task      ] GC(133) Using 8 workers of 8 for evacuation
[0.527s][debug][gc,age       ] GC(133) Desired survivor size 1114112 bytes, new threshold 1 (max threshold 6)
[0.527s][info ][gc,heap      ] GC(133) ParNew: 18331K->1965K(19648K)
[0.527s][info ][gc,heap      ] GC(133) CMS: 17265K->17656K(43712K)
[0.527s][info ][gc,metaspace ] GC(133) Metaspace: 5319K->5319K(1056768K)
[0.527s][info ][gc           ] GC(133) Pause Young (Allocation Failure) 34M->19M(61M) 1.160ms
[0.527s][info ][gc,cpu       ] GC(133) User=0.00s Sys=0.00s Real=0.00s
[0.529s][info ][gc,start     ] GC(134) Pause Young (Allocation Failure)
[0.529s][info ][gc,task      ] GC(134) Using 8 workers of 8 for evacuation
[0.530s][debug][gc,age       ] GC(134) Desired survivor size 1114112 bytes, new threshold 1 (max threshold 6)
[0.530s][info ][gc,heap      ] GC(134) ParNew: 19143K->1574K(19648K)
[0.530s][info ][gc,heap      ] GC(134) CMS: 17656K->18047K(43712K)
[0.530s][info ][gc,metaspace ] GC(134) Metaspace: 5319K->5319K(1056768K)
[0.530s][info ][gc           ] GC(134) Pause Young (Allocation Failure) 35M->19M(61M) 1.080ms
[0.530s][info ][gc,cpu       ] GC(134) User=0.01s Sys=0.00s Real=0.00s
[0.531s][info ][gc,start     ] GC(135) Pause Young (Allocation Failure)
[0.531s][info ][gc,task      ] GC(135) Using 8 workers of 8 for evacuation
[0.532s][debug][gc,age       ] GC(135) Desired survivor size 1114112 bytes, new threshold 1 (max threshold 6)
[0.532s][info ][gc,heap      ] GC(135) ParNew: 19034K->1574K(19648K)
[0.532s][info ][gc,heap      ] GC(135) CMS: 18047K->18048K(43712K)
[0.532s][info ][gc,metaspace ] GC(135) Metaspace: 5319K->5319K(1056768K)
[0.532s][info ][gc           ] GC(135) Pause Young (Allocation Failure) 36M->19M(61M) 1.128ms
[0.532s][info ][gc,cpu       ] GC(135) User=0.01s Sys=0.00s Real=0.00s
[0.534s][info ][gc,start     ] GC(136) Pause Young (Allocation Failure)
[0.534s][info ][gc,task      ] GC(136) Using 8 workers of 8 for evacuation
[0.535s][debug][gc,age       ] GC(136) Desired survivor size 1114112 bytes, new threshold 1 (max threshold 6)
[0.535s][info ][gc,heap      ] GC(136) ParNew: 19003K->1574K(19648K)
[0.535s][info ][gc,heap      ] GC(136) CMS: 18048K->18048K(43712K)
[0.535s][info ][gc,metaspace ] GC(136) Metaspace: 5319K->5319K(1056768K)
[0.535s][info ][gc           ] GC(136) Pause Young (Allocation Failure) 36M->19M(61M) 1.042ms
[0.535s][info ][gc,cpu       ] GC(136) User=0.01s Sys=0.00s Real=0.01s
[0.536s][info ][gc,start     ] GC(137) Pause Young (Allocation Failure)
[0.536s][info ][gc,task      ] GC(137) Using 8 workers of 8 for evacuation
[0.537s][debug][gc,age       ] GC(137) Desired survivor size 1114112 bytes, new threshold 1 (max threshold 6)
[0.537s][info ][gc,heap      ] GC(137) ParNew: 18750K->1961K(19648K)
[0.537s][info ][gc,heap      ] GC(137) CMS: 18048K->18048K(43712K)
[0.537s][info ][gc,metaspace ] GC(137) Metaspace: 5319K->5319K(1056768K)
[0.537s][info ][gc           ] GC(137) Pause Young (Allocation Failure) 35M->19M(61M) 1.049ms
[0.537s][info ][gc,cpu       ] GC(137) User=0.01s Sys=0.00s Real=0.00s
[0.539s][info ][gc,start     ] GC(138) Pause Young (Allocation Failure)
[0.539s][info ][gc,task      ] GC(138) Using 8 workers of 8 for evacuation
[0.540s][debug][gc,age       ] GC(138) Desired survivor size 1114112 bytes, new threshold 6 (max threshold 6)
[0.540s][info ][gc,heap      ] GC(138) ParNew: 19160K->791K(19648K)
[0.540s][info ][gc,heap      ] GC(138) CMS: 18048K->19221K(43712K)
[0.540s][info ][gc,metaspace ] GC(138) Metaspace: 5319K->5319K(1056768K)
[0.540s][info ][gc           ] GC(138) Pause Young (Allocation Failure) 36M->19M(61M) 1.227ms
[0.540s][info ][gc,cpu       ] GC(138) User=0.00s Sys=0.00s Real=0.00s
[0.541s][info ][gc,start     ] GC(139) Pause Young (Allocation Failure)
[0.541s][info ][gc,task      ] GC(139) Using 8 workers of 8 for evacuation
[0.544s][debug][gc,age       ] GC(139) Desired survivor size 1114112 bytes, new threshold 1 (max threshold 6)
[0.544s][info ][gc,heap      ] GC(139) ParNew: 17956K->1965K(19648K)
[0.544s][info ][gc,heap      ] GC(139) CMS: 19221K->19611K(43712K)
[0.544s][info ][gc,metaspace ] GC(139) Metaspace: 5319K->5319K(1056768K)
[0.544s][info ][gc           ] GC(139) Pause Young (Allocation Failure) 36M->21M(61M) 2.422ms
[0.544s][info ][gc,cpu       ] GC(139) User=0.01s Sys=0.00s Real=0.00s
[0.545s][info ][gc,start     ] GC(140) Pause Young (Allocation Failure)
[0.545s][info ][gc,task      ] GC(140) Using 8 workers of 8 for evacuation
[0.547s][debug][gc,age       ] GC(140) Desired survivor size 1114112 bytes, new threshold 1 (max threshold 6)
[0.547s][info ][gc,heap      ] GC(140) ParNew: 19437K->1963K(19648K)
[0.547s][info ][gc,heap      ] GC(140) CMS: 19611K->20784K(43712K)
[0.547s][info ][gc,metaspace ] GC(140) Metaspace: 5319K->5319K(1056768K)
[0.547s][info ][gc           ] GC(140) Pause Young (Allocation Failure) 38M->22M(61M) 1.211ms
[0.547s][info ][gc,cpu       ] GC(140) User=0.01s Sys=0.00s Real=0.00s
[0.548s][info ][gc,start     ] GC(141) Pause Young (Allocation Failure)
[0.548s][info ][gc,task      ] GC(141) Using 8 workers of 8 for evacuation
[0.549s][debug][gc,age       ] GC(141) Desired survivor size 1114112 bytes, new threshold 1 (max threshold 6)
[0.549s][info ][gc,heap      ] GC(141) ParNew: 19073K->1965K(19648K)
[0.549s][info ][gc,heap      ] GC(141) CMS: 20784K->21175K(43712K)
[0.549s][info ][gc,metaspace ] GC(141) Metaspace: 5319K->5319K(1056768K)
[0.549s][info ][gc           ] GC(141) Pause Young (Allocation Failure) 38M->22M(61M) 0.996ms
[0.549s][info ][gc,cpu       ] GC(141) User=0.01s Sys=0.00s Real=0.00s
[0.551s][info ][gc,start     ] GC(142) Pause Young (Allocation Failure)
[0.551s][info ][gc,task      ] GC(142) Using 8 workers of 8 for evacuation
[0.552s][debug][gc,age       ] GC(142) Desired survivor size 1114112 bytes, new threshold 1 (max threshold 6)
[0.552s][info ][gc,heap      ] GC(142) ParNew: 19137K->1959K(19648K)
[0.552s][info ][gc,heap      ] GC(142) CMS: 21175K->22347K(43712K)
[0.552s][info ][gc,metaspace ] GC(142) Metaspace: 5319K->5319K(1056768K)
[0.552s][info ][gc           ] GC(142) Pause Young (Allocation Failure) 39M->23M(61M) 1.548ms
[0.552s][info ][gc,cpu       ] GC(142) User=0.00s Sys=0.00s Real=0.00s
[0.554s][info ][gc,start     ] GC(143) Pause Young (Allocation Failure)
[0.554s][info ][gc,task      ] GC(143) Using 8 workers of 8 for evacuation
[0.554s][debug][gc,age       ] GC(143) Desired survivor size 1114112 bytes, new threshold 1 (max threshold 6)
[0.554s][info ][gc,heap      ] GC(143) ParNew: 19147K->1574K(19648K)
[0.554s][info ][gc,heap      ] GC(143) CMS: 22347K->22738K(43712K)
[0.554s][info ][gc,metaspace ] GC(143) Metaspace: 5319K->5319K(1056768K)
[0.554s][info ][gc           ] GC(143) Pause Young (Allocation Failure) 40M->23M(61M) 0.473ms
[0.554s][info ][gc,cpu       ] GC(143) User=0.00s Sys=0.00s Real=0.00s
[0.555s][info ][gc,start     ] GC(144) Pause Young (Allocation Failure)
[0.555s][info ][gc,task      ] GC(144) Using 8 workers of 8 for evacuation
[0.556s][debug][gc,age       ] GC(144) Desired survivor size 1114112 bytes, new threshold 1 (max threshold 6)
[0.556s][info ][gc,heap      ] GC(144) ParNew: 18745K->1186K(19648K)
[0.556s][info ][gc,heap      ] GC(144) CMS: 22738K->22738K(43712K)
[0.556s][info ][gc,metaspace ] GC(144) Metaspace: 5319K->5319K(1056768K)
[0.556s][info ][gc           ] GC(144) Pause Young (Allocation Failure) 40M->23M(61M) 1.061ms
[0.556s][info ][gc,cpu       ] GC(144) User=0.00s Sys=0.00s Real=0.00s
[0.558s][info ][gc,start     ] GC(145) Pause Young (Allocation Failure)
[0.558s][info ][gc,task      ] GC(145) Using 8 workers of 8 for evacuation
[0.559s][debug][gc,age       ] GC(145) Desired survivor size 1114112 bytes, new threshold 1 (max threshold 6)
[0.559s][info ][gc,heap      ] GC(145) ParNew: 18285K->1965K(19648K)
[0.559s][info ][gc,heap      ] GC(145) CMS: 22738K->23520K(43712K)
[0.559s][info ][gc,metaspace ] GC(145) Metaspace: 5319K->5319K(1056768K)
[0.559s][info ][gc           ] GC(145) Pause Young (Allocation Failure) 40M->24M(61M) 0.965ms
[0.559s][info ][gc,cpu       ] GC(145) User=0.01s Sys=0.00s Real=0.00s
[0.560s][info ][gc,start     ] GC(146) Pause Young (Allocation Failure)
[0.560s][info ][gc,task      ] GC(146) Using 8 workers of 8 for evacuation
[0.561s][debug][gc,age       ] GC(146) Desired survivor size 1114112 bytes, new threshold 1 (max threshold 6)
[0.561s][info ][gc,heap      ] GC(146) ParNew: 19074K->1965K(19648K)
[0.561s][info ][gc,heap      ] GC(146) CMS: 23520K->23520K(43712K)
[0.561s][info ][gc,metaspace ] GC(146) Metaspace: 5319K->5319K(1056768K)
[0.561s][info ][gc           ] GC(146) Pause Young (Allocation Failure) 41M->24M(61M) 0.396ms
[0.561s][info ][gc,cpu       ] GC(146) User=0.00s Sys=0.00s Real=0.00s
[0.562s][info ][gc,start     ] GC(147) Pause Young (Allocation Failure)
[0.562s][info ][gc,task      ] GC(147) Using 8 workers of 8 for evacuation
[0.563s][debug][gc,age       ] GC(147) Desired survivor size 1114112 bytes, new threshold 1 (max threshold 6)
[0.563s][info ][gc,heap      ] GC(147) ParNew: 19146K->1967K(19648K)
[0.563s][info ][gc,heap      ] GC(147) CMS: 23520K->23520K(43712K)
[0.563s][info ][gc,metaspace ] GC(147) Metaspace: 5319K->5319K(1056768K)
[0.563s][info ][gc           ] GC(147) Pause Young (Allocation Failure) 41M->24M(61M) 1.064ms
[0.563s][info ][gc,cpu       ] GC(147) User=0.00s Sys=0.00s Real=0.00s
[0.565s][info ][gc,start     ] GC(148) Pause Young (Allocation Failure)
[0.565s][info ][gc,task      ] GC(148) Using 8 workers of 8 for evacuation
[0.566s][debug][gc,age       ] GC(148) Desired survivor size 1114112 bytes, new threshold 1 (max threshold 6)
[0.566s][info ][gc,heap      ] GC(148) ParNew: 19418K->1965K(19648K)
[0.566s][info ][gc,heap      ] GC(148) CMS: 23520K->23911K(43712K)
[0.566s][info ][gc,metaspace ] GC(148) Metaspace: 5319K->5319K(1056768K)
[0.566s][info ][gc           ] GC(148) Pause Young (Allocation Failure) 41M->25M(61M) 1.159ms
[0.566s][info ][gc,cpu       ] GC(148) User=0.01s Sys=0.00s Real=0.00s
[0.567s][info ][gc,start     ] GC(149) Pause Young (Allocation Failure)
[0.567s][info ][gc,task      ] GC(149) Using 8 workers of 8 for evacuation
[0.568s][debug][gc,age       ] GC(149) Desired survivor size 1114112 bytes, new threshold 1 (max threshold 6)
[0.568s][info ][gc,heap      ] GC(149) ParNew: 19160K->1969K(19648K)
[0.568s][info ][gc,heap      ] GC(149) CMS: 23911K->24693K(43712K)
[0.568s][info ][gc,metaspace ] GC(149) Metaspace: 5319K->5319K(1056768K)
[0.568s][info ][gc           ] GC(149) Pause Young (Allocation Failure) 42M->26M(61M) 0.505ms
[0.568s][info ][gc,cpu       ] GC(149) User=0.00s Sys=0.00s Real=0.00s
[0.569s][info ][gc,start     ] GC(150) Pause Young (Allocation Failure)
[0.569s][info ][gc,task      ] GC(150) Using 8 workers of 8 for evacuation
[0.569s][debug][gc,age       ] GC(150) Desired survivor size 1114112 bytes, new threshold 1 (max threshold 6)
[0.569s][info ][gc,heap      ] GC(150) ParNew: 19433K->1965K(19648K)
[0.569s][info ][gc,heap      ] GC(150) CMS: 24693K->24693K(43712K)
[0.569s][info ][gc,metaspace ] GC(150) Metaspace: 5319K->5319K(1056768K)
[0.570s][info ][gc           ] GC(150) Pause Young (Allocation Failure) 43M->26M(61M) 0.423ms
[0.570s][info ][gc,cpu       ] GC(150) User=0.00s Sys=0.00s Real=0.00s
[0.571s][info ][gc,start     ] GC(151) Pause Young (Allocation Failure)
[0.571s][info ][gc,task      ] GC(151) Using 8 workers of 8 for evacuation
[0.571s][debug][gc,age       ] GC(151) Desired survivor size 1114112 bytes, new threshold 1 (max threshold 6)
[0.571s][info ][gc,heap      ] GC(151) ParNew: 19165K->1188K(19648K)
[0.571s][info ][gc,heap      ] GC(151) CMS: 24693K->24693K(43712K)
[0.571s][info ][gc,metaspace ] GC(151) Metaspace: 5319K->5319K(1056768K)
[0.571s][info ][gc           ] GC(151) Pause Young (Allocation Failure) 42M->25M(61M) 0.368ms
[0.571s][info ][gc,cpu       ] GC(151) User=0.00s Sys=0.00s Real=0.00s
[0.572s][info ][gc,start     ] GC(152) Pause Young (Allocation Failure)
[0.572s][info ][gc,task      ] GC(152) Using 8 workers of 8 for evacuation
[0.573s][debug][gc,age       ] GC(152) Desired survivor size 1114112 bytes, new threshold 1 (max threshold 6)
[0.574s][info ][gc,heap      ] GC(152) ParNew: 18336K->1572K(19648K)
[0.574s][info ][gc,heap      ] GC(152) CMS: 24693K->25085K(43712K)
[0.574s][info ][gc,metaspace ] GC(152) Metaspace: 5319K->5319K(1056768K)
[0.574s][info ][gc           ] GC(152) Pause Young (Allocation Failure) 42M->26M(61M) 1.118ms
[0.574s][info ][gc,cpu       ] GC(152) User=0.00s Sys=0.00s Real=0.00s
[0.575s][info ][gc,start     ] GC(153) Pause Young (Allocation Failure)
[0.575s][info ][gc,task      ] GC(153) Using 8 workers of 8 for evacuation
[0.576s][debug][gc,age       ] GC(153) Desired survivor size 1114112 bytes, new threshold 1 (max threshold 6)
[0.576s][info ][gc,heap      ] GC(153) ParNew: 18669K->1965K(19648K)
[0.576s][info ][gc,heap      ] GC(153) CMS: 25085K->26257K(43712K)
[0.576s][info ][gc,metaspace ] GC(153) Metaspace: 5319K->5319K(1056768K)
[0.576s][info ][gc           ] GC(153) Pause Young (Allocation Failure) 42M->27M(61M) 1.048ms
[0.576s][info ][gc,cpu       ] GC(153) User=0.01s Sys=0.00s Real=0.00s
[0.577s][info ][gc,start     ] GC(154) Pause Young (Allocation Failure)
[0.578s][info ][gc,task      ] GC(154) Using 8 workers of 8 for evacuation
[0.578s][debug][gc,age       ] GC(154) Desired survivor size 1114112 bytes, new threshold 1 (max threshold 6)
[0.578s][info ][gc,heap      ] GC(154) ParNew: 19120K->1965K(19648K)
[0.578s][info ][gc,heap      ] GC(154) CMS: 26257K->27429K(43712K)
[0.578s][info ][gc,metaspace ] GC(154) Metaspace: 5319K->5319K(1056768K)
[0.578s][info ][gc           ] GC(154) Pause Young (Allocation Failure) 44M->28M(61M) 0.531ms
[0.578s][info ][gc,cpu       ] GC(154) User=0.01s Sys=0.00s Real=0.00s
[0.579s][info ][gc,start     ] GC(155) Pause Young (Allocation Failure)
[0.580s][info ][gc,task      ] GC(155) Using 8 workers of 8 for evacuation
[0.580s][debug][gc,age       ] GC(155) Desired survivor size 1114112 bytes, new threshold 1 (max threshold 6)
[0.580s][info ][gc,heap      ] GC(155) ParNew: 19104K->1969K(19648K)
[0.580s][info ][gc,heap      ] GC(155) CMS: 27429K->28601K(43712K)
[0.580s][info ][gc,metaspace ] GC(155) Metaspace: 5319K->5319K(1056768K)
[0.580s][info ][gc           ] GC(155) Pause Young (Allocation Failure) 45M->29M(61M) 0.517ms
[0.580s][info ][gc,cpu       ] GC(155) User=0.00s Sys=0.01s Real=0.00s
[0.582s][info ][gc,start     ] GC(156) Pause Young (Allocation Failure)
[0.582s][info ][gc,task      ] GC(156) Using 8 workers of 8 for evacuation
[0.583s][debug][gc,age       ] GC(156) Desired survivor size 1114112 bytes, new threshold 1 (max threshold 6)
[0.583s][info ][gc,heap      ] GC(156) ParNew: 19068K->1963K(19648K)
[0.583s][info ][gc,heap      ] GC(156) CMS: 28601K->29382K(43712K)
[0.583s][info ][gc,metaspace ] GC(156) Metaspace: 5319K->5319K(1056768K)
[0.583s][info ][gc           ] GC(156) Pause Young (Allocation Failure) 46M->30M(61M) 1.273ms
[0.583s][info ][gc,cpu       ] GC(156) User=0.00s Sys=0.00s Real=0.00s
[0.584s][info ][gc,start     ] GC(157) Pause Young (Allocation Failure)
[0.584s][info ][gc,task      ] GC(157) Using 8 workers of 8 for evacuation
[0.585s][debug][gc,age       ] GC(157) Desired survivor size 1114112 bytes, new threshold 1 (max threshold 6)
[0.585s][info ][gc,heap      ] GC(157) ParNew: 19156K->1969K(19648K)
[0.585s][info ][gc,heap      ] GC(157) CMS: 29382K->29382K(43712K)
[0.585s][info ][gc,metaspace ] GC(157) Metaspace: 5319K->5319K(1056768K)
[0.585s][info ][gc           ] GC(157) Pause Young (Allocation Failure) 47M->30M(61M) 0.427ms
[0.585s][info ][gc,cpu       ] GC(157) User=0.00s Sys=0.00s Real=0.00s
[0.586s][info ][gc,start     ] GC(158) Pause Young (Allocation Failure)
[0.586s][info ][gc,task      ] GC(158) Using 8 workers of 8 for evacuation
[0.587s][debug][gc,age       ] GC(158) Desired survivor size 1114112 bytes, new threshold 1 (max threshold 6)
[0.587s][info ][gc,heap      ] GC(158) ParNew: 19068K->1967K(19648K)
[0.587s][info ][gc,heap      ] GC(158) CMS: 29382K->29774K(43712K)
[0.587s][info ][gc,metaspace ] GC(158) Metaspace: 5319K->5319K(1056768K)
[0.587s][info ][gc           ] GC(158) Pause Young (Allocation Failure) 47M->30M(61M) 0.434ms
[0.587s][info ][gc,cpu       ] GC(158) User=0.00s Sys=0.00s Real=0.00s
[0.588s][info ][gc,start     ] GC(159) Pause Young (Allocation Failure)
[0.588s][info ][gc,task      ] GC(159) Using 8 workers of 8 for evacuation
[0.589s][debug][gc,age       ] GC(159) Desired survivor size 1114112 bytes, new threshold 1 (max threshold 6)
[0.589s][info ][gc,heap      ] GC(159) ParNew: 19113K->1967K(19648K)
[0.589s][info ][gc,heap      ] GC(159) CMS: 29774K->29774K(43712K)
[0.589s][info ][gc,metaspace ] GC(159) Metaspace: 5319K->5319K(1056768K)
[0.589s][info ][gc           ] GC(159) Pause Young (Allocation Failure) 47M->30M(61M) 1.156ms
[0.589s][info ][gc,cpu       ] GC(159) User=0.01s Sys=0.00s Real=0.00s
[0.591s][info ][gc,start     ] GC(160) Pause Young (Allocation Failure)
[0.591s][info ][gc,task      ] GC(160) Using 8 workers of 8 for evacuation
[0.592s][debug][gc,age       ] GC(160) Desired survivor size 1114112 bytes, new threshold 1 (max threshold 6)
[0.592s][info ][gc,heap      ] GC(160) ParNew: 19151K->1965K(19648K)
[0.592s][info ][gc,heap      ] GC(160) CMS: 29774K->30555K(43712K)
[0.592s][info ][gc,metaspace ] GC(160) Metaspace: 5319K->5319K(1056768K)
[0.592s][info ][gc           ] GC(160) Pause Young (Allocation Failure) 47M->31M(61M) 1.125ms
[0.592s][info ][gc,cpu       ] GC(160) User=0.00s Sys=0.00s Real=0.00s
[0.594s][info ][gc,start     ] GC(161) Pause Young (Allocation Failure)
[0.594s][info ][gc,task      ] GC(161) Using 8 workers of 8 for evacuation
[0.594s][debug][gc,age       ] GC(161) Desired survivor size 1114112 bytes, new threshold 1 (max threshold 6)
[0.594s][info ][gc,heap      ] GC(161) ParNew: 19049K->1186K(19648K)
[0.594s][info ][gc,heap      ] GC(161) CMS: 30555K->31337K(43712K)
[0.594s][info ][gc,metaspace ] GC(161) Metaspace: 5319K->5319K(1056768K)
[0.594s][info ][gc           ] GC(161) Pause Young (Allocation Failure) 48M->31M(61M) 0.450ms
[0.594s][info ][gc,cpu       ] GC(161) User=0.00s Sys=0.00s Real=0.00s
[0.595s][info ][gc,start     ] GC(162) Pause Young (Allocation Failure)
[0.595s][info ][gc,task      ] GC(162) Using 8 workers of 8 for evacuation
[0.596s][debug][gc,age       ] GC(162) Desired survivor size 1114112 bytes, new threshold 1 (max threshold 6)
[0.596s][info ][gc,heap      ] GC(162) ParNew: 18358K->1969K(19648K)
[0.596s][info ][gc,heap      ] GC(162) CMS: 31337K->32118K(43712K)
[0.596s][info ][gc,metaspace ] GC(162) Metaspace: 5319K->5319K(1056768K)
[0.596s][info ][gc           ] GC(162) Pause Young (Allocation Failure) 48M->33M(61M) 0.466ms
[0.596s][info ][gc,cpu       ] GC(162) User=0.00s Sys=0.00s Real=0.00s
[0.598s][info ][gc,start     ] GC(163) Pause Young (Allocation Failure)
[0.598s][info ][gc,task      ] GC(163) Using 8 workers of 8 for evacuation
[0.599s][debug][gc,age       ] GC(163) Desired survivor size 1114112 bytes, new threshold 1 (max threshold 6)
[0.599s][info ][gc,heap      ] GC(163) ParNew: 19075K->1965K(19648K)
[0.599s][info ][gc,heap      ] GC(163) CMS: 32118K->32510K(43712K)
[0.599s][info ][gc,metaspace ] GC(163) Metaspace: 5319K->5319K(1056768K)
[0.599s][info ][gc           ] GC(163) Pause Young (Allocation Failure) 49M->33M(61M) 1.160ms
[0.599s][info ][gc,cpu       ] GC(163) User=0.01s Sys=0.00s Real=0.00s
[0.600s][info ][gc,start     ] GC(164) Pause Young (Allocation Failure)
[0.600s][info ][gc,task      ] GC(164) Using 8 workers of 8 for evacuation
[0.601s][debug][gc,age       ] GC(164) Desired survivor size 1114112 bytes, new threshold 1 (max threshold 6)
[0.601s][info ][gc,heap      ] GC(164) ParNew: 19152K->1967K(19648K)
[0.601s][info ][gc,heap      ] GC(164) CMS: 32510K->32900K(43712K)
[0.601s][info ][gc,metaspace ] GC(164) Metaspace: 5319K->5319K(1056768K)
[0.601s][info ][gc           ] GC(164) Pause Young (Allocation Failure) 50M->34M(61M) 1.110ms
[0.601s][info ][gc,cpu       ] GC(164) User=0.01s Sys=0.00s Real=0.00s
[0.603s][info ][gc,start     ] GC(165) Pause Young (Allocation Failure)
[0.603s][info ][gc,task      ] GC(165) Using 8 workers of 8 for evacuation
[0.603s][debug][gc,age       ] GC(165) Desired survivor size 1114112 bytes, new threshold 1 (max threshold 6)
[0.603s][info ][gc,heap      ] GC(165) ParNew: 19137K->1967K(19648K)
[0.603s][info ][gc,heap      ] GC(165) CMS: 32900K->34463K(43712K)
[0.603s][info ][gc,metaspace ] GC(165) Metaspace: 5319K->5319K(1056768K)
[0.603s][info ][gc           ] GC(165) Pause Young (Allocation Failure) 50M->35M(61M) 0.643ms
[0.604s][info ][gc,cpu       ] GC(165) User=0.00s Sys=0.00s Real=0.00s
[0.605s][info ][gc,start     ] GC(166) Pause Young (Allocation Failure)
[0.605s][info ][gc,task      ] GC(166) Using 8 workers of 8 for evacuation
[0.606s][debug][gc,age       ] GC(166) Desired survivor size 1114112 bytes, new threshold 1 (max threshold 6)
[0.606s][info ][gc,heap      ] GC(166) ParNew: 19127K->1967K(19648K)
[0.606s][info ][gc,heap      ] GC(166) CMS: 34463K->34854K(43712K)
[0.606s][info ][gc,metaspace ] GC(166) Metaspace: 5319K->5319K(1056768K)
[0.606s][info ][gc           ] GC(166) Pause Young (Allocation Failure) 52M->35M(61M) 1.164ms
[0.606s][info ][gc,cpu       ] GC(166) User=0.01s Sys=0.00s Real=0.00s
[0.607s][info ][gc,start     ] GC(167) Pause Young (Allocation Failure)
[0.607s][info ][gc,task      ] GC(167) Using 8 workers of 8 for evacuation
[0.608s][debug][gc,age       ] GC(167) Desired survivor size 1114112 bytes, new threshold 1 (max threshold 6)
[0.609s][info ][gc,heap      ] GC(167) ParNew: 19063K->1965K(19648K)
[0.609s][info ][gc,heap      ] GC(167) CMS: 34854K->35245K(43712K)
[0.609s][info ][gc,metaspace ] GC(167) Metaspace: 5319K->5319K(1056768K)
[0.609s][info ][gc           ] GC(167) Pause Young (Allocation Failure) 52M->36M(61M) 1.226ms
[0.609s][info ][gc,cpu       ] GC(167) User=0.01s Sys=0.00s Real=0.00s
[0.610s][info ][gc,start     ] GC(168) Pause Young (Allocation Failure)
[0.610s][info ][gc,task      ] GC(168) Using 8 workers of 8 for evacuation
[0.611s][debug][gc,age       ] GC(168) Desired survivor size 1114112 bytes, new threshold 6 (max threshold 6)
[0.611s][info ][gc,heap      ] GC(168) ParNew: 19437K->402K(19648K)
[0.611s][info ][gc,heap      ] GC(168) CMS: 35245K->35635K(43712K)
[0.611s][info ][gc,metaspace ] GC(168) Metaspace: 5319K->5319K(1056768K)
[0.611s][info ][gc           ] GC(168) Pause Young (Allocation Failure) 53M->35M(61M) 1.004ms
[0.611s][info ][gc,cpu       ] GC(168) User=0.01s Sys=0.00s Real=0.00s
[0.612s][info ][gc,start     ] GC(169) Pause Young (Allocation Failure)
[0.612s][info ][gc,task      ] GC(169) Using 8 workers of 8 for evacuation
[0.614s][debug][gc,age       ] GC(169) Desired survivor size 1114112 bytes, new threshold 1 (max threshold 6)
[0.614s][info ][gc,heap      ] GC(169) ParNew: 17863K->1967K(19648K)
[0.614s][info ][gc,heap      ] GC(169) CMS: 35635K->36417K(43712K)
[0.614s][info ][gc,metaspace ] GC(169) Metaspace: 5319K->5319K(1056768K)
[0.614s][info ][gc           ] GC(169) Pause Young (Allocation Failure) 52M->37M(61M) 1.180ms
[0.614s][info ][gc,cpu       ] GC(169) User=0.00s Sys=0.00s Real=0.00s
[0.615s][info ][gc,start     ] GC(170) Pause Young (Allocation Failure)
[0.615s][info ][gc,task      ] GC(170) Using 8 workers of 8 for evacuation
[0.616s][debug][gc,age       ] GC(170) Desired survivor size 1114112 bytes, new threshold 1 (max threshold 6)
[0.616s][info ][gc,heap      ] GC(170) ParNew: 19111K->1963K(19648K)
[0.616s][info ][gc,heap      ] GC(170) CMS: 36417K->37198K(43712K)
[0.616s][info ][gc,metaspace ] GC(170) Metaspace: 5319K->5319K(1056768K)
[0.616s][info ][gc           ] GC(170) Pause Young (Allocation Failure) 54M->38M(61M) 1.426ms
[0.616s][info ][gc,cpu       ] GC(170) User=0.01s Sys=0.00s Real=0.00s
[0.618s][info ][gc,start     ] GC(171) Pause Young (Allocation Failure)
[0.618s][info ][gc,task      ] GC(171) Using 8 workers of 8 for evacuation
[0.620s][debug][gc,age       ] GC(171) Desired survivor size 1114112 bytes, new threshold 1 (max threshold 6)
[0.620s][info ][gc,heap      ] GC(171) ParNew: 19049K->1957K(19648K)
[0.620s][info ][gc,heap      ] GC(171) CMS: 37198K->37980K(43712K)
[0.620s][info ][gc,metaspace ] GC(171) Metaspace: 5319K->5319K(1056768K)
[0.620s][info ][gc           ] GC(171) Pause Young (Allocation Failure) 54M->39M(61M) 2.116ms
[0.620s][info ][gc,cpu       ] GC(171) User=0.00s Sys=0.00s Real=0.00s
[0.621s][info ][gc,start     ] GC(172) Pause Young (Allocation Failure)
[0.621s][info ][gc,task      ] GC(172) Using 8 workers of 8 for evacuation
[0.623s][debug][gc,age       ] GC(172) Desired survivor size 1114112 bytes, new threshold 1 (max threshold 6)
[0.623s][info ][gc,heap      ] GC(172) ParNew: 19126K->1957K(19648K)
[0.623s][info ][gc,heap      ] GC(172) CMS: 37980K->38371K(43712K)
[0.623s][info ][gc,metaspace ] GC(172) Metaspace: 5319K->5319K(1056768K)
[0.623s][info ][gc           ] GC(172) Pause Young (Allocation Failure) 55M->39M(61M) 1.634ms
[0.623s][info ][gc,cpu       ] GC(172) User=0.01s Sys=0.00s Real=0.00s
[0.624s][info ][gc,start     ] GC(173) Pause Young (Allocation Failure)
[0.624s][info ][gc,task      ] GC(173) Using 8 workers of 8 for evacuation
[0.625s][debug][gc,age       ] GC(173) Desired survivor size 1114112 bytes, new threshold 1 (max threshold 6)
[0.625s][info ][gc,heap      ] GC(173) ParNew: 19429K->1182K(19648K)
[0.625s][info ][gc,heap      ] GC(173) CMS: 38371K->39153K(43712K)
[0.625s][info ][gc,metaspace ] GC(173) Metaspace: 5319K->5319K(1056768K)
[0.625s][info ][gc           ] GC(173) Pause Young (Allocation Failure) 56M->39M(61M) 1.163ms
[0.625s][info ][gc,cpu       ] GC(173) User=0.01s Sys=0.00s Real=0.00s
[0.626s][info ][gc,start     ] GC(174) Pause Initial Mark
[0.626s][info ][gc           ] GC(174) Pause Initial Mark 41M->41M(61M) 0.110ms
[0.626s][info ][gc,cpu       ] GC(174) User=0.00s Sys=0.00s Real=0.00s
[0.626s][info ][gc           ] GC(174) Concurrent Mark
[0.626s][info ][gc,task      ] GC(174) Using 2 workers of 2 for marking
[0.627s][info ][gc,start     ] GC(175) Pause Young (Allocation Failure)
[0.627s][info ][gc,task      ] GC(175) Using 8 workers of 8 for evacuation
[0.628s][debug][gc,age       ] GC(175) Desired survivor size 1114112 bytes, new threshold 6 (max threshold 6)
[0.628s][info ][gc,heap      ] GC(175) ParNew: 18330K->396K(19648K)
[0.628s][info ][gc,heap      ] GC(175) CMS: 39153K->39153K(43712K)
[0.628s][info ][gc,metaspace ] GC(175) Metaspace: 5319K->5319K(1056768K)
[0.628s][info ][gc           ] GC(175) Pause Young (Allocation Failure) 56M->38M(61M) 1.030ms
[0.628s][info ][gc,cpu       ] GC(175) User=0.00s Sys=0.00s Real=0.00s
[0.629s][info ][gc           ] GC(174) Concurrent Mark 3.300ms
[0.629s][info ][gc,cpu       ] GC(174) User=0.02s Sys=0.00s Real=0.00s
[0.629s][info ][gc           ] GC(174) Concurrent Preclean
[0.629s][info ][gc           ] GC(174) Concurrent Preclean 0.179ms
[0.629s][info ][gc,cpu       ] GC(174) User=0.00s Sys=0.00s Real=0.00s
[0.629s][info ][gc           ] GC(174) Concurrent Abortable Preclean
[0.630s][info ][gc,start     ] GC(176) Pause Young (Allocation Failure)
[0.630s][info ][gc,task      ] GC(176) Using 8 workers of 8 for evacuation
[0.632s][debug][gc,age       ] GC(176) Desired survivor size 1114112 bytes, new threshold 1 (max threshold 6)
[0.632s][info ][gc,heap      ] GC(176) ParNew: 17508K->1957K(19648K)
[0.632s][info ][gc,heap      ] GC(176) CMS: 39153K->39153K(43712K)
[0.632s][info ][gc,metaspace ] GC(176) Metaspace: 5319K->5319K(1056768K)
[0.632s][info ][gc           ] GC(176) Pause Young (Allocation Failure) 55M->40M(61M) 1.467ms
[0.632s][info ][gc,cpu       ] GC(176) User=0.01s Sys=0.00s Real=0.00s
[0.633s][info ][gc,start     ] GC(177) Pause Young (Allocation Failure)
[0.633s][info ][gc,task      ] GC(177) Using 8 workers of 8 for evacuation
[0.635s][debug][gc,age       ] GC(177) Desired survivor size 1114112 bytes, new threshold 1 (max threshold 6)
[0.635s][info ][gc,heap      ] GC(177) ParNew: 19108K->1959K(19648K)
[0.635s][info ][gc,heap      ] GC(177) CMS: 39153K->39545K(43712K)
[0.635s][info ][gc,metaspace ] GC(177) Metaspace: 5319K->5319K(1056768K)
[0.635s][info ][gc           ] GC(177) Pause Young (Allocation Failure) 56M->40M(61M) 1.366ms
[0.635s][info ][gc,cpu       ] GC(177) User=0.00s Sys=0.00s Real=0.01s
[0.636s][info ][gc,start     ] GC(178) Pause Young (Allocation Failure)
[0.636s][info ][gc,task      ] GC(178) Using 8 workers of 8 for evacuation
[0.637s][debug][gc,age       ] GC(178) Desired survivor size 1114112 bytes, new threshold 1 (max threshold 6)
[0.637s][info ][gc,heap      ] GC(178) ParNew: 19124K->1961K(19648K)
[0.637s][info ][gc,heap      ] GC(178) CMS: 39545K->40326K(43712K)
[0.637s][info ][gc,metaspace ] GC(178) Metaspace: 5319K->5319K(1056768K)
[0.637s][info ][gc           ] GC(178) Pause Young (Allocation Failure) 57M->41M(61M) 1.383ms
[0.637s][info ][gc,cpu       ] GC(178) User=0.01s Sys=0.00s Real=0.00s
[0.639s][info ][gc,start     ] GC(179) Pause Young (Allocation Failure)
[0.639s][info ][gc,task      ] GC(179) Using 8 workers of 8 for evacuation
[0.641s][debug][gc,age       ] GC(179) Desired survivor size 1114112 bytes, new threshold 1 (max threshold 6)
[0.641s][info ][gc,heap      ] GC(179) ParNew: 19123K->1961K(19648K)
[0.641s][info ][gc,heap      ] GC(179) CMS: 40326K->41108K(43712K)
[0.641s][info ][gc,metaspace ] GC(179) Metaspace: 5319K->5319K(1056768K)
[0.641s][info ][gc           ] GC(179) Pause Young (Allocation Failure) 58M->42M(61M) 2.076ms
[0.641s][info ][gc,cpu       ] GC(179) User=0.01s Sys=0.00s Real=0.00s
[0.642s][info ][gc,start     ] GC(180) Pause Young (Allocation Failure)
[0.642s][info ][gc,task      ] GC(180) Using 8 workers of 8 for evacuation
[0.644s][debug][gc,age       ] GC(180) Desired survivor size 1114112 bytes, new threshold 1 (max threshold 6)
[0.644s][info ][gc,heap      ] GC(180) ParNew: 19049K->1957K(19648K)
[0.644s][info ][gc,heap      ] GC(180) CMS: 41108K->41890K(43712K)
[0.644s][info ][gc,metaspace ] GC(180) Metaspace: 5319K->5319K(1056768K)
[0.644s][info ][gc           ] GC(180) Pause Young (Allocation Failure) 58M->42M(61M) 2.045ms
[0.644s][info ][gc,cpu       ] GC(180) User=0.01s Sys=0.00s Real=0.01s
[0.646s][info ][gc,start     ] GC(181) Pause Young (Allocation Failure)
[0.646s][info ][gc,task      ] GC(181) Using 8 workers of 8 for evacuation
[0.647s][debug][gc,age       ] GC(181) Desired survivor size 1114112 bytes, new threshold 1 (max threshold 6)
[0.647s][info ][gc,heap      ] GC(181) ParNew: 19136K->1576K(19648K)
[0.647s][info ][gc,heap      ] GC(181) CMS: 41890K->42281K(43712K)
[0.647s][info ][gc,metaspace ] GC(181) Metaspace: 5319K->5319K(1056768K)
[0.647s][info ][gc           ] GC(181) Pause Young (Allocation Failure) 59M->42M(61M) 1.386ms
[0.647s][info ][gc,cpu       ] GC(181) User=0.00s Sys=0.00s Real=0.00s
[0.649s][info ][gc,start     ] GC(182) Pause Young (Allocation Failure)
[0.649s][info ][gc,task      ] GC(182) Using 8 workers of 8 for evacuation
[0.649s][debug][gc,age       ] GC(182) Desired survivor size 1114112 bytes, new threshold 1 (max threshold 6)
[0.649s][info ][gc,heap      ] GC(182) ParNew: 19048K->1186K(19648K)
[0.649s][info ][gc,heap      ] GC(182) CMS: 42281K->43063K(43712K)
[0.649s][info ][gc,metaspace ] GC(182) Metaspace: 5319K->5319K(1056768K)
[0.649s][info ][gc           ] GC(182) Pause Young (Allocation Failure) 59M->43M(61M) 0.463ms
[0.649s][info ][gc,cpu       ] GC(182) User=0.00s Sys=0.00s Real=0.00s
[0.649s][info ][gc           ] GC(174) Concurrent Abortable Preclean 19.634ms
[0.649s][info ][gc,cpu       ] GC(174) User=0.09s Sys=0.00s Real=0.02s
[0.649s][info ][gc,start     ] GC(174) Pause Remark
[0.650s][debug][gc,phases    ] GC(174) Rescan (parallel) 0.786ms
[0.650s][debug][gc,phases    ] GC(174) Reference Processing 0.012ms
[0.650s][debug][gc,phases    ] GC(174) Weak Processing 0.003ms
[0.650s][debug][gc,phases    ] GC(174) ClassLoaderData 0.008ms
[0.650s][debug][gc,phases    ] GC(174) ProtectionDomainCacheTable 0.002ms
[0.650s][debug][gc,phases    ] GC(174) ResolvedMethodTable 0.005ms
[0.650s][debug][gc,phases    ] GC(174) Class Unloading 0.163ms
[0.651s][debug][gc,phases    ] GC(174) Scrub Symbol Table 0.412ms
[0.651s][debug][gc,phases    ] GC(174) Scrub String Table 0.019ms
[0.651s][info ][gc           ] GC(174) Pause Remark 45M->45M(61M) 1.506ms
[0.651s][info ][gc,cpu       ] GC(174) User=0.00s Sys=0.00s Real=0.00s
[0.651s][info ][gc           ] GC(174) Concurrent Sweep
[0.652s][info ][gc           ] GC(174) Concurrent Sweep 0.879ms
[0.652s][info ][gc,cpu       ] GC(174) User=0.01s Sys=0.00s Real=0.00s
[0.652s][info ][gc           ] GC(174) Concurrent Reset
[0.652s][info ][gc           ] GC(174) Concurrent Reset 0.108ms
[0.652s][info ][gc,cpu       ] GC(174) User=0.00s Sys=0.00s Real=0.00s
[0.652s][info ][gc,heap      ] GC(174) Old: 39153K->5540K(43712K)
[0.652s][info ][gc,start     ] GC(183) Pause Young (Allocation Failure)
[0.652s][info ][gc,task      ] GC(183) Using 8 workers of 8 for evacuation
[0.654s][debug][gc,age       ] GC(183) Desired survivor size 1114112 bytes, new threshold 1 (max threshold 6)
[0.654s][info ][gc,heap      ] GC(183) ParNew: 18408K->1568K(19648K)
[0.654s][info ][gc,heap      ] GC(183) CMS: 5540K->5540K(43712K)
[0.654s][info ][gc,metaspace ] GC(183) Metaspace: 5319K->5319K(1056768K)
[0.654s][info ][gc           ] GC(183) Pause Young (Allocation Failure) 23M->6M(61M) 1.280ms
[0.654s][info ][gc,cpu       ] GC(183) User=0.01s Sys=0.00s Real=0.00s
[0.655s][info ][gc,start     ] GC(184) Pause Young (Allocation Failure)
[0.655s][info ][gc,task      ] GC(184) Using 8 workers of 8 for evacuation
[0.656s][debug][gc,age       ] GC(184) Desired survivor size 1114112 bytes, new threshold 1 (max threshold 6)
[0.656s][info ][gc,heap      ] GC(184) ParNew: 18660K->1181K(19648K)
[0.656s][info ][gc,heap      ] GC(184) CMS: 5540K->5541K(43712K)
[0.656s][info ][gc,metaspace ] GC(184) Metaspace: 5319K->5319K(1056768K)
[0.656s][info ][gc           ] GC(184) Pause Young (Allocation Failure) 23M->6M(61M) 1.261ms
[0.656s][info ][gc,cpu       ] GC(184) User=0.00s Sys=0.00s Real=0.00s
[0.658s][info ][gc,start     ] GC(185) Pause Young (Allocation Failure)
[0.658s][info ][gc,task      ] GC(185) Using 8 workers of 8 for evacuation
[0.660s][debug][gc,age       ] GC(185) Desired survivor size 1114112 bytes, new threshold 1 (max threshold 6)
[0.660s][info ][gc,heap      ] GC(185) ParNew: 18561K->1959K(19648K)
[0.660s][info ][gc,heap      ] GC(185) CMS: 5541K->6713K(43712K)
[0.660s][info ][gc,metaspace ] GC(185) Metaspace: 5319K->5319K(1056768K)
[0.660s][info ][gc           ] GC(185) Pause Young (Allocation Failure) 23M->8M(61M) 2.206ms
[0.660s][info ][gc,cpu       ] GC(185) User=0.00s Sys=0.00s Real=0.00s
[0.662s][info ][gc,start     ] GC(186) Pause Young (Allocation Failure)
[0.662s][info ][gc,task      ] GC(186) Using 8 workers of 8 for evacuation
[0.662s][debug][gc,age       ] GC(186) Desired survivor size 1114112 bytes, new threshold 1 (max threshold 6)
[0.662s][info ][gc,heap      ] GC(186) ParNew: 19101K->1965K(19648K)
[0.662s][info ][gc,heap      ] GC(186) CMS: 6713K->7495K(43712K)
[0.662s][info ][gc,metaspace ] GC(186) Metaspace: 5319K->5319K(1056768K)
[0.662s][info ][gc           ] GC(186) Pause Young (Allocation Failure) 25M->9M(61M) 0.624ms
[0.662s][info ][gc,cpu       ] GC(186) User=0.00s Sys=0.00s Real=0.00s
[0.664s][info ][gc,start     ] GC(187) Pause Young (Allocation Failure)
[0.664s][info ][gc,task      ] GC(187) Using 8 workers of 8 for evacuation
[0.665s][debug][gc,age       ] GC(187) Desired survivor size 1114112 bytes, new threshold 1 (max threshold 6)
[0.665s][info ][gc,heap      ] GC(187) ParNew: 19166K->1963K(19648K)
[0.665s][info ][gc,heap      ] GC(187) CMS: 7495K->7495K(43712K)
[0.665s][info ][gc,metaspace ] GC(187) Metaspace: 5319K->5319K(1056768K)
[0.665s][info ][gc           ] GC(187) Pause Young (Allocation Failure) 26M->9M(61M) 1.341ms
[0.665s][info ][gc,cpu       ] GC(187) User=0.01s Sys=0.00s Real=0.01s
[0.666s][info ][gc,start     ] GC(188) Pause Young (Allocation Failure)
[0.666s][info ][gc,task      ] GC(188) Using 8 workers of 8 for evacuation
[0.668s][debug][gc,age       ] GC(188) Desired survivor size 1114112 bytes, new threshold 6 (max threshold 6)
[0.668s][info ][gc,heap      ] GC(188) ParNew: 19088K->785K(19648K)
[0.668s][info ][gc,heap      ] GC(188) CMS: 7495K->8277K(43712K)
[0.668s][info ][gc,metaspace ] GC(188) Metaspace: 5319K->5319K(1056768K)
[0.668s][info ][gc           ] GC(188) Pause Young (Allocation Failure) 25M->8M(61M) 2.002ms
[0.668s][info ][gc,cpu       ] GC(188) User=0.01s Sys=0.00s Real=0.00s
[0.670s][info ][gc,start     ] GC(189) Pause Young (Allocation Failure)
[0.670s][info ][gc,task      ] GC(189) Using 8 workers of 8 for evacuation
[0.671s][debug][gc,age       ] GC(189) Desired survivor size 1114112 bytes, new threshold 1 (max threshold 6)
[0.672s][info ][gc,heap      ] GC(189) ParNew: 17963K->1957K(19648K)
[0.672s][info ][gc,heap      ] GC(189) CMS: 8277K->8277K(43712K)
[0.672s][info ][gc,metaspace ] GC(189) Metaspace: 5319K->5319K(1056768K)
[0.672s][info ][gc           ] GC(189) Pause Young (Allocation Failure) 25M->9M(61M) 1.799ms
[0.672s][info ][gc,cpu       ] GC(189) User=0.00s Sys=0.00s Real=0.00s
[0.673s][info ][gc,start     ] GC(190) Pause Young (Allocation Failure)
[0.673s][info ][gc,task      ] GC(190) Using 8 workers of 8 for evacuation
[0.674s][debug][gc,age       ] GC(190) Desired survivor size 1114112 bytes, new threshold 1 (max threshold 6)
[0.674s][info ][gc,heap      ] GC(190) ParNew: 19142K->1963K(19648K)
[0.674s][info ][gc,heap      ] GC(190) CMS: 8277K->8668K(43712K)
[0.674s][info ][gc,metaspace ] GC(190) Metaspace: 5319K->5319K(1056768K)
[0.674s][info ][gc           ] GC(190) Pause Young (Allocation Failure) 26M->10M(61M) 1.226ms
[0.674s][info ][gc,cpu       ] GC(190) User=0.01s Sys=0.00s Real=0.01s
[0.676s][info ][gc,start     ] GC(191) Pause Young (Allocation Failure)
[0.676s][info ][gc,task      ] GC(191) Using 8 workers of 8 for evacuation
[0.677s][debug][gc,age       ] GC(191) Desired survivor size 1114112 bytes, new threshold 1 (max threshold 6)
[0.677s][info ][gc,heap      ] GC(191) ParNew: 19127K->1957K(19648K)
[0.677s][info ][gc,heap      ] GC(191) CMS: 8668K->8669K(43712K)
[0.677s][info ][gc,metaspace ] GC(191) Metaspace: 5319K->5319K(1056768K)
[0.677s][info ][gc           ] GC(191) Pause Young (Allocation Failure) 27M->10M(61M) 1.369ms
[0.677s][info ][gc,cpu       ] GC(191) User=0.01s Sys=0.00s Real=0.00s
[0.679s][info ][gc,start     ] GC(192) Pause Young (Allocation Failure)
[0.679s][info ][gc,task      ] GC(192) Using 8 workers of 8 for evacuation
[0.679s][debug][gc,age       ] GC(192) Desired survivor size 1114112 bytes, new threshold 1 (max threshold 6)
[0.679s][info ][gc,heap      ] GC(192) ParNew: 19409K->1572K(19648K)
[0.679s][info ][gc,heap      ] GC(192) CMS: 8669K->9451K(43712K)
[0.680s][info ][gc,metaspace ] GC(192) Metaspace: 5319K->5319K(1056768K)
[0.680s][info ][gc           ] GC(192) Pause Young (Allocation Failure) 27M->10M(61M) 0.666ms
[0.680s][info ][gc,cpu       ] GC(192) User=0.00s Sys=0.00s Real=0.00s
[0.681s][info ][gc,start     ] GC(193) Pause Young (Allocation Failure)
[0.681s][info ][gc,task      ] GC(193) Using 8 workers of 8 for evacuation
[0.682s][debug][gc,age       ] GC(193) Desired survivor size 1114112 bytes, new threshold 1 (max threshold 6)
[0.682s][info ][gc,heap      ] GC(193) ParNew: 18756K->1570K(19648K)
[0.682s][info ][gc,heap      ] GC(193) CMS: 9451K->9842K(43712K)
[0.682s][info ][gc,metaspace ] GC(193) Metaspace: 5319K->5319K(1056768K)
[0.682s][info ][gc           ] GC(193) Pause Young (Allocation Failure) 27M->11M(61M) 1.325ms
[0.682s][info ][gc,cpu       ] GC(193) User=0.01s Sys=0.00s Real=0.00s
[0.684s][info ][gc,start     ] GC(194) Pause Young (Allocation Failure)
[0.684s][info ][gc,task      ] GC(194) Using 8 workers of 8 for evacuation
[0.685s][debug][gc,age       ] GC(194) Desired survivor size 1114112 bytes, new threshold 1 (max threshold 6)
[0.685s][info ][gc,heap      ] GC(194) ParNew: 19042K->1570K(19648K)
[0.685s][info ][gc,heap      ] GC(194) CMS: 9842K->10624K(43712K)
[0.685s][info ][gc,metaspace ] GC(194) Metaspace: 5319K->5319K(1056768K)
[0.685s][info ][gc           ] GC(194) Pause Young (Allocation Failure) 28M->11M(61M) 1.155ms
[0.685s][info ][gc,cpu       ] GC(194) User=0.01s Sys=0.00s Real=0.01s
[0.686s][info ][gc,start     ] GC(195) Pause Young (Allocation Failure)
[0.686s][info ][gc,task      ] GC(195) Using 8 workers of 8 for evacuation
[0.688s][debug][gc,age       ] GC(195) Desired survivor size 1114112 bytes, new threshold 1 (max threshold 6)
[0.688s][info ][gc,heap      ] GC(195) ParNew: 18709K->1566K(19648K)
[0.688s][info ][gc,heap      ] GC(195) CMS: 10624K->11796K(43712K)
[0.688s][info ][gc,metaspace ] GC(195) Metaspace: 5319K->5319K(1056768K)
[0.688s][info ][gc           ] GC(195) Pause Young (Allocation Failure) 28M->13M(61M) 1.353ms
[0.688s][info ][gc,cpu       ] GC(195) User=0.00s Sys=0.00s Real=0.00s
[0.689s][info ][gc,start     ] GC(196) Pause Young (Allocation Failure)
[0.689s][info ][gc,task      ] GC(196) Using 8 workers of 8 for evacuation
[0.690s][debug][gc,age       ] GC(196) Desired survivor size 1114112 bytes, new threshold 1 (max threshold 6)
[0.690s][info ][gc,heap      ] GC(196) ParNew: 18802K->1959K(19648K)
[0.690s][info ][gc,heap      ] GC(196) CMS: 11796K->11797K(43712K)
[0.690s][info ][gc,metaspace ] GC(196) Metaspace: 5319K->5319K(1056768K)
[0.690s][info ][gc           ] GC(196) Pause Young (Allocation Failure) 29M->13M(61M) 1.155ms
[0.690s][info ][gc,cpu       ] GC(196) User=0.00s Sys=0.00s Real=0.00s
[0.692s][info ][gc,start     ] GC(197) Pause Young (Allocation Failure)
[0.692s][info ][gc,task      ] GC(197) Using 8 workers of 8 for evacuation
[0.692s][debug][gc,age       ] GC(197) Desired survivor size 1114112 bytes, new threshold 1 (max threshold 6)
[0.693s][info ][gc,heap      ] GC(197) ParNew: 19105K->1965K(19648K)
[0.693s][info ][gc,heap      ] GC(197) CMS: 11797K->11797K(43712K)
[0.693s][info ][gc,metaspace ] GC(197) Metaspace: 5319K->5319K(1056768K)
[0.693s][info ][gc           ] GC(197) Pause Young (Allocation Failure) 30M->13M(61M) 0.733ms
[0.693s][info ][gc,cpu       ] GC(197) User=0.00s Sys=0.00s Real=0.00s
[0.694s][info ][gc,start     ] GC(198) Pause Young (Allocation Failure)
[0.694s][info ][gc,task      ] GC(198) Using 8 workers of 8 for evacuation
[0.695s][debug][gc,age       ] GC(198) Desired survivor size 1114112 bytes, new threshold 1 (max threshold 6)
[0.695s][info ][gc,heap      ] GC(198) ParNew: 19165K->1959K(19648K)
[0.695s][info ][gc,heap      ] GC(198) CMS: 11797K->11797K(43712K)
[0.695s][info ][gc,metaspace ] GC(198) Metaspace: 5319K->5319K(1056768K)
[0.695s][info ][gc           ] GC(198) Pause Young (Allocation Failure) 30M->13M(61M) 1.118ms
[0.695s][info ][gc,cpu       ] GC(198) User=0.01s Sys=0.00s Real=0.01s
[0.696s][info ][gc,start     ] GC(199) Pause Young (Allocation Failure)
[0.696s][info ][gc,task      ] GC(199) Using 8 workers of 8 for evacuation
[0.698s][debug][gc,age       ] GC(199) Desired survivor size 1114112 bytes, new threshold 1 (max threshold 6)
[0.698s][info ][gc,heap      ] GC(199) ParNew: 19088K->1175K(19648K)
[0.698s][info ][gc,heap      ] GC(199) CMS: 11797K->11797K(43712K)
[0.698s][info ][gc,metaspace ] GC(199) Metaspace: 5319K->5319K(1056768K)
[0.698s][info ][gc           ] GC(199) Pause Young (Allocation Failure) 30M->12M(61M) 1.188ms
[0.698s][info ][gc,cpu       ] GC(199) User=0.01s Sys=0.00s Real=0.00s
[0.699s][info ][gc,start     ] GC(200) Pause Young (Allocation Failure)
[0.699s][info ][gc,task      ] GC(200) Using 8 workers of 8 for evacuation
[0.700s][debug][gc,age       ] GC(200) Desired survivor size 1114112 bytes, new threshold 1 (max threshold 6)
[0.700s][info ][gc,heap      ] GC(200) ParNew: 18272K->1568K(19648K)
[0.700s][info ][gc,heap      ] GC(200) CMS: 11797K->11798K(43712K)
[0.700s][info ][gc,metaspace ] GC(200) Metaspace: 5319K->5319K(1056768K)
[0.700s][info ][gc           ] GC(200) Pause Young (Allocation Failure) 29M->13M(61M) 0.728ms
[0.700s][info ][gc,cpu       ] GC(200) User=0.00s Sys=0.00s Real=0.00s
[0.701s][info ][gc,start     ] GC(201) Pause Young (Allocation Failure)
[0.701s][info ][gc,task      ] GC(201) Using 8 workers of 8 for evacuation
[0.703s][debug][gc,age       ] GC(201) Desired survivor size 1114112 bytes, new threshold 1 (max threshold 6)
[0.703s][info ][gc,heap      ] GC(201) ParNew: 18705K->1566K(19648K)
[0.703s][info ][gc,heap      ] GC(201) CMS: 11798K->12189K(43712K)
[0.703s][info ][gc,metaspace ] GC(201) Metaspace: 5319K->5319K(1056768K)
[0.703s][info ][gc           ] GC(201) Pause Young (Allocation Failure) 29M->13M(61M) 1.770ms
[0.703s][info ][gc,cpu       ] GC(201) User=0.01s Sys=0.00s Real=0.00s
[0.704s][info ][gc,start     ] GC(202) Pause Young (Allocation Failure)
[0.704s][info ][gc,task      ] GC(202) Using 8 workers of 8 for evacuation
[0.706s][debug][gc,age       ] GC(202) Desired survivor size 1114112 bytes, new threshold 6 (max threshold 6)
[0.706s][info ][gc,heap      ] GC(202) ParNew: 18895K->785K(19648K)
[0.706s][info ][gc,heap      ] GC(202) CMS: 12189K->13362K(43712K)
[0.706s][info ][gc,metaspace ] GC(202) Metaspace: 5319K->5319K(1056768K)
[0.706s][info ][gc           ] GC(202) Pause Young (Allocation Failure) 30M->13M(61M) 1.492ms
[0.706s][info ][gc,cpu       ] GC(202) User=0.00s Sys=0.00s Real=0.00s
[0.707s][info ][gc,start     ] GC(203) Pause Young (Allocation Failure)
[0.707s][info ][gc,task      ] GC(203) Using 8 workers of 8 for evacuation
[0.708s][debug][gc,age       ] GC(203) Desired survivor size 1114112 bytes, new threshold 1 (max threshold 6)
[0.709s][info ][gc,heap      ] GC(203) ParNew: 17990K->1969K(19648K)
[0.709s][info ][gc,heap      ] GC(203) CMS: 13362K->14143K(43712K)
[0.709s][info ][gc,metaspace ] GC(203) Metaspace: 5319K->5319K(1056768K)
[0.709s][info ][gc           ] GC(203) Pause Young (Allocation Failure) 30M->15M(61M) 1.494ms
[0.709s][info ][gc,cpu       ] GC(203) User=0.01s Sys=0.00s Real=0.00s
[0.710s][info ][gc,start     ] GC(204) Pause Young (Allocation Failure)
[0.710s][info ][gc,task      ] GC(204) Using 8 workers of 8 for evacuation
[0.712s][debug][gc,age       ] GC(204) Desired survivor size 1114112 bytes, new threshold 6 (max threshold 6)
[0.712s][info ][gc,heap      ] GC(204) ParNew: 19403K->396K(19648K)
[0.712s][info ][gc,heap      ] GC(204) CMS: 14143K->14926K(43712K)
[0.712s][info ][gc,metaspace ] GC(204) Metaspace: 5319K->5319K(1056768K)
[0.712s][info ][gc           ] GC(204) Pause Young (Allocation Failure) 32M->14M(61M) 1.558ms
[0.712s][info ][gc,cpu       ] GC(204) User=0.01s Sys=0.00s Real=0.00s
[0.714s][info ][gc,start     ] GC(205) Pause Young (Allocation Failure)
[0.714s][info ][gc,task      ] GC(205) Using 8 workers of 8 for evacuation
[0.715s][debug][gc,age       ] GC(205) Desired survivor size 1114112 bytes, new threshold 1 (max threshold 6)
[0.715s][info ][gc,heap      ] GC(205) ParNew: 17525K->1963K(19648K)
[0.715s][info ][gc,heap      ] GC(205) CMS: 14926K->15317K(43712K)
[0.715s][info ][gc,metaspace ] GC(205) Metaspace: 5319K->5319K(1056768K)
[0.715s][info ][gc           ] GC(205) Pause Young (Allocation Failure) 31M->16M(61M) 1.398ms
[0.715s][info ][gc,cpu       ] GC(205) User=0.01s Sys=0.00s Real=0.01s
[0.717s][info ][gc,start     ] GC(206) Pause Young (Allocation Failure)
[0.717s][info ][gc,task      ] GC(206) Using 8 workers of 8 for evacuation
[0.717s][debug][gc,age       ] GC(206) Desired survivor size 1114112 bytes, new threshold 1 (max threshold 6)
[0.717s][info ][gc,heap      ] GC(206) ParNew: 19187K->1965K(19648K)
[0.717s][info ][gc,heap      ] GC(206) CMS: 15317K->16489K(43712K)
[0.717s][info ][gc,metaspace ] GC(206) Metaspace: 5319K->5319K(1056768K)
[0.717s][info ][gc           ] GC(206) Pause Young (Allocation Failure) 33M->18M(61M) 0.803ms
[0.717s][info ][gc,cpu       ] GC(206) User=0.00s Sys=0.00s Real=0.00s
[0.719s][info ][gc,start     ] GC(207) Pause Young (Allocation Failure)
[0.719s][info ][gc,task      ] GC(207) Using 8 workers of 8 for evacuation
[0.720s][debug][gc,age       ] GC(207) Desired survivor size 1114112 bytes, new threshold 1 (max threshold 6)
[0.720s][info ][gc,heap      ] GC(207) ParNew: 19158K->1961K(19648K)
[0.720s][info ][gc,heap      ] GC(207) CMS: 16489K->16490K(43712K)
[0.720s][info ][gc,metaspace ] GC(207) Metaspace: 5319K->5319K(1056768K)
[0.720s][info ][gc           ] GC(207) Pause Young (Allocation Failure) 34M->18M(61M) 1.088ms
[0.720s][info ][gc,cpu       ] GC(207) User=0.00s Sys=0.00s Real=0.00s
[0.721s][info ][gc,start     ] GC(208) Pause Young (Allocation Failure)
[0.721s][info ][gc,task      ] GC(208) Using 8 workers of 8 for evacuation
[0.722s][debug][gc,age       ] GC(208) Desired survivor size 1114112 bytes, new threshold 1 (max threshold 6)
[0.722s][info ][gc,heap      ] GC(208) ParNew: 19078K->1959K(19648K)
[0.722s][info ][gc,heap      ] GC(208) CMS: 16490K->17272K(43712K)
[0.722s][info ][gc,metaspace ] GC(208) Metaspace: 5319K->5319K(1056768K)
[0.722s][info ][gc           ] GC(208) Pause Young (Allocation Failure) 34M->18M(61M) 1.186ms
[0.722s][info ][gc,cpu       ] GC(208) User=0.01s Sys=0.00s Real=0.00s
[0.724s][info ][gc,start     ] GC(209) Pause Young (Allocation Failure)
[0.724s][info ][gc,task      ] GC(209) Using 8 workers of 8 for evacuation
[0.725s][debug][gc,age       ] GC(209) Desired survivor size 1114112 bytes, new threshold 1 (max threshold 6)
[0.725s][info ][gc,heap      ] GC(209) ParNew: 19098K->1959K(19648K)
[0.725s][info ][gc,heap      ] GC(209) CMS: 17272K->18444K(43712K)
[0.725s][info ][gc,metaspace ] GC(209) Metaspace: 5319K->5319K(1056768K)
[0.725s][info ][gc           ] GC(209) Pause Young (Allocation Failure) 35M->19M(61M) 1.208ms
[0.725s][info ][gc,cpu       ] GC(209) User=0.01s Sys=0.00s Real=0.01s
[0.726s][info ][gc,start     ] GC(210) Pause Young (Allocation Failure)
[0.726s][info ][gc,task      ] GC(210) Using 8 workers of 8 for evacuation
[0.728s][debug][gc,age       ] GC(210) Desired survivor size 1114112 bytes, new threshold 1 (max threshold 6)
[0.728s][info ][gc,heap      ] GC(210) ParNew: 19203K->1961K(19648K)
[0.728s][info ][gc,heap      ] GC(210) CMS: 18444K->18444K(43712K)
[0.728s][info ][gc,metaspace ] GC(210) Metaspace: 5319K->5319K(1056768K)
[0.728s][info ][gc           ] GC(210) Pause Young (Allocation Failure) 36M->19M(61M) 1.415ms
[0.728s][info ][gc,cpu       ] GC(210) User=0.01s Sys=0.00s Real=0.00s
[0.729s][info ][gc,start     ] GC(211) Pause Young (Allocation Failure)
[0.729s][info ][gc,task      ] GC(211) Using 8 workers of 8 for evacuation
[0.731s][debug][gc,age       ] GC(211) Desired survivor size 1114112 bytes, new threshold 1 (max threshold 6)
[0.731s][info ][gc,heap      ] GC(211) ParNew: 19077K->1566K(19648K)
[0.731s][info ][gc,heap      ] GC(211) CMS: 18444K->18836K(43712K)
[0.731s][info ][gc,metaspace ] GC(211) Metaspace: 5319K->5319K(1056768K)
[0.731s][info ][gc           ] GC(211) Pause Young (Allocation Failure) 36M->19M(61M) 1.896ms
[0.731s][info ][gc,cpu       ] GC(211) User=0.00s Sys=0.00s Real=0.00s
[0.733s][info ][gc,start     ] GC(212) Pause Young (Allocation Failure)
[0.733s][info ][gc,task      ] GC(212) Using 8 workers of 8 for evacuation
[0.734s][debug][gc,age       ] GC(212) Desired survivor size 1114112 bytes, new threshold 1 (max threshold 6)
[0.734s][info ][gc,heap      ] GC(212) ParNew: 18782K->1963K(19648K)
[0.734s][info ][gc,heap      ] GC(212) CMS: 18836K->19226K(43712K)
[0.734s][info ][gc,metaspace ] GC(212) Metaspace: 5319K->5319K(1056768K)
[0.734s][info ][gc           ] GC(212) Pause Young (Allocation Failure) 36M->20M(61M) 1.338ms
[0.734s][info ][gc,cpu       ] GC(212) User=0.01s Sys=0.00s Real=0.00s
[0.735s][info ][gc,start     ] GC(213) Pause Young (Allocation Failure)
[0.736s][info ][gc,task      ] GC(213) Using 8 workers of 8 for evacuation
[0.737s][debug][gc,age       ] GC(213) Desired survivor size 1114112 bytes, new threshold 1 (max threshold 6)
[0.737s][info ][gc,heap      ] GC(213) ParNew: 19095K->1961K(19648K)
[0.737s][info ][gc,heap      ] GC(213) CMS: 19226K->20008K(43712K)
[0.737s][info ][gc,metaspace ] GC(213) Metaspace: 5319K->5319K(1056768K)
[0.737s][info ][gc           ] GC(213) Pause Young (Allocation Failure) 37M->21M(61M) 1.197ms
[0.737s][info ][gc,cpu       ] GC(213) User=0.01s Sys=0.00s Real=0.00s
[0.738s][info ][gc,start     ] GC(214) Pause Young (Allocation Failure)
[0.738s][info ][gc,task      ] GC(214) Using 8 workers of 8 for evacuation
[0.740s][debug][gc,age       ] GC(214) Desired survivor size 1114112 bytes, new threshold 1 (max threshold 6)
[0.740s][info ][gc,heap      ] GC(214) ParNew: 19072K->1957K(19648K)
[0.740s][info ][gc,heap      ] GC(214) CMS: 20008K->20399K(43712K)
[0.740s][info ][gc,metaspace ] GC(214) Metaspace: 5319K->5319K(1056768K)
[0.740s][info ][gc           ] GC(214) Pause Young (Allocation Failure) 38M->21M(61M) 2.161ms
[0.741s][info ][gc,cpu       ] GC(214) User=0.01s Sys=0.00s Real=0.00s
[0.742s][info ][gc,start     ] GC(215) Pause Young (Allocation Failure)
[0.742s][info ][gc,task      ] GC(215) Using 8 workers of 8 for evacuation
[0.743s][debug][gc,age       ] GC(215) Desired survivor size 1114112 bytes, new threshold 1 (max threshold 6)
[0.743s][info ][gc,heap      ] GC(215) ParNew: 19124K->1961K(19648K)
[0.744s][info ][gc,heap      ] GC(215) CMS: 20399K->21181K(43712K)
[0.744s][info ][gc,metaspace ] GC(215) Metaspace: 5319K->5319K(1056768K)
[0.744s][info ][gc           ] GC(215) Pause Young (Allocation Failure) 38M->22M(61M) 1.683ms
[0.744s][info ][gc,cpu       ] GC(215) User=0.00s Sys=0.00s Real=0.00s
[0.745s][info ][gc,start     ] GC(216) Pause Young (Allocation Failure)
[0.746s][info ][gc,task      ] GC(216) Using 8 workers of 8 for evacuation
[0.747s][debug][gc,age       ] GC(216) Desired survivor size 1114112 bytes, new threshold 1 (max threshold 6)
[0.747s][info ][gc,heap      ] GC(216) ParNew: 19059K->1959K(19648K)
[0.747s][info ][gc,heap      ] GC(216) CMS: 21181K->21963K(43712K)
[0.747s][info ][gc,metaspace ] GC(216) Metaspace: 5319K->5319K(1056768K)
[0.747s][info ][gc           ] GC(216) Pause Young (Allocation Failure) 39M->23M(61M) 1.864ms
[0.747s][info ][gc,cpu       ] GC(216) User=0.01s Sys=0.00s Real=0.00s
[0.749s][info ][gc,start     ] GC(217) Pause Young (Allocation Failure)
[0.749s][info ][gc,task      ] GC(217) Using 8 workers of 8 for evacuation
[0.751s][debug][gc,age       ] GC(217) Desired survivor size 1114112 bytes, new threshold 6 (max threshold 6)
[0.751s][info ][gc,heap      ] GC(217) ParNew: 19359K->785K(19648K)
[0.751s][info ][gc,heap      ] GC(217) CMS: 21963K->22354K(43712K)
[0.751s][info ][gc,metaspace ] GC(217) Metaspace: 5319K->5319K(1056768K)
[0.751s][info ][gc           ] GC(217) Pause Young (Allocation Failure) 40M->22M(61M) 1.516ms
[0.751s][info ][gc,cpu       ] GC(217) User=0.01s Sys=0.00s Real=0.00s
[0.752s][info ][gc,start     ] GC(218) Pause Young (Allocation Failure)
[0.752s][info ][gc,task      ] GC(218) Using 8 workers of 8 for evacuation
[0.753s][debug][gc,age       ] GC(218) Desired survivor size 1114112 bytes, new threshold 1 (max threshold 6)
[0.753s][info ][gc,heap      ] GC(218) ParNew: 18257K->1572K(19648K)
[0.753s][info ][gc,heap      ] GC(218) CMS: 22354K->22354K(43712K)
[0.753s][info ][gc,metaspace ] GC(218) Metaspace: 5319K->5319K(1056768K)
[0.753s][info ][gc           ] GC(218) Pause Young (Allocation Failure) 39M->23M(61M) 1.119ms
[0.753s][info ][gc,cpu       ] GC(218) User=0.01s Sys=0.00s Real=0.00s
[0.755s][info ][gc,start     ] GC(219) Pause Young (Allocation Failure)
[0.755s][info ][gc,task      ] GC(219) Using 8 workers of 8 for evacuation
[0.755s][debug][gc,age       ] GC(219) Desired survivor size 1114112 bytes, new threshold 1 (max threshold 6)
[0.755s][info ][gc,heap      ] GC(219) ParNew: 19005K->1576K(19648K)
[0.755s][info ][gc,heap      ] GC(219) CMS: 22354K->23527K(43712K)
[0.755s][info ][gc,metaspace ] GC(219) Metaspace: 5319K->5319K(1056768K)
[0.755s][info ][gc           ] GC(219) Pause Young (Allocation Failure) 40M->24M(61M) 0.679ms
[0.755s][info ][gc,cpu       ] GC(219) User=0.01s Sys=0.00s Real=0.00s
[0.758s][info ][gc,start     ] GC(220) Pause Young (Allocation Failure)
[0.758s][info ][gc,task      ] GC(220) Using 8 workers of 8 for evacuation
[0.759s][debug][gc,age       ] GC(220) Desired survivor size 1114112 bytes, new threshold 6 (max threshold 6)
[0.759s][info ][gc,heap      ] GC(220) ParNew: 18874K->396K(19648K)
[0.759s][info ][gc,heap      ] GC(220) CMS: 23527K->24309K(43712K)
[0.759s][info ][gc,metaspace ] GC(220) Metaspace: 5319K->5319K(1056768K)
[0.760s][info ][gc           ] GC(220) Pause Young (Allocation Failure) 41M->24M(61M) 1.275ms
[0.760s][info ][gc,cpu       ] GC(220) User=0.00s Sys=0.00s Real=0.00s
[0.761s][info ][gc,start     ] GC(221) Pause Young (Allocation Failure)
[0.761s][info ][gc,task      ] GC(221) Using 8 workers of 8 for evacuation
[0.762s][debug][gc,age       ] GC(221) Desired survivor size 1114112 bytes, new threshold 1 (max threshold 6)
[0.762s][info ][gc,heap      ] GC(221) ParNew: 17787K->1576K(19648K)
[0.762s][info ][gc,heap      ] GC(221) CMS: 24309K->24309K(43712K)
[0.762s][info ][gc,metaspace ] GC(221) Metaspace: 5319K->5319K(1056768K)
[0.762s][info ][gc           ] GC(221) Pause Young (Allocation Failure) 41M->25M(61M) 0.542ms
[0.762s][info ][gc,cpu       ] GC(221) User=0.00s Sys=0.00s Real=0.00s
[0.764s][info ][gc,start     ] GC(222) Pause Young (Allocation Failure)
[0.764s][info ][gc,task      ] GC(222) Using 8 workers of 8 for evacuation
[0.765s][debug][gc,age       ] GC(222) Desired survivor size 1114112 bytes, new threshold 1 (max threshold 6)
[0.765s][info ][gc,heap      ] GC(222) ParNew: 19041K->1177K(19648K)
[0.765s][info ][gc,heap      ] GC(222) CMS: 24309K->25482K(43712K)
[0.765s][info ][gc,metaspace ] GC(222) Metaspace: 5319K->5319K(1056768K)
[0.765s][info ][gc           ] GC(222) Pause Young (Allocation Failure) 42M->26M(61M) 1.395ms
[0.765s][info ][gc,cpu       ] GC(222) User=0.01s Sys=0.00s Real=0.01s
[0.768s][info ][gc,start     ] GC(223) Pause Young (Allocation Failure)
[0.768s][info ][gc,task      ] GC(223) Using 8 workers of 8 for evacuation
[0.769s][debug][gc,age       ] GC(223) Desired survivor size 1114112 bytes, new threshold 1 (max threshold 6)
[0.769s][info ][gc,heap      ] GC(223) ParNew: 18454K->1961K(19648K)
[0.769s][info ][gc,heap      ] GC(223) CMS: 25482K->26654K(43712K)
[0.769s][info ][gc,metaspace ] GC(223) Metaspace: 5319K->5319K(1056768K)
[0.769s][info ][gc           ] GC(223) Pause Young (Allocation Failure) 42M->27M(61M) 1.694ms
[0.769s][info ][gc,cpu       ] GC(223) User=0.01s Sys=0.00s Real=0.00s
[0.771s][info ][gc,start     ] GC(224) Pause Young (Allocation Failure)
[0.771s][info ][gc,task      ] GC(224) Using 8 workers of 8 for evacuation
[0.772s][debug][gc,age       ] GC(224) Desired survivor size 1114112 bytes, new threshold 1 (max threshold 6)
[0.772s][info ][gc,heap      ] GC(224) ParNew: 19202K->1959K(19648K)
[0.772s][info ][gc,heap      ] GC(224) CMS: 26654K->27045K(43712K)
[0.772s][info ][gc,metaspace ] GC(224) Metaspace: 5319K->5319K(1056768K)
[0.772s][info ][gc           ] GC(224) Pause Young (Allocation Failure) 44M->28M(61M) 0.976ms
[0.772s][info ][gc,cpu       ] GC(224) User=0.00s Sys=0.01s Real=0.00s
[0.773s][info ][gc,start     ] GC(225) Pause Young (Allocation Failure)
[0.773s][info ][gc,task      ] GC(225) Using 8 workers of 8 for evacuation
[0.774s][debug][gc,age       ] GC(225) Desired survivor size 1114112 bytes, new threshold 1 (max threshold 6)
[0.774s][info ][gc,heap      ] GC(225) ParNew: 19200K->1181K(19648K)
[0.774s][info ][gc,heap      ] GC(225) CMS: 27045K->27045K(43712K)
[0.774s][info ][gc,metaspace ] GC(225) Metaspace: 5319K->5319K(1056768K)
[0.774s][info ][gc           ] GC(225) Pause Young (Allocation Failure) 45M->27M(61M) 1.157ms
[0.774s][info ][gc,cpu       ] GC(225) User=0.01s Sys=0.00s Real=0.01s
[0.776s][info ][gc,start     ] GC(226) Pause Young (Allocation Failure)
[0.776s][info ][gc,task      ] GC(226) Using 8 workers of 8 for evacuation
[0.777s][debug][gc,age       ] GC(226) Desired survivor size 1114112 bytes, new threshold 1 (max threshold 6)
[0.778s][info ][gc,heap      ] GC(226) ParNew: 18387K->1961K(19648K)
[0.778s][info ][gc,heap      ] GC(226) CMS: 27045K->27827K(43712K)
[0.778s][info ][gc,metaspace ] GC(226) Metaspace: 5319K->5319K(1056768K)
[0.778s][info ][gc           ] GC(226) Pause Young (Allocation Failure) 44M->29M(61M) 1.371ms
[0.778s][info ][gc,cpu       ] GC(226) User=0.01s Sys=0.00s Real=0.00s
[0.779s][info ][gc,start     ] GC(227) Pause Young (Allocation Failure)
[0.779s][info ][gc,task      ] GC(227) Using 8 workers of 8 for evacuation
[0.780s][debug][gc,age       ] GC(227) Desired survivor size 1114112 bytes, new threshold 1 (max threshold 6)
[0.780s][info ][gc,heap      ] GC(227) ParNew: 19116K->1959K(19648K)
[0.780s][info ][gc,heap      ] GC(227) CMS: 27827K->28608K(43712K)
[0.780s][info ][gc,metaspace ] GC(227) Metaspace: 5319K->5319K(1056768K)
[0.780s][info ][gc           ] GC(227) Pause Young (Allocation Failure) 45M->29M(61M) 1.394ms
[0.780s][info ][gc,cpu       ] GC(227) User=0.00s Sys=0.00s Real=0.00s
[0.782s][info ][gc,start     ] GC(228) Pause Young (Allocation Failure)
[0.782s][info ][gc,task      ] GC(228) Using 8 workers of 8 for evacuation
[0.783s][debug][gc,age       ] GC(228) Desired survivor size 1114112 bytes, new threshold 1 (max threshold 6)
[0.783s][info ][gc,heap      ] GC(228) ParNew: 19383K->1963K(19648K)
[0.783s][info ][gc,heap      ] GC(228) CMS: 28608K->29390K(43712K)
[0.783s][info ][gc,metaspace ] GC(228) Metaspace: 5319K->5319K(1056768K)
[0.783s][info ][gc           ] GC(228) Pause Young (Allocation Failure) 46M->30M(61M) 1.538ms
[0.783s][info ][gc,cpu       ] GC(228) User=0.00s Sys=0.00s Real=0.00s
[0.785s][info ][gc,start     ] GC(229) Pause Young (Allocation Failure)
[0.785s][info ][gc,task      ] GC(229) Using 8 workers of 8 for evacuation
[0.787s][debug][gc,age       ] GC(229) Desired survivor size 1114112 bytes, new threshold 1 (max threshold 6)
[0.787s][info ][gc,heap      ] GC(229) ParNew: 19178K->1957K(19648K)
[0.787s][info ][gc,heap      ] GC(229) CMS: 29390K->29390K(43712K)
[0.787s][info ][gc,metaspace ] GC(229) Metaspace: 5319K->5319K(1056768K)
[0.787s][info ][gc           ] GC(229) Pause Young (Allocation Failure) 47M->30M(61M) 2.124ms
[0.787s][info ][gc,cpu       ] GC(229) User=0.01s Sys=0.00s Real=0.00s
[0.788s][info ][gc,start     ] GC(230) Pause Young (Allocation Failure)
[0.788s][info ][gc,task      ] GC(230) Using 8 workers of 8 for evacuation
[0.789s][debug][gc,age       ] GC(230) Desired survivor size 1114112 bytes, new threshold 1 (max threshold 6)
[0.790s][info ][gc,heap      ] GC(230) ParNew: 19145K->1961K(19648K)
[0.790s][info ][gc,heap      ] GC(230) CMS: 29390K->30172K(43712K)
[0.790s][info ][gc,metaspace ] GC(230) Metaspace: 5319K->5319K(1056768K)
[0.790s][info ][gc           ] GC(230) Pause Young (Allocation Failure) 47M->31M(61M) 1.298ms
[0.790s][info ][gc,cpu       ] GC(230) User=0.01s Sys=0.00s Real=0.00s
[0.791s][info ][gc,start     ] GC(231) Pause Young (Allocation Failure)
[0.791s][info ][gc,task      ] GC(231) Using 8 workers of 8 for evacuation
[0.793s][debug][gc,age       ] GC(231) Desired survivor size 1114112 bytes, new threshold 1 (max threshold 6)
[0.793s][info ][gc,heap      ] GC(231) ParNew: 19369K->1177K(19648K)
[0.793s][info ][gc,heap      ] GC(231) CMS: 30172K->31345K(43712K)
[0.793s][info ][gc,metaspace ] GC(231) Metaspace: 5319K->5319K(1056768K)
[0.793s][info ][gc           ] GC(231) Pause Young (Allocation Failure) 48M->31M(61M) 1.881ms
[0.793s][info ][gc,cpu       ] GC(231) User=0.01s Sys=0.00s Real=0.00s
[0.795s][info ][gc,start     ] GC(232) Pause Young (Allocation Failure)
[0.795s][info ][gc,task      ] GC(232) Using 8 workers of 8 for evacuation
[0.796s][debug][gc,age       ] GC(232) Desired survivor size 1114112 bytes, new threshold 1 (max threshold 6)
[0.796s][info ][gc,heap      ] GC(232) ParNew: 18393K->1568K(19648K)
[0.796s][info ][gc,heap      ] GC(232) CMS: 31345K->31345K(43712K)
[0.796s][info ][gc,metaspace ] GC(232) Metaspace: 5319K->5319K(1056768K)
[0.796s][info ][gc           ] GC(232) Pause Young (Allocation Failure) 48M->32M(61M) 1.376ms
[0.796s][info ][gc,cpu       ] GC(232) User=0.00s Sys=0.00s Real=0.00s
[0.797s][info ][gc,start     ] GC(233) Pause Young (Allocation Failure)
[0.797s][info ][gc,task      ] GC(233) Using 8 workers of 8 for evacuation
[0.799s][debug][gc,age       ] GC(233) Desired survivor size 1114112 bytes, new threshold 6 (max threshold 6)
[0.799s][info ][gc,heap      ] GC(233) ParNew: 18951K->789K(19648K)
[0.799s][info ][gc,heap      ] GC(233) CMS: 31345K->32127K(43712K)
[0.799s][info ][gc,metaspace ] GC(233) Metaspace: 5319K->5319K(1056768K)
[0.799s][info ][gc           ] GC(233) Pause Young (Allocation Failure) 49M->32M(61M) 1.463ms
[0.799s][info ][gc,cpu       ] GC(233) User=0.01s Sys=0.00s Real=0.00s
[0.800s][info ][gc,start     ] GC(234) Pause Young (Allocation Failure)
[0.800s][info ][gc,task      ] GC(234) Using 8 workers of 8 for evacuation
[0.801s][debug][gc,age       ] GC(234) Desired survivor size 1114112 bytes, new threshold 1 (max threshold 6)
[0.801s][info ][gc,heap      ] GC(234) ParNew: 17888K->1959K(19648K)
[0.801s][info ][gc,heap      ] GC(234) CMS: 32127K->32909K(43712K)
[0.801s][info ][gc,metaspace ] GC(234) Metaspace: 5319K->5319K(1056768K)
[0.801s][info ][gc           ] GC(234) Pause Young (Allocation Failure) 48M->34M(61M) 0.871ms
[0.801s][info ][gc,cpu       ] GC(234) User=0.00s Sys=0.00s Real=0.00s
[0.803s][info ][gc,start     ] GC(235) Pause Young (Allocation Failure)
[0.803s][info ][gc,task      ] GC(235) Using 8 workers of 8 for evacuation
[0.805s][debug][gc,age       ] GC(235) Desired survivor size 1114112 bytes, new threshold 1 (max threshold 6)
[0.805s][info ][gc,heap      ] GC(235) ParNew: 19164K->1566K(19648K)
[0.805s][info ][gc,heap      ] GC(235) CMS: 32909K->33691K(43712K)
[0.805s][info ][gc,metaspace ] GC(235) Metaspace: 5319K->5319K(1056768K)
[0.805s][info ][gc           ] GC(235) Pause Young (Allocation Failure) 50M->34M(61M) 1.722ms
[0.805s][info ][gc,cpu       ] GC(235) User=0.01s Sys=0.00s Real=0.01s
[0.806s][info ][gc,start     ] GC(236) Pause Young (Allocation Failure)
[0.806s][info ][gc,task      ] GC(236) Using 8 workers of 8 for evacuation
[0.807s][debug][gc,age       ] GC(236) Desired survivor size 1114112 bytes, new threshold 1 (max threshold 6)
[0.808s][info ][gc,heap      ] GC(236) ParNew: 18718K->1961K(19648K)
[0.808s][info ][gc,heap      ] GC(236) CMS: 33691K->34473K(43712K)
[0.808s][info ][gc,metaspace ] GC(236) Metaspace: 5319K->5319K(1056768K)
[0.808s][info ][gc           ] GC(236) Pause Young (Allocation Failure) 51M->35M(61M) 1.361ms
[0.808s][info ][gc,cpu       ] GC(236) User=0.00s Sys=0.00s Real=0.00s
[0.809s][info ][gc,start     ] GC(237) Pause Young (Allocation Failure)
[0.809s][info ][gc,task      ] GC(237) Using 8 workers of 8 for evacuation
[0.810s][debug][gc,age       ] GC(237) Desired survivor size 1114112 bytes, new threshold 6 (max threshold 6)
[0.810s][info ][gc,heap      ] GC(237) ParNew: 19432K->789K(19648K)
[0.810s][info ][gc,heap      ] GC(237) CMS: 34473K->35646K(43712K)
[0.810s][info ][gc,metaspace ] GC(237) Metaspace: 5319K->5319K(1056768K)
[0.810s][info ][gc           ] GC(237) Pause Young (Allocation Failure) 52M->35M(61M) 1.426ms
[0.810s][info ][gc,cpu       ] GC(237) User=0.00s Sys=0.00s Real=0.00s
[0.811s][info ][gc,start     ] GC(238) Pause Initial Mark
[0.811s][info ][gc           ] GC(238) Pause Initial Mark 36M->36M(61M) 0.158ms
[0.811s][info ][gc,cpu       ] GC(238) User=0.00s Sys=0.00s Real=0.00s
[0.811s][info ][gc           ] GC(238) Concurrent Mark
[0.811s][info ][gc,task      ] GC(238) Using 2 workers of 2 for marking
[0.812s][info ][gc           ] GC(238) Concurrent Mark 1.575ms
[0.812s][info ][gc,cpu       ] GC(238) User=0.01s Sys=0.00s Real=0.00s
[0.813s][info ][gc,start     ] GC(239) Pause Young (Allocation Failure)
[0.813s][info ][gc,task      ] GC(239) Using 8 workers of 8 for evacuation
[0.814s][debug][gc,age       ] GC(239) Desired survivor size 1114112 bytes, new threshold 6 (max threshold 6)
[0.814s][info ][gc,heap      ] GC(239) ParNew: 18261K->785K(19648K)
[0.814s][info ][gc,heap      ] GC(239) CMS: 35646K->35646K(43712K)
[0.814s][info ][gc,metaspace ] GC(239) Metaspace: 5319K->5319K(1056768K)
[0.814s][info ][gc           ] GC(239) Pause Young (Allocation Failure) 52M->35M(61M) 1.498ms
[0.814s][info ][gc,cpu       ] GC(239) User=0.01s Sys=0.00s Real=0.00s
[0.814s][info ][gc           ] GC(238) Concurrent Preclean
[0.814s][info ][gc           ] GC(238) Concurrent Preclean 0.200ms
[0.814s][info ][gc,cpu       ] GC(238) User=0.00s Sys=0.00s Real=0.01s
[0.815s][info ][gc,start     ] GC(238) Pause Remark
[0.815s][debug][gc,phases    ] GC(238) Rescan (parallel) 0.410ms
[0.815s][debug][gc,phases    ] GC(238) Reference Processing 0.011ms
[0.815s][debug][gc,phases    ] GC(238) Weak Processing 0.004ms
[0.815s][debug][gc,phases    ] GC(238) ClassLoaderData 0.009ms
[0.815s][debug][gc,phases    ] GC(238) ProtectionDomainCacheTable 0.002ms
[0.815s][debug][gc,phases    ] GC(238) ResolvedMethodTable 0.006ms
[0.815s][debug][gc,phases    ] GC(238) Class Unloading 0.166ms
[0.816s][debug][gc,phases    ] GC(238) Scrub Symbol Table 0.463ms
[0.816s][debug][gc,phases    ] GC(238) Scrub String Table 0.021ms
[0.816s][info ][gc           ] GC(238) Pause Remark 37M->37M(61M) 1.188ms
[0.816s][info ][gc,cpu       ] GC(238) User=0.00s Sys=0.00s Real=0.00s
[0.816s][info ][gc           ] GC(238) Concurrent Sweep
[0.817s][info ][gc           ] GC(238) Concurrent Sweep 0.892ms
[0.817s][info ][gc,cpu       ] GC(238) User=0.00s Sys=0.00s Real=0.00s
[0.817s][info ][gc,start     ] GC(240) Pause Young (Allocation Failure)
[0.817s][info ][gc,task      ] GC(240) Using 8 workers of 8 for evacuation
[0.818s][debug][gc,age       ] GC(240) Desired survivor size 1114112 bytes, new threshold 1 (max threshold 6)
[0.818s][info ][gc,heap      ] GC(240) ParNew: 18004K->1961K(19648K)
[0.818s][info ][gc,heap      ] GC(240) CMS: 1630K->1630K(43712K)
[0.818s][info ][gc,metaspace ] GC(240) Metaspace: 5319K->5319K(1056768K)
[0.818s][info ][gc           ] GC(240) Pause Young (Allocation Failure) 19M->3M(61M) 1.094ms
[0.818s][info ][gc,cpu       ] GC(240) User=0.00s Sys=0.00s Real=0.00s
[0.819s][info ][gc           ] GC(238) Concurrent Reset
[0.819s][info ][gc           ] GC(238) Concurrent Reset 0.125ms
[0.819s][info ][gc,cpu       ] GC(238) User=0.00s Sys=0.00s Real=0.00s
[0.819s][info ][gc,heap      ] GC(238) Old: 35646K->1630K(43712K)
[0.820s][info ][gc,start     ] GC(241) Pause Young (Allocation Failure)
[0.820s][info ][gc,task      ] GC(241) Using 8 workers of 8 for evacuation
[0.821s][debug][gc,age       ] GC(241) Desired survivor size 1114112 bytes, new threshold 1 (max threshold 6)
[0.821s][info ][gc,heap      ] GC(241) ParNew: 19167K->1959K(19648K)
[0.821s][info ][gc,heap      ] GC(241) CMS: 1630K->1630K(43712K)
[0.821s][info ][gc,metaspace ] GC(241) Metaspace: 5319K->5319K(1056768K)
[0.821s][info ][gc           ] GC(241) Pause Young (Allocation Failure) 20M->3M(61M) 1.130ms
[0.821s][info ][gc,cpu       ] GC(241) User=0.00s Sys=0.00s Real=0.00s
[0.823s][info ][gc,start     ] GC(242) Pause Young (Allocation Failure)
[0.823s][info ][gc,task      ] GC(242) Using 8 workers of 8 for evacuation
[0.824s][debug][gc,age       ] GC(242) Desired survivor size 1114112 bytes, new threshold 1 (max threshold 6)
[0.824s][info ][gc,heap      ] GC(242) ParNew: 19061K->1566K(19648K)
[0.824s][info ][gc,heap      ] GC(242) CMS: 1630K->2412K(43712K)
[0.824s][info ][gc,metaspace ] GC(242) Metaspace: 5319K->5319K(1056768K)
[0.824s][info ][gc           ] GC(242) Pause Young (Allocation Failure) 20M->3M(61M) 1.446ms
[0.824s][info ][gc,cpu       ] GC(242) User=0.00s Sys=0.00s Real=0.00s
[0.826s][info ][gc,start     ] GC(243) Pause Young (Allocation Failure)
[0.826s][info ][gc,task      ] GC(243) Using 8 workers of 8 for evacuation
[0.826s][debug][gc,age       ] GC(243) Desired survivor size 1114112 bytes, new threshold 1 (max threshold 6)
[0.826s][info ][gc,heap      ] GC(243) ParNew: 18800K->1181K(19648K)
[0.826s][info ][gc,heap      ] GC(243) CMS: 2412K->2412K(43712K)
[0.826s][info ][gc,metaspace ] GC(243) Metaspace: 5319K->5319K(1056768K)
[0.826s][info ][gc           ] GC(243) Pause Young (Allocation Failure) 20M->3M(61M) 0.481ms
[0.826s][info ][gc,cpu       ] GC(243) User=0.00s Sys=0.00s Real=0.00s
[0.828s][info ][gc,start     ] GC(244) Pause Young (Allocation Failure)
[0.828s][info ][gc,task      ] GC(244) Using 8 workers of 8 for evacuation
[0.829s][debug][gc,age       ] GC(244) Desired survivor size 1114112 bytes, new threshold 1 (max threshold 6)
[0.829s][info ][gc,heap      ] GC(244) ParNew: 18645K->1959K(19648K)
[0.829s][info ][gc,heap      ] GC(244) CMS: 2412K->2413K(43712K)
[0.829s][info ][gc,metaspace ] GC(244) Metaspace: 5319K->5319K(1056768K)
[0.829s][info ][gc           ] GC(244) Pause Young (Allocation Failure) 20M->4M(61M) 1.118ms
[0.829s][info ][gc,cpu       ] GC(244) User=0.00s Sys=0.00s Real=0.00s
[0.830s][info ][gc,start     ] GC(245) Pause Young (Allocation Failure)
[0.830s][info ][gc,task      ] GC(245) Using 8 workers of 8 for evacuation
[0.831s][debug][gc,age       ] GC(245) Desired survivor size 1114112 bytes, new threshold 1 (max threshold 6)
[0.831s][info ][gc,heap      ] GC(245) ParNew: 19109K->1961K(19648K)
[0.831s][info ][gc,heap      ] GC(245) CMS: 2413K->3195K(43712K)
[0.831s][info ][gc,metaspace ] GC(245) Metaspace: 5319K->5319K(1056768K)
[0.831s][info ][gc           ] GC(245) Pause Young (Allocation Failure) 21M->5M(61M) 0.955ms
[0.831s][info ][gc,cpu       ] GC(245) User=0.00s Sys=0.00s Real=0.00s
[0.832s][info ][gc,start     ] GC(246) Pause Young (Allocation Failure)
[0.832s][info ][gc,task      ] GC(246) Using 8 workers of 8 for evacuation
[0.834s][debug][gc,age       ] GC(246) Desired survivor size 1114112 bytes, new threshold 1 (max threshold 6)
[0.834s][info ][gc,heap      ] GC(246) ParNew: 19123K->1959K(19648K)
[0.834s][info ][gc,heap      ] GC(246) CMS: 3195K->4758K(43712K)
[0.834s][info ][gc,metaspace ] GC(246) Metaspace: 5319K->5319K(1056768K)
[0.834s][info ][gc           ] GC(246) Pause Young (Allocation Failure) 21M->6M(61M) 1.900ms
[0.834s][info ][gc,cpu       ] GC(246) User=0.00s Sys=0.00s Real=0.00s
[0.835s][info ][gc,start     ] GC(247) Pause Young (Allocation Failure)
[0.835s][info ][gc,task      ] GC(247) Using 8 workers of 8 for evacuation
[0.836s][debug][gc,age       ] GC(247) Desired survivor size 1114112 bytes, new threshold 1 (max threshold 6)
[0.836s][info ][gc,heap      ] GC(247) ParNew: 19172K->1959K(19648K)
[0.836s][info ][gc,heap      ] GC(247) CMS: 4758K->6712K(43712K)
[0.836s][info ][gc,metaspace ] GC(247) Metaspace: 5319K->5319K(1056768K)
[0.836s][info ][gc           ] GC(247) Pause Young (Allocation Failure) 23M->8M(61M) 0.825ms
[0.836s][info ][gc,cpu       ] GC(247) User=0.00s Sys=0.00s Real=0.00s
[0.838s][info ][gc,start     ] GC(248) Pause Young (Allocation Failure)
[0.838s][info ][gc,task      ] GC(248) Using 8 workers of 8 for evacuation
[0.839s][debug][gc,age       ] GC(248) Desired survivor size 1114112 bytes, new threshold 6 (max threshold 6)
[0.839s][info ][gc,heap      ] GC(248) ParNew: 19108K->791K(19648K)
[0.839s][info ][gc,heap      ] GC(248) CMS: 6712K->7103K(43712K)
[0.839s][info ][gc,metaspace ] GC(248) Metaspace: 5319K->5319K(1056768K)
[0.839s][info ][gc           ] GC(248) Pause Young (Allocation Failure) 25M->7M(61M) 1.090ms
[0.839s][info ][gc,cpu       ] GC(248) User=0.00s Sys=0.00s Real=0.00s
[0.840s][info ][gc,start     ] GC(249) Pause Young (Allocation Failure)
[0.840s][info ][gc,task      ] GC(249) Using 8 workers of 8 for evacuation
[0.841s][debug][gc,age       ] GC(249) Desired survivor size 1114112 bytes, new threshold 1 (max threshold 6)
[0.841s][info ][gc,heap      ] GC(249) ParNew: 17932K->1177K(19648K)
[0.841s][info ][gc,heap      ] GC(249) CMS: 7103K->7103K(43712K)
[0.841s][info ][gc,metaspace ] GC(249) Metaspace: 5319K->5319K(1056768K)
[0.841s][info ][gc           ] GC(249) Pause Young (Allocation Failure) 24M->8M(61M) 1.065ms
[0.841s][info ][gc,cpu       ] GC(249) User=0.00s Sys=0.00s Real=0.00s
[0.843s][info ][gc,start     ] GC(250) Pause Young (Allocation Failure)
[0.843s][info ][gc,task      ] GC(250) Using 8 workers of 8 for evacuation
[0.844s][debug][gc,age       ] GC(250) Desired survivor size 1114112 bytes, new threshold 1 (max threshold 6)
[0.844s][info ][gc,heap      ] GC(250) ParNew: 18619K->1965K(19648K)
[0.844s][info ][gc,heap      ] GC(250) CMS: 7103K->7495K(43712K)
[0.844s][info ][gc,metaspace ] GC(250) Metaspace: 5319K->5319K(1056768K)
[0.844s][info ][gc           ] GC(250) Pause Young (Allocation Failure) 25M->9M(61M) 1.230ms
[0.844s][info ][gc,cpu       ] GC(250) User=0.00s Sys=0.00s Real=0.00s
[0.846s][info ][gc,start     ] GC(251) Pause Young (Allocation Failure)
[0.846s][info ][gc,task      ] GC(251) Using 8 workers of 8 for evacuation
[0.847s][debug][gc,age       ] GC(251) Desired survivor size 1114112 bytes, new threshold 1 (max threshold 6)
[0.847s][info ][gc,heap      ] GC(251) ParNew: 19412K->1568K(19648K)
[0.847s][info ][gc,heap      ] GC(251) CMS: 7495K->7886K(43712K)
[0.847s][info ][gc,metaspace ] GC(251) Metaspace: 5319K->5319K(1056768K)
[0.847s][info ][gc           ] GC(251) Pause Young (Allocation Failure) 26M->9M(61M) 1.357ms
[0.847s][info ][gc,cpu       ] GC(251) User=0.01s Sys=0.00s Real=0.00s
[0.849s][info ][gc,start     ] GC(252) Pause Young (Allocation Failure)
[0.849s][info ][gc,task      ] GC(252) Using 8 workers of 8 for evacuation
[0.850s][debug][gc,age       ] GC(252) Desired survivor size 1114112 bytes, new threshold 1 (max threshold 6)
[0.850s][info ][gc,heap      ] GC(252) ParNew: 18803K->1959K(19648K)
[0.850s][info ][gc,heap      ] GC(252) CMS: 7886K->7886K(43712K)
[0.850s][info ][gc,metaspace ] GC(252) Metaspace: 5319K->5319K(1056768K)
[0.850s][info ][gc           ] GC(252) Pause Young (Allocation Failure) 26M->9M(61M) 1.364ms
[0.850s][info ][gc,cpu       ] GC(252) User=0.01s Sys=0.00s Real=0.00s
[0.852s][info ][gc,start     ] GC(253) Pause Young (Allocation Failure)
[0.852s][info ][gc,task      ] GC(253) Using 8 workers of 8 for evacuation
[0.853s][debug][gc,age       ] GC(253) Desired survivor size 1114112 bytes, new threshold 6 (max threshold 6)
[0.853s][info ][gc,heap      ] GC(253) ParNew: 19106K->787K(19648K)
[0.853s][info ][gc,heap      ] GC(253) CMS: 7886K->8277K(43712K)
[0.853s][info ][gc,metaspace ] GC(253) Metaspace: 5319K->5319K(1056768K)
[0.853s][info ][gc           ] GC(253) Pause Young (Allocation Failure) 26M->8M(61M) 1.623ms
[0.853s][info ][gc,cpu       ] GC(253) User=0.00s Sys=0.00s Real=0.00s
[0.855s][info ][gc,start     ] GC(254) Pause Young (Allocation Failure)
[0.855s][info ][gc,task      ] GC(254) Using 8 workers of 8 for evacuation
[0.857s][debug][gc,age       ] GC(254) Desired survivor size 1114112 bytes, new threshold 1 (max threshold 6)
[0.857s][info ][gc,heap      ] GC(254) ParNew: 18157K->1963K(19648K)
[0.857s][info ][gc,heap      ] GC(254) CMS: 8277K->8668K(43712K)
[0.857s][info ][gc,metaspace ] GC(254) Metaspace: 5319K->5319K(1056768K)
[0.857s][info ][gc           ] GC(254) Pause Young (Allocation Failure) 25M->10M(61M) 1.421ms
[0.857s][info ][gc,cpu       ] GC(254) User=0.01s Sys=0.00s Real=0.00s
[0.858s][info ][gc,start     ] GC(255) Pause Young (Allocation Failure)
[0.858s][info ][gc,task      ] GC(255) Using 8 workers of 8 for evacuation
[0.859s][debug][gc,age       ] GC(255) Desired survivor size 1114112 bytes, new threshold 1 (max threshold 6)
[0.860s][info ][gc,heap      ] GC(255) ParNew: 19216K->1961K(19648K)
[0.860s][info ][gc,heap      ] GC(255) CMS: 8668K->9449K(43712K)
[0.860s][info ][gc,metaspace ] GC(255) Metaspace: 5319K->5319K(1056768K)
[0.860s][info ][gc           ] GC(255) Pause Young (Allocation Failure) 27M->11M(61M) 1.441ms
[0.860s][info ][gc,cpu       ] GC(255) User=0.01s Sys=0.00s Real=0.00s
[0.861s][info ][gc,start     ] GC(256) Pause Young (Allocation Failure)
[0.861s][info ][gc,task      ] GC(256) Using 8 workers of 8 for evacuation
[0.862s][debug][gc,age       ] GC(256) Desired survivor size 1114112 bytes, new threshold 1 (max threshold 6)
[0.862s][info ][gc,heap      ] GC(256) ParNew: 19433K->1177K(19648K)
[0.862s][info ][gc,heap      ] GC(256) CMS: 9449K->9449K(43712K)
[0.862s][info ][gc,metaspace ] GC(256) Metaspace: 5319K->5319K(1056768K)
[0.862s][info ][gc           ] GC(256) Pause Young (Allocation Failure) 28M->10M(61M) 1.132ms
[0.862s][info ][gc,cpu       ] GC(256) User=0.01s Sys=0.00s Real=0.00s
[0.863s][info ][gc,start     ] GC(257) Pause Young (Allocation Failure)
[0.863s][info ][gc,task      ] GC(257) Using 8 workers of 8 for evacuation
[0.864s][debug][gc,age       ] GC(257) Desired survivor size 1114112 bytes, new threshold 1 (max threshold 6)
[0.864s][info ][gc,heap      ] GC(257) ParNew: 18410K->1961K(19648K)
[0.864s][info ][gc,heap      ] GC(257) CMS: 9449K->9840K(43712K)
[0.864s][info ][gc,metaspace ] GC(257) Metaspace: 5319K->5319K(1056768K)
[0.864s][info ][gc           ] GC(257) Pause Young (Allocation Failure) 27M->11M(61M) 1.108ms
[0.864s][info ][gc,cpu       ] GC(257) User=0.01s Sys=0.00s Real=0.01s
[0.866s][info ][gc,start     ] GC(258) Pause Young (Allocation Failure)
[0.866s][info ][gc,task      ] GC(258) Using 8 workers of 8 for evacuation
[0.867s][debug][gc,age       ] GC(258) Desired survivor size 1114112 bytes, new threshold 1 (max threshold 6)
[0.867s][info ][gc,heap      ] GC(258) ParNew: 19160K->1959K(19648K)
[0.867s][info ][gc,heap      ] GC(258) CMS: 9840K->11012K(43712K)
[0.867s][info ][gc,metaspace ] GC(258) Metaspace: 5319K->5319K(1056768K)
[0.867s][info ][gc           ] GC(258) Pause Young (Allocation Failure) 28M->12M(61M) 1.243ms
[0.867s][info ][gc,cpu       ] GC(258) User=0.01s Sys=0.00s Real=0.00s
[0.869s][info ][gc,start     ] GC(259) Pause Young (Allocation Failure)
[0.869s][info ][gc,task      ] GC(259) Using 8 workers of 8 for evacuation
[0.870s][debug][gc,age       ] GC(259) Desired survivor size 1114112 bytes, new threshold 1 (max threshold 6)
[0.870s][info ][gc,heap      ] GC(259) ParNew: 19103K->1568K(19648K)
[0.870s][info ][gc,heap      ] GC(259) CMS: 11012K->11403K(43712K)
[0.870s][info ][gc,metaspace ] GC(259) Metaspace: 5319K->5319K(1056768K)
[0.870s][info ][gc           ] GC(259) Pause Young (Allocation Failure) 29M->12M(61M) 1.124ms
[0.870s][info ][gc,cpu       ] GC(259) User=0.00s Sys=0.00s Real=0.00s
[0.871s][info ][gc,start     ] GC(260) Pause Young (Allocation Failure)
[0.871s][info ][gc,task      ] GC(260) Using 8 workers of 8 for evacuation
[0.872s][debug][gc,age       ] GC(260) Desired survivor size 1114112 bytes, new threshold 1 (max threshold 6)
[0.872s][info ][gc,heap      ] GC(260) ParNew: 18745K->1961K(19648K)
[0.872s][info ][gc,heap      ] GC(260) CMS: 11403K->11403K(43712K)
[0.872s][info ][gc,metaspace ] GC(260) Metaspace: 5319K->5319K(1056768K)
[0.872s][info ][gc           ] GC(260) Pause Young (Allocation Failure) 29M->13M(61M) 1.197ms
[0.872s][info ][gc,cpu       ] GC(260) User=0.00s Sys=0.01s Real=0.00s
[0.874s][info ][gc,start     ] GC(261) Pause Young (Allocation Failure)
[0.874s][info ][gc,task      ] GC(261) Using 8 workers of 8 for evacuation
[0.875s][debug][gc,age       ] GC(261) Desired survivor size 1114112 bytes, new threshold 1 (max threshold 6)
[0.875s][info ][gc,heap      ] GC(261) ParNew: 19391K->1184K(19648K)
[0.875s][info ][gc,heap      ] GC(261) CMS: 11403K->12185K(43712K)
[0.875s][info ][gc,metaspace ] GC(261) Metaspace: 5319K->5319K(1056768K)
[0.875s][info ][gc           ] GC(261) Pause Young (Allocation Failure) 30M->13M(61M) 0.935ms
[0.875s][info ][gc,cpu       ] GC(261) User=0.00s Sys=0.00s Real=0.01s
[0.876s][info ][gc,start     ] GC(262) Pause Young (Allocation Failure)
[0.877s][info ][gc,task      ] GC(262) Using 8 workers of 8 for evacuation
[0.878s][debug][gc,age       ] GC(262) Desired survivor size 1114112 bytes, new threshold 1 (max threshold 6)
[0.878s][info ][gc,heap      ] GC(262) ParNew: 18584K->1963K(19648K)
[0.878s][info ][gc,heap      ] GC(262) CMS: 12185K->12967K(43712K)
[0.878s][info ][gc,metaspace ] GC(262) Metaspace: 5319K->5319K(1056768K)
[0.878s][info ][gc           ] GC(262) Pause Young (Allocation Failure) 30M->14M(61M) 1.365ms
[0.878s][info ][gc,cpu       ] GC(262) User=0.00s Sys=0.00s Real=0.00s
[0.879s][info ][gc,start     ] GC(263) Pause Young (Allocation Failure)
[0.879s][info ][gc,task      ] GC(263) Using 8 workers of 8 for evacuation
[0.880s][debug][gc,age       ] GC(263) Desired survivor size 1114112 bytes, new threshold 1 (max threshold 6)
[0.881s][info ][gc,heap      ] GC(263) ParNew: 19065K->1572K(19648K)
[0.881s][info ][gc,heap      ] GC(263) CMS: 12967K->14140K(43712K)
[0.881s][info ][gc,metaspace ] GC(263) Metaspace: 5319K->5319K(1056768K)
[0.881s][info ][gc           ] GC(263) Pause Young (Allocation Failure) 31M->15M(61M) 1.476ms
[0.881s][info ][gc,cpu       ] GC(263) User=0.01s Sys=0.00s Real=0.00s
[0.882s][info ][gc,start     ] GC(264) Pause Young (Allocation Failure)
[0.882s][info ][gc,task      ] GC(264) Using 8 workers of 8 for evacuation
[0.884s][debug][gc,age       ] GC(264) Desired survivor size 1114112 bytes, new threshold 1 (max threshold 6)
[0.884s][info ][gc,heap      ] GC(264) ParNew: 19044K->1568K(19648K)
[0.884s][info ][gc,heap      ] GC(264) CMS: 14140K->15312K(43712K)
[0.884s][info ][gc,metaspace ] GC(264) Metaspace: 5319K->5319K(1056768K)
[0.884s][info ][gc           ] GC(264) Pause Young (Allocation Failure) 32M->16M(61M) 1.402ms
[0.884s][info ][gc,cpu       ] GC(264) User=0.01s Sys=0.00s Real=0.00s
[0.886s][info ][gc,start     ] GC(265) Pause Young (Allocation Failure)
[0.886s][info ][gc,task      ] GC(265) Using 8 workers of 8 for evacuation
[0.887s][debug][gc,age       ] GC(265) Desired survivor size 1114112 bytes, new threshold 1 (max threshold 6)
[0.887s][info ][gc,heap      ] GC(265) ParNew: 18914K->1177K(19648K)
[0.887s][info ][gc,heap      ] GC(265) CMS: 15312K->16095K(43712K)
[0.887s][info ][gc,metaspace ] GC(265) Metaspace: 5319K->5319K(1056768K)
[0.887s][info ][gc           ] GC(265) Pause Young (Allocation Failure) 33M->16M(61M) 1.187ms
[0.887s][info ][gc,cpu       ] GC(265) User=0.01s Sys=0.00s Real=0.00s
[0.888s][info ][gc,start     ] GC(266) Pause Young (Allocation Failure)
[0.888s][info ][gc,task      ] GC(266) Using 8 workers of 8 for evacuation
[0.890s][debug][gc,age       ] GC(266) Desired survivor size 1114112 bytes, new threshold 6 (max threshold 6)
[0.890s][info ][gc,heap      ] GC(266) ParNew: 18608K->4K(19648K)
[0.890s][info ][gc,heap      ] GC(266) CMS: 16095K->16876K(43712K)
[0.890s][info ][gc,metaspace ] GC(266) Metaspace: 5319K->5319K(1056768K)
[0.890s][info ][gc           ] GC(266) Pause Young (Allocation Failure) 33M->16M(61M) 1.882ms
[0.890s][info ][gc,cpu       ] GC(266) User=0.01s Sys=0.00s Real=0.00s
[0.892s][info ][gc,start     ] GC(267) Pause Young (Allocation Failure)
[0.892s][info ][gc,task      ] GC(267) Using 8 workers of 8 for evacuation
[0.893s][debug][gc,age       ] GC(267) Desired survivor size 1114112 bytes, new threshold 1 (max threshold 6)
[0.893s][info ][gc,heap      ] GC(267) ParNew: 17268K->1182K(19648K)
[0.893s][info ][gc,heap      ] GC(267) CMS: 16876K->16876K(43712K)
[0.893s][info ][gc,metaspace ] GC(267) Metaspace: 5319K->5319K(1056768K)
[0.893s][info ][gc           ] GC(267) Pause Young (Allocation Failure) 33M->17M(61M) 1.650ms
[0.893s][info ][gc,cpu       ] GC(267) User=0.00s Sys=0.00s Real=0.00s
[0.895s][info ][gc,start     ] GC(268) Pause Young (Allocation Failure)
[0.895s][info ][gc,task      ] GC(268) Using 8 workers of 8 for evacuation
[0.896s][debug][gc,age       ] GC(268) Desired survivor size 1114112 bytes, new threshold 6 (max threshold 6)
[0.896s][info ][gc,heap      ] GC(268) ParNew: 18601K->400K(19648K)
[0.896s][info ][gc,heap      ] GC(268) CMS: 16876K->18050K(43712K)
[0.897s][info ][gc,metaspace ] GC(268) Metaspace: 5319K->5319K(1056768K)
[0.897s][info ][gc           ] GC(268) Pause Young (Allocation Failure) 34M->18M(61M) 1.199ms
[0.897s][info ][gc,cpu       ] GC(268) User=0.00s Sys=0.00s Real=0.00s
[0.898s][info ][gc,start     ] GC(269) Pause Young (Allocation Failure)
[0.898s][info ][gc,task      ] GC(269) Using 8 workers of 8 for evacuation
[0.899s][debug][gc,age       ] GC(269) Desired survivor size 1114112 bytes, new threshold 6 (max threshold 6)
[0.899s][info ][gc,heap      ] GC(269) ParNew: 17487K->787K(19648K)
[0.899s][info ][gc,heap      ] GC(269) CMS: 18050K->18050K(43712K)
[0.899s][info ][gc,metaspace ] GC(269) Metaspace: 5319K->5319K(1056768K)
[0.899s][info ][gc           ] GC(269) Pause Young (Allocation Failure) 34M->18M(61M) 1.029ms
[0.899s][info ][gc,cpu       ] GC(269) User=0.00s Sys=0.00s Real=0.00s
[0.901s][info ][gc,start     ] GC(270) Pause Young (Allocation Failure)
[0.901s][info ][gc,task      ] GC(270) Using 8 workers of 8 for evacuation
[0.902s][debug][gc,age       ] GC(270) Desired survivor size 1114112 bytes, new threshold 1 (max threshold 6)
[0.902s][info ][gc,heap      ] GC(270) ParNew: 18003K->1568K(19648K)
[0.902s][info ][gc,heap      ] GC(270) CMS: 18050K->18050K(43712K)
[0.902s][info ][gc,metaspace ] GC(270) Metaspace: 5319K->5319K(1056768K)
[0.902s][info ][gc           ] GC(270) Pause Young (Allocation Failure) 35M->19M(61M) 1.079ms
[0.902s][info ][gc,cpu       ] GC(270) User=0.00s Sys=0.00s Real=0.00s
[0.904s][info ][gc,start     ] GC(271) Pause Young (Allocation Failure)
[0.904s][info ][gc,task      ] GC(271) Using 8 workers of 8 for evacuation
[0.905s][debug][gc,age       ] GC(271) Desired survivor size 1114112 bytes, new threshold 1 (max threshold 6)
[0.905s][info ][gc,heap      ] GC(271) ParNew: 18929K->1959K(19648K)
[0.905s][info ][gc,heap      ] GC(271) CMS: 18050K->18832K(43712K)
[0.905s][info ][gc,metaspace ] GC(271) Metaspace: 5319K->5319K(1056768K)
[0.905s][info ][gc           ] GC(271) Pause Young (Allocation Failure) 36M->20M(61M) 1.185ms
[0.905s][info ][gc,cpu       ] GC(271) User=0.01s Sys=0.00s Real=0.01s
[0.906s][info ][gc,start     ] GC(272) Pause Young (Allocation Failure)
[0.906s][info ][gc,task      ] GC(272) Using 8 workers of 8 for evacuation
[0.907s][debug][gc,age       ] GC(272) Desired survivor size 1114112 bytes, new threshold 6 (max threshold 6)
[0.907s][info ][gc,heap      ] GC(272) ParNew: 19399K->402K(19648K)
[0.907s][info ][gc,heap      ] GC(272) CMS: 18832K->20005K(43712K)
[0.907s][info ][gc,metaspace ] GC(272) Metaspace: 5319K->5319K(1056768K)
[0.907s][info ][gc           ] GC(272) Pause Young (Allocation Failure) 37M->19M(61M) 1.182ms
[0.907s][info ][gc,cpu       ] GC(272) User=0.01s Sys=0.00s Real=0.00s
[0.909s][info ][gc,start     ] GC(273) Pause Young (Allocation Failure)
[0.909s][info ][gc,task      ] GC(273) Using 8 workers of 8 for evacuation
[0.910s][debug][gc,age       ] GC(273) Desired survivor size 1114112 bytes, new threshold 1 (max threshold 6)
[0.910s][info ][gc,heap      ] GC(273) ParNew: 17797K->1574K(19648K)
[0.910s][info ][gc,heap      ] GC(273) CMS: 20005K->20005K(43712K)
[0.910s][info ][gc,metaspace ] GC(273) Metaspace: 5319K->5319K(1056768K)
[0.910s][info ][gc           ] GC(273) Pause Young (Allocation Failure) 36M->21M(61M) 0.506ms
[0.910s][info ][gc,cpu       ] GC(273) User=0.01s Sys=0.00s Real=0.00s
[0.911s][info ][gc,start     ] GC(274) Pause Young (Allocation Failure)
[0.911s][info ][gc,task      ] GC(274) Using 8 workers of 8 for evacuation
[0.912s][debug][gc,age       ] GC(274) Desired survivor size 1114112 bytes, new threshold 1 (max threshold 6)
[0.912s][info ][gc,heap      ] GC(274) ParNew: 18813K->1959K(19648K)
[0.912s][info ][gc,heap      ] GC(274) CMS: 20005K->20396K(43712K)
[0.912s][info ][gc,metaspace ] GC(274) Metaspace: 5319K->5319K(1056768K)
[0.912s][info ][gc           ] GC(274) Pause Young (Allocation Failure) 37M->21M(61M) 0.981ms
[0.912s][info ][gc,cpu       ] GC(274) User=0.01s Sys=0.00s Real=0.00s
[0.913s][info ][gc,start     ] GC(275) Pause Young (Allocation Failure)
[0.913s][info ][gc,task      ] GC(275) Using 8 workers of 8 for evacuation
[0.915s][debug][gc,age       ] GC(275) Desired survivor size 1114112 bytes, new threshold 1 (max threshold 6)
[0.915s][info ][gc,heap      ] GC(275) ParNew: 19108K->1566K(19648K)
[0.915s][info ][gc,heap      ] GC(275) CMS: 20396K->21178K(43712K)
[0.915s][info ][gc,metaspace ] GC(275) Metaspace: 5319K->5319K(1056768K)
[0.915s][info ][gc           ] GC(275) Pause Young (Allocation Failure) 38M->22M(61M) 1.476ms
[0.915s][info ][gc,cpu       ] GC(275) User=0.01s Sys=0.00s Real=0.01s
[0.917s][info ][gc,start     ] GC(276) Pause Young (Allocation Failure)
[0.917s][info ][gc,task      ] GC(276) Using 8 workers of 8 for evacuation
[0.918s][debug][gc,age       ] GC(276) Desired survivor size 1114112 bytes, new threshold 1 (max threshold 6)
[0.918s][info ][gc,heap      ] GC(276) ParNew: 18651K->1566K(19648K)
[0.918s][info ][gc,heap      ] GC(276) CMS: 21178K->21569K(43712K)
[0.918s][info ][gc,metaspace ] GC(276) Metaspace: 5319K->5319K(1056768K)
[0.918s][info ][gc           ] GC(276) Pause Young (Allocation Failure) 38M->22M(61M) 1.529ms
[0.918s][info ][gc,cpu       ] GC(276) User=0.01s Sys=0.00s Real=0.00s
[0.920s][info ][gc,start     ] GC(277) Pause Young (Allocation Failure)
[0.920s][info ][gc,task      ] GC(277) Using 8 workers of 8 for evacuation
[0.921s][debug][gc,age       ] GC(277) Desired survivor size 1114112 bytes, new threshold 6 (max threshold 6)
[0.921s][info ][gc,heap      ] GC(277) ParNew: 19038K->787K(19648K)
[0.921s][info ][gc,heap      ] GC(277) CMS: 21569K->21569K(43712K)
[0.921s][info ][gc,metaspace ] GC(277) Metaspace: 5319K->5319K(1056768K)
[0.921s][info ][gc           ] GC(277) Pause Young (Allocation Failure) 39M->21M(61M) 1.037ms
[0.921s][info ][gc,cpu       ] GC(277) User=0.00s Sys=0.00s Real=0.00s
[0.923s][info ][gc,start     ] GC(278) Pause Young (Allocation Failure)
[0.923s][info ][gc,task      ] GC(278) Using 8 workers of 8 for evacuation
[0.925s][debug][gc,age       ] GC(278) Desired survivor size 1114112 bytes, new threshold 1 (max threshold 6)
[0.925s][info ][gc,heap      ] GC(278) ParNew: 17889K->1566K(19648K)
[0.925s][info ][gc,heap      ] GC(278) CMS: 21569K->21569K(43712K)
[0.925s][info ][gc,metaspace ] GC(278) Metaspace: 5319K->5319K(1056768K)
[0.925s][info ][gc           ] GC(278) Pause Young (Allocation Failure) 38M->22M(61M) 1.928ms
[0.925s][info ][gc,cpu       ] GC(278) User=0.00s Sys=0.00s Real=0.01s
[0.927s][info ][gc,start     ] GC(279) Pause Young (Allocation Failure)
[0.927s][info ][gc,task      ] GC(279) Using 8 workers of 8 for evacuation
[0.928s][debug][gc,age       ] GC(279) Desired survivor size 1114112 bytes, new threshold 1 (max threshold 6)
[0.928s][info ][gc,heap      ] GC(279) ParNew: 18765K->1961K(19648K)
[0.928s][info ][gc,heap      ] GC(279) CMS: 21569K->22351K(43712K)
[0.928s][info ][gc,metaspace ] GC(279) Metaspace: 5319K->5319K(1056768K)
[0.928s][info ][gc           ] GC(279) Pause Young (Allocation Failure) 39M->23M(61M) 1.213ms
[0.928s][info ][gc,cpu       ] GC(279) User=0.01s Sys=0.01s Real=0.00s
[0.930s][info ][gc,start     ] GC(280) Pause Young (Allocation Failure)
[0.930s][info ][gc,task      ] GC(280) Using 8 workers of 8 for evacuation
[0.931s][debug][gc,age       ] GC(280) Desired survivor size 1114112 bytes, new threshold 1 (max threshold 6)
[0.931s][info ][gc,heap      ] GC(280) ParNew: 19226K->1961K(19648K)
[0.931s][info ][gc,heap      ] GC(280) CMS: 22351K->23133K(43712K)
[0.931s][info ][gc,metaspace ] GC(280) Metaspace: 5319K->5319K(1056768K)
[0.931s][info ][gc           ] GC(280) Pause Young (Allocation Failure) 40M->24M(61M) 1.259ms
[0.931s][info ][gc,cpu       ] GC(280) User=0.01s Sys=0.00s Real=0.00s
[0.932s][info ][gc,start     ] GC(281) Pause Young (Allocation Failure)
[0.932s][info ][gc,task      ] GC(281) Using 8 workers of 8 for evacuation
[0.933s][debug][gc,age       ] GC(281) Desired survivor size 1114112 bytes, new threshold 1 (max threshold 6)
[0.933s][info ][gc,heap      ] GC(281) ParNew: 19206K->1959K(19648K)
[0.933s][info ][gc,heap      ] GC(281) CMS: 23133K->23134K(43712K)
[0.933s][info ][gc,metaspace ] GC(281) Metaspace: 5319K->5319K(1056768K)
[0.933s][info ][gc           ] GC(281) Pause Young (Allocation Failure) 41M->24M(61M) 1.109ms
[0.933s][info ][gc,cpu       ] GC(281) User=0.00s Sys=0.00s Real=0.00s
[0.935s][info ][gc,start     ] GC(282) Pause Young (Allocation Failure)
[0.935s][info ][gc,task      ] GC(282) Using 8 workers of 8 for evacuation
[0.935s][debug][gc,age       ] GC(282) Desired survivor size 1114112 bytes, new threshold 1 (max threshold 6)
[0.935s][info ][gc,heap      ] GC(282) ParNew: 19101K->1961K(19648K)
[0.936s][info ][gc,heap      ] GC(282) CMS: 23134K->23915K(43712K)
[0.936s][info ][gc,metaspace ] GC(282) Metaspace: 5319K->5319K(1056768K)
[0.936s][info ][gc           ] GC(282) Pause Young (Allocation Failure) 41M->25M(61M) 0.928ms
[0.936s][info ][gc,cpu       ] GC(282) User=0.00s Sys=0.00s Real=0.00s
[0.937s][info ][gc,start     ] GC(283) Pause Young (Allocation Failure)
[0.937s][info ][gc,task      ] GC(283) Using 8 workers of 8 for evacuation
[0.938s][debug][gc,age       ] GC(283) Desired survivor size 1114112 bytes, new threshold 1 (max threshold 6)
[0.938s][info ][gc,heap      ] GC(283) ParNew: 19152K->1963K(19648K)
[0.938s][info ][gc,heap      ] GC(283) CMS: 23915K->24306K(43712K)
[0.938s][info ][gc,metaspace ] GC(283) Metaspace: 5319K->5319K(1056768K)
[0.938s][info ][gc           ] GC(283) Pause Young (Allocation Failure) 42M->25M(61M) 1.138ms
[0.938s][info ][gc,cpu       ] GC(283) User=0.00s Sys=0.00s Real=0.00s
[0.940s][info ][gc,start     ] GC(284) Pause Young (Allocation Failure)
[0.940s][info ][gc,task      ] GC(284) Using 8 workers of 8 for evacuation
[0.941s][debug][gc,age       ] GC(284) Desired survivor size 1114112 bytes, new threshold 1 (max threshold 6)
[0.941s][info ][gc,heap      ] GC(284) ParNew: 19144K->1957K(19648K)
[0.941s][info ][gc,heap      ] GC(284) CMS: 24306K->25088K(43712K)
[0.941s][info ][gc,metaspace ] GC(284) Metaspace: 5319K->5319K(1056768K)
[0.941s][info ][gc           ] GC(284) Pause Young (Allocation Failure) 42M->26M(61M) 1.432ms
[0.941s][info ][gc,cpu       ] GC(284) User=0.01s Sys=0.00s Real=0.00s
[0.943s][info ][gc,start     ] GC(285) Pause Young (Allocation Failure)
[0.943s][info ][gc,task      ] GC(285) Using 8 workers of 8 for evacuation
[0.944s][debug][gc,age       ] GC(285) Desired survivor size 1114112 bytes, new threshold 1 (max threshold 6)
[0.944s][info ][gc,heap      ] GC(285) ParNew: 19173K->1175K(19648K)
[0.944s][info ][gc,heap      ] GC(285) CMS: 25088K->25088K(43712K)
[0.944s][info ][gc,metaspace ] GC(285) Metaspace: 5319K->5319K(1056768K)
[0.944s][info ][gc           ] GC(285) Pause Young (Allocation Failure) 43M->25M(61M) 1.391ms
[0.944s][info ][gc,cpu       ] GC(285) User=0.00s Sys=0.00s Real=0.01s
[0.946s][info ][gc,start     ] GC(286) Pause Young (Allocation Failure)
[0.946s][info ][gc,task      ] GC(286) Using 8 workers of 8 for evacuation
[0.947s][debug][gc,age       ] GC(286) Desired survivor size 1114112 bytes, new threshold 1 (max threshold 6)
[0.947s][info ][gc,heap      ] GC(286) ParNew: 18647K->1957K(19648K)
[0.947s][info ][gc,heap      ] GC(286) CMS: 25088K->25870K(43712K)
[0.947s][info ][gc,metaspace ] GC(286) Metaspace: 5319K->5319K(1056768K)
[0.947s][info ][gc           ] GC(286) Pause Young (Allocation Failure) 42M->27M(61M) 1.543ms
[0.947s][info ][gc,cpu       ] GC(286) User=0.01s Sys=0.00s Real=0.00s
[0.949s][info ][gc,start     ] GC(287) Pause Young (Allocation Failure)
[0.949s][info ][gc,task      ] GC(287) Using 8 workers of 8 for evacuation
[0.951s][debug][gc,age       ] GC(287) Desired survivor size 1114112 bytes, new threshold 1 (max threshold 6)
[0.951s][info ][gc,heap      ] GC(287) ParNew: 19350K->1175K(19648K)
[0.951s][info ][gc,heap      ] GC(287) CMS: 25870K->27043K(43712K)
[0.951s][info ][gc,metaspace ] GC(287) Metaspace: 5319K->5319K(1056768K)
[0.951s][info ][gc           ] GC(287) Pause Young (Allocation Failure) 44M->27M(61M) 1.993ms
[0.951s][info ][gc,cpu       ] GC(287) User=0.01s Sys=0.00s Real=0.00s
[0.953s][info ][gc,start     ] GC(288) Pause Young (Allocation Failure)
[0.953s][info ][gc,task      ] GC(288) Using 8 workers of 8 for evacuation
[0.954s][debug][gc,age       ] GC(288) Desired survivor size 1114112 bytes, new threshold 6 (max threshold 6)
[0.954s][info ][gc,heap      ] GC(288) ParNew: 18557K->791K(19648K)
[0.954s][info ][gc,heap      ] GC(288) CMS: 27043K->28216K(43712K)
[0.954s][info ][gc,metaspace ] GC(288) Metaspace: 5319K->5319K(1056768K)
[0.954s][info ][gc           ] GC(288) Pause Young (Allocation Failure) 44M->28M(61M) 1.144ms
[0.954s][info ][gc,cpu       ] GC(288) User=0.00s Sys=0.00s Real=0.00s
[0.955s][info ][gc,start     ] GC(289) Pause Young (Allocation Failure)
[0.955s][info ][gc,task      ] GC(289) Using 8 workers of 8 for evacuation
[0.957s][debug][gc,age       ] GC(289) Desired survivor size 1114112 bytes, new threshold 1 (max threshold 6)
[0.957s][info ][gc,heap      ] GC(289) ParNew: 18021K->1957K(19648K)
[0.957s][info ][gc,heap      ] GC(289) CMS: 28216K->28216K(43712K)
[0.957s][info ][gc,metaspace ] GC(289) Metaspace: 5319K->5319K(1056768K)
[0.957s][info ][gc           ] GC(289) Pause Young (Allocation Failure) 45M->29M(61M) 1.314ms
[0.957s][info ][gc,cpu       ] GC(289) User=0.00s Sys=0.00s Real=0.00s
[0.958s][info ][gc,start     ] GC(290) Pause Young (Allocation Failure)
[0.958s][info ][gc,task      ] GC(290) Using 8 workers of 8 for evacuation
[0.960s][debug][gc,age       ] GC(290) Desired survivor size 1114112 bytes, new threshold 1 (max threshold 6)
[0.960s][info ][gc,heap      ] GC(290) ParNew: 19386K->1184K(19648K)
[0.960s][info ][gc,heap      ] GC(290) CMS: 28216K->28998K(43712K)
[0.960s][info ][gc,metaspace ] GC(290) Metaspace: 5319K->5319K(1056768K)
[0.960s][info ][gc           ] GC(290) Pause Young (Allocation Failure) 46M->29M(61M) 1.368ms
[0.960s][info ][gc,cpu       ] GC(290) User=0.01s Sys=0.00s Real=0.00s
[0.962s][info ][gc,start     ] GC(291) Pause Young (Allocation Failure)
[0.962s][info ][gc,task      ] GC(291) Using 8 workers of 8 for evacuation
[0.964s][debug][gc,age       ] GC(291) Desired survivor size 1114112 bytes, new threshold 1 (max threshold 6)
[0.964s][info ][gc,heap      ] GC(291) ParNew: 18563K->1173K(19648K)
[0.964s][info ][gc,heap      ] GC(291) CMS: 28998K->29389K(43712K)
[0.964s][info ][gc,metaspace ] GC(291) Metaspace: 5319K->5319K(1056768K)
[0.964s][info ][gc           ] GC(291) Pause Young (Allocation Failure) 46M->29M(61M) 2.484ms
[0.964s][info ][gc,cpu       ] GC(291) User=0.01s Sys=0.00s Real=0.01s
[0.966s][info ][gc,start     ] GC(292) Pause Young (Allocation Failure)
[0.966s][info ][gc,task      ] GC(292) Using 8 workers of 8 for evacuation
[0.968s][debug][gc,age       ] GC(292) Desired survivor size 1114112 bytes, new threshold 1 (max threshold 6)
[0.968s][info ][gc,heap      ] GC(292) ParNew: 18633K->1566K(19648K)
[0.968s][info ][gc,heap      ] GC(292) CMS: 29389K->29780K(43712K)
[0.968s][info ][gc,metaspace ] GC(292) Metaspace: 5319K->5319K(1056768K)
[0.968s][info ][gc           ] GC(292) Pause Young (Allocation Failure) 46M->30M(61M) 1.953ms
[0.968s][info ][gc,cpu       ] GC(292) User=0.01s Sys=0.00s Real=0.00s
[0.969s][info ][gc,start     ] GC(293) Pause Young (Allocation Failure)
[0.969s][info ][gc,task      ] GC(293) Using 8 workers of 8 for evacuation
[0.971s][debug][gc,age       ] GC(293) Desired survivor size 1114112 bytes, new threshold 1 (max threshold 6)
[0.971s][info ][gc,heap      ] GC(293) ParNew: 18664K->1961K(19648K)
[0.971s][info ][gc,heap      ] GC(293) CMS: 29780K->30953K(43712K)
[0.971s][info ][gc,metaspace ] GC(293) Metaspace: 5319K->5319K(1056768K)
[0.971s][info ][gc           ] GC(293) Pause Young (Allocation Failure) 47M->32M(61M) 1.448ms
[0.971s][info ][gc,cpu       ] GC(293) User=0.01s Sys=0.00s Real=0.00s
[0.972s][info ][gc,start     ] GC(294) Pause Young (Allocation Failure)
[0.972s][info ][gc,task      ] GC(294) Using 8 workers of 8 for evacuation
[0.973s][debug][gc,age       ] GC(294) Desired survivor size 1114112 bytes, new threshold 6 (max threshold 6)
[0.973s][info ][gc,heap      ] GC(294) ParNew: 19265K->787K(19648K)
[0.973s][info ][gc,heap      ] GC(294) CMS: 30953K->32125K(43712K)
[0.973s][info ][gc,metaspace ] GC(294) Metaspace: 5319K->5319K(1056768K)
[0.973s][info ][gc           ] GC(294) Pause Young (Allocation Failure) 49M->32M(61M) 1.174ms
[0.973s][info ][gc,cpu       ] GC(294) User=0.00s Sys=0.00s Real=0.00s
[0.975s][info ][gc,start     ] GC(295) Pause Young (Allocation Failure)
[0.975s][info ][gc,task      ] GC(295) Using 8 workers of 8 for evacuation
[0.976s][debug][gc,age       ] GC(295) Desired survivor size 1114112 bytes, new threshold 1 (max threshold 6)
[0.976s][info ][gc,heap      ] GC(295) ParNew: 18213K->1959K(19648K)
[0.976s][info ][gc,heap      ] GC(295) CMS: 32125K->32516K(43712K)
[0.976s][info ][gc,metaspace ] GC(295) Metaspace: 5319K->5319K(1056768K)
[0.976s][info ][gc           ] GC(295) Pause Young (Allocation Failure) 49M->33M(61M) 1.733ms
[0.976s][info ][gc,cpu       ] GC(295) User=0.00s Sys=0.00s Real=0.00s
[0.978s][info ][gc,start     ] GC(296) Pause Young (Allocation Failure)
[0.978s][info ][gc,task      ] GC(296) Using 8 workers of 8 for evacuation
[0.979s][debug][gc,age       ] GC(296) Desired survivor size 1114112 bytes, new threshold 1 (max threshold 6)
[0.979s][info ][gc,heap      ] GC(296) ParNew: 19075K->1959K(19648K)
[0.979s][info ][gc,heap      ] GC(296) CMS: 32516K->34080K(43712K)
[0.979s][info ][gc,metaspace ] GC(296) Metaspace: 5319K->5319K(1056768K)
[0.979s][info ][gc           ] GC(296) Pause Young (Allocation Failure) 50M->35M(61M) 1.480ms
[0.979s][info ][gc,cpu       ] GC(296) User=0.01s Sys=0.00s Real=0.00s
[0.981s][info ][gc,start     ] GC(297) Pause Young (Allocation Failure)
[0.981s][info ][gc,task      ] GC(297) Using 8 workers of 8 for evacuation
[0.981s][debug][gc,age       ] GC(297) Desired survivor size 1114112 bytes, new threshold 1 (max threshold 6)
[0.981s][info ][gc,heap      ] GC(297) ParNew: 19378K->1181K(19648K)
[0.981s][info ][gc,heap      ] GC(297) CMS: 34080K->35643K(43712K)
[0.981s][info ][gc,metaspace ] GC(297) Metaspace: 5319K->5319K(1056768K)
[0.981s][info ][gc           ] GC(297) Pause Young (Allocation Failure) 52M->35M(61M) 0.587ms
[0.981s][info ][gc,cpu       ] GC(297) User=0.00s Sys=0.00s Real=0.00s
[0.983s][info ][gc,start     ] GC(298) Pause Young (Allocation Failure)
[0.983s][info ][gc,task      ] GC(298) Using 8 workers of 8 for evacuation
[0.985s][debug][gc,age       ] GC(298) Desired survivor size 1114112 bytes, new threshold 1 (max threshold 6)
[0.985s][info ][gc,heap      ] GC(298) ParNew: 18270K->1957K(19648K)
[0.985s][info ][gc,heap      ] GC(298) CMS: 35643K->36816K(43712K)
[0.985s][info ][gc,metaspace ] GC(298) Metaspace: 5319K->5319K(1056768K)
[0.985s][info ][gc           ] GC(298) Pause Young (Allocation Failure) 52M->37M(61M) 1.427ms
[0.985s][info ][gc,cpu       ] GC(298) User=0.01s Sys=0.00s Real=0.01s
[0.987s][info ][gc,start     ] GC(299) Pause Young (Allocation Failure)
[0.987s][info ][gc,task      ] GC(299) Using 8 workers of 8 for evacuation
[0.988s][debug][gc,age       ] GC(299) Desired survivor size 1114112 bytes, new threshold 6 (max threshold 6)
[0.988s][info ][gc,heap      ] GC(299) ParNew: 19247K->793K(19648K)
[0.988s][info ][gc,heap      ] GC(299) CMS: 36816K->37989K(43712K)
[0.988s][info ][gc,metaspace ] GC(299) Metaspace: 5319K->5319K(1056768K)
[0.988s][info ][gc           ] GC(299) Pause Young (Allocation Failure) 54M->37M(61M) 1.024ms
[0.988s][info ][gc,cpu       ] GC(299) User=0.01s Sys=0.00s Real=0.00s
[0.990s][info ][gc,start     ] GC(300) Pause Young (Allocation Failure)
[0.990s][info ][gc,task      ] GC(300) Using 8 workers of 8 for evacuation
[0.992s][debug][gc,age       ] GC(300) Desired survivor size 1114112 bytes, new threshold 2 (max threshold 6)
[0.992s][info ][gc,heap      ] GC(300) ParNew: 18188K->1175K(19648K)
[0.992s][info ][gc,heap      ] GC(300) CMS: 37989K->37989K(43712K)
[0.992s][info ][gc,metaspace ] GC(300) Metaspace: 5319K->5319K(1056768K)
[0.992s][info ][gc           ] GC(300) Pause Young (Allocation Failure) 54M->38M(61M) 1.706ms
[0.992s][info ][gc,cpu       ] GC(300) User=0.01s Sys=0.00s Real=0.00s
[0.993s][info ][gc,start     ] GC(301) Pause Young (Allocation Failure)
[0.993s][info ][gc,task      ] GC(301) Using 8 workers of 8 for evacuation
[0.995s][debug][gc,age       ] GC(301) Desired survivor size 1114112 bytes, new threshold 1 (max threshold 6)
[0.995s][info ][gc,heap      ] GC(301) ParNew: 18274K->1957K(19648K)
[0.995s][info ][gc,heap      ] GC(301) CMS: 37989K->38379K(43712K)
[0.995s][info ][gc,metaspace ] GC(301) Metaspace: 5319K->5319K(1056768K)
[0.995s][info ][gc           ] GC(301) Pause Young (Allocation Failure) 54M->39M(61M) 1.712ms
[0.995s][info ][gc,cpu       ] GC(301) User=0.00s Sys=0.00s Real=0.01s
[0.997s][info ][gc,start     ] GC(302) Pause Young (Allocation Failure)
[0.997s][info ][gc,task      ] GC(302) Using 8 workers of 8 for evacuation
[0.999s][debug][gc,age       ] GC(302) Desired survivor size 1114112 bytes, new threshold 1 (max threshold 6)
[0.999s][info ][gc,heap      ] GC(302) ParNew: 19245K->1955K(19648K)
[0.999s][info ][gc,heap      ] GC(302) CMS: 38379K->39161K(43712K)
[0.999s][info ][gc,metaspace ] GC(302) Metaspace: 5319K->5319K(1056768K)
[0.999s][info ][gc           ] GC(302) Pause Young (Allocation Failure) 56M->40M(61M) 1.953ms
[0.999s][info ][gc,cpu       ] GC(302) User=0.01s Sys=0.00s Real=0.00s
[1.001s][info ][gc,start     ] GC(303) Pause Young (Allocation Failure)
[1.001s][info ][gc,task      ] GC(303) Using 8 workers of 8 for evacuation
[1.003s][debug][gc,age       ] GC(303) Desired survivor size 1114112 bytes, new threshold 1 (max threshold 6)
[1.003s][info ][gc,heap      ] GC(303) ParNew: 19098K->1179K(19648K)
[1.003s][info ][gc,heap      ] GC(303) CMS: 39161K->40334K(43712K)
[1.003s][info ][gc,metaspace ] GC(303) Metaspace: 5319K->5319K(1056768K)
[1.003s][info ][gc           ] GC(303) Pause Young (Allocation Failure) 56M->40M(61M) 1.493ms
[1.003s][info ][gc,cpu       ] GC(303) User=0.00s Sys=0.00s Real=0.00s
[1.003s][info ][gc,start     ] GC(304) Pause Initial Mark
[1.003s][info ][gc           ] GC(304) Pause Initial Mark 42M->42M(61M) 0.173ms
[1.003s][info ][gc,cpu       ] GC(304) User=0.00s Sys=0.00s Real=0.00s
[1.003s][info ][gc           ] GC(304) Concurrent Mark
[1.003s][info ][gc,task      ] GC(304) Using 2 workers of 2 for marking
[1.005s][info ][gc,start     ] GC(305) Pause Young (Allocation Failure)
[1.005s][info ][gc,task      ] GC(305) Using 8 workers of 8 for evacuation
[1.006s][debug][gc,age       ] GC(305) Desired survivor size 1114112 bytes, new threshold 1 (max threshold 6)
[1.006s][info ][gc,heap      ] GC(305) ParNew: 18387K->1568K(19648K)
[1.006s][info ][gc,heap      ] GC(305) CMS: 40334K->41116K(43712K)
[1.006s][info ][gc,metaspace ] GC(305) Metaspace: 5319K->5319K(1056768K)
[1.006s][info ][gc           ] GC(305) Pause Young (Allocation Failure) 57M->41M(61M) 0.932ms
[1.006s][info ][gc,cpu       ] GC(305) User=0.01s Sys=0.00s Real=0.00s
[1.006s][info ][gc           ] GC(304) Concurrent Mark 3.042ms
[1.007s][info ][gc,cpu       ] GC(304) User=0.02s Sys=0.00s Real=0.01s
[1.007s][info ][gc           ] GC(304) Concurrent Preclean
[1.007s][info ][gc           ] GC(304) Concurrent Preclean 0.217ms
[1.007s][info ][gc,cpu       ] GC(304) User=0.00s Sys=0.00s Real=0.00s
[1.007s][info ][gc           ] GC(304) Concurrent Abortable Preclean
[1.008s][info ][gc,start     ] GC(306) Pause Young (Allocation Failure)
[1.008s][info ][gc,task      ] GC(306) Using 8 workers of 8 for evacuation
[1.009s][debug][gc,age       ] GC(306) Desired survivor size 1114112 bytes, new threshold 1 (max threshold 6)
[1.009s][info ][gc,heap      ] GC(306) ParNew: 18810K->1969K(19648K)
[1.009s][info ][gc,heap      ] GC(306) CMS: 41116K->41898K(43712K)
[1.009s][info ][gc,metaspace ] GC(306) Metaspace: 5319K->5319K(1056768K)
[1.009s][info ][gc           ] GC(306) Pause Young (Allocation Failure) 58M->42M(61M) 1.482ms
[1.009s][info ][gc,cpu       ] GC(306) User=0.00s Sys=0.00s Real=0.00s
[1.011s][info ][gc,start     ] GC(307) Pause Young (Allocation Failure)
[1.011s][info ][gc,task      ] GC(307) Using 8 workers of 8 for evacuation
[1.012s][debug][gc,age       ] GC(307) Desired survivor size 1114112 bytes, new threshold 1 (max threshold 6)
[1.012s][info ][gc,heap      ] GC(307) ParNew: 19308K->1961K(19648K)
[1.012s][info ][gc,heap      ] GC(307) CMS: 41898K->42679K(43712K)
[1.012s][info ][gc,metaspace ] GC(307) Metaspace: 5319K->5319K(1056768K)
[1.013s][info ][gc           ] GC(307) Pause Young (Allocation Failure) 59M->43M(61M) 1.531ms
[1.013s][info ][gc,cpu       ] GC(307) User=0.01s Sys=0.00s Real=0.00s
[1.015s][info ][gc,start     ] GC(308) Pause Young (Allocation Failure)
[1.015s][info ][gc,task      ] GC(308) Using 8 workers of 8 for evacuation
[1.017s][info ][gc,promotion ] Promotion failed
[1.017s][info ][gc,start     ] GC(309) Pause Full (Allocation Failure)
[1.017s][info ][gc           ] GC(304) Concurrent Abortable Preclean 10.567ms
[1.017s][info ][gc,cpu       ] GC(304) User=0.04s Sys=0.00s Real=0.01s
[1.017s][info ][gc,phases,start] GC(309) Phase 1: Mark live objects
[1.019s][debug][gc,phases      ] GC(309) Reference Processing 0.021ms
[1.019s][debug][gc,phases      ] GC(309) Weak Processing 0.004ms
[1.019s][debug][gc,phases      ] GC(309) ClassLoaderData 0.011ms
[1.019s][debug][gc,phases      ] GC(309) ProtectionDomainCacheTable 0.002ms
[1.019s][debug][gc,phases      ] GC(309) ResolvedMethodTable 0.006ms
[1.019s][debug][gc,phases      ] GC(309) Class Unloading 0.165ms
[1.019s][debug][gc,phases      ] GC(309) Scrub String Table 0.021ms
[1.019s][debug][gc,phases      ] GC(309) Scrub Symbol Table 0.449ms
[1.019s][info ][gc,phases      ] GC(309) Phase 1: Mark live objects 1.788ms
[1.019s][info ][gc,phases,start] GC(309) Phase 2: Compute new object addresses
[1.020s][info ][gc,phases      ] GC(309) Phase 2: Compute new object addresses 0.485ms
[1.020s][info ][gc,phases,start] GC(309) Phase 3: Adjust pointers
[1.021s][info ][gc,phases      ] GC(309) Phase 3: Adjust pointers 1.138ms
[1.021s][info ][gc,phases,start] GC(309) Phase 4: Move objects
[1.022s][info ][gc,phases      ] GC(309) Phase 4: Move objects 0.903ms
[1.022s][info ][gc             ] GC(309) Pause Full (Allocation Failure) 60M->3M(61M) 4.853ms
[1.022s][info ][gc,heap        ] GC(308) ParNew: 19433K->0K(19648K)
[1.022s][info ][gc,heap        ] GC(308) CMS: 42679K->3893K(43712K)
[1.022s][info ][gc,metaspace   ] GC(308) Metaspace: 5319K->5319K(1056768K)
[1.022s][info ][gc             ] GC(308) Pause Young (Allocation Failure) 60M->3M(61M) 7.425ms
[1.022s][info ][gc,cpu         ] GC(308) User=0.02s Sys=0.00s Real=0.00s
[1.024s][info ][gc,start       ] GC(310) Pause Young (Allocation Failure)
[1.024s][info ][gc,task        ] GC(310) Using 8 workers of 8 for evacuation
[1.025s][debug][gc,age         ] GC(310) Desired survivor size 1114112 bytes, new threshold 1 (max threshold 6)
[1.025s][info ][gc,heap        ] GC(310) ParNew: 17234K->1959K(19648K)
[1.025s][info ][gc,heap        ] GC(310) CMS: 3893K->3893K(43712K)
[1.025s][info ][gc,metaspace   ] GC(310) Metaspace: 5319K->5319K(1056768K)
[1.025s][info ][gc             ] GC(310) Pause Young (Allocation Failure) 20M->5M(61M) 1.449ms
[1.025s][info ][gc,cpu         ] GC(310) User=0.00s Sys=0.00s Real=0.01s
[1.027s][info ][gc,start       ] GC(311) Pause Young (Allocation Failure)
[1.027s][info ][gc,task        ] GC(311) Using 8 workers of 8 for evacuation
[1.028s][debug][gc,age         ] GC(311) Desired survivor size 1114112 bytes, new threshold 1 (max threshold 6)
[1.028s][info ][gc,heap        ] GC(311) ParNew: 19202K->1959K(19648K)
[1.028s][info ][gc,heap        ] GC(311) CMS: 3893K->5072K(43712K)
[1.028s][info ][gc,metaspace   ] GC(311) Metaspace: 5319K->5319K(1056768K)
[1.028s][info ][gc             ] GC(311) Pause Young (Allocation Failure) 22M->6M(61M) 1.498ms
[1.028s][info ][gc,cpu         ] GC(311) User=0.01s Sys=0.00s Real=0.00s
[1.030s][info ][gc,start       ] GC(312) Pause Young (Allocation Failure)
[1.030s][info ][gc,task        ] GC(312) Using 8 workers of 8 for evacuation
[1.031s][debug][gc,age         ] GC(312) Desired survivor size 1114112 bytes, new threshold 6 (max threshold 6)
[1.031s][info ][gc,heap        ] GC(312) ParNew: 19318K->785K(19648K)
[1.031s][info ][gc,heap        ] GC(312) CMS: 5072K->6635K(43712K)
[1.031s][info ][gc,metaspace   ] GC(312) Metaspace: 5319K->5319K(1056768K)
[1.032s][info ][gc             ] GC(312) Pause Young (Allocation Failure) 23M->7M(61M) 1.492ms
[1.032s][info ][gc,cpu         ] GC(312) User=0.01s Sys=0.00s Real=0.00s
[1.033s][info ][gc,start       ] GC(313) Pause Young (Allocation Failure)
[1.033s][info ][gc,task        ] GC(313) Using 8 workers of 8 for evacuation
[1.034s][debug][gc,age         ] GC(313) Desired survivor size 1114112 bytes, new threshold 1 (max threshold 6)
[1.034s][info ][gc,heap        ] GC(313) ParNew: 18257K->1959K(19648K)
[1.034s][info ][gc,heap        ] GC(313) CMS: 6635K->7026K(43712K)
[1.034s][info ][gc,metaspace   ] GC(313) Metaspace: 5319K->5319K(1056768K)
[1.034s][info ][gc             ] GC(313) Pause Young (Allocation Failure) 24M->8M(61M) 1.356ms
[1.034s][info ][gc,cpu         ] GC(313) User=0.00s Sys=0.00s Real=0.01s
[1.037s][info ][gc,start       ] GC(314) Pause Young (Allocation Failure)
[1.037s][info ][gc,task        ] GC(314) Using 8 workers of 8 for evacuation
[1.038s][debug][gc,age         ] GC(314) Desired survivor size 1114112 bytes, new threshold 1 (max threshold 6)
[1.038s][info ][gc,heap        ] GC(314) ParNew: 19166K->1566K(19648K)
[1.038s][info ][gc,heap        ] GC(314) CMS: 7026K->7417K(43712K)
[1.038s][info ][gc,metaspace   ] GC(314) Metaspace: 5319K->5319K(1056768K)
[1.038s][info ][gc             ] GC(314) Pause Young (Allocation Failure) 25M->8M(61M) 1.554ms
[1.038s][info ][gc,cpu         ] GC(314) User=0.01s Sys=0.00s Real=0.00s
[1.040s][info ][gc,start       ] GC(315) Pause Young (Allocation Failure)
[1.040s][info ][gc,task        ] GC(315) Using 8 workers of 8 for evacuation
[1.042s][debug][gc,age         ] GC(315) Desired survivor size 1114112 bytes, new threshold 1 (max threshold 6)
[1.042s][info ][gc,heap        ] GC(315) ParNew: 18770K->1957K(19648K)
[1.042s][info ][gc,heap        ] GC(315) CMS: 7417K->8590K(43712K)
[1.042s][info ][gc,metaspace   ] GC(315) Metaspace: 5319K->5319K(1056768K)
[1.042s][info ][gc             ] GC(315) Pause Young (Allocation Failure) 25M->10M(61M) 2.060ms
[1.042s][info ][gc,cpu         ] GC(315) User=0.00s Sys=0.00s Real=0.00s
[1.044s][info ][gc,start       ] GC(316) Pause Young (Allocation Failure)
[1.044s][info ][gc,task        ] GC(316) Using 8 workers of 8 for evacuation
[1.045s][debug][gc,age         ] GC(316) Desired survivor size 1114112 bytes, new threshold 1 (max threshold 6)
[1.045s][info ][gc,heap        ] GC(316) ParNew: 19078K->1955K(19648K)
[1.045s][info ][gc,heap        ] GC(316) CMS: 8590K->8981K(43712K)
[1.045s][info ][gc,metaspace   ] GC(316) Metaspace: 5319K->5319K(1056768K)
[1.045s][info ][gc             ] GC(316) Pause Young (Allocation Failure) 27M->10M(61M) 1.645ms
[1.045s][info ][gc,cpu         ] GC(316) User=0.01s Sys=0.00s Real=0.01s
[1.047s][info ][gc,start       ] GC(317) Pause Young (Allocation Failure)
[1.047s][info ][gc,task        ] GC(317) Using 8 workers of 8 for evacuation
[1.048s][debug][gc,age         ] GC(317) Desired survivor size 1114112 bytes, new threshold 1 (max threshold 6)
[1.048s][info ][gc,heap        ] GC(317) ParNew: 19427K->1961K(19648K)
[1.048s][info ][gc,heap        ] GC(317) CMS: 8981K->10153K(43712K)
[1.048s][info ][gc,metaspace   ] GC(317) Metaspace: 5319K->5319K(1056768K)
[1.048s][info ][gc             ] GC(317) Pause Young (Allocation Failure) 27M->11M(61M) 1.673ms
[1.048s][info ][gc,cpu         ] GC(317) User=0.01s Sys=0.00s Real=0.00s
[1.050s][info ][gc,start       ] GC(318) Pause Young (Allocation Failure)
[1.050s][info ][gc,task        ] GC(318) Using 8 workers of 8 for evacuation
[1.051s][debug][gc,age         ] GC(318) Desired survivor size 1114112 bytes, new threshold 1 (max threshold 6)
[1.051s][info ][gc,heap        ] GC(318) ParNew: 19406K->1566K(19648K)
[1.051s][info ][gc,heap        ] GC(318) CMS: 10153K->11330K(43712K)
[1.051s][info ][gc,metaspace   ] GC(318) Metaspace: 5319K->5319K(1056768K)
[1.051s][info ][gc             ] GC(318) Pause Young (Allocation Failure) 28M->12M(61M) 1.370ms
[1.051s][info ][gc,cpu         ] GC(318) User=0.00s Sys=0.00s Real=0.00s
[1.053s][info ][gc,start       ] GC(319) Pause Young (Allocation Failure)
[1.053s][info ][gc,task        ] GC(319) Using 8 workers of 8 for evacuation
[1.054s][debug][gc,age         ] GC(319) Desired survivor size 1114112 bytes, new threshold 6 (max threshold 6)
[1.054s][info ][gc,heap        ] GC(319) ParNew: 18959K->400K(19648K)
[1.054s][info ][gc,heap        ] GC(319) CMS: 11330K->12114K(43712K)
[1.054s][info ][gc,metaspace   ] GC(319) Metaspace: 5319K->5319K(1056768K)
[1.054s][info ][gc             ] GC(319) Pause Young (Allocation Failure) 29M->12M(61M) 1.087ms
[1.054s][info ][gc,cpu         ] GC(319) User=0.01s Sys=0.00s Real=0.01s
[1.056s][info ][gc,start       ] GC(320) Pause Young (Allocation Failure)
[1.056s][info ][gc,task        ] GC(320) Using 8 workers of 8 for evacuation
[1.057s][debug][gc,age         ] GC(320) Desired survivor size 1114112 bytes, new threshold 1 (max threshold 6)
[1.058s][info ][gc,heap        ] GC(320) ParNew: 17589K->1175K(19648K)
[1.058s][info ][gc,heap        ] GC(320) CMS: 12114K->12114K(43712K)
[1.058s][info ][gc,metaspace   ] GC(320) Metaspace: 5319K->5319K(1056768K)
[1.058s][info ][gc             ] GC(320) Pause Young (Allocation Failure) 29M->12M(61M) 1.294ms
[1.058s][info ][gc,cpu         ] GC(320) User=0.01s Sys=0.00s Real=0.00s
[1.059s][info ][gc,start       ] GC(321) Pause Young (Allocation Failure)
[1.059s][info ][gc,task        ] GC(321) Using 8 workers of 8 for evacuation
[1.060s][debug][gc,age         ] GC(321) Desired survivor size 1114112 bytes, new threshold 1 (max threshold 6)
[1.060s][info ][gc,heap        ] GC(321) ParNew: 18636K->1568K(19648K)
[1.060s][info ][gc,heap        ] GC(321) CMS: 12114K->12897K(43712K)
[1.060s][info ][gc,metaspace   ] GC(321) Metaspace: 5319K->5319K(1056768K)
[1.060s][info ][gc             ] GC(321) Pause Young (Allocation Failure) 30M->14M(61M) 1.262ms
[1.060s][info ][gc,cpu         ] GC(321) User=0.00s Sys=0.00s Real=0.00s
[1.062s][info ][gc,start       ] GC(322) Pause Young (Allocation Failure)
[1.062s][info ][gc,task        ] GC(322) Using 8 workers of 8 for evacuation
[1.063s][debug][gc,age         ] GC(322) Desired survivor size 1114112 bytes, new threshold 1 (max threshold 6)
[1.063s][info ][gc,heap        ] GC(322) ParNew: 19006K->1175K(19648K)
[1.064s][info ][gc,heap        ] GC(322) CMS: 12897K->14069K(43712K)
[1.064s][info ][gc,metaspace   ] GC(322) Metaspace: 5319K->5319K(1056768K)
[1.064s][info ][gc             ] GC(322) Pause Young (Allocation Failure) 31M->14M(61M) 1.744ms
[1.064s][info ][gc,cpu         ] GC(322) User=0.01s Sys=0.00s Real=0.00s
[1.065s][info ][gc,start       ] GC(323) Pause Young (Allocation Failure)
[1.065s][info ][gc,task        ] GC(323) Using 8 workers of 8 for evacuation
[1.066s][debug][gc,age         ] GC(323) Desired survivor size 1114112 bytes, new threshold 1 (max threshold 6)
[1.066s][info ][gc,heap        ] GC(323) ParNew: 18533K->1957K(19648K)
[1.066s][info ][gc,heap        ] GC(323) CMS: 14069K->14069K(43712K)
[1.067s][info ][gc,metaspace   ] GC(323) Metaspace: 5319K->5319K(1056768K)
[1.067s][info ][gc             ] GC(323) Pause Young (Allocation Failure) 31M->15M(61M) 1.370ms
[1.067s][info ][gc,cpu         ] GC(323) User=0.01s Sys=0.00s Real=0.00s
[1.068s][info ][gc,start       ] GC(324) Pause Young (Allocation Failure)
[1.068s][info ][gc,task        ] GC(324) Using 8 workers of 8 for evacuation
[1.070s][debug][gc,age         ] GC(324) Desired survivor size 1114112 bytes, new threshold 1 (max threshold 6)
[1.070s][info ][gc,heap        ] GC(324) ParNew: 19372K->1175K(19648K)
[1.070s][info ][gc,heap        ] GC(324) CMS: 14069K->15633K(43712K)
[1.070s][info ][gc,metaspace   ] GC(324) Metaspace: 5319K->5319K(1056768K)
[1.070s][info ][gc             ] GC(324) Pause Young (Allocation Failure) 32M->16M(61M) 2.069ms
[1.070s][info ][gc,cpu         ] GC(324) User=0.00s Sys=0.00s Real=0.00s
[1.072s][info ][gc,start       ] GC(325) Pause Young (Allocation Failure)
[1.072s][info ][gc,task        ] GC(325) Using 8 workers of 8 for evacuation
[1.074s][debug][gc,age         ] GC(325) Desired survivor size 1114112 bytes, new threshold 6 (max threshold 6)
[1.074s][info ][gc,heap        ] GC(325) ParNew: 18624K->392K(19648K)
[1.074s][info ][gc,heap        ] GC(325) CMS: 15633K->16415K(43712K)
[1.074s][info ][gc,metaspace   ] GC(325) Metaspace: 5319K->5319K(1056768K)
[1.074s][info ][gc             ] GC(325) Pause Young (Allocation Failure) 33M->16M(61M) 2.500ms
[1.074s][info ][gc,cpu         ] GC(325) User=0.01s Sys=0.00s Real=0.01s
[1.076s][info ][gc,start       ] GC(326) Pause Young (Allocation Failure)
[1.076s][info ][gc,task        ] GC(326) Using 8 workers of 8 for evacuation
[1.077s][debug][gc,age         ] GC(326) Desired survivor size 1114112 bytes, new threshold 1 (max threshold 6)
[1.077s][info ][gc,heap        ] GC(326) ParNew: 17721K->1175K(19648K)
[1.077s][info ][gc,heap        ] GC(326) CMS: 16415K->16415K(43712K)
[1.077s][info ][gc,metaspace   ] GC(326) Metaspace: 5319K->5319K(1056768K)
[1.077s][info ][gc             ] GC(326) Pause Young (Allocation Failure) 33M->17M(61M) 1.231ms
[1.077s][info ][gc,cpu         ] GC(326) User=0.01s Sys=0.00s Real=0.00s
[1.079s][info ][gc,start       ] GC(327) Pause Young (Allocation Failure)
[1.079s][info ][gc,task        ] GC(327) Using 8 workers of 8 for evacuation
[1.080s][debug][gc,age         ] GC(327) Desired survivor size 1114112 bytes, new threshold 1 (max threshold 6)
[1.080s][info ][gc,heap        ] GC(327) ParNew: 18459K->1959K(19648K)
[1.080s][info ][gc,heap        ] GC(327) CMS: 16415K->17197K(43712K)
[1.080s][info ][gc,metaspace   ] GC(327) Metaspace: 5319K->5319K(1056768K)
[1.080s][info ][gc             ] GC(327) Pause Young (Allocation Failure) 34M->18M(61M) 1.228ms
[1.080s][info ][gc,cpu         ] GC(327) User=0.00s Sys=0.00s Real=0.00s
[1.081s][info ][gc,start       ] GC(328) Pause Young (Allocation Failure)
[1.081s][info ][gc,task        ] GC(328) Using 8 workers of 8 for evacuation
[1.082s][debug][gc,age         ] GC(328) Desired survivor size 1114112 bytes, new threshold 1 (max threshold 6)
[1.082s][info ][gc,heap        ] GC(328) ParNew: 19064K->1568K(19648K)
[1.082s][info ][gc,heap        ] GC(328) CMS: 17197K->17979K(43712K)
[1.082s][info ][gc,metaspace   ] GC(328) Metaspace: 5319K->5319K(1056768K)
[1.082s][info ][gc             ] GC(328) Pause Young (Allocation Failure) 35M->19M(61M) 1.213ms
[1.082s][info ][gc,cpu         ] GC(328) User=0.00s Sys=0.00s Real=0.00s
[1.084s][info ][gc,start       ] GC(329) Pause Young (Allocation Failure)
[1.084s][info ][gc,task        ] GC(329) Using 8 workers of 8 for evacuation
[1.085s][debug][gc,age         ] GC(329) Desired survivor size 1114112 bytes, new threshold 1 (max threshold 6)
[1.085s][info ][gc,heap        ] GC(329) ParNew: 18756K->1568K(19648K)
[1.085s][info ][gc,heap        ] GC(329) CMS: 17979K->18760K(43712K)
[1.085s][info ][gc,metaspace   ] GC(329) Metaspace: 5319K->5319K(1056768K)
[1.085s][info ][gc             ] GC(329) Pause Young (Allocation Failure) 35M->19M(61M) 1.149ms
[1.085s][info ][gc,cpu         ] GC(329) User=0.00s Sys=0.00s Real=0.01s
[1.086s][info ][gc,start       ] GC(330) Pause Young (Allocation Failure)
[1.086s][info ][gc,task        ] GC(330) Using 8 workers of 8 for evacuation
[1.088s][debug][gc,age         ] GC(330) Desired survivor size 1114112 bytes, new threshold 1 (max threshold 6)
[1.088s][info ][gc,heap        ] GC(330) ParNew: 18796K->1957K(19648K)
[1.088s][info ][gc,heap        ] GC(330) CMS: 18760K->19152K(43712K)
[1.088s][info ][gc,metaspace   ] GC(330) Metaspace: 5319K->5319K(1056768K)
[1.088s][info ][gc             ] GC(330) Pause Young (Allocation Failure) 36M->20M(61M) 1.942ms
[1.088s][info ][gc,cpu         ] GC(330) User=0.01s Sys=0.00s Real=0.00s
[1.090s][info ][gc,start       ] GC(331) Pause Young (Allocation Failure)
[1.090s][info ][gc,task        ] GC(331) Using 8 workers of 8 for evacuation
[1.092s][debug][gc,age         ] GC(331) Desired survivor size 1114112 bytes, new threshold 6 (max threshold 6)
[1.092s][info ][gc,heap        ] GC(331) ParNew: 19336K->785K(19648K)
[1.092s][info ][gc,heap        ] GC(331) CMS: 19152K->19934K(43712K)
[1.092s][info ][gc,metaspace   ] GC(331) Metaspace: 5319K->5319K(1056768K)
[1.092s][info ][gc             ] GC(331) Pause Young (Allocation Failure) 37M->20M(61M) 1.897ms
[1.092s][info ][gc,cpu         ] GC(331) User=0.01s Sys=0.00s Real=0.00s
[1.093s][info ][gc,start       ] GC(332) Pause Young (Allocation Failure)
[1.093s][info ][gc,task        ] GC(332) Using 8 workers of 8 for evacuation
[1.094s][debug][gc,age         ] GC(332) Desired survivor size 1114112 bytes, new threshold 6 (max threshold 6)
[1.094s][info ][gc,heap        ] GC(332) ParNew: 18199K->787K(19648K)
[1.094s][info ][gc,heap        ] GC(332) CMS: 19934K->19934K(43712K)
[1.094s][info ][gc,metaspace   ] GC(332) Metaspace: 5319K->5319K(1056768K)
[1.094s][info ][gc             ] GC(332) Pause Young (Allocation Failure) 37M->20M(61M) 1.208ms
[1.095s][info ][gc,cpu         ] GC(332) User=0.00s Sys=0.00s Real=0.01s
[1.096s][info ][gc,start       ] GC(333) Pause Young (Allocation Failure)
[1.096s][info ][gc,task        ] GC(333) Using 8 workers of 8 for evacuation
[1.097s][debug][gc,age         ] GC(333) Desired survivor size 1114112 bytes, new threshold 1 (max threshold 6)
[1.097s][info ][gc,heap        ] GC(333) ParNew: 17915K->1959K(19648K)
[1.097s][info ][gc,heap        ] GC(333) CMS: 19934K->19934K(43712K)
[1.097s][info ][gc,metaspace   ] GC(333) Metaspace: 5319K->5319K(1056768K)
[1.097s][info ][gc             ] GC(333) Pause Young (Allocation Failure) 36M->21M(61M) 1.188ms
[1.097s][info ][gc,cpu         ] GC(333) User=0.01s Sys=0.00s Real=0.00s
[1.099s][info ][gc,start       ] GC(334) Pause Young (Allocation Failure)
[1.099s][info ][gc,task        ] GC(334) Using 8 workers of 8 for evacuation
[1.100s][debug][gc,age         ] GC(334) Desired survivor size 1114112 bytes, new threshold 6 (max threshold 6)
[1.100s][info ][gc,heap        ] GC(334) ParNew: 19420K->785K(19648K)
[1.100s][info ][gc,heap        ] GC(334) CMS: 19934K->20326K(43712K)
[1.100s][info ][gc,metaspace   ] GC(334) Metaspace: 5319K->5319K(1056768K)
[1.100s][info ][gc             ] GC(334) Pause Young (Allocation Failure) 38M->20M(61M) 1.397ms
[1.100s][info ][gc,cpu         ] GC(334) User=0.00s Sys=0.01s Real=0.00s
[1.102s][info ][gc,start       ] GC(335) Pause Young (Allocation Failure)
[1.103s][info ][gc,task        ] GC(335) Using 8 workers of 8 for evacuation
[1.104s][debug][gc,age         ] GC(335) Desired survivor size 1114112 bytes, new threshold 6 (max threshold 6)
[1.104s][info ][gc,heap        ] GC(335) ParNew: 18128K->785K(19648K)
[1.104s][info ][gc,heap        ] GC(335) CMS: 20326K->20326K(43712K)
[1.104s][info ][gc,metaspace   ] GC(335) Metaspace: 5319K->5319K(1056768K)
[1.104s][info ][gc             ] GC(335) Pause Young (Allocation Failure) 37M->20M(61M) 1.228ms
[1.104s][info ][gc,cpu         ] GC(335) User=0.00s Sys=0.00s Real=0.00s
[1.106s][info ][gc,start       ] GC(336) Pause Young (Allocation Failure)
[1.106s][info ][gc,task        ] GC(336) Using 8 workers of 8 for evacuation
[1.106s][debug][gc,age         ] GC(336) Desired survivor size 1114112 bytes, new threshold 1 (max threshold 6)
[1.106s][info ][gc,heap        ] GC(336) ParNew: 18163K->1182K(19648K)
[1.106s][info ][gc,heap        ] GC(336) CMS: 20326K->20326K(43712K)
[1.106s][info ][gc,metaspace   ] GC(336) Metaspace: 5319K->5319K(1056768K)
[1.106s][info ][gc             ] GC(336) Pause Young (Allocation Failure) 37M->21M(61M) 0.919ms
[1.106s][info ][gc,cpu         ] GC(336) User=0.01s Sys=0.00s Real=0.00s
[1.108s][info ][gc,start       ] GC(337) Pause Young (Allocation Failure)
[1.108s][info ][gc,task        ] GC(337) Using 8 workers of 8 for evacuation
[1.110s][debug][gc,age         ] GC(337) Desired survivor size 1114112 bytes, new threshold 6 (max threshold 6)
[1.110s][info ][gc,heap        ] GC(337) ParNew: 18614K->785K(19648K)
[1.110s][info ][gc,heap        ] GC(337) CMS: 20326K->20717K(43712K)
[1.110s][info ][gc,metaspace   ] GC(337) Metaspace: 5319K->5319K(1056768K)
[1.110s][info ][gc             ] GC(337) Pause Young (Allocation Failure) 38M->20M(61M) 1.358ms
[1.110s][info ][gc,cpu         ] GC(337) User=0.01s Sys=0.00s Real=0.00s
[1.111s][info ][gc,start       ] GC(338) Pause Young (Allocation Failure)
[1.111s][info ][gc,task        ] GC(338) Using 8 workers of 8 for evacuation
[1.112s][debug][gc,age         ] GC(338) Desired survivor size 1114112 bytes, new threshold 2 (max threshold 6)
[1.112s][info ][gc,heap        ] GC(338) ParNew: 18176K->1175K(19648K)
[1.112s][info ][gc,heap        ] GC(338) CMS: 20717K->20717K(43712K)
[1.112s][info ][gc,metaspace   ] GC(338) Metaspace: 5319K->5319K(1056768K)
[1.112s][info ][gc             ] GC(338) Pause Young (Allocation Failure) 37M->21M(61M) 1.177ms
[1.112s][info ][gc,cpu         ] GC(338) User=0.00s Sys=0.00s Real=0.00s
[1.114s][info ][gc,start       ] GC(339) Pause Young (Allocation Failure)
[1.114s][info ][gc,task        ] GC(339) Using 8 workers of 8 for evacuation
[1.115s][debug][gc,age         ] GC(339) Desired survivor size 1114112 bytes, new threshold 1 (max threshold 6)
[1.115s][info ][gc,heap        ] GC(339) ParNew: 18375K->1566K(19648K)
[1.115s][info ][gc,heap        ] GC(339) CMS: 20717K->21108K(43712K)
[1.115s][info ][gc,metaspace   ] GC(339) Metaspace: 5319K->5319K(1056768K)
[1.115s][info ][gc             ] GC(339) Pause Young (Allocation Failure) 38M->22M(61M) 1.646ms
[1.115s][info ][gc,cpu         ] GC(339) User=0.01s Sys=0.00s Real=0.01s
[1.117s][info ][gc,start       ] GC(340) Pause Young (Allocation Failure)
[1.117s][info ][gc,task        ] GC(340) Using 8 workers of 8 for evacuation
[1.118s][debug][gc,age         ] GC(340) Desired survivor size 1114112 bytes, new threshold 6 (max threshold 6)
[1.118s][info ][gc,heap        ] GC(340) ParNew: 18969K->789K(19648K)
[1.118s][info ][gc,heap        ] GC(340) CMS: 21108K->21890K(43712K)
[1.118s][info ][gc,metaspace   ] GC(340) Metaspace: 5319K->5319K(1056768K)
[1.118s][info ][gc             ] GC(340) Pause Young (Allocation Failure) 39M->22M(61M) 1.171ms
[1.118s][info ][gc,cpu         ] GC(340) User=0.01s Sys=0.00s Real=0.00s
[1.120s][info ][gc,start       ] GC(341) Pause Young (Allocation Failure)
[1.120s][info ][gc,task        ] GC(341) Using 8 workers of 8 for evacuation
[1.121s][debug][gc,age         ] GC(341) Desired survivor size 1114112 bytes, new threshold 6 (max threshold 6)
[1.121s][info ][gc,heap        ] GC(341) ParNew: 18261K->6K(19648K)
[1.121s][info ][gc,heap        ] GC(341) CMS: 21890K->21890K(43712K)
[1.121s][info ][gc,metaspace   ] GC(341) Metaspace: 5319K->5319K(1056768K)
[1.121s][info ][gc             ] GC(341) Pause Young (Allocation Failure) 39M->21M(61M) 1.060ms
[1.121s][info ][gc,cpu         ] GC(341) User=0.01s Sys=0.00s Real=0.00s
[1.122s][info ][gc,start       ] GC(342) Pause Young (Allocation Failure)
[1.122s][info ][gc,task        ] GC(342) Using 8 workers of 8 for evacuation
[1.124s][debug][gc,age         ] GC(342) Desired survivor size 1114112 bytes, new threshold 1 (max threshold 6)
[1.124s][info ][gc,heap        ] GC(342) ParNew: 17446K->1175K(19648K)
[1.124s][info ][gc,heap        ] GC(342) CMS: 21890K->21890K(43712K)
[1.124s][info ][gc,metaspace   ] GC(342) Metaspace: 5319K->5319K(1056768K)
[1.124s][info ][gc             ] GC(342) Pause Young (Allocation Failure) 38M->22M(61M) 1.739ms
[1.124s][info ][gc,cpu         ] GC(342) User=0.00s Sys=0.00s Real=0.01s
[1.126s][info ][gc,start       ] GC(343) Pause Young (Allocation Failure)
[1.126s][info ][gc,task        ] GC(343) Using 8 workers of 8 for evacuation
[1.127s][debug][gc,age         ] GC(343) Desired survivor size 1114112 bytes, new threshold 1 (max threshold 6)
[1.127s][info ][gc,heap        ] GC(343) ParNew: 18586K->1959K(19648K)
[1.127s][info ][gc,heap        ] GC(343) CMS: 21890K->22672K(43712K)
[1.127s][info ][gc,metaspace   ] GC(343) Metaspace: 5319K->5319K(1056768K)
[1.127s][info ][gc             ] GC(343) Pause Young (Allocation Failure) 39M->24M(61M) 1.230ms
[1.127s][info ][gc,cpu         ] GC(343) User=0.01s Sys=0.00s Real=0.00s
[1.129s][info ][gc,start       ] GC(344) Pause Young (Allocation Failure)
[1.129s][info ][gc,task        ] GC(344) Using 8 workers of 8 for evacuation
[1.131s][debug][gc,age         ] GC(344) Desired survivor size 1114112 bytes, new threshold 1 (max threshold 6)
[1.131s][info ][gc,heap        ] GC(344) ParNew: 19431K->1959K(19648K)
[1.131s][info ][gc,heap        ] GC(344) CMS: 22672K->23844K(43712K)
[1.131s][info ][gc,metaspace   ] GC(344) Metaspace: 5319K->5319K(1056768K)
[1.131s][info ][gc             ] GC(344) Pause Young (Allocation Failure) 41M->25M(61M) 1.423ms
[1.131s][info ][gc,cpu         ] GC(344) User=0.00s Sys=0.00s Real=0.00s
[1.133s][info ][gc,start       ] GC(345) Pause Young (Allocation Failure)
[1.133s][info ][gc,task        ] GC(345) Using 8 workers of 8 for evacuation
[1.135s][debug][gc,age         ] GC(345) Desired survivor size 1114112 bytes, new threshold 6 (max threshold 6)
[1.135s][info ][gc,heap        ] GC(345) ParNew: 19305K->392K(19648K)
[1.135s][info ][gc,heap        ] GC(345) CMS: 23844K->25408K(43712K)
[1.135s][info ][gc,metaspace   ] GC(345) Metaspace: 5319K->5319K(1056768K)
[1.135s][info ][gc             ] GC(345) Pause Young (Allocation Failure) 42M->25M(61M) 2.190ms
[1.135s][info ][gc,cpu         ] GC(345) User=0.01s Sys=0.00s Real=0.01s
[1.137s][info ][gc,start       ] GC(346) Pause Young (Allocation Failure)
[1.137s][info ][gc,task        ] GC(346) Using 8 workers of 8 for evacuation
[1.139s][debug][gc,age         ] GC(346) Desired survivor size 1114112 bytes, new threshold 1 (max threshold 6)
[1.139s][info ][gc,heap        ] GC(346) ParNew: 17863K->1955K(19648K)
[1.139s][info ][gc,heap        ] GC(346) CMS: 25408K->25408K(43712K)
[1.139s][info ][gc,metaspace   ] GC(346) Metaspace: 5319K->5319K(1056768K)
[1.139s][info ][gc             ] GC(346) Pause Young (Allocation Failure) 42M->26M(61M) 2.231ms
[1.139s][info ][gc,cpu         ] GC(346) User=0.01s Sys=0.00s Real=0.00s
[1.140s][info ][gc,start       ] GC(347) Pause Young (Allocation Failure)
[1.140s][info ][gc,task        ] GC(347) Using 8 workers of 8 for evacuation
[1.142s][debug][gc,age         ] GC(347) Desired survivor size 1114112 bytes, new threshold 6 (max threshold 6)
[1.142s][info ][gc,heap        ] GC(347) ParNew: 19101K->392K(19648K)
[1.142s][info ][gc,heap        ] GC(347) CMS: 25408K->26581K(43712K)
[1.142s][info ][gc,metaspace   ] GC(347) Metaspace: 5319K->5319K(1056768K)
[1.142s][info ][gc             ] GC(347) Pause Young (Allocation Failure) 43M->26M(61M) 1.454ms
[1.142s][info ][gc,cpu         ] GC(347) User=0.01s Sys=0.00s Real=0.00s
[1.143s][info ][gc,start       ] GC(348) Pause Young (Allocation Failure)
[1.144s][info ][gc,task        ] GC(348) Using 8 workers of 8 for evacuation
[1.145s][debug][gc,age         ] GC(348) Desired survivor size 1114112 bytes, new threshold 1 (max threshold 6)
[1.145s][info ][gc,heap        ] GC(348) ParNew: 17739K->1957K(19648K)
[1.145s][info ][gc,heap        ] GC(348) CMS: 26581K->26971K(43712K)
[1.145s][info ][gc,metaspace   ] GC(348) Metaspace: 5319K->5319K(1056768K)
[1.145s][info ][gc             ] GC(348) Pause Young (Allocation Failure) 43M->28M(61M) 1.276ms
[1.145s][info ][gc,cpu         ] GC(348) User=0.01s Sys=0.00s Real=0.01s
[1.146s][info ][gc,start       ] GC(349) Pause Young (Allocation Failure)
[1.146s][info ][gc,task        ] GC(349) Using 8 workers of 8 for evacuation
[1.148s][debug][gc,age         ] GC(349) Desired survivor size 1114112 bytes, new threshold 1 (max threshold 6)
[1.148s][info ][gc,heap        ] GC(349) ParNew: 19336K->1957K(19648K)
[1.148s][info ][gc,heap        ] GC(349) CMS: 26971K->26972K(43712K)
[1.148s][info ][gc,metaspace   ] GC(349) Metaspace: 5319K->5319K(1056768K)
[1.148s][info ][gc             ] GC(349) Pause Young (Allocation Failure) 45M->28M(61M) 1.890ms
[1.148s][info ][gc,cpu         ] GC(349) User=0.00s Sys=0.00s Real=0.00s
[1.149s][info ][gc,start       ] GC(350) Pause Young (Allocation Failure)
[1.150s][info ][gc,task        ] GC(350) Using 8 workers of 8 for evacuation
[1.151s][debug][gc,age         ] GC(350) Desired survivor size 1114112 bytes, new threshold 6 (max threshold 6)
[1.151s][info ][gc,heap        ] GC(350) ParNew: 19429K->789K(19648K)
[1.151s][info ][gc,heap        ] GC(350) CMS: 26972K->27754K(43712K)
[1.151s][info ][gc,metaspace   ] GC(350) Metaspace: 5319K->5319K(1056768K)
[1.151s][info ][gc             ] GC(350) Pause Young (Allocation Failure) 45M->27M(61M) 1.178ms
[1.151s][info ][gc,cpu         ] GC(350) User=0.01s Sys=0.00s Real=0.00s
[1.152s][info ][gc,start       ] GC(351) Pause Young (Allocation Failure)
[1.152s][info ][gc,task        ] GC(351) Using 8 workers of 8 for evacuation
[1.154s][debug][gc,age         ] GC(351) Desired survivor size 1114112 bytes, new threshold 1 (max threshold 6)
[1.154s][info ][gc,heap        ] GC(351) ParNew: 18237K->1566K(19648K)
[1.154s][info ][gc,heap        ] GC(351) CMS: 27754K->27754K(43712K)
[1.154s][info ][gc,metaspace   ] GC(351) Metaspace: 5319K->5319K(1056768K)
[1.154s][info ][gc             ] GC(351) Pause Young (Allocation Failure) 44M->28M(61M) 1.825ms
[1.154s][info ][gc,cpu         ] GC(351) User=0.01s Sys=0.00s Real=0.01s
[1.155s][info ][gc,start       ] GC(352) Pause Young (Allocation Failure)
[1.155s][info ][gc,task        ] GC(352) Using 8 workers of 8 for evacuation
[1.157s][debug][gc,age         ] GC(352) Desired survivor size 1114112 bytes, new threshold 1 (max threshold 6)
[1.157s][info ][gc,heap        ] GC(352) ParNew: 18825K->1566K(19648K)
[1.157s][info ][gc,heap        ] GC(352) CMS: 27754K->28145K(43712K)
[1.157s][info ][gc,metaspace   ] GC(352) Metaspace: 5319K->5319K(1056768K)
[1.157s][info ][gc             ] GC(352) Pause Young (Allocation Failure) 45M->29M(61M) 1.923ms
[1.157s][info ][gc,cpu         ] GC(352) User=0.01s Sys=0.00s Real=0.00s
[1.159s][info ][gc,start       ] GC(353) Pause Young (Allocation Failure)
[1.159s][info ][gc,task        ] GC(353) Using 8 workers of 8 for evacuation
[1.160s][debug][gc,age         ] GC(353) Desired survivor size 1114112 bytes, new threshold 1 (max threshold 6)
[1.160s][info ][gc,heap        ] GC(353) ParNew: 18814K->1961K(19648K)
[1.160s][info ][gc,heap        ] GC(353) CMS: 28145K->28536K(43712K)
[1.160s][info ][gc,metaspace   ] GC(353) Metaspace: 5319K->5319K(1056768K)
[1.160s][info ][gc             ] GC(353) Pause Young (Allocation Failure) 45M->29M(61M) 1.457ms
[1.160s][info ][gc,cpu         ] GC(353) User=0.00s Sys=0.00s Real=0.00s
[1.162s][info ][gc,start       ] GC(354) Pause Young (Allocation Failure)
[1.162s][info ][gc,task        ] GC(354) Using 8 workers of 8 for evacuation
[1.164s][debug][gc,age         ] GC(354) Desired survivor size 1114112 bytes, new threshold 1 (max threshold 6)
[1.164s][info ][gc,heap        ] GC(354) ParNew: 19433K->1173K(19648K)
[1.164s][info ][gc,heap        ] GC(354) CMS: 28536K->29709K(43712K)
[1.164s][info ][gc,metaspace   ] GC(354) Metaspace: 5319K->5319K(1056768K)
[1.164s][info ][gc             ] GC(354) Pause Young (Allocation Failure) 46M->30M(61M) 2.316ms
[1.164s][info ][gc,cpu         ] GC(354) User=0.01s Sys=0.00s Real=0.01s
[1.166s][info ][gc,start       ] GC(355) Pause Young (Allocation Failure)
[1.166s][info ][gc,task        ] GC(355) Using 8 workers of 8 for evacuation
[1.168s][debug][gc,age         ] GC(355) Desired survivor size 1114112 bytes, new threshold 6 (max threshold 6)
[1.168s][info ][gc,heap        ] GC(355) ParNew: 18645K->783K(19648K)
[1.168s][info ][gc,heap        ] GC(355) CMS: 29709K->29709K(43712K)
[1.168s][info ][gc,metaspace   ] GC(355) Metaspace: 5319K->5319K(1056768K)
[1.168s][info ][gc             ] GC(355) Pause Young (Allocation Failure) 47M->29M(61M) 1.757ms
[1.168s][info ][gc,cpu         ] GC(355) User=0.00s Sys=0.00s Real=0.00s
[1.171s][info ][gc,start       ] GC(356) Pause Young (Allocation Failure)
[1.171s][info ][gc,task        ] GC(356) Using 8 workers of 8 for evacuation
[1.172s][debug][gc,age         ] GC(356) Desired survivor size 1114112 bytes, new threshold 1 (max threshold 6)
[1.172s][info ][gc,heap        ] GC(356) ParNew: 18221K->1564K(19648K)
[1.172s][info ][gc,heap        ] GC(356) CMS: 29709K->29709K(43712K)
[1.172s][info ][gc,metaspace   ] GC(356) Metaspace: 5319K->5319K(1056768K)
[1.172s][info ][gc             ] GC(356) Pause Young (Allocation Failure) 46M->30M(61M) 1.398ms
[1.172s][info ][gc,cpu         ] GC(356) User=0.01s Sys=0.00s Real=0.00s
[1.173s][info ][gc,start       ] GC(357) Pause Young (Allocation Failure)
[1.174s][info ][gc,task        ] GC(357) Using 8 workers of 8 for evacuation
[1.175s][debug][gc,age         ] GC(357) Desired survivor size 1114112 bytes, new threshold 6 (max threshold 6)
[1.175s][info ][gc,heap        ] GC(357) ParNew: 18966K->789K(19648K)
[1.175s][info ][gc,heap        ] GC(357) CMS: 29709K->30494K(43712K)
[1.175s][info ][gc,metaspace   ] GC(357) Metaspace: 5319K->5319K(1056768K)
[1.175s][info ][gc             ] GC(357) Pause Young (Allocation Failure) 47M->30M(61M) 1.160ms
[1.175s][info ][gc,cpu         ] GC(357) User=0.01s Sys=0.00s Real=0.01s
[1.176s][info ][gc,start       ] GC(358) Pause Young (Allocation Failure)
[1.177s][info ][gc,task        ] GC(358) Using 8 workers of 8 for evacuation
[1.177s][debug][gc,age         ] GC(358) Desired survivor size 1114112 bytes, new threshold 1 (max threshold 6)
[1.177s][info ][gc,heap        ] GC(358) ParNew: 18016K->1963K(19648K)
[1.177s][info ][gc,heap        ] GC(358) CMS: 30494K->31275K(43712K)
[1.177s][info ][gc,metaspace   ] GC(358) Metaspace: 5319K->5319K(1056768K)
[1.177s][info ][gc             ] GC(358) Pause Young (Allocation Failure) 47M->32M(61M) 1.010ms
[1.178s][info ][gc,cpu         ] GC(358) User=0.00s Sys=0.00s Real=0.00s
[1.179s][info ][gc,start       ] GC(359) Pause Young (Allocation Failure)
[1.179s][info ][gc,task        ] GC(359) Using 8 workers of 8 for evacuation
[1.180s][debug][gc,age         ] GC(359) Desired survivor size 1114112 bytes, new threshold 1 (max threshold 6)
[1.180s][info ][gc,heap        ] GC(359) ParNew: 19286K->1179K(19648K)
[1.180s][info ][gc,heap        ] GC(359) CMS: 31275K->31275K(43712K)
[1.180s][info ][gc,metaspace   ] GC(359) Metaspace: 5319K->5319K(1056768K)
[1.180s][info ][gc             ] GC(359) Pause Young (Allocation Failure) 49M->31M(61M) 1.166ms
[1.180s][info ][gc,cpu         ] GC(359) User=0.01s Sys=0.00s Real=0.00s
[1.182s][info ][gc,start       ] GC(360) Pause Young (Allocation Failure)
[1.182s][info ][gc,task        ] GC(360) Using 8 workers of 8 for evacuation
[1.183s][debug][gc,age         ] GC(360) Desired survivor size 1114112 bytes, new threshold 1 (max threshold 6)
[1.183s][info ][gc,heap        ] GC(360) ParNew: 18383K->1570K(19648K)
[1.183s][info ][gc,heap        ] GC(360) CMS: 31275K->31666K(43712K)
[1.183s][info ][gc,metaspace   ] GC(360) Metaspace: 5319K->5319K(1056768K)
[1.183s][info ][gc             ] GC(360) Pause Young (Allocation Failure) 48M->32M(61M) 1.122ms
[1.183s][info ][gc,cpu         ] GC(360) User=0.00s Sys=0.00s Real=0.00s
[1.184s][info ][gc,start       ] GC(361) Pause Young (Allocation Failure)
[1.184s][info ][gc,task        ] GC(361) Using 8 workers of 8 for evacuation
[1.185s][debug][gc,age         ] GC(361) Desired survivor size 1114112 bytes, new threshold 1 (max threshold 6)
[1.185s][info ][gc,heap        ] GC(361) ParNew: 18669K->1959K(19648K)
[1.185s][info ][gc,heap        ] GC(361) CMS: 31666K->32058K(43712K)
[1.185s][info ][gc,metaspace   ] GC(361) Metaspace: 5319K->5319K(1056768K)
[1.185s][info ][gc             ] GC(361) Pause Young (Allocation Failure) 49M->33M(61M) 1.167ms
[1.185s][info ][gc,cpu         ] GC(361) User=0.00s Sys=0.00s Real=0.00s
[1.187s][info ][gc,start       ] GC(362) Pause Young (Allocation Failure)
[1.187s][info ][gc,task        ] GC(362) Using 8 workers of 8 for evacuation
[1.189s][debug][gc,age         ] GC(362) Desired survivor size 1114112 bytes, new threshold 1 (max threshold 6)
[1.189s][info ][gc,heap        ] GC(362) ParNew: 19431K->1566K(19648K)
[1.189s][info ][gc,heap        ] GC(362) CMS: 32058K->33230K(43712K)
[1.189s][info ][gc,metaspace   ] GC(362) Metaspace: 5319K->5319K(1056768K)
[1.189s][info ][gc             ] GC(362) Pause Young (Allocation Failure) 50M->33M(61M) 2.004ms
[1.189s][info ][gc,cpu         ] GC(362) User=0.01s Sys=0.00s Real=0.00s
[1.191s][info ][gc,start       ] GC(363) Pause Young (Allocation Failure)
[1.191s][info ][gc,task        ] GC(363) Using 8 workers of 8 for evacuation
[1.193s][debug][gc,age         ] GC(363) Desired survivor size 1114112 bytes, new threshold 1 (max threshold 6)
[1.193s][info ][gc,heap        ] GC(363) ParNew: 18778K->1957K(19648K)
[1.193s][info ][gc,heap        ] GC(363) CMS: 33230K->34012K(43712K)
[1.193s][info ][gc,metaspace   ] GC(363) Metaspace: 5319K->5319K(1056768K)
[1.193s][info ][gc             ] GC(363) Pause Young (Allocation Failure) 50M->35M(61M) 1.986ms
[1.193s][info ][gc,cpu         ] GC(363) User=0.01s Sys=0.00s Real=0.00s
[1.194s][info ][gc,start       ] GC(364) Pause Young (Allocation Failure)
[1.194s][info ][gc,task        ] GC(364) Using 8 workers of 8 for evacuation
[1.196s][debug][gc,age         ] GC(364) Desired survivor size 1114112 bytes, new threshold 6 (max threshold 6)
[1.196s][info ][gc,heap        ] GC(364) ParNew: 19295K->783K(19648K)
[1.196s][info ][gc,heap        ] GC(364) CMS: 34012K->35185K(43712K)
[1.196s][info ][gc,metaspace   ] GC(364) Metaspace: 5319K->5319K(1056768K)
[1.196s][info ][gc             ] GC(364) Pause Young (Allocation Failure) 52M->35M(61M) 1.843ms
[1.196s][info ][gc,cpu         ] GC(364) User=0.01s Sys=0.00s Real=0.00s
[1.198s][info ][gc,start       ] GC(365) Pause Young (Allocation Failure)
[1.198s][info ][gc,task        ] GC(365) Using 8 workers of 8 for evacuation
[1.199s][debug][gc,age         ] GC(365) Desired survivor size 1114112 bytes, new threshold 2 (max threshold 6)
[1.199s][info ][gc,heap        ] GC(365) ParNew: 18125K->1566K(19648K)
[1.199s][info ][gc,heap        ] GC(365) CMS: 35185K->35185K(43712K)
[1.199s][info ][gc,metaspace   ] GC(365) Metaspace: 5319K->5319K(1056768K)
[1.199s][info ][gc             ] GC(365) Pause Young (Allocation Failure) 52M->35M(61M) 1.191ms
[1.199s][info ][gc,cpu         ] GC(365) User=0.01s Sys=0.00s Real=0.00s
[1.201s][info ][gc,start       ] GC(366) Pause Young (Allocation Failure)
[1.201s][info ][gc,task        ] GC(366) Using 8 workers of 8 for evacuation
[1.202s][debug][gc,age         ] GC(366) Desired survivor size 1114112 bytes, new threshold 2 (max threshold 6)
[1.202s][info ][gc,heap        ] GC(366) ParNew: 19027K->1184K(19648K)
[1.202s][info ][gc,heap        ] GC(366) CMS: 35185K->35969K(43712K)
[1.202s][info ][gc,metaspace   ] GC(366) Metaspace: 5319K->5319K(1056768K)
[1.202s][info ][gc             ] GC(366) Pause Young (Allocation Failure) 52M->36M(61M) 1.265ms
[1.202s][info ][gc,cpu         ] GC(366) User=0.02s Sys=0.00s Real=0.00s
[1.204s][info ][gc,start       ] GC(367) Pause Young (Allocation Failure)
[1.204s][info ][gc,task        ] GC(367) Using 8 workers of 8 for evacuation
[1.205s][debug][gc,age         ] GC(367) Desired survivor size 1114112 bytes, new threshold 6 (max threshold 6)
[1.205s][info ][gc,heap        ] GC(367) ParNew: 18656K->785K(19648K)
[1.205s][info ][gc,heap        ] GC(367) CMS: 35969K->35969K(43712K)
[1.205s][info ][gc,metaspace   ] GC(367) Metaspace: 5319K->5319K(1056768K)
[1.205s][info ][gc             ] GC(367) Pause Young (Allocation Failure) 53M->35M(61M) 1.111ms
[1.205s][info ][gc,cpu         ] GC(367) User=0.00s Sys=0.00s Real=0.01s
[1.206s][info ][gc,start       ] GC(368) Pause Young (Allocation Failure)
[1.207s][info ][gc,task        ] GC(368) Using 8 workers of 8 for evacuation
[1.208s][debug][gc,age         ] GC(368) Desired survivor size 1114112 bytes, new threshold 2 (max threshold 6)
[1.208s][info ][gc,heap        ] GC(368) ParNew: 17914K->1175K(19648K)
[1.209s][info ][gc,heap        ] GC(368) CMS: 35969K->35969K(43712K)
[1.209s][info ][gc,metaspace   ] GC(368) Metaspace: 5319K->5319K(1056768K)
[1.209s][info ][gc             ] GC(368) Pause Young (Allocation Failure) 52M->36M(61M) 2.076ms
[1.209s][info ][gc,cpu         ] GC(368) User=0.01s Sys=0.00s Real=0.00s
[1.210s][info ][gc,start       ] GC(369) Pause Young (Allocation Failure)
[1.210s][info ][gc,task        ] GC(369) Using 8 workers of 8 for evacuation
[1.211s][debug][gc,age         ] GC(369) Desired survivor size 1114112 bytes, new threshold 1 (max threshold 6)
[1.211s][info ][gc,heap        ] GC(369) ParNew: 18534K->1959K(19648K)
[1.211s][info ][gc,heap        ] GC(369) CMS: 35969K->35969K(43712K)
[1.211s][info ][gc,metaspace   ] GC(369) Metaspace: 5319K->5319K(1056768K)
[1.211s][info ][gc             ] GC(369) Pause Young (Allocation Failure) 53M->37M(61M) 1.183ms
[1.211s][info ][gc,cpu         ] GC(369) User=0.01s Sys=0.00s Real=0.00s
[1.213s][info ][gc,start       ] GC(370) Pause Young (Allocation Failure)
[1.213s][info ][gc,task        ] GC(370) Using 8 workers of 8 for evacuation
[1.214s][debug][gc,age         ] GC(370) Desired survivor size 1114112 bytes, new threshold 1 (max threshold 6)
[1.214s][info ][gc,heap        ] GC(370) ParNew: 19410K->1181K(19648K)
[1.214s][info ][gc,heap        ] GC(370) CMS: 35969K->37142K(43712K)
[1.214s][info ][gc,metaspace   ] GC(370) Metaspace: 5319K->5319K(1056768K)
[1.214s][info ][gc             ] GC(370) Pause Young (Allocation Failure) 54M->37M(61M) 1.360ms
[1.214s][info ][gc,cpu         ] GC(370) User=0.01s Sys=0.00s Real=0.01s
[1.216s][info ][gc,start       ] GC(371) Pause Young (Allocation Failure)
[1.216s][info ][gc,task        ] GC(371) Using 8 workers of 8 for evacuation
[1.217s][debug][gc,age         ] GC(371) Desired survivor size 1114112 bytes, new threshold 1 (max threshold 6)
[1.217s][info ][gc,heap        ] GC(371) ParNew: 18398K->1568K(19648K)
[1.217s][info ][gc,heap        ] GC(371) CMS: 37142K->37533K(43712K)
[1.217s][info ][gc,metaspace   ] GC(371) Metaspace: 5319K->5319K(1056768K)
[1.217s][info ][gc             ] GC(371) Pause Young (Allocation Failure) 54M->38M(61M) 1.348ms
[1.217s][info ][gc,cpu         ] GC(371) User=0.01s Sys=0.00s Real=0.00s
[1.219s][info ][gc,start       ] GC(372) Pause Young (Allocation Failure)
[1.219s][info ][gc,task        ] GC(372) Using 8 workers of 8 for evacuation
[1.220s][debug][gc,age         ] GC(372) Desired survivor size 1114112 bytes, new threshold 1 (max threshold 6)
[1.220s][info ][gc,heap        ] GC(372) ParNew: 18740K->1957K(19648K)
[1.220s][info ][gc,heap        ] GC(372) CMS: 37533K->38316K(43712K)
[1.220s][info ][gc,metaspace   ] GC(372) Metaspace: 5319K->5319K(1056768K)
[1.220s][info ][gc             ] GC(372) Pause Young (Allocation Failure) 54M->39M(61M) 1.298ms
[1.220s][info ][gc,cpu         ] GC(372) User=0.01s Sys=0.00s Real=0.00s
[1.221s][info ][gc,start       ] GC(373) Pause Young (Allocation Failure)
[1.221s][info ][gc,task        ] GC(373) Using 8 workers of 8 for evacuation
[1.223s][debug][gc,age         ] GC(373) Desired survivor size 1114112 bytes, new threshold 1 (max threshold 6)
[1.223s][info ][gc,heap        ] GC(373) ParNew: 19429K->1175K(19648K)
[1.223s][info ][gc,heap        ] GC(373) CMS: 38316K->39488K(43712K)
[1.223s][info ][gc,metaspace   ] GC(373) Metaspace: 5319K->5319K(1056768K)
[1.223s][info ][gc             ] GC(373) Pause Young (Allocation Failure) 56M->39M(61M) 1.626ms
[1.223s][info ][gc,cpu         ] GC(373) User=0.00s Sys=0.00s Real=0.00s
[1.224s][info ][gc,start       ] GC(374) Pause Initial Mark
[1.224s][info ][gc             ] GC(374) Pause Initial Mark 49M->49M(61M) 0.198ms
[1.224s][info ][gc,cpu         ] GC(374) User=0.00s Sys=0.00s Real=0.00s
[1.224s][info ][gc             ] GC(374) Concurrent Mark
[1.224s][info ][gc,task        ] GC(374) Using 2 workers of 2 for marking
[1.226s][info ][gc,start       ] GC(375) Pause Young (Allocation Failure)
[1.226s][info ][gc,task        ] GC(375) Using 8 workers of 8 for evacuation
[1.228s][debug][gc,age         ] GC(375) Desired survivor size 1114112 bytes, new threshold 1 (max threshold 6)
[1.228s][info ][gc,heap        ] GC(375) ParNew: 18647K->1564K(19648K)
[1.228s][info ][gc,heap        ] GC(375) CMS: 39488K->39879K(43712K)
[1.228s][info ][gc,metaspace   ] GC(375) Metaspace: 5319K->5319K(1056768K)
[1.228s][info ][gc             ] GC(375) Pause Young (Allocation Failure) 56M->40M(61M) 1.917ms
[1.228s][info ][gc,cpu         ] GC(375) User=0.00s Sys=0.00s Real=0.00s
[1.228s][info ][gc             ] GC(374) Concurrent Mark 3.908ms
[1.228s][info ][gc,cpu         ] GC(374) User=0.01s Sys=0.00s Real=0.00s
[1.228s][info ][gc             ] GC(374) Concurrent Preclean
[1.229s][info ][gc             ] GC(374) Concurrent Preclean 0.168ms
[1.229s][info ][gc,cpu         ] GC(374) User=0.00s Sys=0.00s Real=0.00s
[1.229s][info ][gc             ] GC(374) Concurrent Abortable Preclean
[1.230s][info ][gc,start       ] GC(376) Pause Young (Allocation Failure)
[1.230s][info ][gc,task        ] GC(376) Using 8 workers of 8 for evacuation
[1.231s][debug][gc,age         ] GC(376) Desired survivor size 1114112 bytes, new threshold 1 (max threshold 6)
[1.231s][info ][gc,heap        ] GC(376) ParNew: 18769K->1955K(19648K)
[1.231s][info ][gc,heap        ] GC(376) CMS: 39879K->40661K(43712K)
[1.231s][info ][gc,metaspace   ] GC(376) Metaspace: 5319K->5319K(1056768K)
[1.231s][info ][gc             ] GC(376) Pause Young (Allocation Failure) 57M->41M(61M) 1.633ms
[1.231s][info ][gc,cpu         ] GC(376) User=0.01s Sys=0.00s Real=0.00s
[1.232s][info ][gc,start       ] GC(377) Pause Young (Allocation Failure)
[1.232s][info ][gc,task        ] GC(377) Using 8 workers of 8 for evacuation
[1.234s][debug][gc,age         ] GC(377) Desired survivor size 1114112 bytes, new threshold 1 (max threshold 6)
[1.234s][info ][gc,heap        ] GC(377) ParNew: 19202K->1957K(19648K)
[1.234s][info ][gc,heap        ] GC(377) CMS: 40661K->41443K(43712K)
[1.234s][info ][gc,metaspace   ] GC(377) Metaspace: 5319K->5319K(1056768K)
[1.234s][info ][gc             ] GC(377) Pause Young (Allocation Failure) 58M->42M(61M) 1.233ms
[1.234s][info ][gc,cpu         ] GC(377) User=0.00s Sys=0.00s Real=0.00s
[1.235s][info ][gc,start       ] GC(378) Pause Young (Allocation Failure)
[1.235s][info ][gc,task        ] GC(378) Using 8 workers of 8 for evacuation
[1.236s][debug][gc,age         ] GC(378) Desired survivor size 1114112 bytes, new threshold 1 (max threshold 6)
[1.236s][info ][gc,heap        ] GC(378) ParNew: 19115K->1568K(19648K)
[1.236s][info ][gc,heap        ] GC(378) CMS: 41443K->42225K(43712K)
[1.236s][info ][gc,metaspace   ] GC(378) Metaspace: 5319K->5319K(1056768K)
[1.236s][info ][gc             ] GC(378) Pause Young (Allocation Failure) 59M->42M(61M) 1.260ms
[1.236s][info ][gc,cpu         ] GC(378) User=0.00s Sys=0.00s Real=0.00s
[1.237s][info ][gc,start       ] GC(379) Pause Young (Allocation Failure)
[1.238s][info ][gc,task        ] GC(379) Using 8 workers of 8 for evacuation
[1.239s][debug][gc,age         ] GC(379) Desired survivor size 1114112 bytes, new threshold 1 (max threshold 6)
[1.239s][info ][gc,heap        ] GC(379) ParNew: 18784K->1566K(19648K)
[1.239s][info ][gc,heap        ] GC(379) CMS: 42225K->42616K(43712K)
[1.239s][info ][gc,metaspace   ] GC(379) Metaspace: 5319K->5319K(1056768K)
[1.240s][info ][gc             ] GC(379) Pause Young (Allocation Failure) 59M->43M(61M) 2.039ms
[1.240s][info ][gc,cpu         ] GC(379) User=0.01s Sys=0.00s Real=0.00s
[1.241s][info ][gc,start       ] GC(380) Pause Young (Allocation Failure)
[1.241s][info ][gc,task        ] GC(380) Using 8 workers of 8 for evacuation
[1.242s][debug][gc,age         ] GC(380) Desired survivor size 1114112 bytes, new threshold 1 (max threshold 6)
[1.242s][info ][gc,heap        ] GC(380) ParNew: 18813K->1957K(19648K)
[1.242s][info ][gc,heap        ] GC(380) CMS: 42616K->43007K(43712K)
[1.242s][info ][gc,metaspace   ] GC(380) Metaspace: 5319K->5319K(1056768K)
[1.242s][info ][gc             ] GC(380) Pause Young (Allocation Failure) 59M->43M(61M) 1.438ms
[1.242s][info ][gc,cpu         ] GC(380) User=0.01s Sys=0.00s Real=0.00s
[1.242s][info ][gc             ] GC(374) Concurrent Abortable Preclean 13.747ms
[1.242s][info ][gc,cpu         ] GC(374) User=0.07s Sys=0.01s Real=0.01s
[1.243s][info ][gc,start       ] GC(374) Pause Remark
[1.243s][debug][gc,phases      ] GC(374) Rescan (parallel) 0.790ms
[1.243s][debug][gc,phases      ] GC(374) Reference Processing 0.016ms
[1.243s][debug][gc,phases      ] GC(374) Weak Processing 0.005ms
[1.243s][debug][gc,phases      ] GC(374) ClassLoaderData 0.012ms
[1.243s][debug][gc,phases      ] GC(374) ProtectionDomainCacheTable 0.003ms
[1.243s][debug][gc,phases      ] GC(374) ResolvedMethodTable 0.008ms
[1.244s][debug][gc,phases      ] GC(374) Class Unloading 0.225ms
[1.244s][debug][gc,phases      ] GC(374) Scrub Symbol Table 0.633ms
[1.244s][debug][gc,phases      ] GC(374) Scrub String Table 0.024ms
[1.244s][info ][gc             ] GC(374) Pause Remark 44M->44M(61M) 1.795ms
[1.244s][info ][gc,cpu         ] GC(374) User=0.01s Sys=0.00s Real=0.01s
[1.244s][info ][gc             ] GC(374) Concurrent Sweep
[1.245s][info ][gc             ] GC(374) Concurrent Sweep 0.651ms
[1.245s][info ][gc,cpu         ] GC(374) User=0.00s Sys=0.00s Real=0.00s
[1.245s][info ][gc             ] GC(374) Concurrent Reset
[1.245s][info ][gc             ] GC(374) Concurrent Reset 0.074ms
[1.245s][info ][gc,cpu         ] GC(374) User=0.00s Sys=0.00s Real=0.00s
[1.245s][info ][gc,heap        ] GC(374) Old: 39488K->5083K(43712K)
[1.246s][info ][gc,start       ] GC(381) Pause Young (Allocation Failure)
[1.246s][info ][gc,task        ] GC(381) Using 8 workers of 8 for evacuation
[1.247s][debug][gc,age         ] GC(381) Desired survivor size 1114112 bytes, new threshold 1 (max threshold 6)
[1.247s][info ][gc,heap        ] GC(381) ParNew: 19123K->1955K(19648K)
[1.247s][info ][gc,heap        ] GC(381) CMS: 5083K->6256K(43712K)
[1.247s][info ][gc,metaspace   ] GC(381) Metaspace: 5319K->5319K(1056768K)
[1.248s][info ][gc             ] GC(381) Pause Young (Allocation Failure) 23M->8M(61M) 1.685ms
[1.248s][info ][gc,cpu         ] GC(381) User=0.01s Sys=0.00s Real=0.00s
[1.250s][info ][gc,start       ] GC(382) Pause Young (Allocation Failure)
[1.250s][info ][gc,task        ] GC(382) Using 8 workers of 8 for evacuation
[1.251s][debug][gc,age         ] GC(382) Desired survivor size 1114112 bytes, new threshold 6 (max threshold 6)
[1.251s][info ][gc,heap        ] GC(382) ParNew: 19309K->785K(19648K)
[1.251s][info ][gc,heap        ] GC(382) CMS: 6256K->7429K(43712K)
[1.251s][info ][gc,metaspace   ] GC(382) Metaspace: 5319K->5319K(1056768K)
[1.251s][info ][gc             ] GC(382) Pause Young (Allocation Failure) 24M->8M(61M) 1.195ms
[1.251s][info ][gc,cpu         ] GC(382) User=0.01s Sys=0.00s Real=0.00s
[1.252s][info ][gc,start       ] GC(383) Pause Young (Allocation Failure)
[1.252s][info ][gc,task        ] GC(383) Using 8 workers of 8 for evacuation
[1.254s][debug][gc,age         ] GC(383) Desired survivor size 1114112 bytes, new threshold 1 (max threshold 6)
[1.254s][info ][gc,heap        ] GC(383) ParNew: 18257K->1957K(19648K)
[1.254s][info ][gc,heap        ] GC(383) CMS: 7429K->8210K(43712K)
[1.254s][info ][gc,metaspace   ] GC(383) Metaspace: 5319K->5319K(1056768K)
[1.254s][info ][gc             ] GC(383) Pause Young (Allocation Failure) 25M->9M(61M) 1.474ms
[1.254s][info ][gc,cpu         ] GC(383) User=0.00s Sys=0.00s Real=0.00s
[1.256s][info ][gc,start       ] GC(384) Pause Young (Allocation Failure)
[1.256s][info ][gc,task        ] GC(384) Using 8 workers of 8 for evacuation
[1.258s][debug][gc,age         ] GC(384) Desired survivor size 1114112 bytes, new threshold 1 (max threshold 6)
[1.258s][info ][gc,heap        ] GC(384) ParNew: 19359K->1175K(19648K)
[1.258s][info ][gc,heap        ] GC(384) CMS: 8210K->9383K(43712K)
[1.258s][info ][gc,metaspace   ] GC(384) Metaspace: 5319K->5319K(1056768K)
[1.258s][info ][gc             ] GC(384) Pause Young (Allocation Failure) 26M->10M(61M) 1.998ms
[1.258s][info ][gc,cpu         ] GC(384) User=0.01s Sys=0.00s Real=0.00s
[1.260s][info ][gc,start       ] GC(385) Pause Young (Allocation Failure)
[1.260s][info ][gc,task        ] GC(385) Using 8 workers of 8 for evacuation
[1.262s][debug][gc,age         ] GC(385) Desired survivor size 1114112 bytes, new threshold 1 (max threshold 6)
[1.262s][info ][gc,heap        ] GC(385) ParNew: 18433K->1957K(19648K)
[1.262s][info ][gc,heap        ] GC(385) CMS: 9383K->9383K(43712K)
[1.262s][info ][gc,metaspace   ] GC(385) Metaspace: 5319K->5319K(1056768K)
[1.262s][info ][gc             ] GC(385) Pause Young (Allocation Failure) 27M->11M(61M) 1.854ms
[1.262s][info ][gc,cpu         ] GC(385) User=0.01s Sys=0.00s Real=0.00s
[1.264s][info ][gc,start       ] GC(386) Pause Young (Allocation Failure)
[1.264s][info ][gc,task        ] GC(386) Using 8 workers of 8 for evacuation
[1.265s][debug][gc,age         ] GC(386) Desired survivor size 1114112 bytes, new threshold 1 (max threshold 6)
[1.265s][info ][gc,heap        ] GC(386) ParNew: 19429K->1961K(19648K)
[1.265s][info ][gc,heap        ] GC(386) CMS: 9383K->9774K(43712K)
[1.265s][info ][gc,metaspace   ] GC(386) Metaspace: 5319K->5319K(1056768K)
[1.265s][info ][gc             ] GC(386) Pause Young (Allocation Failure) 28M->11M(61M) 1.255ms
[1.265s][info ][gc,cpu         ] GC(386) User=0.01s Sys=0.00s Real=0.01s
[1.266s][info ][gc,start       ] GC(387) Pause Young (Allocation Failure)
[1.266s][info ][gc,task        ] GC(387) Using 8 workers of 8 for evacuation
[1.268s][debug][gc,age         ] GC(387) Desired survivor size 1114112 bytes, new threshold 1 (max threshold 6)
[1.268s][info ][gc,heap        ] GC(387) ParNew: 19433K->1173K(19648K)
[1.268s][info ][gc,heap        ] GC(387) CMS: 9774K->10165K(43712K)
[1.268s][info ][gc,metaspace   ] GC(387) Metaspace: 5319K->5319K(1056768K)
[1.268s][info ][gc             ] GC(387) Pause Young (Allocation Failure) 28M->11M(61M) 2.228ms
[1.268s][info ][gc,cpu         ] GC(387) User=0.00s Sys=0.00s Real=0.00s
[1.270s][info ][gc,start       ] GC(388) Pause Young (Allocation Failure)
[1.270s][info ][gc,task        ] GC(388) Using 8 workers of 8 for evacuation
[1.272s][debug][gc,age         ] GC(388) Desired survivor size 1114112 bytes, new threshold 1 (max threshold 6)
[1.272s][info ][gc,heap        ] GC(388) ParNew: 18538K->1173K(19648K)
[1.272s][info ][gc,heap        ] GC(388) CMS: 10165K->10556K(43712K)
[1.272s][info ][gc,metaspace   ] GC(388) Metaspace: 5319K->5319K(1056768K)
[1.272s][info ][gc             ] GC(388) Pause Young (Allocation Failure) 28M->11M(61M) 1.567ms
[1.272s][info ][gc,cpu         ] GC(388) User=0.01s Sys=0.00s Real=0.00s
[1.273s][info ][gc,start       ] GC(389) Pause Young (Allocation Failure)
[1.273s][info ][gc,task        ] GC(389) Using 8 workers of 8 for evacuation
[1.275s][debug][gc,age         ] GC(389) Desired survivor size 1114112 bytes, new threshold 6 (max threshold 6)
[1.275s][info ][gc,heap        ] GC(389) ParNew: 18508K->396K(19648K)
[1.275s][info ][gc,heap        ] GC(389) CMS: 10556K->10947K(43712K)
[1.275s][info ][gc,metaspace   ] GC(389) Metaspace: 5319K->5319K(1056768K)
[1.275s][info ][gc             ] GC(389) Pause Young (Allocation Failure) 28M->11M(61M) 1.130ms
[1.275s][info ][gc,cpu         ] GC(389) User=0.01s Sys=0.00s Real=0.01s
[1.276s][info ][gc,start       ] GC(390) Pause Young (Allocation Failure)
[1.276s][info ][gc,task        ] GC(390) Using 8 workers of 8 for evacuation
[1.277s][debug][gc,age         ] GC(390) Desired survivor size 1114112 bytes, new threshold 6 (max threshold 6)
[1.277s][info ][gc,heap        ] GC(390) ParNew: 17536K->787K(19648K)
[1.277s][info ][gc,heap        ] GC(390) CMS: 10947K->10947K(43712K)
[1.277s][info ][gc,metaspace   ] GC(390) Metaspace: 5319K->5319K(1056768K)
[1.277s][info ][gc             ] GC(390) Pause Young (Allocation Failure) 27M->11M(61M) 1.289ms
[1.277s][info ][gc,cpu         ] GC(390) User=0.00s Sys=0.00s Real=0.00s
[1.279s][info ][gc,start       ] GC(391) Pause Young (Allocation Failure)
[1.279s][info ][gc,task        ] GC(391) Using 8 workers of 8 for evacuation
[1.280s][debug][gc,age         ] GC(391) Desired survivor size 1114112 bytes, new threshold 6 (max threshold 6)
[1.280s][info ][gc,heap        ] GC(391) ParNew: 17873K->795K(19648K)
[1.280s][info ][gc,heap        ] GC(391) CMS: 10947K->10947K(43712K)
[1.280s][info ][gc,metaspace   ] GC(391) Metaspace: 5319K->5319K(1056768K)
[1.280s][info ][gc             ] GC(391) Pause Young (Allocation Failure) 28M->11M(61M) 1.179ms
[1.280s][info ][gc,cpu         ] GC(391) User=0.01s Sys=0.00s Real=0.00s
[1.283s][info ][gc,start       ] GC(392) Pause Young (Allocation Failure)
[1.283s][info ][gc,task        ] GC(392) Using 8 workers of 8 for evacuation
[1.284s][debug][gc,age         ] GC(392) Desired survivor size 1114112 bytes, new threshold 6 (max threshold 6)
[1.284s][info ][gc,heap        ] GC(392) ParNew: 18156K->394K(19648K)
[1.284s][info ][gc,heap        ] GC(392) CMS: 10947K->10947K(43712K)
[1.284s][info ][gc,metaspace   ] GC(392) Metaspace: 5319K->5319K(1056768K)
[1.284s][info ][gc             ] GC(392) Pause Young (Allocation Failure) 28M->11M(61M) 1.444ms
[1.284s][info ][gc,cpu         ] GC(392) User=0.01s Sys=0.00s Real=0.01s
[1.287s][info ][gc,start       ] GC(393) Pause Young (Allocation Failure)
[1.287s][info ][gc,task        ] GC(393) Using 8 workers of 8 for evacuation
[1.288s][debug][gc,age         ] GC(393) Desired survivor size 1114112 bytes, new threshold 1 (max threshold 6)
[1.288s][info ][gc,heap        ] GC(393) ParNew: 17496K->1179K(19648K)
[1.288s][info ][gc,heap        ] GC(393) CMS: 10947K->10947K(43712K)
[1.288s][info ][gc,metaspace   ] GC(393) Metaspace: 5319K->5319K(1056768K)
[1.288s][info ][gc             ] GC(393) Pause Young (Allocation Failure) 27M->11M(61M) 1.224ms
[1.288s][info ][gc,cpu         ] GC(393) User=0.00s Sys=0.00s Real=0.00s
[1.290s][info ][gc,start       ] GC(394) Pause Young (Allocation Failure)
[1.290s][info ][gc,task        ] GC(394) Using 8 workers of 8 for evacuation
[1.291s][debug][gc,age         ] GC(394) Desired survivor size 1114112 bytes, new threshold 1 (max threshold 6)
[1.291s][info ][gc,heap        ] GC(394) ParNew: 18329K->1175K(19648K)
[1.291s][info ][gc,heap        ] GC(394) CMS: 10947K->10949K(43712K)
[1.291s][info ][gc,metaspace   ] GC(394) Metaspace: 5319K->5319K(1056768K)
[1.291s][info ][gc             ] GC(394) Pause Young (Allocation Failure) 28M->11M(61M) 1.119ms
[1.291s][info ][gc,cpu         ] GC(394) User=0.01s Sys=0.00s Real=0.00s
[1.293s][info ][gc,start       ] GC(395) Pause Young (Allocation Failure)
[1.293s][info ][gc,task        ] GC(395) Using 8 workers of 8 for evacuation
[1.295s][debug][gc,age         ] GC(395) Desired survivor size 1114112 bytes, new threshold 1 (max threshold 6)
[1.295s][info ][gc,heap        ] GC(395) ParNew: 18306K->1957K(19648K)
[1.295s][info ][gc,heap        ] GC(395) CMS: 10949K->10949K(43712K)
[1.295s][info ][gc,metaspace   ] GC(395) Metaspace: 5319K->5319K(1056768K)
[1.295s][info ][gc             ] GC(395) Pause Young (Allocation Failure) 28M->12M(61M) 1.818ms
[1.295s][info ][gc,cpu         ] GC(395) User=0.01s Sys=0.00s Real=0.01s
[1.296s][info ][gc,start       ] GC(396) Pause Young (Allocation Failure)
[1.296s][info ][gc,task        ] GC(396) Using 8 workers of 8 for evacuation
[1.297s][debug][gc,age         ] GC(396) Desired survivor size 1114112 bytes, new threshold 1 (max threshold 6)
[1.297s][info ][gc,heap        ] GC(396) ParNew: 19137K->1568K(19648K)
[1.297s][info ][gc,heap        ] GC(396) CMS: 10949K->11340K(43712K)
[1.297s][info ][gc,metaspace   ] GC(396) Metaspace: 5319K->5319K(1056768K)
[1.297s][info ][gc             ] GC(396) Pause Young (Allocation Failure) 29M->12M(61M) 1.285ms
[1.297s][info ][gc,cpu         ] GC(396) User=0.00s Sys=0.00s Real=0.00s
[1.299s][info ][gc,start       ] GC(397) Pause Young (Allocation Failure)
[1.299s][info ][gc,task        ] GC(397) Using 8 workers of 8 for evacuation
[1.300s][debug][gc,age         ] GC(397) Desired survivor size 1114112 bytes, new threshold 1 (max threshold 6)
[1.300s][info ][gc,heap        ] GC(397) ParNew: 19036K->1173K(19648K)
[1.300s][info ][gc,heap        ] GC(397) CMS: 11340K->11340K(43712K)
[1.300s][info ][gc,metaspace   ] GC(397) Metaspace: 5319K->5319K(1056768K)
[1.300s][info ][gc             ] GC(397) Pause Young (Allocation Failure) 29M->12M(61M) 1.332ms
[1.300s][info ][gc,cpu         ] GC(397) User=0.00s Sys=0.00s Real=0.00s
[1.301s][info ][gc,start       ] GC(398) Pause Young (Allocation Failure)
[1.301s][info ][gc,task        ] GC(398) Using 8 workers of 8 for evacuation
[1.303s][debug][gc,age         ] GC(398) Desired survivor size 1114112 bytes, new threshold 1 (max threshold 6)
[1.303s][info ][gc,heap        ] GC(398) ParNew: 18633K->1175K(19648K)
[1.303s][info ][gc,heap        ] GC(398) CMS: 11340K->12122K(43712K)
[1.303s][info ][gc,metaspace   ] GC(398) Metaspace: 5319K->5319K(1056768K)
[1.303s][info ][gc             ] GC(398) Pause Young (Allocation Failure) 29M->12M(61M) 1.252ms
[1.303s][info ][gc,cpu         ] GC(398) User=0.01s Sys=0.01s Real=0.00s
[1.304s][info ][gc,start       ] GC(399) Pause Young (Allocation Failure)
[1.305s][info ][gc,task        ] GC(399) Using 8 workers of 8 for evacuation
[1.306s][debug][gc,age         ] GC(399) Desired survivor size 1114112 bytes, new threshold 1 (max threshold 6)
[1.306s][info ][gc,heap        ] GC(399) ParNew: 18268K->1572K(19648K)
[1.306s][info ][gc,heap        ] GC(399) CMS: 12122K->12513K(43712K)
[1.306s][info ][gc,metaspace   ] GC(399) Metaspace: 5319K->5319K(1056768K)
[1.306s][info ][gc             ] GC(399) Pause Young (Allocation Failure) 29M->13M(61M) 1.414ms
[1.306s][info ][gc,cpu         ] GC(399) User=0.01s Sys=0.00s Real=0.00s
[1.307s][info ][gc,start       ] GC(400) Pause Young (Allocation Failure)
[1.307s][info ][gc,task        ] GC(400) Using 8 workers of 8 for evacuation
[1.308s][debug][gc,age         ] GC(400) Desired survivor size 1114112 bytes, new threshold 1 (max threshold 6)
[1.308s][info ][gc,heap        ] GC(400) ParNew: 18663K->1568K(19648K)
[1.308s][info ][gc,heap        ] GC(400) CMS: 12513K->12904K(43712K)
[1.308s][info ][gc,metaspace   ] GC(400) Metaspace: 5319K->5319K(1056768K)
[1.308s][info ][gc             ] GC(400) Pause Young (Allocation Failure) 30M->14M(61M) 1.212ms
[1.308s][info ][gc,cpu         ] GC(400) User=0.01s Sys=0.00s Real=0.00s
[1.310s][info ][gc,start       ] GC(401) Pause Young (Allocation Failure)
[1.310s][info ][gc,task        ] GC(401) Using 8 workers of 8 for evacuation
[1.312s][debug][gc,age         ] GC(401) Desired survivor size 1114112 bytes, new threshold 1 (max threshold 6)
[1.312s][info ][gc,heap        ] GC(401) ParNew: 18907K->1955K(19648K)
[1.312s][info ][gc,heap        ] GC(401) CMS: 12904K->12904K(43712K)
[1.312s][info ][gc,metaspace   ] GC(401) Metaspace: 5319K->5319K(1056768K)
[1.312s][info ][gc             ] GC(401) Pause Young (Allocation Failure) 31M->14M(61M) 1.794ms
[1.312s][info ][gc,cpu         ] GC(401) User=0.01s Sys=0.00s Real=0.00s
[1.314s][info ][gc,start       ] GC(402) Pause Young (Allocation Failure)
[1.314s][info ][gc,task        ] GC(402) Using 8 workers of 8 for evacuation
[1.315s][debug][gc,age         ] GC(402) Desired survivor size 1114112 bytes, new threshold 1 (max threshold 6)
[1.315s][info ][gc,heap        ] GC(402) ParNew: 19350K->1179K(19648K)
[1.315s][info ][gc,heap        ] GC(402) CMS: 12904K->14077K(43712K)
[1.315s][info ][gc,metaspace   ] GC(402) Metaspace: 5319K->5319K(1056768K)
[1.315s][info ][gc             ] GC(402) Pause Young (Allocation Failure) 31M->14M(61M) 1.687ms
[1.315s][info ][gc,cpu         ] GC(402) User=0.01s Sys=0.00s Real=0.01s
[1.318s][info ][gc,start       ] GC(403) Pause Young (Allocation Failure)
[1.318s][info ][gc,task        ] GC(403) Using 8 workers of 8 for evacuation
[1.320s][debug][gc,age         ] GC(403) Desired survivor size 1114112 bytes, new threshold 1 (max threshold 6)
[1.320s][info ][gc,heap        ] GC(403) ParNew: 18508K->1173K(19648K)
[1.320s][info ][gc,heap        ] GC(403) CMS: 14077K->14859K(43712K)
[1.320s][info ][gc,metaspace   ] GC(403) Metaspace: 5319K->5319K(1056768K)
[1.320s][info ][gc             ] GC(403) Pause Young (Allocation Failure) 31M->15M(61M) 2.439ms
[1.320s][info ][gc,cpu         ] GC(403) User=0.01s Sys=0.00s Real=0.00s
[1.323s][info ][gc,start       ] GC(404) Pause Young (Allocation Failure)
[1.323s][info ][gc,task        ] GC(404) Using 8 workers of 8 for evacuation
[1.324s][debug][gc,age         ] GC(404) Desired survivor size 1114112 bytes, new threshold 6 (max threshold 6)
[1.324s][info ][gc,heap        ] GC(404) ParNew: 18623K->789K(19648K)
[1.324s][info ][gc,heap        ] GC(404) CMS: 14859K->15250K(43712K)
[1.324s][info ][gc,metaspace   ] GC(404) Metaspace: 5319K->5319K(1056768K)
[1.324s][info ][gc             ] GC(404) Pause Young (Allocation Failure) 32M->15M(61M) 1.325ms
[1.324s][info ][gc,cpu         ] GC(404) User=0.01s Sys=0.00s Real=0.00s
[1.327s][info ][gc,start       ] GC(405) Pause Young (Allocation Failure)
[1.327s][info ][gc,task        ] GC(405) Using 8 workers of 8 for evacuation
[1.328s][debug][gc,age         ] GC(405) Desired survivor size 1114112 bytes, new threshold 1 (max threshold 6)
[1.328s][info ][gc,heap        ] GC(405) ParNew: 18079K->1959K(19648K)
[1.328s][info ][gc,heap        ] GC(405) CMS: 15250K->15640K(43712K)
[1.328s][info ][gc,metaspace   ] GC(405) Metaspace: 5319K->5319K(1056768K)
[1.328s][info ][gc             ] GC(405) Pause Young (Allocation Failure) 32M->17M(61M) 1.303ms
[1.328s][info ][gc,cpu         ] GC(405) User=0.01s Sys=0.00s Real=0.00s
[1.329s][info ][gc,start       ] GC(406) Pause Young (Allocation Failure)
[1.329s][info ][gc,task        ] GC(406) Using 8 workers of 8 for evacuation
[1.332s][debug][gc,age         ] GC(406) Desired survivor size 1114112 bytes, new threshold 1 (max threshold 6)
[1.332s][info ][gc,heap        ] GC(406) ParNew: 19111K->1173K(19648K)
[1.332s][info ][gc,heap        ] GC(406) CMS: 15640K->16032K(43712K)
[1.332s][info ][gc,metaspace   ] GC(406) Metaspace: 5319K->5319K(1056768K)
[1.332s][info ][gc             ] GC(406) Pause Young (Allocation Failure) 33M->16M(61M) 2.562ms
[1.332s][info ][gc,cpu         ] GC(406) User=0.01s Sys=0.00s Real=0.00s
[1.333s][info ][gc,start       ] GC(407) Pause Young (Allocation Failure)
[1.333s][info ][gc,task        ] GC(407) Using 8 workers of 8 for evacuation
[1.334s][debug][gc,age         ] GC(407) Desired survivor size 1114112 bytes, new threshold 1 (max threshold 6)
[1.335s][info ][gc,heap        ] GC(407) ParNew: 18602K->1175K(19648K)
[1.335s][info ][gc,heap        ] GC(407) CMS: 16032K->16032K(43712K)
[1.335s][info ][gc,metaspace   ] GC(407) Metaspace: 5319K->5319K(1056768K)
[1.335s][info ][gc             ] GC(407) Pause Young (Allocation Failure) 33M->16M(61M) 1.150ms
[1.335s][info ][gc,cpu         ] GC(407) User=0.00s Sys=0.00s Real=0.01s
[1.336s][info ][gc,start       ] GC(408) Pause Young (Allocation Failure)
[1.336s][info ][gc,task        ] GC(408) Using 8 workers of 8 for evacuation
[1.338s][debug][gc,age         ] GC(408) Desired survivor size 1114112 bytes, new threshold 1 (max threshold 6)
[1.338s][info ][gc,heap        ] GC(408) ParNew: 18503K->1955K(19648K)
[1.338s][info ][gc,heap        ] GC(408) CMS: 16032K->16423K(43712K)
[1.338s][info ][gc,metaspace   ] GC(408) Metaspace: 5319K->5319K(1056768K)
[1.338s][info ][gc             ] GC(408) Pause Young (Allocation Failure) 33M->17M(61M) 2.554ms
[1.338s][info ][gc,cpu         ] GC(408) User=0.01s Sys=0.00s Real=0.00s
[1.340s][info ][gc,start       ] GC(409) Pause Young (Allocation Failure)
[1.340s][info ][gc,task        ] GC(409) Using 8 workers of 8 for evacuation
[1.341s][debug][gc,age         ] GC(409) Desired survivor size 1114112 bytes, new threshold 1 (max threshold 6)
[1.342s][info ][gc,heap        ] GC(409) ParNew: 19085K->1564K(19648K)
[1.342s][info ][gc,heap        ] GC(409) CMS: 16423K->17987K(43712K)
[1.342s][info ][gc,metaspace   ] GC(409) Metaspace: 5319K->5319K(1056768K)
[1.342s][info ][gc             ] GC(409) Pause Young (Allocation Failure) 34M->19M(61M) 1.805ms
[1.342s][info ][gc,cpu         ] GC(409) User=0.01s Sys=0.00s Real=0.00s
[1.343s][info ][gc,start       ] GC(410) Pause Young (Allocation Failure)
[1.343s][info ][gc,task        ] GC(410) Using 8 workers of 8 for evacuation
[1.345s][debug][gc,age         ] GC(410) Desired survivor size 1114112 bytes, new threshold 1 (max threshold 6)
[1.345s][info ][gc,heap        ] GC(410) ParNew: 18933K->1955K(19648K)
[1.345s][info ][gc,heap        ] GC(410) CMS: 17987K->18378K(43712K)
[1.345s][info ][gc,metaspace   ] GC(410) Metaspace: 5319K->5319K(1056768K)
[1.345s][info ][gc             ] GC(410) Pause Young (Allocation Failure) 36M->19M(61M) 1.957ms
[1.345s][info ][gc,cpu         ] GC(410) User=0.00s Sys=0.00s Real=0.01s
[1.347s][info ][gc,start       ] GC(411) Pause Young (Allocation Failure)
[1.347s][info ][gc,task        ] GC(411) Using 8 workers of 8 for evacuation
[1.348s][debug][gc,age         ] GC(411) Desired survivor size 1114112 bytes, new threshold 6 (max threshold 6)
[1.348s][info ][gc,heap        ] GC(411) ParNew: 19396K->785K(19648K)
[1.348s][info ][gc,heap        ] GC(411) CMS: 18378K->19551K(43712K)
[1.348s][info ][gc,metaspace   ] GC(411) Metaspace: 5319K->5319K(1056768K)
[1.348s][info ][gc             ] GC(411) Pause Young (Allocation Failure) 36M->19M(61M) 1.514ms
[1.348s][info ][gc,cpu         ] GC(411) User=0.01s Sys=0.00s Real=0.00s
[1.350s][info ][gc,start       ] GC(412) Pause Young (Allocation Failure)
[1.350s][info ][gc,task        ] GC(412) Using 8 workers of 8 for evacuation
[1.351s][debug][gc,age         ] GC(412) Desired survivor size 1114112 bytes, new threshold 2 (max threshold 6)
[1.351s][info ][gc,heap        ] GC(412) ParNew: 17927K->1574K(19648K)
[1.351s][info ][gc,heap        ] GC(412) CMS: 19551K->19551K(43712K)
[1.351s][info ][gc,metaspace   ] GC(412) Metaspace: 5319K->5319K(1056768K)
[1.351s][info ][gc             ] GC(412) Pause Young (Allocation Failure) 36M->20M(61M) 1.174ms
[1.351s][info ][gc,cpu         ] GC(412) User=0.01s Sys=0.00s Real=0.00s
[1.352s][info ][gc,start       ] GC(413) Pause Young (Allocation Failure)
[1.352s][info ][gc,task        ] GC(413) Using 8 workers of 8 for evacuation
[1.354s][debug][gc,age         ] GC(413) Desired survivor size 1114112 bytes, new threshold 1 (max threshold 6)
[1.354s][info ][gc,heap        ] GC(413) ParNew: 18964K->1965K(19648K)
[1.354s][info ][gc,heap        ] GC(413) CMS: 19551K->20723K(43712K)
[1.354s][info ][gc,metaspace   ] GC(413) Metaspace: 5319K->5319K(1056768K)
[1.354s][info ][gc             ] GC(413) Pause Young (Allocation Failure) 37M->22M(61M) 1.741ms
[1.354s][info ][gc,cpu         ] GC(413) User=0.01s Sys=0.00s Real=0.01s
[1.355s][info ][gc,start       ] GC(414) Pause Young (Allocation Failure)
[1.355s][info ][gc,task        ] GC(414) Using 8 workers of 8 for evacuation
[1.357s][debug][gc,age         ] GC(414) Desired survivor size 1114112 bytes, new threshold 1 (max threshold 6)
[1.357s][info ][gc,heap        ] GC(414) ParNew: 19437K->1175K(19648K)
[1.357s][info ][gc,heap        ] GC(414) CMS: 20723K->21896K(43712K)
[1.357s][info ][gc,metaspace   ] GC(414) Metaspace: 5319K->5319K(1056768K)
[1.357s][info ][gc             ] GC(414) Pause Young (Allocation Failure) 39M->22M(61M) 1.940ms
[1.357s][info ][gc,cpu         ] GC(414) User=0.00s Sys=0.00s Real=0.00s
[1.359s][info ][gc,start       ] GC(415) Pause Young (Allocation Failure)
[1.359s][info ][gc,task        ] GC(415) Using 8 workers of 8 for evacuation
[1.360s][debug][gc,age         ] GC(415) Desired survivor size 1114112 bytes, new threshold 6 (max threshold 6)
[1.360s][info ][gc,heap        ] GC(415) ParNew: 18604K->787K(19648K)
[1.360s][info ][gc,heap        ] GC(415) CMS: 21896K->22678K(43712K)
[1.360s][info ][gc,metaspace   ] GC(415) Metaspace: 5319K->5319K(1056768K)
[1.360s][info ][gc             ] GC(415) Pause Young (Allocation Failure) 39M->22M(61M) 1.276ms
[1.360s][info ][gc,cpu         ] GC(415) User=0.00s Sys=0.00s Real=0.00s
[1.361s][info ][gc,start       ] GC(416) Pause Young (Allocation Failure)
[1.361s][info ][gc,task        ] GC(416) Using 8 workers of 8 for evacuation
[1.363s][debug][gc,age         ] GC(416) Desired survivor size 1114112 bytes, new threshold 1 (max threshold 6)
[1.363s][info ][gc,heap        ] GC(416) ParNew: 18142K->1961K(19648K)
[1.363s][info ][gc,heap        ] GC(416) CMS: 22678K->22678K(43712K)
[1.363s][info ][gc,metaspace   ] GC(416) Metaspace: 5319K->5319K(1056768K)
[1.363s][info ][gc             ] GC(416) Pause Young (Allocation Failure) 39M->24M(61M) 1.257ms
[1.363s][info ][gc,cpu         ] GC(416) User=0.00s Sys=0.00s Real=0.00s
[1.364s][info ][gc,start       ] GC(417) Pause Young (Allocation Failure)
[1.364s][info ][gc,task        ] GC(417) Using 8 workers of 8 for evacuation
[1.365s][debug][gc,age         ] GC(417) Desired survivor size 1114112 bytes, new threshold 1 (max threshold 6)
[1.365s][info ][gc,heap        ] GC(417) ParNew: 19126K->1959K(19648K)
[1.365s][info ][gc,heap        ] GC(417) CMS: 22678K->23461K(43712K)
[1.365s][info ][gc,metaspace   ] GC(417) Metaspace: 5319K->5319K(1056768K)
[1.365s][info ][gc             ] GC(417) Pause Young (Allocation Failure) 40M->24M(61M) 1.182ms
[1.365s][info ][gc,cpu         ] GC(417) User=0.00s Sys=0.00s Real=0.00s
[1.367s][info ][gc,start       ] GC(418) Pause Young (Allocation Failure)
[1.367s][info ][gc,task        ] GC(418) Using 8 workers of 8 for evacuation
[1.369s][debug][gc,age         ] GC(418) Desired survivor size 1114112 bytes, new threshold 1 (max threshold 6)
[1.369s][info ][gc,heap        ] GC(418) ParNew: 19346K->1963K(19648K)
[1.369s][info ][gc,heap        ] GC(418) CMS: 23461K->24633K(43712K)
[1.369s][info ][gc,metaspace   ] GC(418) Metaspace: 5319K->5319K(1056768K)
[1.369s][info ][gc             ] GC(418) Pause Young (Allocation Failure) 41M->25M(61M) 2.049ms
[1.369s][info ][gc,cpu         ] GC(418) User=0.01s Sys=0.00s Real=0.00s
[1.371s][info ][gc,start       ] GC(419) Pause Young (Allocation Failure)
[1.371s][info ][gc,task        ] GC(419) Using 8 workers of 8 for evacuation
[1.373s][debug][gc,age         ] GC(419) Desired survivor size 1114112 bytes, new threshold 1 (max threshold 6)
[1.373s][info ][gc,heap        ] GC(419) ParNew: 19320K->1177K(19648K)
[1.373s][info ][gc,heap        ] GC(419) CMS: 24633K->26197K(43712K)
[1.373s][info ][gc,metaspace   ] GC(419) Metaspace: 5319K->5319K(1056768K)
[1.373s][info ][gc             ] GC(419) Pause Young (Allocation Failure) 42M->26M(61M) 2.414ms
[1.373s][info ][gc,cpu         ] GC(419) User=0.01s Sys=0.00s Real=0.00s
[1.375s][info ][gc,start       ] GC(420) Pause Young (Allocation Failure)
[1.375s][info ][gc,task        ] GC(420) Using 8 workers of 8 for evacuation
[1.377s][debug][gc,age         ] GC(420) Desired survivor size 1114112 bytes, new threshold 6 (max threshold 6)
[1.377s][info ][gc,heap        ] GC(420) ParNew: 18536K->398K(19648K)
[1.377s][info ][gc,heap        ] GC(420) CMS: 26197K->26978K(43712K)
[1.377s][info ][gc,metaspace   ] GC(420) Metaspace: 5319K->5319K(1056768K)
[1.377s][info ][gc             ] GC(420) Pause Young (Allocation Failure) 43M->26M(61M) 1.248ms
[1.377s][info ][gc,cpu         ] GC(420) User=0.01s Sys=0.00s Real=0.00s
[1.378s][info ][gc,start       ] GC(421) Pause Young (Allocation Failure)
[1.378s][info ][gc,task        ] GC(421) Using 8 workers of 8 for evacuation
[1.380s][debug][gc,age         ] GC(421) Desired survivor size 1114112 bytes, new threshold 6 (max threshold 6)
[1.380s][info ][gc,heap        ] GC(421) ParNew: 17842K->394K(19648K)
[1.380s][info ][gc,heap        ] GC(421) CMS: 26978K->26978K(43712K)
[1.380s][info ][gc,metaspace   ] GC(421) Metaspace: 5319K->5319K(1056768K)
[1.380s][info ][gc             ] GC(421) Pause Young (Allocation Failure) 43M->26M(61M) 1.300ms
[1.380s][info ][gc,cpu         ] GC(421) User=0.01s Sys=0.00s Real=0.00s
[1.381s][info ][gc,start       ] GC(422) Pause Young (Allocation Failure)
[1.381s][info ][gc,task        ] GC(422) Using 8 workers of 8 for evacuation
[1.382s][debug][gc,age         ] GC(422) Desired survivor size 1114112 bytes, new threshold 6 (max threshold 6)
[1.382s][info ][gc,heap        ] GC(422) ParNew: 17818K->791K(19648K)
[1.382s][info ][gc,heap        ] GC(422) CMS: 26978K->26978K(43712K)
[1.382s][info ][gc,metaspace   ] GC(422) Metaspace: 5319K->5319K(1056768K)
[1.382s][info ][gc             ] GC(422) Pause Young (Allocation Failure) 43M->27M(61M) 1.288ms
[1.382s][info ][gc,cpu         ] GC(422) User=0.01s Sys=0.00s Real=0.00s
[1.384s][info ][gc,start       ] GC(423) Pause Young (Allocation Failure)
[1.384s][info ][gc,task        ] GC(423) Using 8 workers of 8 for evacuation
[1.385s][debug][gc,age         ] GC(423) Desired survivor size 1114112 bytes, new threshold 1 (max threshold 6)
[1.385s][info ][gc,heap        ] GC(423) ParNew: 17888K->1175K(19648K)
[1.385s][info ][gc,heap        ] GC(423) CMS: 26978K->26978K(43712K)
[1.385s][info ][gc,metaspace   ] GC(423) Metaspace: 5319K->5319K(1056768K)
[1.385s][info ][gc             ] GC(423) Pause Young (Allocation Failure) 43M->27M(61M) 1.373ms
[1.385s][info ][gc,cpu         ] GC(423) User=0.01s Sys=0.00s Real=0.00s
[1.387s][info ][gc,start       ] GC(424) Pause Young (Allocation Failure)
[1.387s][info ][gc,task        ] GC(424) Using 8 workers of 8 for evacuation
[1.389s][debug][gc,age         ] GC(424) Desired survivor size 1114112 bytes, new threshold 6 (max threshold 6)
[1.389s][info ][gc,heap        ] GC(424) ParNew: 18302K->785K(19648K)
[1.389s][info ][gc,heap        ] GC(424) CMS: 26978K->27370K(43712K)
[1.389s][info ][gc,metaspace   ] GC(424) Metaspace: 5319K->5319K(1056768K)
[1.389s][info ][gc             ] GC(424) Pause Young (Allocation Failure) 44M->27M(61M) 1.187ms
[1.389s][info ][gc,cpu         ] GC(424) User=0.00s Sys=0.00s Real=0.00s
[1.390s][info ][gc,start       ] GC(425) Pause Young (Allocation Failure)
[1.390s][info ][gc,task        ] GC(425) Using 8 workers of 8 for evacuation
[1.391s][debug][gc,age         ] GC(425) Desired survivor size 1114112 bytes, new threshold 1 (max threshold 6)
[1.391s][info ][gc,heap        ] GC(425) ParNew: 18191K->1957K(19648K)
[1.391s][info ][gc,heap        ] GC(425) CMS: 27370K->27370K(43712K)
[1.391s][info ][gc,metaspace   ] GC(425) Metaspace: 5319K->5319K(1056768K)
[1.391s][info ][gc             ] GC(425) Pause Young (Allocation Failure) 44M->28M(61M) 1.315ms
[1.391s][info ][gc,cpu         ] GC(425) User=0.01s Sys=0.00s Real=0.00s
[1.393s][info ][gc,start       ] GC(426) Pause Young (Allocation Failure)
[1.393s][info ][gc,task        ] GC(426) Using 8 workers of 8 for evacuation
[1.394s][debug][gc,age         ] GC(426) Desired survivor size 1114112 bytes, new threshold 1 (max threshold 6)
[1.394s][info ][gc,heap        ] GC(426) ParNew: 19124K->1957K(19648K)
[1.394s][info ][gc,heap        ] GC(426) CMS: 27370K->27761K(43712K)
[1.394s][info ][gc,metaspace   ] GC(426) Metaspace: 5319K->5319K(1056768K)
[1.394s][info ][gc             ] GC(426) Pause Young (Allocation Failure) 45M->29M(61M) 1.203ms
[1.394s][info ][gc,cpu         ] GC(426) User=0.00s Sys=0.00s Real=0.01s
[1.395s][info ][gc,start       ] GC(427) Pause Young (Allocation Failure)
[1.395s][info ][gc,task        ] GC(427) Using 8 workers of 8 for evacuation
[1.396s][debug][gc,age         ] GC(427) Desired survivor size 1114112 bytes, new threshold 1 (max threshold 6)
[1.396s][info ][gc,heap        ] GC(427) ParNew: 19151K->1184K(19648K)
[1.396s][info ][gc,heap        ] GC(427) CMS: 27761K->28934K(43712K)
[1.396s][info ][gc,metaspace   ] GC(427) Metaspace: 5319K->5319K(1056768K)
[1.396s][info ][gc             ] GC(427) Pause Young (Allocation Failure) 45M->29M(61M) 0.874ms
[1.396s][info ][gc,cpu         ] GC(427) User=0.00s Sys=0.00s Real=0.00s
[1.398s][info ][gc,start       ] GC(428) Pause Young (Allocation Failure)
[1.398s][info ][gc,task        ] GC(428) Using 8 workers of 8 for evacuation
[1.400s][debug][gc,age         ] GC(428) Desired survivor size 1114112 bytes, new threshold 1 (max threshold 6)
[1.400s][info ][gc,heap        ] GC(428) ParNew: 18348K->1175K(19648K)
[1.400s][info ][gc,heap        ] GC(428) CMS: 28934K->29716K(43712K)
[1.400s][info ][gc,metaspace   ] GC(428) Metaspace: 5319K->5319K(1056768K)
[1.400s][info ][gc             ] GC(428) Pause Young (Allocation Failure) 46M->30M(61M) 1.989ms
[1.400s][info ][gc,cpu         ] GC(428) User=0.00s Sys=0.00s Real=0.00s
[1.401s][info ][gc,start       ] GC(429) Pause Young (Allocation Failure)
[1.401s][info ][gc,task        ] GC(429) Using 8 workers of 8 for evacuation
[1.403s][debug][gc,age         ] GC(429) Desired survivor size 1114112 bytes, new threshold 1 (max threshold 6)
[1.403s][info ][gc,heap        ] GC(429) ParNew: 18401K->1564K(19648K)
[1.403s][info ][gc,heap        ] GC(429) CMS: 29716K->30107K(43712K)
[1.403s][info ][gc,metaspace   ] GC(429) Metaspace: 5319K->5319K(1056768K)
[1.403s][info ][gc             ] GC(429) Pause Young (Allocation Failure) 46M->30M(61M) 2.117ms
[1.403s][info ][gc,cpu         ] GC(429) User=0.01s Sys=0.00s Real=0.00s
[1.405s][info ][gc,start       ] GC(430) Pause Young (Allocation Failure)
[1.405s][info ][gc,task        ] GC(430) Using 8 workers of 8 for evacuation
[1.407s][debug][gc,age         ] GC(430) Desired survivor size 1114112 bytes, new threshold 6 (max threshold 6)
[1.407s][info ][gc,heap        ] GC(430) ParNew: 18714K->789K(19648K)
[1.407s][info ][gc,heap        ] GC(430) CMS: 30107K->31280K(43712K)
[1.407s][info ][gc,metaspace   ] GC(430) Metaspace: 5319K->5319K(1056768K)
[1.407s][info ][gc             ] GC(430) Pause Young (Allocation Failure) 47M->31M(61M) 1.469ms
[1.407s][info ][gc,cpu         ] GC(430) User=0.01s Sys=0.00s Real=0.00s
[1.408s][info ][gc,start       ] GC(431) Pause Young (Allocation Failure)
[1.408s][info ][gc,task        ] GC(431) Using 8 workers of 8 for evacuation
[1.410s][debug][gc,age         ] GC(431) Desired survivor size 1114112 bytes, new threshold 1 (max threshold 6)
[1.410s][info ][gc,heap        ] GC(431) ParNew: 17879K->1959K(19648K)
[1.410s][info ][gc,heap        ] GC(431) CMS: 31280K->31280K(43712K)
[1.410s][info ][gc,metaspace   ] GC(431) Metaspace: 5319K->5319K(1056768K)
[1.410s][info ][gc             ] GC(431) Pause Young (Allocation Failure) 48M->32M(61M) 1.395ms
[1.410s][info ][gc,cpu         ] GC(431) User=0.00s Sys=0.00s Real=0.00s
[1.411s][info ][gc,start       ] GC(432) Pause Young (Allocation Failure)
[1.411s][info ][gc,task        ] GC(432) Using 8 workers of 8 for evacuation
[1.413s][debug][gc,age         ] GC(432) Desired survivor size 1114112 bytes, new threshold 6 (max threshold 6)
[1.413s][info ][gc,heap        ] GC(432) ParNew: 19431K->791K(19648K)
[1.413s][info ][gc,heap        ] GC(432) CMS: 31280K->32063K(43712K)
[1.413s][info ][gc,metaspace   ] GC(432) Metaspace: 5319K->5319K(1056768K)
[1.413s][info ][gc             ] GC(432) Pause Young (Allocation Failure) 49M->32M(61M) 1.286ms
[1.413s][info ][gc,cpu         ] GC(432) User=0.00s Sys=0.00s Real=0.00s
[1.414s][info ][gc,start       ] GC(433) Pause Young (Allocation Failure)
[1.414s][info ][gc,task        ] GC(433) Using 8 workers of 8 for evacuation
[1.415s][debug][gc,age         ] GC(433) Desired survivor size 1114112 bytes, new threshold 1 (max threshold 6)
[1.415s][info ][gc,heap        ] GC(433) ParNew: 18033K->1181K(19648K)
[1.415s][info ][gc,heap        ] GC(433) CMS: 32063K->32063K(43712K)
[1.415s][info ][gc,metaspace   ] GC(433) Metaspace: 5319K->5319K(1056768K)
[1.415s][info ][gc             ] GC(433) Pause Young (Allocation Failure) 48M->32M(61M) 1.178ms
[1.415s][info ][gc,cpu         ] GC(433) User=0.01s Sys=0.00s Real=0.00s
[1.417s][info ][gc,start       ] GC(434) Pause Young (Allocation Failure)
[1.417s][info ][gc,task        ] GC(434) Using 8 workers of 8 for evacuation
[1.418s][debug][gc,age         ] GC(434) Desired survivor size 1114112 bytes, new threshold 1 (max threshold 6)
[1.418s][info ][gc,heap        ] GC(434) ParNew: 18392K->1177K(19648K)
[1.418s][info ][gc,heap        ] GC(434) CMS: 32063K->32063K(43712K)
[1.418s][info ][gc,metaspace   ] GC(434) Metaspace: 5319K->5319K(1056768K)
[1.418s][info ][gc             ] GC(434) Pause Young (Allocation Failure) 49M->32M(61M) 1.093ms
[1.418s][info ][gc,cpu         ] GC(434) User=0.01s Sys=0.00s Real=0.00s
[1.420s][info ][gc,start       ] GC(435) Pause Young (Allocation Failure)
[1.420s][info ][gc,task        ] GC(435) Using 8 workers of 8 for evacuation
[1.421s][debug][gc,age         ] GC(435) Desired survivor size 1114112 bytes, new threshold 1 (max threshold 6)
[1.421s][info ][gc,heap        ] GC(435) ParNew: 18649K->1568K(19648K)
[1.421s][info ][gc,heap        ] GC(435) CMS: 32063K->32455K(43712K)
[1.421s][info ][gc,metaspace   ] GC(435) Metaspace: 5319K->5319K(1056768K)
[1.421s][info ][gc             ] GC(435) Pause Young (Allocation Failure) 49M->33M(61M) 1.142ms
[1.421s][info ][gc,cpu         ] GC(435) User=0.01s Sys=0.00s Real=0.00s
[1.422s][info ][gc,start       ] GC(436) Pause Young (Allocation Failure)
[1.422s][info ][gc,task        ] GC(436) Using 8 workers of 8 for evacuation
[1.423s][debug][gc,age         ] GC(436) Desired survivor size 1114112 bytes, new threshold 1 (max threshold 6)
[1.423s][info ][gc,heap        ] GC(436) ParNew: 18823K->1568K(19648K)
[1.423s][info ][gc,heap        ] GC(436) CMS: 32455K->32455K(43712K)
[1.423s][info ][gc,metaspace   ] GC(436) Metaspace: 5319K->5319K(1056768K)
[1.423s][info ][gc             ] GC(436) Pause Young (Allocation Failure) 50M->33M(61M) 1.144ms
[1.423s][info ][gc,cpu         ] GC(436) User=0.00s Sys=0.00s Real=0.00s
[1.425s][info ][gc,start       ] GC(437) Pause Young (Allocation Failure)
[1.425s][info ][gc,task        ] GC(437) Using 8 workers of 8 for evacuation
[1.426s][debug][gc,age         ] GC(437) Desired survivor size 1114112 bytes, new threshold 1 (max threshold 6)
[1.426s][info ][gc,heap        ] GC(437) ParNew: 19040K->1568K(19648K)
[1.426s][info ][gc,heap        ] GC(437) CMS: 32455K->33628K(43712K)
[1.426s][info ][gc,metaspace   ] GC(437) Metaspace: 5319K->5319K(1056768K)
[1.426s][info ][gc             ] GC(437) Pause Young (Allocation Failure) 50M->34M(61M) 1.516ms
[1.426s][info ][gc,cpu         ] GC(437) User=0.00s Sys=0.00s Real=0.00s
[1.428s][info ][gc,start       ] GC(438) Pause Young (Allocation Failure)
[1.428s][info ][gc,task        ] GC(438) Using 8 workers of 8 for evacuation
[1.429s][debug][gc,age         ] GC(438) Desired survivor size 1114112 bytes, new threshold 1 (max threshold 6)
[1.429s][info ][gc,heap        ] GC(438) ParNew: 18743K->1175K(19648K)
[1.429s][info ][gc,heap        ] GC(438) CMS: 33628K->34410K(43712K)
[1.429s][info ][gc,metaspace   ] GC(438) Metaspace: 5319K->5319K(1056768K)
[1.429s][info ][gc             ] GC(438) Pause Young (Allocation Failure) 51M->34M(61M) 1.600ms
[1.429s][info ][gc,cpu         ] GC(438) User=0.01s Sys=0.00s Real=0.00s
[1.431s][info ][gc,start       ] GC(439) Pause Young (Allocation Failure)
[1.431s][info ][gc,task        ] GC(439) Using 8 workers of 8 for evacuation
[1.432s][debug][gc,age         ] GC(439) Desired survivor size 1114112 bytes, new threshold 6 (max threshold 6)
[1.432s][info ][gc,heap        ] GC(439) ParNew: 18647K->785K(19648K)
[1.432s][info ][gc,heap        ] GC(439) CMS: 34410K->34410K(43712K)
[1.432s][info ][gc,metaspace   ] GC(439) Metaspace: 5319K->5319K(1056768K)
[1.432s][info ][gc             ] GC(439) Pause Young (Allocation Failure) 51M->34M(61M) 1.209ms
[1.432s][info ][gc,cpu         ] GC(439) User=0.01s Sys=0.00s Real=0.00s
[1.434s][info ][gc,start       ] GC(440) Pause Young (Allocation Failure)
[1.434s][info ][gc,task        ] GC(440) Using 8 workers of 8 for evacuation
[1.436s][debug][gc,age         ] GC(440) Desired survivor size 1114112 bytes, new threshold 1 (max threshold 6)
[1.436s][info ][gc,heap        ] GC(440) ParNew: 18201K->1957K(19648K)
[1.436s][info ][gc,heap        ] GC(440) CMS: 34410K->34410K(43712K)
[1.436s][info ][gc,metaspace   ] GC(440) Metaspace: 5319K->5319K(1056768K)
[1.436s][info ][gc             ] GC(440) Pause Young (Allocation Failure) 51M->35M(61M) 2.065ms
[1.436s][info ][gc,cpu         ] GC(440) User=0.01s Sys=0.00s Real=0.00s
[1.438s][info ][gc,start       ] GC(441) Pause Young (Allocation Failure)
[1.438s][info ][gc,task        ] GC(441) Using 8 workers of 8 for evacuation
[1.439s][debug][gc,age         ] GC(441) Desired survivor size 1114112 bytes, new threshold 6 (max threshold 6)
[1.439s][info ][gc,heap        ] GC(441) ParNew: 19386K->785K(19648K)
[1.439s][info ][gc,heap        ] GC(441) CMS: 34410K->35584K(43712K)
[1.439s][info ][gc,metaspace   ] GC(441) Metaspace: 5319K->5319K(1056768K)
[1.440s][info ][gc             ] GC(441) Pause Young (Allocation Failure) 52M->35M(61M) 1.601ms
[1.440s][info ][gc,cpu         ] GC(441) User=0.00s Sys=0.01s Real=0.00s
[1.441s][info ][gc,start       ] GC(442) Pause Young (Allocation Failure)
[1.441s][info ][gc,task        ] GC(442) Using 8 workers of 8 for evacuation
[1.442s][debug][gc,age         ] GC(442) Desired survivor size 1114112 bytes, new threshold 2 (max threshold 6)
[1.442s][info ][gc,heap        ] GC(442) ParNew: 18216K->1175K(19648K)
[1.442s][info ][gc,heap        ] GC(442) CMS: 35584K->35584K(43712K)
[1.442s][info ][gc,metaspace   ] GC(442) Metaspace: 5319K->5319K(1056768K)
[1.442s][info ][gc             ] GC(442) Pause Young (Allocation Failure) 52M->35M(61M) 1.354ms
[1.442s][info ][gc,cpu         ] GC(442) User=0.01s Sys=0.00s Real=0.00s
[1.444s][info ][gc,start       ] GC(443) Pause Young (Allocation Failure)
[1.444s][info ][gc,task        ] GC(443) Using 8 workers of 8 for evacuation
[1.445s][debug][gc,age         ] GC(443) Desired survivor size 1114112 bytes, new threshold 1 (max threshold 6)
[1.445s][info ][gc,heap        ] GC(443) ParNew: 18271K->1568K(19648K)
[1.445s][info ][gc,heap        ] GC(443) CMS: 35584K->35975K(43712K)
[1.446s][info ][gc,metaspace   ] GC(443) Metaspace: 5319K->5319K(1056768K)
[1.446s][info ][gc             ] GC(443) Pause Young (Allocation Failure) 52M->36M(61M) 1.171ms
[1.446s][info ][gc,cpu         ] GC(443) User=0.01s Sys=0.00s Real=0.00s
[1.447s][info ][gc,start       ] GC(444) Pause Young (Allocation Failure)
[1.447s][info ][gc,task        ] GC(444) Using 8 workers of 8 for evacuation
[1.449s][debug][gc,age         ] GC(444) Desired survivor size 1114112 bytes, new threshold 1 (max threshold 6)
[1.449s][info ][gc,heap        ] GC(444) ParNew: 18827K->1572K(19648K)
[1.449s][info ][gc,heap        ] GC(444) CMS: 35975K->36757K(43712K)
[1.449s][info ][gc,metaspace   ] GC(444) Metaspace: 5319K->5319K(1056768K)
[1.449s][info ][gc             ] GC(444) Pause Young (Allocation Failure) 53M->37M(61M) 1.938ms
[1.449s][info ][gc,cpu         ] GC(444) User=0.01s Sys=0.00s Real=0.00s
[1.450s][info ][gc,start       ] GC(445) Pause Young (Allocation Failure)
[1.451s][info ][gc,task        ] GC(445) Using 8 workers of 8 for evacuation
[1.452s][debug][gc,age         ] GC(445) Desired survivor size 1114112 bytes, new threshold 1 (max threshold 6)
[1.452s][info ][gc,heap        ] GC(445) ParNew: 18740K->1568K(19648K)
[1.452s][info ][gc,heap        ] GC(445) CMS: 36757K->37930K(43712K)
[1.452s][info ][gc,metaspace   ] GC(445) Metaspace: 5319K->5319K(1056768K)
[1.452s][info ][gc             ] GC(445) Pause Young (Allocation Failure) 54M->38M(61M) 1.311ms
[1.452s][info ][gc,cpu         ] GC(445) User=0.01s Sys=0.00s Real=0.00s
[1.452s][info ][gc,start       ] GC(446) Pause Initial Mark
[1.452s][info ][gc             ] GC(446) Pause Initial Mark 39M->39M(61M) 0.119ms
[1.452s][info ][gc,cpu         ] GC(446) User=0.00s Sys=0.00s Real=0.00s
[1.452s][info ][gc             ] GC(446) Concurrent Mark
[1.452s][info ][gc,task        ] GC(446) Using 2 workers of 2 for marking
[1.454s][info ][gc,start       ] GC(447) Pause Young (Allocation Failure)
[1.454s][info ][gc,task        ] GC(447) Using 8 workers of 8 for evacuation
[1.456s][debug][gc,age         ] GC(447) Desired survivor size 1114112 bytes, new threshold 1 (max threshold 6)
[1.456s][info ][gc,heap        ] GC(447) ParNew: 19040K->1173K(19648K)
[1.456s][info ][gc,heap        ] GC(447) CMS: 37930K->39494K(43712K)
[1.456s][info ][gc,metaspace   ] GC(447) Metaspace: 5319K->5319K(1056768K)
[1.456s][info ][gc             ] GC(447) Pause Young (Allocation Failure) 55M->39M(61M) 1.864ms
[1.456s][info ][gc,cpu         ] GC(447) User=0.00s Sys=0.00s Real=0.00s
[1.456s][info ][gc             ] GC(446) Concurrent Mark 3.984ms
[1.456s][info ][gc,cpu         ] GC(446) User=0.01s Sys=0.00s Real=0.01s
[1.456s][info ][gc             ] GC(446) Concurrent Preclean
[1.456s][info ][gc             ] GC(446) Concurrent Preclean 0.183ms
[1.456s][info ][gc,cpu         ] GC(446) User=0.01s Sys=0.00s Real=0.00s
[1.456s][info ][gc             ] GC(446) Concurrent Abortable Preclean
[1.457s][info ][gc,start       ] GC(448) Pause Young (Allocation Failure)
[1.457s][info ][gc,task        ] GC(448) Using 8 workers of 8 for evacuation
[1.460s][debug][gc,age         ] GC(448) Desired survivor size 1114112 bytes, new threshold 1 (max threshold 6)
[1.460s][info ][gc,heap        ] GC(448) ParNew: 18532K->1957K(19648K)
[1.460s][info ][gc,heap        ] GC(448) CMS: 39494K->39885K(43712K)
[1.460s][info ][gc,metaspace   ] GC(448) Metaspace: 5319K->5319K(1056768K)
[1.460s][info ][gc             ] GC(448) Pause Young (Allocation Failure) 56M->40M(61M) 2.462ms
[1.460s][info ][gc,cpu         ] GC(448) User=0.01s Sys=0.00s Real=0.00s
[1.461s][info ][gc,start       ] GC(449) Pause Young (Allocation Failure)
[1.461s][info ][gc,task        ] GC(449) Using 8 workers of 8 for evacuation
[1.463s][debug][gc,age         ] GC(449) Desired survivor size 1114112 bytes, new threshold 1 (max threshold 6)
[1.463s][info ][gc,heap        ] GC(449) ParNew: 19374K->1566K(19648K)
[1.463s][info ][gc,heap        ] GC(449) CMS: 39885K->40667K(43712K)
[1.463s][info ][gc,metaspace   ] GC(449) Metaspace: 5319K->5319K(1056768K)
[1.463s][info ][gc             ] GC(449) Pause Young (Allocation Failure) 57M->41M(61M) 2.050ms
[1.463s][info ][gc,cpu         ] GC(449) User=0.01s Sys=0.00s Real=0.00s
[1.465s][info ][gc,start       ] GC(450) Pause Young (Allocation Failure)
[1.465s][info ][gc,task        ] GC(450) Using 8 workers of 8 for evacuation
[1.467s][debug][gc,age         ] GC(450) Desired survivor size 1114112 bytes, new threshold 1 (max threshold 6)
[1.467s][info ][gc,heap        ] GC(450) ParNew: 19014K->1568K(19648K)
[1.467s][info ][gc,heap        ] GC(450) CMS: 40667K->41840K(43712K)
[1.467s][info ][gc,metaspace   ] GC(450) Metaspace: 5319K->5319K(1056768K)
[1.467s][info ][gc             ] GC(450) Pause Young (Allocation Failure) 58M->42M(61M) 1.971ms
[1.467s][info ][gc,cpu         ] GC(450) User=0.01s Sys=0.00s Real=0.00s
[1.469s][info ][gc,start       ] GC(451) Pause Young (Allocation Failure)
[1.469s][info ][gc,task        ] GC(451) Using 8 workers of 8 for evacuation
[1.470s][debug][gc,age         ] GC(451) Desired survivor size 1114112 bytes, new threshold 1 (max threshold 6)
[1.471s][info ][gc,heap        ] GC(451) ParNew: 18714K->1572K(19648K)
[1.471s][info ][gc,heap        ] GC(451) CMS: 41840K->42231K(43712K)
[1.471s][info ][gc,metaspace   ] GC(451) Metaspace: 5319K->5319K(1056768K)
[1.471s][info ][gc             ] GC(451) Pause Young (Allocation Failure) 59M->42M(61M) 1.904ms
[1.471s][info ][gc,cpu         ] GC(451) User=0.01s Sys=0.00s Real=0.00s
[1.472s][info ][gc,start       ] GC(452) Pause Young (Allocation Failure)
[1.472s][info ][gc,task        ] GC(452) Using 8 workers of 8 for evacuation
[1.474s][debug][gc,age         ] GC(452) Desired survivor size 1114112 bytes, new threshold 1 (max threshold 6)
[1.474s][info ][gc,heap        ] GC(452) ParNew: 18922K->1957K(19648K)
[1.474s][info ][gc,heap        ] GC(452) CMS: 42231K->42622K(43712K)
[1.474s][info ][gc,metaspace   ] GC(452) Metaspace: 5319K->5319K(1056768K)
[1.474s][info ][gc             ] GC(452) Pause Young (Allocation Failure) 59M->43M(61M) 1.922ms
[1.474s][info ][gc,cpu         ] GC(452) User=0.00s Sys=0.00s Real=0.00s
[1.474s][info ][gc             ] GC(446) Concurrent Abortable Preclean 17.410ms
[1.474s][info ][gc,cpu         ] GC(446) User=0.08s Sys=0.00s Real=0.01s
[1.475s][info ][gc,start       ] GC(446) Pause Remark
[1.475s][debug][gc,phases      ] GC(446) Rescan (parallel) 0.392ms
[1.475s][debug][gc,phases      ] GC(446) Reference Processing 0.013ms
[1.475s][debug][gc,phases      ] GC(446) Weak Processing 0.005ms
[1.475s][debug][gc,phases      ] GC(446) ClassLoaderData 0.010ms
[1.475s][debug][gc,phases      ] GC(446) ProtectionDomainCacheTable 0.002ms
[1.475s][debug][gc,phases      ] GC(446) ResolvedMethodTable 0.006ms
[1.475s][debug][gc,phases      ] GC(446) Class Unloading 0.161ms
[1.476s][debug][gc,phases      ] GC(446) Scrub Symbol Table 0.456ms
[1.476s][debug][gc,phases      ] GC(446) Scrub String Table 0.020ms
[1.476s][info ][gc             ] GC(446) Pause Remark 55M->55M(61M) 1.177ms
[1.476s][info ][gc,cpu         ] GC(446) User=0.01s Sys=0.00s Real=0.00s
[1.476s][info ][gc             ] GC(446) Concurrent Sweep
[1.477s][info ][gc,start       ] GC(453) Pause Young (Allocation Failure)
[1.477s][info ][gc,task        ] GC(453) Using 8 workers of 8 for evacuation
[1.478s][debug][gc,age         ] GC(453) Desired survivor size 1114112 bytes, new threshold 6 (max threshold 6)
[1.478s][info ][gc,heap        ] GC(453) ParNew: 19070K->791K(19648K)
[1.478s][info ][gc,heap        ] GC(453) CMS: 14089K->14480K(43712K)
[1.478s][info ][gc,metaspace   ] GC(453) Metaspace: 5319K->5319K(1056768K)
[1.478s][info ][gc             ] GC(453) Pause Young (Allocation Failure) 32M->14M(61M) 1.144ms
[1.478s][info ][gc,cpu         ] GC(453) User=0.00s Sys=0.00s Real=0.00s
[1.478s][info ][gc             ] GC(446) Concurrent Sweep 1.887ms
[1.478s][info ][gc,cpu         ] GC(446) User=0.00s Sys=0.00s Real=0.00s
[1.478s][info ][gc             ] GC(446) Concurrent Reset
[1.478s][info ][gc             ] GC(446) Concurrent Reset 0.041ms
[1.478s][info ][gc,cpu         ] GC(446) User=0.00s Sys=0.00s Real=0.00s
[1.478s][info ][gc,heap        ] GC(446) Old: 37930K->7429K(43712K)
[1.479s][info ][gc,start       ] GC(454) Pause Young (Allocation Failure)
[1.479s][info ][gc,task        ] GC(454) Using 8 workers of 8 for evacuation
[1.480s][debug][gc,age         ] GC(454) Desired survivor size 1114112 bytes, new threshold 1 (max threshold 6)
[1.480s][info ][gc,heap        ] GC(454) ParNew: 18221K->1957K(19648K)
[1.481s][info ][gc,heap        ] GC(454) CMS: 7429K->7429K(43712K)
[1.481s][info ][gc,metaspace   ] GC(454) Metaspace: 5319K->5319K(1056768K)
[1.481s][info ][gc             ] GC(454) Pause Young (Allocation Failure) 25M->9M(61M) 1.343ms
[1.481s][info ][gc,cpu         ] GC(454) User=0.01s Sys=0.00s Real=0.00s
[1.482s][info ][gc,start       ] GC(455) Pause Young (Allocation Failure)
[1.483s][info ][gc,task        ] GC(455) Using 8 workers of 8 for evacuation
[1.484s][debug][gc,age         ] GC(455) Desired survivor size 1114112 bytes, new threshold 1 (max threshold 6)
[1.484s][info ][gc,heap        ] GC(455) ParNew: 19429K->1173K(19648K)
[1.484s][info ][gc,heap        ] GC(455) CMS: 7429K->8211K(43712K)
[1.484s][info ][gc,metaspace   ] GC(455) Metaspace: 5319K->5319K(1056768K)
[1.484s][info ][gc             ] GC(455) Pause Young (Allocation Failure) 26M->9M(61M) 1.735ms
[1.484s][info ][gc,cpu         ] GC(455) User=0.01s Sys=0.00s Real=0.01s
[1.486s][info ][gc,start       ] GC(456) Pause Young (Allocation Failure)
[1.486s][info ][gc,task        ] GC(456) Using 8 workers of 8 for evacuation
[1.487s][debug][gc,age         ] GC(456) Desired survivor size 1114112 bytes, new threshold 1 (max threshold 6)
[1.487s][info ][gc,heap        ] GC(456) ParNew: 18608K->1177K(19648K)
[1.487s][info ][gc,heap        ] GC(456) CMS: 8211K->8212K(43712K)
[1.487s][info ][gc,metaspace   ] GC(456) Metaspace: 5319K->5319K(1056768K)
[1.487s][info ][gc             ] GC(456) Pause Young (Allocation Failure) 26M->9M(61M) 1.223ms
[1.488s][info ][gc,cpu         ] GC(456) User=0.00s Sys=0.00s Real=0.00s
[1.489s][info ][gc,start       ] GC(457) Pause Young (Allocation Failure)
[1.489s][info ][gc,task        ] GC(457) Using 8 workers of 8 for evacuation
[1.490s][debug][gc,age         ] GC(457) Desired survivor size 1114112 bytes, new threshold 6 (max threshold 6)
[1.490s][info ][gc,heap        ] GC(457) ParNew: 18276K->787K(19648K)
[1.490s][info ][gc,heap        ] GC(457) CMS: 8212K->8212K(43712K)
[1.490s][info ][gc,metaspace   ] GC(457) Metaspace: 5319K->5319K(1056768K)
[1.490s][info ][gc             ] GC(457) Pause Young (Allocation Failure) 25M->8M(61M) 1.031ms
[1.490s][info ][gc,cpu         ] GC(457) User=0.00s Sys=0.00s Real=0.00s
[1.492s][info ][gc,start       ] GC(458) Pause Young (Allocation Failure)
[1.492s][info ][gc,task        ] GC(458) Using 8 workers of 8 for evacuation
[1.493s][debug][gc,age         ] GC(458) Desired survivor size 1114112 bytes, new threshold 1 (max threshold 6)
[1.493s][info ][gc,heap        ] GC(458) ParNew: 18058K->1576K(19648K)
[1.493s][info ][gc,heap        ] GC(458) CMS: 8212K->8212K(43712K)
[1.493s][info ][gc,metaspace   ] GC(458) Metaspace: 5319K->5319K(1056768K)
[1.493s][info ][gc             ] GC(458) Pause Young (Allocation Failure) 25M->9M(61M) 0.875ms
[1.493s][info ][gc,cpu         ] GC(458) User=0.00s Sys=0.00s Real=0.00s
[1.495s][info ][gc,start       ] GC(459) Pause Young (Allocation Failure)
[1.495s][info ][gc,task        ] GC(459) Using 8 workers of 8 for evacuation
[1.497s][debug][gc,age         ] GC(459) Desired survivor size 1114112 bytes, new threshold 1 (max threshold 6)
[1.497s][info ][gc,heap        ] GC(459) ParNew: 18663K->1173K(19648K)
[1.497s][info ][gc,heap        ] GC(459) CMS: 8212K->9385K(43712K)
[1.497s][info ][gc,metaspace   ] GC(459) Metaspace: 5319K->5319K(1056768K)
[1.497s][info ][gc             ] GC(459) Pause Young (Allocation Failure) 26M->10M(61M) 2.345ms
[1.497s][info ][gc,cpu         ] GC(459) User=0.01s Sys=0.00s Real=0.00s
[1.499s][info ][gc,start       ] GC(460) Pause Young (Allocation Failure)
[1.499s][info ][gc,task        ] GC(460) Using 8 workers of 8 for evacuation
[1.501s][debug][gc,age         ] GC(460) Desired survivor size 1114112 bytes, new threshold 6 (max threshold 6)
[1.501s][info ][gc,heap        ] GC(460) ParNew: 18434K->785K(19648K)
[1.501s][info ][gc,heap        ] GC(460) CMS: 9385K->9776K(43712K)
[1.501s][info ][gc,metaspace   ] GC(460) Metaspace: 5319K->5319K(1056768K)
[1.501s][info ][gc             ] GC(460) Pause Young (Allocation Failure) 27M->10M(61M) 2.146ms
[1.501s][info ][gc,cpu         ] GC(460) User=0.00s Sys=0.00s Real=0.00s
[1.502s][info ][gc,start       ] GC(461) Pause Young (Allocation Failure)
[1.502s][info ][gc,task        ] GC(461) Using 8 workers of 8 for evacuation
[1.504s][debug][gc,age         ] GC(461) Desired survivor size 1114112 bytes, new threshold 6 (max threshold 6)
[1.504s][info ][gc,heap        ] GC(461) ParNew: 18245K->785K(19648K)
[1.504s][info ][gc,heap        ] GC(461) CMS: 9776K->9776K(43712K)
[1.504s][info ][gc,metaspace   ] GC(461) Metaspace: 5319K->5319K(1056768K)
[1.504s][info ][gc             ] GC(461) Pause Young (Allocation Failure) 27M->10M(61M) 1.657ms
[1.504s][info ][gc,cpu         ] GC(461) User=0.01s Sys=0.00s Real=0.00s
[1.505s][info ][gc,start       ] GC(462) Pause Young (Allocation Failure)
[1.505s][info ][gc,task        ] GC(462) Using 8 workers of 8 for evacuation
[1.507s][debug][gc,age         ] GC(462) Desired survivor size 1114112 bytes, new threshold 1 (max threshold 6)
[1.507s][info ][gc,heap        ] GC(462) ParNew: 17901K->1959K(19648K)
[1.507s][info ][gc,heap        ] GC(462) CMS: 9776K->9776K(43712K)
[1.507s][info ][gc,metaspace   ] GC(462) Metaspace: 5319K->5319K(1056768K)
[1.507s][info ][gc             ] GC(462) Pause Young (Allocation Failure) 27M->11M(61M) 1.937ms
[1.507s][info ][gc,cpu         ] GC(462) User=0.01s Sys=0.00s Real=0.00s
[1.509s][info ][gc,start       ] GC(463) Pause Young (Allocation Failure)
[1.509s][info ][gc,task        ] GC(463) Using 8 workers of 8 for evacuation
[1.510s][debug][gc,age         ] GC(463) Desired survivor size 1114112 bytes, new threshold 1 (max threshold 6)
[1.510s][info ][gc,heap        ] GC(463) ParNew: 19132K->1182K(19648K)
[1.510s][info ][gc,heap        ] GC(463) CMS: 9776K->10167K(43712K)
[1.510s][info ][gc,metaspace   ] GC(463) Metaspace: 5319K->5319K(1056768K)
[1.510s][info ][gc             ] GC(463) Pause Young (Allocation Failure) 28M->11M(61M) 1.007ms
[1.510s][info ][gc,cpu         ] GC(463) User=0.00s Sys=0.00s Real=0.00s
[1.511s][info ][gc,start       ] GC(464) Pause Young (Allocation Failure)
[1.511s][info ][gc,task        ] GC(464) Using 8 workers of 8 for evacuation
[1.512s][debug][gc,age         ] GC(464) Desired survivor size 1114112 bytes, new threshold 1 (max threshold 6)
[1.513s][info ][gc,heap        ] GC(464) ParNew: 18621K->1175K(19648K)
[1.513s][info ][gc,heap        ] GC(464) CMS: 10167K->10168K(43712K)
[1.513s][info ][gc,metaspace   ] GC(464) Metaspace: 5319K->5319K(1056768K)
[1.513s][info ][gc             ] GC(464) Pause Young (Allocation Failure) 28M->11M(61M) 1.214ms
[1.513s][info ][gc,cpu         ] GC(464) User=0.00s Sys=0.00s Real=0.00s
[1.514s][info ][gc,start       ] GC(465) Pause Young (Allocation Failure)
[1.514s][info ][gc,task        ] GC(465) Using 8 workers of 8 for evacuation
[1.515s][debug][gc,age         ] GC(465) Desired survivor size 1114112 bytes, new threshold 6 (max threshold 6)
[1.515s][info ][gc,heap        ] GC(465) ParNew: 18647K->394K(19648K)
[1.515s][info ][gc,heap        ] GC(465) CMS: 10168K->10168K(43712K)
[1.515s][info ][gc,metaspace   ] GC(465) Metaspace: 5319K->5319K(1056768K)
[1.515s][info ][gc             ] GC(465) Pause Young (Allocation Failure) 28M->10M(61M) 1.178ms
[1.515s][info ][gc,cpu         ] GC(465) User=0.00s Sys=0.01s Real=0.01s
[1.517s][info ][gc,start       ] GC(466) Pause Young (Allocation Failure)
[1.517s][info ][gc,task        ] GC(466) Using 8 workers of 8 for evacuation
[1.518s][debug][gc,age         ] GC(466) Desired survivor size 1114112 bytes, new threshold 2 (max threshold 6)
[1.518s][info ][gc,heap        ] GC(466) ParNew: 17835K->1179K(19648K)
[1.518s][info ][gc,heap        ] GC(466) CMS: 10168K->10168K(43712K)
[1.518s][info ][gc,metaspace   ] GC(466) Metaspace: 5319K->5319K(1056768K)
[1.518s][info ][gc             ] GC(466) Pause Young (Allocation Failure) 27M->11M(61M) 1.131ms
[1.518s][info ][gc,cpu         ] GC(466) User=0.01s Sys=0.00s Real=0.00s
[1.521s][info ][gc,start       ] GC(467) Pause Young (Allocation Failure)
[1.521s][info ][gc,task        ] GC(467) Using 8 workers of 8 for evacuation
[1.522s][debug][gc,age         ] GC(467) Desired survivor size 1114112 bytes, new threshold 1 (max threshold 6)
[1.522s][info ][gc,heap        ] GC(467) ParNew: 18634K->1568K(19648K)
[1.522s][info ][gc,heap        ] GC(467) CMS: 10168K->10168K(43712K)
[1.522s][info ][gc,metaspace   ] GC(467) Metaspace: 5319K->5319K(1056768K)
[1.522s][info ][gc             ] GC(467) Pause Young (Allocation Failure) 28M->11M(61M) 1.237ms
[1.522s][info ][gc,cpu         ] GC(467) User=0.00s Sys=0.00s Real=0.00s
[1.524s][info ][gc,start       ] GC(468) Pause Young (Allocation Failure)
[1.524s][info ][gc,task        ] GC(468) Using 8 workers of 8 for evacuation
[1.525s][debug][gc,age         ] GC(468) Desired survivor size 1114112 bytes, new threshold 1 (max threshold 6)
[1.525s][info ][gc,heap        ] GC(468) ParNew: 18776K->1961K(19648K)
[1.525s][info ][gc,heap        ] GC(468) CMS: 10168K->10559K(43712K)
[1.525s][info ][gc,metaspace   ] GC(468) Metaspace: 5319K->5319K(1056768K)
[1.525s][info ][gc             ] GC(468) Pause Young (Allocation Failure) 28M->12M(61M) 1.174ms
[1.525s][info ][gc,cpu         ] GC(468) User=0.00s Sys=0.00s Real=0.01s
[1.526s][info ][gc,start       ] GC(469) Pause Young (Allocation Failure)
[1.527s][info ][gc,task        ] GC(469) Using 8 workers of 8 for evacuation
[1.528s][debug][gc,age         ] GC(469) Desired survivor size 1114112 bytes, new threshold 1 (max threshold 6)
[1.528s][info ][gc,heap        ] GC(469) ParNew: 19291K->1955K(19648K)
[1.528s][info ][gc,heap        ] GC(469) CMS: 10559K->10950K(43712K)
[1.528s][info ][gc,metaspace   ] GC(469) Metaspace: 5319K->5319K(1056768K)
[1.528s][info ][gc             ] GC(469) Pause Young (Allocation Failure) 29M->12M(61M) 1.494ms
[1.528s][info ][gc,cpu         ] GC(469) User=0.01s Sys=0.00s Real=0.00s
[1.529s][info ][gc,start       ] GC(470) Pause Young (Allocation Failure)
[1.529s][info ][gc,task        ] GC(470) Using 8 workers of 8 for evacuation
[1.531s][debug][gc,age         ] GC(470) Desired survivor size 1114112 bytes, new threshold 6 (max threshold 6)
[1.531s][info ][gc,heap        ] GC(470) ParNew: 19427K->785K(19648K)
[1.531s][info ][gc,heap        ] GC(470) CMS: 10950K->12123K(43712K)
[1.531s][info ][gc,metaspace   ] GC(470) Metaspace: 5319K->5319K(1056768K)
[1.531s][info ][gc             ] GC(470) Pause Young (Allocation Failure) 29M->12M(61M) 1.412ms
[1.531s][info ][gc,cpu         ] GC(470) User=0.01s Sys=0.00s Real=0.00s
[1.532s][info ][gc,start       ] GC(471) Pause Young (Allocation Failure)
[1.532s][info ][gc,task        ] GC(471) Using 8 workers of 8 for evacuation
[1.534s][debug][gc,age         ] GC(471) Desired survivor size 1114112 bytes, new threshold 1 (max threshold 6)
[1.534s][info ][gc,heap        ] GC(471) ParNew: 17922K->1957K(19648K)
[1.534s][info ][gc,heap        ] GC(471) CMS: 12123K->12123K(43712K)
[1.534s][info ][gc,metaspace   ] GC(471) Metaspace: 5319K->5319K(1056768K)
[1.534s][info ][gc             ] GC(471) Pause Young (Allocation Failure) 29M->13M(61M) 1.569ms
[1.534s][info ][gc,cpu         ] GC(471) User=0.00s Sys=0.00s Real=0.00s
[1.535s][info ][gc,start       ] GC(472) Pause Young (Allocation Failure)
[1.535s][info ][gc,task        ] GC(472) Using 8 workers of 8 for evacuation
[1.537s][debug][gc,age         ] GC(472) Desired survivor size 1114112 bytes, new threshold 6 (max threshold 6)
[1.537s][info ][gc,heap        ] GC(472) ParNew: 19309K->785K(19648K)
[1.537s][info ][gc,heap        ] GC(472) CMS: 12123K->13296K(43712K)
[1.537s][info ][gc,metaspace   ] GC(472) Metaspace: 5319K->5319K(1056768K)
[1.537s][info ][gc             ] GC(472) Pause Young (Allocation Failure) 30M->13M(61M) 1.275ms
[1.537s][info ][gc,cpu         ] GC(472) User=0.00s Sys=0.00s Real=0.00s
[1.539s][info ][gc,start       ] GC(473) Pause Young (Allocation Failure)
[1.539s][info ][gc,task        ] GC(473) Using 8 workers of 8 for evacuation
[1.540s][debug][gc,age         ] GC(473) Desired survivor size 1114112 bytes, new threshold 1 (max threshold 6)
[1.540s][info ][gc,heap        ] GC(473) ParNew: 18149K->1957K(19648K)
[1.540s][info ][gc,heap        ] GC(473) CMS: 13296K->13687K(43712K)
[1.540s][info ][gc,metaspace   ] GC(473) Metaspace: 5319K->5319K(1056768K)
[1.540s][info ][gc             ] GC(473) Pause Young (Allocation Failure) 30M->15M(61M) 1.259ms
[1.540s][info ][gc,cpu         ] GC(473) User=0.01s Sys=0.00s Real=0.00s
[1.541s][info ][gc,start       ] GC(474) Pause Young (Allocation Failure)
[1.541s][info ][gc,task        ] GC(474) Using 8 workers of 8 for evacuation
[1.543s][debug][gc,age         ] GC(474) Desired survivor size 1114112 bytes, new threshold 1 (max threshold 6)
[1.543s][info ][gc,heap        ] GC(474) ParNew: 19305K->1959K(19648K)
[1.543s][info ][gc,heap        ] GC(474) CMS: 13687K->14859K(43712K)
[1.543s][info ][gc,metaspace   ] GC(474) Metaspace: 5319K->5319K(1056768K)
[1.543s][info ][gc             ] GC(474) Pause Young (Allocation Failure) 32M->16M(61M) 1.485ms
[1.543s][info ][gc,cpu         ] GC(474) User=0.00s Sys=0.00s Real=0.00s
[1.544s][info ][gc,start       ] GC(475) Pause Young (Allocation Failure)
[1.544s][info ][gc,task        ] GC(475) Using 8 workers of 8 for evacuation
[1.546s][debug][gc,age         ] GC(475) Desired survivor size 1114112 bytes, new threshold 1 (max threshold 6)
[1.546s][info ][gc,heap        ] GC(475) ParNew: 19431K->1175K(19648K)
[1.546s][info ][gc,heap        ] GC(475) CMS: 14859K->15642K(43712K)
[1.546s][info ][gc,metaspace   ] GC(475) Metaspace: 5319K->5319K(1056768K)
[1.546s][info ][gc             ] GC(475) Pause Young (Allocation Failure) 33M->16M(61M) 2.073ms
[1.546s][info ][gc,cpu         ] GC(475) User=0.01s Sys=0.00s Real=0.00s
[1.548s][info ][gc,start       ] GC(476) Pause Young (Allocation Failure)
[1.548s][info ][gc,task        ] GC(476) Using 8 workers of 8 for evacuation
[1.549s][debug][gc,age         ] GC(476) Desired survivor size 1114112 bytes, new threshold 1 (max threshold 6)
[1.549s][info ][gc,heap        ] GC(476) ParNew: 18296K->1959K(19648K)
[1.549s][info ][gc,heap        ] GC(476) CMS: 15642K->16814K(43712K)
[1.549s][info ][gc,metaspace   ] GC(476) Metaspace: 5319K->5319K(1056768K)
[1.549s][info ][gc             ] GC(476) Pause Young (Allocation Failure) 33M->18M(61M) 1.372ms
[1.549s][info ][gc,cpu         ] GC(476) User=0.00s Sys=0.00s Real=0.00s
[1.551s][info ][gc,start       ] GC(477) Pause Young (Allocation Failure)
[1.551s][info ][gc,task        ] GC(477) Using 8 workers of 8 for evacuation
[1.552s][debug][gc,age         ] GC(477) Desired survivor size 1114112 bytes, new threshold 1 (max threshold 6)
[1.552s][info ][gc,heap        ] GC(477) ParNew: 19152K->1570K(19648K)
[1.552s][info ][gc,heap        ] GC(477) CMS: 16814K->17987K(43712K)
[1.552s][info ][gc,metaspace   ] GC(477) Metaspace: 5319K->5319K(1056768K)
[1.552s][info ][gc             ] GC(477) Pause Young (Allocation Failure) 35M->19M(61M) 1.385ms
[1.552s][info ][gc,cpu         ] GC(477) User=0.01s Sys=0.00s Real=0.00s
[1.554s][info ][gc,start       ] GC(478) Pause Young (Allocation Failure)
[1.554s][info ][gc,task        ] GC(478) Using 8 workers of 8 for evacuation
[1.555s][debug][gc,age         ] GC(478) Desired survivor size 1114112 bytes, new threshold 1 (max threshold 6)
[1.555s][info ][gc,heap        ] GC(478) ParNew: 19042K->1177K(19648K)
[1.555s][info ][gc,heap        ] GC(478) CMS: 17987K->18770K(43712K)
[1.555s][info ][gc,metaspace   ] GC(478) Metaspace: 5319K->5319K(1056768K)
[1.555s][info ][gc             ] GC(478) Pause Young (Allocation Failure) 36M->19M(61M) 1.699ms
[1.555s][info ][gc,cpu         ] GC(478) User=0.01s Sys=0.00s Real=0.01s
[1.557s][info ][gc,start       ] GC(479) Pause Young (Allocation Failure)
[1.557s][info ][gc,task        ] GC(479) Using 8 workers of 8 for evacuation
[1.559s][debug][gc,age         ] GC(479) Desired survivor size 1114112 bytes, new threshold 1 (max threshold 6)
[1.559s][info ][gc,heap        ] GC(479) ParNew: 18467K->1957K(19648K)
[1.559s][info ][gc,heap        ] GC(479) CMS: 18770K->19551K(43712K)
[1.559s][info ][gc,metaspace   ] GC(479) Metaspace: 5319K->5319K(1056768K)
[1.559s][info ][gc             ] GC(479) Pause Young (Allocation Failure) 36M->21M(61M) 1.908ms
[1.559s][info ][gc,cpu         ] GC(479) User=0.00s Sys=0.00s Real=0.00s
[1.560s][info ][gc,start       ] GC(480) Pause Young (Allocation Failure)
[1.560s][info ][gc,task        ] GC(480) Using 8 workers of 8 for evacuation
[1.562s][debug][gc,age         ] GC(480) Desired survivor size 1114112 bytes, new threshold 6 (max threshold 6)
[1.562s][info ][gc,heap        ] GC(480) ParNew: 19348K->785K(19648K)
[1.562s][info ][gc,heap        ] GC(480) CMS: 19551K->20725K(43712K)
[1.562s][info ][gc,metaspace   ] GC(480) Metaspace: 5319K->5319K(1056768K)
[1.562s][info ][gc             ] GC(480) Pause Young (Allocation Failure) 37M->21M(61M) 1.455ms
[1.562s][info ][gc,cpu         ] GC(480) User=0.00s Sys=0.00s Real=0.00s
[1.563s][info ][gc,start       ] GC(481) Pause Young (Allocation Failure)
[1.563s][info ][gc,task        ] GC(481) Using 8 workers of 8 for evacuation
[1.565s][debug][gc,age         ] GC(481) Desired survivor size 1114112 bytes, new threshold 1 (max threshold 6)
[1.565s][info ][gc,heap        ] GC(481) ParNew: 18222K->1959K(19648K)
[1.565s][info ][gc,heap        ] GC(481) CMS: 20725K->20725K(43712K)
[1.565s][info ][gc,metaspace   ] GC(481) Metaspace: 5319K->5319K(1056768K)
[1.565s][info ][gc             ] GC(481) Pause Young (Allocation Failure) 38M->22M(61M) 1.296ms
[1.565s][info ][gc,cpu         ] GC(481) User=0.00s Sys=0.00s Real=0.01s
[1.566s][info ][gc,start       ] GC(482) Pause Young (Allocation Failure)
[1.566s][info ][gc,task        ] GC(482) Using 8 workers of 8 for evacuation
[1.567s][debug][gc,age         ] GC(482) Desired survivor size 1114112 bytes, new threshold 6 (max threshold 6)
[1.568s][info ][gc,heap        ] GC(482) ParNew: 19431K->785K(19648K)
[1.568s][info ][gc,heap        ] GC(482) CMS: 20725K->21898K(43712K)
[1.568s][info ][gc,metaspace   ] GC(482) Metaspace: 5319K->5319K(1056768K)
[1.568s][info ][gc             ] GC(482) Pause Young (Allocation Failure) 39M->22M(61M) 1.439ms
[1.568s][info ][gc,cpu         ] GC(482) User=0.00s Sys=0.00s Real=0.00s
[1.569s][info ][gc,start       ] GC(483) Pause Young (Allocation Failure)
[1.569s][info ][gc,task        ] GC(483) Using 8 workers of 8 for evacuation
[1.571s][debug][gc,age         ] GC(483) Desired survivor size 1114112 bytes, new threshold 1 (max threshold 6)
[1.571s][info ][gc,heap        ] GC(483) ParNew: 18257K->1957K(19648K)
[1.571s][info ][gc,heap        ] GC(483) CMS: 21898K->21898K(43712K)
[1.571s][info ][gc,metaspace   ] GC(483) Metaspace: 5319K->5319K(1056768K)
[1.571s][info ][gc             ] GC(483) Pause Young (Allocation Failure) 39M->23M(61M) 1.903ms
[1.571s][info ][gc,cpu         ] GC(483) User=0.01s Sys=0.00s Real=0.00s
[1.573s][info ][gc,start       ] GC(484) Pause Young (Allocation Failure)
[1.573s][info ][gc,task        ] GC(484) Using 8 workers of 8 for evacuation
[1.574s][debug][gc,age         ] GC(484) Desired survivor size 1114112 bytes, new threshold 1 (max threshold 6)
[1.574s][info ][gc,heap        ] GC(484) ParNew: 19306K->1179K(19648K)
[1.574s][info ][gc,heap        ] GC(484) CMS: 21898K->23462K(43712K)
[1.574s][info ][gc,metaspace   ] GC(484) Metaspace: 5319K->5319K(1056768K)
[1.574s][info ][gc             ] GC(484) Pause Young (Allocation Failure) 40M->24M(61M) 1.306ms
[1.574s][info ][gc,cpu         ] GC(484) User=0.01s Sys=0.00s Real=0.00s
[1.575s][info ][gc,start       ] GC(485) Pause Young (Allocation Failure)
[1.575s][info ][gc,task        ] GC(485) Using 8 workers of 8 for evacuation
[1.576s][debug][gc,age         ] GC(485) Desired survivor size 1114112 bytes, new threshold 1 (max threshold 6)
[1.576s][info ][gc,heap        ] GC(485) ParNew: 18569K->1967K(19648K)
[1.576s][info ][gc,heap        ] GC(485) CMS: 23462K->23853K(43712K)
[1.576s][info ][gc,metaspace   ] GC(485) Metaspace: 5319K->5319K(1056768K)
[1.576s][info ][gc             ] GC(485) Pause Young (Allocation Failure) 41M->25M(61M) 0.633ms
[1.576s][info ][gc,cpu         ] GC(485) User=0.00s Sys=0.00s Real=0.00s
[1.577s][info ][gc,start       ] GC(486) Pause Young (Allocation Failure)
[1.577s][info ][gc,task        ] GC(486) Using 8 workers of 8 for evacuation
[1.579s][debug][gc,age         ] GC(486) Desired survivor size 1114112 bytes, new threshold 1 (max threshold 6)
[1.579s][info ][gc,heap        ] GC(486) ParNew: 19078K->1566K(19648K)
[1.579s][info ][gc,heap        ] GC(486) CMS: 23853K->25026K(43712K)
[1.579s][info ][gc,metaspace   ] GC(486) Metaspace: 5319K->5319K(1056768K)
[1.579s][info ][gc             ] GC(486) Pause Young (Allocation Failure) 41M->25M(61M) 1.359ms
[1.579s][info ][gc,cpu         ] GC(486) User=0.01s Sys=0.00s Real=0.00s
[1.580s][info ][gc,start       ] GC(487) Pause Young (Allocation Failure)
[1.580s][info ][gc,task        ] GC(487) Using 8 workers of 8 for evacuation
[1.581s][debug][gc,age         ] GC(487) Desired survivor size 1114112 bytes, new threshold 1 (max threshold 6)
[1.581s][info ][gc,heap        ] GC(487) ParNew: 18877K->1957K(19648K)
[1.581s][info ][gc,heap        ] GC(487) CMS: 25026K->26589K(43712K)
[1.581s][info ][gc,metaspace   ] GC(487) Metaspace: 5319K->5319K(1056768K)
[1.581s][info ][gc             ] GC(487) Pause Young (Allocation Failure) 42M->27M(61M) 1.356ms
[1.581s][info ][gc,cpu         ] GC(487) User=0.00s Sys=0.00s Real=0.00s
[1.583s][info ][gc,start       ] GC(488) Pause Young (Allocation Failure)
[1.583s][info ][gc,task        ] GC(488) Using 8 workers of 8 for evacuation
[1.583s][debug][gc,age         ] GC(488) Desired survivor size 1114112 bytes, new threshold 6 (max threshold 6)
[1.583s][info ][gc,heap        ] GC(488) ParNew: 19302K->795K(19648K)
[1.583s][info ][gc,heap        ] GC(488) CMS: 26589K->27762K(43712K)
[1.583s][info ][gc,metaspace   ] GC(488) Metaspace: 5319K->5319K(1056768K)
[1.583s][info ][gc             ] GC(488) Pause Young (Allocation Failure) 44M->27M(61M) 0.575ms
[1.584s][info ][gc,cpu         ] GC(488) User=0.00s Sys=0.00s Real=0.00s
[1.585s][info ][gc,start       ] GC(489) Pause Young (Allocation Failure)
[1.585s][info ][gc,task        ] GC(489) Using 8 workers of 8 for evacuation
[1.586s][debug][gc,age         ] GC(489) Desired survivor size 1114112 bytes, new threshold 1 (max threshold 6)
[1.586s][info ][gc,heap        ] GC(489) ParNew: 17972K->1963K(19648K)
[1.586s][info ][gc,heap        ] GC(489) CMS: 27762K->28152K(43712K)
[1.586s][info ][gc,metaspace   ] GC(489) Metaspace: 5319K->5319K(1056768K)
[1.586s][info ][gc             ] GC(489) Pause Young (Allocation Failure) 44M->29M(61M) 1.388ms
[1.586s][info ][gc,cpu         ] GC(489) User=0.00s Sys=0.01s Real=0.00s
[1.588s][info ][gc,start       ] GC(490) Pause Young (Allocation Failure)
[1.588s][info ][gc,task        ] GC(490) Using 8 workers of 8 for evacuation
[1.589s][debug][gc,age         ] GC(490) Desired survivor size 1114112 bytes, new threshold 6 (max threshold 6)
[1.589s][info ][gc,heap        ] GC(490) ParNew: 19359K->394K(19648K)
[1.589s][info ][gc,heap        ] GC(490) CMS: 28152K->28935K(43712K)
[1.589s][info ][gc,metaspace   ] GC(490) Metaspace: 5319K->5319K(1056768K)
[1.589s][info ][gc             ] GC(490) Pause Young (Allocation Failure) 46M->28M(61M) 1.323ms
[1.589s][info ][gc,cpu         ] GC(490) User=0.00s Sys=0.00s Real=0.00s
[1.591s][info ][gc,start       ] GC(491) Pause Young (Allocation Failure)
[1.591s][info ][gc,task        ] GC(491) Using 8 workers of 8 for evacuation
[1.592s][debug][gc,age         ] GC(491) Desired survivor size 1114112 bytes, new threshold 2 (max threshold 6)
[1.592s][info ][gc,heap        ] GC(491) ParNew: 17575K->1175K(19648K)
[1.592s][info ][gc,heap        ] GC(491) CMS: 28935K->28935K(43712K)
[1.592s][info ][gc,metaspace   ] GC(491) Metaspace: 5319K->5319K(1056768K)
[1.592s][info ][gc             ] GC(491) Pause Young (Allocation Failure) 45M->29M(61M) 1.538ms
[1.592s][info ][gc,cpu         ] GC(491) User=0.01s Sys=0.00s Real=0.00s
[1.594s][info ][gc,start       ] GC(492) Pause Young (Allocation Failure)
[1.594s][info ][gc,task        ] GC(492) Using 8 workers of 8 for evacuation
[1.595s][debug][gc,age         ] GC(492) Desired survivor size 1114112 bytes, new threshold 1 (max threshold 6)
[1.595s][info ][gc,heap        ] GC(492) ParNew: 18512K->1957K(19648K)
[1.595s][info ][gc,heap        ] GC(492) CMS: 28935K->28935K(43712K)
[1.595s][info ][gc,metaspace   ] GC(492) Metaspace: 5319K->5319K(1056768K)
[1.595s][info ][gc             ] GC(492) Pause Young (Allocation Failure) 46M->30M(61M) 1.241ms
[1.595s][info ][gc,cpu         ] GC(492) User=0.01s Sys=0.00s Real=0.01s
[1.596s][info ][gc,start       ] GC(493) Pause Young (Allocation Failure)
[1.596s][info ][gc,task        ] GC(493) Using 8 workers of 8 for evacuation
[1.598s][debug][gc,age         ] GC(493) Desired survivor size 1114112 bytes, new threshold 1 (max threshold 6)
[1.598s][info ][gc,heap        ] GC(493) ParNew: 19373K->1177K(19648K)
[1.598s][info ][gc,heap        ] GC(493) CMS: 28935K->30499K(43712K)
[1.598s][info ][gc,metaspace   ] GC(493) Metaspace: 5319K->5319K(1056768K)
[1.598s][info ][gc             ] GC(493) Pause Young (Allocation Failure) 47M->30M(61M) 1.642ms
[1.598s][info ][gc,cpu         ] GC(493) User=0.01s Sys=0.00s Real=0.00s
[1.599s][info ][gc,start       ] GC(494) Pause Young (Allocation Failure)
[1.600s][info ][gc,task        ] GC(494) Using 8 workers of 8 for evacuation
[1.601s][debug][gc,age         ] GC(494) Desired survivor size 1114112 bytes, new threshold 1 (max threshold 6)
[1.601s][info ][gc,heap        ] GC(494) ParNew: 18628K->1566K(19648K)
[1.601s][info ][gc,heap        ] GC(494) CMS: 30499K->31281K(43712K)
[1.602s][info ][gc,metaspace   ] GC(494) Metaspace: 5319K->5319K(1056768K)
[1.602s][info ][gc             ] GC(494) Pause Young (Allocation Failure) 47M->32M(61M) 2.029ms
[1.602s][info ][gc,cpu         ] GC(494) User=0.01s Sys=0.00s Real=0.00s
[1.603s][info ][gc,start       ] GC(495) Pause Young (Allocation Failure)
[1.603s][info ][gc,task        ] GC(495) Using 8 workers of 8 for evacuation
[1.605s][debug][gc,age         ] GC(495) Desired survivor size 1114112 bytes, new threshold 1 (max threshold 6)
[1.605s][info ][gc,heap        ] GC(495) ParNew: 18774K->1173K(19648K)
[1.605s][info ][gc,heap        ] GC(495) CMS: 31281K->31281K(43712K)
[1.605s][info ][gc,metaspace   ] GC(495) Metaspace: 5319K->5319K(1056768K)
[1.605s][info ][gc             ] GC(495) Pause Young (Allocation Failure) 48M->31M(61M) 1.986ms
[1.605s][info ][gc,cpu         ] GC(495) User=0.01s Sys=0.00s Real=0.01s
[1.606s][info ][gc,start       ] GC(496) Pause Young (Allocation Failure)
[1.606s][info ][gc,task        ] GC(496) Using 8 workers of 8 for evacuation
[1.608s][debug][gc,age         ] GC(496) Desired survivor size 1114112 bytes, new threshold 1 (max threshold 6)
[1.608s][info ][gc,heap        ] GC(496) ParNew: 18645K->1181K(19648K)
[1.608s][info ][gc,heap        ] GC(496) CMS: 31281K->32064K(43712K)
[1.608s][info ][gc,metaspace   ] GC(496) Metaspace: 5319K->5319K(1056768K)
[1.608s][info ][gc             ] GC(496) Pause Young (Allocation Failure) 48M->32M(61M) 1.337ms
[1.608s][info ][gc,cpu         ] GC(496) User=0.01s Sys=0.00s Real=0.00s
[1.609s][info ][gc,start       ] GC(497) Pause Young (Allocation Failure)
[1.609s][info ][gc,task        ] GC(497) Using 8 workers of 8 for evacuation
[1.610s][debug][gc,age         ] GC(497) Desired survivor size 1114112 bytes, new threshold 6 (max threshold 6)
[1.610s][info ][gc,heap        ] GC(497) ParNew: 18653K->398K(19648K)
[1.610s][info ][gc,heap        ] GC(497) CMS: 32064K->32455K(43712K)
[1.610s][info ][gc,metaspace   ] GC(497) Metaspace: 5319K->5319K(1056768K)
[1.610s][info ][gc             ] GC(497) Pause Young (Allocation Failure) 49M->32M(61M) 1.128ms
[1.610s][info ][gc,cpu         ] GC(497) User=0.01s Sys=0.00s Real=0.00s
[1.612s][info ][gc,start       ] GC(498) Pause Young (Allocation Failure)
[1.612s][info ][gc,task        ] GC(498) Using 8 workers of 8 for evacuation
[1.613s][debug][gc,age         ] GC(498) Desired survivor size 1114112 bytes, new threshold 6 (max threshold 6)
[1.613s][info ][gc,heap        ] GC(498) ParNew: 17491K->783K(19648K)
[1.613s][info ][gc,heap        ] GC(498) CMS: 32455K->32455K(43712K)
[1.613s][info ][gc,metaspace   ] GC(498) Metaspace: 5319K->5319K(1056768K)
[1.613s][info ][gc             ] GC(498) Pause Young (Allocation Failure) 48M->32M(61M) 1.414ms
[1.613s][info ][gc,cpu         ] GC(498) User=0.01s Sys=0.00s Real=0.00s
[1.615s][info ][gc,start       ] GC(499) Pause Young (Allocation Failure)
[1.615s][info ][gc,task        ] GC(499) Using 8 workers of 8 for evacuation
[1.616s][debug][gc,age         ] GC(499) Desired survivor size 1114112 bytes, new threshold 1 (max threshold 6)
[1.616s][info ][gc,heap        ] GC(499) ParNew: 18141K->1957K(19648K)
[1.616s][info ][gc,heap        ] GC(499) CMS: 32455K->33236K(43712K)
[1.616s][info ][gc,metaspace   ] GC(499) Metaspace: 5319K->5319K(1056768K)
[1.616s][info ][gc             ] GC(499) Pause Young (Allocation Failure) 49M->34M(61M) 1.278ms
[1.616s][info ][gc,cpu         ] GC(499) User=0.00s Sys=0.00s Real=0.00s
[1.618s][info ][gc,start       ] GC(500) Pause Young (Allocation Failure)
[1.618s][info ][gc,task        ] GC(500) Using 8 workers of 8 for evacuation
[1.619s][debug][gc,age         ] GC(500) Desired survivor size 1114112 bytes, new threshold 6 (max threshold 6)
[1.619s][info ][gc,heap        ] GC(500) ParNew: 19317K->394K(19648K)
[1.619s][info ][gc,heap        ] GC(500) CMS: 33236K->34410K(43712K)
[1.619s][info ][gc,metaspace   ] GC(500) Metaspace: 5319K->5319K(1056768K)
[1.619s][info ][gc             ] GC(500) Pause Young (Allocation Failure) 51M->33M(61M) 1.328ms
[1.619s][info ][gc,cpu         ] GC(500) User=0.01s Sys=0.00s Real=0.00s
[1.621s][info ][gc,start       ] GC(501) Pause Initial Mark
[1.621s][info ][gc             ] GC(501) Pause Initial Mark 48M->48M(61M) 0.228ms
[1.621s][info ][gc,cpu         ] GC(501) User=0.00s Sys=0.00s Real=0.00s
[1.621s][info ][gc             ] GC(501) Concurrent Mark
[1.621s][info ][gc,task        ] GC(501) Using 2 workers of 2 for marking
[1.622s][info ][gc,start       ] GC(502) Pause Young (Allocation Failure)
[1.622s][info ][gc,task        ] GC(502) Using 8 workers of 8 for evacuation
[1.623s][debug][gc,age         ] GC(502) Desired survivor size 1114112 bytes, new threshold 1 (max threshold 6)
[1.623s][info ][gc,heap        ] GC(502) ParNew: 17525K->1175K(19648K)
[1.623s][info ][gc,heap        ] GC(502) CMS: 34410K->34410K(43712K)
[1.623s][info ][gc,metaspace   ] GC(502) Metaspace: 5319K->5319K(1056768K)
[1.623s][info ][gc             ] GC(502) Pause Young (Allocation Failure) 50M->34M(61M) 1.408ms
[1.623s][info ][gc,cpu         ] GC(502) User=0.00s Sys=0.00s Real=0.00s
[1.624s][info ][gc             ] GC(501) Concurrent Mark 2.978ms
[1.624s][info ][gc,cpu         ] GC(501) User=0.01s Sys=0.00s Real=0.01s
[1.624s][info ][gc             ] GC(501) Concurrent Preclean
[1.624s][info ][gc             ] GC(501) Concurrent Preclean 0.082ms
[1.624s][info ][gc,cpu         ] GC(501) User=0.00s Sys=0.00s Real=0.00s
[1.624s][info ][gc             ] GC(501) Concurrent Abortable Preclean
[1.625s][info ][gc,start       ] GC(503) Pause Young (Allocation Failure)
[1.625s][info ][gc,task        ] GC(503) Using 8 workers of 8 for evacuation
[1.626s][debug][gc,age         ] GC(503) Desired survivor size 1114112 bytes, new threshold 1 (max threshold 6)
[1.626s][info ][gc,heap        ] GC(503) ParNew: 18291K->1568K(19648K)
[1.626s][info ][gc,heap        ] GC(503) CMS: 34410K->34801K(43712K)
[1.626s][info ][gc,metaspace   ] GC(503) Metaspace: 5319K->5319K(1056768K)
[1.626s][info ][gc             ] GC(503) Pause Young (Allocation Failure) 51M->35M(61M) 1.333ms
[1.626s][info ][gc,cpu         ] GC(503) User=0.01s Sys=0.00s Real=0.00s
[1.628s][info ][gc,start       ] GC(504) Pause Young (Allocation Failure)
[1.628s][info ][gc,task        ] GC(504) Using 8 workers of 8 for evacuation
[1.629s][debug][gc,age         ] GC(504) Desired survivor size 1114112 bytes, new threshold 6 (max threshold 6)
[1.629s][info ][gc,heap        ] GC(504) ParNew: 19007K->787K(19648K)
[1.629s][info ][gc,heap        ] GC(504) CMS: 34801K->35974K(43712K)
[1.629s][info ][gc,metaspace   ] GC(504) Metaspace: 5319K->5319K(1056768K)
[1.629s][info ][gc             ] GC(504) Pause Young (Allocation Failure) 52M->35M(61M) 1.294ms
[1.629s][info ][gc,cpu         ] GC(504) User=0.01s Sys=0.00s Real=0.00s
[1.631s][info ][gc,start       ] GC(505) Pause Young (Allocation Failure)
[1.631s][info ][gc,task        ] GC(505) Using 8 workers of 8 for evacuation
[1.632s][debug][gc,age         ] GC(505) Desired survivor size 1114112 bytes, new threshold 1 (max threshold 6)
[1.632s][info ][gc,heap        ] GC(505) ParNew: 18090K->1957K(19648K)
[1.632s][info ][gc,heap        ] GC(505) CMS: 35974K->36364K(43712K)
[1.632s][info ][gc,metaspace   ] GC(505) Metaspace: 5319K->5319K(1056768K)
[1.632s][info ][gc             ] GC(505) Pause Young (Allocation Failure) 52M->37M(61M) 1.345ms
[1.632s][info ][gc,cpu         ] GC(505) User=0.01s Sys=0.00s Real=0.00s
[1.633s][info ][gc,start       ] GC(506) Pause Young (Allocation Failure)
[1.633s][info ][gc,task        ] GC(506) Using 8 workers of 8 for evacuation
[1.635s][debug][gc,age         ] GC(506) Desired survivor size 1114112 bytes, new threshold 1 (max threshold 6)
[1.635s][info ][gc,heap        ] GC(506) ParNew: 19157K->1957K(19648K)
[1.635s][info ][gc,heap        ] GC(506) CMS: 36364K->37537K(43712K)
[1.635s][info ][gc,metaspace   ] GC(506) Metaspace: 5319K->5319K(1056768K)
[1.635s][info ][gc             ] GC(506) Pause Young (Allocation Failure) 54M->38M(61M) 2.019ms
[1.635s][info ][gc,cpu         ] GC(506) User=0.00s Sys=0.00s Real=0.01s
[1.637s][info ][gc,start       ] GC(507) Pause Young (Allocation Failure)
[1.637s][info ][gc,task        ] GC(507) Using 8 workers of 8 for evacuation
[1.638s][debug][gc,age         ] GC(507) Desired survivor size 1114112 bytes, new threshold 6 (max threshold 6)
[1.638s][info ][gc,heap        ] GC(507) ParNew: 19200K->789K(19648K)
[1.638s][info ][gc,heap        ] GC(507) CMS: 37537K->38319K(43712K)
[1.638s][info ][gc,metaspace   ] GC(507) Metaspace: 5319K->5319K(1056768K)
[1.638s][info ][gc             ] GC(507) Pause Young (Allocation Failure) 55M->38M(61M) 1.180ms
[1.638s][info ][gc,cpu         ] GC(507) User=0.00s Sys=0.00s Real=0.00s
[1.639s][info ][gc,start       ] GC(508) Pause Young (Allocation Failure)
[1.639s][info ][gc,task        ] GC(508) Using 8 workers of 8 for evacuation
[1.640s][debug][gc,age         ] GC(508) Desired survivor size 1114112 bytes, new threshold 6 (max threshold 6)
[1.640s][info ][gc,heap        ] GC(508) ParNew: 18260K->785K(19648K)
[1.640s][info ][gc,heap        ] GC(508) CMS: 38319K->38319K(43712K)
[1.640s][info ][gc,metaspace   ] GC(508) Metaspace: 5319K->5319K(1056768K)
[1.640s][info ][gc             ] GC(508) Pause Young (Allocation Failure) 55M->38M(61M) 1.120ms
[1.640s][info ][gc,cpu         ] GC(508) User=0.00s Sys=0.00s Real=0.00s
[1.642s][info ][gc,start       ] GC(509) Pause Young (Allocation Failure)
[1.642s][info ][gc,task        ] GC(509) Using 8 workers of 8 for evacuation
[1.642s][debug][gc,age         ] GC(509) Desired survivor size 1114112 bytes, new threshold 1 (max threshold 6)
[1.642s][info ][gc,heap        ] GC(509) ParNew: 18224K->1186K(19648K)
[1.642s][info ][gc,heap        ] GC(509) CMS: 38319K->38319K(43712K)
[1.642s][info ][gc,metaspace   ] GC(509) Metaspace: 5319K->5319K(1056768K)
[1.642s][info ][gc             ] GC(509) Pause Young (Allocation Failure) 55M->38M(61M) 0.666ms
[1.642s][info ][gc,cpu         ] GC(509) User=0.00s Sys=0.00s Real=0.00s
[1.644s][info ][gc,start       ] GC(510) Pause Young (Allocation Failure)
[1.644s][info ][gc,task        ] GC(510) Using 8 workers of 8 for evacuation
[1.645s][debug][gc,age         ] GC(510) Desired survivor size 1114112 bytes, new threshold 1 (max threshold 6)
[1.645s][info ][gc,heap        ] GC(510) ParNew: 18294K->1175K(19648K)
[1.645s][info ][gc,heap        ] GC(510) CMS: 38319K->38320K(43712K)
[1.645s][info ][gc,metaspace   ] GC(510) Metaspace: 5319K->5319K(1056768K)
[1.645s][info ][gc             ] GC(510) Pause Young (Allocation Failure) 55M->38M(61M) 1.289ms
[1.645s][info ][gc,cpu         ] GC(510) User=0.00s Sys=0.00s Real=0.01s
[1.646s][info ][gc,start       ] GC(511) Pause Young (Allocation Failure)
[1.646s][info ][gc,task        ] GC(511) Using 8 workers of 8 for evacuation
[1.648s][debug][gc,age         ] GC(511) Desired survivor size 1114112 bytes, new threshold 1 (max threshold 6)
[1.648s][info ][gc,heap        ] GC(511) ParNew: 18370K->1173K(19648K)
[1.648s][info ][gc,heap        ] GC(511) CMS: 38320K->38320K(43712K)
[1.648s][info ][gc,metaspace   ] GC(511) Metaspace: 5319K->5319K(1056768K)
[1.648s][info ][gc             ] GC(511) Pause Young (Allocation Failure) 55M->38M(61M) 1.730ms
[1.648s][info ][gc,cpu         ] GC(511) User=0.01s Sys=0.00s Real=0.00s
[1.650s][info ][gc,start       ] GC(512) Pause Young (Allocation Failure)
[1.650s][info ][gc,task        ] GC(512) Using 8 workers of 8 for evacuation
[1.651s][debug][gc,age         ] GC(512) Desired survivor size 1114112 bytes, new threshold 6 (max threshold 6)
[1.651s][info ][gc,heap        ] GC(512) ParNew: 18645K->785K(19648K)
[1.651s][info ][gc,heap        ] GC(512) CMS: 38320K->38712K(43712K)
[1.651s][info ][gc,metaspace   ] GC(512) Metaspace: 5319K->5319K(1056768K)
[1.651s][info ][gc             ] GC(512) Pause Young (Allocation Failure) 55M->38M(61M) 1.198ms
[1.651s][info ][gc,cpu         ] GC(512) User=0.01s Sys=0.00s Real=0.00s
[1.652s][info ][gc,start       ] GC(513) Pause Young (Allocation Failure)
[1.652s][info ][gc,task        ] GC(513) Using 8 workers of 8 for evacuation
[1.654s][debug][gc,age         ] GC(513) Desired survivor size 1114112 bytes, new threshold 1 (max threshold 6)
[1.654s][info ][gc,heap        ] GC(513) ParNew: 17912K->1564K(19648K)
[1.654s][info ][gc,heap        ] GC(513) CMS: 38712K->38712K(43712K)
[1.654s][info ][gc,metaspace   ] GC(513) Metaspace: 5319K->5319K(1056768K)
[1.654s][info ][gc             ] GC(513) Pause Young (Allocation Failure) 55M->39M(61M) 2.176ms
[1.654s][info ][gc,cpu         ] GC(513) User=0.01s Sys=0.00s Real=0.01s
[1.656s][info ][gc,start       ] GC(514) Pause Young (Allocation Failure)
[1.656s][info ][gc,task        ] GC(514) Using 8 workers of 8 for evacuation
[1.657s][debug][gc,age         ] GC(514) Desired survivor size 1114112 bytes, new threshold 1 (max threshold 6)
[1.657s][info ][gc,heap        ] GC(514) ParNew: 18904K->1957K(19648K)
[1.657s][info ][gc,heap        ] GC(514) CMS: 38712K->38712K(43712K)
[1.657s][info ][gc,metaspace   ] GC(514) Metaspace: 5319K->5319K(1056768K)
[1.658s][info ][gc             ] GC(514) Pause Young (Allocation Failure) 56M->39M(61M) 1.672ms
[1.658s][info ][gc,cpu         ] GC(514) User=0.01s Sys=0.00s Real=0.00s
[1.661s][info ][gc,start       ] GC(515) Pause Young (Allocation Failure)
[1.661s][info ][gc,task        ] GC(515) Using 8 workers of 8 for evacuation
[1.662s][debug][gc,age         ] GC(515) Desired survivor size 1114112 bytes, new threshold 1 (max threshold 6)
[1.662s][info ][gc,heap        ] GC(515) ParNew: 19047K->1961K(19648K)
[1.662s][info ][gc,heap        ] GC(515) CMS: 38712K->39494K(43712K)
[1.662s][info ][gc,metaspace   ] GC(515) Metaspace: 5319K->5319K(1056768K)
[1.662s][info ][gc             ] GC(515) Pause Young (Allocation Failure) 56M->40M(61M) 1.666ms
[1.662s][info ][gc,cpu         ] GC(515) User=0.00s Sys=0.00s Real=0.00s
[1.664s][info ][gc,start       ] GC(516) Pause Young (Allocation Failure)
[1.664s][info ][gc,task        ] GC(516) Using 8 workers of 8 for evacuation
[1.664s][debug][gc,age         ] GC(516) Desired survivor size 1114112 bytes, new threshold 1 (max threshold 6)
[1.664s][info ][gc,heap        ] GC(516) ParNew: 19182K->1969K(19648K)
[1.664s][info ][gc,heap        ] GC(516) CMS: 39494K->39885K(43712K)
[1.664s][info ][gc,metaspace   ] GC(516) Metaspace: 5319K->5319K(1056768K)
[1.664s][info ][gc             ] GC(516) Pause Young (Allocation Failure) 57M->40M(61M) 0.491ms
[1.664s][info ][gc,cpu         ] GC(516) User=0.00s Sys=0.00s Real=0.01s
[1.666s][info ][gc,start       ] GC(517) Pause Young (Allocation Failure)
[1.666s][info ][gc,task        ] GC(517) Using 8 workers of 8 for evacuation
[1.667s][debug][gc,age         ] GC(517) Desired survivor size 1114112 bytes, new threshold 1 (max threshold 6)
[1.667s][info ][gc,heap        ] GC(517) ParNew: 19227K->1959K(19648K)
[1.667s][info ][gc,heap        ] GC(517) CMS: 39885K->40276K(43712K)
[1.667s][info ][gc,metaspace   ] GC(517) Metaspace: 5319K->5319K(1056768K)
[1.667s][info ][gc             ] GC(517) Pause Young (Allocation Failure) 57M->41M(61M) 1.284ms
[1.667s][info ][gc,cpu         ] GC(517) User=0.00s Sys=0.00s Real=0.00s
[1.668s][info ][gc,start       ] GC(518) Pause Young (Allocation Failure)
[1.669s][info ][gc,task        ] GC(518) Using 8 workers of 8 for evacuation
[1.670s][debug][gc,age         ] GC(518) Desired survivor size 1114112 bytes, new threshold 1 (max threshold 6)
[1.670s][info ][gc,heap        ] GC(518) ParNew: 19070K->1576K(19648K)
[1.670s][info ][gc,heap        ] GC(518) CMS: 40276K->40276K(43712K)
[1.670s][info ][gc,metaspace   ] GC(518) Metaspace: 5319K->5319K(1056768K)
[1.670s][info ][gc             ] GC(518) Pause Young (Allocation Failure) 57M->40M(61M) 1.331ms
[1.670s][info ][gc,cpu         ] GC(518) User=0.00s Sys=0.00s Real=0.00s
[1.671s][info ][gc,start       ] GC(519) Pause Young (Allocation Failure)
[1.671s][info ][gc,task        ] GC(519) Using 8 workers of 8 for evacuation
[1.672s][debug][gc,age         ] GC(519) Desired survivor size 1114112 bytes, new threshold 6 (max threshold 6)
[1.672s][info ][gc,heap        ] GC(519) ParNew: 18946K->396K(19648K)
[1.672s][info ][gc,heap        ] GC(519) CMS: 40276K->40668K(43712K)
[1.672s][info ][gc,metaspace   ] GC(519) Metaspace: 5319K->5319K(1056768K)
[1.672s][info ][gc             ] GC(519) Pause Young (Allocation Failure) 57M->40M(61M) 0.625ms
[1.672s][info ][gc,cpu         ] GC(519) User=0.00s Sys=0.00s Real=0.00s
[1.674s][info ][gc,start       ] GC(520) Pause Young (Allocation Failure)
[1.674s][info ][gc,task        ] GC(520) Using 8 workers of 8 for evacuation
[1.675s][debug][gc,age         ] GC(520) Desired survivor size 1114112 bytes, new threshold 1 (max threshold 6)
[1.675s][info ][gc,heap        ] GC(520) ParNew: 17538K->1566K(19648K)
[1.675s][info ][gc,heap        ] GC(520) CMS: 40668K->40668K(43712K)
[1.675s][info ][gc,metaspace   ] GC(520) Metaspace: 5319K->5319K(1056768K)
[1.675s][info ][gc             ] GC(520) Pause Young (Allocation Failure) 56M->41M(61M) 1.220ms
[1.675s][info ][gc,cpu         ] GC(520) User=0.00s Sys=0.00s Real=0.01s
[1.677s][info ][gc,start       ] GC(521) Pause Young (Allocation Failure)
[1.677s][info ][gc,task        ] GC(521) Using 8 workers of 8 for evacuation
[1.678s][debug][gc,age         ] GC(521) Desired survivor size 1114112 bytes, new threshold 1 (max threshold 6)
[1.678s][info ][gc,heap        ] GC(521) ParNew: 18776K->1957K(19648K)
[1.678s][info ][gc,heap        ] GC(521) CMS: 40668K->41449K(43712K)
[1.678s][info ][gc,metaspace   ] GC(521) Metaspace: 5319K->5319K(1056768K)
[1.678s][info ][gc             ] GC(521) Pause Young (Allocation Failure) 58M->42M(61M) 1.775ms
[1.678s][info ][gc,cpu         ] GC(521) User=0.00s Sys=0.00s Real=0.00s
[1.680s][info ][gc,start       ] GC(522) Pause Young (Allocation Failure)
[1.680s][info ][gc,task        ] GC(522) Using 8 workers of 8 for evacuation
[1.681s][debug][gc,age         ] GC(522) Desired survivor size 1114112 bytes, new threshold 6 (max threshold 6)
[1.681s][info ][gc,heap        ] GC(522) ParNew: 19416K->396K(19648K)
[1.681s][info ][gc,heap        ] GC(522) CMS: 41449K->42622K(43712K)
[1.681s][info ][gc,metaspace   ] GC(522) Metaspace: 5319K->5319K(1056768K)
[1.681s][info ][gc             ] GC(522) Pause Young (Allocation Failure) 59M->42M(61M) 1.378ms
[1.681s][info ][gc,cpu         ] GC(522) User=0.00s Sys=0.00s Real=0.00s
[1.683s][info ][gc,start       ] GC(523) Pause Young (Allocation Failure)
[1.683s][info ][gc,task        ] GC(523) Using 8 workers of 8 for evacuation
[1.683s][info ][gc,start       ] GC(524) Pause Full (Allocation Failure)
[1.683s][info ][gc             ] GC(501) Concurrent Abortable Preclean 58.416ms
[1.683s][info ][gc,cpu         ] GC(501) User=0.23s Sys=0.01s Real=0.05s
[1.683s][info ][gc,phases,start] GC(524) Phase 1: Mark live objects
[1.684s][debug][gc,phases      ] GC(524) Reference Processing 0.024ms
[1.684s][debug][gc,phases      ] GC(524) Weak Processing 0.004ms
[1.684s][debug][gc,phases      ] GC(524) ClassLoaderData 0.010ms
[1.684s][debug][gc,phases      ] GC(524) ProtectionDomainCacheTable 0.014ms
[1.684s][debug][gc,phases      ] GC(524) ResolvedMethodTable 0.006ms
[1.684s][debug][gc,phases      ] GC(524) Class Unloading 0.217ms
[1.684s][debug][gc,phases      ] GC(524) Scrub String Table 0.021ms
[1.685s][debug][gc,phases      ] GC(524) Scrub Symbol Table 0.887ms
[1.685s][info ][gc,phases      ] GC(524) Phase 1: Mark live objects 2.328ms
[1.685s][info ][gc,phases,start] GC(524) Phase 2: Compute new object addresses
[1.686s][info ][gc,phases      ] GC(524) Phase 2: Compute new object addresses 0.785ms
[1.686s][info ][gc,phases,start] GC(524) Phase 3: Adjust pointers
[1.687s][info ][gc,phases      ] GC(524) Phase 3: Adjust pointers 1.313ms
[1.687s][info ][gc,phases,start] GC(524) Phase 4: Move objects
[1.688s][info ][gc,phases      ] GC(524) Phase 4: Move objects 0.700ms
[1.688s][info ][gc             ] GC(524) Pause Full (Allocation Failure) 58M->3M(61M) 5.494ms
[1.688s][info ][gc,heap        ] GC(523) ParNew: 17680K->0K(19648K)
[1.688s][info ][gc,heap        ] GC(523) CMS: 42622K->3112K(43712K)
[1.688s][info ][gc,metaspace   ] GC(523) Metaspace: 5319K->5319K(1056768K)
[1.688s][info ][gc             ] GC(523) Pause Young (Allocation Failure) 58M->3M(61M) 5.615ms
[1.688s][info ][gc,cpu         ] GC(523) User=0.01s Sys=0.00s Real=0.01s
[1.690s][info ][gc,start       ] GC(525) Pause Young (Allocation Failure)
[1.690s][info ][gc,task        ] GC(525) Using 8 workers of 8 for evacuation
[1.691s][debug][gc,age         ] GC(525) Desired survivor size 1114112 bytes, new threshold 1 (max threshold 6)
[1.691s][info ][gc,heap        ] GC(525) ParNew: 17415K->1175K(19648K)
[1.691s][info ][gc,heap        ] GC(525) CMS: 3112K->3112K(43712K)
[1.691s][info ][gc,metaspace   ] GC(525) Metaspace: 5319K->5319K(1056768K)
[1.691s][info ][gc             ] GC(525) Pause Young (Allocation Failure) 20M->4M(61M) 1.438ms
[1.691s][info ][gc,cpu         ] GC(525) User=0.00s Sys=0.00s Real=0.00s
[1.693s][info ][gc,start       ] GC(526) Pause Young (Allocation Failure)
[1.693s][info ][gc,task        ] GC(526) Using 8 workers of 8 for evacuation
[1.694s][debug][gc,age         ] GC(526) Desired survivor size 1114112 bytes, new threshold 1 (max threshold 6)
[1.694s][info ][gc,heap        ] GC(526) ParNew: 18450K->1959K(19648K)
[1.694s][info ][gc,heap        ] GC(526) CMS: 3112K->3119K(43712K)
[1.694s][info ][gc,metaspace   ] GC(526) Metaspace: 5319K->5319K(1056768K)
[1.694s][info ][gc             ] GC(526) Pause Young (Allocation Failure) 21M->4M(61M) 1.130ms
[1.694s][info ][gc,cpu         ] GC(526) User=0.00s Sys=0.00s Real=0.01s
[1.696s][info ][gc,start       ] GC(527) Pause Young (Allocation Failure)
[1.696s][info ][gc,task        ] GC(527) Using 8 workers of 8 for evacuation
[1.697s][debug][gc,age         ] GC(527) Desired survivor size 1114112 bytes, new threshold 1 (max threshold 6)
[1.697s][info ][gc,heap        ] GC(527) ParNew: 19175K->1961K(19648K)
[1.697s][info ][gc,heap        ] GC(527) CMS: 3119K->3121K(43712K)
[1.697s][info ][gc,metaspace   ] GC(527) Metaspace: 5319K->5319K(1056768K)
[1.697s][info ][gc             ] GC(527) Pause Young (Allocation Failure) 21M->4M(61M) 1.154ms
[1.697s][info ][gc,cpu         ] GC(527) User=0.01s Sys=0.00s Real=0.00s
[1.699s][info ][gc,start       ] GC(528) Pause Young (Allocation Failure)
[1.699s][info ][gc,task        ] GC(528) Using 8 workers of 8 for evacuation
[1.700s][debug][gc,age         ] GC(528) Desired survivor size 1114112 bytes, new threshold 1 (max threshold 6)
[1.700s][info ][gc,heap        ] GC(528) ParNew: 19160K->1959K(19648K)
[1.700s][info ][gc,heap        ] GC(528) CMS: 3121K->4294K(43712K)
[1.700s][info ][gc,metaspace   ] GC(528) Metaspace: 5319K->5319K(1056768K)
[1.700s][info ][gc             ] GC(528) Pause Young (Allocation Failure) 21M->6M(61M) 1.183ms
[1.700s][info ][gc,cpu         ] GC(528) User=0.01s Sys=0.00s Real=0.00s
[1.701s][info ][gc,start       ] GC(529) Pause Young (Allocation Failure)
[1.701s][info ][gc,task        ] GC(529) Using 8 workers of 8 for evacuation
[1.703s][debug][gc,age         ] GC(529) Desired survivor size 1114112 bytes, new threshold 6 (max threshold 6)
[1.703s][info ][gc,heap        ] GC(529) ParNew: 19376K->396K(19648K)
[1.703s][info ][gc,heap        ] GC(529) CMS: 4294K->5076K(43712K)
[1.703s][info ][gc,metaspace   ] GC(529) Metaspace: 5319K->5319K(1056768K)
[1.703s][info ][gc             ] GC(529) Pause Young (Allocation Failure) 23M->5M(61M) 2.287ms
[1.703s][info ][gc,cpu         ] GC(529) User=0.01s Sys=0.00s Real=0.00s
[1.705s][info ][gc,start       ] GC(530) Pause Young (Allocation Failure)
[1.705s][info ][gc,task        ] GC(530) Using 8 workers of 8 for evacuation
[1.706s][debug][gc,age         ] GC(530) Desired survivor size 1114112 bytes, new threshold 1 (max threshold 6)
[1.706s][info ][gc,heap        ] GC(530) ParNew: 17565K->1959K(19648K)
[1.706s][info ][gc,heap        ] GC(530) CMS: 5076K->5857K(43712K)
[1.707s][info ][gc,metaspace   ] GC(530) Metaspace: 5319K->5319K(1056768K)
[1.707s][info ][gc             ] GC(530) Pause Young (Allocation Failure) 22M->7M(61M) 1.494ms
[1.707s][info ][gc,cpu         ] GC(530) User=0.00s Sys=0.00s Real=0.00s
[1.708s][info ][gc,start       ] GC(531) Pause Young (Allocation Failure)
[1.708s][info ][gc,task        ] GC(531) Using 8 workers of 8 for evacuation
[1.709s][debug][gc,age         ] GC(531) Desired survivor size 1114112 bytes, new threshold 1 (max threshold 6)
[1.709s][info ][gc,heap        ] GC(531) ParNew: 19387K->1568K(19648K)
[1.709s][info ][gc,heap        ] GC(531) CMS: 5857K->6249K(43712K)
[1.709s][info ][gc,metaspace   ] GC(531) Metaspace: 5319K->5319K(1056768K)
[1.709s][info ][gc             ] GC(531) Pause Young (Allocation Failure) 24M->7M(61M) 1.317ms
[1.709s][info ][gc,cpu         ] GC(531) User=0.00s Sys=0.00s Real=0.00s
[1.711s][info ][gc,start       ] GC(532) Pause Young (Allocation Failure)
[1.711s][info ][gc,task        ] GC(532) Using 8 workers of 8 for evacuation
[1.713s][debug][gc,age         ] GC(532) Desired survivor size 1114112 bytes, new threshold 1 (max threshold 6)
[1.713s][info ][gc,heap        ] GC(532) ParNew: 18814K->1177K(19648K)
[1.713s][info ][gc,heap        ] GC(532) CMS: 6249K->6640K(43712K)
[1.713s][info ][gc,metaspace   ] GC(532) Metaspace: 5319K->5319K(1056768K)
[1.713s][info ][gc             ] GC(532) Pause Young (Allocation Failure) 24M->7M(61M) 2.519ms
[1.713s][info ][gc,cpu         ] GC(532) User=0.00s Sys=0.00s Real=0.00s
[1.715s][info ][gc,start       ] GC(533) Pause Young (Allocation Failure)
[1.715s][info ][gc,task        ] GC(533) Using 8 workers of 8 for evacuation
[1.716s][debug][gc,age         ] GC(533) Desired survivor size 1114112 bytes, new threshold 6 (max threshold 6)
[1.717s][info ][gc,heap        ] GC(533) ParNew: 18292K->793K(19648K)
[1.717s][info ][gc,heap        ] GC(533) CMS: 6640K->6645K(43712K)
[1.717s][info ][gc,metaspace   ] GC(533) Metaspace: 5319K->5319K(1056768K)
[1.717s][info ][gc             ] GC(533) Pause Young (Allocation Failure) 24M->7M(61M) 1.145ms
[1.717s][info ][gc,cpu         ] GC(533) User=0.00s Sys=0.00s Real=0.00s
[1.718s][info ][gc,start       ] GC(534) Pause Young (Allocation Failure)
[1.718s][info ][gc,task        ] GC(534) Using 8 workers of 8 for evacuation
[1.720s][debug][gc,age         ] GC(534) Desired survivor size 1114112 bytes, new threshold 2 (max threshold 6)
[1.720s][info ][gc,heap        ] GC(534) ParNew: 18167K->1182K(19648K)
[1.720s][info ][gc,heap        ] GC(534) CMS: 6645K->6645K(43712K)
[1.720s][info ][gc,metaspace   ] GC(534) Metaspace: 5319K->5319K(1056768K)
[1.720s][info ][gc             ] GC(534) Pause Young (Allocation Failure) 24M->7M(61M) 1.329ms
[1.720s][info ][gc,cpu         ] GC(534) User=0.01s Sys=0.00s Real=0.00s
[1.721s][info ][gc,start       ] GC(535) Pause Young (Allocation Failure)
[1.721s][info ][gc,task        ] GC(535) Using 8 workers of 8 for evacuation
[1.722s][debug][gc,age         ] GC(535) Desired survivor size 1114112 bytes, new threshold 6 (max threshold 6)
[1.722s][info ][gc,heap        ] GC(535) ParNew: 18648K->785K(19648K)
[1.722s][info ][gc,heap        ] GC(535) CMS: 6645K->7037K(43712K)
[1.722s][info ][gc,metaspace   ] GC(535) Metaspace: 5319K->5319K(1056768K)
[1.722s][info ][gc             ] GC(535) Pause Young (Allocation Failure) 24M->7M(61M) 1.366ms
[1.722s][info ][gc,cpu         ] GC(535) User=0.01s Sys=0.00s Real=0.00s
[1.724s][info ][gc,start       ] GC(536) Pause Young (Allocation Failure)
[1.724s][info ][gc,task        ] GC(536) Using 8 workers of 8 for evacuation
[1.725s][debug][gc,age         ] GC(536) Desired survivor size 1114112 bytes, new threshold 1 (max threshold 6)
[1.725s][info ][gc,heap        ] GC(536) ParNew: 17910K->1568K(19648K)
[1.725s][info ][gc,heap        ] GC(536) CMS: 7037K->7037K(43712K)
[1.725s][info ][gc,metaspace   ] GC(536) Metaspace: 5319K->5319K(1056768K)
[1.725s][info ][gc             ] GC(536) Pause Young (Allocation Failure) 24M->8M(61M) 1.210ms
[1.725s][info ][gc,cpu         ] GC(536) User=0.01s Sys=0.00s Real=0.01s
[1.727s][info ][gc,start       ] GC(537) Pause Young (Allocation Failure)
[1.727s][info ][gc,task        ] GC(537) Using 8 workers of 8 for evacuation
[1.729s][debug][gc,age         ] GC(537) Desired survivor size 1114112 bytes, new threshold 1 (max threshold 6)
[1.729s][info ][gc,heap        ] GC(537) ParNew: 18870K->1961K(19648K)
[1.729s][info ][gc,heap        ] GC(537) CMS: 7037K->7818K(43712K)
[1.729s][info ][gc,metaspace   ] GC(537) Metaspace: 5319K->5319K(1056768K)
[1.729s][info ][gc             ] GC(537) Pause Young (Allocation Failure) 25M->9M(61M) 2.076ms
[1.729s][info ][gc,cpu         ] GC(537) User=0.00s Sys=0.00s Real=0.00s
[1.730s][info ][gc,start       ] GC(538) Pause Young (Allocation Failure)
[1.730s][info ][gc,task        ] GC(538) Using 8 workers of 8 for evacuation
[1.731s][debug][gc,age         ] GC(538) Desired survivor size 1114112 bytes, new threshold 1 (max threshold 6)
[1.731s][info ][gc,heap        ] GC(538) ParNew: 19153K->1179K(19648K)
[1.731s][info ][gc,heap        ] GC(538) CMS: 7818K->7819K(43712K)
[1.731s][info ][gc,metaspace   ] GC(538) Metaspace: 5319K->5319K(1056768K)
[1.731s][info ][gc             ] GC(538) Pause Young (Allocation Failure) 26M->8M(61M) 1.092ms
[1.731s][info ][gc,cpu         ] GC(538) User=0.00s Sys=0.01s Real=0.00s
[1.733s][info ][gc,start       ] GC(539) Pause Young (Allocation Failure)
[1.733s][info ][gc,task        ] GC(539) Using 8 workers of 8 for evacuation
[1.734s][debug][gc,age         ] GC(539) Desired survivor size 1114112 bytes, new threshold 1 (max threshold 6)
[1.734s][info ][gc,heap        ] GC(539) ParNew: 18367K->1957K(19648K)
[1.734s][info ][gc,heap        ] GC(539) CMS: 7819K->8600K(43712K)
[1.734s][info ][gc,metaspace   ] GC(539) Metaspace: 5319K->5319K(1056768K)
[1.734s][info ][gc             ] GC(539) Pause Young (Allocation Failure) 25M->10M(61M) 1.642ms
[1.734s][info ][gc,cpu         ] GC(539) User=0.00s Sys=0.00s Real=0.01s
[1.736s][info ][gc,start       ] GC(540) Pause Young (Allocation Failure)
[1.736s][info ][gc,task        ] GC(540) Using 8 workers of 8 for evacuation
[1.737s][debug][gc,age         ] GC(540) Desired survivor size 1114112 bytes, new threshold 1 (max threshold 6)
[1.737s][info ][gc,heap        ] GC(540) ParNew: 19429K->1568K(19648K)
[1.737s][info ][gc,heap        ] GC(540) CMS: 8600K->8992K(43712K)
[1.737s][info ][gc,metaspace   ] GC(540) Metaspace: 5319K->5319K(1056768K)
[1.737s][info ][gc             ] GC(540) Pause Young (Allocation Failure) 27M->10M(61M) 1.479ms
[1.737s][info ][gc,cpu         ] GC(540) User=0.01s Sys=0.00s Real=0.00s
[1.739s][info ][gc,start       ] GC(541) Pause Young (Allocation Failure)
[1.739s][info ][gc,task        ] GC(541) Using 8 workers of 8 for evacuation
[1.740s][debug][gc,age         ] GC(541) Desired survivor size 1114112 bytes, new threshold 1 (max threshold 6)
[1.740s][info ][gc,heap        ] GC(541) ParNew: 19033K->1175K(19648K)
[1.740s][info ][gc,heap        ] GC(541) CMS: 8992K->9774K(43712K)
[1.740s][info ][gc,metaspace   ] GC(541) Metaspace: 5319K->5319K(1056768K)
[1.740s][info ][gc             ] GC(541) Pause Young (Allocation Failure) 27M->10M(61M) 1.531ms
[1.740s][info ][gc,cpu         ] GC(541) User=0.01s Sys=0.00s Real=0.00s
[1.742s][info ][gc,start       ] GC(542) Pause Young (Allocation Failure)
[1.742s][info ][gc,task        ] GC(542) Using 8 workers of 8 for evacuation
[1.743s][debug][gc,age         ] GC(542) Desired survivor size 1114112 bytes, new threshold 1 (max threshold 6)
[1.743s][info ][gc,heap        ] GC(542) ParNew: 18310K->1572K(19648K)
[1.743s][info ][gc,heap        ] GC(542) CMS: 9774K->9774K(43712K)
[1.743s][info ][gc,metaspace   ] GC(542) Metaspace: 5319K->5319K(1056768K)
[1.743s][info ][gc             ] GC(542) Pause Young (Allocation Failure) 27M->11M(61M) 1.360ms
[1.743s][info ][gc,cpu         ] GC(542) User=0.01s Sys=0.00s Real=0.00s
[1.745s][info ][gc,start       ] GC(543) Pause Young (Allocation Failure)
[1.745s][info ][gc,task        ] GC(543) Using 8 workers of 8 for evacuation
[1.745s][debug][gc,age         ] GC(543) Desired survivor size 1114112 bytes, new threshold 6 (max threshold 6)
[1.745s][info ][gc,heap        ] GC(543) ParNew: 18979K->402K(19648K)
[1.745s][info ][gc,heap        ] GC(543) CMS: 9774K->10168K(43712K)
[1.745s][info ][gc,metaspace   ] GC(543) Metaspace: 5319K->5319K(1056768K)
[1.745s][info ][gc             ] GC(543) Pause Young (Allocation Failure) 28M->10M(61M) 0.696ms
[1.745s][info ][gc,cpu         ] GC(543) User=0.00s Sys=0.00s Real=0.00s
[1.747s][info ][gc,start       ] GC(544) Pause Young (Allocation Failure)
[1.747s][info ][gc,task        ] GC(544) Using 8 workers of 8 for evacuation
[1.749s][debug][gc,age         ] GC(544) Desired survivor size 1114112 bytes, new threshold 1 (max threshold 6)
[1.749s][info ][gc,heap        ] GC(544) ParNew: 17620K->1957K(19648K)
[1.749s][info ][gc,heap        ] GC(544) CMS: 10168K->10559K(43712K)
[1.749s][info ][gc,metaspace   ] GC(544) Metaspace: 5319K->5319K(1056768K)
[1.749s][info ][gc             ] GC(544) Pause Young (Allocation Failure) 27M->12M(61M) 1.500ms
[1.749s][info ][gc,cpu         ] GC(544) User=0.00s Sys=0.00s Real=0.00s
[1.750s][info ][gc,start       ] GC(545) Pause Young (Allocation Failure)
[1.750s][info ][gc,task        ] GC(545) Using 8 workers of 8 for evacuation
[1.751s][debug][gc,age         ] GC(545) Desired survivor size 1114112 bytes, new threshold 1 (max threshold 6)
[1.751s][info ][gc,heap        ] GC(545) ParNew: 19225K->1963K(19648K)
[1.751s][info ][gc,heap        ] GC(545) CMS: 10559K->11731K(43712K)
[1.751s][info ][gc,metaspace   ] GC(545) Metaspace: 5319K->5319K(1056768K)
[1.751s][info ][gc             ] GC(545) Pause Young (Allocation Failure) 29M->13M(61M) 1.436ms
[1.751s][info ][gc,cpu         ] GC(545) User=0.01s Sys=0.00s Real=0.00s
[1.753s][info ][gc,start       ] GC(546) Pause Young (Allocation Failure)
[1.753s][info ][gc,task        ] GC(546) Using 8 workers of 8 for evacuation
[1.754s][debug][gc,age         ] GC(546) Desired survivor size 1114112 bytes, new threshold 1 (max threshold 6)
[1.754s][info ][gc,heap        ] GC(546) ParNew: 19427K->1957K(19648K)
[1.754s][info ][gc,heap        ] GC(546) CMS: 11731K->11732K(43712K)
[1.754s][info ][gc,metaspace   ] GC(546) Metaspace: 5319K->5319K(1056768K)
[1.754s][info ][gc             ] GC(546) Pause Young (Allocation Failure) 30M->13M(61M) 1.386ms
[1.754s][info ][gc,cpu         ] GC(546) User=0.01s Sys=0.00s Real=0.01s
[1.756s][info ][gc,start       ] GC(547) Pause Young (Allocation Failure)
[1.756s][info ][gc,task        ] GC(547) Using 8 workers of 8 for evacuation
[1.757s][debug][gc,age         ] GC(547) Desired survivor size 1114112 bytes, new threshold 1 (max threshold 6)
[1.757s][info ][gc,heap        ] GC(547) ParNew: 19162K->1574K(19648K)
[1.757s][info ][gc,heap        ] GC(547) CMS: 11732K->11732K(43712K)
[1.757s][info ][gc,metaspace   ] GC(547) Metaspace: 5319K->5319K(1056768K)
[1.757s][info ][gc             ] GC(547) Pause Young (Allocation Failure) 30M->12M(61M) 0.660ms
[1.757s][info ][gc,cpu         ] GC(547) User=0.00s Sys=0.00s Real=0.00s
[1.758s][info ][gc,start       ] GC(548) Pause Young (Allocation Failure)
[1.758s][info ][gc,task        ] GC(548) Using 8 workers of 8 for evacuation
[1.759s][debug][gc,age         ] GC(548) Desired survivor size 1114112 bytes, new threshold 1 (max threshold 6)
[1.759s][info ][gc,heap        ] GC(548) ParNew: 18798K->1957K(19648K)
[1.759s][info ][gc,heap        ] GC(548) CMS: 11732K->12122K(43712K)
[1.759s][info ][gc,metaspace   ] GC(548) Metaspace: 5319K->5319K(1056768K)
[1.759s][info ][gc             ] GC(548) Pause Young (Allocation Failure) 29M->13M(61M) 1.550ms
[1.759s][info ][gc,cpu         ] GC(548) User=0.00s Sys=0.00s Real=0.00s
[1.761s][info ][gc,start       ] GC(549) Pause Young (Allocation Failure)
[1.761s][info ][gc,task        ] GC(549) Using 8 workers of 8 for evacuation
[1.762s][debug][gc,age         ] GC(549) Desired survivor size 1114112 bytes, new threshold 6 (max threshold 6)
[1.762s][info ][gc,heap        ] GC(549) ParNew: 19320K->789K(19648K)
[1.762s][info ][gc,heap        ] GC(549) CMS: 12122K->12905K(43712K)
[1.762s][info ][gc,metaspace   ] GC(549) Metaspace: 5319K->5319K(1056768K)
[1.762s][info ][gc             ] GC(549) Pause Young (Allocation Failure) 30M->13M(61M) 0.458ms
[1.762s][info ][gc,cpu         ] GC(549) User=0.00s Sys=0.00s Real=0.00s
[1.763s][info ][gc,start       ] GC(550) Pause Young (Allocation Failure)
[1.763s][info ][gc,task        ] GC(550) Using 8 workers of 8 for evacuation
[1.765s][debug][gc,age         ] GC(550) Desired survivor size 1114112 bytes, new threshold 1 (max threshold 6)
[1.766s][info ][gc,heap        ] GC(550) ParNew: 18043K->1566K(19648K)
[1.766s][info ][gc,heap        ] GC(550) CMS: 12905K->12905K(43712K)
[1.766s][info ][gc,metaspace   ] GC(550) Metaspace: 5319K->5319K(1056768K)
[1.766s][info ][gc             ] GC(550) Pause Young (Allocation Failure) 30M->14M(61M) 2.722ms
[1.766s][info ][gc,cpu         ] GC(550) User=0.00s Sys=0.00s Real=0.01s
[1.767s][info ][gc,start       ] GC(551) Pause Young (Allocation Failure)
[1.767s][info ][gc,task        ] GC(551) Using 8 workers of 8 for evacuation
[1.769s][debug][gc,age         ] GC(551) Desired survivor size 1114112 bytes, new threshold 1 (max threshold 6)
[1.769s][info ][gc,heap        ] GC(551) ParNew: 18723K->1959K(19648K)
[1.769s][info ][gc,heap        ] GC(551) CMS: 12905K->13687K(43712K)
[1.769s][info ][gc,metaspace   ] GC(551) Metaspace: 5319K->5319K(1056768K)
[1.769s][info ][gc             ] GC(551) Pause Young (Allocation Failure) 30M->15M(61M) 1.505ms
[1.769s][info ][gc,cpu         ] GC(551) User=0.01s Sys=0.00s Real=0.00s
[1.770s][info ][gc,start       ] GC(552) Pause Young (Allocation Failure)
[1.770s][info ][gc,task        ] GC(552) Using 8 workers of 8 for evacuation
[1.772s][debug][gc,age         ] GC(552) Desired survivor size 1114112 bytes, new threshold 1 (max threshold 6)
[1.772s][info ][gc,heap        ] GC(552) ParNew: 19431K->1570K(19648K)
[1.772s][info ][gc,heap        ] GC(552) CMS: 13687K->14469K(43712K)
[1.772s][info ][gc,metaspace   ] GC(552) Metaspace: 5319K->5319K(1056768K)
[1.772s][info ][gc             ] GC(552) Pause Young (Allocation Failure) 32M->15M(61M) 1.437ms
[1.772s][info ][gc,cpu         ] GC(552) User=0.01s Sys=0.00s Real=0.00s
[1.773s][info ][gc,start       ] GC(553) Pause Young (Allocation Failure)
[1.773s][info ][gc,task        ] GC(553) Using 8 workers of 8 for evacuation
[1.774s][debug][gc,age         ] GC(553) Desired survivor size 1114112 bytes, new threshold 1 (max threshold 6)
[1.774s][info ][gc,heap        ] GC(553) ParNew: 18988K->1566K(19648K)
[1.774s][info ][gc,heap        ] GC(553) CMS: 14469K->15251K(43712K)
[1.774s][info ][gc,metaspace   ] GC(553) Metaspace: 5319K->5319K(1056768K)
[1.774s][info ][gc             ] GC(553) Pause Young (Allocation Failure) 32M->16M(61M) 1.313ms
[1.774s][info ][gc,cpu         ] GC(553) User=0.01s Sys=0.00s Real=0.01s
[1.776s][info ][gc,start       ] GC(554) Pause Young (Allocation Failure)
[1.776s][info ][gc,task        ] GC(554) Using 8 workers of 8 for evacuation
[1.777s][debug][gc,age         ] GC(554) Desired survivor size 1114112 bytes, new threshold 1 (max threshold 6)
[1.777s][info ][gc,heap        ] GC(554) ParNew: 18777K->1963K(19648K)
[1.777s][info ][gc,heap        ] GC(554) CMS: 15251K->15642K(43712K)
[1.777s][info ][gc,metaspace   ] GC(554) Metaspace: 5319K->5319K(1056768K)
[1.777s][info ][gc             ] GC(554) Pause Young (Allocation Failure) 33M->17M(61M) 1.225ms
[1.777s][info ][gc,cpu         ] GC(554) User=0.01s Sys=0.00s Real=0.00s
[1.779s][info ][gc,start       ] GC(555) Pause Young (Allocation Failure)
[1.779s][info ][gc,task        ] GC(555) Using 8 workers of 8 for evacuation
[1.780s][debug][gc,age         ] GC(555) Desired survivor size 1114112 bytes, new threshold 1 (max threshold 6)
[1.780s][info ][gc,heap        ] GC(555) ParNew: 19193K->1967K(19648K)
[1.780s][info ][gc,heap        ] GC(555) CMS: 15642K->17596K(43712K)
[1.780s][info ][gc,metaspace   ] GC(555) Metaspace: 5319K->5319K(1056768K)
[1.780s][info ][gc             ] GC(555) Pause Young (Allocation Failure) 34M->19M(61M) 1.428ms
[1.780s][info ][gc,cpu         ] GC(555) User=0.00s Sys=0.00s Real=0.00s
[1.782s][info ][gc,start       ] GC(556) Pause Young (Allocation Failure)
[1.782s][info ][gc,task        ] GC(556) Using 8 workers of 8 for evacuation
[1.783s][debug][gc,age         ] GC(556) Desired survivor size 1114112 bytes, new threshold 1 (max threshold 6)
[1.783s][info ][gc,heap        ] GC(556) ParNew: 19058K->1566K(19648K)
[1.783s][info ][gc,heap        ] GC(556) CMS: 17596K->17987K(43712K)
[1.783s][info ][gc,metaspace   ] GC(556) Metaspace: 5319K->5319K(1056768K)
[1.783s][info ][gc             ] GC(556) Pause Young (Allocation Failure) 35M->19M(61M) 1.584ms
[1.783s][info ][gc,cpu         ] GC(556) User=0.01s Sys=0.00s Real=0.00s
[1.785s][info ][gc,start       ] GC(557) Pause Young (Allocation Failure)
[1.785s][info ][gc,task        ] GC(557) Using 8 workers of 8 for evacuation
[1.786s][debug][gc,age         ] GC(557) Desired survivor size 1114112 bytes, new threshold 1 (max threshold 6)
[1.786s][info ][gc,heap        ] GC(557) ParNew: 18943K->1175K(19648K)
[1.786s][info ][gc,heap        ] GC(557) CMS: 17987K->18378K(43712K)
[1.786s][info ][gc,metaspace   ] GC(557) Metaspace: 5319K->5319K(1056768K)
[1.786s][info ][gc             ] GC(557) Pause Young (Allocation Failure) 36M->19M(61M) 1.444ms
[1.786s][info ][gc,cpu         ] GC(557) User=0.01s Sys=0.00s Real=0.00s
[1.788s][info ][gc,start       ] GC(558) Pause Young (Allocation Failure)
[1.788s][info ][gc,task        ] GC(558) Using 8 workers of 8 for evacuation
[1.789s][debug][gc,age         ] GC(558) Desired survivor size 1114112 bytes, new threshold 1 (max threshold 6)
[1.789s][info ][gc,heap        ] GC(558) ParNew: 18290K->1177K(19648K)
[1.789s][info ][gc,heap        ] GC(558) CMS: 18378K->18378K(43712K)
[1.789s][info ][gc,metaspace   ] GC(558) Metaspace: 5319K->5319K(1056768K)
[1.789s][info ][gc             ] GC(558) Pause Young (Allocation Failure) 35M->19M(61M) 1.074ms
[1.789s][info ][gc,cpu         ] GC(558) User=0.01s Sys=0.00s Real=0.00s
[1.790s][info ][gc,start       ] GC(559) Pause Young (Allocation Failure)
[1.790s][info ][gc,task        ] GC(559) Using 8 workers of 8 for evacuation
[1.791s][debug][gc,age         ] GC(559) Desired survivor size 1114112 bytes, new threshold 1 (max threshold 6)
[1.791s][info ][gc,heap        ] GC(559) ParNew: 18610K->1177K(19648K)
[1.791s][info ][gc,heap        ] GC(559) CMS: 18378K->18770K(43712K)
[1.791s][info ][gc,metaspace   ] GC(559) Metaspace: 5319K->5319K(1056768K)
[1.791s][info ][gc             ] GC(559) Pause Young (Allocation Failure) 36M->19M(61M) 1.233ms
[1.792s][info ][gc,cpu         ] GC(559) User=0.01s Sys=0.00s Real=0.00s
[1.793s][info ][gc,start       ] GC(560) Pause Young (Allocation Failure)
[1.793s][info ][gc,task        ] GC(560) Using 8 workers of 8 for evacuation
[1.795s][debug][gc,age         ] GC(560) Desired survivor size 1114112 bytes, new threshold 1 (max threshold 6)
[1.795s][info ][gc,heap        ] GC(560) ParNew: 18493K->1957K(19648K)
[1.795s][info ][gc,heap        ] GC(560) CMS: 18770K->19551K(43712K)
[1.795s][info ][gc,metaspace   ] GC(560) Metaspace: 5319K->5319K(1056768K)
[1.795s][info ][gc             ] GC(560) Pause Young (Allocation Failure) 36M->21M(61M) 1.528ms
[1.795s][info ][gc,cpu         ] GC(560) User=0.00s Sys=0.00s Real=0.01s
[1.796s][info ][gc,start       ] GC(561) Pause Young (Allocation Failure)
[1.796s][info ][gc,task        ] GC(561) Using 8 workers of 8 for evacuation
[1.797s][debug][gc,age         ] GC(561) Desired survivor size 1114112 bytes, new threshold 1 (max threshold 6)
[1.797s][info ][gc,heap        ] GC(561) ParNew: 19210K->1961K(19648K)
[1.797s][info ][gc,heap        ] GC(561) CMS: 19551K->20723K(43712K)
[1.797s][info ][gc,metaspace   ] GC(561) Metaspace: 5319K->5319K(1056768K)
[1.797s][info ][gc             ] GC(561) Pause Young (Allocation Failure) 37M->22M(61M) 1.442ms
[1.798s][info ][gc,cpu         ] GC(561) User=0.00s Sys=0.00s Real=0.00s
[1.799s][info ][gc,start       ] GC(562) Pause Young (Allocation Failure)
[1.799s][info ][gc,task        ] GC(562) Using 8 workers of 8 for evacuation
[1.800s][debug][gc,age         ] GC(562) Desired survivor size 1114112 bytes, new threshold 6 (max threshold 6)
[1.800s][info ][gc,heap        ] GC(562) ParNew: 19174K->791K(19648K)
[1.800s][info ][gc,heap        ] GC(562) CMS: 20723K->21114K(43712K)
[1.800s][info ][gc,metaspace   ] GC(562) Metaspace: 5319K->5319K(1056768K)
[1.801s][info ][gc             ] GC(562) Pause Young (Allocation Failure) 38M->21M(61M) 1.299ms
[1.801s][info ][gc,cpu         ] GC(562) User=0.01s Sys=0.00s Real=0.00s
[1.802s][info ][gc,start       ] GC(563) Pause Young (Allocation Failure)
[1.802s][info ][gc,task        ] GC(563) Using 8 workers of 8 for evacuation
[1.803s][debug][gc,age         ] GC(563) Desired survivor size 1114112 bytes, new threshold 1 (max threshold 6)
[1.803s][info ][gc,heap        ] GC(563) ParNew: 18263K->1957K(19648K)
[1.803s][info ][gc,heap        ] GC(563) CMS: 21114K->21505K(43712K)
[1.803s][info ][gc,metaspace   ] GC(563) Metaspace: 5319K->5319K(1056768K)
[1.803s][info ][gc             ] GC(563) Pause Young (Allocation Failure) 38M->22M(61M) 1.390ms
[1.803s][info ][gc,cpu         ] GC(563) User=0.00s Sys=0.00s Real=0.00s
[1.805s][info ][gc,start       ] GC(564) Pause Young (Allocation Failure)
[1.805s][info ][gc,task        ] GC(564) Using 8 workers of 8 for evacuation
[1.806s][debug][gc,age         ] GC(564) Desired survivor size 1114112 bytes, new threshold 6 (max threshold 6)
[1.806s][info ][gc,heap        ] GC(564) ParNew: 19298K->785K(19648K)
[1.806s][info ][gc,heap        ] GC(564) CMS: 21505K->22678K(43712K)
[1.806s][info ][gc,metaspace   ] GC(564) Metaspace: 5319K->5319K(1056768K)
[1.806s][info ][gc             ] GC(564) Pause Young (Allocation Failure) 39M->22M(61M) 1.521ms
[1.807s][info ][gc,cpu         ] GC(564) User=0.01s Sys=0.00s Real=0.00s
[1.808s][info ][gc,start       ] GC(565) Pause Young (Allocation Failure)
[1.808s][info ][gc,task        ] GC(565) Using 8 workers of 8 for evacuation
[1.810s][debug][gc,age         ] GC(565) Desired survivor size 1114112 bytes, new threshold 1 (max threshold 6)
[1.810s][info ][gc,heap        ] GC(565) ParNew: 18058K->1963K(19648K)
[1.810s][info ][gc,heap        ] GC(565) CMS: 22678K->23459K(43712K)
[1.810s][info ][gc,metaspace   ] GC(565) Metaspace: 5319K->5319K(1056768K)
[1.810s][info ][gc             ] GC(565) Pause Young (Allocation Failure) 39M->24M(61M) 1.902ms
[1.810s][info ][gc,cpu         ] GC(565) User=0.01s Sys=0.00s Real=0.00s
[1.811s][info ][gc,start       ] GC(566) Pause Young (Allocation Failure)
[1.811s][info ][gc,task        ] GC(566) Using 8 workers of 8 for evacuation
[1.813s][debug][gc,age         ] GC(566) Desired survivor size 1114112 bytes, new threshold 1 (max threshold 6)
[1.813s][info ][gc,heap        ] GC(566) ParNew: 19368K->1182K(19648K)
[1.813s][info ][gc,heap        ] GC(566) CMS: 23459K->24244K(43712K)
[1.813s][info ][gc,metaspace   ] GC(566) Metaspace: 5319K->5319K(1056768K)
[1.813s][info ][gc             ] GC(566) Pause Young (Allocation Failure) 41M->24M(61M) 1.232ms
[1.813s][info ][gc,cpu         ] GC(566) User=0.00s Sys=0.00s Real=0.00s
[1.815s][info ][gc,start       ] GC(567) Pause Young (Allocation Failure)
[1.815s][info ][gc,task        ] GC(567) Using 8 workers of 8 for evacuation
[1.816s][debug][gc,age         ] GC(567) Desired survivor size 1114112 bytes, new threshold 1 (max threshold 6)
[1.816s][info ][gc,heap        ] GC(567) ParNew: 18452K->1572K(19648K)
[1.816s][info ][gc,heap        ] GC(567) CMS: 24244K->24635K(43712K)
[1.816s][info ][gc,metaspace   ] GC(567) Metaspace: 5319K->5319K(1056768K)
[1.816s][info ][gc             ] GC(567) Pause Young (Allocation Failure) 41M->25M(61M) 1.390ms
[1.816s][info ][gc,cpu         ] GC(567) User=0.00s Sys=0.00s Real=0.00s
[1.817s][info ][gc,start       ] GC(568) Pause Young (Allocation Failure)
[1.817s][info ][gc,task        ] GC(568) Using 8 workers of 8 for evacuation
[1.819s][debug][gc,age         ] GC(568) Desired survivor size 1114112 bytes, new threshold 1 (max threshold 6)
[1.819s][info ][gc,heap        ] GC(568) ParNew: 18751K->1961K(19648K)
[1.819s][info ][gc,heap        ] GC(568) CMS: 24635K->25026K(43712K)
[1.819s][info ][gc,metaspace   ] GC(568) Metaspace: 5319K->5319K(1056768K)
[1.819s][info ][gc             ] GC(568) Pause Young (Allocation Failure) 42M->26M(61M) 1.250ms
[1.819s][info ][gc,cpu         ] GC(568) User=0.01s Sys=0.00s Real=0.00s
[1.820s][info ][gc,start       ] GC(569) Pause Young (Allocation Failure)
[1.820s][info ][gc,task        ] GC(569) Using 8 workers of 8 for evacuation
[1.821s][debug][gc,age         ] GC(569) Desired survivor size 1114112 bytes, new threshold 1 (max threshold 6)
[1.821s][info ][gc,heap        ] GC(569) ParNew: 19343K->1177K(19648K)
[1.821s][info ][gc,heap        ] GC(569) CMS: 25026K->26199K(43712K)
[1.821s][info ][gc,metaspace   ] GC(569) Metaspace: 5319K->5319K(1056768K)
[1.821s][info ][gc             ] GC(569) Pause Young (Allocation Failure) 43M->26M(61M) 1.230ms
[1.821s][info ][gc,cpu         ] GC(569) User=0.01s Sys=0.00s Real=0.00s
[1.823s][info ][gc,start       ] GC(570) Pause Young (Allocation Failure)
[1.823s][info ][gc,task        ] GC(570) Using 8 workers of 8 for evacuation
[1.824s][debug][gc,age         ] GC(570) Desired survivor size 1114112 bytes, new threshold 1 (max threshold 6)
[1.824s][info ][gc,heap        ] GC(570) ParNew: 18441K->1963K(19648K)
[1.824s][info ][gc,heap        ] GC(570) CMS: 26199K->26981K(43712K)
[1.824s][info ][gc,metaspace   ] GC(570) Metaspace: 5319K->5319K(1056768K)
[1.824s][info ][gc             ] GC(570) Pause Young (Allocation Failure) 43M->28M(61M) 1.214ms
[1.824s][info ][gc,cpu         ] GC(570) User=0.01s Sys=0.00s Real=0.01s
[1.826s][info ][gc,start       ] GC(571) Pause Young (Allocation Failure)
[1.826s][info ][gc,task        ] GC(571) Using 8 workers of 8 for evacuation
[1.827s][debug][gc,age         ] GC(571) Desired survivor size 1114112 bytes, new threshold 1 (max threshold 6)
[1.827s][info ][gc,heap        ] GC(571) ParNew: 19092K->1572K(19648K)
[1.827s][info ][gc,heap        ] GC(571) CMS: 26981K->27372K(43712K)
[1.827s][info ][gc,metaspace   ] GC(571) Metaspace: 5319K->5319K(1056768K)
[1.827s][info ][gc             ] GC(571) Pause Young (Allocation Failure) 44M->28M(61M) 1.110ms
[1.827s][info ][gc,cpu         ] GC(571) User=0.00s Sys=0.00s Real=0.00s
[1.828s][info ][gc,start       ] GC(572) Pause Young (Allocation Failure)
[1.828s][info ][gc,task        ] GC(572) Using 8 workers of 8 for evacuation
[1.829s][debug][gc,age         ] GC(572) Desired survivor size 1114112 bytes, new threshold 6 (max threshold 6)
[1.829s][info ][gc,heap        ] GC(572) ParNew: 18963K->787K(19648K)
[1.830s][info ][gc,heap        ] GC(572) CMS: 27372K->27764K(43712K)
[1.830s][info ][gc,metaspace   ] GC(572) Metaspace: 5319K->5319K(1056768K)
[1.830s][info ][gc             ] GC(572) Pause Young (Allocation Failure) 45M->27M(61M) 1.274ms
[1.830s][info ][gc,cpu         ] GC(572) User=0.00s Sys=0.00s Real=0.00s
[1.831s][info ][gc,start       ] GC(573) Pause Young (Allocation Failure)
[1.831s][info ][gc,task        ] GC(573) Using 8 workers of 8 for evacuation
[1.833s][debug][gc,age         ] GC(573) Desired survivor size 1114112 bytes, new threshold 1 (max threshold 6)
[1.833s][info ][gc,heap        ] GC(573) ParNew: 18061K->1957K(19648K)
[1.833s][info ][gc,heap        ] GC(573) CMS: 27764K->28545K(43712K)
[1.833s][info ][gc,metaspace   ] GC(573) Metaspace: 5319K->5319K(1056768K)
[1.833s][info ][gc             ] GC(573) Pause Young (Allocation Failure) 44M->29M(61M) 1.885ms
[1.833s][info ][gc,cpu         ] GC(573) User=0.00s Sys=0.00s Real=0.00s
[1.835s][info ][gc,start       ] GC(574) Pause Young (Allocation Failure)
[1.835s][info ][gc,task        ] GC(574) Using 8 workers of 8 for evacuation
[1.836s][debug][gc,age         ] GC(574) Desired survivor size 1114112 bytes, new threshold 1 (max threshold 6)
[1.836s][info ][gc,heap        ] GC(574) ParNew: 19183K->1959K(19648K)
[1.836s][info ][gc,heap        ] GC(574) CMS: 28545K->28936K(43712K)
[1.836s][info ][gc,metaspace   ] GC(574) Metaspace: 5319K->5319K(1056768K)
[1.836s][info ][gc             ] GC(574) Pause Young (Allocation Failure) 46M->30M(61M) 1.211ms
[1.836s][info ][gc,cpu         ] GC(574) User=0.00s Sys=0.00s Real=0.00s
[1.838s][info ][gc,start       ] GC(575) Pause Young (Allocation Failure)
[1.838s][info ][gc,task        ] GC(575) Using 8 workers of 8 for evacuation
[1.839s][debug][gc,age         ] GC(575) Desired survivor size 1114112 bytes, new threshold 6 (max threshold 6)
[1.839s][info ][gc,heap        ] GC(575) ParNew: 19414K->785K(19648K)
[1.839s][info ][gc,heap        ] GC(575) CMS: 28936K->29718K(43712K)
[1.839s][info ][gc,metaspace   ] GC(575) Metaspace: 5319K->5319K(1056768K)
[1.839s][info ][gc             ] GC(575) Pause Young (Allocation Failure) 47M->29M(61M) 1.373ms
[1.839s][info ][gc,cpu         ] GC(575) User=0.00s Sys=0.00s Real=0.00s
[1.841s][info ][gc,start       ] GC(576) Pause Young (Allocation Failure)
[1.841s][info ][gc,task        ] GC(576) Using 8 workers of 8 for evacuation
[1.842s][debug][gc,age         ] GC(576) Desired survivor size 1114112 bytes, new threshold 1 (max threshold 6)
[1.842s][info ][gc,heap        ] GC(576) ParNew: 18207K->1957K(19648K)
[1.842s][info ][gc,heap        ] GC(576) CMS: 29718K->30109K(43712K)
[1.842s][info ][gc,metaspace   ] GC(576) Metaspace: 5319K->5319K(1056768K)
[1.842s][info ][gc             ] GC(576) Pause Young (Allocation Failure) 46M->31M(61M) 1.743ms
[1.842s][info ][gc,cpu         ] GC(576) User=0.01s Sys=0.00s Real=0.00s
[1.844s][info ][gc,start       ] GC(577) Pause Young (Allocation Failure)
[1.844s][info ][gc,task        ] GC(577) Using 8 workers of 8 for evacuation
[1.845s][debug][gc,age         ] GC(577) Desired survivor size 1114112 bytes, new threshold 1 (max threshold 6)
[1.845s][info ][gc,heap        ] GC(577) ParNew: 19219K->1957K(19648K)
[1.845s][info ][gc,heap        ] GC(577) CMS: 30109K->30890K(43712K)
[1.845s][info ][gc,metaspace   ] GC(577) Metaspace: 5319K->5319K(1056768K)
[1.845s][info ][gc             ] GC(577) Pause Young (Allocation Failure) 48M->32M(61M) 1.322ms
[1.845s][info ][gc,cpu         ] GC(577) User=0.01s Sys=0.00s Real=0.01s
[1.847s][info ][gc,start       ] GC(578) Pause Young (Allocation Failure)
[1.847s][info ][gc,task        ] GC(578) Using 8 workers of 8 for evacuation
[1.848s][debug][gc,age         ] GC(578) Desired survivor size 1114112 bytes, new threshold 1 (max threshold 6)
[1.848s][info ][gc,heap        ] GC(578) ParNew: 19175K->1957K(19648K)
[1.848s][info ][gc,heap        ] GC(578) CMS: 30890K->32453K(43712K)
[1.848s][info ][gc,metaspace   ] GC(578) Metaspace: 5319K->5319K(1056768K)
[1.848s][info ][gc             ] GC(578) Pause Young (Allocation Failure) 48M->33M(61M) 1.816ms
[1.849s][info ][gc,cpu         ] GC(578) User=0.00s Sys=0.00s Real=0.00s
[1.849s][info ][gc,start       ] GC(579) Pause Initial Mark
[1.849s][info ][gc             ] GC(579) Pause Initial Mark 34M->34M(61M) 0.101ms
[1.849s][info ][gc,cpu         ] GC(579) User=0.00s Sys=0.00s Real=0.00s
[1.849s][info ][gc             ] GC(579) Concurrent Mark
[1.849s][info ][gc,task        ] GC(579) Using 2 workers of 2 for marking
[1.850s][info ][gc             ] GC(579) Concurrent Mark 1.594ms
[1.851s][info ][gc,cpu         ] GC(579) User=0.01s Sys=0.00s Real=0.00s
[1.851s][info ][gc             ] GC(579) Concurrent Preclean
[1.851s][info ][gc             ] GC(579) Concurrent Preclean 0.128ms
[1.851s][info ][gc,cpu         ] GC(579) User=0.00s Sys=0.00s Real=0.00s
[1.851s][info ][gc,start       ] GC(580) Pause Young (Allocation Failure)
[1.851s][info ][gc,task        ] GC(580) Using 8 workers of 8 for evacuation
[1.852s][debug][gc,age         ] GC(580) Desired survivor size 1114112 bytes, new threshold 1 (max threshold 6)
[1.852s][info ][gc,heap        ] GC(580) ParNew: 19429K->1959K(19648K)
[1.852s][info ][gc,heap        ] GC(580) CMS: 32453K->32844K(43712K)
[1.852s][info ][gc,metaspace   ] GC(580) Metaspace: 5319K->5319K(1056768K)
[1.852s][info ][gc             ] GC(580) Pause Young (Allocation Failure) 50M->33M(61M) 1.142ms
[1.852s][info ][gc,cpu         ] GC(580) User=0.01s Sys=0.00s Real=0.00s
[1.852s][info ][gc,start       ] GC(579) Pause Remark
[1.853s][debug][gc,phases      ] GC(579) Rescan (parallel) 0.853ms
[1.853s][debug][gc,phases      ] GC(579) Reference Processing 0.012ms
[1.853s][debug][gc,phases      ] GC(579) Weak Processing 0.003ms
[1.853s][debug][gc,phases      ] GC(579) ClassLoaderData 0.007ms
[1.853s][debug][gc,phases      ] GC(579) ProtectionDomainCacheTable 0.002ms
[1.853s][debug][gc,phases      ] GC(579) ResolvedMethodTable 0.006ms
[1.853s][debug][gc,phases      ] GC(579) Class Unloading 0.149ms
[1.854s][debug][gc,phases      ] GC(579) Scrub Symbol Table 0.832ms
[1.854s][debug][gc,phases      ] GC(579) Scrub String Table 0.028ms
[1.854s][info ][gc             ] GC(579) Pause Remark 34M->34M(61M) 1.994ms
[1.854s][info ][gc,cpu         ] GC(579) User=0.00s Sys=0.00s Real=0.01s
[1.854s][info ][gc             ] GC(579) Concurrent Sweep
[1.855s][info ][gc             ] GC(579) Concurrent Sweep 0.664ms
[1.855s][info ][gc,cpu         ] GC(579) User=0.00s Sys=0.00s Real=0.00s
[1.855s][info ][gc             ] GC(579) Concurrent Reset
[1.855s][info ][gc             ] GC(579) Concurrent Reset 0.071ms
[1.855s][info ][gc,cpu         ] GC(579) User=0.00s Sys=0.00s Real=0.00s
[1.855s][info ][gc,heap        ] GC(579) Old: 32453K->2736K(43712K)
[1.856s][info ][gc,start       ] GC(581) Pause Young (Allocation Failure)
[1.856s][info ][gc,task        ] GC(581) Using 8 workers of 8 for evacuation
[1.857s][debug][gc,age         ] GC(581) Desired survivor size 1114112 bytes, new threshold 1 (max threshold 6)
[1.857s][info ][gc,heap        ] GC(581) ParNew: 19157K->1959K(19648K)
[1.857s][info ][gc,heap        ] GC(581) CMS: 2736K->4299K(43712K)
[1.857s][info ][gc,metaspace   ] GC(581) Metaspace: 5319K->5319K(1056768K)
[1.857s][info ][gc             ] GC(581) Pause Young (Allocation Failure) 21M->6M(61M) 1.245ms
[1.857s][info ][gc,cpu         ] GC(581) User=0.00s Sys=0.00s Real=0.00s
[1.858s][info ][gc,start       ] GC(582) Pause Young (Allocation Failure)
[1.858s][info ][gc,task        ] GC(582) Using 8 workers of 8 for evacuation
[1.859s][debug][gc,age         ] GC(582) Desired survivor size 1114112 bytes, new threshold 1 (max threshold 6)
[1.859s][info ][gc,heap        ] GC(582) ParNew: 19431K->1576K(19648K)
[1.859s][info ][gc,heap        ] GC(582) CMS: 4299K->4691K(43712K)
[1.859s][info ][gc,metaspace   ] GC(582) Metaspace: 5319K->5319K(1056768K)
[1.859s][info ][gc             ] GC(582) Pause Young (Allocation Failure) 23M->6M(61M) 0.690ms
[1.859s][info ][gc,cpu         ] GC(582) User=0.00s Sys=0.00s Real=0.00s
[1.860s][info ][gc,start       ] GC(583) Pause Young (Allocation Failure)
[1.861s][info ][gc,task        ] GC(583) Using 8 workers of 8 for evacuation
[1.862s][debug][gc,age         ] GC(583) Desired survivor size 1114112 bytes, new threshold 1 (max threshold 6)
[1.862s][info ][gc,heap        ] GC(583) ParNew: 19013K->1568K(19648K)
[1.862s][info ][gc,heap        ] GC(583) CMS: 4691K->5473K(43712K)
[1.862s][info ][gc,metaspace   ] GC(583) Metaspace: 5319K->5319K(1056768K)
[1.862s][info ][gc             ] GC(583) Pause Young (Allocation Failure) 23M->6M(61M) 1.321ms
[1.862s][info ][gc,cpu         ] GC(583) User=0.01s Sys=0.00s Real=0.00s
[1.863s][info ][gc,start       ] GC(584) Pause Young (Allocation Failure)
[1.863s][info ][gc,task        ] GC(584) Using 8 workers of 8 for evacuation
[1.864s][debug][gc,age         ] GC(584) Desired survivor size 1114112 bytes, new threshold 1 (max threshold 6)
[1.864s][info ][gc,heap        ] GC(584) ParNew: 18999K->1568K(19648K)
[1.864s][info ][gc,heap        ] GC(584) CMS: 5473K->6255K(43712K)
[1.864s][info ][gc,metaspace   ] GC(584) Metaspace: 5319K->5319K(1056768K)
[1.864s][info ][gc             ] GC(584) Pause Young (Allocation Failure) 23M->7M(61M) 0.661ms
[1.864s][info ][gc,cpu         ] GC(584) User=0.01s Sys=0.00s Real=0.00s
[1.865s][info ][gc,start       ] GC(585) Pause Young (Allocation Failure)
[1.865s][info ][gc,task        ] GC(585) Using 8 workers of 8 for evacuation
[1.867s][debug][gc,age         ] GC(585) Desired survivor size 1114112 bytes, new threshold 1 (max threshold 6)
[1.867s][info ][gc,heap        ] GC(585) ParNew: 18831K->1961K(19648K)
[1.867s][info ][gc,heap        ] GC(585) CMS: 6255K->6646K(43712K)
[1.867s][info ][gc,metaspace   ] GC(585) Metaspace: 5319K->5319K(1056768K)
[1.867s][info ][gc             ] GC(585) Pause Young (Allocation Failure) 24M->8M(61M) 1.161ms
[1.867s][info ][gc,cpu         ] GC(585) User=0.01s Sys=0.00s Real=0.00s
[1.868s][info ][gc,start       ] GC(586) Pause Young (Allocation Failure)
[1.868s][info ][gc,task        ] GC(586) Using 8 workers of 8 for evacuation
[1.869s][debug][gc,age         ] GC(586) Desired survivor size 1114112 bytes, new threshold 6 (max threshold 6)
[1.869s][info ][gc,heap        ] GC(586) ParNew: 19433K->394K(19648K)
[1.869s][info ][gc,heap        ] GC(586) CMS: 6646K->7428K(43712K)
[1.869s][info ][gc,metaspace   ] GC(586) Metaspace: 5319K->5319K(1056768K)
[1.869s][info ][gc             ] GC(586) Pause Young (Allocation Failure) 25M->7M(61M) 1.320ms
[1.869s][info ][gc,cpu         ] GC(586) User=0.01s Sys=0.00s Real=0.00s
[1.871s][info ][gc,start       ] GC(587) Pause Young (Allocation Failure)
[1.871s][info ][gc,task        ] GC(587) Using 8 workers of 8 for evacuation
[1.872s][debug][gc,age         ] GC(587) Desired survivor size 1114112 bytes, new threshold 1 (max threshold 6)
[1.872s][info ][gc,heap        ] GC(587) ParNew: 17625K->1175K(19648K)
[1.872s][info ][gc,heap        ] GC(587) CMS: 7428K->7428K(43712K)
[1.872s][info ][gc,metaspace   ] GC(587) Metaspace: 5319K->5319K(1056768K)
[1.872s][info ][gc             ] GC(587) Pause Young (Allocation Failure) 24M->8M(61M) 1.203ms
[1.872s][info ][gc,cpu         ] GC(587) User=0.00s Sys=0.00s Real=0.00s
[1.873s][info ][gc,start       ] GC(588) Pause Young (Allocation Failure)
[1.873s][info ][gc,task        ] GC(588) Using 8 workers of 8 for evacuation
[1.875s][debug][gc,age         ] GC(588) Desired survivor size 1114112 bytes, new threshold 1 (max threshold 6)
[1.875s][info ][gc,heap        ] GC(588) ParNew: 18632K->1957K(19648K)
[1.875s][info ][gc,heap        ] GC(588) CMS: 7428K->7820K(43712K)
[1.875s][info ][gc,metaspace   ] GC(588) Metaspace: 5319K->5319K(1056768K)
[1.875s][info ][gc             ] GC(588) Pause Young (Allocation Failure) 25M->9M(61M) 2.030ms
[1.875s][info ][gc,cpu         ] GC(588) User=0.01s Sys=0.00s Real=0.01s
[1.877s][info ][gc,start       ] GC(589) Pause Young (Allocation Failure)
[1.877s][info ][gc,task        ] GC(589) Using 8 workers of 8 for evacuation
[1.878s][debug][gc,age         ] GC(589) Desired survivor size 1114112 bytes, new threshold 1 (max threshold 6)
[1.878s][info ][gc,heap        ] GC(589) ParNew: 19182K->1961K(19648K)
[1.878s][info ][gc,heap        ] GC(589) CMS: 7820K->8601K(43712K)
[1.878s][info ][gc,metaspace   ] GC(589) Metaspace: 5319K->5319K(1056768K)
[1.878s][info ][gc             ] GC(589) Pause Young (Allocation Failure) 26M->10M(61M) 1.385ms
[1.878s][info ][gc,cpu         ] GC(589) User=0.00s Sys=0.00s Real=0.00s
[1.880s][info ][gc,start       ] GC(590) Pause Young (Allocation Failure)
[1.880s][info ][gc,task        ] GC(590) Using 8 workers of 8 for evacuation
[1.881s][debug][gc,age         ] GC(590) Desired survivor size 1114112 bytes, new threshold 1 (max threshold 6)
[1.881s][info ][gc,heap        ] GC(590) ParNew: 19433K->1957K(19648K)
[1.881s][info ][gc,heap        ] GC(590) CMS: 8601K->9774K(43712K)
[1.881s][info ][gc,metaspace   ] GC(590) Metaspace: 5319K->5319K(1056768K)
[1.881s][info ][gc             ] GC(590) Pause Young (Allocation Failure) 27M->11M(61M) 1.437ms
[1.881s][info ][gc,cpu         ] GC(590) User=0.01s Sys=0.00s Real=0.00s
[1.883s][info ][gc,start       ] GC(591) Pause Young (Allocation Failure)
[1.883s][info ][gc,task        ] GC(591) Using 8 workers of 8 for evacuation
[1.884s][debug][gc,age         ] GC(591) Desired survivor size 1114112 bytes, new threshold 1 (max threshold 6)
[1.884s][info ][gc,heap        ] GC(591) ParNew: 19429K->1576K(19648K)
[1.884s][info ][gc,heap        ] GC(591) CMS: 9774K->10556K(43712K)
[1.884s][info ][gc,metaspace   ] GC(591) Metaspace: 5319K->5319K(1056768K)
[1.884s][info ][gc             ] GC(591) Pause Young (Allocation Failure) 28M->11M(61M) 1.066ms
[1.884s][info ][gc,cpu         ] GC(591) User=0.01s Sys=0.00s Real=0.00s
[1.886s][info ][gc,start       ] GC(592) Pause Young (Allocation Failure)
[1.886s][info ][gc,task        ] GC(592) Using 8 workers of 8 for evacuation
[1.887s][debug][gc,age         ] GC(592) Desired survivor size 1114112 bytes, new threshold 1 (max threshold 6)
[1.887s][info ][gc,heap        ] GC(592) ParNew: 19048K->1961K(19648K)
[1.887s][info ][gc,heap        ] GC(592) CMS: 10556K->11338K(43712K)
[1.887s][info ][gc,metaspace   ] GC(592) Metaspace: 5319K->5319K(1056768K)
[1.887s][info ][gc             ] GC(592) Pause Young (Allocation Failure) 28M->12M(61M) 1.297ms
[1.887s][info ][gc,cpu         ] GC(592) User=0.01s Sys=0.00s Real=0.00s
[1.888s][info ][gc,start       ] GC(593) Pause Young (Allocation Failure)
[1.888s][info ][gc,task        ] GC(593) Using 8 workers of 8 for evacuation
[1.890s][debug][gc,age         ] GC(593) Desired survivor size 1114112 bytes, new threshold 6 (max threshold 6)
[1.890s][info ][gc,heap        ] GC(593) ParNew: 19412K->785K(19648K)
[1.890s][info ][gc,heap        ] GC(593) CMS: 11338K->12511K(43712K)
[1.890s][info ][gc,metaspace   ] GC(593) Metaspace: 5319K->5319K(1056768K)
[1.890s][info ][gc             ] GC(593) Pause Young (Allocation Failure) 30M->12M(61M) 2.006ms
[1.890s][info ][gc,cpu         ] GC(593) User=0.00s Sys=0.00s Real=0.00s
[1.893s][info ][gc,start       ] GC(594) Pause Young (Allocation Failure)
[1.893s][info ][gc,task        ] GC(594) Using 8 workers of 8 for evacuation
[1.894s][debug][gc,age         ] GC(594) Desired survivor size 1114112 bytes, new threshold 1 (max threshold 6)
[1.894s][info ][gc,heap        ] GC(594) ParNew: 18242K->1574K(19648K)
[1.894s][info ][gc,heap        ] GC(594) CMS: 12511K->12511K(43712K)
[1.894s][info ][gc,metaspace   ] GC(594) Metaspace: 5319K->5319K(1056768K)
[1.894s][info ][gc             ] GC(594) Pause Young (Allocation Failure) 30M->13M(61M) 1.133ms
[1.894s][info ][gc,cpu         ] GC(594) User=0.01s Sys=0.00s Real=0.00s
[1.895s][info ][gc,start       ] GC(595) Pause Young (Allocation Failure)
[1.895s][info ][gc,task        ] GC(595) Using 8 workers of 8 for evacuation
[1.896s][debug][gc,age         ] GC(595) Desired survivor size 1114112 bytes, new threshold 1 (max threshold 6)
[1.896s][info ][gc,heap        ] GC(595) ParNew: 18658K->1177K(19648K)
[1.896s][info ][gc,heap        ] GC(595) CMS: 12511K->12902K(43712K)
[1.896s][info ][gc,metaspace   ] GC(595) Metaspace: 5319K->5319K(1056768K)
[1.896s][info ][gc             ] GC(595) Pause Young (Allocation Failure) 30M->13M(61M) 1.235ms
[1.896s][info ][gc,cpu         ] GC(595) User=0.01s Sys=0.00s Real=0.00s
[1.898s][info ][gc,start       ] GC(596) Pause Young (Allocation Failure)
[1.898s][info ][gc,task        ] GC(596) Using 8 workers of 8 for evacuation
[1.900s][debug][gc,age         ] GC(596) Desired survivor size 1114112 bytes, new threshold 1 (max threshold 6)
[1.900s][info ][gc,heap        ] GC(596) ParNew: 18273K->1177K(19648K)
[1.900s][info ][gc,heap        ] GC(596) CMS: 12902K->12903K(43712K)
[1.900s][info ][gc,metaspace   ] GC(596) Metaspace: 5319K->5319K(1056768K)
[1.900s][info ][gc             ] GC(596) Pause Young (Allocation Failure) 30M->13M(61M) 1.937ms
[1.900s][info ][gc,cpu         ] GC(596) User=0.01s Sys=0.00s Real=0.00s
[1.901s][info ][gc,start       ] GC(597) Pause Young (Allocation Failure)
[1.901s][info ][gc,task        ] GC(597) Using 8 workers of 8 for evacuation
[1.902s][debug][gc,age         ] GC(597) Desired survivor size 1114112 bytes, new threshold 1 (max threshold 6)
[1.902s][info ][gc,heap        ] GC(597) ParNew: 18509K->1959K(19648K)
[1.902s][info ][gc,heap        ] GC(597) CMS: 12903K->12903K(43712K)
[1.902s][info ][gc,metaspace   ] GC(597) Metaspace: 5319K->5319K(1056768K)
[1.902s][info ][gc             ] GC(597) Pause Young (Allocation Failure) 30M->14M(61M) 1.092ms
[1.902s][info ][gc,cpu         ] GC(597) User=0.00s Sys=0.00s Real=0.00s
[1.903s][info ][gc,start       ] GC(598) Pause Young (Allocation Failure)
[1.903s][info ][gc,task        ] GC(598) Using 8 workers of 8 for evacuation
[1.904s][debug][gc,age         ] GC(598) Desired survivor size 1114112 bytes, new threshold 6 (max threshold 6)
[1.904s][info ][gc,heap        ] GC(598) ParNew: 19335K->6K(19648K)
[1.904s][info ][gc,heap        ] GC(598) CMS: 12903K->13295K(43712K)
[1.904s][info ][gc,metaspace   ] GC(598) Metaspace: 5319K->5319K(1056768K)
[1.904s][info ][gc             ] GC(598) Pause Young (Allocation Failure) 31M->12M(61M) 1.113ms
[1.904s][info ][gc,cpu         ] GC(598) User=0.00s Sys=0.01s Real=0.01s
[1.906s][info ][gc,start       ] GC(599) Pause Young (Allocation Failure)
[1.906s][info ][gc,task        ] GC(599) Using 8 workers of 8 for evacuation
[1.907s][debug][gc,age         ] GC(599) Desired survivor size 1114112 bytes, new threshold 6 (max threshold 6)
[1.907s][info ][gc,heap        ] GC(599) ParNew: 17349K->787K(19648K)
[1.907s][info ][gc,heap        ] GC(599) CMS: 13295K->13295K(43712K)
[1.907s][info ][gc,metaspace   ] GC(599) Metaspace: 5319K->5319K(1056768K)
[1.907s][info ][gc             ] GC(599) Pause Young (Allocation Failure) 29M->13M(61M) 1.032ms
[1.907s][info ][gc,cpu         ] GC(599) User=0.01s Sys=0.00s Real=0.00s
[1.909s][info ][gc,start       ] GC(600) Pause Young (Allocation Failure)
[1.909s][info ][gc,task        ] GC(600) Using 8 workers of 8 for evacuation
[1.909s][debug][gc,age         ] GC(600) Desired survivor size 1114112 bytes, new threshold 6 (max threshold 6)
[1.909s][info ][gc,heap        ] GC(600) ParNew: 18231K->400K(19648K)
[1.909s][info ][gc,heap        ] GC(600) CMS: 13295K->13295K(43712K)
[1.909s][info ][gc,metaspace   ] GC(600) Metaspace: 5319K->5319K(1056768K)
[1.909s][info ][gc             ] GC(600) Pause Young (Allocation Failure) 30M->13M(61M) 0.667ms
[1.909s][info ][gc,cpu         ] GC(600) User=0.00s Sys=0.00s Real=0.00s
[1.911s][info ][gc,start       ] GC(601) Pause Young (Allocation Failure)
[1.911s][info ][gc,task        ] GC(601) Using 8 workers of 8 for evacuation
[1.912s][debug][gc,age         ] GC(601) Desired survivor size 1114112 bytes, new threshold 1 (max threshold 6)
[1.912s][info ][gc,heap        ] GC(601) ParNew: 17615K->1959K(19648K)
[1.912s][info ][gc,heap        ] GC(601) CMS: 13295K->13295K(43712K)
[1.912s][info ][gc,metaspace   ] GC(601) Metaspace: 5319K->5319K(1056768K)
[1.912s][info ][gc             ] GC(601) Pause Young (Allocation Failure) 30M->14M(61M) 1.108ms
[1.912s][info ][gc,cpu         ] GC(601) User=0.01s Sys=0.00s Real=0.00s
[1.913s][info ][gc,start       ] GC(602) Pause Young (Allocation Failure)
[1.913s][info ][gc,task        ] GC(602) Using 8 workers of 8 for evacuation
[1.915s][debug][gc,age         ] GC(602) Desired survivor size 1114112 bytes, new threshold 1 (max threshold 6)
[1.915s][info ][gc,heap        ] GC(602) ParNew: 19301K->1568K(19648K)
[1.915s][info ][gc,heap        ] GC(602) CMS: 13295K->13686K(43712K)
[1.915s][info ][gc,metaspace   ] GC(602) Metaspace: 5319K->5319K(1056768K)
[1.915s][info ][gc             ] GC(602) Pause Young (Allocation Failure) 31M->14M(61M) 1.205ms
[1.915s][info ][gc,cpu         ] GC(602) User=0.00s Sys=0.00s Real=0.01s
[1.916s][info ][gc,start       ] GC(603) Pause Young (Allocation Failure)
[1.916s][info ][gc,task        ] GC(603) Using 8 workers of 8 for evacuation
[1.917s][debug][gc,age         ] GC(603) Desired survivor size 1114112 bytes, new threshold 6 (max threshold 6)
[1.917s][info ][gc,heap        ] GC(603) ParNew: 19034K->396K(19648K)
[1.917s][info ][gc,heap        ] GC(603) CMS: 13686K->14468K(43712K)
[1.917s][info ][gc,metaspace   ] GC(603) Metaspace: 5319K->5319K(1056768K)
[1.917s][info ][gc             ] GC(603) Pause Young (Allocation Failure) 31M->14M(61M) 1.191ms
[1.917s][info ][gc,cpu         ] GC(603) User=0.01s Sys=0.00s Real=0.00s
[1.919s][info ][gc,start       ] GC(604) Pause Young (Allocation Failure)
[1.919s][info ][gc,task        ] GC(604) Using 8 workers of 8 for evacuation
[1.921s][debug][gc,age         ] GC(604) Desired survivor size 1114112 bytes, new threshold 2 (max threshold 6)
[1.921s][info ][gc,heap        ] GC(604) ParNew: 17860K->1175K(19648K)
[1.921s][info ][gc,heap        ] GC(604) CMS: 14468K->14468K(43712K)
[1.921s][info ][gc,metaspace   ] GC(604) Metaspace: 5319K->5319K(1056768K)
[1.921s][info ][gc             ] GC(604) Pause Young (Allocation Failure) 31M->15M(61M) 1.903ms
[1.921s][info ][gc,cpu         ] GC(604) User=0.00s Sys=0.00s Real=0.00s
[1.922s][info ][gc,start       ] GC(605) Pause Young (Allocation Failure)
[1.922s][info ][gc,task        ] GC(605) Using 8 workers of 8 for evacuation
[1.924s][debug][gc,age         ] GC(605) Desired survivor size 1114112 bytes, new threshold 1 (max threshold 6)
[1.924s][info ][gc,heap        ] GC(605) ParNew: 18319K->1566K(19648K)
[1.924s][info ][gc,heap        ] GC(605) CMS: 14468K->14860K(43712K)
[1.924s][info ][gc,metaspace   ] GC(605) Metaspace: 5319K->5319K(1056768K)
[1.924s][info ][gc             ] GC(605) Pause Young (Allocation Failure) 32M->16M(61M) 1.453ms
[1.924s][info ][gc,cpu         ] GC(605) User=0.00s Sys=0.00s Real=0.00s
[1.926s][info ][gc,start       ] GC(606) Pause Young (Allocation Failure)
[1.926s][info ][gc,task        ] GC(606) Using 8 workers of 8 for evacuation
[1.927s][debug][gc,age         ] GC(606) Desired survivor size 1114112 bytes, new threshold 6 (max threshold 6)
[1.927s][info ][gc,heap        ] GC(606) ParNew: 18957K->793K(19648K)
[1.927s][info ][gc,heap        ] GC(606) CMS: 14860K->15251K(43712K)
[1.927s][info ][gc,metaspace   ] GC(606) Metaspace: 5319K->5319K(1056768K)
[1.927s][info ][gc             ] GC(606) Pause Young (Allocation Failure) 33M->15M(61M) 0.968ms
[1.927s][info ][gc,cpu         ] GC(606) User=0.00s Sys=0.00s Real=0.00s
[1.928s][info ][gc,start       ] GC(607) Pause Young (Allocation Failure)
[1.928s][info ][gc,task        ] GC(607) Using 8 workers of 8 for evacuation
[1.929s][debug][gc,age         ] GC(607) Desired survivor size 1114112 bytes, new threshold 1 (max threshold 6)
[1.929s][info ][gc,heap        ] GC(607) ParNew: 18064K->1181K(19648K)
[1.929s][info ][gc,heap        ] GC(607) CMS: 15251K->15251K(43712K)
[1.929s][info ][gc,metaspace   ] GC(607) Metaspace: 5319K->5319K(1056768K)
[1.929s][info ][gc             ] GC(607) Pause Young (Allocation Failure) 32M->16M(61M) 1.061ms
[1.929s][info ][gc,cpu         ] GC(607) User=0.00s Sys=0.00s Real=0.00s
[1.931s][info ][gc,start       ] GC(608) Pause Young (Allocation Failure)
[1.931s][info ][gc,task        ] GC(608) Using 8 workers of 8 for evacuation
[1.932s][debug][gc,age         ] GC(608) Desired survivor size 1114112 bytes, new threshold 1 (max threshold 6)
[1.932s][info ][gc,heap        ] GC(608) ParNew: 18384K->1566K(19648K)
[1.932s][info ][gc,heap        ] GC(608) CMS: 15251K->15252K(43712K)
[1.932s][info ][gc,metaspace   ] GC(608) Metaspace: 5319K->5319K(1056768K)
[1.932s][info ][gc             ] GC(608) Pause Young (Allocation Failure) 32M->16M(61M) 1.241ms
[1.932s][info ][gc,cpu         ] GC(608) User=0.01s Sys=0.00s Real=0.00s
[1.933s][info ][gc,start       ] GC(609) Pause Young (Allocation Failure)
[1.933s][info ][gc,task        ] GC(609) Using 8 workers of 8 for evacuation
[1.935s][debug][gc,age         ] GC(609) Desired survivor size 1114112 bytes, new threshold 1 (max threshold 6)
[1.935s][info ][gc,heap        ] GC(609) ParNew: 18739K->1181K(19648K)
[1.935s][info ][gc,heap        ] GC(609) CMS: 15252K->16034K(43712K)
[1.935s][info ][gc,metaspace   ] GC(609) Metaspace: 5319K->5319K(1056768K)
[1.935s][info ][gc             ] GC(609) Pause Young (Allocation Failure) 33M->16M(61M) 1.290ms
[1.935s][info ][gc,cpu         ] GC(609) User=0.01s Sys=0.00s Real=0.01s
[1.936s][info ][gc,start       ] GC(610) Pause Young (Allocation Failure)
[1.936s][info ][gc,task        ] GC(610) Using 8 workers of 8 for evacuation
[1.937s][debug][gc,age         ] GC(610) Desired survivor size 1114112 bytes, new threshold 1 (max threshold 6)
[1.937s][info ][gc,heap        ] GC(610) ParNew: 18454K->1959K(19648K)
[1.937s][info ][gc,heap        ] GC(610) CMS: 16034K->16425K(43712K)
[1.937s][info ][gc,metaspace   ] GC(610) Metaspace: 5319K->5319K(1056768K)
[1.937s][info ][gc             ] GC(610) Pause Young (Allocation Failure) 33M->17M(61M) 1.151ms
[1.937s][info ][gc,cpu         ] GC(610) User=0.01s Sys=0.00s Real=0.00s
[1.938s][info ][gc,start       ] GC(611) Pause Young (Allocation Failure)
[1.938s][info ][gc,task        ] GC(611) Using 8 workers of 8 for evacuation
[1.939s][debug][gc,age         ] GC(611) Desired survivor size 1114112 bytes, new threshold 1 (max threshold 6)
[1.940s][info ][gc,heap        ] GC(611) ParNew: 19431K->1177K(19648K)
[1.940s][info ][gc,heap        ] GC(611) CMS: 16425K->17207K(43712K)
[1.940s][info ][gc,metaspace   ] GC(611) Metaspace: 5319K->5319K(1056768K)
[1.940s][info ][gc             ] GC(611) Pause Young (Allocation Failure) 35M->17M(61M) 1.148ms
[1.940s][info ][gc,cpu         ] GC(611) User=0.01s Sys=0.00s Real=0.00s
[1.941s][info ][gc,start       ] GC(612) Pause Young (Allocation Failure)
[1.941s][info ][gc,task        ] GC(612) Using 8 workers of 8 for evacuation
[1.942s][debug][gc,age         ] GC(612) Desired survivor size 1114112 bytes, new threshold 6 (max threshold 6)
[1.943s][info ][gc,heap        ] GC(612) ParNew: 18543K->400K(19648K)
[1.943s][info ][gc,heap        ] GC(612) CMS: 17207K->18380K(43712K)
[1.943s][info ][gc,metaspace   ] GC(612) Metaspace: 5319K->5319K(1056768K)
[1.943s][info ][gc             ] GC(612) Pause Young (Allocation Failure) 34M->18M(61M) 1.406ms
[1.943s][info ][gc,cpu         ] GC(612) User=0.01s Sys=0.00s Real=0.00s
[1.944s][info ][gc,start       ] GC(613) Pause Young (Allocation Failure)
[1.944s][info ][gc,task        ] GC(613) Using 8 workers of 8 for evacuation
[1.945s][debug][gc,age         ] GC(613) Desired survivor size 1114112 bytes, new threshold 6 (max threshold 6)
[1.945s][info ][gc,heap        ] GC(613) ParNew: 17818K->396K(19648K)
[1.945s][info ][gc,heap        ] GC(613) CMS: 18380K->18380K(43712K)
[1.945s][info ][gc,metaspace   ] GC(613) Metaspace: 5319K->5319K(1056768K)
[1.945s][info ][gc             ] GC(613) Pause Young (Allocation Failure) 35M->18M(61M) 1.103ms
[1.945s][info ][gc,cpu         ] GC(613) User=0.01s Sys=0.00s Real=0.00s
[1.947s][info ][gc,start       ] GC(614) Pause Young (Allocation Failure)
[1.947s][info ][gc,task        ] GC(614) Using 8 workers of 8 for evacuation
[1.948s][debug][gc,age         ] GC(614) Desired survivor size 1114112 bytes, new threshold 1 (max threshold 6)
[1.948s][info ][gc,heap        ] GC(614) ParNew: 17628K->1570K(19648K)
[1.948s][info ][gc,heap        ] GC(614) CMS: 18380K->18380K(43712K)
[1.948s][info ][gc,metaspace   ] GC(614) Metaspace: 5319K->5319K(1056768K)
[1.948s][info ][gc             ] GC(614) Pause Young (Allocation Failure) 35M->19M(61M) 1.122ms
[1.948s][info ][gc,cpu         ] GC(614) User=0.00s Sys=0.00s Real=0.00s
[1.949s][info ][gc,start       ] GC(615) Pause Young (Allocation Failure)
[1.949s][info ][gc,task        ] GC(615) Using 8 workers of 8 for evacuation
[1.951s][debug][gc,age         ] GC(615) Desired survivor size 1114112 bytes, new threshold 1 (max threshold 6)
[1.951s][info ][gc,heap        ] GC(615) ParNew: 18991K->1181K(19648K)
[1.951s][info ][gc,heap        ] GC(615) CMS: 18380K->18772K(43712K)
[1.951s][info ][gc,metaspace   ] GC(615) Metaspace: 5319K->5319K(1056768K)
[1.951s][info ][gc             ] GC(615) Pause Young (Allocation Failure) 36M->19M(61M) 1.378ms
[1.951s][info ][gc,cpu         ] GC(615) User=0.01s Sys=0.00s Real=0.00s
[1.953s][info ][gc,start       ] GC(616) Pause Young (Allocation Failure)
[1.953s][info ][gc,task        ] GC(616) Using 8 workers of 8 for evacuation
[1.955s][debug][gc,age         ] GC(616) Desired survivor size 1114112 bytes, new threshold 1 (max threshold 6)
[1.955s][info ][gc,heap        ] GC(616) ParNew: 18653K->1175K(19648K)
[1.955s][info ][gc,heap        ] GC(616) CMS: 18772K->18772K(43712K)
[1.955s][info ][gc,metaspace   ] GC(616) Metaspace: 5319K->5319K(1056768K)
[1.955s][info ][gc             ] GC(616) Pause Young (Allocation Failure) 36M->19M(61M) 1.828ms
[1.955s][info ][gc,cpu         ] GC(616) User=0.00s Sys=0.00s Real=0.01s
[1.956s][info ][gc,start       ] GC(617) Pause Young (Allocation Failure)
[1.956s][info ][gc,task        ] GC(617) Using 8 workers of 8 for evacuation
[1.958s][debug][gc,age         ] GC(617) Desired survivor size 1114112 bytes, new threshold 1 (max threshold 6)
[1.958s][info ][gc,heap        ] GC(617) ParNew: 18647K->1182K(19648K)
[1.958s][info ][gc,heap        ] GC(617) CMS: 18772K->19554K(43712K)
[1.958s][info ][gc,metaspace   ] GC(617) Metaspace: 5319K->5319K(1056768K)
[1.958s][info ][gc             ] GC(617) Pause Young (Allocation Failure) 36M->20M(61M) 1.640ms
[1.958s][info ][gc,cpu         ] GC(617) User=0.00s Sys=0.00s Real=0.00s
[1.959s][info ][gc,start       ] GC(618) Pause Young (Allocation Failure)
[1.959s][info ][gc,task        ] GC(618) Using 8 workers of 8 for evacuation
[1.961s][debug][gc,age         ] GC(618) Desired survivor size 1114112 bytes, new threshold 1 (max threshold 6)
[1.961s][info ][gc,heap        ] GC(618) ParNew: 18577K->1961K(19648K)
[1.961s][info ][gc,heap        ] GC(618) CMS: 19554K->21117K(43712K)
[1.961s][info ][gc,metaspace   ] GC(618) Metaspace: 5319K->5319K(1056768K)
[1.961s][info ][gc             ] GC(618) Pause Young (Allocation Failure) 37M->22M(61M) 1.291ms
[1.961s][info ][gc,cpu         ] GC(618) User=0.01s Sys=0.00s Real=0.00s
[1.962s][info ][gc,start       ] GC(619) Pause Young (Allocation Failure)
[1.962s][info ][gc,task        ] GC(619) Using 8 workers of 8 for evacuation
[1.964s][debug][gc,age         ] GC(619) Desired survivor size 1114112 bytes, new threshold 1 (max threshold 6)
[1.964s][info ][gc,heap        ] GC(619) ParNew: 19393K->1566K(19648K)
[1.964s][info ][gc,heap        ] GC(619) CMS: 21117K->22290K(43712K)
[1.964s][info ][gc,metaspace   ] GC(619) Metaspace: 5319K->5319K(1056768K)
[1.964s][info ][gc             ] GC(619) Pause Young (Allocation Failure) 39M->23M(61M) 1.495ms
[1.964s][info ][gc,cpu         ] GC(619) User=0.01s Sys=0.00s Real=0.00s
[1.965s][info ][gc,start       ] GC(620) Pause Young (Allocation Failure)
[1.965s][info ][gc,task        ] GC(620) Using 8 workers of 8 for evacuation
[1.966s][debug][gc,age         ] GC(620) Desired survivor size 1114112 bytes, new threshold 1 (max threshold 6)
[1.966s][info ][gc,heap        ] GC(620) ParNew: 18906K->1959K(19648K)
[1.966s][info ][gc,heap        ] GC(620) CMS: 22290K->22681K(43712K)
[1.966s][info ][gc,metaspace   ] GC(620) Metaspace: 5319K->5319K(1056768K)
[1.966s][info ][gc             ] GC(620) Pause Young (Allocation Failure) 40M->24M(61M) 0.915ms
[1.966s][info ][gc,cpu         ] GC(620) User=0.01s Sys=0.00s Real=0.00s
[1.968s][info ][gc,start       ] GC(621) Pause Young (Allocation Failure)
[1.968s][info ][gc,task        ] GC(621) Using 8 workers of 8 for evacuation
[1.969s][debug][gc,age         ] GC(621) Desired survivor size 1114112 bytes, new threshold 1 (max threshold 6)
[1.969s][info ][gc,heap        ] GC(621) ParNew: 19431K->1177K(19648K)
[1.969s][info ][gc,heap        ] GC(621) CMS: 22681K->23854K(43712K)
[1.969s][info ][gc,metaspace   ] GC(621) Metaspace: 5319K->5319K(1056768K)
[1.969s][info ][gc             ] GC(621) Pause Young (Allocation Failure) 41M->24M(61M) 1.195ms
[1.969s][info ][gc,cpu         ] GC(621) User=0.01s Sys=0.00s Real=0.00s
[1.971s][info ][gc,start       ] GC(622) Pause Young (Allocation Failure)
[1.971s][info ][gc,task        ] GC(622) Using 8 workers of 8 for evacuation
[1.972s][debug][gc,age         ] GC(622) Desired survivor size 1114112 bytes, new threshold 1 (max threshold 6)
[1.972s][info ][gc,heap        ] GC(622) ParNew: 18649K->1186K(19648K)
[1.972s][info ][gc,heap        ] GC(622) CMS: 23854K->24245K(43712K)
[1.972s][info ][gc,metaspace   ] GC(622) Metaspace: 5319K->5319K(1056768K)
[1.972s][info ][gc             ] GC(622) Pause Young (Allocation Failure) 41M->24M(61M) 1.117ms
[1.972s][info ][gc,cpu         ] GC(622) User=0.01s Sys=0.00s Real=0.00s
[1.973s][info ][gc,start       ] GC(623) Pause Young (Allocation Failure)
[1.973s][info ][gc,task        ] GC(623) Using 8 workers of 8 for evacuation
[1.975s][debug][gc,age         ] GC(623) Desired survivor size 1114112 bytes, new threshold 6 (max threshold 6)
[1.975s][info ][gc,heap        ] GC(623) ParNew: 18574K->791K(19648K)
[1.975s][info ][gc,heap        ] GC(623) CMS: 24245K->24637K(43712K)
[1.975s][info ][gc,metaspace   ] GC(623) Metaspace: 5319K->5319K(1056768K)
[1.975s][info ][gc             ] GC(623) Pause Young (Allocation Failure) 41M->24M(61M) 1.330ms
[1.975s][info ][gc,cpu         ] GC(623) User=0.00s Sys=0.00s Real=0.01s
[1.976s][info ][gc,start       ] GC(624) Pause Young (Allocation Failure)
[1.976s][info ][gc,task        ] GC(624) Using 8 workers of 8 for evacuation
[1.977s][debug][gc,age         ] GC(624) Desired survivor size 1114112 bytes, new threshold 1 (max threshold 6)
[1.977s][info ][gc,heap        ] GC(624) ParNew: 18136K->1959K(19648K)
[1.977s][info ][gc,heap        ] GC(624) CMS: 24637K->25027K(43712K)
[1.977s][info ][gc,metaspace   ] GC(624) Metaspace: 5319K->5319K(1056768K)
[1.977s][info ][gc             ] GC(624) Pause Young (Allocation Failure) 41M->26M(61M) 1.160ms
[1.977s][info ][gc,cpu         ] GC(624) User=0.00s Sys=0.01s Real=0.00s
[1.979s][info ][gc,start       ] GC(625) Pause Young (Allocation Failure)
[1.979s][info ][gc,task        ] GC(625) Using 8 workers of 8 for evacuation
[1.980s][debug][gc,age         ] GC(625) Desired survivor size 1114112 bytes, new threshold 6 (max threshold 6)
[1.980s][info ][gc,heap        ] GC(625) ParNew: 19431K->398K(19648K)
[1.980s][info ][gc,heap        ] GC(625) CMS: 25027K->26201K(43712K)
[1.980s][info ][gc,metaspace   ] GC(625) Metaspace: 5319K->5319K(1056768K)
[1.980s][info ][gc             ] GC(625) Pause Young (Allocation Failure) 43M->25M(61M) 1.309ms
[1.980s][info ][gc,cpu         ] GC(625) User=0.00s Sys=0.00s Real=0.00s
[1.982s][info ][gc,start       ] GC(626) Pause Young (Allocation Failure)
[1.982s][info ][gc,task        ] GC(626) Using 8 workers of 8 for evacuation
[1.983s][debug][gc,age         ] GC(626) Desired survivor size 1114112 bytes, new threshold 1 (max threshold 6)
[1.983s][info ][gc,heap        ] GC(626) ParNew: 17870K->1965K(19648K)
[1.983s][info ][gc,heap        ] GC(626) CMS: 26201K->26591K(43712K)
[1.983s][info ][gc,metaspace   ] GC(626) Metaspace: 5319K->5319K(1056768K)
[1.983s][info ][gc             ] GC(626) Pause Young (Allocation Failure) 43M->27M(61M) 0.993ms
[1.983s][info ][gc,cpu         ] GC(626) User=0.00s Sys=0.00s Real=0.00s
[1.985s][info ][gc,start       ] GC(627) Pause Young (Allocation Failure)
[1.985s][info ][gc,task        ] GC(627) Using 8 workers of 8 for evacuation
[1.986s][debug][gc,age         ] GC(627) Desired survivor size 1114112 bytes, new threshold 1 (max threshold 6)
[1.986s][info ][gc,heap        ] GC(627) ParNew: 19437K->1175K(19648K)
[1.986s][info ][gc,heap        ] GC(627) CMS: 26591K->27764K(43712K)
[1.986s][info ][gc,metaspace   ] GC(627) Metaspace: 5319K->5319K(1056768K)
[1.986s][info ][gc             ] GC(627) Pause Young (Allocation Failure) 44M->28M(61M) 1.612ms
[1.986s][info ][gc,cpu         ] GC(627) User=0.00s Sys=0.00s Real=0.00s
[1.989s][info ][gc,start       ] GC(628) Pause Young (Allocation Failure)
[1.989s][info ][gc,task        ] GC(628) Using 8 workers of 8 for evacuation
[1.989s][debug][gc,age         ] GC(628) Desired survivor size 1114112 bytes, new threshold 1 (max threshold 6)
[1.989s][info ][gc,heap        ] GC(628) ParNew: 18344K->1570K(19648K)
[1.989s][info ][gc,heap        ] GC(628) CMS: 27764K->28155K(43712K)
[1.989s][info ][gc,metaspace   ] GC(628) Metaspace: 5319K->5319K(1056768K)
[1.989s][info ][gc             ] GC(628) Pause Young (Allocation Failure) 45M->29M(61M) 0.995ms
[1.990s][info ][gc,cpu         ] GC(628) User=0.01s Sys=0.00s Real=0.00s
[1.991s][info ][gc,start       ] GC(629) Pause Young (Allocation Failure)
[1.991s][info ][gc,task        ] GC(629) Using 8 workers of 8 for evacuation
[1.993s][debug][gc,age         ] GC(629) Desired survivor size 1114112 bytes, new threshold 1 (max threshold 6)
[1.993s][info ][gc,heap        ] GC(629) ParNew: 18818K->1961K(19648K)
[1.993s][info ][gc,heap        ] GC(629) CMS: 28155K->28155K(43712K)
[1.993s][info ][gc,metaspace   ] GC(629) Metaspace: 5319K->5319K(1056768K)
[1.993s][info ][gc             ] GC(629) Pause Young (Allocation Failure) 45M->29M(61M) 1.363ms
[1.993s][info ][gc,cpu         ] GC(629) User=0.01s Sys=0.00s Real=0.00s
[1.994s][info ][gc,start       ] GC(630) Pause Young (Allocation Failure)
[1.994s][info ][gc,task        ] GC(630) Using 8 workers of 8 for evacuation
[1.996s][debug][gc,age         ] GC(630) Desired survivor size 1114112 bytes, new threshold 1 (max threshold 6)
[1.996s][info ][gc,heap        ] GC(630) ParNew: 19433K->1566K(19648K)
[1.996s][info ][gc,heap        ] GC(630) CMS: 28155K->29328K(43712K)
[1.996s][info ][gc,metaspace   ] GC(630) Metaspace: 5319K->5319K(1056768K)
[1.996s][info ][gc             ] GC(630) Pause Young (Allocation Failure) 46M->30M(61M) 1.798ms
[1.996s][info ][gc,cpu         ] GC(630) User=0.01s Sys=0.00s Real=0.00s
[1.998s][info ][gc,start       ] GC(631) Pause Young (Allocation Failure)
[1.998s][info ][gc,task        ] GC(631) Using 8 workers of 8 for evacuation
[1.999s][debug][gc,age         ] GC(631) Desired survivor size 1114112 bytes, new threshold 1 (max threshold 6)
[1.999s][info ][gc,heap        ] GC(631) ParNew: 18676K->1963K(19648K)
[1.999s][info ][gc,heap        ] GC(631) CMS: 29328K->29719K(43712K)
[1.999s][info ][gc,metaspace   ] GC(631) Metaspace: 5319K->5319K(1056768K)
[1.999s][info ][gc             ] GC(631) Pause Young (Allocation Failure) 46M->30M(61M) 1.840ms
[1.999s][info ][gc,cpu         ] GC(631) User=0.00s Sys=0.00s Real=0.00s
[2.001s][info ][gc,start       ] GC(632) Pause Young (Allocation Failure)
[2.001s][info ][gc,task        ] GC(632) Using 8 workers of 8 for evacuation
[2.002s][debug][gc,age         ] GC(632) Desired survivor size 1114112 bytes, new threshold 1 (max threshold 6)
[2.002s][info ][gc,heap        ] GC(632) ParNew: 19190K->1572K(19648K)
[2.002s][info ][gc,heap        ] GC(632) CMS: 29719K->29720K(43712K)
[2.002s][info ][gc,metaspace   ] GC(632) Metaspace: 5319K->5319K(1056768K)
[2.002s][info ][gc             ] GC(632) Pause Young (Allocation Failure) 47M->30M(61M) 1.188ms
[2.002s][info ][gc,cpu         ] GC(632) User=0.01s Sys=0.00s Real=0.00s
[2.003s][info ][gc,start       ] GC(633) Pause Young (Allocation Failure)
[2.003s][info ][gc,task        ] GC(633) Using 8 workers of 8 for evacuation
[2.004s][debug][gc,age         ] GC(633) Desired survivor size 1114112 bytes, new threshold 1 (max threshold 6)
[2.004s][info ][gc,heap        ] GC(633) ParNew: 18815K->1959K(19648K)
[2.004s][info ][gc,heap        ] GC(633) CMS: 29720K->30110K(43712K)
[2.004s][info ][gc,metaspace   ] GC(633) Metaspace: 5319K->5319K(1056768K)
[2.004s][info ][gc             ] GC(633) Pause Young (Allocation Failure) 47M->31M(61M) 1.158ms
[2.004s][info ][gc,cpu         ] GC(633) User=0.01s Sys=0.00s Real=0.01s
[2.006s][info ][gc,start       ] GC(634) Pause Young (Allocation Failure)
[2.006s][info ][gc,task        ] GC(634) Using 8 workers of 8 for evacuation
[2.007s][debug][gc,age         ] GC(634) Desired survivor size 1114112 bytes, new threshold 1 (max threshold 6)
[2.007s][info ][gc,heap        ] GC(634) ParNew: 19337K->1179K(19648K)
[2.007s][info ][gc,heap        ] GC(634) CMS: 30110K->30893K(43712K)
[2.007s][info ][gc,metaspace   ] GC(634) Metaspace: 5319K->5319K(1056768K)
[2.007s][info ][gc             ] GC(634) Pause Young (Allocation Failure) 48M->31M(61M) 1.482ms
[2.007s][info ][gc,cpu         ] GC(634) User=0.01s Sys=0.00s Real=0.00s
[2.009s][info ][gc,start       ] GC(635) Pause Young (Allocation Failure)
[2.009s][info ][gc,task        ] GC(635) Using 8 workers of 8 for evacuation
[2.010s][debug][gc,age         ] GC(635) Desired survivor size 1114112 bytes, new threshold 1 (max threshold 6)
[2.010s][info ][gc,heap        ] GC(635) ParNew: 18371K->1959K(19648K)
[2.010s][info ][gc,heap        ] GC(635) CMS: 30893K->31674K(43712K)
[2.010s][info ][gc,metaspace   ] GC(635) Metaspace: 5319K->5319K(1056768K)
[2.010s][info ][gc             ] GC(635) Pause Young (Allocation Failure) 48M->32M(61M) 1.167ms
[2.010s][info ][gc,cpu         ] GC(635) User=0.00s Sys=0.00s Real=0.00s
[2.012s][info ][gc,start       ] GC(636) Pause Young (Allocation Failure)
[2.012s][info ][gc,task        ] GC(636) Using 8 workers of 8 for evacuation
[2.013s][debug][gc,age         ] GC(636) Desired survivor size 1114112 bytes, new threshold 1 (max threshold 6)
[2.013s][info ][gc,heap        ] GC(636) ParNew: 19201K->1572K(19648K)
[2.013s][info ][gc,heap        ] GC(636) CMS: 31674K->32065K(43712K)
[2.013s][info ][gc,metaspace   ] GC(636) Metaspace: 5319K->5319K(1056768K)
[2.013s][info ][gc             ] GC(636) Pause Young (Allocation Failure) 49M->32M(61M) 1.211ms
[2.013s][info ][gc,cpu         ] GC(636) User=0.00s Sys=0.00s Real=0.00s
[2.015s][info ][gc,start       ] GC(637) Pause Young (Allocation Failure)
[2.015s][info ][gc,task        ] GC(637) Using 8 workers of 8 for evacuation
[2.016s][debug][gc,age         ] GC(637) Desired survivor size 1114112 bytes, new threshold 1 (max threshold 6)
[2.016s][info ][gc,heap        ] GC(637) ParNew: 18662K->1572K(19648K)
[2.016s][info ][gc,heap        ] GC(637) CMS: 32065K->32066K(43712K)
[2.016s][info ][gc,metaspace   ] GC(637) Metaspace: 5319K->5319K(1056768K)
[2.016s][info ][gc             ] GC(637) Pause Young (Allocation Failure) 49M->32M(61M) 1.360ms
[2.016s][info ][gc,cpu         ] GC(637) User=0.01s Sys=0.00s Real=0.00s
[2.018s][info ][gc,start       ] GC(638) Pause Young (Allocation Failure)
[2.018s][info ][gc,task        ] GC(638) Using 8 workers of 8 for evacuation
[2.019s][debug][gc,age         ] GC(638) Desired survivor size 1114112 bytes, new threshold 1 (max threshold 6)
[2.019s][info ][gc,heap        ] GC(638) ParNew: 18990K->1181K(19648K)
[2.019s][info ][gc,heap        ] GC(638) CMS: 32066K->32458K(43712K)
[2.019s][info ][gc,metaspace   ] GC(638) Metaspace: 5319K->5319K(1056768K)
[2.019s][info ][gc             ] GC(638) Pause Young (Allocation Failure) 49M->32M(61M) 1.101ms
[2.019s][info ][gc,cpu         ] GC(638) User=0.01s Sys=0.00s Real=0.00s
[2.021s][info ][gc,start       ] GC(639) Pause Young (Allocation Failure)
[2.021s][info ][gc,task        ] GC(639) Using 8 workers of 8 for evacuation
[2.022s][debug][gc,age         ] GC(639) Desired survivor size 1114112 bytes, new threshold 1 (max threshold 6)
[2.022s][info ][gc,heap        ] GC(639) ParNew: 18270K->1177K(19648K)
[2.022s][info ][gc,heap        ] GC(639) CMS: 32458K->32458K(43712K)
[2.022s][info ][gc,metaspace   ] GC(639) Metaspace: 5319K->5319K(1056768K)
[2.022s][info ][gc             ] GC(639) Pause Young (Allocation Failure) 49M->32M(61M) 1.168ms
[2.022s][info ][gc,cpu         ] GC(639) User=0.01s Sys=0.00s Real=0.00s
[2.023s][info ][gc,start       ] GC(640) Pause Young (Allocation Failure)
[2.023s][info ][gc,task        ] GC(640) Using 8 workers of 8 for evacuation
[2.024s][debug][gc,age         ] GC(640) Desired survivor size 1114112 bytes, new threshold 1 (max threshold 6)
[2.024s][info ][gc,heap        ] GC(640) ParNew: 18458K->1967K(19648K)
[2.024s][info ][gc,heap        ] GC(640) CMS: 32458K->32849K(43712K)
[2.024s][info ][gc,metaspace   ] GC(640) Metaspace: 5319K->5319K(1056768K)
[2.024s][info ][gc             ] GC(640) Pause Young (Allocation Failure) 49M->34M(61M) 1.309ms
[2.024s][info ][gc,cpu         ] GC(640) User=0.00s Sys=0.00s Real=0.01s
[2.026s][info ][gc,start       ] GC(641) Pause Young (Allocation Failure)
[2.026s][info ][gc,task        ] GC(641) Using 8 workers of 8 for evacuation
[2.028s][debug][gc,age         ] GC(641) Desired survivor size 1114112 bytes, new threshold 1 (max threshold 6)
[2.028s][info ][gc,heap        ] GC(641) ParNew: 19127K->1181K(19648K)
[2.028s][info ][gc,heap        ] GC(641) CMS: 32849K->33631K(43712K)
[2.028s][info ][gc,metaspace   ] GC(641) Metaspace: 5319K->5319K(1056768K)
[2.028s][info ][gc             ] GC(641) Pause Young (Allocation Failure) 50M->33M(61M) 1.698ms
[2.028s][info ][gc,cpu         ] GC(641) User=0.01s Sys=0.00s Real=0.00s
[2.029s][info ][gc,start       ] GC(642) Pause Young (Allocation Failure)
[2.029s][info ][gc,task        ] GC(642) Using 8 workers of 8 for evacuation
[2.031s][debug][gc,age         ] GC(642) Desired survivor size 1114112 bytes, new threshold 1 (max threshold 6)
[2.031s][info ][gc,heap        ] GC(642) ParNew: 18302K->1564K(19648K)
[2.031s][info ][gc,heap        ] GC(642) CMS: 33631K->33631K(43712K)
[2.031s][info ][gc,metaspace   ] GC(642) Metaspace: 5319K->5319K(1056768K)
[2.031s][info ][gc             ] GC(642) Pause Young (Allocation Failure) 50M->34M(61M) 2.222ms
[2.031s][info ][gc,cpu         ] GC(642) User=0.01s Sys=0.00s Real=0.00s
[2.033s][info ][gc,start       ] GC(643) Pause Young (Allocation Failure)
[2.033s][info ][gc,task        ] GC(643) Using 8 workers of 8 for evacuation
[2.034s][debug][gc,age         ] GC(643) Desired survivor size 1114112 bytes, new threshold 1 (max threshold 6)
[2.034s][info ][gc,heap        ] GC(643) ParNew: 19025K->1568K(19648K)
[2.034s][info ][gc,heap        ] GC(643) CMS: 33631K->34023K(43712K)
[2.034s][info ][gc,metaspace   ] GC(643) Metaspace: 5319K->5319K(1056768K)
[2.034s][info ][gc             ] GC(643) Pause Young (Allocation Failure) 51M->34M(61M) 1.206ms
[2.034s][info ][gc,cpu         ] GC(643) User=0.00s Sys=0.01s Real=0.01s
[2.036s][info ][gc,start       ] GC(644) Pause Young (Allocation Failure)
[2.036s][info ][gc,task        ] GC(644) Using 8 workers of 8 for evacuation
[2.037s][debug][gc,age         ] GC(644) Desired survivor size 1114112 bytes, new threshold 6 (max threshold 6)
[2.037s][info ][gc,heap        ] GC(644) ParNew: 19028K->785K(19648K)
[2.037s][info ][gc,heap        ] GC(644) CMS: 34023K->34414K(43712K)
[2.037s][info ][gc,metaspace   ] GC(644) Metaspace: 5319K->5319K(1056768K)
[2.037s][info ][gc             ] GC(644) Pause Young (Allocation Failure) 51M->34M(61M) 1.640ms
[2.037s][info ][gc,cpu         ] GC(644) User=0.01s Sys=0.00s Real=0.00s
[2.039s][info ][gc,start       ] GC(645) Pause Young (Allocation Failure)
[2.039s][info ][gc,task        ] GC(645) Using 8 workers of 8 for evacuation
[2.041s][debug][gc,age         ] GC(645) Desired survivor size 1114112 bytes, new threshold 1 (max threshold 6)
[2.041s][info ][gc,heap        ] GC(645) ParNew: 17978K->1959K(19648K)
[2.041s][info ][gc,heap        ] GC(645) CMS: 34414K->34804K(43712K)
[2.041s][info ][gc,metaspace   ] GC(645) Metaspace: 5319K->5319K(1056768K)
[2.041s][info ][gc             ] GC(645) Pause Young (Allocation Failure) 51M->35M(61M) 1.214ms
[2.041s][info ][gc,cpu         ] GC(645) User=0.00s Sys=0.00s Real=0.00s
[2.042s][info ][gc,start       ] GC(646) Pause Young (Allocation Failure)
[2.042s][info ][gc,task        ] GC(646) Using 8 workers of 8 for evacuation
[2.043s][debug][gc,age         ] GC(646) Desired survivor size 1114112 bytes, new threshold 6 (max threshold 6)
[2.043s][info ][gc,heap        ] GC(646) ParNew: 19431K->785K(19648K)
[2.043s][info ][gc,heap        ] GC(646) CMS: 34804K->35587K(43712K)
[2.043s][info ][gc,metaspace   ] GC(646) Metaspace: 5319K->5319K(1056768K)
[2.043s][info ][gc             ] GC(646) Pause Young (Allocation Failure) 52M->35M(61M) 1.291ms
[2.043s][info ][gc,cpu         ] GC(646) User=0.00s Sys=0.00s Real=0.00s
[2.045s][info ][gc,start       ] GC(647) Pause Young (Allocation Failure)
[2.045s][info ][gc,task        ] GC(647) Using 8 workers of 8 for evacuation
[2.046s][debug][gc,age         ] GC(647) Desired survivor size 1114112 bytes, new threshold 1 (max threshold 6)
[2.046s][info ][gc,heap        ] GC(647) ParNew: 18134K->1179K(19648K)
[2.046s][info ][gc,heap        ] GC(647) CMS: 35587K->35587K(43712K)
[2.046s][info ][gc,metaspace   ] GC(647) Metaspace: 5319K->5319K(1056768K)
[2.046s][info ][gc             ] GC(647) Pause Young (Allocation Failure) 52M->35M(61M) 1.175ms
[2.046s][info ][gc,cpu         ] GC(647) User=0.00s Sys=0.00s Real=0.00s
[2.048s][info ][gc,start       ] GC(648) Pause Young (Allocation Failure)
[2.048s][info ][gc,task        ] GC(648) Using 8 workers of 8 for evacuation
[2.049s][debug][gc,age         ] GC(648) Desired survivor size 1114112 bytes, new threshold 1 (max threshold 6)
[2.049s][info ][gc,heap        ] GC(648) ParNew: 18454K->1568K(19648K)
[2.049s][info ][gc,heap        ] GC(648) CMS: 35587K->35588K(43712K)
[2.049s][info ][gc,metaspace   ] GC(648) Metaspace: 5319K->5319K(1056768K)
[2.049s][info ][gc             ] GC(648) Pause Young (Allocation Failure) 52M->36M(61M) 1.210ms
[2.049s][info ][gc,cpu         ] GC(648) User=0.00s Sys=0.00s Real=0.00s
[2.050s][info ][gc,start       ] GC(649) Pause Young (Allocation Failure)
[2.051s][info ][gc,task        ] GC(649) Using 8 workers of 8 for evacuation
[2.052s][debug][gc,age         ] GC(649) Desired survivor size 1114112 bytes, new threshold 6 (max threshold 6)
[2.052s][info ][gc,heap        ] GC(649) ParNew: 19040K->396K(19648K)
[2.052s][info ][gc,heap        ] GC(649) CMS: 35588K->36370K(43712K)
[2.052s][info ][gc,metaspace   ] GC(649) Metaspace: 5319K->5319K(1056768K)
[2.052s][info ][gc             ] GC(649) Pause Young (Allocation Failure) 53M->35M(61M) 1.267ms
[2.052s][info ][gc,cpu         ] GC(649) User=0.01s Sys=0.00s Real=0.00s
[2.053s][info ][gc,start       ] GC(650) Pause Young (Allocation Failure)
[2.053s][info ][gc,task        ] GC(650) Using 8 workers of 8 for evacuation
[2.054s][debug][gc,age         ] GC(650) Desired survivor size 1114112 bytes, new threshold 1 (max threshold 6)
[2.054s][info ][gc,heap        ] GC(650) ParNew: 17818K->1959K(19648K)
[2.054s][info ][gc,heap        ] GC(650) CMS: 36370K->36370K(43712K)
[2.054s][info ][gc,metaspace   ] GC(650) Metaspace: 5319K->5319K(1056768K)
[2.054s][info ][gc             ] GC(650) Pause Young (Allocation Failure) 52M->37M(61M) 1.145ms
[2.054s][info ][gc,cpu         ] GC(650) User=0.01s Sys=0.00s Real=0.01s
[2.056s][info ][gc,start       ] GC(651) Pause Young (Allocation Failure)
[2.056s][info ][gc,task        ] GC(651) Using 8 workers of 8 for evacuation
[2.057s][debug][gc,age         ] GC(651) Desired survivor size 1114112 bytes, new threshold 1 (max threshold 6)
[2.057s][info ][gc,heap        ] GC(651) ParNew: 19227K->1961K(19648K)
[2.057s][info ][gc,heap        ] GC(651) CMS: 36370K->37152K(43712K)
[2.057s][info ][gc,metaspace   ] GC(651) Metaspace: 5319K->5319K(1056768K)
[2.057s][info ][gc             ] GC(651) Pause Young (Allocation Failure) 54M->38M(61M) 1.346ms
[2.057s][info ][gc,cpu         ] GC(651) User=0.01s Sys=0.00s Real=0.00s
[2.059s][info ][gc,start       ] GC(652) Pause Young (Allocation Failure)
[2.059s][info ][gc,task        ] GC(652) Using 8 workers of 8 for evacuation
[2.060s][debug][gc,age         ] GC(652) Desired survivor size 1114112 bytes, new threshold 1 (max threshold 6)
[2.060s][info ][gc,heap        ] GC(652) ParNew: 19173K->1961K(19648K)
[2.060s][info ][gc,heap        ] GC(652) CMS: 37152K->38324K(43712K)
[2.060s][info ][gc,metaspace   ] GC(652) Metaspace: 5319K->5319K(1056768K)
[2.060s][info ][gc             ] GC(652) Pause Young (Allocation Failure) 55M->39M(61M) 1.354ms
[2.060s][info ][gc,cpu         ] GC(652) User=0.00s Sys=0.00s Real=0.00s
[2.061s][info ][gc,start       ] GC(653) Pause Initial Mark
[2.062s][info ][gc             ] GC(653) Pause Initial Mark 52M->52M(61M) 0.237ms
[2.062s][info ][gc,cpu         ] GC(653) User=0.00s Sys=0.00s Real=0.00s
[2.062s][info ][gc             ] GC(653) Concurrent Mark
[2.062s][info ][gc,task        ] GC(653) Using 2 workers of 2 for marking
[2.062s][info ][gc,start       ] GC(654) Pause Young (Allocation Failure)
[2.062s][info ][gc,task        ] GC(654) Using 8 workers of 8 for evacuation
[2.064s][debug][gc,age         ] GC(654) Desired survivor size 1114112 bytes, new threshold 1 (max threshold 6)
[2.064s][info ][gc,heap        ] GC(654) ParNew: 19095K->1566K(19648K)
[2.064s][info ][gc,heap        ] GC(654) CMS: 38324K->39106K(43712K)
[2.064s][info ][gc,metaspace   ] GC(654) Metaspace: 5319K->5319K(1056768K)
[2.064s][info ][gc             ] GC(654) Pause Young (Allocation Failure) 56M->39M(61M) 1.668ms
[2.064s][info ][gc,cpu         ] GC(654) User=0.01s Sys=0.00s Real=0.01s
[2.065s][info ][gc             ] GC(653) Concurrent Mark 3.652ms
[2.065s][info ][gc,cpu         ] GC(653) User=0.01s Sys=0.00s Real=0.01s
[2.066s][info ][gc             ] GC(653) Concurrent Preclean
[2.066s][info ][gc             ] GC(653) Concurrent Preclean 0.124ms
[2.066s][info ][gc,cpu         ] GC(653) User=0.00s Sys=0.00s Real=0.00s
[2.066s][info ][gc             ] GC(653) Concurrent Abortable Preclean
[2.067s][info ][gc,start       ] GC(655) Pause Young (Allocation Failure)
[2.067s][info ][gc,task        ] GC(655) Using 8 workers of 8 for evacuation
[2.068s][debug][gc,age         ] GC(655) Desired survivor size 1114112 bytes, new threshold 6 (max threshold 6)
[2.068s][info ][gc,heap        ] GC(655) ParNew: 19015K->398K(19648K)
[2.068s][info ][gc,heap        ] GC(655) CMS: 39106K->39888K(43712K)
[2.068s][info ][gc,metaspace   ] GC(655) Metaspace: 5319K->5319K(1056768K)
[2.068s][info ][gc             ] GC(655) Pause Young (Allocation Failure) 56M->39M(61M) 1.277ms
[2.068s][info ][gc,cpu         ] GC(655) User=0.01s Sys=0.00s Real=0.00s
[2.070s][info ][gc,start       ] GC(656) Pause Young (Allocation Failure)
[2.070s][info ][gc,task        ] GC(656) Using 8 workers of 8 for evacuation
[2.072s][debug][gc,age         ] GC(656) Desired survivor size 1114112 bytes, new threshold 1 (max threshold 6)
[2.072s][info ][gc,heap        ] GC(656) ParNew: 17605K->1957K(19648K)
[2.072s][info ][gc,heap        ] GC(656) CMS: 39888K->39888K(43712K)
[2.072s][info ][gc,metaspace   ] GC(656) Metaspace: 5319K->5319K(1056768K)
[2.072s][info ][gc             ] GC(656) Pause Young (Allocation Failure) 56M->40M(61M) 2.051ms
[2.072s][info ][gc,cpu         ] GC(656) User=0.00s Sys=0.00s Real=0.00s
[2.073s][info ][gc,start       ] GC(657) Pause Young (Allocation Failure)
[2.073s][info ][gc,task        ] GC(657) Using 8 workers of 8 for evacuation
[2.075s][debug][gc,age         ] GC(657) Desired survivor size 1114112 bytes, new threshold 1 (max threshold 6)
[2.075s][info ][gc,heap        ] GC(657) ParNew: 19218K->1959K(19648K)
[2.075s][info ][gc,heap        ] GC(657) CMS: 39888K->39889K(43712K)
[2.075s][info ][gc,metaspace   ] GC(657) Metaspace: 5319K->5319K(1056768K)
[2.075s][info ][gc             ] GC(657) Pause Young (Allocation Failure) 57M->40M(61M) 1.325ms
[2.075s][info ][gc,cpu         ] GC(657) User=0.00s Sys=0.00s Real=0.01s
[2.076s][info ][gc,start       ] GC(658) Pause Young (Allocation Failure)
[2.076s][info ][gc,task        ] GC(658) Using 8 workers of 8 for evacuation
[2.078s][debug][gc,age         ] GC(658) Desired survivor size 1114112 bytes, new threshold 1 (max threshold 6)
[2.078s][info ][gc,heap        ] GC(658) ParNew: 19378K->1175K(19648K)
[2.078s][info ][gc,heap        ] GC(658) CMS: 39889K->41062K(43712K)
[2.078s][info ][gc,metaspace   ] GC(658) Metaspace: 5319K->5319K(1056768K)
[2.078s][info ][gc             ] GC(658) Pause Young (Allocation Failure) 57M->41M(61M) 2.140ms
[2.078s][info ][gc,cpu         ] GC(658) User=0.01s Sys=0.00s Real=0.00s
[2.080s][info ][gc,start       ] GC(659) Pause Young (Allocation Failure)
[2.080s][info ][gc,task        ] GC(659) Using 8 workers of 8 for evacuation
[2.081s][debug][gc,age         ] GC(659) Desired survivor size 1114112 bytes, new threshold 1 (max threshold 6)
[2.081s][info ][gc,heap        ] GC(659) ParNew: 18335K->1965K(19648K)
[2.081s][info ][gc,heap        ] GC(659) CMS: 41062K->41452K(43712K)
[2.081s][info ][gc,metaspace   ] GC(659) Metaspace: 5319K->5319K(1056768K)
[2.081s][info ][gc             ] GC(659) Pause Young (Allocation Failure) 58M->42M(61M) 1.308ms
[2.081s][info ][gc,cpu         ] GC(659) User=0.00s Sys=0.00s Real=0.00s
[2.083s][info ][gc,start       ] GC(660) Pause Young (Allocation Failure)
[2.083s][info ][gc,task        ] GC(660) Using 8 workers of 8 for evacuation
[2.085s][debug][gc,age         ] GC(660) Desired survivor size 1114112 bytes, new threshold 1 (max threshold 6)
[2.085s][info ][gc,heap        ] GC(660) ParNew: 19175K->1959K(19648K)
[2.085s][info ][gc,heap        ] GC(660) CMS: 41452K->41843K(43712K)
[2.085s][info ][gc,metaspace   ] GC(660) Metaspace: 5319K->5319K(1056768K)
[2.085s][info ][gc             ] GC(660) Pause Young (Allocation Failure) 59M->42M(61M) 1.544ms
[2.085s][info ][gc,cpu         ] GC(660) User=0.01s Sys=0.00s Real=0.01s
[2.086s][info ][gc,start       ] GC(661) Pause Young (Allocation Failure)
[2.086s][info ][gc,task        ] GC(661) Using 8 workers of 8 for evacuation
[2.087s][debug][gc,age         ] GC(661) Desired survivor size 1114112 bytes, new threshold 1 (max threshold 6)
[2.087s][info ][gc,heap        ] GC(661) ParNew: 19185K->1959K(19648K)
[2.087s][info ][gc,heap        ] GC(661) CMS: 41843K->41843K(43712K)
[2.088s][info ][gc,metaspace   ] GC(661) Metaspace: 5319K->5319K(1056768K)
[2.088s][info ][gc             ] GC(661) Pause Young (Allocation Failure) 59M->42M(61M) 1.247ms
[2.088s][info ][gc,cpu         ] GC(661) User=0.01s Sys=0.00s Real=0.00s
[2.089s][info ][gc,start       ] GC(662) Pause Young (Allocation Failure)
[2.089s][info ][gc,task        ] GC(662) Using 8 workers of 8 for evacuation
[2.090s][debug][gc,age         ] GC(662) Desired survivor size 1114112 bytes, new threshold 1 (max threshold 6)
[2.090s][info ][gc,heap        ] GC(662) ParNew: 19389K->1568K(19648K)
[2.090s][info ][gc,heap        ] GC(662) CMS: 41843K->42235K(43712K)
[2.090s][info ][gc,metaspace   ] GC(662) Metaspace: 5319K->5319K(1056768K)
[2.090s][info ][gc             ] GC(662) Pause Young (Allocation Failure) 59M->42M(61M) 1.216ms
[2.090s][info ][gc,cpu         ] GC(662) User=0.00s Sys=0.00s Real=0.00s
[2.091s][info ][gc,start       ] GC(663) Pause Young (Allocation Failure)
[2.091s][info ][gc,task        ] GC(663) Using 8 workers of 8 for evacuation
[2.092s][debug][gc,age         ] GC(663) Desired survivor size 1114112 bytes, new threshold 1 (max threshold 6)
[2.092s][info ][gc,heap        ] GC(663) ParNew: 18977K->1576K(19648K)
[2.092s][info ][gc,heap        ] GC(663) CMS: 42235K->42626K(43712K)
[2.092s][info ][gc,metaspace   ] GC(663) Metaspace: 5319K->5319K(1056768K)
[2.092s][info ][gc             ] GC(663) Pause Young (Allocation Failure) 59M->43M(61M) 0.670ms
[2.092s][info ][gc,cpu         ] GC(663) User=0.00s Sys=0.00s Real=0.00s
[2.094s][info ][gc,start       ] GC(664) Pause Young (Allocation Failure)
[2.094s][info ][gc,task        ] GC(664) Using 8 workers of 8 for evacuation
[2.094s][debug][gc,age         ] GC(664) Desired survivor size 1114112 bytes, new threshold 1 (max threshold 6)
[2.094s][info ][gc,heap        ] GC(664) ParNew: 18794K->1967K(19648K)
[2.094s][info ][gc,heap        ] GC(664) CMS: 42626K->43016K(43712K)
[2.094s][info ][gc,metaspace   ] GC(664) Metaspace: 5319K->5319K(1056768K)
[2.094s][info ][gc             ] GC(664) Pause Young (Allocation Failure) 59M->43M(61M) 0.720ms
[2.094s][info ][gc,cpu         ] GC(664) User=0.00s Sys=0.00s Real=0.01s
[2.096s][info ][gc,start       ] GC(665) Pause Young (Allocation Failure)
[2.096s][info ][gc,task        ] GC(665) Using 8 workers of 8 for evacuation
[2.098s][info ][gc,promotion   ] Promotion failed
[2.098s][info ][gc,start       ] GC(666) Pause Full (Allocation Failure)
[2.098s][info ][gc             ] GC(653) Concurrent Abortable Preclean 32.163ms
[2.098s][info ][gc,cpu         ] GC(653) User=0.13s Sys=0.01s Real=0.03s
[2.098s][info ][gc,phases,start] GC(666) Phase 1: Mark live objects
[2.099s][debug][gc,phases      ] GC(666) Reference Processing 0.019ms
[2.099s][debug][gc,phases      ] GC(666) Weak Processing 0.003ms
[2.099s][debug][gc,phases      ] GC(666) ClassLoaderData 0.009ms
[2.099s][debug][gc,phases      ] GC(666) ProtectionDomainCacheTable 0.002ms
[2.099s][debug][gc,phases      ] GC(666) ResolvedMethodTable 0.005ms
[2.099s][debug][gc,phases      ] GC(666) Class Unloading 0.151ms
[2.099s][debug][gc,phases      ] GC(666) Scrub String Table 0.018ms
[2.100s][debug][gc,phases      ] GC(666) Scrub Symbol Table 0.436ms
[2.100s][info ][gc,phases      ] GC(666) Phase 1: Mark live objects 1.673ms
[2.100s][info ][gc,phases,start] GC(666) Phase 2: Compute new object addresses
[2.100s][info ][gc,phases      ] GC(666) Phase 2: Compute new object addresses 0.474ms
[2.100s][info ][gc,phases,start] GC(666) Phase 3: Adjust pointers
[2.101s][info ][gc,phases      ] GC(666) Phase 3: Adjust pointers 1.033ms
[2.101s][info ][gc,phases,start] GC(666) Phase 4: Move objects
[2.101s][info ][gc,phases      ] GC(666) Phase 4: Move objects 0.229ms
[2.101s][info ][gc             ] GC(666) Pause Full (Allocation Failure) 60M->2M(61M) 3.734ms
[2.101s][info ][gc,heap        ] GC(665) ParNew: 19215K->0K(19648K)
[2.101s][info ][gc,heap        ] GC(665) CMS: 43016K->2721K(43712K)
[2.101s][info ][gc,metaspace   ] GC(665) Metaspace: 5319K->5319K(1056768K)
[2.102s][info ][gc             ] GC(665) Pause Young (Allocation Failure) 60M->2M(61M) 5.689ms
[2.102s][info ][gc,cpu         ] GC(665) User=0.01s Sys=0.00s Real=0.00s
[2.103s][info ][gc,start       ] GC(667) Pause Young (Allocation Failure)
[2.103s][info ][gc,task        ] GC(667) Using 8 workers of 8 for evacuation
[2.104s][debug][gc,age         ] GC(667) Desired survivor size 1114112 bytes, new threshold 1 (max threshold 6)
[2.104s][info ][gc,heap        ] GC(667) ParNew: 17472K->1957K(19648K)
[2.104s][info ][gc,heap        ] GC(667) CMS: 2721K->2721K(43712K)
[2.104s][info ][gc,metaspace   ] GC(667) Metaspace: 5319K->5319K(1056768K)
[2.104s][info ][gc             ] GC(667) Pause Young (Allocation Failure) 19M->4M(61M) 1.483ms
[2.104s][info ][gc,cpu         ] GC(667) User=0.00s Sys=0.00s Real=0.01s
[2.106s][info ][gc,start       ] GC(668) Pause Young (Allocation Failure)
[2.106s][info ][gc,task        ] GC(668) Using 8 workers of 8 for evacuation
[2.108s][debug][gc,age         ] GC(668) Desired survivor size 1114112 bytes, new threshold 1 (max threshold 6)
[2.108s][info ][gc,heap        ] GC(668) ParNew: 19387K->1568K(19648K)
[2.108s][info ][gc,heap        ] GC(668) CMS: 2721K->3512K(43712K)
[2.108s][info ][gc,metaspace   ] GC(668) Metaspace: 5319K->5319K(1056768K)
[2.108s][info ][gc             ] GC(668) Pause Young (Allocation Failure) 21M->4M(61M) 2.067ms
[2.108s][info ][gc,cpu         ] GC(668) User=0.00s Sys=0.00s Real=0.00s
[2.110s][info ][gc,start       ] GC(669) Pause Young (Allocation Failure)
[2.110s][info ][gc,task        ] GC(669) Using 8 workers of 8 for evacuation
[2.112s][debug][gc,age         ] GC(669) Desired survivor size 1114112 bytes, new threshold 1 (max threshold 6)
[2.112s][info ][gc,heap        ] GC(669) ParNew: 18739K->1959K(19648K)
[2.112s][info ][gc,heap        ] GC(669) CMS: 3512K->3902K(43712K)
[2.112s][info ][gc,metaspace   ] GC(669) Metaspace: 5319K->5319K(1056768K)
[2.112s][info ][gc             ] GC(669) Pause Young (Allocation Failure) 21M->5M(61M) 1.380ms
[2.112s][info ][gc,cpu         ] GC(669) User=0.01s Sys=0.00s Real=0.00s
[2.113s][info ][gc,start       ] GC(670) Pause Young (Allocation Failure)
[2.113s][info ][gc,task        ] GC(670) Using 8 workers of 8 for evacuation
[2.114s][debug][gc,age         ] GC(670) Desired survivor size 1114112 bytes, new threshold 1 (max threshold 6)
[2.114s][info ][gc,heap        ] GC(670) ParNew: 19196K->1959K(19648K)
[2.114s][info ][gc,heap        ] GC(670) CMS: 3902K->4293K(43712K)
[2.114s][info ][gc,metaspace   ] GC(670) Metaspace: 5319K->5319K(1056768K)
[2.114s][info ][gc             ] GC(670) Pause Young (Allocation Failure) 22M->6M(61M) 1.316ms
[2.114s][info ][gc,cpu         ] GC(670) User=0.01s Sys=0.00s Real=0.01s
[2.115s][info ][gc,start       ] GC(671) Pause Young (Allocation Failure)
[2.115s][info ][gc,task        ] GC(671) Using 8 workers of 8 for evacuation
[2.117s][debug][gc,age         ] GC(671) Desired survivor size 1114112 bytes, new threshold 1 (max threshold 6)
[2.117s][info ][gc,heap        ] GC(671) ParNew: 19403K->1182K(19648K)
[2.117s][info ][gc,heap        ] GC(671) CMS: 4293K->5861K(43712K)
[2.117s][info ][gc,metaspace   ] GC(671) Metaspace: 5319K->5319K(1056768K)
[2.117s][info ][gc             ] GC(671) Pause Young (Allocation Failure) 23M->6M(61M) 1.473ms
[2.117s][info ][gc,cpu         ] GC(671) User=0.01s Sys=0.00s Real=0.00s
[2.118s][info ][gc,start       ] GC(672) Pause Young (Allocation Failure)
[2.118s][info ][gc,task        ] GC(672) Using 8 workers of 8 for evacuation
[2.119s][debug][gc,age         ] GC(672) Desired survivor size 1114112 bytes, new threshold 1 (max threshold 6)
[2.119s][info ][gc,heap        ] GC(672) ParNew: 18415K->1961K(19648K)
[2.119s][info ][gc,heap        ] GC(672) CMS: 5861K->6643K(43712K)
[2.119s][info ][gc,metaspace   ] GC(672) Metaspace: 5319K->5319K(1056768K)
[2.119s][info ][gc             ] GC(672) Pause Young (Allocation Failure) 23M->8M(61M) 1.259ms
[2.119s][info ][gc,cpu         ] GC(672) User=0.00s Sys=0.00s Real=0.00s
[2.121s][info ][gc,start       ] GC(673) Pause Young (Allocation Failure)
[2.121s][info ][gc,task        ] GC(673) Using 8 workers of 8 for evacuation
[2.122s][debug][gc,age         ] GC(673) Desired survivor size 1114112 bytes, new threshold 6 (max threshold 6)
[2.122s][info ][gc,heap        ] GC(673) ParNew: 19336K->8K(19648K)
[2.122s][info ][gc,heap        ] GC(673) CMS: 6643K->7816K(43712K)
[2.122s][info ][gc,metaspace   ] GC(673) Metaspace: 5319K->5319K(1056768K)
[2.122s][info ][gc             ] GC(673) Pause Young (Allocation Failure) 25M->7M(61M) 1.197ms
[2.122s][info ][gc,cpu         ] GC(673) User=0.00s Sys=0.00s Real=0.00s
[2.123s][info ][gc,start       ] GC(674) Pause Young (Allocation Failure)
[2.123s][info ][gc,task        ] GC(674) Using 8 workers of 8 for evacuation
[2.124s][debug][gc,age         ] GC(674) Desired survivor size 1114112 bytes, new threshold 6 (max threshold 6)
[2.124s][info ][gc,heap        ] GC(674) ParNew: 17344K->396K(19648K)
[2.124s][info ][gc,heap        ] GC(674) CMS: 7816K->7816K(43712K)
[2.124s][info ][gc,metaspace   ] GC(674) Metaspace: 5319K->5319K(1056768K)
[2.124s][info ][gc             ] GC(674) Pause Young (Allocation Failure) 24M->8M(61M) 1.062ms
[2.124s][info ][gc,cpu         ] GC(674) User=0.00s Sys=0.00s Real=0.01s
[2.126s][info ][gc,start       ] GC(675) Pause Young (Allocation Failure)
[2.126s][info ][gc,task        ] GC(675) Using 8 workers of 8 for evacuation
[2.127s][debug][gc,age         ] GC(675) Desired survivor size 1114112 bytes, new threshold 2 (max threshold 6)
[2.127s][info ][gc,heap        ] GC(675) ParNew: 17779K->1181K(19648K)
[2.127s][info ][gc,heap        ] GC(675) CMS: 7816K->7816K(43712K)
[2.127s][info ][gc,metaspace   ] GC(675) Metaspace: 5319K->5319K(1056768K)
[2.127s][info ][gc             ] GC(675) Pause Young (Allocation Failure) 24M->8M(61M) 1.301ms
[2.127s][info ][gc,cpu         ] GC(675) User=0.00s Sys=0.00s Real=0.00s
[2.129s][info ][gc,start       ] GC(676) Pause Young (Allocation Failure)
[2.130s][info ][gc,task        ] GC(676) Using 8 workers of 8 for evacuation
[2.131s][debug][gc,age         ] GC(676) Desired survivor size 1114112 bytes, new threshold 6 (max threshold 6)
[2.131s][info ][gc,heap        ] GC(676) ParNew: 18617K->783K(19648K)
[2.131s][info ][gc,heap        ] GC(676) CMS: 7816K->8208K(43712K)
[2.131s][info ][gc,metaspace   ] GC(676) Metaspace: 5319K->5319K(1056768K)
[2.131s][info ][gc             ] GC(676) Pause Young (Allocation Failure) 25M->8M(61M) 1.836ms
[2.131s][info ][gc,cpu         ] GC(676) User=0.00s Sys=0.00s Real=0.00s
[2.133s][info ][gc,start       ] GC(677) Pause Young (Allocation Failure)
[2.133s][info ][gc,task        ] GC(677) Using 8 workers of 8 for evacuation
[2.134s][debug][gc,age         ] GC(677) Desired survivor size 1114112 bytes, new threshold 2 (max threshold 6)
[2.134s][info ][gc,heap        ] GC(677) ParNew: 18204K->1175K(19648K)
[2.134s][info ][gc,heap        ] GC(677) CMS: 8208K->8208K(43712K)
[2.134s][info ][gc,metaspace   ] GC(677) Metaspace: 5319K->5319K(1056768K)
[2.134s][info ][gc             ] GC(677) Pause Young (Allocation Failure) 25M->9M(61M) 1.474ms
[2.134s][info ][gc,cpu         ] GC(677) User=0.00s Sys=0.00s Real=0.01s
[2.136s][info ][gc,start       ] GC(678) Pause Young (Allocation Failure)
[2.136s][info ][gc,task        ] GC(678) Using 8 workers of 8 for evacuation
[2.138s][debug][gc,age         ] GC(678) Desired survivor size 1114112 bytes, new threshold 1 (max threshold 6)
[2.138s][info ][gc,heap        ] GC(678) ParNew: 18613K->1175K(19648K)
[2.138s][info ][gc,heap        ] GC(678) CMS: 8208K->8600K(43712K)
[2.138s][info ][gc,metaspace   ] GC(678) Metaspace: 5319K->5319K(1056768K)
[2.138s][info ][gc             ] GC(678) Pause Young (Allocation Failure) 26M->9M(61M) 1.969ms
[2.138s][info ][gc,cpu         ] GC(678) User=0.01s Sys=0.00s Real=0.00s
[2.140s][info ][gc,start       ] GC(679) Pause Young (Allocation Failure)
[2.140s][info ][gc,task        ] GC(679) Using 8 workers of 8 for evacuation
[2.141s][debug][gc,age         ] GC(679) Desired survivor size 1114112 bytes, new threshold 1 (max threshold 6)
[2.141s][info ][gc,heap        ] GC(679) ParNew: 18463K->1959K(19648K)
[2.141s][info ][gc,heap        ] GC(679) CMS: 8600K->8600K(43712K)
[2.141s][info ][gc,metaspace   ] GC(679) Metaspace: 5319K->5319K(1056768K)
[2.141s][info ][gc             ] GC(679) Pause Young (Allocation Failure) 26M->10M(61M) 1.107ms
[2.141s][info ][gc,cpu         ] GC(679) User=0.01s Sys=0.00s Real=0.00s
[2.142s][info ][gc,start       ] GC(680) Pause Young (Allocation Failure)
[2.142s][info ][gc,task        ] GC(680) Using 8 workers of 8 for evacuation
[2.144s][debug][gc,age         ] GC(680) Desired survivor size 1114112 bytes, new threshold 1 (max threshold 6)
[2.144s][info ][gc,heap        ] GC(680) ParNew: 19391K->1963K(19648K)
[2.144s][info ][gc,heap        ] GC(680) CMS: 8600K->9774K(43712K)
[2.144s][info ][gc,metaspace   ] GC(680) Metaspace: 5319K->5319K(1056768K)
[2.144s][info ][gc             ] GC(680) Pause Young (Allocation Failure) 27M->11M(61M) 2.059ms
[2.144s][info ][gc,cpu         ] GC(680) User=0.00s Sys=0.00s Real=0.01s
[2.146s][info ][gc,start       ] GC(681) Pause Young (Allocation Failure)
[2.146s][info ][gc,task        ] GC(681) Using 8 workers of 8 for evacuation
[2.147s][debug][gc,age         ] GC(681) Desired survivor size 1114112 bytes, new threshold 1 (max threshold 6)
[2.147s][info ][gc,heap        ] GC(681) ParNew: 19291K->1959K(19648K)
[2.147s][info ][gc,heap        ] GC(681) CMS: 9774K->9774K(43712K)
[2.147s][info ][gc,metaspace   ] GC(681) Metaspace: 5319K->5319K(1056768K)
[2.147s][info ][gc             ] GC(681) Pause Young (Allocation Failure) 28M->11M(61M) 1.116ms
[2.147s][info ][gc,cpu         ] GC(681) User=0.00s Sys=0.00s Real=0.00s
[2.148s][info ][gc,start       ] GC(682) Pause Young (Allocation Failure)
[2.148s][info ][gc,task        ] GC(682) Using 8 workers of 8 for evacuation
[2.149s][debug][gc,age         ] GC(682) Desired survivor size 1114112 bytes, new threshold 1 (max threshold 6)
[2.149s][info ][gc,heap        ] GC(682) ParNew: 19220K->1961K(19648K)
[2.149s][info ][gc,heap        ] GC(682) CMS: 9774K->10946K(43712K)
[2.149s][info ][gc,metaspace   ] GC(682) Metaspace: 5319K->5319K(1056768K)
[2.149s][info ][gc             ] GC(682) Pause Young (Allocation Failure) 28M->12M(61M) 1.238ms
[2.149s][info ][gc,cpu         ] GC(682) User=0.01s Sys=0.00s Real=0.00s
[2.151s][info ][gc,start       ] GC(683) Pause Young (Allocation Failure)
[2.151s][info ][gc,task        ] GC(683) Using 8 workers of 8 for evacuation
[2.152s][debug][gc,age         ] GC(683) Desired survivor size 1114112 bytes, new threshold 1 (max threshold 6)
[2.152s][info ][gc,heap        ] GC(683) ParNew: 19179K->1961K(19648K)
[2.152s][info ][gc,heap        ] GC(683) CMS: 10946K->11727K(43712K)
[2.152s][info ][gc,metaspace   ] GC(683) Metaspace: 5319K->5319K(1056768K)
[2.152s][info ][gc             ] GC(683) Pause Young (Allocation Failure) 29M->13M(61M) 1.180ms
[2.152s][info ][gc,cpu         ] GC(683) User=0.00s Sys=0.00s Real=0.00s
[2.153s][info ][gc,start       ] GC(684) Pause Young (Allocation Failure)
[2.153s][info ][gc,task        ] GC(684) Using 8 workers of 8 for evacuation
[2.154s][debug][gc,age         ] GC(684) Desired survivor size 1114112 bytes, new threshold 1 (max threshold 6)
[2.154s][info ][gc,heap        ] GC(684) ParNew: 19151K->1959K(19648K)
[2.154s][info ][gc,heap        ] GC(684) CMS: 11727K->12899K(43712K)
[2.154s][info ][gc,metaspace   ] GC(684) Metaspace: 5319K->5319K(1056768K)
[2.154s][info ][gc             ] GC(684) Pause Young (Allocation Failure) 30M->14M(61M) 1.208ms
[2.154s][info ][gc,cpu         ] GC(684) User=0.00s Sys=0.00s Real=0.01s
[2.156s][info ][gc,start       ] GC(685) Pause Young (Allocation Failure)
[2.156s][info ][gc,task        ] GC(685) Using 8 workers of 8 for evacuation
[2.158s][debug][gc,age         ] GC(685) Desired survivor size 1114112 bytes, new threshold 6 (max threshold 6)
[2.158s][info ][gc,heap        ] GC(685) ParNew: 19431K->785K(19648K)
[2.158s][info ][gc,heap        ] GC(685) CMS: 12899K->13681K(43712K)
[2.158s][info ][gc,metaspace   ] GC(685) Metaspace: 5319K->5319K(1056768K)
[2.158s][info ][gc             ] GC(685) Pause Young (Allocation Failure) 31M->14M(61M) 1.591ms
[2.158s][info ][gc,cpu         ] GC(685) User=0.00s Sys=0.00s Real=0.00s
[2.159s][info ][gc,start       ] GC(686) Pause Young (Allocation Failure)
[2.159s][info ][gc,task        ] GC(686) Using 8 workers of 8 for evacuation
[2.160s][debug][gc,age         ] GC(686) Desired survivor size 1114112 bytes, new threshold 1 (max threshold 6)
[2.160s][info ][gc,heap        ] GC(686) ParNew: 18224K->1179K(19648K)
[2.160s][info ][gc,heap        ] GC(686) CMS: 13681K->13681K(43712K)
[2.160s][info ][gc,metaspace   ] GC(686) Metaspace: 5319K->5319K(1056768K)
[2.160s][info ][gc             ] GC(686) Pause Young (Allocation Failure) 31M->14M(61M) 1.187ms
[2.160s][info ][gc,cpu         ] GC(686) User=0.01s Sys=0.00s Real=0.00s
[2.162s][info ][gc,start       ] GC(687) Pause Young (Allocation Failure)
[2.162s][info ][gc,task        ] GC(687) Using 8 workers of 8 for evacuation
[2.163s][debug][gc,age         ] GC(687) Desired survivor size 1114112 bytes, new threshold 1 (max threshold 6)
[2.163s][info ][gc,heap        ] GC(687) ParNew: 18651K->1957K(19648K)
[2.163s][info ][gc,heap        ] GC(687) CMS: 13681K->14464K(43712K)
[2.163s][info ][gc,metaspace   ] GC(687) Metaspace: 5319K->5319K(1056768K)
[2.164s][info ][gc             ] GC(687) Pause Young (Allocation Failure) 31M->16M(61M) 1.290ms
[2.164s][info ][gc,cpu         ] GC(687) User=0.01s Sys=0.00s Real=0.00s
[2.165s][info ][gc,start       ] GC(688) Pause Young (Allocation Failure)
[2.165s][info ][gc,task        ] GC(688) Using 8 workers of 8 for evacuation
[2.166s][debug][gc,age         ] GC(688) Desired survivor size 1114112 bytes, new threshold 1 (max threshold 6)
[2.166s][info ][gc,heap        ] GC(688) ParNew: 19092K->1959K(19648K)
[2.166s][info ][gc,heap        ] GC(688) CMS: 14464K->14855K(43712K)
[2.166s][info ][gc,metaspace   ] GC(688) Metaspace: 5319K->5319K(1056768K)
[2.166s][info ][gc             ] GC(688) Pause Young (Allocation Failure) 32M->16M(61M) 1.191ms
[2.166s][info ][gc,cpu         ] GC(688) User=0.01s Sys=0.00s Real=0.00s
[2.168s][info ][gc,start       ] GC(689) Pause Young (Allocation Failure)
[2.168s][info ][gc,task        ] GC(689) Using 8 workers of 8 for evacuation
[2.169s][debug][gc,age         ] GC(689) Desired survivor size 1114112 bytes, new threshold 1 (max threshold 6)
[2.169s][info ][gc,heap        ] GC(689) ParNew: 19187K->1959K(19648K)
[2.169s][info ][gc,heap        ] GC(689) CMS: 14855K->14857K(43712K)
[2.169s][info ][gc,metaspace   ] GC(689) Metaspace: 5319K->5319K(1056768K)
[2.169s][info ][gc             ] GC(689) Pause Young (Allocation Failure) 33M->16M(61M) 1.251ms
[2.169s][info ][gc,cpu         ] GC(689) User=0.01s Sys=0.00s Real=0.00s
[2.170s][info ][gc,start       ] GC(690) Pause Young (Allocation Failure)
[2.170s][info ][gc,task        ] GC(690) Using 8 workers of 8 for evacuation
[2.171s][debug][gc,age         ] GC(690) Desired survivor size 1114112 bytes, new threshold 1 (max threshold 6)
[2.171s][info ][gc,heap        ] GC(690) ParNew: 19388K->1177K(19648K)
[2.171s][info ][gc,heap        ] GC(690) CMS: 14857K->15639K(43712K)
[2.171s][info ][gc,metaspace   ] GC(690) Metaspace: 5319K->5319K(1056768K)
[2.171s][info ][gc             ] GC(690) Pause Young (Allocation Failure) 33M->16M(61M) 1.181ms
[2.171s][info ][gc,cpu         ] GC(690) User=0.00s Sys=0.00s Real=0.00s
[2.173s][info ][gc,start       ] GC(691) Pause Young (Allocation Failure)
[2.173s][info ][gc,task        ] GC(691) Using 8 workers of 8 for evacuation
[2.174s][debug][gc,age         ] GC(691) Desired survivor size 1114112 bytes, new threshold 1 (max threshold 6)
[2.174s][info ][gc,heap        ] GC(691) ParNew: 18649K->1568K(19648K)
[2.174s][info ][gc,heap        ] GC(691) CMS: 15639K->16421K(43712K)
[2.174s][info ][gc,metaspace   ] GC(691) Metaspace: 5319K->5319K(1056768K)
[2.174s][info ][gc             ] GC(691) Pause Young (Allocation Failure) 33M->17M(61M) 1.162ms
[2.174s][info ][gc,cpu         ] GC(691) User=0.00s Sys=0.00s Real=0.01s
[2.176s][info ][gc,start       ] GC(692) Pause Young (Allocation Failure)
[2.176s][info ][gc,task        ] GC(692) Using 8 workers of 8 for evacuation
[2.177s][debug][gc,age         ] GC(692) Desired survivor size 1114112 bytes, new threshold 1 (max threshold 6)
[2.177s][info ][gc,heap        ] GC(692) ParNew: 18737K->1959K(19648K)
[2.177s][info ][gc,heap        ] GC(692) CMS: 16421K->16812K(43712K)
[2.177s][info ][gc,metaspace   ] GC(692) Metaspace: 5319K->5319K(1056768K)
[2.177s][info ][gc             ] GC(692) Pause Young (Allocation Failure) 34M->18M(61M) 1.136ms
[2.177s][info ][gc,cpu         ] GC(692) User=0.00s Sys=0.00s Real=0.00s
[2.178s][info ][gc,start       ] GC(693) Pause Young (Allocation Failure)
[2.178s][info ][gc,task        ] GC(693) Using 8 workers of 8 for evacuation
[2.180s][debug][gc,age         ] GC(693) Desired survivor size 1114112 bytes, new threshold 1 (max threshold 6)
[2.180s][info ][gc,heap        ] GC(693) ParNew: 19431K->1576K(19648K)
[2.180s][info ][gc,heap        ] GC(693) CMS: 16812K->17203K(43712K)
[2.180s][info ][gc,metaspace   ] GC(693) Metaspace: 5319K->5319K(1056768K)
[2.180s][info ][gc             ] GC(693) Pause Young (Allocation Failure) 35M->18M(61M) 1.229ms
[2.180s][info ][gc,cpu         ] GC(693) User=0.00s Sys=0.00s Real=0.00s
[2.181s][info ][gc,start       ] GC(694) Pause Young (Allocation Failure)
[2.181s][info ][gc,task        ] GC(694) Using 8 workers of 8 for evacuation
[2.182s][debug][gc,age         ] GC(694) Desired survivor size 1114112 bytes, new threshold 6 (max threshold 6)
[2.182s][info ][gc,heap        ] GC(694) ParNew: 18974K->789K(19648K)
[2.182s][info ][gc,heap        ] GC(694) CMS: 17203K->18375K(43712K)
[2.182s][info ][gc,metaspace   ] GC(694) Metaspace: 5319K->5319K(1056768K)
[2.182s][info ][gc             ] GC(694) Pause Young (Allocation Failure) 35M->18M(61M) 0.936ms
[2.182s][info ][gc,cpu         ] GC(694) User=0.00s Sys=0.00s Real=0.00s
[2.183s][info ][gc,start       ] GC(695) Pause Young (Allocation Failure)
[2.183s][info ][gc,task        ] GC(695) Using 8 workers of 8 for evacuation
[2.185s][debug][gc,age         ] GC(695) Desired survivor size 1114112 bytes, new threshold 2 (max threshold 6)
[2.185s][info ][gc,heap        ] GC(695) ParNew: 17949K->1175K(19648K)
[2.185s][info ][gc,heap        ] GC(695) CMS: 18375K->18375K(43712K)
[2.185s][info ][gc,metaspace   ] GC(695) Metaspace: 5319K->5319K(1056768K)
[2.185s][info ][gc             ] GC(695) Pause Young (Allocation Failure) 35M->19M(61M) 1.843ms
[2.185s][info ][gc,cpu         ] GC(695) User=0.00s Sys=0.00s Real=0.01s
[2.187s][info ][gc,start       ] GC(696) Pause Young (Allocation Failure)
[2.187s][info ][gc,task        ] GC(696) Using 8 workers of 8 for evacuation
[2.188s][debug][gc,age         ] GC(696) Desired survivor size 1114112 bytes, new threshold 1 (max threshold 6)
[2.188s][info ][gc,heap        ] GC(696) ParNew: 18388K->1957K(19648K)
[2.188s][info ][gc,heap        ] GC(696) CMS: 18375K->18766K(43712K)
[2.188s][info ][gc,metaspace   ] GC(696) Metaspace: 5319K->5319K(1056768K)
[2.189s][info ][gc             ] GC(696) Pause Young (Allocation Failure) 35M->20M(61M) 2.002ms
[2.189s][info ][gc,cpu         ] GC(696) User=0.01s Sys=0.00s Real=0.00s
[2.190s][info ][gc,start       ] GC(697) Pause Young (Allocation Failure)
[2.190s][info ][gc,task        ] GC(697) Using 8 workers of 8 for evacuation
[2.191s][debug][gc,age         ] GC(697) Desired survivor size 1114112 bytes, new threshold 1 (max threshold 6)
[2.191s][info ][gc,heap        ] GC(697) ParNew: 19222K->1959K(19648K)
[2.191s][info ][gc,heap        ] GC(697) CMS: 18766K->19548K(43712K)
[2.191s][info ][gc,metaspace   ] GC(697) Metaspace: 5319K->5319K(1056768K)
[2.191s][info ][gc             ] GC(697) Pause Young (Allocation Failure) 37M->21M(61M) 1.167ms
[2.191s][info ][gc,cpu         ] GC(697) User=0.00s Sys=0.00s Real=0.00s
[2.193s][info ][gc,start       ] GC(698) Pause Young (Allocation Failure)
[2.193s][info ][gc,task        ] GC(698) Using 8 workers of 8 for evacuation
[2.194s][debug][gc,age         ] GC(698) Desired survivor size 1114112 bytes, new threshold 6 (max threshold 6)
[2.194s][info ][gc,heap        ] GC(698) ParNew: 19427K->787K(19648K)
[2.194s][info ][gc,heap        ] GC(698) CMS: 19548K->20721K(43712K)
[2.194s][info ][gc,metaspace   ] GC(698) Metaspace: 5319K->5319K(1056768K)
[2.194s][info ][gc             ] GC(698) Pause Young (Allocation Failure) 38M->21M(61M) 1.141ms
[2.194s][info ][gc,cpu         ] GC(698) User=0.00s Sys=0.00s Real=0.00s
[2.195s][info ][gc,start       ] GC(699) Pause Young (Allocation Failure)
[2.195s][info ][gc,task        ] GC(699) Using 8 workers of 8 for evacuation
[2.197s][debug][gc,age         ] GC(699) Desired survivor size 1114112 bytes, new threshold 1 (max threshold 6)
[2.197s][info ][gc,heap        ] GC(699) ParNew: 18259K->1961K(19648K)
[2.197s][info ][gc,heap        ] GC(699) CMS: 20721K->21111K(43712K)
[2.197s][info ][gc,metaspace   ] GC(699) Metaspace: 5319K->5319K(1056768K)
[2.197s][info ][gc             ] GC(699) Pause Young (Allocation Failure) 38M->22M(61M) 1.762ms
[2.197s][info ][gc,cpu         ] GC(699) User=0.00s Sys=0.00s Real=0.00s
[2.199s][info ][gc,start       ] GC(700) Pause Young (Allocation Failure)
[2.199s][info ][gc,task        ] GC(700) Using 8 workers of 8 for evacuation
[2.200s][debug][gc,age         ] GC(700) Desired survivor size 1114112 bytes, new threshold 1 (max threshold 6)
[2.200s][info ][gc,heap        ] GC(700) ParNew: 19214K->1959K(19648K)
[2.200s][info ][gc,heap        ] GC(700) CMS: 21111K->21893K(43712K)
[2.200s][info ][gc,metaspace   ] GC(700) Metaspace: 5319K->5319K(1056768K)
[2.200s][info ][gc             ] GC(700) Pause Young (Allocation Failure) 39M->23M(61M) 1.182ms
[2.200s][info ][gc,cpu         ] GC(700) User=0.00s Sys=0.00s Real=0.00s
[2.201s][info ][gc,start       ] GC(701) Pause Young (Allocation Failure)
[2.201s][info ][gc,task        ] GC(701) Using 8 workers of 8 for evacuation
[2.202s][debug][gc,age         ] GC(701) Desired survivor size 1114112 bytes, new threshold 1 (max threshold 6)
[2.202s][info ][gc,heap        ] GC(701) ParNew: 19377K->1177K(19648K)
[2.202s][info ][gc,heap        ] GC(701) CMS: 21893K->22284K(43712K)
[2.202s][info ][gc,metaspace   ] GC(701) Metaspace: 5319K->5319K(1056768K)
[2.202s][info ][gc             ] GC(701) Pause Young (Allocation Failure) 40M->22M(61M) 1.107ms
[2.202s][info ][gc,cpu         ] GC(701) User=0.01s Sys=0.00s Real=0.00s
[2.204s][info ][gc,start       ] GC(702) Pause Young (Allocation Failure)
[2.204s][info ][gc,task        ] GC(702) Using 8 workers of 8 for evacuation
[2.205s][debug][gc,age         ] GC(702) Desired survivor size 1114112 bytes, new threshold 1 (max threshold 6)
[2.205s][info ][gc,heap        ] GC(702) ParNew: 18612K->1177K(19648K)
[2.205s][info ][gc,heap        ] GC(702) CMS: 22284K->22285K(43712K)
[2.205s][info ][gc,metaspace   ] GC(702) Metaspace: 5319K->5319K(1056768K)
[2.205s][info ][gc             ] GC(702) Pause Young (Allocation Failure) 39M->22M(61M) 1.044ms
[2.205s][info ][gc,cpu         ] GC(702) User=0.00s Sys=0.00s Real=0.00s
[2.207s][info ][gc,start       ] GC(703) Pause Young (Allocation Failure)
[2.207s][info ][gc,task        ] GC(703) Using 8 workers of 8 for evacuation
[2.209s][debug][gc,age         ] GC(703) Desired survivor size 1114112 bytes, new threshold 1 (max threshold 6)
[2.209s][info ][gc,heap        ] GC(703) ParNew: 18465K->1959K(19648K)
[2.209s][info ][gc,heap        ] GC(703) CMS: 22285K->22676K(43712K)
[2.209s][info ][gc,metaspace   ] GC(703) Metaspace: 5319K->5319K(1056768K)
[2.209s][info ][gc             ] GC(703) Pause Young (Allocation Failure) 39M->24M(61M) 1.948ms
[2.209s][info ][gc,cpu         ] GC(703) User=0.01s Sys=0.00s Real=0.00s
[2.210s][info ][gc,start       ] GC(704) Pause Young (Allocation Failure)
[2.210s][info ][gc,task        ] GC(704) Using 8 workers of 8 for evacuation
[2.211s][debug][gc,age         ] GC(704) Desired survivor size 1114112 bytes, new threshold 1 (max threshold 6)
[2.211s][info ][gc,heap        ] GC(704) ParNew: 19194K->1572K(19648K)
[2.211s][info ][gc,heap        ] GC(704) CMS: 22676K->23067K(43712K)
[2.212s][info ][gc,metaspace   ] GC(704) Metaspace: 5319K->5319K(1056768K)
[2.212s][info ][gc             ] GC(704) Pause Young (Allocation Failure) 40M->24M(61M) 1.436ms
[2.212s][info ][gc,cpu         ] GC(704) User=0.00s Sys=0.00s Real=0.00s
[2.213s][info ][gc,start       ] GC(705) Pause Young (Allocation Failure)
[2.213s][info ][gc,task        ] GC(705) Using 8 workers of 8 for evacuation
[2.214s][debug][gc,age         ] GC(705) Desired survivor size 1114112 bytes, new threshold 1 (max threshold 6)
[2.214s][info ][gc,heap        ] GC(705) ParNew: 18774K->1959K(19648K)
[2.214s][info ][gc,heap        ] GC(705) CMS: 23067K->24239K(43712K)
[2.214s][info ][gc,metaspace   ] GC(705) Metaspace: 5319K->5319K(1056768K)
[2.214s][info ][gc             ] GC(705) Pause Young (Allocation Failure) 40M->25M(61M) 1.633ms
[2.214s][info ][gc,cpu         ] GC(705) User=0.01s Sys=0.00s Real=0.01s
[2.216s][info ][gc,start       ] GC(706) Pause Young (Allocation Failure)
[2.216s][info ][gc,task        ] GC(706) Using 8 workers of 8 for evacuation
[2.218s][debug][gc,age         ] GC(706) Desired survivor size 1114112 bytes, new threshold 1 (max threshold 6)
[2.218s][info ][gc,heap        ] GC(706) ParNew: 19084K->1566K(19648K)
[2.218s][info ][gc,heap        ] GC(706) CMS: 24239K->24630K(43712K)
[2.218s][info ][gc,metaspace   ] GC(706) Metaspace: 5319K->5319K(1056768K)
[2.218s][info ][gc             ] GC(706) Pause Young (Allocation Failure) 42M->25M(61M) 1.935ms
[2.218s][info ][gc,cpu         ] GC(706) User=0.01s Sys=0.00s Real=0.00s
[2.219s][info ][gc,start       ] GC(707) Pause Young (Allocation Failure)
[2.219s][info ][gc,task        ] GC(707) Using 8 workers of 8 for evacuation
[2.221s][debug][gc,age         ] GC(707) Desired survivor size 1114112 bytes, new threshold 1 (max threshold 6)
[2.221s][info ][gc,heap        ] GC(707) ParNew: 18929K->1957K(19648K)
[2.221s][info ][gc,heap        ] GC(707) CMS: 24630K->25022K(43712K)
[2.221s][info ][gc,metaspace   ] GC(707) Metaspace: 5319K->5319K(1056768K)
[2.221s][info ][gc             ] GC(707) Pause Young (Allocation Failure) 42M->26M(61M) 1.544ms
[2.221s][info ][gc,cpu         ] GC(707) User=0.00s Sys=0.00s Real=0.00s
[2.222s][info ][gc,start       ] GC(708) Pause Young (Allocation Failure)
[2.222s][info ][gc,task        ] GC(708) Using 8 workers of 8 for evacuation
[2.223s][debug][gc,age         ] GC(708) Desired survivor size 1114112 bytes, new threshold 1 (max threshold 6)
[2.224s][info ][gc,heap        ] GC(708) ParNew: 19155K->1566K(19648K)
[2.224s][info ][gc,heap        ] GC(708) CMS: 25022K->25022K(43712K)
[2.224s][info ][gc,metaspace   ] GC(708) Metaspace: 5319K->5319K(1056768K)
[2.224s][info ][gc             ] GC(708) Pause Young (Allocation Failure) 43M->25M(61M) 1.249ms
[2.224s][info ][gc,cpu         ] GC(708) User=0.00s Sys=0.00s Real=0.00s
[2.225s][info ][gc,start       ] GC(709) Pause Young (Allocation Failure)
[2.225s][info ][gc,task        ] GC(709) Using 8 workers of 8 for evacuation
[2.226s][debug][gc,age         ] GC(709) Desired survivor size 1114112 bytes, new threshold 1 (max threshold 6)
[2.226s][info ][gc,heap        ] GC(709) ParNew: 19038K->1177K(19648K)
[2.226s][info ][gc,heap        ] GC(709) CMS: 25022K->25413K(43712K)
[2.226s][info ][gc,metaspace   ] GC(709) Metaspace: 5319K->5319K(1056768K)
[2.226s][info ][gc             ] GC(709) Pause Young (Allocation Failure) 43M->25M(61M) 1.268ms
[2.226s][info ][gc,cpu         ] GC(709) User=0.00s Sys=0.00s Real=0.00s
[2.228s][info ][gc,start       ] GC(710) Pause Young (Allocation Failure)
[2.228s][info ][gc,task        ] GC(710) Using 8 workers of 8 for evacuation
[2.229s][debug][gc,age         ] GC(710) Desired survivor size 1114112 bytes, new threshold 6 (max threshold 6)
[2.229s][info ][gc,heap        ] GC(710) ParNew: 18592K->6K(19648K)
[2.229s][info ][gc,heap        ] GC(710) CMS: 25413K->25414K(43712K)
[2.229s][info ][gc,metaspace   ] GC(710) Metaspace: 5319K->5319K(1056768K)
[2.229s][info ][gc             ] GC(710) Pause Young (Allocation Failure) 42M->24M(61M) 1.054ms
[2.229s][info ][gc,cpu         ] GC(710) User=0.00s Sys=0.00s Real=0.00s
[2.230s][info ][gc,start       ] GC(711) Pause Young (Allocation Failure)
[2.230s][info ][gc,task        ] GC(711) Using 8 workers of 8 for evacuation
[2.231s][debug][gc,age         ] GC(711) Desired survivor size 1114112 bytes, new threshold 1 (max threshold 6)
[2.231s][info ][gc,heap        ] GC(711) ParNew: 17095K->1959K(19648K)
[2.231s][info ][gc,heap        ] GC(711) CMS: 25414K->25804K(43712K)
[2.231s][info ][gc,metaspace   ] GC(711) Metaspace: 5319K->5319K(1056768K)
[2.231s][info ][gc             ] GC(711) Pause Young (Allocation Failure) 41M->27M(61M) 1.201ms
[2.231s][info ][gc,cpu         ] GC(711) User=0.00s Sys=0.00s Real=0.00s
[2.233s][info ][gc,start       ] GC(712) Pause Young (Allocation Failure)
[2.233s][info ][gc,task        ] GC(712) Using 8 workers of 8 for evacuation
[2.234s][debug][gc,age         ] GC(712) Desired survivor size 1114112 bytes, new threshold 6 (max threshold 6)
[2.234s][info ][gc,heap        ] GC(712) ParNew: 19430K->398K(19648K)
[2.234s][info ][gc,heap        ] GC(712) CMS: 25804K->26587K(43712K)
[2.234s][info ][gc,metaspace   ] GC(712) Metaspace: 5319K->5319K(1056768K)
[2.234s][info ][gc             ] GC(712) Pause Young (Allocation Failure) 44M->26M(61M) 1.108ms
[2.234s][info ][gc,cpu         ] GC(712) User=0.00s Sys=0.00s Real=0.01s
[2.236s][info ][gc,start       ] GC(713) Pause Young (Allocation Failure)
[2.236s][info ][gc,task        ] GC(713) Using 8 workers of 8 for evacuation
[2.237s][debug][gc,age         ] GC(713) Desired survivor size 1114112 bytes, new threshold 1 (max threshold 6)
[2.237s][info ][gc,heap        ] GC(713) ParNew: 17870K->1959K(19648K)
[2.237s][info ][gc,heap        ] GC(713) CMS: 26587K->26587K(43712K)
[2.237s][info ][gc,metaspace   ] GC(713) Metaspace: 5319K->5319K(1056768K)
[2.237s][info ][gc             ] GC(713) Pause Young (Allocation Failure) 43M->27M(61M) 1.119ms
[2.237s][info ][gc,cpu         ] GC(713) User=0.00s Sys=0.00s Real=0.00s
[2.239s][info ][gc,start       ] GC(714) Pause Young (Allocation Failure)
[2.239s][info ][gc,task        ] GC(714) Using 8 workers of 8 for evacuation
[2.240s][debug][gc,age         ] GC(714) Desired survivor size 1114112 bytes, new threshold 1 (max threshold 6)
[2.240s][info ][gc,heap        ] GC(714) ParNew: 19257K->1568K(19648K)
[2.240s][info ][gc,heap        ] GC(714) CMS: 26587K->26978K(43712K)
[2.240s][info ][gc,metaspace   ] GC(714) Metaspace: 5319K->5319K(1056768K)
[2.240s][info ][gc             ] GC(714) Pause Young (Allocation Failure) 44M->27M(61M) 1.108ms
[2.240s][info ][gc,cpu         ] GC(714) User=0.00s Sys=0.00s Real=0.00s
[2.241s][info ][gc,start       ] GC(715) Pause Young (Allocation Failure)
[2.241s][info ][gc,task        ] GC(715) Using 8 workers of 8 for evacuation
[2.242s][debug][gc,age         ] GC(715) Desired survivor size 1114112 bytes, new threshold 6 (max threshold 6)
[2.242s][info ][gc,heap        ] GC(715) ParNew: 19027K->789K(19648K)
[2.242s][info ][gc,heap        ] GC(715) CMS: 26978K->27760K(43712K)
[2.242s][info ][gc,metaspace   ] GC(715) Metaspace: 5319K->5319K(1056768K)
[2.242s][info ][gc             ] GC(715) Pause Young (Allocation Failure) 44M->27M(61M) 1.181ms
[2.242s][info ][gc,cpu         ] GC(715) User=0.00s Sys=0.00s Real=0.00s
[2.244s][info ][gc,start       ] GC(716) Pause Young (Allocation Failure)
[2.244s][info ][gc,task        ] GC(716) Using 8 workers of 8 for evacuation
[2.245s][debug][gc,age         ] GC(716) Desired survivor size 1114112 bytes, new threshold 1 (max threshold 6)
[2.245s][info ][gc,heap        ] GC(716) ParNew: 18261K->1961K(19648K)
[2.245s][info ][gc,heap        ] GC(716) CMS: 27760K->28150K(43712K)
[2.245s][info ][gc,metaspace   ] GC(716) Metaspace: 5319K->5319K(1056768K)
[2.245s][info ][gc             ] GC(716) Pause Young (Allocation Failure) 44M->29M(61M) 1.327ms
[2.245s][info ][gc,cpu         ] GC(716) User=0.00s Sys=0.00s Real=0.00s
[2.247s][info ][gc,start       ] GC(717) Pause Young (Allocation Failure)
[2.247s][info ][gc,task        ] GC(717) Using 8 workers of 8 for evacuation
[2.249s][debug][gc,age         ] GC(717) Desired survivor size 1114112 bytes, new threshold 1 (max threshold 6)
[2.249s][info ][gc,heap        ] GC(717) ParNew: 19149K->1564K(19648K)
[2.249s][info ][gc,heap        ] GC(717) CMS: 28150K->28542K(43712K)
[2.249s][info ][gc,metaspace   ] GC(717) Metaspace: 5319K->5319K(1056768K)
[2.249s][info ][gc             ] GC(717) Pause Young (Allocation Failure) 46M->29M(61M) 1.969ms
[2.249s][info ][gc,cpu         ] GC(717) User=0.00s Sys=0.00s Real=0.00s
[2.251s][info ][gc,start       ] GC(718) Pause Young (Allocation Failure)
[2.251s][info ][gc,task        ] GC(718) Using 8 workers of 8 for evacuation
[2.252s][debug][gc,age         ] GC(718) Desired survivor size 1114112 bytes, new threshold 1 (max threshold 6)
[2.252s][info ][gc,heap        ] GC(718) ParNew: 19036K->1179K(19648K)
[2.252s][info ][gc,heap        ] GC(718) CMS: 28542K->29324K(43712K)
[2.252s][info ][gc,metaspace   ] GC(718) Metaspace: 5319K->5319K(1056768K)
[2.252s][info ][gc             ] GC(718) Pause Young (Allocation Failure) 46M->29M(61M) 1.230ms
[2.252s][info ][gc,cpu         ] GC(718) User=0.00s Sys=0.00s Real=0.00s
[2.253s][info ][gc,start       ] GC(719) Pause Young (Allocation Failure)
[2.253s][info ][gc,task        ] GC(719) Using 8 workers of 8 for evacuation
[2.254s][debug][gc,age         ] GC(719) Desired survivor size 1114112 bytes, new threshold 1 (max threshold 6)
[2.254s][info ][gc,heap        ] GC(719) ParNew: 18495K->1572K(19648K)
[2.254s][info ][gc,heap        ] GC(719) CMS: 29324K->29324K(43712K)
[2.254s][info ][gc,metaspace   ] GC(719) Metaspace: 5319K->5319K(1056768K)
[2.254s][info ][gc             ] GC(719) Pause Young (Allocation Failure) 46M->30M(61M) 1.351ms
[2.254s][info ][gc,cpu         ] GC(719) User=0.01s Sys=0.00s Real=0.01s
[2.256s][info ][gc,start       ] GC(720) Pause Young (Allocation Failure)
[2.256s][info ][gc,task        ] GC(720) Using 8 workers of 8 for evacuation
[2.258s][debug][gc,age         ] GC(720) Desired survivor size 1114112 bytes, new threshold 1 (max threshold 6)
[2.258s][info ][gc,heap        ] GC(720) ParNew: 19038K->1179K(19648K)
[2.258s][info ][gc,heap        ] GC(720) CMS: 29324K->30107K(43712K)
[2.258s][info ][gc,metaspace   ] GC(720) Metaspace: 5319K->5319K(1056768K)
[2.258s][info ][gc             ] GC(720) Pause Young (Allocation Failure) 47M->30M(61M) 1.969ms
[2.258s][info ][gc,cpu         ] GC(720) User=0.01s Sys=0.00s Real=0.00s
[2.259s][info ][gc,start       ] GC(721) Pause Young (Allocation Failure)
[2.259s][info ][gc,task        ] GC(721) Using 8 workers of 8 for evacuation
[2.260s][debug][gc,age         ] GC(721) Desired survivor size 1114112 bytes, new threshold 1 (max threshold 6)
[2.260s][info ][gc,heap        ] GC(721) ParNew: 18456K->1959K(19648K)
[2.260s][info ][gc,heap        ] GC(721) CMS: 30107K->30107K(43712K)
[2.260s][info ][gc,metaspace   ] GC(721) Metaspace: 5319K->5319K(1056768K)
[2.260s][info ][gc             ] GC(721) Pause Young (Allocation Failure) 47M->31M(61M) 1.114ms
[2.260s][info ][gc,cpu         ] GC(721) User=0.00s Sys=0.00s Real=0.00s
[2.262s][info ][gc,start       ] GC(722) Pause Young (Allocation Failure)
[2.262s][info ][gc,task        ] GC(722) Using 8 workers of 8 for evacuation
[2.263s][debug][gc,age         ] GC(722) Desired survivor size 1114112 bytes, new threshold 6 (max threshold 6)
[2.263s][info ][gc,heap        ] GC(722) ParNew: 19369K->398K(19648K)
[2.263s][info ][gc,heap        ] GC(722) CMS: 30107K->31671K(43712K)
[2.263s][info ][gc,metaspace   ] GC(722) Metaspace: 5319K->5319K(1056768K)
[2.263s][info ][gc             ] GC(722) Pause Young (Allocation Failure) 48M->31M(61M) 1.058ms
[2.263s][info ][gc,cpu         ] GC(722) User=0.00s Sys=0.00s Real=0.00s
[2.264s][info ][gc,start       ] GC(723) Pause Young (Allocation Failure)
[2.264s][info ][gc,task        ] GC(723) Using 8 workers of 8 for evacuation
[2.265s][debug][gc,age         ] GC(723) Desired survivor size 1114112 bytes, new threshold 1 (max threshold 6)
[2.265s][info ][gc,heap        ] GC(723) ParNew: 17870K->1568K(19648K)
[2.265s][info ][gc,heap        ] GC(723) CMS: 31671K->31671K(43712K)
[2.265s][info ][gc,metaspace   ] GC(723) Metaspace: 5319K->5319K(1056768K)
[2.265s][info ][gc             ] GC(723) Pause Young (Allocation Failure) 48M->32M(61M) 1.111ms
[2.265s][info ][gc,cpu         ] GC(723) User=0.00s Sys=0.00s Real=0.00s
[2.267s][info ][gc,start       ] GC(724) Pause Young (Allocation Failure)
[2.267s][info ][gc,task        ] GC(724) Using 8 workers of 8 for evacuation
[2.268s][debug][gc,age         ] GC(724) Desired survivor size 1114112 bytes, new threshold 1 (max threshold 6)
[2.268s][info ][gc,heap        ] GC(724) ParNew: 19009K->1177K(19648K)
[2.268s][info ][gc,heap        ] GC(724) CMS: 31671K->32062K(43712K)
[2.268s][info ][gc,metaspace   ] GC(724) Metaspace: 5319K->5319K(1056768K)
[2.268s][info ][gc             ] GC(724) Pause Young (Allocation Failure) 49M->32M(61M) 1.141ms
[2.268s][info ][gc,cpu         ] GC(724) User=0.01s Sys=0.00s Real=0.00s
[2.269s][info ][gc,start       ] GC(725) Pause Young (Allocation Failure)
[2.269s][info ][gc,task        ] GC(725) Using 8 workers of 8 for evacuation
[2.270s][debug][gc,age         ] GC(725) Desired survivor size 1114112 bytes, new threshold 1 (max threshold 6)
[2.270s][info ][gc,heap        ] GC(725) ParNew: 18407K->1568K(19648K)
[2.270s][info ][gc,heap        ] GC(725) CMS: 32062K->32063K(43712K)
[2.270s][info ][gc,metaspace   ] GC(725) Metaspace: 5319K->5319K(1056768K)
[2.270s][info ][gc             ] GC(725) Pause Young (Allocation Failure) 49M->32M(61M) 1.203ms
[2.270s][info ][gc,cpu         ] GC(725) User=0.00s Sys=0.00s Real=0.00s
[2.272s][info ][gc,start       ] GC(726) Pause Young (Allocation Failure)
[2.272s][info ][gc,task        ] GC(726) Using 8 workers of 8 for evacuation
[2.273s][debug][gc,age         ] GC(726) Desired survivor size 1114112 bytes, new threshold 1 (max threshold 6)
[2.273s][info ][gc,heap        ] GC(726) ParNew: 19003K->1179K(19648K)
[2.273s][info ][gc,heap        ] GC(726) CMS: 32063K->32845K(43712K)
[2.273s][info ][gc,metaspace   ] GC(726) Metaspace: 5319K->5319K(1056768K)
[2.273s][info ][gc             ] GC(726) Pause Young (Allocation Failure) 49M->33M(61M) 1.160ms
[2.273s][info ][gc,cpu         ] GC(726) User=0.00s Sys=0.00s Real=0.00s
[2.274s][info ][gc,start       ] GC(727) Pause Young (Allocation Failure)
[2.274s][info ][gc,task        ] GC(727) Using 8 workers of 8 for evacuation
[2.275s][debug][gc,age         ] GC(727) Desired survivor size 1114112 bytes, new threshold 6 (max threshold 6)
[2.275s][info ][gc,heap        ] GC(727) ParNew: 18555K->785K(19648K)
[2.275s][info ][gc,heap        ] GC(727) CMS: 32845K->33627K(43712K)
[2.276s][info ][gc,metaspace   ] GC(727) Metaspace: 5319K->5319K(1056768K)
[2.276s][info ][gc             ] GC(727) Pause Young (Allocation Failure) 50M->33M(61M) 1.093ms
[2.276s][info ][gc,cpu         ] GC(727) User=0.00s Sys=0.00s Real=0.00s
[2.278s][info ][gc,start       ] GC(728) Pause Young (Allocation Failure)
[2.278s][info ][gc,task        ] GC(728) Using 8 workers of 8 for evacuation
[2.279s][debug][gc,age         ] GC(728) Desired survivor size 1114112 bytes, new threshold 6 (max threshold 6)
[2.279s][info ][gc,heap        ] GC(728) ParNew: 18157K->787K(19648K)
[2.279s][info ][gc,heap        ] GC(728) CMS: 33627K->33627K(43712K)
[2.279s][info ][gc,metaspace   ] GC(728) Metaspace: 5319K->5319K(1056768K)
[2.279s][info ][gc             ] GC(728) Pause Young (Allocation Failure) 50M->33M(61M) 1.469ms
[2.279s][info ][gc,cpu         ] GC(728) User=0.00s Sys=0.00s Real=0.00s
[2.281s][info ][gc,start       ] GC(729) Pause Young (Allocation Failure)
[2.281s][info ][gc,task        ] GC(729) Using 8 workers of 8 for evacuation
[2.282s][debug][gc,age         ] GC(729) Desired survivor size 1114112 bytes, new threshold 1 (max threshold 6)
[2.282s][info ][gc,heap        ] GC(729) ParNew: 18223K->1957K(19648K)
[2.282s][info ][gc,heap        ] GC(729) CMS: 33627K->34408K(43712K)
[2.282s][info ][gc,metaspace   ] GC(729) Metaspace: 5319K->5319K(1056768K)
[2.282s][info ][gc             ] GC(729) Pause Young (Allocation Failure) 50M->35M(61M) 1.511ms
[2.282s][info ][gc,cpu         ] GC(729) User=0.01s Sys=0.00s Real=0.00s
[2.283s][info ][gc,start       ] GC(730) Pause Young (Allocation Failure)
[2.283s][info ][gc,task        ] GC(730) Using 8 workers of 8 for evacuation
[2.285s][debug][gc,age         ] GC(730) Desired survivor size 1114112 bytes, new threshold 6 (max threshold 6)
[2.285s][info ][gc,heap        ] GC(730) ParNew: 19188K->789K(19648K)
[2.285s][info ][gc,heap        ] GC(730) CMS: 34408K->35582K(43712K)
[2.285s][info ][gc,metaspace   ] GC(730) Metaspace: 5319K->5319K(1056768K)
[2.285s][info ][gc             ] GC(730) Pause Young (Allocation Failure) 52M->35M(61M) 1.170ms
[2.285s][info ][gc,cpu         ] GC(730) User=0.01s Sys=0.00s Real=0.01s
[2.286s][info ][gc,start       ] GC(731) Pause Young (Allocation Failure)
[2.286s][info ][gc,task        ] GC(731) Using 8 workers of 8 for evacuation
[2.287s][debug][gc,age         ] GC(731) Desired survivor size 1114112 bytes, new threshold 1 (max threshold 6)
[2.287s][info ][gc,heap        ] GC(731) ParNew: 17893K->1568K(19648K)
[2.287s][info ][gc,heap        ] GC(731) CMS: 35582K->35582K(43712K)
[2.287s][info ][gc,metaspace   ] GC(731) Metaspace: 5319K->5319K(1056768K)
[2.287s][info ][gc             ] GC(731) Pause Young (Allocation Failure) 52M->36M(61M) 1.111ms
[2.287s][info ][gc,cpu         ] GC(731) User=0.01s Sys=0.00s Real=0.00s
[2.289s][info ][gc,start       ] GC(732) Pause Young (Allocation Failure)
[2.289s][info ][gc,task        ] GC(732) Using 8 workers of 8 for evacuation
[2.290s][debug][gc,age         ] GC(732) Desired survivor size 1114112 bytes, new threshold 6 (max threshold 6)
[2.290s][info ][gc,heap        ] GC(732) ParNew: 19040K->787K(19648K)
[2.290s][info ][gc,heap        ] GC(732) CMS: 35582K->36364K(43712K)
[2.290s][info ][gc,metaspace   ] GC(732) Metaspace: 5319K->5319K(1056768K)
[2.290s][info ][gc             ] GC(732) Pause Young (Allocation Failure) 53M->36M(61M) 1.182ms
[2.290s][info ][gc,cpu         ] GC(732) User=0.01s Sys=0.00s Real=0.00s
[2.292s][info ][gc,start       ] GC(733) Pause Young (Allocation Failure)
[2.292s][info ][gc,task        ] GC(733) Using 8 workers of 8 for evacuation
[2.293s][debug][gc,age         ] GC(733) Desired survivor size 1114112 bytes, new threshold 1 (max threshold 6)
[2.293s][info ][gc,heap        ] GC(733) ParNew: 18165K->1568K(19648K)
[2.293s][info ][gc,heap        ] GC(733) CMS: 36364K->36364K(43712K)
[2.293s][info ][gc,metaspace   ] GC(733) Metaspace: 5319K->5319K(1056768K)
[2.293s][info ][gc             ] GC(733) Pause Young (Allocation Failure) 53M->37M(61M) 1.310ms
[2.293s][info ][gc,cpu         ] GC(733) User=0.01s Sys=0.00s Real=0.00s
[2.294s][info ][gc,start       ] GC(734) Pause Young (Allocation Failure)
[2.294s][info ][gc,task        ] GC(734) Using 8 workers of 8 for evacuation
[2.295s][debug][gc,age         ] GC(734) Desired survivor size 1114112 bytes, new threshold 1 (max threshold 6)
[2.295s][info ][gc,heap        ] GC(734) ParNew: 18768K->1961K(19648K)
[2.296s][info ][gc,heap        ] GC(734) CMS: 36364K->36755K(43712K)
[2.296s][info ][gc,metaspace   ] GC(734) Metaspace: 5319K->5319K(1056768K)
[2.296s][info ][gc             ] GC(734) Pause Young (Allocation Failure) 53M->37M(61M) 1.198ms
[2.296s][info ][gc,cpu         ] GC(734) User=0.01s Sys=0.00s Real=0.00s
[2.297s][info ][gc,start       ] GC(735) Pause Young (Allocation Failure)
[2.297s][info ][gc,task        ] GC(735) Using 8 workers of 8 for evacuation
[2.298s][debug][gc,age         ] GC(735) Desired survivor size 1114112 bytes, new threshold 1 (max threshold 6)
[2.298s][info ][gc,heap        ] GC(735) ParNew: 19315K->1959K(19648K)
[2.298s][info ][gc,heap        ] GC(735) CMS: 36755K->37146K(43712K)
[2.298s][info ][gc,metaspace   ] GC(735) Metaspace: 5319K->5319K(1056768K)
[2.298s][info ][gc             ] GC(735) Pause Young (Allocation Failure) 54M->38M(61M) 1.163ms
[2.298s][info ][gc,cpu         ] GC(735) User=0.00s Sys=0.00s Real=0.00s
[2.299s][info ][gc,start       ] GC(736) Pause Young (Allocation Failure)
[2.299s][info ][gc,task        ] GC(736) Using 8 workers of 8 for evacuation
[2.301s][debug][gc,age         ] GC(736) Desired survivor size 1114112 bytes, new threshold 1 (max threshold 6)
[2.301s][info ][gc,heap        ] GC(736) ParNew: 19056K->1959K(19648K)
[2.301s][info ][gc,heap        ] GC(736) CMS: 37146K->37929K(43712K)
[2.301s][info ][gc,metaspace   ] GC(736) Metaspace: 5319K->5319K(1056768K)
[2.301s][info ][gc             ] GC(736) Pause Young (Allocation Failure) 54M->38M(61M) 2.054ms
[2.302s][info ][gc,cpu         ] GC(736) User=0.01s Sys=0.00s Real=0.00s
[2.303s][info ][gc,start       ] GC(737) Pause Young (Allocation Failure)
[2.303s][info ][gc,task        ] GC(737) Using 8 workers of 8 for evacuation
[2.304s][debug][gc,age         ] GC(737) Desired survivor size 1114112 bytes, new threshold 1 (max threshold 6)
[2.304s][info ][gc,heap        ] GC(737) ParNew: 19208K->1959K(19648K)
[2.304s][info ][gc,heap        ] GC(737) CMS: 37929K->38320K(43712K)
[2.304s][info ][gc,metaspace   ] GC(737) Metaspace: 5319K->5319K(1056768K)
[2.305s][info ][gc             ] GC(737) Pause Young (Allocation Failure) 55M->39M(61M) 1.220ms
[2.305s][info ][gc,cpu         ] GC(737) User=0.00s Sys=0.00s Real=0.01s
[2.306s][info ][gc,start       ] GC(738) Pause Young (Allocation Failure)
[2.306s][info ][gc,task        ] GC(738) Using 8 workers of 8 for evacuation
[2.308s][debug][gc,age         ] GC(738) Desired survivor size 1114112 bytes, new threshold 1 (max threshold 6)
[2.308s][info ][gc,heap        ] GC(738) ParNew: 19213K->1959K(19648K)
[2.308s][info ][gc,heap        ] GC(738) CMS: 38320K->38710K(43712K)
[2.308s][info ][gc,metaspace   ] GC(738) Metaspace: 5319K->5319K(1056768K)
[2.308s][info ][gc             ] GC(738) Pause Young (Allocation Failure) 56M->39M(61M) 1.954ms
[2.308s][info ][gc,cpu         ] GC(738) User=0.00s Sys=0.00s Real=0.00s
[2.309s][info ][gc,start       ] GC(739) Pause Young (Allocation Failure)
[2.309s][info ][gc,task        ] GC(739) Using 8 workers of 8 for evacuation
[2.311s][debug][gc,age         ] GC(739) Desired survivor size 1114112 bytes, new threshold 6 (max threshold 6)
[2.311s][info ][gc,heap        ] GC(739) ParNew: 19372K->787K(19648K)
[2.311s][info ][gc,heap        ] GC(739) CMS: 38710K->39493K(43712K)
[2.311s][info ][gc,metaspace   ] GC(739) Metaspace: 5319K->5319K(1056768K)
[2.311s][info ][gc             ] GC(739) Pause Young (Allocation Failure) 56M->39M(61M) 1.416ms
[2.311s][info ][gc,cpu         ] GC(739) User=0.01s Sys=0.00s Real=0.00s
[2.312s][info ][gc,start       ] GC(740) Pause Young (Allocation Failure)
[2.312s][info ][gc,task        ] GC(740) Using 8 workers of 8 for evacuation
[2.313s][debug][gc,age         ] GC(740) Desired survivor size 1114112 bytes, new threshold 1 (max threshold 6)
[2.313s][info ][gc,heap        ] GC(740) ParNew: 18230K->1570K(19648K)
[2.313s][info ][gc,heap        ] GC(740) CMS: 39493K->39493K(43712K)
[2.313s][info ][gc,metaspace   ] GC(740) Metaspace: 5319K->5319K(1056768K)
[2.313s][info ][gc             ] GC(740) Pause Young (Allocation Failure) 56M->40M(61M) 1.142ms
[2.313s][info ][gc,cpu         ] GC(740) User=0.00s Sys=0.00s Real=0.00s
[2.315s][info ][gc,start       ] GC(741) Pause Young (Allocation Failure)
[2.315s][info ][gc,task        ] GC(741) Using 8 workers of 8 for evacuation
[2.316s][debug][gc,age         ] GC(741) Desired survivor size 1114112 bytes, new threshold 1 (max threshold 6)
[2.316s][info ][gc,heap        ] GC(741) ParNew: 18857K->1963K(19648K)
[2.316s][info ][gc,heap        ] GC(741) CMS: 39493K->39493K(43712K)
[2.316s][info ][gc,metaspace   ] GC(741) Metaspace: 5319K->5319K(1056768K)
[2.316s][info ][gc             ] GC(741) Pause Young (Allocation Failure) 56M->40M(61M) 0.676ms
[2.316s][info ][gc,cpu         ] GC(741) User=0.00s Sys=0.00s Real=0.00s
[2.317s][info ][gc,start       ] GC(742) Pause Young (Allocation Failure)
[2.317s][info ][gc,task        ] GC(742) Using 8 workers of 8 for evacuation
[2.319s][debug][gc,age         ] GC(742) Desired survivor size 1114112 bytes, new threshold 1 (max threshold 6)
[2.319s][info ][gc,heap        ] GC(742) ParNew: 19320K->1568K(19648K)
[2.319s][info ][gc,heap        ] GC(742) CMS: 39493K->40275K(43712K)
[2.319s][info ][gc,metaspace   ] GC(742) Metaspace: 5319K->5319K(1056768K)
[2.319s][info ][gc             ] GC(742) Pause Young (Allocation Failure) 57M->40M(61M) 1.518ms
[2.319s][info ][gc,cpu         ] GC(742) User=0.01s Sys=0.00s Real=0.00s
[2.319s][info ][gc,start       ] GC(743) Pause Initial Mark
[2.319s][info ][gc             ] GC(743) Pause Initial Mark 41M->41M(61M) 0.099ms
[2.319s][info ][gc,cpu         ] GC(743) User=0.00s Sys=0.00s Real=0.00s
[2.319s][info ][gc             ] GC(743) Concurrent Mark
[2.319s][info ][gc,task        ] GC(743) Using 2 workers of 2 for marking
[2.320s][info ][gc,start       ] GC(744) Pause Young (Allocation Failure)
[2.320s][info ][gc,task        ] GC(744) Using 8 workers of 8 for evacuation
[2.322s][debug][gc,age         ] GC(744) Desired survivor size 1114112 bytes, new threshold 1 (max threshold 6)
[2.322s][info ][gc,heap        ] GC(744) ParNew: 18717K->1572K(19648K)
[2.322s][info ][gc,heap        ] GC(744) CMS: 40275K->40666K(43712K)
[2.322s][info ][gc,metaspace   ] GC(744) Metaspace: 5319K->5319K(1056768K)
[2.322s][info ][gc             ] GC(744) Pause Young (Allocation Failure) 57M->41M(61M) 1.372ms
[2.322s][info ][gc,cpu         ] GC(744) User=0.00s Sys=0.00s Real=0.00s
[2.323s][info ][gc             ] GC(743) Concurrent Mark 3.910ms
[2.323s][info ][gc,cpu         ] GC(743) User=0.02s Sys=0.00s Real=0.00s
[2.323s][info ][gc             ] GC(743) Concurrent Preclean
[2.323s][info ][gc             ] GC(743) Concurrent Preclean 0.196ms
[2.323s][info ][gc,cpu         ] GC(743) User=0.00s Sys=0.00s Real=0.00s
[2.323s][info ][gc             ] GC(743) Concurrent Abortable Preclean
[2.324s][info ][gc,start       ] GC(745) Pause Young (Allocation Failure)
[2.324s][info ][gc,task        ] GC(745) Using 8 workers of 8 for evacuation
[2.325s][debug][gc,age         ] GC(745) Desired survivor size 1114112 bytes, new threshold 1 (max threshold 6)
[2.325s][info ][gc,heap        ] GC(745) ParNew: 18775K->1957K(19648K)
[2.325s][info ][gc,heap        ] GC(745) CMS: 40666K->41057K(43712K)
[2.325s][info ][gc,metaspace   ] GC(745) Metaspace: 5319K->5319K(1056768K)
[2.326s][info ][gc             ] GC(745) Pause Young (Allocation Failure) 58M->42M(61M) 1.534ms
[2.326s][info ][gc,cpu         ] GC(745) User=0.01s Sys=0.00s Real=0.00s
[2.327s][info ][gc,start       ] GC(746) Pause Young (Allocation Failure)
[2.327s][info ][gc,task        ] GC(746) Using 8 workers of 8 for evacuation
[2.328s][debug][gc,age         ] GC(746) Desired survivor size 1114112 bytes, new threshold 1 (max threshold 6)
[2.328s][info ][gc,heap        ] GC(746) ParNew: 19225K->1961K(19648K)
[2.328s][info ][gc,heap        ] GC(746) CMS: 41057K->41448K(43712K)
[2.328s][info ][gc,metaspace   ] GC(746) Metaspace: 5319K->5319K(1056768K)
[2.328s][info ][gc             ] GC(746) Pause Young (Allocation Failure) 58M->42M(61M) 1.146ms
[2.328s][info ][gc,cpu         ] GC(746) User=0.01s Sys=0.00s Real=0.00s
[2.330s][info ][gc,start       ] GC(747) Pause Young (Allocation Failure)
[2.330s][info ][gc,task        ] GC(747) Using 8 workers of 8 for evacuation
[2.332s][debug][gc,age         ] GC(747) Desired survivor size 1114112 bytes, new threshold 1 (max threshold 6)
[2.332s][info ][gc,heap        ] GC(747) ParNew: 19183K->1959K(19648K)
[2.332s][info ][gc,heap        ] GC(747) CMS: 41448K->42620K(43712K)
[2.332s][info ][gc,metaspace   ] GC(747) Metaspace: 5319K->5319K(1056768K)
[2.332s][info ][gc             ] GC(747) Pause Young (Allocation Failure) 59M->43M(61M) 2.208ms
[2.332s][info ][gc,cpu         ] GC(747) User=0.00s Sys=0.00s Real=0.00s
[2.332s][info ][gc             ] GC(743) Concurrent Abortable Preclean 8.521ms
[2.332s][info ][gc,cpu         ] GC(743) User=0.04s Sys=0.00s Real=0.01s
[2.332s][info ][gc,start       ] GC(743) Pause Remark
[2.333s][debug][gc,phases      ] GC(743) Rescan (parallel) 0.902ms
[2.333s][debug][gc,phases      ] GC(743) Reference Processing 0.012ms
[2.333s][debug][gc,phases      ] GC(743) Weak Processing 0.006ms
[2.333s][debug][gc,phases      ] GC(743) ClassLoaderData 0.012ms
[2.333s][debug][gc,phases      ] GC(743) ProtectionDomainCacheTable 0.002ms
[2.333s][debug][gc,phases      ] GC(743) ResolvedMethodTable 0.006ms
[2.333s][debug][gc,phases      ] GC(743) Class Unloading 0.162ms
[2.334s][debug][gc,phases      ] GC(743) Scrub Symbol Table 0.474ms
[2.334s][debug][gc,phases      ] GC(743) Scrub String Table 0.047ms
[2.334s][info ][gc             ] GC(743) Pause Remark 44M->44M(61M) 1.742ms
[2.334s][info ][gc,cpu         ] GC(743) User=0.00s Sys=0.00s Real=0.01s
[2.334s][info ][gc             ] GC(743) Concurrent Sweep
[2.335s][info ][gc             ] GC(743) Concurrent Sweep 0.695ms
[2.335s][info ][gc,cpu         ] GC(743) User=0.00s Sys=0.00s Real=0.00s
[2.335s][info ][gc             ] GC(743) Concurrent Reset
[2.335s][info ][gc             ] GC(743) Concurrent Reset 0.098ms
[2.335s][info ][gc,cpu         ] GC(743) User=0.00s Sys=0.00s Real=0.00s
[2.335s][info ][gc,heap        ] GC(743) Old: 40275K->4300K(43712K)
[2.335s][info ][gc,start       ] GC(748) Pause Young (Allocation Failure)
[2.335s][info ][gc,task        ] GC(748) Using 8 workers of 8 for evacuation
[2.337s][debug][gc,age         ] GC(748) Desired survivor size 1114112 bytes, new threshold 1 (max threshold 6)
[2.337s][info ][gc,heap        ] GC(748) ParNew: 19152K->1961K(19648K)
[2.337s][info ][gc,heap        ] GC(748) CMS: 4300K->5472K(43712K)
[2.337s][info ][gc,metaspace   ] GC(748) Metaspace: 5319K->5319K(1056768K)
[2.337s][info ][gc             ] GC(748) Pause Young (Allocation Failure) 22M->7M(61M) 1.709ms
[2.337s][info ][gc,cpu         ] GC(748) User=0.00s Sys=0.00s Real=0.00s
[2.338s][info ][gc,start       ] GC(749) Pause Young (Allocation Failure)
[2.338s][info ][gc,task        ] GC(749) Using 8 workers of 8 for evacuation
[2.340s][debug][gc,age         ] GC(749) Desired survivor size 1114112 bytes, new threshold 6 (max threshold 6)
[2.340s][info ][gc,heap        ] GC(749) ParNew: 19433K->785K(19648K)
[2.340s][info ][gc,heap        ] GC(749) CMS: 5472K->5863K(43712K)
[2.340s][info ][gc,metaspace   ] GC(749) Metaspace: 5319K->5319K(1056768K)
[2.340s][info ][gc             ] GC(749) Pause Young (Allocation Failure) 24M->6M(61M) 2.015ms
[2.340s][info ][gc,cpu         ] GC(749) User=0.01s Sys=0.00s Real=0.00s
[2.342s][info ][gc,start       ] GC(750) Pause Young (Allocation Failure)
[2.342s][info ][gc,task        ] GC(750) Using 8 workers of 8 for evacuation
[2.343s][debug][gc,age         ] GC(750) Desired survivor size 1114112 bytes, new threshold 1 (max threshold 6)
[2.343s][info ][gc,heap        ] GC(750) ParNew: 17974K->1963K(19648K)
[2.343s][info ][gc,heap        ] GC(750) CMS: 5863K->6254K(43712K)
[2.343s][info ][gc,metaspace   ] GC(750) Metaspace: 5319K->5319K(1056768K)
[2.343s][info ][gc             ] GC(750) Pause Young (Allocation Failure) 23M->8M(61M) 1.469ms
[2.343s][info ][gc,cpu         ] GC(750) User=0.01s Sys=0.00s Real=0.00s
[2.344s][info ][gc,start       ] GC(751) Pause Young (Allocation Failure)
[2.344s][info ][gc,task        ] GC(751) Using 8 workers of 8 for evacuation
[2.346s][debug][gc,age         ] GC(751) Desired survivor size 1114112 bytes, new threshold 1 (max threshold 6)
[2.346s][info ][gc,heap        ] GC(751) ParNew: 19135K->1957K(19648K)
[2.346s][info ][gc,heap        ] GC(751) CMS: 6254K->6254K(43712K)
[2.346s][info ][gc,metaspace   ] GC(751) Metaspace: 5319K->5319K(1056768K)
[2.346s][info ][gc             ] GC(751) Pause Young (Allocation Failure) 24M->8M(61M) 1.418ms
[2.346s][info ][gc,cpu         ] GC(751) User=0.00s Sys=0.00s Real=0.00s
[2.349s][info ][gc,start       ] GC(752) Pause Young (Allocation Failure)
[2.349s][info ][gc,task        ] GC(752) Using 8 workers of 8 for evacuation
[2.351s][debug][gc,age         ] GC(752) Desired survivor size 1114112 bytes, new threshold 1 (max threshold 6)
[2.351s][info ][gc,heap        ] GC(752) ParNew: 19345K->1568K(19648K)
[2.351s][info ][gc,heap        ] GC(752) CMS: 6254K->7428K(43712K)
[2.351s][info ][gc,metaspace   ] GC(752) Metaspace: 5319K->5319K(1056768K)
[2.351s][info ][gc             ] GC(752) Pause Young (Allocation Failure) 24M->8M(61M) 2.102ms
[2.351s][info ][gc,cpu         ] GC(752) User=0.01s Sys=0.00s Real=0.00s
[2.352s][info ][gc,start       ] GC(753) Pause Young (Allocation Failure)
[2.352s][info ][gc,task        ] GC(753) Using 8 workers of 8 for evacuation
[2.354s][debug][gc,age         ] GC(753) Desired survivor size 1114112 bytes, new threshold 1 (max threshold 6)
[2.354s][info ][gc,heap        ] GC(753) ParNew: 18982K->1957K(19648K)
[2.354s][info ][gc,heap        ] GC(753) CMS: 7428K->8600K(43712K)
[2.354s][info ][gc,metaspace   ] GC(753) Metaspace: 5319K->5319K(1056768K)
[2.354s][info ][gc             ] GC(753) Pause Young (Allocation Failure) 25M->10M(61M) 1.388ms
[2.354s][info ][gc,cpu         ] GC(753) User=0.00s Sys=0.00s Real=0.01s
[2.355s][info ][gc,start       ] GC(754) Pause Young (Allocation Failure)
[2.355s][info ][gc,task        ] GC(754) Using 8 workers of 8 for evacuation
[2.356s][debug][gc,age         ] GC(754) Desired survivor size 1114112 bytes, new threshold 1 (max threshold 6)
[2.357s][info ][gc,heap        ] GC(754) ParNew: 19210K->1566K(19648K)
[2.357s][info ][gc,heap        ] GC(754) CMS: 8600K->8600K(43712K)
[2.357s][info ][gc,metaspace   ] GC(754) Metaspace: 5319K->5319K(1056768K)
[2.357s][info ][gc             ] GC(754) Pause Young (Allocation Failure) 27M->9M(61M) 1.444ms
[2.357s][info ][gc,cpu         ] GC(754) User=0.01s Sys=0.00s Real=0.00s
[2.358s][info ][gc,start       ] GC(755) Pause Young (Allocation Failure)
[2.358s][info ][gc,task        ] GC(755) Using 8 workers of 8 for evacuation
[2.359s][debug][gc,age         ] GC(755) Desired survivor size 1114112 bytes, new threshold 1 (max threshold 6)
[2.359s][info ][gc,heap        ] GC(755) ParNew: 18657K->1576K(19648K)
[2.359s][info ][gc,heap        ] GC(755) CMS: 8600K->8601K(43712K)
[2.359s][info ][gc,metaspace   ] GC(755) Metaspace: 5319K->5319K(1056768K)
[2.359s][info ][gc             ] GC(755) Pause Young (Allocation Failure) 26M->9M(61M) 1.320ms
[2.359s][info ][gc,cpu         ] GC(755) User=0.01s Sys=0.00s Real=0.00s
[2.361s][info ][gc,start       ] GC(756) Pause Young (Allocation Failure)
[2.361s][info ][gc,task        ] GC(756) Using 8 workers of 8 for evacuation
[2.362s][debug][gc,age         ] GC(756) Desired survivor size 1114112 bytes, new threshold 1 (max threshold 6)
[2.362s][info ][gc,heap        ] GC(756) ParNew: 19044K->1186K(19648K)
[2.362s][info ][gc,heap        ] GC(756) CMS: 8601K->8992K(43712K)
[2.362s][info ][gc,metaspace   ] GC(756) Metaspace: 5319K->5319K(1056768K)
[2.362s][info ][gc             ] GC(756) Pause Young (Allocation Failure) 26M->9M(61M) 1.051ms
[2.362s][info ][gc,cpu         ] GC(756) User=0.00s Sys=0.00s Real=0.00s
[2.363s][info ][gc,start       ] GC(757) Pause Young (Allocation Failure)
[2.363s][info ][gc,task        ] GC(757) Using 8 workers of 8 for evacuation
[2.364s][debug][gc,age         ] GC(757) Desired survivor size 1114112 bytes, new threshold 1 (max threshold 6)
[2.364s][info ][gc,heap        ] GC(757) ParNew: 18439K->1967K(19648K)
[2.364s][info ][gc,heap        ] GC(757) CMS: 8992K->10164K(43712K)
[2.364s][info ][gc,metaspace   ] GC(757) Metaspace: 5319K->5319K(1056768K)
[2.364s][info ][gc             ] GC(757) Pause Young (Allocation Failure) 26M->11M(61M) 1.277ms
[2.364s][info ][gc,cpu         ] GC(757) User=0.01s Sys=0.01s Real=0.01s
[2.366s][info ][gc,start       ] GC(758) Pause Young (Allocation Failure)
[2.366s][info ][gc,task        ] GC(758) Using 8 workers of 8 for evacuation
[2.367s][debug][gc,age         ] GC(758) Desired survivor size 1114112 bytes, new threshold 1 (max threshold 6)
[2.367s][info ][gc,heap        ] GC(758) ParNew: 19089K->1965K(19648K)
[2.368s][info ][gc,heap        ] GC(758) CMS: 10164K->10555K(43712K)
[2.368s][info ][gc,metaspace   ] GC(758) Metaspace: 5319K->5319K(1056768K)
[2.368s][info ][gc             ] GC(758) Pause Young (Allocation Failure) 28M->12M(61M) 1.378ms
[2.368s][info ][gc,cpu         ] GC(758) User=0.01s Sys=0.00s Real=0.00s
[2.369s][info ][gc,start       ] GC(759) Pause Young (Allocation Failure)
[2.369s][info ][gc,task        ] GC(759) Using 8 workers of 8 for evacuation
[2.370s][debug][gc,age         ] GC(759) Desired survivor size 1114112 bytes, new threshold 1 (max threshold 6)
[2.370s][info ][gc,heap        ] GC(759) ParNew: 19430K->1574K(19648K)
[2.370s][info ][gc,heap        ] GC(759) CMS: 10555K->11337K(43712K)
[2.370s][info ][gc,metaspace   ] GC(759) Metaspace: 5319K->5319K(1056768K)
[2.370s][info ][gc             ] GC(759) Pause Young (Allocation Failure) 29M->12M(61M) 0.885ms
[2.370s][info ][gc,cpu         ] GC(759) User=0.00s Sys=0.00s Real=0.00s
[2.372s][info ][gc,start       ] GC(760) Pause Young (Allocation Failure)
[2.372s][info ][gc,task        ] GC(760) Using 8 workers of 8 for evacuation
[2.373s][debug][gc,age         ] GC(760) Desired survivor size 1114112 bytes, new threshold 1 (max threshold 6)
[2.373s][info ][gc,heap        ] GC(760) ParNew: 18760K->1965K(19648K)
[2.373s][info ][gc,heap        ] GC(760) CMS: 11337K->11728K(43712K)
[2.373s][info ][gc,metaspace   ] GC(760) Metaspace: 5319K->5319K(1056768K)
[2.373s][info ][gc             ] GC(760) Pause Young (Allocation Failure) 29M->13M(61M) 1.161ms
[2.373s][info ][gc,cpu         ] GC(760) User=0.00s Sys=0.00s Real=0.00s
[2.375s][info ][gc,start       ] GC(761) Pause Young (Allocation Failure)
[2.375s][info ][gc,task        ] GC(761) Using 8 workers of 8 for evacuation
[2.375s][debug][gc,age         ] GC(761) Desired survivor size 1114112 bytes, new threshold 1 (max threshold 6)
[2.375s][info ][gc,heap        ] GC(761) ParNew: 19192K->1186K(19648K)
[2.375s][info ][gc,heap        ] GC(761) CMS: 11728K->11728K(43712K)
[2.375s][info ][gc,metaspace   ] GC(761) Metaspace: 5319K->5319K(1056768K)
[2.375s][info ][gc             ] GC(761) Pause Young (Allocation Failure) 30M->12M(61M) 0.826ms
[2.375s][info ][gc,cpu         ] GC(761) User=0.01s Sys=0.00s Real=0.00s
[2.377s][info ][gc,start       ] GC(762) Pause Young (Allocation Failure)
[2.377s][info ][gc,task        ] GC(762) Using 8 workers of 8 for evacuation
[2.377s][debug][gc,age         ] GC(762) Desired survivor size 1114112 bytes, new threshold 1 (max threshold 6)
[2.377s][info ][gc,heap        ] GC(762) ParNew: 18555K->1188K(19648K)
[2.377s][info ][gc,heap        ] GC(762) CMS: 11728K->11730K(43712K)
[2.377s][info ][gc,metaspace   ] GC(762) Metaspace: 5319K->5319K(1056768K)
[2.377s][info ][gc             ] GC(762) Pause Young (Allocation Failure) 29M->12M(61M) 0.338ms
[2.377s][info ][gc,cpu         ] GC(762) User=0.00s Sys=0.00s Real=0.00s
[2.378s][info ][gc,start       ] GC(763) Pause Young (Allocation Failure)
[2.378s][info ][gc,task        ] GC(763) Using 8 workers of 8 for evacuation
[2.379s][debug][gc,age         ] GC(763) Desired survivor size 1114112 bytes, new threshold 6 (max threshold 6)
[2.379s][info ][gc,heap        ] GC(763) ParNew: 18608K->795K(19648K)
[2.379s][info ][gc,heap        ] GC(763) CMS: 11730K->11730K(43712K)
[2.379s][info ][gc,metaspace   ] GC(763) Metaspace: 5319K->5319K(1056768K)
[2.379s][info ][gc             ] GC(763) Pause Young (Allocation Failure) 29M->12M(61M) 0.321ms
[2.379s][info ][gc,cpu         ] GC(763) User=0.00s Sys=0.00s Real=0.00s
[2.380s][info ][gc,start       ] GC(764) Pause Young (Allocation Failure)
[2.380s][info ][gc,task        ] GC(764) Using 8 workers of 8 for evacuation
[2.381s][debug][gc,age         ] GC(764) Desired survivor size 1114112 bytes, new threshold 1 (max threshold 6)
[2.381s][info ][gc,heap        ] GC(764) ParNew: 18031K->1188K(19648K)
[2.381s][info ][gc,heap        ] GC(764) CMS: 11730K->11730K(43712K)
[2.381s][info ][gc,metaspace   ] GC(764) Metaspace: 5319K->5319K(1056768K)
[2.381s][info ][gc             ] GC(764) Pause Young (Allocation Failure) 29M->12M(61M) 1.106ms
[2.381s][info ][gc,cpu         ] GC(764) User=0.00s Sys=0.00s Real=0.00s
[2.383s][info ][gc,start       ] GC(765) Pause Young (Allocation Failure)
[2.383s][info ][gc,task        ] GC(765) Using 8 workers of 8 for evacuation
[2.384s][debug][gc,age         ] GC(765) Desired survivor size 1114112 bytes, new threshold 1 (max threshold 6)
[2.384s][info ][gc,heap        ] GC(765) ParNew: 18341K->1965K(19648K)
[2.384s][info ][gc,heap        ] GC(765) CMS: 11730K->12121K(43712K)
[2.384s][info ][gc,metaspace   ] GC(765) Metaspace: 5319K->5319K(1056768K)
[2.384s][info ][gc             ] GC(765) Pause Young (Allocation Failure) 29M->13M(61M) 1.321ms
[2.384s][info ][gc,cpu         ] GC(765) User=0.01s Sys=0.00s Real=0.01s
[2.386s][info ][gc,start       ] GC(766) Pause Young (Allocation Failure)
[2.386s][info ][gc,task        ] GC(766) Using 8 workers of 8 for evacuation
[2.387s][debug][gc,age         ] GC(766) Desired survivor size 1114112 bytes, new threshold 1 (max threshold 6)
[2.387s][info ][gc,heap        ] GC(766) ParNew: 19157K->1967K(19648K)
[2.387s][info ][gc,heap        ] GC(766) CMS: 12121K->12903K(43712K)
[2.387s][info ][gc,metaspace   ] GC(766) Metaspace: 5319K->5319K(1056768K)
[2.387s][info ][gc             ] GC(766) Pause Young (Allocation Failure) 30M->14M(61M) 0.804ms
[2.387s][info ][gc,cpu         ] GC(766) User=0.01s Sys=0.00s Real=0.00s
[2.389s][info ][gc,start       ] GC(767) Pause Young (Allocation Failure)
[2.389s][info ][gc,task        ] GC(767) Using 8 workers of 8 for evacuation
[2.389s][debug][gc,age         ] GC(767) Desired survivor size 1114112 bytes, new threshold 1 (max threshold 6)
[2.389s][info ][gc,heap        ] GC(767) ParNew: 19428K->1578K(19648K)
[2.389s][info ][gc,heap        ] GC(767) CMS: 12903K->13295K(43712K)
[2.389s][info ][gc,metaspace   ] GC(767) Metaspace: 5319K->5319K(1056768K)
[2.389s][info ][gc             ] GC(767) Pause Young (Allocation Failure) 31M->14M(61M) 0.439ms
[2.389s][info ][gc,cpu         ] GC(767) User=0.00s Sys=0.00s Real=0.00s
[2.391s][info ][gc,start       ] GC(768) Pause Young (Allocation Failure)
[2.391s][info ][gc,task        ] GC(768) Using 8 workers of 8 for evacuation
[2.391s][debug][gc,age         ] GC(768) Desired survivor size 1114112 bytes, new threshold 1 (max threshold 6)
[2.391s][info ][gc,heap        ] GC(768) ParNew: 18839K->1967K(19648K)
[2.391s][info ][gc,heap        ] GC(768) CMS: 13295K->14467K(43712K)
[2.391s][info ][gc,metaspace   ] GC(768) Metaspace: 5319K->5319K(1056768K)
[2.391s][info ][gc             ] GC(768) Pause Young (Allocation Failure) 31M->16M(61M) 0.630ms
[2.391s][info ][gc,cpu         ] GC(768) User=0.00s Sys=0.00s Real=0.00s
[2.393s][info ][gc,start       ] GC(769) Pause Young (Allocation Failure)
[2.393s][info ][gc,task        ] GC(769) Using 8 workers of 8 for evacuation
[2.393s][debug][gc,age         ] GC(769) Desired survivor size 1114112 bytes, new threshold 1 (max threshold 6)
[2.393s][info ][gc,heap        ] GC(769) ParNew: 19185K->1969K(19648K)
[2.393s][info ][gc,heap        ] GC(769) CMS: 14467K->14467K(43712K)
[2.393s][info ][gc,metaspace   ] GC(769) Metaspace: 5319K->5319K(1056768K)
[2.393s][info ][gc             ] GC(769) Pause Young (Allocation Failure) 32M->16M(61M) 0.416ms
[2.393s][info ][gc,cpu         ] GC(769) User=0.00s Sys=0.00s Real=0.00s
[2.394s][info ][gc,start       ] GC(770) Pause Young (Allocation Failure)
[2.395s][info ][gc,task        ] GC(770) Using 8 workers of 8 for evacuation
[2.395s][debug][gc,age         ] GC(770) Desired survivor size 1114112 bytes, new threshold 1 (max threshold 6)
[2.395s][info ][gc,heap        ] GC(770) ParNew: 19052K->1969K(19648K)
[2.395s][info ][gc,heap        ] GC(770) CMS: 14467K->14859K(43712K)
[2.395s][info ][gc,metaspace   ] GC(770) Metaspace: 5319K->5319K(1056768K)
[2.395s][info ][gc             ] GC(770) Pause Young (Allocation Failure) 32M->16M(61M) 0.417ms
[2.395s][info ][gc,cpu         ] GC(770) User=0.00s Sys=0.00s Real=0.00s
[2.396s][info ][gc,start       ] GC(771) Pause Young (Allocation Failure)
[2.396s][info ][gc,task        ] GC(771) Using 8 workers of 8 for evacuation
[2.398s][debug][gc,age         ] GC(771) Desired survivor size 1114112 bytes, new threshold 1 (max threshold 6)
[2.398s][info ][gc,heap        ] GC(771) ParNew: 19123K->1574K(19648K)
[2.398s][info ][gc,heap        ] GC(771) CMS: 14859K->15250K(43712K)
[2.398s][info ][gc,metaspace   ] GC(771) Metaspace: 5319K->5319K(1056768K)
[2.398s][info ][gc             ] GC(771) Pause Young (Allocation Failure) 33M->16M(61M) 1.158ms
[2.398s][info ][gc,cpu         ] GC(771) User=0.00s Sys=0.00s Real=0.00s
[2.399s][info ][gc,start       ] GC(772) Pause Young (Allocation Failure)
[2.399s][info ][gc,task        ] GC(772) Using 8 workers of 8 for evacuation
[2.401s][debug][gc,age         ] GC(772) Desired survivor size 1114112 bytes, new threshold 1 (max threshold 6)
[2.401s][info ][gc,heap        ] GC(772) ParNew: 18672K->1188K(19648K)
[2.401s][info ][gc,heap        ] GC(772) CMS: 15250K->15250K(43712K)
[2.401s][info ][gc,metaspace   ] GC(772) Metaspace: 5319K->5319K(1056768K)
[2.401s][info ][gc             ] GC(772) Pause Young (Allocation Failure) 33M->16M(61M) 1.293ms
[2.401s][info ][gc,cpu         ] GC(772) User=0.01s Sys=0.00s Real=0.00s
[2.402s][info ][gc,start       ] GC(773) Pause Young (Allocation Failure)
[2.402s][info ][gc,task        ] GC(773) Using 8 workers of 8 for evacuation
[2.403s][debug][gc,age         ] GC(773) Desired survivor size 1114112 bytes, new threshold 1 (max threshold 6)
[2.403s][info ][gc,heap        ] GC(773) ParNew: 18576K->1184K(19648K)
[2.403s][info ][gc,heap        ] GC(773) CMS: 15250K->15642K(43712K)
[2.403s][info ][gc,metaspace   ] GC(773) Metaspace: 5319K->5319K(1056768K)
[2.403s][info ][gc             ] GC(773) Pause Young (Allocation Failure) 33M->16M(61M) 0.497ms
[2.403s][info ][gc,cpu         ] GC(773) User=0.00s Sys=0.00s Real=0.00s
[2.404s][info ][gc,start       ] GC(774) Pause Young (Allocation Failure)
[2.404s][info ][gc,task        ] GC(774) Using 8 workers of 8 for evacuation
[2.405s][debug][gc,age         ] GC(774) Desired survivor size 1114112 bytes, new threshold 6 (max threshold 6)
[2.405s][info ][gc,heap        ] GC(774) ParNew: 18597K->795K(19648K)
[2.405s][info ][gc,heap        ] GC(774) CMS: 15642K->16424K(43712K)
[2.406s][info ][gc,metaspace   ] GC(774) Metaspace: 5319K->5319K(1056768K)
[2.406s][info ][gc             ] GC(774) Pause Young (Allocation Failure) 33M->16M(61M) 1.117ms
[2.406s][info ][gc,cpu         ] GC(774) User=0.01s Sys=0.01s Real=0.00s
[2.407s][info ][gc,start       ] GC(775) Pause Young (Allocation Failure)
[2.407s][info ][gc,task        ] GC(775) Using 8 workers of 8 for evacuation
[2.408s][debug][gc,age         ] GC(775) Desired survivor size 1114112 bytes, new threshold 1 (max threshold 6)
[2.408s][info ][gc,heap        ] GC(775) ParNew: 18034K->1969K(19648K)
[2.408s][info ][gc,heap        ] GC(775) CMS: 16424K->16814K(43712K)
[2.408s][info ][gc,metaspace   ] GC(775) Metaspace: 5319K->5319K(1056768K)
[2.408s][info ][gc             ] GC(775) Pause Young (Allocation Failure) 33M->18M(61M) 0.455ms
[2.408s][info ][gc,cpu         ] GC(775) User=0.01s Sys=0.00s Real=0.00s
[2.409s][info ][gc,start       ] GC(776) Pause Young (Allocation Failure)
[2.409s][info ][gc,task        ] GC(776) Using 8 workers of 8 for evacuation
[2.410s][debug][gc,age         ] GC(776) Desired survivor size 1114112 bytes, new threshold 1 (max threshold 6)
[2.410s][info ][gc,heap        ] GC(776) ParNew: 19441K->1574K(19648K)
[2.410s][info ][gc,heap        ] GC(776) CMS: 16814K->17597K(43712K)
[2.410s][info ][gc,metaspace   ] GC(776) Metaspace: 5319K->5319K(1056768K)
[2.410s][info ][gc             ] GC(776) Pause Young (Allocation Failure) 35M->18M(61M) 0.663ms
[2.410s][info ][gc,cpu         ] GC(776) User=0.00s Sys=0.00s Real=0.00s
[2.411s][info ][gc,start       ] GC(777) Pause Young (Allocation Failure)
[2.411s][info ][gc,task        ] GC(777) Using 8 workers of 8 for evacuation
[2.412s][debug][gc,age         ] GC(777) Desired survivor size 1114112 bytes, new threshold 6 (max threshold 6)
[2.412s][info ][gc,heap        ] GC(777) ParNew: 18942K->791K(19648K)
[2.412s][info ][gc,heap        ] GC(777) CMS: 17597K->18769K(43712K)
[2.412s][info ][gc,metaspace   ] GC(777) Metaspace: 5319K->5319K(1056768K)
[2.412s][info ][gc             ] GC(777) Pause Young (Allocation Failure) 35M->19M(61M) 0.470ms
[2.412s][info ][gc,cpu         ] GC(777) User=0.00s Sys=0.00s Real=0.00s
[2.414s][info ][gc,start       ] GC(778) Pause Young (Allocation Failure)
[2.414s][info ][gc,task        ] GC(778) Using 8 workers of 8 for evacuation
[2.415s][debug][gc,age         ] GC(778) Desired survivor size 1114112 bytes, new threshold 1 (max threshold 6)
[2.415s][info ][gc,heap        ] GC(778) ParNew: 18224K->1963K(19648K)
[2.415s][info ][gc,heap        ] GC(778) CMS: 18769K->18769K(43712K)
[2.415s][info ][gc,metaspace   ] GC(778) Metaspace: 5319K->5319K(1056768K)
[2.415s][info ][gc             ] GC(778) Pause Young (Allocation Failure) 36M->20M(61M) 1.613ms
[2.415s][info ][gc,cpu         ] GC(778) User=0.00s Sys=0.00s Real=0.01s
[2.417s][info ][gc,start       ] GC(779) Pause Young (Allocation Failure)
[2.417s][info ][gc,task        ] GC(779) Using 8 workers of 8 for evacuation
[2.418s][debug][gc,age         ] GC(779) Desired survivor size 1114112 bytes, new threshold 1 (max threshold 6)
[2.418s][info ][gc,heap        ] GC(779) ParNew: 19290K->1965K(19648K)
[2.418s][info ][gc,heap        ] GC(779) CMS: 18769K->19161K(43712K)
[2.418s][info ][gc,metaspace   ] GC(779) Metaspace: 5319K->5319K(1056768K)
[2.418s][info ][gc             ] GC(779) Pause Young (Allocation Failure) 37M->20M(61M) 1.464ms
[2.418s][info ][gc,cpu         ] GC(779) User=0.01s Sys=0.00s Real=0.00s
[2.420s][info ][gc,start       ] GC(780) Pause Young (Allocation Failure)
[2.420s][info ][gc,task        ] GC(780) Using 8 workers of 8 for evacuation
[2.421s][debug][gc,age         ] GC(780) Desired survivor size 1114112 bytes, new threshold 6 (max threshold 6)
[2.421s][info ][gc,heap        ] GC(780) ParNew: 19437K->793K(19648K)
[2.421s][info ][gc,heap        ] GC(780) CMS: 19161K->20334K(43712K)
[2.421s][info ][gc,metaspace   ] GC(780) Metaspace: 5319K->5319K(1056768K)
[2.421s][info ][gc             ] GC(780) Pause Young (Allocation Failure) 37M->20M(61M) 1.148ms
[2.421s][info ][gc,cpu         ] GC(780) User=0.01s Sys=0.00s Real=0.00s
[2.423s][info ][gc,start       ] GC(781) Pause Young (Allocation Failure)
[2.423s][info ][gc,task        ] GC(781) Using 8 workers of 8 for evacuation
[2.424s][debug][gc,age         ] GC(781) Desired survivor size 1114112 bytes, new threshold 1 (max threshold 6)
[2.424s][info ][gc,heap        ] GC(781) ParNew: 18239K->1576K(19648K)
[2.424s][info ][gc,heap        ] GC(781) CMS: 20334K->20334K(43712K)
[2.424s][info ][gc,metaspace   ] GC(781) Metaspace: 5319K->5319K(1056768K)
[2.424s][info ][gc             ] GC(781) Pause Young (Allocation Failure) 37M->21M(61M) 1.350ms
[2.424s][info ][gc,cpu         ] GC(781) User=0.00s Sys=0.00s Real=0.01s
[2.426s][info ][gc,start       ] GC(782) Pause Young (Allocation Failure)
[2.426s][info ][gc,task        ] GC(782) Using 8 workers of 8 for evacuation
[2.426s][debug][gc,age         ] GC(782) Desired survivor size 1114112 bytes, new threshold 1 (max threshold 6)
[2.426s][info ][gc,heap        ] GC(782) ParNew: 19024K->1576K(19648K)
[2.426s][info ][gc,heap        ] GC(782) CMS: 20334K->21116K(43712K)
[2.426s][info ][gc,metaspace   ] GC(782) Metaspace: 5319K->5319K(1056768K)
[2.426s][info ][gc             ] GC(782) Pause Young (Allocation Failure) 38M->22M(61M) 0.684ms
[2.426s][info ][gc,cpu         ] GC(782) User=0.00s Sys=0.00s Real=0.00s
[2.428s][info ][gc,start       ] GC(783) Pause Young (Allocation Failure)
[2.428s][info ][gc,task        ] GC(783) Using 8 workers of 8 for evacuation
[2.428s][debug][gc,age         ] GC(783) Desired survivor size 1114112 bytes, new threshold 6 (max threshold 6)
[2.428s][info ][gc,heap        ] GC(783) ParNew: 18984K->789K(19648K)
[2.428s][info ][gc,heap        ] GC(783) CMS: 21116K->21507K(43712K)
[2.428s][info ][gc,metaspace   ] GC(783) Metaspace: 5319K->5319K(1056768K)
[2.428s][info ][gc             ] GC(783) Pause Young (Allocation Failure) 39M->21M(61M) 0.315ms
[2.428s][info ][gc,cpu         ] GC(783) User=0.00s Sys=0.00s Real=0.00s
[2.430s][info ][gc,start       ] GC(784) Pause Young (Allocation Failure)
[2.430s][info ][gc,task        ] GC(784) Using 8 workers of 8 for evacuation
[2.431s][debug][gc,age         ] GC(784) Desired survivor size 1114112 bytes, new threshold 6 (max threshold 6)
[2.431s][info ][gc,heap        ] GC(784) ParNew: 18055K->402K(19648K)
[2.431s][info ][gc,heap        ] GC(784) CMS: 21507K->21507K(43712K)
[2.431s][info ][gc,metaspace   ] GC(784) Metaspace: 5319K->5319K(1056768K)
[2.431s][info ][gc             ] GC(784) Pause Young (Allocation Failure) 38M->21M(61M) 1.144ms
[2.431s][info ][gc,cpu         ] GC(784) User=0.01s Sys=0.00s Real=0.00s
[2.434s][info ][gc,start       ] GC(785) Pause Young (Allocation Failure)
[2.434s][info ][gc,task        ] GC(785) Using 8 workers of 8 for evacuation
[2.435s][debug][gc,age         ] GC(785) Desired survivor size 1114112 bytes, new threshold 1 (max threshold 6)
[2.435s][info ][gc,heap        ] GC(785) ParNew: 17679K->1967K(19648K)
[2.435s][info ][gc,heap        ] GC(785) CMS: 21507K->21898K(43712K)
[2.435s][info ][gc,metaspace   ] GC(785) Metaspace: 5319K->5319K(1056768K)
[2.435s][info ][gc             ] GC(785) Pause Young (Allocation Failure) 38M->23M(61M) 1.293ms
[2.435s][info ][gc,cpu         ] GC(785) User=0.00s Sys=0.00s Real=0.01s
[2.436s][info ][gc,start       ] GC(786) Pause Young (Allocation Failure)
[2.437s][info ][gc,task        ] GC(786) Using 8 workers of 8 for evacuation
[2.437s][debug][gc,age         ] GC(786) Desired survivor size 1114112 bytes, new threshold 1 (max threshold 6)
[2.437s][info ][gc,heap        ] GC(786) ParNew: 19300K->1969K(19648K)
[2.437s][info ][gc,heap        ] GC(786) CMS: 21898K->22679K(43712K)
[2.437s][info ][gc,metaspace   ] GC(786) Metaspace: 5319K->5319K(1056768K)
[2.437s][info ][gc             ] GC(786) Pause Young (Allocation Failure) 40M->24M(61M) 0.480ms
[2.437s][info ][gc,cpu         ] GC(786) User=0.00s Sys=0.00s Real=0.00s
[2.438s][info ][gc,start       ] GC(787) Pause Young (Allocation Failure)
[2.439s][info ][gc,task        ] GC(787) Using 8 workers of 8 for evacuation
[2.440s][debug][gc,age         ] GC(787) Desired survivor size 1114112 bytes, new threshold 1 (max threshold 6)
[2.440s][info ][gc,heap        ] GC(787) ParNew: 19177K->1576K(19648K)
[2.440s][info ][gc,heap        ] GC(787) CMS: 22679K->23071K(43712K)
[2.440s][info ][gc,metaspace   ] GC(787) Metaspace: 5319K->5319K(1056768K)
[2.440s][info ][gc             ] GC(787) Pause Young (Allocation Failure) 40M->24M(61M) 1.329ms
[2.440s][info ][gc,cpu         ] GC(787) User=0.01s Sys=0.00s Real=0.00s
[2.441s][info ][gc,start       ] GC(788) Pause Young (Allocation Failure)
[2.441s][info ][gc,task        ] GC(788) Using 8 workers of 8 for evacuation
[2.442s][debug][gc,age         ] GC(788) Desired survivor size 1114112 bytes, new threshold 1 (max threshold 6)
[2.442s][info ][gc,heap        ] GC(788) ParNew: 19021K->1572K(19648K)
[2.442s][info ][gc,heap        ] GC(788) CMS: 23071K->23853K(43712K)
[2.442s][info ][gc,metaspace   ] GC(788) Metaspace: 5319K->5319K(1056768K)
[2.442s][info ][gc             ] GC(788) Pause Young (Allocation Failure) 41M->24M(61M) 0.536ms
[2.442s][info ][gc,cpu         ] GC(788) User=0.01s Sys=0.00s Real=0.00s
[2.443s][info ][gc,start       ] GC(789) Pause Young (Allocation Failure)
[2.443s][info ][gc,task        ] GC(789) Using 8 workers of 8 for evacuation
[2.443s][debug][gc,age         ] GC(789) Desired survivor size 1114112 bytes, new threshold 1 (max threshold 6)
[2.443s][info ][gc,heap        ] GC(789) ParNew: 18843K->1969K(19648K)
[2.443s][info ][gc,heap        ] GC(789) CMS: 23853K->23853K(43712K)
[2.443s][info ][gc,metaspace   ] GC(789) Metaspace: 5319K->5319K(1056768K)
[2.443s][info ][gc             ] GC(789) Pause Young (Allocation Failure) 41M->25M(61M) 0.408ms
[2.444s][info ][gc,cpu         ] GC(789) User=0.01s Sys=0.00s Real=0.00s
[2.445s][info ][gc,start       ] GC(790) Pause Young (Allocation Failure)
[2.445s][info ][gc,task        ] GC(790) Using 8 workers of 8 for evacuation
[2.445s][debug][gc,age         ] GC(790) Desired survivor size 1114112 bytes, new threshold 1 (max threshold 6)
[2.445s][info ][gc,heap        ] GC(790) ParNew: 19072K->1967K(19648K)
[2.445s][info ][gc,heap        ] GC(790) CMS: 23853K->24635K(43712K)
[2.445s][info ][gc,metaspace   ] GC(790) Metaspace: 5319K->5319K(1056768K)
[2.445s][info ][gc             ] GC(790) Pause Young (Allocation Failure) 41M->25M(61M) 0.549ms
[2.445s][info ][gc,cpu         ] GC(790) User=0.01s Sys=0.00s Real=0.00s
[2.447s][info ][gc,start       ] GC(791) Pause Young (Allocation Failure)
[2.447s][info ][gc,task        ] GC(791) Using 8 workers of 8 for evacuation
[2.448s][debug][gc,age         ] GC(791) Desired survivor size 1114112 bytes, new threshold 1 (max threshold 6)
[2.448s][info ][gc,heap        ] GC(791) ParNew: 19138K->1965K(19648K)
[2.448s][info ][gc,heap        ] GC(791) CMS: 24635K->25416K(43712K)
[2.448s][info ][gc,metaspace   ] GC(791) Metaspace: 5319K->5319K(1056768K)
[2.448s][info ][gc             ] GC(791) Pause Young (Allocation Failure) 42M->26M(61M) 1.335ms
[2.448s][info ][gc,cpu         ] GC(791) User=0.01s Sys=0.00s Real=0.00s
[2.450s][info ][gc,start       ] GC(792) Pause Young (Allocation Failure)
[2.450s][info ][gc,task        ] GC(792) Using 8 workers of 8 for evacuation
[2.451s][debug][gc,age         ] GC(792) Desired survivor size 1114112 bytes, new threshold 1 (max threshold 6)
[2.451s][info ][gc,heap        ] GC(792) ParNew: 19127K->1965K(19648K)
[2.451s][info ][gc,heap        ] GC(792) CMS: 25416K->26198K(43712K)
[2.451s][info ][gc,metaspace   ] GC(792) Metaspace: 5319K->5319K(1056768K)
[2.451s][info ][gc             ] GC(792) Pause Young (Allocation Failure) 43M->27M(61M) 1.466ms
[2.451s][info ][gc,cpu         ] GC(792) User=0.00s Sys=0.00s Real=0.00s
[2.453s][info ][gc,start       ] GC(793) Pause Young (Allocation Failure)
[2.453s][info ][gc,task        ] GC(793) Using 8 workers of 8 for evacuation
[2.453s][debug][gc,age         ] GC(793) Desired survivor size 1114112 bytes, new threshold 1 (max threshold 6)
[2.453s][info ][gc,heap        ] GC(793) ParNew: 19184K->1969K(19648K)
[2.453s][info ][gc,heap        ] GC(793) CMS: 26198K->26589K(43712K)
[2.453s][info ][gc,metaspace   ] GC(793) Metaspace: 5319K->5319K(1056768K)
[2.453s][info ][gc             ] GC(793) Pause Young (Allocation Failure) 44M->27M(61M) 0.414ms
[2.453s][info ][gc,cpu         ] GC(793) User=0.00s Sys=0.00s Real=0.00s
[2.455s][info ][gc,start       ] GC(794) Pause Young (Allocation Failure)
[2.455s][info ][gc,task        ] GC(794) Using 8 workers of 8 for evacuation
[2.456s][debug][gc,age         ] GC(794) Desired survivor size 1114112 bytes, new threshold 1 (max threshold 6)
[2.456s][info ][gc,heap        ] GC(794) ParNew: 19363K->1574K(19648K)
[2.456s][info ][gc,heap        ] GC(794) CMS: 26589K->27762K(43712K)
[2.456s][info ][gc,metaspace   ] GC(794) Metaspace: 5319K->5319K(1056768K)
[2.456s][info ][gc             ] GC(794) Pause Young (Allocation Failure) 44M->28M(61M) 0.988ms
[2.456s][info ][gc,cpu         ] GC(794) User=0.01s Sys=0.00s Real=0.00s
[2.458s][info ][gc,start       ] GC(795) Pause Young (Allocation Failure)
[2.458s][info ][gc,task        ] GC(795) Using 8 workers of 8 for evacuation
[2.459s][debug][gc,age         ] GC(795) Desired survivor size 1114112 bytes, new threshold 1 (max threshold 6)
[2.459s][info ][gc,heap        ] GC(795) ParNew: 18753K->1961K(19648K)
[2.459s][info ][gc,heap        ] GC(795) CMS: 27762K->27762K(43712K)
[2.459s][info ][gc,metaspace   ] GC(795) Metaspace: 5319K->5319K(1056768K)
[2.459s][info ][gc             ] GC(795) Pause Young (Allocation Failure) 45M->29M(61M) 1.067ms
[2.459s][info ][gc,cpu         ] GC(795) User=0.00s Sys=0.00s Real=0.00s
[2.460s][info ][gc,start       ] GC(796) Pause Young (Allocation Failure)
[2.460s][info ][gc,task        ] GC(796) Using 8 workers of 8 for evacuation
[2.461s][debug][gc,age         ] GC(796) Desired survivor size 1114112 bytes, new threshold 1 (max threshold 6)
[2.461s][info ][gc,heap        ] GC(796) ParNew: 19349K->1186K(19648K)
[2.461s][info ][gc,heap        ] GC(796) CMS: 27762K->28935K(43712K)
[2.461s][info ][gc,metaspace   ] GC(796) Metaspace: 5319K->5319K(1056768K)
[2.461s][info ][gc             ] GC(796) Pause Young (Allocation Failure) 46M->29M(61M) 0.480ms
[2.461s][info ][gc,cpu         ] GC(796) User=0.00s Sys=0.00s Real=0.00s
[2.463s][info ][gc,start       ] GC(797) Pause Young (Allocation Failure)
[2.463s][info ][gc,task        ] GC(797) Using 8 workers of 8 for evacuation
[2.464s][debug][gc,age         ] GC(797) Desired survivor size 1114112 bytes, new threshold 1 (max threshold 6)
[2.464s][info ][gc,heap        ] GC(797) ParNew: 18644K->1574K(19648K)
[2.464s][info ][gc,heap        ] GC(797) CMS: 28935K->29717K(43712K)
[2.464s][info ][gc,metaspace   ] GC(797) Metaspace: 5319K->5319K(1056768K)
[2.464s][info ][gc             ] GC(797) Pause Young (Allocation Failure) 46M->30M(61M) 1.299ms
[2.464s][info ][gc,cpu         ] GC(797) User=0.00s Sys=0.00s Real=0.01s
[2.466s][info ][gc,start       ] GC(798) Pause Young (Allocation Failure)
[2.466s][info ][gc,task        ] GC(798) Using 8 workers of 8 for evacuation
[2.468s][debug][gc,age         ] GC(798) Desired survivor size 1114112 bytes, new threshold 1 (max threshold 6)
[2.468s][info ][gc,heap        ] GC(798) ParNew: 18822K->1969K(19648K)
[2.468s][info ][gc,heap        ] GC(798) CMS: 29717K->30499K(43712K)
[2.468s][info ][gc,metaspace   ] GC(798) Metaspace: 5319K->5319K(1056768K)
[2.468s][info ][gc             ] GC(798) Pause Young (Allocation Failure) 47M->31M(61M) 1.314ms
[2.468s][info ][gc,cpu         ] GC(798) User=0.01s Sys=0.00s Real=0.00s
[2.469s][info ][gc,start       ] GC(799) Pause Young (Allocation Failure)
[2.469s][info ][gc,task        ] GC(799) Using 8 workers of 8 for evacuation
[2.470s][debug][gc,age         ] GC(799) Desired survivor size 1114112 bytes, new threshold 1 (max threshold 6)
[2.470s][info ][gc,heap        ] GC(799) ParNew: 19234K->1578K(19648K)
[2.470s][info ][gc,heap        ] GC(799) CMS: 30499K->30499K(43712K)
[2.470s][info ][gc,metaspace   ] GC(799) Metaspace: 5319K->5319K(1056768K)
[2.470s][info ][gc             ] GC(799) Pause Young (Allocation Failure) 48M->31M(61M) 0.391ms
[2.470s][info ][gc,cpu         ] GC(799) User=0.00s Sys=0.00s Real=0.00s
[2.471s][info ][gc,start       ] GC(800) Pause Young (Allocation Failure)
[2.472s][info ][gc,task        ] GC(800) Using 8 workers of 8 for evacuation
[2.472s][debug][gc,age         ] GC(800) Desired survivor size 1114112 bytes, new threshold 1 (max threshold 6)
[2.472s][info ][gc,heap        ] GC(800) ParNew: 18763K->1969K(19648K)
[2.472s][info ][gc,heap        ] GC(800) CMS: 30499K->30890K(43712K)
[2.472s][info ][gc,metaspace   ] GC(800) Metaspace: 5319K->5319K(1056768K)
[2.472s][info ][gc             ] GC(800) Pause Young (Allocation Failure) 48M->32M(61M) 0.448ms
[2.472s][info ][gc,cpu         ] GC(800) User=0.01s Sys=0.00s Real=0.00s
[2.473s][info ][gc,start       ] GC(801) Pause Young (Allocation Failure)
[2.473s][info ][gc,task        ] GC(801) Using 8 workers of 8 for evacuation
[2.474s][debug][gc,age         ] GC(801) Desired survivor size 1114112 bytes, new threshold 1 (max threshold 6)
[2.474s][info ][gc,heap        ] GC(801) ParNew: 19174K->1969K(19648K)
[2.474s][info ][gc,heap        ] GC(801) CMS: 30890K->32062K(43712K)
[2.474s][info ][gc,metaspace   ] GC(801) Metaspace: 5319K->5319K(1056768K)
[2.474s][info ][gc             ] GC(801) Pause Young (Allocation Failure) 48M->33M(61M) 0.557ms
[2.474s][info ][gc,cpu         ] GC(801) User=0.01s Sys=0.00s Real=0.01s
[2.475s][info ][gc,start       ] GC(802) Pause Young (Allocation Failure)
[2.475s][info ][gc,task        ] GC(802) Using 8 workers of 8 for evacuation
[2.476s][debug][gc,age         ] GC(802) Desired survivor size 1114112 bytes, new threshold 1 (max threshold 6)
[2.476s][info ][gc,heap        ] GC(802) ParNew: 19441K->1184K(19648K)
[2.476s][info ][gc,heap        ] GC(802) CMS: 32062K->32844K(43712K)
[2.476s][info ][gc,metaspace   ] GC(802) Metaspace: 5319K->5319K(1056768K)
[2.476s][info ][gc             ] GC(802) Pause Young (Allocation Failure) 50M->33M(61M) 0.550ms
[2.476s][info ][gc,cpu         ] GC(802) User=0.00s Sys=0.00s Real=0.00s
[2.477s][info ][gc,start       ] GC(803) Pause Young (Allocation Failure)
[2.477s][info ][gc,task        ] GC(803) Using 8 workers of 8 for evacuation
[2.478s][debug][gc,age         ] GC(803) Desired survivor size 1114112 bytes, new threshold 1 (max threshold 6)
[2.478s][info ][gc,heap        ] GC(803) ParNew: 18387K->1969K(19648K)
[2.478s][info ][gc,heap        ] GC(803) CMS: 32844K->33235K(43712K)
[2.478s][info ][gc,metaspace   ] GC(803) Metaspace: 5319K->5319K(1056768K)
[2.478s][info ][gc             ] GC(803) Pause Young (Allocation Failure) 50M->34M(61M) 0.454ms
[2.478s][info ][gc,cpu         ] GC(803) User=0.01s Sys=0.00s Real=0.00s
[2.479s][info ][gc,start       ] GC(804) Pause Young (Allocation Failure)
[2.479s][info ][gc,task        ] GC(804) Using 8 workers of 8 for evacuation
[2.481s][debug][gc,age         ] GC(804) Desired survivor size 1114112 bytes, new threshold 1 (max threshold 6)
[2.481s][info ][gc,heap        ] GC(804) ParNew: 19430K->1967K(19648K)
[2.481s][info ][gc,heap        ] GC(804) CMS: 33235K->34017K(43712K)
[2.481s][info ][gc,metaspace   ] GC(804) Metaspace: 5319K->5319K(1056768K)
[2.481s][info ][gc             ] GC(804) Pause Young (Allocation Failure) 51M->35M(61M) 1.265ms
[2.481s][info ][gc,cpu         ] GC(804) User=0.01s Sys=0.00s Real=0.00s
[2.482s][info ][gc,start       ] GC(805) Pause Young (Allocation Failure)
[2.482s][info ][gc,task        ] GC(805) Using 8 workers of 8 for evacuation
[2.483s][debug][gc,age         ] GC(805) Desired survivor size 1114112 bytes, new threshold 1 (max threshold 6)
[2.483s][info ][gc,heap        ] GC(805) ParNew: 19073K->1574K(19648K)
[2.483s][info ][gc,heap        ] GC(805) CMS: 34017K->34799K(43712K)
[2.483s][info ][gc,metaspace   ] GC(805) Metaspace: 5319K->5319K(1056768K)
[2.483s][info ][gc             ] GC(805) Pause Young (Allocation Failure) 51M->35M(61M) 1.347ms
[2.483s][info ][gc,cpu         ] GC(805) User=0.00s Sys=0.00s Real=0.00s
[2.485s][info ][gc,start       ] GC(806) Pause Young (Allocation Failure)
[2.485s][info ][gc,task        ] GC(806) Using 8 workers of 8 for evacuation
[2.486s][debug][gc,age         ] GC(806) Desired survivor size 1114112 bytes, new threshold 1 (max threshold 6)
[2.486s][info ][gc,heap        ] GC(806) ParNew: 19020K->1965K(19648K)
[2.486s][info ][gc,heap        ] GC(806) CMS: 34799K->35581K(43712K)
[2.486s][info ][gc,metaspace   ] GC(806) Metaspace: 5319K->5319K(1056768K)
[2.486s][info ][gc             ] GC(806) Pause Young (Allocation Failure) 52M->36M(61M) 1.397ms
[2.486s][info ][gc,cpu         ] GC(806) User=0.01s Sys=0.00s Real=0.00s
[2.488s][info ][gc,start       ] GC(807) Pause Young (Allocation Failure)
[2.488s][info ][gc,task        ] GC(807) Using 8 workers of 8 for evacuation
[2.490s][debug][gc,age         ] GC(807) Desired survivor size 1114112 bytes, new threshold 1 (max threshold 6)
[2.490s][info ][gc,heap        ] GC(807) ParNew: 19211K->1957K(19648K)
[2.490s][info ][gc,heap        ] GC(807) CMS: 35581K->35972K(43712K)
[2.490s][info ][gc,metaspace   ] GC(807) Metaspace: 5319K->5319K(1056768K)
[2.490s][info ][gc             ] GC(807) Pause Young (Allocation Failure) 53M->37M(61M) 1.977ms
[2.490s][info ][gc,cpu         ] GC(807) User=0.00s Sys=0.00s Real=0.00s
[2.492s][info ][gc,start       ] GC(808) Pause Young (Allocation Failure)
[2.492s][info ][gc,task        ] GC(808) Using 8 workers of 8 for evacuation
[2.493s][debug][gc,age         ] GC(808) Desired survivor size 1114112 bytes, new threshold 1 (max threshold 6)
[2.493s][info ][gc,heap        ] GC(808) ParNew: 19165K->1572K(19648K)
[2.493s][info ][gc,heap        ] GC(808) CMS: 35972K->35973K(43712K)
[2.493s][info ][gc,metaspace   ] GC(808) Metaspace: 5319K->5319K(1056768K)
[2.493s][info ][gc             ] GC(808) Pause Young (Allocation Failure) 53M->36M(61M) 1.121ms
[2.493s][info ][gc,cpu         ] GC(808) User=0.00s Sys=0.00s Real=0.00s
[2.494s][info ][gc,start       ] GC(809) Pause Young (Allocation Failure)
[2.494s][info ][gc,task        ] GC(809) Using 8 workers of 8 for evacuation
[2.495s][debug][gc,age         ] GC(809) Desired survivor size 1114112 bytes, new threshold 1 (max threshold 6)
[2.495s][info ][gc,heap        ] GC(809) ParNew: 19044K->1570K(19648K)
[2.495s][info ][gc,heap        ] GC(809) CMS: 35973K->37145K(43712K)
[2.495s][info ][gc,metaspace   ] GC(809) Metaspace: 5319K->5319K(1056768K)
[2.495s][info ][gc             ] GC(809) Pause Young (Allocation Failure) 53M->37M(61M) 1.269ms
[2.495s][info ][gc,cpu         ] GC(809) User=0.01s Sys=0.00s Real=0.00s
[2.496s][info ][gc,start       ] GC(810) Pause Initial Mark
[2.496s][info ][gc             ] GC(810) Pause Initial Mark 39M->39M(61M) 0.101ms
[2.496s][info ][gc,cpu         ] GC(810) User=0.00s Sys=0.00s Real=0.00s
[2.496s][info ][gc             ] GC(810) Concurrent Mark
[2.496s][info ][gc,task        ] GC(810) Using 2 workers of 2 for marking
[2.498s][info ][gc,start       ] GC(811) Pause Young (Allocation Failure)
[2.498s][info ][gc,task        ] GC(811) Using 8 workers of 8 for evacuation
[2.499s][debug][gc,age         ] GC(811) Desired survivor size 1114112 bytes, new threshold 1 (max threshold 6)
[2.499s][info ][gc,heap        ] GC(811) ParNew: 18770K->1566K(19648K)
[2.499s][info ][gc,heap        ] GC(811) CMS: 37145K->37145K(43712K)
[2.499s][info ][gc,metaspace   ] GC(811) Metaspace: 5319K->5319K(1056768K)
[2.499s][info ][gc             ] GC(811) Pause Young (Allocation Failure) 54M->37M(61M) 1.243ms
[2.499s][info ][gc,cpu         ] GC(811) User=0.00s Sys=0.00s Real=0.00s
[2.499s][info ][gc             ] GC(810) Concurrent Mark 3.278ms
[2.499s][info ][gc,cpu         ] GC(810) User=0.01s Sys=0.00s Real=0.00s
[2.499s][info ][gc             ] GC(810) Concurrent Preclean
[2.499s][info ][gc             ] GC(810) Concurrent Preclean 0.112ms
[2.499s][info ][gc,cpu         ] GC(810) User=0.00s Sys=0.00s Real=0.00s
[2.499s][info ][gc             ] GC(810) Concurrent Abortable Preclean
[2.500s][info ][gc,start       ] GC(812) Pause Young (Allocation Failure)
[2.500s][info ][gc,task        ] GC(812) Using 8 workers of 8 for evacuation
[2.501s][debug][gc,age         ] GC(812) Desired survivor size 1114112 bytes, new threshold 1 (max threshold 6)
[2.501s][info ][gc,heap        ] GC(812) ParNew: 18946K->1963K(19648K)
[2.501s][info ][gc,heap        ] GC(812) CMS: 37145K->37537K(43712K)
[2.501s][info ][gc,metaspace   ] GC(812) Metaspace: 5319K->5319K(1056768K)
[2.501s][info ][gc             ] GC(812) Pause Young (Allocation Failure) 54M->38M(61M) 0.720ms
[2.501s][info ][gc,cpu         ] GC(812) User=0.00s Sys=0.00s Real=0.00s
[2.502s][info ][gc,start       ] GC(813) Pause Young (Allocation Failure)
[2.502s][info ][gc,task        ] GC(813) Using 8 workers of 8 for evacuation
[2.504s][debug][gc,age         ] GC(813) Desired survivor size 1114112 bytes, new threshold 1 (max threshold 6)
[2.504s][info ][gc,heap        ] GC(813) ParNew: 19074K->1965K(19648K)
[2.504s][info ][gc,heap        ] GC(813) CMS: 37537K->38709K(43712K)
[2.504s][info ][gc,metaspace   ] GC(813) Metaspace: 5319K->5319K(1056768K)
[2.504s][info ][gc             ] GC(813) Pause Young (Allocation Failure) 55M->39M(61M) 1.366ms
[2.504s][info ][gc,cpu         ] GC(813) User=0.00s Sys=0.00s Real=0.00s
[2.505s][info ][gc,start       ] GC(814) Pause Young (Allocation Failure)
[2.505s][info ][gc,task        ] GC(814) Using 8 workers of 8 for evacuation
[2.506s][debug][gc,age         ] GC(814) Desired survivor size 1114112 bytes, new threshold 1 (max threshold 6)
[2.506s][info ][gc,heap        ] GC(814) ParNew: 19299K->1177K(19648K)
[2.506s][info ][gc,heap        ] GC(814) CMS: 38709K->39492K(43712K)
[2.506s][info ][gc,metaspace   ] GC(814) Metaspace: 5319K->5319K(1056768K)
[2.507s][info ][gc             ] GC(814) Pause Young (Allocation Failure) 56M->39M(61M) 1.282ms
[2.507s][info ][gc,cpu         ] GC(814) User=0.00s Sys=0.00s Real=0.00s
[2.508s][info ][gc,start       ] GC(815) Pause Young (Allocation Failure)
[2.508s][info ][gc,task        ] GC(815) Using 8 workers of 8 for evacuation
[2.509s][debug][gc,age         ] GC(815) Desired survivor size 1114112 bytes, new threshold 6 (max threshold 6)
[2.509s][info ][gc,heap        ] GC(815) ParNew: 18310K->400K(19648K)
[2.509s][info ][gc,heap        ] GC(815) CMS: 39492K->39492K(43712K)
[2.509s][info ][gc,metaspace   ] GC(815) Metaspace: 5319K->5319K(1056768K)
[2.509s][info ][gc             ] GC(815) Pause Young (Allocation Failure) 56M->38M(61M) 1.001ms
[2.509s][info ][gc,cpu         ] GC(815) User=0.00s Sys=0.00s Real=0.00s
[2.510s][info ][gc,start       ] GC(816) Pause Young (Allocation Failure)
[2.510s][info ][gc,task        ] GC(816) Using 8 workers of 8 for evacuation
[2.511s][debug][gc,age         ] GC(816) Desired survivor size 1114112 bytes, new threshold 6 (max threshold 6)
[2.511s][info ][gc,heap        ] GC(816) ParNew: 17792K->787K(19648K)
[2.511s][info ][gc,heap        ] GC(816) CMS: 39492K->39492K(43712K)
[2.511s][info ][gc,metaspace   ] GC(816) Metaspace: 5319K->5319K(1056768K)
[2.511s][info ][gc             ] GC(816) Pause Young (Allocation Failure) 55M->39M(61M) 1.208ms
[2.511s][info ][gc,cpu         ] GC(816) User=0.00s Sys=0.00s Real=0.00s
[2.513s][info ][gc,start       ] GC(817) Pause Young (Allocation Failure)
[2.513s][info ][gc,task        ] GC(817) Using 8 workers of 8 for evacuation
[2.515s][debug][gc,age         ] GC(817) Desired survivor size 1114112 bytes, new threshold 1 (max threshold 6)
[2.515s][info ][gc,heap        ] GC(817) ParNew: 18252K->1957K(19648K)
[2.515s][info ][gc,heap        ] GC(817) CMS: 39492K->39492K(43712K)
[2.515s][info ][gc,metaspace   ] GC(817) Metaspace: 5319K->5319K(1056768K)
[2.515s][info ][gc             ] GC(817) Pause Young (Allocation Failure) 56M->40M(61M) 1.997ms
[2.515s][info ][gc,cpu         ] GC(817) User=0.01s Sys=0.00s Real=0.01s
[2.517s][info ][gc,start       ] GC(818) Pause Young (Allocation Failure)
[2.517s][info ][gc,task        ] GC(818) Using 8 workers of 8 for evacuation
[2.519s][debug][gc,age         ] GC(818) Desired survivor size 1114112 bytes, new threshold 1 (max threshold 6)
[2.519s][info ][gc,heap        ] GC(818) ParNew: 19160K->1566K(19648K)
[2.519s][info ][gc,heap        ] GC(818) CMS: 39492K->40274K(43712K)
[2.519s][info ][gc,metaspace   ] GC(818) Metaspace: 5319K->5319K(1056768K)
[2.519s][info ][gc             ] GC(818) Pause Young (Allocation Failure) 57M->40M(61M) 2.069ms
[2.519s][info ][gc,cpu         ] GC(818) User=0.01s Sys=0.00s Real=0.00s
[2.520s][info ][gc,start       ] GC(819) Pause Young (Allocation Failure)
[2.520s][info ][gc,task        ] GC(819) Using 8 workers of 8 for evacuation
[2.522s][debug][gc,age         ] GC(819) Desired survivor size 1114112 bytes, new threshold 1 (max threshold 6)
[2.522s][info ][gc,heap        ] GC(819) ParNew: 18795K->1957K(19648K)
[2.522s][info ][gc,heap        ] GC(819) CMS: 40274K->41446K(43712K)
[2.522s][info ][gc,metaspace   ] GC(819) Metaspace: 5319K->5319K(1056768K)
[2.522s][info ][gc             ] GC(819) Pause Young (Allocation Failure) 57M->42M(61M) 1.415ms
[2.522s][info ][gc,cpu         ] GC(819) User=0.00s Sys=0.00s Real=0.00s
[2.523s][info ][gc,start       ] GC(820) Pause Young (Allocation Failure)
[2.523s][info ][gc,task        ] GC(820) Using 8 workers of 8 for evacuation
[2.525s][debug][gc,age         ] GC(820) Desired survivor size 1114112 bytes, new threshold 1 (max threshold 6)
[2.525s][info ][gc,heap        ] GC(820) ParNew: 19154K->1570K(19648K)
[2.525s][info ][gc,heap        ] GC(820) CMS: 41446K->42228K(43712K)
[2.525s][info ][gc,metaspace   ] GC(820) Metaspace: 5319K->5319K(1056768K)
[2.525s][info ][gc             ] GC(820) Pause Young (Allocation Failure) 59M->42M(61M) 1.888ms
[2.525s][info ][gc,cpu         ] GC(820) User=0.01s Sys=0.00s Real=0.01s
[2.526s][info ][gc,start       ] GC(821) Pause Young (Allocation Failure)
[2.526s][info ][gc,task        ] GC(821) Using 8 workers of 8 for evacuation
[2.528s][debug][gc,age         ] GC(821) Desired survivor size 1114112 bytes, new threshold 1 (max threshold 6)
[2.528s][info ][gc,heap        ] GC(821) ParNew: 18880K->1961K(19648K)
[2.528s][info ][gc,heap        ] GC(821) CMS: 42228K->42228K(43712K)
[2.528s][info ][gc,metaspace   ] GC(821) Metaspace: 5319K->5319K(1056768K)
[2.528s][info ][gc             ] GC(821) Pause Young (Allocation Failure) 59M->43M(61M) 1.349ms
[2.528s][info ][gc,cpu         ] GC(821) User=0.00s Sys=0.00s Real=0.00s
[2.529s][info ][gc,start       ] GC(822) Pause Young (Allocation Failure)
[2.529s][info ][gc,task        ] GC(822) Using 8 workers of 8 for evacuation
[2.531s][debug][gc,age         ] GC(822) Desired survivor size 1114112 bytes, new threshold 1 (max threshold 6)
[2.531s][info ][gc,heap        ] GC(822) ParNew: 19431K->1177K(19648K)
[2.531s][info ][gc,heap        ] GC(822) CMS: 42228K->42620K(43712K)
[2.531s][info ][gc,metaspace   ] GC(822) Metaspace: 5319K->5319K(1056768K)
[2.531s][info ][gc             ] GC(822) Pause Young (Allocation Failure) 60M->42M(61M) 1.948ms
[2.531s][info ][gc,cpu         ] GC(822) User=0.01s Sys=0.00s Real=0.00s
[2.533s][info ][gc,start       ] GC(823) Pause Young (Allocation Failure)
[2.533s][info ][gc,task        ] GC(823) Using 8 workers of 8 for evacuation
[2.534s][debug][gc,age         ] GC(823) Desired survivor size 1114112 bytes, new threshold 1 (max threshold 6)
[2.534s][info ][gc,heap        ] GC(823) ParNew: 18449K->1959K(19648K)
[2.534s][info ][gc,heap        ] GC(823) CMS: 42620K->43402K(43712K)
[2.534s][info ][gc,metaspace   ] GC(823) Metaspace: 5319K->5319K(1056768K)
[2.534s][info ][gc             ] GC(823) Pause Young (Allocation Failure) 59M->44M(61M) 1.204ms
[2.534s][info ][gc,cpu         ] GC(823) User=0.01s Sys=0.00s Real=0.01s
[2.534s][info ][gc             ] GC(810) Concurrent Abortable Preclean 34.521ms
[2.534s][info ][gc,cpu         ] GC(810) User=0.15s Sys=0.00s Real=0.04s
[2.534s][info ][gc,start       ] GC(810) Pause Remark
[2.535s][debug][gc,phases      ] GC(810) Rescan (parallel) 0.692ms
[2.535s][debug][gc,phases      ] GC(810) Reference Processing 0.012ms
[2.535s][debug][gc,phases      ] GC(810) Weak Processing 0.004ms
[2.535s][debug][gc,phases      ] GC(810) ClassLoaderData 0.009ms
[2.535s][debug][gc,phases      ] GC(810) ProtectionDomainCacheTable 0.002ms
[2.535s][debug][gc,phases      ] GC(810) ResolvedMethodTable 0.006ms
[2.535s][debug][gc,phases      ] GC(810) Class Unloading 0.152ms
[2.535s][debug][gc,phases      ] GC(810) Scrub Symbol Table 0.432ms
[2.535s][debug][gc,phases      ] GC(810) Scrub String Table 0.024ms
[2.535s][info ][gc             ] GC(810) Pause Remark 46M->46M(61M) 1.434ms
[2.536s][info ][gc,cpu         ] GC(810) User=0.00s Sys=0.00s Real=0.00s
[2.536s][info ][gc             ] GC(810) Concurrent Sweep
[2.536s][info ][gc             ] GC(810) Concurrent Sweep 0.507ms
[2.536s][info ][gc,cpu         ] GC(810) User=0.00s Sys=0.00s Real=0.00s
[2.536s][info ][gc             ] GC(810) Concurrent Reset
[2.536s][info ][gc             ] GC(810) Concurrent Reset 0.037ms
[2.536s][info ][gc,cpu         ] GC(810) User=0.00s Sys=0.00s Real=0.00s
[2.536s][info ][gc,heap        ] GC(810) Old: 37145K->8211K(43712K)
[2.537s][info ][gc,start       ] GC(824) Pause Young (Allocation Failure)
[2.537s][info ][gc,task        ] GC(824) Using 8 workers of 8 for evacuation
[2.537s][debug][gc,age         ] GC(824) Desired survivor size 1114112 bytes, new threshold 1 (max threshold 6)
[2.537s][info ][gc,heap        ] GC(824) ParNew: 19183K->1969K(19648K)
[2.537s][info ][gc,heap        ] GC(824) CMS: 8211K->8603K(43712K)
[2.537s][info ][gc,metaspace   ] GC(824) Metaspace: 5319K->5319K(1056768K)
[2.537s][info ][gc             ] GC(824) Pause Young (Allocation Failure) 26M->10M(61M) 0.470ms
[2.537s][info ][gc,cpu         ] GC(824) User=0.00s Sys=0.00s Real=0.00s
[2.539s][info ][gc,start       ] GC(825) Pause Young (Allocation Failure)
[2.539s][info ][gc,task        ] GC(825) Using 8 workers of 8 for evacuation
[2.540s][debug][gc,age         ] GC(825) Desired survivor size 1114112 bytes, new threshold 6 (max threshold 6)
[2.540s][info ][gc,heap        ] GC(825) ParNew: 19360K->787K(19648K)
[2.540s][info ][gc,heap        ] GC(825) CMS: 8603K->8994K(43712K)
[2.540s][info ][gc,metaspace   ] GC(825) Metaspace: 5319K->5319K(1056768K)
[2.540s][info ][gc             ] GC(825) Pause Young (Allocation Failure) 27M->9M(61M) 1.180ms
[2.540s][info ][gc,cpu         ] GC(825) User=0.00s Sys=0.00s Real=0.00s
[2.541s][info ][gc,start       ] GC(826) Pause Young (Allocation Failure)
[2.541s][info ][gc,task        ] GC(826) Using 8 workers of 8 for evacuation
[2.543s][debug][gc,age         ] GC(826) Desired survivor size 1114112 bytes, new threshold 1 (max threshold 6)
[2.543s][info ][gc,heap        ] GC(826) ParNew: 18198K->1182K(19648K)
[2.543s][info ][gc,heap        ] GC(826) CMS: 8994K->8994K(43712K)
[2.543s][info ][gc,metaspace   ] GC(826) Metaspace: 5319K->5319K(1056768K)
[2.543s][info ][gc             ] GC(826) Pause Young (Allocation Failure) 26M->9M(61M) 1.355ms
[2.543s][info ][gc,cpu         ] GC(826) User=0.00s Sys=0.00s Real=0.00s
[2.544s][info ][gc,start       ] GC(827) Pause Young (Allocation Failure)
[2.544s][info ][gc,task        ] GC(827) Using 8 workers of 8 for evacuation
[2.545s][debug][gc,age         ] GC(827) Desired survivor size 1114112 bytes, new threshold 1 (max threshold 6)
[2.546s][info ][gc,heap        ] GC(827) ParNew: 18629K->1965K(19648K)
[2.546s][info ][gc,heap        ] GC(827) CMS: 8994K->9386K(43712K)
[2.546s][info ][gc,metaspace   ] GC(827) Metaspace: 5319K->5319K(1056768K)
[2.546s][info ][gc             ] GC(827) Pause Young (Allocation Failure) 26M->11M(61M) 1.272ms
[2.546s][info ][gc,cpu         ] GC(827) User=0.01s Sys=0.00s Real=0.00s
[2.547s][info ][gc,start       ] GC(828) Pause Young (Allocation Failure)
[2.547s][info ][gc,task        ] GC(828) Using 8 workers of 8 for evacuation
[2.549s][debug][gc,age         ] GC(828) Desired survivor size 1114112 bytes, new threshold 6 (max threshold 6)
[2.549s][info ][gc,heap        ] GC(828) ParNew: 19330K->396K(19648K)
[2.549s][info ][gc,heap        ] GC(828) CMS: 9386K->10168K(43712K)
[2.549s][info ][gc,metaspace   ] GC(828) Metaspace: 5319K->5319K(1056768K)
[2.549s][info ][gc             ] GC(828) Pause Young (Allocation Failure) 28M->10M(61M) 1.299ms
[2.549s][info ][gc,cpu         ] GC(828) User=0.01s Sys=0.00s Real=0.00s
[2.551s][info ][gc,start       ] GC(829) Pause Young (Allocation Failure)
[2.551s][info ][gc,task        ] GC(829) Using 8 workers of 8 for evacuation
[2.552s][debug][gc,age         ] GC(829) Desired survivor size 1114112 bytes, new threshold 6 (max threshold 6)
[2.552s][info ][gc,heap        ] GC(829) ParNew: 17819K->789K(19648K)
[2.552s][info ][gc,heap        ] GC(829) CMS: 10168K->10168K(43712K)
[2.552s][info ][gc,metaspace   ] GC(829) Metaspace: 5319K->5319K(1056768K)
[2.552s][info ][gc             ] GC(829) Pause Young (Allocation Failure) 27M->10M(61M) 1.198ms
[2.552s][info ][gc,cpu         ] GC(829) User=0.01s Sys=0.00s Real=0.00s
[2.553s][info ][gc,start       ] GC(830) Pause Young (Allocation Failure)
[2.554s][info ][gc,task        ] GC(830) Using 8 workers of 8 for evacuation
[2.555s][debug][gc,age         ] GC(830) Desired survivor size 1114112 bytes, new threshold 1 (max threshold 6)
[2.555s][info ][gc,heap        ] GC(830) ParNew: 17953K->1957K(19648K)
[2.555s][info ][gc,heap        ] GC(830) CMS: 10168K->10558K(43712K)
[2.555s][info ][gc,metaspace   ] GC(830) Metaspace: 5319K->5319K(1056768K)
[2.555s][info ][gc             ] GC(830) Pause Young (Allocation Failure) 27M->12M(61M) 1.356ms
[2.555s][info ][gc,cpu         ] GC(830) User=0.01s Sys=0.00s Real=0.01s
[2.556s][info ][gc,start       ] GC(831) Pause Young (Allocation Failure)
[2.556s][info ][gc,task        ] GC(831) Using 8 workers of 8 for evacuation
[2.557s][debug][gc,age         ] GC(831) Desired survivor size 1114112 bytes, new threshold 1 (max threshold 6)
[2.558s][info ][gc,heap        ] GC(831) ParNew: 19375K->1181K(19648K)
[2.558s][info ][gc,heap        ] GC(831) CMS: 10558K->11732K(43712K)
[2.558s][info ][gc,metaspace   ] GC(831) Metaspace: 5319K->5319K(1056768K)
[2.558s][info ][gc             ] GC(831) Pause Young (Allocation Failure) 29M->12M(61M) 1.149ms
[2.558s][info ][gc,cpu         ] GC(831) User=0.01s Sys=0.00s Real=0.00s
[2.559s][info ][gc,start       ] GC(832) Pause Young (Allocation Failure)
[2.559s][info ][gc,task        ] GC(832) Using 8 workers of 8 for evacuation
[2.560s][debug][gc,age         ] GC(832) Desired survivor size 1114112 bytes, new threshold 1 (max threshold 6)
[2.560s][info ][gc,heap        ] GC(832) ParNew: 18653K->1181K(19648K)
[2.560s][info ][gc,heap        ] GC(832) CMS: 11732K->12123K(43712K)
[2.560s][info ][gc,metaspace   ] GC(832) Metaspace: 5319K->5319K(1056768K)
[2.560s][info ][gc             ] GC(832) Pause Young (Allocation Failure) 29M->12M(61M) 1.192ms
[2.560s][info ][gc,cpu         ] GC(832) User=0.00s Sys=0.00s Real=0.00s
[2.562s][info ][gc,start       ] GC(833) Pause Young (Allocation Failure)
[2.562s][info ][gc,task        ] GC(833) Using 8 workers of 8 for evacuation
[2.563s][debug][gc,age         ] GC(833) Desired survivor size 1114112 bytes, new threshold 1 (max threshold 6)
[2.563s][info ][gc,heap        ] GC(833) ParNew: 18361K->1568K(19648K)
[2.563s][info ][gc,heap        ] GC(833) CMS: 12123K->12514K(43712K)
[2.563s][info ][gc,metaspace   ] GC(833) Metaspace: 5319K->5319K(1056768K)
[2.563s][info ][gc             ] GC(833) Pause Young (Allocation Failure) 29M->13M(61M) 1.353ms
[2.563s][info ][gc,cpu         ] GC(833) User=0.00s Sys=0.00s Real=0.00s
[2.565s][info ][gc,start       ] GC(834) Pause Young (Allocation Failure)
[2.565s][info ][gc,task        ] GC(834) Using 8 workers of 8 for evacuation
[2.566s][debug][gc,age         ] GC(834) Desired survivor size 1114112 bytes, new threshold 6 (max threshold 6)
[2.566s][info ][gc,heap        ] GC(834) ParNew: 19040K->787K(19648K)
[2.566s][info ][gc,heap        ] GC(834) CMS: 12514K->12905K(43712K)
[2.566s][info ][gc,metaspace   ] GC(834) Metaspace: 5319K->5319K(1056768K)
[2.566s][info ][gc             ] GC(834) Pause Young (Allocation Failure) 30M->13M(61M) 1.067ms
[2.566s][info ][gc,cpu         ] GC(834) User=0.00s Sys=0.00s Real=0.00s
[2.567s][info ][gc,start       ] GC(835) Pause Young (Allocation Failure)
[2.567s][info ][gc,task        ] GC(835) Using 8 workers of 8 for evacuation
[2.568s][debug][gc,age         ] GC(835) Desired survivor size 1114112 bytes, new threshold 6 (max threshold 6)
[2.568s][info ][gc,heap        ] GC(835) ParNew: 17945K->402K(19648K)
[2.568s][info ][gc,heap        ] GC(835) CMS: 12905K->12905K(43712K)
[2.568s][info ][gc,metaspace   ] GC(835) Metaspace: 5319K->5319K(1056768K)
[2.568s][info ][gc             ] GC(835) Pause Young (Allocation Failure) 30M->12M(61M) 1.014ms
[2.568s][info ][gc,cpu         ] GC(835) User=0.00s Sys=0.00s Real=0.00s
[2.569s][info ][gc,start       ] GC(836) Pause Young (Allocation Failure)
[2.569s][info ][gc,task        ] GC(836) Using 8 workers of 8 for evacuation
[2.570s][debug][gc,age         ] GC(836) Desired survivor size 1114112 bytes, new threshold 2 (max threshold 6)
[2.570s][info ][gc,heap        ] GC(836) ParNew: 17511K->1177K(19648K)
[2.570s][info ][gc,heap        ] GC(836) CMS: 12905K->12905K(43712K)
[2.570s][info ][gc,metaspace   ] GC(836) Metaspace: 5319K->5319K(1056768K)
[2.570s][info ][gc             ] GC(836) Pause Young (Allocation Failure) 29M->13M(61M) 1.062ms
[2.570s][info ][gc,cpu         ] GC(836) User=0.00s Sys=0.00s Real=0.00s
[2.572s][info ][gc,start       ] GC(837) Pause Young (Allocation Failure)
[2.572s][info ][gc,task        ] GC(837) Using 8 workers of 8 for evacuation
[2.573s][debug][gc,age         ] GC(837) Desired survivor size 1114112 bytes, new threshold 2 (max threshold 6)
[2.573s][info ][gc,heap        ] GC(837) ParNew: 18311K->1177K(19648K)
[2.573s][info ][gc,heap        ] GC(837) CMS: 12905K->13296K(43712K)
[2.573s][info ][gc,metaspace   ] GC(837) Metaspace: 5319K->5319K(1056768K)
[2.573s][info ][gc             ] GC(837) Pause Young (Allocation Failure) 30M->14M(61M) 1.136ms
[2.573s][info ][gc,cpu         ] GC(837) User=0.00s Sys=0.00s Real=0.00s
[2.574s][info ][gc,start       ] GC(838) Pause Young (Allocation Failure)
[2.574s][info ][gc,task        ] GC(838) Using 8 workers of 8 for evacuation
[2.576s][debug][gc,age         ] GC(838) Desired survivor size 1114112 bytes, new threshold 1 (max threshold 6)
[2.576s][info ][gc,heap        ] GC(838) ParNew: 18643K->1957K(19648K)
[2.576s][info ][gc,heap        ] GC(838) CMS: 13296K->13687K(43712K)
[2.576s][info ][gc,metaspace   ] GC(838) Metaspace: 5319K->5319K(1056768K)
[2.576s][info ][gc             ] GC(838) Pause Young (Allocation Failure) 31M->15M(61M) 1.644ms
[2.576s][info ][gc,cpu         ] GC(838) User=0.00s Sys=0.00s Real=0.00s
[2.578s][info ][gc,start       ] GC(839) Pause Young (Allocation Failure)
[2.578s][info ][gc,task        ] GC(839) Using 8 workers of 8 for evacuation
[2.579s][debug][gc,age         ] GC(839) Desired survivor size 1114112 bytes, new threshold 1 (max threshold 6)
[2.579s][info ][gc,heap        ] GC(839) ParNew: 19306K->1566K(19648K)
[2.579s][info ][gc,heap        ] GC(839) CMS: 13687K->14469K(43712K)
[2.579s][info ][gc,metaspace   ] GC(839) Metaspace: 5319K->5319K(1056768K)
[2.579s][info ][gc             ] GC(839) Pause Young (Allocation Failure) 32M->15M(61M) 1.977ms
[2.580s][info ][gc,cpu         ] GC(839) User=0.00s Sys=0.00s Real=0.00s
[2.581s][info ][gc,start       ] GC(840) Pause Young (Allocation Failure)
[2.581s][info ][gc,task        ] GC(840) Using 8 workers of 8 for evacuation
[2.582s][debug][gc,age         ] GC(840) Desired survivor size 1114112 bytes, new threshold 1 (max threshold 6)
[2.582s][info ][gc,heap        ] GC(840) ParNew: 18709K->1959K(19648K)
[2.582s][info ][gc,heap        ] GC(840) CMS: 14469K->14861K(43712K)
[2.582s][info ][gc,metaspace   ] GC(840) Metaspace: 5319K->5319K(1056768K)
[2.582s][info ][gc             ] GC(840) Pause Young (Allocation Failure) 32M->16M(61M) 1.143ms
[2.582s][info ][gc,cpu         ] GC(840) User=0.00s Sys=0.00s Real=0.00s
[2.583s][info ][gc,start       ] GC(841) Pause Young (Allocation Failure)
[2.583s][info ][gc,task        ] GC(841) Using 8 workers of 8 for evacuation
[2.584s][debug][gc,age         ] GC(841) Desired survivor size 1114112 bytes, new threshold 1 (max threshold 6)
[2.584s][info ][gc,heap        ] GC(841) ParNew: 19233K->1566K(19648K)
[2.584s][info ][gc,heap        ] GC(841) CMS: 14861K->14861K(43712K)
[2.584s][info ][gc,metaspace   ] GC(841) Metaspace: 5319K->5319K(1056768K)
[2.584s][info ][gc             ] GC(841) Pause Young (Allocation Failure) 33M->16M(61M) 0.961ms
[2.584s][info ][gc,cpu         ] GC(841) User=0.01s Sys=0.00s Real=0.01s
[2.586s][info ][gc,start       ] GC(842) Pause Young (Allocation Failure)
[2.586s][info ][gc,task        ] GC(842) Using 8 workers of 8 for evacuation
[2.587s][debug][gc,age         ] GC(842) Desired survivor size 1114112 bytes, new threshold 6 (max threshold 6)
[2.587s][info ][gc,heap        ] GC(842) ParNew: 18974K->789K(19648K)
[2.587s][info ][gc,heap        ] GC(842) CMS: 14861K->15253K(43712K)
[2.587s][info ][gc,metaspace   ] GC(842) Metaspace: 5319K->5319K(1056768K)
[2.587s][info ][gc             ] GC(842) Pause Young (Allocation Failure) 33M->15M(61M) 1.076ms
[2.587s][info ][gc,cpu         ] GC(842) User=0.00s Sys=0.00s Real=0.00s
[2.588s][info ][gc,start       ] GC(843) Pause Young (Allocation Failure)
[2.588s][info ][gc,task        ] GC(843) Using 8 workers of 8 for evacuation
[2.589s][debug][gc,age         ] GC(843) Desired survivor size 1114112 bytes, new threshold 1 (max threshold 6)
[2.589s][info ][gc,heap        ] GC(843) ParNew: 18203K->1177K(19648K)
[2.589s][info ][gc,heap        ] GC(843) CMS: 15253K->15253K(43712K)
[2.589s][info ][gc,metaspace   ] GC(843) Metaspace: 5319K->5319K(1056768K)
[2.589s][info ][gc             ] GC(843) Pause Young (Allocation Failure) 32M->16M(61M) 1.023ms
[2.589s][info ][gc,cpu         ] GC(843) User=0.01s Sys=0.00s Real=0.00s
[2.591s][info ][gc,start       ] GC(844) Pause Young (Allocation Failure)
[2.591s][info ][gc,task        ] GC(844) Using 8 workers of 8 for evacuation
[2.592s][debug][gc,age         ] GC(844) Desired survivor size 1114112 bytes, new threshold 6 (max threshold 6)
[2.592s][info ][gc,heap        ] GC(844) ParNew: 18561K->787K(19648K)
[2.592s][info ][gc,heap        ] GC(844) CMS: 15253K->15644K(43712K)
[2.592s][info ][gc,metaspace   ] GC(844) Metaspace: 5319K->5319K(1056768K)
[2.592s][info ][gc             ] GC(844) Pause Young (Allocation Failure) 33M->16M(61M) 1.452ms
[2.592s][info ][gc,cpu         ] GC(844) User=0.01s Sys=0.00s Real=0.00s
[2.594s][info ][gc,start       ] GC(845) Pause Young (Allocation Failure)
[2.594s][info ][gc,task        ] GC(845) Using 8 workers of 8 for evacuation
[2.595s][debug][gc,age         ] GC(845) Desired survivor size 1114112 bytes, new threshold 1 (max threshold 6)
[2.595s][info ][gc,heap        ] GC(845) ParNew: 18158K->1959K(19648K)
[2.595s][info ][gc,heap        ] GC(845) CMS: 15644K->15644K(43712K)
[2.595s][info ][gc,metaspace   ] GC(845) Metaspace: 5319K->5319K(1056768K)
[2.595s][info ][gc             ] GC(845) Pause Young (Allocation Failure) 33M->17M(61M) 1.152ms
[2.595s][info ][gc,cpu         ] GC(845) User=0.01s Sys=0.00s Real=0.01s
[2.596s][info ][gc,start       ] GC(846) Pause Young (Allocation Failure)
[2.596s][info ][gc,task        ] GC(846) Using 8 workers of 8 for evacuation
[2.598s][debug][gc,age         ] GC(846) Desired survivor size 1114112 bytes, new threshold 1 (max threshold 6)
[2.598s][info ][gc,heap        ] GC(846) ParNew: 19339K->1963K(19648K)
[2.598s][info ][gc,heap        ] GC(846) CMS: 15644K->16426K(43712K)
[2.598s][info ][gc,metaspace   ] GC(846) Metaspace: 5319K->5319K(1056768K)
[2.598s][info ][gc             ] GC(846) Pause Young (Allocation Failure) 34M->17M(61M) 1.225ms
[2.598s][info ][gc,cpu         ] GC(846) User=0.01s Sys=0.00s Real=0.00s
[2.599s][info ][gc,start       ] GC(847) Pause Young (Allocation Failure)
[2.599s][info ][gc,task        ] GC(847) Using 8 workers of 8 for evacuation
[2.600s][debug][gc,age         ] GC(847) Desired survivor size 1114112 bytes, new threshold 6 (max threshold 6)
[2.600s][info ][gc,heap        ] GC(847) ParNew: 19421K->789K(19648K)
[2.600s][info ][gc,heap        ] GC(847) CMS: 16426K->17599K(43712K)
[2.600s][info ][gc,metaspace   ] GC(847) Metaspace: 5319K->5319K(1056768K)
[2.600s][info ][gc             ] GC(847) Pause Young (Allocation Failure) 35M->17M(61M) 1.405ms
[2.600s][info ][gc,cpu         ] GC(847) User=0.01s Sys=0.00s Real=0.00s
[2.602s][info ][gc,start       ] GC(848) Pause Young (Allocation Failure)
[2.602s][info ][gc,task        ] GC(848) Using 8 workers of 8 for evacuation
[2.603s][debug][gc,age         ] GC(848) Desired survivor size 1114112 bytes, new threshold 1 (max threshold 6)
[2.603s][info ][gc,heap        ] GC(848) ParNew: 17881K->1959K(19648K)
[2.603s][info ][gc,heap        ] GC(848) CMS: 17599K->17599K(43712K)
[2.603s][info ][gc,metaspace   ] GC(848) Metaspace: 5319K->5319K(1056768K)
[2.603s][info ][gc             ] GC(848) Pause Young (Allocation Failure) 34M->19M(61M) 1.076ms
[2.603s][info ][gc,cpu         ] GC(848) User=0.00s Sys=0.00s Real=0.00s
[2.604s][info ][gc,start       ] GC(849) Pause Young (Allocation Failure)
[2.604s][info ][gc,task        ] GC(849) Using 8 workers of 8 for evacuation
[2.605s][debug][gc,age         ] GC(849) Desired survivor size 1114112 bytes, new threshold 1 (max threshold 6)
[2.605s][info ][gc,heap        ] GC(849) ParNew: 19335K->1959K(19648K)
[2.605s][info ][gc,heap        ] GC(849) CMS: 17599K->17990K(43712K)
[2.605s][info ][gc,metaspace   ] GC(849) Metaspace: 5319K->5319K(1056768K)
[2.605s][info ][gc             ] GC(849) Pause Young (Allocation Failure) 36M->19M(61M) 1.243ms
[2.605s][info ][gc,cpu         ] GC(849) User=0.00s Sys=0.00s Real=0.00s
[2.606s][info ][gc,start       ] GC(850) Pause Young (Allocation Failure)
[2.606s][info ][gc,task        ] GC(850) Using 8 workers of 8 for evacuation
[2.608s][debug][gc,age         ] GC(850) Desired survivor size 1114112 bytes, new threshold 6 (max threshold 6)
[2.608s][info ][gc,heap        ] GC(850) ParNew: 19431K->785K(19648K)
[2.608s][info ][gc,heap        ] GC(850) CMS: 17990K->18772K(43712K)
[2.608s][info ][gc,metaspace   ] GC(850) Metaspace: 5319K->5319K(1056768K)
[2.608s][info ][gc             ] GC(850) Pause Young (Allocation Failure) 36M->19M(61M) 1.816ms
[2.608s][info ][gc,cpu         ] GC(850) User=0.00s Sys=0.00s Real=0.00s
[2.610s][info ][gc,start       ] GC(851) Pause Young (Allocation Failure)
[2.610s][info ][gc,task        ] GC(851) Using 8 workers of 8 for evacuation
[2.611s][debug][gc,age         ] GC(851) Desired survivor size 1114112 bytes, new threshold 1 (max threshold 6)
[2.611s][info ][gc,heap        ] GC(851) ParNew: 17954K->1959K(19648K)
[2.611s][info ][gc,heap        ] GC(851) CMS: 18772K->18772K(43712K)
[2.611s][info ][gc,metaspace   ] GC(851) Metaspace: 5319K->5319K(1056768K)
[2.611s][info ][gc             ] GC(851) Pause Young (Allocation Failure) 35M->20M(61M) 1.474ms
[2.611s][info ][gc,cpu         ] GC(851) User=0.00s Sys=0.00s Real=0.00s
[2.613s][info ][gc,start       ] GC(852) Pause Young (Allocation Failure)
[2.613s][info ][gc,task        ] GC(852) Using 8 workers of 8 for evacuation
[2.614s][debug][gc,age         ] GC(852) Desired survivor size 1114112 bytes, new threshold 1 (max threshold 6)
[2.614s][info ][gc,heap        ] GC(852) ParNew: 19204K->1963K(19648K)
[2.614s][info ][gc,heap        ] GC(852) CMS: 18772K->19554K(43712K)
[2.614s][info ][gc,metaspace   ] GC(852) Metaspace: 5319K->5319K(1056768K)
[2.614s][info ][gc             ] GC(852) Pause Young (Allocation Failure) 37M->21M(61M) 1.476ms
[2.614s][info ][gc,cpu         ] GC(852) User=0.01s Sys=0.00s Real=0.01s
[2.616s][info ][gc,start       ] GC(853) Pause Young (Allocation Failure)
[2.616s][info ][gc,task        ] GC(853) Using 8 workers of 8 for evacuation
[2.617s][debug][gc,age         ] GC(853) Desired survivor size 1114112 bytes, new threshold 1 (max threshold 6)
[2.617s][info ][gc,heap        ] GC(853) ParNew: 19218K->1963K(19648K)
[2.617s][info ][gc,heap        ] GC(853) CMS: 19554K->19945K(43712K)
[2.617s][info ][gc,metaspace   ] GC(853) Metaspace: 5319K->5319K(1056768K)
[2.617s][info ][gc             ] GC(853) Pause Young (Allocation Failure) 37M->21M(61M) 1.351ms
[2.617s][info ][gc,cpu         ] GC(853) User=0.01s Sys=0.00s Real=0.00s
[2.618s][info ][gc,start       ] GC(854) Pause Young (Allocation Failure)
[2.618s][info ][gc,task        ] GC(854) Using 8 workers of 8 for evacuation
[2.619s][debug][gc,age         ] GC(854) Desired survivor size 1114112 bytes, new threshold 1 (max threshold 6)
[2.619s][info ][gc,heap        ] GC(854) ParNew: 19421K->1568K(19648K)
[2.619s][info ][gc,heap        ] GC(854) CMS: 19945K->20336K(43712K)
[2.619s][info ][gc,metaspace   ] GC(854) Metaspace: 5319K->5319K(1056768K)
[2.619s][info ][gc             ] GC(854) Pause Young (Allocation Failure) 38M->21M(61M) 1.101ms
[2.619s][info ][gc,cpu         ] GC(854) User=0.00s Sys=0.00s Real=0.00s
[2.621s][info ][gc,start       ] GC(855) Pause Young (Allocation Failure)
[2.621s][info ][gc,task        ] GC(855) Using 8 workers of 8 for evacuation
[2.622s][debug][gc,age         ] GC(855) Desired survivor size 1114112 bytes, new threshold 1 (max threshold 6)
[2.622s][info ][gc,heap        ] GC(855) ParNew: 19040K->1959K(19648K)
[2.622s][info ][gc,heap        ] GC(855) CMS: 20336K->21509K(43712K)
[2.622s][info ][gc,metaspace   ] GC(855) Metaspace: 5319K->5319K(1056768K)
[2.622s][info ][gc             ] GC(855) Pause Young (Allocation Failure) 38M->22M(61M) 1.281ms
[2.622s][info ][gc,cpu         ] GC(855) User=0.00s Sys=0.00s Real=0.00s
[2.624s][info ][gc,start       ] GC(856) Pause Young (Allocation Failure)
[2.624s][info ][gc,task        ] GC(856) Using 8 workers of 8 for evacuation
[2.625s][debug][gc,age         ] GC(856) Desired survivor size 1114112 bytes, new threshold 1 (max threshold 6)
[2.625s][info ][gc,heap        ] GC(856) ParNew: 19146K->1967K(19648K)
[2.625s][info ][gc,heap        ] GC(856) CMS: 21509K->21899K(43712K)
[2.625s][info ][gc,metaspace   ] GC(856) Metaspace: 5319K->5319K(1056768K)
[2.625s][info ][gc             ] GC(856) Pause Young (Allocation Failure) 39M->23M(61M) 1.282ms
[2.625s][info ][gc,cpu         ] GC(856) User=0.00s Sys=0.01s Real=0.00s
[2.627s][info ][gc,start       ] GC(857) Pause Young (Allocation Failure)
[2.627s][info ][gc,task        ] GC(857) Using 8 workers of 8 for evacuation
[2.628s][debug][gc,age         ] GC(857) Desired survivor size 1114112 bytes, new threshold 1 (max threshold 6)
[2.628s][info ][gc,heap        ] GC(857) ParNew: 19196K->1957K(19648K)
[2.628s][info ][gc,heap        ] GC(857) CMS: 21899K->21900K(43712K)
[2.628s][info ][gc,metaspace   ] GC(857) Metaspace: 5319K->5319K(1056768K)
[2.628s][info ][gc             ] GC(857) Pause Young (Allocation Failure) 40M->23M(61M) 1.452ms
[2.628s][info ][gc,cpu         ] GC(857) User=0.00s Sys=0.00s Real=0.00s
[2.630s][info ][gc,start       ] GC(858) Pause Young (Allocation Failure)
[2.630s][info ][gc,task        ] GC(858) Using 8 workers of 8 for evacuation
[2.631s][debug][gc,age         ] GC(858) Desired survivor size 1114112 bytes, new threshold 1 (max threshold 6)
[2.631s][info ][gc,heap        ] GC(858) ParNew: 19105K->1961K(19648K)
[2.631s][info ][gc,heap        ] GC(858) CMS: 21900K->22291K(43712K)
[2.631s][info ][gc,metaspace   ] GC(858) Metaspace: 5319K->5319K(1056768K)
[2.631s][info ][gc             ] GC(858) Pause Young (Allocation Failure) 40M->23M(61M) 1.366ms
[2.631s][info ][gc,cpu         ] GC(858) User=0.01s Sys=0.00s Real=0.00s
[2.633s][info ][gc,start       ] GC(859) Pause Young (Allocation Failure)
[2.633s][info ][gc,task        ] GC(859) Using 8 workers of 8 for evacuation
[2.634s][debug][gc,age         ] GC(859) Desired survivor size 1114112 bytes, new threshold 1 (max threshold 6)
[2.634s][info ][gc,heap        ] GC(859) ParNew: 19098K->1963K(19648K)
[2.634s][info ][gc,heap        ] GC(859) CMS: 22291K->23463K(43712K)
[2.634s][info ][gc,metaspace   ] GC(859) Metaspace: 5319K->5319K(1056768K)
[2.634s][info ][gc             ] GC(859) Pause Young (Allocation Failure) 40M->24M(61M) 1.298ms
[2.634s][info ][gc,cpu         ] GC(859) User=0.01s Sys=0.00s Real=0.01s
[2.635s][info ][gc,start       ] GC(860) Pause Young (Allocation Failure)
[2.635s][info ][gc,task        ] GC(860) Using 8 workers of 8 for evacuation
[2.637s][debug][gc,age         ] GC(860) Desired survivor size 1114112 bytes, new threshold 1 (max threshold 6)
[2.637s][info ][gc,heap        ] GC(860) ParNew: 19159K->1957K(19648K)
[2.637s][info ][gc,heap        ] GC(860) CMS: 23463K->23853K(43712K)
[2.637s][info ][gc,metaspace   ] GC(860) Metaspace: 5319K->5319K(1056768K)
[2.637s][info ][gc             ] GC(860) Pause Young (Allocation Failure) 41M->25M(61M) 1.995ms
[2.637s][info ][gc,cpu         ] GC(860) User=0.00s Sys=0.00s Real=0.00s
[2.639s][info ][gc,start       ] GC(861) Pause Young (Allocation Failure)
[2.639s][info ][gc,task        ] GC(861) Using 8 workers of 8 for evacuation
[2.640s][debug][gc,age         ] GC(861) Desired survivor size 1114112 bytes, new threshold 1 (max threshold 6)
[2.640s][info ][gc,heap        ] GC(861) ParNew: 19429K->1570K(19648K)
[2.640s][info ][gc,heap        ] GC(861) CMS: 23853K->24245K(43712K)
[2.640s][info ][gc,metaspace   ] GC(861) Metaspace: 5319K->5319K(1056768K)
[2.640s][info ][gc             ] GC(861) Pause Young (Allocation Failure) 42M->25M(61M) 1.558ms
[2.640s][info ][gc,cpu         ] GC(861) User=0.01s Sys=0.00s Real=0.00s
[2.642s][info ][gc,start       ] GC(862) Pause Young (Allocation Failure)
[2.642s][info ][gc,task        ] GC(862) Using 8 workers of 8 for evacuation
[2.643s][debug][gc,age         ] GC(862) Desired survivor size 1114112 bytes, new threshold 1 (max threshold 6)
[2.643s][info ][gc,heap        ] GC(862) ParNew: 19031K->1961K(19648K)
[2.643s][info ][gc,heap        ] GC(862) CMS: 24245K->24636K(43712K)
[2.643s][info ][gc,metaspace   ] GC(862) Metaspace: 5319K->5319K(1056768K)
[2.643s][info ][gc             ] GC(862) Pause Young (Allocation Failure) 42M->25M(61M) 1.517ms
[2.643s][info ][gc,cpu         ] GC(862) User=0.01s Sys=0.00s Real=0.00s
[2.645s][info ][gc,start       ] GC(863) Pause Young (Allocation Failure)
[2.646s][info ][gc,task        ] GC(863) Using 8 workers of 8 for evacuation
[2.647s][debug][gc,age         ] GC(863) Desired survivor size 1114112 bytes, new threshold 1 (max threshold 6)
[2.647s][info ][gc,heap        ] GC(863) ParNew: 19403K->1568K(19648K)
[2.647s][info ][gc,heap        ] GC(863) CMS: 24636K->25418K(43712K)
[2.647s][info ][gc,metaspace   ] GC(863) Metaspace: 5319K->5319K(1056768K)
[2.647s][info ][gc             ] GC(863) Pause Young (Allocation Failure) 43M->26M(61M) 1.362ms
[2.647s][info ][gc,cpu         ] GC(863) User=0.00s Sys=0.00s Real=0.00s
[2.648s][info ][gc,start       ] GC(864) Pause Young (Allocation Failure)
[2.648s][info ][gc,task        ] GC(864) Using 8 workers of 8 for evacuation
[2.649s][debug][gc,age         ] GC(864) Desired survivor size 1114112 bytes, new threshold 1 (max threshold 6)
[2.649s][info ][gc,heap        ] GC(864) ParNew: 18719K->1572K(19648K)
[2.649s][info ][gc,heap        ] GC(864) CMS: 25418K->25418K(43712K)
[2.650s][info ][gc,metaspace   ] GC(864) Metaspace: 5319K->5319K(1056768K)
[2.650s][info ][gc             ] GC(864) Pause Young (Allocation Failure) 43M->26M(61M) 1.091ms
[2.650s][info ][gc,cpu         ] GC(864) User=0.00s Sys=0.00s Real=0.00s
[2.651s][info ][gc,start       ] GC(865) Pause Young (Allocation Failure)
[2.651s][info ][gc,task        ] GC(865) Using 8 workers of 8 for evacuation
[2.653s][debug][gc,age         ] GC(865) Desired survivor size 1114112 bytes, new threshold 1 (max threshold 6)
[2.653s][info ][gc,heap        ] GC(865) ParNew: 18806K->1957K(19648K)
[2.653s][info ][gc,heap        ] GC(865) CMS: 25418K->25809K(43712K)
[2.653s][info ][gc,metaspace   ] GC(865) Metaspace: 5319K->5319K(1056768K)
[2.653s][info ][gc             ] GC(865) Pause Young (Allocation Failure) 43M->27M(61M) 1.983ms
[2.653s][info ][gc,cpu         ] GC(865) User=0.00s Sys=0.00s Real=0.00s
[2.655s][info ][gc,start       ] GC(866) Pause Young (Allocation Failure)
[2.655s][info ][gc,task        ] GC(866) Using 8 workers of 8 for evacuation
[2.656s][debug][gc,age         ] GC(866) Desired survivor size 1114112 bytes, new threshold 1 (max threshold 6)
[2.656s][info ][gc,heap        ] GC(866) ParNew: 19422K->1961K(19648K)
[2.656s][info ][gc,heap        ] GC(866) CMS: 25809K->27372K(43712K)
[2.656s][info ][gc,metaspace   ] GC(866) Metaspace: 5319K->5319K(1056768K)
[2.656s][info ][gc             ] GC(866) Pause Young (Allocation Failure) 44M->28M(61M) 1.688ms
[2.656s][info ][gc,cpu         ] GC(866) User=0.01s Sys=0.00s Real=0.00s
[2.659s][info ][gc,start       ] GC(867) Pause Young (Allocation Failure)
[2.659s][info ][gc,task        ] GC(867) Using 8 workers of 8 for evacuation
[2.660s][debug][gc,age         ] GC(867) Desired survivor size 1114112 bytes, new threshold 1 (max threshold 6)
[2.660s][info ][gc,heap        ] GC(867) ParNew: 19433K->1965K(19648K)
[2.660s][info ][gc,heap        ] GC(867) CMS: 27372K->27764K(43712K)
[2.660s][info ][gc,metaspace   ] GC(867) Metaspace: 5319K->5319K(1056768K)
[2.660s][info ][gc             ] GC(867) Pause Young (Allocation Failure) 45M->29M(61M) 1.346ms
[2.660s][info ][gc,cpu         ] GC(867) User=0.00s Sys=0.00s Real=0.00s
[2.661s][info ][gc,start       ] GC(868) Pause Young (Allocation Failure)
[2.662s][info ][gc,task        ] GC(868) Using 8 workers of 8 for evacuation
[2.663s][debug][gc,age         ] GC(868) Desired survivor size 1114112 bytes, new threshold 1 (max threshold 6)
[2.663s][info ][gc,heap        ] GC(868) ParNew: 19074K->1959K(19648K)
[2.663s][info ][gc,heap        ] GC(868) CMS: 27764K->28936K(43712K)
[2.663s][info ][gc,metaspace   ] GC(868) Metaspace: 5319K->5319K(1056768K)
[2.663s][info ][gc             ] GC(868) Pause Young (Allocation Failure) 45M->30M(61M) 1.617ms
[2.663s][info ][gc,cpu         ] GC(868) User=0.00s Sys=0.00s Real=0.00s
[2.666s][info ][gc,start       ] GC(869) Pause Young (Allocation Failure)
[2.666s][info ][gc,task        ] GC(869) Using 8 workers of 8 for evacuation
[2.668s][debug][gc,age         ] GC(869) Desired survivor size 1114112 bytes, new threshold 1 (max threshold 6)
[2.668s][info ][gc,heap        ] GC(869) ParNew: 19320K->1177K(19648K)
[2.668s][info ][gc,heap        ] GC(869) CMS: 28936K->29718K(43712K)
[2.668s][info ][gc,metaspace   ] GC(869) Metaspace: 5319K->5319K(1056768K)
[2.668s][info ][gc             ] GC(869) Pause Young (Allocation Failure) 47M->30M(61M) 1.818ms
[2.668s][info ][gc,cpu         ] GC(869) User=0.01s Sys=0.00s Real=0.00s
[2.671s][info ][gc,start       ] GC(870) Pause Young (Allocation Failure)
[2.671s][info ][gc,task        ] GC(870) Using 8 workers of 8 for evacuation
[2.672s][debug][gc,age         ] GC(870) Desired survivor size 1114112 bytes, new threshold 6 (max threshold 6)
[2.672s][info ][gc,heap        ] GC(870) ParNew: 18455K->789K(19648K)
[2.672s][info ][gc,heap        ] GC(870) CMS: 29718K->30500K(43712K)
[2.672s][info ][gc,metaspace   ] GC(870) Metaspace: 5319K->5319K(1056768K)
[2.672s][info ][gc             ] GC(870) Pause Young (Allocation Failure) 47M->30M(61M) 1.391ms
[2.672s][info ][gc,cpu         ] GC(870) User=0.01s Sys=0.00s Real=0.00s
[2.674s][info ][gc,start       ] GC(871) Pause Young (Allocation Failure)
[2.675s][info ][gc,task        ] GC(871) Using 8 workers of 8 for evacuation
[2.676s][debug][gc,age         ] GC(871) Desired survivor size 1114112 bytes, new threshold 6 (max threshold 6)
[2.676s][info ][gc,heap        ] GC(871) ParNew: 18261K->6K(19648K)
[2.676s][info ][gc,heap        ] GC(871) CMS: 30500K->30500K(43712K)
[2.676s][info ][gc,metaspace   ] GC(871) Metaspace: 5319K->5319K(1056768K)
[2.676s][info ][gc             ] GC(871) Pause Young (Allocation Failure) 47M->29M(61M) 1.290ms
[2.676s][info ][gc,cpu         ] GC(871) User=0.00s Sys=0.00s Real=0.00s
[2.680s][info ][gc,start       ] GC(872) Pause Young (Allocation Failure)
[2.680s][info ][gc,task        ] GC(872) Using 8 workers of 8 for evacuation
[2.684s][debug][gc,age         ] GC(872) Desired survivor size 1114112 bytes, new threshold 1 (max threshold 6)
[2.684s][info ][gc,heap        ] GC(872) ParNew: 17354K->1957K(19648K)
[2.684s][info ][gc,heap        ] GC(872) CMS: 30500K->31282K(43712K)
[2.684s][info ][gc,metaspace   ] GC(872) Metaspace: 5319K->5319K(1056768K)
[2.684s][info ][gc             ] GC(872) Pause Young (Allocation Failure) 46M->32M(61M) 3.471ms
[2.684s][info ][gc,cpu         ] GC(872) User=0.00s Sys=0.00s Real=0.00s
[2.685s][info ][gc,start       ] GC(873) Pause Young (Allocation Failure)
[2.686s][info ][gc,task        ] GC(873) Using 8 workers of 8 for evacuation
[2.687s][debug][gc,age         ] GC(873) Desired survivor size 1114112 bytes, new threshold 1 (max threshold 6)
[2.687s][info ][gc,heap        ] GC(873) ParNew: 19162K->1967K(19648K)
[2.687s][info ][gc,heap        ] GC(873) CMS: 31282K->31673K(43712K)
[2.687s][info ][gc,metaspace   ] GC(873) Metaspace: 5319K->5319K(1056768K)
[2.687s][info ][gc             ] GC(873) Pause Young (Allocation Failure) 49M->32M(61M) 1.259ms
[2.687s][info ][gc,cpu         ] GC(873) User=0.01s Sys=0.00s Real=0.00s
[2.688s][info ][gc,start       ] GC(874) Pause Young (Allocation Failure)
[2.688s][info ][gc,task        ] GC(874) Using 8 workers of 8 for evacuation
[2.689s][debug][gc,age         ] GC(874) Desired survivor size 1114112 bytes, new threshold 1 (max threshold 6)
[2.689s][info ][gc,heap        ] GC(874) ParNew: 19214K->1967K(19648K)
[2.690s][info ][gc,heap        ] GC(874) CMS: 31673K->32845K(43712K)
[2.690s][info ][gc,metaspace   ] GC(874) Metaspace: 5319K->5319K(1056768K)
[2.690s][info ][gc             ] GC(874) Pause Young (Allocation Failure) 49M->33M(61M) 1.434ms
[2.690s][info ][gc,cpu         ] GC(874) User=0.01s Sys=0.00s Real=0.00s
[2.691s][info ][gc,start       ] GC(875) Pause Young (Allocation Failure)
[2.691s][info ][gc,task        ] GC(875) Using 8 workers of 8 for evacuation
[2.693s][debug][gc,age         ] GC(875) Desired survivor size 1114112 bytes, new threshold 1 (max threshold 6)
[2.693s][info ][gc,heap        ] GC(875) ParNew: 19161K->1957K(19648K)
[2.693s][info ][gc,heap        ] GC(875) CMS: 32845K->34018K(43712K)
[2.693s][info ][gc,metaspace   ] GC(875) Metaspace: 5319K->5319K(1056768K)
[2.693s][info ][gc             ] GC(875) Pause Young (Allocation Failure) 50M->35M(61M) 1.805ms
[2.693s][info ][gc,cpu         ] GC(875) User=0.00s Sys=0.01s Real=0.00s
[2.693s][info ][gc,start       ] GC(876) Pause Initial Mark
[2.693s][info ][gc             ] GC(876) Pause Initial Mark 36M->36M(61M) 0.163ms
[2.693s][info ][gc,cpu         ] GC(876) User=0.01s Sys=0.00s Real=0.00s
[2.693s][info ][gc             ] GC(876) Concurrent Mark
[2.693s][info ][gc,task        ] GC(876) Using 2 workers of 2 for marking
[2.695s][info ][gc,start       ] GC(877) Pause Young (Allocation Failure)
[2.695s][info ][gc,task        ] GC(877) Using 8 workers of 8 for evacuation
[2.696s][debug][gc,age         ] GC(877) Desired survivor size 1114112 bytes, new threshold 1 (max threshold 6)
[2.696s][info ][gc,heap        ] GC(877) ParNew: 19204K->1175K(19648K)
[2.696s][info ][gc,heap        ] GC(877) CMS: 34018K->34409K(43712K)
[2.696s][info ][gc,metaspace   ] GC(877) Metaspace: 5319K->5319K(1056768K)
[2.696s][info ][gc             ] GC(877) Pause Young (Allocation Failure) 51M->34M(61M) 1.597ms
[2.696s][info ][gc,cpu         ] GC(877) User=0.01s Sys=0.00s Real=0.00s
[2.697s][info ][gc             ] GC(876) Concurrent Mark 4.250ms
[2.698s][info ][gc,cpu         ] GC(876) User=0.01s Sys=0.00s Real=0.01s
[2.698s][info ][gc             ] GC(876) Concurrent Preclean
[2.698s][info ][gc,start       ] GC(878) Pause Young (Allocation Failure)
[2.698s][info ][gc,task        ] GC(878) Using 8 workers of 8 for evacuation
[2.699s][debug][gc,age         ] GC(878) Desired survivor size 1114112 bytes, new threshold 1 (max threshold 6)
[2.699s][info ][gc,heap        ] GC(878) ParNew: 18616K->1175K(19648K)
[2.699s][info ][gc,heap        ] GC(878) CMS: 34409K->34800K(43712K)
[2.699s][info ][gc,metaspace   ] GC(878) Metaspace: 5319K->5319K(1056768K)
[2.699s][info ][gc             ] GC(878) Pause Young (Allocation Failure) 51M->35M(61M) 1.459ms
[2.699s][info ][gc,cpu         ] GC(878) User=0.00s Sys=0.00s Real=0.00s
[2.699s][info ][gc             ] GC(876) Concurrent Preclean 1.885ms
[2.700s][info ][gc,cpu         ] GC(876) User=0.00s Sys=0.00s Real=0.00s
[2.700s][info ][gc             ] GC(876) Concurrent Abortable Preclean
[2.702s][info ][gc,start       ] GC(879) Pause Young (Allocation Failure)
[2.702s][info ][gc,task        ] GC(879) Using 8 workers of 8 for evacuation
[2.703s][debug][gc,age         ] GC(879) Desired survivor size 1114112 bytes, new threshold 1 (max threshold 6)
[2.704s][info ][gc,heap        ] GC(879) ParNew: 18304K->1572K(19648K)
[2.704s][info ][gc,heap        ] GC(879) CMS: 34800K->35191K(43712K)
[2.704s][info ][gc,metaspace   ] GC(879) Metaspace: 5319K->5319K(1056768K)
[2.704s][info ][gc             ] GC(879) Pause Young (Allocation Failure) 51M->35M(61M) 1.588ms
[2.704s][info ][gc,cpu         ] GC(879) User=0.00s Sys=0.00s Real=0.00s
[2.705s][info ][gc,start       ] GC(880) Pause Young (Allocation Failure)
[2.706s][info ][gc,task        ] GC(880) Using 8 workers of 8 for evacuation
[2.707s][debug][gc,age         ] GC(880) Desired survivor size 1114112 bytes, new threshold 1 (max threshold 6)
[2.707s][info ][gc,heap        ] GC(880) ParNew: 18707K->1572K(19648K)
[2.707s][info ][gc,heap        ] GC(880) CMS: 35191K->35192K(43712K)
[2.707s][info ][gc,metaspace   ] GC(880) Metaspace: 5319K->5319K(1056768K)
[2.707s][info ][gc             ] GC(880) Pause Young (Allocation Failure) 52M->35M(61M) 1.618ms
[2.707s][info ][gc,cpu         ] GC(880) User=0.01s Sys=0.00s Real=0.00s
[2.710s][info ][gc,start       ] GC(881) Pause Young (Allocation Failure)
[2.710s][info ][gc,task        ] GC(881) Using 8 workers of 8 for evacuation
[2.711s][debug][gc,age         ] GC(881) Desired survivor size 1114112 bytes, new threshold 1 (max threshold 6)
[2.711s][info ][gc,heap        ] GC(881) ParNew: 18702K->1957K(19648K)
[2.711s][info ][gc,heap        ] GC(881) CMS: 35192K->36364K(43712K)
[2.711s][info ][gc,metaspace   ] GC(881) Metaspace: 5319K->5319K(1056768K)
[2.711s][info ][gc             ] GC(881) Pause Young (Allocation Failure) 52M->37M(61M) 1.535ms
[2.711s][info ][gc,cpu         ] GC(881) User=0.01s Sys=0.00s Real=0.00s
[2.713s][info ][gc,start       ] GC(882) Pause Young (Allocation Failure)
[2.713s][info ][gc,task        ] GC(882) Using 8 workers of 8 for evacuation
[2.714s][debug][gc,age         ] GC(882) Desired survivor size 1114112 bytes, new threshold 6 (max threshold 6)
[2.714s][info ][gc,heap        ] GC(882) ParNew: 19393K->396K(19648K)
[2.714s][info ][gc,heap        ] GC(882) CMS: 36364K->37928K(43712K)
[2.714s][info ][gc,metaspace   ] GC(882) Metaspace: 5319K->5319K(1056768K)
[2.714s][info ][gc             ] GC(882) Pause Young (Allocation Failure) 54M->37M(61M) 1.303ms
[2.714s][info ][gc,cpu         ] GC(882) User=0.01s Sys=0.00s Real=0.01s
[2.716s][info ][gc,start       ] GC(883) Pause Young (Allocation Failure)
[2.716s][info ][gc,task        ] GC(883) Using 8 workers of 8 for evacuation
[2.717s][debug][gc,age         ] GC(883) Desired survivor size 1114112 bytes, new threshold 1 (max threshold 6)
[2.717s][info ][gc,heap        ] GC(883) ParNew: 17681K->1965K(19648K)
[2.717s][info ][gc,heap        ] GC(883) CMS: 37928K->37928K(43712K)
[2.717s][info ][gc,metaspace   ] GC(883) Metaspace: 5319K->5319K(1056768K)
[2.717s][info ][gc             ] GC(883) Pause Young (Allocation Failure) 54M->38M(61M) 1.355ms
[2.717s][info ][gc,cpu         ] GC(883) User=0.00s Sys=0.00s Real=0.00s
[2.719s][info ][gc,start       ] GC(884) Pause Young (Allocation Failure)
[2.719s][info ][gc,task        ] GC(884) Using 8 workers of 8 for evacuation
[2.721s][debug][gc,age         ] GC(884) Desired survivor size 1114112 bytes, new threshold 6 (max threshold 6)
[2.721s][info ][gc,heap        ] GC(884) ParNew: 19358K->789K(19648K)
[2.721s][info ][gc,heap        ] GC(884) CMS: 37928K->39102K(43712K)
[2.721s][info ][gc,metaspace   ] GC(884) Metaspace: 5319K->5319K(1056768K)
[2.721s][info ][gc             ] GC(884) Pause Young (Allocation Failure) 55M->38M(61M) 2.034ms
[2.721s][info ][gc,cpu         ] GC(884) User=0.00s Sys=0.00s Real=0.00s
[2.723s][info ][gc,start       ] GC(885) Pause Young (Allocation Failure)
[2.723s][info ][gc,task        ] GC(885) Using 8 workers of 8 for evacuation
[2.724s][debug][gc,age         ] GC(885) Desired survivor size 1114112 bytes, new threshold 1 (max threshold 6)
[2.724s][info ][gc,heap        ] GC(885) ParNew: 18002K->1177K(19648K)
[2.724s][info ][gc,heap        ] GC(885) CMS: 39102K->39102K(43712K)
[2.724s][info ][gc,metaspace   ] GC(885) Metaspace: 5319K->5319K(1056768K)
[2.724s][info ][gc             ] GC(885) Pause Young (Allocation Failure) 55M->39M(61M) 1.469ms
[2.724s][info ][gc,cpu         ] GC(885) User=0.00s Sys=0.00s Real=0.01s
[2.726s][info ][gc,start       ] GC(886) Pause Young (Allocation Failure)
[2.726s][info ][gc,task        ] GC(886) Using 8 workers of 8 for evacuation
[2.727s][debug][gc,age         ] GC(886) Desired survivor size 1114112 bytes, new threshold 1 (max threshold 6)
[2.727s][info ][gc,heap        ] GC(886) ParNew: 18362K->1959K(19648K)
[2.727s][info ][gc,heap        ] GC(886) CMS: 39102K->39493K(43712K)
[2.727s][info ][gc,metaspace   ] GC(886) Metaspace: 5319K->5319K(1056768K)
[2.727s][info ][gc             ] GC(886) Pause Young (Allocation Failure) 56M->40M(61M) 1.254ms
[2.727s][info ][gc,cpu         ] GC(886) User=0.00s Sys=0.00s Real=0.00s
[2.729s][info ][gc,start       ] GC(887) Pause Young (Allocation Failure)
[2.729s][info ][gc,task        ] GC(887) Using 8 workers of 8 for evacuation
[2.731s][debug][gc,age         ] GC(887) Desired survivor size 1114112 bytes, new threshold 1 (max threshold 6)
[2.731s][info ][gc,heap        ] GC(887) ParNew: 19041K->1570K(19648K)
[2.731s][info ][gc,heap        ] GC(887) CMS: 39493K->40275K(43712K)
[2.731s][info ][gc,metaspace   ] GC(887) Metaspace: 5319K->5319K(1056768K)
[2.731s][info ][gc             ] GC(887) Pause Young (Allocation Failure) 57M->40M(61M) 1.754ms
[2.731s][info ][gc,cpu         ] GC(887) User=0.01s Sys=0.00s Real=0.00s
[2.733s][info ][gc,start       ] GC(888) Pause Young (Allocation Failure)
[2.733s][info ][gc,task        ] GC(888) Using 8 workers of 8 for evacuation
[2.734s][debug][gc,age         ] GC(888) Desired survivor size 1114112 bytes, new threshold 1 (max threshold 6)
[2.734s][info ][gc,heap        ] GC(888) ParNew: 18656K->1568K(19648K)
[2.734s][info ][gc,heap        ] GC(888) CMS: 40275K->41057K(43712K)
[2.734s][info ][gc,metaspace   ] GC(888) Metaspace: 5319K->5319K(1056768K)
[2.734s][info ][gc             ] GC(888) Pause Young (Allocation Failure) 57M->41M(61M) 1.469ms
[2.734s][info ][gc,cpu         ] GC(888) User=0.01s Sys=0.00s Real=0.01s
[2.736s][info ][gc,start       ] GC(889) Pause Young (Allocation Failure)
[2.736s][info ][gc,task        ] GC(889) Using 8 workers of 8 for evacuation
[2.738s][debug][gc,age         ] GC(889) Desired survivor size 1114112 bytes, new threshold 1 (max threshold 6)
[2.738s][info ][gc,heap        ] GC(889) ParNew: 18849K->1963K(19648K)
[2.738s][info ][gc,heap        ] GC(889) CMS: 41057K->41447K(43712K)
[2.738s][info ][gc,metaspace   ] GC(889) Metaspace: 5319K->5319K(1056768K)
[2.738s][info ][gc             ] GC(889) Pause Young (Allocation Failure) 58M->42M(61M) 1.640ms
[2.738s][info ][gc,cpu         ] GC(889) User=0.01s Sys=0.00s Real=0.00s
[2.739s][info ][gc,start       ] GC(890) Pause Young (Allocation Failure)
[2.739s][info ][gc,task        ] GC(890) Using 8 workers of 8 for evacuation
[2.740s][debug][gc,age         ] GC(890) Desired survivor size 1114112 bytes, new threshold 6 (max threshold 6)
[2.740s][info ][gc,heap        ] GC(890) ParNew: 19329K->6K(19648K)
[2.740s][info ][gc,heap        ] GC(890) CMS: 41447K->42621K(43712K)
[2.740s][info ][gc,metaspace   ] GC(890) Metaspace: 5319K->5319K(1056768K)
[2.740s][info ][gc             ] GC(890) Pause Young (Allocation Failure) 59M->41M(61M) 1.154ms
[2.740s][info ][gc,cpu         ] GC(890) User=0.00s Sys=0.00s Real=0.00s
[2.742s][info ][gc,start       ] GC(891) Pause Young (Allocation Failure)
[2.742s][info ][gc,task        ] GC(891) Using 8 workers of 8 for evacuation
[2.742s][info ][gc,start       ] GC(892) Pause Full (Allocation Failure)
[2.742s][info ][gc             ] GC(876) Concurrent Abortable Preclean 42.911ms
[2.742s][info ][gc,cpu         ] GC(876) User=0.15s Sys=0.00s Real=0.04s
[2.742s][info ][gc,phases,start] GC(892) Phase 1: Mark live objects
[2.743s][debug][gc,phases      ] GC(892) Reference Processing 0.020ms
[2.743s][debug][gc,phases      ] GC(892) Weak Processing 0.003ms
[2.743s][debug][gc,phases      ] GC(892) ClassLoaderData 0.008ms
[2.743s][debug][gc,phases      ] GC(892) ProtectionDomainCacheTable 0.002ms
[2.743s][debug][gc,phases      ] GC(892) ResolvedMethodTable 0.005ms
[2.744s][debug][gc,phases      ] GC(892) Class Unloading 0.151ms
[2.744s][debug][gc,phases      ] GC(892) Scrub String Table 0.019ms
[2.744s][debug][gc,phases      ] GC(892) Scrub Symbol Table 0.420ms
[2.744s][info ][gc,phases      ] GC(892) Phase 1: Mark live objects 1.594ms
[2.744s][info ][gc,phases,start] GC(892) Phase 2: Compute new object addresses
[2.745s][info ][gc,phases      ] GC(892) Phase 2: Compute new object addresses 0.485ms
[2.745s][info ][gc,phases,start] GC(892) Phase 3: Adjust pointers
[2.746s][info ][gc,phases      ] GC(892) Phase 3: Adjust pointers 0.964ms
[2.746s][info ][gc,phases,start] GC(892) Phase 4: Move objects
[2.746s][info ][gc,phases      ] GC(892) Phase 4: Move objects 0.242ms
[2.746s][info ][gc             ] GC(892) Pause Full (Allocation Failure) 58M->3M(61M) 3.569ms
[2.746s][info ][gc,heap        ] GC(891) ParNew: 17355K->0K(19648K)
[2.746s][info ][gc,heap        ] GC(891) CMS: 42621K->3112K(43712K)
[2.746s][info ][gc,metaspace   ] GC(891) Metaspace: 5319K->5319K(1056768K)
[2.746s][info ][gc             ] GC(891) Pause Young (Allocation Failure) 58M->3M(61M) 3.678ms
[2.746s][info ][gc,cpu         ] GC(891) User=0.00s Sys=0.00s Real=0.01s
[2.748s][info ][gc,start       ] GC(893) Pause Young (Allocation Failure)
[2.748s][info ][gc,task        ] GC(893) Using 8 workers of 8 for evacuation
[2.749s][debug][gc,age         ] GC(893) Desired survivor size 1114112 bytes, new threshold 1 (max threshold 6)
[2.749s][info ][gc,heap        ] GC(893) ParNew: 17185K->1574K(19648K)
[2.749s][info ][gc,heap        ] GC(893) CMS: 3112K->3112K(43712K)
[2.749s][info ][gc,metaspace   ] GC(893) Metaspace: 5319K->5319K(1056768K)
[2.749s][info ][gc             ] GC(893) Pause Young (Allocation Failure) 19M->4M(61M) 1.153ms
[2.749s][info ][gc,cpu         ] GC(893) User=0.01s Sys=0.00s Real=0.00s
[2.750s][info ][gc,start       ] GC(894) Pause Young (Allocation Failure)
[2.751s][info ][gc,task        ] GC(894) Using 8 workers of 8 for evacuation
[2.752s][debug][gc,age         ] GC(894) Desired survivor size 1114112 bytes, new threshold 1 (max threshold 6)
[2.752s][info ][gc,heap        ] GC(894) ParNew: 18860K->1957K(19648K)
[2.752s][info ][gc,heap        ] GC(894) CMS: 3112K->3898K(43712K)
[2.752s][info ][gc,metaspace   ] GC(894) Metaspace: 5319K->5319K(1056768K)
[2.752s][info ][gc             ] GC(894) Pause Young (Allocation Failure) 21M->5M(61M) 1.477ms
[2.752s][info ][gc,cpu         ] GC(894) User=0.01s Sys=0.01s Real=0.00s
[2.754s][info ][gc,start       ] GC(895) Pause Young (Allocation Failure)
[2.754s][info ][gc,task        ] GC(895) Using 8 workers of 8 for evacuation
[2.755s][debug][gc,age         ] GC(895) Desired survivor size 1114112 bytes, new threshold 1 (max threshold 6)
[2.755s][info ][gc,heap        ] GC(895) ParNew: 19241K->1961K(19648K)
[2.755s][info ][gc,heap        ] GC(895) CMS: 3898K->5855K(43712K)
[2.755s][info ][gc,metaspace   ] GC(895) Metaspace: 5319K->5319K(1056768K)
[2.755s][info ][gc             ] GC(895) Pause Young (Allocation Failure) 22M->7M(61M) 1.572ms
[2.755s][info ][gc,cpu         ] GC(895) User=0.00s Sys=0.00s Real=0.00s
[2.757s][info ][gc,start       ] GC(896) Pause Young (Allocation Failure)
[2.757s][info ][gc,task        ] GC(896) Using 8 workers of 8 for evacuation
[2.757s][debug][gc,age         ] GC(896) Desired survivor size 1114112 bytes, new threshold 1 (max threshold 6)
[2.757s][info ][gc,heap        ] GC(896) ParNew: 19101K->1967K(19648K)
[2.757s][info ][gc,heap        ] GC(896) CMS: 5855K->6642K(43712K)
[2.757s][info ][gc,metaspace   ] GC(896) Metaspace: 5319K->5319K(1056768K)
[2.757s][info ][gc             ] GC(896) Pause Young (Allocation Failure) 24M->8M(61M) 0.579ms
[2.757s][info ][gc,cpu         ] GC(896) User=0.00s Sys=0.00s Real=0.00s
[2.759s][info ][gc,start       ] GC(897) Pause Young (Allocation Failure)
[2.759s][info ][gc,task        ] GC(897) Using 8 workers of 8 for evacuation
[2.760s][debug][gc,age         ] GC(897) Desired survivor size 1114112 bytes, new threshold 1 (max threshold 6)
[2.760s][info ][gc,heap        ] GC(897) ParNew: 19368K->1179K(19648K)
[2.760s][info ][gc,heap        ] GC(897) CMS: 6642K->8205K(43712K)
[2.760s][info ][gc,metaspace   ] GC(897) Metaspace: 5319K->5319K(1056768K)
[2.760s][info ][gc             ] GC(897) Pause Young (Allocation Failure) 25M->9M(61M) 1.491ms
[2.760s][info ][gc,cpu         ] GC(897) User=0.00s Sys=0.00s Real=0.00s
[2.762s][info ][gc,start       ] GC(898) Pause Young (Allocation Failure)
[2.762s][info ][gc,task        ] GC(898) Using 8 workers of 8 for evacuation
[2.763s][debug][gc,age         ] GC(898) Desired survivor size 1114112 bytes, new threshold 1 (max threshold 6)
[2.763s][info ][gc,heap        ] GC(898) ParNew: 18289K->1177K(19648K)
[2.763s][info ][gc,heap        ] GC(898) CMS: 8205K->9378K(43712K)
[2.763s][info ][gc,metaspace   ] GC(898) Metaspace: 5319K->5319K(1056768K)
[2.763s][info ][gc             ] GC(898) Pause Young (Allocation Failure) 25M->10M(61M) 1.437ms
[2.763s][info ][gc,cpu         ] GC(898) User=0.00s Sys=0.00s Real=0.00s
[2.765s][info ][gc,start       ] GC(899) Pause Young (Allocation Failure)
[2.765s][info ][gc,task        ] GC(899) Using 8 workers of 8 for evacuation
[2.767s][debug][gc,age         ] GC(899) Desired survivor size 1114112 bytes, new threshold 1 (max threshold 6)
[2.767s][info ][gc,heap        ] GC(899) ParNew: 18359K->1570K(19648K)
[2.767s][info ][gc,heap        ] GC(899) CMS: 9378K->10160K(43712K)
[2.767s][info ][gc,metaspace   ] GC(899) Metaspace: 5319K->5319K(1056768K)
[2.767s][info ][gc             ] GC(899) Pause Young (Allocation Failure) 27M->11M(61M) 1.522ms
[2.767s][info ][gc,cpu         ] GC(899) User=0.01s Sys=0.00s Real=0.00s
[2.768s][info ][gc,start       ] GC(900) Pause Young (Allocation Failure)
[2.768s][info ][gc,task        ] GC(900) Using 8 workers of 8 for evacuation
[2.769s][debug][gc,age         ] GC(900) Desired survivor size 1114112 bytes, new threshold 1 (max threshold 6)
[2.769s][info ][gc,heap        ] GC(900) ParNew: 19025K->1177K(19648K)
[2.769s][info ][gc,heap        ] GC(900) CMS: 10160K->10551K(43712K)
[2.769s][info ][gc,metaspace   ] GC(900) Metaspace: 5319K->5319K(1056768K)
[2.769s][info ][gc             ] GC(900) Pause Young (Allocation Failure) 28M->11M(61M) 1.200ms
[2.769s][info ][gc,cpu         ] GC(900) User=0.01s Sys=0.00s Real=0.00s
[2.771s][info ][gc,start       ] GC(901) Pause Young (Allocation Failure)
[2.771s][info ][gc,task        ] GC(901) Using 8 workers of 8 for evacuation
[2.772s][debug][gc,age         ] GC(901) Desired survivor size 1114112 bytes, new threshold 6 (max threshold 6)
[2.772s][info ][gc,heap        ] GC(901) ParNew: 18583K->396K(19648K)
[2.772s][info ][gc,heap        ] GC(901) CMS: 10551K->10944K(43712K)
[2.772s][info ][gc,metaspace   ] GC(901) Metaspace: 5319K->5319K(1056768K)
[2.772s][info ][gc             ] GC(901) Pause Young (Allocation Failure) 28M->11M(61M) 0.891ms
[2.772s][info ][gc,cpu         ] GC(901) User=0.01s Sys=0.00s Real=0.00s
[2.773s][info ][gc,start       ] GC(902) Pause Young (Allocation Failure)
[2.773s][info ][gc,task        ] GC(902) Using 8 workers of 8 for evacuation
[2.774s][debug][gc,age         ] GC(902) Desired survivor size 1114112 bytes, new threshold 6 (max threshold 6)
[2.774s][info ][gc,heap        ] GC(902) ParNew: 17829K->787K(19648K)
[2.774s][info ][gc,heap        ] GC(902) CMS: 10944K->10944K(43712K)
[2.774s][info ][gc,metaspace   ] GC(902) Metaspace: 5319K->5319K(1056768K)
[2.774s][info ][gc             ] GC(902) Pause Young (Allocation Failure) 28M->11M(61M) 1.051ms
[2.774s][info ][gc,cpu         ] GC(902) User=0.01s Sys=0.00s Real=0.01s
[2.776s][info ][gc,start       ] GC(903) Pause Young (Allocation Failure)
[2.776s][info ][gc,task        ] GC(903) Using 8 workers of 8 for evacuation
[2.777s][debug][gc,age         ] GC(903) Desired survivor size 1114112 bytes, new threshold 1 (max threshold 6)
[2.777s][info ][gc,heap        ] GC(903) ParNew: 17966K->1179K(19648K)
[2.777s][info ][gc,heap        ] GC(903) CMS: 10944K->10944K(43712K)
[2.777s][info ][gc,metaspace   ] GC(903) Metaspace: 5319K->5319K(1056768K)
[2.777s][info ][gc             ] GC(903) Pause Young (Allocation Failure) 28M->11M(61M) 1.033ms
[2.777s][info ][gc,cpu         ] GC(903) User=0.01s Sys=0.00s Real=0.00s
[2.778s][info ][gc,start       ] GC(904) Pause Young (Allocation Failure)
[2.778s][info ][gc,task        ] GC(904) Using 8 workers of 8 for evacuation
[2.779s][debug][gc,age         ] GC(904) Desired survivor size 1114112 bytes, new threshold 1 (max threshold 6)
[2.779s][info ][gc,heap        ] GC(904) ParNew: 18573K->1570K(19648K)
[2.779s][info ][gc,heap        ] GC(904) CMS: 10944K->11727K(43712K)
[2.779s][info ][gc,metaspace   ] GC(904) Metaspace: 5319K->5319K(1056768K)
[2.779s][info ][gc             ] GC(904) Pause Young (Allocation Failure) 28M->12M(61M) 1.174ms
[2.779s][info ][gc,cpu         ] GC(904) User=0.01s Sys=0.00s Real=0.00s
[2.781s][info ][gc,start       ] GC(905) Pause Young (Allocation Failure)
[2.781s][info ][gc,task        ] GC(905) Using 8 workers of 8 for evacuation
[2.782s][debug][gc,age         ] GC(905) Desired survivor size 1114112 bytes, new threshold 1 (max threshold 6)
[2.782s][info ][gc,heap        ] GC(905) ParNew: 18853K->1957K(19648K)
[2.782s][info ][gc,heap        ] GC(905) CMS: 11727K->12509K(43712K)
[2.782s][info ][gc,metaspace   ] GC(905) Metaspace: 5319K->5319K(1056768K)
[2.782s][info ][gc             ] GC(905) Pause Young (Allocation Failure) 29M->14M(61M) 1.649ms
[2.782s][info ][gc,cpu         ] GC(905) User=0.01s Sys=0.00s Real=0.00s
[2.784s][info ][gc,start       ] GC(906) Pause Young (Allocation Failure)
[2.784s][info ][gc,task        ] GC(906) Using 8 workers of 8 for evacuation
[2.785s][debug][gc,age         ] GC(906) Desired survivor size 1114112 bytes, new threshold 1 (max threshold 6)
[2.785s][info ][gc,heap        ] GC(906) ParNew: 19374K->1182K(19648K)
[2.785s][info ][gc,heap        ] GC(906) CMS: 12509K->14072K(43712K)
[2.785s][info ][gc,metaspace   ] GC(906) Metaspace: 5319K->5319K(1056768K)
[2.785s][info ][gc             ] GC(906) Pause Young (Allocation Failure) 31M->14M(61M) 1.272ms
[2.785s][info ][gc,cpu         ] GC(906) User=0.01s Sys=0.00s Real=0.00s
[2.787s][info ][gc,start       ] GC(907) Pause Young (Allocation Failure)
[2.787s][info ][gc,task        ] GC(907) Using 8 workers of 8 for evacuation
[2.788s][debug][gc,age         ] GC(907) Desired survivor size 1114112 bytes, new threshold 1 (max threshold 6)
[2.788s][info ][gc,heap        ] GC(907) ParNew: 18654K->1181K(19648K)
[2.788s][info ][gc,heap        ] GC(907) CMS: 14072K->14854K(43712K)
[2.788s][info ][gc,metaspace   ] GC(907) Metaspace: 5319K->5319K(1056768K)
[2.788s][info ][gc             ] GC(907) Pause Young (Allocation Failure) 31M->15M(61M) 1.217ms
[2.788s][info ][gc,cpu         ] GC(907) User=0.00s Sys=0.00s Real=0.00s
[2.789s][info ][gc,start       ] GC(908) Pause Young (Allocation Failure)
[2.789s][info ][gc,task        ] GC(908) Using 8 workers of 8 for evacuation
[2.791s][debug][gc,age         ] GC(908) Desired survivor size 1114112 bytes, new threshold 1 (max threshold 6)
[2.792s][info ][gc,heap        ] GC(908) ParNew: 18653K->1175K(19648K)
[2.792s][info ][gc,heap        ] GC(908) CMS: 14854K->15636K(43712K)
[2.792s][info ][gc,metaspace   ] GC(908) Metaspace: 5319K->5319K(1056768K)
[2.792s][info ][gc             ] GC(908) Pause Young (Allocation Failure) 32M->16M(61M) 2.341ms
[2.792s][info ][gc,cpu         ] GC(908) User=0.00s Sys=0.00s Real=0.00s
[2.793s][info ][gc,start       ] GC(909) Pause Young (Allocation Failure)
[2.793s][info ][gc,task        ] GC(909) Using 8 workers of 8 for evacuation
[2.795s][debug][gc,age         ] GC(909) Desired survivor size 1114112 bytes, new threshold 1 (max threshold 6)
[2.795s][info ][gc,heap        ] GC(909) ParNew: 18576K->1959K(19648K)
[2.795s][info ][gc,heap        ] GC(909) CMS: 15636K->16027K(43712K)
[2.795s][info ][gc,metaspace   ] GC(909) Metaspace: 5319K->5319K(1056768K)
[2.795s][info ][gc             ] GC(909) Pause Young (Allocation Failure) 33M->17M(61M) 1.423ms
[2.795s][info ][gc,cpu         ] GC(909) User=0.00s Sys=0.00s Real=0.01s
[2.796s][info ][gc,start       ] GC(910) Pause Young (Allocation Failure)
[2.796s][info ][gc,task        ] GC(910) Using 8 workers of 8 for evacuation
[2.797s][debug][gc,age         ] GC(910) Desired survivor size 1114112 bytes, new threshold 1 (max threshold 6)
[2.798s][info ][gc,heap        ] GC(910) ParNew: 19266K->1957K(19648K)
[2.798s][info ][gc,heap        ] GC(910) CMS: 16027K->16028K(43712K)
[2.798s][info ][gc,metaspace   ] GC(910) Metaspace: 5319K->5319K(1056768K)
[2.798s][info ][gc             ] GC(910) Pause Young (Allocation Failure) 34M->17M(61M) 1.390ms
[2.798s][info ][gc,cpu         ] GC(910) User=0.00s Sys=0.00s Real=0.00s
[2.799s][info ][gc,start       ] GC(911) Pause Young (Allocation Failure)
[2.799s][info ][gc,task        ] GC(911) Using 8 workers of 8 for evacuation
[2.801s][debug][gc,age         ] GC(911) Desired survivor size 1114112 bytes, new threshold 1 (max threshold 6)
[2.801s][info ][gc,heap        ] GC(911) ParNew: 19142K->1961K(19648K)
[2.801s][info ][gc,heap        ] GC(911) CMS: 16028K->16028K(43712K)
[2.801s][info ][gc,metaspace   ] GC(911) Metaspace: 5319K->5319K(1056768K)
[2.801s][info ][gc             ] GC(911) Pause Young (Allocation Failure) 34M->17M(61M) 1.932ms
[2.801s][info ][gc,cpu         ] GC(911) User=0.01s Sys=0.00s Real=0.00s
[2.802s][info ][gc,start       ] GC(912) Pause Young (Allocation Failure)
[2.803s][info ][gc,task        ] GC(912) Using 8 workers of 8 for evacuation
[2.804s][debug][gc,age         ] GC(912) Desired survivor size 1114112 bytes, new threshold 6 (max threshold 6)
[2.804s][info ][gc,heap        ] GC(912) ParNew: 19360K->396K(19648K)
[2.804s][info ][gc,heap        ] GC(912) CMS: 16028K->17201K(43712K)
[2.804s][info ][gc,metaspace   ] GC(912) Metaspace: 5319K->5319K(1056768K)
[2.804s][info ][gc             ] GC(912) Pause Young (Allocation Failure) 34M->17M(61M) 1.179ms
[2.804s][info ][gc,cpu         ] GC(912) User=0.01s Sys=0.00s Real=0.00s
[2.805s][info ][gc,start       ] GC(913) Pause Young (Allocation Failure)
[2.805s][info ][gc,task        ] GC(913) Using 8 workers of 8 for evacuation
[2.806s][debug][gc,age         ] GC(913) Desired survivor size 1114112 bytes, new threshold 1 (max threshold 6)
[2.806s][info ][gc,heap        ] GC(913) ParNew: 17868K->1963K(19648K)
[2.806s][info ][gc,heap        ] GC(913) CMS: 17201K->17982K(43712K)
[2.806s][info ][gc,metaspace   ] GC(913) Metaspace: 5319K->5319K(1056768K)
[2.806s][info ][gc             ] GC(913) Pause Young (Allocation Failure) 34M->19M(61M) 1.003ms
[2.806s][info ][gc,cpu         ] GC(913) User=0.00s Sys=0.00s Real=0.00s
[2.807s][info ][gc,start       ] GC(914) Pause Young (Allocation Failure)
[2.807s][info ][gc,task        ] GC(914) Using 8 workers of 8 for evacuation
[2.809s][debug][gc,age         ] GC(914) Desired survivor size 1114112 bytes, new threshold 6 (max threshold 6)
[2.809s][info ][gc,heap        ] GC(914) ParNew: 19109K->400K(19648K)
[2.809s][info ][gc,heap        ] GC(914) CMS: 17982K->18765K(43712K)
[2.809s][info ][gc,metaspace   ] GC(914) Metaspace: 5319K->5319K(1056768K)
[2.809s][info ][gc             ] GC(914) Pause Young (Allocation Failure) 36M->18M(61M) 1.344ms
[2.809s][info ][gc,cpu         ] GC(914) User=0.00s Sys=0.00s Real=0.00s
[2.810s][info ][gc,start       ] GC(915) Pause Young (Allocation Failure)
[2.810s][info ][gc,task        ] GC(915) Using 8 workers of 8 for evacuation
[2.811s][debug][gc,age         ] GC(915) Desired survivor size 1114112 bytes, new threshold 1 (max threshold 6)
[2.811s][info ][gc,heap        ] GC(915) ParNew: 17604K->1959K(19648K)
[2.811s][info ][gc,heap        ] GC(915) CMS: 18765K->18765K(43712K)
[2.811s][info ][gc,metaspace   ] GC(915) Metaspace: 5319K->5319K(1056768K)
[2.811s][info ][gc             ] GC(915) Pause Young (Allocation Failure) 35M->20M(61M) 1.391ms
[2.811s][info ][gc,cpu         ] GC(915) User=0.00s Sys=0.00s Real=0.00s
[2.813s][info ][gc,start       ] GC(916) Pause Young (Allocation Failure)
[2.813s][info ][gc,task        ] GC(916) Using 8 workers of 8 for evacuation
[2.814s][debug][gc,age         ] GC(916) Desired survivor size 1114112 bytes, new threshold 1 (max threshold 6)
[2.814s][info ][gc,heap        ] GC(916) ParNew: 19407K->1957K(19648K)
[2.814s][info ][gc,heap        ] GC(916) CMS: 18765K->19938K(43712K)
[2.814s][info ][gc,metaspace   ] GC(916) Metaspace: 5319K->5319K(1056768K)
[2.814s][info ][gc             ] GC(916) Pause Young (Allocation Failure) 37M->21M(61M) 1.481ms
[2.814s][info ][gc,cpu         ] GC(916) User=0.00s Sys=0.00s Real=0.01s
[2.816s][info ][gc,start       ] GC(917) Pause Young (Allocation Failure)
[2.816s][info ][gc,task        ] GC(917) Using 8 workers of 8 for evacuation
[2.817s][debug][gc,age         ] GC(917) Desired survivor size 1114112 bytes, new threshold 1 (max threshold 6)
[2.817s][info ][gc,heap        ] GC(917) ParNew: 19393K->1181K(19648K)
[2.817s][info ][gc,heap        ] GC(917) CMS: 19938K->21501K(43712K)
[2.817s][info ][gc,metaspace   ] GC(917) Metaspace: 5319K->5319K(1056768K)
[2.817s][info ][gc             ] GC(917) Pause Young (Allocation Failure) 38M->22M(61M) 1.089ms
[2.817s][info ][gc,cpu         ] GC(917) User=0.01s Sys=0.01s Real=0.00s
[2.819s][info ][gc,start       ] GC(918) Pause Young (Allocation Failure)
[2.819s][info ][gc,task        ] GC(918) Using 8 workers of 8 for evacuation
[2.821s][debug][gc,age         ] GC(918) Desired survivor size 1114112 bytes, new threshold 1 (max threshold 6)
[2.821s][info ][gc,heap        ] GC(918) ParNew: 18295K->1566K(19648K)
[2.821s][info ][gc,heap        ] GC(918) CMS: 21501K->22674K(43712K)
[2.821s][info ][gc,metaspace   ] GC(918) Metaspace: 5319K->5319K(1056768K)
[2.821s][info ][gc             ] GC(918) Pause Young (Allocation Failure) 38M->23M(61M) 2.000ms
[2.821s][info ][gc,cpu         ] GC(918) User=0.01s Sys=0.00s Real=0.00s
[2.822s][info ][gc,start       ] GC(919) Pause Young (Allocation Failure)
[2.822s][info ][gc,task        ] GC(919) Using 8 workers of 8 for evacuation
[2.824s][debug][gc,age         ] GC(919) Desired survivor size 1114112 bytes, new threshold 1 (max threshold 6)
[2.824s][info ][gc,heap        ] GC(919) ParNew: 18891K->1957K(19648K)
[2.824s][info ][gc,heap        ] GC(919) CMS: 22674K->23456K(43712K)
[2.824s][info ][gc,metaspace   ] GC(919) Metaspace: 5319K->5319K(1056768K)
[2.824s][info ][gc             ] GC(919) Pause Young (Allocation Failure) 40M->24M(61M) 1.995ms
[2.824s][info ][gc,cpu         ] GC(919) User=0.00s Sys=0.00s Real=0.01s
[2.826s][info ][gc,start       ] GC(920) Pause Young (Allocation Failure)
[2.826s][info ][gc,task        ] GC(920) Using 8 workers of 8 for evacuation
[2.827s][debug][gc,age         ] GC(920) Desired survivor size 1114112 bytes, new threshold 1 (max threshold 6)
[2.827s][info ][gc,heap        ] GC(920) ParNew: 19429K->1570K(19648K)
[2.827s][info ][gc,heap        ] GC(920) CMS: 23456K->23850K(43712K)
[2.827s][info ][gc,metaspace   ] GC(920) Metaspace: 5319K->5319K(1056768K)
[2.827s][info ][gc             ] GC(920) Pause Young (Allocation Failure) 41M->24M(61M) 1.504ms
[2.827s][info ][gc,cpu         ] GC(920) User=0.01s Sys=0.00s Real=0.00s
[2.829s][info ][gc,start       ] GC(921) Pause Young (Allocation Failure)
[2.829s][info ][gc,task        ] GC(921) Using 8 workers of 8 for evacuation
[2.830s][debug][gc,age         ] GC(921) Desired survivor size 1114112 bytes, new threshold 1 (max threshold 6)
[2.830s][info ][gc,heap        ] GC(921) ParNew: 19036K->1572K(19648K)
[2.830s][info ][gc,heap        ] GC(921) CMS: 23850K->24632K(43712K)
[2.830s][info ][gc,metaspace   ] GC(921) Metaspace: 5319K->5319K(1056768K)
[2.830s][info ][gc             ] GC(921) Pause Young (Allocation Failure) 41M->25M(61M) 1.225ms
[2.830s][info ][gc,cpu         ] GC(921) User=0.01s Sys=0.00s Real=0.00s
[2.832s][info ][gc,start       ] GC(922) Pause Young (Allocation Failure)
[2.832s][info ][gc,task        ] GC(922) Using 8 workers of 8 for evacuation
[2.833s][debug][gc,age         ] GC(922) Desired survivor size 1114112 bytes, new threshold 1 (max threshold 6)
[2.833s][info ][gc,heap        ] GC(922) ParNew: 18867K->1965K(19648K)
[2.833s][info ][gc,heap        ] GC(922) CMS: 24632K->24632K(43712K)
[2.833s][info ][gc,metaspace   ] GC(922) Metaspace: 5319K->5319K(1056768K)
[2.833s][info ][gc             ] GC(922) Pause Young (Allocation Failure) 42M->25M(61M) 1.142ms
[2.833s][info ][gc,cpu         ] GC(922) User=0.01s Sys=0.00s Real=0.00s
[2.834s][info ][gc,start       ] GC(923) Pause Young (Allocation Failure)
[2.834s][info ][gc,task        ] GC(923) Using 8 workers of 8 for evacuation
[2.836s][debug][gc,age         ] GC(923) Desired survivor size 1114112 bytes, new threshold 1 (max threshold 6)
[2.836s][info ][gc,heap        ] GC(923) ParNew: 19413K->1568K(19648K)
[2.836s][info ][gc,heap        ] GC(923) CMS: 24632K->25805K(43712K)
[2.836s][info ][gc,metaspace   ] GC(923) Metaspace: 5319K->5319K(1056768K)
[2.836s][info ][gc             ] GC(923) Pause Young (Allocation Failure) 43M->26M(61M) 1.360ms
[2.836s][info ][gc,cpu         ] GC(923) User=0.00s Sys=0.00s Real=0.00s
[2.837s][info ][gc,start       ] GC(924) Pause Young (Allocation Failure)
[2.837s][info ][gc,task        ] GC(924) Using 8 workers of 8 for evacuation
[2.838s][debug][gc,age         ] GC(924) Desired survivor size 1114112 bytes, new threshold 6 (max threshold 6)
[2.838s][info ][gc,heap        ] GC(924) ParNew: 18746K->793K(19648K)
[2.838s][info ][gc,heap        ] GC(924) CMS: 25805K->26587K(43712K)
[2.838s][info ][gc,metaspace   ] GC(924) Metaspace: 5319K->5319K(1056768K)
[2.838s][info ][gc             ] GC(924) Pause Young (Allocation Failure) 43M->26M(61M) 0.874ms
[2.838s][info ][gc,cpu         ] GC(924) User=0.00s Sys=0.00s Real=0.00s
[2.840s][info ][gc,start       ] GC(925) Pause Young (Allocation Failure)
[2.840s][info ][gc,task        ] GC(925) Using 8 workers of 8 for evacuation
[2.841s][debug][gc,age         ] GC(925) Desired survivor size 1114112 bytes, new threshold 1 (max threshold 6)
[2.841s][info ][gc,heap        ] GC(925) ParNew: 18049K->1961K(19648K)
[2.841s][info ][gc,heap        ] GC(925) CMS: 26587K->27368K(43712K)
[2.841s][info ][gc,metaspace   ] GC(925) Metaspace: 5319K->5319K(1056768K)
[2.841s][info ][gc             ] GC(925) Pause Young (Allocation Failure) 43M->28M(61M) 1.222ms
[2.841s][info ][gc,cpu         ] GC(925) User=0.01s Sys=0.00s Real=0.00s
[2.842s][info ][gc,start       ] GC(926) Pause Young (Allocation Failure)
[2.842s][info ][gc,task        ] GC(926) Using 8 workers of 8 for evacuation
[2.844s][debug][gc,age         ] GC(926) Desired survivor size 1114112 bytes, new threshold 1 (max threshold 6)
[2.844s][info ][gc,heap        ] GC(926) ParNew: 19175K->1959K(19648K)
[2.844s][info ][gc,heap        ] GC(926) CMS: 27368K->27759K(43712K)
[2.844s][info ][gc,metaspace   ] GC(926) Metaspace: 5319K->5319K(1056768K)
[2.844s][info ][gc             ] GC(926) Pause Young (Allocation Failure) 45M->29M(61M) 1.169ms
[2.844s][info ][gc,cpu         ] GC(926) User=0.01s Sys=0.00s Real=0.00s
[2.845s][info ][gc,start       ] GC(927) Pause Young (Allocation Failure)
[2.845s][info ][gc,task        ] GC(927) Using 8 workers of 8 for evacuation
[2.847s][debug][gc,age         ] GC(927) Desired survivor size 1114112 bytes, new threshold 1 (max threshold 6)
[2.847s][info ][gc,heap        ] GC(927) ParNew: 19431K->1568K(19648K)
[2.847s][info ][gc,heap        ] GC(927) CMS: 27759K->28150K(43712K)
[2.847s][info ][gc,metaspace   ] GC(927) Metaspace: 5319K->5319K(1056768K)
[2.847s][info ][gc             ] GC(927) Pause Young (Allocation Failure) 46M->29M(61M) 2.144ms
[2.847s][info ][gc,cpu         ] GC(927) User=0.01s Sys=0.00s Real=0.00s
[2.850s][info ][gc,start       ] GC(928) Pause Young (Allocation Failure)
[2.850s][info ][gc,task        ] GC(928) Using 8 workers of 8 for evacuation
[2.851s][debug][gc,age         ] GC(928) Desired survivor size 1114112 bytes, new threshold 1 (max threshold 6)
[2.851s][info ][gc,heap        ] GC(928) ParNew: 18907K->1175K(19648K)
[2.851s][info ][gc,heap        ] GC(928) CMS: 28150K->29323K(43712K)
[2.851s][info ][gc,metaspace   ] GC(928) Metaspace: 5319K->5319K(1056768K)
[2.851s][info ][gc             ] GC(928) Pause Young (Allocation Failure) 45M->29M(61M) 1.394ms
[2.851s][info ][gc,cpu         ] GC(928) User=0.00s Sys=0.00s Real=0.00s
[2.853s][info ][gc,start       ] GC(929) Pause Young (Allocation Failure)
[2.853s][info ][gc,task        ] GC(929) Using 8 workers of 8 for evacuation
[2.854s][debug][gc,age         ] GC(929) Desired survivor size 1114112 bytes, new threshold 6 (max threshold 6)
[2.854s][info ][gc,heap        ] GC(929) ParNew: 18647K->789K(19648K)
[2.854s][info ][gc,heap        ] GC(929) CMS: 29323K->29714K(43712K)
[2.854s][info ][gc,metaspace   ] GC(929) Metaspace: 5319K->5319K(1056768K)
[2.854s][info ][gc             ] GC(929) Pause Young (Allocation Failure) 46M->29M(61M) 1.243ms
[2.854s][info ][gc,cpu         ] GC(929) User=0.00s Sys=0.00s Real=0.01s
[2.855s][info ][gc,start       ] GC(930) Pause Young (Allocation Failure)
[2.855s][info ][gc,task        ] GC(930) Using 8 workers of 8 for evacuation
[2.856s][debug][gc,age         ] GC(930) Desired survivor size 1114112 bytes, new threshold 1 (max threshold 6)
[2.856s][info ][gc,heap        ] GC(930) ParNew: 18076K->1961K(19648K)
[2.856s][info ][gc,heap        ] GC(930) CMS: 29714K->30105K(43712K)
[2.856s][info ][gc,metaspace   ] GC(930) Metaspace: 5319K->5319K(1056768K)
[2.856s][info ][gc             ] GC(930) Pause Young (Allocation Failure) 46M->31M(61M) 1.231ms
[2.856s][info ][gc,cpu         ] GC(930) User=0.00s Sys=0.00s Real=0.00s
[2.858s][info ][gc,start       ] GC(931) Pause Young (Allocation Failure)
[2.858s][info ][gc,task        ] GC(931) Using 8 workers of 8 for evacuation
[2.859s][debug][gc,age         ] GC(931) Desired survivor size 1114112 bytes, new threshold 1 (max threshold 6)
[2.859s][info ][gc,heap        ] GC(931) ParNew: 19423K->1182K(19648K)
[2.859s][info ][gc,heap        ] GC(931) CMS: 30105K->31278K(43712K)
[2.859s][info ][gc,metaspace   ] GC(931) Metaspace: 5319K->5319K(1056768K)
[2.859s][info ][gc             ] GC(931) Pause Young (Allocation Failure) 48M->31M(61M) 1.029ms
[2.859s][info ][gc,cpu         ] GC(931) User=0.01s Sys=0.00s Real=0.00s
[2.861s][info ][gc,start       ] GC(932) Pause Young (Allocation Failure)
[2.861s][info ][gc,task        ] GC(932) Using 8 workers of 8 for evacuation
[2.862s][debug][gc,age         ] GC(932) Desired survivor size 1114112 bytes, new threshold 1 (max threshold 6)
[2.862s][info ][gc,heap        ] GC(932) ParNew: 18654K->1182K(19648K)
[2.862s][info ][gc,heap        ] GC(932) CMS: 31278K->32451K(43712K)
[2.862s][info ][gc,metaspace   ] GC(932) Metaspace: 5319K->5319K(1056768K)
[2.862s][info ][gc             ] GC(932) Pause Young (Allocation Failure) 48M->32M(61M) 1.464ms
[2.862s][info ][gc,cpu         ] GC(932) User=0.01s Sys=0.00s Real=0.00s
[2.863s][info ][gc,start       ] GC(933) Pause Initial Mark
[2.863s][info ][gc             ] GC(933) Pause Initial Mark 33M->33M(61M) 0.088ms
[2.863s][info ][gc,cpu         ] GC(933) User=0.00s Sys=0.00s Real=0.00s
[2.863s][info ][gc             ] GC(933) Concurrent Mark
[2.863s][info ][gc,task        ] GC(933) Using 2 workers of 2 for marking
[2.864s][info ][gc             ] GC(933) Concurrent Mark 1.437ms
[2.864s][info ][gc,cpu         ] GC(933) User=0.00s Sys=0.00s Real=0.01s
[2.864s][info ][gc             ] GC(933) Concurrent Preclean
[2.864s][info ][gc             ] GC(933) Concurrent Preclean 0.156ms
[2.864s][info ][gc,cpu         ] GC(933) User=0.00s Sys=0.00s Real=0.00s
[2.864s][info ][gc             ] GC(933) Concurrent Abortable Preclean
[2.865s][info ][gc,start       ] GC(934) Pause Young (Allocation Failure)
[2.865s][info ][gc,task        ] GC(934) Using 8 workers of 8 for evacuation
[2.866s][debug][gc,age         ] GC(934) Desired survivor size 1114112 bytes, new threshold 1 (max threshold 6)
[2.866s][info ][gc,heap        ] GC(934) ParNew: 18323K->1574K(19648K)
[2.866s][info ][gc,heap        ] GC(934) CMS: 32451K->32842K(43712K)
[2.866s][info ][gc,metaspace   ] GC(934) Metaspace: 5319K->5319K(1056768K)
[2.866s][info ][gc             ] GC(934) Pause Young (Allocation Failure) 49M->33M(61M) 1.269ms
[2.867s][info ][gc,cpu         ] GC(934) User=0.01s Sys=0.00s Real=0.00s
[2.868s][info ][gc,start       ] GC(935) Pause Young (Allocation Failure)
[2.868s][info ][gc,task        ] GC(935) Using 8 workers of 8 for evacuation
[2.869s][debug][gc,age         ] GC(935) Desired survivor size 1114112 bytes, new threshold 1 (max threshold 6)
[2.869s][info ][gc,heap        ] GC(935) ParNew: 18852K->1967K(19648K)
[2.869s][info ][gc,heap        ] GC(935) CMS: 32842K->33233K(43712K)
[2.869s][info ][gc,metaspace   ] GC(935) Metaspace: 5319K->5319K(1056768K)
[2.869s][info ][gc             ] GC(935) Pause Young (Allocation Failure) 50M->34M(61M) 1.172ms
[2.869s][info ][gc,cpu         ] GC(935) User=0.01s Sys=0.00s Real=0.00s
[2.871s][info ][gc,start       ] GC(936) Pause Young (Allocation Failure)
[2.871s][info ][gc,task        ] GC(936) Using 8 workers of 8 for evacuation
[2.872s][debug][gc,age         ] GC(936) Desired survivor size 1114112 bytes, new threshold 1 (max threshold 6)
[2.872s][info ][gc,heap        ] GC(936) ParNew: 19148K->1961K(19648K)
[2.872s][info ][gc,heap        ] GC(936) CMS: 33233K->33624K(43712K)
[2.872s][info ][gc,metaspace   ] GC(936) Metaspace: 5319K->5319K(1056768K)
[2.872s][info ][gc             ] GC(936) Pause Young (Allocation Failure) 51M->34M(61M) 1.227ms
[2.872s][info ][gc,cpu         ] GC(936) User=0.00s Sys=0.00s Real=0.00s
[2.873s][info ][gc,start       ] GC(937) Pause Young (Allocation Failure)
[2.873s][info ][gc,task        ] GC(937) Using 8 workers of 8 for evacuation
[2.874s][debug][gc,age         ] GC(937) Desired survivor size 1114112 bytes, new threshold 1 (max threshold 6)
[2.874s][info ][gc,heap        ] GC(937) ParNew: 19175K->1959K(19648K)
[2.874s][info ][gc,heap        ] GC(937) CMS: 33624K->33624K(43712K)
[2.874s][info ][gc,metaspace   ] GC(937) Metaspace: 5319K->5319K(1056768K)
[2.874s][info ][gc             ] GC(937) Pause Young (Allocation Failure) 51M->34M(61M) 1.146ms
[2.874s][info ][gc,cpu         ] GC(937) User=0.00s Sys=0.00s Real=0.01s
[2.876s][info ][gc,start       ] GC(938) Pause Young (Allocation Failure)
[2.876s][info ][gc,task        ] GC(938) Using 8 workers of 8 for evacuation
[2.876s][debug][gc,age         ] GC(938) Desired survivor size 1114112 bytes, new threshold 1 (max threshold 6)
[2.876s][info ][gc,heap        ] GC(938) ParNew: 19096K->1963K(19648K)
[2.876s][info ][gc,heap        ] GC(938) CMS: 33624K->33624K(43712K)
[2.876s][info ][gc,metaspace   ] GC(938) Metaspace: 5319K->5319K(1056768K)
[2.876s][info ][gc             ] GC(938) Pause Young (Allocation Failure) 51M->34M(61M) 0.496ms
[2.876s][info ][gc,cpu         ] GC(938) User=0.00s Sys=0.00s Real=0.00s
[2.878s][info ][gc,start       ] GC(939) Pause Young (Allocation Failure)
[2.878s][info ][gc,task        ] GC(939) Using 8 workers of 8 for evacuation
[2.879s][debug][gc,age         ] GC(939) Desired survivor size 1114112 bytes, new threshold 1 (max threshold 6)
[2.879s][info ][gc,heap        ] GC(939) ParNew: 19152K->1963K(19648K)
[2.879s][info ][gc,heap        ] GC(939) CMS: 33624K->34015K(43712K)
[2.879s][info ][gc,metaspace   ] GC(939) Metaspace: 5319K->5319K(1056768K)
[2.880s][info ][gc             ] GC(939) Pause Young (Allocation Failure) 51M->35M(61M) 1.430ms
[2.880s][info ][gc,cpu         ] GC(939) User=0.01s Sys=0.00s Real=0.00s
[2.881s][info ][gc,start       ] GC(940) Pause Young (Allocation Failure)
[2.881s][info ][gc,task        ] GC(940) Using 8 workers of 8 for evacuation
[2.882s][debug][gc,age         ] GC(940) Desired survivor size 1114112 bytes, new threshold 1 (max threshold 6)
[2.882s][info ][gc,heap        ] GC(940) ParNew: 19332K->1184K(19648K)
[2.882s][info ][gc,heap        ] GC(940) CMS: 34015K->35189K(43712K)
[2.882s][info ][gc,metaspace   ] GC(940) Metaspace: 5319K->5319K(1056768K)
[2.882s][info ][gc             ] GC(940) Pause Young (Allocation Failure) 52M->35M(61M) 0.713ms
[2.882s][info ][gc,cpu         ] GC(940) User=0.00s Sys=0.00s Real=0.00s
[2.884s][info ][gc,start       ] GC(941) Pause Young (Allocation Failure)
[2.884s][info ][gc,task        ] GC(941) Using 8 workers of 8 for evacuation
[2.885s][debug][gc,age         ] GC(941) Desired survivor size 1114112 bytes, new threshold 1 (max threshold 6)
[2.885s][info ][gc,heap        ] GC(941) ParNew: 18313K->1568K(19648K)
[2.885s][info ][gc,heap        ] GC(941) CMS: 35189K->35579K(43712K)
[2.885s][info ][gc,metaspace   ] GC(941) Metaspace: 5319K->5319K(1056768K)
[2.886s][info ][gc             ] GC(941) Pause Young (Allocation Failure) 52M->36M(61M) 1.387ms
[2.886s][info ][gc,cpu         ] GC(941) User=0.01s Sys=0.00s Real=0.00s
[2.887s][info ][gc,start       ] GC(942) Pause Young (Allocation Failure)
[2.887s][info ][gc,task        ] GC(942) Using 8 workers of 8 for evacuation
[2.889s][debug][gc,age         ] GC(942) Desired survivor size 1114112 bytes, new threshold 1 (max threshold 6)
[2.889s][info ][gc,heap        ] GC(942) ParNew: 18742K->1957K(19648K)
[2.889s][info ][gc,heap        ] GC(942) CMS: 35579K->35580K(43712K)
[2.889s][info ][gc,metaspace   ] GC(942) Metaspace: 5319K->5319K(1056768K)
[2.889s][info ][gc             ] GC(942) Pause Young (Allocation Failure) 53M->36M(61M) 2.273ms
[2.889s][info ][gc,cpu         ] GC(942) User=0.01s Sys=0.00s Real=0.00s
[2.891s][info ][gc,start       ] GC(943) Pause Young (Allocation Failure)
[2.891s][info ][gc,task        ] GC(943) Using 8 workers of 8 for evacuation
[2.894s][debug][gc,age         ] GC(943) Desired survivor size 1114112 bytes, new threshold 1 (max threshold 6)
[2.894s][info ][gc,heap        ] GC(943) ParNew: 19340K->1173K(19648K)
[2.894s][info ][gc,heap        ] GC(943) CMS: 35580K->36753K(43712K)
[2.894s][info ][gc,metaspace   ] GC(943) Metaspace: 5319K->5319K(1056768K)
[2.894s][info ][gc             ] GC(943) Pause Young (Allocation Failure) 53M->37M(61M) 2.228ms
[2.894s][info ][gc,cpu         ] GC(943) User=0.00s Sys=0.00s Real=0.00s
[2.895s][info ][gc,start       ] GC(944) Pause Young (Allocation Failure)
[2.895s][info ][gc,task        ] GC(944) Using 8 workers of 8 for evacuation
[2.897s][debug][gc,age         ] GC(944) Desired survivor size 1114112 bytes, new threshold 1 (max threshold 6)
[2.897s][info ][gc,heap        ] GC(944) ParNew: 18448K->1965K(19648K)
[2.897s][info ][gc,heap        ] GC(944) CMS: 36753K->37144K(43712K)
[2.897s][info ][gc,metaspace   ] GC(944) Metaspace: 5319K->5319K(1056768K)
[2.897s][info ][gc             ] GC(944) Pause Young (Allocation Failure) 53M->38M(61M) 1.617ms
[2.897s][info ][gc,cpu         ] GC(944) User=0.01s Sys=0.00s Real=0.00s
[2.899s][info ][gc,start       ] GC(945) Pause Young (Allocation Failure)
[2.899s][info ][gc,task        ] GC(945) Using 8 workers of 8 for evacuation
[2.900s][debug][gc,age         ] GC(945) Desired survivor size 1114112 bytes, new threshold 1 (max threshold 6)
[2.900s][info ][gc,heap        ] GC(945) ParNew: 19146K->1572K(19648K)
[2.900s][info ][gc,heap        ] GC(945) CMS: 37144K->37144K(43712K)
[2.900s][info ][gc,metaspace   ] GC(945) Metaspace: 5319K->5319K(1056768K)
[2.900s][info ][gc             ] GC(945) Pause Young (Allocation Failure) 54M->37M(61M) 1.402ms
[2.900s][info ][gc,cpu         ] GC(945) User=0.01s Sys=0.00s Real=0.00s
[2.901s][info ][gc,start       ] GC(946) Pause Young (Allocation Failure)
[2.901s][info ][gc,task        ] GC(946) Using 8 workers of 8 for evacuation
[2.903s][debug][gc,age         ] GC(946) Desired survivor size 1114112 bytes, new threshold 6 (max threshold 6)
[2.903s][info ][gc,heap        ] GC(946) ParNew: 18784K->791K(19648K)
[2.903s][info ][gc,heap        ] GC(946) CMS: 37144K->37144K(43712K)
[2.903s][info ][gc,metaspace   ] GC(946) Metaspace: 5319K->5319K(1056768K)
[2.903s][info ][gc             ] GC(946) Pause Young (Allocation Failure) 54M->37M(61M) 1.534ms
[2.903s][info ][gc,cpu         ] GC(946) User=0.00s Sys=0.00s Real=0.00s
[2.904s][info ][gc,start       ] GC(947) Pause Young (Allocation Failure)
[2.904s][info ][gc,task        ] GC(947) Using 8 workers of 8 for evacuation
[2.906s][debug][gc,age         ] GC(947) Desired survivor size 1114112 bytes, new threshold 1 (max threshold 6)
[2.906s][info ][gc,heap        ] GC(947) ParNew: 17879K->1566K(19648K)
[2.906s][info ][gc,heap        ] GC(947) CMS: 37144K->37144K(43712K)
[2.906s][info ][gc,metaspace   ] GC(947) Metaspace: 5319K->5319K(1056768K)
[2.906s][info ][gc             ] GC(947) Pause Young (Allocation Failure) 53M->37M(61M) 1.709ms
[2.906s][info ][gc,cpu         ] GC(947) User=0.00s Sys=0.00s Real=0.00s
[2.908s][info ][gc,start       ] GC(948) Pause Young (Allocation Failure)
[2.908s][info ][gc,task        ] GC(948) Using 8 workers of 8 for evacuation
[2.910s][debug][gc,age         ] GC(948) Desired survivor size 1114112 bytes, new threshold 1 (max threshold 6)
[2.910s][info ][gc,heap        ] GC(948) ParNew: 18929K->1572K(19648K)
[2.910s][info ][gc,heap        ] GC(948) CMS: 37144K->37536K(43712K)
[2.910s][info ][gc,metaspace   ] GC(948) Metaspace: 5319K->5319K(1056768K)
[2.910s][info ][gc             ] GC(948) Pause Young (Allocation Failure) 54M->38M(61M) 1.590ms
[2.910s][info ][gc,cpu         ] GC(948) User=0.00s Sys=0.00s Real=0.00s
[2.911s][info ][gc,start       ] GC(949) Pause Young (Allocation Failure)
[2.911s][info ][gc,task        ] GC(949) Using 8 workers of 8 for evacuation
[2.914s][debug][gc,age         ] GC(949) Desired survivor size 1114112 bytes, new threshold 1 (max threshold 6)
[2.914s][info ][gc,heap        ] GC(949) ParNew: 18789K->1957K(19648K)
[2.914s][info ][gc,heap        ] GC(949) CMS: 37536K->38317K(43712K)
[2.914s][info ][gc,metaspace   ] GC(949) Metaspace: 5319K->5319K(1056768K)
[2.914s][info ][gc             ] GC(949) Pause Young (Allocation Failure) 55M->39M(61M) 2.567ms
[2.914s][info ][gc,cpu         ] GC(949) User=0.01s Sys=0.00s Real=0.01s
[2.915s][info ][gc,start       ] GC(950) Pause Young (Allocation Failure)
[2.916s][info ][gc,task        ] GC(950) Using 8 workers of 8 for evacuation
[2.917s][debug][gc,age         ] GC(950) Desired survivor size 1114112 bytes, new threshold 1 (max threshold 6)
[2.917s][info ][gc,heap        ] GC(950) ParNew: 19319K->1175K(19648K)
[2.917s][info ][gc,heap        ] GC(950) CMS: 38317K->39491K(43712K)
[2.917s][info ][gc,metaspace   ] GC(950) Metaspace: 5319K->5319K(1056768K)
[2.918s][info ][gc             ] GC(950) Pause Young (Allocation Failure) 56M->39M(61M) 2.033ms
[2.918s][info ][gc,cpu         ] GC(950) User=0.01s Sys=0.00s Real=0.00s
[2.919s][info ][gc,start       ] GC(951) Pause Young (Allocation Failure)
[2.919s][info ][gc,task        ] GC(951) Using 8 workers of 8 for evacuation
[2.920s][debug][gc,age         ] GC(951) Desired survivor size 1114112 bytes, new threshold 1 (max threshold 6)
[2.921s][info ][gc,heap        ] GC(951) ParNew: 18443K->1957K(19648K)
[2.921s][info ][gc,heap        ] GC(951) CMS: 39491K->39882K(43712K)
[2.921s][info ][gc,metaspace   ] GC(951) Metaspace: 5319K->5319K(1056768K)
[2.921s][info ][gc             ] GC(951) Pause Young (Allocation Failure) 56M->40M(61M) 1.526ms
[2.921s][info ][gc,cpu         ] GC(951) User=0.00s Sys=0.00s Real=0.00s
[2.922s][info ][gc,start       ] GC(952) Pause Young (Allocation Failure)
[2.922s][info ][gc,task        ] GC(952) Using 8 workers of 8 for evacuation
[2.924s][debug][gc,age         ] GC(952) Desired survivor size 1114112 bytes, new threshold 1 (max threshold 6)
[2.924s][info ][gc,heap        ] GC(952) ParNew: 19429K->1566K(19648K)
[2.924s][info ][gc,heap        ] GC(952) CMS: 39882K->40664K(43712K)
[2.924s][info ][gc,metaspace   ] GC(952) Metaspace: 5319K->5319K(1056768K)
[2.924s][info ][gc             ] GC(952) Pause Young (Allocation Failure) 57M->41M(61M) 2.051ms
[2.924s][info ][gc,cpu         ] GC(952) User=0.01s Sys=0.00s Real=0.01s
[2.926s][info ][gc,start       ] GC(953) Pause Young (Allocation Failure)
[2.926s][info ][gc,task        ] GC(953) Using 8 workers of 8 for evacuation
[2.928s][debug][gc,age         ] GC(953) Desired survivor size 1114112 bytes, new threshold 1 (max threshold 6)
[2.928s][info ][gc,heap        ] GC(953) ParNew: 18777K->1961K(19648K)
[2.928s][info ][gc,heap        ] GC(953) CMS: 40664K->41446K(43712K)
[2.928s][info ][gc,metaspace   ] GC(953) Metaspace: 5319K->5319K(1056768K)
[2.928s][info ][gc             ] GC(953) Pause Young (Allocation Failure) 58M->42M(61M) 1.568ms
[2.928s][info ][gc,cpu         ] GC(953) User=0.00s Sys=0.00s Real=0.00s
[2.929s][info ][gc,start       ] GC(954) Pause Young (Allocation Failure)
[2.929s][info ][gc,task        ] GC(954) Using 8 workers of 8 for evacuation
[2.931s][debug][gc,age         ] GC(954) Desired survivor size 1114112 bytes, new threshold 1 (max threshold 6)
[2.931s][info ][gc,heap        ] GC(954) ParNew: 19189K->1963K(19648K)
[2.931s][info ][gc,heap        ] GC(954) CMS: 41446K->42227K(43712K)
[2.931s][info ][gc,metaspace   ] GC(954) Metaspace: 5319K->5319K(1056768K)
[2.931s][info ][gc             ] GC(954) Pause Young (Allocation Failure) 59M->43M(61M) 1.338ms
[2.931s][info ][gc,cpu         ] GC(954) User=0.01s Sys=0.00s Real=0.00s
[2.932s][info ][gc,start       ] GC(955) Pause Young (Allocation Failure)
[2.932s][info ][gc,task        ] GC(955) Using 8 workers of 8 for evacuation
[2.933s][debug][gc,age         ] GC(955) Desired survivor size 1114112 bytes, new threshold 1 (max threshold 6)
[2.933s][info ][gc,heap        ] GC(955) ParNew: 19160K->1965K(19648K)
[2.933s][info ][gc,heap        ] GC(955) CMS: 42227K->43009K(43712K)
[2.933s][info ][gc,metaspace   ] GC(955) Metaspace: 5319K->5319K(1056768K)
[2.933s][info ][gc             ] GC(955) Pause Young (Allocation Failure) 59M->43M(61M) 1.262ms
[2.933s][info ][gc,cpu         ] GC(955) User=0.01s Sys=0.00s Real=0.00s
[2.933s][info ][gc             ] GC(933) Concurrent Abortable Preclean 68.838ms
[2.933s][info ][gc,cpu         ] GC(933) User=0.28s Sys=0.02s Real=0.06s
[2.934s][info ][gc,start       ] GC(933) Pause Remark
[2.934s][debug][gc,phases      ] GC(933) Rescan (parallel) 0.370ms
[2.934s][debug][gc,phases      ] GC(933) Reference Processing 0.012ms
[2.934s][debug][gc,phases      ] GC(933) Weak Processing 0.005ms
[2.934s][debug][gc,phases      ] GC(933) ClassLoaderData 0.010ms
[2.934s][debug][gc,phases      ] GC(933) ProtectionDomainCacheTable 0.002ms
[2.934s][debug][gc,phases      ] GC(933) ResolvedMethodTable 0.007ms
[2.934s][debug][gc,phases      ] GC(933) Class Unloading 0.167ms
[2.935s][debug][gc,phases      ] GC(933) Scrub Symbol Table 0.450ms
[2.935s][debug][gc,phases      ] GC(933) Scrub String Table 0.020ms
[2.935s][info ][gc             ] GC(933) Pause Remark 44M->44M(61M) 1.241ms
[2.935s][info ][gc,cpu         ] GC(933) User=0.00s Sys=0.00s Real=0.00s
[2.935s][info ][gc             ] GC(933) Concurrent Sweep
[2.936s][info ][gc             ] GC(933) Concurrent Sweep 0.663ms
[2.936s][info ][gc,cpu         ] GC(933) User=0.00s Sys=0.00s Real=0.00s
[2.936s][info ][gc             ] GC(933) Concurrent Reset
[2.936s][info ][gc             ] GC(933) Concurrent Reset 0.046ms
[2.936s][info ][gc,cpu         ] GC(933) User=0.00s Sys=0.00s Real=0.00s
[2.936s][info ][gc,heap        ] GC(933) Old: 32451K->12904K(43712K)
[2.937s][info ][gc,start       ] GC(956) Pause Young (Allocation Failure)
[2.937s][info ][gc,task        ] GC(956) Using 8 workers of 8 for evacuation
[2.938s][debug][gc,age         ] GC(956) Desired survivor size 1114112 bytes, new threshold 1 (max threshold 6)
[2.938s][info ][gc,heap        ] GC(956) ParNew: 19351K->1566K(19648K)
[2.938s][info ][gc,heap        ] GC(956) CMS: 12904K->13686K(43712K)
[2.938s][info ][gc,metaspace   ] GC(956) Metaspace: 5319K->5319K(1056768K)
[2.938s][info ][gc             ] GC(956) Pause Young (Allocation Failure) 31M->14M(61M) 1.546ms
[2.938s][info ][gc,cpu         ] GC(956) User=0.00s Sys=0.00s Real=0.00s
[2.940s][info ][gc,start       ] GC(957) Pause Young (Allocation Failure)
[2.940s][info ][gc,task        ] GC(957) Using 8 workers of 8 for evacuation
[2.942s][debug][gc,age         ] GC(957) Desired survivor size 1114112 bytes, new threshold 1 (max threshold 6)
[2.942s][info ][gc,heap        ] GC(957) ParNew: 19038K->1957K(19648K)
[2.942s][info ][gc,heap        ] GC(957) CMS: 13686K->14077K(43712K)
[2.942s][info ][gc,metaspace   ] GC(957) Metaspace: 5319K->5319K(1056768K)
[2.942s][info ][gc             ] GC(957) Pause Young (Allocation Failure) 31M->15M(61M) 1.558ms
[2.942s][info ][gc,cpu         ] GC(957) User=0.01s Sys=0.00s Real=0.00s
[2.943s][info ][gc,start       ] GC(958) Pause Young (Allocation Failure)
[2.943s][info ][gc,task        ] GC(958) Using 8 workers of 8 for evacuation
[2.944s][debug][gc,age         ] GC(958) Desired survivor size 1114112 bytes, new threshold 1 (max threshold 6)
[2.944s][info ][gc,heap        ] GC(958) ParNew: 19184K->1959K(19648K)
[2.944s][info ][gc,heap        ] GC(958) CMS: 14077K->14077K(43712K)
[2.944s][info ][gc,metaspace   ] GC(958) Metaspace: 5319K->5319K(1056768K)
[2.944s][info ][gc             ] GC(958) Pause Young (Allocation Failure) 32M->15M(61M) 1.154ms
[2.944s][info ][gc,cpu         ] GC(958) User=0.01s Sys=0.00s Real=0.01s
[2.946s][info ][gc,start       ] GC(959) Pause Young (Allocation Failure)
[2.946s][info ][gc,task        ] GC(959) Using 8 workers of 8 for evacuation
[2.947s][debug][gc,age         ] GC(959) Desired survivor size 1114112 bytes, new threshold 1 (max threshold 6)
[2.947s][info ][gc,heap        ] GC(959) ParNew: 19155K->1959K(19648K)
[2.947s][info ][gc,heap        ] GC(959) CMS: 14077K->14468K(43712K)
[2.947s][info ][gc,metaspace   ] GC(959) Metaspace: 5319K->5319K(1056768K)
[2.947s][info ][gc             ] GC(959) Pause Young (Allocation Failure) 32M->16M(61M) 1.218ms
[2.947s][info ][gc,cpu         ] GC(959) User=0.00s Sys=0.00s Real=0.00s
[2.949s][info ][gc,start       ] GC(960) Pause Young (Allocation Failure)
[2.949s][info ][gc,task        ] GC(960) Using 8 workers of 8 for evacuation
[2.950s][debug][gc,age         ] GC(960) Desired survivor size 1114112 bytes, new threshold 1 (max threshold 6)
[2.950s][info ][gc,heap        ] GC(960) ParNew: 19086K->1959K(19648K)
[2.950s][info ][gc,heap        ] GC(960) CMS: 14468K->15250K(43712K)
[2.950s][info ][gc,metaspace   ] GC(960) Metaspace: 5319K->5319K(1056768K)
[2.950s][info ][gc             ] GC(960) Pause Young (Allocation Failure) 32M->16M(61M) 1.426ms
[2.950s][info ][gc,cpu         ] GC(960) User=0.00s Sys=0.00s Real=0.00s
[2.952s][info ][gc,start       ] GC(961) Pause Young (Allocation Failure)
[2.952s][info ][gc,task        ] GC(961) Using 8 workers of 8 for evacuation
[2.953s][debug][gc,age         ] GC(961) Desired survivor size 1114112 bytes, new threshold 1 (max threshold 6)
[2.953s][info ][gc,heap        ] GC(961) ParNew: 19431K->1177K(19648K)
[2.953s][info ][gc,heap        ] GC(961) CMS: 15250K->16423K(43712K)
[2.953s][info ][gc,metaspace   ] GC(961) Metaspace: 5319K->5319K(1056768K)
[2.953s][info ][gc             ] GC(961) Pause Young (Allocation Failure) 33M->17M(61M) 1.265ms
[2.953s][info ][gc,cpu         ] GC(961) User=0.00s Sys=0.00s Real=0.00s
[2.954s][info ][gc,start       ] GC(962) Pause Young (Allocation Failure)
[2.954s][info ][gc,task        ] GC(962) Using 8 workers of 8 for evacuation
[2.955s][debug][gc,age         ] GC(962) Desired survivor size 1114112 bytes, new threshold 6 (max threshold 6)
[2.955s][info ][gc,heap        ] GC(962) ParNew: 18565K->787K(19648K)
[2.955s][info ][gc,heap        ] GC(962) CMS: 16423K->17596K(43712K)
[2.955s][info ][gc,metaspace   ] GC(962) Metaspace: 5319K->5319K(1056768K)
[2.955s][info ][gc             ] GC(962) Pause Young (Allocation Failure) 34M->17M(61M) 1.187ms
[2.955s][info ][gc,cpu         ] GC(962) User=0.00s Sys=0.00s Real=0.00s
[2.957s][info ][gc,start       ] GC(963) Pause Young (Allocation Failure)
[2.957s][info ][gc,task        ] GC(963) Using 8 workers of 8 for evacuation
[2.958s][debug][gc,age         ] GC(963) Desired survivor size 1114112 bytes, new threshold 1 (max threshold 6)
[2.958s][info ][gc,heap        ] GC(963) ParNew: 18256K->1959K(19648K)
[2.958s][info ][gc,heap        ] GC(963) CMS: 17596K->17596K(43712K)
[2.958s][info ][gc,metaspace   ] GC(963) Metaspace: 5319K->5319K(1056768K)
[2.958s][info ][gc             ] GC(963) Pause Young (Allocation Failure) 35M->19M(61M) 1.183ms
[2.958s][info ][gc,cpu         ] GC(963) User=0.00s Sys=0.00s Real=0.00s
[2.959s][info ][gc,start       ] GC(964) Pause Young (Allocation Failure)
[2.960s][info ][gc,task        ] GC(964) Using 8 workers of 8 for evacuation
[2.960s][debug][gc,age         ] GC(964) Desired survivor size 1114112 bytes, new threshold 1 (max threshold 6)
[2.960s][info ][gc,heap        ] GC(964) ParNew: 19431K->1184K(19648K)
[2.960s][info ][gc,heap        ] GC(964) CMS: 17596K->18769K(43712K)
[2.960s][info ][gc,metaspace   ] GC(964) Metaspace: 5319K->5319K(1056768K)
[2.960s][info ][gc             ] GC(964) Pause Young (Allocation Failure) 36M->19M(61M) 1.041ms
[2.961s][info ][gc,cpu         ] GC(964) User=0.00s Sys=0.00s Real=0.00s
[2.962s][info ][gc,start       ] GC(965) Pause Young (Allocation Failure)
[2.962s][info ][gc,task        ] GC(965) Using 8 workers of 8 for evacuation
[2.963s][debug][gc,age         ] GC(965) Desired survivor size 1114112 bytes, new threshold 1 (max threshold 6)
[2.963s][info ][gc,heap        ] GC(965) ParNew: 18411K->1963K(19648K)
[2.963s][info ][gc,heap        ] GC(965) CMS: 18769K->19160K(43712K)
[2.963s][info ][gc,metaspace   ] GC(965) Metaspace: 5319K->5319K(1056768K)
[2.963s][info ][gc             ] GC(965) Pause Young (Allocation Failure) 36M->20M(61M) 1.163ms
[2.963s][info ][gc,cpu         ] GC(965) User=0.01s Sys=0.00s Real=0.00s
[2.964s][info ][gc,start       ] GC(966) Pause Young (Allocation Failure)
[2.964s][info ][gc,task        ] GC(966) Using 8 workers of 8 for evacuation
[2.966s][debug][gc,age         ] GC(966) Desired survivor size 1114112 bytes, new threshold 1 (max threshold 6)
[2.966s][info ][gc,heap        ] GC(966) ParNew: 19220K->1959K(19648K)
[2.966s][info ][gc,heap        ] GC(966) CMS: 19160K->19551K(43712K)
[2.966s][info ][gc,metaspace   ] GC(966) Metaspace: 5319K->5319K(1056768K)
[2.966s][info ][gc             ] GC(966) Pause Young (Allocation Failure) 37M->21M(61M) 1.207ms
[2.966s][info ][gc,cpu         ] GC(966) User=0.01s Sys=0.00s Real=0.00s
[2.967s][info ][gc,start       ] GC(967) Pause Young (Allocation Failure)
[2.967s][info ][gc,task        ] GC(967) Using 8 workers of 8 for evacuation
[2.969s][debug][gc,age         ] GC(967) Desired survivor size 1114112 bytes, new threshold 1 (max threshold 6)
[2.969s][info ][gc,heap        ] GC(967) ParNew: 19431K->1566K(19648K)
[2.969s][info ][gc,heap        ] GC(967) CMS: 19551K->19943K(43712K)
[2.969s][info ][gc,metaspace   ] GC(967) Metaspace: 5319K->5319K(1056768K)
[2.969s][info ][gc             ] GC(967) Pause Young (Allocation Failure) 38M->21M(61M) 1.423ms
[2.969s][info ][gc,cpu         ] GC(967) User=0.00s Sys=0.00s Real=0.00s
[2.970s][info ][gc,start       ] GC(968) Pause Young (Allocation Failure)
[2.970s][info ][gc,task        ] GC(968) Using 8 workers of 8 for evacuation
[2.971s][debug][gc,age         ] GC(968) Desired survivor size 1114112 bytes, new threshold 1 (max threshold 6)
[2.971s][info ][gc,heap        ] GC(968) ParNew: 18753K->1572K(19648K)
[2.971s][info ][gc,heap        ] GC(968) CMS: 19943K->20334K(43712K)
[2.971s][info ][gc,metaspace   ] GC(968) Metaspace: 5319K->5319K(1056768K)
[2.971s][info ][gc             ] GC(968) Pause Young (Allocation Failure) 37M->21M(61M) 1.321ms
[2.971s][info ][gc,cpu         ] GC(968) User=0.00s Sys=0.00s Real=0.00s
[2.973s][info ][gc,start       ] GC(969) Pause Young (Allocation Failure)
[2.973s][info ][gc,task        ] GC(969) Using 8 workers of 8 for evacuation
[2.974s][debug][gc,age         ] GC(969) Desired survivor size 1114112 bytes, new threshold 1 (max threshold 6)
[2.974s][info ][gc,heap        ] GC(969) ParNew: 18686K->1957K(19648K)
[2.974s][info ][gc,heap        ] GC(969) CMS: 20334K->21115K(43712K)
[2.974s][info ][gc,metaspace   ] GC(969) Metaspace: 5319K->5319K(1056768K)
[2.974s][info ][gc             ] GC(969) Pause Young (Allocation Failure) 38M->22M(61M) 1.416ms
[2.974s][info ][gc,cpu         ] GC(969) User=0.00s Sys=0.00s Real=0.01s
[2.976s][info ][gc,start       ] GC(970) Pause Young (Allocation Failure)
[2.976s][info ][gc,task        ] GC(970) Using 8 workers of 8 for evacuation
[2.977s][debug][gc,age         ] GC(970) Desired survivor size 1114112 bytes, new threshold 1 (max threshold 6)
[2.977s][info ][gc,heap        ] GC(970) ParNew: 19186K->1967K(19648K)
[2.977s][info ][gc,heap        ] GC(970) CMS: 21115K->21115K(43712K)
[2.977s][info ][gc,metaspace   ] GC(970) Metaspace: 5319K->5319K(1056768K)
[2.977s][info ][gc             ] GC(970) Pause Young (Allocation Failure) 39M->22M(61M) 1.186ms
[2.977s][info ][gc,cpu         ] GC(970) User=0.01s Sys=0.00s Real=0.00s
[2.979s][info ][gc,start       ] GC(971) Pause Young (Allocation Failure)
[2.979s][info ][gc,task        ] GC(971) Using 8 workers of 8 for evacuation
[2.980s][debug][gc,age         ] GC(971) Desired survivor size 1114112 bytes, new threshold 1 (max threshold 6)
[2.980s][info ][gc,heap        ] GC(971) ParNew: 19165K->1959K(19648K)
[2.980s][info ][gc,heap        ] GC(971) CMS: 21115K->21897K(43712K)
[2.980s][info ][gc,metaspace   ] GC(971) Metaspace: 5319K->5319K(1056768K)
[2.980s][info ][gc             ] GC(971) Pause Young (Allocation Failure) 39M->23M(61M) 1.460ms
[2.980s][info ][gc,cpu         ] GC(971) User=0.01s Sys=0.00s Real=0.00s
[2.982s][info ][gc,start       ] GC(972) Pause Young (Allocation Failure)
[2.982s][info ][gc,task        ] GC(972) Using 8 workers of 8 for evacuation
[2.983s][debug][gc,age         ] GC(972) Desired survivor size 1114112 bytes, new threshold 1 (max threshold 6)
[2.983s][info ][gc,heap        ] GC(972) ParNew: 19060K->1184K(19648K)
[2.983s][info ][gc,heap        ] GC(972) CMS: 21897K->22288K(43712K)
[2.983s][info ][gc,metaspace   ] GC(972) Metaspace: 5319K->5319K(1056768K)
[2.983s][info ][gc             ] GC(972) Pause Young (Allocation Failure) 39M->22M(61M) 1.283ms
[2.983s][info ][gc,cpu         ] GC(972) User=0.00s Sys=0.00s Real=0.00s
[2.985s][info ][gc,start       ] GC(973) Pause Young (Allocation Failure)
[2.985s][info ][gc,task        ] GC(973) Using 8 workers of 8 for evacuation
[2.986s][debug][gc,age         ] GC(973) Desired survivor size 1114112 bytes, new threshold 1 (max threshold 6)
[2.986s][info ][gc,heap        ] GC(973) ParNew: 18602K->1963K(19648K)
[2.986s][info ][gc,heap        ] GC(973) CMS: 22288K->22289K(43712K)
[2.986s][info ][gc,metaspace   ] GC(973) Metaspace: 5319K->5319K(1056768K)
[2.986s][info ][gc             ] GC(973) Pause Young (Allocation Failure) 39M->23M(61M) 1.227ms
[2.986s][info ][gc,cpu         ] GC(973) User=0.01s Sys=0.01s Real=0.00s
[2.988s][info ][gc,start       ] GC(974) Pause Young (Allocation Failure)
[2.988s][info ][gc,task        ] GC(974) Using 8 workers of 8 for evacuation
[2.989s][debug][gc,age         ] GC(974) Desired survivor size 1114112 bytes, new threshold 1 (max threshold 6)
[2.989s][info ][gc,heap        ] GC(974) ParNew: 19136K->1967K(19648K)
[2.989s][info ][gc,heap        ] GC(974) CMS: 22289K->22289K(43712K)
[2.989s][info ][gc,metaspace   ] GC(974) Metaspace: 5319K->5319K(1056768K)
[2.989s][info ][gc             ] GC(974) Pause Young (Allocation Failure) 40M->23M(61M) 0.965ms
[2.989s][info ][gc,cpu         ] GC(974) User=0.01s Sys=0.00s Real=0.00s
[2.990s][info ][gc,start       ] GC(975) Pause Young (Allocation Failure)
[2.990s][info ][gc,task        ] GC(975) Using 8 workers of 8 for evacuation
[2.991s][debug][gc,age         ] GC(975) Desired survivor size 1114112 bytes, new threshold 6 (max threshold 6)
[2.991s][info ][gc,heap        ] GC(975) ParNew: 19052K->394K(19648K)
[2.991s][info ][gc,heap        ] GC(975) CMS: 22289K->23071K(43712K)
[2.991s][info ][gc,metaspace   ] GC(975) Metaspace: 5319K->5319K(1056768K)
[2.991s][info ][gc             ] GC(975) Pause Young (Allocation Failure) 40M->22M(61M) 0.801ms
[2.991s][info ][gc,cpu         ] GC(975) User=0.01s Sys=0.00s Real=0.00s
[2.993s][info ][gc,start       ] GC(976) Pause Young (Allocation Failure)
[2.993s][info ][gc,task        ] GC(976) Using 8 workers of 8 for evacuation
[2.994s][debug][gc,age         ] GC(976) Desired survivor size 1114112 bytes, new threshold 1 (max threshold 6)
[2.995s][info ][gc,heap        ] GC(976) ParNew: 17634K->1957K(19648K)
[2.995s][info ][gc,heap        ] GC(976) CMS: 23071K->23071K(43712K)
[2.995s][info ][gc,metaspace   ] GC(976) Metaspace: 5319K->5319K(1056768K)
[2.995s][info ][gc             ] GC(976) Pause Young (Allocation Failure) 39M->24M(61M) 1.694ms
[2.995s][info ][gc,cpu         ] GC(976) User=0.01s Sys=0.00s Real=0.01s
[2.996s][info ][gc,start       ] GC(977) Pause Young (Allocation Failure)
[2.996s][info ][gc,task        ] GC(977) Using 8 workers of 8 for evacuation
[2.998s][debug][gc,age         ] GC(977) Desired survivor size 1114112 bytes, new threshold 1 (max threshold 6)
[2.998s][info ][gc,heap        ] GC(977) ParNew: 19422K->1564K(19648K)
[2.998s][info ][gc,heap        ] GC(977) CMS: 23071K->23463K(43712K)
[2.998s][info ][gc,metaspace   ] GC(977) Metaspace: 5319K->5319K(1056768K)
[2.998s][info ][gc             ] GC(977) Pause Young (Allocation Failure) 41M->24M(61M) 2.265ms
[2.998s][info ][gc,cpu         ] GC(977) User=0.00s Sys=0.00s Real=0.00s
[3.000s][info ][gc,start       ] GC(978) Pause Young (Allocation Failure)
[3.000s][info ][gc,task        ] GC(978) Using 8 workers of 8 for evacuation
[3.001s][debug][gc,age         ] GC(978) Desired survivor size 1114112 bytes, new threshold 1 (max threshold 6)
[3.001s][info ][gc,heap        ] GC(978) ParNew: 18718K->1963K(19648K)
[3.001s][info ][gc,heap        ] GC(978) CMS: 23463K->24244K(43712K)
[3.001s][info ][gc,metaspace   ] GC(978) Metaspace: 5319K->5319K(1056768K)
[3.001s][info ][gc             ] GC(978) Pause Young (Allocation Failure) 41M->25M(61M) 1.449ms
[3.001s][info ][gc,cpu         ] GC(978) User=0.00s Sys=0.00s Real=0.00s
[3.003s][info ][gc,start       ] GC(979) Pause Young (Allocation Failure)
[3.003s][info ][gc,task        ] GC(979) Using 8 workers of 8 for evacuation
[3.004s][debug][gc,age         ] GC(979) Desired survivor size 1114112 bytes, new threshold 6 (max threshold 6)
[3.004s][info ][gc,heap        ] GC(979) ParNew: 19343K->783K(19648K)
[3.004s][info ][gc,heap        ] GC(979) CMS: 24244K->25027K(43712K)
[3.004s][info ][gc,metaspace   ] GC(979) Metaspace: 5319K->5319K(1056768K)
[3.004s][info ][gc             ] GC(979) Pause Young (Allocation Failure) 42M->25M(61M) 1.682ms
[3.004s][info ][gc,cpu         ] GC(979) User=0.00s Sys=0.00s Real=0.01s
[3.007s][info ][gc,start       ] GC(980) Pause Young (Allocation Failure)
[3.007s][info ][gc,task        ] GC(980) Using 8 workers of 8 for evacuation
[3.008s][debug][gc,age         ] GC(980) Desired survivor size 1114112 bytes, new threshold 1 (max threshold 6)
[3.008s][info ][gc,heap        ] GC(980) ParNew: 18255K->1963K(19648K)
[3.008s][info ][gc,heap        ] GC(980) CMS: 25027K->25027K(43712K)
[3.008s][info ][gc,metaspace   ] GC(980) Metaspace: 5319K->5319K(1056768K)
[3.008s][info ][gc             ] GC(980) Pause Young (Allocation Failure) 42M->26M(61M) 1.083ms
[3.008s][info ][gc,cpu         ] GC(980) User=0.01s Sys=0.00s Real=0.00s
[3.009s][info ][gc,start       ] GC(981) Pause Young (Allocation Failure)
[3.009s][info ][gc,task        ] GC(981) Using 8 workers of 8 for evacuation
[3.011s][debug][gc,age         ] GC(981) Desired survivor size 1114112 bytes, new threshold 1 (max threshold 6)
[3.011s][info ][gc,heap        ] GC(981) ParNew: 19248K->1957K(19648K)
[3.011s][info ][gc,heap        ] GC(981) CMS: 25027K->25417K(43712K)
[3.011s][info ][gc,metaspace   ] GC(981) Metaspace: 5319K->5319K(1056768K)
[3.011s][info ][gc             ] GC(981) Pause Young (Allocation Failure) 43M->26M(61M) 1.356ms
[3.011s][info ][gc,cpu         ] GC(981) User=0.01s Sys=0.00s Real=0.00s
[3.012s][info ][gc,start       ] GC(982) Pause Young (Allocation Failure)
[3.012s][info ][gc,task        ] GC(982) Using 8 workers of 8 for evacuation
[3.013s][debug][gc,age         ] GC(982) Desired survivor size 1114112 bytes, new threshold 6 (max threshold 6)
[3.013s][info ][gc,heap        ] GC(982) ParNew: 19341K->785K(19648K)
[3.013s][info ][gc,heap        ] GC(982) CMS: 25417K->26200K(43712K)
[3.013s][info ][gc,metaspace   ] GC(982) Metaspace: 5319K->5319K(1056768K)
[3.013s][info ][gc             ] GC(982) Pause Young (Allocation Failure) 43M->26M(61M) 1.156ms
[3.013s][info ][gc,cpu         ] GC(982) User=0.01s Sys=0.00s Real=0.00s
[3.015s][info ][gc,start       ] GC(983) Pause Young (Allocation Failure)
[3.015s][info ][gc,task        ] GC(983) Using 8 workers of 8 for evacuation
[3.016s][debug][gc,age         ] GC(983) Desired survivor size 1114112 bytes, new threshold 1 (max threshold 6)
[3.016s][info ][gc,heap        ] GC(983) ParNew: 17947K->1965K(19648K)
[3.016s][info ][gc,heap        ] GC(983) CMS: 26200K->26590K(43712K)
[3.016s][info ][gc,metaspace   ] GC(983) Metaspace: 5319K->5319K(1056768K)
[3.016s][info ][gc             ] GC(983) Pause Young (Allocation Failure) 43M->27M(61M) 0.934ms
[3.016s][info ][gc,cpu         ] GC(983) User=0.00s Sys=0.00s Real=0.00s
[3.017s][info ][gc,start       ] GC(984) Pause Young (Allocation Failure)
[3.017s][info ][gc,task        ] GC(984) Using 8 workers of 8 for evacuation
[3.018s][debug][gc,age         ] GC(984) Desired survivor size 1114112 bytes, new threshold 1 (max threshold 6)
[3.018s][info ][gc,heap        ] GC(984) ParNew: 19187K->1182K(19648K)
[3.018s][info ][gc,heap        ] GC(984) CMS: 26590K->26982K(43712K)
[3.018s][info ][gc,metaspace   ] GC(984) Metaspace: 5319K->5319K(1056768K)
[3.018s][info ][gc             ] GC(984) Pause Young (Allocation Failure) 44M->27M(61M) 0.659ms
[3.018s][info ][gc,cpu         ] GC(984) User=0.00s Sys=0.00s Real=0.00s
[3.019s][info ][gc,start       ] GC(985) Pause Young (Allocation Failure)
[3.019s][info ][gc,task        ] GC(985) Using 8 workers of 8 for evacuation
[3.020s][debug][gc,age         ] GC(985) Desired survivor size 1114112 bytes, new threshold 1 (max threshold 6)
[3.020s][info ][gc,heap        ] GC(985) ParNew: 18654K->1961K(19648K)
[3.021s][info ][gc,heap        ] GC(985) CMS: 26982K->27373K(43712K)
[3.021s][info ][gc,metaspace   ] GC(985) Metaspace: 5319K->5319K(1056768K)
[3.021s][info ][gc             ] GC(985) Pause Young (Allocation Failure) 44M->28M(61M) 1.123ms
[3.021s][info ][gc,cpu         ] GC(985) User=0.00s Sys=0.00s Real=0.00s
[3.022s][info ][gc,start       ] GC(986) Pause Young (Allocation Failure)
[3.022s][info ][gc,task        ] GC(986) Using 8 workers of 8 for evacuation
[3.023s][debug][gc,age         ] GC(986) Desired survivor size 1114112 bytes, new threshold 1 (max threshold 6)
[3.023s][info ][gc,heap        ] GC(986) ParNew: 19210K->1967K(19648K)
[3.023s][info ][gc,heap        ] GC(986) CMS: 27373K->28546K(43712K)
[3.023s][info ][gc,metaspace   ] GC(986) Metaspace: 5319K->5319K(1056768K)
[3.023s][info ][gc             ] GC(986) Pause Young (Allocation Failure) 45M->29M(61M) 0.876ms
[3.023s][info ][gc,cpu         ] GC(986) User=0.00s Sys=0.00s Real=0.00s
[3.023s][info ][gc,start       ] GC(987) Pause Initial Mark
[3.023s][info ][gc             ] GC(987) Pause Initial Mark 30M->30M(61M) 0.116ms
[3.023s][info ][gc,cpu         ] GC(987) User=0.00s Sys=0.00s Real=0.00s
[3.023s][info ][gc             ] GC(987) Concurrent Mark
[3.023s][info ][gc,task        ] GC(987) Using 2 workers of 2 for marking
[3.025s][info ][gc,start       ] GC(988) Pause Young (Allocation Failure)
[3.025s][info ][gc,task        ] GC(988) Using 8 workers of 8 for evacuation
[3.026s][debug][gc,age         ] GC(988) Desired survivor size 1114112 bytes, new threshold 1 (max threshold 6)
[3.026s][info ][gc,heap        ] GC(988) ParNew: 19177K->1188K(19648K)
[3.026s][info ][gc,heap        ] GC(988) CMS: 28546K->28546K(43712K)
[3.026s][info ][gc,metaspace   ] GC(988) Metaspace: 5319K->5319K(1056768K)
[3.026s][info ][gc             ] GC(988) Pause Young (Allocation Failure) 46M->29M(61M) 0.593ms
[3.026s][info ][gc,cpu         ] GC(988) User=0.01s Sys=0.00s Real=0.00s
[3.027s][info ][gc             ] GC(987) Concurrent Mark 3.591ms
[3.027s][info ][gc,cpu         ] GC(987) User=0.02s Sys=0.00s Real=0.01s
[3.027s][info ][gc,start       ] GC(989) Pause Young (Allocation Failure)
[3.027s][info ][gc,task        ] GC(989) Using 8 workers of 8 for evacuation
[3.028s][debug][gc,age         ] GC(989) Desired survivor size 1114112 bytes, new threshold 1 (max threshold 6)
[3.028s][info ][gc,heap        ] GC(989) ParNew: 18656K->1959K(19648K)
[3.028s][info ][gc,heap        ] GC(989) CMS: 28546K->28937K(43712K)
[3.028s][info ][gc,metaspace   ] GC(989) Metaspace: 5319K->5319K(1056768K)
[3.028s][info ][gc             ] GC(989) Pause Young (Allocation Failure) 46M->30M(61M) 1.175ms
[3.028s][info ][gc,cpu         ] GC(989) User=0.00s Sys=0.00s Real=0.00s
[3.028s][info ][gc             ] GC(987) Concurrent Preclean
[3.028s][info ][gc             ] GC(987) Concurrent Preclean 0.124ms
[3.028s][info ][gc,cpu         ] GC(987) User=0.00s Sys=0.00s Real=0.00s
[3.029s][info ][gc,start       ] GC(987) Pause Remark
[3.029s][debug][gc,phases      ] GC(987) Rescan (parallel) 0.804ms
[3.029s][debug][gc,phases      ] GC(987) Reference Processing 0.011ms
[3.029s][debug][gc,phases      ] GC(987) Weak Processing 0.003ms
[3.029s][debug][gc,phases      ] GC(987) ClassLoaderData 0.008ms
[3.029s][debug][gc,phases      ] GC(987) ProtectionDomainCacheTable 0.002ms
[3.030s][debug][gc,phases      ] GC(987) ResolvedMethodTable 0.005ms
[3.030s][debug][gc,phases      ] GC(987) Class Unloading 0.151ms
[3.030s][debug][gc,phases      ] GC(987) Scrub Symbol Table 0.705ms
[3.030s][debug][gc,phases      ] GC(987) Scrub String Table 0.022ms
[3.030s][info ][gc             ] GC(987) Pause Remark 31M->31M(61M) 1.799ms
[3.030s][info ][gc,cpu         ] GC(987) User=0.01s Sys=0.00s Real=0.00s
[3.031s][info ][gc             ] GC(987) Concurrent Sweep
[3.031s][info ][gc             ] GC(987) Concurrent Sweep 0.705ms
[3.031s][info ][gc,cpu         ] GC(987) User=0.00s Sys=0.00s Real=0.00s
[3.031s][info ][gc             ] GC(987) Concurrent Reset
[3.031s][info ][gc             ] GC(987) Concurrent Reset 0.118ms
[3.031s][info ][gc,cpu         ] GC(987) User=0.00s Sys=0.00s Real=0.00s
[3.032s][info ][gc,heap        ] GC(987) Old: 28546K->2737K(43712K)
[3.032s][info ][gc,start       ] GC(990) Pause Young (Allocation Failure)
[3.032s][info ][gc,task        ] GC(990) Using 8 workers of 8 for evacuation
[3.033s][debug][gc,age         ] GC(990) Desired survivor size 1114112 bytes, new threshold 1 (max threshold 6)
[3.033s][info ][gc,heap        ] GC(990) ParNew: 19124K->1566K(19648K)
[3.033s][info ][gc,heap        ] GC(990) CMS: 2737K->3128K(43712K)
[3.033s][info ][gc,metaspace   ] GC(990) Metaspace: 5319K->5319K(1056768K)
[3.033s][info ][gc             ] GC(990) Pause Young (Allocation Failure) 21M->4M(61M) 1.266ms
[3.033s][info ][gc,cpu         ] GC(990) User=0.01s Sys=0.00s Real=0.00s
[3.035s][info ][gc,start       ] GC(991) Pause Young (Allocation Failure)
[3.035s][info ][gc,task        ] GC(991) Using 8 workers of 8 for evacuation
[3.035s][debug][gc,age         ] GC(991) Desired survivor size 1114112 bytes, new threshold 1 (max threshold 6)
[3.035s][info ][gc,heap        ] GC(991) ParNew: 18926K->1570K(19648K)
[3.035s][info ][gc,heap        ] GC(991) CMS: 3128K->3520K(43712K)
[3.035s][info ][gc,metaspace   ] GC(991) Metaspace: 5319K->5319K(1056768K)
[3.035s][info ][gc             ] GC(991) Pause Young (Allocation Failure) 21M->4M(61M) 0.555ms
[3.035s][info ][gc,cpu         ] GC(991) User=0.00s Sys=0.00s Real=0.00s
[3.037s][info ][gc,start       ] GC(992) Pause Young (Allocation Failure)
[3.037s][info ][gc,task        ] GC(992) Using 8 workers of 8 for evacuation
[3.039s][debug][gc,age         ] GC(992) Desired survivor size 1114112 bytes, new threshold 6 (max threshold 6)
[3.039s][info ][gc,heap        ] GC(992) ParNew: 18990K->789K(19648K)
[3.039s][info ][gc,heap        ] GC(992) CMS: 3520K->4302K(43712K)
[3.039s][info ][gc,metaspace   ] GC(992) Metaspace: 5319K->5319K(1056768K)
[3.039s][info ][gc             ] GC(992) Pause Young (Allocation Failure) 21M->4M(61M) 1.449ms
[3.039s][info ][gc,cpu         ] GC(992) User=0.01s Sys=0.00s Real=0.00s
[3.040s][info ][gc,start       ] GC(993) Pause Young (Allocation Failure)
[3.040s][info ][gc,task        ] GC(993) Using 8 workers of 8 for evacuation
[3.042s][debug][gc,age         ] GC(993) Desired survivor size 1114112 bytes, new threshold 1 (max threshold 6)
[3.042s][info ][gc,heap        ] GC(993) ParNew: 18089K->1957K(19648K)
[3.042s][info ][gc,heap        ] GC(993) CMS: 4302K->4302K(43712K)
[3.042s][info ][gc,metaspace   ] GC(993) Metaspace: 5319K->5319K(1056768K)
[3.042s][info ][gc             ] GC(993) Pause Young (Allocation Failure) 21M->6M(61M) 1.894ms
[3.042s][info ][gc,cpu         ] GC(993) User=0.01s Sys=0.00s Real=0.00s
[3.043s][info ][gc,start       ] GC(994) Pause Young (Allocation Failure)
[3.043s][info ][gc,task        ] GC(994) Using 8 workers of 8 for evacuation
[3.044s][debug][gc,age         ] GC(994) Desired survivor size 1114112 bytes, new threshold 1 (max threshold 6)
[3.045s][info ][gc,heap        ] GC(994) ParNew: 19200K->1957K(19648K)
[3.045s][info ][gc,heap        ] GC(994) CMS: 4302K->5084K(43712K)
[3.045s][info ][gc,metaspace   ] GC(994) Metaspace: 5319K->5319K(1056768K)
[3.045s][info ][gc             ] GC(994) Pause Young (Allocation Failure) 22M->6M(61M) 1.378ms
[3.045s][info ][gc,cpu         ] GC(994) User=0.00s Sys=0.00s Real=0.01s
[3.046s][info ][gc,start       ] GC(995) Pause Young (Allocation Failure)
[3.046s][info ][gc,task        ] GC(995) Using 8 workers of 8 for evacuation
[3.048s][debug][gc,age         ] GC(995) Desired survivor size 1114112 bytes, new threshold 1 (max threshold 6)
[3.048s][info ][gc,heap        ] GC(995) ParNew: 19409K->1574K(19648K)
[3.048s][info ][gc,heap        ] GC(995) CMS: 5084K->6257K(43712K)
[3.048s][info ][gc,metaspace   ] GC(995) Metaspace: 5319K->5319K(1056768K)
[3.048s][info ][gc             ] GC(995) Pause Young (Allocation Failure) 23M->7M(61M) 1.420ms
[3.048s][info ][gc,cpu         ] GC(995) User=0.01s Sys=0.00s Real=0.00s
[3.049s][info ][gc,start       ] GC(996) Pause Young (Allocation Failure)
[3.049s][info ][gc,task        ] GC(996) Using 8 workers of 8 for evacuation
[3.050s][debug][gc,age         ] GC(996) Desired survivor size 1114112 bytes, new threshold 6 (max threshold 6)
[3.050s][info ][gc,heap        ] GC(996) ParNew: 19031K->787K(19648K)
[3.050s][info ][gc,heap        ] GC(996) CMS: 6257K->7429K(43712K)
[3.050s][info ][gc,metaspace   ] GC(996) Metaspace: 5319K->5319K(1056768K)
[3.050s][info ][gc             ] GC(996) Pause Young (Allocation Failure) 24M->8M(61M) 1.171ms
[3.050s][info ][gc,cpu         ] GC(996) User=0.01s Sys=0.00s Real=0.00s
[3.052s][info ][gc,start       ] GC(997) Pause Young (Allocation Failure)
[3.052s][info ][gc,task        ] GC(997) Using 8 workers of 8 for evacuation
[3.053s][debug][gc,age         ] GC(997) Desired survivor size 1114112 bytes, new threshold 1 (max threshold 6)
[3.053s][info ][gc,heap        ] GC(997) ParNew: 18259K->1959K(19648K)
[3.053s][info ][gc,heap        ] GC(997) CMS: 7429K->7429K(43712K)
[3.053s][info ][gc,metaspace   ] GC(997) Metaspace: 5319K->5319K(1056768K)
[3.053s][info ][gc             ] GC(997) Pause Young (Allocation Failure) 25M->9M(61M) 1.161ms
[3.053s][info ][gc,cpu         ] GC(997) User=0.01s Sys=0.00s Real=0.00s
[3.055s][info ][gc,start       ] GC(998) Pause Young (Allocation Failure)
[3.055s][info ][gc,task        ] GC(998) Using 8 workers of 8 for evacuation
[3.055s][debug][gc,age         ] GC(998) Desired survivor size 1114112 bytes, new threshold 1 (max threshold 6)
[3.055s][info ][gc,heap        ] GC(998) ParNew: 19431K->1965K(19648K)
[3.055s][info ][gc,heap        ] GC(998) CMS: 7429K->8212K(43712K)
[3.055s][info ][gc,metaspace   ] GC(998) Metaspace: 5319K->5319K(1056768K)
[3.055s][info ][gc             ] GC(998) Pause Young (Allocation Failure) 26M->9M(61M) 0.745ms
[3.055s][info ][gc,cpu         ] GC(998) User=0.01s Sys=0.00s Real=0.00s
[3.057s][info ][gc,start       ] GC(999) Pause Young (Allocation Failure)
[3.057s][info ][gc,task        ] GC(999) Using 8 workers of 8 for evacuation
[3.058s][debug][gc,age         ] GC(999) Desired survivor size 1114112 bytes, new threshold 1 (max threshold 6)
[3.058s][info ][gc,heap        ] GC(999) ParNew: 19123K->1570K(19648K)
[3.058s][info ][gc,heap        ] GC(999) CMS: 8212K->8603K(43712K)
[3.058s][info ][gc,metaspace   ] GC(999) Metaspace: 5319K->5319K(1056768K)
[3.058s][info ][gc             ] GC(999) Pause Young (Allocation Failure) 26M->9M(61M) 1.109ms
[3.058s][info ][gc,cpu         ] GC(999) User=0.01s Sys=0.00s Real=0.00s
[3.059s][info ][gc,start       ] GC(1000) Pause Young (Allocation Failure)
[3.059s][info ][gc,task        ] GC(1000) Using 8 workers of 8 for evacuation
[3.060s][debug][gc,age         ] GC(1000) Desired survivor size 1114112 bytes, new threshold 1 (max threshold 6)
[3.060s][info ][gc,heap        ] GC(1000) ParNew: 18850K->1967K(19648K)
[3.060s][info ][gc,heap        ] GC(1000) CMS: 8603K->8994K(43712K)
[3.060s][info ][gc,metaspace   ] GC(1000) Metaspace: 5319K->5319K(1056768K)
[3.060s][info ][gc             ] GC(1000) Pause Young (Allocation Failure) 26M->10M(61M) 0.482ms
[3.060s][info ][gc,cpu         ] GC(1000) User=0.00s Sys=0.00s Real=0.00s
[3.061s][info ][gc,start       ] GC(1001) Pause Young (Allocation Failure)
[3.061s][info ][gc,task        ] GC(1001) Using 8 workers of 8 for evacuation
[3.062s][debug][gc,age         ] GC(1001) Desired survivor size 1114112 bytes, new threshold 1 (max threshold 6)
[3.062s][info ][gc,heap        ] GC(1001) ParNew: 19132K->1967K(19648K)
[3.062s][info ][gc,heap        ] GC(1001) CMS: 8994K->9776K(43712K)
[3.062s][info ][gc,metaspace   ] GC(1001) Metaspace: 5319K->5319K(1056768K)
[3.062s][info ][gc             ] GC(1001) Pause Young (Allocation Failure) 27M->11M(61M) 0.539ms
[3.062s][info ][gc,cpu         ] GC(1001) User=0.00s Sys=0.00s Real=0.00s
[3.063s][info ][gc,start       ] GC(1002) Pause Young (Allocation Failure)
[3.063s][info ][gc,task        ] GC(1002) Using 8 workers of 8 for evacuation
[3.064s][debug][gc,age         ] GC(1002) Desired survivor size 1114112 bytes, new threshold 1 (max threshold 6)
[3.064s][info ][gc,heap        ] GC(1002) ParNew: 19189K->1965K(19648K)
[3.064s][info ][gc,heap        ] GC(1002) CMS: 9776K->10557K(43712K)
[3.064s][info ][gc,metaspace   ] GC(1002) Metaspace: 5319K->5319K(1056768K)
[3.064s][info ][gc             ] GC(1002) Pause Young (Allocation Failure) 28M->12M(61M) 1.248ms
[3.064s][info ][gc,cpu         ] GC(1002) User=0.01s Sys=0.00s Real=0.01s
[3.066s][info ][gc,start       ] GC(1003) Pause Young (Allocation Failure)
[3.066s][info ][gc,task        ] GC(1003) Using 8 workers of 8 for evacuation
[3.067s][debug][gc,age         ] GC(1003) Desired survivor size 1114112 bytes, new threshold 1 (max threshold 6)
[3.067s][info ][gc,heap        ] GC(1003) ParNew: 19339K->1568K(19648K)
[3.067s][info ][gc,heap        ] GC(1003) CMS: 10557K->11340K(43712K)
[3.067s][info ][gc,metaspace   ] GC(1003) Metaspace: 5319K->5319K(1056768K)
[3.067s][info ][gc             ] GC(1003) Pause Young (Allocation Failure) 29M->12M(61M) 1.190ms
[3.067s][info ][gc,cpu         ] GC(1003) User=0.00s Sys=0.00s Real=0.00s
[3.068s][info ][gc,start       ] GC(1004) Pause Young (Allocation Failure)
[3.068s][info ][gc,task        ] GC(1004) Using 8 workers of 8 for evacuation
[3.069s][debug][gc,age         ] GC(1004) Desired survivor size 1114112 bytes, new threshold 1 (max threshold 6)
[3.070s][info ][gc,heap        ] GC(1004) ParNew: 19040K->1177K(19648K)
[3.070s][info ][gc,heap        ] GC(1004) CMS: 11340K->12512K(43712K)
[3.070s][info ][gc,metaspace   ] GC(1004) Metaspace: 5319K->5319K(1056768K)
[3.070s][info ][gc             ] GC(1004) Pause Young (Allocation Failure) 29M->13M(61M) 1.251ms
[3.070s][info ][gc,cpu         ] GC(1004) User=0.00s Sys=0.00s Real=0.00s
[3.071s][info ][gc,start       ] GC(1005) Pause Young (Allocation Failure)
[3.071s][info ][gc,task        ] GC(1005) Using 8 workers of 8 for evacuation
[3.072s][debug][gc,age         ] GC(1005) Desired survivor size 1114112 bytes, new threshold 1 (max threshold 6)
[3.072s][info ][gc,heap        ] GC(1005) ParNew: 18425K->1961K(19648K)
[3.072s][info ][gc,heap        ] GC(1005) CMS: 12512K->12903K(43712K)
[3.072s][info ][gc,metaspace   ] GC(1005) Metaspace: 5319K->5319K(1056768K)
[3.072s][info ][gc             ] GC(1005) Pause Young (Allocation Failure) 30M->14M(61M) 1.167ms
[3.072s][info ][gc,cpu         ] GC(1005) User=0.01s Sys=0.00s Real=0.00s
[3.073s][info ][gc,start       ] GC(1006) Pause Young (Allocation Failure)
[3.073s][info ][gc,task        ] GC(1006) Using 8 workers of 8 for evacuation
[3.075s][debug][gc,age         ] GC(1006) Desired survivor size 1114112 bytes, new threshold 6 (max threshold 6)
[3.075s][info ][gc,heap        ] GC(1006) ParNew: 19416K->787K(19648K)
[3.075s][info ][gc,heap        ] GC(1006) CMS: 12903K->14076K(43712K)
[3.075s][info ][gc,metaspace   ] GC(1006) Metaspace: 5319K->5319K(1056768K)
[3.075s][info ][gc             ] GC(1006) Pause Young (Allocation Failure) 31M->14M(61M) 2.116ms
[3.075s][info ][gc,cpu         ] GC(1006) User=0.01s Sys=0.00s Real=0.01s
[3.077s][info ][gc,start       ] GC(1007) Pause Young (Allocation Failure)
[3.077s][info ][gc,task        ] GC(1007) Using 8 workers of 8 for evacuation
[3.078s][debug][gc,age         ] GC(1007) Desired survivor size 1114112 bytes, new threshold 1 (max threshold 6)
[3.078s][info ][gc,heap        ] GC(1007) ParNew: 18023K->1961K(19648K)
[3.078s][info ][gc,heap        ] GC(1007) CMS: 14076K->14076K(43712K)
[3.078s][info ][gc,metaspace   ] GC(1007) Metaspace: 5319K->5319K(1056768K)
[3.078s][info ][gc             ] GC(1007) Pause Young (Allocation Failure) 31M->15M(61M) 1.163ms
[3.078s][info ][gc,cpu         ] GC(1007) User=0.01s Sys=0.00s Real=0.00s
[3.079s][info ][gc,start       ] GC(1008) Pause Young (Allocation Failure)
[3.079s][info ][gc,task        ] GC(1008) Using 8 workers of 8 for evacuation
[3.080s][debug][gc,age         ] GC(1008) Desired survivor size 1114112 bytes, new threshold 1 (max threshold 6)
[3.081s][info ][gc,heap        ] GC(1008) ParNew: 19163K->1967K(19648K)
[3.081s][info ][gc,heap        ] GC(1008) CMS: 14076K->15249K(43712K)
[3.081s][info ][gc,metaspace   ] GC(1008) Metaspace: 5319K->5319K(1056768K)
[3.081s][info ][gc             ] GC(1008) Pause Young (Allocation Failure) 32M->16M(61M) 1.217ms
[3.081s][info ][gc,cpu         ] GC(1008) User=0.01s Sys=0.00s Real=0.00s
[3.082s][info ][gc,start       ] GC(1009) Pause Young (Allocation Failure)
[3.082s][info ][gc,task        ] GC(1009) Using 8 workers of 8 for evacuation
[3.082s][debug][gc,age         ] GC(1009) Desired survivor size 1114112 bytes, new threshold 1 (max threshold 6)
[3.082s][info ][gc,heap        ] GC(1009) ParNew: 19147K->1969K(19648K)
[3.082s][info ][gc,heap        ] GC(1009) CMS: 15249K->16030K(43712K)
[3.082s][info ][gc,metaspace   ] GC(1009) Metaspace: 5319K->5319K(1056768K)
[3.082s][info ][gc             ] GC(1009) Pause Young (Allocation Failure) 33M->17M(61M) 0.508ms
[3.082s][info ][gc,cpu         ] GC(1009) User=0.00s Sys=0.00s Real=0.00s
[3.084s][info ][gc,start       ] GC(1010) Pause Young (Allocation Failure)
[3.084s][info ][gc,task        ] GC(1010) Using 8 workers of 8 for evacuation
[3.084s][debug][gc,age         ] GC(1010) Desired survivor size 1114112 bytes, new threshold 1 (max threshold 6)
[3.084s][info ][gc,heap        ] GC(1010) ParNew: 19135K->1969K(19648K)
[3.084s][info ][gc,heap        ] GC(1010) CMS: 16030K->16811K(43712K)
[3.084s][info ][gc,metaspace   ] GC(1010) Metaspace: 5319K->5319K(1056768K)
[3.084s][info ][gc             ] GC(1010) Pause Young (Allocation Failure) 34M->18M(61M) 0.494ms
[3.084s][info ][gc,cpu         ] GC(1010) User=0.00s Sys=0.00s Real=0.01s
[3.086s][info ][gc,start       ] GC(1011) Pause Young (Allocation Failure)
[3.086s][info ][gc,task        ] GC(1011) Using 8 workers of 8 for evacuation
[3.086s][debug][gc,age         ] GC(1011) Desired survivor size 1114112 bytes, new threshold 1 (max threshold 6)
[3.086s][info ][gc,heap        ] GC(1011) ParNew: 19372K->1574K(19648K)
[3.086s][info ][gc,heap        ] GC(1011) CMS: 16811K->17984K(43712K)
[3.086s][info ][gc,metaspace   ] GC(1011) Metaspace: 5319K->5319K(1056768K)
[3.086s][info ][gc             ] GC(1011) Pause Young (Allocation Failure) 35M->19M(61M) 0.591ms
[3.086s][info ][gc,cpu         ] GC(1011) User=0.00s Sys=0.00s Real=0.00s
[3.088s][info ][gc,start       ] GC(1012) Pause Young (Allocation Failure)
[3.088s][info ][gc,task        ] GC(1012) Using 8 workers of 8 for evacuation
[3.088s][debug][gc,age         ] GC(1012) Desired survivor size 1114112 bytes, new threshold 1 (max threshold 6)
[3.088s][info ][gc,heap        ] GC(1012) ParNew: 18713K->1967K(19648K)
[3.088s][info ][gc,heap        ] GC(1012) CMS: 17984K->19156K(43712K)
[3.088s][info ][gc,metaspace   ] GC(1012) Metaspace: 5319K->5319K(1056768K)
[3.088s][info ][gc             ] GC(1012) Pause Young (Allocation Failure) 35M->20M(61M) 0.564ms
[3.088s][info ][gc,cpu         ] GC(1012) User=0.00s Sys=0.00s Real=0.00s
[3.090s][info ][gc,start       ] GC(1013) Pause Young (Allocation Failure)
[3.090s][info ][gc,task        ] GC(1013) Using 8 workers of 8 for evacuation
[3.090s][debug][gc,age         ] GC(1013) Desired survivor size 1114112 bytes, new threshold 1 (max threshold 6)
[3.090s][info ][gc,heap        ] GC(1013) ParNew: 19170K->1969K(19648K)
[3.090s][info ][gc,heap        ] GC(1013) CMS: 19156K->19937K(43712K)
[3.090s][info ][gc,metaspace   ] GC(1013) Metaspace: 5319K->5319K(1056768K)
[3.090s][info ][gc             ] GC(1013) Pause Young (Allocation Failure) 37M->21M(61M) 0.479ms
[3.090s][info ][gc,cpu         ] GC(1013) User=0.00s Sys=0.00s Real=0.00s
[3.091s][info ][gc,start       ] GC(1014) Pause Young (Allocation Failure)
[3.091s][info ][gc,task        ] GC(1014) Using 8 workers of 8 for evacuation
[3.092s][debug][gc,age         ] GC(1014) Desired survivor size 1114112 bytes, new threshold 1 (max threshold 6)
[3.092s][info ][gc,heap        ] GC(1014) ParNew: 19150K->1967K(19648K)
[3.092s][info ][gc,heap        ] GC(1014) CMS: 19937K->19938K(43712K)
[3.092s][info ][gc,metaspace   ] GC(1014) Metaspace: 5319K->5319K(1056768K)
[3.092s][info ][gc             ] GC(1014) Pause Young (Allocation Failure) 38M->21M(61M) 0.698ms
[3.092s][info ][gc,cpu         ] GC(1014) User=0.00s Sys=0.00s Real=0.00s
[3.093s][info ][gc,start       ] GC(1015) Pause Young (Allocation Failure)
[3.093s][info ][gc,task        ] GC(1015) Using 8 workers of 8 for evacuation
[3.094s][debug][gc,age         ] GC(1015) Desired survivor size 1114112 bytes, new threshold 1 (max threshold 6)
[3.094s][info ][gc,heap        ] GC(1015) ParNew: 19133K->1967K(19648K)
[3.094s][info ][gc,heap        ] GC(1015) CMS: 19938K->20719K(43712K)
[3.094s][info ][gc,metaspace   ] GC(1015) Metaspace: 5319K->5319K(1056768K)
[3.094s][info ][gc             ] GC(1015) Pause Young (Allocation Failure) 38M->22M(61M) 1.138ms
[3.095s][info ][gc,cpu         ] GC(1015) User=0.00s Sys=0.00s Real=0.01s
[3.096s][info ][gc,start       ] GC(1016) Pause Young (Allocation Failure)
[3.096s][info ][gc,task        ] GC(1016) Using 8 workers of 8 for evacuation
[3.097s][debug][gc,age         ] GC(1016) Desired survivor size 1114112 bytes, new threshold 1 (max threshold 6)
[3.097s][info ][gc,heap        ] GC(1016) ParNew: 19124K->1576K(19648K)
[3.097s][info ][gc,heap        ] GC(1016) CMS: 20719K->20719K(43712K)
[3.097s][info ][gc,metaspace   ] GC(1016) Metaspace: 5319K->5319K(1056768K)
[3.097s][info ][gc             ] GC(1016) Pause Young (Allocation Failure) 38M->21M(61M) 0.931ms
[3.097s][info ][gc,cpu         ] GC(1016) User=0.01s Sys=0.00s Real=0.00s
[3.099s][info ][gc,start       ] GC(1017) Pause Young (Allocation Failure)
[3.099s][info ][gc,task        ] GC(1017) Using 8 workers of 8 for evacuation
[3.100s][debug][gc,age         ] GC(1017) Desired survivor size 1114112 bytes, new threshold 1 (max threshold 6)
[3.100s][info ][gc,heap        ] GC(1017) ParNew: 18984K->1574K(19648K)
[3.100s][info ][gc,heap        ] GC(1017) CMS: 20719K->20720K(43712K)
[3.100s][info ][gc,metaspace   ] GC(1017) Metaspace: 5319K->5319K(1056768K)
[3.100s][info ][gc             ] GC(1017) Pause Young (Allocation Failure) 38M->21M(61M) 1.056ms
[3.100s][info ][gc,cpu         ] GC(1017) User=0.01s Sys=0.00s Real=0.00s
[3.101s][info ][gc,start       ] GC(1018) Pause Young (Allocation Failure)
[3.101s][info ][gc,task        ] GC(1018) Using 8 workers of 8 for evacuation
[3.102s][debug][gc,age         ] GC(1018) Desired survivor size 1114112 bytes, new threshold 1 (max threshold 6)
[3.102s][info ][gc,heap        ] GC(1018) ParNew: 18716K->1965K(19648K)
[3.102s][info ][gc,heap        ] GC(1018) CMS: 20720K->21501K(43712K)
[3.102s][info ][gc,metaspace   ] GC(1018) Metaspace: 5319K->5319K(1056768K)
[3.102s][info ][gc             ] GC(1018) Pause Young (Allocation Failure) 38M->22M(61M) 1.261ms
[3.102s][info ][gc,cpu         ] GC(1018) User=0.01s Sys=0.00s Real=0.00s
[3.104s][info ][gc,start       ] GC(1019) Pause Young (Allocation Failure)
[3.104s][info ][gc,task        ] GC(1019) Using 8 workers of 8 for evacuation
[3.105s][debug][gc,age         ] GC(1019) Desired survivor size 1114112 bytes, new threshold 1 (max threshold 6)
[3.105s][info ][gc,heap        ] GC(1019) ParNew: 19115K->1186K(19648K)
[3.105s][info ][gc,heap        ] GC(1019) CMS: 21501K->21892K(43712K)
[3.105s][info ][gc,metaspace   ] GC(1019) Metaspace: 5319K->5319K(1056768K)
[3.105s][info ][gc             ] GC(1019) Pause Young (Allocation Failure) 39M->22M(61M) 1.114ms
[3.105s][info ][gc,cpu         ] GC(1019) User=0.00s Sys=0.00s Real=0.01s
[3.106s][info ][gc,start       ] GC(1020) Pause Young (Allocation Failure)
[3.106s][info ][gc,task        ] GC(1020) Using 8 workers of 8 for evacuation
[3.108s][debug][gc,age         ] GC(1020) Desired survivor size 1114112 bytes, new threshold 1 (max threshold 6)
[3.108s][info ][gc,heap        ] GC(1020) ParNew: 18658K->1179K(19648K)
[3.108s][info ][gc,heap        ] GC(1020) CMS: 21892K->21893K(43712K)
[3.108s][info ][gc,metaspace   ] GC(1020) Metaspace: 5319K->5319K(1056768K)
[3.108s][info ][gc             ] GC(1020) Pause Young (Allocation Failure) 39M->22M(61M) 1.975ms
[3.108s][info ][gc,cpu         ] GC(1020) User=0.00s Sys=0.00s Real=0.00s
[3.109s][info ][gc,start       ] GC(1021) Pause Young (Allocation Failure)
[3.110s][info ][gc,task        ] GC(1021) Using 8 workers of 8 for evacuation
[3.110s][debug][gc,age         ] GC(1021) Desired survivor size 1114112 bytes, new threshold 1 (max threshold 6)
[3.110s][info ][gc,heap        ] GC(1021) ParNew: 18390K->1186K(19648K)
[3.110s][info ][gc,heap        ] GC(1021) CMS: 21893K->21893K(43712K)
[3.110s][info ][gc,metaspace   ] GC(1021) Metaspace: 5319K->5319K(1056768K)
[3.110s][info ][gc             ] GC(1021) Pause Young (Allocation Failure) 39M->22M(61M) 0.562ms
[3.110s][info ][gc,cpu         ] GC(1021) User=0.00s Sys=0.00s Real=0.00s
[3.111s][info ][gc,start       ] GC(1022) Pause Young (Allocation Failure)
[3.111s][info ][gc,task        ] GC(1022) Using 8 workers of 8 for evacuation
[3.113s][debug][gc,age         ] GC(1022) Desired survivor size 1114112 bytes, new threshold 1 (max threshold 6)
[3.113s][info ][gc,heap        ] GC(1022) ParNew: 18583K->1568K(19648K)
[3.113s][info ][gc,heap        ] GC(1022) CMS: 21893K->22285K(43712K)
[3.113s][info ][gc,metaspace   ] GC(1022) Metaspace: 5319K->5319K(1056768K)
[3.113s][info ][gc             ] GC(1022) Pause Young (Allocation Failure) 39M->23M(61M) 1.341ms
[3.113s][info ][gc,cpu         ] GC(1022) User=0.00s Sys=0.00s Real=0.00s
[3.114s][info ][gc,start       ] GC(1023) Pause Young (Allocation Failure)
[3.114s][info ][gc,task        ] GC(1023) Using 8 workers of 8 for evacuation
[3.115s][debug][gc,age         ] GC(1023) Desired survivor size 1114112 bytes, new threshold 1 (max threshold 6)
[3.115s][info ][gc,heap        ] GC(1023) ParNew: 18995K->1186K(19648K)
[3.115s][info ][gc,heap        ] GC(1023) CMS: 22285K->22676K(43712K)
[3.115s][info ][gc,metaspace   ] GC(1023) Metaspace: 5319K->5319K(1056768K)
[3.115s][info ][gc             ] GC(1023) Pause Young (Allocation Failure) 40M->23M(61M) 1.135ms
[3.115s][info ][gc,cpu         ] GC(1023) User=0.00s Sys=0.00s Real=0.00s
[3.117s][info ][gc,start       ] GC(1024) Pause Young (Allocation Failure)
[3.117s][info ][gc,task        ] GC(1024) Using 8 workers of 8 for evacuation
[3.118s][debug][gc,age         ] GC(1024) Desired survivor size 1114112 bytes, new threshold 1 (max threshold 6)
[3.118s][info ][gc,heap        ] GC(1024) ParNew: 18400K->1576K(19648K)
[3.118s][info ][gc,heap        ] GC(1024) CMS: 22676K->23457K(43712K)
[3.118s][info ][gc,metaspace   ] GC(1024) Metaspace: 5319K->5319K(1056768K)
[3.118s][info ][gc             ] GC(1024) Pause Young (Allocation Failure) 40M->24M(61M) 1.161ms
[3.118s][info ][gc,cpu         ] GC(1024) User=0.00s Sys=0.00s Real=0.00s
[3.119s][info ][gc,start       ] GC(1025) Pause Young (Allocation Failure)
[3.119s][info ][gc,task        ] GC(1025) Using 8 workers of 8 for evacuation
[3.120s][debug][gc,age         ] GC(1025) Desired survivor size 1114112 bytes, new threshold 1 (max threshold 6)
[3.120s][info ][gc,heap        ] GC(1025) ParNew: 19048K->1967K(19648K)
[3.120s][info ][gc,heap        ] GC(1025) CMS: 23457K->24630K(43712K)
[3.120s][info ][gc,metaspace   ] GC(1025) Metaspace: 5319K->5319K(1056768K)
[3.120s][info ][gc             ] GC(1025) Pause Young (Allocation Failure) 41M->25M(61M) 0.732ms
[3.120s][info ][gc,cpu         ] GC(1025) User=0.00s Sys=0.00s Real=0.00s
[3.121s][info ][gc,start       ] GC(1026) Pause Young (Allocation Failure)
[3.121s][info ][gc,task        ] GC(1026) Using 8 workers of 8 for evacuation
[3.123s][debug][gc,age         ] GC(1026) Desired survivor size 1114112 bytes, new threshold 1 (max threshold 6)
[3.123s][info ][gc,heap        ] GC(1026) ParNew: 19210K->1967K(19648K)
[3.123s][info ][gc,heap        ] GC(1026) CMS: 24630K->25411K(43712K)
[3.123s][info ][gc,metaspace   ] GC(1026) Metaspace: 5319K->5319K(1056768K)
[3.123s][info ][gc             ] GC(1026) Pause Young (Allocation Failure) 42M->26M(61M) 1.184ms
[3.123s][info ][gc,cpu         ] GC(1026) User=0.00s Sys=0.00s Real=0.00s
[3.124s][info ][gc,start       ] GC(1027) Pause Young (Allocation Failure)
[3.124s][info ][gc,task        ] GC(1027) Using 8 workers of 8 for evacuation
[3.124s][debug][gc,age         ] GC(1027) Desired survivor size 1114112 bytes, new threshold 1 (max threshold 6)
[3.124s][info ][gc,heap        ] GC(1027) ParNew: 19439K->1967K(19648K)
[3.124s][info ][gc,heap        ] GC(1027) CMS: 25411K->25803K(43712K)
[3.124s][info ][gc,metaspace   ] GC(1027) Metaspace: 5319K->5319K(1056768K)
[3.124s][info ][gc             ] GC(1027) Pause Young (Allocation Failure) 43M->27M(61M) 0.456ms
[3.124s][info ][gc,cpu         ] GC(1027) User=0.00s Sys=0.00s Real=0.00s
[3.126s][info ][gc,start       ] GC(1028) Pause Young (Allocation Failure)
[3.126s][info ][gc,task        ] GC(1028) Using 8 workers of 8 for evacuation
[3.126s][debug][gc,age         ] GC(1028) Desired survivor size 1114112 bytes, new threshold 1 (max threshold 6)
[3.126s][info ][gc,heap        ] GC(1028) ParNew: 19183K->1969K(19648K)
[3.126s][info ][gc,heap        ] GC(1028) CMS: 25803K->26975K(43712K)
[3.127s][info ][gc,metaspace   ] GC(1028) Metaspace: 5319K->5319K(1056768K)
[3.127s][info ][gc             ] GC(1028) Pause Young (Allocation Failure) 43M->28M(61M) 0.547ms
[3.127s][info ][gc,cpu         ] GC(1028) User=0.00s Sys=0.00s Real=0.00s
[3.128s][info ][gc,start       ] GC(1029) Pause Young (Allocation Failure)
[3.128s][info ][gc,task        ] GC(1029) Using 8 workers of 8 for evacuation
[3.129s][debug][gc,age         ] GC(1029) Desired survivor size 1114112 bytes, new threshold 1 (max threshold 6)
[3.129s][info ][gc,heap        ] GC(1029) ParNew: 19098K->1967K(19648K)
[3.129s][info ][gc,heap        ] GC(1029) CMS: 26975K->27366K(43712K)
[3.129s][info ][gc,metaspace   ] GC(1029) Metaspace: 5319K->5319K(1056768K)
[3.129s][info ][gc             ] GC(1029) Pause Young (Allocation Failure) 44M->28M(61M) 1.143ms
[3.129s][info ][gc,cpu         ] GC(1029) User=0.01s Sys=0.00s Real=0.00s
[3.130s][info ][gc,start       ] GC(1030) Pause Young (Allocation Failure)
[3.130s][info ][gc,task        ] GC(1030) Using 8 workers of 8 for evacuation
[3.131s][debug][gc,age         ] GC(1030) Desired survivor size 1114112 bytes, new threshold 1 (max threshold 6)
[3.131s][info ][gc,heap        ] GC(1030) ParNew: 19160K->1578K(19648K)
[3.131s][info ][gc,heap        ] GC(1030) CMS: 27366K->27366K(43712K)
[3.131s][info ][gc,metaspace   ] GC(1030) Metaspace: 5319K->5319K(1056768K)
[3.131s][info ][gc             ] GC(1030) Pause Young (Allocation Failure) 45M->28M(61M) 0.423ms
[3.131s][info ][gc,cpu         ] GC(1030) User=0.01s Sys=0.00s Real=0.00s
[3.132s][info ][gc,start       ] GC(1031) Pause Young (Allocation Failure)
[3.132s][info ][gc,task        ] GC(1031) Using 8 workers of 8 for evacuation
[3.133s][debug][gc,age         ] GC(1031) Desired survivor size 1114112 bytes, new threshold 1 (max threshold 6)
[3.133s][info ][gc,heap        ] GC(1031) ParNew: 18703K->1570K(19648K)
[3.133s][info ][gc,heap        ] GC(1031) CMS: 27366K->27757K(43712K)
[3.133s][info ][gc,metaspace   ] GC(1031) Metaspace: 5319K->5319K(1056768K)
[3.133s][info ][gc             ] GC(1031) Pause Young (Allocation Failure) 44M->28M(61M) 1.221ms
[3.133s][info ][gc,cpu         ] GC(1031) User=0.01s Sys=0.00s Real=0.00s
[3.135s][info ][gc,start       ] GC(1032) Pause Young (Allocation Failure)
[3.135s][info ][gc,task        ] GC(1032) Using 8 workers of 8 for evacuation
[3.136s][debug][gc,age         ] GC(1032) Desired survivor size 1114112 bytes, new threshold 6 (max threshold 6)
[3.136s][info ][gc,heap        ] GC(1032) ParNew: 18947K->787K(19648K)
[3.136s][info ][gc,heap        ] GC(1032) CMS: 27757K->28539K(43712K)
[3.136s][info ][gc,metaspace   ] GC(1032) Metaspace: 5319K->5319K(1056768K)
[3.136s][info ][gc             ] GC(1032) Pause Young (Allocation Failure) 45M->28M(61M) 1.368ms
[3.136s][info ][gc,cpu         ] GC(1032) User=0.01s Sys=0.00s Real=0.00s
[3.137s][info ][gc,start       ] GC(1033) Pause Young (Allocation Failure)
[3.138s][info ][gc,task        ] GC(1033) Using 8 workers of 8 for evacuation
[3.139s][debug][gc,age         ] GC(1033) Desired survivor size 1114112 bytes, new threshold 1 (max threshold 6)
[3.139s][info ][gc,heap        ] GC(1033) ParNew: 18259K->1959K(19648K)
[3.139s][info ][gc,heap        ] GC(1033) CMS: 28539K->28930K(43712K)
[3.139s][info ][gc,metaspace   ] GC(1033) Metaspace: 5319K->5319K(1056768K)
[3.139s][info ][gc             ] GC(1033) Pause Young (Allocation Failure) 45M->30M(61M) 1.988ms
[3.139s][info ][gc,cpu         ] GC(1033) User=0.01s Sys=0.00s Real=0.00s
[3.141s][info ][gc,start       ] GC(1034) Pause Young (Allocation Failure)
[3.141s][info ][gc,task        ] GC(1034) Using 8 workers of 8 for evacuation
[3.142s][debug][gc,age         ] GC(1034) Desired survivor size 1114112 bytes, new threshold 1 (max threshold 6)
[3.142s][info ][gc,heap        ] GC(1034) ParNew: 19083K->1568K(19648K)
[3.142s][info ][gc,heap        ] GC(1034) CMS: 28930K->30103K(43712K)
[3.142s][info ][gc,metaspace   ] GC(1034) Metaspace: 5319K->5319K(1056768K)
[3.142s][info ][gc             ] GC(1034) Pause Young (Allocation Failure) 46M->30M(61M) 1.399ms
[3.142s][info ][gc,cpu         ] GC(1034) User=0.01s Sys=0.01s Real=0.00s
[3.144s][info ][gc,start       ] GC(1035) Pause Young (Allocation Failure)
[3.144s][info ][gc,task        ] GC(1035) Using 8 workers of 8 for evacuation
[3.145s][debug][gc,age         ] GC(1035) Desired survivor size 1114112 bytes, new threshold 1 (max threshold 6)
[3.145s][info ][gc,heap        ] GC(1035) ParNew: 18822K->1959K(19648K)
[3.145s][info ][gc,heap        ] GC(1035) CMS: 30103K->30494K(43712K)
[3.145s][info ][gc,metaspace   ] GC(1035) Metaspace: 5319K->5319K(1056768K)
[3.145s][info ][gc             ] GC(1035) Pause Young (Allocation Failure) 47M->31M(61M) 1.348ms
[3.145s][info ][gc,cpu         ] GC(1035) User=0.01s Sys=0.00s Real=0.01s
[3.146s][info ][gc,start       ] GC(1036) Pause Young (Allocation Failure)
[3.146s][info ][gc,task        ] GC(1036) Using 8 workers of 8 for evacuation
[3.147s][debug][gc,age         ] GC(1036) Desired survivor size 1114112 bytes, new threshold 1 (max threshold 6)
[3.148s][info ][gc,heap        ] GC(1036) ParNew: 19352K->1177K(19648K)
[3.148s][info ][gc,heap        ] GC(1036) CMS: 30494K->31667K(43712K)
[3.148s][info ][gc,metaspace   ] GC(1036) Metaspace: 5319K->5319K(1056768K)
[3.148s][info ][gc             ] GC(1036) Pause Young (Allocation Failure) 48M->32M(61M) 1.306ms
[3.148s][info ][gc,cpu         ] GC(1036) User=0.01s Sys=0.00s Real=0.00s
[3.148s][info ][gc,start       ] GC(1037) Pause Initial Mark
[3.148s][info ][gc             ] GC(1037) Pause Initial Mark 35M->35M(61M) 0.110ms
[3.148s][info ][gc,cpu         ] GC(1037) User=0.00s Sys=0.00s Real=0.00s
[3.148s][info ][gc             ] GC(1037) Concurrent Mark
[3.148s][info ][gc,task        ] GC(1037) Using 2 workers of 2 for marking
[3.150s][info ][gc,start       ] GC(1038) Pause Young (Allocation Failure)
[3.150s][info ][gc,task        ] GC(1038) Using 8 workers of 8 for evacuation
[3.150s][debug][gc,age         ] GC(1038) Desired survivor size 1114112 bytes, new threshold 1 (max threshold 6)
[3.150s][info ][gc,heap        ] GC(1038) ParNew: 18440K->1969K(19648K)
[3.150s][info ][gc,heap        ] GC(1038) CMS: 31667K->31667K(43712K)
[3.150s][info ][gc,metaspace   ] GC(1038) Metaspace: 5319K->5319K(1056768K)
[3.150s][info ][gc             ] GC(1038) Pause Young (Allocation Failure) 48M->32M(61M) 0.468ms
[3.150s][info ][gc,cpu         ] GC(1038) User=0.00s Sys=0.00s Real=0.00s
[3.151s][info ][gc             ] GC(1037) Concurrent Mark 2.854ms
[3.151s][info ][gc,cpu         ] GC(1037) User=0.01s Sys=0.00s Real=0.00s
[3.151s][info ][gc             ] GC(1037) Concurrent Preclean
[3.151s][info ][gc             ] GC(1037) Concurrent Preclean 0.134ms
[3.151s][info ][gc,cpu         ] GC(1037) User=0.00s Sys=0.00s Real=0.00s
[3.151s][info ][gc             ] GC(1037) Concurrent Abortable Preclean
[3.152s][info ][gc,start       ] GC(1039) Pause Young (Allocation Failure)
[3.152s][info ][gc,task        ] GC(1039) Using 8 workers of 8 for evacuation
[3.152s][debug][gc,age         ] GC(1039) Desired survivor size 1114112 bytes, new threshold 1 (max threshold 6)
[3.152s][info ][gc,heap        ] GC(1039) ParNew: 19165K->1965K(19648K)
[3.152s][info ][gc,heap        ] GC(1039) CMS: 31667K->32448K(43712K)
[3.152s][info ][gc,metaspace   ] GC(1039) Metaspace: 5319K->5319K(1056768K)
[3.152s][info ][gc             ] GC(1039) Pause Young (Allocation Failure) 49M->33M(61M) 0.546ms
[3.152s][info ][gc,cpu         ] GC(1039) User=0.01s Sys=0.00s Real=0.00s
[3.154s][info ][gc,start       ] GC(1040) Pause Young (Allocation Failure)
[3.154s][info ][gc,task        ] GC(1040) Using 8 workers of 8 for evacuation
[3.154s][debug][gc,age         ] GC(1040) Desired survivor size 1114112 bytes, new threshold 6 (max threshold 6)
[3.154s][info ][gc,heap        ] GC(1040) ParNew: 19437K->16K(19648K)
[3.154s][info ][gc,heap        ] GC(1040) CMS: 32448K->33230K(43712K)
[3.154s][info ][gc,metaspace   ] GC(1040) Metaspace: 5319K->5319K(1056768K)
[3.154s][info ][gc             ] GC(1040) Pause Young (Allocation Failure) 50M->32M(61M) 0.378ms
[3.154s][info ][gc,cpu         ] GC(1040) User=0.00s Sys=0.00s Real=0.01s
[3.155s][info ][gc,start       ] GC(1041) Pause Young (Allocation Failure)
[3.155s][info ][gc,task        ] GC(1041) Using 8 workers of 8 for evacuation
[3.155s][debug][gc,age         ] GC(1041) Desired survivor size 1114112 bytes, new threshold 1 (max threshold 6)
[3.155s][info ][gc,heap        ] GC(1041) ParNew: 17417K->1578K(19648K)
[3.155s][info ][gc,heap        ] GC(1041) CMS: 33230K->33230K(43712K)
[3.155s][info ][gc,metaspace   ] GC(1041) Metaspace: 5319K->5319K(1056768K)
[3.156s][info ][gc             ] GC(1041) Pause Young (Allocation Failure) 49M->33M(61M) 0.347ms
[3.156s][info ][gc,cpu         ] GC(1041) User=0.00s Sys=0.00s Real=0.00s
[3.157s][info ][gc,start       ] GC(1042) Pause Young (Allocation Failure)
[3.157s][info ][gc,task        ] GC(1042) Using 8 workers of 8 for evacuation
[3.157s][debug][gc,age         ] GC(1042) Desired survivor size 1114112 bytes, new threshold 1 (max threshold 6)
[3.157s][info ][gc,heap        ] GC(1042) ParNew: 18725K->1574K(19648K)
[3.157s][info ][gc,heap        ] GC(1042) CMS: 33230K->34012K(43712K)
[3.157s][info ][gc,metaspace   ] GC(1042) Metaspace: 5319K->5319K(1056768K)
[3.157s][info ][gc             ] GC(1042) Pause Young (Allocation Failure) 50M->34M(61M) 0.494ms
[3.157s][info ][gc,cpu         ] GC(1042) User=0.01s Sys=0.00s Real=0.00s
[3.158s][info ][gc,start       ] GC(1043) Pause Young (Allocation Failure)
[3.159s][info ][gc,task        ] GC(1043) Using 8 workers of 8 for evacuation
[3.159s][debug][gc,age         ] GC(1043) Desired survivor size 1114112 bytes, new threshold 1 (max threshold 6)
[3.159s][info ][gc,heap        ] GC(1043) ParNew: 18767K->1574K(19648K)
[3.159s][info ][gc,heap        ] GC(1043) CMS: 34012K->34403K(43712K)
[3.159s][info ][gc,metaspace   ] GC(1043) Metaspace: 5319K->5319K(1056768K)
[3.159s][info ][gc             ] GC(1043) Pause Young (Allocation Failure) 51M->35M(61M) 0.979ms
[3.159s][info ][gc,cpu         ] GC(1043) User=0.01s Sys=0.00s Real=0.00s
[3.161s][info ][gc,start       ] GC(1044) Pause Young (Allocation Failure)
[3.161s][info ][gc,task        ] GC(1044) Using 8 workers of 8 for evacuation
[3.161s][debug][gc,age         ] GC(1044) Desired survivor size 1114112 bytes, new threshold 1 (max threshold 6)
[3.161s][info ][gc,heap        ] GC(1044) ParNew: 18808K->1967K(19648K)
[3.161s][info ][gc,heap        ] GC(1044) CMS: 34403K->34794K(43712K)
[3.161s][info ][gc,metaspace   ] GC(1044) Metaspace: 5319K->5319K(1056768K)
[3.161s][info ][gc             ] GC(1044) Pause Young (Allocation Failure) 51M->35M(61M) 0.449ms
[3.161s][info ][gc,cpu         ] GC(1044) User=0.00s Sys=0.00s Real=0.00s
[3.163s][info ][gc,start       ] GC(1045) Pause Young (Allocation Failure)
[3.163s][info ][gc,task        ] GC(1045) Using 8 workers of 8 for evacuation
[3.163s][debug][gc,age         ] GC(1045) Desired survivor size 1114112 bytes, new threshold 1 (max threshold 6)
[3.163s][info ][gc,heap        ] GC(1045) ParNew: 19068K->1574K(19648K)
[3.163s][info ][gc,heap        ] GC(1045) CMS: 34794K->35185K(43712K)
[3.163s][info ][gc,metaspace   ] GC(1045) Metaspace: 5319K->5319K(1056768K)
[3.163s][info ][gc             ] GC(1045) Pause Young (Allocation Failure) 52M->35M(61M) 0.691ms
[3.163s][info ][gc,cpu         ] GC(1045) User=0.01s Sys=0.00s Real=0.00s
[3.165s][info ][gc,start       ] GC(1046) Pause Young (Allocation Failure)
[3.165s][info ][gc,task        ] GC(1046) Using 8 workers of 8 for evacuation
[3.166s][debug][gc,age         ] GC(1046) Desired survivor size 1114112 bytes, new threshold 6 (max threshold 6)
[3.166s][info ][gc,heap        ] GC(1046) ParNew: 18977K->797K(19648K)
[3.166s][info ][gc,heap        ] GC(1046) CMS: 35185K->35967K(43712K)
[3.166s][info ][gc,metaspace   ] GC(1046) Metaspace: 5319K->5319K(1056768K)
[3.166s][info ][gc             ] GC(1046) Pause Young (Allocation Failure) 52M->35M(61M) 1.165ms
[3.166s][info ][gc,cpu         ] GC(1046) User=0.01s Sys=0.00s Real=0.00s
[3.167s][info ][gc,start       ] GC(1047) Pause Young (Allocation Failure)
[3.167s][info ][gc,task        ] GC(1047) Using 8 workers of 8 for evacuation
[3.168s][debug][gc,age         ] GC(1047) Desired survivor size 1114112 bytes, new threshold 1 (max threshold 6)
[3.168s][info ][gc,heap        ] GC(1047) ParNew: 18010K->1177K(19648K)
[3.168s][info ][gc,heap        ] GC(1047) CMS: 35967K->35967K(43712K)
[3.168s][info ][gc,metaspace   ] GC(1047) Metaspace: 5319K->5319K(1056768K)
[3.168s][info ][gc             ] GC(1047) Pause Young (Allocation Failure) 52M->36M(61M) 1.078ms
[3.168s][info ][gc,cpu         ] GC(1047) User=0.01s Sys=0.00s Real=0.00s
[3.170s][info ][gc,start       ] GC(1048) Pause Young (Allocation Failure)
[3.170s][info ][gc,task        ] GC(1048) Using 8 workers of 8 for evacuation
[3.171s][debug][gc,age         ] GC(1048) Desired survivor size 1114112 bytes, new threshold 1 (max threshold 6)
[3.171s][info ][gc,heap        ] GC(1048) ParNew: 18570K->1177K(19648K)
[3.171s][info ][gc,heap        ] GC(1048) CMS: 35967K->36359K(43712K)
[3.171s][info ][gc,metaspace   ] GC(1048) Metaspace: 5319K->5319K(1056768K)
[3.171s][info ][gc             ] GC(1048) Pause Young (Allocation Failure) 53M->36M(61M) 1.144ms
[3.171s][info ][gc,cpu         ] GC(1048) User=0.00s Sys=0.00s Real=0.00s
[3.172s][info ][gc,start       ] GC(1049) Pause Young (Allocation Failure)
[3.172s][info ][gc,task        ] GC(1049) Using 8 workers of 8 for evacuation
[3.173s][debug][gc,age         ] GC(1049) Desired survivor size 1114112 bytes, new threshold 1 (max threshold 6)
[3.173s][info ][gc,heap        ] GC(1049) ParNew: 18579K->1959K(19648K)
[3.173s][info ][gc,heap        ] GC(1049) CMS: 36359K->37141K(43712K)
[3.173s][info ][gc,metaspace   ] GC(1049) Metaspace: 5319K->5319K(1056768K)
[3.173s][info ][gc             ] GC(1049) Pause Young (Allocation Failure) 53M->38M(61M) 0.700ms
[3.173s][info ][gc,cpu         ] GC(1049) User=0.00s Sys=0.00s Real=0.00s
[3.174s][info ][gc,start       ] GC(1050) Pause Young (Allocation Failure)
[3.174s][info ][gc,task        ] GC(1050) Using 8 workers of 8 for evacuation
[3.175s][debug][gc,age         ] GC(1050) Desired survivor size 1114112 bytes, new threshold 1 (max threshold 6)
[3.175s][info ][gc,heap        ] GC(1050) ParNew: 19431K->1186K(19648K)
[3.175s][info ][gc,heap        ] GC(1050) CMS: 37141K->37923K(43712K)
[3.175s][info ][gc,metaspace   ] GC(1050) Metaspace: 5319K->5319K(1056768K)
[3.175s][info ][gc             ] GC(1050) Pause Young (Allocation Failure) 55M->38M(61M) 0.461ms
[3.175s][info ][gc,cpu         ] GC(1050) User=0.00s Sys=0.00s Real=0.00s
[3.176s][info ][gc,start       ] GC(1051) Pause Young (Allocation Failure)
[3.176s][info ][gc,task        ] GC(1051) Using 8 workers of 8 for evacuation
[3.177s][debug][gc,age         ] GC(1051) Desired survivor size 1114112 bytes, new threshold 1 (max threshold 6)
[3.177s][info ][gc,heap        ] GC(1051) ParNew: 18445K->1967K(19648K)
[3.177s][info ][gc,heap        ] GC(1051) CMS: 37923K->39096K(43712K)
[3.177s][info ][gc,metaspace   ] GC(1051) Metaspace: 5319K->5319K(1056768K)
[3.177s][info ][gc             ] GC(1051) Pause Young (Allocation Failure) 55M->40M(61M) 0.687ms
[3.177s][info ][gc,cpu         ] GC(1051) User=0.01s Sys=0.00s Real=0.00s
[3.178s][info ][gc,start       ] GC(1052) Pause Young (Allocation Failure)
[3.178s][info ][gc,task        ] GC(1052) Using 8 workers of 8 for evacuation
[3.179s][debug][gc,age         ] GC(1052) Desired survivor size 1114112 bytes, new threshold 1 (max threshold 6)
[3.179s][info ][gc,heap        ] GC(1052) ParNew: 19133K->1965K(19648K)
[3.179s][info ][gc,heap        ] GC(1052) CMS: 39096K->39878K(43712K)
[3.179s][info ][gc,metaspace   ] GC(1052) Metaspace: 5319K->5319K(1056768K)
[3.179s][info ][gc             ] GC(1052) Pause Young (Allocation Failure) 56M->40M(61M) 0.576ms
[3.179s][info ][gc,cpu         ] GC(1052) User=0.00s Sys=0.00s Real=0.00s
[3.180s][info ][gc,start       ] GC(1053) Pause Young (Allocation Failure)
[3.180s][info ][gc,task        ] GC(1053) Using 8 workers of 8 for evacuation
[3.182s][debug][gc,age         ] GC(1053) Desired survivor size 1114112 bytes, new threshold 1 (max threshold 6)
[3.182s][info ][gc,heap        ] GC(1053) ParNew: 19144K->1576K(19648K)
[3.182s][info ][gc,heap        ] GC(1053) CMS: 39878K->40660K(43712K)
[3.182s][info ][gc,metaspace   ] GC(1053) Metaspace: 5319K->5319K(1056768K)
[3.182s][info ][gc             ] GC(1053) Pause Young (Allocation Failure) 57M->41M(61M) 1.322ms
[3.182s][info ][gc,cpu         ] GC(1053) User=0.01s Sys=0.00s Real=0.00s
[3.183s][info ][gc,start       ] GC(1054) Pause Young (Allocation Failure)
[3.183s][info ][gc,task        ] GC(1054) Using 8 workers of 8 for evacuation
[3.184s][debug][gc,age         ] GC(1054) Desired survivor size 1114112 bytes, new threshold 1 (max threshold 6)
[3.184s][info ][gc,heap        ] GC(1054) ParNew: 18725K->1969K(19648K)
[3.184s][info ][gc,heap        ] GC(1054) CMS: 40660K->40660K(43712K)
[3.184s][info ][gc,metaspace   ] GC(1054) Metaspace: 5319K->5319K(1056768K)
[3.184s][info ][gc             ] GC(1054) Pause Young (Allocation Failure) 57M->41M(61M) 0.981ms
[3.184s][info ][gc,cpu         ] GC(1054) User=0.01s Sys=0.00s Real=0.01s
[3.185s][info ][gc,start       ] GC(1055) Pause Young (Allocation Failure)
[3.185s][info ][gc,task        ] GC(1055) Using 8 workers of 8 for evacuation
[3.185s][debug][gc,age         ] GC(1055) Desired survivor size 1114112 bytes, new threshold 1 (max threshold 6)
[3.185s][info ][gc,heap        ] GC(1055) ParNew: 19118K->1965K(19648K)
[3.185s][info ][gc,heap        ] GC(1055) CMS: 40660K->41442K(43712K)
[3.186s][info ][gc,metaspace   ] GC(1055) Metaspace: 5319K->5319K(1056768K)
[3.186s][info ][gc             ] GC(1055) Pause Young (Allocation Failure) 58M->42M(61M) 0.524ms
[3.186s][info ][gc,cpu         ] GC(1055) User=0.01s Sys=0.00s Real=0.00s
[3.187s][info ][gc,start       ] GC(1056) Pause Young (Allocation Failure)
[3.187s][info ][gc,task        ] GC(1056) Using 8 workers of 8 for evacuation
[3.187s][debug][gc,age         ] GC(1056) Desired survivor size 1114112 bytes, new threshold 1 (max threshold 6)
[3.187s][info ][gc,heap        ] GC(1056) ParNew: 19109K->1967K(19648K)
[3.187s][info ][gc,heap        ] GC(1056) CMS: 41442K->41442K(43712K)
[3.187s][info ][gc,metaspace   ] GC(1056) Metaspace: 5319K->5319K(1056768K)
[3.187s][info ][gc             ] GC(1056) Pause Young (Allocation Failure) 59M->42M(61M) 0.417ms
[3.187s][info ][gc,cpu         ] GC(1056) User=0.00s Sys=0.00s Real=0.00s
[3.189s][info ][gc,start       ] GC(1057) Pause Young (Allocation Failure)
[3.189s][info ][gc,task        ] GC(1057) Using 8 workers of 8 for evacuation
[3.189s][debug][gc,age         ] GC(1057) Desired survivor size 1114112 bytes, new threshold 1 (max threshold 6)
[3.189s][info ][gc,heap        ] GC(1057) ParNew: 19175K->1186K(19648K)
[3.189s][info ][gc,heap        ] GC(1057) CMS: 41442K->42224K(43712K)
[3.189s][info ][gc,metaspace   ] GC(1057) Metaspace: 5319K->5319K(1056768K)
[3.189s][info ][gc             ] GC(1057) Pause Young (Allocation Failure) 59M->42M(61M) 0.463ms
[3.189s][info ][gc,cpu         ] GC(1057) User=0.00s Sys=0.01s Real=0.00s
[3.190s][info ][gc,start       ] GC(1058) Pause Young (Allocation Failure)
[3.190s][info ][gc,task        ] GC(1058) Using 8 workers of 8 for evacuation
[3.191s][debug][gc,age         ] GC(1058) Desired survivor size 1114112 bytes, new threshold 1 (max threshold 6)
[3.191s][info ][gc,heap        ] GC(1058) ParNew: 18317K->1969K(19648K)
[3.191s][info ][gc,heap        ] GC(1058) CMS: 42224K->42615K(43712K)
[3.191s][info ][gc,metaspace   ] GC(1058) Metaspace: 5319K->5319K(1056768K)
[3.191s][info ][gc             ] GC(1058) Pause Young (Allocation Failure) 59M->43M(61M) 0.483ms
[3.191s][info ][gc,cpu         ] GC(1058) User=0.00s Sys=0.00s Real=0.00s
[3.192s][info ][gc,start       ] GC(1059) Pause Young (Allocation Failure)
[3.192s][info ][gc,task        ] GC(1059) Using 8 workers of 8 for evacuation
[3.193s][info ][gc,promotion   ] Promotion failed
[3.193s][info ][gc,start       ] GC(1060) Pause Full (Allocation Failure)
[3.193s][info ][gc             ] GC(1037) Concurrent Abortable Preclean 41.559ms
[3.193s][info ][gc,cpu         ] GC(1037) User=0.18s Sys=0.01s Real=0.04s
[3.193s][info ][gc,phases,start] GC(1060) Phase 1: Mark live objects
[3.194s][debug][gc,phases      ] GC(1060) Reference Processing 0.020ms
[3.194s][debug][gc,phases      ] GC(1060) Weak Processing 0.003ms
[3.194s][debug][gc,phases      ] GC(1060) ClassLoaderData 0.007ms
[3.194s][debug][gc,phases      ] GC(1060) ProtectionDomainCacheTable 0.002ms
[3.194s][debug][gc,phases      ] GC(1060) ResolvedMethodTable 0.005ms
[3.194s][debug][gc,phases      ] GC(1060) Class Unloading 0.157ms
[3.194s][debug][gc,phases      ] GC(1060) Scrub String Table 0.018ms
[3.195s][debug][gc,phases      ] GC(1060) Scrub Symbol Table 0.523ms
[3.195s][info ][gc,phases      ] GC(1060) Phase 1: Mark live objects 1.763ms
[3.195s][info ][gc,phases,start] GC(1060) Phase 2: Compute new object addresses
[3.195s][info ][gc,phases      ] GC(1060) Phase 2: Compute new object addresses 0.477ms
[3.195s][info ][gc,phases,start] GC(1060) Phase 3: Adjust pointers
[3.196s][info ][gc,phases      ] GC(1060) Phase 3: Adjust pointers 1.044ms
[3.196s][info ][gc,phases,start] GC(1060) Phase 4: Move objects
[3.197s][info ][gc,phases      ] GC(1060) Phase 4: Move objects 0.332ms
[3.197s][info ][gc             ] GC(1060) Pause Full (Allocation Failure) 60M->3M(61M) 3.968ms
[3.197s][info ][gc,heap        ] GC(1059) ParNew: 19087K->0K(19648K)
[3.197s][info ][gc,heap        ] GC(1059) CMS: 42615K->3503K(43712K)
[3.197s][info ][gc,metaspace   ] GC(1059) Metaspace: 5319K->5319K(1056768K)
[3.197s][info ][gc             ] GC(1059) Pause Young (Allocation Failure) 60M->3M(61M) 4.715ms
[3.197s][info ][gc,cpu         ] GC(1059) User=0.00s Sys=0.00s Real=0.01s
[3.199s][info ][gc,start       ] GC(1061) Pause Young (Allocation Failure)
[3.199s][info ][gc,task        ] GC(1061) Using 8 workers of 8 for evacuation
[3.200s][debug][gc,age         ] GC(1061) Desired survivor size 1114112 bytes, new threshold 1 (max threshold 6)
[3.200s][info ][gc,heap        ] GC(1061) ParNew: 17472K->1186K(19648K)
[3.200s][info ][gc,heap        ] GC(1061) CMS: 3503K->3503K(43712K)
[3.200s][info ][gc,metaspace   ] GC(1061) Metaspace: 5319K->5319K(1056768K)
[3.200s][info ][gc             ] GC(1061) Pause Young (Allocation Failure) 20M->4M(61M) 1.069ms
[3.200s][info ][gc,cpu         ] GC(1061) User=0.00s Sys=0.00s Real=0.00s
[3.201s][info ][gc,start       ] GC(1062) Pause Young (Allocation Failure)
[3.201s][info ][gc,task        ] GC(1062) Using 8 workers of 8 for evacuation
[3.203s][debug][gc,age         ] GC(1062) Desired survivor size 1114112 bytes, new threshold 6 (max threshold 6)
[3.203s][info ][gc,heap        ] GC(1062) ParNew: 18619K->787K(19648K)
[3.203s][info ][gc,heap        ] GC(1062) CMS: 3503K->4293K(43712K)
[3.203s][info ][gc,metaspace   ] GC(1062) Metaspace: 5319K->5319K(1056768K)
[3.203s][info ][gc             ] GC(1062) Pause Young (Allocation Failure) 21M->4M(61M) 1.928ms
[3.203s][info ][gc,cpu         ] GC(1062) User=0.00s Sys=0.00s Real=0.00s
[3.205s][info ][gc,start       ] GC(1063) Pause Young (Allocation Failure)
[3.205s][info ][gc,task        ] GC(1063) Using 8 workers of 8 for evacuation
[3.206s][debug][gc,age         ] GC(1063) Desired survivor size 1114112 bytes, new threshold 1 (max threshold 6)
[3.206s][info ][gc,heap        ] GC(1063) ParNew: 17886K->1959K(19648K)
[3.206s][info ][gc,heap        ] GC(1063) CMS: 4293K->4293K(43712K)
[3.206s][info ][gc,metaspace   ] GC(1063) Metaspace: 5319K->5319K(1056768K)
[3.206s][info ][gc             ] GC(1063) Pause Young (Allocation Failure) 21M->6M(61M) 1.203ms
[3.206s][info ][gc,cpu         ] GC(1063) User=0.00s Sys=0.00s Real=0.00s
[3.207s][info ][gc,start       ] GC(1064) Pause Young (Allocation Failure)
[3.207s][info ][gc,task        ] GC(1064) Using 8 workers of 8 for evacuation
[3.208s][debug][gc,age         ] GC(1064) Desired survivor size 1114112 bytes, new threshold 1 (max threshold 6)
[3.208s][info ][gc,heap        ] GC(1064) ParNew: 19087K->1184K(19648K)
[3.208s][info ][gc,heap        ] GC(1064) CMS: 4293K->5474K(43712K)
[3.208s][info ][gc,metaspace   ] GC(1064) Metaspace: 5319K->5319K(1056768K)
[3.208s][info ][gc             ] GC(1064) Pause Young (Allocation Failure) 22M->6M(61M) 0.513ms
[3.208s][info ][gc,cpu         ] GC(1064) User=0.00s Sys=0.00s Real=0.00s
[3.209s][info ][gc,start       ] GC(1065) Pause Young (Allocation Failure)
[3.209s][info ][gc,task        ] GC(1065) Using 8 workers of 8 for evacuation
[3.210s][debug][gc,age         ] GC(1065) Desired survivor size 1114112 bytes, new threshold 1 (max threshold 6)
[3.210s][info ][gc,heap        ] GC(1065) ParNew: 18351K->1965K(19648K)
[3.210s][info ][gc,heap        ] GC(1065) CMS: 5474K->6647K(43712K)
[3.210s][info ][gc,metaspace   ] GC(1065) Metaspace: 5319K->5319K(1056768K)
[3.210s][info ][gc             ] GC(1065) Pause Young (Allocation Failure) 23M->8M(61M) 1.017ms
[3.210s][info ][gc,cpu         ] GC(1065) User=0.01s Sys=0.00s Real=0.00s
[3.211s][info ][gc,start       ] GC(1066) Pause Young (Allocation Failure)
[3.211s][info ][gc,task        ] GC(1066) Using 8 workers of 8 for evacuation
[3.212s][debug][gc,age         ] GC(1066) Desired survivor size 1114112 bytes, new threshold 1 (max threshold 6)
[3.212s][info ][gc,heap        ] GC(1066) ParNew: 19437K->1188K(19648K)
[3.212s][info ][gc,heap        ] GC(1066) CMS: 6647K->7820K(43712K)
[3.212s][info ][gc,metaspace   ] GC(1066) Metaspace: 5319K->5319K(1056768K)
[3.212s][info ][gc             ] GC(1066) Pause Young (Allocation Failure) 25M->8M(61M) 0.797ms
[3.212s][info ][gc,cpu         ] GC(1066) User=0.01s Sys=0.00s Real=0.00s
[3.213s][info ][gc,start       ] GC(1067) Pause Young (Allocation Failure)
[3.213s][info ][gc,task        ] GC(1067) Using 8 workers of 8 for evacuation
[3.214s][debug][gc,age         ] GC(1067) Desired survivor size 1114112 bytes, new threshold 1 (max threshold 6)
[3.214s][info ][gc,heap        ] GC(1067) ParNew: 18402K->1965K(19648K)
[3.214s][info ][gc,heap        ] GC(1067) CMS: 7820K->8211K(43712K)
[3.214s][info ][gc,metaspace   ] GC(1067) Metaspace: 5319K->5319K(1056768K)
[3.214s][info ][gc             ] GC(1067) Pause Young (Allocation Failure) 25M->9M(61M) 1.144ms
[3.214s][info ][gc,cpu         ] GC(1067) User=0.01s Sys=0.00s Real=0.01s
[3.216s][info ][gc,start       ] GC(1068) Pause Young (Allocation Failure)
[3.216s][info ][gc,task        ] GC(1068) Using 8 workers of 8 for evacuation
[3.216s][debug][gc,age         ] GC(1068) Desired survivor size 1114112 bytes, new threshold 1 (max threshold 6)
[3.216s][info ][gc,heap        ] GC(1068) ParNew: 19180K->1578K(19648K)
[3.216s][info ][gc,heap        ] GC(1068) CMS: 8211K->8993K(43712K)
[3.216s][info ][gc,metaspace   ] GC(1068) Metaspace: 5319K->5319K(1056768K)
[3.216s][info ][gc             ] GC(1068) Pause Young (Allocation Failure) 26M->10M(61M) 0.500ms
[3.216s][info ][gc,cpu         ] GC(1068) User=0.00s Sys=0.00s Real=0.00s
[3.218s][info ][gc,start       ] GC(1069) Pause Young (Allocation Failure)
[3.218s][info ][gc,task        ] GC(1069) Using 8 workers of 8 for evacuation
[3.218s][debug][gc,age         ] GC(1069) Desired survivor size 1114112 bytes, new threshold 1 (max threshold 6)
[3.218s][info ][gc,heap        ] GC(1069) ParNew: 18667K->1965K(19648K)
[3.218s][info ][gc,heap        ] GC(1069) CMS: 8993K->9775K(43712K)
[3.218s][info ][gc,metaspace   ] GC(1069) Metaspace: 5319K->5319K(1056768K)
[3.218s][info ][gc             ] GC(1069) Pause Young (Allocation Failure) 27M->11M(61M) 0.560ms
[3.218s][info ][gc,cpu         ] GC(1069) User=0.01s Sys=0.00s Real=0.00s
[3.219s][info ][gc,start       ] GC(1070) Pause Young (Allocation Failure)
[3.219s][info ][gc,task        ] GC(1070) Using 8 workers of 8 for evacuation
[3.220s][debug][gc,age         ] GC(1070) Desired survivor size 1114112 bytes, new threshold 1 (max threshold 6)
[3.220s][info ][gc,heap        ] GC(1070) ParNew: 19171K->1969K(19648K)
[3.220s][info ][gc,heap        ] GC(1070) CMS: 9775K->10557K(43712K)
[3.220s][info ][gc,metaspace   ] GC(1070) Metaspace: 5319K->5319K(1056768K)
[3.220s][info ][gc             ] GC(1070) Pause Young (Allocation Failure) 28M->12M(61M) 0.529ms
[3.220s][info ][gc,cpu         ] GC(1070) User=0.00s Sys=0.00s Real=0.00s
[3.221s][info ][gc,start       ] GC(1071) Pause Young (Allocation Failure)
[3.221s][info ][gc,task        ] GC(1071) Using 8 workers of 8 for evacuation
[3.222s][debug][gc,age         ] GC(1071) Desired survivor size 1114112 bytes, new threshold 1 (max threshold 6)
[3.222s][info ][gc,heap        ] GC(1071) ParNew: 19095K->1965K(19648K)
[3.222s][info ][gc,heap        ] GC(1071) CMS: 10557K->11339K(43712K)
[3.222s][info ][gc,metaspace   ] GC(1071) Metaspace: 5319K->5319K(1056768K)
[3.222s][info ][gc             ] GC(1071) Pause Young (Allocation Failure) 28M->12M(61M) 0.555ms
[3.222s][info ][gc,cpu         ] GC(1071) User=0.00s Sys=0.00s Real=0.00s
[3.223s][info ][gc,start       ] GC(1072) Pause Young (Allocation Failure)
[3.223s][info ][gc,task        ] GC(1072) Using 8 workers of 8 for evacuation
[3.224s][debug][gc,age         ] GC(1072) Desired survivor size 1114112 bytes, new threshold 1 (max threshold 6)
[3.224s][info ][gc,heap        ] GC(1072) ParNew: 19202K->1179K(19648K)
[3.224s][info ][gc,heap        ] GC(1072) CMS: 11339K->11339K(43712K)
[3.224s][info ][gc,metaspace   ] GC(1072) Metaspace: 5319K->5319K(1056768K)
[3.224s][info ][gc             ] GC(1072) Pause Young (Allocation Failure) 29M->12M(61M) 1.143ms
[3.224s][info ][gc,cpu         ] GC(1072) User=0.01s Sys=0.00s Real=0.01s
[3.226s][info ][gc,start       ] GC(1073) Pause Young (Allocation Failure)
[3.226s][info ][gc,task        ] GC(1073) Using 8 workers of 8 for evacuation
[3.228s][debug][gc,age         ] GC(1073) Desired survivor size 1114112 bytes, new threshold 1 (max threshold 6)
[3.228s][info ][gc,heap        ] GC(1073) ParNew: 18583K->1177K(19648K)
[3.228s][info ][gc,heap        ] GC(1073) CMS: 11339K->11730K(43712K)
[3.228s][info ][gc,metaspace   ] GC(1073) Metaspace: 5319K->5319K(1056768K)
[3.228s][info ][gc             ] GC(1073) Pause Young (Allocation Failure) 29M->12M(61M) 1.927ms
[3.228s][info ][gc,cpu         ] GC(1073) User=0.01s Sys=0.00s Real=0.00s
[3.229s][info ][gc,start       ] GC(1074) Pause Young (Allocation Failure)
[3.230s][info ][gc,task        ] GC(1074) Using 8 workers of 8 for evacuation
[3.230s][debug][gc,age         ] GC(1074) Desired survivor size 1114112 bytes, new threshold 6 (max threshold 6)
[3.230s][info ][gc,heap        ] GC(1074) ParNew: 18549K->793K(19648K)
[3.230s][info ][gc,heap        ] GC(1074) CMS: 11730K->12512K(43712K)
[3.230s][info ][gc,metaspace   ] GC(1074) Metaspace: 5319K->5319K(1056768K)
[3.230s][info ][gc             ] GC(1074) Pause Young (Allocation Failure) 29M->12M(61M) 0.470ms
[3.230s][info ][gc,cpu         ] GC(1074) User=0.00s Sys=0.00s Real=0.00s
[3.231s][info ][gc,start       ] GC(1075) Pause Young (Allocation Failure)
[3.231s][info ][gc,task        ] GC(1075) Using 8 workers of 8 for evacuation
[3.231s][debug][gc,age         ] GC(1075) Desired survivor size 1114112 bytes, new threshold 1 (max threshold 6)
[3.231s][info ][gc,heap        ] GC(1075) ParNew: 18040K->1969K(19648K)
[3.231s][info ][gc,heap        ] GC(1075) CMS: 12512K->12512K(43712K)
[3.231s][info ][gc,metaspace   ] GC(1075) Metaspace: 5319K->5319K(1056768K)
[3.232s][info ][gc             ] GC(1075) Pause Young (Allocation Failure) 29M->14M(61M) 0.389ms
[3.232s][info ][gc,cpu         ] GC(1075) User=0.00s Sys=0.00s Real=0.00s
[3.233s][info ][gc,start       ] GC(1076) Pause Young (Allocation Failure)
[3.233s][info ][gc,task        ] GC(1076) Using 8 workers of 8 for evacuation
[3.233s][debug][gc,age         ] GC(1076) Desired survivor size 1114112 bytes, new threshold 1 (max threshold 6)
[3.233s][info ][gc,heap        ] GC(1076) ParNew: 19138K->1576K(19648K)
[3.233s][info ][gc,heap        ] GC(1076) CMS: 12512K->12904K(43712K)
[3.233s][info ][gc,metaspace   ] GC(1076) Metaspace: 5319K->5319K(1056768K)
[3.233s][info ][gc             ] GC(1076) Pause Young (Allocation Failure) 30M->14M(61M) 0.443ms
[3.233s][info ][gc,cpu         ] GC(1076) User=0.00s Sys=0.00s Real=0.00s
[3.235s][info ][gc,start       ] GC(1077) Pause Young (Allocation Failure)
[3.235s][info ][gc,task        ] GC(1077) Using 8 workers of 8 for evacuation
[3.235s][debug][gc,age         ] GC(1077) Desired survivor size 1114112 bytes, new threshold 1 (max threshold 6)
[3.235s][info ][gc,heap        ] GC(1077) ParNew: 18833K->1969K(19648K)
[3.235s][info ][gc,heap        ] GC(1077) CMS: 12904K->13294K(43712K)
[3.235s][info ][gc,metaspace   ] GC(1077) Metaspace: 5319K->5319K(1056768K)
[3.235s][info ][gc             ] GC(1077) Pause Young (Allocation Failure) 30M->14M(61M) 0.476ms
[3.235s][info ][gc,cpu         ] GC(1077) User=0.00s Sys=0.00s Real=0.00s
[3.236s][info ][gc,start       ] GC(1078) Pause Young (Allocation Failure)
[3.236s][info ][gc,task        ] GC(1078) Using 8 workers of 8 for evacuation
[3.237s][debug][gc,age         ] GC(1078) Desired survivor size 1114112 bytes, new threshold 1 (max threshold 6)
[3.237s][info ][gc,heap        ] GC(1078) ParNew: 19184K->1969K(19648K)
[3.237s][info ][gc,heap        ] GC(1078) CMS: 13294K->13294K(43712K)
[3.237s][info ][gc,metaspace   ] GC(1078) Metaspace: 5319K->5319K(1056768K)
[3.237s][info ][gc             ] GC(1078) Pause Young (Allocation Failure) 31M->14M(61M) 0.393ms
[3.237s][info ][gc,cpu         ] GC(1078) User=0.00s Sys=0.00s Real=0.00s
[3.238s][info ][gc,start       ] GC(1079) Pause Young (Allocation Failure)
[3.238s][info ][gc,task        ] GC(1079) Using 8 workers of 8 for evacuation
[3.239s][debug][gc,age         ] GC(1079) Desired survivor size 1114112 bytes, new threshold 1 (max threshold 6)
[3.239s][info ][gc,heap        ] GC(1079) ParNew: 19157K->1967K(19648K)
[3.239s][info ][gc,heap        ] GC(1079) CMS: 13294K->14076K(43712K)
[3.239s][info ][gc,metaspace   ] GC(1079) Metaspace: 5319K->5319K(1056768K)
[3.239s][info ][gc             ] GC(1079) Pause Young (Allocation Failure) 31M->15M(61M) 0.551ms
[3.239s][info ][gc,cpu         ] GC(1079) User=0.00s Sys=0.00s Real=0.00s
[3.240s][info ][gc,start       ] GC(1080) Pause Young (Allocation Failure)
[3.240s][info ][gc,task        ] GC(1080) Using 8 workers of 8 for evacuation
[3.240s][debug][gc,age         ] GC(1080) Desired survivor size 1114112 bytes, new threshold 1 (max threshold 6)
[3.240s][info ][gc,heap        ] GC(1080) ParNew: 19138K->1969K(19648K)
[3.240s][info ][gc,heap        ] GC(1080) CMS: 14076K->14857K(43712K)
[3.241s][info ][gc,metaspace   ] GC(1080) Metaspace: 5319K->5319K(1056768K)
[3.241s][info ][gc             ] GC(1080) Pause Young (Allocation Failure) 32M->16M(61M) 0.496ms
[3.241s][info ][gc,cpu         ] GC(1080) User=0.00s Sys=0.00s Real=0.00s
[3.242s][info ][gc,start       ] GC(1081) Pause Young (Allocation Failure)
[3.242s][info ][gc,task        ] GC(1081) Using 8 workers of 8 for evacuation
[3.242s][debug][gc,age         ] GC(1081) Desired survivor size 1114112 bytes, new threshold 1 (max threshold 6)
[3.242s][info ][gc,heap        ] GC(1081) ParNew: 19430K->1184K(19648K)
[3.242s][info ][gc,heap        ] GC(1081) CMS: 14857K->15639K(43712K)
[3.242s][info ][gc,metaspace   ] GC(1081) Metaspace: 5319K->5319K(1056768K)
[3.242s][info ][gc             ] GC(1081) Pause Young (Allocation Failure) 33M->16M(61M) 0.487ms
[3.242s][info ][gc,cpu         ] GC(1081) User=0.00s Sys=0.00s Real=0.00s
[3.244s][info ][gc,start       ] GC(1082) Pause Young (Allocation Failure)
[3.244s][info ][gc,task        ] GC(1082) Using 8 workers of 8 for evacuation
[3.244s][debug][gc,age         ] GC(1082) Desired survivor size 1114112 bytes, new threshold 1 (max threshold 6)
[3.244s][info ][gc,heap        ] GC(1082) ParNew: 18369K->1969K(19648K)
[3.244s][info ][gc,heap        ] GC(1082) CMS: 15639K->16420K(43712K)
[3.244s][info ][gc,metaspace   ] GC(1082) Metaspace: 5319K->5319K(1056768K)
[3.244s][info ][gc             ] GC(1082) Pause Young (Allocation Failure) 33M->17M(61M) 0.557ms
[3.244s][info ][gc,cpu         ] GC(1082) User=0.00s Sys=0.00s Real=0.01s
[3.246s][info ][gc,start       ] GC(1083) Pause Young (Allocation Failure)
[3.246s][info ][gc,task        ] GC(1083) Using 8 workers of 8 for evacuation
[3.246s][debug][gc,age         ] GC(1083) Desired survivor size 1114112 bytes, new threshold 1 (max threshold 6)
[3.246s][info ][gc,heap        ] GC(1083) ParNew: 19138K->1969K(19648K)
[3.246s][info ][gc,heap        ] GC(1083) CMS: 16420K->17593K(43712K)
[3.246s][info ][gc,metaspace   ] GC(1083) Metaspace: 5319K->5319K(1056768K)
[3.246s][info ][gc             ] GC(1083) Pause Young (Allocation Failure) 34M->19M(61M) 0.574ms
[3.246s][info ][gc,cpu         ] GC(1083) User=0.00s Sys=0.00s Real=0.00s
[3.248s][info ][gc,start       ] GC(1084) Pause Young (Allocation Failure)
[3.248s][info ][gc,task        ] GC(1084) Using 8 workers of 8 for evacuation
[3.248s][debug][gc,age         ] GC(1084) Desired survivor size 1114112 bytes, new threshold 1 (max threshold 6)
[3.248s][info ][gc,heap        ] GC(1084) ParNew: 19128K->1967K(19648K)
[3.248s][info ][gc,heap        ] GC(1084) CMS: 17593K->18374K(43712K)
[3.248s][info ][gc,metaspace   ] GC(1084) Metaspace: 5319K->5319K(1056768K)
[3.248s][info ][gc             ] GC(1084) Pause Young (Allocation Failure) 35M->19M(61M) 0.488ms
[3.248s][info ][gc,cpu         ] GC(1084) User=0.00s Sys=0.00s Real=0.00s
[3.250s][info ][gc,start       ] GC(1085) Pause Young (Allocation Failure)
[3.250s][info ][gc,task        ] GC(1085) Using 8 workers of 8 for evacuation
[3.250s][debug][gc,age         ] GC(1085) Desired survivor size 1114112 bytes, new threshold 1 (max threshold 6)
[3.250s][info ][gc,heap        ] GC(1085) ParNew: 19335K->1184K(19648K)
[3.250s][info ][gc,heap        ] GC(1085) CMS: 18374K->19937K(43712K)
[3.250s][info ][gc,metaspace   ] GC(1085) Metaspace: 5319K->5319K(1056768K)
[3.250s][info ][gc             ] GC(1085) Pause Young (Allocation Failure) 36M->20M(61M) 0.605ms
[3.250s][info ][gc,cpu         ] GC(1085) User=0.01s Sys=0.00s Real=0.00s
[3.252s][info ][gc,start       ] GC(1086) Pause Initial Mark
[3.252s][info ][gc             ] GC(1086) Pause Initial Mark 34M->34M(61M) 0.130ms
[3.252s][info ][gc,cpu         ] GC(1086) User=0.00s Sys=0.00s Real=0.00s
[3.252s][info ][gc             ] GC(1086) Concurrent Mark
[3.252s][info ][gc,task        ] GC(1086) Using 2 workers of 2 for marking
[3.252s][info ][gc,start       ] GC(1087) Pause Young (Allocation Failure)
[3.252s][info ][gc,task        ] GC(1087) Using 8 workers of 8 for evacuation
[3.253s][debug][gc,age         ] GC(1087) Desired survivor size 1114112 bytes, new threshold 1 (max threshold 6)
[3.253s][info ][gc,heap        ] GC(1087) ParNew: 18394K->1576K(19648K)
[3.253s][info ][gc,heap        ] GC(1087) CMS: 19937K->19938K(43712K)
[3.253s][info ][gc,metaspace   ] GC(1087) Metaspace: 5319K->5319K(1056768K)
[3.253s][info ][gc             ] GC(1087) Pause Young (Allocation Failure) 37M->21M(61M) 0.994ms
[3.253s][info ][gc,cpu         ] GC(1087) User=0.00s Sys=0.00s Real=0.00s
[3.255s][info ][gc,start       ] GC(1088) Pause Young (Allocation Failure)
[3.255s][info ][gc,task        ] GC(1088) Using 8 workers of 8 for evacuation
[3.256s][debug][gc,age         ] GC(1088) Desired survivor size 1114112 bytes, new threshold 1 (max threshold 6)
[3.256s][info ][gc,heap        ] GC(1088) ParNew: 19048K->1184K(19648K)
[3.256s][info ][gc,heap        ] GC(1088) CMS: 19938K->20329K(43712K)
[3.256s][info ][gc,metaspace   ] GC(1088) Metaspace: 5319K->5319K(1056768K)
[3.256s][info ][gc             ] GC(1088) Pause Young (Allocation Failure) 38M->21M(61M) 1.158ms
[3.256s][info ][gc,cpu         ] GC(1088) User=0.01s Sys=0.00s Real=0.00s
[3.256s][info ][gc             ] GC(1086) Concurrent Mark 4.753ms
[3.256s][info ][gc,cpu         ] GC(1086) User=0.03s Sys=0.00s Real=0.01s
[3.256s][info ][gc             ] GC(1086) Concurrent Preclean
[3.257s][info ][gc             ] GC(1086) Concurrent Preclean 0.094ms
[3.257s][info ][gc,cpu         ] GC(1086) User=0.00s Sys=0.00s Real=0.00s
[3.257s][info ][gc             ] GC(1086) Concurrent Abortable Preclean
[3.257s][info ][gc,start       ] GC(1089) Pause Young (Allocation Failure)
[3.257s][info ][gc,task        ] GC(1089) Using 8 workers of 8 for evacuation
[3.258s][debug][gc,age         ] GC(1089) Desired survivor size 1114112 bytes, new threshold 6 (max threshold 6)
[3.258s][info ][gc,heap        ] GC(1089) ParNew: 18579K->793K(19648K)
[3.258s][info ][gc,heap        ] GC(1089) CMS: 20329K->20720K(43712K)
[3.258s][info ][gc,metaspace   ] GC(1089) Metaspace: 5319K->5319K(1056768K)
[3.258s][info ][gc             ] GC(1089) Pause Young (Allocation Failure) 37M->21M(61M) 0.369ms
[3.258s][info ][gc,cpu         ] GC(1089) User=0.00s Sys=0.00s Real=0.00s
[3.259s][info ][gc,start       ] GC(1090) Pause Young (Allocation Failure)
[3.260s][info ][gc,task        ] GC(1090) Using 8 workers of 8 for evacuation
[3.260s][debug][gc,age         ] GC(1090) Desired survivor size 1114112 bytes, new threshold 1 (max threshold 6)
[3.261s][info ][gc,heap        ] GC(1090) ParNew: 18265K->1967K(19648K)
[3.261s][info ][gc,heap        ] GC(1090) CMS: 20720K->21111K(43712K)
[3.261s][info ][gc,metaspace   ] GC(1090) Metaspace: 5319K->5319K(1056768K)
[3.261s][info ][gc             ] GC(1090) Pause Young (Allocation Failure) 38M->22M(61M) 1.072ms
[3.261s][info ][gc,cpu         ] GC(1090) User=0.00s Sys=0.00s Real=0.00s
[3.262s][info ][gc,start       ] GC(1091) Pause Young (Allocation Failure)
[3.262s][info ][gc,task        ] GC(1091) Using 8 workers of 8 for evacuation
[3.263s][debug][gc,age         ] GC(1091) Desired survivor size 1114112 bytes, new threshold 1 (max threshold 6)
[3.263s][info ][gc,heap        ] GC(1091) ParNew: 19439K->1570K(19648K)
[3.263s][info ][gc,heap        ] GC(1091) CMS: 21111K->21894K(43712K)
[3.263s][info ][gc,metaspace   ] GC(1091) Metaspace: 5319K->5319K(1056768K)
[3.263s][info ][gc             ] GC(1091) Pause Young (Allocation Failure) 39M->22M(61M) 0.522ms
[3.263s][info ][gc,cpu         ] GC(1091) User=0.00s Sys=0.00s Real=0.00s
[3.264s][info ][gc,start       ] GC(1092) Pause Young (Allocation Failure)
[3.264s][info ][gc,task        ] GC(1092) Using 8 workers of 8 for evacuation
[3.266s][debug][gc,age         ] GC(1092) Desired survivor size 1114112 bytes, new threshold 1 (max threshold 6)
[3.266s][info ][gc,heap        ] GC(1092) ParNew: 18811K->1969K(19648K)
[3.266s][info ][gc,heap        ] GC(1092) CMS: 21894K->22675K(43712K)
[3.266s][info ][gc,metaspace   ] GC(1092) Metaspace: 5319K->5319K(1056768K)
[3.266s][info ][gc             ] GC(1092) Pause Young (Allocation Failure) 39M->24M(61M) 1.228ms
[3.266s][info ][gc,cpu         ] GC(1092) User=0.01s Sys=0.00s Real=0.00s
[3.267s][info ][gc,start       ] GC(1093) Pause Young (Allocation Failure)
[3.267s][info ][gc,task        ] GC(1093) Using 8 workers of 8 for evacuation
[3.268s][debug][gc,age         ] GC(1093) Desired survivor size 1114112 bytes, new threshold 1 (max threshold 6)
[3.268s][info ][gc,heap        ] GC(1093) ParNew: 19382K->1181K(19648K)
[3.268s][info ][gc,heap        ] GC(1093) CMS: 22675K->23848K(43712K)
[3.268s][info ][gc,metaspace   ] GC(1093) Metaspace: 5319K->5319K(1056768K)
[3.268s][info ][gc             ] GC(1093) Pause Young (Allocation Failure) 41M->24M(61M) 1.163ms
[3.269s][info ][gc,cpu         ] GC(1093) User=0.01s Sys=0.00s Real=0.00s
[3.270s][info ][gc,start       ] GC(1094) Pause Young (Allocation Failure)
[3.270s][info ][gc,task        ] GC(1094) Using 8 workers of 8 for evacuation
[3.271s][debug][gc,age         ] GC(1094) Desired survivor size 1114112 bytes, new threshold 1 (max threshold 6)
[3.271s][info ][gc,heap        ] GC(1094) ParNew: 18620K->1186K(19648K)
[3.271s][info ][gc,heap        ] GC(1094) CMS: 23848K->24630K(43712K)
[3.271s][info ][gc,metaspace   ] GC(1094) Metaspace: 5319K->5319K(1056768K)
[3.271s][info ][gc             ] GC(1094) Pause Young (Allocation Failure) 41M->25M(61M) 0.883ms
[3.271s][info ][gc,cpu         ] GC(1094) User=0.00s Sys=0.00s Real=0.00s
[3.273s][info ][gc,start       ] GC(1095) Pause Young (Allocation Failure)
[3.273s][info ][gc,task        ] GC(1095) Using 8 workers of 8 for evacuation
[3.273s][debug][gc,age         ] GC(1095) Desired survivor size 1114112 bytes, new threshold 6 (max threshold 6)
[3.273s][info ][gc,heap        ] GC(1095) ParNew: 18646K->789K(19648K)
[3.273s][info ][gc,heap        ] GC(1095) CMS: 24630K->25412K(43712K)
[3.273s][info ][gc,metaspace   ] GC(1095) Metaspace: 5319K->5319K(1056768K)
[3.273s][info ][gc             ] GC(1095) Pause Young (Allocation Failure) 42M->25M(61M) 0.380ms
[3.273s][info ][gc,cpu         ] GC(1095) User=0.00s Sys=0.00s Real=0.00s
[3.275s][info ][gc,start       ] GC(1096) Pause Young (Allocation Failure)
[3.275s][info ][gc,task        ] GC(1096) Using 8 workers of 8 for evacuation
[3.276s][debug][gc,age         ] GC(1096) Desired survivor size 1114112 bytes, new threshold 1 (max threshold 6)
[3.276s][info ][gc,heap        ] GC(1096) ParNew: 17915K->1182K(19648K)
[3.276s][info ][gc,heap        ] GC(1096) CMS: 25412K->25412K(43712K)
[3.276s][info ][gc,metaspace   ] GC(1096) Metaspace: 5319K->5319K(1056768K)
[3.276s][info ][gc             ] GC(1096) Pause Young (Allocation Failure) 42M->25M(61M) 1.102ms
[3.276s][info ][gc,cpu         ] GC(1096) User=0.00s Sys=0.00s Real=0.00s
[3.277s][info ][gc,start       ] GC(1097) Pause Young (Allocation Failure)
[3.277s][info ][gc,task        ] GC(1097) Using 8 workers of 8 for evacuation
[3.278s][debug][gc,age         ] GC(1097) Desired survivor size 1114112 bytes, new threshold 1 (max threshold 6)
[3.278s][info ][gc,heap        ] GC(1097) ParNew: 18439K->1969K(19648K)
[3.278s][info ][gc,heap        ] GC(1097) CMS: 25412K->25803K(43712K)
[3.278s][info ][gc,metaspace   ] GC(1097) Metaspace: 5319K->5319K(1056768K)
[3.278s][info ][gc             ] GC(1097) Pause Young (Allocation Failure) 42M->27M(61M) 0.438ms
[3.278s][info ][gc,cpu         ] GC(1097) User=0.00s Sys=0.00s Real=0.00s
[3.279s][info ][gc,start       ] GC(1098) Pause Young (Allocation Failure)
[3.279s][info ][gc,task        ] GC(1098) Using 8 workers of 8 for evacuation
[3.279s][debug][gc,age         ] GC(1098) Desired survivor size 1114112 bytes, new threshold 1 (max threshold 6)
[3.279s][info ][gc,heap        ] GC(1098) ParNew: 19269K->1969K(19648K)
[3.279s][info ][gc,heap        ] GC(1098) CMS: 25803K->26585K(43712K)
[3.279s][info ][gc,metaspace   ] GC(1098) Metaspace: 5319K->5319K(1056768K)
[3.279s][info ][gc             ] GC(1098) Pause Young (Allocation Failure) 44M->27M(61M) 0.510ms
[3.279s][info ][gc,cpu         ] GC(1098) User=0.00s Sys=0.00s Real=0.00s
[3.281s][info ][gc,start       ] GC(1099) Pause Young (Allocation Failure)
[3.281s][info ][gc,task        ] GC(1099) Using 8 workers of 8 for evacuation
[3.281s][debug][gc,age         ] GC(1099) Desired survivor size 1114112 bytes, new threshold 1 (max threshold 6)
[3.281s][info ][gc,heap        ] GC(1099) ParNew: 19212K->1969K(19648K)
[3.281s][info ][gc,heap        ] GC(1099) CMS: 26585K->27757K(43712K)
[3.281s][info ][gc,metaspace   ] GC(1099) Metaspace: 5319K->5319K(1056768K)
[3.281s][info ][gc             ] GC(1099) Pause Young (Allocation Failure) 44M->29M(61M) 0.523ms
[3.281s][info ][gc,cpu         ] GC(1099) User=0.00s Sys=0.01s Real=0.00s
[3.283s][info ][gc,start       ] GC(1100) Pause Young (Allocation Failure)
[3.283s][info ][gc,task        ] GC(1100) Using 8 workers of 8 for evacuation
[3.283s][debug][gc,age         ] GC(1100) Desired survivor size 1114112 bytes, new threshold 1 (max threshold 6)
[3.283s][info ][gc,heap        ] GC(1100) ParNew: 19175K->1967K(19648K)
[3.283s][info ][gc,heap        ] GC(1100) CMS: 27757K->27757K(43712K)
[3.283s][info ][gc,metaspace   ] GC(1100) Metaspace: 5319K->5319K(1056768K)
[3.283s][info ][gc             ] GC(1100) Pause Young (Allocation Failure) 45M->29M(61M) 0.386ms
[3.283s][info ][gc,cpu         ] GC(1100) User=0.00s Sys=0.00s Real=0.00s
[3.285s][info ][gc,start       ] GC(1101) Pause Young (Allocation Failure)
[3.285s][info ][gc,task        ] GC(1101) Using 8 workers of 8 for evacuation
[3.285s][debug][gc,age         ] GC(1101) Desired survivor size 1114112 bytes, new threshold 1 (max threshold 6)
[3.285s][info ][gc,heap        ] GC(1101) ParNew: 19150K->1967K(19648K)
[3.285s][info ][gc,heap        ] GC(1101) CMS: 27757K->27757K(43712K)
[3.285s][info ][gc,metaspace   ] GC(1101) Metaspace: 5319K->5319K(1056768K)
[3.285s][info ][gc             ] GC(1101) Pause Young (Allocation Failure) 45M->29M(61M) 0.400ms
[3.285s][info ][gc,cpu         ] GC(1101) User=0.00s Sys=0.00s Real=0.00s
[3.286s][info ][gc,start       ] GC(1102) Pause Young (Allocation Failure)
[3.286s][info ][gc,task        ] GC(1102) Using 8 workers of 8 for evacuation
[3.287s][debug][gc,age         ] GC(1102) Desired survivor size 1114112 bytes, new threshold 1 (max threshold 6)
[3.287s][info ][gc,heap        ] GC(1102) ParNew: 19135K->1969K(19648K)
[3.287s][info ][gc,heap        ] GC(1102) CMS: 27757K->28538K(43712K)
[3.287s][info ][gc,metaspace   ] GC(1102) Metaspace: 5319K->5319K(1056768K)
[3.287s][info ][gc             ] GC(1102) Pause Young (Allocation Failure) 45M->29M(61M) 0.973ms
[3.287s][info ][gc,cpu         ] GC(1102) User=0.01s Sys=0.00s Real=0.00s
[3.289s][info ][gc,start       ] GC(1103) Pause Young (Allocation Failure)
[3.289s][info ][gc,task        ] GC(1103) Using 8 workers of 8 for evacuation
[3.289s][debug][gc,age         ] GC(1103) Desired survivor size 1114112 bytes, new threshold 1 (max threshold 6)
[3.289s][info ][gc,heap        ] GC(1103) ParNew: 19127K->1969K(19648K)
[3.289s][info ][gc,heap        ] GC(1103) CMS: 28538K->29319K(43712K)
[3.289s][info ][gc,metaspace   ] GC(1103) Metaspace: 5319K->5319K(1056768K)
[3.289s][info ][gc             ] GC(1103) Pause Young (Allocation Failure) 46M->30M(61M) 0.463ms
[3.289s][info ][gc,cpu         ] GC(1103) User=0.00s Sys=0.00s Real=0.00s
[3.290s][info ][gc,start       ] GC(1104) Pause Young (Allocation Failure)
[3.290s][info ][gc,task        ] GC(1104) Using 8 workers of 8 for evacuation
[3.291s][debug][gc,age         ] GC(1104) Desired survivor size 1114112 bytes, new threshold 1 (max threshold 6)
[3.291s][info ][gc,heap        ] GC(1104) ParNew: 19121K->1969K(19648K)
[3.291s][info ][gc,heap        ] GC(1104) CMS: 29319K->29710K(43712K)
[3.291s][info ][gc,metaspace   ] GC(1104) Metaspace: 5319K->5319K(1056768K)
[3.291s][info ][gc             ] GC(1104) Pause Young (Allocation Failure) 47M->30M(61M) 0.461ms
[3.291s][info ][gc,cpu         ] GC(1104) User=0.00s Sys=0.00s Real=0.00s
[3.292s][info ][gc,start       ] GC(1105) Pause Young (Allocation Failure)
[3.292s][info ][gc,task        ] GC(1105) Using 8 workers of 8 for evacuation
[3.293s][debug][gc,age         ] GC(1105) Desired survivor size 1114112 bytes, new threshold 1 (max threshold 6)
[3.293s][info ][gc,heap        ] GC(1105) ParNew: 19117K->1967K(19648K)
[3.293s][info ][gc,heap        ] GC(1105) CMS: 29710K->30491K(43712K)
[3.293s][info ][gc,metaspace   ] GC(1105) Metaspace: 5319K->5319K(1056768K)
[3.293s][info ][gc             ] GC(1105) Pause Young (Allocation Failure) 47M->31M(61M) 0.565ms
[3.293s][info ][gc,cpu         ] GC(1105) User=0.00s Sys=0.00s Real=0.00s
[3.294s][info ][gc,start       ] GC(1106) Pause Young (Allocation Failure)
[3.294s][info ][gc,task        ] GC(1106) Using 8 workers of 8 for evacuation
[3.295s][debug][gc,age         ] GC(1106) Desired survivor size 1114112 bytes, new threshold 1 (max threshold 6)
[3.295s][info ][gc,heap        ] GC(1106) ParNew: 19329K->1186K(19648K)
[3.295s][info ][gc,heap        ] GC(1106) CMS: 30491K->31273K(43712K)
[3.295s][info ][gc,metaspace   ] GC(1106) Metaspace: 5319K->5319K(1056768K)
[3.295s][info ][gc             ] GC(1106) Pause Young (Allocation Failure) 48M->31M(61M) 0.432ms
[3.295s][info ][gc,cpu         ] GC(1106) User=0.01s Sys=0.00s Real=0.00s
[3.296s][info ][gc,start       ] GC(1107) Pause Young (Allocation Failure)
[3.296s][info ][gc,task        ] GC(1107) Using 8 workers of 8 for evacuation
[3.298s][debug][gc,age         ] GC(1107) Desired survivor size 1114112 bytes, new threshold 1 (max threshold 6)
[3.298s][info ][gc,heap        ] GC(1107) ParNew: 18555K->1574K(19648K)
[3.298s][info ][gc,heap        ] GC(1107) CMS: 31273K->32446K(43712K)
[3.298s][info ][gc,metaspace   ] GC(1107) Metaspace: 5319K->5319K(1056768K)
[3.298s][info ][gc             ] GC(1107) Pause Young (Allocation Failure) 48M->33M(61M) 1.251ms
[3.298s][info ][gc,cpu         ] GC(1107) User=0.01s Sys=0.00s Real=0.00s
[3.299s][info ][gc,start       ] GC(1108) Pause Young (Allocation Failure)
[3.299s][info ][gc,task        ] GC(1108) Using 8 workers of 8 for evacuation
[3.299s][debug][gc,age         ] GC(1108) Desired survivor size 1114112 bytes, new threshold 1 (max threshold 6)
[3.299s][info ][gc,heap        ] GC(1108) ParNew: 18834K->1969K(19648K)
[3.299s][info ][gc,heap        ] GC(1108) CMS: 32446K->33228K(43712K)
[3.299s][info ][gc,metaspace   ] GC(1108) Metaspace: 5319K->5319K(1056768K)
[3.299s][info ][gc             ] GC(1108) Pause Young (Allocation Failure) 50M->34M(61M) 0.502ms
[3.299s][info ][gc,cpu         ] GC(1108) User=0.01s Sys=0.00s Real=0.00s
[3.301s][info ][gc,start       ] GC(1109) Pause Young (Allocation Failure)
[3.301s][info ][gc,task        ] GC(1109) Using 8 workers of 8 for evacuation
[3.302s][debug][gc,age         ] GC(1109) Desired survivor size 1114112 bytes, new threshold 6 (max threshold 6)
[3.302s][info ][gc,heap        ] GC(1109) ParNew: 19355K->797K(19648K)
[3.302s][info ][gc,heap        ] GC(1109) CMS: 33228K->34011K(43712K)
[3.302s][info ][gc,metaspace   ] GC(1109) Metaspace: 5319K->5319K(1056768K)
[3.302s][info ][gc             ] GC(1109) Pause Young (Allocation Failure) 51M->33M(61M) 0.452ms
[3.302s][info ][gc,cpu         ] GC(1109) User=0.00s Sys=0.00s Real=0.00s
[3.303s][info ][gc,start       ] GC(1110) Pause Young (Allocation Failure)
[3.303s][info ][gc,task        ] GC(1110) Using 8 workers of 8 for evacuation
[3.304s][debug][gc,age         ] GC(1110) Desired survivor size 1114112 bytes, new threshold 2 (max threshold 6)
[3.304s][info ][gc,heap        ] GC(1110) ParNew: 18267K->1186K(19648K)
[3.304s][info ][gc,heap        ] GC(1110) CMS: 34011K->34011K(43712K)
[3.304s][info ][gc,metaspace   ] GC(1110) Metaspace: 5319K->5319K(1056768K)
[3.304s][info ][gc             ] GC(1110) Pause Young (Allocation Failure) 51M->34M(61M) 1.030ms
[3.304s][info ][gc,cpu         ] GC(1110) User=0.00s Sys=0.00s Real=0.01s
[3.306s][info ][gc,start       ] GC(1111) Pause Young (Allocation Failure)
[3.306s][info ][gc,task        ] GC(1111) Using 8 workers of 8 for evacuation
[3.306s][debug][gc,age         ] GC(1111) Desired survivor size 1114112 bytes, new threshold 1 (max threshold 6)
[3.306s][info ][gc,heap        ] GC(1111) ParNew: 18401K->1969K(19648K)
[3.306s][info ][gc,heap        ] GC(1111) CMS: 34011K->34402K(43712K)
[3.306s][info ][gc,metaspace   ] GC(1111) Metaspace: 5319K->5319K(1056768K)
[3.306s][info ][gc             ] GC(1111) Pause Young (Allocation Failure) 51M->35M(61M) 0.476ms
[3.306s][info ][gc,cpu         ] GC(1111) User=0.00s Sys=0.00s Real=0.00s
[3.308s][info ][gc,start       ] GC(1112) Pause Young (Allocation Failure)
[3.308s][info ][gc,task        ] GC(1112) Using 8 workers of 8 for evacuation
[3.308s][debug][gc,age         ] GC(1112) Desired survivor size 1114112 bytes, new threshold 1 (max threshold 6)
[3.308s][info ][gc,heap        ] GC(1112) ParNew: 19233K->1969K(19648K)
[3.308s][info ][gc,heap        ] GC(1112) CMS: 34402K->35183K(43712K)
[3.308s][info ][gc,metaspace   ] GC(1112) Metaspace: 5319K->5319K(1056768K)
[3.308s][info ][gc             ] GC(1112) Pause Young (Allocation Failure) 52M->36M(61M) 0.516ms
[3.308s][info ][gc,cpu         ] GC(1112) User=0.00s Sys=0.00s Real=0.00s
[3.310s][info ][gc,start       ] GC(1113) Pause Young (Allocation Failure)
[3.310s][info ][gc,task        ] GC(1113) Using 8 workers of 8 for evacuation
[3.310s][debug][gc,age         ] GC(1113) Desired survivor size 1114112 bytes, new threshold 1 (max threshold 6)
[3.310s][info ][gc,heap        ] GC(1113) ParNew: 19189K->1967K(19648K)
[3.310s][info ][gc,heap        ] GC(1113) CMS: 35183K->35965K(43712K)
[3.310s][info ][gc,metaspace   ] GC(1113) Metaspace: 5319K->5319K(1056768K)
[3.310s][info ][gc             ] GC(1113) Pause Young (Allocation Failure) 53M->37M(61M) 0.483ms
[3.310s][info ][gc,cpu         ] GC(1113) User=0.00s Sys=0.00s Real=0.00s
[3.312s][info ][gc,start       ] GC(1114) Pause Young (Allocation Failure)
[3.312s][info ][gc,task        ] GC(1114) Using 8 workers of 8 for evacuation
[3.312s][debug][gc,age         ] GC(1114) Desired survivor size 1114112 bytes, new threshold 1 (max threshold 6)
[3.312s][info ][gc,heap        ] GC(1114) ParNew: 19158K->1967K(19648K)
[3.312s][info ][gc,heap        ] GC(1114) CMS: 35965K->37137K(43712K)
[3.312s][info ][gc,metaspace   ] GC(1114) Metaspace: 5319K->5319K(1056768K)
[3.312s][info ][gc             ] GC(1114) Pause Young (Allocation Failure) 53M->38M(61M) 0.539ms
[3.312s][info ][gc,cpu         ] GC(1114) User=0.00s Sys=0.00s Real=0.00s
[3.314s][info ][gc,start       ] GC(1115) Pause Young (Allocation Failure)
[3.314s][info ][gc,task        ] GC(1115) Using 8 workers of 8 for evacuation
[3.314s][debug][gc,age         ] GC(1115) Desired survivor size 1114112 bytes, new threshold 1 (max threshold 6)
[3.314s][info ][gc,heap        ] GC(1115) ParNew: 19140K->1969K(19648K)
[3.314s][info ][gc,heap        ] GC(1115) CMS: 37137K->37527K(43712K)
[3.314s][info ][gc,metaspace   ] GC(1115) Metaspace: 5319K->5319K(1056768K)
[3.314s][info ][gc             ] GC(1115) Pause Young (Allocation Failure) 54M->38M(61M) 0.431ms
[3.314s][info ][gc,cpu         ] GC(1115) User=0.00s Sys=0.00s Real=0.01s
[3.315s][info ][gc,start       ] GC(1116) Pause Young (Allocation Failure)
[3.315s][info ][gc,task        ] GC(1116) Using 8 workers of 8 for evacuation
[3.316s][debug][gc,age         ] GC(1116) Desired survivor size 1114112 bytes, new threshold 1 (max threshold 6)
[3.316s][info ][gc,heap        ] GC(1116) ParNew: 19131K->1578K(19648K)
[3.316s][info ][gc,heap        ] GC(1116) CMS: 37527K->37527K(43712K)
[3.316s][info ][gc,metaspace   ] GC(1116) Metaspace: 5319K->5319K(1056768K)
[3.316s][info ][gc             ] GC(1116) Pause Young (Allocation Failure) 55M->38M(61M) 0.366ms
[3.316s][info ][gc,cpu         ] GC(1116) User=0.00s Sys=0.00s Real=0.00s
[3.317s][info ][gc,start       ] GC(1117) Pause Young (Allocation Failure)
[3.317s][info ][gc,task        ] GC(1117) Using 8 workers of 8 for evacuation
[3.318s][debug][gc,age         ] GC(1117) Desired survivor size 1114112 bytes, new threshold 1 (max threshold 6)
[3.318s][info ][gc,heap        ] GC(1117) ParNew: 18732K->1969K(19648K)
[3.318s][info ][gc,heap        ] GC(1117) CMS: 37527K->38699K(43712K)
[3.318s][info ][gc,metaspace   ] GC(1117) Metaspace: 5319K->5319K(1056768K)
[3.318s][info ][gc             ] GC(1117) Pause Young (Allocation Failure) 54M->39M(61M) 1.277ms
[3.318s][info ][gc,cpu         ] GC(1117) User=0.00s Sys=0.00s Real=0.00s
[3.320s][info ][gc,start       ] GC(1118) Pause Young (Allocation Failure)
[3.320s][info ][gc,task        ] GC(1118) Using 8 workers of 8 for evacuation
[3.320s][debug][gc,age         ] GC(1118) Desired survivor size 1114112 bytes, new threshold 1 (max threshold 6)
[3.320s][info ][gc,heap        ] GC(1118) ParNew: 19118K->1188K(19648K)
[3.320s][info ][gc,heap        ] GC(1118) CMS: 38699K->38699K(43712K)
[3.320s][info ][gc,metaspace   ] GC(1118) Metaspace: 5319K->5319K(1056768K)
[3.320s][info ][gc             ] GC(1118) Pause Young (Allocation Failure) 56M->38M(61M) 0.353ms
[3.320s][info ][gc,cpu         ] GC(1118) User=0.00s Sys=0.00s Real=0.00s
[3.321s][info ][gc,start       ] GC(1119) Pause Young (Allocation Failure)
[3.321s][info ][gc,task        ] GC(1119) Using 8 workers of 8 for evacuation
[3.322s][debug][gc,age         ] GC(1119) Desired survivor size 1114112 bytes, new threshold 1 (max threshold 6)
[3.322s][info ][gc,heap        ] GC(1119) ParNew: 18334K->1969K(19648K)
[3.322s][info ][gc,heap        ] GC(1119) CMS: 38699K->38699K(43712K)
[3.322s][info ][gc,metaspace   ] GC(1119) Metaspace: 5319K->5319K(1056768K)
[3.322s][info ][gc             ] GC(1119) Pause Young (Allocation Failure) 55M->39M(61M) 0.416ms
[3.322s][info ][gc,cpu         ] GC(1119) User=0.00s Sys=0.00s Real=0.00s
[3.323s][info ][gc,start       ] GC(1120) Pause Young (Allocation Failure)
[3.323s][info ][gc,task        ] GC(1120) Using 8 workers of 8 for evacuation
[3.324s][debug][gc,age         ] GC(1120) Desired survivor size 1114112 bytes, new threshold 1 (max threshold 6)
[3.324s][info ][gc,heap        ] GC(1120) ParNew: 19113K->1969K(19648K)
[3.324s][info ][gc,heap        ] GC(1120) CMS: 38699K->39090K(43712K)
[3.324s][info ][gc,metaspace   ] GC(1120) Metaspace: 5319K->5319K(1056768K)
[3.324s][info ][gc             ] GC(1120) Pause Young (Allocation Failure) 56M->40M(61M) 0.446ms
[3.324s][info ][gc,cpu         ] GC(1120) User=0.00s Sys=0.00s Real=0.01s
[3.325s][info ][gc,start       ] GC(1121) Pause Young (Allocation Failure)
[3.325s][info ][gc,task        ] GC(1121) Using 8 workers of 8 for evacuation
[3.326s][debug][gc,age         ] GC(1121) Desired survivor size 1114112 bytes, new threshold 1 (max threshold 6)
[3.326s][info ][gc,heap        ] GC(1121) ParNew: 19112K->1969K(19648K)
[3.326s][info ][gc,heap        ] GC(1121) CMS: 39090K->40652K(43712K)
[3.326s][info ][gc,metaspace   ] GC(1121) Metaspace: 5319K->5319K(1056768K)
[3.326s][info ][gc             ] GC(1121) Pause Young (Allocation Failure) 56M->41M(61M) 1.246ms
[3.326s][info ][gc,cpu         ] GC(1121) User=0.01s Sys=0.00s Real=0.00s
[3.328s][info ][gc,start       ] GC(1122) Pause Young (Allocation Failure)
[3.328s][info ][gc,task        ] GC(1122) Using 8 workers of 8 for evacuation
[3.329s][debug][gc,age         ] GC(1122) Desired survivor size 1114112 bytes, new threshold 6 (max threshold 6)
[3.329s][info ][gc,heap        ] GC(1122) ParNew: 19327K->791K(19648K)
[3.329s][info ][gc,heap        ] GC(1122) CMS: 40652K->41826K(43712K)
[3.329s][info ][gc,metaspace   ] GC(1122) Metaspace: 5319K->5319K(1056768K)
[3.329s][info ][gc             ] GC(1122) Pause Young (Allocation Failure) 58M->41M(61M) 0.450ms
[3.329s][info ][gc,cpu         ] GC(1122) User=0.01s Sys=0.00s Real=0.00s
[3.330s][info ][gc,start       ] GC(1123) Pause Young (Allocation Failure)
[3.330s][info ][gc,task        ] GC(1123) Using 8 workers of 8 for evacuation
[3.331s][debug][gc,age         ] GC(1123) Desired survivor size 1114112 bytes, new threshold 6 (max threshold 6)
[3.331s][info ][gc,heap        ] GC(1123) ParNew: 18223K->793K(19648K)
[3.331s][info ][gc,heap        ] GC(1123) CMS: 41826K->41826K(43712K)
[3.331s][info ][gc,metaspace   ] GC(1123) Metaspace: 5319K->5319K(1056768K)
[3.331s][info ][gc             ] GC(1123) Pause Young (Allocation Failure) 58M->41M(61M) 1.056ms
[3.331s][info ][gc,cpu         ] GC(1123) User=0.01s Sys=0.00s Real=0.00s
[3.333s][info ][gc,start       ] GC(1124) Pause Young (Allocation Failure)
[3.333s][info ][gc,task        ] GC(1124) Using 8 workers of 8 for evacuation
[3.333s][debug][gc,age         ] GC(1124) Desired survivor size 1114112 bytes, new threshold 1 (max threshold 6)
[3.333s][info ][gc,heap        ] GC(1124) ParNew: 18032K->1969K(19648K)
[3.333s][info ][gc,heap        ] GC(1124) CMS: 41826K->42997K(43712K)
[3.333s][info ][gc,metaspace   ] GC(1124) Metaspace: 5319K->5319K(1056768K)
[3.333s][info ][gc             ] GC(1124) Pause Young (Allocation Failure) 58M->43M(61M) 0.565ms
[3.333s][info ][gc,cpu         ] GC(1124) User=0.01s Sys=0.00s Real=0.00s
[3.333s][info ][gc             ] GC(1086) Concurrent Abortable Preclean 76.562ms
[3.333s][info ][gc,cpu         ] GC(1086) User=0.36s Sys=0.02s Real=0.07s
[3.333s][info ][gc,start       ] GC(1086) Pause Remark
[3.334s][debug][gc,phases      ] GC(1086) Rescan (parallel) 0.779ms
[3.334s][debug][gc,phases      ] GC(1086) Reference Processing 0.012ms
[3.334s][debug][gc,phases      ] GC(1086) Weak Processing 0.004ms
[3.334s][debug][gc,phases      ] GC(1086) ClassLoaderData 0.023ms
[3.334s][debug][gc,phases      ] GC(1086) ProtectionDomainCacheTable 0.002ms
[3.334s][debug][gc,phases      ] GC(1086) ResolvedMethodTable 0.005ms
[3.334s][debug][gc,phases      ] GC(1086) Class Unloading 0.175ms
[3.335s][debug][gc,phases      ] GC(1086) Scrub Symbol Table 0.450ms
[3.335s][debug][gc,phases      ] GC(1086) Scrub String Table 0.020ms
[3.335s][info ][gc             ] GC(1086) Pause Remark 45M->45M(61M) 1.537ms
[3.335s][info ][gc,cpu         ] GC(1086) User=0.00s Sys=0.00s Real=0.01s
[3.335s][info ][gc             ] GC(1086) Concurrent Sweep
[3.335s][info ][gc             ] GC(1086) Concurrent Sweep 0.477ms
[3.335s][info ][gc,cpu         ] GC(1086) User=0.00s Sys=0.00s Real=0.00s
[3.336s][info ][gc             ] GC(1086) Concurrent Reset
[3.336s][info ][gc             ] GC(1086) Concurrent Reset 0.036ms
[3.336s][info ][gc,cpu         ] GC(1086) User=0.00s Sys=0.00s Real=0.00s
[3.336s][info ][gc,heap        ] GC(1086) Old: 19937K->24234K(43712K)
[3.337s][info ][gc,start       ] GC(1125) Pause Young (Allocation Failure)
[3.337s][info ][gc,task        ] GC(1125) Using 8 workers of 8 for evacuation
[3.338s][debug][gc,age         ] GC(1125) Desired survivor size 1114112 bytes, new threshold 1 (max threshold 6)
[3.338s][info ][gc,heap        ] GC(1125) ParNew: 19074K->1574K(19648K)
[3.338s][info ][gc,heap        ] GC(1125) CMS: 24234K->25016K(43712K)
[3.338s][info ][gc,metaspace   ] GC(1125) Metaspace: 5319K->5319K(1056768K)
[3.338s][info ][gc             ] GC(1125) Pause Young (Allocation Failure) 42M->25M(61M) 1.181ms
[3.338s][info ][gc,cpu         ] GC(1125) User=0.00s Sys=0.00s Real=0.00s
[3.339s][info ][gc,start       ] GC(1126) Pause Young (Allocation Failure)
[3.339s][info ][gc,task        ] GC(1126) Using 8 workers of 8 for evacuation
[3.340s][debug][gc,age         ] GC(1126) Desired survivor size 1114112 bytes, new threshold 6 (max threshold 6)
[3.340s][info ][gc,heap        ] GC(1126) ParNew: 19046K->404K(19648K)
[3.340s][info ][gc,heap        ] GC(1126) CMS: 25016K->25798K(43712K)
[3.340s][info ][gc,metaspace   ] GC(1126) Metaspace: 5319K->5319K(1056768K)
[3.340s][info ][gc             ] GC(1126) Pause Young (Allocation Failure) 43M->25M(61M) 1.056ms
[3.340s][info ][gc,cpu         ] GC(1126) User=0.00s Sys=0.00s Real=0.00s
[3.342s][info ][gc,start       ] GC(1127) Pause Young (Allocation Failure)
[3.342s][info ][gc,task        ] GC(1127) Using 8 workers of 8 for evacuation
[3.342s][debug][gc,age         ] GC(1127) Desired survivor size 1114112 bytes, new threshold 2 (max threshold 6)
[3.342s][info ][gc,heap        ] GC(1127) ParNew: 17836K->1188K(19648K)
[3.342s][info ][gc,heap        ] GC(1127) CMS: 25798K->25798K(43712K)
[3.342s][info ][gc,metaspace   ] GC(1127) Metaspace: 5319K->5319K(1056768K)
[3.342s][info ][gc             ] GC(1127) Pause Young (Allocation Failure) 42M->26M(61M) 0.417ms
[3.342s][info ][gc,cpu         ] GC(1127) User=0.00s Sys=0.00s Real=0.00s
[3.344s][info ][gc,start       ] GC(1128) Pause Young (Allocation Failure)
[3.344s][info ][gc,task        ] GC(1128) Using 8 workers of 8 for evacuation
[3.344s][debug][gc,age         ] GC(1128) Desired survivor size 1114112 bytes, new threshold 1 (max threshold 6)
[3.344s][info ][gc,heap        ] GC(1128) ParNew: 18457K->1967K(19648K)
[3.344s][info ][gc,heap        ] GC(1128) CMS: 25798K->26189K(43712K)
[3.344s][info ][gc,metaspace   ] GC(1128) Metaspace: 5319K->5319K(1056768K)
[3.344s][info ][gc             ] GC(1128) Pause Young (Allocation Failure) 43M->27M(61M) 0.647ms
[3.344s][info ][gc,cpu         ] GC(1128) User=0.00s Sys=0.00s Real=0.01s
[3.346s][info ][gc,start       ] GC(1129) Pause Young (Allocation Failure)
[3.346s][info ][gc,task        ] GC(1129) Using 8 workers of 8 for evacuation
[3.346s][debug][gc,age         ] GC(1129) Desired survivor size 1114112 bytes, new threshold 1 (max threshold 6)
[3.346s][info ][gc,heap        ] GC(1129) ParNew: 19111K->1967K(19648K)
[3.346s][info ][gc,heap        ] GC(1129) CMS: 26189K->26580K(43712K)
[3.346s][info ][gc,metaspace   ] GC(1129) Metaspace: 5319K->5319K(1056768K)
[3.346s][info ][gc             ] GC(1129) Pause Young (Allocation Failure) 44M->27M(61M) 0.466ms
[3.346s][info ][gc,cpu         ] GC(1129) User=0.00s Sys=0.00s Real=0.00s
[3.348s][info ][gc,start       ] GC(1130) Pause Young (Allocation Failure)
[3.348s][info ][gc,task        ] GC(1130) Using 8 workers of 8 for evacuation
[3.349s][debug][gc,age         ] GC(1130) Desired survivor size 1114112 bytes, new threshold 1 (max threshold 6)
[3.349s][info ][gc,heap        ] GC(1130) ParNew: 19189K->1967K(19648K)
[3.349s][info ][gc,heap        ] GC(1130) CMS: 26580K->26971K(43712K)
[3.349s][info ][gc,metaspace   ] GC(1130) Metaspace: 5319K->5319K(1056768K)
[3.349s][info ][gc             ] GC(1130) Pause Young (Allocation Failure) 44M->28M(61M) 1.250ms
[3.349s][info ][gc,cpu         ] GC(1130) User=0.00s Sys=0.00s Real=0.00s
[3.350s][info ][gc,start       ] GC(1131) Pause Young (Allocation Failure)
[3.350s][info ][gc,task        ] GC(1131) Using 8 workers of 8 for evacuation
[3.351s][debug][gc,age         ] GC(1131) Desired survivor size 1114112 bytes, new threshold 1 (max threshold 6)
[3.351s][info ][gc,heap        ] GC(1131) ParNew: 19119K->1965K(19648K)
[3.351s][info ][gc,heap        ] GC(1131) CMS: 26971K->27362K(43712K)
[3.351s][info ][gc,metaspace   ] GC(1131) Metaspace: 5319K->5319K(1056768K)
[3.351s][info ][gc             ] GC(1131) Pause Young (Allocation Failure) 45M->28M(61M) 1.147ms
[3.351s][info ][gc,cpu         ] GC(1131) User=0.01s Sys=0.00s Real=0.00s
[3.353s][info ][gc,start       ] GC(1132) Pause Young (Allocation Failure)
[3.353s][info ][gc,task        ] GC(1132) Using 8 workers of 8 for evacuation
[3.354s][debug][gc,age         ] GC(1132) Desired survivor size 1114112 bytes, new threshold 1 (max threshold 6)
[3.354s][info ][gc,heap        ] GC(1132) ParNew: 19104K->1967K(19648K)
[3.354s][info ][gc,heap        ] GC(1132) CMS: 27362K->28143K(43712K)
[3.354s][info ][gc,metaspace   ] GC(1132) Metaspace: 5319K->5319K(1056768K)
[3.354s][info ][gc             ] GC(1132) Pause Young (Allocation Failure) 45M->29M(61M) 1.297ms
[3.354s][info ][gc,cpu         ] GC(1132) User=0.01s Sys=0.00s Real=0.01s
[3.354s][info ][gc,start       ] GC(1133) Pause Initial Mark
[3.354s][info ][gc             ] GC(1133) Pause Initial Mark 30M->30M(61M) 0.090ms
[3.354s][info ][gc,cpu         ] GC(1133) User=0.00s Sys=0.00s Real=0.00s
[3.354s][info ][gc             ] GC(1133) Concurrent Mark
[3.354s][info ][gc,task        ] GC(1133) Using 2 workers of 2 for marking
[3.356s][info ][gc,start       ] GC(1134) Pause Young (Allocation Failure)
[3.356s][info ][gc,task        ] GC(1134) Using 8 workers of 8 for evacuation
[3.356s][debug][gc,age         ] GC(1134) Desired survivor size 1114112 bytes, new threshold 6 (max threshold 6)
[3.356s][info ][gc,heap        ] GC(1134) ParNew: 19156K->797K(19648K)
[3.356s][info ][gc,heap        ] GC(1134) CMS: 28143K->28534K(43712K)
[3.356s][info ][gc,metaspace   ] GC(1134) Metaspace: 5319K->5319K(1056768K)
[3.356s][info ][gc             ] GC(1134) Pause Young (Allocation Failure) 46M->28M(61M) 0.595ms
[3.356s][info ][gc,cpu         ] GC(1134) User=0.00s Sys=0.00s Real=0.00s
[3.357s][info ][gc,start       ] GC(1135) Pause Young (Allocation Failure)
[3.357s][info ][gc,task        ] GC(1135) Using 8 workers of 8 for evacuation
[3.358s][debug][gc,age         ] GC(1135) Desired survivor size 1114112 bytes, new threshold 6 (max threshold 6)
[3.358s][info ][gc,heap        ] GC(1135) ParNew: 17969K->795K(19648K)
[3.358s][info ][gc,heap        ] GC(1135) CMS: 28534K->28534K(43712K)
[3.358s][info ][gc,metaspace   ] GC(1135) Metaspace: 5319K->5319K(1056768K)
[3.358s][info ][gc             ] GC(1135) Pause Young (Allocation Failure) 45M->28M(61M) 0.409ms
[3.358s][info ][gc,cpu         ] GC(1135) User=0.00s Sys=0.00s Real=0.00s
[3.359s][info ][gc,start       ] GC(1136) Pause Young (Allocation Failure)
[3.359s][info ][gc,task        ] GC(1136) Using 8 workers of 8 for evacuation
[3.360s][debug][gc,age         ] GC(1136) Desired survivor size 1114112 bytes, new threshold 1 (max threshold 6)
[3.360s][info ][gc,heap        ] GC(1136) ParNew: 17956K->1969K(19648K)
[3.360s][info ][gc,heap        ] GC(1136) CMS: 28534K->29315K(43712K)
[3.360s][info ][gc,metaspace   ] GC(1136) Metaspace: 5319K->5319K(1056768K)
[3.360s][info ][gc             ] GC(1136) Pause Young (Allocation Failure) 45M->30M(61M) 0.490ms
[3.360s][info ][gc,cpu         ] GC(1136) User=0.00s Sys=0.00s Real=0.00s
[3.361s][info ][gc,start       ] GC(1137) Pause Young (Allocation Failure)
[3.361s][info ][gc,task        ] GC(1137) Using 8 workers of 8 for evacuation
[3.361s][debug][gc,age         ] GC(1137) Desired survivor size 1114112 bytes, new threshold 1 (max threshold 6)
[3.361s][info ][gc,heap        ] GC(1137) ParNew: 19122K->1969K(19648K)
[3.362s][info ][gc,heap        ] GC(1137) CMS: 29315K->29316K(43712K)
[3.362s][info ][gc,metaspace   ] GC(1137) Metaspace: 5319K->5319K(1056768K)
[3.362s][info ][gc             ] GC(1137) Pause Young (Allocation Failure) 47M->30M(61M) 0.431ms
[3.362s][info ][gc,cpu         ] GC(1137) User=0.00s Sys=0.00s Real=0.00s
[3.362s][info ][gc             ] GC(1133) Concurrent Mark 7.856ms
[3.362s][info ][gc,cpu         ] GC(1133) User=0.04s Sys=0.01s Real=0.00s
[3.362s][info ][gc             ] GC(1133) Concurrent Preclean
[3.362s][info ][gc             ] GC(1133) Concurrent Preclean 0.202ms
[3.363s][info ][gc,cpu         ] GC(1133) User=0.00s Sys=0.00s Real=0.00s
[3.363s][info ][gc             ] GC(1133) Concurrent Abortable Preclean
[3.363s][info ][gc,start       ] GC(1138) Pause Young (Allocation Failure)
[3.363s][info ][gc,task        ] GC(1138) Using 8 workers of 8 for evacuation
[3.364s][debug][gc,age         ] GC(1138) Desired survivor size 1114112 bytes, new threshold 1 (max threshold 6)
[3.364s][info ][gc,heap        ] GC(1138) ParNew: 19118K->1965K(19648K)
[3.364s][info ][gc,heap        ] GC(1138) CMS: 29316K->30097K(43712K)
[3.364s][info ][gc,metaspace   ] GC(1138) Metaspace: 5319K->5319K(1056768K)
[3.364s][info ][gc             ] GC(1138) Pause Young (Allocation Failure) 47M->31M(61M) 1.242ms
[3.364s][info ][gc,cpu         ] GC(1138) User=0.01s Sys=0.00s Real=0.01s
[3.366s][info ][gc,start       ] GC(1139) Pause Young (Allocation Failure)
[3.366s][info ][gc,task        ] GC(1139) Using 8 workers of 8 for evacuation
[3.367s][debug][gc,age         ] GC(1139) Desired survivor size 1114112 bytes, new threshold 1 (max threshold 6)
[3.367s][info ][gc,heap        ] GC(1139) ParNew: 19437K->1186K(19648K)
[3.367s][info ][gc,heap        ] GC(1139) CMS: 30097K->30097K(43712K)
[3.367s][info ][gc,metaspace   ] GC(1139) Metaspace: 5319K->5319K(1056768K)
[3.367s][info ][gc             ] GC(1139) Pause Young (Allocation Failure) 48M->30M(61M) 1.246ms
[3.367s][info ][gc,cpu         ] GC(1139) User=0.01s Sys=0.00s Real=0.00s
[3.369s][info ][gc,start       ] GC(1140) Pause Young (Allocation Failure)
[3.369s][info ][gc,task        ] GC(1140) Using 8 workers of 8 for evacuation
[3.370s][debug][gc,age         ] GC(1140) Desired survivor size 1114112 bytes, new threshold 1 (max threshold 6)
[3.370s][info ][gc,heap        ] GC(1140) ParNew: 18310K->1967K(19648K)
[3.370s][info ][gc,heap        ] GC(1140) CMS: 30097K->30488K(43712K)
[3.370s][info ][gc,metaspace   ] GC(1140) Metaspace: 5319K->5319K(1056768K)
[3.370s][info ][gc             ] GC(1140) Pause Young (Allocation Failure) 47M->31M(61M) 1.229ms
[3.370s][info ][gc,cpu         ] GC(1140) User=0.00s Sys=0.00s Real=0.00s
[3.371s][info ][gc,start       ] GC(1141) Pause Young (Allocation Failure)
[3.371s][info ][gc,task        ] GC(1141) Using 8 workers of 8 for evacuation
[3.372s][debug][gc,age         ] GC(1141) Desired survivor size 1114112 bytes, new threshold 1 (max threshold 6)
[3.372s][info ][gc,heap        ] GC(1141) ParNew: 19089K->1967K(19648K)
[3.372s][info ][gc,heap        ] GC(1141) CMS: 30488K->30489K(43712K)
[3.372s][info ][gc,metaspace   ] GC(1141) Metaspace: 5319K->5319K(1056768K)
[3.372s][info ][gc             ] GC(1141) Pause Young (Allocation Failure) 48M->31M(61M) 1.113ms
[3.372s][info ][gc,cpu         ] GC(1141) User=0.01s Sys=0.00s Real=0.00s
[3.374s][info ][gc,start       ] GC(1142) Pause Young (Allocation Failure)
[3.374s][info ][gc,task        ] GC(1142) Using 8 workers of 8 for evacuation
[3.375s][debug][gc,age         ] GC(1142) Desired survivor size 1114112 bytes, new threshold 1 (max threshold 6)
[3.375s][info ][gc,heap        ] GC(1142) ParNew: 19091K->1963K(19648K)
[3.375s][info ][gc,heap        ] GC(1142) CMS: 30489K->30880K(43712K)
[3.375s][info ][gc,metaspace   ] GC(1142) Metaspace: 5319K->5319K(1056768K)
[3.375s][info ][gc             ] GC(1142) Pause Young (Allocation Failure) 48M->32M(61M) 1.277ms
[3.375s][info ][gc,cpu         ] GC(1142) User=0.01s Sys=0.00s Real=0.01s
[3.377s][info ][gc,start       ] GC(1143) Pause Young (Allocation Failure)
[3.377s][info ][gc,task        ] GC(1143) Using 8 workers of 8 for evacuation
[3.378s][debug][gc,age         ] GC(1143) Desired survivor size 1114112 bytes, new threshold 1 (max threshold 6)
[3.378s][info ][gc,heap        ] GC(1143) ParNew: 19096K->1568K(19648K)
[3.378s][info ][gc,heap        ] GC(1143) CMS: 30880K->31271K(43712K)
[3.378s][info ][gc,metaspace   ] GC(1143) Metaspace: 5319K->5319K(1056768K)
[3.378s][info ][gc             ] GC(1143) Pause Young (Allocation Failure) 48M->32M(61M) 1.203ms
[3.378s][info ][gc,cpu         ] GC(1143) User=0.00s Sys=0.00s Real=0.00s
[3.379s][info ][gc,start       ] GC(1144) Pause Young (Allocation Failure)
[3.379s][info ][gc,task        ] GC(1144) Using 8 workers of 8 for evacuation
[3.380s][debug][gc,age         ] GC(1144) Desired survivor size 1114112 bytes, new threshold 1 (max threshold 6)
[3.380s][info ][gc,heap        ] GC(1144) ParNew: 18750K->1967K(19648K)
[3.380s][info ][gc,heap        ] GC(1144) CMS: 31271K->32833K(43712K)
[3.380s][info ][gc,metaspace   ] GC(1144) Metaspace: 5319K->5319K(1056768K)
[3.380s][info ][gc             ] GC(1144) Pause Young (Allocation Failure) 48M->33M(61M) 1.395ms
[3.380s][info ][gc,cpu         ] GC(1144) User=0.00s Sys=0.00s Real=0.00s
[3.382s][info ][gc,start       ] GC(1145) Pause Young (Allocation Failure)
[3.382s][info ][gc,task        ] GC(1145) Using 8 workers of 8 for evacuation
[3.382s][debug][gc,age         ] GC(1145) Desired survivor size 1114112 bytes, new threshold 1 (max threshold 6)
[3.382s][info ][gc,heap        ] GC(1145) ParNew: 19134K->1969K(19648K)
[3.382s][info ][gc,heap        ] GC(1145) CMS: 32833K->33614K(43712K)
[3.382s][info ][gc,metaspace   ] GC(1145) Metaspace: 5319K->5319K(1056768K)
[3.382s][info ][gc             ] GC(1145) Pause Young (Allocation Failure) 50M->34M(61M) 0.484ms
[3.382s][info ][gc,cpu         ] GC(1145) User=0.00s Sys=0.00s Real=0.00s
[3.383s][info ][gc,start       ] GC(1146) Pause Young (Allocation Failure)
[3.384s][info ][gc,task        ] GC(1146) Using 8 workers of 8 for evacuation
[3.384s][debug][gc,age         ] GC(1146) Desired survivor size 1114112 bytes, new threshold 1 (max threshold 6)
[3.384s][info ][gc,heap        ] GC(1146) ParNew: 19126K->1967K(19648K)
[3.384s][info ][gc,heap        ] GC(1146) CMS: 33614K->34005K(43712K)
[3.384s][info ][gc,metaspace   ] GC(1146) Metaspace: 5319K->5319K(1056768K)
[3.384s][info ][gc             ] GC(1146) Pause Young (Allocation Failure) 51M->35M(61M) 0.466ms
[3.384s][info ][gc,cpu         ] GC(1146) User=0.00s Sys=0.00s Real=0.01s
[3.385s][info ][gc,start       ] GC(1147) Pause Young (Allocation Failure)
[3.385s][info ][gc,task        ] GC(1147) Using 8 workers of 8 for evacuation
[3.386s][debug][gc,age         ] GC(1147) Desired survivor size 1114112 bytes, new threshold 1 (max threshold 6)
[3.386s][info ][gc,heap        ] GC(1147) ParNew: 19118K->1969K(19648K)
[3.386s][info ][gc,heap        ] GC(1147) CMS: 34005K->34005K(43712K)
[3.386s][info ][gc,metaspace   ] GC(1147) Metaspace: 5319K->5319K(1056768K)
[3.386s][info ][gc             ] GC(1147) Pause Young (Allocation Failure) 51M->35M(61M) 0.395ms
[3.386s][info ][gc,cpu         ] GC(1147) User=0.00s Sys=0.00s Real=0.00s
[3.387s][info ][gc,start       ] GC(1148) Pause Young (Allocation Failure)
[3.387s][info ][gc,task        ] GC(1148) Using 8 workers of 8 for evacuation
[3.388s][debug][gc,age         ] GC(1148) Desired survivor size 1114112 bytes, new threshold 1 (max threshold 6)
[3.388s][info ][gc,heap        ] GC(1148) ParNew: 19116K->1969K(19648K)
[3.388s][info ][gc,heap        ] GC(1148) CMS: 34005K->34786K(43712K)
[3.388s][info ][gc,metaspace   ] GC(1148) Metaspace: 5319K->5319K(1056768K)
[3.388s][info ][gc             ] GC(1148) Pause Young (Allocation Failure) 51M->35M(61M) 0.983ms
[3.388s][info ][gc,cpu         ] GC(1148) User=0.01s Sys=0.00s Real=0.00s
[3.389s][info ][gc,start       ] GC(1149) Pause Young (Allocation Failure)
[3.389s][info ][gc,task        ] GC(1149) Using 8 workers of 8 for evacuation
[3.390s][debug][gc,age         ] GC(1149) Desired survivor size 1114112 bytes, new threshold 1 (max threshold 6)
[3.390s][info ][gc,heap        ] GC(1149) ParNew: 19114K->1969K(19648K)
[3.390s][info ][gc,heap        ] GC(1149) CMS: 34786K->35958K(43712K)
[3.390s][info ][gc,metaspace   ] GC(1149) Metaspace: 5319K->5319K(1056768K)
[3.390s][info ][gc             ] GC(1149) Pause Young (Allocation Failure) 52M->37M(61M) 1.024ms
[3.390s][info ][gc,cpu         ] GC(1149) User=0.00s Sys=0.00s Real=0.00s
[3.392s][info ][gc,start       ] GC(1150) Pause Young (Allocation Failure)
[3.392s][info ][gc,task        ] GC(1150) Using 8 workers of 8 for evacuation
[3.392s][debug][gc,age         ] GC(1150) Desired survivor size 1114112 bytes, new threshold 1 (max threshold 6)
[3.392s][info ][gc,heap        ] GC(1150) ParNew: 19112K->1969K(19648K)
[3.392s][info ][gc,heap        ] GC(1150) CMS: 35958K->36349K(43712K)
[3.392s][info ][gc,metaspace   ] GC(1150) Metaspace: 5319K->5319K(1056768K)
[3.392s][info ][gc             ] GC(1150) Pause Young (Allocation Failure) 53M->37M(61M) 0.512ms
[3.392s][info ][gc,cpu         ] GC(1150) User=0.00s Sys=0.00s Real=0.00s
[3.394s][info ][gc,start       ] GC(1151) Pause Young (Allocation Failure)
[3.394s][info ][gc,task        ] GC(1151) Using 8 workers of 8 for evacuation
[3.395s][debug][gc,age         ] GC(1151) Desired survivor size 1114112 bytes, new threshold 1 (max threshold 6)
[3.395s][info ][gc,heap        ] GC(1151) ParNew: 19111K->1967K(19648K)
[3.395s][info ][gc,heap        ] GC(1151) CMS: 36349K->37130K(43712K)
[3.395s][info ][gc,metaspace   ] GC(1151) Metaspace: 5319K->5319K(1056768K)
[3.395s][info ][gc             ] GC(1151) Pause Young (Allocation Failure) 54M->38M(61M) 1.212ms
[3.395s][info ][gc,cpu         ] GC(1151) User=0.01s Sys=0.00s Real=0.00s
[3.396s][info ][gc,start       ] GC(1152) Pause Young (Allocation Failure)
[3.397s][info ][gc,task        ] GC(1152) Using 8 workers of 8 for evacuation
[3.398s][debug][gc,age         ] GC(1152) Desired survivor size 1114112 bytes, new threshold 1 (max threshold 6)
[3.398s][info ][gc,heap        ] GC(1152) ParNew: 19064K->1967K(19648K)
[3.398s][info ][gc,heap        ] GC(1152) CMS: 37130K->38302K(43712K)
[3.398s][info ][gc,metaspace   ] GC(1152) Metaspace: 5319K->5319K(1056768K)
[3.398s][info ][gc             ] GC(1152) Pause Young (Allocation Failure) 54M->39M(61M) 1.314ms
[3.398s][info ][gc,cpu         ] GC(1152) User=0.01s Sys=0.00s Real=0.00s
[3.399s][info ][gc,start       ] GC(1153) Pause Young (Allocation Failure)
[3.399s][info ][gc,task        ] GC(1153) Using 8 workers of 8 for evacuation
[3.400s][debug][gc,age         ] GC(1153) Desired survivor size 1114112 bytes, new threshold 1 (max threshold 6)
[3.400s][info ][gc,heap        ] GC(1153) ParNew: 19124K->1179K(19648K)
[3.400s][info ][gc,heap        ] GC(1153) CMS: 38302K->38302K(43712K)
[3.400s][info ][gc,metaspace   ] GC(1153) Metaspace: 5319K->5319K(1056768K)
[3.400s][info ][gc             ] GC(1153) Pause Young (Allocation Failure) 56M->38M(61M) 1.122ms
[3.400s][info ][gc,cpu         ] GC(1153) User=0.00s Sys=0.00s Real=0.00s
[3.402s][info ][gc,start       ] GC(1154) Pause Young (Allocation Failure)
[3.402s][info ][gc,task        ] GC(1154) Using 8 workers of 8 for evacuation
[3.403s][debug][gc,age         ] GC(1154) Desired survivor size 1114112 bytes, new threshold 1 (max threshold 6)
[3.403s][info ][gc,heap        ] GC(1154) ParNew: 18294K->1959K(19648K)
[3.403s][info ][gc,heap        ] GC(1154) CMS: 38302K->38693K(43712K)
[3.403s][info ][gc,metaspace   ] GC(1154) Metaspace: 5319K->5319K(1056768K)
[3.403s][info ][gc             ] GC(1154) Pause Young (Allocation Failure) 55M->39M(61M) 0.954ms
[3.403s][info ][gc,cpu         ] GC(1154) User=0.00s Sys=0.01s Real=0.00s
[3.404s][info ][gc,start       ] GC(1155) Pause Young (Allocation Failure)
[3.404s][info ][gc,task        ] GC(1155) Using 8 workers of 8 for evacuation
[3.406s][debug][gc,age         ] GC(1155) Desired survivor size 1114112 bytes, new threshold 1 (max threshold 6)
[3.406s][info ][gc,heap        ] GC(1155) ParNew: 19068K->1959K(19648K)
[3.406s][info ][gc,heap        ] GC(1155) CMS: 38693K->39475K(43712K)
[3.406s][info ][gc,metaspace   ] GC(1155) Metaspace: 5319K->5319K(1056768K)
[3.406s][info ][gc             ] GC(1155) Pause Young (Allocation Failure) 56M->40M(61M) 1.420ms
[3.406s][info ][gc,cpu         ] GC(1155) User=0.00s Sys=0.00s Real=0.00s
[3.407s][info ][gc,start       ] GC(1156) Pause Young (Allocation Failure)
[3.407s][info ][gc,task        ] GC(1156) Using 8 workers of 8 for evacuation
[3.408s][debug][gc,age         ] GC(1156) Desired survivor size 1114112 bytes, new threshold 6 (max threshold 6)
[3.408s][info ][gc,heap        ] GC(1156) ParNew: 19390K->787K(19648K)
[3.408s][info ][gc,heap        ] GC(1156) CMS: 39475K->41039K(43712K)
[3.408s][info ][gc,metaspace   ] GC(1156) Metaspace: 5319K->5319K(1056768K)
[3.409s][info ][gc             ] GC(1156) Pause Young (Allocation Failure) 57M->40M(61M) 1.419ms
[3.409s][info ][gc,cpu         ] GC(1156) User=0.00s Sys=0.00s Real=0.00s
[3.410s][info ][gc,start       ] GC(1157) Pause Young (Allocation Failure)
[3.410s][info ][gc,task        ] GC(1157) Using 8 workers of 8 for evacuation
[3.410s][debug][gc,age         ] GC(1157) Desired survivor size 1114112 bytes, new threshold 1 (max threshold 6)
[3.410s][info ][gc,heap        ] GC(1157) ParNew: 17994K->1186K(19648K)
[3.410s][info ][gc,heap        ] GC(1157) CMS: 41039K->41039K(43712K)
[3.410s][info ][gc,metaspace   ] GC(1157) Metaspace: 5319K->5319K(1056768K)
[3.410s][info ][gc             ] GC(1157) Pause Young (Allocation Failure) 57M->41M(61M) 0.432ms
[3.410s][info ][gc,cpu         ] GC(1157) User=0.00s Sys=0.00s Real=0.00s
[3.412s][info ][gc,start       ] GC(1158) Pause Young (Allocation Failure)
[3.412s][info ][gc,task        ] GC(1158) Using 8 workers of 8 for evacuation
[3.412s][debug][gc,age         ] GC(1158) Desired survivor size 1114112 bytes, new threshold 1 (max threshold 6)
[3.412s][info ][gc,heap        ] GC(1158) ParNew: 18316K->1969K(19648K)
[3.412s][info ][gc,heap        ] GC(1158) CMS: 41039K->41820K(43712K)
[3.412s][info ][gc,metaspace   ] GC(1158) Metaspace: 5319K->5319K(1056768K)
[3.412s][info ][gc             ] GC(1158) Pause Young (Allocation Failure) 57M->42M(61M) 0.690ms
[3.412s][info ][gc,cpu         ] GC(1158) User=0.00s Sys=0.00s Real=0.00s
[3.414s][info ][gc,start       ] GC(1159) Pause Young (Allocation Failure)
[3.414s][info ][gc,task        ] GC(1159) Using 8 workers of 8 for evacuation
[3.415s][debug][gc,age         ] GC(1159) Desired survivor size 1114112 bytes, new threshold 1 (max threshold 6)
[3.415s][info ][gc,heap        ] GC(1159) ParNew: 19156K->1969K(19648K)
[3.415s][info ][gc,heap        ] GC(1159) CMS: 41820K->42602K(43712K)
[3.415s][info ][gc,metaspace   ] GC(1159) Metaspace: 5319K->5319K(1056768K)
[3.415s][info ][gc             ] GC(1159) Pause Young (Allocation Failure) 59M->43M(61M) 1.279ms
[3.415s][info ][gc,cpu         ] GC(1159) User=0.01s Sys=0.00s Real=0.01s
[3.415s][info ][gc             ] GC(1133) Concurrent Abortable Preclean 52.515ms
[3.415s][info ][gc,cpu         ] GC(1133) User=0.27s Sys=0.01s Real=0.06s
[3.415s][info ][gc,start       ] GC(1133) Pause Remark
[3.416s][debug][gc,phases      ] GC(1133) Rescan (parallel) 0.241ms
[3.416s][debug][gc,phases      ] GC(1133) Reference Processing 0.012ms
[3.416s][debug][gc,phases      ] GC(1133) Weak Processing 0.004ms
[3.416s][debug][gc,phases      ] GC(1133) ClassLoaderData 0.007ms
[3.416s][debug][gc,phases      ] GC(1133) ProtectionDomainCacheTable 0.002ms
[3.416s][debug][gc,phases      ] GC(1133) ResolvedMethodTable 0.006ms
[3.416s][debug][gc,phases      ] GC(1133) Class Unloading 0.151ms
[3.416s][debug][gc,phases      ] GC(1133) Scrub Symbol Table 0.444ms
[3.416s][debug][gc,phases      ] GC(1133) Scrub String Table 0.021ms
[3.416s][info ][gc             ] GC(1133) Pause Remark 46M->46M(61M) 0.979ms
[3.416s][info ][gc,cpu         ] GC(1133) User=0.00s Sys=0.00s Real=0.00s
[3.416s][info ][gc             ] GC(1133) Concurrent Sweep
[3.417s][info ][gc             ] GC(1133) Concurrent Sweep 0.748ms
[3.417s][info ][gc,cpu         ] GC(1133) User=0.00s Sys=0.00s Real=0.00s
[3.417s][info ][gc             ] GC(1133) Concurrent Reset
[3.418s][info ][gc,start       ] GC(1160) Pause Young (Allocation Failure)
[3.418s][info ][gc,task        ] GC(1160) Using 8 workers of 8 for evacuation
[3.418s][debug][gc,age         ] GC(1160) Desired survivor size 1114112 bytes, new threshold 1 (max threshold 6)
[3.418s][info ][gc,heap        ] GC(1160) ParNew: 19139K->1969K(19648K)
[3.418s][info ][gc,heap        ] GC(1160) CMS: 16413K->16804K(43712K)
[3.418s][info ][gc,metaspace   ] GC(1160) Metaspace: 5319K->5319K(1056768K)
[3.418s][info ][gc             ] GC(1160) Pause Young (Allocation Failure) 34M->18M(61M) 0.455ms
[3.418s][info ][gc,cpu         ] GC(1160) User=0.00s Sys=0.00s Real=0.00s
[3.418s][info ][gc             ] GC(1133) Concurrent Reset 0.883ms
[3.418s][info ][gc,cpu         ] GC(1133) User=0.01s Sys=0.00s Real=0.00s
[3.418s][info ][gc,heap        ] GC(1133) Old: 28143K->16804K(43712K)
[3.419s][info ][gc,start       ] GC(1161) Pause Young (Allocation Failure)
[3.419s][info ][gc,task        ] GC(1161) Using 8 workers of 8 for evacuation
[3.420s][debug][gc,age         ] GC(1161) Desired survivor size 1114112 bytes, new threshold 1 (max threshold 6)
[3.420s][info ][gc,heap        ] GC(1161) ParNew: 19129K->1969K(19648K)
[3.420s][info ][gc,heap        ] GC(1161) CMS: 16804K->17195K(43712K)
[3.420s][info ][gc,metaspace   ] GC(1161) Metaspace: 5319K->5319K(1056768K)
[3.420s][info ][gc             ] GC(1161) Pause Young (Allocation Failure) 35M->18M(61M) 0.491ms
[3.420s][info ][gc,cpu         ] GC(1161) User=0.00s Sys=0.00s Real=0.00s
[3.421s][info ][gc,start       ] GC(1162) Pause Young (Allocation Failure)
[3.421s][info ][gc,task        ] GC(1162) Using 8 workers of 8 for evacuation
[3.422s][debug][gc,age         ] GC(1162) Desired survivor size 1114112 bytes, new threshold 1 (max threshold 6)
[3.422s][info ][gc,heap        ] GC(1162) ParNew: 19122K->1967K(19648K)
[3.422s][info ][gc,heap        ] GC(1162) CMS: 17195K->17585K(43712K)
[3.422s][info ][gc,metaspace   ] GC(1162) Metaspace: 5319K->5319K(1056768K)
[3.422s][info ][gc             ] GC(1162) Pause Young (Allocation Failure) 35M->19M(61M) 1.187ms
[3.422s][info ][gc,cpu         ] GC(1162) User=0.00s Sys=0.00s Real=0.00s
[3.424s][info ][gc,start       ] GC(1163) Pause Young (Allocation Failure)
[3.424s][info ][gc,task        ] GC(1163) Using 8 workers of 8 for evacuation
[3.424s][debug][gc,age         ] GC(1163) Desired survivor size 1114112 bytes, new threshold 1 (max threshold 6)
[3.424s][info ][gc,heap        ] GC(1163) ParNew: 19115K->1969K(19648K)
[3.424s][info ][gc,heap        ] GC(1163) CMS: 17585K->19148K(43712K)
[3.424s][info ][gc,metaspace   ] GC(1163) Metaspace: 5319K->5319K(1056768K)
[3.424s][info ][gc             ] GC(1163) Pause Young (Allocation Failure) 35M->20M(61M) 0.802ms
[3.424s][info ][gc,cpu         ] GC(1163) User=0.01s Sys=0.00s Real=0.01s
[3.425s][info ][gc,start       ] GC(1164) Pause Initial Mark
[3.425s][info ][gc             ] GC(1164) Pause Initial Mark 21M->21M(61M) 0.095ms
[3.425s][info ][gc,cpu         ] GC(1164) User=0.00s Sys=0.00s Real=0.00s
[3.425s][info ][gc             ] GC(1164) Concurrent Mark
[3.425s][info ][gc,task        ] GC(1164) Using 2 workers of 2 for marking
[3.426s][info ][gc,start       ] GC(1165) Pause Young (Allocation Failure)
[3.426s][info ][gc,task        ] GC(1165) Using 8 workers of 8 for evacuation
[3.427s][debug][gc,age         ] GC(1165) Desired survivor size 1114112 bytes, new threshold 6 (max threshold 6)
[3.427s][info ][gc,heap        ] GC(1165) ParNew: 19115K->398K(19648K)
[3.427s][info ][gc,heap        ] GC(1165) CMS: 19148K->19148K(43712K)
[3.427s][info ][gc,metaspace   ] GC(1165) Metaspace: 5319K->5319K(1056768K)
[3.427s][info ][gc             ] GC(1165) Pause Young (Allocation Failure) 37M->19M(61M) 0.435ms
[3.427s][info ][gc,cpu         ] GC(1165) User=0.00s Sys=0.00s Real=0.00s
[3.428s][info ][gc,start       ] GC(1166) Pause Young (Allocation Failure)
[3.428s][info ][gc,task        ] GC(1166) Using 8 workers of 8 for evacuation
[3.429s][debug][gc,age         ] GC(1166) Desired survivor size 1114112 bytes, new threshold 1 (max threshold 6)
[3.429s][info ][gc,heap        ] GC(1166) ParNew: 17542K->1969K(19648K)
[3.429s][info ][gc,heap        ] GC(1166) CMS: 19148K->19538K(43712K)
[3.429s][info ][gc,metaspace   ] GC(1166) Metaspace: 5319K->5319K(1056768K)
[3.429s][info ][gc             ] GC(1166) Pause Young (Allocation Failure) 35M->21M(61M) 1.130ms
[3.429s][info ][gc,cpu         ] GC(1166) User=0.01s Sys=0.00s Real=0.00s
[3.430s][info ][gc             ] GC(1164) Concurrent Mark 5.557ms
[3.430s][info ][gc,cpu         ] GC(1164) User=0.03s Sys=0.00s Real=0.00s
[3.431s][info ][gc,start       ] GC(1167) Pause Young (Allocation Failure)
[3.431s][info ][gc,task        ] GC(1167) Using 8 workers of 8 for evacuation
[3.432s][debug][gc,age         ] GC(1167) Desired survivor size 1114112 bytes, new threshold 6 (max threshold 6)
[3.432s][info ][gc,heap        ] GC(1167) ParNew: 19441K->789K(19648K)
[3.432s][info ][gc,heap        ] GC(1167) CMS: 19538K->19929K(43712K)
[3.432s][info ][gc,metaspace   ] GC(1167) Metaspace: 5319K->5319K(1056768K)
[3.432s][info ][gc             ] GC(1167) Pause Young (Allocation Failure) 38M->20M(61M) 1.060ms
[3.432s][info ][gc,cpu         ] GC(1167) User=0.00s Sys=0.00s Real=0.00s
[3.432s][info ][gc             ] GC(1164) Concurrent Preclean
[3.432s][info ][gc             ] GC(1164) Concurrent Preclean 0.154ms
[3.432s][info ][gc,cpu         ] GC(1164) User=0.01s Sys=0.00s Real=0.00s
[3.432s][info ][gc             ] GC(1164) Concurrent Abortable Preclean
[3.433s][info ][gc,start       ] GC(1168) Pause Young (Allocation Failure)
[3.433s][info ][gc,task        ] GC(1168) Using 8 workers of 8 for evacuation
[3.434s][debug][gc,age         ] GC(1168) Desired survivor size 1114112 bytes, new threshold 1 (max threshold 6)
[3.434s][info ][gc,heap        ] GC(1168) ParNew: 18147K->1959K(19648K)
[3.434s][info ][gc,heap        ] GC(1168) CMS: 19929K->19929K(43712K)
[3.434s][info ][gc,metaspace   ] GC(1168) Metaspace: 5319K->5319K(1056768K)
[3.434s][info ][gc             ] GC(1168) Pause Young (Allocation Failure) 37M->21M(61M) 1.409ms
[3.434s][info ][gc,cpu         ] GC(1168) User=0.00s Sys=0.00s Real=0.01s
[3.436s][info ][gc,start       ] GC(1169) Pause Young (Allocation Failure)
[3.436s][info ][gc,task        ] GC(1169) Using 8 workers of 8 for evacuation
[3.437s][debug][gc,age         ] GC(1169) Desired survivor size 1114112 bytes, new threshold 1 (max threshold 6)
[3.437s][info ][gc,heap        ] GC(1169) ParNew: 19383K->1576K(19648K)
[3.437s][info ][gc,heap        ] GC(1169) CMS: 19929K->20712K(43712K)
[3.437s][info ][gc,metaspace   ] GC(1169) Metaspace: 5319K->5319K(1056768K)
[3.437s][info ][gc             ] GC(1169) Pause Young (Allocation Failure) 38M->21M(61M) 0.539ms
[3.437s][info ][gc,cpu         ] GC(1169) User=0.00s Sys=0.00s Real=0.00s
[3.438s][info ][gc,start       ] GC(1170) Pause Young (Allocation Failure)
[3.438s][info ][gc,task        ] GC(1170) Using 8 workers of 8 for evacuation
[3.439s][debug][gc,age         ] GC(1170) Desired survivor size 1114112 bytes, new threshold 1 (max threshold 6)
[3.439s][info ][gc,heap        ] GC(1170) ParNew: 18771K->1967K(19648K)
[3.439s][info ][gc,heap        ] GC(1170) CMS: 20712K->21102K(43712K)
[3.439s][info ][gc,metaspace   ] GC(1170) Metaspace: 5319K->5319K(1056768K)
[3.439s][info ][gc             ] GC(1170) Pause Young (Allocation Failure) 38M->22M(61M) 1.299ms
[3.439s][info ][gc,cpu         ] GC(1170) User=0.00s Sys=0.00s Real=0.00s
[3.441s][info ][gc,start       ] GC(1171) Pause Young (Allocation Failure)
[3.441s][info ][gc,task        ] GC(1171) Using 8 workers of 8 for evacuation
[3.442s][debug][gc,age         ] GC(1171) Desired survivor size 1114112 bytes, new threshold 1 (max threshold 6)
[3.442s][info ][gc,heap        ] GC(1171) ParNew: 19204K->1965K(19648K)
[3.442s][info ][gc,heap        ] GC(1171) CMS: 21102K->21493K(43712K)
[3.442s][info ][gc,metaspace   ] GC(1171) Metaspace: 5319K->5319K(1056768K)
[3.442s][info ][gc             ] GC(1171) Pause Young (Allocation Failure) 39M->22M(61M) 1.135ms
[3.442s][info ][gc,cpu         ] GC(1171) User=0.01s Sys=0.00s Real=0.00s
[3.443s][info ][gc,start       ] GC(1172) Pause Young (Allocation Failure)
[3.443s][info ][gc,task        ] GC(1172) Using 8 workers of 8 for evacuation
[3.444s][debug][gc,age         ] GC(1172) Desired survivor size 1114112 bytes, new threshold 1 (max threshold 6)
[3.444s][info ][gc,heap        ] GC(1172) ParNew: 19167K->1965K(19648K)
[3.444s][info ][gc,heap        ] GC(1172) CMS: 21493K->22275K(43712K)
[3.444s][info ][gc,metaspace   ] GC(1172) Metaspace: 5319K->5319K(1056768K)
[3.444s][info ][gc             ] GC(1172) Pause Young (Allocation Failure) 39M->23M(61M) 0.954ms
[3.444s][info ][gc,cpu         ] GC(1172) User=0.01s Sys=0.00s Real=0.01s
[3.446s][info ][gc,start       ] GC(1173) Pause Young (Allocation Failure)
[3.446s][info ][gc,task        ] GC(1173) Using 8 workers of 8 for evacuation
[3.447s][debug][gc,age         ] GC(1173) Desired survivor size 1114112 bytes, new threshold 1 (max threshold 6)
[3.447s][info ][gc,heap        ] GC(1173) ParNew: 19145K->1570K(19648K)
[3.447s][info ][gc,heap        ] GC(1173) CMS: 22275K->22275K(43712K)
[3.447s][info ][gc,metaspace   ] GC(1173) Metaspace: 5319K->5319K(1056768K)
[3.447s][info ][gc             ] GC(1173) Pause Young (Allocation Failure) 40M->23M(61M) 1.137ms
[3.447s][info ][gc,cpu         ] GC(1173) User=0.00s Sys=0.00s Real=0.00s
[3.449s][info ][gc,start       ] GC(1174) Pause Young (Allocation Failure)
[3.449s][info ][gc,task        ] GC(1174) Using 8 workers of 8 for evacuation
[3.449s][debug][gc,age         ] GC(1174) Desired survivor size 1114112 bytes, new threshold 6 (max threshold 6)
[3.449s][info ][gc,heap        ] GC(1174) ParNew: 18899K->787K(19648K)
[3.450s][info ][gc,heap        ] GC(1174) CMS: 22275K->23057K(43712K)
[3.450s][info ][gc,metaspace   ] GC(1174) Metaspace: 5319K->5319K(1056768K)
[3.450s][info ][gc             ] GC(1174) Pause Young (Allocation Failure) 40M->23M(61M) 0.901ms
[3.450s][info ][gc,cpu         ] GC(1174) User=0.01s Sys=0.00s Real=0.00s
[3.451s][info ][gc,start       ] GC(1175) Pause Young (Allocation Failure)
[3.451s][info ][gc,task        ] GC(1175) Using 8 workers of 8 for evacuation
[3.451s][debug][gc,age         ] GC(1175) Desired survivor size 1114112 bytes, new threshold 1 (max threshold 6)
[3.451s][info ][gc,heap        ] GC(1175) ParNew: 18025K->1967K(19648K)
[3.451s][info ][gc,heap        ] GC(1175) CMS: 23057K->23839K(43712K)
[3.451s][info ][gc,metaspace   ] GC(1175) Metaspace: 5319K->5319K(1056768K)
[3.451s][info ][gc             ] GC(1175) Pause Young (Allocation Failure) 40M->25M(61M) 0.587ms
[3.451s][info ][gc,cpu         ] GC(1175) User=0.00s Sys=0.00s Real=0.00s
[3.453s][info ][gc,start       ] GC(1176) Pause Young (Allocation Failure)
[3.453s][info ][gc,task        ] GC(1176) Using 8 workers of 8 for evacuation
[3.453s][debug][gc,age         ] GC(1176) Desired survivor size 1114112 bytes, new threshold 1 (max threshold 6)
[3.453s][info ][gc,heap        ] GC(1176) ParNew: 19170K->1967K(19648K)
[3.453s][info ][gc,heap        ] GC(1176) CMS: 23839K->25011K(43712K)
[3.453s][info ][gc,metaspace   ] GC(1176) Metaspace: 5319K->5319K(1056768K)
[3.453s][info ][gc             ] GC(1176) Pause Young (Allocation Failure) 42M->26M(61M) 0.592ms
[3.453s][info ][gc,cpu         ] GC(1176) User=0.00s Sys=0.00s Real=0.00s
[3.455s][info ][gc,start       ] GC(1177) Pause Young (Allocation Failure)
[3.455s][info ][gc,task        ] GC(1177) Using 8 workers of 8 for evacuation
[3.455s][debug][gc,age         ] GC(1177) Desired survivor size 1114112 bytes, new threshold 1 (max threshold 6)
[3.455s][info ][gc,heap        ] GC(1177) ParNew: 19148K->1967K(19648K)
[3.455s][info ][gc,heap        ] GC(1177) CMS: 25011K->25011K(43712K)
[3.455s][info ][gc,metaspace   ] GC(1177) Metaspace: 5319K->5319K(1056768K)
[3.455s][info ][gc             ] GC(1177) Pause Young (Allocation Failure) 43M->26M(61M) 0.418ms
[3.455s][info ][gc,cpu         ] GC(1177) User=0.00s Sys=0.00s Real=0.00s
[3.457s][info ][gc,start       ] GC(1178) Pause Young (Allocation Failure)
[3.457s][info ][gc,task        ] GC(1178) Using 8 workers of 8 for evacuation
[3.458s][debug][gc,age         ] GC(1178) Desired survivor size 1114112 bytes, new threshold 1 (max threshold 6)
[3.458s][info ][gc,heap        ] GC(1178) ParNew: 19133K->1967K(19648K)
[3.458s][info ][gc,heap        ] GC(1178) CMS: 25011K->25792K(43712K)
[3.458s][info ][gc,metaspace   ] GC(1178) Metaspace: 5319K->5319K(1056768K)
[3.458s][info ][gc             ] GC(1178) Pause Young (Allocation Failure) 43M->27M(61M) 1.160ms
[3.458s][info ][gc,cpu         ] GC(1178) User=0.00s Sys=0.00s Real=0.00s
[3.459s][info ][gc,start       ] GC(1179) Pause Young (Allocation Failure)
[3.459s][info ][gc,task        ] GC(1179) Using 8 workers of 8 for evacuation
[3.460s][debug][gc,age         ] GC(1179) Desired survivor size 1114112 bytes, new threshold 1 (max threshold 6)
[3.460s][info ][gc,heap        ] GC(1179) ParNew: 19124K->1969K(19648K)
[3.460s][info ][gc,heap        ] GC(1179) CMS: 25792K->25792K(43712K)
[3.460s][info ][gc,metaspace   ] GC(1179) Metaspace: 5319K->5319K(1056768K)
[3.460s][info ][gc             ] GC(1179) Pause Young (Allocation Failure) 43M->27M(61M) 0.494ms
[3.460s][info ][gc,cpu         ] GC(1179) User=0.00s Sys=0.00s Real=0.00s
[3.461s][info ][gc,start       ] GC(1180) Pause Young (Allocation Failure)
[3.461s][info ][gc,task        ] GC(1180) Using 8 workers of 8 for evacuation
[3.463s][debug][gc,age         ] GC(1180) Desired survivor size 1114112 bytes, new threshold 1 (max threshold 6)
[3.463s][info ][gc,heap        ] GC(1180) ParNew: 19120K->1969K(19648K)
[3.463s][info ][gc,heap        ] GC(1180) CMS: 25792K->26964K(43712K)
[3.463s][info ][gc,metaspace   ] GC(1180) Metaspace: 5319K->5319K(1056768K)
[3.463s][info ][gc             ] GC(1180) Pause Young (Allocation Failure) 43M->28M(61M) 1.449ms
[3.463s][info ][gc,cpu         ] GC(1180) User=0.01s Sys=0.00s Real=0.00s
[3.464s][info ][gc,start       ] GC(1181) Pause Young (Allocation Failure)
[3.464s][info ][gc,task        ] GC(1181) Using 8 workers of 8 for evacuation
[3.465s][debug][gc,age         ] GC(1181) Desired survivor size 1114112 bytes, new threshold 1 (max threshold 6)
[3.465s][info ][gc,heap        ] GC(1181) ParNew: 19116K->1969K(19648K)
[3.465s][info ][gc,heap        ] GC(1181) CMS: 26964K->28136K(43712K)
[3.465s][info ][gc,metaspace   ] GC(1181) Metaspace: 5319K->5319K(1056768K)
[3.465s][info ][gc             ] GC(1181) Pause Young (Allocation Failure) 45M->29M(61M) 0.556ms
[3.465s][info ][gc,cpu         ] GC(1181) User=0.00s Sys=0.00s Real=0.00s
[3.466s][info ][gc,start       ] GC(1182) Pause Young (Allocation Failure)
[3.466s][info ][gc,task        ] GC(1182) Using 8 workers of 8 for evacuation
[3.467s][debug][gc,age         ] GC(1182) Desired survivor size 1114112 bytes, new threshold 1 (max threshold 6)
[3.467s][info ][gc,heap        ] GC(1182) ParNew: 19114K->1965K(19648K)
[3.467s][info ][gc,heap        ] GC(1182) CMS: 28136K->28136K(43712K)
[3.467s][info ][gc,metaspace   ] GC(1182) Metaspace: 5319K->5319K(1056768K)
[3.467s][info ][gc             ] GC(1182) Pause Young (Allocation Failure) 46M->29M(61M) 1.112ms
[3.467s][info ][gc,cpu         ] GC(1182) User=0.00s Sys=0.00s Real=0.00s
[3.468s][info ][gc,start       ] GC(1183) Pause Young (Allocation Failure)
[3.469s][info ][gc,task        ] GC(1183) Using 8 workers of 8 for evacuation
[3.470s][debug][gc,age         ] GC(1183) Desired survivor size 1114112 bytes, new threshold 1 (max threshold 6)
[3.470s][info ][gc,heap        ] GC(1183) ParNew: 19108K->1969K(19648K)
[3.470s][info ][gc,heap        ] GC(1183) CMS: 28136K->28917K(43712K)
[3.470s][info ][gc,metaspace   ] GC(1183) Metaspace: 5319K->5319K(1056768K)
[3.470s][info ][gc             ] GC(1183) Pause Young (Allocation Failure) 46M->30M(61M) 1.171ms
[3.470s][info ][gc,cpu         ] GC(1183) User=0.01s Sys=0.00s Real=0.00s
[3.471s][info ][gc,start       ] GC(1184) Pause Young (Allocation Failure)
[3.471s][info ][gc,task        ] GC(1184) Using 8 workers of 8 for evacuation
[3.472s][debug][gc,age         ] GC(1184) Desired survivor size 1114112 bytes, new threshold 1 (max threshold 6)
[3.472s][info ][gc,heap        ] GC(1184) ParNew: 19111K->1961K(19648K)
[3.472s][info ][gc,heap        ] GC(1184) CMS: 28917K->28917K(43712K)
[3.472s][info ][gc,metaspace   ] GC(1184) Metaspace: 5319K->5319K(1056768K)
[3.472s][info ][gc             ] GC(1184) Pause Young (Allocation Failure) 46M->30M(61M) 1.329ms
[3.473s][info ][gc,cpu         ] GC(1184) User=0.00s Sys=0.00s Real=0.00s
[3.474s][info ][gc,start       ] GC(1185) Pause Young (Allocation Failure)
[3.474s][info ][gc,task        ] GC(1185) Using 8 workers of 8 for evacuation
[3.475s][debug][gc,age         ] GC(1185) Desired survivor size 1114112 bytes, new threshold 1 (max threshold 6)
[3.475s][info ][gc,heap        ] GC(1185) ParNew: 19103K->1969K(19648K)
[3.475s][info ][gc,heap        ] GC(1185) CMS: 28917K->29699K(43712K)
[3.475s][info ][gc,metaspace   ] GC(1185) Metaspace: 5319K->5319K(1056768K)
[3.475s][info ][gc             ] GC(1185) Pause Young (Allocation Failure) 46M->30M(61M) 0.933ms
[3.475s][info ][gc,cpu         ] GC(1185) User=0.00s Sys=0.00s Real=0.00s
[3.476s][info ][gc,start       ] GC(1186) Pause Young (Allocation Failure)
[3.476s][info ][gc,task        ] GC(1186) Using 8 workers of 8 for evacuation
[3.477s][debug][gc,age         ] GC(1186) Desired survivor size 1114112 bytes, new threshold 1 (max threshold 6)
[3.477s][info ][gc,heap        ] GC(1186) ParNew: 19110K->1965K(19648K)
[3.477s][info ][gc,heap        ] GC(1186) CMS: 29699K->29699K(43712K)
[3.477s][info ][gc,metaspace   ] GC(1186) Metaspace: 5319K->5319K(1056768K)
[3.477s][info ][gc             ] GC(1186) Pause Young (Allocation Failure) 47M->30M(61M) 1.069ms
[3.477s][info ][gc,cpu         ] GC(1186) User=0.00s Sys=0.00s Real=0.00s
[3.479s][info ][gc,start       ] GC(1187) Pause Young (Allocation Failure)
[3.479s][info ][gc,task        ] GC(1187) Using 8 workers of 8 for evacuation
[3.480s][debug][gc,age         ] GC(1187) Desired survivor size 1114112 bytes, new threshold 1 (max threshold 6)
[3.480s][info ][gc,heap        ] GC(1187) ParNew: 19437K->1959K(19648K)
[3.480s][info ][gc,heap        ] GC(1187) CMS: 29699K->30091K(43712K)
[3.480s][info ][gc,metaspace   ] GC(1187) Metaspace: 5319K->5319K(1056768K)
[3.480s][info ][gc             ] GC(1187) Pause Young (Allocation Failure) 47M->31M(61M) 1.373ms
[3.481s][info ][gc,cpu         ] GC(1187) User=0.00s Sys=0.00s Real=0.00s
[3.482s][info ][gc,start       ] GC(1188) Pause Young (Allocation Failure)
[3.482s][info ][gc,task        ] GC(1188) Using 8 workers of 8 for evacuation
[3.483s][debug][gc,age         ] GC(1188) Desired survivor size 1114112 bytes, new threshold 6 (max threshold 6)
[3.483s][info ][gc,heap        ] GC(1188) ParNew: 19328K->791K(19648K)
[3.483s][info ][gc,heap        ] GC(1188) CMS: 30091K->30873K(43712K)
[3.483s][info ][gc,metaspace   ] GC(1188) Metaspace: 5319K->5319K(1056768K)
[3.483s][info ][gc             ] GC(1188) Pause Young (Allocation Failure) 48M->30M(61M) 1.151ms
[3.483s][info ][gc,cpu         ] GC(1188) User=0.00s Sys=0.00s Real=0.00s
[3.485s][info ][gc,start       ] GC(1189) Pause Young (Allocation Failure)
[3.485s][info ][gc,task        ] GC(1189) Using 8 workers of 8 for evacuation
[3.485s][debug][gc,age         ] GC(1189) Desired survivor size 1114112 bytes, new threshold 1 (max threshold 6)
[3.485s][info ][gc,heap        ] GC(1189) ParNew: 18000K->1959K(19648K)
[3.485s][info ][gc,heap        ] GC(1189) CMS: 30873K->31654K(43712K)
[3.485s][info ][gc,metaspace   ] GC(1189) Metaspace: 5319K->5319K(1056768K)
[3.485s][info ][gc             ] GC(1189) Pause Young (Allocation Failure) 47M->32M(61M) 0.825ms
[3.485s][info ][gc,cpu         ] GC(1189) User=0.00s Sys=0.00s Real=0.00s
[3.487s][info ][gc,start       ] GC(1190) Pause Young (Allocation Failure)
[3.487s][info ][gc,task        ] GC(1190) Using 8 workers of 8 for evacuation
[3.488s][debug][gc,age         ] GC(1190) Desired survivor size 1114112 bytes, new threshold 1 (max threshold 6)
[3.488s][info ][gc,heap        ] GC(1190) ParNew: 19086K->1959K(19648K)
[3.488s][info ][gc,heap        ] GC(1190) CMS: 31654K->32436K(43712K)
[3.488s][info ][gc,metaspace   ] GC(1190) Metaspace: 5319K->5319K(1056768K)
[3.488s][info ][gc             ] GC(1190) Pause Young (Allocation Failure) 49M->33M(61M) 1.273ms
[3.488s][info ][gc,cpu         ] GC(1190) User=0.01s Sys=0.00s Real=0.00s
[3.490s][info ][gc,start       ] GC(1191) Pause Young (Allocation Failure)
[3.490s][info ][gc,task        ] GC(1191) Using 8 workers of 8 for evacuation
[3.491s][debug][gc,age         ] GC(1191) Desired survivor size 1114112 bytes, new threshold 1 (max threshold 6)
[3.491s][info ][gc,heap        ] GC(1191) ParNew: 19148K->1961K(19648K)
[3.491s][info ][gc,heap        ] GC(1191) CMS: 32436K->32436K(43712K)
[3.491s][info ][gc,metaspace   ] GC(1191) Metaspace: 5319K->5319K(1056768K)
[3.491s][info ][gc             ] GC(1191) Pause Young (Allocation Failure) 50M->33M(61M) 1.899ms
[3.491s][info ][gc,cpu         ] GC(1191) User=0.01s Sys=0.00s Real=0.00s
[3.493s][info ][gc,start       ] GC(1192) Pause Young (Allocation Failure)
[3.493s][info ][gc,task        ] GC(1192) Using 8 workers of 8 for evacuation
[3.493s][debug][gc,age         ] GC(1192) Desired survivor size 1114112 bytes, new threshold 1 (max threshold 6)
[3.493s][info ][gc,heap        ] GC(1192) ParNew: 19133K->1969K(19648K)
[3.493s][info ][gc,heap        ] GC(1192) CMS: 32436K->33608K(43712K)
[3.493s][info ][gc,metaspace   ] GC(1192) Metaspace: 5319K->5319K(1056768K)
[3.493s][info ][gc             ] GC(1192) Pause Young (Allocation Failure) 50M->34M(61M) 0.603ms
[3.493s][info ][gc,cpu         ] GC(1192) User=0.00s Sys=0.00s Real=0.00s
[3.495s][info ][gc,start       ] GC(1193) Pause Young (Allocation Failure)
[3.495s][info ][gc,task        ] GC(1193) Using 8 workers of 8 for evacuation
[3.495s][debug][gc,age         ] GC(1193) Desired survivor size 1114112 bytes, new threshold 1 (max threshold 6)
[3.495s][info ][gc,heap        ] GC(1193) ParNew: 19129K->1969K(19648K)
[3.495s][info ][gc,heap        ] GC(1193) CMS: 33608K->33999K(43712K)
[3.495s][info ][gc,metaspace   ] GC(1193) Metaspace: 5319K->5319K(1056768K)
[3.495s][info ][gc             ] GC(1193) Pause Young (Allocation Failure) 51M->35M(61M) 0.489ms
[3.495s][info ][gc,cpu         ] GC(1193) User=0.00s Sys=0.00s Real=0.00s
[3.496s][info ][gc,start       ] GC(1194) Pause Young (Allocation Failure)
[3.496s][info ][gc,task        ] GC(1194) Using 8 workers of 8 for evacuation
[3.497s][debug][gc,age         ] GC(1194) Desired survivor size 1114112 bytes, new threshold 1 (max threshold 6)
[3.497s][info ][gc,heap        ] GC(1194) ParNew: 19122K->1186K(19648K)
[3.497s][info ][gc,heap        ] GC(1194) CMS: 33999K->33999K(43712K)
[3.497s][info ][gc,metaspace   ] GC(1194) Metaspace: 5319K->5319K(1056768K)
[3.497s][info ][gc             ] GC(1194) Pause Young (Allocation Failure) 51M->34M(61M) 0.356ms
[3.497s][info ][gc,cpu         ] GC(1194) User=0.00s Sys=0.00s Real=0.00s
[3.498s][info ][gc,start       ] GC(1195) Pause Young (Allocation Failure)
[3.498s][info ][gc,task        ] GC(1195) Using 8 workers of 8 for evacuation
[3.499s][debug][gc,age         ] GC(1195) Desired survivor size 1114112 bytes, new threshold 1 (max threshold 6)
[3.499s][info ][gc,heap        ] GC(1195) ParNew: 18334K->1969K(19648K)
[3.499s][info ][gc,heap        ] GC(1195) CMS: 33999K->35171K(43712K)
[3.499s][info ][gc,metaspace   ] GC(1195) Metaspace: 5319K->5319K(1056768K)
[3.499s][info ][gc             ] GC(1195) Pause Young (Allocation Failure) 51M->36M(61M) 0.620ms
[3.499s][info ][gc,cpu         ] GC(1195) User=0.00s Sys=0.00s Real=0.00s
[3.500s][info ][gc,start       ] GC(1196) Pause Young (Allocation Failure)
[3.500s][info ][gc,task        ] GC(1196) Using 8 workers of 8 for evacuation
[3.500s][debug][gc,age         ] GC(1196) Desired survivor size 1114112 bytes, new threshold 1 (max threshold 6)
[3.501s][info ][gc,heap        ] GC(1196) ParNew: 19115K->1969K(19648K)
[3.501s][info ][gc,heap        ] GC(1196) CMS: 35171K->35171K(43712K)
[3.501s][info ][gc,metaspace   ] GC(1196) Metaspace: 5319K->5319K(1056768K)
[3.501s][info ][gc             ] GC(1196) Pause Young (Allocation Failure) 53M->36M(61M) 0.421ms
[3.501s][info ][gc,cpu         ] GC(1196) User=0.00s Sys=0.00s Real=0.00s
[3.502s][info ][gc,start       ] GC(1197) Pause Young (Allocation Failure)
[3.502s][info ][gc,task        ] GC(1197) Using 8 workers of 8 for evacuation
[3.503s][debug][gc,age         ] GC(1197) Desired survivor size 1114112 bytes, new threshold 1 (max threshold 6)
[3.503s][info ][gc,heap        ] GC(1197) ParNew: 19113K->1965K(19648K)
[3.503s][info ][gc,heap        ] GC(1197) CMS: 35171K->35561K(43712K)
[3.503s][info ][gc,metaspace   ] GC(1197) Metaspace: 5319K->5319K(1056768K)
[3.503s][info ][gc             ] GC(1197) Pause Young (Allocation Failure) 53M->36M(61M) 1.135ms
[3.503s][info ][gc,cpu         ] GC(1197) User=0.01s Sys=0.00s Real=0.00s
[3.505s][info ][gc,start       ] GC(1198) Pause Young (Allocation Failure)
[3.505s][info ][gc,task        ] GC(1198) Using 8 workers of 8 for evacuation
[3.505s][debug][gc,age         ] GC(1198) Desired survivor size 1114112 bytes, new threshold 1 (max threshold 6)
[3.505s][info ][gc,heap        ] GC(1198) ParNew: 19108K->1965K(19648K)
[3.505s][info ][gc,heap        ] GC(1198) CMS: 35561K->35561K(43712K)
[3.505s][info ][gc,metaspace   ] GC(1198) Metaspace: 5319K->5319K(1056768K)
[3.505s][info ][gc             ] GC(1198) Pause Young (Allocation Failure) 53M->36M(61M) 0.542ms
[3.505s][info ][gc,cpu         ] GC(1198) User=0.00s Sys=0.00s Real=0.00s
[3.506s][info ][gc,start       ] GC(1199) Pause Young (Allocation Failure)
[3.506s][info ][gc,task        ] GC(1199) Using 8 workers of 8 for evacuation
[3.507s][debug][gc,age         ] GC(1199) Desired survivor size 1114112 bytes, new threshold 1 (max threshold 6)
[3.507s][info ][gc,heap        ] GC(1199) ParNew: 19107K->1969K(19648K)
[3.507s][info ][gc,heap        ] GC(1199) CMS: 35561K->35952K(43712K)
[3.507s][info ][gc,metaspace   ] GC(1199) Metaspace: 5319K->5319K(1056768K)
[3.507s][info ][gc             ] GC(1199) Pause Young (Allocation Failure) 53M->37M(61M) 0.441ms
[3.507s][info ][gc,cpu         ] GC(1199) User=0.00s Sys=0.00s Real=0.00s
[3.508s][info ][gc,start       ] GC(1200) Pause Young (Allocation Failure)
[3.508s][info ][gc,task        ] GC(1200) Using 8 workers of 8 for evacuation
[3.509s][debug][gc,age         ] GC(1200) Desired survivor size 1114112 bytes, new threshold 1 (max threshold 6)
[3.509s][info ][gc,heap        ] GC(1200) ParNew: 19110K->1969K(19648K)
[3.509s][info ][gc,heap        ] GC(1200) CMS: 35952K->36343K(43712K)
[3.509s][info ][gc,metaspace   ] GC(1200) Metaspace: 5319K->5319K(1056768K)
[3.509s][info ][gc             ] GC(1200) Pause Young (Allocation Failure) 53M->37M(61M) 0.459ms
[3.509s][info ][gc,cpu         ] GC(1200) User=0.00s Sys=0.00s Real=0.00s
[3.510s][info ][gc,start       ] GC(1201) Pause Young (Allocation Failure)
[3.510s][info ][gc,task        ] GC(1201) Using 8 workers of 8 for evacuation
[3.510s][debug][gc,age         ] GC(1201) Desired survivor size 1114112 bytes, new threshold 1 (max threshold 6)
[3.510s][info ][gc,heap        ] GC(1201) ParNew: 19110K->1969K(19648K)
[3.510s][info ][gc,heap        ] GC(1201) CMS: 36343K->37124K(43712K)
[3.510s][info ][gc,metaspace   ] GC(1201) Metaspace: 5319K->5319K(1056768K)
[3.510s][info ][gc             ] GC(1201) Pause Young (Allocation Failure) 54M->38M(61M) 0.462ms
[3.510s][info ][gc,cpu         ] GC(1201) User=0.00s Sys=0.00s Real=0.00s
[3.512s][info ][gc,start       ] GC(1202) Pause Young (Allocation Failure)
[3.512s][info ][gc,task        ] GC(1202) Using 8 workers of 8 for evacuation
[3.513s][debug][gc,age         ] GC(1202) Desired survivor size 1114112 bytes, new threshold 1 (max threshold 6)
[3.513s][info ][gc,heap        ] GC(1202) ParNew: 19110K->1965K(19648K)
[3.513s][info ][gc,heap        ] GC(1202) CMS: 37124K->37905K(43712K)
[3.513s][info ][gc,metaspace   ] GC(1202) Metaspace: 5319K->5319K(1056768K)
[3.513s][info ][gc             ] GC(1202) Pause Young (Allocation Failure) 54M->38M(61M) 1.252ms
[3.513s][info ][gc,cpu         ] GC(1202) User=0.00s Sys=0.00s Real=0.00s
[3.515s][info ][gc,start       ] GC(1203) Pause Young (Allocation Failure)
[3.515s][info ][gc,task        ] GC(1203) Using 8 workers of 8 for evacuation
[3.516s][debug][gc,age         ] GC(1203) Desired survivor size 1114112 bytes, new threshold 1 (max threshold 6)
[3.516s][info ][gc,heap        ] GC(1203) ParNew: 19106K->1967K(19648K)
[3.516s][info ][gc,heap        ] GC(1203) CMS: 37905K->38296K(43712K)
[3.516s][info ][gc,metaspace   ] GC(1203) Metaspace: 5319K->5319K(1056768K)
[3.516s][info ][gc             ] GC(1203) Pause Young (Allocation Failure) 55M->39M(61M) 0.964ms
[3.516s][info ][gc,cpu         ] GC(1203) User=0.00s Sys=0.00s Real=0.00s
[3.517s][info ][gc,start       ] GC(1204) Pause Young (Allocation Failure)
[3.517s][info ][gc,task        ] GC(1204) Using 8 workers of 8 for evacuation
[3.517s][debug][gc,age         ] GC(1204) Desired survivor size 1114112 bytes, new threshold 1 (max threshold 6)
[3.517s][info ][gc,heap        ] GC(1204) ParNew: 19073K->1967K(19648K)
[3.517s][info ][gc,heap        ] GC(1204) CMS: 38296K->38687K(43712K)
[3.517s][info ][gc,metaspace   ] GC(1204) Metaspace: 5319K->5319K(1056768K)
[3.517s][info ][gc             ] GC(1204) Pause Young (Allocation Failure) 56M->39M(61M) 0.492ms
[3.517s][info ][gc,cpu         ] GC(1204) User=0.00s Sys=0.00s Real=0.00s
[3.519s][info ][gc,start       ] GC(1205) Pause Young (Allocation Failure)
[3.519s][info ][gc,task        ] GC(1205) Using 8 workers of 8 for evacuation
[3.520s][debug][gc,age         ] GC(1205) Desired survivor size 1114112 bytes, new threshold 1 (max threshold 6)
[3.520s][info ][gc,heap        ] GC(1205) ParNew: 19120K->1963K(19648K)
[3.520s][info ][gc,heap        ] GC(1205) CMS: 38687K->38687K(43712K)
[3.520s][info ][gc,metaspace   ] GC(1205) Metaspace: 5319K->5319K(1056768K)
[3.520s][info ][gc             ] GC(1205) Pause Young (Allocation Failure) 56M->39M(61M) 1.054ms
[3.520s][info ][gc,cpu         ] GC(1205) User=0.01s Sys=0.00s Real=0.00s
[3.521s][info ][gc,start       ] GC(1206) Pause Young (Allocation Failure)
[3.521s][info ][gc,task        ] GC(1206) Using 8 workers of 8 for evacuation
[3.522s][debug][gc,age         ] GC(1206) Desired survivor size 1114112 bytes, new threshold 1 (max threshold 6)
[3.522s][info ][gc,heap        ] GC(1206) ParNew: 19111K->1177K(19648K)
[3.522s][info ][gc,heap        ] GC(1206) CMS: 38687K->39078K(43712K)
[3.522s][info ][gc,metaspace   ] GC(1206) Metaspace: 5319K->5319K(1056768K)
[3.522s][info ][gc             ] GC(1206) Pause Young (Allocation Failure) 56M->39M(61M) 1.154ms
[3.522s][info ][gc,cpu         ] GC(1206) User=0.01s Sys=0.00s Real=0.00s
[3.524s][info ][gc,start       ] GC(1207) Pause Young (Allocation Failure)
[3.524s][info ][gc,task        ] GC(1207) Using 8 workers of 8 for evacuation
[3.525s][debug][gc,age         ] GC(1207) Desired survivor size 1114112 bytes, new threshold 1 (max threshold 6)
[3.525s][info ][gc,heap        ] GC(1207) ParNew: 18285K->1963K(19648K)
[3.525s][info ][gc,heap        ] GC(1207) CMS: 39078K->40250K(43712K)
[3.525s][info ][gc,metaspace   ] GC(1207) Metaspace: 5319K->5319K(1056768K)
[3.525s][info ][gc             ] GC(1207) Pause Young (Allocation Failure) 56M->41M(61M) 1.532ms
[3.525s][info ][gc,cpu         ] GC(1207) User=0.01s Sys=0.00s Real=0.01s
[3.527s][info ][gc,start       ] GC(1208) Pause Young (Allocation Failure)
[3.527s][info ][gc,task        ] GC(1208) Using 8 workers of 8 for evacuation
[3.528s][debug][gc,age         ] GC(1208) Desired survivor size 1114112 bytes, new threshold 1 (max threshold 6)
[3.528s][info ][gc,heap        ] GC(1208) ParNew: 19120K->1961K(19648K)
[3.528s][info ][gc,heap        ] GC(1208) CMS: 40250K->40641K(43712K)
[3.528s][info ][gc,metaspace   ] GC(1208) Metaspace: 5319K->5319K(1056768K)
[3.529s][info ][gc             ] GC(1208) Pause Young (Allocation Failure) 57M->41M(61M) 1.951ms
[3.529s][info ][gc,cpu         ] GC(1208) User=0.00s Sys=0.00s Real=0.00s
[3.530s][info ][gc,start       ] GC(1209) Pause Young (Allocation Failure)
[3.530s][info ][gc,task        ] GC(1209) Using 8 workers of 8 for evacuation
[3.530s][debug][gc,age         ] GC(1209) Desired survivor size 1114112 bytes, new threshold 1 (max threshold 6)
[3.530s][info ][gc,heap        ] GC(1209) ParNew: 19112K->1969K(19648K)
[3.530s][info ][gc,heap        ] GC(1209) CMS: 40641K->40641K(43712K)
[3.530s][info ][gc,metaspace   ] GC(1209) Metaspace: 5319K->5319K(1056768K)
[3.530s][info ][gc             ] GC(1209) Pause Young (Allocation Failure) 58M->41M(61M) 0.384ms
[3.530s][info ][gc,cpu         ] GC(1209) User=0.00s Sys=0.00s Real=0.00s
[3.532s][info ][gc,start       ] GC(1210) Pause Young (Allocation Failure)
[3.532s][info ][gc,task        ] GC(1210) Using 8 workers of 8 for evacuation
[3.532s][debug][gc,age         ] GC(1210) Desired survivor size 1114112 bytes, new threshold 1 (max threshold 6)
[3.532s][info ][gc,heap        ] GC(1210) ParNew: 19116K->1967K(19648K)
[3.532s][info ][gc,heap        ] GC(1210) CMS: 40641K->41032K(43712K)
[3.532s][info ][gc,metaspace   ] GC(1210) Metaspace: 5319K->5319K(1056768K)
[3.532s][info ][gc             ] GC(1210) Pause Young (Allocation Failure) 58M->41M(61M) 0.448ms
[3.532s][info ][gc,cpu         ] GC(1210) User=0.00s Sys=0.00s Real=0.00s
[3.533s][info ][gc,start       ] GC(1211) Pause Young (Allocation Failure)
[3.533s][info ][gc,task        ] GC(1211) Using 8 workers of 8 for evacuation
[3.534s][debug][gc,age         ] GC(1211) Desired survivor size 1114112 bytes, new threshold 1 (max threshold 6)
[3.534s][info ][gc,heap        ] GC(1211) ParNew: 19370K->1186K(19648K)
[3.534s][info ][gc,heap        ] GC(1211) CMS: 41032K->41423K(43712K)
[3.534s][info ][gc,metaspace   ] GC(1211) Metaspace: 5319K->5319K(1056768K)
[3.534s][info ][gc             ] GC(1211) Pause Young (Allocation Failure) 58M->41M(61M) 0.416ms
[3.534s][info ][gc,cpu         ] GC(1211) User=0.00s Sys=0.00s Real=0.00s
[3.535s][info ][gc,start       ] GC(1212) Pause Young (Allocation Failure)
[3.535s][info ][gc,task        ] GC(1212) Using 8 workers of 8 for evacuation
[3.535s][debug][gc,age         ] GC(1212) Desired survivor size 1114112 bytes, new threshold 1 (max threshold 6)
[3.535s][info ][gc,heap        ] GC(1212) ParNew: 18376K->1967K(19648K)
[3.536s][info ][gc,heap        ] GC(1212) CMS: 41423K->42204K(43712K)
[3.536s][info ][gc,metaspace   ] GC(1212) Metaspace: 5319K->5319K(1056768K)
[3.536s][info ][gc             ] GC(1212) Pause Young (Allocation Failure) 58M->43M(61M) 0.567ms
[3.536s][info ][gc,cpu         ] GC(1212) User=0.00s Sys=0.00s Real=0.00s
[3.537s][info ][gc,start       ] GC(1213) Pause Young (Allocation Failure)
[3.537s][info ][gc,task        ] GC(1213) Using 8 workers of 8 for evacuation
[3.538s][debug][gc,age         ] GC(1213) Desired survivor size 1114112 bytes, new threshold 1 (max threshold 6)
[3.538s][info ][gc,heap        ] GC(1213) ParNew: 19140K->1969K(19648K)
[3.538s][info ][gc,heap        ] GC(1213) CMS: 42204K->42986K(43712K)
[3.538s][info ][gc,metaspace   ] GC(1213) Metaspace: 5319K->5319K(1056768K)
[3.538s][info ][gc             ] GC(1213) Pause Young (Allocation Failure) 59M->43M(61M) 0.528ms
[3.538s][info ][gc,cpu         ] GC(1213) User=0.00s Sys=0.00s Real=0.00s
[3.538s][info ][gc             ] GC(1164) Concurrent Abortable Preclean 105.835ms
[3.538s][info ][gc,cpu         ] GC(1164) User=0.51s Sys=0.03s Real=0.11s
[3.538s][info ][gc,start       ] GC(1164) Pause Remark
[3.539s][debug][gc,phases      ] GC(1164) Rescan (parallel) 0.809ms
[3.539s][debug][gc,phases      ] GC(1164) Reference Processing 0.011ms
[3.539s][debug][gc,phases      ] GC(1164) Weak Processing 0.004ms
[3.539s][debug][gc,phases      ] GC(1164) ClassLoaderData 0.007ms
[3.539s][debug][gc,phases      ] GC(1164) ProtectionDomainCacheTable 0.002ms
[3.539s][debug][gc,phases      ] GC(1164) ResolvedMethodTable 0.006ms
[3.539s][debug][gc,phases      ] GC(1164) Class Unloading 0.154ms
[3.539s][debug][gc,phases      ] GC(1164) Scrub Symbol Table 0.427ms
[3.539s][debug][gc,phases      ] GC(1164) Scrub String Table 0.019ms
[3.539s][info ][gc             ] GC(1164) Pause Remark 44M->44M(61M) 1.525ms
[3.539s][info ][gc,cpu         ] GC(1164) User=0.00s Sys=0.00s Real=0.00s
[3.539s][info ][gc             ] GC(1164) Concurrent Sweep
[3.540s][info ][gc             ] GC(1164) Concurrent Sweep 0.683ms
[3.540s][info ][gc,cpu         ] GC(1164) User=0.01s Sys=0.00s Real=0.00s
[3.540s][info ][gc             ] GC(1164) Concurrent Reset
[3.540s][info ][gc             ] GC(1164) Concurrent Reset 0.136ms
[3.540s][info ][gc,cpu         ] GC(1164) User=0.00s Sys=0.00s Real=0.00s
[3.540s][info ][gc,heap        ] GC(1164) Old: 19148K->26574K(43712K)
[3.541s][info ][gc,start       ] GC(1214) Pause Young (Allocation Failure)
[3.541s][info ][gc,task        ] GC(1214) Using 8 workers of 8 for evacuation
[3.541s][debug][gc,age         ] GC(1214) Desired survivor size 1114112 bytes, new threshold 1 (max threshold 6)
[3.541s][info ][gc,heap        ] GC(1214) ParNew: 19083K->1967K(19648K)
[3.541s][info ][gc,heap        ] GC(1214) CMS: 26574K->28137K(43712K)
[3.541s][info ][gc,metaspace   ] GC(1214) Metaspace: 5319K->5319K(1056768K)
[3.541s][info ][gc             ] GC(1214) Pause Young (Allocation Failure) 44M->29M(61M) 0.583ms
[3.541s][info ][gc,cpu         ] GC(1214) User=0.01s Sys=0.00s Real=0.00s
[3.543s][info ][gc,start       ] GC(1215) Pause Young (Allocation Failure)
[3.543s][info ][gc,task        ] GC(1215) Using 8 workers of 8 for evacuation
[3.543s][debug][gc,age         ] GC(1215) Desired survivor size 1114112 bytes, new threshold 1 (max threshold 6)
[3.543s][info ][gc,heap        ] GC(1215) ParNew: 19135K->1967K(19648K)
[3.543s][info ][gc,heap        ] GC(1215) CMS: 28137K->28137K(43712K)
[3.543s][info ][gc,metaspace   ] GC(1215) Metaspace: 5319K->5319K(1056768K)
[3.543s][info ][gc             ] GC(1215) Pause Young (Allocation Failure) 46M->29M(61M) 0.483ms
[3.543s][info ][gc,cpu         ] GC(1215) User=0.01s Sys=0.00s Real=0.00s
[3.543s][info ][gc,start       ] GC(1216) Pause Initial Mark
[3.544s][info ][gc             ] GC(1216) Pause Initial Mark 31M->31M(61M) 0.133ms
[3.544s][info ][gc,cpu         ] GC(1216) User=0.00s Sys=0.00s Real=0.00s
[3.544s][info ][gc             ] GC(1216) Concurrent Mark
[3.544s][info ][gc,task        ] GC(1216) Using 2 workers of 2 for marking
[3.545s][info ][gc,start       ] GC(1217) Pause Young (Allocation Failure)
[3.545s][info ][gc,task        ] GC(1217) Using 8 workers of 8 for evacuation
[3.546s][debug][gc,age         ] GC(1217) Desired survivor size 1114112 bytes, new threshold 1 (max threshold 6)
[3.546s][info ][gc,heap        ] GC(1217) ParNew: 19080K->1578K(19648K)
[3.546s][info ][gc,heap        ] GC(1217) CMS: 28137K->28528K(43712K)
[3.546s][info ][gc,metaspace   ] GC(1217) Metaspace: 5319K->5319K(1056768K)
[3.546s][info ][gc             ] GC(1217) Pause Young (Allocation Failure) 46M->29M(61M) 0.426ms
[3.546s][info ][gc,cpu         ] GC(1217) User=0.01s Sys=0.00s Real=0.00s
[3.547s][info ][gc,start       ] GC(1218) Pause Young (Allocation Failure)
[3.547s][info ][gc,task        ] GC(1218) Using 8 workers of 8 for evacuation
[3.548s][debug][gc,age         ] GC(1218) Desired survivor size 1114112 bytes, new threshold 1 (max threshold 6)
[3.548s][info ][gc,heap        ] GC(1218) ParNew: 18746K->1576K(19648K)
[3.548s][info ][gc,heap        ] GC(1218) CMS: 28528K->28528K(43712K)
[3.548s][info ][gc,metaspace   ] GC(1218) Metaspace: 5319K->5319K(1056768K)
[3.548s][info ][gc             ] GC(1218) Pause Young (Allocation Failure) 46M->29M(61M) 1.176ms
[3.548s][info ][gc,cpu         ] GC(1218) User=0.01s Sys=0.00s Real=0.00s
[3.549s][info ][gc             ] GC(1216) Concurrent Mark 5.369ms
[3.549s][info ][gc,cpu         ] GC(1216) User=0.02s Sys=0.00s Real=0.01s
[3.549s][info ][gc             ] GC(1216) Concurrent Preclean
[3.549s][info ][gc             ] GC(1216) Concurrent Preclean 0.142ms
[3.549s][info ][gc,cpu         ] GC(1216) User=0.00s Sys=0.00s Real=0.00s
[3.549s][info ][gc             ] GC(1216) Concurrent Abortable Preclean
[3.550s][info ][gc,start       ] GC(1219) Pause Young (Allocation Failure)
[3.550s][info ][gc,task        ] GC(1219) Using 8 workers of 8 for evacuation
[3.551s][debug][gc,age         ] GC(1219) Desired survivor size 1114112 bytes, new threshold 1 (max threshold 6)
[3.551s][info ][gc,heap        ] GC(1219) ParNew: 18928K->1186K(19648K)
[3.551s][info ][gc,heap        ] GC(1219) CMS: 28528K->29310K(43712K)
[3.551s][info ][gc,metaspace   ] GC(1219) Metaspace: 5319K->5319K(1056768K)
[3.551s][info ][gc             ] GC(1219) Pause Young (Allocation Failure) 46M->29M(61M) 1.140ms
[3.551s][info ][gc,cpu         ] GC(1219) User=0.00s Sys=0.00s Real=0.00s
[3.552s][info ][gc,start       ] GC(1220) Pause Young (Allocation Failure)
[3.553s][info ][gc,task        ] GC(1220) Using 8 workers of 8 for evacuation
[3.553s][debug][gc,age         ] GC(1220) Desired survivor size 1114112 bytes, new threshold 1 (max threshold 6)
[3.553s][info ][gc,heap        ] GC(1220) ParNew: 18344K->1969K(19648K)
[3.553s][info ][gc,heap        ] GC(1220) CMS: 29310K->29701K(43712K)
[3.553s][info ][gc,metaspace   ] GC(1220) Metaspace: 5319K->5319K(1056768K)
[3.553s][info ][gc             ] GC(1220) Pause Young (Allocation Failure) 46M->30M(61M) 0.489ms
[3.553s][info ][gc,cpu         ] GC(1220) User=0.00s Sys=0.00s Real=0.00s
[3.555s][info ][gc,start       ] GC(1221) Pause Young (Allocation Failure)
[3.555s][info ][gc,task        ] GC(1221) Using 8 workers of 8 for evacuation
[3.556s][debug][gc,age         ] GC(1221) Desired survivor size 1114112 bytes, new threshold 6 (max threshold 6)
[3.556s][info ][gc,heap        ] GC(1221) ParNew: 19293K->789K(19648K)
[3.556s][info ][gc,heap        ] GC(1221) CMS: 29701K->30484K(43712K)
[3.556s][info ][gc,metaspace   ] GC(1221) Metaspace: 5319K->5319K(1056768K)
[3.556s][info ][gc             ] GC(1221) Pause Young (Allocation Failure) 47M->30M(61M) 1.077ms
[3.556s][info ][gc,cpu         ] GC(1221) User=0.00s Sys=0.00s Real=0.00s
[3.557s][info ][gc,start       ] GC(1222) Pause Young (Allocation Failure)
[3.557s][info ][gc,task        ] GC(1222) Using 8 workers of 8 for evacuation
[3.558s][debug][gc,age         ] GC(1222) Desired survivor size 1114112 bytes, new threshold 1 (max threshold 6)
[3.558s][info ][gc,heap        ] GC(1222) ParNew: 17910K->1961K(19648K)
[3.558s][info ][gc,heap        ] GC(1222) CMS: 30484K->30484K(43712K)
[3.558s][info ][gc,metaspace   ] GC(1222) Metaspace: 5319K->5319K(1056768K)
[3.558s][info ][gc             ] GC(1222) Pause Young (Allocation Failure) 47M->31M(61M) 1.231ms
[3.558s][info ][gc,cpu         ] GC(1222) User=0.00s Sys=0.00s Real=0.00s
[3.560s][info ][gc,start       ] GC(1223) Pause Young (Allocation Failure)
[3.560s][info ][gc,task        ] GC(1223) Using 8 workers of 8 for evacuation
[3.561s][debug][gc,age         ] GC(1223) Desired survivor size 1114112 bytes, new threshold 6 (max threshold 6)
[3.561s][info ][gc,heap        ] GC(1223) ParNew: 19432K->787K(19648K)
[3.561s][info ][gc,heap        ] GC(1223) CMS: 30484K->30875K(43712K)
[3.561s][info ][gc,metaspace   ] GC(1223) Metaspace: 5319K->5319K(1056768K)
[3.561s][info ][gc             ] GC(1223) Pause Young (Allocation Failure) 48M->30M(61M) 1.130ms
[3.561s][info ][gc,cpu         ] GC(1223) User=0.01s Sys=0.00s Real=0.00s
[3.562s][info ][gc,start       ] GC(1224) Pause Young (Allocation Failure)
[3.563s][info ][gc,task        ] GC(1224) Using 8 workers of 8 for evacuation
[3.563s][debug][gc,age         ] GC(1224) Desired survivor size 1114112 bytes, new threshold 1 (max threshold 6)
[3.563s][info ][gc,heap        ] GC(1224) ParNew: 18105K->1969K(19648K)
[3.563s][info ][gc,heap        ] GC(1224) CMS: 30875K->31265K(43712K)
[3.563s][info ][gc,metaspace   ] GC(1224) Metaspace: 5319K->5319K(1056768K)
[3.563s][info ][gc             ] GC(1224) Pause Young (Allocation Failure) 47M->32M(61M) 0.451ms
[3.563s][info ][gc,cpu         ] GC(1224) User=0.00s Sys=0.00s Real=0.00s
[3.564s][info ][gc,start       ] GC(1225) Pause Young (Allocation Failure)
[3.564s][info ][gc,task        ] GC(1225) Using 8 workers of 8 for evacuation
[3.565s][debug][gc,age         ] GC(1225) Desired survivor size 1114112 bytes, new threshold 1 (max threshold 6)
[3.565s][info ][gc,heap        ] GC(1225) ParNew: 19223K->1578K(19648K)
[3.565s][info ][gc,heap        ] GC(1225) CMS: 31265K->31266K(43712K)
[3.565s][info ][gc,metaspace   ] GC(1225) Metaspace: 5319K->5319K(1056768K)
[3.565s][info ][gc             ] GC(1225) Pause Young (Allocation Failure) 49M->32M(61M) 0.393ms
[3.565s][info ][gc,cpu         ] GC(1225) User=0.00s Sys=0.00s Real=0.00s
[3.566s][info ][gc,start       ] GC(1226) Pause Young (Allocation Failure)
[3.566s][info ][gc,task        ] GC(1226) Using 8 workers of 8 for evacuation
[3.567s][debug][gc,age         ] GC(1226) Desired survivor size 1114112 bytes, new threshold 1 (max threshold 6)
[3.567s][info ][gc,heap        ] GC(1226) ParNew: 18792K->1969K(19648K)
[3.567s][info ][gc,heap        ] GC(1226) CMS: 31266K->33219K(43712K)
[3.567s][info ][gc,metaspace   ] GC(1226) Metaspace: 5319K->5319K(1056768K)
[3.567s][info ][gc             ] GC(1226) Pause Young (Allocation Failure) 48M->34M(61M) 0.649ms
[3.567s][info ][gc,cpu         ] GC(1226) User=0.00s Sys=0.00s Real=0.00s
[3.568s][info ][gc,start       ] GC(1227) Pause Young (Allocation Failure)
[3.568s][info ][gc,task        ] GC(1227) Using 8 workers of 8 for evacuation
[3.569s][debug][gc,age         ] GC(1227) Desired survivor size 1114112 bytes, new threshold 1 (max threshold 6)
[3.569s][info ][gc,heap        ] GC(1227) ParNew: 19156K->1969K(19648K)
[3.569s][info ][gc,heap        ] GC(1227) CMS: 33219K->34781K(43712K)
[3.569s][info ][gc,metaspace   ] GC(1227) Metaspace: 5319K->5319K(1056768K)
[3.569s][info ][gc             ] GC(1227) Pause Young (Allocation Failure) 51M->35M(61M) 0.691ms
[3.569s][info ][gc,cpu         ] GC(1227) User=0.01s Sys=0.00s Real=0.00s
[3.570s][info ][gc,start       ] GC(1228) Pause Young (Allocation Failure)
[3.570s][info ][gc,task        ] GC(1228) Using 8 workers of 8 for evacuation
[3.570s][debug][gc,age         ] GC(1228) Desired survivor size 1114112 bytes, new threshold 1 (max threshold 6)
[3.570s][info ][gc,heap        ] GC(1228) ParNew: 19140K->1969K(19648K)
[3.570s][info ][gc,heap        ] GC(1228) CMS: 34781K->35172K(43712K)
[3.571s][info ][gc,metaspace   ] GC(1228) Metaspace: 5319K->5319K(1056768K)
[3.571s][info ][gc             ] GC(1228) Pause Young (Allocation Failure) 52M->36M(61M) 0.478ms
[3.571s][info ][gc,cpu         ] GC(1228) User=0.01s Sys=0.00s Real=0.00s
[3.572s][info ][gc,start       ] GC(1229) Pause Young (Allocation Failure)
[3.572s][info ][gc,task        ] GC(1229) Using 8 workers of 8 for evacuation
[3.572s][debug][gc,age         ] GC(1229) Desired survivor size 1114112 bytes, new threshold 1 (max threshold 6)
[3.572s][info ][gc,heap        ] GC(1229) ParNew: 19129K->1965K(19648K)
[3.572s][info ][gc,heap        ] GC(1229) CMS: 35172K->35172K(43712K)
[3.572s][info ][gc,metaspace   ] GC(1229) Metaspace: 5319K->5319K(1056768K)
[3.573s][info ][gc             ] GC(1229) Pause Young (Allocation Failure) 53M->36M(61M) 0.673ms
[3.573s][info ][gc,cpu         ] GC(1229) User=0.01s Sys=0.00s Real=0.00s
[3.574s][info ][gc,start       ] GC(1230) Pause Young (Allocation Failure)
[3.574s][info ][gc,task        ] GC(1230) Using 8 workers of 8 for evacuation
[3.574s][debug][gc,age         ] GC(1230) Desired survivor size 1114112 bytes, new threshold 1 (max threshold 6)
[3.574s][info ][gc,heap        ] GC(1230) ParNew: 19118K->1969K(19648K)
[3.574s][info ][gc,heap        ] GC(1230) CMS: 35172K->35172K(43712K)
[3.574s][info ][gc,metaspace   ] GC(1230) Metaspace: 5319K->5319K(1056768K)
[3.574s][info ][gc             ] GC(1230) Pause Young (Allocation Failure) 53M->36M(61M) 0.405ms
[3.574s][info ][gc,cpu         ] GC(1230) User=0.00s Sys=0.01s Real=0.00s
[3.576s][info ][gc,start       ] GC(1231) Pause Young (Allocation Failure)
[3.576s][info ][gc,task        ] GC(1231) Using 8 workers of 8 for evacuation
[3.576s][debug][gc,age         ] GC(1231) Desired survivor size 1114112 bytes, new threshold 1 (max threshold 6)
[3.576s][info ][gc,heap        ] GC(1231) ParNew: 19117K->1969K(19648K)
[3.576s][info ][gc,heap        ] GC(1231) CMS: 35172K->36344K(43712K)
[3.576s][info ][gc,metaspace   ] GC(1231) Metaspace: 5319K->5319K(1056768K)
[3.576s][info ][gc             ] GC(1231) Pause Young (Allocation Failure) 53M->37M(61M) 0.557ms
[3.576s][info ][gc,cpu         ] GC(1231) User=0.01s Sys=0.00s Real=0.00s
[3.578s][info ][gc,start       ] GC(1232) Pause Young (Allocation Failure)
[3.578s][info ][gc,task        ] GC(1232) Using 8 workers of 8 for evacuation
[3.578s][debug][gc,age         ] GC(1232) Desired survivor size 1114112 bytes, new threshold 1 (max threshold 6)
[3.578s][info ][gc,heap        ] GC(1232) ParNew: 19115K->1969K(19648K)
[3.578s][info ][gc,heap        ] GC(1232) CMS: 36344K->36735K(43712K)
[3.578s][info ][gc,metaspace   ] GC(1232) Metaspace: 5319K->5319K(1056768K)
[3.578s][info ][gc             ] GC(1232) Pause Young (Allocation Failure) 54M->37M(61M) 0.468ms
[3.578s][info ][gc,cpu         ] GC(1232) User=0.00s Sys=0.00s Real=0.00s
[3.579s][info ][gc,start       ] GC(1233) Pause Young (Allocation Failure)
[3.579s][info ][gc,task        ] GC(1233) Using 8 workers of 8 for evacuation
[3.580s][debug][gc,age         ] GC(1233) Desired survivor size 1114112 bytes, new threshold 1 (max threshold 6)
[3.580s][info ][gc,heap        ] GC(1233) ParNew: 19113K->1967K(19648K)
[3.580s][info ][gc,heap        ] GC(1233) CMS: 36735K->36735K(43712K)
[3.580s][info ][gc,metaspace   ] GC(1233) Metaspace: 5319K->5319K(1056768K)
[3.581s][info ][gc             ] GC(1233) Pause Young (Allocation Failure) 54M->37M(61M) 1.092ms
[3.581s][info ][gc,cpu         ] GC(1233) User=0.00s Sys=0.00s Real=0.00s
[3.582s][info ][gc,start       ] GC(1234) Pause Young (Allocation Failure)
[3.582s][info ][gc,task        ] GC(1234) Using 8 workers of 8 for evacuation
[3.583s][debug][gc,age         ] GC(1234) Desired survivor size 1114112 bytes, new threshold 1 (max threshold 6)
[3.583s][info ][gc,heap        ] GC(1234) ParNew: 19110K->1959K(19648K)
[3.583s][info ][gc,heap        ] GC(1234) CMS: 36735K->36735K(43712K)
[3.583s][info ][gc,metaspace   ] GC(1234) Metaspace: 5319K->5319K(1056768K)
[3.583s][info ][gc             ] GC(1234) Pause Young (Allocation Failure) 54M->37M(61M) 1.142ms
[3.583s][info ][gc,cpu         ] GC(1234) User=0.00s Sys=0.00s Real=0.00s
[3.585s][info ][gc,start       ] GC(1235) Pause Young (Allocation Failure)
[3.585s][info ][gc,task        ] GC(1235) Using 8 workers of 8 for evacuation
[3.586s][debug][gc,age         ] GC(1235) Desired survivor size 1114112 bytes, new threshold 6 (max threshold 6)
[3.586s][info ][gc,heap        ] GC(1235) ParNew: 19368K->787K(19648K)
[3.586s][info ][gc,heap        ] GC(1235) CMS: 36735K->37126K(43712K)
[3.586s][info ][gc,metaspace   ] GC(1235) Metaspace: 5319K->5319K(1056768K)
[3.586s][info ][gc             ] GC(1235) Pause Young (Allocation Failure) 54M->37M(61M) 1.109ms
[3.586s][info ][gc,cpu         ] GC(1235) User=0.00s Sys=0.00s Real=0.00s
[3.587s][info ][gc,start       ] GC(1236) Pause Young (Allocation Failure)
[3.587s][info ][gc,task        ] GC(1236) Using 8 workers of 8 for evacuation
[3.588s][debug][gc,age         ] GC(1236) Desired survivor size 1114112 bytes, new threshold 6 (max threshold 6)
[3.588s][info ][gc,heap        ] GC(1236) ParNew: 18136K->787K(19648K)
[3.588s][info ][gc,heap        ] GC(1236) CMS: 37126K->37126K(43712K)
[3.588s][info ][gc,metaspace   ] GC(1236) Metaspace: 5319K->5319K(1056768K)
[3.588s][info ][gc             ] GC(1236) Pause Young (Allocation Failure) 53M->37M(61M) 1.055ms
[3.588s][info ][gc,cpu         ] GC(1236) User=0.00s Sys=0.00s Real=0.00s
[3.590s][info ][gc,start       ] GC(1237) Pause Young (Allocation Failure)
[3.590s][info ][gc,task        ] GC(1237) Using 8 workers of 8 for evacuation
[3.591s][debug][gc,age         ] GC(1237) Desired survivor size 1114112 bytes, new threshold 6 (max threshold 6)
[3.591s][info ][gc,heap        ] GC(1237) ParNew: 18201K->787K(19648K)
[3.591s][info ][gc,heap        ] GC(1237) CMS: 37126K->37126K(43712K)
[3.591s][info ][gc,metaspace   ] GC(1237) Metaspace: 5319K->5319K(1056768K)
[3.591s][info ][gc             ] GC(1237) Pause Young (Allocation Failure) 54M->37M(61M) 1.037ms
[3.591s][info ][gc,cpu         ] GC(1237) User=0.00s Sys=0.00s Real=0.00s
[3.592s][info ][gc,start       ] GC(1238) Pause Young (Allocation Failure)
[3.592s][info ][gc,task        ] GC(1238) Using 8 workers of 8 for evacuation
[3.593s][debug][gc,age         ] GC(1238) Desired survivor size 1114112 bytes, new threshold 1 (max threshold 6)
[3.593s][info ][gc,heap        ] GC(1238) ParNew: 18079K->1967K(19648K)
[3.593s][info ][gc,heap        ] GC(1238) CMS: 37126K->37126K(43712K)
[3.593s][info ][gc,metaspace   ] GC(1238) Metaspace: 5319K->5319K(1056768K)
[3.593s][info ][gc             ] GC(1238) Pause Young (Allocation Failure) 53M->38M(61M) 0.533ms
[3.593s][info ][gc,cpu         ] GC(1238) User=0.00s Sys=0.00s Real=0.00s
[3.594s][info ][gc,start       ] GC(1239) Pause Young (Allocation Failure)
[3.594s][info ][gc,task        ] GC(1239) Using 8 workers of 8 for evacuation
[3.594s][debug][gc,age         ] GC(1239) Desired survivor size 1114112 bytes, new threshold 1 (max threshold 6)
[3.594s][info ][gc,heap        ] GC(1239) ParNew: 19205K->1969K(19648K)
[3.594s][info ][gc,heap        ] GC(1239) CMS: 37126K->37517K(43712K)
[3.594s][info ][gc,metaspace   ] GC(1239) Metaspace: 5319K->5319K(1056768K)
[3.594s][info ][gc             ] GC(1239) Pause Young (Allocation Failure) 55M->38M(61M) 0.422ms
[3.594s][info ][gc,cpu         ] GC(1239) User=0.00s Sys=0.00s Real=0.00s
[3.596s][info ][gc,start       ] GC(1240) Pause Young (Allocation Failure)
[3.596s][info ][gc,task        ] GC(1240) Using 8 workers of 8 for evacuation
[3.596s][debug][gc,age         ] GC(1240) Desired survivor size 1114112 bytes, new threshold 1 (max threshold 6)
[3.596s][info ][gc,heap        ] GC(1240) ParNew: 19172K->1969K(19648K)
[3.596s][info ][gc,heap        ] GC(1240) CMS: 37517K->37908K(43712K)
[3.596s][info ][gc,metaspace   ] GC(1240) Metaspace: 5319K->5319K(1056768K)
[3.596s][info ][gc             ] GC(1240) Pause Young (Allocation Failure) 55M->38M(61M) 0.495ms
[3.596s][info ][gc,cpu         ] GC(1240) User=0.00s Sys=0.00s Real=0.00s
[3.597s][info ][gc,start       ] GC(1241) Pause Young (Allocation Failure)
[3.598s][info ][gc,task        ] GC(1241) Using 8 workers of 8 for evacuation
[3.598s][debug][gc,age         ] GC(1241) Desired survivor size 1114112 bytes, new threshold 1 (max threshold 6)
[3.598s][info ][gc,heap        ] GC(1241) ParNew: 19150K->1969K(19648K)
[3.598s][info ][gc,heap        ] GC(1241) CMS: 37908K->38689K(43712K)
[3.598s][info ][gc,metaspace   ] GC(1241) Metaspace: 5319K->5319K(1056768K)
[3.598s][info ][gc             ] GC(1241) Pause Young (Allocation Failure) 55M->39M(61M) 0.507ms
[3.598s][info ][gc,cpu         ] GC(1241) User=0.00s Sys=0.00s Real=0.00s
[3.599s][info ][gc,start       ] GC(1242) Pause Young (Allocation Failure)
[3.599s][info ][gc,task        ] GC(1242) Using 8 workers of 8 for evacuation
[3.600s][debug][gc,age         ] GC(1242) Desired survivor size 1114112 bytes, new threshold 1 (max threshold 6)
[3.600s][info ][gc,heap        ] GC(1242) ParNew: 19135K->1969K(19648K)
[3.600s][info ][gc,heap        ] GC(1242) CMS: 38689K->39080K(43712K)
[3.600s][info ][gc,metaspace   ] GC(1242) Metaspace: 5319K->5319K(1056768K)
[3.600s][info ][gc             ] GC(1242) Pause Young (Allocation Failure) 56M->40M(61M) 0.455ms
[3.600s][info ][gc,cpu         ] GC(1242) User=0.00s Sys=0.00s Real=0.00s
[3.601s][info ][gc,start       ] GC(1243) Pause Young (Allocation Failure)
[3.601s][info ][gc,task        ] GC(1243) Using 8 workers of 8 for evacuation
[3.602s][debug][gc,age         ] GC(1243) Desired survivor size 1114112 bytes, new threshold 1 (max threshold 6)
[3.602s][info ][gc,heap        ] GC(1243) ParNew: 19126K->1969K(19648K)
[3.602s][info ][gc,heap        ] GC(1243) CMS: 39080K->39861K(43712K)
[3.602s][info ][gc,metaspace   ] GC(1243) Metaspace: 5319K->5319K(1056768K)
[3.602s][info ][gc             ] GC(1243) Pause Young (Allocation Failure) 56M->40M(61M) 0.505ms
[3.602s][info ][gc,cpu         ] GC(1243) User=0.01s Sys=0.00s Real=0.00s
[3.603s][info ][gc,start       ] GC(1244) Pause Young (Allocation Failure)
[3.603s][info ][gc,task        ] GC(1244) Using 8 workers of 8 for evacuation
[3.603s][debug][gc,age         ] GC(1244) Desired survivor size 1114112 bytes, new threshold 1 (max threshold 6)
[3.603s][info ][gc,heap        ] GC(1244) ParNew: 19120K->1967K(19648K)
[3.603s][info ][gc,heap        ] GC(1244) CMS: 39861K->40252K(43712K)
[3.603s][info ][gc,metaspace   ] GC(1244) Metaspace: 5319K->5319K(1056768K)
[3.604s][info ][gc             ] GC(1244) Pause Young (Allocation Failure) 57M->41M(61M) 0.444ms
[3.604s][info ][gc,cpu         ] GC(1244) User=0.01s Sys=0.00s Real=0.00s
[3.605s][info ][gc,start       ] GC(1245) Pause Young (Allocation Failure)
[3.605s][info ][gc,task        ] GC(1245) Using 8 workers of 8 for evacuation
[3.605s][debug][gc,age         ] GC(1245) Desired survivor size 1114112 bytes, new threshold 1 (max threshold 6)
[3.605s][info ][gc,heap        ] GC(1245) ParNew: 19114K->1969K(19648K)
[3.605s][info ][gc,heap        ] GC(1245) CMS: 40252K->40642K(43712K)
[3.605s][info ][gc,metaspace   ] GC(1245) Metaspace: 5319K->5319K(1056768K)
[3.605s][info ][gc             ] GC(1245) Pause Young (Allocation Failure) 57M->41M(61M) 0.467ms
[3.605s][info ][gc,cpu         ] GC(1245) User=0.01s Sys=0.00s Real=0.00s
[3.607s][info ][gc,start       ] GC(1246) Pause Young (Allocation Failure)
[3.607s][info ][gc,task        ] GC(1246) Using 8 workers of 8 for evacuation
[3.607s][info ][gc,promotion   ] Promotion failed
[3.607s][info ][gc,start       ] GC(1247) Pause Full (Allocation Failure)
[3.607s][info ][gc             ] GC(1216) Concurrent Abortable Preclean 58.205ms
[3.607s][info ][gc,cpu         ] GC(1216) User=0.28s Sys=0.01s Real=0.06s
[3.607s][info ][gc,phases,start] GC(1247) Phase 1: Mark live objects
[3.609s][debug][gc,phases      ] GC(1247) Reference Processing 0.021ms
[3.609s][debug][gc,phases      ] GC(1247) Weak Processing 0.003ms
[3.609s][debug][gc,phases      ] GC(1247) ClassLoaderData 0.007ms
[3.609s][debug][gc,phases      ] GC(1247) ProtectionDomainCacheTable 0.002ms
[3.609s][debug][gc,phases      ] GC(1247) ResolvedMethodTable 0.005ms
[3.609s][debug][gc,phases      ] GC(1247) Class Unloading 0.167ms
[3.609s][debug][gc,phases      ] GC(1247) Scrub String Table 0.018ms
[3.609s][debug][gc,phases      ] GC(1247) Scrub Symbol Table 0.424ms
[3.609s][info ][gc,phases      ] GC(1247) Phase 1: Mark live objects 1.681ms
[3.609s][info ][gc,phases,start] GC(1247) Phase 2: Compute new object addresses
[3.610s][info ][gc,phases      ] GC(1247) Phase 2: Compute new object addresses 0.436ms
[3.610s][info ][gc,phases,start] GC(1247) Phase 3: Adjust pointers
[3.611s][info ][gc,phases      ] GC(1247) Phase 3: Adjust pointers 1.006ms
[3.611s][info ][gc,phases,start] GC(1247) Phase 4: Move objects
[3.611s][info ][gc,phases      ] GC(1247) Phase 4: Move objects 0.518ms
[3.611s][info ][gc             ] GC(1247) Pause Full (Allocation Failure) 59M->4M(61M) 3.955ms
[3.611s][info ][gc,heap        ] GC(1246) ParNew: 19114K->0K(19648K)
[3.611s][info ][gc,heap        ] GC(1246) CMS: 40642K->5065K(43712K)
[3.611s][info ][gc,metaspace   ] GC(1246) Metaspace: 5319K->5319K(1056768K)
[3.611s][info ][gc             ] GC(1246) Pause Young (Allocation Failure) 58M->4M(61M) 4.597ms
[3.611s][info ][gc,cpu         ] GC(1246) User=0.01s Sys=0.00s Real=0.00s
[3.613s][info ][gc,start       ] GC(1248) Pause Young (Allocation Failure)
[3.613s][info ][gc,task        ] GC(1248) Using 8 workers of 8 for evacuation
[3.614s][debug][gc,age         ] GC(1248) Desired survivor size 1114112 bytes, new threshold 6 (max threshold 6)
[3.614s][info ][gc,heap        ] GC(1248) ParNew: 17446K->396K(19648K)
[3.614s][info ][gc,heap        ] GC(1248) CMS: 5065K->5065K(43712K)
[3.614s][info ][gc,metaspace   ] GC(1248) Metaspace: 5319K->5319K(1056768K)
[3.614s][info ][gc             ] GC(1248) Pause Young (Allocation Failure) 21M->5M(61M) 0.891ms
[3.614s][info ][gc,cpu         ] GC(1248) User=0.00s Sys=0.00s Real=0.00s
[3.615s][info ][gc,start       ] GC(1249) Pause Young (Allocation Failure)
[3.615s][info ][gc,task        ] GC(1249) Using 8 workers of 8 for evacuation
[3.617s][debug][gc,age         ] GC(1249) Desired survivor size 1114112 bytes, new threshold 1 (max threshold 6)
[3.617s][info ][gc,heap        ] GC(1249) ParNew: 17570K->1967K(19648K)
[3.617s][info ][gc,heap        ] GC(1249) CMS: 5065K->5851K(43712K)
[3.617s][info ][gc,metaspace   ] GC(1249) Metaspace: 5319K->5319K(1056768K)
[3.617s][info ][gc             ] GC(1249) Pause Young (Allocation Failure) 22M->7M(61M) 2.168ms
[3.617s][info ][gc,cpu         ] GC(1249) User=0.00s Sys=0.00s Real=0.00s
[3.618s][info ][gc,start       ] GC(1250) Pause Young (Allocation Failure)
[3.619s][info ][gc,task        ] GC(1250) Using 8 workers of 8 for evacuation
[3.620s][debug][gc,age         ] GC(1250) Desired survivor size 1114112 bytes, new threshold 1 (max threshold 6)
[3.620s][info ][gc,heap        ] GC(1250) ParNew: 19083K->1961K(19648K)
[3.620s][info ][gc,heap        ] GC(1250) CMS: 5851K->6248K(43712K)
[3.620s][info ][gc,metaspace   ] GC(1250) Metaspace: 5319K->5319K(1056768K)
[3.620s][info ][gc             ] GC(1250) Pause Young (Allocation Failure) 24M->8M(61M) 1.215ms
[3.620s][info ][gc,cpu         ] GC(1250) User=0.00s Sys=0.00s Real=0.00s
[3.621s][info ][gc,start       ] GC(1251) Pause Young (Allocation Failure)
[3.621s][info ][gc,task        ] GC(1251) Using 8 workers of 8 for evacuation
[3.623s][debug][gc,age         ] GC(1251) Desired survivor size 1114112 bytes, new threshold 1 (max threshold 6)
[3.623s][info ][gc,heap        ] GC(1251) ParNew: 19433K->1957K(19648K)
[3.623s][info ][gc,heap        ] GC(1251) CMS: 6248K->7030K(43712K)
[3.623s][info ][gc,metaspace   ] GC(1251) Metaspace: 5319K->5319K(1056768K)
[3.623s][info ][gc             ] GC(1251) Pause Young (Allocation Failure) 25M->8M(61M) 1.538ms
[3.623s][info ][gc,cpu         ] GC(1251) User=0.00s Sys=0.00s Real=0.00s
[3.624s][info ][gc,start       ] GC(1252) Pause Young (Allocation Failure)
[3.624s][info ][gc,task        ] GC(1252) Using 8 workers of 8 for evacuation
[3.625s][debug][gc,age         ] GC(1252) Desired survivor size 1114112 bytes, new threshold 6 (max threshold 6)
[3.625s][info ][gc,heap        ] GC(1252) ParNew: 19429K->795K(19648K)
[3.625s][info ][gc,heap        ] GC(1252) CMS: 7030K->7812K(43712K)
[3.625s][info ][gc,metaspace   ] GC(1252) Metaspace: 5319K->5319K(1056768K)
[3.625s][info ][gc             ] GC(1252) Pause Young (Allocation Failure) 25M->8M(61M) 1.171ms
[3.625s][info ][gc,cpu         ] GC(1252) User=0.00s Sys=0.00s Real=0.00s
[3.627s][info ][gc,start       ] GC(1253) Pause Young (Allocation Failure)
[3.627s][info ][gc,task        ] GC(1253) Using 8 workers of 8 for evacuation
[3.629s][debug][gc,age         ] GC(1253) Desired survivor size 1114112 bytes, new threshold 1 (max threshold 6)
[3.629s][info ][gc,heap        ] GC(1253) ParNew: 18182K->1177K(19648K)
[3.629s][info ][gc,heap        ] GC(1253) CMS: 7812K->7812K(43712K)
[3.629s][info ][gc,metaspace   ] GC(1253) Metaspace: 5319K->5319K(1056768K)
[3.629s][info ][gc             ] GC(1253) Pause Young (Allocation Failure) 25M->8M(61M) 1.798ms
[3.629s][info ][gc,cpu         ] GC(1253) User=0.01s Sys=0.00s Real=0.00s
[3.630s][info ][gc,start       ] GC(1254) Pause Young (Allocation Failure)
[3.630s][info ][gc,task        ] GC(1254) Using 8 workers of 8 for evacuation
[3.632s][debug][gc,age         ] GC(1254) Desired survivor size 1114112 bytes, new threshold 6 (max threshold 6)
[3.632s][info ][gc,heap        ] GC(1254) ParNew: 18561K->398K(19648K)
[3.632s][info ][gc,heap        ] GC(1254) CMS: 7812K->8204K(43712K)
[3.632s][info ][gc,metaspace   ] GC(1254) Metaspace: 5319K->5319K(1056768K)
[3.632s][info ][gc             ] GC(1254) Pause Young (Allocation Failure) 25M->8M(61M) 1.298ms
[3.632s][info ][gc,cpu         ] GC(1254) User=0.01s Sys=0.00s Real=0.00s
[3.633s][info ][gc,start       ] GC(1255) Pause Young (Allocation Failure)
[3.634s][info ][gc,task        ] GC(1255) Using 8 workers of 8 for evacuation
[3.635s][debug][gc,age         ] GC(1255) Desired survivor size 1114112 bytes, new threshold 1 (max threshold 6)
[3.635s][info ][gc,heap        ] GC(1255) ParNew: 17819K->1179K(19648K)
[3.635s][info ][gc,heap        ] GC(1255) CMS: 8204K->8204K(43712K)
[3.635s][info ][gc,metaspace   ] GC(1255) Metaspace: 5319K->5319K(1056768K)
[3.635s][info ][gc             ] GC(1255) Pause Young (Allocation Failure) 25M->9M(61M) 1.127ms
[3.635s][info ][gc,cpu         ] GC(1255) User=0.01s Sys=0.00s Real=0.01s
[3.636s][info ][gc,start       ] GC(1256) Pause Young (Allocation Failure)
[3.636s][info ][gc,task        ] GC(1256) Using 8 workers of 8 for evacuation
[3.636s][debug][gc,age         ] GC(1256) Desired survivor size 1114112 bytes, new threshold 6 (max threshold 6)
[3.636s][info ][gc,heap        ] GC(1256) ParNew: 18615K->396K(19648K)
[3.636s][info ][gc,heap        ] GC(1256) CMS: 8204K->8204K(43712K)
[3.636s][info ][gc,metaspace   ] GC(1256) Metaspace: 5319K->5319K(1056768K)
[3.636s][info ][gc             ] GC(1256) Pause Young (Allocation Failure) 26M->8M(61M) 0.559ms
[3.637s][info ][gc,cpu         ] GC(1256) User=0.00s Sys=0.00s Real=0.00s
[3.638s][info ][gc,start       ] GC(1257) Pause Young (Allocation Failure)
[3.638s][info ][gc,task        ] GC(1257) Using 8 workers of 8 for evacuation
[3.639s][debug][gc,age         ] GC(1257) Desired survivor size 1114112 bytes, new threshold 1 (max threshold 6)
[3.639s][info ][gc,heap        ] GC(1257) ParNew: 17499K->1572K(19648K)
[3.639s][info ][gc,heap        ] GC(1257) CMS: 8204K->8204K(43712K)
[3.639s][info ][gc,metaspace   ] GC(1257) Metaspace: 5319K->5319K(1056768K)
[3.639s][info ][gc             ] GC(1257) Pause Young (Allocation Failure) 25M->9M(61M) 0.633ms
[3.639s][info ][gc,cpu         ] GC(1257) User=0.00s Sys=0.00s Real=0.00s
[3.640s][info ][gc,start       ] GC(1258) Pause Young (Allocation Failure)
[3.640s][info ][gc,task        ] GC(1258) Using 8 workers of 8 for evacuation
[3.641s][debug][gc,age         ] GC(1258) Desired survivor size 1114112 bytes, new threshold 1 (max threshold 6)
[3.642s][info ][gc,heap        ] GC(1258) ParNew: 18742K->1179K(19648K)
[3.642s][info ][gc,heap        ] GC(1258) CMS: 8204K->8987K(43712K)
[3.642s][info ][gc,metaspace   ] GC(1258) Metaspace: 5319K->5319K(1056768K)
[3.642s][info ][gc             ] GC(1258) Pause Young (Allocation Failure) 26M->9M(61M) 1.434ms
[3.642s][info ][gc,cpu         ] GC(1258) User=0.01s Sys=0.00s Real=0.00s
[3.643s][info ][gc,start       ] GC(1259) Pause Young (Allocation Failure)
[3.643s][info ][gc,task        ] GC(1259) Using 8 workers of 8 for evacuation
[3.644s][debug][gc,age         ] GC(1259) Desired survivor size 1114112 bytes, new threshold 1 (max threshold 6)
[3.644s][info ][gc,heap        ] GC(1259) ParNew: 18545K->1959K(19648K)
[3.644s][info ][gc,heap        ] GC(1259) CMS: 8987K->9377K(43712K)
[3.644s][info ][gc,metaspace   ] GC(1259) Metaspace: 5319K->5319K(1056768K)
[3.644s][info ][gc             ] GC(1259) Pause Young (Allocation Failure) 26M->11M(61M) 1.143ms
[3.644s][info ][gc,cpu         ] GC(1259) User=0.00s Sys=0.00s Real=0.01s
[3.645s][info ][gc,start       ] GC(1260) Pause Young (Allocation Failure)
[3.645s][info ][gc,task        ] GC(1260) Using 8 workers of 8 for evacuation
[3.646s][debug][gc,age         ] GC(1260) Desired survivor size 1114112 bytes, new threshold 1 (max threshold 6)
[3.646s][info ][gc,heap        ] GC(1260) ParNew: 19244K->1963K(19648K)
[3.647s][info ][gc,heap        ] GC(1260) CMS: 9377K->10159K(43712K)
[3.647s][info ][gc,metaspace   ] GC(1260) Metaspace: 5319K->5319K(1056768K)
[3.647s][info ][gc             ] GC(1260) Pause Young (Allocation Failure) 27M->11M(61M) 1.194ms
[3.647s][info ][gc,cpu         ] GC(1260) User=0.00s Sys=0.00s Real=0.00s
[3.648s][info ][gc,start       ] GC(1261) Pause Young (Allocation Failure)
[3.648s][info ][gc,task        ] GC(1261) Using 8 workers of 8 for evacuation
[3.650s][debug][gc,age         ] GC(1261) Desired survivor size 1114112 bytes, new threshold 1 (max threshold 6)
[3.650s][info ][gc,heap        ] GC(1261) ParNew: 19435K->1961K(19648K)
[3.650s][info ][gc,heap        ] GC(1261) CMS: 10159K->11332K(43712K)
[3.650s][info ][gc,metaspace   ] GC(1261) Metaspace: 5319K->5319K(1056768K)
[3.650s][info ][gc             ] GC(1261) Pause Young (Allocation Failure) 28M->12M(61M) 1.463ms
[3.650s][info ][gc,cpu         ] GC(1261) User=0.00s Sys=0.00s Real=0.00s
[3.650s][info ][gc,start       ] GC(1262) Pause Initial Mark
[3.650s][info ][gc             ] GC(1262) Pause Initial Mark 15M->15M(61M) 0.101ms
[3.650s][info ][gc,cpu         ] GC(1262) User=0.00s Sys=0.00s Real=0.00s
[3.650s][info ][gc             ] GC(1262) Concurrent Mark
[3.650s][info ][gc,task        ] GC(1262) Using 2 workers of 2 for marking
[3.652s][info ][gc,start       ] GC(1263) Pause Young (Allocation Failure)
[3.652s][info ][gc,task        ] GC(1263) Using 8 workers of 8 for evacuation
[3.653s][debug][gc,age         ] GC(1263) Desired survivor size 1114112 bytes, new threshold 6 (max threshold 6)
[3.653s][info ][gc,heap        ] GC(1263) ParNew: 19208K->787K(19648K)
[3.653s][info ][gc,heap        ] GC(1263) CMS: 11332K->11723K(43712K)
[3.653s][info ][gc,metaspace   ] GC(1263) Metaspace: 5319K->5319K(1056768K)
[3.653s][info ][gc             ] GC(1263) Pause Young (Allocation Failure) 29M->12M(61M) 1.125ms
[3.653s][info ][gc,cpu         ] GC(1263) User=0.00s Sys=0.00s Real=0.00s
[3.654s][info ][gc,start       ] GC(1264) Pause Young (Allocation Failure)
[3.654s][info ][gc,task        ] GC(1264) Using 8 workers of 8 for evacuation
[3.655s][debug][gc,age         ] GC(1264) Desired survivor size 1114112 bytes, new threshold 1 (max threshold 6)
[3.655s][info ][gc,heap        ] GC(1264) ParNew: 18258K->1568K(19648K)
[3.655s][info ][gc,heap        ] GC(1264) CMS: 11723K->11723K(43712K)
[3.655s][info ][gc,metaspace   ] GC(1264) Metaspace: 5319K->5319K(1056768K)
[3.655s][info ][gc             ] GC(1264) Pause Young (Allocation Failure) 29M->12M(61M) 1.136ms
[3.655s][info ][gc,cpu         ] GC(1264) User=0.00s Sys=0.00s Real=0.00s
[3.656s][info ][gc             ] GC(1262) Concurrent Mark 5.347ms
[3.656s][info ][gc,cpu         ] GC(1262) User=0.02s Sys=0.00s Real=0.01s
[3.656s][info ][gc             ] GC(1262) Concurrent Preclean
[3.656s][info ][gc             ] GC(1262) Concurrent Preclean 0.179ms
[3.656s][info ][gc,cpu         ] GC(1262) User=0.00s Sys=0.00s Real=0.00s
[3.656s][info ][gc             ] GC(1262) Concurrent Abortable Preclean
[3.666s][info ][gc,start       ] GC(1265) Pause Young (Allocation Failure)
[3.666s][info ][gc,task        ] GC(1265) Using 8 workers of 8 for evacuation
[3.668s][debug][gc,age         ] GC(1265) Desired survivor size 1114112 bytes, new threshold 1 (max threshold 6)
[3.668s][info ][gc,heap        ] GC(1265) ParNew: 18762K->1961K(19648K)
[3.668s][info ][gc,heap        ] GC(1265) CMS: 11723K->12896K(43712K)
[3.668s][info ][gc,metaspace   ] GC(1265) Metaspace: 5319K->5319K(1056768K)
[3.668s][info ][gc             ] GC(1265) Pause Young (Allocation Failure) 29M->14M(61M) 1.895ms
[3.668s][info ][gc,cpu         ] GC(1265) User=0.01s Sys=0.00s Real=0.00s
[3.670s][info ][gc,start       ] GC(1266) Pause Young (Allocation Failure)
[3.670s][info ][gc,task        ] GC(1266) Using 8 workers of 8 for evacuation
[3.672s][debug][gc,age         ] GC(1266) Desired survivor size 1114112 bytes, new threshold 1 (max threshold 6)
[3.672s][info ][gc,heap        ] GC(1266) ParNew: 19433K->1564K(19648K)
[3.672s][info ][gc,heap        ] GC(1266) CMS: 12896K->13287K(43712K)
[3.672s][info ][gc,metaspace   ] GC(1266) Metaspace: 5319K->5319K(1056768K)
[3.672s][info ][gc             ] GC(1266) Pause Young (Allocation Failure) 31M->14M(61M) 1.739ms
[3.672s][info ][gc,cpu         ] GC(1266) User=0.01s Sys=0.00s Real=0.00s
[3.673s][info ][gc,start       ] GC(1267) Pause Young (Allocation Failure)
[3.674s][info ][gc,task        ] GC(1267) Using 8 workers of 8 for evacuation
[3.675s][debug][gc,age         ] GC(1267) Desired survivor size 1114112 bytes, new threshold 1 (max threshold 6)
[3.675s][info ][gc,heap        ] GC(1267) ParNew: 18742K->1959K(19648K)
[3.675s][info ][gc,heap        ] GC(1267) CMS: 13287K->14069K(43712K)
[3.675s][info ][gc,metaspace   ] GC(1267) Metaspace: 5319K->5319K(1056768K)
[3.675s][info ][gc             ] GC(1267) Pause Young (Allocation Failure) 31M->15M(61M) 1.682ms
[3.675s][info ][gc,cpu         ] GC(1267) User=0.00s Sys=0.00s Real=0.01s
[3.680s][info ][gc,start       ] GC(1268) Pause Young (Allocation Failure)
[3.680s][info ][gc,task        ] GC(1268) Using 8 workers of 8 for evacuation
[3.682s][debug][gc,age         ] GC(1268) Desired survivor size 1114112 bytes, new threshold 1 (max threshold 6)
[3.682s][info ][gc,heap        ] GC(1268) ParNew: 19091K->1570K(19648K)
[3.682s][info ][gc,heap        ] GC(1268) CMS: 14069K->14462K(43712K)
[3.682s][info ][gc,metaspace   ] GC(1268) Metaspace: 5319K->5319K(1056768K)
[3.682s][info ][gc             ] GC(1268) Pause Young (Allocation Failure) 32M->15M(61M) 1.627ms
[3.682s][info ][gc,cpu         ] GC(1268) User=0.00s Sys=0.00s Real=0.00s
[3.684s][info ][gc,start       ] GC(1269) Pause Young (Allocation Failure)
[3.684s][info ][gc,task        ] GC(1269) Using 8 workers of 8 for evacuation
[3.685s][debug][gc,age         ] GC(1269) Desired survivor size 1114112 bytes, new threshold 1 (max threshold 6)
[3.685s][info ][gc,heap        ] GC(1269) ParNew: 18714K->1961K(19648K)
[3.685s][info ][gc,heap        ] GC(1269) CMS: 14462K->15244K(43712K)
[3.685s][info ][gc,metaspace   ] GC(1269) Metaspace: 5319K->5319K(1056768K)
[3.685s][info ][gc             ] GC(1269) Pause Young (Allocation Failure) 32M->16M(61M) 1.563ms
[3.685s][info ][gc,cpu         ] GC(1269) User=0.01s Sys=0.00s Real=0.00s
[3.687s][info ][gc,start       ] GC(1270) Pause Young (Allocation Failure)
[3.687s][info ][gc,task        ] GC(1270) Using 8 workers of 8 for evacuation
[3.689s][debug][gc,age         ] GC(1270) Desired survivor size 1114112 bytes, new threshold 1 (max threshold 6)
[3.689s][info ][gc,heap        ] GC(1270) ParNew: 19433K->1965K(19648K)
[3.689s][info ][gc,heap        ] GC(1270) CMS: 15244K->16030K(43712K)
[3.689s][info ][gc,metaspace   ] GC(1270) Metaspace: 5319K->5319K(1056768K)
[3.689s][info ][gc             ] GC(1270) Pause Young (Allocation Failure) 33M->17M(61M) 1.668ms
[3.689s][info ][gc,cpu         ] GC(1270) User=0.01s Sys=0.00s Real=0.00s
[3.690s][info ][gc,start       ] GC(1271) Pause Young (Allocation Failure)
[3.691s][info ][gc,task        ] GC(1271) Using 8 workers of 8 for evacuation
[3.693s][debug][gc,age         ] GC(1271) Desired survivor size 1114112 bytes, new threshold 1 (max threshold 6)
[3.693s][info ][gc,heap        ] GC(1271) ParNew: 19140K->1957K(19648K)
[3.693s][info ][gc,heap        ] GC(1271) CMS: 16030K->16812K(43712K)
[3.693s][info ][gc,metaspace   ] GC(1271) Metaspace: 5319K->5319K(1056768K)
[3.693s][info ][gc             ] GC(1271) Pause Young (Allocation Failure) 34M->18M(61M) 2.553ms
[3.693s][info ][gc,cpu         ] GC(1271) User=0.00s Sys=0.00s Real=0.00s
[3.696s][info ][gc,start       ] GC(1272) Pause Young (Allocation Failure)
[3.696s][info ][gc,task        ] GC(1272) Using 8 workers of 8 for evacuation
[3.698s][debug][gc,age         ] GC(1272) Desired survivor size 1114112 bytes, new threshold 1 (max threshold 6)
[3.698s][info ][gc,heap        ] GC(1272) ParNew: 19389K->1961K(19648K)
[3.698s][info ][gc,heap        ] GC(1272) CMS: 16812K->17204K(43712K)
[3.698s][info ][gc,metaspace   ] GC(1272) Metaspace: 5319K->5319K(1056768K)
[3.698s][info ][gc             ] GC(1272) Pause Young (Allocation Failure) 35M->18M(61M) 2.041ms
[3.698s][info ][gc,cpu         ] GC(1272) User=0.00s Sys=0.00s Real=0.00s
[3.700s][info ][gc,start       ] GC(1273) Pause Young (Allocation Failure)
[3.700s][info ][gc,task        ] GC(1273) Using 8 workers of 8 for evacuation
[3.703s][debug][gc,age         ] GC(1273) Desired survivor size 1114112 bytes, new threshold 1 (max threshold 6)
[3.703s][info ][gc,heap        ] GC(1273) ParNew: 19112K->1570K(19648K)
[3.703s][info ][gc,heap        ] GC(1273) CMS: 17204K->17204K(43712K)
[3.703s][info ][gc,metaspace   ] GC(1273) Metaspace: 5319K->5319K(1056768K)
[3.703s][info ][gc             ] GC(1273) Pause Young (Allocation Failure) 35M->18M(61M) 2.490ms
[3.703s][info ][gc,cpu         ] GC(1273) User=0.00s Sys=0.00s Real=0.00s
[3.705s][info ][gc,start       ] GC(1274) Pause Young (Allocation Failure)
[3.705s][info ][gc,task        ] GC(1274) Using 8 workers of 8 for evacuation
[3.706s][debug][gc,age         ] GC(1274) Desired survivor size 1114112 bytes, new threshold 1 (max threshold 6)
[3.706s][info ][gc,heap        ] GC(1274) ParNew: 18730K->1963K(19648K)
[3.706s][info ][gc,heap        ] GC(1274) CMS: 17204K->17986K(43712K)
[3.706s][info ][gc,metaspace   ] GC(1274) Metaspace: 5319K->5319K(1056768K)
[3.706s][info ][gc             ] GC(1274) Pause Young (Allocation Failure) 35M->19M(61M) 1.462ms
[3.706s][info ][gc,cpu         ] GC(1274) User=0.01s Sys=0.00s Real=0.00s
[3.708s][info ][gc,start       ] GC(1275) Pause Young (Allocation Failure)
[3.708s][info ][gc,task        ] GC(1275) Using 8 workers of 8 for evacuation
[3.710s][debug][gc,age         ] GC(1275) Desired survivor size 1114112 bytes, new threshold 1 (max threshold 6)
[3.710s][info ][gc,heap        ] GC(1275) ParNew: 19151K->1572K(19648K)
[3.710s][info ][gc,heap        ] GC(1275) CMS: 17986K->18768K(43712K)
[3.710s][info ][gc,metaspace   ] GC(1275) Metaspace: 5319K->5319K(1056768K)
[3.710s][info ][gc             ] GC(1275) Pause Young (Allocation Failure) 36M->19M(61M) 1.876ms
[3.710s][info ][gc,cpu         ] GC(1275) User=0.01s Sys=0.00s Real=0.00s
[3.712s][info ][gc,start       ] GC(1276) Pause Young (Allocation Failure)
[3.712s][info ][gc,task        ] GC(1276) Using 8 workers of 8 for evacuation
[3.713s][debug][gc,age         ] GC(1276) Desired survivor size 1114112 bytes, new threshold 1 (max threshold 6)
[3.713s][info ][gc,heap        ] GC(1276) ParNew: 18747K->1963K(19648K)
[3.713s][info ][gc,heap        ] GC(1276) CMS: 18768K->19159K(43712K)
[3.713s][info ][gc,metaspace   ] GC(1276) Metaspace: 5319K->5319K(1056768K)
[3.713s][info ][gc             ] GC(1276) Pause Young (Allocation Failure) 36M->20M(61M) 1.326ms
[3.713s][info ][gc,cpu         ] GC(1276) User=0.00s Sys=0.00s Real=0.00s
[3.715s][info ][gc,start       ] GC(1277) Pause Young (Allocation Failure)
[3.715s][info ][gc,task        ] GC(1277) Using 8 workers of 8 for evacuation
[3.716s][debug][gc,age         ] GC(1277) Desired survivor size 1114112 bytes, new threshold 6 (max threshold 6)
[3.717s][info ][gc,heap        ] GC(1277) ParNew: 19346K->400K(19648K)
[3.717s][info ][gc,heap        ] GC(1277) CMS: 19159K->20723K(43712K)
[3.717s][info ][gc,metaspace   ] GC(1277) Metaspace: 5319K->5319K(1056768K)
[3.717s][info ][gc             ] GC(1277) Pause Young (Allocation Failure) 37M->20M(61M) 1.390ms
[3.717s][info ][gc,cpu         ] GC(1277) User=0.00s Sys=0.00s Real=0.00s
[3.718s][info ][gc,start       ] GC(1278) Pause Young (Allocation Failure)
[3.718s][info ][gc,task        ] GC(1278) Using 8 workers of 8 for evacuation
[3.719s][debug][gc,age         ] GC(1278) Desired survivor size 1114112 bytes, new threshold 1 (max threshold 6)
[3.719s][info ][gc,heap        ] GC(1278) ParNew: 17560K->1963K(19648K)
[3.719s][info ][gc,heap        ] GC(1278) CMS: 20723K->21504K(43712K)
[3.719s][info ][gc,metaspace   ] GC(1278) Metaspace: 5319K->5319K(1056768K)
[3.719s][info ][gc             ] GC(1278) Pause Young (Allocation Failure) 37M->22M(61M) 1.240ms
[3.719s][info ][gc,cpu         ] GC(1278) User=0.00s Sys=0.00s Real=0.00s
[3.721s][info ][gc,start       ] GC(1279) Pause Young (Allocation Failure)
[3.721s][info ][gc,task        ] GC(1279) Using 8 workers of 8 for evacuation
[3.723s][debug][gc,age         ] GC(1279) Desired survivor size 1114112 bytes, new threshold 1 (max threshold 6)
[3.723s][info ][gc,heap        ] GC(1279) ParNew: 19203K->1961K(19648K)
[3.723s][info ][gc,heap        ] GC(1279) CMS: 21504K->22285K(43712K)
[3.723s][info ][gc,metaspace   ] GC(1279) Metaspace: 5319K->5319K(1056768K)
[3.723s][info ][gc             ] GC(1279) Pause Young (Allocation Failure) 39M->23M(61M) 1.559ms
[3.723s][info ][gc,cpu         ] GC(1279) User=0.01s Sys=0.00s Real=0.00s
[3.724s][info ][gc,start       ] GC(1280) Pause Young (Allocation Failure)
[3.724s][info ][gc,task        ] GC(1280) Using 8 workers of 8 for evacuation
[3.725s][debug][gc,age         ] GC(1280) Desired survivor size 1114112 bytes, new threshold 1 (max threshold 6)
[3.725s][info ][gc,heap        ] GC(1280) ParNew: 19129K->1959K(19648K)
[3.725s][info ][gc,heap        ] GC(1280) CMS: 22285K->23067K(43712K)
[3.725s][info ][gc,metaspace   ] GC(1280) Metaspace: 5319K->5319K(1056768K)
[3.725s][info ][gc             ] GC(1280) Pause Young (Allocation Failure) 40M->24M(61M) 1.318ms
[3.725s][info ][gc,cpu         ] GC(1280) User=0.01s Sys=0.00s Real=0.00s
[3.727s][info ][gc,start       ] GC(1281) Pause Young (Allocation Failure)
[3.727s][info ][gc,task        ] GC(1281) Using 8 workers of 8 for evacuation
[3.729s][debug][gc,age         ] GC(1281) Desired survivor size 1114112 bytes, new threshold 1 (max threshold 6)
[3.729s][info ][gc,heap        ] GC(1281) ParNew: 19108K->1963K(19648K)
[3.729s][info ][gc,heap        ] GC(1281) CMS: 23067K->23849K(43712K)
[3.729s][info ][gc,metaspace   ] GC(1281) Metaspace: 5319K->5319K(1056768K)
[3.729s][info ][gc             ] GC(1281) Pause Young (Allocation Failure) 41M->25M(61M) 1.783ms
[3.729s][info ][gc,cpu         ] GC(1281) User=0.01s Sys=0.00s Real=0.00s
[3.730s][info ][gc,start       ] GC(1282) Pause Young (Allocation Failure)
[3.730s][info ][gc,task        ] GC(1282) Using 8 workers of 8 for evacuation
[3.732s][debug][gc,age         ] GC(1282) Desired survivor size 1114112 bytes, new threshold 1 (max threshold 6)
[3.732s][info ][gc,heap        ] GC(1282) ParNew: 19063K->1568K(19648K)
[3.732s][info ][gc,heap        ] GC(1282) CMS: 23849K->23849K(43712K)
[3.732s][info ][gc,metaspace   ] GC(1282) Metaspace: 5319K->5319K(1056768K)
[3.732s][info ][gc             ] GC(1282) Pause Young (Allocation Failure) 41M->24M(61M) 1.336ms
[3.732s][info ][gc,cpu         ] GC(1282) User=0.00s Sys=0.00s Real=0.00s
[3.733s][info ][gc,start       ] GC(1283) Pause Young (Allocation Failure)
[3.733s][info ][gc,task        ] GC(1283) Using 8 workers of 8 for evacuation
[3.735s][debug][gc,age         ] GC(1283) Desired survivor size 1114112 bytes, new threshold 1 (max threshold 6)
[3.735s][info ][gc,heap        ] GC(1283) ParNew: 18670K->1963K(19648K)
[3.735s][info ][gc,heap        ] GC(1283) CMS: 23849K->24241K(43712K)
[3.735s][info ][gc,metaspace   ] GC(1283) Metaspace: 5319K->5319K(1056768K)
[3.735s][info ][gc             ] GC(1283) Pause Young (Allocation Failure) 41M->25M(61M) 1.579ms
[3.735s][info ][gc,cpu         ] GC(1283) User=0.01s Sys=0.00s Real=0.01s
[3.736s][info ][gc,start       ] GC(1284) Pause Young (Allocation Failure)
[3.736s][info ][gc,task        ] GC(1284) Using 8 workers of 8 for evacuation
[3.737s][debug][gc,age         ] GC(1284) Desired survivor size 1114112 bytes, new threshold 1 (max threshold 6)
[3.737s][info ][gc,heap        ] GC(1284) ParNew: 19146K->1963K(19648K)
[3.737s][info ][gc,heap        ] GC(1284) CMS: 24241K->25022K(43712K)
[3.737s][info ][gc,metaspace   ] GC(1284) Metaspace: 5319K->5319K(1056768K)
[3.737s][info ][gc             ] GC(1284) Pause Young (Allocation Failure) 42M->26M(61M) 1.287ms
[3.737s][info ][gc,cpu         ] GC(1284) User=0.01s Sys=0.00s Real=0.00s
[3.739s][info ][gc,start       ] GC(1285) Pause Young (Allocation Failure)
[3.739s][info ][gc,task        ] GC(1285) Using 8 workers of 8 for evacuation
[3.740s][debug][gc,age         ] GC(1285) Desired survivor size 1114112 bytes, new threshold 1 (max threshold 6)
[3.740s][info ][gc,heap        ] GC(1285) ParNew: 19167K->1963K(19648K)
[3.740s][info ][gc,heap        ] GC(1285) CMS: 25022K->25413K(43712K)
[3.740s][info ][gc,metaspace   ] GC(1285) Metaspace: 5319K->5319K(1056768K)
[3.740s][info ][gc             ] GC(1285) Pause Young (Allocation Failure) 43M->26M(61M) 1.393ms
[3.740s][info ][gc,cpu         ] GC(1285) User=0.00s Sys=0.00s Real=0.00s
[3.742s][info ][gc,start       ] GC(1286) Pause Young (Allocation Failure)
[3.742s][info ][gc,task        ] GC(1286) Using 8 workers of 8 for evacuation
[3.743s][debug][gc,age         ] GC(1286) Desired survivor size 1114112 bytes, new threshold 1 (max threshold 6)
[3.743s][info ][gc,heap        ] GC(1286) ParNew: 19145K->1963K(19648K)
[3.743s][info ][gc,heap        ] GC(1286) CMS: 25413K->25413K(43712K)
[3.743s][info ][gc,metaspace   ] GC(1286) Metaspace: 5319K->5319K(1056768K)
[3.743s][info ][gc             ] GC(1286) Pause Young (Allocation Failure) 43M->26M(61M) 1.694ms
[3.743s][info ][gc,cpu         ] GC(1286) User=0.01s Sys=0.00s Real=0.00s
[3.745s][info ][gc,start       ] GC(1287) Pause Young (Allocation Failure)
[3.745s][info ][gc,task        ] GC(1287) Using 8 workers of 8 for evacuation
[3.746s][debug][gc,age         ] GC(1287) Desired survivor size 1114112 bytes, new threshold 1 (max threshold 6)
[3.746s][info ][gc,heap        ] GC(1287) ParNew: 19381K->1181K(19648K)
[3.746s][info ][gc,heap        ] GC(1287) CMS: 25413K->25805K(43712K)
[3.746s][info ][gc,metaspace   ] GC(1287) Metaspace: 5319K->5319K(1056768K)
[3.746s][info ][gc             ] GC(1287) Pause Young (Allocation Failure) 43M->26M(61M) 1.161ms
[3.746s][info ][gc,cpu         ] GC(1287) User=0.01s Sys=0.00s Real=0.00s
[3.748s][info ][gc,start       ] GC(1288) Pause Young (Allocation Failure)
[3.748s][info ][gc,task        ] GC(1288) Using 8 workers of 8 for evacuation
[3.749s][debug][gc,age         ] GC(1288) Desired survivor size 1114112 bytes, new threshold 1 (max threshold 6)
[3.749s][info ][gc,heap        ] GC(1288) ParNew: 18320K->1965K(19648K)
[3.749s][info ][gc,heap        ] GC(1288) CMS: 25805K->26586K(43712K)
[3.749s][info ][gc,metaspace   ] GC(1288) Metaspace: 5319K->5319K(1056768K)
[3.749s][info ][gc             ] GC(1288) Pause Young (Allocation Failure) 43M->27M(61M) 1.292ms
[3.749s][info ][gc,cpu         ] GC(1288) User=0.01s Sys=0.00s Real=0.00s
[3.751s][info ][gc,start       ] GC(1289) Pause Young (Allocation Failure)
[3.751s][info ][gc,task        ] GC(1289) Using 8 workers of 8 for evacuation
[3.752s][debug][gc,age         ] GC(1289) Desired survivor size 1114112 bytes, new threshold 1 (max threshold 6)
[3.752s][info ][gc,heap        ] GC(1289) ParNew: 19092K->1965K(19648K)
[3.752s][info ][gc,heap        ] GC(1289) CMS: 26586K->27368K(43712K)
[3.752s][info ][gc,metaspace   ] GC(1289) Metaspace: 5319K->5319K(1056768K)
[3.752s][info ][gc             ] GC(1289) Pause Young (Allocation Failure) 44M->28M(61M) 1.433ms
[3.752s][info ][gc,cpu         ] GC(1289) User=0.01s Sys=0.00s Real=0.00s
[3.754s][info ][gc,start       ] GC(1290) Pause Young (Allocation Failure)
[3.754s][info ][gc,task        ] GC(1290) Using 8 workers of 8 for evacuation
[3.756s][debug][gc,age         ] GC(1290) Desired survivor size 1114112 bytes, new threshold 1 (max threshold 6)
[3.756s][info ][gc,heap        ] GC(1290) ParNew: 19178K->1959K(19648K)
[3.756s][info ][gc,heap        ] GC(1290) CMS: 27368K->28150K(43712K)
[3.756s][info ][gc,metaspace   ] GC(1290) Metaspace: 5319K->5319K(1056768K)
[3.756s][info ][gc             ] GC(1290) Pause Young (Allocation Failure) 45M->29M(61M) 1.857ms
[3.756s][info ][gc,cpu         ] GC(1290) User=0.01s Sys=0.01s Real=0.00s
[3.757s][info ][gc,start       ] GC(1291) Pause Young (Allocation Failure)
[3.757s][info ][gc,task        ] GC(1291) Using 8 workers of 8 for evacuation
[3.759s][debug][gc,age         ] GC(1291) Desired survivor size 1114112 bytes, new threshold 1 (max threshold 6)
[3.759s][info ][gc,heap        ] GC(1291) ParNew: 19042K->1961K(19648K)
[3.759s][info ][gc,heap        ] GC(1291) CMS: 28150K->28541K(43712K)
[3.759s][info ][gc,metaspace   ] GC(1291) Metaspace: 5319K->5319K(1056768K)
[3.759s][info ][gc             ] GC(1291) Pause Young (Allocation Failure) 46M->29M(61M) 1.657ms
[3.759s][info ][gc,cpu         ] GC(1291) User=0.00s Sys=0.00s Real=0.00s
[3.760s][info ][gc,start       ] GC(1292) Pause Young (Allocation Failure)
[3.760s][info ][gc,task        ] GC(1292) Using 8 workers of 8 for evacuation
[3.762s][debug][gc,age         ] GC(1292) Desired survivor size 1114112 bytes, new threshold 1 (max threshold 6)
[3.762s][info ][gc,heap        ] GC(1292) ParNew: 19131K->1961K(19648K)
[3.762s][info ][gc,heap        ] GC(1292) CMS: 28541K->29323K(43712K)
[3.762s][info ][gc,metaspace   ] GC(1292) Metaspace: 5319K->5319K(1056768K)
[3.762s][info ][gc             ] GC(1292) Pause Young (Allocation Failure) 46M->30M(61M) 1.316ms
[3.762s][info ][gc,cpu         ] GC(1292) User=0.00s Sys=0.00s Real=0.00s
[3.764s][info ][gc,start       ] GC(1293) Pause Young (Allocation Failure)
[3.764s][info ][gc,task        ] GC(1293) Using 8 workers of 8 for evacuation
[3.765s][debug][gc,age         ] GC(1293) Desired survivor size 1114112 bytes, new threshold 1 (max threshold 6)
[3.765s][info ][gc,heap        ] GC(1293) ParNew: 19114K->1963K(19648K)
[3.765s][info ][gc,heap        ] GC(1293) CMS: 29323K->30105K(43712K)
[3.765s][info ][gc,metaspace   ] GC(1293) Metaspace: 5319K->5319K(1056768K)
[3.765s][info ][gc             ] GC(1293) Pause Young (Allocation Failure) 47M->31M(61M) 1.247ms
[3.765s][info ][gc,cpu         ] GC(1293) User=0.01s Sys=0.00s Real=0.00s
[3.767s][info ][gc,start       ] GC(1294) Pause Young (Allocation Failure)
[3.767s][info ][gc,task        ] GC(1294) Using 8 workers of 8 for evacuation
[3.769s][debug][gc,age         ] GC(1294) Desired survivor size 1114112 bytes, new threshold 1 (max threshold 6)
[3.769s][info ][gc,heap        ] GC(1294) ParNew: 19080K->1957K(19648K)
[3.769s][info ][gc,heap        ] GC(1294) CMS: 30105K->30496K(43712K)
[3.769s][info ][gc,metaspace   ] GC(1294) Metaspace: 5319K->5319K(1056768K)
[3.769s][info ][gc             ] GC(1294) Pause Young (Allocation Failure) 48M->31M(61M) 2.308ms
[3.769s][info ][gc,cpu         ] GC(1294) User=0.01s Sys=0.00s Real=0.00s
[3.771s][info ][gc,start       ] GC(1295) Pause Young (Allocation Failure)
[3.771s][info ][gc,task        ] GC(1295) Using 8 workers of 8 for evacuation
[3.773s][debug][gc,age         ] GC(1295) Desired survivor size 1114112 bytes, new threshold 1 (max threshold 6)
[3.773s][info ][gc,heap        ] GC(1295) ParNew: 19332K->1564K(19648K)
[3.773s][info ][gc,heap        ] GC(1295) CMS: 30496K->32059K(43712K)
[3.773s][info ][gc,metaspace   ] GC(1295) Metaspace: 5319K->5319K(1056768K)
[3.773s][info ][gc             ] GC(1295) Pause Young (Allocation Failure) 48M->32M(61M) 2.268ms
[3.773s][info ][gc,cpu         ] GC(1295) User=0.00s Sys=0.00s Real=0.00s
[3.775s][info ][gc,start       ] GC(1296) Pause Young (Allocation Failure)
[3.775s][info ][gc,task        ] GC(1296) Using 8 workers of 8 for evacuation
[3.776s][debug][gc,age         ] GC(1296) Desired survivor size 1114112 bytes, new threshold 1 (max threshold 6)
[3.776s][info ][gc,heap        ] GC(1296) ParNew: 18820K->1570K(19648K)
[3.776s][info ][gc,heap        ] GC(1296) CMS: 32059K->32450K(43712K)
[3.776s][info ][gc,metaspace   ] GC(1296) Metaspace: 5319K->5319K(1056768K)
[3.776s][info ][gc             ] GC(1296) Pause Young (Allocation Failure) 49M->33M(61M) 1.647ms
[3.776s][info ][gc,cpu         ] GC(1296) User=0.00s Sys=0.00s Real=0.00s
[3.778s][info ][gc,start       ] GC(1297) Pause Young (Allocation Failure)
[3.778s][info ][gc,task        ] GC(1297) Using 8 workers of 8 for evacuation
[3.779s][debug][gc,age         ] GC(1297) Desired survivor size 1114112 bytes, new threshold 1 (max threshold 6)
[3.779s][info ][gc,heap        ] GC(1297) ParNew: 18785K->1965K(19648K)
[3.779s][info ][gc,heap        ] GC(1297) CMS: 32450K->33232K(43712K)
[3.779s][info ][gc,metaspace   ] GC(1297) Metaspace: 5319K->5319K(1056768K)
[3.779s][info ][gc             ] GC(1297) Pause Young (Allocation Failure) 50M->34M(61M) 1.415ms
[3.779s][info ][gc,cpu         ] GC(1297) User=0.01s Sys=0.00s Real=0.00s
[3.781s][info ][gc,start       ] GC(1298) Pause Young (Allocation Failure)
[3.781s][info ][gc,task        ] GC(1298) Using 8 workers of 8 for evacuation
[3.782s][debug][gc,age         ] GC(1298) Desired survivor size 1114112 bytes, new threshold 1 (max threshold 6)
[3.782s][info ][gc,heap        ] GC(1298) ParNew: 19437K->1568K(19648K)
[3.782s][info ][gc,heap        ] GC(1298) CMS: 33232K->34014K(43712K)
[3.782s][info ][gc,metaspace   ] GC(1298) Metaspace: 5319K->5319K(1056768K)
[3.782s][info ][gc             ] GC(1298) Pause Young (Allocation Failure) 51M->34M(61M) 1.436ms
[3.782s][info ][gc,cpu         ] GC(1298) User=0.00s Sys=0.00s Real=0.00s
[3.784s][info ][gc,start       ] GC(1299) Pause Young (Allocation Failure)
[3.784s][info ][gc,task        ] GC(1299) Using 8 workers of 8 for evacuation
[3.785s][debug][gc,age         ] GC(1299) Desired survivor size 1114112 bytes, new threshold 1 (max threshold 6)
[3.785s][info ][gc,heap        ] GC(1299) ParNew: 18760K->1959K(19648K)
[3.785s][info ][gc,heap        ] GC(1299) CMS: 34014K->35186K(43712K)
[3.785s][info ][gc,metaspace   ] GC(1299) Metaspace: 5319K->5319K(1056768K)
[3.785s][info ][gc             ] GC(1299) Pause Young (Allocation Failure) 51M->36M(61M) 1.458ms
[3.785s][info ][gc,cpu         ] GC(1299) User=0.01s Sys=0.00s Real=0.00s
[3.787s][info ][gc,start       ] GC(1300) Pause Young (Allocation Failure)
[3.787s][info ][gc,task        ] GC(1300) Using 8 workers of 8 for evacuation
[3.787s][debug][gc,age         ] GC(1300) Desired survivor size 1114112 bytes, new threshold 1 (max threshold 6)
[3.787s][info ][gc,heap        ] GC(1300) ParNew: 19133K->1963K(19648K)
[3.787s][info ][gc,heap        ] GC(1300) CMS: 35186K->35967K(43712K)
[3.787s][info ][gc,metaspace   ] GC(1300) Metaspace: 5319K->5319K(1056768K)
[3.787s][info ][gc             ] GC(1300) Pause Young (Allocation Failure) 53M->37M(61M) 0.573ms
[3.787s][info ][gc,cpu         ] GC(1300) User=0.00s Sys=0.00s Real=0.00s
[3.789s][info ][gc,start       ] GC(1301) Pause Young (Allocation Failure)
[3.789s][info ][gc,task        ] GC(1301) Using 8 workers of 8 for evacuation
[3.790s][debug][gc,age         ] GC(1301) Desired survivor size 1114112 bytes, new threshold 1 (max threshold 6)
[3.790s][info ][gc,heap        ] GC(1301) ParNew: 19435K->1576K(19648K)
[3.790s][info ][gc,heap        ] GC(1301) CMS: 35967K->36749K(43712K)
[3.790s][info ][gc,metaspace   ] GC(1301) Metaspace: 5319K->5319K(1056768K)
[3.790s][info ][gc             ] GC(1301) Pause Young (Allocation Failure) 54M->37M(61M) 0.633ms
[3.790s][info ][gc,cpu         ] GC(1301) User=0.00s Sys=0.00s Real=0.00s
[3.792s][info ][gc,start       ] GC(1302) Pause Young (Allocation Failure)
[3.792s][info ][gc,task        ] GC(1302) Using 8 workers of 8 for evacuation
[3.793s][debug][gc,age         ] GC(1302) Desired survivor size 1114112 bytes, new threshold 6 (max threshold 6)
[3.793s][info ][gc,heap        ] GC(1302) ParNew: 18944K->787K(19648K)
[3.793s][info ][gc,heap        ] GC(1302) CMS: 36749K->37141K(43712K)
[3.793s][info ][gc,metaspace   ] GC(1302) Metaspace: 5319K->5319K(1056768K)
[3.793s][info ][gc             ] GC(1302) Pause Young (Allocation Failure) 54M->37M(61M) 1.234ms
[3.793s][info ][gc,cpu         ] GC(1302) User=0.00s Sys=0.00s Real=0.00s
[3.795s][info ][gc,start       ] GC(1303) Pause Young (Allocation Failure)
[3.795s][info ][gc,task        ] GC(1303) Using 8 workers of 8 for evacuation
[3.796s][debug][gc,age         ] GC(1303) Desired survivor size 1114112 bytes, new threshold 1 (max threshold 6)
[3.796s][info ][gc,heap        ] GC(1303) ParNew: 18213K->1177K(19648K)
[3.796s][info ][gc,heap        ] GC(1303) CMS: 37141K->37141K(43712K)
[3.796s][info ][gc,metaspace   ] GC(1303) Metaspace: 5319K->5319K(1056768K)
[3.796s][info ][gc             ] GC(1303) Pause Young (Allocation Failure) 54M->37M(61M) 1.101ms
[3.796s][info ][gc,cpu         ] GC(1303) User=0.00s Sys=0.00s Real=0.00s
[3.798s][info ][gc,start       ] GC(1304) Pause Young (Allocation Failure)
[3.798s][info ][gc,task        ] GC(1304) Using 8 workers of 8 for evacuation
[3.800s][debug][gc,age         ] GC(1304) Desired survivor size 1114112 bytes, new threshold 6 (max threshold 6)
[3.800s][info ][gc,heap        ] GC(1304) ParNew: 18568K->789K(19648K)
[3.800s][info ][gc,heap        ] GC(1304) CMS: 37141K->37532K(43712K)
[3.800s][info ][gc,metaspace   ] GC(1304) Metaspace: 5319K->5319K(1056768K)
[3.800s][info ][gc             ] GC(1304) Pause Young (Allocation Failure) 54M->37M(61M) 1.600ms
[3.800s][info ][gc,cpu         ] GC(1304) User=0.00s Sys=0.00s Real=0.00s
[3.801s][info ][gc,start       ] GC(1305) Pause Young (Allocation Failure)
[3.801s][info ][gc,task        ] GC(1305) Using 8 workers of 8 for evacuation
[3.803s][debug][gc,age         ] GC(1305) Desired survivor size 1114112 bytes, new threshold 1 (max threshold 6)
[3.803s][info ][gc,heap        ] GC(1305) ParNew: 18254K->1175K(19648K)
[3.803s][info ][gc,heap        ] GC(1305) CMS: 37532K->37532K(43712K)
[3.803s][info ][gc,metaspace   ] GC(1305) Metaspace: 5319K->5319K(1056768K)
[3.803s][info ][gc             ] GC(1305) Pause Young (Allocation Failure) 54M->37M(61M) 1.915ms
[3.803s][info ][gc,cpu         ] GC(1305) User=0.01s Sys=0.00s Real=0.00s
[3.805s][info ][gc,start       ] GC(1306) Pause Young (Allocation Failure)
[3.805s][info ][gc,task        ] GC(1306) Using 8 workers of 8 for evacuation
[3.807s][debug][gc,age         ] GC(1306) Desired survivor size 1114112 bytes, new threshold 6 (max threshold 6)
[3.807s][info ][gc,heap        ] GC(1306) ParNew: 18272K->394K(19648K)
[3.807s][info ][gc,heap        ] GC(1306) CMS: 37532K->37923K(43712K)
[3.807s][info ][gc,metaspace   ] GC(1306) Metaspace: 5319K->5319K(1056768K)
[3.807s][info ][gc             ] GC(1306) Pause Young (Allocation Failure) 54M->37M(61M) 1.915ms
[3.807s][info ][gc,cpu         ] GC(1306) User=0.00s Sys=0.00s Real=0.00s
[3.808s][info ][gc,start       ] GC(1307) Pause Young (Allocation Failure)
[3.808s][info ][gc,task        ] GC(1307) Using 8 workers of 8 for evacuation
[3.810s][debug][gc,age         ] GC(1307) Desired survivor size 1114112 bytes, new threshold 1 (max threshold 6)
[3.810s][info ][gc,heap        ] GC(1307) ParNew: 17866K->1568K(19648K)
[3.810s][info ][gc,heap        ] GC(1307) CMS: 37923K->37923K(43712K)
[3.810s][info ][gc,metaspace   ] GC(1307) Metaspace: 5319K->5319K(1056768K)
[3.810s][info ][gc             ] GC(1307) Pause Young (Allocation Failure) 54M->38M(61M) 1.382ms
[3.810s][info ][gc,cpu         ] GC(1307) User=0.01s Sys=0.00s Real=0.00s
[3.811s][info ][gc,start       ] GC(1308) Pause Young (Allocation Failure)
[3.811s][info ][gc,task        ] GC(1308) Using 8 workers of 8 for evacuation
[3.812s][debug][gc,age         ] GC(1308) Desired survivor size 1114112 bytes, new threshold 1 (max threshold 6)
[3.812s][info ][gc,heap        ] GC(1308) ParNew: 19040K->1568K(19648K)
[3.812s][info ][gc,heap        ] GC(1308) CMS: 37923K->37924K(43712K)
[3.812s][info ][gc,metaspace   ] GC(1308) Metaspace: 5319K->5319K(1056768K)
[3.812s][info ][gc             ] GC(1308) Pause Young (Allocation Failure) 55M->38M(61M) 1.179ms
[3.812s][info ][gc,cpu         ] GC(1308) User=0.01s Sys=0.00s Real=0.00s
[3.814s][info ][gc,start       ] GC(1309) Pause Young (Allocation Failure)
[3.814s][info ][gc,task        ] GC(1309) Using 8 workers of 8 for evacuation
[3.815s][debug][gc,age         ] GC(1309) Desired survivor size 1114112 bytes, new threshold 1 (max threshold 6)
[3.815s][info ][gc,heap        ] GC(1309) ParNew: 18665K->1184K(19648K)
[3.815s][info ][gc,heap        ] GC(1309) CMS: 37924K->38315K(43712K)
[3.815s][info ][gc,metaspace   ] GC(1309) Metaspace: 5319K->5319K(1056768K)
[3.815s][info ][gc             ] GC(1309) Pause Young (Allocation Failure) 55M->38M(61M) 1.168ms
[3.815s][info ][gc,cpu         ] GC(1309) User=0.01s Sys=0.00s Real=0.00s
[3.817s][info ][gc,start       ] GC(1310) Pause Young (Allocation Failure)
[3.817s][info ][gc,task        ] GC(1310) Using 8 workers of 8 for evacuation
[3.818s][debug][gc,age         ] GC(1310) Desired survivor size 1114112 bytes, new threshold 1 (max threshold 6)
[3.818s][info ][gc,heap        ] GC(1310) ParNew: 18648K->1179K(19648K)
[3.818s][info ][gc,heap        ] GC(1310) CMS: 38315K->38315K(43712K)
[3.818s][info ][gc,metaspace   ] GC(1310) Metaspace: 5319K->5319K(1056768K)
[3.818s][info ][gc             ] GC(1310) Pause Young (Allocation Failure) 55M->38M(61M) 0.706ms
[3.818s][info ][gc,cpu         ] GC(1310) User=0.00s Sys=0.00s Real=0.00s
[3.819s][info ][gc,start       ] GC(1311) Pause Young (Allocation Failure)
[3.820s][info ][gc,task        ] GC(1311) Using 8 workers of 8 for evacuation
[3.820s][debug][gc,age         ] GC(1311) Desired survivor size 1114112 bytes, new threshold 6 (max threshold 6)
[3.820s][info ][gc,heap        ] GC(1311) ParNew: 18651K->398K(19648K)
[3.820s][info ][gc,heap        ] GC(1311) CMS: 38315K->39097K(43712K)
[3.820s][info ][gc,metaspace   ] GC(1311) Metaspace: 5319K->5319K(1056768K)
[3.820s][info ][gc             ] GC(1311) Pause Young (Allocation Failure) 55M->38M(61M) 0.958ms
[3.820s][info ][gc,cpu         ] GC(1311) User=0.00s Sys=0.00s Real=0.00s
[3.822s][info ][gc,start       ] GC(1312) Pause Young (Allocation Failure)
[3.822s][info ][gc,task        ] GC(1312) Using 8 workers of 8 for evacuation
[3.824s][debug][gc,age         ] GC(1312) Desired survivor size 1114112 bytes, new threshold 1 (max threshold 6)
[3.824s][info ][gc,heap        ] GC(1312) ParNew: 17806K->1965K(19648K)
[3.824s][info ][gc,heap        ] GC(1312) CMS: 39097K->39488K(43712K)
[3.824s][info ][gc,metaspace   ] GC(1312) Metaspace: 5319K->5319K(1056768K)
[3.824s][info ][gc             ] GC(1312) Pause Young (Allocation Failure) 55M->40M(61M) 1.927ms
[3.824s][info ][gc,cpu         ] GC(1312) User=0.01s Sys=0.00s Real=0.01s
[3.826s][info ][gc,start       ] GC(1313) Pause Young (Allocation Failure)
[3.826s][info ][gc,task        ] GC(1313) Using 8 workers of 8 for evacuation
[3.827s][debug][gc,age         ] GC(1313) Desired survivor size 1114112 bytes, new threshold 1 (max threshold 6)
[3.827s][info ][gc,heap        ] GC(1313) ParNew: 19277K->1568K(19648K)
[3.827s][info ][gc,heap        ] GC(1313) CMS: 39488K->39879K(43712K)
[3.827s][info ][gc,metaspace   ] GC(1313) Metaspace: 5319K->5319K(1056768K)
[3.827s][info ][gc             ] GC(1313) Pause Young (Allocation Failure) 57M->40M(61M) 1.338ms
[3.827s][info ][gc,cpu         ] GC(1313) User=0.01s Sys=0.00s Real=0.00s
[3.828s][info ][gc,start       ] GC(1314) Pause Young (Allocation Failure)
[3.828s][info ][gc,task        ] GC(1314) Using 8 workers of 8 for evacuation
[3.829s][debug][gc,age         ] GC(1314) Desired survivor size 1114112 bytes, new threshold 1 (max threshold 6)
[3.829s][info ][gc,heap        ] GC(1314) ParNew: 19040K->1177K(19648K)
[3.829s][info ][gc,heap        ] GC(1314) CMS: 39879K->40271K(43712K)
[3.829s][info ][gc,metaspace   ] GC(1314) Metaspace: 5319K->5319K(1056768K)
[3.829s][info ][gc             ] GC(1314) Pause Young (Allocation Failure) 57M->40M(61M) 1.200ms
[3.830s][info ][gc,cpu         ] GC(1314) User=0.00s Sys=0.00s Real=0.00s
[3.832s][info ][gc,start       ] GC(1315) Pause Young (Allocation Failure)
[3.832s][info ][gc,task        ] GC(1315) Using 8 workers of 8 for evacuation
[3.834s][debug][gc,age         ] GC(1315) Desired survivor size 1114112 bytes, new threshold 1 (max threshold 6)
[3.834s][info ][gc,heap        ] GC(1315) ParNew: 18611K->1566K(19648K)
[3.834s][info ][gc,heap        ] GC(1315) CMS: 40271K->41053K(43712K)
[3.834s][info ][gc,metaspace   ] GC(1315) Metaspace: 5319K->5319K(1056768K)
[3.834s][info ][gc             ] GC(1315) Pause Young (Allocation Failure) 57M->41M(61M) 2.206ms
[3.834s][info ][gc,cpu         ] GC(1315) User=0.00s Sys=0.00s Real=0.01s
[3.835s][info ][gc,start       ] GC(1316) Pause Young (Allocation Failure)
[3.835s][info ][gc,task        ] GC(1316) Using 8 workers of 8 for evacuation
[3.837s][debug][gc,age         ] GC(1316) Desired survivor size 1114112 bytes, new threshold 1 (max threshold 6)
[3.837s][info ][gc,heap        ] GC(1316) ParNew: 18648K->1957K(19648K)
[3.837s][info ][gc,heap        ] GC(1316) CMS: 41053K->41444K(43712K)
[3.837s][info ][gc,metaspace   ] GC(1316) Metaspace: 5319K->5319K(1056768K)
[3.837s][info ][gc             ] GC(1316) Pause Young (Allocation Failure) 58M->42M(61M) 1.524ms
[3.837s][info ][gc,cpu         ] GC(1316) User=0.00s Sys=0.00s Real=0.00s
[3.838s][info ][gc,start       ] GC(1317) Pause Young (Allocation Failure)
[3.838s][info ][gc,task        ] GC(1317) Using 8 workers of 8 for evacuation
[3.840s][debug][gc,age         ] GC(1317) Desired survivor size 1114112 bytes, new threshold 1 (max threshold 6)
[3.840s][info ][gc,heap        ] GC(1317) ParNew: 19264K->1957K(19648K)
[3.840s][info ][gc,heap        ] GC(1317) CMS: 41444K->41835K(43712K)
[3.840s][info ][gc,metaspace   ] GC(1317) Metaspace: 5319K->5319K(1056768K)
[3.840s][info ][gc             ] GC(1317) Pause Young (Allocation Failure) 59M->42M(61M) 1.379ms
[3.840s][info ][gc,cpu         ] GC(1317) User=0.00s Sys=0.00s Real=0.00s
[3.841s][info ][gc,start       ] GC(1318) Pause Young (Allocation Failure)
[3.841s][info ][gc,task        ] GC(1318) Using 8 workers of 8 for evacuation
[3.843s][debug][gc,age         ] GC(1318) Desired survivor size 1114112 bytes, new threshold 6 (max threshold 6)
[3.843s][info ][gc,heap        ] GC(1318) ParNew: 19354K->787K(19648K)
[3.843s][info ][gc,heap        ] GC(1318) CMS: 41835K->42227K(43712K)
[3.843s][info ][gc,metaspace   ] GC(1318) Metaspace: 5319K->5319K(1056768K)
[3.843s][info ][gc             ] GC(1318) Pause Young (Allocation Failure) 59M->42M(61M) 1.783ms
[3.843s][info ][gc,cpu         ] GC(1318) User=0.00s Sys=0.00s Real=0.00s
[3.844s][info ][gc,start       ] GC(1319) Pause Young (Allocation Failure)
[3.845s][info ][gc,task        ] GC(1319) Using 8 workers of 8 for evacuation
[3.846s][debug][gc,age         ] GC(1319) Desired survivor size 1114112 bytes, new threshold 1 (max threshold 6)
[3.846s][info ][gc,heap        ] GC(1319) ParNew: 18188K->1572K(19648K)
[3.846s][info ][gc,heap        ] GC(1319) CMS: 42227K->42227K(43712K)
[3.846s][info ][gc,metaspace   ] GC(1319) Metaspace: 5319K->5319K(1056768K)
[3.846s][info ][gc             ] GC(1319) Pause Young (Allocation Failure) 59M->42M(61M) 1.271ms
[3.846s][info ][gc,cpu         ] GC(1319) User=0.00s Sys=0.00s Real=0.00s
[3.847s][info ][gc,start       ] GC(1320) Pause Young (Allocation Failure)
[3.847s][info ][gc,task        ] GC(1320) Using 8 workers of 8 for evacuation
[3.848s][debug][gc,age         ] GC(1320) Desired survivor size 1114112 bytes, new threshold 6 (max threshold 6)
[3.848s][info ][gc,heap        ] GC(1320) ParNew: 19020K->787K(19648K)
[3.848s][info ][gc,heap        ] GC(1320) CMS: 42227K->42618K(43712K)
[3.848s][info ][gc,metaspace   ] GC(1320) Metaspace: 5319K->5319K(1056768K)
[3.848s][info ][gc             ] GC(1320) Pause Young (Allocation Failure) 59M->42M(61M) 1.177ms
[3.848s][info ][gc,cpu         ] GC(1320) User=0.00s Sys=0.00s Real=0.00s
[3.850s][info ][gc,start       ] GC(1321) Pause Young (Allocation Failure)
[3.850s][info ][gc,task        ] GC(1321) Using 8 workers of 8 for evacuation
[3.851s][debug][gc,age         ] GC(1321) Desired survivor size 1114112 bytes, new threshold 1 (max threshold 6)
[3.851s][info ][gc,heap        ] GC(1321) ParNew: 18158K->1959K(19648K)
[3.851s][info ][gc,heap        ] GC(1321) CMS: 42618K->43400K(43712K)
[3.851s][info ][gc,metaspace   ] GC(1321) Metaspace: 5319K->5319K(1056768K)
[3.851s][info ][gc             ] GC(1321) Pause Young (Allocation Failure) 59M->44M(61M) 1.304ms
[3.851s][info ][gc,cpu         ] GC(1321) User=0.00s Sys=0.00s Real=0.00s
[3.851s][info ][gc             ] GC(1262) Concurrent Abortable Preclean 195.312ms
[3.851s][info ][gc,cpu         ] GC(1262) User=0.64s Sys=0.03s Real=0.19s
[3.851s][info ][gc,start       ] GC(1262) Pause Remark
[3.852s][debug][gc,phases      ] GC(1262) Rescan (parallel) 0.833ms
[3.852s][debug][gc,phases      ] GC(1262) Reference Processing 0.011ms
[3.852s][debug][gc,phases      ] GC(1262) Weak Processing 0.004ms
[3.852s][debug][gc,phases      ] GC(1262) ClassLoaderData 0.008ms
[3.852s][debug][gc,phases      ] GC(1262) ProtectionDomainCacheTable 0.002ms
[3.852s][debug][gc,phases      ] GC(1262) ResolvedMethodTable 0.006ms
[3.852s][debug][gc,phases      ] GC(1262) Class Unloading 0.164ms
[3.853s][debug][gc,phases      ] GC(1262) Scrub Symbol Table 0.458ms
[3.853s][debug][gc,phases      ] GC(1262) Scrub String Table 0.021ms
[3.853s][info ][gc             ] GC(1262) Pause Remark 45M->45M(61M) 1.582ms
[3.853s][info ][gc,cpu         ] GC(1262) User=0.00s Sys=0.00s Real=0.00s
[3.853s][info ][gc             ] GC(1262) Concurrent Sweep
[3.853s][info ][gc             ] GC(1262) Concurrent Sweep 0.447ms
[3.853s][info ][gc,cpu         ] GC(1262) User=0.00s Sys=0.00s Real=0.00s
[3.853s][info ][gc             ] GC(1262) Concurrent Reset
[3.854s][info ][gc             ] GC(1262) Concurrent Reset 0.036ms
[3.854s][info ][gc,cpu         ] GC(1262) User=0.00s Sys=0.00s Real=0.00s
[3.854s][info ][gc,heap        ] GC(1262) Old: 11332K->34407K(43712K)
[3.855s][info ][gc,start       ] GC(1322) Pause Young (Allocation Failure)
[3.855s][info ][gc,task        ] GC(1322) Using 8 workers of 8 for evacuation
[3.856s][debug][gc,age         ] GC(1322) Desired survivor size 1114112 bytes, new threshold 1 (max threshold 6)
[3.856s][info ][gc,heap        ] GC(1322) ParNew: 19431K->1959K(19648K)
[3.856s][info ][gc,heap        ] GC(1322) CMS: 34407K->35190K(43712K)
[3.856s][info ][gc,metaspace   ] GC(1322) Metaspace: 5319K->5319K(1056768K)
[3.856s][info ][gc             ] GC(1322) Pause Young (Allocation Failure) 52M->36M(61M) 1.248ms
[3.856s][info ][gc,cpu         ] GC(1322) User=0.00s Sys=0.00s Real=0.00s
[3.856s][info ][gc,start       ] GC(1323) Pause Initial Mark
[3.856s][info ][gc             ] GC(1323) Pause Initial Mark 37M->37M(61M) 0.111ms
[3.856s][info ][gc,cpu         ] GC(1323) User=0.00s Sys=0.00s Real=0.00s
[3.856s][info ][gc             ] GC(1323) Concurrent Mark
[3.856s][info ][gc,task        ] GC(1323) Using 2 workers of 2 for marking
[3.858s][info ][gc,start       ] GC(1324) Pause Young (Allocation Failure)
[3.858s][info ][gc,task        ] GC(1324) Using 8 workers of 8 for evacuation
[3.859s][debug][gc,age         ] GC(1324) Desired survivor size 1114112 bytes, new threshold 1 (max threshold 6)
[3.859s][info ][gc,heap        ] GC(1324) ParNew: 19242K->1959K(19648K)
[3.859s][info ][gc,heap        ] GC(1324) CMS: 35190K->35190K(43712K)
[3.859s][info ][gc,metaspace   ] GC(1324) Metaspace: 5319K->5319K(1056768K)
[3.859s][info ][gc             ] GC(1324) Pause Young (Allocation Failure) 53M->36M(61M) 1.396ms
[3.859s][info ][gc,cpu         ] GC(1324) User=0.00s Sys=0.00s Real=0.00s
[3.860s][info ][gc             ] GC(1323) Concurrent Mark 3.592ms
[3.860s][info ][gc,cpu         ] GC(1323) User=0.02s Sys=0.00s Real=0.00s
[3.860s][info ][gc             ] GC(1323) Concurrent Preclean
[3.860s][info ][gc             ] GC(1323) Concurrent Preclean 0.112ms
[3.860s][info ][gc,cpu         ] GC(1323) User=0.00s Sys=0.00s Real=0.00s
[3.860s][info ][gc             ] GC(1323) Concurrent Abortable Preclean
[3.861s][info ][gc,start       ] GC(1325) Pause Young (Allocation Failure)
[3.861s][info ][gc,task        ] GC(1325) Using 8 workers of 8 for evacuation
[3.863s][debug][gc,age         ] GC(1325) Desired survivor size 1114112 bytes, new threshold 1 (max threshold 6)
[3.863s][info ][gc,heap        ] GC(1325) ParNew: 19356K->1175K(19648K)
[3.863s][info ][gc,heap        ] GC(1325) CMS: 35190K->36363K(43712K)
[3.863s][info ][gc,metaspace   ] GC(1325) Metaspace: 5319K->5319K(1056768K)
[3.863s][info ][gc             ] GC(1325) Pause Young (Allocation Failure) 53M->36M(61M) 2.083ms
[3.863s][info ][gc,cpu         ] GC(1325) User=0.01s Sys=0.00s Real=0.00s
[3.865s][info ][gc,start       ] GC(1326) Pause Young (Allocation Failure)
[3.865s][info ][gc,task        ] GC(1326) Using 8 workers of 8 for evacuation
[3.866s][debug][gc,age         ] GC(1326) Desired survivor size 1114112 bytes, new threshold 6 (max threshold 6)
[3.866s][info ][gc,heap        ] GC(1326) ParNew: 18647K->787K(19648K)
[3.866s][info ][gc,heap        ] GC(1326) CMS: 36363K->36363K(43712K)
[3.866s][info ][gc,metaspace   ] GC(1326) Metaspace: 5319K->5319K(1056768K)
[3.866s][info ][gc             ] GC(1326) Pause Young (Allocation Failure) 53M->36M(61M) 1.242ms
[3.866s][info ][gc,cpu         ] GC(1326) User=0.00s Sys=0.00s Real=0.00s
[3.867s][info ][gc,start       ] GC(1327) Pause Young (Allocation Failure)
[3.867s][info ][gc,task        ] GC(1327) Using 8 workers of 8 for evacuation
[3.869s][debug][gc,age         ] GC(1327) Desired survivor size 1114112 bytes, new threshold 1 (max threshold 6)
[3.869s][info ][gc,heap        ] GC(1327) ParNew: 18219K->1957K(19648K)
[3.869s][info ][gc,heap        ] GC(1327) CMS: 36363K->36363K(43712K)
[3.869s][info ][gc,metaspace   ] GC(1327) Metaspace: 5319K->5319K(1056768K)
[3.869s][info ][gc             ] GC(1327) Pause Young (Allocation Failure) 53M->37M(61M) 2.129ms
[3.869s][info ][gc,cpu         ] GC(1327) User=0.00s Sys=0.00s Real=0.00s
[3.871s][info ][gc,start       ] GC(1328) Pause Young (Allocation Failure)
[3.871s][info ][gc,task        ] GC(1328) Using 8 workers of 8 for evacuation
[3.873s][debug][gc,age         ] GC(1328) Desired survivor size 1114112 bytes, new threshold 1 (max threshold 6)
[3.873s][info ][gc,heap        ] GC(1328) ParNew: 19291K->1957K(19648K)
[3.873s][info ][gc,heap        ] GC(1328) CMS: 36363K->36363K(43712K)
[3.873s][info ][gc,metaspace   ] GC(1328) Metaspace: 5319K->5319K(1056768K)
[3.873s][info ][gc             ] GC(1328) Pause Young (Allocation Failure) 54M->37M(61M) 2.107ms
[3.873s][info ][gc,cpu         ] GC(1328) User=0.01s Sys=0.00s Real=0.00s
[3.875s][info ][gc,start       ] GC(1329) Pause Young (Allocation Failure)
[3.875s][info ][gc,task        ] GC(1329) Using 8 workers of 8 for evacuation
[3.876s][debug][gc,age         ] GC(1329) Desired survivor size 1114112 bytes, new threshold 6 (max threshold 6)
[3.876s][info ][gc,heap        ] GC(1329) ParNew: 19282K->787K(19648K)
[3.876s][info ][gc,heap        ] GC(1329) CMS: 36363K->37927K(43712K)
[3.876s][info ][gc,metaspace   ] GC(1329) Metaspace: 5319K->5319K(1056768K)
[3.876s][info ][gc             ] GC(1329) Pause Young (Allocation Failure) 54M->37M(61M) 1.432ms
[3.876s][info ][gc,cpu         ] GC(1329) User=0.00s Sys=0.00s Real=0.00s
[3.877s][info ][gc,start       ] GC(1330) Pause Young (Allocation Failure)
[3.877s][info ][gc,task        ] GC(1330) Using 8 workers of 8 for evacuation
[3.879s][debug][gc,age         ] GC(1330) Desired survivor size 1114112 bytes, new threshold 2 (max threshold 6)
[3.879s][info ][gc,heap        ] GC(1330) ParNew: 18125K->1568K(19648K)
[3.879s][info ][gc,heap        ] GC(1330) CMS: 37927K->37927K(43712K)
[3.879s][info ][gc,metaspace   ] GC(1330) Metaspace: 5319K->5319K(1056768K)
[3.879s][info ][gc             ] GC(1330) Pause Young (Allocation Failure) 54M->38M(61M) 1.398ms
[3.879s][info ][gc,cpu         ] GC(1330) User=0.01s Sys=0.00s Real=0.00s
[3.880s][info ][gc,start       ] GC(1331) Pause Young (Allocation Failure)
[3.880s][info ][gc,task        ] GC(1331) Using 8 workers of 8 for evacuation
[3.881s][debug][gc,age         ] GC(1331) Desired survivor size 1114112 bytes, new threshold 1 (max threshold 6)
[3.882s][info ][gc,heap        ] GC(1331) ParNew: 18836K->1959K(19648K)
[3.882s][info ][gc,heap        ] GC(1331) CMS: 37927K->39099K(43712K)
[3.882s][info ][gc,metaspace   ] GC(1331) Metaspace: 5319K->5319K(1056768K)
[3.882s][info ][gc             ] GC(1331) Pause Young (Allocation Failure) 55M->40M(61M) 1.303ms
[3.882s][info ][gc,cpu         ] GC(1331) User=0.01s Sys=0.00s Real=0.00s
[3.883s][info ][gc,start       ] GC(1332) Pause Young (Allocation Failure)
[3.883s][info ][gc,task        ] GC(1332) Using 8 workers of 8 for evacuation
[3.884s][debug][gc,age         ] GC(1332) Desired survivor size 1114112 bytes, new threshold 1 (max threshold 6)
[3.884s][info ][gc,heap        ] GC(1332) ParNew: 19181K->1959K(19648K)
[3.884s][info ][gc,heap        ] GC(1332) CMS: 39099K->39490K(43712K)
[3.884s][info ][gc,metaspace   ] GC(1332) Metaspace: 5319K->5319K(1056768K)
[3.884s][info ][gc             ] GC(1332) Pause Young (Allocation Failure) 56M->40M(61M) 1.343ms
[3.884s][info ][gc,cpu         ] GC(1332) User=0.01s Sys=0.00s Real=0.01s
[3.886s][info ][gc,start       ] GC(1333) Pause Young (Allocation Failure)
[3.886s][info ][gc,task        ] GC(1333) Using 8 workers of 8 for evacuation
[3.886s][debug][gc,age         ] GC(1333) Desired survivor size 1114112 bytes, new threshold 1 (max threshold 6)
[3.886s][info ][gc,heap        ] GC(1333) ParNew: 19333K->1570K(19648K)
[3.886s][info ][gc,heap        ] GC(1333) CMS: 39490K->40663K(43712K)
[3.886s][info ][gc,metaspace   ] GC(1333) Metaspace: 5319K->5319K(1056768K)
[3.886s][info ][gc             ] GC(1333) Pause Young (Allocation Failure) 57M->41M(61M) 0.841ms
[3.886s][info ][gc,cpu         ] GC(1333) User=0.00s Sys=0.00s Real=0.00s
[3.888s][info ][gc,start       ] GC(1334) Pause Young (Allocation Failure)
[3.888s][info ][gc,task        ] GC(1334) Using 8 workers of 8 for evacuation
[3.889s][debug][gc,age         ] GC(1334) Desired survivor size 1114112 bytes, new threshold 6 (max threshold 6)
[3.889s][info ][gc,heap        ] GC(1334) ParNew: 18983K->787K(19648K)
[3.889s][info ][gc,heap        ] GC(1334) CMS: 40663K->41836K(43712K)
[3.889s][info ][gc,metaspace   ] GC(1334) Metaspace: 5319K->5319K(1056768K)
[3.889s][info ][gc             ] GC(1334) Pause Young (Allocation Failure) 58M->41M(61M) 1.242ms
[3.889s][info ][gc,cpu         ] GC(1334) User=0.00s Sys=0.00s Real=0.00s
[3.891s][info ][gc,start       ] GC(1335) Pause Young (Allocation Failure)
[3.891s][info ][gc,task        ] GC(1335) Using 8 workers of 8 for evacuation
[3.892s][debug][gc,age         ] GC(1335) Desired survivor size 1114112 bytes, new threshold 1 (max threshold 6)
[3.892s][info ][gc,heap        ] GC(1335) ParNew: 18259K->1568K(19648K)
[3.892s][info ][gc,heap        ] GC(1335) CMS: 41836K->41836K(43712K)
[3.892s][info ][gc,metaspace   ] GC(1335) Metaspace: 5319K->5319K(1056768K)
[3.892s][info ][gc             ] GC(1335) Pause Young (Allocation Failure) 58M->42M(61M) 1.125ms
[3.892s][info ][gc,cpu         ] GC(1335) User=0.00s Sys=0.00s Real=0.00s
[3.894s][info ][gc,start       ] GC(1336) Pause Young (Allocation Failure)
[3.894s][info ][gc,task        ] GC(1336) Using 8 workers of 8 for evacuation
[3.895s][debug][gc,age         ] GC(1336) Desired survivor size 1114112 bytes, new threshold 1 (max threshold 6)
[3.895s][info ][gc,heap        ] GC(1336) ParNew: 18867K->1566K(19648K)
[3.895s][info ][gc,heap        ] GC(1336) CMS: 41836K->41836K(43712K)
[3.895s][info ][gc,metaspace   ] GC(1336) Metaspace: 5319K->5319K(1056768K)
[3.895s][info ][gc             ] GC(1336) Pause Young (Allocation Failure) 59M->42M(61M) 1.714ms
[3.895s][info ][gc,cpu         ] GC(1336) User=0.00s Sys=0.00s Real=0.00s
[3.897s][info ][gc,start       ] GC(1337) Pause Young (Allocation Failure)
[3.897s][info ][gc,task        ] GC(1337) Using 8 workers of 8 for evacuation
[3.898s][debug][gc,age         ] GC(1337) Desired survivor size 1114112 bytes, new threshold 6 (max threshold 6)
[3.899s][info ][gc,heap        ] GC(1337) ParNew: 18968K->783K(19648K)
[3.899s][info ][gc,heap        ] GC(1337) CMS: 41836K->42619K(43712K)
[3.899s][info ][gc,metaspace   ] GC(1337) Metaspace: 5319K->5319K(1056768K)
[3.899s][info ][gc             ] GC(1337) Pause Young (Allocation Failure) 59M->42M(61M) 1.639ms
[3.899s][info ][gc,cpu         ] GC(1337) User=0.00s Sys=0.00s Real=0.00s
[3.899s][info ][gc             ] GC(1323) Concurrent Abortable Preclean 38.446ms
[3.899s][info ][gc,cpu         ] GC(1323) User=0.12s Sys=0.00s Real=0.04s
[3.899s][info ][gc,start       ] GC(1323) Pause Remark
[3.900s][debug][gc,phases      ] GC(1323) Rescan (parallel) 1.548ms
[3.900s][debug][gc,phases      ] GC(1323) Reference Processing 0.013ms
[3.900s][debug][gc,phases      ] GC(1323) Weak Processing 0.004ms
[3.900s][debug][gc,phases      ] GC(1323) ClassLoaderData 0.010ms
[3.900s][debug][gc,phases      ] GC(1323) ProtectionDomainCacheTable 0.002ms
[3.901s][debug][gc,phases      ] GC(1323) ResolvedMethodTable 0.006ms
[3.901s][debug][gc,phases      ] GC(1323) Class Unloading 0.163ms
[3.901s][debug][gc,phases      ] GC(1323) Scrub Symbol Table 0.483ms
[3.901s][debug][gc,phases      ] GC(1323) Scrub String Table 0.022ms
[3.901s][info ][gc             ] GC(1323) Pause Remark 43M->43M(61M) 2.332ms
[3.901s][info ][gc,cpu         ] GC(1323) User=0.01s Sys=0.01s Real=0.00s
[3.901s][info ][gc             ] GC(1323) Concurrent Sweep
[3.902s][info ][gc             ] GC(1323) Concurrent Sweep 0.575ms
[3.902s][info ][gc,cpu         ] GC(1323) User=0.00s Sys=0.00s Real=0.00s
[3.902s][info ][gc             ] GC(1323) Concurrent Reset
[3.902s][info ][gc             ] GC(1323) Concurrent Reset 0.066ms
[3.902s][info ][gc,cpu         ] GC(1323) User=0.00s Sys=0.00s Real=0.00s
[3.902s][info ][gc,heap        ] GC(1323) Old: 35190K->9384K(43712K)
[3.903s][info ][gc,start       ] GC(1338) Pause Young (Allocation Failure)
[3.903s][info ][gc,task        ] GC(1338) Using 8 workers of 8 for evacuation
[3.905s][debug][gc,age         ] GC(1338) Desired survivor size 1114112 bytes, new threshold 2 (max threshold 6)
[3.905s][info ][gc,heap        ] GC(1338) ParNew: 17875K->1566K(19648K)
[3.905s][info ][gc,heap        ] GC(1338) CMS: 9384K->9384K(43712K)
[3.905s][info ][gc,metaspace   ] GC(1338) Metaspace: 5319K->5319K(1056768K)
[3.905s][info ][gc             ] GC(1338) Pause Young (Allocation Failure) 26M->10M(61M) 1.793ms
[3.905s][info ][gc,cpu         ] GC(1338) User=0.01s Sys=0.00s Real=0.01s
[3.906s][info ][gc,start       ] GC(1339) Pause Young (Allocation Failure)
[3.906s][info ][gc,task        ] GC(1339) Using 8 workers of 8 for evacuation
[3.907s][debug][gc,age         ] GC(1339) Desired survivor size 1114112 bytes, new threshold 1 (max threshold 6)
[3.908s][info ][gc,heap        ] GC(1339) ParNew: 19038K->1959K(19648K)
[3.908s][info ][gc,heap        ] GC(1339) CMS: 9384K->10556K(43712K)
[3.908s][info ][gc,metaspace   ] GC(1339) Metaspace: 5319K->5319K(1056768K)
[3.908s][info ][gc             ] GC(1339) Pause Young (Allocation Failure) 27M->12M(61M) 1.262ms
[3.908s][info ][gc,cpu         ] GC(1339) User=0.00s Sys=0.00s Real=0.00s
[3.909s][info ][gc,start       ] GC(1340) Pause Young (Allocation Failure)
[3.909s][info ][gc,task        ] GC(1340) Using 8 workers of 8 for evacuation
[3.910s][debug][gc,age         ] GC(1340) Desired survivor size 1114112 bytes, new threshold 1 (max threshold 6)
[3.910s][info ][gc,heap        ] GC(1340) ParNew: 19263K->1967K(19648K)
[3.910s][info ][gc,heap        ] GC(1340) CMS: 10556K->10947K(43712K)
[3.910s][info ][gc,metaspace   ] GC(1340) Metaspace: 5319K->5319K(1056768K)
[3.910s][info ][gc             ] GC(1340) Pause Young (Allocation Failure) 29M->12M(61M) 1.237ms
[3.910s][info ][gc,cpu         ] GC(1340) User=0.01s Sys=0.00s Real=0.00s
[3.912s][info ][gc,start       ] GC(1341) Pause Young (Allocation Failure)
[3.912s][info ][gc,task        ] GC(1341) Using 8 workers of 8 for evacuation
[3.913s][debug][gc,age         ] GC(1341) Desired survivor size 1114112 bytes, new threshold 1 (max threshold 6)
[3.913s][info ][gc,heap        ] GC(1341) ParNew: 19419K->1570K(19648K)
[3.913s][info ][gc,heap        ] GC(1341) CMS: 10947K->11730K(43712K)
[3.913s][info ][gc,metaspace   ] GC(1341) Metaspace: 5319K->5319K(1056768K)
[3.913s][info ][gc             ] GC(1341) Pause Young (Allocation Failure) 29M->12M(61M) 0.759ms
[3.913s][info ][gc,cpu         ] GC(1341) User=0.01s Sys=0.00s Real=0.00s
[3.914s][info ][gc,start       ] GC(1342) Pause Young (Allocation Failure)
[3.914s][info ][gc,task        ] GC(1342) Using 8 workers of 8 for evacuation
[3.915s][debug][gc,age         ] GC(1342) Desired survivor size 1114112 bytes, new threshold 1 (max threshold 6)
[3.915s][info ][gc,heap        ] GC(1342) ParNew: 19042K->1572K(19648K)
[3.915s][info ][gc,heap        ] GC(1342) CMS: 11730K->12511K(43712K)
[3.915s][info ][gc,metaspace   ] GC(1342) Metaspace: 5319K->5319K(1056768K)
[3.915s][info ][gc             ] GC(1342) Pause Young (Allocation Failure) 30M->13M(61M) 0.541ms
[3.915s][info ][gc,cpu         ] GC(1342) User=0.00s Sys=0.00s Real=0.00s
[3.916s][info ][gc,start       ] GC(1343) Pause Young (Allocation Failure)
[3.916s][info ][gc,task        ] GC(1343) Using 8 workers of 8 for evacuation
[3.917s][debug][gc,age         ] GC(1343) Desired survivor size 1114112 bytes, new threshold 6 (max threshold 6)
[3.917s][info ][gc,heap        ] GC(1343) ParNew: 18983K->789K(19648K)
[3.917s][info ][gc,heap        ] GC(1343) CMS: 12511K->13294K(43712K)
[3.917s][info ][gc,metaspace   ] GC(1343) Metaspace: 5319K->5319K(1056768K)
[3.917s][info ][gc             ] GC(1343) Pause Young (Allocation Failure) 30M->13M(61M) 1.120ms
[3.918s][info ][gc,cpu         ] GC(1343) User=0.00s Sys=0.00s Real=0.00s
[3.918s][info ][gc,start       ] GC(1344) Pause Initial Mark
[3.918s][info ][gc             ] GC(1344) Pause Initial Mark 17M->17M(61M) 0.127ms
[3.918s][info ][gc,cpu         ] GC(1344) User=0.00s Sys=0.00s Real=0.00s
[3.918s][info ][gc             ] GC(1344) Concurrent Mark
[3.918s][info ][gc,task        ] GC(1344) Using 2 workers of 2 for marking
[3.919s][info ][gc,start       ] GC(1345) Pause Young (Allocation Failure)
[3.919s][info ][gc,task        ] GC(1345) Using 8 workers of 8 for evacuation
[3.920s][debug][gc,age         ] GC(1345) Desired survivor size 1114112 bytes, new threshold 1 (max threshold 6)
[3.920s][info ][gc,heap        ] GC(1345) ParNew: 18097K->1568K(19648K)
[3.920s][info ][gc,heap        ] GC(1345) CMS: 13294K->13294K(43712K)
[3.920s][info ][gc,metaspace   ] GC(1345) Metaspace: 5319K->5319K(1056768K)
[3.920s][info ][gc             ] GC(1345) Pause Young (Allocation Failure) 30M->14M(61M) 1.144ms
[3.920s][info ][gc,cpu         ] GC(1345) User=0.00s Sys=0.00s Real=0.00s
[3.922s][info ][gc             ] GC(1344) Concurrent Mark 3.264ms
[3.922s][info ][gc,cpu         ] GC(1344) User=0.01s Sys=0.00s Real=0.00s
[3.922s][info ][gc             ] GC(1344) Concurrent Preclean
[3.922s][info ][gc             ] GC(1344) Concurrent Preclean 0.222ms
[3.922s][info ][gc,cpu         ] GC(1344) User=0.00s Sys=0.00s Real=0.00s
[3.922s][info ][gc             ] GC(1344) Concurrent Abortable Preclean
[3.922s][info ][gc,start       ] GC(1346) Pause Young (Allocation Failure)
[3.922s][info ][gc,task        ] GC(1346) Using 8 workers of 8 for evacuation
[3.923s][debug][gc,age         ] GC(1346) Desired survivor size 1114112 bytes, new threshold 6 (max threshold 6)
[3.923s][info ][gc,heap        ] GC(1346) ParNew: 18750K->787K(19648K)
[3.923s][info ][gc,heap        ] GC(1346) CMS: 13294K->13685K(43712K)
[3.923s][info ][gc,metaspace   ] GC(1346) Metaspace: 5319K->5319K(1056768K)
[3.923s][info ][gc             ] GC(1346) Pause Young (Allocation Failure) 31M->14M(61M) 1.092ms
[3.923s][info ][gc,cpu         ] GC(1346) User=0.01s Sys=0.00s Real=0.00s
[3.925s][info ][gc,start       ] GC(1347) Pause Young (Allocation Failure)
[3.925s][info ][gc,task        ] GC(1347) Using 8 workers of 8 for evacuation
[3.926s][debug][gc,age         ] GC(1347) Desired survivor size 1114112 bytes, new threshold 1 (max threshold 6)
[3.926s][info ][gc,heap        ] GC(1347) ParNew: 18223K->1175K(19648K)
[3.926s][info ][gc,heap        ] GC(1347) CMS: 13685K->13685K(43712K)
[3.926s][info ][gc,metaspace   ] GC(1347) Metaspace: 5319K->5319K(1056768K)
[3.926s][info ][gc             ] GC(1347) Pause Young (Allocation Failure) 31M->14M(61M) 1.276ms
[3.926s][info ][gc,cpu         ] GC(1347) User=0.00s Sys=0.00s Real=0.00s
[3.927s][info ][gc,start       ] GC(1348) Pause Young (Allocation Failure)
[3.927s][info ][gc,task        ] GC(1348) Using 8 workers of 8 for evacuation
[3.929s][debug][gc,age         ] GC(1348) Desired survivor size 1114112 bytes, new threshold 1 (max threshold 6)
[3.929s][info ][gc,heap        ] GC(1348) ParNew: 18332K->1957K(19648K)
[3.929s][info ][gc,heap        ] GC(1348) CMS: 13685K->13686K(43712K)
[3.929s][info ][gc,metaspace   ] GC(1348) Metaspace: 5319K->5319K(1056768K)
[3.929s][info ][gc             ] GC(1348) Pause Young (Allocation Failure) 31M->15M(61M) 1.990ms
[3.929s][info ][gc,cpu         ] GC(1348) User=0.00s Sys=0.00s Real=0.00s
[3.931s][info ][gc,start       ] GC(1349) Pause Young (Allocation Failure)
[3.931s][info ][gc,task        ] GC(1349) Using 8 workers of 8 for evacuation
[3.933s][debug][gc,age         ] GC(1349) Desired survivor size 1114112 bytes, new threshold 1 (max threshold 6)
[3.933s][info ][gc,heap        ] GC(1349) ParNew: 19372K->1566K(19648K)
[3.933s][info ][gc,heap        ] GC(1349) CMS: 13686K->14077K(43712K)
[3.933s][info ][gc,metaspace   ] GC(1349) Metaspace: 5319K->5319K(1056768K)
[3.933s][info ][gc             ] GC(1349) Pause Young (Allocation Failure) 32M->15M(61M) 2.091ms
[3.933s][info ][gc,cpu         ] GC(1349) User=0.00s Sys=0.00s Real=0.00s
[3.934s][info ][gc,start       ] GC(1350) Pause Young (Allocation Failure)
[3.934s][info ][gc,task        ] GC(1350) Using 8 workers of 8 for evacuation
[3.935s][debug][gc,age         ] GC(1350) Desired survivor size 1114112 bytes, new threshold 6 (max threshold 6)
[3.935s][info ][gc,heap        ] GC(1350) ParNew: 18959K->791K(19648K)
[3.935s][info ][gc,heap        ] GC(1350) CMS: 14077K->14468K(43712K)
[3.935s][info ][gc,metaspace   ] GC(1350) Metaspace: 5319K->5319K(1056768K)
[3.935s][info ][gc             ] GC(1350) Pause Young (Allocation Failure) 32M->14M(61M) 1.052ms
[3.935s][info ][gc,cpu         ] GC(1350) User=0.00s Sys=0.00s Real=0.00s
[3.937s][info ][gc,start       ] GC(1351) Pause Young (Allocation Failure)
[3.937s][info ][gc,task        ] GC(1351) Using 8 workers of 8 for evacuation
[3.938s][debug][gc,age         ] GC(1351) Desired survivor size 1114112 bytes, new threshold 6 (max threshold 6)
[3.938s][info ][gc,heap        ] GC(1351) ParNew: 18233K->787K(19648K)
[3.938s][info ][gc,heap        ] GC(1351) CMS: 14468K->14468K(43712K)
[3.938s][info ][gc,metaspace   ] GC(1351) Metaspace: 5319K->5319K(1056768K)
[3.938s][info ][gc             ] GC(1351) Pause Young (Allocation Failure) 31M->14M(61M) 1.137ms
[3.938s][info ][gc,cpu         ] GC(1351) User=0.00s Sys=0.00s Real=0.00s
[3.939s][info ][gc,start       ] GC(1352) Pause Young (Allocation Failure)
[3.939s][info ][gc,task        ] GC(1352) Using 8 workers of 8 for evacuation
[3.940s][debug][gc,age         ] GC(1352) Desired survivor size 1114112 bytes, new threshold 1 (max threshold 6)
[3.940s][info ][gc,heap        ] GC(1352) ParNew: 17904K->1182K(19648K)
[3.940s][info ][gc,heap        ] GC(1352) CMS: 14468K->14468K(43712K)
[3.940s][info ][gc,metaspace   ] GC(1352) Metaspace: 5319K->5319K(1056768K)
[3.940s][info ][gc             ] GC(1352) Pause Young (Allocation Failure) 31M->15M(61M) 1.075ms
[3.940s][info ][gc,cpu         ] GC(1352) User=0.01s Sys=0.00s Real=0.00s
[3.942s][info ][gc,start       ] GC(1353) Pause Young (Allocation Failure)
[3.942s][info ][gc,task        ] GC(1353) Using 8 workers of 8 for evacuation
[3.943s][debug][gc,age         ] GC(1353) Desired survivor size 1114112 bytes, new threshold 1 (max threshold 6)
[3.943s][info ][gc,heap        ] GC(1353) ParNew: 18296K->1961K(19648K)
[3.943s][info ][gc,heap        ] GC(1353) CMS: 14468K->15640K(43712K)
[3.943s][info ][gc,metaspace   ] GC(1353) Metaspace: 5319K->5319K(1056768K)
[3.943s][info ][gc             ] GC(1353) Pause Young (Allocation Failure) 31M->17M(61M) 1.558ms
[3.943s][info ][gc,cpu         ] GC(1353) User=0.01s Sys=0.00s Real=0.00s
[3.945s][info ][gc,start       ] GC(1354) Pause Young (Allocation Failure)
[3.945s][info ][gc,task        ] GC(1354) Using 8 workers of 8 for evacuation
[3.946s][debug][gc,age         ] GC(1354) Desired survivor size 1114112 bytes, new threshold 1 (max threshold 6)
[3.946s][info ][gc,heap        ] GC(1354) ParNew: 19363K->1963K(19648K)
[3.946s][info ][gc,heap        ] GC(1354) CMS: 15640K->16031K(43712K)
[3.946s][info ][gc,metaspace   ] GC(1354) Metaspace: 5319K->5319K(1056768K)
[3.946s][info ][gc             ] GC(1354) Pause Young (Allocation Failure) 34M->17M(61M) 1.232ms
[3.946s][info ][gc,cpu         ] GC(1354) User=0.00s Sys=0.00s Real=0.00s
[3.948s][info ][gc,start       ] GC(1355) Pause Young (Allocation Failure)
[3.948s][info ][gc,task        ] GC(1355) Using 8 workers of 8 for evacuation
[3.949s][debug][gc,age         ] GC(1355) Desired survivor size 1114112 bytes, new threshold 1 (max threshold 6)
[3.949s][info ][gc,heap        ] GC(1355) ParNew: 19271K->1959K(19648K)
[3.949s][info ][gc,heap        ] GC(1355) CMS: 16031K->16031K(43712K)
[3.949s][info ][gc,metaspace   ] GC(1355) Metaspace: 5319K->5319K(1056768K)
[3.949s][info ][gc             ] GC(1355) Pause Young (Allocation Failure) 34M->17M(61M) 1.607ms
[3.949s][info ][gc,cpu         ] GC(1355) User=0.01s Sys=0.00s Real=0.00s
[3.951s][info ][gc,start       ] GC(1356) Pause Young (Allocation Failure)
[3.951s][info ][gc,task        ] GC(1356) Using 8 workers of 8 for evacuation
[3.953s][debug][gc,age         ] GC(1356) Desired survivor size 1114112 bytes, new threshold 1 (max threshold 6)
[3.953s][info ][gc,heap        ] GC(1356) ParNew: 19207K->1957K(19648K)
[3.953s][info ][gc,heap        ] GC(1356) CMS: 16031K->16422K(43712K)
[3.953s][info ][gc,metaspace   ] GC(1356) Metaspace: 5319K->5319K(1056768K)
[3.953s][info ][gc             ] GC(1356) Pause Young (Allocation Failure) 34M->17M(61M) 2.118ms
[3.953s][info ][gc,cpu         ] GC(1356) User=0.01s Sys=0.00s Real=0.00s
[3.954s][info ][gc,start       ] GC(1357) Pause Young (Allocation Failure)
[3.954s][info ][gc,task        ] GC(1357) Using 8 workers of 8 for evacuation
[3.956s][debug][gc,age         ] GC(1357) Desired survivor size 1114112 bytes, new threshold 1 (max threshold 6)
[3.956s][info ][gc,heap        ] GC(1357) ParNew: 19407K->1175K(19648K)
[3.956s][info ][gc,heap        ] GC(1357) CMS: 16422K->16814K(43712K)
[3.956s][info ][gc,metaspace   ] GC(1357) Metaspace: 5319K->5319K(1056768K)
[3.956s][info ][gc             ] GC(1357) Pause Young (Allocation Failure) 34M->17M(61M) 1.757ms
[3.956s][info ][gc,cpu         ] GC(1357) User=0.01s Sys=0.00s Real=0.00s
[3.957s][info ][gc,start       ] GC(1358) Pause Young (Allocation Failure)
[3.958s][info ][gc,task        ] GC(1358) Using 8 workers of 8 for evacuation
[3.958s][debug][gc,age         ] GC(1358) Desired survivor size 1114112 bytes, new threshold 6 (max threshold 6)
[3.959s][info ][gc,heap        ] GC(1358) ParNew: 18579K->787K(19648K)
[3.959s][info ][gc,heap        ] GC(1358) CMS: 16814K->16814K(43712K)
[3.959s][info ][gc,metaspace   ] GC(1358) Metaspace: 5319K->5319K(1056768K)
[3.959s][info ][gc             ] GC(1358) Pause Young (Allocation Failure) 34M->17M(61M) 1.051ms
[3.959s][info ][gc,cpu         ] GC(1358) User=0.00s Sys=0.00s Real=0.00s
[3.960s][info ][gc,start       ] GC(1359) Pause Young (Allocation Failure)
[3.960s][info ][gc,task        ] GC(1359) Using 8 workers of 8 for evacuation
[3.961s][debug][gc,age         ] GC(1359) Desired survivor size 1114112 bytes, new threshold 1 (max threshold 6)
[3.961s][info ][gc,heap        ] GC(1359) ParNew: 18072K->1959K(19648K)
[3.961s][info ][gc,heap        ] GC(1359) CMS: 16814K->17595K(43712K)
[3.961s][info ][gc,metaspace   ] GC(1359) Metaspace: 5319K->5319K(1056768K)
[3.961s][info ][gc             ] GC(1359) Pause Young (Allocation Failure) 34M->19M(61M) 1.178ms
[3.961s][info ][gc,cpu         ] GC(1359) User=0.00s Sys=0.00s Real=0.00s
[3.962s][info ][gc,start       ] GC(1360) Pause Young (Allocation Failure)
[3.962s][info ][gc,task        ] GC(1360) Using 8 workers of 8 for evacuation
[3.963s][debug][gc,age         ] GC(1360) Desired survivor size 1114112 bytes, new threshold 1 (max threshold 6)
[3.963s][info ][gc,heap        ] GC(1360) ParNew: 19192K->1959K(19648K)
[3.963s][info ][gc,heap        ] GC(1360) CMS: 17595K->17595K(43712K)
[3.963s][info ][gc,metaspace   ] GC(1360) Metaspace: 5319K->5319K(1056768K)
[3.963s][info ][gc             ] GC(1360) Pause Young (Allocation Failure) 35M->19M(61M) 1.187ms
[3.963s][info ][gc,cpu         ] GC(1360) User=0.01s Sys=0.00s Real=0.00s
[3.965s][info ][gc,start       ] GC(1361) Pause Young (Allocation Failure)
[3.965s][info ][gc,task        ] GC(1361) Using 8 workers of 8 for evacuation
[3.966s][debug][gc,age         ] GC(1361) Desired survivor size 1114112 bytes, new threshold 1 (max threshold 6)
[3.966s][info ][gc,heap        ] GC(1361) ParNew: 19118K->1566K(19648K)
[3.966s][info ][gc,heap        ] GC(1361) CMS: 17595K->17596K(43712K)
[3.966s][info ][gc,metaspace   ] GC(1361) Metaspace: 5319K->5319K(1056768K)
[3.966s][info ][gc             ] GC(1361) Pause Young (Allocation Failure) 35M->18M(61M) 1.461ms
[3.966s][info ][gc,cpu         ] GC(1361) User=0.01s Sys=0.01s Real=0.00s
[3.968s][info ][gc,start       ] GC(1362) Pause Young (Allocation Failure)
[3.968s][info ][gc,task        ] GC(1362) Using 8 workers of 8 for evacuation
[3.969s][debug][gc,age         ] GC(1362) Desired survivor size 1114112 bytes, new threshold 1 (max threshold 6)
[3.969s][info ][gc,heap        ] GC(1362) ParNew: 18760K->1965K(19648K)
[3.969s][info ][gc,heap        ] GC(1362) CMS: 17596K->17986K(43712K)
[3.969s][info ][gc,metaspace   ] GC(1362) Metaspace: 5319K->5319K(1056768K)
[3.969s][info ][gc             ] GC(1362) Pause Young (Allocation Failure) 35M->19M(61M) 0.962ms
[3.969s][info ][gc,cpu         ] GC(1362) User=0.01s Sys=0.00s Real=0.00s
[3.970s][info ][gc,start       ] GC(1363) Pause Young (Allocation Failure)
[3.970s][info ][gc,task        ] GC(1363) Using 8 workers of 8 for evacuation
[3.971s][debug][gc,age         ] GC(1363) Desired survivor size 1114112 bytes, new threshold 1 (max threshold 6)
[3.971s][info ][gc,heap        ] GC(1363) ParNew: 19139K->1963K(19648K)
[3.971s][info ][gc,heap        ] GC(1363) CMS: 17986K->17986K(43712K)
[3.971s][info ][gc,metaspace   ] GC(1363) Metaspace: 5319K->5319K(1056768K)
[3.971s][info ][gc             ] GC(1363) Pause Young (Allocation Failure) 36M->19M(61M) 1.277ms
[3.971s][info ][gc,cpu         ] GC(1363) User=0.00s Sys=0.00s Real=0.00s
[3.973s][info ][gc,start       ] GC(1364) Pause Young (Allocation Failure)
[3.973s][info ][gc,task        ] GC(1364) Using 8 workers of 8 for evacuation
[3.974s][debug][gc,age         ] GC(1364) Desired survivor size 1114112 bytes, new threshold 1 (max threshold 6)
[3.974s][info ][gc,heap        ] GC(1364) ParNew: 19381K->1963K(19648K)
[3.974s][info ][gc,heap        ] GC(1364) CMS: 17986K->18378K(43712K)
[3.974s][info ][gc,metaspace   ] GC(1364) Metaspace: 5319K->5319K(1056768K)
[3.974s][info ][gc             ] GC(1364) Pause Young (Allocation Failure) 36M->19M(61M) 1.292ms
[3.974s][info ][gc,cpu         ] GC(1364) User=0.00s Sys=0.00s Real=0.01s
[3.976s][info ][gc,start       ] GC(1365) Pause Young (Allocation Failure)
[3.976s][info ][gc,task        ] GC(1365) Using 8 workers of 8 for evacuation
[3.977s][debug][gc,age         ] GC(1365) Desired survivor size 1114112 bytes, new threshold 1 (max threshold 6)
[3.977s][info ][gc,heap        ] GC(1365) ParNew: 19117K->1177K(19648K)
[3.977s][info ][gc,heap        ] GC(1365) CMS: 18378K->18769K(43712K)
[3.977s][info ][gc,metaspace   ] GC(1365) Metaspace: 5319K->5319K(1056768K)
[3.977s][info ][gc             ] GC(1365) Pause Young (Allocation Failure) 36M->19M(61M) 1.277ms
[3.977s][info ][gc,cpu         ] GC(1365) User=0.00s Sys=0.00s Real=0.00s
[3.978s][info ][gc,start       ] GC(1366) Pause Young (Allocation Failure)
[3.978s][info ][gc,task        ] GC(1366) Using 8 workers of 8 for evacuation
[3.979s][debug][gc,age         ] GC(1366) Desired survivor size 1114112 bytes, new threshold 1 (max threshold 6)
[3.979s][info ][gc,heap        ] GC(1366) ParNew: 18339K->1967K(19648K)
[3.979s][info ][gc,heap        ] GC(1366) CMS: 18769K->18769K(43712K)
[3.979s][info ][gc,metaspace   ] GC(1366) Metaspace: 5319K->5319K(1056768K)
[3.979s][info ][gc             ] GC(1366) Pause Young (Allocation Failure) 36M->20M(61M) 0.565ms
[3.979s][info ][gc,cpu         ] GC(1366) User=0.00s Sys=0.00s Real=0.00s
[3.980s][info ][gc,start       ] GC(1367) Pause Young (Allocation Failure)
[3.980s][info ][gc,task        ] GC(1367) Using 8 workers of 8 for evacuation
[3.981s][debug][gc,age         ] GC(1367) Desired survivor size 1114112 bytes, new threshold 1 (max threshold 6)
[3.981s][info ][gc,heap        ] GC(1367) ParNew: 19439K->1177K(19648K)
[3.981s][info ][gc,heap        ] GC(1367) CMS: 18769K->19551K(43712K)
[3.981s][info ][gc,metaspace   ] GC(1367) Metaspace: 5319K->5319K(1056768K)
[3.981s][info ][gc             ] GC(1367) Pause Young (Allocation Failure) 37M->20M(61M) 1.242ms
[3.981s][info ][gc,cpu         ] GC(1367) User=0.01s Sys=0.00s Real=0.00s
[3.983s][info ][gc,start       ] GC(1368) Pause Young (Allocation Failure)
[3.983s][info ][gc,task        ] GC(1368) Using 8 workers of 8 for evacuation
[3.985s][debug][gc,age         ] GC(1368) Desired survivor size 1114112 bytes, new threshold 1 (max threshold 6)
[3.985s][info ][gc,heap        ] GC(1368) ParNew: 18380K->1961K(19648K)
[3.985s][info ][gc,heap        ] GC(1368) CMS: 19551K->19942K(43712K)
[3.985s][info ][gc,metaspace   ] GC(1368) Metaspace: 5319K->5319K(1056768K)
[3.985s][info ][gc             ] GC(1368) Pause Young (Allocation Failure) 37M->21M(61M) 1.737ms
[3.985s][info ][gc,cpu         ] GC(1368) User=0.01s Sys=0.00s Real=0.01s
[3.986s][info ][gc,start       ] GC(1369) Pause Young (Allocation Failure)
[3.986s][info ][gc,task        ] GC(1369) Using 8 workers of 8 for evacuation
[3.988s][debug][gc,age         ] GC(1369) Desired survivor size 1114112 bytes, new threshold 1 (max threshold 6)
[3.988s][info ][gc,heap        ] GC(1369) ParNew: 19433K->1566K(19648K)
[3.988s][info ][gc,heap        ] GC(1369) CMS: 19942K->20724K(43712K)
[3.988s][info ][gc,metaspace   ] GC(1369) Metaspace: 5319K->5319K(1056768K)
[3.988s][info ][gc             ] GC(1369) Pause Young (Allocation Failure) 38M->21M(61M) 1.583ms
[3.988s][info ][gc,cpu         ] GC(1369) User=0.01s Sys=0.00s Real=0.00s
[3.989s][info ][gc,start       ] GC(1370) Pause Young (Allocation Failure)
[3.989s][info ][gc,task        ] GC(1370) Using 8 workers of 8 for evacuation
[3.991s][debug][gc,age         ] GC(1370) Desired survivor size 1114112 bytes, new threshold 6 (max threshold 6)
[3.991s][info ][gc,heap        ] GC(1370) ParNew: 18941K->785K(19648K)
[3.991s][info ][gc,heap        ] GC(1370) CMS: 20724K->21897K(43712K)
[3.991s][info ][gc,metaspace   ] GC(1370) Metaspace: 5319K->5319K(1056768K)
[3.991s][info ][gc             ] GC(1370) Pause Young (Allocation Failure) 38M->22M(61M) 1.392ms
[3.991s][info ][gc,cpu         ] GC(1370) User=0.01s Sys=0.00s Real=0.00s
[3.992s][info ][gc,start       ] GC(1371) Pause Young (Allocation Failure)
[3.992s][info ][gc,task        ] GC(1371) Using 8 workers of 8 for evacuation
[3.993s][debug][gc,age         ] GC(1371) Desired survivor size 1114112 bytes, new threshold 1 (max threshold 6)
[3.993s][info ][gc,heap        ] GC(1371) ParNew: 18041K->1959K(19648K)
[3.993s][info ][gc,heap        ] GC(1371) CMS: 21897K->22288K(43712K)
[3.993s][info ][gc,metaspace   ] GC(1371) Metaspace: 5319K->5319K(1056768K)
[3.993s][info ][gc             ] GC(1371) Pause Young (Allocation Failure) 39M->23M(61M) 1.286ms
[3.993s][info ][gc,cpu         ] GC(1371) User=0.01s Sys=0.00s Real=0.00s
[3.995s][info ][gc,start       ] GC(1372) Pause Young (Allocation Failure)
[3.995s][info ][gc,task        ] GC(1372) Using 8 workers of 8 for evacuation
[3.996s][debug][gc,age         ] GC(1372) Desired survivor size 1114112 bytes, new threshold 1 (max threshold 6)
[3.996s][info ][gc,heap        ] GC(1372) ParNew: 19118K->1572K(19648K)
[3.996s][info ][gc,heap        ] GC(1372) CMS: 22288K->22679K(43712K)
[3.996s][info ][gc,metaspace   ] GC(1372) Metaspace: 5319K->5319K(1056768K)
[3.996s][info ][gc             ] GC(1372) Pause Young (Allocation Failure) 40M->23M(61M) 1.183ms
[3.996s][info ][gc,cpu         ] GC(1372) User=0.01s Sys=0.00s Real=0.00s
[3.997s][info ][gc,start       ] GC(1373) Pause Young (Allocation Failure)
[3.997s][info ][gc,task        ] GC(1373) Using 8 workers of 8 for evacuation
[4.000s][debug][gc,age         ] GC(1373) Desired survivor size 1114112 bytes, new threshold 1 (max threshold 6)
[4.000s][info ][gc,heap        ] GC(1373) ParNew: 18735K->1959K(19648K)
[4.000s][info ][gc,heap        ] GC(1373) CMS: 22679K->23070K(43712K)
[4.000s][info ][gc,metaspace   ] GC(1373) Metaspace: 5319K->5319K(1056768K)
[4.000s][info ][gc             ] GC(1373) Pause Young (Allocation Failure) 40M->24M(61M) 2.200ms
[4.000s][info ][gc,cpu         ] GC(1373) User=0.01s Sys=0.00s Real=0.00s
[4.001s][info ][gc,start       ] GC(1374) Pause Young (Allocation Failure)
[4.001s][info ][gc,task        ] GC(1374) Using 8 workers of 8 for evacuation
[4.002s][debug][gc,age         ] GC(1374) Desired survivor size 1114112 bytes, new threshold 1 (max threshold 6)
[4.002s][info ][gc,heap        ] GC(1374) ParNew: 19159K->1959K(19648K)
[4.002s][info ][gc,heap        ] GC(1374) CMS: 23070K->23851K(43712K)
[4.002s][info ][gc,metaspace   ] GC(1374) Metaspace: 5319K->5319K(1056768K)
[4.002s][info ][gc             ] GC(1374) Pause Young (Allocation Failure) 41M->25M(61M) 0.958ms
[4.002s][info ][gc,cpu         ] GC(1374) User=0.00s Sys=0.00s Real=0.00s
[4.004s][info ][gc,start       ] GC(1375) Pause Young (Allocation Failure)
[4.004s][info ][gc,task        ] GC(1375) Using 8 workers of 8 for evacuation
[4.005s][debug][gc,age         ] GC(1375) Desired survivor size 1114112 bytes, new threshold 1 (max threshold 6)
[4.005s][info ][gc,heap        ] GC(1375) ParNew: 19138K->1963K(19648K)
[4.005s][info ][gc,heap        ] GC(1375) CMS: 23851K->24242K(43712K)
[4.005s][info ][gc,metaspace   ] GC(1375) Metaspace: 5319K->5319K(1056768K)
[4.005s][info ][gc             ] GC(1375) Pause Young (Allocation Failure) 41M->25M(61M) 1.094ms
[4.005s][info ][gc,cpu         ] GC(1375) User=0.00s Sys=0.00s Real=0.00s
[4.006s][info ][gc,start       ] GC(1376) Pause Young (Allocation Failure)
[4.006s][info ][gc,task        ] GC(1376) Using 8 workers of 8 for evacuation
[4.007s][debug][gc,age         ] GC(1376) Desired survivor size 1114112 bytes, new threshold 1 (max threshold 6)
[4.007s][info ][gc,heap        ] GC(1376) ParNew: 19435K->1963K(19648K)
[4.007s][info ][gc,heap        ] GC(1376) CMS: 24242K->24633K(43712K)
[4.007s][info ][gc,metaspace   ] GC(1376) Metaspace: 5319K->5319K(1056768K)
[4.007s][info ][gc             ] GC(1376) Pause Young (Allocation Failure) 42M->25M(61M) 0.586ms
[4.007s][info ][gc,cpu         ] GC(1376) User=0.00s Sys=0.00s Real=0.00s
[4.008s][info ][gc,start       ] GC(1377) Pause Young (Allocation Failure)
[4.008s][info ][gc,task        ] GC(1377) Using 8 workers of 8 for evacuation
[4.010s][debug][gc,age         ] GC(1377) Desired survivor size 1114112 bytes, new threshold 1 (max threshold 6)
[4.010s][info ][gc,heap        ] GC(1377) ParNew: 19435K->1572K(19648K)
[4.010s][info ][gc,heap        ] GC(1377) CMS: 24633K->25415K(43712K)
[4.010s][info ][gc,metaspace   ] GC(1377) Metaspace: 5319K->5319K(1056768K)
[4.010s][info ][gc             ] GC(1377) Pause Young (Allocation Failure) 43M->26M(61M) 1.267ms
[4.010s][info ][gc,cpu         ] GC(1377) User=0.01s Sys=0.00s Real=0.00s
[4.011s][info ][gc,start       ] GC(1378) Pause Young (Allocation Failure)
[4.011s][info ][gc,task        ] GC(1378) Using 8 workers of 8 for evacuation
[4.013s][debug][gc,age         ] GC(1378) Desired survivor size 1114112 bytes, new threshold 1 (max threshold 6)
[4.013s][info ][gc,heap        ] GC(1378) ParNew: 18985K->1568K(19648K)
[4.013s][info ][gc,heap        ] GC(1378) CMS: 25415K->25806K(43712K)
[4.013s][info ][gc,metaspace   ] GC(1378) Metaspace: 5319K->5319K(1056768K)
[4.013s][info ][gc             ] GC(1378) Pause Young (Allocation Failure) 43M->26M(61M) 1.297ms
[4.013s][info ][gc,cpu         ] GC(1378) User=0.01s Sys=0.00s Real=0.00s
[4.015s][info ][gc,start       ] GC(1379) Pause Young (Allocation Failure)
[4.015s][info ][gc,task        ] GC(1379) Using 8 workers of 8 for evacuation
[4.015s][debug][gc,age         ] GC(1379) Desired survivor size 1114112 bytes, new threshold 6 (max threshold 6)
[4.015s][info ][gc,heap        ] GC(1379) ParNew: 18987K->791K(19648K)
[4.015s][info ][gc,heap        ] GC(1379) CMS: 25806K->26197K(43712K)
[4.015s][info ][gc,metaspace   ] GC(1379) Metaspace: 5319K->5319K(1056768K)
[4.015s][info ][gc             ] GC(1379) Pause Young (Allocation Failure) 43M->26M(61M) 0.641ms
[4.015s][info ][gc,cpu         ] GC(1379) User=0.00s Sys=0.00s Real=0.00s
[4.016s][info ][gc,start       ] GC(1380) Pause Young (Allocation Failure)
[4.017s][info ][gc,task        ] GC(1380) Using 8 workers of 8 for evacuation
[4.017s][debug][gc,age         ] GC(1380) Desired survivor size 1114112 bytes, new threshold 6 (max threshold 6)
[4.017s][info ][gc,heap        ] GC(1380) ParNew: 18171K->398K(19648K)
[4.017s][info ][gc,heap        ] GC(1380) CMS: 26197K->26197K(43712K)
[4.018s][info ][gc,metaspace   ] GC(1380) Metaspace: 5319K->5319K(1056768K)
[4.018s][info ][gc             ] GC(1380) Pause Young (Allocation Failure) 43M->25M(61M) 1.049ms
[4.018s][info ][gc,cpu         ] GC(1380) User=0.00s Sys=0.00s Real=0.00s
[4.019s][info ][gc,start       ] GC(1381) Pause Young (Allocation Failure)
[4.019s][info ][gc,task        ] GC(1381) Using 8 workers of 8 for evacuation
[4.020s][debug][gc,age         ] GC(1381) Desired survivor size 1114112 bytes, new threshold 1 (max threshold 6)
[4.020s][info ][gc,heap        ] GC(1381) ParNew: 17865K->1961K(19648K)
[4.020s][info ][gc,heap        ] GC(1381) CMS: 26197K->26197K(43712K)
[4.020s][info ][gc,metaspace   ] GC(1381) Metaspace: 5319K->5319K(1056768K)
[4.020s][info ][gc             ] GC(1381) Pause Young (Allocation Failure) 43M->27M(61M) 1.104ms
[4.020s][info ][gc,cpu         ] GC(1381) User=0.00s Sys=0.00s Real=0.00s
[4.022s][info ][gc,start       ] GC(1382) Pause Young (Allocation Failure)
[4.022s][info ][gc,task        ] GC(1382) Using 8 workers of 8 for evacuation
[4.023s][debug][gc,age         ] GC(1382) Desired survivor size 1114112 bytes, new threshold 1 (max threshold 6)
[4.024s][info ][gc,heap        ] GC(1382) ParNew: 19140K->1177K(19648K)
[4.024s][info ][gc,heap        ] GC(1382) CMS: 26197K->27370K(43712K)
[4.024s][info ][gc,metaspace   ] GC(1382) Metaspace: 5319K->5319K(1056768K)
[4.024s][info ][gc             ] GC(1382) Pause Young (Allocation Failure) 44M->27M(61M) 2.028ms
[4.024s][info ][gc,cpu         ] GC(1382) User=0.00s Sys=0.00s Real=0.01s
[4.025s][info ][gc,start       ] GC(1383) Pause Young (Allocation Failure)
[4.025s][info ][gc,task        ] GC(1383) Using 8 workers of 8 for evacuation
[4.026s][debug][gc,age         ] GC(1383) Desired survivor size 1114112 bytes, new threshold 1 (max threshold 6)
[4.026s][info ][gc,heap        ] GC(1383) ParNew: 18506K->1959K(19648K)
[4.026s][info ][gc,heap        ] GC(1383) CMS: 27370K->27370K(43712K)
[4.026s][info ][gc,metaspace   ] GC(1383) Metaspace: 5319K->5319K(1056768K)
[4.026s][info ][gc             ] GC(1383) Pause Young (Allocation Failure) 44M->28M(61M) 1.262ms
[4.026s][info ][gc,cpu         ] GC(1383) User=0.00s Sys=0.00s Real=0.00s
[4.028s][info ][gc,start       ] GC(1384) Pause Young (Allocation Failure)
[4.028s][info ][gc,task        ] GC(1384) Using 8 workers of 8 for evacuation
[4.029s][debug][gc,age         ] GC(1384) Desired survivor size 1114112 bytes, new threshold 1 (max threshold 6)
[4.029s][info ][gc,heap        ] GC(1384) ParNew: 19220K->1959K(19648K)
[4.029s][info ][gc,heap        ] GC(1384) CMS: 27370K->27370K(43712K)
[4.029s][info ][gc,metaspace   ] GC(1384) Metaspace: 5319K->5319K(1056768K)
[4.029s][info ][gc             ] GC(1384) Pause Young (Allocation Failure) 45M->28M(61M) 1.337ms
[4.029s][info ][gc,cpu         ] GC(1384) User=0.01s Sys=0.00s Real=0.00s
[4.031s][info ][gc,start       ] GC(1385) Pause Young (Allocation Failure)
[4.031s][info ][gc,task        ] GC(1385) Using 8 workers of 8 for evacuation
[4.032s][debug][gc,age         ] GC(1385) Desired survivor size 1114112 bytes, new threshold 1 (max threshold 6)
[4.032s][info ][gc,heap        ] GC(1385) ParNew: 19431K->1568K(19648K)
[4.032s][info ][gc,heap        ] GC(1385) CMS: 27370K->28543K(43712K)
[4.032s][info ][gc,metaspace   ] GC(1385) Metaspace: 5319K->5319K(1056768K)
[4.032s][info ][gc             ] GC(1385) Pause Young (Allocation Failure) 45M->29M(61M) 1.366ms
[4.032s][info ][gc,cpu         ] GC(1385) User=0.00s Sys=0.00s Real=0.00s
[4.033s][info ][gc,start       ] GC(1386) Pause Young (Allocation Failure)
[4.033s][info ][gc,task        ] GC(1386) Using 8 workers of 8 for evacuation
[4.035s][debug][gc,age         ] GC(1386) Desired survivor size 1114112 bytes, new threshold 1 (max threshold 6)
[4.035s][info ][gc,heap        ] GC(1386) ParNew: 18990K->1566K(19648K)
[4.035s][info ][gc,heap        ] GC(1386) CMS: 28543K->29325K(43712K)
[4.035s][info ][gc,metaspace   ] GC(1386) Metaspace: 5319K->5319K(1056768K)
[4.035s][info ][gc             ] GC(1386) Pause Young (Allocation Failure) 46M->30M(61M) 1.608ms
[4.035s][info ][gc,cpu         ] GC(1386) User=0.00s Sys=0.00s Real=0.01s
[4.036s][info ][gc,start       ] GC(1387) Pause Young (Allocation Failure)
[4.036s][info ][gc,task        ] GC(1387) Using 8 workers of 8 for evacuation
[4.038s][debug][gc,age         ] GC(1387) Desired survivor size 1114112 bytes, new threshold 1 (max threshold 6)
[4.038s][info ][gc,heap        ] GC(1387) ParNew: 18997K->1572K(19648K)
[4.038s][info ][gc,heap        ] GC(1387) CMS: 29325K->30106K(43712K)
[4.038s][info ][gc,metaspace   ] GC(1387) Metaspace: 5319K->5319K(1056768K)
[4.038s][info ][gc             ] GC(1387) Pause Young (Allocation Failure) 47M->30M(61M) 1.436ms
[4.038s][info ][gc,cpu         ] GC(1387) User=0.00s Sys=0.00s Real=0.00s
[4.039s][info ][gc,start       ] GC(1388) Pause Young (Allocation Failure)
[4.039s][info ][gc,task        ] GC(1388) Using 8 workers of 8 for evacuation
[4.041s][debug][gc,age         ] GC(1388) Desired survivor size 1114112 bytes, new threshold 1 (max threshold 6)
[4.041s][info ][gc,heap        ] GC(1388) ParNew: 18818K->1963K(19648K)
[4.041s][info ][gc,heap        ] GC(1388) CMS: 30106K->30498K(43712K)
[4.041s][info ][gc,metaspace   ] GC(1388) Metaspace: 5319K->5319K(1056768K)
[4.041s][info ][gc             ] GC(1388) Pause Young (Allocation Failure) 47M->31M(61M) 1.430ms
[4.041s][info ][gc,cpu         ] GC(1388) User=0.01s Sys=0.00s Real=0.00s
[4.043s][info ][gc,start       ] GC(1389) Pause Young (Allocation Failure)
[4.043s][info ][gc,task        ] GC(1389) Using 8 workers of 8 for evacuation
[4.044s][debug][gc,age         ] GC(1389) Desired survivor size 1114112 bytes, new threshold 1 (max threshold 6)
[4.044s][info ][gc,heap        ] GC(1389) ParNew: 19435K->1961K(19648K)
[4.044s][info ][gc,heap        ] GC(1389) CMS: 30498K->31280K(43712K)
[4.044s][info ][gc,metaspace   ] GC(1389) Metaspace: 5319K->5319K(1056768K)
[4.044s][info ][gc             ] GC(1389) Pause Young (Allocation Failure) 48M->32M(61M) 1.187ms
[4.044s][info ][gc,cpu         ] GC(1389) User=0.01s Sys=0.00s Real=0.01s
[4.045s][info ][gc,start       ] GC(1390) Pause Young (Allocation Failure)
[4.045s][info ][gc,task        ] GC(1390) Using 8 workers of 8 for evacuation
[4.047s][debug][gc,age         ] GC(1390) Desired survivor size 1114112 bytes, new threshold 1 (max threshold 6)
[4.047s][info ][gc,heap        ] GC(1390) ParNew: 19234K->1963K(19648K)
[4.047s][info ][gc,heap        ] GC(1390) CMS: 31280K->32061K(43712K)
[4.047s][info ][gc,metaspace   ] GC(1390) Metaspace: 5319K->5319K(1056768K)
[4.047s][info ][gc             ] GC(1390) Pause Young (Allocation Failure) 49M->33M(61M) 1.725ms
[4.047s][info ][gc,cpu         ] GC(1390) User=0.01s Sys=0.00s Real=0.00s
[4.048s][info ][gc,start       ] GC(1391) Pause Young (Allocation Failure)
[4.049s][info ][gc,task        ] GC(1391) Using 8 workers of 8 for evacuation
[4.050s][debug][gc,age         ] GC(1391) Desired survivor size 1114112 bytes, new threshold 6 (max threshold 6)
[4.050s][info ][gc,heap        ] GC(1391) ParNew: 19344K->785K(19648K)
[4.050s][info ][gc,heap        ] GC(1391) CMS: 32061K->33235K(43712K)
[4.050s][info ][gc,metaspace   ] GC(1391) Metaspace: 5319K->5319K(1056768K)
[4.050s][info ][gc             ] GC(1391) Pause Young (Allocation Failure) 50M->33M(61M) 1.606ms
[4.050s][info ][gc,cpu         ] GC(1391) User=0.01s Sys=0.00s Real=0.00s
[4.052s][info ][gc,start       ] GC(1392) Pause Young (Allocation Failure)
[4.052s][info ][gc,task        ] GC(1392) Using 8 workers of 8 for evacuation
[4.052s][debug][gc,age         ] GC(1392) Desired survivor size 1114112 bytes, new threshold 2 (max threshold 6)
[4.052s][info ][gc,heap        ] GC(1392) ParNew: 18218K->1179K(19648K)
[4.052s][info ][gc,heap        ] GC(1392) CMS: 33235K->33235K(43712K)
[4.052s][info ][gc,metaspace   ] GC(1392) Metaspace: 5319K->5319K(1056768K)
[4.052s][info ][gc             ] GC(1392) Pause Young (Allocation Failure) 50M->33M(61M) 0.665ms
[4.052s][info ][gc,cpu         ] GC(1392) User=0.00s Sys=0.00s Real=0.00s
[4.054s][info ][gc,start       ] GC(1393) Pause Young (Allocation Failure)
[4.054s][info ][gc,task        ] GC(1393) Using 8 workers of 8 for evacuation
[4.055s][debug][gc,age         ] GC(1393) Desired survivor size 1114112 bytes, new threshold 6 (max threshold 6)
[4.055s][info ][gc,heap        ] GC(1393) ParNew: 18651K->785K(19648K)
[4.055s][info ][gc,heap        ] GC(1393) CMS: 33235K->33626K(43712K)
[4.055s][info ][gc,metaspace   ] GC(1393) Metaspace: 5319K->5319K(1056768K)
[4.055s][info ][gc             ] GC(1393) Pause Young (Allocation Failure) 50M->33M(61M) 1.477ms
[4.055s][info ][gc,cpu         ] GC(1393) User=0.00s Sys=0.00s Real=0.00s
[4.056s][info ][gc,start       ] GC(1394) Pause Young (Allocation Failure)
[4.057s][info ][gc,task        ] GC(1394) Using 8 workers of 8 for evacuation
[4.058s][debug][gc,age         ] GC(1394) Desired survivor size 1114112 bytes, new threshold 1 (max threshold 6)
[4.058s][info ][gc,heap        ] GC(1394) ParNew: 18225K->1957K(19648K)
[4.058s][info ][gc,heap        ] GC(1394) CMS: 33626K->33626K(43712K)
[4.058s][info ][gc,metaspace   ] GC(1394) Metaspace: 5319K->5319K(1056768K)
[4.058s][info ][gc             ] GC(1394) Pause Young (Allocation Failure) 50M->34M(61M) 1.890ms
[4.058s][info ][gc,cpu         ] GC(1394) User=0.01s Sys=0.00s Real=0.00s
[4.060s][info ][gc,start       ] GC(1395) Pause Young (Allocation Failure)
[4.060s][info ][gc,task        ] GC(1395) Using 8 workers of 8 for evacuation
[4.061s][debug][gc,age         ] GC(1395) Desired survivor size 1114112 bytes, new threshold 6 (max threshold 6)
[4.061s][info ][gc,heap        ] GC(1395) ParNew: 19399K->789K(19648K)
[4.061s][info ][gc,heap        ] GC(1395) CMS: 33626K->34409K(43712K)
[4.061s][info ][gc,metaspace   ] GC(1395) Metaspace: 5319K->5319K(1056768K)
[4.061s][info ][gc             ] GC(1395) Pause Young (Allocation Failure) 51M->34M(61M) 1.062ms
[4.061s][info ][gc,cpu         ] GC(1395) User=0.01s Sys=0.00s Real=0.00s
[4.062s][info ][gc,start       ] GC(1396) Pause Young (Allocation Failure)
[4.062s][info ][gc,task        ] GC(1396) Using 8 workers of 8 for evacuation
[4.063s][debug][gc,age         ] GC(1396) Desired survivor size 1114112 bytes, new threshold 1 (max threshold 6)
[4.063s][info ][gc,heap        ] GC(1396) ParNew: 18090K->1963K(19648K)
[4.063s][info ][gc,heap        ] GC(1396) CMS: 34409K->34409K(43712K)
[4.063s][info ][gc,metaspace   ] GC(1396) Metaspace: 5319K->5319K(1056768K)
[4.063s][info ][gc             ] GC(1396) Pause Young (Allocation Failure) 51M->35M(61M) 1.160ms
[4.063s][info ][gc,cpu         ] GC(1396) User=0.01s Sys=0.00s Real=0.00s
[4.065s][info ][gc,start       ] GC(1397) Pause Young (Allocation Failure)
[4.065s][info ][gc,task        ] GC(1397) Using 8 workers of 8 for evacuation
[4.066s][debug][gc,age         ] GC(1397) Desired survivor size 1114112 bytes, new threshold 1 (max threshold 6)
[4.066s][info ][gc,heap        ] GC(1397) ParNew: 19431K->1179K(19648K)
[4.066s][info ][gc,heap        ] GC(1397) CMS: 34409K->35582K(43712K)
[4.066s][info ][gc,metaspace   ] GC(1397) Metaspace: 5319K->5319K(1056768K)
[4.066s][info ][gc             ] GC(1397) Pause Young (Allocation Failure) 52M->35M(61M) 1.289ms
[4.066s][info ][gc,cpu         ] GC(1397) User=0.01s Sys=0.00s Real=0.00s
[4.068s][info ][gc,start       ] GC(1398) Pause Young (Allocation Failure)
[4.068s][info ][gc,task        ] GC(1398) Using 8 workers of 8 for evacuation
[4.069s][debug][gc,age         ] GC(1398) Desired survivor size 1114112 bytes, new threshold 1 (max threshold 6)
[4.069s][info ][gc,heap        ] GC(1398) ParNew: 18304K->1959K(19648K)
[4.069s][info ][gc,heap        ] GC(1398) CMS: 35582K->35973K(43712K)
[4.069s][info ][gc,metaspace   ] GC(1398) Metaspace: 5319K->5319K(1056768K)
[4.069s][info ][gc             ] GC(1398) Pause Young (Allocation Failure) 52M->37M(61M) 1.358ms
[4.069s][info ][gc,cpu         ] GC(1398) User=0.01s Sys=0.00s Real=0.00s
[4.070s][info ][gc,start       ] GC(1399) Pause Young (Allocation Failure)
[4.070s][info ][gc,task        ] GC(1399) Using 8 workers of 8 for evacuation
[4.071s][debug][gc,age         ] GC(1399) Desired survivor size 1114112 bytes, new threshold 1 (max threshold 6)
[4.071s][info ][gc,heap        ] GC(1399) ParNew: 19306K->1963K(19648K)
[4.071s][info ][gc,heap        ] GC(1399) CMS: 35973K->36364K(43712K)
[4.071s][info ][gc,metaspace   ] GC(1399) Metaspace: 5319K->5319K(1056768K)
[4.071s][info ][gc             ] GC(1399) Pause Young (Allocation Failure) 53M->37M(61M) 1.019ms
[4.071s][info ][gc,cpu         ] GC(1399) User=0.01s Sys=0.00s Real=0.00s
[4.073s][info ][gc,start       ] GC(1400) Pause Young (Allocation Failure)
[4.073s][info ][gc,task        ] GC(1400) Using 8 workers of 8 for evacuation
[4.074s][debug][gc,age         ] GC(1400) Desired survivor size 1114112 bytes, new threshold 1 (max threshold 6)
[4.074s][info ][gc,heap        ] GC(1400) ParNew: 19435K->1961K(19648K)
[4.074s][info ][gc,heap        ] GC(1400) CMS: 36364K->37146K(43712K)
[4.074s][info ][gc,metaspace   ] GC(1400) Metaspace: 5319K->5319K(1056768K)
[4.074s][info ][gc             ] GC(1400) Pause Young (Allocation Failure) 54M->38M(61M) 1.271ms
[4.074s][info ][gc,cpu         ] GC(1400) User=0.01s Sys=0.00s Real=0.01s
[4.076s][info ][gc,start       ] GC(1401) Pause Young (Allocation Failure)
[4.076s][info ][gc,task        ] GC(1401) Using 8 workers of 8 for evacuation
[4.077s][debug][gc,age         ] GC(1401) Desired survivor size 1114112 bytes, new threshold 1 (max threshold 6)
[4.077s][info ][gc,heap        ] GC(1401) ParNew: 19255K->1967K(19648K)
[4.077s][info ][gc,heap        ] GC(1401) CMS: 37146K->37927K(43712K)
[4.077s][info ][gc,metaspace   ] GC(1401) Metaspace: 5319K->5319K(1056768K)
[4.077s][info ][gc             ] GC(1401) Pause Young (Allocation Failure) 55M->38M(61M) 1.391ms
[4.077s][info ][gc,cpu         ] GC(1401) User=0.01s Sys=0.00s Real=0.00s
[4.078s][info ][gc,start       ] GC(1402) Pause Young (Allocation Failure)
[4.079s][info ][gc,task        ] GC(1402) Using 8 workers of 8 for evacuation
[4.081s][debug][gc,age         ] GC(1402) Desired survivor size 1114112 bytes, new threshold 6 (max threshold 6)
[4.081s][info ][gc,heap        ] GC(1402) ParNew: 19439K->394K(19648K)
[4.081s][info ][gc,heap        ] GC(1402) CMS: 37927K->39100K(43712K)
[4.081s][info ][gc,metaspace   ] GC(1402) Metaspace: 5319K->5319K(1056768K)
[4.081s][info ][gc             ] GC(1402) Pause Young (Allocation Failure) 56M->38M(61M) 2.164ms
[4.081s][info ][gc,cpu         ] GC(1402) User=0.01s Sys=0.00s Real=0.00s
[4.082s][info ][gc,start       ] GC(1403) Pause Young (Allocation Failure)
[4.082s][info ][gc,task        ] GC(1403) Using 8 workers of 8 for evacuation
[4.084s][debug][gc,age         ] GC(1403) Desired survivor size 1114112 bytes, new threshold 6 (max threshold 6)
[4.084s][info ][gc,heap        ] GC(1403) ParNew: 17748K->791K(19648K)
[4.084s][info ][gc,heap        ] GC(1403) CMS: 39100K->39100K(43712K)
[4.084s][info ][gc,metaspace   ] GC(1403) Metaspace: 5319K->5319K(1056768K)
[4.084s][info ][gc             ] GC(1403) Pause Young (Allocation Failure) 55M->38M(61M) 1.286ms
[4.084s][info ][gc,cpu         ] GC(1403) User=0.01s Sys=0.00s Real=0.01s
[4.085s][info ][gc,start       ] GC(1404) Pause Young (Allocation Failure)
[4.085s][info ][gc,task        ] GC(1404) Using 8 workers of 8 for evacuation
[4.086s][debug][gc,age         ] GC(1404) Desired survivor size 1114112 bytes, new threshold 1 (max threshold 6)
[4.086s][info ][gc,heap        ] GC(1404) ParNew: 18263K->1568K(19648K)
[4.086s][info ][gc,heap        ] GC(1404) CMS: 39100K->39100K(43712K)
[4.086s][info ][gc,metaspace   ] GC(1404) Metaspace: 5319K->5319K(1056768K)
[4.086s][info ][gc             ] GC(1404) Pause Young (Allocation Failure) 56M->39M(61M) 0.845ms
[4.086s][info ][gc,cpu         ] GC(1404) User=0.00s Sys=0.00s Real=0.00s
[4.087s][info ][gc,start       ] GC(1405) Pause Young (Allocation Failure)
[4.087s][info ][gc,task        ] GC(1405) Using 8 workers of 8 for evacuation
[4.089s][debug][gc,age         ] GC(1405) Desired survivor size 1114112 bytes, new threshold 1 (max threshold 6)
[4.089s][info ][gc,heap        ] GC(1405) ParNew: 18800K->1959K(19648K)
[4.089s][info ][gc,heap        ] GC(1405) CMS: 39100K->39101K(43712K)
[4.089s][info ][gc,metaspace   ] GC(1405) Metaspace: 5319K->5319K(1056768K)
[4.089s][info ][gc             ] GC(1405) Pause Young (Allocation Failure) 56M->40M(61M) 1.197ms
[4.089s][info ][gc,cpu         ] GC(1405) User=0.01s Sys=0.00s Real=0.00s
[4.090s][info ][gc,start       ] GC(1406) Pause Young (Allocation Failure)
[4.090s][info ][gc,task        ] GC(1406) Using 8 workers of 8 for evacuation
[4.091s][debug][gc,age         ] GC(1406) Desired survivor size 1114112 bytes, new threshold 1 (max threshold 6)
[4.091s][info ][gc,heap        ] GC(1406) ParNew: 19150K->1959K(19648K)
[4.091s][info ][gc,heap        ] GC(1406) CMS: 39101K->39883K(43712K)
[4.091s][info ][gc,metaspace   ] GC(1406) Metaspace: 5319K->5319K(1056768K)
[4.091s][info ][gc             ] GC(1406) Pause Young (Allocation Failure) 56M->40M(61M) 1.235ms
[4.091s][info ][gc,cpu         ] GC(1406) User=0.01s Sys=0.00s Real=0.00s
[4.093s][info ][gc,start       ] GC(1407) Pause Young (Allocation Failure)
[4.093s][info ][gc,task        ] GC(1407) Using 8 workers of 8 for evacuation
[4.094s][debug][gc,age         ] GC(1407) Desired survivor size 1114112 bytes, new threshold 1 (max threshold 6)
[4.094s][info ][gc,heap        ] GC(1407) ParNew: 19215K->1959K(19648K)
[4.094s][info ][gc,heap        ] GC(1407) CMS: 39883K->39883K(43712K)
[4.094s][info ][gc,metaspace   ] GC(1407) Metaspace: 5319K->5319K(1056768K)
[4.094s][info ][gc             ] GC(1407) Pause Young (Allocation Failure) 57M->40M(61M) 1.147ms
[4.094s][info ][gc,cpu         ] GC(1407) User=0.01s Sys=0.00s Real=0.01s
[4.096s][info ][gc,start       ] GC(1408) Pause Young (Allocation Failure)
[4.096s][info ][gc,task        ] GC(1408) Using 8 workers of 8 for evacuation
[4.098s][debug][gc,age         ] GC(1408) Desired survivor size 1114112 bytes, new threshold 1 (max threshold 6)
[4.098s][info ][gc,heap        ] GC(1408) ParNew: 19112K->1959K(19648K)
[4.098s][info ][gc,heap        ] GC(1408) CMS: 39883K->40274K(43712K)
[4.098s][info ][gc,metaspace   ] GC(1408) Metaspace: 5319K->5319K(1056768K)
[4.098s][info ][gc             ] GC(1408) Pause Young (Allocation Failure) 57M->41M(61M) 2.007ms
[4.098s][info ][gc,cpu         ] GC(1408) User=0.01s Sys=0.00s Real=0.00s
[4.099s][info ][gc,start       ] GC(1409) Pause Young (Allocation Failure)
[4.099s][info ][gc,task        ] GC(1409) Using 8 workers of 8 for evacuation
[4.100s][debug][gc,age         ] GC(1409) Desired survivor size 1114112 bytes, new threshold 6 (max threshold 6)
[4.100s][info ][gc,heap        ] GC(1409) ParNew: 19431K->396K(19648K)
[4.100s][info ][gc,heap        ] GC(1409) CMS: 40274K->41056K(43712K)
[4.100s][info ][gc,metaspace   ] GC(1409) Metaspace: 5319K->5319K(1056768K)
[4.100s][info ][gc             ] GC(1409) Pause Young (Allocation Failure) 58M->40M(61M) 1.148ms
[4.100s][info ][gc,cpu         ] GC(1409) User=0.01s Sys=0.00s Real=0.00s
[4.102s][info ][gc,start       ] GC(1410) Pause Young (Allocation Failure)
[4.102s][info ][gc,task        ] GC(1410) Using 8 workers of 8 for evacuation
[4.103s][debug][gc,age         ] GC(1410) Desired survivor size 1114112 bytes, new threshold 1 (max threshold 6)
[4.103s][info ][gc,heap        ] GC(1410) ParNew: 17757K->1574K(19648K)
[4.103s][info ][gc,heap        ] GC(1410) CMS: 41056K->41056K(43712K)
[4.103s][info ][gc,metaspace   ] GC(1410) Metaspace: 5319K->5319K(1056768K)
[4.103s][info ][gc             ] GC(1410) Pause Young (Allocation Failure) 57M->41M(61M) 1.175ms
[4.103s][info ][gc,cpu         ] GC(1410) User=0.00s Sys=0.00s Real=0.00s
[4.105s][info ][gc,start       ] GC(1411) Pause Young (Allocation Failure)
[4.105s][info ][gc,task        ] GC(1411) Using 8 workers of 8 for evacuation
[4.106s][debug][gc,age         ] GC(1411) Desired survivor size 1114112 bytes, new threshold 1 (max threshold 6)
[4.106s][info ][gc,heap        ] GC(1411) ParNew: 18959K->1175K(19648K)
[4.106s][info ][gc,heap        ] GC(1411) CMS: 41056K->41448K(43712K)
[4.106s][info ][gc,metaspace   ] GC(1411) Metaspace: 5319K->5319K(1056768K)
[4.106s][info ][gc             ] GC(1411) Pause Young (Allocation Failure) 58M->41M(61M) 1.353ms
[4.106s][info ][gc,cpu         ] GC(1411) User=0.00s Sys=0.00s Real=0.00s
[4.108s][info ][gc,start       ] GC(1412) Pause Young (Allocation Failure)
[4.108s][info ][gc,task        ] GC(1412) Using 8 workers of 8 for evacuation
[4.109s][debug][gc,age         ] GC(1412) Desired survivor size 1114112 bytes, new threshold 6 (max threshold 6)
[4.110s][info ][gc,heap        ] GC(1412) ParNew: 18611K->785K(19648K)
[4.110s][info ][gc,heap        ] GC(1412) CMS: 41448K->41839K(43712K)
[4.110s][info ][gc,metaspace   ] GC(1412) Metaspace: 5319K->5319K(1056768K)
[4.110s][info ][gc             ] GC(1412) Pause Young (Allocation Failure) 58M->41M(61M) 1.969ms
[4.110s][info ][gc,cpu         ] GC(1412) User=0.01s Sys=0.00s Real=0.00s
[4.111s][info ][gc,start       ] GC(1413) Pause Young (Allocation Failure)
[4.111s][info ][gc,task        ] GC(1413) Using 8 workers of 8 for evacuation
[4.111s][debug][gc,age         ] GC(1413) Desired survivor size 1114112 bytes, new threshold 1 (max threshold 6)
[4.111s][info ][gc,heap        ] GC(1413) ParNew: 18155K->1969K(19648K)
[4.111s][info ][gc,heap        ] GC(1413) CMS: 41839K->42620K(43712K)
[4.111s][info ][gc,metaspace   ] GC(1413) Metaspace: 5319K->5319K(1056768K)
[4.111s][info ][gc             ] GC(1413) Pause Young (Allocation Failure) 58M->43M(61M) 0.476ms
[4.111s][info ][gc,cpu         ] GC(1413) User=0.00s Sys=0.00s Real=0.00s
[4.113s][info ][gc,start       ] GC(1414) Pause Young (Allocation Failure)
[4.113s][info ][gc,task        ] GC(1414) Using 8 workers of 8 for evacuation
[4.113s][debug][gc,age         ] GC(1414) Desired survivor size 1114112 bytes, new threshold 1 (max threshold 6)
[4.113s][info ][gc,heap        ] GC(1414) ParNew: 19257K->1967K(19648K)
[4.113s][info ][gc,heap        ] GC(1414) CMS: 42620K->42621K(43712K)
[4.113s][info ][gc,metaspace   ] GC(1414) Metaspace: 5319K->5319K(1056768K)
[4.113s][info ][gc             ] GC(1414) Pause Young (Allocation Failure) 60M->43M(61M) 0.424ms
[4.113s][info ][gc,cpu         ] GC(1414) User=0.00s Sys=0.00s Real=0.00s
[4.114s][info ][gc,start       ] GC(1415) Pause Young (Allocation Failure)
[4.114s][info ][gc,task        ] GC(1415) Using 8 workers of 8 for evacuation
[4.115s][debug][gc,age         ] GC(1415) Desired survivor size 1114112 bytes, new threshold 1 (max threshold 6)
[4.115s][info ][gc,heap        ] GC(1415) ParNew: 19202K->1969K(19648K)
[4.115s][info ][gc,heap        ] GC(1415) CMS: 42621K->43402K(43712K)
[4.115s][info ][gc,metaspace   ] GC(1415) Metaspace: 5319K->5319K(1056768K)
[4.115s][info ][gc             ] GC(1415) Pause Young (Allocation Failure) 60M->44M(61M) 0.504ms
[4.115s][info ][gc,cpu         ] GC(1415) User=0.00s Sys=0.00s Real=0.00s
[4.115s][info ][gc             ] GC(1344) Concurrent Abortable Preclean 193.069ms
[4.115s][info ][gc,cpu         ] GC(1344) User=0.68s Sys=0.03s Real=0.20s
[4.115s][info ][gc,start       ] GC(1344) Pause Remark
[4.115s][debug][gc,phases      ] GC(1344) Rescan (parallel) 0.084ms
[4.115s][debug][gc,phases      ] GC(1344) Reference Processing 0.012ms
[4.115s][debug][gc,phases      ] GC(1344) Weak Processing 0.004ms
[4.115s][debug][gc,phases      ] GC(1344) ClassLoaderData 0.009ms
[4.115s][debug][gc,phases      ] GC(1344) ProtectionDomainCacheTable 0.002ms
[4.115s][debug][gc,phases      ] GC(1344) ResolvedMethodTable 0.006ms
[4.115s][debug][gc,phases      ] GC(1344) Class Unloading 0.156ms
[4.116s][debug][gc,phases      ] GC(1344) Scrub Symbol Table 0.469ms
[4.116s][debug][gc,phases      ] GC(1344) Scrub String Table 0.021ms
[4.116s][info ][gc             ] GC(1344) Pause Remark 45M->45M(61M) 0.864ms
[4.116s][info ][gc,cpu         ] GC(1344) User=0.00s Sys=0.00s Real=0.00s
[4.116s][info ][gc             ] GC(1344) Concurrent Sweep
[4.117s][info ][gc             ] GC(1344) Concurrent Sweep 0.468ms
[4.117s][info ][gc,cpu         ] GC(1344) User=0.00s Sys=0.00s Real=0.00s
[4.117s][info ][gc             ] GC(1344) Concurrent Reset
[4.117s][info ][gc             ] GC(1344) Concurrent Reset 0.036ms
[4.117s][info ][gc,cpu         ] GC(1344) User=0.00s Sys=0.00s Real=0.00s
[4.117s][info ][gc,heap        ] GC(1344) Old: 13294K->31282K(43712K)
[4.118s][info ][gc,start       ] GC(1416) Pause Young (Allocation Failure)
[4.118s][info ][gc,task        ] GC(1416) Using 8 workers of 8 for evacuation
[4.118s][debug][gc,age         ] GC(1416) Desired survivor size 1114112 bytes, new threshold 1 (max threshold 6)
[4.118s][info ][gc,heap        ] GC(1416) ParNew: 19171K->1969K(19648K)
[4.118s][info ][gc,heap        ] GC(1416) CMS: 31282K->32063K(43712K)
[4.118s][info ][gc,metaspace   ] GC(1416) Metaspace: 5319K->5319K(1056768K)
[4.118s][info ][gc             ] GC(1416) Pause Young (Allocation Failure) 49M->33M(61M) 0.521ms
[4.118s][info ][gc,cpu         ] GC(1416) User=0.00s Sys=0.00s Real=0.00s
[4.118s][info ][gc,start       ] GC(1417) Pause Initial Mark
[4.118s][info ][gc             ] GC(1417) Pause Initial Mark 34M->34M(61M) 0.092ms
[4.118s][info ][gc,cpu         ] GC(1417) User=0.00s Sys=0.00s Real=0.00s
[4.118s][info ][gc             ] GC(1417) Concurrent Mark
[4.118s][info ][gc,task        ] GC(1417) Using 2 workers of 2 for marking
[4.120s][info ][gc             ] GC(1417) Concurrent Mark 1.442ms
[4.120s][info ][gc,cpu         ] GC(1417) User=0.00s Sys=0.00s Real=0.00s
[4.120s][info ][gc             ] GC(1417) Concurrent Preclean
[4.120s][info ][gc             ] GC(1417) Concurrent Preclean 0.146ms
[4.120s][info ][gc,cpu         ] GC(1417) User=0.01s Sys=0.00s Real=0.00s
[4.120s][info ][gc,start       ] GC(1418) Pause Young (Allocation Failure)
[4.120s][info ][gc,task        ] GC(1418) Using 8 workers of 8 for evacuation
[4.121s][debug][gc,age         ] GC(1418) Desired survivor size 1114112 bytes, new threshold 1 (max threshold 6)
[4.121s][info ][gc,heap        ] GC(1418) ParNew: 19149K->1186K(19648K)
[4.121s][info ][gc,heap        ] GC(1418) CMS: 32063K->32845K(43712K)
[4.121s][info ][gc,metaspace   ] GC(1418) Metaspace: 5319K->5319K(1056768K)
[4.122s][info ][gc             ] GC(1418) Pause Young (Allocation Failure) 50M->33M(61M) 1.092ms
[4.122s][info ][gc,cpu         ] GC(1418) User=0.00s Sys=0.00s Real=0.00s
[4.122s][info ][gc,start       ] GC(1417) Pause Remark
[4.122s][debug][gc,phases      ] GC(1417) Rescan (parallel) 0.195ms
[4.122s][debug][gc,phases      ] GC(1417) Reference Processing 0.012ms
[4.122s][debug][gc,phases      ] GC(1417) Weak Processing 0.003ms
[4.122s][debug][gc,phases      ] GC(1417) ClassLoaderData 0.008ms
[4.122s][debug][gc,phases      ] GC(1417) ProtectionDomainCacheTable 0.002ms
[4.122s][debug][gc,phases      ] GC(1417) ResolvedMethodTable 0.006ms
[4.122s][debug][gc,phases      ] GC(1417) Class Unloading 0.158ms
[4.123s][debug][gc,phases      ] GC(1417) Scrub Symbol Table 0.430ms
[4.123s][debug][gc,phases      ] GC(1417) Scrub String Table 0.020ms
[4.123s][info ][gc             ] GC(1417) Pause Remark 34M->34M(61M) 0.908ms
[4.123s][info ][gc,cpu         ] GC(1417) User=0.01s Sys=0.00s Real=0.00s
[4.123s][info ][gc             ] GC(1417) Concurrent Sweep
[4.123s][info ][gc             ] GC(1417) Concurrent Sweep 0.464ms
[4.123s][info ][gc,cpu         ] GC(1417) User=0.00s Sys=0.00s Real=0.00s
[4.123s][info ][gc             ] GC(1417) Concurrent Reset
[4.123s][info ][gc             ] GC(1417) Concurrent Reset 0.036ms
[4.123s][info ][gc,cpu         ] GC(1417) User=0.00s Sys=0.00s Real=0.00s
[4.123s][info ][gc,heap        ] GC(1417) Old: 32063K->2736K(43712K)
[4.124s][info ][gc,start       ] GC(1419) Pause Young (Allocation Failure)
[4.124s][info ][gc,task        ] GC(1419) Using 8 workers of 8 for evacuation
[4.125s][debug][gc,age         ] GC(1419) Desired survivor size 1114112 bytes, new threshold 1 (max threshold 6)
[4.125s][info ][gc,heap        ] GC(1419) ParNew: 18351K->1967K(19648K)
[4.125s][info ][gc,heap        ] GC(1419) CMS: 2736K->3518K(43712K)
[4.125s][info ][gc,metaspace   ] GC(1419) Metaspace: 5319K->5319K(1056768K)
[4.125s][info ][gc             ] GC(1419) Pause Young (Allocation Failure) 20M->5M(61M) 0.501ms
[4.125s][info ][gc,cpu         ] GC(1419) User=0.01s Sys=0.00s Real=0.00s
[4.126s][info ][gc,start       ] GC(1420) Pause Young (Allocation Failure)
[4.126s][info ][gc,task        ] GC(1420) Using 8 workers of 8 for evacuation
[4.127s][debug][gc,age         ] GC(1420) Desired survivor size 1114112 bytes, new threshold 1 (max threshold 6)
[4.127s][info ][gc,heap        ] GC(1420) ParNew: 19124K->1967K(19648K)
[4.127s][info ][gc,heap        ] GC(1420) CMS: 3518K->3908K(43712K)
[4.127s][info ][gc,metaspace   ] GC(1420) Metaspace: 5319K->5319K(1056768K)
[4.127s][info ][gc             ] GC(1420) Pause Young (Allocation Failure) 22M->5M(61M) 1.116ms
[4.127s][info ][gc,cpu         ] GC(1420) User=0.01s Sys=0.00s Real=0.00s
[4.129s][info ][gc,start       ] GC(1421) Pause Young (Allocation Failure)
[4.129s][info ][gc,task        ] GC(1421) Using 8 workers of 8 for evacuation
[4.130s][debug][gc,age         ] GC(1421) Desired survivor size 1114112 bytes, new threshold 1 (max threshold 6)
[4.130s][info ][gc,heap        ] GC(1421) ParNew: 19439K->1965K(19648K)
[4.130s][info ][gc,heap        ] GC(1421) CMS: 3908K->5081K(43712K)
[4.130s][info ][gc,metaspace   ] GC(1421) Metaspace: 5319K->5319K(1056768K)
[4.130s][info ][gc             ] GC(1421) Pause Young (Allocation Failure) 22M->6M(61M) 0.765ms
[4.130s][info ][gc,cpu         ] GC(1421) User=0.00s Sys=0.00s Real=0.00s
[4.132s][info ][gc,start       ] GC(1422) Pause Young (Allocation Failure)
[4.132s][info ][gc,task        ] GC(1422) Using 8 workers of 8 for evacuation
[4.132s][debug][gc,age         ] GC(1422) Desired survivor size 1114112 bytes, new threshold 6 (max threshold 6)
[4.132s][info ][gc,heap        ] GC(1422) ParNew: 19310K->791K(19648K)
[4.132s][info ][gc,heap        ] GC(1422) CMS: 5081K->6645K(43712K)
[4.132s][info ][gc,metaspace   ] GC(1422) Metaspace: 5319K->5319K(1056768K)
[4.132s][info ][gc             ] GC(1422) Pause Young (Allocation Failure) 23M->7M(61M) 0.553ms
[4.132s][info ][gc,cpu         ] GC(1422) User=0.01s Sys=0.00s Real=0.00s
[4.132s][info ][gc,start       ] GC(1423) Pause Initial Mark
[4.133s][info ][gc             ] GC(1423) Pause Initial Mark 9M->9M(61M) 0.084ms
[4.133s][info ][gc,cpu         ] GC(1423) User=0.00s Sys=0.00s Real=0.00s
[4.133s][info ][gc             ] GC(1423) Concurrent Mark
[4.133s][info ][gc,task        ] GC(1423) Using 2 workers of 2 for marking
[4.134s][info ][gc,start       ] GC(1424) Pause Young (Allocation Failure)
[4.134s][info ][gc,task        ] GC(1424) Using 8 workers of 8 for evacuation
[4.134s][debug][gc,age         ] GC(1424) Desired survivor size 1114112 bytes, new threshold 1 (max threshold 6)
[4.134s][info ][gc,heap        ] GC(1424) ParNew: 18020K->1188K(19648K)
[4.134s][info ][gc,heap        ] GC(1424) CMS: 6645K->6645K(43712K)
[4.134s][info ][gc,metaspace   ] GC(1424) Metaspace: 5319K->5319K(1056768K)
[4.135s][info ][gc             ] GC(1424) Pause Young (Allocation Failure) 24M->7M(61M) 0.381ms
[4.135s][info ][gc,cpu         ] GC(1424) User=0.00s Sys=0.00s Real=0.00s
[4.136s][info ][gc,start       ] GC(1425) Pause Young (Allocation Failure)
[4.136s][info ][gc,task        ] GC(1425) Using 8 workers of 8 for evacuation
[4.137s][debug][gc,age         ] GC(1425) Desired survivor size 1114112 bytes, new threshold 1 (max threshold 6)
[4.137s][info ][gc,heap        ] GC(1425) ParNew: 18283K->1576K(19648K)
[4.137s][info ][gc,heap        ] GC(1425) CMS: 6645K->7427K(43712K)
[4.137s][info ][gc,metaspace   ] GC(1425) Metaspace: 5319K->5319K(1056768K)
[4.137s][info ][gc             ] GC(1425) Pause Young (Allocation Failure) 24M->8M(61M) 0.607ms
[4.137s][info ][gc,cpu         ] GC(1425) User=0.01s Sys=0.00s Real=0.00s
[4.138s][info ][gc             ] GC(1423) Concurrent Mark 5.146ms
[4.138s][info ][gc,cpu         ] GC(1423) User=0.02s Sys=0.00s Real=0.01s
[4.138s][info ][gc             ] GC(1423) Concurrent Preclean
[4.138s][info ][gc             ] GC(1423) Concurrent Preclean 0.233ms
[4.138s][info ][gc,cpu         ] GC(1423) User=0.00s Sys=0.00s Real=0.00s
[4.138s][info ][gc             ] GC(1423) Concurrent Abortable Preclean
[4.139s][info ][gc,start       ] GC(1426) Pause Young (Allocation Failure)
[4.139s][info ][gc,task        ] GC(1426) Using 8 workers of 8 for evacuation
[4.139s][debug][gc,age         ] GC(1426) Desired survivor size 1114112 bytes, new threshold 1 (max threshold 6)
[4.140s][info ][gc,heap        ] GC(1426) ParNew: 18790K->1967K(19648K)
[4.140s][info ][gc,heap        ] GC(1426) CMS: 7427K->7427K(43712K)
[4.140s][info ][gc,metaspace   ] GC(1426) Metaspace: 5319K->5319K(1056768K)
[4.140s][info ][gc             ] GC(1426) Pause Young (Allocation Failure) 25M->9M(61M) 1.027ms
[4.140s][info ][gc,cpu         ] GC(1426) User=0.01s Sys=0.00s Real=0.00s
[4.141s][info ][gc,start       ] GC(1427) Pause Young (Allocation Failure)
[4.141s][info ][gc,task        ] GC(1427) Using 8 workers of 8 for evacuation
[4.141s][debug][gc,age         ] GC(1427) Desired survivor size 1114112 bytes, new threshold 1 (max threshold 6)
[4.141s][info ][gc,heap        ] GC(1427) ParNew: 19095K->1576K(19648K)
[4.141s][info ][gc,heap        ] GC(1427) CMS: 7427K->7818K(43712K)
[4.141s][info ][gc,metaspace   ] GC(1427) Metaspace: 5319K->5319K(1056768K)
[4.141s][info ][gc             ] GC(1427) Pause Young (Allocation Failure) 25M->9M(61M) 0.422ms
[4.141s][info ][gc,cpu         ] GC(1427) User=0.00s Sys=0.00s Real=0.00s
[4.143s][info ][gc,start       ] GC(1428) Pause Young (Allocation Failure)
[4.143s][info ][gc,task        ] GC(1428) Using 8 workers of 8 for evacuation
[4.143s][debug][gc,age         ] GC(1428) Desired survivor size 1114112 bytes, new threshold 1 (max threshold 6)
[4.143s][info ][gc,heap        ] GC(1428) ParNew: 18707K->1184K(19648K)
[4.143s][info ][gc,heap        ] GC(1428) CMS: 7818K->7818K(43712K)
[4.143s][info ][gc,metaspace   ] GC(1428) Metaspace: 5319K->5319K(1056768K)
[4.143s][info ][gc             ] GC(1428) Pause Young (Allocation Failure) 25M->8M(61M) 0.369ms
[4.143s][info ][gc,cpu         ] GC(1428) User=0.00s Sys=0.00s Real=0.00s
[4.145s][info ][gc,start       ] GC(1429) Pause Young (Allocation Failure)
[4.145s][info ][gc,task        ] GC(1429) Using 8 workers of 8 for evacuation
[4.145s][debug][gc,age         ] GC(1429) Desired survivor size 1114112 bytes, new threshold 1 (max threshold 6)
[4.145s][info ][gc,heap        ] GC(1429) ParNew: 18341K->1574K(19648K)
[4.145s][info ][gc,heap        ] GC(1429) CMS: 7818K->7819K(43712K)
[4.145s][info ][gc,metaspace   ] GC(1429) Metaspace: 5319K->5319K(1056768K)
[4.145s][info ][gc             ] GC(1429) Pause Young (Allocation Failure) 25M->9M(61M) 0.457ms
[4.145s][info ][gc,cpu         ] GC(1429) User=0.00s Sys=0.00s Real=0.00s
[4.147s][info ][gc,start       ] GC(1430) Pause Young (Allocation Failure)
[4.147s][info ][gc,task        ] GC(1430) Using 8 workers of 8 for evacuation
[4.148s][debug][gc,age         ] GC(1430) Desired survivor size 1114112 bytes, new threshold 1 (max threshold 6)
[4.148s][info ][gc,heap        ] GC(1430) ParNew: 18711K->1965K(19648K)
[4.148s][info ][gc,heap        ] GC(1430) CMS: 7819K->8991K(43712K)
[4.148s][info ][gc,metaspace   ] GC(1430) Metaspace: 5323K->5323K(1056768K)
[4.148s][info ][gc             ] GC(1430) Pause Young (Allocation Failure) 25M->10M(61M) 1.472ms
[4.148s][info ][gc,cpu         ] GC(1430) User=0.00s Sys=0.00s Real=0.00s
[4.150s][info ][gc,start       ] GC(1431) Pause Young (Allocation Failure)
[4.150s][info ][gc,task        ] GC(1431) Using 8 workers of 8 for evacuation
[4.150s][debug][gc,age         ] GC(1431) Desired survivor size 1114112 bytes, new threshold 1 (max threshold 6)
[4.150s][info ][gc,heap        ] GC(1431) ParNew: 19156K->1578K(19648K)
[4.150s][info ][gc,heap        ] GC(1431) CMS: 8991K->8991K(43712K)
[4.150s][info ][gc,metaspace   ] GC(1431) Metaspace: 5334K->5334K(1056768K)
[4.150s][info ][gc             ] GC(1431) Pause Young (Allocation Failure) 27M->10M(61M) 0.333ms
[4.150s][info ][gc,cpu         ] GC(1431) User=0.00s Sys=0.00s Real=0.00s
[4.151s][info ][gc,start       ] GC(1432) Pause Young (Allocation Failure)
[4.151s][info ][gc,task        ] GC(1432) Using 8 workers of 8 for evacuation
[4.152s][debug][gc,age         ] GC(1432) Desired survivor size 1114112 bytes, new threshold 1 (max threshold 6)
[4.152s][info ][gc,heap        ] GC(1432) ParNew: 18697K->1965K(19648K)
[4.152s][info ][gc,heap        ] GC(1432) CMS: 8991K->9773K(43712K)
[4.152s][info ][gc,metaspace   ] GC(1432) Metaspace: 5340K->5340K(1056768K)
[4.152s][info ][gc             ] GC(1432) Pause Young (Allocation Failure) 27M->11M(61M) 0.488ms
[4.152s][info ][gc,cpu         ] GC(1432) User=0.00s Sys=0.00s Real=0.00s
[4.154s][info ][gc,start       ] GC(1433) Pause Young (Allocation Failure)
[4.154s][info ][gc,task        ] GC(1433) Using 8 workers of 8 for evacuation
[4.154s][debug][gc,age         ] GC(1433) Desired survivor size 1114112 bytes, new threshold 1 (max threshold 6)
[4.154s][info ][gc,heap        ] GC(1433) ParNew: 19103K->1967K(19648K)
[4.154s][info ][gc,heap        ] GC(1433) CMS: 9773K->10555K(43712K)
[4.154s][info ][gc,metaspace   ] GC(1433) Metaspace: 5340K->5340K(1056768K)
[4.154s][info ][gc             ] GC(1433) Pause Young (Allocation Failure) 28M->12M(61M) 0.592ms
[4.154s][info ][gc,cpu         ] GC(1433) User=0.00s Sys=0.00s Real=0.00s
[4.156s][info ][gc,start       ] GC(1434) Pause Young (Allocation Failure)
[4.156s][info ][gc,task        ] GC(1434) Using 8 workers of 8 for evacuation
[4.156s][debug][gc,age         ] GC(1434) Desired survivor size 1114112 bytes, new threshold 1 (max threshold 6)
[4.156s][info ][gc,heap        ] GC(1434) ParNew: 19148K->1969K(19648K)
[4.156s][info ][gc,heap        ] GC(1434) CMS: 10555K->11336K(43712K)
[4.156s][info ][gc,metaspace   ] GC(1434) Metaspace: 5340K->5340K(1056768K)
[4.156s][info ][gc             ] GC(1434) Pause Young (Allocation Failure) 29M->12M(61M) 0.756ms
[4.156s][info ][gc,cpu         ] GC(1434) User=0.00s Sys=0.00s Real=0.00s
[4.158s][info ][gc,start       ] GC(1435) Pause Young (Allocation Failure)
[4.158s][info ][gc,task        ] GC(1435) Using 8 workers of 8 for evacuation
[4.159s][debug][gc,age         ] GC(1435) Desired survivor size 1114112 bytes, new threshold 1 (max threshold 6)
[4.159s][info ][gc,heap        ] GC(1435) ParNew: 19441K->1963K(19648K)
[4.159s][info ][gc,heap        ] GC(1435) CMS: 11336K->11727K(43712K)
[4.159s][info ][gc,metaspace   ] GC(1435) Metaspace: 5340K->5340K(1056768K)
[4.159s][info ][gc             ] GC(1435) Pause Young (Allocation Failure) 30M->13M(61M) 0.972ms
[4.159s][info ][gc,cpu         ] GC(1435) User=0.01s Sys=0.00s Real=0.00s
[4.160s][info ][gc,start       ] GC(1436) Pause Young (Allocation Failure)
[4.160s][info ][gc,task        ] GC(1436) Using 8 workers of 8 for evacuation
[4.161s][debug][gc,age         ] GC(1436) Desired survivor size 1114112 bytes, new threshold 1 (max threshold 6)
[4.161s][info ][gc,heap        ] GC(1436) ParNew: 19144K->1576K(19648K)
[4.161s][info ][gc,heap        ] GC(1436) CMS: 11727K->11727K(43712K)
[4.161s][info ][gc,metaspace   ] GC(1436) Metaspace: 5340K->5340K(1056768K)
[4.161s][info ][gc             ] GC(1436) Pause Young (Allocation Failure) 30M->12M(61M) 0.631ms
[4.161s][info ][gc,cpu         ] GC(1436) User=0.01s Sys=0.00s Real=0.00s
[4.162s][info ][gc,start       ] GC(1437) Pause Young (Allocation Failure)
[4.162s][info ][gc,task        ] GC(1437) Using 8 workers of 8 for evacuation
[4.163s][debug][gc,age         ] GC(1437) Desired survivor size 1114112 bytes, new threshold 1 (max threshold 6)
[4.164s][info ][gc,heap        ] GC(1437) ParNew: 18743K->1969K(19648K)
[4.164s][info ][gc,heap        ] GC(1437) CMS: 11727K->12509K(43712K)
[4.164s][info ][gc,metaspace   ] GC(1437) Metaspace: 5340K->5340K(1056768K)
[4.164s][info ][gc             ] GC(1437) Pause Young (Allocation Failure) 29M->14M(61M) 1.189ms
[4.164s][info ][gc,cpu         ] GC(1437) User=0.01s Sys=0.00s Real=0.01s
[4.165s][info ][gc,start       ] GC(1438) Pause Young (Allocation Failure)
[4.165s][info ][gc,task        ] GC(1438) Using 8 workers of 8 for evacuation
[4.166s][debug][gc,age         ] GC(1438) Desired survivor size 1114112 bytes, new threshold 1 (max threshold 6)
[4.166s][info ][gc,heap        ] GC(1438) ParNew: 19086K->1965K(19648K)
[4.166s][info ][gc,heap        ] GC(1438) CMS: 12509K->12900K(43712K)
[4.166s][info ][gc,metaspace   ] GC(1438) Metaspace: 5340K->5340K(1056768K)
[4.166s][info ][gc             ] GC(1438) Pause Young (Allocation Failure) 30M->14M(61M) 1.103ms
[4.166s][info ][gc,cpu         ] GC(1438) User=0.00s Sys=0.00s Real=0.00s
[4.168s][info ][gc,start       ] GC(1439) Pause Young (Allocation Failure)
[4.168s][info ][gc,task        ] GC(1439) Using 8 workers of 8 for evacuation
[4.169s][debug][gc,age         ] GC(1439) Desired survivor size 1114112 bytes, new threshold 1 (max threshold 6)
[4.169s][info ][gc,heap        ] GC(1439) ParNew: 19092K->1967K(19648K)
[4.169s][info ][gc,heap        ] GC(1439) CMS: 12900K->13291K(43712K)
[4.169s][info ][gc,metaspace   ] GC(1439) Metaspace: 5340K->5340K(1056768K)
[4.169s][info ][gc             ] GC(1439) Pause Young (Allocation Failure) 31M->14M(61M) 1.122ms
[4.169s][info ][gc,cpu         ] GC(1439) User=0.01s Sys=0.00s Real=0.00s
[4.170s][info ][gc,start       ] GC(1440) Pause Young (Allocation Failure)
[4.170s][info ][gc,task        ] GC(1440) Using 8 workers of 8 for evacuation
[4.170s][debug][gc,age         ] GC(1440) Desired survivor size 1114112 bytes, new threshold 1 (max threshold 6)
[4.171s][info ][gc,heap        ] GC(1440) ParNew: 19137K->1967K(19648K)
[4.171s][info ][gc,heap        ] GC(1440) CMS: 13291K->14072K(43712K)
[4.171s][info ][gc,metaspace   ] GC(1440) Metaspace: 5340K->5340K(1056768K)
[4.171s][info ][gc             ] GC(1440) Pause Young (Allocation Failure) 31M->15M(61M) 0.543ms
[4.171s][info ][gc,cpu         ] GC(1440) User=0.00s Sys=0.00s Real=0.00s
[4.172s][info ][gc,start       ] GC(1441) Pause Young (Allocation Failure)
[4.172s][info ][gc,task        ] GC(1441) Using 8 workers of 8 for evacuation
[4.172s][debug][gc,age         ] GC(1441) Desired survivor size 1114112 bytes, new threshold 1 (max threshold 6)
[4.172s][info ][gc,heap        ] GC(1441) ParNew: 19439K->1576K(19648K)
[4.172s][info ][gc,heap        ] GC(1441) CMS: 14072K->14463K(43712K)
[4.172s][info ][gc,metaspace   ] GC(1441) Metaspace: 5340K->5340K(1056768K)
[4.172s][info ][gc             ] GC(1441) Pause Young (Allocation Failure) 32M->15M(61M) 0.430ms
[4.172s][info ][gc,cpu         ] GC(1441) User=0.00s Sys=0.00s Real=0.00s
[4.174s][info ][gc,start       ] GC(1442) Pause Young (Allocation Failure)
[4.174s][info ][gc,task        ] GC(1442) Using 8 workers of 8 for evacuation
[4.174s][debug][gc,age         ] GC(1442) Desired survivor size 1114112 bytes, new threshold 1 (max threshold 6)
[4.174s][info ][gc,heap        ] GC(1442) ParNew: 18696K->1969K(19648K)
[4.174s][info ][gc,heap        ] GC(1442) CMS: 14463K->15245K(43712K)
[4.174s][info ][gc,metaspace   ] GC(1442) Metaspace: 5340K->5340K(1056768K)
[4.174s][info ][gc             ] GC(1442) Pause Young (Allocation Failure) 32M->16M(61M) 0.501ms
[4.174s][info ][gc,cpu         ] GC(1442) User=0.00s Sys=0.00s Real=0.00s
[4.176s][info ][gc,start       ] GC(1443) Pause Young (Allocation Failure)
[4.176s][info ][gc,task        ] GC(1443) Using 8 workers of 8 for evacuation
[4.177s][debug][gc,age         ] GC(1443) Desired survivor size 1114112 bytes, new threshold 1 (max threshold 6)
[4.177s][info ][gc,heap        ] GC(1443) ParNew: 19103K->1965K(19648K)
[4.177s][info ][gc,heap        ] GC(1443) CMS: 15245K->16417K(43712K)
[4.177s][info ][gc,metaspace   ] GC(1443) Metaspace: 5340K->5340K(1056768K)
[4.177s][info ][gc             ] GC(1443) Pause Young (Allocation Failure) 33M->17M(61M) 1.305ms
[4.177s][info ][gc,cpu         ] GC(1443) User=0.01s Sys=0.00s Real=0.00s
[4.179s][info ][gc,start       ] GC(1444) Pause Young (Allocation Failure)
[4.179s][info ][gc,task        ] GC(1444) Using 8 workers of 8 for evacuation
[4.179s][debug][gc,age         ] GC(1444) Desired survivor size 1114112 bytes, new threshold 1 (max threshold 6)
[4.179s][info ][gc,heap        ] GC(1444) ParNew: 19144K->1967K(19648K)
[4.179s][info ][gc,heap        ] GC(1444) CMS: 16417K->17198K(43712K)
[4.179s][info ][gc,metaspace   ] GC(1444) Metaspace: 5340K->5340K(1056768K)
[4.179s][info ][gc             ] GC(1444) Pause Young (Allocation Failure) 34M->18M(61M) 0.743ms
[4.179s][info ][gc,cpu         ] GC(1444) User=0.00s Sys=0.01s Real=0.00s
[4.181s][info ][gc,start       ] GC(1445) Pause Young (Allocation Failure)
[4.181s][info ][gc,task        ] GC(1445) Using 8 workers of 8 for evacuation
[4.181s][debug][gc,age         ] GC(1445) Desired survivor size 1114112 bytes, new threshold 1 (max threshold 6)
[4.181s][info ][gc,heap        ] GC(1445) ParNew: 19402K->1574K(19648K)
[4.181s][info ][gc,heap        ] GC(1445) CMS: 17198K->17981K(43712K)
[4.181s][info ][gc,metaspace   ] GC(1445) Metaspace: 5340K->5340K(1056768K)
[4.181s][info ][gc             ] GC(1445) Pause Young (Allocation Failure) 35M->19M(61M) 0.509ms
[4.181s][info ][gc,cpu         ] GC(1445) User=0.00s Sys=0.00s Real=0.00s
[4.182s][info ][gc,start       ] GC(1446) Pause Young (Allocation Failure)
[4.183s][info ][gc,task        ] GC(1446) Using 8 workers of 8 for evacuation
[4.183s][debug][gc,age         ] GC(1446) Desired survivor size 1114112 bytes, new threshold 1 (max threshold 6)
[4.183s][info ][gc,heap        ] GC(1446) ParNew: 18774K->1969K(19648K)
[4.183s][info ][gc,heap        ] GC(1446) CMS: 17981K->18762K(43712K)
[4.183s][info ][gc,metaspace   ] GC(1446) Metaspace: 5340K->5340K(1056768K)
[4.183s][info ][gc             ] GC(1446) Pause Young (Allocation Failure) 35M->20M(61M) 0.752ms
[4.183s][info ][gc,cpu         ] GC(1446) User=0.00s Sys=0.00s Real=0.00s
[4.185s][info ][gc,start       ] GC(1447) Pause Young (Allocation Failure)
[4.185s][info ][gc,task        ] GC(1447) Using 8 workers of 8 for evacuation
[4.185s][debug][gc,age         ] GC(1447) Desired survivor size 1114112 bytes, new threshold 1 (max threshold 6)
[4.185s][info ][gc,heap        ] GC(1447) ParNew: 19147K->1578K(19648K)
[4.185s][info ][gc,heap        ] GC(1447) CMS: 18762K->18762K(43712K)
[4.185s][info ][gc,metaspace   ] GC(1447) Metaspace: 5340K->5340K(1056768K)
[4.185s][info ][gc             ] GC(1447) Pause Young (Allocation Failure) 37M->19M(61M) 0.377ms
[4.185s][info ][gc,cpu         ] GC(1447) User=0.00s Sys=0.00s Real=0.00s
[4.186s][info ][gc,start       ] GC(1448) Pause Young (Allocation Failure)
[4.186s][info ][gc,task        ] GC(1448) Using 8 workers of 8 for evacuation
[4.187s][debug][gc,age         ] GC(1448) Desired survivor size 1114112 bytes, new threshold 1 (max threshold 6)
[4.187s][info ][gc,heap        ] GC(1448) ParNew: 18743K->1967K(19648K)
[4.187s][info ][gc,heap        ] GC(1448) CMS: 18762K->19544K(43712K)
[4.187s][info ][gc,metaspace   ] GC(1448) Metaspace: 5340K->5340K(1056768K)
[4.187s][info ][gc             ] GC(1448) Pause Young (Allocation Failure) 36M->21M(61M) 0.569ms
[4.187s][info ][gc,cpu         ] GC(1448) User=0.00s Sys=0.00s Real=0.00s
[4.188s][info ][gc,start       ] GC(1449) Pause Young (Allocation Failure)
[4.188s][info ][gc,task        ] GC(1449) Using 8 workers of 8 for evacuation
[4.189s][debug][gc,age         ] GC(1449) Desired survivor size 1114112 bytes, new threshold 1 (max threshold 6)
[4.189s][info ][gc,heap        ] GC(1449) ParNew: 19123K->1967K(19648K)
[4.189s][info ][gc,heap        ] GC(1449) CMS: 19544K->19544K(43712K)
[4.189s][info ][gc,metaspace   ] GC(1449) Metaspace: 5340K->5340K(1056768K)
[4.189s][info ][gc             ] GC(1449) Pause Young (Allocation Failure) 37M->21M(61M) 1.105ms
[4.189s][info ][gc,cpu         ] GC(1449) User=0.00s Sys=0.00s Real=0.00s
[4.191s][info ][gc,start       ] GC(1450) Pause Young (Allocation Failure)
[4.191s][info ][gc,task        ] GC(1450) Using 8 workers of 8 for evacuation
[4.191s][debug][gc,age         ] GC(1450) Desired survivor size 1114112 bytes, new threshold 1 (max threshold 6)
[4.191s][info ][gc,heap        ] GC(1450) ParNew: 19118K->1967K(19648K)
[4.191s][info ][gc,heap        ] GC(1450) CMS: 19544K->20325K(43712K)
[4.191s][info ][gc,metaspace   ] GC(1450) Metaspace: 5340K->5340K(1056768K)
[4.191s][info ][gc             ] GC(1450) Pause Young (Allocation Failure) 37M->21M(61M) 0.523ms
[4.191s][info ][gc,cpu         ] GC(1450) User=0.00s Sys=0.00s Real=0.00s
[4.193s][info ][gc,start       ] GC(1451) Pause Young (Allocation Failure)
[4.193s][info ][gc,task        ] GC(1451) Using 8 workers of 8 for evacuation
[4.194s][debug][gc,age         ] GC(1451) Desired survivor size 1114112 bytes, new threshold 1 (max threshold 6)
[4.194s][info ][gc,heap        ] GC(1451) ParNew: 19439K->1963K(19648K)
[4.194s][info ][gc,heap        ] GC(1451) CMS: 20325K->21108K(43712K)
[4.194s][info ][gc,metaspace   ] GC(1451) Metaspace: 5340K->5340K(1056768K)
[4.194s][info ][gc             ] GC(1451) Pause Young (Allocation Failure) 38M->22M(61M) 0.482ms
[4.194s][info ][gc,cpu         ] GC(1451) User=0.00s Sys=0.00s Real=0.01s
[4.195s][info ][gc,start       ] GC(1452) Pause Young (Allocation Failure)
[4.195s][info ][gc,task        ] GC(1452) Using 8 workers of 8 for evacuation
[4.195s][debug][gc,age         ] GC(1452) Desired survivor size 1114112 bytes, new threshold 1 (max threshold 6)
[4.195s][info ][gc,heap        ] GC(1452) ParNew: 19339K->1576K(19648K)
[4.195s][info ][gc,heap        ] GC(1452) CMS: 21108K->22280K(43712K)
[4.195s][info ][gc,metaspace   ] GC(1452) Metaspace: 5340K->5340K(1056768K)
[4.195s][info ][gc             ] GC(1452) Pause Young (Allocation Failure) 39M->23M(61M) 0.510ms
[4.195s][info ][gc,cpu         ] GC(1452) User=0.00s Sys=0.00s Real=0.00s
[4.197s][info ][gc,start       ] GC(1453) Pause Young (Allocation Failure)
[4.197s][info ][gc,task        ] GC(1453) Using 8 workers of 8 for evacuation
[4.198s][debug][gc,age         ] GC(1453) Desired survivor size 1114112 bytes, new threshold 1 (max threshold 6)
[4.198s][info ][gc,heap        ] GC(1453) ParNew: 18662K->1576K(19648K)
[4.198s][info ][gc,heap        ] GC(1453) CMS: 22280K->23453K(43712K)
[4.198s][info ][gc,metaspace   ] GC(1453) Metaspace: 5340K->5340K(1056768K)
[4.198s][info ][gc             ] GC(1453) Pause Young (Allocation Failure) 39M->24M(61M) 1.381ms
[4.198s][info ][gc,cpu         ] GC(1453) User=0.01s Sys=0.00s Real=0.00s
[4.200s][info ][gc,start       ] GC(1454) Pause Young (Allocation Failure)
[4.200s][info ][gc,task        ] GC(1454) Using 8 workers of 8 for evacuation
[4.200s][debug][gc,age         ] GC(1454) Desired survivor size 1114112 bytes, new threshold 1 (max threshold 6)
[4.200s][info ][gc,heap        ] GC(1454) ParNew: 18756K->1969K(19648K)
[4.200s][info ][gc,heap        ] GC(1454) CMS: 23453K->24626K(43712K)
[4.200s][info ][gc,metaspace   ] GC(1454) Metaspace: 5340K->5340K(1056768K)
[4.200s][info ][gc             ] GC(1454) Pause Young (Allocation Failure) 41M->25M(61M) 0.543ms
[4.200s][info ][gc,cpu         ] GC(1454) User=0.00s Sys=0.00s Real=0.00s
[4.202s][info ][gc,start       ] GC(1455) Pause Young (Allocation Failure)
[4.202s][info ][gc,task        ] GC(1455) Using 8 workers of 8 for evacuation
[4.202s][debug][gc,age         ] GC(1455) Desired survivor size 1114112 bytes, new threshold 1 (max threshold 6)
[4.202s][info ][gc,heap        ] GC(1455) ParNew: 19113K->1965K(19648K)
[4.202s][info ][gc,heap        ] GC(1455) CMS: 24626K->26189K(43712K)
[4.202s][info ][gc,metaspace   ] GC(1455) Metaspace: 5340K->5340K(1056768K)
[4.202s][info ][gc             ] GC(1455) Pause Young (Allocation Failure) 42M->27M(61M) 0.619ms
[4.202s][info ][gc,cpu         ] GC(1455) User=0.00s Sys=0.00s Real=0.00s
[4.204s][info ][gc,start       ] GC(1456) Pause Young (Allocation Failure)
[4.204s][info ][gc,task        ] GC(1456) Using 8 workers of 8 for evacuation
[4.205s][debug][gc,age         ] GC(1456) Desired survivor size 1114112 bytes, new threshold 1 (max threshold 6)
[4.205s][info ][gc,heap        ] GC(1456) ParNew: 19182K->1967K(19648K)
[4.205s][info ][gc,heap        ] GC(1456) CMS: 26189K->26580K(43712K)
[4.205s][info ][gc,metaspace   ] GC(1456) Metaspace: 5340K->5340K(1056768K)
[4.205s][info ][gc             ] GC(1456) Pause Young (Allocation Failure) 44M->27M(61M) 1.138ms
[4.205s][info ][gc,cpu         ] GC(1456) User=0.01s Sys=0.00s Real=0.00s
[4.206s][info ][gc,start       ] GC(1457) Pause Young (Allocation Failure)
[4.206s][info ][gc,task        ] GC(1457) Using 8 workers of 8 for evacuation
[4.207s][debug][gc,age         ] GC(1457) Desired survivor size 1114112 bytes, new threshold 1 (max threshold 6)
[4.207s][info ][gc,heap        ] GC(1457) ParNew: 19113K->1965K(19648K)
[4.207s][info ][gc,heap        ] GC(1457) CMS: 26580K->27361K(43712K)
[4.207s][info ][gc,metaspace   ] GC(1457) Metaspace: 5340K->5340K(1056768K)
[4.207s][info ][gc             ] GC(1457) Pause Young (Allocation Failure) 44M->28M(61M) 0.639ms
[4.207s][info ][gc,cpu         ] GC(1457) User=0.01s Sys=0.00s Real=0.00s
[4.209s][info ][gc,start       ] GC(1458) Pause Young (Allocation Failure)
[4.209s][info ][gc,task        ] GC(1458) Using 8 workers of 8 for evacuation
[4.209s][debug][gc,age         ] GC(1458) Desired survivor size 1114112 bytes, new threshold 1 (max threshold 6)
[4.209s][info ][gc,heap        ] GC(1458) ParNew: 19049K->1967K(19648K)
[4.209s][info ][gc,heap        ] GC(1458) CMS: 27361K->28143K(43712K)
[4.209s][info ][gc,metaspace   ] GC(1458) Metaspace: 5340K->5340K(1056768K)
[4.209s][info ][gc             ] GC(1458) Pause Young (Allocation Failure) 45M->29M(61M) 0.728ms
[4.209s][info ][gc,cpu         ] GC(1458) User=0.00s Sys=0.00s Real=0.00s
[4.211s][info ][gc,start       ] GC(1459) Pause Young (Allocation Failure)
[4.211s][info ][gc,task        ] GC(1459) Using 8 workers of 8 for evacuation
[4.211s][debug][gc,age         ] GC(1459) Desired survivor size 1114112 bytes, new threshold 1 (max threshold 6)
[4.211s][info ][gc,heap        ] GC(1459) ParNew: 19174K->1965K(19648K)
[4.211s][info ][gc,heap        ] GC(1459) CMS: 28143K->28534K(43712K)
[4.211s][info ][gc,metaspace   ] GC(1459) Metaspace: 5340K->5340K(1056768K)
[4.211s][info ][gc             ] GC(1459) Pause Young (Allocation Failure) 46M->29M(61M) 0.493ms
[4.211s][info ][gc,cpu         ] GC(1459) User=0.00s Sys=0.00s Real=0.00s
[4.213s][info ][gc,start       ] GC(1460) Pause Young (Allocation Failure)
[4.213s][info ][gc,task        ] GC(1460) Using 8 workers of 8 for evacuation
[4.214s][debug][gc,age         ] GC(1460) Desired survivor size 1114112 bytes, new threshold 1 (max threshold 6)
[4.214s][info ][gc,heap        ] GC(1460) ParNew: 19149K->1967K(19648K)
[4.214s][info ][gc,heap        ] GC(1460) CMS: 28534K->29315K(43712K)
[4.214s][info ][gc,metaspace   ] GC(1460) Metaspace: 5340K->5340K(1056768K)
[4.214s][info ][gc             ] GC(1460) Pause Young (Allocation Failure) 46M->30M(61M) 1.168ms
[4.214s][info ][gc,cpu         ] GC(1460) User=0.01s Sys=0.00s Real=0.01s
[4.215s][info ][gc,start       ] GC(1461) Pause Young (Allocation Failure)
[4.215s][info ][gc,task        ] GC(1461) Using 8 workers of 8 for evacuation
[4.216s][debug][gc,age         ] GC(1461) Desired survivor size 1114112 bytes, new threshold 1 (max threshold 6)
[4.216s][info ][gc,heap        ] GC(1461) ParNew: 19085K->1965K(19648K)
[4.216s][info ][gc,heap        ] GC(1461) CMS: 29315K->29316K(43712K)
[4.216s][info ][gc,metaspace   ] GC(1461) Metaspace: 5340K->5340K(1056768K)
[4.216s][info ][gc             ] GC(1461) Pause Young (Allocation Failure) 47M->30M(61M) 0.440ms
[4.216s][info ][gc,cpu         ] GC(1461) User=0.00s Sys=0.00s Real=0.00s
[4.217s][info ][gc,start       ] GC(1462) Pause Young (Allocation Failure)
[4.217s][info ][gc,task        ] GC(1462) Using 8 workers of 8 for evacuation
[4.218s][debug][gc,age         ] GC(1462) Desired survivor size 1114112 bytes, new threshold 1 (max threshold 6)
[4.218s][info ][gc,heap        ] GC(1462) ParNew: 19141K->1969K(19648K)
[4.218s][info ][gc,heap        ] GC(1462) CMS: 29316K->30097K(43712K)
[4.218s][info ][gc,metaspace   ] GC(1462) Metaspace: 5340K->5340K(1056768K)
[4.218s][info ][gc             ] GC(1462) Pause Young (Allocation Failure) 47M->31M(61M) 0.492ms
[4.218s][info ][gc,cpu         ] GC(1462) User=0.00s Sys=0.00s Real=0.00s
[4.219s][info ][gc,start       ] GC(1463) Pause Young (Allocation Failure)
[4.219s][info ][gc,task        ] GC(1463) Using 8 workers of 8 for evacuation
[4.220s][debug][gc,age         ] GC(1463) Desired survivor size 1114112 bytes, new threshold 1 (max threshold 6)
[4.220s][info ][gc,heap        ] GC(1463) ParNew: 19436K->1574K(19648K)
[4.220s][info ][gc,heap        ] GC(1463) CMS: 30097K->30488K(43712K)
[4.220s][info ][gc,metaspace   ] GC(1463) Metaspace: 5340K->5340K(1056768K)
[4.220s][info ][gc             ] GC(1463) Pause Young (Allocation Failure) 48M->31M(61M) 0.441ms
[4.220s][info ][gc,cpu         ] GC(1463) User=0.00s Sys=0.00s Real=0.00s
[4.221s][info ][gc,start       ] GC(1464) Pause Young (Allocation Failure)
[4.221s][info ][gc,task        ] GC(1464) Using 8 workers of 8 for evacuation
[4.222s][debug][gc,age         ] GC(1464) Desired survivor size 1114112 bytes, new threshold 6 (max threshold 6)
[4.222s][info ][gc,heap        ] GC(1464) ParNew: 19012K->795K(19648K)
[4.222s][info ][gc,heap        ] GC(1464) CMS: 30488K->31270K(43712K)
[4.222s][info ][gc,metaspace   ] GC(1464) Metaspace: 5340K->5340K(1056768K)
[4.222s][info ][gc             ] GC(1464) Pause Young (Allocation Failure) 48M->31M(61M) 0.394ms
[4.222s][info ][gc,cpu         ] GC(1464) User=0.00s Sys=0.00s Real=0.00s
[4.223s][info ][gc,start       ] GC(1465) Pause Young (Allocation Failure)
[4.223s][info ][gc,task        ] GC(1465) Using 8 workers of 8 for evacuation
[4.224s][debug][gc,age         ] GC(1465) Desired survivor size 1114112 bytes, new threshold 1 (max threshold 6)
[4.224s][info ][gc,heap        ] GC(1465) ParNew: 17938K->1969K(19648K)
[4.224s][info ][gc,heap        ] GC(1465) CMS: 31270K->31661K(43712K)
[4.224s][info ][gc,metaspace   ] GC(1465) Metaspace: 5340K->5340K(1056768K)
[4.224s][info ][gc             ] GC(1465) Pause Young (Allocation Failure) 48M->32M(61M) 0.589ms
[4.224s][info ][gc,cpu         ] GC(1465) User=0.00s Sys=0.00s Real=0.01s
[4.225s][info ][gc,start       ] GC(1466) Pause Young (Allocation Failure)
[4.225s][info ][gc,task        ] GC(1466) Using 8 workers of 8 for evacuation
[4.226s][debug][gc,age         ] GC(1466) Desired survivor size 1114112 bytes, new threshold 1 (max threshold 6)
[4.226s][info ][gc,heap        ] GC(1466) ParNew: 19185K->1969K(19648K)
[4.226s][info ][gc,heap        ] GC(1466) CMS: 31661K->32442K(43712K)
[4.226s][info ][gc,metaspace   ] GC(1466) Metaspace: 5340K->5340K(1056768K)
[4.226s][info ][gc             ] GC(1466) Pause Young (Allocation Failure) 49M->33M(61M) 0.652ms
[4.226s][info ][gc,cpu         ] GC(1466) User=0.00s Sys=0.00s Real=0.00s
[4.227s][info ][gc,start       ] GC(1467) Pause Young (Allocation Failure)
[4.227s][info ][gc,task        ] GC(1467) Using 8 workers of 8 for evacuation
[4.227s][debug][gc,age         ] GC(1467) Desired survivor size 1114112 bytes, new threshold 1 (max threshold 6)
[4.227s][info ][gc,heap        ] GC(1467) ParNew: 19158K->1965K(19648K)
[4.227s][info ][gc,heap        ] GC(1467) CMS: 32442K->33614K(43712K)
[4.227s][info ][gc,metaspace   ] GC(1467) Metaspace: 5340K->5340K(1056768K)
[4.227s][info ][gc             ] GC(1467) Pause Young (Allocation Failure) 50M->34M(61M) 0.541ms
[4.227s][info ][gc,cpu         ] GC(1467) User=0.00s Sys=0.00s Real=0.00s
[4.229s][info ][gc,start       ] GC(1468) Pause Young (Allocation Failure)
[4.229s][info ][gc,task        ] GC(1468) Using 8 workers of 8 for evacuation
[4.230s][debug][gc,age         ] GC(1468) Desired survivor size 1114112 bytes, new threshold 1 (max threshold 6)
[4.230s][info ][gc,heap        ] GC(1468) ParNew: 19094K->1965K(19648K)
[4.230s][info ][gc,heap        ] GC(1468) CMS: 33614K->34787K(43712K)
[4.230s][info ][gc,metaspace   ] GC(1468) Metaspace: 5340K->5340K(1056768K)
[4.230s][info ][gc             ] GC(1468) Pause Young (Allocation Failure) 51M->35M(61M) 0.954ms
[4.230s][info ][gc,cpu         ] GC(1468) User=0.00s Sys=0.00s Real=0.00s
[4.231s][info ][gc,start       ] GC(1469) Pause Young (Allocation Failure)
[4.231s][info ][gc,task        ] GC(1469) Using 8 workers of 8 for evacuation
[4.232s][debug][gc,age         ] GC(1469) Desired survivor size 1114112 bytes, new threshold 1 (max threshold 6)
[4.232s][info ][gc,heap        ] GC(1469) ParNew: 19138K->1967K(19648K)
[4.232s][info ][gc,heap        ] GC(1469) CMS: 34787K->34787K(43712K)
[4.233s][info ][gc,metaspace   ] GC(1469) Metaspace: 5340K->5340K(1056768K)
[4.233s][info ][gc             ] GC(1469) Pause Young (Allocation Failure) 52M->35M(61M) 1.092ms
[4.233s][info ][gc,cpu         ] GC(1469) User=0.01s Sys=0.00s Real=0.00s
[4.234s][info ][gc,start       ] GC(1470) Pause Young (Allocation Failure)
[4.234s][info ][gc,task        ] GC(1470) Using 8 workers of 8 for evacuation
[4.235s][debug][gc,age         ] GC(1470) Desired survivor size 1114112 bytes, new threshold 1 (max threshold 6)
[4.235s][info ][gc,heap        ] GC(1470) ParNew: 19128K->1967K(19648K)
[4.235s][info ][gc,heap        ] GC(1470) CMS: 34787K->35568K(43712K)
[4.235s][info ][gc,metaspace   ] GC(1470) Metaspace: 5340K->5340K(1056768K)
[4.235s][info ][gc             ] GC(1470) Pause Young (Allocation Failure) 52M->36M(61M) 1.197ms
[4.235s][info ][gc,cpu         ] GC(1470) User=0.01s Sys=0.00s Real=0.00s
[4.237s][info ][gc,start       ] GC(1471) Pause Young (Allocation Failure)
[4.237s][info ][gc,task        ] GC(1471) Using 8 workers of 8 for evacuation
[4.239s][debug][gc,age         ] GC(1471) Desired survivor size 1114112 bytes, new threshold 1 (max threshold 6)
[4.239s][info ][gc,heap        ] GC(1471) ParNew: 19121K->1957K(19648K)
[4.239s][info ][gc,heap        ] GC(1471) CMS: 35568K->35959K(43712K)
[4.239s][info ][gc,metaspace   ] GC(1471) Metaspace: 5340K->5340K(1056768K)
[4.239s][info ][gc             ] GC(1471) Pause Young (Allocation Failure) 53M->37M(61M) 2.157ms
[4.239s][info ][gc,cpu         ] GC(1471) User=0.00s Sys=0.00s Real=0.00s
[4.240s][info ][gc,start       ] GC(1472) Pause Young (Allocation Failure)
[4.240s][info ][gc,task        ] GC(1472) Using 8 workers of 8 for evacuation
[4.242s][debug][gc,age         ] GC(1472) Desired survivor size 1114112 bytes, new threshold 1 (max threshold 6)
[4.242s][info ][gc,heap        ] GC(1472) ParNew: 19081K->1566K(19648K)
[4.242s][info ][gc,heap        ] GC(1472) CMS: 35959K->36741K(43712K)
[4.242s][info ][gc,metaspace   ] GC(1472) Metaspace: 5340K->5340K(1056768K)
[4.242s][info ][gc             ] GC(1472) Pause Young (Allocation Failure) 53M->37M(61M) 1.550ms
[4.242s][info ][gc,cpu         ] GC(1472) User=0.01s Sys=0.00s Real=0.00s
[4.243s][info ][gc,start       ] GC(1473) Pause Young (Allocation Failure)
[4.243s][info ][gc,task        ] GC(1473) Using 8 workers of 8 for evacuation
[4.244s][debug][gc,age         ] GC(1473) Desired survivor size 1114112 bytes, new threshold 1 (max threshold 6)
[4.244s][info ][gc,heap        ] GC(1473) ParNew: 18665K->1568K(19648K)
[4.244s][info ][gc,heap        ] GC(1473) CMS: 36741K->37132K(43712K)
[4.244s][info ][gc,metaspace   ] GC(1473) Metaspace: 5340K->5340K(1056768K)
[4.244s][info ][gc             ] GC(1473) Pause Young (Allocation Failure) 54M->37M(61M) 1.159ms
[4.244s][info ][gc,cpu         ] GC(1473) User=0.01s Sys=0.00s Real=0.01s
[4.246s][info ][gc,start       ] GC(1474) Pause Young (Allocation Failure)
[4.246s][info ][gc,task        ] GC(1474) Using 8 workers of 8 for evacuation
[4.247s][debug][gc,age         ] GC(1474) Desired survivor size 1114112 bytes, new threshold 1 (max threshold 6)
[4.247s][info ][gc,heap        ] GC(1474) ParNew: 18699K->1959K(19648K)
[4.247s][info ][gc,heap        ] GC(1474) CMS: 37132K->37523K(43712K)
[4.247s][info ][gc,metaspace   ] GC(1474) Metaspace: 5340K->5340K(1056768K)
[4.247s][info ][gc             ] GC(1474) Pause Young (Allocation Failure) 54M->38M(61M) 1.311ms
[4.247s][info ][gc,cpu         ] GC(1474) User=0.01s Sys=0.00s Real=0.00s
[4.248s][info ][gc,start       ] GC(1475) Pause Young (Allocation Failure)
[4.249s][info ][gc,task        ] GC(1475) Using 8 workers of 8 for evacuation
[4.250s][debug][gc,age         ] GC(1475) Desired survivor size 1114112 bytes, new threshold 1 (max threshold 6)
[4.250s][info ][gc,heap        ] GC(1475) ParNew: 19080K->1967K(19648K)
[4.250s][info ][gc,heap        ] GC(1475) CMS: 37523K->37914K(43712K)
[4.250s][info ][gc,metaspace   ] GC(1475) Metaspace: 5340K->5340K(1056768K)
[4.250s][info ][gc             ] GC(1475) Pause Young (Allocation Failure) 55M->38M(61M) 1.268ms
[4.250s][info ][gc,cpu         ] GC(1475) User=0.00s Sys=0.00s Real=0.00s
[4.251s][info ][gc,start       ] GC(1476) Pause Young (Allocation Failure)
[4.251s][info ][gc,task        ] GC(1476) Using 8 workers of 8 for evacuation
[4.252s][debug][gc,age         ] GC(1476) Desired survivor size 1114112 bytes, new threshold 1 (max threshold 6)
[4.252s][info ][gc,heap        ] GC(1476) ParNew: 19094K->1965K(19648K)
[4.252s][info ][gc,heap        ] GC(1476) CMS: 37914K->38695K(43712K)
[4.252s][info ][gc,metaspace   ] GC(1476) Metaspace: 5340K->5340K(1056768K)
[4.252s][info ][gc             ] GC(1476) Pause Young (Allocation Failure) 55M->39M(61M) 1.139ms
[4.252s][info ][gc,cpu         ] GC(1476) User=0.01s Sys=0.00s Real=0.00s
[4.254s][info ][gc,start       ] GC(1477) Pause Young (Allocation Failure)
[4.254s][info ][gc,task        ] GC(1477) Using 8 workers of 8 for evacuation
[4.255s][debug][gc,age         ] GC(1477) Desired survivor size 1114112 bytes, new threshold 1 (max threshold 6)
[4.255s][info ][gc,heap        ] GC(1477) ParNew: 19150K->1965K(19648K)
[4.255s][info ][gc,heap        ] GC(1477) CMS: 38695K->39086K(43712K)
[4.255s][info ][gc,metaspace   ] GC(1477) Metaspace: 5340K->5340K(1056768K)
[4.255s][info ][gc             ] GC(1477) Pause Young (Allocation Failure) 56M->40M(61M) 1.231ms
[4.255s][info ][gc,cpu         ] GC(1477) User=0.01s Sys=0.00s Real=0.00s
[4.256s][info ][gc,start       ] GC(1478) Pause Young (Allocation Failure)
[4.256s][info ][gc,task        ] GC(1478) Using 8 workers of 8 for evacuation
[4.258s][debug][gc,age         ] GC(1478) Desired survivor size 1114112 bytes, new threshold 1 (max threshold 6)
[4.258s][info ][gc,heap        ] GC(1478) ParNew: 19090K->1572K(19648K)
[4.258s][info ][gc,heap        ] GC(1478) CMS: 39086K->39477K(43712K)
[4.258s][info ][gc,metaspace   ] GC(1478) Metaspace: 5340K->5340K(1056768K)
[4.258s][info ][gc             ] GC(1478) Pause Young (Allocation Failure) 56M->40M(61M) 1.614ms
[4.258s][info ][gc,cpu         ] GC(1478) User=0.00s Sys=0.00s Real=0.00s
[4.259s][info ][gc,start       ] GC(1479) Pause Young (Allocation Failure)
[4.260s][info ][gc,task        ] GC(1479) Using 8 workers of 8 for evacuation
[4.261s][debug][gc,age         ] GC(1479) Desired survivor size 1114112 bytes, new threshold 1 (max threshold 6)
[4.261s][info ][gc,heap        ] GC(1479) ParNew: 18747K->1963K(19648K)
[4.261s][info ][gc,heap        ] GC(1479) CMS: 39477K->39868K(43712K)
[4.261s][info ][gc,metaspace   ] GC(1479) Metaspace: 5340K->5340K(1056768K)
[4.261s][info ][gc             ] GC(1479) Pause Young (Allocation Failure) 56M->40M(61M) 1.294ms
[4.261s][info ][gc,cpu         ] GC(1479) User=0.01s Sys=0.00s Real=0.00s
[4.262s][info ][gc,start       ] GC(1480) Pause Young (Allocation Failure)
[4.262s][info ][gc,task        ] GC(1480) Using 8 workers of 8 for evacuation
[4.264s][debug][gc,age         ] GC(1480) Desired survivor size 1114112 bytes, new threshold 1 (max threshold 6)
[4.264s][info ][gc,heap        ] GC(1480) ParNew: 19412K->1570K(19648K)
[4.264s][info ][gc,heap        ] GC(1480) CMS: 39868K->41041K(43712K)
[4.264s][info ][gc,metaspace   ] GC(1480) Metaspace: 5340K->5340K(1056768K)
[4.264s][info ][gc             ] GC(1480) Pause Young (Allocation Failure) 57M->41M(61M) 1.335ms
[4.264s][info ][gc,cpu         ] GC(1480) User=0.00s Sys=0.00s Real=0.01s
[4.266s][info ][gc,start       ] GC(1481) Pause Young (Allocation Failure)
[4.266s][info ][gc,task        ] GC(1481) Using 8 workers of 8 for evacuation
[4.267s][debug][gc,age         ] GC(1481) Desired survivor size 1114112 bytes, new threshold 1 (max threshold 6)
[4.267s][info ][gc,heap        ] GC(1481) ParNew: 19027K->1574K(19648K)
[4.267s][info ][gc,heap        ] GC(1481) CMS: 41041K->42213K(43712K)
[4.267s][info ][gc,metaspace   ] GC(1481) Metaspace: 5340K->5340K(1056768K)
[4.267s][info ][gc             ] GC(1481) Pause Young (Allocation Failure) 58M->42M(61M) 1.369ms
[4.267s][info ][gc,cpu         ] GC(1481) User=0.01s Sys=0.00s Real=0.00s
[4.267s][info ][gc             ] GC(1423) Concurrent Abortable Preclean 128.900ms
[4.267s][info ][gc,cpu         ] GC(1423) User=0.64s Sys=0.04s Real=0.13s
[4.267s][info ][gc,start       ] GC(1423) Pause Remark
[4.269s][debug][gc,phases      ] GC(1423) Rescan (parallel) 1.552ms
[4.269s][debug][gc,phases      ] GC(1423) Reference Processing 0.013ms
[4.269s][debug][gc,phases      ] GC(1423) Weak Processing 0.005ms
[4.269s][debug][gc,phases      ] GC(1423) ClassLoaderData 0.013ms
[4.269s][debug][gc,phases      ] GC(1423) ProtectionDomainCacheTable 0.002ms
[4.269s][debug][gc,phases      ] GC(1423) ResolvedMethodTable 0.006ms
[4.269s][debug][gc,phases      ] GC(1423) Class Unloading 0.178ms
[4.270s][debug][gc,phases      ] GC(1423) Scrub Symbol Table 0.495ms
[4.270s][debug][gc,phases      ] GC(1423) Scrub String Table 0.021ms
[4.270s][info ][gc             ] GC(1423) Pause Remark 44M->44M(61M) 2.359ms
[4.270s][info ][gc,cpu         ] GC(1423) User=0.00s Sys=0.00s Real=0.00s
[4.270s][info ][gc             ] GC(1423) Concurrent Sweep
[4.270s][info ][gc             ] GC(1423) Concurrent Sweep 0.592ms
[4.270s][info ][gc,cpu         ] GC(1423) User=0.00s Sys=0.00s Real=0.00s
[4.270s][info ][gc             ] GC(1423) Concurrent Reset
[4.271s][info ][gc             ] GC(1423) Concurrent Reset 0.079ms
[4.271s][info ][gc,cpu         ] GC(1423) User=0.00s Sys=0.00s Real=0.00s
[4.271s][info ][gc,heap        ] GC(1423) Old: 6645K->37914K(43712K)
[4.271s][info ][gc,start       ] GC(1482) Pause Young (Allocation Failure)
[4.271s][info ][gc,task        ] GC(1482) Using 8 workers of 8 for evacuation
[4.273s][debug][gc,age         ] GC(1482) Desired survivor size 1114112 bytes, new threshold 1 (max threshold 6)
[4.273s][info ][gc,heap        ] GC(1482) ParNew: 18792K->1957K(19648K)
[4.273s][info ][gc,heap        ] GC(1482) CMS: 37914K->37914K(43712K)
[4.273s][info ][gc,metaspace   ] GC(1482) Metaspace: 5340K->5340K(1056768K)
[4.273s][info ][gc             ] GC(1482) Pause Young (Allocation Failure) 55M->38M(61M) 1.539ms
[4.273s][info ][gc,cpu         ] GC(1482) User=0.01s Sys=0.00s Real=0.00s
[4.273s][info ][gc,start       ] GC(1483) Pause Initial Mark
[4.273s][info ][gc             ] GC(1483) Pause Initial Mark 40M->40M(61M) 0.081ms
[4.273s][info ][gc,cpu         ] GC(1483) User=0.00s Sys=0.00s Real=0.00s
[4.273s][info ][gc             ] GC(1483) Concurrent Mark
[4.273s][info ][gc,task        ] GC(1483) Using 2 workers of 2 for marking
[4.275s][info ][gc,start       ] GC(1484) Pause Young (Allocation Failure)
[4.275s][info ][gc,task        ] GC(1484) Using 8 workers of 8 for evacuation
[4.276s][debug][gc,age         ] GC(1484) Desired survivor size 1114112 bytes, new threshold 1 (max threshold 6)
[4.276s][info ][gc,heap        ] GC(1484) ParNew: 19147K->1961K(19648K)
[4.276s][info ][gc,heap        ] GC(1484) CMS: 37914K->37914K(43712K)
[4.276s][info ][gc,metaspace   ] GC(1484) Metaspace: 5340K->5340K(1056768K)
[4.276s][info ][gc             ] GC(1484) Pause Young (Allocation Failure) 55M->38M(61M) 1.035ms
[4.276s][info ][gc,cpu         ] GC(1484) User=0.00s Sys=0.00s Real=0.00s
[4.277s][info ][gc             ] GC(1483) Concurrent Mark 3.862ms
[4.277s][info ][gc,cpu         ] GC(1483) User=0.02s Sys=0.00s Real=0.01s
[4.277s][info ][gc,start       ] GC(1485) Pause Young (Allocation Failure)
[4.277s][info ][gc,task        ] GC(1485) Using 8 workers of 8 for evacuation
[4.278s][debug][gc,age         ] GC(1485) Desired survivor size 1114112 bytes, new threshold 6 (max threshold 6)
[4.278s][info ][gc,heap        ] GC(1485) ParNew: 19420K->787K(19648K)
[4.278s][info ][gc,heap        ] GC(1485) CMS: 37914K->38306K(43712K)
[4.278s][info ][gc,metaspace   ] GC(1485) Metaspace: 5340K->5340K(1056768K)
[4.279s][info ][gc             ] GC(1485) Pause Young (Allocation Failure) 55M->38M(61M) 1.197ms
[4.279s][info ][gc,cpu         ] GC(1485) User=0.00s Sys=0.00s Real=0.00s
[4.279s][info ][gc             ] GC(1483) Concurrent Preclean
[4.279s][info ][gc             ] GC(1483) Concurrent Preclean 0.176ms
[4.279s][info ][gc,cpu         ] GC(1483) User=0.00s Sys=0.00s Real=0.00s
[4.279s][info ][gc             ] GC(1483) Concurrent Abortable Preclean
[4.280s][info ][gc,start       ] GC(1486) Pause Young (Allocation Failure)
[4.280s][info ][gc,task        ] GC(1486) Using 8 workers of 8 for evacuation
[4.282s][debug][gc,age         ] GC(1486) Desired survivor size 1114112 bytes, new threshold 1 (max threshold 6)
[4.282s][info ][gc,heap        ] GC(1486) ParNew: 17924K->1570K(19648K)
[4.282s][info ][gc,heap        ] GC(1486) CMS: 38306K->38306K(43712K)
[4.282s][info ][gc,metaspace   ] GC(1486) Metaspace: 5340K->5340K(1056768K)
[4.282s][info ][gc             ] GC(1486) Pause Young (Allocation Failure) 54M->38M(61M) 1.896ms
[4.282s][info ][gc,cpu         ] GC(1486) User=0.00s Sys=0.00s Real=0.00s
[4.283s][info ][gc,start       ] GC(1487) Pause Young (Allocation Failure)
[4.283s][info ][gc,task        ] GC(1487) Using 8 workers of 8 for evacuation
[4.284s][debug][gc,age         ] GC(1487) Desired survivor size 1114112 bytes, new threshold 1 (max threshold 6)
[4.284s][info ][gc,heap        ] GC(1487) ParNew: 18727K->1570K(19648K)
[4.284s][info ][gc,heap        ] GC(1487) CMS: 38306K->38697K(43712K)
[4.284s][info ][gc,metaspace   ] GC(1487) Metaspace: 5340K->5340K(1056768K)
[4.284s][info ][gc             ] GC(1487) Pause Young (Allocation Failure) 55M->39M(61M) 0.974ms
[4.284s][info ][gc,cpu         ] GC(1487) User=0.01s Sys=0.00s Real=0.01s
[4.285s][info ][gc,start       ] GC(1488) Pause Young (Allocation Failure)
[4.286s][info ][gc,task        ] GC(1488) Using 8 workers of 8 for evacuation
[4.286s][debug][gc,age         ] GC(1488) Desired survivor size 1114112 bytes, new threshold 1 (max threshold 6)
[4.286s][info ][gc,heap        ] GC(1488) ParNew: 18764K->1963K(19648K)
[4.286s][info ][gc,heap        ] GC(1488) CMS: 38697K->39087K(43712K)
[4.286s][info ][gc,metaspace   ] GC(1488) Metaspace: 5340K->5340K(1056768K)
[4.286s][info ][gc             ] GC(1488) Pause Young (Allocation Failure) 56M->40M(61M) 0.715ms
[4.286s][info ][gc,cpu         ] GC(1488) User=0.01s Sys=0.00s Real=0.00s
[4.288s][info ][gc,start       ] GC(1489) Pause Young (Allocation Failure)
[4.288s][info ][gc,task        ] GC(1489) Using 8 workers of 8 for evacuation
[4.289s][debug][gc,age         ] GC(1489) Desired survivor size 1114112 bytes, new threshold 1 (max threshold 6)
[4.289s][info ][gc,heap        ] GC(1489) ParNew: 19396K->1572K(19648K)
[4.289s][info ][gc,heap        ] GC(1489) CMS: 39087K->40651K(43712K)
[4.289s][info ][gc,metaspace   ] GC(1489) Metaspace: 5340K->5340K(1056768K)
[4.289s][info ][gc             ] GC(1489) Pause Young (Allocation Failure) 57M->41M(61M) 1.307ms
[4.289s][info ][gc,cpu         ] GC(1489) User=0.01s Sys=0.00s Real=0.00s
[4.290s][info ][gc,start       ] GC(1490) Pause Young (Allocation Failure)
[4.291s][info ][gc,task        ] GC(1490) Using 8 workers of 8 for evacuation
[4.292s][debug][gc,age         ] GC(1490) Desired survivor size 1114112 bytes, new threshold 1 (max threshold 6)
[4.292s][info ][gc,heap        ] GC(1490) ParNew: 19044K->1961K(19648K)
[4.292s][info ][gc,heap        ] GC(1490) CMS: 40651K->41433K(43712K)
[4.292s][info ][gc,metaspace   ] GC(1490) Metaspace: 5340K->5340K(1056768K)
[4.292s][info ][gc             ] GC(1490) Pause Young (Allocation Failure) 58M->42M(61M) 1.225ms
[4.292s][info ][gc,cpu         ] GC(1490) User=0.01s Sys=0.00s Real=0.00s
[4.293s][info ][gc,start       ] GC(1491) Pause Young (Allocation Failure)
[4.293s][info ][gc,task        ] GC(1491) Using 8 workers of 8 for evacuation
[4.294s][debug][gc,age         ] GC(1491) Desired survivor size 1114112 bytes, new threshold 1 (max threshold 6)
[4.294s][info ][gc,heap        ] GC(1491) ParNew: 19424K->1570K(19648K)
[4.294s][info ][gc,heap        ] GC(1491) CMS: 41433K->42215K(43712K)
[4.294s][info ][gc,metaspace   ] GC(1491) Metaspace: 5340K->5340K(1056768K)
[4.294s][info ][gc             ] GC(1491) Pause Young (Allocation Failure) 59M->42M(61M) 1.121ms
[4.294s][info ][gc,cpu         ] GC(1491) User=0.01s Sys=0.00s Real=0.01s
[4.296s][info ][gc,start       ] GC(1492) Pause Young (Allocation Failure)
[4.296s][info ][gc,task        ] GC(1492) Using 8 workers of 8 for evacuation
[4.298s][debug][gc,age         ] GC(1492) Desired survivor size 1114112 bytes, new threshold 1 (max threshold 6)
[4.298s][info ][gc,heap        ] GC(1492) ParNew: 18779K->1957K(19648K)
[4.298s][info ][gc,heap        ] GC(1492) CMS: 42215K->42606K(43712K)
[4.298s][info ][gc,metaspace   ] GC(1492) Metaspace: 5340K->5340K(1056768K)
[4.298s][info ][gc             ] GC(1492) Pause Young (Allocation Failure) 59M->43M(61M) 1.946ms
[4.298s][info ][gc,cpu         ] GC(1492) User=0.01s Sys=0.00s Real=0.00s
[4.298s][info ][gc             ] GC(1483) Concurrent Abortable Preclean 18.997ms
[4.298s][info ][gc,cpu         ] GC(1483) User=0.08s Sys=0.00s Real=0.02s
[4.298s][info ][gc,start       ] GC(1483) Pause Remark
[4.299s][debug][gc,phases      ] GC(1483) Rescan (parallel) 1.037ms
[4.299s][debug][gc,phases      ] GC(1483) Reference Processing 0.012ms
[4.299s][debug][gc,phases      ] GC(1483) Weak Processing 0.004ms
[4.299s][debug][gc,phases      ] GC(1483) ClassLoaderData 0.009ms
[4.299s][debug][gc,phases      ] GC(1483) ProtectionDomainCacheTable 0.002ms
[4.299s][debug][gc,phases      ] GC(1483) ResolvedMethodTable 0.006ms
[4.299s][debug][gc,phases      ] GC(1483) Class Unloading 0.179ms
[4.300s][debug][gc,phases      ] GC(1483) Scrub Symbol Table 0.456ms
[4.300s][debug][gc,phases      ] GC(1483) Scrub String Table 0.020ms
[4.300s][info ][gc             ] GC(1483) Pause Remark 45M->45M(61M) 1.804ms
[4.300s][info ][gc,cpu         ] GC(1483) User=0.00s Sys=0.00s Real=0.00s
[4.300s][info ][gc             ] GC(1483) Concurrent Sweep
[4.301s][info ][gc             ] GC(1483) Concurrent Sweep 0.636ms
[4.301s][info ][gc,cpu         ] GC(1483) User=0.01s Sys=0.00s Real=0.00s
[4.301s][info ][gc             ] GC(1483) Concurrent Reset
[4.301s][info ][gc             ] GC(1483) Concurrent Reset 0.060ms
[4.301s][info ][gc,cpu         ] GC(1483) User=0.00s Sys=0.00s Real=0.00s
[4.301s][info ][gc,heap        ] GC(1483) Old: 37914K->5865K(43712K)
[4.301s][info ][gc,start       ] GC(1493) Pause Young (Allocation Failure)
[4.301s][info ][gc,task        ] GC(1493) Using 8 workers of 8 for evacuation
[4.303s][debug][gc,age         ] GC(1493) Desired survivor size 1114112 bytes, new threshold 1 (max threshold 6)
[4.303s][info ][gc,heap        ] GC(1493) ParNew: 19137K->1959K(19648K)
[4.303s][info ][gc,heap        ] GC(1493) CMS: 5865K->7038K(43712K)
[4.303s][info ][gc,metaspace   ] GC(1493) Metaspace: 5340K->5340K(1056768K)
[4.303s][info ][gc             ] GC(1493) Pause Young (Allocation Failure) 24M->8M(61M) 1.309ms
[4.303s][info ][gc,cpu         ] GC(1493) User=0.00s Sys=0.00s Real=0.00s
[4.304s][info ][gc,start       ] GC(1494) Pause Young (Allocation Failure)
[4.305s][info ][gc,task        ] GC(1494) Using 8 workers of 8 for evacuation
[4.306s][debug][gc,age         ] GC(1494) Desired survivor size 1114112 bytes, new threshold 1 (max threshold 6)
[4.306s][info ][gc,heap        ] GC(1494) ParNew: 19431K->1959K(19648K)
[4.306s][info ][gc,heap        ] GC(1494) CMS: 7038K->7429K(43712K)
[4.306s][info ][gc,metaspace   ] GC(1494) Metaspace: 5340K->5340K(1056768K)
[4.306s][info ][gc             ] GC(1494) Pause Young (Allocation Failure) 25M->9M(61M) 1.197ms
[4.306s][info ][gc,cpu         ] GC(1494) User=0.00s Sys=0.00s Real=0.00s
[4.307s][info ][gc,start       ] GC(1495) Pause Young (Allocation Failure)
[4.307s][info ][gc,task        ] GC(1495) Using 8 workers of 8 for evacuation
[4.308s][debug][gc,age         ] GC(1495) Desired survivor size 1114112 bytes, new threshold 6 (max threshold 6)
[4.308s][info ][gc,heap        ] GC(1495) ParNew: 19412K->789K(19648K)
[4.308s][info ][gc,heap        ] GC(1495) CMS: 7429K->8602K(43712K)
[4.308s][info ][gc,metaspace   ] GC(1495) Metaspace: 5340K->5340K(1056768K)
[4.308s][info ][gc             ] GC(1495) Pause Young (Allocation Failure) 26M->9M(61M) 1.334ms
[4.308s][info ][gc,cpu         ] GC(1495) User=0.00s Sys=0.00s Real=0.00s
[4.310s][info ][gc,start       ] GC(1496) Pause Young (Allocation Failure)
[4.310s][info ][gc,task        ] GC(1496) Using 8 workers of 8 for evacuation
[4.311s][debug][gc,age         ] GC(1496) Desired survivor size 1114112 bytes, new threshold 1 (max threshold 6)
[4.311s][info ][gc,heap        ] GC(1496) ParNew: 18028K->1961K(19648K)
[4.311s][info ][gc,heap        ] GC(1496) CMS: 8602K->9383K(43712K)
[4.311s][info ][gc,metaspace   ] GC(1496) Metaspace: 5340K->5340K(1056768K)
[4.311s][info ][gc             ] GC(1496) Pause Young (Allocation Failure) 26M->11M(61M) 0.818ms
[4.311s][info ][gc,cpu         ] GC(1496) User=0.00s Sys=0.00s Real=0.00s
[4.312s][info ][gc,start       ] GC(1497) Pause Young (Allocation Failure)
[4.312s][info ][gc,task        ] GC(1497) Using 8 workers of 8 for evacuation
[4.313s][debug][gc,age         ] GC(1497) Desired survivor size 1114112 bytes, new threshold 6 (max threshold 6)
[4.313s][info ][gc,heap        ] GC(1497) ParNew: 19391K->789K(19648K)
[4.313s][info ][gc,heap        ] GC(1497) CMS: 9383K->10166K(43712K)
[4.313s][info ][gc,metaspace   ] GC(1497) Metaspace: 5340K->5340K(1056768K)
[4.313s][info ][gc             ] GC(1497) Pause Young (Allocation Failure) 28M->10M(61M) 1.414ms
[4.313s][info ][gc,cpu         ] GC(1497) User=0.00s Sys=0.00s Real=0.00s
[4.315s][info ][gc,start       ] GC(1498) Pause Young (Allocation Failure)
[4.315s][info ][gc,task        ] GC(1498) Using 8 workers of 8 for evacuation
[4.317s][debug][gc,age         ] GC(1498) Desired survivor size 1114112 bytes, new threshold 6 (max threshold 6)
[4.317s][info ][gc,heap        ] GC(1498) ParNew: 18229K->400K(19648K)
[4.317s][info ][gc,heap        ] GC(1498) CMS: 10166K->10166K(43712K)
[4.317s][info ][gc,metaspace   ] GC(1498) Metaspace: 5340K->5340K(1056768K)
[4.317s][info ][gc             ] GC(1498) Pause Young (Allocation Failure) 27M->10M(61M) 1.991ms
[4.317s][info ][gc,cpu         ] GC(1498) User=0.00s Sys=0.00s Real=0.00s
[4.319s][info ][gc,start       ] GC(1499) Pause Young (Allocation Failure)
[4.319s][info ][gc,task        ] GC(1499) Using 8 workers of 8 for evacuation
[4.320s][debug][gc,age         ] GC(1499) Desired survivor size 1114112 bytes, new threshold 3 (max threshold 6)
[4.320s][info ][gc,heap        ] GC(1499) ParNew: 17847K->1177K(19648K)
[4.320s][info ][gc,heap        ] GC(1499) CMS: 10166K->10166K(43712K)
[4.320s][info ][gc,metaspace   ] GC(1499) Metaspace: 5340K->5340K(1056768K)
[4.320s][info ][gc             ] GC(1499) Pause Young (Allocation Failure) 27M->11M(61M) 1.101ms
[4.320s][info ][gc,cpu         ] GC(1499) User=0.00s Sys=0.00s Real=0.00s
[4.321s][info ][gc,start       ] GC(1500) Pause Young (Allocation Failure)
[4.321s][info ][gc,task        ] GC(1500) Using 8 workers of 8 for evacuation
[4.322s][debug][gc,age         ] GC(1500) Desired survivor size 1114112 bytes, new threshold 6 (max threshold 6)
[4.322s][info ][gc,heap        ] GC(1500) ParNew: 18577K->791K(19648K)
[4.322s][info ][gc,heap        ] GC(1500) CMS: 10166K->10166K(43712K)
[4.322s][info ][gc,metaspace   ] GC(1500) Metaspace: 5340K->5340K(1056768K)
[4.322s][info ][gc             ] GC(1500) Pause Young (Allocation Failure) 28M->10M(61M) 1.189ms
[4.322s][info ][gc,cpu         ] GC(1500) User=0.01s Sys=0.00s Real=0.00s
[4.324s][info ][gc,start       ] GC(1501) Pause Young (Allocation Failure)
[4.324s][info ][gc,task        ] GC(1501) Using 8 workers of 8 for evacuation
[4.325s][debug][gc,age         ] GC(1501) Desired survivor size 1114112 bytes, new threshold 6 (max threshold 6)
[4.325s][info ][gc,heap        ] GC(1501) ParNew: 18190K->396K(19648K)
[4.325s][info ][gc,heap        ] GC(1501) CMS: 10166K->10166K(43712K)
[4.325s][info ][gc,metaspace   ] GC(1501) Metaspace: 5340K->5340K(1056768K)
[4.325s][info ][gc             ] GC(1501) Pause Young (Allocation Failure) 27M->10M(61M) 1.137ms
[4.325s][info ][gc,cpu         ] GC(1501) User=0.01s Sys=0.00s Real=0.00s
[4.327s][info ][gc,start       ] GC(1502) Pause Young (Allocation Failure)
[4.327s][info ][gc,task        ] GC(1502) Using 8 workers of 8 for evacuation
[4.328s][debug][gc,age         ] GC(1502) Desired survivor size 1114112 bytes, new threshold 1 (max threshold 6)
[4.329s][info ][gc,heap        ] GC(1502) ParNew: 17518K->1957K(19648K)
[4.329s][info ][gc,heap        ] GC(1502) CMS: 10166K->10166K(43712K)
[4.329s][info ][gc,metaspace   ] GC(1502) Metaspace: 5340K->5340K(1056768K)
[4.329s][info ][gc             ] GC(1502) Pause Young (Allocation Failure) 27M->11M(61M) 1.968ms
[4.329s][info ][gc,cpu         ] GC(1502) User=0.01s Sys=0.00s Real=0.00s
[4.330s][info ][gc,start       ] GC(1503) Pause Young (Allocation Failure)
[4.330s][info ][gc,task        ] GC(1503) Using 8 workers of 8 for evacuation
[4.332s][debug][gc,age         ] GC(1503) Desired survivor size 1114112 bytes, new threshold 1 (max threshold 6)
[4.332s][info ][gc,heap        ] GC(1503) ParNew: 19214K->1179K(19648K)
[4.332s][info ][gc,heap        ] GC(1503) CMS: 10166K->10949K(43712K)
[4.332s][info ][gc,metaspace   ] GC(1503) Metaspace: 5340K->5340K(1056768K)
[4.332s][info ][gc             ] GC(1503) Pause Young (Allocation Failure) 28M->11M(61M) 1.776ms
[4.332s][info ][gc,cpu         ] GC(1503) User=0.01s Sys=0.00s Real=0.00s
[4.333s][info ][gc,start       ] GC(1504) Pause Young (Allocation Failure)
[4.333s][info ][gc,task        ] GC(1504) Using 8 workers of 8 for evacuation
[4.334s][debug][gc,age         ] GC(1504) Desired survivor size 1114112 bytes, new threshold 1 (max threshold 6)
[4.335s][info ][gc,heap        ] GC(1504) ParNew: 18281K->1179K(19648K)
[4.335s][info ][gc,heap        ] GC(1504) CMS: 10949K->11730K(43712K)
[4.335s][info ][gc,metaspace   ] GC(1504) Metaspace: 5340K->5340K(1056768K)
[4.335s][info ][gc             ] GC(1504) Pause Young (Allocation Failure) 28M->12M(61M) 1.111ms
[4.335s][info ][gc,cpu         ] GC(1504) User=0.01s Sys=0.00s Real=0.01s
[4.336s][info ][gc,start       ] GC(1505) Pause Young (Allocation Failure)
[4.336s][info ][gc,task        ] GC(1505) Using 8 workers of 8 for evacuation
[4.337s][debug][gc,age         ] GC(1505) Desired survivor size 1114112 bytes, new threshold 6 (max threshold 6)
[4.337s][info ][gc,heap        ] GC(1505) ParNew: 18307K->787K(19648K)
[4.337s][info ][gc,heap        ] GC(1505) CMS: 11730K->12121K(43712K)
[4.337s][info ][gc,metaspace   ] GC(1505) Metaspace: 5340K->5340K(1056768K)
[4.337s][info ][gc             ] GC(1505) Pause Young (Allocation Failure) 29M->12M(61M) 1.202ms
[4.337s][info ][gc,cpu         ] GC(1505) User=0.01s Sys=0.00s Real=0.00s
[4.339s][info ][gc,start       ] GC(1506) Pause Young (Allocation Failure)
[4.339s][info ][gc,task        ] GC(1506) Using 8 workers of 8 for evacuation
[4.340s][debug][gc,age         ] GC(1506) Desired survivor size 1114112 bytes, new threshold 6 (max threshold 6)
[4.340s][info ][gc,heap        ] GC(1506) ParNew: 18197K->787K(19648K)
[4.340s][info ][gc,heap        ] GC(1506) CMS: 12121K->12121K(43712K)
[4.340s][info ][gc,metaspace   ] GC(1506) Metaspace: 5340K->5340K(1056768K)
[4.340s][info ][gc             ] GC(1506) Pause Young (Allocation Failure) 29M->12M(61M) 1.036ms
[4.340s][info ][gc,cpu         ] GC(1506) User=0.00s Sys=0.00s Real=0.00s
[4.341s][info ][gc,start       ] GC(1507) Pause Young (Allocation Failure)
[4.341s][info ][gc,task        ] GC(1507) Using 8 workers of 8 for evacuation
[4.342s][debug][gc,age         ] GC(1507) Desired survivor size 1114112 bytes, new threshold 6 (max threshold 6)
[4.342s][info ][gc,heap        ] GC(1507) ParNew: 18240K->789K(19648K)
[4.342s][info ][gc,heap        ] GC(1507) CMS: 12121K->12121K(43712K)
[4.342s][info ][gc,metaspace   ] GC(1507) Metaspace: 5340K->5340K(1056768K)
[4.342s][info ][gc             ] GC(1507) Pause Young (Allocation Failure) 29M->12M(61M) 0.885ms
[4.342s][info ][gc,cpu         ] GC(1507) User=0.00s Sys=0.00s Real=0.00s
[4.344s][info ][gc,start       ] GC(1508) Pause Young (Allocation Failure)
[4.344s][info ][gc,task        ] GC(1508) Using 8 workers of 8 for evacuation
[4.345s][debug][gc,age         ] GC(1508) Desired survivor size 1114112 bytes, new threshold 1 (max threshold 6)
[4.345s][info ][gc,heap        ] GC(1508) ParNew: 18073K->1568K(19648K)
[4.345s][info ][gc,heap        ] GC(1508) CMS: 12121K->12121K(43712K)
[4.345s][info ][gc,metaspace   ] GC(1508) Metaspace: 5340K->5340K(1056768K)
[4.345s][info ][gc             ] GC(1508) Pause Young (Allocation Failure) 29M->13M(61M) 1.224ms
[4.345s][info ][gc,cpu         ] GC(1508) User=0.01s Sys=0.00s Real=0.00s
[4.346s][info ][gc,start       ] GC(1509) Pause Young (Allocation Failure)
[4.346s][info ][gc,task        ] GC(1509) Using 8 workers of 8 for evacuation
[4.347s][debug][gc,age         ] GC(1509) Desired survivor size 1114112 bytes, new threshold 1 (max threshold 6)
[4.347s][info ][gc,heap        ] GC(1509) ParNew: 18799K->1177K(19648K)
[4.347s][info ][gc,heap        ] GC(1509) CMS: 12121K->12904K(43712K)
[4.347s][info ][gc,metaspace   ] GC(1509) Metaspace: 5340K->5340K(1056768K)
[4.347s][info ][gc             ] GC(1509) Pause Young (Allocation Failure) 30M->13M(61M) 1.301ms
[4.347s][info ][gc,cpu         ] GC(1509) User=0.01s Sys=0.00s Real=0.00s
[4.349s][info ][gc,start       ] GC(1510) Pause Young (Allocation Failure)
[4.349s][info ][gc,task        ] GC(1510) Using 8 workers of 8 for evacuation
[4.350s][debug][gc,age         ] GC(1510) Desired survivor size 1114112 bytes, new threshold 1 (max threshold 6)
[4.350s][info ][gc,heap        ] GC(1510) ParNew: 18645K->1179K(19648K)
[4.350s][info ][gc,heap        ] GC(1510) CMS: 12904K->13295K(43712K)
[4.350s][info ][gc,metaspace   ] GC(1510) Metaspace: 5340K->5340K(1056768K)
[4.350s][info ][gc             ] GC(1510) Pause Young (Allocation Failure) 30M->14M(61M) 1.253ms
[4.350s][info ][gc,cpu         ] GC(1510) User=0.00s Sys=0.00s Real=0.00s
[4.352s][info ][gc,start       ] GC(1511) Pause Young (Allocation Failure)
[4.352s][info ][gc,task        ] GC(1511) Using 8 workers of 8 for evacuation
[4.353s][debug][gc,age         ] GC(1511) Desired survivor size 1114112 bytes, new threshold 1 (max threshold 6)
[4.353s][info ][gc,heap        ] GC(1511) ParNew: 18472K->1957K(19648K)
[4.353s][info ][gc,heap        ] GC(1511) CMS: 13295K->13686K(43712K)
[4.353s][info ][gc,metaspace   ] GC(1511) Metaspace: 5340K->5340K(1056768K)
[4.353s][info ][gc             ] GC(1511) Pause Young (Allocation Failure) 31M->15M(61M) 1.361ms
[4.353s][info ][gc,cpu         ] GC(1511) User=0.00s Sys=0.00s Real=0.00s
[4.355s][info ][gc,start       ] GC(1512) Pause Young (Allocation Failure)
[4.355s][info ][gc,task        ] GC(1512) Using 8 workers of 8 for evacuation
[4.357s][debug][gc,age         ] GC(1512) Desired survivor size 1114112 bytes, new threshold 1 (max threshold 6)
[4.357s][info ][gc,heap        ] GC(1512) ParNew: 19219K->1177K(19648K)
[4.357s][info ][gc,heap        ] GC(1512) CMS: 13686K->14077K(43712K)
[4.357s][info ][gc,metaspace   ] GC(1512) Metaspace: 5340K->5340K(1056768K)
[4.357s][info ][gc             ] GC(1512) Pause Young (Allocation Failure) 32M->14M(61M) 1.337ms
[4.357s][info ][gc,cpu         ] GC(1512) User=0.00s Sys=0.00s Real=0.00s
[4.358s][info ][gc,start       ] GC(1513) Pause Young (Allocation Failure)
[4.358s][info ][gc,task        ] GC(1513) Using 8 workers of 8 for evacuation
[4.359s][debug][gc,age         ] GC(1513) Desired survivor size 1114112 bytes, new threshold 6 (max threshold 6)
[4.359s][info ][gc,heap        ] GC(1513) ParNew: 18391K->396K(19648K)
[4.359s][info ][gc,heap        ] GC(1513) CMS: 14077K->14468K(43712K)
[4.359s][info ][gc,metaspace   ] GC(1513) Metaspace: 5340K->5340K(1056768K)
[4.359s][info ][gc             ] GC(1513) Pause Young (Allocation Failure) 31M->14M(61M) 1.240ms
[4.359s][info ][gc,cpu         ] GC(1513) User=0.00s Sys=0.00s Real=0.00s
[4.361s][info ][gc,start       ] GC(1514) Pause Young (Allocation Failure)
[4.361s][info ][gc,task        ] GC(1514) Using 8 workers of 8 for evacuation
[4.362s][debug][gc,age         ] GC(1514) Desired survivor size 1114112 bytes, new threshold 1 (max threshold 6)
[4.362s][info ][gc,heap        ] GC(1514) ParNew: 17868K->1959K(19648K)
[4.362s][info ][gc,heap        ] GC(1514) CMS: 14468K->15249K(43712K)
[4.362s][info ][gc,metaspace   ] GC(1514) Metaspace: 5340K->5340K(1056768K)
[4.362s][info ][gc             ] GC(1514) Pause Young (Allocation Failure) 31M->16M(61M) 1.199ms
[4.362s][info ][gc,cpu         ] GC(1514) User=0.00s Sys=0.00s Real=0.00s
[4.364s][info ][gc,start       ] GC(1515) Pause Young (Allocation Failure)
[4.364s][info ][gc,task        ] GC(1515) Using 8 workers of 8 for evacuation
[4.365s][debug][gc,age         ] GC(1515) Desired survivor size 1114112 bytes, new threshold 1 (max threshold 6)
[4.365s][info ][gc,heap        ] GC(1515) ParNew: 19176K->1959K(19648K)
[4.365s][info ][gc,heap        ] GC(1515) CMS: 15249K->15251K(43712K)
[4.365s][info ][gc,metaspace   ] GC(1515) Metaspace: 5340K->5340K(1056768K)
[4.365s][info ][gc             ] GC(1515) Pause Young (Allocation Failure) 33M->16M(61M) 1.342ms
[4.365s][info ][gc,cpu         ] GC(1515) User=0.00s Sys=0.00s Real=0.00s
[4.367s][info ][gc,start       ] GC(1516) Pause Young (Allocation Failure)
[4.367s][info ][gc,task        ] GC(1516) Using 8 workers of 8 for evacuation
[4.368s][debug][gc,age         ] GC(1516) Desired survivor size 1114112 bytes, new threshold 6 (max threshold 6)
[4.368s][info ][gc,heap        ] GC(1516) ParNew: 19333K->396K(19648K)
[4.368s][info ][gc,heap        ] GC(1516) CMS: 15251K->16423K(43712K)
[4.368s][info ][gc,metaspace   ] GC(1516) Metaspace: 5340K->5340K(1056768K)
[4.368s][info ][gc             ] GC(1516) Pause Young (Allocation Failure) 33M->16M(61M) 1.226ms
[4.368s][info ][gc,cpu         ] GC(1516) User=0.01s Sys=0.00s Real=0.00s
[4.370s][info ][gc,start       ] GC(1517) Pause Young (Allocation Failure)
[4.370s][info ][gc,task        ] GC(1517) Using 8 workers of 8 for evacuation
[4.371s][debug][gc,age         ] GC(1517) Desired survivor size 1114112 bytes, new threshold 1 (max threshold 6)
[4.371s][info ][gc,heap        ] GC(1517) ParNew: 17824K->1568K(19648K)
[4.371s][info ][gc,heap        ] GC(1517) CMS: 16423K->16423K(43712K)
[4.371s][info ][gc,metaspace   ] GC(1517) Metaspace: 5340K->5340K(1056768K)
[4.371s][info ][gc             ] GC(1517) Pause Young (Allocation Failure) 33M->17M(61M) 1.175ms
[4.371s][info ][gc,cpu         ] GC(1517) User=0.00s Sys=0.00s Real=0.00s
[4.372s][info ][gc,start       ] GC(1518) Pause Young (Allocation Failure)
[4.372s][info ][gc,task        ] GC(1518) Using 8 workers of 8 for evacuation
[4.373s][debug][gc,age         ] GC(1518) Desired survivor size 1114112 bytes, new threshold 6 (max threshold 6)
[4.373s][info ][gc,heap        ] GC(1518) ParNew: 19040K->6K(19648K)
[4.373s][info ][gc,heap        ] GC(1518) CMS: 16423K->16815K(43712K)
[4.373s][info ][gc,metaspace   ] GC(1518) Metaspace: 5340K->5340K(1056768K)
[4.373s][info ][gc             ] GC(1518) Pause Young (Allocation Failure) 34M->16M(61M) 1.075ms
[4.373s][info ][gc,cpu         ] GC(1518) User=0.00s Sys=0.00s Real=0.00s
[4.375s][info ][gc,start       ] GC(1519) Pause Young (Allocation Failure)
[4.375s][info ][gc,task        ] GC(1519) Using 8 workers of 8 for evacuation
[4.376s][debug][gc,age         ] GC(1519) Desired survivor size 1114112 bytes, new threshold 1 (max threshold 6)
[4.376s][info ][gc,heap        ] GC(1519) ParNew: 17456K->1186K(19648K)
[4.376s][info ][gc,heap        ] GC(1519) CMS: 16815K->16815K(43712K)
[4.376s][info ][gc,metaspace   ] GC(1519) Metaspace: 5340K->5340K(1056768K)
[4.376s][info ][gc             ] GC(1519) Pause Young (Allocation Failure) 33M->17M(61M) 0.654ms
[4.376s][info ][gc,cpu         ] GC(1519) User=0.00s Sys=0.00s Real=0.00s
[4.377s][info ][gc,start       ] GC(1520) Pause Young (Allocation Failure)
[4.377s][info ][gc,task        ] GC(1520) Using 8 workers of 8 for evacuation
[4.378s][debug][gc,age         ] GC(1520) Desired survivor size 1114112 bytes, new threshold 1 (max threshold 6)
[4.378s][info ][gc,heap        ] GC(1520) ParNew: 18502K->1959K(19648K)
[4.378s][info ][gc,heap        ] GC(1520) CMS: 16815K->17596K(43712K)
[4.378s][info ][gc,metaspace   ] GC(1520) Metaspace: 5340K->5340K(1056768K)
[4.378s][info ][gc             ] GC(1520) Pause Young (Allocation Failure) 34M->19M(61M) 1.216ms
[4.378s][info ][gc,cpu         ] GC(1520) User=0.01s Sys=0.00s Real=0.00s
[4.380s][info ][gc,start       ] GC(1521) Pause Young (Allocation Failure)
[4.380s][info ][gc,task        ] GC(1521) Using 8 workers of 8 for evacuation
[4.381s][debug][gc,age         ] GC(1521) Desired survivor size 1114112 bytes, new threshold 1 (max threshold 6)
[4.381s][info ][gc,heap        ] GC(1521) ParNew: 19151K->1574K(19648K)
[4.381s][info ][gc,heap        ] GC(1521) CMS: 17596K->18379K(43712K)
[4.381s][info ][gc,metaspace   ] GC(1521) Metaspace: 5340K->5340K(1056768K)
[4.381s][info ][gc             ] GC(1521) Pause Young (Allocation Failure) 35M->19M(61M) 1.420ms
[4.381s][info ][gc,cpu         ] GC(1521) User=0.01s Sys=0.00s Real=0.00s
[4.383s][info ][gc,start       ] GC(1522) Pause Young (Allocation Failure)
[4.383s][info ][gc,task        ] GC(1522) Using 8 workers of 8 for evacuation
[4.384s][debug][gc,age         ] GC(1522) Desired survivor size 1114112 bytes, new threshold 1 (max threshold 6)
[4.384s][info ][gc,heap        ] GC(1522) ParNew: 18863K->1957K(19648K)
[4.384s][info ][gc,heap        ] GC(1522) CMS: 18379K->19160K(43712K)
[4.384s][info ][gc,metaspace   ] GC(1522) Metaspace: 5340K->5340K(1056768K)
[4.384s][info ][gc             ] GC(1522) Pause Young (Allocation Failure) 36M->20M(61M) 1.437ms
[4.384s][info ][gc,cpu         ] GC(1522) User=0.00s Sys=0.00s Real=0.01s
[4.386s][info ][gc,start       ] GC(1523) Pause Young (Allocation Failure)
[4.386s][info ][gc,task        ] GC(1523) Using 8 workers of 8 for evacuation
[4.388s][debug][gc,age         ] GC(1523) Desired survivor size 1114112 bytes, new threshold 1 (max threshold 6)
[4.388s][info ][gc,heap        ] GC(1523) ParNew: 19350K->1177K(19648K)
[4.388s][info ][gc,heap        ] GC(1523) CMS: 19160K->20333K(43712K)
[4.388s][info ][gc,metaspace   ] GC(1523) Metaspace: 5340K->5340K(1056768K)
[4.388s][info ][gc             ] GC(1523) Pause Young (Allocation Failure) 37M->21M(61M) 1.371ms
[4.388s][info ][gc,cpu         ] GC(1523) User=0.01s Sys=0.00s Real=0.00s
[4.388s][info ][gc,start       ] GC(1524) Pause Initial Mark
[4.388s][info ][gc             ] GC(1524) Pause Initial Mark 22M->22M(61M) 0.133ms
[4.388s][info ][gc,cpu         ] GC(1524) User=0.00s Sys=0.00s Real=0.00s
[4.388s][info ][gc             ] GC(1524) Concurrent Mark
[4.388s][info ][gc,task        ] GC(1524) Using 2 workers of 2 for marking
[4.390s][info ][gc             ] GC(1524) Concurrent Mark 1.496ms
[4.390s][info ][gc,cpu         ] GC(1524) User=0.01s Sys=0.00s Real=0.00s
[4.390s][info ][gc,start       ] GC(1525) Pause Young (Allocation Failure)
[4.390s][info ][gc,task        ] GC(1525) Using 8 workers of 8 for evacuation
[4.391s][debug][gc,age         ] GC(1525) Desired survivor size 1114112 bytes, new threshold 1 (max threshold 6)
[4.391s][info ][gc,heap        ] GC(1525) ParNew: 18387K->1957K(19648K)
[4.391s][info ][gc,heap        ] GC(1525) CMS: 20333K->21115K(43712K)
[4.391s][info ][gc,metaspace   ] GC(1525) Metaspace: 5340K->5340K(1056768K)
[4.391s][info ][gc             ] GC(1525) Pause Young (Allocation Failure) 37M->22M(61M) 1.410ms
[4.391s][info ][gc,cpu         ] GC(1525) User=0.00s Sys=0.00s Real=0.00s
[4.391s][info ][gc             ] GC(1524) Concurrent Preclean
[4.392s][info ][gc             ] GC(1524) Concurrent Preclean 0.176ms
[4.392s][info ][gc,cpu         ] GC(1524) User=0.00s Sys=0.00s Real=0.00s
[4.392s][info ][gc,start       ] GC(1524) Pause Remark
[4.393s][debug][gc,phases      ] GC(1524) Rescan (parallel) 1.037ms
[4.393s][debug][gc,phases      ] GC(1524) Reference Processing 0.013ms
[4.393s][debug][gc,phases      ] GC(1524) Weak Processing 0.005ms
[4.393s][debug][gc,phases      ] GC(1524) ClassLoaderData 0.013ms
[4.393s][debug][gc,phases      ] GC(1524) ProtectionDomainCacheTable 0.002ms
[4.393s][debug][gc,phases      ] GC(1524) ResolvedMethodTable 0.007ms
[4.393s][debug][gc,phases      ] GC(1524) Class Unloading 0.199ms
[4.393s][debug][gc,phases      ] GC(1524) Scrub Symbol Table 0.479ms
[4.393s][debug][gc,phases      ] GC(1524) Scrub String Table 0.021ms
[4.394s][info ][gc             ] GC(1524) Pause Remark 24M->24M(61M) 1.863ms
[4.394s][info ][gc,cpu         ] GC(1524) User=0.01s Sys=0.00s Real=0.01s
[4.394s][info ][gc             ] GC(1524) Concurrent Sweep
[4.394s][info ][gc             ] GC(1524) Concurrent Sweep 0.651ms
[4.394s][info ][gc,cpu         ] GC(1524) User=0.00s Sys=0.00s Real=0.00s
[4.394s][info ][gc             ] GC(1524) Concurrent Reset
[4.395s][info ][gc             ] GC(1524) Concurrent Reset 0.130ms
[4.395s][info ][gc,cpu         ] GC(1524) User=0.00s Sys=0.00s Real=0.00s
[4.395s][info ][gc,heap        ] GC(1524) Old: 20333K->2737K(43712K)
[4.395s][info ][gc,start       ] GC(1526) Pause Young (Allocation Failure)
[4.395s][info ][gc,task        ] GC(1526) Using 8 workers of 8 for evacuation
[4.396s][debug][gc,age         ] GC(1526) Desired survivor size 1114112 bytes, new threshold 1 (max threshold 6)
[4.396s][info ][gc,heap        ] GC(1526) ParNew: 19182K->1959K(19648K)
[4.396s][info ][gc,heap        ] GC(1526) CMS: 2737K->3909K(43712K)
[4.396s][info ][gc,metaspace   ] GC(1526) Metaspace: 5340K->5340K(1056768K)
[4.396s][info ][gc             ] GC(1526) Pause Young (Allocation Failure) 21M->5M(61M) 1.541ms
[4.396s][info ][gc,cpu         ] GC(1526) User=0.00s Sys=0.00s Real=0.00s
[4.398s][info ][gc,start       ] GC(1527) Pause Young (Allocation Failure)
[4.398s][info ][gc,task        ] GC(1527) Using 8 workers of 8 for evacuation
[4.400s][debug][gc,age         ] GC(1527) Desired survivor size 1114112 bytes, new threshold 1 (max threshold 6)
[4.400s][info ][gc,heap        ] GC(1527) ParNew: 19060K->1572K(19648K)
[4.400s][info ][gc,heap        ] GC(1527) CMS: 3909K->4692K(43712K)
[4.400s][info ][gc,metaspace   ] GC(1527) Metaspace: 5340K->5340K(1056768K)
[4.400s][info ][gc             ] GC(1527) Pause Young (Allocation Failure) 22M->6M(61M) 1.696ms
[4.400s][info ][gc,cpu         ] GC(1527) User=0.01s Sys=0.00s Real=0.00s
[4.401s][info ][gc,start       ] GC(1528) Pause Young (Allocation Failure)
[4.401s][info ][gc,task        ] GC(1528) Using 8 workers of 8 for evacuation
[4.403s][debug][gc,age         ] GC(1528) Desired survivor size 1114112 bytes, new threshold 1 (max threshold 6)
[4.403s][info ][gc,heap        ] GC(1528) ParNew: 19030K->1572K(19648K)
[4.403s][info ][gc,heap        ] GC(1528) CMS: 4692K->5864K(43712K)
[4.403s][info ][gc,metaspace   ] GC(1528) Metaspace: 5340K->5340K(1056768K)
[4.403s][info ][gc             ] GC(1528) Pause Young (Allocation Failure) 23M->7M(61M) 1.224ms
[4.403s][info ][gc,cpu         ] GC(1528) User=0.00s Sys=0.00s Real=0.00s
[4.404s][info ][gc,start       ] GC(1529) Pause Young (Allocation Failure)
[4.404s][info ][gc,task        ] GC(1529) Using 8 workers of 8 for evacuation
[4.405s][debug][gc,age         ] GC(1529) Desired survivor size 1114112 bytes, new threshold 1 (max threshold 6)
[4.405s][info ][gc,heap        ] GC(1529) ParNew: 18842K->1961K(19648K)
[4.405s][info ][gc,heap        ] GC(1529) CMS: 5864K->5864K(43712K)
[4.405s][info ][gc,metaspace   ] GC(1529) Metaspace: 5340K->5340K(1056768K)
[4.405s][info ][gc             ] GC(1529) Pause Young (Allocation Failure) 24M->7M(61M) 1.443ms
[4.405s][info ][gc,cpu         ] GC(1529) User=0.00s Sys=0.00s Real=0.00s
[4.407s][info ][gc,start       ] GC(1530) Pause Young (Allocation Failure)
[4.407s][info ][gc,task        ] GC(1530) Using 8 workers of 8 for evacuation
[4.408s][debug][gc,age         ] GC(1530) Desired survivor size 1114112 bytes, new threshold 1 (max threshold 6)
[4.408s][info ][gc,heap        ] GC(1530) ParNew: 19053K->1570K(19648K)
[4.408s][info ][gc,heap        ] GC(1530) CMS: 5864K->6647K(43712K)
[4.408s][info ][gc,metaspace   ] GC(1530) Metaspace: 5340K->5340K(1056768K)
[4.408s][info ][gc             ] GC(1530) Pause Young (Allocation Failure) 24M->8M(61M) 1.212ms
[4.408s][info ][gc,cpu         ] GC(1530) User=0.00s Sys=0.00s Real=0.00s
[4.409s][info ][gc,start       ] GC(1531) Pause Young (Allocation Failure)
[4.409s][info ][gc,task        ] GC(1531) Using 8 workers of 8 for evacuation
[4.410s][debug][gc,age         ] GC(1531) Desired survivor size 1114112 bytes, new threshold 1 (max threshold 6)
[4.410s][info ][gc,heap        ] GC(1531) ParNew: 18811K->1959K(19648K)
[4.411s][info ][gc,heap        ] GC(1531) CMS: 6647K->7037K(43712K)
[4.411s][info ][gc,metaspace   ] GC(1531) Metaspace: 5340K->5340K(1056768K)
[4.411s][info ][gc             ] GC(1531) Pause Young (Allocation Failure) 24M->8M(61M) 1.190ms
[4.411s][info ][gc,cpu         ] GC(1531) User=0.00s Sys=0.00s Real=0.00s
[4.412s][info ][gc,start       ] GC(1532) Pause Young (Allocation Failure)
[4.412s][info ][gc,task        ] GC(1532) Using 8 workers of 8 for evacuation
[4.414s][debug][gc,age         ] GC(1532) Desired survivor size 1114112 bytes, new threshold 1 (max threshold 6)
[4.414s][info ][gc,heap        ] GC(1532) ParNew: 19115K->1566K(19648K)
[4.414s][info ][gc,heap        ] GC(1532) CMS: 7037K->7428K(43712K)
[4.414s][info ][gc,metaspace   ] GC(1532) Metaspace: 5340K->5340K(1056768K)
[4.414s][info ][gc             ] GC(1532) Pause Young (Allocation Failure) 25M->8M(61M) 1.349ms
[4.414s][info ][gc,cpu         ] GC(1532) User=0.00s Sys=0.00s Real=0.01s
[4.415s][info ][gc,start       ] GC(1533) Pause Young (Allocation Failure)
[4.415s][info ][gc,task        ] GC(1533) Using 8 workers of 8 for evacuation
[4.417s][debug][gc,age         ] GC(1533) Desired survivor size 1114112 bytes, new threshold 1 (max threshold 6)
[4.417s][info ][gc,heap        ] GC(1533) ParNew: 18730K->1959K(19648K)
[4.417s][info ][gc,heap        ] GC(1533) CMS: 7428K->7820K(43712K)
[4.417s][info ][gc,metaspace   ] GC(1533) Metaspace: 5340K->5340K(1056768K)
[4.417s][info ][gc             ] GC(1533) Pause Young (Allocation Failure) 25M->9M(61M) 1.742ms
[4.417s][info ][gc,cpu         ] GC(1533) User=0.00s Sys=0.00s Real=0.00s
[4.419s][info ][gc,start       ] GC(1534) Pause Young (Allocation Failure)
[4.419s][info ][gc,task        ] GC(1534) Using 8 workers of 8 for evacuation
[4.420s][debug][gc,age         ] GC(1534) Desired survivor size 1114112 bytes, new threshold 1 (max threshold 6)
[4.420s][info ][gc,heap        ] GC(1534) ParNew: 19431K->1957K(19648K)
[4.420s][info ][gc,heap        ] GC(1534) CMS: 7820K->8602K(43712K)
[4.420s][info ][gc,metaspace   ] GC(1534) Metaspace: 5340K->5340K(1056768K)
[4.420s][info ][gc             ] GC(1534) Pause Young (Allocation Failure) 26M->10M(61M) 1.115ms
[4.420s][info ][gc,cpu         ] GC(1534) User=0.00s Sys=0.00s Real=0.00s
[4.421s][info ][gc,start       ] GC(1535) Pause Young (Allocation Failure)
[4.421s][info ][gc,task        ] GC(1535) Using 8 workers of 8 for evacuation
[4.423s][debug][gc,age         ] GC(1535) Desired survivor size 1114112 bytes, new threshold 1 (max threshold 6)
[4.423s][info ][gc,heap        ] GC(1535) ParNew: 19163K->1957K(19648K)
[4.423s][info ][gc,heap        ] GC(1535) CMS: 8602K->8992K(43712K)
[4.423s][info ][gc,metaspace   ] GC(1535) Metaspace: 5340K->5340K(1056768K)
[4.423s][info ][gc             ] GC(1535) Pause Young (Allocation Failure) 27M->10M(61M) 1.506ms
[4.423s][info ][gc,cpu         ] GC(1535) User=0.00s Sys=0.00s Real=0.00s
[4.424s][info ][gc,start       ] GC(1536) Pause Young (Allocation Failure)
[4.424s][info ][gc,task        ] GC(1536) Using 8 workers of 8 for evacuation
[4.426s][debug][gc,age         ] GC(1536) Desired survivor size 1114112 bytes, new threshold 1 (max threshold 6)
[4.426s][info ][gc,heap        ] GC(1536) ParNew: 19379K->1566K(19648K)
[4.426s][info ][gc,heap        ] GC(1536) CMS: 8992K->9384K(43712K)
[4.426s][info ][gc,metaspace   ] GC(1536) Metaspace: 5340K->5340K(1056768K)
[4.426s][info ][gc             ] GC(1536) Pause Young (Allocation Failure) 27M->10M(61M) 1.727ms
[4.426s][info ][gc,cpu         ] GC(1536) User=0.00s Sys=0.00s Real=0.00s
[4.428s][info ][gc,start       ] GC(1537) Pause Young (Allocation Failure)
[4.428s][info ][gc,task        ] GC(1537) Using 8 workers of 8 for evacuation
[4.429s][debug][gc,age         ] GC(1537) Desired survivor size 1114112 bytes, new threshold 1 (max threshold 6)
[4.429s][info ][gc,heap        ] GC(1537) ParNew: 19035K->1184K(19648K)
[4.429s][info ][gc,heap        ] GC(1537) CMS: 9384K->9775K(43712K)
[4.429s][info ][gc,metaspace   ] GC(1537) Metaspace: 5340K->5340K(1056768K)
[4.429s][info ][gc             ] GC(1537) Pause Young (Allocation Failure) 27M->10M(61M) 1.214ms
[4.429s][info ][gc,cpu         ] GC(1537) User=0.00s Sys=0.00s Real=0.00s
[4.430s][info ][gc,start       ] GC(1538) Pause Young (Allocation Failure)
[4.430s][info ][gc,task        ] GC(1538) Using 8 workers of 8 for evacuation
[4.431s][debug][gc,age         ] GC(1538) Desired survivor size 1114112 bytes, new threshold 1 (max threshold 6)
[4.431s][info ][gc,heap        ] GC(1538) ParNew: 18427K->1967K(19648K)
[4.431s][info ][gc,heap        ] GC(1538) CMS: 9775K->10557K(43712K)
[4.431s][info ][gc,metaspace   ] GC(1538) Metaspace: 5340K->5340K(1056768K)
[4.431s][info ][gc             ] GC(1538) Pause Young (Allocation Failure) 27M->12M(61M) 0.646ms
[4.431s][info ][gc,cpu         ] GC(1538) User=0.00s Sys=0.00s Real=0.00s
[4.433s][info ][gc,start       ] GC(1539) Pause Young (Allocation Failure)
[4.433s][info ][gc,task        ] GC(1539) Using 8 workers of 8 for evacuation
[4.434s][debug][gc,age         ] GC(1539) Desired survivor size 1114112 bytes, new threshold 1 (max threshold 6)
[4.434s][info ][gc,heap        ] GC(1539) ParNew: 19123K->1959K(19648K)
[4.434s][info ][gc,heap        ] GC(1539) CMS: 10557K->12510K(43712K)
[4.434s][info ][gc,metaspace   ] GC(1539) Metaspace: 5340K->5340K(1056768K)
[4.434s][info ][gc             ] GC(1539) Pause Young (Allocation Failure) 28M->14M(61M) 1.433ms
[4.434s][info ][gc,cpu         ] GC(1539) User=0.00s Sys=0.00s Real=0.01s
[4.435s][info ][gc,start       ] GC(1540) Pause Young (Allocation Failure)
[4.436s][info ][gc,task        ] GC(1540) Using 8 workers of 8 for evacuation
[4.437s][debug][gc,age         ] GC(1540) Desired survivor size 1114112 bytes, new threshold 1 (max threshold 6)
[4.437s][info ][gc,heap        ] GC(1540) ParNew: 19160K->1959K(19648K)
[4.437s][info ][gc,heap        ] GC(1540) CMS: 12510K->12510K(43712K)
[4.437s][info ][gc,metaspace   ] GC(1540) Metaspace: 5340K->5340K(1056768K)
[4.437s][info ][gc             ] GC(1540) Pause Young (Allocation Failure) 30M->14M(61M) 1.196ms
[4.437s][info ][gc,cpu         ] GC(1540) User=0.00s Sys=0.00s Real=0.00s
[4.438s][info ][gc,start       ] GC(1541) Pause Young (Allocation Failure)
[4.438s][info ][gc,task        ] GC(1541) Using 8 workers of 8 for evacuation
[4.439s][debug][gc,age         ] GC(1541) Desired survivor size 1114112 bytes, new threshold 1 (max threshold 6)
[4.439s][info ][gc,heap        ] GC(1541) ParNew: 19138K->1965K(19648K)
[4.439s][info ][gc,heap        ] GC(1541) CMS: 12510K->13292K(43712K)
[4.439s][info ][gc,metaspace   ] GC(1541) Metaspace: 5340K->5340K(1056768K)
[4.439s][info ][gc             ] GC(1541) Pause Young (Allocation Failure) 30M->14M(61M) 1.207ms
[4.439s][info ][gc,cpu         ] GC(1541) User=0.01s Sys=0.00s Real=0.00s
[4.441s][info ][gc,start       ] GC(1542) Pause Young (Allocation Failure)
[4.441s][info ][gc,task        ] GC(1542) Using 8 workers of 8 for evacuation
[4.442s][debug][gc,age         ] GC(1542) Desired survivor size 1114112 bytes, new threshold 1 (max threshold 6)
[4.442s][info ][gc,heap        ] GC(1542) ParNew: 19131K->1572K(19648K)
[4.442s][info ][gc,heap        ] GC(1542) CMS: 13292K->13683K(43712K)
[4.442s][info ][gc,metaspace   ] GC(1542) Metaspace: 5340K->5340K(1056768K)
[4.442s][info ][gc             ] GC(1542) Pause Young (Allocation Failure) 31M->14M(61M) 1.261ms
[4.442s][info ][gc,cpu         ] GC(1542) User=0.01s Sys=0.00s Real=0.00s
[4.444s][info ][gc,start       ] GC(1543) Pause Young (Allocation Failure)
[4.444s][info ][gc,task        ] GC(1543) Using 8 workers of 8 for evacuation
[4.445s][debug][gc,age         ] GC(1543) Desired survivor size 1114112 bytes, new threshold 1 (max threshold 6)
[4.445s][info ][gc,heap        ] GC(1543) ParNew: 18729K->1959K(19648K)
[4.445s][info ][gc,heap        ] GC(1543) CMS: 13683K->14465K(43712K)
[4.445s][info ][gc,metaspace   ] GC(1543) Metaspace: 5340K->5340K(1056768K)
[4.445s][info ][gc             ] GC(1543) Pause Young (Allocation Failure) 31M->16M(61M) 1.471ms
[4.445s][info ][gc,cpu         ] GC(1543) User=0.01s Sys=0.00s Real=0.00s
[4.447s][info ][gc,start       ] GC(1544) Pause Young (Allocation Failure)
[4.447s][info ][gc,task        ] GC(1544) Using 8 workers of 8 for evacuation
[4.448s][debug][gc,age         ] GC(1544) Desired survivor size 1114112 bytes, new threshold 6 (max threshold 6)
[4.448s][info ][gc,heap        ] GC(1544) ParNew: 19414K->783K(19648K)
[4.448s][info ][gc,heap        ] GC(1544) CMS: 14465K->15247K(43712K)
[4.448s][info ][gc,metaspace   ] GC(1544) Metaspace: 5340K->5340K(1056768K)
[4.448s][info ][gc             ] GC(1544) Pause Young (Allocation Failure) 33M->15M(61M) 1.812ms
[4.449s][info ][gc,cpu         ] GC(1544) User=0.00s Sys=0.00s Real=0.00s
[4.451s][info ][gc,start       ] GC(1545) Pause Young (Allocation Failure)
[4.451s][info ][gc,task        ] GC(1545) Using 8 workers of 8 for evacuation
[4.452s][debug][gc,age         ] GC(1545) Desired survivor size 1114112 bytes, new threshold 1 (max threshold 6)
[4.452s][info ][gc,heap        ] GC(1545) ParNew: 18163K->1959K(19648K)
[4.452s][info ][gc,heap        ] GC(1545) CMS: 15247K->15637K(43712K)
[4.452s][info ][gc,metaspace   ] GC(1545) Metaspace: 5340K->5340K(1056768K)
[4.452s][info ][gc             ] GC(1545) Pause Young (Allocation Failure) 32M->17M(61M) 1.509ms
[4.452s][info ][gc,cpu         ] GC(1545) User=0.00s Sys=0.00s Real=0.00s
[4.454s][info ][gc,start       ] GC(1546) Pause Young (Allocation Failure)
[4.454s][info ][gc,task        ] GC(1546) Using 8 workers of 8 for evacuation
[4.455s][debug][gc,age         ] GC(1546) Desired survivor size 1114112 bytes, new threshold 1 (max threshold 6)
[4.455s][info ][gc,heap        ] GC(1546) ParNew: 19137K->1967K(19648K)
[4.455s][info ][gc,heap        ] GC(1546) CMS: 15637K->16029K(43712K)
[4.455s][info ][gc,metaspace   ] GC(1546) Metaspace: 5340K->5340K(1056768K)
[4.455s][info ][gc             ] GC(1546) Pause Young (Allocation Failure) 33M->17M(61M) 1.032ms
[4.455s][info ][gc,cpu         ] GC(1546) User=0.00s Sys=0.00s Real=0.00s
[4.456s][info ][gc,start       ] GC(1547) Pause Young (Allocation Failure)
[4.456s][info ][gc,task        ] GC(1547) Using 8 workers of 8 for evacuation
[4.458s][debug][gc,age         ] GC(1547) Desired survivor size 1114112 bytes, new threshold 1 (max threshold 6)
[4.458s][info ][gc,heap        ] GC(1547) ParNew: 19185K->1961K(19648K)
[4.458s][info ][gc,heap        ] GC(1547) CMS: 16029K->16810K(43712K)
[4.458s][info ][gc,metaspace   ] GC(1547) Metaspace: 5340K->5340K(1056768K)
[4.458s][info ][gc             ] GC(1547) Pause Young (Allocation Failure) 34M->18M(61M) 1.718ms
[4.458s][info ][gc,cpu         ] GC(1547) User=0.01s Sys=0.00s Real=0.00s
[4.459s][info ][gc,start       ] GC(1548) Pause Young (Allocation Failure)
[4.459s][info ][gc,task        ] GC(1548) Using 8 workers of 8 for evacuation
[4.460s][debug][gc,age         ] GC(1548) Desired survivor size 1114112 bytes, new threshold 1 (max threshold 6)
[4.460s][info ][gc,heap        ] GC(1548) ParNew: 19151K->1961K(19648K)
[4.460s][info ][gc,heap        ] GC(1548) CMS: 16810K->17201K(43712K)
[4.460s][info ][gc,metaspace   ] GC(1548) Metaspace: 5340K->5340K(1056768K)
[4.460s][info ][gc             ] GC(1548) Pause Young (Allocation Failure) 35M->18M(61M) 0.519ms
[4.460s][info ][gc,cpu         ] GC(1548) User=0.01s Sys=0.00s Real=0.00s
[4.461s][info ][gc,start       ] GC(1549) Pause Young (Allocation Failure)
[4.461s][info ][gc,task        ] GC(1549) Using 8 workers of 8 for evacuation
[4.463s][debug][gc,age         ] GC(1549) Desired survivor size 1114112 bytes, new threshold 1 (max threshold 6)
[4.463s][info ][gc,heap        ] GC(1549) ParNew: 19134K->1959K(19648K)
[4.463s][info ][gc,heap        ] GC(1549) CMS: 17201K->17592K(43712K)
[4.463s][info ][gc,metaspace   ] GC(1549) Metaspace: 5340K->5340K(1056768K)
[4.463s][info ][gc             ] GC(1549) Pause Young (Allocation Failure) 35M->19M(61M) 1.561ms
[4.463s][info ][gc,cpu         ] GC(1549) User=0.01s Sys=0.00s Real=0.00s
[4.464s][info ][gc,start       ] GC(1550) Pause Young (Allocation Failure)
[4.464s][info ][gc,task        ] GC(1550) Using 8 workers of 8 for evacuation
[4.465s][debug][gc,age         ] GC(1550) Desired survivor size 1114112 bytes, new threshold 1 (max threshold 6)
[4.465s][info ][gc,heap        ] GC(1550) ParNew: 19120K->1969K(19648K)
[4.465s][info ][gc,heap        ] GC(1550) CMS: 17592K->18764K(43712K)
[4.465s][info ][gc,metaspace   ] GC(1550) Metaspace: 5340K->5340K(1056768K)
[4.465s][info ][gc             ] GC(1550) Pause Young (Allocation Failure) 35M->20M(61M) 1.333ms
[4.466s][info ][gc,cpu         ] GC(1550) User=0.01s Sys=0.00s Real=0.00s
[4.467s][info ][gc,start       ] GC(1551) Pause Young (Allocation Failure)
[4.467s][info ][gc,task        ] GC(1551) Using 8 workers of 8 for evacuation
[4.467s][debug][gc,age         ] GC(1551) Desired survivor size 1114112 bytes, new threshold 1 (max threshold 6)
[4.467s][info ][gc,heap        ] GC(1551) ParNew: 19123K->1967K(19648K)
[4.467s][info ][gc,heap        ] GC(1551) CMS: 18764K->19936K(43712K)
[4.467s][info ][gc,metaspace   ] GC(1551) Metaspace: 5340K->5340K(1056768K)
[4.467s][info ][gc             ] GC(1551) Pause Young (Allocation Failure) 36M->21M(61M) 0.581ms
[4.467s][info ][gc,cpu         ] GC(1551) User=0.00s Sys=0.00s Real=0.00s
[4.469s][info ][gc,start       ] GC(1552) Pause Young (Allocation Failure)
[4.469s][info ][gc,task        ] GC(1552) Using 8 workers of 8 for evacuation
[4.469s][debug][gc,age         ] GC(1552) Desired survivor size 1114112 bytes, new threshold 1 (max threshold 6)
[4.469s][info ][gc,heap        ] GC(1552) ParNew: 19116K->1186K(19648K)
[4.469s][info ][gc,heap        ] GC(1552) CMS: 19936K->19936K(43712K)
[4.469s][info ][gc,metaspace   ] GC(1552) Metaspace: 5340K->5340K(1056768K)
[4.469s][info ][gc             ] GC(1552) Pause Young (Allocation Failure) 38M->20M(61M) 0.408ms
[4.469s][info ][gc,cpu         ] GC(1552) User=0.00s Sys=0.00s Real=0.00s
[4.471s][info ][gc,start       ] GC(1553) Pause Young (Allocation Failure)
[4.471s][info ][gc,task        ] GC(1553) Using 8 workers of 8 for evacuation
[4.472s][debug][gc,age         ] GC(1553) Desired survivor size 1114112 bytes, new threshold 1 (max threshold 6)
[4.472s][info ][gc,heap        ] GC(1553) ParNew: 18332K->1965K(19648K)
[4.472s][info ][gc,heap        ] GC(1553) CMS: 19936K->20717K(43712K)
[4.472s][info ][gc,metaspace   ] GC(1553) Metaspace: 5340K->5340K(1056768K)
[4.472s][info ][gc             ] GC(1553) Pause Young (Allocation Failure) 37M->22M(61M) 1.391ms
[4.472s][info ][gc,cpu         ] GC(1553) User=0.00s Sys=0.00s Real=0.00s
[4.473s][info ][gc,start       ] GC(1554) Pause Young (Allocation Failure)
[4.473s][info ][gc,task        ] GC(1554) Using 8 workers of 8 for evacuation
[4.474s][debug][gc,age         ] GC(1554) Desired survivor size 1114112 bytes, new threshold 1 (max threshold 6)
[4.474s][info ][gc,heap        ] GC(1554) ParNew: 19109K->1969K(19648K)
[4.474s][info ][gc,heap        ] GC(1554) CMS: 20717K->21889K(43712K)
[4.474s][info ][gc,metaspace   ] GC(1554) Metaspace: 5340K->5340K(1056768K)
[4.474s][info ][gc             ] GC(1554) Pause Young (Allocation Failure) 38M->23M(61M) 0.547ms
[4.474s][info ][gc,cpu         ] GC(1554) User=0.00s Sys=0.00s Real=0.01s
[4.475s][info ][gc,start       ] GC(1555) Pause Young (Allocation Failure)
[4.475s][info ][gc,task        ] GC(1555) Using 8 workers of 8 for evacuation
[4.476s][debug][gc,age         ] GC(1555) Desired survivor size 1114112 bytes, new threshold 1 (max threshold 6)
[4.476s][info ][gc,heap        ] GC(1555) ParNew: 19112K->1967K(19648K)
[4.476s][info ][gc,heap        ] GC(1555) CMS: 21889K->22670K(43712K)
[4.476s][info ][gc,metaspace   ] GC(1555) Metaspace: 5340K->5340K(1056768K)
[4.476s][info ][gc             ] GC(1555) Pause Young (Allocation Failure) 40M->24M(61M) 0.589ms
[4.476s][info ][gc,cpu         ] GC(1555) User=0.00s Sys=0.00s Real=0.00s
[4.477s][info ][gc,start       ] GC(1556) Pause Young (Allocation Failure)
[4.477s][info ][gc,task        ] GC(1556) Using 8 workers of 8 for evacuation
[4.478s][debug][gc,age         ] GC(1556) Desired survivor size 1114112 bytes, new threshold 1 (max threshold 6)
[4.478s][info ][gc,heap        ] GC(1556) ParNew: 19109K->1967K(19648K)
[4.478s][info ][gc,heap        ] GC(1556) CMS: 22670K->22670K(43712K)
[4.478s][info ][gc,metaspace   ] GC(1556) Metaspace: 5340K->5340K(1056768K)
[4.478s][info ][gc             ] GC(1556) Pause Young (Allocation Failure) 40M->24M(61M) 0.863ms
[4.478s][info ][gc,cpu         ] GC(1556) User=0.01s Sys=0.00s Real=0.00s
[4.479s][info ][gc,start       ] GC(1557) Pause Young (Allocation Failure)
[4.479s][info ][gc,task        ] GC(1557) Using 8 workers of 8 for evacuation
[4.481s][debug][gc,age         ] GC(1557) Desired survivor size 1114112 bytes, new threshold 1 (max threshold 6)
[4.481s][info ][gc,heap        ] GC(1557) ParNew: 19108K->1965K(19648K)
[4.481s][info ][gc,heap        ] GC(1557) CMS: 22670K->23452K(43712K)
[4.481s][info ][gc,metaspace   ] GC(1557) Metaspace: 5340K->5340K(1056768K)
[4.481s][info ][gc             ] GC(1557) Pause Young (Allocation Failure) 40M->24M(61M) 1.199ms
[4.481s][info ][gc,cpu         ] GC(1557) User=0.01s Sys=0.00s Real=0.00s
[4.482s][info ][gc,start       ] GC(1558) Pause Young (Allocation Failure)
[4.482s][info ][gc,task        ] GC(1558) Using 8 workers of 8 for evacuation
[4.483s][debug][gc,age         ] GC(1558) Desired survivor size 1114112 bytes, new threshold 1 (max threshold 6)
[4.483s][info ][gc,heap        ] GC(1558) ParNew: 19106K->1967K(19648K)
[4.483s][info ][gc,heap        ] GC(1558) CMS: 23452K->24233K(43712K)
[4.483s][info ][gc,metaspace   ] GC(1558) Metaspace: 5340K->5340K(1056768K)
[4.483s][info ][gc             ] GC(1558) Pause Young (Allocation Failure) 41M->25M(61M) 1.319ms
[4.483s][info ][gc,cpu         ] GC(1558) User=0.00s Sys=0.00s Real=0.00s
[4.485s][info ][gc,start       ] GC(1559) Pause Young (Allocation Failure)
[4.485s][info ][gc,task        ] GC(1559) Using 8 workers of 8 for evacuation
[4.486s][debug][gc,age         ] GC(1559) Desired survivor size 1114112 bytes, new threshold 1 (max threshold 6)
[4.486s][info ][gc,heap        ] GC(1559) ParNew: 19108K->1570K(19648K)
[4.486s][info ][gc,heap        ] GC(1559) CMS: 24233K->24624K(43712K)
[4.486s][info ][gc,metaspace   ] GC(1559) Metaspace: 5340K->5340K(1056768K)
[4.486s][info ][gc             ] GC(1559) Pause Young (Allocation Failure) 42M->25M(61M) 1.206ms
[4.486s][info ][gc,cpu         ] GC(1559) User=0.00s Sys=0.00s Real=0.00s
[4.488s][info ][gc,start       ] GC(1560) Pause Young (Allocation Failure)
[4.488s][info ][gc,task        ] GC(1560) Using 8 workers of 8 for evacuation
[4.488s][debug][gc,age         ] GC(1560) Desired survivor size 1114112 bytes, new threshold 1 (max threshold 6)
[4.488s][info ][gc,heap        ] GC(1560) ParNew: 18711K->1961K(19648K)
[4.488s][info ][gc,heap        ] GC(1560) CMS: 24624K->25014K(43712K)
[4.488s][info ][gc,metaspace   ] GC(1560) Metaspace: 5340K->5340K(1056768K)
[4.488s][info ][gc             ] GC(1560) Pause Young (Allocation Failure) 42M->26M(61M) 0.953ms
[4.488s][info ][gc,cpu         ] GC(1560) User=0.00s Sys=0.00s Real=0.00s
[4.490s][info ][gc,start       ] GC(1561) Pause Young (Allocation Failure)
[4.490s][info ][gc,task        ] GC(1561) Using 8 workers of 8 for evacuation
[4.491s][debug][gc,age         ] GC(1561) Desired survivor size 1114112 bytes, new threshold 1 (max threshold 6)
[4.491s][info ][gc,heap        ] GC(1561) ParNew: 19045K->1959K(19648K)
[4.491s][info ][gc,heap        ] GC(1561) CMS: 25014K->25015K(43712K)
[4.491s][info ][gc,metaspace   ] GC(1561) Metaspace: 5340K->5340K(1056768K)
[4.491s][info ][gc             ] GC(1561) Pause Young (Allocation Failure) 43M->26M(61M) 1.164ms
[4.491s][info ][gc,cpu         ] GC(1561) User=0.00s Sys=0.00s Real=0.00s
[4.493s][info ][gc,start       ] GC(1562) Pause Young (Allocation Failure)
[4.493s][info ][gc,task        ] GC(1562) Using 8 workers of 8 for evacuation
[4.494s][debug][gc,age         ] GC(1562) Desired survivor size 1114112 bytes, new threshold 1 (max threshold 6)
[4.494s][info ][gc,heap        ] GC(1562) ParNew: 19382K->1568K(19648K)
[4.494s][info ][gc,heap        ] GC(1562) CMS: 25015K->26187K(43712K)
[4.494s][info ][gc,metaspace   ] GC(1562) Metaspace: 5340K->5340K(1056768K)
[4.494s][info ][gc             ] GC(1562) Pause Young (Allocation Failure) 43M->27M(61M) 1.298ms
[4.494s][info ][gc,cpu         ] GC(1562) User=0.00s Sys=0.00s Real=0.01s
[4.496s][info ][gc,start       ] GC(1563) Pause Young (Allocation Failure)
[4.496s][info ][gc,task        ] GC(1563) Using 8 workers of 8 for evacuation
[4.497s][debug][gc,age         ] GC(1563) Desired survivor size 1114112 bytes, new threshold 1 (max threshold 6)
[4.497s][info ][gc,heap        ] GC(1563) ParNew: 18710K->1965K(19648K)
[4.497s][info ][gc,heap        ] GC(1563) CMS: 26187K->26969K(43712K)
[4.497s][info ][gc,metaspace   ] GC(1563) Metaspace: 5340K->5340K(1056768K)
[4.497s][info ][gc             ] GC(1563) Pause Young (Allocation Failure) 43M->28M(61M) 1.182ms
[4.497s][info ][gc,cpu         ] GC(1563) User=0.01s Sys=0.00s Real=0.00s
[4.498s][info ][gc,start       ] GC(1564) Pause Young (Allocation Failure)
[4.498s][info ][gc,task        ] GC(1564) Using 8 workers of 8 for evacuation
[4.499s][debug][gc,age         ] GC(1564) Desired survivor size 1114112 bytes, new threshold 6 (max threshold 6)
[4.499s][info ][gc,heap        ] GC(1564) ParNew: 19437K->398K(19648K)
[4.499s][info ][gc,heap        ] GC(1564) CMS: 26969K->28142K(43712K)
[4.499s][info ][gc,metaspace   ] GC(1564) Metaspace: 5340K->5340K(1056768K)
[4.499s][info ][gc             ] GC(1564) Pause Young (Allocation Failure) 45M->27M(61M) 1.134ms
[4.499s][info ][gc,cpu         ] GC(1564) User=0.00s Sys=0.00s Real=0.00s
[4.499s][info ][gc,start       ] GC(1565) Pause Initial Mark
[4.500s][info ][gc             ] GC(1565) Pause Initial Mark 28M->28M(61M) 0.100ms
[4.500s][info ][gc,cpu         ] GC(1565) User=0.00s Sys=0.01s Real=0.00s
[4.500s][info ][gc             ] GC(1565) Concurrent Mark
[4.500s][info ][gc,task        ] GC(1565) Using 2 workers of 2 for marking
[4.501s][info ][gc,start       ] GC(1566) Pause Young (Allocation Failure)
[4.501s][info ][gc,task        ] GC(1566) Using 8 workers of 8 for evacuation
[4.503s][debug][gc,age         ] GC(1566) Desired survivor size 1114112 bytes, new threshold 1 (max threshold 6)
[4.503s][info ][gc,heap        ] GC(1566) ParNew: 17870K->1969K(19648K)
[4.503s][info ][gc,heap        ] GC(1566) CMS: 28142K->28142K(43712K)
[4.503s][info ][gc,metaspace   ] GC(1566) Metaspace: 5340K->5340K(1056768K)
[4.503s][info ][gc             ] GC(1566) Pause Young (Allocation Failure) 44M->29M(61M) 1.806ms
[4.503s][info ][gc,cpu         ] GC(1566) User=0.01s Sys=0.00s Real=0.00s
[4.504s][info ][gc             ] GC(1565) Concurrent Mark 4.114ms
[4.504s][info ][gc,cpu         ] GC(1565) User=0.02s Sys=0.00s Real=0.01s
[4.504s][info ][gc             ] GC(1565) Concurrent Preclean
[4.504s][info ][gc             ] GC(1565) Concurrent Preclean 0.135ms
[4.504s][info ][gc,cpu         ] GC(1565) User=0.00s Sys=0.00s Real=0.00s
[4.504s][info ][gc             ] GC(1565) Concurrent Abortable Preclean
[4.505s][info ][gc,start       ] GC(1567) Pause Young (Allocation Failure)
[4.505s][info ][gc,task        ] GC(1567) Using 8 workers of 8 for evacuation
[4.505s][debug][gc,age         ] GC(1567) Desired survivor size 1114112 bytes, new threshold 1 (max threshold 6)
[4.506s][info ][gc,heap        ] GC(1567) ParNew: 19186K->1967K(19648K)
[4.506s][info ][gc,heap        ] GC(1567) CMS: 28142K->28924K(43712K)
[4.506s][info ][gc,metaspace   ] GC(1567) Metaspace: 5340K->5340K(1056768K)
[4.506s][info ][gc             ] GC(1567) Pause Young (Allocation Failure) 46M->30M(61M) 0.744ms
[4.506s][info ][gc,cpu         ] GC(1567) User=0.00s Sys=0.00s Real=0.00s
[4.507s][info ][gc,start       ] GC(1568) Pause Young (Allocation Failure)
[4.507s][info ][gc,task        ] GC(1568) Using 8 workers of 8 for evacuation
[4.508s][debug][gc,age         ] GC(1568) Desired survivor size 1114112 bytes, new threshold 1 (max threshold 6)
[4.508s][info ][gc,heap        ] GC(1568) ParNew: 19439K->1179K(19648K)
[4.508s][info ][gc,heap        ] GC(1568) CMS: 28924K->29315K(43712K)
[4.508s][info ][gc,metaspace   ] GC(1568) Metaspace: 5340K->5340K(1056768K)
[4.508s][info ][gc             ] GC(1568) Pause Young (Allocation Failure) 47M->29M(61M) 1.085ms
[4.508s][info ][gc,cpu         ] GC(1568) User=0.00s Sys=0.00s Real=0.00s
[4.510s][info ][gc,start       ] GC(1569) Pause Young (Allocation Failure)
[4.510s][info ][gc,task        ] GC(1569) Using 8 workers of 8 for evacuation
[4.511s][debug][gc,age         ] GC(1569) Desired survivor size 1114112 bytes, new threshold 1 (max threshold 6)
[4.511s][info ][gc,heap        ] GC(1569) ParNew: 18384K->1965K(19648K)
[4.511s][info ][gc,heap        ] GC(1569) CMS: 29315K->30096K(43712K)
[4.511s][info ][gc,metaspace   ] GC(1569) Metaspace: 5340K->5340K(1056768K)
[4.511s][info ][gc             ] GC(1569) Pause Young (Allocation Failure) 46M->31M(61M) 1.185ms
[4.511s][info ][gc,cpu         ] GC(1569) User=0.00s Sys=0.00s Real=0.00s
[4.512s][info ][gc,start       ] GC(1570) Pause Young (Allocation Failure)
[4.512s][info ][gc,task        ] GC(1570) Using 8 workers of 8 for evacuation
[4.513s][debug][gc,age         ] GC(1570) Desired survivor size 1114112 bytes, new threshold 1 (max threshold 6)
[4.513s][info ][gc,heap        ] GC(1570) ParNew: 19146K->1963K(19648K)
[4.513s][info ][gc,heap        ] GC(1570) CMS: 30096K->30096K(43712K)
[4.513s][info ][gc,metaspace   ] GC(1570) Metaspace: 5340K->5340K(1056768K)
[4.513s][info ][gc             ] GC(1570) Pause Young (Allocation Failure) 48M->31M(61M) 1.209ms
[4.513s][info ][gc,cpu         ] GC(1570) User=0.00s Sys=0.00s Real=0.00s
[4.515s][info ][gc,start       ] GC(1571) Pause Young (Allocation Failure)
[4.515s][info ][gc,task        ] GC(1571) Using 8 workers of 8 for evacuation
[4.516s][debug][gc,age         ] GC(1571) Desired survivor size 1114112 bytes, new threshold 1 (max threshold 6)
[4.516s][info ][gc,heap        ] GC(1571) ParNew: 19091K->1957K(19648K)
[4.516s][info ][gc,heap        ] GC(1571) CMS: 30096K->30878K(43712K)
[4.516s][info ][gc,metaspace   ] GC(1571) Metaspace: 5340K->5340K(1056768K)
[4.516s][info ][gc             ] GC(1571) Pause Young (Allocation Failure) 48M->32M(61M) 1.327ms
[4.516s][info ][gc,cpu         ] GC(1571) User=0.01s Sys=0.00s Real=0.00s
[4.518s][info ][gc,start       ] GC(1572) Pause Young (Allocation Failure)
[4.518s][info ][gc,task        ] GC(1572) Using 8 workers of 8 for evacuation
[4.518s][debug][gc,age         ] GC(1572) Desired survivor size 1114112 bytes, new threshold 1 (max threshold 6)
[4.518s][info ][gc,heap        ] GC(1572) ParNew: 19128K->1963K(19648K)
[4.518s][info ][gc,heap        ] GC(1572) CMS: 30878K->31660K(43712K)
[4.518s][info ][gc,metaspace   ] GC(1572) Metaspace: 5340K->5340K(1056768K)
[4.518s][info ][gc             ] GC(1572) Pause Young (Allocation Failure) 48M->32M(61M) 0.816ms
[4.518s][info ][gc,cpu         ] GC(1572) User=0.01s Sys=0.00s Real=0.00s
[4.520s][info ][gc,start       ] GC(1573) Pause Young (Allocation Failure)
[4.520s][info ][gc,task        ] GC(1573) Using 8 workers of 8 for evacuation
[4.521s][debug][gc,age         ] GC(1573) Desired survivor size 1114112 bytes, new threshold 1 (max threshold 6)
[4.521s][info ][gc,heap        ] GC(1573) ParNew: 19428K->1177K(19648K)
[4.521s][info ][gc,heap        ] GC(1573) CMS: 31660K->32833K(43712K)
[4.521s][info ][gc,metaspace   ] GC(1573) Metaspace: 5340K->5340K(1056768K)
[4.521s][info ][gc             ] GC(1573) Pause Young (Allocation Failure) 49M->33M(61M) 1.227ms
[4.521s][info ][gc,cpu         ] GC(1573) User=0.00s Sys=0.00s Real=0.00s
[4.523s][info ][gc,start       ] GC(1574) Pause Young (Allocation Failure)
[4.523s][info ][gc,task        ] GC(1574) Using 8 workers of 8 for evacuation
[4.524s][debug][gc,age         ] GC(1574) Desired survivor size 1114112 bytes, new threshold 1 (max threshold 6)
[4.524s][info ][gc,heap        ] GC(1574) ParNew: 18611K->1961K(19648K)
[4.524s][info ][gc,heap        ] GC(1574) CMS: 32833K->33614K(43712K)
[4.524s][info ][gc,metaspace   ] GC(1574) Metaspace: 5340K->5340K(1056768K)
[4.524s][info ][gc             ] GC(1574) Pause Young (Allocation Failure) 50M->34M(61M) 1.415ms
[4.524s][info ][gc,cpu         ] GC(1574) User=0.00s Sys=0.00s Real=0.01s
[4.526s][info ][gc,start       ] GC(1575) Pause Young (Allocation Failure)
[4.526s][info ][gc,task        ] GC(1575) Using 8 workers of 8 for evacuation
[4.527s][debug][gc,age         ] GC(1575) Desired survivor size 1114112 bytes, new threshold 1 (max threshold 6)
[4.527s][info ][gc,heap        ] GC(1575) ParNew: 19076K->1959K(19648K)
[4.527s][info ][gc,heap        ] GC(1575) CMS: 33614K->34396K(43712K)
[4.527s][info ][gc,metaspace   ] GC(1575) Metaspace: 5340K->5340K(1056768K)
[4.527s][info ][gc             ] GC(1575) Pause Young (Allocation Failure) 51M->35M(61M) 1.274ms
[4.527s][info ][gc,cpu         ] GC(1575) User=0.00s Sys=0.00s Real=0.00s
[4.528s][info ][gc,start       ] GC(1576) Pause Young (Allocation Failure)
[4.528s][info ][gc,task        ] GC(1576) Using 8 workers of 8 for evacuation
[4.529s][debug][gc,age         ] GC(1576) Desired survivor size 1114112 bytes, new threshold 1 (max threshold 6)
[4.529s][info ][gc,heap        ] GC(1576) ParNew: 19127K->1570K(19648K)
[4.529s][info ][gc,heap        ] GC(1576) CMS: 34396K->34396K(43712K)
[4.529s][info ][gc,metaspace   ] GC(1576) Metaspace: 5340K->5340K(1056768K)
[4.529s][info ][gc             ] GC(1576) Pause Young (Allocation Failure) 52M->35M(61M) 1.254ms
[4.529s][info ][gc,cpu         ] GC(1576) User=0.01s Sys=0.00s Real=0.00s
[4.531s][info ][gc,start       ] GC(1577) Pause Young (Allocation Failure)
[4.531s][info ][gc,task        ] GC(1577) Using 8 workers of 8 for evacuation
[4.532s][debug][gc,age         ] GC(1577) Desired survivor size 1114112 bytes, new threshold 1 (max threshold 6)
[4.532s][info ][gc,heap        ] GC(1577) ParNew: 18788K->1961K(19648K)
[4.532s][info ][gc,heap        ] GC(1577) CMS: 34396K->34396K(43712K)
[4.532s][info ][gc,metaspace   ] GC(1577) Metaspace: 5340K->5340K(1056768K)
[4.532s][info ][gc             ] GC(1577) Pause Young (Allocation Failure) 51M->35M(61M) 1.111ms
[4.532s][info ][gc,cpu         ] GC(1577) User=0.01s Sys=0.00s Real=0.00s
[4.534s][info ][gc,start       ] GC(1578) Pause Young (Allocation Failure)
[4.534s][info ][gc,task        ] GC(1578) Using 8 workers of 8 for evacuation
[4.535s][debug][gc,age         ] GC(1578) Desired survivor size 1114112 bytes, new threshold 1 (max threshold 6)
[4.535s][info ][gc,heap        ] GC(1578) ParNew: 19111K->1965K(19648K)
[4.535s][info ][gc,heap        ] GC(1578) CMS: 34396K->35569K(43712K)
[4.535s][info ][gc,metaspace   ] GC(1578) Metaspace: 5340K->5340K(1056768K)
[4.535s][info ][gc             ] GC(1578) Pause Young (Allocation Failure) 52M->36M(61M) 1.214ms
[4.535s][info ][gc,cpu         ] GC(1578) User=0.01s Sys=0.00s Real=0.00s
[4.536s][info ][gc,start       ] GC(1579) Pause Young (Allocation Failure)
[4.536s][info ][gc,task        ] GC(1579) Using 8 workers of 8 for evacuation
[4.537s][debug][gc,age         ] GC(1579) Desired survivor size 1114112 bytes, new threshold 1 (max threshold 6)
[4.537s][info ][gc,heap        ] GC(1579) ParNew: 19437K->1570K(19648K)
[4.537s][info ][gc,heap        ] GC(1579) CMS: 35569K->36351K(43712K)
[4.537s][info ][gc,metaspace   ] GC(1579) Metaspace: 5340K->5340K(1056768K)
[4.537s][info ][gc             ] GC(1579) Pause Young (Allocation Failure) 53M->37M(61M) 1.223ms
[4.537s][info ][gc,cpu         ] GC(1579) User=0.01s Sys=0.00s Real=0.00s
[4.539s][info ][gc,start       ] GC(1580) Pause Young (Allocation Failure)
[4.539s][info ][gc,task        ] GC(1580) Using 8 workers of 8 for evacuation
[4.540s][debug][gc,age         ] GC(1580) Desired survivor size 1114112 bytes, new threshold 1 (max threshold 6)
[4.540s][info ][gc,heap        ] GC(1580) ParNew: 19042K->1572K(19648K)
[4.540s][info ][gc,heap        ] GC(1580) CMS: 36351K->37133K(43712K)
[4.540s][info ][gc,metaspace   ] GC(1580) Metaspace: 5340K->5340K(1056768K)
[4.540s][info ][gc             ] GC(1580) Pause Young (Allocation Failure) 54M->37M(61M) 1.213ms
[4.540s][info ][gc,cpu         ] GC(1580) User=0.01s Sys=0.00s Real=0.00s
[4.541s][info ][gc,start       ] GC(1581) Pause Young (Allocation Failure)
[4.541s][info ][gc,task        ] GC(1581) Using 8 workers of 8 for evacuation
[4.542s][debug][gc,age         ] GC(1581) Desired survivor size 1114112 bytes, new threshold 1 (max threshold 6)
[4.542s][info ][gc,heap        ] GC(1581) ParNew: 18783K->1963K(19648K)
[4.542s][info ][gc,heap        ] GC(1581) CMS: 37133K->37914K(43712K)
[4.542s][info ][gc,metaspace   ] GC(1581) Metaspace: 5340K->5340K(1056768K)
[4.542s][info ][gc             ] GC(1581) Pause Young (Allocation Failure) 54M->38M(61M) 0.564ms
[4.542s][info ][gc,cpu         ] GC(1581) User=0.00s Sys=0.00s Real=0.00s
[4.543s][info ][gc,start       ] GC(1582) Pause Young (Allocation Failure)
[4.543s][info ][gc,task        ] GC(1582) Using 8 workers of 8 for evacuation
[4.544s][debug][gc,age         ] GC(1582) Desired survivor size 1114112 bytes, new threshold 1 (max threshold 6)
[4.544s][info ][gc,heap        ] GC(1582) ParNew: 19149K->1965K(19648K)
[4.544s][info ][gc,heap        ] GC(1582) CMS: 37914K->38695K(43712K)
[4.544s][info ][gc,metaspace   ] GC(1582) Metaspace: 5340K->5340K(1056768K)
[4.544s][info ][gc             ] GC(1582) Pause Young (Allocation Failure) 55M->39M(61M) 1.212ms
[4.544s][info ][gc,cpu         ] GC(1582) User=0.00s Sys=0.00s Real=0.01s
[4.546s][info ][gc,start       ] GC(1583) Pause Young (Allocation Failure)
[4.546s][info ][gc,task        ] GC(1583) Using 8 workers of 8 for evacuation
[4.547s][debug][gc,age         ] GC(1583) Desired survivor size 1114112 bytes, new threshold 1 (max threshold 6)
[4.547s][info ][gc,heap        ] GC(1583) ParNew: 19134K->1961K(19648K)
[4.547s][info ][gc,heap        ] GC(1583) CMS: 38695K->39477K(43712K)
[4.547s][info ][gc,metaspace   ] GC(1583) Metaspace: 5340K->5340K(1056768K)
[4.547s][info ][gc             ] GC(1583) Pause Young (Allocation Failure) 56M->40M(61M) 1.547ms
[4.547s][info ][gc,cpu         ] GC(1583) User=0.00s Sys=0.00s Real=0.00s
[4.549s][info ][gc,start       ] GC(1584) Pause Young (Allocation Failure)
[4.549s][info ][gc,task        ] GC(1584) Using 8 workers of 8 for evacuation
[4.550s][debug][gc,age         ] GC(1584) Desired survivor size 1114112 bytes, new threshold 1 (max threshold 6)
[4.550s][info ][gc,heap        ] GC(1584) ParNew: 19089K->1959K(19648K)
[4.550s][info ][gc,heap        ] GC(1584) CMS: 39477K->39868K(43712K)
[4.550s][info ][gc,metaspace   ] GC(1584) Metaspace: 5340K->5340K(1056768K)
[4.550s][info ][gc             ] GC(1584) Pause Young (Allocation Failure) 57M->40M(61M) 1.198ms
[4.550s][info ][gc,cpu         ] GC(1584) User=0.00s Sys=0.00s Real=0.00s
[4.552s][info ][gc,start       ] GC(1585) Pause Young (Allocation Failure)
[4.552s][info ][gc,task        ] GC(1585) Using 8 workers of 8 for evacuation
[4.553s][debug][gc,age         ] GC(1585) Desired survivor size 1114112 bytes, new threshold 1 (max threshold 6)
[4.553s][info ][gc,heap        ] GC(1585) ParNew: 19397K->1177K(19648K)
[4.553s][info ][gc,heap        ] GC(1585) CMS: 39868K->40650K(43712K)
[4.553s][info ][gc,metaspace   ] GC(1585) Metaspace: 5340K->5340K(1056768K)
[4.553s][info ][gc             ] GC(1585) Pause Young (Allocation Failure) 57M->40M(61M) 1.201ms
[4.553s][info ][gc,cpu         ] GC(1585) User=0.00s Sys=0.01s Real=0.00s
[4.554s][info ][gc,start       ] GC(1586) Pause Young (Allocation Failure)
[4.554s][info ][gc,task        ] GC(1586) Using 8 workers of 8 for evacuation
[4.555s][debug][gc,age         ] GC(1586) Desired survivor size 1114112 bytes, new threshold 1 (max threshold 6)
[4.555s][info ][gc,heap        ] GC(1586) ParNew: 18327K->1959K(19648K)
[4.555s][info ][gc,heap        ] GC(1586) CMS: 40650K->41822K(43712K)
[4.555s][info ][gc,metaspace   ] GC(1586) Metaspace: 5340K->5340K(1056768K)
[4.555s][info ][gc             ] GC(1586) Pause Young (Allocation Failure) 57M->42M(61M) 1.318ms
[4.555s][info ][gc,cpu         ] GC(1586) User=0.00s Sys=0.00s Real=0.00s
[4.557s][info ][gc,start       ] GC(1587) Pause Young (Allocation Failure)
[4.557s][info ][gc,task        ] GC(1587) Using 8 workers of 8 for evacuation
[4.558s][debug][gc,age         ] GC(1587) Desired survivor size 1114112 bytes, new threshold 1 (max threshold 6)
[4.558s][info ][gc,heap        ] GC(1587) ParNew: 19153K->1963K(19648K)
[4.558s][info ][gc,heap        ] GC(1587) CMS: 41822K->42994K(43712K)
[4.558s][info ][gc,metaspace   ] GC(1587) Metaspace: 5340K->5340K(1056768K)
[4.558s][info ][gc             ] GC(1587) Pause Young (Allocation Failure) 59M->43M(61M) 1.330ms
[4.558s][info ][gc,cpu         ] GC(1587) User=0.00s Sys=0.00s Real=0.00s
[4.558s][info ][gc             ] GC(1565) Concurrent Abortable Preclean 54.422ms
[4.558s][info ][gc,cpu         ] GC(1565) User=0.22s Sys=0.01s Real=0.05s
[4.559s][info ][gc,start       ] GC(1565) Pause Remark
[4.559s][debug][gc,phases      ] GC(1565) Rescan (parallel) 0.256ms
[4.559s][debug][gc,phases      ] GC(1565) Reference Processing 0.014ms
[4.559s][debug][gc,phases      ] GC(1565) Weak Processing 0.004ms
[4.559s][debug][gc,phases      ] GC(1565) ClassLoaderData 0.009ms
[4.559s][debug][gc,phases      ] GC(1565) ProtectionDomainCacheTable 0.002ms
[4.559s][debug][gc,phases      ] GC(1565) ResolvedMethodTable 0.006ms
[4.559s][debug][gc,phases      ] GC(1565) Class Unloading 0.185ms
[4.560s][debug][gc,phases      ] GC(1565) Scrub Symbol Table 0.541ms
[4.560s][debug][gc,phases      ] GC(1565) Scrub String Table 0.020ms
[4.560s][info ][gc             ] GC(1565) Pause Remark 45M->45M(61M) 1.133ms
[4.560s][info ][gc,cpu         ] GC(1565) User=0.00s Sys=0.00s Real=0.00s
[4.560s][info ][gc             ] GC(1565) Concurrent Sweep
[4.560s][info ][gc             ] GC(1565) Concurrent Sweep 0.455ms
[4.560s][info ][gc,cpu         ] GC(1565) User=0.00s Sys=0.00s Real=0.00s
[4.560s][info ][gc             ] GC(1565) Concurrent Reset
[4.560s][info ][gc             ] GC(1565) Concurrent Reset 0.038ms
[4.560s][info ][gc,cpu         ] GC(1565) User=0.00s Sys=0.00s Real=0.00s
[4.560s][info ][gc,heap        ] GC(1565) Old: 28142K->17198K(43712K)
[4.561s][info ][gc,start       ] GC(1588) Pause Young (Allocation Failure)
[4.561s][info ][gc,task        ] GC(1588) Using 8 workers of 8 for evacuation
[4.562s][debug][gc,age         ] GC(1588) Desired survivor size 1114112 bytes, new threshold 1 (max threshold 6)
[4.562s][info ][gc,heap        ] GC(1588) ParNew: 19138K->1963K(19648K)
[4.562s][info ][gc,heap        ] GC(1588) CMS: 17198K->18370K(43712K)
[4.562s][info ][gc,metaspace   ] GC(1588) Metaspace: 5340K->5340K(1056768K)
[4.562s][info ][gc             ] GC(1588) Pause Young (Allocation Failure) 35M->19M(61M) 1.259ms
[4.562s][info ][gc,cpu         ] GC(1588) User=0.01s Sys=0.00s Real=0.00s
[4.564s][info ][gc,start       ] GC(1589) Pause Young (Allocation Failure)
[4.564s][info ][gc,task        ] GC(1589) Using 8 workers of 8 for evacuation
[4.565s][debug][gc,age         ] GC(1589) Desired survivor size 1114112 bytes, new threshold 6 (max threshold 6)
[4.565s][info ][gc,heap        ] GC(1589) ParNew: 19364K->793K(19648K)
[4.565s][info ][gc,heap        ] GC(1589) CMS: 18370K->19934K(43712K)
[4.565s][info ][gc,metaspace   ] GC(1589) Metaspace: 5340K->5340K(1056768K)
[4.565s][info ][gc             ] GC(1589) Pause Young (Allocation Failure) 36M->20M(61M) 1.039ms
[4.565s][info ][gc,cpu         ] GC(1589) User=0.01s Sys=0.00s Real=0.00s
[4.565s][info ][gc,start       ] GC(1590) Pause Initial Mark
[4.565s][info ][gc             ] GC(1590) Pause Initial Mark 22M->22M(61M) 0.110ms
[4.565s][info ][gc,cpu         ] GC(1590) User=0.00s Sys=0.00s Real=0.00s
[4.565s][info ][gc             ] GC(1590) Concurrent Mark
[4.565s][info ][gc,task        ] GC(1590) Using 2 workers of 2 for marking
[4.567s][info ][gc,start       ] GC(1591) Pause Young (Allocation Failure)
[4.567s][info ][gc,task        ] GC(1591) Using 8 workers of 8 for evacuation
[4.568s][debug][gc,age         ] GC(1591) Desired survivor size 1114112 bytes, new threshold 1 (max threshold 6)
[4.568s][info ][gc,heap        ] GC(1591) ParNew: 18002K->1578K(19648K)
[4.568s][info ][gc,heap        ] GC(1591) CMS: 19934K->19934K(43712K)
[4.568s][info ][gc,metaspace   ] GC(1591) Metaspace: 5340K->5340K(1056768K)
[4.568s][info ][gc             ] GC(1591) Pause Young (Allocation Failure) 37M->21M(61M) 1.184ms
[4.568s][info ][gc,cpu         ] GC(1591) User=0.00s Sys=0.00s Real=0.00s
[4.569s][info ][gc             ] GC(1590) Concurrent Mark 3.360ms
[4.569s][info ][gc,cpu         ] GC(1590) User=0.01s Sys=0.00s Real=0.00s
[4.569s][info ][gc             ] GC(1590) Concurrent Preclean
[4.569s][info ][gc             ] GC(1590) Concurrent Preclean 0.103ms
[4.569s][info ][gc,cpu         ] GC(1590) User=0.00s Sys=0.00s Real=0.00s
[4.569s][info ][gc             ] GC(1590) Concurrent Abortable Preclean
[4.569s][info ][gc,start       ] GC(1592) Pause Young (Allocation Failure)
[4.569s][info ][gc,task        ] GC(1592) Using 8 workers of 8 for evacuation
[4.570s][debug][gc,age         ] GC(1592) Desired survivor size 1114112 bytes, new threshold 1 (max threshold 6)
[4.570s][info ][gc,heap        ] GC(1592) ParNew: 18706K->1963K(19648K)
[4.570s][info ][gc,heap        ] GC(1592) CMS: 19934K->20325K(43712K)
[4.570s][info ][gc,metaspace   ] GC(1592) Metaspace: 5340K->5340K(1056768K)
[4.570s][info ][gc             ] GC(1592) Pause Young (Allocation Failure) 37M->21M(61M) 0.486ms
[4.570s][info ][gc,cpu         ] GC(1592) User=0.00s Sys=0.00s Real=0.00s
[4.571s][info ][gc,start       ] GC(1593) Pause Young (Allocation Failure)
[4.571s][info ][gc,task        ] GC(1593) Using 8 workers of 8 for evacuation
[4.572s][debug][gc,age         ] GC(1593) Desired survivor size 1114112 bytes, new threshold 1 (max threshold 6)
[4.572s][info ][gc,heap        ] GC(1593) ParNew: 19405K->1570K(19648K)
[4.572s][info ][gc,heap        ] GC(1593) CMS: 20325K->21107K(43712K)
[4.572s][info ][gc,metaspace   ] GC(1593) Metaspace: 5340K->5340K(1056768K)
[4.572s][info ][gc             ] GC(1593) Pause Young (Allocation Failure) 38M->22M(61M) 1.191ms
[4.572s][info ][gc,cpu         ] GC(1593) User=0.00s Sys=0.00s Real=0.00s
[4.574s][info ][gc,start       ] GC(1594) Pause Young (Allocation Failure)
[4.574s][info ][gc,task        ] GC(1594) Using 8 workers of 8 for evacuation
[4.575s][debug][gc,age         ] GC(1594) Desired survivor size 1114112 bytes, new threshold 1 (max threshold 6)
[4.575s][info ][gc,heap        ] GC(1594) ParNew: 18735K->1574K(19648K)
[4.575s][info ][gc,heap        ] GC(1594) CMS: 21107K->21498K(43712K)
[4.575s][info ][gc,metaspace   ] GC(1594) Metaspace: 5340K->5340K(1056768K)
[4.575s][info ][gc             ] GC(1594) Pause Young (Allocation Failure) 38M->22M(61M) 1.127ms
[4.575s][info ][gc,cpu         ] GC(1594) User=0.00s Sys=0.00s Real=0.00s
[4.576s][info ][gc,start       ] GC(1595) Pause Young (Allocation Failure)
[4.576s][info ][gc,task        ] GC(1595) Using 8 workers of 8 for evacuation
[4.578s][debug][gc,age         ] GC(1595) Desired survivor size 1114112 bytes, new threshold 1 (max threshold 6)
[4.578s][info ][gc,heap        ] GC(1595) ParNew: 18733K->1568K(19648K)
[4.578s][info ][gc,heap        ] GC(1595) CMS: 21498K->21499K(43712K)
[4.578s][info ][gc,metaspace   ] GC(1595) Metaspace: 5340K->5340K(1056768K)
[4.578s][info ][gc             ] GC(1595) Pause Young (Allocation Failure) 39M->22M(61M) 1.158ms
[4.578s][info ][gc,cpu         ] GC(1595) User=0.00s Sys=0.00s Real=0.00s
[4.579s][info ][gc,start       ] GC(1596) Pause Young (Allocation Failure)
[4.579s][info ][gc,task        ] GC(1596) Using 8 workers of 8 for evacuation
[4.580s][debug][gc,age         ] GC(1596) Desired survivor size 1114112 bytes, new threshold 1 (max threshold 6)
[4.580s][info ][gc,heap        ] GC(1596) ParNew: 18676K->1568K(19648K)
[4.581s][info ][gc,heap        ] GC(1596) CMS: 21499K->21890K(43712K)
[4.581s][info ][gc,metaspace   ] GC(1596) Metaspace: 5340K->5340K(1056768K)
[4.581s][info ][gc             ] GC(1596) Pause Young (Allocation Failure) 39M->22M(61M) 1.398ms
[4.581s][info ][gc,cpu         ] GC(1596) User=0.00s Sys=0.00s Real=0.00s
[4.582s][info ][gc,start       ] GC(1597) Pause Young (Allocation Failure)
[4.582s][info ][gc,task        ] GC(1597) Using 8 workers of 8 for evacuation
[4.584s][debug][gc,age         ] GC(1597) Desired survivor size 1114112 bytes, new threshold 1 (max threshold 6)
[4.584s][info ][gc,heap        ] GC(1597) ParNew: 18745K->1570K(19648K)
[4.584s][info ][gc,heap        ] GC(1597) CMS: 21890K->21890K(43712K)
[4.584s][info ][gc,metaspace   ] GC(1597) Metaspace: 5340K->5340K(1056768K)
[4.584s][info ][gc             ] GC(1597) Pause Young (Allocation Failure) 39M->22M(61M) 1.881ms
[4.584s][info ][gc,cpu         ] GC(1597) User=0.01s Sys=0.00s Real=0.01s
[4.586s][info ][gc,start       ] GC(1598) Pause Young (Allocation Failure)
[4.586s][info ][gc,task        ] GC(1598) Using 8 workers of 8 for evacuation
[4.587s][debug][gc,age         ] GC(1598) Desired survivor size 1114112 bytes, new threshold 1 (max threshold 6)
[4.587s][info ][gc,heap        ] GC(1598) ParNew: 19042K->1568K(19648K)
[4.587s][info ][gc,heap        ] GC(1598) CMS: 21890K->22282K(43712K)
[4.587s][info ][gc,metaspace   ] GC(1598) Metaspace: 5340K->5340K(1056768K)
[4.587s][info ][gc             ] GC(1598) Pause Young (Allocation Failure) 39M->23M(61M) 1.187ms
[4.587s][info ][gc,cpu         ] GC(1598) User=0.01s Sys=0.00s Real=0.00s
[4.588s][info ][gc,start       ] GC(1599) Pause Young (Allocation Failure)
[4.588s][info ][gc,task        ] GC(1599) Using 8 workers of 8 for evacuation
[4.589s][debug][gc,age         ] GC(1599) Desired survivor size 1114112 bytes, new threshold 6 (max threshold 6)
[4.589s][info ][gc,heap        ] GC(1599) ParNew: 18945K->793K(19648K)
[4.589s][info ][gc,heap        ] GC(1599) CMS: 22282K->23846K(43712K)
[4.589s][info ][gc,metaspace   ] GC(1599) Metaspace: 5340K->5340K(1056768K)
[4.589s][info ][gc             ] GC(1599) Pause Young (Allocation Failure) 40M->24M(61M) 0.837ms
[4.589s][info ][gc,cpu         ] GC(1599) User=0.01s Sys=0.00s Real=0.00s
[4.591s][info ][gc,start       ] GC(1600) Pause Young (Allocation Failure)
[4.591s][info ][gc,task        ] GC(1600) Using 8 workers of 8 for evacuation
[4.592s][debug][gc,age         ] GC(1600) Desired survivor size 1114112 bytes, new threshold 1 (max threshold 6)
[4.592s][info ][gc,heap        ] GC(1600) ParNew: 18265K->1961K(19648K)
[4.592s][info ][gc,heap        ] GC(1600) CMS: 23846K->23846K(43712K)
[4.592s][info ][gc,metaspace   ] GC(1600) Metaspace: 5340K->5340K(1056768K)
[4.592s][info ][gc             ] GC(1600) Pause Young (Allocation Failure) 41M->25M(61M) 1.312ms
[4.592s][info ][gc,cpu         ] GC(1600) User=0.00s Sys=0.00s Real=0.00s
[4.594s][info ][gc,start       ] GC(1601) Pause Young (Allocation Failure)
[4.594s][info ][gc,task        ] GC(1601) Using 8 workers of 8 for evacuation
[4.595s][debug][gc,age         ] GC(1601) Desired survivor size 1114112 bytes, new threshold 1 (max threshold 6)
[4.595s][info ][gc,heap        ] GC(1601) ParNew: 19433K->1181K(19648K)
[4.595s][info ][gc,heap        ] GC(1601) CMS: 23846K->25410K(43712K)
[4.595s][info ][gc,metaspace   ] GC(1601) Metaspace: 5340K->5340K(1056768K)
[4.595s][info ][gc             ] GC(1601) Pause Young (Allocation Failure) 42M->25M(61M) 1.129ms
[4.595s][info ][gc,cpu         ] GC(1601) User=0.01s Sys=0.00s Real=0.00s
[4.596s][info ][gc,start       ] GC(1602) Pause Young (Allocation Failure)
[4.596s][info ][gc,task        ] GC(1602) Using 8 workers of 8 for evacuation
[4.597s][debug][gc,age         ] GC(1602) Desired survivor size 1114112 bytes, new threshold 1 (max threshold 6)
[4.597s][info ][gc,heap        ] GC(1602) ParNew: 18272K->1961K(19648K)
[4.597s][info ][gc,heap        ] GC(1602) CMS: 25410K->26582K(43712K)
[4.597s][info ][gc,metaspace   ] GC(1602) Metaspace: 5340K->5340K(1056768K)
[4.598s][info ][gc             ] GC(1602) Pause Young (Allocation Failure) 42M->27M(61M) 1.369ms
[4.598s][info ][gc,cpu         ] GC(1602) User=0.01s Sys=0.00s Real=0.00s
[4.599s][info ][gc,start       ] GC(1603) Pause Young (Allocation Failure)
[4.599s][info ][gc,task        ] GC(1603) Using 8 workers of 8 for evacuation
[4.600s][debug][gc,age         ] GC(1603) Desired survivor size 1114112 bytes, new threshold 1 (max threshold 6)
[4.600s][info ][gc,heap        ] GC(1603) ParNew: 19206K->1965K(19648K)
[4.600s][info ][gc,heap        ] GC(1603) CMS: 26582K->27364K(43712K)
[4.600s][info ][gc,metaspace   ] GC(1603) Metaspace: 5340K->5340K(1056768K)
[4.600s][info ][gc             ] GC(1603) Pause Young (Allocation Failure) 44M->28M(61M) 1.323ms
[4.600s][info ][gc,cpu         ] GC(1603) User=0.01s Sys=0.00s Real=0.00s
[4.602s][info ][gc,start       ] GC(1604) Pause Young (Allocation Failure)
[4.602s][info ][gc,task        ] GC(1604) Using 8 workers of 8 for evacuation
[4.603s][debug][gc,age         ] GC(1604) Desired survivor size 1114112 bytes, new threshold 6 (max threshold 6)
[4.603s][info ][gc,heap        ] GC(1604) ParNew: 19139K->795K(19648K)
[4.603s][info ][gc,heap        ] GC(1604) CMS: 27364K->28147K(43712K)
[4.603s][info ][gc,metaspace   ] GC(1604) Metaspace: 5340K->5340K(1056768K)
[4.603s][info ][gc             ] GC(1604) Pause Young (Allocation Failure) 45M->28M(61M) 1.169ms
[4.603s][info ][gc,cpu         ] GC(1604) User=0.01s Sys=0.00s Real=0.00s
[4.604s][info ][gc,start       ] GC(1605) Pause Young (Allocation Failure)
[4.604s][info ][gc,task        ] GC(1605) Using 8 workers of 8 for evacuation
[4.605s][debug][gc,age         ] GC(1605) Desired survivor size 1114112 bytes, new threshold 1 (max threshold 6)
[4.605s][info ][gc,heap        ] GC(1605) ParNew: 17932K->1574K(19648K)
[4.605s][info ][gc,heap        ] GC(1605) CMS: 28147K->28147K(43712K)
[4.605s][info ][gc,metaspace   ] GC(1605) Metaspace: 5340K->5340K(1056768K)
[4.605s][info ][gc             ] GC(1605) Pause Young (Allocation Failure) 44M->29M(61M) 1.164ms
[4.605s][info ][gc,cpu         ] GC(1605) User=0.01s Sys=0.01s Real=0.00s
[4.607s][info ][gc,start       ] GC(1606) Pause Young (Allocation Failure)
[4.607s][info ][gc,task        ] GC(1606) Using 8 workers of 8 for evacuation
[4.608s][debug][gc,age         ] GC(1606) Desired survivor size 1114112 bytes, new threshold 1 (max threshold 6)
[4.608s][info ][gc,heap        ] GC(1606) ParNew: 18669K->1179K(19648K)
[4.608s][info ][gc,heap        ] GC(1606) CMS: 28147K->28538K(43712K)
[4.608s][info ][gc,metaspace   ] GC(1606) Metaspace: 5340K->5340K(1056768K)
[4.608s][info ][gc             ] GC(1606) Pause Young (Allocation Failure) 45M->29M(61M) 1.140ms
[4.608s][info ][gc,cpu         ] GC(1606) User=0.01s Sys=0.00s Real=0.00s
[4.610s][info ][gc,start       ] GC(1607) Pause Young (Allocation Failure)
[4.610s][info ][gc,task        ] GC(1607) Using 8 workers of 8 for evacuation
[4.611s][debug][gc,age         ] GC(1607) Desired survivor size 1114112 bytes, new threshold 1 (max threshold 6)
[4.611s][info ][gc,heap        ] GC(1607) ParNew: 18408K->1961K(19648K)
[4.611s][info ][gc,heap        ] GC(1607) CMS: 28538K->28538K(43712K)
[4.611s][info ][gc,metaspace   ] GC(1607) Metaspace: 5340K->5340K(1056768K)
[4.611s][info ][gc             ] GC(1607) Pause Young (Allocation Failure) 45M->29M(61M) 1.354ms
[4.611s][info ][gc,cpu         ] GC(1607) User=0.01s Sys=0.00s Real=0.00s
[4.612s][info ][gc,start       ] GC(1608) Pause Young (Allocation Failure)
[4.612s][info ][gc,task        ] GC(1608) Using 8 workers of 8 for evacuation
[4.613s][debug][gc,age         ] GC(1608) Desired survivor size 1114112 bytes, new threshold 1 (max threshold 6)
[4.613s][info ][gc,heap        ] GC(1608) ParNew: 19148K->1963K(19648K)
[4.613s][info ][gc,heap        ] GC(1608) CMS: 28538K->28929K(43712K)
[4.613s][info ][gc,metaspace   ] GC(1608) Metaspace: 5340K->5340K(1056768K)
[4.613s][info ][gc             ] GC(1608) Pause Young (Allocation Failure) 46M->30M(61M) 0.975ms
[4.613s][info ][gc,cpu         ] GC(1608) User=0.00s Sys=0.00s Real=0.00s
[4.615s][info ][gc,start       ] GC(1609) Pause Young (Allocation Failure)
[4.615s][info ][gc,task        ] GC(1609) Using 8 workers of 8 for evacuation
[4.616s][debug][gc,age         ] GC(1609) Desired survivor size 1114112 bytes, new threshold 1 (max threshold 6)
[4.616s][info ][gc,heap        ] GC(1609) ParNew: 19428K->1570K(19648K)
[4.616s][info ][gc,heap        ] GC(1609) CMS: 28929K->30102K(43712K)
[4.616s][info ][gc,metaspace   ] GC(1609) Metaspace: 5340K->5340K(1056768K)
[4.616s][info ][gc             ] GC(1609) Pause Young (Allocation Failure) 47M->30M(61M) 0.890ms
[4.616s][info ][gc,cpu         ] GC(1609) User=0.00s Sys=0.00s Real=0.00s
[4.617s][info ][gc,start       ] GC(1610) Pause Young (Allocation Failure)
[4.617s][info ][gc,task        ] GC(1610) Using 8 workers of 8 for evacuation
[4.619s][debug][gc,age         ] GC(1610) Desired survivor size 1114112 bytes, new threshold 1 (max threshold 6)
[4.619s][info ][gc,heap        ] GC(1610) ParNew: 19026K->1177K(19648K)
[4.619s][info ][gc,heap        ] GC(1610) CMS: 30102K->31275K(43712K)
[4.619s][info ][gc,metaspace   ] GC(1610) Metaspace: 5340K->5340K(1056768K)
[4.619s][info ][gc             ] GC(1610) Pause Young (Allocation Failure) 47M->31M(61M) 1.237ms
[4.619s][info ][gc,cpu         ] GC(1610) User=0.00s Sys=0.00s Real=0.00s
[4.620s][info ][gc,start       ] GC(1611) Pause Young (Allocation Failure)
[4.620s][info ][gc,task        ] GC(1611) Using 8 workers of 8 for evacuation
[4.621s][debug][gc,age         ] GC(1611) Desired survivor size 1114112 bytes, new threshold 6 (max threshold 6)
[4.621s][info ][gc,heap        ] GC(1611) ParNew: 18623K->6K(19648K)
[4.621s][info ][gc,heap        ] GC(1611) CMS: 31275K->31276K(43712K)
[4.621s][info ][gc,metaspace   ] GC(1611) Metaspace: 5340K->5340K(1056768K)
[4.621s][info ][gc             ] GC(1611) Pause Young (Allocation Failure) 48M->30M(61M) 0.867ms
[4.621s][info ][gc,cpu         ] GC(1611) User=0.01s Sys=0.00s Real=0.00s
[4.623s][info ][gc,start       ] GC(1612) Pause Young (Allocation Failure)
[4.623s][info ][gc,task        ] GC(1612) Using 8 workers of 8 for evacuation
[4.624s][debug][gc,age         ] GC(1612) Desired survivor size 1114112 bytes, new threshold 1 (max threshold 6)
[4.624s][info ][gc,heap        ] GC(1612) ParNew: 17463K->1572K(19648K)
[4.624s][info ][gc,heap        ] GC(1612) CMS: 31276K->31276K(43712K)
[4.624s][info ][gc,metaspace   ] GC(1612) Metaspace: 5340K->5340K(1056768K)
[4.624s][info ][gc             ] GC(1612) Pause Young (Allocation Failure) 47M->32M(61M) 1.128ms
[4.624s][info ][gc,cpu         ] GC(1612) User=0.01s Sys=0.00s Real=0.01s
[4.626s][info ][gc,start       ] GC(1613) Pause Young (Allocation Failure)
[4.626s][info ][gc,task        ] GC(1613) Using 8 workers of 8 for evacuation
[4.626s][debug][gc,age         ] GC(1613) Desired survivor size 1114112 bytes, new threshold 1 (max threshold 6)
[4.626s][info ][gc,heap        ] GC(1613) ParNew: 18912K->1965K(19648K)
[4.626s][info ][gc,heap        ] GC(1613) CMS: 31276K->32058K(43712K)
[4.626s][info ][gc,metaspace   ] GC(1613) Metaspace: 5340K->5340K(1056768K)
[4.626s][info ][gc             ] GC(1613) Pause Young (Allocation Failure) 49M->33M(61M) 0.526ms
[4.626s][info ][gc,cpu         ] GC(1613) User=0.00s Sys=0.00s Real=0.00s
[4.627s][info ][gc,start       ] GC(1614) Pause Young (Allocation Failure)
[4.627s][info ][gc,task        ] GC(1614) Using 8 workers of 8 for evacuation
[4.628s][debug][gc,age         ] GC(1614) Desired survivor size 1114112 bytes, new threshold 1 (max threshold 6)
[4.628s][info ][gc,heap        ] GC(1614) ParNew: 19234K->1969K(19648K)
[4.628s][info ][gc,heap        ] GC(1614) CMS: 32058K->33230K(43712K)
[4.628s][info ][gc,metaspace   ] GC(1614) Metaspace: 5340K->5340K(1056768K)
[4.628s][info ][gc             ] GC(1614) Pause Young (Allocation Failure) 50M->34M(61M) 0.559ms
[4.628s][info ][gc,cpu         ] GC(1614) User=0.00s Sys=0.00s Real=0.00s
[4.630s][info ][gc,start       ] GC(1615) Pause Young (Allocation Failure)
[4.630s][info ][gc,task        ] GC(1615) Using 8 workers of 8 for evacuation
[4.630s][debug][gc,age         ] GC(1615) Desired survivor size 1114112 bytes, new threshold 1 (max threshold 6)
[4.630s][info ][gc,heap        ] GC(1615) ParNew: 19192K->1578K(19648K)
[4.630s][info ][gc,heap        ] GC(1615) CMS: 33230K->33231K(43712K)
[4.630s][info ][gc,metaspace   ] GC(1615) Metaspace: 5340K->5340K(1056768K)
[4.630s][info ][gc             ] GC(1615) Pause Young (Allocation Failure) 51M->33M(61M) 0.896ms
[4.630s][info ][gc,cpu         ] GC(1615) User=0.01s Sys=0.00s Real=0.00s
[4.632s][info ][gc,start       ] GC(1616) Pause Young (Allocation Failure)
[4.632s][info ][gc,task        ] GC(1616) Using 8 workers of 8 for evacuation
[4.632s][debug][gc,age         ] GC(1616) Desired survivor size 1114112 bytes, new threshold 1 (max threshold 6)
[4.632s][info ][gc,heap        ] GC(1616) ParNew: 18772K->1969K(19648K)
[4.632s][info ][gc,heap        ] GC(1616) CMS: 33231K->33621K(43712K)
[4.632s][info ][gc,metaspace   ] GC(1616) Metaspace: 5340K->5340K(1056768K)
[4.632s][info ][gc             ] GC(1616) Pause Young (Allocation Failure) 50M->34M(61M) 0.452ms
[4.632s][info ][gc,cpu         ] GC(1616) User=0.00s Sys=0.00s Real=0.00s
[4.633s][info ][gc,start       ] GC(1617) Pause Young (Allocation Failure)
[4.633s][info ][gc,task        ] GC(1617) Using 8 workers of 8 for evacuation
[4.634s][debug][gc,age         ] GC(1617) Desired survivor size 1114112 bytes, new threshold 1 (max threshold 6)
[4.634s][info ][gc,heap        ] GC(1617) ParNew: 19144K->1969K(19648K)
[4.634s][info ][gc,heap        ] GC(1617) CMS: 33621K->34403K(43712K)
[4.634s][info ][gc,metaspace   ] GC(1617) Metaspace: 5340K->5340K(1056768K)
[4.634s][info ][gc             ] GC(1617) Pause Young (Allocation Failure) 51M->35M(61M) 0.497ms
[4.634s][info ][gc,cpu         ] GC(1617) User=0.01s Sys=0.00s Real=0.01s
[4.635s][info ][gc,start       ] GC(1618) Pause Young (Allocation Failure)
[4.635s][info ][gc,task        ] GC(1618) Using 8 workers of 8 for evacuation
[4.636s][debug][gc,age         ] GC(1618) Desired survivor size 1114112 bytes, new threshold 1 (max threshold 6)
[4.636s][info ][gc,heap        ] GC(1618) ParNew: 19131K->1969K(19648K)
[4.636s][info ][gc,heap        ] GC(1618) CMS: 34403K->34793K(43712K)
[4.636s][info ][gc,metaspace   ] GC(1618) Metaspace: 5340K->5340K(1056768K)
[4.636s][info ][gc             ] GC(1618) Pause Young (Allocation Failure) 52M->35M(61M) 0.479ms
[4.636s][info ][gc,cpu         ] GC(1618) User=0.01s Sys=0.00s Real=0.00s
[4.637s][info ][gc,start       ] GC(1619) Pause Young (Allocation Failure)
[4.637s][info ][gc,task        ] GC(1619) Using 8 workers of 8 for evacuation
[4.638s][debug][gc,age         ] GC(1619) Desired survivor size 1114112 bytes, new threshold 1 (max threshold 6)
[4.638s][info ][gc,heap        ] GC(1619) ParNew: 19124K->1969K(19648K)
[4.638s][info ][gc,heap        ] GC(1619) CMS: 34793K->35575K(43712K)
[4.638s][info ][gc,metaspace   ] GC(1619) Metaspace: 5340K->5340K(1056768K)
[4.638s][info ][gc             ] GC(1619) Pause Young (Allocation Failure) 52M->36M(61M) 0.550ms
[4.638s][info ][gc,cpu         ] GC(1619) User=0.01s Sys=0.00s Real=0.00s
[4.639s][info ][gc,start       ] GC(1620) Pause Young (Allocation Failure)
[4.639s][info ][gc,task        ] GC(1620) Using 8 workers of 8 for evacuation
[4.640s][debug][gc,age         ] GC(1620) Desired survivor size 1114112 bytes, new threshold 1 (max threshold 6)
[4.640s][info ][gc,heap        ] GC(1620) ParNew: 19118K->1965K(19648K)
[4.640s][info ][gc,heap        ] GC(1620) CMS: 35575K->35575K(43712K)
[4.640s][info ][gc,metaspace   ] GC(1620) Metaspace: 5340K->5340K(1056768K)
[4.640s][info ][gc             ] GC(1620) Pause Young (Allocation Failure) 53M->36M(61M) 1.113ms
[4.640s][info ][gc,cpu         ] GC(1620) User=0.01s Sys=0.00s Real=0.00s
[4.642s][info ][gc,start       ] GC(1621) Pause Young (Allocation Failure)
[4.642s][info ][gc,task        ] GC(1621) Using 8 workers of 8 for evacuation
[4.643s][debug][gc,age         ] GC(1621) Desired survivor size 1114112 bytes, new threshold 1 (max threshold 6)
[4.643s][info ][gc,heap        ] GC(1621) ParNew: 19111K->1967K(19648K)
[4.643s][info ][gc,heap        ] GC(1621) CMS: 35575K->35965K(43712K)
[4.643s][info ][gc,metaspace   ] GC(1621) Metaspace: 5340K->5340K(1056768K)
[4.643s][info ][gc             ] GC(1621) Pause Young (Allocation Failure) 53M->37M(61M) 1.142ms
[4.643s][info ][gc,cpu         ] GC(1621) User=0.00s Sys=0.00s Real=0.00s
[4.644s][info ][gc,start       ] GC(1622) Pause Young (Allocation Failure)
[4.644s][info ][gc,task        ] GC(1622) Using 8 workers of 8 for evacuation
[4.645s][debug][gc,age         ] GC(1622) Desired survivor size 1114112 bytes, new threshold 1 (max threshold 6)
[4.645s][info ][gc,heap        ] GC(1622) ParNew: 19326K->1177K(19648K)
[4.645s][info ][gc,heap        ] GC(1622) CMS: 35965K->37138K(43712K)
[4.645s][info ][gc,metaspace   ] GC(1622) Metaspace: 5340K->5340K(1056768K)
[4.646s][info ][gc             ] GC(1622) Pause Young (Allocation Failure) 53M->37M(61M) 1.301ms
[4.646s][info ][gc,cpu         ] GC(1622) User=0.00s Sys=0.00s Real=0.00s
[4.647s][info ][gc,start       ] GC(1623) Pause Young (Allocation Failure)
[4.647s][info ][gc,task        ] GC(1623) Using 8 workers of 8 for evacuation
[4.648s][debug][gc,age         ] GC(1623) Desired survivor size 1114112 bytes, new threshold 1 (max threshold 6)
[4.648s][info ][gc,heap        ] GC(1623) ParNew: 18383K->1957K(19648K)
[4.648s][info ][gc,heap        ] GC(1623) CMS: 37138K->37920K(43712K)
[4.648s][info ][gc,metaspace   ] GC(1623) Metaspace: 5340K->5340K(1056768K)
[4.648s][info ][gc             ] GC(1623) Pause Young (Allocation Failure) 54M->38M(61M) 1.376ms
[4.648s][info ][gc,cpu         ] GC(1623) User=0.00s Sys=0.00s Real=0.00s
[4.650s][info ][gc,start       ] GC(1624) Pause Young (Allocation Failure)
[4.650s][info ][gc,task        ] GC(1624) Using 8 workers of 8 for evacuation
[4.651s][debug][gc,age         ] GC(1624) Desired survivor size 1114112 bytes, new threshold 6 (max threshold 6)
[4.651s][info ][gc,heap        ] GC(1624) ParNew: 19332K->787K(19648K)
[4.651s][info ][gc,heap        ] GC(1624) CMS: 37920K->38702K(43712K)
[4.651s][info ][gc,metaspace   ] GC(1624) Metaspace: 5340K->5340K(1056768K)
[4.651s][info ][gc             ] GC(1624) Pause Young (Allocation Failure) 55M->38M(61M) 1.162ms
[4.651s][info ][gc,cpu         ] GC(1624) User=0.00s Sys=0.00s Real=0.00s
[4.652s][info ][gc,start       ] GC(1625) Pause Young (Allocation Failure)
[4.652s][info ][gc,task        ] GC(1625) Using 8 workers of 8 for evacuation
[4.653s][debug][gc,age         ] GC(1625) Desired survivor size 1114112 bytes, new threshold 1 (max threshold 6)
[4.653s][info ][gc,heap        ] GC(1625) ParNew: 18025K->1959K(19648K)
[4.653s][info ][gc,heap        ] GC(1625) CMS: 38702K->39093K(43712K)
[4.653s][info ][gc,metaspace   ] GC(1625) Metaspace: 5340K->5340K(1056768K)
[4.653s][info ][gc             ] GC(1625) Pause Young (Allocation Failure) 55M->40M(61M) 1.232ms
[4.654s][info ][gc,cpu         ] GC(1625) User=0.00s Sys=0.00s Real=0.01s
[4.655s][info ][gc,start       ] GC(1626) Pause Young (Allocation Failure)
[4.655s][info ][gc,task        ] GC(1626) Using 8 workers of 8 for evacuation
[4.660s][debug][gc,age         ] GC(1626) Desired survivor size 1114112 bytes, new threshold 1 (max threshold 6)
[4.661s][info ][gc,heap        ] GC(1626) ParNew: 19431K->1959K(19648K)
[4.661s][info ][gc,heap        ] GC(1626) CMS: 39093K->39876K(43712K)
[4.661s][info ][gc,metaspace   ] GC(1626) Metaspace: 5340K->5340K(1056768K)
[4.661s][info ][gc             ] GC(1626) Pause Young (Allocation Failure) 57M->40M(61M) 5.561ms
[4.661s][info ][gc,cpu         ] GC(1626) User=0.00s Sys=0.00s Real=0.00s
[4.663s][info ][gc,start       ] GC(1627) Pause Young (Allocation Failure)
[4.663s][info ][gc,task        ] GC(1627) Using 8 workers of 8 for evacuation
[4.665s][debug][gc,age         ] GC(1627) Desired survivor size 1114112 bytes, new threshold 1 (max threshold 6)
[4.665s][info ][gc,heap        ] GC(1627) ParNew: 19066K->1961K(19648K)
[4.665s][info ][gc,heap        ] GC(1627) CMS: 39876K->41048K(43712K)
[4.665s][info ][gc,metaspace   ] GC(1627) Metaspace: 5340K->5340K(1056768K)
[4.665s][info ][gc             ] GC(1627) Pause Young (Allocation Failure) 57M->42M(61M) 2.255ms
[4.665s][info ][gc,cpu         ] GC(1627) User=0.00s Sys=0.00s Real=0.01s
[4.667s][info ][gc,start       ] GC(1628) Pause Young (Allocation Failure)
[4.667s][info ][gc,task        ] GC(1628) Using 8 workers of 8 for evacuation
[4.668s][debug][gc,age         ] GC(1628) Desired survivor size 1114112 bytes, new threshold 1 (max threshold 6)
[4.668s][info ][gc,heap        ] GC(1628) ParNew: 19365K->1186K(19648K)
[4.668s][info ][gc,heap        ] GC(1628) CMS: 41048K->42222K(43712K)
[4.668s][info ][gc,metaspace   ] GC(1628) Metaspace: 5340K->5340K(1056768K)
[4.668s][info ][gc             ] GC(1628) Pause Young (Allocation Failure) 58M->42M(61M) 1.000ms
[4.668s][info ][gc,cpu         ] GC(1628) User=0.01s Sys=0.00s Real=0.00s
[4.668s][info ][gc             ] GC(1590) Concurrent Abortable Preclean 99.330ms
[4.668s][info ][gc,cpu         ] GC(1590) User=0.40s Sys=0.02s Real=0.10s
[4.668s][info ][gc,start       ] GC(1590) Pause Remark
[4.669s][debug][gc,phases      ] GC(1590) Rescan (parallel) 0.890ms
[4.669s][debug][gc,phases      ] GC(1590) Reference Processing 0.012ms
[4.669s][debug][gc,phases      ] GC(1590) Weak Processing 0.003ms
[4.669s][debug][gc,phases      ] GC(1590) ClassLoaderData 0.008ms
[4.669s][debug][gc,phases      ] GC(1590) ProtectionDomainCacheTable 0.002ms
[4.669s][debug][gc,phases      ] GC(1590) ResolvedMethodTable 0.006ms
[4.669s][debug][gc,phases      ] GC(1590) Class Unloading 0.167ms
[4.670s][debug][gc,phases      ] GC(1590) Scrub Symbol Table 0.441ms
[4.670s][debug][gc,phases      ] GC(1590) Scrub String Table 0.019ms
[4.670s][info ][gc             ] GC(1590) Pause Remark 44M->44M(61M) 1.630ms
[4.670s][info ][gc,cpu         ] GC(1590) User=0.00s Sys=0.00s Real=0.00s
[4.670s][info ][gc             ] GC(1590) Concurrent Sweep
[4.671s][info ][gc             ] GC(1590) Concurrent Sweep 0.573ms
[4.671s][info ][gc,cpu         ] GC(1590) User=0.00s Sys=0.00s Real=0.00s
[4.671s][info ][gc             ] GC(1590) Concurrent Reset
[4.671s][info ][gc             ] GC(1590) Concurrent Reset 0.071ms
[4.671s][info ][gc,cpu         ] GC(1590) User=0.01s Sys=0.00s Real=0.00s
[4.671s][info ][gc,heap        ] GC(1590) Old: 19934K->23461K(43712K)
[4.671s][info ][gc,start       ] GC(1629) Pause Young (Allocation Failure)
[4.671s][info ][gc,task        ] GC(1629) Using 8 workers of 8 for evacuation
[4.672s][debug][gc,age         ] GC(1629) Desired survivor size 1114112 bytes, new threshold 1 (max threshold 6)
[4.672s][info ][gc,heap        ] GC(1629) ParNew: 18458K->1963K(19648K)
[4.672s][info ][gc,heap        ] GC(1629) CMS: 23461K->23852K(43712K)
[4.672s][info ][gc,metaspace   ] GC(1629) Metaspace: 5340K->5340K(1056768K)
[4.672s][info ][gc             ] GC(1629) Pause Young (Allocation Failure) 40M->25M(61M) 0.670ms
[4.672s][info ][gc,cpu         ] GC(1629) User=0.00s Sys=0.00s Real=0.00s
[4.673s][info ][gc,start       ] GC(1630) Pause Young (Allocation Failure)
[4.673s][info ][gc,task        ] GC(1630) Using 8 workers of 8 for evacuation
[4.674s][debug][gc,age         ] GC(1630) Desired survivor size 1114112 bytes, new threshold 1 (max threshold 6)
[4.674s][info ][gc,heap        ] GC(1630) ParNew: 19073K->1576K(19648K)
[4.674s][info ][gc,heap        ] GC(1630) CMS: 23852K->24243K(43712K)
[4.674s][info ][gc,metaspace   ] GC(1630) Metaspace: 5340K->5340K(1056768K)
[4.674s][info ][gc             ] GC(1630) Pause Young (Allocation Failure) 41M->25M(61M) 0.435ms
[4.674s][info ][gc,cpu         ] GC(1630) User=0.00s Sys=0.00s Real=0.01s
[4.675s][info ][gc,start       ] GC(1631) Pause Young (Allocation Failure)
[4.675s][info ][gc,task        ] GC(1631) Using 8 workers of 8 for evacuation
[4.676s][debug][gc,age         ] GC(1631) Desired survivor size 1114112 bytes, new threshold 1 (max threshold 6)
[4.676s][info ][gc,heap        ] GC(1631) ParNew: 18812K->1969K(19648K)
[4.676s][info ][gc,heap        ] GC(1631) CMS: 24243K->25024K(43712K)
[4.676s][info ][gc,metaspace   ] GC(1631) Metaspace: 5340K->5340K(1056768K)
[4.676s][info ][gc             ] GC(1631) Pause Young (Allocation Failure) 42M->26M(61M) 0.742ms
[4.676s][info ][gc,cpu         ] GC(1631) User=0.00s Sys=0.00s Real=0.00s
[4.676s][info ][gc,start       ] GC(1632) Pause Initial Mark
[4.676s][info ][gc             ] GC(1632) Pause Initial Mark 29M->29M(61M) 0.119ms
[4.676s][info ][gc,cpu         ] GC(1632) User=0.00s Sys=0.00s Real=0.00s
[4.676s][info ][gc             ] GC(1632) Concurrent Mark
[4.676s][info ][gc,task        ] GC(1632) Using 2 workers of 2 for marking
[4.678s][info ][gc,start       ] GC(1633) Pause Young (Allocation Failure)
[4.678s][info ][gc,task        ] GC(1633) Using 8 workers of 8 for evacuation
[4.679s][debug][gc,age         ] GC(1633) Desired survivor size 1114112 bytes, new threshold 1 (max threshold 6)
[4.679s][info ][gc,heap        ] GC(1633) ParNew: 19171K->1969K(19648K)
[4.679s][info ][gc,heap        ] GC(1633) CMS: 25024K->25024K(43712K)
[4.679s][info ][gc,metaspace   ] GC(1633) Metaspace: 5340K->5340K(1056768K)
[4.679s][info ][gc             ] GC(1633) Pause Young (Allocation Failure) 43M->26M(61M) 0.932ms
[4.679s][info ][gc,cpu         ] GC(1633) User=0.00s Sys=0.00s Real=0.00s
[4.681s][info ][gc             ] GC(1632) Concurrent Mark 4.449ms
[4.681s][info ][gc,cpu         ] GC(1632) User=0.02s Sys=0.00s Real=0.00s
[4.681s][info ][gc,start       ] GC(1634) Pause Young (Allocation Failure)
[4.681s][info ][gc,task        ] GC(1634) Using 8 workers of 8 for evacuation
[4.683s][debug][gc,age         ] GC(1634) Desired survivor size 1114112 bytes, new threshold 6 (max threshold 6)
[4.683s][info ][gc,heap        ] GC(1634) ParNew: 19441K->791K(19648K)
[4.683s][info ][gc,heap        ] GC(1634) CMS: 25024K->25415K(43712K)
[4.683s][info ][gc,metaspace   ] GC(1634) Metaspace: 5340K->5340K(1056768K)
[4.683s][info ][gc             ] GC(1634) Pause Young (Allocation Failure) 43M->25M(61M) 1.573ms
[4.683s][info ][gc,cpu         ] GC(1634) User=0.01s Sys=0.00s Real=0.00s
[4.683s][info ][gc             ] GC(1632) Concurrent Preclean
[4.683s][info ][gc             ] GC(1632) Concurrent Preclean 0.142ms
[4.683s][info ][gc,cpu         ] GC(1632) User=0.00s Sys=0.00s Real=0.00s
[4.683s][info ][gc,start       ] GC(1632) Pause Remark
[4.684s][debug][gc,phases      ] GC(1632) Rescan (parallel) 0.802ms
[4.684s][debug][gc,phases      ] GC(1632) Reference Processing 0.012ms
[4.684s][debug][gc,phases      ] GC(1632) Weak Processing 0.004ms
[4.684s][debug][gc,phases      ] GC(1632) ClassLoaderData 0.009ms
[4.684s][debug][gc,phases      ] GC(1632) ProtectionDomainCacheTable 0.002ms
[4.684s][debug][gc,phases      ] GC(1632) ResolvedMethodTable 0.006ms
[4.684s][debug][gc,phases      ] GC(1632) Class Unloading 0.185ms
[4.685s][debug][gc,phases      ] GC(1632) Scrub Symbol Table 0.804ms
[4.685s][debug][gc,phases      ] GC(1632) Scrub String Table 0.026ms
[4.685s][info ][gc             ] GC(1632) Pause Remark 27M->27M(61M) 1.965ms
[4.685s][info ][gc,cpu         ] GC(1632) User=0.00s Sys=0.00s Real=0.01s
[4.685s][info ][gc             ] GC(1632) Concurrent Sweep
[4.686s][info ][gc             ] GC(1632) Concurrent Sweep 0.720ms
[4.686s][info ][gc,cpu         ] GC(1632) User=0.01s Sys=0.00s Real=0.00s
[4.686s][info ][gc             ] GC(1632) Concurrent Reset
[4.686s][info ][gc             ] GC(1632) Concurrent Reset 0.117ms
[4.686s][info ][gc,cpu         ] GC(1632) User=0.00s Sys=0.00s Real=0.00s
[4.686s][info ][gc,heap        ] GC(1632) Old: 25024K->1955K(43712K)
[4.687s][info ][gc,start       ] GC(1635) Pause Young (Allocation Failure)
[4.687s][info ][gc,task        ] GC(1635) Using 8 workers of 8 for evacuation
[4.688s][debug][gc,age         ] GC(1635) Desired survivor size 1114112 bytes, new threshold 1 (max threshold 6)
[4.688s][info ][gc,heap        ] GC(1635) ParNew: 18263K->1965K(19648K)
[4.688s][info ][gc,heap        ] GC(1635) CMS: 1955K->1955K(43712K)
[4.688s][info ][gc,metaspace   ] GC(1635) Metaspace: 5340K->5340K(1056768K)
[4.688s][info ][gc             ] GC(1635) Pause Young (Allocation Failure) 19M->3M(61M) 1.120ms
[4.688s][info ][gc,cpu         ] GC(1635) User=0.01s Sys=0.00s Real=0.00s
[4.690s][info ][gc,start       ] GC(1636) Pause Young (Allocation Failure)
[4.690s][info ][gc,task        ] GC(1636) Using 8 workers of 8 for evacuation
[4.691s][debug][gc,age         ] GC(1636) Desired survivor size 1114112 bytes, new threshold 1 (max threshold 6)
[4.691s][info ][gc,heap        ] GC(1636) ParNew: 19115K->1959K(19648K)
[4.691s][info ][gc,heap        ] GC(1636) CMS: 1955K->2346K(43712K)
[4.691s][info ][gc,metaspace   ] GC(1636) Metaspace: 5340K->5340K(1056768K)
[4.691s][info ][gc             ] GC(1636) Pause Young (Allocation Failure) 20M->4M(61M) 1.536ms
[4.691s][info ][gc,cpu         ] GC(1636) User=0.01s Sys=0.00s Real=0.00s
[4.693s][info ][gc,start       ] GC(1637) Pause Young (Allocation Failure)
[4.694s][info ][gc,task        ] GC(1637) Using 8 workers of 8 for evacuation
[4.696s][debug][gc,age         ] GC(1637) Desired survivor size 1114112 bytes, new threshold 1 (max threshold 6)
[4.696s][info ][gc,heap        ] GC(1637) ParNew: 19135K->1179K(19648K)
[4.696s][info ][gc,heap        ] GC(1637) CMS: 2346K->2737K(43712K)
[4.696s][info ][gc,metaspace   ] GC(1637) Metaspace: 5340K->5340K(1056768K)
[4.696s][info ][gc             ] GC(1637) Pause Young (Allocation Failure) 20M->3M(61M) 2.829ms
[4.696s][info ][gc,cpu         ] GC(1637) User=0.01s Sys=0.00s Real=0.01s
[4.698s][info ][gc,start       ] GC(1638) Pause Young (Allocation Failure)
[4.698s][info ][gc,task        ] GC(1638) Using 8 workers of 8 for evacuation
[4.699s][debug][gc,age         ] GC(1638) Desired survivor size 1114112 bytes, new threshold 1 (max threshold 6)
[4.699s][info ][gc,heap        ] GC(1638) ParNew: 18549K->1574K(19648K)
[4.699s][info ][gc,heap        ] GC(1638) CMS: 2737K->3519K(43712K)
[4.699s][info ][gc,metaspace   ] GC(1638) Metaspace: 5340K->5340K(1056768K)
[4.699s][info ][gc             ] GC(1638) Pause Young (Allocation Failure) 20M->4M(61M) 1.634ms
[4.699s][info ][gc,cpu         ] GC(1638) User=0.01s Sys=0.00s Real=0.00s
[4.701s][info ][gc,start       ] GC(1639) Pause Young (Allocation Failure)
[4.701s][info ][gc,task        ] GC(1639) Using 8 workers of 8 for evacuation
[4.702s][debug][gc,age         ] GC(1639) Desired survivor size 1114112 bytes, new threshold 1 (max threshold 6)
[4.702s][info ][gc,heap        ] GC(1639) ParNew: 18757K->1961K(19648K)
[4.702s][info ][gc,heap        ] GC(1639) CMS: 3519K->3910K(43712K)
[4.702s][info ][gc,metaspace   ] GC(1639) Metaspace: 5340K->5340K(1056768K)
[4.702s][info ][gc             ] GC(1639) Pause Young (Allocation Failure) 21M->5M(61M) 1.091ms
[4.702s][info ][gc,cpu         ] GC(1639) User=0.00s Sys=0.00s Real=0.00s
[4.703s][info ][gc,start       ] GC(1640) Pause Young (Allocation Failure)
[4.703s][info ][gc,task        ] GC(1640) Using 8 workers of 8 for evacuation
[4.704s][debug][gc,age         ] GC(1640) Desired survivor size 1114112 bytes, new threshold 1 (max threshold 6)
[4.704s][info ][gc,heap        ] GC(1640) ParNew: 19201K->1965K(19648K)
[4.704s][info ][gc,heap        ] GC(1640) CMS: 3910K->5473K(43712K)
[4.704s][info ][gc,metaspace   ] GC(1640) Metaspace: 5340K->5340K(1056768K)
[4.704s][info ][gc             ] GC(1640) Pause Young (Allocation Failure) 22M->7M(61M) 0.772ms
[4.704s][info ][gc,cpu         ] GC(1640) User=0.00s Sys=0.00s Real=0.01s
[4.706s][info ][gc,start       ] GC(1641) Pause Young (Allocation Failure)
[4.706s][info ][gc,task        ] GC(1641) Using 8 workers of 8 for evacuation
[4.707s][debug][gc,age         ] GC(1641) Desired survivor size 1114112 bytes, new threshold 1 (max threshold 6)
[4.707s][info ][gc,heap        ] GC(1641) ParNew: 19170K->1967K(19648K)
[4.707s][info ][gc,heap        ] GC(1641) CMS: 5473K->6645K(43712K)
[4.707s][info ][gc,metaspace   ] GC(1641) Metaspace: 5340K->5340K(1056768K)
[4.707s][info ][gc             ] GC(1641) Pause Young (Allocation Failure) 24M->8M(61M) 1.047ms
[4.707s][info ][gc,cpu         ] GC(1641) User=0.00s Sys=0.00s Real=0.00s
[4.708s][info ][gc,start       ] GC(1642) Pause Young (Allocation Failure)
[4.708s][info ][gc,task        ] GC(1642) Using 8 workers of 8 for evacuation
[4.710s][debug][gc,age         ] GC(1642) Desired survivor size 1114112 bytes, new threshold 1 (max threshold 6)
[4.710s][info ][gc,heap        ] GC(1642) ParNew: 19149K->1965K(19648K)
[4.710s][info ][gc,heap        ] GC(1642) CMS: 6645K->7426K(43712K)
[4.710s][info ][gc,metaspace   ] GC(1642) Metaspace: 5340K->5340K(1056768K)
[4.710s][info ][gc             ] GC(1642) Pause Young (Allocation Failure) 25M->9M(61M) 1.412ms
[4.710s][info ][gc,cpu         ] GC(1642) User=0.01s Sys=0.00s Real=0.00s
[4.711s][info ][gc,start       ] GC(1643) Pause Young (Allocation Failure)
[4.711s][info ][gc,task        ] GC(1643) Using 8 workers of 8 for evacuation
[4.713s][debug][gc,age         ] GC(1643) Desired survivor size 1114112 bytes, new threshold 1 (max threshold 6)
[4.713s][info ][gc,heap        ] GC(1643) ParNew: 19093K->1959K(19648K)
[4.713s][info ][gc,heap        ] GC(1643) CMS: 7426K->8598K(43712K)
[4.713s][info ][gc,metaspace   ] GC(1643) Metaspace: 5340K->5340K(1056768K)
[4.713s][info ][gc             ] GC(1643) Pause Young (Allocation Failure) 25M->10M(61M) 1.651ms
[4.713s][info ][gc,cpu         ] GC(1643) User=0.01s Sys=0.00s Real=0.00s
[4.714s][info ][gc,start       ] GC(1644) Pause Young (Allocation Failure)
[4.714s][info ][gc,task        ] GC(1644) Using 8 workers of 8 for evacuation
[4.716s][debug][gc,age         ] GC(1644) Desired survivor size 1114112 bytes, new threshold 1 (max threshold 6)
[4.716s][info ][gc,heap        ] GC(1644) ParNew: 19420K->1181K(19648K)
[4.716s][info ][gc,heap        ] GC(1644) CMS: 8598K->8989K(43712K)
[4.716s][info ][gc,metaspace   ] GC(1644) Metaspace: 5340K->5340K(1056768K)
[4.716s][info ][gc             ] GC(1644) Pause Young (Allocation Failure) 27M->9M(61M) 1.632ms
[4.716s][info ][gc,cpu         ] GC(1644) User=0.01s Sys=0.00s Real=0.00s
[4.718s][info ][gc,start       ] GC(1645) Pause Young (Allocation Failure)
[4.718s][info ][gc,task        ] GC(1645) Using 8 workers of 8 for evacuation
[4.719s][debug][gc,age         ] GC(1645) Desired survivor size 1114112 bytes, new threshold 6 (max threshold 6)
[4.719s][info ][gc,heap        ] GC(1645) ParNew: 18528K->785K(19648K)
[4.719s][info ][gc,heap        ] GC(1645) CMS: 8989K->9381K(43712K)
[4.719s][info ][gc,metaspace   ] GC(1645) Metaspace: 5340K->5340K(1056768K)
[4.719s][info ][gc             ] GC(1645) Pause Young (Allocation Failure) 26M->9M(61M) 1.490ms
[4.719s][info ][gc,cpu         ] GC(1645) User=0.00s Sys=0.00s Real=0.00s
[4.724s][info ][gc,start       ] GC(1646) Pause Young (Allocation Failure)
[4.724s][info ][gc,task        ] GC(1646) Using 8 workers of 8 for evacuation
[4.725s][debug][gc,age         ] GC(1646) Desired survivor size 1114112 bytes, new threshold 1 (max threshold 6)
[4.725s][info ][gc,heap        ] GC(1646) ParNew: 17950K->1965K(19648K)
[4.725s][info ][gc,heap        ] GC(1646) CMS: 9381K->9772K(43712K)
[4.725s][info ][gc,metaspace   ] GC(1646) Metaspace: 5340K->5340K(1056768K)
[4.725s][info ][gc             ] GC(1646) Pause Young (Allocation Failure) 26M->11M(61M) 1.193ms
[4.725s][info ][gc,cpu         ] GC(1646) User=0.00s Sys=0.00s Real=0.00s
[4.726s][info ][gc,start       ] GC(1647) Pause Young (Allocation Failure)
[4.726s][info ][gc,task        ] GC(1647) Using 8 workers of 8 for evacuation
[4.727s][debug][gc,age         ] GC(1647) Desired survivor size 1114112 bytes, new threshold 1 (max threshold 6)
[4.727s][info ][gc,heap        ] GC(1647) ParNew: 19218K->1961K(19648K)
[4.727s][info ][gc,heap        ] GC(1647) CMS: 9772K->9772K(43712K)
[4.727s][info ][gc,metaspace   ] GC(1647) Metaspace: 5340K->5340K(1056768K)
[4.728s][info ][gc             ] GC(1647) Pause Young (Allocation Failure) 28M->11M(61M) 1.414ms
[4.728s][info ][gc,cpu         ] GC(1647) User=0.01s Sys=0.00s Real=0.00s
[4.729s][info ][gc,start       ] GC(1648) Pause Young (Allocation Failure)
[4.729s][info ][gc,task        ] GC(1648) Using 8 workers of 8 for evacuation
[4.731s][debug][gc,age         ] GC(1648) Desired survivor size 1114112 bytes, new threshold 1 (max threshold 6)
[4.731s][info ][gc,heap        ] GC(1648) ParNew: 19070K->1963K(19648K)
[4.731s][info ][gc,heap        ] GC(1648) CMS: 9772K->10163K(43712K)
[4.731s][info ][gc,metaspace   ] GC(1648) Metaspace: 5340K->5340K(1056768K)
[4.731s][info ][gc             ] GC(1648) Pause Young (Allocation Failure) 28M->11M(61M) 1.779ms
[4.731s][info ][gc,cpu         ] GC(1648) User=0.01s Sys=0.00s Real=0.00s
[4.732s][info ][gc,start       ] GC(1649) Pause Young (Allocation Failure)
[4.733s][info ][gc,task        ] GC(1649) Using 8 workers of 8 for evacuation
[4.733s][debug][gc,age         ] GC(1649) Desired survivor size 1114112 bytes, new threshold 1 (max threshold 6)
[4.733s][info ][gc,heap        ] GC(1649) ParNew: 19138K->1574K(19648K)
[4.733s][info ][gc,heap        ] GC(1649) CMS: 10163K->10945K(43712K)
[4.733s][info ][gc,metaspace   ] GC(1649) Metaspace: 5340K->5340K(1056768K)
[4.733s][info ][gc             ] GC(1649) Pause Young (Allocation Failure) 28M->12M(61M) 0.720ms
[4.733s][info ][gc,cpu         ] GC(1649) User=0.00s Sys=0.00s Real=0.00s
[4.735s][info ][gc,start       ] GC(1650) Pause Young (Allocation Failure)
[4.735s][info ][gc,task        ] GC(1650) Using 8 workers of 8 for evacuation
[4.736s][debug][gc,age         ] GC(1650) Desired survivor size 1114112 bytes, new threshold 1 (max threshold 6)
[4.736s][info ][gc,heap        ] GC(1650) ParNew: 19002K->1963K(19648K)
[4.736s][info ][gc,heap        ] GC(1650) CMS: 10945K->12118K(43712K)
[4.736s][info ][gc,metaspace   ] GC(1650) Metaspace: 5340K->5340K(1056768K)
[4.736s][info ][gc             ] GC(1650) Pause Young (Allocation Failure) 29M->13M(61M) 1.069ms
[4.736s][info ][gc,cpu         ] GC(1650) User=0.00s Sys=0.00s Real=0.00s
[4.738s][info ][gc,start       ] GC(1651) Pause Young (Allocation Failure)
[4.738s][info ][gc,task        ] GC(1651) Using 8 workers of 8 for evacuation
[4.739s][debug][gc,age         ] GC(1651) Desired survivor size 1114112 bytes, new threshold 1 (max threshold 6)
[4.739s][info ][gc,heap        ] GC(1651) ParNew: 19211K->1959K(19648K)
[4.739s][info ][gc,heap        ] GC(1651) CMS: 12118K->12509K(43712K)
[4.739s][info ][gc,metaspace   ] GC(1651) Metaspace: 5340K->5340K(1056768K)
[4.739s][info ][gc             ] GC(1651) Pause Young (Allocation Failure) 30M->14M(61M) 1.446ms
[4.739s][info ][gc,cpu         ] GC(1651) User=0.00s Sys=0.00s Real=0.00s
[4.741s][info ][gc,start       ] GC(1652) Pause Young (Allocation Failure)
[4.741s][info ][gc,task        ] GC(1652) Using 8 workers of 8 for evacuation
[4.742s][debug][gc,age         ] GC(1652) Desired survivor size 1114112 bytes, new threshold 1 (max threshold 6)
[4.742s][info ][gc,heap        ] GC(1652) ParNew: 19169K->1963K(19648K)
[4.742s][info ][gc,heap        ] GC(1652) CMS: 12509K->12900K(43712K)
[4.742s][info ][gc,metaspace   ] GC(1652) Metaspace: 5340K->5340K(1056768K)
[4.742s][info ][gc             ] GC(1652) Pause Young (Allocation Failure) 30M->14M(61M) 1.505ms
[4.742s][info ][gc,cpu         ] GC(1652) User=0.00s Sys=0.00s Real=0.00s
[4.743s][info ][gc,start       ] GC(1653) Pause Young (Allocation Failure)
[4.743s][info ][gc,task        ] GC(1653) Using 8 workers of 8 for evacuation
[4.744s][debug][gc,age         ] GC(1653) Desired survivor size 1114112 bytes, new threshold 1 (max threshold 6)
[4.744s][info ][gc,heap        ] GC(1653) ParNew: 19148K->1963K(19648K)
[4.744s][info ][gc,heap        ] GC(1653) CMS: 12900K->13290K(43712K)
[4.744s][info ][gc,metaspace   ] GC(1653) Metaspace: 5340K->5340K(1056768K)
[4.744s][info ][gc             ] GC(1653) Pause Young (Allocation Failure) 31M->14M(61M) 0.701ms
[4.744s][info ][gc,cpu         ] GC(1653) User=0.00s Sys=0.00s Real=0.01s
[4.746s][info ][gc,start       ] GC(1654) Pause Young (Allocation Failure)
[4.746s][info ][gc,task        ] GC(1654) Using 8 workers of 8 for evacuation
[4.748s][debug][gc,age         ] GC(1654) Desired survivor size 1114112 bytes, new threshold 1 (max threshold 6)
[4.748s][info ][gc,heap        ] GC(1654) ParNew: 19435K->1961K(19648K)
[4.748s][info ][gc,heap        ] GC(1654) CMS: 13290K->14853K(43712K)
[4.748s][info ][gc,metaspace   ] GC(1654) Metaspace: 5340K->5340K(1056768K)
[4.748s][info ][gc             ] GC(1654) Pause Young (Allocation Failure) 31M->16M(61M) 1.494ms
[4.748s][info ][gc,cpu         ] GC(1654) User=0.00s Sys=0.00s Real=0.00s
[4.749s][info ][gc,start       ] GC(1655) Pause Young (Allocation Failure)
[4.749s][info ][gc,task        ] GC(1655) Using 8 workers of 8 for evacuation
[4.750s][debug][gc,age         ] GC(1655) Desired survivor size 1114112 bytes, new threshold 1 (max threshold 6)
[4.750s][info ][gc,heap        ] GC(1655) ParNew: 19134K->1963K(19648K)
[4.750s][info ][gc,heap        ] GC(1655) CMS: 14853K->16025K(43712K)
[4.750s][info ][gc,metaspace   ] GC(1655) Metaspace: 5340K->5340K(1056768K)
[4.750s][info ][gc             ] GC(1655) Pause Young (Allocation Failure) 33M->17M(61M) 1.061ms
[4.750s][info ][gc,cpu         ] GC(1655) User=0.01s Sys=0.00s Real=0.00s
[4.751s][info ][gc,start       ] GC(1656) Pause Young (Allocation Failure)
[4.751s][info ][gc,task        ] GC(1656) Using 8 workers of 8 for evacuation
[4.753s][debug][gc,age         ] GC(1656) Desired survivor size 1114112 bytes, new threshold 1 (max threshold 6)
[4.753s][info ][gc,heap        ] GC(1656) ParNew: 19413K->1961K(19648K)
[4.753s][info ][gc,heap        ] GC(1656) CMS: 16025K->16026K(43712K)
[4.753s][info ][gc,metaspace   ] GC(1656) Metaspace: 5340K->5340K(1056768K)
[4.753s][info ][gc             ] GC(1656) Pause Young (Allocation Failure) 34M->17M(61M) 1.213ms
[4.753s][info ][gc,cpu         ] GC(1656) User=0.01s Sys=0.00s Real=0.00s
[4.754s][info ][gc,start       ] GC(1657) Pause Young (Allocation Failure)
[4.754s][info ][gc,task        ] GC(1657) Using 8 workers of 8 for evacuation
[4.755s][debug][gc,age         ] GC(1657) Desired survivor size 1114112 bytes, new threshold 1 (max threshold 6)
[4.755s][info ][gc,heap        ] GC(1657) ParNew: 19151K->1961K(19648K)
[4.755s][info ][gc,heap        ] GC(1657) CMS: 16026K->16807K(43712K)
[4.755s][info ][gc,metaspace   ] GC(1657) Metaspace: 5340K->5340K(1056768K)
[4.755s][info ][gc             ] GC(1657) Pause Young (Allocation Failure) 34M->18M(61M) 1.299ms
[4.755s][info ][gc,cpu         ] GC(1657) User=0.01s Sys=0.00s Real=0.00s
[4.757s][info ][gc,start       ] GC(1658) Pause Young (Allocation Failure)
[4.757s][info ][gc,task        ] GC(1658) Using 8 workers of 8 for evacuation
[4.758s][debug][gc,age         ] GC(1658) Desired survivor size 1114112 bytes, new threshold 1 (max threshold 6)
[4.758s][info ][gc,heap        ] GC(1658) ParNew: 19133K->1963K(19648K)
[4.758s][info ][gc,heap        ] GC(1658) CMS: 16807K->17979K(43712K)
[4.758s][info ][gc,metaspace   ] GC(1658) Metaspace: 5340K->5340K(1056768K)
[4.758s][info ][gc             ] GC(1658) Pause Young (Allocation Failure) 35M->19M(61M) 1.465ms
[4.758s][info ][gc,cpu         ] GC(1658) User=0.00s Sys=0.00s Real=0.00s
[4.760s][info ][gc,start       ] GC(1659) Pause Young (Allocation Failure)
[4.760s][info ][gc,task        ] GC(1659) Using 8 workers of 8 for evacuation
[4.761s][debug][gc,age         ] GC(1659) Desired survivor size 1114112 bytes, new threshold 1 (max threshold 6)
[4.761s][info ][gc,heap        ] GC(1659) ParNew: 19075K->1965K(19648K)
[4.761s][info ][gc,heap        ] GC(1659) CMS: 17979K->19152K(43712K)
[4.761s][info ][gc,metaspace   ] GC(1659) Metaspace: 5340K->5340K(1056768K)
[4.761s][info ][gc             ] GC(1659) Pause Young (Allocation Failure) 36M->20M(61M) 1.502ms
[4.761s][info ][gc,cpu         ] GC(1659) User=0.01s Sys=0.00s Real=0.00s
[4.763s][info ][gc,start       ] GC(1660) Pause Young (Allocation Failure)
[4.763s][info ][gc,task        ] GC(1660) Using 8 workers of 8 for evacuation
[4.764s][debug][gc,age         ] GC(1660) Desired survivor size 1114112 bytes, new threshold 1 (max threshold 6)
[4.764s][info ][gc,heap        ] GC(1660) ParNew: 19136K->1959K(19648K)
[4.764s][info ][gc,heap        ] GC(1660) CMS: 19152K->19933K(43712K)
[4.764s][info ][gc,metaspace   ] GC(1660) Metaspace: 5340K->5340K(1056768K)
[4.764s][info ][gc             ] GC(1660) Pause Young (Allocation Failure) 37M->21M(61M) 1.227ms
[4.764s][info ][gc,cpu         ] GC(1660) User=0.01s Sys=0.00s Real=0.01s
[4.766s][info ][gc,start       ] GC(1661) Pause Young (Allocation Failure)
[4.766s][info ][gc,task        ] GC(1661) Using 8 workers of 8 for evacuation
[4.768s][debug][gc,age         ] GC(1661) Desired survivor size 1114112 bytes, new threshold 1 (max threshold 6)
[4.768s][info ][gc,heap        ] GC(1661) ParNew: 19049K->1957K(19648K)
[4.768s][info ][gc,heap        ] GC(1661) CMS: 19933K->21105K(43712K)
[4.768s][info ][gc,metaspace   ] GC(1661) Metaspace: 5340K->5340K(1056768K)
[4.768s][info ][gc             ] GC(1661) Pause Young (Allocation Failure) 38M->22M(61M) 2.253ms
[4.768s][info ][gc,cpu         ] GC(1661) User=0.01s Sys=0.00s Real=0.00s
[4.771s][info ][gc,start       ] GC(1662) Pause Young (Allocation Failure)
[4.771s][info ][gc,task        ] GC(1662) Using 8 workers of 8 for evacuation
[4.772s][debug][gc,age         ] GC(1662) Desired survivor size 1114112 bytes, new threshold 1 (max threshold 6)
[4.772s][info ][gc,heap        ] GC(1662) ParNew: 19135K->1961K(19648K)
[4.772s][info ][gc,heap        ] GC(1662) CMS: 21105K->21105K(43712K)
[4.772s][info ][gc,metaspace   ] GC(1662) Metaspace: 5340K->5340K(1056768K)
[4.773s][info ][gc             ] GC(1662) Pause Young (Allocation Failure) 39M->22M(61M) 1.420ms
[4.773s][info ][gc,cpu         ] GC(1662) User=0.01s Sys=0.00s Real=0.00s
[4.774s][info ][gc,start       ] GC(1663) Pause Young (Allocation Failure)
[4.774s][info ][gc,task        ] GC(1663) Using 8 workers of 8 for evacuation
[4.775s][debug][gc,age         ] GC(1663) Desired survivor size 1114112 bytes, new threshold 1 (max threshold 6)
[4.775s][info ][gc,heap        ] GC(1663) ParNew: 19068K->1965K(19648K)
[4.775s][info ][gc,heap        ] GC(1663) CMS: 21105K->21106K(43712K)
[4.775s][info ][gc,metaspace   ] GC(1663) Metaspace: 5340K->5340K(1056768K)
[4.775s][info ][gc             ] GC(1663) Pause Young (Allocation Failure) 39M->22M(61M) 1.388ms
[4.775s][info ][gc,cpu         ] GC(1663) User=0.00s Sys=0.00s Real=0.00s
[4.777s][info ][gc,start       ] GC(1664) Pause Young (Allocation Failure)
[4.777s][info ][gc,task        ] GC(1664) Using 8 workers of 8 for evacuation
[4.778s][debug][gc,age         ] GC(1664) Desired survivor size 1114112 bytes, new threshold 1 (max threshold 6)
[4.778s][info ][gc,heap        ] GC(1664) ParNew: 19437K->1961K(19648K)
[4.778s][info ][gc,heap        ] GC(1664) CMS: 21106K->21887K(43712K)
[4.778s][info ][gc,metaspace   ] GC(1664) Metaspace: 5340K->5340K(1056768K)
[4.778s][info ][gc             ] GC(1664) Pause Young (Allocation Failure) 39M->23M(61M) 1.384ms
[4.778s][info ][gc,cpu         ] GC(1664) User=0.00s Sys=0.00s Real=0.00s
[4.780s][info ][gc,start       ] GC(1665) Pause Young (Allocation Failure)
[4.780s][info ][gc,task        ] GC(1665) Using 8 workers of 8 for evacuation
[4.781s][debug][gc,age         ] GC(1665) Desired survivor size 1114112 bytes, new threshold 1 (max threshold 6)
[4.781s][info ][gc,heap        ] GC(1665) ParNew: 19411K->1963K(19648K)
[4.781s][info ][gc,heap        ] GC(1665) CMS: 21887K->22669K(43712K)
[4.781s][info ][gc,metaspace   ] GC(1665) Metaspace: 5340K->5340K(1056768K)
[4.781s][info ][gc             ] GC(1665) Pause Young (Allocation Failure) 40M->24M(61M) 1.428ms
[4.781s][info ][gc,cpu         ] GC(1665) User=0.00s Sys=0.00s Real=0.00s
[4.784s][info ][gc,start       ] GC(1666) Pause Young (Allocation Failure)
[4.784s][info ][gc,task        ] GC(1666) Using 8 workers of 8 for evacuation
[4.785s][debug][gc,age         ] GC(1666) Desired survivor size 1114112 bytes, new threshold 1 (max threshold 6)
[4.785s][info ][gc,heap        ] GC(1666) ParNew: 19116K->1959K(19648K)
[4.785s][info ][gc,heap        ] GC(1666) CMS: 22669K->23451K(43712K)
[4.785s][info ][gc,metaspace   ] GC(1666) Metaspace: 5340K->5340K(1056768K)
[4.785s][info ][gc             ] GC(1666) Pause Young (Allocation Failure) 40M->24M(61M) 1.709ms
[4.785s][info ][gc,cpu         ] GC(1666) User=0.01s Sys=0.00s Real=0.00s
[4.787s][info ][gc,start       ] GC(1667) Pause Young (Allocation Failure)
[4.787s][info ][gc,task        ] GC(1667) Using 8 workers of 8 for evacuation
[4.789s][debug][gc,age         ] GC(1667) Desired survivor size 1114112 bytes, new threshold 1 (max threshold 6)
[4.789s][info ][gc,heap        ] GC(1667) ParNew: 19364K->1177K(19648K)
[4.789s][info ][gc,heap        ] GC(1667) CMS: 23451K->24624K(43712K)
[4.789s][info ][gc,metaspace   ] GC(1667) Metaspace: 5340K->5340K(1056768K)
[4.789s][info ][gc             ] GC(1667) Pause Young (Allocation Failure) 41M->25M(61M) 1.963ms
[4.789s][info ][gc,cpu         ] GC(1667) User=0.01s Sys=0.00s Real=0.00s
[4.791s][info ][gc,start       ] GC(1668) Pause Young (Allocation Failure)
[4.791s][info ][gc,task        ] GC(1668) Using 8 workers of 8 for evacuation
[4.792s][debug][gc,age         ] GC(1668) Desired survivor size 1114112 bytes, new threshold 1 (max threshold 6)
[4.792s][info ][gc,heap        ] GC(1668) ParNew: 18366K->1959K(19648K)
[4.792s][info ][gc,heap        ] GC(1668) CMS: 24624K->26187K(43712K)
[4.792s][info ][gc,metaspace   ] GC(1668) Metaspace: 5340K->5340K(1056768K)
[4.793s][info ][gc             ] GC(1668) Pause Young (Allocation Failure) 41M->27M(61M) 1.740ms
[4.793s][info ][gc,cpu         ] GC(1668) User=0.00s Sys=0.00s Real=0.00s
[4.793s][info ][gc,start       ] GC(1669) Pause Initial Mark
[4.793s][info ][gc             ] GC(1669) Pause Initial Mark 28M->28M(61M) 0.117ms
[4.793s][info ][gc,cpu         ] GC(1669) User=0.00s Sys=0.00s Real=0.00s
[4.793s][info ][gc             ] GC(1669) Concurrent Mark
[4.793s][info ][gc,task        ] GC(1669) Using 2 workers of 2 for marking
[4.795s][info ][gc,start       ] GC(1670) Pause Young (Allocation Failure)
[4.795s][info ][gc,task        ] GC(1670) Using 8 workers of 8 for evacuation
[4.797s][debug][gc,age         ] GC(1670) Desired survivor size 1114112 bytes, new threshold 1 (max threshold 6)
[4.797s][info ][gc,heap        ] GC(1670) ParNew: 19191K->1568K(19648K)
[4.797s][info ][gc,heap        ] GC(1670) CMS: 26187K->26187K(43712K)
[4.797s][info ][gc,metaspace   ] GC(1670) Metaspace: 5340K->5340K(1056768K)
[4.797s][info ][gc             ] GC(1670) Pause Young (Allocation Failure) 44M->27M(61M) 1.736ms
[4.797s][info ][gc,cpu         ] GC(1670) User=0.01s Sys=0.00s Real=0.00s
[4.798s][info ][gc             ] GC(1669) Concurrent Mark 4.412ms
[4.798s][info ][gc,cpu         ] GC(1669) User=0.02s Sys=0.00s Real=0.01s
[4.798s][info ][gc             ] GC(1669) Concurrent Preclean
[4.798s][info ][gc             ] GC(1669) Concurrent Preclean 0.171ms
[4.798s][info ][gc,cpu         ] GC(1669) User=0.00s Sys=0.00s Real=0.00s
[4.798s][info ][gc             ] GC(1669) Concurrent Abortable Preclean
[4.799s][info ][gc,start       ] GC(1671) Pause Young (Allocation Failure)
[4.799s][info ][gc,task        ] GC(1671) Using 8 workers of 8 for evacuation
[4.800s][debug][gc,age         ] GC(1671) Desired survivor size 1114112 bytes, new threshold 1 (max threshold 6)
[4.800s][info ][gc,heap        ] GC(1671) ParNew: 18704K->1961K(19648K)
[4.800s][info ][gc,heap        ] GC(1671) CMS: 26187K->26579K(43712K)
[4.800s][info ][gc,metaspace   ] GC(1671) Metaspace: 5340K->5340K(1056768K)
[4.800s][info ][gc             ] GC(1671) Pause Young (Allocation Failure) 43M->27M(61M) 1.625ms
[4.800s][info ][gc,cpu         ] GC(1671) User=0.01s Sys=0.00s Real=0.00s
[4.802s][info ][gc,start       ] GC(1672) Pause Young (Allocation Failure)
[4.802s][info ][gc,task        ] GC(1672) Using 8 workers of 8 for evacuation
[4.804s][debug][gc,age         ] GC(1672) Desired survivor size 1114112 bytes, new threshold 1 (max threshold 6)
[4.805s][info ][gc,heap        ] GC(1672) ParNew: 19125K->1957K(19648K)
[4.805s][info ][gc,heap        ] GC(1672) CMS: 26579K->26970K(43712K)
[4.805s][info ][gc,metaspace   ] GC(1672) Metaspace: 5340K->5340K(1056768K)
[4.805s][info ][gc             ] GC(1672) Pause Young (Allocation Failure) 44M->28M(61M) 2.224ms
[4.805s][info ][gc,cpu         ] GC(1672) User=0.00s Sys=0.00s Real=0.01s
[4.809s][info ][gc,start       ] GC(1673) Pause Young (Allocation Failure)
[4.809s][info ][gc,task        ] GC(1673) Using 8 workers of 8 for evacuation
[4.810s][debug][gc,age         ] GC(1673) Desired survivor size 1114112 bytes, new threshold 6 (max threshold 6)
[4.810s][info ][gc,heap        ] GC(1673) ParNew: 19336K->400K(19648K)
[4.810s][info ][gc,heap        ] GC(1673) CMS: 26970K->28143K(43712K)
[4.810s][info ][gc,metaspace   ] GC(1673) Metaspace: 5340K->5340K(1056768K)
[4.810s][info ][gc             ] GC(1673) Pause Young (Allocation Failure) 45M->27M(61M) 2.140ms
[4.810s][info ][gc,cpu         ] GC(1673) User=0.00s Sys=0.00s Real=0.00s
[4.811s][info ][gc,start       ] GC(1674) Pause Young (Allocation Failure)
[4.812s][info ][gc,task        ] GC(1674) Using 8 workers of 8 for evacuation
[4.813s][debug][gc,age         ] GC(1674) Desired survivor size 1114112 bytes, new threshold 1 (max threshold 6)
[4.813s][info ][gc,heap        ] GC(1674) ParNew: 17486K->1963K(19648K)
[4.813s][info ][gc,heap        ] GC(1674) CMS: 28143K->28143K(43712K)
[4.813s][info ][gc,metaspace   ] GC(1674) Metaspace: 5340K->5340K(1056768K)
[4.813s][info ][gc             ] GC(1674) Pause Young (Allocation Failure) 44M->29M(61M) 1.290ms
[4.813s][info ][gc,cpu         ] GC(1674) User=0.00s Sys=0.00s Real=0.00s
[4.815s][info ][gc,start       ] GC(1675) Pause Young (Allocation Failure)
[4.815s][info ][gc,task        ] GC(1675) Using 8 workers of 8 for evacuation
[4.816s][debug][gc,age         ] GC(1675) Desired survivor size 1114112 bytes, new threshold 1 (max threshold 6)
[4.816s][info ][gc,heap        ] GC(1675) ParNew: 19417K->1566K(19648K)
[4.817s][info ][gc,heap        ] GC(1675) CMS: 28143K->28925K(43712K)
[4.817s][info ][gc,metaspace   ] GC(1675) Metaspace: 5340K->5340K(1056768K)
[4.817s][info ][gc             ] GC(1675) Pause Young (Allocation Failure) 46M->29M(61M) 2.052ms
[4.817s][info ][gc,cpu         ] GC(1675) User=0.00s Sys=0.00s Real=0.00s
[4.818s][info ][gc,start       ] GC(1676) Pause Young (Allocation Failure)
[4.819s][info ][gc,task        ] GC(1676) Using 8 workers of 8 for evacuation
[4.820s][debug][gc,age         ] GC(1676) Desired survivor size 1114112 bytes, new threshold 1 (max threshold 6)
[4.820s][info ][gc,heap        ] GC(1676) ParNew: 18860K->1957K(19648K)
[4.820s][info ][gc,heap        ] GC(1676) CMS: 28925K->29316K(43712K)
[4.820s][info ][gc,metaspace   ] GC(1676) Metaspace: 5340K->5340K(1056768K)
[4.820s][info ][gc             ] GC(1676) Pause Young (Allocation Failure) 46M->30M(61M) 1.560ms
[4.820s][info ][gc,cpu         ] GC(1676) User=0.00s Sys=0.00s Real=0.00s
[4.822s][info ][gc,start       ] GC(1677) Pause Young (Allocation Failure)
[4.822s][info ][gc,task        ] GC(1677) Using 8 workers of 8 for evacuation
[4.823s][debug][gc,age         ] GC(1677) Desired survivor size 1114112 bytes, new threshold 1 (max threshold 6)
[4.823s][info ][gc,heap        ] GC(1677) ParNew: 19162K->1572K(19648K)
[4.823s][info ][gc,heap        ] GC(1677) CMS: 29316K->29707K(43712K)
[4.823s][info ][gc,metaspace   ] GC(1677) Metaspace: 5340K->5340K(1056768K)
[4.823s][info ][gc             ] GC(1677) Pause Young (Allocation Failure) 47M->30M(61M) 1.231ms
[4.823s][info ][gc,cpu         ] GC(1677) User=0.00s Sys=0.00s Real=0.00s
[4.825s][info ][gc,start       ] GC(1678) Pause Young (Allocation Failure)
[4.825s][info ][gc,task        ] GC(1678) Using 8 workers of 8 for evacuation
[4.826s][debug][gc,age         ] GC(1678) Desired survivor size 1114112 bytes, new threshold 1 (max threshold 6)
[4.826s][info ][gc,heap        ] GC(1678) ParNew: 19044K->1965K(19648K)
[4.826s][info ][gc,heap        ] GC(1678) CMS: 29707K->30489K(43712K)
[4.826s][info ][gc,metaspace   ] GC(1678) Metaspace: 5340K->5340K(1056768K)
[4.826s][info ][gc             ] GC(1678) Pause Young (Allocation Failure) 47M->31M(61M) 1.216ms
[4.826s][info ][gc,cpu         ] GC(1678) User=0.00s Sys=0.00s Real=0.00s
[4.827s][info ][gc,start       ] GC(1679) Pause Young (Allocation Failure)
[4.827s][info ][gc,task        ] GC(1679) Using 8 workers of 8 for evacuation
[4.830s][debug][gc,age         ] GC(1679) Desired survivor size 1114112 bytes, new threshold 1 (max threshold 6)
[4.830s][info ][gc,heap        ] GC(1679) ParNew: 19393K->1566K(19648K)
[4.830s][info ][gc,heap        ] GC(1679) CMS: 30489K->31271K(43712K)
[4.830s][info ][gc,metaspace   ] GC(1679) Metaspace: 5340K->5340K(1056768K)
[4.830s][info ][gc             ] GC(1679) Pause Young (Allocation Failure) 48M->32M(61M) 2.589ms
[4.830s][info ][gc,cpu         ] GC(1679) User=0.00s Sys=0.00s Real=0.00s
[4.832s][info ][gc,start       ] GC(1680) Pause Young (Allocation Failure)
[4.832s][info ][gc,task        ] GC(1680) Using 8 workers of 8 for evacuation
[4.833s][debug][gc,age         ] GC(1680) Desired survivor size 1114112 bytes, new threshold 1 (max threshold 6)
[4.833s][info ][gc,heap        ] GC(1680) ParNew: 18832K->1963K(19648K)
[4.833s][info ][gc,heap        ] GC(1680) CMS: 31271K->31662K(43712K)
[4.833s][info ][gc,metaspace   ] GC(1680) Metaspace: 5340K->5340K(1056768K)
[4.833s][info ][gc             ] GC(1680) Pause Young (Allocation Failure) 48M->32M(61M) 1.461ms
[4.833s][info ][gc,cpu         ] GC(1680) User=0.01s Sys=0.00s Real=0.00s
[4.834s][info ][gc,start       ] GC(1681) Pause Young (Allocation Failure)
[4.834s][info ][gc,task        ] GC(1681) Using 8 workers of 8 for evacuation
[4.836s][debug][gc,age         ] GC(1681) Desired survivor size 1114112 bytes, new threshold 1 (max threshold 6)
[4.836s][info ][gc,heap        ] GC(1681) ParNew: 19184K->1961K(19648K)
[4.836s][info ][gc,heap        ] GC(1681) CMS: 31662K->32053K(43712K)
[4.836s][info ][gc,metaspace   ] GC(1681) Metaspace: 5340K->5340K(1056768K)
[4.836s][info ][gc             ] GC(1681) Pause Young (Allocation Failure) 49M->33M(61M) 1.256ms
[4.836s][info ][gc,cpu         ] GC(1681) User=0.01s Sys=0.00s Real=0.00s
[4.837s][info ][gc,start       ] GC(1682) Pause Young (Allocation Failure)
[4.837s][info ][gc,task        ] GC(1682) Using 8 workers of 8 for evacuation
[4.837s][debug][gc,age         ] GC(1682) Desired survivor size 1114112 bytes, new threshold 1 (max threshold 6)
[4.837s][info ][gc,heap        ] GC(1682) ParNew: 19153K->1965K(19648K)
[4.837s][info ][gc,heap        ] GC(1682) CMS: 32053K->33224K(43712K)
[4.837s][info ][gc,metaspace   ] GC(1682) Metaspace: 5340K->5340K(1056768K)
[4.837s][info ][gc             ] GC(1682) Pause Young (Allocation Failure) 50M->34M(61M) 0.569ms
[4.837s][info ][gc,cpu         ] GC(1682) User=0.01s Sys=0.00s Real=0.00s
[4.839s][info ][gc,start       ] GC(1683) Pause Young (Allocation Failure)
[4.839s][info ][gc,task        ] GC(1683) Using 8 workers of 8 for evacuation
[4.840s][debug][gc,age         ] GC(1683) Desired survivor size 1114112 bytes, new threshold 1 (max threshold 6)
[4.840s][info ][gc,heap        ] GC(1683) ParNew: 19087K->1961K(19648K)
[4.840s][info ][gc,heap        ] GC(1683) CMS: 33224K->34006K(43712K)
[4.840s][info ][gc,metaspace   ] GC(1683) Metaspace: 5340K->5340K(1056768K)
[4.840s][info ][gc             ] GC(1683) Pause Young (Allocation Failure) 51M->35M(61M) 1.174ms
[4.840s][info ][gc,cpu         ] GC(1683) User=0.01s Sys=0.00s Real=0.00s
[4.841s][info ][gc,start       ] GC(1684) Pause Young (Allocation Failure)
[4.841s][info ][gc,task        ] GC(1684) Using 8 workers of 8 for evacuation
[4.843s][debug][gc,age         ] GC(1684) Desired survivor size 1114112 bytes, new threshold 1 (max threshold 6)
[4.843s][info ][gc,heap        ] GC(1684) ParNew: 19141K->1967K(19648K)
[4.843s][info ][gc,heap        ] GC(1684) CMS: 34006K->34397K(43712K)
[4.843s][info ][gc,metaspace   ] GC(1684) Metaspace: 5340K->5340K(1056768K)
[4.843s][info ][gc             ] GC(1684) Pause Young (Allocation Failure) 51M->35M(61M) 1.497ms
[4.843s][info ][gc,cpu         ] GC(1684) User=0.00s Sys=0.00s Real=0.00s
[4.844s][info ][gc,start       ] GC(1685) Pause Young (Allocation Failure)
[4.844s][info ][gc,task        ] GC(1685) Using 8 workers of 8 for evacuation
[4.845s][debug][gc,age         ] GC(1685) Desired survivor size 1114112 bytes, new threshold 1 (max threshold 6)
[4.845s][info ][gc,heap        ] GC(1685) ParNew: 19133K->1967K(19648K)
[4.845s][info ][gc,heap        ] GC(1685) CMS: 34397K->35569K(43712K)
[4.845s][info ][gc,metaspace   ] GC(1685) Metaspace: 5340K->5340K(1056768K)
[4.845s][info ][gc             ] GC(1685) Pause Young (Allocation Failure) 52M->36M(61M) 1.046ms
[4.845s][info ][gc,cpu         ] GC(1685) User=0.00s Sys=0.00s Real=0.00s
[4.847s][info ][gc,start       ] GC(1686) Pause Young (Allocation Failure)
[4.847s][info ][gc,task        ] GC(1686) Using 8 workers of 8 for evacuation
[4.849s][debug][gc,age         ] GC(1686) Desired survivor size 1114112 bytes, new threshold 1 (max threshold 6)
[4.849s][info ][gc,heap        ] GC(1686) ParNew: 19425K->1568K(19648K)
[4.849s][info ][gc,heap        ] GC(1686) CMS: 35569K->36350K(43712K)
[4.849s][info ][gc,metaspace   ] GC(1686) Metaspace: 5340K->5340K(1056768K)
[4.849s][info ][gc             ] GC(1686) Pause Young (Allocation Failure) 53M->37M(61M) 2.337ms
[4.849s][info ][gc,cpu         ] GC(1686) User=0.01s Sys=0.00s Real=0.00s
[4.851s][info ][gc,start       ] GC(1687) Pause Young (Allocation Failure)
[4.851s][info ][gc,task        ] GC(1687) Using 8 workers of 8 for evacuation
[4.852s][debug][gc,age         ] GC(1687) Desired survivor size 1114112 bytes, new threshold 1 (max threshold 6)
[4.852s][info ][gc,heap        ] GC(1687) ParNew: 18652K->1967K(19648K)
[4.852s][info ][gc,heap        ] GC(1687) CMS: 36350K->37132K(43712K)
[4.852s][info ][gc,metaspace   ] GC(1687) Metaspace: 5340K->5340K(1056768K)
[4.852s][info ][gc             ] GC(1687) Pause Young (Allocation Failure) 53M->38M(61M) 1.443ms
[4.852s][info ][gc,cpu         ] GC(1687) User=0.01s Sys=0.00s Real=0.00s
[4.854s][info ][gc,start       ] GC(1688) Pause Young (Allocation Failure)
[4.854s][info ][gc,task        ] GC(1688) Using 8 workers of 8 for evacuation
[4.856s][debug][gc,age         ] GC(1688) Desired survivor size 1114112 bytes, new threshold 1 (max threshold 6)
[4.856s][info ][gc,heap        ] GC(1688) ParNew: 19170K->1959K(19648K)
[4.856s][info ][gc,heap        ] GC(1688) CMS: 37132K->38304K(43712K)
[4.856s][info ][gc,metaspace   ] GC(1688) Metaspace: 5340K->5340K(1056768K)
[4.857s][info ][gc             ] GC(1688) Pause Young (Allocation Failure) 54M->39M(61M) 2.222ms
[4.857s][info ][gc,cpu         ] GC(1688) User=0.00s Sys=0.00s Real=0.00s
[4.858s][info ][gc,start       ] GC(1689) Pause Young (Allocation Failure)
[4.858s][info ][gc,task        ] GC(1689) Using 8 workers of 8 for evacuation
[4.859s][debug][gc,age         ] GC(1689) Desired survivor size 1114112 bytes, new threshold 1 (max threshold 6)
[4.859s][info ][gc,heap        ] GC(1689) ParNew: 19392K->1574K(19648K)
[4.859s][info ][gc,heap        ] GC(1689) CMS: 38304K->38696K(43712K)
[4.859s][info ][gc,metaspace   ] GC(1689) Metaspace: 5340K->5340K(1056768K)
[4.859s][info ][gc             ] GC(1689) Pause Young (Allocation Failure) 56M->39M(61M) 0.778ms
[4.859s][info ][gc,cpu         ] GC(1689) User=0.00s Sys=0.00s Real=0.00s
[4.860s][info ][gc,start       ] GC(1690) Pause Young (Allocation Failure)
[4.860s][info ][gc,task        ] GC(1690) Using 8 workers of 8 for evacuation
[4.861s][debug][gc,age         ] GC(1690) Desired survivor size 1114112 bytes, new threshold 1 (max threshold 6)
[4.861s][info ][gc,heap        ] GC(1690) ParNew: 18725K->1961K(19648K)
[4.861s][info ][gc,heap        ] GC(1690) CMS: 38696K->39087K(43712K)
[4.861s][info ][gc,metaspace   ] GC(1690) Metaspace: 5340K->5340K(1056768K)
[4.861s][info ][gc             ] GC(1690) Pause Young (Allocation Failure) 56M->40M(61M) 1.150ms
[4.862s][info ][gc,cpu         ] GC(1690) User=0.00s Sys=0.00s Real=0.00s
[4.865s][info ][gc,start       ] GC(1691) Pause Young (Allocation Failure)
[4.865s][info ][gc,task        ] GC(1691) Using 8 workers of 8 for evacuation
[4.866s][debug][gc,age         ] GC(1691) Desired survivor size 1114112 bytes, new threshold 1 (max threshold 6)
[4.866s][info ][gc,heap        ] GC(1691) ParNew: 19173K->1959K(19648K)
[4.866s][info ][gc,heap        ] GC(1691) CMS: 39087K->39478K(43712K)
[4.866s][info ][gc,metaspace   ] GC(1691) Metaspace: 5340K->5340K(1056768K)
[4.866s][info ][gc             ] GC(1691) Pause Young (Allocation Failure) 56M->40M(61M) 1.396ms
[4.866s][info ][gc,cpu         ] GC(1691) User=0.00s Sys=0.01s Real=0.00s
[4.868s][info ][gc,start       ] GC(1692) Pause Young (Allocation Failure)
[4.868s][info ][gc,task        ] GC(1692) Using 8 workers of 8 for evacuation
[4.869s][debug][gc,age         ] GC(1692) Desired survivor size 1114112 bytes, new threshold 1 (max threshold 6)
[4.869s][info ][gc,heap        ] GC(1692) ParNew: 19146K->1959K(19648K)
[4.869s][info ][gc,heap        ] GC(1692) CMS: 39478K->39869K(43712K)
[4.869s][info ][gc,metaspace   ] GC(1692) Metaspace: 5340K->5340K(1056768K)
[4.869s][info ][gc             ] GC(1692) Pause Young (Allocation Failure) 57M->40M(61M) 1.379ms
[4.869s][info ][gc,cpu         ] GC(1692) User=0.00s Sys=0.00s Real=0.00s
[4.870s][info ][gc,start       ] GC(1693) Pause Young (Allocation Failure)
[4.870s][info ][gc,task        ] GC(1693) Using 8 workers of 8 for evacuation
[4.872s][debug][gc,age         ] GC(1693) Desired survivor size 1114112 bytes, new threshold 1 (max threshold 6)
[4.872s][info ][gc,heap        ] GC(1693) ParNew: 19107K->1959K(19648K)
[4.872s][info ][gc,heap        ] GC(1693) CMS: 39869K->39869K(43712K)
[4.872s][info ][gc,metaspace   ] GC(1693) Metaspace: 5340K->5340K(1056768K)
[4.872s][info ][gc             ] GC(1693) Pause Young (Allocation Failure) 57M->40M(61M) 1.193ms
[4.872s][info ][gc,cpu         ] GC(1693) User=0.00s Sys=0.00s Real=0.00s
[4.873s][info ][gc,start       ] GC(1694) Pause Young (Allocation Failure)
[4.873s][info ][gc,task        ] GC(1694) Using 8 workers of 8 for evacuation
[4.874s][debug][gc,age         ] GC(1694) Desired survivor size 1114112 bytes, new threshold 1 (max threshold 6)
[4.874s][info ][gc,heap        ] GC(1694) ParNew: 19424K->1177K(19648K)
[4.874s][info ][gc,heap        ] GC(1694) CMS: 39869K->40651K(43712K)
[4.874s][info ][gc,metaspace   ] GC(1694) Metaspace: 5340K->5340K(1056768K)
[4.874s][info ][gc             ] GC(1694) Pause Young (Allocation Failure) 57M->40M(61M) 1.201ms
[4.874s][info ][gc,cpu         ] GC(1694) User=0.00s Sys=0.00s Real=0.01s
[4.876s][info ][gc,start       ] GC(1695) Pause Young (Allocation Failure)
[4.876s][info ][gc,task        ] GC(1695) Using 8 workers of 8 for evacuation
[4.877s][debug][gc,age         ] GC(1695) Desired survivor size 1114112 bytes, new threshold 1 (max threshold 6)
[4.877s][info ][gc,heap        ] GC(1695) ParNew: 18325K->1959K(19648K)
[4.877s][info ][gc,heap        ] GC(1695) CMS: 40651K->41042K(43712K)
[4.877s][info ][gc,metaspace   ] GC(1695) Metaspace: 5340K->5340K(1056768K)
[4.877s][info ][gc             ] GC(1695) Pause Young (Allocation Failure) 57M->41M(61M) 1.259ms
[4.877s][info ][gc,cpu         ] GC(1695) User=0.00s Sys=0.00s Real=0.00s
[4.879s][info ][gc,start       ] GC(1696) Pause Young (Allocation Failure)
[4.879s][info ][gc,task        ] GC(1696) Using 8 workers of 8 for evacuation
[4.880s][debug][gc,age         ] GC(1696) Desired survivor size 1114112 bytes, new threshold 1 (max threshold 6)
[4.880s][info ][gc,heap        ] GC(1696) ParNew: 19145K->1961K(19648K)
[4.880s][info ][gc,heap        ] GC(1696) CMS: 41042K->41823K(43712K)
[4.880s][info ][gc,metaspace   ] GC(1696) Metaspace: 5340K->5340K(1056768K)
[4.880s][info ][gc             ] GC(1696) Pause Young (Allocation Failure) 58M->42M(61M) 1.628ms
[4.880s][info ][gc,cpu         ] GC(1696) User=0.00s Sys=0.00s Real=0.00s
[4.883s][info ][gc,start       ] GC(1697) Pause Young (Allocation Failure)
[4.883s][info ][gc,task        ] GC(1697) Using 8 workers of 8 for evacuation
[4.884s][debug][gc,age         ] GC(1697) Desired survivor size 1114112 bytes, new threshold 1 (max threshold 6)
[4.884s][info ][gc,heap        ] GC(1697) ParNew: 19412K->1181K(19648K)
[4.884s][info ][gc,heap        ] GC(1697) CMS: 41823K->42215K(43712K)
[4.884s][info ][gc,metaspace   ] GC(1697) Metaspace: 5340K->5340K(1056768K)
[4.884s][info ][gc             ] GC(1697) Pause Young (Allocation Failure) 59M->42M(61M) 1.269ms
[4.884s][info ][gc,cpu         ] GC(1697) User=0.01s Sys=0.00s Real=0.01s
[4.886s][info ][gc,start       ] GC(1698) Pause Young (Allocation Failure)
[4.886s][info ][gc,task        ] GC(1698) Using 8 workers of 8 for evacuation
[4.887s][debug][gc,age         ] GC(1698) Desired survivor size 1114112 bytes, new threshold 1 (max threshold 6)
[4.887s][info ][gc,heap        ] GC(1698) ParNew: 18283K->1961K(19648K)
[4.887s][info ][gc,heap        ] GC(1698) CMS: 42215K->42215K(43712K)
[4.887s][info ][gc,metaspace   ] GC(1698) Metaspace: 5340K->5340K(1056768K)
[4.887s][info ][gc             ] GC(1698) Pause Young (Allocation Failure) 59M->43M(61M) 1.492ms
[4.887s][info ][gc,cpu         ] GC(1698) User=0.01s Sys=0.00s Real=0.00s
[4.889s][info ][gc,start       ] GC(1699) Pause Young (Allocation Failure)
[4.889s][info ][gc,task        ] GC(1699) Using 8 workers of 8 for evacuation
[4.890s][debug][gc,age         ] GC(1699) Desired survivor size 1114112 bytes, new threshold 1 (max threshold 6)
[4.890s][info ][gc,heap        ] GC(1699) ParNew: 19144K->1570K(19648K)
[4.890s][info ][gc,heap        ] GC(1699) CMS: 42215K->42215K(43712K)
[4.890s][info ][gc,metaspace   ] GC(1699) Metaspace: 5340K->5340K(1056768K)
[4.890s][info ][gc             ] GC(1699) Pause Young (Allocation Failure) 59M->42M(61M) 1.272ms
[4.890s][info ][gc,cpu         ] GC(1699) User=0.01s Sys=0.00s Real=0.00s
[4.892s][info ][gc,start       ] GC(1700) Pause Young (Allocation Failure)
[4.892s][info ][gc,task        ] GC(1700) Using 8 workers of 8 for evacuation
[4.893s][debug][gc,age         ] GC(1700) Desired survivor size 1114112 bytes, new threshold 1 (max threshold 6)
[4.893s][info ][gc,heap        ] GC(1700) ParNew: 18764K->1961K(19648K)
[4.893s][info ][gc,heap        ] GC(1700) CMS: 42215K->42215K(43712K)
[4.893s][info ][gc,metaspace   ] GC(1700) Metaspace: 5340K->5340K(1056768K)
[4.893s][info ][gc             ] GC(1700) Pause Young (Allocation Failure) 59M->43M(61M) 1.294ms
[4.893s][info ][gc,cpu         ] GC(1700) User=0.01s Sys=0.00s Real=0.00s
[4.894s][info ][gc,start       ] GC(1701) Pause Young (Allocation Failure)
[4.894s][info ][gc,task        ] GC(1701) Using 8 workers of 8 for evacuation
[4.897s][debug][gc,age         ] GC(1701) Desired survivor size 1114112 bytes, new threshold 1 (max threshold 6)
[4.897s][info ][gc,heap        ] GC(1701) ParNew: 19136K->1959K(19648K)
[4.897s][info ][gc,heap        ] GC(1701) CMS: 42215K->42606K(43712K)
[4.897s][info ][gc,metaspace   ] GC(1701) Metaspace: 5340K->5340K(1056768K)
[4.897s][info ][gc             ] GC(1701) Pause Young (Allocation Failure) 59M->43M(61M) 2.924ms
[4.897s][info ][gc,cpu         ] GC(1701) User=0.01s Sys=0.00s Real=0.00s
[4.899s][info ][gc,start       ] GC(1702) Pause Young (Allocation Failure)
[4.899s][info ][gc,task        ] GC(1702) Using 8 workers of 8 for evacuation
[4.900s][debug][gc,age         ] GC(1702) Desired survivor size 1114112 bytes, new threshold 1 (max threshold 6)
[4.900s][info ][gc,heap        ] GC(1702) ParNew: 19122K->1572K(19648K)
[4.900s][info ][gc,heap        ] GC(1702) CMS: 42606K->42606K(43712K)
[4.900s][info ][gc,metaspace   ] GC(1702) Metaspace: 5340K->5340K(1056768K)
[4.900s][info ][gc             ] GC(1702) Pause Young (Allocation Failure) 60M->43M(61M) 1.252ms
[4.900s][info ][gc,cpu         ] GC(1702) User=0.00s Sys=0.00s Real=0.00s
[4.901s][info ][gc,start       ] GC(1703) Pause Young (Allocation Failure)
[4.901s][info ][gc,task        ] GC(1703) Using 8 workers of 8 for evacuation
[4.902s][debug][gc,age         ] GC(1703) Desired survivor size 1114112 bytes, new threshold 1 (max threshold 6)
[4.902s][info ][gc,heap        ] GC(1703) ParNew: 18675K->1961K(19648K)
[4.902s][info ][gc,heap        ] GC(1703) CMS: 42606K->42997K(43712K)
[4.902s][info ][gc,metaspace   ] GC(1703) Metaspace: 5340K->5340K(1056768K)
[4.902s][info ][gc             ] GC(1703) Pause Young (Allocation Failure) 59M->43M(61M) 1.223ms
[4.903s][info ][gc,cpu         ] GC(1703) User=0.00s Sys=0.00s Real=0.00s
[4.904s][info ][gc,start       ] GC(1704) Pause Young (Allocation Failure)
[4.904s][info ][gc,task        ] GC(1704) Using 8 workers of 8 for evacuation
[4.906s][debug][gc,age         ] GC(1704) Desired survivor size 1114112 bytes, new threshold 1 (max threshold 6)
[4.906s][info ][gc,heap        ] GC(1704) ParNew: 19129K->1965K(19648K)
[4.906s][info ][gc,heap        ] GC(1704) CMS: 42997K->42997K(43712K)
[4.906s][info ][gc,metaspace   ] GC(1704) Metaspace: 5340K->5340K(1056768K)
[4.906s][info ][gc             ] GC(1704) Pause Young (Allocation Failure) 60M->43M(61M) 1.529ms
[4.906s][info ][gc,cpu         ] GC(1704) User=0.01s Sys=0.00s Real=0.00s
[4.907s][info ][gc,start       ] GC(1705) Pause Young (Allocation Failure)
[4.907s][info ][gc,task        ] GC(1705) Using 8 workers of 8 for evacuation
[4.908s][debug][gc,age         ] GC(1705) Desired survivor size 1114112 bytes, new threshold 1 (max threshold 6)
[4.909s][info ][gc,heap        ] GC(1705) ParNew: 19123K->1963K(19648K)
[4.909s][info ][gc,heap        ] GC(1705) CMS: 42997K->43388K(43712K)
[4.909s][info ][gc,metaspace   ] GC(1705) Metaspace: 5340K->5340K(1056768K)
[4.909s][info ][gc             ] GC(1705) Pause Young (Allocation Failure) 60M->44M(61M) 1.458ms
[4.909s][info ][gc,cpu         ] GC(1705) User=0.01s Sys=0.00s Real=0.00s
[4.909s][info ][gc             ] GC(1669) Concurrent Abortable Preclean 110.790ms
[4.909s][info ][gc,cpu         ] GC(1669) User=0.39s Sys=0.02s Real=0.11s
[4.909s][info ][gc,start       ] GC(1669) Pause Remark
[4.910s][debug][gc,phases      ] GC(1669) Rescan (parallel) 1.028ms
[4.910s][debug][gc,phases      ] GC(1669) Reference Processing 0.012ms
[4.910s][debug][gc,phases      ] GC(1669) Weak Processing 0.004ms
[4.910s][debug][gc,phases      ] GC(1669) ClassLoaderData 0.008ms
[4.910s][debug][gc,phases      ] GC(1669) ProtectionDomainCacheTable 0.002ms
[4.910s][debug][gc,phases      ] GC(1669) ResolvedMethodTable 0.006ms
[4.910s][debug][gc,phases      ] GC(1669) Class Unloading 0.176ms
[4.911s][debug][gc,phases      ] GC(1669) Scrub Symbol Table 0.448ms
[4.911s][debug][gc,phases      ] GC(1669) Scrub String Table 0.022ms
[4.911s][info ][gc             ] GC(1669) Pause Remark 45M->45M(61M) 1.803ms
[4.911s][info ][gc,cpu         ] GC(1669) User=0.01s Sys=0.00s Real=0.00s
[4.911s][info ][gc             ] GC(1669) Concurrent Sweep
[4.911s][info ][gc             ] GC(1669) Concurrent Sweep 0.513ms
[4.911s][info ][gc,cpu         ] GC(1669) User=0.00s Sys=0.00s Real=0.00s
[4.911s][info ][gc             ] GC(1669) Concurrent Reset
[4.911s][info ][gc             ] GC(1669) Concurrent Reset 0.036ms
[4.911s][info ][gc,cpu         ] GC(1669) User=0.00s Sys=0.00s Real=0.00s
[4.911s][info ][gc,heap        ] GC(1669) Old: 26187K->19937K(43712K)
[4.912s][info ][gc,start       ] GC(1706) Pause Young (Allocation Failure)
[4.912s][info ][gc,task        ] GC(1706) Using 8 workers of 8 for evacuation
[4.913s][debug][gc,age         ] GC(1706) Desired survivor size 1114112 bytes, new threshold 1 (max threshold 6)
[4.913s][info ][gc,heap        ] GC(1706) ParNew: 19435K->1965K(19648K)
[4.913s][info ][gc,heap        ] GC(1706) CMS: 19937K->20328K(43712K)
[4.913s][info ][gc,metaspace   ] GC(1706) Metaspace: 5340K->5340K(1056768K)
[4.913s][info ][gc             ] GC(1706) Pause Young (Allocation Failure) 38M->21M(61M) 0.592ms
[4.913s][info ][gc,cpu         ] GC(1706) User=0.00s Sys=0.00s Real=0.00s
[4.915s][info ][gc,start       ] GC(1707) Pause Young (Allocation Failure)
[4.915s][info ][gc,task        ] GC(1707) Using 8 workers of 8 for evacuation
[4.916s][debug][gc,age         ] GC(1707) Desired survivor size 1114112 bytes, new threshold 1 (max threshold 6)
[4.916s][info ][gc,heap        ] GC(1707) ParNew: 19401K->1572K(19648K)
[4.916s][info ][gc,heap        ] GC(1707) CMS: 20328K->21110K(43712K)
[4.916s][info ][gc,metaspace   ] GC(1707) Metaspace: 5340K->5340K(1056768K)
[4.916s][info ][gc             ] GC(1707) Pause Young (Allocation Failure) 38M->22M(61M) 1.473ms
[4.916s][info ][gc,cpu         ] GC(1707) User=0.01s Sys=0.00s Real=0.00s
[4.918s][info ][gc,start       ] GC(1708) Pause Young (Allocation Failure)
[4.918s][info ][gc,task        ] GC(1708) Using 8 workers of 8 for evacuation
[4.919s][debug][gc,age         ] GC(1708) Desired survivor size 1114112 bytes, new threshold 1 (max threshold 6)
[4.919s][info ][gc,heap        ] GC(1708) ParNew: 19044K->1570K(19648K)
[4.919s][info ][gc,heap        ] GC(1708) CMS: 21110K->21502K(43712K)
[4.919s][info ][gc,metaspace   ] GC(1708) Metaspace: 5340K->5340K(1056768K)
[4.919s][info ][gc             ] GC(1708) Pause Young (Allocation Failure) 39M->22M(61M) 1.242ms
[4.919s][info ][gc,cpu         ] GC(1708) User=0.01s Sys=0.00s Real=0.00s
[4.921s][info ][gc,start       ] GC(1709) Pause Young (Allocation Failure)
[4.921s][info ][gc,task        ] GC(1709) Using 8 workers of 8 for evacuation
[4.922s][debug][gc,age         ] GC(1709) Desired survivor size 1114112 bytes, new threshold 1 (max threshold 6)
[4.922s][info ][gc,heap        ] GC(1709) ParNew: 19033K->1961K(19648K)
[4.922s][info ][gc,heap        ] GC(1709) CMS: 21502K->22283K(43712K)
[4.922s][info ][gc,metaspace   ] GC(1709) Metaspace: 5340K->5340K(1056768K)
[4.922s][info ][gc             ] GC(1709) Pause Young (Allocation Failure) 39M->23M(61M) 1.537ms
[4.922s][info ][gc,cpu         ] GC(1709) User=0.01s Sys=0.00s Real=0.00s
[4.923s][info ][gc,start       ] GC(1710) Pause Young (Allocation Failure)
[4.924s][info ][gc,task        ] GC(1710) Using 8 workers of 8 for evacuation
[4.925s][debug][gc,age         ] GC(1710) Desired survivor size 1114112 bytes, new threshold 1 (max threshold 6)
[4.925s][info ][gc,heap        ] GC(1710) ParNew: 19061K->1961K(19648K)
[4.925s][info ][gc,heap        ] GC(1710) CMS: 22283K->23847K(43712K)
[4.925s][info ][gc,metaspace   ] GC(1710) Metaspace: 5340K->5340K(1056768K)
[4.925s][info ][gc             ] GC(1710) Pause Young (Allocation Failure) 40M->25M(61M) 1.726ms
[4.925s][info ][gc,cpu         ] GC(1710) User=0.00s Sys=0.00s Real=0.00s
[4.925s][info ][gc,start       ] GC(1711) Pause Initial Mark
[4.926s][info ][gc             ] GC(1711) Pause Initial Mark 25M->25M(61M) 0.124ms
[4.926s][info ][gc,cpu         ] GC(1711) User=0.00s Sys=0.00s Real=0.00s
[4.926s][info ][gc             ] GC(1711) Concurrent Mark
[4.926s][info ][gc,task        ] GC(1711) Using 2 workers of 2 for marking
[4.927s][info ][gc,start       ] GC(1712) Pause Young (Allocation Failure)
[4.927s][info ][gc,task        ] GC(1712) Using 8 workers of 8 for evacuation
[4.928s][debug][gc,age         ] GC(1712) Desired survivor size 1114112 bytes, new threshold 1 (max threshold 6)
[4.928s][info ][gc,heap        ] GC(1712) ParNew: 19214K->1961K(19648K)
[4.928s][info ][gc,heap        ] GC(1712) CMS: 23847K->24238K(43712K)
[4.928s][info ][gc,metaspace   ] GC(1712) Metaspace: 5340K->5340K(1056768K)
[4.929s][info ][gc             ] GC(1712) Pause Young (Allocation Failure) 42M->25M(61M) 1.415ms
[4.929s][info ][gc,cpu         ] GC(1712) User=0.00s Sys=0.00s Real=0.00s
[4.930s][info ][gc             ] GC(1711) Concurrent Mark 3.985ms
[4.930s][info ][gc,cpu         ] GC(1711) User=0.02s Sys=0.00s Real=0.00s
[4.930s][info ][gc,start       ] GC(1713) Pause Young (Allocation Failure)
[4.930s][info ][gc,task        ] GC(1713) Using 8 workers of 8 for evacuation
[4.931s][debug][gc,age         ] GC(1713) Desired survivor size 1114112 bytes, new threshold 1 (max threshold 6)
[4.931s][info ][gc,heap        ] GC(1713) ParNew: 19433K->1965K(19648K)
[4.931s][info ][gc,heap        ] GC(1713) CMS: 24238K->24239K(43712K)
[4.931s][info ][gc,metaspace   ] GC(1713) Metaspace: 5340K->5340K(1056768K)
[4.931s][info ][gc             ] GC(1713) Pause Young (Allocation Failure) 42M->25M(61M) 1.184ms
[4.931s][info ][gc,cpu         ] GC(1713) User=0.01s Sys=0.00s Real=0.00s
[4.931s][info ][gc             ] GC(1711) Concurrent Preclean
[4.932s][info ][gc             ] GC(1711) Concurrent Preclean 0.451ms
[4.932s][info ][gc,cpu         ] GC(1711) User=0.00s Sys=0.00s Real=0.00s
[4.932s][info ][gc,start       ] GC(1711) Pause Remark
[4.933s][debug][gc,phases      ] GC(1711) Rescan (parallel) 0.964ms
[4.933s][debug][gc,phases      ] GC(1711) Reference Processing 0.014ms
[4.933s][debug][gc,phases      ] GC(1711) Weak Processing 0.005ms
[4.933s][debug][gc,phases      ] GC(1711) ClassLoaderData 0.010ms
[4.933s][debug][gc,phases      ] GC(1711) ProtectionDomainCacheTable 0.003ms
[4.933s][debug][gc,phases      ] GC(1711) ResolvedMethodTable 0.007ms
[4.933s][debug][gc,phases      ] GC(1711) Class Unloading 0.197ms
[4.934s][debug][gc,phases      ] GC(1711) Scrub Symbol Table 0.608ms
[4.934s][debug][gc,phases      ] GC(1711) Scrub String Table 0.026ms
[4.934s][info ][gc             ] GC(1711) Pause Remark 26M->26M(61M) 1.922ms
[4.934s][info ][gc,cpu         ] GC(1711) User=0.00s Sys=0.00s Real=0.01s
[4.934s][info ][gc             ] GC(1711) Concurrent Sweep
[4.934s][info ][gc             ] GC(1711) Concurrent Sweep 0.463ms
[4.934s][info ][gc,cpu         ] GC(1711) User=0.00s Sys=0.00s Real=0.00s
[4.935s][info ][gc             ] GC(1711) Concurrent Reset
[4.935s][info ][gc             ] GC(1711) Concurrent Reset 0.036ms
[4.935s][info ][gc,cpu         ] GC(1711) User=0.00s Sys=0.00s Real=0.00s
[4.935s][info ][gc,heap        ] GC(1711) Old: 23847K->3128K(43712K)
[4.936s][info ][gc,start       ] GC(1714) Pause Young (Allocation Failure)
[4.936s][info ][gc,task        ] GC(1714) Using 8 workers of 8 for evacuation
[4.938s][debug][gc,age         ] GC(1714) Desired survivor size 1114112 bytes, new threshold 1 (max threshold 6)
[4.938s][info ][gc,heap        ] GC(1714) ParNew: 19195K->1955K(19648K)
[4.938s][info ][gc,heap        ] GC(1714) CMS: 3128K->3519K(43712K)
[4.938s][info ][gc,metaspace   ] GC(1714) Metaspace: 5340K->5340K(1056768K)
[4.938s][info ][gc             ] GC(1714) Pause Young (Allocation Failure) 21M->5M(61M) 2.035ms
[4.938s][info ][gc,cpu         ] GC(1714) User=0.00s Sys=0.00s Real=0.00s
[4.940s][info ][gc,start       ] GC(1715) Pause Young (Allocation Failure)
[4.940s][info ][gc,task        ] GC(1715) Using 8 workers of 8 for evacuation
[4.943s][debug][gc,age         ] GC(1715) Desired survivor size 1114112 bytes, new threshold 6 (max threshold 6)
[4.943s][info ][gc,heap        ] GC(1715) ParNew: 19348K->396K(19648K)
[4.943s][info ][gc,heap        ] GC(1715) CMS: 3519K->5083K(43712K)
[4.943s][info ][gc,metaspace   ] GC(1715) Metaspace: 5340K->5340K(1056768K)
[4.943s][info ][gc             ] GC(1715) Pause Young (Allocation Failure) 22M->5M(61M) 2.526ms
[4.943s][info ][gc,cpu         ] GC(1715) User=0.00s Sys=0.00s Real=0.00s
[4.944s][info ][gc,start       ] GC(1716) Pause Young (Allocation Failure)
[4.944s][info ][gc,task        ] GC(1716) Using 8 workers of 8 for evacuation
[4.946s][debug][gc,age         ] GC(1716) Desired survivor size 1114112 bytes, new threshold 1 (max threshold 6)
[4.946s][info ][gc,heap        ] GC(1716) ParNew: 17643K->1969K(19648K)
[4.946s][info ][gc,heap        ] GC(1716) CMS: 5083K->5864K(43712K)
[4.946s][info ][gc,metaspace   ] GC(1716) Metaspace: 5340K->5340K(1056768K)
[4.946s][info ][gc             ] GC(1716) Pause Young (Allocation Failure) 22M->7M(61M) 1.341ms
[4.946s][info ][gc,cpu         ] GC(1716) User=0.00s Sys=0.00s Real=0.00s
[4.947s][info ][gc,start       ] GC(1717) Pause Young (Allocation Failure)
[4.947s][info ][gc,task        ] GC(1717) Using 8 workers of 8 for evacuation
[4.948s][debug][gc,age         ] GC(1717) Desired survivor size 1114112 bytes, new threshold 1 (max threshold 6)
[4.948s][info ][gc,heap        ] GC(1717) ParNew: 19178K->1957K(19648K)
[4.948s][info ][gc,heap        ] GC(1717) CMS: 5864K->5865K(43712K)
[4.948s][info ][gc,metaspace   ] GC(1717) Metaspace: 5340K->5340K(1056768K)
[4.948s][info ][gc             ] GC(1717) Pause Young (Allocation Failure) 24M->7M(61M) 1.345ms
[4.948s][info ][gc,cpu         ] GC(1717) User=0.00s Sys=0.00s Real=0.00s
[4.950s][info ][gc,start       ] GC(1718) Pause Young (Allocation Failure)
[4.950s][info ][gc,task        ] GC(1718) Using 8 workers of 8 for evacuation
[4.952s][debug][gc,age         ] GC(1718) Desired survivor size 1114112 bytes, new threshold 1 (max threshold 6)
[4.952s][info ][gc,heap        ] GC(1718) ParNew: 19371K->1572K(19648K)
[4.952s][info ][gc,heap        ] GC(1718) CMS: 5865K->7038K(43712K)
[4.952s][info ][gc,metaspace   ] GC(1718) Metaspace: 5340K->5340K(1056768K)
[4.952s][info ][gc             ] GC(1718) Pause Young (Allocation Failure) 24M->8M(61M) 1.530ms
[4.952s][info ][gc,cpu         ] GC(1718) User=0.00s Sys=0.00s Real=0.00s
[4.953s][info ][gc,start       ] GC(1719) Pause Young (Allocation Failure)
[4.953s][info ][gc,task        ] GC(1719) Using 8 workers of 8 for evacuation
[4.954s][debug][gc,age         ] GC(1719) Desired survivor size 1114112 bytes, new threshold 1 (max threshold 6)
[4.954s][info ][gc,heap        ] GC(1719) ParNew: 18799K->1963K(19648K)
[4.954s][info ][gc,heap        ] GC(1719) CMS: 7038K->7819K(43712K)
[4.954s][info ][gc,metaspace   ] GC(1719) Metaspace: 5340K->5340K(1056768K)
[4.955s][info ][gc             ] GC(1719) Pause Young (Allocation Failure) 25M->9M(61M) 1.278ms
[4.955s][info ][gc,cpu         ] GC(1719) User=0.01s Sys=0.00s Real=0.01s
[4.956s][info ][gc,start       ] GC(1720) Pause Young (Allocation Failure)
[4.956s][info ][gc,task        ] GC(1720) Using 8 workers of 8 for evacuation
[4.957s][debug][gc,age         ] GC(1720) Desired survivor size 1114112 bytes, new threshold 1 (max threshold 6)
[4.957s][info ][gc,heap        ] GC(1720) ParNew: 19159K->1963K(19648K)
[4.957s][info ][gc,heap        ] GC(1720) CMS: 7819K->8210K(43712K)
[4.957s][info ][gc,metaspace   ] GC(1720) Metaspace: 5340K->5340K(1056768K)
[4.957s][info ][gc             ] GC(1720) Pause Young (Allocation Failure) 26M->9M(61M) 0.687ms
[4.957s][info ][gc,cpu         ] GC(1720) User=0.01s Sys=0.00s Real=0.00s
[4.959s][info ][gc,start       ] GC(1721) Pause Young (Allocation Failure)
[4.959s][info ][gc,task        ] GC(1721) Using 8 workers of 8 for evacuation
[4.961s][debug][gc,age         ] GC(1721) Desired survivor size 1114112 bytes, new threshold 1 (max threshold 6)
[4.961s][info ][gc,heap        ] GC(1721) ParNew: 19139K->1957K(19648K)
[4.961s][info ][gc,heap        ] GC(1721) CMS: 8210K->8992K(43712K)
[4.961s][info ][gc,metaspace   ] GC(1721) Metaspace: 5340K->5340K(1056768K)
[4.961s][info ][gc             ] GC(1721) Pause Young (Allocation Failure) 26M->10M(61M) 1.598ms
[4.961s][info ][gc,cpu         ] GC(1721) User=0.01s Sys=0.00s Real=0.00s
[4.962s][info ][gc,start       ] GC(1722) Pause Young (Allocation Failure)
[4.963s][info ][gc,task        ] GC(1722) Using 8 workers of 8 for evacuation
[4.964s][debug][gc,age         ] GC(1722) Desired survivor size 1114112 bytes, new threshold 1 (max threshold 6)
[4.964s][info ][gc,heap        ] GC(1722) ParNew: 19120K->1961K(19648K)
[4.964s][info ][gc,heap        ] GC(1722) CMS: 8992K->8992K(43712K)
[4.964s][info ][gc,metaspace   ] GC(1722) Metaspace: 5340K->5340K(1056768K)
[4.964s][info ][gc             ] GC(1722) Pause Young (Allocation Failure) 27M->10M(61M) 1.460ms
[4.964s][info ][gc,cpu         ] GC(1722) User=0.01s Sys=0.00s Real=0.01s
[4.966s][info ][gc,start       ] GC(1723) Pause Young (Allocation Failure)
[4.966s][info ][gc,task        ] GC(1723) Using 8 workers of 8 for evacuation
[4.967s][debug][gc,age         ] GC(1723) Desired survivor size 1114112 bytes, new threshold 1 (max threshold 6)
[4.967s][info ][gc,heap        ] GC(1723) ParNew: 19087K->1965K(19648K)
[4.967s][info ][gc,heap        ] GC(1723) CMS: 8992K->9383K(43712K)
[4.967s][info ][gc,metaspace   ] GC(1723) Metaspace: 5340K->5340K(1056768K)
[4.967s][info ][gc             ] GC(1723) Pause Young (Allocation Failure) 27M->11M(61M) 1.690ms
[4.967s][info ][gc,cpu         ] GC(1723) User=0.01s Sys=0.00s Real=0.00s
[4.969s][info ][gc,start       ] GC(1724) Pause Young (Allocation Failure)
[4.969s][info ][gc,task        ] GC(1724) Using 8 workers of 8 for evacuation
[4.970s][debug][gc,age         ] GC(1724) Desired survivor size 1114112 bytes, new threshold 1 (max threshold 6)
[4.970s][info ][gc,heap        ] GC(1724) ParNew: 19125K->1959K(19648K)
[4.970s][info ][gc,heap        ] GC(1724) CMS: 9383K->10165K(43712K)
[4.970s][info ][gc,metaspace   ] GC(1724) Metaspace: 5340K->5340K(1056768K)
[4.970s][info ][gc             ] GC(1724) Pause Young (Allocation Failure) 27M->11M(61M) 1.360ms
[4.970s][info ][gc,cpu         ] GC(1724) User=0.00s Sys=0.00s Real=0.00s
[4.972s][info ][gc,start       ] GC(1725) Pause Young (Allocation Failure)
[4.972s][info ][gc,task        ] GC(1725) Using 8 workers of 8 for evacuation
[4.972s][debug][gc,age         ] GC(1725) Desired survivor size 1114112 bytes, new threshold 1 (max threshold 6)
[4.972s][info ][gc,heap        ] GC(1725) ParNew: 19354K->1184K(19648K)
[4.972s][info ][gc,heap        ] GC(1725) CMS: 10165K->10947K(43712K)
[4.972s][info ][gc,metaspace   ] GC(1725) Metaspace: 5340K->5340K(1056768K)
[4.972s][info ][gc             ] GC(1725) Pause Young (Allocation Failure) 28M->11M(61M) 0.463ms
[4.972s][info ][gc,cpu         ] GC(1725) User=0.00s Sys=0.01s Real=0.00s
[4.974s][info ][gc,start       ] GC(1726) Pause Young (Allocation Failure)
[4.974s][info ][gc,task        ] GC(1726) Using 8 workers of 8 for evacuation
[4.975s][debug][gc,age         ] GC(1726) Desired survivor size 1114112 bytes, new threshold 1 (max threshold 6)
[4.975s][info ][gc,heap        ] GC(1726) ParNew: 18385K->1572K(19648K)
[4.975s][info ][gc,heap        ] GC(1726) CMS: 10947K->10947K(43712K)
[4.975s][info ][gc,metaspace   ] GC(1726) Metaspace: 5340K->5340K(1056768K)
[4.975s][info ][gc             ] GC(1726) Pause Young (Allocation Failure) 28M->12M(61M) 0.864ms
[4.975s][info ][gc,cpu         ] GC(1726) User=0.01s Sys=0.00s Real=0.00s
[4.976s][info ][gc,start       ] GC(1727) Pause Young (Allocation Failure)
[4.976s][info ][gc,task        ] GC(1727) Using 8 workers of 8 for evacuation
[4.978s][debug][gc,age         ] GC(1727) Desired survivor size 1114112 bytes, new threshold 1 (max threshold 6)
[4.978s][info ][gc,heap        ] GC(1727) ParNew: 18961K->1959K(19648K)
[4.978s][info ][gc,heap        ] GC(1727) CMS: 10947K->11729K(43712K)
[4.978s][info ][gc,metaspace   ] GC(1727) Metaspace: 5340K->5340K(1056768K)
[4.978s][info ][gc             ] GC(1727) Pause Young (Allocation Failure) 29M->13M(61M) 1.605ms
[4.978s][info ][gc,cpu         ] GC(1727) User=0.01s Sys=0.00s Real=0.00s
[4.980s][info ][gc,start       ] GC(1728) Pause Young (Allocation Failure)
[4.980s][info ][gc,task        ] GC(1728) Using 8 workers of 8 for evacuation
[4.981s][debug][gc,age         ] GC(1728) Desired survivor size 1114112 bytes, new threshold 1 (max threshold 6)
[4.981s][info ][gc,heap        ] GC(1728) ParNew: 19051K->1961K(19648K)
[4.981s][info ][gc,heap        ] GC(1728) CMS: 11729K->13292K(43712K)
[4.981s][info ][gc,metaspace   ] GC(1728) Metaspace: 5340K->5340K(1056768K)
[4.981s][info ][gc             ] GC(1728) Pause Young (Allocation Failure) 30M->14M(61M) 1.576ms
[4.981s][info ][gc,cpu         ] GC(1728) User=0.01s Sys=0.00s Real=0.00s
[4.984s][info ][gc,start       ] GC(1729) Pause Young (Allocation Failure)
[4.984s][info ][gc,task        ] GC(1729) Using 8 workers of 8 for evacuation
[4.985s][debug][gc,age         ] GC(1729) Desired survivor size 1114112 bytes, new threshold 1 (max threshold 6)
[4.985s][info ][gc,heap        ] GC(1729) ParNew: 19108K->1963K(19648K)
[4.985s][info ][gc,heap        ] GC(1729) CMS: 13292K->13684K(43712K)
[4.985s][info ][gc,metaspace   ] GC(1729) Metaspace: 5340K->5340K(1056768K)
[4.985s][info ][gc             ] GC(1729) Pause Young (Allocation Failure) 31M->15M(61M) 1.225ms
[4.985s][info ][gc,cpu         ] GC(1729) User=0.00s Sys=0.00s Real=0.00s
[4.987s][info ][gc,start       ] GC(1730) Pause Young (Allocation Failure)
[4.987s][info ][gc,task        ] GC(1730) Using 8 workers of 8 for evacuation
[4.989s][debug][gc,age         ] GC(1730) Desired survivor size 1114112 bytes, new threshold 1 (max threshold 6)
[4.990s][info ][gc,heap        ] GC(1730) ParNew: 19435K->1961K(19648K)
[4.990s][info ][gc,heap        ] GC(1730) CMS: 13684K->14466K(43712K)
[4.990s][info ][gc,metaspace   ] GC(1730) Metaspace: 5340K->5340K(1056768K)
[4.990s][info ][gc             ] GC(1730) Pause Young (Allocation Failure) 32M->16M(61M) 2.696ms
[4.990s][info ][gc,cpu         ] GC(1730) User=0.00s Sys=0.00s Real=0.00s
[4.991s][info ][gc,start       ] GC(1731) Pause Young (Allocation Failure)
[4.991s][info ][gc,task        ] GC(1731) Using 8 workers of 8 for evacuation
[4.992s][debug][gc,age         ] GC(1731) Desired survivor size 1114112 bytes, new threshold 1 (max threshold 6)
[4.992s][info ][gc,heap        ] GC(1731) ParNew: 19409K->1568K(19648K)
[4.992s][info ][gc,heap        ] GC(1731) CMS: 14466K->15248K(43712K)
[4.992s][info ][gc,metaspace   ] GC(1731) Metaspace: 5340K->5340K(1056768K)
[4.993s][info ][gc             ] GC(1731) Pause Young (Allocation Failure) 33M->16M(61M) 1.377ms
[4.993s][info ][gc,cpu         ] GC(1731) User=0.00s Sys=0.00s Real=0.00s
[4.994s][info ][gc,start       ] GC(1732) Pause Young (Allocation Failure)
[4.994s][info ][gc,task        ] GC(1732) Using 8 workers of 8 for evacuation
[4.995s][debug][gc,age         ] GC(1732) Desired survivor size 1114112 bytes, new threshold 1 (max threshold 6)
[4.995s][info ][gc,heap        ] GC(1732) ParNew: 18811K->1568K(19648K)
[4.995s][info ][gc,heap        ] GC(1732) CMS: 15248K->15248K(43712K)
[4.995s][info ][gc,metaspace   ] GC(1732) Metaspace: 5340K->5340K(1056768K)
[4.995s][info ][gc             ] GC(1732) Pause Young (Allocation Failure) 33M->16M(61M) 1.177ms
[4.995s][info ][gc,cpu         ] GC(1732) User=0.00s Sys=0.00s Real=0.00s
[4.996s][info ][gc,start       ] GC(1733) Pause Young (Allocation Failure)
[4.996s][info ][gc,task        ] GC(1733) Using 8 workers of 8 for evacuation
[4.998s][debug][gc,age         ] GC(1733) Desired survivor size 1114112 bytes, new threshold 1 (max threshold 6)
[4.999s][info ][gc,heap        ] GC(1733) ParNew: 18821K->1957K(19648K)
[4.999s][info ][gc,heap        ] GC(1733) CMS: 15248K->16420K(43712K)
[4.999s][info ][gc,metaspace   ] GC(1733) Metaspace: 5340K->5340K(1056768K)
[4.999s][info ][gc             ] GC(1733) Pause Young (Allocation Failure) 33M->17M(61M) 2.158ms
[4.999s][info ][gc,cpu         ] GC(1733) User=0.01s Sys=0.00s Real=0.00s
[5.000s][info ][gc,start       ] GC(1734) Pause Young (Allocation Failure)
[5.000s][info ][gc,task        ] GC(1734) Using 8 workers of 8 for evacuation
[5.002s][debug][gc,age         ] GC(1734) Desired survivor size 1114112 bytes, new threshold 1 (max threshold 6)
[5.002s][info ][gc,heap        ] GC(1734) ParNew: 19392K->1961K(19648K)
[5.002s][info ][gc,heap        ] GC(1734) CMS: 16420K->17203K(43712K)
[5.002s][info ][gc,metaspace   ] GC(1734) Metaspace: 5340K->5340K(1056768K)
[5.002s][info ][gc             ] GC(1734) Pause Young (Allocation Failure) 34M->18M(61M) 1.443ms
[5.002s][info ][gc,cpu         ] GC(1734) User=0.00s Sys=0.00s Real=0.00s
[5.003s][info ][gc,start       ] GC(1735) Pause Young (Allocation Failure)
[5.003s][info ][gc,task        ] GC(1735) Using 8 workers of 8 for evacuation
[5.004s][debug][gc,age         ] GC(1735) Desired survivor size 1114112 bytes, new threshold 1 (max threshold 6)
[5.004s][info ][gc,heap        ] GC(1735) ParNew: 19423K->1963K(19648K)
[5.004s][info ][gc,heap        ] GC(1735) CMS: 17203K->18375K(43712K)
[5.004s][info ][gc,metaspace   ] GC(1735) Metaspace: 5340K->5340K(1056768K)
[5.004s][info ][gc             ] GC(1735) Pause Young (Allocation Failure) 35M->19M(61M) 0.850ms
[5.004s][info ][gc,cpu         ] GC(1735) User=0.00s Sys=0.00s Real=0.00s
[5.006s][info ][gc,start       ] GC(1736) Pause Young (Allocation Failure)
[5.006s][info ][gc,task        ] GC(1736) Using 8 workers of 8 for evacuation
[5.008s][debug][gc,age         ] GC(1736) Desired survivor size 1114112 bytes, new threshold 6 (max threshold 6)
[5.008s][info ][gc,heap        ] GC(1736) ParNew: 19392K->789K(19648K)
[5.008s][info ][gc,heap        ] GC(1736) CMS: 18375K->19939K(43712K)
[5.008s][info ][gc,metaspace   ] GC(1736) Metaspace: 5340K->5340K(1056768K)
[5.008s][info ][gc             ] GC(1736) Pause Young (Allocation Failure) 36M->20M(61M) 1.307ms
[5.008s][info ][gc,cpu         ] GC(1736) User=0.00s Sys=0.00s Real=0.00s
[5.008s][info ][gc,start       ] GC(1737) Pause Initial Mark
[5.008s][info ][gc             ] GC(1737) Pause Initial Mark 22M->22M(61M) 0.114ms
[5.008s][info ][gc,cpu         ] GC(1737) User=0.00s Sys=0.00s Real=0.00s
[5.008s][info ][gc             ] GC(1737) Concurrent Mark
[5.008s][info ][gc,task        ] GC(1737) Using 2 workers of 2 for marking
[5.009s][info ][gc,start       ] GC(1738) Pause Young (Allocation Failure)
[5.010s][info ][gc,task        ] GC(1738) Using 8 workers of 8 for evacuation
[5.011s][debug][gc,age         ] GC(1738) Desired survivor size 1114112 bytes, new threshold 1 (max threshold 6)
[5.011s][info ][gc,heap        ] GC(1738) ParNew: 18097K->1568K(19648K)
[5.011s][info ][gc,heap        ] GC(1738) CMS: 19939K->19939K(43712K)
[5.011s][info ][gc,metaspace   ] GC(1738) Metaspace: 5340K->5340K(1056768K)
[5.011s][info ][gc             ] GC(1738) Pause Young (Allocation Failure) 37M->21M(61M) 1.187ms
[5.011s][info ][gc,cpu         ] GC(1738) User=0.00s Sys=0.00s Real=0.00s
[5.012s][info ][gc             ] GC(1737) Concurrent Mark 3.944ms
[5.012s][info ][gc,cpu         ] GC(1737) User=0.02s Sys=0.00s Real=0.00s
[5.012s][info ][gc,start       ] GC(1739) Pause Young (Allocation Failure)
[5.012s][info ][gc,task        ] GC(1739) Using 8 workers of 8 for evacuation
[5.013s][debug][gc,age         ] GC(1739) Desired survivor size 1114112 bytes, new threshold 1 (max threshold 6)
[5.013s][info ][gc,heap        ] GC(1739) ParNew: 18816K->1961K(19648K)
[5.013s][info ][gc,heap        ] GC(1739) CMS: 19939K->19940K(43712K)
[5.013s][info ][gc,metaspace   ] GC(1739) Metaspace: 5340K->5340K(1056768K)
[5.013s][info ][gc             ] GC(1739) Pause Young (Allocation Failure) 37M->21M(61M) 0.624ms
[5.013s][info ][gc,cpu         ] GC(1739) User=0.00s Sys=0.00s Real=0.00s
[5.013s][info ][gc             ] GC(1737) Concurrent Preclean
[5.013s][info ][gc             ] GC(1737) Concurrent Preclean 0.137ms
[5.013s][info ][gc,cpu         ] GC(1737) User=0.00s Sys=0.00s Real=0.00s
[5.013s][info ][gc,start       ] GC(1737) Pause Remark
[5.014s][debug][gc,phases      ] GC(1737) Rescan (parallel) 0.898ms
[5.014s][debug][gc,phases      ] GC(1737) Reference Processing 0.011ms
[5.014s][debug][gc,phases      ] GC(1737) Weak Processing 0.004ms
[5.014s][debug][gc,phases      ] GC(1737) ClassLoaderData 0.009ms
[5.014s][debug][gc,phases      ] GC(1737) ProtectionDomainCacheTable 0.002ms
[5.014s][debug][gc,phases      ] GC(1737) ResolvedMethodTable 0.006ms
[5.014s][debug][gc,phases      ] GC(1737) Class Unloading 0.175ms
[5.015s][debug][gc,phases      ] GC(1737) Scrub Symbol Table 0.532ms
[5.015s][debug][gc,phases      ] GC(1737) Scrub String Table 0.020ms
[5.015s][info ][gc             ] GC(1737) Pause Remark 22M->22M(61M) 1.752ms
[5.015s][info ][gc,cpu         ] GC(1737) User=0.01s Sys=0.00s Real=0.01s
[5.015s][info ][gc             ] GC(1737) Concurrent Sweep
[5.016s][info ][gc             ] GC(1737) Concurrent Sweep 0.617ms
[5.016s][info ][gc,cpu         ] GC(1737) User=0.00s Sys=0.00s Real=0.00s
[5.016s][info ][gc             ] GC(1737) Concurrent Reset
[5.016s][info ][gc             ] GC(1737) Concurrent Reset 0.098ms
[5.016s][info ][gc,cpu         ] GC(1737) User=0.00s Sys=0.00s Real=0.00s
[5.016s][info ][gc,heap        ] GC(1737) Old: 19939K->1955K(43712K)
[5.016s][info ][gc,start       ] GC(1740) Pause Young (Allocation Failure)
[5.016s][info ][gc,task        ] GC(1740) Using 8 workers of 8 for evacuation
[5.017s][debug][gc,age         ] GC(1740) Desired survivor size 1114112 bytes, new threshold 1 (max threshold 6)
[5.017s][info ][gc,heap        ] GC(1740) ParNew: 19171K->1961K(19648K)
[5.017s][info ][gc,heap        ] GC(1740) CMS: 1955K->1956K(43712K)
[5.017s][info ][gc,metaspace   ] GC(1740) Metaspace: 5340K->5340K(1056768K)
[5.017s][info ][gc             ] GC(1740) Pause Young (Allocation Failure) 20M->3M(61M) 0.679ms
[5.017s][info ][gc,cpu         ] GC(1740) User=0.01s Sys=0.00s Real=0.00s
[5.018s][info ][gc,start       ] GC(1741) Pause Young (Allocation Failure)
[5.018s][info ][gc,task        ] GC(1741) Using 8 workers of 8 for evacuation
[5.019s][debug][gc,age         ] GC(1741) Desired survivor size 1114112 bytes, new threshold 1 (max threshold 6)
[5.019s][info ][gc,heap        ] GC(1741) ParNew: 19146K->1969K(19648K)
[5.019s][info ][gc,heap        ] GC(1741) CMS: 1956K->2737K(43712K)
[5.019s][info ][gc,metaspace   ] GC(1741) Metaspace: 5340K->5340K(1056768K)
[5.019s][info ][gc             ] GC(1741) Pause Young (Allocation Failure) 20M->4M(61M) 0.939ms
[5.019s][info ][gc,cpu         ] GC(1741) User=0.01s Sys=0.00s Real=0.00s
[5.021s][info ][gc,start       ] GC(1742) Pause Young (Allocation Failure)
[5.021s][info ][gc,task        ] GC(1742) Using 8 workers of 8 for evacuation
[5.022s][debug][gc,age         ] GC(1742) Desired survivor size 1114112 bytes, new threshold 1 (max threshold 6)
[5.022s][info ][gc,heap        ] GC(1742) ParNew: 19138K->1967K(19648K)
[5.022s][info ][gc,heap        ] GC(1742) CMS: 2737K->3128K(43712K)
[5.022s][info ][gc,metaspace   ] GC(1742) Metaspace: 5340K->5340K(1056768K)
[5.022s][info ][gc             ] GC(1742) Pause Young (Allocation Failure) 21M->4M(61M) 1.066ms
[5.022s][info ][gc,cpu         ] GC(1742) User=0.00s Sys=0.00s Real=0.00s
[5.023s][info ][gc,start       ] GC(1743) Pause Young (Allocation Failure)
[5.023s][info ][gc,task        ] GC(1743) Using 8 workers of 8 for evacuation
[5.024s][debug][gc,age         ] GC(1743) Desired survivor size 1114112 bytes, new threshold 1 (max threshold 6)
[5.024s][info ][gc,heap        ] GC(1743) ParNew: 19126K->1969K(19648K)
[5.024s][info ][gc,heap        ] GC(1743) CMS: 3128K->3128K(43712K)
[5.024s][info ][gc,metaspace   ] GC(1743) Metaspace: 5340K->5340K(1056768K)
[5.024s][info ][gc             ] GC(1743) Pause Young (Allocation Failure) 21M->4M(61M) 0.937ms
[5.024s][info ][gc,cpu         ] GC(1743) User=0.00s Sys=0.00s Real=0.01s
[5.025s][info ][gc,start       ] GC(1744) Pause Young (Allocation Failure)
[5.025s][info ][gc,task        ] GC(1744) Using 8 workers of 8 for evacuation
[5.027s][debug][gc,age         ] GC(1744) Desired survivor size 1114112 bytes, new threshold 1 (max threshold 6)
[5.027s][info ][gc,heap        ] GC(1744) ParNew: 19121K->1963K(19648K)
[5.027s][info ][gc,heap        ] GC(1744) CMS: 3128K->3128K(43712K)
[5.027s][info ][gc,metaspace   ] GC(1744) Metaspace: 5340K->5340K(1056768K)
[5.027s][info ][gc             ] GC(1744) Pause Young (Allocation Failure) 21M->4M(61M) 1.973ms
[5.027s][info ][gc,cpu         ] GC(1744) User=0.01s Sys=0.01s Real=0.00s
[5.029s][info ][gc,start       ] GC(1745) Pause Young (Allocation Failure)
[5.029s][info ][gc,task        ] GC(1745) Using 8 workers of 8 for evacuation
[5.030s][debug][gc,age         ] GC(1745) Desired survivor size 1114112 bytes, new threshold 1 (max threshold 6)
[5.030s][info ][gc,heap        ] GC(1745) ParNew: 19435K->1957K(19648K)
[5.030s][info ][gc,heap        ] GC(1745) CMS: 3128K->3909K(43712K)
[5.030s][info ][gc,metaspace   ] GC(1745) Metaspace: 5340K->5340K(1056768K)
[5.030s][info ][gc             ] GC(1745) Pause Young (Allocation Failure) 22M->5M(61M) 1.388ms
[5.030s][info ][gc,cpu         ] GC(1745) User=0.00s Sys=0.00s Real=0.00s
[5.032s][info ][gc,start       ] GC(1746) Pause Young (Allocation Failure)
[5.032s][info ][gc,task        ] GC(1746) Using 8 workers of 8 for evacuation
[5.033s][debug][gc,age         ] GC(1746) Desired survivor size 1114112 bytes, new threshold 1 (max threshold 6)
[5.033s][info ][gc,heap        ] GC(1746) ParNew: 19398K->1175K(19648K)
[5.033s][info ][gc,heap        ] GC(1746) CMS: 3909K->4691K(43712K)
[5.033s][info ][gc,metaspace   ] GC(1746) Metaspace: 5340K->5340K(1056768K)
[5.033s][info ][gc             ] GC(1746) Pause Young (Allocation Failure) 22M->5M(61M) 1.483ms
[5.033s][info ][gc,cpu         ] GC(1746) User=0.00s Sys=0.00s Real=0.01s
[5.036s][info ][gc,start       ] GC(1747) Pause Young (Allocation Failure)
[5.037s][info ][gc,task        ] GC(1747) Using 8 workers of 8 for evacuation
[5.038s][debug][gc,age         ] GC(1747) Desired survivor size 1114112 bytes, new threshold 1 (max threshold 6)
[5.038s][info ][gc,heap        ] GC(1747) ParNew: 18647K->1967K(19648K)
[5.038s][info ][gc,heap        ] GC(1747) CMS: 4691K->4692K(43712K)
[5.038s][info ][gc,metaspace   ] GC(1747) Metaspace: 5340K->5340K(1056768K)
[5.038s][info ][gc             ] GC(1747) Pause Young (Allocation Failure) 22M->6M(61M) 1.280ms
[5.038s][info ][gc,cpu         ] GC(1747) User=0.00s Sys=0.00s Real=0.00s
[5.040s][info ][gc,start       ] GC(1748) Pause Young (Allocation Failure)
[5.040s][info ][gc,task        ] GC(1748) Using 8 workers of 8 for evacuation
[5.041s][debug][gc,age         ] GC(1748) Desired survivor size 1114112 bytes, new threshold 1 (max threshold 6)
[5.041s][info ][gc,heap        ] GC(1748) ParNew: 19371K->1179K(19648K)
[5.041s][info ][gc,heap        ] GC(1748) CMS: 4692K->5474K(43712K)
[5.041s][info ][gc,metaspace   ] GC(1748) Metaspace: 5340K->5340K(1056768K)
[5.041s][info ][gc             ] GC(1748) Pause Young (Allocation Failure) 23M->6M(61M) 1.171ms
[5.041s][info ][gc,cpu         ] GC(1748) User=0.00s Sys=0.00s Real=0.00s
[5.042s][info ][gc,start       ] GC(1749) Pause Young (Allocation Failure)
[5.042s][info ][gc,task        ] GC(1749) Using 8 workers of 8 for evacuation
[5.043s][debug][gc,age         ] GC(1749) Desired survivor size 1114112 bytes, new threshold 1 (max threshold 6)
[5.043s][info ][gc,heap        ] GC(1749) ParNew: 18437K->1574K(19648K)
[5.043s][info ][gc,heap        ] GC(1749) CMS: 5474K->5865K(43712K)
[5.043s][info ][gc,metaspace   ] GC(1749) Metaspace: 5340K->5340K(1056768K)
[5.043s][info ][gc             ] GC(1749) Pause Young (Allocation Failure) 23M->7M(61M) 0.614ms
[5.043s][info ][gc,cpu         ] GC(1749) User=0.00s Sys=0.00s Real=0.00s
[5.044s][info ][gc,start       ] GC(1750) Pause Young (Allocation Failure)
[5.044s][info ][gc,task        ] GC(1750) Using 8 workers of 8 for evacuation
[5.045s][debug][gc,age         ] GC(1750) Desired survivor size 1114112 bytes, new threshold 1 (max threshold 6)
[5.045s][info ][gc,heap        ] GC(1750) ParNew: 18664K->1959K(19648K)
[5.045s][info ][gc,heap        ] GC(1750) CMS: 5865K->6256K(43712K)
[5.045s][info ][gc,metaspace   ] GC(1750) Metaspace: 5340K->5340K(1056768K)
[5.045s][info ][gc             ] GC(1750) Pause Young (Allocation Failure) 23M->8M(61M) 1.253ms
[5.046s][info ][gc,cpu         ] GC(1750) User=0.00s Sys=0.00s Real=0.00s
[5.047s][info ][gc,start       ] GC(1751) Pause Young (Allocation Failure)
[5.047s][info ][gc,task        ] GC(1751) Using 8 workers of 8 for evacuation
[5.049s][debug][gc,age         ] GC(1751) Desired survivor size 1114112 bytes, new threshold 1 (max threshold 6)
[5.049s][info ][gc,heap        ] GC(1751) ParNew: 19082K->1177K(19648K)
[5.049s][info ][gc,heap        ] GC(1751) CMS: 6256K->7038K(43712K)
[5.049s][info ][gc,metaspace   ] GC(1751) Metaspace: 5340K->5340K(1056768K)
[5.049s][info ][gc             ] GC(1751) Pause Young (Allocation Failure) 24M->8M(61M) 1.556ms
[5.049s][info ][gc,cpu         ] GC(1751) User=0.00s Sys=0.00s Real=0.00s
[5.050s][info ][gc,start       ] GC(1752) Pause Young (Allocation Failure)
[5.050s][info ][gc,task        ] GC(1752) Using 8 workers of 8 for evacuation
[5.052s][debug][gc,age         ] GC(1752) Desired survivor size 1114112 bytes, new threshold 1 (max threshold 6)
[5.052s][info ][gc,heap        ] GC(1752) ParNew: 18301K->1963K(19648K)
[5.052s][info ][gc,heap        ] GC(1752) CMS: 7038K->7820K(43712K)
[5.052s][info ][gc,metaspace   ] GC(1752) Metaspace: 5340K->5340K(1056768K)
[5.052s][info ][gc             ] GC(1752) Pause Young (Allocation Failure) 24M->9M(61M) 1.659ms
[5.052s][info ][gc,cpu         ] GC(1752) User=0.00s Sys=0.00s Real=0.00s
[5.054s][info ][gc,start       ] GC(1753) Pause Young (Allocation Failure)
[5.054s][info ][gc,task        ] GC(1753) Using 8 workers of 8 for evacuation
[5.055s][debug][gc,age         ] GC(1753) Desired survivor size 1114112 bytes, new threshold 1 (max threshold 6)
[5.055s][info ][gc,heap        ] GC(1753) ParNew: 19146K->1963K(19648K)
[5.055s][info ][gc,heap        ] GC(1753) CMS: 7820K->8602K(43712K)
[5.055s][info ][gc,metaspace   ] GC(1753) Metaspace: 5340K->5340K(1056768K)
[5.055s][info ][gc             ] GC(1753) Pause Young (Allocation Failure) 26M->10M(61M) 1.507ms
[5.055s][info ][gc,cpu         ] GC(1753) User=0.01s Sys=0.00s Real=0.00s
[5.057s][info ][gc,start       ] GC(1754) Pause Young (Allocation Failure)
[5.057s][info ][gc,task        ] GC(1754) Using 8 workers of 8 for evacuation
[5.058s][debug][gc,age         ] GC(1754) Desired survivor size 1114112 bytes, new threshold 1 (max threshold 6)
[5.058s][info ][gc,heap        ] GC(1754) ParNew: 19137K->1967K(19648K)
[5.058s][info ][gc,heap        ] GC(1754) CMS: 8602K->9384K(43712K)
[5.058s][info ][gc,metaspace   ] GC(1754) Metaspace: 5340K->5340K(1056768K)
[5.058s][info ][gc             ] GC(1754) Pause Young (Allocation Failure) 27M->11M(61M) 1.008ms
[5.058s][info ][gc,cpu         ] GC(1754) User=0.01s Sys=0.00s Real=0.00s
[5.060s][info ][gc,start       ] GC(1755) Pause Young (Allocation Failure)
[5.060s][info ][gc,task        ] GC(1755) Using 8 workers of 8 for evacuation
[5.061s][debug][gc,age         ] GC(1755) Desired survivor size 1114112 bytes, new threshold 1 (max threshold 6)
[5.061s][info ][gc,heap        ] GC(1755) ParNew: 19185K->1961K(19648K)
[5.061s][info ][gc,heap        ] GC(1755) CMS: 9384K->10947K(43712K)
[5.061s][info ][gc,metaspace   ] GC(1755) Metaspace: 5340K->5340K(1056768K)
[5.061s][info ][gc             ] GC(1755) Pause Young (Allocation Failure) 27M->12M(61M) 1.253ms
[5.061s][info ][gc,cpu         ] GC(1755) User=0.00s Sys=0.00s Real=0.00s
[5.062s][info ][gc,start       ] GC(1756) Pause Young (Allocation Failure)
[5.062s][info ][gc,task        ] GC(1756) Using 8 workers of 8 for evacuation
[5.064s][debug][gc,age         ] GC(1756) Desired survivor size 1114112 bytes, new threshold 1 (max threshold 6)
[5.064s][info ][gc,heap        ] GC(1756) ParNew: 19151K->1959K(19648K)
[5.064s][info ][gc,heap        ] GC(1756) CMS: 10947K->11337K(43712K)
[5.064s][info ][gc,metaspace   ] GC(1756) Metaspace: 5340K->5340K(1056768K)
[5.064s][info ][gc             ] GC(1756) Pause Young (Allocation Failure) 29M->12M(61M) 1.275ms
[5.064s][info ][gc,cpu         ] GC(1756) User=0.00s Sys=0.00s Real=0.01s
[5.065s][info ][gc,start       ] GC(1757) Pause Young (Allocation Failure)
[5.065s][info ][gc,task        ] GC(1757) Using 8 workers of 8 for evacuation
[5.066s][debug][gc,age         ] GC(1757) Desired survivor size 1114112 bytes, new threshold 1 (max threshold 6)
[5.067s][info ][gc,heap        ] GC(1757) ParNew: 19132K->1961K(19648K)
[5.067s][info ][gc,heap        ] GC(1757) CMS: 11337K->11728K(43712K)
[5.067s][info ][gc,metaspace   ] GC(1757) Metaspace: 5340K->5340K(1056768K)
[5.067s][info ][gc             ] GC(1757) Pause Young (Allocation Failure) 29M->13M(61M) 1.217ms
[5.067s][info ][gc,cpu         ] GC(1757) User=0.00s Sys=0.00s Real=0.00s
[5.068s][info ][gc,start       ] GC(1758) Pause Young (Allocation Failure)
[5.068s][info ][gc,task        ] GC(1758) Using 8 workers of 8 for evacuation
[5.069s][debug][gc,age         ] GC(1758) Desired survivor size 1114112 bytes, new threshold 1 (max threshold 6)
[5.069s][info ][gc,heap        ] GC(1758) ParNew: 19122K->1963K(19648K)
[5.069s][info ][gc,heap        ] GC(1758) CMS: 11728K->12119K(43712K)
[5.069s][info ][gc,metaspace   ] GC(1758) Metaspace: 5340K->5340K(1056768K)
[5.069s][info ][gc             ] GC(1758) Pause Young (Allocation Failure) 30M->13M(61M) 0.999ms
[5.069s][info ][gc,cpu         ] GC(1758) User=0.00s Sys=0.00s Real=0.00s
[5.070s][info ][gc,start       ] GC(1759) Pause Young (Allocation Failure)
[5.070s][info ][gc,task        ] GC(1759) Using 8 workers of 8 for evacuation
[5.072s][debug][gc,age         ] GC(1759) Desired survivor size 1114112 bytes, new threshold 1 (max threshold 6)
[5.072s][info ][gc,heap        ] GC(1759) ParNew: 19117K->1965K(19648K)
[5.072s][info ][gc,heap        ] GC(1759) CMS: 12119K->12510K(43712K)
[5.072s][info ][gc,metaspace   ] GC(1759) Metaspace: 5340K->5340K(1056768K)
[5.072s][info ][gc             ] GC(1759) Pause Young (Allocation Failure) 30M->14M(61M) 1.319ms
[5.072s][info ][gc,cpu         ] GC(1759) User=0.01s Sys=0.00s Real=0.00s
[5.074s][info ][gc,start       ] GC(1760) Pause Young (Allocation Failure)
[5.074s][info ][gc,task        ] GC(1760) Using 8 workers of 8 for evacuation
[5.075s][debug][gc,age         ] GC(1760) Desired survivor size 1114112 bytes, new threshold 1 (max threshold 6)
[5.075s][info ][gc,heap        ] GC(1760) ParNew: 19114K->1961K(19648K)
[5.075s][info ][gc,heap        ] GC(1760) CMS: 12510K->13291K(43712K)
[5.075s][info ][gc,metaspace   ] GC(1760) Metaspace: 5340K->5340K(1056768K)
[5.075s][info ][gc             ] GC(1760) Pause Young (Allocation Failure) 30M->14M(61M) 1.551ms
[5.075s][info ][gc,cpu         ] GC(1760) User=0.01s Sys=0.00s Real=0.00s
[5.077s][info ][gc,start       ] GC(1761) Pause Young (Allocation Failure)
[5.077s][info ][gc,task        ] GC(1761) Using 8 workers of 8 for evacuation
[5.078s][debug][gc,age         ] GC(1761) Desired survivor size 1114112 bytes, new threshold 1 (max threshold 6)
[5.078s][info ][gc,heap        ] GC(1761) ParNew: 19052K->1957K(19648K)
[5.078s][info ][gc,heap        ] GC(1761) CMS: 13291K->13291K(43712K)
[5.078s][info ][gc,metaspace   ] GC(1761) Metaspace: 5340K->5340K(1056768K)
[5.078s][info ][gc             ] GC(1761) Pause Young (Allocation Failure) 31M->14M(61M) 1.346ms
[5.078s][info ][gc,cpu         ] GC(1761) User=0.00s Sys=0.00s Real=0.00s
[5.080s][info ][gc,start       ] GC(1762) Pause Young (Allocation Failure)
[5.080s][info ][gc,task        ] GC(1762) Using 8 workers of 8 for evacuation
[5.081s][debug][gc,age         ] GC(1762) Desired survivor size 1114112 bytes, new threshold 1 (max threshold 6)
[5.081s][info ][gc,heap        ] GC(1762) ParNew: 19081K->1957K(19648K)
[5.081s][info ][gc,heap        ] GC(1762) CMS: 13291K->14464K(43712K)
[5.081s][info ][gc,metaspace   ] GC(1762) Metaspace: 5340K->5340K(1056768K)
[5.081s][info ][gc             ] GC(1762) Pause Young (Allocation Failure) 31M->16M(61M) 1.443ms
[5.081s][info ][gc,cpu         ] GC(1762) User=0.00s Sys=0.00s Real=0.00s
[5.082s][info ][gc,start       ] GC(1763) Pause Young (Allocation Failure)
[5.084s][info ][gc,task        ] GC(1763) Using 8 workers of 8 for evacuation
[5.085s][debug][gc,age         ] GC(1763) Desired survivor size 1114112 bytes, new threshold 1 (max threshold 6)
[5.085s][info ][gc,heap        ] GC(1763) ParNew: 19126K->1963K(19648K)
[5.085s][info ][gc,heap        ] GC(1763) CMS: 14464K->14855K(43712K)
[5.085s][info ][gc,metaspace   ] GC(1763) Metaspace: 5340K->5340K(1056768K)
[5.085s][info ][gc             ] GC(1763) Pause Young (Allocation Failure) 32M->16M(61M) 2.354ms
[5.085s][info ][gc,cpu         ] GC(1763) User=0.00s Sys=0.00s Real=0.01s
[5.086s][info ][gc,start       ] GC(1764) Pause Young (Allocation Failure)
[5.086s][info ][gc,task        ] GC(1764) Using 8 workers of 8 for evacuation
[5.087s][debug][gc,age         ] GC(1764) Desired survivor size 1114112 bytes, new threshold 1 (max threshold 6)
[5.087s][info ][gc,heap        ] GC(1764) ParNew: 19417K->1578K(19648K)
[5.087s][info ][gc,heap        ] GC(1764) CMS: 14855K->15246K(43712K)
[5.087s][info ][gc,metaspace   ] GC(1764) Metaspace: 5340K->5340K(1056768K)
[5.087s][info ][gc             ] GC(1764) Pause Young (Allocation Failure) 33M->16M(61M) 0.587ms
[5.087s][info ][gc,cpu         ] GC(1764) User=0.00s Sys=0.00s Real=0.00s
[5.088s][info ][gc,start       ] GC(1765) Pause Young (Allocation Failure)
[5.088s][info ][gc,task        ] GC(1765) Using 8 workers of 8 for evacuation
[5.089s][debug][gc,age         ] GC(1765) Desired survivor size 1114112 bytes, new threshold 1 (max threshold 6)
[5.089s][info ][gc,heap        ] GC(1765) ParNew: 18765K->1963K(19648K)
[5.089s][info ][gc,heap        ] GC(1765) CMS: 15246K->16028K(43712K)
[5.089s][info ][gc,metaspace   ] GC(1765) Metaspace: 5340K->5340K(1056768K)
[5.089s][info ][gc             ] GC(1765) Pause Young (Allocation Failure) 33M->17M(61M) 1.288ms
[5.089s][info ][gc,cpu         ] GC(1765) User=0.00s Sys=0.00s Real=0.00s
[5.091s][info ][gc,start       ] GC(1766) Pause Young (Allocation Failure)
[5.091s][info ][gc,task        ] GC(1766) Using 8 workers of 8 for evacuation
[5.092s][debug][gc,age         ] GC(1766) Desired survivor size 1114112 bytes, new threshold 1 (max threshold 6)
[5.092s][info ][gc,heap        ] GC(1766) ParNew: 19133K->1963K(19648K)
[5.092s][info ][gc,heap        ] GC(1766) CMS: 16028K->16809K(43712K)
[5.092s][info ][gc,metaspace   ] GC(1766) Metaspace: 5340K->5340K(1056768K)
[5.092s][info ][gc             ] GC(1766) Pause Young (Allocation Failure) 34M->18M(61M) 1.231ms
[5.092s][info ][gc,cpu         ] GC(1766) User=0.00s Sys=0.00s Real=0.00s
[5.093s][info ][gc,start       ] GC(1767) Pause Young (Allocation Failure)
[5.094s][info ][gc,task        ] GC(1767) Using 8 workers of 8 for evacuation
[5.095s][debug][gc,age         ] GC(1767) Desired survivor size 1114112 bytes, new threshold 1 (max threshold 6)
[5.095s][info ][gc,heap        ] GC(1767) ParNew: 19122K->1963K(19648K)
[5.095s][info ][gc,heap        ] GC(1767) CMS: 16809K->17200K(43712K)
[5.095s][info ][gc,metaspace   ] GC(1767) Metaspace: 5340K->5340K(1056768K)
[5.095s][info ][gc             ] GC(1767) Pause Young (Allocation Failure) 35M->18M(61M) 1.144ms
[5.095s][info ][gc,cpu         ] GC(1767) User=0.01s Sys=0.00s Real=0.00s
[5.096s][info ][gc,start       ] GC(1768) Pause Young (Allocation Failure)
[5.096s][info ][gc,task        ] GC(1768) Using 8 workers of 8 for evacuation
[5.098s][debug][gc,age         ] GC(1768) Desired survivor size 1114112 bytes, new threshold 1 (max threshold 6)
[5.098s][info ][gc,heap        ] GC(1768) ParNew: 19116K->1957K(19648K)
[5.098s][info ][gc,heap        ] GC(1768) CMS: 17200K->17590K(43712K)
[5.098s][info ][gc,metaspace   ] GC(1768) Metaspace: 5340K->5340K(1056768K)
[5.098s][info ][gc             ] GC(1768) Pause Young (Allocation Failure) 35M->19M(61M) 2.169ms
[5.098s][info ][gc,cpu         ] GC(1768) User=0.01s Sys=0.00s Real=0.00s
[5.100s][info ][gc,start       ] GC(1769) Pause Young (Allocation Failure)
[5.100s][info ][gc,task        ] GC(1769) Using 8 workers of 8 for evacuation
[5.101s][debug][gc,age         ] GC(1769) Desired survivor size 1114112 bytes, new threshold 1 (max threshold 6)
[5.101s][info ][gc,heap        ] GC(1769) ParNew: 19105K->1961K(19648K)
[5.101s][info ][gc,heap        ] GC(1769) CMS: 17590K->17981K(43712K)
[5.101s][info ][gc,metaspace   ] GC(1769) Metaspace: 5340K->5340K(1056768K)
[5.101s][info ][gc             ] GC(1769) Pause Young (Allocation Failure) 35M->19M(61M) 1.091ms
[5.101s][info ][gc,cpu         ] GC(1769) User=0.00s Sys=0.00s Real=0.00s
[5.102s][info ][gc,start       ] GC(1770) Pause Young (Allocation Failure)
[5.102s][info ][gc,task        ] GC(1770) Using 8 workers of 8 for evacuation
[5.103s][debug][gc,age         ] GC(1770) Desired survivor size 1114112 bytes, new threshold 1 (max threshold 6)
[5.103s][info ][gc,heap        ] GC(1770) ParNew: 19106K->1965K(19648K)
[5.103s][info ][gc,heap        ] GC(1770) CMS: 17981K->18372K(43712K)
[5.103s][info ][gc,metaspace   ] GC(1770) Metaspace: 5340K->5340K(1056768K)
[5.103s][info ][gc             ] GC(1770) Pause Young (Allocation Failure) 36M->19M(61M) 0.778ms
[5.103s][info ][gc,cpu         ] GC(1770) User=0.00s Sys=0.00s Real=0.00s
[5.104s][info ][gc,start       ] GC(1771) Pause Young (Allocation Failure)
[5.104s][info ][gc,task        ] GC(1771) Using 8 workers of 8 for evacuation
[5.105s][debug][gc,age         ] GC(1771) Desired survivor size 1114112 bytes, new threshold 1 (max threshold 6)
[5.105s][info ][gc,heap        ] GC(1771) ParNew: 19109K->1967K(19648K)
[5.105s][info ][gc,heap        ] GC(1771) CMS: 18372K->18763K(43712K)
[5.105s][info ][gc,metaspace   ] GC(1771) Metaspace: 5340K->5340K(1056768K)
[5.105s][info ][gc             ] GC(1771) Pause Young (Allocation Failure) 36M->20M(61M) 0.580ms
[5.105s][info ][gc,cpu         ] GC(1771) User=0.00s Sys=0.00s Real=0.00s
[5.107s][info ][gc,start       ] GC(1772) Pause Young (Allocation Failure)
[5.107s][info ][gc,task        ] GC(1772) Using 8 workers of 8 for evacuation
[5.108s][debug][gc,age         ] GC(1772) Desired survivor size 1114112 bytes, new threshold 6 (max threshold 6)
[5.108s][info ][gc,heap        ] GC(1772) ParNew: 19340K->789K(19648K)
[5.108s][info ][gc,heap        ] GC(1772) CMS: 18763K->19936K(43712K)
[5.108s][info ][gc,metaspace   ] GC(1772) Metaspace: 5340K->5340K(1056768K)
[5.108s][info ][gc             ] GC(1772) Pause Young (Allocation Failure) 37M->20M(61M) 1.216ms
[5.108s][info ][gc,cpu         ] GC(1772) User=0.00s Sys=0.00s Real=0.00s
[5.109s][info ][gc,start       ] GC(1773) Pause Young (Allocation Failure)
[5.109s][info ][gc,task        ] GC(1773) Using 8 workers of 8 for evacuation
[5.111s][debug][gc,age         ] GC(1773) Desired survivor size 1114112 bytes, new threshold 1 (max threshold 6)
[5.111s][info ][gc,heap        ] GC(1773) ParNew: 17988K->1959K(19648K)
[5.111s][info ][gc,heap        ] GC(1773) CMS: 19936K->20717K(43712K)
[5.111s][info ][gc,metaspace   ] GC(1773) Metaspace: 5340K->5340K(1056768K)
[5.111s][info ][gc             ] GC(1773) Pause Young (Allocation Failure) 37M->22M(61M) 1.405ms
[5.111s][info ][gc,cpu         ] GC(1773) User=0.00s Sys=0.00s Real=0.00s
[5.112s][info ][gc,start       ] GC(1774) Pause Young (Allocation Failure)
[5.112s][info ][gc,task        ] GC(1774) Using 8 workers of 8 for evacuation
[5.113s][debug][gc,age         ] GC(1774) Desired survivor size 1114112 bytes, new threshold 1 (max threshold 6)
[5.113s][info ][gc,heap        ] GC(1774) ParNew: 19137K->1965K(19648K)
[5.113s][info ][gc,heap        ] GC(1774) CMS: 20717K->21498K(43712K)
[5.113s][info ][gc,metaspace   ] GC(1774) Metaspace: 5340K->5340K(1056768K)
[5.113s][info ][gc             ] GC(1774) Pause Young (Allocation Failure) 38M->22M(61M) 0.744ms
[5.113s][info ][gc,cpu         ] GC(1774) User=0.00s Sys=0.00s Real=0.00s
[5.114s][info ][gc,start       ] GC(1775) Pause Young (Allocation Failure)
[5.114s][info ][gc,task        ] GC(1775) Using 8 workers of 8 for evacuation
[5.115s][debug][gc,age         ] GC(1775) Desired survivor size 1114112 bytes, new threshold 1 (max threshold 6)
[5.115s][info ][gc,heap        ] GC(1775) ParNew: 19130K->1965K(19648K)
[5.116s][info ][gc,heap        ] GC(1775) CMS: 21498K->22670K(43712K)
[5.116s][info ][gc,metaspace   ] GC(1775) Metaspace: 5340K->5340K(1056768K)
[5.116s][info ][gc             ] GC(1775) Pause Young (Allocation Failure) 39M->24M(61M) 1.358ms
[5.116s][info ][gc,cpu         ] GC(1775) User=0.01s Sys=0.00s Real=0.00s
[5.117s][info ][gc,start       ] GC(1776) Pause Young (Allocation Failure)
[5.117s][info ][gc,task        ] GC(1776) Using 8 workers of 8 for evacuation
[5.118s][debug][gc,age         ] GC(1776) Desired survivor size 1114112 bytes, new threshold 1 (max threshold 6)
[5.118s][info ][gc,heap        ] GC(1776) ParNew: 19121K->1959K(19648K)
[5.118s][info ][gc,heap        ] GC(1776) CMS: 22670K->23452K(43712K)
[5.118s][info ][gc,metaspace   ] GC(1776) Metaspace: 5340K->5340K(1056768K)
[5.118s][info ][gc             ] GC(1776) Pause Young (Allocation Failure) 40M->24M(61M) 1.356ms
[5.118s][info ][gc,cpu         ] GC(1776) User=0.01s Sys=0.00s Real=0.00s
[5.120s][info ][gc,start       ] GC(1777) Pause Young (Allocation Failure)
[5.120s][info ][gc,task        ] GC(1777) Using 8 workers of 8 for evacuation
[5.121s][debug][gc,age         ] GC(1777) Desired survivor size 1114112 bytes, new threshold 1 (max threshold 6)
[5.121s][info ][gc,heap        ] GC(1777) ParNew: 19419K->1965K(19648K)
[5.121s][info ][gc,heap        ] GC(1777) CMS: 23452K->23843K(43712K)
[5.121s][info ][gc,metaspace   ] GC(1777) Metaspace: 5340K->5340K(1056768K)
[5.121s][info ][gc             ] GC(1777) Pause Young (Allocation Failure) 41M->25M(61M) 1.259ms
[5.121s][info ][gc,cpu         ] GC(1777) User=0.01s Sys=0.00s Real=0.00s
[5.124s][info ][gc,start       ] GC(1778) Pause Young (Allocation Failure)
[5.124s][info ][gc,task        ] GC(1778) Using 8 workers of 8 for evacuation
[5.127s][debug][gc,age         ] GC(1778) Desired survivor size 1114112 bytes, new threshold 6 (max threshold 6)
[5.127s][info ][gc,heap        ] GC(1778) ParNew: 19305K->785K(19648K)
[5.127s][info ][gc,heap        ] GC(1778) CMS: 23843K->25016K(43712K)
[5.127s][info ][gc,metaspace   ] GC(1778) Metaspace: 5340K->5340K(1056768K)
[5.127s][info ][gc             ] GC(1778) Pause Young (Allocation Failure) 42M->25M(61M) 3.645ms
[5.127s][info ][gc,cpu         ] GC(1778) User=0.01s Sys=0.01s Real=0.00s
[5.129s][info ][gc,start       ] GC(1779) Pause Young (Allocation Failure)
[5.129s][info ][gc,task        ] GC(1779) Using 8 workers of 8 for evacuation
[5.130s][debug][gc,age         ] GC(1779) Desired survivor size 1114112 bytes, new threshold 1 (max threshold 6)
[5.130s][info ][gc,heap        ] GC(1779) ParNew: 17938K->1568K(19648K)
[5.130s][info ][gc,heap        ] GC(1779) CMS: 25016K->25016K(43712K)
[5.130s][info ][gc,metaspace   ] GC(1779) Metaspace: 5340K->5340K(1056768K)
[5.130s][info ][gc             ] GC(1779) Pause Young (Allocation Failure) 41M->25M(61M) 1.145ms
[5.130s][info ][gc,cpu         ] GC(1779) User=0.00s Sys=0.00s Real=0.00s
[5.133s][info ][gc,start       ] GC(1780) Pause Young (Allocation Failure)
[5.133s][info ][gc,task        ] GC(1780) Using 8 workers of 8 for evacuation
[5.133s][debug][gc,age         ] GC(1780) Desired survivor size 1114112 bytes, new threshold 1 (max threshold 6)
[5.133s][info ][gc,heap        ] GC(1780) ParNew: 18765K->1969K(19648K)
[5.133s][info ][gc,heap        ] GC(1780) CMS: 25016K->25798K(43712K)
[5.133s][info ][gc,metaspace   ] GC(1780) Metaspace: 5340K->5340K(1056768K)
[5.133s][info ][gc             ] GC(1780) Pause Young (Allocation Failure) 42M->27M(61M) 0.676ms
[5.133s][info ][gc,cpu         ] GC(1780) User=0.00s Sys=0.00s Real=0.01s
[5.135s][info ][gc,start       ] GC(1781) Pause Young (Allocation Failure)
[5.135s][info ][gc,task        ] GC(1781) Using 8 workers of 8 for evacuation
[5.136s][debug][gc,age         ] GC(1781) Desired survivor size 1114112 bytes, new threshold 1 (max threshold 6)
[5.136s][info ][gc,heap        ] GC(1781) ParNew: 19188K->1969K(19648K)
[5.136s][info ][gc,heap        ] GC(1781) CMS: 25798K->25798K(43712K)
[5.136s][info ][gc,metaspace   ] GC(1781) Metaspace: 5340K->5340K(1056768K)
[5.136s][info ][gc             ] GC(1781) Pause Young (Allocation Failure) 43M->27M(61M) 0.890ms
[5.136s][info ][gc,cpu         ] GC(1781) User=0.00s Sys=0.00s Real=0.00s
[5.137s][info ][gc,start       ] GC(1782) Pause Young (Allocation Failure)
[5.137s][info ][gc,task        ] GC(1782) Using 8 workers of 8 for evacuation
[5.138s][debug][gc,age         ] GC(1782) Desired survivor size 1114112 bytes, new threshold 1 (max threshold 6)
[5.138s][info ][gc,heap        ] GC(1782) ParNew: 19160K->1967K(19648K)
[5.138s][info ][gc,heap        ] GC(1782) CMS: 25798K->26579K(43712K)
[5.138s][info ][gc,metaspace   ] GC(1782) Metaspace: 5340K->5340K(1056768K)
[5.138s][info ][gc             ] GC(1782) Pause Young (Allocation Failure) 43M->27M(61M) 1.176ms
[5.138s][info ][gc,cpu         ] GC(1782) User=0.01s Sys=0.00s Real=0.00s
[5.140s][info ][gc,start       ] GC(1783) Pause Young (Allocation Failure)
[5.140s][info ][gc,task        ] GC(1783) Using 8 workers of 8 for evacuation
[5.141s][debug][gc,age         ] GC(1783) Desired survivor size 1114112 bytes, new threshold 1 (max threshold 6)
[5.141s][info ][gc,heap        ] GC(1783) ParNew: 19140K->1969K(19648K)
[5.141s][info ][gc,heap        ] GC(1783) CMS: 26579K->27751K(43712K)
[5.141s][info ][gc,metaspace   ] GC(1783) Metaspace: 5340K->5340K(1056768K)
[5.141s][info ][gc             ] GC(1783) Pause Young (Allocation Failure) 44M->29M(61M) 1.107ms
[5.141s][info ][gc,cpu         ] GC(1783) User=0.01s Sys=0.00s Real=0.00s
[5.142s][info ][gc,start       ] GC(1784) Pause Young (Allocation Failure)
[5.142s][info ][gc,task        ] GC(1784) Using 8 workers of 8 for evacuation
[5.143s][debug][gc,age         ] GC(1784) Desired survivor size 1114112 bytes, new threshold 1 (max threshold 6)
[5.143s][info ][gc,heap        ] GC(1784) ParNew: 19130K->1967K(19648K)
[5.143s][info ][gc,heap        ] GC(1784) CMS: 27751K->28532K(43712K)
[5.143s][info ][gc,metaspace   ] GC(1784) Metaspace: 5340K->5340K(1056768K)
[5.143s][info ][gc             ] GC(1784) Pause Young (Allocation Failure) 45M->29M(61M) 0.647ms
[5.143s][info ][gc,cpu         ] GC(1784) User=0.00s Sys=0.00s Real=0.00s
[5.144s][info ][gc,start       ] GC(1785) Pause Young (Allocation Failure)
[5.144s][info ][gc,task        ] GC(1785) Using 8 workers of 8 for evacuation
[5.145s][debug][gc,age         ] GC(1785) Desired survivor size 1114112 bytes, new threshold 1 (max threshold 6)
[5.145s][info ][gc,heap        ] GC(1785) ParNew: 19121K->1965K(19648K)
[5.145s][info ][gc,heap        ] GC(1785) CMS: 28532K->29314K(43712K)
[5.145s][info ][gc,metaspace   ] GC(1785) Metaspace: 5340K->5340K(1056768K)
[5.145s][info ][gc             ] GC(1785) Pause Young (Allocation Failure) 46M->30M(61M) 1.053ms
[5.145s][info ][gc,cpu         ] GC(1785) User=0.00s Sys=0.00s Real=0.00s
[5.147s][info ][gc,start       ] GC(1786) Pause Young (Allocation Failure)
[5.147s][info ][gc,task        ] GC(1786) Using 8 workers of 8 for evacuation
[5.148s][debug][gc,age         ] GC(1786) Desired survivor size 1114112 bytes, new threshold 6 (max threshold 6)
[5.148s][info ][gc,heap        ] GC(1786) ParNew: 19114K->793K(19648K)
[5.148s][info ][gc,heap        ] GC(1786) CMS: 29314K->29704K(43712K)
[5.148s][info ][gc,metaspace   ] GC(1786) Metaspace: 5340K->5340K(1056768K)
[5.148s][info ][gc             ] GC(1786) Pause Young (Allocation Failure) 47M->29M(61M) 0.853ms
[5.148s][info ][gc,cpu         ] GC(1786) User=0.00s Sys=0.00s Real=0.00s
[5.149s][info ][gc,start       ] GC(1787) Pause Young (Allocation Failure)
[5.149s][info ][gc,task        ] GC(1787) Using 8 workers of 8 for evacuation
[5.150s][debug][gc,age         ] GC(1787) Desired survivor size 1114112 bytes, new threshold 1 (max threshold 6)
[5.150s][info ][gc,heap        ] GC(1787) ParNew: 17889K->1967K(19648K)
[5.150s][info ][gc,heap        ] GC(1787) CMS: 29704K->29704K(43712K)
[5.150s][info ][gc,metaspace   ] GC(1787) Metaspace: 5340K->5340K(1056768K)
[5.150s][info ][gc             ] GC(1787) Pause Young (Allocation Failure) 46M->30M(61M) 1.229ms
[5.150s][info ][gc,cpu         ] GC(1787) User=0.00s Sys=0.00s Real=0.00s
[5.152s][info ][gc,start       ] GC(1788) Pause Young (Allocation Failure)
[5.152s][info ][gc,task        ] GC(1788) Using 8 workers of 8 for evacuation
[5.153s][debug][gc,age         ] GC(1788) Desired survivor size 1114112 bytes, new threshold 1 (max threshold 6)
[5.153s][info ][gc,heap        ] GC(1788) ParNew: 19099K->1961K(19648K)
[5.153s][info ][gc,heap        ] GC(1788) CMS: 29704K->29705K(43712K)
[5.153s][info ][gc,metaspace   ] GC(1788) Metaspace: 5340K->5340K(1056768K)
[5.153s][info ][gc             ] GC(1788) Pause Young (Allocation Failure) 47M->30M(61M) 1.386ms
[5.153s][info ][gc,cpu         ] GC(1788) User=0.01s Sys=0.00s Real=0.01s
[5.155s][info ][gc,start       ] GC(1789) Pause Young (Allocation Failure)
[5.155s][info ][gc,task        ] GC(1789) Using 8 workers of 8 for evacuation
[5.156s][debug][gc,age         ] GC(1789) Desired survivor size 1114112 bytes, new threshold 1 (max threshold 6)
[5.156s][info ][gc,heap        ] GC(1789) ParNew: 19126K->1967K(19648K)
[5.156s][info ][gc,heap        ] GC(1789) CMS: 29705K->30486K(43712K)
[5.156s][info ][gc,metaspace   ] GC(1789) Metaspace: 5340K->5340K(1056768K)
[5.156s][info ][gc             ] GC(1789) Pause Young (Allocation Failure) 47M->31M(61M) 0.971ms
[5.156s][info ][gc,cpu         ] GC(1789) User=0.01s Sys=0.00s Real=0.00s
[5.157s][info ][gc,start       ] GC(1790) Pause Young (Allocation Failure)
[5.157s][info ][gc,task        ] GC(1790) Using 8 workers of 8 for evacuation
[5.158s][debug][gc,age         ] GC(1790) Desired survivor size 1114112 bytes, new threshold 1 (max threshold 6)
[5.158s][info ][gc,heap        ] GC(1790) ParNew: 19381K->1186K(19648K)
[5.158s][info ][gc,heap        ] GC(1790) CMS: 30486K->31268K(43712K)
[5.158s][info ][gc,metaspace   ] GC(1790) Metaspace: 5340K->5340K(1056768K)
[5.158s][info ][gc             ] GC(1790) Pause Young (Allocation Failure) 48M->31M(61M) 0.448ms
[5.158s][info ][gc,cpu         ] GC(1790) User=0.00s Sys=0.00s Real=0.00s
[5.159s][info ][gc,start       ] GC(1791) Pause Young (Allocation Failure)
[5.159s][info ][gc,task        ] GC(1791) Using 8 workers of 8 for evacuation
[5.161s][debug][gc,age         ] GC(1791) Desired survivor size 1114112 bytes, new threshold 1 (max threshold 6)
[5.161s][info ][gc,heap        ] GC(1791) ParNew: 18383K->1959K(19648K)
[5.161s][info ][gc,heap        ] GC(1791) CMS: 31268K->32831K(43712K)
[5.161s][info ][gc,metaspace   ] GC(1791) Metaspace: 5340K->5340K(1056768K)
[5.161s][info ][gc             ] GC(1791) Pause Young (Allocation Failure) 48M->33M(61M) 1.583ms
[5.161s][info ][gc,cpu         ] GC(1791) User=0.01s Sys=0.00s Real=0.00s
[5.161s][info ][gc,start       ] GC(1792) Pause Initial Mark
[5.161s][info ][gc             ] GC(1792) Pause Initial Mark 34M->34M(61M) 0.140ms
[5.161s][info ][gc,cpu         ] GC(1792) User=0.00s Sys=0.00s Real=0.00s
[5.161s][info ][gc             ] GC(1792) Concurrent Mark
[5.161s][info ][gc,task        ] GC(1792) Using 2 workers of 2 for marking
[5.163s][info ][gc,start       ] GC(1793) Pause Young (Allocation Failure)
[5.163s][info ][gc,task        ] GC(1793) Using 8 workers of 8 for evacuation
[5.164s][debug][gc,age         ] GC(1793) Desired survivor size 1114112 bytes, new threshold 1 (max threshold 6)
[5.164s][info ][gc,heap        ] GC(1793) ParNew: 19136K->1177K(19648K)
[5.164s][info ][gc,heap        ] GC(1793) CMS: 32831K->32831K(43712K)
[5.164s][info ][gc,metaspace   ] GC(1793) Metaspace: 5340K->5340K(1056768K)
[5.164s][info ][gc             ] GC(1793) Pause Young (Allocation Failure) 50M->33M(61M) 1.447ms
[5.164s][info ][gc,cpu         ] GC(1793) User=0.00s Sys=0.00s Real=0.01s
[5.165s][info ][gc             ] GC(1792) Concurrent Mark 4.273ms
[5.166s][info ][gc,cpu         ] GC(1792) User=0.02s Sys=0.00s Real=0.01s
[5.166s][info ][gc,start       ] GC(1794) Pause Young (Allocation Failure)
[5.166s][info ][gc,task        ] GC(1794) Using 8 workers of 8 for evacuation
[5.167s][debug][gc,age         ] GC(1794) Desired survivor size 1114112 bytes, new threshold 1 (max threshold 6)
[5.167s][info ][gc,heap        ] GC(1794) ParNew: 18645K->1570K(19648K)
[5.167s][info ][gc,heap        ] GC(1794) CMS: 32831K->32832K(43712K)
[5.167s][info ][gc,metaspace   ] GC(1794) Metaspace: 5340K->5340K(1056768K)
[5.167s][info ][gc             ] GC(1794) Pause Young (Allocation Failure) 50M->33M(61M) 1.357ms
[5.167s][info ][gc,cpu         ] GC(1794) User=0.00s Sys=0.01s Real=0.00s
[5.167s][info ][gc             ] GC(1792) Concurrent Preclean
[5.167s][info ][gc             ] GC(1792) Concurrent Preclean 0.097ms
[5.167s][info ][gc,cpu         ] GC(1792) User=0.00s Sys=0.00s Real=0.00s
[5.167s][info ][gc,start       ] GC(1792) Pause Remark
[5.168s][debug][gc,phases      ] GC(1792) Rescan (parallel) 1.055ms
[5.168s][debug][gc,phases      ] GC(1792) Reference Processing 0.011ms
[5.168s][debug][gc,phases      ] GC(1792) Weak Processing 0.003ms
[5.168s][debug][gc,phases      ] GC(1792) ClassLoaderData 0.009ms
[5.168s][debug][gc,phases      ] GC(1792) ProtectionDomainCacheTable 0.002ms
[5.168s][debug][gc,phases      ] GC(1792) ResolvedMethodTable 0.006ms
[5.169s][debug][gc,phases      ] GC(1792) Class Unloading 0.191ms
[5.169s][debug][gc,phases      ] GC(1792) Scrub Symbol Table 0.544ms
[5.169s][debug][gc,phases      ] GC(1792) Scrub String Table 0.022ms
[5.169s][info ][gc             ] GC(1792) Pause Remark 34M->34M(61M) 1.916ms
[5.169s][info ][gc,cpu         ] GC(1792) User=0.00s Sys=0.00s Real=0.00s
[5.169s][info ][gc             ] GC(1792) Concurrent Sweep
[5.170s][info ][gc             ] GC(1792) Concurrent Sweep 0.697ms
[5.170s][info ][gc,cpu         ] GC(1792) User=0.00s Sys=0.00s Real=0.00s
[5.170s][info ][gc             ] GC(1792) Concurrent Reset
[5.170s][info ][gc             ] GC(1792) Concurrent Reset 0.062ms
[5.170s][info ][gc,cpu         ] GC(1792) User=0.00s Sys=0.00s Real=0.00s
[5.170s][info ][gc,heap        ] GC(1792) Old: 32831K->2346K(43712K)
[5.171s][info ][gc,start       ] GC(1795) Pause Young (Allocation Failure)
[5.171s][info ][gc,task        ] GC(1795) Using 8 workers of 8 for evacuation
[5.172s][debug][gc,age         ] GC(1795) Desired survivor size 1114112 bytes, new threshold 6 (max threshold 6)
[5.172s][info ][gc,heap        ] GC(1795) ParNew: 19037K->787K(19648K)
[5.172s][info ][gc,heap        ] GC(1795) CMS: 2346K->2737K(43712K)
[5.172s][info ][gc,metaspace   ] GC(1795) Metaspace: 5340K->5340K(1056768K)
[5.172s][info ][gc             ] GC(1795) Pause Young (Allocation Failure) 20M->3M(61M) 1.125ms
[5.172s][info ][gc,cpu         ] GC(1795) User=0.00s Sys=0.00s Real=0.00s
[5.173s][info ][gc,start       ] GC(1796) Pause Young (Allocation Failure)
[5.173s][info ][gc,task        ] GC(1796) Using 8 workers of 8 for evacuation
[5.175s][debug][gc,age         ] GC(1796) Desired survivor size 1114112 bytes, new threshold 1 (max threshold 6)
[5.175s][info ][gc,heap        ] GC(1796) ParNew: 17911K->1959K(19648K)
[5.175s][info ][gc,heap        ] GC(1796) CMS: 2737K->3127K(43712K)
[5.175s][info ][gc,metaspace   ] GC(1796) Metaspace: 5340K->5340K(1056768K)
[5.175s][info ][gc             ] GC(1796) Pause Young (Allocation Failure) 20M->4M(61M) 1.808ms
[5.175s][info ][gc,cpu         ] GC(1796) User=0.00s Sys=0.00s Real=0.00s
[5.176s][info ][gc,start       ] GC(1797) Pause Young (Allocation Failure)
[5.177s][info ][gc,task        ] GC(1797) Using 8 workers of 8 for evacuation
[5.179s][debug][gc,age         ] GC(1797) Desired survivor size 1114112 bytes, new threshold 1 (max threshold 6)
[5.179s][info ][gc,heap        ] GC(1797) ParNew: 19429K->1572K(19648K)
[5.179s][info ][gc,heap        ] GC(1797) CMS: 3127K->3909K(43712K)
[5.179s][info ][gc,metaspace   ] GC(1797) Metaspace: 5340K->5340K(1056768K)
[5.179s][info ][gc             ] GC(1797) Pause Young (Allocation Failure) 22M->5M(61M) 2.975ms
[5.179s][info ][gc,cpu         ] GC(1797) User=0.00s Sys=0.00s Real=0.00s
[5.181s][info ][gc,start       ] GC(1798) Pause Young (Allocation Failure)
[5.181s][info ][gc,task        ] GC(1798) Using 8 workers of 8 for evacuation
[5.182s][debug][gc,age         ] GC(1798) Desired survivor size 1114112 bytes, new threshold 1 (max threshold 6)
[5.182s][info ][gc,heap        ] GC(1798) ParNew: 18809K->1959K(19648K)
[5.182s][info ][gc,heap        ] GC(1798) CMS: 3909K->4691K(43712K)
[5.182s][info ][gc,metaspace   ] GC(1798) Metaspace: 5340K->5340K(1056768K)
[5.182s][info ][gc             ] GC(1798) Pause Young (Allocation Failure) 22M->6M(61M) 1.459ms
[5.182s][info ][gc,cpu         ] GC(1798) User=0.00s Sys=0.00s Real=0.00s
[5.184s][info ][gc,start       ] GC(1799) Pause Young (Allocation Failure)
[5.184s][info ][gc,task        ] GC(1799) Using 8 workers of 8 for evacuation
[5.185s][debug][gc,age         ] GC(1799) Desired survivor size 1114112 bytes, new threshold 1 (max threshold 6)
[5.185s][info ][gc,heap        ] GC(1799) ParNew: 19161K->1959K(19648K)
[5.185s][info ][gc,heap        ] GC(1799) CMS: 4691K->4691K(43712K)
[5.185s][info ][gc,metaspace   ] GC(1799) Metaspace: 5340K->5340K(1056768K)
[5.185s][info ][gc             ] GC(1799) Pause Young (Allocation Failure) 23M->6M(61M) 1.220ms
[5.185s][info ][gc,cpu         ] GC(1799) User=0.01s Sys=0.00s Real=0.00s
[5.186s][info ][gc,start       ] GC(1800) Pause Young (Allocation Failure)
[5.186s][info ][gc,task        ] GC(1800) Using 8 workers of 8 for evacuation
[5.187s][debug][gc,age         ] GC(1800) Desired survivor size 1114112 bytes, new threshold 1 (max threshold 6)
[5.188s][info ][gc,heap        ] GC(1800) ParNew: 19093K->1965K(19648K)
[5.188s][info ][gc,heap        ] GC(1800) CMS: 4691K->5082K(43712K)
[5.188s][info ][gc,metaspace   ] GC(1800) Metaspace: 5340K->5340K(1056768K)
[5.188s][info ][gc             ] GC(1800) Pause Young (Allocation Failure) 23M->6M(61M) 1.365ms
[5.188s][info ][gc,cpu         ] GC(1800) User=0.01s Sys=0.00s Real=0.00s
[5.189s][info ][gc,start       ] GC(1801) Pause Young (Allocation Failure)
[5.189s][info ][gc,task        ] GC(1801) Using 8 workers of 8 for evacuation
[5.190s][debug][gc,age         ] GC(1801) Desired survivor size 1114112 bytes, new threshold 1 (max threshold 6)
[5.190s][info ][gc,heap        ] GC(1801) ParNew: 19437K->1177K(19648K)
[5.190s][info ][gc,heap        ] GC(1801) CMS: 5082K->5864K(43712K)
[5.190s][info ][gc,metaspace   ] GC(1801) Metaspace: 5340K->5340K(1056768K)
[5.190s][info ][gc             ] GC(1801) Pause Young (Allocation Failure) 23M->6M(61M) 0.989ms
[5.190s][info ][gc,cpu         ] GC(1801) User=0.01s Sys=0.00s Real=0.00s
[5.191s][info ][gc,start       ] GC(1802) Pause Young (Allocation Failure)
[5.191s][info ][gc,task        ] GC(1802) Using 8 workers of 8 for evacuation
[5.193s][debug][gc,age         ] GC(1802) Desired survivor size 1114112 bytes, new threshold 1 (max threshold 6)
[5.193s][info ][gc,heap        ] GC(1802) ParNew: 18379K->1961K(19648K)
[5.193s][info ][gc,heap        ] GC(1802) CMS: 5864K->6254K(43712K)
[5.193s][info ][gc,metaspace   ] GC(1802) Metaspace: 5340K->5340K(1056768K)
[5.193s][info ][gc             ] GC(1802) Pause Young (Allocation Failure) 23M->8M(61M) 1.259ms
[5.193s][info ][gc,cpu         ] GC(1802) User=0.01s Sys=0.00s Real=0.00s
[5.194s][info ][gc,start       ] GC(1803) Pause Young (Allocation Failure)
[5.194s][info ][gc,task        ] GC(1803) Using 8 workers of 8 for evacuation
[5.195s][debug][gc,age         ] GC(1803) Desired survivor size 1114112 bytes, new threshold 6 (max threshold 6)
[5.195s][info ][gc,heap        ] GC(1803) ParNew: 19354K->396K(19648K)
[5.195s][info ][gc,heap        ] GC(1803) CMS: 6254K->7037K(43712K)
[5.195s][info ][gc,metaspace   ] GC(1803) Metaspace: 5340K->5340K(1056768K)
[5.195s][info ][gc             ] GC(1803) Pause Young (Allocation Failure) 25M->7M(61M) 1.191ms
[5.195s][info ][gc,cpu         ] GC(1803) User=0.00s Sys=0.00s Real=0.00s
[5.197s][info ][gc,start       ] GC(1804) Pause Young (Allocation Failure)
[5.197s][info ][gc,task        ] GC(1804) Using 8 workers of 8 for evacuation
[5.199s][debug][gc,age         ] GC(1804) Desired survivor size 1114112 bytes, new threshold 1 (max threshold 6)
[5.199s][info ][gc,heap        ] GC(1804) ParNew: 17846K->1566K(19648K)
[5.199s][info ][gc,heap        ] GC(1804) CMS: 7037K->7037K(43712K)
[5.199s][info ][gc,metaspace   ] GC(1804) Metaspace: 5340K->5340K(1056768K)
[5.199s][info ][gc             ] GC(1804) Pause Young (Allocation Failure) 24M->8M(61M) 2.023ms
[5.199s][info ][gc,cpu         ] GC(1804) User=0.00s Sys=0.00s Real=0.00s
[5.201s][info ][gc,start       ] GC(1805) Pause Young (Allocation Failure)
[5.201s][info ][gc,task        ] GC(1805) Using 8 workers of 8 for evacuation
[5.202s][debug][gc,age         ] GC(1805) Desired survivor size 1114112 bytes, new threshold 1 (max threshold 6)
[5.202s][info ][gc,heap        ] GC(1805) ParNew: 18777K->1574K(19648K)
[5.202s][info ][gc,heap        ] GC(1805) CMS: 7037K->7428K(43712K)
[5.202s][info ][gc,metaspace   ] GC(1805) Metaspace: 5340K->5340K(1056768K)
[5.202s][info ][gc             ] GC(1805) Pause Young (Allocation Failure) 25M->8M(61M) 1.076ms
[5.202s][info ][gc,cpu         ] GC(1805) User=0.01s Sys=0.00s Real=0.00s
[5.204s][info ][gc,start       ] GC(1806) Pause Young (Allocation Failure)
[5.204s][info ][gc,task        ] GC(1806) Using 8 workers of 8 for evacuation
[5.205s][debug][gc,age         ] GC(1806) Desired survivor size 1114112 bytes, new threshold 1 (max threshold 6)
[5.205s][info ][gc,heap        ] GC(1806) ParNew: 18765K->1963K(19648K)
[5.205s][info ][gc,heap        ] GC(1806) CMS: 7428K->7428K(43712K)
[5.205s][info ][gc,metaspace   ] GC(1806) Metaspace: 5340K->5340K(1056768K)
[5.205s][info ][gc             ] GC(1806) Pause Young (Allocation Failure) 25M->9M(61M) 1.233ms
[5.205s][info ][gc,cpu         ] GC(1806) User=0.01s Sys=0.00s Real=0.00s
[5.206s][info ][gc,start       ] GC(1807) Pause Young (Allocation Failure)
[5.206s][info ][gc,task        ] GC(1807) Using 8 workers of 8 for evacuation
[5.207s][debug][gc,age         ] GC(1807) Desired survivor size 1114112 bytes, new threshold 1 (max threshold 6)
[5.207s][info ][gc,heap        ] GC(1807) ParNew: 19132K->1965K(19648K)
[5.207s][info ][gc,heap        ] GC(1807) CMS: 7428K->8210K(43712K)
[5.207s][info ][gc,metaspace   ] GC(1807) Metaspace: 5340K->5340K(1056768K)
[5.207s][info ][gc             ] GC(1807) Pause Young (Allocation Failure) 25M->9M(61M) 1.193ms
[5.207s][info ][gc,cpu         ] GC(1807) User=0.01s Sys=0.00s Real=0.00s
[5.209s][info ][gc,start       ] GC(1808) Pause Young (Allocation Failure)
[5.209s][info ][gc,task        ] GC(1808) Using 8 workers of 8 for evacuation
[5.210s][debug][gc,age         ] GC(1808) Desired survivor size 1114112 bytes, new threshold 1 (max threshold 6)
[5.210s][info ][gc,heap        ] GC(1808) ParNew: 19120K->1963K(19648K)
[5.210s][info ][gc,heap        ] GC(1808) CMS: 8210K->9383K(43712K)
[5.210s][info ][gc,metaspace   ] GC(1808) Metaspace: 5340K->5340K(1056768K)
[5.210s][info ][gc             ] GC(1808) Pause Young (Allocation Failure) 26M->11M(61M) 0.892ms
[5.210s][info ][gc,cpu         ] GC(1808) User=0.00s Sys=0.00s Real=0.00s
[5.211s][info ][gc,start       ] GC(1809) Pause Young (Allocation Failure)
[5.211s][info ][gc,task        ] GC(1809) Using 8 workers of 8 for evacuation
[5.213s][debug][gc,age         ] GC(1809) Desired survivor size 1114112 bytes, new threshold 1 (max threshold 6)
[5.213s][info ][gc,heap        ] GC(1809) ParNew: 19104K->1959K(19648K)
[5.213s][info ][gc,heap        ] GC(1809) CMS: 9383K->10164K(43712K)
[5.213s][info ][gc,metaspace   ] GC(1809) Metaspace: 5340K->5340K(1056768K)
[5.213s][info ][gc             ] GC(1809) Pause Young (Allocation Failure) 27M->11M(61M) 1.745ms
[5.213s][info ][gc,cpu         ] GC(1809) User=0.00s Sys=0.00s Real=0.00s
[5.214s][info ][gc,start       ] GC(1810) Pause Young (Allocation Failure)
[5.214s][info ][gc,task        ] GC(1810) Using 8 workers of 8 for evacuation
[5.215s][debug][gc,age         ] GC(1810) Desired survivor size 1114112 bytes, new threshold 1 (max threshold 6)
[5.215s][info ][gc,heap        ] GC(1810) ParNew: 19155K->1967K(19648K)
[5.215s][info ][gc,heap        ] GC(1810) CMS: 10164K->10165K(43712K)
[5.215s][info ][gc,metaspace   ] GC(1810) Metaspace: 5340K->5340K(1056768K)
[5.216s][info ][gc             ] GC(1810) Pause Young (Allocation Failure) 28M->11M(61M) 1.175ms
[5.216s][info ][gc,cpu         ] GC(1810) User=0.00s Sys=0.00s Real=0.00s
[5.217s][info ][gc,start       ] GC(1811) Pause Young (Allocation Failure)
[5.217s][info ][gc,task        ] GC(1811) Using 8 workers of 8 for evacuation
[5.217s][debug][gc,age         ] GC(1811) Desired survivor size 1114112 bytes, new threshold 6 (max threshold 6)
[5.217s][info ][gc,heap        ] GC(1811) ParNew: 19402K->793K(19648K)
[5.217s][info ][gc,heap        ] GC(1811) CMS: 10165K->10556K(43712K)
[5.217s][info ][gc,metaspace   ] GC(1811) Metaspace: 5340K->5340K(1056768K)
[5.217s][info ][gc             ] GC(1811) Pause Young (Allocation Failure) 28M->11M(61M) 0.399ms
[5.217s][info ][gc,cpu         ] GC(1811) User=0.00s Sys=0.00s Real=0.00s
[5.219s][info ][gc,start       ] GC(1812) Pause Young (Allocation Failure)
[5.219s][info ][gc,task        ] GC(1812) Using 8 workers of 8 for evacuation
[5.220s][debug][gc,age         ] GC(1812) Desired survivor size 1114112 bytes, new threshold 1 (max threshold 6)
[5.220s][info ][gc,heap        ] GC(1812) ParNew: 18003K->1959K(19648K)
[5.220s][info ][gc,heap        ] GC(1812) CMS: 10556K->11337K(43712K)
[5.220s][info ][gc,metaspace   ] GC(1812) Metaspace: 5340K->5340K(1056768K)
[5.220s][info ][gc             ] GC(1812) Pause Young (Allocation Failure) 27M->12M(61M) 1.230ms
[5.220s][info ][gc,cpu         ] GC(1812) User=0.00s Sys=0.00s Real=0.00s
[5.221s][info ][gc,start       ] GC(1813) Pause Young (Allocation Failure)
[5.221s][info ][gc,task        ] GC(1813) Using 8 workers of 8 for evacuation
[5.222s][debug][gc,age         ] GC(1813) Desired survivor size 1114112 bytes, new threshold 1 (max threshold 6)
[5.222s][info ][gc,heap        ] GC(1813) ParNew: 19098K->1181K(19648K)
[5.222s][info ][gc,heap        ] GC(1813) CMS: 11337K->12119K(43712K)
[5.222s][info ][gc,metaspace   ] GC(1813) Metaspace: 5340K->5340K(1056768K)
[5.223s][info ][gc             ] GC(1813) Pause Young (Allocation Failure) 29M->12M(61M) 1.136ms
[5.223s][info ][gc,cpu         ] GC(1813) User=0.00s Sys=0.00s Real=0.00s
[5.224s][info ][gc,start       ] GC(1814) Pause Young (Allocation Failure)
[5.224s][info ][gc,task        ] GC(1814) Using 8 workers of 8 for evacuation
[5.225s][debug][gc,age         ] GC(1814) Desired survivor size 1114112 bytes, new threshold 1 (max threshold 6)
[5.225s][info ][gc,heap        ] GC(1814) ParNew: 18630K->1177K(19648K)
[5.225s][info ][gc,heap        ] GC(1814) CMS: 12119K->12120K(43712K)
[5.225s][info ][gc,metaspace   ] GC(1814) Metaspace: 5340K->5340K(1056768K)
[5.225s][info ][gc             ] GC(1814) Pause Young (Allocation Failure) 30M->12M(61M) 1.203ms
[5.225s][info ][gc,cpu         ] GC(1814) User=0.00s Sys=0.00s Real=0.00s
[5.226s][info ][gc,start       ] GC(1815) Pause Young (Allocation Failure)
[5.226s][info ][gc,task        ] GC(1815) Using 8 workers of 8 for evacuation
[5.227s][debug][gc,age         ] GC(1815) Desired survivor size 1114112 bytes, new threshold 1 (max threshold 6)
[5.227s][info ][gc,heap        ] GC(1815) ParNew: 18393K->1969K(19648K)
[5.227s][info ][gc,heap        ] GC(1815) CMS: 12120K->12120K(43712K)
[5.227s][info ][gc,metaspace   ] GC(1815) Metaspace: 5340K->5340K(1056768K)
[5.227s][info ][gc             ] GC(1815) Pause Young (Allocation Failure) 29M->13M(61M) 0.889ms
[5.227s][info ][gc,cpu         ] GC(1815) User=0.00s Sys=0.00s Real=0.00s
[5.229s][info ][gc,start       ] GC(1816) Pause Young (Allocation Failure)
[5.229s][info ][gc,task        ] GC(1816) Using 8 workers of 8 for evacuation
[5.230s][debug][gc,age         ] GC(1816) Desired survivor size 1114112 bytes, new threshold 1 (max threshold 6)
[5.230s][info ][gc,heap        ] GC(1816) ParNew: 19158K->1963K(19648K)
[5.230s][info ][gc,heap        ] GC(1816) CMS: 12120K->12901K(43712K)
[5.230s][info ][gc,metaspace   ] GC(1816) Metaspace: 5340K->5340K(1056768K)
[5.230s][info ][gc             ] GC(1816) Pause Young (Allocation Failure) 30M->14M(61M) 1.405ms
[5.230s][info ][gc,cpu         ] GC(1816) User=0.01s Sys=0.00s Real=0.00s
[5.232s][info ][gc,start       ] GC(1817) Pause Young (Allocation Failure)
[5.232s][info ][gc,task        ] GC(1817) Using 8 workers of 8 for evacuation
[5.233s][debug][gc,age         ] GC(1817) Desired survivor size 1114112 bytes, new threshold 1 (max threshold 6)
[5.233s][info ][gc,heap        ] GC(1817) ParNew: 19401K->1961K(19648K)
[5.233s][info ][gc,heap        ] GC(1817) CMS: 12901K->14074K(43712K)
[5.233s][info ][gc,metaspace   ] GC(1817) Metaspace: 5340K->5340K(1056768K)
[5.233s][info ][gc             ] GC(1817) Pause Young (Allocation Failure) 31M->15M(61M) 0.965ms
[5.233s][info ][gc,cpu         ] GC(1817) User=0.00s Sys=0.00s Real=0.01s
[5.235s][info ][gc,start       ] GC(1818) Pause Young (Allocation Failure)
[5.235s][info ][gc,task        ] GC(1818) Using 8 workers of 8 for evacuation
[5.236s][debug][gc,age         ] GC(1818) Desired survivor size 1114112 bytes, new threshold 6 (max threshold 6)
[5.236s][info ][gc,heap        ] GC(1818) ParNew: 19125K->396K(19648K)
[5.236s][info ][gc,heap        ] GC(1818) CMS: 14074K->14465K(43712K)
[5.236s][info ][gc,metaspace   ] GC(1818) Metaspace: 5340K->5340K(1056768K)
[5.236s][info ][gc             ] GC(1818) Pause Young (Allocation Failure) 32M->14M(61M) 1.102ms
[5.236s][info ][gc,cpu         ] GC(1818) User=0.01s Sys=0.00s Real=0.00s
[5.237s][info ][gc,start       ] GC(1819) Pause Young (Allocation Failure)
[5.237s][info ][gc,task        ] GC(1819) Using 8 workers of 8 for evacuation
[5.238s][debug][gc,age         ] GC(1819) Desired survivor size 1114112 bytes, new threshold 2 (max threshold 6)
[5.239s][info ][gc,heap        ] GC(1819) ParNew: 17711K->1175K(19648K)
[5.239s][info ][gc,heap        ] GC(1819) CMS: 14465K->14465K(43712K)
[5.239s][info ][gc,metaspace   ] GC(1819) Metaspace: 5340K->5340K(1056768K)
[5.239s][info ][gc             ] GC(1819) Pause Young (Allocation Failure) 31M->15M(61M) 1.365ms
[5.239s][info ][gc,cpu         ] GC(1819) User=0.01s Sys=0.00s Real=0.00s
[5.242s][info ][gc,start       ] GC(1820) Pause Young (Allocation Failure)
[5.242s][info ][gc,task        ] GC(1820) Using 8 workers of 8 for evacuation
[5.243s][debug][gc,age         ] GC(1820) Desired survivor size 1114112 bytes, new threshold 1 (max threshold 6)
[5.243s][info ][gc,heap        ] GC(1820) ParNew: 18570K->1572K(19648K)
[5.243s][info ][gc,heap        ] GC(1820) CMS: 14465K->14856K(43712K)
[5.243s][info ][gc,metaspace   ] GC(1820) Metaspace: 5340K->5340K(1056768K)
[5.243s][info ][gc             ] GC(1820) Pause Young (Allocation Failure) 32M->16M(61M) 1.249ms
[5.243s][info ][gc,cpu         ] GC(1820) User=0.01s Sys=0.00s Real=0.00s
[5.244s][info ][gc,start       ] GC(1821) Pause Young (Allocation Failure)
[5.244s][info ][gc,task        ] GC(1821) Using 8 workers of 8 for evacuation
[5.245s][debug][gc,age         ] GC(1821) Desired survivor size 1114112 bytes, new threshold 1 (max threshold 6)
[5.245s][info ][gc,heap        ] GC(1821) ParNew: 18894K->1967K(19648K)
[5.245s][info ][gc,heap        ] GC(1821) CMS: 14856K->14857K(43712K)
[5.245s][info ][gc,metaspace   ] GC(1821) Metaspace: 5340K->5340K(1056768K)
[5.245s][info ][gc             ] GC(1821) Pause Young (Allocation Failure) 32M->16M(61M) 0.952ms
[5.245s][info ][gc,cpu         ] GC(1821) User=0.01s Sys=0.00s Real=0.00s
[5.247s][info ][gc,start       ] GC(1822) Pause Young (Allocation Failure)
[5.247s][info ][gc,task        ] GC(1822) Using 8 workers of 8 for evacuation
[5.248s][debug][gc,age         ] GC(1822) Desired survivor size 1114112 bytes, new threshold 1 (max threshold 6)
[5.248s][info ][gc,heap        ] GC(1822) ParNew: 19224K->1967K(19648K)
[5.248s][info ][gc,heap        ] GC(1822) CMS: 14857K->15247K(43712K)
[5.248s][info ][gc,metaspace   ] GC(1822) Metaspace: 5340K->5340K(1056768K)
[5.248s][info ][gc             ] GC(1822) Pause Young (Allocation Failure) 33M->16M(61M) 1.222ms
[5.248s][info ][gc,cpu         ] GC(1822) User=0.01s Sys=0.00s Real=0.00s
[5.249s][info ][gc,start       ] GC(1823) Pause Young (Allocation Failure)
[5.249s][info ][gc,task        ] GC(1823) Using 8 workers of 8 for evacuation
[5.251s][debug][gc,age         ] GC(1823) Desired survivor size 1114112 bytes, new threshold 1 (max threshold 6)
[5.251s][info ][gc,heap        ] GC(1823) ParNew: 19090K->1566K(19648K)
[5.251s][info ][gc,heap        ] GC(1823) CMS: 15247K->15639K(43712K)
[5.251s][info ][gc,metaspace   ] GC(1823) Metaspace: 5340K->5340K(1056768K)
[5.251s][info ][gc             ] GC(1823) Pause Young (Allocation Failure) 33M->16M(61M) 2.180ms
[5.251s][info ][gc,cpu         ] GC(1823) User=0.00s Sys=0.00s Real=0.00s
[5.253s][info ][gc,start       ] GC(1824) Pause Young (Allocation Failure)
[5.253s][info ][gc,task        ] GC(1824) Using 8 workers of 8 for evacuation
[5.255s][debug][gc,age         ] GC(1824) Desired survivor size 1114112 bytes, new threshold 1 (max threshold 6)
[5.255s][info ][gc,heap        ] GC(1824) ParNew: 18731K->1963K(19648K)
[5.255s][info ][gc,heap        ] GC(1824) CMS: 15639K->16030K(43712K)
[5.255s][info ][gc,metaspace   ] GC(1824) Metaspace: 5340K->5340K(1056768K)
[5.255s][info ][gc             ] GC(1824) Pause Young (Allocation Failure) 33M->17M(61M) 1.550ms
[5.255s][info ][gc,cpu         ] GC(1824) User=0.00s Sys=0.00s Real=0.01s
[5.256s][info ][gc,start       ] GC(1825) Pause Young (Allocation Failure)
[5.256s][info ][gc,task        ] GC(1825) Using 8 workers of 8 for evacuation
[5.258s][debug][gc,age         ] GC(1825) Desired survivor size 1114112 bytes, new threshold 1 (max threshold 6)
[5.258s][info ][gc,heap        ] GC(1825) ParNew: 19176K->1961K(19648K)
[5.258s][info ][gc,heap        ] GC(1825) CMS: 16030K->16811K(43712K)
[5.258s][info ][gc,metaspace   ] GC(1825) Metaspace: 5340K->5340K(1056768K)
[5.258s][info ][gc             ] GC(1825) Pause Young (Allocation Failure) 34M->18M(61M) 1.352ms
[5.258s][info ][gc,cpu         ] GC(1825) User=0.01s Sys=0.00s Real=0.00s
[5.259s][info ][gc,start       ] GC(1826) Pause Young (Allocation Failure)
[5.260s][info ][gc,task        ] GC(1826) Using 8 workers of 8 for evacuation
[5.261s][debug][gc,age         ] GC(1826) Desired survivor size 1114112 bytes, new threshold 1 (max threshold 6)
[5.261s][info ][gc,heap        ] GC(1826) ParNew: 19428K->1961K(19648K)
[5.261s][info ][gc,heap        ] GC(1826) CMS: 16811K->17593K(43712K)
[5.261s][info ][gc,metaspace   ] GC(1826) Metaspace: 5340K->5340K(1056768K)
[5.261s][info ][gc             ] GC(1826) Pause Young (Allocation Failure) 35M->19M(61M) 1.359ms
[5.261s][info ][gc,cpu         ] GC(1826) User=0.01s Sys=0.00s Real=0.00s
[5.263s][info ][gc,start       ] GC(1827) Pause Young (Allocation Failure)
[5.263s][info ][gc,task        ] GC(1827) Using 8 workers of 8 for evacuation
[5.264s][debug][gc,age         ] GC(1827) Desired survivor size 1114112 bytes, new threshold 1 (max threshold 6)
[5.264s][info ][gc,heap        ] GC(1827) ParNew: 19171K->1961K(19648K)
[5.264s][info ][gc,heap        ] GC(1827) CMS: 17593K->17593K(43712K)
[5.264s][info ][gc,metaspace   ] GC(1827) Metaspace: 5340K->5340K(1056768K)
[5.264s][info ][gc             ] GC(1827) Pause Young (Allocation Failure) 35M->19M(61M) 1.213ms
[5.264s][info ][gc,cpu         ] GC(1827) User=0.01s Sys=0.00s Real=0.01s
[5.265s][info ][gc,start       ] GC(1828) Pause Young (Allocation Failure)
[5.265s][info ][gc,task        ] GC(1828) Using 8 workers of 8 for evacuation
[5.267s][debug][gc,age         ] GC(1828) Desired survivor size 1114112 bytes, new threshold 1 (max threshold 6)
[5.267s][info ][gc,heap        ] GC(1828) ParNew: 19050K->1175K(19648K)
[5.267s][info ][gc,heap        ] GC(1828) CMS: 17593K->17985K(43712K)
[5.267s][info ][gc,metaspace   ] GC(1828) Metaspace: 5340K->5340K(1056768K)
[5.267s][info ][gc             ] GC(1828) Pause Young (Allocation Failure) 35M->18M(61M) 1.918ms
[5.267s][info ][gc,cpu         ] GC(1828) User=0.01s Sys=0.00s Real=0.00s
[5.268s][info ][gc,start       ] GC(1829) Pause Young (Allocation Failure)
[5.268s][info ][gc,task        ] GC(1829) Using 8 workers of 8 for evacuation
[5.271s][debug][gc,age         ] GC(1829) Desired survivor size 1114112 bytes, new threshold 1 (max threshold 6)
[5.271s][info ][gc,heap        ] GC(1829) ParNew: 18379K->1957K(19648K)
[5.271s][info ][gc,heap        ] GC(1829) CMS: 17985K->17985K(43712K)
[5.271s][info ][gc,metaspace   ] GC(1829) Metaspace: 5340K->5340K(1056768K)
[5.271s][info ][gc             ] GC(1829) Pause Young (Allocation Failure) 35M->19M(61M) 2.737ms
[5.271s][info ][gc,cpu         ] GC(1829) User=0.01s Sys=0.00s Real=0.00s
[5.272s][info ][gc,start       ] GC(1830) Pause Young (Allocation Failure)
[5.273s][info ][gc,task        ] GC(1830) Using 8 workers of 8 for evacuation
[5.274s][debug][gc,age         ] GC(1830) Desired survivor size 1114112 bytes, new threshold 1 (max threshold 6)
[5.274s][info ][gc,heap        ] GC(1830) ParNew: 19138K->1961K(19648K)
[5.274s][info ][gc,heap        ] GC(1830) CMS: 17985K->19157K(43712K)
[5.274s][info ][gc,metaspace   ] GC(1830) Metaspace: 5340K->5340K(1056768K)
[5.274s][info ][gc             ] GC(1830) Pause Young (Allocation Failure) 36M->20M(61M) 1.450ms
[5.274s][info ][gc,cpu         ] GC(1830) User=0.00s Sys=0.00s Real=0.01s
[5.275s][info ][gc,start       ] GC(1831) Pause Young (Allocation Failure)
[5.275s][info ][gc,task        ] GC(1831) Using 8 workers of 8 for evacuation
[5.276s][debug][gc,age         ] GC(1831) Desired survivor size 1114112 bytes, new threshold 1 (max threshold 6)
[5.276s][info ][gc,heap        ] GC(1831) ParNew: 19127K->1969K(19648K)
[5.276s][info ][gc,heap        ] GC(1831) CMS: 19157K->19939K(43712K)
[5.276s][info ][gc,metaspace   ] GC(1831) Metaspace: 5340K->5340K(1056768K)
[5.276s][info ][gc             ] GC(1831) Pause Young (Allocation Failure) 37M->21M(61M) 0.994ms
[5.276s][info ][gc,cpu         ] GC(1831) User=0.00s Sys=0.01s Real=0.00s
[5.278s][info ][gc,start       ] GC(1832) Pause Young (Allocation Failure)
[5.278s][info ][gc,task        ] GC(1832) Using 8 workers of 8 for evacuation
[5.278s][debug][gc,age         ] GC(1832) Desired survivor size 1114112 bytes, new threshold 1 (max threshold 6)
[5.278s][info ][gc,heap        ] GC(1832) ParNew: 19396K->1181K(19648K)
[5.278s][info ][gc,heap        ] GC(1832) CMS: 19939K->20330K(43712K)
[5.278s][info ][gc,metaspace   ] GC(1832) Metaspace: 5340K->5340K(1056768K)
[5.278s][info ][gc             ] GC(1832) Pause Young (Allocation Failure) 38M->21M(61M) 0.638ms
[5.278s][info ][gc,cpu         ] GC(1832) User=0.00s Sys=0.00s Real=0.00s
[5.280s][info ][gc,start       ] GC(1833) Pause Young (Allocation Failure)
[5.280s][info ][gc,task        ] GC(1833) Using 8 workers of 8 for evacuation
[5.281s][debug][gc,age         ] GC(1833) Desired survivor size 1114112 bytes, new threshold 6 (max threshold 6)
[5.281s][info ][gc,heap        ] GC(1833) ParNew: 18620K->789K(19648K)
[5.281s][info ][gc,heap        ] GC(1833) CMS: 20330K->20721K(43712K)
[5.281s][info ][gc,metaspace   ] GC(1833) Metaspace: 5340K->5340K(1056768K)
[5.281s][info ][gc             ] GC(1833) Pause Young (Allocation Failure) 38M->21M(61M) 1.298ms
[5.281s][info ][gc,cpu         ] GC(1833) User=0.01s Sys=0.00s Real=0.00s
[5.282s][info ][gc,start       ] GC(1834) Pause Young (Allocation Failure)
[5.282s][info ][gc,task        ] GC(1834) Using 8 workers of 8 for evacuation
[5.283s][debug][gc,age         ] GC(1834) Desired survivor size 1114112 bytes, new threshold 1 (max threshold 6)
[5.283s][info ][gc,heap        ] GC(1834) ParNew: 18016K->1963K(19648K)
[5.283s][info ][gc,heap        ] GC(1834) CMS: 20721K->21893K(43712K)
[5.283s][info ][gc,metaspace   ] GC(1834) Metaspace: 5340K->5340K(1056768K)
[5.283s][info ][gc             ] GC(1834) Pause Young (Allocation Failure) 37M->23M(61M) 0.913ms
[5.283s][info ][gc,cpu         ] GC(1834) User=0.00s Sys=0.00s Real=0.01s
[5.285s][info ][gc,start       ] GC(1835) Pause Young (Allocation Failure)
[5.285s][info ][gc,task        ] GC(1835) Using 8 workers of 8 for evacuation
[5.286s][debug][gc,age         ] GC(1835) Desired survivor size 1114112 bytes, new threshold 1 (max threshold 6)
[5.286s][info ][gc,heap        ] GC(1835) ParNew: 19159K->1967K(19648K)
[5.286s][info ][gc,heap        ] GC(1835) CMS: 21893K->22675K(43712K)
[5.286s][info ][gc,metaspace   ] GC(1835) Metaspace: 5340K->5340K(1056768K)
[5.286s][info ][gc             ] GC(1835) Pause Young (Allocation Failure) 40M->24M(61M) 1.053ms
[5.286s][info ][gc,cpu         ] GC(1835) User=0.00s Sys=0.00s Real=0.00s
[5.287s][info ][gc,start       ] GC(1836) Pause Young (Allocation Failure)
[5.287s][info ][gc,task        ] GC(1836) Using 8 workers of 8 for evacuation
[5.288s][debug][gc,age         ] GC(1836) Desired survivor size 1114112 bytes, new threshold 1 (max threshold 6)
[5.288s][info ][gc,heap        ] GC(1836) ParNew: 19143K->1969K(19648K)
[5.288s][info ][gc,heap        ] GC(1836) CMS: 22675K->24237K(43712K)
[5.288s][info ][gc,metaspace   ] GC(1836) Metaspace: 5340K->5340K(1056768K)
[5.289s][info ][gc             ] GC(1836) Pause Young (Allocation Failure) 40M->25M(61M) 1.072ms
[5.289s][info ][gc,cpu         ] GC(1836) User=0.00s Sys=0.00s Real=0.00s
[5.290s][info ][gc,start       ] GC(1837) Pause Young (Allocation Failure)
[5.290s][info ][gc,task        ] GC(1837) Using 8 workers of 8 for evacuation
[5.291s][debug][gc,age         ] GC(1837) Desired survivor size 1114112 bytes, new threshold 1 (max threshold 6)
[5.291s][info ][gc,heap        ] GC(1837) ParNew: 19133K->1967K(19648K)
[5.291s][info ][gc,heap        ] GC(1837) CMS: 24237K->24237K(43712K)
[5.291s][info ][gc,metaspace   ] GC(1837) Metaspace: 5340K->5340K(1056768K)
[5.291s][info ][gc             ] GC(1837) Pause Young (Allocation Failure) 42M->25M(61M) 1.252ms
[5.291s][info ][gc,cpu         ] GC(1837) User=0.01s Sys=0.00s Real=0.00s
[5.293s][info ][gc,start       ] GC(1838) Pause Young (Allocation Failure)
[5.293s][info ][gc,task        ] GC(1838) Using 8 workers of 8 for evacuation
[5.294s][debug][gc,age         ] GC(1838) Desired survivor size 1114112 bytes, new threshold 1 (max threshold 6)
[5.294s][info ][gc,heap        ] GC(1838) ParNew: 19122K->1963K(19648K)
[5.294s][info ][gc,heap        ] GC(1838) CMS: 24237K->24628K(43712K)
[5.294s][info ][gc,metaspace   ] GC(1838) Metaspace: 5340K->5340K(1056768K)
[5.294s][info ][gc             ] GC(1838) Pause Young (Allocation Failure) 42M->25M(61M) 1.176ms
[5.294s][info ][gc,cpu         ] GC(1838) User=0.00s Sys=0.00s Real=0.01s
[5.295s][info ][gc,start       ] GC(1839) Pause Young (Allocation Failure)
[5.295s][info ][gc,task        ] GC(1839) Using 8 workers of 8 for evacuation
[5.296s][debug][gc,age         ] GC(1839) Desired survivor size 1114112 bytes, new threshold 1 (max threshold 6)
[5.296s][info ][gc,heap        ] GC(1839) ParNew: 19113K->1969K(19648K)
[5.296s][info ][gc,heap        ] GC(1839) CMS: 24628K->25800K(43712K)
[5.296s][info ][gc,metaspace   ] GC(1839) Metaspace: 5340K->5340K(1056768K)
[5.296s][info ][gc             ] GC(1839) Pause Young (Allocation Failure) 42M->27M(61M) 0.989ms
[5.296s][info ][gc,cpu         ] GC(1839) User=0.00s Sys=0.00s Real=0.00s
[5.298s][info ][gc,start       ] GC(1840) Pause Young (Allocation Failure)
[5.298s][info ][gc,task        ] GC(1840) Using 8 workers of 8 for evacuation
[5.299s][debug][gc,age         ] GC(1840) Desired survivor size 1114112 bytes, new threshold 1 (max threshold 6)
[5.299s][info ][gc,heap        ] GC(1840) ParNew: 19116K->1570K(19648K)
[5.299s][info ][gc,heap        ] GC(1840) CMS: 25800K->25800K(43712K)
[5.299s][info ][gc,metaspace   ] GC(1840) Metaspace: 5340K->5340K(1056768K)
[5.299s][info ][gc             ] GC(1840) Pause Young (Allocation Failure) 43M->26M(61M) 1.169ms
[5.299s][info ][gc,cpu         ] GC(1840) User=0.01s Sys=0.00s Real=0.00s
[5.300s][info ][gc,start       ] GC(1841) Pause Young (Allocation Failure)
[5.300s][info ][gc,task        ] GC(1841) Using 8 workers of 8 for evacuation
[5.301s][debug][gc,age         ] GC(1841) Desired survivor size 1114112 bytes, new threshold 1 (max threshold 6)
[5.301s][info ][gc,heap        ] GC(1841) ParNew: 18715K->1961K(19648K)
[5.301s][info ][gc,heap        ] GC(1841) CMS: 25800K->26581K(43712K)
[5.301s][info ][gc,metaspace   ] GC(1841) Metaspace: 5340K->5340K(1056768K)
[5.301s][info ][gc             ] GC(1841) Pause Young (Allocation Failure) 43M->27M(61M) 1.206ms
[5.301s][info ][gc,cpu         ] GC(1841) User=0.01s Sys=0.00s Real=0.00s
[5.303s][info ][gc,start       ] GC(1842) Pause Young (Allocation Failure)
[5.303s][info ][gc,task        ] GC(1842) Using 8 workers of 8 for evacuation
[5.304s][debug][gc,age         ] GC(1842) Desired survivor size 1114112 bytes, new threshold 1 (max threshold 6)
[5.304s][info ][gc,heap        ] GC(1842) ParNew: 19104K->1961K(19648K)
[5.304s][info ][gc,heap        ] GC(1842) CMS: 26581K->27363K(43712K)
[5.304s][info ][gc,metaspace   ] GC(1842) Metaspace: 5340K->5340K(1056768K)
[5.304s][info ][gc             ] GC(1842) Pause Young (Allocation Failure) 44M->28M(61M) 1.176ms
[5.304s][info ][gc,cpu         ] GC(1842) User=0.01s Sys=0.00s Real=0.01s
[5.305s][info ][gc,start       ] GC(1843) Pause Young (Allocation Failure)
[5.305s][info ][gc,task        ] GC(1843) Using 8 workers of 8 for evacuation
[5.307s][debug][gc,age         ] GC(1843) Desired survivor size 1114112 bytes, new threshold 1 (max threshold 6)
[5.307s][info ][gc,heap        ] GC(1843) ParNew: 19078K->1959K(19648K)
[5.307s][info ][gc,heap        ] GC(1843) CMS: 27363K->27363K(43712K)
[5.307s][info ][gc,metaspace   ] GC(1843) Metaspace: 5340K->5340K(1056768K)
[5.307s][info ][gc             ] GC(1843) Pause Young (Allocation Failure) 45M->28M(61M) 1.793ms
[5.307s][info ][gc,cpu         ] GC(1843) User=0.00s Sys=0.00s Real=0.00s
[5.309s][info ][gc,start       ] GC(1844) Pause Young (Allocation Failure)
[5.309s][info ][gc,task        ] GC(1844) Using 8 workers of 8 for evacuation
[5.310s][debug][gc,age         ] GC(1844) Desired survivor size 1114112 bytes, new threshold 1 (max threshold 6)
[5.310s][info ][gc,heap        ] GC(1844) ParNew: 19381K->1961K(19648K)
[5.310s][info ][gc,heap        ] GC(1844) CMS: 27363K->27363K(43712K)
[5.310s][info ][gc,metaspace   ] GC(1844) Metaspace: 5340K->5340K(1056768K)
[5.311s][info ][gc             ] GC(1844) Pause Young (Allocation Failure) 45M->28M(61M) 1.392ms
[5.311s][info ][gc,cpu         ] GC(1844) User=0.00s Sys=0.00s Real=0.00s
[5.312s][info ][gc,start       ] GC(1845) Pause Young (Allocation Failure)
[5.312s][info ][gc,task        ] GC(1845) Using 8 workers of 8 for evacuation
[5.313s][debug][gc,age         ] GC(1845) Desired survivor size 1114112 bytes, new threshold 1 (max threshold 6)
[5.313s][info ][gc,heap        ] GC(1845) ParNew: 19125K->1959K(19648K)
[5.313s][info ][gc,heap        ] GC(1845) CMS: 27363K->27754K(43712K)
[5.313s][info ][gc,metaspace   ] GC(1845) Metaspace: 5340K->5340K(1056768K)
[5.313s][info ][gc             ] GC(1845) Pause Young (Allocation Failure) 45M->29M(61M) 1.254ms
[5.313s][info ][gc,cpu         ] GC(1845) User=0.00s Sys=0.00s Real=0.00s
[5.315s][info ][gc,start       ] GC(1846) Pause Young (Allocation Failure)
[5.315s][info ][gc,task        ] GC(1846) Using 8 workers of 8 for evacuation
[5.316s][debug][gc,age         ] GC(1846) Desired survivor size 1114112 bytes, new threshold 1 (max threshold 6)
[5.316s][info ][gc,heap        ] GC(1846) ParNew: 19096K->1963K(19648K)
[5.316s][info ][gc,heap        ] GC(1846) CMS: 27754K->28145K(43712K)
[5.316s][info ][gc,metaspace   ] GC(1846) Metaspace: 5340K->5340K(1056768K)
[5.316s][info ][gc             ] GC(1846) Pause Young (Allocation Failure) 45M->29M(61M) 1.296ms
[5.316s][info ][gc,cpu         ] GC(1846) User=0.01s Sys=0.00s Real=0.00s
[5.319s][info ][gc,start       ] GC(1847) Pause Young (Allocation Failure)
[5.319s][info ][gc,task        ] GC(1847) Using 8 workers of 8 for evacuation
[5.320s][debug][gc,age         ] GC(1847) Desired survivor size 1114112 bytes, new threshold 1 (max threshold 6)
[5.320s][info ][gc,heap        ] GC(1847) ParNew: 19145K->1969K(19648K)
[5.320s][info ][gc,heap        ] GC(1847) CMS: 28145K->28927K(43712K)
[5.320s][info ][gc,metaspace   ] GC(1847) Metaspace: 5340K->5340K(1056768K)
[5.320s][info ][gc             ] GC(1847) Pause Young (Allocation Failure) 46M->30M(61M) 0.673ms
[5.320s][info ][gc,cpu         ] GC(1847) User=0.01s Sys=0.00s Real=0.00s
[5.321s][info ][gc,start       ] GC(1848) Pause Young (Allocation Failure)
[5.321s][info ][gc,task        ] GC(1848) Using 8 workers of 8 for evacuation
[5.321s][debug][gc,age         ] GC(1848) Desired survivor size 1114112 bytes, new threshold 1 (max threshold 6)
[5.321s][info ][gc,heap        ] GC(1848) ParNew: 19136K->1969K(19648K)
[5.321s][info ][gc,heap        ] GC(1848) CMS: 28927K->28927K(43712K)
[5.321s][info ][gc,metaspace   ] GC(1848) Metaspace: 5340K->5340K(1056768K)
[5.321s][info ][gc             ] GC(1848) Pause Young (Allocation Failure) 46M->30M(61M) 0.426ms
[5.321s][info ][gc,cpu         ] GC(1848) User=0.01s Sys=0.00s Real=0.00s
[5.323s][info ][gc,start       ] GC(1849) Pause Young (Allocation Failure)
[5.323s][info ][gc,task        ] GC(1849) Using 8 workers of 8 for evacuation
[5.324s][debug][gc,age         ] GC(1849) Desired survivor size 1114112 bytes, new threshold 1 (max threshold 6)
[5.324s][info ][gc,heap        ] GC(1849) ParNew: 19127K->1967K(19648K)
[5.324s][info ][gc,heap        ] GC(1849) CMS: 28927K->28927K(43712K)
[5.324s][info ][gc,metaspace   ] GC(1849) Metaspace: 5340K->5340K(1056768K)
[5.324s][info ][gc             ] GC(1849) Pause Young (Allocation Failure) 46M->30M(61M) 1.121ms
[5.324s][info ][gc,cpu         ] GC(1849) User=0.01s Sys=0.00s Real=0.01s
[5.326s][info ][gc,start       ] GC(1850) Pause Young (Allocation Failure)
[5.326s][info ][gc,task        ] GC(1850) Using 8 workers of 8 for evacuation
[5.327s][debug][gc,age         ] GC(1850) Desired survivor size 1114112 bytes, new threshold 1 (max threshold 6)
[5.327s][info ][gc,heap        ] GC(1850) ParNew: 19118K->1965K(19648K)
[5.327s][info ][gc,heap        ] GC(1850) CMS: 28927K->28927K(43712K)
[5.327s][info ][gc,metaspace   ] GC(1850) Metaspace: 5340K->5340K(1056768K)
[5.327s][info ][gc             ] GC(1850) Pause Young (Allocation Failure) 46M->30M(61M) 1.111ms
[5.327s][info ][gc,cpu         ] GC(1850) User=0.00s Sys=0.00s Real=0.00s
[5.328s][info ][gc,start       ] GC(1851) Pause Young (Allocation Failure)
[5.328s][info ][gc,task        ] GC(1851) Using 8 workers of 8 for evacuation
[5.329s][debug][gc,age         ] GC(1851) Desired survivor size 1114112 bytes, new threshold 1 (max threshold 6)
[5.329s][info ][gc,heap        ] GC(1851) ParNew: 19112K->1969K(19648K)
[5.329s][info ][gc,heap        ] GC(1851) CMS: 28927K->29708K(43712K)
[5.329s][info ][gc,metaspace   ] GC(1851) Metaspace: 5340K->5340K(1056768K)
[5.329s][info ][gc             ] GC(1851) Pause Young (Allocation Failure) 46M->30M(61M) 0.901ms
[5.329s][info ][gc,cpu         ] GC(1851) User=0.00s Sys=0.00s Real=0.00s
[5.330s][info ][gc,start       ] GC(1852) Pause Young (Allocation Failure)
[5.330s][info ][gc,task        ] GC(1852) Using 8 workers of 8 for evacuation
[5.331s][debug][gc,age         ] GC(1852) Desired survivor size 1114112 bytes, new threshold 1 (max threshold 6)
[5.331s][info ][gc,heap        ] GC(1852) ParNew: 19114K->1967K(19648K)
[5.331s][info ][gc,heap        ] GC(1852) CMS: 29708K->30490K(43712K)
[5.331s][info ][gc,metaspace   ] GC(1852) Metaspace: 5340K->5340K(1056768K)
[5.331s][info ][gc             ] GC(1852) Pause Young (Allocation Failure) 47M->31M(61M) 1.219ms
[5.331s][info ][gc,cpu         ] GC(1852) User=0.01s Sys=0.00s Real=0.00s
[5.333s][info ][gc,start       ] GC(1853) Pause Young (Allocation Failure)
[5.333s][info ][gc,task        ] GC(1853) Using 8 workers of 8 for evacuation
[5.334s][debug][gc,age         ] GC(1853) Desired survivor size 1114112 bytes, new threshold 1 (max threshold 6)
[5.334s][info ][gc,heap        ] GC(1853) ParNew: 19110K->1967K(19648K)
[5.334s][info ][gc,heap        ] GC(1853) CMS: 30490K->30880K(43712K)
[5.334s][info ][gc,metaspace   ] GC(1853) Metaspace: 5340K->5340K(1056768K)
[5.334s][info ][gc             ] GC(1853) Pause Young (Allocation Failure) 48M->32M(61M) 1.131ms
[5.334s][info ][gc,cpu         ] GC(1853) User=0.00s Sys=0.00s Real=0.01s
[5.336s][info ][gc,start       ] GC(1854) Pause Young (Allocation Failure)
[5.336s][info ][gc,task        ] GC(1854) Using 8 workers of 8 for evacuation
[5.337s][debug][gc,age         ] GC(1854) Desired survivor size 1114112 bytes, new threshold 1 (max threshold 6)
[5.337s][info ][gc,heap        ] GC(1854) ParNew: 19378K->1566K(19648K)
[5.337s][info ][gc,heap        ] GC(1854) CMS: 30880K->31662K(43712K)
[5.337s][info ][gc,metaspace   ] GC(1854) Metaspace: 5340K->5340K(1056768K)
[5.337s][info ][gc             ] GC(1854) Pause Young (Allocation Failure) 49M->32M(61M) 1.732ms
[5.337s][info ][gc,cpu         ] GC(1854) User=0.00s Sys=0.00s Real=0.00s
[5.339s][info ][gc,start       ] GC(1855) Pause Young (Allocation Failure)
[5.339s][info ][gc,task        ] GC(1855) Using 8 workers of 8 for evacuation
[5.340s][debug][gc,age         ] GC(1855) Desired survivor size 1114112 bytes, new threshold 1 (max threshold 6)
[5.340s][info ][gc,heap        ] GC(1855) ParNew: 18671K->1572K(19648K)
[5.340s][info ][gc,heap        ] GC(1855) CMS: 31662K->31663K(43712K)
[5.340s][info ][gc,metaspace   ] GC(1855) Metaspace: 5340K->5340K(1056768K)
[5.340s][info ][gc             ] GC(1855) Pause Young (Allocation Failure) 49M->32M(61M) 1.197ms
[5.340s][info ][gc,cpu         ] GC(1855) User=0.00s Sys=0.00s Real=0.00s
[5.341s][info ][gc,start       ] GC(1856) Pause Young (Allocation Failure)
[5.341s][info ][gc,task        ] GC(1856) Using 8 workers of 8 for evacuation
[5.342s][debug][gc,age         ] GC(1856) Desired survivor size 1114112 bytes, new threshold 6 (max threshold 6)
[5.342s][info ][gc,heap        ] GC(1856) ParNew: 18663K->789K(19648K)
[5.342s][info ][gc,heap        ] GC(1856) CMS: 31663K->31663K(43712K)
[5.342s][info ][gc,metaspace   ] GC(1856) Metaspace: 5340K->5340K(1056768K)
[5.342s][info ][gc             ] GC(1856) Pause Young (Allocation Failure) 49M->31M(61M) 1.053ms
[5.342s][info ][gc,cpu         ] GC(1856) User=0.00s Sys=0.00s Real=0.00s
[5.343s][info ][gc,start       ] GC(1857) Pause Young (Allocation Failure)
[5.344s][info ][gc,task        ] GC(1857) Using 8 workers of 8 for evacuation
[5.345s][debug][gc,age         ] GC(1857) Desired survivor size 1114112 bytes, new threshold 1 (max threshold 6)
[5.345s][info ][gc,heap        ] GC(1857) ParNew: 17905K->1959K(19648K)
[5.345s][info ][gc,heap        ] GC(1857) CMS: 31663K->31663K(43712K)
[5.345s][info ][gc,metaspace   ] GC(1857) Metaspace: 5340K->5340K(1056768K)
[5.345s][info ][gc             ] GC(1857) Pause Young (Allocation Failure) 48M->32M(61M) 1.328ms
[5.345s][info ][gc,cpu         ] GC(1857) User=0.00s Sys=0.00s Real=0.00s
[5.346s][info ][gc,start       ] GC(1858) Pause Young (Allocation Failure)
[5.346s][info ][gc,task        ] GC(1858) Using 8 workers of 8 for evacuation
[5.348s][debug][gc,age         ] GC(1858) Desired survivor size 1114112 bytes, new threshold 1 (max threshold 6)
[5.348s][info ][gc,heap        ] GC(1858) ParNew: 19183K->1961K(19648K)
[5.348s][info ][gc,heap        ] GC(1858) CMS: 31663K->32054K(43712K)
[5.348s][info ][gc,metaspace   ] GC(1858) Metaspace: 5340K->5340K(1056768K)
[5.348s][info ][gc             ] GC(1858) Pause Young (Allocation Failure) 49M->33M(61M) 1.375ms
[5.348s][info ][gc,cpu         ] GC(1858) User=0.00s Sys=0.00s Real=0.00s
[5.349s][info ][gc,start       ] GC(1859) Pause Young (Allocation Failure)
[5.349s][info ][gc,task        ] GC(1859) Using 8 workers of 8 for evacuation
[5.350s][debug][gc,age         ] GC(1859) Desired survivor size 1114112 bytes, new threshold 1 (max threshold 6)
[5.350s][info ][gc,heap        ] GC(1859) ParNew: 19155K->1961K(19648K)
[5.350s][info ][gc,heap        ] GC(1859) CMS: 32054K->32445K(43712K)
[5.350s][info ][gc,metaspace   ] GC(1859) Metaspace: 5340K->5340K(1056768K)
[5.350s][info ][gc             ] GC(1859) Pause Young (Allocation Failure) 50M->33M(61M) 1.064ms
[5.350s][info ][gc,cpu         ] GC(1859) User=0.00s Sys=0.00s Real=0.00s
[5.351s][info ][gc,start       ] GC(1860) Pause Young (Allocation Failure)
[5.351s][info ][gc,task        ] GC(1860) Using 8 workers of 8 for evacuation
[5.352s][debug][gc,age         ] GC(1860) Desired survivor size 1114112 bytes, new threshold 1 (max threshold 6)
[5.352s][info ][gc,heap        ] GC(1860) ParNew: 19093K->1576K(19648K)
[5.352s][info ][gc,heap        ] GC(1860) CMS: 32445K->32836K(43712K)
[5.352s][info ][gc,metaspace   ] GC(1860) Metaspace: 5340K->5340K(1056768K)
[5.352s][info ][gc             ] GC(1860) Pause Young (Allocation Failure) 50M->33M(61M) 0.914ms
[5.352s][info ][gc,cpu         ] GC(1860) User=0.00s Sys=0.00s Real=0.00s
[5.354s][info ][gc,start       ] GC(1861) Pause Young (Allocation Failure)
[5.354s][info ][gc,task        ] GC(1861) Using 8 workers of 8 for evacuation
[5.355s][debug][gc,age         ] GC(1861) Desired survivor size 1114112 bytes, new threshold 1 (max threshold 6)
[5.355s][info ][gc,heap        ] GC(1861) ParNew: 19048K->1967K(19648K)
[5.355s][info ][gc,heap        ] GC(1861) CMS: 32836K->33227K(43712K)
[5.355s][info ][gc,metaspace   ] GC(1861) Metaspace: 5340K->5340K(1056768K)
[5.355s][info ][gc             ] GC(1861) Pause Young (Allocation Failure) 50M->34M(61M) 1.211ms
[5.355s][info ][gc,cpu         ] GC(1861) User=0.01s Sys=0.00s Real=0.00s
[5.357s][info ][gc,start       ] GC(1862) Pause Young (Allocation Failure)
[5.357s][info ][gc,task        ] GC(1862) Using 8 workers of 8 for evacuation
[5.359s][debug][gc,age         ] GC(1862) Desired survivor size 1114112 bytes, new threshold 1 (max threshold 6)
[5.359s][info ][gc,heap        ] GC(1862) ParNew: 19416K->1566K(19648K)
[5.359s][info ][gc,heap        ] GC(1862) CMS: 33227K->34009K(43712K)
[5.359s][info ][gc,metaspace   ] GC(1862) Metaspace: 5340K->5340K(1056768K)
[5.359s][info ][gc             ] GC(1862) Pause Young (Allocation Failure) 51M->34M(61M) 1.773ms
[5.359s][info ][gc,cpu         ] GC(1862) User=0.00s Sys=0.00s Real=0.00s
[5.360s][info ][gc,start       ] GC(1863) Pause Young (Allocation Failure)
[5.360s][info ][gc,task        ] GC(1863) Using 8 workers of 8 for evacuation
[5.361s][debug][gc,age         ] GC(1863) Desired survivor size 1114112 bytes, new threshold 1 (max threshold 6)
[5.361s][info ][gc,heap        ] GC(1863) ParNew: 18969K->1177K(19648K)
[5.361s][info ][gc,heap        ] GC(1863) CMS: 34009K->34791K(43712K)
[5.361s][info ][gc,metaspace   ] GC(1863) Metaspace: 5340K->5340K(1056768K)
[5.361s][info ][gc             ] GC(1863) Pause Young (Allocation Failure) 51M->35M(61M) 1.201ms
[5.361s][info ][gc,cpu         ] GC(1863) User=0.01s Sys=0.00s Real=0.00s
[5.364s][info ][gc,start       ] GC(1864) Pause Young (Allocation Failure)
[5.364s][info ][gc,task        ] GC(1864) Using 8 workers of 8 for evacuation
[5.365s][debug][gc,age         ] GC(1864) Desired survivor size 1114112 bytes, new threshold 1 (max threshold 6)
[5.365s][info ][gc,heap        ] GC(1864) ParNew: 18320K->1179K(19648K)
[5.365s][info ][gc,heap        ] GC(1864) CMS: 34791K->34791K(43712K)
[5.365s][info ][gc,metaspace   ] GC(1864) Metaspace: 5340K->5340K(1056768K)
[5.365s][info ][gc             ] GC(1864) Pause Young (Allocation Failure) 51M->35M(61M) 0.723ms
[5.365s][info ][gc,cpu         ] GC(1864) User=0.01s Sys=0.00s Real=0.00s
[5.366s][info ][gc,start       ] GC(1865) Pause Young (Allocation Failure)
[5.366s][info ][gc,task        ] GC(1865) Using 8 workers of 8 for evacuation
[5.367s][debug][gc,age         ] GC(1865) Desired survivor size 1114112 bytes, new threshold 1 (max threshold 6)
[5.367s][info ][gc,heap        ] GC(1865) ParNew: 18432K->1959K(19648K)
[5.367s][info ][gc,heap        ] GC(1865) CMS: 34791K->35963K(43712K)
[5.367s][info ][gc,metaspace   ] GC(1865) Metaspace: 5340K->5340K(1056768K)
[5.367s][info ][gc             ] GC(1865) Pause Young (Allocation Failure) 51M->37M(61M) 1.294ms
[5.367s][info ][gc,cpu         ] GC(1865) User=0.01s Sys=0.00s Real=0.00s
[5.368s][info ][gc,start       ] GC(1866) Pause Initial Mark
[5.368s][info ][gc             ] GC(1866) Pause Initial Mark 38M->38M(61M) 0.162ms
[5.368s][info ][gc,cpu         ] GC(1866) User=0.00s Sys=0.00s Real=0.00s
[5.368s][info ][gc             ] GC(1866) Concurrent Mark
[5.368s][info ][gc,task        ] GC(1866) Using 2 workers of 2 for marking
[5.369s][info ][gc,start       ] GC(1867) Pause Young (Allocation Failure)
[5.370s][info ][gc,task        ] GC(1867) Using 8 workers of 8 for evacuation
[5.370s][debug][gc,age         ] GC(1867) Desired survivor size 1114112 bytes, new threshold 1 (max threshold 6)
[5.371s][info ][gc,heap        ] GC(1867) ParNew: 19171K->1179K(19648K)
[5.371s][info ][gc,heap        ] GC(1867) CMS: 35963K->35963K(43712K)
[5.371s][info ][gc,metaspace   ] GC(1867) Metaspace: 5340K->5340K(1056768K)
[5.371s][info ][gc             ] GC(1867) Pause Young (Allocation Failure) 53M->36M(61M) 1.081ms
[5.371s][info ][gc,cpu         ] GC(1867) User=0.00s Sys=0.00s Real=0.00s
[5.371s][info ][gc             ] GC(1866) Concurrent Mark 3.546ms
[5.372s][info ][gc,cpu         ] GC(1866) User=0.01s Sys=0.00s Real=0.00s
[5.372s][info ][gc             ] GC(1866) Concurrent Preclean
[5.372s][info ][gc             ] GC(1866) Concurrent Preclean 0.171ms
[5.372s][info ][gc,cpu         ] GC(1866) User=0.00s Sys=0.00s Real=0.00s
[5.372s][info ][gc             ] GC(1866) Concurrent Abortable Preclean
[5.372s][info ][gc,start       ] GC(1868) Pause Young (Allocation Failure)
[5.372s][info ][gc,task        ] GC(1868) Using 8 workers of 8 for evacuation
[5.373s][debug][gc,age         ] GC(1868) Desired survivor size 1114112 bytes, new threshold 1 (max threshold 6)
[5.373s][info ][gc,heap        ] GC(1868) ParNew: 18651K->1959K(19648K)
[5.373s][info ][gc,heap        ] GC(1868) CMS: 35963K->36354K(43712K)
[5.373s][info ][gc,metaspace   ] GC(1868) Metaspace: 5340K->5340K(1056768K)
[5.373s][info ][gc             ] GC(1868) Pause Young (Allocation Failure) 53M->37M(61M) 1.269ms
[5.373s][info ][gc,cpu         ] GC(1868) User=0.00s Sys=0.01s Real=0.01s
[5.375s][info ][gc,start       ] GC(1869) Pause Young (Allocation Failure)
[5.375s][info ][gc,task        ] GC(1869) Using 8 workers of 8 for evacuation
[5.376s][debug][gc,age         ] GC(1869) Desired survivor size 1114112 bytes, new threshold 1 (max threshold 6)
[5.376s][info ][gc,heap        ] GC(1869) ParNew: 19148K->1961K(19648K)
[5.376s][info ][gc,heap        ] GC(1869) CMS: 36354K->36745K(43712K)
[5.376s][info ][gc,metaspace   ] GC(1869) Metaspace: 5340K->5340K(1056768K)
[5.376s][info ][gc             ] GC(1869) Pause Young (Allocation Failure) 54M->37M(61M) 1.419ms
[5.376s][info ][gc,cpu         ] GC(1869) User=0.00s Sys=0.00s Real=0.00s
[5.377s][info ][gc,start       ] GC(1870) Pause Young (Allocation Failure)
[5.377s][info ][gc,task        ] GC(1870) Using 8 workers of 8 for evacuation
[5.378s][debug][gc,age         ] GC(1870) Desired survivor size 1114112 bytes, new threshold 1 (max threshold 6)
[5.378s][info ][gc,heap        ] GC(1870) ParNew: 19133K->1574K(19648K)
[5.378s][info ][gc,heap        ] GC(1870) CMS: 36745K->36745K(43712K)
[5.378s][info ][gc,metaspace   ] GC(1870) Metaspace: 5340K->5340K(1056768K)
[5.378s][info ][gc             ] GC(1870) Pause Young (Allocation Failure) 54M->37M(61M) 1.025ms
[5.378s][info ][gc,cpu         ] GC(1870) User=0.01s Sys=0.00s Real=0.00s
[5.380s][info ][gc,start       ] GC(1871) Pause Young (Allocation Failure)
[5.380s][info ][gc,task        ] GC(1871) Using 8 workers of 8 for evacuation
[5.381s][debug][gc,age         ] GC(1871) Desired survivor size 1114112 bytes, new threshold 1 (max threshold 6)
[5.381s][info ][gc,heap        ] GC(1871) ParNew: 18735K->1181K(19648K)
[5.381s][info ][gc,heap        ] GC(1871) CMS: 36745K->36745K(43712K)
[5.381s][info ][gc,metaspace   ] GC(1871) Metaspace: 5340K->5340K(1056768K)
[5.381s][info ][gc             ] GC(1871) Pause Young (Allocation Failure) 54M->37M(61M) 1.099ms
[5.381s][info ][gc,cpu         ] GC(1871) User=0.01s Sys=0.00s Real=0.00s
[5.382s][info ][gc,start       ] GC(1872) Pause Young (Allocation Failure)
[5.382s][info ][gc,task        ] GC(1872) Using 8 workers of 8 for evacuation
[5.383s][debug][gc,age         ] GC(1872) Desired survivor size 1114112 bytes, new threshold 1 (max threshold 6)
[5.383s][info ][gc,heap        ] GC(1872) ParNew: 18286K->1963K(19648K)
[5.383s][info ][gc,heap        ] GC(1872) CMS: 36745K->36745K(43712K)
[5.383s][info ][gc,metaspace   ] GC(1872) Metaspace: 5340K->5340K(1056768K)
[5.383s][info ][gc             ] GC(1872) Pause Young (Allocation Failure) 53M->37M(61M) 0.812ms
[5.383s][info ][gc,cpu         ] GC(1872) User=0.00s Sys=0.00s Real=0.00s
[5.384s][info ][gc,start       ] GC(1873) Pause Young (Allocation Failure)
[5.384s][info ][gc,task        ] GC(1873) Using 8 workers of 8 for evacuation
[5.386s][debug][gc,age         ] GC(1873) Desired survivor size 1114112 bytes, new threshold 1 (max threshold 6)
[5.386s][info ][gc,heap        ] GC(1873) ParNew: 19129K->1967K(19648K)
[5.386s][info ][gc,heap        ] GC(1873) CMS: 36745K->37526K(43712K)
[5.386s][info ][gc,metaspace   ] GC(1873) Metaspace: 5340K->5340K(1056768K)
[5.386s][info ][gc             ] GC(1873) Pause Young (Allocation Failure) 54M->38M(61M) 1.265ms
[5.386s][info ][gc,cpu         ] GC(1873) User=0.00s Sys=0.00s Real=0.00s
[5.387s][info ][gc,start       ] GC(1874) Pause Young (Allocation Failure)
[5.387s][info ][gc,task        ] GC(1874) Using 8 workers of 8 for evacuation
[5.388s][debug][gc,age         ] GC(1874) Desired survivor size 1114112 bytes, new threshold 1 (max threshold 6)
[5.388s][info ][gc,heap        ] GC(1874) ParNew: 19124K->1576K(19648K)
[5.388s][info ][gc,heap        ] GC(1874) CMS: 37526K->37526K(43712K)
[5.388s][info ][gc,metaspace   ] GC(1874) Metaspace: 5340K->5340K(1056768K)
[5.388s][info ][gc             ] GC(1874) Pause Young (Allocation Failure) 55M->38M(61M) 0.911ms
[5.388s][info ][gc,cpu         ] GC(1874) User=0.01s Sys=0.00s Real=0.00s
[5.389s][info ][gc,start       ] GC(1875) Pause Young (Allocation Failure)
[5.390s][info ][gc,task        ] GC(1875) Using 8 workers of 8 for evacuation
[5.390s][debug][gc,age         ] GC(1875) Desired survivor size 1114112 bytes, new threshold 1 (max threshold 6)
[5.390s][info ][gc,heap        ] GC(1875) ParNew: 18728K->1969K(19648K)
[5.390s][info ][gc,heap        ] GC(1875) CMS: 37526K->38698K(43712K)
[5.390s][info ][gc,metaspace   ] GC(1875) Metaspace: 5340K->5340K(1056768K)
[5.390s][info ][gc             ] GC(1875) Pause Young (Allocation Failure) 54M->39M(61M) 0.543ms
[5.390s][info ][gc,cpu         ] GC(1875) User=0.01s Sys=0.00s Real=0.00s
[5.392s][info ][gc,start       ] GC(1876) Pause Young (Allocation Failure)
[5.392s][info ][gc,task        ] GC(1876) Using 8 workers of 8 for evacuation
[5.392s][debug][gc,age         ] GC(1876) Desired survivor size 1114112 bytes, new threshold 1 (max threshold 6)
[5.392s][info ][gc,heap        ] GC(1876) ParNew: 19116K->1967K(19648K)
[5.392s][info ][gc,heap        ] GC(1876) CMS: 38698K->39480K(43712K)
[5.392s][info ][gc,metaspace   ] GC(1876) Metaspace: 5340K->5340K(1056768K)
[5.392s][info ][gc             ] GC(1876) Pause Young (Allocation Failure) 56M->40M(61M) 0.867ms
[5.392s][info ][gc,cpu         ] GC(1876) User=0.01s Sys=0.00s Real=0.00s
[5.394s][info ][gc,start       ] GC(1877) Pause Young (Allocation Failure)
[5.394s][info ][gc,task        ] GC(1877) Using 8 workers of 8 for evacuation
[5.395s][debug][gc,age         ] GC(1877) Desired survivor size 1114112 bytes, new threshold 1 (max threshold 6)
[5.395s][info ][gc,heap        ] GC(1877) ParNew: 19112K->1965K(19648K)
[5.395s][info ][gc,heap        ] GC(1877) CMS: 39480K->40261K(43712K)
[5.395s][info ][gc,metaspace   ] GC(1877) Metaspace: 5340K->5340K(1056768K)
[5.395s][info ][gc             ] GC(1877) Pause Young (Allocation Failure) 57M->41M(61M) 1.243ms
[5.395s][info ][gc,cpu         ] GC(1877) User=0.00s Sys=0.00s Real=0.00s
[5.396s][info ][gc,start       ] GC(1878) Pause Young (Allocation Failure)
[5.396s][info ][gc,task        ] GC(1878) Using 8 workers of 8 for evacuation
[5.397s][debug][gc,age         ] GC(1878) Desired survivor size 1114112 bytes, new threshold 1 (max threshold 6)
[5.397s][info ][gc,heap        ] GC(1878) ParNew: 19108K->1572K(19648K)
[5.397s][info ][gc,heap        ] GC(1878) CMS: 40261K->40261K(43712K)
[5.397s][info ][gc,metaspace   ] GC(1878) Metaspace: 5340K->5340K(1056768K)
[5.397s][info ][gc             ] GC(1878) Pause Young (Allocation Failure) 57M->40M(61M) 0.519ms
[5.397s][info ][gc,cpu         ] GC(1878) User=0.00s Sys=0.00s Real=0.00s
[5.398s][info ][gc,start       ] GC(1879) Pause Young (Allocation Failure)
[5.398s][info ][gc,task        ] GC(1879) Using 8 workers of 8 for evacuation
[5.400s][debug][gc,age         ] GC(1879) Desired survivor size 1114112 bytes, new threshold 1 (max threshold 6)
[5.400s][info ][gc,heap        ] GC(1879) ParNew: 18715K->1957K(19648K)
[5.400s][info ][gc,heap        ] GC(1879) CMS: 40261K->41433K(43712K)
[5.400s][info ][gc,metaspace   ] GC(1879) Metaspace: 5340K->5340K(1056768K)
[5.400s][info ][gc             ] GC(1879) Pause Young (Allocation Failure) 57M->42M(61M) 1.707ms
[5.400s][info ][gc,cpu         ] GC(1879) User=0.01s Sys=0.00s Real=0.00s
[5.402s][info ][gc,start       ] GC(1880) Pause Young (Allocation Failure)
[5.402s][info ][gc,task        ] GC(1880) Using 8 workers of 8 for evacuation
[5.404s][debug][gc,age         ] GC(1880) Desired survivor size 1114112 bytes, new threshold 6 (max threshold 6)
[5.404s][info ][gc,heap        ] GC(1880) ParNew: 19318K->394K(19648K)
[5.404s][info ][gc,heap        ] GC(1880) CMS: 41433K->42606K(43712K)
[5.404s][info ][gc,metaspace   ] GC(1880) Metaspace: 5340K->5340K(1056768K)
[5.404s][info ][gc             ] GC(1880) Pause Young (Allocation Failure) 59M->41M(61M) 1.967ms
[5.404s][info ][gc,cpu         ] GC(1880) User=0.01s Sys=0.00s Real=0.01s
[5.405s][info ][gc,start       ] GC(1881) Pause Young (Allocation Failure)
[5.405s][info ][gc,task        ] GC(1881) Using 8 workers of 8 for evacuation
[5.405s][info ][gc,start       ] GC(1882) Pause Full (Allocation Failure)
[5.406s][info ][gc             ] GC(1866) Concurrent Abortable Preclean 33.734ms
[5.406s][info ][gc,cpu         ] GC(1866) User=0.16s Sys=0.01s Real=0.04s
[5.406s][info ][gc,phases,start] GC(1882) Phase 1: Mark live objects
[5.407s][debug][gc,phases      ] GC(1882) Reference Processing 0.207ms
[5.407s][debug][gc,phases      ] GC(1882) Weak Processing 0.007ms
[5.407s][debug][gc,phases      ] GC(1882) ClassLoaderData 0.016ms
[5.407s][debug][gc,phases      ] GC(1882) ProtectionDomainCacheTable 0.003ms
[5.407s][debug][gc,phases      ] GC(1882) ResolvedMethodTable 0.008ms
[5.407s][debug][gc,phases      ] GC(1882) Class Unloading 0.221ms
[5.407s][debug][gc,phases      ] GC(1882) Scrub String Table 0.029ms
[5.409s][debug][gc,phases      ] GC(1882) Scrub Symbol Table 1.592ms
[5.409s][info ][gc,phases      ] GC(1882) Phase 1: Mark live objects 3.369ms
[5.409s][info ][gc,phases,start] GC(1882) Phase 2: Compute new object addresses
[5.410s][info ][gc,phases      ] GC(1882) Phase 2: Compute new object addresses 0.571ms
[5.410s][info ][gc,phases,start] GC(1882) Phase 3: Adjust pointers
[5.411s][info ][gc,phases      ] GC(1882) Phase 3: Adjust pointers 1.187ms
[5.411s][info ][gc,phases,start] GC(1882) Phase 4: Move objects
[5.411s][info ][gc,phases      ] GC(1882) Phase 4: Move objects 0.418ms
[5.411s][info ][gc             ] GC(1882) Pause Full (Allocation Failure) 58M->3M(61M) 5.929ms
[5.411s][info ][gc,heap        ] GC(1881) ParNew: 17776K->0K(19648K)
[5.411s][info ][gc,heap        ] GC(1881) CMS: 42606K->3893K(43712K)
[5.411s][info ][gc,metaspace   ] GC(1881) Metaspace: 5340K->5340K(1056768K)
[5.411s][info ][gc             ] GC(1881) Pause Young (Allocation Failure) 58M->3M(61M) 6.102ms
[5.411s][info ][gc,cpu         ] GC(1881) User=0.01s Sys=0.00s Real=0.00s
[5.413s][info ][gc,start       ] GC(1883) Pause Young (Allocation Failure)
[5.413s][info ][gc,task        ] GC(1883) Using 8 workers of 8 for evacuation
[5.414s][debug][gc,age         ] GC(1883) Desired survivor size 1114112 bytes, new threshold 1 (max threshold 6)
[5.414s][info ][gc,heap        ] GC(1883) ParNew: 17255K->1959K(19648K)
[5.414s][info ][gc,heap        ] GC(1883) CMS: 3893K->3893K(43712K)
[5.414s][info ][gc,metaspace   ] GC(1883) Metaspace: 5340K->5340K(1056768K)
[5.414s][info ][gc             ] GC(1883) Pause Young (Allocation Failure) 20M->5M(61M) 1.288ms
[5.414s][info ][gc,cpu         ] GC(1883) User=0.01s Sys=0.00s Real=0.01s
[5.415s][info ][gc,start       ] GC(1884) Pause Young (Allocation Failure)
[5.415s][info ][gc,task        ] GC(1884) Using 8 workers of 8 for evacuation
[5.416s][debug][gc,age         ] GC(1884) Desired survivor size 1114112 bytes, new threshold 1 (max threshold 6)
[5.416s][info ][gc,heap        ] GC(1884) ParNew: 19122K->1967K(19648K)
[5.416s][info ][gc,heap        ] GC(1884) CMS: 3893K->3906K(43712K)
[5.416s][info ][gc,metaspace   ] GC(1884) Metaspace: 5340K->5340K(1056768K)
[5.416s][info ][gc             ] GC(1884) Pause Young (Allocation Failure) 22M->5M(61M) 0.973ms
[5.416s][info ][gc,cpu         ] GC(1884) User=0.01s Sys=0.00s Real=0.00s
[5.418s][info ][gc,start       ] GC(1885) Pause Young (Allocation Failure)
[5.418s][info ][gc,task        ] GC(1885) Using 8 workers of 8 for evacuation
[5.418s][debug][gc,age         ] GC(1885) Desired survivor size 1114112 bytes, new threshold 1 (max threshold 6)
[5.418s][info ][gc,heap        ] GC(1885) ParNew: 19173K->1969K(19648K)
[5.418s][info ][gc,heap        ] GC(1885) CMS: 3906K->4690K(43712K)
[5.418s][info ][gc,metaspace   ] GC(1885) Metaspace: 5340K->5340K(1056768K)
[5.418s][info ][gc             ] GC(1885) Pause Young (Allocation Failure) 22M->6M(61M) 0.502ms
[5.418s][info ][gc,cpu         ] GC(1885) User=0.01s Sys=0.00s Real=0.00s
[5.420s][info ][gc,start       ] GC(1886) Pause Young (Allocation Failure)
[5.420s][info ][gc,task        ] GC(1886) Using 8 workers of 8 for evacuation
[5.420s][debug][gc,age         ] GC(1886) Desired survivor size 1114112 bytes, new threshold 1 (max threshold 6)
[5.420s][info ][gc,heap        ] GC(1886) ParNew: 19152K->1572K(19648K)
[5.420s][info ][gc,heap        ] GC(1886) CMS: 4690K->4690K(43712K)
[5.420s][info ][gc,metaspace   ] GC(1886) Metaspace: 5340K->5340K(1056768K)
[5.420s][info ][gc             ] GC(1886) Pause Young (Allocation Failure) 23M->6M(61M) 0.569ms
[5.421s][info ][gc,cpu         ] GC(1886) User=0.00s Sys=0.00s Real=0.00s
[5.422s][info ][gc,start       ] GC(1887) Pause Young (Allocation Failure)
[5.422s][info ][gc,task        ] GC(1887) Using 8 workers of 8 for evacuation
[5.423s][debug][gc,age         ] GC(1887) Desired survivor size 1114112 bytes, new threshold 1 (max threshold 6)
[5.423s][info ][gc,heap        ] GC(1887) ParNew: 18740K->1963K(19648K)
[5.423s][info ][gc,heap        ] GC(1887) CMS: 4690K->5471K(43712K)
[5.423s][info ][gc,metaspace   ] GC(1887) Metaspace: 5340K->5340K(1056768K)
[5.423s][info ][gc             ] GC(1887) Pause Young (Allocation Failure) 22M->7M(61M) 1.290ms
[5.423s][info ][gc,cpu         ] GC(1887) User=0.00s Sys=0.00s Real=0.00s
[5.425s][info ][gc,start       ] GC(1888) Pause Young (Allocation Failure)
[5.425s][info ][gc,task        ] GC(1888) Using 8 workers of 8 for evacuation
[5.425s][debug][gc,age         ] GC(1888) Desired survivor size 1114112 bytes, new threshold 1 (max threshold 6)
[5.425s][info ][gc,heap        ] GC(1888) ParNew: 19121K->1967K(19648K)
[5.425s][info ][gc,heap        ] GC(1888) CMS: 5471K->5471K(43712K)
[5.425s][info ][gc,metaspace   ] GC(1888) Metaspace: 5340K->5340K(1056768K)
[5.425s][info ][gc             ] GC(1888) Pause Young (Allocation Failure) 24M->7M(61M) 0.703ms
[5.425s][info ][gc,cpu         ] GC(1888) User=0.00s Sys=0.00s Real=0.00s
[5.427s][info ][gc,start       ] GC(1889) Pause Young (Allocation Failure)
[5.427s][info ][gc,task        ] GC(1889) Using 8 workers of 8 for evacuation
[5.427s][debug][gc,age         ] GC(1889) Desired survivor size 1114112 bytes, new threshold 1 (max threshold 6)
[5.427s][info ][gc,heap        ] GC(1889) ParNew: 19119K->1969K(19648K)
[5.427s][info ][gc,heap        ] GC(1889) CMS: 5471K->6643K(43712K)
[5.427s][info ][gc,metaspace   ] GC(1889) Metaspace: 5340K->5340K(1056768K)
[5.427s][info ][gc             ] GC(1889) Pause Young (Allocation Failure) 24M->8M(61M) 0.682ms
[5.427s][info ][gc,cpu         ] GC(1889) User=0.00s Sys=0.00s Real=0.00s
[5.429s][info ][gc,start       ] GC(1890) Pause Young (Allocation Failure)
[5.429s][info ][gc,task        ] GC(1890) Using 8 workers of 8 for evacuation
[5.429s][debug][gc,age         ] GC(1890) Desired survivor size 1114112 bytes, new threshold 1 (max threshold 6)
[5.429s][info ][gc,heap        ] GC(1890) ParNew: 19441K->1965K(19648K)
[5.429s][info ][gc,heap        ] GC(1890) CMS: 6643K->7034K(43712K)
[5.429s][info ][gc,metaspace   ] GC(1890) Metaspace: 5340K->5340K(1056768K)
[5.429s][info ][gc             ] GC(1890) Pause Young (Allocation Failure) 25M->8M(61M) 0.442ms
[5.429s][info ][gc,cpu         ] GC(1890) User=0.00s Sys=0.00s Real=0.00s
[5.431s][info ][gc,start       ] GC(1891) Pause Young (Allocation Failure)
[5.431s][info ][gc,task        ] GC(1891) Using 8 workers of 8 for evacuation
[5.432s][debug][gc,age         ] GC(1891) Desired survivor size 1114112 bytes, new threshold 1 (max threshold 6)
[5.432s][info ][gc,heap        ] GC(1891) ParNew: 19125K->1963K(19648K)
[5.432s][info ][gc,heap        ] GC(1891) CMS: 7034K->7425K(43712K)
[5.432s][info ][gc,metaspace   ] GC(1891) Metaspace: 5340K->5340K(1056768K)
[5.432s][info ][gc             ] GC(1891) Pause Young (Allocation Failure) 25M->9M(61M) 1.249ms
[5.432s][info ][gc,cpu         ] GC(1891) User=0.00s Sys=0.00s Real=0.00s
[5.434s][info ][gc,start       ] GC(1892) Pause Young (Allocation Failure)
[5.434s][info ][gc,task        ] GC(1892) Using 8 workers of 8 for evacuation
[5.435s][debug][gc,age         ] GC(1892) Desired survivor size 1114112 bytes, new threshold 1 (max threshold 6)
[5.435s][info ][gc,heap        ] GC(1892) ParNew: 19435K->1568K(19648K)
[5.435s][info ][gc,heap        ] GC(1892) CMS: 7425K->7816K(43712K)
[5.435s][info ][gc,metaspace   ] GC(1892) Metaspace: 5340K->5340K(1056768K)
[5.435s][info ][gc             ] GC(1892) Pause Young (Allocation Failure) 26M->9M(61M) 1.323ms
[5.435s][info ][gc,cpu         ] GC(1892) User=0.00s Sys=0.00s Real=0.00s
[5.437s][info ][gc,start       ] GC(1893) Pause Young (Allocation Failure)
[5.437s][info ][gc,task        ] GC(1893) Using 8 workers of 8 for evacuation
[5.438s][debug][gc,age         ] GC(1893) Desired survivor size 1114112 bytes, new threshold 1 (max threshold 6)
[5.438s][info ][gc,heap        ] GC(1893) ParNew: 19024K->1570K(19648K)
[5.438s][info ][gc,heap        ] GC(1893) CMS: 7816K->8207K(43712K)
[5.438s][info ][gc,metaspace   ] GC(1893) Metaspace: 5340K->5340K(1056768K)
[5.438s][info ][gc             ] GC(1893) Pause Young (Allocation Failure) 26M->9M(61M) 1.340ms
[5.438s][info ][gc,cpu         ] GC(1893) User=0.00s Sys=0.00s Real=0.00s
[5.439s][info ][gc,start       ] GC(1894) Pause Young (Allocation Failure)
[5.439s][info ][gc,task        ] GC(1894) Using 8 workers of 8 for evacuation
[5.440s][debug][gc,age         ] GC(1894) Desired survivor size 1114112 bytes, new threshold 1 (max threshold 6)
[5.440s][info ][gc,heap        ] GC(1894) ParNew: 18767K->1959K(19648K)
[5.440s][info ][gc,heap        ] GC(1894) CMS: 8207K->8207K(43712K)
[5.440s][info ][gc,metaspace   ] GC(1894) Metaspace: 5340K->5340K(1056768K)
[5.440s][info ][gc             ] GC(1894) Pause Young (Allocation Failure) 26M->9M(61M) 1.286ms
[5.440s][info ][gc,cpu         ] GC(1894) User=0.00s Sys=0.00s Real=0.00s
[5.442s][info ][gc,start       ] GC(1895) Pause Young (Allocation Failure)
[5.442s][info ][gc,task        ] GC(1895) Using 8 workers of 8 for evacuation
[5.443s][debug][gc,age         ] GC(1895) Desired survivor size 1114112 bytes, new threshold 1 (max threshold 6)
[5.443s][info ][gc,heap        ] GC(1895) ParNew: 19097K->1965K(19648K)
[5.443s][info ][gc,heap        ] GC(1895) CMS: 8207K->8598K(43712K)
[5.443s][info ][gc,metaspace   ] GC(1895) Metaspace: 5340K->5340K(1056768K)
[5.443s][info ][gc             ] GC(1895) Pause Young (Allocation Failure) 26M->10M(61M) 0.789ms
[5.443s][info ][gc,cpu         ] GC(1895) User=0.00s Sys=0.00s Real=0.00s
[5.444s][info ][gc,start       ] GC(1896) Pause Young (Allocation Failure)
[5.444s][info ][gc,task        ] GC(1896) Using 8 workers of 8 for evacuation
[5.445s][debug][gc,age         ] GC(1896) Desired survivor size 1114112 bytes, new threshold 1 (max threshold 6)
[5.445s][info ][gc,heap        ] GC(1896) ParNew: 19142K->1961K(19648K)
[5.445s][info ][gc,heap        ] GC(1896) CMS: 8598K->8598K(43712K)
[5.445s][info ][gc,metaspace   ] GC(1896) Metaspace: 5340K->5340K(1056768K)
[5.445s][info ][gc             ] GC(1896) Pause Young (Allocation Failure) 27M->10M(61M) 1.174ms
[5.445s][info ][gc,cpu         ] GC(1896) User=0.01s Sys=0.00s Real=0.00s
[5.447s][info ][gc,start       ] GC(1897) Pause Young (Allocation Failure)
[5.447s][info ][gc,task        ] GC(1897) Using 8 workers of 8 for evacuation
[5.448s][debug][gc,age         ] GC(1897) Desired survivor size 1114112 bytes, new threshold 1 (max threshold 6)
[5.448s][info ][gc,heap        ] GC(1897) ParNew: 19417K->1175K(19648K)
[5.448s][info ][gc,heap        ] GC(1897) CMS: 8598K->8599K(43712K)
[5.448s][info ][gc,metaspace   ] GC(1897) Metaspace: 5340K->5340K(1056768K)
[5.448s][info ][gc             ] GC(1897) Pause Young (Allocation Failure) 27M->9M(61M) 1.601ms
[5.448s][info ][gc,cpu         ] GC(1897) User=0.01s Sys=0.00s Real=0.00s
[5.450s][info ][gc,start       ] GC(1898) Pause Young (Allocation Failure)
[5.450s][info ][gc,task        ] GC(1898) Using 8 workers of 8 for evacuation
[5.451s][debug][gc,age         ] GC(1898) Desired survivor size 1114112 bytes, new threshold 1 (max threshold 6)
[5.451s][info ][gc,heap        ] GC(1898) ParNew: 18282K->1570K(19648K)
[5.451s][info ][gc,heap        ] GC(1898) CMS: 8599K->8990K(43712K)
[5.451s][info ][gc,metaspace   ] GC(1898) Metaspace: 5340K->5340K(1056768K)
[5.451s][info ][gc             ] GC(1898) Pause Young (Allocation Failure) 26M->10M(61M) 1.278ms
[5.451s][info ][gc,cpu         ] GC(1898) User=0.01s Sys=0.00s Real=0.00s
[5.453s][info ][gc,start       ] GC(1899) Pause Young (Allocation Failure)
[5.453s][info ][gc,task        ] GC(1899) Using 8 workers of 8 for evacuation
[5.455s][debug][gc,age         ] GC(1899) Desired survivor size 1114112 bytes, new threshold 1 (max threshold 6)
[5.455s][info ][gc,heap        ] GC(1899) ParNew: 18959K->1570K(19648K)
[5.455s][info ][gc,heap        ] GC(1899) CMS: 8990K->9381K(43712K)
[5.455s][info ][gc,metaspace   ] GC(1899) Metaspace: 5340K->5340K(1056768K)
[5.455s][info ][gc             ] GC(1899) Pause Young (Allocation Failure) 27M->10M(61M) 1.451ms
[5.455s][info ][gc,cpu         ] GC(1899) User=0.01s Sys=0.00s Real=0.00s
[5.458s][info ][gc,start       ] GC(1900) Pause Young (Allocation Failure)
[5.458s][info ][gc,task        ] GC(1900) Using 8 workers of 8 for evacuation
[5.459s][debug][gc,age         ] GC(1900) Desired survivor size 1114112 bytes, new threshold 1 (max threshold 6)
[5.459s][info ][gc,heap        ] GC(1900) ParNew: 18660K->1961K(19648K)
[5.459s][info ][gc,heap        ] GC(1900) CMS: 9381K->9772K(43712K)
[5.459s][info ][gc,metaspace   ] GC(1900) Metaspace: 5340K->5340K(1056768K)
[5.459s][info ][gc             ] GC(1900) Pause Young (Allocation Failure) 27M->11M(61M) 1.673ms
[5.459s][info ][gc,cpu         ] GC(1900) User=0.00s Sys=0.00s Real=0.00s
[5.461s][info ][gc,start       ] GC(1901) Pause Young (Allocation Failure)
[5.461s][info ][gc,task        ] GC(1901) Using 8 workers of 8 for evacuation
[5.461s][debug][gc,age         ] GC(1901) Desired survivor size 1114112 bytes, new threshold 1 (max threshold 6)
[5.461s][info ][gc,heap        ] GC(1901) ParNew: 19230K->1969K(19648K)
[5.461s][info ][gc,heap        ] GC(1901) CMS: 9772K->10163K(43712K)
[5.461s][info ][gc,metaspace   ] GC(1901) Metaspace: 5340K->5340K(1056768K)
[5.461s][info ][gc             ] GC(1901) Pause Young (Allocation Failure) 28M->11M(61M) 0.681ms
[5.461s][info ][gc,cpu         ] GC(1901) User=0.00s Sys=0.00s Real=0.00s
[5.463s][info ][gc,start       ] GC(1902) Pause Young (Allocation Failure)
[5.463s][info ][gc,task        ] GC(1902) Using 8 workers of 8 for evacuation
[5.464s][debug][gc,age         ] GC(1902) Desired survivor size 1114112 bytes, new threshold 1 (max threshold 6)
[5.464s][info ][gc,heap        ] GC(1902) ParNew: 19192K->1963K(19648K)
[5.464s][info ][gc,heap        ] GC(1902) CMS: 10163K->10163K(43712K)
[5.464s][info ][gc,metaspace   ] GC(1902) Metaspace: 5340K->5340K(1056768K)
[5.464s][info ][gc             ] GC(1902) Pause Young (Allocation Failure) 28M->11M(61M) 1.280ms
[5.464s][info ][gc,cpu         ] GC(1902) User=0.01s Sys=0.00s Real=0.01s
[5.465s][info ][gc,start       ] GC(1903) Pause Young (Allocation Failure)
[5.466s][info ][gc,task        ] GC(1903) Using 8 workers of 8 for evacuation
[5.467s][debug][gc,age         ] GC(1903) Desired survivor size 1114112 bytes, new threshold 1 (max threshold 6)
[5.467s][info ][gc,heap        ] GC(1903) ParNew: 19107K->1961K(19648K)
[5.467s][info ][gc,heap        ] GC(1903) CMS: 10163K->11335K(43712K)
[5.467s][info ][gc,metaspace   ] GC(1903) Metaspace: 5340K->5340K(1056768K)
[5.467s][info ][gc             ] GC(1903) Pause Young (Allocation Failure) 28M->12M(61M) 1.635ms
[5.467s][info ][gc,cpu         ] GC(1903) User=0.00s Sys=0.00s Real=0.00s
[5.469s][info ][gc,start       ] GC(1904) Pause Young (Allocation Failure)
[5.469s][info ][gc,task        ] GC(1904) Using 8 workers of 8 for evacuation
[5.470s][debug][gc,age         ] GC(1904) Desired survivor size 1114112 bytes, new threshold 6 (max threshold 6)
[5.470s][info ][gc,heap        ] GC(1904) ParNew: 19333K->789K(19648K)
[5.470s][info ][gc,heap        ] GC(1904) CMS: 11335K->12508K(43712K)
[5.470s][info ][gc,metaspace   ] GC(1904) Metaspace: 5340K->5340K(1056768K)
[5.470s][info ][gc             ] GC(1904) Pause Young (Allocation Failure) 29M->12M(61M) 1.238ms
[5.470s][info ][gc,cpu         ] GC(1904) User=0.00s Sys=0.00s Real=0.00s
[5.472s][info ][gc,start       ] GC(1905) Pause Young (Allocation Failure)
[5.472s][info ][gc,task        ] GC(1905) Using 8 workers of 8 for evacuation
[5.472s][debug][gc,age         ] GC(1905) Desired survivor size 1114112 bytes, new threshold 2 (max threshold 6)
[5.472s][info ][gc,heap        ] GC(1905) ParNew: 18182K->1186K(19648K)
[5.472s][info ][gc,heap        ] GC(1905) CMS: 12508K->12508K(43712K)
[5.472s][info ][gc,metaspace   ] GC(1905) Metaspace: 5340K->5340K(1056768K)
[5.472s][info ][gc             ] GC(1905) Pause Young (Allocation Failure) 29M->13M(61M) 0.458ms
[5.472s][info ][gc,cpu         ] GC(1905) User=0.00s Sys=0.00s Real=0.00s
[5.474s][info ][gc,start       ] GC(1906) Pause Young (Allocation Failure)
[5.474s][info ][gc,task        ] GC(1906) Using 8 workers of 8 for evacuation
[5.474s][debug][gc,age         ] GC(1906) Desired survivor size 1114112 bytes, new threshold 2 (max threshold 6)
[5.474s][info ][gc,heap        ] GC(1906) ParNew: 18621K->1570K(19648K)
[5.474s][info ][gc,heap        ] GC(1906) CMS: 12508K->12509K(43712K)
[5.474s][info ][gc,metaspace   ] GC(1906) Metaspace: 5340K->5340K(1056768K)
[5.474s][info ][gc             ] GC(1906) Pause Young (Allocation Failure) 30M->13M(61M) 0.754ms
[5.474s][info ][gc,cpu         ] GC(1906) User=0.00s Sys=0.00s Real=0.00s
[5.476s][info ][gc,start       ] GC(1907) Pause Young (Allocation Failure)
[5.476s][info ][gc,task        ] GC(1907) Using 8 workers of 8 for evacuation
[5.477s][debug][gc,age         ] GC(1907) Desired survivor size 1114112 bytes, new threshold 1 (max threshold 6)
[5.477s][info ][gc,heap        ] GC(1907) ParNew: 18902K->1965K(19648K)
[5.477s][info ][gc,heap        ] GC(1907) CMS: 12509K->13681K(43712K)
[5.477s][info ][gc,metaspace   ] GC(1907) Metaspace: 5340K->5340K(1056768K)
[5.477s][info ][gc             ] GC(1907) Pause Young (Allocation Failure) 30M->15M(61M) 1.498ms
[5.477s][info ][gc,cpu         ] GC(1907) User=0.01s Sys=0.00s Real=0.00s
[5.479s][info ][gc,start       ] GC(1908) Pause Young (Allocation Failure)
[5.479s][info ][gc,task        ] GC(1908) Using 8 workers of 8 for evacuation
[5.480s][debug][gc,age         ] GC(1908) Desired survivor size 1114112 bytes, new threshold 1 (max threshold 6)
[5.480s][info ][gc,heap        ] GC(1908) ParNew: 19229K->1963K(19648K)
[5.480s][info ][gc,heap        ] GC(1908) CMS: 13681K->14853K(43712K)
[5.480s][info ][gc,metaspace   ] GC(1908) Metaspace: 5340K->5340K(1056768K)
[5.480s][info ][gc             ] GC(1908) Pause Young (Allocation Failure) 32M->16M(61M) 1.352ms
[5.480s][info ][gc,cpu         ] GC(1908) User=0.01s Sys=0.00s Real=0.00s
[5.482s][info ][gc,start       ] GC(1909) Pause Young (Allocation Failure)
[5.482s][info ][gc,task        ] GC(1909) Using 8 workers of 8 for evacuation
[5.483s][debug][gc,age         ] GC(1909) Desired survivor size 1114112 bytes, new threshold 1 (max threshold 6)
[5.483s][info ][gc,heap        ] GC(1909) ParNew: 19142K->1574K(19648K)
[5.483s][info ][gc,heap        ] GC(1909) CMS: 14853K->15244K(43712K)
[5.483s][info ][gc,metaspace   ] GC(1909) Metaspace: 5340K->5340K(1056768K)
[5.483s][info ][gc             ] GC(1909) Pause Young (Allocation Failure) 33M->16M(61M) 1.016ms
[5.483s][info ][gc,cpu         ] GC(1909) User=0.00s Sys=0.00s Real=0.00s
[5.484s][info ][gc,start       ] GC(1910) Pause Young (Allocation Failure)
[5.485s][info ][gc,task        ] GC(1910) Using 8 workers of 8 for evacuation
[5.486s][debug][gc,age         ] GC(1910) Desired survivor size 1114112 bytes, new threshold 1 (max threshold 6)
[5.486s][info ][gc,heap        ] GC(1910) ParNew: 18780K->1568K(19648K)
[5.486s][info ][gc,heap        ] GC(1910) CMS: 15244K->15635K(43712K)
[5.486s][info ][gc,metaspace   ] GC(1910) Metaspace: 5340K->5340K(1056768K)
[5.486s][info ][gc             ] GC(1910) Pause Young (Allocation Failure) 33M->16M(61M) 1.505ms
[5.486s][info ][gc,cpu         ] GC(1910) User=0.01s Sys=0.00s Real=0.00s
[5.487s][info ][gc,start       ] GC(1911) Pause Young (Allocation Failure)
[5.487s][info ][gc,task        ] GC(1911) Using 8 workers of 8 for evacuation
[5.489s][debug][gc,age         ] GC(1911) Desired survivor size 1114112 bytes, new threshold 1 (max threshold 6)
[5.489s][info ][gc,heap        ] GC(1911) ParNew: 18698K->1959K(19648K)
[5.489s][info ][gc,heap        ] GC(1911) CMS: 15635K->15635K(43712K)
[5.489s][info ][gc,metaspace   ] GC(1911) Metaspace: 5340K->5340K(1056768K)
[5.489s][info ][gc             ] GC(1911) Pause Young (Allocation Failure) 33M->17M(61M) 1.290ms
[5.489s][info ][gc,cpu         ] GC(1911) User=0.01s Sys=0.00s Real=0.00s
[5.490s][info ][gc,start       ] GC(1912) Pause Young (Allocation Failure)
[5.490s][info ][gc,task        ] GC(1912) Using 8 workers of 8 for evacuation
[5.493s][debug][gc,age         ] GC(1912) Desired survivor size 1114112 bytes, new threshold 1 (max threshold 6)
[5.493s][info ][gc,heap        ] GC(1912) ParNew: 19416K->1566K(19648K)
[5.493s][info ][gc,heap        ] GC(1912) CMS: 15635K->16417K(43712K)
[5.493s][info ][gc,metaspace   ] GC(1912) Metaspace: 5340K->5340K(1056768K)
[5.493s][info ][gc             ] GC(1912) Pause Young (Allocation Failure) 34M->17M(61M) 2.868ms
[5.493s][info ][gc,cpu         ] GC(1912) User=0.01s Sys=0.00s Real=0.00s
[5.495s][info ][gc,start       ] GC(1913) Pause Young (Allocation Failure)
[5.495s][info ][gc,task        ] GC(1913) Using 8 workers of 8 for evacuation
[5.496s][debug][gc,age         ] GC(1913) Desired survivor size 1114112 bytes, new threshold 1 (max threshold 6)
[5.496s][info ][gc,heap        ] GC(1913) ParNew: 18779K->1959K(19648K)
[5.496s][info ][gc,heap        ] GC(1913) CMS: 16417K->17199K(43712K)
[5.496s][info ][gc,metaspace   ] GC(1913) Metaspace: 5340K->5340K(1056768K)
[5.496s][info ][gc             ] GC(1913) Pause Young (Allocation Failure) 34M->18M(61M) 1.304ms
[5.496s][info ][gc,cpu         ] GC(1913) User=0.00s Sys=0.00s Real=0.00s
[5.497s][info ][gc,start       ] GC(1914) Pause Young (Allocation Failure)
[5.498s][info ][gc,task        ] GC(1914) Using 8 workers of 8 for evacuation
[5.499s][debug][gc,age         ] GC(1914) Desired survivor size 1114112 bytes, new threshold 1 (max threshold 6)
[5.499s][info ][gc,heap        ] GC(1914) ParNew: 19146K->1967K(19648K)
[5.499s][info ][gc,heap        ] GC(1914) CMS: 17199K->17980K(43712K)
[5.499s][info ][gc,metaspace   ] GC(1914) Metaspace: 5340K->5340K(1056768K)
[5.499s][info ][gc             ] GC(1914) Pause Young (Allocation Failure) 35M->19M(61M) 1.409ms
[5.499s][info ][gc,cpu         ] GC(1914) User=0.00s Sys=0.00s Real=0.00s
[5.500s][info ][gc,start       ] GC(1915) Pause Young (Allocation Failure)
[5.500s][info ][gc,task        ] GC(1915) Using 8 workers of 8 for evacuation
[5.501s][debug][gc,age         ] GC(1915) Desired survivor size 1114112 bytes, new threshold 1 (max threshold 6)
[5.501s][info ][gc,heap        ] GC(1915) ParNew: 19137K->1963K(19648K)
[5.501s][info ][gc,heap        ] GC(1915) CMS: 17980K->18371K(43712K)
[5.501s][info ][gc,metaspace   ] GC(1915) Metaspace: 5340K->5340K(1056768K)
[5.501s][info ][gc             ] GC(1915) Pause Young (Allocation Failure) 36M->19M(61M) 0.728ms
[5.501s][info ][gc,cpu         ] GC(1915) User=0.00s Sys=0.00s Real=0.00s
[5.503s][info ][gc,start       ] GC(1916) Pause Young (Allocation Failure)
[5.503s][info ][gc,task        ] GC(1916) Using 8 workers of 8 for evacuation
[5.504s][debug][gc,age         ] GC(1916) Desired survivor size 1114112 bytes, new threshold 1 (max threshold 6)
[5.504s][info ][gc,heap        ] GC(1916) ParNew: 19123K->1957K(19648K)
[5.504s][info ][gc,heap        ] GC(1916) CMS: 18371K->19153K(43712K)
[5.504s][info ][gc,metaspace   ] GC(1916) Metaspace: 5340K->5340K(1056768K)
[5.504s][info ][gc             ] GC(1916) Pause Young (Allocation Failure) 36M->20M(61M) 1.628ms
[5.504s][info ][gc,cpu         ] GC(1916) User=0.01s Sys=0.00s Real=0.01s
[5.506s][info ][gc,start       ] GC(1917) Pause Young (Allocation Failure)
[5.506s][info ][gc,task        ] GC(1917) Using 8 workers of 8 for evacuation
[5.507s][debug][gc,age         ] GC(1917) Desired survivor size 1114112 bytes, new threshold 1 (max threshold 6)
[5.507s][info ][gc,heap        ] GC(1917) ParNew: 19110K->1969K(19648K)
[5.507s][info ][gc,heap        ] GC(1917) CMS: 19153K->20324K(43712K)
[5.507s][info ][gc,metaspace   ] GC(1917) Metaspace: 5340K->5340K(1056768K)
[5.507s][info ][gc             ] GC(1917) Pause Young (Allocation Failure) 37M->21M(61M) 0.642ms
[5.507s][info ][gc,cpu         ] GC(1917) User=0.00s Sys=0.00s Real=0.00s
[5.508s][info ][gc,start       ] GC(1918) Pause Young (Allocation Failure)
[5.509s][info ][gc,task        ] GC(1918) Using 8 workers of 8 for evacuation
[5.510s][debug][gc,age         ] GC(1918) Desired survivor size 1114112 bytes, new threshold 1 (max threshold 6)
[5.510s][info ][gc,heap        ] GC(1918) ParNew: 19334K->1179K(19648K)
[5.510s][info ][gc,heap        ] GC(1918) CMS: 20324K->21498K(43712K)
[5.510s][info ][gc,metaspace   ] GC(1918) Metaspace: 5340K->5340K(1056768K)
[5.510s][info ][gc             ] GC(1918) Pause Young (Allocation Failure) 38M->22M(61M) 1.397ms
[5.510s][info ][gc,cpu         ] GC(1918) User=0.00s Sys=0.00s Real=0.00s
[5.511s][info ][gc,start       ] GC(1919) Pause Young (Allocation Failure)
[5.511s][info ][gc,task        ] GC(1919) Using 8 workers of 8 for evacuation
[5.512s][debug][gc,age         ] GC(1919) Desired survivor size 1114112 bytes, new threshold 1 (max threshold 6)
[5.512s][info ][gc,heap        ] GC(1919) ParNew: 18327K->1186K(19648K)
[5.512s][info ][gc,heap        ] GC(1919) CMS: 21498K->22279K(43712K)
[5.512s][info ][gc,metaspace   ] GC(1919) Metaspace: 5340K->5340K(1056768K)
[5.512s][info ][gc             ] GC(1919) Pause Young (Allocation Failure) 38M->22M(61M) 1.146ms
[5.512s][info ][gc,cpu         ] GC(1919) User=0.01s Sys=0.01s Real=0.00s
[5.514s][info ][gc,start       ] GC(1920) Pause Young (Allocation Failure)
[5.514s][info ][gc,task        ] GC(1920) Using 8 workers of 8 for evacuation
[5.515s][debug][gc,age         ] GC(1920) Desired survivor size 1114112 bytes, new threshold 6 (max threshold 6)
[5.516s][info ][gc,heap        ] GC(1920) ParNew: 18617K->785K(19648K)
[5.516s][info ][gc,heap        ] GC(1920) CMS: 22279K->23062K(43712K)
[5.516s][info ][gc,metaspace   ] GC(1920) Metaspace: 5340K->5340K(1056768K)
[5.516s][info ][gc             ] GC(1920) Pause Young (Allocation Failure) 39M->23M(61M) 1.431ms
[5.516s][info ][gc,cpu         ] GC(1920) User=0.00s Sys=0.00s Real=0.00s
[5.517s][info ][gc,start       ] GC(1921) Pause Young (Allocation Failure)
[5.517s][info ][gc,task        ] GC(1921) Using 8 workers of 8 for evacuation
[5.519s][debug][gc,age         ] GC(1921) Desired survivor size 1114112 bytes, new threshold 1 (max threshold 6)
[5.519s][info ][gc,heap        ] GC(1921) ParNew: 18238K->1568K(19648K)
[5.519s][info ][gc,heap        ] GC(1921) CMS: 23062K->23062K(43712K)
[5.519s][info ][gc,metaspace   ] GC(1921) Metaspace: 5340K->5340K(1056768K)
[5.519s][info ][gc             ] GC(1921) Pause Young (Allocation Failure) 40M->24M(61M) 1.444ms
[5.519s][info ][gc,cpu         ] GC(1921) User=0.00s Sys=0.00s Real=0.00s
[5.520s][info ][gc,start       ] GC(1922) Pause Young (Allocation Failure)
[5.520s][info ][gc,task        ] GC(1922) Using 8 workers of 8 for evacuation
[5.521s][debug][gc,age         ] GC(1922) Desired survivor size 1114112 bytes, new threshold 6 (max threshold 6)
[5.521s][info ][gc,heap        ] GC(1922) ParNew: 18718K->787K(19648K)
[5.521s][info ][gc,heap        ] GC(1922) CMS: 23062K->23453K(43712K)
[5.521s][info ][gc,metaspace   ] GC(1922) Metaspace: 5340K->5340K(1056768K)
[5.521s][info ][gc             ] GC(1922) Pause Young (Allocation Failure) 40M->23M(61M) 1.245ms
[5.521s][info ][gc,cpu         ] GC(1922) User=0.00s Sys=0.00s Real=0.00s
[5.523s][info ][gc,start       ] GC(1923) Pause Young (Allocation Failure)
[5.523s][info ][gc,task        ] GC(1923) Using 8 workers of 8 for evacuation
[5.524s][debug][gc,age         ] GC(1923) Desired survivor size 1114112 bytes, new threshold 1 (max threshold 6)
[5.524s][info ][gc,heap        ] GC(1923) ParNew: 18244K->1568K(19648K)
[5.524s][info ][gc,heap        ] GC(1923) CMS: 23453K->23453K(43712K)
[5.524s][info ][gc,metaspace   ] GC(1923) Metaspace: 5340K->5340K(1056768K)
[5.524s][info ][gc             ] GC(1923) Pause Young (Allocation Failure) 40M->24M(61M) 1.411ms
[5.524s][info ][gc,cpu         ] GC(1923) User=0.00s Sys=0.00s Real=0.01s
[5.525s][info ][gc,start       ] GC(1924) Pause Young (Allocation Failure)
[5.525s][info ][gc,task        ] GC(1924) Using 8 workers of 8 for evacuation
[5.526s][debug][gc,age         ] GC(1924) Desired survivor size 1114112 bytes, new threshold 1 (max threshold 6)
[5.526s][info ][gc,heap        ] GC(1924) ParNew: 18860K->1969K(19648K)
[5.526s][info ][gc,heap        ] GC(1924) CMS: 23453K->24625K(43712K)
[5.526s][info ][gc,metaspace   ] GC(1924) Metaspace: 5340K->5340K(1056768K)
[5.526s][info ][gc             ] GC(1924) Pause Young (Allocation Failure) 41M->25M(61M) 1.039ms
[5.526s][info ][gc,cpu         ] GC(1924) User=0.00s Sys=0.00s Real=0.00s
[5.528s][info ][gc,start       ] GC(1925) Pause Young (Allocation Failure)
[5.528s][info ][gc,task        ] GC(1925) Using 8 workers of 8 for evacuation
[5.529s][debug][gc,age         ] GC(1925) Desired survivor size 1114112 bytes, new threshold 1 (max threshold 6)
[5.529s][info ][gc,heap        ] GC(1925) ParNew: 19112K->1570K(19648K)
[5.529s][info ][gc,heap        ] GC(1925) CMS: 24625K->25407K(43712K)
[5.529s][info ][gc,metaspace   ] GC(1925) Metaspace: 5340K->5340K(1056768K)
[5.529s][info ][gc             ] GC(1925) Pause Young (Allocation Failure) 42M->26M(61M) 1.464ms
[5.529s][info ][gc,cpu         ] GC(1925) User=0.00s Sys=0.00s Real=0.00s
[5.531s][info ][gc,start       ] GC(1926) Pause Young (Allocation Failure)
[5.531s][info ][gc,task        ] GC(1926) Using 8 workers of 8 for evacuation
[5.532s][debug][gc,age         ] GC(1926) Desired survivor size 1114112 bytes, new threshold 1 (max threshold 6)
[5.533s][info ][gc,heap        ] GC(1926) ParNew: 18807K->1965K(19648K)
[5.533s][info ][gc,heap        ] GC(1926) CMS: 25407K->26579K(43712K)
[5.533s][info ][gc,metaspace   ] GC(1926) Metaspace: 5340K->5340K(1056768K)
[5.533s][info ][gc             ] GC(1926) Pause Young (Allocation Failure) 43M->27M(61M) 1.430ms
[5.533s][info ][gc,cpu         ] GC(1926) User=0.01s Sys=0.00s Real=0.00s
[5.534s][info ][gc,start       ] GC(1927) Pause Young (Allocation Failure)
[5.534s][info ][gc,task        ] GC(1927) Using 8 workers of 8 for evacuation
[5.535s][debug][gc,age         ] GC(1927) Desired survivor size 1114112 bytes, new threshold 1 (max threshold 6)
[5.535s][info ][gc,heap        ] GC(1927) ParNew: 19167K->1961K(19648K)
[5.535s][info ][gc,heap        ] GC(1927) CMS: 26579K->26970K(43712K)
[5.535s][info ][gc,metaspace   ] GC(1927) Metaspace: 5340K->5340K(1056768K)
[5.535s][info ][gc             ] GC(1927) Pause Young (Allocation Failure) 44M->28M(61M) 1.191ms
[5.535s][info ][gc,cpu         ] GC(1927) User=0.01s Sys=0.00s Real=0.00s
[5.537s][info ][gc,start       ] GC(1928) Pause Young (Allocation Failure)
[5.537s][info ][gc,task        ] GC(1928) Using 8 workers of 8 for evacuation
[5.539s][debug][gc,age         ] GC(1928) Desired survivor size 1114112 bytes, new threshold 1 (max threshold 6)
[5.539s][info ][gc,heap        ] GC(1928) ParNew: 19430K->1568K(19648K)
[5.540s][info ][gc,heap        ] GC(1928) CMS: 26970K->27361K(43712K)
[5.540s][info ][gc,metaspace   ] GC(1928) Metaspace: 5340K->5340K(1056768K)
[5.540s][info ][gc             ] GC(1928) Pause Young (Allocation Failure) 45M->28M(61M) 2.805ms
[5.540s][info ][gc,cpu         ] GC(1928) User=0.01s Sys=0.00s Real=0.00s
[5.541s][info ][gc,start       ] GC(1929) Pause Young (Allocation Failure)
[5.541s][info ][gc,task        ] GC(1929) Using 8 workers of 8 for evacuation
[5.542s][debug][gc,age         ] GC(1929) Desired survivor size 1114112 bytes, new threshold 1 (max threshold 6)
[5.542s][info ][gc,heap        ] GC(1929) ParNew: 18771K->1967K(19648K)
[5.542s][info ][gc,heap        ] GC(1929) CMS: 27361K->27361K(43712K)
[5.542s][info ][gc,metaspace   ] GC(1929) Metaspace: 5340K->5340K(1056768K)
[5.542s][info ][gc             ] GC(1929) Pause Young (Allocation Failure) 45M->28M(61M) 1.299ms
[5.542s][info ][gc,cpu         ] GC(1929) User=0.00s Sys=0.00s Real=0.00s
[5.544s][info ][gc,start       ] GC(1930) Pause Young (Allocation Failure)
[5.544s][info ][gc,task        ] GC(1930) Using 8 workers of 8 for evacuation
[5.544s][debug][gc,age         ] GC(1930) Desired survivor size 1114112 bytes, new threshold 1 (max threshold 6)
[5.544s][info ][gc,heap        ] GC(1930) ParNew: 19147K->1967K(19648K)
[5.544s][info ][gc,heap        ] GC(1930) CMS: 27361K->27361K(43712K)
[5.544s][info ][gc,metaspace   ] GC(1930) Metaspace: 5340K->5340K(1056768K)
[5.544s][info ][gc             ] GC(1930) Pause Young (Allocation Failure) 45M->28M(61M) 0.602ms
[5.544s][info ][gc,cpu         ] GC(1930) User=0.00s Sys=0.00s Real=0.00s
[5.546s][info ][gc,start       ] GC(1931) Pause Young (Allocation Failure)
[5.546s][info ][gc,task        ] GC(1931) Using 8 workers of 8 for evacuation
[5.547s][debug][gc,age         ] GC(1931) Desired survivor size 1114112 bytes, new threshold 1 (max threshold 6)
[5.547s][info ][gc,heap        ] GC(1931) ParNew: 19133K->1967K(19648K)
[5.547s][info ][gc,heap        ] GC(1931) CMS: 27361K->28924K(43712K)
[5.547s][info ][gc,metaspace   ] GC(1931) Metaspace: 5340K->5340K(1056768K)
[5.547s][info ][gc             ] GC(1931) Pause Young (Allocation Failure) 45M->30M(61M) 1.444ms
[5.547s][info ][gc,cpu         ] GC(1931) User=0.01s Sys=0.00s Real=0.00s
[5.548s][info ][gc,start       ] GC(1932) Pause Young (Allocation Failure)
[5.548s][info ][gc,task        ] GC(1932) Using 8 workers of 8 for evacuation
[5.550s][debug][gc,age         ] GC(1932) Desired survivor size 1114112 bytes, new threshold 1 (max threshold 6)
[5.550s][info ][gc,heap        ] GC(1932) ParNew: 19439K->1957K(19648K)
[5.550s][info ][gc,heap        ] GC(1932) CMS: 28924K->29315K(43712K)
[5.550s][info ][gc,metaspace   ] GC(1932) Metaspace: 5340K->5340K(1056768K)
[5.550s][info ][gc             ] GC(1932) Pause Young (Allocation Failure) 47M->30M(61M) 1.415ms
[5.550s][info ][gc,cpu         ] GC(1932) User=0.01s Sys=0.00s Real=0.00s
[5.552s][info ][gc,start       ] GC(1933) Pause Young (Allocation Failure)
[5.552s][info ][gc,task        ] GC(1933) Using 8 workers of 8 for evacuation
[5.552s][debug][gc,age         ] GC(1933) Desired survivor size 1114112 bytes, new threshold 1 (max threshold 6)
[5.552s][info ][gc,heap        ] GC(1933) ParNew: 19384K->1186K(19648K)
[5.552s][info ][gc,heap        ] GC(1933) CMS: 29315K->30490K(43712K)
[5.552s][info ][gc,metaspace   ] GC(1933) Metaspace: 5340K->5340K(1056768K)
[5.552s][info ][gc             ] GC(1933) Pause Young (Allocation Failure) 47M->30M(61M) 0.592ms
[5.552s][info ][gc,cpu         ] GC(1933) User=0.01s Sys=0.00s Real=0.00s
[5.554s][info ][gc,start       ] GC(1934) Pause Young (Allocation Failure)
[5.554s][info ][gc,task        ] GC(1934) Using 8 workers of 8 for evacuation
[5.555s][debug][gc,age         ] GC(1934) Desired survivor size 1114112 bytes, new threshold 1 (max threshold 6)
[5.555s][info ][gc,heap        ] GC(1934) ParNew: 18658K->1961K(19648K)
[5.555s][info ][gc,heap        ] GC(1934) CMS: 30490K->30490K(43712K)
[5.555s][info ][gc,metaspace   ] GC(1934) Metaspace: 5340K->5340K(1056768K)
[5.555s][info ][gc             ] GC(1934) Pause Young (Allocation Failure) 47M->31M(61M) 1.494ms
[5.555s][info ][gc,cpu         ] GC(1934) User=0.00s Sys=0.00s Real=0.00s
[5.557s][info ][gc,start       ] GC(1935) Pause Young (Allocation Failure)
[5.557s][info ][gc,task        ] GC(1935) Using 8 workers of 8 for evacuation
[5.557s][debug][gc,age         ] GC(1935) Desired survivor size 1114112 bytes, new threshold 1 (max threshold 6)
[5.557s][info ][gc,heap        ] GC(1935) ParNew: 19176K->1967K(19648K)
[5.557s][info ][gc,heap        ] GC(1935) CMS: 30490K->30881K(43712K)
[5.557s][info ][gc,metaspace   ] GC(1935) Metaspace: 5340K->5340K(1056768K)
[5.557s][info ][gc             ] GC(1935) Pause Young (Allocation Failure) 48M->32M(61M) 0.494ms
[5.557s][info ][gc,cpu         ] GC(1935) User=0.00s Sys=0.00s Real=0.00s
[5.559s][info ][gc,start       ] GC(1936) Pause Young (Allocation Failure)
[5.559s][info ][gc,task        ] GC(1936) Using 8 workers of 8 for evacuation
[5.559s][debug][gc,age         ] GC(1936) Desired survivor size 1114112 bytes, new threshold 1 (max threshold 6)
[5.559s][info ][gc,heap        ] GC(1936) ParNew: 19155K->1572K(19648K)
[5.560s][info ][gc,heap        ] GC(1936) CMS: 30881K->31272K(43712K)
[5.560s][info ][gc,metaspace   ] GC(1936) Metaspace: 5340K->5340K(1056768K)
[5.560s][info ][gc             ] GC(1936) Pause Young (Allocation Failure) 48M->32M(61M) 0.514ms
[5.560s][info ][gc,cpu         ] GC(1936) User=0.00s Sys=0.01s Real=0.00s
[5.561s][info ][gc,start       ] GC(1937) Pause Young (Allocation Failure)
[5.561s][info ][gc,task        ] GC(1937) Using 8 workers of 8 for evacuation
[5.562s][debug][gc,age         ] GC(1937) Desired survivor size 1114112 bytes, new threshold 1 (max threshold 6)
[5.562s][info ][gc,heap        ] GC(1937) ParNew: 18699K->1959K(19648K)
[5.562s][info ][gc,heap        ] GC(1937) CMS: 31272K->32054K(43712K)
[5.562s][info ][gc,metaspace   ] GC(1937) Metaspace: 5340K->5340K(1056768K)
[5.562s][info ][gc             ] GC(1937) Pause Young (Allocation Failure) 48M->33M(61M) 1.427ms
[5.562s][info ][gc,cpu         ] GC(1937) User=0.00s Sys=0.00s Real=0.00s
[5.564s][info ][gc,start       ] GC(1938) Pause Young (Allocation Failure)
[5.564s][info ][gc,task        ] GC(1938) Using 8 workers of 8 for evacuation
[5.565s][debug][gc,age         ] GC(1938) Desired survivor size 1114112 bytes, new threshold 1 (max threshold 6)
[5.565s][info ][gc,heap        ] GC(1938) ParNew: 19135K->1959K(19648K)
[5.565s][info ][gc,heap        ] GC(1938) CMS: 32054K->32444K(43712K)
[5.565s][info ][gc,metaspace   ] GC(1938) Metaspace: 5340K->5340K(1056768K)
[5.565s][info ][gc             ] GC(1938) Pause Young (Allocation Failure) 49M->33M(61M) 1.282ms
[5.565s][info ][gc,cpu         ] GC(1938) User=0.00s Sys=0.00s Real=0.00s
[5.567s][info ][gc,start       ] GC(1939) Pause Young (Allocation Failure)
[5.567s][info ][gc,task        ] GC(1939) Using 8 workers of 8 for evacuation
[5.568s][debug][gc,age         ] GC(1939) Desired survivor size 1114112 bytes, new threshold 1 (max threshold 6)
[5.568s][info ][gc,heap        ] GC(1939) ParNew: 19403K->1572K(19648K)
[5.568s][info ][gc,heap        ] GC(1939) CMS: 32444K->32836K(43712K)
[5.568s][info ][gc,metaspace   ] GC(1939) Metaspace: 5340K->5340K(1056768K)
[5.568s][info ][gc             ] GC(1939) Pause Young (Allocation Failure) 50M->33M(61M) 1.250ms
[5.568s][info ][gc,cpu         ] GC(1939) User=0.01s Sys=0.00s Real=0.00s
[5.569s][info ][gc,start       ] GC(1940) Pause Young (Allocation Failure)
[5.569s][info ][gc,task        ] GC(1940) Using 8 workers of 8 for evacuation
[5.571s][debug][gc,age         ] GC(1940) Desired survivor size 1114112 bytes, new threshold 6 (max threshold 6)
[5.571s][info ][gc,heap        ] GC(1940) ParNew: 18956K->787K(19648K)
[5.571s][info ][gc,heap        ] GC(1940) CMS: 32836K->34009K(43712K)
[5.571s][info ][gc,metaspace   ] GC(1940) Metaspace: 5340K->5340K(1056768K)
[5.571s][info ][gc             ] GC(1940) Pause Young (Allocation Failure) 50M->33M(61M) 1.282ms
[5.571s][info ][gc,cpu         ] GC(1940) User=0.00s Sys=0.00s Real=0.00s
[5.572s][info ][gc,start       ] GC(1941) Pause Young (Allocation Failure)
[5.572s][info ][gc,task        ] GC(1941) Using 8 workers of 8 for evacuation
[5.573s][debug][gc,age         ] GC(1941) Desired survivor size 1114112 bytes, new threshold 1 (max threshold 6)
[5.573s][info ][gc,heap        ] GC(1941) ParNew: 18034K->1961K(19648K)
[5.573s][info ][gc,heap        ] GC(1941) CMS: 34009K->34009K(43712K)
[5.573s][info ][gc,metaspace   ] GC(1941) Metaspace: 5340K->5340K(1056768K)
[5.573s][info ][gc             ] GC(1941) Pause Young (Allocation Failure) 50M->35M(61M) 1.199ms
[5.574s][info ][gc,cpu         ] GC(1941) User=0.00s Sys=0.00s Real=0.01s
[5.575s][info ][gc,start       ] GC(1942) Pause Young (Allocation Failure)
[5.575s][info ][gc,task        ] GC(1942) Using 8 workers of 8 for evacuation
[5.577s][debug][gc,age         ] GC(1942) Desired survivor size 1114112 bytes, new threshold 1 (max threshold 6)
[5.577s][info ][gc,heap        ] GC(1942) ParNew: 19170K->1963K(19648K)
[5.577s][info ][gc,heap        ] GC(1942) CMS: 34009K->34791K(43712K)
[5.577s][info ][gc,metaspace   ] GC(1942) Metaspace: 5340K->5340K(1056768K)
[5.577s][info ][gc             ] GC(1942) Pause Young (Allocation Failure) 51M->35M(61M) 1.600ms
[5.577s][info ][gc,cpu         ] GC(1942) User=0.01s Sys=0.00s Real=0.00s
[5.578s][info ][gc,start       ] GC(1943) Pause Young (Allocation Failure)
[5.578s][info ][gc,task        ] GC(1943) Using 8 workers of 8 for evacuation
[5.580s][debug][gc,age         ] GC(1943) Desired survivor size 1114112 bytes, new threshold 1 (max threshold 6)
[5.580s][info ][gc,heap        ] GC(1943) ParNew: 19378K->1173K(19648K)
[5.580s][info ][gc,heap        ] GC(1943) CMS: 34791K->35964K(43712K)
[5.580s][info ][gc,metaspace   ] GC(1943) Metaspace: 5340K->5340K(1056768K)
[5.580s][info ][gc             ] GC(1943) Pause Young (Allocation Failure) 52M->36M(61M) 1.616ms
[5.580s][info ][gc,cpu         ] GC(1943) User=0.00s Sys=0.00s Real=0.00s
[5.581s][info ][gc,start       ] GC(1944) Pause Initial Mark
[5.581s][info ][gc             ] GC(1944) Pause Initial Mark 45M->45M(61M) 0.171ms
[5.581s][info ][gc,cpu         ] GC(1944) User=0.00s Sys=0.00s Real=0.00s
[5.581s][info ][gc             ] GC(1944) Concurrent Mark
[5.581s][info ][gc,task        ] GC(1944) Using 2 workers of 2 for marking
[5.582s][info ][gc,start       ] GC(1945) Pause Young (Allocation Failure)
[5.582s][info ][gc,task        ] GC(1945) Using 8 workers of 8 for evacuation
[5.583s][debug][gc,age         ] GC(1945) Desired survivor size 1114112 bytes, new threshold 1 (max threshold 6)
[5.583s][info ][gc,heap        ] GC(1945) ParNew: 18399K->1188K(19648K)
[5.583s][info ][gc,heap        ] GC(1945) CMS: 35964K->35964K(43712K)
[5.583s][info ][gc,metaspace   ] GC(1945) Metaspace: 5340K->5340K(1056768K)
[5.583s][info ][gc             ] GC(1945) Pause Young (Allocation Failure) 53M->36M(61M) 1.069ms
[5.583s][info ][gc,cpu         ] GC(1945) User=0.01s Sys=0.00s Real=0.01s
[5.586s][info ][gc             ] GC(1944) Concurrent Mark 4.502ms
[5.586s][info ][gc,cpu         ] GC(1944) User=0.01s Sys=0.00s Real=0.01s
[5.586s][info ][gc             ] GC(1944) Concurrent Preclean
[5.586s][info ][gc,start       ] GC(1946) Pause Young (Allocation Failure)
[5.587s][info ][gc,task        ] GC(1946) Using 8 workers of 8 for evacuation
[5.587s][debug][gc,age         ] GC(1946) Desired survivor size 1114112 bytes, new threshold 1 (max threshold 6)
[5.587s][info ][gc,heap        ] GC(1946) ParNew: 18383K->1969K(19648K)
[5.587s][info ][gc,heap        ] GC(1946) CMS: 35964K->37527K(43712K)
[5.587s][info ][gc,metaspace   ] GC(1946) Metaspace: 5340K->5340K(1056768K)
[5.587s][info ][gc             ] GC(1946) Pause Young (Allocation Failure) 53M->38M(61M) 0.842ms
[5.587s][info ][gc,cpu         ] GC(1946) User=0.00s Sys=0.00s Real=0.00s
[5.587s][info ][gc             ] GC(1944) Concurrent Preclean 1.325ms
[5.587s][info ][gc,cpu         ] GC(1944) User=0.01s Sys=0.00s Real=0.00s
[5.588s][info ][gc,start       ] GC(1944) Pause Remark
[5.588s][debug][gc,phases      ] GC(1944) Rescan (parallel) 0.246ms
[5.588s][debug][gc,phases      ] GC(1944) Reference Processing 0.011ms
[5.588s][debug][gc,phases      ] GC(1944) Weak Processing 0.003ms
[5.588s][debug][gc,phases      ] GC(1944) ClassLoaderData 0.008ms
[5.588s][debug][gc,phases      ] GC(1944) ProtectionDomainCacheTable 0.002ms
[5.588s][debug][gc,phases      ] GC(1944) ResolvedMethodTable 0.005ms
[5.588s][debug][gc,phases      ] GC(1944) Class Unloading 0.165ms
[5.589s][debug][gc,phases      ] GC(1944) Scrub Symbol Table 0.427ms
[5.589s][debug][gc,phases      ] GC(1944) Scrub String Table 0.019ms
[5.589s][info ][gc             ] GC(1944) Pause Remark 39M->39M(61M) 0.967ms
[5.589s][info ][gc,cpu         ] GC(1944) User=0.00s Sys=0.00s Real=0.00s
[5.589s][info ][gc             ] GC(1944) Concurrent Sweep
[5.589s][info ][gc             ] GC(1944) Concurrent Sweep 0.633ms
[5.589s][info ][gc,cpu         ] GC(1944) User=0.00s Sys=0.00s Real=0.00s
[5.589s][info ][gc             ] GC(1944) Concurrent Reset
[5.589s][info ][gc             ] GC(1944) Concurrent Reset 0.089ms
[5.590s][info ][gc,cpu         ] GC(1944) User=0.00s Sys=0.00s Real=0.00s
[5.590s][info ][gc,heap        ] GC(1944) Old: 35964K->3518K(43712K)
[5.590s][info ][gc,start       ] GC(1947) Pause Young (Allocation Failure)
[5.590s][info ][gc,task        ] GC(1947) Using 8 workers of 8 for evacuation
[5.591s][debug][gc,age         ] GC(1947) Desired survivor size 1114112 bytes, new threshold 1 (max threshold 6)
[5.591s][info ][gc,heap        ] GC(1947) ParNew: 19145K->1963K(19648K)
[5.591s][info ][gc,heap        ] GC(1947) CMS: 3518K->3518K(43712K)
[5.591s][info ][gc,metaspace   ] GC(1947) Metaspace: 5340K->5340K(1056768K)
[5.591s][info ][gc             ] GC(1947) Pause Young (Allocation Failure) 22M->5M(61M) 0.705ms
[5.591s][info ][gc,cpu         ] GC(1947) User=0.00s Sys=0.00s Real=0.00s
[5.592s][info ][gc,start       ] GC(1948) Pause Young (Allocation Failure)
[5.592s][info ][gc,task        ] GC(1948) Using 8 workers of 8 for evacuation
[5.593s][debug][gc,age         ] GC(1948) Desired survivor size 1114112 bytes, new threshold 1 (max threshold 6)
[5.593s][info ][gc,heap        ] GC(1948) ParNew: 19416K->1965K(19648K)
[5.593s][info ][gc,heap        ] GC(1948) CMS: 3518K->4301K(43712K)
[5.593s][info ][gc,metaspace   ] GC(1948) Metaspace: 5340K->5340K(1056768K)
[5.593s][info ][gc             ] GC(1948) Pause Young (Allocation Failure) 22M->6M(61M) 1.204ms
[5.593s][info ][gc,cpu         ] GC(1948) User=0.00s Sys=0.00s Real=0.01s
[5.595s][info ][gc,start       ] GC(1949) Pause Young (Allocation Failure)
[5.595s][info ][gc,task        ] GC(1949) Using 8 workers of 8 for evacuation
[5.596s][debug][gc,age         ] GC(1949) Desired survivor size 1114112 bytes, new threshold 1 (max threshold 6)
[5.596s][info ][gc,heap        ] GC(1949) ParNew: 19156K->1959K(19648K)
[5.596s][info ][gc,heap        ] GC(1949) CMS: 4301K->4301K(43712K)
[5.596s][info ][gc,metaspace   ] GC(1949) Metaspace: 5340K->5340K(1056768K)
[5.596s][info ][gc             ] GC(1949) Pause Young (Allocation Failure) 22M->6M(61M) 1.214ms
[5.596s][info ][gc,cpu         ] GC(1949) User=0.01s Sys=0.00s Real=0.00s
[5.598s][info ][gc,start       ] GC(1950) Pause Young (Allocation Failure)
[5.598s][info ][gc,task        ] GC(1950) Using 8 workers of 8 for evacuation
[5.599s][debug][gc,age         ] GC(1950) Desired survivor size 1114112 bytes, new threshold 1 (max threshold 6)
[5.599s][info ][gc,heap        ] GC(1950) ParNew: 19395K->1566K(19648K)
[5.599s][info ][gc,heap        ] GC(1950) CMS: 4301K->4692K(43712K)
[5.599s][info ][gc,metaspace   ] GC(1950) Metaspace: 5340K->5340K(1056768K)
[5.599s][info ][gc             ] GC(1950) Pause Young (Allocation Failure) 23M->6M(61M) 1.588ms
[5.599s][info ][gc,cpu         ] GC(1950) User=0.01s Sys=0.00s Real=0.00s
[5.601s][info ][gc,start       ] GC(1951) Pause Young (Allocation Failure)
[5.601s][info ][gc,task        ] GC(1951) Using 8 workers of 8 for evacuation
[5.601s][debug][gc,age         ] GC(1951) Desired survivor size 1114112 bytes, new threshold 1 (max threshold 6)
[5.601s][info ][gc,heap        ] GC(1951) ParNew: 19006K->1576K(19648K)
[5.601s][info ][gc,heap        ] GC(1951) CMS: 4692K->5474K(43712K)
[5.601s][info ][gc,metaspace   ] GC(1951) Metaspace: 5340K->5340K(1056768K)
[5.601s][info ][gc             ] GC(1951) Pause Young (Allocation Failure) 23M->6M(61M) 0.588ms
[5.601s][info ][gc,cpu         ] GC(1951) User=0.00s Sys=0.00s Real=0.00s
[5.603s][info ][gc,start       ] GC(1952) Pause Young (Allocation Failure)
[5.603s][info ][gc,task        ] GC(1952) Using 8 workers of 8 for evacuation
[5.604s][debug][gc,age         ] GC(1952) Desired survivor size 1114112 bytes, new threshold 1 (max threshold 6)
[5.604s][info ][gc,heap        ] GC(1952) ParNew: 18815K->1963K(19648K)
[5.604s][info ][gc,heap        ] GC(1952) CMS: 5474K->5865K(43712K)
[5.604s][info ][gc,metaspace   ] GC(1952) Metaspace: 5340K->5340K(1056768K)
[5.604s][info ][gc             ] GC(1952) Pause Young (Allocation Failure) 23M->7M(61M) 1.034ms
[5.604s][info ][gc,cpu         ] GC(1952) User=0.00s Sys=0.00s Real=0.01s
[5.605s][info ][gc,start       ] GC(1953) Pause Young (Allocation Failure)
[5.605s][info ][gc,task        ] GC(1953) Using 8 workers of 8 for evacuation
[5.606s][debug][gc,age         ] GC(1953) Desired survivor size 1114112 bytes, new threshold 1 (max threshold 6)
[5.606s][info ][gc,heap        ] GC(1953) ParNew: 19148K->1967K(19648K)
[5.606s][info ][gc,heap        ] GC(1953) CMS: 5865K->5865K(43712K)
[5.606s][info ][gc,metaspace   ] GC(1953) Metaspace: 5340K->5340K(1056768K)
[5.606s][info ][gc             ] GC(1953) Pause Young (Allocation Failure) 24M->7M(61M) 0.738ms
[5.606s][info ][gc,cpu         ] GC(1953) User=0.00s Sys=0.00s Real=0.00s
[5.607s][info ][gc,start       ] GC(1954) Pause Young (Allocation Failure)
[5.607s][info ][gc,task        ] GC(1954) Using 8 workers of 8 for evacuation
[5.608s][debug][gc,age         ] GC(1954) Desired survivor size 1114112 bytes, new threshold 1 (max threshold 6)
[5.608s][info ][gc,heap        ] GC(1954) ParNew: 19155K->1967K(19648K)
[5.608s][info ][gc,heap        ] GC(1954) CMS: 5865K->6646K(43712K)
[5.608s][info ][gc,metaspace   ] GC(1954) Metaspace: 5340K->5340K(1056768K)
[5.608s][info ][gc             ] GC(1954) Pause Young (Allocation Failure) 24M->8M(61M) 0.487ms
[5.608s][info ][gc,cpu         ] GC(1954) User=0.00s Sys=0.01s Real=0.00s
[5.609s][info ][gc,start       ] GC(1955) Pause Young (Allocation Failure)
[5.609s][info ][gc,task        ] GC(1955) Using 8 workers of 8 for evacuation
[5.611s][debug][gc,age         ] GC(1955) Desired survivor size 1114112 bytes, new threshold 1 (max threshold 6)
[5.611s][info ][gc,heap        ] GC(1955) ParNew: 19138K->1959K(19648K)
[5.611s][info ][gc,heap        ] GC(1955) CMS: 6646K->7428K(43712K)
[5.611s][info ][gc,metaspace   ] GC(1955) Metaspace: 5340K->5340K(1056768K)
[5.611s][info ][gc             ] GC(1955) Pause Young (Allocation Failure) 25M->9M(61M) 1.353ms
[5.611s][info ][gc,cpu         ] GC(1955) User=0.01s Sys=0.00s Real=0.00s
[5.612s][info ][gc,start       ] GC(1956) Pause Young (Allocation Failure)
[5.612s][info ][gc,task        ] GC(1956) Using 8 workers of 8 for evacuation
[5.613s][debug][gc,age         ] GC(1956) Desired survivor size 1114112 bytes, new threshold 1 (max threshold 6)
[5.613s][info ][gc,heap        ] GC(1956) ParNew: 19119K->1963K(19648K)
[5.613s][info ][gc,heap        ] GC(1956) CMS: 7428K->7428K(43712K)
[5.613s][info ][gc,metaspace   ] GC(1956) Metaspace: 5340K->5340K(1056768K)
[5.613s][info ][gc             ] GC(1956) Pause Young (Allocation Failure) 25M->9M(61M) 0.951ms
[5.613s][info ][gc,cpu         ] GC(1956) User=0.01s Sys=0.00s Real=0.00s
[5.614s][info ][gc,start       ] GC(1957) Pause Young (Allocation Failure)
[5.615s][info ][gc,task        ] GC(1957) Using 8 workers of 8 for evacuation
[5.616s][debug][gc,age         ] GC(1957) Desired survivor size 1114112 bytes, new threshold 1 (max threshold 6)
[5.616s][info ][gc,heap        ] GC(1957) ParNew: 19404K->1179K(19648K)
[5.616s][info ][gc,heap        ] GC(1957) CMS: 7428K->7819K(43712K)
[5.616s][info ][gc,metaspace   ] GC(1957) Metaspace: 5340K->5340K(1056768K)
[5.616s][info ][gc             ] GC(1957) Pause Young (Allocation Failure) 26M->8M(61M) 1.356ms
[5.616s][info ][gc,cpu         ] GC(1957) User=0.01s Sys=0.00s Real=0.00s
[5.617s][info ][gc,start       ] GC(1958) Pause Young (Allocation Failure)
[5.617s][info ][gc,task        ] GC(1958) Using 8 workers of 8 for evacuation
[5.618s][debug][gc,age         ] GC(1958) Desired survivor size 1114112 bytes, new threshold 1 (max threshold 6)
[5.618s][info ][gc,heap        ] GC(1958) ParNew: 18636K->1574K(19648K)
[5.618s][info ][gc,heap        ] GC(1958) CMS: 7819K->8211K(43712K)
[5.618s][info ][gc,metaspace   ] GC(1958) Metaspace: 5340K->5340K(1056768K)
[5.618s][info ][gc             ] GC(1958) Pause Young (Allocation Failure) 25M->9M(61M) 0.909ms
[5.618s][info ][gc,cpu         ] GC(1958) User=0.01s Sys=0.00s Real=0.00s
[5.619s][info ][gc,start       ] GC(1959) Pause Young (Allocation Failure)
[5.619s][info ][gc,task        ] GC(1959) Using 8 workers of 8 for evacuation
[5.621s][debug][gc,age         ] GC(1959) Desired survivor size 1114112 bytes, new threshold 1 (max threshold 6)
[5.621s][info ][gc,heap        ] GC(1959) ParNew: 18786K->1959K(19648K)
[5.621s][info ][gc,heap        ] GC(1959) CMS: 8211K->8601K(43712K)
[5.621s][info ][gc,metaspace   ] GC(1959) Metaspace: 5340K->5340K(1056768K)
[5.621s][info ][gc             ] GC(1959) Pause Young (Allocation Failure) 26M->10M(61M) 1.307ms
[5.621s][info ][gc,cpu         ] GC(1959) User=0.01s Sys=0.00s Real=0.00s
[5.622s][info ][gc,start       ] GC(1960) Pause Young (Allocation Failure)
[5.622s][info ][gc,task        ] GC(1960) Using 8 workers of 8 for evacuation
[5.624s][debug][gc,age         ] GC(1960) Desired survivor size 1114112 bytes, new threshold 1 (max threshold 6)
[5.624s][info ][gc,heap        ] GC(1960) ParNew: 19145K->1957K(19648K)
[5.624s][info ][gc,heap        ] GC(1960) CMS: 8601K->8992K(43712K)
[5.624s][info ][gc,metaspace   ] GC(1960) Metaspace: 5340K->5340K(1056768K)
[5.624s][info ][gc             ] GC(1960) Pause Young (Allocation Failure) 27M->10M(61M) 1.472ms
[5.624s][info ][gc,cpu         ] GC(1960) User=0.00s Sys=0.00s Real=0.01s
[5.626s][info ][gc,start       ] GC(1961) Pause Young (Allocation Failure)
[5.626s][info ][gc,task        ] GC(1961) Using 8 workers of 8 for evacuation
[5.628s][debug][gc,age         ] GC(1961) Desired survivor size 1114112 bytes, new threshold 1 (max threshold 6)
[5.628s][info ][gc,heap        ] GC(1961) ParNew: 19429K->1957K(19648K)
[5.628s][info ][gc,heap        ] GC(1961) CMS: 8992K->9384K(43712K)
[5.628s][info ][gc,metaspace   ] GC(1961) Metaspace: 5340K->5340K(1056768K)
[5.628s][info ][gc             ] GC(1961) Pause Young (Allocation Failure) 27M->11M(61M) 2.017ms
[5.628s][info ][gc,cpu         ] GC(1961) User=0.01s Sys=0.00s Real=0.00s
[5.629s][info ][gc,start       ] GC(1962) Pause Young (Allocation Failure)
[5.629s][info ][gc,task        ] GC(1962) Using 8 workers of 8 for evacuation
[5.631s][debug][gc,age         ] GC(1962) Desired survivor size 1114112 bytes, new threshold 6 (max threshold 6)
[5.631s][info ][gc,heap        ] GC(1962) ParNew: 19359K->789K(19648K)
[5.632s][info ][gc,heap        ] GC(1962) CMS: 9384K->10557K(43712K)
[5.632s][info ][gc,metaspace   ] GC(1962) Metaspace: 5340K->5340K(1056768K)
[5.632s][info ][gc             ] GC(1962) Pause Young (Allocation Failure) 28M->11M(61M) 2.323ms
[5.632s][info ][gc,cpu         ] GC(1962) User=0.01s Sys=0.00s Real=0.00s
[5.633s][info ][gc,start       ] GC(1963) Pause Young (Allocation Failure)
[5.633s][info ][gc,task        ] GC(1963) Using 8 workers of 8 for evacuation
[5.634s][debug][gc,age         ] GC(1963) Desired survivor size 1114112 bytes, new threshold 1 (max threshold 6)
[5.634s][info ][gc,heap        ] GC(1963) ParNew: 18022K->1963K(19648K)
[5.634s][info ][gc,heap        ] GC(1963) CMS: 10557K->10557K(43712K)
[5.634s][info ][gc,metaspace   ] GC(1963) Metaspace: 5340K->5340K(1056768K)
[5.634s][info ][gc             ] GC(1963) Pause Young (Allocation Failure) 27M->12M(61M) 1.131ms
[5.634s][info ][gc,cpu         ] GC(1963) User=0.00s Sys=0.00s Real=0.01s
[5.635s][info ][gc,start       ] GC(1964) Pause Young (Allocation Failure)
[5.635s][info ][gc,task        ] GC(1964) Using 8 workers of 8 for evacuation
[5.637s][debug][gc,age         ] GC(1964) Desired survivor size 1114112 bytes, new threshold 1 (max threshold 6)
[5.637s][info ][gc,heap        ] GC(1964) ParNew: 19119K->1967K(19648K)
[5.637s][info ][gc,heap        ] GC(1964) CMS: 10557K->11729K(43712K)
[5.637s][info ][gc,metaspace   ] GC(1964) Metaspace: 5340K->5340K(1056768K)
[5.637s][info ][gc             ] GC(1964) Pause Young (Allocation Failure) 28M->13M(61M) 1.435ms
[5.637s][info ][gc,cpu         ] GC(1964) User=0.01s Sys=0.00s Real=0.00s
[5.638s][info ][gc,start       ] GC(1965) Pause Young (Allocation Failure)
[5.638s][info ][gc,task        ] GC(1965) Using 8 workers of 8 for evacuation
[5.639s][debug][gc,age         ] GC(1965) Desired survivor size 1114112 bytes, new threshold 1 (max threshold 6)
[5.639s][info ][gc,heap        ] GC(1965) ParNew: 19162K->1969K(19648K)
[5.639s][info ][gc,heap        ] GC(1965) CMS: 11729K->12511K(43712K)
[5.639s][info ][gc,metaspace   ] GC(1965) Metaspace: 5340K->5340K(1056768K)
[5.639s][info ][gc             ] GC(1965) Pause Young (Allocation Failure) 30M->14M(61M) 0.499ms
[5.639s][info ][gc,cpu         ] GC(1965) User=0.01s Sys=0.00s Real=0.00s
[5.640s][info ][gc,start       ] GC(1966) Pause Young (Allocation Failure)
[5.640s][info ][gc,task        ] GC(1966) Using 8 workers of 8 for evacuation
[5.641s][debug][gc,age         ] GC(1966) Desired survivor size 1114112 bytes, new threshold 1 (max threshold 6)
[5.641s][info ][gc,heap        ] GC(1966) ParNew: 19144K->1969K(19648K)
[5.641s][info ][gc,heap        ] GC(1966) CMS: 12511K->13292K(43712K)
[5.642s][info ][gc,metaspace   ] GC(1966) Metaspace: 5340K->5340K(1056768K)
[5.642s][info ][gc             ] GC(1966) Pause Young (Allocation Failure) 30M->14M(61M) 1.280ms
[5.642s][info ][gc,cpu         ] GC(1966) User=0.01s Sys=0.00s Real=0.00s
[5.643s][info ][gc,start       ] GC(1967) Pause Young (Allocation Failure)
[5.643s][info ][gc,task        ] GC(1967) Using 8 workers of 8 for evacuation
[5.643s][debug][gc,age         ] GC(1967) Desired survivor size 1114112 bytes, new threshold 1 (max threshold 6)
[5.643s][info ][gc,heap        ] GC(1967) ParNew: 19132K->1967K(19648K)
[5.643s][info ][gc,heap        ] GC(1967) CMS: 13292K->13683K(43712K)
[5.643s][info ][gc,metaspace   ] GC(1967) Metaspace: 5340K->5340K(1056768K)
[5.643s][info ][gc             ] GC(1967) Pause Young (Allocation Failure) 31M->15M(61M) 0.562ms
[5.643s][info ][gc,cpu         ] GC(1967) User=0.00s Sys=0.00s Real=0.01s
[5.645s][info ][gc,start       ] GC(1968) Pause Young (Allocation Failure)
[5.645s][info ][gc,task        ] GC(1968) Using 8 workers of 8 for evacuation
[5.645s][debug][gc,age         ] GC(1968) Desired survivor size 1114112 bytes, new threshold 1 (max threshold 6)
[5.645s][info ][gc,heap        ] GC(1968) ParNew: 19122K->1965K(19648K)
[5.645s][info ][gc,heap        ] GC(1968) CMS: 13683K->14854K(43712K)
[5.645s][info ][gc,metaspace   ] GC(1968) Metaspace: 5340K->5340K(1056768K)
[5.645s][info ][gc             ] GC(1968) Pause Young (Allocation Failure) 32M->16M(61M) 0.693ms
[5.645s][info ][gc,cpu         ] GC(1968) User=0.00s Sys=0.00s Real=0.00s
[5.647s][info ][gc,start       ] GC(1969) Pause Young (Allocation Failure)
[5.647s][info ][gc,task        ] GC(1969) Using 8 workers of 8 for evacuation
[5.648s][debug][gc,age         ] GC(1969) Desired survivor size 1114112 bytes, new threshold 1 (max threshold 6)
[5.648s][info ][gc,heap        ] GC(1969) ParNew: 19115K->1965K(19648K)
[5.648s][info ][gc,heap        ] GC(1969) CMS: 14854K->15636K(43712K)
[5.648s][info ][gc,metaspace   ] GC(1969) Metaspace: 5340K->5340K(1056768K)
[5.648s][info ][gc             ] GC(1969) Pause Young (Allocation Failure) 33M->17M(61M) 1.492ms
[5.648s][info ][gc,cpu         ] GC(1969) User=0.01s Sys=0.00s Real=0.00s
[5.650s][info ][gc,start       ] GC(1970) Pause Young (Allocation Failure)
[5.650s][info ][gc,task        ] GC(1970) Using 8 workers of 8 for evacuation
[5.651s][debug][gc,age         ] GC(1970) Desired survivor size 1114112 bytes, new threshold 1 (max threshold 6)
[5.651s][info ][gc,heap        ] GC(1970) ParNew: 19111K->1967K(19648K)
[5.651s][info ][gc,heap        ] GC(1970) CMS: 15636K->16027K(43712K)
[5.651s][info ][gc,metaspace   ] GC(1970) Metaspace: 5340K->5340K(1056768K)
[5.651s][info ][gc             ] GC(1970) Pause Young (Allocation Failure) 33M->17M(61M) 0.759ms
[5.651s][info ][gc,cpu         ] GC(1970) User=0.00s Sys=0.00s Real=0.00s
[5.652s][info ][gc,start       ] GC(1971) Pause Young (Allocation Failure)
[5.652s][info ][gc,task        ] GC(1971) Using 8 workers of 8 for evacuation
[5.653s][debug][gc,age         ] GC(1971) Desired survivor size 1114112 bytes, new threshold 1 (max threshold 6)
[5.653s][info ][gc,heap        ] GC(1971) ParNew: 19325K->1572K(19648K)
[5.653s][info ][gc,heap        ] GC(1971) CMS: 16027K->16418K(43712K)
[5.653s][info ][gc,metaspace   ] GC(1971) Metaspace: 5340K->5340K(1056768K)
[5.653s][info ][gc             ] GC(1971) Pause Young (Allocation Failure) 34M->17M(61M) 0.458ms
[5.653s][info ][gc,cpu         ] GC(1971) User=0.00s Sys=0.00s Real=0.00s
[5.654s][info ][gc,start       ] GC(1972) Pause Young (Allocation Failure)
[5.654s][info ][gc,task        ] GC(1972) Using 8 workers of 8 for evacuation
[5.655s][debug][gc,age         ] GC(1972) Desired survivor size 1114112 bytes, new threshold 1 (max threshold 6)
[5.655s][info ][gc,heap        ] GC(1972) ParNew: 18967K->1179K(19648K)
[5.655s][info ][gc,heap        ] GC(1972) CMS: 16418K->17200K(43712K)
[5.655s][info ][gc,metaspace   ] GC(1972) Metaspace: 5340K->5340K(1056768K)
[5.655s][info ][gc             ] GC(1972) Pause Young (Allocation Failure) 34M->17M(61M) 1.008ms
[5.655s][info ][gc,cpu         ] GC(1972) User=0.00s Sys=0.00s Real=0.00s
[5.657s][info ][gc,start       ] GC(1973) Pause Young (Allocation Failure)
[5.657s][info ][gc,task        ] GC(1973) Using 8 workers of 8 for evacuation
[5.659s][debug][gc,age         ] GC(1973) Desired survivor size 1114112 bytes, new threshold 1 (max threshold 6)
[5.659s][info ][gc,heap        ] GC(1973) ParNew: 18434K->1957K(19648K)
[5.659s][info ][gc,heap        ] GC(1973) CMS: 17200K->18763K(43712K)
[5.659s][info ][gc,metaspace   ] GC(1973) Metaspace: 5340K->5340K(1056768K)
[5.659s][info ][gc             ] GC(1973) Pause Young (Allocation Failure) 34M->20M(61M) 2.164ms
[5.659s][info ][gc,cpu         ] GC(1973) User=0.00s Sys=0.00s Real=0.00s
[5.661s][info ][gc,start       ] GC(1974) Pause Young (Allocation Failure)
[5.661s][info ][gc,task        ] GC(1974) Using 8 workers of 8 for evacuation
[5.662s][debug][gc,age         ] GC(1974) Desired survivor size 1114112 bytes, new threshold 1 (max threshold 6)
[5.662s][info ][gc,heap        ] GC(1974) ParNew: 19171K->1963K(19648K)
[5.662s][info ][gc,heap        ] GC(1974) CMS: 18763K->20326K(43712K)
[5.662s][info ][gc,metaspace   ] GC(1974) Metaspace: 5340K->5340K(1056768K)
[5.662s][info ][gc             ] GC(1974) Pause Young (Allocation Failure) 37M->21M(61M) 1.516ms
[5.662s][info ][gc,cpu         ] GC(1974) User=0.00s Sys=0.00s Real=0.00s
[5.664s][info ][gc,start       ] GC(1975) Pause Young (Allocation Failure)
[5.664s][info ][gc,task        ] GC(1975) Using 8 workers of 8 for evacuation
[5.665s][debug][gc,age         ] GC(1975) Desired survivor size 1114112 bytes, new threshold 1 (max threshold 6)
[5.665s][info ][gc,heap        ] GC(1975) ParNew: 19150K->1959K(19648K)
[5.665s][info ][gc,heap        ] GC(1975) CMS: 20326K->21107K(43712K)
[5.665s][info ][gc,metaspace   ] GC(1975) Metaspace: 5340K->5340K(1056768K)
[5.665s][info ][gc             ] GC(1975) Pause Young (Allocation Failure) 38M->22M(61M) 1.291ms
[5.665s][info ][gc,cpu         ] GC(1975) User=0.00s Sys=0.00s Real=0.00s
[5.666s][info ][gc,start       ] GC(1976) Pause Young (Allocation Failure)
[5.666s][info ][gc,task        ] GC(1976) Using 8 workers of 8 for evacuation
[5.668s][debug][gc,age         ] GC(1976) Desired survivor size 1114112 bytes, new threshold 1 (max threshold 6)
[5.668s][info ][gc,heap        ] GC(1976) ParNew: 19044K->1967K(19648K)
[5.668s][info ][gc,heap        ] GC(1976) CMS: 21107K->22279K(43712K)
[5.668s][info ][gc,metaspace   ] GC(1976) Metaspace: 5340K->5340K(1056768K)
[5.668s][info ][gc             ] GC(1976) Pause Young (Allocation Failure) 39M->23M(61M) 1.852ms
[5.668s][info ][gc,cpu         ] GC(1976) User=0.01s Sys=0.00s Real=0.00s
[5.670s][info ][gc,start       ] GC(1977) Pause Young (Allocation Failure)
[5.670s][info ][gc,task        ] GC(1977) Using 8 workers of 8 for evacuation
[5.671s][debug][gc,age         ] GC(1977) Desired survivor size 1114112 bytes, new threshold 1 (max threshold 6)
[5.671s][info ][gc,heap        ] GC(1977) ParNew: 19115K->1184K(19648K)
[5.671s][info ][gc,heap        ] GC(1977) CMS: 22279K->23061K(43712K)
[5.671s][info ][gc,metaspace   ] GC(1977) Metaspace: 5340K->5340K(1056768K)
[5.671s][info ][gc             ] GC(1977) Pause Young (Allocation Failure) 40M->23M(61M) 1.296ms
[5.671s][info ][gc,cpu         ] GC(1977) User=0.01s Sys=0.00s Real=0.00s
[5.673s][info ][gc,start       ] GC(1978) Pause Young (Allocation Failure)
[5.673s][info ][gc,task        ] GC(1978) Using 8 workers of 8 for evacuation
[5.674s][debug][gc,age         ] GC(1978) Desired survivor size 1114112 bytes, new threshold 1 (max threshold 6)
[5.674s][info ][gc,heap        ] GC(1978) ParNew: 18265K->1963K(19648K)
[5.674s][info ][gc,heap        ] GC(1978) CMS: 23061K->23452K(43712K)
[5.674s][info ][gc,metaspace   ] GC(1978) Metaspace: 5340K->5340K(1056768K)
[5.674s][info ][gc             ] GC(1978) Pause Young (Allocation Failure) 40M->24M(61M) 1.270ms
[5.674s][info ][gc,cpu         ] GC(1978) User=0.00s Sys=0.00s Real=0.01s
[5.676s][info ][gc,start       ] GC(1979) Pause Young (Allocation Failure)
[5.676s][info ][gc,task        ] GC(1979) Using 8 workers of 8 for evacuation
[5.677s][debug][gc,age         ] GC(1979) Desired survivor size 1114112 bytes, new threshold 1 (max threshold 6)
[5.678s][info ][gc,heap        ] GC(1979) ParNew: 19395K->1175K(19648K)
[5.678s][info ][gc,heap        ] GC(1979) CMS: 23452K->24625K(43712K)
[5.678s][info ][gc,metaspace   ] GC(1979) Metaspace: 5340K->5340K(1056768K)
[5.679s][info ][gc             ] GC(1979) Pause Young (Allocation Failure) 41M->25M(61M) 2.939ms
[5.679s][info ][gc,cpu         ] GC(1979) User=0.00s Sys=0.00s Real=0.00s
[5.680s][info ][gc,start       ] GC(1980) Pause Young (Allocation Failure)
[5.680s][info ][gc,task        ] GC(1980) Using 8 workers of 8 for evacuation
[5.681s][debug][gc,age         ] GC(1980) Desired survivor size 1114112 bytes, new threshold 1 (max threshold 6)
[5.681s][info ][gc,heap        ] GC(1980) ParNew: 18417K->1967K(19648K)
[5.681s][info ][gc,heap        ] GC(1980) CMS: 24625K->25407K(43712K)
[5.682s][info ][gc,metaspace   ] GC(1980) Metaspace: 5340K->5340K(1056768K)
[5.682s][info ][gc             ] GC(1980) Pause Young (Allocation Failure) 42M->26M(61M) 1.456ms
[5.682s][info ][gc,cpu         ] GC(1980) User=0.00s Sys=0.00s Real=0.00s
[5.683s][info ][gc,start       ] GC(1981) Pause Young (Allocation Failure)
[5.683s][info ][gc,task        ] GC(1981) Using 8 workers of 8 for evacuation
[5.684s][debug][gc,age         ] GC(1981) Desired survivor size 1114112 bytes, new threshold 1 (max threshold 6)
[5.685s][info ][gc,heap        ] GC(1981) ParNew: 19439K->1175K(19648K)
[5.685s][info ][gc,heap        ] GC(1981) CMS: 25407K->25408K(43712K)
[5.685s][info ][gc,metaspace   ] GC(1981) Metaspace: 5340K->5340K(1056768K)
[5.685s][info ][gc             ] GC(1981) Pause Young (Allocation Failure) 43M->25M(61M) 1.501ms
[5.685s][info ][gc,cpu         ] GC(1981) User=0.00s Sys=0.00s Real=0.01s
[5.686s][info ][gc,start       ] GC(1982) Pause Young (Allocation Failure)
[5.686s][info ][gc,task        ] GC(1982) Using 8 workers of 8 for evacuation
[5.687s][debug][gc,age         ] GC(1982) Desired survivor size 1114112 bytes, new threshold 1 (max threshold 6)
[5.687s][info ][gc,heap        ] GC(1982) ParNew: 18393K->1959K(19648K)
[5.687s][info ][gc,heap        ] GC(1982) CMS: 25408K->26189K(43712K)
[5.687s][info ][gc,metaspace   ] GC(1982) Metaspace: 5340K->5340K(1056768K)
[5.687s][info ][gc             ] GC(1982) Pause Young (Allocation Failure) 42M->27M(61M) 1.196ms
[5.687s][info ][gc,cpu         ] GC(1982) User=0.00s Sys=0.00s Real=0.00s
[5.688s][info ][gc,start       ] GC(1983) Pause Young (Allocation Failure)
[5.689s][info ][gc,task        ] GC(1983) Using 8 workers of 8 for evacuation
[5.690s][debug][gc,age         ] GC(1983) Desired survivor size 1114112 bytes, new threshold 1 (max threshold 6)
[5.690s][info ][gc,heap        ] GC(1983) ParNew: 19149K->1959K(19648K)
[5.690s][info ][gc,heap        ] GC(1983) CMS: 26189K->26189K(43712K)
[5.690s][info ][gc,metaspace   ] GC(1983) Metaspace: 5340K->5340K(1056768K)
[5.690s][info ][gc             ] GC(1983) Pause Young (Allocation Failure) 44M->27M(61M) 1.239ms
[5.690s][info ][gc,cpu         ] GC(1983) User=0.01s Sys=0.00s Real=0.00s
[5.691s][info ][gc,start       ] GC(1984) Pause Young (Allocation Failure)
[5.691s][info ][gc,task        ] GC(1984) Using 8 workers of 8 for evacuation
[5.693s][debug][gc,age         ] GC(1984) Desired survivor size 1114112 bytes, new threshold 1 (max threshold 6)
[5.693s][info ][gc,heap        ] GC(1984) ParNew: 19337K->1568K(19648K)
[5.693s][info ][gc,heap        ] GC(1984) CMS: 26189K->26972K(43712K)
[5.693s][info ][gc,metaspace   ] GC(1984) Metaspace: 5340K->5340K(1056768K)
[5.693s][info ][gc             ] GC(1984) Pause Young (Allocation Failure) 44M->27M(61M) 1.977ms
[5.693s][info ][gc,cpu         ] GC(1984) User=0.01s Sys=0.00s Real=0.00s
[5.695s][info ][gc,start       ] GC(1985) Pause Young (Allocation Failure)
[5.695s][info ][gc,task        ] GC(1985) Using 8 workers of 8 for evacuation
[5.696s][debug][gc,age         ] GC(1985) Desired survivor size 1114112 bytes, new threshold 1 (max threshold 6)
[5.696s][info ][gc,heap        ] GC(1985) ParNew: 18795K->1957K(19648K)
[5.696s][info ][gc,heap        ] GC(1985) CMS: 26972K->28144K(43712K)
[5.696s][info ][gc,metaspace   ] GC(1985) Metaspace: 5340K->5340K(1056768K)
[5.696s][info ][gc             ] GC(1985) Pause Young (Allocation Failure) 44M->29M(61M) 1.774ms
[5.696s][info ][gc,cpu         ] GC(1985) User=0.01s Sys=0.00s Real=0.00s
[5.698s][info ][gc,start       ] GC(1986) Pause Young (Allocation Failure)
[5.698s][info ][gc,task        ] GC(1986) Using 8 workers of 8 for evacuation
[5.699s][debug][gc,age         ] GC(1986) Desired survivor size 1114112 bytes, new threshold 1 (max threshold 6)
[5.699s][info ][gc,heap        ] GC(1986) ParNew: 19153K->1967K(19648K)
[5.699s][info ][gc,heap        ] GC(1986) CMS: 28144K->28925K(43712K)
[5.699s][info ][gc,metaspace   ] GC(1986) Metaspace: 5340K->5340K(1056768K)
[5.699s][info ][gc             ] GC(1986) Pause Young (Allocation Failure) 46M->30M(61M) 1.478ms
[5.699s][info ][gc,cpu         ] GC(1986) User=0.01s Sys=0.00s Real=0.00s
[5.701s][info ][gc,start       ] GC(1987) Pause Young (Allocation Failure)
[5.701s][info ][gc,task        ] GC(1987) Using 8 workers of 8 for evacuation
[5.702s][debug][gc,age         ] GC(1987) Desired survivor size 1114112 bytes, new threshold 1 (max threshold 6)
[5.702s][info ][gc,heap        ] GC(1987) ParNew: 19097K->1965K(19648K)
[5.702s][info ][gc,heap        ] GC(1987) CMS: 28925K->29316K(43712K)
[5.702s][info ][gc,metaspace   ] GC(1987) Metaspace: 5340K->5340K(1056768K)
[5.702s][info ][gc             ] GC(1987) Pause Young (Allocation Failure) 46M->30M(61M) 1.601ms
[5.703s][info ][gc,cpu         ] GC(1987) User=0.00s Sys=0.00s Real=0.00s
[5.704s][info ][gc,start       ] GC(1988) Pause Young (Allocation Failure)
[5.704s][info ][gc,task        ] GC(1988) Using 8 workers of 8 for evacuation
[5.705s][debug][gc,age         ] GC(1988) Desired survivor size 1114112 bytes, new threshold 1 (max threshold 6)
[5.705s][info ][gc,heap        ] GC(1988) ParNew: 19092K->1574K(19648K)
[5.705s][info ][gc,heap        ] GC(1988) CMS: 29316K->29317K(43712K)
[5.705s][info ][gc,metaspace   ] GC(1988) Metaspace: 5340K->5340K(1056768K)
[5.705s][info ][gc             ] GC(1988) Pause Young (Allocation Failure) 47M->30M(61M) 1.273ms
[5.705s][info ][gc,cpu         ] GC(1988) User=0.01s Sys=0.00s Real=0.00s
[5.707s][info ][gc,start       ] GC(1989) Pause Young (Allocation Failure)
[5.707s][info ][gc,task        ] GC(1989) Using 8 workers of 8 for evacuation
[5.708s][debug][gc,age         ] GC(1989) Desired survivor size 1114112 bytes, new threshold 1 (max threshold 6)
[5.708s][info ][gc,heap        ] GC(1989) ParNew: 18759K->1969K(19648K)
[5.708s][info ][gc,heap        ] GC(1989) CMS: 29317K->30489K(43712K)
[5.708s][info ][gc,metaspace   ] GC(1989) Metaspace: 5340K->5340K(1056768K)
[5.708s][info ][gc             ] GC(1989) Pause Young (Allocation Failure) 46M->31M(61M) 0.845ms
[5.708s][info ][gc,cpu         ] GC(1989) User=0.01s Sys=0.01s Real=0.00s
[5.710s][info ][gc,start       ] GC(1990) Pause Young (Allocation Failure)
[5.710s][info ][gc,task        ] GC(1990) Using 8 workers of 8 for evacuation
[5.711s][debug][gc,age         ] GC(1990) Desired survivor size 1114112 bytes, new threshold 1 (max threshold 6)
[5.711s][info ][gc,heap        ] GC(1990) ParNew: 19138K->1963K(19648K)
[5.711s][info ][gc,heap        ] GC(1990) CMS: 30489K->30879K(43712K)
[5.711s][info ][gc,metaspace   ] GC(1990) Metaspace: 5340K->5340K(1056768K)
[5.711s][info ][gc             ] GC(1990) Pause Young (Allocation Failure) 48M->32M(61M) 1.448ms
[5.711s][info ][gc,cpu         ] GC(1990) User=0.01s Sys=0.00s Real=0.00s
[5.712s][info ][gc,start       ] GC(1991) Pause Young (Allocation Failure)
[5.712s][info ][gc,task        ] GC(1991) Using 8 workers of 8 for evacuation
[5.714s][debug][gc,age         ] GC(1991) Desired survivor size 1114112 bytes, new threshold 1 (max threshold 6)
[5.714s][info ][gc,heap        ] GC(1991) ParNew: 19122K->1179K(19648K)
[5.714s][info ][gc,heap        ] GC(1991) CMS: 30879K->30879K(43712K)
[5.714s][info ][gc,metaspace   ] GC(1991) Metaspace: 5340K->5340K(1056768K)
[5.714s][info ][gc             ] GC(1991) Pause Young (Allocation Failure) 48M->31M(61M) 1.363ms
[5.714s][info ][gc,cpu         ] GC(1991) User=0.00s Sys=0.00s Real=0.01s
[5.716s][info ][gc,start       ] GC(1992) Pause Young (Allocation Failure)
[5.716s][info ][gc,task        ] GC(1992) Using 8 workers of 8 for evacuation
[5.717s][debug][gc,age         ] GC(1992) Desired survivor size 1114112 bytes, new threshold 1 (max threshold 6)
[5.717s][info ][gc,heap        ] GC(1992) ParNew: 18648K->1959K(19648K)
[5.717s][info ][gc,heap        ] GC(1992) CMS: 30879K->31661K(43712K)
[5.717s][info ][gc,metaspace   ] GC(1992) Metaspace: 5340K->5340K(1056768K)
[5.717s][info ][gc             ] GC(1992) Pause Young (Allocation Failure) 48M->32M(61M) 1.468ms
[5.717s][info ][gc,cpu         ] GC(1992) User=0.00s Sys=0.00s Real=0.00s
[5.720s][info ][gc,start       ] GC(1993) Pause Young (Allocation Failure)
[5.720s][info ][gc,task        ] GC(1993) Using 8 workers of 8 for evacuation
[5.721s][debug][gc,age         ] GC(1993) Desired survivor size 1114112 bytes, new threshold 1 (max threshold 6)
[5.721s][info ][gc,heap        ] GC(1993) ParNew: 19330K->1177K(19648K)
[5.721s][info ][gc,heap        ] GC(1993) CMS: 31661K->32443K(43712K)
[5.721s][info ][gc,metaspace   ] GC(1993) Metaspace: 5340K->5340K(1056768K)
[5.721s][info ][gc             ] GC(1993) Pause Young (Allocation Failure) 49M->32M(61M) 1.207ms
[5.721s][info ][gc,cpu         ] GC(1993) User=0.00s Sys=0.00s Real=0.00s
[5.725s][info ][gc,start       ] GC(1994) Pause Young (Allocation Failure)
[5.725s][info ][gc,task        ] GC(1994) Using 8 workers of 8 for evacuation
[5.725s][debug][gc,age         ] GC(1994) Desired survivor size 1114112 bytes, new threshold 1 (max threshold 6)
[5.725s][info ][gc,heap        ] GC(1994) ParNew: 18560K->1572K(19648K)
[5.725s][info ][gc,heap        ] GC(1994) CMS: 32443K->32834K(43712K)
[5.725s][info ][gc,metaspace   ] GC(1994) Metaspace: 5340K->5340K(1056768K)
[5.725s][info ][gc             ] GC(1994) Pause Young (Allocation Failure) 49M->33M(61M) 0.789ms
[5.725s][info ][gc,cpu         ] GC(1994) User=0.00s Sys=0.00s Real=0.00s
[5.727s][info ][gc,start       ] GC(1995) Pause Young (Allocation Failure)
[5.727s][info ][gc,task        ] GC(1995) Using 8 workers of 8 for evacuation
[5.728s][debug][gc,age         ] GC(1995) Desired survivor size 1114112 bytes, new threshold 1 (max threshold 6)
[5.728s][info ][gc,heap        ] GC(1995) ParNew: 18857K->1959K(19648K)
[5.728s][info ][gc,heap        ] GC(1995) CMS: 32834K->33615K(43712K)
[5.728s][info ][gc,metaspace   ] GC(1995) Metaspace: 5340K->5340K(1056768K)
[5.728s][info ][gc             ] GC(1995) Pause Young (Allocation Failure) 50M->34M(61M) 1.258ms
[5.728s][info ][gc,cpu         ] GC(1995) User=0.00s Sys=0.00s Real=0.00s
[5.729s][info ][gc,start       ] GC(1996) Pause Young (Allocation Failure)
[5.730s][info ][gc,task        ] GC(1996) Using 8 workers of 8 for evacuation
[5.731s][debug][gc,age         ] GC(1996) Desired survivor size 1114112 bytes, new threshold 1 (max threshold 6)
[5.731s][info ][gc,heap        ] GC(1996) ParNew: 19192K->1965K(19648K)
[5.731s][info ][gc,heap        ] GC(1996) CMS: 33615K->34788K(43712K)
[5.731s][info ][gc,metaspace   ] GC(1996) Metaspace: 5340K->5340K(1056768K)
[5.731s][info ][gc             ] GC(1996) Pause Young (Allocation Failure) 51M->35M(61M) 1.623ms
[5.731s][info ][gc,cpu         ] GC(1996) User=0.00s Sys=0.00s Real=0.00s
[5.733s][info ][gc,start       ] GC(1997) Pause Young (Allocation Failure)
[5.733s][info ][gc,task        ] GC(1997) Using 8 workers of 8 for evacuation
[5.734s][debug][gc,age         ] GC(1997) Desired survivor size 1114112 bytes, new threshold 1 (max threshold 6)
[5.734s][info ][gc,heap        ] GC(1997) ParNew: 19062K->1963K(19648K)
[5.734s][info ][gc,heap        ] GC(1997) CMS: 34788K->35179K(43712K)
[5.734s][info ][gc,metaspace   ] GC(1997) Metaspace: 5340K->5340K(1056768K)
[5.734s][info ][gc             ] GC(1997) Pause Young (Allocation Failure) 52M->36M(61M) 1.901ms
[5.734s][info ][gc,cpu         ] GC(1997) User=0.01s Sys=0.00s Real=0.01s
[5.736s][info ][gc,start       ] GC(1998) Pause Young (Allocation Failure)
[5.736s][info ][gc,task        ] GC(1998) Using 8 workers of 8 for evacuation
[5.737s][debug][gc,age         ] GC(1998) Desired survivor size 1114112 bytes, new threshold 1 (max threshold 6)
[5.738s][info ][gc,heap        ] GC(1998) ParNew: 19178K->1969K(19648K)
[5.738s][info ][gc,heap        ] GC(1998) CMS: 35179K->36351K(43712K)
[5.738s][info ][gc,metaspace   ] GC(1998) Metaspace: 5340K->5340K(1056768K)
[5.738s][info ][gc             ] GC(1998) Pause Young (Allocation Failure) 53M->37M(61M) 1.795ms
[5.738s][info ][gc,cpu         ] GC(1998) User=0.01s Sys=0.00s Real=0.00s
[5.739s][info ][gc,start       ] GC(1999) Pause Young (Allocation Failure)
[5.739s][info ][gc,task        ] GC(1999) Using 8 workers of 8 for evacuation
[5.740s][debug][gc,age         ] GC(1999) Desired survivor size 1114112 bytes, new threshold 1 (max threshold 6)
[5.740s][info ][gc,heap        ] GC(1999) ParNew: 19157K->1967K(19648K)
[5.740s][info ][gc,heap        ] GC(1999) CMS: 36351K->37132K(43712K)
[5.740s][info ][gc,metaspace   ] GC(1999) Metaspace: 5340K->5340K(1056768K)
[5.740s][info ][gc             ] GC(1999) Pause Young (Allocation Failure) 54M->38M(61M) 0.830ms
[5.740s][info ][gc,cpu         ] GC(1999) User=0.00s Sys=0.00s Real=0.00s
[5.742s][info ][gc,start       ] GC(2000) Pause Young (Allocation Failure)
[5.742s][info ][gc,task        ] GC(2000) Using 8 workers of 8 for evacuation
[5.744s][debug][gc,age         ] GC(2000) Desired survivor size 1114112 bytes, new threshold 1 (max threshold 6)
[5.744s][info ][gc,heap        ] GC(2000) ParNew: 19138K->1965K(19648K)
[5.744s][info ][gc,heap        ] GC(2000) CMS: 37132K->38304K(43712K)
[5.744s][info ][gc,metaspace   ] GC(2000) Metaspace: 5340K->5340K(1056768K)
[5.744s][info ][gc             ] GC(2000) Pause Young (Allocation Failure) 54M->39M(61M) 2.202ms
[5.744s][info ][gc,cpu         ] GC(2000) User=0.01s Sys=0.00s Real=0.01s
[5.744s][info ][gc,start       ] GC(2001) Pause Initial Mark
[5.744s][info ][gc             ] GC(2001) Pause Initial Mark 40M->40M(61M) 0.128ms
[5.744s][info ][gc,cpu         ] GC(2001) User=0.00s Sys=0.00s Real=0.00s
[5.744s][info ][gc             ] GC(2001) Concurrent Mark
[5.744s][info ][gc,task        ] GC(2001) Using 2 workers of 2 for marking
[5.746s][info ][gc,start       ] GC(2002) Pause Young (Allocation Failure)
[5.746s][info ][gc,task        ] GC(2002) Using 8 workers of 8 for evacuation
[5.747s][debug][gc,age         ] GC(2002) Desired survivor size 1114112 bytes, new threshold 1 (max threshold 6)
[5.747s][info ][gc,heap        ] GC(2002) ParNew: 19125K->1184K(19648K)
[5.747s][info ][gc,heap        ] GC(2002) CMS: 38304K->38304K(43712K)
[5.747s][info ][gc,metaspace   ] GC(2002) Metaspace: 5340K->5340K(1056768K)
[5.747s][info ][gc             ] GC(2002) Pause Young (Allocation Failure) 56M->38M(61M) 1.168ms
[5.747s][info ][gc,cpu         ] GC(2002) User=0.00s Sys=0.00s Real=0.00s
[5.748s][info ][gc             ] GC(2001) Concurrent Mark 3.278ms
[5.748s][info ][gc,cpu         ] GC(2001) User=0.01s Sys=0.00s Real=0.00s
[5.748s][info ][gc             ] GC(2001) Concurrent Preclean
[5.748s][info ][gc             ] GC(2001) Concurrent Preclean 0.150ms
[5.748s][info ][gc,cpu         ] GC(2001) User=0.00s Sys=0.00s Real=0.00s
[5.748s][info ][gc             ] GC(2001) Concurrent Abortable Preclean
[5.749s][info ][gc,start       ] GC(2003) Pause Young (Allocation Failure)
[5.749s][info ][gc,task        ] GC(2003) Using 8 workers of 8 for evacuation
[5.750s][debug][gc,age         ] GC(2003) Desired survivor size 1114112 bytes, new threshold 1 (max threshold 6)
[5.750s][info ][gc,heap        ] GC(2003) ParNew: 18337K->1965K(19648K)
[5.750s][info ][gc,heap        ] GC(2003) CMS: 38304K->38304K(43712K)
[5.750s][info ][gc,metaspace   ] GC(2003) Metaspace: 5340K->5340K(1056768K)
[5.750s][info ][gc             ] GC(2003) Pause Young (Allocation Failure) 55M->39M(61M) 1.208ms
[5.750s][info ][gc,cpu         ] GC(2003) User=0.01s Sys=0.00s Real=0.00s
[5.751s][info ][gc,start       ] GC(2004) Pause Young (Allocation Failure)
[5.752s][info ][gc,task        ] GC(2004) Using 8 workers of 8 for evacuation
[5.753s][debug][gc,age         ] GC(2004) Desired survivor size 1114112 bytes, new threshold 1 (max threshold 6)
[5.753s][info ][gc,heap        ] GC(2004) ParNew: 19114K->1959K(19648K)
[5.753s][info ][gc,heap        ] GC(2004) CMS: 38304K->39476K(43712K)
[5.753s][info ][gc,metaspace   ] GC(2004) Metaspace: 5340K->5340K(1056768K)
[5.753s][info ][gc             ] GC(2004) Pause Young (Allocation Failure) 56M->40M(61M) 1.325ms
[5.753s][info ][gc,cpu         ] GC(2004) User=0.01s Sys=0.00s Real=0.00s
[5.754s][info ][gc,start       ] GC(2005) Pause Young (Allocation Failure)
[5.754s][info ][gc,task        ] GC(2005) Using 8 workers of 8 for evacuation
[5.755s][debug][gc,age         ] GC(2005) Desired survivor size 1114112 bytes, new threshold 6 (max threshold 6)
[5.755s][info ][gc,heap        ] GC(2005) ParNew: 19325K->398K(19648K)
[5.755s][info ][gc,heap        ] GC(2005) CMS: 39476K->40258K(43712K)
[5.755s][info ][gc,metaspace   ] GC(2005) Metaspace: 5340K->5340K(1056768K)
[5.755s][info ][gc             ] GC(2005) Pause Young (Allocation Failure) 57M->39M(61M) 1.139ms
[5.755s][info ][gc,cpu         ] GC(2005) User=0.00s Sys=0.00s Real=0.00s
[5.757s][info ][gc,start       ] GC(2006) Pause Young (Allocation Failure)
[5.757s][info ][gc,task        ] GC(2006) Using 8 workers of 8 for evacuation
[5.758s][debug][gc,age         ] GC(2006) Desired survivor size 1114112 bytes, new threshold 1 (max threshold 6)
[5.758s][info ][gc,heap        ] GC(2006) ParNew: 17603K->1570K(19648K)
[5.758s][info ][gc,heap        ] GC(2006) CMS: 40258K->40258K(43712K)
[5.758s][info ][gc,metaspace   ] GC(2006) Metaspace: 5340K->5340K(1056768K)
[5.758s][info ][gc             ] GC(2006) Pause Young (Allocation Failure) 56M->40M(61M) 1.211ms
[5.758s][info ][gc,cpu         ] GC(2006) User=0.01s Sys=0.00s Real=0.00s
[5.760s][info ][gc,start       ] GC(2007) Pause Young (Allocation Failure)
[5.760s][info ][gc,task        ] GC(2007) Using 8 workers of 8 for evacuation
[5.761s][debug][gc,age         ] GC(2007) Desired survivor size 1114112 bytes, new threshold 1 (max threshold 6)
[5.762s][info ][gc,heap        ] GC(2007) ParNew: 18654K->1957K(19648K)
[5.762s][info ][gc,heap        ] GC(2007) CMS: 40258K->41040K(43712K)
[5.762s][info ][gc,metaspace   ] GC(2007) Metaspace: 5340K->5340K(1056768K)
[5.762s][info ][gc             ] GC(2007) Pause Young (Allocation Failure) 57M->41M(61M) 1.983ms
[5.762s][info ][gc,cpu         ] GC(2007) User=0.01s Sys=0.00s Real=0.00s
[5.764s][info ][gc,start       ] GC(2008) Pause Young (Allocation Failure)
[5.764s][info ][gc,task        ] GC(2008) Using 8 workers of 8 for evacuation
[5.765s][debug][gc,age         ] GC(2008) Desired survivor size 1114112 bytes, new threshold 1 (max threshold 6)
[5.765s][info ][gc,heap        ] GC(2008) ParNew: 19064K->1574K(19648K)
[5.765s][info ][gc,heap        ] GC(2008) CMS: 41040K->41431K(43712K)
[5.765s][info ][gc,metaspace   ] GC(2008) Metaspace: 5340K->5340K(1056768K)
[5.765s][info ][gc             ] GC(2008) Pause Young (Allocation Failure) 58M->41M(61M) 1.228ms
[5.765s][info ][gc,cpu         ] GC(2008) User=0.01s Sys=0.00s Real=0.00s
[5.767s][info ][gc,start       ] GC(2009) Pause Young (Allocation Failure)
[5.767s][info ][gc,task        ] GC(2009) Using 8 workers of 8 for evacuation
[5.769s][debug][gc,age         ] GC(2009) Desired survivor size 1114112 bytes, new threshold 1 (max threshold 6)
[5.769s][info ][gc,heap        ] GC(2009) ParNew: 18702K->1961K(19648K)
[5.769s][info ][gc,heap        ] GC(2009) CMS: 41431K->41822K(43712K)
[5.769s][info ][gc,metaspace   ] GC(2009) Metaspace: 5340K->5340K(1056768K)
[5.769s][info ][gc             ] GC(2009) Pause Young (Allocation Failure) 58M->42M(61M) 1.528ms
[5.769s][info ][gc,cpu         ] GC(2009) User=0.01s Sys=0.00s Real=0.00s
[5.771s][info ][gc,start       ] GC(2010) Pause Young (Allocation Failure)
[5.771s][info ][gc,task        ] GC(2010) Using 8 workers of 8 for evacuation
[5.774s][debug][gc,age         ] GC(2010) Desired survivor size 1114112 bytes, new threshold 1 (max threshold 6)
[5.774s][info ][gc,heap        ] GC(2010) ParNew: 19072K->1967K(19648K)
[5.774s][info ][gc,heap        ] GC(2010) CMS: 41822K->42604K(43712K)
[5.774s][info ][gc,metaspace   ] GC(2010) Metaspace: 5340K->5340K(1056768K)
[5.774s][info ][gc             ] GC(2010) Pause Young (Allocation Failure) 59M->43M(61M) 3.628ms
[5.774s][info ][gc,cpu         ] GC(2010) User=0.00s Sys=0.00s Real=0.01s
[5.776s][info ][gc,start       ] GC(2011) Pause Young (Allocation Failure)
[5.776s][info ][gc,task        ] GC(2011) Using 8 workers of 8 for evacuation
[5.777s][debug][gc,age         ] GC(2011) Desired survivor size 1114112 bytes, new threshold 1 (max threshold 6)
[5.777s][info ][gc,heap        ] GC(2011) ParNew: 19158K->1963K(19648K)
[5.777s][info ][gc,heap        ] GC(2011) CMS: 42604K->42995K(43712K)
[5.777s][info ][gc,metaspace   ] GC(2011) Metaspace: 5340K->5340K(1056768K)
[5.777s][info ][gc             ] GC(2011) Pause Young (Allocation Failure) 60M->43M(61M) 1.271ms
[5.777s][info ][gc,cpu         ] GC(2011) User=0.00s Sys=0.00s Real=0.00s
[5.777s][info ][gc             ] GC(2001) Concurrent Abortable Preclean 29.433ms
[5.777s][info ][gc,cpu         ] GC(2001) User=0.10s Sys=0.01s Real=0.03s
[5.778s][info ][gc,start       ] GC(2001) Pause Remark
[5.779s][debug][gc,phases      ] GC(2001) Rescan (parallel) 1.210ms
[5.779s][debug][gc,phases      ] GC(2001) Reference Processing 0.015ms
[5.779s][debug][gc,phases      ] GC(2001) Weak Processing 0.005ms
[5.779s][debug][gc,phases      ] GC(2001) ClassLoaderData 0.013ms
[5.779s][debug][gc,phases      ] GC(2001) ProtectionDomainCacheTable 0.002ms
[5.779s][debug][gc,phases      ] GC(2001) ResolvedMethodTable 0.006ms
[5.779s][debug][gc,phases      ] GC(2001) Class Unloading 0.198ms
[5.780s][debug][gc,phases      ] GC(2001) Scrub Symbol Table 0.498ms
[5.780s][debug][gc,phases      ] GC(2001) Scrub String Table 0.022ms
[5.780s][info ][gc             ] GC(2001) Pause Remark 44M->44M(61M) 2.138ms
[5.780s][info ][gc,cpu         ] GC(2001) User=0.01s Sys=0.00s Real=0.00s
[5.780s][info ][gc             ] GC(2001) Concurrent Sweep
[5.781s][info ][gc             ] GC(2001) Concurrent Sweep 0.719ms
[5.781s][info ][gc,cpu         ] GC(2001) User=0.00s Sys=0.00s Real=0.00s
[5.781s][info ][gc             ] GC(2001) Concurrent Reset
[5.781s][info ][gc             ] GC(2001) Concurrent Reset 0.055ms
[5.781s][info ][gc,cpu         ] GC(2001) User=0.00s Sys=0.00s Real=0.00s
[5.781s][info ][gc,heap        ] GC(2001) Old: 38304K->6645K(43712K)
[5.782s][info ][gc,start       ] GC(2012) Pause Young (Allocation Failure)
[5.782s][info ][gc,task        ] GC(2012) Using 8 workers of 8 for evacuation
[5.784s][debug][gc,age         ] GC(2012) Desired survivor size 1114112 bytes, new threshold 1 (max threshold 6)
[5.784s][info ][gc,heap        ] GC(2012) ParNew: 19117K->1965K(19648K)
[5.784s][info ][gc,heap        ] GC(2012) CMS: 6645K->7427K(43712K)
[5.784s][info ][gc,metaspace   ] GC(2012) Metaspace: 5340K->5340K(1056768K)
[5.784s][info ][gc             ] GC(2012) Pause Young (Allocation Failure) 25M->9M(61M) 1.510ms
[5.784s][info ][gc,cpu         ] GC(2012) User=0.00s Sys=0.00s Real=0.01s
[5.786s][info ][gc,start       ] GC(2013) Pause Young (Allocation Failure)
[5.786s][info ][gc,task        ] GC(2013) Using 8 workers of 8 for evacuation
[5.787s][debug][gc,age         ] GC(2013) Desired survivor size 1114112 bytes, new threshold 1 (max threshold 6)
[5.787s][info ][gc,heap        ] GC(2013) ParNew: 19114K->1965K(19648K)
[5.787s][info ][gc,heap        ] GC(2013) CMS: 7427K->8208K(43712K)
[5.787s][info ][gc,metaspace   ] GC(2013) Metaspace: 5340K->5340K(1056768K)
[5.787s][info ][gc             ] GC(2013) Pause Young (Allocation Failure) 25M->9M(61M) 1.479ms
[5.787s][info ][gc,cpu         ] GC(2013) User=0.00s Sys=0.00s Real=0.00s
[5.788s][info ][gc,start       ] GC(2014) Pause Young (Allocation Failure)
[5.789s][info ][gc,task        ] GC(2014) Using 8 workers of 8 for evacuation
[5.790s][debug][gc,age         ] GC(2014) Desired survivor size 1114112 bytes, new threshold 1 (max threshold 6)
[5.790s][info ][gc,heap        ] GC(2014) ParNew: 19139K->1967K(19648K)
[5.790s][info ][gc,heap        ] GC(2014) CMS: 8208K->8990K(43712K)
[5.790s][info ][gc,metaspace   ] GC(2014) Metaspace: 5340K->5340K(1056768K)
[5.790s][info ][gc             ] GC(2014) Pause Young (Allocation Failure) 26M->10M(61M) 1.452ms
[5.790s][info ][gc,cpu         ] GC(2014) User=0.01s Sys=0.00s Real=0.00s
[5.792s][info ][gc,start       ] GC(2015) Pause Young (Allocation Failure)
[5.792s][info ][gc,task        ] GC(2015) Using 8 workers of 8 for evacuation
[5.794s][debug][gc,age         ] GC(2015) Desired survivor size 1114112 bytes, new threshold 6 (max threshold 6)
[5.794s][info ][gc,heap        ] GC(2015) ParNew: 19365K->785K(19648K)
[5.794s][info ][gc,heap        ] GC(2015) CMS: 8990K->10163K(43712K)
[5.794s][info ][gc,metaspace   ] GC(2015) Metaspace: 5340K->5340K(1056768K)
[5.794s][info ][gc             ] GC(2015) Pause Young (Allocation Failure) 27M->10M(61M) 2.380ms
[5.794s][info ][gc,cpu         ] GC(2015) User=0.01s Sys=0.00s Real=0.01s
[5.796s][info ][gc,start       ] GC(2016) Pause Young (Allocation Failure)
[5.796s][info ][gc,task        ] GC(2016) Using 8 workers of 8 for evacuation
[5.797s][debug][gc,age         ] GC(2016) Desired survivor size 1114112 bytes, new threshold 1 (max threshold 6)
[5.797s][info ][gc,heap        ] GC(2016) ParNew: 18020K->1963K(19648K)
[5.797s][info ][gc,heap        ] GC(2016) CMS: 10163K->10163K(43712K)
[5.798s][info ][gc,metaspace   ] GC(2016) Metaspace: 5340K->5340K(1056768K)
[5.798s][info ][gc             ] GC(2016) Pause Young (Allocation Failure) 27M->11M(61M) 1.745ms
[5.798s][info ][gc,cpu         ] GC(2016) User=0.01s Sys=0.00s Real=0.00s
[5.799s][info ][gc,start       ] GC(2017) Pause Young (Allocation Failure)
[5.799s][info ][gc,task        ] GC(2017) Using 8 workers of 8 for evacuation
[5.800s][debug][gc,age         ] GC(2017) Desired survivor size 1114112 bytes, new threshold 1 (max threshold 6)
[5.800s][info ][gc,heap        ] GC(2017) ParNew: 19123K->1963K(19648K)
[5.800s][info ][gc,heap        ] GC(2017) CMS: 10163K->11336K(43712K)
[5.800s][info ][gc,metaspace   ] GC(2017) Metaspace: 5340K->5340K(1056768K)
[5.800s][info ][gc             ] GC(2017) Pause Young (Allocation Failure) 28M->12M(61M) 0.767ms
[5.800s][info ][gc,cpu         ] GC(2017) User=0.00s Sys=0.00s Real=0.00s
[5.801s][info ][gc,start       ] GC(2018) Pause Young (Allocation Failure)
[5.802s][info ][gc,task        ] GC(2018) Using 8 workers of 8 for evacuation
[5.803s][debug][gc,age         ] GC(2018) Desired survivor size 1114112 bytes, new threshold 1 (max threshold 6)
[5.803s][info ][gc,heap        ] GC(2018) ParNew: 19435K->1568K(19648K)
[5.803s][info ][gc,heap        ] GC(2018) CMS: 11336K->12118K(43712K)
[5.803s][info ][gc,metaspace   ] GC(2018) Metaspace: 5340K->5340K(1056768K)
[5.803s][info ][gc             ] GC(2018) Pause Young (Allocation Failure) 30M->13M(61M) 1.252ms
[5.803s][info ][gc,cpu         ] GC(2018) User=0.01s Sys=0.00s Real=0.00s
[5.804s][info ][gc,start       ] GC(2019) Pause Young (Allocation Failure)
[5.804s][info ][gc,task        ] GC(2019) Using 8 workers of 8 for evacuation
[5.805s][debug][gc,age         ] GC(2019) Desired survivor size 1114112 bytes, new threshold 1 (max threshold 6)
[5.805s][info ][gc,heap        ] GC(2019) ParNew: 18778K->1959K(19648K)
[5.805s][info ][gc,heap        ] GC(2019) CMS: 12118K->12899K(43712K)
[5.805s][info ][gc,metaspace   ] GC(2019) Metaspace: 5340K->5340K(1056768K)
[5.805s][info ][gc             ] GC(2019) Pause Young (Allocation Failure) 30M->14M(61M) 1.300ms
[5.805s][info ][gc,cpu         ] GC(2019) User=0.00s Sys=0.00s Real=0.00s
[5.807s][info ][gc,start       ] GC(2020) Pause Young (Allocation Failure)
[5.807s][info ][gc,task        ] GC(2020) Using 8 workers of 8 for evacuation
[5.808s][debug][gc,age         ] GC(2020) Desired survivor size 1114112 bytes, new threshold 1 (max threshold 6)
[5.808s][info ][gc,heap        ] GC(2020) ParNew: 19144K->1959K(19648K)
[5.808s][info ][gc,heap        ] GC(2020) CMS: 12899K->12899K(43712K)
[5.808s][info ][gc,metaspace   ] GC(2020) Metaspace: 5340K->5340K(1056768K)
[5.808s][info ][gc             ] GC(2020) Pause Young (Allocation Failure) 31M->14M(61M) 1.609ms
[5.808s][info ][gc,cpu         ] GC(2020) User=0.00s Sys=0.00s Real=0.00s
[5.811s][info ][gc,start       ] GC(2021) Pause Young (Allocation Failure)
[5.811s][info ][gc,task        ] GC(2021) Using 8 workers of 8 for evacuation
[5.813s][debug][gc,age         ] GC(2021) Desired survivor size 1114112 bytes, new threshold 6 (max threshold 6)
[5.813s][info ][gc,heap        ] GC(2021) ParNew: 19270K->394K(19648K)
[5.813s][info ][gc,heap        ] GC(2021) CMS: 12899K->14073K(43712K)
[5.813s][info ][gc,metaspace   ] GC(2021) Metaspace: 5340K->5340K(1056768K)
[5.813s][info ][gc             ] GC(2021) Pause Young (Allocation Failure) 31M->14M(61M) 1.744ms
[5.813s][info ][gc,cpu         ] GC(2021) User=0.00s Sys=0.00s Real=0.00s
[5.815s][info ][gc,start       ] GC(2022) Pause Young (Allocation Failure)
[5.815s][info ][gc,task        ] GC(2022) Using 8 workers of 8 for evacuation
[5.816s][debug][gc,age         ] GC(2022) Desired survivor size 1114112 bytes, new threshold 6 (max threshold 6)
[5.816s][info ][gc,heap        ] GC(2022) ParNew: 17784K->398K(19648K)
[5.816s][info ][gc,heap        ] GC(2022) CMS: 14073K->14073K(43712K)
[5.816s][info ][gc,metaspace   ] GC(2022) Metaspace: 5340K->5340K(1056768K)
[5.816s][info ][gc             ] GC(2022) Pause Young (Allocation Failure) 31M->14M(61M) 1.026ms
[5.816s][info ][gc,cpu         ] GC(2022) User=0.00s Sys=0.00s Real=0.00s
[5.819s][info ][gc,start       ] GC(2023) Pause Young (Allocation Failure)
[5.819s][info ][gc,task        ] GC(2023) Using 8 workers of 8 for evacuation
[5.820s][debug][gc,age         ] GC(2023) Desired survivor size 1114112 bytes, new threshold 1 (max threshold 6)
[5.820s][info ][gc,heap        ] GC(2023) ParNew: 17697K->1572K(19648K)
[5.820s][info ][gc,heap        ] GC(2023) CMS: 14073K->14073K(43712K)
[5.820s][info ][gc,metaspace   ] GC(2023) Metaspace: 5340K->5340K(1056768K)
[5.820s][info ][gc             ] GC(2023) Pause Young (Allocation Failure) 31M->15M(61M) 1.106ms
[5.820s][info ][gc,cpu         ] GC(2023) User=0.00s Sys=0.01s Real=0.00s
[5.821s][info ][gc,start       ] GC(2024) Pause Young (Allocation Failure)
[5.821s][info ][gc,task        ] GC(2024) Using 8 workers of 8 for evacuation
[5.822s][debug][gc,age         ] GC(2024) Desired survivor size 1114112 bytes, new threshold 1 (max threshold 6)
[5.822s][info ][gc,heap        ] GC(2024) ParNew: 18814K->1967K(19648K)
[5.822s][info ][gc,heap        ] GC(2024) CMS: 14073K->14464K(43712K)
[5.822s][info ][gc,metaspace   ] GC(2024) Metaspace: 5340K->5340K(1056768K)
[5.822s][info ][gc             ] GC(2024) Pause Young (Allocation Failure) 32M->16M(61M) 1.168ms
[5.822s][info ][gc,cpu         ] GC(2024) User=0.01s Sys=0.00s Real=0.00s
[5.824s][info ][gc,start       ] GC(2025) Pause Young (Allocation Failure)
[5.824s][info ][gc,task        ] GC(2025) Using 8 workers of 8 for evacuation
[5.825s][debug][gc,age         ] GC(2025) Desired survivor size 1114112 bytes, new threshold 1 (max threshold 6)
[5.825s][info ][gc,heap        ] GC(2025) ParNew: 19103K->1965K(19648K)
[5.825s][info ][gc,heap        ] GC(2025) CMS: 14464K->14855K(43712K)
[5.825s][info ][gc,metaspace   ] GC(2025) Metaspace: 5340K->5340K(1056768K)
[5.825s][info ][gc             ] GC(2025) Pause Young (Allocation Failure) 32M->16M(61M) 1.291ms
[5.825s][info ][gc,cpu         ] GC(2025) User=0.01s Sys=0.00s Real=0.00s
[5.827s][info ][gc,start       ] GC(2026) Pause Young (Allocation Failure)
[5.827s][info ][gc,task        ] GC(2026) Using 8 workers of 8 for evacuation
[5.828s][debug][gc,age         ] GC(2026) Desired survivor size 1114112 bytes, new threshold 1 (max threshold 6)
[5.828s][info ][gc,heap        ] GC(2026) ParNew: 19172K->1574K(19648K)
[5.828s][info ][gc,heap        ] GC(2026) CMS: 14855K->14855K(43712K)
[5.828s][info ][gc,metaspace   ] GC(2026) Metaspace: 5340K->5340K(1056768K)
[5.828s][info ][gc             ] GC(2026) Pause Young (Allocation Failure) 33M->16M(61M) 1.124ms
[5.828s][info ][gc,cpu         ] GC(2026) User=0.00s Sys=0.00s Real=0.00s
[5.829s][info ][gc,start       ] GC(2027) Pause Young (Allocation Failure)
[5.829s][info ][gc,task        ] GC(2027) Using 8 workers of 8 for evacuation
[5.830s][debug][gc,age         ] GC(2027) Desired survivor size 1114112 bytes, new threshold 1 (max threshold 6)
[5.830s][info ][gc,heap        ] GC(2027) ParNew: 18758K->1967K(19648K)
[5.830s][info ][gc,heap        ] GC(2027) CMS: 14855K->14855K(43712K)
[5.830s][info ][gc,metaspace   ] GC(2027) Metaspace: 5340K->5340K(1056768K)
[5.830s][info ][gc             ] GC(2027) Pause Young (Allocation Failure) 32M->16M(61M) 1.171ms
[5.830s][info ][gc,cpu         ] GC(2027) User=0.01s Sys=0.00s Real=0.00s
[5.832s][info ][gc,start       ] GC(2028) Pause Young (Allocation Failure)
[5.832s][info ][gc,task        ] GC(2028) Using 8 workers of 8 for evacuation
[5.833s][debug][gc,age         ] GC(2028) Desired survivor size 1114112 bytes, new threshold 1 (max threshold 6)
[5.833s][info ][gc,heap        ] GC(2028) ParNew: 19094K->1963K(19648K)
[5.833s][info ][gc,heap        ] GC(2028) CMS: 14855K->16027K(43712K)
[5.833s][info ][gc,metaspace   ] GC(2028) Metaspace: 5340K->5340K(1056768K)
[5.833s][info ][gc             ] GC(2028) Pause Young (Allocation Failure) 33M->17M(61M) 1.342ms
[5.833s][info ][gc,cpu         ] GC(2028) User=0.01s Sys=0.00s Real=0.00s
[5.835s][info ][gc,start       ] GC(2029) Pause Young (Allocation Failure)
[5.835s][info ][gc,task        ] GC(2029) Using 8 workers of 8 for evacuation
[5.836s][debug][gc,age         ] GC(2029) Desired survivor size 1114112 bytes, new threshold 1 (max threshold 6)
[5.836s][info ][gc,heap        ] GC(2029) ParNew: 19136K->1965K(19648K)
[5.836s][info ][gc,heap        ] GC(2029) CMS: 16027K->16418K(43712K)
[5.836s][info ][gc,metaspace   ] GC(2029) Metaspace: 5340K->5340K(1056768K)
[5.836s][info ][gc             ] GC(2029) Pause Young (Allocation Failure) 34M->17M(61M) 1.374ms
[5.836s][info ][gc,cpu         ] GC(2029) User=0.00s Sys=0.00s Real=0.00s
[5.838s][info ][gc,start       ] GC(2030) Pause Young (Allocation Failure)
[5.838s][info ][gc,task        ] GC(2030) Using 8 workers of 8 for evacuation
[5.838s][debug][gc,age         ] GC(2030) Desired survivor size 1114112 bytes, new threshold 1 (max threshold 6)
[5.838s][info ][gc,heap        ] GC(2030) ParNew: 19126K->1965K(19648K)
[5.838s][info ][gc,heap        ] GC(2030) CMS: 16418K->16809K(43712K)
[5.838s][info ][gc,metaspace   ] GC(2030) Metaspace: 5340K->5340K(1056768K)
[5.838s][info ][gc             ] GC(2030) Pause Young (Allocation Failure) 34M->18M(61M) 0.935ms
[5.838s][info ][gc,cpu         ] GC(2030) User=0.00s Sys=0.00s Real=0.00s
[5.840s][info ][gc,start       ] GC(2031) Pause Young (Allocation Failure)
[5.840s][info ][gc,task        ] GC(2031) Using 8 workers of 8 for evacuation
[5.841s][debug][gc,age         ] GC(2031) Desired survivor size 1114112 bytes, new threshold 1 (max threshold 6)
[5.841s][info ][gc,heap        ] GC(2031) ParNew: 19119K->1965K(19648K)
[5.841s][info ][gc,heap        ] GC(2031) CMS: 16809K->17590K(43712K)
[5.841s][info ][gc,metaspace   ] GC(2031) Metaspace: 5340K->5340K(1056768K)
[5.841s][info ][gc             ] GC(2031) Pause Young (Allocation Failure) 35M->19M(61M) 1.413ms
[5.841s][info ][gc,cpu         ] GC(2031) User=0.01s Sys=0.00s Real=0.00s
[5.843s][info ][gc,start       ] GC(2032) Pause Young (Allocation Failure)
[5.843s][info ][gc,task        ] GC(2032) Using 8 workers of 8 for evacuation
[5.843s][debug][gc,age         ] GC(2032) Desired survivor size 1114112 bytes, new threshold 1 (max threshold 6)
[5.843s][info ][gc,heap        ] GC(2032) ParNew: 19114K->1965K(19648K)
[5.843s][info ][gc,heap        ] GC(2032) CMS: 17590K->17981K(43712K)
[5.843s][info ][gc,metaspace   ] GC(2032) Metaspace: 5340K->5340K(1056768K)
[5.843s][info ][gc             ] GC(2032) Pause Young (Allocation Failure) 35M->19M(61M) 0.577ms
[5.843s][info ][gc,cpu         ] GC(2032) User=0.01s Sys=0.00s Real=0.01s
[5.845s][info ][gc,start       ] GC(2033) Pause Young (Allocation Failure)
[5.845s][info ][gc,task        ] GC(2033) Using 8 workers of 8 for evacuation
[5.846s][debug][gc,age         ] GC(2033) Desired survivor size 1114112 bytes, new threshold 1 (max threshold 6)
[5.846s][info ][gc,heap        ] GC(2033) ParNew: 19435K->1570K(19648K)
[5.846s][info ][gc,heap        ] GC(2033) CMS: 17981K->18763K(43712K)
[5.846s][info ][gc,metaspace   ] GC(2033) Metaspace: 5340K->5340K(1056768K)
[5.846s][info ][gc             ] GC(2033) Pause Young (Allocation Failure) 36M->19M(61M) 0.818ms
[5.846s][info ][gc,cpu         ] GC(2033) User=0.00s Sys=0.00s Real=0.00s
[5.847s][info ][gc,start       ] GC(2034) Pause Young (Allocation Failure)
[5.847s][info ][gc,task        ] GC(2034) Using 8 workers of 8 for evacuation
[5.848s][debug][gc,age         ] GC(2034) Desired survivor size 1114112 bytes, new threshold 1 (max threshold 6)
[5.848s][info ][gc,heap        ] GC(2034) ParNew: 19003K->1568K(19648K)
[5.848s][info ][gc,heap        ] GC(2034) CMS: 18763K->19545K(43712K)
[5.848s][info ][gc,metaspace   ] GC(2034) Metaspace: 5340K->5340K(1056768K)
[5.848s][info ][gc             ] GC(2034) Pause Young (Allocation Failure) 36M->20M(61M) 1.355ms
[5.848s][info ][gc,cpu         ] GC(2034) User=0.00s Sys=0.00s Real=0.00s
[5.850s][info ][gc,start       ] GC(2035) Pause Young (Allocation Failure)
[5.850s][info ][gc,task        ] GC(2035) Using 8 workers of 8 for evacuation
[5.851s][debug][gc,age         ] GC(2035) Desired survivor size 1114112 bytes, new threshold 1 (max threshold 6)
[5.851s][info ][gc,heap        ] GC(2035) ParNew: 18769K->1963K(19648K)
[5.851s][info ][gc,heap        ] GC(2035) CMS: 19545K->19936K(43712K)
[5.851s][info ][gc,metaspace   ] GC(2035) Metaspace: 5340K->5340K(1056768K)
[5.851s][info ][gc             ] GC(2035) Pause Young (Allocation Failure) 37M->21M(61M) 1.198ms
[5.851s][info ][gc,cpu         ] GC(2035) User=0.01s Sys=0.00s Real=0.00s
[5.852s][info ][gc,start       ] GC(2036) Pause Young (Allocation Failure)
[5.852s][info ][gc,task        ] GC(2036) Using 8 workers of 8 for evacuation
[5.854s][debug][gc,age         ] GC(2036) Desired survivor size 1114112 bytes, new threshold 1 (max threshold 6)
[5.854s][info ][gc,heap        ] GC(2036) ParNew: 19062K->1179K(19648K)
[5.854s][info ][gc,heap        ] GC(2036) CMS: 19936K->20718K(43712K)
[5.854s][info ][gc,metaspace   ] GC(2036) Metaspace: 5340K->5340K(1056768K)
[5.854s][info ][gc             ] GC(2036) Pause Young (Allocation Failure) 38M->21M(61M) 1.539ms
[5.854s][info ][gc,cpu         ] GC(2036) User=0.01s Sys=0.00s Real=0.01s
[5.857s][info ][gc,start       ] GC(2037) Pause Young (Allocation Failure)
[5.857s][info ][gc,task        ] GC(2037) Using 8 workers of 8 for evacuation
[5.858s][debug][gc,age         ] GC(2037) Desired survivor size 1114112 bytes, new threshold 6 (max threshold 6)
[5.858s][info ][gc,heap        ] GC(2037) ParNew: 18540K->396K(19648K)
[5.858s][info ][gc,heap        ] GC(2037) CMS: 20718K->21500K(43712K)
[5.858s][info ][gc,metaspace   ] GC(2037) Metaspace: 5340K->5340K(1056768K)
[5.858s][info ][gc             ] GC(2037) Pause Young (Allocation Failure) 38M->21M(61M) 1.200ms
[5.858s][info ][gc,cpu         ] GC(2037) User=0.00s Sys=0.00s Real=0.00s
[5.859s][info ][gc,start       ] GC(2038) Pause Young (Allocation Failure)
[5.860s][info ][gc,task        ] GC(2038) Using 8 workers of 8 for evacuation
[5.861s][debug][gc,age         ] GC(2038) Desired survivor size 1114112 bytes, new threshold 1 (max threshold 6)
[5.861s][info ][gc,heap        ] GC(2038) ParNew: 17601K->1961K(19648K)
[5.861s][info ][gc,heap        ] GC(2038) CMS: 21500K->21891K(43712K)
[5.861s][info ][gc,metaspace   ] GC(2038) Metaspace: 5340K->5340K(1056768K)
[5.861s][info ][gc             ] GC(2038) Pause Young (Allocation Failure) 38M->23M(61M) 1.287ms
[5.861s][info ][gc,cpu         ] GC(2038) User=0.01s Sys=0.00s Real=0.00s
[5.862s][info ][gc,start       ] GC(2039) Pause Young (Allocation Failure)
[5.864s][info ][gc,task        ] GC(2039) Using 8 workers of 8 for evacuation
[5.864s][debug][gc,age         ] GC(2039) Desired survivor size 1114112 bytes, new threshold 1 (max threshold 6)
[5.864s][info ][gc,heap        ] GC(2039) ParNew: 19398K->1184K(19648K)
[5.864s][info ][gc,heap        ] GC(2039) CMS: 21891K->23064K(43712K)
[5.864s][info ][gc,metaspace   ] GC(2039) Metaspace: 5340K->5340K(1056768K)
[5.865s][info ][gc             ] GC(2039) Pause Young (Allocation Failure) 40M->23M(61M) 2.070ms
[5.865s][info ][gc,cpu         ] GC(2039) User=0.00s Sys=0.00s Real=0.01s
[5.866s][info ][gc,start       ] GC(2040) Pause Young (Allocation Failure)
[5.866s][info ][gc,task        ] GC(2040) Using 8 workers of 8 for evacuation
[5.866s][debug][gc,age         ] GC(2040) Desired survivor size 1114112 bytes, new threshold 1 (max threshold 6)
[5.866s][info ][gc,heap        ] GC(2040) ParNew: 18300K->1965K(19648K)
[5.866s][info ][gc,heap        ] GC(2040) CMS: 23064K->23455K(43712K)
[5.866s][info ][gc,metaspace   ] GC(2040) Metaspace: 5340K->5340K(1056768K)
[5.866s][info ][gc             ] GC(2040) Pause Young (Allocation Failure) 40M->24M(61M) 0.519ms
[5.866s][info ][gc,cpu         ] GC(2040) User=0.00s Sys=0.00s Real=0.00s
[5.868s][info ][gc,start       ] GC(2041) Pause Young (Allocation Failure)
[5.868s][info ][gc,task        ] GC(2041) Using 8 workers of 8 for evacuation
[5.869s][debug][gc,age         ] GC(2041) Desired survivor size 1114112 bytes, new threshold 1 (max threshold 6)
[5.869s][info ][gc,heap        ] GC(2041) ParNew: 19239K->1967K(19648K)
[5.869s][info ][gc,heap        ] GC(2041) CMS: 23455K->23846K(43712K)
[5.869s][info ][gc,metaspace   ] GC(2041) Metaspace: 5340K->5340K(1056768K)
[5.869s][info ][gc             ] GC(2041) Pause Young (Allocation Failure) 41M->25M(61M) 1.446ms
[5.869s][info ][gc,cpu         ] GC(2041) User=0.01s Sys=0.01s Real=0.00s
[5.871s][info ][gc,start       ] GC(2042) Pause Young (Allocation Failure)
[5.871s][info ][gc,task        ] GC(2042) Using 8 workers of 8 for evacuation
[5.872s][debug][gc,age         ] GC(2042) Desired survivor size 1114112 bytes, new threshold 1 (max threshold 6)
[5.872s][info ][gc,heap        ] GC(2042) ParNew: 19193K->1965K(19648K)
[5.872s][info ][gc,heap        ] GC(2042) CMS: 23846K->23846K(43712K)
[5.872s][info ][gc,metaspace   ] GC(2042) Metaspace: 5340K->5340K(1056768K)
[5.872s][info ][gc             ] GC(2042) Pause Young (Allocation Failure) 42M->25M(61M) 1.307ms
[5.872s][info ][gc,cpu         ] GC(2042) User=0.01s Sys=0.00s Real=0.00s
[5.873s][info ][gc,start       ] GC(2043) Pause Young (Allocation Failure)
[5.873s][info ][gc,task        ] GC(2043) Using 8 workers of 8 for evacuation
[5.874s][debug][gc,age         ] GC(2043) Desired survivor size 1114112 bytes, new threshold 1 (max threshold 6)
[5.874s][info ][gc,heap        ] GC(2043) ParNew: 19411K->1572K(19648K)
[5.874s][info ][gc,heap        ] GC(2043) CMS: 23846K->24628K(43712K)
[5.874s][info ][gc,metaspace   ] GC(2043) Metaspace: 5340K->5340K(1056768K)
[5.874s][info ][gc             ] GC(2043) Pause Young (Allocation Failure) 42M->25M(61M) 0.962ms
[5.874s][info ][gc,cpu         ] GC(2043) User=0.01s Sys=0.00s Real=0.01s
[5.876s][info ][gc,start       ] GC(2044) Pause Young (Allocation Failure)
[5.876s][info ][gc,task        ] GC(2044) Using 8 workers of 8 for evacuation
[5.877s][debug][gc,age         ] GC(2044) Desired survivor size 1114112 bytes, new threshold 1 (max threshold 6)
[5.877s][info ][gc,heap        ] GC(2044) ParNew: 18798K->1969K(19648K)
[5.877s][info ][gc,heap        ] GC(2044) CMS: 24628K->25800K(43712K)
[5.877s][info ][gc,metaspace   ] GC(2044) Metaspace: 5340K->5340K(1056768K)
[5.877s][info ][gc             ] GC(2044) Pause Young (Allocation Failure) 42M->27M(61M) 1.251ms
[5.877s][info ][gc,cpu         ] GC(2044) User=0.00s Sys=0.00s Real=0.00s
[5.878s][info ][gc,start       ] GC(2045) Pause Young (Allocation Failure)
[5.878s][info ][gc,task        ] GC(2045) Using 8 workers of 8 for evacuation
[5.879s][debug][gc,age         ] GC(2045) Desired survivor size 1114112 bytes, new threshold 1 (max threshold 6)
[5.879s][info ][gc,heap        ] GC(2045) ParNew: 19164K->1969K(19648K)
[5.879s][info ][gc,heap        ] GC(2045) CMS: 25800K->26581K(43712K)
[5.879s][info ][gc,metaspace   ] GC(2045) Metaspace: 5340K->5340K(1056768K)
[5.879s][info ][gc             ] GC(2045) Pause Young (Allocation Failure) 43M->27M(61M) 0.486ms
[5.879s][info ][gc,cpu         ] GC(2045) User=0.00s Sys=0.00s Real=0.00s
[5.880s][info ][gc,start       ] GC(2046) Pause Young (Allocation Failure)
[5.880s][info ][gc,task        ] GC(2046) Using 8 workers of 8 for evacuation
[5.881s][debug][gc,age         ] GC(2046) Desired survivor size 1114112 bytes, new threshold 1 (max threshold 6)
[5.881s][info ][gc,heap        ] GC(2046) ParNew: 19145K->1963K(19648K)
[5.881s][info ][gc,heap        ] GC(2046) CMS: 26581K->27362K(43712K)
[5.881s][info ][gc,metaspace   ] GC(2046) Metaspace: 5340K->5340K(1056768K)
[5.881s][info ][gc             ] GC(2046) Pause Young (Allocation Failure) 44M->28M(61M) 1.283ms
[5.882s][info ][gc,cpu         ] GC(2046) User=0.00s Sys=0.00s Real=0.00s
[5.883s][info ][gc,start       ] GC(2047) Pause Young (Allocation Failure)
[5.883s][info ][gc,task        ] GC(2047) Using 8 workers of 8 for evacuation
[5.884s][debug][gc,age         ] GC(2047) Desired survivor size 1114112 bytes, new threshold 1 (max threshold 6)
[5.884s][info ][gc,heap        ] GC(2047) ParNew: 19090K->1963K(19648K)
[5.884s][info ][gc,heap        ] GC(2047) CMS: 27362K->28144K(43712K)
[5.884s][info ][gc,metaspace   ] GC(2047) Metaspace: 5340K->5340K(1056768K)
[5.885s][info ][gc             ] GC(2047) Pause Young (Allocation Failure) 45M->29M(61M) 1.474ms
[5.885s][info ][gc,cpu         ] GC(2047) User=0.01s Sys=0.00s Real=0.01s
[5.886s][info ][gc,start       ] GC(2048) Pause Young (Allocation Failure)
[5.886s][info ][gc,task        ] GC(2048) Using 8 workers of 8 for evacuation
[5.887s][debug][gc,age         ] GC(2048) Desired survivor size 1114112 bytes, new threshold 1 (max threshold 6)
[5.887s][info ][gc,heap        ] GC(2048) ParNew: 19131K->1967K(19648K)
[5.887s][info ][gc,heap        ] GC(2048) CMS: 28144K->28535K(43712K)
[5.887s][info ][gc,metaspace   ] GC(2048) Metaspace: 5340K->5340K(1056768K)
[5.887s][info ][gc             ] GC(2048) Pause Young (Allocation Failure) 46M->29M(61M) 0.900ms
[5.887s][info ][gc,cpu         ] GC(2048) User=0.00s Sys=0.00s Real=0.00s
[5.888s][info ][gc,start       ] GC(2049) Pause Young (Allocation Failure)
[5.888s][info ][gc,task        ] GC(2049) Using 8 workers of 8 for evacuation
[5.889s][debug][gc,age         ] GC(2049) Desired survivor size 1114112 bytes, new threshold 1 (max threshold 6)
[5.889s][info ][gc,heap        ] GC(2049) ParNew: 19420K->1963K(19648K)
[5.889s][info ][gc,heap        ] GC(2049) CMS: 28535K->29707K(43712K)
[5.889s][info ][gc,metaspace   ] GC(2049) Metaspace: 5340K->5340K(1056768K)
[5.889s][info ][gc             ] GC(2049) Pause Young (Allocation Failure) 46M->30M(61M) 0.887ms
[5.889s][info ][gc,cpu         ] GC(2049) User=0.00s Sys=0.00s Real=0.00s
[5.890s][info ][gc,start       ] GC(2050) Pause Young (Allocation Failure)
[5.891s][info ][gc,task        ] GC(2050) Using 8 workers of 8 for evacuation
[5.892s][debug][gc,age         ] GC(2050) Desired survivor size 1114112 bytes, new threshold 1 (max threshold 6)
[5.892s][info ][gc,heap        ] GC(2050) ParNew: 19149K->1965K(19648K)
[5.892s][info ][gc,heap        ] GC(2050) CMS: 29707K->30488K(43712K)
[5.892s][info ][gc,metaspace   ] GC(2050) Metaspace: 5340K->5340K(1056768K)
[5.892s][info ][gc             ] GC(2050) Pause Young (Allocation Failure) 47M->31M(61M) 1.588ms
[5.892s][info ][gc,cpu         ] GC(2050) User=0.00s Sys=0.00s Real=0.00s
[5.893s][info ][gc,start       ] GC(2051) Pause Young (Allocation Failure)
[5.894s][info ][gc,task        ] GC(2051) Using 8 workers of 8 for evacuation
[5.895s][debug][gc,age         ] GC(2051) Desired survivor size 1114112 bytes, new threshold 1 (max threshold 6)
[5.895s][info ][gc,heap        ] GC(2051) ParNew: 19135K->1959K(19648K)
[5.895s][info ][gc,heap        ] GC(2051) CMS: 30488K->30489K(43712K)
[5.895s][info ][gc,metaspace   ] GC(2051) Metaspace: 5340K->5340K(1056768K)
[5.895s][info ][gc             ] GC(2051) Pause Young (Allocation Failure) 48M->31M(61M) 1.230ms
[5.895s][info ][gc,cpu         ] GC(2051) User=0.00s Sys=0.00s Real=0.00s
[5.896s][info ][gc,start       ] GC(2052) Pause Young (Allocation Failure)
[5.896s][info ][gc,task        ] GC(2052) Using 8 workers of 8 for evacuation
[5.897s][debug][gc,age         ] GC(2052) Desired survivor size 1114112 bytes, new threshold 1 (max threshold 6)
[5.897s][info ][gc,heap        ] GC(2052) ParNew: 19118K->1959K(19648K)
[5.897s][info ][gc,heap        ] GC(2052) CMS: 30489K->31270K(43712K)
[5.897s][info ][gc,metaspace   ] GC(2052) Metaspace: 5340K->5340K(1056768K)
[5.897s][info ][gc             ] GC(2052) Pause Young (Allocation Failure) 48M->32M(61M) 1.266ms
[5.897s][info ][gc,cpu         ] GC(2052) User=0.00s Sys=0.00s Real=0.00s
[5.899s][info ][gc,start       ] GC(2053) Pause Young (Allocation Failure)
[5.899s][info ][gc,task        ] GC(2053) Using 8 workers of 8 for evacuation
[5.901s][debug][gc,age         ] GC(2053) Desired survivor size 1114112 bytes, new threshold 1 (max threshold 6)
[5.901s][info ][gc,heap        ] GC(2053) ParNew: 19431K->1566K(19648K)
[5.901s][info ][gc,heap        ] GC(2053) CMS: 31270K->32052K(43712K)
[5.901s][info ][gc,metaspace   ] GC(2053) Metaspace: 5340K->5340K(1056768K)
[5.901s][info ][gc             ] GC(2053) Pause Young (Allocation Failure) 49M->32M(61M) 1.832ms
[5.901s][info ][gc,cpu         ] GC(2053) User=0.00s Sys=0.00s Real=0.00s
[5.902s][info ][gc,start       ] GC(2054) Pause Young (Allocation Failure)
[5.902s][info ][gc,task        ] GC(2054) Using 8 workers of 8 for evacuation
[5.903s][debug][gc,age         ] GC(2054) Desired survivor size 1114112 bytes, new threshold 1 (max threshold 6)
[5.903s][info ][gc,heap        ] GC(2054) ParNew: 18659K->1959K(19648K)
[5.903s][info ][gc,heap        ] GC(2054) CMS: 32052K->32443K(43712K)
[5.903s][info ][gc,metaspace   ] GC(2054) Metaspace: 5340K->5340K(1056768K)
[5.903s][info ][gc             ] GC(2054) Pause Young (Allocation Failure) 49M->33M(61M) 1.308ms
[5.903s][info ][gc,cpu         ] GC(2054) User=0.00s Sys=0.00s Real=0.01s
[5.905s][info ][gc,start       ] GC(2055) Pause Young (Allocation Failure)
[5.905s][info ][gc,task        ] GC(2055) Using 8 workers of 8 for evacuation
[5.907s][debug][gc,age         ] GC(2055) Desired survivor size 1114112 bytes, new threshold 1 (max threshold 6)
[5.907s][info ][gc,heap        ] GC(2055) ParNew: 19139K->1957K(19648K)
[5.907s][info ][gc,heap        ] GC(2055) CMS: 32443K->32834K(43712K)
[5.907s][info ][gc,metaspace   ] GC(2055) Metaspace: 5340K->5340K(1056768K)
[5.907s][info ][gc             ] GC(2055) Pause Young (Allocation Failure) 50M->33M(61M) 1.993ms
[5.907s][info ][gc,cpu         ] GC(2055) User=0.01s Sys=0.00s Real=0.00s
[5.908s][info ][gc,start       ] GC(2056) Pause Young (Allocation Failure)
[5.908s][info ][gc,task        ] GC(2056) Using 8 workers of 8 for evacuation
[5.911s][debug][gc,age         ] GC(2056) Desired survivor size 1114112 bytes, new threshold 1 (max threshold 6)
[5.911s][info ][gc,heap        ] GC(2056) ParNew: 19074K->1967K(19648K)
[5.911s][info ][gc,heap        ] GC(2056) CMS: 32834K->33615K(43712K)
[5.911s][info ][gc,metaspace   ] GC(2056) Metaspace: 5340K->5340K(1056768K)
[5.911s][info ][gc             ] GC(2056) Pause Young (Allocation Failure) 50M->34M(61M) 2.627ms
[5.911s][info ][gc,cpu         ] GC(2056) User=0.01s Sys=0.00s Real=0.00s
[5.913s][info ][gc,start       ] GC(2057) Pause Young (Allocation Failure)
[5.913s][info ][gc,task        ] GC(2057) Using 8 workers of 8 for evacuation
[5.914s][debug][gc,age         ] GC(2057) Desired survivor size 1114112 bytes, new threshold 1 (max threshold 6)
[5.914s][info ][gc,heap        ] GC(2057) ParNew: 19439K->1965K(19648K)
[5.914s][info ][gc,heap        ] GC(2057) CMS: 33615K->34397K(43712K)
[5.914s][info ][gc,metaspace   ] GC(2057) Metaspace: 5340K->5340K(1056768K)
[5.914s][info ][gc             ] GC(2057) Pause Young (Allocation Failure) 51M->35M(61M) 1.537ms
[5.914s][info ][gc,cpu         ] GC(2057) User=0.01s Sys=0.01s Real=0.01s
[5.916s][info ][gc,start       ] GC(2058) Pause Young (Allocation Failure)
[5.916s][info ][gc,task        ] GC(2058) Using 8 workers of 8 for evacuation
[5.917s][debug][gc,age         ] GC(2058) Desired survivor size 1114112 bytes, new threshold 1 (max threshold 6)
[5.917s][info ][gc,heap        ] GC(2058) ParNew: 19093K->1574K(19648K)
[5.917s][info ][gc,heap        ] GC(2058) CMS: 34397K->35179K(43712K)
[5.917s][info ][gc,metaspace   ] GC(2058) Metaspace: 5340K->5340K(1056768K)
[5.917s][info ][gc             ] GC(2058) Pause Young (Allocation Failure) 52M->35M(61M) 1.412ms
[5.917s][info ][gc,cpu         ] GC(2058) User=0.00s Sys=0.00s Real=0.00s
[5.919s][info ][gc,start       ] GC(2059) Pause Young (Allocation Failure)
[5.919s][info ][gc,task        ] GC(2059) Using 8 workers of 8 for evacuation
[5.919s][debug][gc,age         ] GC(2059) Desired survivor size 1114112 bytes, new threshold 1 (max threshold 6)
[5.919s][info ][gc,heap        ] GC(2059) ParNew: 19046K->1967K(19648K)
[5.919s][info ][gc,heap        ] GC(2059) CMS: 35179K->35961K(43712K)
[5.919s][info ][gc,metaspace   ] GC(2059) Metaspace: 5340K->5340K(1056768K)
[5.919s][info ][gc             ] GC(2059) Pause Young (Allocation Failure) 52M->37M(61M) 0.521ms
[5.919s][info ][gc,cpu         ] GC(2059) User=0.00s Sys=0.00s Real=0.00s
[5.920s][info ][gc,start       ] GC(2060) Pause Initial Mark
[5.920s][info ][gc             ] GC(2060) Pause Initial Mark 44M->44M(61M) 0.140ms
[5.920s][info ][gc,cpu         ] GC(2060) User=0.00s Sys=0.00s Real=0.00s
[5.920s][info ][gc             ] GC(2060) Concurrent Mark
[5.920s][info ][gc,task        ] GC(2060) Using 2 workers of 2 for marking
[5.921s][info ][gc,start       ] GC(2061) Pause Young (Allocation Failure)
[5.921s][info ][gc,task        ] GC(2061) Using 8 workers of 8 for evacuation
[5.922s][debug][gc,age         ] GC(2061) Desired survivor size 1114112 bytes, new threshold 1 (max threshold 6)
[5.922s][info ][gc,heap        ] GC(2061) ParNew: 19177K->1961K(19648K)
[5.922s][info ][gc,heap        ] GC(2061) CMS: 35961K->35961K(43712K)
[5.922s][info ][gc,metaspace   ] GC(2061) Metaspace: 5340K->5340K(1056768K)
[5.922s][info ][gc             ] GC(2061) Pause Young (Allocation Failure) 53M->37M(61M) 1.214ms
[5.922s][info ][gc,cpu         ] GC(2061) User=0.00s Sys=0.00s Real=0.00s
[5.924s][info ][gc,start       ] GC(2062) Pause Young (Allocation Failure)
[5.924s][info ][gc,task        ] GC(2062) Using 8 workers of 8 for evacuation
[5.925s][debug][gc,age         ] GC(2062) Desired survivor size 1114112 bytes, new threshold 1 (max threshold 6)
[5.925s][info ][gc,heap        ] GC(2062) ParNew: 19097K->1184K(19648K)
[5.925s][info ][gc,heap        ] GC(2062) CMS: 35961K->36743K(43712K)
[5.925s][info ][gc,metaspace   ] GC(2062) Metaspace: 5340K->5340K(1056768K)
[5.925s][info ][gc             ] GC(2062) Pause Young (Allocation Failure) 53M->37M(61M) 1.314ms
[5.925s][info ][gc,cpu         ] GC(2062) User=0.01s Sys=0.00s Real=0.00s
[5.926s][info ][gc             ] GC(2060) Concurrent Mark 5.598ms
[5.926s][info ][gc,cpu         ] GC(2060) User=0.03s Sys=0.00s Real=0.01s
[5.926s][info ][gc             ] GC(2060) Concurrent Preclean
[5.926s][info ][gc             ] GC(2060) Concurrent Preclean 0.182ms
[5.926s][info ][gc,cpu         ] GC(2060) User=0.00s Sys=0.00s Real=0.00s
[5.926s][info ][gc             ] GC(2060) Concurrent Abortable Preclean
[5.927s][info ][gc,start       ] GC(2063) Pause Young (Allocation Failure)
[5.927s][info ][gc,task        ] GC(2063) Using 8 workers of 8 for evacuation
[5.928s][debug][gc,age         ] GC(2063) Desired survivor size 1114112 bytes, new threshold 1 (max threshold 6)
[5.928s][info ][gc,heap        ] GC(2063) ParNew: 18362K->1963K(19648K)
[5.928s][info ][gc,heap        ] GC(2063) CMS: 36743K->36743K(43712K)
[5.928s][info ][gc,metaspace   ] GC(2063) Metaspace: 5340K->5340K(1056768K)
[5.928s][info ][gc             ] GC(2063) Pause Young (Allocation Failure) 53M->37M(61M) 1.121ms
[5.928s][info ][gc,cpu         ] GC(2063) User=0.01s Sys=0.00s Real=0.00s
[5.929s][info ][gc,start       ] GC(2064) Pause Young (Allocation Failure)
[5.929s][info ][gc,task        ] GC(2064) Using 8 workers of 8 for evacuation
[5.930s][debug][gc,age         ] GC(2064) Desired survivor size 1114112 bytes, new threshold 1 (max threshold 6)
[5.930s][info ][gc,heap        ] GC(2064) ParNew: 19133K->1959K(19648K)
[5.930s][info ][gc,heap        ] GC(2064) CMS: 36743K->37525K(43712K)
[5.930s][info ][gc,metaspace   ] GC(2064) Metaspace: 5340K->5340K(1056768K)
[5.930s][info ][gc             ] GC(2064) Pause Young (Allocation Failure) 54M->38M(61M) 1.250ms
[5.930s][info ][gc,cpu         ] GC(2064) User=0.01s Sys=0.00s Real=0.00s
[5.932s][info ][gc,start       ] GC(2065) Pause Young (Allocation Failure)
[5.932s][info ][gc,task        ] GC(2065) Using 8 workers of 8 for evacuation
[5.933s][debug][gc,age         ] GC(2065) Desired survivor size 1114112 bytes, new threshold 1 (max threshold 6)
[5.933s][info ][gc,heap        ] GC(2065) ParNew: 19118K->1967K(19648K)
[5.933s][info ][gc,heap        ] GC(2065) CMS: 37525K->38697K(43712K)
[5.933s][info ][gc,metaspace   ] GC(2065) Metaspace: 5340K->5340K(1056768K)
[5.933s][info ][gc             ] GC(2065) Pause Young (Allocation Failure) 55M->39M(61M) 1.236ms
[5.933s][info ][gc,cpu         ] GC(2065) User=0.00s Sys=0.00s Real=0.00s
[5.935s][info ][gc,start       ] GC(2066) Pause Young (Allocation Failure)
[5.935s][info ][gc,task        ] GC(2066) Using 8 workers of 8 for evacuation
[5.936s][debug][gc,age         ] GC(2066) Desired survivor size 1114112 bytes, new threshold 6 (max threshold 6)
[5.936s][info ][gc,heap        ] GC(2066) ParNew: 19328K->791K(19648K)
[5.936s][info ][gc,heap        ] GC(2066) CMS: 38697K->39479K(43712K)
[5.936s][info ][gc,metaspace   ] GC(2066) Metaspace: 5340K->5340K(1056768K)
[5.936s][info ][gc             ] GC(2066) Pause Young (Allocation Failure) 56M->39M(61M) 1.121ms
[5.936s][info ][gc,cpu         ] GC(2066) User=0.00s Sys=0.00s Real=0.00s
[5.937s][info ][gc,start       ] GC(2067) Pause Young (Allocation Failure)
[5.937s][info ][gc,task        ] GC(2067) Using 8 workers of 8 for evacuation
[5.938s][debug][gc,age         ] GC(2067) Desired survivor size 1114112 bytes, new threshold 1 (max threshold 6)
[5.938s][info ][gc,heap        ] GC(2067) ParNew: 18214K->1959K(19648K)
[5.938s][info ][gc,heap        ] GC(2067) CMS: 39479K->39479K(43712K)
[5.938s][info ][gc,metaspace   ] GC(2067) Metaspace: 5340K->5340K(1056768K)
[5.938s][info ][gc             ] GC(2067) Pause Young (Allocation Failure) 56M->40M(61M) 1.276ms
[5.938s][info ][gc,cpu         ] GC(2067) User=0.00s Sys=0.00s Real=0.00s
[5.940s][info ][gc,start       ] GC(2068) Pause Young (Allocation Failure)
[5.940s][info ][gc,task        ] GC(2068) Using 8 workers of 8 for evacuation
[5.941s][debug][gc,age         ] GC(2068) Desired survivor size 1114112 bytes, new threshold 1 (max threshold 6)
[5.941s][info ][gc,heap        ] GC(2068) ParNew: 19405K->1175K(19648K)
[5.941s][info ][gc,heap        ] GC(2068) CMS: 39479K->39480K(43712K)
[5.941s][info ][gc,metaspace   ] GC(2068) Metaspace: 5340K->5340K(1056768K)
[5.941s][info ][gc             ] GC(2068) Pause Young (Allocation Failure) 57M->39M(61M) 1.345ms
[5.941s][info ][gc,cpu         ] GC(2068) User=0.00s Sys=0.00s Real=0.00s
[5.943s][info ][gc,start       ] GC(2069) Pause Young (Allocation Failure)
[5.943s][info ][gc,task        ] GC(2069) Using 8 workers of 8 for evacuation
[5.943s][debug][gc,age         ] GC(2069) Desired survivor size 1114112 bytes, new threshold 1 (max threshold 6)
[5.943s][info ][gc,heap        ] GC(2069) ParNew: 18455K->1965K(19648K)
[5.944s][info ][gc,heap        ] GC(2069) CMS: 39480K->40262K(43712K)
[5.944s][info ][gc,metaspace   ] GC(2069) Metaspace: 5340K->5340K(1056768K)
[5.944s][info ][gc             ] GC(2069) Pause Young (Allocation Failure) 56M->41M(61M) 0.785ms
[5.944s][info ][gc,cpu         ] GC(2069) User=0.00s Sys=0.00s Real=0.01s
[5.945s][info ][gc,start       ] GC(2070) Pause Young (Allocation Failure)
[5.945s][info ][gc,task        ] GC(2070) Using 8 workers of 8 for evacuation
[5.946s][debug][gc,age         ] GC(2070) Desired survivor size 1114112 bytes, new threshold 1 (max threshold 6)
[5.946s][info ][gc,heap        ] GC(2070) ParNew: 19161K->1963K(19648K)
[5.946s][info ][gc,heap        ] GC(2070) CMS: 40262K->40653K(43712K)
[5.946s][info ][gc,metaspace   ] GC(2070) Metaspace: 5340K->5340K(1056768K)
[5.946s][info ][gc             ] GC(2070) Pause Young (Allocation Failure) 58M->41M(61M) 1.397ms
[5.946s][info ][gc,cpu         ] GC(2070) User=0.00s Sys=0.00s Real=0.00s
[5.949s][info ][gc,start       ] GC(2071) Pause Young (Allocation Failure)
[5.949s][info ][gc,task        ] GC(2071) Using 8 workers of 8 for evacuation
[5.950s][debug][gc,age         ] GC(2071) Desired survivor size 1114112 bytes, new threshold 1 (max threshold 6)
[5.950s][info ][gc,heap        ] GC(2071) ParNew: 19435K->1568K(19648K)
[5.950s][info ][gc,heap        ] GC(2071) CMS: 40653K->41435K(43712K)
[5.950s][info ][gc,metaspace   ] GC(2071) Metaspace: 5340K->5340K(1056768K)
[5.950s][info ][gc             ] GC(2071) Pause Young (Allocation Failure) 58M->41M(61M) 1.374ms
[5.950s][info ][gc,cpu         ] GC(2071) User=0.00s Sys=0.00s Real=0.00s
[5.952s][info ][gc,start       ] GC(2072) Pause Young (Allocation Failure)
[5.952s][info ][gc,task        ] GC(2072) Using 8 workers of 8 for evacuation
[5.953s][debug][gc,age         ] GC(2072) Desired survivor size 1114112 bytes, new threshold 1 (max threshold 6)
[5.953s][info ][gc,heap        ] GC(2072) ParNew: 18791K->1572K(19648K)
[5.953s][info ][gc,heap        ] GC(2072) CMS: 41435K->42216K(43712K)
[5.953s][info ][gc,metaspace   ] GC(2072) Metaspace: 5340K->5340K(1056768K)
[5.953s][info ][gc             ] GC(2072) Pause Young (Allocation Failure) 58M->42M(61M) 1.302ms
[5.953s][info ][gc,cpu         ] GC(2072) User=0.01s Sys=0.00s Real=0.00s
[5.955s][info ][gc,start       ] GC(2073) Pause Young (Allocation Failure)
[5.955s][info ][gc,task        ] GC(2073) Using 8 workers of 8 for evacuation
[5.957s][debug][gc,age         ] GC(2073) Desired survivor size 1114112 bytes, new threshold 1 (max threshold 6)
[5.957s][info ][gc,heap        ] GC(2073) ParNew: 18958K->1184K(19648K)
[5.957s][info ][gc,heap        ] GC(2073) CMS: 42216K->42608K(43712K)
[5.957s][info ][gc,metaspace   ] GC(2073) Metaspace: 5340K->5340K(1056768K)
[5.957s][info ][gc             ] GC(2073) Pause Young (Allocation Failure) 59M->42M(61M) 1.898ms
[5.957s][info ][gc,cpu         ] GC(2073) User=0.00s Sys=0.00s Real=0.00s
[5.958s][info ][gc,start       ] GC(2074) Pause Young (Allocation Failure)
[5.958s][info ][gc,task        ] GC(2074) Using 8 workers of 8 for evacuation
[5.959s][info ][gc,promotion   ] Promotion failed
[5.959s][info ][gc,start       ] GC(2075) Pause Full (Allocation Failure)
[5.959s][info ][gc             ] GC(2060) Concurrent Abortable Preclean 32.946ms
[5.959s][info ][gc,cpu         ] GC(2060) User=0.12s Sys=0.00s Real=0.03s
[5.959s][info ][gc,phases,start] GC(2075) Phase 1: Mark live objects
[5.960s][debug][gc,phases      ] GC(2075) Reference Processing 0.019ms
[5.960s][debug][gc,phases      ] GC(2075) Weak Processing 0.003ms
[5.960s][debug][gc,phases      ] GC(2075) ClassLoaderData 0.008ms
[5.960s][debug][gc,phases      ] GC(2075) ProtectionDomainCacheTable 0.002ms
[5.960s][debug][gc,phases      ] GC(2075) ResolvedMethodTable 0.006ms
[5.961s][debug][gc,phases      ] GC(2075) Class Unloading 0.174ms
[5.961s][debug][gc,phases      ] GC(2075) Scrub String Table 0.022ms
[5.961s][debug][gc,phases      ] GC(2075) Scrub Symbol Table 0.456ms
[5.961s][info ][gc,phases      ] GC(2075) Phase 1: Mark live objects 1.791ms
[5.961s][info ][gc,phases,start] GC(2075) Phase 2: Compute new object addresses
[5.962s][info ][gc,phases      ] GC(2075) Phase 2: Compute new object addresses 0.445ms
[5.962s][info ][gc,phases,start] GC(2075) Phase 3: Adjust pointers
[5.963s][info ][gc,phases      ] GC(2075) Phase 3: Adjust pointers 1.355ms
[5.963s][info ][gc,phases,start] GC(2075) Phase 4: Move objects
[5.963s][info ][gc,phases      ] GC(2075) Phase 4: Move objects 0.357ms
[5.963s][info ][gc             ] GC(2075) Pause Full (Allocation Failure) 60M->3M(61M) 4.308ms
[5.963s][info ][gc,heap        ] GC(2074) ParNew: 18429K->0K(19648K)
[5.963s][info ][gc,heap        ] GC(2074) CMS: 42608K->3893K(43712K)
[5.963s][info ][gc,metaspace   ] GC(2074) Metaspace: 5340K->5340K(1056768K)
[5.963s][info ][gc             ] GC(2074) Pause Young (Allocation Failure) 59M->3M(61M) 5.294ms
[5.964s][info ][gc,cpu         ] GC(2074) User=0.01s Sys=0.00s Real=0.01s
[5.965s][info ][gc,start       ] GC(2076) Pause Young (Allocation Failure)
[5.965s][info ][gc,task        ] GC(2076) Using 8 workers of 8 for evacuation
[5.966s][debug][gc,age         ] GC(2076) Desired survivor size 1114112 bytes, new threshold 1 (max threshold 6)
[5.966s][info ][gc,heap        ] GC(2076) ParNew: 17207K->1965K(19648K)
[5.966s][info ][gc,heap        ] GC(2076) CMS: 3893K->3893K(43712K)
[5.966s][info ][gc,metaspace   ] GC(2076) Metaspace: 5340K->5340K(1056768K)
[5.966s][info ][gc             ] GC(2076) Pause Young (Allocation Failure) 20M->5M(61M) 1.290ms
[5.966s][info ][gc,cpu         ] GC(2076) User=0.00s Sys=0.00s Real=0.00s
[5.968s][info ][gc,start       ] GC(2077) Pause Young (Allocation Failure)
[5.968s][info ][gc,task        ] GC(2077) Using 8 workers of 8 for evacuation
[5.969s][debug][gc,age         ] GC(2077) Desired survivor size 1114112 bytes, new threshold 1 (max threshold 6)
[5.969s][info ][gc,heap        ] GC(2077) ParNew: 19356K->1177K(19648K)
[5.969s][info ][gc,heap        ] GC(2077) CMS: 3893K->5468K(43712K)
[5.969s][info ][gc,metaspace   ] GC(2077) Metaspace: 5340K->5340K(1056768K)
[5.969s][info ][gc             ] GC(2077) Pause Young (Allocation Failure) 22M->6M(61M) 1.582ms
[5.969s][info ][gc,cpu         ] GC(2077) User=0.00s Sys=0.00s Real=0.00s
[5.971s][info ][gc,start       ] GC(2078) Pause Young (Allocation Failure)
[5.971s][info ][gc,task        ] GC(2078) Using 8 workers of 8 for evacuation
[5.972s][debug][gc,age         ] GC(2078) Desired survivor size 1114112 bytes, new threshold 1 (max threshold 6)
[5.972s][info ][gc,heap        ] GC(2078) ParNew: 18409K->1963K(19648K)
[5.972s][info ][gc,heap        ] GC(2078) CMS: 5468K->5468K(43712K)
[5.972s][info ][gc,metaspace   ] GC(2078) Metaspace: 5340K->5340K(1056768K)
[5.972s][info ][gc             ] GC(2078) Pause Young (Allocation Failure) 23M->7M(61M) 0.773ms
[5.972s][info ][gc,cpu         ] GC(2078) User=0.00s Sys=0.00s Real=0.00s
[5.973s][info ][gc,start       ] GC(2079) Pause Young (Allocation Failure)
[5.973s][info ][gc,task        ] GC(2079) Using 8 workers of 8 for evacuation
[5.974s][debug][gc,age         ] GC(2079) Desired survivor size 1114112 bytes, new threshold 1 (max threshold 6)
[5.974s][info ][gc,heap        ] GC(2079) ParNew: 19132K->1184K(19648K)
[5.974s][info ][gc,heap        ] GC(2079) CMS: 5468K->5863K(43712K)
[5.974s][info ][gc,metaspace   ] GC(2079) Metaspace: 5340K->5340K(1056768K)
[5.974s][info ][gc             ] GC(2079) Pause Young (Allocation Failure) 24M->6M(61M) 0.680ms
[5.974s][info ][gc,cpu         ] GC(2079) User=0.00s Sys=0.00s Real=0.01s
[5.976s][info ][gc,start       ] GC(2080) Pause Young (Allocation Failure)
[5.976s][info ][gc,task        ] GC(2080) Using 8 workers of 8 for evacuation
[5.977s][debug][gc,age         ] GC(2080) Desired survivor size 1114112 bytes, new threshold 1 (max threshold 6)
[5.977s][info ][gc,heap        ] GC(2080) ParNew: 18615K->1965K(19648K)
[5.977s][info ][gc,heap        ] GC(2080) CMS: 5863K->6254K(43712K)
[5.977s][info ][gc,metaspace   ] GC(2080) Metaspace: 5340K->5340K(1056768K)
[5.977s][info ][gc             ] GC(2080) Pause Young (Allocation Failure) 23M->8M(61M) 1.385ms
[5.977s][info ][gc,cpu         ] GC(2080) User=0.00s Sys=0.00s Real=0.00s
[5.979s][info ][gc,start       ] GC(2081) Pause Young (Allocation Failure)
[5.979s][info ][gc,task        ] GC(2081) Using 8 workers of 8 for evacuation
[5.980s][debug][gc,age         ] GC(2081) Desired survivor size 1114112 bytes, new threshold 1 (max threshold 6)
[5.980s][info ][gc,heap        ] GC(2081) ParNew: 19189K->1967K(19648K)
[5.980s][info ][gc,heap        ] GC(2081) CMS: 6254K->7036K(43712K)
[5.980s][info ][gc,metaspace   ] GC(2081) Metaspace: 5340K->5340K(1056768K)
[5.980s][info ][gc             ] GC(2081) Pause Young (Allocation Failure) 24M->8M(61M) 1.432ms
[5.980s][info ][gc,cpu         ] GC(2081) User=0.01s Sys=0.00s Real=0.00s
[5.982s][info ][gc,start       ] GC(2082) Pause Young (Allocation Failure)
[5.982s][info ][gc,task        ] GC(2082) Using 8 workers of 8 for evacuation
[5.983s][debug][gc,age         ] GC(2082) Desired survivor size 1114112 bytes, new threshold 1 (max threshold 6)
[5.983s][info ][gc,heap        ] GC(2082) ParNew: 19161K->1961K(19648K)
[5.983s][info ][gc,heap        ] GC(2082) CMS: 7036K->7427K(43712K)
[5.983s][info ][gc,metaspace   ] GC(2082) Metaspace: 5340K->5340K(1056768K)
[5.983s][info ][gc             ] GC(2082) Pause Young (Allocation Failure) 25M->9M(61M) 1.526ms
[5.983s][info ][gc,cpu         ] GC(2082) User=0.01s Sys=0.00s Real=0.00s
[5.984s][info ][gc,start       ] GC(2083) Pause Young (Allocation Failure)
[5.984s][info ][gc,task        ] GC(2083) Using 8 workers of 8 for evacuation
[5.986s][debug][gc,age         ] GC(2083) Desired survivor size 1114112 bytes, new threshold 1 (max threshold 6)
[5.986s][info ][gc,heap        ] GC(2083) ParNew: 19136K->1963K(19648K)
[5.986s][info ][gc,heap        ] GC(2083) CMS: 7427K->8599K(43712K)
[5.986s][info ][gc,metaspace   ] GC(2083) Metaspace: 5340K->5340K(1056768K)
[5.986s][info ][gc             ] GC(2083) Pause Young (Allocation Failure) 25M->10M(61M) 1.599ms
[5.986s][info ][gc,cpu         ] GC(2083) User=0.01s Sys=0.00s Real=0.00s
[5.987s][info ][gc,start       ] GC(2084) Pause Young (Allocation Failure)
[5.987s][info ][gc,task        ] GC(2084) Using 8 workers of 8 for evacuation
[5.989s][debug][gc,age         ] GC(2084) Desired survivor size 1114112 bytes, new threshold 1 (max threshold 6)
[5.989s][info ][gc,heap        ] GC(2084) ParNew: 19435K->1177K(19648K)
[5.989s][info ][gc,heap        ] GC(2084) CMS: 8599K->8990K(43712K)
[5.989s][info ][gc,metaspace   ] GC(2084) Metaspace: 5340K->5340K(1056768K)
[5.989s][info ][gc             ] GC(2084) Pause Young (Allocation Failure) 27M->9M(61M) 1.390ms
[5.989s][info ][gc,cpu         ] GC(2084) User=0.00s Sys=0.00s Real=0.00s
[5.990s][info ][gc,start       ] GC(2085) Pause Young (Allocation Failure)
[5.990s][info ][gc,task        ] GC(2085) Using 8 workers of 8 for evacuation
[5.991s][debug][gc,age         ] GC(2085) Desired survivor size 1114112 bytes, new threshold 1 (max threshold 6)
[5.991s][info ][gc,heap        ] GC(2085) ParNew: 18346K->1959K(19648K)
[5.991s][info ][gc,heap        ] GC(2085) CMS: 8990K->9381K(43712K)
[5.991s][info ][gc,metaspace   ] GC(2085) Metaspace: 5340K->5340K(1056768K)
[5.991s][info ][gc             ] GC(2085) Pause Young (Allocation Failure) 26M->11M(61M) 1.189ms
[5.991s][info ][gc,cpu         ] GC(2085) User=0.00s Sys=0.00s Real=0.00s
[5.993s][info ][gc,start       ] GC(2086) Pause Young (Allocation Failure)
[5.993s][info ][gc,task        ] GC(2086) Using 8 workers of 8 for evacuation
[5.995s][debug][gc,age         ] GC(2086) Desired survivor size 1114112 bytes, new threshold 1 (max threshold 6)
[5.995s][info ][gc,heap        ] GC(2086) ParNew: 19069K->1957K(19648K)
[5.995s][info ][gc,heap        ] GC(2086) CMS: 9381K->9772K(43712K)
[5.995s][info ][gc,metaspace   ] GC(2086) Metaspace: 5340K->5340K(1056768K)
[5.995s][info ][gc             ] GC(2086) Pause Young (Allocation Failure) 27M->11M(61M) 2.175ms
[5.995s][info ][gc,cpu         ] GC(2086) User=0.00s Sys=0.00s Real=0.01s
[5.997s][info ][gc,start       ] GC(2087) Pause Young (Allocation Failure)
[5.997s][info ][gc,task        ] GC(2087) Using 8 workers of 8 for evacuation
[5.998s][debug][gc,age         ] GC(2087) Desired survivor size 1114112 bytes, new threshold 6 (max threshold 6)
[5.998s][info ][gc,heap        ] GC(2087) ParNew: 19429K->785K(19648K)
[5.998s][info ][gc,heap        ] GC(2087) CMS: 9772K->10553K(43712K)
[5.998s][info ][gc,metaspace   ] GC(2087) Metaspace: 5340K->5340K(1056768K)
[5.998s][info ][gc             ] GC(2087) Pause Young (Allocation Failure) 28M->11M(61M) 1.887ms
[5.998s][info ][gc,cpu         ] GC(2087) User=0.00s Sys=0.00s Real=0.00s
[6.000s][info ][gc,start       ] GC(2088) Pause Young (Allocation Failure)
[6.000s][info ][gc,task        ] GC(2088) Using 8 workers of 8 for evacuation
[6.002s][debug][gc,age         ] GC(2088) Desired survivor size 1114112 bytes, new threshold 1 (max threshold 6)
[6.002s][info ][gc,heap        ] GC(2088) ParNew: 18255K->1957K(19648K)
[6.002s][info ][gc,heap        ] GC(2088) CMS: 10553K->10553K(43712K)
[6.002s][info ][gc,metaspace   ] GC(2088) Metaspace: 5340K->5340K(1056768K)
[6.002s][info ][gc             ] GC(2088) Pause Young (Allocation Failure) 28M->12M(61M) 2.009ms
[6.002s][info ][gc,cpu         ] GC(2088) User=0.00s Sys=0.00s Real=0.00s
[6.005s][info ][gc,start       ] GC(2089) Pause Young (Allocation Failure)
[6.005s][info ][gc,task        ] GC(2089) Using 8 workers of 8 for evacuation
[6.006s][debug][gc,age         ] GC(2089) Desired survivor size 1114112 bytes, new threshold 1 (max threshold 6)
[6.006s][info ][gc,heap        ] GC(2089) ParNew: 19127K->1574K(19648K)
[6.006s][info ][gc,heap        ] GC(2089) CMS: 10553K->11335K(43712K)
[6.006s][info ][gc,metaspace   ] GC(2089) Metaspace: 5340K->5340K(1056768K)
[6.006s][info ][gc             ] GC(2089) Pause Young (Allocation Failure) 28M->12M(61M) 1.247ms
[6.006s][info ][gc,cpu         ] GC(2089) User=0.01s Sys=0.00s Real=0.00s
[6.007s][info ][gc,start       ] GC(2090) Pause Young (Allocation Failure)
[6.007s][info ][gc,task        ] GC(2090) Using 8 workers of 8 for evacuation
[6.008s][debug][gc,age         ] GC(2090) Desired survivor size 1114112 bytes, new threshold 1 (max threshold 6)
[6.008s][info ][gc,heap        ] GC(2090) ParNew: 18776K->1969K(19648K)
[6.008s][info ][gc,heap        ] GC(2090) CMS: 11335K->11726K(43712K)
[6.008s][info ][gc,metaspace   ] GC(2090) Metaspace: 5340K->5340K(1056768K)
[6.008s][info ][gc             ] GC(2090) Pause Young (Allocation Failure) 29M->13M(61M) 0.716ms
[6.008s][info ][gc,cpu         ] GC(2090) User=0.00s Sys=0.00s Real=0.00s
[6.010s][info ][gc,start       ] GC(2091) Pause Young (Allocation Failure)
[6.010s][info ][gc,task        ] GC(2091) Using 8 workers of 8 for evacuation
[6.010s][debug][gc,age         ] GC(2091) Desired survivor size 1114112 bytes, new threshold 1 (max threshold 6)
[6.010s][info ][gc,heap        ] GC(2091) ParNew: 19149K->1969K(19648K)
[6.010s][info ][gc,heap        ] GC(2091) CMS: 11726K->12510K(43712K)
[6.010s][info ][gc,metaspace   ] GC(2091) Metaspace: 5340K->5340K(1056768K)
[6.011s][info ][gc             ] GC(2091) Pause Young (Allocation Failure) 30M->14M(61M) 0.924ms
[6.011s][info ][gc,cpu         ] GC(2091) User=0.00s Sys=0.00s Real=0.00s
[6.012s][info ][gc,start       ] GC(2092) Pause Young (Allocation Failure)
[6.012s][info ][gc,task        ] GC(2092) Using 8 workers of 8 for evacuation
[6.013s][debug][gc,age         ] GC(2092) Desired survivor size 1114112 bytes, new threshold 1 (max threshold 6)
[6.013s][info ][gc,heap        ] GC(2092) ParNew: 19135K->1967K(19648K)
[6.013s][info ][gc,heap        ] GC(2092) CMS: 12510K->12510K(43712K)
[6.013s][info ][gc,metaspace   ] GC(2092) Metaspace: 5340K->5340K(1056768K)
[6.013s][info ][gc             ] GC(2092) Pause Young (Allocation Failure) 30M->14M(61M) 1.179ms
[6.013s][info ][gc,cpu         ] GC(2092) User=0.01s Sys=0.00s Real=0.00s
[6.014s][info ][gc,start       ] GC(2093) Pause Young (Allocation Failure)
[6.015s][info ][gc,task        ] GC(2093) Using 8 workers of 8 for evacuation
[6.016s][debug][gc,age         ] GC(2093) Desired survivor size 1114112 bytes, new threshold 1 (max threshold 6)
[6.016s][info ][gc,heap        ] GC(2093) ParNew: 19124K->1969K(19648K)
[6.016s][info ][gc,heap        ] GC(2093) CMS: 12510K->13291K(43712K)
[6.016s][info ][gc,metaspace   ] GC(2093) Metaspace: 5340K->5340K(1056768K)
[6.016s][info ][gc             ] GC(2093) Pause Young (Allocation Failure) 30M->14M(61M) 1.305ms
[6.016s][info ][gc,cpu         ] GC(2093) User=0.01s Sys=0.00s Real=0.00s
[6.017s][info ][gc,start       ] GC(2094) Pause Young (Allocation Failure)
[6.017s][info ][gc,task        ] GC(2094) Using 8 workers of 8 for evacuation
[6.018s][debug][gc,age         ] GC(2094) Desired survivor size 1114112 bytes, new threshold 1 (max threshold 6)
[6.018s][info ][gc,heap        ] GC(2094) ParNew: 19120K->1965K(19648K)
[6.018s][info ][gc,heap        ] GC(2094) CMS: 13291K->13681K(43712K)
[6.018s][info ][gc,metaspace   ] GC(2094) Metaspace: 5340K->5340K(1056768K)
[6.018s][info ][gc             ] GC(2094) Pause Young (Allocation Failure) 31M->15M(61M) 0.755ms
[6.018s][info ][gc,cpu         ] GC(2094) User=0.00s Sys=0.00s Real=0.00s
[6.019s][info ][gc,start       ] GC(2095) Pause Young (Allocation Failure)
[6.020s][info ][gc,task        ] GC(2095) Using 8 workers of 8 for evacuation
[6.020s][debug][gc,age         ] GC(2095) Desired survivor size 1114112 bytes, new threshold 1 (max threshold 6)
[6.020s][info ][gc,heap        ] GC(2095) ParNew: 19112K->1963K(19648K)
[6.020s][info ][gc,heap        ] GC(2095) CMS: 13681K->14463K(43712K)
[6.020s][info ][gc,metaspace   ] GC(2095) Metaspace: 5340K->5340K(1056768K)
[6.020s][info ][gc             ] GC(2095) Pause Young (Allocation Failure) 32M->16M(61M) 0.647ms
[6.020s][info ][gc,cpu         ] GC(2095) User=0.00s Sys=0.00s Real=0.00s
[6.022s][info ][gc,start       ] GC(2096) Pause Young (Allocation Failure)
[6.022s][info ][gc,task        ] GC(2096) Using 8 workers of 8 for evacuation
[6.022s][debug][gc,age         ] GC(2096) Desired survivor size 1114112 bytes, new threshold 1 (max threshold 6)
[6.022s][info ][gc,heap        ] GC(2096) ParNew: 19070K->1576K(19648K)
[6.022s][info ][gc,heap        ] GC(2096) CMS: 14463K->14463K(43712K)
[6.022s][info ][gc,metaspace   ] GC(2096) Metaspace: 5340K->5340K(1056768K)
[6.022s][info ][gc             ] GC(2096) Pause Young (Allocation Failure) 32M->15M(61M) 0.434ms
[6.022s][info ][gc,cpu         ] GC(2096) User=0.00s Sys=0.00s Real=0.00s
[6.024s][info ][gc,start       ] GC(2097) Pause Young (Allocation Failure)
[6.024s][info ][gc,task        ] GC(2097) Using 8 workers of 8 for evacuation
[6.025s][debug][gc,age         ] GC(2097) Desired survivor size 1114112 bytes, new threshold 6 (max threshold 6)
[6.025s][info ][gc,heap        ] GC(2097) ParNew: 18938K->398K(19648K)
[6.025s][info ][gc,heap        ] GC(2097) CMS: 14463K->15245K(43712K)
[6.025s][info ][gc,metaspace   ] GC(2097) Metaspace: 5340K->5340K(1056768K)
[6.025s][info ][gc             ] GC(2097) Pause Young (Allocation Failure) 32M->15M(61M) 1.389ms
[6.025s][info ][gc,cpu         ] GC(2097) User=0.01s Sys=0.00s Real=0.00s
[6.026s][info ][gc,start       ] GC(2098) Pause Young (Allocation Failure)
[6.026s][info ][gc,task        ] GC(2098) Using 8 workers of 8 for evacuation
[6.027s][debug][gc,age         ] GC(2098) Desired survivor size 1114112 bytes, new threshold 1 (max threshold 6)
[6.028s][info ][gc,heap        ] GC(2098) ParNew: 17616K->1959K(19648K)
[6.028s][info ][gc,heap        ] GC(2098) CMS: 15245K->16027K(43712K)
[6.028s][info ][gc,metaspace   ] GC(2098) Metaspace: 5340K->5340K(1056768K)
[6.028s][info ][gc             ] GC(2098) Pause Young (Allocation Failure) 32M->17M(61M) 1.254ms
[6.028s][info ][gc,cpu         ] GC(2098) User=0.00s Sys=0.00s Real=0.00s
[6.029s][info ][gc,start       ] GC(2099) Pause Young (Allocation Failure)
[6.029s][info ][gc,task        ] GC(2099) Using 8 workers of 8 for evacuation
[6.030s][debug][gc,age         ] GC(2099) Desired survivor size 1114112 bytes, new threshold 1 (max threshold 6)
[6.030s][info ][gc,heap        ] GC(2099) ParNew: 19101K->1957K(19648K)
[6.030s][info ][gc,heap        ] GC(2099) CMS: 16027K->16418K(43712K)
[6.030s][info ][gc,metaspace   ] GC(2099) Metaspace: 5340K->5340K(1056768K)
[6.030s][info ][gc             ] GC(2099) Pause Young (Allocation Failure) 34M->17M(61M) 1.349ms
[6.030s][info ][gc,cpu         ] GC(2099) User=0.00s Sys=0.00s Real=0.00s
[6.032s][info ][gc,start       ] GC(2100) Pause Young (Allocation Failure)
[6.032s][info ][gc,task        ] GC(2100) Using 8 workers of 8 for evacuation
[6.033s][debug][gc,age         ] GC(2100) Desired survivor size 1114112 bytes, new threshold 1 (max threshold 6)
[6.033s][info ][gc,heap        ] GC(2100) ParNew: 19146K->1969K(19648K)
[6.033s][info ][gc,heap        ] GC(2100) CMS: 16418K->16809K(43712K)
[6.033s][info ][gc,metaspace   ] GC(2100) Metaspace: 5340K->5340K(1056768K)
[6.033s][info ][gc             ] GC(2100) Pause Young (Allocation Failure) 34M->18M(61M) 0.960ms
[6.033s][info ][gc,cpu         ] GC(2100) User=0.00s Sys=0.00s Real=0.00s
[6.034s][info ][gc,start       ] GC(2101) Pause Young (Allocation Failure)
[6.034s][info ][gc,task        ] GC(2101) Using 8 workers of 8 for evacuation
[6.034s][debug][gc,age         ] GC(2101) Desired survivor size 1114112 bytes, new threshold 1 (max threshold 6)
[6.034s][info ][gc,heap        ] GC(2101) ParNew: 19141K->1578K(19648K)
[6.034s][info ][gc,heap        ] GC(2101) CMS: 16809K->16809K(43712K)
[6.034s][info ][gc,metaspace   ] GC(2101) Metaspace: 5340K->5340K(1056768K)
[6.034s][info ][gc             ] GC(2101) Pause Young (Allocation Failure) 35M->17M(61M) 0.429ms
[6.034s][info ][gc,cpu         ] GC(2101) User=0.00s Sys=0.00s Real=0.00s
[6.036s][info ][gc,start       ] GC(2102) Pause Young (Allocation Failure)
[6.036s][info ][gc,task        ] GC(2102) Using 8 workers of 8 for evacuation
[6.037s][debug][gc,age         ] GC(2102) Desired survivor size 1114112 bytes, new threshold 1 (max threshold 6)
[6.037s][info ][gc,heap        ] GC(2102) ParNew: 18739K->1967K(19648K)
[6.037s][info ][gc,heap        ] GC(2102) CMS: 16809K->17981K(43712K)
[6.037s][info ][gc,metaspace   ] GC(2102) Metaspace: 5340K->5340K(1056768K)
[6.037s][info ][gc             ] GC(2102) Pause Young (Allocation Failure) 34M->19M(61M) 1.684ms
[6.037s][info ][gc,cpu         ] GC(2102) User=0.01s Sys=0.00s Real=0.00s
[6.039s][info ][gc,start       ] GC(2103) Pause Young (Allocation Failure)
[6.039s][info ][gc,task        ] GC(2103) Using 8 workers of 8 for evacuation
[6.040s][debug][gc,age         ] GC(2103) Desired survivor size 1114112 bytes, new threshold 1 (max threshold 6)
[6.040s][info ][gc,heap        ] GC(2103) ParNew: 19439K->1568K(19648K)
[6.040s][info ][gc,heap        ] GC(2103) CMS: 17981K->18371K(43712K)
[6.040s][info ][gc,metaspace   ] GC(2103) Metaspace: 5340K->5340K(1056768K)
[6.040s][info ][gc             ] GC(2103) Pause Young (Allocation Failure) 36M->19M(61M) 1.426ms
[6.040s][info ][gc,cpu         ] GC(2103) User=0.01s Sys=0.00s Real=0.00s
[6.042s][info ][gc,start       ] GC(2104) Pause Young (Allocation Failure)
[6.042s][info ][gc,task        ] GC(2104) Using 8 workers of 8 for evacuation
[6.043s][debug][gc,age         ] GC(2104) Desired survivor size 1114112 bytes, new threshold 1 (max threshold 6)
[6.043s][info ][gc,heap        ] GC(2104) ParNew: 18734K->1957K(19648K)
[6.043s][info ][gc,heap        ] GC(2104) CMS: 18371K->19934K(43712K)
[6.043s][info ][gc,metaspace   ] GC(2104) Metaspace: 5340K->5340K(1056768K)
[6.043s][info ][gc             ] GC(2104) Pause Young (Allocation Failure) 36M->21M(61M) 1.640ms
[6.043s][info ][gc,cpu         ] GC(2104) User=0.00s Sys=0.00s Real=0.01s
[6.045s][info ][gc,start       ] GC(2105) Pause Young (Allocation Failure)
[6.045s][info ][gc,task        ] GC(2105) Using 8 workers of 8 for evacuation
[6.046s][debug][gc,age         ] GC(2105) Desired survivor size 1114112 bytes, new threshold 1 (max threshold 6)
[6.046s][info ][gc,heap        ] GC(2105) ParNew: 19412K->1568K(19648K)
[6.046s][info ][gc,heap        ] GC(2105) CMS: 19934K->20716K(43712K)
[6.046s][info ][gc,metaspace   ] GC(2105) Metaspace: 5340K->5340K(1056768K)
[6.046s][info ][gc             ] GC(2105) Pause Young (Allocation Failure) 38M->21M(61M) 1.516ms
[6.046s][info ][gc,cpu         ] GC(2105) User=0.00s Sys=0.00s Real=0.00s
[6.048s][info ][gc,start       ] GC(2106) Pause Young (Allocation Failure)
[6.048s][info ][gc,task        ] GC(2106) Using 8 workers of 8 for evacuation
[6.050s][debug][gc,age         ] GC(2106) Desired survivor size 1114112 bytes, new threshold 1 (max threshold 6)
[6.050s][info ][gc,heap        ] GC(2106) ParNew: 18713K->1967K(19648K)
[6.050s][info ][gc,heap        ] GC(2106) CMS: 20716K->21498K(43712K)
[6.050s][info ][gc,metaspace   ] GC(2106) Metaspace: 5340K->5340K(1056768K)
[6.051s][info ][gc             ] GC(2106) Pause Young (Allocation Failure) 38M->22M(61M) 2.914ms
[6.051s][info ][gc,cpu         ] GC(2106) User=0.01s Sys=0.00s Real=0.00s
[6.052s][info ][gc,start       ] GC(2107) Pause Young (Allocation Failure)
[6.052s][info ][gc,task        ] GC(2107) Using 8 workers of 8 for evacuation
[6.053s][debug][gc,age         ] GC(2107) Desired survivor size 1114112 bytes, new threshold 1 (max threshold 6)
[6.053s][info ][gc,heap        ] GC(2107) ParNew: 19150K->1959K(19648K)
[6.053s][info ][gc,heap        ] GC(2107) CMS: 21498K->22670K(43712K)
[6.053s][info ][gc,metaspace   ] GC(2107) Metaspace: 5340K->5340K(1056768K)
[6.053s][info ][gc             ] GC(2107) Pause Young (Allocation Failure) 39M->24M(61M) 1.547ms
[6.053s][info ][gc,cpu         ] GC(2107) User=0.01s Sys=0.00s Real=0.01s
[6.055s][info ][gc,start       ] GC(2108) Pause Young (Allocation Failure)
[6.055s][info ][gc,task        ] GC(2108) Using 8 workers of 8 for evacuation
[6.056s][debug][gc,age         ] GC(2108) Desired survivor size 1114112 bytes, new threshold 1 (max threshold 6)
[6.056s][info ][gc,heap        ] GC(2108) ParNew: 19127K->1959K(19648K)
[6.056s][info ][gc,heap        ] GC(2108) CMS: 22670K->23451K(43712K)
[6.056s][info ][gc,metaspace   ] GC(2108) Metaspace: 5340K->5340K(1056768K)
[6.056s][info ][gc             ] GC(2108) Pause Young (Allocation Failure) 40M->24M(61M) 1.216ms
[6.056s][info ][gc,cpu         ] GC(2108) User=0.00s Sys=0.01s Real=0.00s
[6.058s][info ][gc,start       ] GC(2109) Pause Young (Allocation Failure)
[6.058s][info ][gc,task        ] GC(2109) Using 8 workers of 8 for evacuation
[6.059s][debug][gc,age         ] GC(2109) Desired survivor size 1114112 bytes, new threshold 1 (max threshold 6)
[6.059s][info ][gc,heap        ] GC(2109) ParNew: 19418K->1568K(19648K)
[6.059s][info ][gc,heap        ] GC(2109) CMS: 23451K->24233K(43712K)
[6.059s][info ][gc,metaspace   ] GC(2109) Metaspace: 5340K->5340K(1056768K)
[6.059s][info ][gc             ] GC(2109) Pause Young (Allocation Failure) 41M->25M(61M) 1.511ms
[6.059s][info ][gc,cpu         ] GC(2109) User=0.00s Sys=0.00s Real=0.00s
[6.061s][info ][gc,start       ] GC(2110) Pause Young (Allocation Failure)
[6.061s][info ][gc,task        ] GC(2110) Using 8 workers of 8 for evacuation
[6.062s][debug][gc,age         ] GC(2110) Desired survivor size 1114112 bytes, new threshold 1 (max threshold 6)
[6.062s][info ][gc,heap        ] GC(2110) ParNew: 18752K->1969K(19648K)
[6.062s][info ][gc,heap        ] GC(2110) CMS: 24233K->24233K(43712K)
[6.062s][info ][gc,metaspace   ] GC(2110) Metaspace: 5340K->5340K(1056768K)
[6.062s][info ][gc             ] GC(2110) Pause Young (Allocation Failure) 41M->25M(61M) 1.179ms
[6.062s][info ][gc,cpu         ] GC(2110) User=0.00s Sys=0.00s Real=0.00s
[6.063s][info ][gc,start       ] GC(2111) Pause Young (Allocation Failure)
[6.063s][info ][gc,task        ] GC(2111) Using 8 workers of 8 for evacuation
[6.064s][debug][gc,age         ] GC(2111) Desired survivor size 1114112 bytes, new threshold 1 (max threshold 6)
[6.064s][info ][gc,heap        ] GC(2111) ParNew: 19137K->1967K(19648K)
[6.064s][info ][gc,heap        ] GC(2111) CMS: 24233K->25015K(43712K)
[6.064s][info ][gc,metaspace   ] GC(2111) Metaspace: 5340K->5340K(1056768K)
[6.064s][info ][gc             ] GC(2111) Pause Young (Allocation Failure) 42M->26M(61M) 1.323ms
[6.064s][info ][gc,cpu         ] GC(2111) User=0.01s Sys=0.00s Real=0.01s
[6.066s][info ][gc,start       ] GC(2112) Pause Young (Allocation Failure)
[6.066s][info ][gc,task        ] GC(2112) Using 8 workers of 8 for evacuation
[6.067s][debug][gc,age         ] GC(2112) Desired survivor size 1114112 bytes, new threshold 1 (max threshold 6)
[6.067s][info ][gc,heap        ] GC(2112) ParNew: 19070K->1965K(19648K)
[6.067s][info ][gc,heap        ] GC(2112) CMS: 25015K->25406K(43712K)
[6.067s][info ][gc,metaspace   ] GC(2112) Metaspace: 5340K->5340K(1056768K)
[6.067s][info ][gc             ] GC(2112) Pause Young (Allocation Failure) 43M->26M(61M) 1.164ms
[6.067s][info ][gc,cpu         ] GC(2112) User=0.01s Sys=0.00s Real=0.00s
[6.068s][info ][gc,start       ] GC(2113) Pause Young (Allocation Failure)
[6.068s][info ][gc,task        ] GC(2113) Using 8 workers of 8 for evacuation
[6.070s][debug][gc,age         ] GC(2113) Desired survivor size 1114112 bytes, new threshold 1 (max threshold 6)
[6.070s][info ][gc,heap        ] GC(2113) ParNew: 19136K->1963K(19648K)
[6.070s][info ][gc,heap        ] GC(2113) CMS: 25406K->26187K(43712K)
[6.070s][info ][gc,metaspace   ] GC(2113) Metaspace: 5340K->5340K(1056768K)
[6.070s][info ][gc             ] GC(2113) Pause Young (Allocation Failure) 43M->27M(61M) 1.682ms
[6.070s][info ][gc,cpu         ] GC(2113) User=0.00s Sys=0.00s Real=0.00s
[6.071s][info ][gc,start       ] GC(2114) Pause Young (Allocation Failure)
[6.072s][info ][gc,task        ] GC(2114) Using 8 workers of 8 for evacuation
[6.073s][debug][gc,age         ] GC(2114) Desired survivor size 1114112 bytes, new threshold 1 (max threshold 6)
[6.073s][info ][gc,heap        ] GC(2114) ParNew: 19123K->1969K(19648K)
[6.073s][info ][gc,heap        ] GC(2114) CMS: 26187K->26578K(43712K)
[6.073s][info ][gc,metaspace   ] GC(2114) Metaspace: 5340K->5340K(1056768K)
[6.073s][info ][gc             ] GC(2114) Pause Young (Allocation Failure) 44M->27M(61M) 1.196ms
[6.073s][info ][gc,cpu         ] GC(2114) User=0.01s Sys=0.00s Real=0.00s
[6.074s][info ][gc,start       ] GC(2115) Pause Young (Allocation Failure)
[6.074s][info ][gc,task        ] GC(2115) Using 8 workers of 8 for evacuation
[6.074s][debug][gc,age         ] GC(2115) Desired survivor size 1114112 bytes, new threshold 1 (max threshold 6)
[6.074s][info ][gc,heap        ] GC(2115) ParNew: 19122K->1969K(19648K)
[6.074s][info ][gc,heap        ] GC(2115) CMS: 26578K->26578K(43712K)
[6.074s][info ][gc,metaspace   ] GC(2115) Metaspace: 5340K->5340K(1056768K)
[6.074s][info ][gc             ] GC(2115) Pause Young (Allocation Failure) 44M->27M(61M) 0.509ms
[6.074s][info ][gc,cpu         ] GC(2115) User=0.00s Sys=0.00s Real=0.00s
[6.076s][info ][gc,start       ] GC(2116) Pause Young (Allocation Failure)
[6.076s][info ][gc,task        ] GC(2116) Using 8 workers of 8 for evacuation
[6.076s][debug][gc,age         ] GC(2116) Desired survivor size 1114112 bytes, new threshold 1 (max threshold 6)
[6.076s][info ][gc,heap        ] GC(2116) ParNew: 19118K->1967K(19648K)
[6.076s][info ][gc,heap        ] GC(2116) CMS: 26578K->26969K(43712K)
[6.076s][info ][gc,metaspace   ] GC(2116) Metaspace: 5340K->5340K(1056768K)
[6.076s][info ][gc             ] GC(2116) Pause Young (Allocation Failure) 44M->28M(61M) 0.529ms
[6.077s][info ][gc,cpu         ] GC(2116) User=0.00s Sys=0.00s Real=0.00s
[6.078s][info ][gc,start       ] GC(2117) Pause Young (Allocation Failure)
[6.078s][info ][gc,task        ] GC(2117) Using 8 workers of 8 for evacuation
[6.079s][debug][gc,age         ] GC(2117) Desired survivor size 1114112 bytes, new threshold 1 (max threshold 6)
[6.079s][info ][gc,heap        ] GC(2117) ParNew: 19074K->1961K(19648K)
[6.079s][info ][gc,heap        ] GC(2117) CMS: 26969K->27750K(43712K)
[6.080s][info ][gc,metaspace   ] GC(2117) Metaspace: 5340K->5340K(1056768K)
[6.080s][info ][gc             ] GC(2117) Pause Young (Allocation Failure) 44M->29M(61M) 1.470ms
[6.080s][info ][gc,cpu         ] GC(2117) User=0.00s Sys=0.00s Real=0.00s
[6.081s][info ][gc,start       ] GC(2118) Pause Young (Allocation Failure)
[6.081s][info ][gc,task        ] GC(2118) Using 8 workers of 8 for evacuation
[6.082s][debug][gc,age         ] GC(2118) Desired survivor size 1114112 bytes, new threshold 1 (max threshold 6)
[6.082s][info ][gc,heap        ] GC(2118) ParNew: 19119K->1969K(19648K)
[6.082s][info ][gc,heap        ] GC(2118) CMS: 27750K->28531K(43712K)
[6.082s][info ][gc,metaspace   ] GC(2118) Metaspace: 5340K->5340K(1056768K)
[6.082s][info ][gc             ] GC(2118) Pause Young (Allocation Failure) 45M->29M(61M) 1.402ms
[6.082s][info ][gc,cpu         ] GC(2118) User=0.00s Sys=0.00s Real=0.00s
[6.084s][info ][gc,start       ] GC(2119) Pause Young (Allocation Failure)
[6.084s][info ][gc,task        ] GC(2119) Using 8 workers of 8 for evacuation
[6.086s][debug][gc,age         ] GC(2119) Desired survivor size 1114112 bytes, new threshold 1 (max threshold 6)
[6.086s][info ][gc,heap        ] GC(2119) ParNew: 19318K->1570K(19648K)
[6.086s][info ][gc,heap        ] GC(2119) CMS: 28531K->30095K(43712K)
[6.086s][info ][gc,metaspace   ] GC(2119) Metaspace: 5340K->5340K(1056768K)
[6.086s][info ][gc             ] GC(2119) Pause Young (Allocation Failure) 46M->30M(61M) 1.507ms
[6.086s][info ][gc,cpu         ] GC(2119) User=0.01s Sys=0.00s Real=0.00s
[6.087s][info ][gc,start       ] GC(2120) Pause Young (Allocation Failure)
[6.087s][info ][gc,task        ] GC(2120) Using 8 workers of 8 for evacuation
[6.089s][debug][gc,age         ] GC(2120) Desired survivor size 1114112 bytes, new threshold 1 (max threshold 6)
[6.089s][info ][gc,heap        ] GC(2120) ParNew: 19032K->1574K(19648K)
[6.089s][info ][gc,heap        ] GC(2120) CMS: 30095K->30486K(43712K)
[6.089s][info ][gc,metaspace   ] GC(2120) Metaspace: 5340K->5340K(1056768K)
[6.089s][info ][gc             ] GC(2120) Pause Young (Allocation Failure) 47M->31M(61M) 1.485ms
[6.089s][info ][gc,cpu         ] GC(2120) User=0.01s Sys=0.00s Real=0.00s
[6.091s][info ][gc,start       ] GC(2121) Pause Young (Allocation Failure)
[6.091s][info ][gc,task        ] GC(2121) Using 8 workers of 8 for evacuation
[6.093s][debug][gc,age         ] GC(2121) Desired survivor size 1114112 bytes, new threshold 1 (max threshold 6)
[6.093s][info ][gc,heap        ] GC(2121) ParNew: 18969K->1566K(19648K)
[6.093s][info ][gc,heap        ] GC(2121) CMS: 30486K->31268K(43712K)
[6.093s][info ][gc,metaspace   ] GC(2121) Metaspace: 5340K->5340K(1056768K)
[6.093s][info ][gc             ] GC(2121) Pause Young (Allocation Failure) 48M->32M(61M) 2.259ms
[6.093s][info ][gc,cpu         ] GC(2121) User=0.01s Sys=0.00s Real=0.00s
[6.094s][info ][gc,start       ] GC(2122) Pause Young (Allocation Failure)
[6.094s][info ][gc,task        ] GC(2122) Using 8 workers of 8 for evacuation
[6.097s][debug][gc,age         ] GC(2122) Desired survivor size 1114112 bytes, new threshold 1 (max threshold 6)
[6.097s][info ][gc,heap        ] GC(2122) ParNew: 18809K->1957K(19648K)
[6.097s][info ][gc,heap        ] GC(2122) CMS: 31268K->32049K(43712K)
[6.097s][info ][gc,metaspace   ] GC(2122) Metaspace: 5340K->5340K(1056768K)
[6.097s][info ][gc             ] GC(2122) Pause Young (Allocation Failure) 48M->33M(61M) 2.750ms
[6.097s][info ][gc,cpu         ] GC(2122) User=0.01s Sys=0.00s Real=0.00s
[6.099s][info ][gc,start       ] GC(2123) Pause Young (Allocation Failure)
[6.099s][info ][gc,task        ] GC(2123) Using 8 workers of 8 for evacuation
[6.100s][debug][gc,age         ] GC(2123) Desired survivor size 1114112 bytes, new threshold 1 (max threshold 6)
[6.100s][info ][gc,heap        ] GC(2123) ParNew: 19210K->1963K(19648K)
[6.100s][info ][gc,heap        ] GC(2123) CMS: 32049K->32050K(43712K)
[6.100s][info ][gc,metaspace   ] GC(2123) Metaspace: 5340K->5340K(1056768K)
[6.100s][info ][gc             ] GC(2123) Pause Young (Allocation Failure) 50M->33M(61M) 1.178ms
[6.100s][info ][gc,cpu         ] GC(2123) User=0.00s Sys=0.00s Real=0.00s
[6.101s][info ][gc,start       ] GC(2124) Pause Young (Allocation Failure)
[6.101s][info ][gc,task        ] GC(2124) Using 8 workers of 8 for evacuation
[6.102s][debug][gc,age         ] GC(2124) Desired survivor size 1114112 bytes, new threshold 1 (max threshold 6)
[6.102s][info ][gc,heap        ] GC(2124) ParNew: 19137K->1967K(19648K)
[6.102s][info ][gc,heap        ] GC(2124) CMS: 32050K->32831K(43712K)
[6.102s][info ][gc,metaspace   ] GC(2124) Metaspace: 5340K->5340K(1056768K)
[6.102s][info ][gc             ] GC(2124) Pause Young (Allocation Failure) 49M->33M(61M) 1.024ms
[6.102s][info ][gc,cpu         ] GC(2124) User=0.00s Sys=0.00s Real=0.00s
[6.104s][info ][gc,start       ] GC(2125) Pause Young (Allocation Failure)
[6.104s][info ][gc,task        ] GC(2125) Using 8 workers of 8 for evacuation
[6.106s][debug][gc,age         ] GC(2125) Desired survivor size 1114112 bytes, new threshold 6 (max threshold 6)
[6.106s][info ][gc,heap        ] GC(2125) ParNew: 19414K->787K(19648K)
[6.106s][info ][gc,heap        ] GC(2125) CMS: 32831K->33613K(43712K)
[6.106s][info ][gc,metaspace   ] GC(2125) Metaspace: 5340K->5340K(1056768K)
[6.106s][info ][gc             ] GC(2125) Pause Young (Allocation Failure) 51M->33M(61M) 2.059ms
[6.106s][info ][gc,cpu         ] GC(2125) User=0.00s Sys=0.00s Real=0.00s
[6.107s][info ][gc,start       ] GC(2126) Pause Young (Allocation Failure)
[6.107s][info ][gc,task        ] GC(2126) Using 8 workers of 8 for evacuation
[6.108s][debug][gc,age         ] GC(2126) Desired survivor size 1114112 bytes, new threshold 1 (max threshold 6)
[6.108s][info ][gc,heap        ] GC(2126) ParNew: 18018K->1969K(19648K)
[6.108s][info ][gc,heap        ] GC(2126) CMS: 33613K->34004K(43712K)
[6.108s][info ][gc,metaspace   ] GC(2126) Metaspace: 5340K->5340K(1056768K)
[6.108s][info ][gc             ] GC(2126) Pause Young (Allocation Failure) 50M->35M(61M) 0.546ms
[6.108s][info ][gc,cpu         ] GC(2126) User=0.00s Sys=0.00s Real=0.00s
[6.109s][info ][gc,start       ] GC(2127) Pause Young (Allocation Failure)
[6.109s][info ][gc,task        ] GC(2127) Using 8 workers of 8 for evacuation
[6.110s][debug][gc,age         ] GC(2127) Desired survivor size 1114112 bytes, new threshold 1 (max threshold 6)
[6.111s][info ][gc,heap        ] GC(2127) ParNew: 19168K->1959K(19648K)
[6.111s][info ][gc,heap        ] GC(2127) CMS: 34004K->34786K(43712K)
[6.111s][info ][gc,metaspace   ] GC(2127) Metaspace: 5340K->5340K(1056768K)
[6.111s][info ][gc             ] GC(2127) Pause Young (Allocation Failure) 51M->35M(61M) 1.307ms
[6.111s][info ][gc,cpu         ] GC(2127) User=0.00s Sys=0.00s Real=0.00s
[6.111s][info ][gc,start       ] GC(2128) Pause Initial Mark
[6.111s][info ][gc             ] GC(2128) Pause Initial Mark 37M->37M(61M) 0.140ms
[6.111s][info ][gc,cpu         ] GC(2128) User=0.00s Sys=0.00s Real=0.00s
[6.111s][info ][gc             ] GC(2128) Concurrent Mark
[6.111s][info ][gc,task        ] GC(2128) Using 2 workers of 2 for marking
[6.112s][info ][gc,start       ] GC(2129) Pause Young (Allocation Failure)
[6.112s][info ][gc,task        ] GC(2129) Using 8 workers of 8 for evacuation
[6.114s][debug][gc,age         ] GC(2129) Desired survivor size 1114112 bytes, new threshold 1 (max threshold 6)
[6.114s][info ][gc,heap        ] GC(2129) ParNew: 19137K->1963K(19648K)
[6.114s][info ][gc,heap        ] GC(2129) CMS: 34786K->35567K(43712K)
[6.114s][info ][gc,metaspace   ] GC(2129) Metaspace: 5340K->5340K(1056768K)
[6.114s][info ][gc             ] GC(2129) Pause Young (Allocation Failure) 52M->36M(61M) 1.370ms
[6.114s][info ][gc,cpu         ] GC(2129) User=0.01s Sys=0.00s Real=0.01s
[6.115s][info ][gc             ] GC(2128) Concurrent Mark 4.131ms
[6.115s][info ][gc,cpu         ] GC(2128) User=0.02s Sys=0.00s Real=0.01s
[6.115s][info ][gc,start       ] GC(2130) Pause Young (Allocation Failure)
[6.115s][info ][gc,task        ] GC(2130) Using 8 workers of 8 for evacuation
[6.116s][debug][gc,age         ] GC(2130) Desired survivor size 1114112 bytes, new threshold 1 (max threshold 6)
[6.117s][info ][gc,heap        ] GC(2130) ParNew: 19065K->1963K(19648K)
[6.117s][info ][gc,heap        ] GC(2130) CMS: 35567K->35958K(43712K)
[6.117s][info ][gc,metaspace   ] GC(2130) Metaspace: 5340K->5340K(1056768K)
[6.117s][info ][gc             ] GC(2130) Pause Young (Allocation Failure) 53M->37M(61M) 1.210ms
[6.117s][info ][gc,cpu         ] GC(2130) User=0.01s Sys=0.00s Real=0.00s
[6.117s][info ][gc             ] GC(2128) Concurrent Preclean
[6.117s][info ][gc             ] GC(2128) Concurrent Preclean 0.194ms
[6.117s][info ][gc,cpu         ] GC(2128) User=0.00s Sys=0.00s Real=0.00s
[6.117s][info ][gc             ] GC(2128) Concurrent Abortable Preclean
[6.118s][info ][gc,start       ] GC(2131) Pause Young (Allocation Failure)
[6.118s][info ][gc,task        ] GC(2131) Using 8 workers of 8 for evacuation
[6.118s][debug][gc,age         ] GC(2131) Desired survivor size 1114112 bytes, new threshold 1 (max threshold 6)
[6.119s][info ][gc,heap        ] GC(2131) ParNew: 19141K->1967K(19648K)
[6.119s][info ][gc,heap        ] GC(2131) CMS: 35958K->36349K(43712K)
[6.119s][info ][gc,metaspace   ] GC(2131) Metaspace: 5340K->5340K(1056768K)
[6.119s][info ][gc             ] GC(2131) Pause Young (Allocation Failure) 53M->37M(61M) 0.444ms
[6.119s][info ][gc,cpu         ] GC(2131) User=0.00s Sys=0.00s Real=0.00s
[6.120s][info ][gc,start       ] GC(2132) Pause Young (Allocation Failure)
[6.120s][info ][gc,task        ] GC(2132) Using 8 workers of 8 for evacuation
[6.120s][debug][gc,age         ] GC(2132) Desired survivor size 1114112 bytes, new threshold 1 (max threshold 6)
[6.120s][info ][gc,heap        ] GC(2132) ParNew: 19132K->1969K(19648K)
[6.120s][info ][gc,heap        ] GC(2132) CMS: 36349K->36349K(43712K)
[6.120s][info ][gc,metaspace   ] GC(2132) Metaspace: 5340K->5340K(1056768K)
[6.120s][info ][gc             ] GC(2132) Pause Young (Allocation Failure) 54M->37M(61M) 0.421ms
[6.120s][info ][gc,cpu         ] GC(2132) User=0.00s Sys=0.00s Real=0.00s
[6.122s][info ][gc,start       ] GC(2133) Pause Young (Allocation Failure)
[6.122s][info ][gc,task        ] GC(2133) Using 8 workers of 8 for evacuation
[6.122s][debug][gc,age         ] GC(2133) Desired survivor size 1114112 bytes, new threshold 1 (max threshold 6)
[6.122s][info ][gc,heap        ] GC(2133) ParNew: 19125K->1578K(19648K)
[6.122s][info ][gc,heap        ] GC(2133) CMS: 36349K->36349K(43712K)
[6.122s][info ][gc,metaspace   ] GC(2133) Metaspace: 5340K->5340K(1056768K)
[6.122s][info ][gc             ] GC(2133) Pause Young (Allocation Failure) 54M->37M(61M) 0.400ms
[6.122s][info ][gc,cpu         ] GC(2133) User=0.00s Sys=0.00s Real=0.00s
[6.124s][info ][gc,start       ] GC(2134) Pause Young (Allocation Failure)
[6.124s][info ][gc,task        ] GC(2134) Using 8 workers of 8 for evacuation
[6.124s][debug][gc,age         ] GC(2134) Desired survivor size 1114112 bytes, new threshold 1 (max threshold 6)
[6.124s][info ][gc,heap        ] GC(2134) ParNew: 18729K->1969K(19648K)
[6.124s][info ][gc,heap        ] GC(2134) CMS: 36349K->36740K(43712K)
[6.124s][info ][gc,metaspace   ] GC(2134) Metaspace: 5340K->5340K(1056768K)
[6.124s][info ][gc             ] GC(2134) Pause Young (Allocation Failure) 53M->37M(61M) 0.465ms
[6.124s][info ][gc,cpu         ] GC(2134) User=0.00s Sys=0.00s Real=0.00s
[6.126s][info ][gc,start       ] GC(2135) Pause Young (Allocation Failure)
[6.126s][info ][gc,task        ] GC(2135) Using 8 workers of 8 for evacuation
[6.126s][debug][gc,age         ] GC(2135) Desired survivor size 1114112 bytes, new threshold 1 (max threshold 6)
[6.126s][info ][gc,heap        ] GC(2135) ParNew: 19116K->1574K(19648K)
[6.126s][info ][gc,heap        ] GC(2135) CMS: 36740K->36740K(43712K)
[6.126s][info ][gc,metaspace   ] GC(2135) Metaspace: 5340K->5340K(1056768K)
[6.126s][info ][gc             ] GC(2135) Pause Young (Allocation Failure) 54M->37M(61M) 0.619ms
[6.126s][info ][gc,cpu         ] GC(2135) User=0.00s Sys=0.00s Real=0.00s
[6.128s][info ][gc,start       ] GC(2136) Pause Young (Allocation Failure)
[6.128s][info ][gc,task        ] GC(2136) Using 8 workers of 8 for evacuation
[6.128s][debug][gc,age         ] GC(2136) Desired survivor size 1114112 bytes, new threshold 1 (max threshold 6)
[6.128s][info ][gc,heap        ] GC(2136) ParNew: 18719K->1965K(19648K)
[6.128s][info ][gc,heap        ] GC(2136) CMS: 36740K->37130K(43712K)
[6.128s][info ][gc,metaspace   ] GC(2136) Metaspace: 5340K->5340K(1056768K)
[6.128s][info ][gc             ] GC(2136) Pause Young (Allocation Failure) 54M->38M(61M) 0.424ms
[6.128s][info ][gc,cpu         ] GC(2136) User=0.00s Sys=0.00s Real=0.00s
[6.130s][info ][gc,start       ] GC(2137) Pause Young (Allocation Failure)
[6.130s][info ][gc,task        ] GC(2137) Using 8 workers of 8 for evacuation
[6.130s][debug][gc,age         ] GC(2137) Desired survivor size 1114112 bytes, new threshold 1 (max threshold 6)
[6.130s][info ][gc,heap        ] GC(2137) ParNew: 19108K->1969K(19648K)
[6.130s][info ][gc,heap        ] GC(2137) CMS: 37130K->38302K(43712K)
[6.130s][info ][gc,metaspace   ] GC(2137) Metaspace: 5340K->5340K(1056768K)
[6.130s][info ][gc             ] GC(2137) Pause Young (Allocation Failure) 54M->39M(61M) 0.882ms
[6.130s][info ][gc,cpu         ] GC(2137) User=0.00s Sys=0.00s Real=0.00s
[6.132s][info ][gc,start       ] GC(2138) Pause Young (Allocation Failure)
[6.132s][info ][gc,task        ] GC(2138) Using 8 workers of 8 for evacuation
[6.133s][debug][gc,age         ] GC(2138) Desired survivor size 1114112 bytes, new threshold 1 (max threshold 6)
[6.134s][info ][gc,heap        ] GC(2138) ParNew: 19111K->1965K(19648K)
[6.134s][info ][gc,heap        ] GC(2138) CMS: 38302K->38693K(43712K)
[6.134s][info ][gc,metaspace   ] GC(2138) Metaspace: 5340K->5340K(1056768K)
[6.134s][info ][gc             ] GC(2138) Pause Young (Allocation Failure) 56M->39M(61M) 1.400ms
[6.134s][info ][gc,cpu         ] GC(2138) User=0.00s Sys=0.00s Real=0.01s
[6.136s][info ][gc,start       ] GC(2139) Pause Young (Allocation Failure)
[6.136s][info ][gc,task        ] GC(2139) Using 8 workers of 8 for evacuation
[6.139s][debug][gc,age         ] GC(2139) Desired survivor size 1114112 bytes, new threshold 1 (max threshold 6)
[6.139s][info ][gc,heap        ] GC(2139) ParNew: 19275K->1175K(19648K)
[6.139s][info ][gc,heap        ] GC(2139) CMS: 38693K->39475K(43712K)
[6.139s][info ][gc,metaspace   ] GC(2139) Metaspace: 5340K->5340K(1056768K)
[6.139s][info ][gc             ] GC(2139) Pause Young (Allocation Failure) 56M->39M(61M) 2.999ms
[6.139s][info ][gc,cpu         ] GC(2139) User=0.01s Sys=0.00s Real=0.00s
[6.140s][info ][gc,start       ] GC(2140) Pause Young (Allocation Failure)
[6.141s][info ][gc,task        ] GC(2140) Using 8 workers of 8 for evacuation
[6.142s][debug][gc,age         ] GC(2140) Desired survivor size 1114112 bytes, new threshold 6 (max threshold 6)
[6.142s][info ][gc,heap        ] GC(2140) ParNew: 18564K->785K(19648K)
[6.142s][info ][gc,heap        ] GC(2140) CMS: 39475K->39475K(43712K)
[6.142s][info ][gc,metaspace   ] GC(2140) Metaspace: 5340K->5340K(1056768K)
[6.142s][info ][gc             ] GC(2140) Pause Young (Allocation Failure) 56M->39M(61M) 1.438ms
[6.142s][info ][gc,cpu         ] GC(2140) User=0.00s Sys=0.00s Real=0.00s
[6.143s][info ][gc,start       ] GC(2141) Pause Young (Allocation Failure)
[6.143s][info ][gc,task        ] GC(2141) Using 8 workers of 8 for evacuation
[6.146s][debug][gc,age         ] GC(2141) Desired survivor size 1114112 bytes, new threshold 1 (max threshold 6)
[6.146s][info ][gc,heap        ] GC(2141) ParNew: 17942K->1963K(19648K)
[6.146s][info ][gc,heap        ] GC(2141) CMS: 39475K->39866K(43712K)
[6.146s][info ][gc,metaspace   ] GC(2141) Metaspace: 5340K->5340K(1056768K)
[6.146s][info ][gc             ] GC(2141) Pause Young (Allocation Failure) 56M->40M(61M) 2.403ms
[6.146s][info ][gc,cpu         ] GC(2141) User=0.01s Sys=0.00s Real=0.00s
[6.147s][info ][gc,start       ] GC(2142) Pause Young (Allocation Failure)
[6.147s][info ][gc,task        ] GC(2142) Using 8 workers of 8 for evacuation
[6.148s][debug][gc,age         ] GC(2142) Desired survivor size 1114112 bytes, new threshold 1 (max threshold 6)
[6.148s][info ][gc,heap        ] GC(2142) ParNew: 19228K->1961K(19648K)
[6.148s][info ][gc,heap        ] GC(2142) CMS: 39866K->40257K(43712K)
[6.148s][info ][gc,metaspace   ] GC(2142) Metaspace: 5340K->5340K(1056768K)
[6.148s][info ][gc             ] GC(2142) Pause Young (Allocation Failure) 57M->41M(61M) 0.748ms
[6.148s][info ][gc,cpu         ] GC(2142) User=0.00s Sys=0.00s Real=0.00s
[6.149s][info ][gc,start       ] GC(2143) Pause Young (Allocation Failure)
[6.149s][info ][gc,task        ] GC(2143) Using 8 workers of 8 for evacuation
[6.150s][debug][gc,age         ] GC(2143) Desired survivor size 1114112 bytes, new threshold 1 (max threshold 6)
[6.150s][info ][gc,heap        ] GC(2143) ParNew: 19182K->1967K(19648K)
[6.150s][info ][gc,heap        ] GC(2143) CMS: 40257K->40647K(43712K)
[6.150s][info ][gc,metaspace   ] GC(2143) Metaspace: 5340K->5340K(1056768K)
[6.150s][info ][gc             ] GC(2143) Pause Young (Allocation Failure) 58M->41M(61M) 1.027ms
[6.150s][info ][gc,cpu         ] GC(2143) User=0.01s Sys=0.00s Real=0.00s
[6.151s][info ][gc,start       ] GC(2144) Pause Young (Allocation Failure)
[6.152s][info ][gc,task        ] GC(2144) Using 8 workers of 8 for evacuation
[6.152s][debug][gc,age         ] GC(2144) Desired survivor size 1114112 bytes, new threshold 1 (max threshold 6)
[6.152s][info ][gc,heap        ] GC(2144) ParNew: 19159K->1969K(19648K)
[6.152s][info ][gc,heap        ] GC(2144) CMS: 40647K->41429K(43712K)
[6.152s][info ][gc,metaspace   ] GC(2144) Metaspace: 5340K->5340K(1056768K)
[6.152s][info ][gc             ] GC(2144) Pause Young (Allocation Failure) 58M->42M(61M) 0.759ms
[6.152s][info ][gc,cpu         ] GC(2144) User=0.01s Sys=0.00s Real=0.00s
[6.153s][info ][gc,start       ] GC(2145) Pause Young (Allocation Failure)
[6.153s][info ][gc,task        ] GC(2145) Using 8 workers of 8 for evacuation
[6.154s][debug][gc,age         ] GC(2145) Desired survivor size 1114112 bytes, new threshold 6 (max threshold 6)
[6.154s][info ][gc,heap        ] GC(2145) ParNew: 19143K->793K(19648K)
[6.154s][info ][gc,heap        ] GC(2145) CMS: 41429K->41429K(43712K)
[6.154s][info ][gc,metaspace   ] GC(2145) Metaspace: 5340K->5340K(1056768K)
[6.154s][info ][gc             ] GC(2145) Pause Young (Allocation Failure) 59M->41M(61M) 0.561ms
[6.154s][info ][gc,cpu         ] GC(2145) User=0.00s Sys=0.00s Real=0.00s
[6.155s][info ][gc,start       ] GC(2146) Pause Young (Allocation Failure)
[6.155s][info ][gc,task        ] GC(2146) Using 8 workers of 8 for evacuation
[6.156s][debug][gc,age         ] GC(2146) Desired survivor size 1114112 bytes, new threshold 1 (max threshold 6)
[6.156s][info ][gc,heap        ] GC(2146) ParNew: 17955K->1969K(19648K)
[6.156s][info ][gc,heap        ] GC(2146) CMS: 41429K->41819K(43712K)
[6.156s][info ][gc,metaspace   ] GC(2146) Metaspace: 5340K->5340K(1056768K)
[6.156s][info ][gc             ] GC(2146) Pause Young (Allocation Failure) 57M->42M(61M) 0.498ms
[6.156s][info ][gc,cpu         ] GC(2146) User=0.00s Sys=0.00s Real=0.00s
[6.157s][info ][gc,start       ] GC(2147) Pause Young (Allocation Failure)
[6.157s][info ][gc,task        ] GC(2147) Using 8 workers of 8 for evacuation
[6.158s][debug][gc,age         ] GC(2147) Desired survivor size 1114112 bytes, new threshold 1 (max threshold 6)
[6.158s][info ][gc,heap        ] GC(2147) ParNew: 19123K->1967K(19648K)
[6.158s][info ][gc,heap        ] GC(2147) CMS: 41819K->42601K(43712K)
[6.158s][info ][gc,metaspace   ] GC(2147) Metaspace: 5340K->5340K(1056768K)
[6.158s][info ][gc             ] GC(2147) Pause Young (Allocation Failure) 59M->43M(61M) 1.097ms
[6.158s][info ][gc,cpu         ] GC(2147) User=0.00s Sys=0.00s Real=0.00s
[6.160s][info ][gc,start       ] GC(2148) Pause Young (Allocation Failure)
[6.160s][info ][gc,task        ] GC(2148) Using 8 workers of 8 for evacuation
[6.160s][debug][gc,age         ] GC(2148) Desired survivor size 1114112 bytes, new threshold 1 (max threshold 6)
[6.161s][info ][gc,heap        ] GC(2148) ParNew: 19116K->1969K(19648K)
[6.161s][info ][gc,heap        ] GC(2148) CMS: 42601K->42991K(43712K)
[6.161s][info ][gc,metaspace   ] GC(2148) Metaspace: 5340K->5340K(1056768K)
[6.161s][info ][gc             ] GC(2148) Pause Young (Allocation Failure) 60M->43M(61M) 0.732ms
[6.161s][info ][gc,cpu         ] GC(2148) User=0.00s Sys=0.00s Real=0.00s
[6.161s][info ][gc             ] GC(2128) Concurrent Abortable Preclean 43.757ms
[6.161s][info ][gc,cpu         ] GC(2128) User=0.19s Sys=0.01s Real=0.04s
[6.161s][info ][gc,start       ] GC(2128) Pause Remark
[6.161s][debug][gc,phases      ] GC(2128) Rescan (parallel) 0.098ms
[6.161s][debug][gc,phases      ] GC(2128) Reference Processing 0.012ms
[6.161s][debug][gc,phases      ] GC(2128) Weak Processing 0.003ms
[6.161s][debug][gc,phases      ] GC(2128) ClassLoaderData 0.008ms
[6.161s][debug][gc,phases      ] GC(2128) ProtectionDomainCacheTable 0.002ms
[6.161s][debug][gc,phases      ] GC(2128) ResolvedMethodTable 0.005ms
[6.161s][debug][gc,phases      ] GC(2128) Class Unloading 0.167ms
[6.162s][debug][gc,phases      ] GC(2128) Scrub Symbol Table 0.465ms
[6.162s][debug][gc,phases      ] GC(2128) Scrub String Table 0.028ms
[6.162s][info ][gc             ] GC(2128) Pause Remark 45M->45M(61M) 0.892ms
[6.162s][info ][gc,cpu         ] GC(2128) User=0.00s Sys=0.00s Real=0.00s
[6.162s][info ][gc             ] GC(2128) Concurrent Sweep
[6.162s][info ][gc             ] GC(2128) Concurrent Sweep 0.677ms
[6.163s][info ][gc,cpu         ] GC(2128) User=0.00s Sys=0.00s Real=0.00s
[6.163s][info ][gc             ] GC(2128) Concurrent Reset
[6.163s][info ][gc             ] GC(2128) Concurrent Reset 0.118ms
[6.163s][info ][gc,cpu         ] GC(2128) User=0.00s Sys=0.00s Real=0.00s
[6.163s][info ][gc,heap        ] GC(2128) Old: 34786K->10160K(43712K)
[6.163s][info ][gc,start       ] GC(2149) Pause Young (Allocation Failure)
[6.163s][info ][gc,task        ] GC(2149) Using 8 workers of 8 for evacuation
[6.164s][debug][gc,age         ] GC(2149) Desired survivor size 1114112 bytes, new threshold 1 (max threshold 6)
[6.164s][info ][gc,heap        ] GC(2149) ParNew: 19115K->1965K(19648K)
[6.164s][info ][gc,heap        ] GC(2149) CMS: 10160K->10941K(43712K)
[6.164s][info ][gc,metaspace   ] GC(2149) Metaspace: 5340K->5340K(1056768K)
[6.164s][info ][gc             ] GC(2149) Pause Young (Allocation Failure) 28M->12M(61M) 1.350ms
[6.164s][info ][gc,cpu         ] GC(2149) User=0.01s Sys=0.00s Real=0.01s
[6.166s][info ][gc,start       ] GC(2150) Pause Young (Allocation Failure)
[6.166s][info ][gc,task        ] GC(2150) Using 8 workers of 8 for evacuation
[6.167s][debug][gc,age         ] GC(2150) Desired survivor size 1114112 bytes, new threshold 1 (max threshold 6)
[6.167s][info ][gc,heap        ] GC(2150) ParNew: 19064K->1963K(19648K)
[6.167s][info ][gc,heap        ] GC(2150) CMS: 10941K->11333K(43712K)
[6.167s][info ][gc,metaspace   ] GC(2150) Metaspace: 5340K->5340K(1056768K)
[6.167s][info ][gc             ] GC(2150) Pause Young (Allocation Failure) 29M->12M(61M) 1.124ms
[6.167s][info ][gc,cpu         ] GC(2150) User=0.01s Sys=0.00s Real=0.00s
[6.169s][info ][gc,start       ] GC(2151) Pause Young (Allocation Failure)
[6.169s][info ][gc,task        ] GC(2151) Using 8 workers of 8 for evacuation
[6.169s][debug][gc,age         ] GC(2151) Desired survivor size 1114112 bytes, new threshold 1 (max threshold 6)
[6.169s][info ][gc,heap        ] GC(2151) ParNew: 19122K->1965K(19648K)
[6.169s][info ][gc,heap        ] GC(2151) CMS: 11333K->11723K(43712K)
[6.169s][info ][gc,metaspace   ] GC(2151) Metaspace: 5340K->5340K(1056768K)
[6.169s][info ][gc             ] GC(2151) Pause Young (Allocation Failure) 29M->13M(61M) 0.768ms
[6.169s][info ][gc,cpu         ] GC(2151) User=0.00s Sys=0.00s Real=0.00s
[6.171s][info ][gc,start       ] GC(2152) Pause Young (Allocation Failure)
[6.171s][info ][gc,task        ] GC(2152) Using 8 workers of 8 for evacuation
[6.172s][debug][gc,age         ] GC(2152) Desired survivor size 1114112 bytes, new threshold 1 (max threshold 6)
[6.172s][info ][gc,heap        ] GC(2152) ParNew: 19409K->1179K(19648K)
[6.172s][info ][gc,heap        ] GC(2152) CMS: 11723K->12505K(43712K)
[6.172s][info ][gc,metaspace   ] GC(2152) Metaspace: 5340K->5340K(1056768K)
[6.172s][info ][gc             ] GC(2152) Pause Young (Allocation Failure) 30M->13M(61M) 0.969ms
[6.172s][info ][gc,cpu         ] GC(2152) User=0.00s Sys=0.00s Real=0.00s
[6.173s][info ][gc,start       ] GC(2153) Pause Young (Allocation Failure)
[6.173s][info ][gc,task        ] GC(2153) Using 8 workers of 8 for evacuation
[6.175s][debug][gc,age         ] GC(2153) Desired survivor size 1114112 bytes, new threshold 1 (max threshold 6)
[6.175s][info ][gc,heap        ] GC(2153) ParNew: 18649K->1963K(19648K)
[6.175s][info ][gc,heap        ] GC(2153) CMS: 12505K->13287K(43712K)
[6.175s][info ][gc,metaspace   ] GC(2153) Metaspace: 5340K->5340K(1056768K)
[6.175s][info ][gc             ] GC(2153) Pause Young (Allocation Failure) 30M->14M(61M) 1.729ms
[6.175s][info ][gc,cpu         ] GC(2153) User=0.00s Sys=0.00s Real=0.01s
[6.177s][info ][gc,start       ] GC(2154) Pause Young (Allocation Failure)
[6.177s][info ][gc,task        ] GC(2154) Using 8 workers of 8 for evacuation
[6.178s][debug][gc,age         ] GC(2154) Desired survivor size 1114112 bytes, new threshold 1 (max threshold 6)
[6.178s][info ][gc,heap        ] GC(2154) ParNew: 19435K->1177K(19648K)
[6.178s][info ][gc,heap        ] GC(2154) CMS: 13287K->13678K(43712K)
[6.178s][info ][gc,metaspace   ] GC(2154) Metaspace: 5340K->5340K(1056768K)
[6.178s][info ][gc             ] GC(2154) Pause Young (Allocation Failure) 31M->14M(61M) 1.202ms
[6.178s][info ][gc,cpu         ] GC(2154) User=0.00s Sys=0.00s Real=0.00s
[6.179s][info ][gc,start       ] GC(2155) Pause Young (Allocation Failure)
[6.179s][info ][gc,task        ] GC(2155) Using 8 workers of 8 for evacuation
[6.181s][debug][gc,age         ] GC(2155) Desired survivor size 1114112 bytes, new threshold 1 (max threshold 6)
[6.181s][info ][gc,heap        ] GC(2155) ParNew: 18544K->1177K(19648K)
[6.181s][info ][gc,heap        ] GC(2155) CMS: 13678K->14460K(43712K)
[6.181s][info ][gc,metaspace   ] GC(2155) Metaspace: 5340K->5340K(1056768K)
[6.181s][info ][gc             ] GC(2155) Pause Young (Allocation Failure) 31M->15M(61M) 1.378ms
[6.181s][info ][gc,cpu         ] GC(2155) User=0.00s Sys=0.00s Real=0.00s
[6.183s][info ][gc,start       ] GC(2156) Pause Young (Allocation Failure)
[6.183s][info ][gc,task        ] GC(2156) Using 8 workers of 8 for evacuation
[6.184s][debug][gc,age         ] GC(2156) Desired survivor size 1114112 bytes, new threshold 1 (max threshold 6)
[6.184s][info ][gc,heap        ] GC(2156) ParNew: 18341K->1963K(19648K)
[6.184s][info ][gc,heap        ] GC(2156) CMS: 14460K->14851K(43712K)
[6.184s][info ][gc,metaspace   ] GC(2156) Metaspace: 5340K->5340K(1056768K)
[6.184s][info ][gc             ] GC(2156) Pause Young (Allocation Failure) 32M->16M(61M) 1.283ms
[6.185s][info ][gc,cpu         ] GC(2156) User=0.00s Sys=0.00s Real=0.01s
[6.186s][info ][gc,start       ] GC(2157) Pause Young (Allocation Failure)
[6.186s][info ][gc,task        ] GC(2157) Using 8 workers of 8 for evacuation
[6.187s][debug][gc,age         ] GC(2157) Desired survivor size 1114112 bytes, new threshold 1 (max threshold 6)
[6.187s][info ][gc,heap        ] GC(2157) ParNew: 19183K->1957K(19648K)
[6.187s][info ][gc,heap        ] GC(2157) CMS: 14851K->14851K(43712K)
[6.187s][info ][gc,metaspace   ] GC(2157) Metaspace: 5340K->5340K(1056768K)
[6.187s][info ][gc             ] GC(2157) Pause Young (Allocation Failure) 33M->16M(61M) 1.410ms
[6.187s][info ][gc,cpu         ] GC(2157) User=0.00s Sys=0.00s Real=0.00s
[6.190s][info ][gc,start       ] GC(2158) Pause Young (Allocation Failure)
[6.191s][info ][gc,task        ] GC(2158) Using 8 workers of 8 for evacuation
[6.192s][debug][gc,age         ] GC(2158) Desired survivor size 1114112 bytes, new threshold 1 (max threshold 6)
[6.192s][info ][gc,heap        ] GC(2158) ParNew: 19360K->1572K(19648K)
[6.192s][info ][gc,heap        ] GC(2158) CMS: 14851K->16024K(43712K)
[6.192s][info ][gc,metaspace   ] GC(2158) Metaspace: 5340K->5340K(1056768K)
[6.192s][info ][gc             ] GC(2158) Pause Young (Allocation Failure) 33M->17M(61M) 2.300ms
[6.192s][info ][gc,cpu         ] GC(2158) User=0.00s Sys=0.01s Real=0.00s
[6.194s][info ][gc,start       ] GC(2159) Pause Young (Allocation Failure)
[6.194s][info ][gc,task        ] GC(2159) Using 8 workers of 8 for evacuation
[6.195s][debug][gc,age         ] GC(2159) Desired survivor size 1114112 bytes, new threshold 6 (max threshold 6)
[6.195s][info ][gc,heap        ] GC(2159) ParNew: 19000K->787K(19648K)
[6.195s][info ][gc,heap        ] GC(2159) CMS: 16024K->16415K(43712K)
[6.195s][info ][gc,metaspace   ] GC(2159) Metaspace: 5340K->5340K(1056768K)
[6.195s][info ][gc             ] GC(2159) Pause Young (Allocation Failure) 34M->16M(61M) 1.121ms
[6.195s][info ][gc,cpu         ] GC(2159) User=0.00s Sys=0.00s Real=0.00s
[6.196s][info ][gc,start       ] GC(2160) Pause Young (Allocation Failure)
[6.196s][info ][gc,task        ] GC(2160) Using 8 workers of 8 for evacuation
[6.198s][debug][gc,age         ] GC(2160) Desired survivor size 1114112 bytes, new threshold 1 (max threshold 6)
[6.198s][info ][gc,heap        ] GC(2160) ParNew: 17915K->1570K(19648K)
[6.198s][info ][gc,heap        ] GC(2160) CMS: 16415K->16415K(43712K)
[6.198s][info ][gc,metaspace   ] GC(2160) Metaspace: 5340K->5340K(1056768K)
[6.198s][info ][gc             ] GC(2160) Pause Young (Allocation Failure) 33M->17M(61M) 1.449ms
[6.198s][info ][gc,cpu         ] GC(2160) User=0.01s Sys=0.00s Real=0.00s
[6.200s][info ][gc,start       ] GC(2161) Pause Young (Allocation Failure)
[6.200s][info ][gc,task        ] GC(2161) Using 8 workers of 8 for evacuation
[6.201s][debug][gc,age         ] GC(2161) Desired survivor size 1114112 bytes, new threshold 1 (max threshold 6)
[6.201s][info ][gc,heap        ] GC(2161) ParNew: 18723K->1572K(19648K)
[6.201s][info ][gc,heap        ] GC(2161) CMS: 16415K->17588K(43712K)
[6.201s][info ][gc,metaspace   ] GC(2161) Metaspace: 5340K->5340K(1056768K)
[6.201s][info ][gc             ] GC(2161) Pause Young (Allocation Failure) 34M->18M(61M) 1.093ms
[6.201s][info ][gc,cpu         ] GC(2161) User=0.00s Sys=0.00s Real=0.00s
[6.202s][info ][gc,start       ] GC(2162) Pause Young (Allocation Failure)
[6.202s][info ][gc,task        ] GC(2162) Using 8 workers of 8 for evacuation
[6.203s][debug][gc,age         ] GC(2162) Desired survivor size 1114112 bytes, new threshold 1 (max threshold 6)
[6.203s][info ][gc,heap        ] GC(2162) ParNew: 18895K->1969K(19648K)
[6.203s][info ][gc,heap        ] GC(2162) CMS: 17588K->18369K(43712K)
[6.203s][info ][gc,metaspace   ] GC(2162) Metaspace: 5340K->5340K(1056768K)
[6.203s][info ][gc             ] GC(2162) Pause Young (Allocation Failure) 35M->19M(61M) 1.116ms
[6.204s][info ][gc,cpu         ] GC(2162) User=0.00s Sys=0.00s Real=0.01s
[6.205s][info ][gc,start       ] GC(2163) Pause Young (Allocation Failure)
[6.205s][info ][gc,task        ] GC(2163) Using 8 workers of 8 for evacuation
[6.206s][debug][gc,age         ] GC(2163) Desired survivor size 1114112 bytes, new threshold 1 (max threshold 6)
[6.206s][info ][gc,heap        ] GC(2163) ParNew: 19226K->1967K(19648K)
[6.206s][info ][gc,heap        ] GC(2163) CMS: 18369K->19151K(43712K)
[6.206s][info ][gc,metaspace   ] GC(2163) Metaspace: 5340K->5340K(1056768K)
[6.206s][info ][gc             ] GC(2163) Pause Young (Allocation Failure) 36M->20M(61M) 1.439ms
[6.206s][info ][gc,cpu         ] GC(2163) User=0.01s Sys=0.00s Real=0.00s
[6.208s][info ][gc,start       ] GC(2164) Pause Young (Allocation Failure)
[6.208s][info ][gc,task        ] GC(2164) Using 8 workers of 8 for evacuation
[6.209s][debug][gc,age         ] GC(2164) Desired survivor size 1114112 bytes, new threshold 1 (max threshold 6)
[6.209s][info ][gc,heap        ] GC(2164) ParNew: 19183K->1967K(19648K)
[6.209s][info ][gc,heap        ] GC(2164) CMS: 19151K->20323K(43712K)
[6.209s][info ][gc,metaspace   ] GC(2164) Metaspace: 5340K->5340K(1056768K)
[6.209s][info ][gc             ] GC(2164) Pause Young (Allocation Failure) 37M->21M(61M) 0.936ms
[6.209s][info ][gc,cpu         ] GC(2164) User=0.01s Sys=0.00s Real=0.00s
[6.210s][info ][gc,start       ] GC(2165) Pause Young (Allocation Failure)
[6.210s][info ][gc,task        ] GC(2165) Using 8 workers of 8 for evacuation
[6.211s][debug][gc,age         ] GC(2165) Desired survivor size 1114112 bytes, new threshold 1 (max threshold 6)
[6.211s][info ][gc,heap        ] GC(2165) ParNew: 19156K->1969K(19648K)
[6.211s][info ][gc,heap        ] GC(2165) CMS: 20323K->21104K(43712K)
[6.211s][info ][gc,metaspace   ] GC(2165) Metaspace: 5340K->5340K(1056768K)
[6.211s][info ][gc             ] GC(2165) Pause Young (Allocation Failure) 38M->22M(61M) 0.938ms
[6.211s][info ][gc,cpu         ] GC(2165) User=0.00s Sys=0.00s Real=0.00s
[6.212s][info ][gc,start       ] GC(2166) Pause Young (Allocation Failure)
[6.213s][info ][gc,task        ] GC(2166) Using 8 workers of 8 for evacuation
[6.214s][debug][gc,age         ] GC(2166) Desired survivor size 1114112 bytes, new threshold 1 (max threshold 6)
[6.214s][info ][gc,heap        ] GC(2166) ParNew: 19140K->1576K(19648K)
[6.214s][info ][gc,heap        ] GC(2166) CMS: 21104K->21104K(43712K)
[6.214s][info ][gc,metaspace   ] GC(2166) Metaspace: 5340K->5340K(1056768K)
[6.214s][info ][gc             ] GC(2166) Pause Young (Allocation Failure) 39M->22M(61M) 1.288ms
[6.214s][info ][gc,cpu         ] GC(2166) User=0.00s Sys=0.00s Real=0.01s
[6.215s][info ][gc,start       ] GC(2167) Pause Young (Allocation Failure)
[6.215s][info ][gc,task        ] GC(2167) Using 8 workers of 8 for evacuation
[6.216s][debug][gc,age         ] GC(2167) Desired survivor size 1114112 bytes, new threshold 1 (max threshold 6)
[6.216s][info ][gc,heap        ] GC(2167) ParNew: 18737K->1963K(19648K)
[6.216s][info ][gc,heap        ] GC(2167) CMS: 21104K->21495K(43712K)
[6.216s][info ][gc,metaspace   ] GC(2167) Metaspace: 5340K->5340K(1056768K)
[6.216s][info ][gc             ] GC(2167) Pause Young (Allocation Failure) 38M->22M(61M) 0.593ms
[6.216s][info ][gc,cpu         ] GC(2167) User=0.00s Sys=0.00s Real=0.00s
[6.217s][info ][gc,start       ] GC(2168) Pause Young (Allocation Failure)
[6.217s][info ][gc,task        ] GC(2168) Using 8 workers of 8 for evacuation
[6.218s][debug][gc,age         ] GC(2168) Desired survivor size 1114112 bytes, new threshold 1 (max threshold 6)
[6.218s][info ][gc,heap        ] GC(2168) ParNew: 19116K->1963K(19648K)
[6.218s][info ][gc,heap        ] GC(2168) CMS: 21495K->22276K(43712K)
[6.218s][info ][gc,metaspace   ] GC(2168) Metaspace: 5340K->5340K(1056768K)
[6.218s][info ][gc             ] GC(2168) Pause Young (Allocation Failure) 39M->23M(61M) 1.165ms
[6.218s][info ][gc,cpu         ] GC(2168) User=0.00s Sys=0.00s Real=0.00s
[6.220s][info ][gc,start       ] GC(2169) Pause Young (Allocation Failure)
[6.220s][info ][gc,task        ] GC(2169) Using 8 workers of 8 for evacuation
[6.220s][debug][gc,age         ] GC(2169) Desired survivor size 1114112 bytes, new threshold 1 (max threshold 6)
[6.220s][info ][gc,heap        ] GC(2169) ParNew: 19112K->1969K(19648K)
[6.220s][info ][gc,heap        ] GC(2169) CMS: 22276K->22667K(43712K)
[6.220s][info ][gc,metaspace   ] GC(2169) Metaspace: 5340K->5340K(1056768K)
[6.220s][info ][gc             ] GC(2169) Pause Young (Allocation Failure) 40M->24M(61M) 0.460ms
[6.220s][info ][gc,cpu         ] GC(2169) User=0.00s Sys=0.00s Real=0.00s
[6.222s][info ][gc,start       ] GC(2170) Pause Young (Allocation Failure)
[6.222s][info ][gc,task        ] GC(2170) Using 8 workers of 8 for evacuation
[6.223s][debug][gc,age         ] GC(2170) Desired survivor size 1114112 bytes, new threshold 1 (max threshold 6)
[6.223s][info ][gc,heap        ] GC(2170) ParNew: 19115K->1959K(19648K)
[6.223s][info ][gc,heap        ] GC(2170) CMS: 22667K->23839K(43712K)
[6.223s][info ][gc,metaspace   ] GC(2170) Metaspace: 5340K->5340K(1056768K)
[6.223s][info ][gc             ] GC(2170) Pause Young (Allocation Failure) 40M->25M(61M) 1.374ms
[6.223s][info ][gc,cpu         ] GC(2170) User=0.01s Sys=0.00s Real=0.00s
[6.224s][info ][gc,start       ] GC(2171) Pause Young (Allocation Failure)
[6.225s][info ][gc,task        ] GC(2171) Using 8 workers of 8 for evacuation
[6.226s][debug][gc,age         ] GC(2171) Desired survivor size 1114112 bytes, new threshold 6 (max threshold 6)
[6.226s][info ][gc,heap        ] GC(2171) ParNew: 19322K->787K(19648K)
[6.226s][info ][gc,heap        ] GC(2171) CMS: 23839K->25012K(43712K)
[6.226s][info ][gc,metaspace   ] GC(2171) Metaspace: 5340K->5340K(1056768K)
[6.226s][info ][gc             ] GC(2171) Pause Young (Allocation Failure) 42M->25M(61M) 1.509ms
[6.226s][info ][gc,cpu         ] GC(2171) User=0.00s Sys=0.00s Real=0.00s
[6.227s][info ][gc,start       ] GC(2172) Pause Initial Mark
[6.227s][info ][gc             ] GC(2172) Pause Initial Mark 36M->36M(61M) 0.167ms
[6.227s][info ][gc,cpu         ] GC(2172) User=0.00s Sys=0.00s Real=0.00s
[6.227s][info ][gc             ] GC(2172) Concurrent Mark
[6.227s][info ][gc,task        ] GC(2172) Using 2 workers of 2 for marking
[6.228s][info ][gc,start       ] GC(2173) Pause Young (Allocation Failure)
[6.228s][info ][gc,task        ] GC(2173) Using 8 workers of 8 for evacuation
[6.230s][debug][gc,age         ] GC(2173) Desired survivor size 1114112 bytes, new threshold 1 (max threshold 6)
[6.230s][info ][gc,heap        ] GC(2173) ParNew: 17943K->1959K(19648K)
[6.230s][info ][gc,heap        ] GC(2173) CMS: 25012K->25402K(43712K)
[6.230s][info ][gc,metaspace   ] GC(2173) Metaspace: 5340K->5340K(1056768K)
[6.230s][info ][gc             ] GC(2173) Pause Young (Allocation Failure) 41M->26M(61M) 1.750ms
[6.230s][info ][gc,cpu         ] GC(2173) User=0.01s Sys=0.00s Real=0.00s
[6.231s][info ][gc,start       ] GC(2174) Pause Young (Allocation Failure)
[6.231s][info ][gc,task        ] GC(2174) Using 8 workers of 8 for evacuation
[6.233s][debug][gc,age         ] GC(2174) Desired survivor size 1114112 bytes, new threshold 1 (max threshold 6)
[6.233s][info ][gc,heap        ] GC(2174) ParNew: 19431K->1957K(19648K)
[6.233s][info ][gc,heap        ] GC(2174) CMS: 25402K->25794K(43712K)
[6.233s][info ][gc,metaspace   ] GC(2174) Metaspace: 5340K->5340K(1056768K)
[6.233s][info ][gc             ] GC(2174) Pause Young (Allocation Failure) 43M->27M(61M) 1.849ms
[6.233s][info ][gc,cpu         ] GC(2174) User=0.01s Sys=0.00s Real=0.01s
[6.234s][info ][gc             ] GC(2172) Concurrent Mark 6.610ms
[6.234s][info ][gc,cpu         ] GC(2172) User=0.02s Sys=0.01s Real=0.01s
[6.234s][info ][gc             ] GC(2172) Concurrent Preclean
[6.234s][info ][gc             ] GC(2172) Concurrent Preclean 0.180ms
[6.234s][info ][gc,cpu         ] GC(2172) User=0.00s Sys=0.00s Real=0.00s
[6.234s][info ][gc             ] GC(2172) Concurrent Abortable Preclean
[6.235s][info ][gc,start       ] GC(2175) Pause Young (Allocation Failure)
[6.235s][info ][gc,task        ] GC(2175) Using 8 workers of 8 for evacuation
[6.237s][debug][gc,age         ] GC(2175) Desired survivor size 1114112 bytes, new threshold 1 (max threshold 6)
[6.237s][info ][gc,heap        ] GC(2175) ParNew: 19429K->1566K(19648K)
[6.237s][info ][gc,heap        ] GC(2175) CMS: 25794K->26576K(43712K)
[6.237s][info ][gc,metaspace   ] GC(2175) Metaspace: 5340K->5340K(1056768K)
[6.237s][info ][gc             ] GC(2175) Pause Young (Allocation Failure) 44M->27M(61M) 1.996ms
[6.237s][info ][gc,cpu         ] GC(2175) User=0.00s Sys=0.00s Real=0.00s
[6.240s][info ][gc,start       ] GC(2176) Pause Young (Allocation Failure)
[6.240s][info ][gc,task        ] GC(2176) Using 8 workers of 8 for evacuation
[6.240s][debug][gc,age         ] GC(2176) Desired survivor size 1114112 bytes, new threshold 1 (max threshold 6)
[6.240s][info ][gc,heap        ] GC(2176) ParNew: 18791K->1969K(19648K)
[6.240s][info ][gc,heap        ] GC(2176) CMS: 26576K->26576K(43712K)
[6.241s][info ][gc,metaspace   ] GC(2176) Metaspace: 5340K->5340K(1056768K)
[6.241s][info ][gc             ] GC(2176) Pause Young (Allocation Failure) 44M->27M(61M) 0.910ms
[6.241s][info ][gc,cpu         ] GC(2176) User=0.00s Sys=0.00s Real=0.00s
[6.242s][info ][gc,start       ] GC(2177) Pause Young (Allocation Failure)
[6.242s][info ][gc,task        ] GC(2177) Using 8 workers of 8 for evacuation
[6.243s][debug][gc,age         ] GC(2177) Desired survivor size 1114112 bytes, new threshold 1 (max threshold 6)
[6.243s][info ][gc,heap        ] GC(2177) ParNew: 19164K->1967K(19648K)
[6.243s][info ][gc,heap        ] GC(2177) CMS: 26576K->26967K(43712K)
[6.243s][info ][gc,metaspace   ] GC(2177) Metaspace: 5340K->5340K(1056768K)
[6.243s][info ][gc             ] GC(2177) Pause Young (Allocation Failure) 44M->28M(61M) 1.177ms
[6.243s][info ][gc,cpu         ] GC(2177) User=0.01s Sys=0.00s Real=0.00s
[6.244s][info ][gc,start       ] GC(2178) Pause Young (Allocation Failure)
[6.244s][info ][gc,task        ] GC(2178) Using 8 workers of 8 for evacuation
[6.245s][debug][gc,age         ] GC(2178) Desired survivor size 1114112 bytes, new threshold 1 (max threshold 6)
[6.245s][info ][gc,heap        ] GC(2178) ParNew: 19142K->1576K(19648K)
[6.245s][info ][gc,heap        ] GC(2178) CMS: 26967K->26967K(43712K)
[6.245s][info ][gc,metaspace   ] GC(2178) Metaspace: 5340K->5340K(1056768K)
[6.245s][info ][gc             ] GC(2178) Pause Young (Allocation Failure) 45M->27M(61M) 0.391ms
[6.245s][info ][gc,cpu         ] GC(2178) User=0.00s Sys=0.00s Real=0.00s
[6.246s][info ][gc,start       ] GC(2179) Pause Young (Allocation Failure)
[6.246s][info ][gc,task        ] GC(2179) Using 8 workers of 8 for evacuation
[6.247s][debug][gc,age         ] GC(2179) Desired survivor size 1114112 bytes, new threshold 1 (max threshold 6)
[6.247s][info ][gc,heap        ] GC(2179) ParNew: 18690K->1967K(19648K)
[6.247s][info ][gc,heap        ] GC(2179) CMS: 26967K->27748K(43712K)
[6.247s][info ][gc,metaspace   ] GC(2179) Metaspace: 5340K->5340K(1056768K)
[6.247s][info ][gc             ] GC(2179) Pause Young (Allocation Failure) 44M->29M(61M) 1.176ms
[6.247s][info ][gc,cpu         ] GC(2179) User=0.01s Sys=0.00s Real=0.00s
[6.249s][info ][gc,start       ] GC(2180) Pause Young (Allocation Failure)
[6.249s][info ][gc,task        ] GC(2180) Using 8 workers of 8 for evacuation
[6.250s][debug][gc,age         ] GC(2180) Desired survivor size 1114112 bytes, new threshold 1 (max threshold 6)
[6.250s][info ][gc,heap        ] GC(2180) ParNew: 19139K->1967K(19648K)
[6.250s][info ][gc,heap        ] GC(2180) CMS: 27748K->28139K(43712K)
[6.250s][info ][gc,metaspace   ] GC(2180) Metaspace: 5340K->5340K(1056768K)
[6.250s][info ][gc             ] GC(2180) Pause Young (Allocation Failure) 45M->29M(61M) 1.202ms
[6.250s][info ][gc,cpu         ] GC(2180) User=0.00s Sys=0.00s Real=0.00s
[6.252s][info ][gc,start       ] GC(2181) Pause Young (Allocation Failure)
[6.252s][info ][gc,task        ] GC(2181) Using 8 workers of 8 for evacuation
[6.253s][debug][gc,age         ] GC(2181) Desired survivor size 1114112 bytes, new threshold 1 (max threshold 6)
[6.253s][info ][gc,heap        ] GC(2181) ParNew: 19128K->1963K(19648K)
[6.253s][info ][gc,heap        ] GC(2181) CMS: 28139K->28920K(43712K)
[6.253s][info ][gc,metaspace   ] GC(2181) Metaspace: 5340K->5340K(1056768K)
[6.253s][info ][gc             ] GC(2181) Pause Young (Allocation Failure) 46M->30M(61M) 1.347ms
[6.253s][info ][gc,cpu         ] GC(2181) User=0.01s Sys=0.00s Real=0.00s
[6.255s][info ][gc,start       ] GC(2182) Pause Young (Allocation Failure)
[6.255s][info ][gc,task        ] GC(2182) Using 8 workers of 8 for evacuation
[6.256s][debug][gc,age         ] GC(2182) Desired survivor size 1114112 bytes, new threshold 1 (max threshold 6)
[6.256s][info ][gc,heap        ] GC(2182) ParNew: 19078K->1961K(19648K)
[6.256s][info ][gc,heap        ] GC(2182) CMS: 28920K->29311K(43712K)
[6.256s][info ][gc,metaspace   ] GC(2182) Metaspace: 5340K->5340K(1056768K)
[6.256s][info ][gc             ] GC(2182) Pause Young (Allocation Failure) 46M->30M(61M) 1.312ms
[6.256s][info ][gc,cpu         ] GC(2182) User=0.01s Sys=0.00s Real=0.00s
[6.257s][info ][gc,start       ] GC(2183) Pause Young (Allocation Failure)
[6.257s][info ][gc,task        ] GC(2183) Using 8 workers of 8 for evacuation
[6.258s][debug][gc,age         ] GC(2183) Desired survivor size 1114112 bytes, new threshold 1 (max threshold 6)
[6.258s][info ][gc,heap        ] GC(2183) ParNew: 19067K->1969K(19648K)
[6.258s][info ][gc,heap        ] GC(2183) CMS: 29311K->30874K(43712K)
[6.258s][info ][gc,metaspace   ] GC(2183) Metaspace: 5340K->5340K(1056768K)
[6.259s][info ][gc             ] GC(2183) Pause Young (Allocation Failure) 47M->32M(61M) 1.134ms
[6.259s][info ][gc,cpu         ] GC(2183) User=0.00s Sys=0.00s Real=0.00s
[6.260s][info ][gc,start       ] GC(2184) Pause Young (Allocation Failure)
[6.260s][info ][gc,task        ] GC(2184) Using 8 workers of 8 for evacuation
[6.261s][debug][gc,age         ] GC(2184) Desired survivor size 1114112 bytes, new threshold 1 (max threshold 6)
[6.261s][info ][gc,heap        ] GC(2184) ParNew: 19102K->1572K(19648K)
[6.261s][info ][gc,heap        ] GC(2184) CMS: 30874K->31265K(43712K)
[6.261s][info ][gc,metaspace   ] GC(2184) Metaspace: 5340K->5340K(1056768K)
[6.261s][info ][gc             ] GC(2184) Pause Young (Allocation Failure) 48M->32M(61M) 1.273ms
[6.261s][info ][gc,cpu         ] GC(2184) User=0.00s Sys=0.00s Real=0.00s
[6.263s][info ][gc,start       ] GC(2185) Pause Young (Allocation Failure)
[6.263s][info ][gc,task        ] GC(2185) Using 8 workers of 8 for evacuation
[6.263s][debug][gc,age         ] GC(2185) Desired survivor size 1114112 bytes, new threshold 1 (max threshold 6)
[6.263s][info ][gc,heap        ] GC(2185) ParNew: 18750K->1965K(19648K)
[6.263s][info ][gc,heap        ] GC(2185) CMS: 31265K->31265K(43712K)
[6.263s][info ][gc,metaspace   ] GC(2185) Metaspace: 5340K->5340K(1056768K)
[6.263s][info ][gc             ] GC(2185) Pause Young (Allocation Failure) 48M->32M(61M) 0.724ms
[6.263s][info ][gc,cpu         ] GC(2185) User=0.00s Sys=0.00s Real=0.01s
[6.265s][info ][gc,start       ] GC(2186) Pause Young (Allocation Failure)
[6.265s][info ][gc,task        ] GC(2186) Using 8 workers of 8 for evacuation
[6.266s][debug][gc,age         ] GC(2186) Desired survivor size 1114112 bytes, new threshold 1 (max threshold 6)
[6.266s][info ][gc,heap        ] GC(2186) ParNew: 19129K->1961K(19648K)
[6.266s][info ][gc,heap        ] GC(2186) CMS: 31265K->31656K(43712K)
[6.266s][info ][gc,metaspace   ] GC(2186) Metaspace: 5340K->5340K(1056768K)
[6.266s][info ][gc             ] GC(2186) Pause Young (Allocation Failure) 49M->32M(61M) 1.155ms
[6.266s][info ][gc,cpu         ] GC(2186) User=0.01s Sys=0.00s Real=0.00s
[6.267s][info ][gc,start       ] GC(2187) Pause Young (Allocation Failure)
[6.267s][info ][gc,task        ] GC(2187) Using 8 workers of 8 for evacuation
[6.268s][debug][gc,age         ] GC(2187) Desired survivor size 1114112 bytes, new threshold 1 (max threshold 6)
[6.268s][info ][gc,heap        ] GC(2187) ParNew: 19117K->1969K(19648K)
[6.268s][info ][gc,heap        ] GC(2187) CMS: 31656K->32828K(43712K)
[6.268s][info ][gc,metaspace   ] GC(2187) Metaspace: 5340K->5340K(1056768K)
[6.268s][info ][gc             ] GC(2187) Pause Young (Allocation Failure) 49M->33M(61M) 0.819ms
[6.268s][info ][gc,cpu         ] GC(2187) User=0.01s Sys=0.00s Real=0.00s
[6.269s][info ][gc,start       ] GC(2188) Pause Young (Allocation Failure)
[6.269s][info ][gc,task        ] GC(2188) Using 8 workers of 8 for evacuation
[6.270s][debug][gc,age         ] GC(2188) Desired survivor size 1114112 bytes, new threshold 1 (max threshold 6)
[6.270s][info ][gc,heap        ] GC(2188) ParNew: 19119K->1969K(19648K)
[6.270s][info ][gc,heap        ] GC(2188) CMS: 32828K->33218K(43712K)
[6.270s][info ][gc,metaspace   ] GC(2188) Metaspace: 5340K->5340K(1056768K)
[6.270s][info ][gc             ] GC(2188) Pause Young (Allocation Failure) 50M->34M(61M) 0.925ms
[6.270s][info ][gc,cpu         ] GC(2188) User=0.01s Sys=0.00s Real=0.00s
[6.272s][info ][gc,start       ] GC(2189) Pause Young (Allocation Failure)
[6.272s][info ][gc,task        ] GC(2189) Using 8 workers of 8 for evacuation
[6.273s][debug][gc,age         ] GC(2189) Desired survivor size 1114112 bytes, new threshold 1 (max threshold 6)
[6.273s][info ][gc,heap        ] GC(2189) ParNew: 19116K->1969K(19648K)
[6.273s][info ][gc,heap        ] GC(2189) CMS: 33218K->33999K(43712K)
[6.273s][info ][gc,metaspace   ] GC(2189) Metaspace: 5340K->5340K(1056768K)
[6.273s][info ][gc             ] GC(2189) Pause Young (Allocation Failure) 51M->35M(61M) 1.009ms
[6.273s][info ][gc,cpu         ] GC(2189) User=0.00s Sys=0.00s Real=0.00s
[6.274s][info ][gc,start       ] GC(2190) Pause Young (Allocation Failure)
[6.274s][info ][gc,task        ] GC(2190) Using 8 workers of 8 for evacuation
[6.275s][debug][gc,age         ] GC(2190) Desired survivor size 1114112 bytes, new threshold 1 (max threshold 6)
[6.275s][info ][gc,heap        ] GC(2190) ParNew: 19080K->1965K(19648K)
[6.275s][info ][gc,heap        ] GC(2190) CMS: 33999K->34390K(43712K)
[6.275s][info ][gc,metaspace   ] GC(2190) Metaspace: 5340K->5340K(1056768K)
[6.276s][info ][gc             ] GC(2190) Pause Young (Allocation Failure) 51M->35M(61M) 1.270ms
[6.276s][info ][gc,cpu         ] GC(2190) User=0.00s Sys=0.00s Real=0.00s
[6.278s][info ][gc,start       ] GC(2191) Pause Young (Allocation Failure)
[6.278s][info ][gc,task        ] GC(2191) Using 8 workers of 8 for evacuation
[6.280s][debug][gc,age         ] GC(2191) Desired survivor size 1114112 bytes, new threshold 1 (max threshold 6)
[6.280s][info ][gc,heap        ] GC(2191) ParNew: 19411K->1957K(19648K)
[6.280s][info ][gc,heap        ] GC(2191) CMS: 34390K->35172K(43712K)
[6.280s][info ][gc,metaspace   ] GC(2191) Metaspace: 5340K->5340K(1056768K)
[6.280s][info ][gc             ] GC(2191) Pause Young (Allocation Failure) 52M->36M(61M) 2.122ms
[6.280s][info ][gc,cpu         ] GC(2191) User=0.01s Sys=0.00s Real=0.00s
[6.282s][info ][gc,start       ] GC(2192) Pause Young (Allocation Failure)
[6.282s][info ][gc,task        ] GC(2192) Using 8 workers of 8 for evacuation
[6.284s][debug][gc,age         ] GC(2192) Desired survivor size 1114112 bytes, new threshold 1 (max threshold 6)
[6.284s][info ][gc,heap        ] GC(2192) ParNew: 19393K->1175K(19648K)
[6.284s][info ][gc,heap        ] GC(2192) CMS: 35172K->36736K(43712K)
[6.284s][info ][gc,metaspace   ] GC(2192) Metaspace: 5340K->5340K(1056768K)
[6.284s][info ][gc             ] GC(2192) Pause Young (Allocation Failure) 53M->37M(61M) 2.159ms
[6.284s][info ][gc,cpu         ] GC(2192) User=0.01s Sys=0.00s Real=0.01s
[6.287s][info ][gc,start       ] GC(2193) Pause Young (Allocation Failure)
[6.287s][info ][gc,task        ] GC(2193) Using 8 workers of 8 for evacuation
[6.288s][debug][gc,age         ] GC(2193) Desired survivor size 1114112 bytes, new threshold 1 (max threshold 6)
[6.288s][info ][gc,heap        ] GC(2193) ParNew: 18325K->1969K(19648K)
[6.288s][info ][gc,heap        ] GC(2193) CMS: 36736K->37518K(43712K)
[6.288s][info ][gc,metaspace   ] GC(2193) Metaspace: 5340K->5340K(1056768K)
[6.288s][info ][gc             ] GC(2193) Pause Young (Allocation Failure) 53M->38M(61M) 0.762ms
[6.288s][info ][gc,cpu         ] GC(2193) User=0.00s Sys=0.00s Real=0.00s
[6.289s][info ][gc,start       ] GC(2194) Pause Young (Allocation Failure)
[6.289s][info ][gc,task        ] GC(2194) Using 8 workers of 8 for evacuation
[6.290s][debug][gc,age         ] GC(2194) Desired survivor size 1114112 bytes, new threshold 1 (max threshold 6)
[6.290s][info ][gc,heap        ] GC(2194) ParNew: 19185K->1965K(19648K)
[6.290s][info ][gc,heap        ] GC(2194) CMS: 37518K->37909K(43712K)
[6.290s][info ][gc,metaspace   ] GC(2194) Metaspace: 5340K->5340K(1056768K)
[6.290s][info ][gc             ] GC(2194) Pause Young (Allocation Failure) 55M->38M(61M) 0.540ms
[6.290s][info ][gc,cpu         ] GC(2194) User=0.00s Sys=0.00s Real=0.00s
[6.291s][info ][gc,start       ] GC(2195) Pause Young (Allocation Failure)
[6.291s][info ][gc,task        ] GC(2195) Using 8 workers of 8 for evacuation
[6.293s][debug][gc,age         ] GC(2195) Desired survivor size 1114112 bytes, new threshold 1 (max threshold 6)
[6.293s][info ][gc,heap        ] GC(2195) ParNew: 19110K->1961K(19648K)
[6.293s][info ][gc,heap        ] GC(2195) CMS: 37909K->38300K(43712K)
[6.293s][info ][gc,metaspace   ] GC(2195) Metaspace: 5340K->5340K(1056768K)
[6.293s][info ][gc             ] GC(2195) Pause Young (Allocation Failure) 55M->39M(61M) 1.497ms
[6.293s][info ][gc,cpu         ] GC(2195) User=0.00s Sys=0.00s Real=0.00s
[6.294s][info ][gc,start       ] GC(2196) Pause Young (Allocation Failure)
[6.294s][info ][gc,task        ] GC(2196) Using 8 workers of 8 for evacuation
[6.295s][debug][gc,age         ] GC(2196) Desired survivor size 1114112 bytes, new threshold 1 (max threshold 6)
[6.296s][info ][gc,heap        ] GC(2196) ParNew: 19148K->1179K(19648K)
[6.296s][info ][gc,heap        ] GC(2196) CMS: 38300K->38691K(43712K)
[6.296s][info ][gc,metaspace   ] GC(2196) Metaspace: 5340K->5340K(1056768K)
[6.296s][info ][gc             ] GC(2196) Pause Young (Allocation Failure) 56M->38M(61M) 1.532ms
[6.296s][info ][gc,cpu         ] GC(2196) User=0.00s Sys=0.00s Real=0.00s
[6.297s][info ][gc,start       ] GC(2197) Pause Young (Allocation Failure)
[6.297s][info ][gc,task        ] GC(2197) Using 8 workers of 8 for evacuation
[6.298s][debug][gc,age         ] GC(2197) Desired survivor size 1114112 bytes, new threshold 1 (max threshold 6)
[6.298s][info ][gc,heap        ] GC(2197) ParNew: 18350K->1967K(19648K)
[6.298s][info ][gc,heap        ] GC(2197) CMS: 38691K->39081K(43712K)
[6.298s][info ][gc,metaspace   ] GC(2197) Metaspace: 5340K->5340K(1056768K)
[6.298s][info ][gc             ] GC(2197) Pause Young (Allocation Failure) 55M->40M(61M) 1.283ms
[6.298s][info ][gc,cpu         ] GC(2197) User=0.01s Sys=0.00s Real=0.00s
[6.300s][info ][gc,start       ] GC(2198) Pause Young (Allocation Failure)
[6.300s][info ][gc,task        ] GC(2198) Using 8 workers of 8 for evacuation
[6.301s][debug][gc,age         ] GC(2198) Desired survivor size 1114112 bytes, new threshold 1 (max threshold 6)
[6.301s][info ][gc,heap        ] GC(2198) ParNew: 19127K->1967K(19648K)
[6.301s][info ][gc,heap        ] GC(2198) CMS: 39081K->39863K(43712K)
[6.301s][info ][gc,metaspace   ] GC(2198) Metaspace: 5340K->5340K(1056768K)
[6.301s][info ][gc             ] GC(2198) Pause Young (Allocation Failure) 56M->40M(61M) 0.990ms
[6.301s][info ][gc,cpu         ] GC(2198) User=0.01s Sys=0.00s Real=0.00s
[6.302s][info ][gc,start       ] GC(2199) Pause Young (Allocation Failure)
[6.302s][info ][gc,task        ] GC(2199) Using 8 workers of 8 for evacuation
[6.303s][debug][gc,age         ] GC(2199) Desired survivor size 1114112 bytes, new threshold 1 (max threshold 6)
[6.303s][info ][gc,heap        ] GC(2199) ParNew: 19120K->1969K(19648K)
[6.303s][info ][gc,heap        ] GC(2199) CMS: 39863K->40254K(43712K)
[6.303s][info ][gc,metaspace   ] GC(2199) Metaspace: 5340K->5340K(1056768K)
[6.303s][info ][gc             ] GC(2199) Pause Young (Allocation Failure) 57M->41M(61M) 0.593ms
[6.303s][info ][gc,cpu         ] GC(2199) User=0.00s Sys=0.00s Real=0.00s
[6.304s][info ][gc,start       ] GC(2200) Pause Young (Allocation Failure)
[6.305s][info ][gc,task        ] GC(2200) Using 8 workers of 8 for evacuation
[6.305s][debug][gc,age         ] GC(2200) Desired survivor size 1114112 bytes, new threshold 1 (max threshold 6)
[6.305s][info ][gc,heap        ] GC(2200) ParNew: 19118K->1967K(19648K)
[6.305s][info ][gc,heap        ] GC(2200) CMS: 40254K->40644K(43712K)
[6.305s][info ][gc,metaspace   ] GC(2200) Metaspace: 5340K->5340K(1056768K)
[6.305s][info ][gc             ] GC(2200) Pause Young (Allocation Failure) 57M->41M(61M) 0.623ms
[6.305s][info ][gc,cpu         ] GC(2200) User=0.00s Sys=0.00s Real=0.00s
[6.306s][info ][gc,start       ] GC(2201) Pause Young (Allocation Failure)
[6.307s][info ][gc,task        ] GC(2201) Using 8 workers of 8 for evacuation
[6.307s][debug][gc,age         ] GC(2201) Desired survivor size 1114112 bytes, new threshold 1 (max threshold 6)
[6.307s][info ][gc,heap        ] GC(2201) ParNew: 19113K->1967K(19648K)
[6.307s][info ][gc,heap        ] GC(2201) CMS: 40644K->41816K(43712K)
[6.307s][info ][gc,metaspace   ] GC(2201) Metaspace: 5340K->5340K(1056768K)
[6.307s][info ][gc             ] GC(2201) Pause Young (Allocation Failure) 58M->42M(61M) 0.574ms
[6.307s][info ][gc,cpu         ] GC(2201) User=0.00s Sys=0.00s Real=0.00s
[6.309s][info ][gc,start       ] GC(2202) Pause Young (Allocation Failure)
[6.309s][info ][gc,task        ] GC(2202) Using 8 workers of 8 for evacuation
[6.309s][debug][gc,age         ] GC(2202) Desired survivor size 1114112 bytes, new threshold 1 (max threshold 6)
[6.309s][info ][gc,heap        ] GC(2202) ParNew: 19111K->1969K(19648K)
[6.309s][info ][gc,heap        ] GC(2202) CMS: 41816K->42598K(43712K)
[6.309s][info ][gc,metaspace   ] GC(2202) Metaspace: 5340K->5340K(1056768K)
[6.309s][info ][gc             ] GC(2202) Pause Young (Allocation Failure) 59M->43M(61M) 0.521ms
[6.309s][info ][gc,cpu         ] GC(2202) User=0.00s Sys=0.00s Real=0.00s
[6.309s][info ][gc             ] GC(2172) Concurrent Abortable Preclean 74.871ms
[6.309s][info ][gc,cpu         ] GC(2172) User=0.33s Sys=0.01s Real=0.07s
[6.309s][info ][gc,start       ] GC(2172) Pause Remark
[6.310s][debug][gc,phases      ] GC(2172) Rescan (parallel) 0.812ms
[6.310s][debug][gc,phases      ] GC(2172) Reference Processing 0.011ms
[6.310s][debug][gc,phases      ] GC(2172) Weak Processing 0.003ms
[6.310s][debug][gc,phases      ] GC(2172) ClassLoaderData 0.008ms
[6.310s][debug][gc,phases      ] GC(2172) ProtectionDomainCacheTable 0.002ms
[6.310s][debug][gc,phases      ] GC(2172) ResolvedMethodTable 0.006ms
[6.310s][debug][gc,phases      ] GC(2172) Class Unloading 0.168ms
[6.311s][debug][gc,phases      ] GC(2172) Scrub Symbol Table 0.430ms
[6.311s][debug][gc,phases      ] GC(2172) Scrub String Table 0.019ms
[6.311s][info ][gc             ] GC(2172) Pause Remark 44M->44M(61M) 1.543ms
[6.311s][info ][gc,cpu         ] GC(2172) User=0.01s Sys=0.00s Real=0.00s
[6.311s][info ][gc             ] GC(2172) Concurrent Sweep
[6.312s][info ][gc             ] GC(2172) Concurrent Sweep 0.670ms
[6.312s][info ][gc,cpu         ] GC(2172) User=0.00s Sys=0.00s Real=0.00s
[6.312s][info ][gc             ] GC(2172) Concurrent Reset
[6.312s][info ][gc             ] GC(2172) Concurrent Reset 0.144ms
[6.312s][info ][gc,cpu         ] GC(2172) User=0.00s Sys=0.00s Real=0.00s
[6.312s][info ][gc,heap        ] GC(2172) Old: 25012K->19150K(43712K)
[6.312s][info ][gc,start       ] GC(2203) Pause Young (Allocation Failure)
[6.312s][info ][gc,task        ] GC(2203) Using 8 workers of 8 for evacuation
[6.314s][debug][gc,age         ] GC(2203) Desired survivor size 1114112 bytes, new threshold 1 (max threshold 6)
[6.314s][info ][gc,heap        ] GC(2203) ParNew: 19112K->1961K(19648K)
[6.314s][info ][gc,heap        ] GC(2203) CMS: 19150K->19931K(43712K)
[6.314s][info ][gc,metaspace   ] GC(2203) Metaspace: 5340K->5340K(1056768K)
[6.314s][info ][gc             ] GC(2203) Pause Young (Allocation Failure) 37M->21M(61M) 1.312ms
[6.314s][info ][gc,cpu         ] GC(2203) User=0.01s Sys=0.00s Real=0.01s
[6.315s][info ][gc,start       ] GC(2204) Pause Young (Allocation Failure)
[6.315s][info ][gc,task        ] GC(2204) Using 8 workers of 8 for evacuation
[6.316s][debug][gc,age         ] GC(2204) Desired survivor size 1114112 bytes, new threshold 1 (max threshold 6)
[6.316s][info ][gc,heap        ] GC(2204) ParNew: 19103K->1184K(19648K)
[6.316s][info ][gc,heap        ] GC(2204) CMS: 19931K->20322K(43712K)
[6.316s][info ][gc,metaspace   ] GC(2204) Metaspace: 5340K->5340K(1056768K)
[6.316s][info ][gc             ] GC(2204) Pause Young (Allocation Failure) 38M->21M(61M) 0.663ms
[6.316s][info ][gc,cpu         ] GC(2204) User=0.01s Sys=0.00s Real=0.00s
[6.317s][info ][gc,start       ] GC(2205) Pause Young (Allocation Failure)
[6.317s][info ][gc,task        ] GC(2205) Using 8 workers of 8 for evacuation
[6.318s][debug][gc,age         ] GC(2205) Desired survivor size 1114112 bytes, new threshold 1 (max threshold 6)
[6.318s][info ][gc,heap        ] GC(2205) ParNew: 18552K->1574K(19648K)
[6.318s][info ][gc,heap        ] GC(2205) CMS: 20322K->21105K(43712K)
[6.318s][info ][gc,metaspace   ] GC(2205) Metaspace: 5340K->5340K(1056768K)
[6.318s][info ][gc             ] GC(2205) Pause Young (Allocation Failure) 37M->22M(61M) 1.214ms
[6.318s][info ][gc,cpu         ] GC(2205) User=0.01s Sys=0.00s Real=0.00s
[6.320s][info ][gc,start       ] GC(2206) Pause Young (Allocation Failure)
[6.320s][info ][gc,task        ] GC(2206) Using 8 workers of 8 for evacuation
[6.321s][debug][gc,age         ] GC(2206) Desired survivor size 1114112 bytes, new threshold 1 (max threshold 6)
[6.321s][info ][gc,heap        ] GC(2206) ParNew: 18728K->1963K(19648K)
[6.321s][info ][gc,heap        ] GC(2206) CMS: 21105K->21496K(43712K)
[6.321s][info ][gc,metaspace   ] GC(2206) Metaspace: 5340K->5340K(1056768K)
[6.321s][info ][gc             ] GC(2206) Pause Young (Allocation Failure) 38M->22M(61M) 1.228ms
[6.321s][info ][gc,cpu         ] GC(2206) User=0.01s Sys=0.00s Real=0.00s
[6.323s][info ][gc,start       ] GC(2207) Pause Young (Allocation Failure)
[6.323s][info ][gc,task        ] GC(2207) Using 8 workers of 8 for evacuation
[6.324s][debug][gc,age         ] GC(2207) Desired survivor size 1114112 bytes, new threshold 1 (max threshold 6)
[6.324s][info ][gc,heap        ] GC(2207) ParNew: 19084K->1570K(19648K)
[6.324s][info ][gc,heap        ] GC(2207) CMS: 21496K->22278K(43712K)
[6.324s][info ][gc,metaspace   ] GC(2207) Metaspace: 5340K->5340K(1056768K)
[6.324s][info ][gc             ] GC(2207) Pause Young (Allocation Failure) 39M->23M(61M) 1.455ms
[6.324s][info ][gc,cpu         ] GC(2207) User=0.00s Sys=0.01s Real=0.01s
[6.326s][info ][gc,start       ] GC(2208) Pause Young (Allocation Failure)
[6.326s][info ][gc,task        ] GC(2208) Using 8 workers of 8 for evacuation
[6.328s][debug][gc,age         ] GC(2208) Desired survivor size 1114112 bytes, new threshold 1 (max threshold 6)
[6.328s][info ][gc,heap        ] GC(2208) ParNew: 19042K->1957K(19648K)
[6.328s][info ][gc,heap        ] GC(2208) CMS: 22278K->23059K(43712K)
[6.328s][info ][gc,metaspace   ] GC(2208) Metaspace: 5340K->5340K(1056768K)
[6.328s][info ][gc             ] GC(2208) Pause Young (Allocation Failure) 40M->24M(61M) 1.801ms
[6.328s][info ][gc,cpu         ] GC(2208) User=0.00s Sys=0.00s Real=0.00s
[6.329s][info ][gc,start       ] GC(2209) Pause Young (Allocation Failure)
[6.329s][info ][gc,task        ] GC(2209) Using 8 workers of 8 for evacuation
[6.331s][debug][gc,age         ] GC(2209) Desired survivor size 1114112 bytes, new threshold 1 (max threshold 6)
[6.331s][info ][gc,heap        ] GC(2209) ParNew: 19344K->1572K(19648K)
[6.331s][info ][gc,heap        ] GC(2209) CMS: 23059K->24623K(43712K)
[6.331s][info ][gc,metaspace   ] GC(2209) Metaspace: 5340K->5340K(1056768K)
[6.331s][info ][gc             ] GC(2209) Pause Young (Allocation Failure) 41M->25M(61M) 1.392ms
[6.331s][info ][gc,cpu         ] GC(2209) User=0.01s Sys=0.00s Real=0.00s
[6.332s][info ][gc,start       ] GC(2210) Pause Initial Mark
[6.332s][info ][gc             ] GC(2210) Pause Initial Mark 27M->27M(61M) 0.220ms
[6.332s][info ][gc,cpu         ] GC(2210) User=0.00s Sys=0.00s Real=0.00s
[6.332s][info ][gc             ] GC(2210) Concurrent Mark
[6.332s][info ][gc,task        ] GC(2210) Using 2 workers of 2 for marking
[6.334s][info ][gc,start       ] GC(2211) Pause Young (Allocation Failure)
[6.334s][info ][gc,task        ] GC(2211) Using 8 workers of 8 for evacuation
[6.335s][debug][gc,age         ] GC(2211) Desired survivor size 1114112 bytes, new threshold 1 (max threshold 6)
[6.335s][info ][gc,heap        ] GC(2211) ParNew: 18837K->1963K(19648K)
[6.335s][info ][gc,heap        ] GC(2211) CMS: 24623K->24623K(43712K)
[6.335s][info ][gc,metaspace   ] GC(2211) Metaspace: 5340K->5340K(1056768K)
[6.335s][info ][gc             ] GC(2211) Pause Young (Allocation Failure) 42M->25M(61M) 0.799ms
[6.335s][info ][gc,cpu         ] GC(2211) User=0.00s Sys=0.00s Real=0.00s
[6.336s][info ][gc,start       ] GC(2212) Pause Young (Allocation Failure)
[6.336s][info ][gc,task        ] GC(2212) Using 8 workers of 8 for evacuation
[6.337s][debug][gc,age         ] GC(2212) Desired survivor size 1114112 bytes, new threshold 1 (max threshold 6)
[6.337s][info ][gc,heap        ] GC(2212) ParNew: 19089K->1963K(19648K)
[6.337s][info ][gc,heap        ] GC(2212) CMS: 24623K->25015K(43712K)
[6.337s][info ][gc,metaspace   ] GC(2212) Metaspace: 5340K->5340K(1056768K)
[6.337s][info ][gc             ] GC(2212) Pause Young (Allocation Failure) 42M->26M(61M) 0.892ms
[6.337s][info ][gc,cpu         ] GC(2212) User=0.00s Sys=0.00s Real=0.00s
[6.337s][info ][gc             ] GC(2210) Concurrent Mark 4.944ms
[6.337s][info ][gc,cpu         ] GC(2210) User=0.02s Sys=0.00s Real=0.01s
[6.337s][info ][gc             ] GC(2210) Concurrent Preclean
[6.338s][info ][gc             ] GC(2210) Concurrent Preclean 0.164ms
[6.338s][info ][gc,cpu         ] GC(2210) User=0.00s Sys=0.00s Real=0.00s
[6.338s][info ][gc             ] GC(2210) Concurrent Abortable Preclean
[6.339s][info ][gc,start       ] GC(2213) Pause Young (Allocation Failure)
[6.339s][info ][gc,task        ] GC(2213) Using 8 workers of 8 for evacuation
[6.340s][debug][gc,age         ] GC(2213) Desired survivor size 1114112 bytes, new threshold 1 (max threshold 6)
[6.340s][info ][gc,heap        ] GC(2213) ParNew: 19141K->1967K(19648K)
[6.340s][info ][gc,heap        ] GC(2213) CMS: 25015K->25796K(43712K)
[6.340s][info ][gc,metaspace   ] GC(2213) Metaspace: 5340K->5340K(1056768K)
[6.340s][info ][gc             ] GC(2213) Pause Young (Allocation Failure) 43M->27M(61M) 1.072ms
[6.340s][info ][gc,cpu         ] GC(2213) User=0.01s Sys=0.00s Real=0.00s
[6.341s][info ][gc,start       ] GC(2214) Pause Young (Allocation Failure)
[6.341s][info ][gc,task        ] GC(2214) Using 8 workers of 8 for evacuation
[6.342s][debug][gc,age         ] GC(2214) Desired survivor size 1114112 bytes, new threshold 1 (max threshold 6)
[6.342s][info ][gc,heap        ] GC(2214) ParNew: 19179K->1969K(19648K)
[6.342s][info ][gc,heap        ] GC(2214) CMS: 25796K->26578K(43712K)
[6.342s][info ][gc,metaspace   ] GC(2214) Metaspace: 5340K->5340K(1056768K)
[6.342s][info ][gc             ] GC(2214) Pause Young (Allocation Failure) 43M->27M(61M) 0.653ms
[6.342s][info ][gc,cpu         ] GC(2214) User=0.01s Sys=0.00s Real=0.00s
[6.343s][info ][gc,start       ] GC(2215) Pause Young (Allocation Failure)
[6.343s][info ][gc,task        ] GC(2215) Using 8 workers of 8 for evacuation
[6.344s][debug][gc,age         ] GC(2215) Desired survivor size 1114112 bytes, new threshold 1 (max threshold 6)
[6.344s][info ][gc,heap        ] GC(2215) ParNew: 19155K->1969K(19648K)
[6.344s][info ][gc,heap        ] GC(2215) CMS: 26578K->26578K(43712K)
[6.344s][info ][gc,metaspace   ] GC(2215) Metaspace: 5340K->5340K(1056768K)
[6.344s][info ][gc             ] GC(2215) Pause Young (Allocation Failure) 44M->27M(61M) 0.869ms
[6.344s][info ][gc,cpu         ] GC(2215) User=0.01s Sys=0.00s Real=0.01s
[6.345s][info ][gc,start       ] GC(2216) Pause Young (Allocation Failure)
[6.345s][info ][gc,task        ] GC(2216) Using 8 workers of 8 for evacuation
[6.346s][debug][gc,age         ] GC(2216) Desired survivor size 1114112 bytes, new threshold 1 (max threshold 6)
[6.346s][info ][gc,heap        ] GC(2216) ParNew: 19139K->1186K(19648K)
[6.346s][info ][gc,heap        ] GC(2216) CMS: 26578K->26578K(43712K)
[6.346s][info ][gc,metaspace   ] GC(2216) Metaspace: 5340K->5340K(1056768K)
[6.346s][info ][gc             ] GC(2216) Pause Young (Allocation Failure) 44M->27M(61M) 1.187ms
[6.346s][info ][gc,cpu         ] GC(2216) User=0.00s Sys=0.00s Real=0.00s
[6.348s][info ][gc,start       ] GC(2217) Pause Young (Allocation Failure)
[6.348s][info ][gc,task        ] GC(2217) Using 8 workers of 8 for evacuation
[6.349s][debug][gc,age         ] GC(2217) Desired survivor size 1114112 bytes, new threshold 1 (max threshold 6)
[6.349s][info ][gc,heap        ] GC(2217) ParNew: 18306K->1969K(19648K)
[6.349s][info ][gc,heap        ] GC(2217) CMS: 26578K->26969K(43712K)
[6.349s][info ][gc,metaspace   ] GC(2217) Metaspace: 5340K->5340K(1056768K)
[6.349s][info ][gc             ] GC(2217) Pause Young (Allocation Failure) 43M->28M(61M) 1.342ms
[6.349s][info ][gc,cpu         ] GC(2217) User=0.00s Sys=0.00s Real=0.00s
[6.351s][info ][gc,start       ] GC(2218) Pause Young (Allocation Failure)
[6.351s][info ][gc,task        ] GC(2218) Using 8 workers of 8 for evacuation
[6.351s][debug][gc,age         ] GC(2218) Desired survivor size 1114112 bytes, new threshold 1 (max threshold 6)
[6.351s][info ][gc,heap        ] GC(2218) ParNew: 19135K->1967K(19648K)
[6.351s][info ][gc,heap        ] GC(2218) CMS: 26969K->27750K(43712K)
[6.351s][info ][gc,metaspace   ] GC(2218) Metaspace: 5340K->5340K(1056768K)
[6.351s][info ][gc             ] GC(2218) Pause Young (Allocation Failure) 45M->29M(61M) 0.545ms
[6.351s][info ][gc,cpu         ] GC(2218) User=0.00s Sys=0.00s Real=0.00s
[6.353s][info ][gc,start       ] GC(2219) Pause Young (Allocation Failure)
[6.353s][info ][gc,task        ] GC(2219) Using 8 workers of 8 for evacuation
[6.354s][debug][gc,age         ] GC(2219) Desired survivor size 1114112 bytes, new threshold 1 (max threshold 6)
[6.354s][info ][gc,heap        ] GC(2219) ParNew: 19327K->1570K(19648K)
[6.354s][info ][gc,heap        ] GC(2219) CMS: 27750K->28532K(43712K)
[6.354s][info ][gc,metaspace   ] GC(2219) Metaspace: 5340K->5340K(1056768K)
[6.354s][info ][gc             ] GC(2219) Pause Young (Allocation Failure) 45M->29M(61M) 1.337ms
[6.354s][info ][gc,cpu         ] GC(2219) User=0.00s Sys=0.00s Real=0.01s
[6.356s][info ][gc,start       ] GC(2220) Pause Young (Allocation Failure)
[6.356s][info ][gc,task        ] GC(2220) Using 8 workers of 8 for evacuation
[6.356s][debug][gc,age         ] GC(2220) Desired survivor size 1114112 bytes, new threshold 1 (max threshold 6)
[6.356s][info ][gc,heap        ] GC(2220) ParNew: 18785K->1969K(19648K)
[6.356s][info ][gc,heap        ] GC(2220) CMS: 28532K->29314K(43712K)
[6.356s][info ][gc,metaspace   ] GC(2220) Metaspace: 5340K->5340K(1056768K)
[6.356s][info ][gc             ] GC(2220) Pause Young (Allocation Failure) 46M->30M(61M) 0.537ms
[6.356s][info ][gc,cpu         ] GC(2220) User=0.00s Sys=0.00s Real=0.00s
[6.358s][info ][gc,start       ] GC(2221) Pause Young (Allocation Failure)
[6.358s][info ][gc,task        ] GC(2221) Using 8 workers of 8 for evacuation
[6.359s][debug][gc,age         ] GC(2221) Desired survivor size 1114112 bytes, new threshold 1 (max threshold 6)
[6.359s][info ][gc,heap        ] GC(2221) ParNew: 19157K->1965K(19648K)
[6.359s][info ][gc,heap        ] GC(2221) CMS: 29314K->30095K(43712K)
[6.359s][info ][gc,metaspace   ] GC(2221) Metaspace: 5340K->5340K(1056768K)
[6.359s][info ][gc             ] GC(2221) Pause Young (Allocation Failure) 47M->31M(61M) 1.079ms
[6.359s][info ][gc,cpu         ] GC(2221) User=0.01s Sys=0.00s Real=0.00s
[6.360s][info ][gc,start       ] GC(2222) Pause Young (Allocation Failure)
[6.360s][info ][gc,task        ] GC(2222) Using 8 workers of 8 for evacuation
[6.362s][debug][gc,age         ] GC(2222) Desired survivor size 1114112 bytes, new threshold 1 (max threshold 6)
[6.362s][info ][gc,heap        ] GC(2222) ParNew: 19136K->1959K(19648K)
[6.362s][info ][gc,heap        ] GC(2222) CMS: 30095K->31267K(43712K)
[6.362s][info ][gc,metaspace   ] GC(2222) Metaspace: 5340K->5340K(1056768K)
[6.362s][info ][gc             ] GC(2222) Pause Young (Allocation Failure) 48M->32M(61M) 1.476ms
[6.362s][info ][gc,cpu         ] GC(2222) User=0.01s Sys=0.00s Real=0.00s
[6.363s][info ][gc,start       ] GC(2223) Pause Young (Allocation Failure)
[6.363s][info ][gc,task        ] GC(2223) Using 8 workers of 8 for evacuation
[6.364s][debug][gc,age         ] GC(2223) Desired survivor size 1114112 bytes, new threshold 1 (max threshold 6)
[6.364s][info ][gc,heap        ] GC(2223) ParNew: 19372K->1959K(19648K)
[6.364s][info ][gc,heap        ] GC(2223) CMS: 31267K->32049K(43712K)
[6.364s][info ][gc,metaspace   ] GC(2223) Metaspace: 5340K->5340K(1056768K)
[6.364s][info ][gc             ] GC(2223) Pause Young (Allocation Failure) 49M->33M(61M) 0.992ms
[6.364s][info ][gc,cpu         ] GC(2223) User=0.01s Sys=0.00s Real=0.00s
[6.366s][info ][gc,start       ] GC(2224) Pause Young (Allocation Failure)
[6.366s][info ][gc,task        ] GC(2224) Using 8 workers of 8 for evacuation
[6.367s][debug][gc,age         ] GC(2224) Desired survivor size 1114112 bytes, new threshold 1 (max threshold 6)
[6.367s][info ][gc,heap        ] GC(2224) ParNew: 19048K->1965K(19648K)
[6.367s][info ][gc,heap        ] GC(2224) CMS: 32049K->32440K(43712K)
[6.367s][info ][gc,metaspace   ] GC(2224) Metaspace: 5340K->5340K(1056768K)
[6.367s][info ][gc             ] GC(2224) Pause Young (Allocation Failure) 49M->33M(61M) 1.705ms
[6.367s][info ][gc,cpu         ] GC(2224) User=0.01s Sys=0.00s Real=0.00s
[6.370s][info ][gc,start       ] GC(2225) Pause Young (Allocation Failure)
[6.370s][info ][gc,task        ] GC(2225) Using 8 workers of 8 for evacuation
[6.372s][debug][gc,age         ] GC(2225) Desired survivor size 1114112 bytes, new threshold 6 (max threshold 6)
[6.372s][info ][gc,heap        ] GC(2225) ParNew: 19254K->392K(19648K)
[6.372s][info ][gc,heap        ] GC(2225) CMS: 32440K->34395K(43712K)
[6.372s][info ][gc,metaspace   ] GC(2225) Metaspace: 5340K->5340K(1056768K)
[6.372s][info ][gc             ] GC(2225) Pause Young (Allocation Failure) 50M->33M(61M) 2.055ms
[6.372s][info ][gc,cpu         ] GC(2225) User=0.00s Sys=0.00s Real=0.00s
[6.374s][info ][gc,start       ] GC(2226) Pause Young (Allocation Failure)
[6.375s][info ][gc,task        ] GC(2226) Using 8 workers of 8 for evacuation
[6.377s][debug][gc,age         ] GC(2226) Desired survivor size 1114112 bytes, new threshold 6 (max threshold 6)
[6.377s][info ][gc,heap        ] GC(2226) ParNew: 17725K->783K(19648K)
[6.377s][info ][gc,heap        ] GC(2226) CMS: 34395K->34395K(43712K)
[6.377s][info ][gc,metaspace   ] GC(2226) Metaspace: 5340K->5340K(1056768K)
[6.377s][info ][gc             ] GC(2226) Pause Young (Allocation Failure) 50M->34M(61M) 2.920ms
[6.377s][info ][gc,cpu         ] GC(2226) User=0.01s Sys=0.00s Real=0.00s
[6.379s][info ][gc,start       ] GC(2227) Pause Young (Allocation Failure)
[6.379s][info ][gc,task        ] GC(2227) Using 8 workers of 8 for evacuation
[6.380s][debug][gc,age         ] GC(2227) Desired survivor size 1114112 bytes, new threshold 1 (max threshold 6)
[6.380s][info ][gc,heap        ] GC(2227) ParNew: 18158K->1959K(19648K)
[6.380s][info ][gc,heap        ] GC(2227) CMS: 34395K->34785K(43712K)
[6.380s][info ][gc,metaspace   ] GC(2227) Metaspace: 5340K->5340K(1056768K)
[6.380s][info ][gc             ] GC(2227) Pause Young (Allocation Failure) 51M->35M(61M) 1.410ms
[6.380s][info ][gc,cpu         ] GC(2227) User=0.01s Sys=0.00s Real=0.00s
[6.382s][info ][gc,start       ] GC(2228) Pause Young (Allocation Failure)
[6.382s][info ][gc,task        ] GC(2228) Using 8 workers of 8 for evacuation
[6.383s][debug][gc,age         ] GC(2228) Desired survivor size 1114112 bytes, new threshold 1 (max threshold 6)
[6.383s][info ][gc,heap        ] GC(2228) ParNew: 19211K->1967K(19648K)
[6.383s][info ][gc,heap        ] GC(2228) CMS: 34785K->35177K(43712K)
[6.383s][info ][gc,metaspace   ] GC(2228) Metaspace: 5340K->5340K(1056768K)
[6.383s][info ][gc             ] GC(2228) Pause Young (Allocation Failure) 52M->36M(61M) 1.430ms
[6.383s][info ][gc,cpu         ] GC(2228) User=0.00s Sys=0.00s Real=0.01s
[6.385s][info ][gc,start       ] GC(2229) Pause Young (Allocation Failure)
[6.385s][info ][gc,task        ] GC(2229) Using 8 workers of 8 for evacuation
[6.385s][debug][gc,age         ] GC(2229) Desired survivor size 1114112 bytes, new threshold 1 (max threshold 6)
[6.385s][info ][gc,heap        ] GC(2229) ParNew: 19218K->1963K(19648K)
[6.385s][info ][gc,heap        ] GC(2229) CMS: 35177K->35567K(43712K)
[6.385s][info ][gc,metaspace   ] GC(2229) Metaspace: 5340K->5340K(1056768K)
[6.385s][info ][gc             ] GC(2229) Pause Young (Allocation Failure) 53M->36M(61M) 0.765ms
[6.385s][info ][gc,cpu         ] GC(2229) User=0.00s Sys=0.00s Real=0.00s
[6.387s][info ][gc,start       ] GC(2230) Pause Young (Allocation Failure)
[6.387s][info ][gc,task        ] GC(2230) Using 8 workers of 8 for evacuation
[6.388s][debug][gc,age         ] GC(2230) Desired survivor size 1114112 bytes, new threshold 1 (max threshold 6)
[6.388s][info ][gc,heap        ] GC(2230) ParNew: 19174K->1969K(19648K)
[6.388s][info ][gc,heap        ] GC(2230) CMS: 35567K->36739K(43712K)
[6.388s][info ][gc,metaspace   ] GC(2230) Metaspace: 5340K->5340K(1056768K)
[6.388s][info ][gc             ] GC(2230) Pause Young (Allocation Failure) 53M->37M(61M) 1.108ms
[6.388s][info ][gc,cpu         ] GC(2230) User=0.01s Sys=0.00s Real=0.00s
[6.389s][info ][gc,start       ] GC(2231) Pause Young (Allocation Failure)
[6.389s][info ][gc,task        ] GC(2231) Using 8 workers of 8 for evacuation
[6.390s][debug][gc,age         ] GC(2231) Desired survivor size 1114112 bytes, new threshold 1 (max threshold 6)
[6.390s][info ][gc,heap        ] GC(2231) ParNew: 19155K->1574K(19648K)
[6.390s][info ][gc,heap        ] GC(2231) CMS: 36739K->36739K(43712K)
[6.390s][info ][gc,metaspace   ] GC(2231) Metaspace: 5340K->5340K(1056768K)
[6.390s][info ][gc             ] GC(2231) Pause Young (Allocation Failure) 54M->37M(61M) 0.713ms
[6.390s][info ][gc,cpu         ] GC(2231) User=0.00s Sys=0.00s Real=0.00s
[6.391s][info ][gc,start       ] GC(2232) Pause Young (Allocation Failure)
[6.392s][info ][gc,task        ] GC(2232) Using 8 workers of 8 for evacuation
[6.392s][debug][gc,age         ] GC(2232) Desired survivor size 1114112 bytes, new threshold 1 (max threshold 6)
[6.392s][info ][gc,heap        ] GC(2232) ParNew: 18744K->1967K(19648K)
[6.392s][info ][gc,heap        ] GC(2232) CMS: 36739K->37130K(43712K)
[6.392s][info ][gc,metaspace   ] GC(2232) Metaspace: 5340K->5340K(1056768K)
[6.393s][info ][gc             ] GC(2232) Pause Young (Allocation Failure) 54M->38M(61M) 1.128ms
[6.393s][info ][gc,cpu         ] GC(2232) User=0.00s Sys=0.00s Real=0.00s
[6.394s][info ][gc,start       ] GC(2233) Pause Young (Allocation Failure)
[6.394s][info ][gc,task        ] GC(2233) Using 8 workers of 8 for evacuation
[6.395s][debug][gc,age         ] GC(2233) Desired survivor size 1114112 bytes, new threshold 1 (max threshold 6)
[6.395s][info ][gc,heap        ] GC(2233) ParNew: 19126K->1969K(19648K)
[6.395s][info ][gc,heap        ] GC(2233) CMS: 37130K->37912K(43712K)
[6.395s][info ][gc,metaspace   ] GC(2233) Metaspace: 5340K->5340K(1056768K)
[6.395s][info ][gc             ] GC(2233) Pause Young (Allocation Failure) 54M->38M(61M) 0.776ms
[6.395s][info ][gc,cpu         ] GC(2233) User=0.00s Sys=0.00s Real=0.00s
[6.396s][info ][gc,start       ] GC(2234) Pause Young (Allocation Failure)
[6.396s][info ][gc,task        ] GC(2234) Using 8 workers of 8 for evacuation
[6.397s][debug][gc,age         ] GC(2234) Desired survivor size 1114112 bytes, new threshold 1 (max threshold 6)
[6.397s][info ][gc,heap        ] GC(2234) ParNew: 19122K->1969K(19648K)
[6.397s][info ][gc,heap        ] GC(2234) CMS: 37912K->37912K(43712K)
[6.397s][info ][gc,metaspace   ] GC(2234) Metaspace: 5340K->5340K(1056768K)
[6.397s][info ][gc             ] GC(2234) Pause Young (Allocation Failure) 55M->38M(61M) 1.037ms
[6.397s][info ][gc,cpu         ] GC(2234) User=0.00s Sys=0.00s Real=0.00s
[6.398s][info ][gc,start       ] GC(2235) Pause Young (Allocation Failure)
[6.399s][info ][gc,task        ] GC(2235) Using 8 workers of 8 for evacuation
[6.400s][debug][gc,age         ] GC(2235) Desired survivor size 1114112 bytes, new threshold 1 (max threshold 6)
[6.400s][info ][gc,heap        ] GC(2235) ParNew: 19117K->1963K(19648K)
[6.400s][info ][gc,heap        ] GC(2235) CMS: 37912K->38303K(43712K)
[6.400s][info ][gc,metaspace   ] GC(2235) Metaspace: 5340K->5340K(1056768K)
[6.400s][info ][gc             ] GC(2235) Pause Young (Allocation Failure) 55M->39M(61M) 1.471ms
[6.400s][info ][gc,cpu         ] GC(2235) User=0.01s Sys=0.00s Real=0.00s
[6.402s][info ][gc,start       ] GC(2236) Pause Young (Allocation Failure)
[6.402s][info ][gc,task        ] GC(2236) Using 8 workers of 8 for evacuation
[6.403s][debug][gc,age         ] GC(2236) Desired survivor size 1114112 bytes, new threshold 1 (max threshold 6)
[6.403s][info ][gc,heap        ] GC(2236) ParNew: 19421K->1961K(19648K)
[6.403s][info ][gc,heap        ] GC(2236) CMS: 38303K->39085K(43712K)
[6.403s][info ][gc,metaspace   ] GC(2236) Metaspace: 5340K->5340K(1056768K)
[6.403s][info ][gc             ] GC(2236) Pause Young (Allocation Failure) 56M->40M(61M) 1.503ms
[6.403s][info ][gc,cpu         ] GC(2236) User=0.01s Sys=0.00s Real=0.01s
[6.404s][info ][gc,start       ] GC(2237) Pause Young (Allocation Failure)
[6.404s][info ][gc,task        ] GC(2237) Using 8 workers of 8 for evacuation
[6.406s][debug][gc,age         ] GC(2237) Desired survivor size 1114112 bytes, new threshold 1 (max threshold 6)
[6.406s][info ][gc,heap        ] GC(2237) ParNew: 19107K->1957K(19648K)
[6.406s][info ][gc,heap        ] GC(2237) CMS: 39085K->39866K(43712K)
[6.406s][info ][gc,metaspace   ] GC(2237) Metaspace: 5340K->5340K(1056768K)
[6.406s][info ][gc             ] GC(2237) Pause Young (Allocation Failure) 56M->40M(61M) 1.693ms
[6.406s][info ][gc,cpu         ] GC(2237) User=0.01s Sys=0.00s Real=0.00s
[6.408s][info ][gc,start       ] GC(2238) Pause Young (Allocation Failure)
[6.408s][info ][gc,task        ] GC(2238) Using 8 workers of 8 for evacuation
[6.410s][debug][gc,age         ] GC(2238) Desired survivor size 1114112 bytes, new threshold 1 (max threshold 6)
[6.410s][info ][gc,heap        ] GC(2238) ParNew: 19327K->1177K(19648K)
[6.410s][info ][gc,heap        ] GC(2238) CMS: 39866K->41430K(43712K)
[6.410s][info ][gc,metaspace   ] GC(2238) Metaspace: 5340K->5340K(1056768K)
[6.410s][info ][gc             ] GC(2238) Pause Young (Allocation Failure) 57M->41M(61M) 1.927ms
[6.410s][info ][gc,cpu         ] GC(2238) User=0.01s Sys=0.00s Real=0.00s
[6.412s][info ][gc,start       ] GC(2239) Pause Young (Allocation Failure)
[6.412s][info ][gc,task        ] GC(2239) Using 8 workers of 8 for evacuation
[6.413s][debug][gc,age         ] GC(2239) Desired survivor size 1114112 bytes, new threshold 1 (max threshold 6)
[6.413s][info ][gc,heap        ] GC(2239) ParNew: 18405K->1570K(19648K)
[6.413s][info ][gc,heap        ] GC(2239) CMS: 41430K->41821K(43712K)
[6.413s][info ][gc,metaspace   ] GC(2239) Metaspace: 5340K->5340K(1056768K)
[6.413s][info ][gc             ] GC(2239) Pause Young (Allocation Failure) 58M->42M(61M) 1.537ms
[6.413s][info ][gc,cpu         ] GC(2239) User=0.00s Sys=0.00s Real=0.01s
[6.416s][info ][gc,start       ] GC(2240) Pause Young (Allocation Failure)
[6.416s][info ][gc,task        ] GC(2240) Using 8 workers of 8 for evacuation
[6.417s][debug][gc,age         ] GC(2240) Desired survivor size 1114112 bytes, new threshold 1 (max threshold 6)
[6.417s][info ][gc,heap        ] GC(2240) ParNew: 19014K->1182K(19648K)
[6.417s][info ][gc,heap        ] GC(2240) CMS: 41821K->42213K(43712K)
[6.417s][info ][gc,metaspace   ] GC(2240) Metaspace: 5340K->5340K(1056768K)
[6.417s][info ][gc             ] GC(2240) Pause Young (Allocation Failure) 59M->42M(61M) 1.407ms
[6.417s][info ][gc,cpu         ] GC(2240) User=0.00s Sys=0.00s Real=0.00s
[6.419s][info ][gc,start       ] GC(2241) Pause Young (Allocation Failure)
[6.419s][info ][gc,task        ] GC(2241) Using 8 workers of 8 for evacuation
[6.420s][debug][gc,age         ] GC(2241) Desired survivor size 1114112 bytes, new threshold 1 (max threshold 6)
[6.420s][info ][gc,heap        ] GC(2241) ParNew: 18298K->1175K(19648K)
[6.420s][info ][gc,heap        ] GC(2241) CMS: 42213K->42213K(43712K)
[6.420s][info ][gc,metaspace   ] GC(2241) Metaspace: 5340K->5340K(1056768K)
[6.420s][info ][gc             ] GC(2241) Pause Young (Allocation Failure) 59M->42M(61M) 1.511ms
[6.420s][info ][gc,cpu         ] GC(2241) User=0.00s Sys=0.00s Real=0.00s
[6.422s][info ][gc,start       ] GC(2242) Pause Young (Allocation Failure)
[6.422s][info ][gc,task        ] GC(2242) Using 8 workers of 8 for evacuation
[6.423s][debug][gc,age         ] GC(2242) Desired survivor size 1114112 bytes, new threshold 1 (max threshold 6)
[6.423s][info ][gc,heap        ] GC(2242) ParNew: 18357K->1574K(19648K)
[6.423s][info ][gc,heap        ] GC(2242) CMS: 42213K->42213K(43712K)
[6.423s][info ][gc,metaspace   ] GC(2242) Metaspace: 5340K->5340K(1056768K)
[6.423s][info ][gc             ] GC(2242) Pause Young (Allocation Failure) 59M->42M(61M) 1.602ms
[6.423s][info ][gc,cpu         ] GC(2242) User=0.01s Sys=0.00s Real=0.01s
[6.426s][info ][gc,start       ] GC(2243) Pause Young (Allocation Failure)
[6.426s][info ][gc,task        ] GC(2243) Using 8 workers of 8 for evacuation
[6.427s][info ][gc,promotion   ] Promotion failed
[6.428s][info ][gc,start       ] GC(2244) Pause Full (Allocation Failure)
[6.428s][info ][gc             ] GC(2210) Concurrent Abortable Preclean 89.994ms
[6.428s][info ][gc,cpu         ] GC(2210) User=0.36s Sys=0.02s Real=0.09s
[6.428s][info ][gc,phases,start] GC(2244) Phase 1: Mark live objects
[6.430s][debug][gc,phases      ] GC(2244) Reference Processing 0.037ms
[6.430s][debug][gc,phases      ] GC(2244) Weak Processing 0.008ms
[6.430s][debug][gc,phases      ] GC(2244) ClassLoaderData 0.015ms
[6.430s][debug][gc,phases      ] GC(2244) ProtectionDomainCacheTable 0.003ms
[6.430s][debug][gc,phases      ] GC(2244) ResolvedMethodTable 0.008ms
[6.431s][debug][gc,phases      ] GC(2244) Class Unloading 1.361ms
[6.431s][debug][gc,phases      ] GC(2244) Scrub String Table 0.037ms
[6.432s][debug][gc,phases      ] GC(2244) Scrub Symbol Table 0.921ms
[6.432s][info ][gc,phases      ] GC(2244) Phase 1: Mark live objects 4.272ms
[6.432s][info ][gc,phases,start] GC(2244) Phase 2: Compute new object addresses
[6.433s][info ][gc,phases      ] GC(2244) Phase 2: Compute new object addresses 0.536ms
[6.433s][info ][gc,phases,start] GC(2244) Phase 3: Adjust pointers
[6.434s][info ][gc,phases      ] GC(2244) Phase 3: Adjust pointers 1.229ms
[6.434s][info ][gc,phases,start] GC(2244) Phase 4: Move objects
[6.434s][info ][gc,phases      ] GC(2244) Phase 4: Move objects 0.596ms
[6.435s][info ][gc             ] GC(2244) Pause Full (Allocation Failure) 60M->4M(61M) 7.049ms
[6.435s][info ][gc,heap        ] GC(2243) ParNew: 18741K->0K(19648K)
[6.435s][info ][gc,heap        ] GC(2243) CMS: 42213K->4674K(43712K)
[6.435s][info ][gc,metaspace   ] GC(2243) Metaspace: 5340K->5340K(1056768K)
[6.435s][info ][gc             ] GC(2243) Pause Young (Allocation Failure) 59M->4M(61M) 9.070ms
[6.435s][info ][gc,cpu         ] GC(2243) User=0.01s Sys=0.00s Real=0.01s
[6.437s][info ][gc,start       ] GC(2245) Pause Young (Allocation Failure)
[6.437s][info ][gc,task        ] GC(2245) Using 8 workers of 8 for evacuation
[6.438s][debug][gc,age         ] GC(2245) Desired survivor size 1114112 bytes, new threshold 6 (max threshold 6)
[6.438s][info ][gc,heap        ] GC(2245) ParNew: 17417K->394K(19648K)
[6.438s][info ][gc,heap        ] GC(2245) CMS: 4674K->4674K(43712K)
[6.438s][info ][gc,metaspace   ] GC(2245) Metaspace: 5340K->5340K(1056768K)
[6.438s][info ][gc             ] GC(2245) Pause Young (Allocation Failure) 21M->4M(61M) 1.437ms
[6.438s][info ][gc,cpu         ] GC(2245) User=0.00s Sys=0.00s Real=0.00s
[6.440s][info ][gc,start       ] GC(2246) Pause Young (Allocation Failure)
[6.440s][info ][gc,task        ] GC(2246) Using 8 workers of 8 for evacuation
[6.441s][debug][gc,age         ] GC(2246) Desired survivor size 1114112 bytes, new threshold 1 (max threshold 6)
[6.441s][info ][gc,heap        ] GC(2246) ParNew: 17644K->1965K(19648K)
[6.441s][info ][gc,heap        ] GC(2246) CMS: 4674K->4674K(43712K)
[6.441s][info ][gc,metaspace   ] GC(2246) Metaspace: 5340K->5340K(1056768K)
[6.441s][info ][gc             ] GC(2246) Pause Young (Allocation Failure) 21M->6M(61M) 1.380ms
[6.441s][info ][gc,cpu         ] GC(2246) User=0.01s Sys=0.00s Real=0.00s
[6.443s][info ][gc,start       ] GC(2247) Pause Young (Allocation Failure)
[6.443s][info ][gc,task        ] GC(2247) Using 8 workers of 8 for evacuation
[6.445s][debug][gc,age         ] GC(2247) Desired survivor size 1114112 bytes, new threshold 1 (max threshold 6)
[6.445s][info ][gc,heap        ] GC(2247) ParNew: 19176K->1967K(19648K)
[6.445s][info ][gc,heap        ] GC(2247) CMS: 4674K->5078K(43712K)
[6.445s][info ][gc,metaspace   ] GC(2247) Metaspace: 5340K->5340K(1056768K)
[6.445s][info ][gc             ] GC(2247) Pause Young (Allocation Failure) 23M->6M(61M) 1.716ms
[6.445s][info ][gc,cpu         ] GC(2247) User=0.01s Sys=0.00s Real=0.00s
[6.447s][info ][gc,start       ] GC(2248) Pause Young (Allocation Failure)
[6.447s][info ][gc,task        ] GC(2248) Using 8 workers of 8 for evacuation
[6.449s][debug][gc,age         ] GC(2248) Desired survivor size 1114112 bytes, new threshold 1 (max threshold 6)
[6.449s][info ][gc,heap        ] GC(2248) ParNew: 19439K->1564K(19648K)
[6.449s][info ][gc,heap        ] GC(2248) CMS: 5078K->5860K(43712K)
[6.449s][info ][gc,metaspace   ] GC(2248) Metaspace: 5340K->5340K(1056768K)
[6.449s][info ][gc             ] GC(2248) Pause Young (Allocation Failure) 23M->7M(61M) 2.417ms
[6.449s][info ][gc,cpu         ] GC(2248) User=0.01s Sys=0.00s Real=0.00s
[6.450s][info ][gc,start       ] GC(2249) Pause Young (Allocation Failure)
[6.450s][info ][gc,task        ] GC(2249) Using 8 workers of 8 for evacuation
[6.452s][debug][gc,age         ] GC(2249) Desired survivor size 1114112 bytes, new threshold 1 (max threshold 6)
[6.452s][info ][gc,heap        ] GC(2249) ParNew: 18736K->1961K(19648K)
[6.452s][info ][gc,heap        ] GC(2249) CMS: 5860K->6643K(43712K)
[6.452s][info ][gc,metaspace   ] GC(2249) Metaspace: 5340K->5340K(1056768K)
[6.452s][info ][gc             ] GC(2249) Pause Young (Allocation Failure) 24M->8M(61M) 1.463ms
[6.452s][info ][gc,cpu         ] GC(2249) User=0.01s Sys=0.00s Real=0.00s
[6.454s][info ][gc,start       ] GC(2250) Pause Young (Allocation Failure)
[6.454s][info ][gc,task        ] GC(2250) Using 8 workers of 8 for evacuation
[6.455s][debug][gc,age         ] GC(2250) Desired survivor size 1114112 bytes, new threshold 1 (max threshold 6)
[6.455s][info ][gc,heap        ] GC(2250) ParNew: 19153K->1967K(19648K)
[6.455s][info ][gc,heap        ] GC(2250) CMS: 6643K->8206K(43712K)
[6.455s][info ][gc,metaspace   ] GC(2250) Metaspace: 5340K->5340K(1056768K)
[6.455s][info ][gc             ] GC(2250) Pause Young (Allocation Failure) 25M->9M(61M) 1.656ms
[6.455s][info ][gc,cpu         ] GC(2250) User=0.00s Sys=0.00s Real=0.00s
[6.457s][info ][gc,start       ] GC(2251) Pause Young (Allocation Failure)
[6.457s][info ][gc,task        ] GC(2251) Using 8 workers of 8 for evacuation
[6.458s][debug][gc,age         ] GC(2251) Desired survivor size 1114112 bytes, new threshold 1 (max threshold 6)
[6.458s][info ][gc,heap        ] GC(2251) ParNew: 19140K->1961K(19648K)
[6.458s][info ][gc,heap        ] GC(2251) CMS: 8206K->8206K(43712K)
[6.458s][info ][gc,metaspace   ] GC(2251) Metaspace: 5340K->5340K(1056768K)
[6.458s][info ][gc             ] GC(2251) Pause Young (Allocation Failure) 26M->9M(61M) 1.268ms
[6.458s][info ][gc,cpu         ] GC(2251) User=0.00s Sys=0.00s Real=0.00s
[6.460s][info ][gc,start       ] GC(2252) Pause Young (Allocation Failure)
[6.460s][info ][gc,task        ] GC(2252) Using 8 workers of 8 for evacuation
[6.461s][debug][gc,age         ] GC(2252) Desired survivor size 1114112 bytes, new threshold 6 (max threshold 6)
[6.461s][info ][gc,heap        ] GC(2252) ParNew: 19266K->787K(19648K)
[6.461s][info ][gc,heap        ] GC(2252) CMS: 8206K->8989K(43712K)
[6.461s][info ][gc,metaspace   ] GC(2252) Metaspace: 5340K->5340K(1056768K)
[6.461s][info ][gc             ] GC(2252) Pause Young (Allocation Failure) 26M->9M(61M) 1.675ms
[6.461s][info ][gc,cpu         ] GC(2252) User=0.00s Sys=0.00s Real=0.00s
[6.463s][info ][gc,start       ] GC(2253) Pause Young (Allocation Failure)
[6.463s][info ][gc,task        ] GC(2253) Using 8 workers of 8 for evacuation
[6.464s][debug][gc,age         ] GC(2253) Desired survivor size 1114112 bytes, new threshold 1 (max threshold 6)
[6.464s][info ][gc,heap        ] GC(2253) ParNew: 18029K->1179K(19648K)
[6.464s][info ][gc,heap        ] GC(2253) CMS: 8989K->8989K(43712K)
[6.464s][info ][gc,metaspace   ] GC(2253) Metaspace: 5340K->5340K(1056768K)
[6.464s][info ][gc             ] GC(2253) Pause Young (Allocation Failure) 26M->9M(61M) 1.115ms
[6.464s][info ][gc,cpu         ] GC(2253) User=0.00s Sys=0.00s Real=0.01s
[6.466s][info ][gc,start       ] GC(2254) Pause Young (Allocation Failure)
[6.466s][info ][gc,task        ] GC(2254) Using 8 workers of 8 for evacuation
[6.467s][debug][gc,age         ] GC(2254) Desired survivor size 1114112 bytes, new threshold 1 (max threshold 6)
[6.467s][info ][gc,heap        ] GC(2254) ParNew: 18338K->1965K(19648K)
[6.467s][info ][gc,heap        ] GC(2254) CMS: 8989K->9380K(43712K)
[6.467s][info ][gc,metaspace   ] GC(2254) Metaspace: 5340K->5340K(1056768K)
[6.467s][info ][gc             ] GC(2254) Pause Young (Allocation Failure) 26M->11M(61M) 1.583ms
[6.467s][info ][gc,cpu         ] GC(2254) User=0.01s Sys=0.00s Real=0.00s
[6.469s][info ][gc,start       ] GC(2255) Pause Young (Allocation Failure)
[6.469s][info ][gc,task        ] GC(2255) Using 8 workers of 8 for evacuation
[6.470s][debug][gc,age         ] GC(2255) Desired survivor size 1114112 bytes, new threshold 1 (max threshold 6)
[6.470s][info ][gc,heap        ] GC(2255) ParNew: 19128K->1965K(19648K)
[6.470s][info ][gc,heap        ] GC(2255) CMS: 9380K->10161K(43712K)
[6.470s][info ][gc,metaspace   ] GC(2255) Metaspace: 5340K->5340K(1056768K)
[6.470s][info ][gc             ] GC(2255) Pause Young (Allocation Failure) 27M->11M(61M) 1.175ms
[6.470s][info ][gc,cpu         ] GC(2255) User=0.01s Sys=0.00s Real=0.00s
[6.471s][info ][gc,start       ] GC(2256) Pause Young (Allocation Failure)
[6.471s][info ][gc,task        ] GC(2256) Using 8 workers of 8 for evacuation
[6.473s][debug][gc,age         ] GC(2256) Desired survivor size 1114112 bytes, new threshold 1 (max threshold 6)
[6.473s][info ][gc,heap        ] GC(2256) ParNew: 19353K->1959K(19648K)
[6.473s][info ][gc,heap        ] GC(2256) CMS: 10161K->11335K(43712K)
[6.473s][info ][gc,metaspace   ] GC(2256) Metaspace: 5340K->5340K(1056768K)
[6.473s][info ][gc             ] GC(2256) Pause Young (Allocation Failure) 28M->12M(61M) 1.464ms
[6.473s][info ][gc,cpu         ] GC(2256) User=0.01s Sys=0.00s Real=0.00s
[6.474s][info ][gc,start       ] GC(2257) Pause Young (Allocation Failure)
[6.474s][info ][gc,task        ] GC(2257) Using 8 workers of 8 for evacuation
[6.475s][debug][gc,age         ] GC(2257) Desired survivor size 1114112 bytes, new threshold 1 (max threshold 6)
[6.475s][info ][gc,heap        ] GC(2257) ParNew: 19201K->1959K(19648K)
[6.475s][info ][gc,heap        ] GC(2257) CMS: 11335K->11726K(43712K)
[6.475s][info ][gc,metaspace   ] GC(2257) Metaspace: 5340K->5340K(1056768K)
[6.475s][info ][gc             ] GC(2257) Pause Young (Allocation Failure) 29M->13M(61M) 1.245ms
[6.475s][info ][gc,cpu         ] GC(2257) User=0.01s Sys=0.00s Real=0.00s
[6.477s][info ][gc,start       ] GC(2258) Pause Young (Allocation Failure)
[6.477s][info ][gc,task        ] GC(2258) Using 8 workers of 8 for evacuation
[6.478s][debug][gc,age         ] GC(2258) Desired survivor size 1114112 bytes, new threshold 1 (max threshold 6)
[6.478s][info ][gc,heap        ] GC(2258) ParNew: 19431K->1572K(19648K)
[6.478s][info ][gc,heap        ] GC(2258) CMS: 11726K->12508K(43712K)
[6.478s][info ][gc,metaspace   ] GC(2258) Metaspace: 5340K->5340K(1056768K)
[6.478s][info ][gc             ] GC(2258) Pause Young (Allocation Failure) 30M->13M(61M) 1.138ms
[6.478s][info ][gc,cpu         ] GC(2258) User=0.00s Sys=0.00s Real=0.00s
[6.480s][info ][gc,start       ] GC(2259) Pause Young (Allocation Failure)
[6.480s][info ][gc,task        ] GC(2259) Using 8 workers of 8 for evacuation
[6.481s][debug][gc,age         ] GC(2259) Desired survivor size 1114112 bytes, new threshold 1 (max threshold 6)
[6.481s][info ][gc,heap        ] GC(2259) ParNew: 18795K->1965K(19648K)
[6.481s][info ][gc,heap        ] GC(2259) CMS: 12508K->12899K(43712K)
[6.481s][info ][gc,metaspace   ] GC(2259) Metaspace: 5340K->5340K(1056768K)
[6.481s][info ][gc             ] GC(2259) Pause Young (Allocation Failure) 30M->14M(61M) 1.527ms
[6.481s][info ][gc,cpu         ] GC(2259) User=0.00s Sys=0.00s Real=0.00s
[6.483s][info ][gc,start       ] GC(2260) Pause Young (Allocation Failure)
[6.483s][info ][gc,task        ] GC(2260) Using 8 workers of 8 for evacuation
[6.484s][debug][gc,age         ] GC(2260) Desired survivor size 1114112 bytes, new threshold 1 (max threshold 6)
[6.484s][info ][gc,heap        ] GC(2260) ParNew: 19158K->1965K(19648K)
[6.484s][info ][gc,heap        ] GC(2260) CMS: 12899K->13681K(43712K)
[6.484s][info ][gc,metaspace   ] GC(2260) Metaspace: 5340K->5340K(1056768K)
[6.484s][info ][gc             ] GC(2260) Pause Young (Allocation Failure) 31M->15M(61M) 1.030ms
[6.484s][info ][gc,cpu         ] GC(2260) User=0.00s Sys=0.00s Real=0.01s
[6.485s][info ][gc,start       ] GC(2261) Pause Young (Allocation Failure)
[6.485s][info ][gc,task        ] GC(2261) Using 8 workers of 8 for evacuation
[6.486s][debug][gc,age         ] GC(2261) Desired survivor size 1114112 bytes, new threshold 1 (max threshold 6)
[6.486s][info ][gc,heap        ] GC(2261) ParNew: 19380K->1570K(19648K)
[6.486s][info ][gc,heap        ] GC(2261) CMS: 13681K->14462K(43712K)
[6.486s][info ][gc,metaspace   ] GC(2261) Metaspace: 5340K->5340K(1056768K)
[6.486s][info ][gc             ] GC(2261) Pause Young (Allocation Failure) 32M->15M(61M) 0.938ms
[6.486s][info ][gc,cpu         ] GC(2261) User=0.00s Sys=0.00s Real=0.00s
[6.488s][info ][gc,start       ] GC(2262) Pause Young (Allocation Failure)
[6.488s][info ][gc,task        ] GC(2262) Using 8 workers of 8 for evacuation
[6.489s][debug][gc,age         ] GC(2262) Desired survivor size 1114112 bytes, new threshold 1 (max threshold 6)
[6.489s][info ][gc,heap        ] GC(2262) ParNew: 19024K->1574K(19648K)
[6.489s][info ][gc,heap        ] GC(2262) CMS: 14462K->14853K(43712K)
[6.489s][info ][gc,metaspace   ] GC(2262) Metaspace: 5340K->5340K(1056768K)
[6.489s][info ][gc             ] GC(2262) Pause Young (Allocation Failure) 32M->16M(61M) 0.761ms
[6.489s][info ][gc,cpu         ] GC(2262) User=0.00s Sys=0.00s Real=0.00s
[6.490s][info ][gc,start       ] GC(2263) Pause Young (Allocation Failure)
[6.490s][info ][gc,task        ] GC(2263) Using 8 workers of 8 for evacuation
[6.492s][debug][gc,age         ] GC(2263) Desired survivor size 1114112 bytes, new threshold 1 (max threshold 6)
[6.492s][info ][gc,heap        ] GC(2263) ParNew: 19035K->1182K(19648K)
[6.492s][info ][gc,heap        ] GC(2263) CMS: 14853K->14853K(43712K)
[6.492s][info ][gc,metaspace   ] GC(2263) Metaspace: 5340K->5340K(1056768K)
[6.492s][info ][gc             ] GC(2263) Pause Young (Allocation Failure) 33M->15M(61M) 1.287ms
[6.492s][info ][gc,cpu         ] GC(2263) User=0.01s Sys=0.00s Real=0.00s
[6.493s][info ][gc,start       ] GC(2264) Pause Young (Allocation Failure)
[6.493s][info ][gc,task        ] GC(2264) Using 8 workers of 8 for evacuation
[6.494s][debug][gc,age         ] GC(2264) Desired survivor size 1114112 bytes, new threshold 1 (max threshold 6)
[6.494s][info ][gc,heap        ] GC(2264) ParNew: 18450K->1961K(19648K)
[6.494s][info ][gc,heap        ] GC(2264) CMS: 14853K->15635K(43712K)
[6.494s][info ][gc,metaspace   ] GC(2264) Metaspace: 5340K->5340K(1056768K)
[6.494s][info ][gc             ] GC(2264) Pause Young (Allocation Failure) 32M->17M(61M) 1.268ms
[6.494s][info ][gc,cpu         ] GC(2264) User=0.00s Sys=0.00s Real=0.00s
[6.496s][info ][gc,start       ] GC(2265) Pause Young (Allocation Failure)
[6.496s][info ][gc,task        ] GC(2265) Using 8 workers of 8 for evacuation
[6.497s][debug][gc,age         ] GC(2265) Desired survivor size 1114112 bytes, new threshold 6 (max threshold 6)
[6.497s][info ][gc,heap        ] GC(2265) ParNew: 19417K->789K(19648K)
[6.497s][info ][gc,heap        ] GC(2265) CMS: 15635K->16027K(43712K)
[6.497s][info ][gc,metaspace   ] GC(2265) Metaspace: 5340K->5340K(1056768K)
[6.497s][info ][gc             ] GC(2265) Pause Young (Allocation Failure) 34M->16M(61M) 1.253ms
[6.497s][info ][gc,cpu         ] GC(2265) User=0.00s Sys=0.00s Real=0.00s
[6.498s][info ][gc,start       ] GC(2266) Pause Young (Allocation Failure)
[6.498s][info ][gc,task        ] GC(2266) Using 8 workers of 8 for evacuation
[6.500s][debug][gc,age         ] GC(2266) Desired survivor size 1114112 bytes, new threshold 1 (max threshold 6)
[6.500s][info ][gc,heap        ] GC(2266) ParNew: 18038K->1961K(19648K)
[6.500s][info ][gc,heap        ] GC(2266) CMS: 16027K->16808K(43712K)
[6.500s][info ][gc,metaspace   ] GC(2266) Metaspace: 5340K->5340K(1056768K)
[6.500s][info ][gc             ] GC(2266) Pause Young (Allocation Failure) 33M->18M(61M) 1.528ms
[6.500s][info ][gc,cpu         ] GC(2266) User=0.00s Sys=0.00s Real=0.00s
[6.501s][info ][gc,start       ] GC(2267) Pause Young (Allocation Failure)
[6.501s][info ][gc,task        ] GC(2267) Using 8 workers of 8 for evacuation
[6.503s][debug][gc,age         ] GC(2267) Desired survivor size 1114112 bytes, new threshold 1 (max threshold 6)
[6.503s][info ][gc,heap        ] GC(2267) ParNew: 19171K->1963K(19648K)
[6.503s][info ][gc,heap        ] GC(2267) CMS: 16808K->17981K(43712K)
[6.503s][info ][gc,metaspace   ] GC(2267) Metaspace: 5340K->5340K(1056768K)
[6.503s][info ][gc             ] GC(2267) Pause Young (Allocation Failure) 35M->19M(61M) 1.365ms
[6.503s][info ][gc,cpu         ] GC(2267) User=0.00s Sys=0.00s Real=0.00s
[6.504s][info ][gc,start       ] GC(2268) Pause Young (Allocation Failure)
[6.504s][info ][gc,task        ] GC(2268) Using 8 workers of 8 for evacuation
[6.505s][debug][gc,age         ] GC(2268) Desired survivor size 1114112 bytes, new threshold 1 (max threshold 6)
[6.505s][info ][gc,heap        ] GC(2268) ParNew: 19381K->1177K(19648K)
[6.505s][info ][gc,heap        ] GC(2268) CMS: 17981K->19154K(43712K)
[6.505s][info ][gc,metaspace   ] GC(2268) Metaspace: 5340K->5340K(1056768K)
[6.505s][info ][gc             ] GC(2268) Pause Young (Allocation Failure) 36M->19M(61M) 1.205ms
[6.505s][info ][gc,cpu         ] GC(2268) User=0.00s Sys=0.00s Real=0.00s
[6.506s][info ][gc,start       ] GC(2269) Pause Initial Mark
[6.506s][info ][gc             ] GC(2269) Pause Initial Mark 21M->21M(61M) 0.125ms
[6.506s][info ][gc,cpu         ] GC(2269) User=0.00s Sys=0.00s Real=0.00s
[6.506s][info ][gc             ] GC(2269) Concurrent Mark
[6.506s][info ][gc,task        ] GC(2269) Using 2 workers of 2 for marking
[6.507s][info ][gc,start       ] GC(2270) Pause Young (Allocation Failure)
[6.507s][info ][gc,task        ] GC(2270) Using 8 workers of 8 for evacuation
[6.508s][debug][gc,age         ] GC(2270) Desired survivor size 1114112 bytes, new threshold 1 (max threshold 6)
[6.508s][info ][gc,heap        ] GC(2270) ParNew: 18403K->1177K(19648K)
[6.508s][info ][gc,heap        ] GC(2270) CMS: 19154K->19154K(43712K)
[6.508s][info ][gc,metaspace   ] GC(2270) Metaspace: 5340K->5340K(1056768K)
[6.508s][info ][gc             ] GC(2270) Pause Young (Allocation Failure) 36M->19M(61M) 1.112ms
[6.508s][info ][gc,cpu         ] GC(2270) User=0.00s Sys=0.00s Real=0.00s
[6.510s][info ][gc,start       ] GC(2271) Pause Young (Allocation Failure)
[6.510s][info ][gc,task        ] GC(2271) Using 8 workers of 8 for evacuation
[6.511s][debug][gc,age         ] GC(2271) Desired survivor size 1114112 bytes, new threshold 6 (max threshold 6)
[6.511s][info ][gc,heap        ] GC(2271) ParNew: 18266K->789K(19648K)
[6.511s][info ][gc,heap        ] GC(2271) CMS: 19154K->19155K(43712K)
[6.511s][info ][gc,metaspace   ] GC(2271) Metaspace: 5340K->5340K(1056768K)
[6.511s][info ][gc             ] GC(2271) Pause Young (Allocation Failure) 36M->19M(61M) 1.092ms
[6.511s][info ][gc,cpu         ] GC(2271) User=0.01s Sys=0.00s Real=0.00s
[6.511s][info ][gc             ] GC(2269) Concurrent Mark 5.216ms
[6.511s][info ][gc,cpu         ] GC(2269) User=0.03s Sys=0.00s Real=0.00s
[6.511s][info ][gc             ] GC(2269) Concurrent Preclean
[6.511s][info ][gc             ] GC(2269) Concurrent Preclean 0.201ms
[6.511s][info ][gc,cpu         ] GC(2269) User=0.00s Sys=0.00s Real=0.00s
[6.511s][info ][gc             ] GC(2269) Concurrent Abortable Preclean
[6.513s][info ][gc,start       ] GC(2272) Pause Young (Allocation Failure)
[6.513s][info ][gc,task        ] GC(2272) Using 8 workers of 8 for evacuation
[6.514s][debug][gc,age         ] GC(2272) Desired survivor size 1114112 bytes, new threshold 1 (max threshold 6)
[6.514s][info ][gc,heap        ] GC(2272) ParNew: 18003K->1959K(19648K)
[6.514s][info ][gc,heap        ] GC(2272) CMS: 19155K->19936K(43712K)
[6.514s][info ][gc,metaspace   ] GC(2272) Metaspace: 5340K->5340K(1056768K)
[6.514s][info ][gc             ] GC(2272) Pause Young (Allocation Failure) 36M->21M(61M) 1.805ms
[6.514s][info ][gc,cpu         ] GC(2272) User=0.01s Sys=0.00s Real=0.01s
[6.516s][info ][gc,start       ] GC(2273) Pause Young (Allocation Failure)
[6.516s][info ][gc,task        ] GC(2273) Using 8 workers of 8 for evacuation
[6.517s][debug][gc,age         ] GC(2273) Desired survivor size 1114112 bytes, new threshold 1 (max threshold 6)
[6.517s][info ][gc,heap        ] GC(2273) ParNew: 19386K->1179K(19648K)
[6.517s][info ][gc,heap        ] GC(2273) CMS: 19936K->20721K(43712K)
[6.517s][info ][gc,metaspace   ] GC(2273) Metaspace: 5340K->5340K(1056768K)
[6.517s][info ][gc             ] GC(2273) Pause Young (Allocation Failure) 38M->21M(61M) 1.345ms
[6.517s][info ][gc,cpu         ] GC(2273) User=0.01s Sys=0.00s Real=0.00s
[6.519s][info ][gc,start       ] GC(2274) Pause Young (Allocation Failure)
[6.519s][info ][gc,task        ] GC(2274) Using 8 workers of 8 for evacuation
[6.521s][debug][gc,age         ] GC(2274) Desired survivor size 1114112 bytes, new threshold 1 (max threshold 6)
[6.521s][info ][gc,heap        ] GC(2274) ParNew: 18651K->1564K(19648K)
[6.521s][info ][gc,heap        ] GC(2274) CMS: 20721K->21503K(43712K)
[6.521s][info ][gc,metaspace   ] GC(2274) Metaspace: 5340K->5340K(1056768K)
[6.521s][info ][gc             ] GC(2274) Pause Young (Allocation Failure) 38M->22M(61M) 2.274ms
[6.521s][info ][gc,cpu         ] GC(2274) User=0.00s Sys=0.00s Real=0.00s
[6.524s][info ][gc,start       ] GC(2275) Pause Young (Allocation Failure)
[6.524s][info ][gc,task        ] GC(2275) Using 8 workers of 8 for evacuation
[6.525s][debug][gc,age         ] GC(2275) Desired survivor size 1114112 bytes, new threshold 6 (max threshold 6)
[6.525s][info ][gc,heap        ] GC(2275) ParNew: 18872K->787K(19648K)
[6.525s][info ][gc,heap        ] GC(2275) CMS: 21503K->22676K(43712K)
[6.525s][info ][gc,metaspace   ] GC(2275) Metaspace: 5340K->5340K(1056768K)
[6.525s][info ][gc             ] GC(2275) Pause Young (Allocation Failure) 39M->22M(61M) 1.492ms
[6.525s][info ][gc,cpu         ] GC(2275) User=0.01s Sys=0.00s Real=0.00s
[6.527s][info ][gc,start       ] GC(2276) Pause Young (Allocation Failure)
[6.527s][info ][gc,task        ] GC(2276) Using 8 workers of 8 for evacuation
[6.528s][debug][gc,age         ] GC(2276) Desired survivor size 1114112 bytes, new threshold 1 (max threshold 6)
[6.528s][info ][gc,heap        ] GC(2276) ParNew: 18067K->1959K(19648K)
[6.528s][info ][gc,heap        ] GC(2276) CMS: 22676K->23066K(43712K)
[6.528s][info ][gc,metaspace   ] GC(2276) Metaspace: 5340K->5340K(1056768K)
[6.528s][info ][gc             ] GC(2276) Pause Young (Allocation Failure) 39M->24M(61M) 1.492ms
[6.528s][info ][gc,cpu         ] GC(2276) User=0.01s Sys=0.00s Real=0.00s
[6.530s][info ][gc,start       ] GC(2277) Pause Young (Allocation Failure)
[6.530s][info ][gc,task        ] GC(2277) Using 8 workers of 8 for evacuation
[6.532s][debug][gc,age         ] GC(2277) Desired survivor size 1114112 bytes, new threshold 1 (max threshold 6)
[6.532s][info ][gc,heap        ] GC(2277) ParNew: 19143K->1957K(19648K)
[6.532s][info ][gc,heap        ] GC(2277) CMS: 23066K->24239K(43712K)
[6.532s][info ][gc,metaspace   ] GC(2277) Metaspace: 5340K->5340K(1056768K)
[6.532s][info ][gc             ] GC(2277) Pause Young (Allocation Failure) 41M->25M(61M) 1.850ms
[6.532s][info ][gc,cpu         ] GC(2277) User=0.01s Sys=0.00s Real=0.00s
[6.534s][info ][gc,start       ] GC(2278) Pause Young (Allocation Failure)
[6.534s][info ][gc,task        ] GC(2278) Using 8 workers of 8 for evacuation
[6.535s][debug][gc,age         ] GC(2278) Desired survivor size 1114112 bytes, new threshold 1 (max threshold 6)
[6.535s][info ][gc,heap        ] GC(2278) ParNew: 19355K->1566K(19648K)
[6.535s][info ][gc,heap        ] GC(2278) CMS: 24239K->25021K(43712K)
[6.535s][info ][gc,metaspace   ] GC(2278) Metaspace: 5340K->5340K(1056768K)
[6.535s][info ][gc             ] GC(2278) Pause Young (Allocation Failure) 42M->25M(61M) 1.584ms
[6.535s][info ][gc,cpu         ] GC(2278) User=0.00s Sys=0.00s Real=0.00s
[6.539s][info ][gc,start       ] GC(2279) Pause Young (Allocation Failure)
[6.539s][info ][gc,task        ] GC(2279) Using 8 workers of 8 for evacuation
[6.540s][debug][gc,age         ] GC(2279) Desired survivor size 1114112 bytes, new threshold 1 (max threshold 6)
[6.540s][info ][gc,heap        ] GC(2279) ParNew: 19038K->1177K(19648K)
[6.540s][info ][gc,heap        ] GC(2279) CMS: 25021K->26194K(43712K)
[6.540s][info ][gc,metaspace   ] GC(2279) Metaspace: 5340K->5340K(1056768K)
[6.540s][info ][gc             ] GC(2279) Pause Young (Allocation Failure) 43M->26M(61M) 1.554ms
[6.540s][info ][gc,cpu         ] GC(2279) User=0.01s Sys=0.00s Real=0.00s
[6.541s][info ][gc,start       ] GC(2280) Pause Young (Allocation Failure)
[6.542s][info ][gc,task        ] GC(2280) Using 8 workers of 8 for evacuation
[6.543s][debug][gc,age         ] GC(2280) Desired survivor size 1114112 bytes, new threshold 1 (max threshold 6)
[6.543s][info ][gc,heap        ] GC(2280) ParNew: 18352K->1177K(19648K)
[6.543s][info ][gc,heap        ] GC(2280) CMS: 26194K->26977K(43712K)
[6.543s][info ][gc,metaspace   ] GC(2280) Metaspace: 5340K->5340K(1056768K)
[6.543s][info ][gc             ] GC(2280) Pause Young (Allocation Failure) 43M->27M(61M) 1.275ms
[6.543s][info ][gc,cpu         ] GC(2280) User=0.00s Sys=0.00s Real=0.00s
[6.544s][info ][gc,start       ] GC(2281) Pause Young (Allocation Failure)
[6.544s][info ][gc,task        ] GC(2281) Using 8 workers of 8 for evacuation
[6.546s][debug][gc,age         ] GC(2281) Desired survivor size 1114112 bytes, new threshold 1 (max threshold 6)
[6.546s][info ][gc,heap        ] GC(2281) ParNew: 18605K->1566K(19648K)
[6.546s][info ][gc,heap        ] GC(2281) CMS: 26977K->27759K(43712K)
[6.546s][info ][gc,metaspace   ] GC(2281) Metaspace: 5340K->5340K(1056768K)
[6.546s][info ][gc             ] GC(2281) Pause Young (Allocation Failure) 44M->28M(61M) 1.763ms
[6.546s][info ][gc,cpu         ] GC(2281) User=0.00s Sys=0.00s Real=0.00s
[6.548s][info ][gc,start       ] GC(2282) Pause Young (Allocation Failure)
[6.548s][info ][gc,task        ] GC(2282) Using 8 workers of 8 for evacuation
[6.550s][debug][gc,age         ] GC(2282) Desired survivor size 1114112 bytes, new threshold 6 (max threshold 6)
[6.550s][info ][gc,heap        ] GC(2282) ParNew: 18853K->6K(19648K)
[6.550s][info ][gc,heap        ] GC(2282) CMS: 27759K->28932K(43712K)
[6.550s][info ][gc,metaspace   ] GC(2282) Metaspace: 5340K->5340K(1056768K)
[6.550s][info ][gc             ] GC(2282) Pause Young (Allocation Failure) 45M->28M(61M) 1.265ms
[6.550s][info ][gc,cpu         ] GC(2282) User=0.00s Sys=0.00s Real=0.00s
[6.551s][info ][gc,start       ] GC(2283) Pause Young (Allocation Failure)
[6.551s][info ][gc,task        ] GC(2283) Using 8 workers of 8 for evacuation
[6.552s][debug][gc,age         ] GC(2283) Desired survivor size 1114112 bytes, new threshold 1 (max threshold 6)
[6.552s][info ][gc,heap        ] GC(2283) ParNew: 17341K->1961K(19648K)
[6.552s][info ][gc,heap        ] GC(2283) CMS: 28932K->29713K(43712K)
[6.552s][info ][gc,metaspace   ] GC(2283) Metaspace: 5340K->5340K(1056768K)
[6.552s][info ][gc             ] GC(2283) Pause Young (Allocation Failure) 45M->30M(61M) 1.284ms
[6.552s][info ][gc,cpu         ] GC(2283) User=0.00s Sys=0.00s Real=0.00s
[6.554s][info ][gc,start       ] GC(2284) Pause Young (Allocation Failure)
[6.554s][info ][gc,task        ] GC(2284) Using 8 workers of 8 for evacuation
[6.555s][debug][gc,age         ] GC(2284) Desired survivor size 1114112 bytes, new threshold 1 (max threshold 6)
[6.555s][info ][gc,heap        ] GC(2284) ParNew: 19288K->1961K(19648K)
[6.555s][info ][gc,heap        ] GC(2284) CMS: 29713K->30885K(43712K)
[6.555s][info ][gc,metaspace   ] GC(2284) Metaspace: 5340K->5340K(1056768K)
[6.555s][info ][gc             ] GC(2284) Pause Young (Allocation Failure) 47M->32M(61M) 1.470ms
[6.555s][info ][gc,cpu         ] GC(2284) User=0.00s Sys=0.00s Real=0.00s
[6.557s][info ][gc,start       ] GC(2285) Pause Young (Allocation Failure)
[6.557s][info ][gc,task        ] GC(2285) Using 8 workers of 8 for evacuation
[6.558s][debug][gc,age         ] GC(2285) Desired survivor size 1114112 bytes, new threshold 1 (max threshold 6)
[6.558s][info ][gc,heap        ] GC(2285) ParNew: 19364K->1570K(19648K)
[6.558s][info ][gc,heap        ] GC(2285) CMS: 30885K->31277K(43712K)
[6.558s][info ][gc,metaspace   ] GC(2285) Metaspace: 5340K->5340K(1056768K)
[6.558s][info ][gc             ] GC(2285) Pause Young (Allocation Failure) 49M->32M(61M) 1.364ms
[6.558s][info ][gc,cpu         ] GC(2285) User=0.00s Sys=0.00s Real=0.00s
[6.560s][info ][gc,start       ] GC(2286) Pause Young (Allocation Failure)
[6.560s][info ][gc,task        ] GC(2286) Using 8 workers of 8 for evacuation
[6.561s][debug][gc,age         ] GC(2286) Desired survivor size 1114112 bytes, new threshold 1 (max threshold 6)
[6.561s][info ][gc,heap        ] GC(2286) ParNew: 18993K->1566K(19648K)
[6.561s][info ][gc,heap        ] GC(2286) CMS: 31277K->32450K(43712K)
[6.561s][info ][gc,metaspace   ] GC(2286) Metaspace: 5340K->5340K(1056768K)
[6.561s][info ][gc             ] GC(2286) Pause Young (Allocation Failure) 49M->33M(61M) 1.216ms
[6.561s][info ][gc,cpu         ] GC(2286) User=0.00s Sys=0.00s Real=0.00s
[6.562s][info ][gc,start       ] GC(2287) Pause Young (Allocation Failure)
[6.562s][info ][gc,task        ] GC(2287) Using 8 workers of 8 for evacuation
[6.564s][debug][gc,age         ] GC(2287) Desired survivor size 1114112 bytes, new threshold 1 (max threshold 6)
[6.564s][info ][gc,heap        ] GC(2287) ParNew: 18911K->1570K(19648K)
[6.564s][info ][gc,heap        ] GC(2287) CMS: 32450K->32450K(43712K)
[6.564s][info ][gc,metaspace   ] GC(2287) Metaspace: 5340K->5340K(1056768K)
[6.564s][info ][gc             ] GC(2287) Pause Young (Allocation Failure) 50M->33M(61M) 1.575ms
[6.564s][info ][gc,cpu         ] GC(2287) User=0.00s Sys=0.00s Real=0.01s
[6.565s][info ][gc,start       ] GC(2288) Pause Young (Allocation Failure)
[6.565s][info ][gc,task        ] GC(2288) Using 8 workers of 8 for evacuation
[6.566s][debug][gc,age         ] GC(2288) Desired survivor size 1114112 bytes, new threshold 1 (max threshold 6)
[6.567s][info ][gc,heap        ] GC(2288) ParNew: 19005K->1179K(19648K)
[6.567s][info ][gc,heap        ] GC(2288) CMS: 32450K->33233K(43712K)
[6.567s][info ][gc,metaspace   ] GC(2288) Metaspace: 5340K->5340K(1056768K)
[6.567s][info ][gc             ] GC(2288) Pause Young (Allocation Failure) 50M->33M(61M) 1.189ms
[6.567s][info ][gc,cpu         ] GC(2288) User=0.01s Sys=0.00s Real=0.00s
[6.568s][info ][gc,start       ] GC(2289) Pause Young (Allocation Failure)
[6.568s][info ][gc,task        ] GC(2289) Using 8 workers of 8 for evacuation
[6.570s][debug][gc,age         ] GC(2289) Desired survivor size 1114112 bytes, new threshold 1 (max threshold 6)
[6.570s][info ][gc,heap        ] GC(2289) ParNew: 18651K->1572K(19648K)
[6.570s][info ][gc,heap        ] GC(2289) CMS: 33233K->34405K(43712K)
[6.570s][info ][gc,metaspace   ] GC(2289) Metaspace: 5340K->5340K(1056768K)
[6.570s][info ][gc             ] GC(2289) Pause Young (Allocation Failure) 50M->35M(61M) 1.831ms
[6.570s][info ][gc,cpu         ] GC(2289) User=0.01s Sys=0.00s Real=0.00s
[6.571s][info ][gc,start       ] GC(2290) Pause Young (Allocation Failure)
[6.571s][info ][gc,task        ] GC(2290) Using 8 workers of 8 for evacuation
[6.573s][debug][gc,age         ] GC(2290) Desired survivor size 1114112 bytes, new threshold 1 (max threshold 6)
[6.573s][info ][gc,heap        ] GC(2290) ParNew: 18774K->1566K(19648K)
[6.573s][info ][gc,heap        ] GC(2290) CMS: 34405K->35578K(43712K)
[6.573s][info ][gc,metaspace   ] GC(2290) Metaspace: 5340K->5340K(1056768K)
[6.573s][info ][gc             ] GC(2290) Pause Young (Allocation Failure) 51M->36M(61M) 2.132ms
[6.573s][info ][gc,cpu         ] GC(2290) User=0.00s Sys=0.00s Real=0.01s
[6.575s][info ][gc,start       ] GC(2291) Pause Young (Allocation Failure)
[6.575s][info ][gc,task        ] GC(2291) Using 8 workers of 8 for evacuation
[6.576s][debug][gc,age         ] GC(2291) Desired survivor size 1114112 bytes, new threshold 1 (max threshold 6)
[6.576s][info ][gc,heap        ] GC(2291) ParNew: 19038K->1179K(19648K)
[6.576s][info ][gc,heap        ] GC(2291) CMS: 35578K->36751K(43712K)
[6.576s][info ][gc,metaspace   ] GC(2291) Metaspace: 5340K->5340K(1056768K)
[6.576s][info ][gc             ] GC(2291) Pause Young (Allocation Failure) 53M->37M(61M) 1.299ms
[6.576s][info ][gc,cpu         ] GC(2291) User=0.00s Sys=0.00s Real=0.00s
[6.577s][info ][gc,start       ] GC(2292) Pause Young (Allocation Failure)
[6.577s][info ][gc,task        ] GC(2292) Using 8 workers of 8 for evacuation
[6.579s][debug][gc,age         ] GC(2292) Desired survivor size 1114112 bytes, new threshold 1 (max threshold 6)
[6.579s][info ][gc,heap        ] GC(2292) ParNew: 18630K->1175K(19648K)
[6.579s][info ][gc,heap        ] GC(2292) CMS: 36751K->37533K(43712K)
[6.579s][info ][gc,metaspace   ] GC(2292) Metaspace: 5340K->5340K(1056768K)
[6.579s][info ][gc             ] GC(2292) Pause Young (Allocation Failure) 54M->37M(61M) 1.276ms
[6.579s][info ][gc,cpu         ] GC(2292) User=0.01s Sys=0.00s Real=0.00s
[6.580s][info ][gc,start       ] GC(2293) Pause Young (Allocation Failure)
[6.580s][info ][gc,task        ] GC(2293) Using 8 workers of 8 for evacuation
[6.581s][debug][gc,age         ] GC(2293) Desired survivor size 1114112 bytes, new threshold 6 (max threshold 6)
[6.581s][info ][gc,heap        ] GC(2293) ParNew: 18647K->787K(19648K)
[6.581s][info ][gc,heap        ] GC(2293) CMS: 37533K->37924K(43712K)
[6.581s][info ][gc,metaspace   ] GC(2293) Metaspace: 5340K->5340K(1056768K)
[6.581s][info ][gc             ] GC(2293) Pause Young (Allocation Failure) 54M->37M(61M) 1.143ms
[6.581s][info ][gc,cpu         ] GC(2293) User=0.00s Sys=0.00s Real=0.00s
[6.582s][info ][gc,start       ] GC(2294) Pause Young (Allocation Failure)
[6.583s][info ][gc,task        ] GC(2294) Using 8 workers of 8 for evacuation
[6.584s][debug][gc,age         ] GC(2294) Desired survivor size 1114112 bytes, new threshold 1 (max threshold 6)
[6.584s][info ][gc,heap        ] GC(2294) ParNew: 18232K->1175K(19648K)
[6.584s][info ][gc,heap        ] GC(2294) CMS: 37924K->37924K(43712K)
[6.584s][info ][gc,metaspace   ] GC(2294) Metaspace: 5340K->5340K(1056768K)
[6.584s][info ][gc             ] GC(2294) Pause Young (Allocation Failure) 54M->38M(61M) 1.157ms
[6.584s][info ][gc,cpu         ] GC(2294) User=0.00s Sys=0.00s Real=0.01s
[6.585s][info ][gc,start       ] GC(2295) Pause Young (Allocation Failure)
[6.585s][info ][gc,task        ] GC(2295) Using 8 workers of 8 for evacuation
[6.586s][debug][gc,age         ] GC(2295) Desired survivor size 1114112 bytes, new threshold 1 (max threshold 6)
[6.587s][info ][gc,heap        ] GC(2295) ParNew: 18313K->1568K(19648K)
[6.587s][info ][gc,heap        ] GC(2295) CMS: 37924K->38316K(43712K)
[6.587s][info ][gc,metaspace   ] GC(2295) Metaspace: 5340K->5340K(1056768K)
[6.587s][info ][gc             ] GC(2295) Pause Young (Allocation Failure) 54M->38M(61M) 1.394ms
[6.587s][info ][gc,cpu         ] GC(2295) User=0.00s Sys=0.00s Real=0.00s
[6.588s][info ][gc,start       ] GC(2296) Pause Young (Allocation Failure)
[6.588s][info ][gc,task        ] GC(2296) Using 8 workers of 8 for evacuation
[6.590s][debug][gc,age         ] GC(2296) Desired survivor size 1114112 bytes, new threshold 6 (max threshold 6)
[6.590s][info ][gc,heap        ] GC(2296) ParNew: 19040K->785K(19648K)
[6.590s][info ][gc,heap        ] GC(2296) CMS: 38316K->39098K(43712K)
[6.590s][info ][gc,metaspace   ] GC(2296) Metaspace: 5340K->5340K(1056768K)
[6.590s][info ][gc             ] GC(2296) Pause Young (Allocation Failure) 56M->38M(61M) 1.924ms
[6.590s][info ][gc,cpu         ] GC(2296) User=0.01s Sys=0.00s Real=0.00s
[6.592s][info ][gc,start       ] GC(2297) Pause Young (Allocation Failure)
[6.592s][info ][gc,task        ] GC(2297) Using 8 workers of 8 for evacuation
[6.593s][debug][gc,age         ] GC(2297) Desired survivor size 1114112 bytes, new threshold 1 (max threshold 6)
[6.593s][info ][gc,heap        ] GC(2297) ParNew: 17984K->1177K(19648K)
[6.593s][info ][gc,heap        ] GC(2297) CMS: 39098K->39098K(43712K)
[6.593s][info ][gc,metaspace   ] GC(2297) Metaspace: 5340K->5340K(1056768K)
[6.593s][info ][gc             ] GC(2297) Pause Young (Allocation Failure) 55M->39M(61M) 1.226ms
[6.593s][info ][gc,cpu         ] GC(2297) User=0.00s Sys=0.00s Real=0.00s
[6.594s][info ][gc,start       ] GC(2298) Pause Young (Allocation Failure)
[6.594s][info ][gc,task        ] GC(2298) Using 8 workers of 8 for evacuation
[6.596s][debug][gc,age         ] GC(2298) Desired survivor size 1114112 bytes, new threshold 1 (max threshold 6)
[6.596s][info ][gc,heap        ] GC(2298) ParNew: 18444K->1957K(19648K)
[6.596s][info ][gc,heap        ] GC(2298) CMS: 39098K->39880K(43712K)
[6.596s][info ][gc,metaspace   ] GC(2298) Metaspace: 5340K->5340K(1056768K)
[6.596s][info ][gc             ] GC(2298) Pause Young (Allocation Failure) 56M->40M(61M) 1.617ms
[6.596s][info ][gc,cpu         ] GC(2298) User=0.00s Sys=0.00s Real=0.00s
[6.597s][info ][gc,start       ] GC(2299) Pause Young (Allocation Failure)
[6.597s][info ][gc,task        ] GC(2299) Using 8 workers of 8 for evacuation
[6.599s][debug][gc,age         ] GC(2299) Desired survivor size 1114112 bytes, new threshold 1 (max threshold 6)
[6.599s][info ][gc,heap        ] GC(2299) ParNew: 19245K->1961K(19648K)
[6.599s][info ][gc,heap        ] GC(2299) CMS: 39880K->40271K(43712K)
[6.599s][info ][gc,metaspace   ] GC(2299) Metaspace: 5340K->5340K(1056768K)
[6.599s][info ][gc             ] GC(2299) Pause Young (Allocation Failure) 57M->41M(61M) 1.748ms
[6.599s][info ][gc,cpu         ] GC(2299) User=0.00s Sys=0.00s Real=0.00s
[6.600s][info ][gc,start       ] GC(2300) Pause Young (Allocation Failure)
[6.600s][info ][gc,task        ] GC(2300) Using 8 workers of 8 for evacuation
[6.601s][debug][gc,age         ] GC(2300) Desired survivor size 1114112 bytes, new threshold 1 (max threshold 6)
[6.601s][info ][gc,heap        ] GC(2300) ParNew: 19137K->1965K(19648K)
[6.601s][info ][gc,heap        ] GC(2300) CMS: 40271K->41052K(43712K)
[6.601s][info ][gc,metaspace   ] GC(2300) Metaspace: 5340K->5340K(1056768K)
[6.601s][info ][gc             ] GC(2300) Pause Young (Allocation Failure) 58M->42M(61M) 0.776ms
[6.601s][info ][gc,cpu         ] GC(2300) User=0.00s Sys=0.00s Real=0.00s
[6.603s][info ][gc,start       ] GC(2301) Pause Young (Allocation Failure)
[6.603s][info ][gc,task        ] GC(2301) Using 8 workers of 8 for evacuation
[6.604s][debug][gc,age         ] GC(2301) Desired survivor size 1114112 bytes, new threshold 1 (max threshold 6)
[6.604s][info ][gc,heap        ] GC(2301) ParNew: 19188K->1568K(19648K)
[6.604s][info ][gc,heap        ] GC(2301) CMS: 41052K->41052K(43712K)
[6.604s][info ][gc,metaspace   ] GC(2301) Metaspace: 5340K->5340K(1056768K)
[6.604s][info ][gc             ] GC(2301) Pause Young (Allocation Failure) 58M->41M(61M) 1.089ms
[6.604s][info ][gc,cpu         ] GC(2301) User=0.00s Sys=0.00s Real=0.01s
[6.605s][info ][gc,start       ] GC(2302) Pause Young (Allocation Failure)
[6.605s][info ][gc,task        ] GC(2302) Using 8 workers of 8 for evacuation
[6.606s][debug][gc,age         ] GC(2302) Desired survivor size 1114112 bytes, new threshold 1 (max threshold 6)
[6.606s][info ][gc,heap        ] GC(2302) ParNew: 18762K->1959K(19648K)
[6.606s][info ][gc,heap        ] GC(2302) CMS: 41052K->41443K(43712K)
[6.606s][info ][gc,metaspace   ] GC(2302) Metaspace: 5340K->5340K(1056768K)
[6.606s][info ][gc             ] GC(2302) Pause Young (Allocation Failure) 58M->42M(61M) 1.184ms
[6.606s][info ][gc,cpu         ] GC(2302) User=0.01s Sys=0.00s Real=0.00s
[6.608s][info ][gc,start       ] GC(2303) Pause Young (Allocation Failure)
[6.608s][info ][gc,task        ] GC(2303) Using 8 workers of 8 for evacuation
[6.609s][debug][gc,age         ] GC(2303) Desired survivor size 1114112 bytes, new threshold 1 (max threshold 6)
[6.609s][info ][gc,heap        ] GC(2303) ParNew: 19133K->1959K(19648K)
[6.609s][info ][gc,heap        ] GC(2303) CMS: 41443K->41443K(43712K)
[6.609s][info ][gc,metaspace   ] GC(2303) Metaspace: 5340K->5340K(1056768K)
[6.609s][info ][gc             ] GC(2303) Pause Young (Allocation Failure) 59M->42M(61M) 1.206ms
[6.609s][info ][gc,cpu         ] GC(2303) User=0.01s Sys=0.00s Real=0.00s
[6.610s][info ][gc,start       ] GC(2304) Pause Young (Allocation Failure)
[6.610s][info ][gc,task        ] GC(2304) Using 8 workers of 8 for evacuation
[6.611s][debug][gc,age         ] GC(2304) Desired survivor size 1114112 bytes, new threshold 1 (max threshold 6)
[6.611s][info ][gc,heap        ] GC(2304) ParNew: 19121K->1959K(19648K)
[6.611s][info ][gc,heap        ] GC(2304) CMS: 41443K->41443K(43712K)
[6.611s][info ][gc,metaspace   ] GC(2304) Metaspace: 5340K->5340K(1056768K)
[6.611s][info ][gc             ] GC(2304) Pause Young (Allocation Failure) 59M->42M(61M) 1.284ms
[6.611s][info ][gc,cpu         ] GC(2304) User=0.01s Sys=0.00s Real=0.00s
[6.613s][info ][gc,start       ] GC(2305) Pause Young (Allocation Failure)
[6.613s][info ][gc,task        ] GC(2305) Using 8 workers of 8 for evacuation
[6.614s][debug][gc,age         ] GC(2305) Desired survivor size 1114112 bytes, new threshold 6 (max threshold 6)
[6.614s][info ][gc,heap        ] GC(2305) ParNew: 19367K->785K(19648K)
[6.614s][info ][gc,heap        ] GC(2305) CMS: 41443K->42225K(43712K)
[6.614s][info ][gc,metaspace   ] GC(2305) Metaspace: 5340K->5340K(1056768K)
[6.614s][info ][gc             ] GC(2305) Pause Young (Allocation Failure) 59M->42M(61M) 1.708ms
[6.614s][info ][gc,cpu         ] GC(2305) User=0.01s Sys=0.00s Real=0.01s
[6.616s][info ][gc,start       ] GC(2306) Pause Young (Allocation Failure)
[6.616s][info ][gc,task        ] GC(2306) Using 8 workers of 8 for evacuation
[6.618s][debug][gc,age         ] GC(2306) Desired survivor size 1114112 bytes, new threshold 6 (max threshold 6)
[6.618s][info ][gc,heap        ] GC(2306) ParNew: 18180K->785K(19648K)
[6.618s][info ][gc,heap        ] GC(2306) CMS: 42225K->42225K(43712K)
[6.618s][info ][gc,metaspace   ] GC(2306) Metaspace: 5340K->5340K(1056768K)
[6.618s][info ][gc             ] GC(2306) Pause Young (Allocation Failure) 58M->42M(61M) 1.339ms
[6.618s][info ][gc,cpu         ] GC(2306) User=0.01s Sys=0.00s Real=0.00s
[6.619s][info ][gc,start       ] GC(2307) Pause Young (Allocation Failure)
[6.619s][info ][gc,task        ] GC(2307) Using 8 workers of 8 for evacuation
[6.620s][debug][gc,age         ] GC(2307) Desired survivor size 1114112 bytes, new threshold 2 (max threshold 6)
[6.620s][info ][gc,heap        ] GC(2307) ParNew: 18131K->1177K(19648K)
[6.620s][info ][gc,heap        ] GC(2307) CMS: 42225K->42225K(43712K)
[6.620s][info ][gc,metaspace   ] GC(2307) Metaspace: 5340K->5340K(1056768K)
[6.621s][info ][gc             ] GC(2307) Pause Young (Allocation Failure) 58M->42M(61M) 1.098ms
[6.621s][info ][gc,cpu         ] GC(2307) User=0.00s Sys=0.00s Real=0.00s
[6.622s][info ][gc,start       ] GC(2308) Pause Young (Allocation Failure)
[6.622s][info ][gc,task        ] GC(2308) Using 8 workers of 8 for evacuation
[6.624s][debug][gc,age         ] GC(2308) Desired survivor size 1114112 bytes, new threshold 6 (max threshold 6)
[6.624s][info ][gc,heap        ] GC(2308) ParNew: 18538K->785K(19648K)
[6.624s][info ][gc,heap        ] GC(2308) CMS: 42225K->42617K(43712K)
[6.624s][info ][gc,metaspace   ] GC(2308) Metaspace: 5340K->5340K(1056768K)
[6.624s][info ][gc             ] GC(2308) Pause Young (Allocation Failure) 59M->42M(61M) 1.413ms
[6.624s][info ][gc,cpu         ] GC(2308) User=0.00s Sys=0.00s Real=0.01s
[6.625s][info ][gc,start       ] GC(2309) Pause Young (Allocation Failure)
[6.626s][info ][gc,task        ] GC(2309) Using 8 workers of 8 for evacuation
[6.627s][debug][gc,age         ] GC(2309) Desired survivor size 1114112 bytes, new threshold 1 (max threshold 6)
[6.627s][info ][gc,heap        ] GC(2309) ParNew: 17979K->1568K(19648K)
[6.627s][info ][gc,heap        ] GC(2309) CMS: 42617K->42617K(43712K)
[6.627s][info ][gc,metaspace   ] GC(2309) Metaspace: 5340K->5340K(1056768K)
[6.627s][info ][gc             ] GC(2309) Pause Young (Allocation Failure) 59M->43M(61M) 1.333ms
[6.627s][info ][gc,cpu         ] GC(2309) User=0.00s Sys=0.00s Real=0.00s
[6.628s][info ][gc,start       ] GC(2310) Pause Young (Allocation Failure)
[6.628s][info ][gc,task        ] GC(2310) Using 8 workers of 8 for evacuation
[6.629s][debug][gc,age         ] GC(2310) Desired survivor size 1114112 bytes, new threshold 1 (max threshold 6)
[6.629s][info ][gc,heap        ] GC(2310) ParNew: 18849K->1959K(19648K)
[6.629s][info ][gc,heap        ] GC(2310) CMS: 42617K->43399K(43712K)
[6.629s][info ][gc,metaspace   ] GC(2310) Metaspace: 5340K->5340K(1056768K)
[6.629s][info ][gc             ] GC(2310) Pause Young (Allocation Failure) 60M->44M(61M) 1.278ms
[6.629s][info ][gc,cpu         ] GC(2310) User=0.00s Sys=0.00s Real=0.00s
[6.629s][info ][gc             ] GC(2269) Concurrent Abortable Preclean 118.186ms
[6.629s][info ][gc,cpu         ] GC(2269) User=0.37s Sys=0.02s Real=0.12s
[6.630s][info ][gc,start       ] GC(2269) Pause Remark
[6.631s][debug][gc,phases      ] GC(2269) Rescan (parallel) 1.298ms
[6.631s][debug][gc,phases      ] GC(2269) Reference Processing 0.013ms
[6.631s][debug][gc,phases      ] GC(2269) Weak Processing 0.004ms
[6.631s][debug][gc,phases      ] GC(2269) ClassLoaderData 0.010ms
[6.631s][debug][gc,phases      ] GC(2269) ProtectionDomainCacheTable 0.002ms
[6.631s][debug][gc,phases      ] GC(2269) ResolvedMethodTable 0.006ms
[6.631s][debug][gc,phases      ] GC(2269) Class Unloading 0.177ms
[6.632s][debug][gc,phases      ] GC(2269) Scrub Symbol Table 0.453ms
[6.632s][debug][gc,phases      ] GC(2269) Scrub String Table 0.020ms
[6.632s][info ][gc             ] GC(2269) Pause Remark 46M->46M(61M) 2.057ms
[6.632s][info ][gc,cpu         ] GC(2269) User=0.01s Sys=0.00s Real=0.00s
[6.632s][info ][gc             ] GC(2269) Concurrent Sweep
[6.633s][info ][gc             ] GC(2269) Concurrent Sweep 0.714ms
[6.633s][info ][gc,cpu         ] GC(2269) User=0.00s Sys=0.00s Real=0.00s
[6.633s][info ][gc             ] GC(2269) Concurrent Reset
[6.633s][info ][gc             ] GC(2269) Concurrent Reset 0.099ms
[6.633s][info ][gc,cpu         ] GC(2269) User=0.00s Sys=0.00s Real=0.00s
[6.633s][info ][gc,heap        ] GC(2269) Old: 19154K->25807K(43712K)
[6.633s][info ][gc,start       ] GC(2311) Pause Young (Allocation Failure)
[6.633s][info ][gc,task        ] GC(2311) Using 8 workers of 8 for evacuation
[6.635s][debug][gc,age         ] GC(2311) Desired survivor size 1114112 bytes, new threshold 1 (max threshold 6)
[6.635s][info ][gc,heap        ] GC(2311) ParNew: 19263K->1965K(19648K)
[6.635s][info ][gc,heap        ] GC(2311) CMS: 25807K->26979K(43712K)
[6.635s][info ][gc,metaspace   ] GC(2311) Metaspace: 5340K->5340K(1056768K)
[6.635s][info ][gc             ] GC(2311) Pause Young (Allocation Failure) 44M->28M(61M) 1.656ms
[6.635s][info ][gc,cpu         ] GC(2311) User=0.01s Sys=0.00s Real=0.00s
[6.635s][info ][gc,start       ] GC(2312) Pause Initial Mark
[6.635s][info ][gc             ] GC(2312) Pause Initial Mark 30M->30M(61M) 0.129ms
[6.635s][info ][gc,cpu         ] GC(2312) User=0.00s Sys=0.00s Real=0.00s
[6.635s][info ][gc             ] GC(2312) Concurrent Mark
[6.635s][info ][gc,task        ] GC(2312) Using 2 workers of 2 for marking
[6.637s][info ][gc,start       ] GC(2313) Pause Young (Allocation Failure)
[6.637s][info ][gc,task        ] GC(2313) Using 8 workers of 8 for evacuation
[6.639s][debug][gc,age         ] GC(2313) Desired survivor size 1114112 bytes, new threshold 1 (max threshold 6)
[6.639s][info ][gc,heap        ] GC(2313) ParNew: 19210K->1179K(19648K)
[6.639s][info ][gc,heap        ] GC(2313) CMS: 26979K->26979K(43712K)
[6.639s][info ][gc,metaspace   ] GC(2313) Metaspace: 5340K->5340K(1056768K)
[6.639s][info ][gc             ] GC(2313) Pause Young (Allocation Failure) 45M->27M(61M) 1.798ms
[6.639s][info ][gc,cpu         ] GC(2313) User=0.00s Sys=0.00s Real=0.00s
[6.640s][info ][gc,start       ] GC(2314) Pause Young (Allocation Failure)
[6.640s][info ][gc,task        ] GC(2314) Using 8 workers of 8 for evacuation
[6.641s][debug][gc,age         ] GC(2314) Desired survivor size 1114112 bytes, new threshold 6 (max threshold 6)
[6.641s][info ][gc,heap        ] GC(2314) ParNew: 18280K->791K(19648K)
[6.641s][info ][gc,heap        ] GC(2314) CMS: 26979K->27761K(43712K)
[6.641s][info ][gc,metaspace   ] GC(2314) Metaspace: 5340K->5340K(1056768K)
[6.641s][info ][gc             ] GC(2314) Pause Young (Allocation Failure) 44M->27M(61M) 1.129ms
[6.641s][info ][gc,cpu         ] GC(2314) User=0.01s Sys=0.00s Real=0.00s
[6.641s][info ][gc             ] GC(2312) Concurrent Mark 5.867ms
[6.641s][info ][gc,cpu         ] GC(2312) User=0.03s Sys=0.00s Real=0.00s
[6.641s][info ][gc             ] GC(2312) Concurrent Preclean
[6.642s][info ][gc             ] GC(2312) Concurrent Preclean 0.175ms
[6.642s][info ][gc,cpu         ] GC(2312) User=0.00s Sys=0.00s Real=0.00s
[6.642s][info ][gc             ] GC(2312) Concurrent Abortable Preclean
[6.643s][info ][gc,start       ] GC(2315) Pause Young (Allocation Failure)
[6.643s][info ][gc,task        ] GC(2315) Using 8 workers of 8 for evacuation
[6.644s][debug][gc,age         ] GC(2315) Desired survivor size 1114112 bytes, new threshold 1 (max threshold 6)
[6.644s][info ][gc,heap        ] GC(2315) ParNew: 17980K->1959K(19648K)
[6.644s][info ][gc,heap        ] GC(2315) CMS: 27761K->28152K(43712K)
[6.644s][info ][gc,metaspace   ] GC(2315) Metaspace: 5340K->5340K(1056768K)
[6.644s][info ][gc             ] GC(2315) Pause Young (Allocation Failure) 44M->29M(61M) 1.222ms
[6.644s][info ][gc,cpu         ] GC(2315) User=0.01s Sys=0.00s Real=0.01s
[6.645s][info ][gc,start       ] GC(2316) Pause Young (Allocation Failure)
[6.645s][info ][gc,task        ] GC(2316) Using 8 workers of 8 for evacuation
[6.647s][debug][gc,age         ] GC(2316) Desired survivor size 1114112 bytes, new threshold 1 (max threshold 6)
[6.647s][info ][gc,heap        ] GC(2316) ParNew: 19430K->1963K(19648K)
[6.647s][info ][gc,heap        ] GC(2316) CMS: 28152K->28934K(43712K)
[6.647s][info ][gc,metaspace   ] GC(2316) Metaspace: 5340K->5340K(1056768K)
[6.647s][info ][gc             ] GC(2316) Pause Young (Allocation Failure) 46M->30M(61M) 1.427ms
[6.647s][info ][gc,cpu         ] GC(2316) User=0.01s Sys=0.00s Real=0.00s
[6.648s][info ][gc,start       ] GC(2317) Pause Young (Allocation Failure)
[6.648s][info ][gc,task        ] GC(2317) Using 8 workers of 8 for evacuation
[6.649s][debug][gc,age         ] GC(2317) Desired survivor size 1114112 bytes, new threshold 1 (max threshold 6)
[6.649s][info ][gc,heap        ] GC(2317) ParNew: 19434K->1572K(19648K)
[6.650s][info ][gc,heap        ] GC(2317) CMS: 28934K->30107K(43712K)
[6.650s][info ][gc,metaspace   ] GC(2317) Metaspace: 5340K->5340K(1056768K)
[6.650s][info ][gc             ] GC(2317) Pause Young (Allocation Failure) 47M->30M(61M) 1.344ms
[6.650s][info ][gc,cpu         ] GC(2317) User=0.01s Sys=0.00s Real=0.00s
[6.651s][info ][gc,start       ] GC(2318) Pause Young (Allocation Failure)
[6.651s][info ][gc,task        ] GC(2318) Using 8 workers of 8 for evacuation
[6.653s][debug][gc,age         ] GC(2318) Desired survivor size 1114112 bytes, new threshold 6 (max threshold 6)
[6.653s][info ][gc,heap        ] GC(2318) ParNew: 19031K->787K(19648K)
[6.653s][info ][gc,heap        ] GC(2318) CMS: 30107K->31671K(43712K)
[6.653s][info ][gc,metaspace   ] GC(2318) Metaspace: 5340K->5340K(1056768K)
[6.653s][info ][gc             ] GC(2318) Pause Young (Allocation Failure) 47M->31M(61M) 1.507ms
[6.653s][info ][gc,cpu         ] GC(2318) User=0.00s Sys=0.00s Real=0.00s
[6.654s][info ][gc,start       ] GC(2319) Pause Young (Allocation Failure)
[6.654s][info ][gc,task        ] GC(2319) Using 8 workers of 8 for evacuation
[6.655s][debug][gc,age         ] GC(2319) Desired survivor size 1114112 bytes, new threshold 1 (max threshold 6)
[6.655s][info ][gc,heap        ] GC(2319) ParNew: 17987K->1959K(19648K)
[6.655s][info ][gc,heap        ] GC(2319) CMS: 31671K->32452K(43712K)
[6.655s][info ][gc,metaspace   ] GC(2319) Metaspace: 5340K->5340K(1056768K)
[6.655s][info ][gc             ] GC(2319) Pause Young (Allocation Failure) 48M->33M(61M) 1.355ms
[6.656s][info ][gc,cpu         ] GC(2319) User=0.00s Sys=0.00s Real=0.00s
[6.659s][info ][gc,start       ] GC(2320) Pause Young (Allocation Failure)
[6.660s][info ][gc,task        ] GC(2320) Using 8 workers of 8 for evacuation
[6.661s][debug][gc,age         ] GC(2320) Desired survivor size 1114112 bytes, new threshold 1 (max threshold 6)
[6.661s][info ][gc,heap        ] GC(2320) ParNew: 19151K->1965K(19648K)
[6.661s][info ][gc,heap        ] GC(2320) CMS: 32452K->32843K(43712K)
[6.661s][info ][gc,metaspace   ] GC(2320) Metaspace: 5340K->5340K(1056768K)
[6.661s][info ][gc             ] GC(2320) Pause Young (Allocation Failure) 50M->33M(61M) 1.926ms
[6.661s][info ][gc,cpu         ] GC(2320) User=0.00s Sys=0.00s Real=0.00s
[6.665s][info ][gc,start       ] GC(2321) Pause Young (Allocation Failure)
[6.665s][info ][gc,task        ] GC(2321) Using 8 workers of 8 for evacuation
[6.667s][debug][gc,age         ] GC(2321) Desired survivor size 1114112 bytes, new threshold 1 (max threshold 6)
[6.667s][info ][gc,heap        ] GC(2321) ParNew: 19052K->1572K(19648K)
[6.667s][info ][gc,heap        ] GC(2321) CMS: 32843K->33235K(43712K)
[6.667s][info ][gc,metaspace   ] GC(2321) Metaspace: 5340K->5340K(1056768K)
[6.667s][info ][gc             ] GC(2321) Pause Young (Allocation Failure) 50M->33M(61M) 1.248ms
[6.667s][info ][gc,cpu         ] GC(2321) User=0.00s Sys=0.00s Real=0.00s
[6.669s][info ][gc,start       ] GC(2322) Pause Young (Allocation Failure)
[6.669s][info ][gc,task        ] GC(2322) Using 8 workers of 8 for evacuation
[6.670s][debug][gc,age         ] GC(2322) Desired survivor size 1114112 bytes, new threshold 1 (max threshold 6)
[6.670s][info ][gc,heap        ] GC(2322) ParNew: 19026K->1182K(19648K)
[6.670s][info ][gc,heap        ] GC(2322) CMS: 33235K->34016K(43712K)
[6.670s][info ][gc,metaspace   ] GC(2322) Metaspace: 5340K->5340K(1056768K)
[6.670s][info ][gc             ] GC(2322) Pause Young (Allocation Failure) 51M->34M(61M) 1.267ms
[6.670s][info ][gc,cpu         ] GC(2322) User=0.01s Sys=0.00s Real=0.00s
[6.672s][info ][gc,start       ] GC(2323) Pause Young (Allocation Failure)
[6.672s][info ][gc,task        ] GC(2323) Using 8 workers of 8 for evacuation
[6.674s][debug][gc,age         ] GC(2323) Desired survivor size 1114112 bytes, new threshold 1 (max threshold 6)
[6.674s][info ][gc,heap        ] GC(2323) ParNew: 18654K->1959K(19648K)
[6.674s][info ][gc,heap        ] GC(2323) CMS: 34016K->34798K(43712K)
[6.674s][info ][gc,metaspace   ] GC(2323) Metaspace: 5340K->5340K(1056768K)
[6.674s][info ][gc             ] GC(2323) Pause Young (Allocation Failure) 51M->35M(61M) 1.748ms
[6.674s][info ][gc,cpu         ] GC(2323) User=0.01s Sys=0.00s Real=0.01s
[6.676s][info ][gc,start       ] GC(2324) Pause Young (Allocation Failure)
[6.676s][info ][gc,task        ] GC(2324) Using 8 workers of 8 for evacuation
[6.677s][debug][gc,age         ] GC(2324) Desired survivor size 1114112 bytes, new threshold 1 (max threshold 6)
[6.677s][info ][gc,heap        ] GC(2324) ParNew: 19135K->1574K(19648K)
[6.677s][info ][gc,heap        ] GC(2324) CMS: 34798K->35580K(43712K)
[6.677s][info ][gc,metaspace   ] GC(2324) Metaspace: 5340K->5340K(1056768K)
[6.677s][info ][gc             ] GC(2324) Pause Young (Allocation Failure) 52M->36M(61M) 1.252ms
[6.677s][info ][gc,cpu         ] GC(2324) User=0.01s Sys=0.00s Real=0.00s
[6.680s][info ][gc,start       ] GC(2325) Pause Young (Allocation Failure)
[6.680s][info ][gc,task        ] GC(2325) Using 8 workers of 8 for evacuation
[6.681s][debug][gc,age         ] GC(2325) Desired survivor size 1114112 bytes, new threshold 1 (max threshold 6)
[6.681s][info ][gc,heap        ] GC(2325) ParNew: 18759K->1957K(19648K)
[6.681s][info ][gc,heap        ] GC(2325) CMS: 35580K->35971K(43712K)
[6.681s][info ][gc,metaspace   ] GC(2325) Metaspace: 5340K->5340K(1056768K)
[6.681s][info ][gc             ] GC(2325) Pause Young (Allocation Failure) 53M->37M(61M) 1.897ms
[6.681s][info ][gc,cpu         ] GC(2325) User=0.00s Sys=0.00s Real=0.00s
[6.683s][info ][gc,start       ] GC(2326) Pause Young (Allocation Failure)
[6.683s][info ][gc,task        ] GC(2326) Using 8 workers of 8 for evacuation
[6.685s][debug][gc,age         ] GC(2326) Desired survivor size 1114112 bytes, new threshold 1 (max threshold 6)
[6.685s][info ][gc,heap        ] GC(2326) ParNew: 19094K->1959K(19648K)
[6.685s][info ][gc,heap        ] GC(2326) CMS: 35971K->36362K(43712K)
[6.685s][info ][gc,metaspace   ] GC(2326) Metaspace: 5340K->5340K(1056768K)
[6.685s][info ][gc             ] GC(2326) Pause Young (Allocation Failure) 53M->37M(61M) 1.566ms
[6.685s][info ][gc,cpu         ] GC(2326) User=0.00s Sys=0.00s Real=0.00s
[6.687s][info ][gc,start       ] GC(2327) Pause Young (Allocation Failure)
[6.687s][info ][gc,task        ] GC(2327) Using 8 workers of 8 for evacuation
[6.689s][debug][gc,age         ] GC(2327) Desired survivor size 1114112 bytes, new threshold 1 (max threshold 6)
[6.689s][info ][gc,heap        ] GC(2327) ParNew: 19057K->1566K(19648K)
[6.689s][info ][gc,heap        ] GC(2327) CMS: 36362K->36753K(43712K)
[6.689s][info ][gc,metaspace   ] GC(2327) Metaspace: 5340K->5340K(1056768K)
[6.689s][info ][gc             ] GC(2327) Pause Young (Allocation Failure) 54M->37M(61M) 2.165ms
[6.689s][info ][gc,cpu         ] GC(2327) User=0.00s Sys=0.00s Real=0.00s
[6.692s][info ][gc,start       ] GC(2328) Pause Young (Allocation Failure)
[6.692s][info ][gc,task        ] GC(2328) Using 8 workers of 8 for evacuation
[6.694s][debug][gc,age         ] GC(2328) Desired survivor size 1114112 bytes, new threshold 6 (max threshold 6)
[6.694s][info ][gc,heap        ] GC(2328) ParNew: 18900K->783K(19648K)
[6.694s][info ][gc,heap        ] GC(2328) CMS: 36753K->37926K(43712K)
[6.694s][info ][gc,metaspace   ] GC(2328) Metaspace: 5340K->5340K(1056768K)
[6.694s][info ][gc             ] GC(2328) Pause Young (Allocation Failure) 54M->37M(61M) 1.698ms
[6.694s][info ][gc,cpu         ] GC(2328) User=0.00s Sys=0.00s Real=0.01s
[6.696s][info ][gc,start       ] GC(2329) Pause Young (Allocation Failure)
[6.696s][info ][gc,task        ] GC(2329) Using 8 workers of 8 for evacuation
[6.698s][debug][gc,age         ] GC(2329) Desired survivor size 1114112 bytes, new threshold 1 (max threshold 6)
[6.698s][info ][gc,heap        ] GC(2329) ParNew: 17995K->1566K(19648K)
[6.698s][info ][gc,heap        ] GC(2329) CMS: 37926K->37926K(43712K)
[6.698s][info ][gc,metaspace   ] GC(2329) Metaspace: 5340K->5340K(1056768K)
[6.698s][info ][gc             ] GC(2329) Pause Young (Allocation Failure) 54M->38M(61M) 2.454ms
[6.698s][info ][gc,cpu         ] GC(2329) User=0.00s Sys=0.00s Real=0.00s
[6.700s][info ][gc,start       ] GC(2330) Pause Young (Allocation Failure)
[6.700s][info ][gc,task        ] GC(2330) Using 8 workers of 8 for evacuation
[6.702s][debug][gc,age         ] GC(2330) Desired survivor size 1114112 bytes, new threshold 1 (max threshold 6)
[6.702s][info ][gc,heap        ] GC(2330) ParNew: 18748K->1955K(19648K)
[6.702s][info ][gc,heap        ] GC(2330) CMS: 37926K->39099K(43712K)
[6.702s][info ][gc,metaspace   ] GC(2330) Metaspace: 5340K->5340K(1056768K)
[6.702s][info ][gc             ] GC(2330) Pause Young (Allocation Failure) 55M->40M(61M) 2.123ms
[6.702s][info ][gc,cpu         ] GC(2330) User=0.00s Sys=0.00s Real=0.00s
[6.704s][info ][gc,start       ] GC(2331) Pause Young (Allocation Failure)
[6.704s][info ][gc,task        ] GC(2331) Using 8 workers of 8 for evacuation
[6.707s][debug][gc,age         ] GC(2331) Desired survivor size 1114112 bytes, new threshold 6 (max threshold 6)
[6.707s][info ][gc,heap        ] GC(2331) ParNew: 19319K->392K(19648K)
[6.707s][info ][gc,heap        ] GC(2331) CMS: 39099K->40271K(43712K)
[6.707s][info ][gc,metaspace   ] GC(2331) Metaspace: 5340K->5340K(1056768K)
[6.707s][info ][gc             ] GC(2331) Pause Young (Allocation Failure) 57M->39M(61M) 3.148ms
[6.707s][info ][gc,cpu         ] GC(2331) User=0.01s Sys=0.00s Real=0.00s
[6.709s][info ][gc,start       ] GC(2332) Pause Young (Allocation Failure)
[6.709s][info ][gc,task        ] GC(2332) Using 8 workers of 8 for evacuation
[6.711s][debug][gc,age         ] GC(2332) Desired survivor size 1114112 bytes, new threshold 1 (max threshold 6)
[6.711s][info ][gc,heap        ] GC(2332) ParNew: 17864K->1175K(19648K)
[6.711s][info ][gc,heap        ] GC(2332) CMS: 40271K->40271K(43712K)
[6.711s][info ][gc,metaspace   ] GC(2332) Metaspace: 5340K->5340K(1056768K)
[6.711s][info ][gc             ] GC(2332) Pause Young (Allocation Failure) 56M->40M(61M) 1.585ms
[6.711s][info ][gc,cpu         ] GC(2332) User=0.00s Sys=0.00s Real=0.00s
[6.713s][info ][gc,start       ] GC(2333) Pause Young (Allocation Failure)
[6.713s][info ][gc,task        ] GC(2333) Using 8 workers of 8 for evacuation
[6.714s][debug][gc,age         ] GC(2333) Desired survivor size 1114112 bytes, new threshold 1 (max threshold 6)
[6.714s][info ][gc,heap        ] GC(2333) ParNew: 18432K->1965K(19648K)
[6.714s][info ][gc,heap        ] GC(2333) CMS: 40271K->40662K(43712K)
[6.714s][info ][gc,metaspace   ] GC(2333) Metaspace: 5340K->5340K(1056768K)
[6.714s][info ][gc             ] GC(2333) Pause Young (Allocation Failure) 57M->41M(61M) 1.420ms
[6.714s][info ][gc,cpu         ] GC(2333) User=0.01s Sys=0.00s Real=0.01s
[6.715s][info ][gc,start       ] GC(2334) Pause Young (Allocation Failure)
[6.715s][info ][gc,task        ] GC(2334) Using 8 workers of 8 for evacuation
[6.716s][debug][gc,age         ] GC(2334) Desired survivor size 1114112 bytes, new threshold 1 (max threshold 6)
[6.717s][info ][gc,heap        ] GC(2334) ParNew: 19247K->1961K(19648K)
[6.717s][info ][gc,heap        ] GC(2334) CMS: 40662K->41834K(43712K)
[6.717s][info ][gc,metaspace   ] GC(2334) Metaspace: 5340K->5340K(1056768K)
[6.717s][info ][gc             ] GC(2334) Pause Young (Allocation Failure) 58M->42M(61M) 1.226ms
[6.717s][info ][gc,cpu         ] GC(2334) User=0.01s Sys=0.00s Real=0.00s
[6.718s][info ][gc,start       ] GC(2335) Pause Young (Allocation Failure)
[6.718s][info ][gc,task        ] GC(2335) Using 8 workers of 8 for evacuation
[6.719s][debug][gc,age         ] GC(2335) Desired survivor size 1114112 bytes, new threshold 1 (max threshold 6)
[6.719s][info ][gc,heap        ] GC(2335) ParNew: 19263K->1959K(19648K)
[6.719s][info ][gc,heap        ] GC(2335) CMS: 41834K->42616K(43712K)
[6.719s][info ][gc,metaspace   ] GC(2335) Metaspace: 5340K->5340K(1056768K)
[6.719s][info ][gc             ] GC(2335) Pause Young (Allocation Failure) 59M->43M(61M) 1.234ms
[6.719s][info ][gc,cpu         ] GC(2335) User=0.00s Sys=0.00s Real=0.00s
[6.719s][info ][gc             ] GC(2312) Concurrent Abortable Preclean 77.550ms
[6.719s][info ][gc,cpu         ] GC(2312) User=0.23s Sys=0.01s Real=0.08s
[6.719s][info ][gc,start       ] GC(2312) Pause Remark
[6.721s][debug][gc,phases      ] GC(2312) Rescan (parallel) 1.133ms
[6.721s][debug][gc,phases      ] GC(2312) Reference Processing 0.014ms
[6.721s][debug][gc,phases      ] GC(2312) Weak Processing 0.004ms
[6.721s][debug][gc,phases      ] GC(2312) ClassLoaderData 0.013ms
[6.721s][debug][gc,phases      ] GC(2312) ProtectionDomainCacheTable 0.002ms
[6.721s][debug][gc,phases      ] GC(2312) ResolvedMethodTable 0.006ms
[6.721s][debug][gc,phases      ] GC(2312) Class Unloading 0.186ms
[6.721s][debug][gc,phases      ] GC(2312) Scrub Symbol Table 0.459ms
[6.721s][debug][gc,phases      ] GC(2312) Scrub String Table 0.022ms
[6.721s][info ][gc             ] GC(2312) Pause Remark 46M->46M(61M) 1.921ms
[6.721s][info ][gc,cpu         ] GC(2312) User=0.01s Sys=0.00s Real=0.00s
[6.721s][info ][gc             ] GC(2312) Concurrent Sweep
[6.722s][info ][gc             ] GC(2312) Concurrent Sweep 0.624ms
[6.722s][info ][gc,cpu         ] GC(2312) User=0.00s Sys=0.00s Real=0.00s
[6.722s][info ][gc             ] GC(2312) Concurrent Reset
[6.722s][info ][gc             ] GC(2312) Concurrent Reset 0.077ms
[6.722s][info ][gc,cpu         ] GC(2312) User=0.00s Sys=0.00s Real=0.00s
[6.722s][info ][gc,heap        ] GC(2312) Old: 26979K->17591K(43712K)
[6.723s][info ][gc,start       ] GC(2336) Pause Young (Allocation Failure)
[6.723s][info ][gc,task        ] GC(2336) Using 8 workers of 8 for evacuation
[6.724s][debug][gc,age         ] GC(2336) Desired survivor size 1114112 bytes, new threshold 1 (max threshold 6)
[6.724s][info ][gc,heap        ] GC(2336) ParNew: 19203K->1959K(19648K)
[6.724s][info ][gc,heap        ] GC(2336) CMS: 17591K->18372K(43712K)
[6.724s][info ][gc,metaspace   ] GC(2336) Metaspace: 5340K->5340K(1056768K)
[6.724s][info ][gc             ] GC(2336) Pause Young (Allocation Failure) 35M->19M(61M) 1.403ms
[6.724s][info ][gc,cpu         ] GC(2336) User=0.01s Sys=0.00s Real=0.01s
[6.726s][info ][gc,start       ] GC(2337) Pause Young (Allocation Failure)
[6.726s][info ][gc,task        ] GC(2337) Using 8 workers of 8 for evacuation
[6.727s][debug][gc,age         ] GC(2337) Desired survivor size 1114112 bytes, new threshold 1 (max threshold 6)
[6.727s][info ][gc,heap        ] GC(2337) ParNew: 19166K->1957K(19648K)
[6.727s][info ][gc,heap        ] GC(2337) CMS: 18372K->19154K(43712K)
[6.727s][info ][gc,metaspace   ] GC(2337) Metaspace: 5340K->5340K(1056768K)
[6.727s][info ][gc             ] GC(2337) Pause Young (Allocation Failure) 36M->20M(61M) 1.570ms
[6.727s][info ][gc,cpu         ] GC(2337) User=0.00s Sys=0.00s Real=0.00s
[6.729s][info ][gc,start       ] GC(2338) Pause Young (Allocation Failure)
[6.730s][info ][gc,task        ] GC(2338) Using 8 workers of 8 for evacuation
[6.731s][debug][gc,age         ] GC(2338) Desired survivor size 1114112 bytes, new threshold 1 (max threshold 6)
[6.731s][info ][gc,heap        ] GC(2338) ParNew: 19429K->1957K(19648K)
[6.731s][info ][gc,heap        ] GC(2338) CMS: 19154K->19936K(43712K)
[6.731s][info ][gc,metaspace   ] GC(2338) Metaspace: 5340K->5340K(1056768K)
[6.731s][info ][gc             ] GC(2338) Pause Young (Allocation Failure) 37M->21M(61M) 1.701ms
[6.731s][info ][gc,cpu         ] GC(2338) User=0.00s Sys=0.00s Real=0.00s
[6.732s][info ][gc,start       ] GC(2339) Pause Initial Mark
[6.733s][info ][gc             ] GC(2339) Pause Initial Mark 29M->29M(61M) 0.252ms
[6.733s][info ][gc,cpu         ] GC(2339) User=0.00s Sys=0.00s Real=0.00s
[6.733s][info ][gc             ] GC(2339) Concurrent Mark
[6.733s][info ][gc,task        ] GC(2339) Using 2 workers of 2 for marking
[6.734s][info ][gc,start       ] GC(2340) Pause Young (Allocation Failure)
[6.734s][info ][gc,task        ] GC(2340) Using 8 workers of 8 for evacuation
[6.736s][debug][gc,age         ] GC(2340) Desired survivor size 1114112 bytes, new threshold 1 (max threshold 6)
[6.736s][info ][gc,heap        ] GC(2340) ParNew: 19159K->1566K(19648K)
[6.736s][info ][gc,heap        ] GC(2340) CMS: 19936K->19936K(43712K)
[6.736s][info ][gc,metaspace   ] GC(2340) Metaspace: 5340K->5340K(1056768K)
[6.736s][info ][gc             ] GC(2340) Pause Young (Allocation Failure) 38M->20M(61M) 2.043ms
[6.736s][info ][gc,cpu         ] GC(2340) User=0.01s Sys=0.00s Real=0.00s
[6.737s][info ][gc             ] GC(2339) Concurrent Mark 4.718ms
[6.737s][info ][gc,cpu         ] GC(2339) User=0.01s Sys=0.00s Real=0.01s
[6.738s][info ][gc,start       ] GC(2341) Pause Young (Allocation Failure)
[6.738s][info ][gc,task        ] GC(2341) Using 8 workers of 8 for evacuation
[6.739s][debug][gc,age         ] GC(2341) Desired survivor size 1114112 bytes, new threshold 1 (max threshold 6)
[6.739s][info ][gc,heap        ] GC(2341) ParNew: 19037K->1175K(19648K)
[6.739s][info ][gc,heap        ] GC(2341) CMS: 19936K->20718K(43712K)
[6.739s][info ][gc,metaspace   ] GC(2341) Metaspace: 5340K->5340K(1056768K)
[6.739s][info ][gc             ] GC(2341) Pause Young (Allocation Failure) 38M->21M(61M) 1.616ms
[6.739s][info ][gc,cpu         ] GC(2341) User=0.00s Sys=0.00s Real=0.00s
[6.739s][info ][gc             ] GC(2339) Concurrent Preclean
[6.740s][info ][gc             ] GC(2339) Concurrent Preclean 0.190ms
[6.740s][info ][gc,cpu         ] GC(2339) User=0.00s Sys=0.00s Real=0.00s
[6.740s][info ][gc             ] GC(2339) Concurrent Abortable Preclean
[6.741s][info ][gc,start       ] GC(2342) Pause Young (Allocation Failure)
[6.741s][info ][gc,task        ] GC(2342) Using 8 workers of 8 for evacuation
[6.743s][debug][gc,age         ] GC(2342) Desired survivor size 1114112 bytes, new threshold 1 (max threshold 6)
[6.743s][info ][gc,heap        ] GC(2342) ParNew: 18318K->1963K(19648K)
[6.743s][info ][gc,heap        ] GC(2342) CMS: 20718K->21500K(43712K)
[6.743s][info ][gc,metaspace   ] GC(2342) Metaspace: 5340K->5340K(1056768K)
[6.743s][info ][gc             ] GC(2342) Pause Young (Allocation Failure) 38M->22M(61M) 1.694ms
[6.743s][info ][gc,cpu         ] GC(2342) User=0.00s Sys=0.00s Real=0.00s
[6.744s][info ][gc,start       ] GC(2343) Pause Young (Allocation Failure)
[6.744s][info ][gc,task        ] GC(2343) Using 8 workers of 8 for evacuation
[6.746s][debug][gc,age         ] GC(2343) Desired survivor size 1114112 bytes, new threshold 1 (max threshold 6)
[6.746s][info ][gc,heap        ] GC(2343) ParNew: 19164K->1957K(19648K)
[6.746s][info ][gc,heap        ] GC(2343) CMS: 21500K->22282K(43712K)
[6.746s][info ][gc,metaspace   ] GC(2343) Metaspace: 5340K->5340K(1056768K)
[6.746s][info ][gc             ] GC(2343) Pause Young (Allocation Failure) 39M->23M(61M) 1.698ms
[6.746s][info ][gc,cpu         ] GC(2343) User=0.00s Sys=0.00s Real=0.00s
[6.747s][info ][gc,start       ] GC(2344) Pause Young (Allocation Failure)
[6.747s][info ][gc,task        ] GC(2344) Using 8 workers of 8 for evacuation
[6.749s][debug][gc,age         ] GC(2344) Desired survivor size 1114112 bytes, new threshold 1 (max threshold 6)
[6.749s][info ][gc,heap        ] GC(2344) ParNew: 19429K->1959K(19648K)
[6.749s][info ][gc,heap        ] GC(2344) CMS: 22282K->22673K(43712K)
[6.749s][info ][gc,metaspace   ] GC(2344) Metaspace: 5340K->5340K(1056768K)
[6.749s][info ][gc             ] GC(2344) Pause Young (Allocation Failure) 40M->24M(61M) 1.497ms
[6.749s][info ][gc,cpu         ] GC(2344) User=0.01s Sys=0.00s Real=0.00s
[6.750s][info ][gc,start       ] GC(2345) Pause Young (Allocation Failure)
[6.750s][info ][gc,task        ] GC(2345) Using 8 workers of 8 for evacuation
[6.752s][debug][gc,age         ] GC(2345) Desired survivor size 1114112 bytes, new threshold 1 (max threshold 6)
[6.752s][info ][gc,heap        ] GC(2345) ParNew: 19097K->1965K(19648K)
[6.752s][info ][gc,heap        ] GC(2345) CMS: 22673K->23454K(43712K)
[6.752s][info ][gc,metaspace   ] GC(2345) Metaspace: 5340K->5340K(1056768K)
[6.752s][info ][gc             ] GC(2345) Pause Young (Allocation Failure) 40M->24M(61M) 1.323ms
[6.752s][info ][gc,cpu         ] GC(2345) User=0.01s Sys=0.00s Real=0.00s
[6.753s][info ][gc,start       ] GC(2346) Pause Young (Allocation Failure)
[6.753s][info ][gc,task        ] GC(2346) Using 8 workers of 8 for evacuation
[6.754s][debug][gc,age         ] GC(2346) Desired survivor size 1114112 bytes, new threshold 1 (max threshold 6)
[6.754s][info ][gc,heap        ] GC(2346) ParNew: 19099K->1967K(19648K)
[6.754s][info ][gc,heap        ] GC(2346) CMS: 23454K->24236K(43712K)
[6.754s][info ][gc,metaspace   ] GC(2346) Metaspace: 5340K->5340K(1056768K)
[6.754s][info ][gc             ] GC(2346) Pause Young (Allocation Failure) 41M->25M(61M) 0.570ms
[6.754s][info ][gc,cpu         ] GC(2346) User=0.00s Sys=0.00s Real=0.00s
[6.755s][info ][gc,start       ] GC(2347) Pause Young (Allocation Failure)
[6.755s][info ][gc,task        ] GC(2347) Using 8 workers of 8 for evacuation
[6.756s][debug][gc,age         ] GC(2347) Desired survivor size 1114112 bytes, new threshold 1 (max threshold 6)
[6.756s][info ][gc,heap        ] GC(2347) ParNew: 19151K->1578K(19648K)
[6.756s][info ][gc,heap        ] GC(2347) CMS: 24236K->24236K(43712K)
[6.756s][info ][gc,metaspace   ] GC(2347) Metaspace: 5340K->5340K(1056768K)
[6.756s][info ][gc             ] GC(2347) Pause Young (Allocation Failure) 42M->25M(61M) 0.368ms
[6.756s][info ][gc,cpu         ] GC(2347) User=0.00s Sys=0.01s Real=0.00s
[6.757s][info ][gc,start       ] GC(2348) Pause Young (Allocation Failure)
[6.757s][info ][gc,task        ] GC(2348) Using 8 workers of 8 for evacuation
[6.758s][debug][gc,age         ] GC(2348) Desired survivor size 1114112 bytes, new threshold 1 (max threshold 6)
[6.758s][info ][gc,heap        ] GC(2348) ParNew: 18701K->1965K(19648K)
[6.758s][info ][gc,heap        ] GC(2348) CMS: 24236K->24627K(43712K)
[6.758s][info ][gc,metaspace   ] GC(2348) Metaspace: 5340K->5340K(1056768K)
[6.759s][info ][gc             ] GC(2348) Pause Young (Allocation Failure) 41M->25M(61M) 1.367ms
[6.759s][info ][gc,cpu         ] GC(2348) User=0.00s Sys=0.00s Real=0.00s
[6.760s][info ][gc,start       ] GC(2349) Pause Young (Allocation Failure)
[6.760s][info ][gc,task        ] GC(2349) Using 8 workers of 8 for evacuation
[6.761s][debug][gc,age         ] GC(2349) Desired survivor size 1114112 bytes, new threshold 1 (max threshold 6)
[6.761s][info ][gc,heap        ] GC(2349) ParNew: 19101K->1967K(19648K)
[6.761s][info ][gc,heap        ] GC(2349) CMS: 24627K->25018K(43712K)
[6.761s][info ][gc,metaspace   ] GC(2349) Metaspace: 5340K->5340K(1056768K)
[6.762s][info ][gc             ] GC(2349) Pause Young (Allocation Failure) 42M->26M(61M) 1.478ms
[6.762s][info ][gc,cpu         ] GC(2349) User=0.01s Sys=0.00s Real=0.00s
[6.763s][info ][gc,start       ] GC(2350) Pause Young (Allocation Failure)
[6.763s][info ][gc,task        ] GC(2350) Using 8 workers of 8 for evacuation
[6.764s][debug][gc,age         ] GC(2350) Desired survivor size 1114112 bytes, new threshold 1 (max threshold 6)
[6.764s][info ][gc,heap        ] GC(2350) ParNew: 19100K->1965K(19648K)
[6.764s][info ][gc,heap        ] GC(2350) CMS: 25018K->26971K(43712K)
[6.764s][info ][gc,metaspace   ] GC(2350) Metaspace: 5340K->5340K(1056768K)
[6.764s][info ][gc             ] GC(2350) Pause Young (Allocation Failure) 43M->28M(61M) 1.371ms
[6.764s][info ][gc,cpu         ] GC(2350) User=0.00s Sys=0.00s Real=0.01s
[6.766s][info ][gc,start       ] GC(2351) Pause Young (Allocation Failure)
[6.766s][info ][gc,task        ] GC(2351) Using 8 workers of 8 for evacuation
[6.767s][debug][gc,age         ] GC(2351) Desired survivor size 1114112 bytes, new threshold 1 (max threshold 6)
[6.767s][info ][gc,heap        ] GC(2351) ParNew: 19095K->1574K(19648K)
[6.767s][info ][gc,heap        ] GC(2351) CMS: 26971K->27753K(43712K)
[6.767s][info ][gc,metaspace   ] GC(2351) Metaspace: 5340K->5340K(1056768K)
[6.767s][info ][gc             ] GC(2351) Pause Young (Allocation Failure) 44M->28M(61M) 1.342ms
[6.767s][info ][gc,cpu         ] GC(2351) User=0.01s Sys=0.00s Real=0.00s
[6.769s][info ][gc,start       ] GC(2352) Pause Young (Allocation Failure)
[6.769s][info ][gc,task        ] GC(2352) Using 8 workers of 8 for evacuation
[6.771s][debug][gc,age         ] GC(2352) Desired survivor size 1114112 bytes, new threshold 1 (max threshold 6)
[6.771s][info ][gc,heap        ] GC(2352) ParNew: 19035K->1179K(19648K)
[6.771s][info ][gc,heap        ] GC(2352) CMS: 27753K->27754K(43712K)
[6.771s][info ][gc,metaspace   ] GC(2352) Metaspace: 5340K->5340K(1056768K)
[6.771s][info ][gc             ] GC(2352) Pause Young (Allocation Failure) 45M->28M(61M) 1.972ms
[6.771s][info ][gc,cpu         ] GC(2352) User=0.01s Sys=0.00s Real=0.00s
[6.772s][info ][gc,start       ] GC(2353) Pause Young (Allocation Failure)
[6.772s][info ][gc,task        ] GC(2353) Using 8 workers of 8 for evacuation
[6.774s][debug][gc,age         ] GC(2353) Desired survivor size 1114112 bytes, new threshold 1 (max threshold 6)
[6.774s][info ][gc,heap        ] GC(2353) ParNew: 18335K->1957K(19648K)
[6.774s][info ][gc,heap        ] GC(2353) CMS: 27754K->28145K(43712K)
[6.774s][info ][gc,metaspace   ] GC(2353) Metaspace: 5340K->5340K(1056768K)
[6.774s][info ][gc             ] GC(2353) Pause Young (Allocation Failure) 45M->29M(61M) 2.115ms
[6.774s][info ][gc,cpu         ] GC(2353) User=0.00s Sys=0.00s Real=0.01s
[6.776s][info ][gc,start       ] GC(2354) Pause Young (Allocation Failure)
[6.776s][info ][gc,task        ] GC(2354) Using 8 workers of 8 for evacuation
[6.777s][debug][gc,age         ] GC(2354) Desired survivor size 1114112 bytes, new threshold 1 (max threshold 6)
[6.777s][info ][gc,heap        ] GC(2354) ParNew: 19120K->1568K(19648K)
[6.777s][info ][gc,heap        ] GC(2354) CMS: 28145K->28536K(43712K)
[6.777s][info ][gc,metaspace   ] GC(2354) Metaspace: 5340K->5340K(1056768K)
[6.777s][info ][gc             ] GC(2354) Pause Young (Allocation Failure) 46M->29M(61M) 1.212ms
[6.777s][info ][gc,cpu         ] GC(2354) User=0.00s Sys=0.00s Real=0.00s
[6.779s][info ][gc,start       ] GC(2355) Pause Young (Allocation Failure)
[6.779s][info ][gc,task        ] GC(2355) Using 8 workers of 8 for evacuation
[6.780s][debug][gc,age         ] GC(2355) Desired survivor size 1114112 bytes, new threshold 1 (max threshold 6)
[6.780s][info ][gc,heap        ] GC(2355) ParNew: 18715K->1963K(19648K)
[6.780s][info ][gc,heap        ] GC(2355) CMS: 28536K->28536K(43712K)
[6.780s][info ][gc,metaspace   ] GC(2355) Metaspace: 5340K->5340K(1056768K)
[6.780s][info ][gc             ] GC(2355) Pause Young (Allocation Failure) 46M->29M(61M) 1.134ms
[6.780s][info ][gc,cpu         ] GC(2355) User=0.00s Sys=0.00s Real=0.00s
[6.781s][info ][gc,start       ] GC(2356) Pause Young (Allocation Failure)
[6.781s][info ][gc,task        ] GC(2356) Using 8 workers of 8 for evacuation
[6.783s][debug][gc,age         ] GC(2356) Desired survivor size 1114112 bytes, new threshold 1 (max threshold 6)
[6.783s][info ][gc,heap        ] GC(2356) ParNew: 19402K->1574K(19648K)
[6.783s][info ][gc,heap        ] GC(2356) CMS: 28536K->29319K(43712K)
[6.783s][info ][gc,metaspace   ] GC(2356) Metaspace: 5340K->5340K(1056768K)
[6.783s][info ][gc             ] GC(2356) Pause Young (Allocation Failure) 46M->30M(61M) 1.267ms
[6.783s][info ][gc,cpu         ] GC(2356) User=0.00s Sys=0.00s Real=0.00s
[6.784s][info ][gc,start       ] GC(2357) Pause Young (Allocation Failure)
[6.784s][info ][gc,task        ] GC(2357) Using 8 workers of 8 for evacuation
[6.786s][debug][gc,age         ] GC(2357) Desired survivor size 1114112 bytes, new threshold 1 (max threshold 6)
[6.786s][info ][gc,heap        ] GC(2357) ParNew: 18977K->1568K(19648K)
[6.786s][info ][gc,heap        ] GC(2357) CMS: 29319K->30100K(43712K)
[6.786s][info ][gc,metaspace   ] GC(2357) Metaspace: 5340K->5340K(1056768K)
[6.786s][info ][gc             ] GC(2357) Pause Young (Allocation Failure) 47M->30M(61M) 1.410ms
[6.786s][info ][gc,cpu         ] GC(2357) User=0.00s Sys=0.00s Real=0.00s
[6.787s][info ][gc,start       ] GC(2358) Pause Young (Allocation Failure)
[6.787s][info ][gc,task        ] GC(2358) Using 8 workers of 8 for evacuation
[6.788s][debug][gc,age         ] GC(2358) Desired survivor size 1114112 bytes, new threshold 1 (max threshold 6)
[6.788s][info ][gc,heap        ] GC(2358) ParNew: 18677K->1568K(19648K)
[6.788s][info ][gc,heap        ] GC(2358) CMS: 30100K->30101K(43712K)
[6.788s][info ][gc,metaspace   ] GC(2358) Metaspace: 5340K->5340K(1056768K)
[6.788s][info ][gc             ] GC(2358) Pause Young (Allocation Failure) 47M->30M(61M) 1.095ms
[6.788s][info ][gc,cpu         ] GC(2358) User=0.00s Sys=0.00s Real=0.00s
[6.790s][info ][gc,start       ] GC(2359) Pause Young (Allocation Failure)
[6.790s][info ][gc,task        ] GC(2359) Using 8 workers of 8 for evacuation
[6.791s][debug][gc,age         ] GC(2359) Desired survivor size 1114112 bytes, new threshold 1 (max threshold 6)
[6.791s][info ][gc,heap        ] GC(2359) ParNew: 19040K->1965K(19648K)
[6.791s][info ][gc,heap        ] GC(2359) CMS: 30101K->30101K(43712K)
[6.791s][info ][gc,metaspace   ] GC(2359) Metaspace: 5340K->5340K(1056768K)
[6.791s][info ][gc             ] GC(2359) Pause Young (Allocation Failure) 47M->31M(61M) 1.341ms
[6.791s][info ][gc,cpu         ] GC(2359) User=0.00s Sys=0.00s Real=0.00s
[6.793s][info ][gc,start       ] GC(2360) Pause Young (Allocation Failure)
[6.793s][info ][gc,task        ] GC(2360) Using 8 workers of 8 for evacuation
[6.794s][debug][gc,age         ] GC(2360) Desired survivor size 1114112 bytes, new threshold 1 (max threshold 6)
[6.795s][info ][gc,heap        ] GC(2360) ParNew: 19150K->1959K(19648K)
[6.795s][info ][gc,heap        ] GC(2360) CMS: 30101K->30883K(43712K)
[6.795s][info ][gc,metaspace   ] GC(2360) Metaspace: 5340K->5340K(1056768K)
[6.795s][info ][gc             ] GC(2360) Pause Young (Allocation Failure) 48M->32M(61M) 1.521ms
[6.795s][info ][gc,cpu         ] GC(2360) User=0.00s Sys=0.00s Real=0.00s
[6.797s][info ][gc,start       ] GC(2361) Pause Young (Allocation Failure)
[6.797s][info ][gc,task        ] GC(2361) Using 8 workers of 8 for evacuation
[6.798s][debug][gc,age         ] GC(2361) Desired survivor size 1114112 bytes, new threshold 6 (max threshold 6)
[6.798s][info ][gc,heap        ] GC(2361) ParNew: 19345K->398K(19648K)
[6.798s][info ][gc,heap        ] GC(2361) CMS: 30883K->32056K(43712K)
[6.798s][info ][gc,metaspace   ] GC(2361) Metaspace: 5340K->5340K(1056768K)
[6.798s][info ][gc             ] GC(2361) Pause Young (Allocation Failure) 49M->31M(61M) 1.223ms
[6.798s][info ][gc,cpu         ] GC(2361) User=0.00s Sys=0.00s Real=0.00s
[6.799s][info ][gc,start       ] GC(2362) Pause Young (Allocation Failure)
[6.799s][info ][gc,task        ] GC(2362) Using 8 workers of 8 for evacuation
[6.801s][debug][gc,age         ] GC(2362) Desired survivor size 1114112 bytes, new threshold 1 (max threshold 6)
[6.801s][info ][gc,heap        ] GC(2362) ParNew: 17642K->1566K(19648K)
[6.801s][info ][gc,heap        ] GC(2362) CMS: 32056K->32056K(43712K)
[6.801s][info ][gc,metaspace   ] GC(2362) Metaspace: 5340K->5340K(1056768K)
[6.801s][info ][gc             ] GC(2362) Pause Young (Allocation Failure) 48M->32M(61M) 1.968ms
[6.801s][info ][gc,cpu         ] GC(2362) User=0.01s Sys=0.00s Real=0.00s
[6.803s][info ][gc,start       ] GC(2363) Pause Young (Allocation Failure)
[6.803s][info ][gc,task        ] GC(2363) Using 8 workers of 8 for evacuation
[6.805s][debug][gc,age         ] GC(2363) Desired survivor size 1114112 bytes, new threshold 1 (max threshold 6)
[6.805s][info ][gc,heap        ] GC(2363) ParNew: 18985K->1175K(19648K)
[6.805s][info ][gc,heap        ] GC(2363) CMS: 32056K->33229K(43712K)
[6.805s][info ][gc,metaspace   ] GC(2363) Metaspace: 5340K->5340K(1056768K)
[6.805s][info ][gc             ] GC(2363) Pause Young (Allocation Failure) 49M->33M(61M) 1.992ms
[6.805s][info ][gc,cpu         ] GC(2363) User=0.01s Sys=0.00s Real=0.00s
[6.808s][info ][gc,start       ] GC(2364) Pause Young (Allocation Failure)
[6.808s][info ][gc,task        ] GC(2364) Using 8 workers of 8 for evacuation
[6.809s][debug][gc,age         ] GC(2364) Desired survivor size 1114112 bytes, new threshold 1 (max threshold 6)
[6.809s][info ][gc,heap        ] GC(2364) ParNew: 18292K->1568K(19648K)
[6.809s][info ][gc,heap        ] GC(2364) CMS: 33229K->33620K(43712K)
[6.809s][info ][gc,metaspace   ] GC(2364) Metaspace: 5340K->5340K(1056768K)
[6.809s][info ][gc             ] GC(2364) Pause Young (Allocation Failure) 50M->34M(61M) 1.531ms
[6.809s][info ][gc,cpu         ] GC(2364) User=0.01s Sys=0.00s Real=0.00s
[6.811s][info ][gc,start       ] GC(2365) Pause Young (Allocation Failure)
[6.811s][info ][gc,task        ] GC(2365) Using 8 workers of 8 for evacuation
[6.811s][debug][gc,age         ] GC(2365) Desired survivor size 1114112 bytes, new threshold 1 (max threshold 6)
[6.811s][info ][gc,heap        ] GC(2365) ParNew: 18896K->1969K(19648K)
[6.811s][info ][gc,heap        ] GC(2365) CMS: 33620K->34401K(43712K)
[6.811s][info ][gc,metaspace   ] GC(2365) Metaspace: 5340K->5340K(1056768K)
[6.811s][info ][gc             ] GC(2365) Pause Young (Allocation Failure) 51M->35M(61M) 0.734ms
[6.811s][info ][gc,cpu         ] GC(2365) User=0.00s Sys=0.00s Real=0.00s
[6.813s][info ][gc,start       ] GC(2366) Pause Young (Allocation Failure)
[6.813s][info ][gc,task        ] GC(2366) Using 8 workers of 8 for evacuation
[6.814s][debug][gc,age         ] GC(2366) Desired survivor size 1114112 bytes, new threshold 1 (max threshold 6)
[6.814s][info ][gc,heap        ] GC(2366) ParNew: 19230K->1959K(19648K)
[6.814s][info ][gc,heap        ] GC(2366) CMS: 34401K->34792K(43712K)
[6.814s][info ][gc,metaspace   ] GC(2366) Metaspace: 5340K->5340K(1056768K)
[6.814s][info ][gc             ] GC(2366) Pause Young (Allocation Failure) 52M->35M(61M) 1.782ms
[6.815s][info ][gc,cpu         ] GC(2366) User=0.01s Sys=0.00s Real=0.01s
[6.816s][info ][gc,start       ] GC(2367) Pause Young (Allocation Failure)
[6.816s][info ][gc,task        ] GC(2367) Using 8 workers of 8 for evacuation
[6.818s][debug][gc,age         ] GC(2367) Desired survivor size 1114112 bytes, new threshold 6 (max threshold 6)
[6.818s][info ][gc,heap        ] GC(2367) ParNew: 19371K->787K(19648K)
[6.818s][info ][gc,heap        ] GC(2367) CMS: 34792K->35965K(43712K)
[6.818s][info ][gc,metaspace   ] GC(2367) Metaspace: 5340K->5340K(1056768K)
[6.818s][info ][gc             ] GC(2367) Pause Young (Allocation Failure) 52M->35M(61M) 1.400ms
[6.818s][info ][gc,cpu         ] GC(2367) User=0.01s Sys=0.00s Real=0.00s
[6.819s][info ][gc,start       ] GC(2368) Pause Young (Allocation Failure)
[6.819s][info ][gc,task        ] GC(2368) Using 8 workers of 8 for evacuation
[6.820s][debug][gc,age         ] GC(2368) Desired survivor size 1114112 bytes, new threshold 1 (max threshold 6)
[6.820s][info ][gc,heap        ] GC(2368) ParNew: 18187K->1965K(19648K)
[6.820s][info ][gc,heap        ] GC(2368) CMS: 35965K->35965K(43712K)
[6.820s][info ][gc,metaspace   ] GC(2368) Metaspace: 5340K->5340K(1056768K)
[6.820s][info ][gc             ] GC(2368) Pause Young (Allocation Failure) 52M->37M(61M) 1.163ms
[6.820s][info ][gc,cpu         ] GC(2368) User=0.01s Sys=0.00s Real=0.00s
[6.821s][info ][gc,start       ] GC(2369) Pause Young (Allocation Failure)
[6.822s][info ][gc,task        ] GC(2369) Using 8 workers of 8 for evacuation
[6.823s][debug][gc,age         ] GC(2369) Desired survivor size 1114112 bytes, new threshold 6 (max threshold 6)
[6.823s][info ][gc,heap        ] GC(2369) ParNew: 19200K->787K(19648K)
[6.823s][info ][gc,heap        ] GC(2369) CMS: 35965K->37138K(43712K)
[6.823s][info ][gc,metaspace   ] GC(2369) Metaspace: 5340K->5340K(1056768K)
[6.823s][info ][gc             ] GC(2369) Pause Young (Allocation Failure) 53M->37M(61M) 1.194ms
[6.823s][info ][gc,cpu         ] GC(2369) User=0.01s Sys=0.00s Real=0.00s
[6.824s][info ][gc,start       ] GC(2370) Pause Young (Allocation Failure)
[6.824s][info ][gc,task        ] GC(2370) Using 8 workers of 8 for evacuation
[6.826s][debug][gc,age         ] GC(2370) Desired survivor size 1114112 bytes, new threshold 1 (max threshold 6)
[6.826s][info ][gc,heap        ] GC(2370) ParNew: 17988K->1959K(19648K)
[6.826s][info ][gc,heap        ] GC(2370) CMS: 37138K->37920K(43712K)
[6.826s][info ][gc,metaspace   ] GC(2370) Metaspace: 5340K->5340K(1056768K)
[6.826s][info ][gc             ] GC(2370) Pause Young (Allocation Failure) 53M->38M(61M) 1.647ms
[6.826s][info ][gc,cpu         ] GC(2370) User=0.01s Sys=0.00s Real=0.00s
[6.828s][info ][gc,start       ] GC(2371) Pause Young (Allocation Failure)
[6.828s][info ][gc,task        ] GC(2371) Using 8 workers of 8 for evacuation
[6.829s][debug][gc,age         ] GC(2371) Desired survivor size 1114112 bytes, new threshold 1 (max threshold 6)
[6.829s][info ][gc,heap        ] GC(2371) ParNew: 19211K->1961K(19648K)
[6.829s][info ][gc,heap        ] GC(2371) CMS: 37920K->37920K(43712K)
[6.829s][info ][gc,metaspace   ] GC(2371) Metaspace: 5340K->5340K(1056768K)
[6.829s][info ][gc             ] GC(2371) Pause Young (Allocation Failure) 55M->38M(61M) 1.205ms
[6.829s][info ][gc,cpu         ] GC(2371) User=0.01s Sys=0.00s Real=0.00s
[6.831s][info ][gc,start       ] GC(2372) Pause Young (Allocation Failure)
[6.831s][info ][gc,task        ] GC(2372) Using 8 workers of 8 for evacuation
[6.832s][debug][gc,age         ] GC(2372) Desired survivor size 1114112 bytes, new threshold 1 (max threshold 6)
[6.832s][info ][gc,heap        ] GC(2372) ParNew: 19411K->1175K(19648K)
[6.832s][info ][gc,heap        ] GC(2372) CMS: 37920K->39093K(43712K)
[6.832s][info ][gc,metaspace   ] GC(2372) Metaspace: 5340K->5340K(1056768K)
[6.832s][info ][gc             ] GC(2372) Pause Young (Allocation Failure) 55M->39M(61M) 1.486ms
[6.832s][info ][gc,cpu         ] GC(2372) User=0.01s Sys=0.00s Real=0.00s
[6.833s][info ][gc,start       ] GC(2373) Pause Young (Allocation Failure)
[6.833s][info ][gc,task        ] GC(2373) Using 8 workers of 8 for evacuation
[6.835s][debug][gc,age         ] GC(2373) Desired survivor size 1114112 bytes, new threshold 6 (max threshold 6)
[6.835s][info ][gc,heap        ] GC(2373) ParNew: 18613K->785K(19648K)
[6.835s][info ][gc,heap        ] GC(2373) CMS: 39093K->39875K(43712K)
[6.835s][info ][gc,metaspace   ] GC(2373) Metaspace: 5340K->5340K(1056768K)
[6.835s][info ][gc             ] GC(2373) Pause Young (Allocation Failure) 56M->39M(61M) 1.949ms
[6.835s][info ][gc,cpu         ] GC(2373) User=0.01s Sys=0.00s Real=0.00s
[6.837s][info ][gc,start       ] GC(2374) Pause Young (Allocation Failure)
[6.837s][info ][gc,task        ] GC(2374) Using 8 workers of 8 for evacuation
[6.838s][debug][gc,age         ] GC(2374) Desired survivor size 1114112 bytes, new threshold 2 (max threshold 6)
[6.838s][info ][gc,heap        ] GC(2374) ParNew: 18208K->1186K(19648K)
[6.838s][info ][gc,heap        ] GC(2374) CMS: 39875K->39875K(43712K)
[6.838s][info ][gc,metaspace   ] GC(2374) Metaspace: 5340K->5340K(1056768K)
[6.838s][info ][gc             ] GC(2374) Pause Young (Allocation Failure) 56M->40M(61M) 0.966ms
[6.838s][info ][gc,cpu         ] GC(2374) User=0.00s Sys=0.00s Real=0.00s
[6.839s][info ][gc,start       ] GC(2375) Pause Young (Allocation Failure)
[6.839s][info ][gc,task        ] GC(2375) Using 8 workers of 8 for evacuation
[6.840s][debug][gc,age         ] GC(2375) Desired survivor size 1114112 bytes, new threshold 6 (max threshold 6)
[6.840s][info ][gc,heap        ] GC(2375) ParNew: 18646K->787K(19648K)
[6.840s][info ][gc,heap        ] GC(2375) CMS: 39875K->39875K(43712K)
[6.840s][info ][gc,metaspace   ] GC(2375) Metaspace: 5340K->5340K(1056768K)
[6.840s][info ][gc             ] GC(2375) Pause Young (Allocation Failure) 57M->39M(61M) 1.101ms
[6.840s][info ][gc,cpu         ] GC(2375) User=0.00s Sys=0.00s Real=0.00s
[6.842s][info ][gc,start       ] GC(2376) Pause Young (Allocation Failure)
[6.842s][info ][gc,task        ] GC(2376) Using 8 workers of 8 for evacuation
[6.843s][debug][gc,age         ] GC(2376) Desired survivor size 1114112 bytes, new threshold 1 (max threshold 6)
[6.843s][info ][gc,heap        ] GC(2376) ParNew: 18125K->1961K(19648K)
[6.843s][info ][gc,heap        ] GC(2376) CMS: 39875K->40266K(43712K)
[6.843s][info ][gc,metaspace   ] GC(2376) Metaspace: 5340K->5340K(1056768K)
[6.843s][info ][gc             ] GC(2376) Pause Young (Allocation Failure) 56M->41M(61M) 1.291ms
[6.844s][info ][gc,cpu         ] GC(2376) User=0.00s Sys=0.00s Real=0.01s
[6.845s][info ][gc,start       ] GC(2377) Pause Young (Allocation Failure)
[6.845s][info ][gc,task        ] GC(2377) Using 8 workers of 8 for evacuation
[6.846s][debug][gc,age         ] GC(2377) Desired survivor size 1114112 bytes, new threshold 1 (max threshold 6)
[6.846s][info ][gc,heap        ] GC(2377) ParNew: 19171K->1570K(19648K)
[6.846s][info ][gc,heap        ] GC(2377) CMS: 40266K->40657K(43712K)
[6.846s][info ][gc,metaspace   ] GC(2377) Metaspace: 5340K->5340K(1056768K)
[6.846s][info ][gc             ] GC(2377) Pause Young (Allocation Failure) 58M->41M(61M) 1.492ms
[6.846s][info ][gc,cpu         ] GC(2377) User=0.00s Sys=0.00s Real=0.00s
[6.848s][info ][gc,start       ] GC(2378) Pause Young (Allocation Failure)
[6.848s][info ][gc,task        ] GC(2378) Using 8 workers of 8 for evacuation
[6.849s][debug][gc,age         ] GC(2378) Desired survivor size 1114112 bytes, new threshold 1 (max threshold 6)
[6.849s][info ][gc,heap        ] GC(2378) ParNew: 18813K->1959K(19648K)
[6.849s][info ][gc,heap        ] GC(2378) CMS: 40657K->41438K(43712K)
[6.849s][info ][gc,metaspace   ] GC(2378) Metaspace: 5340K->5340K(1056768K)
[6.849s][info ][gc             ] GC(2378) Pause Young (Allocation Failure) 58M->42M(61M) 1.265ms
[6.849s][info ][gc,cpu         ] GC(2378) User=0.01s Sys=0.00s Real=0.00s
[6.851s][info ][gc,start       ] GC(2379) Pause Young (Allocation Failure)
[6.851s][info ][gc,task        ] GC(2379) Using 8 workers of 8 for evacuation
[6.852s][debug][gc,age         ] GC(2379) Desired survivor size 1114112 bytes, new threshold 1 (max threshold 6)
[6.852s][info ][gc,heap        ] GC(2379) ParNew: 19335K->1179K(19648K)
[6.852s][info ][gc,heap        ] GC(2379) CMS: 41438K->42611K(43712K)
[6.852s][info ][gc,metaspace   ] GC(2379) Metaspace: 5340K->5340K(1056768K)
[6.852s][info ][gc             ] GC(2379) Pause Young (Allocation Failure) 59M->42M(61M) 1.224ms
[6.852s][info ][gc,cpu         ] GC(2379) User=0.01s Sys=0.00s Real=0.00s
[6.852s][info ][gc             ] GC(2339) Concurrent Abortable Preclean 112.264ms
[6.852s][info ][gc,cpu         ] GC(2339) User=0.42s Sys=0.02s Real=0.11s
[6.852s][info ][gc,start       ] GC(2339) Pause Remark
[6.853s][debug][gc,phases      ] GC(2339) Rescan (parallel) 0.639ms
[6.853s][debug][gc,phases      ] GC(2339) Reference Processing 0.012ms
[6.853s][debug][gc,phases      ] GC(2339) Weak Processing 0.003ms
[6.853s][debug][gc,phases      ] GC(2339) ClassLoaderData 0.008ms
[6.853s][debug][gc,phases      ] GC(2339) ProtectionDomainCacheTable 0.002ms
[6.853s][debug][gc,phases      ] GC(2339) ResolvedMethodTable 0.005ms
[6.853s][debug][gc,phases      ] GC(2339) Class Unloading 0.171ms
[6.853s][debug][gc,phases      ] GC(2339) Scrub Symbol Table 0.439ms
[6.853s][debug][gc,phases      ] GC(2339) Scrub String Table 0.019ms
[6.853s][info ][gc             ] GC(2339) Pause Remark 44M->44M(61M) 1.379ms
[6.853s][info ][gc,cpu         ] GC(2339) User=0.00s Sys=0.00s Real=0.01s
[6.853s][info ][gc             ] GC(2339) Concurrent Sweep
[6.854s][info ][gc             ] GC(2339) Concurrent Sweep 0.578ms
[6.854s][info ][gc,cpu         ] GC(2339) User=0.00s Sys=0.00s Real=0.00s
[6.854s][info ][gc             ] GC(2339) Concurrent Reset
[6.854s][info ][gc             ] GC(2339) Concurrent Reset 0.136ms
[6.854s][info ][gc,cpu         ] GC(2339) User=0.00s Sys=0.00s Real=0.00s
[6.854s][info ][gc,heap        ] GC(2339) Old: 19936K->24240K(43712K)
[6.855s][info ][gc,start       ] GC(2380) Pause Young (Allocation Failure)
[6.855s][info ][gc,task        ] GC(2380) Using 8 workers of 8 for evacuation
[6.856s][debug][gc,age         ] GC(2380) Desired survivor size 1114112 bytes, new threshold 1 (max threshold 6)
[6.856s][info ][gc,heap        ] GC(2380) ParNew: 18441K->1969K(19648K)
[6.856s][info ][gc,heap        ] GC(2380) CMS: 24240K->25802K(43712K)
[6.856s][info ][gc,metaspace   ] GC(2380) Metaspace: 5340K->5340K(1056768K)
[6.856s][info ][gc             ] GC(2380) Pause Young (Allocation Failure) 41M->27M(61M) 1.259ms
[6.856s][info ][gc,cpu         ] GC(2380) User=0.00s Sys=0.00s Real=0.00s
[6.856s][info ][gc,start       ] GC(2381) Pause Initial Mark
[6.857s][info ][gc             ] GC(2381) Pause Initial Mark 27M->27M(61M) 0.118ms
[6.857s][info ][gc,cpu         ] GC(2381) User=0.01s Sys=0.00s Real=0.00s
[6.857s][info ][gc             ] GC(2381) Concurrent Mark
[6.857s][info ][gc,task        ] GC(2381) Using 2 workers of 2 for marking
[6.858s][info ][gc,start       ] GC(2382) Pause Young (Allocation Failure)
[6.858s][info ][gc,task        ] GC(2382) Using 8 workers of 8 for evacuation
[6.859s][debug][gc,age         ] GC(2382) Desired survivor size 1114112 bytes, new threshold 1 (max threshold 6)
[6.859s][info ][gc,heap        ] GC(2382) ParNew: 19187K->1963K(19648K)
[6.859s][info ][gc,heap        ] GC(2382) CMS: 25802K->26193K(43712K)
[6.859s][info ][gc,metaspace   ] GC(2382) Metaspace: 5340K->5340K(1056768K)
[6.859s][info ][gc             ] GC(2382) Pause Young (Allocation Failure) 43M->27M(61M) 1.302ms
[6.859s][info ][gc,cpu         ] GC(2382) User=0.01s Sys=0.00s Real=0.00s
[6.860s][info ][gc             ] GC(2381) Concurrent Mark 3.455ms
[6.860s][info ][gc,cpu         ] GC(2381) User=0.01s Sys=0.00s Real=0.00s
[6.860s][info ][gc             ] GC(2381) Concurrent Preclean
[6.860s][info ][gc             ] GC(2381) Concurrent Preclean 0.201ms
[6.860s][info ][gc,cpu         ] GC(2381) User=0.00s Sys=0.00s Real=0.00s
[6.860s][info ][gc             ] GC(2381) Concurrent Abortable Preclean
[6.861s][info ][gc,start       ] GC(2383) Pause Young (Allocation Failure)
[6.861s][info ][gc,task        ] GC(2383) Using 8 workers of 8 for evacuation
[6.862s][debug][gc,age         ] GC(2383) Desired survivor size 1114112 bytes, new threshold 1 (max threshold 6)
[6.862s][info ][gc,heap        ] GC(2383) ParNew: 19091K->1961K(19648K)
[6.862s][info ][gc,heap        ] GC(2383) CMS: 26193K->26975K(43712K)
[6.862s][info ][gc,metaspace   ] GC(2383) Metaspace: 5340K->5340K(1056768K)
[6.862s][info ][gc             ] GC(2383) Pause Young (Allocation Failure) 44M->28M(61M) 1.277ms
[6.862s][info ][gc,cpu         ] GC(2383) User=0.00s Sys=0.00s Real=0.00s
[6.864s][info ][gc,start       ] GC(2384) Pause Young (Allocation Failure)
[6.864s][info ][gc,task        ] GC(2384) Using 8 workers of 8 for evacuation
[6.864s][debug][gc,age         ] GC(2384) Desired survivor size 1114112 bytes, new threshold 1 (max threshold 6)
[6.864s][info ][gc,heap        ] GC(2384) ParNew: 19156K->1963K(19648K)
[6.865s][info ][gc,heap        ] GC(2384) CMS: 26975K->27366K(43712K)
[6.865s][info ][gc,metaspace   ] GC(2384) Metaspace: 5340K->5340K(1056768K)
[6.865s][info ][gc             ] GC(2384) Pause Young (Allocation Failure) 45M->28M(61M) 0.661ms
[6.865s][info ][gc,cpu         ] GC(2384) User=0.00s Sys=0.00s Real=0.00s
[6.866s][info ][gc,start       ] GC(2385) Pause Young (Allocation Failure)
[6.866s][info ][gc,task        ] GC(2385) Using 8 workers of 8 for evacuation
[6.868s][debug][gc,age         ] GC(2385) Desired survivor size 1114112 bytes, new threshold 6 (max threshold 6)
[6.868s][info ][gc,heap        ] GC(2385) ParNew: 19376K->789K(19648K)
[6.868s][info ][gc,heap        ] GC(2385) CMS: 27366K->28539K(43712K)
[6.868s][info ][gc,metaspace   ] GC(2385) Metaspace: 5340K->5340K(1056768K)
[6.868s][info ][gc             ] GC(2385) Pause Young (Allocation Failure) 45M->28M(61M) 1.687ms
[6.868s][info ][gc,cpu         ] GC(2385) User=0.00s Sys=0.00s Real=0.00s
[6.869s][info ][gc,start       ] GC(2386) Pause Young (Allocation Failure)
[6.869s][info ][gc,task        ] GC(2386) Using 8 workers of 8 for evacuation
[6.870s][debug][gc,age         ] GC(2386) Desired survivor size 1114112 bytes, new threshold 1 (max threshold 6)
[6.871s][info ][gc,heap        ] GC(2386) ParNew: 18261K->1959K(19648K)
[6.871s][info ][gc,heap        ] GC(2386) CMS: 28539K->28929K(43712K)
[6.871s][info ][gc,metaspace   ] GC(2386) Metaspace: 5340K->5340K(1056768K)
[6.871s][info ][gc             ] GC(2386) Pause Young (Allocation Failure) 45M->30M(61M) 1.471ms
[6.871s][info ][gc,cpu         ] GC(2386) User=0.00s Sys=0.00s Real=0.00s
[6.872s][info ][gc,start       ] GC(2387) Pause Young (Allocation Failure)
[6.872s][info ][gc,task        ] GC(2387) Using 8 workers of 8 for evacuation
[6.873s][debug][gc,age         ] GC(2387) Desired survivor size 1114112 bytes, new threshold 1 (max threshold 6)
[6.873s][info ][gc,heap        ] GC(2387) ParNew: 19197K->1961K(19648K)
[6.873s][info ][gc,heap        ] GC(2387) CMS: 28929K->29321K(43712K)
[6.873s][info ][gc,metaspace   ] GC(2387) Metaspace: 5340K->5340K(1056768K)
[6.873s][info ][gc             ] GC(2387) Pause Young (Allocation Failure) 46M->30M(61M) 1.262ms
[6.873s][info ][gc,cpu         ] GC(2387) User=0.00s Sys=0.00s Real=0.01s
[6.875s][info ][gc,start       ] GC(2388) Pause Young (Allocation Failure)
[6.875s][info ][gc,task        ] GC(2388) Using 8 workers of 8 for evacuation
[6.876s][debug][gc,age         ] GC(2388) Desired survivor size 1114112 bytes, new threshold 1 (max threshold 6)
[6.876s][info ][gc,heap        ] GC(2388) ParNew: 19164K->1965K(19648K)
[6.876s][info ][gc,heap        ] GC(2388) CMS: 29321K->30883K(43712K)
[6.876s][info ][gc,metaspace   ] GC(2388) Metaspace: 5340K->5340K(1056768K)
[6.876s][info ][gc             ] GC(2388) Pause Young (Allocation Failure) 47M->32M(61M) 0.981ms
[6.876s][info ][gc,cpu         ] GC(2388) User=0.00s Sys=0.00s Real=0.00s
[6.877s][info ][gc,start       ] GC(2389) Pause Young (Allocation Failure)
[6.877s][info ][gc,task        ] GC(2389) Using 8 workers of 8 for evacuation
[6.879s][debug][gc,age         ] GC(2389) Desired survivor size 1114112 bytes, new threshold 1 (max threshold 6)
[6.879s][info ][gc,heap        ] GC(2389) ParNew: 19146K->1963K(19648K)
[6.879s][info ][gc,heap        ] GC(2389) CMS: 30883K->32446K(43712K)
[6.879s][info ][gc,metaspace   ] GC(2389) Metaspace: 5340K->5340K(1056768K)
[6.879s][info ][gc             ] GC(2389) Pause Young (Allocation Failure) 48M->33M(61M) 1.482ms
[6.879s][info ][gc,cpu         ] GC(2389) User=0.00s Sys=0.00s Real=0.00s
[6.880s][info ][gc,start       ] GC(2390) Pause Young (Allocation Failure)
[6.881s][info ][gc,task        ] GC(2390) Using 8 workers of 8 for evacuation
[6.881s][debug][gc,age         ] GC(2390) Desired survivor size 1114112 bytes, new threshold 1 (max threshold 6)
[6.882s][info ][gc,heap        ] GC(2390) ParNew: 19435K->1576K(19648K)
[6.882s][info ][gc,heap        ] GC(2390) CMS: 32446K->32446K(43712K)
[6.882s][info ][gc,metaspace   ] GC(2390) Metaspace: 5340K->5340K(1056768K)
[6.882s][info ][gc             ] GC(2390) Pause Young (Allocation Failure) 50M->33M(61M) 1.087ms
[6.882s][info ][gc,cpu         ] GC(2390) User=0.00s Sys=0.00s Real=0.00s
[6.883s][info ][gc,start       ] GC(2391) Pause Young (Allocation Failure)
[6.883s][info ][gc,task        ] GC(2391) Using 8 workers of 8 for evacuation
[6.885s][debug][gc,age         ] GC(2391) Desired survivor size 1114112 bytes, new threshold 6 (max threshold 6)
[6.885s][info ][gc,heap        ] GC(2391) ParNew: 19009K->791K(19648K)
[6.885s][info ][gc,heap        ] GC(2391) CMS: 32446K->33229K(43712K)
[6.885s][info ][gc,metaspace   ] GC(2391) Metaspace: 5340K->5340K(1056768K)
[6.885s][info ][gc             ] GC(2391) Pause Young (Allocation Failure) 50M->33M(61M) 1.671ms
[6.885s][info ][gc,cpu         ] GC(2391) User=0.00s Sys=0.00s Real=0.00s
[6.886s][info ][gc,start       ] GC(2392) Pause Young (Allocation Failure)
[6.886s][info ][gc,task        ] GC(2392) Using 8 workers of 8 for evacuation
[6.888s][debug][gc,age         ] GC(2392) Desired survivor size 1114112 bytes, new threshold 1 (max threshold 6)
[6.888s][info ][gc,heap        ] GC(2392) ParNew: 17999K->1965K(19648K)
[6.888s][info ][gc,heap        ] GC(2392) CMS: 33229K->34010K(43712K)
[6.888s][info ][gc,metaspace   ] GC(2392) Metaspace: 5340K->5340K(1056768K)
[6.888s][info ][gc             ] GC(2392) Pause Young (Allocation Failure) 50M->35M(61M) 1.420ms
[6.888s][info ][gc,cpu         ] GC(2392) User=0.01s Sys=0.00s Real=0.00s
[6.889s][info ][gc,start       ] GC(2393) Pause Young (Allocation Failure)
[6.889s][info ][gc,task        ] GC(2393) Using 8 workers of 8 for evacuation
[6.890s][debug][gc,age         ] GC(2393) Desired survivor size 1114112 bytes, new threshold 1 (max threshold 6)
[6.890s][info ][gc,heap        ] GC(2393) ParNew: 19436K->1177K(19648K)
[6.890s][info ][gc,heap        ] GC(2393) CMS: 34010K->34792K(43712K)
[6.890s][info ][gc,metaspace   ] GC(2393) Metaspace: 5340K->5340K(1056768K)
[6.890s][info ][gc             ] GC(2393) Pause Young (Allocation Failure) 52M->35M(61M) 1.335ms
[6.890s][info ][gc,cpu         ] GC(2393) User=0.01s Sys=0.00s Real=0.00s
[6.892s][info ][gc,start       ] GC(2394) Pause Young (Allocation Failure)
[6.892s][info ][gc,task        ] GC(2394) Using 8 workers of 8 for evacuation
[6.893s][debug][gc,age         ] GC(2394) Desired survivor size 1114112 bytes, new threshold 1 (max threshold 6)
[6.893s][info ][gc,heap        ] GC(2394) ParNew: 18334K->1965K(19648K)
[6.893s][info ][gc,heap        ] GC(2394) CMS: 34792K->35574K(43712K)
[6.893s][info ][gc,metaspace   ] GC(2394) Metaspace: 5340K->5340K(1056768K)
[6.893s][info ][gc             ] GC(2394) Pause Young (Allocation Failure) 51M->36M(61M) 1.018ms
[6.893s][info ][gc,cpu         ] GC(2394) User=0.01s Sys=0.00s Real=0.01s
[6.895s][info ][gc,start       ] GC(2395) Pause Young (Allocation Failure)
[6.895s][info ][gc,task        ] GC(2395) Using 8 workers of 8 for evacuation
[6.896s][debug][gc,age         ] GC(2395) Desired survivor size 1114112 bytes, new threshold 1 (max threshold 6)
[6.896s][info ][gc,heap        ] GC(2395) ParNew: 19164K->1959K(19648K)
[6.896s][info ][gc,heap        ] GC(2395) CMS: 35574K->35965K(43712K)
[6.896s][info ][gc,metaspace   ] GC(2395) Metaspace: 5340K->5340K(1056768K)
[6.896s][info ][gc             ] GC(2395) Pause Young (Allocation Failure) 53M->37M(61M) 1.291ms
[6.896s][info ][gc,cpu         ] GC(2395) User=0.00s Sys=0.00s Real=0.00s
[6.897s][info ][gc,start       ] GC(2396) Pause Young (Allocation Failure)
[6.897s][info ][gc,task        ] GC(2396) Using 8 workers of 8 for evacuation
[6.899s][debug][gc,age         ] GC(2396) Desired survivor size 1114112 bytes, new threshold 1 (max threshold 6)
[6.899s][info ][gc,heap        ] GC(2396) ParNew: 19137K->1963K(19648K)
[6.899s][info ][gc,heap        ] GC(2396) CMS: 35965K->36746K(43712K)
[6.899s][info ][gc,metaspace   ] GC(2396) Metaspace: 5340K->5340K(1056768K)
[6.899s][info ][gc             ] GC(2396) Pause Young (Allocation Failure) 53M->37M(61M) 1.456ms
[6.899s][info ][gc,cpu         ] GC(2396) User=0.01s Sys=0.00s Real=0.00s
[6.900s][info ][gc,start       ] GC(2397) Pause Young (Allocation Failure)
[6.900s][info ][gc,task        ] GC(2397) Using 8 workers of 8 for evacuation
[6.901s][debug][gc,age         ] GC(2397) Desired survivor size 1114112 bytes, new threshold 1 (max threshold 6)
[6.901s][info ][gc,heap        ] GC(2397) ParNew: 19128K->1576K(19648K)
[6.901s][info ][gc,heap        ] GC(2397) CMS: 36746K->36746K(43712K)
[6.901s][info ][gc,metaspace   ] GC(2397) Metaspace: 5340K->5340K(1056768K)
[6.901s][info ][gc             ] GC(2397) Pause Young (Allocation Failure) 54M->37M(61M) 0.402ms
[6.901s][info ][gc,cpu         ] GC(2397) User=0.00s Sys=0.00s Real=0.00s
[6.902s][info ][gc,start       ] GC(2398) Pause Young (Allocation Failure)
[6.902s][info ][gc,task        ] GC(2398) Using 8 workers of 8 for evacuation
[6.902s][debug][gc,age         ] GC(2398) Desired survivor size 1114112 bytes, new threshold 1 (max threshold 6)
[6.902s][info ][gc,heap        ] GC(2398) ParNew: 18680K->1969K(19648K)
[6.902s][info ][gc,heap        ] GC(2398) CMS: 36746K->37137K(43712K)
[6.902s][info ][gc,metaspace   ] GC(2398) Metaspace: 5340K->5340K(1056768K)
[6.902s][info ][gc             ] GC(2398) Pause Young (Allocation Failure) 54M->38M(61M) 0.500ms
[6.902s][info ][gc,cpu         ] GC(2398) User=0.00s Sys=0.00s Real=0.00s
[6.904s][info ][gc,start       ] GC(2399) Pause Young (Allocation Failure)
[6.904s][info ][gc,task        ] GC(2399) Using 8 workers of 8 for evacuation
[6.904s][debug][gc,age         ] GC(2399) Desired survivor size 1114112 bytes, new threshold 1 (max threshold 6)
[6.904s][info ][gc,heap        ] GC(2399) ParNew: 19138K->1969K(19648K)
[6.904s][info ][gc,heap        ] GC(2399) CMS: 37137K->37918K(43712K)
[6.904s][info ][gc,metaspace   ] GC(2399) Metaspace: 5340K->5340K(1056768K)
[6.904s][info ][gc             ] GC(2399) Pause Young (Allocation Failure) 54M->38M(61M) 0.503ms
[6.904s][info ][gc,cpu         ] GC(2399) User=0.00s Sys=0.00s Real=0.00s
[6.906s][info ][gc,start       ] GC(2400) Pause Young (Allocation Failure)
[6.906s][info ][gc,task        ] GC(2400) Using 8 workers of 8 for evacuation
[6.907s][debug][gc,age         ] GC(2400) Desired survivor size 1114112 bytes, new threshold 1 (max threshold 6)
[6.907s][info ][gc,heap        ] GC(2400) ParNew: 19128K->1969K(19648K)
[6.907s][info ][gc,heap        ] GC(2400) CMS: 37918K->38700K(43712K)
[6.907s][info ][gc,metaspace   ] GC(2400) Metaspace: 5340K->5340K(1056768K)
[6.907s][info ][gc             ] GC(2400) Pause Young (Allocation Failure) 55M->39M(61M) 1.431ms
[6.907s][info ][gc,cpu         ] GC(2400) User=0.01s Sys=0.00s Real=0.00s
[6.910s][info ][gc,start       ] GC(2401) Pause Young (Allocation Failure)
[6.910s][info ][gc,task        ] GC(2401) Using 8 workers of 8 for evacuation
[6.911s][debug][gc,age         ] GC(2401) Desired survivor size 1114112 bytes, new threshold 1 (max threshold 6)
[6.911s][info ][gc,heap        ] GC(2401) ParNew: 19121K->1967K(19648K)
[6.911s][info ][gc,heap        ] GC(2401) CMS: 38700K->39090K(43712K)
[6.911s][info ][gc,metaspace   ] GC(2401) Metaspace: 5340K->5340K(1056768K)
[6.911s][info ][gc             ] GC(2401) Pause Young (Allocation Failure) 56M->40M(61M) 0.905ms
[6.911s][info ][gc,cpu         ] GC(2401) User=0.00s Sys=0.00s Real=0.00s
[6.912s][info ][gc,start       ] GC(2402) Pause Young (Allocation Failure)
[6.912s][info ][gc,task        ] GC(2402) Using 8 workers of 8 for evacuation
[6.914s][debug][gc,age         ] GC(2402) Desired survivor size 1114112 bytes, new threshold 1 (max threshold 6)
[6.914s][info ][gc,heap        ] GC(2402) ParNew: 19115K->1963K(19648K)
[6.914s][info ][gc,heap        ] GC(2402) CMS: 39090K->39481K(43712K)
[6.914s][info ][gc,metaspace   ] GC(2402) Metaspace: 5340K->5340K(1056768K)
[6.914s][info ][gc             ] GC(2402) Pause Young (Allocation Failure) 56M->40M(61M) 1.266ms
[6.914s][info ][gc,cpu         ] GC(2402) User=0.00s Sys=0.00s Real=0.01s
[6.916s][info ][gc,start       ] GC(2403) Pause Young (Allocation Failure)
[6.916s][info ][gc,task        ] GC(2403) Using 8 workers of 8 for evacuation
[6.917s][debug][gc,age         ] GC(2403) Desired survivor size 1114112 bytes, new threshold 1 (max threshold 6)
[6.917s][info ][gc,heap        ] GC(2403) ParNew: 19108K->1963K(19648K)
[6.917s][info ][gc,heap        ] GC(2403) CMS: 39481K->40263K(43712K)
[6.917s][info ][gc,metaspace   ] GC(2403) Metaspace: 5340K->5340K(1056768K)
[6.917s][info ][gc             ] GC(2403) Pause Young (Allocation Failure) 57M->41M(61M) 1.248ms
[6.917s][info ][gc,cpu         ] GC(2403) User=0.01s Sys=0.00s Real=0.00s
[6.919s][info ][gc,start       ] GC(2404) Pause Young (Allocation Failure)
[6.919s][info ][gc,task        ] GC(2404) Using 8 workers of 8 for evacuation
[6.920s][debug][gc,age         ] GC(2404) Desired survivor size 1114112 bytes, new threshold 1 (max threshold 6)
[6.920s][info ][gc,heap        ] GC(2404) ParNew: 19318K->1570K(19648K)
[6.920s][info ][gc,heap        ] GC(2404) CMS: 40263K->41436K(43712K)
[6.920s][info ][gc,metaspace   ] GC(2404) Metaspace: 5340K->5340K(1056768K)
[6.920s][info ][gc             ] GC(2404) Pause Young (Allocation Failure) 58M->41M(61M) 1.458ms
[6.920s][info ][gc,cpu         ] GC(2404) User=0.01s Sys=0.00s Real=0.00s
[6.922s][info ][gc,start       ] GC(2405) Pause Young (Allocation Failure)
[6.922s][info ][gc,task        ] GC(2405) Using 8 workers of 8 for evacuation
[6.923s][debug][gc,age         ] GC(2405) Desired survivor size 1114112 bytes, new threshold 1 (max threshold 6)
[6.923s][info ][gc,heap        ] GC(2405) ParNew: 18777K->1967K(19648K)
[6.923s][info ][gc,heap        ] GC(2405) CMS: 41436K->42217K(43712K)
[6.923s][info ][gc,metaspace   ] GC(2405) Metaspace: 5340K->5340K(1056768K)
[6.923s][info ][gc             ] GC(2405) Pause Young (Allocation Failure) 58M->43M(61M) 1.354ms
[6.923s][info ][gc,cpu         ] GC(2405) User=0.01s Sys=0.00s Real=0.01s
[6.924s][info ][gc,start       ] GC(2406) Pause Young (Allocation Failure)
[6.924s][info ][gc,task        ] GC(2406) Using 8 workers of 8 for evacuation
[6.925s][info ][gc,promotion   ] Promotion failed
[6.925s][info ][gc,start       ] GC(2407) Pause Full (Allocation Failure)
[6.925s][info ][gc             ] GC(2381) Concurrent Abortable Preclean 64.999ms
[6.925s][info ][gc,cpu         ] GC(2381) User=0.27s Sys=0.01s Real=0.07s
[6.925s][info ][gc,phases,start] GC(2407) Phase 1: Mark live objects
[6.926s][debug][gc,phases      ] GC(2407) Reference Processing 0.019ms
[6.927s][debug][gc,phases      ] GC(2407) Weak Processing 0.003ms
[6.927s][debug][gc,phases      ] GC(2407) ClassLoaderData 0.008ms
[6.927s][debug][gc,phases      ] GC(2407) ProtectionDomainCacheTable 0.002ms
[6.927s][debug][gc,phases      ] GC(2407) ResolvedMethodTable 0.006ms
[6.927s][debug][gc,phases      ] GC(2407) Class Unloading 0.169ms
[6.927s][debug][gc,phases      ] GC(2407) Scrub String Table 0.020ms
[6.927s][debug][gc,phases      ] GC(2407) Scrub Symbol Table 0.450ms
[6.927s][info ][gc,phases      ] GC(2407) Phase 1: Mark live objects 1.713ms
[6.927s][info ][gc,phases,start] GC(2407) Phase 2: Compute new object addresses
[6.928s][info ][gc,phases      ] GC(2407) Phase 2: Compute new object addresses 0.450ms
[6.928s][info ][gc,phases,start] GC(2407) Phase 3: Adjust pointers
[6.929s][info ][gc,phases      ] GC(2407) Phase 3: Adjust pointers 1.086ms
[6.929s][info ][gc,phases,start] GC(2407) Phase 4: Move objects
[6.929s][info ][gc,phases      ] GC(2407) Phase 4: Move objects 0.463ms
[6.929s][info ][gc             ] GC(2407) Pause Full (Allocation Failure) 60M->4M(61M) 4.079ms
[6.929s][info ][gc,heap        ] GC(2406) ParNew: 19150K->0K(19648K)
[6.929s][info ][gc,heap        ] GC(2406) CMS: 42217K->4284K(43712K)
[6.929s][info ][gc,metaspace   ] GC(2406) Metaspace: 5340K->5340K(1056768K)
[6.929s][info ][gc             ] GC(2406) Pause Young (Allocation Failure) 59M->4M(61M) 5.004ms
[6.929s][info ][gc,cpu         ] GC(2406) User=0.00s Sys=0.00s Real=0.00s
[6.931s][info ][gc,start       ] GC(2408) Pause Young (Allocation Failure)
[6.931s][info ][gc,task        ] GC(2408) Using 8 workers of 8 for evacuation
[6.932s][debug][gc,age         ] GC(2408) Desired survivor size 1114112 bytes, new threshold 1 (max threshold 6)
[6.932s][info ][gc,heap        ] GC(2408) ParNew: 17122K->1186K(19648K)
[6.932s][info ][gc,heap        ] GC(2408) CMS: 4284K->4284K(43712K)
[6.932s][info ][gc,metaspace   ] GC(2408) Metaspace: 5340K->5340K(1056768K)
[6.932s][info ][gc             ] GC(2408) Pause Young (Allocation Failure) 20M->5M(61M) 1.179ms
[6.932s][info ][gc,cpu         ] GC(2408) User=0.01s Sys=0.01s Real=0.00s
[6.934s][info ][gc,start       ] GC(2409) Pause Young (Allocation Failure)
[6.934s][info ][gc,task        ] GC(2409) Using 8 workers of 8 for evacuation
[6.935s][debug][gc,age         ] GC(2409) Desired survivor size 1114112 bytes, new threshold 1 (max threshold 6)
[6.935s][info ][gc,heap        ] GC(2409) ParNew: 18306K->1967K(19648K)
[6.935s][info ][gc,heap        ] GC(2409) CMS: 4284K->4299K(43712K)
[6.935s][info ][gc,metaspace   ] GC(2409) Metaspace: 5340K->5340K(1056768K)
[6.935s][info ][gc             ] GC(2409) Pause Young (Allocation Failure) 22M->6M(61M) 1.281ms
[6.935s][info ][gc,cpu         ] GC(2409) User=0.01s Sys=0.00s Real=0.00s
[6.937s][info ][gc,start       ] GC(2410) Pause Young (Allocation Failure)
[6.937s][info ][gc,task        ] GC(2410) Using 8 workers of 8 for evacuation
[6.938s][debug][gc,age         ] GC(2410) Desired survivor size 1114112 bytes, new threshold 1 (max threshold 6)
[6.938s][info ][gc,heap        ] GC(2410) ParNew: 19055K->1967K(19648K)
[6.938s][info ][gc,heap        ] GC(2410) CMS: 4299K->5862K(43712K)
[6.938s][info ][gc,metaspace   ] GC(2410) Metaspace: 5340K->5340K(1056768K)
[6.938s][info ][gc             ] GC(2410) Pause Young (Allocation Failure) 22M->7M(61M) 1.288ms
[6.938s][info ][gc,cpu         ] GC(2410) User=0.01s Sys=0.00s Real=0.00s
[6.940s][info ][gc,start       ] GC(2411) Pause Young (Allocation Failure)
[6.940s][info ][gc,task        ] GC(2411) Using 8 workers of 8 for evacuation
[6.941s][debug][gc,age         ] GC(2411) Desired survivor size 1114112 bytes, new threshold 1 (max threshold 6)
[6.941s][info ][gc,heap        ] GC(2411) ParNew: 19125K->1965K(19648K)
[6.941s][info ][gc,heap        ] GC(2411) CMS: 5862K->6253K(43712K)
[6.941s][info ][gc,metaspace   ] GC(2411) Metaspace: 5340K->5340K(1056768K)
[6.941s][info ][gc             ] GC(2411) Pause Young (Allocation Failure) 24M->8M(61M) 1.189ms
[6.941s][info ][gc,cpu         ] GC(2411) User=0.00s Sys=0.00s Real=0.00s
[6.943s][info ][gc,start       ] GC(2412) Pause Young (Allocation Failure)
[6.943s][info ][gc,task        ] GC(2412) Using 8 workers of 8 for evacuation
[6.944s][debug][gc,age         ] GC(2412) Desired survivor size 1114112 bytes, new threshold 1 (max threshold 6)
[6.944s][info ][gc,heap        ] GC(2412) ParNew: 19096K->1576K(19648K)
[6.944s][info ][gc,heap        ] GC(2412) CMS: 6253K->7038K(43712K)
[6.944s][info ][gc,metaspace   ] GC(2412) Metaspace: 5340K->5340K(1056768K)
[6.944s][info ][gc             ] GC(2412) Pause Young (Allocation Failure) 24M->8M(61M) 1.143ms
[6.944s][info ][gc,cpu         ] GC(2412) User=0.01s Sys=0.00s Real=0.01s
[6.945s][info ][gc,start       ] GC(2413) Pause Young (Allocation Failure)
[6.945s][info ][gc,task        ] GC(2413) Using 8 workers of 8 for evacuation
[6.947s][debug][gc,age         ] GC(2413) Desired survivor size 1114112 bytes, new threshold 1 (max threshold 6)
[6.947s][info ][gc,heap        ] GC(2413) ParNew: 18728K->1967K(19648K)
[6.947s][info ][gc,heap        ] GC(2413) CMS: 7038K->7038K(43712K)
[6.947s][info ][gc,metaspace   ] GC(2413) Metaspace: 5340K->5340K(1056768K)
[6.947s][info ][gc             ] GC(2413) Pause Young (Allocation Failure) 25M->8M(61M) 1.448ms
[6.947s][info ][gc,cpu         ] GC(2413) User=0.01s Sys=0.00s Real=0.00s
[6.948s][info ][gc,start       ] GC(2414) Pause Young (Allocation Failure)
[6.948s][info ][gc,task        ] GC(2414) Using 8 workers of 8 for evacuation
[6.949s][debug][gc,age         ] GC(2414) Desired survivor size 1114112 bytes, new threshold 1 (max threshold 6)
[6.949s][info ][gc,heap        ] GC(2414) ParNew: 19128K->1576K(19648K)
[6.949s][info ][gc,heap        ] GC(2414) CMS: 7038K->7429K(43712K)
[6.949s][info ][gc,metaspace   ] GC(2414) Metaspace: 5340K->5340K(1056768K)
[6.949s][info ][gc             ] GC(2414) Pause Young (Allocation Failure) 25M->8M(61M) 1.110ms
[6.949s][info ][gc,cpu         ] GC(2414) User=0.00s Sys=0.00s Real=0.00s
[6.951s][info ][gc,start       ] GC(2415) Pause Young (Allocation Failure)
[6.951s][info ][gc,task        ] GC(2415) Using 8 workers of 8 for evacuation
[6.953s][debug][gc,age         ] GC(2415) Desired survivor size 1114112 bytes, new threshold 1 (max threshold 6)
[6.953s][info ][gc,heap        ] GC(2415) ParNew: 18958K->1566K(19648K)
[6.953s][info ][gc,heap        ] GC(2415) CMS: 7429K->7821K(43712K)
[6.953s][info ][gc,metaspace   ] GC(2415) Metaspace: 5340K->5340K(1056768K)
[6.953s][info ][gc             ] GC(2415) Pause Young (Allocation Failure) 25M->9M(61M) 2.030ms
[6.953s][info ][gc,cpu         ] GC(2415) User=0.00s Sys=0.00s Real=0.00s
[6.955s][info ][gc,start       ] GC(2416) Pause Young (Allocation Failure)
[6.955s][info ][gc,task        ] GC(2416) Using 8 workers of 8 for evacuation
[6.956s][debug][gc,age         ] GC(2416) Desired survivor size 1114112 bytes, new threshold 1 (max threshold 6)
[6.956s][info ][gc,heap        ] GC(2416) ParNew: 18773K->1965K(19648K)
[6.956s][info ][gc,heap        ] GC(2416) CMS: 7821K->8602K(43712K)
[6.956s][info ][gc,metaspace   ] GC(2416) Metaspace: 5340K->5340K(1056768K)
[6.956s][info ][gc             ] GC(2416) Pause Young (Allocation Failure) 25M->10M(61M) 1.292ms
[6.956s][info ][gc,cpu         ] GC(2416) User=0.01s Sys=0.00s Real=0.00s
[6.958s][info ][gc,start       ] GC(2417) Pause Young (Allocation Failure)
[6.958s][info ][gc,task        ] GC(2417) Using 8 workers of 8 for evacuation
[6.959s][debug][gc,age         ] GC(2417) Desired survivor size 1114112 bytes, new threshold 1 (max threshold 6)
[6.959s][info ][gc,heap        ] GC(2417) ParNew: 19060K->1566K(19648K)
[6.959s][info ][gc,heap        ] GC(2417) CMS: 8602K->8603K(43712K)
[6.959s][info ][gc,metaspace   ] GC(2417) Metaspace: 5340K->5340K(1056768K)
[6.959s][info ][gc             ] GC(2417) Pause Young (Allocation Failure) 27M->9M(61M) 1.506ms
[6.959s][info ][gc,cpu         ] GC(2417) User=0.00s Sys=0.00s Real=0.00s
[6.961s][info ][gc,start       ] GC(2418) Pause Young (Allocation Failure)
[6.961s][info ][gc,task        ] GC(2418) Using 8 workers of 8 for evacuation
[6.961s][debug][gc,age         ] GC(2418) Desired survivor size 1114112 bytes, new threshold 1 (max threshold 6)
[6.961s][info ][gc,heap        ] GC(2418) ParNew: 18717K->1967K(19648K)
[6.961s][info ][gc,heap        ] GC(2418) CMS: 8603K->8603K(43712K)
[6.961s][info ][gc,metaspace   ] GC(2418) Metaspace: 5340K->5340K(1056768K)
[6.961s][info ][gc             ] GC(2418) Pause Young (Allocation Failure) 26M->10M(61M) 0.411ms
[6.961s][info ][gc,cpu         ] GC(2418) User=0.00s Sys=0.00s Real=0.00s
[6.962s][info ][gc,start       ] GC(2419) Pause Young (Allocation Failure)
[6.962s][info ][gc,task        ] GC(2419) Using 8 workers of 8 for evacuation
[6.964s][debug][gc,age         ] GC(2419) Desired survivor size 1114112 bytes, new threshold 1 (max threshold 6)
[6.964s][info ][gc,heap        ] GC(2419) ParNew: 19191K->1967K(19648K)
[6.964s][info ][gc,heap        ] GC(2419) CMS: 8603K->9776K(43712K)
[6.964s][info ][gc,metaspace   ] GC(2419) Metaspace: 5340K->5340K(1056768K)
[6.964s][info ][gc             ] GC(2419) Pause Young (Allocation Failure) 27M->11M(61M) 1.458ms
[6.964s][info ][gc,cpu         ] GC(2419) User=0.01s Sys=0.00s Real=0.01s
[6.964s][info ][gc,start       ] GC(2420) Pause Initial Mark
[6.964s][info ][gc             ] GC(2420) Pause Initial Mark 11M->11M(61M) 0.104ms
[6.964s][info ][gc,cpu         ] GC(2420) User=0.00s Sys=0.00s Real=0.00s
[6.964s][info ][gc             ] GC(2420) Concurrent Mark
[6.964s][info ][gc,task        ] GC(2420) Using 2 workers of 2 for marking
[6.966s][info ][gc,start       ] GC(2421) Pause Young (Allocation Failure)
[6.966s][info ][gc,task        ] GC(2421) Using 8 workers of 8 for evacuation
[6.966s][debug][gc,age         ] GC(2421) Desired survivor size 1114112 bytes, new threshold 1 (max threshold 6)
[6.966s][info ][gc,heap        ] GC(2421) ParNew: 19161K->1969K(19648K)
[6.966s][info ][gc,heap        ] GC(2421) CMS: 9776K->10166K(43712K)
[6.966s][info ][gc,metaspace   ] GC(2421) Metaspace: 5340K->5340K(1056768K)
[6.966s][info ][gc             ] GC(2421) Pause Young (Allocation Failure) 28M->11M(61M) 0.504ms
[6.966s][info ][gc,cpu         ] GC(2421) User=0.00s Sys=0.00s Real=0.00s
[6.967s][info ][gc             ] GC(2420) Concurrent Mark 3.125ms
[6.967s][info ][gc,cpu         ] GC(2420) User=0.01s Sys=0.00s Real=0.00s
[6.967s][info ][gc             ] GC(2420) Concurrent Preclean
[6.968s][info ][gc             ] GC(2420) Concurrent Preclean 0.184ms
[6.968s][info ][gc,cpu         ] GC(2420) User=0.01s Sys=0.00s Real=0.00s
[6.968s][info ][gc,start       ] GC(2422) Pause Young (Allocation Failure)
[6.968s][info ][gc,task        ] GC(2422) Using 8 workers of 8 for evacuation
[6.968s][debug][gc,age         ] GC(2422) Desired survivor size 1114112 bytes, new threshold 1 (max threshold 6)
[6.968s][info ][gc,heap        ] GC(2422) ParNew: 19144K->1188K(19648K)
[6.968s][info ][gc,heap        ] GC(2422) CMS: 10166K->10167K(43712K)
[6.968s][info ][gc,metaspace   ] GC(2422) Metaspace: 5340K->5340K(1056768K)
[6.968s][info ][gc             ] GC(2422) Pause Young (Allocation Failure) 28M->11M(61M) 0.351ms
[6.968s][info ][gc,cpu         ] GC(2422) User=0.00s Sys=0.00s Real=0.00s
[6.968s][info ][gc,start       ] GC(2420) Pause Remark
[6.969s][debug][gc,phases      ] GC(2420) Rescan (parallel) 0.092ms
[6.969s][debug][gc,phases      ] GC(2420) Reference Processing 0.011ms
[6.969s][debug][gc,phases      ] GC(2420) Weak Processing 0.003ms
[6.969s][debug][gc,phases      ] GC(2420) ClassLoaderData 0.007ms
[6.969s][debug][gc,phases      ] GC(2420) ProtectionDomainCacheTable 0.002ms
[6.969s][debug][gc,phases      ] GC(2420) ResolvedMethodTable 0.005ms
[6.969s][debug][gc,phases      ] GC(2420) Class Unloading 0.164ms
[6.969s][debug][gc,phases      ] GC(2420) Scrub Symbol Table 0.435ms
[6.969s][debug][gc,phases      ] GC(2420) Scrub String Table 0.019ms
[6.969s][info ][gc             ] GC(2420) Pause Remark 12M->12M(61M) 0.810ms
[6.969s][info ][gc,cpu         ] GC(2420) User=0.00s Sys=0.00s Real=0.00s
[6.969s][info ][gc             ] GC(2420) Concurrent Sweep
[6.970s][info ][gc             ] GC(2420) Concurrent Sweep 0.509ms
[6.970s][info ][gc,cpu         ] GC(2420) User=0.00s Sys=0.00s Real=0.00s
[6.970s][info ][gc             ] GC(2420) Concurrent Reset
[6.970s][info ][gc             ] GC(2420) Concurrent Reset 0.072ms
[6.970s][info ][gc,cpu         ] GC(2420) User=0.00s Sys=0.00s Real=0.00s
[6.970s][info ][gc,heap        ] GC(2420) Old: 9776K->2345K(43712K)
[6.970s][info ][gc,start       ] GC(2423) Pause Young (Allocation Failure)
[6.971s][info ][gc,task        ] GC(2423) Using 8 workers of 8 for evacuation
[6.972s][debug][gc,age         ] GC(2423) Desired survivor size 1114112 bytes, new threshold 1 (max threshold 6)
[6.972s][info ][gc,heap        ] GC(2423) ParNew: 18350K->1967K(19648K)
[6.972s][info ][gc,heap        ] GC(2423) CMS: 2345K->3518K(43712K)
[6.972s][info ][gc,metaspace   ] GC(2423) Metaspace: 5340K->5340K(1056768K)
[6.972s][info ][gc             ] GC(2423) Pause Young (Allocation Failure) 20M->5M(61M) 1.099ms
[6.972s][info ][gc,cpu         ] GC(2423) User=0.00s Sys=0.00s Real=0.00s
[6.973s][info ][gc,start       ] GC(2424) Pause Young (Allocation Failure)
[6.973s][info ][gc,task        ] GC(2424) Using 8 workers of 8 for evacuation
[6.974s][debug][gc,age         ] GC(2424) Desired survivor size 1114112 bytes, new threshold 1 (max threshold 6)
[6.974s][info ][gc,heap        ] GC(2424) ParNew: 19413K->1969K(19648K)
[6.974s][info ][gc,heap        ] GC(2424) CMS: 3518K->4300K(43712K)
[6.974s][info ][gc,metaspace   ] GC(2424) Metaspace: 5340K->5340K(1056768K)
[6.974s][info ][gc             ] GC(2424) Pause Young (Allocation Failure) 22M->6M(61M) 0.560ms
[6.974s][info ][gc,cpu         ] GC(2424) User=0.00s Sys=0.00s Real=0.01s
[6.975s][info ][gc,start       ] GC(2425) Pause Young (Allocation Failure)
[6.975s][info ][gc,task        ] GC(2425) Using 8 workers of 8 for evacuation
[6.976s][debug][gc,age         ] GC(2425) Desired survivor size 1114112 bytes, new threshold 1 (max threshold 6)
[6.976s][info ][gc,heap        ] GC(2425) ParNew: 19154K->1969K(19648K)
[6.976s][info ][gc,heap        ] GC(2425) CMS: 4300K->4300K(43712K)
[6.976s][info ][gc,metaspace   ] GC(2425) Metaspace: 5340K->5340K(1056768K)
[6.976s][info ][gc             ] GC(2425) Pause Young (Allocation Failure) 22M->6M(61M) 0.582ms
[6.976s][info ][gc,cpu         ] GC(2425) User=0.00s Sys=0.00s Real=0.00s
[6.977s][info ][gc,start       ] GC(2426) Pause Young (Allocation Failure)
[6.977s][info ][gc,task        ] GC(2426) Using 8 workers of 8 for evacuation
[6.977s][debug][gc,age         ] GC(2426) Desired survivor size 1114112 bytes, new threshold 1 (max threshold 6)
[6.977s][info ][gc,heap        ] GC(2426) ParNew: 19439K->1967K(19648K)
[6.977s][info ][gc,heap        ] GC(2426) CMS: 4300K->4691K(43712K)
[6.977s][info ][gc,metaspace   ] GC(2426) Metaspace: 5340K->5340K(1056768K)
[6.977s][info ][gc             ] GC(2426) Pause Young (Allocation Failure) 23M->6M(61M) 0.458ms
[6.977s][info ][gc,cpu         ] GC(2426) User=0.00s Sys=0.01s Real=0.00s
[6.979s][info ][gc,start       ] GC(2427) Pause Young (Allocation Failure)
[6.979s][info ][gc,task        ] GC(2427) Using 8 workers of 8 for evacuation
[6.980s][debug][gc,age         ] GC(2427) Desired survivor size 1114112 bytes, new threshold 1 (max threshold 6)
[6.980s][info ][gc,heap        ] GC(2427) ParNew: 19158K->1961K(19648K)
[6.980s][info ][gc,heap        ] GC(2427) CMS: 4691K->5863K(43712K)
[6.980s][info ][gc,metaspace   ] GC(2427) Metaspace: 5340K->5340K(1056768K)
[6.980s][info ][gc             ] GC(2427) Pause Young (Allocation Failure) 23M->7M(61M) 1.438ms
[6.980s][info ][gc,cpu         ] GC(2427) User=0.00s Sys=0.00s Real=0.00s
[6.982s][info ][gc,start       ] GC(2428) Pause Young (Allocation Failure)
[6.982s][info ][gc,task        ] GC(2428) Using 8 workers of 8 for evacuation
[6.984s][debug][gc,age         ] GC(2428) Desired survivor size 1114112 bytes, new threshold 6 (max threshold 6)
[6.984s][info ][gc,heap        ] GC(2428) ParNew: 19390K->785K(19648K)
[6.984s][info ][gc,heap        ] GC(2428) CMS: 5863K->6645K(43712K)
[6.984s][info ][gc,metaspace   ] GC(2428) Metaspace: 5340K->5340K(1056768K)
[6.984s][info ][gc             ] GC(2428) Pause Young (Allocation Failure) 24M->7M(61M) 1.802ms
[6.984s][info ][gc,cpu         ] GC(2428) User=0.00s Sys=0.00s Real=0.01s
[6.985s][info ][gc,start       ] GC(2429) Pause Young (Allocation Failure)
[6.985s][info ][gc,task        ] GC(2429) Using 8 workers of 8 for evacuation
[6.986s][debug][gc,age         ] GC(2429) Desired survivor size 1114112 bytes, new threshold 1 (max threshold 6)
[6.986s][info ][gc,heap        ] GC(2429) ParNew: 17994K->1961K(19648K)
[6.986s][info ][gc,heap        ] GC(2429) CMS: 6645K->7036K(43712K)
[6.986s][info ][gc,metaspace   ] GC(2429) Metaspace: 5340K->5340K(1056768K)
[6.986s][info ][gc             ] GC(2429) Pause Young (Allocation Failure) 24M->8M(61M) 1.258ms
[6.986s][info ][gc,cpu         ] GC(2429) User=0.00s Sys=0.00s Real=0.00s
[6.988s][info ][gc,start       ] GC(2430) Pause Young (Allocation Failure)
[6.988s][info ][gc,task        ] GC(2430) Using 8 workers of 8 for evacuation
[6.989s][debug][gc,age         ] GC(2430) Desired survivor size 1114112 bytes, new threshold 1 (max threshold 6)
[6.989s][info ][gc,heap        ] GC(2430) ParNew: 19104K->1961K(19648K)
[6.989s][info ][gc,heap        ] GC(2430) CMS: 7036K->7427K(43712K)
[6.989s][info ][gc,metaspace   ] GC(2430) Metaspace: 5340K->5340K(1056768K)
[6.989s][info ][gc             ] GC(2430) Pause Young (Allocation Failure) 25M->9M(61M) 1.300ms
[6.989s][info ][gc,cpu         ] GC(2430) User=0.00s Sys=0.00s Real=0.00s
[6.990s][info ][gc,start       ] GC(2431) Pause Young (Allocation Failure)
[6.991s][info ][gc,task        ] GC(2431) Using 8 workers of 8 for evacuation
[6.991s][debug][gc,age         ] GC(2431) Desired survivor size 1114112 bytes, new threshold 1 (max threshold 6)
[6.991s][info ][gc,heap        ] GC(2431) ParNew: 19144K->1574K(19648K)
[6.991s][info ][gc,heap        ] GC(2431) CMS: 7427K->7427K(43712K)
[6.991s][info ][gc,metaspace   ] GC(2431) Metaspace: 5340K->5340K(1056768K)
[6.991s][info ][gc             ] GC(2431) Pause Young (Allocation Failure) 25M->8M(61M) 0.441ms
[6.991s][info ][gc,cpu         ] GC(2431) User=0.00s Sys=0.00s Real=0.00s
[6.992s][info ][gc,start       ] GC(2432) Pause Young (Allocation Failure)
[6.993s][info ][gc,task        ] GC(2432) Using 8 workers of 8 for evacuation
[6.993s][debug][gc,age         ] GC(2432) Desired survivor size 1114112 bytes, new threshold 6 (max threshold 6)
[6.993s][info ][gc,heap        ] GC(2432) ParNew: 18943K->791K(19648K)
[6.993s][info ][gc,heap        ] GC(2432) CMS: 7427K->7819K(43712K)
[6.993s][info ][gc,metaspace   ] GC(2432) Metaspace: 5340K->5340K(1056768K)
[6.993s][info ][gc             ] GC(2432) Pause Young (Allocation Failure) 25M->8M(61M) 0.336ms
[6.993s][info ][gc,cpu         ] GC(2432) User=0.00s Sys=0.00s Real=0.00s
[6.994s][info ][gc,start       ] GC(2433) Pause Young (Allocation Failure)
[6.994s][info ][gc,task        ] GC(2433) Using 8 workers of 8 for evacuation
[6.995s][debug][gc,age         ] GC(2433) Desired survivor size 1114112 bytes, new threshold 1 (max threshold 6)
[6.995s][info ][gc,heap        ] GC(2433) ParNew: 17945K->1963K(19648K)
[6.995s][info ][gc,heap        ] GC(2433) CMS: 7819K->8991K(43712K)
[6.995s][info ][gc,metaspace   ] GC(2433) Metaspace: 5340K->5340K(1056768K)
[6.995s][info ][gc             ] GC(2433) Pause Young (Allocation Failure) 25M->10M(61M) 0.778ms
[6.995s][info ][gc,cpu         ] GC(2433) User=0.01s Sys=0.00s Real=0.00s
[6.997s][info ][gc,start       ] GC(2434) Pause Young (Allocation Failure)
[6.997s][info ][gc,task        ] GC(2434) Using 8 workers of 8 for evacuation
[6.998s][debug][gc,age         ] GC(2434) Desired survivor size 1114112 bytes, new threshold 1 (max threshold 6)
[6.998s][info ][gc,heap        ] GC(2434) ParNew: 19118K->1965K(19648K)
[6.998s][info ][gc,heap        ] GC(2434) CMS: 8991K->9772K(43712K)
[6.998s][info ][gc,metaspace   ] GC(2434) Metaspace: 5340K->5340K(1056768K)
[6.998s][info ][gc             ] GC(2434) Pause Young (Allocation Failure) 27M->11M(61M) 1.248ms
[6.998s][info ][gc,cpu         ] GC(2434) User=0.01s Sys=0.00s Real=0.00s
[7.000s][info ][gc,start       ] GC(2435) Pause Young (Allocation Failure)
[7.000s][info ][gc,task        ] GC(2435) Using 8 workers of 8 for evacuation
[7.001s][debug][gc,age         ] GC(2435) Desired survivor size 1114112 bytes, new threshold 1 (max threshold 6)
[7.001s][info ][gc,heap        ] GC(2435) ParNew: 19085K->1184K(19648K)
[7.001s][info ][gc,heap        ] GC(2435) CMS: 9772K->10164K(43712K)
[7.001s][info ][gc,metaspace   ] GC(2435) Metaspace: 5340K->5340K(1056768K)
[7.001s][info ][gc             ] GC(2435) Pause Young (Allocation Failure) 28M->11M(61M) 1.139ms
[7.001s][info ][gc,cpu         ] GC(2435) User=0.00s Sys=0.00s Real=0.00s
[7.003s][info ][gc,start       ] GC(2436) Pause Young (Allocation Failure)
[7.003s][info ][gc,task        ] GC(2436) Using 8 workers of 8 for evacuation
[7.004s][debug][gc,age         ] GC(2436) Desired survivor size 1114112 bytes, new threshold 1 (max threshold 6)
[7.004s][info ][gc,heap        ] GC(2436) ParNew: 18355K->1967K(19648K)
[7.004s][info ][gc,heap        ] GC(2436) CMS: 10164K->10555K(43712K)
[7.004s][info ][gc,metaspace   ] GC(2436) Metaspace: 5340K->5340K(1056768K)
[7.004s][info ][gc             ] GC(2436) Pause Young (Allocation Failure) 27M->12M(61M) 1.165ms
[7.004s][info ][gc,cpu         ] GC(2436) User=0.01s Sys=0.00s Real=0.01s
[7.005s][info ][gc,start       ] GC(2437) Pause Young (Allocation Failure)
[7.005s][info ][gc,task        ] GC(2437) Using 8 workers of 8 for evacuation
[7.006s][debug][gc,age         ] GC(2437) Desired survivor size 1114112 bytes, new threshold 1 (max threshold 6)
[7.006s][info ][gc,heap        ] GC(2437) ParNew: 19088K->1574K(19648K)
[7.006s][info ][gc,heap        ] GC(2437) CMS: 10555K->10946K(43712K)
[7.006s][info ][gc,metaspace   ] GC(2437) Metaspace: 5340K->5340K(1056768K)
[7.006s][info ][gc             ] GC(2437) Pause Young (Allocation Failure) 28M->12M(61M) 1.098ms
[7.006s][info ][gc,cpu         ] GC(2437) User=0.01s Sys=0.00s Real=0.00s
[7.008s][info ][gc,start       ] GC(2438) Pause Young (Allocation Failure)
[7.008s][info ][gc,task        ] GC(2438) Using 8 workers of 8 for evacuation
[7.009s][debug][gc,age         ] GC(2438) Desired survivor size 1114112 bytes, new threshold 6 (max threshold 6)
[7.009s][info ][gc,heap        ] GC(2438) ParNew: 19039K->793K(19648K)
[7.009s][info ][gc,heap        ] GC(2438) CMS: 10946K->11338K(43712K)
[7.009s][info ][gc,metaspace   ] GC(2438) Metaspace: 5340K->5340K(1056768K)
[7.009s][info ][gc             ] GC(2438) Pause Young (Allocation Failure) 29M->11M(61M) 0.868ms
[7.009s][info ][gc,cpu         ] GC(2438) User=0.01s Sys=0.00s Real=0.00s
[7.010s][info ][gc,start       ] GC(2439) Pause Young (Allocation Failure)
[7.010s][info ][gc,task        ] GC(2439) Using 8 workers of 8 for evacuation
[7.011s][debug][gc,age         ] GC(2439) Desired survivor size 1114112 bytes, new threshold 1 (max threshold 6)
[7.011s][info ][gc,heap        ] GC(2439) ParNew: 17977K->1969K(19648K)
[7.011s][info ][gc,heap        ] GC(2439) CMS: 11338K->11728K(43712K)
[7.011s][info ][gc,metaspace   ] GC(2439) Metaspace: 5340K->5340K(1056768K)
[7.011s][info ][gc             ] GC(2439) Pause Young (Allocation Failure) 28M->13M(61M) 0.432ms
[7.011s][info ][gc,cpu         ] GC(2439) User=0.01s Sys=0.00s Real=0.00s
[7.012s][info ][gc,start       ] GC(2440) Pause Young (Allocation Failure)
[7.012s][info ][gc,task        ] GC(2440) Using 8 workers of 8 for evacuation
[7.013s][debug][gc,age         ] GC(2440) Desired survivor size 1114112 bytes, new threshold 1 (max threshold 6)
[7.013s][info ][gc,heap        ] GC(2440) ParNew: 19438K->1186K(19648K)
[7.013s][info ][gc,heap        ] GC(2440) CMS: 11728K->12511K(43712K)
[7.013s][info ][gc,metaspace   ] GC(2440) Metaspace: 5340K->5340K(1056768K)
[7.013s][info ][gc             ] GC(2440) Pause Young (Allocation Failure) 30M->13M(61M) 0.436ms
[7.013s][info ][gc,cpu         ] GC(2440) User=0.00s Sys=0.00s Real=0.00s
[7.014s][info ][gc,start       ] GC(2441) Pause Young (Allocation Failure)
[7.014s][info ][gc,task        ] GC(2441) Using 8 workers of 8 for evacuation
[7.016s][debug][gc,age         ] GC(2441) Desired survivor size 1114112 bytes, new threshold 1 (max threshold 6)
[7.016s][info ][gc,heap        ] GC(2441) ParNew: 18631K->1179K(19648K)
[7.016s][info ][gc,heap        ] GC(2441) CMS: 12511K->12902K(43712K)
[7.016s][info ][gc,metaspace   ] GC(2441) Metaspace: 5340K->5340K(1056768K)
[7.016s][info ][gc             ] GC(2441) Pause Young (Allocation Failure) 30M->13M(61M) 1.430ms
[7.016s][info ][gc,cpu         ] GC(2441) User=0.00s Sys=0.00s Real=0.00s
[7.017s][info ][gc,start       ] GC(2442) Pause Young (Allocation Failure)
[7.017s][info ][gc,task        ] GC(2442) Using 8 workers of 8 for evacuation
[7.018s][debug][gc,age         ] GC(2442) Desired survivor size 1114112 bytes, new threshold 1 (max threshold 6)
[7.018s][info ][gc,heap        ] GC(2442) ParNew: 18459K->1967K(19648K)
[7.018s][info ][gc,heap        ] GC(2442) CMS: 12902K->13293K(43712K)
[7.018s][info ][gc,metaspace   ] GC(2442) Metaspace: 5340K->5340K(1056768K)
[7.018s][info ][gc             ] GC(2442) Pause Young (Allocation Failure) 30M->14M(61M) 1.156ms
[7.018s][info ][gc,cpu         ] GC(2442) User=0.01s Sys=0.00s Real=0.00s
[7.020s][info ][gc,start       ] GC(2443) Pause Young (Allocation Failure)
[7.020s][info ][gc,task        ] GC(2443) Using 8 workers of 8 for evacuation
[7.021s][debug][gc,age         ] GC(2443) Desired survivor size 1114112 bytes, new threshold 1 (max threshold 6)
[7.021s][info ][gc,heap        ] GC(2443) ParNew: 19197K->1965K(19648K)
[7.021s][info ][gc,heap        ] GC(2443) CMS: 13293K->13684K(43712K)
[7.021s][info ][gc,metaspace   ] GC(2443) Metaspace: 5340K->5340K(1056768K)
[7.021s][info ][gc             ] GC(2443) Pause Young (Allocation Failure) 31M->15M(61M) 1.144ms
[7.021s][info ][gc,cpu         ] GC(2443) User=0.01s Sys=0.00s Real=0.00s
[7.022s][info ][gc,start       ] GC(2444) Pause Young (Allocation Failure)
[7.022s][info ][gc,task        ] GC(2444) Using 8 workers of 8 for evacuation
[7.023s][debug][gc,age         ] GC(2444) Desired survivor size 1114112 bytes, new threshold 6 (max threshold 6)
[7.023s][info ][gc,heap        ] GC(2444) ParNew: 19358K->793K(19648K)
[7.023s][info ][gc,heap        ] GC(2444) CMS: 13684K->14466K(43712K)
[7.023s][info ][gc,metaspace   ] GC(2444) Metaspace: 5340K->5340K(1056768K)
[7.023s][info ][gc             ] GC(2444) Pause Young (Allocation Failure) 32M->14M(61M) 0.466ms
[7.023s][info ][gc,cpu         ] GC(2444) User=0.00s Sys=0.00s Real=0.00s
[7.024s][info ][gc,start       ] GC(2445) Pause Young (Allocation Failure)
[7.024s][info ][gc,task        ] GC(2445) Using 8 workers of 8 for evacuation
[7.025s][debug][gc,age         ] GC(2445) Desired survivor size 1114112 bytes, new threshold 1 (max threshold 6)
[7.025s][info ][gc,heap        ] GC(2445) ParNew: 18040K->1967K(19648K)
[7.025s][info ][gc,heap        ] GC(2445) CMS: 14466K->15638K(43712K)
[7.025s][info ][gc,metaspace   ] GC(2445) Metaspace: 5340K->5340K(1056768K)
[7.025s][info ][gc             ] GC(2445) Pause Young (Allocation Failure) 31M->17M(61M) 0.646ms
[7.025s][info ][gc,cpu         ] GC(2445) User=0.01s Sys=0.00s Real=0.00s
[7.026s][info ][gc,start       ] GC(2446) Pause Young (Allocation Failure)
[7.026s][info ][gc,task        ] GC(2446) Using 8 workers of 8 for evacuation
[7.027s][debug][gc,age         ] GC(2446) Desired survivor size 1114112 bytes, new threshold 1 (max threshold 6)
[7.027s][info ][gc,heap        ] GC(2446) ParNew: 19105K->1967K(19648K)
[7.027s][info ][gc,heap        ] GC(2446) CMS: 15638K->16029K(43712K)
[7.027s][info ][gc,metaspace   ] GC(2446) Metaspace: 5340K->5340K(1056768K)
[7.027s][info ][gc             ] GC(2446) Pause Young (Allocation Failure) 33M->17M(61M) 0.434ms
[7.027s][info ][gc,cpu         ] GC(2446) User=0.00s Sys=0.00s Real=0.00s
[7.028s][info ][gc,start       ] GC(2447) Pause Young (Allocation Failure)
[7.028s][info ][gc,task        ] GC(2447) Using 8 workers of 8 for evacuation
[7.029s][debug][gc,age         ] GC(2447) Desired survivor size 1114112 bytes, new threshold 1 (max threshold 6)
[7.029s][info ][gc,heap        ] GC(2447) ParNew: 19369K->1186K(19648K)
[7.029s][info ][gc,heap        ] GC(2447) CMS: 16029K->17202K(43712K)
[7.029s][info ][gc,metaspace   ] GC(2447) Metaspace: 5340K->5340K(1056768K)
[7.029s][info ][gc             ] GC(2447) Pause Young (Allocation Failure) 34M->17M(61M) 0.961ms
[7.029s][info ][gc,cpu         ] GC(2447) User=0.00s Sys=0.00s Real=0.00s
[7.029s][info ][gc,start       ] GC(2448) Pause Initial Mark
[7.029s][info ][gc             ] GC(2448) Pause Initial Mark 18M->18M(61M) 0.093ms
[7.029s][info ][gc,cpu         ] GC(2448) User=0.01s Sys=0.00s Real=0.00s
[7.029s][info ][gc             ] GC(2448) Concurrent Mark
[7.029s][info ][gc,task        ] GC(2448) Using 2 workers of 2 for marking
[7.031s][info ][gc,start       ] GC(2449) Pause Young (Allocation Failure)
[7.031s][info ][gc,task        ] GC(2449) Using 8 workers of 8 for evacuation
[7.031s][debug][gc,age         ] GC(2449) Desired survivor size 1114112 bytes, new threshold 1 (max threshold 6)
[7.031s][info ][gc,heap        ] GC(2449) ParNew: 18441K->1969K(19648K)
[7.031s][info ][gc,heap        ] GC(2449) CMS: 17202K->17593K(43712K)
[7.031s][info ][gc,metaspace   ] GC(2449) Metaspace: 5340K->5340K(1056768K)
[7.031s][info ][gc             ] GC(2449) Pause Young (Allocation Failure) 34M->19M(61M) 0.498ms
[7.031s][info ][gc,cpu         ] GC(2449) User=0.01s Sys=0.00s Real=0.00s
[7.032s][info ][gc,start       ] GC(2450) Pause Young (Allocation Failure)
[7.033s][info ][gc,task        ] GC(2450) Using 8 workers of 8 for evacuation
[7.034s][debug][gc,age         ] GC(2450) Desired survivor size 1114112 bytes, new threshold 1 (max threshold 6)
[7.034s][info ][gc,heap        ] GC(2450) ParNew: 19184K->1967K(19648K)
[7.034s][info ][gc,heap        ] GC(2450) CMS: 17593K->18375K(43712K)
[7.034s][info ][gc,metaspace   ] GC(2450) Metaspace: 5340K->5340K(1056768K)
[7.034s][info ][gc             ] GC(2450) Pause Young (Allocation Failure) 35M->19M(61M) 1.506ms
[7.034s][info ][gc,cpu         ] GC(2450) User=0.01s Sys=0.00s Real=0.01s
[7.035s][info ][gc             ] GC(2448) Concurrent Mark 5.643ms
[7.035s][info ][gc,cpu         ] GC(2448) User=0.03s Sys=0.00s Real=0.01s
[7.035s][info ][gc,start       ] GC(2451) Pause Young (Allocation Failure)
[7.035s][info ][gc,task        ] GC(2451) Using 8 workers of 8 for evacuation
[7.036s][debug][gc,age         ] GC(2451) Desired survivor size 1114112 bytes, new threshold 1 (max threshold 6)
[7.036s][info ][gc,heap        ] GC(2451) ParNew: 19155K->1969K(19648K)
[7.036s][info ][gc,heap        ] GC(2451) CMS: 18375K->18375K(43712K)
[7.036s][info ][gc,metaspace   ] GC(2451) Metaspace: 5340K->5340K(1056768K)
[7.036s][info ][gc             ] GC(2451) Pause Young (Allocation Failure) 36M->19M(61M) 0.394ms
[7.036s][info ][gc,cpu         ] GC(2451) User=0.00s Sys=0.00s Real=0.00s
[7.036s][info ][gc             ] GC(2448) Concurrent Preclean
[7.036s][info ][gc             ] GC(2448) Concurrent Preclean 0.262ms
[7.036s][info ][gc,cpu         ] GC(2448) User=0.00s Sys=0.00s Real=0.00s
[7.036s][info ][gc             ] GC(2448) Concurrent Abortable Preclean
[7.037s][info ][gc,start       ] GC(2452) Pause Young (Allocation Failure)
[7.037s][info ][gc,task        ] GC(2452) Using 8 workers of 8 for evacuation
[7.037s][debug][gc,age         ] GC(2452) Desired survivor size 1114112 bytes, new threshold 1 (max threshold 6)
[7.037s][info ][gc,heap        ] GC(2452) ParNew: 19140K->1969K(19648K)
[7.037s][info ][gc,heap        ] GC(2452) CMS: 18375K->18375K(43712K)
[7.037s][info ][gc,metaspace   ] GC(2452) Metaspace: 5340K->5340K(1056768K)
[7.037s][info ][gc             ] GC(2452) Pause Young (Allocation Failure) 36M->19M(61M) 0.428ms
[7.037s][info ][gc,cpu         ] GC(2452) User=0.00s Sys=0.00s Real=0.00s
[7.039s][info ][gc,start       ] GC(2453) Pause Young (Allocation Failure)
[7.039s][info ][gc,task        ] GC(2453) Using 8 workers of 8 for evacuation
[7.039s][debug][gc,age         ] GC(2453) Desired survivor size 1114112 bytes, new threshold 1 (max threshold 6)
[7.039s][info ][gc,heap        ] GC(2453) ParNew: 19129K->1578K(19648K)
[7.039s][info ][gc,heap        ] GC(2453) CMS: 18375K->18375K(43712K)
[7.039s][info ][gc,metaspace   ] GC(2453) Metaspace: 5340K->5340K(1056768K)
[7.039s][info ][gc             ] GC(2453) Pause Young (Allocation Failure) 36M->19M(61M) 0.431ms
[7.039s][info ][gc,cpu         ] GC(2453) User=0.00s Sys=0.00s Real=0.00s
[7.040s][info ][gc,start       ] GC(2454) Pause Young (Allocation Failure)
[7.040s][info ][gc,task        ] GC(2454) Using 8 workers of 8 for evacuation
[7.041s][debug][gc,age         ] GC(2454) Desired survivor size 1114112 bytes, new threshold 1 (max threshold 6)
[7.041s][info ][gc,heap        ] GC(2454) ParNew: 18732K->1969K(19648K)
[7.041s][info ][gc,heap        ] GC(2454) CMS: 18375K->18766K(43712K)
[7.041s][info ][gc,metaspace   ] GC(2454) Metaspace: 5340K->5340K(1056768K)
[7.041s][info ][gc             ] GC(2454) Pause Young (Allocation Failure) 36M->20M(61M) 0.550ms
[7.041s][info ][gc,cpu         ] GC(2454) User=0.00s Sys=0.00s Real=0.00s
[7.043s][info ][gc,start       ] GC(2455) Pause Young (Allocation Failure)
[7.043s][info ][gc,task        ] GC(2455) Using 8 workers of 8 for evacuation
[7.043s][debug][gc,age         ] GC(2455) Desired survivor size 1114112 bytes, new threshold 1 (max threshold 6)
[7.043s][info ][gc,heap        ] GC(2455) ParNew: 19118K->1969K(19648K)
[7.043s][info ][gc,heap        ] GC(2455) CMS: 18766K->19156K(43712K)
[7.043s][info ][gc,metaspace   ] GC(2455) Metaspace: 5340K->5340K(1056768K)
[7.043s][info ][gc             ] GC(2455) Pause Young (Allocation Failure) 36M->20M(61M) 0.519ms
[7.043s][info ][gc,cpu         ] GC(2455) User=0.00s Sys=0.00s Real=0.01s
[7.044s][info ][gc,start       ] GC(2456) Pause Young (Allocation Failure)
[7.044s][info ][gc,task        ] GC(2456) Using 8 workers of 8 for evacuation
[7.045s][debug][gc,age         ] GC(2456) Desired survivor size 1114112 bytes, new threshold 1 (max threshold 6)
[7.045s][info ][gc,heap        ] GC(2456) ParNew: 19115K->1969K(19648K)
[7.045s][info ][gc,heap        ] GC(2456) CMS: 19156K->19547K(43712K)
[7.045s][info ][gc,metaspace   ] GC(2456) Metaspace: 5340K->5340K(1056768K)
[7.045s][info ][gc             ] GC(2456) Pause Young (Allocation Failure) 37M->21M(61M) 0.491ms
[7.045s][info ][gc,cpu         ] GC(2456) User=0.00s Sys=0.00s Real=0.00s
[7.046s][info ][gc,start       ] GC(2457) Pause Young (Allocation Failure)
[7.046s][info ][gc,task        ] GC(2457) Using 8 workers of 8 for evacuation
[7.047s][debug][gc,age         ] GC(2457) Desired survivor size 1114112 bytes, new threshold 1 (max threshold 6)
[7.047s][info ][gc,heap        ] GC(2457) ParNew: 19113K->1967K(19648K)
[7.047s][info ][gc,heap        ] GC(2457) CMS: 19547K->19938K(43712K)
[7.047s][info ][gc,metaspace   ] GC(2457) Metaspace: 5340K->5340K(1056768K)
[7.047s][info ][gc             ] GC(2457) Pause Young (Allocation Failure) 37M->21M(61M) 1.134ms
[7.047s][info ][gc,cpu         ] GC(2457) User=0.01s Sys=0.00s Real=0.00s
[7.049s][info ][gc,start       ] GC(2458) Pause Young (Allocation Failure)
[7.049s][info ][gc,task        ] GC(2458) Using 8 workers of 8 for evacuation
[7.049s][debug][gc,age         ] GC(2458) Desired survivor size 1114112 bytes, new threshold 1 (max threshold 6)
[7.049s][info ][gc,heap        ] GC(2458) ParNew: 19110K->1969K(19648K)
[7.049s][info ][gc,heap        ] GC(2458) CMS: 19938K->19938K(43712K)
[7.049s][info ][gc,metaspace   ] GC(2458) Metaspace: 5340K->5340K(1056768K)
[7.049s][info ][gc             ] GC(2458) Pause Young (Allocation Failure) 38M->21M(61M) 0.431ms
[7.049s][info ][gc,cpu         ] GC(2458) User=0.01s Sys=0.00s Real=0.00s
[7.050s][info ][gc,start       ] GC(2459) Pause Young (Allocation Failure)
[7.050s][info ][gc,task        ] GC(2459) Using 8 workers of 8 for evacuation
[7.051s][debug][gc,age         ] GC(2459) Desired survivor size 1114112 bytes, new threshold 1 (max threshold 6)
[7.051s][info ][gc,heap        ] GC(2459) ParNew: 19111K->1967K(19648K)
[7.051s][info ][gc,heap        ] GC(2459) CMS: 19938K->20719K(43712K)
[7.051s][info ][gc,metaspace   ] GC(2459) Metaspace: 5340K->5340K(1056768K)
[7.051s][info ][gc             ] GC(2459) Pause Young (Allocation Failure) 38M->22M(61M) 0.789ms
[7.051s][info ][gc,cpu         ] GC(2459) User=0.01s Sys=0.00s Real=0.00s
[7.053s][info ][gc,start       ] GC(2460) Pause Young (Allocation Failure)
[7.053s][info ][gc,task        ] GC(2460) Using 8 workers of 8 for evacuation
[7.053s][debug][gc,age         ] GC(2460) Desired survivor size 1114112 bytes, new threshold 1 (max threshold 6)
[7.053s][info ][gc,heap        ] GC(2460) ParNew: 19108K->1969K(19648K)
[7.053s][info ][gc,heap        ] GC(2460) CMS: 20719K->21500K(43712K)
[7.053s][info ][gc,metaspace   ] GC(2460) Metaspace: 5340K->5340K(1056768K)
[7.053s][info ][gc             ] GC(2460) Pause Young (Allocation Failure) 38M->22M(61M) 0.519ms
[7.053s][info ][gc,cpu         ] GC(2460) User=0.01s Sys=0.00s Real=0.01s
[7.055s][info ][gc,start       ] GC(2461) Pause Young (Allocation Failure)
[7.055s][info ][gc,task        ] GC(2461) Using 8 workers of 8 for evacuation
[7.055s][debug][gc,age         ] GC(2461) Desired survivor size 1114112 bytes, new threshold 1 (max threshold 6)
[7.055s][info ][gc,heap        ] GC(2461) ParNew: 19320K->1184K(19648K)
[7.056s][info ][gc,heap        ] GC(2461) CMS: 21500K->22673K(43712K)
[7.056s][info ][gc,metaspace   ] GC(2461) Metaspace: 5340K->5340K(1056768K)
[7.056s][info ][gc             ] GC(2461) Pause Young (Allocation Failure) 39M->23M(61M) 0.516ms
[7.056s][info ][gc,cpu         ] GC(2461) User=0.00s Sys=0.00s Real=0.00s
[7.057s][info ][gc,start       ] GC(2462) Pause Young (Allocation Failure)
[7.057s][info ][gc,task        ] GC(2462) Using 8 workers of 8 for evacuation
[7.058s][debug][gc,age         ] GC(2462) Desired survivor size 1114112 bytes, new threshold 1 (max threshold 6)
[7.058s][info ][gc,heap        ] GC(2462) ParNew: 18389K->1969K(19648K)
[7.058s][info ][gc,heap        ] GC(2462) CMS: 22673K->23064K(43712K)
[7.058s][info ][gc,metaspace   ] GC(2462) Metaspace: 5340K->5340K(1056768K)
[7.058s][info ][gc             ] GC(2462) Pause Young (Allocation Failure) 40M->24M(61M) 0.430ms
[7.058s][info ][gc,cpu         ] GC(2462) User=0.00s Sys=0.00s Real=0.00s
[7.059s][info ][gc,start       ] GC(2463) Pause Young (Allocation Failure)
[7.059s][info ][gc,task        ] GC(2463) Using 8 workers of 8 for evacuation
[7.059s][debug][gc,age         ] GC(2463) Desired survivor size 1114112 bytes, new threshold 1 (max threshold 6)
[7.059s][info ][gc,heap        ] GC(2463) ParNew: 19109K->1969K(19648K)
[7.059s][info ][gc,heap        ] GC(2463) CMS: 23064K->23455K(43712K)
[7.059s][info ][gc,metaspace   ] GC(2463) Metaspace: 5340K->5340K(1056768K)
[7.059s][info ][gc             ] GC(2463) Pause Young (Allocation Failure) 41M->24M(61M) 0.457ms
[7.059s][info ][gc,cpu         ] GC(2463) User=0.00s Sys=0.00s Real=0.00s
[7.061s][info ][gc,start       ] GC(2464) Pause Young (Allocation Failure)
[7.061s][info ][gc,task        ] GC(2464) Using 8 workers of 8 for evacuation
[7.061s][debug][gc,age         ] GC(2464) Desired survivor size 1114112 bytes, new threshold 1 (max threshold 6)
[7.061s][info ][gc,heap        ] GC(2464) ParNew: 19363K->1186K(19648K)
[7.061s][info ][gc,heap        ] GC(2464) CMS: 23455K->24237K(43712K)
[7.061s][info ][gc,metaspace   ] GC(2464) Metaspace: 5340K->5340K(1056768K)
[7.061s][info ][gc             ] GC(2464) Pause Young (Allocation Failure) 41M->24M(61M) 0.486ms
[7.061s][info ][gc,cpu         ] GC(2464) User=0.01s Sys=0.00s Real=0.00s
[7.063s][info ][gc,start       ] GC(2465) Pause Young (Allocation Failure)
[7.063s][info ][gc,task        ] GC(2465) Using 8 workers of 8 for evacuation
[7.063s][debug][gc,age         ] GC(2465) Desired survivor size 1114112 bytes, new threshold 1 (max threshold 6)
[7.063s][info ][gc,heap        ] GC(2465) ParNew: 18417K->1969K(19648K)
[7.063s][info ][gc,heap        ] GC(2465) CMS: 24237K->25409K(43712K)
[7.063s][info ][gc,metaspace   ] GC(2465) Metaspace: 5340K->5340K(1056768K)
[7.063s][info ][gc             ] GC(2465) Pause Young (Allocation Failure) 41M->26M(61M) 0.509ms
[7.063s][info ][gc,cpu         ] GC(2465) User=0.01s Sys=0.00s Real=0.01s
[7.065s][info ][gc,start       ] GC(2466) Pause Young (Allocation Failure)
[7.065s][info ][gc,task        ] GC(2466) Using 8 workers of 8 for evacuation
[7.066s][debug][gc,age         ] GC(2466) Desired survivor size 1114112 bytes, new threshold 1 (max threshold 6)
[7.066s][info ][gc,heap        ] GC(2466) ParNew: 19168K->1969K(19648K)
[7.066s][info ][gc,heap        ] GC(2466) CMS: 25409K->26581K(43712K)
[7.066s][info ][gc,metaspace   ] GC(2466) Metaspace: 5340K->5340K(1056768K)
[7.066s][info ][gc             ] GC(2466) Pause Young (Allocation Failure) 43M->27M(61M) 1.041ms
[7.066s][info ][gc,cpu         ] GC(2466) User=0.01s Sys=0.00s Real=0.00s
[7.067s][info ][gc,start       ] GC(2467) Pause Young (Allocation Failure)
[7.067s][info ][gc,task        ] GC(2467) Using 8 workers of 8 for evacuation
[7.067s][debug][gc,age         ] GC(2467) Desired survivor size 1114112 bytes, new threshold 1 (max threshold 6)
[7.067s][info ][gc,heap        ] GC(2467) ParNew: 19147K->1967K(19648K)
[7.067s][info ][gc,heap        ] GC(2467) CMS: 26581K->26581K(43712K)
[7.067s][info ][gc,metaspace   ] GC(2467) Metaspace: 5340K->5340K(1056768K)
[7.067s][info ][gc             ] GC(2467) Pause Young (Allocation Failure) 44M->27M(61M) 0.459ms
[7.067s][info ][gc,cpu         ] GC(2467) User=0.00s Sys=0.00s Real=0.00s
[7.069s][info ][gc,start       ] GC(2468) Pause Young (Allocation Failure)
[7.069s][info ][gc,task        ] GC(2468) Using 8 workers of 8 for evacuation
[7.069s][debug][gc,age         ] GC(2468) Desired survivor size 1114112 bytes, new threshold 1 (max threshold 6)
[7.069s][info ][gc,heap        ] GC(2468) ParNew: 19132K->1969K(19648K)
[7.069s][info ][gc,heap        ] GC(2468) CMS: 26581K->27363K(43712K)
[7.069s][info ][gc,metaspace   ] GC(2468) Metaspace: 5340K->5340K(1056768K)
[7.069s][info ][gc             ] GC(2468) Pause Young (Allocation Failure) 44M->28M(61M) 0.504ms
[7.069s][info ][gc,cpu         ] GC(2468) User=0.00s Sys=0.00s Real=0.00s
[7.071s][info ][gc,start       ] GC(2469) Pause Young (Allocation Failure)
[7.071s][info ][gc,task        ] GC(2469) Using 8 workers of 8 for evacuation
[7.071s][debug][gc,age         ] GC(2469) Desired survivor size 1114112 bytes, new threshold 1 (max threshold 6)
[7.071s][info ][gc,heap        ] GC(2469) ParNew: 19125K->1969K(19648K)
[7.071s][info ][gc,heap        ] GC(2469) CMS: 27363K->27363K(43712K)
[7.071s][info ][gc,metaspace   ] GC(2469) Metaspace: 5340K->5340K(1056768K)
[7.071s][info ][gc             ] GC(2469) Pause Young (Allocation Failure) 45M->28M(61M) 0.420ms
[7.071s][info ][gc,cpu         ] GC(2469) User=0.00s Sys=0.00s Real=0.00s
[7.072s][info ][gc,start       ] GC(2470) Pause Young (Allocation Failure)
[7.072s][info ][gc,task        ] GC(2470) Using 8 workers of 8 for evacuation
[7.073s][debug][gc,age         ] GC(2470) Desired survivor size 1114112 bytes, new threshold 1 (max threshold 6)
[7.073s][info ][gc,heap        ] GC(2470) ParNew: 19119K->1969K(19648K)
[7.073s][info ][gc,heap        ] GC(2470) CMS: 27363K->27363K(43712K)
[7.073s][info ][gc,metaspace   ] GC(2470) Metaspace: 5340K->5340K(1056768K)
[7.073s][info ][gc             ] GC(2470) Pause Young (Allocation Failure) 45M->28M(61M) 0.392ms
[7.073s][info ][gc,cpu         ] GC(2470) User=0.00s Sys=0.00s Real=0.00s
[7.074s][info ][gc,start       ] GC(2471) Pause Young (Allocation Failure)
[7.074s][info ][gc,task        ] GC(2471) Using 8 workers of 8 for evacuation
[7.075s][debug][gc,age         ] GC(2471) Desired survivor size 1114112 bytes, new threshold 1 (max threshold 6)
[7.075s][info ][gc,heap        ] GC(2471) ParNew: 19116K->1969K(19648K)
[7.075s][info ][gc,heap        ] GC(2471) CMS: 27363K->28144K(43712K)
[7.075s][info ][gc,metaspace   ] GC(2471) Metaspace: 5340K->5340K(1056768K)
[7.075s][info ][gc             ] GC(2471) Pause Young (Allocation Failure) 45M->29M(61M) 0.626ms
[7.075s][info ][gc,cpu         ] GC(2471) User=0.00s Sys=0.00s Real=0.00s
[7.076s][info ][gc,start       ] GC(2472) Pause Young (Allocation Failure)
[7.076s][info ][gc,task        ] GC(2472) Using 8 workers of 8 for evacuation
[7.076s][debug][gc,age         ] GC(2472) Desired survivor size 1114112 bytes, new threshold 1 (max threshold 6)
[7.076s][info ][gc,heap        ] GC(2472) ParNew: 19114K->1969K(19648K)
[7.076s][info ][gc,heap        ] GC(2472) CMS: 28144K->28144K(43712K)
[7.076s][info ][gc,metaspace   ] GC(2472) Metaspace: 5340K->5340K(1056768K)
[7.076s][info ][gc             ] GC(2472) Pause Young (Allocation Failure) 46M->29M(61M) 0.405ms
[7.076s][info ][gc,cpu         ] GC(2472) User=0.00s Sys=0.00s Real=0.00s
[7.078s][info ][gc,start       ] GC(2473) Pause Young (Allocation Failure)
[7.078s][info ][gc,task        ] GC(2473) Using 8 workers of 8 for evacuation
[7.078s][debug][gc,age         ] GC(2473) Desired survivor size 1114112 bytes, new threshold 1 (max threshold 6)
[7.078s][info ][gc,heap        ] GC(2473) ParNew: 19112K->1969K(19648K)
[7.078s][info ][gc,heap        ] GC(2473) CMS: 28144K->28925K(43712K)
[7.078s][info ][gc,metaspace   ] GC(2473) Metaspace: 5340K->5340K(1056768K)
[7.078s][info ][gc             ] GC(2473) Pause Young (Allocation Failure) 46M->30M(61M) 0.506ms
[7.078s][info ][gc,cpu         ] GC(2473) User=0.00s Sys=0.00s Real=0.00s
[7.080s][info ][gc,start       ] GC(2474) Pause Young (Allocation Failure)
[7.080s][info ][gc,task        ] GC(2474) Using 8 workers of 8 for evacuation
[7.081s][debug][gc,age         ] GC(2474) Desired survivor size 1114112 bytes, new threshold 1 (max threshold 6)
[7.081s][info ][gc,heap        ] GC(2474) ParNew: 19111K->1967K(19648K)
[7.081s][info ][gc,heap        ] GC(2474) CMS: 28925K->28925K(43712K)
[7.081s][info ][gc,metaspace   ] GC(2474) Metaspace: 5340K->5340K(1056768K)
[7.081s][info ][gc             ] GC(2474) Pause Young (Allocation Failure) 46M->30M(61M) 1.105ms
[7.081s][info ][gc,cpu         ] GC(2474) User=0.01s Sys=0.00s Real=0.00s
[7.082s][info ][gc,start       ] GC(2475) Pause Young (Allocation Failure)
[7.082s][info ][gc,task        ] GC(2475) Using 8 workers of 8 for evacuation
[7.083s][debug][gc,age         ] GC(2475) Desired survivor size 1114112 bytes, new threshold 1 (max threshold 6)
[7.083s][info ][gc,heap        ] GC(2475) ParNew: 19067K->1578K(19648K)
[7.083s][info ][gc,heap        ] GC(2475) CMS: 28925K->29316K(43712K)
[7.083s][info ][gc,metaspace   ] GC(2475) Metaspace: 5340K->5340K(1056768K)
[7.083s][info ][gc             ] GC(2475) Pause Young (Allocation Failure) 46M->30M(61M) 0.479ms
[7.083s][info ][gc,cpu         ] GC(2475) User=0.01s Sys=0.00s Real=0.00s
[7.084s][info ][gc,start       ] GC(2476) Pause Young (Allocation Failure)
[7.084s][info ][gc,task        ] GC(2476) Using 8 workers of 8 for evacuation
[7.085s][debug][gc,age         ] GC(2476) Desired survivor size 1114112 bytes, new threshold 1 (max threshold 6)
[7.085s][info ][gc,heap        ] GC(2476) ParNew: 18734K->1965K(19648K)
[7.085s][info ][gc,heap        ] GC(2476) CMS: 29316K->30488K(43712K)
[7.085s][info ][gc,metaspace   ] GC(2476) Metaspace: 5340K->5340K(1056768K)
[7.085s][info ][gc             ] GC(2476) Pause Young (Allocation Failure) 46M->31M(61M) 0.569ms
[7.085s][info ][gc,cpu         ] GC(2476) User=0.01s Sys=0.00s Real=0.00s
[7.086s][info ][gc,start       ] GC(2477) Pause Young (Allocation Failure)
[7.086s][info ][gc,task        ] GC(2477) Using 8 workers of 8 for evacuation
[7.087s][debug][gc,age         ] GC(2477) Desired survivor size 1114112 bytes, new threshold 1 (max threshold 6)
[7.087s][info ][gc,heap        ] GC(2477) ParNew: 19283K->1186K(19648K)
[7.087s][info ][gc,heap        ] GC(2477) CMS: 30488K->31662K(43712K)
[7.087s][info ][gc,metaspace   ] GC(2477) Metaspace: 5340K->5340K(1056768K)
[7.087s][info ][gc             ] GC(2477) Pause Young (Allocation Failure) 48M->32M(61M) 0.504ms
[7.087s][info ][gc,cpu         ] GC(2477) User=0.00s Sys=0.00s Real=0.00s
[7.089s][info ][gc,start       ] GC(2478) Pause Young (Allocation Failure)
[7.089s][info ][gc,task        ] GC(2478) Using 8 workers of 8 for evacuation
[7.089s][debug][gc,age         ] GC(2478) Desired survivor size 1114112 bytes, new threshold 1 (max threshold 6)
[7.089s][info ][gc,heap        ] GC(2478) ParNew: 18586K->1574K(19648K)
[7.089s][info ][gc,heap        ] GC(2478) CMS: 31662K->32053K(43712K)
[7.089s][info ][gc,metaspace   ] GC(2478) Metaspace: 5340K->5340K(1056768K)
[7.089s][info ][gc             ] GC(2478) Pause Young (Allocation Failure) 49M->32M(61M) 0.848ms
[7.089s][info ][gc,cpu         ] GC(2478) User=0.00s Sys=0.00s Real=0.00s
[7.091s][info ][gc,start       ] GC(2479) Pause Young (Allocation Failure)
[7.091s][info ][gc,task        ] GC(2479) Using 8 workers of 8 for evacuation
[7.092s][debug][gc,age         ] GC(2479) Desired survivor size 1114112 bytes, new threshold 1 (max threshold 6)
[7.092s][info ][gc,heap        ] GC(2479) ParNew: 18842K->1965K(19648K)
[7.092s][info ][gc,heap        ] GC(2479) CMS: 32053K->32834K(43712K)
[7.092s][info ][gc,metaspace   ] GC(2479) Metaspace: 5340K->5340K(1056768K)
[7.092s][info ][gc             ] GC(2479) Pause Young (Allocation Failure) 49M->33M(61M) 0.744ms
[7.092s][info ][gc,cpu         ] GC(2479) User=0.00s Sys=0.00s Real=0.00s
[7.093s][info ][gc,start       ] GC(2480) Pause Young (Allocation Failure)
[7.093s][info ][gc,task        ] GC(2480) Using 8 workers of 8 for evacuation
[7.094s][debug][gc,age         ] GC(2480) Desired survivor size 1114112 bytes, new threshold 1 (max threshold 6)
[7.094s][info ][gc,heap        ] GC(2480) ParNew: 19187K->1967K(19648K)
[7.094s][info ][gc,heap        ] GC(2480) CMS: 32834K->33225K(43712K)
[7.094s][info ][gc,metaspace   ] GC(2480) Metaspace: 5340K->5340K(1056768K)
[7.094s][info ][gc             ] GC(2480) Pause Young (Allocation Failure) 50M->34M(61M) 0.492ms
[7.094s][info ][gc,cpu         ] GC(2480) User=0.00s Sys=0.00s Real=0.00s
[7.095s][info ][gc,start       ] GC(2481) Pause Young (Allocation Failure)
[7.095s][info ][gc,task        ] GC(2481) Using 8 workers of 8 for evacuation
[7.095s][debug][gc,age         ] GC(2481) Desired survivor size 1114112 bytes, new threshold 1 (max threshold 6)
[7.095s][info ][gc,heap        ] GC(2481) ParNew: 19160K->1969K(19648K)
[7.095s][info ][gc,heap        ] GC(2481) CMS: 33225K->33616K(43712K)
[7.095s][info ][gc,metaspace   ] GC(2481) Metaspace: 5340K->5340K(1056768K)
[7.095s][info ][gc             ] GC(2481) Pause Young (Allocation Failure) 51M->34M(61M) 0.477ms
[7.095s][info ][gc,cpu         ] GC(2481) User=0.00s Sys=0.00s Real=0.00s
[7.097s][info ][gc,start       ] GC(2482) Pause Young (Allocation Failure)
[7.097s][info ][gc,task        ] GC(2482) Using 8 workers of 8 for evacuation
[7.097s][debug][gc,age         ] GC(2482) Desired survivor size 1114112 bytes, new threshold 1 (max threshold 6)
[7.097s][info ][gc,heap        ] GC(2482) ParNew: 19143K->1969K(19648K)
[7.097s][info ][gc,heap        ] GC(2482) CMS: 33616K->34397K(43712K)
[7.097s][info ][gc,metaspace   ] GC(2482) Metaspace: 5340K->5340K(1056768K)
[7.097s][info ][gc             ] GC(2482) Pause Young (Allocation Failure) 51M->35M(61M) 0.502ms
[7.097s][info ][gc,cpu         ] GC(2482) User=0.00s Sys=0.00s Real=0.00s
[7.099s][info ][gc,start       ] GC(2483) Pause Young (Allocation Failure)
[7.099s][info ][gc,task        ] GC(2483) Using 8 workers of 8 for evacuation
[7.099s][debug][gc,age         ] GC(2483) Desired survivor size 1114112 bytes, new threshold 1 (max threshold 6)
[7.099s][info ][gc,heap        ] GC(2483) ParNew: 19131K->1967K(19648K)
[7.099s][info ][gc,heap        ] GC(2483) CMS: 34397K->35179K(43712K)
[7.099s][info ][gc,metaspace   ] GC(2483) Metaspace: 5340K->5340K(1056768K)
[7.099s][info ][gc             ] GC(2483) Pause Young (Allocation Failure) 52M->36M(61M) 0.775ms
[7.099s][info ][gc,cpu         ] GC(2483) User=0.00s Sys=0.00s Real=0.00s
[7.101s][info ][gc,start       ] GC(2484) Pause Young (Allocation Failure)
[7.101s][info ][gc,task        ] GC(2484) Using 8 workers of 8 for evacuation
[7.101s][debug][gc,age         ] GC(2484) Desired survivor size 1114112 bytes, new threshold 1 (max threshold 6)
[7.101s][info ][gc,heap        ] GC(2484) ParNew: 19121K->1969K(19648K)
[7.101s][info ][gc,heap        ] GC(2484) CMS: 35179K->35569K(43712K)
[7.101s][info ][gc,metaspace   ] GC(2484) Metaspace: 5340K->5340K(1056768K)
[7.101s][info ][gc             ] GC(2484) Pause Young (Allocation Failure) 53M->36M(61M) 0.461ms
[7.101s][info ][gc,cpu         ] GC(2484) User=0.00s Sys=0.00s Real=0.00s
[7.102s][info ][gc,start       ] GC(2485) Pause Young (Allocation Failure)
[7.102s][info ][gc,task        ] GC(2485) Using 8 workers of 8 for evacuation
[7.103s][debug][gc,age         ] GC(2485) Desired survivor size 1114112 bytes, new threshold 1 (max threshold 6)
[7.103s][info ][gc,heap        ] GC(2485) ParNew: 19118K->1969K(19648K)
[7.103s][info ][gc,heap        ] GC(2485) CMS: 35569K->35569K(43712K)
[7.103s][info ][gc,metaspace   ] GC(2485) Metaspace: 5340K->5340K(1056768K)
[7.103s][info ][gc             ] GC(2485) Pause Young (Allocation Failure) 53M->36M(61M) 0.403ms
[7.103s][info ][gc,cpu         ] GC(2485) User=0.00s Sys=0.00s Real=0.00s
[7.104s][info ][gc,start       ] GC(2486) Pause Young (Allocation Failure)
[7.104s][info ][gc,task        ] GC(2486) Using 8 workers of 8 for evacuation
[7.105s][debug][gc,age         ] GC(2486) Desired survivor size 1114112 bytes, new threshold 1 (max threshold 6)
[7.105s][info ][gc,heap        ] GC(2486) ParNew: 19115K->1969K(19648K)
[7.105s][info ][gc,heap        ] GC(2486) CMS: 35569K->36741K(43712K)
[7.105s][info ][gc,metaspace   ] GC(2486) Metaspace: 5340K->5340K(1056768K)
[7.105s][info ][gc             ] GC(2486) Pause Young (Allocation Failure) 53M->37M(61M) 0.591ms
[7.105s][info ][gc,cpu         ] GC(2486) User=0.00s Sys=0.00s Real=0.00s
[7.106s][info ][gc,start       ] GC(2487) Pause Young (Allocation Failure)
[7.106s][info ][gc,task        ] GC(2487) Using 8 workers of 8 for evacuation
[7.107s][debug][gc,age         ] GC(2487) Desired survivor size 1114112 bytes, new threshold 1 (max threshold 6)
[7.107s][info ][gc,heap        ] GC(2487) ParNew: 19113K->1969K(19648K)
[7.107s][info ][gc,heap        ] GC(2487) CMS: 36741K->37522K(43712K)
[7.107s][info ][gc,metaspace   ] GC(2487) Metaspace: 5340K->5340K(1056768K)
[7.107s][info ][gc             ] GC(2487) Pause Young (Allocation Failure) 54M->38M(61M) 0.491ms
[7.107s][info ][gc,cpu         ] GC(2487) User=0.00s Sys=0.00s Real=0.00s
[7.109s][info ][gc,start       ] GC(2488) Pause Young (Allocation Failure)
[7.109s][info ][gc,task        ] GC(2488) Using 8 workers of 8 for evacuation
[7.109s][debug][gc,age         ] GC(2488) Desired survivor size 1114112 bytes, new threshold 1 (max threshold 6)
[7.109s][info ][gc,heap        ] GC(2488) ParNew: 19112K->1969K(19648K)
[7.109s][info ][gc,heap        ] GC(2488) CMS: 37522K->38695K(43712K)
[7.109s][info ][gc,metaspace   ] GC(2488) Metaspace: 5340K->5340K(1056768K)
[7.109s][info ][gc             ] GC(2488) Pause Young (Allocation Failure) 55M->39M(61M) 0.524ms
[7.109s][info ][gc,cpu         ] GC(2488) User=0.01s Sys=0.00s Real=0.00s
[7.110s][info ][gc,start       ] GC(2489) Pause Young (Allocation Failure)
[7.111s][info ][gc,task        ] GC(2489) Using 8 workers of 8 for evacuation
[7.111s][debug][gc,age         ] GC(2489) Desired survivor size 1114112 bytes, new threshold 1 (max threshold 6)
[7.111s][info ][gc,heap        ] GC(2489) ParNew: 19332K->1572K(19648K)
[7.111s][info ][gc,heap        ] GC(2489) CMS: 38695K->39477K(43712K)
[7.111s][info ][gc,metaspace   ] GC(2489) Metaspace: 5340K->5340K(1056768K)
[7.111s][info ][gc             ] GC(2489) Pause Young (Allocation Failure) 56M->40M(61M) 0.514ms
[7.111s][info ][gc,cpu         ] GC(2489) User=0.00s Sys=0.00s Real=0.00s
[7.112s][info ][gc,start       ] GC(2490) Pause Young (Allocation Failure)
[7.112s][info ][gc,task        ] GC(2490) Using 8 workers of 8 for evacuation
[7.113s][debug][gc,age         ] GC(2490) Desired survivor size 1114112 bytes, new threshold 1 (max threshold 6)
[7.113s][info ][gc,heap        ] GC(2490) ParNew: 18774K->1965K(19648K)
[7.113s][info ][gc,heap        ] GC(2490) CMS: 39477K->40258K(43712K)
[7.114s][info ][gc,metaspace   ] GC(2490) Metaspace: 5340K->5340K(1056768K)
[7.114s][info ][gc             ] GC(2490) Pause Young (Allocation Failure) 56M->41M(61M) 1.138ms
[7.114s][info ][gc,cpu         ] GC(2490) User=0.01s Sys=0.00s Real=0.01s
[7.115s][info ][gc,start       ] GC(2491) Pause Young (Allocation Failure)
[7.115s][info ][gc,task        ] GC(2491) Using 8 workers of 8 for evacuation
[7.116s][debug][gc,age         ] GC(2491) Desired survivor size 1114112 bytes, new threshold 1 (max threshold 6)
[7.116s][info ][gc,heap        ] GC(2491) ParNew: 19145K->1186K(19648K)
[7.116s][info ][gc,heap        ] GC(2491) CMS: 40258K->40259K(43712K)
[7.116s][info ][gc,metaspace   ] GC(2491) Metaspace: 5340K->5340K(1056768K)
[7.116s][info ][gc             ] GC(2491) Pause Young (Allocation Failure) 58M->40M(61M) 1.057ms
[7.116s][info ][gc,cpu         ] GC(2491) User=0.01s Sys=0.00s Real=0.00s
[7.118s][info ][gc,start       ] GC(2492) Pause Young (Allocation Failure)
[7.118s][info ][gc,task        ] GC(2492) Using 8 workers of 8 for evacuation
[7.119s][debug][gc,age         ] GC(2492) Desired survivor size 1114112 bytes, new threshold 1 (max threshold 6)
[7.119s][info ][gc,heap        ] GC(2492) ParNew: 18658K->1568K(19648K)
[7.119s][info ][gc,heap        ] GC(2492) CMS: 40259K->41040K(43712K)
[7.119s][info ][gc,metaspace   ] GC(2492) Metaspace: 5340K->5340K(1056768K)
[7.119s][info ][gc             ] GC(2492) Pause Young (Allocation Failure) 57M->41M(61M) 1.282ms
[7.119s][info ][gc,cpu         ] GC(2492) User=0.00s Sys=0.00s Real=0.00s
[7.120s][info ][gc,start       ] GC(2493) Pause Young (Allocation Failure)
[7.120s][info ][gc,task        ] GC(2493) Using 8 workers of 8 for evacuation
[7.121s][debug][gc,age         ] GC(2493) Desired survivor size 1114112 bytes, new threshold 1 (max threshold 6)
[7.121s][info ][gc,heap        ] GC(2493) ParNew: 19039K->1568K(19648K)
[7.121s][info ][gc,heap        ] GC(2493) CMS: 41040K->41041K(43712K)
[7.121s][info ][gc,metaspace   ] GC(2493) Metaspace: 5340K->5340K(1056768K)
[7.121s][info ][gc             ] GC(2493) Pause Young (Allocation Failure) 58M->41M(61M) 1.099ms
[7.121s][info ][gc,cpu         ] GC(2493) User=0.00s Sys=0.00s Real=0.00s
[7.123s][info ][gc,start       ] GC(2494) Pause Young (Allocation Failure)
[7.123s][info ][gc,task        ] GC(2494) Using 8 workers of 8 for evacuation
[7.124s][debug][gc,age         ] GC(2494) Desired survivor size 1114112 bytes, new threshold 1 (max threshold 6)
[7.124s][info ][gc,heap        ] GC(2494) ParNew: 18768K->1959K(19648K)
[7.124s][info ][gc,heap        ] GC(2494) CMS: 41041K->41431K(43712K)
[7.124s][info ][gc,metaspace   ] GC(2494) Metaspace: 5340K->5340K(1056768K)
[7.124s][info ][gc             ] GC(2494) Pause Young (Allocation Failure) 58M->42M(61M) 1.308ms
[7.124s][info ][gc,cpu         ] GC(2494) User=0.00s Sys=0.00s Real=0.01s
[7.125s][info ][gc,start       ] GC(2495) Pause Young (Allocation Failure)
[7.125s][info ][gc,task        ] GC(2495) Using 8 workers of 8 for evacuation
[7.127s][debug][gc,age         ] GC(2495) Desired survivor size 1114112 bytes, new threshold 1 (max threshold 6)
[7.127s][info ][gc,heap        ] GC(2495) ParNew: 19137K->1576K(19648K)
[7.127s][info ][gc,heap        ] GC(2495) CMS: 41431K->41432K(43712K)
[7.127s][info ][gc,metaspace   ] GC(2495) Metaspace: 5340K->5340K(1056768K)
[7.127s][info ][gc             ] GC(2495) Pause Young (Allocation Failure) 59M->42M(61M) 1.240ms
[7.127s][info ][gc,cpu         ] GC(2495) User=0.01s Sys=0.00s Real=0.00s
[7.128s][info ][gc,start       ] GC(2496) Pause Young (Allocation Failure)
[7.128s][info ][gc,task        ] GC(2496) Using 8 workers of 8 for evacuation
[7.128s][debug][gc,age         ] GC(2496) Desired survivor size 1114112 bytes, new threshold 1 (max threshold 6)
[7.128s][info ][gc,heap        ] GC(2496) ParNew: 19048K->1576K(19648K)
[7.128s][info ][gc,heap        ] GC(2496) CMS: 41432K->41823K(43712K)
[7.128s][info ][gc,metaspace   ] GC(2496) Metaspace: 5340K->5340K(1056768K)
[7.128s][info ][gc             ] GC(2496) Pause Young (Allocation Failure) 59M->42M(61M) 0.451ms
[7.128s][info ][gc,cpu         ] GC(2496) User=0.01s Sys=0.00s Real=0.00s
[7.130s][info ][gc,start       ] GC(2497) Pause Young (Allocation Failure)
[7.130s][info ][gc,task        ] GC(2497) Using 8 workers of 8 for evacuation
[7.131s][info ][gc,promotion   ] Promotion failed
[7.131s][info ][gc,start       ] GC(2498) Pause Full (Allocation Failure)
[7.131s][info ][gc             ] GC(2448) Concurrent Abortable Preclean 95.182ms
[7.131s][info ][gc,cpu         ] GC(2448) User=0.47s Sys=0.02s Real=0.09s
[7.131s][info ][gc,phases,start] GC(2498) Phase 1: Mark live objects
[7.132s][debug][gc,phases      ] GC(2498) Reference Processing 0.019ms
[7.132s][debug][gc,phases      ] GC(2498) Weak Processing 0.002ms
[7.132s][debug][gc,phases      ] GC(2498) ClassLoaderData 0.007ms
[7.132s][debug][gc,phases      ] GC(2498) ProtectionDomainCacheTable 0.002ms
[7.132s][debug][gc,phases      ] GC(2498) ResolvedMethodTable 0.005ms
[7.133s][debug][gc,phases      ] GC(2498) Class Unloading 0.164ms
[7.133s][debug][gc,phases      ] GC(2498) Scrub String Table 0.018ms
[7.133s][debug][gc,phases      ] GC(2498) Scrub Symbol Table 0.426ms
[7.133s][info ][gc,phases      ] GC(2498) Phase 1: Mark live objects 1.739ms
[7.133s][info ][gc,phases,start] GC(2498) Phase 2: Compute new object addresses
[7.134s][info ][gc,phases      ] GC(2498) Phase 2: Compute new object addresses 0.461ms
[7.134s][info ][gc,phases,start] GC(2498) Phase 3: Adjust pointers
[7.135s][info ][gc,phases      ] GC(2498) Phase 3: Adjust pointers 0.991ms
[7.135s][info ][gc,phases,start] GC(2498) Phase 4: Move objects
[7.135s][info ][gc,phases      ] GC(2498) Phase 4: Move objects 0.510ms
[7.135s][info ][gc             ] GC(2498) Pause Full (Allocation Failure) 60M->4M(61M) 4.022ms
[7.135s][info ][gc,heap        ] GC(2497) ParNew: 18749K->0K(19648K)
[7.135s][info ][gc,heap        ] GC(2497) CMS: 41823K->4675K(43712K)
[7.135s][info ][gc,metaspace   ] GC(2497) Metaspace: 5340K->5340K(1056768K)
[7.135s][info ][gc             ] GC(2497) Pause Young (Allocation Failure) 59M->4M(61M) 5.496ms
[7.135s][info ][gc,cpu         ] GC(2497) User=0.01s Sys=0.00s Real=0.01s
[7.137s][info ][gc,start       ] GC(2499) Pause Young (Allocation Failure)
[7.137s][info ][gc,task        ] GC(2499) Using 8 workers of 8 for evacuation
[7.137s][debug][gc,age         ] GC(2499) Desired survivor size 1114112 bytes, new threshold 1 (max threshold 6)
[7.137s][info ][gc,heap        ] GC(2499) ParNew: 17161K->1969K(19648K)
[7.137s][info ][gc,heap        ] GC(2499) CMS: 4675K->4675K(43712K)
[7.137s][info ][gc,metaspace   ] GC(2499) Metaspace: 5340K->5340K(1056768K)
[7.137s][info ][gc             ] GC(2499) Pause Young (Allocation Failure) 21M->6M(61M) 0.424ms
[7.137s][info ][gc,cpu         ] GC(2499) User=0.00s Sys=0.00s Real=0.00s
[7.139s][info ][gc,start       ] GC(2500) Pause Young (Allocation Failure)
[7.139s][info ][gc,task        ] GC(2500) Using 8 workers of 8 for evacuation
[7.139s][debug][gc,age         ] GC(2500) Desired survivor size 1114112 bytes, new threshold 1 (max threshold 6)
[7.139s][info ][gc,heap        ] GC(2500) ParNew: 19123K->1969K(19648K)
[7.139s][info ][gc,heap        ] GC(2500) CMS: 4675K->5471K(43712K)
[7.139s][info ][gc,metaspace   ] GC(2500) Metaspace: 5340K->5340K(1056768K)
[7.139s][info ][gc             ] GC(2500) Pause Young (Allocation Failure) 23M->7M(61M) 0.519ms
[7.139s][info ][gc,cpu         ] GC(2500) User=0.00s Sys=0.00s Real=0.00s
[7.140s][info ][gc,start       ] GC(2501) Pause Young (Allocation Failure)
[7.141s][info ][gc,task        ] GC(2501) Using 8 workers of 8 for evacuation
[7.141s][debug][gc,age         ] GC(2501) Desired survivor size 1114112 bytes, new threshold 1 (max threshold 6)
[7.141s][info ][gc,heap        ] GC(2501) ParNew: 19118K->1969K(19648K)
[7.141s][info ][gc,heap        ] GC(2501) CMS: 5471K->5864K(43712K)
[7.141s][info ][gc,metaspace   ] GC(2501) Metaspace: 5340K->5340K(1056768K)
[7.141s][info ][gc             ] GC(2501) Pause Young (Allocation Failure) 24M->7M(61M) 0.648ms
[7.141s][info ][gc,cpu         ] GC(2501) User=0.00s Sys=0.00s Real=0.00s
[7.143s][info ][gc,start       ] GC(2502) Pause Young (Allocation Failure)
[7.143s][info ][gc,task        ] GC(2502) Using 8 workers of 8 for evacuation
[7.144s][debug][gc,age         ] GC(2502) Desired survivor size 1114112 bytes, new threshold 1 (max threshold 6)
[7.144s][info ][gc,heap        ] GC(2502) ParNew: 19115K->1963K(19648K)
[7.144s][info ][gc,heap        ] GC(2502) CMS: 5864K->7036K(43712K)
[7.144s][info ][gc,metaspace   ] GC(2502) Metaspace: 5340K->5340K(1056768K)
[7.144s][info ][gc             ] GC(2502) Pause Young (Allocation Failure) 24M->8M(61M) 1.244ms
[7.144s][info ][gc,cpu         ] GC(2502) User=0.01s Sys=0.01s Real=0.01s
[7.145s][info ][gc,start       ] GC(2503) Pause Young (Allocation Failure)
[7.145s][info ][gc,task        ] GC(2503) Using 8 workers of 8 for evacuation
[7.147s][debug][gc,age         ] GC(2503) Desired survivor size 1114112 bytes, new threshold 1 (max threshold 6)
[7.147s][info ][gc,heap        ] GC(2503) ParNew: 19393K->1568K(19648K)
[7.147s][info ][gc,heap        ] GC(2503) CMS: 7036K->7818K(43712K)
[7.147s][info ][gc,metaspace   ] GC(2503) Metaspace: 5340K->5340K(1056768K)
[7.147s][info ][gc             ] GC(2503) Pause Young (Allocation Failure) 25M->9M(61M) 1.446ms
[7.147s][info ][gc,cpu         ] GC(2503) User=0.01s Sys=0.00s Real=0.00s
[7.149s][info ][gc,start       ] GC(2504) Pause Young (Allocation Failure)
[7.149s][info ][gc,task        ] GC(2504) Using 8 workers of 8 for evacuation
[7.150s][debug][gc,age         ] GC(2504) Desired survivor size 1114112 bytes, new threshold 1 (max threshold 6)
[7.150s][info ][gc,heap        ] GC(2504) ParNew: 19040K->1175K(19648K)
[7.150s][info ][gc,heap        ] GC(2504) CMS: 7818K->8209K(43712K)
[7.150s][info ][gc,metaspace   ] GC(2504) Metaspace: 5340K->5340K(1056768K)
[7.150s][info ][gc             ] GC(2504) Pause Young (Allocation Failure) 26M->9M(61M) 1.954ms
[7.150s][info ][gc,cpu         ] GC(2504) User=0.00s Sys=0.00s Real=0.00s
[7.152s][info ][gc,start       ] GC(2505) Pause Young (Allocation Failure)
[7.152s][info ][gc,task        ] GC(2505) Using 8 workers of 8 for evacuation
[7.153s][debug][gc,age         ] GC(2505) Desired survivor size 1114112 bytes, new threshold 1 (max threshold 6)
[7.153s][info ][gc,heap        ] GC(2505) ParNew: 18260K->1572K(19648K)
[7.153s][info ][gc,heap        ] GC(2505) CMS: 8209K->8210K(43712K)
[7.153s][info ][gc,metaspace   ] GC(2505) Metaspace: 5340K->5340K(1056768K)
[7.153s][info ][gc             ] GC(2505) Pause Young (Allocation Failure) 25M->9M(61M) 1.002ms
[7.153s][info ][gc,cpu         ] GC(2505) User=0.00s Sys=0.00s Real=0.00s
[7.154s][info ][gc,start       ] GC(2506) Pause Young (Allocation Failure)
[7.154s][info ][gc,task        ] GC(2506) Using 8 workers of 8 for evacuation
[7.156s][debug][gc,age         ] GC(2506) Desired survivor size 1114112 bytes, new threshold 1 (max threshold 6)
[7.156s][info ][gc,heap        ] GC(2506) ParNew: 18720K->1961K(19648K)
[7.156s][info ][gc,heap        ] GC(2506) CMS: 8210K->8601K(43712K)
[7.156s][info ][gc,metaspace   ] GC(2506) Metaspace: 5340K->5340K(1056768K)
[7.156s][info ][gc             ] GC(2506) Pause Young (Allocation Failure) 26M->10M(61M) 1.399ms
[7.156s][info ][gc,cpu         ] GC(2506) User=0.00s Sys=0.00s Real=0.00s
[7.157s][info ][gc,start       ] GC(2507) Pause Young (Allocation Failure)
[7.157s][info ][gc,task        ] GC(2507) Using 8 workers of 8 for evacuation
[7.159s][debug][gc,age         ] GC(2507) Desired survivor size 1114112 bytes, new threshold 1 (max threshold 6)
[7.159s][info ][gc,heap        ] GC(2507) ParNew: 19128K->1963K(19648K)
[7.159s][info ][gc,heap        ] GC(2507) CMS: 8601K->9382K(43712K)
[7.159s][info ][gc,metaspace   ] GC(2507) Metaspace: 5340K->5340K(1056768K)
[7.159s][info ][gc             ] GC(2507) Pause Young (Allocation Failure) 27M->11M(61M) 1.205ms
[7.159s][info ][gc,cpu         ] GC(2507) User=0.00s Sys=0.00s Real=0.00s
[7.160s][info ][gc,start       ] GC(2508) Pause Young (Allocation Failure)
[7.160s][info ][gc,task        ] GC(2508) Using 8 workers of 8 for evacuation
[7.161s][debug][gc,age         ] GC(2508) Desired survivor size 1114112 bytes, new threshold 1 (max threshold 6)
[7.161s][info ][gc,heap        ] GC(2508) ParNew: 19155K->1959K(19648K)
[7.161s][info ][gc,heap        ] GC(2508) CMS: 9382K->10164K(43712K)
[7.161s][info ][gc,metaspace   ] GC(2508) Metaspace: 5340K->5340K(1056768K)
[7.161s][info ][gc             ] GC(2508) Pause Young (Allocation Failure) 27M->11M(61M) 0.855ms
[7.161s][info ][gc,cpu         ] GC(2508) User=0.00s Sys=0.00s Real=0.00s
[7.162s][info ][gc,start       ] GC(2509) Pause Young (Allocation Failure)
[7.162s][info ][gc,task        ] GC(2509) Using 8 workers of 8 for evacuation
[7.164s][debug][gc,age         ] GC(2509) Desired survivor size 1114112 bytes, new threshold 1 (max threshold 6)
[7.164s][info ][gc,heap        ] GC(2509) ParNew: 19132K->1967K(19648K)
[7.164s][info ][gc,heap        ] GC(2509) CMS: 10164K->10945K(43712K)
[7.164s][info ][gc,metaspace   ] GC(2509) Metaspace: 5340K->5340K(1056768K)
[7.164s][info ][gc             ] GC(2509) Pause Young (Allocation Failure) 28M->12M(61M) 1.448ms
[7.164s][info ][gc,cpu         ] GC(2509) User=0.01s Sys=0.00s Real=0.01s
[7.165s][info ][gc,start       ] GC(2510) Pause Young (Allocation Failure)
[7.165s][info ][gc,task        ] GC(2510) Using 8 workers of 8 for evacuation
[7.167s][debug][gc,age         ] GC(2510) Desired survivor size 1114112 bytes, new threshold 1 (max threshold 6)
[7.167s][info ][gc,heap        ] GC(2510) ParNew: 19424K->1965K(19648K)
[7.167s][info ][gc,heap        ] GC(2510) CMS: 10945K->11727K(43712K)
[7.167s][info ][gc,metaspace   ] GC(2510) Metaspace: 5340K->5340K(1056768K)
[7.167s][info ][gc             ] GC(2510) Pause Young (Allocation Failure) 29M->13M(61M) 1.446ms
[7.167s][info ][gc,cpu         ] GC(2510) User=0.00s Sys=0.00s Real=0.00s
[7.168s][info ][gc,start       ] GC(2511) Pause Young (Allocation Failure)
[7.168s][info ][gc,task        ] GC(2511) Using 8 workers of 8 for evacuation
[7.169s][debug][gc,age         ] GC(2511) Desired survivor size 1114112 bytes, new threshold 1 (max threshold 6)
[7.169s][info ][gc,heap        ] GC(2511) ParNew: 19153K->1969K(19648K)
[7.169s][info ][gc,heap        ] GC(2511) CMS: 11727K->12509K(43712K)
[7.169s][info ][gc,metaspace   ] GC(2511) Metaspace: 5340K->5340K(1056768K)
[7.169s][info ][gc             ] GC(2511) Pause Young (Allocation Failure) 30M->14M(61M) 0.516ms
[7.169s][info ][gc,cpu         ] GC(2511) User=0.00s Sys=0.00s Real=0.00s
[7.170s][info ][gc,start       ] GC(2512) Pause Young (Allocation Failure)
[7.170s][info ][gc,task        ] GC(2512) Using 8 workers of 8 for evacuation
[7.171s][debug][gc,age         ] GC(2512) Desired survivor size 1114112 bytes, new threshold 1 (max threshold 6)
[7.171s][info ][gc,heap        ] GC(2512) ParNew: 19140K->1969K(19648K)
[7.171s][info ][gc,heap        ] GC(2512) CMS: 12509K->13681K(43712K)
[7.171s][info ][gc,metaspace   ] GC(2512) Metaspace: 5340K->5340K(1056768K)
[7.171s][info ][gc             ] GC(2512) Pause Young (Allocation Failure) 30M->15M(61M) 0.561ms
[7.171s][info ][gc,cpu         ] GC(2512) User=0.00s Sys=0.00s Real=0.00s
[7.172s][info ][gc,start       ] GC(2513) Pause Young (Allocation Failure)
[7.172s][info ][gc,task        ] GC(2513) Using 8 workers of 8 for evacuation
[7.173s][debug][gc,age         ] GC(2513) Desired survivor size 1114112 bytes, new threshold 1 (max threshold 6)
[7.173s][info ][gc,heap        ] GC(2513) ParNew: 19129K->1574K(19648K)
[7.173s][info ][gc,heap        ] GC(2513) CMS: 13681K->13681K(43712K)
[7.173s][info ][gc,metaspace   ] GC(2513) Metaspace: 5340K->5340K(1056768K)
[7.173s][info ][gc             ] GC(2513) Pause Young (Allocation Failure) 32M->14M(61M) 1.195ms
[7.173s][info ][gc,cpu         ] GC(2513) User=0.00s Sys=0.00s Real=0.01s
[7.174s][info ][gc,start       ] GC(2514) Pause Young (Allocation Failure)
[7.174s][info ][gc,task        ] GC(2514) Using 8 workers of 8 for evacuation
[7.175s][debug][gc,age         ] GC(2514) Desired survivor size 1114112 bytes, new threshold 1 (max threshold 6)
[7.175s][info ][gc,heap        ] GC(2514) ParNew: 18983K->1188K(19648K)
[7.175s][info ][gc,heap        ] GC(2514) CMS: 13681K->14072K(43712K)
[7.175s][info ][gc,metaspace   ] GC(2514) Metaspace: 5340K->5340K(1056768K)
[7.175s][info ][gc             ] GC(2514) Pause Young (Allocation Failure) 31M->14M(61M) 0.991ms
[7.175s][info ][gc,cpu         ] GC(2514) User=0.00s Sys=0.00s Real=0.00s
[7.177s][info ][gc,start       ] GC(2515) Pause Young (Allocation Failure)
[7.177s][info ][gc,task        ] GC(2515) Using 8 workers of 8 for evacuation
[7.179s][debug][gc,age         ] GC(2515) Desired survivor size 1114112 bytes, new threshold 1 (max threshold 6)
[7.179s][info ][gc,heap        ] GC(2515) ParNew: 18384K->1965K(19648K)
[7.179s][info ][gc,heap        ] GC(2515) CMS: 14072K->14854K(43712K)
[7.179s][info ][gc,metaspace   ] GC(2515) Metaspace: 5340K->5340K(1056768K)
[7.179s][info ][gc             ] GC(2515) Pause Young (Allocation Failure) 31M->16M(61M) 2.002ms
[7.179s][info ][gc,cpu         ] GC(2515) User=0.01s Sys=0.00s Real=0.00s
[7.181s][info ][gc,start       ] GC(2516) Pause Young (Allocation Failure)
[7.181s][info ][gc,task        ] GC(2516) Using 8 workers of 8 for evacuation
[7.183s][debug][gc,age         ] GC(2516) Desired survivor size 1114112 bytes, new threshold 1 (max threshold 6)
[7.183s][info ][gc,heap        ] GC(2516) ParNew: 19142K->1957K(19648K)
[7.183s][info ][gc,heap        ] GC(2516) CMS: 14854K->15245K(43712K)
[7.183s][info ][gc,metaspace   ] GC(2516) Metaspace: 5340K->5340K(1056768K)
[7.183s][info ][gc             ] GC(2516) Pause Young (Allocation Failure) 33M->16M(61M) 2.073ms
[7.183s][info ][gc,cpu         ] GC(2516) User=0.00s Sys=0.00s Real=0.00s
[7.184s][info ][gc,start       ] GC(2517) Pause Young (Allocation Failure)
[7.184s][info ][gc,task        ] GC(2517) Using 8 workers of 8 for evacuation
[7.186s][debug][gc,age         ] GC(2517) Desired survivor size 1114112 bytes, new threshold 1 (max threshold 6)
[7.186s][info ][gc,heap        ] GC(2517) ParNew: 19084K->1959K(19648K)
[7.186s][info ][gc,heap        ] GC(2517) CMS: 15245K->16417K(43712K)
[7.186s][info ][gc,metaspace   ] GC(2517) Metaspace: 5340K->5340K(1056768K)
[7.186s][info ][gc             ] GC(2517) Pause Young (Allocation Failure) 33M->17M(61M) 1.558ms
[7.186s][info ][gc,cpu         ] GC(2517) User=0.00s Sys=0.00s Real=0.00s
[7.187s][info ][gc,start       ] GC(2518) Pause Young (Allocation Failure)
[7.187s][info ][gc,task        ] GC(2518) Using 8 workers of 8 for evacuation
[7.189s][debug][gc,age         ] GC(2518) Desired survivor size 1114112 bytes, new threshold 1 (max threshold 6)
[7.189s][info ][gc,heap        ] GC(2518) ParNew: 19127K->1959K(19648K)
[7.189s][info ][gc,heap        ] GC(2518) CMS: 16417K->17198K(43712K)
[7.189s][info ][gc,metaspace   ] GC(2518) Metaspace: 5340K->5340K(1056768K)
[7.189s][info ][gc             ] GC(2518) Pause Young (Allocation Failure) 34M->18M(61M) 1.555ms
[7.189s][info ][gc,cpu         ] GC(2518) User=0.01s Sys=0.00s Real=0.00s
[7.190s][info ][gc,start       ] GC(2519) Pause Young (Allocation Failure)
[7.191s][info ][gc,task        ] GC(2519) Using 8 workers of 8 for evacuation
[7.192s][debug][gc,age         ] GC(2519) Desired survivor size 1114112 bytes, new threshold 1 (max threshold 6)
[7.192s][info ][gc,heap        ] GC(2519) ParNew: 19054K->1566K(19648K)
[7.192s][info ][gc,heap        ] GC(2519) CMS: 17198K->17589K(43712K)
[7.192s][info ][gc,metaspace   ] GC(2519) Metaspace: 5340K->5340K(1056768K)
[7.192s][info ][gc             ] GC(2519) Pause Young (Allocation Failure) 35M->18M(61M) 1.542ms
[7.192s][info ][gc,cpu         ] GC(2519) User=0.00s Sys=0.00s Real=0.00s
[7.193s][info ][gc,start       ] GC(2520) Pause Young (Allocation Failure)
[7.193s][info ][gc,task        ] GC(2520) Using 8 workers of 8 for evacuation
[7.195s][debug][gc,age         ] GC(2520) Desired survivor size 1114112 bytes, new threshold 6 (max threshold 6)
[7.195s][info ][gc,heap        ] GC(2520) ParNew: 18977K->785K(19648K)
[7.195s][info ][gc,heap        ] GC(2520) CMS: 17589K->18762K(43712K)
[7.195s][info ][gc,metaspace   ] GC(2520) Metaspace: 5340K->5340K(1056768K)
[7.195s][info ][gc             ] GC(2520) Pause Young (Allocation Failure) 35M->19M(61M) 1.410ms
[7.195s][info ][gc,cpu         ] GC(2520) User=0.00s Sys=0.00s Real=0.00s
[7.197s][info ][gc,start       ] GC(2521) Pause Young (Allocation Failure)
[7.197s][info ][gc,task        ] GC(2521) Using 8 workers of 8 for evacuation
[7.198s][debug][gc,age         ] GC(2521) Desired survivor size 1114112 bytes, new threshold 1 (max threshold 6)
[7.198s][info ][gc,heap        ] GC(2521) ParNew: 17943K->1957K(19648K)
[7.198s][info ][gc,heap        ] GC(2521) CMS: 18762K->19153K(43712K)
[7.198s][info ][gc,metaspace   ] GC(2521) Metaspace: 5340K->5340K(1056768K)
[7.198s][info ][gc             ] GC(2521) Pause Young (Allocation Failure) 35M->20M(61M) 1.756ms
[7.198s][info ][gc,cpu         ] GC(2521) User=0.00s Sys=0.00s Real=0.00s
[7.200s][info ][gc,start       ] GC(2522) Pause Young (Allocation Failure)
[7.200s][info ][gc,task        ] GC(2522) Using 8 workers of 8 for evacuation
[7.201s][debug][gc,age         ] GC(2522) Desired survivor size 1114112 bytes, new threshold 1 (max threshold 6)
[7.201s][info ][gc,heap        ] GC(2522) ParNew: 19168K->1572K(19648K)
[7.201s][info ][gc,heap        ] GC(2522) CMS: 19153K->19544K(43712K)
[7.201s][info ][gc,metaspace   ] GC(2522) Metaspace: 5340K->5340K(1056768K)
[7.201s][info ][gc             ] GC(2522) Pause Young (Allocation Failure) 37M->20M(61M) 1.404ms
[7.201s][info ][gc,cpu         ] GC(2522) User=0.01s Sys=0.00s Real=0.00s
[7.203s][info ][gc,start       ] GC(2523) Pause Young (Allocation Failure)
[7.203s][info ][gc,task        ] GC(2523) Using 8 workers of 8 for evacuation
[7.204s][debug][gc,age         ] GC(2523) Desired survivor size 1114112 bytes, new threshold 1 (max threshold 6)
[7.204s][info ][gc,heap        ] GC(2523) ParNew: 18758K->1961K(19648K)
[7.204s][info ][gc,heap        ] GC(2523) CMS: 19544K->19935K(43712K)
[7.204s][info ][gc,metaspace   ] GC(2523) Metaspace: 5340K->5340K(1056768K)
[7.204s][info ][gc             ] GC(2523) Pause Young (Allocation Failure) 37M->21M(61M) 1.261ms
[7.204s][info ][gc,cpu         ] GC(2523) User=0.01s Sys=0.00s Real=0.01s
[7.205s][info ][gc,start       ] GC(2524) Pause Young (Allocation Failure)
[7.205s][info ][gc,task        ] GC(2524) Using 8 workers of 8 for evacuation
[7.207s][debug][gc,age         ] GC(2524) Desired survivor size 1114112 bytes, new threshold 1 (max threshold 6)
[7.207s][info ][gc,heap        ] GC(2524) ParNew: 19426K->1961K(19648K)
[7.207s][info ][gc,heap        ] GC(2524) CMS: 19935K->20717K(43712K)
[7.207s][info ][gc,metaspace   ] GC(2524) Metaspace: 5340K->5340K(1056768K)
[7.207s][info ][gc             ] GC(2524) Pause Young (Allocation Failure) 38M->22M(61M) 1.329ms
[7.207s][info ][gc,cpu         ] GC(2524) User=0.01s Sys=0.00s Real=0.00s
[7.208s][info ][gc,start       ] GC(2525) Pause Young (Allocation Failure)
[7.208s][info ][gc,task        ] GC(2525) Using 8 workers of 8 for evacuation
[7.209s][debug][gc,age         ] GC(2525) Desired survivor size 1114112 bytes, new threshold 1 (max threshold 6)
[7.209s][info ][gc,heap        ] GC(2525) ParNew: 19154K->1965K(19648K)
[7.209s][info ][gc,heap        ] GC(2525) CMS: 20717K->20717K(43712K)
[7.209s][info ][gc,metaspace   ] GC(2525) Metaspace: 5340K->5340K(1056768K)
[7.209s][info ][gc             ] GC(2525) Pause Young (Allocation Failure) 38M->22M(61M) 0.470ms
[7.209s][info ][gc,cpu         ] GC(2525) User=0.01s Sys=0.00s Real=0.00s
[7.210s][info ][gc,start       ] GC(2526) Pause Young (Allocation Failure)
[7.210s][info ][gc,task        ] GC(2526) Using 8 workers of 8 for evacuation
[7.210s][debug][gc,age         ] GC(2526) Desired survivor size 1114112 bytes, new threshold 1 (max threshold 6)
[7.210s][info ][gc,heap        ] GC(2526) ParNew: 19139K->1969K(19648K)
[7.210s][info ][gc,heap        ] GC(2526) CMS: 20717K->20717K(43712K)
[7.210s][info ][gc,metaspace   ] GC(2526) Metaspace: 5340K->5340K(1056768K)
[7.210s][info ][gc             ] GC(2526) Pause Young (Allocation Failure) 38M->22M(61M) 0.432ms
[7.210s][info ][gc,cpu         ] GC(2526) User=0.01s Sys=0.00s Real=0.00s
[7.212s][info ][gc,start       ] GC(2527) Pause Young (Allocation Failure)
[7.212s][info ][gc,task        ] GC(2527) Using 8 workers of 8 for evacuation
[7.213s][debug][gc,age         ] GC(2527) Desired survivor size 1114112 bytes, new threshold 1 (max threshold 6)
[7.213s][info ][gc,heap        ] GC(2527) ParNew: 19427K->1965K(19648K)
[7.213s][info ][gc,heap        ] GC(2527) CMS: 20717K->21108K(43712K)
[7.213s][info ][gc,metaspace   ] GC(2527) Metaspace: 5340K->5340K(1056768K)
[7.213s][info ][gc             ] GC(2527) Pause Young (Allocation Failure) 39M->22M(61M) 1.557ms
[7.213s][info ][gc,cpu         ] GC(2527) User=0.01s Sys=0.00s Real=0.01s
[7.215s][info ][gc,start       ] GC(2528) Pause Young (Allocation Failure)
[7.215s][info ][gc,task        ] GC(2528) Using 8 workers of 8 for evacuation
[7.217s][debug][gc,age         ] GC(2528) Desired survivor size 1114112 bytes, new threshold 1 (max threshold 6)
[7.217s][info ][gc,heap        ] GC(2528) ParNew: 19437K->1967K(19648K)
[7.217s][info ][gc,heap        ] GC(2528) CMS: 21108K->21890K(43712K)
[7.217s][info ][gc,metaspace   ] GC(2528) Metaspace: 5340K->5340K(1056768K)
[7.217s][info ][gc             ] GC(2528) Pause Young (Allocation Failure) 39M->23M(61M) 1.552ms
[7.217s][info ][gc,cpu         ] GC(2528) User=0.01s Sys=0.00s Real=0.00s
[7.218s][info ][gc,start       ] GC(2529) Pause Young (Allocation Failure)
[7.218s][info ][gc,task        ] GC(2529) Using 8 workers of 8 for evacuation
[7.220s][debug][gc,age         ] GC(2529) Desired survivor size 1114112 bytes, new threshold 1 (max threshold 6)
[7.220s][info ][gc,heap        ] GC(2529) ParNew: 19160K->1959K(19648K)
[7.220s][info ][gc,heap        ] GC(2529) CMS: 21890K->22672K(43712K)
[7.220s][info ][gc,metaspace   ] GC(2529) Metaspace: 5340K->5340K(1056768K)
[7.220s][info ][gc             ] GC(2529) Pause Young (Allocation Failure) 40M->24M(61M) 1.266ms
[7.220s][info ][gc,cpu         ] GC(2529) User=0.00s Sys=0.00s Real=0.00s
[7.221s][info ][gc,start       ] GC(2530) Pause Young (Allocation Failure)
[7.221s][info ][gc,task        ] GC(2530) Using 8 workers of 8 for evacuation
[7.223s][debug][gc,age         ] GC(2530) Desired survivor size 1114112 bytes, new threshold 1 (max threshold 6)
[7.223s][info ][gc,heap        ] GC(2530) ParNew: 19133K->1959K(19648K)
[7.223s][info ][gc,heap        ] GC(2530) CMS: 22672K->23844K(43712K)
[7.223s][info ][gc,metaspace   ] GC(2530) Metaspace: 5340K->5340K(1056768K)
[7.223s][info ][gc             ] GC(2530) Pause Young (Allocation Failure) 40M->25M(61M) 1.579ms
[7.223s][info ][gc,cpu         ] GC(2530) User=0.00s Sys=0.00s Real=0.00s
[7.223s][info ][gc,start       ] GC(2531) Pause Initial Mark
[7.223s][info ][gc             ] GC(2531) Pause Initial Mark 26M->26M(61M) 0.123ms
[7.223s][info ][gc,cpu         ] GC(2531) User=0.00s Sys=0.00s Real=0.01s
[7.223s][info ][gc             ] GC(2531) Concurrent Mark
[7.223s][info ][gc,task        ] GC(2531) Using 2 workers of 2 for marking
[7.225s][info ][gc             ] GC(2531) Concurrent Mark 1.474ms
[7.225s][info ][gc,cpu         ] GC(2531) User=0.01s Sys=0.00s Real=0.00s
[7.225s][info ][gc             ] GC(2531) Concurrent Preclean
[7.225s][info ][gc             ] GC(2531) Concurrent Preclean 0.101ms
[7.225s][info ][gc,cpu         ] GC(2531) User=0.00s Sys=0.00s Real=0.00s
[7.225s][info ][gc             ] GC(2531) Concurrent Abortable Preclean
[7.225s][info ][gc,start       ] GC(2532) Pause Young (Allocation Failure)
[7.225s][info ][gc,task        ] GC(2532) Using 8 workers of 8 for evacuation
[7.226s][debug][gc,age         ] GC(2532) Desired survivor size 1114112 bytes, new threshold 1 (max threshold 6)
[7.227s][info ][gc,heap        ] GC(2532) ParNew: 19121K->1959K(19648K)
[7.227s][info ][gc,heap        ] GC(2532) CMS: 23844K->24235K(43712K)
[7.227s][info ][gc,metaspace   ] GC(2532) Metaspace: 5340K->5340K(1056768K)
[7.227s][info ][gc             ] GC(2532) Pause Young (Allocation Failure) 41M->25M(61M) 1.308ms
[7.227s][info ][gc,cpu         ] GC(2532) User=0.00s Sys=0.00s Real=0.00s
[7.228s][info ][gc,start       ] GC(2533) Pause Young (Allocation Failure)
[7.228s][info ][gc,task        ] GC(2533) Using 8 workers of 8 for evacuation
[7.229s][debug][gc,age         ] GC(2533) Desired survivor size 1114112 bytes, new threshold 1 (max threshold 6)
[7.229s][info ][gc,heap        ] GC(2533) ParNew: 19113K->1186K(19648K)
[7.229s][info ][gc,heap        ] GC(2533) CMS: 24235K->24626K(43712K)
[7.229s][info ][gc,metaspace   ] GC(2533) Metaspace: 5340K->5340K(1056768K)
[7.229s][info ][gc             ] GC(2533) Pause Young (Allocation Failure) 42M->25M(61M) 0.972ms
[7.229s][info ][gc,cpu         ] GC(2533) User=0.00s Sys=0.00s Real=0.00s
[7.231s][info ][gc,start       ] GC(2534) Pause Young (Allocation Failure)
[7.231s][info ][gc,task        ] GC(2534) Using 8 workers of 8 for evacuation
[7.232s][debug][gc,age         ] GC(2534) Desired survivor size 1114112 bytes, new threshold 6 (max threshold 6)
[7.232s][info ][gc,heap        ] GC(2534) ParNew: 18467K->394K(19648K)
[7.232s][info ][gc,heap        ] GC(2534) CMS: 24626K->25018K(43712K)
[7.232s][info ][gc,metaspace   ] GC(2534) Metaspace: 5340K->5340K(1056768K)
[7.232s][info ][gc             ] GC(2534) Pause Young (Allocation Failure) 42M->24M(61M) 1.400ms
[7.232s][info ][gc,cpu         ] GC(2534) User=0.00s Sys=0.00s Real=0.00s
[7.234s][info ][gc,start       ] GC(2535) Pause Young (Allocation Failure)
[7.234s][info ][gc,task        ] GC(2535) Using 8 workers of 8 for evacuation
[7.234s][debug][gc,age         ] GC(2535) Desired survivor size 1114112 bytes, new threshold 1 (max threshold 6)
[7.234s][info ][gc,heap        ] GC(2535) ParNew: 17633K->1969K(19648K)
[7.234s][info ][gc,heap        ] GC(2535) CMS: 25018K->25409K(43712K)
[7.234s][info ][gc,metaspace   ] GC(2535) Metaspace: 5340K->5340K(1056768K)
[7.234s][info ][gc             ] GC(2535) Pause Young (Allocation Failure) 41M->26M(61M) 0.457ms
[7.234s][info ][gc,cpu         ] GC(2535) User=0.00s Sys=0.00s Real=0.00s
[7.235s][info ][gc,start       ] GC(2536) Pause Young (Allocation Failure)
[7.235s][info ][gc,task        ] GC(2536) Using 8 workers of 8 for evacuation
[7.236s][debug][gc,age         ] GC(2536) Desired survivor size 1114112 bytes, new threshold 1 (max threshold 6)
[7.236s][info ][gc,heap        ] GC(2536) ParNew: 19172K->1967K(19648K)
[7.236s][info ][gc,heap        ] GC(2536) CMS: 25409K->25409K(43712K)
[7.236s][info ][gc,metaspace   ] GC(2536) Metaspace: 5340K->5340K(1056768K)
[7.236s][info ][gc             ] GC(2536) Pause Young (Allocation Failure) 43M->26M(61M) 1.123ms
[7.236s][info ][gc,cpu         ] GC(2536) User=0.00s Sys=0.00s Real=0.00s
[7.238s][info ][gc,start       ] GC(2537) Pause Young (Allocation Failure)
[7.238s][info ][gc,task        ] GC(2537) Using 8 workers of 8 for evacuation
[7.238s][debug][gc,age         ] GC(2537) Desired survivor size 1114112 bytes, new threshold 1 (max threshold 6)
[7.238s][info ][gc,heap        ] GC(2537) ParNew: 19096K->1969K(19648K)
[7.238s][info ][gc,heap        ] GC(2537) CMS: 25409K->25800K(43712K)
[7.238s][info ][gc,metaspace   ] GC(2537) Metaspace: 5340K->5340K(1056768K)
[7.238s][info ][gc             ] GC(2537) Pause Young (Allocation Failure) 43M->27M(61M) 0.469ms
[7.238s][info ][gc,cpu         ] GC(2537) User=0.00s Sys=0.00s Real=0.00s
[7.240s][info ][gc,start       ] GC(2538) Pause Young (Allocation Failure)
[7.240s][info ][gc,task        ] GC(2538) Using 8 workers of 8 for evacuation
[7.240s][debug][gc,age         ] GC(2538) Desired survivor size 1114112 bytes, new threshold 1 (max threshold 6)
[7.240s][info ][gc,heap        ] GC(2538) ParNew: 19441K->1965K(19648K)
[7.240s][info ][gc,heap        ] GC(2538) CMS: 25800K->26582K(43712K)
[7.240s][info ][gc,metaspace   ] GC(2538) Metaspace: 5340K->5340K(1056768K)
[7.240s][info ][gc             ] GC(2538) Pause Young (Allocation Failure) 44M->27M(61M) 0.560ms
[7.240s][info ][gc,cpu         ] GC(2538) User=0.00s Sys=0.01s Real=0.00s
[7.241s][info ][gc,start       ] GC(2539) Pause Young (Allocation Failure)
[7.242s][info ][gc,task        ] GC(2539) Using 8 workers of 8 for evacuation
[7.242s][debug][gc,age         ] GC(2539) Desired survivor size 1114112 bytes, new threshold 1 (max threshold 6)
[7.242s][info ][gc,heap        ] GC(2539) ParNew: 19060K->1967K(19648K)
[7.242s][info ][gc,heap        ] GC(2539) CMS: 26582K->27364K(43712K)
[7.242s][info ][gc,metaspace   ] GC(2539) Metaspace: 5340K->5340K(1056768K)
[7.242s][info ][gc             ] GC(2539) Pause Young (Allocation Failure) 44M->28M(61M) 0.574ms
[7.242s][info ][gc,cpu         ] GC(2539) User=0.00s Sys=0.00s Real=0.00s
[7.243s][info ][gc,start       ] GC(2540) Pause Young (Allocation Failure)
[7.243s][info ][gc,task        ] GC(2540) Using 8 workers of 8 for evacuation
[7.245s][debug][gc,age         ] GC(2540) Desired survivor size 1114112 bytes, new threshold 1 (max threshold 6)
[7.245s][info ][gc,heap        ] GC(2540) ParNew: 19125K->1967K(19648K)
[7.245s][info ][gc,heap        ] GC(2540) CMS: 27364K->28145K(43712K)
[7.245s][info ][gc,metaspace   ] GC(2540) Metaspace: 5340K->5340K(1056768K)
[7.245s][info ][gc             ] GC(2540) Pause Young (Allocation Failure) 45M->29M(61M) 1.365ms
[7.245s][info ][gc,cpu         ] GC(2540) User=0.00s Sys=0.00s Real=0.00s
[7.246s][info ][gc,start       ] GC(2541) Pause Young (Allocation Failure)
[7.246s][info ][gc,task        ] GC(2541) Using 8 workers of 8 for evacuation
[7.247s][debug][gc,age         ] GC(2541) Desired survivor size 1114112 bytes, new threshold 1 (max threshold 6)
[7.247s][info ][gc,heap        ] GC(2541) ParNew: 19180K->1969K(19648K)
[7.247s][info ][gc,heap        ] GC(2541) CMS: 28145K->29708K(43712K)
[7.248s][info ][gc,metaspace   ] GC(2541) Metaspace: 5340K->5340K(1056768K)
[7.248s][info ][gc             ] GC(2541) Pause Young (Allocation Failure) 46M->30M(61M) 1.323ms
[7.248s][info ][gc,cpu         ] GC(2541) User=0.01s Sys=0.00s Real=0.00s
[7.249s][info ][gc,start       ] GC(2542) Pause Young (Allocation Failure)
[7.249s][info ][gc,task        ] GC(2542) Using 8 workers of 8 for evacuation
[7.250s][debug][gc,age         ] GC(2542) Desired survivor size 1114112 bytes, new threshold 1 (max threshold 6)
[7.250s][info ][gc,heap        ] GC(2542) ParNew: 19156K->1959K(19648K)
[7.250s][info ][gc,heap        ] GC(2542) CMS: 29708K->30490K(43712K)
[7.250s][info ][gc,metaspace   ] GC(2542) Metaspace: 5340K->5340K(1056768K)
[7.250s][info ][gc             ] GC(2542) Pause Young (Allocation Failure) 47M->31M(61M) 1.270ms
[7.250s][info ][gc,cpu         ] GC(2542) User=0.00s Sys=0.00s Real=0.00s
[7.252s][info ][gc,start       ] GC(2543) Pause Young (Allocation Failure)
[7.252s][info ][gc,task        ] GC(2543) Using 8 workers of 8 for evacuation
[7.253s][debug][gc,age         ] GC(2543) Desired survivor size 1114112 bytes, new threshold 1 (max threshold 6)
[7.253s][info ][gc,heap        ] GC(2543) ParNew: 19082K->1965K(19648K)
[7.253s][info ][gc,heap        ] GC(2543) CMS: 30490K->31662K(43712K)
[7.253s][info ][gc,metaspace   ] GC(2543) Metaspace: 5340K->5340K(1056768K)
[7.253s][info ][gc             ] GC(2543) Pause Young (Allocation Failure) 48M->32M(61M) 1.435ms
[7.253s][info ][gc,cpu         ] GC(2543) User=0.01s Sys=0.00s Real=0.01s
[7.255s][info ][gc,start       ] GC(2544) Pause Young (Allocation Failure)
[7.255s][info ][gc,task        ] GC(2544) Using 8 workers of 8 for evacuation
[7.256s][debug][gc,age         ] GC(2544) Desired survivor size 1114112 bytes, new threshold 1 (max threshold 6)
[7.256s][info ][gc,heap        ] GC(2544) ParNew: 19142K->1959K(19648K)
[7.256s][info ][gc,heap        ] GC(2544) CMS: 31662K->32053K(43712K)
[7.256s][info ][gc,metaspace   ] GC(2544) Metaspace: 5340K->5340K(1056768K)
[7.256s][info ][gc             ] GC(2544) Pause Young (Allocation Failure) 49M->33M(61M) 1.188ms
[7.256s][info ][gc,cpu         ] GC(2544) User=0.00s Sys=0.00s Real=0.00s
[7.258s][info ][gc,start       ] GC(2545) Pause Young (Allocation Failure)
[7.258s][info ][gc,task        ] GC(2545) Using 8 workers of 8 for evacuation
[7.259s][debug][gc,age         ] GC(2545) Desired survivor size 1114112 bytes, new threshold 6 (max threshold 6)
[7.259s][info ][gc,heap        ] GC(2545) ParNew: 19295K->787K(19648K)
[7.259s][info ][gc,heap        ] GC(2545) CMS: 32053K->33226K(43712K)
[7.259s][info ][gc,metaspace   ] GC(2545) Metaspace: 5340K->5340K(1056768K)
[7.259s][info ][gc             ] GC(2545) Pause Young (Allocation Failure) 50M->33M(61M) 1.670ms
[7.259s][info ][gc,cpu         ] GC(2545) User=0.00s Sys=0.00s Real=0.00s
[7.261s][info ][gc,start       ] GC(2546) Pause Young (Allocation Failure)
[7.261s][info ][gc,task        ] GC(2546) Using 8 workers of 8 for evacuation
[7.261s][debug][gc,age         ] GC(2546) Desired survivor size 1114112 bytes, new threshold 1 (max threshold 6)
[7.261s][info ][gc,heap        ] GC(2546) ParNew: 18020K->1967K(19648K)
[7.261s][info ][gc,heap        ] GC(2546) CMS: 33226K->34398K(43712K)
[7.261s][info ][gc,metaspace   ] GC(2546) Metaspace: 5340K->5340K(1056768K)
[7.261s][info ][gc             ] GC(2546) Pause Young (Allocation Failure) 50M->35M(61M) 0.617ms
[7.261s][info ][gc,cpu         ] GC(2546) User=0.00s Sys=0.00s Real=0.00s
[7.263s][info ][gc,start       ] GC(2547) Pause Young (Allocation Failure)
[7.263s][info ][gc,task        ] GC(2547) Using 8 workers of 8 for evacuation
[7.263s][debug][gc,age         ] GC(2547) Desired survivor size 1114112 bytes, new threshold 1 (max threshold 6)
[7.263s][info ][gc,heap        ] GC(2547) ParNew: 19167K->1969K(19648K)
[7.263s][info ][gc,heap        ] GC(2547) CMS: 34398K->34788K(43712K)
[7.263s][info ][gc,metaspace   ] GC(2547) Metaspace: 5340K->5340K(1056768K)
[7.263s][info ][gc             ] GC(2547) Pause Young (Allocation Failure) 52M->35M(61M) 0.485ms
[7.263s][info ][gc,cpu         ] GC(2547) User=0.00s Sys=0.00s Real=0.01s
[7.265s][info ][gc,start       ] GC(2548) Pause Young (Allocation Failure)
[7.265s][info ][gc,task        ] GC(2548) Using 8 workers of 8 for evacuation
[7.266s][debug][gc,age         ] GC(2548) Desired survivor size 1114112 bytes, new threshold 1 (max threshold 6)
[7.266s][info ][gc,heap        ] GC(2548) ParNew: 19148K->1967K(19648K)
[7.266s][info ][gc,heap        ] GC(2548) CMS: 34788K->35570K(43712K)
[7.266s][info ][gc,metaspace   ] GC(2548) Metaspace: 5340K->5340K(1056768K)
[7.266s][info ][gc             ] GC(2548) Pause Young (Allocation Failure) 52M->36M(61M) 1.290ms
[7.266s][info ][gc,cpu         ] GC(2548) User=0.01s Sys=0.00s Real=0.00s
[7.267s][info ][gc,start       ] GC(2549) Pause Young (Allocation Failure)
[7.267s][info ][gc,task        ] GC(2549) Using 8 workers of 8 for evacuation
[7.269s][debug][gc,age         ] GC(2549) Desired survivor size 1114112 bytes, new threshold 1 (max threshold 6)
[7.269s][info ][gc,heap        ] GC(2549) ParNew: 19421K->1576K(19648K)
[7.269s][info ][gc,heap        ] GC(2549) CMS: 35570K->36352K(43712K)
[7.269s][info ][gc,metaspace   ] GC(2549) Metaspace: 5340K->5340K(1056768K)
[7.269s][info ][gc             ] GC(2549) Pause Young (Allocation Failure) 53M->37M(61M) 1.348ms
[7.269s][info ][gc,cpu         ] GC(2549) User=0.01s Sys=0.00s Real=0.00s
[7.270s][info ][gc,start       ] GC(2550) Pause Young (Allocation Failure)
[7.270s][info ][gc,task        ] GC(2550) Using 8 workers of 8 for evacuation
[7.270s][debug][gc,age         ] GC(2550) Desired survivor size 1114112 bytes, new threshold 1 (max threshold 6)
[7.271s][info ][gc,heap        ] GC(2550) ParNew: 18769K->1967K(19648K)
[7.271s][info ][gc,heap        ] GC(2550) CMS: 36352K->37135K(43712K)
[7.271s][info ][gc,metaspace   ] GC(2550) Metaspace: 5340K->5340K(1056768K)
[7.271s][info ][gc             ] GC(2550) Pause Young (Allocation Failure) 53M->38M(61M) 0.467ms
[7.271s][info ][gc,cpu         ] GC(2550) User=0.00s Sys=0.00s Real=0.00s
[7.272s][info ][gc,start       ] GC(2551) Pause Young (Allocation Failure)
[7.272s][info ][gc,task        ] GC(2551) Using 8 workers of 8 for evacuation
[7.272s][debug][gc,age         ] GC(2551) Desired survivor size 1114112 bytes, new threshold 1 (max threshold 6)
[7.272s][info ][gc,heap        ] GC(2551) ParNew: 19439K->1967K(19648K)
[7.272s][info ][gc,heap        ] GC(2551) CMS: 37135K->37526K(43712K)
[7.272s][info ][gc,metaspace   ] GC(2551) Metaspace: 5340K->5340K(1056768K)
[7.272s][info ][gc             ] GC(2551) Pause Young (Allocation Failure) 55M->38M(61M) 0.480ms
[7.272s][info ][gc,cpu         ] GC(2551) User=0.01s Sys=0.00s Real=0.00s
[7.274s][info ][gc,start       ] GC(2552) Pause Young (Allocation Failure)
[7.274s][info ][gc,task        ] GC(2552) Using 8 workers of 8 for evacuation
[7.274s][debug][gc,age         ] GC(2552) Desired survivor size 1114112 bytes, new threshold 1 (max threshold 6)
[7.274s][info ][gc,heap        ] GC(2552) ParNew: 19435K->1965K(19648K)
[7.274s][info ][gc,heap        ] GC(2552) CMS: 37526K->38698K(43712K)
[7.274s][info ][gc,metaspace   ] GC(2552) Metaspace: 5340K->5340K(1056768K)
[7.274s][info ][gc             ] GC(2552) Pause Young (Allocation Failure) 55M->39M(61M) 0.607ms
[7.274s][info ][gc,cpu         ] GC(2552) User=0.00s Sys=0.00s Real=0.00s
[7.276s][info ][gc,start       ] GC(2553) Pause Young (Allocation Failure)
[7.276s][info ][gc,task        ] GC(2553) Using 8 workers of 8 for evacuation
[7.277s][debug][gc,age         ] GC(2553) Desired survivor size 1114112 bytes, new threshold 1 (max threshold 6)
[7.277s][info ][gc,heap        ] GC(2553) ParNew: 19057K->1963K(19648K)
[7.277s][info ][gc,heap        ] GC(2553) CMS: 38698K->39480K(43712K)
[7.277s][info ][gc,metaspace   ] GC(2553) Metaspace: 5340K->5340K(1056768K)
[7.277s][info ][gc             ] GC(2553) Pause Young (Allocation Failure) 56M->40M(61M) 1.150ms
[7.277s][info ][gc,cpu         ] GC(2553) User=0.01s Sys=0.00s Real=0.00s
[7.278s][info ][gc,start       ] GC(2554) Pause Young (Allocation Failure)
[7.278s][info ][gc,task        ] GC(2554) Using 8 workers of 8 for evacuation
[7.279s][debug][gc,age         ] GC(2554) Desired survivor size 1114112 bytes, new threshold 1 (max threshold 6)
[7.279s][info ][gc,heap        ] GC(2554) ParNew: 19132K->1967K(19648K)
[7.279s][info ][gc,heap        ] GC(2554) CMS: 39480K->40262K(43712K)
[7.279s][info ][gc,metaspace   ] GC(2554) Metaspace: 5340K->5340K(1056768K)
[7.279s][info ][gc             ] GC(2554) Pause Young (Allocation Failure) 57M->41M(61M) 1.198ms
[7.279s][info ][gc,cpu         ] GC(2554) User=0.01s Sys=0.00s Real=0.00s
[7.281s][info ][gc,start       ] GC(2555) Pause Young (Allocation Failure)
[7.281s][info ][gc,task        ] GC(2555) Using 8 workers of 8 for evacuation
[7.282s][debug][gc,age         ] GC(2555) Desired survivor size 1114112 bytes, new threshold 1 (max threshold 6)
[7.282s][info ][gc,heap        ] GC(2555) ParNew: 19125K->1188K(19648K)
[7.282s][info ][gc,heap        ] GC(2555) CMS: 40262K->40653K(43712K)
[7.282s][info ][gc,metaspace   ] GC(2555) Metaspace: 5340K->5340K(1056768K)
[7.282s][info ][gc             ] GC(2555) Pause Young (Allocation Failure) 57M->40M(61M) 1.133ms
[7.282s][info ][gc,cpu         ] GC(2555) User=0.01s Sys=0.00s Real=0.00s
[7.284s][info ][gc,start       ] GC(2556) Pause Young (Allocation Failure)
[7.284s][info ][gc,task        ] GC(2556) Using 8 workers of 8 for evacuation
[7.285s][debug][gc,age         ] GC(2556) Desired survivor size 1114112 bytes, new threshold 1 (max threshold 6)
[7.285s][info ][gc,heap        ] GC(2556) ParNew: 18355K->1967K(19648K)
[7.285s][info ][gc,heap        ] GC(2556) CMS: 40653K->41825K(43712K)
[7.285s][info ][gc,metaspace   ] GC(2556) Metaspace: 5340K->5340K(1056768K)
[7.285s][info ][gc             ] GC(2556) Pause Young (Allocation Failure) 57M->42M(61M) 1.291ms
[7.285s][info ][gc,cpu         ] GC(2556) User=0.00s Sys=0.00s Real=0.00s
[7.287s][info ][gc,start       ] GC(2557) Pause Young (Allocation Failure)
[7.287s][info ][gc,task        ] GC(2557) Using 8 workers of 8 for evacuation
[7.287s][debug][gc,age         ] GC(2557) Desired survivor size 1114112 bytes, new threshold 1 (max threshold 6)
[7.287s][info ][gc,heap        ] GC(2557) ParNew: 19403K->1186K(19648K)
[7.287s][info ][gc,heap        ] GC(2557) CMS: 41825K->42608K(43712K)
[7.287s][info ][gc,metaspace   ] GC(2557) Metaspace: 5340K->5340K(1056768K)
[7.287s][info ][gc             ] GC(2557) Pause Young (Allocation Failure) 59M->42M(61M) 0.475ms
[7.287s][info ][gc,cpu         ] GC(2557) User=0.00s Sys=0.00s Real=0.00s
[7.287s][info ][gc             ] GC(2531) Concurrent Abortable Preclean 62.425ms
[7.287s][info ][gc,cpu         ] GC(2531) User=0.27s Sys=0.02s Real=0.06s
[7.287s][info ][gc,start       ] GC(2531) Pause Remark
[7.288s][debug][gc,phases      ] GC(2531) Rescan (parallel) 0.832ms
[7.288s][debug][gc,phases      ] GC(2531) Reference Processing 0.012ms
[7.288s][debug][gc,phases      ] GC(2531) Weak Processing 0.006ms
[7.288s][debug][gc,phases      ] GC(2531) ClassLoaderData 0.010ms
[7.288s][debug][gc,phases      ] GC(2531) ProtectionDomainCacheTable 0.003ms
[7.288s][debug][gc,phases      ] GC(2531) ResolvedMethodTable 0.007ms
[7.289s][debug][gc,phases      ] GC(2531) Class Unloading 0.183ms
[7.289s][debug][gc,phases      ] GC(2531) Scrub Symbol Table 0.442ms
[7.289s][debug][gc,phases      ] GC(2531) Scrub String Table 0.020ms
[7.289s][info ][gc             ] GC(2531) Pause Remark 44M->44M(61M) 1.608ms
[7.289s][info ][gc,cpu         ] GC(2531) User=0.00s Sys=0.00s Real=0.00s
[7.289s][info ][gc             ] GC(2531) Concurrent Sweep
[7.290s][info ][gc             ] GC(2531) Concurrent Sweep 0.502ms
[7.290s][info ][gc,cpu         ] GC(2531) User=0.01s Sys=0.00s Real=0.00s
[7.290s][info ][gc             ] GC(2531) Concurrent Reset
[7.290s][info ][gc             ] GC(2531) Concurrent Reset 0.039ms
[7.290s][info ][gc,cpu         ] GC(2531) User=0.00s Sys=0.00s Real=0.00s
[7.290s][info ][gc,heap        ] GC(2531) Old: 23844K->20718K(43712K)
[7.290s][info ][gc,start       ] GC(2558) Pause Young (Allocation Failure)
[7.291s][info ][gc,task        ] GC(2558) Using 8 workers of 8 for evacuation
[7.292s][debug][gc,age         ] GC(2558) Desired survivor size 1114112 bytes, new threshold 1 (max threshold 6)
[7.292s][info ][gc,heap        ] GC(2558) ParNew: 18375K->1959K(19648K)
[7.292s][info ][gc,heap        ] GC(2558) CMS: 20718K->21891K(43712K)
[7.292s][info ][gc,metaspace   ] GC(2558) Metaspace: 5340K->5340K(1056768K)
[7.292s][info ][gc             ] GC(2558) Pause Young (Allocation Failure) 38M->23M(61M) 1.689ms
[7.292s][info ][gc,cpu         ] GC(2558) User=0.00s Sys=0.00s Real=0.00s
[7.292s][info ][gc,start       ] GC(2559) Pause Initial Mark
[7.292s][info ][gc             ] GC(2559) Pause Initial Mark 24M->24M(61M) 0.093ms
[7.293s][info ][gc,cpu         ] GC(2559) User=0.00s Sys=0.00s Real=0.00s
[7.293s][info ][gc             ] GC(2559) Concurrent Mark
[7.293s][info ][gc,task        ] GC(2559) Using 2 workers of 2 for marking
[7.294s][info ][gc,start       ] GC(2560) Pause Young (Allocation Failure)
[7.294s][info ][gc,task        ] GC(2560) Using 8 workers of 8 for evacuation
[7.294s][debug][gc,age         ] GC(2560) Desired survivor size 1114112 bytes, new threshold 1 (max threshold 6)
[7.294s][info ][gc,heap        ] GC(2560) ParNew: 19170K->1969K(19648K)
[7.294s][info ][gc,heap        ] GC(2560) CMS: 21891K->21891K(43712K)
[7.294s][info ][gc,metaspace   ] GC(2560) Metaspace: 5340K->5340K(1056768K)
[7.294s][info ][gc             ] GC(2560) Pause Young (Allocation Failure) 40M->23M(61M) 0.433ms
[7.294s][info ][gc,cpu         ] GC(2560) User=0.00s Sys=0.00s Real=0.00s
[7.296s][info ][gc,start       ] GC(2561) Pause Young (Allocation Failure)
[7.296s][info ][gc,task        ] GC(2561) Using 8 workers of 8 for evacuation
[7.297s][debug][gc,age         ] GC(2561) Desired survivor size 1114112 bytes, new threshold 1 (max threshold 6)
[7.297s][info ][gc,heap        ] GC(2561) ParNew: 19051K->1969K(19648K)
[7.297s][info ][gc,heap        ] GC(2561) CMS: 21891K->22673K(43712K)
[7.297s][info ][gc,metaspace   ] GC(2561) Metaspace: 5340K->5340K(1056768K)
[7.297s][info ][gc             ] GC(2561) Pause Young (Allocation Failure) 39M->24M(61M) 1.275ms
[7.297s][info ][gc,cpu         ] GC(2561) User=0.01s Sys=0.00s Real=0.00s
[7.297s][info ][gc             ] GC(2559) Concurrent Mark 4.705ms
[7.297s][info ][gc,cpu         ] GC(2559) User=0.03s Sys=0.00s Real=0.01s
[7.297s][info ][gc             ] GC(2559) Concurrent Preclean
[7.297s][info ][gc             ] GC(2559) Concurrent Preclean 0.183ms
[7.297s][info ][gc,cpu         ] GC(2559) User=0.00s Sys=0.00s Real=0.00s
[7.298s][info ][gc             ] GC(2559) Concurrent Abortable Preclean
[7.298s][info ][gc,start       ] GC(2562) Pause Young (Allocation Failure)
[7.298s][info ][gc,task        ] GC(2562) Using 8 workers of 8 for evacuation
[7.300s][debug][gc,age         ] GC(2562) Desired survivor size 1114112 bytes, new threshold 1 (max threshold 6)
[7.300s][info ][gc,heap        ] GC(2562) ParNew: 19120K->1186K(19648K)
[7.300s][info ][gc,heap        ] GC(2562) CMS: 22673K->23064K(43712K)
[7.300s][info ][gc,metaspace   ] GC(2562) Metaspace: 5340K->5340K(1056768K)
[7.300s][info ][gc             ] GC(2562) Pause Young (Allocation Failure) 40M->23M(61M) 1.289ms
[7.300s][info ][gc,cpu         ] GC(2562) User=0.00s Sys=0.00s Real=0.00s
[7.301s][info ][gc,start       ] GC(2563) Pause Young (Allocation Failure)
[7.301s][info ][gc,task        ] GC(2563) Using 8 workers of 8 for evacuation
[7.301s][debug][gc,age         ] GC(2563) Desired survivor size 1114112 bytes, new threshold 1 (max threshold 6)
[7.301s][info ][gc,heap        ] GC(2563) ParNew: 18389K->1969K(19648K)
[7.301s][info ][gc,heap        ] GC(2563) CMS: 23064K->23064K(43712K)
[7.301s][info ][gc,metaspace   ] GC(2563) Metaspace: 5340K->5340K(1056768K)
[7.301s][info ][gc             ] GC(2563) Pause Young (Allocation Failure) 40M->24M(61M) 0.451ms
[7.301s][info ][gc,cpu         ] GC(2563) User=0.00s Sys=0.00s Real=0.00s
[7.303s][info ][gc,start       ] GC(2564) Pause Young (Allocation Failure)
[7.303s][info ][gc,task        ] GC(2564) Using 8 workers of 8 for evacuation
[7.303s][debug][gc,age         ] GC(2564) Desired survivor size 1114112 bytes, new threshold 1 (max threshold 6)
[7.303s][info ][gc,heap        ] GC(2564) ParNew: 19059K->1967K(19648K)
[7.303s][info ][gc,heap        ] GC(2564) CMS: 23064K->23846K(43712K)
[7.303s][info ][gc,metaspace   ] GC(2564) Metaspace: 5340K->5340K(1056768K)
[7.303s][info ][gc             ] GC(2564) Pause Young (Allocation Failure) 41M->25M(61M) 0.565ms
[7.303s][info ][gc,cpu         ] GC(2564) User=0.00s Sys=0.00s Real=0.01s
[7.305s][info ][gc,start       ] GC(2565) Pause Young (Allocation Failure)
[7.305s][info ][gc,task        ] GC(2565) Using 8 workers of 8 for evacuation
[7.306s][debug][gc,age         ] GC(2565) Desired survivor size 1114112 bytes, new threshold 1 (max threshold 6)
[7.306s][info ][gc,heap        ] GC(2565) ParNew: 19165K->1969K(19648K)
[7.306s][info ][gc,heap        ] GC(2565) CMS: 23846K->24237K(43712K)
[7.306s][info ][gc,metaspace   ] GC(2565) Metaspace: 5340K->5340K(1056768K)
[7.306s][info ][gc             ] GC(2565) Pause Young (Allocation Failure) 42M->25M(61M) 1.165ms
[7.306s][info ][gc,cpu         ] GC(2565) User=0.00s Sys=0.00s Real=0.00s
[7.307s][info ][gc,start       ] GC(2566) Pause Young (Allocation Failure)
[7.307s][info ][gc,task        ] GC(2566) Using 8 workers of 8 for evacuation
[7.309s][debug][gc,age         ] GC(2566) Desired survivor size 1114112 bytes, new threshold 1 (max threshold 6)
[7.309s][info ][gc,heap        ] GC(2566) ParNew: 19385K->1574K(19648K)
[7.309s][info ][gc,heap        ] GC(2566) CMS: 24237K->25019K(43712K)
[7.309s][info ][gc,metaspace   ] GC(2566) Metaspace: 5340K->5340K(1056768K)
[7.309s][info ][gc             ] GC(2566) Pause Young (Allocation Failure) 42M->25M(61M) 1.446ms
[7.309s][info ][gc,cpu         ] GC(2566) User=0.00s Sys=0.00s Real=0.00s
[7.310s][info ][gc,start       ] GC(2567) Pause Young (Allocation Failure)
[7.310s][info ][gc,task        ] GC(2567) Using 8 workers of 8 for evacuation
[7.310s][debug][gc,age         ] GC(2567) Desired survivor size 1114112 bytes, new threshold 1 (max threshold 6)
[7.310s][info ][gc,heap        ] GC(2567) ParNew: 18793K->1969K(19648K)
[7.310s][info ][gc,heap        ] GC(2567) CMS: 25019K->25410K(43712K)
[7.310s][info ][gc,metaspace   ] GC(2567) Metaspace: 5340K->5340K(1056768K)
[7.310s][info ][gc             ] GC(2567) Pause Young (Allocation Failure) 42M->26M(61M) 0.450ms
[7.310s][info ][gc,cpu         ] GC(2567) User=0.00s Sys=0.00s Real=0.00s
[7.312s][info ][gc,start       ] GC(2568) Pause Young (Allocation Failure)
[7.312s][info ][gc,task        ] GC(2568) Using 8 workers of 8 for evacuation
[7.312s][debug][gc,age         ] GC(2568) Desired survivor size 1114112 bytes, new threshold 6 (max threshold 6)
[7.312s][info ][gc,heap        ] GC(2568) ParNew: 19419K->795K(19648K)
[7.312s][info ][gc,heap        ] GC(2568) CMS: 25410K->25801K(43712K)
[7.312s][info ][gc,metaspace   ] GC(2568) Metaspace: 5340K->5340K(1056768K)
[7.312s][info ][gc             ] GC(2568) Pause Young (Allocation Failure) 43M->25M(61M) 0.422ms
[7.312s][info ][gc,cpu         ] GC(2568) User=0.00s Sys=0.00s Real=0.00s
[7.313s][info ][gc,start       ] GC(2569) Pause Young (Allocation Failure)
[7.314s][info ][gc,task        ] GC(2569) Using 8 workers of 8 for evacuation
[7.315s][debug][gc,age         ] GC(2569) Desired survivor size 1114112 bytes, new threshold 1 (max threshold 6)
[7.315s][info ][gc,heap        ] GC(2569) ParNew: 17953K->1965K(19648K)
[7.315s][info ][gc,heap        ] GC(2569) CMS: 25801K->26973K(43712K)
[7.315s][info ][gc,metaspace   ] GC(2569) Metaspace: 5340K->5340K(1056768K)
[7.315s][info ][gc             ] GC(2569) Pause Young (Allocation Failure) 42M->28M(61M) 1.574ms
[7.315s][info ][gc,cpu         ] GC(2569) User=0.00s Sys=0.00s Real=0.00s
[7.317s][info ][gc,start       ] GC(2570) Pause Young (Allocation Failure)
[7.317s][info ][gc,task        ] GC(2570) Using 8 workers of 8 for evacuation
[7.318s][debug][gc,age         ] GC(2570) Desired survivor size 1114112 bytes, new threshold 1 (max threshold 6)
[7.318s][info ][gc,heap        ] GC(2570) ParNew: 19178K->1967K(19648K)
[7.318s][info ][gc,heap        ] GC(2570) CMS: 26973K->27364K(43712K)
[7.318s][info ][gc,metaspace   ] GC(2570) Metaspace: 5340K->5340K(1056768K)
[7.318s][info ][gc             ] GC(2570) Pause Young (Allocation Failure) 45M->28M(61M) 0.954ms
[7.318s][info ][gc,cpu         ] GC(2570) User=0.00s Sys=0.00s Real=0.00s
[7.319s][info ][gc,start       ] GC(2571) Pause Young (Allocation Failure)
[7.319s][info ][gc,task        ] GC(2571) Using 8 workers of 8 for evacuation
[7.320s][debug][gc,age         ] GC(2571) Desired survivor size 1114112 bytes, new threshold 1 (max threshold 6)
[7.320s][info ][gc,heap        ] GC(2571) ParNew: 19423K->1574K(19648K)
[7.320s][info ][gc,heap        ] GC(2571) CMS: 27364K->27755K(43712K)
[7.320s][info ][gc,metaspace   ] GC(2571) Metaspace: 5340K->5340K(1056768K)
[7.320s][info ][gc             ] GC(2571) Pause Young (Allocation Failure) 45M->28M(61M) 1.132ms
[7.320s][info ][gc,cpu         ] GC(2571) User=0.00s Sys=0.00s Real=0.00s
[7.322s][info ][gc,start       ] GC(2572) Pause Young (Allocation Failure)
[7.322s][info ][gc,task        ] GC(2572) Using 8 workers of 8 for evacuation
[7.323s][debug][gc,age         ] GC(2572) Desired survivor size 1114112 bytes, new threshold 1 (max threshold 6)
[7.323s][info ][gc,heap        ] GC(2572) ParNew: 19046K->1959K(19648K)
[7.323s][info ][gc,heap        ] GC(2572) CMS: 27755K->28928K(43712K)
[7.323s][info ][gc,metaspace   ] GC(2572) Metaspace: 5340K->5340K(1056768K)
[7.323s][info ][gc             ] GC(2572) Pause Young (Allocation Failure) 45M->30M(61M) 1.300ms
[7.323s][info ][gc,cpu         ] GC(2572) User=0.00s Sys=0.00s Real=0.01s
[7.325s][info ][gc,start       ] GC(2573) Pause Young (Allocation Failure)
[7.325s][info ][gc,task        ] GC(2573) Using 8 workers of 8 for evacuation
[7.326s][debug][gc,age         ] GC(2573) Desired survivor size 1114112 bytes, new threshold 1 (max threshold 6)
[7.326s][info ][gc,heap        ] GC(2573) ParNew: 19186K->1967K(19648K)
[7.326s][info ][gc,heap        ] GC(2573) CMS: 28928K->29318K(43712K)
[7.326s][info ][gc,metaspace   ] GC(2573) Metaspace: 5340K->5340K(1056768K)
[7.326s][info ][gc             ] GC(2573) Pause Young (Allocation Failure) 46M->30M(61M) 1.351ms
[7.326s][info ][gc,cpu         ] GC(2573) User=0.01s Sys=0.00s Real=0.00s
[7.328s][info ][gc,start       ] GC(2574) Pause Young (Allocation Failure)
[7.328s][info ][gc,task        ] GC(2574) Using 8 workers of 8 for evacuation
[7.329s][debug][gc,age         ] GC(2574) Desired survivor size 1114112 bytes, new threshold 1 (max threshold 6)
[7.329s][info ][gc,heap        ] GC(2574) ParNew: 19102K->1959K(19648K)
[7.329s][info ][gc,heap        ] GC(2574) CMS: 29318K->30101K(43712K)
[7.329s][info ][gc,metaspace   ] GC(2574) Metaspace: 5340K->5340K(1056768K)
[7.329s][info ][gc             ] GC(2574) Pause Young (Allocation Failure) 47M->31M(61M) 1.229ms
[7.329s][info ][gc,cpu         ] GC(2574) User=0.00s Sys=0.00s Real=0.00s
[7.331s][info ][gc,start       ] GC(2575) Pause Young (Allocation Failure)
[7.331s][info ][gc,task        ] GC(2575) Using 8 workers of 8 for evacuation
[7.332s][debug][gc,age         ] GC(2575) Desired survivor size 1114112 bytes, new threshold 1 (max threshold 6)
[7.332s][info ][gc,heap        ] GC(2575) ParNew: 19387K->1179K(19648K)
[7.332s][info ][gc,heap        ] GC(2575) CMS: 30101K->30883K(43712K)
[7.332s][info ][gc,metaspace   ] GC(2575) Metaspace: 5340K->5340K(1056768K)
[7.332s][info ][gc             ] GC(2575) Pause Young (Allocation Failure) 48M->31M(61M) 1.423ms
[7.332s][info ][gc,cpu         ] GC(2575) User=0.00s Sys=0.00s Real=0.00s
[7.334s][info ][gc,start       ] GC(2576) Pause Young (Allocation Failure)
[7.334s][info ][gc,task        ] GC(2576) Using 8 workers of 8 for evacuation
[7.334s][debug][gc,age         ] GC(2576) Desired survivor size 1114112 bytes, new threshold 1 (max threshold 6)
[7.334s][info ][gc,heap        ] GC(2576) ParNew: 18414K->1963K(19648K)
[7.334s][info ][gc,heap        ] GC(2576) CMS: 30883K->31664K(43712K)
[7.334s][info ][gc,metaspace   ] GC(2576) Metaspace: 5340K->5340K(1056768K)
[7.334s][info ][gc             ] GC(2576) Pause Young (Allocation Failure) 48M->32M(61M) 0.767ms
[7.334s][info ][gc,cpu         ] GC(2576) User=0.00s Sys=0.00s Real=0.00s
[7.336s][info ][gc,start       ] GC(2577) Pause Young (Allocation Failure)
[7.336s][info ][gc,task        ] GC(2577) Using 8 workers of 8 for evacuation
[7.336s][debug][gc,age         ] GC(2577) Desired survivor size 1114112 bytes, new threshold 1 (max threshold 6)
[7.336s][info ][gc,heap        ] GC(2577) ParNew: 19164K->1967K(19648K)
[7.336s][info ][gc,heap        ] GC(2577) CMS: 31664K->31665K(43712K)
[7.336s][info ][gc,metaspace   ] GC(2577) Metaspace: 5340K->5340K(1056768K)
[7.336s][info ][gc             ] GC(2577) Pause Young (Allocation Failure) 49M->32M(61M) 0.369ms
[7.336s][info ][gc,cpu         ] GC(2577) User=0.00s Sys=0.00s Real=0.00s
[7.337s][info ][gc,start       ] GC(2578) Pause Young (Allocation Failure)
[7.337s][info ][gc,task        ] GC(2578) Using 8 workers of 8 for evacuation
[7.338s][debug][gc,age         ] GC(2578) Desired survivor size 1114112 bytes, new threshold 1 (max threshold 6)
[7.338s][info ][gc,heap        ] GC(2578) ParNew: 19099K->1969K(19648K)
[7.338s][info ][gc,heap        ] GC(2578) CMS: 31665K->32056K(43712K)
[7.338s][info ][gc,metaspace   ] GC(2578) Metaspace: 5340K->5340K(1056768K)
[7.338s][info ][gc             ] GC(2578) Pause Young (Allocation Failure) 49M->33M(61M) 0.505ms
[7.338s][info ][gc,cpu         ] GC(2578) User=0.00s Sys=0.00s Real=0.00s
[7.339s][info ][gc,start       ] GC(2579) Pause Young (Allocation Failure)
[7.339s][info ][gc,task        ] GC(2579) Using 8 workers of 8 for evacuation
[7.340s][debug][gc,age         ] GC(2579) Desired survivor size 1114112 bytes, new threshold 1 (max threshold 6)
[7.340s][info ][gc,heap        ] GC(2579) ParNew: 19394K->1182K(19648K)
[7.340s][info ][gc,heap        ] GC(2579) CMS: 32056K->32447K(43712K)
[7.340s][info ][gc,metaspace   ] GC(2579) Metaspace: 5340K->5340K(1056768K)
[7.340s][info ][gc             ] GC(2579) Pause Young (Allocation Failure) 50M->32M(61M) 1.012ms
[7.340s][info ][gc,cpu         ] GC(2579) User=0.00s Sys=0.00s Real=0.00s
[7.342s][info ][gc,start       ] GC(2580) Pause Young (Allocation Failure)
[7.342s][info ][gc,task        ] GC(2580) Using 8 workers of 8 for evacuation
[7.342s][debug][gc,age         ] GC(2580) Desired survivor size 1114112 bytes, new threshold 1 (max threshold 6)
[7.342s][info ][gc,heap        ] GC(2580) ParNew: 18301K->1574K(19648K)
[7.342s][info ][gc,heap        ] GC(2580) CMS: 32447K->32447K(43712K)
[7.342s][info ][gc,metaspace   ] GC(2580) Metaspace: 5340K->5340K(1056768K)
[7.342s][info ][gc             ] GC(2580) Pause Young (Allocation Failure) 49M->33M(61M) 0.488ms
[7.342s][info ][gc,cpu         ] GC(2580) User=0.00s Sys=0.00s Real=0.00s
[7.344s][info ][gc,start       ] GC(2581) Pause Young (Allocation Failure)
[7.344s][info ][gc,task        ] GC(2581) Using 8 workers of 8 for evacuation
[7.344s][debug][gc,age         ] GC(2581) Desired survivor size 1114112 bytes, new threshold 1 (max threshold 6)
[7.344s][info ][gc,heap        ] GC(2581) ParNew: 18802K->1969K(19648K)
[7.344s][info ][gc,heap        ] GC(2581) CMS: 32447K->34010K(43712K)
[7.344s][info ][gc,metaspace   ] GC(2581) Metaspace: 5340K->5340K(1056768K)
[7.344s][info ][gc             ] GC(2581) Pause Young (Allocation Failure) 50M->35M(61M) 0.620ms
[7.344s][info ][gc,cpu         ] GC(2581) User=0.00s Sys=0.00s Real=0.00s
[7.346s][info ][gc,start       ] GC(2582) Pause Young (Allocation Failure)
[7.346s][info ][gc,task        ] GC(2582) Using 8 workers of 8 for evacuation
[7.346s][debug][gc,age         ] GC(2582) Desired survivor size 1114112 bytes, new threshold 1 (max threshold 6)
[7.346s][info ][gc,heap        ] GC(2582) ParNew: 19165K->1969K(19648K)
[7.346s][info ][gc,heap        ] GC(2582) CMS: 34010K->34400K(43712K)
[7.346s][info ][gc,metaspace   ] GC(2582) Metaspace: 5340K->5340K(1056768K)
[7.346s][info ][gc             ] GC(2582) Pause Young (Allocation Failure) 51M->35M(61M) 0.663ms
[7.346s][info ][gc,cpu         ] GC(2582) User=0.00s Sys=0.00s Real=0.00s
[7.348s][info ][gc,start       ] GC(2583) Pause Young (Allocation Failure)
[7.348s][info ][gc,task        ] GC(2583) Using 8 workers of 8 for evacuation
[7.349s][debug][gc,age         ] GC(2583) Desired survivor size 1114112 bytes, new threshold 1 (max threshold 6)
[7.349s][info ][gc,heap        ] GC(2583) ParNew: 19441K->1967K(19648K)
[7.349s][info ][gc,heap        ] GC(2583) CMS: 34400K->35963K(43712K)
[7.349s][info ][gc,metaspace   ] GC(2583) Metaspace: 5340K->5340K(1056768K)
[7.349s][info ][gc             ] GC(2583) Pause Young (Allocation Failure) 52M->37M(61M) 1.378ms
[7.349s][info ][gc,cpu         ] GC(2583) User=0.00s Sys=0.00s Real=0.00s
[7.351s][info ][gc,start       ] GC(2584) Pause Young (Allocation Failure)
[7.351s][info ][gc,task        ] GC(2584) Using 8 workers of 8 for evacuation
[7.352s][debug][gc,age         ] GC(2584) Desired survivor size 1114112 bytes, new threshold 1 (max threshold 6)
[7.352s][info ][gc,heap        ] GC(2584) ParNew: 19151K->1959K(19648K)
[7.352s][info ][gc,heap        ] GC(2584) CMS: 35963K->36745K(43712K)
[7.352s][info ][gc,metaspace   ] GC(2584) Metaspace: 5340K->5340K(1056768K)
[7.352s][info ][gc             ] GC(2584) Pause Young (Allocation Failure) 53M->37M(61M) 1.191ms
[7.352s][info ][gc,cpu         ] GC(2584) User=0.01s Sys=0.00s Real=0.00s
[7.354s][info ][gc,start       ] GC(2585) Pause Young (Allocation Failure)
[7.354s][info ][gc,task        ] GC(2585) Using 8 workers of 8 for evacuation
[7.355s][debug][gc,age         ] GC(2585) Desired survivor size 1114112 bytes, new threshold 6 (max threshold 6)
[7.355s][info ][gc,heap        ] GC(2585) ParNew: 19332K->396K(19648K)
[7.355s][info ][gc,heap        ] GC(2585) CMS: 36745K->37527K(43712K)
[7.355s][info ][gc,metaspace   ] GC(2585) Metaspace: 5340K->5340K(1056768K)
[7.355s][info ][gc             ] GC(2585) Pause Young (Allocation Failure) 54M->37M(61M) 1.510ms
[7.355s][info ][gc,cpu         ] GC(2585) User=0.00s Sys=0.00s Real=0.00s
[7.357s][info ][gc,start       ] GC(2586) Pause Young (Allocation Failure)
[7.357s][info ][gc,task        ] GC(2586) Using 8 workers of 8 for evacuation
[7.358s][debug][gc,age         ] GC(2586) Desired survivor size 1114112 bytes, new threshold 1 (max threshold 6)
[7.358s][info ][gc,heap        ] GC(2586) ParNew: 17521K->1568K(19648K)
[7.358s][info ][gc,heap        ] GC(2586) CMS: 37527K->37527K(43712K)
[7.358s][info ][gc,metaspace   ] GC(2586) Metaspace: 5340K->5340K(1056768K)
[7.358s][info ][gc             ] GC(2586) Pause Young (Allocation Failure) 53M->38M(61M) 1.227ms
[7.358s][info ][gc,cpu         ] GC(2586) User=0.00s Sys=0.00s Real=0.00s
[7.359s][info ][gc,start       ] GC(2587) Pause Young (Allocation Failure)
[7.359s][info ][gc,task        ] GC(2587) Using 8 workers of 8 for evacuation
[7.360s][debug][gc,age         ] GC(2587) Desired survivor size 1114112 bytes, new threshold 1 (max threshold 6)
[7.360s][info ][gc,heap        ] GC(2587) ParNew: 18798K->1969K(19648K)
[7.360s][info ][gc,heap        ] GC(2587) CMS: 37527K->38700K(43712K)
[7.360s][info ][gc,metaspace   ] GC(2587) Metaspace: 5340K->5340K(1056768K)
[7.360s][info ][gc             ] GC(2587) Pause Young (Allocation Failure) 55M->39M(61M) 0.682ms
[7.360s][info ][gc,cpu         ] GC(2587) User=0.00s Sys=0.00s Real=0.00s
[7.361s][info ][gc,start       ] GC(2588) Pause Young (Allocation Failure)
[7.361s][info ][gc,task        ] GC(2588) Using 8 workers of 8 for evacuation
[7.362s][debug][gc,age         ] GC(2588) Desired survivor size 1114112 bytes, new threshold 1 (max threshold 6)
[7.362s][info ][gc,heap        ] GC(2588) ParNew: 19138K->1967K(19648K)
[7.362s][info ][gc,heap        ] GC(2588) CMS: 38700K->39091K(43712K)
[7.362s][info ][gc,metaspace   ] GC(2588) Metaspace: 5340K->5340K(1056768K)
[7.362s][info ][gc             ] GC(2588) Pause Young (Allocation Failure) 56M->40M(61M) 0.437ms
[7.362s][info ][gc,cpu         ] GC(2588) User=0.00s Sys=0.00s Real=0.00s
[7.363s][info ][gc,start       ] GC(2589) Pause Young (Allocation Failure)
[7.363s][info ][gc,task        ] GC(2589) Using 8 workers of 8 for evacuation
[7.364s][debug][gc,age         ] GC(2589) Desired survivor size 1114112 bytes, new threshold 1 (max threshold 6)
[7.365s][info ][gc,heap        ] GC(2589) ParNew: 19098K->1967K(19648K)
[7.365s][info ][gc,heap        ] GC(2589) CMS: 39091K->39482K(43712K)
[7.365s][info ][gc,metaspace   ] GC(2589) Metaspace: 5340K->5340K(1056768K)
[7.365s][info ][gc             ] GC(2589) Pause Young (Allocation Failure) 56M->40M(61M) 1.219ms
[7.365s][info ][gc,cpu         ] GC(2589) User=0.01s Sys=0.00s Real=0.00s
[7.366s][info ][gc,start       ] GC(2590) Pause Young (Allocation Failure)
[7.366s][info ][gc,task        ] GC(2590) Using 8 workers of 8 for evacuation
[7.366s][debug][gc,age         ] GC(2590) Desired survivor size 1114112 bytes, new threshold 1 (max threshold 6)
[7.366s][info ][gc,heap        ] GC(2590) ParNew: 19158K->1574K(19648K)
[7.366s][info ][gc,heap        ] GC(2590) CMS: 39482K->39873K(43712K)
[7.366s][info ][gc,metaspace   ] GC(2590) Metaspace: 5340K->5340K(1056768K)
[7.366s][info ][gc             ] GC(2590) Pause Young (Allocation Failure) 57M->40M(61M) 0.533ms
[7.366s][info ][gc,cpu         ] GC(2590) User=0.01s Sys=0.00s Real=0.00s
[7.368s][info ][gc,start       ] GC(2591) Pause Young (Allocation Failure)
[7.368s][info ][gc,task        ] GC(2591) Using 8 workers of 8 for evacuation
[7.368s][debug][gc,age         ] GC(2591) Desired survivor size 1114112 bytes, new threshold 1 (max threshold 6)
[7.368s][info ][gc,heap        ] GC(2591) ParNew: 18747K->1969K(19648K)
[7.368s][info ][gc,heap        ] GC(2591) CMS: 39873K->39873K(43712K)
[7.368s][info ][gc,metaspace   ] GC(2591) Metaspace: 5340K->5340K(1056768K)
[7.368s][info ][gc             ] GC(2591) Pause Young (Allocation Failure) 57M->40M(61M) 0.424ms
[7.368s][info ][gc,cpu         ] GC(2591) User=0.00s Sys=0.00s Real=0.00s
[7.370s][info ][gc,start       ] GC(2592) Pause Young (Allocation Failure)
[7.370s][info ][gc,task        ] GC(2592) Using 8 workers of 8 for evacuation
[7.370s][debug][gc,age         ] GC(2592) Desired survivor size 1114112 bytes, new threshold 1 (max threshold 6)
[7.370s][info ][gc,heap        ] GC(2592) ParNew: 19441K->1184K(19648K)
[7.370s][info ][gc,heap        ] GC(2592) CMS: 39873K->40264K(43712K)
[7.370s][info ][gc,metaspace   ] GC(2592) Metaspace: 5340K->5340K(1056768K)
[7.370s][info ][gc             ] GC(2592) Pause Young (Allocation Failure) 57M->40M(61M) 0.413ms
[7.370s][info ][gc,cpu         ] GC(2592) User=0.00s Sys=0.00s Real=0.00s
[7.372s][info ][gc,start       ] GC(2593) Pause Young (Allocation Failure)
[7.372s][info ][gc,task        ] GC(2593) Using 8 workers of 8 for evacuation
[7.372s][debug][gc,age         ] GC(2593) Desired survivor size 1114112 bytes, new threshold 1 (max threshold 6)
[7.372s][info ][gc,heap        ] GC(2593) ParNew: 18352K->1967K(19648K)
[7.372s][info ][gc,heap        ] GC(2593) CMS: 40264K->40655K(43712K)
[7.372s][info ][gc,metaspace   ] GC(2593) Metaspace: 5340K->5340K(1056768K)
[7.372s][info ][gc             ] GC(2593) Pause Young (Allocation Failure) 57M->41M(61M) 0.585ms
[7.372s][info ][gc,cpu         ] GC(2593) User=0.00s Sys=0.00s Real=0.00s
[7.374s][info ][gc,start       ] GC(2594) Pause Young (Allocation Failure)
[7.374s][info ][gc,task        ] GC(2594) Using 8 workers of 8 for evacuation
[7.374s][debug][gc,age         ] GC(2594) Desired survivor size 1114112 bytes, new threshold 1 (max threshold 6)
[7.374s][info ][gc,heap        ] GC(2594) ParNew: 19125K->1967K(19648K)
[7.374s][info ][gc,heap        ] GC(2594) CMS: 40655K->41045K(43712K)
[7.374s][info ][gc,metaspace   ] GC(2594) Metaspace: 5340K->5340K(1056768K)
[7.374s][info ][gc             ] GC(2594) Pause Young (Allocation Failure) 58M->42M(61M) 0.455ms
[7.374s][info ][gc,cpu         ] GC(2594) User=0.00s Sys=0.01s Real=0.00s
[7.375s][info ][gc,start       ] GC(2595) Pause Young (Allocation Failure)
[7.375s][info ][gc,task        ] GC(2595) Using 8 workers of 8 for evacuation
[7.377s][debug][gc,age         ] GC(2595) Desired survivor size 1114112 bytes, new threshold 1 (max threshold 6)
[7.377s][info ][gc,heap        ] GC(2595) ParNew: 19374K->1181K(19648K)
[7.377s][info ][gc,heap        ] GC(2595) CMS: 41045K->42218K(43712K)
[7.377s][info ][gc,metaspace   ] GC(2595) Metaspace: 5340K->5340K(1056768K)
[7.377s][info ][gc             ] GC(2595) Pause Young (Allocation Failure) 59M->42M(61M) 1.634ms
[7.377s][info ][gc,cpu         ] GC(2595) User=0.00s Sys=0.00s Real=0.00s
[7.379s][info ][gc,start       ] GC(2596) Pause Young (Allocation Failure)
[7.379s][info ][gc,task        ] GC(2596) Using 8 workers of 8 for evacuation
[7.381s][debug][gc,age         ] GC(2596) Desired survivor size 1114112 bytes, new threshold 1 (max threshold 6)
[7.381s][info ][gc,heap        ] GC(2596) ParNew: 18625K->1568K(19648K)
[7.381s][info ][gc,heap        ] GC(2596) CMS: 42218K->43000K(43712K)
[7.381s][info ][gc,metaspace   ] GC(2596) Metaspace: 5340K->5340K(1056768K)
[7.381s][info ][gc             ] GC(2596) Pause Young (Allocation Failure) 59M->43M(61M) 2.153ms
[7.381s][info ][gc,cpu         ] GC(2596) User=0.00s Sys=0.00s Real=0.00s
[7.381s][info ][gc             ] GC(2559) Concurrent Abortable Preclean 83.963ms
[7.382s][info ][gc,cpu         ] GC(2559) User=0.35s Sys=0.02s Real=0.08s
[7.382s][info ][gc,start       ] GC(2559) Pause Remark
[7.383s][debug][gc,phases      ] GC(2559) Rescan (parallel) 1.307ms
[7.383s][debug][gc,phases      ] GC(2559) Reference Processing 0.019ms
[7.383s][debug][gc,phases      ] GC(2559) Weak Processing 0.006ms
[7.383s][debug][gc,phases      ] GC(2559) ClassLoaderData 0.013ms
[7.383s][debug][gc,phases      ] GC(2559) ProtectionDomainCacheTable 0.003ms
[7.383s][debug][gc,phases      ] GC(2559) ResolvedMethodTable 0.007ms
[7.384s][debug][gc,phases      ] GC(2559) Class Unloading 0.248ms
[7.384s][debug][gc,phases      ] GC(2559) Scrub Symbol Table 0.639ms
[7.384s][debug][gc,phases      ] GC(2559) Scrub String Table 0.021ms
[7.384s][info ][gc             ] GC(2559) Pause Remark 45M->45M(61M) 2.355ms
[7.384s][info ][gc,cpu         ] GC(2559) User=0.00s Sys=0.00s Real=0.01s
[7.384s][info ][gc             ] GC(2559) Concurrent Sweep
[7.385s][info ][gc             ] GC(2559) Concurrent Sweep 0.463ms
[7.385s][info ][gc,cpu         ] GC(2559) User=0.00s Sys=0.00s Real=0.00s
[7.385s][info ][gc             ] GC(2559) Concurrent Reset
[7.385s][info ][gc             ] GC(2559) Concurrent Reset 0.036ms
[7.385s][info ][gc,cpu         ] GC(2559) User=0.00s Sys=0.00s Real=0.00s
[7.385s][info ][gc,heap        ] GC(2559) Old: 21891K->23064K(43712K)
[7.386s][info ][gc,start       ] GC(2597) Pause Young (Allocation Failure)
[7.386s][info ][gc,task        ] GC(2597) Using 8 workers of 8 for evacuation
[7.388s][debug][gc,age         ] GC(2597) Desired survivor size 1114112 bytes, new threshold 1 (max threshold 6)
[7.388s][info ][gc,heap        ] GC(2597) ParNew: 19023K->1572K(19648K)
[7.388s][info ][gc,heap        ] GC(2597) CMS: 23064K->24237K(43712K)
[7.388s][info ][gc,metaspace   ] GC(2597) Metaspace: 5340K->5340K(1056768K)
[7.388s][info ][gc             ] GC(2597) Pause Young (Allocation Failure) 41M->25M(61M) 1.420ms
[7.388s][info ][gc,cpu         ] GC(2597) User=0.01s Sys=0.00s Real=0.00s
[7.389s][info ][gc,start       ] GC(2598) Pause Young (Allocation Failure)
[7.389s][info ][gc,task        ] GC(2598) Using 8 workers of 8 for evacuation
[7.390s][debug][gc,age         ] GC(2598) Desired survivor size 1114112 bytes, new threshold 1 (max threshold 6)
[7.390s][info ][gc,heap        ] GC(2598) ParNew: 18827K->1965K(19648K)
[7.390s][info ][gc,heap        ] GC(2598) CMS: 24237K->24237K(43712K)
[7.390s][info ][gc,metaspace   ] GC(2598) Metaspace: 5340K->5340K(1056768K)
[7.390s][info ][gc             ] GC(2598) Pause Young (Allocation Failure) 42M->25M(61M) 1.141ms
[7.390s][info ][gc,cpu         ] GC(2598) User=0.00s Sys=0.00s Real=0.00s
[7.392s][info ][gc,start       ] GC(2599) Pause Young (Allocation Failure)
[7.392s][info ][gc,task        ] GC(2599) Using 8 workers of 8 for evacuation
[7.393s][debug][gc,age         ] GC(2599) Desired survivor size 1114112 bytes, new threshold 1 (max threshold 6)
[7.393s][info ][gc,heap        ] GC(2599) ParNew: 19346K->1184K(19648K)
[7.393s][info ][gc,heap        ] GC(2599) CMS: 24237K->25020K(43712K)
[7.393s][info ][gc,metaspace   ] GC(2599) Metaspace: 5340K->5340K(1056768K)
[7.393s][info ][gc             ] GC(2599) Pause Young (Allocation Failure) 42M->25M(61M) 1.249ms
[7.393s][info ][gc,cpu         ] GC(2599) User=0.01s Sys=0.00s Real=0.01s
[7.395s][info ][gc,start       ] GC(2600) Pause Young (Allocation Failure)
[7.395s][info ][gc,task        ] GC(2600) Using 8 workers of 8 for evacuation
[7.396s][debug][gc,age         ] GC(2600) Desired survivor size 1114112 bytes, new threshold 1 (max threshold 6)
[7.396s][info ][gc,heap        ] GC(2600) ParNew: 18606K->1179K(19648K)
[7.396s][info ][gc,heap        ] GC(2600) CMS: 25020K->25020K(43712K)
[7.396s][info ][gc,metaspace   ] GC(2600) Metaspace: 5340K->5340K(1056768K)
[7.396s][info ][gc             ] GC(2600) Pause Young (Allocation Failure) 42M->25M(61M) 1.123ms
[7.396s][info ][gc,cpu         ] GC(2600) User=0.01s Sys=0.00s Real=0.00s
[7.398s][info ][gc,start       ] GC(2601) Pause Young (Allocation Failure)
[7.398s][info ][gc,task        ] GC(2601) Using 8 workers of 8 for evacuation
[7.399s][debug][gc,age         ] GC(2601) Desired survivor size 1114112 bytes, new threshold 1 (max threshold 6)
[7.399s][info ][gc,heap        ] GC(2601) ParNew: 18286K->1184K(19648K)
[7.399s][info ][gc,heap        ] GC(2601) CMS: 25020K->25411K(43712K)
[7.399s][info ][gc,metaspace   ] GC(2601) Metaspace: 5340K->5340K(1056768K)
[7.399s][info ][gc             ] GC(2601) Pause Young (Allocation Failure) 42M->25M(61M) 1.184ms
[7.399s][info ][gc,cpu         ] GC(2601) User=0.01s Sys=0.00s Real=0.00s
[7.400s][info ][gc,start       ] GC(2602) Pause Young (Allocation Failure)
[7.400s][info ][gc,task        ] GC(2602) Using 8 workers of 8 for evacuation
[7.401s][debug][gc,age         ] GC(2602) Desired survivor size 1114112 bytes, new threshold 1 (max threshold 6)
[7.401s][info ][gc,heap        ] GC(2602) ParNew: 18431K->1961K(19648K)
[7.401s][info ][gc,heap        ] GC(2602) CMS: 25411K->26193K(43712K)
[7.401s][info ][gc,metaspace   ] GC(2602) Metaspace: 5340K->5340K(1056768K)
[7.401s][info ][gc             ] GC(2602) Pause Young (Allocation Failure) 42M->27M(61M) 1.219ms
[7.401s][info ][gc,cpu         ] GC(2602) User=0.00s Sys=0.00s Real=0.00s
[7.403s][info ][gc,start       ] GC(2603) Pause Initial Mark
[7.403s][info ][gc             ] GC(2603) Pause Initial Mark 37M->37M(61M) 0.166ms
[7.403s][info ][gc,cpu         ] GC(2603) User=0.00s Sys=0.00s Real=0.00s
[7.403s][info ][gc             ] GC(2603) Concurrent Mark
[7.403s][info ][gc,task        ] GC(2603) Using 2 workers of 2 for marking
[7.404s][info ][gc,start       ] GC(2604) Pause Young (Allocation Failure)
[7.404s][info ][gc,task        ] GC(2604) Using 8 workers of 8 for evacuation
[7.405s][debug][gc,age         ] GC(2604) Desired survivor size 1114112 bytes, new threshold 1 (max threshold 6)
[7.405s][info ][gc,heap        ] GC(2604) ParNew: 19130K->1568K(19648K)
[7.405s][info ][gc,heap        ] GC(2604) CMS: 26193K->26584K(43712K)
[7.405s][info ][gc,metaspace   ] GC(2604) Metaspace: 5340K->5340K(1056768K)
[7.405s][info ][gc             ] GC(2604) Pause Young (Allocation Failure) 44M->27M(61M) 1.410ms
[7.405s][info ][gc,cpu         ] GC(2604) User=0.00s Sys=0.00s Real=0.00s
[7.407s][info ][gc,start       ] GC(2605) Pause Young (Allocation Failure)
[7.407s][info ][gc,task        ] GC(2605) Using 8 workers of 8 for evacuation
[7.408s][debug][gc,age         ] GC(2605) Desired survivor size 1114112 bytes, new threshold 1 (max threshold 6)
[7.408s][info ][gc,heap        ] GC(2605) ParNew: 18721K->1184K(19648K)
[7.408s][info ][gc,heap        ] GC(2605) CMS: 26584K->27366K(43712K)
[7.408s][info ][gc,metaspace   ] GC(2605) Metaspace: 5340K->5340K(1056768K)
[7.408s][info ][gc             ] GC(2605) Pause Young (Allocation Failure) 44M->27M(61M) 1.231ms
[7.408s][info ][gc,cpu         ] GC(2605) User=0.01s Sys=0.00s Real=0.00s
[7.408s][info ][gc             ] GC(2603) Concurrent Mark 5.473ms
[7.408s][info ][gc,cpu         ] GC(2603) User=0.03s Sys=0.00s Real=0.01s
[7.408s][info ][gc             ] GC(2603) Concurrent Preclean
[7.409s][info ][gc             ] GC(2603) Concurrent Preclean 0.183ms
[7.409s][info ][gc,cpu         ] GC(2603) User=0.00s Sys=0.00s Real=0.00s
[7.409s][info ][gc             ] GC(2603) Concurrent Abortable Preclean
[7.410s][info ][gc,start       ] GC(2606) Pause Young (Allocation Failure)
[7.410s][info ][gc,task        ] GC(2606) Using 8 workers of 8 for evacuation
[7.411s][debug][gc,age         ] GC(2606) Desired survivor size 1114112 bytes, new threshold 1 (max threshold 6)
[7.411s][info ][gc,heap        ] GC(2606) ParNew: 18350K->1186K(19648K)
[7.411s][info ][gc,heap        ] GC(2606) CMS: 27366K->27367K(43712K)
[7.411s][info ][gc,metaspace   ] GC(2606) Metaspace: 5340K->5340K(1056768K)
[7.411s][info ][gc             ] GC(2606) Pause Young (Allocation Failure) 44M->27M(61M) 1.316ms
[7.411s][info ][gc,cpu         ] GC(2606) User=0.01s Sys=0.00s Real=0.00s
[7.412s][info ][gc,start       ] GC(2607) Pause Young (Allocation Failure)
[7.412s][info ][gc,task        ] GC(2607) Using 8 workers of 8 for evacuation
[7.414s][debug][gc,age         ] GC(2607) Desired survivor size 1114112 bytes, new threshold 1 (max threshold 6)
[7.414s][info ][gc,heap        ] GC(2607) ParNew: 18384K->1957K(19648K)
[7.414s][info ][gc,heap        ] GC(2607) CMS: 27367K->27367K(43712K)
[7.414s][info ][gc,metaspace   ] GC(2607) Metaspace: 5340K->5340K(1056768K)
[7.414s][info ][gc             ] GC(2607) Pause Young (Allocation Failure) 44M->28M(61M) 2.006ms
[7.414s][info ][gc,cpu         ] GC(2607) User=0.00s Sys=0.00s Real=0.01s
[7.416s][info ][gc,start       ] GC(2608) Pause Young (Allocation Failure)
[7.416s][info ][gc,task        ] GC(2608) Using 8 workers of 8 for evacuation
[7.417s][debug][gc,age         ] GC(2608) Desired survivor size 1114112 bytes, new threshold 1 (max threshold 6)
[7.417s][info ][gc,heap        ] GC(2608) ParNew: 19415K->1184K(19648K)
[7.417s][info ][gc,heap        ] GC(2608) CMS: 27367K->27759K(43712K)
[7.417s][info ][gc,metaspace   ] GC(2608) Metaspace: 5340K->5340K(1056768K)
[7.417s][info ][gc             ] GC(2608) Pause Young (Allocation Failure) 45M->28M(61M) 1.128ms
[7.417s][info ][gc,cpu         ] GC(2608) User=0.00s Sys=0.00s Real=0.00s
[7.419s][info ][gc,start       ] GC(2609) Pause Young (Allocation Failure)
[7.419s][info ][gc,task        ] GC(2609) Using 8 workers of 8 for evacuation
[7.420s][debug][gc,age         ] GC(2609) Desired survivor size 1114112 bytes, new threshold 1 (max threshold 6)
[7.420s][info ][gc,heap        ] GC(2609) ParNew: 18330K->1967K(19648K)
[7.420s][info ][gc,heap        ] GC(2609) CMS: 27759K->28150K(43712K)
[7.420s][info ][gc,metaspace   ] GC(2609) Metaspace: 5340K->5340K(1056768K)
[7.420s][info ][gc             ] GC(2609) Pause Young (Allocation Failure) 45M->29M(61M) 1.286ms
[7.420s][info ][gc,cpu         ] GC(2609) User=0.01s Sys=0.00s Real=0.00s
[7.422s][info ][gc,start       ] GC(2610) Pause Young (Allocation Failure)
[7.422s][info ][gc,task        ] GC(2610) Using 8 workers of 8 for evacuation
[7.423s][debug][gc,age         ] GC(2610) Desired survivor size 1114112 bytes, new threshold 1 (max threshold 6)
[7.423s][info ][gc,heap        ] GC(2610) ParNew: 19173K->1576K(19648K)
[7.423s][info ][gc,heap        ] GC(2610) CMS: 28150K->28541K(43712K)
[7.423s][info ][gc,metaspace   ] GC(2610) Metaspace: 5340K->5340K(1056768K)
[7.423s][info ][gc             ] GC(2610) Pause Young (Allocation Failure) 46M->29M(61M) 1.195ms
[7.423s][info ][gc,cpu         ] GC(2610) User=0.01s Sys=0.00s Real=0.01s
[7.425s][info ][gc,start       ] GC(2611) Pause Young (Allocation Failure)
[7.425s][info ][gc,task        ] GC(2611) Using 8 workers of 8 for evacuation
[7.426s][debug][gc,age         ] GC(2611) Desired survivor size 1114112 bytes, new threshold 1 (max threshold 6)
[7.426s][info ][gc,heap        ] GC(2611) ParNew: 19048K->1181K(19648K)
[7.426s][info ][gc,heap        ] GC(2611) CMS: 28541K->28933K(43712K)
[7.426s][info ][gc,metaspace   ] GC(2611) Metaspace: 5340K->5340K(1056768K)
[7.426s][info ][gc             ] GC(2611) Pause Young (Allocation Failure) 46M->29M(61M) 1.444ms
[7.426s][info ][gc,cpu         ] GC(2611) User=0.01s Sys=0.00s Real=0.00s
[7.428s][info ][gc,start       ] GC(2612) Pause Young (Allocation Failure)
[7.428s][info ][gc,task        ] GC(2612) Using 8 workers of 8 for evacuation
[7.429s][debug][gc,age         ] GC(2612) Desired survivor size 1114112 bytes, new threshold 1 (max threshold 6)
[7.429s][info ][gc,heap        ] GC(2612) ParNew: 18404K->1568K(19648K)
[7.429s][info ][gc,heap        ] GC(2612) CMS: 28933K->28933K(43712K)
[7.429s][info ][gc,metaspace   ] GC(2612) Metaspace: 5340K->5340K(1056768K)
[7.429s][info ][gc             ] GC(2612) Pause Young (Allocation Failure) 46M->29M(61M) 1.197ms
[7.429s][info ][gc,cpu         ] GC(2612) User=0.00s Sys=0.00s Real=0.00s
[7.431s][info ][gc,start       ] GC(2613) Pause Young (Allocation Failure)
[7.431s][info ][gc,task        ] GC(2613) Using 8 workers of 8 for evacuation
[7.432s][debug][gc,age         ] GC(2613) Desired survivor size 1114112 bytes, new threshold 1 (max threshold 6)
[7.432s][info ][gc,heap        ] GC(2613) ParNew: 19003K->1568K(19648K)
[7.432s][info ][gc,heap        ] GC(2613) CMS: 28933K->28934K(43712K)
[7.432s][info ][gc,metaspace   ] GC(2613) Metaspace: 5340K->5340K(1056768K)
[7.432s][info ][gc             ] GC(2613) Pause Young (Allocation Failure) 46M->29M(61M) 1.364ms
[7.432s][info ][gc,cpu         ] GC(2613) User=0.00s Sys=0.00s Real=0.00s
[7.434s][info ][gc,start       ] GC(2614) Pause Young (Allocation Failure)
[7.434s][info ][gc,task        ] GC(2614) Using 8 workers of 8 for evacuation
[7.436s][debug][gc,age         ] GC(2614) Desired survivor size 1114112 bytes, new threshold 1 (max threshold 6)
[7.436s][info ][gc,heap        ] GC(2614) ParNew: 18680K->1965K(19648K)
[7.436s][info ][gc,heap        ] GC(2614) CMS: 28934K->29716K(43712K)
[7.436s][info ][gc,metaspace   ] GC(2614) Metaspace: 5340K->5340K(1056768K)
[7.436s][info ][gc             ] GC(2614) Pause Young (Allocation Failure) 46M->30M(61M) 1.454ms
[7.436s][info ][gc,cpu         ] GC(2614) User=0.00s Sys=0.00s Real=0.00s
[7.437s][info ][gc,start       ] GC(2615) Pause Young (Allocation Failure)
[7.437s][info ][gc,task        ] GC(2615) Using 8 workers of 8 for evacuation
[7.439s][debug][gc,age         ] GC(2615) Desired survivor size 1114112 bytes, new threshold 6 (max threshold 6)
[7.439s][info ][gc,heap        ] GC(2615) ParNew: 19431K->791K(19648K)
[7.439s][info ][gc,heap        ] GC(2615) CMS: 29716K->30498K(43712K)
[7.439s][info ][gc,metaspace   ] GC(2615) Metaspace: 5340K->5340K(1056768K)
[7.439s][info ][gc             ] GC(2615) Pause Young (Allocation Failure) 47M->30M(61M) 1.282ms
[7.439s][info ][gc,cpu         ] GC(2615) User=0.00s Sys=0.00s Real=0.00s
[7.441s][info ][gc,start       ] GC(2616) Pause Young (Allocation Failure)
[7.441s][info ][gc,task        ] GC(2616) Using 8 workers of 8 for evacuation
[7.442s][debug][gc,age         ] GC(2616) Desired survivor size 1114112 bytes, new threshold 6 (max threshold 6)
[7.442s][info ][gc,heap        ] GC(2616) ParNew: 18130K->400K(19648K)
[7.442s][info ][gc,heap        ] GC(2616) CMS: 30498K->30498K(43712K)
[7.442s][info ][gc,metaspace   ] GC(2616) Metaspace: 5340K->5340K(1056768K)
[7.442s][info ][gc             ] GC(2616) Pause Young (Allocation Failure) 47M->30M(61M) 1.090ms
[7.442s][info ][gc,cpu         ] GC(2616) User=0.00s Sys=0.00s Real=0.00s
[7.443s][info ][gc,start       ] GC(2617) Pause Young (Allocation Failure)
[7.443s][info ][gc,task        ] GC(2617) Using 8 workers of 8 for evacuation
[7.444s][debug][gc,age         ] GC(2617) Desired survivor size 1114112 bytes, new threshold 1 (max threshold 6)
[7.444s][info ][gc,heap        ] GC(2617) ParNew: 17673K->1967K(19648K)
[7.444s][info ][gc,heap        ] GC(2617) CMS: 30498K->30888K(43712K)
[7.444s][info ][gc,metaspace   ] GC(2617) Metaspace: 5340K->5340K(1056768K)
[7.444s][info ][gc             ] GC(2617) Pause Young (Allocation Failure) 47M->32M(61M) 1.257ms
[7.444s][info ][gc,cpu         ] GC(2617) User=0.01s Sys=0.00s Real=0.00s
[7.446s][info ][gc,start       ] GC(2618) Pause Young (Allocation Failure)
[7.446s][info ][gc,task        ] GC(2618) Using 8 workers of 8 for evacuation
[7.447s][debug][gc,age         ] GC(2618) Desired survivor size 1114112 bytes, new threshold 1 (max threshold 6)
[7.447s][info ][gc,heap        ] GC(2618) ParNew: 19278K->1961K(19648K)
[7.447s][info ][gc,heap        ] GC(2618) CMS: 30888K->31280K(43712K)
[7.447s][info ][gc,metaspace   ] GC(2618) Metaspace: 5340K->5340K(1056768K)
[7.447s][info ][gc             ] GC(2618) Pause Young (Allocation Failure) 48M->32M(61M) 1.214ms
[7.447s][info ][gc,cpu         ] GC(2618) User=0.01s Sys=0.00s Real=0.00s
[7.449s][info ][gc,start       ] GC(2619) Pause Young (Allocation Failure)
[7.449s][info ][gc,task        ] GC(2619) Using 8 workers of 8 for evacuation
[7.450s][debug][gc,age         ] GC(2619) Desired survivor size 1114112 bytes, new threshold 1 (max threshold 6)
[7.450s][info ][gc,heap        ] GC(2619) ParNew: 19433K->1574K(19648K)
[7.450s][info ][gc,heap        ] GC(2619) CMS: 31280K->32453K(43712K)
[7.450s][info ][gc,metaspace   ] GC(2619) Metaspace: 5340K->5340K(1056768K)
[7.450s][info ][gc             ] GC(2619) Pause Young (Allocation Failure) 49M->33M(61M) 1.289ms
[7.450s][info ][gc,cpu         ] GC(2619) User=0.00s Sys=0.00s Real=0.00s
[7.452s][info ][gc,start       ] GC(2620) Pause Young (Allocation Failure)
[7.452s][info ][gc,task        ] GC(2620) Using 8 workers of 8 for evacuation
[7.453s][debug][gc,age         ] GC(2620) Desired survivor size 1114112 bytes, new threshold 1 (max threshold 6)
[7.453s][info ][gc,heap        ] GC(2620) ParNew: 18746K->1184K(19648K)
[7.453s][info ][gc,heap        ] GC(2620) CMS: 32453K->32844K(43712K)
[7.453s][info ][gc,metaspace   ] GC(2620) Metaspace: 5340K->5340K(1056768K)
[7.453s][info ][gc             ] GC(2620) Pause Young (Allocation Failure) 49M->33M(61M) 1.149ms
[7.453s][info ][gc,cpu         ] GC(2620) User=0.00s Sys=0.00s Real=0.01s
[7.455s][info ][gc,start       ] GC(2621) Pause Young (Allocation Failure)
[7.455s][info ][gc,task        ] GC(2621) Using 8 workers of 8 for evacuation
[7.456s][debug][gc,age         ] GC(2621) Desired survivor size 1114112 bytes, new threshold 1 (max threshold 6)
[7.456s][info ][gc,heap        ] GC(2621) ParNew: 18656K->1576K(19648K)
[7.456s][info ][gc,heap        ] GC(2621) CMS: 32844K->33236K(43712K)
[7.456s][info ][gc,metaspace   ] GC(2621) Metaspace: 5340K->5340K(1056768K)
[7.456s][info ][gc             ] GC(2621) Pause Young (Allocation Failure) 50M->33M(61M) 1.213ms
[7.456s][info ][gc,cpu         ] GC(2621) User=0.01s Sys=0.00s Real=0.00s
[7.457s][info ][gc,start       ] GC(2622) Pause Young (Allocation Failure)
[7.457s][info ][gc,task        ] GC(2622) Using 8 workers of 8 for evacuation
[7.459s][debug][gc,age         ] GC(2622) Desired survivor size 1114112 bytes, new threshold 1 (max threshold 6)
[7.459s][info ][gc,heap        ] GC(2622) ParNew: 18823K->1186K(19648K)
[7.459s][info ][gc,heap        ] GC(2622) CMS: 33236K->33236K(43712K)
[7.459s][info ][gc,metaspace   ] GC(2622) Metaspace: 5340K->5340K(1056768K)
[7.459s][info ][gc             ] GC(2622) Pause Young (Allocation Failure) 50M->33M(61M) 1.264ms
[7.459s][info ][gc,cpu         ] GC(2622) User=0.01s Sys=0.00s Real=0.00s
[7.460s][info ][gc,start       ] GC(2623) Pause Young (Allocation Failure)
[7.460s][info ][gc,task        ] GC(2623) Using 8 workers of 8 for evacuation
[7.461s][debug][gc,age         ] GC(2623) Desired survivor size 1114112 bytes, new threshold 1 (max threshold 6)
[7.461s][info ][gc,heap        ] GC(2623) ParNew: 18394K->1965K(19648K)
[7.461s][info ][gc,heap        ] GC(2623) CMS: 33236K->33627K(43712K)
[7.461s][info ][gc,metaspace   ] GC(2623) Metaspace: 5340K->5340K(1056768K)
[7.461s][info ][gc             ] GC(2623) Pause Young (Allocation Failure) 50M->34M(61M) 1.158ms
[7.461s][info ][gc,cpu         ] GC(2623) User=0.00s Sys=0.00s Real=0.00s
[7.463s][info ][gc,start       ] GC(2624) Pause Young (Allocation Failure)
[7.463s][info ][gc,task        ] GC(2624) Using 8 workers of 8 for evacuation
[7.464s][debug][gc,age         ] GC(2624) Desired survivor size 1114112 bytes, new threshold 1 (max threshold 6)
[7.464s][info ][gc,heap        ] GC(2624) ParNew: 19437K->1963K(19648K)
[7.464s][info ][gc,heap        ] GC(2624) CMS: 33627K->34018K(43712K)
[7.464s][info ][gc,metaspace   ] GC(2624) Metaspace: 5340K->5340K(1056768K)
[7.464s][info ][gc             ] GC(2624) Pause Young (Allocation Failure) 51M->35M(61M) 1.206ms
[7.464s][info ][gc,cpu         ] GC(2624) User=0.00s Sys=0.00s Real=0.01s
[7.465s][info ][gc,start       ] GC(2625) Pause Young (Allocation Failure)
[7.465s][info ][gc,task        ] GC(2625) Using 8 workers of 8 for evacuation
[7.466s][debug][gc,age         ] GC(2625) Desired survivor size 1114112 bytes, new threshold 1 (max threshold 6)
[7.466s][info ][gc,heap        ] GC(2625) ParNew: 19435K->1179K(19648K)
[7.466s][info ][gc,heap        ] GC(2625) CMS: 34018K->34018K(43712K)
[7.466s][info ][gc,metaspace   ] GC(2625) Metaspace: 5340K->5340K(1056768K)
[7.466s][info ][gc             ] GC(2625) Pause Young (Allocation Failure) 52M->34M(61M) 1.311ms
[7.466s][info ][gc,cpu         ] GC(2625) User=0.01s Sys=0.00s Real=0.00s
[7.468s][info ][gc,start       ] GC(2626) Pause Young (Allocation Failure)
[7.468s][info ][gc,task        ] GC(2626) Using 8 workers of 8 for evacuation
[7.469s][debug][gc,age         ] GC(2626) Desired survivor size 1114112 bytes, new threshold 1 (max threshold 6)
[7.469s][info ][gc,heap        ] GC(2626) ParNew: 18371K->1965K(19648K)
[7.469s][info ][gc,heap        ] GC(2626) CMS: 34018K->34409K(43712K)
[7.469s][info ][gc,metaspace   ] GC(2626) Metaspace: 5340K->5340K(1056768K)
[7.469s][info ][gc             ] GC(2626) Pause Young (Allocation Failure) 51M->35M(61M) 1.199ms
[7.469s][info ][gc,cpu         ] GC(2626) User=0.01s Sys=0.00s Real=0.00s
[7.471s][info ][gc,start       ] GC(2627) Pause Young (Allocation Failure)
[7.471s][info ][gc,task        ] GC(2627) Using 8 workers of 8 for evacuation
[7.472s][debug][gc,age         ] GC(2627) Desired survivor size 1114112 bytes, new threshold 1 (max threshold 6)
[7.472s][info ][gc,heap        ] GC(2627) ParNew: 19437K->1967K(19648K)
[7.472s][info ][gc,heap        ] GC(2627) CMS: 34409K->35582K(43712K)
[7.472s][info ][gc,metaspace   ] GC(2627) Metaspace: 5340K->5340K(1056768K)
[7.472s][info ][gc             ] GC(2627) Pause Young (Allocation Failure) 52M->36M(61M) 1.264ms
[7.472s][info ][gc,cpu         ] GC(2627) User=0.00s Sys=0.00s Real=0.00s
[7.473s][info ][gc,start       ] GC(2628) Pause Young (Allocation Failure)
[7.473s][info ][gc,task        ] GC(2628) Using 8 workers of 8 for evacuation
[7.475s][debug][gc,age         ] GC(2628) Desired survivor size 1114112 bytes, new threshold 1 (max threshold 6)
[7.475s][info ][gc,heap        ] GC(2628) ParNew: 19147K->1963K(19648K)
[7.475s][info ][gc,heap        ] GC(2628) CMS: 35582K->36755K(43712K)
[7.475s][info ][gc,metaspace   ] GC(2628) Metaspace: 5340K->5340K(1056768K)
[7.475s][info ][gc             ] GC(2628) Pause Young (Allocation Failure) 53M->37M(61M) 1.510ms
[7.475s][info ][gc,cpu         ] GC(2628) User=0.01s Sys=0.00s Real=0.00s
[7.476s][info ][gc,start       ] GC(2629) Pause Young (Allocation Failure)
[7.476s][info ][gc,task        ] GC(2629) Using 8 workers of 8 for evacuation
[7.478s][debug][gc,age         ] GC(2629) Desired survivor size 1114112 bytes, new threshold 1 (max threshold 6)
[7.478s][info ][gc,heap        ] GC(2629) ParNew: 19435K->1570K(19648K)
[7.478s][info ][gc,heap        ] GC(2629) CMS: 36755K->37537K(43712K)
[7.478s][info ][gc,metaspace   ] GC(2629) Metaspace: 5340K->5340K(1056768K)
[7.478s][info ][gc             ] GC(2629) Pause Young (Allocation Failure) 54M->38M(61M) 1.226ms
[7.478s][info ][gc,cpu         ] GC(2629) User=0.01s Sys=0.00s Real=0.00s
[7.479s][info ][gc,start       ] GC(2630) Pause Young (Allocation Failure)
[7.479s][info ][gc,task        ] GC(2630) Using 8 workers of 8 for evacuation
[7.480s][debug][gc,age         ] GC(2630) Desired survivor size 1114112 bytes, new threshold 1 (max threshold 6)
[7.480s][info ][gc,heap        ] GC(2630) ParNew: 18695K->1959K(19648K)
[7.480s][info ][gc,heap        ] GC(2630) CMS: 37537K->38318K(43712K)
[7.480s][info ][gc,metaspace   ] GC(2630) Metaspace: 5340K->5340K(1056768K)
[7.481s][info ][gc             ] GC(2630) Pause Young (Allocation Failure) 54M->39M(61M) 1.433ms
[7.481s][info ][gc,cpu         ] GC(2630) User=0.01s Sys=0.00s Real=0.00s
[7.483s][info ][gc,start       ] GC(2631) Pause Young (Allocation Failure)
[7.483s][info ][gc,task        ] GC(2631) Using 8 workers of 8 for evacuation
[7.484s][debug][gc,age         ] GC(2631) Desired survivor size 1114112 bytes, new threshold 1 (max threshold 6)
[7.484s][info ][gc,heap        ] GC(2631) ParNew: 19375K->1574K(19648K)
[7.484s][info ][gc,heap        ] GC(2631) CMS: 38318K->39100K(43712K)
[7.484s][info ][gc,metaspace   ] GC(2631) Metaspace: 5340K->5340K(1056768K)
[7.484s][info ][gc             ] GC(2631) Pause Young (Allocation Failure) 56M->39M(61M) 1.248ms
[7.484s][info ][gc,cpu         ] GC(2631) User=0.01s Sys=0.00s Real=0.01s
[7.486s][info ][gc,start       ] GC(2632) Pause Young (Allocation Failure)
[7.486s][info ][gc,task        ] GC(2632) Using 8 workers of 8 for evacuation
[7.487s][debug][gc,age         ] GC(2632) Desired survivor size 1114112 bytes, new threshold 1 (max threshold 6)
[7.487s][info ][gc,heap        ] GC(2632) ParNew: 19046K->1574K(19648K)
[7.487s][info ][gc,heap        ] GC(2632) CMS: 39100K->39101K(43712K)
[7.487s][info ][gc,metaspace   ] GC(2632) Metaspace: 5340K->5340K(1056768K)
[7.487s][info ][gc             ] GC(2632) Pause Young (Allocation Failure) 56M->39M(61M) 1.209ms
[7.487s][info ][gc,cpu         ] GC(2632) User=0.01s Sys=0.00s Real=0.00s
[7.489s][info ][gc,start       ] GC(2633) Pause Young (Allocation Failure)
[7.489s][info ][gc,task        ] GC(2633) Using 8 workers of 8 for evacuation
[7.490s][debug][gc,age         ] GC(2633) Desired survivor size 1114112 bytes, new threshold 1 (max threshold 6)
[7.490s][info ][gc,heap        ] GC(2633) ParNew: 18808K->1965K(19648K)
[7.490s][info ][gc,heap        ] GC(2633) CMS: 39101K->40273K(43712K)
[7.490s][info ][gc,metaspace   ] GC(2633) Metaspace: 5340K->5340K(1056768K)
[7.490s][info ][gc             ] GC(2633) Pause Young (Allocation Failure) 56M->41M(61M) 1.264ms
[7.490s][info ][gc,cpu         ] GC(2633) User=0.00s Sys=0.00s Real=0.00s
[7.492s][info ][gc,start       ] GC(2634) Pause Young (Allocation Failure)
[7.492s][info ][gc,task        ] GC(2634) Using 8 workers of 8 for evacuation
[7.493s][debug][gc,age         ] GC(2634) Desired survivor size 1114112 bytes, new threshold 1 (max threshold 6)
[7.493s][info ][gc,heap        ] GC(2634) ParNew: 19133K->1959K(19648K)
[7.493s][info ][gc,heap        ] GC(2634) CMS: 40273K->41445K(43712K)
[7.493s][info ][gc,metaspace   ] GC(2634) Metaspace: 5340K->5340K(1056768K)
[7.493s][info ][gc             ] GC(2634) Pause Young (Allocation Failure) 58M->42M(61M) 1.408ms
[7.493s][info ][gc,cpu         ] GC(2634) User=0.01s Sys=0.00s Real=0.01s
[7.495s][info ][gc,start       ] GC(2635) Pause Young (Allocation Failure)
[7.495s][info ][gc,task        ] GC(2635) Using 8 workers of 8 for evacuation
[7.496s][debug][gc,age         ] GC(2635) Desired survivor size 1114112 bytes, new threshold 1 (max threshold 6)
[7.496s][info ][gc,heap        ] GC(2635) ParNew: 19102K->1181K(19648K)
[7.496s][info ][gc,heap        ] GC(2635) CMS: 41445K->42227K(43712K)
[7.496s][info ][gc,metaspace   ] GC(2635) Metaspace: 5340K->5340K(1056768K)
[7.496s][info ][gc             ] GC(2635) Pause Young (Allocation Failure) 59M->42M(61M) 1.499ms
[7.496s][info ][gc,cpu         ] GC(2635) User=0.01s Sys=0.00s Real=0.00s
[7.498s][info ][gc,start       ] GC(2636) Pause Young (Allocation Failure)
[7.498s][info ][gc,task        ] GC(2636) Using 8 workers of 8 for evacuation
[7.500s][debug][gc,age         ] GC(2636) Desired survivor size 1114112 bytes, new threshold 1 (max threshold 6)
[7.500s][info ][gc,heap        ] GC(2636) ParNew: 18650K->1965K(19648K)
[7.500s][info ][gc,heap        ] GC(2636) CMS: 42227K->42619K(43712K)
[7.500s][info ][gc,metaspace   ] GC(2636) Metaspace: 5340K->5340K(1056768K)
[7.500s][info ][gc             ] GC(2636) Pause Young (Allocation Failure) 59M->43M(61M) 1.726ms
[7.500s][info ][gc,cpu         ] GC(2636) User=0.01s Sys=0.01s Real=0.00s
[7.500s][info ][gc             ] GC(2603) Concurrent Abortable Preclean 91.055ms
[7.500s][info ][gc,cpu         ] GC(2603) User=0.37s Sys=0.02s Real=0.09s
[7.500s][info ][gc,start       ] GC(2603) Pause Remark
[7.501s][debug][gc,phases      ] GC(2603) Rescan (parallel) 0.994ms
[7.501s][debug][gc,phases      ] GC(2603) Reference Processing 0.012ms
[7.501s][debug][gc,phases      ] GC(2603) Weak Processing 0.004ms
[7.501s][debug][gc,phases      ] GC(2603) ClassLoaderData 0.010ms
[7.501s][debug][gc,phases      ] GC(2603) ProtectionDomainCacheTable 0.002ms
[7.501s][debug][gc,phases      ] GC(2603) ResolvedMethodTable 0.006ms
[7.501s][debug][gc,phases      ] GC(2603) Class Unloading 0.210ms
[7.502s][debug][gc,phases      ] GC(2603) Scrub Symbol Table 0.527ms
[7.502s][debug][gc,phases      ] GC(2603) Scrub String Table 0.022ms
[7.502s][info ][gc             ] GC(2603) Pause Remark 45M->45M(61M) 1.874ms
[7.502s][info ][gc,cpu         ] GC(2603) User=0.00s Sys=0.00s Real=0.00s
[7.502s][info ][gc             ] GC(2603) Concurrent Sweep
[7.503s][info ][gc             ] GC(2603) Concurrent Sweep 0.765ms
[7.503s][info ][gc,cpu         ] GC(2603) User=0.01s Sys=0.00s Real=0.00s
[7.503s][info ][gc             ] GC(2603) Concurrent Reset
[7.503s][info ][gc             ] GC(2603) Concurrent Reset 0.075ms
[7.503s][info ][gc,cpu         ] GC(2603) User=0.00s Sys=0.00s Real=0.00s
[7.503s][info ][gc,heap        ] GC(2603) Old: 26193K->17599K(43712K)
[7.503s][info ][gc,start       ] GC(2637) Pause Young (Allocation Failure)
[7.503s][info ][gc,task        ] GC(2637) Using 8 workers of 8 for evacuation
[7.505s][debug][gc,age         ] GC(2637) Desired survivor size 1114112 bytes, new threshold 1 (max threshold 6)
[7.505s][info ][gc,heap        ] GC(2637) ParNew: 19177K->1957K(19648K)
[7.505s][info ][gc,heap        ] GC(2637) CMS: 17599K->18381K(43712K)
[7.505s][info ][gc,metaspace   ] GC(2637) Metaspace: 5340K->5340K(1056768K)
[7.505s][info ][gc             ] GC(2637) Pause Young (Allocation Failure) 35M->19M(61M) 2.210ms
[7.505s][info ][gc,cpu         ] GC(2637) User=0.01s Sys=0.00s Real=0.00s
[7.507s][info ][gc,start       ] GC(2638) Pause Young (Allocation Failure)
[7.507s][info ][gc,task        ] GC(2638) Using 8 workers of 8 for evacuation
[7.509s][debug][gc,age         ] GC(2638) Desired survivor size 1114112 bytes, new threshold 1 (max threshold 6)
[7.509s][info ][gc,heap        ] GC(2638) ParNew: 19041K->1965K(19648K)
[7.509s][info ][gc,heap        ] GC(2638) CMS: 18381K->18772K(43712K)
[7.509s][info ][gc,metaspace   ] GC(2638) Metaspace: 5340K->5340K(1056768K)
[7.509s][info ][gc             ] GC(2638) Pause Young (Allocation Failure) 36M->20M(61M) 1.583ms
[7.509s][info ][gc,cpu         ] GC(2638) User=0.01s Sys=0.00s Real=0.00s
[7.510s][info ][gc,start       ] GC(2639) Pause Young (Allocation Failure)
[7.510s][info ][gc,task        ] GC(2639) Using 8 workers of 8 for evacuation
[7.511s][debug][gc,age         ] GC(2639) Desired survivor size 1114112 bytes, new threshold 1 (max threshold 6)
[7.511s][info ][gc,heap        ] GC(2639) ParNew: 19171K->1967K(19648K)
[7.511s][info ][gc,heap        ] GC(2639) CMS: 18772K->19554K(43712K)
[7.511s][info ][gc,metaspace   ] GC(2639) Metaspace: 5340K->5340K(1056768K)
[7.511s][info ][gc             ] GC(2639) Pause Young (Allocation Failure) 37M->21M(61M) 1.261ms
[7.511s][info ][gc,cpu         ] GC(2639) User=0.00s Sys=0.00s Real=0.00s
[7.513s][info ][gc,start       ] GC(2640) Pause Young (Allocation Failure)
[7.513s][info ][gc,task        ] GC(2640) Using 8 workers of 8 for evacuation
[7.514s][debug][gc,age         ] GC(2640) Desired survivor size 1114112 bytes, new threshold 1 (max threshold 6)
[7.514s][info ][gc,heap        ] GC(2640) ParNew: 19104K->1967K(19648K)
[7.514s][info ][gc,heap        ] GC(2640) CMS: 19554K->20335K(43712K)
[7.514s][info ][gc,metaspace   ] GC(2640) Metaspace: 5340K->5340K(1056768K)
[7.514s][info ][gc             ] GC(2640) Pause Young (Allocation Failure) 37M->21M(61M) 1.364ms
[7.514s][info ][gc,cpu         ] GC(2640) User=0.01s Sys=0.00s Real=0.01s
[7.514s][info ][gc,start       ] GC(2641) Pause Initial Mark
[7.515s][info ][gc             ] GC(2641) Pause Initial Mark 23M->23M(61M) 0.150ms
[7.515s][info ][gc,cpu         ] GC(2641) User=0.00s Sys=0.00s Real=0.00s
[7.515s][info ][gc             ] GC(2641) Concurrent Mark
[7.515s][info ][gc,task        ] GC(2641) Using 2 workers of 2 for marking
[7.516s][info ][gc,start       ] GC(2642) Pause Young (Allocation Failure)
[7.516s][info ][gc,task        ] GC(2642) Using 8 workers of 8 for evacuation
[7.518s][debug][gc,age         ] GC(2642) Desired survivor size 1114112 bytes, new threshold 1 (max threshold 6)
[7.518s][info ][gc,heap        ] GC(2642) ParNew: 19439K->1967K(19648K)
[7.518s][info ][gc,heap        ] GC(2642) CMS: 20335K->20336K(43712K)
[7.518s][info ][gc,metaspace   ] GC(2642) Metaspace: 5340K->5340K(1056768K)
[7.518s][info ][gc             ] GC(2642) Pause Young (Allocation Failure) 38M->21M(61M) 1.339ms
[7.518s][info ][gc,cpu         ] GC(2642) User=0.00s Sys=0.00s Real=0.00s
[7.519s][info ][gc             ] GC(2641) Concurrent Mark 4.314ms
[7.519s][info ][gc,cpu         ] GC(2641) User=0.02s Sys=0.00s Real=0.00s
[7.519s][info ][gc,start       ] GC(2643) Pause Young (Allocation Failure)
[7.519s][info ][gc,task        ] GC(2643) Using 8 workers of 8 for evacuation
[7.520s][debug][gc,age         ] GC(2643) Desired survivor size 1114112 bytes, new threshold 1 (max threshold 6)
[7.520s][info ][gc,heap        ] GC(2643) ParNew: 19438K->1568K(19648K)
[7.520s][info ][gc,heap        ] GC(2643) CMS: 20336K->20336K(43712K)
[7.520s][info ][gc,metaspace   ] GC(2643) Metaspace: 5340K->5340K(1056768K)
[7.520s][info ][gc             ] GC(2643) Pause Young (Allocation Failure) 38M->21M(61M) 1.293ms
[7.520s][info ][gc,cpu         ] GC(2643) User=0.01s Sys=0.00s Real=0.00s
[7.520s][info ][gc             ] GC(2641) Concurrent Preclean
[7.521s][info ][gc             ] GC(2641) Concurrent Preclean 0.093ms
[7.521s][info ][gc,cpu         ] GC(2641) User=0.00s Sys=0.00s Real=0.00s
[7.521s][info ][gc,start       ] GC(2641) Pause Remark
[7.522s][debug][gc,phases      ] GC(2641) Rescan (parallel) 0.801ms
[7.522s][debug][gc,phases      ] GC(2641) Reference Processing 0.012ms
[7.522s][debug][gc,phases      ] GC(2641) Weak Processing 0.003ms
[7.522s][debug][gc,phases      ] GC(2641) ClassLoaderData 0.008ms
[7.522s][debug][gc,phases      ] GC(2641) ProtectionDomainCacheTable 0.002ms
[7.522s][debug][gc,phases      ] GC(2641) ResolvedMethodTable 0.005ms
[7.522s][debug][gc,phases      ] GC(2641) Class Unloading 0.166ms
[7.522s][debug][gc,phases      ] GC(2641) Scrub Symbol Table 0.487ms
[7.522s][debug][gc,phases      ] GC(2641) Scrub String Table 0.018ms
[7.522s][info ][gc             ] GC(2641) Pause Remark 22M->22M(61M) 1.583ms
[7.522s][info ][gc,cpu         ] GC(2641) User=0.00s Sys=0.00s Real=0.00s
[7.522s][info ][gc             ] GC(2641) Concurrent Sweep
[7.523s][info ][gc             ] GC(2641) Concurrent Sweep 0.728ms
[7.523s][info ][gc,cpu         ] GC(2641) User=0.00s Sys=0.00s Real=0.01s
[7.523s][info ][gc             ] GC(2641) Concurrent Reset
[7.523s][info ][gc             ] GC(2641) Concurrent Reset 0.106ms
[7.523s][info ][gc,cpu         ] GC(2641) User=0.00s Sys=0.00s Real=0.00s
[7.523s][info ][gc,heap        ] GC(2641) Old: 20335K->1565K(43712K)
[7.524s][info ][gc,start       ] GC(2644) Pause Young (Allocation Failure)
[7.524s][info ][gc,task        ] GC(2644) Using 8 workers of 8 for evacuation
[7.525s][debug][gc,age         ] GC(2644) Desired survivor size 1114112 bytes, new threshold 1 (max threshold 6)
[7.525s][info ][gc,heap        ] GC(2644) ParNew: 18725K->1177K(19648K)
[7.525s][info ][gc,heap        ] GC(2644) CMS: 1565K->1565K(43712K)
[7.525s][info ][gc,metaspace   ] GC(2644) Metaspace: 5340K->5340K(1056768K)
[7.525s][info ][gc             ] GC(2644) Pause Young (Allocation Failure) 19M->2M(61M) 1.291ms
[7.525s][info ][gc,cpu         ] GC(2644) User=0.00s Sys=0.00s Real=0.00s
[7.526s][info ][gc,start       ] GC(2645) Pause Young (Allocation Failure)
[7.526s][info ][gc,task        ] GC(2645) Using 8 workers of 8 for evacuation
[7.528s][debug][gc,age         ] GC(2645) Desired survivor size 1114112 bytes, new threshold 1 (max threshold 6)
[7.528s][info ][gc,heap        ] GC(2645) ParNew: 18567K->1566K(19648K)
[7.528s][info ][gc,heap        ] GC(2645) CMS: 1565K->1566K(43712K)
[7.528s][info ][gc,metaspace   ] GC(2645) Metaspace: 5340K->5340K(1056768K)
[7.528s][info ][gc             ] GC(2645) Pause Young (Allocation Failure) 19M->3M(61M) 2.073ms
[7.528s][info ][gc,cpu         ] GC(2645) User=0.01s Sys=0.00s Real=0.00s
[7.530s][info ][gc,start       ] GC(2646) Pause Young (Allocation Failure)
[7.530s][info ][gc,task        ] GC(2646) Using 8 workers of 8 for evacuation
[7.531s][debug][gc,age         ] GC(2646) Desired survivor size 1114112 bytes, new threshold 6 (max threshold 6)
[7.531s][info ][gc,heap        ] GC(2646) ParNew: 18660K->787K(19648K)
[7.531s][info ][gc,heap        ] GC(2646) CMS: 1566K->1957K(43712K)
[7.531s][info ][gc,metaspace   ] GC(2646) Metaspace: 5340K->5340K(1056768K)
[7.531s][info ][gc             ] GC(2646) Pause Young (Allocation Failure) 19M->2M(61M) 1.438ms
[7.531s][info ][gc,cpu         ] GC(2646) User=0.01s Sys=0.00s Real=0.00s
[7.533s][info ][gc,start       ] GC(2647) Pause Young (Allocation Failure)
[7.533s][info ][gc,task        ] GC(2647) Using 8 workers of 8 for evacuation
[7.534s][debug][gc,age         ] GC(2647) Desired survivor size 1114112 bytes, new threshold 1 (max threshold 6)
[7.534s][info ][gc,heap        ] GC(2647) ParNew: 18194K->1568K(19648K)
[7.534s][info ][gc,heap        ] GC(2647) CMS: 1957K->1957K(43712K)
[7.534s][info ][gc,metaspace   ] GC(2647) Metaspace: 5340K->5340K(1056768K)
[7.534s][info ][gc             ] GC(2647) Pause Young (Allocation Failure) 19M->3M(61M) 1.370ms
[7.534s][info ][gc,cpu         ] GC(2647) User=0.01s Sys=0.00s Real=0.01s
[7.537s][info ][gc,start       ] GC(2648) Pause Young (Allocation Failure)
[7.537s][info ][gc,task        ] GC(2648) Using 8 workers of 8 for evacuation
[7.538s][debug][gc,age         ] GC(2648) Desired survivor size 1114112 bytes, new threshold 1 (max threshold 6)
[7.538s][info ][gc,heap        ] GC(2648) ParNew: 18667K->1175K(19648K)
[7.538s][info ][gc,heap        ] GC(2648) CMS: 1957K->2349K(43712K)
[7.538s][info ][gc,metaspace   ] GC(2648) Metaspace: 5340K->5340K(1056768K)
[7.538s][info ][gc             ] GC(2648) Pause Young (Allocation Failure) 20M->3M(61M) 1.568ms
[7.538s][info ][gc,cpu         ] GC(2648) User=0.01s Sys=0.00s Real=0.00s
[7.539s][info ][gc,start       ] GC(2649) Pause Young (Allocation Failure)
[7.540s][info ][gc,task        ] GC(2649) Using 8 workers of 8 for evacuation
[7.541s][debug][gc,age         ] GC(2649) Desired survivor size 1114112 bytes, new threshold 1 (max threshold 6)
[7.541s][info ][gc,heap        ] GC(2649) ParNew: 18439K->1959K(19648K)
[7.541s][info ][gc,heap        ] GC(2649) CMS: 2349K->3130K(43712K)
[7.541s][info ][gc,metaspace   ] GC(2649) Metaspace: 5340K->5340K(1056768K)
[7.541s][info ][gc             ] GC(2649) Pause Young (Allocation Failure) 20M->4M(61M) 1.401ms
[7.541s][info ][gc,cpu         ] GC(2649) User=0.01s Sys=0.00s Real=0.00s
[7.543s][info ][gc,start       ] GC(2650) Pause Young (Allocation Failure)
[7.543s][info ][gc,task        ] GC(2650) Using 8 workers of 8 for evacuation
[7.544s][debug][gc,age         ] GC(2650) Desired survivor size 1114112 bytes, new threshold 1 (max threshold 6)
[7.544s][info ][gc,heap        ] GC(2650) ParNew: 19189K->1961K(19648K)
[7.544s][info ][gc,heap        ] GC(2650) CMS: 3130K->3912K(43712K)
[7.544s][info ][gc,metaspace   ] GC(2650) Metaspace: 5340K->5340K(1056768K)
[7.544s][info ][gc             ] GC(2650) Pause Young (Allocation Failure) 21M->5M(61M) 1.334ms
[7.544s][info ][gc,cpu         ] GC(2650) User=0.01s Sys=0.00s Real=0.01s
[7.545s][info ][gc,start       ] GC(2651) Pause Young (Allocation Failure)
[7.545s][info ][gc,task        ] GC(2651) Using 8 workers of 8 for evacuation
[7.547s][debug][gc,age         ] GC(2651) Desired survivor size 1114112 bytes, new threshold 1 (max threshold 6)
[7.547s][info ][gc,heap        ] GC(2651) ParNew: 19100K->1963K(19648K)
[7.547s][info ][gc,heap        ] GC(2651) CMS: 3912K->4694K(43712K)
[7.547s][info ][gc,metaspace   ] GC(2651) Metaspace: 5340K->5340K(1056768K)
[7.547s][info ][gc             ] GC(2651) Pause Young (Allocation Failure) 22M->6M(61M) 1.553ms
[7.547s][info ][gc,cpu         ] GC(2651) User=0.01s Sys=0.00s Real=0.00s
[7.548s][info ][gc,start       ] GC(2652) Pause Young (Allocation Failure)
[7.548s][info ][gc,task        ] GC(2652) Using 8 workers of 8 for evacuation
[7.549s][debug][gc,age         ] GC(2652) Desired survivor size 1114112 bytes, new threshold 1 (max threshold 6)
[7.550s][info ][gc,heap        ] GC(2652) ParNew: 19210K->1963K(19648K)
[7.550s][info ][gc,heap        ] GC(2652) CMS: 4694K->5085K(43712K)
[7.550s][info ][gc,metaspace   ] GC(2652) Metaspace: 5340K->5340K(1056768K)
[7.550s][info ][gc             ] GC(2652) Pause Young (Allocation Failure) 23M->6M(61M) 1.269ms
[7.550s][info ][gc,cpu         ] GC(2652) User=0.00s Sys=0.00s Real=0.00s
[7.551s][info ][gc,start       ] GC(2653) Pause Young (Allocation Failure)
[7.551s][info ][gc,task        ] GC(2653) Using 8 workers of 8 for evacuation
[7.552s][debug][gc,age         ] GC(2653) Desired survivor size 1114112 bytes, new threshold 1 (max threshold 6)
[7.552s][info ][gc,heap        ] GC(2653) ParNew: 19414K->1568K(19648K)
[7.552s][info ][gc,heap        ] GC(2653) CMS: 5085K->5866K(43712K)
[7.552s][info ][gc,metaspace   ] GC(2653) Metaspace: 5340K->5340K(1056768K)
[7.552s][info ][gc             ] GC(2653) Pause Young (Allocation Failure) 23M->7M(61M) 0.785ms
[7.552s][info ][gc,cpu         ] GC(2653) User=0.00s Sys=0.00s Real=0.00s
[7.553s][info ][gc,start       ] GC(2654) Pause Young (Allocation Failure)
[7.553s][info ][gc,task        ] GC(2654) Using 8 workers of 8 for evacuation
[7.554s][debug][gc,age         ] GC(2654) Desired survivor size 1114112 bytes, new threshold 6 (max threshold 6)
[7.554s][info ][gc,heap        ] GC(2654) ParNew: 18970K->398K(19648K)
[7.554s][info ][gc,heap        ] GC(2654) CMS: 5866K->6648K(43712K)
[7.554s][info ][gc,metaspace   ] GC(2654) Metaspace: 5340K->5340K(1056768K)
[7.555s][info ][gc             ] GC(2654) Pause Young (Allocation Failure) 24M->6M(61M) 1.135ms
[7.555s][info ][gc,cpu         ] GC(2654) User=0.01s Sys=0.00s Real=0.00s
[7.556s][info ][gc,start       ] GC(2655) Pause Young (Allocation Failure)
[7.556s][info ][gc,task        ] GC(2655) Using 8 workers of 8 for evacuation
[7.557s][debug][gc,age         ] GC(2655) Desired survivor size 1114112 bytes, new threshold 1 (max threshold 6)
[7.557s][info ][gc,heap        ] GC(2655) ParNew: 17622K->1959K(19648K)
[7.557s][info ][gc,heap        ] GC(2655) CMS: 6648K->7039K(43712K)
[7.557s][info ][gc,metaspace   ] GC(2655) Metaspace: 5340K->5340K(1056768K)
[7.557s][info ][gc             ] GC(2655) Pause Young (Allocation Failure) 23M->8M(61M) 1.204ms
[7.557s][info ][gc,cpu         ] GC(2655) User=0.00s Sys=0.00s Real=0.00s
[7.559s][info ][gc,start       ] GC(2656) Pause Young (Allocation Failure)
[7.559s][info ][gc,task        ] GC(2656) Using 8 workers of 8 for evacuation
[7.560s][debug][gc,age         ] GC(2656) Desired survivor size 1114112 bytes, new threshold 1 (max threshold 6)
[7.560s][info ][gc,heap        ] GC(2656) ParNew: 19431K->1179K(19648K)
[7.560s][info ][gc,heap        ] GC(2656) CMS: 7039K->7822K(43712K)
[7.560s][info ][gc,metaspace   ] GC(2656) Metaspace: 5340K->5340K(1056768K)
[7.560s][info ][gc             ] GC(2656) Pause Young (Allocation Failure) 25M->8M(61M) 1.217ms
[7.560s][info ][gc,cpu         ] GC(2656) User=0.01s Sys=0.00s Real=0.00s
[7.562s][info ][gc,start       ] GC(2657) Pause Young (Allocation Failure)
[7.562s][info ][gc,task        ] GC(2657) Using 8 workers of 8 for evacuation
[7.563s][debug][gc,age         ] GC(2657) Desired survivor size 1114112 bytes, new threshold 1 (max threshold 6)
[7.563s][info ][gc,heap        ] GC(2657) ParNew: 18632K->1566K(19648K)
[7.563s][info ][gc,heap        ] GC(2657) CMS: 7822K->8994K(43712K)
[7.563s][info ][gc,metaspace   ] GC(2657) Metaspace: 5340K->5340K(1056768K)
[7.563s][info ][gc             ] GC(2657) Pause Young (Allocation Failure) 25M->10M(61M) 1.509ms
[7.563s][info ][gc,cpu         ] GC(2657) User=0.01s Sys=0.00s Real=0.01s
[7.565s][info ][gc,start       ] GC(2658) Pause Young (Allocation Failure)
[7.565s][info ][gc,task        ] GC(2658) Using 8 workers of 8 for evacuation
[7.566s][debug][gc,age         ] GC(2658) Desired survivor size 1114112 bytes, new threshold 1 (max threshold 6)
[7.566s][info ][gc,heap        ] GC(2658) ParNew: 18798K->1959K(19648K)
[7.566s][info ][gc,heap        ] GC(2658) CMS: 8994K->9386K(43712K)
[7.566s][info ][gc,metaspace   ] GC(2658) Metaspace: 5340K->5340K(1056768K)
[7.566s][info ][gc             ] GC(2658) Pause Young (Allocation Failure) 27M->11M(61M) 1.795ms
[7.566s][info ][gc,cpu         ] GC(2658) User=0.01s Sys=0.00s Real=0.00s
[7.568s][info ][gc,start       ] GC(2659) Pause Young (Allocation Failure)
[7.568s][info ][gc,task        ] GC(2659) Using 8 workers of 8 for evacuation
[7.569s][debug][gc,age         ] GC(2659) Desired survivor size 1114112 bytes, new threshold 1 (max threshold 6)
[7.569s][info ][gc,heap        ] GC(2659) ParNew: 19431K->1566K(19648K)
[7.569s][info ][gc,heap        ] GC(2659) CMS: 9386K->10168K(43712K)
[7.569s][info ][gc,metaspace   ] GC(2659) Metaspace: 5340K->5340K(1056768K)
[7.569s][info ][gc             ] GC(2659) Pause Young (Allocation Failure) 28M->11M(61M) 1.281ms
[7.569s][info ][gc,cpu         ] GC(2659) User=0.00s Sys=0.00s Real=0.00s
[7.571s][info ][gc,start       ] GC(2660) Pause Young (Allocation Failure)
[7.571s][info ][gc,task        ] GC(2660) Using 8 workers of 8 for evacuation
[7.572s][debug][gc,age         ] GC(2660) Desired survivor size 1114112 bytes, new threshold 1 (max threshold 6)
[7.572s][info ][gc,heap        ] GC(2660) ParNew: 18766K->1961K(19648K)
[7.572s][info ][gc,heap        ] GC(2660) CMS: 10168K->10559K(43712K)
[7.572s][info ][gc,metaspace   ] GC(2660) Metaspace: 5340K->5340K(1056768K)
[7.572s][info ][gc             ] GC(2660) Pause Young (Allocation Failure) 28M->12M(61M) 1.518ms
[7.572s][info ][gc,cpu         ] GC(2660) User=0.00s Sys=0.00s Real=0.00s
[7.574s][info ][gc,start       ] GC(2661) Pause Young (Allocation Failure)
[7.574s][info ][gc,task        ] GC(2661) Using 8 workers of 8 for evacuation
[7.575s][debug][gc,age         ] GC(2661) Desired survivor size 1114112 bytes, new threshold 6 (max threshold 6)
[7.575s][info ][gc,heap        ] GC(2661) ParNew: 19340K->785K(19648K)
[7.575s][info ][gc,heap        ] GC(2661) CMS: 10559K->11341K(43712K)
[7.575s][info ][gc,metaspace   ] GC(2661) Metaspace: 5340K->5340K(1056768K)
[7.575s][info ][gc             ] GC(2661) Pause Young (Allocation Failure) 29M->11M(61M) 1.356ms
[7.575s][info ][gc,cpu         ] GC(2661) User=0.00s Sys=0.00s Real=0.00s
[7.577s][info ][gc,start       ] GC(2662) Pause Young (Allocation Failure)
[7.577s][info ][gc,task        ] GC(2662) Using 8 workers of 8 for evacuation
[7.579s][debug][gc,age         ] GC(2662) Desired survivor size 1114112 bytes, new threshold 1 (max threshold 6)
[7.579s][info ][gc,heap        ] GC(2662) ParNew: 17906K->1959K(19648K)
[7.579s][info ][gc,heap        ] GC(2662) CMS: 11341K->11732K(43712K)
[7.579s][info ][gc,metaspace   ] GC(2662) Metaspace: 5340K->5340K(1056768K)
[7.579s][info ][gc             ] GC(2662) Pause Young (Allocation Failure) 28M->13M(61M) 1.224ms
[7.579s][info ][gc,cpu         ] GC(2662) User=0.01s Sys=0.00s Real=0.00s
[7.580s][info ][gc,start       ] GC(2663) Pause Young (Allocation Failure)
[7.580s][info ][gc,task        ] GC(2663) Using 8 workers of 8 for evacuation
[7.582s][debug][gc,age         ] GC(2663) Desired survivor size 1114112 bytes, new threshold 1 (max threshold 6)
[7.582s][info ][gc,heap        ] GC(2663) ParNew: 19175K->1957K(19648K)
[7.582s][info ][gc,heap        ] GC(2663) CMS: 11732K->12513K(43712K)
[7.582s][info ][gc,metaspace   ] GC(2663) Metaspace: 5340K->5340K(1056768K)
[7.582s][info ][gc             ] GC(2663) Pause Young (Allocation Failure) 30M->14M(61M) 1.588ms
[7.582s][info ][gc,cpu         ] GC(2663) User=0.00s Sys=0.00s Real=0.00s
[7.583s][info ][gc,start       ] GC(2664) Pause Young (Allocation Failure)
[7.583s][info ][gc,task        ] GC(2664) Using 8 workers of 8 for evacuation
[7.586s][debug][gc,age         ] GC(2664) Desired survivor size 1114112 bytes, new threshold 6 (max threshold 6)
[7.586s][info ][gc,heap        ] GC(2664) ParNew: 19421K->789K(19648K)
[7.586s][info ][gc,heap        ] GC(2664) CMS: 12513K->13687K(43712K)
[7.586s][info ][gc,metaspace   ] GC(2664) Metaspace: 5340K->5340K(1056768K)
[7.586s][info ][gc             ] GC(2664) Pause Young (Allocation Failure) 31M->14M(61M) 2.724ms
[7.586s][info ][gc,cpu         ] GC(2664) User=0.01s Sys=0.00s Real=0.00s
[7.587s][info ][gc,start       ] GC(2665) Pause Young (Allocation Failure)
[7.587s][info ][gc,task        ] GC(2665) Using 8 workers of 8 for evacuation
[7.588s][debug][gc,age         ] GC(2665) Desired survivor size 1114112 bytes, new threshold 1 (max threshold 6)
[7.588s][info ][gc,heap        ] GC(2665) ParNew: 18102K->1963K(19648K)
[7.588s][info ][gc,heap        ] GC(2665) CMS: 13687K->13687K(43712K)
[7.588s][info ][gc,metaspace   ] GC(2665) Metaspace: 5340K->5340K(1056768K)
[7.588s][info ][gc             ] GC(2665) Pause Young (Allocation Failure) 31M->15M(61M) 0.728ms
[7.588s][info ][gc,cpu         ] GC(2665) User=0.00s Sys=0.00s Real=0.00s
[7.589s][info ][gc,start       ] GC(2666) Pause Young (Allocation Failure)
[7.590s][info ][gc,task        ] GC(2666) Using 8 workers of 8 for evacuation
[7.591s][debug][gc,age         ] GC(2666) Desired survivor size 1114112 bytes, new threshold 1 (max threshold 6)
[7.591s][info ][gc,heap        ] GC(2666) ParNew: 19215K->1959K(19648K)
[7.591s][info ][gc,heap        ] GC(2666) CMS: 13687K->14077K(43712K)
[7.591s][info ][gc,metaspace   ] GC(2666) Metaspace: 5340K->5340K(1056768K)
[7.591s][info ][gc             ] GC(2666) Pause Young (Allocation Failure) 32M->15M(61M) 1.201ms
[7.591s][info ][gc,cpu         ] GC(2666) User=0.00s Sys=0.00s Real=0.00s
[7.592s][info ][gc,start       ] GC(2667) Pause Young (Allocation Failure)
[7.592s][info ][gc,task        ] GC(2667) Using 8 workers of 8 for evacuation
[7.593s][debug][gc,age         ] GC(2667) Desired survivor size 1114112 bytes, new threshold 6 (max threshold 6)
[7.593s][info ][gc,heap        ] GC(2667) ParNew: 19356K->789K(19648K)
[7.593s][info ][gc,heap        ] GC(2667) CMS: 14077K->15250K(43712K)
[7.593s][info ][gc,metaspace   ] GC(2667) Metaspace: 5340K->5340K(1056768K)
[7.593s][info ][gc             ] GC(2667) Pause Young (Allocation Failure) 32M->15M(61M) 1.224ms
[7.593s][info ][gc,cpu         ] GC(2667) User=0.00s Sys=0.00s Real=0.01s
[7.595s][info ][gc,start       ] GC(2668) Pause Young (Allocation Failure)
[7.595s][info ][gc,task        ] GC(2668) Using 8 workers of 8 for evacuation
[7.596s][debug][gc,age         ] GC(2668) Desired survivor size 1114112 bytes, new threshold 1 (max threshold 6)
[7.596s][info ][gc,heap        ] GC(2668) ParNew: 18203K->1570K(19648K)
[7.596s][info ][gc,heap        ] GC(2668) CMS: 15250K->15250K(43712K)
[7.596s][info ][gc,metaspace   ] GC(2668) Metaspace: 5340K->5340K(1056768K)
[7.596s][info ][gc             ] GC(2668) Pause Young (Allocation Failure) 32M->16M(61M) 1.503ms
[7.596s][info ][gc,cpu         ] GC(2668) User=0.00s Sys=0.00s Real=0.00s
[7.598s][info ][gc,start       ] GC(2669) Pause Young (Allocation Failure)
[7.598s][info ][gc,task        ] GC(2669) Using 8 workers of 8 for evacuation
[7.600s][debug][gc,age         ] GC(2669) Desired survivor size 1114112 bytes, new threshold 1 (max threshold 6)
[7.600s][info ][gc,heap        ] GC(2669) ParNew: 18956K->1179K(19648K)
[7.600s][info ][gc,heap        ] GC(2669) CMS: 15250K->16033K(43712K)
[7.600s][info ][gc,metaspace   ] GC(2669) Metaspace: 5340K->5340K(1056768K)
[7.600s][info ][gc             ] GC(2669) Pause Young (Allocation Failure) 33M->16M(61M) 1.504ms
[7.600s][info ][gc,cpu         ] GC(2669) User=0.01s Sys=0.00s Real=0.00s
[7.601s][info ][gc,start       ] GC(2670) Pause Young (Allocation Failure)
[7.601s][info ][gc,task        ] GC(2670) Using 8 workers of 8 for evacuation
[7.603s][debug][gc,age         ] GC(2670) Desired survivor size 1114112 bytes, new threshold 1 (max threshold 6)
[7.603s][info ][gc,heap        ] GC(2670) ParNew: 18283K->1175K(19648K)
[7.603s][info ][gc,heap        ] GC(2670) CMS: 16033K->16424K(43712K)
[7.603s][info ][gc,metaspace   ] GC(2670) Metaspace: 5340K->5340K(1056768K)
[7.603s][info ][gc             ] GC(2670) Pause Young (Allocation Failure) 33M->17M(61M) 1.886ms
[7.603s][info ][gc,cpu         ] GC(2670) User=0.01s Sys=0.00s Real=0.01s
[7.605s][info ][gc,start       ] GC(2671) Pause Young (Allocation Failure)
[7.605s][info ][gc,task        ] GC(2671) Using 8 workers of 8 for evacuation
[7.606s][debug][gc,age         ] GC(2671) Desired survivor size 1114112 bytes, new threshold 1 (max threshold 6)
[7.606s][info ][gc,heap        ] GC(2671) ParNew: 18476K->1959K(19648K)
[7.606s][info ][gc,heap        ] GC(2671) CMS: 16424K->16814K(43712K)
[7.606s][info ][gc,metaspace   ] GC(2671) Metaspace: 5340K->5340K(1056768K)
[7.606s][info ][gc             ] GC(2671) Pause Young (Allocation Failure) 34M->18M(61M) 1.359ms
[7.606s][info ][gc,cpu         ] GC(2671) User=0.01s Sys=0.00s Real=0.00s
[7.608s][info ][gc,start       ] GC(2672) Pause Young (Allocation Failure)
[7.608s][info ][gc,task        ] GC(2672) Using 8 workers of 8 for evacuation
[7.609s][debug][gc,age         ] GC(2672) Desired survivor size 1114112 bytes, new threshold 6 (max threshold 6)
[7.610s][info ][gc,heap        ] GC(2672) ParNew: 19292K->783K(19648K)
[7.610s][info ][gc,heap        ] GC(2672) CMS: 16814K->17987K(43712K)
[7.610s][info ][gc,metaspace   ] GC(2672) Metaspace: 5340K->5340K(1056768K)
[7.610s][info ][gc             ] GC(2672) Pause Young (Allocation Failure) 35M->18M(61M) 1.908ms
[7.610s][info ][gc,cpu         ] GC(2672) User=0.01s Sys=0.00s Real=0.00s
[7.611s][info ][gc,start       ] GC(2673) Pause Young (Allocation Failure)
[7.611s][info ][gc,task        ] GC(2673) Using 8 workers of 8 for evacuation
[7.611s][debug][gc,age         ] GC(2673) Desired survivor size 1114112 bytes, new threshold 6 (max threshold 6)
[7.611s][info ][gc,heap        ] GC(2673) ParNew: 17920K->793K(19648K)
[7.612s][info ][gc,heap        ] GC(2673) CMS: 17987K->17987K(43712K)
[7.612s][info ][gc,metaspace   ] GC(2673) Metaspace: 5340K->5340K(1056768K)
[7.612s][info ][gc             ] GC(2673) Pause Young (Allocation Failure) 35M->18M(61M) 0.586ms
[7.612s][info ][gc,cpu         ] GC(2673) User=0.00s Sys=0.00s Real=0.00s
[7.613s][info ][gc,start       ] GC(2674) Pause Young (Allocation Failure)
[7.613s][info ][gc,task        ] GC(2674) Using 8 workers of 8 for evacuation
[7.615s][debug][gc,age         ] GC(2674) Desired survivor size 1114112 bytes, new threshold 1 (max threshold 6)
[7.615s][info ][gc,heap        ] GC(2674) ParNew: 18106K->1957K(19648K)
[7.615s][info ][gc,heap        ] GC(2674) CMS: 17987K->18378K(43712K)
[7.615s][info ][gc,metaspace   ] GC(2674) Metaspace: 5340K->5340K(1056768K)
[7.615s][info ][gc             ] GC(2674) Pause Young (Allocation Failure) 35M->19M(61M) 1.521ms
[7.615s][info ][gc,cpu         ] GC(2674) User=0.00s Sys=0.00s Real=0.00s
[7.616s][info ][gc,start       ] GC(2675) Pause Young (Allocation Failure)
[7.616s][info ][gc,task        ] GC(2675) Using 8 workers of 8 for evacuation
[7.618s][debug][gc,age         ] GC(2675) Desired survivor size 1114112 bytes, new threshold 1 (max threshold 6)
[7.618s][info ][gc,heap        ] GC(2675) ParNew: 19182K->1963K(19648K)
[7.618s][info ][gc,heap        ] GC(2675) CMS: 18378K->18379K(43712K)
[7.618s][info ][gc,metaspace   ] GC(2675) Metaspace: 5340K->5340K(1056768K)
[7.618s][info ][gc             ] GC(2675) Pause Young (Allocation Failure) 36M->19M(61M) 1.323ms
[7.618s][info ][gc,cpu         ] GC(2675) User=0.01s Sys=0.00s Real=0.00s
[7.619s][info ][gc,start       ] GC(2676) Pause Young (Allocation Failure)
[7.619s][info ][gc,task        ] GC(2676) Using 8 workers of 8 for evacuation
[7.621s][debug][gc,age         ] GC(2676) Desired survivor size 1114112 bytes, new threshold 1 (max threshold 6)
[7.621s][info ][gc,heap        ] GC(2676) ParNew: 19191K->1965K(19648K)
[7.621s][info ][gc,heap        ] GC(2676) CMS: 18379K->18770K(43712K)
[7.621s][info ][gc,metaspace   ] GC(2676) Metaspace: 5340K->5340K(1056768K)
[7.621s][info ][gc             ] GC(2676) Pause Young (Allocation Failure) 36M->20M(61M) 1.320ms
[7.621s][info ][gc,cpu         ] GC(2676) User=0.01s Sys=0.00s Real=0.00s
[7.622s][info ][gc,start       ] GC(2677) Pause Young (Allocation Failure)
[7.622s][info ][gc,task        ] GC(2677) Using 8 workers of 8 for evacuation
[7.623s][debug][gc,age         ] GC(2677) Desired survivor size 1114112 bytes, new threshold 1 (max threshold 6)
[7.623s][info ][gc,heap        ] GC(2677) ParNew: 19179K->1959K(19648K)
[7.623s][info ][gc,heap        ] GC(2677) CMS: 18770K->19161K(43712K)
[7.623s][info ][gc,metaspace   ] GC(2677) Metaspace: 5340K->5340K(1056768K)
[7.623s][info ][gc             ] GC(2677) Pause Young (Allocation Failure) 37M->20M(61M) 1.145ms
[7.623s][info ][gc,cpu         ] GC(2677) User=0.01s Sys=0.00s Real=0.01s
[7.625s][info ][gc,start       ] GC(2678) Pause Young (Allocation Failure)
[7.625s][info ][gc,task        ] GC(2678) Using 8 workers of 8 for evacuation
[7.626s][debug][gc,age         ] GC(2678) Desired survivor size 1114112 bytes, new threshold 1 (max threshold 6)
[7.626s][info ][gc,heap        ] GC(2678) ParNew: 19404K->1179K(19648K)
[7.626s][info ][gc,heap        ] GC(2678) CMS: 19161K->19553K(43712K)
[7.626s][info ][gc,metaspace   ] GC(2678) Metaspace: 5340K->5340K(1056768K)
[7.626s][info ][gc             ] GC(2678) Pause Young (Allocation Failure) 37M->20M(61M) 1.348ms
[7.626s][info ][gc,cpu         ] GC(2678) User=0.01s Sys=0.01s Real=0.00s
[7.628s][info ][gc,start       ] GC(2679) Pause Young (Allocation Failure)
[7.628s][info ][gc,task        ] GC(2679) Using 8 workers of 8 for evacuation
[7.629s][debug][gc,age         ] GC(2679) Desired survivor size 1114112 bytes, new threshold 1 (max threshold 6)
[7.629s][info ][gc,heap        ] GC(2679) ParNew: 18295K->1969K(19648K)
[7.629s][info ][gc,heap        ] GC(2679) CMS: 19553K->19944K(43712K)
[7.629s][info ][gc,metaspace   ] GC(2679) Metaspace: 5340K->5340K(1056768K)
[7.629s][info ][gc             ] GC(2679) Pause Young (Allocation Failure) 36M->21M(61M) 1.280ms
[7.629s][info ][gc,cpu         ] GC(2679) User=0.01s Sys=0.00s Real=0.00s
[7.631s][info ][gc,start       ] GC(2680) Pause Young (Allocation Failure)
[7.631s][info ][gc,task        ] GC(2680) Using 8 workers of 8 for evacuation
[7.633s][debug][gc,age         ] GC(2680) Desired survivor size 1114112 bytes, new threshold 1 (max threshold 6)
[7.633s][info ][gc,heap        ] GC(2680) ParNew: 19195K->1959K(19648K)
[7.633s][info ][gc,heap        ] GC(2680) CMS: 19944K->20335K(43712K)
[7.633s][info ][gc,metaspace   ] GC(2680) Metaspace: 5340K->5340K(1056768K)
[7.633s][info ][gc             ] GC(2680) Pause Young (Allocation Failure) 38M->21M(61M) 1.852ms
[7.633s][info ][gc,cpu         ] GC(2680) User=0.00s Sys=0.00s Real=0.00s
[7.635s][info ][gc,start       ] GC(2681) Pause Young (Allocation Failure)
[7.635s][info ][gc,task        ] GC(2681) Using 8 workers of 8 for evacuation
[7.636s][debug][gc,age         ] GC(2681) Desired survivor size 1114112 bytes, new threshold 6 (max threshold 6)
[7.636s][info ][gc,heap        ] GC(2681) ParNew: 19331K->398K(19648K)
[7.636s][info ][gc,heap        ] GC(2681) CMS: 20335K->21899K(43712K)
[7.636s][info ][gc,metaspace   ] GC(2681) Metaspace: 5340K->5340K(1056768K)
[7.636s][info ][gc             ] GC(2681) Pause Young (Allocation Failure) 38M->21M(61M) 1.296ms
[7.636s][info ][gc,cpu         ] GC(2681) User=0.01s Sys=0.00s Real=0.00s
[7.637s][info ][gc,start       ] GC(2682) Pause Young (Allocation Failure)
[7.637s][info ][gc,task        ] GC(2682) Using 8 workers of 8 for evacuation
[7.638s][debug][gc,age         ] GC(2682) Desired survivor size 1114112 bytes, new threshold 1 (max threshold 6)
[7.638s][info ][gc,heap        ] GC(2682) ParNew: 17519K->1179K(19648K)
[7.638s][info ][gc,heap        ] GC(2682) CMS: 21899K->21899K(43712K)
[7.638s][info ][gc,metaspace   ] GC(2682) Metaspace: 5340K->5340K(1056768K)
[7.638s][info ][gc             ] GC(2682) Pause Young (Allocation Failure) 38M->22M(61M) 1.114ms
[7.638s][info ][gc,cpu         ] GC(2682) User=0.01s Sys=0.00s Real=0.00s
[7.640s][info ][gc,start       ] GC(2683) Pause Young (Allocation Failure)
[7.640s][info ][gc,task        ] GC(2683) Using 8 workers of 8 for evacuation
[7.642s][debug][gc,age         ] GC(2683) Desired survivor size 1114112 bytes, new threshold 6 (max threshold 6)
[7.642s][info ][gc,heap        ] GC(2683) ParNew: 18651K->785K(19648K)
[7.642s][info ][gc,heap        ] GC(2683) CMS: 21899K->22290K(43712K)
[7.642s][info ][gc,metaspace   ] GC(2683) Metaspace: 5340K->5340K(1056768K)
[7.642s][info ][gc             ] GC(2683) Pause Young (Allocation Failure) 39M->22M(61M) 1.964ms
[7.642s][info ][gc,cpu         ] GC(2683) User=0.01s Sys=0.00s Real=0.00s
[7.644s][info ][gc,start       ] GC(2684) Pause Young (Allocation Failure)
[7.644s][info ][gc,task        ] GC(2684) Using 8 workers of 8 for evacuation
[7.645s][debug][gc,age         ] GC(2684) Desired survivor size 1114112 bytes, new threshold 1 (max threshold 6)
[7.645s][info ][gc,heap        ] GC(2684) ParNew: 18257K->1963K(19648K)
[7.645s][info ][gc,heap        ] GC(2684) CMS: 22290K->22681K(43712K)
[7.645s][info ][gc,metaspace   ] GC(2684) Metaspace: 5340K->5340K(1056768K)
[7.645s][info ][gc             ] GC(2684) Pause Young (Allocation Failure) 39M->24M(61M) 1.033ms
[7.645s][info ][gc,cpu         ] GC(2684) User=0.00s Sys=0.00s Real=0.00s
[7.646s][info ][gc,start       ] GC(2685) Pause Young (Allocation Failure)
[7.646s][info ][gc,task        ] GC(2685) Using 8 workers of 8 for evacuation
[7.648s][debug][gc,age         ] GC(2685) Desired survivor size 1114112 bytes, new threshold 1 (max threshold 6)
[7.648s][info ][gc,heap        ] GC(2685) ParNew: 19071K->1955K(19648K)
[7.648s][info ][gc,heap        ] GC(2685) CMS: 22681K->23463K(43712K)
[7.648s][info ][gc,metaspace   ] GC(2685) Metaspace: 5340K->5340K(1056768K)
[7.648s][info ][gc             ] GC(2685) Pause Young (Allocation Failure) 40M->24M(61M) 2.186ms
[7.648s][info ][gc,cpu         ] GC(2685) User=0.00s Sys=0.00s Real=0.00s
[7.650s][info ][gc,start       ] GC(2686) Pause Young (Allocation Failure)
[7.650s][info ][gc,task        ] GC(2686) Using 8 workers of 8 for evacuation
[7.651s][debug][gc,age         ] GC(2686) Desired survivor size 1114112 bytes, new threshold 6 (max threshold 6)
[7.651s][info ][gc,heap        ] GC(2686) ParNew: 19427K->791K(19648K)
[7.651s][info ][gc,heap        ] GC(2686) CMS: 23463K->25027K(43712K)
[7.651s][info ][gc,metaspace   ] GC(2686) Metaspace: 5340K->5340K(1056768K)
[7.651s][info ][gc             ] GC(2686) Pause Young (Allocation Failure) 41M->25M(61M) 1.176ms
[7.651s][info ][gc,cpu         ] GC(2686) User=0.01s Sys=0.00s Real=0.00s
[7.652s][info ][gc,start       ] GC(2687) Pause Initial Mark
[7.652s][info ][gc             ] GC(2687) Pause Initial Mark 27M->27M(61M) 0.138ms
[7.652s][info ][gc,cpu         ] GC(2687) User=0.00s Sys=0.00s Real=0.00s
[7.652s][info ][gc             ] GC(2687) Concurrent Mark
[7.652s][info ][gc,task        ] GC(2687) Using 2 workers of 2 for marking
[7.653s][info ][gc,start       ] GC(2688) Pause Young (Allocation Failure)
[7.653s][info ][gc,task        ] GC(2688) Using 8 workers of 8 for evacuation
[7.655s][debug][gc,age         ] GC(2688) Desired survivor size 1114112 bytes, new threshold 1 (max threshold 6)
[7.655s][info ][gc,heap        ] GC(2688) ParNew: 18118K->1959K(19648K)
[7.655s][info ][gc,heap        ] GC(2688) CMS: 25027K->25417K(43712K)
[7.655s][info ][gc,metaspace   ] GC(2688) Metaspace: 5340K->5340K(1056768K)
[7.655s][info ][gc             ] GC(2688) Pause Young (Allocation Failure) 42M->26M(61M) 1.330ms
[7.655s][info ][gc,cpu         ] GC(2688) User=0.01s Sys=0.00s Real=0.00s
[7.656s][info ][gc             ] GC(2687) Concurrent Mark 4.052ms
[7.656s][info ][gc,cpu         ] GC(2687) User=0.02s Sys=0.00s Real=0.01s
[7.656s][info ][gc,start       ] GC(2689) Pause Young (Allocation Failure)
[7.656s][info ][gc,task        ] GC(2689) Using 8 workers of 8 for evacuation
[7.658s][debug][gc,age         ] GC(2689) Desired survivor size 1114112 bytes, new threshold 1 (max threshold 6)
[7.658s][info ][gc,heap        ] GC(2689) ParNew: 19219K->1179K(19648K)
[7.658s][info ][gc,heap        ] GC(2689) CMS: 25417K->25418K(43712K)
[7.658s][info ][gc,metaspace   ] GC(2689) Metaspace: 5340K->5340K(1056768K)
[7.658s][info ][gc             ] GC(2689) Pause Young (Allocation Failure) 43M->25M(61M) 1.916ms
[7.658s][info ][gc,cpu         ] GC(2689) User=0.00s Sys=0.00s Real=0.00s
[7.658s][info ][gc             ] GC(2687) Concurrent Preclean
[7.658s][info ][gc             ] GC(2687) Concurrent Preclean 0.157ms
[7.658s][info ][gc,cpu         ] GC(2687) User=0.00s Sys=0.00s Real=0.00s
[7.658s][info ][gc             ] GC(2687) Concurrent Abortable Preclean
[7.660s][info ][gc,start       ] GC(2690) Pause Young (Allocation Failure)
[7.660s][info ][gc,task        ] GC(2690) Using 8 workers of 8 for evacuation
[7.662s][debug][gc,age         ] GC(2690) Desired survivor size 1114112 bytes, new threshold 1 (max threshold 6)
[7.662s][info ][gc,heap        ] GC(2690) ParNew: 18397K->1959K(19648K)
[7.662s][info ][gc,heap        ] GC(2690) CMS: 25418K->25809K(43712K)
[7.662s][info ][gc,metaspace   ] GC(2690) Metaspace: 5340K->5340K(1056768K)
[7.662s][info ][gc             ] GC(2690) Pause Young (Allocation Failure) 42M->27M(61M) 1.646ms
[7.662s][info ][gc,cpu         ] GC(2690) User=0.00s Sys=0.00s Real=0.00s
[7.664s][info ][gc,start       ] GC(2691) Pause Young (Allocation Failure)
[7.664s][info ][gc,task        ] GC(2691) Using 8 workers of 8 for evacuation
[7.665s][debug][gc,age         ] GC(2691) Desired survivor size 1114112 bytes, new threshold 1 (max threshold 6)
[7.665s][info ][gc,heap        ] GC(2691) ParNew: 19303K->1179K(19648K)
[7.665s][info ][gc,heap        ] GC(2691) CMS: 25809K->26591K(43712K)
[7.665s][info ][gc,metaspace   ] GC(2691) Metaspace: 5340K->5340K(1056768K)
[7.665s][info ][gc             ] GC(2691) Pause Young (Allocation Failure) 44M->27M(61M) 1.438ms
[7.665s][info ][gc,cpu         ] GC(2691) User=0.00s Sys=0.00s Real=0.00s
[7.667s][info ][gc,start       ] GC(2692) Pause Young (Allocation Failure)
[7.667s][info ][gc,task        ] GC(2692) Using 8 workers of 8 for evacuation
[7.669s][debug][gc,age         ] GC(2692) Desired survivor size 1114112 bytes, new threshold 1 (max threshold 6)
[7.669s][info ][gc,heap        ] GC(2692) ParNew: 18389K->1959K(19648K)
[7.669s][info ][gc,heap        ] GC(2692) CMS: 26591K->27373K(43712K)
[7.669s][info ][gc,metaspace   ] GC(2692) Metaspace: 5340K->5340K(1056768K)
[7.669s][info ][gc             ] GC(2692) Pause Young (Allocation Failure) 43M->28M(61M) 1.853ms
[7.669s][info ][gc,cpu         ] GC(2692) User=0.01s Sys=0.00s Real=0.00s
[7.670s][info ][gc,start       ] GC(2693) Pause Young (Allocation Failure)
[7.670s][info ][gc,task        ] GC(2693) Using 8 workers of 8 for evacuation
[7.672s][debug][gc,age         ] GC(2693) Desired survivor size 1114112 bytes, new threshold 1 (max threshold 6)
[7.673s][info ][gc,heap        ] GC(2693) ParNew: 19384K->1175K(19648K)
[7.673s][info ][gc,heap        ] GC(2693) CMS: 27373K->28155K(43712K)
[7.673s][info ][gc,metaspace   ] GC(2693) Metaspace: 5340K->5340K(1056768K)
[7.673s][info ][gc             ] GC(2693) Pause Young (Allocation Failure) 45M->28M(61M) 2.141ms
[7.673s][info ][gc,cpu         ] GC(2693) User=0.01s Sys=0.00s Real=0.00s
[7.674s][info ][gc,start       ] GC(2694) Pause Young (Allocation Failure)
[7.674s][info ][gc,task        ] GC(2694) Using 8 workers of 8 for evacuation
[7.675s][debug][gc,age         ] GC(2694) Desired survivor size 1114112 bytes, new threshold 1 (max threshold 6)
[7.675s][info ][gc,heap        ] GC(2694) ParNew: 18445K->1566K(19648K)
[7.675s][info ][gc,heap        ] GC(2694) CMS: 28155K->28156K(43712K)
[7.675s][info ][gc,metaspace   ] GC(2694) Metaspace: 5340K->5340K(1056768K)
[7.675s][info ][gc             ] GC(2694) Pause Young (Allocation Failure) 45M->29M(61M) 1.716ms
[7.675s][info ][gc,cpu         ] GC(2694) User=0.01s Sys=0.00s Real=0.00s
[7.677s][info ][gc,start       ] GC(2695) Pause Young (Allocation Failure)
[7.677s][info ][gc,task        ] GC(2695) Using 8 workers of 8 for evacuation
[7.678s][debug][gc,age         ] GC(2695) Desired survivor size 1114112 bytes, new threshold 1 (max threshold 6)
[7.678s][info ][gc,heap        ] GC(2695) ParNew: 18740K->1959K(19648K)
[7.678s][info ][gc,heap        ] GC(2695) CMS: 28156K->28547K(43712K)
[7.678s][info ][gc,metaspace   ] GC(2695) Metaspace: 5340K->5340K(1056768K)
[7.678s][info ][gc             ] GC(2695) Pause Young (Allocation Failure) 45M->29M(61M) 1.253ms
[7.678s][info ][gc,cpu         ] GC(2695) User=0.01s Sys=0.00s Real=0.00s
[7.680s][info ][gc,start       ] GC(2696) Pause Young (Allocation Failure)
[7.680s][info ][gc,task        ] GC(2696) Using 8 workers of 8 for evacuation
[7.682s][debug][gc,age         ] GC(2696) Desired survivor size 1114112 bytes, new threshold 1 (max threshold 6)
[7.682s][info ][gc,heap        ] GC(2696) ParNew: 19346K->1564K(19648K)
[7.682s][info ][gc,heap        ] GC(2696) CMS: 28547K->29720K(43712K)
[7.682s][info ][gc,metaspace   ] GC(2696) Metaspace: 5340K->5340K(1056768K)
[7.682s][info ][gc             ] GC(2696) Pause Young (Allocation Failure) 46M->30M(61M) 2.418ms
[7.682s][info ][gc,cpu         ] GC(2696) User=0.01s Sys=0.00s Real=0.00s
[7.684s][info ][gc,start       ] GC(2697) Pause Young (Allocation Failure)
[7.684s][info ][gc,task        ] GC(2697) Using 8 workers of 8 for evacuation
[7.685s][debug][gc,age         ] GC(2697) Desired survivor size 1114112 bytes, new threshold 6 (max threshold 6)
[7.685s][info ][gc,heap        ] GC(2697) ParNew: 18649K->400K(19648K)
[7.685s][info ][gc,heap        ] GC(2697) CMS: 29720K->31283K(43712K)
[7.685s][info ][gc,metaspace   ] GC(2697) Metaspace: 5340K->5340K(1056768K)
[7.685s][info ][gc             ] GC(2697) Pause Young (Allocation Failure) 47M->30M(61M) 1.518ms
[7.685s][info ][gc,cpu         ] GC(2697) User=0.01s Sys=0.01s Real=0.00s
[7.687s][info ][gc,start       ] GC(2698) Pause Young (Allocation Failure)
[7.687s][info ][gc,task        ] GC(2698) Using 8 workers of 8 for evacuation
[7.688s][debug][gc,age         ] GC(2698) Desired survivor size 1114112 bytes, new threshold 1 (max threshold 6)
[7.688s][info ][gc,heap        ] GC(2698) ParNew: 17683K->1963K(19648K)
[7.688s][info ][gc,heap        ] GC(2698) CMS: 31283K->32064K(43712K)
[7.688s][info ][gc,metaspace   ] GC(2698) Metaspace: 5340K->5340K(1056768K)
[7.688s][info ][gc             ] GC(2698) Pause Young (Allocation Failure) 47M->33M(61M) 1.327ms
[7.688s][info ][gc,cpu         ] GC(2698) User=0.00s Sys=0.00s Real=0.00s
[7.690s][info ][gc,start       ] GC(2699) Pause Young (Allocation Failure)
[7.690s][info ][gc,task        ] GC(2699) Using 8 workers of 8 for evacuation
[7.691s][debug][gc,age         ] GC(2699) Desired survivor size 1114112 bytes, new threshold 1 (max threshold 6)
[7.691s][info ][gc,heap        ] GC(2699) ParNew: 19392K->1574K(19648K)
[7.691s][info ][gc,heap        ] GC(2699) CMS: 32064K->33238K(43712K)
[7.691s][info ][gc,metaspace   ] GC(2699) Metaspace: 5340K->5340K(1056768K)
[7.691s][info ][gc             ] GC(2699) Pause Young (Allocation Failure) 50M->33M(61M) 1.097ms
[7.691s][info ][gc,cpu         ] GC(2699) User=0.00s Sys=0.00s Real=0.00s
[7.693s][info ][gc,start       ] GC(2700) Pause Young (Allocation Failure)
[7.693s][info ][gc,task        ] GC(2700) Using 8 workers of 8 for evacuation
[7.694s][debug][gc,age         ] GC(2700) Desired survivor size 1114112 bytes, new threshold 1 (max threshold 6)
[7.694s][info ][gc,heap        ] GC(2700) ParNew: 18842K->1959K(19648K)
[7.694s][info ][gc,heap        ] GC(2700) CMS: 33238K->33628K(43712K)
[7.694s][info ][gc,metaspace   ] GC(2700) Metaspace: 5340K->5340K(1056768K)
[7.694s][info ][gc             ] GC(2700) Pause Young (Allocation Failure) 50M->34M(61M) 1.304ms
[7.694s][info ][gc,cpu         ] GC(2700) User=0.00s Sys=0.00s Real=0.01s
[7.695s][info ][gc,start       ] GC(2701) Pause Young (Allocation Failure)
[7.695s][info ][gc,task        ] GC(2701) Using 8 workers of 8 for evacuation
[7.697s][debug][gc,age         ] GC(2701) Desired survivor size 1114112 bytes, new threshold 1 (max threshold 6)
[7.697s][info ][gc,heap        ] GC(2701) ParNew: 19181K->1959K(19648K)
[7.697s][info ][gc,heap        ] GC(2701) CMS: 33628K->34801K(43712K)
[7.697s][info ][gc,metaspace   ] GC(2701) Metaspace: 5340K->5340K(1056768K)
[7.697s][info ][gc             ] GC(2701) Pause Young (Allocation Failure) 51M->35M(61M) 1.423ms
[7.697s][info ][gc,cpu         ] GC(2701) User=0.00s Sys=0.00s Real=0.00s
[7.698s][info ][gc,start       ] GC(2702) Pause Young (Allocation Failure)
[7.698s][info ][gc,task        ] GC(2702) Using 8 workers of 8 for evacuation
[7.700s][debug][gc,age         ] GC(2702) Desired survivor size 1114112 bytes, new threshold 6 (max threshold 6)
[7.700s][info ][gc,heap        ] GC(2702) ParNew: 19152K->787K(19648K)
[7.700s][info ][gc,heap        ] GC(2702) CMS: 34801K->35192K(43712K)
[7.700s][info ][gc,metaspace   ] GC(2702) Metaspace: 5340K->5340K(1056768K)
[7.700s][info ][gc             ] GC(2702) Pause Young (Allocation Failure) 52M->35M(61M) 1.876ms
[7.700s][info ][gc,cpu         ] GC(2702) User=0.00s Sys=0.00s Real=0.00s
[7.702s][info ][gc,start       ] GC(2703) Pause Young (Allocation Failure)
[7.702s][info ][gc,task        ] GC(2703) Using 8 workers of 8 for evacuation
[7.704s][debug][gc,age         ] GC(2703) Desired survivor size 1114112 bytes, new threshold 1 (max threshold 6)
[7.704s][info ][gc,heap        ] GC(2703) ParNew: 18192K->1957K(19648K)
[7.704s][info ][gc,heap        ] GC(2703) CMS: 35192K->35582K(43712K)
[7.704s][info ][gc,metaspace   ] GC(2703) Metaspace: 5340K->5340K(1056768K)
[7.704s][info ][gc             ] GC(2703) Pause Young (Allocation Failure) 52M->36M(61M) 1.581ms
[7.704s][info ][gc,cpu         ] GC(2703) User=0.00s Sys=0.00s Real=0.01s
[7.705s][info ][gc,start       ] GC(2704) Pause Young (Allocation Failure)
[7.705s][info ][gc,task        ] GC(2704) Using 8 workers of 8 for evacuation
[7.707s][debug][gc,age         ] GC(2704) Desired survivor size 1114112 bytes, new threshold 6 (max threshold 6)
[7.707s][info ][gc,heap        ] GC(2704) ParNew: 19394K->785K(19648K)
[7.707s][info ][gc,heap        ] GC(2704) CMS: 35582K->35583K(43712K)
[7.707s][info ][gc,metaspace   ] GC(2704) Metaspace: 5340K->5340K(1056768K)
[7.707s][info ][gc             ] GC(2704) Pause Young (Allocation Failure) 53M->35M(61M) 1.194ms
[7.707s][info ][gc,cpu         ] GC(2704) User=0.00s Sys=0.00s Real=0.00s
[7.708s][info ][gc,start       ] GC(2705) Pause Young (Allocation Failure)
[7.708s][info ][gc,task        ] GC(2705) Using 8 workers of 8 for evacuation
[7.710s][debug][gc,age         ] GC(2705) Desired survivor size 1114112 bytes, new threshold 1 (max threshold 6)
[7.710s][info ][gc,heap        ] GC(2705) ParNew: 18234K->1566K(19648K)
[7.710s][info ][gc,heap        ] GC(2705) CMS: 35583K->35583K(43712K)
[7.710s][info ][gc,metaspace   ] GC(2705) Metaspace: 5340K->5340K(1056768K)
[7.710s][info ][gc             ] GC(2705) Pause Young (Allocation Failure) 52M->36M(61M) 1.961ms
[7.710s][info ][gc,cpu         ] GC(2705) User=0.01s Sys=0.00s Real=0.00s
[7.711s][info ][gc,start       ] GC(2706) Pause Young (Allocation Failure)
[7.712s][info ][gc,task        ] GC(2706) Using 8 workers of 8 for evacuation
[7.713s][debug][gc,age         ] GC(2706) Desired survivor size 1114112 bytes, new threshold 1 (max threshold 6)
[7.713s][info ][gc,heap        ] GC(2706) ParNew: 18776K->1959K(19648K)
[7.713s][info ][gc,heap        ] GC(2706) CMS: 35583K->36365K(43712K)
[7.713s][info ][gc,metaspace   ] GC(2706) Metaspace: 5340K->5340K(1056768K)
[7.713s][info ][gc             ] GC(2706) Pause Young (Allocation Failure) 53M->37M(61M) 1.744ms
[7.713s][info ][gc,cpu         ] GC(2706) User=0.00s Sys=0.00s Real=0.01s
[7.715s][info ][gc,start       ] GC(2707) Pause Young (Allocation Failure)
[7.715s][info ][gc,task        ] GC(2707) Using 8 workers of 8 for evacuation
[7.716s][debug][gc,age         ] GC(2707) Desired survivor size 1114112 bytes, new threshold 1 (max threshold 6)
[7.716s][info ][gc,heap        ] GC(2707) ParNew: 19097K->1963K(19648K)
[7.716s][info ][gc,heap        ] GC(2707) CMS: 36365K->36756K(43712K)
[7.716s][info ][gc,metaspace   ] GC(2707) Metaspace: 5340K->5340K(1056768K)
[7.717s][info ][gc             ] GC(2707) Pause Young (Allocation Failure) 54M->37M(61M) 1.484ms
[7.717s][info ][gc,cpu         ] GC(2707) User=0.00s Sys=0.00s Real=0.00s
[7.718s][info ][gc,start       ] GC(2708) Pause Young (Allocation Failure)
[7.718s][info ][gc,task        ] GC(2708) Using 8 workers of 8 for evacuation
[7.719s][debug][gc,age         ] GC(2708) Desired survivor size 1114112 bytes, new threshold 1 (max threshold 6)
[7.719s][info ][gc,heap        ] GC(2708) ParNew: 19173K->1570K(19648K)
[7.719s][info ][gc,heap        ] GC(2708) CMS: 36756K->37929K(43712K)
[7.719s][info ][gc,metaspace   ] GC(2708) Metaspace: 5340K->5340K(1056768K)
[7.719s][info ][gc             ] GC(2708) Pause Young (Allocation Failure) 54M->38M(61M) 1.000ms
[7.719s][info ][gc,cpu         ] GC(2708) User=0.00s Sys=0.00s Real=0.00s
[7.721s][info ][gc,start       ] GC(2709) Pause Young (Allocation Failure)
[7.721s][info ][gc,task        ] GC(2709) Using 8 workers of 8 for evacuation
[7.722s][debug][gc,age         ] GC(2709) Desired survivor size 1114112 bytes, new threshold 1 (max threshold 6)
[7.722s][info ][gc,heap        ] GC(2709) ParNew: 18949K->1570K(19648K)
[7.722s][info ][gc,heap        ] GC(2709) CMS: 37929K->39102K(43712K)
[7.722s][info ][gc,metaspace   ] GC(2709) Metaspace: 5340K->5340K(1056768K)
[7.722s][info ][gc             ] GC(2709) Pause Young (Allocation Failure) 55M->39M(61M) 1.293ms
[7.722s][info ][gc,cpu         ] GC(2709) User=0.00s Sys=0.00s Real=0.00s
[7.724s][info ][gc,start       ] GC(2710) Pause Young (Allocation Failure)
[7.724s][info ][gc,task        ] GC(2710) Using 8 workers of 8 for evacuation
[7.725s][debug][gc,age         ] GC(2710) Desired survivor size 1114112 bytes, new threshold 1 (max threshold 6)
[7.725s][info ][gc,heap        ] GC(2710) ParNew: 18956K->1177K(19648K)
[7.725s][info ][gc,heap        ] GC(2710) CMS: 39102K->40275K(43712K)
[7.725s][info ][gc,metaspace   ] GC(2710) Metaspace: 5340K->5340K(1056768K)
[7.725s][info ][gc             ] GC(2710) Pause Young (Allocation Failure) 56M->40M(61M) 1.532ms
[7.725s][info ][gc,cpu         ] GC(2710) User=0.00s Sys=0.00s Real=0.00s
[7.727s][info ][gc,start       ] GC(2711) Pause Young (Allocation Failure)
[7.727s][info ][gc,task        ] GC(2711) Using 8 workers of 8 for evacuation
[7.728s][debug][gc,age         ] GC(2711) Desired survivor size 1114112 bytes, new threshold 1 (max threshold 6)
[7.728s][info ][gc,heap        ] GC(2711) ParNew: 18470K->1967K(19648K)
[7.728s][info ][gc,heap        ] GC(2711) CMS: 40275K->40666K(43712K)
[7.728s][info ][gc,metaspace   ] GC(2711) Metaspace: 5340K->5340K(1056768K)
[7.728s][info ][gc             ] GC(2711) Pause Young (Allocation Failure) 57M->41M(61M) 0.952ms
[7.728s][info ][gc,cpu         ] GC(2711) User=0.00s Sys=0.00s Real=0.00s
[7.730s][info ][gc,start       ] GC(2712) Pause Young (Allocation Failure)
[7.730s][info ][gc,task        ] GC(2712) Using 8 workers of 8 for evacuation
[7.732s][debug][gc,age         ] GC(2712) Desired survivor size 1114112 bytes, new threshold 1 (max threshold 6)
[7.732s][info ][gc,heap        ] GC(2712) ParNew: 19252K->1961K(19648K)
[7.732s][info ][gc,heap        ] GC(2712) CMS: 40666K->42229K(43712K)
[7.732s][info ][gc,metaspace   ] GC(2712) Metaspace: 5340K->5340K(1056768K)
[7.732s][info ][gc             ] GC(2712) Pause Young (Allocation Failure) 58M->43M(61M) 1.788ms
[7.732s][info ][gc,cpu         ] GC(2712) User=0.00s Sys=0.00s Real=0.00s
[7.732s][info ][gc             ] GC(2687) Concurrent Abortable Preclean 73.402ms
[7.732s][info ][gc,cpu         ] GC(2687) User=0.24s Sys=0.01s Real=0.07s
[7.732s][info ][gc,start       ] GC(2687) Pause Remark
[7.734s][debug][gc,phases      ] GC(2687) Rescan (parallel) 1.992ms
[7.734s][debug][gc,phases      ] GC(2687) Reference Processing 0.036ms
[7.734s][debug][gc,phases      ] GC(2687) Weak Processing 0.007ms
[7.734s][debug][gc,phases      ] GC(2687) ClassLoaderData 0.030ms
[7.734s][debug][gc,phases      ] GC(2687) ProtectionDomainCacheTable 0.003ms
[7.734s][debug][gc,phases      ] GC(2687) ResolvedMethodTable 0.019ms
[7.735s][debug][gc,phases      ] GC(2687) Class Unloading 0.359ms
[7.735s][debug][gc,phases      ] GC(2687) Scrub Symbol Table 0.685ms
[7.736s][debug][gc,phases      ] GC(2687) Scrub String Table 0.024ms
[7.736s][info ][gc             ] GC(2687) Pause Remark 44M->44M(61M) 3.335ms
[7.736s][info ][gc,cpu         ] GC(2687) User=0.01s Sys=0.00s Real=0.01s
[7.736s][info ][gc             ] GC(2687) Concurrent Sweep
[7.736s][info ][gc             ] GC(2687) Concurrent Sweep 0.491ms
[7.736s][info ][gc,cpu         ] GC(2687) User=0.00s Sys=0.00s Real=0.00s
[7.736s][info ][gc             ] GC(2687) Concurrent Reset
[7.736s][info ][gc             ] GC(2687) Concurrent Reset 0.037ms
[7.736s][info ][gc,cpu         ] GC(2687) User=0.00s Sys=0.00s Real=0.00s
[7.736s][info ][gc,heap        ] GC(2687) Old: 25027K->19157K(43712K)
[7.738s][info ][gc,start       ] GC(2713) Pause Young (Allocation Failure)
[7.738s][info ][gc,task        ] GC(2713) Using 8 workers of 8 for evacuation
[7.740s][debug][gc,age         ] GC(2713) Desired survivor size 1114112 bytes, new threshold 1 (max threshold 6)
[7.740s][info ][gc,heap        ] GC(2713) ParNew: 19194K->1959K(19648K)
[7.740s][info ][gc,heap        ] GC(2713) CMS: 19157K->20329K(43712K)
[7.740s][info ][gc,metaspace   ] GC(2713) Metaspace: 5340K->5340K(1056768K)
[7.740s][info ][gc             ] GC(2713) Pause Young (Allocation Failure) 37M->21M(61M) 2.127ms
[7.740s][info ][gc,cpu         ] GC(2713) User=0.00s Sys=0.00s Real=0.00s
[7.742s][info ][gc,start       ] GC(2714) Pause Young (Allocation Failure)
[7.742s][info ][gc,task        ] GC(2714) Using 8 workers of 8 for evacuation
[7.743s][debug][gc,age         ] GC(2714) Desired survivor size 1114112 bytes, new threshold 1 (max threshold 6)
[7.743s][info ][gc,heap        ] GC(2714) ParNew: 19159K->1965K(19648K)
[7.743s][info ][gc,heap        ] GC(2714) CMS: 20329K->20330K(43712K)
[7.743s][info ][gc,metaspace   ] GC(2714) Metaspace: 5340K->5340K(1056768K)
[7.743s][info ][gc             ] GC(2714) Pause Young (Allocation Failure) 38M->21M(61M) 1.352ms
[7.743s][info ][gc,cpu         ] GC(2714) User=0.00s Sys=0.00s Real=0.01s
[7.745s][info ][gc,start       ] GC(2715) Pause Young (Allocation Failure)
[7.745s][info ][gc,task        ] GC(2715) Using 8 workers of 8 for evacuation
[7.746s][debug][gc,age         ] GC(2715) Desired survivor size 1114112 bytes, new threshold 1 (max threshold 6)
[7.746s][info ][gc,heap        ] GC(2715) ParNew: 19433K->1182K(19648K)
[7.746s][info ][gc,heap        ] GC(2715) CMS: 20330K->21112K(43712K)
[7.746s][info ][gc,metaspace   ] GC(2715) Metaspace: 5340K->5340K(1056768K)
[7.746s][info ][gc             ] GC(2715) Pause Young (Allocation Failure) 38M->21M(61M) 1.518ms
[7.746s][info ][gc,cpu         ] GC(2715) User=0.01s Sys=0.00s Real=0.00s
[7.748s][info ][gc,start       ] GC(2716) Pause Young (Allocation Failure)
[7.748s][info ][gc,task        ] GC(2716) Using 8 workers of 8 for evacuation
[7.749s][debug][gc,age         ] GC(2716) Desired survivor size 1114112 bytes, new threshold 1 (max threshold 6)
[7.749s][info ][gc,heap        ] GC(2716) ParNew: 18383K->1568K(19648K)
[7.749s][info ][gc,heap        ] GC(2716) CMS: 21112K->21894K(43712K)
[7.749s][info ][gc,metaspace   ] GC(2716) Metaspace: 5340K->5340K(1056768K)
[7.749s][info ][gc             ] GC(2716) Pause Young (Allocation Failure) 38M->22M(61M) 1.656ms
[7.749s][info ][gc,cpu         ] GC(2716) User=0.01s Sys=0.00s Real=0.00s
[7.751s][info ][gc,start       ] GC(2717) Pause Young (Allocation Failure)
[7.751s][info ][gc,task        ] GC(2717) Using 8 workers of 8 for evacuation
[7.753s][debug][gc,age         ] GC(2717) Desired survivor size 1114112 bytes, new threshold 1 (max threshold 6)
[7.753s][info ][gc,heap        ] GC(2717) ParNew: 18952K->1175K(19648K)
[7.753s][info ][gc,heap        ] GC(2717) CMS: 21894K->22285K(43712K)
[7.753s][info ][gc,metaspace   ] GC(2717) Metaspace: 5340K->5340K(1056768K)
[7.753s][info ][gc             ] GC(2717) Pause Young (Allocation Failure) 39M->22M(61M) 1.677ms
[7.753s][info ][gc,cpu         ] GC(2717) User=0.01s Sys=0.00s Real=0.01s
[7.755s][info ][gc,start       ] GC(2718) Pause Young (Allocation Failure)
[7.755s][info ][gc,task        ] GC(2718) Using 8 workers of 8 for evacuation
[7.755s][debug][gc,age         ] GC(2718) Desired survivor size 1114112 bytes, new threshold 1 (max threshold 6)
[7.755s][info ][gc,heap        ] GC(2718) ParNew: 18405K->1959K(19648K)
[7.755s][info ][gc,heap        ] GC(2718) CMS: 22285K->22676K(43712K)
[7.755s][info ][gc,metaspace   ] GC(2718) Metaspace: 5340K->5340K(1056768K)
[7.755s][info ][gc             ] GC(2718) Pause Young (Allocation Failure) 39M->24M(61M) 0.754ms
[7.755s][info ][gc,cpu         ] GC(2718) User=0.01s Sys=0.00s Real=0.00s
[7.757s][info ][gc,start       ] GC(2719) Pause Young (Allocation Failure)
[7.757s][info ][gc,task        ] GC(2719) Using 8 workers of 8 for evacuation
[7.759s][debug][gc,age         ] GC(2719) Desired survivor size 1114112 bytes, new threshold 1 (max threshold 6)
[7.759s][info ][gc,heap        ] GC(2719) ParNew: 19357K->1175K(19648K)
[7.759s][info ][gc,heap        ] GC(2719) CMS: 22676K->23458K(43712K)
[7.759s][info ][gc,metaspace   ] GC(2719) Metaspace: 5340K->5340K(1056768K)
[7.759s][info ][gc             ] GC(2719) Pause Young (Allocation Failure) 41M->24M(61M) 1.980ms
[7.759s][info ][gc,cpu         ] GC(2719) User=0.00s Sys=0.00s Real=0.00s
[7.760s][info ][gc,start       ] GC(2720) Pause Young (Allocation Failure)
[7.760s][info ][gc,task        ] GC(2720) Using 8 workers of 8 for evacuation
[7.761s][debug][gc,age         ] GC(2720) Desired survivor size 1114112 bytes, new threshold 1 (max threshold 6)
[7.761s][info ][gc,heap        ] GC(2720) ParNew: 18555K->1574K(19648K)
[7.761s][info ][gc,heap        ] GC(2720) CMS: 23458K->24631K(43712K)
[7.761s][info ][gc,metaspace   ] GC(2720) Metaspace: 5340K->5340K(1056768K)
[7.761s][info ][gc             ] GC(2720) Pause Young (Allocation Failure) 41M->25M(61M) 0.823ms
[7.761s][info ][gc,cpu         ] GC(2720) User=0.00s Sys=0.00s Real=0.00s
[7.762s][info ][gc,start       ] GC(2721) Pause Initial Mark
[7.762s][info ][gc             ] GC(2721) Pause Initial Mark 28M->28M(61M) 0.140ms
[7.762s][info ][gc,cpu         ] GC(2721) User=0.00s Sys=0.00s Real=0.00s
[7.762s][info ][gc             ] GC(2721) Concurrent Mark
[7.762s][info ][gc,task        ] GC(2721) Using 2 workers of 2 for marking
[7.764s][info ][gc,start       ] GC(2722) Pause Young (Allocation Failure)
[7.764s][info ][gc,task        ] GC(2722) Using 8 workers of 8 for evacuation
[7.765s][debug][gc,age         ] GC(2722) Desired survivor size 1114112 bytes, new threshold 1 (max threshold 6)
[7.765s][info ][gc,heap        ] GC(2722) ParNew: 18873K->1566K(19648K)
[7.765s][info ][gc,heap        ] GC(2722) CMS: 24631K->24631K(43712K)
[7.765s][info ][gc,metaspace   ] GC(2722) Metaspace: 5340K->5340K(1056768K)
[7.765s][info ][gc             ] GC(2722) Pause Young (Allocation Failure) 42M->25M(61M) 1.424ms
[7.765s][info ][gc,cpu         ] GC(2722) User=0.00s Sys=0.00s Real=0.00s
[7.765s][info ][gc             ] GC(2721) Concurrent Mark 3.559ms
[7.766s][info ][gc,cpu         ] GC(2721) User=0.02s Sys=0.00s Real=0.01s
[7.766s][info ][gc             ] GC(2721) Concurrent Preclean
[7.766s][info ][gc             ] GC(2721) Concurrent Preclean 0.147ms
[7.766s][info ][gc,cpu         ] GC(2721) User=0.00s Sys=0.00s Real=0.00s
[7.766s][info ][gc             ] GC(2721) Concurrent Abortable Preclean
[7.768s][info ][gc,start       ] GC(2723) Pause Young (Allocation Failure)
[7.768s][info ][gc,task        ] GC(2723) Using 8 workers of 8 for evacuation
[7.769s][debug][gc,age         ] GC(2723) Desired survivor size 1114112 bytes, new threshold 1 (max threshold 6)
[7.769s][info ][gc,heap        ] GC(2723) ParNew: 18809K->1967K(19648K)
[7.769s][info ][gc,heap        ] GC(2723) CMS: 24631K->25022K(43712K)
[7.769s][info ][gc,metaspace   ] GC(2723) Metaspace: 5340K->5340K(1056768K)
[7.769s][info ][gc             ] GC(2723) Pause Young (Allocation Failure) 42M->26M(61M) 1.690ms
[7.769s][info ][gc,cpu         ] GC(2723) User=0.01s Sys=0.00s Real=0.00s
[7.771s][info ][gc,start       ] GC(2724) Pause Young (Allocation Failure)
[7.771s][info ][gc,task        ] GC(2724) Using 8 workers of 8 for evacuation
[7.772s][debug][gc,age         ] GC(2724) Desired survivor size 1114112 bytes, new threshold 1 (max threshold 6)
[7.772s][info ][gc,heap        ] GC(2724) ParNew: 19439K->1959K(19648K)
[7.772s][info ][gc,heap        ] GC(2724) CMS: 25022K->25804K(43712K)
[7.772s][info ][gc,metaspace   ] GC(2724) Metaspace: 5340K->5340K(1056768K)
[7.772s][info ][gc             ] GC(2724) Pause Young (Allocation Failure) 43M->27M(61M) 1.283ms
[7.772s][info ][gc,cpu         ] GC(2724) User=0.01s Sys=0.00s Real=0.00s
[7.773s][info ][gc,start       ] GC(2725) Pause Young (Allocation Failure)
[7.773s][info ][gc,task        ] GC(2725) Using 8 workers of 8 for evacuation
[7.774s][debug][gc,age         ] GC(2725) Desired survivor size 1114112 bytes, new threshold 1 (max threshold 6)
[7.774s][info ][gc,heap        ] GC(2725) ParNew: 19431K->1568K(19648K)
[7.774s][info ][gc,heap        ] GC(2725) CMS: 25804K->26977K(43712K)
[7.775s][info ][gc,metaspace   ] GC(2725) Metaspace: 5340K->5340K(1056768K)
[7.775s][info ][gc             ] GC(2725) Pause Young (Allocation Failure) 44M->27M(61M) 1.305ms
[7.775s][info ][gc,cpu         ] GC(2725) User=0.00s Sys=0.00s Real=0.00s
[7.777s][info ][gc,start       ] GC(2726) Pause Young (Allocation Failure)
[7.777s][info ][gc,task        ] GC(2726) Using 8 workers of 8 for evacuation
[7.778s][debug][gc,age         ] GC(2726) Desired survivor size 1114112 bytes, new threshold 1 (max threshold 6)
[7.778s][info ][gc,heap        ] GC(2726) ParNew: 18702K->1961K(19648K)
[7.778s][info ][gc,heap        ] GC(2726) CMS: 26977K->27759K(43712K)
[7.778s][info ][gc,metaspace   ] GC(2726) Metaspace: 5340K->5340K(1056768K)
[7.778s][info ][gc             ] GC(2726) Pause Young (Allocation Failure) 44M->29M(61M) 1.622ms
[7.778s][info ][gc,cpu         ] GC(2726) User=0.01s Sys=0.00s Real=0.00s
[7.780s][info ][gc,start       ] GC(2727) Pause Young (Allocation Failure)
[7.780s][info ][gc,task        ] GC(2727) Using 8 workers of 8 for evacuation
[7.781s][debug][gc,age         ] GC(2727) Desired survivor size 1114112 bytes, new threshold 1 (max threshold 6)
[7.781s][info ][gc,heap        ] GC(2727) ParNew: 19081K->1961K(19648K)
[7.781s][info ][gc,heap        ] GC(2727) CMS: 27759K->28932K(43712K)
[7.781s][info ][gc,metaspace   ] GC(2727) Metaspace: 5340K->5340K(1056768K)
[7.781s][info ][gc             ] GC(2727) Pause Young (Allocation Failure) 45M->30M(61M) 1.297ms
[7.781s][info ][gc,cpu         ] GC(2727) User=0.01s Sys=0.00s Real=0.00s
[7.783s][info ][gc,start       ] GC(2728) Pause Young (Allocation Failure)
[7.783s][info ][gc,task        ] GC(2728) Using 8 workers of 8 for evacuation
[7.784s][debug][gc,age         ] GC(2728) Desired survivor size 1114112 bytes, new threshold 1 (max threshold 6)
[7.785s][info ][gc,heap        ] GC(2728) ParNew: 19197K->1965K(19648K)
[7.785s][info ][gc,heap        ] GC(2728) CMS: 28932K->29713K(43712K)
[7.785s][info ][gc,metaspace   ] GC(2728) Metaspace: 5340K->5340K(1056768K)
[7.785s][info ][gc             ] GC(2728) Pause Young (Allocation Failure) 47M->30M(61M) 1.810ms
[7.785s][info ][gc,cpu         ] GC(2728) User=0.01s Sys=0.00s Real=0.01s
[7.787s][info ][gc,start       ] GC(2729) Pause Young (Allocation Failure)
[7.787s][info ][gc,task        ] GC(2729) Using 8 workers of 8 for evacuation
[7.788s][debug][gc,age         ] GC(2729) Desired survivor size 1114112 bytes, new threshold 1 (max threshold 6)
[7.788s][info ][gc,heap        ] GC(2729) ParNew: 19082K->1959K(19648K)
[7.788s][info ][gc,heap        ] GC(2729) CMS: 29713K->30105K(43712K)
[7.788s][info ][gc,metaspace   ] GC(2729) Metaspace: 5340K->5340K(1056768K)
[7.788s][info ][gc             ] GC(2729) Pause Young (Allocation Failure) 47M->31M(61M) 1.613ms
[7.788s][info ][gc,cpu         ] GC(2729) User=0.00s Sys=0.00s Real=0.00s
[7.790s][info ][gc,start       ] GC(2730) Pause Young (Allocation Failure)
[7.790s][info ][gc,task        ] GC(2730) Using 8 workers of 8 for evacuation
[7.792s][debug][gc,age         ] GC(2730) Desired survivor size 1114112 bytes, new threshold 1 (max threshold 6)
[7.792s][info ][gc,heap        ] GC(2730) ParNew: 19378K->1568K(19648K)
[7.792s][info ][gc,heap        ] GC(2730) CMS: 30105K->31278K(43712K)
[7.792s][info ][gc,metaspace   ] GC(2730) Metaspace: 5340K->5340K(1056768K)
[7.792s][info ][gc             ] GC(2730) Pause Young (Allocation Failure) 48M->32M(61M) 2.102ms
[7.792s][info ][gc,cpu         ] GC(2730) User=0.00s Sys=0.00s Real=0.00s
[7.794s][info ][gc,start       ] GC(2731) Pause Young (Allocation Failure)
[7.794s][info ][gc,task        ] GC(2731) Using 8 workers of 8 for evacuation
[7.795s][debug][gc,age         ] GC(2731) Desired survivor size 1114112 bytes, new threshold 6 (max threshold 6)
[7.795s][info ][gc,heap        ] GC(2731) ParNew: 18941K->791K(19648K)
[7.795s][info ][gc,heap        ] GC(2731) CMS: 31278K->32842K(43712K)
[7.795s][info ][gc,metaspace   ] GC(2731) Metaspace: 5340K->5340K(1056768K)
[7.795s][info ][gc             ] GC(2731) Pause Young (Allocation Failure) 49M->32M(61M) 1.433ms
[7.795s][info ][gc,cpu         ] GC(2731) User=0.00s Sys=0.00s Real=0.00s
[7.797s][info ][gc,start       ] GC(2732) Pause Young (Allocation Failure)
[7.797s][info ][gc,task        ] GC(2732) Using 8 workers of 8 for evacuation
[7.798s][debug][gc,age         ] GC(2732) Desired survivor size 1114112 bytes, new threshold 1 (max threshold 6)
[7.799s][info ][gc,heap        ] GC(2732) ParNew: 18001K->1957K(19648K)
[7.799s][info ][gc,heap        ] GC(2732) CMS: 32842K->32842K(43712K)
[7.799s][info ][gc,metaspace   ] GC(2732) Metaspace: 5340K->5340K(1056768K)
[7.799s][info ][gc             ] GC(2732) Pause Young (Allocation Failure) 49M->33M(61M) 1.625ms
[7.799s][info ][gc,cpu         ] GC(2732) User=0.00s Sys=0.00s Real=0.00s
[7.801s][info ][gc,start       ] GC(2733) Pause Young (Allocation Failure)
[7.801s][info ][gc,task        ] GC(2733) Using 8 workers of 8 for evacuation
[7.802s][debug][gc,age         ] GC(2733) Desired survivor size 1114112 bytes, new threshold 1 (max threshold 6)
[7.802s][info ][gc,heap        ] GC(2733) ParNew: 19174K->1961K(19648K)
[7.802s][info ][gc,heap        ] GC(2733) CMS: 32842K->34014K(43712K)
[7.802s][info ][gc,metaspace   ] GC(2733) Metaspace: 5340K->5340K(1056768K)
[7.802s][info ][gc             ] GC(2733) Pause Young (Allocation Failure) 50M->35M(61M) 1.682ms
[7.802s][info ][gc,cpu         ] GC(2733) User=0.00s Sys=0.00s Real=0.00s
[7.804s][info ][gc,start       ] GC(2734) Pause Young (Allocation Failure)
[7.804s][info ][gc,task        ] GC(2734) Using 8 workers of 8 for evacuation
[7.805s][debug][gc,age         ] GC(2734) Desired survivor size 1114112 bytes, new threshold 6 (max threshold 6)
[7.805s][info ][gc,heap        ] GC(2734) ParNew: 19338K->787K(19648K)
[7.805s][info ][gc,heap        ] GC(2734) CMS: 34014K->35188K(43712K)
[7.805s][info ][gc,metaspace   ] GC(2734) Metaspace: 5340K->5340K(1056768K)
[7.805s][info ][gc             ] GC(2734) Pause Young (Allocation Failure) 52M->35M(61M) 1.296ms
[7.805s][info ][gc,cpu         ] GC(2734) User=0.00s Sys=0.01s Real=0.00s
[7.807s][info ][gc,start       ] GC(2735) Pause Young (Allocation Failure)
[7.807s][info ][gc,task        ] GC(2735) Using 8 workers of 8 for evacuation
[7.808s][debug][gc,age         ] GC(2735) Desired survivor size 1114112 bytes, new threshold 1 (max threshold 6)
[7.808s][info ][gc,heap        ] GC(2735) ParNew: 18096K->1957K(19648K)
[7.808s][info ][gc,heap        ] GC(2735) CMS: 35188K->35578K(43712K)
[7.808s][info ][gc,metaspace   ] GC(2735) Metaspace: 5340K->5340K(1056768K)
[7.808s][info ][gc             ] GC(2735) Pause Young (Allocation Failure) 52M->36M(61M) 1.543ms
[7.808s][info ][gc,cpu         ] GC(2735) User=0.00s Sys=0.00s Real=0.00s
[7.809s][info ][gc,start       ] GC(2736) Pause Young (Allocation Failure)
[7.810s][info ][gc,task        ] GC(2736) Using 8 workers of 8 for evacuation
[7.811s][debug][gc,age         ] GC(2736) Desired survivor size 1114112 bytes, new threshold 1 (max threshold 6)
[7.811s][info ][gc,heap        ] GC(2736) ParNew: 19206K->1965K(19648K)
[7.811s][info ][gc,heap        ] GC(2736) CMS: 35578K->36751K(43712K)
[7.811s][info ][gc,metaspace   ] GC(2736) Metaspace: 5340K->5340K(1056768K)
[7.811s][info ][gc             ] GC(2736) Pause Young (Allocation Failure) 53M->37M(61M) 1.377ms
[7.811s][info ][gc,cpu         ] GC(2736) User=0.00s Sys=0.00s Real=0.00s
[7.812s][info ][gc,start       ] GC(2737) Pause Young (Allocation Failure)
[7.812s][info ][gc,task        ] GC(2737) Using 8 workers of 8 for evacuation
[7.814s][debug][gc,age         ] GC(2737) Desired survivor size 1114112 bytes, new threshold 1 (max threshold 6)
[7.814s][info ][gc,heap        ] GC(2737) ParNew: 19175K->1957K(19648K)
[7.814s][info ][gc,heap        ] GC(2737) CMS: 36751K->36751K(43712K)
[7.814s][info ][gc,metaspace   ] GC(2737) Metaspace: 5340K->5340K(1056768K)
[7.814s][info ][gc             ] GC(2737) Pause Young (Allocation Failure) 54M->37M(61M) 1.546ms
[7.814s][info ][gc,cpu         ] GC(2737) User=0.00s Sys=0.00s Real=0.01s
[7.815s][info ][gc,start       ] GC(2738) Pause Young (Allocation Failure)
[7.815s][info ][gc,task        ] GC(2738) Using 8 workers of 8 for evacuation
[7.817s][debug][gc,age         ] GC(2738) Desired survivor size 1114112 bytes, new threshold 1 (max threshold 6)
[7.817s][info ][gc,heap        ] GC(2738) ParNew: 19142K->1965K(19648K)
[7.817s][info ][gc,heap        ] GC(2738) CMS: 36751K->37142K(43712K)
[7.817s][info ][gc,metaspace   ] GC(2738) Metaspace: 5340K->5340K(1056768K)
[7.817s][info ][gc             ] GC(2738) Pause Young (Allocation Failure) 54M->38M(61M) 1.364ms
[7.817s][info ][gc,cpu         ] GC(2738) User=0.01s Sys=0.00s Real=0.00s
[7.818s][info ][gc,start       ] GC(2739) Pause Young (Allocation Failure)
[7.818s][info ][gc,task        ] GC(2739) Using 8 workers of 8 for evacuation
[7.820s][debug][gc,age         ] GC(2739) Desired survivor size 1114112 bytes, new threshold 1 (max threshold 6)
[7.820s][info ][gc,heap        ] GC(2739) ParNew: 19410K->1566K(19648K)
[7.820s][info ][gc,heap        ] GC(2739) CMS: 37142K->37533K(43712K)
[7.820s][info ][gc,metaspace   ] GC(2739) Metaspace: 5340K->5340K(1056768K)
[7.820s][info ][gc             ] GC(2739) Pause Young (Allocation Failure) 55M->38M(61M) 1.560ms
[7.820s][info ][gc,cpu         ] GC(2739) User=0.01s Sys=0.00s Real=0.00s
[7.821s][info ][gc,start       ] GC(2740) Pause Young (Allocation Failure)
[7.821s][info ][gc,task        ] GC(2740) Using 8 workers of 8 for evacuation
[7.824s][debug][gc,age         ] GC(2740) Desired survivor size 1114112 bytes, new threshold 1 (max threshold 6)
[7.824s][info ][gc,heap        ] GC(2740) ParNew: 18899K->1564K(19648K)
[7.824s][info ][gc,heap        ] GC(2740) CMS: 37533K->38315K(43712K)
[7.824s][info ][gc,metaspace   ] GC(2740) Metaspace: 5340K->5340K(1056768K)
[7.824s][info ][gc             ] GC(2740) Pause Young (Allocation Failure) 55M->38M(61M) 2.360ms
[7.824s][info ][gc,cpu         ] GC(2740) User=0.01s Sys=0.00s Real=0.01s
[7.826s][info ][gc,start       ] GC(2741) Pause Young (Allocation Failure)
[7.826s][info ][gc,task        ] GC(2741) Using 8 workers of 8 for evacuation
[7.827s][debug][gc,age         ] GC(2741) Desired survivor size 1114112 bytes, new threshold 1 (max threshold 6)
[7.827s][info ][gc,heap        ] GC(2741) ParNew: 18835K->1963K(19648K)
[7.827s][info ][gc,heap        ] GC(2741) CMS: 38315K->39096K(43712K)
[7.827s][info ][gc,metaspace   ] GC(2741) Metaspace: 5340K->5340K(1056768K)
[7.827s][info ][gc             ] GC(2741) Pause Young (Allocation Failure) 55M->40M(61M) 1.434ms
[7.827s][info ][gc,cpu         ] GC(2741) User=0.01s Sys=0.00s Real=0.00s
[7.829s][info ][gc,start       ] GC(2742) Pause Young (Allocation Failure)
[7.829s][info ][gc,task        ] GC(2742) Using 8 workers of 8 for evacuation
[7.830s][debug][gc,age         ] GC(2742) Desired survivor size 1114112 bytes, new threshold 1 (max threshold 6)
[7.830s][info ][gc,heap        ] GC(2742) ParNew: 19187K->1961K(19648K)
[7.830s][info ][gc,heap        ] GC(2742) CMS: 39096K->39487K(43712K)
[7.830s][info ][gc,metaspace   ] GC(2742) Metaspace: 5340K->5340K(1056768K)
[7.830s][info ][gc             ] GC(2742) Pause Young (Allocation Failure) 56M->40M(61M) 1.438ms
[7.830s][info ][gc,cpu         ] GC(2742) User=0.00s Sys=0.00s Real=0.00s
[7.832s][info ][gc,start       ] GC(2743) Pause Young (Allocation Failure)
[7.832s][info ][gc,task        ] GC(2743) Using 8 workers of 8 for evacuation
[7.833s][debug][gc,age         ] GC(2743) Desired survivor size 1114112 bytes, new threshold 1 (max threshold 6)
[7.833s][info ][gc,heap        ] GC(2743) ParNew: 19079K->1967K(19648K)
[7.833s][info ][gc,heap        ] GC(2743) CMS: 39487K->39878K(43712K)
[7.833s][info ][gc,metaspace   ] GC(2743) Metaspace: 5340K->5340K(1056768K)
[7.833s][info ][gc             ] GC(2743) Pause Young (Allocation Failure) 57M->40M(61M) 1.457ms
[7.833s][info ][gc,cpu         ] GC(2743) User=0.01s Sys=0.00s Real=0.01s
[7.835s][info ][gc,start       ] GC(2744) Pause Young (Allocation Failure)
[7.835s][info ][gc,task        ] GC(2744) Using 8 workers of 8 for evacuation
[7.836s][debug][gc,age         ] GC(2744) Desired survivor size 1114112 bytes, new threshold 1 (max threshold 6)
[7.836s][info ][gc,heap        ] GC(2744) ParNew: 19169K->1957K(19648K)
[7.836s][info ][gc,heap        ] GC(2744) CMS: 39878K->39878K(43712K)
[7.836s][info ][gc,metaspace   ] GC(2744) Metaspace: 5340K->5340K(1056768K)
[7.836s][info ][gc             ] GC(2744) Pause Young (Allocation Failure) 57M->40M(61M) 1.313ms
[7.836s][info ][gc,cpu         ] GC(2744) User=0.01s Sys=0.00s Real=0.00s
[7.837s][info ][gc,start       ] GC(2745) Pause Young (Allocation Failure)
[7.837s][info ][gc,task        ] GC(2745) Using 8 workers of 8 for evacuation
[7.838s][debug][gc,age         ] GC(2745) Desired survivor size 1114112 bytes, new threshold 1 (max threshold 6)
[7.838s][info ][gc,heap        ] GC(2745) ParNew: 19137K->1957K(19648K)
[7.838s][info ][gc,heap        ] GC(2745) CMS: 39878K->40269K(43712K)
[7.839s][info ][gc,metaspace   ] GC(2745) Metaspace: 5340K->5340K(1056768K)
[7.839s][info ][gc             ] GC(2745) Pause Young (Allocation Failure) 57M->41M(61M) 1.139ms
[7.839s][info ][gc,cpu         ] GC(2745) User=0.01s Sys=0.00s Real=0.00s
[7.840s][info ][gc,start       ] GC(2746) Pause Young (Allocation Failure)
[7.840s][info ][gc,task        ] GC(2746) Using 8 workers of 8 for evacuation
[7.842s][debug][gc,age         ] GC(2746) Desired survivor size 1114112 bytes, new threshold 1 (max threshold 6)
[7.842s][info ][gc,heap        ] GC(2746) ParNew: 19076K->1957K(19648K)
[7.842s][info ][gc,heap        ] GC(2746) CMS: 40269K->40661K(43712K)
[7.842s][info ][gc,metaspace   ] GC(2746) Metaspace: 5340K->5340K(1056768K)
[7.842s][info ][gc             ] GC(2746) Pause Young (Allocation Failure) 57M->41M(61M) 2.308ms
[7.842s][info ][gc,cpu         ] GC(2746) User=0.01s Sys=0.00s Real=0.00s
[7.844s][info ][gc,start       ] GC(2747) Pause Young (Allocation Failure)
[7.844s][info ][gc,task        ] GC(2747) Using 8 workers of 8 for evacuation
[7.846s][debug][gc,age         ] GC(2747) Desired survivor size 1114112 bytes, new threshold 1 (max threshold 6)
[7.846s][info ][gc,heap        ] GC(2747) ParNew: 19303K->1181K(19648K)
[7.846s][info ][gc,heap        ] GC(2747) CMS: 40661K->42224K(43712K)
[7.846s][info ][gc,metaspace   ] GC(2747) Metaspace: 5340K->5340K(1056768K)
[7.846s][info ][gc             ] GC(2747) Pause Young (Allocation Failure) 58M->42M(61M) 1.617ms
[7.846s][info ][gc,cpu         ] GC(2747) User=0.01s Sys=0.00s Real=0.00s
[7.846s][info ][gc             ] GC(2721) Concurrent Abortable Preclean 79.945ms
[7.846s][info ][gc,cpu         ] GC(2721) User=0.27s Sys=0.01s Real=0.08s
[7.846s][info ][gc,start       ] GC(2721) Pause Remark
[7.847s][debug][gc,phases      ] GC(2721) Rescan (parallel) 1.121ms
[7.847s][debug][gc,phases      ] GC(2721) Reference Processing 0.012ms
[7.847s][debug][gc,phases      ] GC(2721) Weak Processing 0.004ms
[7.847s][debug][gc,phases      ] GC(2721) ClassLoaderData 0.011ms
[7.847s][debug][gc,phases      ] GC(2721) ProtectionDomainCacheTable 0.002ms
[7.847s][debug][gc,phases      ] GC(2721) ResolvedMethodTable 0.006ms
[7.847s][debug][gc,phases      ] GC(2721) Class Unloading 0.197ms
[7.848s][debug][gc,phases      ] GC(2721) Scrub Symbol Table 0.462ms
[7.848s][debug][gc,phases      ] GC(2721) Scrub String Table 0.022ms
[7.848s][info ][gc             ] GC(2721) Pause Remark 43M->43M(61M) 1.903ms
[7.848s][info ][gc,cpu         ] GC(2721) User=0.00s Sys=0.00s Real=0.00s
[7.848s][info ][gc             ] GC(2721) Concurrent Sweep
[7.848s][info ][gc             ] GC(2721) Concurrent Sweep 0.585ms
[7.848s][info ][gc,cpu         ] GC(2721) User=0.00s Sys=0.00s Real=0.00s
[7.849s][info ][gc             ] GC(2721) Concurrent Reset
[7.849s][info ][gc             ] GC(2721) Concurrent Reset 0.047ms
[7.849s][info ][gc,cpu         ] GC(2721) User=0.00s Sys=0.00s Real=0.00s
[7.849s][info ][gc,heap        ] GC(2721) Old: 24631K->19157K(43712K)
[7.850s][info ][gc,start       ] GC(2748) Pause Young (Allocation Failure)
[7.850s][info ][gc,task        ] GC(2748) Using 8 workers of 8 for evacuation
[7.852s][debug][gc,age         ] GC(2748) Desired survivor size 1114112 bytes, new threshold 1 (max threshold 6)
[7.852s][info ][gc,heap        ] GC(2748) ParNew: 18328K->1181K(19648K)
[7.852s][info ][gc,heap        ] GC(2748) CMS: 19157K->20330K(43712K)
[7.852s][info ][gc,metaspace   ] GC(2748) Metaspace: 5340K->5340K(1056768K)
[7.852s][info ][gc             ] GC(2748) Pause Young (Allocation Failure) 36M->21M(61M) 1.981ms
[7.852s][info ][gc,cpu         ] GC(2748) User=0.01s Sys=0.00s Real=0.00s
[7.854s][info ][gc,start       ] GC(2749) Pause Young (Allocation Failure)
[7.854s][info ][gc,task        ] GC(2749) Using 8 workers of 8 for evacuation
[7.855s][debug][gc,age         ] GC(2749) Desired survivor size 1114112 bytes, new threshold 1 (max threshold 6)
[7.855s][info ][gc,heap        ] GC(2749) ParNew: 18419K->1965K(19648K)
[7.855s][info ][gc,heap        ] GC(2749) CMS: 20330K->20721K(43712K)
[7.855s][info ][gc,metaspace   ] GC(2749) Metaspace: 5340K->5340K(1056768K)
[7.855s][info ][gc             ] GC(2749) Pause Young (Allocation Failure) 37M->22M(61M) 1.859ms
[7.855s][info ][gc,cpu         ] GC(2749) User=0.01s Sys=0.00s Real=0.00s
[7.858s][info ][gc,start       ] GC(2750) Pause Young (Allocation Failure)
[7.858s][info ][gc,task        ] GC(2750) Using 8 workers of 8 for evacuation
[7.859s][debug][gc,age         ] GC(2750) Desired survivor size 1114112 bytes, new threshold 1 (max threshold 6)
[7.859s][info ][gc,heap        ] GC(2750) ParNew: 19437K->1957K(19648K)
[7.859s][info ][gc,heap        ] GC(2750) CMS: 20721K->21113K(43712K)
[7.859s][info ][gc,metaspace   ] GC(2750) Metaspace: 5340K->5340K(1056768K)
[7.859s][info ][gc             ] GC(2750) Pause Young (Allocation Failure) 39M->22M(61M) 1.667ms
[7.859s][info ][gc,cpu         ] GC(2750) User=0.01s Sys=0.00s Real=0.00s
[7.861s][info ][gc,start       ] GC(2751) Pause Young (Allocation Failure)
[7.861s][info ][gc,task        ] GC(2751) Using 8 workers of 8 for evacuation
[7.862s][debug][gc,age         ] GC(2751) Desired survivor size 1114112 bytes, new threshold 1 (max threshold 6)
[7.863s][info ][gc,heap        ] GC(2751) ParNew: 19177K->1963K(19648K)
[7.863s][info ][gc,heap        ] GC(2751) CMS: 21113K->22285K(43712K)
[7.863s][info ][gc,metaspace   ] GC(2751) Metaspace: 5340K->5340K(1056768K)
[7.863s][info ][gc             ] GC(2751) Pause Young (Allocation Failure) 39M->23M(61M) 1.234ms
[7.863s][info ][gc,cpu         ] GC(2751) User=0.00s Sys=0.00s Real=0.00s
[7.863s][info ][gc,start       ] GC(2752) Pause Initial Mark
[7.863s][info ][gc             ] GC(2752) Pause Initial Mark 24M->24M(61M) 0.174ms
[7.863s][info ][gc,cpu         ] GC(2752) User=0.00s Sys=0.00s Real=0.01s
[7.863s][info ][gc             ] GC(2752) Concurrent Mark
[7.863s][info ][gc,task        ] GC(2752) Using 2 workers of 2 for marking
[7.865s][info ][gc,start       ] GC(2753) Pause Young (Allocation Failure)
[7.865s][info ][gc,task        ] GC(2753) Using 8 workers of 8 for evacuation
[7.866s][debug][gc,age         ] GC(2753) Desired survivor size 1114112 bytes, new threshold 1 (max threshold 6)
[7.866s][info ][gc,heap        ] GC(2753) ParNew: 19155K->1570K(19648K)
[7.866s][info ][gc,heap        ] GC(2753) CMS: 22285K->22285K(43712K)
[7.866s][info ][gc,metaspace   ] GC(2753) Metaspace: 5340K->5340K(1056768K)
[7.866s][info ][gc             ] GC(2753) Pause Young (Allocation Failure) 40M->23M(61M) 1.549ms
[7.866s][info ][gc,cpu         ] GC(2753) User=0.01s Sys=0.00s Real=0.00s
[7.867s][info ][gc             ] GC(2752) Concurrent Mark 4.269ms
[7.867s][info ][gc,cpu         ] GC(2752) User=0.02s Sys=0.01s Real=0.00s
[7.867s][info ][gc             ] GC(2752) Concurrent Preclean
[7.867s][info ][gc             ] GC(2752) Concurrent Preclean 0.168ms
[7.868s][info ][gc,cpu         ] GC(2752) User=0.00s Sys=0.00s Real=0.00s
[7.868s][info ][gc             ] GC(2752) Concurrent Abortable Preclean
[7.868s][info ][gc,start       ] GC(2754) Pause Young (Allocation Failure)
[7.868s][info ][gc,task        ] GC(2754) Using 8 workers of 8 for evacuation
[7.869s][debug][gc,age         ] GC(2754) Desired survivor size 1114112 bytes, new threshold 1 (max threshold 6)
[7.869s][info ][gc,heap        ] GC(2754) ParNew: 19010K->1965K(19648K)
[7.869s][info ][gc,heap        ] GC(2754) CMS: 22285K->22286K(43712K)
[7.869s][info ][gc,metaspace   ] GC(2754) Metaspace: 5340K->5340K(1056768K)
[7.869s][info ][gc             ] GC(2754) Pause Young (Allocation Failure) 40M->23M(61M) 1.343ms
[7.869s][info ][gc,cpu         ] GC(2754) User=0.00s Sys=0.00s Real=0.00s
[7.872s][info ][gc,start       ] GC(2755) Pause Young (Allocation Failure)
[7.872s][info ][gc,task        ] GC(2755) Using 8 workers of 8 for evacuation
[7.873s][debug][gc,age         ] GC(2755) Desired survivor size 1114112 bytes, new threshold 6 (max threshold 6)
[7.873s][info ][gc,heap        ] GC(2755) ParNew: 19341K->396K(19648K)
[7.873s][info ][gc,heap        ] GC(2755) CMS: 22286K->23459K(43712K)
[7.873s][info ][gc,metaspace   ] GC(2755) Metaspace: 5340K->5340K(1056768K)
[7.873s][info ][gc             ] GC(2755) Pause Young (Allocation Failure) 40M->23M(61M) 1.711ms
[7.873s][info ][gc,cpu         ] GC(2755) User=0.00s Sys=0.00s Real=0.01s
[7.875s][info ][gc,start       ] GC(2756) Pause Young (Allocation Failure)
[7.875s][info ][gc,task        ] GC(2756) Using 8 workers of 8 for evacuation
[7.877s][debug][gc,age         ] GC(2756) Desired survivor size 1114112 bytes, new threshold 1 (max threshold 6)
[7.877s][info ][gc,heap        ] GC(2756) ParNew: 17657K->1965K(19648K)
[7.877s][info ][gc,heap        ] GC(2756) CMS: 23459K->24630K(43712K)
[7.877s][info ][gc,metaspace   ] GC(2756) Metaspace: 5340K->5340K(1056768K)
[7.877s][info ][gc             ] GC(2756) Pause Young (Allocation Failure) 40M->25M(61M) 2.200ms
[7.878s][info ][gc,cpu         ] GC(2756) User=0.00s Sys=0.00s Real=0.00s
[7.879s][info ][gc,start       ] GC(2757) Pause Young (Allocation Failure)
[7.880s][info ][gc,task        ] GC(2757) Using 8 workers of 8 for evacuation
[7.881s][debug][gc,age         ] GC(2757) Desired survivor size 1114112 bytes, new threshold 1 (max threshold 6)
[7.881s][info ][gc,heap        ] GC(2757) ParNew: 19123K->1182K(19648K)
[7.881s][info ][gc,heap        ] GC(2757) CMS: 24630K->25022K(43712K)
[7.881s][info ][gc,metaspace   ] GC(2757) Metaspace: 5340K->5340K(1056768K)
[7.881s][info ][gc             ] GC(2757) Pause Young (Allocation Failure) 42M->25M(61M) 1.499ms
[7.881s][info ][gc,cpu         ] GC(2757) User=0.01s Sys=0.00s Real=0.00s
[7.883s][info ][gc,start       ] GC(2758) Pause Young (Allocation Failure)
[7.883s][info ][gc,task        ] GC(2758) Using 8 workers of 8 for evacuation
[7.885s][debug][gc,age         ] GC(2758) Desired survivor size 1114112 bytes, new threshold 1 (max threshold 6)
[7.885s][info ][gc,heap        ] GC(2758) ParNew: 18393K->1957K(19648K)
[7.885s][info ][gc,heap        ] GC(2758) CMS: 25022K->25022K(43712K)
[7.885s][info ][gc,metaspace   ] GC(2758) Metaspace: 5340K->5340K(1056768K)
[7.885s][info ][gc             ] GC(2758) Pause Young (Allocation Failure) 42M->26M(61M) 2.096ms
[7.885s][info ][gc,cpu         ] GC(2758) User=0.01s Sys=0.00s Real=0.01s
[7.886s][info ][gc,start       ] GC(2759) Pause Young (Allocation Failure)
[7.886s][info ][gc,task        ] GC(2759) Using 8 workers of 8 for evacuation
[7.887s][debug][gc,age         ] GC(2759) Desired survivor size 1114112 bytes, new threshold 1 (max threshold 6)
[7.887s][info ][gc,heap        ] GC(2759) ParNew: 19360K->1574K(19648K)
[7.887s][info ][gc,heap        ] GC(2759) CMS: 25022K->25804K(43712K)
[7.887s][info ][gc,metaspace   ] GC(2759) Metaspace: 5340K->5340K(1056768K)
[7.887s][info ][gc             ] GC(2759) Pause Young (Allocation Failure) 43M->26M(61M) 0.641ms
[7.887s][info ][gc,cpu         ] GC(2759) User=0.00s Sys=0.00s Real=0.00s
[7.889s][info ][gc,start       ] GC(2760) Pause Young (Allocation Failure)
[7.889s][info ][gc,task        ] GC(2760) Using 8 workers of 8 for evacuation
[7.890s][debug][gc,age         ] GC(2760) Desired survivor size 1114112 bytes, new threshold 1 (max threshold 6)
[7.890s][info ][gc,heap        ] GC(2760) ParNew: 18806K->1959K(19648K)
[7.890s][info ][gc,heap        ] GC(2760) CMS: 25804K->26195K(43712K)
[7.890s][info ][gc,metaspace   ] GC(2760) Metaspace: 5340K->5340K(1056768K)
[7.890s][info ][gc             ] GC(2760) Pause Young (Allocation Failure) 43M->27M(61M) 1.299ms
[7.890s][info ][gc,cpu         ] GC(2760) User=0.01s Sys=0.00s Real=0.00s
[7.892s][info ][gc,start       ] GC(2761) Pause Young (Allocation Failure)
[7.892s][info ][gc,task        ] GC(2761) Using 8 workers of 8 for evacuation
[7.893s][debug][gc,age         ] GC(2761) Desired survivor size 1114112 bytes, new threshold 1 (max threshold 6)
[7.893s][info ][gc,heap        ] GC(2761) ParNew: 19158K->1576K(19648K)
[7.893s][info ][gc,heap        ] GC(2761) CMS: 26195K->26195K(43712K)
[7.893s][info ][gc,metaspace   ] GC(2761) Metaspace: 5340K->5340K(1056768K)
[7.893s][info ][gc             ] GC(2761) Pause Young (Allocation Failure) 44M->27M(61M) 1.252ms
[7.893s][info ][gc,cpu         ] GC(2761) User=0.01s Sys=0.00s Real=0.01s
[7.894s][info ][gc,start       ] GC(2762) Pause Young (Allocation Failure)
[7.894s][info ][gc,task        ] GC(2762) Using 8 workers of 8 for evacuation
[7.896s][debug][gc,age         ] GC(2762) Desired survivor size 1114112 bytes, new threshold 1 (max threshold 6)
[7.896s][info ][gc,heap        ] GC(2762) ParNew: 18960K->1175K(19648K)
[7.896s][info ][gc,heap        ] GC(2762) CMS: 26195K->27368K(43712K)
[7.896s][info ][gc,metaspace   ] GC(2762) Metaspace: 5340K->5340K(1056768K)
[7.896s][info ][gc             ] GC(2762) Pause Young (Allocation Failure) 44M->27M(61M) 2.061ms
[7.896s][info ][gc,cpu         ] GC(2762) User=0.01s Sys=0.00s Real=0.00s
[7.898s][info ][gc,start       ] GC(2763) Pause Young (Allocation Failure)
[7.898s][info ][gc,task        ] GC(2763) Using 8 workers of 8 for evacuation
[7.899s][debug][gc,age         ] GC(2763) Desired survivor size 1114112 bytes, new threshold 1 (max threshold 6)
[7.899s][info ][gc,heap        ] GC(2763) ParNew: 18342K->1568K(19648K)
[7.899s][info ][gc,heap        ] GC(2763) CMS: 27368K->27759K(43712K)
[7.899s][info ][gc,metaspace   ] GC(2763) Metaspace: 5340K->5340K(1056768K)
[7.899s][info ][gc             ] GC(2763) Pause Young (Allocation Failure) 44M->28M(61M) 1.463ms
[7.899s][info ][gc,cpu         ] GC(2763) User=0.01s Sys=0.00s Real=0.00s
[7.901s][info ][gc,start       ] GC(2764) Pause Young (Allocation Failure)
[7.901s][info ][gc,task        ] GC(2764) Using 8 workers of 8 for evacuation
[7.902s][debug][gc,age         ] GC(2764) Desired survivor size 1114112 bytes, new threshold 1 (max threshold 6)
[7.902s][info ][gc,heap        ] GC(2764) ParNew: 18751K->1961K(19648K)
[7.902s][info ][gc,heap        ] GC(2764) CMS: 27759K->28151K(43712K)
[7.902s][info ][gc,metaspace   ] GC(2764) Metaspace: 5340K->5340K(1056768K)
[7.902s][info ][gc             ] GC(2764) Pause Young (Allocation Failure) 45M->29M(61M) 1.517ms
[7.902s][info ][gc,cpu         ] GC(2764) User=0.01s Sys=0.00s Real=0.00s
[7.905s][info ][gc,start       ] GC(2765) Pause Young (Allocation Failure)
[7.905s][info ][gc,task        ] GC(2765) Using 8 workers of 8 for evacuation
[7.906s][debug][gc,age         ] GC(2765) Desired survivor size 1114112 bytes, new threshold 1 (max threshold 6)
[7.906s][info ][gc,heap        ] GC(2765) ParNew: 19407K->1965K(19648K)
[7.906s][info ][gc,heap        ] GC(2765) CMS: 28151K->28933K(43712K)
[7.906s][info ][gc,metaspace   ] GC(2765) Metaspace: 5340K->5340K(1056768K)
[7.906s][info ][gc             ] GC(2765) Pause Young (Allocation Failure) 46M->30M(61M) 1.210ms
[7.906s][info ][gc,cpu         ] GC(2765) User=0.01s Sys=0.00s Real=0.00s
[7.908s][info ][gc,start       ] GC(2766) Pause Young (Allocation Failure)
[7.908s][info ][gc,task        ] GC(2766) Using 8 workers of 8 for evacuation
[7.910s][debug][gc,age         ] GC(2766) Desired survivor size 1114112 bytes, new threshold 1 (max threshold 6)
[7.910s][info ][gc,heap        ] GC(2766) ParNew: 19201K->1961K(19648K)
[7.910s][info ][gc,heap        ] GC(2766) CMS: 28933K->28933K(43712K)
[7.910s][info ][gc,metaspace   ] GC(2766) Metaspace: 5340K->5340K(1056768K)
[7.910s][info ][gc             ] GC(2766) Pause Young (Allocation Failure) 47M->30M(61M) 1.870ms
[7.910s][info ][gc,cpu         ] GC(2766) User=0.00s Sys=0.00s Real=0.00s
[7.911s][info ][gc,start       ] GC(2767) Pause Young (Allocation Failure)
[7.911s][info ][gc,task        ] GC(2767) Using 8 workers of 8 for evacuation
[7.912s][debug][gc,age         ] GC(2767) Desired survivor size 1114112 bytes, new threshold 1 (max threshold 6)
[7.912s][info ][gc,heap        ] GC(2767) ParNew: 19139K->1963K(19648K)
[7.912s][info ][gc,heap        ] GC(2767) CMS: 28933K->29714K(43712K)
[7.912s][info ][gc,metaspace   ] GC(2767) Metaspace: 5340K->5340K(1056768K)
[7.912s][info ][gc             ] GC(2767) Pause Young (Allocation Failure) 46M->30M(61M) 1.342ms
[7.912s][info ][gc,cpu         ] GC(2767) User=0.00s Sys=0.00s Real=0.00s
[7.914s][info ][gc,start       ] GC(2768) Pause Young (Allocation Failure)
[7.914s][info ][gc,task        ] GC(2768) Using 8 workers of 8 for evacuation
[7.915s][debug][gc,age         ] GC(2768) Desired survivor size 1114112 bytes, new threshold 1 (max threshold 6)
[7.915s][info ][gc,heap        ] GC(2768) ParNew: 19065K->1181K(19648K)
[7.915s][info ][gc,heap        ] GC(2768) CMS: 29714K->30106K(43712K)
[7.915s][info ][gc,metaspace   ] GC(2768) Metaspace: 5340K->5340K(1056768K)
[7.916s][info ][gc             ] GC(2768) Pause Young (Allocation Failure) 47M->30M(61M) 1.409ms
[7.916s][info ][gc,cpu         ] GC(2768) User=0.00s Sys=0.00s Real=0.00s
[7.917s][info ][gc,start       ] GC(2769) Pause Young (Allocation Failure)
[7.917s][info ][gc,task        ] GC(2769) Using 8 workers of 8 for evacuation
[7.918s][debug][gc,age         ] GC(2769) Desired survivor size 1114112 bytes, new threshold 1 (max threshold 6)
[7.918s][info ][gc,heap        ] GC(2769) ParNew: 18357K->1959K(19648K)
[7.918s][info ][gc,heap        ] GC(2769) CMS: 30106K->30497K(43712K)
[7.918s][info ][gc,metaspace   ] GC(2769) Metaspace: 5340K->5340K(1056768K)
[7.918s][info ][gc             ] GC(2769) Pause Young (Allocation Failure) 47M->31M(61M) 1.275ms
[7.918s][info ][gc,cpu         ] GC(2769) User=0.00s Sys=0.00s Real=0.00s
[7.920s][info ][gc,start       ] GC(2770) Pause Young (Allocation Failure)
[7.920s][info ][gc,task        ] GC(2770) Using 8 workers of 8 for evacuation
[7.921s][debug][gc,age         ] GC(2770) Desired survivor size 1114112 bytes, new threshold 6 (max threshold 6)
[7.921s][info ][gc,heap        ] GC(2770) ParNew: 19420K->398K(19648K)
[7.921s][info ][gc,heap        ] GC(2770) CMS: 30497K->32060K(43712K)
[7.921s][info ][gc,metaspace   ] GC(2770) Metaspace: 5340K->5340K(1056768K)
[7.921s][info ][gc             ] GC(2770) Pause Young (Allocation Failure) 48M->31M(61M) 1.272ms
[7.921s][info ][gc,cpu         ] GC(2770) User=0.01s Sys=0.00s Real=0.00s
[7.923s][info ][gc,start       ] GC(2771) Pause Young (Allocation Failure)
[7.923s][info ][gc,task        ] GC(2771) Using 8 workers of 8 for evacuation
[7.924s][debug][gc,age         ] GC(2771) Desired survivor size 1114112 bytes, new threshold 1 (max threshold 6)
[7.924s][info ][gc,heap        ] GC(2771) ParNew: 17499K->1959K(19648K)
[7.924s][info ][gc,heap        ] GC(2771) CMS: 32060K->32060K(43712K)
[7.924s][info ][gc,metaspace   ] GC(2771) Metaspace: 5340K->5340K(1056768K)
[7.924s][info ][gc             ] GC(2771) Pause Young (Allocation Failure) 48M->33M(61M) 1.196ms
[7.924s][info ][gc,cpu         ] GC(2771) User=0.00s Sys=0.00s Real=0.01s
[7.925s][info ][gc,start       ] GC(2772) Pause Young (Allocation Failure)
[7.925s][info ][gc,task        ] GC(2772) Using 8 workers of 8 for evacuation
[7.926s][debug][gc,age         ] GC(2772) Desired survivor size 1114112 bytes, new threshold 1 (max threshold 6)
[7.926s][info ][gc,heap        ] GC(2772) ParNew: 19128K->1574K(19648K)
[7.926s][info ][gc,heap        ] GC(2772) CMS: 32060K->32452K(43712K)
[7.926s][info ][gc,metaspace   ] GC(2772) Metaspace: 5340K->5340K(1056768K)
[7.926s][info ][gc             ] GC(2772) Pause Young (Allocation Failure) 49M->33M(61M) 1.315ms
[7.926s][info ][gc,cpu         ] GC(2772) User=0.01s Sys=0.00s Real=0.00s
[7.928s][info ][gc,start       ] GC(2773) Pause Young (Allocation Failure)
[7.928s][info ][gc,task        ] GC(2773) Using 8 workers of 8 for evacuation
[7.929s][debug][gc,age         ] GC(2773) Desired survivor size 1114112 bytes, new threshold 1 (max threshold 6)
[7.929s][info ][gc,heap        ] GC(2773) ParNew: 18732K->1965K(19648K)
[7.929s][info ][gc,heap        ] GC(2773) CMS: 32452K->33233K(43712K)
[7.929s][info ][gc,metaspace   ] GC(2773) Metaspace: 5340K->5340K(1056768K)
[7.929s][info ][gc             ] GC(2773) Pause Young (Allocation Failure) 49M->34M(61M) 0.794ms
[7.929s][info ][gc,cpu         ] GC(2773) User=0.01s Sys=0.00s Real=0.00s
[7.930s][info ][gc,start       ] GC(2774) Pause Young (Allocation Failure)
[7.930s][info ][gc,task        ] GC(2774) Using 8 workers of 8 for evacuation
[7.931s][debug][gc,age         ] GC(2774) Desired survivor size 1114112 bytes, new threshold 1 (max threshold 6)
[7.931s][info ][gc,heap        ] GC(2774) ParNew: 19177K->1967K(19648K)
[7.931s][info ][gc,heap        ] GC(2774) CMS: 33233K->33234K(43712K)
[7.931s][info ][gc,metaspace   ] GC(2774) Metaspace: 5340K->5340K(1056768K)
[7.931s][info ][gc             ] GC(2774) Pause Young (Allocation Failure) 51M->34M(61M) 1.221ms
[7.931s][info ][gc,cpu         ] GC(2774) User=0.01s Sys=0.00s Real=0.00s
[7.932s][info ][gc,start       ] GC(2775) Pause Young (Allocation Failure)
[7.932s][info ][gc,task        ] GC(2775) Using 8 workers of 8 for evacuation
[7.933s][debug][gc,age         ] GC(2775) Desired survivor size 1114112 bytes, new threshold 1 (max threshold 6)
[7.934s][info ][gc,heap        ] GC(2775) ParNew: 19111K->1961K(19648K)
[7.934s][info ][gc,heap        ] GC(2775) CMS: 33234K->33234K(43712K)
[7.934s][info ][gc,metaspace   ] GC(2775) Metaspace: 5340K->5340K(1056768K)
[7.934s][info ][gc             ] GC(2775) Pause Young (Allocation Failure) 51M->34M(61M) 1.189ms
[7.934s][info ][gc,cpu         ] GC(2775) User=0.00s Sys=0.00s Real=0.01s
[7.935s][info ][gc,start       ] GC(2776) Pause Young (Allocation Failure)
[7.935s][info ][gc,task        ] GC(2776) Using 8 workers of 8 for evacuation
[7.936s][debug][gc,age         ] GC(2776) Desired survivor size 1114112 bytes, new threshold 1 (max threshold 6)
[7.936s][info ][gc,heap        ] GC(2776) ParNew: 19426K->1959K(19648K)
[7.936s][info ][gc,heap        ] GC(2776) CMS: 33234K->34016K(43712K)
[7.936s][info ][gc,metaspace   ] GC(2776) Metaspace: 5340K->5340K(1056768K)
[7.936s][info ][gc             ] GC(2776) Pause Young (Allocation Failure) 51M->35M(61M) 1.420ms
[7.936s][info ][gc,cpu         ] GC(2776) User=0.00s Sys=0.00s Real=0.00s
[7.938s][info ][gc,start       ] GC(2777) Pause Young (Allocation Failure)
[7.938s][info ][gc,task        ] GC(2777) Using 8 workers of 8 for evacuation
[7.938s][debug][gc,age         ] GC(2777) Desired survivor size 1114112 bytes, new threshold 1 (max threshold 6)
[7.938s][info ][gc,heap        ] GC(2777) ParNew: 19168K->1965K(19648K)
[7.938s][info ][gc,heap        ] GC(2777) CMS: 34016K->34797K(43712K)
[7.938s][info ][gc,metaspace   ] GC(2777) Metaspace: 5340K->5340K(1056768K)
[7.938s][info ][gc             ] GC(2777) Pause Young (Allocation Failure) 51M->35M(61M) 0.820ms
[7.938s][info ][gc,cpu         ] GC(2777) User=0.00s Sys=0.00s Real=0.00s
[7.940s][info ][gc,start       ] GC(2778) Pause Young (Allocation Failure)
[7.940s][info ][gc,task        ] GC(2778) Using 8 workers of 8 for evacuation
[7.941s][debug][gc,age         ] GC(2778) Desired survivor size 1114112 bytes, new threshold 1 (max threshold 6)
[7.941s][info ][gc,heap        ] GC(2778) ParNew: 19412K->1179K(19648K)
[7.941s][info ][gc,heap        ] GC(2778) CMS: 34797K->35579K(43712K)
[7.941s][info ][gc,metaspace   ] GC(2778) Metaspace: 5340K->5340K(1056768K)
[7.941s][info ][gc             ] GC(2778) Pause Young (Allocation Failure) 52M->35M(61M) 1.095ms
[7.941s][info ][gc,cpu         ] GC(2778) User=0.01s Sys=0.00s Real=0.00s
[7.943s][info ][gc,start       ] GC(2779) Pause Young (Allocation Failure)
[7.943s][info ][gc,task        ] GC(2779) Using 8 workers of 8 for evacuation
[7.944s][debug][gc,age         ] GC(2779) Desired survivor size 1114112 bytes, new threshold 1 (max threshold 6)
[7.944s][info ][gc,heap        ] GC(2779) ParNew: 18651K->1963K(19648K)
[7.944s][info ][gc,heap        ] GC(2779) CMS: 35579K->35970K(43712K)
[7.944s][info ][gc,metaspace   ] GC(2779) Metaspace: 5340K->5340K(1056768K)
[7.944s][info ][gc             ] GC(2779) Pause Young (Allocation Failure) 52M->37M(61M) 1.128ms
[7.944s][info ][gc,cpu         ] GC(2779) User=0.01s Sys=0.00s Real=0.01s
[7.945s][info ][gc,start       ] GC(2780) Pause Young (Allocation Failure)
[7.945s][info ][gc,task        ] GC(2780) Using 8 workers of 8 for evacuation
[7.946s][debug][gc,age         ] GC(2780) Desired survivor size 1114112 bytes, new threshold 1 (max threshold 6)
[7.946s][info ][gc,heap        ] GC(2780) ParNew: 19127K->1967K(19648K)
[7.946s][info ][gc,heap        ] GC(2780) CMS: 35970K->36361K(43712K)
[7.946s][info ][gc,metaspace   ] GC(2780) Metaspace: 5340K->5340K(1056768K)
[7.946s][info ][gc             ] GC(2780) Pause Young (Allocation Failure) 53M->37M(61M) 1.432ms
[7.946s][info ][gc,cpu         ] GC(2780) User=0.00s Sys=0.00s Real=0.00s
[7.948s][info ][gc,start       ] GC(2781) Pause Young (Allocation Failure)
[7.948s][info ][gc,task        ] GC(2781) Using 8 workers of 8 for evacuation
[7.949s][debug][gc,age         ] GC(2781) Desired survivor size 1114112 bytes, new threshold 1 (max threshold 6)
[7.949s][info ][gc,heap        ] GC(2781) ParNew: 19439K->1572K(19648K)
[7.949s][info ][gc,heap        ] GC(2781) CMS: 36361K->37534K(43712K)
[7.949s][info ][gc,metaspace   ] GC(2781) Metaspace: 5340K->5340K(1056768K)
[7.949s][info ][gc             ] GC(2781) Pause Young (Allocation Failure) 54M->38M(61M) 1.214ms
[7.949s][info ][gc,cpu         ] GC(2781) User=0.00s Sys=0.00s Real=0.00s
[7.951s][info ][gc,start       ] GC(2782) Pause Young (Allocation Failure)
[7.951s][info ][gc,task        ] GC(2782) Using 8 workers of 8 for evacuation
[7.952s][debug][gc,age         ] GC(2782) Desired survivor size 1114112 bytes, new threshold 1 (max threshold 6)
[7.952s][info ][gc,heap        ] GC(2782) ParNew: 19042K->1570K(19648K)
[7.952s][info ][gc,heap        ] GC(2782) CMS: 37534K->38316K(43712K)
[7.952s][info ][gc,metaspace   ] GC(2782) Metaspace: 5340K->5340K(1056768K)
[7.952s][info ][gc             ] GC(2782) Pause Young (Allocation Failure) 55M->38M(61M) 1.132ms
[7.952s][info ][gc,cpu         ] GC(2782) User=0.00s Sys=0.00s Real=0.00s
[7.953s][info ][gc,start       ] GC(2783) Pause Young (Allocation Failure)
[7.953s][info ][gc,task        ] GC(2783) Using 8 workers of 8 for evacuation
[7.954s][debug][gc,age         ] GC(2783) Desired survivor size 1114112 bytes, new threshold 1 (max threshold 6)
[7.954s][info ][gc,heap        ] GC(2783) ParNew: 18798K->1967K(19648K)
[7.954s][info ][gc,heap        ] GC(2783) CMS: 38316K->38707K(43712K)
[7.954s][info ][gc,metaspace   ] GC(2783) Metaspace: 5340K->5340K(1056768K)
[7.954s][info ][gc             ] GC(2783) Pause Young (Allocation Failure) 55M->39M(61M) 1.132ms
[7.954s][info ][gc,cpu         ] GC(2783) User=0.01s Sys=0.00s Real=0.00s
[7.956s][info ][gc,start       ] GC(2784) Pause Young (Allocation Failure)
[7.956s][info ][gc,task        ] GC(2784) Using 8 workers of 8 for evacuation
[7.957s][debug][gc,age         ] GC(2784) Desired survivor size 1114112 bytes, new threshold 1 (max threshold 6)
[7.957s][info ][gc,heap        ] GC(2784) ParNew: 19163K->1969K(19648K)
[7.957s][info ][gc,heap        ] GC(2784) CMS: 38707K->39879K(43712K)
[7.957s][info ][gc,metaspace   ] GC(2784) Metaspace: 5340K->5340K(1056768K)
[7.957s][info ][gc             ] GC(2784) Pause Young (Allocation Failure) 56M->40M(61M) 1.954ms
[7.957s][info ][gc,cpu         ] GC(2784) User=0.01s Sys=0.00s Real=0.00s
[7.959s][info ][gc,start       ] GC(2785) Pause Young (Allocation Failure)
[7.959s][info ][gc,task        ] GC(2785) Using 8 workers of 8 for evacuation
[7.960s][debug][gc,age         ] GC(2785) Desired survivor size 1114112 bytes, new threshold 1 (max threshold 6)
[7.960s][info ][gc,heap        ] GC(2785) ParNew: 19403K->1184K(19648K)
[7.960s][info ][gc,heap        ] GC(2785) CMS: 39879K->41052K(43712K)
[7.960s][info ][gc,metaspace   ] GC(2785) Metaspace: 5340K->5340K(1056768K)
[7.960s][info ][gc             ] GC(2785) Pause Young (Allocation Failure) 57M->41M(61M) 1.452ms
[7.960s][info ][gc,cpu         ] GC(2785) User=0.00s Sys=0.00s Real=0.00s
[7.962s][info ][gc,start       ] GC(2786) Pause Young (Allocation Failure)
[7.962s][info ][gc,task        ] GC(2786) Using 8 workers of 8 for evacuation
[7.962s][debug][gc,age         ] GC(2786) Desired survivor size 1114112 bytes, new threshold 1 (max threshold 6)
[7.962s][info ][gc,heap        ] GC(2786) ParNew: 18395K->1576K(19648K)
[7.962s][info ][gc,heap        ] GC(2786) CMS: 41052K->41834K(43712K)
[7.962s][info ][gc,metaspace   ] GC(2786) Metaspace: 5340K->5340K(1056768K)
[7.962s][info ][gc             ] GC(2786) Pause Young (Allocation Failure) 58M->42M(61M) 0.568ms
[7.962s][info ][gc,cpu         ] GC(2786) User=0.00s Sys=0.00s Real=0.00s
[7.963s][info ][gc,start       ] GC(2787) Pause Young (Allocation Failure)
[7.963s][info ][gc,task        ] GC(2787) Using 8 workers of 8 for evacuation
[7.965s][debug][gc,age         ] GC(2787) Desired survivor size 1114112 bytes, new threshold 1 (max threshold 6)
[7.965s][info ][gc,heap        ] GC(2787) ParNew: 18706K->1961K(19648K)
[7.965s][info ][gc,heap        ] GC(2787) CMS: 41834K->42225K(43712K)
[7.965s][info ][gc,metaspace   ] GC(2787) Metaspace: 5340K->5340K(1056768K)
[7.965s][info ][gc             ] GC(2787) Pause Young (Allocation Failure) 59M->43M(61M) 1.180ms
[7.965s][info ][gc,cpu         ] GC(2787) User=0.00s Sys=0.00s Real=0.00s
[7.966s][info ][gc,start       ] GC(2788) Pause Young (Allocation Failure)
[7.966s][info ][gc,task        ] GC(2788) Using 8 workers of 8 for evacuation
[7.967s][debug][gc,age         ] GC(2788) Desired survivor size 1114112 bytes, new threshold 1 (max threshold 6)
[7.967s][info ][gc,heap        ] GC(2788) ParNew: 19414K->1568K(19648K)
[7.967s][info ][gc,heap        ] GC(2788) CMS: 42225K->43008K(43712K)
[7.967s][info ][gc,metaspace   ] GC(2788) Metaspace: 5340K->5340K(1056768K)
[7.967s][info ][gc             ] GC(2788) Pause Young (Allocation Failure) 60M->43M(61M) 1.284ms
[7.967s][info ][gc,cpu         ] GC(2788) User=0.00s Sys=0.00s Real=0.00s
[7.968s][info ][gc             ] GC(2752) Concurrent Abortable Preclean 99.975ms
[7.968s][info ][gc,cpu         ] GC(2752) User=0.38s Sys=0.01s Real=0.10s
[7.969s][info ][gc,start       ] GC(2789) Pause Young (Allocation Failure)
[7.969s][info ][gc,task        ] GC(2789) Using 8 workers of 8 for evacuation
[7.969s][info ][gc,start       ] GC(2790) Pause Full (Allocation Failure)
[7.969s][info ][gc,phases,start] GC(2790) Phase 1: Mark live objects
[7.970s][debug][gc,phases      ] GC(2790) Reference Processing 0.021ms
[7.970s][debug][gc,phases      ] GC(2790) Weak Processing 0.003ms
[7.970s][debug][gc,phases      ] GC(2790) ClassLoaderData 0.008ms
[7.970s][debug][gc,phases      ] GC(2790) ProtectionDomainCacheTable 0.002ms
[7.970s][debug][gc,phases      ] GC(2790) ResolvedMethodTable 0.005ms
[7.970s][debug][gc,phases      ] GC(2790) Class Unloading 0.182ms
[7.971s][debug][gc,phases      ] GC(2790) Scrub String Table 0.019ms
[7.971s][debug][gc,phases      ] GC(2790) Scrub Symbol Table 0.461ms
[7.971s][info ][gc,phases      ] GC(2790) Phase 1: Mark live objects 1.791ms
[7.971s][info ][gc,phases,start] GC(2790) Phase 2: Compute new object addresses
[7.971s][info ][gc,phases      ] GC(2790) Phase 2: Compute new object addresses 0.473ms
[7.971s][info ][gc,phases,start] GC(2790) Phase 3: Adjust pointers
[7.973s][info ][gc,phases      ] GC(2790) Phase 3: Adjust pointers 1.137ms
[7.973s][info ][gc,phases,start] GC(2790) Phase 4: Move objects
[7.973s][info ][gc,phases      ] GC(2790) Phase 4: Move objects 0.453ms
[7.973s][info ][gc             ] GC(2790) Pause Full (Allocation Failure) 60M->3M(61M) 4.174ms
[7.973s][info ][gc,heap        ] GC(2789) ParNew: 19018K->0K(19648K)
[7.973s][info ][gc,heap        ] GC(2789) CMS: 43008K->3893K(43712K)
[7.973s][info ][gc,metaspace   ] GC(2789) Metaspace: 5340K->5340K(1056768K)
[7.973s][info ][gc             ] GC(2789) Pause Young (Allocation Failure) 60M->3M(61M) 4.304ms
[7.973s][info ][gc,cpu         ] GC(2789) User=0.00s Sys=0.00s Real=0.01s
[7.974s][info ][gc,heap        ] GC(2752) Old: 22285K->3893K(43712K)
[7.975s][info ][gc,start       ] GC(2791) Pause Young (Allocation Failure)
[7.975s][info ][gc,task        ] GC(2791) Using 8 workers of 8 for evacuation
[7.976s][debug][gc,age         ] GC(2791) Desired survivor size 1114112 bytes, new threshold 1 (max threshold 6)
[7.976s][info ][gc,heap        ] GC(2791) ParNew: 17246K->1963K(19648K)
[7.976s][info ][gc,heap        ] GC(2791) CMS: 3893K->4286K(43712K)
[7.976s][info ][gc,metaspace   ] GC(2791) Metaspace: 5340K->5340K(1056768K)
[7.976s][info ][gc             ] GC(2791) Pause Young (Allocation Failure) 20M->6M(61M) 0.723ms
[7.976s][info ][gc,cpu         ] GC(2791) User=0.00s Sys=0.00s Real=0.00s
[7.977s][info ][gc,start       ] GC(2792) Pause Young (Allocation Failure)
[7.977s][info ][gc,task        ] GC(2792) Using 8 workers of 8 for evacuation
[7.978s][debug][gc,age         ] GC(2792) Desired survivor size 1114112 bytes, new threshold 1 (max threshold 6)
[7.978s][info ][gc,heap        ] GC(2792) ParNew: 19171K->1963K(19648K)
[7.978s][info ][gc,heap        ] GC(2792) CMS: 4286K->5076K(43712K)
[7.978s][info ][gc,metaspace   ] GC(2792) Metaspace: 5340K->5340K(1056768K)
[7.978s][info ][gc             ] GC(2792) Pause Young (Allocation Failure) 22M->6M(61M) 1.023ms
[7.978s][info ][gc,cpu         ] GC(2792) User=0.00s Sys=0.01s Real=0.00s
[7.979s][info ][gc,start       ] GC(2793) Pause Young (Allocation Failure)
[7.979s][info ][gc,task        ] GC(2793) Using 8 workers of 8 for evacuation
[7.981s][debug][gc,age         ] GC(2793) Desired survivor size 1114112 bytes, new threshold 1 (max threshold 6)
[7.981s][info ][gc,heap        ] GC(2793) ParNew: 19435K->1181K(19648K)
[7.981s][info ][gc,heap        ] GC(2793) CMS: 5076K->6251K(43712K)
[7.981s][info ][gc,metaspace   ] GC(2793) Metaspace: 5340K->5340K(1056768K)
[7.981s][info ][gc             ] GC(2793) Pause Young (Allocation Failure) 23M->7M(61M) 1.299ms
[7.981s][info ][gc,cpu         ] GC(2793) User=0.00s Sys=0.00s Real=0.00s
[7.982s][info ][gc,start       ] GC(2794) Pause Young (Allocation Failure)
[7.982s][info ][gc,task        ] GC(2794) Using 8 workers of 8 for evacuation
[7.983s][debug][gc,age         ] GC(2794) Desired survivor size 1114112 bytes, new threshold 1 (max threshold 6)
[7.983s][info ][gc,heap        ] GC(2794) ParNew: 18374K->1963K(19648K)
[7.983s][info ][gc,heap        ] GC(2794) CMS: 6251K->6643K(43712K)
[7.983s][info ][gc,metaspace   ] GC(2794) Metaspace: 5340K->5340K(1056768K)
[7.983s][info ][gc             ] GC(2794) Pause Young (Allocation Failure) 24M->8M(61M) 1.139ms
[7.983s][info ][gc,cpu         ] GC(2794) User=0.00s Sys=0.00s Real=0.01s
[7.984s][info ][gc,start       ] GC(2795) Pause Young (Allocation Failure)
[7.984s][info ][gc,task        ] GC(2795) Using 8 workers of 8 for evacuation
[7.985s][debug][gc,age         ] GC(2795) Desired survivor size 1114112 bytes, new threshold 1 (max threshold 6)
[7.985s][info ][gc,heap        ] GC(2795) ParNew: 19395K->1181K(19648K)
[7.985s][info ][gc,heap        ] GC(2795) CMS: 6643K->7428K(43712K)
[7.985s][info ][gc,metaspace   ] GC(2795) Metaspace: 5340K->5340K(1056768K)
[7.986s][info ][gc             ] GC(2795) Pause Young (Allocation Failure) 25M->8M(61M) 1.149ms
[7.986s][info ][gc,cpu         ] GC(2795) User=0.00s Sys=0.00s Real=0.00s
[7.987s][info ][gc,start       ] GC(2796) Pause Young (Allocation Failure)
[7.987s][info ][gc,task        ] GC(2796) Using 8 workers of 8 for evacuation
[7.988s][debug][gc,age         ] GC(2796) Desired survivor size 1114112 bytes, new threshold 1 (max threshold 6)
[7.988s][info ][gc,heap        ] GC(2796) ParNew: 18391K->1963K(19648K)
[7.988s][info ][gc,heap        ] GC(2796) CMS: 7428K->7819K(43712K)
[7.988s][info ][gc,metaspace   ] GC(2796) Metaspace: 5340K->5340K(1056768K)
[7.988s][info ][gc             ] GC(2796) Pause Young (Allocation Failure) 25M->9M(61M) 1.144ms
[7.988s][info ][gc,cpu         ] GC(2796) User=0.00s Sys=0.00s Real=0.00s
[7.990s][info ][gc,start       ] GC(2797) Pause Young (Allocation Failure)
[7.990s][info ][gc,task        ] GC(2797) Using 8 workers of 8 for evacuation
[7.991s][debug][gc,age         ] GC(2797) Desired survivor size 1114112 bytes, new threshold 1 (max threshold 6)
[7.991s][info ][gc,heap        ] GC(2797) ParNew: 19106K->1965K(19648K)
[7.991s][info ][gc,heap        ] GC(2797) CMS: 7819K->8210K(43712K)
[7.991s][info ][gc,metaspace   ] GC(2797) Metaspace: 5340K->5340K(1056768K)
[7.991s][info ][gc             ] GC(2797) Pause Young (Allocation Failure) 26M->9M(61M) 1.269ms
[7.991s][info ][gc,cpu         ] GC(2797) User=0.01s Sys=0.00s Real=0.00s
[7.992s][info ][gc,start       ] GC(2798) Pause Young (Allocation Failure)
[7.992s][info ][gc,task        ] GC(2798) Using 8 workers of 8 for evacuation
[7.994s][debug][gc,age         ] GC(2798) Desired survivor size 1114112 bytes, new threshold 1 (max threshold 6)
[7.994s][info ][gc,heap        ] GC(2798) ParNew: 19149K->1965K(19648K)
[7.994s][info ][gc,heap        ] GC(2798) CMS: 8210K->9382K(43712K)
[7.994s][info ][gc,metaspace   ] GC(2798) Metaspace: 5340K->5340K(1056768K)
[7.994s][info ][gc             ] GC(2798) Pause Young (Allocation Failure) 26M->11M(61M) 1.370ms
[7.994s][info ][gc,cpu         ] GC(2798) User=0.01s Sys=0.00s Real=0.01s
[7.995s][info ][gc,start       ] GC(2799) Pause Young (Allocation Failure)
[7.995s][info ][gc,task        ] GC(2799) Using 8 workers of 8 for evacuation
[7.996s][debug][gc,age         ] GC(2799) Desired survivor size 1114112 bytes, new threshold 1 (max threshold 6)
[7.997s][info ][gc,heap        ] GC(2799) ParNew: 19437K->1965K(19648K)
[7.997s][info ][gc,heap        ] GC(2799) CMS: 9382K->10554K(43712K)
[7.997s][info ][gc,metaspace   ] GC(2799) Metaspace: 5340K->5340K(1056768K)
[7.997s][info ][gc             ] GC(2799) Pause Young (Allocation Failure) 28M->12M(61M) 1.111ms
[7.997s][info ][gc,cpu         ] GC(2799) User=0.00s Sys=0.00s Real=0.00s
[7.998s][info ][gc,start       ] GC(2800) Pause Young (Allocation Failure)
[7.998s][info ][gc,task        ] GC(2800) Using 8 workers of 8 for evacuation
[7.999s][debug][gc,age         ] GC(2800) Desired survivor size 1114112 bytes, new threshold 1 (max threshold 6)
[7.999s][info ][gc,heap        ] GC(2800) ParNew: 19437K->1568K(19648K)
[7.999s][info ][gc,heap        ] GC(2800) CMS: 10554K->11336K(43712K)
[7.999s][info ][gc,metaspace   ] GC(2800) Metaspace: 5340K->5340K(1056768K)
[7.999s][info ][gc             ] GC(2800) Pause Young (Allocation Failure) 29M->12M(61M) 1.293ms
[7.999s][info ][gc,cpu         ] GC(2800) User=0.00s Sys=0.00s Real=0.00s
[8.000s][info ][gc,start       ] GC(2801) Pause Young (Allocation Failure)
[8.001s][info ][gc,task        ] GC(2801) Using 8 workers of 8 for evacuation
[8.002s][debug][gc,age         ] GC(2801) Desired survivor size 1114112 bytes, new threshold 6 (max threshold 6)
[8.002s][info ][gc,heap        ] GC(2801) ParNew: 18655K->787K(19648K)
[8.002s][info ][gc,heap        ] GC(2801) CMS: 11336K->12118K(43712K)
[8.002s][info ][gc,metaspace   ] GC(2801) Metaspace: 5340K->5340K(1056768K)
[8.002s][info ][gc             ] GC(2801) Pause Young (Allocation Failure) 29M->12M(61M) 1.179ms
[8.002s][info ][gc,cpu         ] GC(2801) User=0.00s Sys=0.00s Real=0.00s
[8.003s][info ][gc,start       ] GC(2802) Pause Young (Allocation Failure)
[8.003s][info ][gc,task        ] GC(2802) Using 8 workers of 8 for evacuation
[8.004s][debug][gc,age         ] GC(2802) Desired survivor size 1114112 bytes, new threshold 1 (max threshold 6)
[8.004s][info ][gc,heap        ] GC(2802) ParNew: 18240K->1967K(19648K)
[8.004s][info ][gc,heap        ] GC(2802) CMS: 12118K->12509K(43712K)
[8.004s][info ][gc,metaspace   ] GC(2802) Metaspace: 5340K->5340K(1056768K)
[8.004s][info ][gc             ] GC(2802) Pause Young (Allocation Failure) 29M->14M(61M) 0.605ms
[8.004s][info ][gc,cpu         ] GC(2802) User=0.01s Sys=0.00s Real=0.00s
[8.005s][info ][gc,start       ] GC(2803) Pause Young (Allocation Failure)
[8.005s][info ][gc,task        ] GC(2803) Using 8 workers of 8 for evacuation
[8.006s][debug][gc,age         ] GC(2803) Desired survivor size 1114112 bytes, new threshold 1 (max threshold 6)
[8.006s][info ][gc,heap        ] GC(2803) ParNew: 19208K->1959K(19648K)
[8.006s][info ][gc,heap        ] GC(2803) CMS: 12509K->12509K(43712K)
[8.006s][info ][gc,metaspace   ] GC(2803) Metaspace: 5340K->5340K(1056768K)
[8.006s][info ][gc             ] GC(2803) Pause Young (Allocation Failure) 30M->14M(61M) 1.257ms
[8.006s][info ][gc,cpu         ] GC(2803) User=0.01s Sys=0.00s Real=0.00s
[8.008s][info ][gc,start       ] GC(2804) Pause Young (Allocation Failure)
[8.008s][info ][gc,task        ] GC(2804) Using 8 workers of 8 for evacuation
[8.009s][debug][gc,age         ] GC(2804) Desired survivor size 1114112 bytes, new threshold 1 (max threshold 6)
[8.009s][info ][gc,heap        ] GC(2804) ParNew: 19416K->1961K(19648K)
[8.009s][info ][gc,heap        ] GC(2804) CMS: 12509K->12901K(43712K)
[8.009s][info ][gc,metaspace   ] GC(2804) Metaspace: 5340K->5340K(1056768K)
[8.009s][info ][gc             ] GC(2804) Pause Young (Allocation Failure) 31M->14M(61M) 1.629ms
[8.009s][info ][gc,cpu         ] GC(2804) User=0.01s Sys=0.00s Real=0.00s
[8.011s][info ][gc,start       ] GC(2805) Pause Young (Allocation Failure)
[8.011s][info ][gc,task        ] GC(2805) Using 8 workers of 8 for evacuation
[8.012s][debug][gc,age         ] GC(2805) Desired survivor size 1114112 bytes, new threshold 1 (max threshold 6)
[8.012s][info ][gc,heap        ] GC(2805) ParNew: 19404K->1572K(19648K)
[8.012s][info ][gc,heap        ] GC(2805) CMS: 12901K->13683K(43712K)
[8.012s][info ][gc,metaspace   ] GC(2805) Metaspace: 5340K->5340K(1056768K)
[8.012s][info ][gc             ] GC(2805) Pause Young (Allocation Failure) 31M->14M(61M) 1.456ms
[8.012s][info ][gc,cpu         ] GC(2805) User=0.01s Sys=0.00s Real=0.00s
[8.014s][info ][gc,start       ] GC(2806) Pause Young (Allocation Failure)
[8.014s][info ][gc,task        ] GC(2806) Using 8 workers of 8 for evacuation
[8.015s][debug][gc,age         ] GC(2806) Desired survivor size 1114112 bytes, new threshold 1 (max threshold 6)
[8.015s][info ][gc,heap        ] GC(2806) ParNew: 18767K->1959K(19648K)
[8.015s][info ][gc,heap        ] GC(2806) CMS: 13683K->14073K(43712K)
[8.015s][info ][gc,metaspace   ] GC(2806) Metaspace: 5340K->5340K(1056768K)
[8.015s][info ][gc             ] GC(2806) Pause Young (Allocation Failure) 31M->15M(61M) 1.387ms
[8.015s][info ][gc,cpu         ] GC(2806) User=0.00s Sys=0.00s Real=0.00s
[8.017s][info ][gc,start       ] GC(2807) Pause Young (Allocation Failure)
[8.017s][info ][gc,task        ] GC(2807) Using 8 workers of 8 for evacuation
[8.018s][debug][gc,age         ] GC(2807) Desired survivor size 1114112 bytes, new threshold 1 (max threshold 6)
[8.018s][info ][gc,heap        ] GC(2807) ParNew: 19202K->1961K(19648K)
[8.018s][info ][gc,heap        ] GC(2807) CMS: 14073K->14855K(43712K)
[8.018s][info ][gc,metaspace   ] GC(2807) Metaspace: 5340K->5340K(1056768K)
[8.018s][info ][gc             ] GC(2807) Pause Young (Allocation Failure) 32M->16M(61M) 1.412ms
[8.018s][info ][gc,cpu         ] GC(2807) User=0.00s Sys=0.00s Real=0.00s
[8.019s][info ][gc,start       ] GC(2808) Pause Young (Allocation Failure)
[8.019s][info ][gc,task        ] GC(2808) Using 8 workers of 8 for evacuation
[8.021s][debug][gc,age         ] GC(2808) Desired survivor size 1114112 bytes, new threshold 1 (max threshold 6)
[8.021s][info ][gc,heap        ] GC(2808) ParNew: 19168K->1967K(19648K)
[8.021s][info ][gc,heap        ] GC(2808) CMS: 14855K->15636K(43712K)
[8.021s][info ][gc,metaspace   ] GC(2808) Metaspace: 5340K->5340K(1056768K)
[8.021s][info ][gc             ] GC(2808) Pause Young (Allocation Failure) 33M->17M(61M) 1.282ms
[8.021s][info ][gc,cpu         ] GC(2808) User=0.01s Sys=0.00s Real=0.00s
[8.022s][info ][gc,start       ] GC(2809) Pause Young (Allocation Failure)
[8.022s][info ][gc,task        ] GC(2809) Using 8 workers of 8 for evacuation
[8.023s][debug][gc,age         ] GC(2809) Desired survivor size 1114112 bytes, new threshold 1 (max threshold 6)
[8.023s][info ][gc,heap        ] GC(2809) ParNew: 19096K->1963K(19648K)
[8.023s][info ][gc,heap        ] GC(2809) CMS: 15636K->17199K(43712K)
[8.023s][info ][gc,metaspace   ] GC(2809) Metaspace: 5340K->5340K(1056768K)
[8.024s][info ][gc             ] GC(2809) Pause Young (Allocation Failure) 33M->18M(61M) 1.434ms
[8.024s][info ][gc,cpu         ] GC(2809) User=0.00s Sys=0.00s Real=0.01s
[8.024s][info ][gc,start       ] GC(2810) Pause Initial Mark
[8.024s][info ][gc             ] GC(2810) Pause Initial Mark 19M->19M(61M) 0.109ms
[8.024s][info ][gc,cpu         ] GC(2810) User=0.00s Sys=0.00s Real=0.00s
[8.024s][info ][gc             ] GC(2810) Concurrent Mark
[8.024s][info ][gc,task        ] GC(2810) Using 2 workers of 2 for marking
[8.025s][info ][gc,start       ] GC(2811) Pause Young (Allocation Failure)
[8.025s][info ][gc,task        ] GC(2811) Using 8 workers of 8 for evacuation
[8.026s][debug][gc,age         ] GC(2811) Desired survivor size 1114112 bytes, new threshold 6 (max threshold 6)
[8.026s][info ][gc,heap        ] GC(2811) ParNew: 19150K->402K(19648K)
[8.026s][info ][gc,heap        ] GC(2811) CMS: 17199K->17199K(43712K)
[8.026s][info ][gc,metaspace   ] GC(2811) Metaspace: 5340K->5340K(1056768K)
[8.026s][info ][gc             ] GC(2811) Pause Young (Allocation Failure) 35M->17M(61M) 0.554ms
[8.026s][info ][gc,cpu         ] GC(2811) User=0.00s Sys=0.00s Real=0.00s
[8.027s][info ][gc,start       ] GC(2812) Pause Young (Allocation Failure)
[8.027s][info ][gc,task        ] GC(2812) Using 8 workers of 8 for evacuation
[8.028s][debug][gc,age         ] GC(2812) Desired survivor size 1114112 bytes, new threshold 1 (max threshold 6)
[8.028s][info ][gc,heap        ] GC(2812) ParNew: 17573K->1961K(19648K)
[8.028s][info ][gc,heap        ] GC(2812) CMS: 17199K->17199K(43712K)
[8.028s][info ][gc,metaspace   ] GC(2812) Metaspace: 5340K->5340K(1056768K)
[8.028s][info ][gc             ] GC(2812) Pause Young (Allocation Failure) 33M->18M(61M) 1.348ms
[8.028s][info ][gc,cpu         ] GC(2812) User=0.01s Sys=0.00s Real=0.00s
[8.030s][info ][gc             ] GC(2810) Concurrent Mark 6.179ms
[8.030s][info ][gc,cpu         ] GC(2810) User=0.03s Sys=0.00s Real=0.00s
[8.030s][info ][gc,start       ] GC(2813) Pause Young (Allocation Failure)
[8.030s][info ][gc,task        ] GC(2813) Using 8 workers of 8 for evacuation
[8.032s][debug][gc,age         ] GC(2813) Desired survivor size 1114112 bytes, new threshold 1 (max threshold 6)
[8.032s][info ][gc,heap        ] GC(2813) ParNew: 19383K->1173K(19648K)
[8.032s][info ][gc,heap        ] GC(2813) CMS: 17199K->17200K(43712K)
[8.032s][info ][gc,metaspace   ] GC(2813) Metaspace: 5340K->5340K(1056768K)
[8.032s][info ][gc             ] GC(2813) Pause Young (Allocation Failure) 35M->17M(61M) 2.059ms
[8.032s][info ][gc,cpu         ] GC(2813) User=0.01s Sys=0.01s Real=0.00s
[8.032s][info ][gc             ] GC(2810) Concurrent Preclean
[8.032s][info ][gc             ] GC(2810) Concurrent Preclean 0.124ms
[8.032s][info ][gc,cpu         ] GC(2810) User=0.00s Sys=0.00s Real=0.00s
[8.033s][info ][gc,start       ] GC(2810) Pause Remark
[8.034s][debug][gc,phases      ] GC(2810) Rescan (parallel) 0.894ms
[8.034s][debug][gc,phases      ] GC(2810) Reference Processing 0.011ms
[8.034s][debug][gc,phases      ] GC(2810) Weak Processing 0.004ms
[8.034s][debug][gc,phases      ] GC(2810) ClassLoaderData 0.010ms
[8.034s][debug][gc,phases      ] GC(2810) ProtectionDomainCacheTable 0.002ms
[8.034s][debug][gc,phases      ] GC(2810) ResolvedMethodTable 0.006ms
[8.034s][debug][gc,phases      ] GC(2810) Class Unloading 0.184ms
[8.034s][debug][gc,phases      ] GC(2810) Scrub Symbol Table 0.566ms
[8.034s][debug][gc,phases      ] GC(2810) Scrub String Table 0.020ms
[8.034s][info ][gc             ] GC(2810) Pause Remark 19M->19M(61M) 1.771ms
[8.034s][info ][gc,cpu         ] GC(2810) User=0.00s Sys=0.00s Real=0.01s
[8.035s][info ][gc             ] GC(2810) Concurrent Sweep
[8.035s][info ][gc             ] GC(2810) Concurrent Sweep 0.469ms
[8.035s][info ][gc,cpu         ] GC(2810) User=0.00s Sys=0.00s Real=0.00s
[8.035s][info ][gc             ] GC(2810) Concurrent Reset
[8.035s][info ][gc             ] GC(2810) Concurrent Reset 0.044ms
[8.035s][info ][gc,cpu         ] GC(2810) User=0.00s Sys=0.00s Real=0.00s
[8.035s][info ][gc,heap        ] GC(2810) Old: 17199K->2346K(43712K)
[8.036s][info ][gc,start       ] GC(2814) Pause Young (Allocation Failure)
[8.036s][info ][gc,task        ] GC(2814) Using 8 workers of 8 for evacuation
[8.037s][debug][gc,age         ] GC(2814) Desired survivor size 1114112 bytes, new threshold 1 (max threshold 6)
[8.037s][info ][gc,heap        ] GC(2814) ParNew: 18322K->1963K(19648K)
[8.037s][info ][gc,heap        ] GC(2814) CMS: 2346K->3128K(43712K)
[8.037s][info ][gc,metaspace   ] GC(2814) Metaspace: 5340K->5340K(1056768K)
[8.037s][info ][gc             ] GC(2814) Pause Young (Allocation Failure) 20M->4M(61M) 1.202ms
[8.037s][info ][gc,cpu         ] GC(2814) User=0.01s Sys=0.00s Real=0.00s
[8.038s][info ][gc,start       ] GC(2815) Pause Young (Allocation Failure)
[8.039s][info ][gc,task        ] GC(2815) Using 8 workers of 8 for evacuation
[8.039s][debug][gc,age         ] GC(2815) Desired survivor size 1114112 bytes, new threshold 6 (max threshold 6)
[8.039s][info ][gc,heap        ] GC(2815) ParNew: 19398K->398K(19648K)
[8.039s][info ][gc,heap        ] GC(2815) CMS: 3128K->3910K(43712K)
[8.039s][info ][gc,metaspace   ] GC(2815) Metaspace: 5340K->5340K(1056768K)
[8.039s][info ][gc             ] GC(2815) Pause Young (Allocation Failure) 21M->4M(61M) 1.005ms
[8.039s][info ][gc,cpu         ] GC(2815) User=0.00s Sys=0.00s Real=0.00s
[8.041s][info ][gc,start       ] GC(2816) Pause Young (Allocation Failure)
[8.041s][info ][gc,task        ] GC(2816) Using 8 workers of 8 for evacuation
[8.042s][debug][gc,age         ] GC(2816) Desired survivor size 1114112 bytes, new threshold 6 (max threshold 6)
[8.042s][info ][gc,heap        ] GC(2816) ParNew: 17804K->398K(19648K)
[8.042s][info ][gc,heap        ] GC(2816) CMS: 3910K->3910K(43712K)
[8.042s][info ][gc,metaspace   ] GC(2816) Metaspace: 5340K->5340K(1056768K)
[8.042s][info ][gc             ] GC(2816) Pause Young (Allocation Failure) 21M->4M(61M) 1.124ms
[8.042s][info ][gc,cpu         ] GC(2816) User=0.00s Sys=0.00s Real=0.00s
[8.043s][info ][gc,start       ] GC(2817) Pause Young (Allocation Failure)
[8.043s][info ][gc,task        ] GC(2817) Using 8 workers of 8 for evacuation
[8.044s][debug][gc,age         ] GC(2817) Desired survivor size 1114112 bytes, new threshold 1 (max threshold 6)
[8.044s][info ][gc,heap        ] GC(2817) ParNew: 17673K->1572K(19648K)
[8.044s][info ][gc,heap        ] GC(2817) CMS: 3910K->3910K(43712K)
[8.044s][info ][gc,metaspace   ] GC(2817) Metaspace: 5340K->5340K(1056768K)
[8.044s][info ][gc             ] GC(2817) Pause Young (Allocation Failure) 21M->5M(61M) 1.186ms
[8.044s][info ][gc,cpu         ] GC(2817) User=0.00s Sys=0.00s Real=0.00s
[8.046s][info ][gc,start       ] GC(2818) Pause Young (Allocation Failure)
[8.046s][info ][gc,task        ] GC(2818) Using 8 workers of 8 for evacuation
[8.047s][debug][gc,age         ] GC(2818) Desired survivor size 1114112 bytes, new threshold 1 (max threshold 6)
[8.047s][info ][gc,heap        ] GC(2818) ParNew: 18744K->1959K(19648K)
[8.047s][info ][gc,heap        ] GC(2818) CMS: 3910K->3911K(43712K)
[8.047s][info ][gc,metaspace   ] GC(2818) Metaspace: 5340K->5340K(1056768K)
[8.047s][info ][gc             ] GC(2818) Pause Young (Allocation Failure) 22M->5M(61M) 1.488ms
[8.047s][info ][gc,cpu         ] GC(2818) User=0.00s Sys=0.00s Real=0.00s
[8.049s][info ][gc,start       ] GC(2819) Pause Young (Allocation Failure)
[8.049s][info ][gc,task        ] GC(2819) Using 8 workers of 8 for evacuation
[8.050s][debug][gc,age         ] GC(2819) Desired survivor size 1114112 bytes, new threshold 1 (max threshold 6)
[8.050s][info ][gc,heap        ] GC(2819) ParNew: 19122K->1967K(19648K)
[8.050s][info ][gc,heap        ] GC(2819) CMS: 3911K->4692K(43712K)
[8.050s][info ][gc,metaspace   ] GC(2819) Metaspace: 5340K->5340K(1056768K)
[8.050s][info ][gc             ] GC(2819) Pause Young (Allocation Failure) 22M->6M(61M) 1.202ms
[8.050s][info ][gc,cpu         ] GC(2819) User=0.01s Sys=0.00s Real=0.00s
[8.052s][info ][gc,start       ] GC(2820) Pause Young (Allocation Failure)
[8.052s][info ][gc,task        ] GC(2820) Using 8 workers of 8 for evacuation
[8.053s][debug][gc,age         ] GC(2820) Desired survivor size 1114112 bytes, new threshold 1 (max threshold 6)
[8.053s][info ][gc,heap        ] GC(2820) ParNew: 19174K->1967K(19648K)
[8.053s][info ][gc,heap        ] GC(2820) CMS: 4692K->5865K(43712K)
[8.053s][info ][gc,metaspace   ] GC(2820) Metaspace: 5340K->5340K(1056768K)
[8.053s][info ][gc             ] GC(2820) Pause Young (Allocation Failure) 23M->7M(61M) 1.270ms
[8.053s][info ][gc,cpu         ] GC(2820) User=0.00s Sys=0.00s Real=0.01s
[8.054s][info ][gc,start       ] GC(2821) Pause Young (Allocation Failure)
[8.054s][info ][gc,task        ] GC(2821) Using 8 workers of 8 for evacuation
[8.055s][debug][gc,age         ] GC(2821) Desired survivor size 1114112 bytes, new threshold 1 (max threshold 6)
[8.055s][info ][gc,heap        ] GC(2821) ParNew: 19151K->1961K(19648K)
[8.055s][info ][gc,heap        ] GC(2821) CMS: 5865K->6255K(43712K)
[8.055s][info ][gc,metaspace   ] GC(2821) Metaspace: 5340K->5340K(1056768K)
[8.055s][info ][gc             ] GC(2821) Pause Young (Allocation Failure) 24M->8M(61M) 1.208ms
[8.055s][info ][gc,cpu         ] GC(2821) User=0.00s Sys=0.00s Real=0.00s
[8.057s][info ][gc,start       ] GC(2822) Pause Young (Allocation Failure)
[8.057s][info ][gc,task        ] GC(2822) Using 8 workers of 8 for evacuation
[8.058s][debug][gc,age         ] GC(2822) Desired survivor size 1114112 bytes, new threshold 1 (max threshold 6)
[8.058s][info ][gc,heap        ] GC(2822) ParNew: 19129K->1963K(19648K)
[8.058s][info ][gc,heap        ] GC(2822) CMS: 6255K->7427K(43712K)
[8.058s][info ][gc,metaspace   ] GC(2822) Metaspace: 5340K->5340K(1056768K)
[8.058s][info ][gc             ] GC(2822) Pause Young (Allocation Failure) 24M->9M(61M) 1.222ms
[8.058s][info ][gc,cpu         ] GC(2822) User=0.01s Sys=0.00s Real=0.00s
[8.060s][info ][gc,start       ] GC(2823) Pause Young (Allocation Failure)
[8.060s][info ][gc,task        ] GC(2823) Using 8 workers of 8 for evacuation
[8.061s][debug][gc,age         ] GC(2823) Desired survivor size 1114112 bytes, new threshold 1 (max threshold 6)
[8.061s][info ][gc,heap        ] GC(2823) ParNew: 19070K->1961K(19648K)
[8.061s][info ][gc,heap        ] GC(2823) CMS: 7427K->8209K(43712K)
[8.061s][info ][gc,metaspace   ] GC(2823) Metaspace: 5340K->5340K(1056768K)
[8.061s][info ][gc             ] GC(2823) Pause Young (Allocation Failure) 25M->9M(61M) 1.278ms
[8.061s][info ][gc,cpu         ] GC(2823) User=0.01s Sys=0.00s Real=0.00s
[8.062s][info ][gc,start       ] GC(2824) Pause Young (Allocation Failure)
[8.062s][info ][gc,task        ] GC(2824) Using 8 workers of 8 for evacuation
[8.063s][debug][gc,age         ] GC(2824) Desired survivor size 1114112 bytes, new threshold 1 (max threshold 6)
[8.063s][info ][gc,heap        ] GC(2824) ParNew: 19131K->1963K(19648K)
[8.063s][info ][gc,heap        ] GC(2824) CMS: 8209K->8600K(43712K)
[8.063s][info ][gc,metaspace   ] GC(2824) Metaspace: 5340K->5340K(1056768K)
[8.063s][info ][gc             ] GC(2824) Pause Young (Allocation Failure) 26M->10M(61M) 1.198ms
[8.063s][info ][gc,cpu         ] GC(2824) User=0.00s Sys=0.00s Real=0.01s
[8.065s][info ][gc,start       ] GC(2825) Pause Young (Allocation Failure)
[8.065s][info ][gc,task        ] GC(2825) Using 8 workers of 8 for evacuation
[8.067s][debug][gc,age         ] GC(2825) Desired survivor size 1114112 bytes, new threshold 1 (max threshold 6)
[8.067s][info ][gc,heap        ] GC(2825) ParNew: 19075K->1965K(19648K)
[8.067s][info ][gc,heap        ] GC(2825) CMS: 8600K->9772K(43712K)
[8.067s][info ][gc,metaspace   ] GC(2825) Metaspace: 5340K->5340K(1056768K)
[8.067s][info ][gc             ] GC(2825) Pause Young (Allocation Failure) 27M->11M(61M) 1.342ms
[8.067s][info ][gc,cpu         ] GC(2825) User=0.01s Sys=0.00s Real=0.00s
[8.068s][info ][gc,start       ] GC(2826) Pause Young (Allocation Failure)
[8.068s][info ][gc,task        ] GC(2826) Using 8 workers of 8 for evacuation
[8.069s][debug][gc,age         ] GC(2826) Desired survivor size 1114112 bytes, new threshold 1 (max threshold 6)
[8.069s][info ][gc,heap        ] GC(2826) ParNew: 19437K->1967K(19648K)
[8.069s][info ][gc,heap        ] GC(2826) CMS: 9772K->11335K(43712K)
[8.069s][info ][gc,metaspace   ] GC(2826) Metaspace: 5340K->5340K(1056768K)
[8.069s][info ][gc             ] GC(2826) Pause Young (Allocation Failure) 28M->12M(61M) 0.877ms
[8.069s][info ][gc,cpu         ] GC(2826) User=0.00s Sys=0.00s Real=0.00s
[8.070s][info ][gc,start       ] GC(2827) Pause Young (Allocation Failure)
[8.070s][info ][gc,task        ] GC(2827) Using 8 workers of 8 for evacuation
[8.072s][debug][gc,age         ] GC(2827) Desired survivor size 1114112 bytes, new threshold 1 (max threshold 6)
[8.072s][info ][gc,heap        ] GC(2827) ParNew: 19148K->1175K(19648K)
[8.072s][info ][gc,heap        ] GC(2827) CMS: 11335K->11726K(43712K)
[8.072s][info ][gc,metaspace   ] GC(2827) Metaspace: 5340K->5340K(1056768K)
[8.072s][info ][gc             ] GC(2827) Pause Young (Allocation Failure) 29M->12M(61M) 1.895ms
[8.072s][info ][gc,cpu         ] GC(2827) User=0.01s Sys=0.00s Real=0.00s
[8.074s][info ][gc,start       ] GC(2828) Pause Young (Allocation Failure)
[8.074s][info ][gc,task        ] GC(2828) Using 8 workers of 8 for evacuation
[8.076s][debug][gc,age         ] GC(2828) Desired survivor size 1114112 bytes, new threshold 1 (max threshold 6)
[8.076s][info ][gc,heap        ] GC(2828) ParNew: 18487K->1566K(19648K)
[8.076s][info ][gc,heap        ] GC(2828) CMS: 11726K->12509K(43712K)
[8.076s][info ][gc,metaspace   ] GC(2828) Metaspace: 5340K->5340K(1056768K)
[8.076s][info ][gc             ] GC(2828) Pause Young (Allocation Failure) 29M->13M(61M) 2.164ms
[8.076s][info ][gc,cpu         ] GC(2828) User=0.01s Sys=0.00s Real=0.00s
[8.078s][info ][gc,start       ] GC(2829) Pause Young (Allocation Failure)
[8.078s][info ][gc,task        ] GC(2829) Using 8 workers of 8 for evacuation
[8.079s][debug][gc,age         ] GC(2829) Desired survivor size 1114112 bytes, new threshold 1 (max threshold 6)
[8.079s][info ][gc,heap        ] GC(2829) ParNew: 18734K->1177K(19648K)
[8.079s][info ][gc,heap        ] GC(2829) CMS: 12509K->12509K(43712K)
[8.079s][info ][gc,metaspace   ] GC(2829) Metaspace: 5340K->5340K(1056768K)
[8.079s][info ][gc             ] GC(2829) Pause Young (Allocation Failure) 30M->13M(61M) 1.359ms
[8.079s][info ][gc,cpu         ] GC(2829) User=0.00s Sys=0.00s Real=0.00s
[8.081s][info ][gc,start       ] GC(2830) Pause Young (Allocation Failure)
[8.081s][info ][gc,task        ] GC(2830) Using 8 workers of 8 for evacuation
[8.082s][debug][gc,age         ] GC(2830) Desired survivor size 1114112 bytes, new threshold 1 (max threshold 6)
[8.082s][info ][gc,heap        ] GC(2830) ParNew: 18623K->1175K(19648K)
[8.082s][info ][gc,heap        ] GC(2830) CMS: 12509K->12900K(43712K)
[8.082s][info ][gc,metaspace   ] GC(2830) Metaspace: 5340K->5340K(1056768K)
[8.082s][info ][gc             ] GC(2830) Pause Young (Allocation Failure) 30M->13M(61M) 1.464ms
[8.082s][info ][gc,cpu         ] GC(2830) User=0.01s Sys=0.00s Real=0.00s
[8.084s][info ][gc,start       ] GC(2831) Pause Young (Allocation Failure)
[8.084s][info ][gc,task        ] GC(2831) Using 8 workers of 8 for evacuation
[8.085s][debug][gc,age         ] GC(2831) Desired survivor size 1114112 bytes, new threshold 1 (max threshold 6)
[8.085s][info ][gc,heap        ] GC(2831) ParNew: 18647K->1965K(19648K)
[8.085s][info ][gc,heap        ] GC(2831) CMS: 12900K->13291K(43712K)
[8.085s][info ][gc,metaspace   ] GC(2831) Metaspace: 5340K->5340K(1056768K)
[8.085s][info ][gc             ] GC(2831) Pause Young (Allocation Failure) 30M->14M(61M) 1.209ms
[8.085s][info ][gc,cpu         ] GC(2831) User=0.01s Sys=0.01s Real=0.00s
[8.087s][info ][gc,start       ] GC(2832) Pause Young (Allocation Failure)
[8.087s][info ][gc,task        ] GC(2832) Using 8 workers of 8 for evacuation
[8.089s][debug][gc,age         ] GC(2832) Desired survivor size 1114112 bytes, new threshold 1 (max threshold 6)
[8.089s][info ][gc,heap        ] GC(2832) ParNew: 19148K->1957K(19648K)
[8.089s][info ][gc,heap        ] GC(2832) CMS: 13291K->14073K(43712K)
[8.089s][info ][gc,metaspace   ] GC(2832) Metaspace: 5340K->5340K(1056768K)
[8.089s][info ][gc             ] GC(2832) Pause Young (Allocation Failure) 31M->15M(61M) 2.101ms
[8.089s][info ][gc,cpu         ] GC(2832) User=0.01s Sys=0.00s Real=0.00s
[8.090s][info ][gc,start       ] GC(2833) Pause Young (Allocation Failure)
[8.090s][info ][gc,task        ] GC(2833) Using 8 workers of 8 for evacuation
[8.091s][debug][gc,age         ] GC(2833) Desired survivor size 1114112 bytes, new threshold 1 (max threshold 6)
[8.092s][info ][gc,heap        ] GC(2833) ParNew: 19429K->1175K(19648K)
[8.092s][info ][gc,heap        ] GC(2833) CMS: 14073K->14855K(43712K)
[8.092s][info ][gc,metaspace   ] GC(2833) Metaspace: 5340K->5340K(1056768K)
[8.092s][info ][gc             ] GC(2833) Pause Young (Allocation Failure) 32M->15M(61M) 1.462ms
[8.092s][info ][gc,cpu         ] GC(2833) User=0.01s Sys=0.00s Real=0.00s
[8.093s][info ][gc,start       ] GC(2834) Pause Young (Allocation Failure)
[8.094s][info ][gc,task        ] GC(2834) Using 8 workers of 8 for evacuation
[8.095s][debug][gc,age         ] GC(2834) Desired survivor size 1114112 bytes, new threshold 1 (max threshold 6)
[8.095s][info ][gc,heap        ] GC(2834) ParNew: 18422K->1959K(19648K)
[8.095s][info ][gc,heap        ] GC(2834) CMS: 14855K->16028K(43712K)
[8.095s][info ][gc,metaspace   ] GC(2834) Metaspace: 5340K->5340K(1056768K)
[8.095s][info ][gc             ] GC(2834) Pause Young (Allocation Failure) 32M->17M(61M) 1.311ms
[8.095s][info ][gc,cpu         ] GC(2834) User=0.00s Sys=0.00s Real=0.00s
[8.096s][info ][gc,start       ] GC(2835) Pause Young (Allocation Failure)
[8.096s][info ][gc,task        ] GC(2835) Using 8 workers of 8 for evacuation
[8.097s][debug][gc,age         ] GC(2835) Desired survivor size 1114112 bytes, new threshold 1 (max threshold 6)
[8.097s][info ][gc,heap        ] GC(2835) ParNew: 19168K->1963K(19648K)
[8.097s][info ][gc,heap        ] GC(2835) CMS: 16028K->17200K(43712K)
[8.097s][info ][gc,metaspace   ] GC(2835) Metaspace: 5340K->5340K(1056768K)
[8.097s][info ][gc             ] GC(2835) Pause Young (Allocation Failure) 34M->18M(61M) 0.807ms
[8.097s][info ][gc,cpu         ] GC(2835) User=0.00s Sys=0.00s Real=0.00s
[8.098s][info ][gc,start       ] GC(2836) Pause Young (Allocation Failure)
[8.098s][info ][gc,task        ] GC(2836) Using 8 workers of 8 for evacuation
[8.100s][debug][gc,age         ] GC(2836) Desired survivor size 1114112 bytes, new threshold 1 (max threshold 6)
[8.100s][info ][gc,heap        ] GC(2836) ParNew: 19147K->1572K(19648K)
[8.100s][info ][gc,heap        ] GC(2836) CMS: 17200K->17200K(43712K)
[8.100s][info ][gc,metaspace   ] GC(2836) Metaspace: 5340K->5340K(1056768K)
[8.100s][info ][gc             ] GC(2836) Pause Young (Allocation Failure) 35M->18M(61M) 1.491ms
[8.100s][info ][gc,cpu         ] GC(2836) User=0.00s Sys=0.00s Real=0.00s
[8.101s][info ][gc,start       ] GC(2837) Pause Young (Allocation Failure)
[8.101s][info ][gc,task        ] GC(2837) Using 8 workers of 8 for evacuation
[8.102s][debug][gc,age         ] GC(2837) Desired survivor size 1114112 bytes, new threshold 1 (max threshold 6)
[8.102s][info ][gc,heap        ] GC(2837) ParNew: 18741K->1963K(19648K)
[8.102s][info ][gc,heap        ] GC(2837) CMS: 17200K->17200K(43712K)
[8.102s][info ][gc,metaspace   ] GC(2837) Metaspace: 5340K->5340K(1056768K)
[8.102s][info ][gc             ] GC(2837) Pause Young (Allocation Failure) 35M->18M(61M) 0.447ms
[8.102s][info ][gc,cpu         ] GC(2837) User=0.00s Sys=0.00s Real=0.00s
[8.103s][info ][gc,start       ] GC(2838) Pause Young (Allocation Failure)
[8.103s][info ][gc,task        ] GC(2838) Using 8 workers of 8 for evacuation
[8.104s][debug][gc,age         ] GC(2838) Desired survivor size 1114112 bytes, new threshold 1 (max threshold 6)
[8.104s][info ][gc,heap        ] GC(2838) ParNew: 19435K->1961K(19648K)
[8.104s][info ][gc,heap        ] GC(2838) CMS: 17200K->17200K(43712K)
[8.104s][info ][gc,metaspace   ] GC(2838) Metaspace: 5340K->5340K(1056768K)
[8.104s][info ][gc             ] GC(2838) Pause Young (Allocation Failure) 35M->18M(61M) 1.160ms
[8.104s][info ][gc,cpu         ] GC(2838) User=0.00s Sys=0.00s Real=0.00s
[8.105s][info ][gc,start       ] GC(2839) Pause Young (Allocation Failure)
[8.106s][info ][gc,task        ] GC(2839) Using 8 workers of 8 for evacuation
[8.107s][debug][gc,age         ] GC(2839) Desired survivor size 1114112 bytes, new threshold 1 (max threshold 6)
[8.107s][info ][gc,heap        ] GC(2839) ParNew: 19125K->1961K(19648K)
[8.107s][info ][gc,heap        ] GC(2839) CMS: 17200K->17200K(43712K)
[8.107s][info ][gc,metaspace   ] GC(2839) Metaspace: 5340K->5340K(1056768K)
[8.107s][info ][gc             ] GC(2839) Pause Young (Allocation Failure) 35M->18M(61M) 1.107ms
[8.107s][info ][gc,cpu         ] GC(2839) User=0.01s Sys=0.00s Real=0.00s
[8.108s][info ][gc,start       ] GC(2840) Pause Young (Allocation Failure)
[8.108s][info ][gc,task        ] GC(2840) Using 8 workers of 8 for evacuation
[8.109s][debug][gc,age         ] GC(2840) Desired survivor size 1114112 bytes, new threshold 1 (max threshold 6)
[8.109s][info ][gc,heap        ] GC(2840) ParNew: 19117K->1179K(19648K)
[8.109s][info ][gc,heap        ] GC(2840) CMS: 17200K->17201K(43712K)
[8.109s][info ][gc,metaspace   ] GC(2840) Metaspace: 5340K->5340K(1056768K)
[8.109s][info ][gc             ] GC(2840) Pause Young (Allocation Failure) 35M->17M(61M) 0.645ms
[8.109s][info ][gc,cpu         ] GC(2840) User=0.01s Sys=0.00s Real=0.00s
[8.110s][info ][gc,start       ] GC(2841) Pause Young (Allocation Failure)
[8.110s][info ][gc,task        ] GC(2841) Using 8 workers of 8 for evacuation
[8.111s][debug][gc,age         ] GC(2841) Desired survivor size 1114112 bytes, new threshold 1 (max threshold 6)
[8.111s][info ][gc,heap        ] GC(2841) ParNew: 18330K->1570K(19648K)
[8.111s][info ][gc,heap        ] GC(2841) CMS: 17201K->17201K(43712K)
[8.111s][info ][gc,metaspace   ] GC(2841) Metaspace: 5340K->5340K(1056768K)
[8.111s][info ][gc             ] GC(2841) Pause Young (Allocation Failure) 34M->18M(61M) 1.087ms
[8.111s][info ][gc,cpu         ] GC(2841) User=0.01s Sys=0.00s Real=0.00s
[8.113s][info ][gc,start       ] GC(2842) Pause Young (Allocation Failure)
[8.113s][info ][gc,task        ] GC(2842) Using 8 workers of 8 for evacuation
[8.114s][debug][gc,age         ] GC(2842) Desired survivor size 1114112 bytes, new threshold 1 (max threshold 6)
[8.114s][info ][gc,heap        ] GC(2842) ParNew: 18717K->1963K(19648K)
[8.114s][info ][gc,heap        ] GC(2842) CMS: 17201K->18372K(43712K)
[8.114s][info ][gc,metaspace   ] GC(2842) Metaspace: 5340K->5340K(1056768K)
[8.114s][info ][gc             ] GC(2842) Pause Young (Allocation Failure) 35M->19M(61M) 1.199ms
[8.114s][info ][gc,cpu         ] GC(2842) User=0.01s Sys=0.00s Real=0.01s
[8.115s][info ][gc,start       ] GC(2843) Pause Young (Allocation Failure)
[8.115s][info ][gc,task        ] GC(2843) Using 8 workers of 8 for evacuation
[8.116s][debug][gc,age         ] GC(2843) Desired survivor size 1114112 bytes, new threshold 1 (max threshold 6)
[8.116s][info ][gc,heap        ] GC(2843) ParNew: 19067K->1967K(19648K)
[8.116s][info ][gc,heap        ] GC(2843) CMS: 18372K->18763K(43712K)
[8.116s][info ][gc,metaspace   ] GC(2843) Metaspace: 5340K->5340K(1056768K)
[8.116s][info ][gc             ] GC(2843) Pause Young (Allocation Failure) 36M->20M(61M) 1.133ms
[8.116s][info ][gc,cpu         ] GC(2843) User=0.00s Sys=0.00s Real=0.00s
[8.118s][info ][gc,start       ] GC(2844) Pause Young (Allocation Failure)
[8.118s][info ][gc,task        ] GC(2844) Using 8 workers of 8 for evacuation
[8.119s][debug][gc,age         ] GC(2844) Desired survivor size 1114112 bytes, new threshold 1 (max threshold 6)
[8.119s][info ][gc,heap        ] GC(2844) ParNew: 19124K->1969K(19648K)
[8.119s][info ][gc,heap        ] GC(2844) CMS: 18763K->19154K(43712K)
[8.119s][info ][gc,metaspace   ] GC(2844) Metaspace: 5340K->5340K(1056768K)
[8.119s][info ][gc             ] GC(2844) Pause Young (Allocation Failure) 37M->20M(61M) 1.147ms
[8.119s][info ][gc,cpu         ] GC(2844) User=0.01s Sys=0.00s Real=0.00s
[8.120s][info ][gc,start       ] GC(2845) Pause Young (Allocation Failure)
[8.120s][info ][gc,task        ] GC(2845) Using 8 workers of 8 for evacuation
[8.122s][debug][gc,age         ] GC(2845) Desired survivor size 1114112 bytes, new threshold 1 (max threshold 6)
[8.122s][info ][gc,heap        ] GC(2845) ParNew: 19076K->1965K(19648K)
[8.122s][info ][gc,heap        ] GC(2845) CMS: 19154K->19936K(43712K)
[8.122s][info ][gc,metaspace   ] GC(2845) Metaspace: 5340K->5340K(1056768K)
[8.122s][info ][gc             ] GC(2845) Pause Young (Allocation Failure) 37M->21M(61M) 1.240ms
[8.122s][info ][gc,cpu         ] GC(2845) User=0.01s Sys=0.00s Real=0.00s
[8.123s][info ][gc,start       ] GC(2846) Pause Young (Allocation Failure)
[8.123s][info ][gc,task        ] GC(2846) Using 8 workers of 8 for evacuation
[8.124s][debug][gc,age         ] GC(2846) Desired survivor size 1114112 bytes, new threshold 1 (max threshold 6)
[8.124s][info ][gc,heap        ] GC(2846) ParNew: 19128K->1967K(19648K)
[8.124s][info ][gc,heap        ] GC(2846) CMS: 19936K->20717K(43712K)
[8.124s][info ][gc,metaspace   ] GC(2846) Metaspace: 5340K->5340K(1056768K)
[8.124s][info ][gc             ] GC(2846) Pause Young (Allocation Failure) 38M->22M(61M) 1.291ms
[8.124s][info ][gc,cpu         ] GC(2846) User=0.01s Sys=0.00s Real=0.00s
[8.126s][info ][gc,start       ] GC(2847) Pause Young (Allocation Failure)
[8.126s][info ][gc,task        ] GC(2847) Using 8 workers of 8 for evacuation
[8.127s][debug][gc,age         ] GC(2847) Desired survivor size 1114112 bytes, new threshold 1 (max threshold 6)
[8.127s][info ][gc,heap        ] GC(2847) ParNew: 19122K->1576K(19648K)
[8.127s][info ][gc,heap        ] GC(2847) CMS: 20717K->20717K(43712K)
[8.127s][info ][gc,metaspace   ] GC(2847) Metaspace: 5340K->5340K(1056768K)
[8.127s][info ][gc             ] GC(2847) Pause Young (Allocation Failure) 38M->21M(61M) 0.427ms
[8.127s][info ][gc,cpu         ] GC(2847) User=0.00s Sys=0.00s Real=0.00s
[8.128s][info ][gc,start       ] GC(2848) Pause Young (Allocation Failure)
[8.128s][info ][gc,task        ] GC(2848) Using 8 workers of 8 for evacuation
[8.129s][debug][gc,age         ] GC(2848) Desired survivor size 1114112 bytes, new threshold 1 (max threshold 6)
[8.129s][info ][gc,heap        ] GC(2848) ParNew: 18726K->1967K(19648K)
[8.129s][info ][gc,heap        ] GC(2848) CMS: 20717K->21889K(43712K)
[8.129s][info ][gc,metaspace   ] GC(2848) Metaspace: 5340K->5340K(1056768K)
[8.129s][info ][gc             ] GC(2848) Pause Young (Allocation Failure) 38M->23M(61M) 1.220ms
[8.129s][info ][gc,cpu         ] GC(2848) User=0.01s Sys=0.00s Real=0.00s
[8.131s][info ][gc,start       ] GC(2849) Pause Young (Allocation Failure)
[8.131s][info ][gc,task        ] GC(2849) Using 8 workers of 8 for evacuation
[8.132s][debug][gc,age         ] GC(2849) Desired survivor size 1114112 bytes, new threshold 1 (max threshold 6)
[8.132s][info ][gc,heap        ] GC(2849) ParNew: 19114K->1967K(19648K)
[8.132s][info ][gc,heap        ] GC(2849) CMS: 21889K->21889K(43712K)
[8.132s][info ][gc,metaspace   ] GC(2849) Metaspace: 5340K->5340K(1056768K)
[8.132s][info ][gc             ] GC(2849) Pause Young (Allocation Failure) 40M->23M(61M) 1.191ms
[8.132s][info ][gc,cpu         ] GC(2849) User=0.00s Sys=0.00s Real=0.00s
[8.133s][info ][gc,start       ] GC(2850) Pause Young (Allocation Failure)
[8.133s][info ][gc,task        ] GC(2850) Using 8 workers of 8 for evacuation
[8.134s][debug][gc,age         ] GC(2850) Desired survivor size 1114112 bytes, new threshold 1 (max threshold 6)
[8.134s][info ][gc,heap        ] GC(2850) ParNew: 19111K->1969K(19648K)
[8.134s][info ][gc,heap        ] GC(2850) CMS: 21889K->22280K(43712K)
[8.134s][info ][gc,metaspace   ] GC(2850) Metaspace: 5340K->5340K(1056768K)
[8.134s][info ][gc             ] GC(2850) Pause Young (Allocation Failure) 40M->23M(61M) 0.495ms
[8.134s][info ][gc,cpu         ] GC(2850) User=0.00s Sys=0.00s Real=0.00s
[8.135s][info ][gc,start       ] GC(2851) Pause Young (Allocation Failure)
[8.135s][info ][gc,task        ] GC(2851) Using 8 workers of 8 for evacuation
[8.137s][debug][gc,age         ] GC(2851) Desired survivor size 1114112 bytes, new threshold 1 (max threshold 6)
[8.137s][info ][gc,heap        ] GC(2851) ParNew: 19112K->1967K(19648K)
[8.137s][info ][gc,heap        ] GC(2851) CMS: 22280K->23843K(43712K)
[8.137s][info ][gc,metaspace   ] GC(2851) Metaspace: 5340K->5340K(1056768K)
[8.137s][info ][gc             ] GC(2851) Pause Young (Allocation Failure) 40M->25M(61M) 1.962ms
[8.137s][info ][gc,cpu         ] GC(2851) User=0.01s Sys=0.00s Real=0.00s
[8.137s][info ][gc,start       ] GC(2852) Pause Initial Mark
[8.138s][info ][gc             ] GC(2852) Pause Initial Mark 26M->26M(61M) 0.138ms
[8.138s][info ][gc,cpu         ] GC(2852) User=0.00s Sys=0.00s Real=0.00s
[8.138s][info ][gc             ] GC(2852) Concurrent Mark
[8.138s][info ][gc,task        ] GC(2852) Using 2 workers of 2 for marking
[8.139s][info ][gc,start       ] GC(2853) Pause Young (Allocation Failure)
[8.139s][info ][gc,task        ] GC(2853) Using 8 workers of 8 for evacuation
[8.139s][debug][gc,age         ] GC(2853) Desired survivor size 1114112 bytes, new threshold 6 (max threshold 6)
[8.139s][info ][gc,heap        ] GC(2853) ParNew: 19109K->797K(19648K)
[8.139s][info ][gc,heap        ] GC(2853) CMS: 23843K->23843K(43712K)
[8.139s][info ][gc,metaspace   ] GC(2853) Metaspace: 5340K->5340K(1056768K)
[8.139s][info ][gc             ] GC(2853) Pause Young (Allocation Failure) 41M->24M(61M) 0.376ms
[8.139s][info ][gc,cpu         ] GC(2853) User=0.00s Sys=0.00s Real=0.00s
[8.141s][info ][gc,start       ] GC(2854) Pause Young (Allocation Failure)
[8.141s][info ][gc,task        ] GC(2854) Using 8 workers of 8 for evacuation
[8.142s][debug][gc,age         ] GC(2854) Desired survivor size 1114112 bytes, new threshold 1 (max threshold 6)
[8.142s][info ][gc,heap        ] GC(2854) ParNew: 17939K->1186K(19648K)
[8.142s][info ][gc,heap        ] GC(2854) CMS: 23843K->23843K(43712K)
[8.142s][info ][gc,metaspace   ] GC(2854) Metaspace: 5340K->5340K(1056768K)
[8.142s][info ][gc             ] GC(2854) Pause Young (Allocation Failure) 40M->24M(61M) 1.125ms
[8.142s][info ][gc,cpu         ] GC(2854) User=0.00s Sys=0.00s Real=0.00s
[8.143s][info ][gc             ] GC(2852) Concurrent Mark 5.332ms
[8.143s][info ][gc,cpu         ] GC(2852) User=0.03s Sys=0.00s Real=0.01s
[8.143s][info ][gc             ] GC(2852) Concurrent Preclean
[8.143s][info ][gc             ] GC(2852) Concurrent Preclean 0.179ms
[8.143s][info ][gc,cpu         ] GC(2852) User=0.00s Sys=0.00s Real=0.00s
[8.144s][info ][gc,start       ] GC(2855) Pause Young (Allocation Failure)
[8.144s][info ][gc,task        ] GC(2855) Using 8 workers of 8 for evacuation
[8.144s][debug][gc,age         ] GC(2855) Desired survivor size 1114112 bytes, new threshold 1 (max threshold 6)
[8.144s][info ][gc,heap        ] GC(2855) ParNew: 18658K->1967K(19648K)
[8.144s][info ][gc,heap        ] GC(2855) CMS: 23843K->24234K(43712K)
[8.144s][info ][gc,metaspace   ] GC(2855) Metaspace: 5340K->5340K(1056768K)
[8.144s][info ][gc             ] GC(2855) Pause Young (Allocation Failure) 41M->25M(61M) 0.458ms
[8.144s][info ][gc,cpu         ] GC(2855) User=0.00s Sys=0.00s Real=0.00s
[8.144s][info ][gc,start       ] GC(2852) Pause Remark
[8.144s][debug][gc,phases      ] GC(2852) Rescan (parallel) 0.089ms
[8.144s][debug][gc,phases      ] GC(2852) Reference Processing 0.012ms
[8.144s][debug][gc,phases      ] GC(2852) Weak Processing 0.003ms
[8.144s][debug][gc,phases      ] GC(2852) ClassLoaderData 0.009ms
[8.144s][debug][gc,phases      ] GC(2852) ProtectionDomainCacheTable 0.002ms
[8.144s][debug][gc,phases      ] GC(2852) ResolvedMethodTable 0.006ms
[8.144s][debug][gc,phases      ] GC(2852) Class Unloading 0.167ms
[8.145s][debug][gc,phases      ] GC(2852) Scrub Symbol Table 0.428ms
[8.145s][debug][gc,phases      ] GC(2852) Scrub String Table 0.020ms
[8.145s][info ][gc             ] GC(2852) Pause Remark 26M->26M(61M) 0.807ms
[8.145s][info ][gc,cpu         ] GC(2852) User=0.01s Sys=0.00s Real=0.00s
[8.145s][info ][gc             ] GC(2852) Concurrent Sweep
[8.146s][info ][gc             ] GC(2852) Concurrent Sweep 0.528ms
[8.146s][info ][gc,cpu         ] GC(2852) User=0.00s Sys=0.00s Real=0.00s
[8.146s][info ][gc             ] GC(2852) Concurrent Reset
[8.146s][info ][gc             ] GC(2852) Concurrent Reset 0.100ms
[8.146s][info ][gc,cpu         ] GC(2852) User=0.00s Sys=0.00s Real=0.00s
[8.146s][info ][gc,heap        ] GC(2852) Old: 23843K->2736K(43712K)
[8.146s][info ][gc,start       ] GC(2856) Pause Young (Allocation Failure)
[8.146s][info ][gc,task        ] GC(2856) Using 8 workers of 8 for evacuation
[8.147s][debug][gc,age         ] GC(2856) Desired survivor size 1114112 bytes, new threshold 1 (max threshold 6)
[8.147s][info ][gc,heap        ] GC(2856) ParNew: 19121K->1967K(19648K)
[8.147s][info ][gc,heap        ] GC(2856) CMS: 2736K->2736K(43712K)
[8.147s][info ][gc,metaspace   ] GC(2856) Metaspace: 5340K->5340K(1056768K)
[8.148s][info ][gc             ] GC(2856) Pause Young (Allocation Failure) 21M->4M(61M) 1.073ms
[8.148s][info ][gc,cpu         ] GC(2856) User=0.01s Sys=0.00s Real=0.00s
[8.149s][info ][gc,start       ] GC(2857) Pause Young (Allocation Failure)
[8.149s][info ][gc,task        ] GC(2857) Using 8 workers of 8 for evacuation
[8.150s][debug][gc,age         ] GC(2857) Desired survivor size 1114112 bytes, new threshold 1 (max threshold 6)
[8.150s][info ][gc,heap        ] GC(2857) ParNew: 19116K->1967K(19648K)
[8.150s][info ][gc,heap        ] GC(2857) CMS: 2736K->3908K(43712K)
[8.150s][info ][gc,metaspace   ] GC(2857) Metaspace: 5340K->5340K(1056768K)
[8.150s][info ][gc             ] GC(2857) Pause Young (Allocation Failure) 21M->5M(61M) 1.255ms
[8.150s][info ][gc,cpu         ] GC(2857) User=0.01s Sys=0.00s Real=0.00s
[8.152s][info ][gc,start       ] GC(2858) Pause Young (Allocation Failure)
[8.152s][info ][gc,task        ] GC(2858) Using 8 workers of 8 for evacuation
[8.153s][debug][gc,age         ] GC(2858) Desired survivor size 1114112 bytes, new threshold 1 (max threshold 6)
[8.153s][info ][gc,heap        ] GC(2858) ParNew: 19113K->1967K(19648K)
[8.153s][info ][gc,heap        ] GC(2858) CMS: 3908K->4299K(43712K)
[8.153s][info ][gc,metaspace   ] GC(2858) Metaspace: 5340K->5340K(1056768K)
[8.153s][info ][gc             ] GC(2858) Pause Young (Allocation Failure) 22M->6M(61M) 1.343ms
[8.153s][info ][gc,cpu         ] GC(2858) User=0.01s Sys=0.00s Real=0.01s
[8.154s][info ][gc,start       ] GC(2859) Pause Young (Allocation Failure)
[8.154s][info ][gc,task        ] GC(2859) Using 8 workers of 8 for evacuation
[8.155s][debug][gc,age         ] GC(2859) Desired survivor size 1114112 bytes, new threshold 1 (max threshold 6)
[8.155s][info ][gc,heap        ] GC(2859) ParNew: 19065K->1967K(19648K)
[8.155s][info ][gc,heap        ] GC(2859) CMS: 4299K->4299K(43712K)
[8.155s][info ][gc,metaspace   ] GC(2859) Metaspace: 5340K->5340K(1056768K)
[8.155s][info ][gc             ] GC(2859) Pause Young (Allocation Failure) 22M->6M(61M) 1.087ms
[8.156s][info ][gc,cpu         ] GC(2859) User=0.00s Sys=0.00s Real=0.00s
[8.157s][info ][gc,start       ] GC(2860) Pause Young (Allocation Failure)
[8.157s][info ][gc,task        ] GC(2860) Using 8 workers of 8 for evacuation
[8.159s][debug][gc,age         ] GC(2860) Desired survivor size 1114112 bytes, new threshold 1 (max threshold 6)
[8.159s][info ][gc,heap        ] GC(2860) ParNew: 19126K->1969K(19648K)
[8.159s][info ][gc,heap        ] GC(2860) CMS: 4299K->4690K(43712K)
[8.159s][info ][gc,metaspace   ] GC(2860) Metaspace: 5340K->5340K(1056768K)
[8.159s][info ][gc             ] GC(2860) Pause Young (Allocation Failure) 22M->6M(61M) 1.785ms
[8.159s][info ][gc,cpu         ] GC(2860) User=0.01s Sys=0.00s Real=0.00s
[8.160s][info ][gc,start       ] GC(2861) Pause Young (Allocation Failure)
[8.160s][info ][gc,task        ] GC(2861) Using 8 workers of 8 for evacuation
[8.161s][debug][gc,age         ] GC(2861) Desired survivor size 1114112 bytes, new threshold 1 (max threshold 6)
[8.161s][info ][gc,heap        ] GC(2861) ParNew: 19121K->1969K(19648K)
[8.161s][info ][gc,heap        ] GC(2861) CMS: 4690K->5472K(43712K)
[8.161s][info ][gc,metaspace   ] GC(2861) Metaspace: 5340K->5340K(1056768K)
[8.161s][info ][gc             ] GC(2861) Pause Young (Allocation Failure) 23M->7M(61M) 0.715ms
[8.161s][info ][gc,cpu         ] GC(2861) User=0.01s Sys=0.00s Real=0.00s
[8.162s][info ][gc,start       ] GC(2862) Pause Young (Allocation Failure)
[8.162s][info ][gc,task        ] GC(2862) Using 8 workers of 8 for evacuation
[8.163s][debug][gc,age         ] GC(2862) Desired survivor size 1114112 bytes, new threshold 1 (max threshold 6)
[8.163s][info ][gc,heap        ] GC(2862) ParNew: 19117K->1969K(19648K)
[8.163s][info ][gc,heap        ] GC(2862) CMS: 5472K->5862K(43712K)
[8.163s][info ][gc,metaspace   ] GC(2862) Metaspace: 5340K->5340K(1056768K)
[8.163s][info ][gc             ] GC(2862) Pause Young (Allocation Failure) 24M->7M(61M) 0.475ms
[8.163s][info ][gc,cpu         ] GC(2862) User=0.00s Sys=0.00s Real=0.00s
[8.164s][info ][gc,start       ] GC(2863) Pause Young (Allocation Failure)
[8.164s][info ][gc,task        ] GC(2863) Using 8 workers of 8 for evacuation
[8.165s][debug][gc,age         ] GC(2863) Desired survivor size 1114112 bytes, new threshold 1 (max threshold 6)
[8.165s][info ][gc,heap        ] GC(2863) ParNew: 19114K->1574K(19648K)
[8.165s][info ][gc,heap        ] GC(2863) CMS: 5862K->5862K(43712K)
[8.165s][info ][gc,metaspace   ] GC(2863) Metaspace: 5340K->5340K(1056768K)
[8.165s][info ][gc             ] GC(2863) Pause Young (Allocation Failure) 24M->7M(61M) 1.160ms
[8.165s][info ][gc,cpu         ] GC(2863) User=0.00s Sys=0.00s Real=0.00s
[8.167s][info ][gc,start       ] GC(2864) Pause Young (Allocation Failure)
[8.167s][info ][gc,task        ] GC(2864) Using 8 workers of 8 for evacuation
[8.167s][debug][gc,age         ] GC(2864) Desired survivor size 1114112 bytes, new threshold 1 (max threshold 6)
[8.167s][info ][gc,heap        ] GC(2864) ParNew: 18718K->1969K(19648K)
[8.167s][info ][gc,heap        ] GC(2864) CMS: 5862K->5862K(43712K)
[8.167s][info ][gc,metaspace   ] GC(2864) Metaspace: 5340K->5340K(1056768K)
[8.167s][info ][gc             ] GC(2864) Pause Young (Allocation Failure) 24M->7M(61M) 0.372ms
[8.167s][info ][gc,cpu         ] GC(2864) User=0.00s Sys=0.00s Real=0.00s
[8.168s][info ][gc,start       ] GC(2865) Pause Young (Allocation Failure)
[8.168s][info ][gc,task        ] GC(2865) Using 8 workers of 8 for evacuation
[8.169s][debug][gc,age         ] GC(2865) Desired survivor size 1114112 bytes, new threshold 1 (max threshold 6)
[8.169s][info ][gc,heap        ] GC(2865) ParNew: 19111K->1967K(19648K)
[8.169s][info ][gc,heap        ] GC(2865) CMS: 5862K->6253K(43712K)
[8.169s][info ][gc,metaspace   ] GC(2865) Metaspace: 5340K->5340K(1056768K)
[8.169s][info ][gc             ] GC(2865) Pause Young (Allocation Failure) 24M->8M(61M) 0.469ms
[8.169s][info ][gc,cpu         ] GC(2865) User=0.00s Sys=0.00s Real=0.00s
[8.170s][info ][gc,start       ] GC(2866) Pause Young (Allocation Failure)
[8.170s][info ][gc,task        ] GC(2866) Using 8 workers of 8 for evacuation
[8.171s][debug][gc,age         ] GC(2866) Desired survivor size 1114112 bytes, new threshold 1 (max threshold 6)
[8.171s][info ][gc,heap        ] GC(2866) ParNew: 19109K->1969K(19648K)
[8.171s][info ][gc,heap        ] GC(2866) CMS: 6253K->7034K(43712K)
[8.171s][info ][gc,metaspace   ] GC(2866) Metaspace: 5340K->5340K(1056768K)
[8.171s][info ][gc             ] GC(2866) Pause Young (Allocation Failure) 24M->8M(61M) 0.512ms
[8.171s][info ][gc,cpu         ] GC(2866) User=0.00s Sys=0.00s Real=0.00s
[8.172s][info ][gc,start       ] GC(2867) Pause Young (Allocation Failure)
[8.172s][info ][gc,task        ] GC(2867) Using 8 workers of 8 for evacuation
[8.173s][debug][gc,age         ] GC(2867) Desired survivor size 1114112 bytes, new threshold 1 (max threshold 6)
[8.173s][info ][gc,heap        ] GC(2867) ParNew: 19110K->1186K(19648K)
[8.173s][info ][gc,heap        ] GC(2867) CMS: 7034K->7034K(43712K)
[8.173s][info ][gc,metaspace   ] GC(2867) Metaspace: 5340K->5340K(1056768K)
[8.173s][info ][gc             ] GC(2867) Pause Young (Allocation Failure) 25M->8M(61M) 0.826ms
[8.173s][info ][gc,cpu         ] GC(2867) User=0.00s Sys=0.00s Real=0.01s
[8.174s][info ][gc,start       ] GC(2868) Pause Young (Allocation Failure)
[8.174s][info ][gc,task        ] GC(2868) Using 8 workers of 8 for evacuation
[8.175s][debug][gc,age         ] GC(2868) Desired survivor size 1114112 bytes, new threshold 1 (max threshold 6)
[8.175s][info ][gc,heap        ] GC(2868) ParNew: 18327K->1969K(19648K)
[8.175s][info ][gc,heap        ] GC(2868) CMS: 7034K->7816K(43712K)
[8.175s][info ][gc,metaspace   ] GC(2868) Metaspace: 5340K->5340K(1056768K)
[8.175s][info ][gc             ] GC(2868) Pause Young (Allocation Failure) 24M->9M(61M) 0.510ms
[8.175s][info ][gc,cpu         ] GC(2868) User=0.00s Sys=0.00s Real=0.00s
[8.176s][info ][gc,start       ] GC(2869) Pause Young (Allocation Failure)
[8.176s][info ][gc,task        ] GC(2869) Using 8 workers of 8 for evacuation
[8.177s][debug][gc,age         ] GC(2869) Desired survivor size 1114112 bytes, new threshold 1 (max threshold 6)
[8.177s][info ][gc,heap        ] GC(2869) ParNew: 19110K->1184K(19648K)
[8.177s][info ][gc,heap        ] GC(2869) CMS: 7816K->7816K(43712K)
[8.177s][info ][gc,metaspace   ] GC(2869) Metaspace: 5340K->5340K(1056768K)
[8.177s][info ][gc             ] GC(2869) Pause Young (Allocation Failure) 26M->8M(61M) 1.001ms
[8.177s][info ][gc,cpu         ] GC(2869) User=0.00s Sys=0.00s Real=0.00s
[8.178s][info ][gc,start       ] GC(2870) Pause Young (Allocation Failure)
[8.178s][info ][gc,task        ] GC(2870) Using 8 workers of 8 for evacuation
[8.180s][debug][gc,age         ] GC(2870) Desired survivor size 1114112 bytes, new threshold 1 (max threshold 6)
[8.180s][info ][gc,heap        ] GC(2870) ParNew: 18324K->1967K(19648K)
[8.180s][info ][gc,heap        ] GC(2870) CMS: 7816K->8597K(43712K)
[8.180s][info ][gc,metaspace   ] GC(2870) Metaspace: 5340K->5340K(1056768K)
[8.180s][info ][gc             ] GC(2870) Pause Young (Allocation Failure) 25M->10M(61M) 1.416ms
[8.180s][info ][gc,cpu         ] GC(2870) User=0.01s Sys=0.00s Real=0.00s
[8.181s][info ][gc,start       ] GC(2871) Pause Young (Allocation Failure)
[8.181s][info ][gc,task        ] GC(2871) Using 8 workers of 8 for evacuation
[8.182s][debug][gc,age         ] GC(2871) Desired survivor size 1114112 bytes, new threshold 1 (max threshold 6)
[8.182s][info ][gc,heap        ] GC(2871) ParNew: 19067K->1965K(19648K)
[8.182s][info ][gc,heap        ] GC(2871) CMS: 8597K->8988K(43712K)
[8.182s][info ][gc,metaspace   ] GC(2871) Metaspace: 5340K->5340K(1056768K)
[8.183s][info ][gc             ] GC(2871) Pause Young (Allocation Failure) 27M->10M(61M) 1.230ms
[8.183s][info ][gc,cpu         ] GC(2871) User=0.00s Sys=0.00s Real=0.00s
[8.184s][info ][gc,start       ] GC(2872) Pause Young (Allocation Failure)
[8.184s][info ][gc,task        ] GC(2872) Using 8 workers of 8 for evacuation
[8.185s][debug][gc,age         ] GC(2872) Desired survivor size 1114112 bytes, new threshold 1 (max threshold 6)
[8.185s][info ][gc,heap        ] GC(2872) ParNew: 19075K->1965K(19648K)
[8.185s][info ][gc,heap        ] GC(2872) CMS: 8988K->9769K(43712K)
[8.185s][info ][gc,metaspace   ] GC(2872) Metaspace: 5340K->5340K(1056768K)
[8.185s][info ][gc             ] GC(2872) Pause Young (Allocation Failure) 27M->11M(61M) 1.237ms
[8.185s][info ][gc,cpu         ] GC(2872) User=0.01s Sys=0.00s Real=0.00s
[8.186s][info ][gc,start       ] GC(2873) Pause Young (Allocation Failure)
[8.186s][info ][gc,task        ] GC(2873) Using 8 workers of 8 for evacuation
[8.188s][debug][gc,age         ] GC(2873) Desired survivor size 1114112 bytes, new threshold 1 (max threshold 6)
[8.188s][info ][gc,heap        ] GC(2873) ParNew: 19085K->1574K(19648K)
[8.188s][info ][gc,heap        ] GC(2873) CMS: 9769K->10160K(43712K)
[8.188s][info ][gc,metaspace   ] GC(2873) Metaspace: 5340K->5340K(1056768K)
[8.188s][info ][gc             ] GC(2873) Pause Young (Allocation Failure) 28M->11M(61M) 1.278ms
[8.188s][info ][gc,cpu         ] GC(2873) User=0.01s Sys=0.00s Real=0.00s
[8.189s][info ][gc,start       ] GC(2874) Pause Young (Allocation Failure)
[8.189s][info ][gc,task        ] GC(2874) Using 8 workers of 8 for evacuation
[8.190s][debug][gc,age         ] GC(2874) Desired survivor size 1114112 bytes, new threshold 1 (max threshold 6)
[8.190s][info ][gc,heap        ] GC(2874) ParNew: 18697K->1574K(19648K)
[8.190s][info ][gc,heap        ] GC(2874) CMS: 10160K->10161K(43712K)
[8.190s][info ][gc,metaspace   ] GC(2874) Metaspace: 5340K->5340K(1056768K)
[8.190s][info ][gc             ] GC(2874) Pause Young (Allocation Failure) 28M->11M(61M) 1.141ms
[8.190s][info ][gc,cpu         ] GC(2874) User=0.00s Sys=0.00s Real=0.00s
[8.192s][info ][gc,start       ] GC(2875) Pause Young (Allocation Failure)
[8.192s][info ][gc,task        ] GC(2875) Using 8 workers of 8 for evacuation
[8.193s][debug][gc,age         ] GC(2875) Desired survivor size 1114112 bytes, new threshold 6 (max threshold 6)
[8.193s][info ][gc,heap        ] GC(2875) ParNew: 18913K->400K(19648K)
[8.193s][info ][gc,heap        ] GC(2875) CMS: 10161K->10943K(43712K)
[8.193s][info ][gc,metaspace   ] GC(2875) Metaspace: 5340K->5340K(1056768K)
[8.193s][info ][gc             ] GC(2875) Pause Young (Allocation Failure) 28M->11M(61M) 0.874ms
[8.193s][info ][gc,cpu         ] GC(2875) User=0.00s Sys=0.00s Real=0.00s
[8.194s][info ][gc,start       ] GC(2876) Pause Young (Allocation Failure)
[8.194s][info ][gc,task        ] GC(2876) Using 8 workers of 8 for evacuation
[8.195s][debug][gc,age         ] GC(2876) Desired survivor size 1114112 bytes, new threshold 1 (max threshold 6)
[8.195s][info ][gc,heap        ] GC(2876) ParNew: 17872K->1967K(19648K)
[8.195s][info ][gc,heap        ] GC(2876) CMS: 10943K->11724K(43712K)
[8.195s][info ][gc,metaspace   ] GC(2876) Metaspace: 5340K->5340K(1056768K)
[8.195s][info ][gc             ] GC(2876) Pause Young (Allocation Failure) 28M->13M(61M) 1.204ms
[8.196s][info ][gc,cpu         ] GC(2876) User=0.01s Sys=0.00s Real=0.00s
[8.197s][info ][gc,start       ] GC(2877) Pause Young (Allocation Failure)
[8.197s][info ][gc,task        ] GC(2877) Using 8 workers of 8 for evacuation
[8.198s][debug][gc,age         ] GC(2877) Desired survivor size 1114112 bytes, new threshold 1 (max threshold 6)
[8.198s][info ][gc,heap        ] GC(2877) ParNew: 19218K->1965K(19648K)
[8.198s][info ][gc,heap        ] GC(2877) CMS: 11724K->12115K(43712K)
[8.198s][info ][gc,metaspace   ] GC(2877) Metaspace: 5340K->5340K(1056768K)
[8.198s][info ][gc             ] GC(2877) Pause Young (Allocation Failure) 30M->13M(61M) 1.184ms
[8.198s][info ][gc,cpu         ] GC(2877) User=0.00s Sys=0.00s Real=0.00s
[8.199s][info ][gc,start       ] GC(2878) Pause Young (Allocation Failure)
[8.199s][info ][gc,task        ] GC(2878) Using 8 workers of 8 for evacuation
[8.200s][debug][gc,age         ] GC(2878) Desired survivor size 1114112 bytes, new threshold 1 (max threshold 6)
[8.200s][info ][gc,heap        ] GC(2878) ParNew: 19176K->1969K(19648K)
[8.200s][info ][gc,heap        ] GC(2878) CMS: 12115K->12506K(43712K)
[8.200s][info ][gc,metaspace   ] GC(2878) Metaspace: 5340K->5340K(1056768K)
[8.200s][info ][gc             ] GC(2878) Pause Young (Allocation Failure) 30M->14M(61M) 0.443ms
[8.200s][info ][gc,cpu         ] GC(2878) User=0.00s Sys=0.00s Real=0.00s
[8.201s][info ][gc,start       ] GC(2879) Pause Young (Allocation Failure)
[8.201s][info ][gc,task        ] GC(2879) Using 8 workers of 8 for evacuation
[8.202s][debug][gc,age         ] GC(2879) Desired survivor size 1114112 bytes, new threshold 1 (max threshold 6)
[8.202s][info ][gc,heap        ] GC(2879) ParNew: 19155K->1967K(19648K)
[8.202s][info ][gc,heap        ] GC(2879) CMS: 12506K->12896K(43712K)
[8.202s][info ][gc,metaspace   ] GC(2879) Metaspace: 5340K->5340K(1056768K)
[8.202s][info ][gc             ] GC(2879) Pause Young (Allocation Failure) 30M->14M(61M) 1.205ms
[8.202s][info ][gc,cpu         ] GC(2879) User=0.01s Sys=0.00s Real=0.00s
[8.204s][info ][gc,start       ] GC(2880) Pause Young (Allocation Failure)
[8.204s][info ][gc,task        ] GC(2880) Using 8 workers of 8 for evacuation
[8.205s][debug][gc,age         ] GC(2880) Desired survivor size 1114112 bytes, new threshold 1 (max threshold 6)
[8.205s][info ][gc,heap        ] GC(2880) ParNew: 19137K->1967K(19648K)
[8.205s][info ][gc,heap        ] GC(2880) CMS: 12896K->13678K(43712K)
[8.205s][info ][gc,metaspace   ] GC(2880) Metaspace: 5340K->5340K(1056768K)
[8.205s][info ][gc             ] GC(2880) Pause Young (Allocation Failure) 31M->15M(61M) 0.791ms
[8.205s][info ][gc,cpu         ] GC(2880) User=0.01s Sys=0.00s Real=0.00s
[8.206s][info ][gc,start       ] GC(2881) Pause Young (Allocation Failure)
[8.206s][info ][gc,task        ] GC(2881) Using 8 workers of 8 for evacuation
[8.207s][debug][gc,age         ] GC(2881) Desired survivor size 1114112 bytes, new threshold 1 (max threshold 6)
[8.207s][info ][gc,heap        ] GC(2881) ParNew: 19126K->1574K(19648K)
[8.207s][info ][gc,heap        ] GC(2881) CMS: 13678K->13678K(43712K)
[8.207s][info ][gc,metaspace   ] GC(2881) Metaspace: 5340K->5340K(1056768K)
[8.207s][info ][gc             ] GC(2881) Pause Young (Allocation Failure) 32M->14M(61M) 1.043ms
[8.207s][info ][gc,cpu         ] GC(2881) User=0.00s Sys=0.00s Real=0.00s
[8.208s][info ][gc,start       ] GC(2882) Pause Young (Allocation Failure)
[8.208s][info ][gc,task        ] GC(2882) Using 8 workers of 8 for evacuation
[8.209s][debug][gc,age         ] GC(2882) Desired survivor size 1114112 bytes, new threshold 1 (max threshold 6)
[8.209s][info ][gc,heap        ] GC(2882) ParNew: 18727K->1965K(19648K)
[8.209s][info ][gc,heap        ] GC(2882) CMS: 13678K->14459K(43712K)
[8.209s][info ][gc,metaspace   ] GC(2882) Metaspace: 5340K->5340K(1056768K)
[8.209s][info ][gc             ] GC(2882) Pause Young (Allocation Failure) 31M->16M(61M) 0.973ms
[8.209s][info ][gc,cpu         ] GC(2882) User=0.00s Sys=0.00s Real=0.00s
[8.211s][info ][gc,start       ] GC(2883) Pause Young (Allocation Failure)
[8.211s][info ][gc,task        ] GC(2883) Using 8 workers of 8 for evacuation
[8.212s][debug][gc,age         ] GC(2883) Desired survivor size 1114112 bytes, new threshold 1 (max threshold 6)
[8.212s][info ][gc,heap        ] GC(2883) ParNew: 19113K->1963K(19648K)
[8.212s][info ][gc,heap        ] GC(2883) CMS: 14459K->14459K(43712K)
[8.212s][info ][gc,metaspace   ] GC(2883) Metaspace: 5340K->5340K(1056768K)
[8.212s][info ][gc             ] GC(2883) Pause Young (Allocation Failure) 32M->16M(61M) 1.249ms
[8.212s][info ][gc,cpu         ] GC(2883) User=0.01s Sys=0.00s Real=0.00s
[8.213s][info ][gc,start       ] GC(2884) Pause Young (Allocation Failure)
[8.213s][info ][gc,task        ] GC(2884) Using 8 workers of 8 for evacuation
[8.214s][debug][gc,age         ] GC(2884) Desired survivor size 1114112 bytes, new threshold 1 (max threshold 6)
[8.214s][info ][gc,heap        ] GC(2884) ParNew: 19108K->1574K(19648K)
[8.214s][info ][gc,heap        ] GC(2884) CMS: 14459K->14459K(43712K)
[8.214s][info ][gc,metaspace   ] GC(2884) Metaspace: 5340K->5340K(1056768K)
[8.214s][info ][gc             ] GC(2884) Pause Young (Allocation Failure) 32M->15M(61M) 1.060ms
[8.214s][info ][gc,cpu         ] GC(2884) User=0.01s Sys=0.00s Real=0.00s
[8.216s][info ][gc,start       ] GC(2885) Pause Young (Allocation Failure)
[8.216s][info ][gc,task        ] GC(2885) Using 8 workers of 8 for evacuation
[8.217s][debug][gc,age         ] GC(2885) Desired survivor size 1114112 bytes, new threshold 1 (max threshold 6)
[8.217s][info ][gc,heap        ] GC(2885) ParNew: 18718K->1959K(19648K)
[8.217s][info ][gc,heap        ] GC(2885) CMS: 14459K->15632K(43712K)
[8.217s][info ][gc,metaspace   ] GC(2885) Metaspace: 5340K->5340K(1056768K)
[8.217s][info ][gc             ] GC(2885) Pause Young (Allocation Failure) 32M->17M(61M) 1.253ms
[8.217s][info ][gc,cpu         ] GC(2885) User=0.00s Sys=0.00s Real=0.00s
[8.219s][info ][gc,start       ] GC(2886) Pause Young (Allocation Failure)
[8.219s][info ][gc,task        ] GC(2886) Using 8 workers of 8 for evacuation
[8.220s][debug][gc,age         ] GC(2886) Desired survivor size 1114112 bytes, new threshold 1 (max threshold 6)
[8.220s][info ][gc,heap        ] GC(2886) ParNew: 19101K->1568K(19648K)
[8.220s][info ][gc,heap        ] GC(2886) CMS: 15632K->15632K(43712K)
[8.220s][info ][gc,metaspace   ] GC(2886) Metaspace: 5340K->5340K(1056768K)
[8.220s][info ][gc             ] GC(2886) Pause Young (Allocation Failure) 33M->16M(61M) 1.315ms
[8.220s][info ][gc,cpu         ] GC(2886) User=0.00s Sys=0.00s Real=0.00s
[8.221s][info ][gc,start       ] GC(2887) Pause Young (Allocation Failure)
[8.221s][info ][gc,task        ] GC(2887) Using 8 workers of 8 for evacuation
[8.223s][debug][gc,age         ] GC(2887) Desired survivor size 1114112 bytes, new threshold 1 (max threshold 6)
[8.223s][info ][gc,heap        ] GC(2887) ParNew: 18710K->1959K(19648K)
[8.223s][info ][gc,heap        ] GC(2887) CMS: 15632K->16804K(43712K)
[8.223s][info ][gc,metaspace   ] GC(2887) Metaspace: 5340K->5340K(1056768K)
[8.223s][info ][gc             ] GC(2887) Pause Young (Allocation Failure) 33M->18M(61M) 1.281ms
[8.223s][info ][gc,cpu         ] GC(2887) User=0.00s Sys=0.00s Real=0.00s
[8.224s][info ][gc,start       ] GC(2888) Pause Young (Allocation Failure)
[8.224s][info ][gc,task        ] GC(2888) Using 8 workers of 8 for evacuation
[8.225s][debug][gc,age         ] GC(2888) Desired survivor size 1114112 bytes, new threshold 1 (max threshold 6)
[8.225s][info ][gc,heap        ] GC(2888) ParNew: 19431K->1961K(19648K)
[8.225s][info ][gc,heap        ] GC(2888) CMS: 16804K->17585K(43712K)
[8.225s][info ][gc,metaspace   ] GC(2888) Metaspace: 5340K->5340K(1056768K)
[8.225s][info ][gc             ] GC(2888) Pause Young (Allocation Failure) 35M->19M(61M) 1.309ms
[8.225s][info ][gc,cpu         ] GC(2888) User=0.00s Sys=0.00s Real=0.00s
[8.227s][info ][gc,start       ] GC(2889) Pause Young (Allocation Failure)
[8.227s][info ][gc,task        ] GC(2889) Using 8 workers of 8 for evacuation
[8.228s][debug][gc,age         ] GC(2889) Desired survivor size 1114112 bytes, new threshold 1 (max threshold 6)
[8.228s][info ][gc,heap        ] GC(2889) ParNew: 19354K->1568K(19648K)
[8.228s][info ][gc,heap        ] GC(2889) CMS: 17585K->18368K(43712K)
[8.228s][info ][gc,metaspace   ] GC(2889) Metaspace: 5340K->5340K(1056768K)
[8.228s][info ][gc             ] GC(2889) Pause Young (Allocation Failure) 36M->19M(61M) 1.306ms
[8.228s][info ][gc,cpu         ] GC(2889) User=0.00s Sys=0.00s Real=0.00s
[8.229s][info ][gc,start       ] GC(2890) Pause Young (Allocation Failure)
[8.230s][info ][gc,task        ] GC(2890) Using 8 workers of 8 for evacuation
[8.230s][debug][gc,age         ] GC(2890) Desired survivor size 1114112 bytes, new threshold 1 (max threshold 6)
[8.230s][info ][gc,heap        ] GC(2890) ParNew: 18721K->1967K(19648K)
[8.230s][info ][gc,heap        ] GC(2890) CMS: 18368K->19149K(43712K)
[8.230s][info ][gc,metaspace   ] GC(2890) Metaspace: 5340K->5340K(1056768K)
[8.230s][info ][gc             ] GC(2890) Pause Young (Allocation Failure) 36M->20M(61M) 0.527ms
[8.230s][info ][gc,cpu         ] GC(2890) User=0.00s Sys=0.00s Real=0.00s
[8.231s][info ][gc,start       ] GC(2891) Pause Young (Allocation Failure)
[8.231s][info ][gc,task        ] GC(2891) Using 8 workers of 8 for evacuation
[8.233s][debug][gc,age         ] GC(2891) Desired survivor size 1114112 bytes, new threshold 1 (max threshold 6)
[8.233s][info ][gc,heap        ] GC(2891) ParNew: 19166K->1967K(19648K)
[8.233s][info ][gc,heap        ] GC(2891) CMS: 19149K->19540K(43712K)
[8.233s][info ][gc,metaspace   ] GC(2891) Metaspace: 5340K->5340K(1056768K)
[8.233s][info ][gc             ] GC(2891) Pause Young (Allocation Failure) 37M->21M(61M) 1.219ms
[8.233s][info ][gc,cpu         ] GC(2891) User=0.00s Sys=0.00s Real=0.00s
[8.234s][info ][gc,start       ] GC(2892) Pause Young (Allocation Failure)
[8.234s][info ][gc,task        ] GC(2892) Using 8 workers of 8 for evacuation
[8.235s][debug][gc,age         ] GC(2892) Desired survivor size 1114112 bytes, new threshold 1 (max threshold 6)
[8.235s][info ][gc,heap        ] GC(2892) ParNew: 19103K->1967K(19648K)
[8.235s][info ][gc,heap        ] GC(2892) CMS: 19540K->19931K(43712K)
[8.235s][info ][gc,metaspace   ] GC(2892) Metaspace: 5340K->5340K(1056768K)
[8.235s][info ][gc             ] GC(2892) Pause Young (Allocation Failure) 37M->21M(61M) 1.154ms
[8.235s][info ][gc,cpu         ] GC(2892) User=0.01s Sys=0.00s Real=0.00s
[8.236s][info ][gc,start       ] GC(2893) Pause Young (Allocation Failure)
[8.236s][info ][gc,task        ] GC(2893) Using 8 workers of 8 for evacuation
[8.237s][debug][gc,age         ] GC(2893) Desired survivor size 1114112 bytes, new threshold 1 (max threshold 6)
[8.237s][info ][gc,heap        ] GC(2893) ParNew: 19147K->1965K(19648K)
[8.237s][info ][gc,heap        ] GC(2893) CMS: 19931K->20322K(43712K)
[8.237s][info ][gc,metaspace   ] GC(2893) Metaspace: 5340K->5340K(1056768K)
[8.237s][info ][gc             ] GC(2893) Pause Young (Allocation Failure) 38M->21M(61M) 1.109ms
[8.237s][info ][gc,cpu         ] GC(2893) User=0.00s Sys=0.00s Real=0.00s
[8.239s][info ][gc,start       ] GC(2894) Pause Young (Allocation Failure)
[8.239s][info ][gc,task        ] GC(2894) Using 8 workers of 8 for evacuation
[8.239s][debug][gc,age         ] GC(2894) Desired survivor size 1114112 bytes, new threshold 1 (max threshold 6)
[8.239s][info ][gc,heap        ] GC(2894) ParNew: 19131K->1969K(19648K)
[8.239s][info ][gc,heap        ] GC(2894) CMS: 20322K->20713K(43712K)
[8.239s][info ][gc,metaspace   ] GC(2894) Metaspace: 5340K->5340K(1056768K)
[8.239s][info ][gc             ] GC(2894) Pause Young (Allocation Failure) 38M->22M(61M) 0.438ms
[8.239s][info ][gc,cpu         ] GC(2894) User=0.00s Sys=0.00s Real=0.00s
[8.241s][info ][gc,start       ] GC(2895) Pause Young (Allocation Failure)
[8.241s][info ][gc,task        ] GC(2895) Using 8 workers of 8 for evacuation
[8.241s][debug][gc,age         ] GC(2895) Desired survivor size 1114112 bytes, new threshold 1 (max threshold 6)
[8.241s][info ][gc,heap        ] GC(2895) ParNew: 19126K->1969K(19648K)
[8.241s][info ][gc,heap        ] GC(2895) CMS: 20713K->21103K(43712K)
[8.241s][info ][gc,metaspace   ] GC(2895) Metaspace: 5340K->5340K(1056768K)
[8.241s][info ][gc             ] GC(2895) Pause Young (Allocation Failure) 38M->22M(61M) 0.453ms
[8.241s][info ][gc,cpu         ] GC(2895) User=0.00s Sys=0.00s Real=0.00s
[8.243s][info ][gc,start       ] GC(2896) Pause Young (Allocation Failure)
[8.243s][info ][gc,task        ] GC(2896) Using 8 workers of 8 for evacuation
[8.243s][debug][gc,age         ] GC(2896) Desired survivor size 1114112 bytes, new threshold 1 (max threshold 6)
[8.243s][info ][gc,heap        ] GC(2896) ParNew: 19120K->1967K(19648K)
[8.243s][info ][gc,heap        ] GC(2896) CMS: 21103K->21494K(43712K)
[8.243s][info ][gc,metaspace   ] GC(2896) Metaspace: 5340K->5340K(1056768K)
[8.243s][info ][gc             ] GC(2896) Pause Young (Allocation Failure) 39M->22M(61M) 0.440ms
[8.243s][info ][gc,cpu         ] GC(2896) User=0.00s Sys=0.00s Real=0.01s
[8.244s][info ][gc,start       ] GC(2897) Pause Young (Allocation Failure)
[8.244s][info ][gc,task        ] GC(2897) Using 8 workers of 8 for evacuation
[8.245s][debug][gc,age         ] GC(2897) Desired survivor size 1114112 bytes, new threshold 1 (max threshold 6)
[8.245s][info ][gc,heap        ] GC(2897) ParNew: 19416K->1186K(19648K)
[8.245s][info ][gc,heap        ] GC(2897) CMS: 21494K->21886K(43712K)
[8.245s][info ][gc,metaspace   ] GC(2897) Metaspace: 5340K->5340K(1056768K)
[8.245s][info ][gc             ] GC(2897) Pause Young (Allocation Failure) 39M->22M(61M) 0.475ms
[8.245s][info ][gc,cpu         ] GC(2897) User=0.01s Sys=0.00s Real=0.00s
[8.246s][info ][gc,start       ] GC(2898) Pause Young (Allocation Failure)
[8.246s][info ][gc,task        ] GC(2898) Using 8 workers of 8 for evacuation
[8.247s][debug][gc,age         ] GC(2898) Desired survivor size 1114112 bytes, new threshold 1 (max threshold 6)
[8.247s][info ][gc,heap        ] GC(2898) ParNew: 18637K->1963K(19648K)
[8.247s][info ][gc,heap        ] GC(2898) CMS: 21886K->22277K(43712K)
[8.247s][info ][gc,metaspace   ] GC(2898) Metaspace: 5340K->5340K(1056768K)
[8.247s][info ][gc             ] GC(2898) Pause Young (Allocation Failure) 39M->23M(61M) 1.128ms
[8.248s][info ][gc,cpu         ] GC(2898) User=0.01s Sys=0.00s Real=0.00s
[8.249s][info ][gc,start       ] GC(2899) Pause Young (Allocation Failure)
[8.249s][info ][gc,task        ] GC(2899) Using 8 workers of 8 for evacuation
[8.251s][debug][gc,age         ] GC(2899) Desired survivor size 1114112 bytes, new threshold 1 (max threshold 6)
[8.251s][info ][gc,heap        ] GC(2899) ParNew: 19413K->1177K(19648K)
[8.251s][info ][gc,heap        ] GC(2899) CMS: 22277K->23450K(43712K)
[8.251s][info ][gc,metaspace   ] GC(2899) Metaspace: 5340K->5340K(1056768K)
[8.251s][info ][gc             ] GC(2899) Pause Young (Allocation Failure) 40M->24M(61M) 2.039ms
[8.251s][info ][gc,cpu         ] GC(2899) User=0.01s Sys=0.00s Real=0.00s
[8.253s][info ][gc,start       ] GC(2900) Pause Young (Allocation Failure)
[8.253s][info ][gc,task        ] GC(2900) Using 8 workers of 8 for evacuation
[8.254s][debug][gc,age         ] GC(2900) Desired survivor size 1114112 bytes, new threshold 1 (max threshold 6)
[8.254s][info ][gc,heap        ] GC(2900) ParNew: 18351K->1572K(19648K)
[8.254s][info ][gc,heap        ] GC(2900) CMS: 23450K->23841K(43712K)
[8.254s][info ][gc,metaspace   ] GC(2900) Metaspace: 5340K->5340K(1056768K)
[8.254s][info ][gc             ] GC(2900) Pause Young (Allocation Failure) 40M->24M(61M) 1.307ms
[8.254s][info ][gc,cpu         ] GC(2900) User=0.01s Sys=0.00s Real=0.01s
[8.255s][info ][gc,start       ] GC(2901) Pause Young (Allocation Failure)
[8.255s][info ][gc,task        ] GC(2901) Using 8 workers of 8 for evacuation
[8.256s][debug][gc,age         ] GC(2901) Desired survivor size 1114112 bytes, new threshold 1 (max threshold 6)
[8.256s][info ][gc,heap        ] GC(2901) ParNew: 18939K->1177K(19648K)
[8.256s][info ][gc,heap        ] GC(2901) CMS: 23841K->24623K(43712K)
[8.256s][info ][gc,metaspace   ] GC(2901) Metaspace: 5340K->5340K(1056768K)
[8.256s][info ][gc             ] GC(2901) Pause Young (Allocation Failure) 41M->25M(61M) 1.182ms
[8.256s][info ][gc,cpu         ] GC(2901) User=0.01s Sys=0.00s Real=0.00s
[8.258s][info ][gc,start       ] GC(2902) Pause Young (Allocation Failure)
[8.258s][info ][gc,task        ] GC(2902) Using 8 workers of 8 for evacuation
[8.259s][debug][gc,age         ] GC(2902) Desired survivor size 1114112 bytes, new threshold 6 (max threshold 6)
[8.259s][info ][gc,heap        ] GC(2902) ParNew: 18649K->787K(19648K)
[8.259s][info ][gc,heap        ] GC(2902) CMS: 24623K->25405K(43712K)
[8.259s][info ][gc,metaspace   ] GC(2902) Metaspace: 5340K->5340K(1056768K)
[8.259s][info ][gc             ] GC(2902) Pause Young (Allocation Failure) 42M->25M(61M) 1.557ms
[8.259s][info ][gc,cpu         ] GC(2902) User=0.01s Sys=0.00s Real=0.00s
[8.261s][info ][gc,start       ] GC(2903) Pause Young (Allocation Failure)
[8.261s][info ][gc,task        ] GC(2903) Using 8 workers of 8 for evacuation
[8.262s][debug][gc,age         ] GC(2903) Desired survivor size 1114112 bytes, new threshold 2 (max threshold 6)
[8.262s][info ][gc,heap        ] GC(2903) ParNew: 18259K->1182K(19648K)
[8.262s][info ][gc,heap        ] GC(2903) CMS: 25405K->25405K(43712K)
[8.262s][info ][gc,metaspace   ] GC(2903) Metaspace: 5340K->5340K(1056768K)
[8.262s][info ][gc             ] GC(2903) Pause Young (Allocation Failure) 42M->25M(61M) 1.232ms
[8.262s][info ][gc,cpu         ] GC(2903) User=0.01s Sys=0.00s Real=0.00s
[8.263s][info ][gc,start       ] GC(2904) Pause Young (Allocation Failure)
[8.263s][info ][gc,task        ] GC(2904) Using 8 workers of 8 for evacuation
[8.265s][debug][gc,age         ] GC(2904) Desired survivor size 1114112 bytes, new threshold 1 (max threshold 6)
[8.265s][info ][gc,heap        ] GC(2904) ParNew: 18500K->1967K(19648K)
[8.265s][info ][gc,heap        ] GC(2904) CMS: 25405K->25796K(43712K)
[8.265s][info ][gc,metaspace   ] GC(2904) Metaspace: 5340K->5340K(1056768K)
[8.265s][info ][gc             ] GC(2904) Pause Young (Allocation Failure) 42M->27M(61M) 1.291ms
[8.265s][info ][gc,cpu         ] GC(2904) User=0.01s Sys=0.00s Real=0.00s
[8.266s][info ][gc,start       ] GC(2905) Pause Young (Allocation Failure)
[8.266s][info ][gc,task        ] GC(2905) Using 8 workers of 8 for evacuation
[8.266s][debug][gc,age         ] GC(2905) Desired survivor size 1114112 bytes, new threshold 1 (max threshold 6)
[8.266s][info ][gc,heap        ] GC(2905) ParNew: 19222K->1967K(19648K)
[8.266s][info ][gc,heap        ] GC(2905) CMS: 25796K->26578K(43712K)
[8.266s][info ][gc,metaspace   ] GC(2905) Metaspace: 5340K->5340K(1056768K)
[8.267s][info ][gc             ] GC(2905) Pause Young (Allocation Failure) 43M->27M(61M) 0.568ms
[8.267s][info ][gc,cpu         ] GC(2905) User=0.00s Sys=0.00s Real=0.00s
[8.268s][info ][gc,start       ] GC(2906) Pause Young (Allocation Failure)
[8.268s][info ][gc,task        ] GC(2906) Using 8 workers of 8 for evacuation
[8.269s][debug][gc,age         ] GC(2906) Desired survivor size 1114112 bytes, new threshold 1 (max threshold 6)
[8.269s][info ][gc,heap        ] GC(2906) ParNew: 19181K->1965K(19648K)
[8.269s][info ][gc,heap        ] GC(2906) CMS: 26578K->27750K(43712K)
[8.269s][info ][gc,metaspace   ] GC(2906) Metaspace: 5340K->5340K(1056768K)
[8.269s][info ][gc             ] GC(2906) Pause Young (Allocation Failure) 44M->29M(61M) 0.969ms
[8.269s][info ][gc,cpu         ] GC(2906) User=0.00s Sys=0.00s Real=0.00s
[8.270s][info ][gc,start       ] GC(2907) Pause Young (Allocation Failure)
[8.270s][info ][gc,task        ] GC(2907) Using 8 workers of 8 for evacuation
[8.271s][debug][gc,age         ] GC(2907) Desired survivor size 1114112 bytes, new threshold 1 (max threshold 6)
[8.271s][info ][gc,heap        ] GC(2907) ParNew: 19437K->1965K(19648K)
[8.271s][info ][gc,heap        ] GC(2907) CMS: 27750K->27750K(43712K)
[8.271s][info ][gc,metaspace   ] GC(2907) Metaspace: 5340K->5340K(1056768K)
[8.271s][info ][gc             ] GC(2907) Pause Young (Allocation Failure) 46M->29M(61M) 0.450ms
[8.271s][info ][gc,cpu         ] GC(2907) User=0.00s Sys=0.00s Real=0.00s
[8.272s][info ][gc,start       ] GC(2908) Pause Young (Allocation Failure)
[8.272s][info ][gc,task        ] GC(2908) Using 8 workers of 8 for evacuation
[8.273s][debug][gc,age         ] GC(2908) Desired survivor size 1114112 bytes, new threshold 1 (max threshold 6)
[8.273s][info ][gc,heap        ] GC(2908) ParNew: 19156K->1965K(19648K)
[8.273s][info ][gc,heap        ] GC(2908) CMS: 27750K->28531K(43712K)
[8.273s][info ][gc,metaspace   ] GC(2908) Metaspace: 5340K->5340K(1056768K)
[8.273s][info ][gc             ] GC(2908) Pause Young (Allocation Failure) 45M->29M(61M) 1.185ms
[8.273s][info ][gc,cpu         ] GC(2908) User=0.00s Sys=0.00s Real=0.01s
[8.275s][info ][gc,start       ] GC(2909) Pause Young (Allocation Failure)
[8.275s][info ][gc,task        ] GC(2909) Using 8 workers of 8 for evacuation
[8.277s][debug][gc,age         ] GC(2909) Desired survivor size 1114112 bytes, new threshold 1 (max threshold 6)
[8.277s][info ][gc,heap        ] GC(2909) ParNew: 19093K->1965K(19648K)
[8.277s][info ][gc,heap        ] GC(2909) CMS: 28531K->29313K(43712K)
[8.277s][info ][gc,metaspace   ] GC(2909) Metaspace: 5340K->5340K(1056768K)
[8.277s][info ][gc             ] GC(2909) Pause Young (Allocation Failure) 46M->30M(61M) 2.075ms
[8.277s][info ][gc,cpu         ] GC(2909) User=0.01s Sys=0.00s Real=0.00s
[8.278s][info ][gc,start       ] GC(2910) Pause Young (Allocation Failure)
[8.278s][info ][gc,task        ] GC(2910) Using 8 workers of 8 for evacuation
[8.280s][debug][gc,age         ] GC(2910) Desired survivor size 1114112 bytes, new threshold 1 (max threshold 6)
[8.280s][info ][gc,heap        ] GC(2910) ParNew: 19098K->1959K(19648K)
[8.280s][info ][gc,heap        ] GC(2910) CMS: 29313K->30095K(43712K)
[8.280s][info ][gc,metaspace   ] GC(2910) Metaspace: 5340K->5340K(1056768K)
[8.280s][info ][gc             ] GC(2910) Pause Young (Allocation Failure) 47M->31M(61M) 1.488ms
[8.280s][info ][gc,cpu         ] GC(2910) User=0.01s Sys=0.00s Real=0.00s
[8.281s][info ][gc,start       ] GC(2911) Pause Young (Allocation Failure)
[8.281s][info ][gc,task        ] GC(2911) Using 8 workers of 8 for evacuation
[8.282s][debug][gc,age         ] GC(2911) Desired survivor size 1114112 bytes, new threshold 1 (max threshold 6)
[8.282s][info ][gc,heap        ] GC(2911) ParNew: 19094K->1959K(19648K)
[8.282s][info ][gc,heap        ] GC(2911) CMS: 30095K->30485K(43712K)
[8.282s][info ][gc,metaspace   ] GC(2911) Metaspace: 5340K->5340K(1056768K)
[8.282s][info ][gc             ] GC(2911) Pause Young (Allocation Failure) 48M->31M(61M) 1.372ms
[8.282s][info ][gc,cpu         ] GC(2911) User=0.00s Sys=0.00s Real=0.00s
[8.284s][info ][gc,start       ] GC(2912) Pause Young (Allocation Failure)
[8.284s][info ][gc,task        ] GC(2912) Using 8 workers of 8 for evacuation
[8.285s][debug][gc,age         ] GC(2912) Desired survivor size 1114112 bytes, new threshold 1 (max threshold 6)
[8.285s][info ][gc,heap        ] GC(2912) ParNew: 19138K->1959K(19648K)
[8.285s][info ][gc,heap        ] GC(2912) CMS: 30485K->30876K(43712K)
[8.285s][info ][gc,metaspace   ] GC(2912) Metaspace: 5340K->5340K(1056768K)
[8.285s][info ][gc             ] GC(2912) Pause Young (Allocation Failure) 48M->32M(61M) 1.263ms
[8.285s][info ][gc,cpu         ] GC(2912) User=0.00s Sys=0.00s Real=0.00s
[8.286s][info ][gc,start       ] GC(2913) Pause Young (Allocation Failure)
[8.286s][info ][gc,task        ] GC(2913) Using 8 workers of 8 for evacuation
[8.288s][debug][gc,age         ] GC(2913) Desired survivor size 1114112 bytes, new threshold 1 (max threshold 6)
[8.288s][info ][gc,heap        ] GC(2913) ParNew: 19084K->1959K(19648K)
[8.288s][info ][gc,heap        ] GC(2913) CMS: 30876K->31658K(43712K)
[8.288s][info ][gc,metaspace   ] GC(2913) Metaspace: 5340K->5340K(1056768K)
[8.288s][info ][gc             ] GC(2913) Pause Young (Allocation Failure) 48M->32M(61M) 1.238ms
[8.288s][info ][gc,cpu         ] GC(2913) User=0.00s Sys=0.00s Real=0.00s
[8.289s][info ][gc,start       ] GC(2914) Pause Young (Allocation Failure)
[8.289s][info ][gc,task        ] GC(2914) Using 8 workers of 8 for evacuation
[8.290s][debug][gc,age         ] GC(2914) Desired survivor size 1114112 bytes, new threshold 1 (max threshold 6)
[8.290s][info ][gc,heap        ] GC(2914) ParNew: 19130K->1959K(19648K)
[8.290s][info ][gc,heap        ] GC(2914) CMS: 31658K->31658K(43712K)
[8.290s][info ][gc,metaspace   ] GC(2914) Metaspace: 5340K->5340K(1056768K)
[8.290s][info ][gc             ] GC(2914) Pause Young (Allocation Failure) 49M->32M(61M) 1.153ms
[8.290s][info ][gc,cpu         ] GC(2914) User=0.00s Sys=0.00s Real=0.00s
[8.292s][info ][gc,start       ] GC(2915) Pause Young (Allocation Failure)
[8.292s][info ][gc,task        ] GC(2915) Using 8 workers of 8 for evacuation
[8.293s][debug][gc,age         ] GC(2915) Desired survivor size 1114112 bytes, new threshold 1 (max threshold 6)
[8.293s][info ][gc,heap        ] GC(2915) ParNew: 19119K->1963K(19648K)
[8.293s][info ][gc,heap        ] GC(2915) CMS: 31658K->32830K(43712K)
[8.293s][info ][gc,metaspace   ] GC(2915) Metaspace: 5340K->5340K(1056768K)
[8.293s][info ][gc             ] GC(2915) Pause Young (Allocation Failure) 49M->33M(61M) 1.353ms
[8.293s][info ][gc,cpu         ] GC(2915) User=0.00s Sys=0.00s Real=0.01s
[8.294s][info ][gc,start       ] GC(2916) Pause Young (Allocation Failure)
[8.294s][info ][gc,task        ] GC(2916) Using 8 workers of 8 for evacuation
[8.295s][debug][gc,age         ] GC(2916) Desired survivor size 1114112 bytes, new threshold 1 (max threshold 6)
[8.295s][info ][gc,heap        ] GC(2916) ParNew: 19407K->1576K(19648K)
[8.296s][info ][gc,heap        ] GC(2916) CMS: 32830K->33612K(43712K)
[8.296s][info ][gc,metaspace   ] GC(2916) Metaspace: 5340K->5340K(1056768K)
[8.296s][info ][gc             ] GC(2916) Pause Young (Allocation Failure) 51M->34M(61M) 1.186ms
[8.296s][info ][gc,cpu         ] GC(2916) User=0.01s Sys=0.00s Real=0.00s
[8.297s][info ][gc,start       ] GC(2917) Pause Young (Allocation Failure)
[8.297s][info ][gc,task        ] GC(2917) Using 8 workers of 8 for evacuation
[8.298s][debug][gc,age         ] GC(2917) Desired survivor size 1114112 bytes, new threshold 1 (max threshold 6)
[8.298s][info ][gc,heap        ] GC(2917) ParNew: 19022K->1969K(19648K)
[8.298s][info ][gc,heap        ] GC(2917) CMS: 33612K->33613K(43712K)
[8.298s][info ][gc,metaspace   ] GC(2917) Metaspace: 5340K->5340K(1056768K)
[8.298s][info ][gc             ] GC(2917) Pause Young (Allocation Failure) 51M->34M(61M) 1.255ms
[8.298s][info ][gc,cpu         ] GC(2917) User=0.01s Sys=0.00s Real=0.00s
[8.300s][info ][gc,start       ] GC(2918) Pause Young (Allocation Failure)
[8.300s][info ][gc,task        ] GC(2918) Using 8 workers of 8 for evacuation
[8.301s][debug][gc,age         ] GC(2918) Desired survivor size 1114112 bytes, new threshold 1 (max threshold 6)
[8.301s][info ][gc,heap        ] GC(2918) ParNew: 19183K->1179K(19648K)
[8.301s][info ][gc,heap        ] GC(2918) CMS: 33613K->33613K(43712K)
[8.301s][info ][gc,metaspace   ] GC(2918) Metaspace: 5340K->5340K(1056768K)
[8.301s][info ][gc             ] GC(2918) Pause Young (Allocation Failure) 51M->33M(61M) 1.269ms
[8.301s][info ][gc,cpu         ] GC(2918) User=0.00s Sys=0.00s Real=0.00s
[8.302s][info ][gc,start       ] GC(2919) Pause Young (Allocation Failure)
[8.302s][info ][gc,task        ] GC(2919) Using 8 workers of 8 for evacuation
[8.303s][debug][gc,age         ] GC(2919) Desired survivor size 1114112 bytes, new threshold 1 (max threshold 6)
[8.303s][info ][gc,heap        ] GC(2919) ParNew: 18324K->1965K(19648K)
[8.303s][info ][gc,heap        ] GC(2919) CMS: 33613K->33613K(43712K)
[8.303s][info ][gc,metaspace   ] GC(2919) Metaspace: 5340K->5340K(1056768K)
[8.303s][info ][gc             ] GC(2919) Pause Young (Allocation Failure) 50M->34M(61M) 1.087ms
[8.303s][info ][gc,cpu         ] GC(2919) User=0.00s Sys=0.00s Real=0.01s
[8.305s][info ][gc,start       ] GC(2920) Pause Young (Allocation Failure)
[8.305s][info ][gc,task        ] GC(2920) Using 8 workers of 8 for evacuation
[8.305s][debug][gc,age         ] GC(2920) Desired survivor size 1114112 bytes, new threshold 1 (max threshold 6)
[8.305s][info ][gc,heap        ] GC(2920) ParNew: 19394K->1967K(19648K)
[8.305s][info ][gc,heap        ] GC(2920) CMS: 33613K->34395K(43712K)
[8.305s][info ][gc,metaspace   ] GC(2920) Metaspace: 5340K->5340K(1056768K)
[8.305s][info ][gc             ] GC(2920) Pause Young (Allocation Failure) 51M->35M(61M) 0.579ms
[8.305s][info ][gc,cpu         ] GC(2920) User=0.00s Sys=0.00s Real=0.00s
[8.307s][info ][gc,start       ] GC(2921) Pause Young (Allocation Failure)
[8.307s][info ][gc,task        ] GC(2921) Using 8 workers of 8 for evacuation
[8.308s][debug][gc,age         ] GC(2921) Desired survivor size 1114112 bytes, new threshold 1 (max threshold 6)
[8.308s][info ][gc,heap        ] GC(2921) ParNew: 19187K->1969K(19648K)
[8.308s][info ][gc,heap        ] GC(2921) CMS: 34395K->34396K(43712K)
[8.308s][info ][gc,metaspace   ] GC(2921) Metaspace: 5340K->5340K(1056768K)
[8.308s][info ][gc             ] GC(2921) Pause Young (Allocation Failure) 52M->35M(61M) 1.096ms
[8.308s][info ][gc,cpu         ] GC(2921) User=0.00s Sys=0.00s Real=0.00s
[8.309s][info ][gc,start       ] GC(2922) Pause Young (Allocation Failure)
[8.309s][info ][gc,task        ] GC(2922) Using 8 workers of 8 for evacuation
[8.310s][debug][gc,age         ] GC(2922) Desired survivor size 1114112 bytes, new threshold 1 (max threshold 6)
[8.310s][info ][gc,heap        ] GC(2922) ParNew: 19405K->1967K(19648K)
[8.310s][info ][gc,heap        ] GC(2922) CMS: 34396K->35568K(43712K)
[8.310s][info ][gc,metaspace   ] GC(2922) Metaspace: 5340K->5340K(1056768K)
[8.310s][info ][gc             ] GC(2922) Pause Young (Allocation Failure) 52M->36M(61M) 0.657ms
[8.310s][info ][gc,cpu         ] GC(2922) User=0.00s Sys=0.00s Real=0.00s
[8.310s][info ][gc,start       ] GC(2923) Pause Initial Mark
[8.310s][info ][gc             ] GC(2923) Pause Initial Mark 39M->39M(61M) 0.121ms
[8.310s][info ][gc,cpu         ] GC(2923) User=0.00s Sys=0.00s Real=0.00s
[8.310s][info ][gc             ] GC(2923) Concurrent Mark
[8.310s][info ][gc,task        ] GC(2923) Using 2 workers of 2 for marking
[8.311s][info ][gc,start       ] GC(2924) Pause Young (Allocation Failure)
[8.311s][info ][gc,task        ] GC(2924) Using 8 workers of 8 for evacuation
[8.313s][debug][gc,age         ] GC(2924) Desired survivor size 1114112 bytes, new threshold 1 (max threshold 6)
[8.313s][info ][gc,heap        ] GC(2924) ParNew: 19193K->1969K(19648K)
[8.313s][info ][gc,heap        ] GC(2924) CMS: 35568K->35960K(43712K)
[8.313s][info ][gc,metaspace   ] GC(2924) Metaspace: 5340K->5340K(1056768K)
[8.313s][info ][gc             ] GC(2924) Pause Young (Allocation Failure) 53M->37M(61M) 1.240ms
[8.313s][info ][gc,cpu         ] GC(2924) User=0.00s Sys=0.00s Real=0.00s
[8.314s][info ][gc,start       ] GC(2925) Pause Young (Allocation Failure)
[8.314s][info ][gc,task        ] GC(2925) Using 8 workers of 8 for evacuation
[8.316s][debug][gc,age         ] GC(2925) Desired survivor size 1114112 bytes, new threshold 1 (max threshold 6)
[8.316s][info ][gc,heap        ] GC(2925) ParNew: 19100K->1570K(19648K)
[8.316s][info ][gc,heap        ] GC(2925) CMS: 35960K->36351K(43712K)
[8.316s][info ][gc,metaspace   ] GC(2925) Metaspace: 5340K->5340K(1056768K)
[8.316s][info ][gc             ] GC(2925) Pause Young (Allocation Failure) 53M->37M(61M) 1.492ms
[8.316s][info ][gc,cpu         ] GC(2925) User=0.01s Sys=0.00s Real=0.00s
[8.316s][info ][gc             ] GC(2923) Concurrent Mark 5.910ms
[8.316s][info ][gc,cpu         ] GC(2923) User=0.03s Sys=0.00s Real=0.01s
[8.316s][info ][gc             ] GC(2923) Concurrent Preclean
[8.316s][info ][gc             ] GC(2923) Concurrent Preclean 0.125ms
[8.316s][info ][gc,cpu         ] GC(2923) User=0.00s Sys=0.00s Real=0.00s
[8.316s][info ][gc             ] GC(2923) Concurrent Abortable Preclean
[8.317s][info ][gc,start       ] GC(2926) Pause Young (Allocation Failure)
[8.317s][info ][gc,task        ] GC(2926) Using 8 workers of 8 for evacuation
[8.318s][debug][gc,age         ] GC(2926) Desired survivor size 1114112 bytes, new threshold 1 (max threshold 6)
[8.318s][info ][gc,heap        ] GC(2926) ParNew: 19013K->1177K(19648K)
[8.318s][info ][gc,heap        ] GC(2926) CMS: 36351K->36742K(43712K)
[8.318s][info ][gc,metaspace   ] GC(2926) Metaspace: 5340K->5340K(1056768K)
[8.318s][info ][gc             ] GC(2926) Pause Young (Allocation Failure) 54M->37M(61M) 1.162ms
[8.318s][info ][gc,cpu         ] GC(2926) User=0.01s Sys=0.00s Real=0.00s
[8.320s][info ][gc,start       ] GC(2927) Pause Young (Allocation Failure)
[8.320s][info ][gc,task        ] GC(2927) Using 8 workers of 8 for evacuation
[8.321s][debug][gc,age         ] GC(2927) Desired survivor size 1114112 bytes, new threshold 6 (max threshold 6)
[8.321s][info ][gc,heap        ] GC(2927) ParNew: 18560K->787K(19648K)
[8.321s][info ][gc,heap        ] GC(2927) CMS: 36742K->37133K(43712K)
[8.321s][info ][gc,metaspace   ] GC(2927) Metaspace: 5340K->5340K(1056768K)
[8.321s][info ][gc             ] GC(2927) Pause Young (Allocation Failure) 54M->37M(61M) 1.092ms
[8.321s][info ][gc,cpu         ] GC(2927) User=0.00s Sys=0.01s Real=0.00s
[8.322s][info ][gc,start       ] GC(2928) Pause Young (Allocation Failure)
[8.322s][info ][gc,task        ] GC(2928) Using 8 workers of 8 for evacuation
[8.324s][debug][gc,age         ] GC(2928) Desired survivor size 1114112 bytes, new threshold 1 (max threshold 6)
[8.324s][info ][gc,heap        ] GC(2928) ParNew: 18259K->1177K(19648K)
[8.324s][info ][gc,heap        ] GC(2928) CMS: 37133K->37133K(43712K)
[8.324s][info ][gc,metaspace   ] GC(2928) Metaspace: 5340K->5340K(1056768K)
[8.324s][info ][gc             ] GC(2928) Pause Young (Allocation Failure) 54M->37M(61M) 1.328ms
[8.324s][info ][gc,cpu         ] GC(2928) User=0.00s Sys=0.00s Real=0.01s
[8.325s][info ][gc,start       ] GC(2929) Pause Young (Allocation Failure)
[8.325s][info ][gc,task        ] GC(2929) Using 8 workers of 8 for evacuation
[8.326s][debug][gc,age         ] GC(2929) Desired survivor size 1114112 bytes, new threshold 6 (max threshold 6)
[8.326s][info ][gc,heap        ] GC(2929) ParNew: 18649K->789K(19648K)
[8.326s][info ][gc,heap        ] GC(2929) CMS: 37133K->37525K(43712K)
[8.326s][info ][gc,metaspace   ] GC(2929) Metaspace: 5340K->5340K(1056768K)
[8.326s][info ][gc             ] GC(2929) Pause Young (Allocation Failure) 54M->37M(61M) 1.155ms
[8.326s][info ][gc,cpu         ] GC(2929) User=0.00s Sys=0.00s Real=0.00s
[8.327s][info ][gc,start       ] GC(2930) Pause Young (Allocation Failure)
[8.327s][info ][gc,task        ] GC(2930) Using 8 workers of 8 for evacuation
[8.329s][debug][gc,age         ] GC(2930) Desired survivor size 1114112 bytes, new threshold 1 (max threshold 6)
[8.329s][info ][gc,heap        ] GC(2930) ParNew: 18096K->1967K(19648K)
[8.329s][info ][gc,heap        ] GC(2930) CMS: 37525K->38306K(43712K)
[8.329s][info ][gc,metaspace   ] GC(2930) Metaspace: 5340K->5340K(1056768K)
[8.329s][info ][gc             ] GC(2930) Pause Young (Allocation Failure) 54M->39M(61M) 1.141ms
[8.329s][info ][gc,cpu         ] GC(2930) User=0.00s Sys=0.00s Real=0.00s
[8.330s][info ][gc,start       ] GC(2931) Pause Young (Allocation Failure)
[8.330s][info ][gc,task        ] GC(2931) Using 8 workers of 8 for evacuation
[8.331s][debug][gc,age         ] GC(2931) Desired survivor size 1114112 bytes, new threshold 1 (max threshold 6)
[8.331s][info ][gc,heap        ] GC(2931) ParNew: 19153K->1969K(19648K)
[8.331s][info ][gc,heap        ] GC(2931) CMS: 38306K->38306K(43712K)
[8.331s][info ][gc,metaspace   ] GC(2931) Metaspace: 5340K->5340K(1056768K)
[8.331s][info ][gc             ] GC(2931) Pause Young (Allocation Failure) 56M->39M(61M) 1.167ms
[8.331s][info ][gc,cpu         ] GC(2931) User=0.01s Sys=0.00s Real=0.00s
[8.333s][info ][gc,start       ] GC(2932) Pause Young (Allocation Failure)
[8.333s][info ][gc,task        ] GC(2932) Using 8 workers of 8 for evacuation
[8.334s][debug][gc,age         ] GC(2932) Desired survivor size 1114112 bytes, new threshold 1 (max threshold 6)
[8.334s][info ][gc,heap        ] GC(2932) ParNew: 19200K->1967K(19648K)
[8.334s][info ][gc,heap        ] GC(2932) CMS: 38306K->38697K(43712K)
[8.334s][info ][gc,metaspace   ] GC(2932) Metaspace: 5340K->5340K(1056768K)
[8.334s][info ][gc             ] GC(2932) Pause Young (Allocation Failure) 56M->39M(61M) 1.191ms
[8.334s][info ][gc,cpu         ] GC(2932) User=0.01s Sys=0.00s Real=0.01s
[8.335s][info ][gc,start       ] GC(2933) Pause Young (Allocation Failure)
[8.335s][info ][gc,task        ] GC(2933) Using 8 workers of 8 for evacuation
[8.336s][debug][gc,age         ] GC(2933) Desired survivor size 1114112 bytes, new threshold 1 (max threshold 6)
[8.336s][info ][gc,heap        ] GC(2933) ParNew: 19439K->1574K(19648K)
[8.336s][info ][gc,heap        ] GC(2933) CMS: 38697K->39479K(43712K)
[8.336s][info ][gc,metaspace   ] GC(2933) Metaspace: 5340K->5340K(1056768K)
[8.336s][info ][gc             ] GC(2933) Pause Young (Allocation Failure) 56M->40M(61M) 0.487ms
[8.336s][info ][gc,cpu         ] GC(2933) User=0.00s Sys=0.00s Real=0.00s
[8.337s][info ][gc,start       ] GC(2934) Pause Young (Allocation Failure)
[8.337s][info ][gc,task        ] GC(2934) Using 8 workers of 8 for evacuation
[8.338s][debug][gc,age         ] GC(2934) Desired survivor size 1114112 bytes, new threshold 1 (max threshold 6)
[8.338s][info ][gc,heap        ] GC(2934) ParNew: 18672K->1967K(19648K)
[8.338s][info ][gc,heap        ] GC(2934) CMS: 39479K->40261K(43712K)
[8.338s][info ][gc,metaspace   ] GC(2934) Metaspace: 5340K->5340K(1056768K)
[8.338s][info ][gc             ] GC(2934) Pause Young (Allocation Failure) 56M->41M(61M) 1.032ms
[8.338s][info ][gc,cpu         ] GC(2934) User=0.01s Sys=0.00s Real=0.00s
[8.339s][info ][gc,start       ] GC(2935) Pause Young (Allocation Failure)
[8.339s][info ][gc,task        ] GC(2935) Using 8 workers of 8 for evacuation
[8.340s][debug][gc,age         ] GC(2935) Desired survivor size 1114112 bytes, new threshold 1 (max threshold 6)
[8.340s][info ][gc,heap        ] GC(2935) ParNew: 19439K->1576K(19648K)
[8.340s][info ][gc,heap        ] GC(2935) CMS: 40261K->40262K(43712K)
[8.340s][info ][gc,metaspace   ] GC(2935) Metaspace: 5340K->5340K(1056768K)
[8.340s][info ][gc             ] GC(2935) Pause Young (Allocation Failure) 58M->40M(61M) 0.409ms
[8.340s][info ][gc,cpu         ] GC(2935) User=0.01s Sys=0.00s Real=0.00s
[8.341s][info ][gc,start       ] GC(2936) Pause Young (Allocation Failure)
[8.341s][info ][gc,task        ] GC(2936) Using 8 workers of 8 for evacuation
[8.341s][debug][gc,age         ] GC(2936) Desired survivor size 1114112 bytes, new threshold 1 (max threshold 6)
[8.342s][info ][gc,heap        ] GC(2936) ParNew: 19042K->1576K(19648K)
[8.342s][info ][gc,heap        ] GC(2936) CMS: 40262K->40262K(43712K)
[8.342s][info ][gc,metaspace   ] GC(2936) Metaspace: 5340K->5340K(1056768K)
[8.342s][info ][gc             ] GC(2936) Pause Young (Allocation Failure) 57M->40M(61M) 0.656ms
[8.342s][info ][gc,cpu         ] GC(2936) User=0.00s Sys=0.00s Real=0.00s
[8.343s][info ][gc,start       ] GC(2937) Pause Young (Allocation Failure)
[8.343s][info ][gc,task        ] GC(2937) Using 8 workers of 8 for evacuation
[8.344s][debug][gc,age         ] GC(2937) Desired survivor size 1114112 bytes, new threshold 1 (max threshold 6)
[8.344s][info ][gc,heap        ] GC(2937) ParNew: 18844K->1965K(19648K)
[8.344s][info ][gc,heap        ] GC(2937) CMS: 40262K->41434K(43712K)
[8.344s][info ][gc,metaspace   ] GC(2937) Metaspace: 5340K->5340K(1056768K)
[8.344s][info ][gc             ] GC(2937) Pause Young (Allocation Failure) 57M->42M(61M) 1.291ms
[8.344s][info ][gc,cpu         ] GC(2937) User=0.00s Sys=0.00s Real=0.00s
[8.346s][info ][gc,start       ] GC(2938) Pause Young (Allocation Failure)
[8.346s][info ][gc,task        ] GC(2938) Using 8 workers of 8 for evacuation
[8.347s][debug][gc,age         ] GC(2938) Desired survivor size 1114112 bytes, new threshold 6 (max threshold 6)
[8.347s][info ][gc,heap        ] GC(2938) ParNew: 19138K->787K(19648K)
[8.347s][info ][gc,heap        ] GC(2938) CMS: 41434K->41826K(43712K)
[8.347s][info ][gc,metaspace   ] GC(2938) Metaspace: 5340K->5340K(1056768K)
[8.347s][info ][gc             ] GC(2938) Pause Young (Allocation Failure) 59M->41M(61M) 1.233ms
[8.347s][info ][gc,cpu         ] GC(2938) User=0.01s Sys=0.00s Real=0.00s
[8.349s][info ][gc,start       ] GC(2939) Pause Young (Allocation Failure)
[8.349s][info ][gc,task        ] GC(2939) Using 8 workers of 8 for evacuation
[8.350s][debug][gc,age         ] GC(2939) Desired survivor size 1114112 bytes, new threshold 2 (max threshold 6)
[8.350s][info ][gc,heap        ] GC(2939) ParNew: 18152K->1181K(19648K)
[8.350s][info ][gc,heap        ] GC(2939) CMS: 41826K->41826K(43712K)
[8.350s][info ][gc,metaspace   ] GC(2939) Metaspace: 5340K->5340K(1056768K)
[8.350s][info ][gc             ] GC(2939) Pause Young (Allocation Failure) 58M->42M(61M) 1.059ms
[8.350s][info ][gc,cpu         ] GC(2939) User=0.00s Sys=0.00s Real=0.00s
[8.351s][info ][gc,start       ] GC(2940) Pause Young (Allocation Failure)
[8.351s][info ][gc,task        ] GC(2940) Using 8 workers of 8 for evacuation
[8.352s][debug][gc,age         ] GC(2940) Desired survivor size 1114112 bytes, new threshold 1 (max threshold 6)
[8.352s][info ][gc,heap        ] GC(2940) ParNew: 18653K->1574K(19648K)
[8.352s][info ][gc,heap        ] GC(2940) CMS: 41826K->42608K(43712K)
[8.352s][info ][gc,metaspace   ] GC(2940) Metaspace: 5340K->5340K(1056768K)
[8.352s][info ][gc             ] GC(2940) Pause Young (Allocation Failure) 59M->43M(61M) 1.220ms
[8.352s][info ][gc,cpu         ] GC(2940) User=0.00s Sys=0.00s Real=0.00s
[8.352s][info ][gc             ] GC(2923) Concurrent Abortable Preclean 36.131ms
[8.352s][info ][gc,cpu         ] GC(2923) User=0.14s Sys=0.01s Real=0.03s
[8.353s][info ][gc,start       ] GC(2923) Pause Remark
[8.353s][debug][gc,phases      ] GC(2923) Rescan (parallel) 0.438ms
[8.353s][debug][gc,phases      ] GC(2923) Reference Processing 0.012ms
[8.353s][debug][gc,phases      ] GC(2923) Weak Processing 0.003ms
[8.353s][debug][gc,phases      ] GC(2923) ClassLoaderData 0.008ms
[8.353s][debug][gc,phases      ] GC(2923) ProtectionDomainCacheTable 0.002ms
[8.353s][debug][gc,phases      ] GC(2923) ResolvedMethodTable 0.006ms
[8.353s][debug][gc,phases      ] GC(2923) Class Unloading 0.174ms
[8.354s][debug][gc,phases      ] GC(2923) Scrub Symbol Table 0.461ms
[8.354s][debug][gc,phases      ] GC(2923) Scrub String Table 0.020ms
[8.354s][info ][gc             ] GC(2923) Pause Remark 44M->44M(61M) 1.199ms
[8.354s][info ][gc,cpu         ] GC(2923) User=0.01s Sys=0.00s Real=0.01s
[8.354s][info ][gc             ] GC(2923) Concurrent Sweep
[8.354s][info ][gc             ] GC(2923) Concurrent Sweep 0.473ms
[8.354s][info ][gc,cpu         ] GC(2923) User=0.00s Sys=0.00s Real=0.00s
[8.354s][info ][gc             ] GC(2923) Concurrent Reset
[8.355s][info ][gc             ] GC(2923) Concurrent Reset 0.037ms
[8.355s][info ][gc,cpu         ] GC(2923) User=0.00s Sys=0.00s Real=0.00s
[8.355s][info ][gc,heap        ] GC(2923) Old: 35568K->8994K(43712K)
[8.355s][info ][gc,start       ] GC(2941) Pause Young (Allocation Failure)
[8.355s][info ][gc,task        ] GC(2941) Using 8 workers of 8 for evacuation
[8.357s][debug][gc,age         ] GC(2941) Desired survivor size 1114112 bytes, new threshold 1 (max threshold 6)
[8.357s][info ][gc,heap        ] GC(2941) ParNew: 19026K->1177K(19648K)
[8.357s][info ][gc,heap        ] GC(2941) CMS: 8994K->10167K(43712K)
[8.357s][info ][gc,metaspace   ] GC(2941) Metaspace: 5340K->5340K(1056768K)
[8.357s][info ][gc             ] GC(2941) Pause Young (Allocation Failure) 27M->11M(61M) 1.275ms
[8.357s][info ][gc,cpu         ] GC(2941) User=0.01s Sys=0.00s Real=0.00s
[8.358s][info ][gc,start       ] GC(2942) Pause Young (Allocation Failure)
[8.358s][info ][gc,task        ] GC(2942) Using 8 workers of 8 for evacuation
[8.358s][debug][gc,age         ] GC(2942) Desired survivor size 1114112 bytes, new threshold 1 (max threshold 6)
[8.358s][info ][gc,heap        ] GC(2942) ParNew: 18479K->1965K(19648K)
[8.358s][info ][gc,heap        ] GC(2942) CMS: 10167K->10558K(43712K)
[8.358s][info ][gc,metaspace   ] GC(2942) Metaspace: 5340K->5340K(1056768K)
[8.358s][info ][gc             ] GC(2942) Pause Young (Allocation Failure) 27M->12M(61M) 0.613ms
[8.358s][info ][gc,cpu         ] GC(2942) User=0.01s Sys=0.00s Real=0.00s
[8.360s][info ][gc,start       ] GC(2943) Pause Young (Allocation Failure)
[8.360s][info ][gc,task        ] GC(2943) Using 8 workers of 8 for evacuation
[8.361s][debug][gc,age         ] GC(2943) Desired survivor size 1114112 bytes, new threshold 1 (max threshold 6)
[8.361s][info ][gc,heap        ] GC(2943) ParNew: 19209K->1965K(19648K)
[8.361s][info ][gc,heap        ] GC(2943) CMS: 10558K->10558K(43712K)
[8.361s][info ][gc,metaspace   ] GC(2943) Metaspace: 5340K->5340K(1056768K)
[8.361s][info ][gc             ] GC(2943) Pause Young (Allocation Failure) 29M->12M(61M) 1.287ms
[8.361s][info ][gc,cpu         ] GC(2943) User=0.01s Sys=0.00s Real=0.00s
[8.362s][info ][gc,start       ] GC(2944) Pause Young (Allocation Failure)
[8.362s][info ][gc,task        ] GC(2944) Using 8 workers of 8 for evacuation
[8.364s][debug][gc,age         ] GC(2944) Desired survivor size 1114112 bytes, new threshold 1 (max threshold 6)
[8.364s][info ][gc,heap        ] GC(2944) ParNew: 19172K->1965K(19648K)
[8.364s][info ][gc,heap        ] GC(2944) CMS: 10558K->11339K(43712K)
[8.364s][info ][gc,metaspace   ] GC(2944) Metaspace: 5340K->5340K(1056768K)
[8.364s][info ][gc             ] GC(2944) Pause Young (Allocation Failure) 29M->12M(61M) 1.250ms
[8.364s][info ][gc,cpu         ] GC(2944) User=0.00s Sys=0.00s Real=0.01s
[8.365s][info ][gc,start       ] GC(2945) Pause Young (Allocation Failure)
[8.365s][info ][gc,task        ] GC(2945) Using 8 workers of 8 for evacuation
[8.367s][debug][gc,age         ] GC(2945) Desired survivor size 1114112 bytes, new threshold 1 (max threshold 6)
[8.367s][info ][gc,heap        ] GC(2945) ParNew: 19148K->1967K(19648K)
[8.367s][info ][gc,heap        ] GC(2945) CMS: 11339K->12121K(43712K)
[8.367s][info ][gc,metaspace   ] GC(2945) Metaspace: 5340K->5340K(1056768K)
[8.367s][info ][gc             ] GC(2945) Pause Young (Allocation Failure) 29M->13M(61M) 2.077ms
[8.367s][info ][gc,cpu         ] GC(2945) User=0.01s Sys=0.00s Real=0.00s
[8.368s][info ][gc,start       ] GC(2946) Pause Young (Allocation Failure)
[8.368s][info ][gc,task        ] GC(2946) Using 8 workers of 8 for evacuation
[8.369s][debug][gc,age         ] GC(2946) Desired survivor size 1114112 bytes, new threshold 1 (max threshold 6)
[8.369s][info ][gc,heap        ] GC(2946) ParNew: 19135K->1967K(19648K)
[8.369s][info ][gc,heap        ] GC(2946) CMS: 12121K->12902K(43712K)
[8.369s][info ][gc,metaspace   ] GC(2946) Metaspace: 5340K->5340K(1056768K)
[8.369s][info ][gc             ] GC(2946) Pause Young (Allocation Failure) 30M->14M(61M) 0.518ms
[8.369s][info ][gc,cpu         ] GC(2946) User=0.00s Sys=0.00s Real=0.00s
[8.370s][info ][gc,start       ] GC(2947) Pause Young (Allocation Failure)
[8.370s][info ][gc,task        ] GC(2947) Using 8 workers of 8 for evacuation
[8.371s][debug][gc,age         ] GC(2947) Desired survivor size 1114112 bytes, new threshold 1 (max threshold 6)
[8.371s][info ][gc,heap        ] GC(2947) ParNew: 19125K->1969K(19648K)
[8.371s][info ][gc,heap        ] GC(2947) CMS: 12902K->12902K(43712K)
[8.371s][info ][gc,metaspace   ] GC(2947) Metaspace: 5340K->5340K(1056768K)
[8.371s][info ][gc             ] GC(2947) Pause Young (Allocation Failure) 31M->14M(61M) 0.412ms
[8.371s][info ][gc,cpu         ] GC(2947) User=0.00s Sys=0.00s Real=0.00s
[8.372s][info ][gc,start       ] GC(2948) Pause Young (Allocation Failure)
[8.372s][info ][gc,task        ] GC(2948) Using 8 workers of 8 for evacuation
[8.372s][debug][gc,age         ] GC(2948) Desired survivor size 1114112 bytes, new threshold 1 (max threshold 6)
[8.372s][info ][gc,heap        ] GC(2948) ParNew: 19121K->1969K(19648K)
[8.372s][info ][gc,heap        ] GC(2948) CMS: 12902K->12902K(43712K)
[8.372s][info ][gc,metaspace   ] GC(2948) Metaspace: 5340K->5340K(1056768K)
[8.372s][info ][gc             ] GC(2948) Pause Young (Allocation Failure) 31M->14M(61M) 0.418ms
[8.373s][info ][gc,cpu         ] GC(2948) User=0.00s Sys=0.00s Real=0.00s
[8.374s][info ][gc,start       ] GC(2949) Pause Young (Allocation Failure)
[8.374s][info ][gc,task        ] GC(2949) Using 8 workers of 8 for evacuation
[8.374s][debug][gc,age         ] GC(2949) Desired survivor size 1114112 bytes, new threshold 1 (max threshold 6)
[8.374s][info ][gc,heap        ] GC(2949) ParNew: 19117K->1965K(19648K)
[8.374s][info ][gc,heap        ] GC(2949) CMS: 12902K->12902K(43712K)
[8.374s][info ][gc,metaspace   ] GC(2949) Metaspace: 5340K->5340K(1056768K)
[8.374s][info ][gc             ] GC(2949) Pause Young (Allocation Failure) 31M->14M(61M) 0.526ms
[8.374s][info ][gc,cpu         ] GC(2949) User=0.00s Sys=0.00s Real=0.00s
[8.376s][info ][gc,start       ] GC(2950) Pause Young (Allocation Failure)
[8.376s][info ][gc,task        ] GC(2950) Using 8 workers of 8 for evacuation
[8.377s][debug][gc,age         ] GC(2950) Desired survivor size 1114112 bytes, new threshold 1 (max threshold 6)
[8.377s][info ][gc,heap        ] GC(2950) ParNew: 19110K->1961K(19648K)
[8.377s][info ][gc,heap        ] GC(2950) CMS: 12902K->12902K(43712K)
[8.377s][info ][gc,metaspace   ] GC(2950) Metaspace: 5340K->5340K(1056768K)
[8.377s][info ][gc             ] GC(2950) Pause Young (Allocation Failure) 31M->14M(61M) 1.158ms
[8.377s][info ][gc,cpu         ] GC(2950) User=0.00s Sys=0.00s Real=0.00s
[8.378s][info ][gc,start       ] GC(2951) Pause Young (Allocation Failure)
[8.378s][info ][gc,task        ] GC(2951) Using 8 workers of 8 for evacuation
[8.379s][debug][gc,age         ] GC(2951) Desired survivor size 1114112 bytes, new threshold 1 (max threshold 6)
[8.379s][info ][gc,heap        ] GC(2951) ParNew: 19433K->1965K(19648K)
[8.379s][info ][gc,heap        ] GC(2951) CMS: 12902K->13293K(43712K)
[8.379s][info ][gc,metaspace   ] GC(2951) Metaspace: 5340K->5340K(1056768K)
[8.379s][info ][gc             ] GC(2951) Pause Young (Allocation Failure) 31M->14M(61M) 0.692ms
[8.379s][info ][gc,cpu         ] GC(2951) User=0.00s Sys=0.00s Real=0.00s
[8.381s][info ][gc,start       ] GC(2952) Pause Young (Allocation Failure)
[8.381s][info ][gc,task        ] GC(2952) Using 8 workers of 8 for evacuation
[8.382s][debug][gc,age         ] GC(2952) Desired survivor size 1114112 bytes, new threshold 1 (max threshold 6)
[8.382s][info ][gc,heap        ] GC(2952) ParNew: 19334K->1179K(19648K)
[8.382s][info ][gc,heap        ] GC(2952) CMS: 13293K->14466K(43712K)
[8.382s][info ][gc,metaspace   ] GC(2952) Metaspace: 5340K->5340K(1056768K)
[8.382s][info ][gc             ] GC(2952) Pause Young (Allocation Failure) 31M->15M(61M) 1.381ms
[8.382s][info ][gc,cpu         ] GC(2952) User=0.00s Sys=0.00s Real=0.00s
[8.383s][info ][gc,start       ] GC(2953) Pause Young (Allocation Failure)
[8.383s][info ][gc,task        ] GC(2953) Using 8 workers of 8 for evacuation
[8.384s][debug][gc,age         ] GC(2953) Desired survivor size 1114112 bytes, new threshold 1 (max threshold 6)
[8.384s][info ][gc,heap        ] GC(2953) ParNew: 18590K->1177K(19648K)
[8.384s][info ][gc,heap        ] GC(2953) CMS: 14466K->14857K(43712K)
[8.384s][info ][gc,metaspace   ] GC(2953) Metaspace: 5340K->5340K(1056768K)
[8.384s][info ][gc             ] GC(2953) Pause Young (Allocation Failure) 32M->15M(61M) 1.084ms
[8.385s][info ][gc,cpu         ] GC(2953) User=0.00s Sys=0.00s Real=0.00s
[8.386s][info ][gc,start       ] GC(2954) Pause Young (Allocation Failure)
[8.386s][info ][gc,task        ] GC(2954) Using 8 workers of 8 for evacuation
[8.387s][debug][gc,age         ] GC(2954) Desired survivor size 1114112 bytes, new threshold 1 (max threshold 6)
[8.387s][info ][gc,heap        ] GC(2954) ParNew: 18649K->1967K(19648K)
[8.387s][info ][gc,heap        ] GC(2954) CMS: 14857K->14857K(43712K)
[8.387s][info ][gc,metaspace   ] GC(2954) Metaspace: 5340K->5340K(1056768K)
[8.387s][info ][gc             ] GC(2954) Pause Young (Allocation Failure) 32M->16M(61M) 0.440ms
[8.387s][info ][gc,cpu         ] GC(2954) User=0.01s Sys=0.00s Real=0.00s
[8.388s][info ][gc,start       ] GC(2955) Pause Young (Allocation Failure)
[8.388s][info ][gc,task        ] GC(2955) Using 8 workers of 8 for evacuation
[8.389s][debug][gc,age         ] GC(2955) Desired survivor size 1114112 bytes, new threshold 1 (max threshold 6)
[8.389s][info ][gc,heap        ] GC(2955) ParNew: 19226K->1965K(19648K)
[8.389s][info ][gc,heap        ] GC(2955) CMS: 14857K->15639K(43712K)
[8.389s][info ][gc,metaspace   ] GC(2955) Metaspace: 5340K->5340K(1056768K)
[8.389s][info ][gc             ] GC(2955) Pause Young (Allocation Failure) 33M->17M(61M) 1.164ms
[8.389s][info ][gc,cpu         ] GC(2955) User=0.01s Sys=0.00s Real=0.00s
[8.391s][info ][gc,start       ] GC(2956) Pause Young (Allocation Failure)
[8.391s][info ][gc,task        ] GC(2956) Using 8 workers of 8 for evacuation
[8.392s][debug][gc,age         ] GC(2956) Desired survivor size 1114112 bytes, new threshold 1 (max threshold 6)
[8.392s][info ][gc,heap        ] GC(2956) ParNew: 19182K->1961K(19648K)
[8.392s][info ][gc,heap        ] GC(2956) CMS: 15639K->16421K(43712K)
[8.392s][info ][gc,metaspace   ] GC(2956) Metaspace: 5340K->5340K(1056768K)
[8.392s][info ][gc             ] GC(2956) Pause Young (Allocation Failure) 34M->17M(61M) 1.078ms
[8.392s][info ][gc,cpu         ] GC(2956) User=0.01s Sys=0.00s Real=0.00s
[8.393s][info ][gc,start       ] GC(2957) Pause Young (Allocation Failure)
[8.393s][info ][gc,task        ] GC(2957) Using 8 workers of 8 for evacuation
[8.393s][debug][gc,age         ] GC(2957) Desired survivor size 1114112 bytes, new threshold 6 (max threshold 6)
[8.393s][info ][gc,heap        ] GC(2957) ParNew: 19412K->10K(19648K)
[8.393s][info ][gc,heap        ] GC(2957) CMS: 16421K->16812K(43712K)
[8.393s][info ][gc,metaspace   ] GC(2957) Metaspace: 5340K->5340K(1056768K)
[8.394s][info ][gc             ] GC(2957) Pause Young (Allocation Failure) 34M->16M(61M) 0.383ms
[8.394s][info ][gc,cpu         ] GC(2957) User=0.00s Sys=0.00s Real=0.00s
[8.395s][info ][gc,start       ] GC(2958) Pause Young (Allocation Failure)
[8.395s][info ][gc,task        ] GC(2958) Using 8 workers of 8 for evacuation
[8.395s][debug][gc,age         ] GC(2958) Desired survivor size 1114112 bytes, new threshold 1 (max threshold 6)
[8.395s][info ][gc,heap        ] GC(2958) ParNew: 17181K->1969K(19648K)
[8.395s][info ][gc,heap        ] GC(2958) CMS: 16812K->17203K(43712K)
[8.395s][info ][gc,metaspace   ] GC(2958) Metaspace: 5340K->5340K(1056768K)
[8.395s][info ][gc             ] GC(2958) Pause Young (Allocation Failure) 33M->18M(61M) 0.415ms
[8.395s][info ][gc,cpu         ] GC(2958) User=0.00s Sys=0.00s Real=0.00s
[8.397s][info ][gc,start       ] GC(2959) Pause Young (Allocation Failure)
[8.397s][info ][gc,task        ] GC(2959) Using 8 workers of 8 for evacuation
[8.397s][debug][gc,age         ] GC(2959) Desired survivor size 1114112 bytes, new threshold 1 (max threshold 6)
